2024-12-31 08:58:20 [main] INFO  lt.insoft.uztis.tests.UztisPageTest - Navigated to https://uztisdev.asseco.lt/home
2024-12-31 08:58:20 [main] INFO  lt.insoft.uztis.tests.InvitationsPageTest - Starting test:'testNavigateToInvitationPageTest'
2024-12-31 08:58:20 [main] DEBUG lt.insoft.uztis.tests.InvitationsPageTest - Opened 'Application Processing' menu.
2024-12-31 08:58:20 [main] DEBUG lt.insoft.uztis.tests.InvitationsPageTest - Clicked on 'Invitation' menu.
2024-12-31 08:58:21 [main] DEBUG lt.insoft.uztis.tests.InvitationsPageTest - Fetched label text: Kvietimai teikti paraiškas
2024-12-31 08:58:21 [main] INFO  lt.insoft.uztis.tests.InvitationsPageTest - 'goToInvitationPageTest' completed. Label is: Kvietimai teikti paraiškas
2024-12-31 08:58:21 [main] INFO  lt.insoft.uztis.tests.InvitationsPageTest - Test 'testNavigateToInvitationPageTest' completed successfully.
2024-12-31 08:58:40 [main] INFO  lt.insoft.uztis.tests.UztisPageTest - Navigated to https://uztisdev.asseco.lt/home
2024-12-31 08:58:40 [main] INFO  lt.insoft.uztis.tests.InvitationsPageTest - Starting test:'testNavigateToInvitationPageTest'
2024-12-31 08:58:40 [main] DEBUG lt.insoft.uztis.tests.InvitationsPageTest - Opened 'Application Processing' menu.
2024-12-31 08:58:40 [main] DEBUG lt.insoft.uztis.tests.InvitationsPageTest - Clicked on 'Invitation' menu.
2024-12-31 08:58:40 [main] DEBUG lt.insoft.uztis.tests.InvitationsPageTest - Fetched label text: Kvietimai teikti paraiškas
2024-12-31 08:58:40 [main] INFO  lt.insoft.uztis.tests.InvitationsPageTest - 'goToInvitationPageTest' completed. Label is: Kvietimai teikti paraiškas
2024-12-31 08:58:40 [main] INFO  lt.insoft.uztis.tests.InvitationsPageTest - Test 'testNavigateToInvitationPageTest' completed successfully.
2024-12-31 09:03:57 [main] INFO  lt.insoft.uztis.tests.UztisPageTest - Navigated to https://uztisdev.asseco.lt/home
2024-12-31 09:03:57 [main] INFO  l.i.uztis.tests.InvitationsPageTest - Starting test:'testNavigateToInvitationPageTest'
2024-12-31 09:03:57 [main] DEBUG l.i.uztis.tests.InvitationsPageTest - Opened 'Application Processing' menu.
2024-12-31 09:03:57 [main] DEBUG l.i.uztis.tests.InvitationsPageTest - Clicked on 'Invitation' menu.
2024-12-31 09:03:57 [main] DEBUG l.i.uztis.tests.InvitationsPageTest - Fetched label text: Kvietimai teikti paraiškas
2024-12-31 09:03:57 [main] INFO  l.i.uztis.tests.InvitationsPageTest - 'goToInvitationPageTest' completed. Label is: Kvietimai teikti paraiškas
2024-12-31 09:03:57 [main] INFO  l.i.uztis.tests.InvitationsPageTest - Test 'testNavigateToInvitationPageTest' completed successfully.
2024-12-31 10:38:37 [main] INFO  lt.insoft.uztis.tests.UztisPageTest - Navigated to https://uztisdev.asseco.lt/home
2024-12-31 10:38:37 [main] INFO  l.i.uztis.tests.InvitationsPageTest - Starting test:'testCreateNewVuiInvitationDraft'
2024-12-31 10:38:37 [main] DEBUG l.i.uztis.tests.InvitationsPageTest - Opened 'Application Processing' menu.
2024-12-31 10:38:38 [main] DEBUG l.i.uztis.tests.InvitationsPageTest - Clicked on 'Application Forms' menu.
2024-12-31 10:38:38 [main] DEBUG l.i.uztis.tests.InvitationsPageTest - Retrieved last description code text: 'TST-38'.
2024-12-31 10:38:38 [main] DEBUG l.i.uztis.tests.InvitationsPageTest - Clicked on 'Invitation' menu.
2024-12-31 10:38:38 [main] DEBUG l.i.uztis.tests.InvitationsPageTest - Clicked 'Create New Application Form'.
2024-12-31 10:38:39 [main] DEBUG l.i.uztis.tests.InvitationsPageTest - Selected section by code: 'TST-38'.
2024-12-31 10:38:39 [main] DEBUG l.i.uztis.tests.InvitationsPageTest - Selected invitation number from the list.
2024-12-31 10:38:40 [main] DEBUG l.i.uztis.tests.InvitationsPageTest - Entered current date.
2024-12-31 10:38:40 [main] DEBUG l.i.uztis.tests.InvitationsPageTest - Entered start time: 00:00.
2024-12-31 10:38:40 [main] DEBUG l.i.uztis.tests.InvitationsPageTest - Entered end date.
2024-12-31 10:38:41 [main] DEBUG l.i.uztis.tests.InvitationsPageTest - Entered end time: 11:11.
2024-12-31 10:38:41 [main] DEBUG l.i.uztis.tests.InvitationsPageTest - Draft saved.
2024-12-31 10:38:41 [main] INFO  l.i.uztis.tests.InvitationsPageTest - Verified success message: 'Duomenys sėkmingai išsaugoti.'
2024-12-31 10:38:41 [main] INFO  l.i.uztis.tests.InvitationsPageTest - Test 'testCreateNewVuiInvitationDraft' completed successfully.
2024-12-31 10:43:07 [main] INFO  lt.insoft.uztis.tests.UztisPageTest - Navigated to https://uztisdev.asseco.lt/home
2024-12-31 10:43:07 [main] INFO  l.insoft.uztis.tests.ScreenshotTest - Navigated to https://uztisdev.asseco.lt/home
2024-12-31 10:43:07 [main] DEBUG l.insoft.uztis.tests.ScreenshotTest - Screenshot created on C:\Users\INGRID~1.ZAD\AppData\Local\Temp\screenshot5972079734852810052.png
2024-12-31 10:43:07 [main] DEBUG l.insoft.uztis.tests.ScreenshotTest - Screenshot moved to screenshot.png
2024-12-31 10:45:18 [main] INFO  lt.insoft.uztis.tests.UztisPageTest - Navigated to https://uztisdev.asseco.lt/home
2024-12-31 10:45:19 [main] INFO  l.insoft.uztis.tests.utils.TestUtils - Screenshot moved to C:\Users\ingrida.zadorozniene\Desktop\Asm\automatinis\IngridaZ_egzaminas\test-output\screenshots\20241231\104519197_testScreenshotWithUtilClass.png
2024-12-31 11:00:54 [main] INFO  lt.insoft.uztis.tests.UztisPageTest - Navigated to https://uztisdev.asseco.lt/home
2024-12-31 11:00:54 [main] INFO  l.i.uztis.tests.InvitationsPageTest - Starting test:'testNavigateToInvitationPageTest'
2024-12-31 11:00:54 [main] DEBUG l.i.uztis.tests.InvitationsPageTest - Opened 'Application Processing' menu.
2024-12-31 11:00:54 [main] DEBUG l.i.uztis.tests.InvitationsPageTest - Clicked on 'Invitation' menu.
2024-12-31 11:00:55 [main] DEBUG l.i.uztis.tests.InvitationsPageTest - Fetched label text: Kvietimai teikti paraiškas
2024-12-31 11:00:55 [main] INFO  l.i.uztis.tests.InvitationsPageTest - 'goToInvitationPageTest' completed. Label is: Kvietimai teikti paraiškas
2024-12-31 11:00:55 [main] INFO  l.insoft.uztis.tests.utils.TestUtils - Screenshot moved to C:\Users\ingrida.zadorozniene\Desktop\Asm\automatinis\IngridaZ_egzaminas\test-output\screenshots\20241231\110055299_testNavigateToInvitationPageTest.png
2024-12-31 11:00:55 [main] INFO  l.i.uztis.tests.InvitationsPageTest - Test 'testNavigateToInvitationPageTest' completed successfully.
2024-12-31 11:29:22 [main] INFO  lt.insoft.uztis.tests.UztisPageTest - Navigated to https://uztisdev.asseco.lt/home
2024-12-31 11:29:22 [main] INFO  l.i.uztis.tests.InvitationsPageTest - Starting test:'testCreateNewVuiInvitationDraft'
2024-12-31 11:29:22 [main] DEBUG l.i.uztis.tests.InvitationsPageTest - Opened 'Application Processing' menu.
2024-12-31 11:29:22 [main] DEBUG l.i.uztis.tests.InvitationsPageTest - Clicked on 'Application Forms' menu.
2024-12-31 11:29:23 [main] DEBUG l.i.uztis.tests.InvitationsPageTest - Retrieved last description code text: 'TST-38'.
2024-12-31 11:29:23 [main] DEBUG l.i.uztis.tests.InvitationsPageTest - Clicked on 'Invitation' menu.
2024-12-31 11:29:23 [main] DEBUG l.i.uztis.tests.InvitationsPageTest - Clicked 'Create New Application Form'.
2024-12-31 11:29:23 [main] DEBUG l.i.uztis.tests.InvitationsPageTest - Selected section by code: 'TST-38'.
2024-12-31 11:29:24 [main] DEBUG l.i.uztis.tests.InvitationsPageTest - Selected invitation number from the list.
2024-12-31 11:29:24 [main] DEBUG l.i.uztis.tests.InvitationsPageTest - Entered current date.
2024-12-31 11:29:25 [main] DEBUG l.i.uztis.tests.InvitationsPageTest - Entered start time: 00:00.
2024-12-31 11:29:25 [main] DEBUG l.i.uztis.tests.InvitationsPageTest - Entered end date.
2024-12-31 11:29:25 [main] DEBUG l.i.uztis.tests.InvitationsPageTest - Entered end time: 11:11.
2024-12-31 11:29:25 [main] DEBUG l.i.uztis.tests.InvitationsPageTest - Draft saved.
2024-12-31 11:29:26 [main] INFO  l.insoft.uztis.tests.utils.TestUtils - Screenshot moved to C:\Users\ingrida.zadorozniene\Desktop\Asm\automatinis\IngridaZ_egzaminas\test-output\screenshots\20241231\112926092_testCreateNewVuiInvitationDraft().png
2024-12-31 11:38:35 [main] INFO  lt.insoft.uztis.tests.UztisPageTest - Navigated to https://uztisdev.asseco.lt/home
2024-12-31 11:38:35 [main] INFO  l.i.uztis.tests.InvitationsPageTest - Starting test:'testCreateNewVuiInvitationDraft'
2024-12-31 11:38:35 [main] DEBUG l.i.uztis.tests.InvitationsPageTest - Opened 'Application Processing' menu.
2024-12-31 11:38:35 [main] DEBUG l.i.uztis.tests.InvitationsPageTest - Clicked on 'Application Forms' menu.
2024-12-31 11:38:36 [main] DEBUG l.i.uztis.tests.InvitationsPageTest - Retrieved last description code text: 'TST-38'.
2024-12-31 11:38:36 [main] DEBUG l.i.uztis.tests.InvitationsPageTest - Clicked on 'Invitation' menu.
2024-12-31 11:38:36 [main] DEBUG l.i.uztis.tests.InvitationsPageTest - Clicked 'Create New Application Form'.
2024-12-31 11:38:36 [main] DEBUG l.i.uztis.tests.InvitationsPageTest - Selected section by code: 'TST-38'.
2024-12-31 11:38:38 [main] DEBUG l.i.uztis.tests.InvitationsPageTest - Selected invitation number from the list.
2024-12-31 11:38:38 [main] DEBUG l.i.uztis.tests.InvitationsPageTest - Entered current date.
2024-12-31 11:38:38 [main] DEBUG l.i.uztis.tests.InvitationsPageTest - Entered start time: 00:00.
2024-12-31 11:38:38 [main] DEBUG l.i.uztis.tests.InvitationsPageTest - Entered end date.
2024-12-31 11:38:39 [main] DEBUG l.i.uztis.tests.InvitationsPageTest - Entered end time: 11:11.
2024-12-31 11:38:39 [main] DEBUG l.i.uztis.tests.InvitationsPageTest - Draft saved.
2024-12-31 11:38:39 [main] INFO  l.insoft.uztis.tests.utils.TestUtils - Screenshot moved to C:\Users\ingrida.zadorozniene\Desktop\Asm\automatinis\IngridaZ_egzaminas\test-output\screenshots\20241231\113839545_testCreateNewVuiInvitationDraft().png
2024-12-31 11:44:14 [main] INFO  lt.insoft.uztis.tests.UztisPageTest - Navigated to https://uztisdev.asseco.lt/home
2024-12-31 11:44:14 [main] INFO  l.i.uztis.tests.InvitationsPageTest - Starting test:'testCreateNewVuiInvitationDraft'
2024-12-31 11:44:14 [main] DEBUG l.i.uztis.tests.InvitationsPageTest - Opened 'Application Processing' menu.
2024-12-31 11:44:14 [main] DEBUG l.i.uztis.tests.InvitationsPageTest - Clicked on 'Application Forms' menu.
2024-12-31 11:44:14 [main] DEBUG l.i.uztis.tests.InvitationsPageTest - Retrieved last description code text: 'TST-38'.
2024-12-31 11:44:15 [main] DEBUG l.i.uztis.tests.InvitationsPageTest - Clicked on 'Invitation' menu.
2024-12-31 11:44:15 [main] DEBUG l.i.uztis.tests.InvitationsPageTest - Clicked 'Create New Application Form'.
2024-12-31 11:44:15 [main] DEBUG l.i.uztis.tests.InvitationsPageTest - Selected section by code: 'TST-38'.
2024-12-31 11:44:16 [main] DEBUG l.i.uztis.tests.InvitationsPageTest - Selected invitation number from the list.
2024-12-31 11:44:17 [main] DEBUG l.i.uztis.tests.InvitationsPageTest - Entered current date.
2024-12-31 11:44:17 [main] DEBUG l.i.uztis.tests.InvitationsPageTest - Entered start time: 00:00.
2024-12-31 11:44:17 [main] DEBUG l.i.uztis.tests.InvitationsPageTest - Entered end date.
2024-12-31 11:44:18 [main] DEBUG l.i.uztis.tests.InvitationsPageTest - Entered end time: 11:11.
2024-12-31 11:44:18 [main] DEBUG l.i.uztis.tests.InvitationsPageTest - Draft saved.
2024-12-31 11:44:18 [main] ERROR l.i.uztis.tests.InvitationsPageTest - Test 'testCreateNewVuiInvitationDraft' failed with error: Unexpected success message. ==> expected: <Duomenys sėkmingai išsaugoti.> but was: <Jau yra sukurta paraiška su atitinkamu atrankos Nr.>
org.opentest4j.AssertionFailedError: Unexpected success message. ==> expected: <Duomenys sėkmingai išsaugoti.> but was: <Jau yra sukurta paraiška su atitinkamu atrankos Nr.>
	at org.junit.jupiter.api.AssertionFailureBuilder.build(AssertionFailureBuilder.java:151)
	at org.junit.jupiter.api.AssertionFailureBuilder.buildAndThrow(AssertionFailureBuilder.java:132)
	at org.junit.jupiter.api.AssertEquals.failNotEqual(AssertEquals.java:197)
	at org.junit.jupiter.api.AssertEquals.assertEquals(AssertEquals.java:182)
	at org.junit.jupiter.api.Assertions.assertEquals(Assertions.java:1152)
	at lt.insoft.uztis.tests.InvitationsPageTest.verifySuccessMessage(InvitationsPageTest.java:39)
	at lt.insoft.uztis.tests.InvitationsPageTest.testCreateNewVuiInvitationDraft(InvitationsPageTest.java:112)
	at java.base/jdk.internal.reflect.DirectMethodHandleAccessor.invoke(DirectMethodHandleAccessor.java:103)
	at java.base/java.lang.reflect.Method.invoke(Method.java:580)
	at org.junit.platform.commons.util.ReflectionUtils.invokeMethod(ReflectionUtils.java:728)
	at org.junit.jupiter.engine.execution.MethodInvocation.proceed(MethodInvocation.java:60)
	at org.junit.jupiter.engine.execution.InvocationInterceptorChain$ValidatingInvocation.proceed(InvocationInterceptorChain.java:131)
	at org.junit.jupiter.engine.extension.TimeoutExtension.intercept(TimeoutExtension.java:156)
	at org.junit.jupiter.engine.extension.TimeoutExtension.interceptTestableMethod(TimeoutExtension.java:147)
	at org.junit.jupiter.engine.extension.TimeoutExtension.interceptTestMethod(TimeoutExtension.java:86)
	at org.junit.jupiter.engine.execution.InterceptingExecutableInvoker$ReflectiveInterceptorCall.lambda$ofVoidMethod$0(InterceptingExecutableInvoker.java:103)
	at org.junit.jupiter.engine.execution.InterceptingExecutableInvoker.lambda$invoke$0(InterceptingExecutableInvoker.java:93)
	at org.junit.jupiter.engine.execution.InvocationInterceptorChain$InterceptedInvocation.proceed(InvocationInterceptorChain.java:106)
	at org.junit.jupiter.engine.execution.InvocationInterceptorChain.proceed(InvocationInterceptorChain.java:64)
	at org.junit.jupiter.engine.execution.InvocationInterceptorChain.chainAndInvoke(InvocationInterceptorChain.java:45)
	at org.junit.jupiter.engine.execution.InvocationInterceptorChain.invoke(InvocationInterceptorChain.java:37)
	at org.junit.jupiter.engine.execution.InterceptingExecutableInvoker.invoke(InterceptingExecutableInvoker.java:92)
	at org.junit.jupiter.engine.execution.InterceptingExecutableInvoker.invoke(InterceptingExecutableInvoker.java:86)
	at org.junit.jupiter.engine.descriptor.TestMethodTestDescriptor.lambda$invokeTestMethod$7(TestMethodTestDescriptor.java:218)
	at org.junit.platform.engine.support.hierarchical.ThrowableCollector.execute(ThrowableCollector.java:73)
	at org.junit.jupiter.engine.descriptor.TestMethodTestDescriptor.invokeTestMethod(TestMethodTestDescriptor.java:214)
	at org.junit.jupiter.engine.descriptor.TestMethodTestDescriptor.execute(TestMethodTestDescriptor.java:139)
	at org.junit.jupiter.engine.descriptor.TestMethodTestDescriptor.execute(TestMethodTestDescriptor.java:69)
	at org.junit.platform.engine.support.hierarchical.NodeTestTask.lambda$executeRecursively$6(NodeTestTask.java:151)
	at org.junit.platform.engine.support.hierarchical.ThrowableCollector.execute(ThrowableCollector.java:73)
	at org.junit.platform.engine.support.hierarchical.NodeTestTask.lambda$executeRecursively$8(NodeTestTask.java:141)
	at org.junit.platform.engine.support.hierarchical.Node.around(Node.java:137)
	at org.junit.platform.engine.support.hierarchical.NodeTestTask.lambda$executeRecursively$9(NodeTestTask.java:139)
	at org.junit.platform.engine.support.hierarchical.ThrowableCollector.execute(ThrowableCollector.java:73)
	at org.junit.platform.engine.support.hierarchical.NodeTestTask.executeRecursively(NodeTestTask.java:138)
	at org.junit.platform.engine.support.hierarchical.NodeTestTask.execute(NodeTestTask.java:95)
	at java.base/java.util.ArrayList.forEach(ArrayList.java:1596)
	at org.junit.platform.engine.support.hierarchical.SameThreadHierarchicalTestExecutorService.invokeAll(SameThreadHierarchicalTestExecutorService.java:41)
	at org.junit.platform.engine.support.hierarchical.NodeTestTask.lambda$executeRecursively$6(NodeTestTask.java:155)
	at org.junit.platform.engine.support.hierarchical.ThrowableCollector.execute(ThrowableCollector.java:73)
	at org.junit.platform.engine.support.hierarchical.NodeTestTask.lambda$executeRecursively$8(NodeTestTask.java:141)
	at org.junit.platform.engine.support.hierarchical.Node.around(Node.java:137)
	at org.junit.platform.engine.support.hierarchical.NodeTestTask.lambda$executeRecursively$9(NodeTestTask.java:139)
	at org.junit.platform.engine.support.hierarchical.ThrowableCollector.execute(ThrowableCollector.java:73)
	at org.junit.platform.engine.support.hierarchical.NodeTestTask.executeRecursively(NodeTestTask.java:138)
	at org.junit.platform.engine.support.hierarchical.NodeTestTask.execute(NodeTestTask.java:95)
	at java.base/java.util.ArrayList.forEach(ArrayList.java:1596)
	at org.junit.platform.engine.support.hierarchical.SameThreadHierarchicalTestExecutorService.invokeAll(SameThreadHierarchicalTestExecutorService.java:41)
	at org.junit.platform.engine.support.hierarchical.NodeTestTask.lambda$executeRecursively$6(NodeTestTask.java:155)
	at org.junit.platform.engine.support.hierarchical.ThrowableCollector.execute(ThrowableCollector.java:73)
	at org.junit.platform.engine.support.hierarchical.NodeTestTask.lambda$executeRecursively$8(NodeTestTask.java:141)
	at org.junit.platform.engine.support.hierarchical.Node.around(Node.java:137)
	at org.junit.platform.engine.support.hierarchical.NodeTestTask.lambda$executeRecursively$9(NodeTestTask.java:139)
	at org.junit.platform.engine.support.hierarchical.ThrowableCollector.execute(ThrowableCollector.java:73)
	at org.junit.platform.engine.support.hierarchical.NodeTestTask.executeRecursively(NodeTestTask.java:138)
	at org.junit.platform.engine.support.hierarchical.NodeTestTask.execute(NodeTestTask.java:95)
	at org.junit.platform.engine.support.hierarchical.SameThreadHierarchicalTestExecutorService.submit(SameThreadHierarchicalTestExecutorService.java:35)
	at org.junit.platform.engine.support.hierarchical.HierarchicalTestExecutor.execute(HierarchicalTestExecutor.java:57)
	at org.junit.platform.engine.support.hierarchical.HierarchicalTestEngine.execute(HierarchicalTestEngine.java:54)
	at org.junit.platform.launcher.core.EngineExecutionOrchestrator.execute(EngineExecutionOrchestrator.java:198)
	at org.junit.platform.launcher.core.EngineExecutionOrchestrator.execute(EngineExecutionOrchestrator.java:169)
	at org.junit.platform.launcher.core.EngineExecutionOrchestrator.execute(EngineExecutionOrchestrator.java:93)
	at org.junit.platform.launcher.core.EngineExecutionOrchestrator.lambda$execute$0(EngineExecutionOrchestrator.java:58)
	at org.junit.platform.launcher.core.EngineExecutionOrchestrator.withInterceptedStreams(EngineExecutionOrchestrator.java:141)
	at org.junit.platform.launcher.core.EngineExecutionOrchestrator.execute(EngineExecutionOrchestrator.java:57)
	at org.junit.platform.launcher.core.DefaultLauncher.execute(DefaultLauncher.java:103)
	at org.junit.platform.launcher.core.DefaultLauncher.execute(DefaultLauncher.java:85)
	at org.junit.platform.launcher.core.DelegatingLauncher.execute(DelegatingLauncher.java:47)
	at org.junit.platform.launcher.core.SessionPerRequestLauncher.execute(SessionPerRequestLauncher.java:63)
	at com.intellij.junit5.JUnit5IdeaTestRunner.startRunnerWithArgs(JUnit5IdeaTestRunner.java:57)
	at com.intellij.rt.junit.IdeaTestRunner$Repeater$1.execute(IdeaTestRunner.java:38)
	at com.intellij.rt.execution.junit.TestsRepeater.repeat(TestsRepeater.java:11)
	at com.intellij.rt.junit.IdeaTestRunner$Repeater.startRunnerWithArgs(IdeaTestRunner.java:35)
	at com.intellij.rt.junit.JUnitStarter.prepareStreamsAndStart(JUnitStarter.java:232)
	at com.intellij.rt.junit.JUnitStarter.main(JUnitStarter.java:55)
2024-12-31 11:44:18 [main] INFO  l.insoft.uztis.tests.utils.TestUtils - Screenshot moved to C:\Users\ingrida.zadorozniene\Desktop\Asm\automatinis\IngridaZ_egzaminas\test-output\screenshots\20241231\114418467_testCreateNewVuiInvitationDraft.png
2024-12-31 11:44:18 [main] INFO  l.insoft.uztis.tests.utils.TestUtils - Screenshot moved to C:\Users\ingrida.zadorozniene\Desktop\Asm\automatinis\IngridaZ_egzaminas\test-output\screenshots\20241231\114418611_testCreateNewVuiInvitationDraft().png
2024-12-31 12:22:08 [main] INFO  lt.insoft.uztis.tests.UztisPageTest - Navigated to https://uztisdev.asseco.lt/home
2024-12-31 12:22:08 [main] INFO  l.i.uztis.tests.InvitationsPageTest - Starting test:'testCreateNewVuiInvitationDraft'
2024-12-31 12:22:09 [main] DEBUG l.i.uztis.tests.InvitationsPageTest - Opened 'Application Processing' menu.
2024-12-31 12:22:09 [main] DEBUG l.i.uztis.tests.InvitationsPageTest - Clicked on 'Application Forms' menu.
2024-12-31 12:22:09 [main] DEBUG l.i.uztis.tests.InvitationsPageTest - Retrieved last description code text: 'TST-38'.
2024-12-31 12:22:09 [main] DEBUG l.i.uztis.tests.InvitationsPageTest - Clicked on 'Invitation' menu.
2024-12-31 12:22:09 [main] DEBUG l.i.uztis.tests.InvitationsPageTest - Clicked 'Create New Application Form'.
2024-12-31 12:22:10 [main] DEBUG l.i.uztis.tests.InvitationsPageTest - Selected section by code: 'TST-38'.
2024-12-31 12:22:11 [main] DEBUG l.i.uztis.tests.InvitationsPageTest - Selected invitation number from the list.
2024-12-31 12:22:11 [main] DEBUG l.i.uztis.tests.InvitationsPageTest - Entered current date.
2024-12-31 12:22:11 [main] DEBUG l.i.uztis.tests.InvitationsPageTest - Entered start time: 00:00.
2024-12-31 12:22:11 [main] DEBUG l.i.uztis.tests.InvitationsPageTest - Entered end date.
2024-12-31 12:22:12 [main] DEBUG l.i.uztis.tests.InvitationsPageTest - Entered end time: 11:11.
2024-12-31 12:22:12 [main] DEBUG l.i.uztis.tests.InvitationsPageTest - Draft saved.
2024-12-31 12:22:12 [main] ERROR l.i.uztis.tests.InvitationsPageTest - Test 'testCreateNewVuiInvitationDraft' failed with error: Unexpected success message. ==> expected: <Duomenys sėkmingai išsaugoti.> but was: <Jau yra sukurta paraiška su atitinkamu atrankos Nr.>
org.opentest4j.AssertionFailedError: Unexpected success message. ==> expected: <Duomenys sėkmingai išsaugoti.> but was: <Jau yra sukurta paraiška su atitinkamu atrankos Nr.>
	at org.junit.jupiter.api.AssertionFailureBuilder.build(AssertionFailureBuilder.java:151)
	at org.junit.jupiter.api.AssertionFailureBuilder.buildAndThrow(AssertionFailureBuilder.java:132)
	at org.junit.jupiter.api.AssertEquals.failNotEqual(AssertEquals.java:197)
	at org.junit.jupiter.api.AssertEquals.assertEquals(AssertEquals.java:182)
	at org.junit.jupiter.api.Assertions.assertEquals(Assertions.java:1152)
	at lt.insoft.uztis.tests.InvitationsPageTest.verifySuccessMessage(InvitationsPageTest.java:39)
	at lt.insoft.uztis.tests.InvitationsPageTest.testCreateNewVuiInvitationDraft(InvitationsPageTest.java:112)
	at java.base/jdk.internal.reflect.DirectMethodHandleAccessor.invoke(DirectMethodHandleAccessor.java:103)
	at java.base/java.lang.reflect.Method.invoke(Method.java:580)
	at org.junit.platform.commons.util.ReflectionUtils.invokeMethod(ReflectionUtils.java:728)
	at org.junit.jupiter.engine.execution.MethodInvocation.proceed(MethodInvocation.java:60)
	at org.junit.jupiter.engine.execution.InvocationInterceptorChain$ValidatingInvocation.proceed(InvocationInterceptorChain.java:131)
	at org.junit.jupiter.engine.extension.TimeoutExtension.intercept(TimeoutExtension.java:156)
	at org.junit.jupiter.engine.extension.TimeoutExtension.interceptTestableMethod(TimeoutExtension.java:147)
	at org.junit.jupiter.engine.extension.TimeoutExtension.interceptTestMethod(TimeoutExtension.java:86)
	at org.junit.jupiter.engine.execution.InterceptingExecutableInvoker$ReflectiveInterceptorCall.lambda$ofVoidMethod$0(InterceptingExecutableInvoker.java:103)
	at org.junit.jupiter.engine.execution.InterceptingExecutableInvoker.lambda$invoke$0(InterceptingExecutableInvoker.java:93)
	at org.junit.jupiter.engine.execution.InvocationInterceptorChain$InterceptedInvocation.proceed(InvocationInterceptorChain.java:106)
	at org.junit.jupiter.engine.execution.InvocationInterceptorChain.proceed(InvocationInterceptorChain.java:64)
	at org.junit.jupiter.engine.execution.InvocationInterceptorChain.chainAndInvoke(InvocationInterceptorChain.java:45)
	at org.junit.jupiter.engine.execution.InvocationInterceptorChain.invoke(InvocationInterceptorChain.java:37)
	at org.junit.jupiter.engine.execution.InterceptingExecutableInvoker.invoke(InterceptingExecutableInvoker.java:92)
	at org.junit.jupiter.engine.execution.InterceptingExecutableInvoker.invoke(InterceptingExecutableInvoker.java:86)
	at org.junit.jupiter.engine.descriptor.TestMethodTestDescriptor.lambda$invokeTestMethod$7(TestMethodTestDescriptor.java:218)
	at org.junit.platform.engine.support.hierarchical.ThrowableCollector.execute(ThrowableCollector.java:73)
	at org.junit.jupiter.engine.descriptor.TestMethodTestDescriptor.invokeTestMethod(TestMethodTestDescriptor.java:214)
	at org.junit.jupiter.engine.descriptor.TestMethodTestDescriptor.execute(TestMethodTestDescriptor.java:139)
	at org.junit.jupiter.engine.descriptor.TestMethodTestDescriptor.execute(TestMethodTestDescriptor.java:69)
	at org.junit.platform.engine.support.hierarchical.NodeTestTask.lambda$executeRecursively$6(NodeTestTask.java:151)
	at org.junit.platform.engine.support.hierarchical.ThrowableCollector.execute(ThrowableCollector.java:73)
	at org.junit.platform.engine.support.hierarchical.NodeTestTask.lambda$executeRecursively$8(NodeTestTask.java:141)
	at org.junit.platform.engine.support.hierarchical.Node.around(Node.java:137)
	at org.junit.platform.engine.support.hierarchical.NodeTestTask.lambda$executeRecursively$9(NodeTestTask.java:139)
	at org.junit.platform.engine.support.hierarchical.ThrowableCollector.execute(ThrowableCollector.java:73)
	at org.junit.platform.engine.support.hierarchical.NodeTestTask.executeRecursively(NodeTestTask.java:138)
	at org.junit.platform.engine.support.hierarchical.NodeTestTask.execute(NodeTestTask.java:95)
	at java.base/java.util.ArrayList.forEach(ArrayList.java:1596)
	at org.junit.platform.engine.support.hierarchical.SameThreadHierarchicalTestExecutorService.invokeAll(SameThreadHierarchicalTestExecutorService.java:41)
	at org.junit.platform.engine.support.hierarchical.NodeTestTask.lambda$executeRecursively$6(NodeTestTask.java:155)
	at org.junit.platform.engine.support.hierarchical.ThrowableCollector.execute(ThrowableCollector.java:73)
	at org.junit.platform.engine.support.hierarchical.NodeTestTask.lambda$executeRecursively$8(NodeTestTask.java:141)
	at org.junit.platform.engine.support.hierarchical.Node.around(Node.java:137)
	at org.junit.platform.engine.support.hierarchical.NodeTestTask.lambda$executeRecursively$9(NodeTestTask.java:139)
	at org.junit.platform.engine.support.hierarchical.ThrowableCollector.execute(ThrowableCollector.java:73)
	at org.junit.platform.engine.support.hierarchical.NodeTestTask.executeRecursively(NodeTestTask.java:138)
	at org.junit.platform.engine.support.hierarchical.NodeTestTask.execute(NodeTestTask.java:95)
	at java.base/java.util.ArrayList.forEach(ArrayList.java:1596)
	at org.junit.platform.engine.support.hierarchical.SameThreadHierarchicalTestExecutorService.invokeAll(SameThreadHierarchicalTestExecutorService.java:41)
	at org.junit.platform.engine.support.hierarchical.NodeTestTask.lambda$executeRecursively$6(NodeTestTask.java:155)
	at org.junit.platform.engine.support.hierarchical.ThrowableCollector.execute(ThrowableCollector.java:73)
	at org.junit.platform.engine.support.hierarchical.NodeTestTask.lambda$executeRecursively$8(NodeTestTask.java:141)
	at org.junit.platform.engine.support.hierarchical.Node.around(Node.java:137)
	at org.junit.platform.engine.support.hierarchical.NodeTestTask.lambda$executeRecursively$9(NodeTestTask.java:139)
	at org.junit.platform.engine.support.hierarchical.ThrowableCollector.execute(ThrowableCollector.java:73)
	at org.junit.platform.engine.support.hierarchical.NodeTestTask.executeRecursively(NodeTestTask.java:138)
	at org.junit.platform.engine.support.hierarchical.NodeTestTask.execute(NodeTestTask.java:95)
	at org.junit.platform.engine.support.hierarchical.SameThreadHierarchicalTestExecutorService.submit(SameThreadHierarchicalTestExecutorService.java:35)
	at org.junit.platform.engine.support.hierarchical.HierarchicalTestExecutor.execute(HierarchicalTestExecutor.java:57)
	at org.junit.platform.engine.support.hierarchical.HierarchicalTestEngine.execute(HierarchicalTestEngine.java:54)
	at org.junit.platform.launcher.core.EngineExecutionOrchestrator.execute(EngineExecutionOrchestrator.java:198)
	at org.junit.platform.launcher.core.EngineExecutionOrchestrator.execute(EngineExecutionOrchestrator.java:169)
	at org.junit.platform.launcher.core.EngineExecutionOrchestrator.execute(EngineExecutionOrchestrator.java:93)
	at org.junit.platform.launcher.core.EngineExecutionOrchestrator.lambda$execute$0(EngineExecutionOrchestrator.java:58)
	at org.junit.platform.launcher.core.EngineExecutionOrchestrator.withInterceptedStreams(EngineExecutionOrchestrator.java:141)
	at org.junit.platform.launcher.core.EngineExecutionOrchestrator.execute(EngineExecutionOrchestrator.java:57)
	at org.junit.platform.launcher.core.DefaultLauncher.execute(DefaultLauncher.java:103)
	at org.junit.platform.launcher.core.DefaultLauncher.execute(DefaultLauncher.java:85)
	at org.junit.platform.launcher.core.DelegatingLauncher.execute(DelegatingLauncher.java:47)
	at org.junit.platform.launcher.core.SessionPerRequestLauncher.execute(SessionPerRequestLauncher.java:63)
	at com.intellij.junit5.JUnit5IdeaTestRunner.startRunnerWithArgs(JUnit5IdeaTestRunner.java:57)
	at com.intellij.rt.junit.IdeaTestRunner$Repeater$1.execute(IdeaTestRunner.java:38)
	at com.intellij.rt.execution.junit.TestsRepeater.repeat(TestsRepeater.java:11)
	at com.intellij.rt.junit.IdeaTestRunner$Repeater.startRunnerWithArgs(IdeaTestRunner.java:35)
	at com.intellij.rt.junit.JUnitStarter.prepareStreamsAndStart(JUnitStarter.java:232)
	at com.intellij.rt.junit.JUnitStarter.main(JUnitStarter.java:55)
2024-12-31 12:22:12 [main] INFO  l.insoft.uztis.tests.utils.TestUtils - Screenshot moved to C:\Users\ingrida.zadorozniene\Desktop\Asm\automatinis\IngridaZ_egzaminas\test-output\screenshots\20241231\122212579_testCreateNewVuiInvitationDraft.png
2024-12-31 12:22:12 [main] INFO  l.insoft.uztis.tests.utils.TestUtils - Screenshot moved to C:\Users\ingrida.zadorozniene\Desktop\Asm\automatinis\IngridaZ_egzaminas\test-output\screenshots\20241231\122212732_testCreateNewVuiInvitationDraft().png
2024-12-31 12:25:22 [main] INFO  lt.insoft.uztis.tests.UztisPageTest - Navigated to https://uztisdev.asseco.lt/home
2024-12-31 12:25:22 [main] INFO  l.i.uztis.tests.InvitationsPageTest - Starting test:'testCreateNewVuiInvitationDraft'
2024-12-31 12:25:22 [main] DEBUG l.i.uztis.tests.InvitationsPageTest - Opened 'Application Processing' menu.
2024-12-31 12:25:22 [main] DEBUG l.i.uztis.tests.InvitationsPageTest - Clicked on 'Application Forms' menu.
2024-12-31 12:25:23 [main] DEBUG l.i.uztis.tests.InvitationsPageTest - Retrieved last description code text: 'TST-38'.
2024-12-31 12:25:23 [main] DEBUG l.i.uztis.tests.InvitationsPageTest - Clicked on 'Invitation' menu.
2024-12-31 12:25:23 [main] DEBUG l.i.uztis.tests.InvitationsPageTest - Clicked 'Create New Application Form'.
2024-12-31 12:25:23 [main] DEBUG l.i.uztis.tests.InvitationsPageTest - Selected section by code: 'TST-38'.
2024-12-31 12:25:24 [main] DEBUG l.i.uztis.tests.InvitationsPageTest - Selected invitation number from the list.
2024-12-31 12:25:24 [main] DEBUG l.i.uztis.tests.InvitationsPageTest - Entered current date.
2024-12-31 12:25:25 [main] DEBUG l.i.uztis.tests.InvitationsPageTest - Entered start time: 00:00.
2024-12-31 12:25:25 [main] DEBUG l.i.uztis.tests.InvitationsPageTest - Entered end date.
2024-12-31 12:25:25 [main] DEBUG l.i.uztis.tests.InvitationsPageTest - Entered end time: 11:11.
2024-12-31 12:25:25 [main] DEBUG l.i.uztis.tests.InvitationsPageTest - Draft saved.
2024-12-31 12:25:26 [main] ERROR l.i.uztis.tests.InvitationsPageTest - Test 'testCreateNewVuiInvitationDraft' failed with error: Unexpected success message. ==> expected: <Duomenys sėkmingai išsaugoti.> but was: <Jau yra sukurta paraiška su atitinkamu atrankos Nr.>
org.opentest4j.AssertionFailedError: Unexpected success message. ==> expected: <Duomenys sėkmingai išsaugoti.> but was: <Jau yra sukurta paraiška su atitinkamu atrankos Nr.>
	at org.junit.jupiter.api.AssertionFailureBuilder.build(AssertionFailureBuilder.java:151)
	at org.junit.jupiter.api.AssertionFailureBuilder.buildAndThrow(AssertionFailureBuilder.java:132)
	at org.junit.jupiter.api.AssertEquals.failNotEqual(AssertEquals.java:197)
	at org.junit.jupiter.api.AssertEquals.assertEquals(AssertEquals.java:182)
	at org.junit.jupiter.api.Assertions.assertEquals(Assertions.java:1152)
	at lt.insoft.uztis.tests.InvitationsPageTest.verifySuccessMessage(InvitationsPageTest.java:39)
	at lt.insoft.uztis.tests.InvitationsPageTest.testCreateNewVuiInvitationDraft(InvitationsPageTest.java:112)
	at java.base/jdk.internal.reflect.DirectMethodHandleAccessor.invoke(DirectMethodHandleAccessor.java:103)
	at java.base/java.lang.reflect.Method.invoke(Method.java:580)
	at org.junit.platform.commons.util.ReflectionUtils.invokeMethod(ReflectionUtils.java:728)
	at org.junit.jupiter.engine.execution.MethodInvocation.proceed(MethodInvocation.java:60)
	at org.junit.jupiter.engine.execution.InvocationInterceptorChain$ValidatingInvocation.proceed(InvocationInterceptorChain.java:131)
	at org.junit.jupiter.engine.extension.TimeoutExtension.intercept(TimeoutExtension.java:156)
	at org.junit.jupiter.engine.extension.TimeoutExtension.interceptTestableMethod(TimeoutExtension.java:147)
	at org.junit.jupiter.engine.extension.TimeoutExtension.interceptTestMethod(TimeoutExtension.java:86)
	at org.junit.jupiter.engine.execution.InterceptingExecutableInvoker$ReflectiveInterceptorCall.lambda$ofVoidMethod$0(InterceptingExecutableInvoker.java:103)
	at org.junit.jupiter.engine.execution.InterceptingExecutableInvoker.lambda$invoke$0(InterceptingExecutableInvoker.java:93)
	at org.junit.jupiter.engine.execution.InvocationInterceptorChain$InterceptedInvocation.proceed(InvocationInterceptorChain.java:106)
	at org.junit.jupiter.engine.execution.InvocationInterceptorChain.proceed(InvocationInterceptorChain.java:64)
	at org.junit.jupiter.engine.execution.InvocationInterceptorChain.chainAndInvoke(InvocationInterceptorChain.java:45)
	at org.junit.jupiter.engine.execution.InvocationInterceptorChain.invoke(InvocationInterceptorChain.java:37)
	at org.junit.jupiter.engine.execution.InterceptingExecutableInvoker.invoke(InterceptingExecutableInvoker.java:92)
	at org.junit.jupiter.engine.execution.InterceptingExecutableInvoker.invoke(InterceptingExecutableInvoker.java:86)
	at org.junit.jupiter.engine.descriptor.TestMethodTestDescriptor.lambda$invokeTestMethod$7(TestMethodTestDescriptor.java:218)
	at org.junit.platform.engine.support.hierarchical.ThrowableCollector.execute(ThrowableCollector.java:73)
	at org.junit.jupiter.engine.descriptor.TestMethodTestDescriptor.invokeTestMethod(TestMethodTestDescriptor.java:214)
	at org.junit.jupiter.engine.descriptor.TestMethodTestDescriptor.execute(TestMethodTestDescriptor.java:139)
	at org.junit.jupiter.engine.descriptor.TestMethodTestDescriptor.execute(TestMethodTestDescriptor.java:69)
	at org.junit.platform.engine.support.hierarchical.NodeTestTask.lambda$executeRecursively$6(NodeTestTask.java:151)
	at org.junit.platform.engine.support.hierarchical.ThrowableCollector.execute(ThrowableCollector.java:73)
	at org.junit.platform.engine.support.hierarchical.NodeTestTask.lambda$executeRecursively$8(NodeTestTask.java:141)
	at org.junit.platform.engine.support.hierarchical.Node.around(Node.java:137)
	at org.junit.platform.engine.support.hierarchical.NodeTestTask.lambda$executeRecursively$9(NodeTestTask.java:139)
	at org.junit.platform.engine.support.hierarchical.ThrowableCollector.execute(ThrowableCollector.java:73)
	at org.junit.platform.engine.support.hierarchical.NodeTestTask.executeRecursively(NodeTestTask.java:138)
	at org.junit.platform.engine.support.hierarchical.NodeTestTask.execute(NodeTestTask.java:95)
	at java.base/java.util.ArrayList.forEach(ArrayList.java:1596)
	at org.junit.platform.engine.support.hierarchical.SameThreadHierarchicalTestExecutorService.invokeAll(SameThreadHierarchicalTestExecutorService.java:41)
	at org.junit.platform.engine.support.hierarchical.NodeTestTask.lambda$executeRecursively$6(NodeTestTask.java:155)
	at org.junit.platform.engine.support.hierarchical.ThrowableCollector.execute(ThrowableCollector.java:73)
	at org.junit.platform.engine.support.hierarchical.NodeTestTask.lambda$executeRecursively$8(NodeTestTask.java:141)
	at org.junit.platform.engine.support.hierarchical.Node.around(Node.java:137)
	at org.junit.platform.engine.support.hierarchical.NodeTestTask.lambda$executeRecursively$9(NodeTestTask.java:139)
	at org.junit.platform.engine.support.hierarchical.ThrowableCollector.execute(ThrowableCollector.java:73)
	at org.junit.platform.engine.support.hierarchical.NodeTestTask.executeRecursively(NodeTestTask.java:138)
	at org.junit.platform.engine.support.hierarchical.NodeTestTask.execute(NodeTestTask.java:95)
	at java.base/java.util.ArrayList.forEach(ArrayList.java:1596)
	at org.junit.platform.engine.support.hierarchical.SameThreadHierarchicalTestExecutorService.invokeAll(SameThreadHierarchicalTestExecutorService.java:41)
	at org.junit.platform.engine.support.hierarchical.NodeTestTask.lambda$executeRecursively$6(NodeTestTask.java:155)
	at org.junit.platform.engine.support.hierarchical.ThrowableCollector.execute(ThrowableCollector.java:73)
	at org.junit.platform.engine.support.hierarchical.NodeTestTask.lambda$executeRecursively$8(NodeTestTask.java:141)
	at org.junit.platform.engine.support.hierarchical.Node.around(Node.java:137)
	at org.junit.platform.engine.support.hierarchical.NodeTestTask.lambda$executeRecursively$9(NodeTestTask.java:139)
	at org.junit.platform.engine.support.hierarchical.ThrowableCollector.execute(ThrowableCollector.java:73)
	at org.junit.platform.engine.support.hierarchical.NodeTestTask.executeRecursively(NodeTestTask.java:138)
	at org.junit.platform.engine.support.hierarchical.NodeTestTask.execute(NodeTestTask.java:95)
	at org.junit.platform.engine.support.hierarchical.SameThreadHierarchicalTestExecutorService.submit(SameThreadHierarchicalTestExecutorService.java:35)
	at org.junit.platform.engine.support.hierarchical.HierarchicalTestExecutor.execute(HierarchicalTestExecutor.java:57)
	at org.junit.platform.engine.support.hierarchical.HierarchicalTestEngine.execute(HierarchicalTestEngine.java:54)
	at org.junit.platform.launcher.core.EngineExecutionOrchestrator.execute(EngineExecutionOrchestrator.java:198)
	at org.junit.platform.launcher.core.EngineExecutionOrchestrator.execute(EngineExecutionOrchestrator.java:169)
	at org.junit.platform.launcher.core.EngineExecutionOrchestrator.execute(EngineExecutionOrchestrator.java:93)
	at org.junit.platform.launcher.core.EngineExecutionOrchestrator.lambda$execute$0(EngineExecutionOrchestrator.java:58)
	at org.junit.platform.launcher.core.EngineExecutionOrchestrator.withInterceptedStreams(EngineExecutionOrchestrator.java:141)
	at org.junit.platform.launcher.core.EngineExecutionOrchestrator.execute(EngineExecutionOrchestrator.java:57)
	at org.junit.platform.launcher.core.DefaultLauncher.execute(DefaultLauncher.java:103)
	at org.junit.platform.launcher.core.DefaultLauncher.execute(DefaultLauncher.java:85)
	at org.junit.platform.launcher.core.DelegatingLauncher.execute(DelegatingLauncher.java:47)
	at org.junit.platform.launcher.core.SessionPerRequestLauncher.execute(SessionPerRequestLauncher.java:63)
	at com.intellij.junit5.JUnit5IdeaTestRunner.startRunnerWithArgs(JUnit5IdeaTestRunner.java:57)
	at com.intellij.rt.junit.IdeaTestRunner$Repeater$1.execute(IdeaTestRunner.java:38)
	at com.intellij.rt.execution.junit.TestsRepeater.repeat(TestsRepeater.java:11)
	at com.intellij.rt.junit.IdeaTestRunner$Repeater.startRunnerWithArgs(IdeaTestRunner.java:35)
	at com.intellij.rt.junit.JUnitStarter.prepareStreamsAndStart(JUnitStarter.java:232)
	at com.intellij.rt.junit.JUnitStarter.main(JUnitStarter.java:55)
2024-12-31 12:25:26 [main] INFO  l.insoft.uztis.tests.utils.TestUtils - Screenshot moved to C:\Users\ingrida.zadorozniene\Desktop\Asm\automatinis\IngridaZ_egzaminas\test-output\screenshots\20241231\122526169_testCreateNewVuiInvitationDraft.png
2024-12-31 12:25:26 [main] INFO  l.insoft.uztis.tests.utils.TestUtils - Screenshot moved to C:\Users\ingrida.zadorozniene\Desktop\Asm\automatinis\IngridaZ_egzaminas\test-output\screenshots\20241231\122526338_testCreateNewVuiInvitationDraft().png
2024-12-31 12:37:54 [main] INFO  lt.insoft.uztis.tests.UztisPageTest - Navigated to https://uztisdev.asseco.lt/home
2024-12-31 12:37:54 [main] INFO  l.i.uztis.tests.InvitationsPageTest - Starting test:'testNavigateToInvitationPageTest'
2024-12-31 12:37:54 [main] DEBUG l.i.uztis.tests.InvitationsPageTest - Opened 'Application Processing' menu.
2024-12-31 12:37:54 [main] DEBUG l.i.uztis.tests.InvitationsPageTest - Clicked on 'Invitation' menu.
2024-12-31 12:37:54 [main] DEBUG l.i.uztis.tests.InvitationsPageTest - Fetched label text: Kvietimai teikti paraiškas
2024-12-31 12:37:54 [main] INFO  l.i.uztis.tests.InvitationsPageTest - 'goToInvitationPageTest' completed. Label is: Kvietimai teikti paraiškas
2024-12-31 12:37:54 [main] INFO  l.i.uztis.tests.InvitationsPageTest - Test 'testNavigateToInvitationPageTest' completed successfully.
2024-12-31 12:39:06 [main] INFO  lt.insoft.uztis.tests.UztisPageTest - Navigated to https://uztisdev.asseco.lt/home
2024-12-31 12:39:06 [main] INFO  l.i.uztis.tests.InvitationsPageTest - Starting test:'testCreateNewVuiInvitationDraft'
2024-12-31 12:39:06 [main] DEBUG l.i.uztis.tests.InvitationsPageTest - Opened 'Application Processing' menu.
2024-12-31 12:39:06 [main] DEBUG l.i.uztis.tests.InvitationsPageTest - Clicked on 'Application Forms' menu.
2024-12-31 12:39:06 [main] DEBUG l.i.uztis.tests.InvitationsPageTest - Retrieved last description code text: 'TST-38'.
2024-12-31 12:39:06 [main] DEBUG l.i.uztis.tests.InvitationsPageTest - Clicked on 'Invitation' menu.
2024-12-31 12:39:07 [main] DEBUG l.i.uztis.tests.InvitationsPageTest - Clicked 'Create New Application Form'.
2024-12-31 12:39:07 [main] DEBUG l.i.uztis.tests.InvitationsPageTest - Selected section by code: 'TST-38'.
2024-12-31 12:39:08 [main] DEBUG l.i.uztis.tests.InvitationsPageTest - Selected invitation number from the list.
2024-12-31 12:39:08 [main] DEBUG l.i.uztis.tests.InvitationsPageTest - Entered current date.
2024-12-31 12:39:09 [main] DEBUG l.i.uztis.tests.InvitationsPageTest - Entered start time: 00:00.
2024-12-31 12:39:09 [main] DEBUG l.i.uztis.tests.InvitationsPageTest - Entered end date.
2024-12-31 12:39:09 [main] DEBUG l.i.uztis.tests.InvitationsPageTest - Entered end time: 11:11.
2024-12-31 12:39:09 [main] DEBUG l.i.uztis.tests.InvitationsPageTest - Draft saved.
2024-12-31 12:39:09 [main] ERROR l.i.uztis.tests.InvitationsPageTest - Test 'testCreateNewVuiInvitationDraft' failed with error: Unexpected success message. ==> expected: <Duomenys sėkmingai išsaugoti.> but was: <Jau yra sukurta paraiška su atitinkamu atrankos Nr.>
org.opentest4j.AssertionFailedError: Unexpected success message. ==> expected: <Duomenys sėkmingai išsaugoti.> but was: <Jau yra sukurta paraiška su atitinkamu atrankos Nr.>
	at org.junit.jupiter.api.AssertionFailureBuilder.build(AssertionFailureBuilder.java:151)
	at org.junit.jupiter.api.AssertionFailureBuilder.buildAndThrow(AssertionFailureBuilder.java:132)
	at org.junit.jupiter.api.AssertEquals.failNotEqual(AssertEquals.java:197)
	at org.junit.jupiter.api.AssertEquals.assertEquals(AssertEquals.java:182)
	at org.junit.jupiter.api.Assertions.assertEquals(Assertions.java:1152)
	at lt.insoft.uztis.tests.InvitationsPageTest.verifySuccessMessage(InvitationsPageTest.java:39)
	at lt.insoft.uztis.tests.InvitationsPageTest.testCreateNewVuiInvitationDraft(InvitationsPageTest.java:111)
	at java.base/jdk.internal.reflect.DirectMethodHandleAccessor.invoke(DirectMethodHandleAccessor.java:103)
	at java.base/java.lang.reflect.Method.invoke(Method.java:580)
	at org.junit.platform.commons.util.ReflectionUtils.invokeMethod(ReflectionUtils.java:728)
	at org.junit.jupiter.engine.execution.MethodInvocation.proceed(MethodInvocation.java:60)
	at org.junit.jupiter.engine.execution.InvocationInterceptorChain$ValidatingInvocation.proceed(InvocationInterceptorChain.java:131)
	at org.junit.jupiter.engine.extension.TimeoutExtension.intercept(TimeoutExtension.java:156)
	at org.junit.jupiter.engine.extension.TimeoutExtension.interceptTestableMethod(TimeoutExtension.java:147)
	at org.junit.jupiter.engine.extension.TimeoutExtension.interceptTestMethod(TimeoutExtension.java:86)
	at org.junit.jupiter.engine.execution.InterceptingExecutableInvoker$ReflectiveInterceptorCall.lambda$ofVoidMethod$0(InterceptingExecutableInvoker.java:103)
	at org.junit.jupiter.engine.execution.InterceptingExecutableInvoker.lambda$invoke$0(InterceptingExecutableInvoker.java:93)
	at org.junit.jupiter.engine.execution.InvocationInterceptorChain$InterceptedInvocation.proceed(InvocationInterceptorChain.java:106)
	at org.junit.jupiter.engine.execution.InvocationInterceptorChain.proceed(InvocationInterceptorChain.java:64)
	at org.junit.jupiter.engine.execution.InvocationInterceptorChain.chainAndInvoke(InvocationInterceptorChain.java:45)
	at org.junit.jupiter.engine.execution.InvocationInterceptorChain.invoke(InvocationInterceptorChain.java:37)
	at org.junit.jupiter.engine.execution.InterceptingExecutableInvoker.invoke(InterceptingExecutableInvoker.java:92)
	at org.junit.jupiter.engine.execution.InterceptingExecutableInvoker.invoke(InterceptingExecutableInvoker.java:86)
	at org.junit.jupiter.engine.descriptor.TestMethodTestDescriptor.lambda$invokeTestMethod$7(TestMethodTestDescriptor.java:218)
	at org.junit.platform.engine.support.hierarchical.ThrowableCollector.execute(ThrowableCollector.java:73)
	at org.junit.jupiter.engine.descriptor.TestMethodTestDescriptor.invokeTestMethod(TestMethodTestDescriptor.java:214)
	at org.junit.jupiter.engine.descriptor.TestMethodTestDescriptor.execute(TestMethodTestDescriptor.java:139)
	at org.junit.jupiter.engine.descriptor.TestMethodTestDescriptor.execute(TestMethodTestDescriptor.java:69)
	at org.junit.platform.engine.support.hierarchical.NodeTestTask.lambda$executeRecursively$6(NodeTestTask.java:151)
	at org.junit.platform.engine.support.hierarchical.ThrowableCollector.execute(ThrowableCollector.java:73)
	at org.junit.platform.engine.support.hierarchical.NodeTestTask.lambda$executeRecursively$8(NodeTestTask.java:141)
	at org.junit.platform.engine.support.hierarchical.Node.around(Node.java:137)
	at org.junit.platform.engine.support.hierarchical.NodeTestTask.lambda$executeRecursively$9(NodeTestTask.java:139)
	at org.junit.platform.engine.support.hierarchical.ThrowableCollector.execute(ThrowableCollector.java:73)
	at org.junit.platform.engine.support.hierarchical.NodeTestTask.executeRecursively(NodeTestTask.java:138)
	at org.junit.platform.engine.support.hierarchical.NodeTestTask.execute(NodeTestTask.java:95)
	at java.base/java.util.ArrayList.forEach(ArrayList.java:1596)
	at org.junit.platform.engine.support.hierarchical.SameThreadHierarchicalTestExecutorService.invokeAll(SameThreadHierarchicalTestExecutorService.java:41)
	at org.junit.platform.engine.support.hierarchical.NodeTestTask.lambda$executeRecursively$6(NodeTestTask.java:155)
	at org.junit.platform.engine.support.hierarchical.ThrowableCollector.execute(ThrowableCollector.java:73)
	at org.junit.platform.engine.support.hierarchical.NodeTestTask.lambda$executeRecursively$8(NodeTestTask.java:141)
	at org.junit.platform.engine.support.hierarchical.Node.around(Node.java:137)
	at org.junit.platform.engine.support.hierarchical.NodeTestTask.lambda$executeRecursively$9(NodeTestTask.java:139)
	at org.junit.platform.engine.support.hierarchical.ThrowableCollector.execute(ThrowableCollector.java:73)
	at org.junit.platform.engine.support.hierarchical.NodeTestTask.executeRecursively(NodeTestTask.java:138)
	at org.junit.platform.engine.support.hierarchical.NodeTestTask.execute(NodeTestTask.java:95)
	at java.base/java.util.ArrayList.forEach(ArrayList.java:1596)
	at org.junit.platform.engine.support.hierarchical.SameThreadHierarchicalTestExecutorService.invokeAll(SameThreadHierarchicalTestExecutorService.java:41)
	at org.junit.platform.engine.support.hierarchical.NodeTestTask.lambda$executeRecursively$6(NodeTestTask.java:155)
	at org.junit.platform.engine.support.hierarchical.ThrowableCollector.execute(ThrowableCollector.java:73)
	at org.junit.platform.engine.support.hierarchical.NodeTestTask.lambda$executeRecursively$8(NodeTestTask.java:141)
	at org.junit.platform.engine.support.hierarchical.Node.around(Node.java:137)
	at org.junit.platform.engine.support.hierarchical.NodeTestTask.lambda$executeRecursively$9(NodeTestTask.java:139)
	at org.junit.platform.engine.support.hierarchical.ThrowableCollector.execute(ThrowableCollector.java:73)
	at org.junit.platform.engine.support.hierarchical.NodeTestTask.executeRecursively(NodeTestTask.java:138)
	at org.junit.platform.engine.support.hierarchical.NodeTestTask.execute(NodeTestTask.java:95)
	at org.junit.platform.engine.support.hierarchical.SameThreadHierarchicalTestExecutorService.submit(SameThreadHierarchicalTestExecutorService.java:35)
	at org.junit.platform.engine.support.hierarchical.HierarchicalTestExecutor.execute(HierarchicalTestExecutor.java:57)
	at org.junit.platform.engine.support.hierarchical.HierarchicalTestEngine.execute(HierarchicalTestEngine.java:54)
	at org.junit.platform.launcher.core.EngineExecutionOrchestrator.execute(EngineExecutionOrchestrator.java:198)
	at org.junit.platform.launcher.core.EngineExecutionOrchestrator.execute(EngineExecutionOrchestrator.java:169)
	at org.junit.platform.launcher.core.EngineExecutionOrchestrator.execute(EngineExecutionOrchestrator.java:93)
	at org.junit.platform.launcher.core.EngineExecutionOrchestrator.lambda$execute$0(EngineExecutionOrchestrator.java:58)
	at org.junit.platform.launcher.core.EngineExecutionOrchestrator.withInterceptedStreams(EngineExecutionOrchestrator.java:141)
	at org.junit.platform.launcher.core.EngineExecutionOrchestrator.execute(EngineExecutionOrchestrator.java:57)
	at org.junit.platform.launcher.core.DefaultLauncher.execute(DefaultLauncher.java:103)
	at org.junit.platform.launcher.core.DefaultLauncher.execute(DefaultLauncher.java:85)
	at org.junit.platform.launcher.core.DelegatingLauncher.execute(DelegatingLauncher.java:47)
	at org.junit.platform.launcher.core.SessionPerRequestLauncher.execute(SessionPerRequestLauncher.java:63)
	at com.intellij.junit5.JUnit5IdeaTestRunner.startRunnerWithArgs(JUnit5IdeaTestRunner.java:57)
	at com.intellij.rt.junit.IdeaTestRunner$Repeater$1.execute(IdeaTestRunner.java:38)
	at com.intellij.rt.execution.junit.TestsRepeater.repeat(TestsRepeater.java:11)
	at com.intellij.rt.junit.IdeaTestRunner$Repeater.startRunnerWithArgs(IdeaTestRunner.java:35)
	at com.intellij.rt.junit.JUnitStarter.prepareStreamsAndStart(JUnitStarter.java:232)
	at com.intellij.rt.junit.JUnitStarter.main(JUnitStarter.java:55)
2024-12-31 12:39:09 [main] INFO  l.insoft.uztis.tests.utils.TestUtils - Screenshot moved to C:\Users\ingrida.zadorozniene\Desktop\Asm\automatinis\IngridaZ_egzaminas\test-output\screenshots\20241231\123909948_testCreateNewVuiInvitationDraft.png
2024-12-31 12:39:10 [main] INFO  l.insoft.uztis.tests.utils.TestUtils - Screenshot moved to C:\Users\ingrida.zadorozniene\Desktop\Asm\automatinis\IngridaZ_egzaminas\test-output\screenshots\20241231\123910101_testCreateNewVuiInvitationDraft().png
2024-12-31 12:44:45 [main] INFO  lt.insoft.uztis.tests.UztisPageTest - Navigated to https://uztisdev.asseco.lt/home
2024-12-31 12:44:45 [main] INFO  l.i.uztis.tests.InvitationsPageTest - Starting test:'testCreateNewVuiInvitationDraft'
2024-12-31 12:44:46 [main] DEBUG l.i.uztis.tests.InvitationsPageTest - Opened 'Application Processing' menu.
2024-12-31 12:44:46 [main] DEBUG l.i.uztis.tests.InvitationsPageTest - Clicked on 'Application Forms' menu.
2024-12-31 12:44:46 [main] DEBUG l.i.uztis.tests.InvitationsPageTest - Retrieved last description code text: 'TST-38'.
2024-12-31 12:44:46 [main] DEBUG l.i.uztis.tests.InvitationsPageTest - Clicked on 'Invitation' menu.
2024-12-31 12:44:46 [main] DEBUG l.i.uztis.tests.InvitationsPageTest - Clicked 'Create New Application Form'.
2024-12-31 12:44:47 [main] DEBUG l.i.uztis.tests.InvitationsPageTest - Selected section by code: 'TST-38'.
2024-12-31 12:44:48 [main] DEBUG l.i.uztis.tests.InvitationsPageTest - Selected invitation number from the list.
2024-12-31 12:44:48 [main] DEBUG l.i.uztis.tests.InvitationsPageTest - Entered current date.
2024-12-31 12:44:48 [main] DEBUG l.i.uztis.tests.InvitationsPageTest - Entered start time: 00:00.
2024-12-31 12:44:48 [main] DEBUG l.i.uztis.tests.InvitationsPageTest - Entered end date.
2024-12-31 12:44:49 [main] DEBUG l.i.uztis.tests.InvitationsPageTest - Entered end time: 11:11.
2024-12-31 12:44:49 [main] DEBUG l.i.uztis.tests.InvitationsPageTest - Draft saved.
2024-12-31 12:44:49 [main] ERROR l.i.uztis.tests.InvitationsPageTest - Test 'testCreateNewVuiInvitationDraft' failed with error: Unexpected success message. ==> expected: <Duomenys sėkmingai išsaugoti.> but was: <Jau yra sukurta paraiška su atitinkamu atrankos Nr.>
org.opentest4j.AssertionFailedError: Unexpected success message. ==> expected: <Duomenys sėkmingai išsaugoti.> but was: <Jau yra sukurta paraiška su atitinkamu atrankos Nr.>
	at org.junit.jupiter.api.AssertionFailureBuilder.build(AssertionFailureBuilder.java:151)
	at org.junit.jupiter.api.AssertionFailureBuilder.buildAndThrow(AssertionFailureBuilder.java:132)
	at org.junit.jupiter.api.AssertEquals.failNotEqual(AssertEquals.java:197)
	at org.junit.jupiter.api.AssertEquals.assertEquals(AssertEquals.java:182)
	at org.junit.jupiter.api.Assertions.assertEquals(Assertions.java:1152)
	at lt.insoft.uztis.tests.InvitationsPageTest.verifySuccessMessage(InvitationsPageTest.java:39)
	at lt.insoft.uztis.tests.InvitationsPageTest.testCreateNewVuiInvitationDraft(InvitationsPageTest.java:111)
	at java.base/jdk.internal.reflect.DirectMethodHandleAccessor.invoke(DirectMethodHandleAccessor.java:103)
	at java.base/java.lang.reflect.Method.invoke(Method.java:580)
	at org.junit.platform.commons.util.ReflectionUtils.invokeMethod(ReflectionUtils.java:728)
	at org.junit.jupiter.engine.execution.MethodInvocation.proceed(MethodInvocation.java:60)
	at org.junit.jupiter.engine.execution.InvocationInterceptorChain$ValidatingInvocation.proceed(InvocationInterceptorChain.java:131)
	at org.junit.jupiter.engine.extension.TimeoutExtension.intercept(TimeoutExtension.java:156)
	at org.junit.jupiter.engine.extension.TimeoutExtension.interceptTestableMethod(TimeoutExtension.java:147)
	at org.junit.jupiter.engine.extension.TimeoutExtension.interceptTestMethod(TimeoutExtension.java:86)
	at org.junit.jupiter.engine.execution.InterceptingExecutableInvoker$ReflectiveInterceptorCall.lambda$ofVoidMethod$0(InterceptingExecutableInvoker.java:103)
	at org.junit.jupiter.engine.execution.InterceptingExecutableInvoker.lambda$invoke$0(InterceptingExecutableInvoker.java:93)
	at org.junit.jupiter.engine.execution.InvocationInterceptorChain$InterceptedInvocation.proceed(InvocationInterceptorChain.java:106)
	at org.junit.jupiter.engine.execution.InvocationInterceptorChain.proceed(InvocationInterceptorChain.java:64)
	at org.junit.jupiter.engine.execution.InvocationInterceptorChain.chainAndInvoke(InvocationInterceptorChain.java:45)
	at org.junit.jupiter.engine.execution.InvocationInterceptorChain.invoke(InvocationInterceptorChain.java:37)
	at org.junit.jupiter.engine.execution.InterceptingExecutableInvoker.invoke(InterceptingExecutableInvoker.java:92)
	at org.junit.jupiter.engine.execution.InterceptingExecutableInvoker.invoke(InterceptingExecutableInvoker.java:86)
	at org.junit.jupiter.engine.descriptor.TestMethodTestDescriptor.lambda$invokeTestMethod$7(TestMethodTestDescriptor.java:218)
	at org.junit.platform.engine.support.hierarchical.ThrowableCollector.execute(ThrowableCollector.java:73)
	at org.junit.jupiter.engine.descriptor.TestMethodTestDescriptor.invokeTestMethod(TestMethodTestDescriptor.java:214)
	at org.junit.jupiter.engine.descriptor.TestMethodTestDescriptor.execute(TestMethodTestDescriptor.java:139)
	at org.junit.jupiter.engine.descriptor.TestMethodTestDescriptor.execute(TestMethodTestDescriptor.java:69)
	at org.junit.platform.engine.support.hierarchical.NodeTestTask.lambda$executeRecursively$6(NodeTestTask.java:151)
	at org.junit.platform.engine.support.hierarchical.ThrowableCollector.execute(ThrowableCollector.java:73)
	at org.junit.platform.engine.support.hierarchical.NodeTestTask.lambda$executeRecursively$8(NodeTestTask.java:141)
	at org.junit.platform.engine.support.hierarchical.Node.around(Node.java:137)
	at org.junit.platform.engine.support.hierarchical.NodeTestTask.lambda$executeRecursively$9(NodeTestTask.java:139)
	at org.junit.platform.engine.support.hierarchical.ThrowableCollector.execute(ThrowableCollector.java:73)
	at org.junit.platform.engine.support.hierarchical.NodeTestTask.executeRecursively(NodeTestTask.java:138)
	at org.junit.platform.engine.support.hierarchical.NodeTestTask.execute(NodeTestTask.java:95)
	at java.base/java.util.ArrayList.forEach(ArrayList.java:1596)
	at org.junit.platform.engine.support.hierarchical.SameThreadHierarchicalTestExecutorService.invokeAll(SameThreadHierarchicalTestExecutorService.java:41)
	at org.junit.platform.engine.support.hierarchical.NodeTestTask.lambda$executeRecursively$6(NodeTestTask.java:155)
	at org.junit.platform.engine.support.hierarchical.ThrowableCollector.execute(ThrowableCollector.java:73)
	at org.junit.platform.engine.support.hierarchical.NodeTestTask.lambda$executeRecursively$8(NodeTestTask.java:141)
	at org.junit.platform.engine.support.hierarchical.Node.around(Node.java:137)
	at org.junit.platform.engine.support.hierarchical.NodeTestTask.lambda$executeRecursively$9(NodeTestTask.java:139)
	at org.junit.platform.engine.support.hierarchical.ThrowableCollector.execute(ThrowableCollector.java:73)
	at org.junit.platform.engine.support.hierarchical.NodeTestTask.executeRecursively(NodeTestTask.java:138)
	at org.junit.platform.engine.support.hierarchical.NodeTestTask.execute(NodeTestTask.java:95)
	at java.base/java.util.ArrayList.forEach(ArrayList.java:1596)
	at org.junit.platform.engine.support.hierarchical.SameThreadHierarchicalTestExecutorService.invokeAll(SameThreadHierarchicalTestExecutorService.java:41)
	at org.junit.platform.engine.support.hierarchical.NodeTestTask.lambda$executeRecursively$6(NodeTestTask.java:155)
	at org.junit.platform.engine.support.hierarchical.ThrowableCollector.execute(ThrowableCollector.java:73)
	at org.junit.platform.engine.support.hierarchical.NodeTestTask.lambda$executeRecursively$8(NodeTestTask.java:141)
	at org.junit.platform.engine.support.hierarchical.Node.around(Node.java:137)
	at org.junit.platform.engine.support.hierarchical.NodeTestTask.lambda$executeRecursively$9(NodeTestTask.java:139)
	at org.junit.platform.engine.support.hierarchical.ThrowableCollector.execute(ThrowableCollector.java:73)
	at org.junit.platform.engine.support.hierarchical.NodeTestTask.executeRecursively(NodeTestTask.java:138)
	at org.junit.platform.engine.support.hierarchical.NodeTestTask.execute(NodeTestTask.java:95)
	at org.junit.platform.engine.support.hierarchical.SameThreadHierarchicalTestExecutorService.submit(SameThreadHierarchicalTestExecutorService.java:35)
	at org.junit.platform.engine.support.hierarchical.HierarchicalTestExecutor.execute(HierarchicalTestExecutor.java:57)
	at org.junit.platform.engine.support.hierarchical.HierarchicalTestEngine.execute(HierarchicalTestEngine.java:54)
	at org.junit.platform.launcher.core.EngineExecutionOrchestrator.execute(EngineExecutionOrchestrator.java:198)
	at org.junit.platform.launcher.core.EngineExecutionOrchestrator.execute(EngineExecutionOrchestrator.java:169)
	at org.junit.platform.launcher.core.EngineExecutionOrchestrator.execute(EngineExecutionOrchestrator.java:93)
	at org.junit.platform.launcher.core.EngineExecutionOrchestrator.lambda$execute$0(EngineExecutionOrchestrator.java:58)
	at org.junit.platform.launcher.core.EngineExecutionOrchestrator.withInterceptedStreams(EngineExecutionOrchestrator.java:141)
	at org.junit.platform.launcher.core.EngineExecutionOrchestrator.execute(EngineExecutionOrchestrator.java:57)
	at org.junit.platform.launcher.core.DefaultLauncher.execute(DefaultLauncher.java:103)
	at org.junit.platform.launcher.core.DefaultLauncher.execute(DefaultLauncher.java:85)
	at org.junit.platform.launcher.core.DelegatingLauncher.execute(DelegatingLauncher.java:47)
	at org.junit.platform.launcher.core.SessionPerRequestLauncher.execute(SessionPerRequestLauncher.java:63)
	at com.intellij.junit5.JUnit5IdeaTestRunner.startRunnerWithArgs(JUnit5IdeaTestRunner.java:57)
	at com.intellij.rt.junit.IdeaTestRunner$Repeater$1.execute(IdeaTestRunner.java:38)
	at com.intellij.rt.execution.junit.TestsRepeater.repeat(TestsRepeater.java:11)
	at com.intellij.rt.junit.IdeaTestRunner$Repeater.startRunnerWithArgs(IdeaTestRunner.java:35)
	at com.intellij.rt.junit.JUnitStarter.prepareStreamsAndStart(JUnitStarter.java:232)
	at com.intellij.rt.junit.JUnitStarter.main(JUnitStarter.java:55)
2024-12-31 12:44:49 [main] INFO  l.insoft.uztis.tests.utils.TestUtils - Screenshot moved to C:\Users\ingrida.zadorozniene\Desktop\Asm\automatinis\IngridaZ_egzaminas\test-output\screenshots\20241231\124449628_testCreateNewVuiInvitationDraft().png
2024-12-31 12:57:30 [main] INFO  lt.insoft.uztis.tests.UztisPageTest - Navigated to https://uztisdev.asseco.lt/home
2024-12-31 12:57:30 [main] INFO  l.i.uztis.tests.InvitationsPageTest - Starting test:'testCreateNewVuiInvitationDraft'
2024-12-31 12:57:31 [main] DEBUG l.i.uztis.tests.InvitationsPageTest - Opened 'Application Processing' menu.
2024-12-31 12:57:31 [main] DEBUG l.i.uztis.tests.InvitationsPageTest - Clicked on 'Application Forms' menu.
2024-12-31 12:57:31 [main] DEBUG l.i.uztis.tests.InvitationsPageTest - Retrieved last description code text: 'TST-38'.
2024-12-31 12:57:31 [main] DEBUG l.i.uztis.tests.InvitationsPageTest - Clicked on 'Invitation' menu.
2024-12-31 12:57:31 [main] DEBUG l.i.uztis.tests.InvitationsPageTest - Clicked 'Create New Application Form'.
2024-12-31 12:57:32 [main] DEBUG l.i.uztis.tests.InvitationsPageTest - Selected section by code: 'TST-38'.
2024-12-31 12:57:32 [main] DEBUG l.i.uztis.tests.InvitationsPageTest - Selected invitation number from the list.
2024-12-31 12:57:33 [main] DEBUG l.i.uztis.tests.InvitationsPageTest - Entered current date.
2024-12-31 12:57:33 [main] DEBUG l.i.uztis.tests.InvitationsPageTest - Entered start time: 00:00.
2024-12-31 12:57:33 [main] DEBUG l.i.uztis.tests.InvitationsPageTest - Entered end date.
2024-12-31 12:57:34 [main] DEBUG l.i.uztis.tests.InvitationsPageTest - Entered end time: 11:11.
2024-12-31 12:57:34 [main] DEBUG l.i.uztis.tests.InvitationsPageTest - Draft saved.
2024-12-31 12:57:34 [main] ERROR l.i.uztis.tests.InvitationsPageTest - Test 'testCreateNewVuiInvitationDraft' failed with error: Unexpected success message. ==> expected: <Duomenys sėkmingai išsaugoti.> but was: <Jau yra sukurta paraiška su atitinkamu atrankos Nr.>
org.opentest4j.AssertionFailedError: Unexpected success message. ==> expected: <Duomenys sėkmingai išsaugoti.> but was: <Jau yra sukurta paraiška su atitinkamu atrankos Nr.>
	at org.junit.jupiter.api.AssertionFailureBuilder.build(AssertionFailureBuilder.java:151)
	at org.junit.jupiter.api.AssertionFailureBuilder.buildAndThrow(AssertionFailureBuilder.java:132)
	at org.junit.jupiter.api.AssertEquals.failNotEqual(AssertEquals.java:197)
	at org.junit.jupiter.api.AssertEquals.assertEquals(AssertEquals.java:182)
	at org.junit.jupiter.api.Assertions.assertEquals(Assertions.java:1152)
	at lt.insoft.uztis.tests.InvitationsPageTest.verifySuccessMessage(InvitationsPageTest.java:39)
	at lt.insoft.uztis.tests.InvitationsPageTest.testCreateNewVuiInvitationDraft(InvitationsPageTest.java:116)
	at java.base/jdk.internal.reflect.DirectMethodHandleAccessor.invoke(DirectMethodHandleAccessor.java:103)
	at java.base/java.lang.reflect.Method.invoke(Method.java:580)
	at org.junit.platform.commons.util.ReflectionUtils.invokeMethod(ReflectionUtils.java:728)
	at org.junit.jupiter.engine.execution.MethodInvocation.proceed(MethodInvocation.java:60)
	at org.junit.jupiter.engine.execution.InvocationInterceptorChain$ValidatingInvocation.proceed(InvocationInterceptorChain.java:131)
	at org.junit.jupiter.engine.extension.TimeoutExtension.intercept(TimeoutExtension.java:156)
	at org.junit.jupiter.engine.extension.TimeoutExtension.interceptTestableMethod(TimeoutExtension.java:147)
	at org.junit.jupiter.engine.extension.TimeoutExtension.interceptTestMethod(TimeoutExtension.java:86)
	at org.junit.jupiter.engine.execution.InterceptingExecutableInvoker$ReflectiveInterceptorCall.lambda$ofVoidMethod$0(InterceptingExecutableInvoker.java:103)
	at org.junit.jupiter.engine.execution.InterceptingExecutableInvoker.lambda$invoke$0(InterceptingExecutableInvoker.java:93)
	at org.junit.jupiter.engine.execution.InvocationInterceptorChain$InterceptedInvocation.proceed(InvocationInterceptorChain.java:106)
	at org.junit.jupiter.engine.execution.InvocationInterceptorChain.proceed(InvocationInterceptorChain.java:64)
	at org.junit.jupiter.engine.execution.InvocationInterceptorChain.chainAndInvoke(InvocationInterceptorChain.java:45)
	at org.junit.jupiter.engine.execution.InvocationInterceptorChain.invoke(InvocationInterceptorChain.java:37)
	at org.junit.jupiter.engine.execution.InterceptingExecutableInvoker.invoke(InterceptingExecutableInvoker.java:92)
	at org.junit.jupiter.engine.execution.InterceptingExecutableInvoker.invoke(InterceptingExecutableInvoker.java:86)
	at org.junit.jupiter.engine.descriptor.TestMethodTestDescriptor.lambda$invokeTestMethod$7(TestMethodTestDescriptor.java:218)
	at org.junit.platform.engine.support.hierarchical.ThrowableCollector.execute(ThrowableCollector.java:73)
	at org.junit.jupiter.engine.descriptor.TestMethodTestDescriptor.invokeTestMethod(TestMethodTestDescriptor.java:214)
	at org.junit.jupiter.engine.descriptor.TestMethodTestDescriptor.execute(TestMethodTestDescriptor.java:139)
	at org.junit.jupiter.engine.descriptor.TestMethodTestDescriptor.execute(TestMethodTestDescriptor.java:69)
	at org.junit.platform.engine.support.hierarchical.NodeTestTask.lambda$executeRecursively$6(NodeTestTask.java:151)
	at org.junit.platform.engine.support.hierarchical.ThrowableCollector.execute(ThrowableCollector.java:73)
	at org.junit.platform.engine.support.hierarchical.NodeTestTask.lambda$executeRecursively$8(NodeTestTask.java:141)
	at org.junit.platform.engine.support.hierarchical.Node.around(Node.java:137)
	at org.junit.platform.engine.support.hierarchical.NodeTestTask.lambda$executeRecursively$9(NodeTestTask.java:139)
	at org.junit.platform.engine.support.hierarchical.ThrowableCollector.execute(ThrowableCollector.java:73)
	at org.junit.platform.engine.support.hierarchical.NodeTestTask.executeRecursively(NodeTestTask.java:138)
	at org.junit.platform.engine.support.hierarchical.NodeTestTask.execute(NodeTestTask.java:95)
	at java.base/java.util.ArrayList.forEach(ArrayList.java:1596)
	at org.junit.platform.engine.support.hierarchical.SameThreadHierarchicalTestExecutorService.invokeAll(SameThreadHierarchicalTestExecutorService.java:41)
	at org.junit.platform.engine.support.hierarchical.NodeTestTask.lambda$executeRecursively$6(NodeTestTask.java:155)
	at org.junit.platform.engine.support.hierarchical.ThrowableCollector.execute(ThrowableCollector.java:73)
	at org.junit.platform.engine.support.hierarchical.NodeTestTask.lambda$executeRecursively$8(NodeTestTask.java:141)
	at org.junit.platform.engine.support.hierarchical.Node.around(Node.java:137)
	at org.junit.platform.engine.support.hierarchical.NodeTestTask.lambda$executeRecursively$9(NodeTestTask.java:139)
	at org.junit.platform.engine.support.hierarchical.ThrowableCollector.execute(ThrowableCollector.java:73)
	at org.junit.platform.engine.support.hierarchical.NodeTestTask.executeRecursively(NodeTestTask.java:138)
	at org.junit.platform.engine.support.hierarchical.NodeTestTask.execute(NodeTestTask.java:95)
	at java.base/java.util.ArrayList.forEach(ArrayList.java:1596)
	at org.junit.platform.engine.support.hierarchical.SameThreadHierarchicalTestExecutorService.invokeAll(SameThreadHierarchicalTestExecutorService.java:41)
	at org.junit.platform.engine.support.hierarchical.NodeTestTask.lambda$executeRecursively$6(NodeTestTask.java:155)
	at org.junit.platform.engine.support.hierarchical.ThrowableCollector.execute(ThrowableCollector.java:73)
	at org.junit.platform.engine.support.hierarchical.NodeTestTask.lambda$executeRecursively$8(NodeTestTask.java:141)
	at org.junit.platform.engine.support.hierarchical.Node.around(Node.java:137)
	at org.junit.platform.engine.support.hierarchical.NodeTestTask.lambda$executeRecursively$9(NodeTestTask.java:139)
	at org.junit.platform.engine.support.hierarchical.ThrowableCollector.execute(ThrowableCollector.java:73)
	at org.junit.platform.engine.support.hierarchical.NodeTestTask.executeRecursively(NodeTestTask.java:138)
	at org.junit.platform.engine.support.hierarchical.NodeTestTask.execute(NodeTestTask.java:95)
	at org.junit.platform.engine.support.hierarchical.SameThreadHierarchicalTestExecutorService.submit(SameThreadHierarchicalTestExecutorService.java:35)
	at org.junit.platform.engine.support.hierarchical.HierarchicalTestExecutor.execute(HierarchicalTestExecutor.java:57)
	at org.junit.platform.engine.support.hierarchical.HierarchicalTestEngine.execute(HierarchicalTestEngine.java:54)
	at org.junit.platform.launcher.core.EngineExecutionOrchestrator.execute(EngineExecutionOrchestrator.java:198)
	at org.junit.platform.launcher.core.EngineExecutionOrchestrator.execute(EngineExecutionOrchestrator.java:169)
	at org.junit.platform.launcher.core.EngineExecutionOrchestrator.execute(EngineExecutionOrchestrator.java:93)
	at org.junit.platform.launcher.core.EngineExecutionOrchestrator.lambda$execute$0(EngineExecutionOrchestrator.java:58)
	at org.junit.platform.launcher.core.EngineExecutionOrchestrator.withInterceptedStreams(EngineExecutionOrchestrator.java:141)
	at org.junit.platform.launcher.core.EngineExecutionOrchestrator.execute(EngineExecutionOrchestrator.java:57)
	at org.junit.platform.launcher.core.DefaultLauncher.execute(DefaultLauncher.java:103)
	at org.junit.platform.launcher.core.DefaultLauncher.execute(DefaultLauncher.java:85)
	at org.junit.platform.launcher.core.DelegatingLauncher.execute(DelegatingLauncher.java:47)
	at org.junit.platform.launcher.core.SessionPerRequestLauncher.execute(SessionPerRequestLauncher.java:63)
	at com.intellij.junit5.JUnit5IdeaTestRunner.startRunnerWithArgs(JUnit5IdeaTestRunner.java:57)
	at com.intellij.rt.junit.IdeaTestRunner$Repeater$1.execute(IdeaTestRunner.java:38)
	at com.intellij.rt.execution.junit.TestsRepeater.repeat(TestsRepeater.java:11)
	at com.intellij.rt.junit.IdeaTestRunner$Repeater.startRunnerWithArgs(IdeaTestRunner.java:35)
	at com.intellij.rt.junit.JUnitStarter.prepareStreamsAndStart(JUnitStarter.java:232)
	at com.intellij.rt.junit.JUnitStarter.main(JUnitStarter.java:55)
2024-12-31 12:57:34 [main] INFO  l.insoft.uztis.tests.utils.TestUtils - Screenshot moved to C:\Users\ingrida.zadorozniene\Desktop\Asm\automatinis\IngridaZ_egzaminas\test-output\screenshots\20241231\125734557_testCreateNewVuiInvitationDraft().png
2024-12-31 12:59:05 [main] INFO  lt.insoft.uztis.tests.UztisPageTest - Navigated to https://uztisdev.asseco.lt/home
2024-12-31 12:59:05 [main] INFO  l.i.uztis.tests.InvitationsPageTest - Starting test:'testNavigateToInvitationPageTest'
2024-12-31 12:59:05 [main] DEBUG l.i.uztis.tests.InvitationsPageTest - Opened 'Application Processing' menu.
2024-12-31 12:59:05 [main] DEBUG l.i.uztis.tests.InvitationsPageTest - Clicked on 'Invitation' menu.
2024-12-31 12:59:06 [main] DEBUG l.i.uztis.tests.InvitationsPageTest - Fetched label text: Kvietimai teikti paraiškas
2024-12-31 12:59:06 [main] INFO  l.i.uztis.tests.InvitationsPageTest - 'goToInvitationPageTest' completed. Label is: Kvietimai teikti paraiškas
2024-12-31 12:59:06 [main] INFO  l.insoft.uztis.tests.utils.TestUtils - Screenshot moved to C:\Users\ingrida.zadorozniene\Desktop\Asm\automatinis\IngridaZ_egzaminas\test-output\screenshots\20241231\125906315_testNavigateToInvitationPageTest.png
2024-12-31 12:59:06 [main] INFO  l.i.uztis.tests.InvitationsPageTest - Test 'testNavigateToInvitationPageTest' completed successfully.
2024-12-31 12:59:25 [main] INFO  lt.insoft.uztis.tests.UztisPageTest - Navigated to https://uztisdev.asseco.lt/home
2024-12-31 12:59:25 [main] INFO  l.i.uztis.tests.InvitationsPageTest - Starting test:'testCreateNewVuiInvitationDraft'
2024-12-31 12:59:26 [main] DEBUG l.i.uztis.tests.InvitationsPageTest - Opened 'Application Processing' menu.
2024-12-31 12:59:26 [main] DEBUG l.i.uztis.tests.InvitationsPageTest - Clicked on 'Application Forms' menu.
2024-12-31 12:59:26 [main] DEBUG l.i.uztis.tests.InvitationsPageTest - Retrieved last description code text: 'TST-38'.
2024-12-31 12:59:26 [main] DEBUG l.i.uztis.tests.InvitationsPageTest - Clicked on 'Invitation' menu.
2024-12-31 12:59:26 [main] DEBUG l.i.uztis.tests.InvitationsPageTest - Clicked 'Create New Application Form'.
2024-12-31 12:59:27 [main] DEBUG l.i.uztis.tests.InvitationsPageTest - Selected section by code: 'TST-38'.
2024-12-31 12:59:28 [main] DEBUG l.i.uztis.tests.InvitationsPageTest - Selected invitation number from the list.
2024-12-31 12:59:28 [main] DEBUG l.i.uztis.tests.InvitationsPageTest - Entered current date.
2024-12-31 12:59:28 [main] DEBUG l.i.uztis.tests.InvitationsPageTest - Entered start time: 00:00.
2024-12-31 12:59:28 [main] DEBUG l.i.uztis.tests.InvitationsPageTest - Entered end date.
2024-12-31 12:59:29 [main] DEBUG l.i.uztis.tests.InvitationsPageTest - Entered end time: 11:11.
2024-12-31 12:59:29 [main] DEBUG l.i.uztis.tests.InvitationsPageTest - Draft saved.
2024-12-31 12:59:29 [main] ERROR l.i.uztis.tests.InvitationsPageTest - Test 'testCreateNewVuiInvitationDraft' failed with error: Unexpected success message. ==> expected: <Duomenys sėkmingai išsaugoti.> but was: <Jau yra sukurta paraiška su atitinkamu atrankos Nr.>
org.opentest4j.AssertionFailedError: Unexpected success message. ==> expected: <Duomenys sėkmingai išsaugoti.> but was: <Jau yra sukurta paraiška su atitinkamu atrankos Nr.>
	at org.junit.jupiter.api.AssertionFailureBuilder.build(AssertionFailureBuilder.java:151)
	at org.junit.jupiter.api.AssertionFailureBuilder.buildAndThrow(AssertionFailureBuilder.java:132)
	at org.junit.jupiter.api.AssertEquals.failNotEqual(AssertEquals.java:197)
	at org.junit.jupiter.api.AssertEquals.assertEquals(AssertEquals.java:182)
	at org.junit.jupiter.api.Assertions.assertEquals(Assertions.java:1152)
	at lt.insoft.uztis.tests.InvitationsPageTest.verifySuccessMessage(InvitationsPageTest.java:39)
	at lt.insoft.uztis.tests.InvitationsPageTest.testCreateNewVuiInvitationDraft(InvitationsPageTest.java:116)
	at java.base/jdk.internal.reflect.DirectMethodHandleAccessor.invoke(DirectMethodHandleAccessor.java:103)
	at java.base/java.lang.reflect.Method.invoke(Method.java:580)
	at org.junit.platform.commons.util.ReflectionUtils.invokeMethod(ReflectionUtils.java:728)
	at org.junit.jupiter.engine.execution.MethodInvocation.proceed(MethodInvocation.java:60)
	at org.junit.jupiter.engine.execution.InvocationInterceptorChain$ValidatingInvocation.proceed(InvocationInterceptorChain.java:131)
	at org.junit.jupiter.engine.extension.TimeoutExtension.intercept(TimeoutExtension.java:156)
	at org.junit.jupiter.engine.extension.TimeoutExtension.interceptTestableMethod(TimeoutExtension.java:147)
	at org.junit.jupiter.engine.extension.TimeoutExtension.interceptTestMethod(TimeoutExtension.java:86)
	at org.junit.jupiter.engine.execution.InterceptingExecutableInvoker$ReflectiveInterceptorCall.lambda$ofVoidMethod$0(InterceptingExecutableInvoker.java:103)
	at org.junit.jupiter.engine.execution.InterceptingExecutableInvoker.lambda$invoke$0(InterceptingExecutableInvoker.java:93)
	at org.junit.jupiter.engine.execution.InvocationInterceptorChain$InterceptedInvocation.proceed(InvocationInterceptorChain.java:106)
	at org.junit.jupiter.engine.execution.InvocationInterceptorChain.proceed(InvocationInterceptorChain.java:64)
	at org.junit.jupiter.engine.execution.InvocationInterceptorChain.chainAndInvoke(InvocationInterceptorChain.java:45)
	at org.junit.jupiter.engine.execution.InvocationInterceptorChain.invoke(InvocationInterceptorChain.java:37)
	at org.junit.jupiter.engine.execution.InterceptingExecutableInvoker.invoke(InterceptingExecutableInvoker.java:92)
	at org.junit.jupiter.engine.execution.InterceptingExecutableInvoker.invoke(InterceptingExecutableInvoker.java:86)
	at org.junit.jupiter.engine.descriptor.TestMethodTestDescriptor.lambda$invokeTestMethod$7(TestMethodTestDescriptor.java:218)
	at org.junit.platform.engine.support.hierarchical.ThrowableCollector.execute(ThrowableCollector.java:73)
	at org.junit.jupiter.engine.descriptor.TestMethodTestDescriptor.invokeTestMethod(TestMethodTestDescriptor.java:214)
	at org.junit.jupiter.engine.descriptor.TestMethodTestDescriptor.execute(TestMethodTestDescriptor.java:139)
	at org.junit.jupiter.engine.descriptor.TestMethodTestDescriptor.execute(TestMethodTestDescriptor.java:69)
	at org.junit.platform.engine.support.hierarchical.NodeTestTask.lambda$executeRecursively$6(NodeTestTask.java:151)
	at org.junit.platform.engine.support.hierarchical.ThrowableCollector.execute(ThrowableCollector.java:73)
	at org.junit.platform.engine.support.hierarchical.NodeTestTask.lambda$executeRecursively$8(NodeTestTask.java:141)
	at org.junit.platform.engine.support.hierarchical.Node.around(Node.java:137)
	at org.junit.platform.engine.support.hierarchical.NodeTestTask.lambda$executeRecursively$9(NodeTestTask.java:139)
	at org.junit.platform.engine.support.hierarchical.ThrowableCollector.execute(ThrowableCollector.java:73)
	at org.junit.platform.engine.support.hierarchical.NodeTestTask.executeRecursively(NodeTestTask.java:138)
	at org.junit.platform.engine.support.hierarchical.NodeTestTask.execute(NodeTestTask.java:95)
	at java.base/java.util.ArrayList.forEach(ArrayList.java:1596)
	at org.junit.platform.engine.support.hierarchical.SameThreadHierarchicalTestExecutorService.invokeAll(SameThreadHierarchicalTestExecutorService.java:41)
	at org.junit.platform.engine.support.hierarchical.NodeTestTask.lambda$executeRecursively$6(NodeTestTask.java:155)
	at org.junit.platform.engine.support.hierarchical.ThrowableCollector.execute(ThrowableCollector.java:73)
	at org.junit.platform.engine.support.hierarchical.NodeTestTask.lambda$executeRecursively$8(NodeTestTask.java:141)
	at org.junit.platform.engine.support.hierarchical.Node.around(Node.java:137)
	at org.junit.platform.engine.support.hierarchical.NodeTestTask.lambda$executeRecursively$9(NodeTestTask.java:139)
	at org.junit.platform.engine.support.hierarchical.ThrowableCollector.execute(ThrowableCollector.java:73)
	at org.junit.platform.engine.support.hierarchical.NodeTestTask.executeRecursively(NodeTestTask.java:138)
	at org.junit.platform.engine.support.hierarchical.NodeTestTask.execute(NodeTestTask.java:95)
	at java.base/java.util.ArrayList.forEach(ArrayList.java:1596)
	at org.junit.platform.engine.support.hierarchical.SameThreadHierarchicalTestExecutorService.invokeAll(SameThreadHierarchicalTestExecutorService.java:41)
	at org.junit.platform.engine.support.hierarchical.NodeTestTask.lambda$executeRecursively$6(NodeTestTask.java:155)
	at org.junit.platform.engine.support.hierarchical.ThrowableCollector.execute(ThrowableCollector.java:73)
	at org.junit.platform.engine.support.hierarchical.NodeTestTask.lambda$executeRecursively$8(NodeTestTask.java:141)
	at org.junit.platform.engine.support.hierarchical.Node.around(Node.java:137)
	at org.junit.platform.engine.support.hierarchical.NodeTestTask.lambda$executeRecursively$9(NodeTestTask.java:139)
	at org.junit.platform.engine.support.hierarchical.ThrowableCollector.execute(ThrowableCollector.java:73)
	at org.junit.platform.engine.support.hierarchical.NodeTestTask.executeRecursively(NodeTestTask.java:138)
	at org.junit.platform.engine.support.hierarchical.NodeTestTask.execute(NodeTestTask.java:95)
	at org.junit.platform.engine.support.hierarchical.SameThreadHierarchicalTestExecutorService.submit(SameThreadHierarchicalTestExecutorService.java:35)
	at org.junit.platform.engine.support.hierarchical.HierarchicalTestExecutor.execute(HierarchicalTestExecutor.java:57)
	at org.junit.platform.engine.support.hierarchical.HierarchicalTestEngine.execute(HierarchicalTestEngine.java:54)
	at org.junit.platform.launcher.core.EngineExecutionOrchestrator.execute(EngineExecutionOrchestrator.java:198)
	at org.junit.platform.launcher.core.EngineExecutionOrchestrator.execute(EngineExecutionOrchestrator.java:169)
	at org.junit.platform.launcher.core.EngineExecutionOrchestrator.execute(EngineExecutionOrchestrator.java:93)
	at org.junit.platform.launcher.core.EngineExecutionOrchestrator.lambda$execute$0(EngineExecutionOrchestrator.java:58)
	at org.junit.platform.launcher.core.EngineExecutionOrchestrator.withInterceptedStreams(EngineExecutionOrchestrator.java:141)
	at org.junit.platform.launcher.core.EngineExecutionOrchestrator.execute(EngineExecutionOrchestrator.java:57)
	at org.junit.platform.launcher.core.DefaultLauncher.execute(DefaultLauncher.java:103)
	at org.junit.platform.launcher.core.DefaultLauncher.execute(DefaultLauncher.java:85)
	at org.junit.platform.launcher.core.DelegatingLauncher.execute(DelegatingLauncher.java:47)
	at org.junit.platform.launcher.core.SessionPerRequestLauncher.execute(SessionPerRequestLauncher.java:63)
	at com.intellij.junit5.JUnit5IdeaTestRunner.startRunnerWithArgs(JUnit5IdeaTestRunner.java:57)
	at com.intellij.rt.junit.IdeaTestRunner$Repeater$1.execute(IdeaTestRunner.java:38)
	at com.intellij.rt.execution.junit.TestsRepeater.repeat(TestsRepeater.java:11)
	at com.intellij.rt.junit.IdeaTestRunner$Repeater.startRunnerWithArgs(IdeaTestRunner.java:35)
	at com.intellij.rt.junit.JUnitStarter.prepareStreamsAndStart(JUnitStarter.java:232)
	at com.intellij.rt.junit.JUnitStarter.main(JUnitStarter.java:55)
2024-12-31 12:59:29 [main] INFO  l.insoft.uztis.tests.utils.TestUtils - Screenshot moved to C:\Users\ingrida.zadorozniene\Desktop\Asm\automatinis\IngridaZ_egzaminas\test-output\screenshots\20241231\125929634_testCreateNewVuiInvitationDraft().png
2024-12-31 13:00:07 [main] INFO  lt.insoft.uztis.tests.UztisPageTest - Navigated to https://uztisdev.asseco.lt/home
2024-12-31 13:00:07 [main] INFO  l.i.uztis.tests.InvitationsPageTest - Starting test:'testNavigateToInvitationPageTest'
2024-12-31 13:00:07 [main] DEBUG l.i.uztis.tests.InvitationsPageTest - Opened 'Application Processing' menu.
2024-12-31 13:00:07 [main] DEBUG l.i.uztis.tests.InvitationsPageTest - Clicked on 'Invitation' menu.
2024-12-31 13:00:08 [main] DEBUG l.i.uztis.tests.InvitationsPageTest - Fetched label text: Kvietimai teikti paraiškas
2024-12-31 13:00:08 [main] INFO  l.i.uztis.tests.InvitationsPageTest - 'goToInvitationPageTest' completed. Label is: Kvietimai teikti paraiškas
2024-12-31 13:00:08 [main] INFO  l.insoft.uztis.tests.utils.TestUtils - Screenshot moved to C:\Users\ingrida.zadorozniene\Desktop\Asm\automatinis\IngridaZ_egzaminas\test-output\screenshots\20241231\130008385_testNavigateToInvitationPageTest.png
2024-12-31 13:00:08 [main] INFO  l.i.uztis.tests.InvitationsPageTest - Test 'testNavigateToInvitationPageTest' completed successfully.
2024-12-31 14:03:10 [main] INFO  lt.insoft.uztis.tests.UztisPageTest - Navigated to https://uztisdev.asseco.lt/home
2024-12-31 14:03:10 [main] INFO  l.i.uztis.tests.InvitationsPageTest - Starting test:'testEditAndPublishVuiInvitationDraft'
2024-12-31 14:03:11 [main] DEBUG l.i.uztis.tests.InvitationsPageTest - Opened 'Application Processing' menu.
2024-12-31 14:03:11 [main] DEBUG l.i.uztis.tests.InvitationsPageTest - Clicked on 'Application Forms' menu.
2024-12-31 14:03:11 [main] DEBUG l.i.uztis.tests.InvitationsPageTest - Retrieved last description code text: 'TST-38'.
2024-12-31 14:03:11 [main] DEBUG l.i.uztis.tests.InvitationsPageTest - Clicked on 'Invitation' menu.
2024-12-31 14:03:12 [main] DEBUG l.i.uztis.tests.InvitationsPageTest - Selected section by code: 'TST-38'.
2024-12-31 14:03:12 [main] DEBUG l.i.uztis.tests.InvitationsPageTest - Clicked 'Search'.
2024-12-31 14:03:12 [main] DEBUG l.i.uztis.tests.InvitationsPageTest - Clicked 'InvitationDraft'.
2024-12-31 14:03:13 [main] DEBUG l.i.uztis.tests.InvitationsPageTest - Clicked 'Edit'.
2024-12-31 14:03:13 [main] DEBUG l.i.uztis.tests.InvitationsPageTest - Entered publication end date.
2024-12-31 14:03:13 [main] DEBUG l.i.uztis.tests.InvitationsPageTest - Added additional values.
2024-12-31 14:03:13 [main] INFO  l.insoft.uztis.pages.InvitationsPage - Processing dropdown index: 0
2024-12-31 14:03:24 [main] ERROR l.insoft.uztis.pages.InvitationsPage - Timeout while waiting for dropdown to close at index: 0 with aria-expanded = 'false'
2024-12-31 14:03:24 [main] INFO  l.insoft.uztis.pages.InvitationsPage - Processing dropdown index: 1
2024-12-31 14:03:34 [main] ERROR l.insoft.uztis.pages.InvitationsPage - Timeout while waiting for dropdown to close at index: 1 with aria-expanded = 'false'
2024-12-31 14:03:34 [main] INFO  l.insoft.uztis.pages.InvitationsPage - Processing dropdown index: 2
2024-12-31 14:03:44 [main] ERROR l.insoft.uztis.pages.InvitationsPage - Timeout while waiting for dropdown to close at index: 2 with aria-expanded = 'false'
2024-12-31 14:03:44 [main] DEBUG l.i.uztis.tests.InvitationsPageTest - Selected dropdown and entered text.
2024-12-31 14:03:44 [main] DEBUG l.i.uztis.tests.InvitationsPageTest - Entered value: 12000
2024-12-31 14:03:45 [main] DEBUG l.i.uztis.tests.InvitationsPageTest - Entered value: 12000
2024-12-31 14:03:45 [main] DEBUG l.i.uztis.tests.InvitationsPageTest - Entered value: 13000
2024-12-31 14:03:45 [main] DEBUG l.i.uztis.tests.InvitationsPageTest - Entered values: first, second, and third.
2024-12-31 14:03:45 [main] DEBUG l.i.uztis.tests.InvitationsPageTest - Checked 'Legal Entities' checkbox.
2024-12-31 14:03:45 [main] DEBUG l.i.uztis.tests.InvitationsPageTest - Unchecked 'Persons Registered with Employment Service' checkbox.
2024-12-31 14:03:45 [main] DEBUG l.i.uztis.tests.InvitationsPageTest - Checked 'Persons Registered as Employers' checkbox.
2024-12-31 14:03:45 [main] DEBUG l.i.uztis.tests.InvitationsPageTest - Entered second evaluation grade: '5'.
2024-12-31 14:03:45 [main] DEBUG l.i.uztis.tests.InvitationsPageTest - Entered third evaluation grade: '6'.
2024-12-31 14:03:45 [main] DEBUG l.i.uztis.tests.InvitationsPageTest - Entered second evaluation grade weight: '0,45'.
2024-12-31 14:03:45 [main] DEBUG l.i.uztis.tests.InvitationsPageTest - Entered third evaluation grade weight: '0,55'.
2024-12-31 14:03:45 [main] DEBUG l.i.uztis.tests.InvitationsPageTest - Entered budget: '2000'.
2024-12-31 14:03:46 [main] DEBUG l.i.uztis.tests.InvitationsPageTest - Entered description text: 'Aprašo tekstas'.
2024-12-31 14:03:46 [main] DEBUG l.i.uztis.tests.InvitationsPageTest - Entered applicants text: 'Pareiškėjų tekstas'.
2024-12-31 14:03:46 [main] DEBUG l.i.uztis.tests.InvitationsPageTest - Entered expenditures text: 'Išlaidų tekstas'.
2024-12-31 14:03:46 [main] DEBUG l.i.uztis.tests.InvitationsPageTest - Entered legislation text: 'Teisės aktų tekstas'.
2024-12-31 14:03:46 [main] DEBUG l.i.uztis.tests.InvitationsPageTest - Entered education text: 'Mokymų tekstas'.
2024-12-31 14:03:46 [main] DEBUG l.i.uztis.tests.InvitationsPageTest - File uploaded.
2024-12-31 14:03:46 [main] DEBUG l.i.uztis.tests.InvitationsPageTest - Clicked 'Publish'.
2024-12-31 14:03:46 [main] DEBUG l.i.uztis.tests.InvitationsPageTest - Publication confirmed.
2024-12-31 14:03:47 [main] DEBUG l.i.uztis.tests.InvitationsPageTest - Verified success message: 'Funkcija sėkmingai atlikta.'
2024-12-31 14:03:47 [main] INFO  l.i.uztis.tests.InvitationsPageTest - Test 'testEditAndPublishVuiInvitationDraft' completed successfully.
2024-12-31 14:08:33 [main] INFO  lt.insoft.uztis.tests.UztisPageTest - Navigated to https://uztisdev.asseco.lt/home
2024-12-31 14:08:33 [main] INFO  l.i.uztis.tests.InvitationsPageTest - Starting test:'testStopPublicationVuiInvitation'
2024-12-31 14:08:33 [main] DEBUG l.i.uztis.tests.InvitationsPageTest - Opened 'Application Processing' menu.
2024-12-31 14:08:33 [main] DEBUG l.i.uztis.tests.InvitationsPageTest - Clicked on 'Application Forms' menu.
2024-12-31 14:08:33 [main] DEBUG l.i.uztis.tests.InvitationsPageTest - Retrieved last description code text: 'TST-38'.
2024-12-31 14:08:34 [main] DEBUG l.i.uztis.tests.InvitationsPageTest - Clicked on 'Invitation' menu.
2024-12-31 14:08:34 [main] DEBUG l.i.uztis.tests.InvitationsPageTest - Selected section by code: 'TST-38'.
2024-12-31 14:08:34 [main] DEBUG l.i.uztis.tests.InvitationsPageTest - Clicked 'Search'.
2024-12-31 14:08:34 [main] DEBUG l.i.uztis.tests.InvitationsPageTest - Clicked 'Publishing'.
2024-12-31 14:08:35 [main] DEBUG l.i.uztis.tests.InvitationsPageTest - Clicked 'Action'.
2024-12-31 14:08:35 [main] DEBUG l.i.uztis.tests.InvitationsPageTest - Clicked 'Stop Publication'.
2024-12-31 14:08:35 [main] DEBUG l.i.uztis.tests.InvitationsPageTest - Entered expenditures text: 'Priežasties aprašas'.
2024-12-31 14:08:36 [main] DEBUG l.i.uztis.tests.InvitationsPageTest - Clicked 'Stop Publication Confirmation'.
2024-12-31 14:08:36 [main] DEBUG l.i.uztis.tests.InvitationsPageTest - Fetched label text: Sustabdytas publikavimas
2024-12-31 14:08:36 [main] INFO  l.i.uztis.tests.InvitationsPageTest - 'goToInvitationPageTest' completed. Label is: Sustabdytas publikavimas
2024-12-31 14:08:36 [main] INFO  l.i.uztis.tests.InvitationsPageTest - Test 'testStopPublicationVuiInvitation' completed successfully.
2024-12-31 14:09:25 [main] INFO  lt.insoft.uztis.tests.UztisPageTest - Navigated to https://uztisdev.asseco.lt/home
2024-12-31 14:09:25 [main] INFO  l.i.uztis.tests.InvitationsPageTest - Starting test:'testArchiveVuiInvitation'
2024-12-31 14:09:25 [main] DEBUG l.i.uztis.tests.InvitationsPageTest - Opened 'Application Processing' menu.
2024-12-31 14:09:25 [main] DEBUG l.i.uztis.tests.InvitationsPageTest - Clicked on 'Application Forms' menu.
2024-12-31 14:09:25 [main] DEBUG l.i.uztis.tests.InvitationsPageTest - Retrieved last description code text: 'TST-38'.
2024-12-31 14:09:26 [main] DEBUG l.i.uztis.tests.InvitationsPageTest - Clicked on 'Invitation' menu.
2024-12-31 14:09:26 [main] DEBUG l.i.uztis.tests.InvitationsPageTest - Selected section by code: 'TST-38'.
2024-12-31 14:09:26 [main] DEBUG l.i.uztis.tests.InvitationsPageTest - Clicked 'Search'.
2024-12-31 14:09:26 [main] DEBUG l.i.uztis.tests.InvitationsPageTest - Clicked 'Publication Stopped'.
2024-12-31 14:09:27 [main] DEBUG l.i.uztis.tests.InvitationsPageTest - Clicked 'Action'.
2024-12-31 14:09:27 [main] DEBUG l.i.uztis.tests.InvitationsPageTest - Clicked 'Archive'.
2024-12-31 14:09:27 [main] DEBUG l.i.uztis.tests.InvitationsPageTest - Entered expenditures text: 'Priežasties aprašas'.
2024-12-31 14:09:27 [main] DEBUG l.i.uztis.tests.InvitationsPageTest - Clicked 'Stop Publication Confirmation'.
2024-12-31 14:09:28 [main] DEBUG l.i.uztis.tests.InvitationsPageTest - Fetched label text: Archyvuotas
2024-12-31 14:09:28 [main] INFO  l.i.uztis.tests.InvitationsPageTest - 'goToInvitationPageTest' completed. Label is: Archyvuotas
2024-12-31 14:09:28 [main] INFO  l.i.uztis.tests.InvitationsPageTest - Test 'testArchiveVuiInvitation' completed successfully.
2024-12-31 14:09:39 [main] INFO  lt.insoft.uztis.tests.UztisPageTest - Navigated to https://uztisdev.asseco.lt/home
2024-12-31 14:09:39 [main] INFO  l.i.uztis.tests.InvitationsPageTest - Starting test:'testDeleteVuiInvitation'
2024-12-31 14:09:39 [main] DEBUG l.i.uztis.tests.InvitationsPageTest - Opened 'Application Processing' menu.
2024-12-31 14:09:39 [main] DEBUG l.i.uztis.tests.InvitationsPageTest - Clicked on 'Application Forms' menu.
2024-12-31 14:09:40 [main] DEBUG l.i.uztis.tests.InvitationsPageTest - Retrieved last description code text: 'TST-38'.
2024-12-31 14:09:40 [main] DEBUG l.i.uztis.tests.InvitationsPageTest - Clicked on 'Invitation' menu.
2024-12-31 14:09:40 [main] DEBUG l.i.uztis.tests.InvitationsPageTest - Selected section by code: 'TST-38'.
2024-12-31 14:09:40 [main] DEBUG l.i.uztis.tests.InvitationsPageTest - Clicked 'Search'.
2024-12-31 14:09:41 [main] DEBUG l.i.uztis.tests.InvitationsPageTest - Clicked 'Archived'.
2024-12-31 14:09:41 [main] DEBUG l.i.uztis.tests.InvitationsPageTest - Clicked 'Action'.
2024-12-31 14:09:41 [main] DEBUG l.i.uztis.tests.InvitationsPageTest - Clicked 'Delete'.
2024-12-31 14:09:41 [main] DEBUG l.i.uztis.tests.InvitationsPageTest - Clicked 'Stop Publication Confirmation'.
2024-12-31 14:09:42 [main] DEBUG l.i.uztis.tests.InvitationsPageTest - Verified success message: 'Įrašas sėkmingai pašalintas.'
2024-12-31 14:09:42 [main] INFO  l.i.uztis.tests.InvitationsPageTest - Test 'testDeleteVuiInvitation' completed successfully.
2024-12-31 14:10:55 [main] INFO  lt.insoft.uztis.tests.UztisPageTest - Navigated to https://uztisdev.asseco.lt/home
2024-12-31 14:10:55 [main] INFO  l.i.uztis.tests.InvitationsPageTest - Starting test:'testCreateNewVuiInvitation'
2024-12-31 14:10:55 [main] DEBUG l.i.uztis.tests.InvitationsPageTest - Opened 'Application Processing' menu.
2024-12-31 14:10:55 [main] DEBUG l.i.uztis.tests.InvitationsPageTest - Clicked on 'Application Forms' menu.
2024-12-31 14:10:56 [main] DEBUG l.i.uztis.tests.InvitationsPageTest - Retrieved last description code text: 'TST-38'.
2024-12-31 14:10:56 [main] DEBUG l.i.uztis.tests.InvitationsPageTest - Clicked on 'Invitation' menu.
2024-12-31 14:10:56 [main] DEBUG l.i.uztis.tests.InvitationsPageTest - Clicked 'Create New Application Form'.
2024-12-31 14:10:56 [main] DEBUG l.i.uztis.tests.InvitationsPageTest - Selected section by code: 'TST-38'.
2024-12-31 14:10:57 [main] DEBUG l.i.uztis.tests.InvitationsPageTest - Selected invitation number from the list.
2024-12-31 14:10:57 [main] DEBUG l.i.uztis.tests.InvitationsPageTest - Entered current date.
2024-12-31 14:10:58 [main] DEBUG l.i.uztis.tests.InvitationsPageTest - Entered start time: 00:00.
2024-12-31 14:10:58 [main] DEBUG l.i.uztis.tests.InvitationsPageTest - Entered end date.
2024-12-31 14:10:58 [main] DEBUG l.i.uztis.tests.InvitationsPageTest - Entered end time: 11:11.
2024-12-31 14:10:59 [main] DEBUG l.i.uztis.tests.InvitationsPageTest - Entered publication end date.
2024-12-31 14:10:59 [main] DEBUG l.i.uztis.tests.InvitationsPageTest - Added additional values.
2024-12-31 14:10:59 [main] INFO  l.insoft.uztis.pages.InvitationsPage - Processing dropdown index: 0
2024-12-31 14:11:09 [main] ERROR l.insoft.uztis.pages.InvitationsPage - Timeout while waiting for dropdown to close at index: 0 with aria-expanded = 'false'
2024-12-31 14:11:09 [main] INFO  l.insoft.uztis.pages.InvitationsPage - Processing dropdown index: 1
2024-12-31 14:11:20 [main] ERROR l.insoft.uztis.pages.InvitationsPage - Timeout while waiting for dropdown to close at index: 1 with aria-expanded = 'false'
2024-12-31 14:11:20 [main] INFO  l.insoft.uztis.pages.InvitationsPage - Processing dropdown index: 2
2024-12-31 14:11:30 [main] ERROR l.insoft.uztis.pages.InvitationsPage - Timeout while waiting for dropdown to close at index: 2 with aria-expanded = 'false'
2024-12-31 14:11:30 [main] DEBUG l.i.uztis.tests.InvitationsPageTest - Selected dropdown and entered text.
2024-12-31 14:11:31 [main] DEBUG l.i.uztis.tests.InvitationsPageTest - Entered values: first, second, and third.
2024-12-31 14:11:31 [main] DEBUG l.i.uztis.tests.InvitationsPageTest - Checked 'Legal Entities' checkbox.
2024-12-31 14:11:31 [main] DEBUG l.i.uztis.tests.InvitationsPageTest - Unchecked 'Persons Registered with Employment Service' checkbox.
2024-12-31 14:11:31 [main] DEBUG l.i.uztis.tests.InvitationsPageTest - Checked 'Persons Registered as Employers' checkbox.
2024-12-31 14:11:31 [main] DEBUG l.i.uztis.tests.InvitationsPageTest - Entered second evaluation grade: '5'.
2024-12-31 14:11:31 [main] DEBUG l.i.uztis.tests.InvitationsPageTest - Entered third evaluation grade: '6'.
2024-12-31 14:11:31 [main] DEBUG l.i.uztis.tests.InvitationsPageTest - Entered second evaluation grade weight: '0,45'.
2024-12-31 14:11:31 [main] DEBUG l.i.uztis.tests.InvitationsPageTest - Entered third evaluation grade weight: '0,55'.
2024-12-31 14:11:32 [main] DEBUG l.i.uztis.tests.InvitationsPageTest - Entered budget: '2000'.
2024-12-31 14:11:32 [main] DEBUG l.i.uztis.tests.InvitationsPageTest - Entered description text: 'Aprašo tekstas'.
2024-12-31 14:11:32 [main] DEBUG l.i.uztis.tests.InvitationsPageTest - Entered applicants text: 'Pareiškėjų tekstas'.
2024-12-31 14:11:32 [main] DEBUG l.i.uztis.tests.InvitationsPageTest - Entered expenditures text: 'Išlaidų tekstas'.
2024-12-31 14:11:32 [main] DEBUG l.i.uztis.tests.InvitationsPageTest - Entered legislation text: 'Teisės aktų tekstas'.
2024-12-31 14:11:32 [main] DEBUG l.i.uztis.tests.InvitationsPageTest - Entered education text: 'Mokymų tekstas'.
2024-12-31 14:11:32 [main] DEBUG l.i.uztis.tests.InvitationsPageTest - File uploaded.
2024-12-31 14:11:32 [main] DEBUG l.i.uztis.tests.InvitationsPageTest - Clicked 'Publish'.
2024-12-31 14:11:33 [main] DEBUG l.i.uztis.tests.InvitationsPageTest - Publication confirmed.
2024-12-31 14:11:33 [main] DEBUG l.i.uztis.tests.InvitationsPageTest - Verified success message: 'Funkcija sėkmingai atlikta.'
2024-12-31 14:11:33 [main] INFO  l.i.uztis.tests.InvitationsPageTest - Test 'testCreateNewVuiInvitation' completed successfully.
2025-01-02 10:22:16 [main] INFO  lt.insoft.uztis.tests.UztisPageTest - Navigated to https://uztisdev.asseco.lt/home
2025-01-02 10:22:16 [main] INFO  l.i.u.tests.ApplicationFormsPageTest - Setup complete. ApplicationFormsPage initialized.
2025-01-02 10:22:16 [main] INFO  l.i.u.tests.ApplicationFormsPageTest - Starting test:'testCreateNewVuiApplication'
2025-01-02 10:22:16 [main] DEBUG l.i.u.tests.ApplicationFormsPageTest - Opened 'Application Processing' menu.
2025-01-02 10:22:17 [main] DEBUG l.i.u.tests.ApplicationFormsPageTest - Clicked on 'Application Forms' menu.
2025-01-02 10:22:17 [main] DEBUG l.i.u.tests.ApplicationFormsPageTest - Clicked to create a new application form.
2025-01-02 10:22:17 [main] DEBUG l.i.u.tests.ApplicationFormsPageTest - Entered random application code: TST-23
2025-01-02 10:22:17 [main] DEBUG l.i.u.tests.ApplicationFormsPageTest - Selected 'Municipality' radio button.
2025-01-02 10:22:17 [main] DEBUG l.i.u.tests.ApplicationFormsPageTest - Selected 'Budget by Municipality' option.
2025-01-02 10:22:18 [main] DEBUG l.i.u.tests.ApplicationFormsPageTest - Selected 'Financed Without Queue' option.
2025-01-02 10:22:18 [main] DEBUG l.i.u.tests.ApplicationFormsPageTest - Clicked 'Add' button.
2025-01-02 10:22:18 [main] DEBUG l.i.u.tests.ApplicationFormsPageTest - Selected value from 'Department' list.
2025-01-02 10:22:20 [main] DEBUG l.i.u.tests.ApplicationFormsPageTest - Selected values from evaluation dropdowns.
2025-01-02 10:22:20 [main] DEBUG l.i.u.tests.ApplicationFormsPageTest - Clicked 'Plus' button.
2025-01-02 10:22:21 [main] DEBUG l.i.u.tests.ApplicationFormsPageTest - Clicked 'Add' button seven times.
2025-01-02 10:22:21 [main] INFO  l.i.uztis.pages.ApplicationFormsPage - Processing dropdown index: 0
2025-01-02 10:22:31 [main] ERROR l.i.uztis.pages.ApplicationFormsPage - Timeout while waiting for dropdown to close at index: 0 with aria-expanded = 'false'
2025-01-02 10:22:31 [main] INFO  l.i.uztis.pages.ApplicationFormsPage - Processing dropdown index: 1
2025-01-02 10:22:42 [main] ERROR l.i.uztis.pages.ApplicationFormsPage - Timeout while waiting for dropdown to close at index: 1 with aria-expanded = 'false'
2025-01-02 10:22:42 [main] INFO  l.i.uztis.pages.ApplicationFormsPage - Processing dropdown index: 2
2025-01-02 10:22:52 [main] ERROR l.i.uztis.pages.ApplicationFormsPage - Timeout while waiting for dropdown to close at index: 2 with aria-expanded = 'false'
2025-01-02 10:22:52 [main] INFO  l.i.uztis.pages.ApplicationFormsPage - Processing dropdown index: 3
2025-01-02 10:23:03 [main] ERROR l.i.uztis.pages.ApplicationFormsPage - Timeout while waiting for dropdown to close at index: 3 with aria-expanded = 'false'
2025-01-02 10:23:03 [main] INFO  l.i.uztis.pages.ApplicationFormsPage - Processing dropdown index: 4
2025-01-02 10:23:14 [main] ERROR l.i.uztis.pages.ApplicationFormsPage - Timeout while waiting for dropdown to close at index: 4 with aria-expanded = 'false'
2025-01-02 10:23:14 [main] INFO  l.i.uztis.pages.ApplicationFormsPage - Processing dropdown index: 5
2025-01-02 10:23:24 [main] ERROR l.i.uztis.pages.ApplicationFormsPage - Timeout while waiting for dropdown to close at index: 5 with aria-expanded = 'false'
2025-01-02 10:23:24 [main] INFO  l.i.uztis.pages.ApplicationFormsPage - Processing dropdown index: 6
2025-01-02 10:23:34 [main] ERROR l.i.uztis.pages.ApplicationFormsPage - Timeout while waiting for dropdown to close at index: 6 with aria-expanded = 'false'
2025-01-02 10:23:34 [main] INFO  l.i.uztis.pages.ApplicationFormsPage - Processing dropdown index: 7
2025-01-02 10:23:45 [main] ERROR l.i.uztis.pages.ApplicationFormsPage - Timeout while waiting for dropdown to close at index: 7 with aria-expanded = 'false'
2025-01-02 10:23:45 [main] INFO  l.i.uztis.pages.ApplicationFormsPage - Processing input field index: 0
2025-01-02 10:23:45 [main] INFO  l.i.uztis.pages.ApplicationFormsPage - Entered value '50' into field index: 0
2025-01-02 10:23:45 [main] INFO  l.i.uztis.pages.ApplicationFormsPage - Processing input field index: 1
2025-01-02 10:23:45 [main] INFO  l.i.uztis.pages.ApplicationFormsPage - Entered value '924' into field index: 1
2025-01-02 10:23:45 [main] INFO  l.i.uztis.pages.ApplicationFormsPage - Processing input field index: 2
2025-01-02 10:23:46 [main] INFO  l.i.uztis.pages.ApplicationFormsPage - Entered value '31' into field index: 2
2025-01-02 10:23:46 [main] INFO  l.i.uztis.pages.ApplicationFormsPage - Processing input field index: 3
2025-01-02 10:23:46 [main] INFO  l.i.uztis.pages.ApplicationFormsPage - Entered value '4.7' into field index: 3
2025-01-02 10:23:46 [main] INFO  l.i.uztis.pages.ApplicationFormsPage - Processing input field index: 4
2025-01-02 10:23:46 [main] INFO  l.i.uztis.pages.ApplicationFormsPage - Entered value '35' into field index: 4
2025-01-02 10:23:46 [main] INFO  l.i.uztis.pages.ApplicationFormsPage - Processing input field index: 5
2025-01-02 10:23:46 [main] INFO  l.i.uztis.pages.ApplicationFormsPage - Entered value '20' into field index: 5
2025-01-02 10:23:46 [main] INFO  l.i.uztis.pages.ApplicationFormsPage - Processing input field index: 6
2025-01-02 10:23:46 [main] INFO  l.i.uztis.pages.ApplicationFormsPage - Entered value '30' into field index: 6
2025-01-02 10:23:46 [main] INFO  l.i.uztis.pages.ApplicationFormsPage - Processing input field index: 7
2025-01-02 10:23:46 [main] INFO  l.i.uztis.pages.ApplicationFormsPage - Entered value '60' into field index: 7
2025-01-02 10:23:46 [main] DEBUG l.i.u.tests.ApplicationFormsPageTest - Entered additional values and text.
2025-01-02 10:23:46 [main] DEBUG l.i.u.tests.ApplicationFormsPageTest - Entered application name: Paraiška
2025-01-02 10:23:46 [main] DEBUG l.i.u.tests.ApplicationFormsPageTest - Clicked the 'Save' button.
2025-01-02 10:23:47 [main] INFO  l.i.u.tests.ApplicationFormsPageTest - Verified success message text: 'Duomenys sėkmingai išsaugoti.'
2025-01-02 10:23:47 [main] INFO  l.i.u.tests.ApplicationFormsPageTest - Verified that the 'Save Form' button is displayed.
2025-01-02 10:23:47 [main] INFO  l.i.u.tests.ApplicationFormsPageTest - Test 'testCreateNewVuiApplication' completed successfully.
2025-01-02 10:24:34 [main] INFO  lt.insoft.uztis.tests.UztisPageTest - Navigated to https://uztisdev.asseco.lt/home
2025-01-02 10:24:34 [main] INFO  l.i.u.tests.ApplicationFormsPageTest - Setup complete. ApplicationFormsPage initialized.
2025-01-02 10:24:34 [main] INFO  l.i.u.tests.ApplicationFormsPageTest - Starting test:'testCreateNewVuiApplication'
2025-01-02 10:24:34 [main] DEBUG l.i.u.tests.ApplicationFormsPageTest - Opened 'Application Processing' menu.
2025-01-02 10:24:34 [main] DEBUG l.i.u.tests.ApplicationFormsPageTest - Clicked on 'Application Forms' menu.
2025-01-02 10:24:34 [main] DEBUG l.i.u.tests.ApplicationFormsPageTest - Clicked to create a new application form.
2025-01-02 10:24:34 [main] DEBUG l.i.u.tests.ApplicationFormsPageTest - Entered random application code: TST-50
2025-01-02 10:24:34 [main] INFO  l.i.u.tests.ApplicationFormsPageTest - Selected 'Section' radio button.
2025-01-02 10:24:35 [main] DEBUG l.i.u.tests.ApplicationFormsPageTest - Selected 'Budget by Municipality' option.
2025-01-02 10:24:35 [main] DEBUG l.i.u.tests.ApplicationFormsPageTest - Selected 'Financed Without Queue' option.
2025-01-02 10:24:35 [main] DEBUG l.i.u.tests.ApplicationFormsPageTest - Clicked 'Add' button.
2025-01-02 10:24:35 [main] DEBUG l.i.u.tests.ApplicationFormsPageTest - Selected value from 'Department' list.
2025-01-02 10:24:36 [main] ERROR l.i.u.tests.ApplicationFormsPageTest - Test 'testCreateNewVuiApplication' failed with error: element click intercepted: Element <mat-label>...</mat-label> is not clickable at point (433, 893). Other element would receive the click: <div class="cdk-overlay-backdrop cdk-overlay-transparent-backdrop cdk-overlay-backdrop-showing"></div>
  (Session info: chrome=131.0.6778.205)
Build info: version: '4.27.0', revision: 'd6e718d134'
System info: os.name: 'Windows 11', os.arch: 'amd64', os.version: '10.0', java.version: '21.0.3'
Driver info: org.openqa.selenium.chrome.ChromeDriver
Command: [6549b1c3f06aa5d9f7dfd34f4ec53e11, clickElement {id=f.02ECDC35FB82DF794D97BAFA6DDD3026.d.5D53F0CFD933BD5E3416C98AB0BF21BB.e.52}]
Capabilities {acceptInsecureCerts: false, browserName: chrome, browserVersion: 131.0.6778.205, chrome: {chromedriverVersion: 131.0.6778.204 (52183f9e99a..., userDataDir: C:\Users\INGRID~1.ZAD\AppDa...}, fedcm:accounts: true, goog:chromeOptions: {debuggerAddress: localhost:57612}, networkConnectionEnabled: false, pageLoadStrategy: normal, platformName: windows, proxy: Proxy(), se:cdp: ws://localhost:57612/devtoo..., se:cdpVersion: 131.0.6778.205, setWindowRect: true, strictFileInteractability: false, timeouts: {implicit: 0, pageLoad: 300000, script: 30000}, unhandledPromptBehavior: dismiss and notify, webauthn:extension:credBlob: true, webauthn:extension:largeBlob: true, webauthn:extension:minPinLength: true, webauthn:extension:prf: true, webauthn:virtualAuthenticators: true}
Element: [[ChromeDriver: chrome on windows (6549b1c3f06aa5d9f7dfd34f4ec53e11)] -> xpath: //mat-label[contains(text(), 'I etapo vertinimo forma')]]
Session ID: 6549b1c3f06aa5d9f7dfd34f4ec53e11
org.openqa.selenium.ElementClickInterceptedException: element click intercepted: Element <mat-label>...</mat-label> is not clickable at point (433, 893). Other element would receive the click: <div class="cdk-overlay-backdrop cdk-overlay-transparent-backdrop cdk-overlay-backdrop-showing"></div>
  (Session info: chrome=131.0.6778.205)
Build info: version: '4.27.0', revision: 'd6e718d134'
System info: os.name: 'Windows 11', os.arch: 'amd64', os.version: '10.0', java.version: '21.0.3'
Driver info: org.openqa.selenium.chrome.ChromeDriver
Command: [6549b1c3f06aa5d9f7dfd34f4ec53e11, clickElement {id=f.02ECDC35FB82DF794D97BAFA6DDD3026.d.5D53F0CFD933BD5E3416C98AB0BF21BB.e.52}]
Capabilities {acceptInsecureCerts: false, browserName: chrome, browserVersion: 131.0.6778.205, chrome: {chromedriverVersion: 131.0.6778.204 (52183f9e99a..., userDataDir: C:\Users\INGRID~1.ZAD\AppDa...}, fedcm:accounts: true, goog:chromeOptions: {debuggerAddress: localhost:57612}, networkConnectionEnabled: false, pageLoadStrategy: normal, platformName: windows, proxy: Proxy(), se:cdp: ws://localhost:57612/devtoo..., se:cdpVersion: 131.0.6778.205, setWindowRect: true, strictFileInteractability: false, timeouts: {implicit: 0, pageLoad: 300000, script: 30000}, unhandledPromptBehavior: dismiss and notify, webauthn:extension:credBlob: true, webauthn:extension:largeBlob: true, webauthn:extension:minPinLength: true, webauthn:extension:prf: true, webauthn:virtualAuthenticators: true}
Element: [[ChromeDriver: chrome on windows (6549b1c3f06aa5d9f7dfd34f4ec53e11)] -> xpath: //mat-label[contains(text(), 'I etapo vertinimo forma')]]
Session ID: 6549b1c3f06aa5d9f7dfd34f4ec53e11
	at java.base/jdk.internal.reflect.DirectConstructorHandleAccessor.newInstance(DirectConstructorHandleAccessor.java:62)
	at java.base/java.lang.reflect.Constructor.newInstanceWithCaller(Constructor.java:502)
	at java.base/java.lang.reflect.Constructor.newInstance(Constructor.java:486)
	at org.openqa.selenium.remote.ErrorCodec.decode(ErrorCodec.java:167)
	at org.openqa.selenium.remote.codec.w3c.W3CHttpResponseCodec.decode(W3CHttpResponseCodec.java:138)
	at org.openqa.selenium.remote.codec.w3c.W3CHttpResponseCodec.decode(W3CHttpResponseCodec.java:50)
	at org.openqa.selenium.remote.HttpCommandExecutor.execute(HttpCommandExecutor.java:190)
	at org.openqa.selenium.remote.service.DriverCommandExecutor.invokeExecute(DriverCommandExecutor.java:216)
	at org.openqa.selenium.remote.service.DriverCommandExecutor.execute(DriverCommandExecutor.java:174)
	at org.openqa.selenium.remote.RemoteWebDriver.execute(RemoteWebDriver.java:545)
	at org.openqa.selenium.remote.RemoteWebElement.execute(RemoteWebElement.java:223)
	at org.openqa.selenium.remote.RemoteWebElement.click(RemoteWebElement.java:76)
	at java.base/jdk.internal.reflect.DirectMethodHandleAccessor.invoke(DirectMethodHandleAccessor.java:103)
	at java.base/java.lang.reflect.Method.invoke(Method.java:580)
	at org.openqa.selenium.support.pagefactory.internal.LocatingElementHandler.invoke(LocatingElementHandler.java:51)
	at jdk.proxy2/jdk.proxy2.$Proxy14.click(Unknown Source)
	at lt.insoft.uztis.pages.ApplicationFormsPage.selectValuesByListEvaluationOne(ApplicationFormsPage.java:285)
	at lt.insoft.uztis.tests.ApplicationFormsPageTest.testCreateNewVuiApplication(ApplicationFormsPageTest.java:112)
	at java.base/jdk.internal.reflect.DirectMethodHandleAccessor.invoke(DirectMethodHandleAccessor.java:103)
	at java.base/java.lang.reflect.Method.invoke(Method.java:580)
	at org.junit.platform.commons.util.ReflectionUtils.invokeMethod(ReflectionUtils.java:728)
	at org.junit.jupiter.engine.execution.MethodInvocation.proceed(MethodInvocation.java:60)
	at org.junit.jupiter.engine.execution.InvocationInterceptorChain$ValidatingInvocation.proceed(InvocationInterceptorChain.java:131)
	at org.junit.jupiter.engine.extension.TimeoutExtension.intercept(TimeoutExtension.java:156)
	at org.junit.jupiter.engine.extension.TimeoutExtension.interceptTestableMethod(TimeoutExtension.java:147)
	at org.junit.jupiter.engine.extension.TimeoutExtension.interceptTestMethod(TimeoutExtension.java:86)
	at org.junit.jupiter.engine.execution.InterceptingExecutableInvoker$ReflectiveInterceptorCall.lambda$ofVoidMethod$0(InterceptingExecutableInvoker.java:103)
	at org.junit.jupiter.engine.execution.InterceptingExecutableInvoker.lambda$invoke$0(InterceptingExecutableInvoker.java:93)
	at org.junit.jupiter.engine.execution.InvocationInterceptorChain$InterceptedInvocation.proceed(InvocationInterceptorChain.java:106)
	at org.junit.jupiter.engine.execution.InvocationInterceptorChain.proceed(InvocationInterceptorChain.java:64)
	at org.junit.jupiter.engine.execution.InvocationInterceptorChain.chainAndInvoke(InvocationInterceptorChain.java:45)
	at org.junit.jupiter.engine.execution.InvocationInterceptorChain.invoke(InvocationInterceptorChain.java:37)
	at org.junit.jupiter.engine.execution.InterceptingExecutableInvoker.invoke(InterceptingExecutableInvoker.java:92)
	at org.junit.jupiter.engine.execution.InterceptingExecutableInvoker.invoke(InterceptingExecutableInvoker.java:86)
	at org.junit.jupiter.engine.descriptor.TestMethodTestDescriptor.lambda$invokeTestMethod$7(TestMethodTestDescriptor.java:218)
	at org.junit.platform.engine.support.hierarchical.ThrowableCollector.execute(ThrowableCollector.java:73)
	at org.junit.jupiter.engine.descriptor.TestMethodTestDescriptor.invokeTestMethod(TestMethodTestDescriptor.java:214)
	at org.junit.jupiter.engine.descriptor.TestMethodTestDescriptor.execute(TestMethodTestDescriptor.java:139)
	at org.junit.jupiter.engine.descriptor.TestMethodTestDescriptor.execute(TestMethodTestDescriptor.java:69)
	at org.junit.platform.engine.support.hierarchical.NodeTestTask.lambda$executeRecursively$6(NodeTestTask.java:151)
	at org.junit.platform.engine.support.hierarchical.ThrowableCollector.execute(ThrowableCollector.java:73)
	at org.junit.platform.engine.support.hierarchical.NodeTestTask.lambda$executeRecursively$8(NodeTestTask.java:141)
	at org.junit.platform.engine.support.hierarchical.Node.around(Node.java:137)
	at org.junit.platform.engine.support.hierarchical.NodeTestTask.lambda$executeRecursively$9(NodeTestTask.java:139)
	at org.junit.platform.engine.support.hierarchical.ThrowableCollector.execute(ThrowableCollector.java:73)
	at org.junit.platform.engine.support.hierarchical.NodeTestTask.executeRecursively(NodeTestTask.java:138)
	at org.junit.platform.engine.support.hierarchical.NodeTestTask.execute(NodeTestTask.java:95)
	at java.base/java.util.ArrayList.forEach(ArrayList.java:1596)
	at org.junit.platform.engine.support.hierarchical.SameThreadHierarchicalTestExecutorService.invokeAll(SameThreadHierarchicalTestExecutorService.java:41)
	at org.junit.platform.engine.support.hierarchical.NodeTestTask.lambda$executeRecursively$6(NodeTestTask.java:155)
	at org.junit.platform.engine.support.hierarchical.ThrowableCollector.execute(ThrowableCollector.java:73)
	at org.junit.platform.engine.support.hierarchical.NodeTestTask.lambda$executeRecursively$8(NodeTestTask.java:141)
	at org.junit.platform.engine.support.hierarchical.Node.around(Node.java:137)
	at org.junit.platform.engine.support.hierarchical.NodeTestTask.lambda$executeRecursively$9(NodeTestTask.java:139)
	at org.junit.platform.engine.support.hierarchical.ThrowableCollector.execute(ThrowableCollector.java:73)
	at org.junit.platform.engine.support.hierarchical.NodeTestTask.executeRecursively(NodeTestTask.java:138)
	at org.junit.platform.engine.support.hierarchical.NodeTestTask.execute(NodeTestTask.java:95)
	at java.base/java.util.ArrayList.forEach(ArrayList.java:1596)
	at org.junit.platform.engine.support.hierarchical.SameThreadHierarchicalTestExecutorService.invokeAll(SameThreadHierarchicalTestExecutorService.java:41)
	at org.junit.platform.engine.support.hierarchical.NodeTestTask.lambda$executeRecursively$6(NodeTestTask.java:155)
	at org.junit.platform.engine.support.hierarchical.ThrowableCollector.execute(ThrowableCollector.java:73)
	at org.junit.platform.engine.support.hierarchical.NodeTestTask.lambda$executeRecursively$8(NodeTestTask.java:141)
	at org.junit.platform.engine.support.hierarchical.Node.around(Node.java:137)
	at org.junit.platform.engine.support.hierarchical.NodeTestTask.lambda$executeRecursively$9(NodeTestTask.java:139)
	at org.junit.platform.engine.support.hierarchical.ThrowableCollector.execute(ThrowableCollector.java:73)
	at org.junit.platform.engine.support.hierarchical.NodeTestTask.executeRecursively(NodeTestTask.java:138)
	at org.junit.platform.engine.support.hierarchical.NodeTestTask.execute(NodeTestTask.java:95)
	at org.junit.platform.engine.support.hierarchical.SameThreadHierarchicalTestExecutorService.submit(SameThreadHierarchicalTestExecutorService.java:35)
	at org.junit.platform.engine.support.hierarchical.HierarchicalTestExecutor.execute(HierarchicalTestExecutor.java:57)
	at org.junit.platform.engine.support.hierarchical.HierarchicalTestEngine.execute(HierarchicalTestEngine.java:54)
	at org.junit.platform.launcher.core.EngineExecutionOrchestrator.execute(EngineExecutionOrchestrator.java:198)
	at org.junit.platform.launcher.core.EngineExecutionOrchestrator.execute(EngineExecutionOrchestrator.java:169)
	at org.junit.platform.launcher.core.EngineExecutionOrchestrator.execute(EngineExecutionOrchestrator.java:93)
	at org.junit.platform.launcher.core.EngineExecutionOrchestrator.lambda$execute$0(EngineExecutionOrchestrator.java:58)
	at org.junit.platform.launcher.core.EngineExecutionOrchestrator.withInterceptedStreams(EngineExecutionOrchestrator.java:141)
	at org.junit.platform.launcher.core.EngineExecutionOrchestrator.execute(EngineExecutionOrchestrator.java:57)
	at org.junit.platform.launcher.core.DefaultLauncher.execute(DefaultLauncher.java:103)
	at org.junit.platform.launcher.core.DefaultLauncher.execute(DefaultLauncher.java:85)
	at org.junit.platform.launcher.core.DelegatingLauncher.execute(DelegatingLauncher.java:47)
	at org.junit.platform.launcher.core.SessionPerRequestLauncher.execute(SessionPerRequestLauncher.java:63)
	at com.intellij.junit5.JUnit5IdeaTestRunner.startRunnerWithArgs(JUnit5IdeaTestRunner.java:57)
	at com.intellij.rt.junit.IdeaTestRunner$Repeater$1.execute(IdeaTestRunner.java:38)
	at com.intellij.rt.execution.junit.TestsRepeater.repeat(TestsRepeater.java:11)
	at com.intellij.rt.junit.IdeaTestRunner$Repeater.startRunnerWithArgs(IdeaTestRunner.java:35)
	at com.intellij.rt.junit.JUnitStarter.prepareStreamsAndStart(JUnitStarter.java:232)
	at com.intellij.rt.junit.JUnitStarter.main(JUnitStarter.java:55)
2025-01-02 10:24:36 [main] INFO  l.insoft.uztis.tests.utils.TestUtils - Screenshot moved to C:\Users\ingrida.zadorozniene\Desktop\Asm\UZTIS\UZTIS_tests\test-output\screenshots\20250102\102436975_testCreateNewVuiApplication().png
2025-01-02 10:29:11 [main] INFO  lt.insoft.uztis.tests.UztisPageTest - Navigated to https://uztisdev.asseco.lt/home
2025-01-02 10:29:11 [main] INFO  l.i.u.tests.ApplicationFormsPageTest - Setup complete. ApplicationFormsPage initialized.
2025-01-02 10:29:11 [main] INFO  l.i.u.tests.ApplicationFormsPageTest - Starting test:'testCreateNewVuiApplication'
2025-01-02 10:29:12 [main] DEBUG l.i.u.tests.ApplicationFormsPageTest - Opened 'Application Processing' menu.
2025-01-02 10:29:12 [main] DEBUG l.i.u.tests.ApplicationFormsPageTest - Clicked on 'Application Forms' menu.
2025-01-02 10:29:12 [main] DEBUG l.i.u.tests.ApplicationFormsPageTest - Clicked to create a new application form.
2025-01-02 10:29:12 [main] DEBUG l.i.u.tests.ApplicationFormsPageTest - Entered random application code: TST-51
2025-01-02 10:29:12 [main] INFO  l.i.u.tests.ApplicationFormsPageTest - Selected 'Section' radio button.
2025-01-02 10:29:13 [main] INFO  l.i.u.tests.ApplicationFormsPageTest - Selected a value from the 'Section' dropdown.
2025-01-02 10:29:13 [main] DEBUG l.i.u.tests.ApplicationFormsPageTest - Selected 'Budget by Municipality' option.
2025-01-02 10:29:13 [main] DEBUG l.i.u.tests.ApplicationFormsPageTest - Selected 'Financed Without Queue' option.
2025-01-02 10:29:13 [main] DEBUG l.i.u.tests.ApplicationFormsPageTest - Clicked 'Add' button.
2025-01-02 10:29:14 [main] DEBUG l.i.u.tests.ApplicationFormsPageTest - Selected value from 'Department' list.
2025-01-02 10:29:15 [main] ERROR l.i.u.tests.ApplicationFormsPageTest - Test 'testCreateNewVuiApplication' failed with error: element click intercepted: Element <mat-label>...</mat-label> is not clickable at point (433, 893). Other element would receive the click: <div class="cdk-overlay-backdrop cdk-overlay-transparent-backdrop cdk-overlay-backdrop-showing"></div>
  (Session info: chrome=131.0.6778.205)
Build info: version: '4.27.0', revision: 'd6e718d134'
System info: os.name: 'Windows 11', os.arch: 'amd64', os.version: '10.0', java.version: '21.0.3'
Driver info: org.openqa.selenium.chrome.ChromeDriver
Command: [197b2f8461a080f618a290c5a329aa07, clickElement {id=f.DEFAF426A9E82C5F15013675A93F3B19.d.92C95C8A1D047635A958B3316A45B2DB.e.55}]
Capabilities {acceptInsecureCerts: false, browserName: chrome, browserVersion: 131.0.6778.205, chrome: {chromedriverVersion: 131.0.6778.204 (52183f9e99a..., userDataDir: C:\Users\INGRID~1.ZAD\AppDa...}, fedcm:accounts: true, goog:chromeOptions: {debuggerAddress: localhost:57773}, networkConnectionEnabled: false, pageLoadStrategy: normal, platformName: windows, proxy: Proxy(), se:cdp: ws://localhost:57773/devtoo..., se:cdpVersion: 131.0.6778.205, setWindowRect: true, strictFileInteractability: false, timeouts: {implicit: 0, pageLoad: 300000, script: 30000}, unhandledPromptBehavior: dismiss and notify, webauthn:extension:credBlob: true, webauthn:extension:largeBlob: true, webauthn:extension:minPinLength: true, webauthn:extension:prf: true, webauthn:virtualAuthenticators: true}
Element: [[ChromeDriver: chrome on windows (197b2f8461a080f618a290c5a329aa07)] -> xpath: //mat-label[contains(text(), 'I etapo vertinimo forma')]]
Session ID: 197b2f8461a080f618a290c5a329aa07
org.openqa.selenium.ElementClickInterceptedException: element click intercepted: Element <mat-label>...</mat-label> is not clickable at point (433, 893). Other element would receive the click: <div class="cdk-overlay-backdrop cdk-overlay-transparent-backdrop cdk-overlay-backdrop-showing"></div>
  (Session info: chrome=131.0.6778.205)
Build info: version: '4.27.0', revision: 'd6e718d134'
System info: os.name: 'Windows 11', os.arch: 'amd64', os.version: '10.0', java.version: '21.0.3'
Driver info: org.openqa.selenium.chrome.ChromeDriver
Command: [197b2f8461a080f618a290c5a329aa07, clickElement {id=f.DEFAF426A9E82C5F15013675A93F3B19.d.92C95C8A1D047635A958B3316A45B2DB.e.55}]
Capabilities {acceptInsecureCerts: false, browserName: chrome, browserVersion: 131.0.6778.205, chrome: {chromedriverVersion: 131.0.6778.204 (52183f9e99a..., userDataDir: C:\Users\INGRID~1.ZAD\AppDa...}, fedcm:accounts: true, goog:chromeOptions: {debuggerAddress: localhost:57773}, networkConnectionEnabled: false, pageLoadStrategy: normal, platformName: windows, proxy: Proxy(), se:cdp: ws://localhost:57773/devtoo..., se:cdpVersion: 131.0.6778.205, setWindowRect: true, strictFileInteractability: false, timeouts: {implicit: 0, pageLoad: 300000, script: 30000}, unhandledPromptBehavior: dismiss and notify, webauthn:extension:credBlob: true, webauthn:extension:largeBlob: true, webauthn:extension:minPinLength: true, webauthn:extension:prf: true, webauthn:virtualAuthenticators: true}
Element: [[ChromeDriver: chrome on windows (197b2f8461a080f618a290c5a329aa07)] -> xpath: //mat-label[contains(text(), 'I etapo vertinimo forma')]]
Session ID: 197b2f8461a080f618a290c5a329aa07
	at java.base/jdk.internal.reflect.DirectConstructorHandleAccessor.newInstance(DirectConstructorHandleAccessor.java:62)
	at java.base/java.lang.reflect.Constructor.newInstanceWithCaller(Constructor.java:502)
	at java.base/java.lang.reflect.Constructor.newInstance(Constructor.java:486)
	at org.openqa.selenium.remote.ErrorCodec.decode(ErrorCodec.java:167)
	at org.openqa.selenium.remote.codec.w3c.W3CHttpResponseCodec.decode(W3CHttpResponseCodec.java:138)
	at org.openqa.selenium.remote.codec.w3c.W3CHttpResponseCodec.decode(W3CHttpResponseCodec.java:50)
	at org.openqa.selenium.remote.HttpCommandExecutor.execute(HttpCommandExecutor.java:190)
	at org.openqa.selenium.remote.service.DriverCommandExecutor.invokeExecute(DriverCommandExecutor.java:216)
	at org.openqa.selenium.remote.service.DriverCommandExecutor.execute(DriverCommandExecutor.java:174)
	at org.openqa.selenium.remote.RemoteWebDriver.execute(RemoteWebDriver.java:545)
	at org.openqa.selenium.remote.RemoteWebElement.execute(RemoteWebElement.java:223)
	at org.openqa.selenium.remote.RemoteWebElement.click(RemoteWebElement.java:76)
	at java.base/jdk.internal.reflect.DirectMethodHandleAccessor.invoke(DirectMethodHandleAccessor.java:103)
	at java.base/java.lang.reflect.Method.invoke(Method.java:580)
	at org.openqa.selenium.support.pagefactory.internal.LocatingElementHandler.invoke(LocatingElementHandler.java:51)
	at jdk.proxy2/jdk.proxy2.$Proxy14.click(Unknown Source)
	at lt.insoft.uztis.pages.ApplicationFormsPage.selectValuesByListEvaluationOne(ApplicationFormsPage.java:285)
	at lt.insoft.uztis.tests.ApplicationFormsPageTest.testCreateNewVuiApplication(ApplicationFormsPageTest.java:111)
	at java.base/jdk.internal.reflect.DirectMethodHandleAccessor.invoke(DirectMethodHandleAccessor.java:103)
	at java.base/java.lang.reflect.Method.invoke(Method.java:580)
	at org.junit.platform.commons.util.ReflectionUtils.invokeMethod(ReflectionUtils.java:728)
	at org.junit.jupiter.engine.execution.MethodInvocation.proceed(MethodInvocation.java:60)
	at org.junit.jupiter.engine.execution.InvocationInterceptorChain$ValidatingInvocation.proceed(InvocationInterceptorChain.java:131)
	at org.junit.jupiter.engine.extension.TimeoutExtension.intercept(TimeoutExtension.java:156)
	at org.junit.jupiter.engine.extension.TimeoutExtension.interceptTestableMethod(TimeoutExtension.java:147)
	at org.junit.jupiter.engine.extension.TimeoutExtension.interceptTestMethod(TimeoutExtension.java:86)
	at org.junit.jupiter.engine.execution.InterceptingExecutableInvoker$ReflectiveInterceptorCall.lambda$ofVoidMethod$0(InterceptingExecutableInvoker.java:103)
	at org.junit.jupiter.engine.execution.InterceptingExecutableInvoker.lambda$invoke$0(InterceptingExecutableInvoker.java:93)
	at org.junit.jupiter.engine.execution.InvocationInterceptorChain$InterceptedInvocation.proceed(InvocationInterceptorChain.java:106)
	at org.junit.jupiter.engine.execution.InvocationInterceptorChain.proceed(InvocationInterceptorChain.java:64)
	at org.junit.jupiter.engine.execution.InvocationInterceptorChain.chainAndInvoke(InvocationInterceptorChain.java:45)
	at org.junit.jupiter.engine.execution.InvocationInterceptorChain.invoke(InvocationInterceptorChain.java:37)
	at org.junit.jupiter.engine.execution.InterceptingExecutableInvoker.invoke(InterceptingExecutableInvoker.java:92)
	at org.junit.jupiter.engine.execution.InterceptingExecutableInvoker.invoke(InterceptingExecutableInvoker.java:86)
	at org.junit.jupiter.engine.descriptor.TestMethodTestDescriptor.lambda$invokeTestMethod$7(TestMethodTestDescriptor.java:218)
	at org.junit.platform.engine.support.hierarchical.ThrowableCollector.execute(ThrowableCollector.java:73)
	at org.junit.jupiter.engine.descriptor.TestMethodTestDescriptor.invokeTestMethod(TestMethodTestDescriptor.java:214)
	at org.junit.jupiter.engine.descriptor.TestMethodTestDescriptor.execute(TestMethodTestDescriptor.java:139)
	at org.junit.jupiter.engine.descriptor.TestMethodTestDescriptor.execute(TestMethodTestDescriptor.java:69)
	at org.junit.platform.engine.support.hierarchical.NodeTestTask.lambda$executeRecursively$6(NodeTestTask.java:151)
	at org.junit.platform.engine.support.hierarchical.ThrowableCollector.execute(ThrowableCollector.java:73)
	at org.junit.platform.engine.support.hierarchical.NodeTestTask.lambda$executeRecursively$8(NodeTestTask.java:141)
	at org.junit.platform.engine.support.hierarchical.Node.around(Node.java:137)
	at org.junit.platform.engine.support.hierarchical.NodeTestTask.lambda$executeRecursively$9(NodeTestTask.java:139)
	at org.junit.platform.engine.support.hierarchical.ThrowableCollector.execute(ThrowableCollector.java:73)
	at org.junit.platform.engine.support.hierarchical.NodeTestTask.executeRecursively(NodeTestTask.java:138)
	at org.junit.platform.engine.support.hierarchical.NodeTestTask.execute(NodeTestTask.java:95)
	at java.base/java.util.ArrayList.forEach(ArrayList.java:1596)
	at org.junit.platform.engine.support.hierarchical.SameThreadHierarchicalTestExecutorService.invokeAll(SameThreadHierarchicalTestExecutorService.java:41)
	at org.junit.platform.engine.support.hierarchical.NodeTestTask.lambda$executeRecursively$6(NodeTestTask.java:155)
	at org.junit.platform.engine.support.hierarchical.ThrowableCollector.execute(ThrowableCollector.java:73)
	at org.junit.platform.engine.support.hierarchical.NodeTestTask.lambda$executeRecursively$8(NodeTestTask.java:141)
	at org.junit.platform.engine.support.hierarchical.Node.around(Node.java:137)
	at org.junit.platform.engine.support.hierarchical.NodeTestTask.lambda$executeRecursively$9(NodeTestTask.java:139)
	at org.junit.platform.engine.support.hierarchical.ThrowableCollector.execute(ThrowableCollector.java:73)
	at org.junit.platform.engine.support.hierarchical.NodeTestTask.executeRecursively(NodeTestTask.java:138)
	at org.junit.platform.engine.support.hierarchical.NodeTestTask.execute(NodeTestTask.java:95)
	at java.base/java.util.ArrayList.forEach(ArrayList.java:1596)
	at org.junit.platform.engine.support.hierarchical.SameThreadHierarchicalTestExecutorService.invokeAll(SameThreadHierarchicalTestExecutorService.java:41)
	at org.junit.platform.engine.support.hierarchical.NodeTestTask.lambda$executeRecursively$6(NodeTestTask.java:155)
	at org.junit.platform.engine.support.hierarchical.ThrowableCollector.execute(ThrowableCollector.java:73)
	at org.junit.platform.engine.support.hierarchical.NodeTestTask.lambda$executeRecursively$8(NodeTestTask.java:141)
	at org.junit.platform.engine.support.hierarchical.Node.around(Node.java:137)
	at org.junit.platform.engine.support.hierarchical.NodeTestTask.lambda$executeRecursively$9(NodeTestTask.java:139)
	at org.junit.platform.engine.support.hierarchical.ThrowableCollector.execute(ThrowableCollector.java:73)
	at org.junit.platform.engine.support.hierarchical.NodeTestTask.executeRecursively(NodeTestTask.java:138)
	at org.junit.platform.engine.support.hierarchical.NodeTestTask.execute(NodeTestTask.java:95)
	at org.junit.platform.engine.support.hierarchical.SameThreadHierarchicalTestExecutorService.submit(SameThreadHierarchicalTestExecutorService.java:35)
	at org.junit.platform.engine.support.hierarchical.HierarchicalTestExecutor.execute(HierarchicalTestExecutor.java:57)
	at org.junit.platform.engine.support.hierarchical.HierarchicalTestEngine.execute(HierarchicalTestEngine.java:54)
	at org.junit.platform.launcher.core.EngineExecutionOrchestrator.execute(EngineExecutionOrchestrator.java:198)
	at org.junit.platform.launcher.core.EngineExecutionOrchestrator.execute(EngineExecutionOrchestrator.java:169)
	at org.junit.platform.launcher.core.EngineExecutionOrchestrator.execute(EngineExecutionOrchestrator.java:93)
	at org.junit.platform.launcher.core.EngineExecutionOrchestrator.lambda$execute$0(EngineExecutionOrchestrator.java:58)
	at org.junit.platform.launcher.core.EngineExecutionOrchestrator.withInterceptedStreams(EngineExecutionOrchestrator.java:141)
	at org.junit.platform.launcher.core.EngineExecutionOrchestrator.execute(EngineExecutionOrchestrator.java:57)
	at org.junit.platform.launcher.core.DefaultLauncher.execute(DefaultLauncher.java:103)
	at org.junit.platform.launcher.core.DefaultLauncher.execute(DefaultLauncher.java:85)
	at org.junit.platform.launcher.core.DelegatingLauncher.execute(DelegatingLauncher.java:47)
	at org.junit.platform.launcher.core.SessionPerRequestLauncher.execute(SessionPerRequestLauncher.java:63)
	at com.intellij.junit5.JUnit5IdeaTestRunner.startRunnerWithArgs(JUnit5IdeaTestRunner.java:57)
	at com.intellij.rt.junit.IdeaTestRunner$Repeater$1.execute(IdeaTestRunner.java:38)
	at com.intellij.rt.execution.junit.TestsRepeater.repeat(TestsRepeater.java:11)
	at com.intellij.rt.junit.IdeaTestRunner$Repeater.startRunnerWithArgs(IdeaTestRunner.java:35)
	at com.intellij.rt.junit.JUnitStarter.prepareStreamsAndStart(JUnitStarter.java:232)
	at com.intellij.rt.junit.JUnitStarter.main(JUnitStarter.java:55)
2025-01-02 10:29:15 [main] INFO  l.insoft.uztis.tests.utils.TestUtils - Screenshot moved to C:\Users\ingrida.zadorozniene\Desktop\Asm\UZTIS\UZTIS_tests\test-output\screenshots\20250102\102915598_testCreateNewVuiApplication().png
2025-01-02 10:30:33 [main] INFO  lt.insoft.uztis.tests.UztisPageTest - Navigated to https://uztisdev.asseco.lt/home
2025-01-02 10:30:33 [main] INFO  l.i.u.tests.ApplicationFormsPageTest - Setup complete. ApplicationFormsPage initialized.
2025-01-02 10:30:33 [main] INFO  l.i.u.tests.ApplicationFormsPageTest - Starting test:'testEditAndSaveVuiApplication'
2025-01-02 10:30:34 [main] DEBUG l.i.u.tests.ApplicationFormsPageTest - Opened 'Application Processing' menu.
2025-01-02 10:30:34 [main] DEBUG l.i.u.tests.ApplicationFormsPageTest - Clicked on 'Application Forms' menu.
2025-01-02 10:30:34 [main] DEBUG l.i.u.tests.ApplicationFormsPageTest - Selected the last application description.
2025-01-02 10:30:35 [main] DEBUG l.i.u.tests.ApplicationFormsPageTest - Clicked the 'Edit' button.
2025-01-02 10:30:35 [main] DEBUG l.i.u.tests.ApplicationFormsPageTest - Selected a value from the 'Section' dropdown.
2025-01-02 10:30:35 [main] DEBUG l.i.u.tests.ApplicationFormsPageTest - Selected 'Budget By Country' radio button.
2025-01-02 10:30:35 [main] DEBUG l.i.u.tests.ApplicationFormsPageTest - Selected 'Financed By Queue' radio button.
2025-01-02 10:30:35 [main] DEBUG l.i.u.tests.ApplicationFormsPageTest - Entered new application name: _paredaguota
2025-01-02 10:30:36 [main] DEBUG l.i.u.tests.ApplicationFormsPageTest - Clicked the 'Save' button.
2025-01-02 10:30:36 [main] INFO  l.i.u.tests.ApplicationFormsPageTest - Verified success message: 'Duomenys sėkmingai išsaugoti.'
2025-01-02 10:30:36 [main] INFO  l.i.u.tests.ApplicationFormsPageTest - Test 'testEditAndSaveVuiApplication' completed successfully.
2025-01-02 10:35:33 [main] INFO  lt.insoft.uztis.tests.UztisPageTest - Navigated to https://uztisdev.asseco.lt/home
2025-01-02 10:35:33 [main] INFO  l.i.u.tests.ApplicationFormsPageTest - Setup complete. ApplicationFormsPage initialized.
2025-01-02 10:35:33 [main] INFO  l.i.u.tests.ApplicationFormsPageTest - Starting test:'testEditAndSaveVuiApplication'
2025-01-02 10:35:33 [main] DEBUG l.i.u.tests.ApplicationFormsPageTest - Opened 'Application Processing' menu.
2025-01-02 10:35:33 [main] DEBUG l.i.u.tests.ApplicationFormsPageTest - Clicked on 'Application Forms' menu.
2025-01-02 10:35:34 [main] DEBUG l.i.u.tests.ApplicationFormsPageTest - Selected the last application description.
2025-01-02 10:35:34 [main] DEBUG l.i.u.tests.ApplicationFormsPageTest - Clicked the 'Edit' button.
2025-01-02 10:35:35 [main] DEBUG l.i.u.tests.ApplicationFormsPageTest - Selected a value from the 'Section' dropdown.
2025-01-02 10:35:35 [main] DEBUG l.i.u.tests.ApplicationFormsPageTest - Selected 'Budget By Country' radio button.
2025-01-02 10:35:35 [main] DEBUG l.i.u.tests.ApplicationFormsPageTest - Selected 'Financed By Queue' radio button.
2025-01-02 10:35:35 [main] DEBUG l.i.u.tests.ApplicationFormsPageTest - Entered new application name: _paredaguota
2025-01-02 10:35:35 [main] DEBUG l.i.u.tests.ApplicationFormsPageTest - Clicked the 'Save' button.
2025-01-02 10:35:35 [main] INFO  l.i.u.tests.ApplicationFormsPageTest - Verified success message: 'Duomenys sėkmingai išsaugoti.'
2025-01-02 10:35:35 [main] INFO  l.i.u.tests.ApplicationFormsPageTest - Test 'testEditAndSaveVuiApplication' completed successfully.
2025-01-02 10:37:39 [main] INFO  lt.insoft.uztis.tests.UztisPageTest - Navigated to https://uztisdev.asseco.lt/home
2025-01-02 10:37:39 [main] INFO  l.i.u.tests.ApplicationFormsPageTest - Setup complete. ApplicationFormsPage initialized.
2025-01-02 10:37:39 [main] INFO  l.i.u.tests.ApplicationFormsPageTest - Starting test:'testCreateNewVuiApplication'
2025-01-02 10:37:39 [main] DEBUG l.i.u.tests.ApplicationFormsPageTest - Opened 'Application Processing' menu.
2025-01-02 10:37:39 [main] DEBUG l.i.u.tests.ApplicationFormsPageTest - Clicked on 'Application Forms' menu.
2025-01-02 10:37:39 [main] DEBUG l.i.u.tests.ApplicationFormsPageTest - Clicked to create a new application form.
2025-01-02 10:37:40 [main] DEBUG l.i.u.tests.ApplicationFormsPageTest - Entered random application code: TST-36
2025-01-02 10:37:41 [main] DEBUG l.i.u.tests.ApplicationFormsPageTest - Selected a value from the 'Section' dropdown.
2025-01-02 10:37:41 [main] DEBUG l.i.u.tests.ApplicationFormsPageTest - Selected 'Budget by Municipality' option.
2025-01-02 10:37:41 [main] DEBUG l.i.u.tests.ApplicationFormsPageTest - Selected 'Financed Without Queue' option.
2025-01-02 10:37:41 [main] DEBUG l.i.u.tests.ApplicationFormsPageTest - Clicked 'Add' button.
2025-01-02 10:37:41 [main] DEBUG l.i.u.tests.ApplicationFormsPageTest - Selected value from 'Department' list.
2025-01-02 10:37:42 [main] ERROR l.i.u.tests.ApplicationFormsPageTest - Test 'testCreateNewVuiApplication' failed with error: element click intercepted: Element <mat-label>...</mat-label> is not clickable at point (433, 893). Other element would receive the click: <div class="cdk-overlay-backdrop cdk-overlay-transparent-backdrop cdk-overlay-backdrop-showing"></div>
  (Session info: chrome=131.0.6778.205)
Build info: version: '4.27.0', revision: 'd6e718d134'
System info: os.name: 'Windows 11', os.arch: 'amd64', os.version: '10.0', java.version: '21.0.3'
Driver info: org.openqa.selenium.chrome.ChromeDriver
Command: [b9985d2abfad209dc84e5005fe6cb7c0, clickElement {id=f.BED32896D381330AB79362AB48BD0D89.d.9F8FA05B691C6EDC21B8B85320B637C7.e.54}]
Capabilities {acceptInsecureCerts: false, browserName: chrome, browserVersion: 131.0.6778.205, chrome: {chromedriverVersion: 131.0.6778.204 (52183f9e99a..., userDataDir: C:\Users\INGRID~1.ZAD\AppDa...}, fedcm:accounts: true, goog:chromeOptions: {debuggerAddress: localhost:58100}, networkConnectionEnabled: false, pageLoadStrategy: normal, platformName: windows, proxy: Proxy(), se:cdp: ws://localhost:58100/devtoo..., se:cdpVersion: 131.0.6778.205, setWindowRect: true, strictFileInteractability: false, timeouts: {implicit: 0, pageLoad: 300000, script: 30000}, unhandledPromptBehavior: dismiss and notify, webauthn:extension:credBlob: true, webauthn:extension:largeBlob: true, webauthn:extension:minPinLength: true, webauthn:extension:prf: true, webauthn:virtualAuthenticators: true}
Element: [[ChromeDriver: chrome on windows (b9985d2abfad209dc84e5005fe6cb7c0)] -> xpath: //mat-label[contains(text(), 'I etapo vertinimo forma')]]
Session ID: b9985d2abfad209dc84e5005fe6cb7c0
org.openqa.selenium.ElementClickInterceptedException: element click intercepted: Element <mat-label>...</mat-label> is not clickable at point (433, 893). Other element would receive the click: <div class="cdk-overlay-backdrop cdk-overlay-transparent-backdrop cdk-overlay-backdrop-showing"></div>
  (Session info: chrome=131.0.6778.205)
Build info: version: '4.27.0', revision: 'd6e718d134'
System info: os.name: 'Windows 11', os.arch: 'amd64', os.version: '10.0', java.version: '21.0.3'
Driver info: org.openqa.selenium.chrome.ChromeDriver
Command: [b9985d2abfad209dc84e5005fe6cb7c0, clickElement {id=f.BED32896D381330AB79362AB48BD0D89.d.9F8FA05B691C6EDC21B8B85320B637C7.e.54}]
Capabilities {acceptInsecureCerts: false, browserName: chrome, browserVersion: 131.0.6778.205, chrome: {chromedriverVersion: 131.0.6778.204 (52183f9e99a..., userDataDir: C:\Users\INGRID~1.ZAD\AppDa...}, fedcm:accounts: true, goog:chromeOptions: {debuggerAddress: localhost:58100}, networkConnectionEnabled: false, pageLoadStrategy: normal, platformName: windows, proxy: Proxy(), se:cdp: ws://localhost:58100/devtoo..., se:cdpVersion: 131.0.6778.205, setWindowRect: true, strictFileInteractability: false, timeouts: {implicit: 0, pageLoad: 300000, script: 30000}, unhandledPromptBehavior: dismiss and notify, webauthn:extension:credBlob: true, webauthn:extension:largeBlob: true, webauthn:extension:minPinLength: true, webauthn:extension:prf: true, webauthn:virtualAuthenticators: true}
Element: [[ChromeDriver: chrome on windows (b9985d2abfad209dc84e5005fe6cb7c0)] -> xpath: //mat-label[contains(text(), 'I etapo vertinimo forma')]]
Session ID: b9985d2abfad209dc84e5005fe6cb7c0
	at java.base/jdk.internal.reflect.DirectConstructorHandleAccessor.newInstance(DirectConstructorHandleAccessor.java:62)
	at java.base/java.lang.reflect.Constructor.newInstanceWithCaller(Constructor.java:502)
	at java.base/java.lang.reflect.Constructor.newInstance(Constructor.java:486)
	at org.openqa.selenium.remote.ErrorCodec.decode(ErrorCodec.java:167)
	at org.openqa.selenium.remote.codec.w3c.W3CHttpResponseCodec.decode(W3CHttpResponseCodec.java:138)
	at org.openqa.selenium.remote.codec.w3c.W3CHttpResponseCodec.decode(W3CHttpResponseCodec.java:50)
	at org.openqa.selenium.remote.HttpCommandExecutor.execute(HttpCommandExecutor.java:190)
	at org.openqa.selenium.remote.service.DriverCommandExecutor.invokeExecute(DriverCommandExecutor.java:216)
	at org.openqa.selenium.remote.service.DriverCommandExecutor.execute(DriverCommandExecutor.java:174)
	at org.openqa.selenium.remote.RemoteWebDriver.execute(RemoteWebDriver.java:545)
	at org.openqa.selenium.remote.RemoteWebElement.execute(RemoteWebElement.java:223)
	at org.openqa.selenium.remote.RemoteWebElement.click(RemoteWebElement.java:76)
	at java.base/jdk.internal.reflect.DirectMethodHandleAccessor.invoke(DirectMethodHandleAccessor.java:103)
	at java.base/java.lang.reflect.Method.invoke(Method.java:580)
	at org.openqa.selenium.support.pagefactory.internal.LocatingElementHandler.invoke(LocatingElementHandler.java:51)
	at jdk.proxy2/jdk.proxy2.$Proxy14.click(Unknown Source)
	at lt.insoft.uztis.pages.ApplicationFormsPage.selectValuesByListEvaluationOne(ApplicationFormsPage.java:285)
	at lt.insoft.uztis.tests.ApplicationFormsPageTest.testCreateNewVuiApplication(ApplicationFormsPageTest.java:117)
	at java.base/jdk.internal.reflect.DirectMethodHandleAccessor.invoke(DirectMethodHandleAccessor.java:103)
	at java.base/java.lang.reflect.Method.invoke(Method.java:580)
	at org.junit.platform.commons.util.ReflectionUtils.invokeMethod(ReflectionUtils.java:728)
	at org.junit.jupiter.engine.execution.MethodInvocation.proceed(MethodInvocation.java:60)
	at org.junit.jupiter.engine.execution.InvocationInterceptorChain$ValidatingInvocation.proceed(InvocationInterceptorChain.java:131)
	at org.junit.jupiter.engine.extension.TimeoutExtension.intercept(TimeoutExtension.java:156)
	at org.junit.jupiter.engine.extension.TimeoutExtension.interceptTestableMethod(TimeoutExtension.java:147)
	at org.junit.jupiter.engine.extension.TimeoutExtension.interceptTestMethod(TimeoutExtension.java:86)
	at org.junit.jupiter.engine.execution.InterceptingExecutableInvoker$ReflectiveInterceptorCall.lambda$ofVoidMethod$0(InterceptingExecutableInvoker.java:103)
	at org.junit.jupiter.engine.execution.InterceptingExecutableInvoker.lambda$invoke$0(InterceptingExecutableInvoker.java:93)
	at org.junit.jupiter.engine.execution.InvocationInterceptorChain$InterceptedInvocation.proceed(InvocationInterceptorChain.java:106)
	at org.junit.jupiter.engine.execution.InvocationInterceptorChain.proceed(InvocationInterceptorChain.java:64)
	at org.junit.jupiter.engine.execution.InvocationInterceptorChain.chainAndInvoke(InvocationInterceptorChain.java:45)
	at org.junit.jupiter.engine.execution.InvocationInterceptorChain.invoke(InvocationInterceptorChain.java:37)
	at org.junit.jupiter.engine.execution.InterceptingExecutableInvoker.invoke(InterceptingExecutableInvoker.java:92)
	at org.junit.jupiter.engine.execution.InterceptingExecutableInvoker.invoke(InterceptingExecutableInvoker.java:86)
	at org.junit.jupiter.engine.descriptor.TestMethodTestDescriptor.lambda$invokeTestMethod$7(TestMethodTestDescriptor.java:218)
	at org.junit.platform.engine.support.hierarchical.ThrowableCollector.execute(ThrowableCollector.java:73)
	at org.junit.jupiter.engine.descriptor.TestMethodTestDescriptor.invokeTestMethod(TestMethodTestDescriptor.java:214)
	at org.junit.jupiter.engine.descriptor.TestMethodTestDescriptor.execute(TestMethodTestDescriptor.java:139)
	at org.junit.jupiter.engine.descriptor.TestMethodTestDescriptor.execute(TestMethodTestDescriptor.java:69)
	at org.junit.platform.engine.support.hierarchical.NodeTestTask.lambda$executeRecursively$6(NodeTestTask.java:151)
	at org.junit.platform.engine.support.hierarchical.ThrowableCollector.execute(ThrowableCollector.java:73)
	at org.junit.platform.engine.support.hierarchical.NodeTestTask.lambda$executeRecursively$8(NodeTestTask.java:141)
	at org.junit.platform.engine.support.hierarchical.Node.around(Node.java:137)
	at org.junit.platform.engine.support.hierarchical.NodeTestTask.lambda$executeRecursively$9(NodeTestTask.java:139)
	at org.junit.platform.engine.support.hierarchical.ThrowableCollector.execute(ThrowableCollector.java:73)
	at org.junit.platform.engine.support.hierarchical.NodeTestTask.executeRecursively(NodeTestTask.java:138)
	at org.junit.platform.engine.support.hierarchical.NodeTestTask.execute(NodeTestTask.java:95)
	at java.base/java.util.ArrayList.forEach(ArrayList.java:1596)
	at org.junit.platform.engine.support.hierarchical.SameThreadHierarchicalTestExecutorService.invokeAll(SameThreadHierarchicalTestExecutorService.java:41)
	at org.junit.platform.engine.support.hierarchical.NodeTestTask.lambda$executeRecursively$6(NodeTestTask.java:155)
	at org.junit.platform.engine.support.hierarchical.ThrowableCollector.execute(ThrowableCollector.java:73)
	at org.junit.platform.engine.support.hierarchical.NodeTestTask.lambda$executeRecursively$8(NodeTestTask.java:141)
	at org.junit.platform.engine.support.hierarchical.Node.around(Node.java:137)
	at org.junit.platform.engine.support.hierarchical.NodeTestTask.lambda$executeRecursively$9(NodeTestTask.java:139)
	at org.junit.platform.engine.support.hierarchical.ThrowableCollector.execute(ThrowableCollector.java:73)
	at org.junit.platform.engine.support.hierarchical.NodeTestTask.executeRecursively(NodeTestTask.java:138)
	at org.junit.platform.engine.support.hierarchical.NodeTestTask.execute(NodeTestTask.java:95)
	at java.base/java.util.ArrayList.forEach(ArrayList.java:1596)
	at org.junit.platform.engine.support.hierarchical.SameThreadHierarchicalTestExecutorService.invokeAll(SameThreadHierarchicalTestExecutorService.java:41)
	at org.junit.platform.engine.support.hierarchical.NodeTestTask.lambda$executeRecursively$6(NodeTestTask.java:155)
	at org.junit.platform.engine.support.hierarchical.ThrowableCollector.execute(ThrowableCollector.java:73)
	at org.junit.platform.engine.support.hierarchical.NodeTestTask.lambda$executeRecursively$8(NodeTestTask.java:141)
	at org.junit.platform.engine.support.hierarchical.Node.around(Node.java:137)
	at org.junit.platform.engine.support.hierarchical.NodeTestTask.lambda$executeRecursively$9(NodeTestTask.java:139)
	at org.junit.platform.engine.support.hierarchical.ThrowableCollector.execute(ThrowableCollector.java:73)
	at org.junit.platform.engine.support.hierarchical.NodeTestTask.executeRecursively(NodeTestTask.java:138)
	at org.junit.platform.engine.support.hierarchical.NodeTestTask.execute(NodeTestTask.java:95)
	at org.junit.platform.engine.support.hierarchical.SameThreadHierarchicalTestExecutorService.submit(SameThreadHierarchicalTestExecutorService.java:35)
	at org.junit.platform.engine.support.hierarchical.HierarchicalTestExecutor.execute(HierarchicalTestExecutor.java:57)
	at org.junit.platform.engine.support.hierarchical.HierarchicalTestEngine.execute(HierarchicalTestEngine.java:54)
	at org.junit.platform.launcher.core.EngineExecutionOrchestrator.execute(EngineExecutionOrchestrator.java:198)
	at org.junit.platform.launcher.core.EngineExecutionOrchestrator.execute(EngineExecutionOrchestrator.java:169)
	at org.junit.platform.launcher.core.EngineExecutionOrchestrator.execute(EngineExecutionOrchestrator.java:93)
	at org.junit.platform.launcher.core.EngineExecutionOrchestrator.lambda$execute$0(EngineExecutionOrchestrator.java:58)
	at org.junit.platform.launcher.core.EngineExecutionOrchestrator.withInterceptedStreams(EngineExecutionOrchestrator.java:141)
	at org.junit.platform.launcher.core.EngineExecutionOrchestrator.execute(EngineExecutionOrchestrator.java:57)
	at org.junit.platform.launcher.core.DefaultLauncher.execute(DefaultLauncher.java:103)
	at org.junit.platform.launcher.core.DefaultLauncher.execute(DefaultLauncher.java:85)
	at org.junit.platform.launcher.core.DelegatingLauncher.execute(DelegatingLauncher.java:47)
	at org.junit.platform.launcher.core.SessionPerRequestLauncher.execute(SessionPerRequestLauncher.java:63)
	at com.intellij.junit5.JUnit5IdeaTestRunner.startRunnerWithArgs(JUnit5IdeaTestRunner.java:57)
	at com.intellij.rt.junit.IdeaTestRunner$Repeater$1.execute(IdeaTestRunner.java:38)
	at com.intellij.rt.execution.junit.TestsRepeater.repeat(TestsRepeater.java:11)
	at com.intellij.rt.junit.IdeaTestRunner$Repeater.startRunnerWithArgs(IdeaTestRunner.java:35)
	at com.intellij.rt.junit.JUnitStarter.prepareStreamsAndStart(JUnitStarter.java:232)
	at com.intellij.rt.junit.JUnitStarter.main(JUnitStarter.java:55)
2025-01-02 10:37:42 [main] INFO  l.insoft.uztis.tests.utils.TestUtils - Screenshot moved to C:\Users\ingrida.zadorozniene\Desktop\Asm\UZTIS\UZTIS_tests\test-output\screenshots\20250102\103742929_testCreateNewVuiApplication().png
2025-01-02 10:39:48 [main] INFO  lt.insoft.uztis.tests.UztisPageTest - Navigated to https://uztisdev.asseco.lt/home
2025-01-02 10:39:48 [main] INFO  l.i.u.tests.ApplicationFormsPageTest - Setup complete. ApplicationFormsPage initialized.
2025-01-02 10:39:48 [main] INFO  l.i.u.tests.ApplicationFormsPageTest - Starting test:'testCreateNewVuiApplication'
2025-01-02 10:39:49 [main] DEBUG l.i.u.tests.ApplicationFormsPageTest - Opened 'Application Processing' menu.
2025-01-02 10:39:49 [main] DEBUG l.i.u.tests.ApplicationFormsPageTest - Clicked on 'Application Forms' menu.
2025-01-02 10:39:49 [main] DEBUG l.i.u.tests.ApplicationFormsPageTest - Clicked to create a new application form.
2025-01-02 10:39:49 [main] DEBUG l.i.u.tests.ApplicationFormsPageTest - Entered random application code: TST-39
2025-01-02 10:39:50 [main] DEBUG l.i.u.tests.ApplicationFormsPageTest - Selected a value from the 'Section' dropdown.
2025-01-02 10:39:50 [main] DEBUG l.i.u.tests.ApplicationFormsPageTest - Selected 'Budget by Municipality' option.
2025-01-02 10:39:50 [main] DEBUG l.i.u.tests.ApplicationFormsPageTest - Selected 'Financed Without Queue' option.
2025-01-02 10:39:50 [main] DEBUG l.i.u.tests.ApplicationFormsPageTest - Clicked 'Add' button.
2025-01-02 10:39:51 [main] DEBUG l.i.u.tests.ApplicationFormsPageTest - Selected value from 'Department' list.
2025-01-02 10:39:52 [main] ERROR l.i.u.tests.ApplicationFormsPageTest - Test 'testCreateNewVuiApplication' failed with error: element click intercepted: Element <mat-label>...</mat-label> is not clickable at point (435, 962). Other element would receive the click: <div class="cdk-overlay-backdrop cdk-overlay-transparent-backdrop cdk-overlay-backdrop-showing"></div>
  (Session info: chrome=131.0.6778.205)
Build info: version: '4.27.0', revision: 'd6e718d134'
System info: os.name: 'Windows 11', os.arch: 'amd64', os.version: '10.0', java.version: '21.0.3'
Driver info: org.openqa.selenium.chrome.ChromeDriver
Command: [feb6e816a4de085ad10c40aebe8a8364, clickElement {id=f.102FCF02A0586481D414A4C1D5E8A90C.d.B069FBD06C18E14CEAD526DA6FEA159F.e.53}]
Capabilities {acceptInsecureCerts: false, browserName: chrome, browserVersion: 131.0.6778.205, chrome: {chromedriverVersion: 131.0.6778.204 (52183f9e99a..., userDataDir: C:\Users\INGRID~1.ZAD\AppDa...}, fedcm:accounts: true, goog:chromeOptions: {debuggerAddress: localhost:58188}, networkConnectionEnabled: false, pageLoadStrategy: normal, platformName: windows, proxy: Proxy(), se:cdp: ws://localhost:58188/devtoo..., se:cdpVersion: 131.0.6778.205, setWindowRect: true, strictFileInteractability: false, timeouts: {implicit: 0, pageLoad: 300000, script: 30000}, unhandledPromptBehavior: dismiss and notify, webauthn:extension:credBlob: true, webauthn:extension:largeBlob: true, webauthn:extension:minPinLength: true, webauthn:extension:prf: true, webauthn:virtualAuthenticators: true}
Element: [[ChromeDriver: chrome on windows (feb6e816a4de085ad10c40aebe8a8364)] -> xpath: //mat-label[contains(text(), 'II etapo vertinimo forma')]]
Session ID: feb6e816a4de085ad10c40aebe8a8364
org.openqa.selenium.ElementClickInterceptedException: element click intercepted: Element <mat-label>...</mat-label> is not clickable at point (435, 962). Other element would receive the click: <div class="cdk-overlay-backdrop cdk-overlay-transparent-backdrop cdk-overlay-backdrop-showing"></div>
  (Session info: chrome=131.0.6778.205)
Build info: version: '4.27.0', revision: 'd6e718d134'
System info: os.name: 'Windows 11', os.arch: 'amd64', os.version: '10.0', java.version: '21.0.3'
Driver info: org.openqa.selenium.chrome.ChromeDriver
Command: [feb6e816a4de085ad10c40aebe8a8364, clickElement {id=f.102FCF02A0586481D414A4C1D5E8A90C.d.B069FBD06C18E14CEAD526DA6FEA159F.e.53}]
Capabilities {acceptInsecureCerts: false, browserName: chrome, browserVersion: 131.0.6778.205, chrome: {chromedriverVersion: 131.0.6778.204 (52183f9e99a..., userDataDir: C:\Users\INGRID~1.ZAD\AppDa...}, fedcm:accounts: true, goog:chromeOptions: {debuggerAddress: localhost:58188}, networkConnectionEnabled: false, pageLoadStrategy: normal, platformName: windows, proxy: Proxy(), se:cdp: ws://localhost:58188/devtoo..., se:cdpVersion: 131.0.6778.205, setWindowRect: true, strictFileInteractability: false, timeouts: {implicit: 0, pageLoad: 300000, script: 30000}, unhandledPromptBehavior: dismiss and notify, webauthn:extension:credBlob: true, webauthn:extension:largeBlob: true, webauthn:extension:minPinLength: true, webauthn:extension:prf: true, webauthn:virtualAuthenticators: true}
Element: [[ChromeDriver: chrome on windows (feb6e816a4de085ad10c40aebe8a8364)] -> xpath: //mat-label[contains(text(), 'II etapo vertinimo forma')]]
Session ID: feb6e816a4de085ad10c40aebe8a8364
	at java.base/jdk.internal.reflect.DirectConstructorHandleAccessor.newInstance(DirectConstructorHandleAccessor.java:62)
	at java.base/java.lang.reflect.Constructor.newInstanceWithCaller(Constructor.java:502)
	at java.base/java.lang.reflect.Constructor.newInstance(Constructor.java:486)
	at org.openqa.selenium.remote.ErrorCodec.decode(ErrorCodec.java:167)
	at org.openqa.selenium.remote.codec.w3c.W3CHttpResponseCodec.decode(W3CHttpResponseCodec.java:138)
	at org.openqa.selenium.remote.codec.w3c.W3CHttpResponseCodec.decode(W3CHttpResponseCodec.java:50)
	at org.openqa.selenium.remote.HttpCommandExecutor.execute(HttpCommandExecutor.java:190)
	at org.openqa.selenium.remote.service.DriverCommandExecutor.invokeExecute(DriverCommandExecutor.java:216)
	at org.openqa.selenium.remote.service.DriverCommandExecutor.execute(DriverCommandExecutor.java:174)
	at org.openqa.selenium.remote.RemoteWebDriver.execute(RemoteWebDriver.java:545)
	at org.openqa.selenium.remote.RemoteWebElement.execute(RemoteWebElement.java:223)
	at org.openqa.selenium.remote.RemoteWebElement.click(RemoteWebElement.java:76)
	at java.base/jdk.internal.reflect.DirectMethodHandleAccessor.invoke(DirectMethodHandleAccessor.java:103)
	at java.base/java.lang.reflect.Method.invoke(Method.java:580)
	at org.openqa.selenium.support.pagefactory.internal.LocatingElementHandler.invoke(LocatingElementHandler.java:51)
	at jdk.proxy2/jdk.proxy2.$Proxy14.click(Unknown Source)
	at lt.insoft.uztis.pages.ApplicationFormsPage.selectValueByListEvaluationTwo(ApplicationFormsPage.java:298)
	at lt.insoft.uztis.tests.ApplicationFormsPageTest.testCreateNewVuiApplication(ApplicationFormsPageTest.java:118)
	at java.base/jdk.internal.reflect.DirectMethodHandleAccessor.invoke(DirectMethodHandleAccessor.java:103)
	at java.base/java.lang.reflect.Method.invoke(Method.java:580)
	at org.junit.platform.commons.util.ReflectionUtils.invokeMethod(ReflectionUtils.java:728)
	at org.junit.jupiter.engine.execution.MethodInvocation.proceed(MethodInvocation.java:60)
	at org.junit.jupiter.engine.execution.InvocationInterceptorChain$ValidatingInvocation.proceed(InvocationInterceptorChain.java:131)
	at org.junit.jupiter.engine.extension.TimeoutExtension.intercept(TimeoutExtension.java:156)
	at org.junit.jupiter.engine.extension.TimeoutExtension.interceptTestableMethod(TimeoutExtension.java:147)
	at org.junit.jupiter.engine.extension.TimeoutExtension.interceptTestMethod(TimeoutExtension.java:86)
	at org.junit.jupiter.engine.execution.InterceptingExecutableInvoker$ReflectiveInterceptorCall.lambda$ofVoidMethod$0(InterceptingExecutableInvoker.java:103)
	at org.junit.jupiter.engine.execution.InterceptingExecutableInvoker.lambda$invoke$0(InterceptingExecutableInvoker.java:93)
	at org.junit.jupiter.engine.execution.InvocationInterceptorChain$InterceptedInvocation.proceed(InvocationInterceptorChain.java:106)
	at org.junit.jupiter.engine.execution.InvocationInterceptorChain.proceed(InvocationInterceptorChain.java:64)
	at org.junit.jupiter.engine.execution.InvocationInterceptorChain.chainAndInvoke(InvocationInterceptorChain.java:45)
	at org.junit.jupiter.engine.execution.InvocationInterceptorChain.invoke(InvocationInterceptorChain.java:37)
	at org.junit.jupiter.engine.execution.InterceptingExecutableInvoker.invoke(InterceptingExecutableInvoker.java:92)
	at org.junit.jupiter.engine.execution.InterceptingExecutableInvoker.invoke(InterceptingExecutableInvoker.java:86)
	at org.junit.jupiter.engine.descriptor.TestMethodTestDescriptor.lambda$invokeTestMethod$7(TestMethodTestDescriptor.java:218)
	at org.junit.platform.engine.support.hierarchical.ThrowableCollector.execute(ThrowableCollector.java:73)
	at org.junit.jupiter.engine.descriptor.TestMethodTestDescriptor.invokeTestMethod(TestMethodTestDescriptor.java:214)
	at org.junit.jupiter.engine.descriptor.TestMethodTestDescriptor.execute(TestMethodTestDescriptor.java:139)
	at org.junit.jupiter.engine.descriptor.TestMethodTestDescriptor.execute(TestMethodTestDescriptor.java:69)
	at org.junit.platform.engine.support.hierarchical.NodeTestTask.lambda$executeRecursively$6(NodeTestTask.java:151)
	at org.junit.platform.engine.support.hierarchical.ThrowableCollector.execute(ThrowableCollector.java:73)
	at org.junit.platform.engine.support.hierarchical.NodeTestTask.lambda$executeRecursively$8(NodeTestTask.java:141)
	at org.junit.platform.engine.support.hierarchical.Node.around(Node.java:137)
	at org.junit.platform.engine.support.hierarchical.NodeTestTask.lambda$executeRecursively$9(NodeTestTask.java:139)
	at org.junit.platform.engine.support.hierarchical.ThrowableCollector.execute(ThrowableCollector.java:73)
	at org.junit.platform.engine.support.hierarchical.NodeTestTask.executeRecursively(NodeTestTask.java:138)
	at org.junit.platform.engine.support.hierarchical.NodeTestTask.execute(NodeTestTask.java:95)
	at java.base/java.util.ArrayList.forEach(ArrayList.java:1596)
	at org.junit.platform.engine.support.hierarchical.SameThreadHierarchicalTestExecutorService.invokeAll(SameThreadHierarchicalTestExecutorService.java:41)
	at org.junit.platform.engine.support.hierarchical.NodeTestTask.lambda$executeRecursively$6(NodeTestTask.java:155)
	at org.junit.platform.engine.support.hierarchical.ThrowableCollector.execute(ThrowableCollector.java:73)
	at org.junit.platform.engine.support.hierarchical.NodeTestTask.lambda$executeRecursively$8(NodeTestTask.java:141)
	at org.junit.platform.engine.support.hierarchical.Node.around(Node.java:137)
	at org.junit.platform.engine.support.hierarchical.NodeTestTask.lambda$executeRecursively$9(NodeTestTask.java:139)
	at org.junit.platform.engine.support.hierarchical.ThrowableCollector.execute(ThrowableCollector.java:73)
	at org.junit.platform.engine.support.hierarchical.NodeTestTask.executeRecursively(NodeTestTask.java:138)
	at org.junit.platform.engine.support.hierarchical.NodeTestTask.execute(NodeTestTask.java:95)
	at java.base/java.util.ArrayList.forEach(ArrayList.java:1596)
	at org.junit.platform.engine.support.hierarchical.SameThreadHierarchicalTestExecutorService.invokeAll(SameThreadHierarchicalTestExecutorService.java:41)
	at org.junit.platform.engine.support.hierarchical.NodeTestTask.lambda$executeRecursively$6(NodeTestTask.java:155)
	at org.junit.platform.engine.support.hierarchical.ThrowableCollector.execute(ThrowableCollector.java:73)
	at org.junit.platform.engine.support.hierarchical.NodeTestTask.lambda$executeRecursively$8(NodeTestTask.java:141)
	at org.junit.platform.engine.support.hierarchical.Node.around(Node.java:137)
	at org.junit.platform.engine.support.hierarchical.NodeTestTask.lambda$executeRecursively$9(NodeTestTask.java:139)
	at org.junit.platform.engine.support.hierarchical.ThrowableCollector.execute(ThrowableCollector.java:73)
	at org.junit.platform.engine.support.hierarchical.NodeTestTask.executeRecursively(NodeTestTask.java:138)
	at org.junit.platform.engine.support.hierarchical.NodeTestTask.execute(NodeTestTask.java:95)
	at org.junit.platform.engine.support.hierarchical.SameThreadHierarchicalTestExecutorService.submit(SameThreadHierarchicalTestExecutorService.java:35)
	at org.junit.platform.engine.support.hierarchical.HierarchicalTestExecutor.execute(HierarchicalTestExecutor.java:57)
	at org.junit.platform.engine.support.hierarchical.HierarchicalTestEngine.execute(HierarchicalTestEngine.java:54)
	at org.junit.platform.launcher.core.EngineExecutionOrchestrator.execute(EngineExecutionOrchestrator.java:198)
	at org.junit.platform.launcher.core.EngineExecutionOrchestrator.execute(EngineExecutionOrchestrator.java:169)
	at org.junit.platform.launcher.core.EngineExecutionOrchestrator.execute(EngineExecutionOrchestrator.java:93)
	at org.junit.platform.launcher.core.EngineExecutionOrchestrator.lambda$execute$0(EngineExecutionOrchestrator.java:58)
	at org.junit.platform.launcher.core.EngineExecutionOrchestrator.withInterceptedStreams(EngineExecutionOrchestrator.java:141)
	at org.junit.platform.launcher.core.EngineExecutionOrchestrator.execute(EngineExecutionOrchestrator.java:57)
	at org.junit.platform.launcher.core.DefaultLauncher.execute(DefaultLauncher.java:103)
	at org.junit.platform.launcher.core.DefaultLauncher.execute(DefaultLauncher.java:85)
	at org.junit.platform.launcher.core.DelegatingLauncher.execute(DelegatingLauncher.java:47)
	at org.junit.platform.launcher.core.SessionPerRequestLauncher.execute(SessionPerRequestLauncher.java:63)
	at com.intellij.junit5.JUnit5IdeaTestRunner.startRunnerWithArgs(JUnit5IdeaTestRunner.java:57)
	at com.intellij.rt.junit.IdeaTestRunner$Repeater$1.execute(IdeaTestRunner.java:38)
	at com.intellij.rt.execution.junit.TestsRepeater.repeat(TestsRepeater.java:11)
	at com.intellij.rt.junit.IdeaTestRunner$Repeater.startRunnerWithArgs(IdeaTestRunner.java:35)
	at com.intellij.rt.junit.JUnitStarter.prepareStreamsAndStart(JUnitStarter.java:232)
	at com.intellij.rt.junit.JUnitStarter.main(JUnitStarter.java:55)
2025-01-02 10:39:52 [main] INFO  l.insoft.uztis.tests.utils.TestUtils - Screenshot moved to C:\Users\ingrida.zadorozniene\Desktop\Asm\UZTIS\UZTIS_tests\test-output\screenshots\20250102\103952455_testCreateNewVuiApplication().png
2025-01-02 10:47:49 [main] INFO  lt.insoft.uztis.tests.UztisPageTest - Navigated to https://uztisdev.asseco.lt/home
2025-01-02 10:47:49 [main] INFO  l.i.u.tests.ApplicationFormsPageTest - Setup complete. ApplicationFormsPage initialized.
2025-01-02 10:47:49 [main] INFO  l.i.u.tests.ApplicationFormsPageTest - Starting test:'testCreateNewVuiApplication'
2025-01-02 10:47:49 [main] DEBUG l.i.u.tests.ApplicationFormsPageTest - Opened 'Application Processing' menu.
2025-01-02 10:47:49 [main] DEBUG l.i.u.tests.ApplicationFormsPageTest - Clicked on 'Application Forms' menu.
2025-01-02 10:47:49 [main] DEBUG l.i.u.tests.ApplicationFormsPageTest - Clicked to create a new application form.
2025-01-02 10:47:49 [main] DEBUG l.i.u.tests.ApplicationFormsPageTest - Entered random application code: TST-95
2025-01-02 10:47:49 [main] DEBUG l.i.u.tests.ApplicationFormsPageTest - Selected 'Section' radio button.
2025-01-02 10:47:50 [main] DEBUG l.i.u.tests.ApplicationFormsPageTest - Selected 'Budget by Municipality' option.
2025-01-02 10:47:50 [main] DEBUG l.i.u.tests.ApplicationFormsPageTest - Selected 'Financed Without Queue' option.
2025-01-02 10:47:50 [main] DEBUG l.i.u.tests.ApplicationFormsPageTest - Clicked 'Add' button.
2025-01-02 10:47:50 [main] DEBUG l.i.u.tests.ApplicationFormsPageTest - Selected value from 'Department' list.
2025-01-02 10:47:51 [main] ERROR l.i.u.tests.ApplicationFormsPageTest - Test 'testCreateNewVuiApplication' failed with error: element click intercepted: Element <mat-label>...</mat-label> is not clickable at point (433, 893). Other element would receive the click: <div class="cdk-overlay-backdrop cdk-overlay-transparent-backdrop cdk-overlay-backdrop-showing"></div>
  (Session info: chrome=131.0.6778.205)
Build info: version: '4.27.0', revision: 'd6e718d134'
System info: os.name: 'Windows 11', os.arch: 'amd64', os.version: '10.0', java.version: '21.0.3'
Driver info: org.openqa.selenium.chrome.ChromeDriver
Command: [ab29af11c0dd390846a29aadc301a1a0, clickElement {id=f.F20DE7035144F85E93D661E1F60EA9F6.d.F2E80AA03280186E69CEB4989EDD5DFE.e.52}]
Capabilities {acceptInsecureCerts: false, browserName: chrome, browserVersion: 131.0.6778.205, chrome: {chromedriverVersion: 131.0.6778.204 (52183f9e99a..., userDataDir: C:\Users\INGRID~1.ZAD\AppDa...}, fedcm:accounts: true, goog:chromeOptions: {debuggerAddress: localhost:58436}, networkConnectionEnabled: false, pageLoadStrategy: normal, platformName: windows, proxy: Proxy(), se:cdp: ws://localhost:58436/devtoo..., se:cdpVersion: 131.0.6778.205, setWindowRect: true, strictFileInteractability: false, timeouts: {implicit: 0, pageLoad: 300000, script: 30000}, unhandledPromptBehavior: dismiss and notify, webauthn:extension:credBlob: true, webauthn:extension:largeBlob: true, webauthn:extension:minPinLength: true, webauthn:extension:prf: true, webauthn:virtualAuthenticators: true}
Element: [[ChromeDriver: chrome on windows (ab29af11c0dd390846a29aadc301a1a0)] -> xpath: //mat-label[contains(text(), 'I etapo vertinimo forma')]]
Session ID: ab29af11c0dd390846a29aadc301a1a0
org.openqa.selenium.ElementClickInterceptedException: element click intercepted: Element <mat-label>...</mat-label> is not clickable at point (433, 893). Other element would receive the click: <div class="cdk-overlay-backdrop cdk-overlay-transparent-backdrop cdk-overlay-backdrop-showing"></div>
  (Session info: chrome=131.0.6778.205)
Build info: version: '4.27.0', revision: 'd6e718d134'
System info: os.name: 'Windows 11', os.arch: 'amd64', os.version: '10.0', java.version: '21.0.3'
Driver info: org.openqa.selenium.chrome.ChromeDriver
Command: [ab29af11c0dd390846a29aadc301a1a0, clickElement {id=f.F20DE7035144F85E93D661E1F60EA9F6.d.F2E80AA03280186E69CEB4989EDD5DFE.e.52}]
Capabilities {acceptInsecureCerts: false, browserName: chrome, browserVersion: 131.0.6778.205, chrome: {chromedriverVersion: 131.0.6778.204 (52183f9e99a..., userDataDir: C:\Users\INGRID~1.ZAD\AppDa...}, fedcm:accounts: true, goog:chromeOptions: {debuggerAddress: localhost:58436}, networkConnectionEnabled: false, pageLoadStrategy: normal, platformName: windows, proxy: Proxy(), se:cdp: ws://localhost:58436/devtoo..., se:cdpVersion: 131.0.6778.205, setWindowRect: true, strictFileInteractability: false, timeouts: {implicit: 0, pageLoad: 300000, script: 30000}, unhandledPromptBehavior: dismiss and notify, webauthn:extension:credBlob: true, webauthn:extension:largeBlob: true, webauthn:extension:minPinLength: true, webauthn:extension:prf: true, webauthn:virtualAuthenticators: true}
Element: [[ChromeDriver: chrome on windows (ab29af11c0dd390846a29aadc301a1a0)] -> xpath: //mat-label[contains(text(), 'I etapo vertinimo forma')]]
Session ID: ab29af11c0dd390846a29aadc301a1a0
	at java.base/jdk.internal.reflect.DirectConstructorHandleAccessor.newInstance(DirectConstructorHandleAccessor.java:62)
	at java.base/java.lang.reflect.Constructor.newInstanceWithCaller(Constructor.java:502)
	at java.base/java.lang.reflect.Constructor.newInstance(Constructor.java:486)
	at org.openqa.selenium.remote.ErrorCodec.decode(ErrorCodec.java:167)
	at org.openqa.selenium.remote.codec.w3c.W3CHttpResponseCodec.decode(W3CHttpResponseCodec.java:138)
	at org.openqa.selenium.remote.codec.w3c.W3CHttpResponseCodec.decode(W3CHttpResponseCodec.java:50)
	at org.openqa.selenium.remote.HttpCommandExecutor.execute(HttpCommandExecutor.java:190)
	at org.openqa.selenium.remote.service.DriverCommandExecutor.invokeExecute(DriverCommandExecutor.java:216)
	at org.openqa.selenium.remote.service.DriverCommandExecutor.execute(DriverCommandExecutor.java:174)
	at org.openqa.selenium.remote.RemoteWebDriver.execute(RemoteWebDriver.java:545)
	at org.openqa.selenium.remote.RemoteWebElement.execute(RemoteWebElement.java:223)
	at org.openqa.selenium.remote.RemoteWebElement.click(RemoteWebElement.java:76)
	at java.base/jdk.internal.reflect.DirectMethodHandleAccessor.invoke(DirectMethodHandleAccessor.java:103)
	at java.base/java.lang.reflect.Method.invoke(Method.java:580)
	at org.openqa.selenium.support.pagefactory.internal.LocatingElementHandler.invoke(LocatingElementHandler.java:51)
	at jdk.proxy2/jdk.proxy2.$Proxy14.click(Unknown Source)
	at lt.insoft.uztis.pages.ApplicationFormsPage.selectValuesByListEvaluationOne(ApplicationFormsPage.java:285)
	at lt.insoft.uztis.tests.ApplicationFormsPageTest.testCreateNewVuiApplication(ApplicationFormsPageTest.java:111)
	at java.base/jdk.internal.reflect.DirectMethodHandleAccessor.invoke(DirectMethodHandleAccessor.java:103)
	at java.base/java.lang.reflect.Method.invoke(Method.java:580)
	at org.junit.platform.commons.util.ReflectionUtils.invokeMethod(ReflectionUtils.java:728)
	at org.junit.jupiter.engine.execution.MethodInvocation.proceed(MethodInvocation.java:60)
	at org.junit.jupiter.engine.execution.InvocationInterceptorChain$ValidatingInvocation.proceed(InvocationInterceptorChain.java:131)
	at org.junit.jupiter.engine.extension.TimeoutExtension.intercept(TimeoutExtension.java:156)
	at org.junit.jupiter.engine.extension.TimeoutExtension.interceptTestableMethod(TimeoutExtension.java:147)
	at org.junit.jupiter.engine.extension.TimeoutExtension.interceptTestMethod(TimeoutExtension.java:86)
	at org.junit.jupiter.engine.execution.InterceptingExecutableInvoker$ReflectiveInterceptorCall.lambda$ofVoidMethod$0(InterceptingExecutableInvoker.java:103)
	at org.junit.jupiter.engine.execution.InterceptingExecutableInvoker.lambda$invoke$0(InterceptingExecutableInvoker.java:93)
	at org.junit.jupiter.engine.execution.InvocationInterceptorChain$InterceptedInvocation.proceed(InvocationInterceptorChain.java:106)
	at org.junit.jupiter.engine.execution.InvocationInterceptorChain.proceed(InvocationInterceptorChain.java:64)
	at org.junit.jupiter.engine.execution.InvocationInterceptorChain.chainAndInvoke(InvocationInterceptorChain.java:45)
	at org.junit.jupiter.engine.execution.InvocationInterceptorChain.invoke(InvocationInterceptorChain.java:37)
	at org.junit.jupiter.engine.execution.InterceptingExecutableInvoker.invoke(InterceptingExecutableInvoker.java:92)
	at org.junit.jupiter.engine.execution.InterceptingExecutableInvoker.invoke(InterceptingExecutableInvoker.java:86)
	at org.junit.jupiter.engine.descriptor.TestMethodTestDescriptor.lambda$invokeTestMethod$7(TestMethodTestDescriptor.java:218)
	at org.junit.platform.engine.support.hierarchical.ThrowableCollector.execute(ThrowableCollector.java:73)
	at org.junit.jupiter.engine.descriptor.TestMethodTestDescriptor.invokeTestMethod(TestMethodTestDescriptor.java:214)
	at org.junit.jupiter.engine.descriptor.TestMethodTestDescriptor.execute(TestMethodTestDescriptor.java:139)
	at org.junit.jupiter.engine.descriptor.TestMethodTestDescriptor.execute(TestMethodTestDescriptor.java:69)
	at org.junit.platform.engine.support.hierarchical.NodeTestTask.lambda$executeRecursively$6(NodeTestTask.java:151)
	at org.junit.platform.engine.support.hierarchical.ThrowableCollector.execute(ThrowableCollector.java:73)
	at org.junit.platform.engine.support.hierarchical.NodeTestTask.lambda$executeRecursively$8(NodeTestTask.java:141)
	at org.junit.platform.engine.support.hierarchical.Node.around(Node.java:137)
	at org.junit.platform.engine.support.hierarchical.NodeTestTask.lambda$executeRecursively$9(NodeTestTask.java:139)
	at org.junit.platform.engine.support.hierarchical.ThrowableCollector.execute(ThrowableCollector.java:73)
	at org.junit.platform.engine.support.hierarchical.NodeTestTask.executeRecursively(NodeTestTask.java:138)
	at org.junit.platform.engine.support.hierarchical.NodeTestTask.execute(NodeTestTask.java:95)
	at java.base/java.util.ArrayList.forEach(ArrayList.java:1596)
	at org.junit.platform.engine.support.hierarchical.SameThreadHierarchicalTestExecutorService.invokeAll(SameThreadHierarchicalTestExecutorService.java:41)
	at org.junit.platform.engine.support.hierarchical.NodeTestTask.lambda$executeRecursively$6(NodeTestTask.java:155)
	at org.junit.platform.engine.support.hierarchical.ThrowableCollector.execute(ThrowableCollector.java:73)
	at org.junit.platform.engine.support.hierarchical.NodeTestTask.lambda$executeRecursively$8(NodeTestTask.java:141)
	at org.junit.platform.engine.support.hierarchical.Node.around(Node.java:137)
	at org.junit.platform.engine.support.hierarchical.NodeTestTask.lambda$executeRecursively$9(NodeTestTask.java:139)
	at org.junit.platform.engine.support.hierarchical.ThrowableCollector.execute(ThrowableCollector.java:73)
	at org.junit.platform.engine.support.hierarchical.NodeTestTask.executeRecursively(NodeTestTask.java:138)
	at org.junit.platform.engine.support.hierarchical.NodeTestTask.execute(NodeTestTask.java:95)
	at java.base/java.util.ArrayList.forEach(ArrayList.java:1596)
	at org.junit.platform.engine.support.hierarchical.SameThreadHierarchicalTestExecutorService.invokeAll(SameThreadHierarchicalTestExecutorService.java:41)
	at org.junit.platform.engine.support.hierarchical.NodeTestTask.lambda$executeRecursively$6(NodeTestTask.java:155)
	at org.junit.platform.engine.support.hierarchical.ThrowableCollector.execute(ThrowableCollector.java:73)
	at org.junit.platform.engine.support.hierarchical.NodeTestTask.lambda$executeRecursively$8(NodeTestTask.java:141)
	at org.junit.platform.engine.support.hierarchical.Node.around(Node.java:137)
	at org.junit.platform.engine.support.hierarchical.NodeTestTask.lambda$executeRecursively$9(NodeTestTask.java:139)
	at org.junit.platform.engine.support.hierarchical.ThrowableCollector.execute(ThrowableCollector.java:73)
	at org.junit.platform.engine.support.hierarchical.NodeTestTask.executeRecursively(NodeTestTask.java:138)
	at org.junit.platform.engine.support.hierarchical.NodeTestTask.execute(NodeTestTask.java:95)
	at org.junit.platform.engine.support.hierarchical.SameThreadHierarchicalTestExecutorService.submit(SameThreadHierarchicalTestExecutorService.java:35)
	at org.junit.platform.engine.support.hierarchical.HierarchicalTestExecutor.execute(HierarchicalTestExecutor.java:57)
	at org.junit.platform.engine.support.hierarchical.HierarchicalTestEngine.execute(HierarchicalTestEngine.java:54)
	at org.junit.platform.launcher.core.EngineExecutionOrchestrator.execute(EngineExecutionOrchestrator.java:198)
	at org.junit.platform.launcher.core.EngineExecutionOrchestrator.execute(EngineExecutionOrchestrator.java:169)
	at org.junit.platform.launcher.core.EngineExecutionOrchestrator.execute(EngineExecutionOrchestrator.java:93)
	at org.junit.platform.launcher.core.EngineExecutionOrchestrator.lambda$execute$0(EngineExecutionOrchestrator.java:58)
	at org.junit.platform.launcher.core.EngineExecutionOrchestrator.withInterceptedStreams(EngineExecutionOrchestrator.java:141)
	at org.junit.platform.launcher.core.EngineExecutionOrchestrator.execute(EngineExecutionOrchestrator.java:57)
	at org.junit.platform.launcher.core.DefaultLauncher.execute(DefaultLauncher.java:103)
	at org.junit.platform.launcher.core.DefaultLauncher.execute(DefaultLauncher.java:85)
	at org.junit.platform.launcher.core.DelegatingLauncher.execute(DelegatingLauncher.java:47)
	at org.junit.platform.launcher.core.SessionPerRequestLauncher.execute(SessionPerRequestLauncher.java:63)
	at com.intellij.junit5.JUnit5IdeaTestRunner.startRunnerWithArgs(JUnit5IdeaTestRunner.java:57)
	at com.intellij.rt.junit.IdeaTestRunner$Repeater$1.execute(IdeaTestRunner.java:38)
	at com.intellij.rt.execution.junit.TestsRepeater.repeat(TestsRepeater.java:11)
	at com.intellij.rt.junit.IdeaTestRunner$Repeater.startRunnerWithArgs(IdeaTestRunner.java:35)
	at com.intellij.rt.junit.JUnitStarter.prepareStreamsAndStart(JUnitStarter.java:232)
	at com.intellij.rt.junit.JUnitStarter.main(JUnitStarter.java:55)
2025-01-02 10:47:51 [main] INFO  l.insoft.uztis.tests.utils.TestUtils - Screenshot moved to C:\Users\ingrida.zadorozniene\Desktop\Asm\UZTIS\UZTIS_tests\test-output\screenshots\20250102\104751943_testCreateNewVuiApplication().png
2025-01-02 10:49:55 [main] INFO  lt.insoft.uztis.tests.UztisPageTest - Navigated to https://uztisdev.asseco.lt/home
2025-01-02 10:49:56 [main] INFO  l.i.u.tests.ApplicationFormsPageTest - Setup complete. ApplicationFormsPage initialized.
2025-01-02 10:49:56 [main] INFO  l.i.u.tests.ApplicationFormsPageTest - Starting test:'testCreateNewVuiApplication'
2025-01-02 10:49:56 [main] DEBUG l.i.u.tests.ApplicationFormsPageTest - Opened 'Application Processing' menu.
2025-01-02 10:49:56 [main] DEBUG l.i.u.tests.ApplicationFormsPageTest - Clicked on 'Application Forms' menu.
2025-01-02 10:49:56 [main] DEBUG l.i.u.tests.ApplicationFormsPageTest - Clicked to create a new application form.
2025-01-02 10:49:56 [main] DEBUG l.i.u.tests.ApplicationFormsPageTest - Entered random application code: TST-75
2025-01-02 10:49:56 [main] DEBUG l.i.u.tests.ApplicationFormsPageTest - Selected 'Municipality' radio button.
2025-01-02 10:49:57 [main] DEBUG l.i.u.tests.ApplicationFormsPageTest - Selected 'Budget by Municipality' option.
2025-01-02 10:49:57 [main] DEBUG l.i.u.tests.ApplicationFormsPageTest - Selected 'Financed Without Queue' option.
2025-01-02 10:49:57 [main] DEBUG l.i.u.tests.ApplicationFormsPageTest - Clicked 'Add' button.
2025-01-02 10:49:57 [main] DEBUG l.i.u.tests.ApplicationFormsPageTest - Selected value from 'Department' list.
2025-01-02 10:49:58 [main] ERROR l.i.u.tests.ApplicationFormsPageTest - Test 'testCreateNewVuiApplication' failed with error: stale element reference: stale element not found in the current frame
  (Session info: chrome=131.0.6778.205)
For documentation on this error, please visit: https://www.selenium.dev/documentation/webdriver/troubleshooting/errors#stale-element-reference-exception
Build info: version: '4.27.0', revision: 'd6e718d134'
System info: os.name: 'Windows 11', os.arch: 'amd64', os.version: '10.0', java.version: '21.0.3'
Driver info: org.openqa.selenium.chrome.ChromeDriver
Command: [9473f4cfa38fbd5e9da7cb8dfbc615af, isElementDisplayed {id=f.7F2E4A372AC5F58A730BEBA0DB7F9EDC.d.186A00737B9E7A58CA75D8F66A9F44C8.e.62}]
Capabilities {acceptInsecureCerts: false, browserName: chrome, browserVersion: 131.0.6778.205, chrome: {chromedriverVersion: 131.0.6778.204 (52183f9e99a..., userDataDir: C:\Users\INGRID~1.ZAD\AppDa...}, fedcm:accounts: true, goog:chromeOptions: {debuggerAddress: localhost:58518}, networkConnectionEnabled: false, pageLoadStrategy: normal, platformName: windows, proxy: Proxy(), se:cdp: ws://localhost:58518/devtoo..., se:cdpVersion: 131.0.6778.205, setWindowRect: true, strictFileInteractability: false, timeouts: {implicit: 0, pageLoad: 300000, script: 30000}, unhandledPromptBehavior: dismiss and notify, webauthn:extension:credBlob: true, webauthn:extension:largeBlob: true, webauthn:extension:minPinLength: true, webauthn:extension:prf: true, webauthn:virtualAuthenticators: true}
Element: [[ChromeDriver: chrome on windows (9473f4cfa38fbd5e9da7cb8dfbc615af)] -> css selector: mat-option]
Session ID: 9473f4cfa38fbd5e9da7cb8dfbc615af
org.openqa.selenium.StaleElementReferenceException: stale element reference: stale element not found in the current frame
  (Session info: chrome=131.0.6778.205)
For documentation on this error, please visit: https://www.selenium.dev/documentation/webdriver/troubleshooting/errors#stale-element-reference-exception
Build info: version: '4.27.0', revision: 'd6e718d134'
System info: os.name: 'Windows 11', os.arch: 'amd64', os.version: '10.0', java.version: '21.0.3'
Driver info: org.openqa.selenium.chrome.ChromeDriver
Command: [9473f4cfa38fbd5e9da7cb8dfbc615af, isElementDisplayed {id=f.7F2E4A372AC5F58A730BEBA0DB7F9EDC.d.186A00737B9E7A58CA75D8F66A9F44C8.e.62}]
Capabilities {acceptInsecureCerts: false, browserName: chrome, browserVersion: 131.0.6778.205, chrome: {chromedriverVersion: 131.0.6778.204 (52183f9e99a..., userDataDir: C:\Users\INGRID~1.ZAD\AppDa...}, fedcm:accounts: true, goog:chromeOptions: {debuggerAddress: localhost:58518}, networkConnectionEnabled: false, pageLoadStrategy: normal, platformName: windows, proxy: Proxy(), se:cdp: ws://localhost:58518/devtoo..., se:cdpVersion: 131.0.6778.205, setWindowRect: true, strictFileInteractability: false, timeouts: {implicit: 0, pageLoad: 300000, script: 30000}, unhandledPromptBehavior: dismiss and notify, webauthn:extension:credBlob: true, webauthn:extension:largeBlob: true, webauthn:extension:minPinLength: true, webauthn:extension:prf: true, webauthn:virtualAuthenticators: true}
Element: [[ChromeDriver: chrome on windows (9473f4cfa38fbd5e9da7cb8dfbc615af)] -> css selector: mat-option]
Session ID: 9473f4cfa38fbd5e9da7cb8dfbc615af
	at java.base/jdk.internal.reflect.DirectConstructorHandleAccessor.newInstance(DirectConstructorHandleAccessor.java:62)
	at java.base/java.lang.reflect.Constructor.newInstanceWithCaller(Constructor.java:502)
	at java.base/java.lang.reflect.Constructor.newInstance(Constructor.java:486)
	at org.openqa.selenium.remote.ErrorCodec.decode(ErrorCodec.java:167)
	at org.openqa.selenium.remote.codec.w3c.W3CHttpResponseCodec.decode(W3CHttpResponseCodec.java:138)
	at org.openqa.selenium.remote.codec.w3c.W3CHttpResponseCodec.decode(W3CHttpResponseCodec.java:50)
	at org.openqa.selenium.remote.HttpCommandExecutor.execute(HttpCommandExecutor.java:190)
	at org.openqa.selenium.remote.service.DriverCommandExecutor.invokeExecute(DriverCommandExecutor.java:216)
	at org.openqa.selenium.remote.service.DriverCommandExecutor.execute(DriverCommandExecutor.java:174)
	at org.openqa.selenium.remote.RemoteWebDriver.execute(RemoteWebDriver.java:545)
	at org.openqa.selenium.remote.RemoteWebElement.execute(RemoteWebElement.java:223)
	at org.openqa.selenium.remote.RemoteWebElement.isDisplayed(RemoteWebElement.java:282)
	at org.openqa.selenium.support.ui.ExpectedConditions$9.apply(ExpectedConditions.java:264)
	at org.openqa.selenium.support.ui.ExpectedConditions$9.apply(ExpectedConditions.java:260)
	at org.openqa.selenium.support.ui.FluentWait.until(FluentWait.java:203)
	at lt.insoft.uztis.pages.ApplicationFormsPage.selectValueByListEvaluationThree(ApplicationFormsPage.java:312)
	at lt.insoft.uztis.tests.ApplicationFormsPageTest.testCreateNewVuiApplication(ApplicationFormsPageTest.java:113)
	at java.base/jdk.internal.reflect.DirectMethodHandleAccessor.invoke(DirectMethodHandleAccessor.java:103)
	at java.base/java.lang.reflect.Method.invoke(Method.java:580)
	at org.junit.platform.commons.util.ReflectionUtils.invokeMethod(ReflectionUtils.java:728)
	at org.junit.jupiter.engine.execution.MethodInvocation.proceed(MethodInvocation.java:60)
	at org.junit.jupiter.engine.execution.InvocationInterceptorChain$ValidatingInvocation.proceed(InvocationInterceptorChain.java:131)
	at org.junit.jupiter.engine.extension.TimeoutExtension.intercept(TimeoutExtension.java:156)
	at org.junit.jupiter.engine.extension.TimeoutExtension.interceptTestableMethod(TimeoutExtension.java:147)
	at org.junit.jupiter.engine.extension.TimeoutExtension.interceptTestMethod(TimeoutExtension.java:86)
	at org.junit.jupiter.engine.execution.InterceptingExecutableInvoker$ReflectiveInterceptorCall.lambda$ofVoidMethod$0(InterceptingExecutableInvoker.java:103)
	at org.junit.jupiter.engine.execution.InterceptingExecutableInvoker.lambda$invoke$0(InterceptingExecutableInvoker.java:93)
	at org.junit.jupiter.engine.execution.InvocationInterceptorChain$InterceptedInvocation.proceed(InvocationInterceptorChain.java:106)
	at org.junit.jupiter.engine.execution.InvocationInterceptorChain.proceed(InvocationInterceptorChain.java:64)
	at org.junit.jupiter.engine.execution.InvocationInterceptorChain.chainAndInvoke(InvocationInterceptorChain.java:45)
	at org.junit.jupiter.engine.execution.InvocationInterceptorChain.invoke(InvocationInterceptorChain.java:37)
	at org.junit.jupiter.engine.execution.InterceptingExecutableInvoker.invoke(InterceptingExecutableInvoker.java:92)
	at org.junit.jupiter.engine.execution.InterceptingExecutableInvoker.invoke(InterceptingExecutableInvoker.java:86)
	at org.junit.jupiter.engine.descriptor.TestMethodTestDescriptor.lambda$invokeTestMethod$7(TestMethodTestDescriptor.java:218)
	at org.junit.platform.engine.support.hierarchical.ThrowableCollector.execute(ThrowableCollector.java:73)
	at org.junit.jupiter.engine.descriptor.TestMethodTestDescriptor.invokeTestMethod(TestMethodTestDescriptor.java:214)
	at org.junit.jupiter.engine.descriptor.TestMethodTestDescriptor.execute(TestMethodTestDescriptor.java:139)
	at org.junit.jupiter.engine.descriptor.TestMethodTestDescriptor.execute(TestMethodTestDescriptor.java:69)
	at org.junit.platform.engine.support.hierarchical.NodeTestTask.lambda$executeRecursively$6(NodeTestTask.java:151)
	at org.junit.platform.engine.support.hierarchical.ThrowableCollector.execute(ThrowableCollector.java:73)
	at org.junit.platform.engine.support.hierarchical.NodeTestTask.lambda$executeRecursively$8(NodeTestTask.java:141)
	at org.junit.platform.engine.support.hierarchical.Node.around(Node.java:137)
	at org.junit.platform.engine.support.hierarchical.NodeTestTask.lambda$executeRecursively$9(NodeTestTask.java:139)
	at org.junit.platform.engine.support.hierarchical.ThrowableCollector.execute(ThrowableCollector.java:73)
	at org.junit.platform.engine.support.hierarchical.NodeTestTask.executeRecursively(NodeTestTask.java:138)
	at org.junit.platform.engine.support.hierarchical.NodeTestTask.execute(NodeTestTask.java:95)
	at java.base/java.util.ArrayList.forEach(ArrayList.java:1596)
	at org.junit.platform.engine.support.hierarchical.SameThreadHierarchicalTestExecutorService.invokeAll(SameThreadHierarchicalTestExecutorService.java:41)
	at org.junit.platform.engine.support.hierarchical.NodeTestTask.lambda$executeRecursively$6(NodeTestTask.java:155)
	at org.junit.platform.engine.support.hierarchical.ThrowableCollector.execute(ThrowableCollector.java:73)
	at org.junit.platform.engine.support.hierarchical.NodeTestTask.lambda$executeRecursively$8(NodeTestTask.java:141)
	at org.junit.platform.engine.support.hierarchical.Node.around(Node.java:137)
	at org.junit.platform.engine.support.hierarchical.NodeTestTask.lambda$executeRecursively$9(NodeTestTask.java:139)
	at org.junit.platform.engine.support.hierarchical.ThrowableCollector.execute(ThrowableCollector.java:73)
	at org.junit.platform.engine.support.hierarchical.NodeTestTask.executeRecursively(NodeTestTask.java:138)
	at org.junit.platform.engine.support.hierarchical.NodeTestTask.execute(NodeTestTask.java:95)
	at java.base/java.util.ArrayList.forEach(ArrayList.java:1596)
	at org.junit.platform.engine.support.hierarchical.SameThreadHierarchicalTestExecutorService.invokeAll(SameThreadHierarchicalTestExecutorService.java:41)
	at org.junit.platform.engine.support.hierarchical.NodeTestTask.lambda$executeRecursively$6(NodeTestTask.java:155)
	at org.junit.platform.engine.support.hierarchical.ThrowableCollector.execute(ThrowableCollector.java:73)
	at org.junit.platform.engine.support.hierarchical.NodeTestTask.lambda$executeRecursively$8(NodeTestTask.java:141)
	at org.junit.platform.engine.support.hierarchical.Node.around(Node.java:137)
	at org.junit.platform.engine.support.hierarchical.NodeTestTask.lambda$executeRecursively$9(NodeTestTask.java:139)
	at org.junit.platform.engine.support.hierarchical.ThrowableCollector.execute(ThrowableCollector.java:73)
	at org.junit.platform.engine.support.hierarchical.NodeTestTask.executeRecursively(NodeTestTask.java:138)
	at org.junit.platform.engine.support.hierarchical.NodeTestTask.execute(NodeTestTask.java:95)
	at org.junit.platform.engine.support.hierarchical.SameThreadHierarchicalTestExecutorService.submit(SameThreadHierarchicalTestExecutorService.java:35)
	at org.junit.platform.engine.support.hierarchical.HierarchicalTestExecutor.execute(HierarchicalTestExecutor.java:57)
	at org.junit.platform.engine.support.hierarchical.HierarchicalTestEngine.execute(HierarchicalTestEngine.java:54)
	at org.junit.platform.launcher.core.EngineExecutionOrchestrator.execute(EngineExecutionOrchestrator.java:198)
	at org.junit.platform.launcher.core.EngineExecutionOrchestrator.execute(EngineExecutionOrchestrator.java:169)
	at org.junit.platform.launcher.core.EngineExecutionOrchestrator.execute(EngineExecutionOrchestrator.java:93)
	at org.junit.platform.launcher.core.EngineExecutionOrchestrator.lambda$execute$0(EngineExecutionOrchestrator.java:58)
	at org.junit.platform.launcher.core.EngineExecutionOrchestrator.withInterceptedStreams(EngineExecutionOrchestrator.java:141)
	at org.junit.platform.launcher.core.EngineExecutionOrchestrator.execute(EngineExecutionOrchestrator.java:57)
	at org.junit.platform.launcher.core.DefaultLauncher.execute(DefaultLauncher.java:103)
	at org.junit.platform.launcher.core.DefaultLauncher.execute(DefaultLauncher.java:85)
	at org.junit.platform.launcher.core.DelegatingLauncher.execute(DelegatingLauncher.java:47)
	at org.junit.platform.launcher.core.SessionPerRequestLauncher.execute(SessionPerRequestLauncher.java:63)
	at com.intellij.junit5.JUnit5IdeaTestRunner.startRunnerWithArgs(JUnit5IdeaTestRunner.java:57)
	at com.intellij.rt.junit.IdeaTestRunner$Repeater$1.execute(IdeaTestRunner.java:38)
	at com.intellij.rt.execution.junit.TestsRepeater.repeat(TestsRepeater.java:11)
	at com.intellij.rt.junit.IdeaTestRunner$Repeater.startRunnerWithArgs(IdeaTestRunner.java:35)
	at com.intellij.rt.junit.JUnitStarter.prepareStreamsAndStart(JUnitStarter.java:232)
	at com.intellij.rt.junit.JUnitStarter.main(JUnitStarter.java:55)
2025-01-02 10:49:59 [main] INFO  l.insoft.uztis.tests.utils.TestUtils - Screenshot moved to C:\Users\ingrida.zadorozniene\Desktop\Asm\UZTIS\UZTIS_tests\test-output\screenshots\20250102\104959092_testCreateNewVuiApplication().png
2025-01-02 10:55:51 [main] INFO  lt.insoft.uztis.tests.UztisPageTest - Navigated to https://uztisdev.asseco.lt/home
2025-01-02 10:55:52 [main] INFO  l.i.u.tests.ApplicationFormsPageTest - Setup complete. ApplicationFormsPage initialized.
2025-01-02 10:55:52 [main] INFO  l.i.u.tests.ApplicationFormsPageTest - Starting test:'testCreateNewVuiApplication'
2025-01-02 10:55:52 [main] DEBUG l.i.u.tests.ApplicationFormsPageTest - Opened 'Application Processing' menu.
2025-01-02 10:55:52 [main] DEBUG l.i.u.tests.ApplicationFormsPageTest - Clicked on 'Application Forms' menu.
2025-01-02 10:55:52 [main] DEBUG l.i.u.tests.ApplicationFormsPageTest - Clicked to create a new application form.
2025-01-02 10:55:52 [main] DEBUG l.i.u.tests.ApplicationFormsPageTest - Entered random application code: TST-28
2025-01-02 10:55:52 [main] DEBUG l.i.u.tests.ApplicationFormsPageTest - Selected 'Municipality' radio button.
2025-01-02 10:55:53 [main] DEBUG l.i.u.tests.ApplicationFormsPageTest - Selected a value from the 'Municipality' dropdown.
2025-01-02 10:55:53 [main] DEBUG l.i.u.tests.ApplicationFormsPageTest - Selected 'Budget by Municipality' option.
2025-01-02 10:55:53 [main] DEBUG l.i.u.tests.ApplicationFormsPageTest - Selected 'Financed Without Queue' option.
2025-01-02 10:55:54 [main] DEBUG l.i.u.tests.ApplicationFormsPageTest - Clicked 'Add' button.
2025-01-02 10:55:54 [main] DEBUG l.i.u.tests.ApplicationFormsPageTest - Selected value from 'Department' list.
2025-01-02 10:55:56 [main] ERROR l.i.u.tests.ApplicationFormsPageTest - Test 'testCreateNewVuiApplication' failed with error: stale element reference: stale element not found in the current frame
  (Session info: chrome=131.0.6778.205)
For documentation on this error, please visit: https://www.selenium.dev/documentation/webdriver/troubleshooting/errors#stale-element-reference-exception
Build info: version: '4.27.0', revision: 'd6e718d134'
System info: os.name: 'Windows 11', os.arch: 'amd64', os.version: '10.0', java.version: '21.0.3'
Driver info: org.openqa.selenium.chrome.ChromeDriver
Command: [b030ce48b99a3305fd6945400c68fc3b, isElementDisplayed {id=f.0C26E77C80E74BCBFC71867B02E7DC49.d.D9AF74FE34AACC3A3EF47CCB30946935.e.63}]
Capabilities {acceptInsecureCerts: false, browserName: chrome, browserVersion: 131.0.6778.205, chrome: {chromedriverVersion: 131.0.6778.204 (52183f9e99a..., userDataDir: C:\Users\INGRID~1.ZAD\AppDa...}, fedcm:accounts: true, goog:chromeOptions: {debuggerAddress: localhost:58728}, networkConnectionEnabled: false, pageLoadStrategy: normal, platformName: windows, proxy: Proxy(), se:cdp: ws://localhost:58728/devtoo..., se:cdpVersion: 131.0.6778.205, setWindowRect: true, strictFileInteractability: false, timeouts: {implicit: 0, pageLoad: 300000, script: 30000}, unhandledPromptBehavior: dismiss and notify, webauthn:extension:credBlob: true, webauthn:extension:largeBlob: true, webauthn:extension:minPinLength: true, webauthn:extension:prf: true, webauthn:virtualAuthenticators: true}
Element: [[ChromeDriver: chrome on windows (b030ce48b99a3305fd6945400c68fc3b)] -> css selector: mat-option]
Session ID: b030ce48b99a3305fd6945400c68fc3b
org.openqa.selenium.StaleElementReferenceException: stale element reference: stale element not found in the current frame
  (Session info: chrome=131.0.6778.205)
For documentation on this error, please visit: https://www.selenium.dev/documentation/webdriver/troubleshooting/errors#stale-element-reference-exception
Build info: version: '4.27.0', revision: 'd6e718d134'
System info: os.name: 'Windows 11', os.arch: 'amd64', os.version: '10.0', java.version: '21.0.3'
Driver info: org.openqa.selenium.chrome.ChromeDriver
Command: [b030ce48b99a3305fd6945400c68fc3b, isElementDisplayed {id=f.0C26E77C80E74BCBFC71867B02E7DC49.d.D9AF74FE34AACC3A3EF47CCB30946935.e.63}]
Capabilities {acceptInsecureCerts: false, browserName: chrome, browserVersion: 131.0.6778.205, chrome: {chromedriverVersion: 131.0.6778.204 (52183f9e99a..., userDataDir: C:\Users\INGRID~1.ZAD\AppDa...}, fedcm:accounts: true, goog:chromeOptions: {debuggerAddress: localhost:58728}, networkConnectionEnabled: false, pageLoadStrategy: normal, platformName: windows, proxy: Proxy(), se:cdp: ws://localhost:58728/devtoo..., se:cdpVersion: 131.0.6778.205, setWindowRect: true, strictFileInteractability: false, timeouts: {implicit: 0, pageLoad: 300000, script: 30000}, unhandledPromptBehavior: dismiss and notify, webauthn:extension:credBlob: true, webauthn:extension:largeBlob: true, webauthn:extension:minPinLength: true, webauthn:extension:prf: true, webauthn:virtualAuthenticators: true}
Element: [[ChromeDriver: chrome on windows (b030ce48b99a3305fd6945400c68fc3b)] -> css selector: mat-option]
Session ID: b030ce48b99a3305fd6945400c68fc3b
	at java.base/jdk.internal.reflect.DirectConstructorHandleAccessor.newInstance(DirectConstructorHandleAccessor.java:62)
	at java.base/java.lang.reflect.Constructor.newInstanceWithCaller(Constructor.java:502)
	at java.base/java.lang.reflect.Constructor.newInstance(Constructor.java:486)
	at org.openqa.selenium.remote.ErrorCodec.decode(ErrorCodec.java:167)
	at org.openqa.selenium.remote.codec.w3c.W3CHttpResponseCodec.decode(W3CHttpResponseCodec.java:138)
	at org.openqa.selenium.remote.codec.w3c.W3CHttpResponseCodec.decode(W3CHttpResponseCodec.java:50)
	at org.openqa.selenium.remote.HttpCommandExecutor.execute(HttpCommandExecutor.java:190)
	at org.openqa.selenium.remote.service.DriverCommandExecutor.invokeExecute(DriverCommandExecutor.java:216)
	at org.openqa.selenium.remote.service.DriverCommandExecutor.execute(DriverCommandExecutor.java:174)
	at org.openqa.selenium.remote.RemoteWebDriver.execute(RemoteWebDriver.java:545)
	at org.openqa.selenium.remote.RemoteWebElement.execute(RemoteWebElement.java:223)
	at org.openqa.selenium.remote.RemoteWebElement.isDisplayed(RemoteWebElement.java:282)
	at org.openqa.selenium.support.ui.ExpectedConditions$9.apply(ExpectedConditions.java:264)
	at org.openqa.selenium.support.ui.ExpectedConditions$9.apply(ExpectedConditions.java:260)
	at org.openqa.selenium.support.ui.FluentWait.until(FluentWait.java:203)
	at lt.insoft.uztis.pages.ApplicationFormsPage.selectValueByListEvaluationThree(ApplicationFormsPage.java:312)
	at lt.insoft.uztis.tests.ApplicationFormsPageTest.testCreateNewVuiApplication(ApplicationFormsPageTest.java:113)
	at java.base/jdk.internal.reflect.DirectMethodHandleAccessor.invoke(DirectMethodHandleAccessor.java:103)
	at java.base/java.lang.reflect.Method.invoke(Method.java:580)
	at org.junit.platform.commons.util.ReflectionUtils.invokeMethod(ReflectionUtils.java:728)
	at org.junit.jupiter.engine.execution.MethodInvocation.proceed(MethodInvocation.java:60)
	at org.junit.jupiter.engine.execution.InvocationInterceptorChain$ValidatingInvocation.proceed(InvocationInterceptorChain.java:131)
	at org.junit.jupiter.engine.extension.TimeoutExtension.intercept(TimeoutExtension.java:156)
	at org.junit.jupiter.engine.extension.TimeoutExtension.interceptTestableMethod(TimeoutExtension.java:147)
	at org.junit.jupiter.engine.extension.TimeoutExtension.interceptTestMethod(TimeoutExtension.java:86)
	at org.junit.jupiter.engine.execution.InterceptingExecutableInvoker$ReflectiveInterceptorCall.lambda$ofVoidMethod$0(InterceptingExecutableInvoker.java:103)
	at org.junit.jupiter.engine.execution.InterceptingExecutableInvoker.lambda$invoke$0(InterceptingExecutableInvoker.java:93)
	at org.junit.jupiter.engine.execution.InvocationInterceptorChain$InterceptedInvocation.proceed(InvocationInterceptorChain.java:106)
	at org.junit.jupiter.engine.execution.InvocationInterceptorChain.proceed(InvocationInterceptorChain.java:64)
	at org.junit.jupiter.engine.execution.InvocationInterceptorChain.chainAndInvoke(InvocationInterceptorChain.java:45)
	at org.junit.jupiter.engine.execution.InvocationInterceptorChain.invoke(InvocationInterceptorChain.java:37)
	at org.junit.jupiter.engine.execution.InterceptingExecutableInvoker.invoke(InterceptingExecutableInvoker.java:92)
	at org.junit.jupiter.engine.execution.InterceptingExecutableInvoker.invoke(InterceptingExecutableInvoker.java:86)
	at org.junit.jupiter.engine.descriptor.TestMethodTestDescriptor.lambda$invokeTestMethod$7(TestMethodTestDescriptor.java:218)
	at org.junit.platform.engine.support.hierarchical.ThrowableCollector.execute(ThrowableCollector.java:73)
	at org.junit.jupiter.engine.descriptor.TestMethodTestDescriptor.invokeTestMethod(TestMethodTestDescriptor.java:214)
	at org.junit.jupiter.engine.descriptor.TestMethodTestDescriptor.execute(TestMethodTestDescriptor.java:139)
	at org.junit.jupiter.engine.descriptor.TestMethodTestDescriptor.execute(TestMethodTestDescriptor.java:69)
	at org.junit.platform.engine.support.hierarchical.NodeTestTask.lambda$executeRecursively$6(NodeTestTask.java:151)
	at org.junit.platform.engine.support.hierarchical.ThrowableCollector.execute(ThrowableCollector.java:73)
	at org.junit.platform.engine.support.hierarchical.NodeTestTask.lambda$executeRecursively$8(NodeTestTask.java:141)
	at org.junit.platform.engine.support.hierarchical.Node.around(Node.java:137)
	at org.junit.platform.engine.support.hierarchical.NodeTestTask.lambda$executeRecursively$9(NodeTestTask.java:139)
	at org.junit.platform.engine.support.hierarchical.ThrowableCollector.execute(ThrowableCollector.java:73)
	at org.junit.platform.engine.support.hierarchical.NodeTestTask.executeRecursively(NodeTestTask.java:138)
	at org.junit.platform.engine.support.hierarchical.NodeTestTask.execute(NodeTestTask.java:95)
	at java.base/java.util.ArrayList.forEach(ArrayList.java:1596)
	at org.junit.platform.engine.support.hierarchical.SameThreadHierarchicalTestExecutorService.invokeAll(SameThreadHierarchicalTestExecutorService.java:41)
	at org.junit.platform.engine.support.hierarchical.NodeTestTask.lambda$executeRecursively$6(NodeTestTask.java:155)
	at org.junit.platform.engine.support.hierarchical.ThrowableCollector.execute(ThrowableCollector.java:73)
	at org.junit.platform.engine.support.hierarchical.NodeTestTask.lambda$executeRecursively$8(NodeTestTask.java:141)
	at org.junit.platform.engine.support.hierarchical.Node.around(Node.java:137)
	at org.junit.platform.engine.support.hierarchical.NodeTestTask.lambda$executeRecursively$9(NodeTestTask.java:139)
	at org.junit.platform.engine.support.hierarchical.ThrowableCollector.execute(ThrowableCollector.java:73)
	at org.junit.platform.engine.support.hierarchical.NodeTestTask.executeRecursively(NodeTestTask.java:138)
	at org.junit.platform.engine.support.hierarchical.NodeTestTask.execute(NodeTestTask.java:95)
	at java.base/java.util.ArrayList.forEach(ArrayList.java:1596)
	at org.junit.platform.engine.support.hierarchical.SameThreadHierarchicalTestExecutorService.invokeAll(SameThreadHierarchicalTestExecutorService.java:41)
	at org.junit.platform.engine.support.hierarchical.NodeTestTask.lambda$executeRecursively$6(NodeTestTask.java:155)
	at org.junit.platform.engine.support.hierarchical.ThrowableCollector.execute(ThrowableCollector.java:73)
	at org.junit.platform.engine.support.hierarchical.NodeTestTask.lambda$executeRecursively$8(NodeTestTask.java:141)
	at org.junit.platform.engine.support.hierarchical.Node.around(Node.java:137)
	at org.junit.platform.engine.support.hierarchical.NodeTestTask.lambda$executeRecursively$9(NodeTestTask.java:139)
	at org.junit.platform.engine.support.hierarchical.ThrowableCollector.execute(ThrowableCollector.java:73)
	at org.junit.platform.engine.support.hierarchical.NodeTestTask.executeRecursively(NodeTestTask.java:138)
	at org.junit.platform.engine.support.hierarchical.NodeTestTask.execute(NodeTestTask.java:95)
	at org.junit.platform.engine.support.hierarchical.SameThreadHierarchicalTestExecutorService.submit(SameThreadHierarchicalTestExecutorService.java:35)
	at org.junit.platform.engine.support.hierarchical.HierarchicalTestExecutor.execute(HierarchicalTestExecutor.java:57)
	at org.junit.platform.engine.support.hierarchical.HierarchicalTestEngine.execute(HierarchicalTestEngine.java:54)
	at org.junit.platform.launcher.core.EngineExecutionOrchestrator.execute(EngineExecutionOrchestrator.java:198)
	at org.junit.platform.launcher.core.EngineExecutionOrchestrator.execute(EngineExecutionOrchestrator.java:169)
	at org.junit.platform.launcher.core.EngineExecutionOrchestrator.execute(EngineExecutionOrchestrator.java:93)
	at org.junit.platform.launcher.core.EngineExecutionOrchestrator.lambda$execute$0(EngineExecutionOrchestrator.java:58)
	at org.junit.platform.launcher.core.EngineExecutionOrchestrator.withInterceptedStreams(EngineExecutionOrchestrator.java:141)
	at org.junit.platform.launcher.core.EngineExecutionOrchestrator.execute(EngineExecutionOrchestrator.java:57)
	at org.junit.platform.launcher.core.DefaultLauncher.execute(DefaultLauncher.java:103)
	at org.junit.platform.launcher.core.DefaultLauncher.execute(DefaultLauncher.java:85)
	at org.junit.platform.launcher.core.DelegatingLauncher.execute(DelegatingLauncher.java:47)
	at org.junit.platform.launcher.core.SessionPerRequestLauncher.execute(SessionPerRequestLauncher.java:63)
	at com.intellij.junit5.JUnit5IdeaTestRunner.startRunnerWithArgs(JUnit5IdeaTestRunner.java:57)
	at com.intellij.rt.junit.IdeaTestRunner$Repeater$1.execute(IdeaTestRunner.java:38)
	at com.intellij.rt.execution.junit.TestsRepeater.repeat(TestsRepeater.java:11)
	at com.intellij.rt.junit.IdeaTestRunner$Repeater.startRunnerWithArgs(IdeaTestRunner.java:35)
	at com.intellij.rt.junit.JUnitStarter.prepareStreamsAndStart(JUnitStarter.java:232)
	at com.intellij.rt.junit.JUnitStarter.main(JUnitStarter.java:55)
2025-01-02 10:55:56 [main] INFO  l.insoft.uztis.tests.utils.TestUtils - Screenshot moved to C:\Users\ingrida.zadorozniene\Desktop\Asm\UZTIS\UZTIS_tests\test-output\screenshots\20250102\105556355_testCreateNewVuiApplication().png
2025-01-02 10:57:46 [main] INFO  lt.insoft.uztis.tests.UztisPageTest - Navigated to https://uztisdev.asseco.lt/home
2025-01-02 10:57:46 [main] INFO  l.i.u.tests.ApplicationFormsPageTest - Setup complete. ApplicationFormsPage initialized.
2025-01-02 10:57:46 [main] INFO  l.i.u.tests.ApplicationFormsPageTest - Starting test:'testCreateNewVuiApplication'
2025-01-02 10:57:46 [main] DEBUG l.i.u.tests.ApplicationFormsPageTest - Opened 'Application Processing' menu.
2025-01-02 10:57:46 [main] DEBUG l.i.u.tests.ApplicationFormsPageTest - Clicked on 'Application Forms' menu.
2025-01-02 10:57:47 [main] DEBUG l.i.u.tests.ApplicationFormsPageTest - Clicked to create a new application form.
2025-01-02 10:57:47 [main] DEBUG l.i.u.tests.ApplicationFormsPageTest - Entered random application code: TST-49
2025-01-02 10:57:47 [main] DEBUG l.i.u.tests.ApplicationFormsPageTest - Selected 'Municipality' radio button.
2025-01-02 10:57:47 [main] DEBUG l.i.u.tests.ApplicationFormsPageTest - Selected 'Budget by Municipality' option.
2025-01-02 10:57:47 [main] DEBUG l.i.u.tests.ApplicationFormsPageTest - Selected 'Financed Without Queue' option.
2025-01-02 10:57:47 [main] DEBUG l.i.u.tests.ApplicationFormsPageTest - Clicked 'Add' button.
2025-01-02 10:57:48 [main] DEBUG l.i.u.tests.ApplicationFormsPageTest - Selected value from 'Department' list.
2025-01-02 10:57:49 [main] DEBUG l.i.u.tests.ApplicationFormsPageTest - Selected values from evaluation dropdowns.
2025-01-02 10:57:49 [main] DEBUG l.i.u.tests.ApplicationFormsPageTest - Clicked 'Plus' button.
2025-01-02 10:57:50 [main] DEBUG l.i.u.tests.ApplicationFormsPageTest - Clicked 'Add' button seven times.
2025-01-02 10:57:50 [main] INFO  l.i.uztis.pages.ApplicationFormsPage - Processing dropdown index: 0
2025-01-02 10:58:01 [main] ERROR l.i.uztis.pages.ApplicationFormsPage - Timeout while waiting for dropdown to close at index: 0 with aria-expanded = 'false'
2025-01-02 10:58:01 [main] INFO  l.i.uztis.pages.ApplicationFormsPage - Processing dropdown index: 1
2025-01-02 10:58:11 [main] ERROR l.i.uztis.pages.ApplicationFormsPage - Timeout while waiting for dropdown to close at index: 1 with aria-expanded = 'false'
2025-01-02 10:58:11 [main] INFO  l.i.uztis.pages.ApplicationFormsPage - Processing dropdown index: 2
2025-01-02 10:58:21 [main] ERROR l.i.uztis.pages.ApplicationFormsPage - Timeout while waiting for dropdown to close at index: 2 with aria-expanded = 'false'
2025-01-02 10:58:21 [main] INFO  l.i.uztis.pages.ApplicationFormsPage - Processing dropdown index: 3
2025-01-02 10:58:32 [main] ERROR l.i.uztis.pages.ApplicationFormsPage - Timeout while waiting for dropdown to close at index: 3 with aria-expanded = 'false'
2025-01-02 10:58:32 [main] INFO  l.i.uztis.pages.ApplicationFormsPage - Processing dropdown index: 4
2025-01-02 10:58:42 [main] ERROR l.i.uztis.pages.ApplicationFormsPage - Timeout while waiting for dropdown to close at index: 4 with aria-expanded = 'false'
2025-01-02 10:58:42 [main] INFO  l.i.uztis.pages.ApplicationFormsPage - Processing dropdown index: 5
2025-01-02 10:58:53 [main] ERROR l.i.uztis.pages.ApplicationFormsPage - Timeout while waiting for dropdown to close at index: 5 with aria-expanded = 'false'
2025-01-02 10:58:53 [main] INFO  l.i.uztis.pages.ApplicationFormsPage - Processing dropdown index: 6
2025-01-02 10:59:03 [main] ERROR l.i.uztis.pages.ApplicationFormsPage - Timeout while waiting for dropdown to close at index: 6 with aria-expanded = 'false'
2025-01-02 10:59:03 [main] INFO  l.i.uztis.pages.ApplicationFormsPage - Processing dropdown index: 7
2025-01-02 10:59:14 [main] ERROR l.i.uztis.pages.ApplicationFormsPage - Timeout while waiting for dropdown to close at index: 7 with aria-expanded = 'false'
2025-01-02 10:59:14 [main] INFO  l.i.uztis.pages.ApplicationFormsPage - Processing input field index: 0
2025-01-02 10:59:14 [main] INFO  l.i.uztis.pages.ApplicationFormsPage - Entered value '50' into field index: 0
2025-01-02 10:59:14 [main] INFO  l.i.uztis.pages.ApplicationFormsPage - Processing input field index: 1
2025-01-02 10:59:14 [main] INFO  l.i.uztis.pages.ApplicationFormsPage - Entered value '924' into field index: 1
2025-01-02 10:59:14 [main] INFO  l.i.uztis.pages.ApplicationFormsPage - Processing input field index: 2
2025-01-02 10:59:14 [main] INFO  l.i.uztis.pages.ApplicationFormsPage - Entered value '31' into field index: 2
2025-01-02 10:59:14 [main] INFO  l.i.uztis.pages.ApplicationFormsPage - Processing input field index: 3
2025-01-02 10:59:14 [main] INFO  l.i.uztis.pages.ApplicationFormsPage - Entered value '4.7' into field index: 3
2025-01-02 10:59:14 [main] INFO  l.i.uztis.pages.ApplicationFormsPage - Processing input field index: 4
2025-01-02 10:59:15 [main] INFO  l.i.uztis.pages.ApplicationFormsPage - Entered value '35' into field index: 4
2025-01-02 10:59:15 [main] INFO  l.i.uztis.pages.ApplicationFormsPage - Processing input field index: 5
2025-01-02 10:59:15 [main] INFO  l.i.uztis.pages.ApplicationFormsPage - Entered value '20' into field index: 5
2025-01-02 10:59:15 [main] INFO  l.i.uztis.pages.ApplicationFormsPage - Processing input field index: 6
2025-01-02 10:59:15 [main] INFO  l.i.uztis.pages.ApplicationFormsPage - Entered value '30' into field index: 6
2025-01-02 10:59:15 [main] INFO  l.i.uztis.pages.ApplicationFormsPage - Processing input field index: 7
2025-01-02 10:59:15 [main] INFO  l.i.uztis.pages.ApplicationFormsPage - Entered value '60' into field index: 7
2025-01-02 10:59:15 [main] DEBUG l.i.u.tests.ApplicationFormsPageTest - Entered additional values and text.
2025-01-02 10:59:15 [main] DEBUG l.i.u.tests.ApplicationFormsPageTest - Entered application name: Paraiška
2025-01-02 10:59:15 [main] DEBUG l.i.u.tests.ApplicationFormsPageTest - Clicked the 'Save' button.
2025-01-02 10:59:15 [main] INFO  l.i.u.tests.ApplicationFormsPageTest - Verified success message text: 'Duomenys sėkmingai išsaugoti.'
2025-01-02 10:59:15 [main] INFO  l.i.u.tests.ApplicationFormsPageTest - Verified that the 'Save Form' button is displayed.
2025-01-02 10:59:15 [main] INFO  l.i.u.tests.ApplicationFormsPageTest - Test 'testCreateNewVuiApplication' completed successfully.
2025-01-02 11:04:14 [main] INFO  lt.insoft.uztis.tests.UztisPageTest - Navigated to https://uztisdev.asseco.lt/home
2025-01-02 11:04:14 [main] INFO  l.i.u.tests.ApplicationFormsPageTest - Setup complete. ApplicationFormsPage initialized.
2025-01-02 11:04:14 [main] INFO  l.i.u.tests.ApplicationFormsPageTest - Starting test:'testCreateNewVuiApplication'
2025-01-02 11:04:14 [main] DEBUG l.i.u.tests.ApplicationFormsPageTest - Opened 'Application Processing' menu.
2025-01-02 11:04:15 [main] DEBUG l.i.u.tests.ApplicationFormsPageTest - Clicked on 'Application Forms' menu.
2025-01-02 11:04:15 [main] DEBUG l.i.u.tests.ApplicationFormsPageTest - Clicked to create a new application form.
2025-01-02 11:04:15 [main] DEBUG l.i.u.tests.ApplicationFormsPageTest - Entered random application code: TST-32
2025-01-02 11:04:15 [main] DEBUG l.i.u.tests.ApplicationFormsPageTest - Selected 'Municipality' radio button.
2025-01-02 11:04:15 [main] DEBUG l.i.u.tests.ApplicationFormsPageTest - Selected 'Budget by Municipality' option.
2025-01-02 11:04:15 [main] DEBUG l.i.u.tests.ApplicationFormsPageTest - Selected 'Financed Without Queue' option.
2025-01-02 11:04:15 [main] DEBUG l.i.u.tests.ApplicationFormsPageTest - Clicked 'Add' button.
2025-01-02 11:04:16 [main] DEBUG l.i.u.tests.ApplicationFormsPageTest - Selected value from 'Department' list.
2025-01-02 11:04:18 [main] DEBUG l.i.u.tests.ApplicationFormsPageTest - Selected values from evaluation dropdowns.
2025-01-02 11:04:18 [main] DEBUG l.i.u.tests.ApplicationFormsPageTest - Clicked 'Plus' button.
2025-01-02 11:04:19 [main] DEBUG l.i.u.tests.ApplicationFormsPageTest - Clicked 'Add' button seven times.
2025-01-02 11:04:19 [main] INFO  l.i.uztis.pages.ApplicationFormsPage - Processing dropdown index: 0
2025-01-02 11:04:29 [main] ERROR l.i.uztis.pages.ApplicationFormsPage - Timeout while waiting for dropdown to close at index: 0 with aria-expanded = 'false'
2025-01-02 11:04:29 [main] ERROR l.i.u.tests.ApplicationFormsPageTest - Test 'testCreateNewVuiApplication' failed with error: no such window: target window already closed
from unknown error: web view not found
  (Session info: chrome=131.0.6778.205)
Build info: version: '4.27.0', revision: 'd6e718d134'
System info: os.name: 'Windows 11', os.arch: 'amd64', os.version: '10.0', java.version: '21.0.3'
Driver info: org.openqa.selenium.chrome.ChromeDriver
Command: [43b7f56c4a8037d798892d04c6116719, findElements {using=xpath, value=//mat-label[contains(text(), 'Nustatymas')]}]
Capabilities {acceptInsecureCerts: false, browserName: chrome, browserVersion: 131.0.6778.205, chrome: {chromedriverVersion: 131.0.6778.204 (52183f9e99a..., userDataDir: C:\Users\INGRID~1.ZAD\AppDa...}, fedcm:accounts: true, goog:chromeOptions: {debuggerAddress: localhost:58925}, networkConnectionEnabled: false, pageLoadStrategy: normal, platformName: windows, proxy: Proxy(), se:cdp: ws://localhost:58925/devtoo..., se:cdpVersion: 131.0.6778.205, setWindowRect: true, strictFileInteractability: false, timeouts: {implicit: 0, pageLoad: 300000, script: 30000}, unhandledPromptBehavior: dismiss and notify, webauthn:extension:credBlob: true, webauthn:extension:largeBlob: true, webauthn:extension:minPinLength: true, webauthn:extension:prf: true, webauthn:virtualAuthenticators: true}
Session ID: 43b7f56c4a8037d798892d04c6116719
org.openqa.selenium.NoSuchWindowException: no such window: target window already closed
from unknown error: web view not found
  (Session info: chrome=131.0.6778.205)
Build info: version: '4.27.0', revision: 'd6e718d134'
System info: os.name: 'Windows 11', os.arch: 'amd64', os.version: '10.0', java.version: '21.0.3'
Driver info: org.openqa.selenium.chrome.ChromeDriver
Command: [43b7f56c4a8037d798892d04c6116719, findElements {using=xpath, value=//mat-label[contains(text(), 'Nustatymas')]}]
Capabilities {acceptInsecureCerts: false, browserName: chrome, browserVersion: 131.0.6778.205, chrome: {chromedriverVersion: 131.0.6778.204 (52183f9e99a..., userDataDir: C:\Users\INGRID~1.ZAD\AppDa...}, fedcm:accounts: true, goog:chromeOptions: {debuggerAddress: localhost:58925}, networkConnectionEnabled: false, pageLoadStrategy: normal, platformName: windows, proxy: Proxy(), se:cdp: ws://localhost:58925/devtoo..., se:cdpVersion: 131.0.6778.205, setWindowRect: true, strictFileInteractability: false, timeouts: {implicit: 0, pageLoad: 300000, script: 30000}, unhandledPromptBehavior: dismiss and notify, webauthn:extension:credBlob: true, webauthn:extension:largeBlob: true, webauthn:extension:minPinLength: true, webauthn:extension:prf: true, webauthn:virtualAuthenticators: true}
Session ID: 43b7f56c4a8037d798892d04c6116719
	at java.base/jdk.internal.reflect.DirectConstructorHandleAccessor.newInstance(DirectConstructorHandleAccessor.java:62)
	at java.base/java.lang.reflect.Constructor.newInstanceWithCaller(Constructor.java:502)
	at java.base/java.lang.reflect.Constructor.newInstance(Constructor.java:486)
	at org.openqa.selenium.remote.ErrorCodec.decode(ErrorCodec.java:167)
	at org.openqa.selenium.remote.codec.w3c.W3CHttpResponseCodec.decode(W3CHttpResponseCodec.java:138)
	at org.openqa.selenium.remote.codec.w3c.W3CHttpResponseCodec.decode(W3CHttpResponseCodec.java:50)
	at org.openqa.selenium.remote.HttpCommandExecutor.execute(HttpCommandExecutor.java:190)
	at org.openqa.selenium.remote.service.DriverCommandExecutor.invokeExecute(DriverCommandExecutor.java:216)
	at org.openqa.selenium.remote.service.DriverCommandExecutor.execute(DriverCommandExecutor.java:174)
	at org.openqa.selenium.remote.RemoteWebDriver.execute(RemoteWebDriver.java:545)
	at org.openqa.selenium.remote.ElementLocation$ElementFinder$2.findElements(ElementLocation.java:182)
	at org.openqa.selenium.remote.ElementLocation.findElements(ElementLocation.java:103)
	at org.openqa.selenium.remote.RemoteWebDriver.findElements(RemoteWebDriver.java:381)
	at org.openqa.selenium.remote.RemoteWebDriver.findElements(RemoteWebDriver.java:375)
	at org.openqa.selenium.support.pagefactory.DefaultElementLocator.findElements(DefaultElementLocator.java:83)
	at org.openqa.selenium.support.pagefactory.internal.LocatingElementListHandler.invoke(LocatingElementListHandler.java:36)
	at jdk.proxy2/jdk.proxy2.$Proxy15.size(Unknown Source)
	at lt.insoft.uztis.pages.ApplicationFormsPage.selectValueAndEnterText(ApplicationFormsPage.java:348)
	at lt.insoft.uztis.tests.ApplicationFormsPageTest.testCreateNewVuiApplication(ApplicationFormsPageTest.java:124)
	at java.base/jdk.internal.reflect.DirectMethodHandleAccessor.invoke(DirectMethodHandleAccessor.java:103)
	at java.base/java.lang.reflect.Method.invoke(Method.java:580)
	at org.junit.platform.commons.util.ReflectionUtils.invokeMethod(ReflectionUtils.java:728)
	at org.junit.jupiter.engine.execution.MethodInvocation.proceed(MethodInvocation.java:60)
	at org.junit.jupiter.engine.execution.InvocationInterceptorChain$ValidatingInvocation.proceed(InvocationInterceptorChain.java:131)
	at org.junit.jupiter.engine.extension.TimeoutExtension.intercept(TimeoutExtension.java:156)
	at org.junit.jupiter.engine.extension.TimeoutExtension.interceptTestableMethod(TimeoutExtension.java:147)
	at org.junit.jupiter.engine.extension.TimeoutExtension.interceptTestMethod(TimeoutExtension.java:86)
	at org.junit.jupiter.engine.execution.InterceptingExecutableInvoker$ReflectiveInterceptorCall.lambda$ofVoidMethod$0(InterceptingExecutableInvoker.java:103)
	at org.junit.jupiter.engine.execution.InterceptingExecutableInvoker.lambda$invoke$0(InterceptingExecutableInvoker.java:93)
	at org.junit.jupiter.engine.execution.InvocationInterceptorChain$InterceptedInvocation.proceed(InvocationInterceptorChain.java:106)
	at org.junit.jupiter.engine.execution.InvocationInterceptorChain.proceed(InvocationInterceptorChain.java:64)
	at org.junit.jupiter.engine.execution.InvocationInterceptorChain.chainAndInvoke(InvocationInterceptorChain.java:45)
	at org.junit.jupiter.engine.execution.InvocationInterceptorChain.invoke(InvocationInterceptorChain.java:37)
	at org.junit.jupiter.engine.execution.InterceptingExecutableInvoker.invoke(InterceptingExecutableInvoker.java:92)
	at org.junit.jupiter.engine.execution.InterceptingExecutableInvoker.invoke(InterceptingExecutableInvoker.java:86)
	at org.junit.jupiter.engine.descriptor.TestMethodTestDescriptor.lambda$invokeTestMethod$7(TestMethodTestDescriptor.java:218)
	at org.junit.platform.engine.support.hierarchical.ThrowableCollector.execute(ThrowableCollector.java:73)
	at org.junit.jupiter.engine.descriptor.TestMethodTestDescriptor.invokeTestMethod(TestMethodTestDescriptor.java:214)
	at org.junit.jupiter.engine.descriptor.TestMethodTestDescriptor.execute(TestMethodTestDescriptor.java:139)
	at org.junit.jupiter.engine.descriptor.TestMethodTestDescriptor.execute(TestMethodTestDescriptor.java:69)
	at org.junit.platform.engine.support.hierarchical.NodeTestTask.lambda$executeRecursively$6(NodeTestTask.java:151)
	at org.junit.platform.engine.support.hierarchical.ThrowableCollector.execute(ThrowableCollector.java:73)
	at org.junit.platform.engine.support.hierarchical.NodeTestTask.lambda$executeRecursively$8(NodeTestTask.java:141)
	at org.junit.platform.engine.support.hierarchical.Node.around(Node.java:137)
	at org.junit.platform.engine.support.hierarchical.NodeTestTask.lambda$executeRecursively$9(NodeTestTask.java:139)
	at org.junit.platform.engine.support.hierarchical.ThrowableCollector.execute(ThrowableCollector.java:73)
	at org.junit.platform.engine.support.hierarchical.NodeTestTask.executeRecursively(NodeTestTask.java:138)
	at org.junit.platform.engine.support.hierarchical.NodeTestTask.execute(NodeTestTask.java:95)
	at java.base/java.util.ArrayList.forEach(ArrayList.java:1596)
	at org.junit.platform.engine.support.hierarchical.SameThreadHierarchicalTestExecutorService.invokeAll(SameThreadHierarchicalTestExecutorService.java:41)
	at org.junit.platform.engine.support.hierarchical.NodeTestTask.lambda$executeRecursively$6(NodeTestTask.java:155)
	at org.junit.platform.engine.support.hierarchical.ThrowableCollector.execute(ThrowableCollector.java:73)
	at org.junit.platform.engine.support.hierarchical.NodeTestTask.lambda$executeRecursively$8(NodeTestTask.java:141)
	at org.junit.platform.engine.support.hierarchical.Node.around(Node.java:137)
	at org.junit.platform.engine.support.hierarchical.NodeTestTask.lambda$executeRecursively$9(NodeTestTask.java:139)
	at org.junit.platform.engine.support.hierarchical.ThrowableCollector.execute(ThrowableCollector.java:73)
	at org.junit.platform.engine.support.hierarchical.NodeTestTask.executeRecursively(NodeTestTask.java:138)
	at org.junit.platform.engine.support.hierarchical.NodeTestTask.execute(NodeTestTask.java:95)
	at java.base/java.util.ArrayList.forEach(ArrayList.java:1596)
	at org.junit.platform.engine.support.hierarchical.SameThreadHierarchicalTestExecutorService.invokeAll(SameThreadHierarchicalTestExecutorService.java:41)
	at org.junit.platform.engine.support.hierarchical.NodeTestTask.lambda$executeRecursively$6(NodeTestTask.java:155)
	at org.junit.platform.engine.support.hierarchical.ThrowableCollector.execute(ThrowableCollector.java:73)
	at org.junit.platform.engine.support.hierarchical.NodeTestTask.lambda$executeRecursively$8(NodeTestTask.java:141)
	at org.junit.platform.engine.support.hierarchical.Node.around(Node.java:137)
	at org.junit.platform.engine.support.hierarchical.NodeTestTask.lambda$executeRecursively$9(NodeTestTask.java:139)
	at org.junit.platform.engine.support.hierarchical.ThrowableCollector.execute(ThrowableCollector.java:73)
	at org.junit.platform.engine.support.hierarchical.NodeTestTask.executeRecursively(NodeTestTask.java:138)
	at org.junit.platform.engine.support.hierarchical.NodeTestTask.execute(NodeTestTask.java:95)
	at org.junit.platform.engine.support.hierarchical.SameThreadHierarchicalTestExecutorService.submit(SameThreadHierarchicalTestExecutorService.java:35)
	at org.junit.platform.engine.support.hierarchical.HierarchicalTestExecutor.execute(HierarchicalTestExecutor.java:57)
	at org.junit.platform.engine.support.hierarchical.HierarchicalTestEngine.execute(HierarchicalTestEngine.java:54)
	at org.junit.platform.launcher.core.EngineExecutionOrchestrator.execute(EngineExecutionOrchestrator.java:198)
	at org.junit.platform.launcher.core.EngineExecutionOrchestrator.execute(EngineExecutionOrchestrator.java:169)
	at org.junit.platform.launcher.core.EngineExecutionOrchestrator.execute(EngineExecutionOrchestrator.java:93)
	at org.junit.platform.launcher.core.EngineExecutionOrchestrator.lambda$execute$0(EngineExecutionOrchestrator.java:58)
	at org.junit.platform.launcher.core.EngineExecutionOrchestrator.withInterceptedStreams(EngineExecutionOrchestrator.java:141)
	at org.junit.platform.launcher.core.EngineExecutionOrchestrator.execute(EngineExecutionOrchestrator.java:57)
	at org.junit.platform.launcher.core.DefaultLauncher.execute(DefaultLauncher.java:103)
	at org.junit.platform.launcher.core.DefaultLauncher.execute(DefaultLauncher.java:85)
	at org.junit.platform.launcher.core.DelegatingLauncher.execute(DelegatingLauncher.java:47)
	at org.junit.platform.launcher.core.SessionPerRequestLauncher.execute(SessionPerRequestLauncher.java:63)
	at com.intellij.junit5.JUnit5IdeaTestRunner.startRunnerWithArgs(JUnit5IdeaTestRunner.java:57)
	at com.intellij.rt.junit.IdeaTestRunner$Repeater$1.execute(IdeaTestRunner.java:38)
	at com.intellij.rt.execution.junit.TestsRepeater.repeat(TestsRepeater.java:11)
	at com.intellij.rt.junit.IdeaTestRunner$Repeater.startRunnerWithArgs(IdeaTestRunner.java:35)
	at com.intellij.rt.junit.JUnitStarter.prepareStreamsAndStart(JUnitStarter.java:232)
	at com.intellij.rt.junit.JUnitStarter.main(JUnitStarter.java:55)
2025-01-02 11:44:18 [main] INFO  lt.insoft.uztis.tests.UztisPageTest - Navigated to https://uztisdev.asseco.lt/home
2025-01-02 11:44:18 [main] INFO  l.i.u.tests.ApplicationFormsPageTest - Setup complete. ApplicationFormsPage initialized.
2025-01-02 11:44:18 [main] INFO  l.i.u.tests.ApplicationFormsPageTest - Starting test:'testCreateNewVuiApplication'
2025-01-02 11:44:18 [main] DEBUG l.i.u.tests.ApplicationFormsPageTest - Opened 'Application Processing' menu.
2025-01-02 11:44:18 [main] DEBUG l.i.u.tests.ApplicationFormsPageTest - Clicked on 'Application Forms' menu.
2025-01-02 11:44:19 [main] DEBUG l.i.u.tests.ApplicationFormsPageTest - Clicked to create a new application form.
2025-01-02 11:44:19 [main] DEBUG l.i.u.tests.ApplicationFormsPageTest - Entered random application code: TST-28
2025-01-02 11:44:19 [main] DEBUG l.i.u.tests.ApplicationFormsPageTest - Selected 'Municipality' radio button.
2025-01-02 11:44:19 [main] INFO  l.i.uztis.pages.ApplicationFormsPage - Processing dropdown index: 0
2025-01-02 11:44:30 [main] ERROR l.i.uztis.pages.ApplicationFormsPage - Timeout while waiting for dropdown to close at index: 0 with aria-expanded = 'false'
2025-01-02 11:44:30 [main] DEBUG l.i.u.tests.ApplicationFormsPageTest - Selected a value from the 'Municipality' dropdown.
2025-01-02 11:44:30 [main] DEBUG l.i.u.tests.ApplicationFormsPageTest - Selected 'Budget by Municipality' option.
2025-01-02 11:44:30 [main] DEBUG l.i.u.tests.ApplicationFormsPageTest - Selected 'Financed Without Queue' option.
2025-01-02 11:44:30 [main] DEBUG l.i.u.tests.ApplicationFormsPageTest - Clicked 'Add' button.
2025-01-02 11:44:30 [main] INFO  l.i.uztis.pages.ApplicationFormsPage - Processing dropdown index: 0
2025-01-02 11:44:41 [main] ERROR l.i.uztis.pages.ApplicationFormsPage - Timeout while waiting for dropdown to close at index: 0 with aria-expanded = 'false'
2025-01-02 11:44:41 [main] DEBUG l.i.u.tests.ApplicationFormsPageTest - Selected value from 'Department' list.
2025-01-02 11:44:42 [main] DEBUG l.i.u.tests.ApplicationFormsPageTest - Selected values from evaluation dropdowns.
2025-01-02 11:44:42 [main] DEBUG l.i.u.tests.ApplicationFormsPageTest - Clicked 'Plus' button.
2025-01-02 11:44:42 [main] DEBUG l.i.u.tests.ApplicationFormsPageTest - Clicked 'Add' button seven times.
2025-01-02 11:44:43 [main] INFO  l.i.uztis.pages.ApplicationFormsPage - Processing dropdown index: 0
2025-01-02 11:44:53 [main] ERROR l.i.uztis.pages.ApplicationFormsPage - Timeout while waiting for dropdown to close at index: 0 with aria-expanded = 'false'
2025-01-02 11:44:53 [main] INFO  l.i.uztis.pages.ApplicationFormsPage - Processing dropdown index: 1
2025-01-02 11:45:04 [main] ERROR l.i.uztis.pages.ApplicationFormsPage - Timeout while waiting for dropdown to close at index: 1 with aria-expanded = 'false'
2025-01-02 11:45:04 [main] ERROR l.i.u.tests.ApplicationFormsPageTest - Test 'testCreateNewVuiApplication' failed with error: no such window: target window already closed
from unknown error: web view not found
  (Session info: chrome=131.0.6778.205)
Build info: version: '4.27.0', revision: 'd6e718d134'
System info: os.name: 'Windows 11', os.arch: 'amd64', os.version: '10.0', java.version: '21.0.3'
Driver info: org.openqa.selenium.chrome.ChromeDriver
Command: [5facea7999ba00589335e5cf503bb795, findElements {using=xpath, value=//mat-label[contains(text(), 'Nustatymas')]}]
Capabilities {acceptInsecureCerts: false, browserName: chrome, browserVersion: 131.0.6778.205, chrome: {chromedriverVersion: 131.0.6778.204 (52183f9e99a..., userDataDir: C:\Users\INGRID~1.ZAD\AppDa...}, fedcm:accounts: true, goog:chromeOptions: {debuggerAddress: localhost:60147}, networkConnectionEnabled: false, pageLoadStrategy: normal, platformName: windows, proxy: Proxy(), se:cdp: ws://localhost:60147/devtoo..., se:cdpVersion: 131.0.6778.205, setWindowRect: true, strictFileInteractability: false, timeouts: {implicit: 0, pageLoad: 300000, script: 30000}, unhandledPromptBehavior: dismiss and notify, webauthn:extension:credBlob: true, webauthn:extension:largeBlob: true, webauthn:extension:minPinLength: true, webauthn:extension:prf: true, webauthn:virtualAuthenticators: true}
Session ID: 5facea7999ba00589335e5cf503bb795
org.openqa.selenium.NoSuchWindowException: no such window: target window already closed
from unknown error: web view not found
  (Session info: chrome=131.0.6778.205)
Build info: version: '4.27.0', revision: 'd6e718d134'
System info: os.name: 'Windows 11', os.arch: 'amd64', os.version: '10.0', java.version: '21.0.3'
Driver info: org.openqa.selenium.chrome.ChromeDriver
Command: [5facea7999ba00589335e5cf503bb795, findElements {using=xpath, value=//mat-label[contains(text(), 'Nustatymas')]}]
Capabilities {acceptInsecureCerts: false, browserName: chrome, browserVersion: 131.0.6778.205, chrome: {chromedriverVersion: 131.0.6778.204 (52183f9e99a..., userDataDir: C:\Users\INGRID~1.ZAD\AppDa...}, fedcm:accounts: true, goog:chromeOptions: {debuggerAddress: localhost:60147}, networkConnectionEnabled: false, pageLoadStrategy: normal, platformName: windows, proxy: Proxy(), se:cdp: ws://localhost:60147/devtoo..., se:cdpVersion: 131.0.6778.205, setWindowRect: true, strictFileInteractability: false, timeouts: {implicit: 0, pageLoad: 300000, script: 30000}, unhandledPromptBehavior: dismiss and notify, webauthn:extension:credBlob: true, webauthn:extension:largeBlob: true, webauthn:extension:minPinLength: true, webauthn:extension:prf: true, webauthn:virtualAuthenticators: true}
Session ID: 5facea7999ba00589335e5cf503bb795
	at java.base/jdk.internal.reflect.DirectConstructorHandleAccessor.newInstance(DirectConstructorHandleAccessor.java:62)
	at java.base/java.lang.reflect.Constructor.newInstanceWithCaller(Constructor.java:502)
	at java.base/java.lang.reflect.Constructor.newInstance(Constructor.java:486)
	at org.openqa.selenium.remote.ErrorCodec.decode(ErrorCodec.java:167)
	at org.openqa.selenium.remote.codec.w3c.W3CHttpResponseCodec.decode(W3CHttpResponseCodec.java:138)
	at org.openqa.selenium.remote.codec.w3c.W3CHttpResponseCodec.decode(W3CHttpResponseCodec.java:50)
	at org.openqa.selenium.remote.HttpCommandExecutor.execute(HttpCommandExecutor.java:190)
	at org.openqa.selenium.remote.service.DriverCommandExecutor.invokeExecute(DriverCommandExecutor.java:216)
	at org.openqa.selenium.remote.service.DriverCommandExecutor.execute(DriverCommandExecutor.java:174)
	at org.openqa.selenium.remote.RemoteWebDriver.execute(RemoteWebDriver.java:545)
	at org.openqa.selenium.remote.ElementLocation$ElementFinder$2.findElements(ElementLocation.java:182)
	at org.openqa.selenium.remote.ElementLocation.findElements(ElementLocation.java:103)
	at org.openqa.selenium.remote.RemoteWebDriver.findElements(RemoteWebDriver.java:381)
	at org.openqa.selenium.remote.RemoteWebDriver.findElements(RemoteWebDriver.java:375)
	at org.openqa.selenium.support.pagefactory.DefaultElementLocator.findElements(DefaultElementLocator.java:83)
	at org.openqa.selenium.support.pagefactory.internal.LocatingElementListHandler.invoke(LocatingElementListHandler.java:36)
	at jdk.proxy2/jdk.proxy2.$Proxy15.size(Unknown Source)
	at lt.insoft.uztis.pages.ApplicationFormsPage.selectValueAndEnterText(ApplicationFormsPage.java:403)
	at lt.insoft.uztis.tests.ApplicationFormsPageTest.testCreateNewVuiApplication(ApplicationFormsPageTest.java:124)
	at java.base/jdk.internal.reflect.DirectMethodHandleAccessor.invoke(DirectMethodHandleAccessor.java:103)
	at java.base/java.lang.reflect.Method.invoke(Method.java:580)
	at org.junit.platform.commons.util.ReflectionUtils.invokeMethod(ReflectionUtils.java:728)
	at org.junit.jupiter.engine.execution.MethodInvocation.proceed(MethodInvocation.java:60)
	at org.junit.jupiter.engine.execution.InvocationInterceptorChain$ValidatingInvocation.proceed(InvocationInterceptorChain.java:131)
	at org.junit.jupiter.engine.extension.TimeoutExtension.intercept(TimeoutExtension.java:156)
	at org.junit.jupiter.engine.extension.TimeoutExtension.interceptTestableMethod(TimeoutExtension.java:147)
	at org.junit.jupiter.engine.extension.TimeoutExtension.interceptTestMethod(TimeoutExtension.java:86)
	at org.junit.jupiter.engine.execution.InterceptingExecutableInvoker$ReflectiveInterceptorCall.lambda$ofVoidMethod$0(InterceptingExecutableInvoker.java:103)
	at org.junit.jupiter.engine.execution.InterceptingExecutableInvoker.lambda$invoke$0(InterceptingExecutableInvoker.java:93)
	at org.junit.jupiter.engine.execution.InvocationInterceptorChain$InterceptedInvocation.proceed(InvocationInterceptorChain.java:106)
	at org.junit.jupiter.engine.execution.InvocationInterceptorChain.proceed(InvocationInterceptorChain.java:64)
	at org.junit.jupiter.engine.execution.InvocationInterceptorChain.chainAndInvoke(InvocationInterceptorChain.java:45)
	at org.junit.jupiter.engine.execution.InvocationInterceptorChain.invoke(InvocationInterceptorChain.java:37)
	at org.junit.jupiter.engine.execution.InterceptingExecutableInvoker.invoke(InterceptingExecutableInvoker.java:92)
	at org.junit.jupiter.engine.execution.InterceptingExecutableInvoker.invoke(InterceptingExecutableInvoker.java:86)
	at org.junit.jupiter.engine.descriptor.TestMethodTestDescriptor.lambda$invokeTestMethod$7(TestMethodTestDescriptor.java:218)
	at org.junit.platform.engine.support.hierarchical.ThrowableCollector.execute(ThrowableCollector.java:73)
	at org.junit.jupiter.engine.descriptor.TestMethodTestDescriptor.invokeTestMethod(TestMethodTestDescriptor.java:214)
	at org.junit.jupiter.engine.descriptor.TestMethodTestDescriptor.execute(TestMethodTestDescriptor.java:139)
	at org.junit.jupiter.engine.descriptor.TestMethodTestDescriptor.execute(TestMethodTestDescriptor.java:69)
	at org.junit.platform.engine.support.hierarchical.NodeTestTask.lambda$executeRecursively$6(NodeTestTask.java:151)
	at org.junit.platform.engine.support.hierarchical.ThrowableCollector.execute(ThrowableCollector.java:73)
	at org.junit.platform.engine.support.hierarchical.NodeTestTask.lambda$executeRecursively$8(NodeTestTask.java:141)
	at org.junit.platform.engine.support.hierarchical.Node.around(Node.java:137)
	at org.junit.platform.engine.support.hierarchical.NodeTestTask.lambda$executeRecursively$9(NodeTestTask.java:139)
	at org.junit.platform.engine.support.hierarchical.ThrowableCollector.execute(ThrowableCollector.java:73)
	at org.junit.platform.engine.support.hierarchical.NodeTestTask.executeRecursively(NodeTestTask.java:138)
	at org.junit.platform.engine.support.hierarchical.NodeTestTask.execute(NodeTestTask.java:95)
	at java.base/java.util.ArrayList.forEach(ArrayList.java:1596)
	at org.junit.platform.engine.support.hierarchical.SameThreadHierarchicalTestExecutorService.invokeAll(SameThreadHierarchicalTestExecutorService.java:41)
	at org.junit.platform.engine.support.hierarchical.NodeTestTask.lambda$executeRecursively$6(NodeTestTask.java:155)
	at org.junit.platform.engine.support.hierarchical.ThrowableCollector.execute(ThrowableCollector.java:73)
	at org.junit.platform.engine.support.hierarchical.NodeTestTask.lambda$executeRecursively$8(NodeTestTask.java:141)
	at org.junit.platform.engine.support.hierarchical.Node.around(Node.java:137)
	at org.junit.platform.engine.support.hierarchical.NodeTestTask.lambda$executeRecursively$9(NodeTestTask.java:139)
	at org.junit.platform.engine.support.hierarchical.ThrowableCollector.execute(ThrowableCollector.java:73)
	at org.junit.platform.engine.support.hierarchical.NodeTestTask.executeRecursively(NodeTestTask.java:138)
	at org.junit.platform.engine.support.hierarchical.NodeTestTask.execute(NodeTestTask.java:95)
	at java.base/java.util.ArrayList.forEach(ArrayList.java:1596)
	at org.junit.platform.engine.support.hierarchical.SameThreadHierarchicalTestExecutorService.invokeAll(SameThreadHierarchicalTestExecutorService.java:41)
	at org.junit.platform.engine.support.hierarchical.NodeTestTask.lambda$executeRecursively$6(NodeTestTask.java:155)
	at org.junit.platform.engine.support.hierarchical.ThrowableCollector.execute(ThrowableCollector.java:73)
	at org.junit.platform.engine.support.hierarchical.NodeTestTask.lambda$executeRecursively$8(NodeTestTask.java:141)
	at org.junit.platform.engine.support.hierarchical.Node.around(Node.java:137)
	at org.junit.platform.engine.support.hierarchical.NodeTestTask.lambda$executeRecursively$9(NodeTestTask.java:139)
	at org.junit.platform.engine.support.hierarchical.ThrowableCollector.execute(ThrowableCollector.java:73)
	at org.junit.platform.engine.support.hierarchical.NodeTestTask.executeRecursively(NodeTestTask.java:138)
	at org.junit.platform.engine.support.hierarchical.NodeTestTask.execute(NodeTestTask.java:95)
	at org.junit.platform.engine.support.hierarchical.SameThreadHierarchicalTestExecutorService.submit(SameThreadHierarchicalTestExecutorService.java:35)
	at org.junit.platform.engine.support.hierarchical.HierarchicalTestExecutor.execute(HierarchicalTestExecutor.java:57)
	at org.junit.platform.engine.support.hierarchical.HierarchicalTestEngine.execute(HierarchicalTestEngine.java:54)
	at org.junit.platform.launcher.core.EngineExecutionOrchestrator.execute(EngineExecutionOrchestrator.java:198)
	at org.junit.platform.launcher.core.EngineExecutionOrchestrator.execute(EngineExecutionOrchestrator.java:169)
	at org.junit.platform.launcher.core.EngineExecutionOrchestrator.execute(EngineExecutionOrchestrator.java:93)
	at org.junit.platform.launcher.core.EngineExecutionOrchestrator.lambda$execute$0(EngineExecutionOrchestrator.java:58)
	at org.junit.platform.launcher.core.EngineExecutionOrchestrator.withInterceptedStreams(EngineExecutionOrchestrator.java:141)
	at org.junit.platform.launcher.core.EngineExecutionOrchestrator.execute(EngineExecutionOrchestrator.java:57)
	at org.junit.platform.launcher.core.DefaultLauncher.execute(DefaultLauncher.java:103)
	at org.junit.platform.launcher.core.DefaultLauncher.execute(DefaultLauncher.java:85)
	at org.junit.platform.launcher.core.DelegatingLauncher.execute(DelegatingLauncher.java:47)
	at org.junit.platform.launcher.core.SessionPerRequestLauncher.execute(SessionPerRequestLauncher.java:63)
	at com.intellij.junit5.JUnit5IdeaTestRunner.startRunnerWithArgs(JUnit5IdeaTestRunner.java:57)
	at com.intellij.rt.junit.IdeaTestRunner$Repeater$1.execute(IdeaTestRunner.java:38)
	at com.intellij.rt.execution.junit.TestsRepeater.repeat(TestsRepeater.java:11)
	at com.intellij.rt.junit.IdeaTestRunner$Repeater.startRunnerWithArgs(IdeaTestRunner.java:35)
	at com.intellij.rt.junit.JUnitStarter.prepareStreamsAndStart(JUnitStarter.java:232)
	at com.intellij.rt.junit.JUnitStarter.main(JUnitStarter.java:55)
2025-01-02 11:48:51 [main] INFO  lt.insoft.uztis.tests.UztisPageTest - Navigated to https://uztisdev.asseco.lt/home
2025-01-02 11:48:51 [main] INFO  l.i.u.tests.ApplicationFormsPageTest - Setup complete. ApplicationFormsPage initialized.
2025-01-02 11:48:51 [main] INFO  l.i.u.tests.ApplicationFormsPageTest - Starting test:'testCreateNewVuiApplication'
2025-01-02 11:48:51 [main] DEBUG l.i.u.tests.ApplicationFormsPageTest - Opened 'Application Processing' menu.
2025-01-02 11:48:52 [main] DEBUG l.i.u.tests.ApplicationFormsPageTest - Clicked on 'Application Forms' menu.
2025-01-02 11:48:52 [main] DEBUG l.i.u.tests.ApplicationFormsPageTest - Clicked to create a new application form.
2025-01-02 11:48:52 [main] DEBUG l.i.u.tests.ApplicationFormsPageTest - Entered random application code: TST-59
2025-01-02 11:48:52 [main] DEBUG l.i.u.tests.ApplicationFormsPageTest - Selected 'Municipality' radio button.
2025-01-02 11:48:52 [main] ERROR l.i.u.tests.ApplicationFormsPageTest - Test 'testCreateNewVuiApplication' failed with error: Dropdown buttons count does not match values to select count. Dropdown size: 1, Values size: 5
java.lang.IllegalStateException: Dropdown buttons count does not match values to select count. Dropdown size: 1, Values size: 5
	at lt.insoft.uztis.pages.ApplicationFormsPage.selectValueByListMunicipality(ApplicationFormsPage.java:287)
	at lt.insoft.uztis.tests.ApplicationFormsPageTest.testCreateNewVuiApplication(ApplicationFormsPageTest.java:83)
	at java.base/jdk.internal.reflect.DirectMethodHandleAccessor.invoke(DirectMethodHandleAccessor.java:103)
	at java.base/java.lang.reflect.Method.invoke(Method.java:580)
	at org.junit.platform.commons.util.ReflectionUtils.invokeMethod(ReflectionUtils.java:728)
	at org.junit.jupiter.engine.execution.MethodInvocation.proceed(MethodInvocation.java:60)
	at org.junit.jupiter.engine.execution.InvocationInterceptorChain$ValidatingInvocation.proceed(InvocationInterceptorChain.java:131)
	at org.junit.jupiter.engine.extension.TimeoutExtension.intercept(TimeoutExtension.java:156)
	at org.junit.jupiter.engine.extension.TimeoutExtension.interceptTestableMethod(TimeoutExtension.java:147)
	at org.junit.jupiter.engine.extension.TimeoutExtension.interceptTestMethod(TimeoutExtension.java:86)
	at org.junit.jupiter.engine.execution.InterceptingExecutableInvoker$ReflectiveInterceptorCall.lambda$ofVoidMethod$0(InterceptingExecutableInvoker.java:103)
	at org.junit.jupiter.engine.execution.InterceptingExecutableInvoker.lambda$invoke$0(InterceptingExecutableInvoker.java:93)
	at org.junit.jupiter.engine.execution.InvocationInterceptorChain$InterceptedInvocation.proceed(InvocationInterceptorChain.java:106)
	at org.junit.jupiter.engine.execution.InvocationInterceptorChain.proceed(InvocationInterceptorChain.java:64)
	at org.junit.jupiter.engine.execution.InvocationInterceptorChain.chainAndInvoke(InvocationInterceptorChain.java:45)
	at org.junit.jupiter.engine.execution.InvocationInterceptorChain.invoke(InvocationInterceptorChain.java:37)
	at org.junit.jupiter.engine.execution.InterceptingExecutableInvoker.invoke(InterceptingExecutableInvoker.java:92)
	at org.junit.jupiter.engine.execution.InterceptingExecutableInvoker.invoke(InterceptingExecutableInvoker.java:86)
	at org.junit.jupiter.engine.descriptor.TestMethodTestDescriptor.lambda$invokeTestMethod$7(TestMethodTestDescriptor.java:218)
	at org.junit.platform.engine.support.hierarchical.ThrowableCollector.execute(ThrowableCollector.java:73)
	at org.junit.jupiter.engine.descriptor.TestMethodTestDescriptor.invokeTestMethod(TestMethodTestDescriptor.java:214)
	at org.junit.jupiter.engine.descriptor.TestMethodTestDescriptor.execute(TestMethodTestDescriptor.java:139)
	at org.junit.jupiter.engine.descriptor.TestMethodTestDescriptor.execute(TestMethodTestDescriptor.java:69)
	at org.junit.platform.engine.support.hierarchical.NodeTestTask.lambda$executeRecursively$6(NodeTestTask.java:151)
	at org.junit.platform.engine.support.hierarchical.ThrowableCollector.execute(ThrowableCollector.java:73)
	at org.junit.platform.engine.support.hierarchical.NodeTestTask.lambda$executeRecursively$8(NodeTestTask.java:141)
	at org.junit.platform.engine.support.hierarchical.Node.around(Node.java:137)
	at org.junit.platform.engine.support.hierarchical.NodeTestTask.lambda$executeRecursively$9(NodeTestTask.java:139)
	at org.junit.platform.engine.support.hierarchical.ThrowableCollector.execute(ThrowableCollector.java:73)
	at org.junit.platform.engine.support.hierarchical.NodeTestTask.executeRecursively(NodeTestTask.java:138)
	at org.junit.platform.engine.support.hierarchical.NodeTestTask.execute(NodeTestTask.java:95)
	at java.base/java.util.ArrayList.forEach(ArrayList.java:1596)
	at org.junit.platform.engine.support.hierarchical.SameThreadHierarchicalTestExecutorService.invokeAll(SameThreadHierarchicalTestExecutorService.java:41)
	at org.junit.platform.engine.support.hierarchical.NodeTestTask.lambda$executeRecursively$6(NodeTestTask.java:155)
	at org.junit.platform.engine.support.hierarchical.ThrowableCollector.execute(ThrowableCollector.java:73)
	at org.junit.platform.engine.support.hierarchical.NodeTestTask.lambda$executeRecursively$8(NodeTestTask.java:141)
	at org.junit.platform.engine.support.hierarchical.Node.around(Node.java:137)
	at org.junit.platform.engine.support.hierarchical.NodeTestTask.lambda$executeRecursively$9(NodeTestTask.java:139)
	at org.junit.platform.engine.support.hierarchical.ThrowableCollector.execute(ThrowableCollector.java:73)
	at org.junit.platform.engine.support.hierarchical.NodeTestTask.executeRecursively(NodeTestTask.java:138)
	at org.junit.platform.engine.support.hierarchical.NodeTestTask.execute(NodeTestTask.java:95)
	at java.base/java.util.ArrayList.forEach(ArrayList.java:1596)
	at org.junit.platform.engine.support.hierarchical.SameThreadHierarchicalTestExecutorService.invokeAll(SameThreadHierarchicalTestExecutorService.java:41)
	at org.junit.platform.engine.support.hierarchical.NodeTestTask.lambda$executeRecursively$6(NodeTestTask.java:155)
	at org.junit.platform.engine.support.hierarchical.ThrowableCollector.execute(ThrowableCollector.java:73)
	at org.junit.platform.engine.support.hierarchical.NodeTestTask.lambda$executeRecursively$8(NodeTestTask.java:141)
	at org.junit.platform.engine.support.hierarchical.Node.around(Node.java:137)
	at org.junit.platform.engine.support.hierarchical.NodeTestTask.lambda$executeRecursively$9(NodeTestTask.java:139)
	at org.junit.platform.engine.support.hierarchical.ThrowableCollector.execute(ThrowableCollector.java:73)
	at org.junit.platform.engine.support.hierarchical.NodeTestTask.executeRecursively(NodeTestTask.java:138)
	at org.junit.platform.engine.support.hierarchical.NodeTestTask.execute(NodeTestTask.java:95)
	at org.junit.platform.engine.support.hierarchical.SameThreadHierarchicalTestExecutorService.submit(SameThreadHierarchicalTestExecutorService.java:35)
	at org.junit.platform.engine.support.hierarchical.HierarchicalTestExecutor.execute(HierarchicalTestExecutor.java:57)
	at org.junit.platform.engine.support.hierarchical.HierarchicalTestEngine.execute(HierarchicalTestEngine.java:54)
	at org.junit.platform.launcher.core.EngineExecutionOrchestrator.execute(EngineExecutionOrchestrator.java:198)
	at org.junit.platform.launcher.core.EngineExecutionOrchestrator.execute(EngineExecutionOrchestrator.java:169)
	at org.junit.platform.launcher.core.EngineExecutionOrchestrator.execute(EngineExecutionOrchestrator.java:93)
	at org.junit.platform.launcher.core.EngineExecutionOrchestrator.lambda$execute$0(EngineExecutionOrchestrator.java:58)
	at org.junit.platform.launcher.core.EngineExecutionOrchestrator.withInterceptedStreams(EngineExecutionOrchestrator.java:141)
	at org.junit.platform.launcher.core.EngineExecutionOrchestrator.execute(EngineExecutionOrchestrator.java:57)
	at org.junit.platform.launcher.core.DefaultLauncher.execute(DefaultLauncher.java:103)
	at org.junit.platform.launcher.core.DefaultLauncher.execute(DefaultLauncher.java:85)
	at org.junit.platform.launcher.core.DelegatingLauncher.execute(DelegatingLauncher.java:47)
	at org.junit.platform.launcher.core.SessionPerRequestLauncher.execute(SessionPerRequestLauncher.java:63)
	at com.intellij.junit5.JUnit5IdeaTestRunner.startRunnerWithArgs(JUnit5IdeaTestRunner.java:57)
	at com.intellij.rt.junit.IdeaTestRunner$Repeater$1.execute(IdeaTestRunner.java:38)
	at com.intellij.rt.execution.junit.TestsRepeater.repeat(TestsRepeater.java:11)
	at com.intellij.rt.junit.IdeaTestRunner$Repeater.startRunnerWithArgs(IdeaTestRunner.java:35)
	at com.intellij.rt.junit.JUnitStarter.prepareStreamsAndStart(JUnitStarter.java:232)
	at com.intellij.rt.junit.JUnitStarter.main(JUnitStarter.java:55)
2025-01-02 11:48:52 [main] INFO  l.insoft.uztis.tests.utils.TestUtils - Screenshot moved to C:\Users\ingrida.zadorozniene\Desktop\Asm\UZTIS\UZTIS_tests\test-output\screenshots\20250102\114852826_testCreateNewVuiApplication().png
2025-01-02 12:09:41 [main] INFO  lt.insoft.uztis.tests.UztisPageTest - Navigated to https://uztisdev.asseco.lt/home
2025-01-02 12:09:42 [main] INFO  l.i.u.tests.ApplicationFormsPageTest - Setup complete. ApplicationFormsPage initialized.
2025-01-02 12:09:42 [main] INFO  l.i.u.tests.ApplicationFormsPageTest - Starting test:'testCreateNewVuiApplication'
2025-01-02 12:09:42 [main] DEBUG l.i.u.tests.ApplicationFormsPageTest - Opened 'Application Processing' menu.
2025-01-02 12:09:42 [main] DEBUG l.i.u.tests.ApplicationFormsPageTest - Clicked on 'Application Forms' menu.
2025-01-02 12:09:42 [main] DEBUG l.i.u.tests.ApplicationFormsPageTest - Clicked to create a new application form.
2025-01-02 12:09:42 [main] DEBUG l.i.u.tests.ApplicationFormsPageTest - Entered random application code: TST-00
2025-01-02 12:09:42 [main] DEBUG l.i.u.tests.ApplicationFormsPageTest - Selected 'Municipality' radio button.
2025-01-02 12:09:42 [main] INFO  l.i.uztis.pages.ApplicationFormsPage - Located the dropdown button.
2025-01-02 12:09:43 [main] INFO  l.i.uztis.pages.ApplicationFormsPage - Successfully selected the value: 'Kauno departamentas'
2025-01-02 12:09:54 [main] ERROR l.i.uztis.pages.ApplicationFormsPage - Failed to close the dropdown with aria-expanded = 'false'.
2025-01-02 12:09:54 [main] DEBUG l.i.u.tests.ApplicationFormsPageTest - Selected a value from the 'Municipality' dropdown.
2025-01-02 12:09:54 [main] DEBUG l.i.u.tests.ApplicationFormsPageTest - Selected 'Budget by Municipality' option.
2025-01-02 12:09:54 [main] DEBUG l.i.u.tests.ApplicationFormsPageTest - Selected 'Financed Without Queue' option.
2025-01-02 12:09:54 [main] DEBUG l.i.u.tests.ApplicationFormsPageTest - Clicked 'Add' button.
2025-01-02 12:09:54 [main] INFO  l.i.uztis.pages.ApplicationFormsPage - Located the dropdown button.
2025-01-02 12:09:54 [main] INFO  l.i.uztis.pages.ApplicationFormsPage - Successfully selected the value: 'Kauno departamentas'
2025-01-02 12:10:05 [main] ERROR l.i.uztis.pages.ApplicationFormsPage - Failed to close the dropdown with aria-expanded = 'false'.
2025-01-02 12:10:05 [main] DEBUG l.i.u.tests.ApplicationFormsPageTest - Selected value from 'Department' list.
2025-01-02 12:10:06 [main] DEBUG l.i.u.tests.ApplicationFormsPageTest - Selected values from evaluation dropdowns.
2025-01-02 12:10:06 [main] DEBUG l.i.u.tests.ApplicationFormsPageTest - Clicked 'Plus' button.
2025-01-02 12:10:07 [main] DEBUG l.i.u.tests.ApplicationFormsPageTest - Clicked 'Add' button seven times.
2025-01-02 12:10:07 [main] INFO  l.i.uztis.pages.ApplicationFormsPage - Processing dropdown index: 0
2025-01-02 12:10:18 [main] ERROR l.i.uztis.pages.ApplicationFormsPage - Timeout while waiting for dropdown to close at index: 0 with aria-expanded = 'false'
2025-01-02 12:10:18 [main] INFO  l.i.uztis.pages.ApplicationFormsPage - Processing dropdown index: 1
2025-01-02 12:10:29 [main] ERROR l.i.uztis.pages.ApplicationFormsPage - Timeout while waiting for dropdown to close at index: 1 with aria-expanded = 'false'
2025-01-02 12:10:29 [main] INFO  l.i.uztis.pages.ApplicationFormsPage - Processing dropdown index: 2
2025-01-02 12:10:39 [main] ERROR l.i.uztis.pages.ApplicationFormsPage - Timeout while waiting for dropdown to close at index: 2 with aria-expanded = 'false'
2025-01-02 12:10:39 [main] INFO  l.i.uztis.pages.ApplicationFormsPage - Processing dropdown index: 3
2025-01-02 12:10:51 [main] ERROR l.i.uztis.pages.ApplicationFormsPage - Timeout while waiting for dropdown to close at index: 3 with aria-expanded = 'false'
2025-01-02 12:10:51 [main] INFO  l.i.uztis.pages.ApplicationFormsPage - Processing dropdown index: 4
2025-01-02 12:11:01 [main] ERROR l.i.uztis.pages.ApplicationFormsPage - Timeout while waiting for dropdown to close at index: 4 with aria-expanded = 'false'
2025-01-02 12:11:01 [main] INFO  l.i.uztis.pages.ApplicationFormsPage - Processing dropdown index: 5
2025-01-02 12:11:11 [main] ERROR l.i.uztis.pages.ApplicationFormsPage - Timeout while waiting for dropdown to close at index: 5 with aria-expanded = 'false'
2025-01-02 12:11:11 [main] INFO  l.i.uztis.pages.ApplicationFormsPage - Processing dropdown index: 6
2025-01-02 12:11:22 [main] ERROR l.i.uztis.pages.ApplicationFormsPage - Timeout while waiting for dropdown to close at index: 6 with aria-expanded = 'false'
2025-01-02 12:11:22 [main] INFO  l.i.uztis.pages.ApplicationFormsPage - Processing dropdown index: 7
2025-01-02 12:11:34 [main] ERROR l.i.uztis.pages.ApplicationFormsPage - Timeout while waiting for dropdown to close at index: 7 with aria-expanded = 'false'
2025-01-02 12:11:34 [main] INFO  l.i.uztis.pages.ApplicationFormsPage - Processing input field index: 0
2025-01-02 12:11:34 [main] INFO  l.i.uztis.pages.ApplicationFormsPage - Entered value '50' into field index: 0
2025-01-02 12:11:34 [main] INFO  l.i.uztis.pages.ApplicationFormsPage - Processing input field index: 1
2025-01-02 12:11:34 [main] INFO  l.i.uztis.pages.ApplicationFormsPage - Entered value '924' into field index: 1
2025-01-02 12:11:34 [main] INFO  l.i.uztis.pages.ApplicationFormsPage - Processing input field index: 2
2025-01-02 12:11:34 [main] INFO  l.i.uztis.pages.ApplicationFormsPage - Entered value '31' into field index: 2
2025-01-02 12:11:34 [main] INFO  l.i.uztis.pages.ApplicationFormsPage - Processing input field index: 3
2025-01-02 12:11:34 [main] INFO  l.i.uztis.pages.ApplicationFormsPage - Entered value '4.7' into field index: 3
2025-01-02 12:11:34 [main] INFO  l.i.uztis.pages.ApplicationFormsPage - Processing input field index: 4
2025-01-02 12:11:34 [main] INFO  l.i.uztis.pages.ApplicationFormsPage - Entered value '35' into field index: 4
2025-01-02 12:11:34 [main] INFO  l.i.uztis.pages.ApplicationFormsPage - Processing input field index: 5
2025-01-02 12:11:34 [main] INFO  l.i.uztis.pages.ApplicationFormsPage - Entered value '20' into field index: 5
2025-01-02 12:11:34 [main] INFO  l.i.uztis.pages.ApplicationFormsPage - Processing input field index: 6
2025-01-02 12:11:34 [main] INFO  l.i.uztis.pages.ApplicationFormsPage - Entered value '30' into field index: 6
2025-01-02 12:11:34 [main] INFO  l.i.uztis.pages.ApplicationFormsPage - Processing input field index: 7
2025-01-02 12:11:35 [main] INFO  l.i.uztis.pages.ApplicationFormsPage - Entered value '60' into field index: 7
2025-01-02 12:11:35 [main] DEBUG l.i.u.tests.ApplicationFormsPageTest - Entered additional values and text.
2025-01-02 12:11:35 [main] DEBUG l.i.u.tests.ApplicationFormsPageTest - Entered application name: Paraiška
2025-01-02 12:11:35 [main] DEBUG l.i.u.tests.ApplicationFormsPageTest - Clicked the 'Save' button.
2025-01-02 12:11:35 [main] INFO  l.i.u.tests.ApplicationFormsPageTest - Verified success message text: 'Duomenys sėkmingai išsaugoti.'
2025-01-02 12:11:35 [main] INFO  l.i.u.tests.ApplicationFormsPageTest - Verified that the 'Save Form' button is displayed.
2025-01-02 12:11:35 [main] INFO  l.i.u.tests.ApplicationFormsPageTest - Test 'testCreateNewVuiApplication' completed successfully.
2025-01-02 12:17:33 [main] INFO  lt.insoft.uztis.tests.UztisPageTest - Navigated to https://uztisdev.asseco.lt/home
2025-01-02 12:17:33 [main] INFO  l.i.u.tests.ApplicationFormsPageTest - Setup complete. ApplicationFormsPage initialized.
2025-01-02 12:17:33 [main] INFO  l.i.u.tests.ApplicationFormsPageTest - Starting test:'testCreateNewVuiApplication'
2025-01-02 12:17:33 [main] DEBUG l.i.u.tests.ApplicationFormsPageTest - Opened 'Application Processing' menu.
2025-01-02 12:17:33 [main] DEBUG l.i.u.tests.ApplicationFormsPageTest - Clicked on 'Application Forms' menu.
2025-01-02 12:17:33 [main] DEBUG l.i.u.tests.ApplicationFormsPageTest - Clicked to create a new application form.
2025-01-02 12:17:33 [main] DEBUG l.i.u.tests.ApplicationFormsPageTest - Entered random application code: TST-99
2025-01-02 12:17:33 [main] DEBUG l.i.u.tests.ApplicationFormsPageTest - Selected 'Municipality' radio button.
2025-01-02 12:17:33 [main] INFO  l.i.uztis.pages.ApplicationFormsPage - Located the dropdown button.
2025-01-02 12:17:34 [main] INFO  l.i.uztis.pages.ApplicationFormsPage - Successfully selected the value: 'Kauno departamentas'
2025-01-02 12:17:45 [main] ERROR l.i.uztis.pages.ApplicationFormsPage - Failed to close the dropdown with aria-expanded = 'false'.
2025-01-02 12:17:45 [main] DEBUG l.i.u.tests.ApplicationFormsPageTest - Selected a value from the 'Municipality' dropdown.
2025-01-02 12:17:45 [main] DEBUG l.i.u.tests.ApplicationFormsPageTest - Selected 'Budget by Municipality' option.
2025-01-02 12:17:45 [main] DEBUG l.i.u.tests.ApplicationFormsPageTest - Selected 'Financed Without Queue' option.
2025-01-02 12:17:45 [main] DEBUG l.i.u.tests.ApplicationFormsPageTest - Clicked 'Add' button.
2025-01-02 12:17:47 [main] DEBUG l.i.u.tests.ApplicationFormsPageTest - Selected values from evaluation dropdowns.
2025-01-02 12:17:47 [main] DEBUG l.i.u.tests.ApplicationFormsPageTest - Clicked 'Plus' button.
2025-01-02 12:17:48 [main] DEBUG l.i.u.tests.ApplicationFormsPageTest - Clicked 'Add' button seven times.
2025-01-02 12:17:48 [main] INFO  l.i.uztis.pages.ApplicationFormsPage - Processing dropdown index: 0
2025-01-02 12:17:58 [main] ERROR l.i.uztis.pages.ApplicationFormsPage - Timeout while waiting for dropdown to close at index: 0 with aria-expanded = 'false'
2025-01-02 12:17:58 [main] ERROR l.i.u.tests.ApplicationFormsPageTest - Test 'testCreateNewVuiApplication' failed with error: no such window: target window already closed
from unknown error: web view not found
  (Session info: chrome=131.0.6778.205)
Build info: version: '4.27.0', revision: 'd6e718d134'
System info: os.name: 'Windows 11', os.arch: 'amd64', os.version: '10.0', java.version: '21.0.3'
Driver info: org.openqa.selenium.chrome.ChromeDriver
Command: [56a9a1a692d7b414a80630c8f1d43e6f, findElements {value=//mat-label[contains(text(), 'Nustatymas')], using=xpath}]
Capabilities {acceptInsecureCerts: false, browserName: chrome, browserVersion: 131.0.6778.205, chrome: {chromedriverVersion: 131.0.6778.204 (52183f9e99a..., userDataDir: C:\Users\INGRID~1.ZAD\AppDa...}, fedcm:accounts: true, goog:chromeOptions: {debuggerAddress: localhost:61203}, networkConnectionEnabled: false, pageLoadStrategy: normal, platformName: windows, proxy: Proxy(), se:cdp: ws://localhost:61203/devtoo..., se:cdpVersion: 131.0.6778.205, setWindowRect: true, strictFileInteractability: false, timeouts: {implicit: 0, pageLoad: 300000, script: 30000}, unhandledPromptBehavior: dismiss and notify, webauthn:extension:credBlob: true, webauthn:extension:largeBlob: true, webauthn:extension:minPinLength: true, webauthn:extension:prf: true, webauthn:virtualAuthenticators: true}
Session ID: 56a9a1a692d7b414a80630c8f1d43e6f
org.openqa.selenium.NoSuchWindowException: no such window: target window already closed
from unknown error: web view not found
  (Session info: chrome=131.0.6778.205)
Build info: version: '4.27.0', revision: 'd6e718d134'
System info: os.name: 'Windows 11', os.arch: 'amd64', os.version: '10.0', java.version: '21.0.3'
Driver info: org.openqa.selenium.chrome.ChromeDriver
Command: [56a9a1a692d7b414a80630c8f1d43e6f, findElements {value=//mat-label[contains(text(), 'Nustatymas')], using=xpath}]
Capabilities {acceptInsecureCerts: false, browserName: chrome, browserVersion: 131.0.6778.205, chrome: {chromedriverVersion: 131.0.6778.204 (52183f9e99a..., userDataDir: C:\Users\INGRID~1.ZAD\AppDa...}, fedcm:accounts: true, goog:chromeOptions: {debuggerAddress: localhost:61203}, networkConnectionEnabled: false, pageLoadStrategy: normal, platformName: windows, proxy: Proxy(), se:cdp: ws://localhost:61203/devtoo..., se:cdpVersion: 131.0.6778.205, setWindowRect: true, strictFileInteractability: false, timeouts: {implicit: 0, pageLoad: 300000, script: 30000}, unhandledPromptBehavior: dismiss and notify, webauthn:extension:credBlob: true, webauthn:extension:largeBlob: true, webauthn:extension:minPinLength: true, webauthn:extension:prf: true, webauthn:virtualAuthenticators: true}
Session ID: 56a9a1a692d7b414a80630c8f1d43e6f
	at java.base/jdk.internal.reflect.DirectConstructorHandleAccessor.newInstance(DirectConstructorHandleAccessor.java:62)
	at java.base/java.lang.reflect.Constructor.newInstanceWithCaller(Constructor.java:502)
	at java.base/java.lang.reflect.Constructor.newInstance(Constructor.java:486)
	at org.openqa.selenium.remote.ErrorCodec.decode(ErrorCodec.java:167)
	at org.openqa.selenium.remote.codec.w3c.W3CHttpResponseCodec.decode(W3CHttpResponseCodec.java:138)
	at org.openqa.selenium.remote.codec.w3c.W3CHttpResponseCodec.decode(W3CHttpResponseCodec.java:50)
	at org.openqa.selenium.remote.HttpCommandExecutor.execute(HttpCommandExecutor.java:190)
	at org.openqa.selenium.remote.service.DriverCommandExecutor.invokeExecute(DriverCommandExecutor.java:216)
	at org.openqa.selenium.remote.service.DriverCommandExecutor.execute(DriverCommandExecutor.java:174)
	at org.openqa.selenium.remote.RemoteWebDriver.execute(RemoteWebDriver.java:545)
	at org.openqa.selenium.remote.ElementLocation$ElementFinder$2.findElements(ElementLocation.java:182)
	at org.openqa.selenium.remote.ElementLocation.findElements(ElementLocation.java:103)
	at org.openqa.selenium.remote.RemoteWebDriver.findElements(RemoteWebDriver.java:381)
	at org.openqa.selenium.remote.RemoteWebDriver.findElements(RemoteWebDriver.java:375)
	at org.openqa.selenium.support.pagefactory.DefaultElementLocator.findElements(DefaultElementLocator.java:83)
	at org.openqa.selenium.support.pagefactory.internal.LocatingElementListHandler.invoke(LocatingElementListHandler.java:36)
	at jdk.proxy2/jdk.proxy2.$Proxy15.size(Unknown Source)
	at lt.insoft.uztis.pages.ApplicationFormsPage.selectValueAndEnterText(ApplicationFormsPage.java:436)
	at lt.insoft.uztis.tests.ApplicationFormsPageTest.testCreateNewVuiApplication(ApplicationFormsPageTest.java:124)
	at java.base/jdk.internal.reflect.DirectMethodHandleAccessor.invoke(DirectMethodHandleAccessor.java:103)
	at java.base/java.lang.reflect.Method.invoke(Method.java:580)
	at org.junit.platform.commons.util.ReflectionUtils.invokeMethod(ReflectionUtils.java:728)
	at org.junit.jupiter.engine.execution.MethodInvocation.proceed(MethodInvocation.java:60)
	at org.junit.jupiter.engine.execution.InvocationInterceptorChain$ValidatingInvocation.proceed(InvocationInterceptorChain.java:131)
	at org.junit.jupiter.engine.extension.TimeoutExtension.intercept(TimeoutExtension.java:156)
	at org.junit.jupiter.engine.extension.TimeoutExtension.interceptTestableMethod(TimeoutExtension.java:147)
	at org.junit.jupiter.engine.extension.TimeoutExtension.interceptTestMethod(TimeoutExtension.java:86)
	at org.junit.jupiter.engine.execution.InterceptingExecutableInvoker$ReflectiveInterceptorCall.lambda$ofVoidMethod$0(InterceptingExecutableInvoker.java:103)
	at org.junit.jupiter.engine.execution.InterceptingExecutableInvoker.lambda$invoke$0(InterceptingExecutableInvoker.java:93)
	at org.junit.jupiter.engine.execution.InvocationInterceptorChain$InterceptedInvocation.proceed(InvocationInterceptorChain.java:106)
	at org.junit.jupiter.engine.execution.InvocationInterceptorChain.proceed(InvocationInterceptorChain.java:64)
	at org.junit.jupiter.engine.execution.InvocationInterceptorChain.chainAndInvoke(InvocationInterceptorChain.java:45)
	at org.junit.jupiter.engine.execution.InvocationInterceptorChain.invoke(InvocationInterceptorChain.java:37)
	at org.junit.jupiter.engine.execution.InterceptingExecutableInvoker.invoke(InterceptingExecutableInvoker.java:92)
	at org.junit.jupiter.engine.execution.InterceptingExecutableInvoker.invoke(InterceptingExecutableInvoker.java:86)
	at org.junit.jupiter.engine.descriptor.TestMethodTestDescriptor.lambda$invokeTestMethod$7(TestMethodTestDescriptor.java:218)
	at org.junit.platform.engine.support.hierarchical.ThrowableCollector.execute(ThrowableCollector.java:73)
	at org.junit.jupiter.engine.descriptor.TestMethodTestDescriptor.invokeTestMethod(TestMethodTestDescriptor.java:214)
	at org.junit.jupiter.engine.descriptor.TestMethodTestDescriptor.execute(TestMethodTestDescriptor.java:139)
	at org.junit.jupiter.engine.descriptor.TestMethodTestDescriptor.execute(TestMethodTestDescriptor.java:69)
	at org.junit.platform.engine.support.hierarchical.NodeTestTask.lambda$executeRecursively$6(NodeTestTask.java:151)
	at org.junit.platform.engine.support.hierarchical.ThrowableCollector.execute(ThrowableCollector.java:73)
	at org.junit.platform.engine.support.hierarchical.NodeTestTask.lambda$executeRecursively$8(NodeTestTask.java:141)
	at org.junit.platform.engine.support.hierarchical.Node.around(Node.java:137)
	at org.junit.platform.engine.support.hierarchical.NodeTestTask.lambda$executeRecursively$9(NodeTestTask.java:139)
	at org.junit.platform.engine.support.hierarchical.ThrowableCollector.execute(ThrowableCollector.java:73)
	at org.junit.platform.engine.support.hierarchical.NodeTestTask.executeRecursively(NodeTestTask.java:138)
	at org.junit.platform.engine.support.hierarchical.NodeTestTask.execute(NodeTestTask.java:95)
	at java.base/java.util.ArrayList.forEach(ArrayList.java:1596)
	at org.junit.platform.engine.support.hierarchical.SameThreadHierarchicalTestExecutorService.invokeAll(SameThreadHierarchicalTestExecutorService.java:41)
	at org.junit.platform.engine.support.hierarchical.NodeTestTask.lambda$executeRecursively$6(NodeTestTask.java:155)
	at org.junit.platform.engine.support.hierarchical.ThrowableCollector.execute(ThrowableCollector.java:73)
	at org.junit.platform.engine.support.hierarchical.NodeTestTask.lambda$executeRecursively$8(NodeTestTask.java:141)
	at org.junit.platform.engine.support.hierarchical.Node.around(Node.java:137)
	at org.junit.platform.engine.support.hierarchical.NodeTestTask.lambda$executeRecursively$9(NodeTestTask.java:139)
	at org.junit.platform.engine.support.hierarchical.ThrowableCollector.execute(ThrowableCollector.java:73)
	at org.junit.platform.engine.support.hierarchical.NodeTestTask.executeRecursively(NodeTestTask.java:138)
	at org.junit.platform.engine.support.hierarchical.NodeTestTask.execute(NodeTestTask.java:95)
	at java.base/java.util.ArrayList.forEach(ArrayList.java:1596)
	at org.junit.platform.engine.support.hierarchical.SameThreadHierarchicalTestExecutorService.invokeAll(SameThreadHierarchicalTestExecutorService.java:41)
	at org.junit.platform.engine.support.hierarchical.NodeTestTask.lambda$executeRecursively$6(NodeTestTask.java:155)
	at org.junit.platform.engine.support.hierarchical.ThrowableCollector.execute(ThrowableCollector.java:73)
	at org.junit.platform.engine.support.hierarchical.NodeTestTask.lambda$executeRecursively$8(NodeTestTask.java:141)
	at org.junit.platform.engine.support.hierarchical.Node.around(Node.java:137)
	at org.junit.platform.engine.support.hierarchical.NodeTestTask.lambda$executeRecursively$9(NodeTestTask.java:139)
	at org.junit.platform.engine.support.hierarchical.ThrowableCollector.execute(ThrowableCollector.java:73)
	at org.junit.platform.engine.support.hierarchical.NodeTestTask.executeRecursively(NodeTestTask.java:138)
	at org.junit.platform.engine.support.hierarchical.NodeTestTask.execute(NodeTestTask.java:95)
	at org.junit.platform.engine.support.hierarchical.SameThreadHierarchicalTestExecutorService.submit(SameThreadHierarchicalTestExecutorService.java:35)
	at org.junit.platform.engine.support.hierarchical.HierarchicalTestExecutor.execute(HierarchicalTestExecutor.java:57)
	at org.junit.platform.engine.support.hierarchical.HierarchicalTestEngine.execute(HierarchicalTestEngine.java:54)
	at org.junit.platform.launcher.core.EngineExecutionOrchestrator.execute(EngineExecutionOrchestrator.java:198)
	at org.junit.platform.launcher.core.EngineExecutionOrchestrator.execute(EngineExecutionOrchestrator.java:169)
	at org.junit.platform.launcher.core.EngineExecutionOrchestrator.execute(EngineExecutionOrchestrator.java:93)
	at org.junit.platform.launcher.core.EngineExecutionOrchestrator.lambda$execute$0(EngineExecutionOrchestrator.java:58)
	at org.junit.platform.launcher.core.EngineExecutionOrchestrator.withInterceptedStreams(EngineExecutionOrchestrator.java:141)
	at org.junit.platform.launcher.core.EngineExecutionOrchestrator.execute(EngineExecutionOrchestrator.java:57)
	at org.junit.platform.launcher.core.DefaultLauncher.execute(DefaultLauncher.java:103)
	at org.junit.platform.launcher.core.DefaultLauncher.execute(DefaultLauncher.java:85)
	at org.junit.platform.launcher.core.DelegatingLauncher.execute(DelegatingLauncher.java:47)
	at org.junit.platform.launcher.core.SessionPerRequestLauncher.execute(SessionPerRequestLauncher.java:63)
	at com.intellij.junit5.JUnit5IdeaTestRunner.startRunnerWithArgs(JUnit5IdeaTestRunner.java:57)
	at com.intellij.rt.junit.IdeaTestRunner$Repeater$1.execute(IdeaTestRunner.java:38)
	at com.intellij.rt.execution.junit.TestsRepeater.repeat(TestsRepeater.java:11)
	at com.intellij.rt.junit.IdeaTestRunner$Repeater.startRunnerWithArgs(IdeaTestRunner.java:35)
	at com.intellij.rt.junit.JUnitStarter.prepareStreamsAndStart(JUnitStarter.java:232)
	at com.intellij.rt.junit.JUnitStarter.main(JUnitStarter.java:55)
2025-01-02 12:22:09 [main] INFO  lt.insoft.uztis.tests.UztisPageTest - Navigated to https://uztisdev.asseco.lt/home
2025-01-02 12:22:09 [main] INFO  l.i.u.tests.ApplicationFormsPageTest - Setup complete. ApplicationFormsPage initialized.
2025-01-02 12:22:09 [main] INFO  l.i.u.tests.ApplicationFormsPageTest - Starting test:'testCreateNewVuiApplication'
2025-01-02 12:22:09 [main] DEBUG l.i.u.tests.ApplicationFormsPageTest - Opened 'Application Processing' menu.
2025-01-02 12:22:10 [main] DEBUG l.i.u.tests.ApplicationFormsPageTest - Clicked on 'Application Forms' menu.
2025-01-02 12:22:10 [main] DEBUG l.i.u.tests.ApplicationFormsPageTest - Clicked to create a new application form.
2025-01-02 12:22:10 [main] DEBUG l.i.u.tests.ApplicationFormsPageTest - Entered random application code: TST-91
2025-01-02 12:22:10 [main] DEBUG l.i.u.tests.ApplicationFormsPageTest - Selected 'Municipality' radio button.
2025-01-02 12:22:10 [main] INFO  l.i.uztis.pages.ApplicationFormsPage - Located the dropdown button.
2025-01-02 12:22:10 [main] INFO  l.i.uztis.pages.ApplicationFormsPage - Successfully selected the value: 'Kauno departamentas'
2025-01-02 12:22:21 [main] ERROR l.i.uztis.pages.ApplicationFormsPage - Failed to close the dropdown with aria-expanded = 'false'.
2025-01-02 12:22:21 [main] DEBUG l.i.u.tests.ApplicationFormsPageTest - Selected a value from the 'Municipality' dropdown: 'Kauno departamentas'
2025-01-02 12:22:21 [main] DEBUG l.i.u.tests.ApplicationFormsPageTest - Selected 'Budget by Municipality' option.
2025-01-02 12:22:21 [main] DEBUG l.i.u.tests.ApplicationFormsPageTest - Selected 'Financed Without Queue' option.
2025-01-02 12:22:21 [main] DEBUG l.i.u.tests.ApplicationFormsPageTest - Clicked 'Add' button.
2025-01-02 12:22:23 [main] DEBUG l.i.u.tests.ApplicationFormsPageTest - Selected values from evaluation dropdowns.
2025-01-02 12:22:23 [main] DEBUG l.i.u.tests.ApplicationFormsPageTest - Clicked 'Plus' button.
2025-01-02 12:22:24 [main] DEBUG l.i.u.tests.ApplicationFormsPageTest - Clicked 'Add' button seven times.
2025-01-02 12:22:24 [main] INFO  l.i.uztis.pages.ApplicationFormsPage - Processing dropdown index: 0
2025-01-02 12:22:34 [main] ERROR l.i.uztis.pages.ApplicationFormsPage - Timeout while waiting for dropdown to close at index: 0 with aria-expanded = 'false'
2025-01-02 12:22:34 [main] ERROR l.i.u.tests.ApplicationFormsPageTest - Test 'testCreateNewVuiApplication' failed with error: no such window: target window already closed
from unknown error: web view not found
  (Session info: chrome=131.0.6778.205)
Build info: version: '4.27.0', revision: 'd6e718d134'
System info: os.name: 'Windows 11', os.arch: 'amd64', os.version: '10.0', java.version: '21.0.3'
Driver info: org.openqa.selenium.chrome.ChromeDriver
Command: [6625a442802a75f0cf8a0579aba4e3e2, findElements {value=//mat-label[contains(text(), 'Nustatymas')], using=xpath}]
Capabilities {acceptInsecureCerts: false, browserName: chrome, browserVersion: 131.0.6778.205, chrome: {chromedriverVersion: 131.0.6778.204 (52183f9e99a..., userDataDir: C:\Users\INGRID~1.ZAD\AppDa...}, fedcm:accounts: true, goog:chromeOptions: {debuggerAddress: localhost:61360}, networkConnectionEnabled: false, pageLoadStrategy: normal, platformName: windows, proxy: Proxy(), se:cdp: ws://localhost:61360/devtoo..., se:cdpVersion: 131.0.6778.205, setWindowRect: true, strictFileInteractability: false, timeouts: {implicit: 0, pageLoad: 300000, script: 30000}, unhandledPromptBehavior: dismiss and notify, webauthn:extension:credBlob: true, webauthn:extension:largeBlob: true, webauthn:extension:minPinLength: true, webauthn:extension:prf: true, webauthn:virtualAuthenticators: true}
Session ID: 6625a442802a75f0cf8a0579aba4e3e2
org.openqa.selenium.NoSuchWindowException: no such window: target window already closed
from unknown error: web view not found
  (Session info: chrome=131.0.6778.205)
Build info: version: '4.27.0', revision: 'd6e718d134'
System info: os.name: 'Windows 11', os.arch: 'amd64', os.version: '10.0', java.version: '21.0.3'
Driver info: org.openqa.selenium.chrome.ChromeDriver
Command: [6625a442802a75f0cf8a0579aba4e3e2, findElements {value=//mat-label[contains(text(), 'Nustatymas')], using=xpath}]
Capabilities {acceptInsecureCerts: false, browserName: chrome, browserVersion: 131.0.6778.205, chrome: {chromedriverVersion: 131.0.6778.204 (52183f9e99a..., userDataDir: C:\Users\INGRID~1.ZAD\AppDa...}, fedcm:accounts: true, goog:chromeOptions: {debuggerAddress: localhost:61360}, networkConnectionEnabled: false, pageLoadStrategy: normal, platformName: windows, proxy: Proxy(), se:cdp: ws://localhost:61360/devtoo..., se:cdpVersion: 131.0.6778.205, setWindowRect: true, strictFileInteractability: false, timeouts: {implicit: 0, pageLoad: 300000, script: 30000}, unhandledPromptBehavior: dismiss and notify, webauthn:extension:credBlob: true, webauthn:extension:largeBlob: true, webauthn:extension:minPinLength: true, webauthn:extension:prf: true, webauthn:virtualAuthenticators: true}
Session ID: 6625a442802a75f0cf8a0579aba4e3e2
	at java.base/jdk.internal.reflect.DirectConstructorHandleAccessor.newInstance(DirectConstructorHandleAccessor.java:62)
	at java.base/java.lang.reflect.Constructor.newInstanceWithCaller(Constructor.java:502)
	at java.base/java.lang.reflect.Constructor.newInstance(Constructor.java:486)
	at org.openqa.selenium.remote.ErrorCodec.decode(ErrorCodec.java:167)
	at org.openqa.selenium.remote.codec.w3c.W3CHttpResponseCodec.decode(W3CHttpResponseCodec.java:138)
	at org.openqa.selenium.remote.codec.w3c.W3CHttpResponseCodec.decode(W3CHttpResponseCodec.java:50)
	at org.openqa.selenium.remote.HttpCommandExecutor.execute(HttpCommandExecutor.java:190)
	at org.openqa.selenium.remote.service.DriverCommandExecutor.invokeExecute(DriverCommandExecutor.java:216)
	at org.openqa.selenium.remote.service.DriverCommandExecutor.execute(DriverCommandExecutor.java:174)
	at org.openqa.selenium.remote.RemoteWebDriver.execute(RemoteWebDriver.java:545)
	at org.openqa.selenium.remote.ElementLocation$ElementFinder$2.findElements(ElementLocation.java:182)
	at org.openqa.selenium.remote.ElementLocation.findElements(ElementLocation.java:103)
	at org.openqa.selenium.remote.RemoteWebDriver.findElements(RemoteWebDriver.java:381)
	at org.openqa.selenium.remote.RemoteWebDriver.findElements(RemoteWebDriver.java:375)
	at org.openqa.selenium.support.pagefactory.DefaultElementLocator.findElements(DefaultElementLocator.java:83)
	at org.openqa.selenium.support.pagefactory.internal.LocatingElementListHandler.invoke(LocatingElementListHandler.java:36)
	at jdk.proxy2/jdk.proxy2.$Proxy15.size(Unknown Source)
	at lt.insoft.uztis.pages.ApplicationFormsPage.selectValueAndEnterText(ApplicationFormsPage.java:471)
	at lt.insoft.uztis.tests.ApplicationFormsPageTest.testCreateNewVuiApplication(ApplicationFormsPageTest.java:123)
	at java.base/jdk.internal.reflect.DirectMethodHandleAccessor.invoke(DirectMethodHandleAccessor.java:103)
	at java.base/java.lang.reflect.Method.invoke(Method.java:580)
	at org.junit.platform.commons.util.ReflectionUtils.invokeMethod(ReflectionUtils.java:728)
	at org.junit.jupiter.engine.execution.MethodInvocation.proceed(MethodInvocation.java:60)
	at org.junit.jupiter.engine.execution.InvocationInterceptorChain$ValidatingInvocation.proceed(InvocationInterceptorChain.java:131)
	at org.junit.jupiter.engine.extension.TimeoutExtension.intercept(TimeoutExtension.java:156)
	at org.junit.jupiter.engine.extension.TimeoutExtension.interceptTestableMethod(TimeoutExtension.java:147)
	at org.junit.jupiter.engine.extension.TimeoutExtension.interceptTestMethod(TimeoutExtension.java:86)
	at org.junit.jupiter.engine.execution.InterceptingExecutableInvoker$ReflectiveInterceptorCall.lambda$ofVoidMethod$0(InterceptingExecutableInvoker.java:103)
	at org.junit.jupiter.engine.execution.InterceptingExecutableInvoker.lambda$invoke$0(InterceptingExecutableInvoker.java:93)
	at org.junit.jupiter.engine.execution.InvocationInterceptorChain$InterceptedInvocation.proceed(InvocationInterceptorChain.java:106)
	at org.junit.jupiter.engine.execution.InvocationInterceptorChain.proceed(InvocationInterceptorChain.java:64)
	at org.junit.jupiter.engine.execution.InvocationInterceptorChain.chainAndInvoke(InvocationInterceptorChain.java:45)
	at org.junit.jupiter.engine.execution.InvocationInterceptorChain.invoke(InvocationInterceptorChain.java:37)
	at org.junit.jupiter.engine.execution.InterceptingExecutableInvoker.invoke(InterceptingExecutableInvoker.java:92)
	at org.junit.jupiter.engine.execution.InterceptingExecutableInvoker.invoke(InterceptingExecutableInvoker.java:86)
	at org.junit.jupiter.engine.descriptor.TestMethodTestDescriptor.lambda$invokeTestMethod$7(TestMethodTestDescriptor.java:218)
	at org.junit.platform.engine.support.hierarchical.ThrowableCollector.execute(ThrowableCollector.java:73)
	at org.junit.jupiter.engine.descriptor.TestMethodTestDescriptor.invokeTestMethod(TestMethodTestDescriptor.java:214)
	at org.junit.jupiter.engine.descriptor.TestMethodTestDescriptor.execute(TestMethodTestDescriptor.java:139)
	at org.junit.jupiter.engine.descriptor.TestMethodTestDescriptor.execute(TestMethodTestDescriptor.java:69)
	at org.junit.platform.engine.support.hierarchical.NodeTestTask.lambda$executeRecursively$6(NodeTestTask.java:151)
	at org.junit.platform.engine.support.hierarchical.ThrowableCollector.execute(ThrowableCollector.java:73)
	at org.junit.platform.engine.support.hierarchical.NodeTestTask.lambda$executeRecursively$8(NodeTestTask.java:141)
	at org.junit.platform.engine.support.hierarchical.Node.around(Node.java:137)
	at org.junit.platform.engine.support.hierarchical.NodeTestTask.lambda$executeRecursively$9(NodeTestTask.java:139)
	at org.junit.platform.engine.support.hierarchical.ThrowableCollector.execute(ThrowableCollector.java:73)
	at org.junit.platform.engine.support.hierarchical.NodeTestTask.executeRecursively(NodeTestTask.java:138)
	at org.junit.platform.engine.support.hierarchical.NodeTestTask.execute(NodeTestTask.java:95)
	at java.base/java.util.ArrayList.forEach(ArrayList.java:1596)
	at org.junit.platform.engine.support.hierarchical.SameThreadHierarchicalTestExecutorService.invokeAll(SameThreadHierarchicalTestExecutorService.java:41)
	at org.junit.platform.engine.support.hierarchical.NodeTestTask.lambda$executeRecursively$6(NodeTestTask.java:155)
	at org.junit.platform.engine.support.hierarchical.ThrowableCollector.execute(ThrowableCollector.java:73)
	at org.junit.platform.engine.support.hierarchical.NodeTestTask.lambda$executeRecursively$8(NodeTestTask.java:141)
	at org.junit.platform.engine.support.hierarchical.Node.around(Node.java:137)
	at org.junit.platform.engine.support.hierarchical.NodeTestTask.lambda$executeRecursively$9(NodeTestTask.java:139)
	at org.junit.platform.engine.support.hierarchical.ThrowableCollector.execute(ThrowableCollector.java:73)
	at org.junit.platform.engine.support.hierarchical.NodeTestTask.executeRecursively(NodeTestTask.java:138)
	at org.junit.platform.engine.support.hierarchical.NodeTestTask.execute(NodeTestTask.java:95)
	at java.base/java.util.ArrayList.forEach(ArrayList.java:1596)
	at org.junit.platform.engine.support.hierarchical.SameThreadHierarchicalTestExecutorService.invokeAll(SameThreadHierarchicalTestExecutorService.java:41)
	at org.junit.platform.engine.support.hierarchical.NodeTestTask.lambda$executeRecursively$6(NodeTestTask.java:155)
	at org.junit.platform.engine.support.hierarchical.ThrowableCollector.execute(ThrowableCollector.java:73)
	at org.junit.platform.engine.support.hierarchical.NodeTestTask.lambda$executeRecursively$8(NodeTestTask.java:141)
	at org.junit.platform.engine.support.hierarchical.Node.around(Node.java:137)
	at org.junit.platform.engine.support.hierarchical.NodeTestTask.lambda$executeRecursively$9(NodeTestTask.java:139)
	at org.junit.platform.engine.support.hierarchical.ThrowableCollector.execute(ThrowableCollector.java:73)
	at org.junit.platform.engine.support.hierarchical.NodeTestTask.executeRecursively(NodeTestTask.java:138)
	at org.junit.platform.engine.support.hierarchical.NodeTestTask.execute(NodeTestTask.java:95)
	at org.junit.platform.engine.support.hierarchical.SameThreadHierarchicalTestExecutorService.submit(SameThreadHierarchicalTestExecutorService.java:35)
	at org.junit.platform.engine.support.hierarchical.HierarchicalTestExecutor.execute(HierarchicalTestExecutor.java:57)
	at org.junit.platform.engine.support.hierarchical.HierarchicalTestEngine.execute(HierarchicalTestEngine.java:54)
	at org.junit.platform.launcher.core.EngineExecutionOrchestrator.execute(EngineExecutionOrchestrator.java:198)
	at org.junit.platform.launcher.core.EngineExecutionOrchestrator.execute(EngineExecutionOrchestrator.java:169)
	at org.junit.platform.launcher.core.EngineExecutionOrchestrator.execute(EngineExecutionOrchestrator.java:93)
	at org.junit.platform.launcher.core.EngineExecutionOrchestrator.lambda$execute$0(EngineExecutionOrchestrator.java:58)
	at org.junit.platform.launcher.core.EngineExecutionOrchestrator.withInterceptedStreams(EngineExecutionOrchestrator.java:141)
	at org.junit.platform.launcher.core.EngineExecutionOrchestrator.execute(EngineExecutionOrchestrator.java:57)
	at org.junit.platform.launcher.core.DefaultLauncher.execute(DefaultLauncher.java:103)
	at org.junit.platform.launcher.core.DefaultLauncher.execute(DefaultLauncher.java:85)
	at org.junit.platform.launcher.core.DelegatingLauncher.execute(DelegatingLauncher.java:47)
	at org.junit.platform.launcher.core.SessionPerRequestLauncher.execute(SessionPerRequestLauncher.java:63)
	at com.intellij.junit5.JUnit5IdeaTestRunner.startRunnerWithArgs(JUnit5IdeaTestRunner.java:57)
	at com.intellij.rt.junit.IdeaTestRunner$Repeater$1.execute(IdeaTestRunner.java:38)
	at com.intellij.rt.execution.junit.TestsRepeater.repeat(TestsRepeater.java:11)
	at com.intellij.rt.junit.IdeaTestRunner$Repeater.startRunnerWithArgs(IdeaTestRunner.java:35)
	at com.intellij.rt.junit.JUnitStarter.prepareStreamsAndStart(JUnitStarter.java:232)
	at com.intellij.rt.junit.JUnitStarter.main(JUnitStarter.java:55)
2025-01-02 12:29:32 [main] INFO  lt.insoft.uztis.tests.UztisPageTest - Navigated to https://uztisdev.asseco.lt/home
2025-01-02 12:29:32 [main] INFO  l.i.u.tests.ApplicationFormsPageTest - Setup complete. ApplicationFormsPage initialized.
2025-01-02 12:29:32 [main] INFO  l.i.u.tests.ApplicationFormsPageTest - Starting test:'testCreateNewVuiApplication'
2025-01-02 12:29:32 [main] DEBUG l.i.u.tests.ApplicationFormsPageTest - Opened 'Application Processing' menu.
2025-01-02 12:29:32 [main] DEBUG l.i.u.tests.ApplicationFormsPageTest - Clicked on 'Application Forms' menu.
2025-01-02 12:29:33 [main] DEBUG l.i.u.tests.ApplicationFormsPageTest - Clicked to create a new application form.
2025-01-02 12:29:33 [main] DEBUG l.i.u.tests.ApplicationFormsPageTest - Entered random application code: TST-62
2025-01-02 12:29:33 [main] DEBUG l.i.u.tests.ApplicationFormsPageTest - Selected 'Section' radio button.
2025-01-02 12:29:33 [main] INFO  l.i.uztis.pages.ApplicationFormsPage - Located the dropdown button.
2025-01-02 12:29:34 [main] INFO  l.i.uztis.pages.ApplicationFormsPage - Successfully selected the value: 'Skyrius 1'
2025-01-02 12:29:44 [main] ERROR l.i.uztis.pages.ApplicationFormsPage - Failed to close the dropdown with aria-expanded = 'false'.
2025-01-02 12:29:44 [main] DEBUG l.i.u.tests.ApplicationFormsPageTest - Selected a value from the 'Municipality' dropdown: 'Skyrius 1'
2025-01-02 12:29:44 [main] DEBUG l.i.u.tests.ApplicationFormsPageTest - Selected 'Budget by Municipality' option.
2025-01-02 12:29:44 [main] DEBUG l.i.u.tests.ApplicationFormsPageTest - Selected 'Financed Without Queue' option.
2025-01-02 12:29:45 [main] DEBUG l.i.u.tests.ApplicationFormsPageTest - Clicked 'Add' button.
2025-01-02 12:29:46 [main] DEBUG l.i.u.tests.ApplicationFormsPageTest - Selected values from evaluation dropdowns.
2025-01-02 12:29:46 [main] DEBUG l.i.u.tests.ApplicationFormsPageTest - Clicked 'Plus' button.
2025-01-02 12:29:47 [main] DEBUG l.i.u.tests.ApplicationFormsPageTest - Clicked 'Add' button seven times.
2025-01-02 12:29:47 [main] INFO  l.i.uztis.pages.ApplicationFormsPage - Processing dropdown index: 0
2025-01-02 12:29:57 [main] ERROR l.i.uztis.pages.ApplicationFormsPage - Timeout while waiting for dropdown to close at index: 0 with aria-expanded = 'false'
2025-01-02 12:29:57 [main] ERROR l.i.u.tests.ApplicationFormsPageTest - Test 'testCreateNewVuiApplication' failed with error: no such window: target window already closed
from unknown error: web view not found
  (Session info: chrome=131.0.6778.205)
Build info: version: '4.27.0', revision: 'd6e718d134'
System info: os.name: 'Windows 11', os.arch: 'amd64', os.version: '10.0', java.version: '21.0.3'
Driver info: org.openqa.selenium.chrome.ChromeDriver
Command: [fbf392a6c6869357989ed778a13851ce, findElements {value=//mat-label[contains(text(), 'Nustatymas')], using=xpath}]
Capabilities {acceptInsecureCerts: false, browserName: chrome, browserVersion: 131.0.6778.205, chrome: {chromedriverVersion: 131.0.6778.204 (52183f9e99a..., userDataDir: C:\Users\INGRID~1.ZAD\AppDa...}, fedcm:accounts: true, goog:chromeOptions: {debuggerAddress: localhost:61603}, networkConnectionEnabled: false, pageLoadStrategy: normal, platformName: windows, proxy: Proxy(), se:cdp: ws://localhost:61603/devtoo..., se:cdpVersion: 131.0.6778.205, setWindowRect: true, strictFileInteractability: false, timeouts: {implicit: 0, pageLoad: 300000, script: 30000}, unhandledPromptBehavior: dismiss and notify, webauthn:extension:credBlob: true, webauthn:extension:largeBlob: true, webauthn:extension:minPinLength: true, webauthn:extension:prf: true, webauthn:virtualAuthenticators: true}
Session ID: fbf392a6c6869357989ed778a13851ce
org.openqa.selenium.NoSuchWindowException: no such window: target window already closed
from unknown error: web view not found
  (Session info: chrome=131.0.6778.205)
Build info: version: '4.27.0', revision: 'd6e718d134'
System info: os.name: 'Windows 11', os.arch: 'amd64', os.version: '10.0', java.version: '21.0.3'
Driver info: org.openqa.selenium.chrome.ChromeDriver
Command: [fbf392a6c6869357989ed778a13851ce, findElements {value=//mat-label[contains(text(), 'Nustatymas')], using=xpath}]
Capabilities {acceptInsecureCerts: false, browserName: chrome, browserVersion: 131.0.6778.205, chrome: {chromedriverVersion: 131.0.6778.204 (52183f9e99a..., userDataDir: C:\Users\INGRID~1.ZAD\AppDa...}, fedcm:accounts: true, goog:chromeOptions: {debuggerAddress: localhost:61603}, networkConnectionEnabled: false, pageLoadStrategy: normal, platformName: windows, proxy: Proxy(), se:cdp: ws://localhost:61603/devtoo..., se:cdpVersion: 131.0.6778.205, setWindowRect: true, strictFileInteractability: false, timeouts: {implicit: 0, pageLoad: 300000, script: 30000}, unhandledPromptBehavior: dismiss and notify, webauthn:extension:credBlob: true, webauthn:extension:largeBlob: true, webauthn:extension:minPinLength: true, webauthn:extension:prf: true, webauthn:virtualAuthenticators: true}
Session ID: fbf392a6c6869357989ed778a13851ce
	at java.base/jdk.internal.reflect.DirectConstructorHandleAccessor.newInstance(DirectConstructorHandleAccessor.java:62)
	at java.base/java.lang.reflect.Constructor.newInstanceWithCaller(Constructor.java:502)
	at java.base/java.lang.reflect.Constructor.newInstance(Constructor.java:486)
	at org.openqa.selenium.remote.ErrorCodec.decode(ErrorCodec.java:167)
	at org.openqa.selenium.remote.codec.w3c.W3CHttpResponseCodec.decode(W3CHttpResponseCodec.java:138)
	at org.openqa.selenium.remote.codec.w3c.W3CHttpResponseCodec.decode(W3CHttpResponseCodec.java:50)
	at org.openqa.selenium.remote.HttpCommandExecutor.execute(HttpCommandExecutor.java:190)
	at org.openqa.selenium.remote.service.DriverCommandExecutor.invokeExecute(DriverCommandExecutor.java:216)
	at org.openqa.selenium.remote.service.DriverCommandExecutor.execute(DriverCommandExecutor.java:174)
	at org.openqa.selenium.remote.RemoteWebDriver.execute(RemoteWebDriver.java:545)
	at org.openqa.selenium.remote.ElementLocation$ElementFinder$2.findElements(ElementLocation.java:182)
	at org.openqa.selenium.remote.ElementLocation.findElements(ElementLocation.java:103)
	at org.openqa.selenium.remote.RemoteWebDriver.findElements(RemoteWebDriver.java:381)
	at org.openqa.selenium.remote.RemoteWebDriver.findElements(RemoteWebDriver.java:375)
	at org.openqa.selenium.support.pagefactory.DefaultElementLocator.findElements(DefaultElementLocator.java:83)
	at org.openqa.selenium.support.pagefactory.internal.LocatingElementListHandler.invoke(LocatingElementListHandler.java:36)
	at jdk.proxy2/jdk.proxy2.$Proxy15.size(Unknown Source)
	at lt.insoft.uztis.pages.ApplicationFormsPage.selectValueAndEnterText(ApplicationFormsPage.java:506)
	at lt.insoft.uztis.tests.ApplicationFormsPageTest.testCreateNewVuiApplication(ApplicationFormsPageTest.java:131)
	at java.base/jdk.internal.reflect.DirectMethodHandleAccessor.invoke(DirectMethodHandleAccessor.java:103)
	at java.base/java.lang.reflect.Method.invoke(Method.java:580)
	at org.junit.platform.commons.util.ReflectionUtils.invokeMethod(ReflectionUtils.java:728)
	at org.junit.jupiter.engine.execution.MethodInvocation.proceed(MethodInvocation.java:60)
	at org.junit.jupiter.engine.execution.InvocationInterceptorChain$ValidatingInvocation.proceed(InvocationInterceptorChain.java:131)
	at org.junit.jupiter.engine.extension.TimeoutExtension.intercept(TimeoutExtension.java:156)
	at org.junit.jupiter.engine.extension.TimeoutExtension.interceptTestableMethod(TimeoutExtension.java:147)
	at org.junit.jupiter.engine.extension.TimeoutExtension.interceptTestMethod(TimeoutExtension.java:86)
	at org.junit.jupiter.engine.execution.InterceptingExecutableInvoker$ReflectiveInterceptorCall.lambda$ofVoidMethod$0(InterceptingExecutableInvoker.java:103)
	at org.junit.jupiter.engine.execution.InterceptingExecutableInvoker.lambda$invoke$0(InterceptingExecutableInvoker.java:93)
	at org.junit.jupiter.engine.execution.InvocationInterceptorChain$InterceptedInvocation.proceed(InvocationInterceptorChain.java:106)
	at org.junit.jupiter.engine.execution.InvocationInterceptorChain.proceed(InvocationInterceptorChain.java:64)
	at org.junit.jupiter.engine.execution.InvocationInterceptorChain.chainAndInvoke(InvocationInterceptorChain.java:45)
	at org.junit.jupiter.engine.execution.InvocationInterceptorChain.invoke(InvocationInterceptorChain.java:37)
	at org.junit.jupiter.engine.execution.InterceptingExecutableInvoker.invoke(InterceptingExecutableInvoker.java:92)
	at org.junit.jupiter.engine.execution.InterceptingExecutableInvoker.invoke(InterceptingExecutableInvoker.java:86)
	at org.junit.jupiter.engine.descriptor.TestMethodTestDescriptor.lambda$invokeTestMethod$7(TestMethodTestDescriptor.java:218)
	at org.junit.platform.engine.support.hierarchical.ThrowableCollector.execute(ThrowableCollector.java:73)
	at org.junit.jupiter.engine.descriptor.TestMethodTestDescriptor.invokeTestMethod(TestMethodTestDescriptor.java:214)
	at org.junit.jupiter.engine.descriptor.TestMethodTestDescriptor.execute(TestMethodTestDescriptor.java:139)
	at org.junit.jupiter.engine.descriptor.TestMethodTestDescriptor.execute(TestMethodTestDescriptor.java:69)
	at org.junit.platform.engine.support.hierarchical.NodeTestTask.lambda$executeRecursively$6(NodeTestTask.java:151)
	at org.junit.platform.engine.support.hierarchical.ThrowableCollector.execute(ThrowableCollector.java:73)
	at org.junit.platform.engine.support.hierarchical.NodeTestTask.lambda$executeRecursively$8(NodeTestTask.java:141)
	at org.junit.platform.engine.support.hierarchical.Node.around(Node.java:137)
	at org.junit.platform.engine.support.hierarchical.NodeTestTask.lambda$executeRecursively$9(NodeTestTask.java:139)
	at org.junit.platform.engine.support.hierarchical.ThrowableCollector.execute(ThrowableCollector.java:73)
	at org.junit.platform.engine.support.hierarchical.NodeTestTask.executeRecursively(NodeTestTask.java:138)
	at org.junit.platform.engine.support.hierarchical.NodeTestTask.execute(NodeTestTask.java:95)
	at java.base/java.util.ArrayList.forEach(ArrayList.java:1596)
	at org.junit.platform.engine.support.hierarchical.SameThreadHierarchicalTestExecutorService.invokeAll(SameThreadHierarchicalTestExecutorService.java:41)
	at org.junit.platform.engine.support.hierarchical.NodeTestTask.lambda$executeRecursively$6(NodeTestTask.java:155)
	at org.junit.platform.engine.support.hierarchical.ThrowableCollector.execute(ThrowableCollector.java:73)
	at org.junit.platform.engine.support.hierarchical.NodeTestTask.lambda$executeRecursively$8(NodeTestTask.java:141)
	at org.junit.platform.engine.support.hierarchical.Node.around(Node.java:137)
	at org.junit.platform.engine.support.hierarchical.NodeTestTask.lambda$executeRecursively$9(NodeTestTask.java:139)
	at org.junit.platform.engine.support.hierarchical.ThrowableCollector.execute(ThrowableCollector.java:73)
	at org.junit.platform.engine.support.hierarchical.NodeTestTask.executeRecursively(NodeTestTask.java:138)
	at org.junit.platform.engine.support.hierarchical.NodeTestTask.execute(NodeTestTask.java:95)
	at java.base/java.util.ArrayList.forEach(ArrayList.java:1596)
	at org.junit.platform.engine.support.hierarchical.SameThreadHierarchicalTestExecutorService.invokeAll(SameThreadHierarchicalTestExecutorService.java:41)
	at org.junit.platform.engine.support.hierarchical.NodeTestTask.lambda$executeRecursively$6(NodeTestTask.java:155)
	at org.junit.platform.engine.support.hierarchical.ThrowableCollector.execute(ThrowableCollector.java:73)
	at org.junit.platform.engine.support.hierarchical.NodeTestTask.lambda$executeRecursively$8(NodeTestTask.java:141)
	at org.junit.platform.engine.support.hierarchical.Node.around(Node.java:137)
	at org.junit.platform.engine.support.hierarchical.NodeTestTask.lambda$executeRecursively$9(NodeTestTask.java:139)
	at org.junit.platform.engine.support.hierarchical.ThrowableCollector.execute(ThrowableCollector.java:73)
	at org.junit.platform.engine.support.hierarchical.NodeTestTask.executeRecursively(NodeTestTask.java:138)
	at org.junit.platform.engine.support.hierarchical.NodeTestTask.execute(NodeTestTask.java:95)
	at org.junit.platform.engine.support.hierarchical.SameThreadHierarchicalTestExecutorService.submit(SameThreadHierarchicalTestExecutorService.java:35)
	at org.junit.platform.engine.support.hierarchical.HierarchicalTestExecutor.execute(HierarchicalTestExecutor.java:57)
	at org.junit.platform.engine.support.hierarchical.HierarchicalTestEngine.execute(HierarchicalTestEngine.java:54)
	at org.junit.platform.launcher.core.EngineExecutionOrchestrator.execute(EngineExecutionOrchestrator.java:198)
	at org.junit.platform.launcher.core.EngineExecutionOrchestrator.execute(EngineExecutionOrchestrator.java:169)
	at org.junit.platform.launcher.core.EngineExecutionOrchestrator.execute(EngineExecutionOrchestrator.java:93)
	at org.junit.platform.launcher.core.EngineExecutionOrchestrator.lambda$execute$0(EngineExecutionOrchestrator.java:58)
	at org.junit.platform.launcher.core.EngineExecutionOrchestrator.withInterceptedStreams(EngineExecutionOrchestrator.java:141)
	at org.junit.platform.launcher.core.EngineExecutionOrchestrator.execute(EngineExecutionOrchestrator.java:57)
	at org.junit.platform.launcher.core.DefaultLauncher.execute(DefaultLauncher.java:103)
	at org.junit.platform.launcher.core.DefaultLauncher.execute(DefaultLauncher.java:85)
	at org.junit.platform.launcher.core.DelegatingLauncher.execute(DelegatingLauncher.java:47)
	at org.junit.platform.launcher.core.SessionPerRequestLauncher.execute(SessionPerRequestLauncher.java:63)
	at com.intellij.junit5.JUnit5IdeaTestRunner.startRunnerWithArgs(JUnit5IdeaTestRunner.java:57)
	at com.intellij.rt.junit.IdeaTestRunner$Repeater$1.execute(IdeaTestRunner.java:38)
	at com.intellij.rt.execution.junit.TestsRepeater.repeat(TestsRepeater.java:11)
	at com.intellij.rt.junit.IdeaTestRunner$Repeater.startRunnerWithArgs(IdeaTestRunner.java:35)
	at com.intellij.rt.junit.JUnitStarter.prepareStreamsAndStart(JUnitStarter.java:232)
	at com.intellij.rt.junit.JUnitStarter.main(JUnitStarter.java:55)
2025-01-02 12:33:55 [main] INFO  lt.insoft.uztis.tests.UztisPageTest - Navigated to https://uztisdev.asseco.lt/home
2025-01-02 12:33:55 [main] INFO  l.i.u.tests.ApplicationFormsPageTest - Setup complete. ApplicationFormsPage initialized.
2025-01-02 12:33:55 [main] INFO  l.i.u.tests.ApplicationFormsPageTest - Starting test:'testCreateNewVuiApplication'
2025-01-02 12:33:55 [main] DEBUG l.i.u.tests.ApplicationFormsPageTest - Opened 'Application Processing' menu.
2025-01-02 12:33:55 [main] DEBUG l.i.u.tests.ApplicationFormsPageTest - Clicked on 'Application Forms' menu.
2025-01-02 12:33:56 [main] DEBUG l.i.u.tests.ApplicationFormsPageTest - Clicked to create a new application form.
2025-01-02 12:33:56 [main] DEBUG l.i.u.tests.ApplicationFormsPageTest - Entered random application code: TST-08
2025-01-02 12:33:56 [main] DEBUG l.i.u.tests.ApplicationFormsPageTest - Selected 'Section' radio button.
2025-01-02 12:33:56 [main] INFO  l.i.uztis.pages.ApplicationFormsPage - Located the dropdown button.
2025-01-02 12:33:57 [main] INFO  l.i.uztis.pages.ApplicationFormsPage - Successfully selected the value: 'Skyrius 1'
2025-01-02 12:34:07 [main] ERROR l.i.uztis.pages.ApplicationFormsPage - Failed to close the dropdown with aria-expanded = 'false'.
2025-01-02 12:34:07 [main] DEBUG l.i.u.tests.ApplicationFormsPageTest - Selected a value from the 'Municipality' dropdown: 'Skyrius 1'
2025-01-02 12:34:07 [main] DEBUG l.i.u.tests.ApplicationFormsPageTest - Selected 'Budget by Municipality' option.
2025-01-02 12:34:07 [main] DEBUG l.i.u.tests.ApplicationFormsPageTest - Selected 'Financed Without Queue' option.
2025-01-02 12:34:07 [main] DEBUG l.i.u.tests.ApplicationFormsPageTest - Clicked 'Add' button.
2025-01-02 12:34:09 [main] DEBUG l.i.u.tests.ApplicationFormsPageTest - Selected values from evaluation dropdowns.
2025-01-02 12:34:09 [main] DEBUG l.i.u.tests.ApplicationFormsPageTest - Clicked 'Plus' button.
2025-01-02 12:34:10 [main] DEBUG l.i.u.tests.ApplicationFormsPageTest - Clicked 'Add' button seven times.
2025-01-02 12:34:10 [main] INFO  l.i.uztis.pages.ApplicationFormsPage - Processing dropdown index: 0
2025-01-02 12:34:20 [main] ERROR l.i.uztis.pages.ApplicationFormsPage - Timeout while waiting for dropdown to close at index: 0 with aria-expanded = 'false'
2025-01-02 12:34:20 [main] INFO  l.i.uztis.pages.ApplicationFormsPage - Processing dropdown index: 1
2025-01-02 12:34:31 [main] ERROR l.i.uztis.pages.ApplicationFormsPage - Timeout while waiting for dropdown to close at index: 1 with aria-expanded = 'false'
2025-01-02 12:34:31 [main] ERROR l.i.u.tests.ApplicationFormsPageTest - Test 'testCreateNewVuiApplication' failed with error: no such window: target window already closed
from unknown error: web view not found
  (Session info: chrome=131.0.6778.205)
Build info: version: '4.27.0', revision: 'd6e718d134'
System info: os.name: 'Windows 11', os.arch: 'amd64', os.version: '10.0', java.version: '21.0.3'
Driver info: org.openqa.selenium.chrome.ChromeDriver
Command: [895305881bc9554999a00a9a65762523, findElements {using=xpath, value=//mat-label[contains(text(), 'Nustatymas')]}]
Capabilities {acceptInsecureCerts: false, browserName: chrome, browserVersion: 131.0.6778.205, chrome: {chromedriverVersion: 131.0.6778.204 (52183f9e99a..., userDataDir: C:\Users\INGRID~1.ZAD\AppDa...}, fedcm:accounts: true, goog:chromeOptions: {debuggerAddress: localhost:61749}, networkConnectionEnabled: false, pageLoadStrategy: normal, platformName: windows, proxy: Proxy(), se:cdp: ws://localhost:61749/devtoo..., se:cdpVersion: 131.0.6778.205, setWindowRect: true, strictFileInteractability: false, timeouts: {implicit: 0, pageLoad: 300000, script: 30000}, unhandledPromptBehavior: dismiss and notify, webauthn:extension:credBlob: true, webauthn:extension:largeBlob: true, webauthn:extension:minPinLength: true, webauthn:extension:prf: true, webauthn:virtualAuthenticators: true}
Session ID: 895305881bc9554999a00a9a65762523
org.openqa.selenium.NoSuchWindowException: no such window: target window already closed
from unknown error: web view not found
  (Session info: chrome=131.0.6778.205)
Build info: version: '4.27.0', revision: 'd6e718d134'
System info: os.name: 'Windows 11', os.arch: 'amd64', os.version: '10.0', java.version: '21.0.3'
Driver info: org.openqa.selenium.chrome.ChromeDriver
Command: [895305881bc9554999a00a9a65762523, findElements {using=xpath, value=//mat-label[contains(text(), 'Nustatymas')]}]
Capabilities {acceptInsecureCerts: false, browserName: chrome, browserVersion: 131.0.6778.205, chrome: {chromedriverVersion: 131.0.6778.204 (52183f9e99a..., userDataDir: C:\Users\INGRID~1.ZAD\AppDa...}, fedcm:accounts: true, goog:chromeOptions: {debuggerAddress: localhost:61749}, networkConnectionEnabled: false, pageLoadStrategy: normal, platformName: windows, proxy: Proxy(), se:cdp: ws://localhost:61749/devtoo..., se:cdpVersion: 131.0.6778.205, setWindowRect: true, strictFileInteractability: false, timeouts: {implicit: 0, pageLoad: 300000, script: 30000}, unhandledPromptBehavior: dismiss and notify, webauthn:extension:credBlob: true, webauthn:extension:largeBlob: true, webauthn:extension:minPinLength: true, webauthn:extension:prf: true, webauthn:virtualAuthenticators: true}
Session ID: 895305881bc9554999a00a9a65762523
	at java.base/jdk.internal.reflect.DirectConstructorHandleAccessor.newInstance(DirectConstructorHandleAccessor.java:62)
	at java.base/java.lang.reflect.Constructor.newInstanceWithCaller(Constructor.java:502)
	at java.base/java.lang.reflect.Constructor.newInstance(Constructor.java:486)
	at org.openqa.selenium.remote.ErrorCodec.decode(ErrorCodec.java:167)
	at org.openqa.selenium.remote.codec.w3c.W3CHttpResponseCodec.decode(W3CHttpResponseCodec.java:138)
	at org.openqa.selenium.remote.codec.w3c.W3CHttpResponseCodec.decode(W3CHttpResponseCodec.java:50)
	at org.openqa.selenium.remote.HttpCommandExecutor.execute(HttpCommandExecutor.java:190)
	at org.openqa.selenium.remote.service.DriverCommandExecutor.invokeExecute(DriverCommandExecutor.java:216)
	at org.openqa.selenium.remote.service.DriverCommandExecutor.execute(DriverCommandExecutor.java:174)
	at org.openqa.selenium.remote.RemoteWebDriver.execute(RemoteWebDriver.java:545)
	at org.openqa.selenium.remote.ElementLocation$ElementFinder$2.findElements(ElementLocation.java:182)
	at org.openqa.selenium.remote.ElementLocation.findElements(ElementLocation.java:103)
	at org.openqa.selenium.remote.RemoteWebDriver.findElements(RemoteWebDriver.java:381)
	at org.openqa.selenium.remote.RemoteWebDriver.findElements(RemoteWebDriver.java:375)
	at org.openqa.selenium.support.pagefactory.DefaultElementLocator.findElements(DefaultElementLocator.java:83)
	at org.openqa.selenium.support.pagefactory.internal.LocatingElementListHandler.invoke(LocatingElementListHandler.java:36)
	at jdk.proxy2/jdk.proxy2.$Proxy15.size(Unknown Source)
	at lt.insoft.uztis.pages.ApplicationFormsPage.selectValueAndEnterText(ApplicationFormsPage.java:501)
	at lt.insoft.uztis.tests.ApplicationFormsPageTest.testCreateNewVuiApplication(ApplicationFormsPageTest.java:131)
	at java.base/jdk.internal.reflect.DirectMethodHandleAccessor.invoke(DirectMethodHandleAccessor.java:103)
	at java.base/java.lang.reflect.Method.invoke(Method.java:580)
	at org.junit.platform.commons.util.ReflectionUtils.invokeMethod(ReflectionUtils.java:728)
	at org.junit.jupiter.engine.execution.MethodInvocation.proceed(MethodInvocation.java:60)
	at org.junit.jupiter.engine.execution.InvocationInterceptorChain$ValidatingInvocation.proceed(InvocationInterceptorChain.java:131)
	at org.junit.jupiter.engine.extension.TimeoutExtension.intercept(TimeoutExtension.java:156)
	at org.junit.jupiter.engine.extension.TimeoutExtension.interceptTestableMethod(TimeoutExtension.java:147)
	at org.junit.jupiter.engine.extension.TimeoutExtension.interceptTestMethod(TimeoutExtension.java:86)
	at org.junit.jupiter.engine.execution.InterceptingExecutableInvoker$ReflectiveInterceptorCall.lambda$ofVoidMethod$0(InterceptingExecutableInvoker.java:103)
	at org.junit.jupiter.engine.execution.InterceptingExecutableInvoker.lambda$invoke$0(InterceptingExecutableInvoker.java:93)
	at org.junit.jupiter.engine.execution.InvocationInterceptorChain$InterceptedInvocation.proceed(InvocationInterceptorChain.java:106)
	at org.junit.jupiter.engine.execution.InvocationInterceptorChain.proceed(InvocationInterceptorChain.java:64)
	at org.junit.jupiter.engine.execution.InvocationInterceptorChain.chainAndInvoke(InvocationInterceptorChain.java:45)
	at org.junit.jupiter.engine.execution.InvocationInterceptorChain.invoke(InvocationInterceptorChain.java:37)
	at org.junit.jupiter.engine.execution.InterceptingExecutableInvoker.invoke(InterceptingExecutableInvoker.java:92)
	at org.junit.jupiter.engine.execution.InterceptingExecutableInvoker.invoke(InterceptingExecutableInvoker.java:86)
	at org.junit.jupiter.engine.descriptor.TestMethodTestDescriptor.lambda$invokeTestMethod$7(TestMethodTestDescriptor.java:218)
	at org.junit.platform.engine.support.hierarchical.ThrowableCollector.execute(ThrowableCollector.java:73)
	at org.junit.jupiter.engine.descriptor.TestMethodTestDescriptor.invokeTestMethod(TestMethodTestDescriptor.java:214)
	at org.junit.jupiter.engine.descriptor.TestMethodTestDescriptor.execute(TestMethodTestDescriptor.java:139)
	at org.junit.jupiter.engine.descriptor.TestMethodTestDescriptor.execute(TestMethodTestDescriptor.java:69)
	at org.junit.platform.engine.support.hierarchical.NodeTestTask.lambda$executeRecursively$6(NodeTestTask.java:151)
	at org.junit.platform.engine.support.hierarchical.ThrowableCollector.execute(ThrowableCollector.java:73)
	at org.junit.platform.engine.support.hierarchical.NodeTestTask.lambda$executeRecursively$8(NodeTestTask.java:141)
	at org.junit.platform.engine.support.hierarchical.Node.around(Node.java:137)
	at org.junit.platform.engine.support.hierarchical.NodeTestTask.lambda$executeRecursively$9(NodeTestTask.java:139)
	at org.junit.platform.engine.support.hierarchical.ThrowableCollector.execute(ThrowableCollector.java:73)
	at org.junit.platform.engine.support.hierarchical.NodeTestTask.executeRecursively(NodeTestTask.java:138)
	at org.junit.platform.engine.support.hierarchical.NodeTestTask.execute(NodeTestTask.java:95)
	at java.base/java.util.ArrayList.forEach(ArrayList.java:1596)
	at org.junit.platform.engine.support.hierarchical.SameThreadHierarchicalTestExecutorService.invokeAll(SameThreadHierarchicalTestExecutorService.java:41)
	at org.junit.platform.engine.support.hierarchical.NodeTestTask.lambda$executeRecursively$6(NodeTestTask.java:155)
	at org.junit.platform.engine.support.hierarchical.ThrowableCollector.execute(ThrowableCollector.java:73)
	at org.junit.platform.engine.support.hierarchical.NodeTestTask.lambda$executeRecursively$8(NodeTestTask.java:141)
	at org.junit.platform.engine.support.hierarchical.Node.around(Node.java:137)
	at org.junit.platform.engine.support.hierarchical.NodeTestTask.lambda$executeRecursively$9(NodeTestTask.java:139)
	at org.junit.platform.engine.support.hierarchical.ThrowableCollector.execute(ThrowableCollector.java:73)
	at org.junit.platform.engine.support.hierarchical.NodeTestTask.executeRecursively(NodeTestTask.java:138)
	at org.junit.platform.engine.support.hierarchical.NodeTestTask.execute(NodeTestTask.java:95)
	at java.base/java.util.ArrayList.forEach(ArrayList.java:1596)
	at org.junit.platform.engine.support.hierarchical.SameThreadHierarchicalTestExecutorService.invokeAll(SameThreadHierarchicalTestExecutorService.java:41)
	at org.junit.platform.engine.support.hierarchical.NodeTestTask.lambda$executeRecursively$6(NodeTestTask.java:155)
	at org.junit.platform.engine.support.hierarchical.ThrowableCollector.execute(ThrowableCollector.java:73)
	at org.junit.platform.engine.support.hierarchical.NodeTestTask.lambda$executeRecursively$8(NodeTestTask.java:141)
	at org.junit.platform.engine.support.hierarchical.Node.around(Node.java:137)
	at org.junit.platform.engine.support.hierarchical.NodeTestTask.lambda$executeRecursively$9(NodeTestTask.java:139)
	at org.junit.platform.engine.support.hierarchical.ThrowableCollector.execute(ThrowableCollector.java:73)
	at org.junit.platform.engine.support.hierarchical.NodeTestTask.executeRecursively(NodeTestTask.java:138)
	at org.junit.platform.engine.support.hierarchical.NodeTestTask.execute(NodeTestTask.java:95)
	at org.junit.platform.engine.support.hierarchical.SameThreadHierarchicalTestExecutorService.submit(SameThreadHierarchicalTestExecutorService.java:35)
	at org.junit.platform.engine.support.hierarchical.HierarchicalTestExecutor.execute(HierarchicalTestExecutor.java:57)
	at org.junit.platform.engine.support.hierarchical.HierarchicalTestEngine.execute(HierarchicalTestEngine.java:54)
	at org.junit.platform.launcher.core.EngineExecutionOrchestrator.execute(EngineExecutionOrchestrator.java:198)
	at org.junit.platform.launcher.core.EngineExecutionOrchestrator.execute(EngineExecutionOrchestrator.java:169)
	at org.junit.platform.launcher.core.EngineExecutionOrchestrator.execute(EngineExecutionOrchestrator.java:93)
	at org.junit.platform.launcher.core.EngineExecutionOrchestrator.lambda$execute$0(EngineExecutionOrchestrator.java:58)
	at org.junit.platform.launcher.core.EngineExecutionOrchestrator.withInterceptedStreams(EngineExecutionOrchestrator.java:141)
	at org.junit.platform.launcher.core.EngineExecutionOrchestrator.execute(EngineExecutionOrchestrator.java:57)
	at org.junit.platform.launcher.core.DefaultLauncher.execute(DefaultLauncher.java:103)
	at org.junit.platform.launcher.core.DefaultLauncher.execute(DefaultLauncher.java:85)
	at org.junit.platform.launcher.core.DelegatingLauncher.execute(DelegatingLauncher.java:47)
	at org.junit.platform.launcher.core.SessionPerRequestLauncher.execute(SessionPerRequestLauncher.java:63)
	at com.intellij.junit5.JUnit5IdeaTestRunner.startRunnerWithArgs(JUnit5IdeaTestRunner.java:57)
	at com.intellij.rt.junit.IdeaTestRunner$Repeater$1.execute(IdeaTestRunner.java:38)
	at com.intellij.rt.execution.junit.TestsRepeater.repeat(TestsRepeater.java:11)
	at com.intellij.rt.junit.IdeaTestRunner$Repeater.startRunnerWithArgs(IdeaTestRunner.java:35)
	at com.intellij.rt.junit.JUnitStarter.prepareStreamsAndStart(JUnitStarter.java:232)
	at com.intellij.rt.junit.JUnitStarter.main(JUnitStarter.java:55)
2025-01-02 12:35:34 [main] INFO  lt.insoft.uztis.tests.UztisPageTest - Navigated to https://uztisdev.asseco.lt/home
2025-01-02 12:35:34 [main] INFO  l.i.u.tests.ApplicationFormsPageTest - Setup complete. ApplicationFormsPage initialized.
2025-01-02 12:35:34 [main] INFO  l.i.u.tests.ApplicationFormsPageTest - Starting test:'testCreateNewVuiApplication'
2025-01-02 12:35:34 [main] DEBUG l.i.u.tests.ApplicationFormsPageTest - Opened 'Application Processing' menu.
2025-01-02 12:35:34 [main] DEBUG l.i.u.tests.ApplicationFormsPageTest - Clicked on 'Application Forms' menu.
2025-01-02 12:35:35 [main] DEBUG l.i.u.tests.ApplicationFormsPageTest - Clicked to create a new application form.
2025-01-02 12:35:35 [main] DEBUG l.i.u.tests.ApplicationFormsPageTest - Entered random application code: TST-85
2025-01-02 12:35:35 [main] DEBUG l.i.u.tests.ApplicationFormsPageTest - Selected 'Section' radio button.
2025-01-02 12:35:35 [main] INFO  l.i.uztis.pages.ApplicationFormsPage - Located the dropdown button.
2025-01-02 12:35:36 [main] INFO  l.i.uztis.pages.ApplicationFormsPage - Successfully selected the value: 'Skyrius 1'
2025-01-02 12:35:46 [main] ERROR l.i.uztis.pages.ApplicationFormsPage - Failed to close the dropdown with aria-expanded = 'false'.
2025-01-02 12:35:46 [main] DEBUG l.i.u.tests.ApplicationFormsPageTest - Selected a value from the 'Municipality' dropdown: 'Skyrius 1'
2025-01-02 12:35:46 [main] DEBUG l.i.u.tests.ApplicationFormsPageTest - Selected 'Budget by Municipality' option.
2025-01-02 12:35:46 [main] DEBUG l.i.u.tests.ApplicationFormsPageTest - Selected 'Financed Without Queue' option.
2025-01-02 12:35:46 [main] DEBUG l.i.u.tests.ApplicationFormsPageTest - Clicked 'Add' button.
2025-01-02 12:35:48 [main] DEBUG l.i.u.tests.ApplicationFormsPageTest - Selected values from evaluation dropdowns.
2025-01-02 12:35:48 [main] DEBUG l.i.u.tests.ApplicationFormsPageTest - Clicked 'Plus' button.
2025-01-02 12:35:49 [main] DEBUG l.i.u.tests.ApplicationFormsPageTest - Clicked 'Add' button seven times.
2025-01-02 12:35:49 [main] INFO  l.i.uztis.pages.ApplicationFormsPage - Processing dropdown index: 0
2025-01-02 12:35:59 [main] ERROR l.i.uztis.pages.ApplicationFormsPage - Timeout while waiting for dropdown to close at index: 0 with aria-expanded = 'false'
2025-01-02 12:35:59 [main] INFO  l.i.uztis.pages.ApplicationFormsPage - Processing dropdown index: 1
2025-01-02 12:36:09 [main] ERROR l.i.uztis.pages.ApplicationFormsPage - Timeout while waiting for dropdown to close at index: 1 with aria-expanded = 'false'
2025-01-02 12:36:09 [main] INFO  l.i.uztis.pages.ApplicationFormsPage - Processing dropdown index: 2
2025-01-02 12:36:20 [main] ERROR l.i.uztis.pages.ApplicationFormsPage - Timeout while waiting for dropdown to close at index: 2 with aria-expanded = 'false'
2025-01-02 12:36:20 [main] INFO  l.i.uztis.pages.ApplicationFormsPage - Processing dropdown index: 3
2025-01-02 12:36:31 [main] ERROR l.i.uztis.pages.ApplicationFormsPage - Timeout while waiting for dropdown to close at index: 3 with aria-expanded = 'false'
2025-01-02 12:36:31 [main] INFO  l.i.uztis.pages.ApplicationFormsPage - Processing dropdown index: 4
2025-01-02 12:36:42 [main] ERROR l.i.uztis.pages.ApplicationFormsPage - Timeout while waiting for dropdown to close at index: 4 with aria-expanded = 'false'
2025-01-02 12:36:42 [main] INFO  l.i.uztis.pages.ApplicationFormsPage - Processing dropdown index: 5
2025-01-02 12:36:52 [main] ERROR l.i.uztis.pages.ApplicationFormsPage - Timeout while waiting for dropdown to close at index: 5 with aria-expanded = 'false'
2025-01-02 12:36:52 [main] INFO  l.i.uztis.pages.ApplicationFormsPage - Processing dropdown index: 6
2025-01-02 12:37:03 [main] ERROR l.i.uztis.pages.ApplicationFormsPage - Timeout while waiting for dropdown to close at index: 6 with aria-expanded = 'false'
2025-01-02 12:37:03 [main] INFO  l.i.uztis.pages.ApplicationFormsPage - Processing dropdown index: 7
2025-01-02 12:37:14 [main] ERROR l.i.uztis.pages.ApplicationFormsPage - Timeout while waiting for dropdown to close at index: 7 with aria-expanded = 'false'
2025-01-02 12:37:14 [main] INFO  l.i.uztis.pages.ApplicationFormsPage - Processing input field index: 0
2025-01-02 12:37:14 [main] INFO  l.i.uztis.pages.ApplicationFormsPage - Entered value '50' into field index: 0
2025-01-02 12:37:14 [main] INFO  l.i.uztis.pages.ApplicationFormsPage - Processing input field index: 1
2025-01-02 12:37:14 [main] INFO  l.i.uztis.pages.ApplicationFormsPage - Entered value '924' into field index: 1
2025-01-02 12:37:14 [main] INFO  l.i.uztis.pages.ApplicationFormsPage - Processing input field index: 2
2025-01-02 12:37:14 [main] INFO  l.i.uztis.pages.ApplicationFormsPage - Entered value '31' into field index: 2
2025-01-02 12:37:14 [main] INFO  l.i.uztis.pages.ApplicationFormsPage - Processing input field index: 3
2025-01-02 12:37:15 [main] INFO  l.i.uztis.pages.ApplicationFormsPage - Entered value '4.7' into field index: 3
2025-01-02 12:37:15 [main] INFO  l.i.uztis.pages.ApplicationFormsPage - Processing input field index: 4
2025-01-02 12:37:15 [main] INFO  l.i.uztis.pages.ApplicationFormsPage - Entered value '35' into field index: 4
2025-01-02 12:37:15 [main] INFO  l.i.uztis.pages.ApplicationFormsPage - Processing input field index: 5
2025-01-02 12:37:15 [main] INFO  l.i.uztis.pages.ApplicationFormsPage - Entered value '20' into field index: 5
2025-01-02 12:37:15 [main] INFO  l.i.uztis.pages.ApplicationFormsPage - Processing input field index: 6
2025-01-02 12:37:15 [main] INFO  l.i.uztis.pages.ApplicationFormsPage - Entered value '30' into field index: 6
2025-01-02 12:37:15 [main] INFO  l.i.uztis.pages.ApplicationFormsPage - Processing input field index: 7
2025-01-02 12:37:15 [main] INFO  l.i.uztis.pages.ApplicationFormsPage - Entered value '60' into field index: 7
2025-01-02 12:37:15 [main] DEBUG l.i.u.tests.ApplicationFormsPageTest - Entered additional values and text.
2025-01-02 12:37:15 [main] DEBUG l.i.u.tests.ApplicationFormsPageTest - Entered application name: Paraiška
2025-01-02 12:37:15 [main] DEBUG l.i.u.tests.ApplicationFormsPageTest - Clicked the 'Save' button.
2025-01-02 12:37:15 [main] INFO  l.i.u.tests.ApplicationFormsPageTest - Verified success message text: 'Duomenys sėkmingai išsaugoti.'
2025-01-02 12:37:15 [main] INFO  l.i.u.tests.ApplicationFormsPageTest - Verified that the 'Save Form' button is displayed.
2025-01-02 12:37:15 [main] INFO  l.i.u.tests.ApplicationFormsPageTest - Test 'testCreateNewVuiApplication' completed successfully.
2025-01-02 12:37:32 [main] INFO  lt.insoft.uztis.tests.UztisPageTest - Navigated to https://uztisdev.asseco.lt/home
2025-01-02 12:37:32 [main] INFO  l.i.u.tests.ApplicationFormsPageTest - Setup complete. ApplicationFormsPage initialized.
2025-01-02 12:37:32 [main] INFO  l.i.u.tests.ApplicationFormsPageTest - Starting test:'testEditAndSaveVuiApplication'
2025-01-02 12:37:32 [main] DEBUG l.i.u.tests.ApplicationFormsPageTest - Opened 'Application Processing' menu.
2025-01-02 12:37:32 [main] DEBUG l.i.u.tests.ApplicationFormsPageTest - Clicked on 'Application Forms' menu.
2025-01-02 12:37:33 [main] DEBUG l.i.u.tests.ApplicationFormsPageTest - Selected the last application description.
2025-01-02 12:37:33 [main] DEBUG l.i.u.tests.ApplicationFormsPageTest - Clicked the 'Edit' button.
2025-01-02 12:37:33 [main] DEBUG l.i.u.tests.ApplicationFormsPageTest - Selected 'Municipality' radio button.
2025-01-02 12:37:33 [main] INFO  l.i.uztis.pages.ApplicationFormsPage - Located the dropdown button.
2025-01-02 12:37:33 [main] INFO  l.i.uztis.pages.ApplicationFormsPage - Successfully selected the value: 'Kauno departamentas'
2025-01-02 12:37:44 [main] ERROR l.i.uztis.pages.ApplicationFormsPage - Failed to close the dropdown with aria-expanded = 'false'.
2025-01-02 12:37:44 [main] DEBUG l.i.u.tests.ApplicationFormsPageTest - Selected a value from the 'Municipality' dropdown: 'Kauno departamentas'
2025-01-02 12:37:44 [main] DEBUG l.i.u.tests.ApplicationFormsPageTest - Selected 'Budget By Country' radio button.
2025-01-02 12:37:44 [main] DEBUG l.i.u.tests.ApplicationFormsPageTest - Selected 'Financed By Queue' radio button.
2025-01-02 12:37:44 [main] DEBUG l.i.u.tests.ApplicationFormsPageTest - Entered new application name: _paredaguota
2025-01-02 12:37:44 [main] DEBUG l.i.u.tests.ApplicationFormsPageTest - Clicked the 'Save' button.
2025-01-02 12:37:45 [main] INFO  l.i.u.tests.ApplicationFormsPageTest - Verified success message: 'Duomenys sėkmingai išsaugoti.'
2025-01-02 12:37:45 [main] INFO  l.i.u.tests.ApplicationFormsPageTest - Test 'testEditAndSaveVuiApplication' completed successfully.
2025-01-02 12:45:27 [main] INFO  lt.insoft.uztis.tests.UztisPageTest - Navigated to https://uztisdev.asseco.lt/home
2025-01-02 12:45:27 [main] INFO  l.i.u.tests.ApplicationFormsPageTest - Setup complete. ApplicationFormsPage initialized.
2025-01-02 12:45:27 [main] INFO  l.i.u.tests.ApplicationFormsPageTest - Starting test:'testCreateNewVuiApplication'
2025-01-02 12:45:27 [main] DEBUG l.i.u.tests.ApplicationFormsPageTest - Opened 'Application Processing' menu.
2025-01-02 12:45:27 [main] DEBUG l.i.u.tests.ApplicationFormsPageTest - Clicked on 'Application Forms' menu.
2025-01-02 12:45:27 [main] DEBUG l.i.u.tests.ApplicationFormsPageTest - Clicked to create a new application form.
2025-01-02 12:45:27 [main] DEBUG l.i.u.tests.ApplicationFormsPageTest - Entered random application code: TST-00
2025-01-02 12:45:28 [main] DEBUG l.i.u.tests.ApplicationFormsPageTest - Selected 'Section' radio button.
2025-01-02 12:45:28 [main] INFO  l.i.uztis.pages.ApplicationFormsPage - Located the dropdown button.
2025-01-02 12:45:28 [main] INFO  l.i.uztis.pages.ApplicationFormsPage - Successfully selected the value: 'Skyrius 1'
2025-01-02 12:45:38 [main] ERROR l.i.uztis.pages.ApplicationFormsPage - Failed to close the dropdown with aria-expanded = 'false'.
2025-01-02 12:45:38 [main] DEBUG l.i.u.tests.ApplicationFormsPageTest - Selected a value from the 'Section' dropdown: 'Skyrius 1'
2025-01-02 12:45:38 [main] DEBUG l.i.u.tests.ApplicationFormsPageTest - Selected 'Budget by Municipality' option.
2025-01-02 12:45:38 [main] DEBUG l.i.u.tests.ApplicationFormsPageTest - Selected 'Financed Without Queue' option.
2025-01-02 12:45:39 [main] DEBUG l.i.u.tests.ApplicationFormsPageTest - Clicked 'Add' button.
2025-01-02 12:45:39 [main] INFO  l.i.uztis.pages.ApplicationFormsPage - Located the dropdown button.
2025-01-02 12:45:39 [main] WARN  l.i.uztis.pages.ApplicationFormsPage - The value 'VUI paraiškos vertinimo forma - I etapas' was not found among the options.
2025-01-02 12:45:49 [main] ERROR l.i.uztis.pages.ApplicationFormsPage - Failed to close the dropdown with aria-expanded = 'false'.
2025-01-02 12:45:49 [main] DEBUG l.i.u.tests.ApplicationFormsPageTest - Selected a value from the 'Section' dropdown: 'VUI paraiškos vertinimo forma - I etapas'
2025-01-02 12:45:59 [main] ERROR l.i.u.tests.ApplicationFormsPageTest - Test 'testCreateNewVuiApplication' failed with error: no such window: target window already closed
from unknown error: web view not found
  (Session info: chrome=131.0.6778.205)
Build info: version: '4.27.0', revision: 'd6e718d134'
System info: os.name: 'Windows 11', os.arch: 'amd64', os.version: '10.0', java.version: '21.0.3'
Driver info: org.openqa.selenium.chrome.ChromeDriver
Command: [86c321ba2b236f1011b0644a8d8d504f, findElement {using=xpath, value=//mat-label[contains(text(), 'II etapo vertinimo forma')]}]
Capabilities {acceptInsecureCerts: false, browserName: chrome, browserVersion: 131.0.6778.205, chrome: {chromedriverVersion: 131.0.6778.204 (52183f9e99a..., userDataDir: C:\Users\INGRID~1.ZAD\AppDa...}, fedcm:accounts: true, goog:chromeOptions: {debuggerAddress: localhost:62176}, networkConnectionEnabled: false, pageLoadStrategy: normal, platformName: windows, proxy: Proxy(), se:cdp: ws://localhost:62176/devtoo..., se:cdpVersion: 131.0.6778.205, setWindowRect: true, strictFileInteractability: false, timeouts: {implicit: 0, pageLoad: 300000, script: 30000}, unhandledPromptBehavior: dismiss and notify, webauthn:extension:credBlob: true, webauthn:extension:largeBlob: true, webauthn:extension:minPinLength: true, webauthn:extension:prf: true, webauthn:virtualAuthenticators: true}
Session ID: 86c321ba2b236f1011b0644a8d8d504f
org.openqa.selenium.NoSuchWindowException: no such window: target window already closed
from unknown error: web view not found
  (Session info: chrome=131.0.6778.205)
Build info: version: '4.27.0', revision: 'd6e718d134'
System info: os.name: 'Windows 11', os.arch: 'amd64', os.version: '10.0', java.version: '21.0.3'
Driver info: org.openqa.selenium.chrome.ChromeDriver
Command: [86c321ba2b236f1011b0644a8d8d504f, findElement {using=xpath, value=//mat-label[contains(text(), 'II etapo vertinimo forma')]}]
Capabilities {acceptInsecureCerts: false, browserName: chrome, browserVersion: 131.0.6778.205, chrome: {chromedriverVersion: 131.0.6778.204 (52183f9e99a..., userDataDir: C:\Users\INGRID~1.ZAD\AppDa...}, fedcm:accounts: true, goog:chromeOptions: {debuggerAddress: localhost:62176}, networkConnectionEnabled: false, pageLoadStrategy: normal, platformName: windows, proxy: Proxy(), se:cdp: ws://localhost:62176/devtoo..., se:cdpVersion: 131.0.6778.205, setWindowRect: true, strictFileInteractability: false, timeouts: {implicit: 0, pageLoad: 300000, script: 30000}, unhandledPromptBehavior: dismiss and notify, webauthn:extension:credBlob: true, webauthn:extension:largeBlob: true, webauthn:extension:minPinLength: true, webauthn:extension:prf: true, webauthn:virtualAuthenticators: true}
Session ID: 86c321ba2b236f1011b0644a8d8d504f
	at java.base/jdk.internal.reflect.DirectConstructorHandleAccessor.newInstance(DirectConstructorHandleAccessor.java:62)
	at java.base/java.lang.reflect.Constructor.newInstanceWithCaller(Constructor.java:502)
	at java.base/java.lang.reflect.Constructor.newInstance(Constructor.java:486)
	at org.openqa.selenium.remote.ErrorCodec.decode(ErrorCodec.java:167)
	at org.openqa.selenium.remote.codec.w3c.W3CHttpResponseCodec.decode(W3CHttpResponseCodec.java:138)
	at org.openqa.selenium.remote.codec.w3c.W3CHttpResponseCodec.decode(W3CHttpResponseCodec.java:50)
	at org.openqa.selenium.remote.HttpCommandExecutor.execute(HttpCommandExecutor.java:190)
	at org.openqa.selenium.remote.service.DriverCommandExecutor.invokeExecute(DriverCommandExecutor.java:216)
	at org.openqa.selenium.remote.service.DriverCommandExecutor.execute(DriverCommandExecutor.java:174)
	at org.openqa.selenium.remote.RemoteWebDriver.execute(RemoteWebDriver.java:545)
	at org.openqa.selenium.remote.ElementLocation$ElementFinder$2.findElement(ElementLocation.java:165)
	at org.openqa.selenium.remote.ElementLocation.findElement(ElementLocation.java:59)
	at org.openqa.selenium.remote.RemoteWebDriver.findElement(RemoteWebDriver.java:368)
	at org.openqa.selenium.remote.RemoteWebDriver.findElement(RemoteWebDriver.java:362)
	at org.openqa.selenium.support.pagefactory.DefaultElementLocator.findElement(DefaultElementLocator.java:68)
	at org.openqa.selenium.support.pagefactory.internal.LocatingElementHandler.invoke(LocatingElementHandler.java:38)
	at jdk.proxy2/jdk.proxy2.$Proxy14.toString(Unknown Source)
	at java.base/java.lang.String.valueOf(String.java:4465)
	at org.openqa.selenium.support.ui.ExpectedConditions$23.toString(ExpectedConditions.java:669)
	at java.base/java.lang.String.valueOf(String.java:4465)
	at org.openqa.selenium.support.ui.FluentWait.until(FluentWait.java:225)
	at lt.insoft.uztis.pages.ApplicationFormsPage.selectValueByListEvaluationTwo(ApplicationFormsPage.java:358)
	at lt.insoft.uztis.tests.ApplicationFormsPageTest.testCreateNewVuiApplication(ApplicationFormsPageTest.java:104)
	at java.base/jdk.internal.reflect.DirectMethodHandleAccessor.invoke(DirectMethodHandleAccessor.java:103)
	at java.base/java.lang.reflect.Method.invoke(Method.java:580)
	at org.junit.platform.commons.util.ReflectionUtils.invokeMethod(ReflectionUtils.java:728)
	at org.junit.jupiter.engine.execution.MethodInvocation.proceed(MethodInvocation.java:60)
	at org.junit.jupiter.engine.execution.InvocationInterceptorChain$ValidatingInvocation.proceed(InvocationInterceptorChain.java:131)
	at org.junit.jupiter.engine.extension.TimeoutExtension.intercept(TimeoutExtension.java:156)
	at org.junit.jupiter.engine.extension.TimeoutExtension.interceptTestableMethod(TimeoutExtension.java:147)
	at org.junit.jupiter.engine.extension.TimeoutExtension.interceptTestMethod(TimeoutExtension.java:86)
	at org.junit.jupiter.engine.execution.InterceptingExecutableInvoker$ReflectiveInterceptorCall.lambda$ofVoidMethod$0(InterceptingExecutableInvoker.java:103)
	at org.junit.jupiter.engine.execution.InterceptingExecutableInvoker.lambda$invoke$0(InterceptingExecutableInvoker.java:93)
	at org.junit.jupiter.engine.execution.InvocationInterceptorChain$InterceptedInvocation.proceed(InvocationInterceptorChain.java:106)
	at org.junit.jupiter.engine.execution.InvocationInterceptorChain.proceed(InvocationInterceptorChain.java:64)
	at org.junit.jupiter.engine.execution.InvocationInterceptorChain.chainAndInvoke(InvocationInterceptorChain.java:45)
	at org.junit.jupiter.engine.execution.InvocationInterceptorChain.invoke(InvocationInterceptorChain.java:37)
	at org.junit.jupiter.engine.execution.InterceptingExecutableInvoker.invoke(InterceptingExecutableInvoker.java:92)
	at org.junit.jupiter.engine.execution.InterceptingExecutableInvoker.invoke(InterceptingExecutableInvoker.java:86)
	at org.junit.jupiter.engine.descriptor.TestMethodTestDescriptor.lambda$invokeTestMethod$7(TestMethodTestDescriptor.java:218)
	at org.junit.platform.engine.support.hierarchical.ThrowableCollector.execute(ThrowableCollector.java:73)
	at org.junit.jupiter.engine.descriptor.TestMethodTestDescriptor.invokeTestMethod(TestMethodTestDescriptor.java:214)
	at org.junit.jupiter.engine.descriptor.TestMethodTestDescriptor.execute(TestMethodTestDescriptor.java:139)
	at org.junit.jupiter.engine.descriptor.TestMethodTestDescriptor.execute(TestMethodTestDescriptor.java:69)
	at org.junit.platform.engine.support.hierarchical.NodeTestTask.lambda$executeRecursively$6(NodeTestTask.java:151)
	at org.junit.platform.engine.support.hierarchical.ThrowableCollector.execute(ThrowableCollector.java:73)
	at org.junit.platform.engine.support.hierarchical.NodeTestTask.lambda$executeRecursively$8(NodeTestTask.java:141)
	at org.junit.platform.engine.support.hierarchical.Node.around(Node.java:137)
	at org.junit.platform.engine.support.hierarchical.NodeTestTask.lambda$executeRecursively$9(NodeTestTask.java:139)
	at org.junit.platform.engine.support.hierarchical.ThrowableCollector.execute(ThrowableCollector.java:73)
	at org.junit.platform.engine.support.hierarchical.NodeTestTask.executeRecursively(NodeTestTask.java:138)
	at org.junit.platform.engine.support.hierarchical.NodeTestTask.execute(NodeTestTask.java:95)
	at java.base/java.util.ArrayList.forEach(ArrayList.java:1596)
	at org.junit.platform.engine.support.hierarchical.SameThreadHierarchicalTestExecutorService.invokeAll(SameThreadHierarchicalTestExecutorService.java:41)
	at org.junit.platform.engine.support.hierarchical.NodeTestTask.lambda$executeRecursively$6(NodeTestTask.java:155)
	at org.junit.platform.engine.support.hierarchical.ThrowableCollector.execute(ThrowableCollector.java:73)
	at org.junit.platform.engine.support.hierarchical.NodeTestTask.lambda$executeRecursively$8(NodeTestTask.java:141)
	at org.junit.platform.engine.support.hierarchical.Node.around(Node.java:137)
	at org.junit.platform.engine.support.hierarchical.NodeTestTask.lambda$executeRecursively$9(NodeTestTask.java:139)
	at org.junit.platform.engine.support.hierarchical.ThrowableCollector.execute(ThrowableCollector.java:73)
	at org.junit.platform.engine.support.hierarchical.NodeTestTask.executeRecursively(NodeTestTask.java:138)
	at org.junit.platform.engine.support.hierarchical.NodeTestTask.execute(NodeTestTask.java:95)
	at java.base/java.util.ArrayList.forEach(ArrayList.java:1596)
	at org.junit.platform.engine.support.hierarchical.SameThreadHierarchicalTestExecutorService.invokeAll(SameThreadHierarchicalTestExecutorService.java:41)
	at org.junit.platform.engine.support.hierarchical.NodeTestTask.lambda$executeRecursively$6(NodeTestTask.java:155)
	at org.junit.platform.engine.support.hierarchical.ThrowableCollector.execute(ThrowableCollector.java:73)
	at org.junit.platform.engine.support.hierarchical.NodeTestTask.lambda$executeRecursively$8(NodeTestTask.java:141)
	at org.junit.platform.engine.support.hierarchical.Node.around(Node.java:137)
	at org.junit.platform.engine.support.hierarchical.NodeTestTask.lambda$executeRecursively$9(NodeTestTask.java:139)
	at org.junit.platform.engine.support.hierarchical.ThrowableCollector.execute(ThrowableCollector.java:73)
	at org.junit.platform.engine.support.hierarchical.NodeTestTask.executeRecursively(NodeTestTask.java:138)
	at org.junit.platform.engine.support.hierarchical.NodeTestTask.execute(NodeTestTask.java:95)
	at org.junit.platform.engine.support.hierarchical.SameThreadHierarchicalTestExecutorService.submit(SameThreadHierarchicalTestExecutorService.java:35)
	at org.junit.platform.engine.support.hierarchical.HierarchicalTestExecutor.execute(HierarchicalTestExecutor.java:57)
	at org.junit.platform.engine.support.hierarchical.HierarchicalTestEngine.execute(HierarchicalTestEngine.java:54)
	at org.junit.platform.launcher.core.EngineExecutionOrchestrator.execute(EngineExecutionOrchestrator.java:198)
	at org.junit.platform.launcher.core.EngineExecutionOrchestrator.execute(EngineExecutionOrchestrator.java:169)
	at org.junit.platform.launcher.core.EngineExecutionOrchestrator.execute(EngineExecutionOrchestrator.java:93)
	at org.junit.platform.launcher.core.EngineExecutionOrchestrator.lambda$execute$0(EngineExecutionOrchestrator.java:58)
	at org.junit.platform.launcher.core.EngineExecutionOrchestrator.withInterceptedStreams(EngineExecutionOrchestrator.java:141)
	at org.junit.platform.launcher.core.EngineExecutionOrchestrator.execute(EngineExecutionOrchestrator.java:57)
	at org.junit.platform.launcher.core.DefaultLauncher.execute(DefaultLauncher.java:103)
	at org.junit.platform.launcher.core.DefaultLauncher.execute(DefaultLauncher.java:85)
	at org.junit.platform.launcher.core.DelegatingLauncher.execute(DelegatingLauncher.java:47)
	at org.junit.platform.launcher.core.SessionPerRequestLauncher.execute(SessionPerRequestLauncher.java:63)
	at com.intellij.junit5.JUnit5IdeaTestRunner.startRunnerWithArgs(JUnit5IdeaTestRunner.java:57)
	at com.intellij.rt.junit.IdeaTestRunner$Repeater$1.execute(IdeaTestRunner.java:38)
	at com.intellij.rt.execution.junit.TestsRepeater.repeat(TestsRepeater.java:11)
	at com.intellij.rt.junit.IdeaTestRunner$Repeater.startRunnerWithArgs(IdeaTestRunner.java:35)
	at com.intellij.rt.junit.JUnitStarter.prepareStreamsAndStart(JUnitStarter.java:232)
	at com.intellij.rt.junit.JUnitStarter.main(JUnitStarter.java:55)
2025-01-02 12:47:56 [main] INFO  lt.insoft.uztis.tests.UztisPageTest - Navigated to https://uztisdev.asseco.lt/home
2025-01-02 12:47:56 [main] INFO  l.i.u.tests.ApplicationFormsPageTest - Setup complete. ApplicationFormsPage initialized.
2025-01-02 12:47:56 [main] INFO  l.i.u.tests.ApplicationFormsPageTest - Starting test:'testCreateNewVuiApplication'
2025-01-02 12:47:56 [main] DEBUG l.i.u.tests.ApplicationFormsPageTest - Opened 'Application Processing' menu.
2025-01-02 12:47:56 [main] DEBUG l.i.u.tests.ApplicationFormsPageTest - Clicked on 'Application Forms' menu.
2025-01-02 12:47:57 [main] DEBUG l.i.u.tests.ApplicationFormsPageTest - Clicked to create a new application form.
2025-01-02 12:47:57 [main] DEBUG l.i.u.tests.ApplicationFormsPageTest - Entered random application code: TST-51
2025-01-02 12:47:57 [main] DEBUG l.i.u.tests.ApplicationFormsPageTest - Selected 'Section' radio button.
2025-01-02 12:47:57 [main] INFO  l.i.uztis.pages.ApplicationFormsPage - Located the dropdown button.
2025-01-02 12:47:58 [main] INFO  l.i.uztis.pages.ApplicationFormsPage - Successfully selected the value: 'Skyrius 1'
2025-01-02 12:48:08 [main] ERROR l.i.uztis.pages.ApplicationFormsPage - Failed to close the dropdown with aria-expanded = 'false'.
2025-01-02 12:48:08 [main] DEBUG l.i.u.tests.ApplicationFormsPageTest - Selected a value from the 'Section' dropdown: 'Skyrius 1'
2025-01-02 12:48:08 [main] DEBUG l.i.u.tests.ApplicationFormsPageTest - Selected 'Budget by Municipality' option.
2025-01-02 12:48:08 [main] DEBUG l.i.u.tests.ApplicationFormsPageTest - Selected 'Financed Without Queue' option.
2025-01-02 12:48:09 [main] DEBUG l.i.u.tests.ApplicationFormsPageTest - Clicked 'Add' button.
2025-01-02 12:48:09 [main] INFO  l.i.uztis.pages.ApplicationFormsPage - Located the dropdown button.
2025-01-02 12:48:09 [main] WARN  l.i.uztis.pages.ApplicationFormsPage - The value 'VUI paraiškos vertinimo forma - I etapas' was not found among the options.
2025-01-02 12:48:19 [main] ERROR l.i.uztis.pages.ApplicationFormsPage - Failed to close the dropdown with aria-expanded = 'false'.
2025-01-02 12:48:19 [main] DEBUG l.i.u.tests.ApplicationFormsPageTest - Selected a value from the 'Section' dropdown: 'VUI paraiškos vertinimo forma - I etapas'
2025-01-02 12:48:20 [main] ERROR l.i.u.tests.ApplicationFormsPageTest - Test 'testCreateNewVuiApplication' failed with error: element click intercepted: Element <mat-label>...</mat-label> is not clickable at point (435, 962). Other element would receive the click: <div class="cdk-overlay-backdrop cdk-overlay-transparent-backdrop cdk-overlay-backdrop-showing"></div>
  (Session info: chrome=131.0.6778.205)
Build info: version: '4.27.0', revision: 'd6e718d134'
System info: os.name: 'Windows 11', os.arch: 'amd64', os.version: '10.0', java.version: '21.0.3'
Driver info: org.openqa.selenium.chrome.ChromeDriver
Command: [75d8fc3b17c68ed78095eb84b6ecff88, clickElement {id=f.9A585F339357F58769477017F9261208.d.066A4F52B963D3459DB0B0275CBDC619.e.57}]
Capabilities {acceptInsecureCerts: false, browserName: chrome, browserVersion: 131.0.6778.205, chrome: {chromedriverVersion: 131.0.6778.204 (52183f9e99a..., userDataDir: C:\Users\INGRID~1.ZAD\AppDa...}, fedcm:accounts: true, goog:chromeOptions: {debuggerAddress: localhost:62266}, networkConnectionEnabled: false, pageLoadStrategy: normal, platformName: windows, proxy: Proxy(), se:cdp: ws://localhost:62266/devtoo..., se:cdpVersion: 131.0.6778.205, setWindowRect: true, strictFileInteractability: false, timeouts: {implicit: 0, pageLoad: 300000, script: 30000}, unhandledPromptBehavior: dismiss and notify, webauthn:extension:credBlob: true, webauthn:extension:largeBlob: true, webauthn:extension:minPinLength: true, webauthn:extension:prf: true, webauthn:virtualAuthenticators: true}
Element: [[ChromeDriver: chrome on windows (75d8fc3b17c68ed78095eb84b6ecff88)] -> xpath: //mat-label[contains(text(), 'II etapo vertinimo forma')]]
Session ID: 75d8fc3b17c68ed78095eb84b6ecff88
org.openqa.selenium.ElementClickInterceptedException: element click intercepted: Element <mat-label>...</mat-label> is not clickable at point (435, 962). Other element would receive the click: <div class="cdk-overlay-backdrop cdk-overlay-transparent-backdrop cdk-overlay-backdrop-showing"></div>
  (Session info: chrome=131.0.6778.205)
Build info: version: '4.27.0', revision: 'd6e718d134'
System info: os.name: 'Windows 11', os.arch: 'amd64', os.version: '10.0', java.version: '21.0.3'
Driver info: org.openqa.selenium.chrome.ChromeDriver
Command: [75d8fc3b17c68ed78095eb84b6ecff88, clickElement {id=f.9A585F339357F58769477017F9261208.d.066A4F52B963D3459DB0B0275CBDC619.e.57}]
Capabilities {acceptInsecureCerts: false, browserName: chrome, browserVersion: 131.0.6778.205, chrome: {chromedriverVersion: 131.0.6778.204 (52183f9e99a..., userDataDir: C:\Users\INGRID~1.ZAD\AppDa...}, fedcm:accounts: true, goog:chromeOptions: {debuggerAddress: localhost:62266}, networkConnectionEnabled: false, pageLoadStrategy: normal, platformName: windows, proxy: Proxy(), se:cdp: ws://localhost:62266/devtoo..., se:cdpVersion: 131.0.6778.205, setWindowRect: true, strictFileInteractability: false, timeouts: {implicit: 0, pageLoad: 300000, script: 30000}, unhandledPromptBehavior: dismiss and notify, webauthn:extension:credBlob: true, webauthn:extension:largeBlob: true, webauthn:extension:minPinLength: true, webauthn:extension:prf: true, webauthn:virtualAuthenticators: true}
Element: [[ChromeDriver: chrome on windows (75d8fc3b17c68ed78095eb84b6ecff88)] -> xpath: //mat-label[contains(text(), 'II etapo vertinimo forma')]]
Session ID: 75d8fc3b17c68ed78095eb84b6ecff88
	at java.base/jdk.internal.reflect.DirectConstructorHandleAccessor.newInstance(DirectConstructorHandleAccessor.java:62)
	at java.base/java.lang.reflect.Constructor.newInstanceWithCaller(Constructor.java:502)
	at java.base/java.lang.reflect.Constructor.newInstance(Constructor.java:486)
	at org.openqa.selenium.remote.ErrorCodec.decode(ErrorCodec.java:167)
	at org.openqa.selenium.remote.codec.w3c.W3CHttpResponseCodec.decode(W3CHttpResponseCodec.java:138)
	at org.openqa.selenium.remote.codec.w3c.W3CHttpResponseCodec.decode(W3CHttpResponseCodec.java:50)
	at org.openqa.selenium.remote.HttpCommandExecutor.execute(HttpCommandExecutor.java:190)
	at org.openqa.selenium.remote.service.DriverCommandExecutor.invokeExecute(DriverCommandExecutor.java:216)
	at org.openqa.selenium.remote.service.DriverCommandExecutor.execute(DriverCommandExecutor.java:174)
	at org.openqa.selenium.remote.RemoteWebDriver.execute(RemoteWebDriver.java:545)
	at org.openqa.selenium.remote.RemoteWebElement.execute(RemoteWebElement.java:223)
	at org.openqa.selenium.remote.RemoteWebElement.click(RemoteWebElement.java:76)
	at java.base/jdk.internal.reflect.DirectMethodHandleAccessor.invoke(DirectMethodHandleAccessor.java:103)
	at java.base/java.lang.reflect.Method.invoke(Method.java:580)
	at org.openqa.selenium.support.pagefactory.internal.LocatingElementHandler.invoke(LocatingElementHandler.java:51)
	at jdk.proxy2/jdk.proxy2.$Proxy14.click(Unknown Source)
	at lt.insoft.uztis.pages.ApplicationFormsPage.selectValueByListEvaluationTwo(ApplicationFormsPage.java:358)
	at lt.insoft.uztis.tests.ApplicationFormsPageTest.testCreateNewVuiApplication(ApplicationFormsPageTest.java:104)
	at java.base/jdk.internal.reflect.DirectMethodHandleAccessor.invoke(DirectMethodHandleAccessor.java:103)
	at java.base/java.lang.reflect.Method.invoke(Method.java:580)
	at org.junit.platform.commons.util.ReflectionUtils.invokeMethod(ReflectionUtils.java:728)
	at org.junit.jupiter.engine.execution.MethodInvocation.proceed(MethodInvocation.java:60)
	at org.junit.jupiter.engine.execution.InvocationInterceptorChain$ValidatingInvocation.proceed(InvocationInterceptorChain.java:131)
	at org.junit.jupiter.engine.extension.TimeoutExtension.intercept(TimeoutExtension.java:156)
	at org.junit.jupiter.engine.extension.TimeoutExtension.interceptTestableMethod(TimeoutExtension.java:147)
	at org.junit.jupiter.engine.extension.TimeoutExtension.interceptTestMethod(TimeoutExtension.java:86)
	at org.junit.jupiter.engine.execution.InterceptingExecutableInvoker$ReflectiveInterceptorCall.lambda$ofVoidMethod$0(InterceptingExecutableInvoker.java:103)
	at org.junit.jupiter.engine.execution.InterceptingExecutableInvoker.lambda$invoke$0(InterceptingExecutableInvoker.java:93)
	at org.junit.jupiter.engine.execution.InvocationInterceptorChain$InterceptedInvocation.proceed(InvocationInterceptorChain.java:106)
	at org.junit.jupiter.engine.execution.InvocationInterceptorChain.proceed(InvocationInterceptorChain.java:64)
	at org.junit.jupiter.engine.execution.InvocationInterceptorChain.chainAndInvoke(InvocationInterceptorChain.java:45)
	at org.junit.jupiter.engine.execution.InvocationInterceptorChain.invoke(InvocationInterceptorChain.java:37)
	at org.junit.jupiter.engine.execution.InterceptingExecutableInvoker.invoke(InterceptingExecutableInvoker.java:92)
	at org.junit.jupiter.engine.execution.InterceptingExecutableInvoker.invoke(InterceptingExecutableInvoker.java:86)
	at org.junit.jupiter.engine.descriptor.TestMethodTestDescriptor.lambda$invokeTestMethod$7(TestMethodTestDescriptor.java:218)
	at org.junit.platform.engine.support.hierarchical.ThrowableCollector.execute(ThrowableCollector.java:73)
	at org.junit.jupiter.engine.descriptor.TestMethodTestDescriptor.invokeTestMethod(TestMethodTestDescriptor.java:214)
	at org.junit.jupiter.engine.descriptor.TestMethodTestDescriptor.execute(TestMethodTestDescriptor.java:139)
	at org.junit.jupiter.engine.descriptor.TestMethodTestDescriptor.execute(TestMethodTestDescriptor.java:69)
	at org.junit.platform.engine.support.hierarchical.NodeTestTask.lambda$executeRecursively$6(NodeTestTask.java:151)
	at org.junit.platform.engine.support.hierarchical.ThrowableCollector.execute(ThrowableCollector.java:73)
	at org.junit.platform.engine.support.hierarchical.NodeTestTask.lambda$executeRecursively$8(NodeTestTask.java:141)
	at org.junit.platform.engine.support.hierarchical.Node.around(Node.java:137)
	at org.junit.platform.engine.support.hierarchical.NodeTestTask.lambda$executeRecursively$9(NodeTestTask.java:139)
	at org.junit.platform.engine.support.hierarchical.ThrowableCollector.execute(ThrowableCollector.java:73)
	at org.junit.platform.engine.support.hierarchical.NodeTestTask.executeRecursively(NodeTestTask.java:138)
	at org.junit.platform.engine.support.hierarchical.NodeTestTask.execute(NodeTestTask.java:95)
	at java.base/java.util.ArrayList.forEach(ArrayList.java:1596)
	at org.junit.platform.engine.support.hierarchical.SameThreadHierarchicalTestExecutorService.invokeAll(SameThreadHierarchicalTestExecutorService.java:41)
	at org.junit.platform.engine.support.hierarchical.NodeTestTask.lambda$executeRecursively$6(NodeTestTask.java:155)
	at org.junit.platform.engine.support.hierarchical.ThrowableCollector.execute(ThrowableCollector.java:73)
	at org.junit.platform.engine.support.hierarchical.NodeTestTask.lambda$executeRecursively$8(NodeTestTask.java:141)
	at org.junit.platform.engine.support.hierarchical.Node.around(Node.java:137)
	at org.junit.platform.engine.support.hierarchical.NodeTestTask.lambda$executeRecursively$9(NodeTestTask.java:139)
	at org.junit.platform.engine.support.hierarchical.ThrowableCollector.execute(ThrowableCollector.java:73)
	at org.junit.platform.engine.support.hierarchical.NodeTestTask.executeRecursively(NodeTestTask.java:138)
	at org.junit.platform.engine.support.hierarchical.NodeTestTask.execute(NodeTestTask.java:95)
	at java.base/java.util.ArrayList.forEach(ArrayList.java:1596)
	at org.junit.platform.engine.support.hierarchical.SameThreadHierarchicalTestExecutorService.invokeAll(SameThreadHierarchicalTestExecutorService.java:41)
	at org.junit.platform.engine.support.hierarchical.NodeTestTask.lambda$executeRecursively$6(NodeTestTask.java:155)
	at org.junit.platform.engine.support.hierarchical.ThrowableCollector.execute(ThrowableCollector.java:73)
	at org.junit.platform.engine.support.hierarchical.NodeTestTask.lambda$executeRecursively$8(NodeTestTask.java:141)
	at org.junit.platform.engine.support.hierarchical.Node.around(Node.java:137)
	at org.junit.platform.engine.support.hierarchical.NodeTestTask.lambda$executeRecursively$9(NodeTestTask.java:139)
	at org.junit.platform.engine.support.hierarchical.ThrowableCollector.execute(ThrowableCollector.java:73)
	at org.junit.platform.engine.support.hierarchical.NodeTestTask.executeRecursively(NodeTestTask.java:138)
	at org.junit.platform.engine.support.hierarchical.NodeTestTask.execute(NodeTestTask.java:95)
	at org.junit.platform.engine.support.hierarchical.SameThreadHierarchicalTestExecutorService.submit(SameThreadHierarchicalTestExecutorService.java:35)
	at org.junit.platform.engine.support.hierarchical.HierarchicalTestExecutor.execute(HierarchicalTestExecutor.java:57)
	at org.junit.platform.engine.support.hierarchical.HierarchicalTestEngine.execute(HierarchicalTestEngine.java:54)
	at org.junit.platform.launcher.core.EngineExecutionOrchestrator.execute(EngineExecutionOrchestrator.java:198)
	at org.junit.platform.launcher.core.EngineExecutionOrchestrator.execute(EngineExecutionOrchestrator.java:169)
	at org.junit.platform.launcher.core.EngineExecutionOrchestrator.execute(EngineExecutionOrchestrator.java:93)
	at org.junit.platform.launcher.core.EngineExecutionOrchestrator.lambda$execute$0(EngineExecutionOrchestrator.java:58)
	at org.junit.platform.launcher.core.EngineExecutionOrchestrator.withInterceptedStreams(EngineExecutionOrchestrator.java:141)
	at org.junit.platform.launcher.core.EngineExecutionOrchestrator.execute(EngineExecutionOrchestrator.java:57)
	at org.junit.platform.launcher.core.DefaultLauncher.execute(DefaultLauncher.java:103)
	at org.junit.platform.launcher.core.DefaultLauncher.execute(DefaultLauncher.java:85)
	at org.junit.platform.launcher.core.DelegatingLauncher.execute(DelegatingLauncher.java:47)
	at org.junit.platform.launcher.core.SessionPerRequestLauncher.execute(SessionPerRequestLauncher.java:63)
	at com.intellij.junit5.JUnit5IdeaTestRunner.startRunnerWithArgs(JUnit5IdeaTestRunner.java:57)
	at com.intellij.rt.junit.IdeaTestRunner$Repeater$1.execute(IdeaTestRunner.java:38)
	at com.intellij.rt.execution.junit.TestsRepeater.repeat(TestsRepeater.java:11)
	at com.intellij.rt.junit.IdeaTestRunner$Repeater.startRunnerWithArgs(IdeaTestRunner.java:35)
	at com.intellij.rt.junit.JUnitStarter.prepareStreamsAndStart(JUnitStarter.java:232)
	at com.intellij.rt.junit.JUnitStarter.main(JUnitStarter.java:55)
2025-01-02 12:48:20 [main] INFO  l.insoft.uztis.tests.utils.TestUtils - Screenshot moved to C:\Users\ingrida.zadorozniene\Desktop\Asm\UZTIS\UZTIS_tests\test-output\screenshots\20250102\124820852_testCreateNewVuiApplication().png
2025-01-02 12:56:19 [main] INFO  lt.insoft.uztis.tests.UztisPageTest - Navigated to https://uztisdev.asseco.lt/home
2025-01-02 12:56:19 [main] INFO  l.i.u.tests.ApplicationFormsPageTest - Setup complete. ApplicationFormsPage initialized.
2025-01-02 12:56:19 [main] INFO  l.i.u.tests.ApplicationFormsPageTest - Starting test:'testCreateNewVuiApplication'
2025-01-02 12:56:19 [main] DEBUG l.i.u.tests.ApplicationFormsPageTest - Opened 'Application Processing' menu.
2025-01-02 12:56:19 [main] DEBUG l.i.u.tests.ApplicationFormsPageTest - Clicked on 'Application Forms' menu.
2025-01-02 12:56:20 [main] DEBUG l.i.u.tests.ApplicationFormsPageTest - Clicked to create a new application form.
2025-01-02 12:56:20 [main] DEBUG l.i.u.tests.ApplicationFormsPageTest - Entered random application code: TST-17
2025-01-02 12:56:20 [main] DEBUG l.i.u.tests.ApplicationFormsPageTest - Selected 'Section' radio button.
2025-01-02 12:56:20 [main] INFO  l.i.uztis.pages.ApplicationFormsPage - Located the dropdown button.
2025-01-02 12:56:20 [main] INFO  l.i.uztis.pages.ApplicationFormsPage - Successfully selected the value: 'Skyrius 1'
2025-01-02 12:56:31 [main] ERROR l.i.uztis.pages.ApplicationFormsPage - Failed to close the dropdown with aria-expanded = 'false'.
2025-01-02 12:56:31 [main] DEBUG l.i.u.tests.ApplicationFormsPageTest - Selected a value from the 'Section' dropdown: 'Skyrius 1'
2025-01-02 12:56:31 [main] DEBUG l.i.u.tests.ApplicationFormsPageTest - Selected 'Budget by Municipality' option.
2025-01-02 12:56:31 [main] DEBUG l.i.u.tests.ApplicationFormsPageTest - Selected 'Financed Without Queue' option.
2025-01-02 12:56:31 [main] DEBUG l.i.u.tests.ApplicationFormsPageTest - Clicked 'Add' button.
2025-01-02 12:56:31 [main] INFO  l.i.uztis.pages.ApplicationFormsPage - Located the dropdown button.
2025-01-02 12:56:31 [main] INFO  l.i.uztis.pages.ApplicationFormsPage - Successfully selected the value: 'VUI paraiškos vertinimo forma - I etapas'
2025-01-02 12:56:42 [main] ERROR l.i.uztis.pages.ApplicationFormsPage - Failed to close the dropdown with aria-expanded = 'false'.
2025-01-02 12:56:42 [main] DEBUG l.i.u.tests.ApplicationFormsPageTest - Selected a value from the 'Section' dropdown: 'VUI paraiškos vertinimo forma - I etapas'
2025-01-02 12:56:42 [main] DEBUG l.i.u.tests.ApplicationFormsPageTest - Selected values from evaluation dropdowns.
2025-01-02 12:56:42 [main] DEBUG l.i.u.tests.ApplicationFormsPageTest - Clicked 'Plus' button.
2025-01-02 12:56:43 [main] DEBUG l.i.u.tests.ApplicationFormsPageTest - Clicked 'Add' button seven times.
2025-01-02 12:56:43 [main] INFO  l.i.uztis.pages.ApplicationFormsPage - Processing dropdown index: 0
2025-01-02 12:56:53 [main] ERROR l.i.uztis.pages.ApplicationFormsPage - Timeout while waiting for dropdown to close at index: 0 with aria-expanded = 'false'
2025-01-02 12:56:53 [main] ERROR l.i.u.tests.ApplicationFormsPageTest - Test 'testCreateNewVuiApplication' failed with error: no such window: target window already closed
from unknown error: web view not found
  (Session info: chrome=131.0.6778.205)
Build info: version: '4.27.0', revision: 'd6e718d134'
System info: os.name: 'Windows 11', os.arch: 'amd64', os.version: '10.0', java.version: '21.0.3'
Driver info: org.openqa.selenium.chrome.ChromeDriver
Command: [580fba6bd60d3567b8bf20722a882c56, findElements {using=xpath, value=//mat-label[contains(text(), 'Nustatymas')]}]
Capabilities {acceptInsecureCerts: false, browserName: chrome, browserVersion: 131.0.6778.205, chrome: {chromedriverVersion: 131.0.6778.204 (52183f9e99a..., userDataDir: C:\Users\INGRID~1.ZAD\AppDa...}, fedcm:accounts: true, goog:chromeOptions: {debuggerAddress: localhost:62547}, networkConnectionEnabled: false, pageLoadStrategy: normal, platformName: windows, proxy: Proxy(), se:cdp: ws://localhost:62547/devtoo..., se:cdpVersion: 131.0.6778.205, setWindowRect: true, strictFileInteractability: false, timeouts: {implicit: 0, pageLoad: 300000, script: 30000}, unhandledPromptBehavior: dismiss and notify, webauthn:extension:credBlob: true, webauthn:extension:largeBlob: true, webauthn:extension:minPinLength: true, webauthn:extension:prf: true, webauthn:virtualAuthenticators: true}
Session ID: 580fba6bd60d3567b8bf20722a882c56
org.openqa.selenium.NoSuchWindowException: no such window: target window already closed
from unknown error: web view not found
  (Session info: chrome=131.0.6778.205)
Build info: version: '4.27.0', revision: 'd6e718d134'
System info: os.name: 'Windows 11', os.arch: 'amd64', os.version: '10.0', java.version: '21.0.3'
Driver info: org.openqa.selenium.chrome.ChromeDriver
Command: [580fba6bd60d3567b8bf20722a882c56, findElements {using=xpath, value=//mat-label[contains(text(), 'Nustatymas')]}]
Capabilities {acceptInsecureCerts: false, browserName: chrome, browserVersion: 131.0.6778.205, chrome: {chromedriverVersion: 131.0.6778.204 (52183f9e99a..., userDataDir: C:\Users\INGRID~1.ZAD\AppDa...}, fedcm:accounts: true, goog:chromeOptions: {debuggerAddress: localhost:62547}, networkConnectionEnabled: false, pageLoadStrategy: normal, platformName: windows, proxy: Proxy(), se:cdp: ws://localhost:62547/devtoo..., se:cdpVersion: 131.0.6778.205, setWindowRect: true, strictFileInteractability: false, timeouts: {implicit: 0, pageLoad: 300000, script: 30000}, unhandledPromptBehavior: dismiss and notify, webauthn:extension:credBlob: true, webauthn:extension:largeBlob: true, webauthn:extension:minPinLength: true, webauthn:extension:prf: true, webauthn:virtualAuthenticators: true}
Session ID: 580fba6bd60d3567b8bf20722a882c56
	at java.base/jdk.internal.reflect.DirectConstructorHandleAccessor.newInstance(DirectConstructorHandleAccessor.java:62)
	at java.base/java.lang.reflect.Constructor.newInstanceWithCaller(Constructor.java:502)
	at java.base/java.lang.reflect.Constructor.newInstance(Constructor.java:486)
	at org.openqa.selenium.remote.ErrorCodec.decode(ErrorCodec.java:167)
	at org.openqa.selenium.remote.codec.w3c.W3CHttpResponseCodec.decode(W3CHttpResponseCodec.java:138)
	at org.openqa.selenium.remote.codec.w3c.W3CHttpResponseCodec.decode(W3CHttpResponseCodec.java:50)
	at org.openqa.selenium.remote.HttpCommandExecutor.execute(HttpCommandExecutor.java:190)
	at org.openqa.selenium.remote.service.DriverCommandExecutor.invokeExecute(DriverCommandExecutor.java:216)
	at org.openqa.selenium.remote.service.DriverCommandExecutor.execute(DriverCommandExecutor.java:174)
	at org.openqa.selenium.remote.RemoteWebDriver.execute(RemoteWebDriver.java:545)
	at org.openqa.selenium.remote.ElementLocation$ElementFinder$2.findElements(ElementLocation.java:182)
	at org.openqa.selenium.remote.ElementLocation.findElements(ElementLocation.java:103)
	at org.openqa.selenium.remote.RemoteWebDriver.findElements(RemoteWebDriver.java:381)
	at org.openqa.selenium.remote.RemoteWebDriver.findElements(RemoteWebDriver.java:375)
	at org.openqa.selenium.support.pagefactory.DefaultElementLocator.findElements(DefaultElementLocator.java:83)
	at org.openqa.selenium.support.pagefactory.internal.LocatingElementListHandler.invoke(LocatingElementListHandler.java:36)
	at jdk.proxy2/jdk.proxy2.$Proxy15.size(Unknown Source)
	at lt.insoft.uztis.pages.ApplicationFormsPage.selectValueAndEnterText(ApplicationFormsPage.java:409)
	at lt.insoft.uztis.tests.ApplicationFormsPageTest.testCreateNewVuiApplication(ApplicationFormsPageTest.java:115)
	at java.base/jdk.internal.reflect.DirectMethodHandleAccessor.invoke(DirectMethodHandleAccessor.java:103)
	at java.base/java.lang.reflect.Method.invoke(Method.java:580)
	at org.junit.platform.commons.util.ReflectionUtils.invokeMethod(ReflectionUtils.java:728)
	at org.junit.jupiter.engine.execution.MethodInvocation.proceed(MethodInvocation.java:60)
	at org.junit.jupiter.engine.execution.InvocationInterceptorChain$ValidatingInvocation.proceed(InvocationInterceptorChain.java:131)
	at org.junit.jupiter.engine.extension.TimeoutExtension.intercept(TimeoutExtension.java:156)
	at org.junit.jupiter.engine.extension.TimeoutExtension.interceptTestableMethod(TimeoutExtension.java:147)
	at org.junit.jupiter.engine.extension.TimeoutExtension.interceptTestMethod(TimeoutExtension.java:86)
	at org.junit.jupiter.engine.execution.InterceptingExecutableInvoker$ReflectiveInterceptorCall.lambda$ofVoidMethod$0(InterceptingExecutableInvoker.java:103)
	at org.junit.jupiter.engine.execution.InterceptingExecutableInvoker.lambda$invoke$0(InterceptingExecutableInvoker.java:93)
	at org.junit.jupiter.engine.execution.InvocationInterceptorChain$InterceptedInvocation.proceed(InvocationInterceptorChain.java:106)
	at org.junit.jupiter.engine.execution.InvocationInterceptorChain.proceed(InvocationInterceptorChain.java:64)
	at org.junit.jupiter.engine.execution.InvocationInterceptorChain.chainAndInvoke(InvocationInterceptorChain.java:45)
	at org.junit.jupiter.engine.execution.InvocationInterceptorChain.invoke(InvocationInterceptorChain.java:37)
	at org.junit.jupiter.engine.execution.InterceptingExecutableInvoker.invoke(InterceptingExecutableInvoker.java:92)
	at org.junit.jupiter.engine.execution.InterceptingExecutableInvoker.invoke(InterceptingExecutableInvoker.java:86)
	at org.junit.jupiter.engine.descriptor.TestMethodTestDescriptor.lambda$invokeTestMethod$7(TestMethodTestDescriptor.java:218)
	at org.junit.platform.engine.support.hierarchical.ThrowableCollector.execute(ThrowableCollector.java:73)
	at org.junit.jupiter.engine.descriptor.TestMethodTestDescriptor.invokeTestMethod(TestMethodTestDescriptor.java:214)
	at org.junit.jupiter.engine.descriptor.TestMethodTestDescriptor.execute(TestMethodTestDescriptor.java:139)
	at org.junit.jupiter.engine.descriptor.TestMethodTestDescriptor.execute(TestMethodTestDescriptor.java:69)
	at org.junit.platform.engine.support.hierarchical.NodeTestTask.lambda$executeRecursively$6(NodeTestTask.java:151)
	at org.junit.platform.engine.support.hierarchical.ThrowableCollector.execute(ThrowableCollector.java:73)
	at org.junit.platform.engine.support.hierarchical.NodeTestTask.lambda$executeRecursively$8(NodeTestTask.java:141)
	at org.junit.platform.engine.support.hierarchical.Node.around(Node.java:137)
	at org.junit.platform.engine.support.hierarchical.NodeTestTask.lambda$executeRecursively$9(NodeTestTask.java:139)
	at org.junit.platform.engine.support.hierarchical.ThrowableCollector.execute(ThrowableCollector.java:73)
	at org.junit.platform.engine.support.hierarchical.NodeTestTask.executeRecursively(NodeTestTask.java:138)
	at org.junit.platform.engine.support.hierarchical.NodeTestTask.execute(NodeTestTask.java:95)
	at java.base/java.util.ArrayList.forEach(ArrayList.java:1596)
	at org.junit.platform.engine.support.hierarchical.SameThreadHierarchicalTestExecutorService.invokeAll(SameThreadHierarchicalTestExecutorService.java:41)
	at org.junit.platform.engine.support.hierarchical.NodeTestTask.lambda$executeRecursively$6(NodeTestTask.java:155)
	at org.junit.platform.engine.support.hierarchical.ThrowableCollector.execute(ThrowableCollector.java:73)
	at org.junit.platform.engine.support.hierarchical.NodeTestTask.lambda$executeRecursively$8(NodeTestTask.java:141)
	at org.junit.platform.engine.support.hierarchical.Node.around(Node.java:137)
	at org.junit.platform.engine.support.hierarchical.NodeTestTask.lambda$executeRecursively$9(NodeTestTask.java:139)
	at org.junit.platform.engine.support.hierarchical.ThrowableCollector.execute(ThrowableCollector.java:73)
	at org.junit.platform.engine.support.hierarchical.NodeTestTask.executeRecursively(NodeTestTask.java:138)
	at org.junit.platform.engine.support.hierarchical.NodeTestTask.execute(NodeTestTask.java:95)
	at java.base/java.util.ArrayList.forEach(ArrayList.java:1596)
	at org.junit.platform.engine.support.hierarchical.SameThreadHierarchicalTestExecutorService.invokeAll(SameThreadHierarchicalTestExecutorService.java:41)
	at org.junit.platform.engine.support.hierarchical.NodeTestTask.lambda$executeRecursively$6(NodeTestTask.java:155)
	at org.junit.platform.engine.support.hierarchical.ThrowableCollector.execute(ThrowableCollector.java:73)
	at org.junit.platform.engine.support.hierarchical.NodeTestTask.lambda$executeRecursively$8(NodeTestTask.java:141)
	at org.junit.platform.engine.support.hierarchical.Node.around(Node.java:137)
	at org.junit.platform.engine.support.hierarchical.NodeTestTask.lambda$executeRecursively$9(NodeTestTask.java:139)
	at org.junit.platform.engine.support.hierarchical.ThrowableCollector.execute(ThrowableCollector.java:73)
	at org.junit.platform.engine.support.hierarchical.NodeTestTask.executeRecursively(NodeTestTask.java:138)
	at org.junit.platform.engine.support.hierarchical.NodeTestTask.execute(NodeTestTask.java:95)
	at org.junit.platform.engine.support.hierarchical.SameThreadHierarchicalTestExecutorService.submit(SameThreadHierarchicalTestExecutorService.java:35)
	at org.junit.platform.engine.support.hierarchical.HierarchicalTestExecutor.execute(HierarchicalTestExecutor.java:57)
	at org.junit.platform.engine.support.hierarchical.HierarchicalTestEngine.execute(HierarchicalTestEngine.java:54)
	at org.junit.platform.launcher.core.EngineExecutionOrchestrator.execute(EngineExecutionOrchestrator.java:198)
	at org.junit.platform.launcher.core.EngineExecutionOrchestrator.execute(EngineExecutionOrchestrator.java:169)
	at org.junit.platform.launcher.core.EngineExecutionOrchestrator.execute(EngineExecutionOrchestrator.java:93)
	at org.junit.platform.launcher.core.EngineExecutionOrchestrator.lambda$execute$0(EngineExecutionOrchestrator.java:58)
	at org.junit.platform.launcher.core.EngineExecutionOrchestrator.withInterceptedStreams(EngineExecutionOrchestrator.java:141)
	at org.junit.platform.launcher.core.EngineExecutionOrchestrator.execute(EngineExecutionOrchestrator.java:57)
	at org.junit.platform.launcher.core.DefaultLauncher.execute(DefaultLauncher.java:103)
	at org.junit.platform.launcher.core.DefaultLauncher.execute(DefaultLauncher.java:85)
	at org.junit.platform.launcher.core.DelegatingLauncher.execute(DelegatingLauncher.java:47)
	at org.junit.platform.launcher.core.SessionPerRequestLauncher.execute(SessionPerRequestLauncher.java:63)
	at com.intellij.junit5.JUnit5IdeaTestRunner.startRunnerWithArgs(JUnit5IdeaTestRunner.java:57)
	at com.intellij.rt.junit.IdeaTestRunner$Repeater$1.execute(IdeaTestRunner.java:38)
	at com.intellij.rt.execution.junit.TestsRepeater.repeat(TestsRepeater.java:11)
	at com.intellij.rt.junit.IdeaTestRunner$Repeater.startRunnerWithArgs(IdeaTestRunner.java:35)
	at com.intellij.rt.junit.JUnitStarter.prepareStreamsAndStart(JUnitStarter.java:232)
	at com.intellij.rt.junit.JUnitStarter.main(JUnitStarter.java:55)
2025-01-02 13:02:49 [main] INFO  lt.insoft.uztis.tests.UztisPageTest - Navigated to https://uztisdev.asseco.lt/home
2025-01-02 13:02:49 [main] INFO  l.i.u.tests.ApplicationFormsPageTest - Setup complete. ApplicationFormsPage initialized.
2025-01-02 13:02:49 [main] INFO  l.i.u.tests.ApplicationFormsPageTest - Starting test:'testCreateNewVuiApplication'
2025-01-02 13:02:49 [main] DEBUG l.i.u.tests.ApplicationFormsPageTest - Opened 'Application Processing' menu.
2025-01-02 13:02:49 [main] DEBUG l.i.u.tests.ApplicationFormsPageTest - Clicked on 'Application Forms' menu.
2025-01-02 13:02:50 [main] DEBUG l.i.u.tests.ApplicationFormsPageTest - Clicked to create a new application form.
2025-01-02 13:02:50 [main] DEBUG l.i.u.tests.ApplicationFormsPageTest - Entered random application code: TST-64
2025-01-02 13:02:50 [main] DEBUG l.i.u.tests.ApplicationFormsPageTest - Selected 'Section' radio button.
2025-01-02 13:02:50 [main] INFO  l.i.uztis.pages.ApplicationFormsPage - Located the dropdown button.
2025-01-02 13:02:51 [main] INFO  l.i.uztis.pages.ApplicationFormsPage - Successfully selected the value: 'Skyrius 1'
2025-01-02 13:03:01 [main] ERROR l.i.uztis.pages.ApplicationFormsPage - Failed to close the dropdown with aria-expanded = 'false'.
2025-01-02 13:03:01 [main] DEBUG l.i.u.tests.ApplicationFormsPageTest - Selected a value from the 'Section' dropdown: 'Skyrius 1'
2025-01-02 13:03:01 [main] DEBUG l.i.u.tests.ApplicationFormsPageTest - Selected 'Budget by Municipality' option.
2025-01-02 13:03:01 [main] DEBUG l.i.u.tests.ApplicationFormsPageTest - Selected 'Financed Without Queue' option.
2025-01-02 13:03:01 [main] DEBUG l.i.u.tests.ApplicationFormsPageTest - Clicked 'Add' button.
2025-01-02 13:03:01 [main] INFO  l.i.uztis.pages.ApplicationFormsPage - Located the dropdown button.
2025-01-02 13:03:02 [main] INFO  l.i.uztis.pages.ApplicationFormsPage - Successfully selected the value: 'VUI paraiškos vertinimo forma - I etapas'
2025-01-02 13:03:12 [main] ERROR l.i.uztis.pages.ApplicationFormsPage - Failed to close the dropdown with aria-expanded = 'false'.
2025-01-02 13:03:12 [main] DEBUG l.i.u.tests.ApplicationFormsPageTest - Selected a value from the 'Section' dropdown: 'VUI paraiškos vertinimo forma - I etapas'
2025-01-02 13:03:12 [main] INFO  l.i.uztis.pages.ApplicationFormsPage - Located the dropdown button.
2025-01-02 13:03:12 [main] INFO  l.i.uztis.pages.ApplicationFormsPage - Successfully selected the value: 'VUI paraiškos vertinimo forma - II etapas'
2025-01-02 13:03:23 [main] ERROR l.i.uztis.pages.ApplicationFormsPage - Failed to close the dropdown with aria-expanded = 'false'.
2025-01-02 13:03:23 [main] DEBUG l.i.u.tests.ApplicationFormsPageTest - Selected a value from the 'Section' dropdown: 'VUI paraiškos vertinimo forma - II etapas'
2025-01-02 13:03:23 [main] INFO  l.i.uztis.pages.ApplicationFormsPage - Located the dropdown button.
2025-01-02 13:03:23 [main] INFO  l.i.uztis.pages.ApplicationFormsPage - Successfully selected the value: 'VUI paraiškos vertinimo forma - III etapas'
2025-01-02 13:03:33 [main] ERROR l.i.uztis.pages.ApplicationFormsPage - Failed to close the dropdown with aria-expanded = 'false'.
2025-01-02 13:03:33 [main] DEBUG l.i.u.tests.ApplicationFormsPageTest - Selected a value from the 'Section' dropdown: 'VUI paraiškos vertinimo forma - III etapas'
2025-01-02 13:03:33 [main] DEBUG l.i.u.tests.ApplicationFormsPageTest - Selected values from evaluation dropdowns.
2025-01-02 13:03:33 [main] DEBUG l.i.u.tests.ApplicationFormsPageTest - Clicked 'Plus' button.
2025-01-02 13:03:34 [main] DEBUG l.i.u.tests.ApplicationFormsPageTest - Clicked 'Add' button seven times.
2025-01-02 13:03:34 [main] INFO  l.i.uztis.pages.ApplicationFormsPage - Processing dropdown index: 0
2025-01-02 13:03:45 [main] ERROR l.i.uztis.pages.ApplicationFormsPage - Timeout while waiting for dropdown to close at index: 0 with aria-expanded = 'false'
2025-01-02 13:03:45 [main] ERROR l.i.u.tests.ApplicationFormsPageTest - Test 'testCreateNewVuiApplication' failed with error: no such window: target window already closed
from unknown error: web view not found
  (Session info: chrome=131.0.6778.205)
Build info: version: '4.27.0', revision: 'd6e718d134'
System info: os.name: 'Windows 11', os.arch: 'amd64', os.version: '10.0', java.version: '21.0.3'
Driver info: org.openqa.selenium.chrome.ChromeDriver
Command: [1a98f2aa80bdb4656981301a290b48bb, findElements {value=//mat-label[contains(text(), 'Nustatymas')], using=xpath}]
Capabilities {acceptInsecureCerts: false, browserName: chrome, browserVersion: 131.0.6778.205, chrome: {chromedriverVersion: 131.0.6778.204 (52183f9e99a..., userDataDir: C:\Users\INGRID~1.ZAD\AppDa...}, fedcm:accounts: true, goog:chromeOptions: {debuggerAddress: localhost:62787}, networkConnectionEnabled: false, pageLoadStrategy: normal, platformName: windows, proxy: Proxy(), se:cdp: ws://localhost:62787/devtoo..., se:cdpVersion: 131.0.6778.205, setWindowRect: true, strictFileInteractability: false, timeouts: {implicit: 0, pageLoad: 300000, script: 30000}, unhandledPromptBehavior: dismiss and notify, webauthn:extension:credBlob: true, webauthn:extension:largeBlob: true, webauthn:extension:minPinLength: true, webauthn:extension:prf: true, webauthn:virtualAuthenticators: true}
Session ID: 1a98f2aa80bdb4656981301a290b48bb
org.openqa.selenium.NoSuchWindowException: no such window: target window already closed
from unknown error: web view not found
  (Session info: chrome=131.0.6778.205)
Build info: version: '4.27.0', revision: 'd6e718d134'
System info: os.name: 'Windows 11', os.arch: 'amd64', os.version: '10.0', java.version: '21.0.3'
Driver info: org.openqa.selenium.chrome.ChromeDriver
Command: [1a98f2aa80bdb4656981301a290b48bb, findElements {value=//mat-label[contains(text(), 'Nustatymas')], using=xpath}]
Capabilities {acceptInsecureCerts: false, browserName: chrome, browserVersion: 131.0.6778.205, chrome: {chromedriverVersion: 131.0.6778.204 (52183f9e99a..., userDataDir: C:\Users\INGRID~1.ZAD\AppDa...}, fedcm:accounts: true, goog:chromeOptions: {debuggerAddress: localhost:62787}, networkConnectionEnabled: false, pageLoadStrategy: normal, platformName: windows, proxy: Proxy(), se:cdp: ws://localhost:62787/devtoo..., se:cdpVersion: 131.0.6778.205, setWindowRect: true, strictFileInteractability: false, timeouts: {implicit: 0, pageLoad: 300000, script: 30000}, unhandledPromptBehavior: dismiss and notify, webauthn:extension:credBlob: true, webauthn:extension:largeBlob: true, webauthn:extension:minPinLength: true, webauthn:extension:prf: true, webauthn:virtualAuthenticators: true}
Session ID: 1a98f2aa80bdb4656981301a290b48bb
	at java.base/jdk.internal.reflect.DirectConstructorHandleAccessor.newInstance(DirectConstructorHandleAccessor.java:62)
	at java.base/java.lang.reflect.Constructor.newInstanceWithCaller(Constructor.java:502)
	at java.base/java.lang.reflect.Constructor.newInstance(Constructor.java:486)
	at org.openqa.selenium.remote.ErrorCodec.decode(ErrorCodec.java:167)
	at org.openqa.selenium.remote.codec.w3c.W3CHttpResponseCodec.decode(W3CHttpResponseCodec.java:138)
	at org.openqa.selenium.remote.codec.w3c.W3CHttpResponseCodec.decode(W3CHttpResponseCodec.java:50)
	at org.openqa.selenium.remote.HttpCommandExecutor.execute(HttpCommandExecutor.java:190)
	at org.openqa.selenium.remote.service.DriverCommandExecutor.invokeExecute(DriverCommandExecutor.java:216)
	at org.openqa.selenium.remote.service.DriverCommandExecutor.execute(DriverCommandExecutor.java:174)
	at org.openqa.selenium.remote.RemoteWebDriver.execute(RemoteWebDriver.java:545)
	at org.openqa.selenium.remote.ElementLocation$ElementFinder$2.findElements(ElementLocation.java:182)
	at org.openqa.selenium.remote.ElementLocation.findElements(ElementLocation.java:103)
	at org.openqa.selenium.remote.RemoteWebDriver.findElements(RemoteWebDriver.java:381)
	at org.openqa.selenium.remote.RemoteWebDriver.findElements(RemoteWebDriver.java:375)
	at org.openqa.selenium.support.pagefactory.DefaultElementLocator.findElements(DefaultElementLocator.java:83)
	at org.openqa.selenium.support.pagefactory.internal.LocatingElementListHandler.invoke(LocatingElementListHandler.java:36)
	at jdk.proxy2/jdk.proxy2.$Proxy15.size(Unknown Source)
	at lt.insoft.uztis.pages.ApplicationFormsPage.selectValueAndEnterText(ApplicationFormsPage.java:465)
	at lt.insoft.uztis.tests.ApplicationFormsPageTest.testCreateNewVuiApplication(ApplicationFormsPageTest.java:123)
	at java.base/jdk.internal.reflect.DirectMethodHandleAccessor.invoke(DirectMethodHandleAccessor.java:103)
	at java.base/java.lang.reflect.Method.invoke(Method.java:580)
	at org.junit.platform.commons.util.ReflectionUtils.invokeMethod(ReflectionUtils.java:728)
	at org.junit.jupiter.engine.execution.MethodInvocation.proceed(MethodInvocation.java:60)
	at org.junit.jupiter.engine.execution.InvocationInterceptorChain$ValidatingInvocation.proceed(InvocationInterceptorChain.java:131)
	at org.junit.jupiter.engine.extension.TimeoutExtension.intercept(TimeoutExtension.java:156)
	at org.junit.jupiter.engine.extension.TimeoutExtension.interceptTestableMethod(TimeoutExtension.java:147)
	at org.junit.jupiter.engine.extension.TimeoutExtension.interceptTestMethod(TimeoutExtension.java:86)
	at org.junit.jupiter.engine.execution.InterceptingExecutableInvoker$ReflectiveInterceptorCall.lambda$ofVoidMethod$0(InterceptingExecutableInvoker.java:103)
	at org.junit.jupiter.engine.execution.InterceptingExecutableInvoker.lambda$invoke$0(InterceptingExecutableInvoker.java:93)
	at org.junit.jupiter.engine.execution.InvocationInterceptorChain$InterceptedInvocation.proceed(InvocationInterceptorChain.java:106)
	at org.junit.jupiter.engine.execution.InvocationInterceptorChain.proceed(InvocationInterceptorChain.java:64)
	at org.junit.jupiter.engine.execution.InvocationInterceptorChain.chainAndInvoke(InvocationInterceptorChain.java:45)
	at org.junit.jupiter.engine.execution.InvocationInterceptorChain.invoke(InvocationInterceptorChain.java:37)
	at org.junit.jupiter.engine.execution.InterceptingExecutableInvoker.invoke(InterceptingExecutableInvoker.java:92)
	at org.junit.jupiter.engine.execution.InterceptingExecutableInvoker.invoke(InterceptingExecutableInvoker.java:86)
	at org.junit.jupiter.engine.descriptor.TestMethodTestDescriptor.lambda$invokeTestMethod$7(TestMethodTestDescriptor.java:218)
	at org.junit.platform.engine.support.hierarchical.ThrowableCollector.execute(ThrowableCollector.java:73)
	at org.junit.jupiter.engine.descriptor.TestMethodTestDescriptor.invokeTestMethod(TestMethodTestDescriptor.java:214)
	at org.junit.jupiter.engine.descriptor.TestMethodTestDescriptor.execute(TestMethodTestDescriptor.java:139)
	at org.junit.jupiter.engine.descriptor.TestMethodTestDescriptor.execute(TestMethodTestDescriptor.java:69)
	at org.junit.platform.engine.support.hierarchical.NodeTestTask.lambda$executeRecursively$6(NodeTestTask.java:151)
	at org.junit.platform.engine.support.hierarchical.ThrowableCollector.execute(ThrowableCollector.java:73)
	at org.junit.platform.engine.support.hierarchical.NodeTestTask.lambda$executeRecursively$8(NodeTestTask.java:141)
	at org.junit.platform.engine.support.hierarchical.Node.around(Node.java:137)
	at org.junit.platform.engine.support.hierarchical.NodeTestTask.lambda$executeRecursively$9(NodeTestTask.java:139)
	at org.junit.platform.engine.support.hierarchical.ThrowableCollector.execute(ThrowableCollector.java:73)
	at org.junit.platform.engine.support.hierarchical.NodeTestTask.executeRecursively(NodeTestTask.java:138)
	at org.junit.platform.engine.support.hierarchical.NodeTestTask.execute(NodeTestTask.java:95)
	at java.base/java.util.ArrayList.forEach(ArrayList.java:1596)
	at org.junit.platform.engine.support.hierarchical.SameThreadHierarchicalTestExecutorService.invokeAll(SameThreadHierarchicalTestExecutorService.java:41)
	at org.junit.platform.engine.support.hierarchical.NodeTestTask.lambda$executeRecursively$6(NodeTestTask.java:155)
	at org.junit.platform.engine.support.hierarchical.ThrowableCollector.execute(ThrowableCollector.java:73)
	at org.junit.platform.engine.support.hierarchical.NodeTestTask.lambda$executeRecursively$8(NodeTestTask.java:141)
	at org.junit.platform.engine.support.hierarchical.Node.around(Node.java:137)
	at org.junit.platform.engine.support.hierarchical.NodeTestTask.lambda$executeRecursively$9(NodeTestTask.java:139)
	at org.junit.platform.engine.support.hierarchical.ThrowableCollector.execute(ThrowableCollector.java:73)
	at org.junit.platform.engine.support.hierarchical.NodeTestTask.executeRecursively(NodeTestTask.java:138)
	at org.junit.platform.engine.support.hierarchical.NodeTestTask.execute(NodeTestTask.java:95)
	at java.base/java.util.ArrayList.forEach(ArrayList.java:1596)
	at org.junit.platform.engine.support.hierarchical.SameThreadHierarchicalTestExecutorService.invokeAll(SameThreadHierarchicalTestExecutorService.java:41)
	at org.junit.platform.engine.support.hierarchical.NodeTestTask.lambda$executeRecursively$6(NodeTestTask.java:155)
	at org.junit.platform.engine.support.hierarchical.ThrowableCollector.execute(ThrowableCollector.java:73)
	at org.junit.platform.engine.support.hierarchical.NodeTestTask.lambda$executeRecursively$8(NodeTestTask.java:141)
	at org.junit.platform.engine.support.hierarchical.Node.around(Node.java:137)
	at org.junit.platform.engine.support.hierarchical.NodeTestTask.lambda$executeRecursively$9(NodeTestTask.java:139)
	at org.junit.platform.engine.support.hierarchical.ThrowableCollector.execute(ThrowableCollector.java:73)
	at org.junit.platform.engine.support.hierarchical.NodeTestTask.executeRecursively(NodeTestTask.java:138)
	at org.junit.platform.engine.support.hierarchical.NodeTestTask.execute(NodeTestTask.java:95)
	at org.junit.platform.engine.support.hierarchical.SameThreadHierarchicalTestExecutorService.submit(SameThreadHierarchicalTestExecutorService.java:35)
	at org.junit.platform.engine.support.hierarchical.HierarchicalTestExecutor.execute(HierarchicalTestExecutor.java:57)
	at org.junit.platform.engine.support.hierarchical.HierarchicalTestEngine.execute(HierarchicalTestEngine.java:54)
	at org.junit.platform.launcher.core.EngineExecutionOrchestrator.execute(EngineExecutionOrchestrator.java:198)
	at org.junit.platform.launcher.core.EngineExecutionOrchestrator.execute(EngineExecutionOrchestrator.java:169)
	at org.junit.platform.launcher.core.EngineExecutionOrchestrator.execute(EngineExecutionOrchestrator.java:93)
	at org.junit.platform.launcher.core.EngineExecutionOrchestrator.lambda$execute$0(EngineExecutionOrchestrator.java:58)
	at org.junit.platform.launcher.core.EngineExecutionOrchestrator.withInterceptedStreams(EngineExecutionOrchestrator.java:141)
	at org.junit.platform.launcher.core.EngineExecutionOrchestrator.execute(EngineExecutionOrchestrator.java:57)
	at org.junit.platform.launcher.core.DefaultLauncher.execute(DefaultLauncher.java:103)
	at org.junit.platform.launcher.core.DefaultLauncher.execute(DefaultLauncher.java:85)
	at org.junit.platform.launcher.core.DelegatingLauncher.execute(DelegatingLauncher.java:47)
	at org.junit.platform.launcher.core.SessionPerRequestLauncher.execute(SessionPerRequestLauncher.java:63)
	at com.intellij.junit5.JUnit5IdeaTestRunner.startRunnerWithArgs(JUnit5IdeaTestRunner.java:57)
	at com.intellij.rt.junit.IdeaTestRunner$Repeater$1.execute(IdeaTestRunner.java:38)
	at com.intellij.rt.execution.junit.TestsRepeater.repeat(TestsRepeater.java:11)
	at com.intellij.rt.junit.IdeaTestRunner$Repeater.startRunnerWithArgs(IdeaTestRunner.java:35)
	at com.intellij.rt.junit.JUnitStarter.prepareStreamsAndStart(JUnitStarter.java:232)
	at com.intellij.rt.junit.JUnitStarter.main(JUnitStarter.java:55)
2025-01-02 13:44:19 [main] INFO  lt.insoft.uztis.tests.UztisPageTest - Navigated to https://uztisdev.asseco.lt/home
2025-01-02 13:44:19 [main] INFO  l.i.uztis.tests.InvitationsPageTest - Starting test:'testCreateNewVuiInvitationDraft'
2025-01-02 13:44:19 [main] DEBUG l.i.uztis.tests.InvitationsPageTest - Opened 'Application Processing' menu.
2025-01-02 13:44:20 [main] DEBUG l.i.uztis.tests.InvitationsPageTest - Clicked on 'Application Forms' menu.
2025-01-02 13:44:20 [main] DEBUG l.i.uztis.tests.InvitationsPageTest - Retrieved last description code text: 'TST-85'.
2025-01-02 13:44:20 [main] DEBUG l.i.uztis.tests.InvitationsPageTest - Clicked on 'Invitation' menu.
2025-01-02 13:44:20 [main] DEBUG l.i.uztis.tests.InvitationsPageTest - Clicked 'Create New Application Form'.
2025-01-02 13:44:21 [main] DEBUG l.i.uztis.tests.InvitationsPageTest - Selected section by code: 'TST-85'.
2025-01-02 13:44:22 [main] DEBUG l.i.uztis.tests.InvitationsPageTest - Selected invitation number from the list.
2025-01-02 13:44:22 [main] DEBUG l.i.uztis.tests.InvitationsPageTest - Entered current date.
2025-01-02 13:44:22 [main] DEBUG l.i.uztis.tests.InvitationsPageTest - Entered start time: 00:00.
2025-01-02 13:44:23 [main] DEBUG l.i.uztis.tests.InvitationsPageTest - Entered end date.
2025-01-02 13:44:23 [main] DEBUG l.i.uztis.tests.InvitationsPageTest - Entered end time: 11:11.
2025-01-02 13:44:23 [main] DEBUG l.i.uztis.tests.InvitationsPageTest - Draft saved.
2025-01-02 13:44:23 [main] DEBUG l.i.uztis.tests.InvitationsPageTest - Verified success message: 'Duomenys sėkmingai išsaugoti.'
2025-01-02 13:44:23 [main] INFO  l.i.uztis.tests.InvitationsPageTest - Test 'testCreateNewVuiInvitationDraft' completed successfully.
2025-01-02 13:44:35 [main] INFO  lt.insoft.uztis.tests.UztisPageTest - Navigated to https://uztisdev.asseco.lt/home
2025-01-02 13:44:35 [main] INFO  l.i.uztis.tests.InvitationsPageTest - Starting test:'testEditAndPublishVuiInvitationDraft'
2025-01-02 13:44:35 [main] DEBUG l.i.uztis.tests.InvitationsPageTest - Opened 'Application Processing' menu.
2025-01-02 13:44:35 [main] DEBUG l.i.uztis.tests.InvitationsPageTest - Clicked on 'Application Forms' menu.
2025-01-02 13:44:36 [main] DEBUG l.i.uztis.tests.InvitationsPageTest - Retrieved last description code text: 'TST-85'.
2025-01-02 13:44:36 [main] DEBUG l.i.uztis.tests.InvitationsPageTest - Clicked on 'Invitation' menu.
2025-01-02 13:44:36 [main] DEBUG l.i.uztis.tests.InvitationsPageTest - Selected section by code: 'TST-85'.
2025-01-02 13:44:36 [main] DEBUG l.i.uztis.tests.InvitationsPageTest - Clicked 'Search'.
2025-01-02 13:44:37 [main] DEBUG l.i.uztis.tests.InvitationsPageTest - Clicked 'InvitationDraft'.
2025-01-02 13:44:37 [main] DEBUG l.i.uztis.tests.InvitationsPageTest - Clicked 'Edit'.
2025-01-02 13:44:38 [main] DEBUG l.i.uztis.tests.InvitationsPageTest - Entered publication end date.
2025-01-02 13:44:38 [main] DEBUG l.i.uztis.tests.InvitationsPageTest - Added additional values.
2025-01-02 13:44:38 [main] INFO  l.insoft.uztis.pages.InvitationsPage - Located the dropdown button.
2025-01-02 13:44:38 [main] INFO  l.insoft.uztis.pages.InvitationsPage - Successfully selected the value: 'Didžiausia galima paramos suma aplinkos darbo vietai, Eur'
2025-01-02 13:44:49 [main] ERROR l.insoft.uztis.pages.InvitationsPage - Timeout while waiting for dropdown to close with aria-expanded = 'false'.
2025-01-02 13:44:49 [main] DEBUG l.i.uztis.tests.InvitationsPageTest - Selected the value: 'Didžiausia galima paramos suma aplinkos darbo vietai, Eur'
2025-01-02 13:44:49 [main] DEBUG l.i.uztis.tests.InvitationsPageTest - Entered values: first, second, and third.
2025-01-02 13:44:49 [main] DEBUG l.i.uztis.tests.InvitationsPageTest - Checked 'Legal Entities' checkbox.
2025-01-02 13:44:50 [main] DEBUG l.i.uztis.tests.InvitationsPageTest - Unchecked 'Persons Registered with Employment Service' checkbox.
2025-01-02 13:44:50 [main] DEBUG l.i.uztis.tests.InvitationsPageTest - Checked 'Persons Registered as Employers' checkbox.
2025-01-02 13:44:50 [main] DEBUG l.i.uztis.tests.InvitationsPageTest - Entered second evaluation grade: '5'.
2025-01-02 13:44:50 [main] DEBUG l.i.uztis.tests.InvitationsPageTest - Entered third evaluation grade: '6'.
2025-01-02 13:44:50 [main] DEBUG l.i.uztis.tests.InvitationsPageTest - Entered second evaluation grade weight: '0,45'.
2025-01-02 13:44:50 [main] DEBUG l.i.uztis.tests.InvitationsPageTest - Entered third evaluation grade weight: '0,55'.
2025-01-02 13:44:50 [main] DEBUG l.i.uztis.tests.InvitationsPageTest - Entered budget: '2000'.
2025-01-02 13:44:50 [main] DEBUG l.i.uztis.tests.InvitationsPageTest - Entered description text: 'Aprašo tekstas'.
2025-01-02 13:44:51 [main] DEBUG l.i.uztis.tests.InvitationsPageTest - Entered applicants text: 'Pareiškėjų tekstas'.
2025-01-02 13:44:51 [main] DEBUG l.i.uztis.tests.InvitationsPageTest - Entered expenditures text: 'Išlaidų tekstas'.
2025-01-02 13:44:51 [main] DEBUG l.i.uztis.tests.InvitationsPageTest - Entered legislation text: 'Teisės aktų tekstas'.
2025-01-02 13:44:51 [main] DEBUG l.i.uztis.tests.InvitationsPageTest - Entered education text: 'Mokymų tekstas'.
2025-01-02 13:44:51 [main] DEBUG l.i.uztis.tests.InvitationsPageTest - File uploaded.
2025-01-02 13:44:51 [main] DEBUG l.i.uztis.tests.InvitationsPageTest - Clicked 'Publish'.
2025-01-02 13:45:01 [main] ERROR l.i.uztis.tests.InvitationsPageTest - Test 'testEditAndPublishVuiInvitationDraft' failed with error: no such element: Unable to locate element: {"method":"css selector","selector":".reverse-mobile .ng-star-inserted:nth-of-type(2)"}
  (Session info: chrome=131.0.6778.205)
For documentation on this error, please visit: https://www.selenium.dev/documentation/webdriver/troubleshooting/errors#no-such-element-exception
Build info: version: '4.27.0', revision: 'd6e718d134'
System info: os.name: 'Windows 11', os.arch: 'amd64', os.version: '10.0', java.version: '21.0.3'
Driver info: org.openqa.selenium.chrome.ChromeDriver
Command: [fe038bc8ea7907e72881d243838453de, findElement {using=css selector, value=.reverse-mobile .ng-star-inserted:nth-of-type(2)}]
Capabilities {acceptInsecureCerts: false, browserName: chrome, browserVersion: 131.0.6778.205, chrome: {chromedriverVersion: 131.0.6778.204 (52183f9e99a..., userDataDir: C:\Users\INGRID~1.ZAD\AppDa...}, fedcm:accounts: true, goog:chromeOptions: {debuggerAddress: localhost:64082}, networkConnectionEnabled: false, pageLoadStrategy: normal, platformName: windows, proxy: Proxy(), se:cdp: ws://localhost:64082/devtoo..., se:cdpVersion: 131.0.6778.205, setWindowRect: true, strictFileInteractability: false, timeouts: {implicit: 0, pageLoad: 300000, script: 30000}, unhandledPromptBehavior: dismiss and notify, webauthn:extension:credBlob: true, webauthn:extension:largeBlob: true, webauthn:extension:minPinLength: true, webauthn:extension:prf: true, webauthn:virtualAuthenticators: true}
Session ID: fe038bc8ea7907e72881d243838453de
org.openqa.selenium.NoSuchElementException: no such element: Unable to locate element: {"method":"css selector","selector":".reverse-mobile .ng-star-inserted:nth-of-type(2)"}
  (Session info: chrome=131.0.6778.205)
For documentation on this error, please visit: https://www.selenium.dev/documentation/webdriver/troubleshooting/errors#no-such-element-exception
Build info: version: '4.27.0', revision: 'd6e718d134'
System info: os.name: 'Windows 11', os.arch: 'amd64', os.version: '10.0', java.version: '21.0.3'
Driver info: org.openqa.selenium.chrome.ChromeDriver
Command: [fe038bc8ea7907e72881d243838453de, findElement {using=css selector, value=.reverse-mobile .ng-star-inserted:nth-of-type(2)}]
Capabilities {acceptInsecureCerts: false, browserName: chrome, browserVersion: 131.0.6778.205, chrome: {chromedriverVersion: 131.0.6778.204 (52183f9e99a..., userDataDir: C:\Users\INGRID~1.ZAD\AppDa...}, fedcm:accounts: true, goog:chromeOptions: {debuggerAddress: localhost:64082}, networkConnectionEnabled: false, pageLoadStrategy: normal, platformName: windows, proxy: Proxy(), se:cdp: ws://localhost:64082/devtoo..., se:cdpVersion: 131.0.6778.205, setWindowRect: true, strictFileInteractability: false, timeouts: {implicit: 0, pageLoad: 300000, script: 30000}, unhandledPromptBehavior: dismiss and notify, webauthn:extension:credBlob: true, webauthn:extension:largeBlob: true, webauthn:extension:minPinLength: true, webauthn:extension:prf: true, webauthn:virtualAuthenticators: true}
Session ID: fe038bc8ea7907e72881d243838453de
	at java.base/jdk.internal.reflect.DirectConstructorHandleAccessor.newInstance(DirectConstructorHandleAccessor.java:62)
	at java.base/java.lang.reflect.Constructor.newInstanceWithCaller(Constructor.java:502)
	at java.base/java.lang.reflect.Constructor.newInstance(Constructor.java:486)
	at org.openqa.selenium.remote.ErrorCodec.decode(ErrorCodec.java:167)
	at org.openqa.selenium.remote.codec.w3c.W3CHttpResponseCodec.decode(W3CHttpResponseCodec.java:138)
	at org.openqa.selenium.remote.codec.w3c.W3CHttpResponseCodec.decode(W3CHttpResponseCodec.java:50)
	at org.openqa.selenium.remote.HttpCommandExecutor.execute(HttpCommandExecutor.java:190)
	at org.openqa.selenium.remote.service.DriverCommandExecutor.invokeExecute(DriverCommandExecutor.java:216)
	at org.openqa.selenium.remote.service.DriverCommandExecutor.execute(DriverCommandExecutor.java:174)
	at org.openqa.selenium.remote.RemoteWebDriver.execute(RemoteWebDriver.java:545)
	at org.openqa.selenium.remote.ElementLocation$ElementFinder$2.findElement(ElementLocation.java:165)
	at org.openqa.selenium.remote.ElementLocation.findElement(ElementLocation.java:59)
	at org.openqa.selenium.remote.RemoteWebDriver.findElement(RemoteWebDriver.java:368)
	at org.openqa.selenium.remote.RemoteWebDriver.findElement(RemoteWebDriver.java:362)
	at org.openqa.selenium.support.pagefactory.DefaultElementLocator.findElement(DefaultElementLocator.java:68)
	at org.openqa.selenium.support.pagefactory.internal.LocatingElementHandler.invoke(LocatingElementHandler.java:38)
	at jdk.proxy2/jdk.proxy2.$Proxy14.click(Unknown Source)
	at lt.insoft.uztis.pages.InvitationsPage.clickButtonPublicationConfirmation(InvitationsPage.java:438)
	at lt.insoft.uztis.tests.InvitationsPageTest.testEditAndPublishVuiInvitationDraft(InvitationsPageTest.java:245)
	at java.base/jdk.internal.reflect.DirectMethodHandleAccessor.invoke(DirectMethodHandleAccessor.java:103)
	at java.base/java.lang.reflect.Method.invoke(Method.java:580)
	at org.junit.platform.commons.util.ReflectionUtils.invokeMethod(ReflectionUtils.java:728)
	at org.junit.jupiter.engine.execution.MethodInvocation.proceed(MethodInvocation.java:60)
	at org.junit.jupiter.engine.execution.InvocationInterceptorChain$ValidatingInvocation.proceed(InvocationInterceptorChain.java:131)
	at org.junit.jupiter.engine.extension.TimeoutExtension.intercept(TimeoutExtension.java:156)
	at org.junit.jupiter.engine.extension.TimeoutExtension.interceptTestableMethod(TimeoutExtension.java:147)
	at org.junit.jupiter.engine.extension.TimeoutExtension.interceptTestMethod(TimeoutExtension.java:86)
	at org.junit.jupiter.engine.execution.InterceptingExecutableInvoker$ReflectiveInterceptorCall.lambda$ofVoidMethod$0(InterceptingExecutableInvoker.java:103)
	at org.junit.jupiter.engine.execution.InterceptingExecutableInvoker.lambda$invoke$0(InterceptingExecutableInvoker.java:93)
	at org.junit.jupiter.engine.execution.InvocationInterceptorChain$InterceptedInvocation.proceed(InvocationInterceptorChain.java:106)
	at org.junit.jupiter.engine.execution.InvocationInterceptorChain.proceed(InvocationInterceptorChain.java:64)
	at org.junit.jupiter.engine.execution.InvocationInterceptorChain.chainAndInvoke(InvocationInterceptorChain.java:45)
	at org.junit.jupiter.engine.execution.InvocationInterceptorChain.invoke(InvocationInterceptorChain.java:37)
	at org.junit.jupiter.engine.execution.InterceptingExecutableInvoker.invoke(InterceptingExecutableInvoker.java:92)
	at org.junit.jupiter.engine.execution.InterceptingExecutableInvoker.invoke(InterceptingExecutableInvoker.java:86)
	at org.junit.jupiter.engine.descriptor.TestMethodTestDescriptor.lambda$invokeTestMethod$7(TestMethodTestDescriptor.java:218)
	at org.junit.platform.engine.support.hierarchical.ThrowableCollector.execute(ThrowableCollector.java:73)
	at org.junit.jupiter.engine.descriptor.TestMethodTestDescriptor.invokeTestMethod(TestMethodTestDescriptor.java:214)
	at org.junit.jupiter.engine.descriptor.TestMethodTestDescriptor.execute(TestMethodTestDescriptor.java:139)
	at org.junit.jupiter.engine.descriptor.TestMethodTestDescriptor.execute(TestMethodTestDescriptor.java:69)
	at org.junit.platform.engine.support.hierarchical.NodeTestTask.lambda$executeRecursively$6(NodeTestTask.java:151)
	at org.junit.platform.engine.support.hierarchical.ThrowableCollector.execute(ThrowableCollector.java:73)
	at org.junit.platform.engine.support.hierarchical.NodeTestTask.lambda$executeRecursively$8(NodeTestTask.java:141)
	at org.junit.platform.engine.support.hierarchical.Node.around(Node.java:137)
	at org.junit.platform.engine.support.hierarchical.NodeTestTask.lambda$executeRecursively$9(NodeTestTask.java:139)
	at org.junit.platform.engine.support.hierarchical.ThrowableCollector.execute(ThrowableCollector.java:73)
	at org.junit.platform.engine.support.hierarchical.NodeTestTask.executeRecursively(NodeTestTask.java:138)
	at org.junit.platform.engine.support.hierarchical.NodeTestTask.execute(NodeTestTask.java:95)
	at java.base/java.util.ArrayList.forEach(ArrayList.java:1596)
	at org.junit.platform.engine.support.hierarchical.SameThreadHierarchicalTestExecutorService.invokeAll(SameThreadHierarchicalTestExecutorService.java:41)
	at org.junit.platform.engine.support.hierarchical.NodeTestTask.lambda$executeRecursively$6(NodeTestTask.java:155)
	at org.junit.platform.engine.support.hierarchical.ThrowableCollector.execute(ThrowableCollector.java:73)
	at org.junit.platform.engine.support.hierarchical.NodeTestTask.lambda$executeRecursively$8(NodeTestTask.java:141)
	at org.junit.platform.engine.support.hierarchical.Node.around(Node.java:137)
	at org.junit.platform.engine.support.hierarchical.NodeTestTask.lambda$executeRecursively$9(NodeTestTask.java:139)
	at org.junit.platform.engine.support.hierarchical.ThrowableCollector.execute(ThrowableCollector.java:73)
	at org.junit.platform.engine.support.hierarchical.NodeTestTask.executeRecursively(NodeTestTask.java:138)
	at org.junit.platform.engine.support.hierarchical.NodeTestTask.execute(NodeTestTask.java:95)
	at java.base/java.util.ArrayList.forEach(ArrayList.java:1596)
	at org.junit.platform.engine.support.hierarchical.SameThreadHierarchicalTestExecutorService.invokeAll(SameThreadHierarchicalTestExecutorService.java:41)
	at org.junit.platform.engine.support.hierarchical.NodeTestTask.lambda$executeRecursively$6(NodeTestTask.java:155)
	at org.junit.platform.engine.support.hierarchical.ThrowableCollector.execute(ThrowableCollector.java:73)
	at org.junit.platform.engine.support.hierarchical.NodeTestTask.lambda$executeRecursively$8(NodeTestTask.java:141)
	at org.junit.platform.engine.support.hierarchical.Node.around(Node.java:137)
	at org.junit.platform.engine.support.hierarchical.NodeTestTask.lambda$executeRecursively$9(NodeTestTask.java:139)
	at org.junit.platform.engine.support.hierarchical.ThrowableCollector.execute(ThrowableCollector.java:73)
	at org.junit.platform.engine.support.hierarchical.NodeTestTask.executeRecursively(NodeTestTask.java:138)
	at org.junit.platform.engine.support.hierarchical.NodeTestTask.execute(NodeTestTask.java:95)
	at org.junit.platform.engine.support.hierarchical.SameThreadHierarchicalTestExecutorService.submit(SameThreadHierarchicalTestExecutorService.java:35)
	at org.junit.platform.engine.support.hierarchical.HierarchicalTestExecutor.execute(HierarchicalTestExecutor.java:57)
	at org.junit.platform.engine.support.hierarchical.HierarchicalTestEngine.execute(HierarchicalTestEngine.java:54)
	at org.junit.platform.launcher.core.EngineExecutionOrchestrator.execute(EngineExecutionOrchestrator.java:198)
	at org.junit.platform.launcher.core.EngineExecutionOrchestrator.execute(EngineExecutionOrchestrator.java:169)
	at org.junit.platform.launcher.core.EngineExecutionOrchestrator.execute(EngineExecutionOrchestrator.java:93)
	at org.junit.platform.launcher.core.EngineExecutionOrchestrator.lambda$execute$0(EngineExecutionOrchestrator.java:58)
	at org.junit.platform.launcher.core.EngineExecutionOrchestrator.withInterceptedStreams(EngineExecutionOrchestrator.java:141)
	at org.junit.platform.launcher.core.EngineExecutionOrchestrator.execute(EngineExecutionOrchestrator.java:57)
	at org.junit.platform.launcher.core.DefaultLauncher.execute(DefaultLauncher.java:103)
	at org.junit.platform.launcher.core.DefaultLauncher.execute(DefaultLauncher.java:85)
	at org.junit.platform.launcher.core.DelegatingLauncher.execute(DelegatingLauncher.java:47)
	at org.junit.platform.launcher.core.SessionPerRequestLauncher.execute(SessionPerRequestLauncher.java:63)
	at com.intellij.junit5.JUnit5IdeaTestRunner.startRunnerWithArgs(JUnit5IdeaTestRunner.java:57)
	at com.intellij.rt.junit.IdeaTestRunner$Repeater$1.execute(IdeaTestRunner.java:38)
	at com.intellij.rt.execution.junit.TestsRepeater.repeat(TestsRepeater.java:11)
	at com.intellij.rt.junit.IdeaTestRunner$Repeater.startRunnerWithArgs(IdeaTestRunner.java:35)
	at com.intellij.rt.junit.JUnitStarter.prepareStreamsAndStart(JUnitStarter.java:232)
	at com.intellij.rt.junit.JUnitStarter.main(JUnitStarter.java:55)
2025-01-02 13:45:01 [main] INFO  l.insoft.uztis.tests.utils.TestUtils - Screenshot moved to C:\Users\ingrida.zadorozniene\Desktop\Asm\UZTIS\UZTIS_tests\test-output\screenshots\20250102\134501863_testEditAndPublishVuiInvitationDraft().png
2025-01-02 13:48:08 [main] INFO  lt.insoft.uztis.tests.UztisPageTest - Navigated to https://uztisdev.asseco.lt/home
2025-01-02 13:48:08 [main] INFO  l.i.uztis.tests.InvitationsPageTest - Starting test:'testEditAndPublishVuiInvitationDraft'
2025-01-02 13:48:08 [main] DEBUG l.i.uztis.tests.InvitationsPageTest - Opened 'Application Processing' menu.
2025-01-02 13:48:08 [main] DEBUG l.i.uztis.tests.InvitationsPageTest - Clicked on 'Application Forms' menu.
2025-01-02 13:48:09 [main] DEBUG l.i.uztis.tests.InvitationsPageTest - Retrieved last description code text: 'TST-85'.
2025-01-02 13:48:09 [main] DEBUG l.i.uztis.tests.InvitationsPageTest - Clicked on 'Invitation' menu.
2025-01-02 13:48:09 [main] DEBUG l.i.uztis.tests.InvitationsPageTest - Selected section by code: 'TST-85'.
2025-01-02 13:48:09 [main] DEBUG l.i.uztis.tests.InvitationsPageTest - Clicked 'Search'.
2025-01-02 13:48:10 [main] DEBUG l.i.uztis.tests.InvitationsPageTest - Clicked 'InvitationDraft'.
2025-01-02 13:48:10 [main] DEBUG l.i.uztis.tests.InvitationsPageTest - Clicked 'Edit'.
2025-01-02 13:48:11 [main] DEBUG l.i.uztis.tests.InvitationsPageTest - Entered publication end date.
2025-01-02 13:48:11 [main] DEBUG l.i.uztis.tests.InvitationsPageTest - Added additional values.
2025-01-02 13:48:11 [main] INFO  l.insoft.uztis.pages.InvitationsPage - Located the dropdown button.
2025-01-02 13:48:11 [main] INFO  l.insoft.uztis.pages.InvitationsPage - Successfully selected the value: 'Didžiausia galima paramos suma aplinkos darbo vietai, Eur'
2025-01-02 13:48:22 [main] ERROR l.insoft.uztis.pages.InvitationsPage - Timeout while waiting for dropdown to close with aria-expanded = 'false'.
2025-01-02 13:48:22 [main] DEBUG l.i.uztis.tests.InvitationsPageTest - Selected the value: 'Didžiausia galima paramos suma aplinkos darbo vietai, Eur'
2025-01-02 13:48:22 [main] INFO  l.insoft.uztis.pages.InvitationsPage - Located the dropdown button.
2025-01-02 13:48:22 [main] INFO  l.insoft.uztis.pages.InvitationsPage - Successfully selected the value: 'Didžiausia galima paramos suma, Eur'
2025-01-02 13:48:33 [main] ERROR l.insoft.uztis.pages.InvitationsPage - Timeout while waiting for dropdown to close with aria-expanded = 'false'.
2025-01-02 13:48:33 [main] DEBUG l.i.uztis.tests.InvitationsPageTest - Selected the value: 'Didžiausia galima paramos suma, Eur'
2025-01-02 13:48:33 [main] INFO  l.insoft.uztis.pages.InvitationsPage - Located the dropdown button.
2025-01-02 13:48:33 [main] INFO  l.insoft.uztis.pages.InvitationsPage - Successfully selected the value: 'Didžiausia galima paramos suma vienai darbo vietai, Eur'
2025-01-02 13:48:43 [main] ERROR l.insoft.uztis.pages.InvitationsPage - Timeout while waiting for dropdown to close with aria-expanded = 'false'.
2025-01-02 13:48:43 [main] DEBUG l.i.uztis.tests.InvitationsPageTest - Selected the value: 'Didžiausia galima paramos suma vienai darbo vietai, Eur'
2025-01-02 13:48:43 [main] DEBUG l.i.uztis.tests.InvitationsPageTest - Entered value: 11000
2025-01-02 13:48:44 [main] DEBUG l.i.uztis.tests.InvitationsPageTest - Entered value: 12000
2025-01-02 13:48:44 [main] DEBUG l.i.uztis.tests.InvitationsPageTest - Entered value: 13000
2025-01-02 13:48:44 [main] DEBUG l.i.uztis.tests.InvitationsPageTest - Entered values: first, second, and third.
2025-01-02 13:48:44 [main] DEBUG l.i.uztis.tests.InvitationsPageTest - Checked 'Legal Entities' checkbox.
2025-01-02 13:48:44 [main] DEBUG l.i.uztis.tests.InvitationsPageTest - Unchecked 'Persons Registered with Employment Service' checkbox.
2025-01-02 13:48:44 [main] DEBUG l.i.uztis.tests.InvitationsPageTest - Checked 'Persons Registered as Employers' checkbox.
2025-01-02 13:48:44 [main] DEBUG l.i.uztis.tests.InvitationsPageTest - Entered second evaluation grade: '5'.
2025-01-02 13:48:44 [main] DEBUG l.i.uztis.tests.InvitationsPageTest - Entered third evaluation grade: '6'.
2025-01-02 13:48:44 [main] DEBUG l.i.uztis.tests.InvitationsPageTest - Entered second evaluation grade weight: '0,45'.
2025-01-02 13:48:45 [main] DEBUG l.i.uztis.tests.InvitationsPageTest - Entered third evaluation grade weight: '0,55'.
2025-01-02 13:48:45 [main] DEBUG l.i.uztis.tests.InvitationsPageTest - Entered budget: '2000'.
2025-01-02 13:48:45 [main] DEBUG l.i.uztis.tests.InvitationsPageTest - Entered description text: 'Aprašo tekstas'.
2025-01-02 13:48:45 [main] DEBUG l.i.uztis.tests.InvitationsPageTest - Entered applicants text: 'Pareiškėjų tekstas'.
2025-01-02 13:48:45 [main] DEBUG l.i.uztis.tests.InvitationsPageTest - Entered expenditures text: 'Išlaidų tekstas'.
2025-01-02 13:48:45 [main] DEBUG l.i.uztis.tests.InvitationsPageTest - Entered legislation text: 'Teisės aktų tekstas'.
2025-01-02 13:48:45 [main] DEBUG l.i.uztis.tests.InvitationsPageTest - Entered education text: 'Mokymų tekstas'.
2025-01-02 13:48:45 [main] DEBUG l.i.uztis.tests.InvitationsPageTest - File uploaded.
2025-01-02 13:48:45 [main] DEBUG l.i.uztis.tests.InvitationsPageTest - Clicked 'Publish'.
2025-01-02 13:48:48 [main] ERROR l.i.uztis.tests.InvitationsPageTest - Test 'testEditAndPublishVuiInvitationDraft' failed with error: Error communicating with the remote browser. It may have died.
Build info: version: '4.27.0', revision: 'd6e718d134'
System info: os.name: 'Windows 11', os.arch: 'amd64', os.version: '10.0', java.version: '21.0.3'
Driver info: org.openqa.selenium.chrome.ChromeDriver
Command: [252ce25a759fad426ead60854f6f07f6, findElement [using, value]]
Capabilities {acceptInsecureCerts: false, browserName: chrome, browserVersion: 131.0.6778.205, chrome: {chromedriverVersion: 131.0.6778.204 (52183f9e99a..., userDataDir: C:\Users\INGRID~1.ZAD\AppDa...}, fedcm:accounts: true, goog:chromeOptions: {debuggerAddress: localhost:64217}, networkConnectionEnabled: false, pageLoadStrategy: normal, platformName: windows, proxy: Proxy(), se:cdp: ws://localhost:64217/devtoo..., se:cdpVersion: 131.0.6778.205, setWindowRect: true, strictFileInteractability: false, timeouts: {implicit: 0, pageLoad: 300000, script: 30000}, unhandledPromptBehavior: dismiss and notify, webauthn:extension:credBlob: true, webauthn:extension:largeBlob: true, webauthn:extension:minPinLength: true, webauthn:extension:prf: true, webauthn:virtualAuthenticators: true}
Session ID: 252ce25a759fad426ead60854f6f07f6
org.openqa.selenium.remote.UnreachableBrowserException: Error communicating with the remote browser. It may have died.
Build info: version: '4.27.0', revision: 'd6e718d134'
System info: os.name: 'Windows 11', os.arch: 'amd64', os.version: '10.0', java.version: '21.0.3'
Driver info: org.openqa.selenium.chrome.ChromeDriver
Command: [252ce25a759fad426ead60854f6f07f6, findElement [using, value]]
Capabilities {acceptInsecureCerts: false, browserName: chrome, browserVersion: 131.0.6778.205, chrome: {chromedriverVersion: 131.0.6778.204 (52183f9e99a..., userDataDir: C:\Users\INGRID~1.ZAD\AppDa...}, fedcm:accounts: true, goog:chromeOptions: {debuggerAddress: localhost:64217}, networkConnectionEnabled: false, pageLoadStrategy: normal, platformName: windows, proxy: Proxy(), se:cdp: ws://localhost:64217/devtoo..., se:cdpVersion: 131.0.6778.205, setWindowRect: true, strictFileInteractability: false, timeouts: {implicit: 0, pageLoad: 300000, script: 30000}, unhandledPromptBehavior: dismiss and notify, webauthn:extension:credBlob: true, webauthn:extension:largeBlob: true, webauthn:extension:minPinLength: true, webauthn:extension:prf: true, webauthn:virtualAuthenticators: true}
Session ID: 252ce25a759fad426ead60854f6f07f6
	at org.openqa.selenium.remote.RemoteWebDriver.execute(RemoteWebDriver.java:572)
	at org.openqa.selenium.remote.ElementLocation$ElementFinder$2.findElement(ElementLocation.java:165)
	at org.openqa.selenium.remote.ElementLocation.findElement(ElementLocation.java:59)
	at org.openqa.selenium.remote.RemoteWebDriver.findElement(RemoteWebDriver.java:368)
	at org.openqa.selenium.remote.RemoteWebDriver.findElement(RemoteWebDriver.java:362)
	at org.openqa.selenium.support.pagefactory.DefaultElementLocator.findElement(DefaultElementLocator.java:68)
	at org.openqa.selenium.support.pagefactory.internal.LocatingElementHandler.invoke(LocatingElementHandler.java:38)
	at jdk.proxy2/jdk.proxy2.$Proxy14.click(Unknown Source)
	at lt.insoft.uztis.pages.InvitationsPage.clickButtonPublicationConfirmation(InvitationsPage.java:438)
	at lt.insoft.uztis.tests.InvitationsPageTest.testEditAndPublishVuiInvitationDraft(InvitationsPageTest.java:245)
	at java.base/jdk.internal.reflect.DirectMethodHandleAccessor.invoke(DirectMethodHandleAccessor.java:103)
	at java.base/java.lang.reflect.Method.invoke(Method.java:580)
	at org.junit.platform.commons.util.ReflectionUtils.invokeMethod(ReflectionUtils.java:728)
	at org.junit.jupiter.engine.execution.MethodInvocation.proceed(MethodInvocation.java:60)
	at org.junit.jupiter.engine.execution.InvocationInterceptorChain$ValidatingInvocation.proceed(InvocationInterceptorChain.java:131)
	at org.junit.jupiter.engine.extension.TimeoutExtension.intercept(TimeoutExtension.java:156)
	at org.junit.jupiter.engine.extension.TimeoutExtension.interceptTestableMethod(TimeoutExtension.java:147)
	at org.junit.jupiter.engine.extension.TimeoutExtension.interceptTestMethod(TimeoutExtension.java:86)
	at org.junit.jupiter.engine.execution.InterceptingExecutableInvoker$ReflectiveInterceptorCall.lambda$ofVoidMethod$0(InterceptingExecutableInvoker.java:103)
	at org.junit.jupiter.engine.execution.InterceptingExecutableInvoker.lambda$invoke$0(InterceptingExecutableInvoker.java:93)
	at org.junit.jupiter.engine.execution.InvocationInterceptorChain$InterceptedInvocation.proceed(InvocationInterceptorChain.java:106)
	at org.junit.jupiter.engine.execution.InvocationInterceptorChain.proceed(InvocationInterceptorChain.java:64)
	at org.junit.jupiter.engine.execution.InvocationInterceptorChain.chainAndInvoke(InvocationInterceptorChain.java:45)
	at org.junit.jupiter.engine.execution.InvocationInterceptorChain.invoke(InvocationInterceptorChain.java:37)
	at org.junit.jupiter.engine.execution.InterceptingExecutableInvoker.invoke(InterceptingExecutableInvoker.java:92)
	at org.junit.jupiter.engine.execution.InterceptingExecutableInvoker.invoke(InterceptingExecutableInvoker.java:86)
	at org.junit.jupiter.engine.descriptor.TestMethodTestDescriptor.lambda$invokeTestMethod$7(TestMethodTestDescriptor.java:218)
	at org.junit.platform.engine.support.hierarchical.ThrowableCollector.execute(ThrowableCollector.java:73)
	at org.junit.jupiter.engine.descriptor.TestMethodTestDescriptor.invokeTestMethod(TestMethodTestDescriptor.java:214)
	at org.junit.jupiter.engine.descriptor.TestMethodTestDescriptor.execute(TestMethodTestDescriptor.java:139)
	at org.junit.jupiter.engine.descriptor.TestMethodTestDescriptor.execute(TestMethodTestDescriptor.java:69)
	at org.junit.platform.engine.support.hierarchical.NodeTestTask.lambda$executeRecursively$6(NodeTestTask.java:151)
	at org.junit.platform.engine.support.hierarchical.ThrowableCollector.execute(ThrowableCollector.java:73)
	at org.junit.platform.engine.support.hierarchical.NodeTestTask.lambda$executeRecursively$8(NodeTestTask.java:141)
	at org.junit.platform.engine.support.hierarchical.Node.around(Node.java:137)
	at org.junit.platform.engine.support.hierarchical.NodeTestTask.lambda$executeRecursively$9(NodeTestTask.java:139)
	at org.junit.platform.engine.support.hierarchical.ThrowableCollector.execute(ThrowableCollector.java:73)
	at org.junit.platform.engine.support.hierarchical.NodeTestTask.executeRecursively(NodeTestTask.java:138)
	at org.junit.platform.engine.support.hierarchical.NodeTestTask.execute(NodeTestTask.java:95)
	at java.base/java.util.ArrayList.forEach(ArrayList.java:1596)
	at org.junit.platform.engine.support.hierarchical.SameThreadHierarchicalTestExecutorService.invokeAll(SameThreadHierarchicalTestExecutorService.java:41)
	at org.junit.platform.engine.support.hierarchical.NodeTestTask.lambda$executeRecursively$6(NodeTestTask.java:155)
	at org.junit.platform.engine.support.hierarchical.ThrowableCollector.execute(ThrowableCollector.java:73)
	at org.junit.platform.engine.support.hierarchical.NodeTestTask.lambda$executeRecursively$8(NodeTestTask.java:141)
	at org.junit.platform.engine.support.hierarchical.Node.around(Node.java:137)
	at org.junit.platform.engine.support.hierarchical.NodeTestTask.lambda$executeRecursively$9(NodeTestTask.java:139)
	at org.junit.platform.engine.support.hierarchical.ThrowableCollector.execute(ThrowableCollector.java:73)
	at org.junit.platform.engine.support.hierarchical.NodeTestTask.executeRecursively(NodeTestTask.java:138)
	at org.junit.platform.engine.support.hierarchical.NodeTestTask.execute(NodeTestTask.java:95)
	at java.base/java.util.ArrayList.forEach(ArrayList.java:1596)
	at org.junit.platform.engine.support.hierarchical.SameThreadHierarchicalTestExecutorService.invokeAll(SameThreadHierarchicalTestExecutorService.java:41)
	at org.junit.platform.engine.support.hierarchical.NodeTestTask.lambda$executeRecursively$6(NodeTestTask.java:155)
	at org.junit.platform.engine.support.hierarchical.ThrowableCollector.execute(ThrowableCollector.java:73)
	at org.junit.platform.engine.support.hierarchical.NodeTestTask.lambda$executeRecursively$8(NodeTestTask.java:141)
	at org.junit.platform.engine.support.hierarchical.Node.around(Node.java:137)
	at org.junit.platform.engine.support.hierarchical.NodeTestTask.lambda$executeRecursively$9(NodeTestTask.java:139)
	at org.junit.platform.engine.support.hierarchical.ThrowableCollector.execute(ThrowableCollector.java:73)
	at org.junit.platform.engine.support.hierarchical.NodeTestTask.executeRecursively(NodeTestTask.java:138)
	at org.junit.platform.engine.support.hierarchical.NodeTestTask.execute(NodeTestTask.java:95)
	at org.junit.platform.engine.support.hierarchical.SameThreadHierarchicalTestExecutorService.submit(SameThreadHierarchicalTestExecutorService.java:35)
	at org.junit.platform.engine.support.hierarchical.HierarchicalTestExecutor.execute(HierarchicalTestExecutor.java:57)
	at org.junit.platform.engine.support.hierarchical.HierarchicalTestEngine.execute(HierarchicalTestEngine.java:54)
	at org.junit.platform.launcher.core.EngineExecutionOrchestrator.execute(EngineExecutionOrchestrator.java:198)
	at org.junit.platform.launcher.core.EngineExecutionOrchestrator.execute(EngineExecutionOrchestrator.java:169)
	at org.junit.platform.launcher.core.EngineExecutionOrchestrator.execute(EngineExecutionOrchestrator.java:93)
	at org.junit.platform.launcher.core.EngineExecutionOrchestrator.lambda$execute$0(EngineExecutionOrchestrator.java:58)
	at org.junit.platform.launcher.core.EngineExecutionOrchestrator.withInterceptedStreams(EngineExecutionOrchestrator.java:141)
	at org.junit.platform.launcher.core.EngineExecutionOrchestrator.execute(EngineExecutionOrchestrator.java:57)
	at org.junit.platform.launcher.core.DefaultLauncher.execute(DefaultLauncher.java:103)
	at org.junit.platform.launcher.core.DefaultLauncher.execute(DefaultLauncher.java:85)
	at org.junit.platform.launcher.core.DelegatingLauncher.execute(DelegatingLauncher.java:47)
	at org.junit.platform.launcher.core.SessionPerRequestLauncher.execute(SessionPerRequestLauncher.java:63)
	at com.intellij.junit5.JUnit5IdeaTestRunner.startRunnerWithArgs(JUnit5IdeaTestRunner.java:57)
	at com.intellij.rt.junit.IdeaTestRunner$Repeater$1.execute(IdeaTestRunner.java:38)
	at com.intellij.rt.execution.junit.TestsRepeater.repeat(TestsRepeater.java:11)
	at com.intellij.rt.junit.IdeaTestRunner$Repeater.startRunnerWithArgs(IdeaTestRunner.java:35)
	at com.intellij.rt.junit.JUnitStarter.prepareStreamsAndStart(JUnitStarter.java:232)
	at com.intellij.rt.junit.JUnitStarter.main(JUnitStarter.java:55)
Caused by: java.io.UncheckedIOException: java.io.IOException: HTTP/1.1 header parser received no bytes
	at org.openqa.selenium.remote.http.jdk.JdkHttpClient.execute0(JdkHttpClient.java:496)
	at org.openqa.selenium.remote.http.AddSeleniumUserAgent.lambda$apply$0(AddSeleniumUserAgent.java:42)
	at org.openqa.selenium.remote.http.Filter.lambda$andFinally$1(Filter.java:55)
	at org.openqa.selenium.remote.http.jdk.JdkHttpClient.lambda$executeAsync$1(JdkHttpClient.java:383)
	at java.base/java.util.concurrent.Executors$RunnableAdapter.call(Executors.java:572)
	at java.base/java.util.concurrent.FutureTask.run(FutureTask.java:317)
	at java.base/java.util.concurrent.ThreadPoolExecutor.runWorker(ThreadPoolExecutor.java:1144)
	at java.base/java.util.concurrent.ThreadPoolExecutor$Worker.run(ThreadPoolExecutor.java:642)
	at java.base/java.lang.Thread.run(Thread.java:1583)
Caused by: java.io.IOException: HTTP/1.1 header parser received no bytes
	at java.net.http/jdk.internal.net.http.HttpClientImpl.send(HttpClientImpl.java:964)
	at java.net.http/jdk.internal.net.http.HttpClientFacade.send(HttpClientFacade.java:133)
	at org.openqa.selenium.remote.http.jdk.JdkHttpClient.execute0(JdkHttpClient.java:455)
	... 8 common frames omitted
Caused by: java.io.IOException: HTTP/1.1 header parser received no bytes
	at java.net.http/jdk.internal.net.http.common.Utils.wrapWithExtraDetail(Utils.java:388)
	at java.net.http/jdk.internal.net.http.Http1Response$HeadersReader.onReadError(Http1Response.java:590)
	at java.net.http/jdk.internal.net.http.Http1AsyncReceiver.checkForErrors(Http1AsyncReceiver.java:302)
	at java.net.http/jdk.internal.net.http.Http1AsyncReceiver.flush(Http1AsyncReceiver.java:268)
	at java.net.http/jdk.internal.net.http.common.SequentialScheduler$LockingRestartableTask.run(SequentialScheduler.java:182)
	at java.net.http/jdk.internal.net.http.common.SequentialScheduler$CompleteRestartableTask.run(SequentialScheduler.java:149)
	at java.net.http/jdk.internal.net.http.common.SequentialScheduler$SchedulableTask.run(SequentialScheduler.java:207)
	... 3 common frames omitted
Caused by: java.net.SocketException: Connection reset
	at java.base/sun.nio.ch.SocketChannelImpl.throwConnectionReset(SocketChannelImpl.java:401)
	at java.base/sun.nio.ch.SocketChannelImpl.read(SocketChannelImpl.java:434)
	at java.net.http/jdk.internal.net.http.SocketTube.readAvailable(SocketTube.java:1178)
	at java.net.http/jdk.internal.net.http.SocketTube$InternalReadPublisher$InternalReadSubscription.read(SocketTube.java:841)
	at java.net.http/jdk.internal.net.http.SocketTube$SocketFlowTask.run(SocketTube.java:181)
	at java.net.http/jdk.internal.net.http.common.SequentialScheduler$SchedulableTask.run(SequentialScheduler.java:207)
	at java.net.http/jdk.internal.net.http.common.SequentialScheduler.runOrSchedule(SequentialScheduler.java:280)
	at java.net.http/jdk.internal.net.http.common.SequentialScheduler.runOrSchedule(SequentialScheduler.java:233)
	at java.net.http/jdk.internal.net.http.SocketTube$InternalReadPublisher$InternalReadSubscription.signalReadable(SocketTube.java:782)
	at java.net.http/jdk.internal.net.http.SocketTube$InternalReadPublisher$ReadEvent.signalEvent(SocketTube.java:965)
	at java.net.http/jdk.internal.net.http.SocketTube$SocketFlowEvent.handle(SocketTube.java:253)
	at java.net.http/jdk.internal.net.http.HttpClientImpl$SelectorManager.handleEvent(HttpClientImpl.java:1467)
	at java.net.http/jdk.internal.net.http.HttpClientImpl$SelectorManager.lambda$run$3(HttpClientImpl.java:1412)
	at java.base/java.util.ArrayList.forEach(ArrayList.java:1596)
	at java.net.http/jdk.internal.net.http.HttpClientImpl$SelectorManager.run(HttpClientImpl.java:1412)
2025-01-02 13:57:58 [main] INFO  lt.insoft.uztis.tests.UztisPageTest - Navigated to https://uztisdev.asseco.lt/home
2025-01-02 13:57:58 [main] INFO  l.i.uztis.tests.InvitationsPageTest - Starting test:'testEditAndPublishVuiInvitationDraft'
2025-01-02 13:57:58 [main] DEBUG l.i.uztis.tests.InvitationsPageTest - Opened 'Application Processing' menu.
2025-01-02 13:57:58 [main] DEBUG l.i.uztis.tests.InvitationsPageTest - Clicked on 'Application Forms' menu.
2025-01-02 13:57:58 [main] DEBUG l.i.uztis.tests.InvitationsPageTest - Retrieved last description code text: 'TST-85'.
2025-01-02 13:57:59 [main] DEBUG l.i.uztis.tests.InvitationsPageTest - Clicked on 'Invitation' menu.
2025-01-02 13:57:59 [main] DEBUG l.i.uztis.tests.InvitationsPageTest - Selected section by code: 'TST-85'.
2025-01-02 13:57:59 [main] DEBUG l.i.uztis.tests.InvitationsPageTest - Clicked 'Search'.
2025-01-02 13:57:59 [main] DEBUG l.i.uztis.tests.InvitationsPageTest - Clicked 'InvitationDraft'.
2025-01-02 13:58:00 [main] DEBUG l.i.uztis.tests.InvitationsPageTest - Clicked 'Edit'.
2025-01-02 13:58:00 [main] DEBUG l.i.uztis.tests.InvitationsPageTest - Entered publication end date.
2025-01-02 13:58:00 [main] DEBUG l.i.uztis.tests.InvitationsPageTest - Added additional values.
2025-01-02 13:58:00 [main] INFO  l.insoft.uztis.pages.InvitationsPage - Located the dropdown button.
2025-01-02 13:58:11 [main] ERROR l.i.uztis.tests.InvitationsPageTest - Test 'testEditAndPublishVuiInvitationDraft' failed with error: Error communicating with the remote browser. It may have died.
Build info: version: '4.27.0', revision: 'd6e718d134'
System info: os.name: 'Windows 11', os.arch: 'amd64', os.version: '10.0', java.version: '21.0.3'
Driver info: org.openqa.selenium.chrome.ChromeDriver
Command: [e576c4faf97767238de29c8263da8e40, findElement [using, value]]
Capabilities {acceptInsecureCerts: false, browserName: chrome, browserVersion: 131.0.6778.205, chrome: {chromedriverVersion: 131.0.6778.204 (52183f9e99a..., userDataDir: C:\Users\INGRID~1.ZAD\AppDa...}, fedcm:accounts: true, goog:chromeOptions: {debuggerAddress: localhost:64521}, networkConnectionEnabled: false, pageLoadStrategy: normal, platformName: windows, proxy: Proxy(), se:cdp: ws://localhost:64521/devtoo..., se:cdpVersion: 131.0.6778.205, setWindowRect: true, strictFileInteractability: false, timeouts: {implicit: 0, pageLoad: 300000, script: 30000}, unhandledPromptBehavior: dismiss and notify, webauthn:extension:credBlob: true, webauthn:extension:largeBlob: true, webauthn:extension:minPinLength: true, webauthn:extension:prf: true, webauthn:virtualAuthenticators: true}
Session ID: e576c4faf97767238de29c8263da8e40
org.openqa.selenium.remote.UnreachableBrowserException: Error communicating with the remote browser. It may have died.
Build info: version: '4.27.0', revision: 'd6e718d134'
System info: os.name: 'Windows 11', os.arch: 'amd64', os.version: '10.0', java.version: '21.0.3'
Driver info: org.openqa.selenium.chrome.ChromeDriver
Command: [e576c4faf97767238de29c8263da8e40, findElement [using, value]]
Capabilities {acceptInsecureCerts: false, browserName: chrome, browserVersion: 131.0.6778.205, chrome: {chromedriverVersion: 131.0.6778.204 (52183f9e99a..., userDataDir: C:\Users\INGRID~1.ZAD\AppDa...}, fedcm:accounts: true, goog:chromeOptions: {debuggerAddress: localhost:64521}, networkConnectionEnabled: false, pageLoadStrategy: normal, platformName: windows, proxy: Proxy(), se:cdp: ws://localhost:64521/devtoo..., se:cdpVersion: 131.0.6778.205, setWindowRect: true, strictFileInteractability: false, timeouts: {implicit: 0, pageLoad: 300000, script: 30000}, unhandledPromptBehavior: dismiss and notify, webauthn:extension:credBlob: true, webauthn:extension:largeBlob: true, webauthn:extension:minPinLength: true, webauthn:extension:prf: true, webauthn:virtualAuthenticators: true}
Session ID: e576c4faf97767238de29c8263da8e40
	at org.openqa.selenium.remote.RemoteWebDriver.execute(RemoteWebDriver.java:572)
	at org.openqa.selenium.remote.ElementLocation$ElementFinder$2.findElement(ElementLocation.java:165)
	at org.openqa.selenium.remote.ElementLocation.findElement(ElementLocation.java:59)
	at org.openqa.selenium.remote.RemoteWebDriver.findElement(RemoteWebDriver.java:368)
	at org.openqa.selenium.remote.RemoteWebDriver.findElement(RemoteWebDriver.java:362)
	at org.openqa.selenium.support.pagefactory.DefaultElementLocator.findElement(DefaultElementLocator.java:68)
	at org.openqa.selenium.support.pagefactory.internal.LocatingElementHandler.invoke(LocatingElementHandler.java:38)
	at jdk.proxy2/jdk.proxy2.$Proxy14.isDisplayed(Unknown Source)
	at org.openqa.selenium.support.ui.ExpectedConditions.elementIfVisible(ExpectedConditions.java:304)
	at org.openqa.selenium.support.ui.ExpectedConditions$10.apply(ExpectedConditions.java:290)
	at org.openqa.selenium.support.ui.ExpectedConditions$10.apply(ExpectedConditions.java:287)
	at org.openqa.selenium.support.ui.ExpectedConditions$23.apply(ExpectedConditions.java:656)
	at org.openqa.selenium.support.ui.ExpectedConditions$23.apply(ExpectedConditions.java:652)
	at org.openqa.selenium.support.ui.FluentWait.until(FluentWait.java:203)
	at lt.insoft.uztis.pages.InvitationsPage.selectDropdownAmountInformation(InvitationsPage.java:322)
	at lt.insoft.uztis.tests.InvitationsPageTest.testEditAndPublishVuiInvitationDraft(InvitationsPageTest.java:161)
	at java.base/jdk.internal.reflect.DirectMethodHandleAccessor.invoke(DirectMethodHandleAccessor.java:103)
	at java.base/java.lang.reflect.Method.invoke(Method.java:580)
	at org.junit.platform.commons.util.ReflectionUtils.invokeMethod(ReflectionUtils.java:728)
	at org.junit.jupiter.engine.execution.MethodInvocation.proceed(MethodInvocation.java:60)
	at org.junit.jupiter.engine.execution.InvocationInterceptorChain$ValidatingInvocation.proceed(InvocationInterceptorChain.java:131)
	at org.junit.jupiter.engine.extension.TimeoutExtension.intercept(TimeoutExtension.java:156)
	at org.junit.jupiter.engine.extension.TimeoutExtension.interceptTestableMethod(TimeoutExtension.java:147)
	at org.junit.jupiter.engine.extension.TimeoutExtension.interceptTestMethod(TimeoutExtension.java:86)
	at org.junit.jupiter.engine.execution.InterceptingExecutableInvoker$ReflectiveInterceptorCall.lambda$ofVoidMethod$0(InterceptingExecutableInvoker.java:103)
	at org.junit.jupiter.engine.execution.InterceptingExecutableInvoker.lambda$invoke$0(InterceptingExecutableInvoker.java:93)
	at org.junit.jupiter.engine.execution.InvocationInterceptorChain$InterceptedInvocation.proceed(InvocationInterceptorChain.java:106)
	at org.junit.jupiter.engine.execution.InvocationInterceptorChain.proceed(InvocationInterceptorChain.java:64)
	at org.junit.jupiter.engine.execution.InvocationInterceptorChain.chainAndInvoke(InvocationInterceptorChain.java:45)
	at org.junit.jupiter.engine.execution.InvocationInterceptorChain.invoke(InvocationInterceptorChain.java:37)
	at org.junit.jupiter.engine.execution.InterceptingExecutableInvoker.invoke(InterceptingExecutableInvoker.java:92)
	at org.junit.jupiter.engine.execution.InterceptingExecutableInvoker.invoke(InterceptingExecutableInvoker.java:86)
	at org.junit.jupiter.engine.descriptor.TestMethodTestDescriptor.lambda$invokeTestMethod$7(TestMethodTestDescriptor.java:218)
	at org.junit.platform.engine.support.hierarchical.ThrowableCollector.execute(ThrowableCollector.java:73)
	at org.junit.jupiter.engine.descriptor.TestMethodTestDescriptor.invokeTestMethod(TestMethodTestDescriptor.java:214)
	at org.junit.jupiter.engine.descriptor.TestMethodTestDescriptor.execute(TestMethodTestDescriptor.java:139)
	at org.junit.jupiter.engine.descriptor.TestMethodTestDescriptor.execute(TestMethodTestDescriptor.java:69)
	at org.junit.platform.engine.support.hierarchical.NodeTestTask.lambda$executeRecursively$6(NodeTestTask.java:151)
	at org.junit.platform.engine.support.hierarchical.ThrowableCollector.execute(ThrowableCollector.java:73)
	at org.junit.platform.engine.support.hierarchical.NodeTestTask.lambda$executeRecursively$8(NodeTestTask.java:141)
	at org.junit.platform.engine.support.hierarchical.Node.around(Node.java:137)
	at org.junit.platform.engine.support.hierarchical.NodeTestTask.lambda$executeRecursively$9(NodeTestTask.java:139)
	at org.junit.platform.engine.support.hierarchical.ThrowableCollector.execute(ThrowableCollector.java:73)
	at org.junit.platform.engine.support.hierarchical.NodeTestTask.executeRecursively(NodeTestTask.java:138)
	at org.junit.platform.engine.support.hierarchical.NodeTestTask.execute(NodeTestTask.java:95)
	at java.base/java.util.ArrayList.forEach(ArrayList.java:1596)
	at org.junit.platform.engine.support.hierarchical.SameThreadHierarchicalTestExecutorService.invokeAll(SameThreadHierarchicalTestExecutorService.java:41)
	at org.junit.platform.engine.support.hierarchical.NodeTestTask.lambda$executeRecursively$6(NodeTestTask.java:155)
	at org.junit.platform.engine.support.hierarchical.ThrowableCollector.execute(ThrowableCollector.java:73)
	at org.junit.platform.engine.support.hierarchical.NodeTestTask.lambda$executeRecursively$8(NodeTestTask.java:141)
	at org.junit.platform.engine.support.hierarchical.Node.around(Node.java:137)
	at org.junit.platform.engine.support.hierarchical.NodeTestTask.lambda$executeRecursively$9(NodeTestTask.java:139)
	at org.junit.platform.engine.support.hierarchical.ThrowableCollector.execute(ThrowableCollector.java:73)
	at org.junit.platform.engine.support.hierarchical.NodeTestTask.executeRecursively(NodeTestTask.java:138)
	at org.junit.platform.engine.support.hierarchical.NodeTestTask.execute(NodeTestTask.java:95)
	at java.base/java.util.ArrayList.forEach(ArrayList.java:1596)
	at org.junit.platform.engine.support.hierarchical.SameThreadHierarchicalTestExecutorService.invokeAll(SameThreadHierarchicalTestExecutorService.java:41)
	at org.junit.platform.engine.support.hierarchical.NodeTestTask.lambda$executeRecursively$6(NodeTestTask.java:155)
	at org.junit.platform.engine.support.hierarchical.ThrowableCollector.execute(ThrowableCollector.java:73)
	at org.junit.platform.engine.support.hierarchical.NodeTestTask.lambda$executeRecursively$8(NodeTestTask.java:141)
	at org.junit.platform.engine.support.hierarchical.Node.around(Node.java:137)
	at org.junit.platform.engine.support.hierarchical.NodeTestTask.lambda$executeRecursively$9(NodeTestTask.java:139)
	at org.junit.platform.engine.support.hierarchical.ThrowableCollector.execute(ThrowableCollector.java:73)
	at org.junit.platform.engine.support.hierarchical.NodeTestTask.executeRecursively(NodeTestTask.java:138)
	at org.junit.platform.engine.support.hierarchical.NodeTestTask.execute(NodeTestTask.java:95)
	at org.junit.platform.engine.support.hierarchical.SameThreadHierarchicalTestExecutorService.submit(SameThreadHierarchicalTestExecutorService.java:35)
	at org.junit.platform.engine.support.hierarchical.HierarchicalTestExecutor.execute(HierarchicalTestExecutor.java:57)
	at org.junit.platform.engine.support.hierarchical.HierarchicalTestEngine.execute(HierarchicalTestEngine.java:54)
	at org.junit.platform.launcher.core.EngineExecutionOrchestrator.execute(EngineExecutionOrchestrator.java:198)
	at org.junit.platform.launcher.core.EngineExecutionOrchestrator.execute(EngineExecutionOrchestrator.java:169)
	at org.junit.platform.launcher.core.EngineExecutionOrchestrator.execute(EngineExecutionOrchestrator.java:93)
	at org.junit.platform.launcher.core.EngineExecutionOrchestrator.lambda$execute$0(EngineExecutionOrchestrator.java:58)
	at org.junit.platform.launcher.core.EngineExecutionOrchestrator.withInterceptedStreams(EngineExecutionOrchestrator.java:141)
	at org.junit.platform.launcher.core.EngineExecutionOrchestrator.execute(EngineExecutionOrchestrator.java:57)
	at org.junit.platform.launcher.core.DefaultLauncher.execute(DefaultLauncher.java:103)
	at org.junit.platform.launcher.core.DefaultLauncher.execute(DefaultLauncher.java:85)
	at org.junit.platform.launcher.core.DelegatingLauncher.execute(DelegatingLauncher.java:47)
	at org.junit.platform.launcher.core.SessionPerRequestLauncher.execute(SessionPerRequestLauncher.java:63)
	at com.intellij.junit5.JUnit5IdeaTestRunner.startRunnerWithArgs(JUnit5IdeaTestRunner.java:57)
	at com.intellij.rt.junit.IdeaTestRunner$Repeater$1.execute(IdeaTestRunner.java:38)
	at com.intellij.rt.execution.junit.TestsRepeater.repeat(TestsRepeater.java:11)
	at com.intellij.rt.junit.IdeaTestRunner$Repeater.startRunnerWithArgs(IdeaTestRunner.java:35)
	at com.intellij.rt.junit.JUnitStarter.prepareStreamsAndStart(JUnitStarter.java:232)
	at com.intellij.rt.junit.JUnitStarter.main(JUnitStarter.java:55)
Caused by: java.io.UncheckedIOException: java.io.IOException: HTTP/1.1 header parser received no bytes
	at org.openqa.selenium.remote.http.jdk.JdkHttpClient.execute0(JdkHttpClient.java:496)
	at org.openqa.selenium.remote.http.AddSeleniumUserAgent.lambda$apply$0(AddSeleniumUserAgent.java:42)
	at org.openqa.selenium.remote.http.Filter.lambda$andFinally$1(Filter.java:55)
	at org.openqa.selenium.remote.http.jdk.JdkHttpClient.lambda$executeAsync$1(JdkHttpClient.java:383)
	at java.base/java.util.concurrent.Executors$RunnableAdapter.call(Executors.java:572)
	at java.base/java.util.concurrent.FutureTask.run(FutureTask.java:317)
	at java.base/java.util.concurrent.ThreadPoolExecutor.runWorker(ThreadPoolExecutor.java:1144)
	at java.base/java.util.concurrent.ThreadPoolExecutor$Worker.run(ThreadPoolExecutor.java:642)
	at java.base/java.lang.Thread.run(Thread.java:1583)
Caused by: java.io.IOException: HTTP/1.1 header parser received no bytes
	at java.net.http/jdk.internal.net.http.HttpClientImpl.send(HttpClientImpl.java:964)
	at java.net.http/jdk.internal.net.http.HttpClientFacade.send(HttpClientFacade.java:133)
	at org.openqa.selenium.remote.http.jdk.JdkHttpClient.execute0(JdkHttpClient.java:455)
	... 8 common frames omitted
Caused by: java.io.IOException: HTTP/1.1 header parser received no bytes
	at java.net.http/jdk.internal.net.http.common.Utils.wrapWithExtraDetail(Utils.java:388)
	at java.net.http/jdk.internal.net.http.Http1Response$HeadersReader.onReadError(Http1Response.java:590)
	at java.net.http/jdk.internal.net.http.Http1AsyncReceiver.checkForErrors(Http1AsyncReceiver.java:302)
	at java.net.http/jdk.internal.net.http.Http1AsyncReceiver.flush(Http1AsyncReceiver.java:268)
	at java.net.http/jdk.internal.net.http.common.SequentialScheduler$LockingRestartableTask.run(SequentialScheduler.java:182)
	at java.net.http/jdk.internal.net.http.common.SequentialScheduler$CompleteRestartableTask.run(SequentialScheduler.java:149)
	at java.net.http/jdk.internal.net.http.common.SequentialScheduler$SchedulableTask.run(SequentialScheduler.java:207)
	... 3 common frames omitted
Caused by: java.net.SocketException: Connection reset
	at java.base/sun.nio.ch.SocketChannelImpl.throwConnectionReset(SocketChannelImpl.java:401)
	at java.base/sun.nio.ch.SocketChannelImpl.read(SocketChannelImpl.java:434)
	at java.net.http/jdk.internal.net.http.SocketTube.readAvailable(SocketTube.java:1178)
	at java.net.http/jdk.internal.net.http.SocketTube$InternalReadPublisher$InternalReadSubscription.read(SocketTube.java:841)
	at java.net.http/jdk.internal.net.http.SocketTube$SocketFlowTask.run(SocketTube.java:181)
	at java.net.http/jdk.internal.net.http.common.SequentialScheduler$SchedulableTask.run(SequentialScheduler.java:207)
	at java.net.http/jdk.internal.net.http.common.SequentialScheduler.runOrSchedule(SequentialScheduler.java:280)
	at java.net.http/jdk.internal.net.http.common.SequentialScheduler.runOrSchedule(SequentialScheduler.java:233)
	at java.net.http/jdk.internal.net.http.SocketTube$InternalReadPublisher$InternalReadSubscription.signalReadable(SocketTube.java:782)
	at java.net.http/jdk.internal.net.http.SocketTube$InternalReadPublisher$ReadEvent.signalEvent(SocketTube.java:965)
	at java.net.http/jdk.internal.net.http.SocketTube$SocketFlowEvent.handle(SocketTube.java:253)
	at java.net.http/jdk.internal.net.http.HttpClientImpl$SelectorManager.handleEvent(HttpClientImpl.java:1467)
	at java.net.http/jdk.internal.net.http.HttpClientImpl$SelectorManager.lambda$run$3(HttpClientImpl.java:1412)
	at java.base/java.util.ArrayList.forEach(ArrayList.java:1596)
	at java.net.http/jdk.internal.net.http.HttpClientImpl$SelectorManager.run(HttpClientImpl.java:1412)
2025-01-02 13:58:24 [main] INFO  lt.insoft.uztis.tests.UztisPageTest - Navigated to https://uztisdev.asseco.lt/home
2025-01-02 13:58:25 [main] INFO  l.i.uztis.tests.InvitationsPageTest - Starting test:'testEditAndPublishVuiInvitationDraft'
2025-01-02 13:58:25 [main] DEBUG l.i.uztis.tests.InvitationsPageTest - Opened 'Application Processing' menu.
2025-01-02 13:58:25 [main] DEBUG l.i.uztis.tests.InvitationsPageTest - Clicked on 'Application Forms' menu.
2025-01-02 13:58:25 [main] DEBUG l.i.uztis.tests.InvitationsPageTest - Retrieved last description code text: 'TST-85'.
2025-01-02 13:58:25 [main] DEBUG l.i.uztis.tests.InvitationsPageTest - Clicked on 'Invitation' menu.
2025-01-02 13:58:26 [main] DEBUG l.i.uztis.tests.InvitationsPageTest - Selected section by code: 'TST-85'.
2025-01-02 13:58:26 [main] DEBUG l.i.uztis.tests.InvitationsPageTest - Clicked 'Search'.
2025-01-02 13:58:26 [main] DEBUG l.i.uztis.tests.InvitationsPageTest - Clicked 'InvitationDraft'.
2025-01-02 13:58:27 [main] DEBUG l.i.uztis.tests.InvitationsPageTest - Clicked 'Edit'.
2025-01-02 13:58:27 [main] DEBUG l.i.uztis.tests.InvitationsPageTest - Entered publication end date.
2025-01-02 13:58:27 [main] DEBUG l.i.uztis.tests.InvitationsPageTest - Added additional values.
2025-01-02 13:58:27 [main] INFO  l.insoft.uztis.pages.InvitationsPage - Located the dropdown button.
2025-01-02 13:58:47 [main] ERROR l.i.uztis.tests.InvitationsPageTest - Test 'testEditAndPublishVuiInvitationDraft' failed with error: Expected condition failed: waiting for element to be clickable: Proxy element for: DefaultElementLocator 'By.xpath: (//mat-label[contains(text(), 'Atvaizduojama informacija apie sumas')]//following::mat-option)[1]' (tried for 10 second(s) with 500 milliseconds interval)
org.openqa.selenium.TimeoutException: Expected condition failed: waiting for element to be clickable: Proxy element for: DefaultElementLocator 'By.xpath: (//mat-label[contains(text(), 'Atvaizduojama informacija apie sumas')]//following::mat-option)[1]' (tried for 10 second(s) with 500 milliseconds interval)
	at org.openqa.selenium.support.ui.WebDriverWait.timeoutException(WebDriverWait.java:84)
	at org.openqa.selenium.support.ui.FluentWait.until(FluentWait.java:228)
	at lt.insoft.uztis.pages.InvitationsPage.selectDropdownAmountInformation(InvitationsPage.java:322)
	at lt.insoft.uztis.tests.InvitationsPageTest.testEditAndPublishVuiInvitationDraft(InvitationsPageTest.java:161)
	at java.base/jdk.internal.reflect.DirectMethodHandleAccessor.invoke(DirectMethodHandleAccessor.java:103)
	at java.base/java.lang.reflect.Method.invoke(Method.java:580)
	at org.junit.platform.commons.util.ReflectionUtils.invokeMethod(ReflectionUtils.java:728)
	at org.junit.jupiter.engine.execution.MethodInvocation.proceed(MethodInvocation.java:60)
	at org.junit.jupiter.engine.execution.InvocationInterceptorChain$ValidatingInvocation.proceed(InvocationInterceptorChain.java:131)
	at org.junit.jupiter.engine.extension.TimeoutExtension.intercept(TimeoutExtension.java:156)
	at org.junit.jupiter.engine.extension.TimeoutExtension.interceptTestableMethod(TimeoutExtension.java:147)
	at org.junit.jupiter.engine.extension.TimeoutExtension.interceptTestMethod(TimeoutExtension.java:86)
	at org.junit.jupiter.engine.execution.InterceptingExecutableInvoker$ReflectiveInterceptorCall.lambda$ofVoidMethod$0(InterceptingExecutableInvoker.java:103)
	at org.junit.jupiter.engine.execution.InterceptingExecutableInvoker.lambda$invoke$0(InterceptingExecutableInvoker.java:93)
	at org.junit.jupiter.engine.execution.InvocationInterceptorChain$InterceptedInvocation.proceed(InvocationInterceptorChain.java:106)
	at org.junit.jupiter.engine.execution.InvocationInterceptorChain.proceed(InvocationInterceptorChain.java:64)
	at org.junit.jupiter.engine.execution.InvocationInterceptorChain.chainAndInvoke(InvocationInterceptorChain.java:45)
	at org.junit.jupiter.engine.execution.InvocationInterceptorChain.invoke(InvocationInterceptorChain.java:37)
	at org.junit.jupiter.engine.execution.InterceptingExecutableInvoker.invoke(InterceptingExecutableInvoker.java:92)
	at org.junit.jupiter.engine.execution.InterceptingExecutableInvoker.invoke(InterceptingExecutableInvoker.java:86)
	at org.junit.jupiter.engine.descriptor.TestMethodTestDescriptor.lambda$invokeTestMethod$7(TestMethodTestDescriptor.java:218)
	at org.junit.platform.engine.support.hierarchical.ThrowableCollector.execute(ThrowableCollector.java:73)
	at org.junit.jupiter.engine.descriptor.TestMethodTestDescriptor.invokeTestMethod(TestMethodTestDescriptor.java:214)
	at org.junit.jupiter.engine.descriptor.TestMethodTestDescriptor.execute(TestMethodTestDescriptor.java:139)
	at org.junit.jupiter.engine.descriptor.TestMethodTestDescriptor.execute(TestMethodTestDescriptor.java:69)
	at org.junit.platform.engine.support.hierarchical.NodeTestTask.lambda$executeRecursively$6(NodeTestTask.java:151)
	at org.junit.platform.engine.support.hierarchical.ThrowableCollector.execute(ThrowableCollector.java:73)
	at org.junit.platform.engine.support.hierarchical.NodeTestTask.lambda$executeRecursively$8(NodeTestTask.java:141)
	at org.junit.platform.engine.support.hierarchical.Node.around(Node.java:137)
	at org.junit.platform.engine.support.hierarchical.NodeTestTask.lambda$executeRecursively$9(NodeTestTask.java:139)
	at org.junit.platform.engine.support.hierarchical.ThrowableCollector.execute(ThrowableCollector.java:73)
	at org.junit.platform.engine.support.hierarchical.NodeTestTask.executeRecursively(NodeTestTask.java:138)
	at org.junit.platform.engine.support.hierarchical.NodeTestTask.execute(NodeTestTask.java:95)
	at java.base/java.util.ArrayList.forEach(ArrayList.java:1596)
	at org.junit.platform.engine.support.hierarchical.SameThreadHierarchicalTestExecutorService.invokeAll(SameThreadHierarchicalTestExecutorService.java:41)
	at org.junit.platform.engine.support.hierarchical.NodeTestTask.lambda$executeRecursively$6(NodeTestTask.java:155)
	at org.junit.platform.engine.support.hierarchical.ThrowableCollector.execute(ThrowableCollector.java:73)
	at org.junit.platform.engine.support.hierarchical.NodeTestTask.lambda$executeRecursively$8(NodeTestTask.java:141)
	at org.junit.platform.engine.support.hierarchical.Node.around(Node.java:137)
	at org.junit.platform.engine.support.hierarchical.NodeTestTask.lambda$executeRecursively$9(NodeTestTask.java:139)
	at org.junit.platform.engine.support.hierarchical.ThrowableCollector.execute(ThrowableCollector.java:73)
	at org.junit.platform.engine.support.hierarchical.NodeTestTask.executeRecursively(NodeTestTask.java:138)
	at org.junit.platform.engine.support.hierarchical.NodeTestTask.execute(NodeTestTask.java:95)
	at java.base/java.util.ArrayList.forEach(ArrayList.java:1596)
	at org.junit.platform.engine.support.hierarchical.SameThreadHierarchicalTestExecutorService.invokeAll(SameThreadHierarchicalTestExecutorService.java:41)
	at org.junit.platform.engine.support.hierarchical.NodeTestTask.lambda$executeRecursively$6(NodeTestTask.java:155)
	at org.junit.platform.engine.support.hierarchical.ThrowableCollector.execute(ThrowableCollector.java:73)
	at org.junit.platform.engine.support.hierarchical.NodeTestTask.lambda$executeRecursively$8(NodeTestTask.java:141)
	at org.junit.platform.engine.support.hierarchical.Node.around(Node.java:137)
	at org.junit.platform.engine.support.hierarchical.NodeTestTask.lambda$executeRecursively$9(NodeTestTask.java:139)
	at org.junit.platform.engine.support.hierarchical.ThrowableCollector.execute(ThrowableCollector.java:73)
	at org.junit.platform.engine.support.hierarchical.NodeTestTask.executeRecursively(NodeTestTask.java:138)
	at org.junit.platform.engine.support.hierarchical.NodeTestTask.execute(NodeTestTask.java:95)
	at org.junit.platform.engine.support.hierarchical.SameThreadHierarchicalTestExecutorService.submit(SameThreadHierarchicalTestExecutorService.java:35)
	at org.junit.platform.engine.support.hierarchical.HierarchicalTestExecutor.execute(HierarchicalTestExecutor.java:57)
	at org.junit.platform.engine.support.hierarchical.HierarchicalTestEngine.execute(HierarchicalTestEngine.java:54)
	at org.junit.platform.launcher.core.EngineExecutionOrchestrator.execute(EngineExecutionOrchestrator.java:198)
	at org.junit.platform.launcher.core.EngineExecutionOrchestrator.execute(EngineExecutionOrchestrator.java:169)
	at org.junit.platform.launcher.core.EngineExecutionOrchestrator.execute(EngineExecutionOrchestrator.java:93)
	at org.junit.platform.launcher.core.EngineExecutionOrchestrator.lambda$execute$0(EngineExecutionOrchestrator.java:58)
	at org.junit.platform.launcher.core.EngineExecutionOrchestrator.withInterceptedStreams(EngineExecutionOrchestrator.java:141)
	at org.junit.platform.launcher.core.EngineExecutionOrchestrator.execute(EngineExecutionOrchestrator.java:57)
	at org.junit.platform.launcher.core.DefaultLauncher.execute(DefaultLauncher.java:103)
	at org.junit.platform.launcher.core.DefaultLauncher.execute(DefaultLauncher.java:85)
	at org.junit.platform.launcher.core.DelegatingLauncher.execute(DelegatingLauncher.java:47)
	at org.junit.platform.launcher.core.SessionPerRequestLauncher.execute(SessionPerRequestLauncher.java:63)
	at com.intellij.junit5.JUnit5IdeaTestRunner.startRunnerWithArgs(JUnit5IdeaTestRunner.java:57)
	at com.intellij.rt.junit.IdeaTestRunner$Repeater$1.execute(IdeaTestRunner.java:38)
	at com.intellij.rt.execution.junit.TestsRepeater.repeat(TestsRepeater.java:11)
	at com.intellij.rt.junit.IdeaTestRunner$Repeater.startRunnerWithArgs(IdeaTestRunner.java:35)
	at com.intellij.rt.junit.JUnitStarter.prepareStreamsAndStart(JUnitStarter.java:232)
	at com.intellij.rt.junit.JUnitStarter.main(JUnitStarter.java:55)
Caused by: org.openqa.selenium.NoSuchElementException: no such element: Unable to locate element: {"method":"xpath","selector":"(//mat-label[contains(text(), 'Atvaizduojama informacija apie sumas')]//following::mat-option)[1]"}
  (Session info: chrome=131.0.6778.205)
For documentation on this error, please visit: https://www.selenium.dev/documentation/webdriver/troubleshooting/errors#no-such-element-exception
Build info: version: '4.27.0', revision: 'd6e718d134'
System info: os.name: 'Windows 11', os.arch: 'amd64', os.version: '10.0', java.version: '21.0.3'
Driver info: org.openqa.selenium.chrome.ChromeDriver
Command: [a56a59220173a6536f61349bd5581ffa, findElement {value=(//mat-label[contains(text(), 'Atvaizduojama informacija apie sumas')]//following::mat-option)[1], using=xpath}]
Capabilities {acceptInsecureCerts: false, browserName: chrome, browserVersion: 131.0.6778.205, chrome: {chromedriverVersion: 131.0.6778.204 (52183f9e99a..., userDataDir: C:\Users\INGRID~1.ZAD\AppDa...}, fedcm:accounts: true, goog:chromeOptions: {debuggerAddress: localhost:64567}, networkConnectionEnabled: false, pageLoadStrategy: normal, platformName: windows, proxy: Proxy(), se:cdp: ws://localhost:64567/devtoo..., se:cdpVersion: 131.0.6778.205, setWindowRect: true, strictFileInteractability: false, timeouts: {implicit: 0, pageLoad: 300000, script: 30000}, unhandledPromptBehavior: dismiss and notify, webauthn:extension:credBlob: true, webauthn:extension:largeBlob: true, webauthn:extension:minPinLength: true, webauthn:extension:prf: true, webauthn:virtualAuthenticators: true}
Session ID: a56a59220173a6536f61349bd5581ffa
	at java.base/jdk.internal.reflect.DirectConstructorHandleAccessor.newInstance(DirectConstructorHandleAccessor.java:62)
	at java.base/java.lang.reflect.Constructor.newInstanceWithCaller(Constructor.java:502)
	at java.base/java.lang.reflect.Constructor.newInstance(Constructor.java:486)
	at org.openqa.selenium.remote.ErrorCodec.decode(ErrorCodec.java:167)
	at org.openqa.selenium.remote.codec.w3c.W3CHttpResponseCodec.decode(W3CHttpResponseCodec.java:138)
	at org.openqa.selenium.remote.codec.w3c.W3CHttpResponseCodec.decode(W3CHttpResponseCodec.java:50)
	at org.openqa.selenium.remote.HttpCommandExecutor.execute(HttpCommandExecutor.java:190)
	at org.openqa.selenium.remote.service.DriverCommandExecutor.invokeExecute(DriverCommandExecutor.java:216)
	at org.openqa.selenium.remote.service.DriverCommandExecutor.execute(DriverCommandExecutor.java:174)
	at org.openqa.selenium.remote.RemoteWebDriver.execute(RemoteWebDriver.java:545)
	at org.openqa.selenium.remote.ElementLocation$ElementFinder$2.findElement(ElementLocation.java:165)
	at org.openqa.selenium.remote.ElementLocation.findElement(ElementLocation.java:59)
	at org.openqa.selenium.remote.RemoteWebDriver.findElement(RemoteWebDriver.java:368)
	at org.openqa.selenium.remote.RemoteWebDriver.findElement(RemoteWebDriver.java:362)
	at org.openqa.selenium.support.pagefactory.DefaultElementLocator.findElement(DefaultElementLocator.java:68)
	at org.openqa.selenium.support.pagefactory.internal.LocatingElementHandler.invoke(LocatingElementHandler.java:38)
	at jdk.proxy2/jdk.proxy2.$Proxy14.isDisplayed(Unknown Source)
	at org.openqa.selenium.support.ui.ExpectedConditions.elementIfVisible(ExpectedConditions.java:304)
	at org.openqa.selenium.support.ui.ExpectedConditions$10.apply(ExpectedConditions.java:290)
	at org.openqa.selenium.support.ui.ExpectedConditions$10.apply(ExpectedConditions.java:287)
	at org.openqa.selenium.support.ui.ExpectedConditions$23.apply(ExpectedConditions.java:656)
	at org.openqa.selenium.support.ui.ExpectedConditions$23.apply(ExpectedConditions.java:652)
	at org.openqa.selenium.support.ui.FluentWait.until(FluentWait.java:203)
	... 70 common frames omitted
2025-01-02 13:58:48 [main] INFO  l.insoft.uztis.tests.utils.TestUtils - Screenshot moved to C:\Users\ingrida.zadorozniene\Desktop\Asm\UZTIS\UZTIS_tests\test-output\screenshots\20250102\135848070_testEditAndPublishVuiInvitationDraft().png
2025-01-02 14:07:07 [main] INFO  lt.insoft.uztis.tests.UztisPageTest - Navigated to https://uztisdev.asseco.lt/home
2025-01-02 14:07:07 [main] INFO  l.i.uztis.tests.InvitationsPageTest - Starting test:'testEditAndPublishVuiInvitationDraft'
2025-01-02 14:07:07 [main] DEBUG l.i.uztis.tests.InvitationsPageTest - Opened 'Application Processing' menu.
2025-01-02 14:07:07 [main] DEBUG l.i.uztis.tests.InvitationsPageTest - Clicked on 'Application Forms' menu.
2025-01-02 14:07:08 [main] DEBUG l.i.uztis.tests.InvitationsPageTest - Retrieved last description code text: 'TST-85'.
2025-01-02 14:07:08 [main] DEBUG l.i.uztis.tests.InvitationsPageTest - Clicked on 'Invitation' menu.
2025-01-02 14:07:08 [main] DEBUG l.i.uztis.tests.InvitationsPageTest - Selected section by code: 'TST-85'.
2025-01-02 14:07:08 [main] DEBUG l.i.uztis.tests.InvitationsPageTest - Clicked 'Search'.
2025-01-02 14:07:08 [main] DEBUG l.i.uztis.tests.InvitationsPageTest - Clicked 'InvitationDraft'.
2025-01-02 14:07:09 [main] DEBUG l.i.uztis.tests.InvitationsPageTest - Clicked 'Edit'.
2025-01-02 14:07:10 [main] DEBUG l.i.uztis.tests.InvitationsPageTest - Entered publication end date.
2025-01-02 14:07:10 [main] DEBUG l.i.uztis.tests.InvitationsPageTest - Added additional values.
2025-01-02 14:07:10 [main] INFO  l.insoft.uztis.pages.InvitationsPage - Located the dropdown button.
2025-01-02 14:07:11 [main] ERROR l.i.uztis.tests.InvitationsPageTest - Test 'testEditAndPublishVuiInvitationDraft' failed with error: element click intercepted: Element <mat-select role="combobox" aria-haspopup="listbox" class="mat-mdc-select primary-control ng-tns-c1073613477-85 mat-mdc-select-required ng-untouched ng-pristine ng-star-inserted mat-mdc-select-disabled" aria-labelledby="mat-select-value-16" id="mat-select-16" tabindex="-1" aria-expanded="false" aria-required="true" aria-disabled="true" aria-invalid="false" required="">...</mat-select> is not clickable at point (1108, 368). Other element would receive the click: <mat-form-field class="mat-mdc-form-field ng-tns-c508571215-84 mat-mdc-form-field-type-common-select mat-mdc-form-field-has-icon-prefix mat-mdc-form-field-has-icon-suffix mat-form-field-appearance-outline mat-primary ng-untouched ng-star-inserted mat-form-field-disabled ng-dirty" style="--mat-form-field-notch-max-width: calc(100% - 8px);">...</mat-form-field>
  (Session info: chrome=131.0.6778.205)
Build info: version: '4.27.0', revision: 'd6e718d134'
System info: os.name: 'Windows 11', os.arch: 'amd64', os.version: '10.0', java.version: '21.0.3'
Driver info: org.openqa.selenium.chrome.ChromeDriver
Command: [440c617b867bedfb50725d99a9db068e, clickElement {id=f.35126E6CDBB9CC36C31D40E0A8F09C8E.d.0A2969E63B4C854D811B5227FA50F674.e.378}]
Capabilities {acceptInsecureCerts: false, browserName: chrome, browserVersion: 131.0.6778.205, chrome: {chromedriverVersion: 131.0.6778.204 (52183f9e99a..., userDataDir: C:\Users\INGRID~1.ZAD\AppDa...}, fedcm:accounts: true, goog:chromeOptions: {debuggerAddress: localhost:64864}, networkConnectionEnabled: false, pageLoadStrategy: normal, platformName: windows, proxy: Proxy(), se:cdp: ws://localhost:64864/devtoo..., se:cdpVersion: 131.0.6778.205, setWindowRect: true, strictFileInteractability: false, timeouts: {implicit: 0, pageLoad: 300000, script: 30000}, unhandledPromptBehavior: dismiss and notify, webauthn:extension:credBlob: true, webauthn:extension:largeBlob: true, webauthn:extension:minPinLength: true, webauthn:extension:prf: true, webauthn:virtualAuthenticators: true}
Element: [[ChromeDriver: chrome on windows (440c617b867bedfb50725d99a9db068e)] -> xpath: (//mat-select[@role='combobox'])[1]]
Session ID: 440c617b867bedfb50725d99a9db068e
org.openqa.selenium.ElementClickInterceptedException: element click intercepted: Element <mat-select role="combobox" aria-haspopup="listbox" class="mat-mdc-select primary-control ng-tns-c1073613477-85 mat-mdc-select-required ng-untouched ng-pristine ng-star-inserted mat-mdc-select-disabled" aria-labelledby="mat-select-value-16" id="mat-select-16" tabindex="-1" aria-expanded="false" aria-required="true" aria-disabled="true" aria-invalid="false" required="">...</mat-select> is not clickable at point (1108, 368). Other element would receive the click: <mat-form-field class="mat-mdc-form-field ng-tns-c508571215-84 mat-mdc-form-field-type-common-select mat-mdc-form-field-has-icon-prefix mat-mdc-form-field-has-icon-suffix mat-form-field-appearance-outline mat-primary ng-untouched ng-star-inserted mat-form-field-disabled ng-dirty" style="--mat-form-field-notch-max-width: calc(100% - 8px);">...</mat-form-field>
  (Session info: chrome=131.0.6778.205)
Build info: version: '4.27.0', revision: 'd6e718d134'
System info: os.name: 'Windows 11', os.arch: 'amd64', os.version: '10.0', java.version: '21.0.3'
Driver info: org.openqa.selenium.chrome.ChromeDriver
Command: [440c617b867bedfb50725d99a9db068e, clickElement {id=f.35126E6CDBB9CC36C31D40E0A8F09C8E.d.0A2969E63B4C854D811B5227FA50F674.e.378}]
Capabilities {acceptInsecureCerts: false, browserName: chrome, browserVersion: 131.0.6778.205, chrome: {chromedriverVersion: 131.0.6778.204 (52183f9e99a..., userDataDir: C:\Users\INGRID~1.ZAD\AppDa...}, fedcm:accounts: true, goog:chromeOptions: {debuggerAddress: localhost:64864}, networkConnectionEnabled: false, pageLoadStrategy: normal, platformName: windows, proxy: Proxy(), se:cdp: ws://localhost:64864/devtoo..., se:cdpVersion: 131.0.6778.205, setWindowRect: true, strictFileInteractability: false, timeouts: {implicit: 0, pageLoad: 300000, script: 30000}, unhandledPromptBehavior: dismiss and notify, webauthn:extension:credBlob: true, webauthn:extension:largeBlob: true, webauthn:extension:minPinLength: true, webauthn:extension:prf: true, webauthn:virtualAuthenticators: true}
Element: [[ChromeDriver: chrome on windows (440c617b867bedfb50725d99a9db068e)] -> xpath: (//mat-select[@role='combobox'])[1]]
Session ID: 440c617b867bedfb50725d99a9db068e
	at java.base/jdk.internal.reflect.DirectConstructorHandleAccessor.newInstance(DirectConstructorHandleAccessor.java:62)
	at java.base/java.lang.reflect.Constructor.newInstanceWithCaller(Constructor.java:502)
	at java.base/java.lang.reflect.Constructor.newInstance(Constructor.java:486)
	at org.openqa.selenium.remote.ErrorCodec.decode(ErrorCodec.java:167)
	at org.openqa.selenium.remote.codec.w3c.W3CHttpResponseCodec.decode(W3CHttpResponseCodec.java:138)
	at org.openqa.selenium.remote.codec.w3c.W3CHttpResponseCodec.decode(W3CHttpResponseCodec.java:50)
	at org.openqa.selenium.remote.HttpCommandExecutor.execute(HttpCommandExecutor.java:190)
	at org.openqa.selenium.remote.service.DriverCommandExecutor.invokeExecute(DriverCommandExecutor.java:216)
	at org.openqa.selenium.remote.service.DriverCommandExecutor.execute(DriverCommandExecutor.java:174)
	at org.openqa.selenium.remote.RemoteWebDriver.execute(RemoteWebDriver.java:545)
	at org.openqa.selenium.remote.RemoteWebElement.execute(RemoteWebElement.java:223)
	at org.openqa.selenium.remote.RemoteWebElement.click(RemoteWebElement.java:76)
	at java.base/jdk.internal.reflect.DirectMethodHandleAccessor.invoke(DirectMethodHandleAccessor.java:103)
	at java.base/java.lang.reflect.Method.invoke(Method.java:580)
	at org.openqa.selenium.support.pagefactory.internal.LocatingElementHandler.invoke(LocatingElementHandler.java:51)
	at jdk.proxy2/jdk.proxy2.$Proxy14.click(Unknown Source)
	at lt.insoft.uztis.pages.InvitationsPage.selectDropdownAmountInformation(InvitationsPage.java:322)
	at lt.insoft.uztis.tests.InvitationsPageTest.testEditAndPublishVuiInvitationDraft(InvitationsPageTest.java:161)
	at java.base/jdk.internal.reflect.DirectMethodHandleAccessor.invoke(DirectMethodHandleAccessor.java:103)
	at java.base/java.lang.reflect.Method.invoke(Method.java:580)
	at org.junit.platform.commons.util.ReflectionUtils.invokeMethod(ReflectionUtils.java:728)
	at org.junit.jupiter.engine.execution.MethodInvocation.proceed(MethodInvocation.java:60)
	at org.junit.jupiter.engine.execution.InvocationInterceptorChain$ValidatingInvocation.proceed(InvocationInterceptorChain.java:131)
	at org.junit.jupiter.engine.extension.TimeoutExtension.intercept(TimeoutExtension.java:156)
	at org.junit.jupiter.engine.extension.TimeoutExtension.interceptTestableMethod(TimeoutExtension.java:147)
	at org.junit.jupiter.engine.extension.TimeoutExtension.interceptTestMethod(TimeoutExtension.java:86)
	at org.junit.jupiter.engine.execution.InterceptingExecutableInvoker$ReflectiveInterceptorCall.lambda$ofVoidMethod$0(InterceptingExecutableInvoker.java:103)
	at org.junit.jupiter.engine.execution.InterceptingExecutableInvoker.lambda$invoke$0(InterceptingExecutableInvoker.java:93)
	at org.junit.jupiter.engine.execution.InvocationInterceptorChain$InterceptedInvocation.proceed(InvocationInterceptorChain.java:106)
	at org.junit.jupiter.engine.execution.InvocationInterceptorChain.proceed(InvocationInterceptorChain.java:64)
	at org.junit.jupiter.engine.execution.InvocationInterceptorChain.chainAndInvoke(InvocationInterceptorChain.java:45)
	at org.junit.jupiter.engine.execution.InvocationInterceptorChain.invoke(InvocationInterceptorChain.java:37)
	at org.junit.jupiter.engine.execution.InterceptingExecutableInvoker.invoke(InterceptingExecutableInvoker.java:92)
	at org.junit.jupiter.engine.execution.InterceptingExecutableInvoker.invoke(InterceptingExecutableInvoker.java:86)
	at org.junit.jupiter.engine.descriptor.TestMethodTestDescriptor.lambda$invokeTestMethod$7(TestMethodTestDescriptor.java:218)
	at org.junit.platform.engine.support.hierarchical.ThrowableCollector.execute(ThrowableCollector.java:73)
	at org.junit.jupiter.engine.descriptor.TestMethodTestDescriptor.invokeTestMethod(TestMethodTestDescriptor.java:214)
	at org.junit.jupiter.engine.descriptor.TestMethodTestDescriptor.execute(TestMethodTestDescriptor.java:139)
	at org.junit.jupiter.engine.descriptor.TestMethodTestDescriptor.execute(TestMethodTestDescriptor.java:69)
	at org.junit.platform.engine.support.hierarchical.NodeTestTask.lambda$executeRecursively$6(NodeTestTask.java:151)
	at org.junit.platform.engine.support.hierarchical.ThrowableCollector.execute(ThrowableCollector.java:73)
	at org.junit.platform.engine.support.hierarchical.NodeTestTask.lambda$executeRecursively$8(NodeTestTask.java:141)
	at org.junit.platform.engine.support.hierarchical.Node.around(Node.java:137)
	at org.junit.platform.engine.support.hierarchical.NodeTestTask.lambda$executeRecursively$9(NodeTestTask.java:139)
	at org.junit.platform.engine.support.hierarchical.ThrowableCollector.execute(ThrowableCollector.java:73)
	at org.junit.platform.engine.support.hierarchical.NodeTestTask.executeRecursively(NodeTestTask.java:138)
	at org.junit.platform.engine.support.hierarchical.NodeTestTask.execute(NodeTestTask.java:95)
	at java.base/java.util.ArrayList.forEach(ArrayList.java:1596)
	at org.junit.platform.engine.support.hierarchical.SameThreadHierarchicalTestExecutorService.invokeAll(SameThreadHierarchicalTestExecutorService.java:41)
	at org.junit.platform.engine.support.hierarchical.NodeTestTask.lambda$executeRecursively$6(NodeTestTask.java:155)
	at org.junit.platform.engine.support.hierarchical.ThrowableCollector.execute(ThrowableCollector.java:73)
	at org.junit.platform.engine.support.hierarchical.NodeTestTask.lambda$executeRecursively$8(NodeTestTask.java:141)
	at org.junit.platform.engine.support.hierarchical.Node.around(Node.java:137)
	at org.junit.platform.engine.support.hierarchical.NodeTestTask.lambda$executeRecursively$9(NodeTestTask.java:139)
	at org.junit.platform.engine.support.hierarchical.ThrowableCollector.execute(ThrowableCollector.java:73)
	at org.junit.platform.engine.support.hierarchical.NodeTestTask.executeRecursively(NodeTestTask.java:138)
	at org.junit.platform.engine.support.hierarchical.NodeTestTask.execute(NodeTestTask.java:95)
	at java.base/java.util.ArrayList.forEach(ArrayList.java:1596)
	at org.junit.platform.engine.support.hierarchical.SameThreadHierarchicalTestExecutorService.invokeAll(SameThreadHierarchicalTestExecutorService.java:41)
	at org.junit.platform.engine.support.hierarchical.NodeTestTask.lambda$executeRecursively$6(NodeTestTask.java:155)
	at org.junit.platform.engine.support.hierarchical.ThrowableCollector.execute(ThrowableCollector.java:73)
	at org.junit.platform.engine.support.hierarchical.NodeTestTask.lambda$executeRecursively$8(NodeTestTask.java:141)
	at org.junit.platform.engine.support.hierarchical.Node.around(Node.java:137)
	at org.junit.platform.engine.support.hierarchical.NodeTestTask.lambda$executeRecursively$9(NodeTestTask.java:139)
	at org.junit.platform.engine.support.hierarchical.ThrowableCollector.execute(ThrowableCollector.java:73)
	at org.junit.platform.engine.support.hierarchical.NodeTestTask.executeRecursively(NodeTestTask.java:138)
	at org.junit.platform.engine.support.hierarchical.NodeTestTask.execute(NodeTestTask.java:95)
	at org.junit.platform.engine.support.hierarchical.SameThreadHierarchicalTestExecutorService.submit(SameThreadHierarchicalTestExecutorService.java:35)
	at org.junit.platform.engine.support.hierarchical.HierarchicalTestExecutor.execute(HierarchicalTestExecutor.java:57)
	at org.junit.platform.engine.support.hierarchical.HierarchicalTestEngine.execute(HierarchicalTestEngine.java:54)
	at org.junit.platform.launcher.core.EngineExecutionOrchestrator.execute(EngineExecutionOrchestrator.java:198)
	at org.junit.platform.launcher.core.EngineExecutionOrchestrator.execute(EngineExecutionOrchestrator.java:169)
	at org.junit.platform.launcher.core.EngineExecutionOrchestrator.execute(EngineExecutionOrchestrator.java:93)
	at org.junit.platform.launcher.core.EngineExecutionOrchestrator.lambda$execute$0(EngineExecutionOrchestrator.java:58)
	at org.junit.platform.launcher.core.EngineExecutionOrchestrator.withInterceptedStreams(EngineExecutionOrchestrator.java:141)
	at org.junit.platform.launcher.core.EngineExecutionOrchestrator.execute(EngineExecutionOrchestrator.java:57)
	at org.junit.platform.launcher.core.DefaultLauncher.execute(DefaultLauncher.java:103)
	at org.junit.platform.launcher.core.DefaultLauncher.execute(DefaultLauncher.java:85)
	at org.junit.platform.launcher.core.DelegatingLauncher.execute(DelegatingLauncher.java:47)
	at org.junit.platform.launcher.core.SessionPerRequestLauncher.execute(SessionPerRequestLauncher.java:63)
	at com.intellij.junit5.JUnit5IdeaTestRunner.startRunnerWithArgs(JUnit5IdeaTestRunner.java:57)
	at com.intellij.rt.junit.IdeaTestRunner$Repeater$1.execute(IdeaTestRunner.java:38)
	at com.intellij.rt.execution.junit.TestsRepeater.repeat(TestsRepeater.java:11)
	at com.intellij.rt.junit.IdeaTestRunner$Repeater.startRunnerWithArgs(IdeaTestRunner.java:35)
	at com.intellij.rt.junit.JUnitStarter.prepareStreamsAndStart(JUnitStarter.java:232)
	at com.intellij.rt.junit.JUnitStarter.main(JUnitStarter.java:55)
2025-01-02 14:07:11 [main] INFO  l.insoft.uztis.tests.utils.TestUtils - Screenshot moved to C:\Users\ingrida.zadorozniene\Desktop\Asm\UZTIS\UZTIS_tests\test-output\screenshots\20250102\140711628_testEditAndPublishVuiInvitationDraft().png
2025-01-02 14:15:13 [main] INFO  lt.insoft.uztis.tests.UztisPageTest - Navigated to https://uztisdev.asseco.lt/home
2025-01-02 14:15:13 [main] INFO  l.i.uztis.tests.InvitationsPageTest - Starting test:'testEditAndPublishVuiInvitationDraft'
2025-01-02 14:15:13 [main] DEBUG l.i.uztis.tests.InvitationsPageTest - Opened 'Application Processing' menu.
2025-01-02 14:15:13 [main] DEBUG l.i.uztis.tests.InvitationsPageTest - Clicked on 'Application Forms' menu.
2025-01-02 14:15:14 [main] DEBUG l.i.uztis.tests.InvitationsPageTest - Retrieved last description code text: 'TST-85'.
2025-01-02 14:15:14 [main] DEBUG l.i.uztis.tests.InvitationsPageTest - Clicked on 'Invitation' menu.
2025-01-02 14:15:15 [main] DEBUG l.i.uztis.tests.InvitationsPageTest - Selected section by code: 'TST-85'.
2025-01-02 14:15:15 [main] DEBUG l.i.uztis.tests.InvitationsPageTest - Clicked 'Search'.
2025-01-02 14:15:15 [main] DEBUG l.i.uztis.tests.InvitationsPageTest - Clicked 'InvitationDraft'.
2025-01-02 14:15:15 [main] DEBUG l.i.uztis.tests.InvitationsPageTest - Clicked 'Edit'.
2025-01-02 14:15:16 [main] DEBUG l.i.uztis.tests.InvitationsPageTest - Entered publication end date.
2025-01-02 14:15:16 [main] DEBUG l.i.uztis.tests.InvitationsPageTest - Added additional values.
2025-01-02 14:15:16 [main] INFO  l.insoft.uztis.pages.InvitationsPage - Located the dropdown button.
2025-01-02 14:15:36 [main] ERROR l.i.uztis.tests.InvitationsPageTest - Test 'testEditAndPublishVuiInvitationDraft' failed with error: Expected condition failed: waiting for element to be clickable: Proxy element for: DefaultElementLocator 'By.xpath: (//mat-select[@role='combobox'])[1]//mat-option[1]' (tried for 10 second(s) with 500 milliseconds interval)
org.openqa.selenium.TimeoutException: Expected condition failed: waiting for element to be clickable: Proxy element for: DefaultElementLocator 'By.xpath: (//mat-select[@role='combobox'])[1]//mat-option[1]' (tried for 10 second(s) with 500 milliseconds interval)
	at org.openqa.selenium.support.ui.WebDriverWait.timeoutException(WebDriverWait.java:84)
	at org.openqa.selenium.support.ui.FluentWait.until(FluentWait.java:228)
	at lt.insoft.uztis.pages.InvitationsPage.selectDropdownAmountInformation(InvitationsPage.java:322)
	at lt.insoft.uztis.tests.InvitationsPageTest.testEditAndPublishVuiInvitationDraft(InvitationsPageTest.java:161)
	at java.base/jdk.internal.reflect.DirectMethodHandleAccessor.invoke(DirectMethodHandleAccessor.java:103)
	at java.base/java.lang.reflect.Method.invoke(Method.java:580)
	at org.junit.platform.commons.util.ReflectionUtils.invokeMethod(ReflectionUtils.java:728)
	at org.junit.jupiter.engine.execution.MethodInvocation.proceed(MethodInvocation.java:60)
	at org.junit.jupiter.engine.execution.InvocationInterceptorChain$ValidatingInvocation.proceed(InvocationInterceptorChain.java:131)
	at org.junit.jupiter.engine.extension.TimeoutExtension.intercept(TimeoutExtension.java:156)
	at org.junit.jupiter.engine.extension.TimeoutExtension.interceptTestableMethod(TimeoutExtension.java:147)
	at org.junit.jupiter.engine.extension.TimeoutExtension.interceptTestMethod(TimeoutExtension.java:86)
	at org.junit.jupiter.engine.execution.InterceptingExecutableInvoker$ReflectiveInterceptorCall.lambda$ofVoidMethod$0(InterceptingExecutableInvoker.java:103)
	at org.junit.jupiter.engine.execution.InterceptingExecutableInvoker.lambda$invoke$0(InterceptingExecutableInvoker.java:93)
	at org.junit.jupiter.engine.execution.InvocationInterceptorChain$InterceptedInvocation.proceed(InvocationInterceptorChain.java:106)
	at org.junit.jupiter.engine.execution.InvocationInterceptorChain.proceed(InvocationInterceptorChain.java:64)
	at org.junit.jupiter.engine.execution.InvocationInterceptorChain.chainAndInvoke(InvocationInterceptorChain.java:45)
	at org.junit.jupiter.engine.execution.InvocationInterceptorChain.invoke(InvocationInterceptorChain.java:37)
	at org.junit.jupiter.engine.execution.InterceptingExecutableInvoker.invoke(InterceptingExecutableInvoker.java:92)
	at org.junit.jupiter.engine.execution.InterceptingExecutableInvoker.invoke(InterceptingExecutableInvoker.java:86)
	at org.junit.jupiter.engine.descriptor.TestMethodTestDescriptor.lambda$invokeTestMethod$7(TestMethodTestDescriptor.java:218)
	at org.junit.platform.engine.support.hierarchical.ThrowableCollector.execute(ThrowableCollector.java:73)
	at org.junit.jupiter.engine.descriptor.TestMethodTestDescriptor.invokeTestMethod(TestMethodTestDescriptor.java:214)
	at org.junit.jupiter.engine.descriptor.TestMethodTestDescriptor.execute(TestMethodTestDescriptor.java:139)
	at org.junit.jupiter.engine.descriptor.TestMethodTestDescriptor.execute(TestMethodTestDescriptor.java:69)
	at org.junit.platform.engine.support.hierarchical.NodeTestTask.lambda$executeRecursively$6(NodeTestTask.java:151)
	at org.junit.platform.engine.support.hierarchical.ThrowableCollector.execute(ThrowableCollector.java:73)
	at org.junit.platform.engine.support.hierarchical.NodeTestTask.lambda$executeRecursively$8(NodeTestTask.java:141)
	at org.junit.platform.engine.support.hierarchical.Node.around(Node.java:137)
	at org.junit.platform.engine.support.hierarchical.NodeTestTask.lambda$executeRecursively$9(NodeTestTask.java:139)
	at org.junit.platform.engine.support.hierarchical.ThrowableCollector.execute(ThrowableCollector.java:73)
	at org.junit.platform.engine.support.hierarchical.NodeTestTask.executeRecursively(NodeTestTask.java:138)
	at org.junit.platform.engine.support.hierarchical.NodeTestTask.execute(NodeTestTask.java:95)
	at java.base/java.util.ArrayList.forEach(ArrayList.java:1596)
	at org.junit.platform.engine.support.hierarchical.SameThreadHierarchicalTestExecutorService.invokeAll(SameThreadHierarchicalTestExecutorService.java:41)
	at org.junit.platform.engine.support.hierarchical.NodeTestTask.lambda$executeRecursively$6(NodeTestTask.java:155)
	at org.junit.platform.engine.support.hierarchical.ThrowableCollector.execute(ThrowableCollector.java:73)
	at org.junit.platform.engine.support.hierarchical.NodeTestTask.lambda$executeRecursively$8(NodeTestTask.java:141)
	at org.junit.platform.engine.support.hierarchical.Node.around(Node.java:137)
	at org.junit.platform.engine.support.hierarchical.NodeTestTask.lambda$executeRecursively$9(NodeTestTask.java:139)
	at org.junit.platform.engine.support.hierarchical.ThrowableCollector.execute(ThrowableCollector.java:73)
	at org.junit.platform.engine.support.hierarchical.NodeTestTask.executeRecursively(NodeTestTask.java:138)
	at org.junit.platform.engine.support.hierarchical.NodeTestTask.execute(NodeTestTask.java:95)
	at java.base/java.util.ArrayList.forEach(ArrayList.java:1596)
	at org.junit.platform.engine.support.hierarchical.SameThreadHierarchicalTestExecutorService.invokeAll(SameThreadHierarchicalTestExecutorService.java:41)
	at org.junit.platform.engine.support.hierarchical.NodeTestTask.lambda$executeRecursively$6(NodeTestTask.java:155)
	at org.junit.platform.engine.support.hierarchical.ThrowableCollector.execute(ThrowableCollector.java:73)
	at org.junit.platform.engine.support.hierarchical.NodeTestTask.lambda$executeRecursively$8(NodeTestTask.java:141)
	at org.junit.platform.engine.support.hierarchical.Node.around(Node.java:137)
	at org.junit.platform.engine.support.hierarchical.NodeTestTask.lambda$executeRecursively$9(NodeTestTask.java:139)
	at org.junit.platform.engine.support.hierarchical.ThrowableCollector.execute(ThrowableCollector.java:73)
	at org.junit.platform.engine.support.hierarchical.NodeTestTask.executeRecursively(NodeTestTask.java:138)
	at org.junit.platform.engine.support.hierarchical.NodeTestTask.execute(NodeTestTask.java:95)
	at org.junit.platform.engine.support.hierarchical.SameThreadHierarchicalTestExecutorService.submit(SameThreadHierarchicalTestExecutorService.java:35)
	at org.junit.platform.engine.support.hierarchical.HierarchicalTestExecutor.execute(HierarchicalTestExecutor.java:57)
	at org.junit.platform.engine.support.hierarchical.HierarchicalTestEngine.execute(HierarchicalTestEngine.java:54)
	at org.junit.platform.launcher.core.EngineExecutionOrchestrator.execute(EngineExecutionOrchestrator.java:198)
	at org.junit.platform.launcher.core.EngineExecutionOrchestrator.execute(EngineExecutionOrchestrator.java:169)
	at org.junit.platform.launcher.core.EngineExecutionOrchestrator.execute(EngineExecutionOrchestrator.java:93)
	at org.junit.platform.launcher.core.EngineExecutionOrchestrator.lambda$execute$0(EngineExecutionOrchestrator.java:58)
	at org.junit.platform.launcher.core.EngineExecutionOrchestrator.withInterceptedStreams(EngineExecutionOrchestrator.java:141)
	at org.junit.platform.launcher.core.EngineExecutionOrchestrator.execute(EngineExecutionOrchestrator.java:57)
	at org.junit.platform.launcher.core.DefaultLauncher.execute(DefaultLauncher.java:103)
	at org.junit.platform.launcher.core.DefaultLauncher.execute(DefaultLauncher.java:85)
	at org.junit.platform.launcher.core.DelegatingLauncher.execute(DelegatingLauncher.java:47)
	at org.junit.platform.launcher.core.SessionPerRequestLauncher.execute(SessionPerRequestLauncher.java:63)
	at com.intellij.junit5.JUnit5IdeaTestRunner.startRunnerWithArgs(JUnit5IdeaTestRunner.java:57)
	at com.intellij.rt.junit.IdeaTestRunner$Repeater$1.execute(IdeaTestRunner.java:38)
	at com.intellij.rt.execution.junit.TestsRepeater.repeat(TestsRepeater.java:11)
	at com.intellij.rt.junit.IdeaTestRunner$Repeater.startRunnerWithArgs(IdeaTestRunner.java:35)
	at com.intellij.rt.junit.JUnitStarter.prepareStreamsAndStart(JUnitStarter.java:232)
	at com.intellij.rt.junit.JUnitStarter.main(JUnitStarter.java:55)
Caused by: org.openqa.selenium.NoSuchElementException: no such element: Unable to locate element: {"method":"xpath","selector":"(//mat-select[@role='combobox'])[1]//mat-option[1]"}
  (Session info: chrome=131.0.6778.205)
For documentation on this error, please visit: https://www.selenium.dev/documentation/webdriver/troubleshooting/errors#no-such-element-exception
Build info: version: '4.27.0', revision: 'd6e718d134'
System info: os.name: 'Windows 11', os.arch: 'amd64', os.version: '10.0', java.version: '21.0.3'
Driver info: org.openqa.selenium.chrome.ChromeDriver
Command: [f8e4136e9bf8b1649710e77f848c4bcd, findElement {value=(//mat-select[@role='combobox'])[1]//mat-option[1], using=xpath}]
Capabilities {acceptInsecureCerts: false, browserName: chrome, browserVersion: 131.0.6778.205, chrome: {chromedriverVersion: 131.0.6778.204 (52183f9e99a..., userDataDir: C:\Users\INGRID~1.ZAD\AppDa...}, fedcm:accounts: true, goog:chromeOptions: {debuggerAddress: localhost:65135}, networkConnectionEnabled: false, pageLoadStrategy: normal, platformName: windows, proxy: Proxy(), se:cdp: ws://localhost:65135/devtoo..., se:cdpVersion: 131.0.6778.205, setWindowRect: true, strictFileInteractability: false, timeouts: {implicit: 0, pageLoad: 300000, script: 30000}, unhandledPromptBehavior: dismiss and notify, webauthn:extension:credBlob: true, webauthn:extension:largeBlob: true, webauthn:extension:minPinLength: true, webauthn:extension:prf: true, webauthn:virtualAuthenticators: true}
Session ID: f8e4136e9bf8b1649710e77f848c4bcd
	at java.base/jdk.internal.reflect.DirectConstructorHandleAccessor.newInstance(DirectConstructorHandleAccessor.java:62)
	at java.base/java.lang.reflect.Constructor.newInstanceWithCaller(Constructor.java:502)
	at java.base/java.lang.reflect.Constructor.newInstance(Constructor.java:486)
	at org.openqa.selenium.remote.ErrorCodec.decode(ErrorCodec.java:167)
	at org.openqa.selenium.remote.codec.w3c.W3CHttpResponseCodec.decode(W3CHttpResponseCodec.java:138)
	at org.openqa.selenium.remote.codec.w3c.W3CHttpResponseCodec.decode(W3CHttpResponseCodec.java:50)
	at org.openqa.selenium.remote.HttpCommandExecutor.execute(HttpCommandExecutor.java:190)
	at org.openqa.selenium.remote.service.DriverCommandExecutor.invokeExecute(DriverCommandExecutor.java:216)
	at org.openqa.selenium.remote.service.DriverCommandExecutor.execute(DriverCommandExecutor.java:174)
	at org.openqa.selenium.remote.RemoteWebDriver.execute(RemoteWebDriver.java:545)
	at org.openqa.selenium.remote.ElementLocation$ElementFinder$2.findElement(ElementLocation.java:165)
	at org.openqa.selenium.remote.ElementLocation.findElement(ElementLocation.java:59)
	at org.openqa.selenium.remote.RemoteWebDriver.findElement(RemoteWebDriver.java:368)
	at org.openqa.selenium.remote.RemoteWebDriver.findElement(RemoteWebDriver.java:362)
	at org.openqa.selenium.support.pagefactory.DefaultElementLocator.findElement(DefaultElementLocator.java:68)
	at org.openqa.selenium.support.pagefactory.internal.LocatingElementHandler.invoke(LocatingElementHandler.java:38)
	at jdk.proxy2/jdk.proxy2.$Proxy14.isDisplayed(Unknown Source)
	at org.openqa.selenium.support.ui.ExpectedConditions.elementIfVisible(ExpectedConditions.java:304)
	at org.openqa.selenium.support.ui.ExpectedConditions$10.apply(ExpectedConditions.java:290)
	at org.openqa.selenium.support.ui.ExpectedConditions$10.apply(ExpectedConditions.java:287)
	at org.openqa.selenium.support.ui.ExpectedConditions$23.apply(ExpectedConditions.java:656)
	at org.openqa.selenium.support.ui.ExpectedConditions$23.apply(ExpectedConditions.java:652)
	at org.openqa.selenium.support.ui.FluentWait.until(FluentWait.java:203)
	... 70 common frames omitted
2025-01-02 14:15:36 [main] INFO  l.insoft.uztis.tests.utils.TestUtils - Screenshot moved to C:\Users\ingrida.zadorozniene\Desktop\Asm\UZTIS\UZTIS_tests\test-output\screenshots\20250102\141536903_testEditAndPublishVuiInvitationDraft().png
2025-01-02 14:21:16 [main] INFO  lt.insoft.uztis.tests.UztisPageTest - Navigated to https://uztisdev.asseco.lt/home
2025-01-02 14:21:16 [main] INFO  l.i.uztis.tests.InvitationsPageTest - Starting test:'testEditAndPublishVuiInvitationDraft'
2025-01-02 14:21:17 [main] DEBUG l.i.uztis.tests.InvitationsPageTest - Opened 'Application Processing' menu.
2025-01-02 14:21:17 [main] DEBUG l.i.uztis.tests.InvitationsPageTest - Clicked on 'Application Forms' menu.
2025-01-02 14:21:17 [main] DEBUG l.i.uztis.tests.InvitationsPageTest - Retrieved last description code text: 'TST-85'.
2025-01-02 14:21:17 [main] DEBUG l.i.uztis.tests.InvitationsPageTest - Clicked on 'Invitation' menu.
2025-01-02 14:21:17 [main] DEBUG l.i.uztis.tests.InvitationsPageTest - Selected section by code: 'TST-85'.
2025-01-02 14:21:18 [main] DEBUG l.i.uztis.tests.InvitationsPageTest - Clicked 'Search'.
2025-01-02 14:21:18 [main] DEBUG l.i.uztis.tests.InvitationsPageTest - Clicked 'InvitationDraft'.
2025-01-02 14:21:18 [main] DEBUG l.i.uztis.tests.InvitationsPageTest - Clicked 'Edit'.
2025-01-02 14:21:19 [main] DEBUG l.i.uztis.tests.InvitationsPageTest - Entered publication end date.
2025-01-02 14:21:19 [main] DEBUG l.i.uztis.tests.InvitationsPageTest - Added additional values.
2025-01-02 14:21:19 [main] INFO  l.insoft.uztis.pages.InvitationsPage - Located the dropdown button.
2025-01-02 14:21:19 [main] INFO  l.insoft.uztis.pages.InvitationsPage - Successfully selected the value: 'Didžiausia galima paramos suma aplinkos darbo vietai, Eur'
2025-01-02 14:21:19 [main] DEBUG l.i.uztis.tests.InvitationsPageTest - Selected the value: 'Didžiausia galima paramos suma aplinkos darbo vietai, Eur'
2025-01-02 14:21:19 [main] INFO  l.insoft.uztis.pages.InvitationsPage - Located the dropdown button.
2025-01-02 14:21:20 [main] INFO  l.insoft.uztis.pages.InvitationsPage - Successfully selected the value: 'Didžiausia galima paramos suma, Eur'
2025-01-02 14:21:20 [main] DEBUG l.i.uztis.tests.InvitationsPageTest - Selected the value: 'Didžiausia galima paramos suma, Eur'
2025-01-02 14:21:20 [main] INFO  l.insoft.uztis.pages.InvitationsPage - Located the dropdown button.
2025-01-02 14:21:20 [main] INFO  l.insoft.uztis.pages.InvitationsPage - Successfully selected the value: 'Didžiausia galima paramos suma vienai darbo vietai, Eur'
2025-01-02 14:21:20 [main] DEBUG l.i.uztis.tests.InvitationsPageTest - Selected the value: 'Didžiausia galima paramos suma vienai darbo vietai, Eur'
2025-01-02 14:21:20 [main] DEBUG l.i.uztis.tests.InvitationsPageTest - Entered value: 11000
2025-01-02 14:21:20 [main] DEBUG l.i.uztis.tests.InvitationsPageTest - Entered value: 12000
2025-01-02 14:21:21 [main] DEBUG l.i.uztis.tests.InvitationsPageTest - Entered value: 13000
2025-01-02 14:21:21 [main] DEBUG l.i.uztis.tests.InvitationsPageTest - Entered values: first, second, and third.
2025-01-02 14:21:21 [main] DEBUG l.i.uztis.tests.InvitationsPageTest - Checked 'Legal Entities' checkbox.
2025-01-02 14:21:21 [main] DEBUG l.i.uztis.tests.InvitationsPageTest - Unchecked 'Persons Registered with Employment Service' checkbox.
2025-01-02 14:21:21 [main] DEBUG l.i.uztis.tests.InvitationsPageTest - Checked 'Persons Registered as Employers' checkbox.
2025-01-02 14:21:21 [main] DEBUG l.i.uztis.tests.InvitationsPageTest - Entered second evaluation grade: '5'.
2025-01-02 14:21:21 [main] DEBUG l.i.uztis.tests.InvitationsPageTest - Entered third evaluation grade: '6'.
2025-01-02 14:21:21 [main] DEBUG l.i.uztis.tests.InvitationsPageTest - Entered second evaluation grade weight: '0,45'.
2025-01-02 14:21:21 [main] DEBUG l.i.uztis.tests.InvitationsPageTest - Entered third evaluation grade weight: '0,55'.
2025-01-02 14:21:21 [main] DEBUG l.i.uztis.tests.InvitationsPageTest - Entered budget: '2000'.
2025-01-02 14:21:22 [main] DEBUG l.i.uztis.tests.InvitationsPageTest - Entered description text: 'Aprašo tekstas'.
2025-01-02 14:21:22 [main] DEBUG l.i.uztis.tests.InvitationsPageTest - Entered applicants text: 'Pareiškėjų tekstas'.
2025-01-02 14:21:22 [main] DEBUG l.i.uztis.tests.InvitationsPageTest - Entered expenditures text: 'Išlaidų tekstas'.
2025-01-02 14:21:22 [main] DEBUG l.i.uztis.tests.InvitationsPageTest - Entered legislation text: 'Teisės aktų tekstas'.
2025-01-02 14:21:22 [main] DEBUG l.i.uztis.tests.InvitationsPageTest - Entered education text: 'Mokymų tekstas'.
2025-01-02 14:21:22 [main] DEBUG l.i.uztis.tests.InvitationsPageTest - File uploaded.
2025-01-02 14:21:22 [main] DEBUG l.i.uztis.tests.InvitationsPageTest - Clicked 'Publish'.
2025-01-02 14:21:32 [main] ERROR l.i.uztis.tests.InvitationsPageTest - Test 'testEditAndPublishVuiInvitationDraft' failed with error: no such element: Unable to locate element: {"method":"css selector","selector":".reverse-mobile .ng-star-inserted:nth-of-type(2)"}
  (Session info: chrome=131.0.6778.205)
For documentation on this error, please visit: https://www.selenium.dev/documentation/webdriver/troubleshooting/errors#no-such-element-exception
Build info: version: '4.27.0', revision: 'd6e718d134'
System info: os.name: 'Windows 11', os.arch: 'amd64', os.version: '10.0', java.version: '21.0.3'
Driver info: org.openqa.selenium.chrome.ChromeDriver
Command: [619771e635f796cd236b463817cf1863, findElement {using=css selector, value=.reverse-mobile .ng-star-inserted:nth-of-type(2)}]
Capabilities {acceptInsecureCerts: false, browserName: chrome, browserVersion: 131.0.6778.205, chrome: {chromedriverVersion: 131.0.6778.204 (52183f9e99a..., userDataDir: C:\Users\INGRID~1.ZAD\AppDa...}, fedcm:accounts: true, goog:chromeOptions: {debuggerAddress: localhost:65329}, networkConnectionEnabled: false, pageLoadStrategy: normal, platformName: windows, proxy: Proxy(), se:cdp: ws://localhost:65329/devtoo..., se:cdpVersion: 131.0.6778.205, setWindowRect: true, strictFileInteractability: false, timeouts: {implicit: 0, pageLoad: 300000, script: 30000}, unhandledPromptBehavior: dismiss and notify, webauthn:extension:credBlob: true, webauthn:extension:largeBlob: true, webauthn:extension:minPinLength: true, webauthn:extension:prf: true, webauthn:virtualAuthenticators: true}
Session ID: 619771e635f796cd236b463817cf1863
org.openqa.selenium.NoSuchElementException: no such element: Unable to locate element: {"method":"css selector","selector":".reverse-mobile .ng-star-inserted:nth-of-type(2)"}
  (Session info: chrome=131.0.6778.205)
For documentation on this error, please visit: https://www.selenium.dev/documentation/webdriver/troubleshooting/errors#no-such-element-exception
Build info: version: '4.27.0', revision: 'd6e718d134'
System info: os.name: 'Windows 11', os.arch: 'amd64', os.version: '10.0', java.version: '21.0.3'
Driver info: org.openqa.selenium.chrome.ChromeDriver
Command: [619771e635f796cd236b463817cf1863, findElement {using=css selector, value=.reverse-mobile .ng-star-inserted:nth-of-type(2)}]
Capabilities {acceptInsecureCerts: false, browserName: chrome, browserVersion: 131.0.6778.205, chrome: {chromedriverVersion: 131.0.6778.204 (52183f9e99a..., userDataDir: C:\Users\INGRID~1.ZAD\AppDa...}, fedcm:accounts: true, goog:chromeOptions: {debuggerAddress: localhost:65329}, networkConnectionEnabled: false, pageLoadStrategy: normal, platformName: windows, proxy: Proxy(), se:cdp: ws://localhost:65329/devtoo..., se:cdpVersion: 131.0.6778.205, setWindowRect: true, strictFileInteractability: false, timeouts: {implicit: 0, pageLoad: 300000, script: 30000}, unhandledPromptBehavior: dismiss and notify, webauthn:extension:credBlob: true, webauthn:extension:largeBlob: true, webauthn:extension:minPinLength: true, webauthn:extension:prf: true, webauthn:virtualAuthenticators: true}
Session ID: 619771e635f796cd236b463817cf1863
	at java.base/jdk.internal.reflect.DirectConstructorHandleAccessor.newInstance(DirectConstructorHandleAccessor.java:62)
	at java.base/java.lang.reflect.Constructor.newInstanceWithCaller(Constructor.java:502)
	at java.base/java.lang.reflect.Constructor.newInstance(Constructor.java:486)
	at org.openqa.selenium.remote.ErrorCodec.decode(ErrorCodec.java:167)
	at org.openqa.selenium.remote.codec.w3c.W3CHttpResponseCodec.decode(W3CHttpResponseCodec.java:138)
	at org.openqa.selenium.remote.codec.w3c.W3CHttpResponseCodec.decode(W3CHttpResponseCodec.java:50)
	at org.openqa.selenium.remote.HttpCommandExecutor.execute(HttpCommandExecutor.java:190)
	at org.openqa.selenium.remote.service.DriverCommandExecutor.invokeExecute(DriverCommandExecutor.java:216)
	at org.openqa.selenium.remote.service.DriverCommandExecutor.execute(DriverCommandExecutor.java:174)
	at org.openqa.selenium.remote.RemoteWebDriver.execute(RemoteWebDriver.java:545)
	at org.openqa.selenium.remote.ElementLocation$ElementFinder$2.findElement(ElementLocation.java:165)
	at org.openqa.selenium.remote.ElementLocation.findElement(ElementLocation.java:59)
	at org.openqa.selenium.remote.RemoteWebDriver.findElement(RemoteWebDriver.java:368)
	at org.openqa.selenium.remote.RemoteWebDriver.findElement(RemoteWebDriver.java:362)
	at org.openqa.selenium.support.pagefactory.DefaultElementLocator.findElement(DefaultElementLocator.java:68)
	at org.openqa.selenium.support.pagefactory.internal.LocatingElementHandler.invoke(LocatingElementHandler.java:38)
	at jdk.proxy2/jdk.proxy2.$Proxy14.click(Unknown Source)
	at lt.insoft.uztis.pages.InvitationsPage.clickButtonPublicationConfirmation(InvitationsPage.java:525)
	at lt.insoft.uztis.tests.InvitationsPageTest.testEditAndPublishVuiInvitationDraft(InvitationsPageTest.java:245)
	at java.base/jdk.internal.reflect.DirectMethodHandleAccessor.invoke(DirectMethodHandleAccessor.java:103)
	at java.base/java.lang.reflect.Method.invoke(Method.java:580)
	at org.junit.platform.commons.util.ReflectionUtils.invokeMethod(ReflectionUtils.java:728)
	at org.junit.jupiter.engine.execution.MethodInvocation.proceed(MethodInvocation.java:60)
	at org.junit.jupiter.engine.execution.InvocationInterceptorChain$ValidatingInvocation.proceed(InvocationInterceptorChain.java:131)
	at org.junit.jupiter.engine.extension.TimeoutExtension.intercept(TimeoutExtension.java:156)
	at org.junit.jupiter.engine.extension.TimeoutExtension.interceptTestableMethod(TimeoutExtension.java:147)
	at org.junit.jupiter.engine.extension.TimeoutExtension.interceptTestMethod(TimeoutExtension.java:86)
	at org.junit.jupiter.engine.execution.InterceptingExecutableInvoker$ReflectiveInterceptorCall.lambda$ofVoidMethod$0(InterceptingExecutableInvoker.java:103)
	at org.junit.jupiter.engine.execution.InterceptingExecutableInvoker.lambda$invoke$0(InterceptingExecutableInvoker.java:93)
	at org.junit.jupiter.engine.execution.InvocationInterceptorChain$InterceptedInvocation.proceed(InvocationInterceptorChain.java:106)
	at org.junit.jupiter.engine.execution.InvocationInterceptorChain.proceed(InvocationInterceptorChain.java:64)
	at org.junit.jupiter.engine.execution.InvocationInterceptorChain.chainAndInvoke(InvocationInterceptorChain.java:45)
	at org.junit.jupiter.engine.execution.InvocationInterceptorChain.invoke(InvocationInterceptorChain.java:37)
	at org.junit.jupiter.engine.execution.InterceptingExecutableInvoker.invoke(InterceptingExecutableInvoker.java:92)
	at org.junit.jupiter.engine.execution.InterceptingExecutableInvoker.invoke(InterceptingExecutableInvoker.java:86)
	at org.junit.jupiter.engine.descriptor.TestMethodTestDescriptor.lambda$invokeTestMethod$7(TestMethodTestDescriptor.java:218)
	at org.junit.platform.engine.support.hierarchical.ThrowableCollector.execute(ThrowableCollector.java:73)
	at org.junit.jupiter.engine.descriptor.TestMethodTestDescriptor.invokeTestMethod(TestMethodTestDescriptor.java:214)
	at org.junit.jupiter.engine.descriptor.TestMethodTestDescriptor.execute(TestMethodTestDescriptor.java:139)
	at org.junit.jupiter.engine.descriptor.TestMethodTestDescriptor.execute(TestMethodTestDescriptor.java:69)
	at org.junit.platform.engine.support.hierarchical.NodeTestTask.lambda$executeRecursively$6(NodeTestTask.java:151)
	at org.junit.platform.engine.support.hierarchical.ThrowableCollector.execute(ThrowableCollector.java:73)
	at org.junit.platform.engine.support.hierarchical.NodeTestTask.lambda$executeRecursively$8(NodeTestTask.java:141)
	at org.junit.platform.engine.support.hierarchical.Node.around(Node.java:137)
	at org.junit.platform.engine.support.hierarchical.NodeTestTask.lambda$executeRecursively$9(NodeTestTask.java:139)
	at org.junit.platform.engine.support.hierarchical.ThrowableCollector.execute(ThrowableCollector.java:73)
	at org.junit.platform.engine.support.hierarchical.NodeTestTask.executeRecursively(NodeTestTask.java:138)
	at org.junit.platform.engine.support.hierarchical.NodeTestTask.execute(NodeTestTask.java:95)
	at java.base/java.util.ArrayList.forEach(ArrayList.java:1596)
	at org.junit.platform.engine.support.hierarchical.SameThreadHierarchicalTestExecutorService.invokeAll(SameThreadHierarchicalTestExecutorService.java:41)
	at org.junit.platform.engine.support.hierarchical.NodeTestTask.lambda$executeRecursively$6(NodeTestTask.java:155)
	at org.junit.platform.engine.support.hierarchical.ThrowableCollector.execute(ThrowableCollector.java:73)
	at org.junit.platform.engine.support.hierarchical.NodeTestTask.lambda$executeRecursively$8(NodeTestTask.java:141)
	at org.junit.platform.engine.support.hierarchical.Node.around(Node.java:137)
	at org.junit.platform.engine.support.hierarchical.NodeTestTask.lambda$executeRecursively$9(NodeTestTask.java:139)
	at org.junit.platform.engine.support.hierarchical.ThrowableCollector.execute(ThrowableCollector.java:73)
	at org.junit.platform.engine.support.hierarchical.NodeTestTask.executeRecursively(NodeTestTask.java:138)
	at org.junit.platform.engine.support.hierarchical.NodeTestTask.execute(NodeTestTask.java:95)
	at java.base/java.util.ArrayList.forEach(ArrayList.java:1596)
	at org.junit.platform.engine.support.hierarchical.SameThreadHierarchicalTestExecutorService.invokeAll(SameThreadHierarchicalTestExecutorService.java:41)
	at org.junit.platform.engine.support.hierarchical.NodeTestTask.lambda$executeRecursively$6(NodeTestTask.java:155)
	at org.junit.platform.engine.support.hierarchical.ThrowableCollector.execute(ThrowableCollector.java:73)
	at org.junit.platform.engine.support.hierarchical.NodeTestTask.lambda$executeRecursively$8(NodeTestTask.java:141)
	at org.junit.platform.engine.support.hierarchical.Node.around(Node.java:137)
	at org.junit.platform.engine.support.hierarchical.NodeTestTask.lambda$executeRecursively$9(NodeTestTask.java:139)
	at org.junit.platform.engine.support.hierarchical.ThrowableCollector.execute(ThrowableCollector.java:73)
	at org.junit.platform.engine.support.hierarchical.NodeTestTask.executeRecursively(NodeTestTask.java:138)
	at org.junit.platform.engine.support.hierarchical.NodeTestTask.execute(NodeTestTask.java:95)
	at org.junit.platform.engine.support.hierarchical.SameThreadHierarchicalTestExecutorService.submit(SameThreadHierarchicalTestExecutorService.java:35)
	at org.junit.platform.engine.support.hierarchical.HierarchicalTestExecutor.execute(HierarchicalTestExecutor.java:57)
	at org.junit.platform.engine.support.hierarchical.HierarchicalTestEngine.execute(HierarchicalTestEngine.java:54)
	at org.junit.platform.launcher.core.EngineExecutionOrchestrator.execute(EngineExecutionOrchestrator.java:198)
	at org.junit.platform.launcher.core.EngineExecutionOrchestrator.execute(EngineExecutionOrchestrator.java:169)
	at org.junit.platform.launcher.core.EngineExecutionOrchestrator.execute(EngineExecutionOrchestrator.java:93)
	at org.junit.platform.launcher.core.EngineExecutionOrchestrator.lambda$execute$0(EngineExecutionOrchestrator.java:58)
	at org.junit.platform.launcher.core.EngineExecutionOrchestrator.withInterceptedStreams(EngineExecutionOrchestrator.java:141)
	at org.junit.platform.launcher.core.EngineExecutionOrchestrator.execute(EngineExecutionOrchestrator.java:57)
	at org.junit.platform.launcher.core.DefaultLauncher.execute(DefaultLauncher.java:103)
	at org.junit.platform.launcher.core.DefaultLauncher.execute(DefaultLauncher.java:85)
	at org.junit.platform.launcher.core.DelegatingLauncher.execute(DelegatingLauncher.java:47)
	at org.junit.platform.launcher.core.SessionPerRequestLauncher.execute(SessionPerRequestLauncher.java:63)
	at com.intellij.junit5.JUnit5IdeaTestRunner.startRunnerWithArgs(JUnit5IdeaTestRunner.java:57)
	at com.intellij.rt.junit.IdeaTestRunner$Repeater$1.execute(IdeaTestRunner.java:38)
	at com.intellij.rt.execution.junit.TestsRepeater.repeat(TestsRepeater.java:11)
	at com.intellij.rt.junit.IdeaTestRunner$Repeater.startRunnerWithArgs(IdeaTestRunner.java:35)
	at com.intellij.rt.junit.JUnitStarter.prepareStreamsAndStart(JUnitStarter.java:232)
	at com.intellij.rt.junit.JUnitStarter.main(JUnitStarter.java:55)
2025-01-02 14:21:33 [main] INFO  l.insoft.uztis.tests.utils.TestUtils - Screenshot moved to C:\Users\ingrida.zadorozniene\Desktop\Asm\UZTIS\UZTIS_tests\test-output\screenshots\20250102\142133008_testEditAndPublishVuiInvitationDraft().png
2025-01-02 14:23:24 [main] INFO  lt.insoft.uztis.tests.UztisPageTest - Navigated to https://uztisdev.asseco.lt/home
2025-01-02 14:23:24 [main] INFO  l.i.uztis.tests.InvitationsPageTest - Starting test:'testEditAndPublishVuiInvitationDraft'
2025-01-02 14:23:24 [main] DEBUG l.i.uztis.tests.InvitationsPageTest - Opened 'Application Processing' menu.
2025-01-02 14:23:25 [main] DEBUG l.i.uztis.tests.InvitationsPageTest - Clicked on 'Application Forms' menu.
2025-01-02 14:23:25 [main] DEBUG l.i.uztis.tests.InvitationsPageTest - Retrieved last description code text: 'TST-85'.
2025-01-02 14:23:25 [main] DEBUG l.i.uztis.tests.InvitationsPageTest - Clicked on 'Invitation' menu.
2025-01-02 14:23:25 [main] DEBUG l.i.uztis.tests.InvitationsPageTest - Selected section by code: 'TST-85'.
2025-01-02 14:23:26 [main] DEBUG l.i.uztis.tests.InvitationsPageTest - Clicked 'Search'.
2025-01-02 14:23:26 [main] DEBUG l.i.uztis.tests.InvitationsPageTest - Clicked 'InvitationDraft'.
2025-01-02 14:23:26 [main] DEBUG l.i.uztis.tests.InvitationsPageTest - Clicked 'Edit'.
2025-01-02 14:23:27 [main] DEBUG l.i.uztis.tests.InvitationsPageTest - Entered publication end date.
2025-01-02 14:23:27 [main] DEBUG l.i.uztis.tests.InvitationsPageTest - Added additional values.
2025-01-02 14:23:27 [main] INFO  l.insoft.uztis.pages.InvitationsPage - Located the dropdown button.
2025-01-02 14:23:27 [main] INFO  l.insoft.uztis.pages.InvitationsPage - Successfully selected the value: 'Didžiausia galima paramos suma aplinkos darbo vietai, Eur'
2025-01-02 14:23:27 [main] DEBUG l.i.uztis.tests.InvitationsPageTest - Selected the value: 'Didžiausia galima paramos suma aplinkos darbo vietai, Eur'
2025-01-02 14:23:27 [main] INFO  l.insoft.uztis.pages.InvitationsPage - Located the dropdown button.
2025-01-02 14:23:28 [main] INFO  l.insoft.uztis.pages.InvitationsPage - Successfully selected the value: 'Didžiausia galima paramos suma, Eur'
2025-01-02 14:23:28 [main] DEBUG l.i.uztis.tests.InvitationsPageTest - Selected the value: 'Didžiausia galima paramos suma, Eur'
2025-01-02 14:23:28 [main] INFO  l.insoft.uztis.pages.InvitationsPage - Located the dropdown button.
2025-01-02 14:23:28 [main] INFO  l.insoft.uztis.pages.InvitationsPage - Successfully selected the value: 'Didžiausia galima paramos suma vienai darbo vietai, Eur'
2025-01-02 14:23:28 [main] DEBUG l.i.uztis.tests.InvitationsPageTest - Selected the value: 'Didžiausia galima paramos suma vienai darbo vietai, Eur'
2025-01-02 14:23:28 [main] DEBUG l.i.uztis.tests.InvitationsPageTest - Entered value: 11000
2025-01-02 14:23:29 [main] DEBUG l.i.uztis.tests.InvitationsPageTest - Entered value: 12000
2025-01-02 14:23:29 [main] DEBUG l.i.uztis.tests.InvitationsPageTest - Entered value: 13000
2025-01-02 14:23:29 [main] DEBUG l.i.uztis.tests.InvitationsPageTest - Entered values: first, second, and third.
2025-01-02 14:23:29 [main] DEBUG l.i.uztis.tests.InvitationsPageTest - Checked 'Legal Entities' checkbox.
2025-01-02 14:23:29 [main] DEBUG l.i.uztis.tests.InvitationsPageTest - Unchecked 'Persons Registered with Employment Service' checkbox.
2025-01-02 14:23:29 [main] DEBUG l.i.uztis.tests.InvitationsPageTest - Checked 'Persons Registered as Employers' checkbox.
2025-01-02 14:23:29 [main] DEBUG l.i.uztis.tests.InvitationsPageTest - Entered second evaluation grade: '5'.
2025-01-02 14:23:29 [main] DEBUG l.i.uztis.tests.InvitationsPageTest - Entered third evaluation grade: '6'.
2025-01-02 14:23:29 [main] DEBUG l.i.uztis.tests.InvitationsPageTest - Entered second evaluation grade weight: '0,45'.
2025-01-02 14:23:30 [main] DEBUG l.i.uztis.tests.InvitationsPageTest - Entered third evaluation grade weight: '0,55'.
2025-01-02 14:23:30 [main] DEBUG l.i.uztis.tests.InvitationsPageTest - Entered budget: '2000'.
2025-01-02 14:23:30 [main] DEBUG l.i.uztis.tests.InvitationsPageTest - Entered description text: 'Aprašo tekstas'.
2025-01-02 14:23:30 [main] DEBUG l.i.uztis.tests.InvitationsPageTest - Entered applicants text: 'Pareiškėjų tekstas'.
2025-01-02 14:23:30 [main] DEBUG l.i.uztis.tests.InvitationsPageTest - Entered expenditures text: 'Išlaidų tekstas'.
2025-01-02 14:23:30 [main] DEBUG l.i.uztis.tests.InvitationsPageTest - Entered legislation text: 'Teisės aktų tekstas'.
2025-01-02 14:23:30 [main] DEBUG l.i.uztis.tests.InvitationsPageTest - Entered education text: 'Mokymų tekstas'.
2025-01-02 14:23:31 [main] DEBUG l.i.uztis.tests.InvitationsPageTest - File uploaded.
2025-01-02 14:23:31 [main] DEBUG l.i.uztis.tests.InvitationsPageTest - Clicked 'Publish'.
2025-01-02 14:23:31 [main] DEBUG l.i.uztis.tests.InvitationsPageTest - Publication confirmed.
2025-01-02 14:23:31 [main] DEBUG l.i.uztis.tests.InvitationsPageTest - Verified success message: 'Funkcija sėkmingai atlikta.'
2025-01-02 14:23:31 [main] INFO  l.i.uztis.tests.InvitationsPageTest - Test 'testEditAndPublishVuiInvitationDraft' completed successfully.
2025-01-02 14:33:51 [main] INFO  lt.insoft.uztis.tests.UztisPageTest - Navigated to https://uztisdev.asseco.lt/home
2025-01-02 14:33:51 [main] INFO  l.i.uztis.tests.InvitationsPageTest - Starting test:'testStopPublicationVuiInvitation'
2025-01-02 14:33:51 [main] DEBUG l.i.uztis.tests.InvitationsPageTest - Opened 'Application Processing' menu.
2025-01-02 14:33:51 [main] DEBUG l.i.uztis.tests.InvitationsPageTest - Clicked on 'Application Forms' menu.
2025-01-02 14:33:52 [main] DEBUG l.i.uztis.tests.InvitationsPageTest - Retrieved last description code text: 'TST-85'.
2025-01-02 14:33:52 [main] DEBUG l.i.uztis.tests.InvitationsPageTest - Clicked on 'Invitation' menu.
2025-01-02 14:33:52 [main] DEBUG l.i.uztis.tests.InvitationsPageTest - Selected section by code: 'TST-85'.
2025-01-02 14:33:52 [main] DEBUG l.i.uztis.tests.InvitationsPageTest - Clicked 'Search'.
2025-01-02 14:33:52 [main] DEBUG l.i.uztis.tests.InvitationsPageTest - Clicked 'Publishing'.
2025-01-02 14:33:53 [main] DEBUG l.i.uztis.tests.InvitationsPageTest - Clicked 'Action'.
2025-01-02 14:33:53 [main] DEBUG l.i.uztis.tests.InvitationsPageTest - Clicked 'Stop Publication'.
2025-01-02 14:33:53 [main] DEBUG l.i.uztis.tests.InvitationsPageTest - Entered expenditures text: 'Priežasties aprašas'.
2025-01-02 14:33:53 [main] DEBUG l.i.uztis.tests.InvitationsPageTest - Clicked 'Stop Publication Confirmation'.
2025-01-02 14:33:54 [main] DEBUG l.i.uztis.tests.InvitationsPageTest - Fetched label text: Sustabdytas publikavimas
2025-01-02 14:33:54 [main] INFO  l.i.uztis.tests.InvitationsPageTest - 'goToInvitationPageTest' completed. Label is: Sustabdytas publikavimas
2025-01-02 14:33:54 [main] INFO  l.i.uztis.tests.InvitationsPageTest - Test 'testStopPublicationVuiInvitation' completed successfully.
2025-01-02 14:34:05 [main] INFO  lt.insoft.uztis.tests.UztisPageTest - Navigated to https://uztisdev.asseco.lt/home
2025-01-02 14:34:06 [main] INFO  l.i.uztis.tests.InvitationsPageTest - Starting test:'testArchiveVuiInvitation'
2025-01-02 14:34:06 [main] DEBUG l.i.uztis.tests.InvitationsPageTest - Opened 'Application Processing' menu.
2025-01-02 14:34:06 [main] DEBUG l.i.uztis.tests.InvitationsPageTest - Clicked on 'Application Forms' menu.
2025-01-02 14:34:06 [main] DEBUG l.i.uztis.tests.InvitationsPageTest - Retrieved last description code text: 'TST-85'.
2025-01-02 14:34:06 [main] DEBUG l.i.uztis.tests.InvitationsPageTest - Clicked on 'Invitation' menu.
2025-01-02 14:34:07 [main] DEBUG l.i.uztis.tests.InvitationsPageTest - Selected section by code: 'TST-85'.
2025-01-02 14:34:07 [main] DEBUG l.i.uztis.tests.InvitationsPageTest - Clicked 'Search'.
2025-01-02 14:34:07 [main] DEBUG l.i.uztis.tests.InvitationsPageTest - Clicked 'Publication Stopped'.
2025-01-02 14:34:07 [main] DEBUG l.i.uztis.tests.InvitationsPageTest - Clicked 'Action'.
2025-01-02 14:34:08 [main] DEBUG l.i.uztis.tests.InvitationsPageTest - Clicked 'Archive'.
2025-01-02 14:34:08 [main] DEBUG l.i.uztis.tests.InvitationsPageTest - Entered expenditures text: 'Priežasties aprašas'.
2025-01-02 14:34:08 [main] DEBUG l.i.uztis.tests.InvitationsPageTest - Clicked 'Stop Publication Confirmation'.
2025-01-02 14:34:08 [main] DEBUG l.i.uztis.tests.InvitationsPageTest - Fetched label text: Archyvuotas
2025-01-02 14:34:08 [main] INFO  l.i.uztis.tests.InvitationsPageTest - 'goToInvitationPageTest' completed. Label is: Archyvuotas
2025-01-02 14:34:08 [main] INFO  l.i.uztis.tests.InvitationsPageTest - Test 'testArchiveVuiInvitation' completed successfully.
2025-01-02 14:34:19 [main] INFO  lt.insoft.uztis.tests.UztisPageTest - Navigated to https://uztisdev.asseco.lt/home
2025-01-02 14:34:19 [main] INFO  l.i.uztis.tests.InvitationsPageTest - Starting test:'testDeleteVuiInvitation'
2025-01-02 14:34:19 [main] DEBUG l.i.uztis.tests.InvitationsPageTest - Opened 'Application Processing' menu.
2025-01-02 14:34:19 [main] DEBUG l.i.uztis.tests.InvitationsPageTest - Clicked on 'Application Forms' menu.
2025-01-02 14:34:19 [main] DEBUG l.i.uztis.tests.InvitationsPageTest - Retrieved last description code text: 'TST-85'.
2025-01-02 14:34:19 [main] DEBUG l.i.uztis.tests.InvitationsPageTest - Clicked on 'Invitation' menu.
2025-01-02 14:34:20 [main] DEBUG l.i.uztis.tests.InvitationsPageTest - Selected section by code: 'TST-85'.
2025-01-02 14:34:20 [main] DEBUG l.i.uztis.tests.InvitationsPageTest - Clicked 'Search'.
2025-01-02 14:34:20 [main] DEBUG l.i.uztis.tests.InvitationsPageTest - Clicked 'Archived'.
2025-01-02 14:34:21 [main] DEBUG l.i.uztis.tests.InvitationsPageTest - Clicked 'Action'.
2025-01-02 14:34:21 [main] DEBUG l.i.uztis.tests.InvitationsPageTest - Clicked 'Delete'.
2025-01-02 14:34:21 [main] DEBUG l.i.uztis.tests.InvitationsPageTest - Clicked 'Stop Publication Confirmation'.
2025-01-02 14:34:21 [main] DEBUG l.i.uztis.tests.InvitationsPageTest - Verified success message: 'Įrašas sėkmingai pašalintas.'
2025-01-02 14:34:21 [main] INFO  l.i.uztis.tests.InvitationsPageTest - Test 'testDeleteVuiInvitation' completed successfully.
2025-01-02 14:47:42 [main] INFO  lt.insoft.uztis.tests.UztisPageTest - Navigated to https://uztisdev.asseco.lt/home
2025-01-02 14:47:42 [main] INFO  l.i.u.tests.ApplicationFormsPageTest - Setup complete. ApplicationFormsPage initialized.
2025-01-02 14:47:42 [main] INFO  l.i.u.tests.ApplicationFormsPageTest - Starting test:'testCreateNewVuiApplication'
2025-01-02 14:47:42 [main] DEBUG l.i.u.tests.ApplicationFormsPageTest - Opened 'Application Processing' menu.
2025-01-02 14:47:42 [main] DEBUG l.i.u.tests.ApplicationFormsPageTest - Clicked on 'Application Forms' menu.
2025-01-02 14:47:43 [main] DEBUG l.i.u.tests.ApplicationFormsPageTest - Clicked to create a new application form.
2025-01-02 14:47:43 [main] DEBUG l.i.u.tests.ApplicationFormsPageTest - Entered random application code: TST-49
2025-01-02 14:47:43 [main] DEBUG l.i.u.tests.ApplicationFormsPageTest - Selected 'Section' radio button.
2025-01-02 14:47:43 [main] INFO  l.i.uztis.pages.ApplicationFormsPage - Located the dropdown button.
2025-01-02 14:47:44 [main] INFO  l.i.uztis.pages.ApplicationFormsPage - Successfully selected the value: 'Skyrius 1'
2025-01-02 14:47:49 [main] ERROR l.i.u.tests.ApplicationFormsPageTest - Test 'testCreateNewVuiApplication' failed with error: Error communicating with the remote browser. It may have died.
Build info: version: '4.27.0', revision: 'd6e718d134'
System info: os.name: 'Windows 11', os.arch: 'amd64', os.version: '10.0', java.version: '21.0.3'
Driver info: org.openqa.selenium.chrome.ChromeDriver
Command: [294d5c6ae1748efb661cc3df297ae684, findElement [using, value]]
Capabilities {acceptInsecureCerts: false, browserName: chrome, browserVersion: 131.0.6778.205, chrome: {chromedriverVersion: 131.0.6778.204 (52183f9e99a..., userDataDir: C:\Users\INGRID~1.ZAD\AppDa...}, fedcm:accounts: true, goog:chromeOptions: {debuggerAddress: localhost:49987}, networkConnectionEnabled: false, pageLoadStrategy: normal, platformName: windows, proxy: Proxy(), se:cdp: ws://localhost:49987/devtoo..., se:cdpVersion: 131.0.6778.205, setWindowRect: true, strictFileInteractability: false, timeouts: {implicit: 0, pageLoad: 300000, script: 30000}, unhandledPromptBehavior: dismiss and notify, webauthn:extension:credBlob: true, webauthn:extension:largeBlob: true, webauthn:extension:minPinLength: true, webauthn:extension:prf: true, webauthn:virtualAuthenticators: true}
Session ID: 294d5c6ae1748efb661cc3df297ae684
org.openqa.selenium.remote.UnreachableBrowserException: Error communicating with the remote browser. It may have died.
Build info: version: '4.27.0', revision: 'd6e718d134'
System info: os.name: 'Windows 11', os.arch: 'amd64', os.version: '10.0', java.version: '21.0.3'
Driver info: org.openqa.selenium.chrome.ChromeDriver
Command: [294d5c6ae1748efb661cc3df297ae684, findElement [using, value]]
Capabilities {acceptInsecureCerts: false, browserName: chrome, browserVersion: 131.0.6778.205, chrome: {chromedriverVersion: 131.0.6778.204 (52183f9e99a..., userDataDir: C:\Users\INGRID~1.ZAD\AppDa...}, fedcm:accounts: true, goog:chromeOptions: {debuggerAddress: localhost:49987}, networkConnectionEnabled: false, pageLoadStrategy: normal, platformName: windows, proxy: Proxy(), se:cdp: ws://localhost:49987/devtoo..., se:cdpVersion: 131.0.6778.205, setWindowRect: true, strictFileInteractability: false, timeouts: {implicit: 0, pageLoad: 300000, script: 30000}, unhandledPromptBehavior: dismiss and notify, webauthn:extension:credBlob: true, webauthn:extension:largeBlob: true, webauthn:extension:minPinLength: true, webauthn:extension:prf: true, webauthn:virtualAuthenticators: true}
Session ID: 294d5c6ae1748efb661cc3df297ae684
	at org.openqa.selenium.remote.RemoteWebDriver.execute(RemoteWebDriver.java:572)
	at org.openqa.selenium.remote.ElementLocation$ElementFinder$2.findElement(ElementLocation.java:165)
	at org.openqa.selenium.remote.ElementLocation.findElement(ElementLocation.java:59)
	at org.openqa.selenium.remote.RemoteWebDriver.findElement(RemoteWebDriver.java:368)
	at org.openqa.selenium.remote.RemoteWebDriver.findElement(RemoteWebDriver.java:362)
	at org.openqa.selenium.support.pagefactory.DefaultElementLocator.findElement(DefaultElementLocator.java:68)
	at org.openqa.selenium.support.pagefactory.internal.LocatingElementHandler.invoke(LocatingElementHandler.java:38)
	at jdk.proxy2/jdk.proxy2.$Proxy14.getCssValue(Unknown Source)
	at org.openqa.selenium.support.ui.ExpectedConditions$39.apply(ExpectedConditions.java:1096)
	at org.openqa.selenium.support.ui.ExpectedConditions$39.apply(ExpectedConditions.java:1089)
	at org.openqa.selenium.support.ui.FluentWait.until(FluentWait.java:203)
	at lt.insoft.uztis.pages.ApplicationFormsPage.selectValueByListSection(ApplicationFormsPage.java:307)
	at lt.insoft.uztis.tests.ApplicationFormsPageTest.testCreateNewVuiApplication(ApplicationFormsPageTest.java:91)
	at java.base/jdk.internal.reflect.DirectMethodHandleAccessor.invoke(DirectMethodHandleAccessor.java:103)
	at java.base/java.lang.reflect.Method.invoke(Method.java:580)
	at org.junit.platform.commons.util.ReflectionUtils.invokeMethod(ReflectionUtils.java:728)
	at org.junit.jupiter.engine.execution.MethodInvocation.proceed(MethodInvocation.java:60)
	at org.junit.jupiter.engine.execution.InvocationInterceptorChain$ValidatingInvocation.proceed(InvocationInterceptorChain.java:131)
	at org.junit.jupiter.engine.extension.TimeoutExtension.intercept(TimeoutExtension.java:156)
	at org.junit.jupiter.engine.extension.TimeoutExtension.interceptTestableMethod(TimeoutExtension.java:147)
	at org.junit.jupiter.engine.extension.TimeoutExtension.interceptTestMethod(TimeoutExtension.java:86)
	at org.junit.jupiter.engine.execution.InterceptingExecutableInvoker$ReflectiveInterceptorCall.lambda$ofVoidMethod$0(InterceptingExecutableInvoker.java:103)
	at org.junit.jupiter.engine.execution.InterceptingExecutableInvoker.lambda$invoke$0(InterceptingExecutableInvoker.java:93)
	at org.junit.jupiter.engine.execution.InvocationInterceptorChain$InterceptedInvocation.proceed(InvocationInterceptorChain.java:106)
	at org.junit.jupiter.engine.execution.InvocationInterceptorChain.proceed(InvocationInterceptorChain.java:64)
	at org.junit.jupiter.engine.execution.InvocationInterceptorChain.chainAndInvoke(InvocationInterceptorChain.java:45)
	at org.junit.jupiter.engine.execution.InvocationInterceptorChain.invoke(InvocationInterceptorChain.java:37)
	at org.junit.jupiter.engine.execution.InterceptingExecutableInvoker.invoke(InterceptingExecutableInvoker.java:92)
	at org.junit.jupiter.engine.execution.InterceptingExecutableInvoker.invoke(InterceptingExecutableInvoker.java:86)
	at org.junit.jupiter.engine.descriptor.TestMethodTestDescriptor.lambda$invokeTestMethod$7(TestMethodTestDescriptor.java:218)
	at org.junit.platform.engine.support.hierarchical.ThrowableCollector.execute(ThrowableCollector.java:73)
	at org.junit.jupiter.engine.descriptor.TestMethodTestDescriptor.invokeTestMethod(TestMethodTestDescriptor.java:214)
	at org.junit.jupiter.engine.descriptor.TestMethodTestDescriptor.execute(TestMethodTestDescriptor.java:139)
	at org.junit.jupiter.engine.descriptor.TestMethodTestDescriptor.execute(TestMethodTestDescriptor.java:69)
	at org.junit.platform.engine.support.hierarchical.NodeTestTask.lambda$executeRecursively$6(NodeTestTask.java:151)
	at org.junit.platform.engine.support.hierarchical.ThrowableCollector.execute(ThrowableCollector.java:73)
	at org.junit.platform.engine.support.hierarchical.NodeTestTask.lambda$executeRecursively$8(NodeTestTask.java:141)
	at org.junit.platform.engine.support.hierarchical.Node.around(Node.java:137)
	at org.junit.platform.engine.support.hierarchical.NodeTestTask.lambda$executeRecursively$9(NodeTestTask.java:139)
	at org.junit.platform.engine.support.hierarchical.ThrowableCollector.execute(ThrowableCollector.java:73)
	at org.junit.platform.engine.support.hierarchical.NodeTestTask.executeRecursively(NodeTestTask.java:138)
	at org.junit.platform.engine.support.hierarchical.NodeTestTask.execute(NodeTestTask.java:95)
	at java.base/java.util.ArrayList.forEach(ArrayList.java:1596)
	at org.junit.platform.engine.support.hierarchical.SameThreadHierarchicalTestExecutorService.invokeAll(SameThreadHierarchicalTestExecutorService.java:41)
	at org.junit.platform.engine.support.hierarchical.NodeTestTask.lambda$executeRecursively$6(NodeTestTask.java:155)
	at org.junit.platform.engine.support.hierarchical.ThrowableCollector.execute(ThrowableCollector.java:73)
	at org.junit.platform.engine.support.hierarchical.NodeTestTask.lambda$executeRecursively$8(NodeTestTask.java:141)
	at org.junit.platform.engine.support.hierarchical.Node.around(Node.java:137)
	at org.junit.platform.engine.support.hierarchical.NodeTestTask.lambda$executeRecursively$9(NodeTestTask.java:139)
	at org.junit.platform.engine.support.hierarchical.ThrowableCollector.execute(ThrowableCollector.java:73)
	at org.junit.platform.engine.support.hierarchical.NodeTestTask.executeRecursively(NodeTestTask.java:138)
	at org.junit.platform.engine.support.hierarchical.NodeTestTask.execute(NodeTestTask.java:95)
	at java.base/java.util.ArrayList.forEach(ArrayList.java:1596)
	at org.junit.platform.engine.support.hierarchical.SameThreadHierarchicalTestExecutorService.invokeAll(SameThreadHierarchicalTestExecutorService.java:41)
	at org.junit.platform.engine.support.hierarchical.NodeTestTask.lambda$executeRecursively$6(NodeTestTask.java:155)
	at org.junit.platform.engine.support.hierarchical.ThrowableCollector.execute(ThrowableCollector.java:73)
	at org.junit.platform.engine.support.hierarchical.NodeTestTask.lambda$executeRecursively$8(NodeTestTask.java:141)
	at org.junit.platform.engine.support.hierarchical.Node.around(Node.java:137)
	at org.junit.platform.engine.support.hierarchical.NodeTestTask.lambda$executeRecursively$9(NodeTestTask.java:139)
	at org.junit.platform.engine.support.hierarchical.ThrowableCollector.execute(ThrowableCollector.java:73)
	at org.junit.platform.engine.support.hierarchical.NodeTestTask.executeRecursively(NodeTestTask.java:138)
	at org.junit.platform.engine.support.hierarchical.NodeTestTask.execute(NodeTestTask.java:95)
	at org.junit.platform.engine.support.hierarchical.SameThreadHierarchicalTestExecutorService.submit(SameThreadHierarchicalTestExecutorService.java:35)
	at org.junit.platform.engine.support.hierarchical.HierarchicalTestExecutor.execute(HierarchicalTestExecutor.java:57)
	at org.junit.platform.engine.support.hierarchical.HierarchicalTestEngine.execute(HierarchicalTestEngine.java:54)
	at org.junit.platform.launcher.core.EngineExecutionOrchestrator.execute(EngineExecutionOrchestrator.java:198)
	at org.junit.platform.launcher.core.EngineExecutionOrchestrator.execute(EngineExecutionOrchestrator.java:169)
	at org.junit.platform.launcher.core.EngineExecutionOrchestrator.execute(EngineExecutionOrchestrator.java:93)
	at org.junit.platform.launcher.core.EngineExecutionOrchestrator.lambda$execute$0(EngineExecutionOrchestrator.java:58)
	at org.junit.platform.launcher.core.EngineExecutionOrchestrator.withInterceptedStreams(EngineExecutionOrchestrator.java:141)
	at org.junit.platform.launcher.core.EngineExecutionOrchestrator.execute(EngineExecutionOrchestrator.java:57)
	at org.junit.platform.launcher.core.DefaultLauncher.execute(DefaultLauncher.java:103)
	at org.junit.platform.launcher.core.DefaultLauncher.execute(DefaultLauncher.java:85)
	at org.junit.platform.launcher.core.DelegatingLauncher.execute(DelegatingLauncher.java:47)
	at org.junit.platform.launcher.core.SessionPerRequestLauncher.execute(SessionPerRequestLauncher.java:63)
	at com.intellij.junit5.JUnit5IdeaTestRunner.startRunnerWithArgs(JUnit5IdeaTestRunner.java:57)
	at com.intellij.rt.junit.IdeaTestRunner$Repeater$1.execute(IdeaTestRunner.java:38)
	at com.intellij.rt.execution.junit.TestsRepeater.repeat(TestsRepeater.java:11)
	at com.intellij.rt.junit.IdeaTestRunner$Repeater.startRunnerWithArgs(IdeaTestRunner.java:35)
	at com.intellij.rt.junit.JUnitStarter.prepareStreamsAndStart(JUnitStarter.java:232)
	at com.intellij.rt.junit.JUnitStarter.main(JUnitStarter.java:55)
Caused by: java.io.UncheckedIOException: java.io.IOException: HTTP/1.1 header parser received no bytes
	at org.openqa.selenium.remote.http.jdk.JdkHttpClient.execute0(JdkHttpClient.java:496)
	at org.openqa.selenium.remote.http.AddSeleniumUserAgent.lambda$apply$0(AddSeleniumUserAgent.java:42)
	at org.openqa.selenium.remote.http.Filter.lambda$andFinally$1(Filter.java:55)
	at org.openqa.selenium.remote.http.jdk.JdkHttpClient.lambda$executeAsync$1(JdkHttpClient.java:383)
	at java.base/java.util.concurrent.Executors$RunnableAdapter.call(Executors.java:572)
	at java.base/java.util.concurrent.FutureTask.run(FutureTask.java:317)
	at java.base/java.util.concurrent.ThreadPoolExecutor.runWorker(ThreadPoolExecutor.java:1144)
	at java.base/java.util.concurrent.ThreadPoolExecutor$Worker.run(ThreadPoolExecutor.java:642)
	at java.base/java.lang.Thread.run(Thread.java:1583)
Caused by: java.io.IOException: HTTP/1.1 header parser received no bytes
	at java.net.http/jdk.internal.net.http.HttpClientImpl.send(HttpClientImpl.java:964)
	at java.net.http/jdk.internal.net.http.HttpClientFacade.send(HttpClientFacade.java:133)
	at org.openqa.selenium.remote.http.jdk.JdkHttpClient.execute0(JdkHttpClient.java:455)
	... 8 common frames omitted
Caused by: java.io.IOException: HTTP/1.1 header parser received no bytes
	at java.net.http/jdk.internal.net.http.common.Utils.wrapWithExtraDetail(Utils.java:388)
	at java.net.http/jdk.internal.net.http.Http1Response$HeadersReader.onReadError(Http1Response.java:590)
	at java.net.http/jdk.internal.net.http.Http1AsyncReceiver.checkForErrors(Http1AsyncReceiver.java:302)
	at java.net.http/jdk.internal.net.http.Http1AsyncReceiver.flush(Http1AsyncReceiver.java:268)
	at java.net.http/jdk.internal.net.http.common.SequentialScheduler$LockingRestartableTask.run(SequentialScheduler.java:182)
	at java.net.http/jdk.internal.net.http.common.SequentialScheduler$CompleteRestartableTask.run(SequentialScheduler.java:149)
	at java.net.http/jdk.internal.net.http.common.SequentialScheduler$SchedulableTask.run(SequentialScheduler.java:207)
	... 3 common frames omitted
Caused by: java.net.SocketException: Connection reset
	at java.base/sun.nio.ch.SocketChannelImpl.throwConnectionReset(SocketChannelImpl.java:401)
	at java.base/sun.nio.ch.SocketChannelImpl.read(SocketChannelImpl.java:434)
	at java.net.http/jdk.internal.net.http.SocketTube.readAvailable(SocketTube.java:1178)
	at java.net.http/jdk.internal.net.http.SocketTube$InternalReadPublisher$InternalReadSubscription.read(SocketTube.java:841)
	at java.net.http/jdk.internal.net.http.SocketTube$SocketFlowTask.run(SocketTube.java:181)
	at java.net.http/jdk.internal.net.http.common.SequentialScheduler$SchedulableTask.run(SequentialScheduler.java:207)
	at java.net.http/jdk.internal.net.http.common.SequentialScheduler.runOrSchedule(SequentialScheduler.java:280)
	at java.net.http/jdk.internal.net.http.common.SequentialScheduler.runOrSchedule(SequentialScheduler.java:233)
	at java.net.http/jdk.internal.net.http.SocketTube$InternalReadPublisher$InternalReadSubscription.signalReadable(SocketTube.java:782)
	at java.net.http/jdk.internal.net.http.SocketTube$InternalReadPublisher$ReadEvent.signalEvent(SocketTube.java:965)
	at java.net.http/jdk.internal.net.http.SocketTube$SocketFlowEvent.handle(SocketTube.java:253)
	at java.net.http/jdk.internal.net.http.HttpClientImpl$SelectorManager.handleEvent(HttpClientImpl.java:1467)
	at java.net.http/jdk.internal.net.http.HttpClientImpl$SelectorManager.lambda$run$3(HttpClientImpl.java:1412)
	at java.base/java.util.ArrayList.forEach(ArrayList.java:1596)
	at java.net.http/jdk.internal.net.http.HttpClientImpl$SelectorManager.run(HttpClientImpl.java:1412)
2025-01-02 15:08:02 [main] INFO  lt.insoft.uztis.tests.UztisPageTest - Navigated to https://uztisdev.asseco.lt/home
2025-01-02 15:08:02 [main] INFO  l.i.u.tests.ApplicationFormsPageTest - Setup complete. ApplicationFormsPage initialized.
2025-01-02 15:08:02 [main] INFO  l.i.u.tests.ApplicationFormsPageTest - Starting test:'testNavigateToAndReviewApplicationFormsPageTest'
2025-01-02 15:08:02 [main] DEBUG l.i.u.tests.ApplicationFormsPageTest - Opened 'Application Processing' menu.
2025-01-02 15:08:03 [main] DEBUG l.i.u.tests.ApplicationFormsPageTest - Clicked on 'Application Forms' menu.
2025-01-02 15:08:03 [main] DEBUG l.i.u.tests.ApplicationFormsPageTest - Fetched label text: Paraiškų formos
2025-01-02 15:08:03 [main] INFO  l.i.u.tests.ApplicationFormsPageTest - Verified that the label text matches the expected value.
2025-01-02 15:08:03 [main] DEBUG l.i.u.tests.ApplicationFormsPageTest - Selected the last application description.
2025-01-02 15:08:03 [main] INFO  l.i.u.tests.ApplicationFormsPageTest - Verified that the 'Edit' button is displayed.
2025-01-02 15:08:03 [main] INFO  l.i.u.tests.ApplicationFormsPageTest - Test 'testNavigateToAndReviewApplicationFormsPageTest' completed successfully.
2025-01-02 15:08:15 [main] INFO  lt.insoft.uztis.tests.UztisPageTest - Navigated to https://uztisdev.asseco.lt/home
2025-01-02 15:08:15 [main] INFO  l.i.u.tests.ApplicationFormsPageTest - Setup complete. ApplicationFormsPage initialized.
2025-01-02 15:08:15 [main] INFO  l.i.u.tests.ApplicationFormsPageTest - Starting test:'testCreateNewVuiApplication'
2025-01-02 15:08:15 [main] DEBUG l.i.u.tests.ApplicationFormsPageTest - Opened 'Application Processing' menu.
2025-01-02 15:08:15 [main] DEBUG l.i.u.tests.ApplicationFormsPageTest - Clicked on 'Application Forms' menu.
2025-01-02 15:08:16 [main] DEBUG l.i.u.tests.ApplicationFormsPageTest - Clicked to create a new application form.
2025-01-02 15:08:16 [main] DEBUG l.i.u.tests.ApplicationFormsPageTest - Entered random application code: TST-VUI-63
2025-01-02 15:08:16 [main] DEBUG l.i.u.tests.ApplicationFormsPageTest - Selected 'Section' radio button.
2025-01-02 15:08:16 [main] INFO  l.i.uztis.pages.ApplicationFormsPage - Located the dropdown button.
2025-01-02 15:08:16 [main] INFO  l.i.uztis.pages.ApplicationFormsPage - Successfully selected the value: 'Skyrius 1'
2025-01-02 15:08:27 [main] ERROR l.i.uztis.pages.ApplicationFormsPage - Failed to close the dropdown with aria-expanded = 'false'.
2025-01-02 15:08:27 [main] DEBUG l.i.u.tests.ApplicationFormsPageTest - Selected a value from the 'Section' dropdown: 'Skyrius 1'
2025-01-02 15:08:27 [main] DEBUG l.i.u.tests.ApplicationFormsPageTest - Selected 'Budget by Municipality' option.
2025-01-02 15:08:27 [main] DEBUG l.i.u.tests.ApplicationFormsPageTest - Selected 'Financed Without Queue' option.
2025-01-02 15:08:27 [main] DEBUG l.i.u.tests.ApplicationFormsPageTest - Clicked 'Add' button.
2025-01-02 15:08:27 [main] INFO  l.i.uztis.pages.ApplicationFormsPage - Located the dropdown button.
2025-01-02 15:08:27 [main] INFO  l.i.uztis.pages.ApplicationFormsPage - Successfully selected the value: 'VUI paraiškos vertinimo forma - I etapas'
2025-01-02 15:08:38 [main] ERROR l.i.uztis.pages.ApplicationFormsPage - Failed to close the dropdown with aria-expanded = 'false'.
2025-01-02 15:08:38 [main] DEBUG l.i.u.tests.ApplicationFormsPageTest - Selected a value from the 'EvaluationOne' dropdown: 'VUI paraiškos vertinimo forma - I etapas'
2025-01-02 15:08:38 [main] INFO  l.i.uztis.pages.ApplicationFormsPage - Located the dropdown button.
2025-01-02 15:08:38 [main] INFO  l.i.uztis.pages.ApplicationFormsPage - Successfully selected the value: 'VUI paraiškos vertinimo forma - II etapas'
2025-01-02 15:08:49 [main] ERROR l.i.uztis.pages.ApplicationFormsPage - Failed to close the dropdown with aria-expanded = 'false'.
2025-01-02 15:08:49 [main] DEBUG l.i.u.tests.ApplicationFormsPageTest - Selected a value from the 'EvaluationTwon' dropdown: 'VUI paraiškos vertinimo forma - II etapas'
2025-01-02 15:08:49 [main] INFO  l.i.uztis.pages.ApplicationFormsPage - Located the dropdown button.
2025-01-02 15:08:49 [main] INFO  l.i.uztis.pages.ApplicationFormsPage - Successfully selected the value: 'VUI paraiškos vertinimo forma - III etapas'
2025-01-02 15:08:59 [main] ERROR l.i.uztis.pages.ApplicationFormsPage - Failed to close the dropdown with aria-expanded = 'false'.
2025-01-02 15:08:59 [main] DEBUG l.i.u.tests.ApplicationFormsPageTest - Selected a value from the 'EvaluationThree' dropdown: 'VUI paraiškos vertinimo forma - III etapas'
2025-01-02 15:08:59 [main] DEBUG l.i.u.tests.ApplicationFormsPageTest - Clicked 'Plus' button.
2025-01-02 15:09:00 [main] DEBUG l.i.u.tests.ApplicationFormsPageTest - Clicked 'Add' button seven times.
2025-01-02 15:09:00 [main] INFO  l.i.uztis.pages.ApplicationFormsPage - Processing dropdown index: 0
2025-01-02 15:09:11 [main] ERROR l.i.uztis.pages.ApplicationFormsPage - Timeout while waiting for dropdown to close at index: 0 with aria-expanded = 'false'
2025-01-02 15:09:11 [main] INFO  l.i.uztis.pages.ApplicationFormsPage - Processing dropdown index: 1
2025-01-02 15:09:21 [main] ERROR l.i.uztis.pages.ApplicationFormsPage - Timeout while waiting for dropdown to close at index: 1 with aria-expanded = 'false'
2025-01-02 15:09:21 [main] INFO  l.i.uztis.pages.ApplicationFormsPage - Processing dropdown index: 2
2025-01-02 15:09:31 [main] ERROR l.i.uztis.pages.ApplicationFormsPage - Timeout while waiting for dropdown to close at index: 2 with aria-expanded = 'false'
2025-01-02 15:09:31 [main] INFO  l.i.uztis.pages.ApplicationFormsPage - Processing dropdown index: 3
2025-01-02 15:09:42 [main] ERROR l.i.uztis.pages.ApplicationFormsPage - Timeout while waiting for dropdown to close at index: 3 with aria-expanded = 'false'
2025-01-02 15:09:42 [main] INFO  l.i.uztis.pages.ApplicationFormsPage - Processing dropdown index: 4
2025-01-02 15:09:52 [main] ERROR l.i.uztis.pages.ApplicationFormsPage - Timeout while waiting for dropdown to close at index: 4 with aria-expanded = 'false'
2025-01-02 15:09:52 [main] INFO  l.i.uztis.pages.ApplicationFormsPage - Processing dropdown index: 5
2025-01-02 15:10:03 [main] ERROR l.i.uztis.pages.ApplicationFormsPage - Timeout while waiting for dropdown to close at index: 5 with aria-expanded = 'false'
2025-01-02 15:10:03 [main] INFO  l.i.uztis.pages.ApplicationFormsPage - Processing dropdown index: 6
2025-01-02 15:10:14 [main] ERROR l.i.uztis.pages.ApplicationFormsPage - Timeout while waiting for dropdown to close at index: 6 with aria-expanded = 'false'
2025-01-02 15:10:14 [main] INFO  l.i.uztis.pages.ApplicationFormsPage - Processing dropdown index: 7
2025-01-02 15:10:24 [main] ERROR l.i.uztis.pages.ApplicationFormsPage - Timeout while waiting for dropdown to close at index: 7 with aria-expanded = 'false'
2025-01-02 15:10:24 [main] INFO  l.i.uztis.pages.ApplicationFormsPage - Processing input field index: 0
2025-01-02 15:10:25 [main] INFO  l.i.uztis.pages.ApplicationFormsPage - Entered value '50' into field index: 0
2025-01-02 15:10:25 [main] INFO  l.i.uztis.pages.ApplicationFormsPage - Processing input field index: 1
2025-01-02 15:10:25 [main] INFO  l.i.uztis.pages.ApplicationFormsPage - Entered value '924' into field index: 1
2025-01-02 15:10:25 [main] INFO  l.i.uztis.pages.ApplicationFormsPage - Processing input field index: 2
2025-01-02 15:10:25 [main] INFO  l.i.uztis.pages.ApplicationFormsPage - Entered value '31' into field index: 2
2025-01-02 15:10:25 [main] INFO  l.i.uztis.pages.ApplicationFormsPage - Processing input field index: 3
2025-01-02 15:10:25 [main] INFO  l.i.uztis.pages.ApplicationFormsPage - Entered value '4.7' into field index: 3
2025-01-02 15:10:25 [main] INFO  l.i.uztis.pages.ApplicationFormsPage - Processing input field index: 4
2025-01-02 15:10:25 [main] INFO  l.i.uztis.pages.ApplicationFormsPage - Entered value '35' into field index: 4
2025-01-02 15:10:25 [main] INFO  l.i.uztis.pages.ApplicationFormsPage - Processing input field index: 5
2025-01-02 15:10:25 [main] INFO  l.i.uztis.pages.ApplicationFormsPage - Entered value '20' into field index: 5
2025-01-02 15:10:25 [main] INFO  l.i.uztis.pages.ApplicationFormsPage - Processing input field index: 6
2025-01-02 15:10:25 [main] INFO  l.i.uztis.pages.ApplicationFormsPage - Entered value '30' into field index: 6
2025-01-02 15:10:25 [main] INFO  l.i.uztis.pages.ApplicationFormsPage - Processing input field index: 7
2025-01-02 15:10:25 [main] INFO  l.i.uztis.pages.ApplicationFormsPage - Entered value '60' into field index: 7
2025-01-02 15:10:26 [main] DEBUG l.i.u.tests.ApplicationFormsPageTest - Entered additional values and text.
2025-01-02 15:10:26 [main] DEBUG l.i.u.tests.ApplicationFormsPageTest - Entered application name: Paraiška
2025-01-02 15:10:26 [main] DEBUG l.i.u.tests.ApplicationFormsPageTest - Clicked the 'Save' button.
2025-01-02 15:10:26 [main] INFO  l.i.u.tests.ApplicationFormsPageTest - Verified success message text: 'Duomenys sėkmingai išsaugoti.'
2025-01-02 15:10:26 [main] INFO  l.i.u.tests.ApplicationFormsPageTest - Verified that the 'Save Form' button is displayed.
2025-01-02 15:10:26 [main] INFO  l.i.u.tests.ApplicationFormsPageTest - Test 'testCreateNewVuiApplication' completed successfully.
2025-01-02 15:10:54 [main] INFO  lt.insoft.uztis.tests.UztisPageTest - Navigated to https://uztisdev.asseco.lt/home
2025-01-02 15:10:54 [main] INFO  l.i.u.tests.ApplicationFormsPageTest - Setup complete. ApplicationFormsPage initialized.
2025-01-02 15:10:54 [main] INFO  l.i.u.tests.ApplicationFormsPageTest - Starting test:'testEditAndSaveVuiApplication'
2025-01-02 15:10:54 [main] DEBUG l.i.u.tests.ApplicationFormsPageTest - Opened 'Application Processing' menu.
2025-01-02 15:10:54 [main] DEBUG l.i.u.tests.ApplicationFormsPageTest - Clicked on 'Application Forms' menu.
2025-01-02 15:10:55 [main] DEBUG l.i.u.tests.ApplicationFormsPageTest - Selected the last application description.
2025-01-02 15:10:55 [main] DEBUG l.i.u.tests.ApplicationFormsPageTest - Clicked the 'Edit' button.
2025-01-02 15:10:55 [main] DEBUG l.i.u.tests.ApplicationFormsPageTest - Selected 'Municipality' radio button.
2025-01-02 15:10:55 [main] INFO  l.i.uztis.pages.ApplicationFormsPage - Located the dropdown button.
2025-01-02 15:10:55 [main] INFO  l.i.uztis.pages.ApplicationFormsPage - Successfully selected the value: 'Kauno departamentas'
2025-01-02 15:11:06 [main] ERROR l.i.uztis.pages.ApplicationFormsPage - Failed to close the dropdown with aria-expanded = 'false'.
2025-01-02 15:11:06 [main] DEBUG l.i.u.tests.ApplicationFormsPageTest - Selected a value from the 'Municipality' dropdown: 'Kauno departamentas'
2025-01-02 15:11:06 [main] DEBUG l.i.u.tests.ApplicationFormsPageTest - Selected 'Budget By Country' radio button.
2025-01-02 15:11:06 [main] DEBUG l.i.u.tests.ApplicationFormsPageTest - Selected 'Financed By Queue' radio button.
2025-01-02 15:11:06 [main] DEBUG l.i.u.tests.ApplicationFormsPageTest - Entered new application name: _paredaguota
2025-01-02 15:11:06 [main] DEBUG l.i.u.tests.ApplicationFormsPageTest - Clicked the 'Save' button.
2025-01-02 15:11:07 [main] INFO  l.i.u.tests.ApplicationFormsPageTest - Verified success message: 'Duomenys sėkmingai išsaugoti.'
2025-01-02 15:11:07 [main] INFO  l.i.u.tests.ApplicationFormsPageTest - Test 'testEditAndSaveVuiApplication' completed successfully.
2025-01-02 15:14:48 [main] INFO  lt.insoft.uztis.tests.UztisPageTest - Navigated to https://uztisdev.asseco.lt/home
2025-01-02 15:14:48 [main] INFO  l.i.uztis.tests.InvitationsPageTest - Starting test:'testCreateNewVuiInvitationDraft'
2025-01-02 15:14:48 [main] DEBUG l.i.uztis.tests.InvitationsPageTest - Opened 'Application Processing' menu.
2025-01-02 15:14:48 [main] DEBUG l.i.uztis.tests.InvitationsPageTest - Clicked on 'Application Forms' menu.
2025-01-02 15:14:48 [main] DEBUG l.i.uztis.tests.InvitationsPageTest - Retrieved last description code text: 'TST-VUI-63'.
2025-01-02 15:14:48 [main] DEBUG l.i.uztis.tests.InvitationsPageTest - Clicked on 'Invitation' menu.
2025-01-02 15:14:48 [main] DEBUG l.i.uztis.tests.InvitationsPageTest - Clicked 'Create New Application Form'.
2025-01-02 15:14:49 [main] DEBUG l.i.uztis.tests.InvitationsPageTest - Selected section by code: 'TST-VUI-63'.
2025-01-02 15:14:49 [main] DEBUG l.i.uztis.tests.InvitationsPageTest - Selected invitation number from the list.
2025-01-02 15:14:50 [main] DEBUG l.i.uztis.tests.InvitationsPageTest - Entered current date.
2025-01-02 15:14:50 [main] DEBUG l.i.uztis.tests.InvitationsPageTest - Entered start time: 00:00.
2025-01-02 15:14:50 [main] DEBUG l.i.uztis.tests.InvitationsPageTest - Entered end date.
2025-01-02 15:14:51 [main] DEBUG l.i.uztis.tests.InvitationsPageTest - Entered end time: 11:11.
2025-01-02 15:14:51 [main] DEBUG l.i.uztis.tests.InvitationsPageTest - Draft saved.
2025-01-02 15:14:51 [main] DEBUG l.i.uztis.tests.InvitationsPageTest - Verified success message: 'Duomenys sėkmingai išsaugoti.'
2025-01-02 15:14:51 [main] INFO  l.i.uztis.tests.InvitationsPageTest - Test 'testCreateNewVuiInvitationDraft' completed successfully.
2025-01-02 15:15:33 [main] INFO  lt.insoft.uztis.tests.UztisPageTest - Navigated to https://uztisdev.asseco.lt/home
2025-01-02 15:15:33 [main] INFO  l.i.uztis.tests.InvitationsPageTest - Starting test:'testEditAndPublishVuiInvitationDraft'
2025-01-02 15:15:33 [main] DEBUG l.i.uztis.tests.InvitationsPageTest - Opened 'Application Processing' menu.
2025-01-02 15:15:33 [main] DEBUG l.i.uztis.tests.InvitationsPageTest - Clicked on 'Application Forms' menu.
2025-01-02 15:15:34 [main] DEBUG l.i.uztis.tests.InvitationsPageTest - Retrieved last description code text: 'TST-VUI-63'.
2025-01-02 15:15:34 [main] DEBUG l.i.uztis.tests.InvitationsPageTest - Clicked on 'Invitation' menu.
2025-01-02 15:15:34 [main] DEBUG l.i.uztis.tests.InvitationsPageTest - Selected section by code: 'TST-VUI-63'.
2025-01-02 15:15:34 [main] DEBUG l.i.uztis.tests.InvitationsPageTest - Clicked 'Search'.
2025-01-02 15:15:34 [main] DEBUG l.i.uztis.tests.InvitationsPageTest - Clicked 'InvitationDraft'.
2025-01-02 15:15:35 [main] DEBUG l.i.uztis.tests.InvitationsPageTest - Clicked 'Edit'.
2025-01-02 15:15:35 [main] DEBUG l.i.uztis.tests.InvitationsPageTest - Entered publication end date.
2025-01-02 15:15:36 [main] DEBUG l.i.uztis.tests.InvitationsPageTest - Added additional values.
2025-01-02 15:15:36 [main] INFO  l.insoft.uztis.pages.InvitationsPage - Located the dropdown button.
2025-01-02 15:15:36 [main] INFO  l.insoft.uztis.pages.InvitationsPage - Successfully selected the value: 'Didžiausia galima paramos suma aplinkos darbo vietai, Eur'
2025-01-02 15:15:36 [main] DEBUG l.i.uztis.tests.InvitationsPageTest - Selected the value: 'Didžiausia galima paramos suma aplinkos darbo vietai, Eur'
2025-01-02 15:15:36 [main] INFO  l.insoft.uztis.pages.InvitationsPage - Located the dropdown button.
2025-01-02 15:15:36 [main] INFO  l.insoft.uztis.pages.InvitationsPage - Successfully selected the value: 'Didžiausia galima paramos suma, Eur'
2025-01-02 15:15:36 [main] DEBUG l.i.uztis.tests.InvitationsPageTest - Selected the value: 'Didžiausia galima paramos suma, Eur'
2025-01-02 15:15:36 [main] INFO  l.insoft.uztis.pages.InvitationsPage - Located the dropdown button.
2025-01-02 15:15:37 [main] INFO  l.insoft.uztis.pages.InvitationsPage - Successfully selected the value: 'Didžiausia galima paramos suma vienai darbo vietai, Eur'
2025-01-02 15:15:37 [main] DEBUG l.i.uztis.tests.InvitationsPageTest - Selected the value: 'Didžiausia galima paramos suma vienai darbo vietai, Eur'
2025-01-02 15:15:37 [main] DEBUG l.i.uztis.tests.InvitationsPageTest - Entered value: 11000
2025-01-02 15:15:37 [main] DEBUG l.i.uztis.tests.InvitationsPageTest - Entered value: 12000
2025-01-02 15:15:37 [main] DEBUG l.i.uztis.tests.InvitationsPageTest - Entered value: 13000
2025-01-02 15:15:37 [main] DEBUG l.i.uztis.tests.InvitationsPageTest - Checked 'Legal Entities' checkbox.
2025-01-02 15:15:37 [main] DEBUG l.i.uztis.tests.InvitationsPageTest - Unchecked 'Persons Registered with Employment Service' checkbox.
2025-01-02 15:15:38 [main] DEBUG l.i.uztis.tests.InvitationsPageTest - Checked 'Persons Registered as Employers' checkbox.
2025-01-02 15:15:38 [main] DEBUG l.i.uztis.tests.InvitationsPageTest - Entered second evaluation grade: '5'.
2025-01-02 15:15:38 [main] DEBUG l.i.uztis.tests.InvitationsPageTest - Entered third evaluation grade: '6'.
2025-01-02 15:15:38 [main] DEBUG l.i.uztis.tests.InvitationsPageTest - Entered second evaluation grade weight: '0,45'.
2025-01-02 15:15:38 [main] DEBUG l.i.uztis.tests.InvitationsPageTest - Entered third evaluation grade weight: '0,55'.
2025-01-02 15:15:38 [main] DEBUG l.i.uztis.tests.InvitationsPageTest - Entered budget: '2000'.
2025-01-02 15:15:38 [main] DEBUG l.i.uztis.tests.InvitationsPageTest - Entered description text: 'Aprašo tekstas'.
2025-01-02 15:15:38 [main] DEBUG l.i.uztis.tests.InvitationsPageTest - Entered applicants text: 'Pareiškėjų tekstas'.
2025-01-02 15:15:38 [main] DEBUG l.i.uztis.tests.InvitationsPageTest - Entered expenditures text: 'Išlaidų tekstas'.
2025-01-02 15:15:39 [main] DEBUG l.i.uztis.tests.InvitationsPageTest - Entered legislation text: 'Teisės aktų tekstas'.
2025-01-02 15:15:39 [main] DEBUG l.i.uztis.tests.InvitationsPageTest - Entered education text: 'Mokymų tekstas'.
2025-01-02 15:15:39 [main] DEBUG l.i.uztis.tests.InvitationsPageTest - File uploaded.
2025-01-02 15:15:39 [main] DEBUG l.i.uztis.tests.InvitationsPageTest - Clicked 'Publish'.
2025-01-02 15:15:39 [main] DEBUG l.i.uztis.tests.InvitationsPageTest - Publication confirmed.
2025-01-02 15:15:39 [main] DEBUG l.i.uztis.tests.InvitationsPageTest - Verified success message: 'Funkcija sėkmingai atlikta.'
2025-01-02 15:15:39 [main] INFO  l.i.uztis.tests.InvitationsPageTest - Test 'testEditAndPublishVuiInvitationDraft' completed successfully.
2025-01-02 15:25:41 [main] INFO  lt.insoft.uztis.tests.UztisPageTest - Navigated to https://uztisdev.asseco.lt/home
2025-01-03 07:57:39 [main] INFO  lt.insoft.uztis.tests.UztisPageTest - Navigated to https://uztisdev.asseco.lt/home
2025-01-03 07:58:52 [main] INFO  lt.insoft.uztis.tests.UztisPageTest - Navigated to https://uztisdev.asseco.lt/home
2025-01-03 07:58:52 [main] DEBUG l.i.uztis.tests.InvitationsPageTest - Opened 'Application Processing' menu.
2025-01-03 07:58:52 [main] DEBUG l.i.uztis.tests.InvitationsPageTest - Clicked on 'Application Forms' menu.
2025-01-03 07:58:52 [main] DEBUG l.i.uztis.tests.InvitationsPageTest - Retrieved last description code text: 'TST-VUI-63'.
2025-01-03 07:58:52 [main] DEBUG l.i.uztis.tests.InvitationsPageTest - Clicked on 'Invitation' menu.
2025-01-03 07:58:53 [main] DEBUG l.i.uztis.tests.InvitationsPageTest - Selected section by code: 'TST-VUI-63'.
2025-01-03 07:58:53 [main] DEBUG l.i.uztis.tests.InvitationsPageTest - Clicked 'Search'.
2025-01-03 07:58:53 [main] DEBUG l.i.uztis.tests.InvitationsPageTest - Clicked 'Publishing'.
2025-01-03 07:58:55 [main] INFO  l.insoft.uztis.tests.utils.TestUtils - Screenshot moved to C:\Users\ingrida.zadorozniene\Desktop\Asm\UZTIS\UZTIS_tests\test-output\screenshots\20250103\075855254_testInsertVuiStatisticInformation().png
2025-01-03 08:04:04 [main] INFO  lt.insoft.uztis.tests.UztisPageTest - Navigated to https://uztisdev.asseco.lt/home
2025-01-03 08:04:04 [main] DEBUG l.i.uztis.tests.InvitationsPageTest - Opened 'Application Processing' menu.
2025-01-03 08:04:04 [main] DEBUG l.i.uztis.tests.InvitationsPageTest - Clicked on 'Application Forms' menu.
2025-01-03 08:04:04 [main] DEBUG l.i.uztis.tests.InvitationsPageTest - Retrieved last description code text: 'TST-VUI-63'.
2025-01-03 08:04:04 [main] DEBUG l.i.uztis.tests.InvitationsPageTest - Clicked on 'Invitation' menu.
2025-01-03 08:04:05 [main] DEBUG l.i.uztis.tests.InvitationsPageTest - Selected section by code: 'TST-VUI-63'.
2025-01-03 08:04:05 [main] DEBUG l.i.uztis.tests.InvitationsPageTest - Clicked 'Search'.
2025-01-03 08:04:05 [main] DEBUG l.i.uztis.tests.InvitationsPageTest - Clicked 'Publishing'.
2025-01-03 08:04:06 [main] INFO  l.insoft.uztis.tests.utils.TestUtils - Screenshot moved to C:\Users\ingrida.zadorozniene\Desktop\Asm\UZTIS\UZTIS_tests\test-output\screenshots\20250103\080406606_testInsertVuiStatisticInformation().png
2025-01-03 08:05:33 [main] INFO  lt.insoft.uztis.tests.UztisPageTest - Navigated to https://uztisdev.asseco.lt/home
2025-01-03 08:05:34 [main] DEBUG l.i.uztis.tests.InvitationsPageTest - Opened 'Application Processing' menu.
2025-01-03 08:05:34 [main] DEBUG l.i.uztis.tests.InvitationsPageTest - Clicked on 'Application Forms' menu.
2025-01-03 08:05:34 [main] DEBUG l.i.uztis.tests.InvitationsPageTest - Retrieved last description code text: 'TST-VUI-63'.
2025-01-03 08:05:34 [main] DEBUG l.i.uztis.tests.InvitationsPageTest - Clicked on 'Invitation' menu.
2025-01-03 08:05:35 [main] DEBUG l.i.uztis.tests.InvitationsPageTest - Selected section by code: 'TST-VUI-63'.
2025-01-03 08:05:35 [main] DEBUG l.i.uztis.tests.InvitationsPageTest - Clicked 'Search'.
2025-01-03 08:05:35 [main] DEBUG l.i.uztis.tests.InvitationsPageTest - Clicked 'Publishing'.
2025-01-03 08:05:36 [main] DEBUG l.i.uztis.tests.InvitationsPageTest - Entered current date.
2025-01-03 08:13:17 [main] INFO  lt.insoft.uztis.tests.UztisPageTest - Navigated to https://uztisdev.asseco.lt/home
2025-01-03 08:13:17 [main] DEBUG l.i.uztis.tests.InvitationsPageTest - Opened 'Application Processing' menu.
2025-01-03 08:13:17 [main] DEBUG l.i.uztis.tests.InvitationsPageTest - Clicked on 'Application Forms' menu.
2025-01-03 08:13:18 [main] DEBUG l.i.uztis.tests.InvitationsPageTest - Retrieved last description code text: 'TST-VUI-63'.
2025-01-03 08:13:18 [main] DEBUG l.i.uztis.tests.InvitationsPageTest - Clicked on 'Invitation' menu.
2025-01-03 08:13:18 [main] DEBUG l.i.uztis.tests.InvitationsPageTest - Selected section by code: 'TST-VUI-63'.
2025-01-03 08:13:18 [main] DEBUG l.i.uztis.tests.InvitationsPageTest - Clicked 'Search'.
2025-01-03 08:13:18 [main] DEBUG l.i.uztis.tests.InvitationsPageTest - Clicked 'Publishing'.
2025-01-03 08:13:19 [main] DEBUG l.i.uztis.tests.InvitationsPageTest - Entered current date.
2025-01-03 08:13:19 [main] DEBUG l.i.uztis.tests.InvitationsPageTest - Entered value: 8.7
2025-01-03 08:18:40 [main] INFO  lt.insoft.uztis.tests.UztisPageTest - Navigated to https://uztisdev.asseco.lt/home
2025-01-03 08:18:41 [main] DEBUG l.i.uztis.tests.InvitationsPageTest - Opened 'Application Processing' menu.
2025-01-03 08:18:41 [main] DEBUG l.i.uztis.tests.InvitationsPageTest - Clicked on 'Application Forms' menu.
2025-01-03 08:18:41 [main] DEBUG l.i.uztis.tests.InvitationsPageTest - Retrieved last description code text: 'TST-VUI-63'.
2025-01-03 08:18:41 [main] DEBUG l.i.uztis.tests.InvitationsPageTest - Clicked on 'Invitation' menu.
2025-01-03 08:18:41 [main] DEBUG l.i.uztis.tests.InvitationsPageTest - Selected section by code: 'TST-VUI-63'.
2025-01-03 08:18:42 [main] DEBUG l.i.uztis.tests.InvitationsPageTest - Clicked 'Search'.
2025-01-03 08:18:42 [main] DEBUG l.i.uztis.tests.InvitationsPageTest - Clicked 'Publishing'.
2025-01-03 08:18:43 [main] DEBUG l.i.uztis.tests.InvitationsPageTest - Entered current date.
2025-01-03 08:18:43 [main] DEBUG l.i.uztis.tests.InvitationsPageTest - Entered value: 8.7
2025-01-03 08:18:43 [main] DEBUG l.i.uztis.tests.InvitationsPageTest - Entered average salary: 2,237.9
2025-01-03 08:20:58 [main] INFO  lt.insoft.uztis.tests.UztisPageTest - Navigated to https://uztisdev.asseco.lt/home
2025-01-03 08:20:59 [main] DEBUG l.i.uztis.tests.InvitationsPageTest - Opened 'Application Processing' menu.
2025-01-03 08:20:59 [main] DEBUG l.i.uztis.tests.InvitationsPageTest - Clicked on 'Application Forms' menu.
2025-01-03 08:20:59 [main] DEBUG l.i.uztis.tests.InvitationsPageTest - Retrieved last description code text: 'TST-VUI-63'.
2025-01-03 08:20:59 [main] DEBUG l.i.uztis.tests.InvitationsPageTest - Clicked on 'Invitation' menu.
2025-01-03 08:21:00 [main] DEBUG l.i.uztis.tests.InvitationsPageTest - Selected section by code: 'TST-VUI-63'.
2025-01-03 08:21:00 [main] DEBUG l.i.uztis.tests.InvitationsPageTest - Clicked 'Search'.
2025-01-03 08:21:00 [main] DEBUG l.i.uztis.tests.InvitationsPageTest - Clicked 'Publishing'.
2025-01-03 08:21:01 [main] DEBUG l.i.uztis.tests.InvitationsPageTest - Entered current date.
2025-01-03 08:21:24 [main] INFO  lt.insoft.uztis.tests.UztisPageTest - Navigated to https://uztisdev.asseco.lt/home
2025-01-03 08:21:24 [main] DEBUG l.i.uztis.tests.InvitationsPageTest - Opened 'Application Processing' menu.
2025-01-03 08:21:24 [main] DEBUG l.i.uztis.tests.InvitationsPageTest - Clicked on 'Application Forms' menu.
2025-01-03 08:21:24 [main] DEBUG l.i.uztis.tests.InvitationsPageTest - Retrieved last description code text: 'TST-VUI-63'.
2025-01-03 08:21:24 [main] DEBUG l.i.uztis.tests.InvitationsPageTest - Clicked on 'Invitation' menu.
2025-01-03 08:21:25 [main] DEBUG l.i.uztis.tests.InvitationsPageTest - Selected section by code: 'TST-VUI-63'.
2025-01-03 08:21:25 [main] DEBUG l.i.uztis.tests.InvitationsPageTest - Clicked 'Search'.
2025-01-03 08:21:25 [main] DEBUG l.i.uztis.tests.InvitationsPageTest - Clicked 'Publishing'.
2025-01-03 08:21:26 [main] DEBUG l.i.uztis.tests.InvitationsPageTest - Entered current date.
2025-01-03 08:22:03 [main] INFO  lt.insoft.uztis.tests.UztisPageTest - Navigated to https://uztisdev.asseco.lt/home
2025-01-03 08:22:04 [main] DEBUG l.i.uztis.tests.InvitationsPageTest - Opened 'Application Processing' menu.
2025-01-03 08:22:04 [main] DEBUG l.i.uztis.tests.InvitationsPageTest - Clicked on 'Application Forms' menu.
2025-01-03 08:22:04 [main] DEBUG l.i.uztis.tests.InvitationsPageTest - Retrieved last description code text: 'TST-VUI-63'.
2025-01-03 08:22:04 [main] DEBUG l.i.uztis.tests.InvitationsPageTest - Clicked on 'Invitation' menu.
2025-01-03 08:22:05 [main] DEBUG l.i.uztis.tests.InvitationsPageTest - Selected section by code: 'TST-VUI-63'.
2025-01-03 08:22:05 [main] DEBUG l.i.uztis.tests.InvitationsPageTest - Clicked 'Search'.
2025-01-03 08:22:05 [main] DEBUG l.i.uztis.tests.InvitationsPageTest - Clicked 'Publishing'.
2025-01-03 08:22:06 [main] DEBUG l.i.uztis.tests.InvitationsPageTest - Entered current date.
2025-01-03 08:22:16 [main] INFO  l.insoft.uztis.tests.utils.TestUtils - Screenshot moved to C:\Users\ingrida.zadorozniene\Desktop\Asm\UZTIS\UZTIS_tests\test-output\screenshots\20250103\082216592_testInsertVuiStatisticInformation().png
2025-01-03 08:23:43 [main] INFO  lt.insoft.uztis.tests.UztisPageTest - Navigated to https://uztisdev.asseco.lt/home
2025-01-03 08:23:43 [main] DEBUG l.i.uztis.tests.InvitationsPageTest - Opened 'Application Processing' menu.
2025-01-03 08:23:43 [main] DEBUG l.i.uztis.tests.InvitationsPageTest - Clicked on 'Application Forms' menu.
2025-01-03 08:23:43 [main] DEBUG l.i.uztis.tests.InvitationsPageTest - Retrieved last description code text: 'TST-VUI-63'.
2025-01-03 08:23:43 [main] DEBUG l.i.uztis.tests.InvitationsPageTest - Clicked on 'Invitation' menu.
2025-01-03 08:23:44 [main] DEBUG l.i.uztis.tests.InvitationsPageTest - Selected section by code: 'TST-VUI-63'.
2025-01-03 08:23:44 [main] DEBUG l.i.uztis.tests.InvitationsPageTest - Clicked 'Search'.
2025-01-03 08:23:44 [main] DEBUG l.i.uztis.tests.InvitationsPageTest - Clicked 'Publishing'.
2025-01-03 08:23:45 [main] DEBUG l.i.uztis.tests.InvitationsPageTest - Entered current date.
2025-01-03 08:23:45 [main] DEBUG l.i.uztis.tests.InvitationsPageTest - Entered value: 8.7
2025-01-03 08:23:55 [main] INFO  l.insoft.uztis.tests.utils.TestUtils - Screenshot moved to C:\Users\ingrida.zadorozniene\Desktop\Asm\UZTIS\UZTIS_tests\test-output\screenshots\20250103\082355690_testInsertVuiStatisticInformation().png
2025-01-03 08:26:26 [main] INFO  lt.insoft.uztis.tests.UztisPageTest - Navigated to https://uztisdev.asseco.lt/home
2025-01-03 08:26:26 [main] DEBUG l.i.uztis.tests.InvitationsPageTest - Opened 'Application Processing' menu.
2025-01-03 08:26:26 [main] DEBUG l.i.uztis.tests.InvitationsPageTest - Clicked on 'Application Forms' menu.
2025-01-03 08:26:26 [main] DEBUG l.i.uztis.tests.InvitationsPageTest - Retrieved last description code text: 'TST-VUI-63'.
2025-01-03 08:26:26 [main] DEBUG l.i.uztis.tests.InvitationsPageTest - Clicked on 'Invitation' menu.
2025-01-03 08:26:27 [main] DEBUG l.i.uztis.tests.InvitationsPageTest - Selected section by code: 'TST-VUI-63'.
2025-01-03 08:26:27 [main] DEBUG l.i.uztis.tests.InvitationsPageTest - Clicked 'Search'.
2025-01-03 08:26:27 [main] DEBUG l.i.uztis.tests.InvitationsPageTest - Clicked 'Publishing'.
2025-01-03 08:26:28 [main] DEBUG l.i.uztis.tests.InvitationsPageTest - Entered current date.
2025-01-03 08:26:28 [main] DEBUG l.i.uztis.tests.InvitationsPageTest - Entered value: 8.7
2025-01-03 08:26:28 [main] DEBUG l.i.uztis.tests.InvitationsPageTest - Entered average salary: 2,237.9
2025-01-03 08:26:51 [main] INFO  lt.insoft.uztis.tests.UztisPageTest - Navigated to https://uztisdev.asseco.lt/home
2025-01-03 08:26:51 [main] DEBUG l.i.uztis.tests.InvitationsPageTest - Opened 'Application Processing' menu.
2025-01-03 08:26:51 [main] DEBUG l.i.uztis.tests.InvitationsPageTest - Clicked on 'Application Forms' menu.
2025-01-03 08:26:52 [main] DEBUG l.i.uztis.tests.InvitationsPageTest - Retrieved last description code text: 'TST-VUI-63'.
2025-01-03 08:26:52 [main] DEBUG l.i.uztis.tests.InvitationsPageTest - Clicked on 'Invitation' menu.
2025-01-03 08:26:52 [main] DEBUG l.i.uztis.tests.InvitationsPageTest - Selected section by code: 'TST-VUI-63'.
2025-01-03 08:26:52 [main] DEBUG l.i.uztis.tests.InvitationsPageTest - Clicked 'Search'.
2025-01-03 08:26:52 [main] DEBUG l.i.uztis.tests.InvitationsPageTest - Clicked 'Publishing'.
2025-01-03 08:26:53 [main] DEBUG l.i.uztis.tests.InvitationsPageTest - Entered current date.
2025-01-03 08:26:53 [main] DEBUG l.i.uztis.tests.InvitationsPageTest - Entered value: 8.7
2025-01-03 08:26:53 [main] DEBUG l.i.uztis.tests.InvitationsPageTest - Entered average salary: 2,237.9
2025-01-03 08:49:22 [main] INFO  lt.insoft.uztis.tests.UztisPageTest - Navigated to https://uztisdev.asseco.lt/home
2025-01-03 08:49:22 [main] DEBUG l.i.uztis.tests.InvitationsPageTest - Opened 'Application Processing' menu.
2025-01-03 08:49:22 [main] DEBUG l.i.uztis.tests.InvitationsPageTest - Clicked on 'Application Forms' menu.
2025-01-03 08:49:23 [main] DEBUG l.i.uztis.tests.InvitationsPageTest - Retrieved last description code text: 'TST-VUI-63'.
2025-01-03 08:49:23 [main] DEBUG l.i.uztis.tests.InvitationsPageTest - Clicked on 'Invitation' menu.
2025-01-03 08:49:23 [main] DEBUG l.i.uztis.tests.InvitationsPageTest - Selected section by code: 'TST-VUI-63'.
2025-01-03 08:49:23 [main] DEBUG l.i.uztis.tests.InvitationsPageTest - Clicked 'Search'.
2025-01-03 08:49:23 [main] DEBUG l.i.uztis.tests.InvitationsPageTest - Clicked 'Publishing'.
2025-01-03 08:49:24 [main] DEBUG l.i.uztis.tests.InvitationsPageTest - Entered current date.
2025-01-03 08:49:24 [main] DEBUG l.i.uztis.tests.InvitationsPageTest - Entered value: 8.7
2025-01-03 08:49:24 [main] DEBUG l.i.uztis.tests.InvitationsPageTest - Entered average salary: 2,237.9
2025-01-03 08:49:24 [main] DEBUG l.i.uztis.tests.InvitationsPageTest - File uploaded.
2025-01-03 08:54:32 [main] INFO  lt.insoft.uztis.tests.UztisPageTest - Navigated to https://uztisdev.asseco.lt/home
2025-01-03 08:54:33 [main] DEBUG l.i.uztis.tests.InvitationsPageTest - Opened 'Application Processing' menu.
2025-01-03 08:54:33 [main] DEBUG l.i.uztis.tests.InvitationsPageTest - Clicked on 'Application Forms' menu.
2025-01-03 08:54:33 [main] DEBUG l.i.uztis.tests.InvitationsPageTest - Retrieved last description code text: 'TST-VUI-63'.
2025-01-03 08:54:33 [main] DEBUG l.i.uztis.tests.InvitationsPageTest - Clicked on 'Invitation' menu.
2025-01-03 08:54:33 [main] DEBUG l.i.uztis.tests.InvitationsPageTest - Selected section by code: 'TST-VUI-63'.
2025-01-03 08:54:34 [main] DEBUG l.i.uztis.tests.InvitationsPageTest - Clicked 'Search'.
2025-01-03 08:54:34 [main] DEBUG l.i.uztis.tests.InvitationsPageTest - Clicked 'Publishing'.
2025-01-03 08:54:35 [main] DEBUG l.i.uztis.tests.InvitationsPageTest - Entered current date.
2025-01-03 08:54:35 [main] DEBUG l.i.uztis.tests.InvitationsPageTest - Entered value: 8.7
2025-01-03 08:54:35 [main] DEBUG l.i.uztis.tests.InvitationsPageTest - Entered average salary: 2237.9
2025-01-03 08:54:35 [main] DEBUG l.i.uztis.tests.InvitationsPageTest - File uploaded.
2025-01-03 08:56:00 [main] INFO  lt.insoft.uztis.tests.UztisPageTest - Navigated to https://uztisdev.asseco.lt/home
2025-01-03 08:56:00 [main] INFO  l.i.uztis.tests.InvitationsPageTest - Starting test:'testStopPublicationVuiInvitation'
2025-01-03 08:56:00 [main] DEBUG l.i.uztis.tests.InvitationsPageTest - Opened 'Application Processing' menu.
2025-01-03 08:56:00 [main] DEBUG l.i.uztis.tests.InvitationsPageTest - Clicked on 'Application Forms' menu.
2025-01-03 08:56:00 [main] DEBUG l.i.uztis.tests.InvitationsPageTest - Retrieved last description code text: 'TST-VUI-63'.
2025-01-03 08:56:01 [main] DEBUG l.i.uztis.tests.InvitationsPageTest - Clicked on 'Invitation' menu.
2025-01-03 08:56:01 [main] DEBUG l.i.uztis.tests.InvitationsPageTest - Selected section by code: 'TST-VUI-63'.
2025-01-03 08:56:01 [main] DEBUG l.i.uztis.tests.InvitationsPageTest - Clicked 'Search'.
2025-01-03 08:56:01 [main] DEBUG l.i.uztis.tests.InvitationsPageTest - Clicked 'Publishing'.
2025-01-03 08:56:02 [main] DEBUG l.i.uztis.tests.InvitationsPageTest - Clicked 'Action'.
2025-01-03 08:56:02 [main] DEBUG l.i.uztis.tests.InvitationsPageTest - Clicked 'Stop Publication'.
2025-01-03 08:56:02 [main] DEBUG l.i.uztis.tests.InvitationsPageTest - Entered expenditures text: 'Priežasties aprašas'.
2025-01-03 08:56:02 [main] DEBUG l.i.uztis.tests.InvitationsPageTest - Clicked 'Stop Publication Confirmation'.
2025-01-03 08:56:02 [main] DEBUG l.i.uztis.tests.InvitationsPageTest - Fetched label text: Sustabdytas publikavimas
2025-01-03 08:56:02 [main] INFO  l.i.uztis.tests.InvitationsPageTest - 'goToInvitationPageTest' completed. Label is: Sustabdytas publikavimas
2025-01-03 08:56:02 [main] INFO  l.i.uztis.tests.InvitationsPageTest - Test 'testStopPublicationVuiInvitation' completed successfully.
2025-01-03 08:56:13 [main] INFO  lt.insoft.uztis.tests.UztisPageTest - Navigated to https://uztisdev.asseco.lt/home
2025-01-03 08:56:13 [main] INFO  l.i.uztis.tests.InvitationsPageTest - Starting test:'testArchiveVuiInvitation'
2025-01-03 08:56:13 [main] DEBUG l.i.uztis.tests.InvitationsPageTest - Opened 'Application Processing' menu.
2025-01-03 08:56:13 [main] DEBUG l.i.uztis.tests.InvitationsPageTest - Clicked on 'Application Forms' menu.
2025-01-03 08:56:14 [main] DEBUG l.i.uztis.tests.InvitationsPageTest - Retrieved last description code text: 'TST-VUI-63'.
2025-01-03 08:56:14 [main] DEBUG l.i.uztis.tests.InvitationsPageTest - Clicked on 'Invitation' menu.
2025-01-03 08:56:14 [main] DEBUG l.i.uztis.tests.InvitationsPageTest - Selected section by code: 'TST-VUI-63'.
2025-01-03 08:56:14 [main] DEBUG l.i.uztis.tests.InvitationsPageTest - Clicked 'Search'.
2025-01-03 08:56:14 [main] DEBUG l.i.uztis.tests.InvitationsPageTest - Clicked 'Publication Stopped'.
2025-01-03 08:56:15 [main] DEBUG l.i.uztis.tests.InvitationsPageTest - Clicked 'Action'.
2025-01-03 08:56:15 [main] DEBUG l.i.uztis.tests.InvitationsPageTest - Clicked 'Archive'.
2025-01-03 08:56:15 [main] DEBUG l.i.uztis.tests.InvitationsPageTest - Entered expenditures text: 'Priežasties aprašas'.
2025-01-03 08:56:15 [main] DEBUG l.i.uztis.tests.InvitationsPageTest - Clicked 'Stop Publication Confirmation'.
2025-01-03 08:56:16 [main] DEBUG l.i.uztis.tests.InvitationsPageTest - Fetched label text: Archyvuotas
2025-01-03 08:56:16 [main] INFO  l.i.uztis.tests.InvitationsPageTest - 'goToInvitationPageTest' completed. Label is: Archyvuotas
2025-01-03 08:56:16 [main] INFO  l.i.uztis.tests.InvitationsPageTest - Test 'testArchiveVuiInvitation' completed successfully.
2025-01-03 08:56:25 [main] INFO  lt.insoft.uztis.tests.UztisPageTest - Navigated to https://uztisdev.asseco.lt/home
2025-01-03 08:56:25 [main] INFO  l.i.uztis.tests.InvitationsPageTest - Starting test:'testDeleteVuiInvitation'
2025-01-03 08:56:25 [main] DEBUG l.i.uztis.tests.InvitationsPageTest - Opened 'Application Processing' menu.
2025-01-03 08:56:25 [main] DEBUG l.i.uztis.tests.InvitationsPageTest - Clicked on 'Application Forms' menu.
2025-01-03 08:56:26 [main] DEBUG l.i.uztis.tests.InvitationsPageTest - Retrieved last description code text: 'TST-VUI-63'.
2025-01-03 08:56:26 [main] DEBUG l.i.uztis.tests.InvitationsPageTest - Clicked on 'Invitation' menu.
2025-01-03 08:56:26 [main] DEBUG l.i.uztis.tests.InvitationsPageTest - Selected section by code: 'TST-VUI-63'.
2025-01-03 08:56:26 [main] DEBUG l.i.uztis.tests.InvitationsPageTest - Clicked 'Search'.
2025-01-03 08:56:27 [main] DEBUG l.i.uztis.tests.InvitationsPageTest - Clicked 'Archived'.
2025-01-03 08:56:27 [main] DEBUG l.i.uztis.tests.InvitationsPageTest - Clicked 'Action'.
2025-01-03 08:56:27 [main] DEBUG l.i.uztis.tests.InvitationsPageTest - Clicked 'Delete'.
2025-01-03 08:56:27 [main] DEBUG l.i.uztis.tests.InvitationsPageTest - Clicked 'Stop Publication Confirmation'.
2025-01-03 08:56:28 [main] DEBUG l.i.uztis.tests.InvitationsPageTest - Verified success message: 'Įrašas sėkmingai pašalintas.'
2025-01-03 08:56:28 [main] INFO  l.i.uztis.tests.InvitationsPageTest - Test 'testDeleteVuiInvitation' completed successfully.
2025-01-03 09:11:13 [main] INFO  lt.insoft.uztis.tests.UztisPageTest - Navigated to https://uztisdev.asseco.lt/home
2025-01-03 09:11:13 [main] INFO  l.i.uztis.tests.InvitationsPageTest - Starting test:'testCreateNewVuiInvitationDraft'
2025-01-03 09:11:13 [main] DEBUG l.i.uztis.tests.InvitationsPageTest - Opened 'Application Processing' menu.
2025-01-03 09:11:13 [main] DEBUG l.i.uztis.tests.InvitationsPageTest - Clicked on 'Application Forms' menu.
2025-01-03 09:11:13 [main] DEBUG l.i.uztis.tests.InvitationsPageTest - Navigating to application forms menu.
2025-01-03 09:11:13 [main] DEBUG l.i.uztis.tests.InvitationsPageTest - Retrieved last description code text: 'TST-VUI-63'.
2025-01-03 09:11:13 [main] DEBUG l.i.uztis.tests.InvitationsPageTest - Clicked on 'Invitation' menu.
2025-01-03 09:11:13 [main] DEBUG l.i.uztis.tests.InvitationsPageTest - Clicked 'Create New Application Form'.
2025-01-03 09:11:14 [main] DEBUG l.i.uztis.tests.InvitationsPageTest - Selected section by code: 'TST-VUI-63'.
2025-01-03 09:11:14 [main] DEBUG l.i.uztis.tests.InvitationsPageTest - Selected invitation number from the list.
2025-01-03 09:11:15 [main] DEBUG l.i.uztis.tests.InvitationsPageTest - Entered current date.
2025-01-03 09:11:15 [main] DEBUG l.i.uztis.tests.InvitationsPageTest - Entered start time: 00:00.
2025-01-03 09:11:15 [main] DEBUG l.i.uztis.tests.InvitationsPageTest - Entered end date.
2025-01-03 09:11:16 [main] DEBUG l.i.uztis.tests.InvitationsPageTest - Entered end time: 11:11.
2025-01-03 09:11:16 [main] DEBUG l.i.uztis.tests.InvitationsPageTest - Draft saved.
2025-01-03 09:11:16 [main] DEBUG l.i.uztis.tests.InvitationsPageTest - Verified success message: 'Duomenys sėkmingai išsaugoti.'
2025-01-03 09:11:16 [main] INFO  l.i.uztis.tests.InvitationsPageTest - Test 'testCreateNewVuiInvitationDraft' completed successfully.
2025-01-03 09:11:32 [main] INFO  lt.insoft.uztis.tests.UztisPageTest - Navigated to https://uztisdev.asseco.lt/home
2025-01-03 09:11:32 [main] INFO  l.i.uztis.tests.InvitationsPageTest - Starting test:'testEditAndPublishVuiInvitationDraft'
2025-01-03 09:11:32 [main] DEBUG l.i.uztis.tests.InvitationsPageTest - Opened 'Application Processing' menu.
2025-01-03 09:11:32 [main] DEBUG l.i.uztis.tests.InvitationsPageTest - Clicked on 'Application Forms' menu.
2025-01-03 09:11:32 [main] DEBUG l.i.uztis.tests.InvitationsPageTest - Navigating to application forms menu.
2025-01-03 09:11:32 [main] DEBUG l.i.uztis.tests.InvitationsPageTest - Retrieved last description code text: 'TST-VUI-63'.
2025-01-03 09:11:33 [main] DEBUG l.i.uztis.tests.InvitationsPageTest - Clicked on 'Invitation' menu.
2025-01-03 09:11:33 [main] DEBUG l.i.uztis.tests.InvitationsPageTest - Selected section by code: 'TST-VUI-63'.
2025-01-03 09:11:33 [main] DEBUG l.i.uztis.tests.InvitationsPageTest - Clicked 'Search'.
2025-01-03 09:11:33 [main] DEBUG l.i.uztis.tests.InvitationsPageTest - Getting and inserting application code text.
2025-01-03 09:11:33 [main] DEBUG l.i.uztis.tests.InvitationsPageTest - Clicked 'InvitationDraft'.
2025-01-03 09:11:34 [main] DEBUG l.i.uztis.tests.InvitationsPageTest - Clicked 'Edit'.
2025-01-03 09:11:34 [main] DEBUG l.i.uztis.tests.InvitationsPageTest - Entered publication end date.
2025-01-03 09:11:35 [main] DEBUG l.i.uztis.tests.InvitationsPageTest - Added additional values.
2025-01-03 09:11:35 [main] INFO  l.insoft.uztis.pages.InvitationsPage - Located the dropdown button.
2025-01-03 09:11:35 [main] INFO  l.insoft.uztis.pages.InvitationsPage - Successfully selected the value: 'Didžiausia galima paramos suma aplinkos darbo vietai, Eur'
2025-01-03 09:11:35 [main] DEBUG l.i.uztis.tests.InvitationsPageTest - Selected the value: 'Didžiausia galima paramos suma aplinkos darbo vietai, Eur'
2025-01-03 09:11:35 [main] INFO  l.insoft.uztis.pages.InvitationsPage - Located the dropdown button.
2025-01-03 09:11:35 [main] INFO  l.insoft.uztis.pages.InvitationsPage - Successfully selected the value: 'Didžiausia galima paramos suma, Eur'
2025-01-03 09:11:35 [main] DEBUG l.i.uztis.tests.InvitationsPageTest - Selected the value: 'Didžiausia galima paramos suma, Eur'
2025-01-03 09:11:35 [main] INFO  l.insoft.uztis.pages.InvitationsPage - Located the dropdown button.
2025-01-03 09:11:36 [main] INFO  l.insoft.uztis.pages.InvitationsPage - Successfully selected the value: 'Didžiausia galima paramos suma vienai darbo vietai, Eur'
2025-01-03 09:11:36 [main] DEBUG l.i.uztis.tests.InvitationsPageTest - Selected the value: 'Didžiausia galima paramos suma vienai darbo vietai, Eur'
2025-01-03 09:11:36 [main] DEBUG l.i.uztis.tests.InvitationsPageTest - Entered value: 11000
2025-01-03 09:11:36 [main] DEBUG l.i.uztis.tests.InvitationsPageTest - Entered value: 12000
2025-01-03 09:11:36 [main] DEBUG l.i.uztis.tests.InvitationsPageTest - Entered value: 13000
2025-01-03 09:11:36 [main] DEBUG l.i.uztis.tests.InvitationsPageTest - Checked 'Legal Entities' checkbox.
2025-01-03 09:11:36 [main] DEBUG l.i.uztis.tests.InvitationsPageTest - Unchecked 'Persons Registered with Employment Service' checkbox.
2025-01-03 09:11:37 [main] DEBUG l.i.uztis.tests.InvitationsPageTest - Checked 'Persons Registered as Employers' checkbox.
2025-01-03 09:11:37 [main] DEBUG l.i.uztis.tests.InvitationsPageTest - Entered second evaluation grade: '5'.
2025-01-03 09:11:37 [main] DEBUG l.i.uztis.tests.InvitationsPageTest - Entered third evaluation grade: '6'.
2025-01-03 09:11:37 [main] DEBUG l.i.uztis.tests.InvitationsPageTest - Entered second evaluation grade weight: '0,45'.
2025-01-03 09:11:37 [main] DEBUG l.i.uztis.tests.InvitationsPageTest - Entered third evaluation grade weight: '0,55'.
2025-01-03 09:11:37 [main] DEBUG l.i.uztis.tests.InvitationsPageTest - Entered budget: '2000'.
2025-01-03 09:11:37 [main] DEBUG l.i.uztis.tests.InvitationsPageTest - Entered description text: 'Aprašo tekstas'.
2025-01-03 09:11:37 [main] DEBUG l.i.uztis.tests.InvitationsPageTest - Entered applicants text: 'Pareiškėjų tekstas'.
2025-01-03 09:11:38 [main] DEBUG l.i.uztis.tests.InvitationsPageTest - Entered expenditures text: 'Išlaidų tekstas'.
2025-01-03 09:11:38 [main] DEBUG l.i.uztis.tests.InvitationsPageTest - Entered legislation text: 'Teisės aktų tekstas'.
2025-01-03 09:11:38 [main] DEBUG l.i.uztis.tests.InvitationsPageTest - Entered education text: 'Mokymų tekstas'.
2025-01-03 09:11:38 [main] DEBUG l.i.uztis.tests.InvitationsPageTest - File uploaded.
2025-01-03 09:11:38 [main] DEBUG l.i.uztis.tests.InvitationsPageTest - Clicked 'Publish'.
2025-01-03 09:11:38 [main] DEBUG l.i.uztis.tests.InvitationsPageTest - Publication confirmed.
2025-01-03 09:11:39 [main] DEBUG l.i.uztis.tests.InvitationsPageTest - Verified success message: 'Funkcija sėkmingai atlikta.'
2025-01-03 09:11:39 [main] INFO  l.i.uztis.tests.InvitationsPageTest - Test 'testEditAndPublishVuiInvitationDraft' completed successfully.
2025-01-03 09:11:52 [main] INFO  lt.insoft.uztis.tests.UztisPageTest - Navigated to https://uztisdev.asseco.lt/home
2025-01-03 09:11:52 [main] INFO  l.i.uztis.tests.InvitationsPageTest - Starting test:'testInsertVuiStatisticInformation'
2025-01-03 09:11:52 [main] DEBUG l.i.uztis.tests.InvitationsPageTest - Opened 'Application Processing' menu.
2025-01-03 09:11:53 [main] DEBUG l.i.uztis.tests.InvitationsPageTest - Clicked on 'Application Forms' menu.
2025-01-03 09:11:53 [main] DEBUG l.i.uztis.tests.InvitationsPageTest - Navigating to application forms menu.
2025-01-03 09:11:53 [main] DEBUG l.i.uztis.tests.InvitationsPageTest - Retrieved last description code text: 'TST-VUI-63'.
2025-01-03 09:11:53 [main] DEBUG l.i.uztis.tests.InvitationsPageTest - Clicked on 'Invitation' menu.
2025-01-03 09:11:53 [main] DEBUG l.i.uztis.tests.InvitationsPageTest - Selected section by code: 'TST-VUI-63'.
2025-01-03 09:11:53 [main] DEBUG l.i.uztis.tests.InvitationsPageTest - Clicked 'Search'.
2025-01-03 09:11:53 [main] DEBUG l.i.uztis.tests.InvitationsPageTest - Getting and inserting application code text.
2025-01-03 09:11:54 [main] DEBUG l.i.uztis.tests.InvitationsPageTest - Clicked 'Publishing'.
2025-01-03 09:11:54 [main] DEBUG l.i.uztis.tests.InvitationsPageTest - Clicked 'Statistic Information' tab.
2025-01-03 09:11:54 [main] DEBUG l.i.uztis.tests.InvitationsPageTest - Clicked 'Edit' button.
2025-01-03 09:11:55 [main] DEBUG l.i.uztis.tests.InvitationsPageTest - Entered current date.
2025-01-03 09:11:55 [main] DEBUG l.i.uztis.tests.InvitationsPageTest - Entered value: 8.7
2025-01-03 09:11:55 [main] DEBUG l.i.uztis.tests.InvitationsPageTest - Entered average salary: 2237.9
2025-01-03 09:11:55 [main] DEBUG l.i.uztis.tests.InvitationsPageTest - File uploaded.
2025-01-03 09:11:55 [main] DEBUG l.i.uztis.tests.InvitationsPageTest - Clicked 'Save' button.
2025-01-03 09:11:55 [main] DEBUG l.i.uztis.tests.InvitationsPageTest - Verified success message: 'Funkcija sėkmingai atlikta.'
2025-01-03 09:11:55 [main] INFO  l.i.uztis.tests.InvitationsPageTest - Test 'testInsertVuiStatisticInformation' completed successfully.
2025-01-03 10:03:00 [main] INFO  lt.insoft.uztis.tests.UztisPageTest - Navigated to https://uztisdev.asseco.lt/home
2025-01-03 10:03:00 [main] INFO  l.i.u.tests.ApplicationFormsPageTest - Setup complete. ApplicationFormsPage initialized.
2025-01-03 10:03:00 [main] INFO  l.i.u.tests.ApplicationFormsPageTest - Starting test:'testCreateNewVuiApplication'
2025-01-03 10:03:00 [main] DEBUG l.i.u.tests.ApplicationFormsPageTest - Opened 'Application Processing' menu.
2025-01-03 10:03:01 [main] DEBUG l.i.u.tests.ApplicationFormsPageTest - Clicked on 'Application Forms' menu.
2025-01-03 10:03:01 [main] DEBUG l.i.u.tests.ApplicationFormsPageTest - Clicked to create a new application form.
2025-01-03 10:03:01 [main] DEBUG l.i.u.tests.ApplicationFormsPageTest - Entered random application code: TST-VUI-95
2025-01-03 10:03:01 [main] DEBUG l.i.u.tests.ApplicationFormsPageTest - Selected 'Section' radio button.
2025-01-03 10:03:01 [main] INFO  l.i.uztis.pages.ApplicationFormsPage - Located the dropdown button.
2025-01-03 10:03:02 [main] INFO  l.i.uztis.pages.ApplicationFormsPage - Successfully selected the value: 'Skyrius 1'
2025-01-03 10:03:12 [main] ERROR l.i.uztis.pages.ApplicationFormsPage - Failed to close the dropdown with aria-expanded = 'false'.
2025-01-03 10:03:12 [main] DEBUG l.i.u.tests.ApplicationFormsPageTest - Selected a value from the 'Section' dropdown: 'Skyrius 1'
2025-01-03 10:03:12 [main] DEBUG l.i.u.tests.ApplicationFormsPageTest - Selected 'Budget by Municipality' option.
2025-01-03 10:03:13 [main] DEBUG l.i.u.tests.ApplicationFormsPageTest - Selected 'Financed Without Queue' option.
2025-01-03 10:03:13 [main] DEBUG l.i.u.tests.ApplicationFormsPageTest - Clicked 'Add' button.
2025-01-03 10:03:13 [main] INFO  l.i.uztis.pages.ApplicationFormsPage - Located the dropdown button.
2025-01-03 10:03:13 [main] INFO  l.i.uztis.pages.ApplicationFormsPage - Successfully selected the value: 'VUI paraiškos vertinimo forma - I etapas'
2025-01-03 10:03:23 [main] ERROR l.i.uztis.pages.ApplicationFormsPage - Failed to close the dropdown with aria-expanded = 'false'.
2025-01-03 10:03:23 [main] DEBUG l.i.u.tests.ApplicationFormsPageTest - Selected a value from the 'EvaluationOne' dropdown: 'VUI paraiškos vertinimo forma - I etapas'
2025-01-03 10:03:23 [main] INFO  l.i.uztis.pages.ApplicationFormsPage - Located the dropdown button.
2025-01-03 10:03:24 [main] INFO  l.i.uztis.pages.ApplicationFormsPage - Successfully selected the value: 'VUI paraiškos vertinimo forma - II etapas'
2025-01-03 10:03:34 [main] ERROR l.i.uztis.pages.ApplicationFormsPage - Failed to close the dropdown with aria-expanded = 'false'.
2025-01-03 10:03:34 [main] DEBUG l.i.u.tests.ApplicationFormsPageTest - Selected a value from the 'EvaluationTwon' dropdown: 'VUI paraiškos vertinimo forma - II etapas'
2025-01-03 10:03:34 [main] INFO  l.i.uztis.pages.ApplicationFormsPage - Located the dropdown button.
2025-01-03 10:03:34 [main] INFO  l.i.uztis.pages.ApplicationFormsPage - Successfully selected the value: 'VUI paraiškos vertinimo forma - III etapas'
2025-01-03 10:03:45 [main] ERROR l.i.uztis.pages.ApplicationFormsPage - Failed to close the dropdown with aria-expanded = 'false'.
2025-01-03 10:03:45 [main] DEBUG l.i.u.tests.ApplicationFormsPageTest - Selected a value from the 'EvaluationThree' dropdown: 'VUI paraiškos vertinimo forma - III etapas'
2025-01-03 10:03:45 [main] DEBUG l.i.u.tests.ApplicationFormsPageTest - Clicked 'Plus' button.
2025-01-03 10:03:45 [main] DEBUG l.i.u.tests.ApplicationFormsPageTest - Clicked 'Add' button seven times.
2025-01-03 10:03:46 [main] INFO  l.i.uztis.pages.ApplicationFormsPage - Processing dropdown index: 0
2025-01-03 10:03:57 [main] ERROR l.i.uztis.pages.ApplicationFormsPage - Timeout while waiting for dropdown to close at index: 0 with aria-expanded = 'false'
2025-01-03 10:03:57 [main] INFO  l.i.uztis.pages.ApplicationFormsPage - Processing dropdown index: 1
2025-01-03 10:04:08 [main] ERROR l.i.uztis.pages.ApplicationFormsPage - Timeout while waiting for dropdown to close at index: 1 with aria-expanded = 'false'
2025-01-03 10:04:08 [main] INFO  l.i.uztis.pages.ApplicationFormsPage - Processing dropdown index: 2
2025-01-03 10:04:19 [main] ERROR l.i.uztis.pages.ApplicationFormsPage - Timeout while waiting for dropdown to close at index: 2 with aria-expanded = 'false'
2025-01-03 10:04:19 [main] INFO  l.i.uztis.pages.ApplicationFormsPage - Processing dropdown index: 3
2025-01-03 10:04:30 [main] ERROR l.i.uztis.pages.ApplicationFormsPage - Timeout while waiting for dropdown to close at index: 3 with aria-expanded = 'false'
2025-01-03 10:04:30 [main] INFO  l.i.uztis.pages.ApplicationFormsPage - Processing dropdown index: 4
2025-01-03 10:04:41 [main] ERROR l.i.uztis.pages.ApplicationFormsPage - Timeout while waiting for dropdown to close at index: 4 with aria-expanded = 'false'
2025-01-03 10:04:41 [main] INFO  l.i.uztis.pages.ApplicationFormsPage - Processing dropdown index: 5
2025-01-03 10:04:52 [main] ERROR l.i.uztis.pages.ApplicationFormsPage - Timeout while waiting for dropdown to close at index: 5 with aria-expanded = 'false'
2025-01-03 10:04:52 [main] INFO  l.i.uztis.pages.ApplicationFormsPage - Processing dropdown index: 6
2025-01-03 10:05:03 [main] ERROR l.i.uztis.pages.ApplicationFormsPage - Timeout while waiting for dropdown to close at index: 6 with aria-expanded = 'false'
2025-01-03 10:05:04 [main] INFO  l.i.uztis.pages.ApplicationFormsPage - Processing dropdown index: 7
2025-01-03 10:05:14 [main] ERROR l.i.uztis.pages.ApplicationFormsPage - Timeout while waiting for dropdown to close at index: 7 with aria-expanded = 'false'
2025-01-03 10:05:14 [main] INFO  l.i.uztis.pages.ApplicationFormsPage - Processing input field index: 0
2025-01-03 10:05:14 [main] INFO  l.i.uztis.pages.ApplicationFormsPage - Entered value '50' into field index: 0
2025-01-03 10:05:14 [main] INFO  l.i.uztis.pages.ApplicationFormsPage - Processing input field index: 1
2025-01-03 10:05:15 [main] INFO  l.i.uztis.pages.ApplicationFormsPage - Entered value '924' into field index: 1
2025-01-03 10:05:15 [main] INFO  l.i.uztis.pages.ApplicationFormsPage - Processing input field index: 2
2025-01-03 10:05:15 [main] INFO  l.i.uztis.pages.ApplicationFormsPage - Entered value '31' into field index: 2
2025-01-03 10:05:15 [main] INFO  l.i.uztis.pages.ApplicationFormsPage - Processing input field index: 3
2025-01-03 10:05:15 [main] INFO  l.i.uztis.pages.ApplicationFormsPage - Entered value '4.7' into field index: 3
2025-01-03 10:05:15 [main] INFO  l.i.uztis.pages.ApplicationFormsPage - Processing input field index: 4
2025-01-03 10:05:15 [main] INFO  l.i.uztis.pages.ApplicationFormsPage - Entered value '35' into field index: 4
2025-01-03 10:05:15 [main] INFO  l.i.uztis.pages.ApplicationFormsPage - Processing input field index: 5
2025-01-03 10:05:15 [main] INFO  l.i.uztis.pages.ApplicationFormsPage - Entered value '20' into field index: 5
2025-01-03 10:05:15 [main] INFO  l.i.uztis.pages.ApplicationFormsPage - Processing input field index: 6
2025-01-03 10:05:15 [main] INFO  l.i.uztis.pages.ApplicationFormsPage - Entered value '30' into field index: 6
2025-01-03 10:05:15 [main] INFO  l.i.uztis.pages.ApplicationFormsPage - Processing input field index: 7
2025-01-03 10:05:15 [main] INFO  l.i.uztis.pages.ApplicationFormsPage - Entered value '60' into field index: 7
2025-01-03 10:05:15 [main] DEBUG l.i.u.tests.ApplicationFormsPageTest - Entered additional values and text.
2025-01-03 10:05:15 [main] DEBUG l.i.u.tests.ApplicationFormsPageTest - Entered application name: VUI paraiška
2025-01-03 10:05:16 [main] DEBUG l.i.u.tests.ApplicationFormsPageTest - Clicked the 'Save' button.
2025-01-03 10:05:16 [main] INFO  l.i.u.tests.ApplicationFormsPageTest - Verified success message text: 'Duomenys sėkmingai išsaugoti.'
2025-01-03 10:05:16 [main] INFO  l.i.u.tests.ApplicationFormsPageTest - Verified that the 'Save Form' button is displayed.
2025-01-03 10:05:16 [main] INFO  l.i.u.tests.ApplicationFormsPageTest - Test 'testCreateNewVuiApplication' completed successfully.
2025-01-03 10:35:44 [main] INFO  lt.insoft.uztis.tests.UztisPageTest - Navigated to https://uztisdev.asseco.lt/home
2025-01-03 10:35:44 [main] INFO  l.i.u.tests.ApplicationFormsPageTest - Setup complete. ApplicationFormsPage initialized.
2025-01-03 10:35:44 [main] INFO  l.i.u.tests.ApplicationFormsPageTest - Starting test:'testEditAndSaveVuiApplication'
2025-01-03 10:35:44 [main] DEBUG l.i.u.tests.ApplicationFormsPageTest - Opened 'Application Processing' menu.
2025-01-03 10:35:44 [main] DEBUG l.i.u.tests.ApplicationFormsPageTest - Clicked on 'Application Forms' menu.
2025-01-03 10:35:45 [main] DEBUG l.i.u.tests.ApplicationFormsPageTest - Selected the last application description.
2025-01-03 10:35:55 [main] ERROR l.i.u.tests.ApplicationFormsPageTest - Test 'testEditAndSaveVuiApplication' failed with error: no such element: Unable to locate element: {"method":"link text","selector":"Redaguoti"}
  (Session info: chrome=131.0.6778.205)
For documentation on this error, please visit: https://www.selenium.dev/documentation/webdriver/troubleshooting/errors#no-such-element-exception
Build info: version: '4.27.0', revision: 'd6e718d134'
System info: os.name: 'Windows 11', os.arch: 'amd64', os.version: '10.0', java.version: '21.0.3'
Driver info: org.openqa.selenium.chrome.ChromeDriver
Command: [4cc2f532ff1f96416eb90c82575b9466, findElement {value=Redaguoti, using=link text}]
Capabilities {acceptInsecureCerts: false, browserName: chrome, browserVersion: 131.0.6778.205, chrome: {chromedriverVersion: 131.0.6778.204 (52183f9e99a..., userDataDir: C:\Users\INGRID~1.ZAD\AppDa...}, fedcm:accounts: true, goog:chromeOptions: {debuggerAddress: localhost:57993}, networkConnectionEnabled: false, pageLoadStrategy: normal, platformName: windows, proxy: Proxy(), se:cdp: ws://localhost:57993/devtoo..., se:cdpVersion: 131.0.6778.205, setWindowRect: true, strictFileInteractability: false, timeouts: {implicit: 0, pageLoad: 300000, script: 30000}, unhandledPromptBehavior: dismiss and notify, webauthn:extension:credBlob: true, webauthn:extension:largeBlob: true, webauthn:extension:minPinLength: true, webauthn:extension:prf: true, webauthn:virtualAuthenticators: true}
Session ID: 4cc2f532ff1f96416eb90c82575b9466
org.openqa.selenium.NoSuchElementException: no such element: Unable to locate element: {"method":"link text","selector":"Redaguoti"}
  (Session info: chrome=131.0.6778.205)
For documentation on this error, please visit: https://www.selenium.dev/documentation/webdriver/troubleshooting/errors#no-such-element-exception
Build info: version: '4.27.0', revision: 'd6e718d134'
System info: os.name: 'Windows 11', os.arch: 'amd64', os.version: '10.0', java.version: '21.0.3'
Driver info: org.openqa.selenium.chrome.ChromeDriver
Command: [4cc2f532ff1f96416eb90c82575b9466, findElement {value=Redaguoti, using=link text}]
Capabilities {acceptInsecureCerts: false, browserName: chrome, browserVersion: 131.0.6778.205, chrome: {chromedriverVersion: 131.0.6778.204 (52183f9e99a..., userDataDir: C:\Users\INGRID~1.ZAD\AppDa...}, fedcm:accounts: true, goog:chromeOptions: {debuggerAddress: localhost:57993}, networkConnectionEnabled: false, pageLoadStrategy: normal, platformName: windows, proxy: Proxy(), se:cdp: ws://localhost:57993/devtoo..., se:cdpVersion: 131.0.6778.205, setWindowRect: true, strictFileInteractability: false, timeouts: {implicit: 0, pageLoad: 300000, script: 30000}, unhandledPromptBehavior: dismiss and notify, webauthn:extension:credBlob: true, webauthn:extension:largeBlob: true, webauthn:extension:minPinLength: true, webauthn:extension:prf: true, webauthn:virtualAuthenticators: true}
Session ID: 4cc2f532ff1f96416eb90c82575b9466
	at java.base/jdk.internal.reflect.DirectConstructorHandleAccessor.newInstance(DirectConstructorHandleAccessor.java:62)
	at java.base/java.lang.reflect.Constructor.newInstanceWithCaller(Constructor.java:502)
	at java.base/java.lang.reflect.Constructor.newInstance(Constructor.java:486)
	at org.openqa.selenium.remote.ErrorCodec.decode(ErrorCodec.java:167)
	at org.openqa.selenium.remote.codec.w3c.W3CHttpResponseCodec.decode(W3CHttpResponseCodec.java:138)
	at org.openqa.selenium.remote.codec.w3c.W3CHttpResponseCodec.decode(W3CHttpResponseCodec.java:50)
	at org.openqa.selenium.remote.HttpCommandExecutor.execute(HttpCommandExecutor.java:190)
	at org.openqa.selenium.remote.service.DriverCommandExecutor.invokeExecute(DriverCommandExecutor.java:216)
	at org.openqa.selenium.remote.service.DriverCommandExecutor.execute(DriverCommandExecutor.java:174)
	at org.openqa.selenium.remote.RemoteWebDriver.execute(RemoteWebDriver.java:545)
	at org.openqa.selenium.remote.ElementLocation$ElementFinder$2.findElement(ElementLocation.java:165)
	at org.openqa.selenium.remote.ElementLocation.findElement(ElementLocation.java:59)
	at org.openqa.selenium.remote.RemoteWebDriver.findElement(RemoteWebDriver.java:368)
	at org.openqa.selenium.remote.RemoteWebDriver.findElement(RemoteWebDriver.java:362)
	at org.openqa.selenium.support.pagefactory.DefaultElementLocator.findElement(DefaultElementLocator.java:68)
	at org.openqa.selenium.support.pagefactory.internal.LocatingElementHandler.invoke(LocatingElementHandler.java:38)
	at jdk.proxy2/jdk.proxy2.$Proxy14.click(Unknown Source)
	at lt.insoft.uztis.pages.ApplicationFormsPage.clickButtonEdit(ApplicationFormsPage.java:181)
	at lt.insoft.uztis.tests.ApplicationFormsPageTest.testEditAndSaveVuiApplication(ApplicationFormsPageTest.java:168)
	at java.base/jdk.internal.reflect.DirectMethodHandleAccessor.invoke(DirectMethodHandleAccessor.java:103)
	at java.base/java.lang.reflect.Method.invoke(Method.java:580)
	at org.junit.platform.commons.util.ReflectionUtils.invokeMethod(ReflectionUtils.java:728)
	at org.junit.jupiter.engine.execution.MethodInvocation.proceed(MethodInvocation.java:60)
	at org.junit.jupiter.engine.execution.InvocationInterceptorChain$ValidatingInvocation.proceed(InvocationInterceptorChain.java:131)
	at org.junit.jupiter.engine.extension.TimeoutExtension.intercept(TimeoutExtension.java:156)
	at org.junit.jupiter.engine.extension.TimeoutExtension.interceptTestableMethod(TimeoutExtension.java:147)
	at org.junit.jupiter.engine.extension.TimeoutExtension.interceptTestMethod(TimeoutExtension.java:86)
	at org.junit.jupiter.engine.execution.InterceptingExecutableInvoker$ReflectiveInterceptorCall.lambda$ofVoidMethod$0(InterceptingExecutableInvoker.java:103)
	at org.junit.jupiter.engine.execution.InterceptingExecutableInvoker.lambda$invoke$0(InterceptingExecutableInvoker.java:93)
	at org.junit.jupiter.engine.execution.InvocationInterceptorChain$InterceptedInvocation.proceed(InvocationInterceptorChain.java:106)
	at org.junit.jupiter.engine.execution.InvocationInterceptorChain.proceed(InvocationInterceptorChain.java:64)
	at org.junit.jupiter.engine.execution.InvocationInterceptorChain.chainAndInvoke(InvocationInterceptorChain.java:45)
	at org.junit.jupiter.engine.execution.InvocationInterceptorChain.invoke(InvocationInterceptorChain.java:37)
	at org.junit.jupiter.engine.execution.InterceptingExecutableInvoker.invoke(InterceptingExecutableInvoker.java:92)
	at org.junit.jupiter.engine.execution.InterceptingExecutableInvoker.invoke(InterceptingExecutableInvoker.java:86)
	at org.junit.jupiter.engine.descriptor.TestMethodTestDescriptor.lambda$invokeTestMethod$7(TestMethodTestDescriptor.java:218)
	at org.junit.platform.engine.support.hierarchical.ThrowableCollector.execute(ThrowableCollector.java:73)
	at org.junit.jupiter.engine.descriptor.TestMethodTestDescriptor.invokeTestMethod(TestMethodTestDescriptor.java:214)
	at org.junit.jupiter.engine.descriptor.TestMethodTestDescriptor.execute(TestMethodTestDescriptor.java:139)
	at org.junit.jupiter.engine.descriptor.TestMethodTestDescriptor.execute(TestMethodTestDescriptor.java:69)
	at org.junit.platform.engine.support.hierarchical.NodeTestTask.lambda$executeRecursively$6(NodeTestTask.java:151)
	at org.junit.platform.engine.support.hierarchical.ThrowableCollector.execute(ThrowableCollector.java:73)
	at org.junit.platform.engine.support.hierarchical.NodeTestTask.lambda$executeRecursively$8(NodeTestTask.java:141)
	at org.junit.platform.engine.support.hierarchical.Node.around(Node.java:137)
	at org.junit.platform.engine.support.hierarchical.NodeTestTask.lambda$executeRecursively$9(NodeTestTask.java:139)
	at org.junit.platform.engine.support.hierarchical.ThrowableCollector.execute(ThrowableCollector.java:73)
	at org.junit.platform.engine.support.hierarchical.NodeTestTask.executeRecursively(NodeTestTask.java:138)
	at org.junit.platform.engine.support.hierarchical.NodeTestTask.execute(NodeTestTask.java:95)
	at java.base/java.util.ArrayList.forEach(ArrayList.java:1596)
	at org.junit.platform.engine.support.hierarchical.SameThreadHierarchicalTestExecutorService.invokeAll(SameThreadHierarchicalTestExecutorService.java:41)
	at org.junit.platform.engine.support.hierarchical.NodeTestTask.lambda$executeRecursively$6(NodeTestTask.java:155)
	at org.junit.platform.engine.support.hierarchical.ThrowableCollector.execute(ThrowableCollector.java:73)
	at org.junit.platform.engine.support.hierarchical.NodeTestTask.lambda$executeRecursively$8(NodeTestTask.java:141)
	at org.junit.platform.engine.support.hierarchical.Node.around(Node.java:137)
	at org.junit.platform.engine.support.hierarchical.NodeTestTask.lambda$executeRecursively$9(NodeTestTask.java:139)
	at org.junit.platform.engine.support.hierarchical.ThrowableCollector.execute(ThrowableCollector.java:73)
	at org.junit.platform.engine.support.hierarchical.NodeTestTask.executeRecursively(NodeTestTask.java:138)
	at org.junit.platform.engine.support.hierarchical.NodeTestTask.execute(NodeTestTask.java:95)
	at java.base/java.util.ArrayList.forEach(ArrayList.java:1596)
	at org.junit.platform.engine.support.hierarchical.SameThreadHierarchicalTestExecutorService.invokeAll(SameThreadHierarchicalTestExecutorService.java:41)
	at org.junit.platform.engine.support.hierarchical.NodeTestTask.lambda$executeRecursively$6(NodeTestTask.java:155)
	at org.junit.platform.engine.support.hierarchical.ThrowableCollector.execute(ThrowableCollector.java:73)
	at org.junit.platform.engine.support.hierarchical.NodeTestTask.lambda$executeRecursively$8(NodeTestTask.java:141)
	at org.junit.platform.engine.support.hierarchical.Node.around(Node.java:137)
	at org.junit.platform.engine.support.hierarchical.NodeTestTask.lambda$executeRecursively$9(NodeTestTask.java:139)
	at org.junit.platform.engine.support.hierarchical.ThrowableCollector.execute(ThrowableCollector.java:73)
	at org.junit.platform.engine.support.hierarchical.NodeTestTask.executeRecursively(NodeTestTask.java:138)
	at org.junit.platform.engine.support.hierarchical.NodeTestTask.execute(NodeTestTask.java:95)
	at org.junit.platform.engine.support.hierarchical.SameThreadHierarchicalTestExecutorService.submit(SameThreadHierarchicalTestExecutorService.java:35)
	at org.junit.platform.engine.support.hierarchical.HierarchicalTestExecutor.execute(HierarchicalTestExecutor.java:57)
	at org.junit.platform.engine.support.hierarchical.HierarchicalTestEngine.execute(HierarchicalTestEngine.java:54)
	at org.junit.platform.launcher.core.EngineExecutionOrchestrator.execute(EngineExecutionOrchestrator.java:198)
	at org.junit.platform.launcher.core.EngineExecutionOrchestrator.execute(EngineExecutionOrchestrator.java:169)
	at org.junit.platform.launcher.core.EngineExecutionOrchestrator.execute(EngineExecutionOrchestrator.java:93)
	at org.junit.platform.launcher.core.EngineExecutionOrchestrator.lambda$execute$0(EngineExecutionOrchestrator.java:58)
	at org.junit.platform.launcher.core.EngineExecutionOrchestrator.withInterceptedStreams(EngineExecutionOrchestrator.java:141)
	at org.junit.platform.launcher.core.EngineExecutionOrchestrator.execute(EngineExecutionOrchestrator.java:57)
	at org.junit.platform.launcher.core.DefaultLauncher.execute(DefaultLauncher.java:103)
	at org.junit.platform.launcher.core.DefaultLauncher.execute(DefaultLauncher.java:85)
	at org.junit.platform.launcher.core.DelegatingLauncher.execute(DelegatingLauncher.java:47)
	at org.junit.platform.launcher.core.SessionPerRequestLauncher.execute(SessionPerRequestLauncher.java:63)
	at com.intellij.junit5.JUnit5IdeaTestRunner.startRunnerWithArgs(JUnit5IdeaTestRunner.java:57)
	at com.intellij.rt.junit.IdeaTestRunner$Repeater$1.execute(IdeaTestRunner.java:38)
	at com.intellij.rt.execution.junit.TestsRepeater.repeat(TestsRepeater.java:11)
	at com.intellij.rt.junit.IdeaTestRunner$Repeater.startRunnerWithArgs(IdeaTestRunner.java:35)
	at com.intellij.rt.junit.JUnitStarter.prepareStreamsAndStart(JUnitStarter.java:232)
	at com.intellij.rt.junit.JUnitStarter.main(JUnitStarter.java:55)
2025-01-03 10:35:55 [main] INFO  l.insoft.uztis.tests.utils.TestUtils - Screenshot moved to C:\Users\ingrida.zadorozniene\Desktop\Asm\UZTIS\UZTIS_tests\test-output\screenshots\20250103\103555760_testEditAndSaveVuiApplication().png
2025-01-03 10:36:43 [main] INFO  lt.insoft.uztis.tests.UztisPageTest - Navigated to https://uztisdev.asseco.lt/home
2025-01-03 10:36:43 [main] INFO  l.i.u.tests.ApplicationFormsPageTest - Setup complete. ApplicationFormsPage initialized.
2025-01-03 10:36:43 [main] INFO  l.i.u.tests.ApplicationFormsPageTest - Starting test:'testEditAndSaveVuiApplication'
2025-01-03 10:36:43 [main] DEBUG l.i.u.tests.ApplicationFormsPageTest - Opened 'Application Processing' menu.
2025-01-03 10:36:43 [main] DEBUG l.i.u.tests.ApplicationFormsPageTest - Clicked on 'Application Forms' menu.
2025-01-03 10:36:44 [main] DEBUG l.i.u.tests.ApplicationFormsPageTest - Selected the last application description.
2025-01-03 10:36:54 [main] ERROR l.i.u.tests.ApplicationFormsPageTest - Test 'testEditAndSaveVuiApplication' failed with error: no such element: Unable to locate element: {"method":"link text","selector":"Redaguoti"}
  (Session info: chrome=131.0.6778.205)
For documentation on this error, please visit: https://www.selenium.dev/documentation/webdriver/troubleshooting/errors#no-such-element-exception
Build info: version: '4.27.0', revision: 'd6e718d134'
System info: os.name: 'Windows 11', os.arch: 'amd64', os.version: '10.0', java.version: '21.0.3'
Driver info: org.openqa.selenium.chrome.ChromeDriver
Command: [7663eb827c2ee3d47409fe88caf5bd40, findElement {value=Redaguoti, using=link text}]
Capabilities {acceptInsecureCerts: false, browserName: chrome, browserVersion: 131.0.6778.205, chrome: {chromedriverVersion: 131.0.6778.204 (52183f9e99a..., userDataDir: C:\Users\INGRID~1.ZAD\AppDa...}, fedcm:accounts: true, goog:chromeOptions: {debuggerAddress: localhost:58013}, networkConnectionEnabled: false, pageLoadStrategy: normal, platformName: windows, proxy: Proxy(), se:cdp: ws://localhost:58013/devtoo..., se:cdpVersion: 131.0.6778.205, setWindowRect: true, strictFileInteractability: false, timeouts: {implicit: 0, pageLoad: 300000, script: 30000}, unhandledPromptBehavior: dismiss and notify, webauthn:extension:credBlob: true, webauthn:extension:largeBlob: true, webauthn:extension:minPinLength: true, webauthn:extension:prf: true, webauthn:virtualAuthenticators: true}
Session ID: 7663eb827c2ee3d47409fe88caf5bd40
org.openqa.selenium.NoSuchElementException: no such element: Unable to locate element: {"method":"link text","selector":"Redaguoti"}
  (Session info: chrome=131.0.6778.205)
For documentation on this error, please visit: https://www.selenium.dev/documentation/webdriver/troubleshooting/errors#no-such-element-exception
Build info: version: '4.27.0', revision: 'd6e718d134'
System info: os.name: 'Windows 11', os.arch: 'amd64', os.version: '10.0', java.version: '21.0.3'
Driver info: org.openqa.selenium.chrome.ChromeDriver
Command: [7663eb827c2ee3d47409fe88caf5bd40, findElement {value=Redaguoti, using=link text}]
Capabilities {acceptInsecureCerts: false, browserName: chrome, browserVersion: 131.0.6778.205, chrome: {chromedriverVersion: 131.0.6778.204 (52183f9e99a..., userDataDir: C:\Users\INGRID~1.ZAD\AppDa...}, fedcm:accounts: true, goog:chromeOptions: {debuggerAddress: localhost:58013}, networkConnectionEnabled: false, pageLoadStrategy: normal, platformName: windows, proxy: Proxy(), se:cdp: ws://localhost:58013/devtoo..., se:cdpVersion: 131.0.6778.205, setWindowRect: true, strictFileInteractability: false, timeouts: {implicit: 0, pageLoad: 300000, script: 30000}, unhandledPromptBehavior: dismiss and notify, webauthn:extension:credBlob: true, webauthn:extension:largeBlob: true, webauthn:extension:minPinLength: true, webauthn:extension:prf: true, webauthn:virtualAuthenticators: true}
Session ID: 7663eb827c2ee3d47409fe88caf5bd40
	at java.base/jdk.internal.reflect.DirectConstructorHandleAccessor.newInstance(DirectConstructorHandleAccessor.java:62)
	at java.base/java.lang.reflect.Constructor.newInstanceWithCaller(Constructor.java:502)
	at java.base/java.lang.reflect.Constructor.newInstance(Constructor.java:486)
	at org.openqa.selenium.remote.ErrorCodec.decode(ErrorCodec.java:167)
	at org.openqa.selenium.remote.codec.w3c.W3CHttpResponseCodec.decode(W3CHttpResponseCodec.java:138)
	at org.openqa.selenium.remote.codec.w3c.W3CHttpResponseCodec.decode(W3CHttpResponseCodec.java:50)
	at org.openqa.selenium.remote.HttpCommandExecutor.execute(HttpCommandExecutor.java:190)
	at org.openqa.selenium.remote.service.DriverCommandExecutor.invokeExecute(DriverCommandExecutor.java:216)
	at org.openqa.selenium.remote.service.DriverCommandExecutor.execute(DriverCommandExecutor.java:174)
	at org.openqa.selenium.remote.RemoteWebDriver.execute(RemoteWebDriver.java:545)
	at org.openqa.selenium.remote.ElementLocation$ElementFinder$2.findElement(ElementLocation.java:165)
	at org.openqa.selenium.remote.ElementLocation.findElement(ElementLocation.java:59)
	at org.openqa.selenium.remote.RemoteWebDriver.findElement(RemoteWebDriver.java:368)
	at org.openqa.selenium.remote.RemoteWebDriver.findElement(RemoteWebDriver.java:362)
	at org.openqa.selenium.support.pagefactory.DefaultElementLocator.findElement(DefaultElementLocator.java:68)
	at org.openqa.selenium.support.pagefactory.internal.LocatingElementHandler.invoke(LocatingElementHandler.java:38)
	at jdk.proxy2/jdk.proxy2.$Proxy14.click(Unknown Source)
	at lt.insoft.uztis.pages.ApplicationFormsPage.clickButtonEdit(ApplicationFormsPage.java:181)
	at lt.insoft.uztis.tests.ApplicationFormsPageTest.testEditAndSaveVuiApplication(ApplicationFormsPageTest.java:168)
	at java.base/jdk.internal.reflect.DirectMethodHandleAccessor.invoke(DirectMethodHandleAccessor.java:103)
	at java.base/java.lang.reflect.Method.invoke(Method.java:580)
	at org.junit.platform.commons.util.ReflectionUtils.invokeMethod(ReflectionUtils.java:728)
	at org.junit.jupiter.engine.execution.MethodInvocation.proceed(MethodInvocation.java:60)
	at org.junit.jupiter.engine.execution.InvocationInterceptorChain$ValidatingInvocation.proceed(InvocationInterceptorChain.java:131)
	at org.junit.jupiter.engine.extension.TimeoutExtension.intercept(TimeoutExtension.java:156)
	at org.junit.jupiter.engine.extension.TimeoutExtension.interceptTestableMethod(TimeoutExtension.java:147)
	at org.junit.jupiter.engine.extension.TimeoutExtension.interceptTestMethod(TimeoutExtension.java:86)
	at org.junit.jupiter.engine.execution.InterceptingExecutableInvoker$ReflectiveInterceptorCall.lambda$ofVoidMethod$0(InterceptingExecutableInvoker.java:103)
	at org.junit.jupiter.engine.execution.InterceptingExecutableInvoker.lambda$invoke$0(InterceptingExecutableInvoker.java:93)
	at org.junit.jupiter.engine.execution.InvocationInterceptorChain$InterceptedInvocation.proceed(InvocationInterceptorChain.java:106)
	at org.junit.jupiter.engine.execution.InvocationInterceptorChain.proceed(InvocationInterceptorChain.java:64)
	at org.junit.jupiter.engine.execution.InvocationInterceptorChain.chainAndInvoke(InvocationInterceptorChain.java:45)
	at org.junit.jupiter.engine.execution.InvocationInterceptorChain.invoke(InvocationInterceptorChain.java:37)
	at org.junit.jupiter.engine.execution.InterceptingExecutableInvoker.invoke(InterceptingExecutableInvoker.java:92)
	at org.junit.jupiter.engine.execution.InterceptingExecutableInvoker.invoke(InterceptingExecutableInvoker.java:86)
	at org.junit.jupiter.engine.descriptor.TestMethodTestDescriptor.lambda$invokeTestMethod$7(TestMethodTestDescriptor.java:218)
	at org.junit.platform.engine.support.hierarchical.ThrowableCollector.execute(ThrowableCollector.java:73)
	at org.junit.jupiter.engine.descriptor.TestMethodTestDescriptor.invokeTestMethod(TestMethodTestDescriptor.java:214)
	at org.junit.jupiter.engine.descriptor.TestMethodTestDescriptor.execute(TestMethodTestDescriptor.java:139)
	at org.junit.jupiter.engine.descriptor.TestMethodTestDescriptor.execute(TestMethodTestDescriptor.java:69)
	at org.junit.platform.engine.support.hierarchical.NodeTestTask.lambda$executeRecursively$6(NodeTestTask.java:151)
	at org.junit.platform.engine.support.hierarchical.ThrowableCollector.execute(ThrowableCollector.java:73)
	at org.junit.platform.engine.support.hierarchical.NodeTestTask.lambda$executeRecursively$8(NodeTestTask.java:141)
	at org.junit.platform.engine.support.hierarchical.Node.around(Node.java:137)
	at org.junit.platform.engine.support.hierarchical.NodeTestTask.lambda$executeRecursively$9(NodeTestTask.java:139)
	at org.junit.platform.engine.support.hierarchical.ThrowableCollector.execute(ThrowableCollector.java:73)
	at org.junit.platform.engine.support.hierarchical.NodeTestTask.executeRecursively(NodeTestTask.java:138)
	at org.junit.platform.engine.support.hierarchical.NodeTestTask.execute(NodeTestTask.java:95)
	at java.base/java.util.ArrayList.forEach(ArrayList.java:1596)
	at org.junit.platform.engine.support.hierarchical.SameThreadHierarchicalTestExecutorService.invokeAll(SameThreadHierarchicalTestExecutorService.java:41)
	at org.junit.platform.engine.support.hierarchical.NodeTestTask.lambda$executeRecursively$6(NodeTestTask.java:155)
	at org.junit.platform.engine.support.hierarchical.ThrowableCollector.execute(ThrowableCollector.java:73)
	at org.junit.platform.engine.support.hierarchical.NodeTestTask.lambda$executeRecursively$8(NodeTestTask.java:141)
	at org.junit.platform.engine.support.hierarchical.Node.around(Node.java:137)
	at org.junit.platform.engine.support.hierarchical.NodeTestTask.lambda$executeRecursively$9(NodeTestTask.java:139)
	at org.junit.platform.engine.support.hierarchical.ThrowableCollector.execute(ThrowableCollector.java:73)
	at org.junit.platform.engine.support.hierarchical.NodeTestTask.executeRecursively(NodeTestTask.java:138)
	at org.junit.platform.engine.support.hierarchical.NodeTestTask.execute(NodeTestTask.java:95)
	at java.base/java.util.ArrayList.forEach(ArrayList.java:1596)
	at org.junit.platform.engine.support.hierarchical.SameThreadHierarchicalTestExecutorService.invokeAll(SameThreadHierarchicalTestExecutorService.java:41)
	at org.junit.platform.engine.support.hierarchical.NodeTestTask.lambda$executeRecursively$6(NodeTestTask.java:155)
	at org.junit.platform.engine.support.hierarchical.ThrowableCollector.execute(ThrowableCollector.java:73)
	at org.junit.platform.engine.support.hierarchical.NodeTestTask.lambda$executeRecursively$8(NodeTestTask.java:141)
	at org.junit.platform.engine.support.hierarchical.Node.around(Node.java:137)
	at org.junit.platform.engine.support.hierarchical.NodeTestTask.lambda$executeRecursively$9(NodeTestTask.java:139)
	at org.junit.platform.engine.support.hierarchical.ThrowableCollector.execute(ThrowableCollector.java:73)
	at org.junit.platform.engine.support.hierarchical.NodeTestTask.executeRecursively(NodeTestTask.java:138)
	at org.junit.platform.engine.support.hierarchical.NodeTestTask.execute(NodeTestTask.java:95)
	at org.junit.platform.engine.support.hierarchical.SameThreadHierarchicalTestExecutorService.submit(SameThreadHierarchicalTestExecutorService.java:35)
	at org.junit.platform.engine.support.hierarchical.HierarchicalTestExecutor.execute(HierarchicalTestExecutor.java:57)
	at org.junit.platform.engine.support.hierarchical.HierarchicalTestEngine.execute(HierarchicalTestEngine.java:54)
	at org.junit.platform.launcher.core.EngineExecutionOrchestrator.execute(EngineExecutionOrchestrator.java:198)
	at org.junit.platform.launcher.core.EngineExecutionOrchestrator.execute(EngineExecutionOrchestrator.java:169)
	at org.junit.platform.launcher.core.EngineExecutionOrchestrator.execute(EngineExecutionOrchestrator.java:93)
	at org.junit.platform.launcher.core.EngineExecutionOrchestrator.lambda$execute$0(EngineExecutionOrchestrator.java:58)
	at org.junit.platform.launcher.core.EngineExecutionOrchestrator.withInterceptedStreams(EngineExecutionOrchestrator.java:141)
	at org.junit.platform.launcher.core.EngineExecutionOrchestrator.execute(EngineExecutionOrchestrator.java:57)
	at org.junit.platform.launcher.core.DefaultLauncher.execute(DefaultLauncher.java:103)
	at org.junit.platform.launcher.core.DefaultLauncher.execute(DefaultLauncher.java:85)
	at org.junit.platform.launcher.core.DelegatingLauncher.execute(DelegatingLauncher.java:47)
	at org.junit.platform.launcher.core.SessionPerRequestLauncher.execute(SessionPerRequestLauncher.java:63)
	at com.intellij.junit5.JUnit5IdeaTestRunner.startRunnerWithArgs(JUnit5IdeaTestRunner.java:57)
	at com.intellij.rt.junit.IdeaTestRunner$Repeater$1.execute(IdeaTestRunner.java:38)
	at com.intellij.rt.execution.junit.TestsRepeater.repeat(TestsRepeater.java:11)
	at com.intellij.rt.junit.IdeaTestRunner$Repeater.startRunnerWithArgs(IdeaTestRunner.java:35)
	at com.intellij.rt.junit.JUnitStarter.prepareStreamsAndStart(JUnitStarter.java:232)
	at com.intellij.rt.junit.JUnitStarter.main(JUnitStarter.java:55)
2025-01-03 10:36:54 [main] INFO  l.insoft.uztis.tests.utils.TestUtils - Screenshot moved to C:\Users\ingrida.zadorozniene\Desktop\Asm\UZTIS\UZTIS_tests\test-output\screenshots\20250103\103654510_testEditAndSaveVuiApplication().png
2025-01-03 10:38:02 [main] INFO  lt.insoft.uztis.tests.UztisPageTest - Navigated to https://uztisdev.asseco.lt/home
2025-01-03 10:38:02 [main] INFO  l.i.u.tests.ApplicationFormsPageTest - Setup complete. ApplicationFormsPage initialized.
2025-01-03 10:38:02 [main] INFO  l.i.u.tests.ApplicationFormsPageTest - Starting test:'testEditAndSaveVuiApplication'
2025-01-03 10:38:02 [main] DEBUG l.i.u.tests.ApplicationFormsPageTest - Opened 'Application Processing' menu.
2025-01-03 10:38:02 [main] DEBUG l.i.u.tests.ApplicationFormsPageTest - Clicked on 'Application Forms' menu.
2025-01-03 10:38:03 [main] DEBUG l.i.u.tests.ApplicationFormsPageTest - Selected the last application description.
2025-01-03 10:38:03 [main] DEBUG l.i.u.tests.ApplicationFormsPageTest - Clicked the 'Edit' button.
2025-01-03 10:38:03 [main] DEBUG l.i.u.tests.ApplicationFormsPageTest - Selected 'Municipality' radio button.
2025-01-03 10:38:03 [main] INFO  l.i.uztis.pages.ApplicationFormsPage - Located the dropdown button.
2025-01-03 10:38:04 [main] INFO  l.i.uztis.pages.ApplicationFormsPage - Successfully selected the value: 'Kauno departamentas'
2025-01-03 10:38:14 [main] ERROR l.i.uztis.pages.ApplicationFormsPage - Failed to close the dropdown with aria-expanded = 'false'.
2025-01-03 10:38:14 [main] DEBUG l.i.u.tests.ApplicationFormsPageTest - Selected a value from the 'Municipality' dropdown: 'Kauno departamentas'
2025-01-03 10:38:14 [main] DEBUG l.i.u.tests.ApplicationFormsPageTest - Selected 'Budget By Country' radio button.
2025-01-03 10:38:14 [main] DEBUG l.i.u.tests.ApplicationFormsPageTest - Selected 'Financed By Queue' radio button.
2025-01-03 10:38:14 [main] DEBUG l.i.u.tests.ApplicationFormsPageTest - Entered new application name: _paredaguota
2025-01-03 10:38:14 [main] DEBUG l.i.u.tests.ApplicationFormsPageTest - Clicked the 'Save' button.
2025-01-03 10:38:15 [main] INFO  l.i.u.tests.ApplicationFormsPageTest - Verified success message: 'Duomenys sėkmingai išsaugoti.'
2025-01-03 10:38:15 [main] INFO  l.i.u.tests.ApplicationFormsPageTest - Test 'testEditAndSaveVuiApplication' completed successfully.
2025-01-03 10:50:49 [main] INFO  lt.insoft.uztis.tests.UztisPageTest - Navigated to https://uztisdev.asseco.lt/home
2025-01-03 10:50:49 [main] INFO  l.i.u.tests.ApplicationFormsPageTest - Setup complete. ApplicationFormsPage initialized.
2025-01-03 10:50:49 [main] INFO  l.i.u.tests.ApplicationFormsPageTest - Starting test:'testCreateNewDvpApplication'
2025-01-03 10:50:49 [main] DEBUG l.i.u.tests.ApplicationFormsPageTest - Opened 'Application Processing' menu.
2025-01-03 10:50:50 [main] DEBUG l.i.u.tests.ApplicationFormsPageTest - Clicked on 'Application Forms' menu.
2025-01-03 10:50:50 [main] DEBUG l.i.u.tests.ApplicationFormsPageTest - Clicked to create a new application form.
2025-01-03 10:50:50 [main] DEBUG l.i.u.tests.ApplicationFormsPageTest - Entered random application code: TST-DVP-02
2025-01-03 10:50:50 [main] DEBUG l.i.u.tests.ApplicationFormsPageTest - Selected 'Municipality' radio button.
2025-01-03 10:50:50 [main] INFO  l.i.uztis.pages.ApplicationFormsPage - Located the dropdown button.
2025-01-03 10:50:51 [main] INFO  l.i.uztis.pages.ApplicationFormsPage - Successfully selected the value: 'Kauno departamentas'
2025-01-03 10:51:01 [main] ERROR l.i.uztis.pages.ApplicationFormsPage - Failed to close the dropdown with aria-expanded = 'false'.
2025-01-03 10:51:01 [main] DEBUG l.i.u.tests.ApplicationFormsPageTest - Selected a value from the 'Municipality' dropdown: 'Kauno departamentas'
2025-01-03 10:51:01 [main] DEBUG l.i.u.tests.ApplicationFormsPageTest - Selected 'Budget By Country' radio button.
2025-01-03 10:51:01 [main] DEBUG l.i.u.tests.ApplicationFormsPageTest - Selected 'Financed Without Queue' option.
2025-01-03 10:51:01 [main] DEBUG l.i.u.tests.ApplicationFormsPageTest - Clicked 'Add' button.
2025-01-03 10:51:01 [main] INFO  l.i.uztis.pages.ApplicationFormsPage - Located the dropdown button.
2025-01-03 10:51:01 [main] WARN  l.i.uztis.pages.ApplicationFormsPage - The value 'DVP paraiškos vertinimo forma - I etapas' was not found among the options.
2025-01-03 10:51:12 [main] ERROR l.i.uztis.pages.ApplicationFormsPage - Failed to close the dropdown with aria-expanded = 'false'.
2025-01-03 10:51:12 [main] DEBUG l.i.u.tests.ApplicationFormsPageTest - Selected a value from the 'EvaluationOne' dropdown: 'DVP paraiškos vertinimo forma - I etapas'
2025-01-03 10:51:13 [main] ERROR l.i.u.tests.ApplicationFormsPageTest - Test 'testCreateNewDvpApplication' failed with error: element click intercepted: Element <button type="button" class="btn btn--primary-light-dashed">...</button> is not clickable at point (390, 991). Other element would receive the click: <div class="cdk-overlay-backdrop cdk-overlay-transparent-backdrop cdk-overlay-backdrop-showing"></div>
  (Session info: chrome=131.0.6778.205)
Build info: version: '4.27.0', revision: 'd6e718d134'
System info: os.name: 'Windows 11', os.arch: 'amd64', os.version: '10.0', java.version: '21.0.3'
Driver info: org.openqa.selenium.chrome.ChromeDriver
Command: [c7cd85a99b88654a06623468944b10e3, clickElement {id=f.CF17EC807B048A480F29918812D37FC8.d.D74D8EB17C31C4FE6FBDED57D09A7A62.e.60}]
Capabilities {acceptInsecureCerts: false, browserName: chrome, browserVersion: 131.0.6778.205, chrome: {chromedriverVersion: 131.0.6778.204 (52183f9e99a..., userDataDir: C:\Users\INGRID~1.ZAD\AppDa...}, fedcm:accounts: true, goog:chromeOptions: {debuggerAddress: localhost:58494}, networkConnectionEnabled: false, pageLoadStrategy: normal, platformName: windows, proxy: Proxy(), se:cdp: ws://localhost:58494/devtoo..., se:cdpVersion: 131.0.6778.205, setWindowRect: true, strictFileInteractability: false, timeouts: {implicit: 0, pageLoad: 300000, script: 30000}, unhandledPromptBehavior: dismiss and notify, webauthn:extension:credBlob: true, webauthn:extension:largeBlob: true, webauthn:extension:minPinLength: true, webauthn:extension:prf: true, webauthn:virtualAuthenticators: true}
Element: [[ChromeDriver: chrome on windows (c7cd85a99b88654a06623468944b10e3)] -> css selector: common-button > .btn.btn--primary-light-dashed]
Session ID: c7cd85a99b88654a06623468944b10e3
org.openqa.selenium.ElementClickInterceptedException: element click intercepted: Element <button type="button" class="btn btn--primary-light-dashed">...</button> is not clickable at point (390, 991). Other element would receive the click: <div class="cdk-overlay-backdrop cdk-overlay-transparent-backdrop cdk-overlay-backdrop-showing"></div>
  (Session info: chrome=131.0.6778.205)
Build info: version: '4.27.0', revision: 'd6e718d134'
System info: os.name: 'Windows 11', os.arch: 'amd64', os.version: '10.0', java.version: '21.0.3'
Driver info: org.openqa.selenium.chrome.ChromeDriver
Command: [c7cd85a99b88654a06623468944b10e3, clickElement {id=f.CF17EC807B048A480F29918812D37FC8.d.D74D8EB17C31C4FE6FBDED57D09A7A62.e.60}]
Capabilities {acceptInsecureCerts: false, browserName: chrome, browserVersion: 131.0.6778.205, chrome: {chromedriverVersion: 131.0.6778.204 (52183f9e99a..., userDataDir: C:\Users\INGRID~1.ZAD\AppDa...}, fedcm:accounts: true, goog:chromeOptions: {debuggerAddress: localhost:58494}, networkConnectionEnabled: false, pageLoadStrategy: normal, platformName: windows, proxy: Proxy(), se:cdp: ws://localhost:58494/devtoo..., se:cdpVersion: 131.0.6778.205, setWindowRect: true, strictFileInteractability: false, timeouts: {implicit: 0, pageLoad: 300000, script: 30000}, unhandledPromptBehavior: dismiss and notify, webauthn:extension:credBlob: true, webauthn:extension:largeBlob: true, webauthn:extension:minPinLength: true, webauthn:extension:prf: true, webauthn:virtualAuthenticators: true}
Element: [[ChromeDriver: chrome on windows (c7cd85a99b88654a06623468944b10e3)] -> css selector: common-button > .btn.btn--primary-light-dashed]
Session ID: c7cd85a99b88654a06623468944b10e3
	at java.base/jdk.internal.reflect.DirectConstructorHandleAccessor.newInstance(DirectConstructorHandleAccessor.java:62)
	at java.base/java.lang.reflect.Constructor.newInstanceWithCaller(Constructor.java:502)
	at java.base/java.lang.reflect.Constructor.newInstance(Constructor.java:486)
	at org.openqa.selenium.remote.ErrorCodec.decode(ErrorCodec.java:167)
	at org.openqa.selenium.remote.codec.w3c.W3CHttpResponseCodec.decode(W3CHttpResponseCodec.java:138)
	at org.openqa.selenium.remote.codec.w3c.W3CHttpResponseCodec.decode(W3CHttpResponseCodec.java:50)
	at org.openqa.selenium.remote.HttpCommandExecutor.execute(HttpCommandExecutor.java:190)
	at org.openqa.selenium.remote.service.DriverCommandExecutor.invokeExecute(DriverCommandExecutor.java:216)
	at org.openqa.selenium.remote.service.DriverCommandExecutor.execute(DriverCommandExecutor.java:174)
	at org.openqa.selenium.remote.RemoteWebDriver.execute(RemoteWebDriver.java:545)
	at org.openqa.selenium.remote.RemoteWebElement.execute(RemoteWebElement.java:223)
	at org.openqa.selenium.remote.RemoteWebElement.click(RemoteWebElement.java:76)
	at java.base/jdk.internal.reflect.DirectMethodHandleAccessor.invoke(DirectMethodHandleAccessor.java:103)
	at java.base/java.lang.reflect.Method.invoke(Method.java:580)
	at org.openqa.selenium.support.pagefactory.internal.LocatingElementHandler.invoke(LocatingElementHandler.java:51)
	at jdk.proxy2/jdk.proxy2.$Proxy14.click(Unknown Source)
	at lt.insoft.uztis.pages.ApplicationFormsPage.clickButtonPlus(ApplicationFormsPage.java:164)
	at lt.insoft.uztis.tests.ApplicationFormsPageTest.testCreateNewDvpApplication(ApplicationFormsPageTest.java:249)
	at java.base/jdk.internal.reflect.DirectMethodHandleAccessor.invoke(DirectMethodHandleAccessor.java:103)
	at java.base/java.lang.reflect.Method.invoke(Method.java:580)
	at org.junit.platform.commons.util.ReflectionUtils.invokeMethod(ReflectionUtils.java:728)
	at org.junit.jupiter.engine.execution.MethodInvocation.proceed(MethodInvocation.java:60)
	at org.junit.jupiter.engine.execution.InvocationInterceptorChain$ValidatingInvocation.proceed(InvocationInterceptorChain.java:131)
	at org.junit.jupiter.engine.extension.TimeoutExtension.intercept(TimeoutExtension.java:156)
	at org.junit.jupiter.engine.extension.TimeoutExtension.interceptTestableMethod(TimeoutExtension.java:147)
	at org.junit.jupiter.engine.extension.TimeoutExtension.interceptTestMethod(TimeoutExtension.java:86)
	at org.junit.jupiter.engine.execution.InterceptingExecutableInvoker$ReflectiveInterceptorCall.lambda$ofVoidMethod$0(InterceptingExecutableInvoker.java:103)
	at org.junit.jupiter.engine.execution.InterceptingExecutableInvoker.lambda$invoke$0(InterceptingExecutableInvoker.java:93)
	at org.junit.jupiter.engine.execution.InvocationInterceptorChain$InterceptedInvocation.proceed(InvocationInterceptorChain.java:106)
	at org.junit.jupiter.engine.execution.InvocationInterceptorChain.proceed(InvocationInterceptorChain.java:64)
	at org.junit.jupiter.engine.execution.InvocationInterceptorChain.chainAndInvoke(InvocationInterceptorChain.java:45)
	at org.junit.jupiter.engine.execution.InvocationInterceptorChain.invoke(InvocationInterceptorChain.java:37)
	at org.junit.jupiter.engine.execution.InterceptingExecutableInvoker.invoke(InterceptingExecutableInvoker.java:92)
	at org.junit.jupiter.engine.execution.InterceptingExecutableInvoker.invoke(InterceptingExecutableInvoker.java:86)
	at org.junit.jupiter.engine.descriptor.TestMethodTestDescriptor.lambda$invokeTestMethod$7(TestMethodTestDescriptor.java:218)
	at org.junit.platform.engine.support.hierarchical.ThrowableCollector.execute(ThrowableCollector.java:73)
	at org.junit.jupiter.engine.descriptor.TestMethodTestDescriptor.invokeTestMethod(TestMethodTestDescriptor.java:214)
	at org.junit.jupiter.engine.descriptor.TestMethodTestDescriptor.execute(TestMethodTestDescriptor.java:139)
	at org.junit.jupiter.engine.descriptor.TestMethodTestDescriptor.execute(TestMethodTestDescriptor.java:69)
	at org.junit.platform.engine.support.hierarchical.NodeTestTask.lambda$executeRecursively$6(NodeTestTask.java:151)
	at org.junit.platform.engine.support.hierarchical.ThrowableCollector.execute(ThrowableCollector.java:73)
	at org.junit.platform.engine.support.hierarchical.NodeTestTask.lambda$executeRecursively$8(NodeTestTask.java:141)
	at org.junit.platform.engine.support.hierarchical.Node.around(Node.java:137)
	at org.junit.platform.engine.support.hierarchical.NodeTestTask.lambda$executeRecursively$9(NodeTestTask.java:139)
	at org.junit.platform.engine.support.hierarchical.ThrowableCollector.execute(ThrowableCollector.java:73)
	at org.junit.platform.engine.support.hierarchical.NodeTestTask.executeRecursively(NodeTestTask.java:138)
	at org.junit.platform.engine.support.hierarchical.NodeTestTask.execute(NodeTestTask.java:95)
	at java.base/java.util.ArrayList.forEach(ArrayList.java:1596)
	at org.junit.platform.engine.support.hierarchical.SameThreadHierarchicalTestExecutorService.invokeAll(SameThreadHierarchicalTestExecutorService.java:41)
	at org.junit.platform.engine.support.hierarchical.NodeTestTask.lambda$executeRecursively$6(NodeTestTask.java:155)
	at org.junit.platform.engine.support.hierarchical.ThrowableCollector.execute(ThrowableCollector.java:73)
	at org.junit.platform.engine.support.hierarchical.NodeTestTask.lambda$executeRecursively$8(NodeTestTask.java:141)
	at org.junit.platform.engine.support.hierarchical.Node.around(Node.java:137)
	at org.junit.platform.engine.support.hierarchical.NodeTestTask.lambda$executeRecursively$9(NodeTestTask.java:139)
	at org.junit.platform.engine.support.hierarchical.ThrowableCollector.execute(ThrowableCollector.java:73)
	at org.junit.platform.engine.support.hierarchical.NodeTestTask.executeRecursively(NodeTestTask.java:138)
	at org.junit.platform.engine.support.hierarchical.NodeTestTask.execute(NodeTestTask.java:95)
	at java.base/java.util.ArrayList.forEach(ArrayList.java:1596)
	at org.junit.platform.engine.support.hierarchical.SameThreadHierarchicalTestExecutorService.invokeAll(SameThreadHierarchicalTestExecutorService.java:41)
	at org.junit.platform.engine.support.hierarchical.NodeTestTask.lambda$executeRecursively$6(NodeTestTask.java:155)
	at org.junit.platform.engine.support.hierarchical.ThrowableCollector.execute(ThrowableCollector.java:73)
	at org.junit.platform.engine.support.hierarchical.NodeTestTask.lambda$executeRecursively$8(NodeTestTask.java:141)
	at org.junit.platform.engine.support.hierarchical.Node.around(Node.java:137)
	at org.junit.platform.engine.support.hierarchical.NodeTestTask.lambda$executeRecursively$9(NodeTestTask.java:139)
	at org.junit.platform.engine.support.hierarchical.ThrowableCollector.execute(ThrowableCollector.java:73)
	at org.junit.platform.engine.support.hierarchical.NodeTestTask.executeRecursively(NodeTestTask.java:138)
	at org.junit.platform.engine.support.hierarchical.NodeTestTask.execute(NodeTestTask.java:95)
	at org.junit.platform.engine.support.hierarchical.SameThreadHierarchicalTestExecutorService.submit(SameThreadHierarchicalTestExecutorService.java:35)
	at org.junit.platform.engine.support.hierarchical.HierarchicalTestExecutor.execute(HierarchicalTestExecutor.java:57)
	at org.junit.platform.engine.support.hierarchical.HierarchicalTestEngine.execute(HierarchicalTestEngine.java:54)
	at org.junit.platform.launcher.core.EngineExecutionOrchestrator.execute(EngineExecutionOrchestrator.java:198)
	at org.junit.platform.launcher.core.EngineExecutionOrchestrator.execute(EngineExecutionOrchestrator.java:169)
	at org.junit.platform.launcher.core.EngineExecutionOrchestrator.execute(EngineExecutionOrchestrator.java:93)
	at org.junit.platform.launcher.core.EngineExecutionOrchestrator.lambda$execute$0(EngineExecutionOrchestrator.java:58)
	at org.junit.platform.launcher.core.EngineExecutionOrchestrator.withInterceptedStreams(EngineExecutionOrchestrator.java:141)
	at org.junit.platform.launcher.core.EngineExecutionOrchestrator.execute(EngineExecutionOrchestrator.java:57)
	at org.junit.platform.launcher.core.DefaultLauncher.execute(DefaultLauncher.java:103)
	at org.junit.platform.launcher.core.DefaultLauncher.execute(DefaultLauncher.java:85)
	at org.junit.platform.launcher.core.DelegatingLauncher.execute(DelegatingLauncher.java:47)
	at org.junit.platform.launcher.core.SessionPerRequestLauncher.execute(SessionPerRequestLauncher.java:63)
	at com.intellij.junit5.JUnit5IdeaTestRunner.startRunnerWithArgs(JUnit5IdeaTestRunner.java:57)
	at com.intellij.rt.junit.IdeaTestRunner$Repeater$1.execute(IdeaTestRunner.java:38)
	at com.intellij.rt.execution.junit.TestsRepeater.repeat(TestsRepeater.java:11)
	at com.intellij.rt.junit.IdeaTestRunner$Repeater.startRunnerWithArgs(IdeaTestRunner.java:35)
	at com.intellij.rt.junit.JUnitStarter.prepareStreamsAndStart(JUnitStarter.java:232)
	at com.intellij.rt.junit.JUnitStarter.main(JUnitStarter.java:55)
2025-01-03 10:51:13 [main] INFO  l.insoft.uztis.tests.utils.TestUtils - Screenshot moved to C:\Users\ingrida.zadorozniene\Desktop\Asm\UZTIS\UZTIS_tests\test-output\screenshots\20250103\105113614_testCreateNewDvpApplication().png
2025-01-03 10:52:36 [main] INFO  lt.insoft.uztis.tests.UztisPageTest - Navigated to https://uztisdev.asseco.lt/home
2025-01-03 10:52:36 [main] INFO  l.i.u.tests.ApplicationFormsPageTest - Setup complete. ApplicationFormsPage initialized.
2025-01-03 10:52:36 [main] INFO  l.i.u.tests.ApplicationFormsPageTest - Starting test:'testCreateNewDvpApplication'
2025-01-03 10:52:37 [main] DEBUG l.i.u.tests.ApplicationFormsPageTest - Opened 'Application Processing' menu.
2025-01-03 10:52:37 [main] DEBUG l.i.u.tests.ApplicationFormsPageTest - Clicked on 'Application Forms' menu.
2025-01-03 10:52:37 [main] DEBUG l.i.u.tests.ApplicationFormsPageTest - Clicked to create a new application form.
2025-01-03 10:52:37 [main] DEBUG l.i.u.tests.ApplicationFormsPageTest - Entered random application code: TST-DVP-89
2025-01-03 10:52:37 [main] DEBUG l.i.u.tests.ApplicationFormsPageTest - Selected 'Municipality' radio button.
2025-01-03 10:52:37 [main] INFO  l.i.uztis.pages.ApplicationFormsPage - Located the dropdown button.
2025-01-03 10:52:38 [main] INFO  l.i.uztis.pages.ApplicationFormsPage - Successfully selected the value: 'Kauno departamentas'
2025-01-03 10:52:49 [main] ERROR l.i.uztis.pages.ApplicationFormsPage - Failed to close the dropdown with aria-expanded = 'false'.
2025-01-03 10:52:49 [main] DEBUG l.i.u.tests.ApplicationFormsPageTest - Selected a value from the 'Municipality' dropdown: 'Kauno departamentas'
2025-01-03 10:52:49 [main] DEBUG l.i.u.tests.ApplicationFormsPageTest - Selected 'Budget By Country' radio button.
2025-01-03 10:52:49 [main] DEBUG l.i.u.tests.ApplicationFormsPageTest - Selected 'Financed Without Queue' option.
2025-01-03 10:52:49 [main] INFO  l.i.uztis.pages.ApplicationFormsPage - Located the dropdown button.
2025-01-03 10:52:49 [main] WARN  l.i.uztis.pages.ApplicationFormsPage - The value 'DVP paraiškos vertinimo forma - I etapas' was not found among the options.
2025-01-03 10:52:59 [main] ERROR l.i.uztis.pages.ApplicationFormsPage - Failed to close the dropdown with aria-expanded = 'false'.
2025-01-03 10:52:59 [main] DEBUG l.i.u.tests.ApplicationFormsPageTest - Selected a value from the 'EvaluationOne' dropdown: 'DVP paraiškos vertinimo forma - I etapas'
2025-01-03 10:53:00 [main] ERROR l.i.u.tests.ApplicationFormsPageTest - Test 'testCreateNewDvpApplication' failed with error: element click intercepted: Element <button type="button" class="btn btn--primary-light-dashed">...</button> is not clickable at point (390, 991). Other element would receive the click: <div class="cdk-overlay-backdrop cdk-overlay-transparent-backdrop cdk-overlay-backdrop-showing"></div>
  (Session info: chrome=131.0.6778.205)
Build info: version: '4.27.0', revision: 'd6e718d134'
System info: os.name: 'Windows 11', os.arch: 'amd64', os.version: '10.0', java.version: '21.0.3'
Driver info: org.openqa.selenium.chrome.ChromeDriver
Command: [fecb82d7364e6c00e73c1accf2e30115, clickElement {id=f.2885666C0FA3917A801A1F3AE0C02855.d.AE8A90A72EC89D70E447B84B3546CAD0.e.54}]
Capabilities {acceptInsecureCerts: false, browserName: chrome, browserVersion: 131.0.6778.205, chrome: {chromedriverVersion: 131.0.6778.204 (52183f9e99a..., userDataDir: C:\Users\INGRID~1.ZAD\AppDa...}, fedcm:accounts: true, goog:chromeOptions: {debuggerAddress: localhost:58567}, networkConnectionEnabled: false, pageLoadStrategy: normal, platformName: windows, proxy: Proxy(), se:cdp: ws://localhost:58567/devtoo..., se:cdpVersion: 131.0.6778.205, setWindowRect: true, strictFileInteractability: false, timeouts: {implicit: 0, pageLoad: 300000, script: 30000}, unhandledPromptBehavior: dismiss and notify, webauthn:extension:credBlob: true, webauthn:extension:largeBlob: true, webauthn:extension:minPinLength: true, webauthn:extension:prf: true, webauthn:virtualAuthenticators: true}
Element: [[ChromeDriver: chrome on windows (fecb82d7364e6c00e73c1accf2e30115)] -> css selector: common-button > .btn.btn--primary-light-dashed]
Session ID: fecb82d7364e6c00e73c1accf2e30115
org.openqa.selenium.ElementClickInterceptedException: element click intercepted: Element <button type="button" class="btn btn--primary-light-dashed">...</button> is not clickable at point (390, 991). Other element would receive the click: <div class="cdk-overlay-backdrop cdk-overlay-transparent-backdrop cdk-overlay-backdrop-showing"></div>
  (Session info: chrome=131.0.6778.205)
Build info: version: '4.27.0', revision: 'd6e718d134'
System info: os.name: 'Windows 11', os.arch: 'amd64', os.version: '10.0', java.version: '21.0.3'
Driver info: org.openqa.selenium.chrome.ChromeDriver
Command: [fecb82d7364e6c00e73c1accf2e30115, clickElement {id=f.2885666C0FA3917A801A1F3AE0C02855.d.AE8A90A72EC89D70E447B84B3546CAD0.e.54}]
Capabilities {acceptInsecureCerts: false, browserName: chrome, browserVersion: 131.0.6778.205, chrome: {chromedriverVersion: 131.0.6778.204 (52183f9e99a..., userDataDir: C:\Users\INGRID~1.ZAD\AppDa...}, fedcm:accounts: true, goog:chromeOptions: {debuggerAddress: localhost:58567}, networkConnectionEnabled: false, pageLoadStrategy: normal, platformName: windows, proxy: Proxy(), se:cdp: ws://localhost:58567/devtoo..., se:cdpVersion: 131.0.6778.205, setWindowRect: true, strictFileInteractability: false, timeouts: {implicit: 0, pageLoad: 300000, script: 30000}, unhandledPromptBehavior: dismiss and notify, webauthn:extension:credBlob: true, webauthn:extension:largeBlob: true, webauthn:extension:minPinLength: true, webauthn:extension:prf: true, webauthn:virtualAuthenticators: true}
Element: [[ChromeDriver: chrome on windows (fecb82d7364e6c00e73c1accf2e30115)] -> css selector: common-button > .btn.btn--primary-light-dashed]
Session ID: fecb82d7364e6c00e73c1accf2e30115
	at java.base/jdk.internal.reflect.DirectConstructorHandleAccessor.newInstance(DirectConstructorHandleAccessor.java:62)
	at java.base/java.lang.reflect.Constructor.newInstanceWithCaller(Constructor.java:502)
	at java.base/java.lang.reflect.Constructor.newInstance(Constructor.java:486)
	at org.openqa.selenium.remote.ErrorCodec.decode(ErrorCodec.java:167)
	at org.openqa.selenium.remote.codec.w3c.W3CHttpResponseCodec.decode(W3CHttpResponseCodec.java:138)
	at org.openqa.selenium.remote.codec.w3c.W3CHttpResponseCodec.decode(W3CHttpResponseCodec.java:50)
	at org.openqa.selenium.remote.HttpCommandExecutor.execute(HttpCommandExecutor.java:190)
	at org.openqa.selenium.remote.service.DriverCommandExecutor.invokeExecute(DriverCommandExecutor.java:216)
	at org.openqa.selenium.remote.service.DriverCommandExecutor.execute(DriverCommandExecutor.java:174)
	at org.openqa.selenium.remote.RemoteWebDriver.execute(RemoteWebDriver.java:545)
	at org.openqa.selenium.remote.RemoteWebElement.execute(RemoteWebElement.java:223)
	at org.openqa.selenium.remote.RemoteWebElement.click(RemoteWebElement.java:76)
	at java.base/jdk.internal.reflect.DirectMethodHandleAccessor.invoke(DirectMethodHandleAccessor.java:103)
	at java.base/java.lang.reflect.Method.invoke(Method.java:580)
	at org.openqa.selenium.support.pagefactory.internal.LocatingElementHandler.invoke(LocatingElementHandler.java:51)
	at jdk.proxy2/jdk.proxy2.$Proxy14.click(Unknown Source)
	at lt.insoft.uztis.pages.ApplicationFormsPage.clickButtonPlus(ApplicationFormsPage.java:164)
	at lt.insoft.uztis.tests.ApplicationFormsPageTest.testCreateNewDvpApplication(ApplicationFormsPageTest.java:245)
	at java.base/jdk.internal.reflect.DirectMethodHandleAccessor.invoke(DirectMethodHandleAccessor.java:103)
	at java.base/java.lang.reflect.Method.invoke(Method.java:580)
	at org.junit.platform.commons.util.ReflectionUtils.invokeMethod(ReflectionUtils.java:728)
	at org.junit.jupiter.engine.execution.MethodInvocation.proceed(MethodInvocation.java:60)
	at org.junit.jupiter.engine.execution.InvocationInterceptorChain$ValidatingInvocation.proceed(InvocationInterceptorChain.java:131)
	at org.junit.jupiter.engine.extension.TimeoutExtension.intercept(TimeoutExtension.java:156)
	at org.junit.jupiter.engine.extension.TimeoutExtension.interceptTestableMethod(TimeoutExtension.java:147)
	at org.junit.jupiter.engine.extension.TimeoutExtension.interceptTestMethod(TimeoutExtension.java:86)
	at org.junit.jupiter.engine.execution.InterceptingExecutableInvoker$ReflectiveInterceptorCall.lambda$ofVoidMethod$0(InterceptingExecutableInvoker.java:103)
	at org.junit.jupiter.engine.execution.InterceptingExecutableInvoker.lambda$invoke$0(InterceptingExecutableInvoker.java:93)
	at org.junit.jupiter.engine.execution.InvocationInterceptorChain$InterceptedInvocation.proceed(InvocationInterceptorChain.java:106)
	at org.junit.jupiter.engine.execution.InvocationInterceptorChain.proceed(InvocationInterceptorChain.java:64)
	at org.junit.jupiter.engine.execution.InvocationInterceptorChain.chainAndInvoke(InvocationInterceptorChain.java:45)
	at org.junit.jupiter.engine.execution.InvocationInterceptorChain.invoke(InvocationInterceptorChain.java:37)
	at org.junit.jupiter.engine.execution.InterceptingExecutableInvoker.invoke(InterceptingExecutableInvoker.java:92)
	at org.junit.jupiter.engine.execution.InterceptingExecutableInvoker.invoke(InterceptingExecutableInvoker.java:86)
	at org.junit.jupiter.engine.descriptor.TestMethodTestDescriptor.lambda$invokeTestMethod$7(TestMethodTestDescriptor.java:218)
	at org.junit.platform.engine.support.hierarchical.ThrowableCollector.execute(ThrowableCollector.java:73)
	at org.junit.jupiter.engine.descriptor.TestMethodTestDescriptor.invokeTestMethod(TestMethodTestDescriptor.java:214)
	at org.junit.jupiter.engine.descriptor.TestMethodTestDescriptor.execute(TestMethodTestDescriptor.java:139)
	at org.junit.jupiter.engine.descriptor.TestMethodTestDescriptor.execute(TestMethodTestDescriptor.java:69)
	at org.junit.platform.engine.support.hierarchical.NodeTestTask.lambda$executeRecursively$6(NodeTestTask.java:151)
	at org.junit.platform.engine.support.hierarchical.ThrowableCollector.execute(ThrowableCollector.java:73)
	at org.junit.platform.engine.support.hierarchical.NodeTestTask.lambda$executeRecursively$8(NodeTestTask.java:141)
	at org.junit.platform.engine.support.hierarchical.Node.around(Node.java:137)
	at org.junit.platform.engine.support.hierarchical.NodeTestTask.lambda$executeRecursively$9(NodeTestTask.java:139)
	at org.junit.platform.engine.support.hierarchical.ThrowableCollector.execute(ThrowableCollector.java:73)
	at org.junit.platform.engine.support.hierarchical.NodeTestTask.executeRecursively(NodeTestTask.java:138)
	at org.junit.platform.engine.support.hierarchical.NodeTestTask.execute(NodeTestTask.java:95)
	at java.base/java.util.ArrayList.forEach(ArrayList.java:1596)
	at org.junit.platform.engine.support.hierarchical.SameThreadHierarchicalTestExecutorService.invokeAll(SameThreadHierarchicalTestExecutorService.java:41)
	at org.junit.platform.engine.support.hierarchical.NodeTestTask.lambda$executeRecursively$6(NodeTestTask.java:155)
	at org.junit.platform.engine.support.hierarchical.ThrowableCollector.execute(ThrowableCollector.java:73)
	at org.junit.platform.engine.support.hierarchical.NodeTestTask.lambda$executeRecursively$8(NodeTestTask.java:141)
	at org.junit.platform.engine.support.hierarchical.Node.around(Node.java:137)
	at org.junit.platform.engine.support.hierarchical.NodeTestTask.lambda$executeRecursively$9(NodeTestTask.java:139)
	at org.junit.platform.engine.support.hierarchical.ThrowableCollector.execute(ThrowableCollector.java:73)
	at org.junit.platform.engine.support.hierarchical.NodeTestTask.executeRecursively(NodeTestTask.java:138)
	at org.junit.platform.engine.support.hierarchical.NodeTestTask.execute(NodeTestTask.java:95)
	at java.base/java.util.ArrayList.forEach(ArrayList.java:1596)
	at org.junit.platform.engine.support.hierarchical.SameThreadHierarchicalTestExecutorService.invokeAll(SameThreadHierarchicalTestExecutorService.java:41)
	at org.junit.platform.engine.support.hierarchical.NodeTestTask.lambda$executeRecursively$6(NodeTestTask.java:155)
	at org.junit.platform.engine.support.hierarchical.ThrowableCollector.execute(ThrowableCollector.java:73)
	at org.junit.platform.engine.support.hierarchical.NodeTestTask.lambda$executeRecursively$8(NodeTestTask.java:141)
	at org.junit.platform.engine.support.hierarchical.Node.around(Node.java:137)
	at org.junit.platform.engine.support.hierarchical.NodeTestTask.lambda$executeRecursively$9(NodeTestTask.java:139)
	at org.junit.platform.engine.support.hierarchical.ThrowableCollector.execute(ThrowableCollector.java:73)
	at org.junit.platform.engine.support.hierarchical.NodeTestTask.executeRecursively(NodeTestTask.java:138)
	at org.junit.platform.engine.support.hierarchical.NodeTestTask.execute(NodeTestTask.java:95)
	at org.junit.platform.engine.support.hierarchical.SameThreadHierarchicalTestExecutorService.submit(SameThreadHierarchicalTestExecutorService.java:35)
	at org.junit.platform.engine.support.hierarchical.HierarchicalTestExecutor.execute(HierarchicalTestExecutor.java:57)
	at org.junit.platform.engine.support.hierarchical.HierarchicalTestEngine.execute(HierarchicalTestEngine.java:54)
	at org.junit.platform.launcher.core.EngineExecutionOrchestrator.execute(EngineExecutionOrchestrator.java:198)
	at org.junit.platform.launcher.core.EngineExecutionOrchestrator.execute(EngineExecutionOrchestrator.java:169)
	at org.junit.platform.launcher.core.EngineExecutionOrchestrator.execute(EngineExecutionOrchestrator.java:93)
	at org.junit.platform.launcher.core.EngineExecutionOrchestrator.lambda$execute$0(EngineExecutionOrchestrator.java:58)
	at org.junit.platform.launcher.core.EngineExecutionOrchestrator.withInterceptedStreams(EngineExecutionOrchestrator.java:141)
	at org.junit.platform.launcher.core.EngineExecutionOrchestrator.execute(EngineExecutionOrchestrator.java:57)
	at org.junit.platform.launcher.core.DefaultLauncher.execute(DefaultLauncher.java:103)
	at org.junit.platform.launcher.core.DefaultLauncher.execute(DefaultLauncher.java:85)
	at org.junit.platform.launcher.core.DelegatingLauncher.execute(DelegatingLauncher.java:47)
	at org.junit.platform.launcher.core.SessionPerRequestLauncher.execute(SessionPerRequestLauncher.java:63)
	at com.intellij.junit5.JUnit5IdeaTestRunner.startRunnerWithArgs(JUnit5IdeaTestRunner.java:57)
	at com.intellij.rt.junit.IdeaTestRunner$Repeater$1.execute(IdeaTestRunner.java:38)
	at com.intellij.rt.execution.junit.TestsRepeater.repeat(TestsRepeater.java:11)
	at com.intellij.rt.junit.IdeaTestRunner$Repeater.startRunnerWithArgs(IdeaTestRunner.java:35)
	at com.intellij.rt.junit.JUnitStarter.prepareStreamsAndStart(JUnitStarter.java:232)
	at com.intellij.rt.junit.JUnitStarter.main(JUnitStarter.java:55)
2025-01-03 10:53:00 [main] INFO  l.insoft.uztis.tests.utils.TestUtils - Screenshot moved to C:\Users\ingrida.zadorozniene\Desktop\Asm\UZTIS\UZTIS_tests\test-output\screenshots\20250103\105300948_testCreateNewDvpApplication().png
2025-01-03 10:54:59 [main] INFO  lt.insoft.uztis.tests.UztisPageTest - Navigated to https://uztisdev.asseco.lt/home
2025-01-03 10:54:59 [main] INFO  l.i.u.tests.ApplicationFormsPageTest - Setup complete. ApplicationFormsPage initialized.
2025-01-03 10:54:59 [main] INFO  l.i.u.tests.ApplicationFormsPageTest - Starting test:'testCreateNewDvpApplication'
2025-01-03 10:55:00 [main] DEBUG l.i.u.tests.ApplicationFormsPageTest - Opened 'Application Processing' menu.
2025-01-03 10:55:00 [main] DEBUG l.i.u.tests.ApplicationFormsPageTest - Clicked on 'Application Forms' menu.
2025-01-03 10:55:00 [main] DEBUG l.i.u.tests.ApplicationFormsPageTest - Clicked to create a new application form.
2025-01-03 10:55:00 [main] DEBUG l.i.u.tests.ApplicationFormsPageTest - Entered random application code: TST-DVP-61
2025-01-03 10:55:00 [main] DEBUG l.i.u.tests.ApplicationFormsPageTest - Selected 'Municipality' radio button.
2025-01-03 10:55:00 [main] INFO  l.i.uztis.pages.ApplicationFormsPage - Located the dropdown button.
2025-01-03 10:55:01 [main] INFO  l.i.uztis.pages.ApplicationFormsPage - Successfully selected the value: 'Kauno departamentas'
2025-01-03 10:55:12 [main] ERROR l.i.uztis.pages.ApplicationFormsPage - Failed to close the dropdown with aria-expanded = 'false'.
2025-01-03 10:55:12 [main] DEBUG l.i.u.tests.ApplicationFormsPageTest - Selected a value from the 'Municipality' dropdown: 'Kauno departamentas'
2025-01-03 10:55:12 [main] DEBUG l.i.u.tests.ApplicationFormsPageTest - Selected 'Budget By Country' radio button.
2025-01-03 10:55:12 [main] DEBUG l.i.u.tests.ApplicationFormsPageTest - Selected 'Financed Without Queue' option.
2025-01-03 10:55:12 [main] INFO  l.i.uztis.pages.ApplicationFormsPage - Located the dropdown button.
2025-01-03 10:55:13 [main] WARN  l.i.uztis.pages.ApplicationFormsPage - The value 'DVP paraiškos vertinimo forma - I etapas' was not found among the options.
2025-01-03 10:55:23 [main] ERROR l.i.uztis.pages.ApplicationFormsPage - Failed to close the dropdown with aria-expanded = 'false'.
2025-01-03 10:55:23 [main] DEBUG l.i.u.tests.ApplicationFormsPageTest - Selected a value from the 'EvaluationOne' dropdown: 'DVP paraiškos vertinimo forma - I etapas'
2025-01-03 10:55:23 [main] DEBUG l.i.u.tests.ApplicationFormsPageTest - Clicked 'Plus' button.
2025-01-03 10:55:23 [main] DEBUG l.i.u.tests.ApplicationFormsPageTest - Clicked 'Add' button seven times.
2025-01-03 10:55:23 [main] INFO  l.i.uztis.pages.ApplicationFormsPage - Processing dropdown index: 0
2025-01-03 10:55:34 [main] ERROR l.i.uztis.pages.ApplicationFormsPage - Timeout while waiting for dropdown to close at index: 0 with aria-expanded = 'false'
2025-01-03 10:55:34 [main] INFO  l.i.uztis.pages.ApplicationFormsPage - Processing dropdown index: 1
2025-01-03 10:55:45 [main] ERROR l.i.uztis.pages.ApplicationFormsPage - Timeout while waiting for dropdown to close at index: 1 with aria-expanded = 'false'
2025-01-03 10:55:45 [main] INFO  l.i.uztis.pages.ApplicationFormsPage - Processing dropdown index: 2
2025-01-03 10:55:57 [main] ERROR l.i.uztis.pages.ApplicationFormsPage - Timeout while waiting for dropdown to close at index: 2 with aria-expanded = 'false'
2025-01-03 10:55:57 [main] INFO  l.i.uztis.pages.ApplicationFormsPage - Processing dropdown index: 3
2025-01-03 10:56:07 [main] ERROR l.i.uztis.pages.ApplicationFormsPage - Timeout while waiting for dropdown to close at index: 3 with aria-expanded = 'false'
2025-01-03 10:56:07 [main] ERROR l.i.u.tests.ApplicationFormsPageTest - Test 'testCreateNewDvpApplication' failed with error: no such window: target window already closed
from unknown error: web view not found
  (Session info: chrome=131.0.6778.205)
Build info: version: '4.27.0', revision: 'd6e718d134'
System info: os.name: 'Windows 11', os.arch: 'amd64', os.version: '10.0', java.version: '21.0.3'
Driver info: org.openqa.selenium.chrome.ChromeDriver
Command: [014d830fa6a8257e65ab3124d154a1c9, findElements {value=//mat-label[contains(text(), 'Nustatymas')], using=xpath}]
Capabilities {acceptInsecureCerts: false, browserName: chrome, browserVersion: 131.0.6778.205, chrome: {chromedriverVersion: 131.0.6778.204 (52183f9e99a..., userDataDir: C:\Users\INGRID~1.ZAD\AppDa...}, fedcm:accounts: true, goog:chromeOptions: {debuggerAddress: localhost:58672}, networkConnectionEnabled: false, pageLoadStrategy: normal, platformName: windows, proxy: Proxy(), se:cdp: ws://localhost:58672/devtoo..., se:cdpVersion: 131.0.6778.205, setWindowRect: true, strictFileInteractability: false, timeouts: {implicit: 0, pageLoad: 300000, script: 30000}, unhandledPromptBehavior: dismiss and notify, webauthn:extension:credBlob: true, webauthn:extension:largeBlob: true, webauthn:extension:minPinLength: true, webauthn:extension:prf: true, webauthn:virtualAuthenticators: true}
Session ID: 014d830fa6a8257e65ab3124d154a1c9
org.openqa.selenium.NoSuchWindowException: no such window: target window already closed
from unknown error: web view not found
  (Session info: chrome=131.0.6778.205)
Build info: version: '4.27.0', revision: 'd6e718d134'
System info: os.name: 'Windows 11', os.arch: 'amd64', os.version: '10.0', java.version: '21.0.3'
Driver info: org.openqa.selenium.chrome.ChromeDriver
Command: [014d830fa6a8257e65ab3124d154a1c9, findElements {value=//mat-label[contains(text(), 'Nustatymas')], using=xpath}]
Capabilities {acceptInsecureCerts: false, browserName: chrome, browserVersion: 131.0.6778.205, chrome: {chromedriverVersion: 131.0.6778.204 (52183f9e99a..., userDataDir: C:\Users\INGRID~1.ZAD\AppDa...}, fedcm:accounts: true, goog:chromeOptions: {debuggerAddress: localhost:58672}, networkConnectionEnabled: false, pageLoadStrategy: normal, platformName: windows, proxy: Proxy(), se:cdp: ws://localhost:58672/devtoo..., se:cdpVersion: 131.0.6778.205, setWindowRect: true, strictFileInteractability: false, timeouts: {implicit: 0, pageLoad: 300000, script: 30000}, unhandledPromptBehavior: dismiss and notify, webauthn:extension:credBlob: true, webauthn:extension:largeBlob: true, webauthn:extension:minPinLength: true, webauthn:extension:prf: true, webauthn:virtualAuthenticators: true}
Session ID: 014d830fa6a8257e65ab3124d154a1c9
	at java.base/jdk.internal.reflect.DirectConstructorHandleAccessor.newInstance(DirectConstructorHandleAccessor.java:62)
	at java.base/java.lang.reflect.Constructor.newInstanceWithCaller(Constructor.java:502)
	at java.base/java.lang.reflect.Constructor.newInstance(Constructor.java:486)
	at org.openqa.selenium.remote.ErrorCodec.decode(ErrorCodec.java:167)
	at org.openqa.selenium.remote.codec.w3c.W3CHttpResponseCodec.decode(W3CHttpResponseCodec.java:138)
	at org.openqa.selenium.remote.codec.w3c.W3CHttpResponseCodec.decode(W3CHttpResponseCodec.java:50)
	at org.openqa.selenium.remote.HttpCommandExecutor.execute(HttpCommandExecutor.java:190)
	at org.openqa.selenium.remote.service.DriverCommandExecutor.invokeExecute(DriverCommandExecutor.java:216)
	at org.openqa.selenium.remote.service.DriverCommandExecutor.execute(DriverCommandExecutor.java:174)
	at org.openqa.selenium.remote.RemoteWebDriver.execute(RemoteWebDriver.java:545)
	at org.openqa.selenium.remote.ElementLocation$ElementFinder$2.findElements(ElementLocation.java:182)
	at org.openqa.selenium.remote.ElementLocation.findElements(ElementLocation.java:103)
	at org.openqa.selenium.remote.RemoteWebDriver.findElements(RemoteWebDriver.java:381)
	at org.openqa.selenium.remote.RemoteWebDriver.findElements(RemoteWebDriver.java:375)
	at org.openqa.selenium.support.pagefactory.DefaultElementLocator.findElements(DefaultElementLocator.java:83)
	at org.openqa.selenium.support.pagefactory.internal.LocatingElementListHandler.invoke(LocatingElementListHandler.java:36)
	at jdk.proxy2/jdk.proxy2.$Proxy15.size(Unknown Source)
	at lt.insoft.uztis.pages.ApplicationFormsPage.selectValueAndEnterText(ApplicationFormsPage.java:427)
	at lt.insoft.uztis.tests.ApplicationFormsPageTest.testCreateNewDvpApplication(ApplicationFormsPageTest.java:251)
	at java.base/jdk.internal.reflect.DirectMethodHandleAccessor.invoke(DirectMethodHandleAccessor.java:103)
	at java.base/java.lang.reflect.Method.invoke(Method.java:580)
	at org.junit.platform.commons.util.ReflectionUtils.invokeMethod(ReflectionUtils.java:728)
	at org.junit.jupiter.engine.execution.MethodInvocation.proceed(MethodInvocation.java:60)
	at org.junit.jupiter.engine.execution.InvocationInterceptorChain$ValidatingInvocation.proceed(InvocationInterceptorChain.java:131)
	at org.junit.jupiter.engine.extension.TimeoutExtension.intercept(TimeoutExtension.java:156)
	at org.junit.jupiter.engine.extension.TimeoutExtension.interceptTestableMethod(TimeoutExtension.java:147)
	at org.junit.jupiter.engine.extension.TimeoutExtension.interceptTestMethod(TimeoutExtension.java:86)
	at org.junit.jupiter.engine.execution.InterceptingExecutableInvoker$ReflectiveInterceptorCall.lambda$ofVoidMethod$0(InterceptingExecutableInvoker.java:103)
	at org.junit.jupiter.engine.execution.InterceptingExecutableInvoker.lambda$invoke$0(InterceptingExecutableInvoker.java:93)
	at org.junit.jupiter.engine.execution.InvocationInterceptorChain$InterceptedInvocation.proceed(InvocationInterceptorChain.java:106)
	at org.junit.jupiter.engine.execution.InvocationInterceptorChain.proceed(InvocationInterceptorChain.java:64)
	at org.junit.jupiter.engine.execution.InvocationInterceptorChain.chainAndInvoke(InvocationInterceptorChain.java:45)
	at org.junit.jupiter.engine.execution.InvocationInterceptorChain.invoke(InvocationInterceptorChain.java:37)
	at org.junit.jupiter.engine.execution.InterceptingExecutableInvoker.invoke(InterceptingExecutableInvoker.java:92)
	at org.junit.jupiter.engine.execution.InterceptingExecutableInvoker.invoke(InterceptingExecutableInvoker.java:86)
	at org.junit.jupiter.engine.descriptor.TestMethodTestDescriptor.lambda$invokeTestMethod$7(TestMethodTestDescriptor.java:218)
	at org.junit.platform.engine.support.hierarchical.ThrowableCollector.execute(ThrowableCollector.java:73)
	at org.junit.jupiter.engine.descriptor.TestMethodTestDescriptor.invokeTestMethod(TestMethodTestDescriptor.java:214)
	at org.junit.jupiter.engine.descriptor.TestMethodTestDescriptor.execute(TestMethodTestDescriptor.java:139)
	at org.junit.jupiter.engine.descriptor.TestMethodTestDescriptor.execute(TestMethodTestDescriptor.java:69)
	at org.junit.platform.engine.support.hierarchical.NodeTestTask.lambda$executeRecursively$6(NodeTestTask.java:151)
	at org.junit.platform.engine.support.hierarchical.ThrowableCollector.execute(ThrowableCollector.java:73)
	at org.junit.platform.engine.support.hierarchical.NodeTestTask.lambda$executeRecursively$8(NodeTestTask.java:141)
	at org.junit.platform.engine.support.hierarchical.Node.around(Node.java:137)
	at org.junit.platform.engine.support.hierarchical.NodeTestTask.lambda$executeRecursively$9(NodeTestTask.java:139)
	at org.junit.platform.engine.support.hierarchical.ThrowableCollector.execute(ThrowableCollector.java:73)
	at org.junit.platform.engine.support.hierarchical.NodeTestTask.executeRecursively(NodeTestTask.java:138)
	at org.junit.platform.engine.support.hierarchical.NodeTestTask.execute(NodeTestTask.java:95)
	at java.base/java.util.ArrayList.forEach(ArrayList.java:1596)
	at org.junit.platform.engine.support.hierarchical.SameThreadHierarchicalTestExecutorService.invokeAll(SameThreadHierarchicalTestExecutorService.java:41)
	at org.junit.platform.engine.support.hierarchical.NodeTestTask.lambda$executeRecursively$6(NodeTestTask.java:155)
	at org.junit.platform.engine.support.hierarchical.ThrowableCollector.execute(ThrowableCollector.java:73)
	at org.junit.platform.engine.support.hierarchical.NodeTestTask.lambda$executeRecursively$8(NodeTestTask.java:141)
	at org.junit.platform.engine.support.hierarchical.Node.around(Node.java:137)
	at org.junit.platform.engine.support.hierarchical.NodeTestTask.lambda$executeRecursively$9(NodeTestTask.java:139)
	at org.junit.platform.engine.support.hierarchical.ThrowableCollector.execute(ThrowableCollector.java:73)
	at org.junit.platform.engine.support.hierarchical.NodeTestTask.executeRecursively(NodeTestTask.java:138)
	at org.junit.platform.engine.support.hierarchical.NodeTestTask.execute(NodeTestTask.java:95)
	at java.base/java.util.ArrayList.forEach(ArrayList.java:1596)
	at org.junit.platform.engine.support.hierarchical.SameThreadHierarchicalTestExecutorService.invokeAll(SameThreadHierarchicalTestExecutorService.java:41)
	at org.junit.platform.engine.support.hierarchical.NodeTestTask.lambda$executeRecursively$6(NodeTestTask.java:155)
	at org.junit.platform.engine.support.hierarchical.ThrowableCollector.execute(ThrowableCollector.java:73)
	at org.junit.platform.engine.support.hierarchical.NodeTestTask.lambda$executeRecursively$8(NodeTestTask.java:141)
	at org.junit.platform.engine.support.hierarchical.Node.around(Node.java:137)
	at org.junit.platform.engine.support.hierarchical.NodeTestTask.lambda$executeRecursively$9(NodeTestTask.java:139)
	at org.junit.platform.engine.support.hierarchical.ThrowableCollector.execute(ThrowableCollector.java:73)
	at org.junit.platform.engine.support.hierarchical.NodeTestTask.executeRecursively(NodeTestTask.java:138)
	at org.junit.platform.engine.support.hierarchical.NodeTestTask.execute(NodeTestTask.java:95)
	at org.junit.platform.engine.support.hierarchical.SameThreadHierarchicalTestExecutorService.submit(SameThreadHierarchicalTestExecutorService.java:35)
	at org.junit.platform.engine.support.hierarchical.HierarchicalTestExecutor.execute(HierarchicalTestExecutor.java:57)
	at org.junit.platform.engine.support.hierarchical.HierarchicalTestEngine.execute(HierarchicalTestEngine.java:54)
	at org.junit.platform.launcher.core.EngineExecutionOrchestrator.execute(EngineExecutionOrchestrator.java:198)
	at org.junit.platform.launcher.core.EngineExecutionOrchestrator.execute(EngineExecutionOrchestrator.java:169)
	at org.junit.platform.launcher.core.EngineExecutionOrchestrator.execute(EngineExecutionOrchestrator.java:93)
	at org.junit.platform.launcher.core.EngineExecutionOrchestrator.lambda$execute$0(EngineExecutionOrchestrator.java:58)
	at org.junit.platform.launcher.core.EngineExecutionOrchestrator.withInterceptedStreams(EngineExecutionOrchestrator.java:141)
	at org.junit.platform.launcher.core.EngineExecutionOrchestrator.execute(EngineExecutionOrchestrator.java:57)
	at org.junit.platform.launcher.core.DefaultLauncher.execute(DefaultLauncher.java:103)
	at org.junit.platform.launcher.core.DefaultLauncher.execute(DefaultLauncher.java:85)
	at org.junit.platform.launcher.core.DelegatingLauncher.execute(DelegatingLauncher.java:47)
	at org.junit.platform.launcher.core.SessionPerRequestLauncher.execute(SessionPerRequestLauncher.java:63)
	at com.intellij.junit5.JUnit5IdeaTestRunner.startRunnerWithArgs(JUnit5IdeaTestRunner.java:57)
	at com.intellij.rt.junit.IdeaTestRunner$Repeater$1.execute(IdeaTestRunner.java:38)
	at com.intellij.rt.execution.junit.TestsRepeater.repeat(TestsRepeater.java:11)
	at com.intellij.rt.junit.IdeaTestRunner$Repeater.startRunnerWithArgs(IdeaTestRunner.java:35)
	at com.intellij.rt.junit.JUnitStarter.prepareStreamsAndStart(JUnitStarter.java:232)
	at com.intellij.rt.junit.JUnitStarter.main(JUnitStarter.java:55)
2025-01-03 10:59:27 [main] INFO  lt.insoft.uztis.tests.UztisPageTest - Navigated to https://uztisdev.asseco.lt/home
2025-01-03 10:59:27 [main] INFO  l.i.u.tests.ApplicationFormsPageTest - Setup complete. ApplicationFormsPage initialized.
2025-01-03 10:59:27 [main] INFO  l.i.u.tests.ApplicationFormsPageTest - Starting test:'testCreateNewDvpApplication'
2025-01-03 10:59:28 [main] DEBUG l.i.u.tests.ApplicationFormsPageTest - Opened 'Application Processing' menu.
2025-01-03 10:59:28 [main] DEBUG l.i.u.tests.ApplicationFormsPageTest - Clicked on 'Application Forms' menu.
2025-01-03 10:59:28 [main] DEBUG l.i.u.tests.ApplicationFormsPageTest - Clicked to create a new application form.
2025-01-03 10:59:29 [main] DEBUG l.i.u.tests.ApplicationFormsPageTest - Entered random application code: TST-DVP-00
2025-01-03 10:59:29 [main] DEBUG l.i.u.tests.ApplicationFormsPageTest - Selected 'Municipality' radio button.
2025-01-03 10:59:29 [main] INFO  l.i.uztis.pages.ApplicationFormsPage - Located the dropdown button.
2025-01-03 10:59:30 [main] INFO  l.i.uztis.pages.ApplicationFormsPage - Successfully selected the value: 'Kauno departamentas'
2025-01-03 10:59:40 [main] ERROR l.i.uztis.pages.ApplicationFormsPage - Failed to close the dropdown with aria-expanded = 'false'.
2025-01-03 10:59:40 [main] DEBUG l.i.u.tests.ApplicationFormsPageTest - Selected a value from the 'Municipality' dropdown: 'Kauno departamentas'
2025-01-03 10:59:40 [main] DEBUG l.i.u.tests.ApplicationFormsPageTest - Selected 'Budget By Country' radio button.
2025-01-03 10:59:40 [main] DEBUG l.i.u.tests.ApplicationFormsPageTest - Selected 'Financed Without Queue' option.
2025-01-03 10:59:40 [main] INFO  l.i.uztis.pages.ApplicationFormsPage - Located the dropdown button.
2025-01-03 11:00:00 [main] ERROR l.i.u.tests.ApplicationFormsPageTest - Test 'testCreateNewDvpApplication' failed with error: Expected condition failed: waiting for element to be clickable: Proxy element for: DefaultElementLocator 'By.xpath: //mat-option' (tried for 10 second(s) with 500 milliseconds interval)
org.openqa.selenium.TimeoutException: Expected condition failed: waiting for element to be clickable: Proxy element for: DefaultElementLocator 'By.xpath: //mat-option' (tried for 10 second(s) with 500 milliseconds interval)
	at org.openqa.selenium.support.ui.WebDriverWait.timeoutException(WebDriverWait.java:84)
	at org.openqa.selenium.support.ui.FluentWait.until(FluentWait.java:228)
	at lt.insoft.uztis.pages.ApplicationFormsPage.selectValuesByListEvaluationOne(ApplicationFormsPage.java:319)
	at lt.insoft.uztis.tests.ApplicationFormsPageTest.testCreateNewDvpApplication(ApplicationFormsPageTest.java:241)
	at java.base/jdk.internal.reflect.DirectMethodHandleAccessor.invoke(DirectMethodHandleAccessor.java:103)
	at java.base/java.lang.reflect.Method.invoke(Method.java:580)
	at org.junit.platform.commons.util.ReflectionUtils.invokeMethod(ReflectionUtils.java:728)
	at org.junit.jupiter.engine.execution.MethodInvocation.proceed(MethodInvocation.java:60)
	at org.junit.jupiter.engine.execution.InvocationInterceptorChain$ValidatingInvocation.proceed(InvocationInterceptorChain.java:131)
	at org.junit.jupiter.engine.extension.TimeoutExtension.intercept(TimeoutExtension.java:156)
	at org.junit.jupiter.engine.extension.TimeoutExtension.interceptTestableMethod(TimeoutExtension.java:147)
	at org.junit.jupiter.engine.extension.TimeoutExtension.interceptTestMethod(TimeoutExtension.java:86)
	at org.junit.jupiter.engine.execution.InterceptingExecutableInvoker$ReflectiveInterceptorCall.lambda$ofVoidMethod$0(InterceptingExecutableInvoker.java:103)
	at org.junit.jupiter.engine.execution.InterceptingExecutableInvoker.lambda$invoke$0(InterceptingExecutableInvoker.java:93)
	at org.junit.jupiter.engine.execution.InvocationInterceptorChain$InterceptedInvocation.proceed(InvocationInterceptorChain.java:106)
	at org.junit.jupiter.engine.execution.InvocationInterceptorChain.proceed(InvocationInterceptorChain.java:64)
	at org.junit.jupiter.engine.execution.InvocationInterceptorChain.chainAndInvoke(InvocationInterceptorChain.java:45)
	at org.junit.jupiter.engine.execution.InvocationInterceptorChain.invoke(InvocationInterceptorChain.java:37)
	at org.junit.jupiter.engine.execution.InterceptingExecutableInvoker.invoke(InterceptingExecutableInvoker.java:92)
	at org.junit.jupiter.engine.execution.InterceptingExecutableInvoker.invoke(InterceptingExecutableInvoker.java:86)
	at org.junit.jupiter.engine.descriptor.TestMethodTestDescriptor.lambda$invokeTestMethod$7(TestMethodTestDescriptor.java:218)
	at org.junit.platform.engine.support.hierarchical.ThrowableCollector.execute(ThrowableCollector.java:73)
	at org.junit.jupiter.engine.descriptor.TestMethodTestDescriptor.invokeTestMethod(TestMethodTestDescriptor.java:214)
	at org.junit.jupiter.engine.descriptor.TestMethodTestDescriptor.execute(TestMethodTestDescriptor.java:139)
	at org.junit.jupiter.engine.descriptor.TestMethodTestDescriptor.execute(TestMethodTestDescriptor.java:69)
	at org.junit.platform.engine.support.hierarchical.NodeTestTask.lambda$executeRecursively$6(NodeTestTask.java:151)
	at org.junit.platform.engine.support.hierarchical.ThrowableCollector.execute(ThrowableCollector.java:73)
	at org.junit.platform.engine.support.hierarchical.NodeTestTask.lambda$executeRecursively$8(NodeTestTask.java:141)
	at org.junit.platform.engine.support.hierarchical.Node.around(Node.java:137)
	at org.junit.platform.engine.support.hierarchical.NodeTestTask.lambda$executeRecursively$9(NodeTestTask.java:139)
	at org.junit.platform.engine.support.hierarchical.ThrowableCollector.execute(ThrowableCollector.java:73)
	at org.junit.platform.engine.support.hierarchical.NodeTestTask.executeRecursively(NodeTestTask.java:138)
	at org.junit.platform.engine.support.hierarchical.NodeTestTask.execute(NodeTestTask.java:95)
	at java.base/java.util.ArrayList.forEach(ArrayList.java:1596)
	at org.junit.platform.engine.support.hierarchical.SameThreadHierarchicalTestExecutorService.invokeAll(SameThreadHierarchicalTestExecutorService.java:41)
	at org.junit.platform.engine.support.hierarchical.NodeTestTask.lambda$executeRecursively$6(NodeTestTask.java:155)
	at org.junit.platform.engine.support.hierarchical.ThrowableCollector.execute(ThrowableCollector.java:73)
	at org.junit.platform.engine.support.hierarchical.NodeTestTask.lambda$executeRecursively$8(NodeTestTask.java:141)
	at org.junit.platform.engine.support.hierarchical.Node.around(Node.java:137)
	at org.junit.platform.engine.support.hierarchical.NodeTestTask.lambda$executeRecursively$9(NodeTestTask.java:139)
	at org.junit.platform.engine.support.hierarchical.ThrowableCollector.execute(ThrowableCollector.java:73)
	at org.junit.platform.engine.support.hierarchical.NodeTestTask.executeRecursively(NodeTestTask.java:138)
	at org.junit.platform.engine.support.hierarchical.NodeTestTask.execute(NodeTestTask.java:95)
	at java.base/java.util.ArrayList.forEach(ArrayList.java:1596)
	at org.junit.platform.engine.support.hierarchical.SameThreadHierarchicalTestExecutorService.invokeAll(SameThreadHierarchicalTestExecutorService.java:41)
	at org.junit.platform.engine.support.hierarchical.NodeTestTask.lambda$executeRecursively$6(NodeTestTask.java:155)
	at org.junit.platform.engine.support.hierarchical.ThrowableCollector.execute(ThrowableCollector.java:73)
	at org.junit.platform.engine.support.hierarchical.NodeTestTask.lambda$executeRecursively$8(NodeTestTask.java:141)
	at org.junit.platform.engine.support.hierarchical.Node.around(Node.java:137)
	at org.junit.platform.engine.support.hierarchical.NodeTestTask.lambda$executeRecursively$9(NodeTestTask.java:139)
	at org.junit.platform.engine.support.hierarchical.ThrowableCollector.execute(ThrowableCollector.java:73)
	at org.junit.platform.engine.support.hierarchical.NodeTestTask.executeRecursively(NodeTestTask.java:138)
	at org.junit.platform.engine.support.hierarchical.NodeTestTask.execute(NodeTestTask.java:95)
	at org.junit.platform.engine.support.hierarchical.SameThreadHierarchicalTestExecutorService.submit(SameThreadHierarchicalTestExecutorService.java:35)
	at org.junit.platform.engine.support.hierarchical.HierarchicalTestExecutor.execute(HierarchicalTestExecutor.java:57)
	at org.junit.platform.engine.support.hierarchical.HierarchicalTestEngine.execute(HierarchicalTestEngine.java:54)
	at org.junit.platform.launcher.core.EngineExecutionOrchestrator.execute(EngineExecutionOrchestrator.java:198)
	at org.junit.platform.launcher.core.EngineExecutionOrchestrator.execute(EngineExecutionOrchestrator.java:169)
	at org.junit.platform.launcher.core.EngineExecutionOrchestrator.execute(EngineExecutionOrchestrator.java:93)
	at org.junit.platform.launcher.core.EngineExecutionOrchestrator.lambda$execute$0(EngineExecutionOrchestrator.java:58)
	at org.junit.platform.launcher.core.EngineExecutionOrchestrator.withInterceptedStreams(EngineExecutionOrchestrator.java:141)
	at org.junit.platform.launcher.core.EngineExecutionOrchestrator.execute(EngineExecutionOrchestrator.java:57)
	at org.junit.platform.launcher.core.DefaultLauncher.execute(DefaultLauncher.java:103)
	at org.junit.platform.launcher.core.DefaultLauncher.execute(DefaultLauncher.java:85)
	at org.junit.platform.launcher.core.DelegatingLauncher.execute(DelegatingLauncher.java:47)
	at org.junit.platform.launcher.core.SessionPerRequestLauncher.execute(SessionPerRequestLauncher.java:63)
	at com.intellij.junit5.JUnit5IdeaTestRunner.startRunnerWithArgs(JUnit5IdeaTestRunner.java:57)
	at com.intellij.rt.junit.IdeaTestRunner$Repeater$1.execute(IdeaTestRunner.java:38)
	at com.intellij.rt.execution.junit.TestsRepeater.repeat(TestsRepeater.java:11)
	at com.intellij.rt.junit.IdeaTestRunner$Repeater.startRunnerWithArgs(IdeaTestRunner.java:35)
	at com.intellij.rt.junit.JUnitStarter.prepareStreamsAndStart(JUnitStarter.java:232)
	at com.intellij.rt.junit.JUnitStarter.main(JUnitStarter.java:55)
Caused by: org.openqa.selenium.NoSuchElementException: no such element: Unable to locate element: {"method":"xpath","selector":"//mat-option"}
  (Session info: chrome=131.0.6778.205)
For documentation on this error, please visit: https://www.selenium.dev/documentation/webdriver/troubleshooting/errors#no-such-element-exception
Build info: version: '4.27.0', revision: 'd6e718d134'
System info: os.name: 'Windows 11', os.arch: 'amd64', os.version: '10.0', java.version: '21.0.3'
Driver info: org.openqa.selenium.chrome.ChromeDriver
Command: [58b95bf1fd80e316297dd6511e45aba0, findElement {value=//mat-option, using=xpath}]
Capabilities {acceptInsecureCerts: false, browserName: chrome, browserVersion: 131.0.6778.205, chrome: {chromedriverVersion: 131.0.6778.204 (52183f9e99a..., userDataDir: C:\Users\INGRID~1.ZAD\AppDa...}, fedcm:accounts: true, goog:chromeOptions: {debuggerAddress: localhost:58824}, networkConnectionEnabled: false, pageLoadStrategy: normal, platformName: windows, proxy: Proxy(), se:cdp: ws://localhost:58824/devtoo..., se:cdpVersion: 131.0.6778.205, setWindowRect: true, strictFileInteractability: false, timeouts: {implicit: 0, pageLoad: 300000, script: 30000}, unhandledPromptBehavior: dismiss and notify, webauthn:extension:credBlob: true, webauthn:extension:largeBlob: true, webauthn:extension:minPinLength: true, webauthn:extension:prf: true, webauthn:virtualAuthenticators: true}
Session ID: 58b95bf1fd80e316297dd6511e45aba0
	at java.base/jdk.internal.reflect.DirectConstructorHandleAccessor.newInstance(DirectConstructorHandleAccessor.java:62)
	at java.base/java.lang.reflect.Constructor.newInstanceWithCaller(Constructor.java:502)
	at java.base/java.lang.reflect.Constructor.newInstance(Constructor.java:486)
	at org.openqa.selenium.remote.ErrorCodec.decode(ErrorCodec.java:167)
	at org.openqa.selenium.remote.codec.w3c.W3CHttpResponseCodec.decode(W3CHttpResponseCodec.java:138)
	at org.openqa.selenium.remote.codec.w3c.W3CHttpResponseCodec.decode(W3CHttpResponseCodec.java:50)
	at org.openqa.selenium.remote.HttpCommandExecutor.execute(HttpCommandExecutor.java:190)
	at org.openqa.selenium.remote.service.DriverCommandExecutor.invokeExecute(DriverCommandExecutor.java:216)
	at org.openqa.selenium.remote.service.DriverCommandExecutor.execute(DriverCommandExecutor.java:174)
	at org.openqa.selenium.remote.RemoteWebDriver.execute(RemoteWebDriver.java:545)
	at org.openqa.selenium.remote.ElementLocation$ElementFinder$2.findElement(ElementLocation.java:165)
	at org.openqa.selenium.remote.ElementLocation.findElement(ElementLocation.java:59)
	at org.openqa.selenium.remote.RemoteWebDriver.findElement(RemoteWebDriver.java:368)
	at org.openqa.selenium.remote.RemoteWebDriver.findElement(RemoteWebDriver.java:362)
	at org.openqa.selenium.support.pagefactory.DefaultElementLocator.findElement(DefaultElementLocator.java:68)
	at org.openqa.selenium.support.pagefactory.internal.LocatingElementHandler.invoke(LocatingElementHandler.java:38)
	at jdk.proxy2/jdk.proxy2.$Proxy14.isDisplayed(Unknown Source)
	at org.openqa.selenium.support.ui.ExpectedConditions.elementIfVisible(ExpectedConditions.java:304)
	at org.openqa.selenium.support.ui.ExpectedConditions$10.apply(ExpectedConditions.java:290)
	at org.openqa.selenium.support.ui.ExpectedConditions$10.apply(ExpectedConditions.java:287)
	at org.openqa.selenium.support.ui.ExpectedConditions$23.apply(ExpectedConditions.java:656)
	at org.openqa.selenium.support.ui.ExpectedConditions$23.apply(ExpectedConditions.java:652)
	at org.openqa.selenium.support.ui.FluentWait.until(FluentWait.java:203)
	... 70 common frames omitted
2025-01-03 11:00:00 [main] INFO  l.insoft.uztis.tests.utils.TestUtils - Screenshot moved to C:\Users\ingrida.zadorozniene\Desktop\Asm\UZTIS\UZTIS_tests\test-output\screenshots\20250103\110000923_testCreateNewDvpApplication().png
2025-01-03 11:03:01 [main] INFO  lt.insoft.uztis.tests.UztisPageTest - Navigated to https://uztisdev.asseco.lt/home
2025-01-03 11:03:01 [main] INFO  l.i.u.tests.ApplicationFormsPageTest - Setup complete. ApplicationFormsPage initialized.
2025-01-03 11:03:01 [main] INFO  l.i.u.tests.ApplicationFormsPageTest - Starting test:'testCreateNewDvpApplication'
2025-01-03 11:03:01 [main] DEBUG l.i.u.tests.ApplicationFormsPageTest - Opened 'Application Processing' menu.
2025-01-03 11:03:01 [main] DEBUG l.i.u.tests.ApplicationFormsPageTest - Clicked on 'Application Forms' menu.
2025-01-03 11:03:02 [main] DEBUG l.i.u.tests.ApplicationFormsPageTest - Clicked to create a new application form.
2025-01-03 11:03:02 [main] DEBUG l.i.u.tests.ApplicationFormsPageTest - Entered random application code: TST-DVP-90
2025-01-03 11:03:02 [main] DEBUG l.i.u.tests.ApplicationFormsPageTest - Selected 'Municipality' radio button.
2025-01-03 11:03:02 [main] INFO  l.i.uztis.pages.ApplicationFormsPage - Located the dropdown button.
2025-01-03 11:03:03 [main] INFO  l.i.uztis.pages.ApplicationFormsPage - Successfully selected the value: 'Kauno departamentas'
2025-01-03 11:03:13 [main] ERROR l.i.uztis.pages.ApplicationFormsPage - Failed to close the dropdown with aria-expanded = 'false'.
2025-01-03 11:03:13 [main] DEBUG l.i.u.tests.ApplicationFormsPageTest - Selected a value from the 'Municipality' dropdown: 'Kauno departamentas'
2025-01-03 11:03:13 [main] DEBUG l.i.u.tests.ApplicationFormsPageTest - Selected 'Budget By Country' radio button.
2025-01-03 11:03:13 [main] DEBUG l.i.u.tests.ApplicationFormsPageTest - Selected 'Financed Without Queue' option.
2025-01-03 11:03:13 [main] INFO  l.i.uztis.pages.ApplicationFormsPage - Located the dropdown button.
2025-01-03 11:03:13 [main] DEBUG l.i.uztis.pages.ApplicationFormsPage - Option text: 'VUI paraiškos vertinimo forma - I etapas', value to select: 'DVP paraiškos vertinimo forma - I etapas'
2025-01-03 11:03:13 [main] DEBUG l.i.uztis.pages.ApplicationFormsPage - Option text: 'PVK paraiškos vertinimo forma - I etapas', value to select: 'DVP paraiškos vertinimo forma - I etapas'
2025-01-03 11:03:13 [main] DEBUG l.i.uztis.pages.ApplicationFormsPage - Option text: 'DVP paraiškos vertinimo forma - I etapas', value to select: 'DVP paraiškos vertinimo forma - I etapas'
2025-01-03 11:03:14 [main] INFO  l.i.uztis.pages.ApplicationFormsPage - Successfully selected the value: 'DVP paraiškos vertinimo forma - I etapas'
2025-01-03 11:03:14 [main] DEBUG l.i.u.tests.ApplicationFormsPageTest - Selected a value from the 'EvaluationOne' dropdown: 'DVP paraiškos vertinimo forma - I etapas'
2025-01-03 11:03:14 [main] DEBUG l.i.u.tests.ApplicationFormsPageTest - Clicked 'Plus' button.
2025-01-03 11:03:14 [main] DEBUG l.i.u.tests.ApplicationFormsPageTest - Clicked 'Add' button seven times.
2025-01-03 11:03:14 [main] INFO  l.i.uztis.pages.ApplicationFormsPage - Processing dropdown index: 0
2025-01-03 11:03:25 [main] ERROR l.i.uztis.pages.ApplicationFormsPage - Timeout while waiting for dropdown to close at index: 0 with aria-expanded = 'false'
2025-01-03 11:03:25 [main] ERROR l.i.u.tests.ApplicationFormsPageTest - Test 'testCreateNewDvpApplication' failed with error: no such window: target window already closed
from unknown error: web view not found
  (Session info: chrome=131.0.6778.205)
Build info: version: '4.27.0', revision: 'd6e718d134'
System info: os.name: 'Windows 11', os.arch: 'amd64', os.version: '10.0', java.version: '21.0.3'
Driver info: org.openqa.selenium.chrome.ChromeDriver
Command: [80ee0063310366f6639f3aed9bdc212f, findElements {value=//mat-label[contains(text(), 'Nustatymas')], using=xpath}]
Capabilities {acceptInsecureCerts: false, browserName: chrome, browserVersion: 131.0.6778.205, chrome: {chromedriverVersion: 131.0.6778.204 (52183f9e99a..., userDataDir: C:\Users\INGRID~1.ZAD\AppDa...}, fedcm:accounts: true, goog:chromeOptions: {debuggerAddress: localhost:58971}, networkConnectionEnabled: false, pageLoadStrategy: normal, platformName: windows, proxy: Proxy(), se:cdp: ws://localhost:58971/devtoo..., se:cdpVersion: 131.0.6778.205, setWindowRect: true, strictFileInteractability: false, timeouts: {implicit: 0, pageLoad: 300000, script: 30000}, unhandledPromptBehavior: dismiss and notify, webauthn:extension:credBlob: true, webauthn:extension:largeBlob: true, webauthn:extension:minPinLength: true, webauthn:extension:prf: true, webauthn:virtualAuthenticators: true}
Session ID: 80ee0063310366f6639f3aed9bdc212f
org.openqa.selenium.NoSuchWindowException: no such window: target window already closed
from unknown error: web view not found
  (Session info: chrome=131.0.6778.205)
Build info: version: '4.27.0', revision: 'd6e718d134'
System info: os.name: 'Windows 11', os.arch: 'amd64', os.version: '10.0', java.version: '21.0.3'
Driver info: org.openqa.selenium.chrome.ChromeDriver
Command: [80ee0063310366f6639f3aed9bdc212f, findElements {value=//mat-label[contains(text(), 'Nustatymas')], using=xpath}]
Capabilities {acceptInsecureCerts: false, browserName: chrome, browserVersion: 131.0.6778.205, chrome: {chromedriverVersion: 131.0.6778.204 (52183f9e99a..., userDataDir: C:\Users\INGRID~1.ZAD\AppDa...}, fedcm:accounts: true, goog:chromeOptions: {debuggerAddress: localhost:58971}, networkConnectionEnabled: false, pageLoadStrategy: normal, platformName: windows, proxy: Proxy(), se:cdp: ws://localhost:58971/devtoo..., se:cdpVersion: 131.0.6778.205, setWindowRect: true, strictFileInteractability: false, timeouts: {implicit: 0, pageLoad: 300000, script: 30000}, unhandledPromptBehavior: dismiss and notify, webauthn:extension:credBlob: true, webauthn:extension:largeBlob: true, webauthn:extension:minPinLength: true, webauthn:extension:prf: true, webauthn:virtualAuthenticators: true}
Session ID: 80ee0063310366f6639f3aed9bdc212f
	at java.base/jdk.internal.reflect.DirectConstructorHandleAccessor.newInstance(DirectConstructorHandleAccessor.java:62)
	at java.base/java.lang.reflect.Constructor.newInstanceWithCaller(Constructor.java:502)
	at java.base/java.lang.reflect.Constructor.newInstance(Constructor.java:486)
	at org.openqa.selenium.remote.ErrorCodec.decode(ErrorCodec.java:167)
	at org.openqa.selenium.remote.codec.w3c.W3CHttpResponseCodec.decode(W3CHttpResponseCodec.java:138)
	at org.openqa.selenium.remote.codec.w3c.W3CHttpResponseCodec.decode(W3CHttpResponseCodec.java:50)
	at org.openqa.selenium.remote.HttpCommandExecutor.execute(HttpCommandExecutor.java:190)
	at org.openqa.selenium.remote.service.DriverCommandExecutor.invokeExecute(DriverCommandExecutor.java:216)
	at org.openqa.selenium.remote.service.DriverCommandExecutor.execute(DriverCommandExecutor.java:174)
	at org.openqa.selenium.remote.RemoteWebDriver.execute(RemoteWebDriver.java:545)
	at org.openqa.selenium.remote.ElementLocation$ElementFinder$2.findElements(ElementLocation.java:182)
	at org.openqa.selenium.remote.ElementLocation.findElements(ElementLocation.java:103)
	at org.openqa.selenium.remote.RemoteWebDriver.findElements(RemoteWebDriver.java:381)
	at org.openqa.selenium.remote.RemoteWebDriver.findElements(RemoteWebDriver.java:375)
	at org.openqa.selenium.support.pagefactory.DefaultElementLocator.findElements(DefaultElementLocator.java:83)
	at org.openqa.selenium.support.pagefactory.internal.LocatingElementListHandler.invoke(LocatingElementListHandler.java:36)
	at jdk.proxy2/jdk.proxy2.$Proxy15.size(Unknown Source)
	at lt.insoft.uztis.pages.ApplicationFormsPage.selectValueAndEnterText(ApplicationFormsPage.java:453)
	at lt.insoft.uztis.tests.ApplicationFormsPageTest.testCreateNewDvpApplication(ApplicationFormsPageTest.java:251)
	at java.base/jdk.internal.reflect.DirectMethodHandleAccessor.invoke(DirectMethodHandleAccessor.java:103)
	at java.base/java.lang.reflect.Method.invoke(Method.java:580)
	at org.junit.platform.commons.util.ReflectionUtils.invokeMethod(ReflectionUtils.java:728)
	at org.junit.jupiter.engine.execution.MethodInvocation.proceed(MethodInvocation.java:60)
	at org.junit.jupiter.engine.execution.InvocationInterceptorChain$ValidatingInvocation.proceed(InvocationInterceptorChain.java:131)
	at org.junit.jupiter.engine.extension.TimeoutExtension.intercept(TimeoutExtension.java:156)
	at org.junit.jupiter.engine.extension.TimeoutExtension.interceptTestableMethod(TimeoutExtension.java:147)
	at org.junit.jupiter.engine.extension.TimeoutExtension.interceptTestMethod(TimeoutExtension.java:86)
	at org.junit.jupiter.engine.execution.InterceptingExecutableInvoker$ReflectiveInterceptorCall.lambda$ofVoidMethod$0(InterceptingExecutableInvoker.java:103)
	at org.junit.jupiter.engine.execution.InterceptingExecutableInvoker.lambda$invoke$0(InterceptingExecutableInvoker.java:93)
	at org.junit.jupiter.engine.execution.InvocationInterceptorChain$InterceptedInvocation.proceed(InvocationInterceptorChain.java:106)
	at org.junit.jupiter.engine.execution.InvocationInterceptorChain.proceed(InvocationInterceptorChain.java:64)
	at org.junit.jupiter.engine.execution.InvocationInterceptorChain.chainAndInvoke(InvocationInterceptorChain.java:45)
	at org.junit.jupiter.engine.execution.InvocationInterceptorChain.invoke(InvocationInterceptorChain.java:37)
	at org.junit.jupiter.engine.execution.InterceptingExecutableInvoker.invoke(InterceptingExecutableInvoker.java:92)
	at org.junit.jupiter.engine.execution.InterceptingExecutableInvoker.invoke(InterceptingExecutableInvoker.java:86)
	at org.junit.jupiter.engine.descriptor.TestMethodTestDescriptor.lambda$invokeTestMethod$7(TestMethodTestDescriptor.java:218)
	at org.junit.platform.engine.support.hierarchical.ThrowableCollector.execute(ThrowableCollector.java:73)
	at org.junit.jupiter.engine.descriptor.TestMethodTestDescriptor.invokeTestMethod(TestMethodTestDescriptor.java:214)
	at org.junit.jupiter.engine.descriptor.TestMethodTestDescriptor.execute(TestMethodTestDescriptor.java:139)
	at org.junit.jupiter.engine.descriptor.TestMethodTestDescriptor.execute(TestMethodTestDescriptor.java:69)
	at org.junit.platform.engine.support.hierarchical.NodeTestTask.lambda$executeRecursively$6(NodeTestTask.java:151)
	at org.junit.platform.engine.support.hierarchical.ThrowableCollector.execute(ThrowableCollector.java:73)
	at org.junit.platform.engine.support.hierarchical.NodeTestTask.lambda$executeRecursively$8(NodeTestTask.java:141)
	at org.junit.platform.engine.support.hierarchical.Node.around(Node.java:137)
	at org.junit.platform.engine.support.hierarchical.NodeTestTask.lambda$executeRecursively$9(NodeTestTask.java:139)
	at org.junit.platform.engine.support.hierarchical.ThrowableCollector.execute(ThrowableCollector.java:73)
	at org.junit.platform.engine.support.hierarchical.NodeTestTask.executeRecursively(NodeTestTask.java:138)
	at org.junit.platform.engine.support.hierarchical.NodeTestTask.execute(NodeTestTask.java:95)
	at java.base/java.util.ArrayList.forEach(ArrayList.java:1596)
	at org.junit.platform.engine.support.hierarchical.SameThreadHierarchicalTestExecutorService.invokeAll(SameThreadHierarchicalTestExecutorService.java:41)
	at org.junit.platform.engine.support.hierarchical.NodeTestTask.lambda$executeRecursively$6(NodeTestTask.java:155)
	at org.junit.platform.engine.support.hierarchical.ThrowableCollector.execute(ThrowableCollector.java:73)
	at org.junit.platform.engine.support.hierarchical.NodeTestTask.lambda$executeRecursively$8(NodeTestTask.java:141)
	at org.junit.platform.engine.support.hierarchical.Node.around(Node.java:137)
	at org.junit.platform.engine.support.hierarchical.NodeTestTask.lambda$executeRecursively$9(NodeTestTask.java:139)
	at org.junit.platform.engine.support.hierarchical.ThrowableCollector.execute(ThrowableCollector.java:73)
	at org.junit.platform.engine.support.hierarchical.NodeTestTask.executeRecursively(NodeTestTask.java:138)
	at org.junit.platform.engine.support.hierarchical.NodeTestTask.execute(NodeTestTask.java:95)
	at java.base/java.util.ArrayList.forEach(ArrayList.java:1596)
	at org.junit.platform.engine.support.hierarchical.SameThreadHierarchicalTestExecutorService.invokeAll(SameThreadHierarchicalTestExecutorService.java:41)
	at org.junit.platform.engine.support.hierarchical.NodeTestTask.lambda$executeRecursively$6(NodeTestTask.java:155)
	at org.junit.platform.engine.support.hierarchical.ThrowableCollector.execute(ThrowableCollector.java:73)
	at org.junit.platform.engine.support.hierarchical.NodeTestTask.lambda$executeRecursively$8(NodeTestTask.java:141)
	at org.junit.platform.engine.support.hierarchical.Node.around(Node.java:137)
	at org.junit.platform.engine.support.hierarchical.NodeTestTask.lambda$executeRecursively$9(NodeTestTask.java:139)
	at org.junit.platform.engine.support.hierarchical.ThrowableCollector.execute(ThrowableCollector.java:73)
	at org.junit.platform.engine.support.hierarchical.NodeTestTask.executeRecursively(NodeTestTask.java:138)
	at org.junit.platform.engine.support.hierarchical.NodeTestTask.execute(NodeTestTask.java:95)
	at org.junit.platform.engine.support.hierarchical.SameThreadHierarchicalTestExecutorService.submit(SameThreadHierarchicalTestExecutorService.java:35)
	at org.junit.platform.engine.support.hierarchical.HierarchicalTestExecutor.execute(HierarchicalTestExecutor.java:57)
	at org.junit.platform.engine.support.hierarchical.HierarchicalTestEngine.execute(HierarchicalTestEngine.java:54)
	at org.junit.platform.launcher.core.EngineExecutionOrchestrator.execute(EngineExecutionOrchestrator.java:198)
	at org.junit.platform.launcher.core.EngineExecutionOrchestrator.execute(EngineExecutionOrchestrator.java:169)
	at org.junit.platform.launcher.core.EngineExecutionOrchestrator.execute(EngineExecutionOrchestrator.java:93)
	at org.junit.platform.launcher.core.EngineExecutionOrchestrator.lambda$execute$0(EngineExecutionOrchestrator.java:58)
	at org.junit.platform.launcher.core.EngineExecutionOrchestrator.withInterceptedStreams(EngineExecutionOrchestrator.java:141)
	at org.junit.platform.launcher.core.EngineExecutionOrchestrator.execute(EngineExecutionOrchestrator.java:57)
	at org.junit.platform.launcher.core.DefaultLauncher.execute(DefaultLauncher.java:103)
	at org.junit.platform.launcher.core.DefaultLauncher.execute(DefaultLauncher.java:85)
	at org.junit.platform.launcher.core.DelegatingLauncher.execute(DelegatingLauncher.java:47)
	at org.junit.platform.launcher.core.SessionPerRequestLauncher.execute(SessionPerRequestLauncher.java:63)
	at com.intellij.junit5.JUnit5IdeaTestRunner.startRunnerWithArgs(JUnit5IdeaTestRunner.java:57)
	at com.intellij.rt.junit.IdeaTestRunner$Repeater$1.execute(IdeaTestRunner.java:38)
	at com.intellij.rt.execution.junit.TestsRepeater.repeat(TestsRepeater.java:11)
	at com.intellij.rt.junit.IdeaTestRunner$Repeater.startRunnerWithArgs(IdeaTestRunner.java:35)
	at com.intellij.rt.junit.JUnitStarter.prepareStreamsAndStart(JUnitStarter.java:232)
	at com.intellij.rt.junit.JUnitStarter.main(JUnitStarter.java:55)
2025-01-03 11:06:00 [main] INFO  lt.insoft.uztis.tests.UztisPageTest - Navigated to https://uztisdev.asseco.lt/home
2025-01-03 11:06:01 [main] INFO  l.i.u.tests.ApplicationFormsPageTest - Setup complete. ApplicationFormsPage initialized.
2025-01-03 11:06:01 [main] INFO  l.i.u.tests.ApplicationFormsPageTest - Starting test:'testCreateNewVuiApplication'
2025-01-03 11:06:01 [main] DEBUG l.i.u.tests.ApplicationFormsPageTest - Opened 'Application Processing' menu.
2025-01-03 11:06:01 [main] DEBUG l.i.u.tests.ApplicationFormsPageTest - Clicked on 'Application Forms' menu.
2025-01-03 11:06:01 [main] DEBUG l.i.u.tests.ApplicationFormsPageTest - Clicked to create a new application form.
2025-01-03 11:06:01 [main] DEBUG l.i.u.tests.ApplicationFormsPageTest - Entered random application code: TST-VUI-05
2025-01-03 11:06:01 [main] DEBUG l.i.u.tests.ApplicationFormsPageTest - Selected 'Section' radio button.
2025-01-03 11:06:01 [main] INFO  l.i.uztis.pages.ApplicationFormsPage - Located the dropdown button.
2025-01-03 11:06:02 [main] INFO  l.i.uztis.pages.ApplicationFormsPage - Successfully selected the value: 'Skyrius 1'
2025-01-03 11:06:12 [main] ERROR l.i.uztis.pages.ApplicationFormsPage - Failed to close the dropdown with aria-expanded = 'false'.
2025-01-03 11:06:12 [main] DEBUG l.i.u.tests.ApplicationFormsPageTest - Selected a value from the 'Section' dropdown: 'Skyrius 1'
2025-01-03 11:06:12 [main] DEBUG l.i.u.tests.ApplicationFormsPageTest - Selected 'Budget by Municipality' option.
2025-01-03 11:06:12 [main] DEBUG l.i.u.tests.ApplicationFormsPageTest - Selected 'Financed Without Queue' option.
2025-01-03 11:06:12 [main] DEBUG l.i.u.tests.ApplicationFormsPageTest - Clicked 'Add' button.
2025-01-03 11:06:12 [main] INFO  l.i.uztis.pages.ApplicationFormsPage - Located the dropdown button.
2025-01-03 11:06:13 [main] DEBUG l.i.uztis.pages.ApplicationFormsPage - Option text: '', value to select: 'VUI paraiškos vertinimo forma - I etapas'
2025-01-03 11:06:13 [main] INFO  l.i.uztis.pages.ApplicationFormsPage - Successfully selected the value: 'VUI paraiškos vertinimo forma - I etapas'
2025-01-03 11:06:13 [main] DEBUG l.i.u.tests.ApplicationFormsPageTest - Selected a value from the 'EvaluationOne' dropdown: 'VUI paraiškos vertinimo forma - I etapas'
2025-01-03 11:06:13 [main] INFO  l.i.uztis.pages.ApplicationFormsPage - Located the dropdown button.
2025-01-03 11:06:13 [main] DEBUG l.i.uztis.pages.ApplicationFormsPage - Option text: '', value to select: 'VUI paraiškos vertinimo forma - II etapas'
2025-01-03 11:06:13 [main] INFO  l.i.uztis.pages.ApplicationFormsPage - Successfully selected the value: 'VUI paraiškos vertinimo forma - II etapas'
2025-01-03 11:06:13 [main] DEBUG l.i.u.tests.ApplicationFormsPageTest - Selected a value from the 'EvaluationTwon' dropdown: 'VUI paraiškos vertinimo forma - II etapas'
2025-01-03 11:06:13 [main] INFO  l.i.uztis.pages.ApplicationFormsPage - Located the dropdown button.
2025-01-03 11:06:13 [main] DEBUG l.i.uztis.pages.ApplicationFormsPage - Option text: '', value to select: 'VUI paraiškos vertinimo forma - III etapas'
2025-01-03 11:06:13 [main] DEBUG l.i.uztis.pages.ApplicationFormsPage - Option text: 'PVK paraiškos vertinimo forma - III etapas', value to select: 'VUI paraiškos vertinimo forma - III etapas'
2025-01-03 11:06:13 [main] ERROR l.i.uztis.pages.ApplicationFormsPage - Option 'VUI paraiškos vertinimo forma - III etapas' was not found in the dropdown.
2025-01-03 11:06:13 [main] DEBUG l.i.u.tests.ApplicationFormsPageTest - Selected a value from the 'EvaluationThree' dropdown: 'VUI paraiškos vertinimo forma - III etapas'
2025-01-03 11:06:14 [main] ERROR l.i.u.tests.ApplicationFormsPageTest - Test 'testCreateNewVuiApplication' failed with error: element click intercepted: Element <button type="button" class="btn btn--primary-light-dashed">...</button> is not clickable at point (390, 991). Other element would receive the click: <div class="cdk-overlay-backdrop cdk-overlay-transparent-backdrop cdk-overlay-backdrop-showing"></div>
  (Session info: chrome=131.0.6778.205)
Build info: version: '4.27.0', revision: 'd6e718d134'
System info: os.name: 'Windows 11', os.arch: 'amd64', os.version: '10.0', java.version: '21.0.3'
Driver info: org.openqa.selenium.chrome.ChromeDriver
Command: [3971a0f4462de137670c5addd67ec349, clickElement {id=f.0DA83502DD281A3F1860FE3D02169E7D.d.B6D08CCE7522773C9C92C087252D40A1.e.65}]
Capabilities {acceptInsecureCerts: false, browserName: chrome, browserVersion: 131.0.6778.205, chrome: {chromedriverVersion: 131.0.6778.204 (52183f9e99a..., userDataDir: C:\Users\INGRID~1.ZAD\AppDa...}, fedcm:accounts: true, goog:chromeOptions: {debuggerAddress: localhost:59080}, networkConnectionEnabled: false, pageLoadStrategy: normal, platformName: windows, proxy: Proxy(), se:cdp: ws://localhost:59080/devtoo..., se:cdpVersion: 131.0.6778.205, setWindowRect: true, strictFileInteractability: false, timeouts: {implicit: 0, pageLoad: 300000, script: 30000}, unhandledPromptBehavior: dismiss and notify, webauthn:extension:credBlob: true, webauthn:extension:largeBlob: true, webauthn:extension:minPinLength: true, webauthn:extension:prf: true, webauthn:virtualAuthenticators: true}
Element: [[ChromeDriver: chrome on windows (3971a0f4462de137670c5addd67ec349)] -> css selector: .btn--primary-light-dashed]
Session ID: 3971a0f4462de137670c5addd67ec349
org.openqa.selenium.ElementClickInterceptedException: element click intercepted: Element <button type="button" class="btn btn--primary-light-dashed">...</button> is not clickable at point (390, 991). Other element would receive the click: <div class="cdk-overlay-backdrop cdk-overlay-transparent-backdrop cdk-overlay-backdrop-showing"></div>
  (Session info: chrome=131.0.6778.205)
Build info: version: '4.27.0', revision: 'd6e718d134'
System info: os.name: 'Windows 11', os.arch: 'amd64', os.version: '10.0', java.version: '21.0.3'
Driver info: org.openqa.selenium.chrome.ChromeDriver
Command: [3971a0f4462de137670c5addd67ec349, clickElement {id=f.0DA83502DD281A3F1860FE3D02169E7D.d.B6D08CCE7522773C9C92C087252D40A1.e.65}]
Capabilities {acceptInsecureCerts: false, browserName: chrome, browserVersion: 131.0.6778.205, chrome: {chromedriverVersion: 131.0.6778.204 (52183f9e99a..., userDataDir: C:\Users\INGRID~1.ZAD\AppDa...}, fedcm:accounts: true, goog:chromeOptions: {debuggerAddress: localhost:59080}, networkConnectionEnabled: false, pageLoadStrategy: normal, platformName: windows, proxy: Proxy(), se:cdp: ws://localhost:59080/devtoo..., se:cdpVersion: 131.0.6778.205, setWindowRect: true, strictFileInteractability: false, timeouts: {implicit: 0, pageLoad: 300000, script: 30000}, unhandledPromptBehavior: dismiss and notify, webauthn:extension:credBlob: true, webauthn:extension:largeBlob: true, webauthn:extension:minPinLength: true, webauthn:extension:prf: true, webauthn:virtualAuthenticators: true}
Element: [[ChromeDriver: chrome on windows (3971a0f4462de137670c5addd67ec349)] -> css selector: .btn--primary-light-dashed]
Session ID: 3971a0f4462de137670c5addd67ec349
	at java.base/jdk.internal.reflect.DirectConstructorHandleAccessor.newInstance(DirectConstructorHandleAccessor.java:62)
	at java.base/java.lang.reflect.Constructor.newInstanceWithCaller(Constructor.java:502)
	at java.base/java.lang.reflect.Constructor.newInstance(Constructor.java:486)
	at org.openqa.selenium.remote.ErrorCodec.decode(ErrorCodec.java:167)
	at org.openqa.selenium.remote.codec.w3c.W3CHttpResponseCodec.decode(W3CHttpResponseCodec.java:138)
	at org.openqa.selenium.remote.codec.w3c.W3CHttpResponseCodec.decode(W3CHttpResponseCodec.java:50)
	at org.openqa.selenium.remote.HttpCommandExecutor.execute(HttpCommandExecutor.java:190)
	at org.openqa.selenium.remote.service.DriverCommandExecutor.invokeExecute(DriverCommandExecutor.java:216)
	at org.openqa.selenium.remote.service.DriverCommandExecutor.execute(DriverCommandExecutor.java:174)
	at org.openqa.selenium.remote.RemoteWebDriver.execute(RemoteWebDriver.java:545)
	at org.openqa.selenium.remote.RemoteWebElement.execute(RemoteWebElement.java:223)
	at org.openqa.selenium.remote.RemoteWebElement.click(RemoteWebElement.java:76)
	at java.base/jdk.internal.reflect.DirectMethodHandleAccessor.invoke(DirectMethodHandleAccessor.java:103)
	at java.base/java.lang.reflect.Method.invoke(Method.java:580)
	at org.openqa.selenium.support.pagefactory.internal.LocatingElementHandler.invoke(LocatingElementHandler.java:51)
	at jdk.proxy2/jdk.proxy2.$Proxy14.click(Unknown Source)
	at lt.insoft.uztis.pages.ApplicationFormsPage.clickButtonPlus(ApplicationFormsPage.java:166)
	at lt.insoft.uztis.tests.ApplicationFormsPageTest.testCreateNewVuiApplication(ApplicationFormsPageTest.java:123)
	at java.base/jdk.internal.reflect.DirectMethodHandleAccessor.invoke(DirectMethodHandleAccessor.java:103)
	at java.base/java.lang.reflect.Method.invoke(Method.java:580)
	at org.junit.platform.commons.util.ReflectionUtils.invokeMethod(ReflectionUtils.java:728)
	at org.junit.jupiter.engine.execution.MethodInvocation.proceed(MethodInvocation.java:60)
	at org.junit.jupiter.engine.execution.InvocationInterceptorChain$ValidatingInvocation.proceed(InvocationInterceptorChain.java:131)
	at org.junit.jupiter.engine.extension.TimeoutExtension.intercept(TimeoutExtension.java:156)
	at org.junit.jupiter.engine.extension.TimeoutExtension.interceptTestableMethod(TimeoutExtension.java:147)
	at org.junit.jupiter.engine.extension.TimeoutExtension.interceptTestMethod(TimeoutExtension.java:86)
	at org.junit.jupiter.engine.execution.InterceptingExecutableInvoker$ReflectiveInterceptorCall.lambda$ofVoidMethod$0(InterceptingExecutableInvoker.java:103)
	at org.junit.jupiter.engine.execution.InterceptingExecutableInvoker.lambda$invoke$0(InterceptingExecutableInvoker.java:93)
	at org.junit.jupiter.engine.execution.InvocationInterceptorChain$InterceptedInvocation.proceed(InvocationInterceptorChain.java:106)
	at org.junit.jupiter.engine.execution.InvocationInterceptorChain.proceed(InvocationInterceptorChain.java:64)
	at org.junit.jupiter.engine.execution.InvocationInterceptorChain.chainAndInvoke(InvocationInterceptorChain.java:45)
	at org.junit.jupiter.engine.execution.InvocationInterceptorChain.invoke(InvocationInterceptorChain.java:37)
	at org.junit.jupiter.engine.execution.InterceptingExecutableInvoker.invoke(InterceptingExecutableInvoker.java:92)
	at org.junit.jupiter.engine.execution.InterceptingExecutableInvoker.invoke(InterceptingExecutableInvoker.java:86)
	at org.junit.jupiter.engine.descriptor.TestMethodTestDescriptor.lambda$invokeTestMethod$7(TestMethodTestDescriptor.java:218)
	at org.junit.platform.engine.support.hierarchical.ThrowableCollector.execute(ThrowableCollector.java:73)
	at org.junit.jupiter.engine.descriptor.TestMethodTestDescriptor.invokeTestMethod(TestMethodTestDescriptor.java:214)
	at org.junit.jupiter.engine.descriptor.TestMethodTestDescriptor.execute(TestMethodTestDescriptor.java:139)
	at org.junit.jupiter.engine.descriptor.TestMethodTestDescriptor.execute(TestMethodTestDescriptor.java:69)
	at org.junit.platform.engine.support.hierarchical.NodeTestTask.lambda$executeRecursively$6(NodeTestTask.java:151)
	at org.junit.platform.engine.support.hierarchical.ThrowableCollector.execute(ThrowableCollector.java:73)
	at org.junit.platform.engine.support.hierarchical.NodeTestTask.lambda$executeRecursively$8(NodeTestTask.java:141)
	at org.junit.platform.engine.support.hierarchical.Node.around(Node.java:137)
	at org.junit.platform.engine.support.hierarchical.NodeTestTask.lambda$executeRecursively$9(NodeTestTask.java:139)
	at org.junit.platform.engine.support.hierarchical.ThrowableCollector.execute(ThrowableCollector.java:73)
	at org.junit.platform.engine.support.hierarchical.NodeTestTask.executeRecursively(NodeTestTask.java:138)
	at org.junit.platform.engine.support.hierarchical.NodeTestTask.execute(NodeTestTask.java:95)
	at java.base/java.util.ArrayList.forEach(ArrayList.java:1596)
	at org.junit.platform.engine.support.hierarchical.SameThreadHierarchicalTestExecutorService.invokeAll(SameThreadHierarchicalTestExecutorService.java:41)
	at org.junit.platform.engine.support.hierarchical.NodeTestTask.lambda$executeRecursively$6(NodeTestTask.java:155)
	at org.junit.platform.engine.support.hierarchical.ThrowableCollector.execute(ThrowableCollector.java:73)
	at org.junit.platform.engine.support.hierarchical.NodeTestTask.lambda$executeRecursively$8(NodeTestTask.java:141)
	at org.junit.platform.engine.support.hierarchical.Node.around(Node.java:137)
	at org.junit.platform.engine.support.hierarchical.NodeTestTask.lambda$executeRecursively$9(NodeTestTask.java:139)
	at org.junit.platform.engine.support.hierarchical.ThrowableCollector.execute(ThrowableCollector.java:73)
	at org.junit.platform.engine.support.hierarchical.NodeTestTask.executeRecursively(NodeTestTask.java:138)
	at org.junit.platform.engine.support.hierarchical.NodeTestTask.execute(NodeTestTask.java:95)
	at java.base/java.util.ArrayList.forEach(ArrayList.java:1596)
	at org.junit.platform.engine.support.hierarchical.SameThreadHierarchicalTestExecutorService.invokeAll(SameThreadHierarchicalTestExecutorService.java:41)
	at org.junit.platform.engine.support.hierarchical.NodeTestTask.lambda$executeRecursively$6(NodeTestTask.java:155)
	at org.junit.platform.engine.support.hierarchical.ThrowableCollector.execute(ThrowableCollector.java:73)
	at org.junit.platform.engine.support.hierarchical.NodeTestTask.lambda$executeRecursively$8(NodeTestTask.java:141)
	at org.junit.platform.engine.support.hierarchical.Node.around(Node.java:137)
	at org.junit.platform.engine.support.hierarchical.NodeTestTask.lambda$executeRecursively$9(NodeTestTask.java:139)
	at org.junit.platform.engine.support.hierarchical.ThrowableCollector.execute(ThrowableCollector.java:73)
	at org.junit.platform.engine.support.hierarchical.NodeTestTask.executeRecursively(NodeTestTask.java:138)
	at org.junit.platform.engine.support.hierarchical.NodeTestTask.execute(NodeTestTask.java:95)
	at org.junit.platform.engine.support.hierarchical.SameThreadHierarchicalTestExecutorService.submit(SameThreadHierarchicalTestExecutorService.java:35)
	at org.junit.platform.engine.support.hierarchical.HierarchicalTestExecutor.execute(HierarchicalTestExecutor.java:57)
	at org.junit.platform.engine.support.hierarchical.HierarchicalTestEngine.execute(HierarchicalTestEngine.java:54)
	at org.junit.platform.launcher.core.EngineExecutionOrchestrator.execute(EngineExecutionOrchestrator.java:198)
	at org.junit.platform.launcher.core.EngineExecutionOrchestrator.execute(EngineExecutionOrchestrator.java:169)
	at org.junit.platform.launcher.core.EngineExecutionOrchestrator.execute(EngineExecutionOrchestrator.java:93)
	at org.junit.platform.launcher.core.EngineExecutionOrchestrator.lambda$execute$0(EngineExecutionOrchestrator.java:58)
	at org.junit.platform.launcher.core.EngineExecutionOrchestrator.withInterceptedStreams(EngineExecutionOrchestrator.java:141)
	at org.junit.platform.launcher.core.EngineExecutionOrchestrator.execute(EngineExecutionOrchestrator.java:57)
	at org.junit.platform.launcher.core.DefaultLauncher.execute(DefaultLauncher.java:103)
	at org.junit.platform.launcher.core.DefaultLauncher.execute(DefaultLauncher.java:85)
	at org.junit.platform.launcher.core.DelegatingLauncher.execute(DelegatingLauncher.java:47)
	at org.junit.platform.launcher.core.SessionPerRequestLauncher.execute(SessionPerRequestLauncher.java:63)
	at com.intellij.junit5.JUnit5IdeaTestRunner.startRunnerWithArgs(JUnit5IdeaTestRunner.java:57)
	at com.intellij.rt.junit.IdeaTestRunner$Repeater$1.execute(IdeaTestRunner.java:38)
	at com.intellij.rt.execution.junit.TestsRepeater.repeat(TestsRepeater.java:11)
	at com.intellij.rt.junit.IdeaTestRunner$Repeater.startRunnerWithArgs(IdeaTestRunner.java:35)
	at com.intellij.rt.junit.JUnitStarter.prepareStreamsAndStart(JUnitStarter.java:232)
	at com.intellij.rt.junit.JUnitStarter.main(JUnitStarter.java:55)
2025-01-03 11:06:14 [main] INFO  l.insoft.uztis.tests.utils.TestUtils - Screenshot moved to C:\Users\ingrida.zadorozniene\Desktop\Asm\UZTIS\UZTIS_tests\test-output\screenshots\20250103\110614796_testCreateNewVuiApplication().png
2025-01-03 11:09:13 [main] INFO  lt.insoft.uztis.tests.UztisPageTest - Navigated to https://uztisdev.asseco.lt/home
2025-01-03 11:09:13 [main] INFO  l.i.u.tests.ApplicationFormsPageTest - Setup complete. ApplicationFormsPage initialized.
2025-01-03 11:09:13 [main] INFO  l.i.u.tests.ApplicationFormsPageTest - Starting test:'testCreateNewVuiApplication'
2025-01-03 11:09:13 [main] DEBUG l.i.u.tests.ApplicationFormsPageTest - Opened 'Application Processing' menu.
2025-01-03 11:09:13 [main] DEBUG l.i.u.tests.ApplicationFormsPageTest - Clicked on 'Application Forms' menu.
2025-01-03 11:09:14 [main] DEBUG l.i.u.tests.ApplicationFormsPageTest - Clicked to create a new application form.
2025-01-03 11:09:14 [main] DEBUG l.i.u.tests.ApplicationFormsPageTest - Entered random application code: TST-VUI-77
2025-01-03 11:09:14 [main] DEBUG l.i.u.tests.ApplicationFormsPageTest - Selected 'Section' radio button.
2025-01-03 11:09:14 [main] INFO  l.i.uztis.pages.ApplicationFormsPage - Located the dropdown button.
2025-01-03 11:09:14 [main] INFO  l.i.uztis.pages.ApplicationFormsPage - Successfully selected the value: 'Skyrius 1'
2025-01-03 11:09:25 [main] ERROR l.i.uztis.pages.ApplicationFormsPage - Failed to close the dropdown with aria-expanded = 'false'.
2025-01-03 11:09:25 [main] DEBUG l.i.u.tests.ApplicationFormsPageTest - Selected a value from the 'Section' dropdown: 'Skyrius 1'
2025-01-03 11:09:25 [main] DEBUG l.i.u.tests.ApplicationFormsPageTest - Selected 'Budget by Municipality' option.
2025-01-03 11:09:25 [main] DEBUG l.i.u.tests.ApplicationFormsPageTest - Selected 'Financed Without Queue' option.
2025-01-03 11:09:25 [main] DEBUG l.i.u.tests.ApplicationFormsPageTest - Clicked 'Add' button.
2025-01-03 11:09:25 [main] INFO  l.i.uztis.pages.ApplicationFormsPage - Located the dropdown button.
2025-01-03 11:09:25 [main] DEBUG l.i.uztis.pages.ApplicationFormsPage - Option text: 'VUI paraiškos vertinimo forma - I etapas', value to select: 'VUI paraiškos vertinimo forma - I etapas'
2025-01-03 11:09:25 [main] INFO  l.i.uztis.pages.ApplicationFormsPage - Successfully selected the value: 'VUI paraiškos vertinimo forma - I etapas'
2025-01-03 11:09:25 [main] DEBUG l.i.u.tests.ApplicationFormsPageTest - Selected a value from the 'EvaluationOne' dropdown: 'VUI paraiškos vertinimo forma - I etapas'
2025-01-03 11:09:25 [main] INFO  l.i.uztis.pages.ApplicationFormsPage - Located the dropdown button.
2025-01-03 11:09:25 [main] DEBUG l.i.uztis.pages.ApplicationFormsPage - Option text: '', value to select: 'VUI paraiškos vertinimo forma - II etapas'
2025-01-03 11:09:25 [main] INFO  l.i.uztis.pages.ApplicationFormsPage - Successfully selected the value: 'VUI paraiškos vertinimo forma - II etapas'
2025-01-03 11:09:25 [main] DEBUG l.i.u.tests.ApplicationFormsPageTest - Selected a value from the 'EvaluationTwon' dropdown: 'VUI paraiškos vertinimo forma - II etapas'
2025-01-03 11:09:25 [main] INFO  l.i.uztis.pages.ApplicationFormsPage - Located the dropdown button.
2025-01-03 11:09:26 [main] DEBUG l.i.uztis.pages.ApplicationFormsPage - Option text: '', value to select: 'VUI paraiškos vertinimo forma - III etapas'
2025-01-03 11:09:26 [main] INFO  l.i.uztis.pages.ApplicationFormsPage - Successfully selected the value: 'VUI paraiškos vertinimo forma - III etapas'
2025-01-03 11:09:26 [main] DEBUG l.i.u.tests.ApplicationFormsPageTest - Selected a value from the 'EvaluationThree' dropdown: 'VUI paraiškos vertinimo forma - III etapas'
2025-01-03 11:09:26 [main] DEBUG l.i.u.tests.ApplicationFormsPageTest - Clicked 'Plus' button.
2025-01-03 11:09:26 [main] DEBUG l.i.u.tests.ApplicationFormsPageTest - Clicked 'Add' button seven times.
2025-01-03 11:09:26 [main] INFO  l.i.uztis.pages.ApplicationFormsPage - Processing dropdown index: 0
2025-01-03 11:09:37 [main] ERROR l.i.uztis.pages.ApplicationFormsPage - Timeout while waiting for dropdown to close at index: 0 with aria-expanded = 'false'
2025-01-03 11:09:37 [main] ERROR l.i.u.tests.ApplicationFormsPageTest - Test 'testCreateNewVuiApplication' failed with error: no such window: target window already closed
from unknown error: web view not found
  (Session info: chrome=131.0.6778.205)
Build info: version: '4.27.0', revision: 'd6e718d134'
System info: os.name: 'Windows 11', os.arch: 'amd64', os.version: '10.0', java.version: '21.0.3'
Driver info: org.openqa.selenium.chrome.ChromeDriver
Command: [90a4f7528f49d868d687666ec29a9479, findElements {using=xpath, value=//mat-label[contains(text(), 'Nustatymas')]}]
Capabilities {acceptInsecureCerts: false, browserName: chrome, browserVersion: 131.0.6778.205, chrome: {chromedriverVersion: 131.0.6778.204 (52183f9e99a..., userDataDir: C:\Users\INGRID~1.ZAD\AppDa...}, fedcm:accounts: true, goog:chromeOptions: {debuggerAddress: localhost:59203}, networkConnectionEnabled: false, pageLoadStrategy: normal, platformName: windows, proxy: Proxy(), se:cdp: ws://localhost:59203/devtoo..., se:cdpVersion: 131.0.6778.205, setWindowRect: true, strictFileInteractability: false, timeouts: {implicit: 0, pageLoad: 300000, script: 30000}, unhandledPromptBehavior: dismiss and notify, webauthn:extension:credBlob: true, webauthn:extension:largeBlob: true, webauthn:extension:minPinLength: true, webauthn:extension:prf: true, webauthn:virtualAuthenticators: true}
Session ID: 90a4f7528f49d868d687666ec29a9479
org.openqa.selenium.NoSuchWindowException: no such window: target window already closed
from unknown error: web view not found
  (Session info: chrome=131.0.6778.205)
Build info: version: '4.27.0', revision: 'd6e718d134'
System info: os.name: 'Windows 11', os.arch: 'amd64', os.version: '10.0', java.version: '21.0.3'
Driver info: org.openqa.selenium.chrome.ChromeDriver
Command: [90a4f7528f49d868d687666ec29a9479, findElements {using=xpath, value=//mat-label[contains(text(), 'Nustatymas')]}]
Capabilities {acceptInsecureCerts: false, browserName: chrome, browserVersion: 131.0.6778.205, chrome: {chromedriverVersion: 131.0.6778.204 (52183f9e99a..., userDataDir: C:\Users\INGRID~1.ZAD\AppDa...}, fedcm:accounts: true, goog:chromeOptions: {debuggerAddress: localhost:59203}, networkConnectionEnabled: false, pageLoadStrategy: normal, platformName: windows, proxy: Proxy(), se:cdp: ws://localhost:59203/devtoo..., se:cdpVersion: 131.0.6778.205, setWindowRect: true, strictFileInteractability: false, timeouts: {implicit: 0, pageLoad: 300000, script: 30000}, unhandledPromptBehavior: dismiss and notify, webauthn:extension:credBlob: true, webauthn:extension:largeBlob: true, webauthn:extension:minPinLength: true, webauthn:extension:prf: true, webauthn:virtualAuthenticators: true}
Session ID: 90a4f7528f49d868d687666ec29a9479
	at java.base/jdk.internal.reflect.DirectConstructorHandleAccessor.newInstance(DirectConstructorHandleAccessor.java:62)
	at java.base/java.lang.reflect.Constructor.newInstanceWithCaller(Constructor.java:502)
	at java.base/java.lang.reflect.Constructor.newInstance(Constructor.java:486)
	at org.openqa.selenium.remote.ErrorCodec.decode(ErrorCodec.java:167)
	at org.openqa.selenium.remote.codec.w3c.W3CHttpResponseCodec.decode(W3CHttpResponseCodec.java:138)
	at org.openqa.selenium.remote.codec.w3c.W3CHttpResponseCodec.decode(W3CHttpResponseCodec.java:50)
	at org.openqa.selenium.remote.HttpCommandExecutor.execute(HttpCommandExecutor.java:190)
	at org.openqa.selenium.remote.service.DriverCommandExecutor.invokeExecute(DriverCommandExecutor.java:216)
	at org.openqa.selenium.remote.service.DriverCommandExecutor.execute(DriverCommandExecutor.java:174)
	at org.openqa.selenium.remote.RemoteWebDriver.execute(RemoteWebDriver.java:545)
	at org.openqa.selenium.remote.ElementLocation$ElementFinder$2.findElements(ElementLocation.java:182)
	at org.openqa.selenium.remote.ElementLocation.findElements(ElementLocation.java:103)
	at org.openqa.selenium.remote.RemoteWebDriver.findElements(RemoteWebDriver.java:381)
	at org.openqa.selenium.remote.RemoteWebDriver.findElements(RemoteWebDriver.java:375)
	at org.openqa.selenium.support.pagefactory.DefaultElementLocator.findElements(DefaultElementLocator.java:83)
	at org.openqa.selenium.support.pagefactory.internal.LocatingElementListHandler.invoke(LocatingElementListHandler.java:36)
	at jdk.proxy2/jdk.proxy2.$Proxy15.size(Unknown Source)
	at lt.insoft.uztis.pages.ApplicationFormsPage.selectValueAndEnterText(ApplicationFormsPage.java:504)
	at lt.insoft.uztis.tests.ApplicationFormsPageTest.testCreateNewVuiApplication(ApplicationFormsPageTest.java:129)
	at java.base/jdk.internal.reflect.DirectMethodHandleAccessor.invoke(DirectMethodHandleAccessor.java:103)
	at java.base/java.lang.reflect.Method.invoke(Method.java:580)
	at org.junit.platform.commons.util.ReflectionUtils.invokeMethod(ReflectionUtils.java:728)
	at org.junit.jupiter.engine.execution.MethodInvocation.proceed(MethodInvocation.java:60)
	at org.junit.jupiter.engine.execution.InvocationInterceptorChain$ValidatingInvocation.proceed(InvocationInterceptorChain.java:131)
	at org.junit.jupiter.engine.extension.TimeoutExtension.intercept(TimeoutExtension.java:156)
	at org.junit.jupiter.engine.extension.TimeoutExtension.interceptTestableMethod(TimeoutExtension.java:147)
	at org.junit.jupiter.engine.extension.TimeoutExtension.interceptTestMethod(TimeoutExtension.java:86)
	at org.junit.jupiter.engine.execution.InterceptingExecutableInvoker$ReflectiveInterceptorCall.lambda$ofVoidMethod$0(InterceptingExecutableInvoker.java:103)
	at org.junit.jupiter.engine.execution.InterceptingExecutableInvoker.lambda$invoke$0(InterceptingExecutableInvoker.java:93)
	at org.junit.jupiter.engine.execution.InvocationInterceptorChain$InterceptedInvocation.proceed(InvocationInterceptorChain.java:106)
	at org.junit.jupiter.engine.execution.InvocationInterceptorChain.proceed(InvocationInterceptorChain.java:64)
	at org.junit.jupiter.engine.execution.InvocationInterceptorChain.chainAndInvoke(InvocationInterceptorChain.java:45)
	at org.junit.jupiter.engine.execution.InvocationInterceptorChain.invoke(InvocationInterceptorChain.java:37)
	at org.junit.jupiter.engine.execution.InterceptingExecutableInvoker.invoke(InterceptingExecutableInvoker.java:92)
	at org.junit.jupiter.engine.execution.InterceptingExecutableInvoker.invoke(InterceptingExecutableInvoker.java:86)
	at org.junit.jupiter.engine.descriptor.TestMethodTestDescriptor.lambda$invokeTestMethod$7(TestMethodTestDescriptor.java:218)
	at org.junit.platform.engine.support.hierarchical.ThrowableCollector.execute(ThrowableCollector.java:73)
	at org.junit.jupiter.engine.descriptor.TestMethodTestDescriptor.invokeTestMethod(TestMethodTestDescriptor.java:214)
	at org.junit.jupiter.engine.descriptor.TestMethodTestDescriptor.execute(TestMethodTestDescriptor.java:139)
	at org.junit.jupiter.engine.descriptor.TestMethodTestDescriptor.execute(TestMethodTestDescriptor.java:69)
	at org.junit.platform.engine.support.hierarchical.NodeTestTask.lambda$executeRecursively$6(NodeTestTask.java:151)
	at org.junit.platform.engine.support.hierarchical.ThrowableCollector.execute(ThrowableCollector.java:73)
	at org.junit.platform.engine.support.hierarchical.NodeTestTask.lambda$executeRecursively$8(NodeTestTask.java:141)
	at org.junit.platform.engine.support.hierarchical.Node.around(Node.java:137)
	at org.junit.platform.engine.support.hierarchical.NodeTestTask.lambda$executeRecursively$9(NodeTestTask.java:139)
	at org.junit.platform.engine.support.hierarchical.ThrowableCollector.execute(ThrowableCollector.java:73)
	at org.junit.platform.engine.support.hierarchical.NodeTestTask.executeRecursively(NodeTestTask.java:138)
	at org.junit.platform.engine.support.hierarchical.NodeTestTask.execute(NodeTestTask.java:95)
	at java.base/java.util.ArrayList.forEach(ArrayList.java:1596)
	at org.junit.platform.engine.support.hierarchical.SameThreadHierarchicalTestExecutorService.invokeAll(SameThreadHierarchicalTestExecutorService.java:41)
	at org.junit.platform.engine.support.hierarchical.NodeTestTask.lambda$executeRecursively$6(NodeTestTask.java:155)
	at org.junit.platform.engine.support.hierarchical.ThrowableCollector.execute(ThrowableCollector.java:73)
	at org.junit.platform.engine.support.hierarchical.NodeTestTask.lambda$executeRecursively$8(NodeTestTask.java:141)
	at org.junit.platform.engine.support.hierarchical.Node.around(Node.java:137)
	at org.junit.platform.engine.support.hierarchical.NodeTestTask.lambda$executeRecursively$9(NodeTestTask.java:139)
	at org.junit.platform.engine.support.hierarchical.ThrowableCollector.execute(ThrowableCollector.java:73)
	at org.junit.platform.engine.support.hierarchical.NodeTestTask.executeRecursively(NodeTestTask.java:138)
	at org.junit.platform.engine.support.hierarchical.NodeTestTask.execute(NodeTestTask.java:95)
	at java.base/java.util.ArrayList.forEach(ArrayList.java:1596)
	at org.junit.platform.engine.support.hierarchical.SameThreadHierarchicalTestExecutorService.invokeAll(SameThreadHierarchicalTestExecutorService.java:41)
	at org.junit.platform.engine.support.hierarchical.NodeTestTask.lambda$executeRecursively$6(NodeTestTask.java:155)
	at org.junit.platform.engine.support.hierarchical.ThrowableCollector.execute(ThrowableCollector.java:73)
	at org.junit.platform.engine.support.hierarchical.NodeTestTask.lambda$executeRecursively$8(NodeTestTask.java:141)
	at org.junit.platform.engine.support.hierarchical.Node.around(Node.java:137)
	at org.junit.platform.engine.support.hierarchical.NodeTestTask.lambda$executeRecursively$9(NodeTestTask.java:139)
	at org.junit.platform.engine.support.hierarchical.ThrowableCollector.execute(ThrowableCollector.java:73)
	at org.junit.platform.engine.support.hierarchical.NodeTestTask.executeRecursively(NodeTestTask.java:138)
	at org.junit.platform.engine.support.hierarchical.NodeTestTask.execute(NodeTestTask.java:95)
	at org.junit.platform.engine.support.hierarchical.SameThreadHierarchicalTestExecutorService.submit(SameThreadHierarchicalTestExecutorService.java:35)
	at org.junit.platform.engine.support.hierarchical.HierarchicalTestExecutor.execute(HierarchicalTestExecutor.java:57)
	at org.junit.platform.engine.support.hierarchical.HierarchicalTestEngine.execute(HierarchicalTestEngine.java:54)
	at org.junit.platform.launcher.core.EngineExecutionOrchestrator.execute(EngineExecutionOrchestrator.java:198)
	at org.junit.platform.launcher.core.EngineExecutionOrchestrator.execute(EngineExecutionOrchestrator.java:169)
	at org.junit.platform.launcher.core.EngineExecutionOrchestrator.execute(EngineExecutionOrchestrator.java:93)
	at org.junit.platform.launcher.core.EngineExecutionOrchestrator.lambda$execute$0(EngineExecutionOrchestrator.java:58)
	at org.junit.platform.launcher.core.EngineExecutionOrchestrator.withInterceptedStreams(EngineExecutionOrchestrator.java:141)
	at org.junit.platform.launcher.core.EngineExecutionOrchestrator.execute(EngineExecutionOrchestrator.java:57)
	at org.junit.platform.launcher.core.DefaultLauncher.execute(DefaultLauncher.java:103)
	at org.junit.platform.launcher.core.DefaultLauncher.execute(DefaultLauncher.java:85)
	at org.junit.platform.launcher.core.DelegatingLauncher.execute(DelegatingLauncher.java:47)
	at org.junit.platform.launcher.core.SessionPerRequestLauncher.execute(SessionPerRequestLauncher.java:63)
	at com.intellij.junit5.JUnit5IdeaTestRunner.startRunnerWithArgs(JUnit5IdeaTestRunner.java:57)
	at com.intellij.rt.junit.IdeaTestRunner$Repeater$1.execute(IdeaTestRunner.java:38)
	at com.intellij.rt.execution.junit.TestsRepeater.repeat(TestsRepeater.java:11)
	at com.intellij.rt.junit.IdeaTestRunner$Repeater.startRunnerWithArgs(IdeaTestRunner.java:35)
	at com.intellij.rt.junit.JUnitStarter.prepareStreamsAndStart(JUnitStarter.java:232)
	at com.intellij.rt.junit.JUnitStarter.main(JUnitStarter.java:55)
2025-01-03 11:09:44 [main] INFO  lt.insoft.uztis.tests.UztisPageTest - Navigated to https://uztisdev.asseco.lt/home
2025-01-03 11:09:44 [main] INFO  l.i.u.tests.ApplicationFormsPageTest - Setup complete. ApplicationFormsPage initialized.
2025-01-03 11:09:44 [main] INFO  l.i.u.tests.ApplicationFormsPageTest - Starting test:'testCreateNewDvpApplication'
2025-01-03 11:09:44 [main] DEBUG l.i.u.tests.ApplicationFormsPageTest - Opened 'Application Processing' menu.
2025-01-03 11:09:44 [main] DEBUG l.i.u.tests.ApplicationFormsPageTest - Clicked on 'Application Forms' menu.
2025-01-03 11:09:44 [main] DEBUG l.i.u.tests.ApplicationFormsPageTest - Clicked to create a new application form.
2025-01-03 11:09:44 [main] DEBUG l.i.u.tests.ApplicationFormsPageTest - Entered random application code: TST-DVP-94
2025-01-03 11:09:45 [main] DEBUG l.i.u.tests.ApplicationFormsPageTest - Selected 'Municipality' radio button.
2025-01-03 11:09:45 [main] INFO  l.i.uztis.pages.ApplicationFormsPage - Located the dropdown button.
2025-01-03 11:09:45 [main] INFO  l.i.uztis.pages.ApplicationFormsPage - Successfully selected the value: 'Kauno departamentas'
2025-01-03 11:09:56 [main] ERROR l.i.uztis.pages.ApplicationFormsPage - Failed to close the dropdown with aria-expanded = 'false'.
2025-01-03 11:09:56 [main] DEBUG l.i.u.tests.ApplicationFormsPageTest - Selected a value from the 'Municipality' dropdown: 'Kauno departamentas'
2025-01-03 11:09:56 [main] DEBUG l.i.u.tests.ApplicationFormsPageTest - Selected 'Budget By Country' radio button.
2025-01-03 11:09:56 [main] DEBUG l.i.u.tests.ApplicationFormsPageTest - Selected 'Financed Without Queue' option.
2025-01-03 11:09:56 [main] INFO  l.i.uztis.pages.ApplicationFormsPage - Located the dropdown button.
2025-01-03 11:09:56 [main] DEBUG l.i.uztis.pages.ApplicationFormsPage - Option text: '', value to select: 'DVP paraiškos vertinimo forma - I etapas'
2025-01-03 11:09:56 [main] DEBUG l.i.uztis.pages.ApplicationFormsPage - Option text: 'PVK paraiškos vertinimo forma - I etapas', value to select: 'DVP paraiškos vertinimo forma - I etapas'
2025-01-03 11:09:56 [main] DEBUG l.i.uztis.pages.ApplicationFormsPage - Option text: 'DVP paraiškos vertinimo forma - I etapas', value to select: 'DVP paraiškos vertinimo forma - I etapas'
2025-01-03 11:09:56 [main] INFO  l.i.uztis.pages.ApplicationFormsPage - Successfully selected the value: 'DVP paraiškos vertinimo forma - I etapas'
2025-01-03 11:09:56 [main] DEBUG l.i.u.tests.ApplicationFormsPageTest - Selected a value from the 'EvaluationOne' dropdown: 'DVP paraiškos vertinimo forma - I etapas'
2025-01-03 11:09:56 [main] DEBUG l.i.u.tests.ApplicationFormsPageTest - Clicked 'Plus' button.
2025-01-03 11:10:07 [main] ERROR l.i.u.tests.ApplicationFormsPageTest - Test 'testCreateNewDvpApplication' failed with error: Error communicating with the remote browser. It may have died.
Build info: version: '4.27.0', revision: 'd6e718d134'
System info: os.name: 'Windows 11', os.arch: 'amd64', os.version: '10.0', java.version: '21.0.3'
Driver info: org.openqa.selenium.chrome.ChromeDriver
Command: [b29b9581e6a56b25da1068761e0bcea4, findElement [value, using]]
Capabilities {acceptInsecureCerts: false, browserName: chrome, browserVersion: 131.0.6778.205, chrome: {chromedriverVersion: 131.0.6778.204 (52183f9e99a..., userDataDir: C:\Users\INGRID~1.ZAD\AppDa...}, fedcm:accounts: true, goog:chromeOptions: {debuggerAddress: localhost:59239}, networkConnectionEnabled: false, pageLoadStrategy: normal, platformName: windows, proxy: Proxy(), se:cdp: ws://localhost:59239/devtoo..., se:cdpVersion: 131.0.6778.205, setWindowRect: true, strictFileInteractability: false, timeouts: {implicit: 0, pageLoad: 300000, script: 30000}, unhandledPromptBehavior: dismiss and notify, webauthn:extension:credBlob: true, webauthn:extension:largeBlob: true, webauthn:extension:minPinLength: true, webauthn:extension:prf: true, webauthn:virtualAuthenticators: true}
Session ID: b29b9581e6a56b25da1068761e0bcea4
org.openqa.selenium.remote.UnreachableBrowserException: Error communicating with the remote browser. It may have died.
Build info: version: '4.27.0', revision: 'd6e718d134'
System info: os.name: 'Windows 11', os.arch: 'amd64', os.version: '10.0', java.version: '21.0.3'
Driver info: org.openqa.selenium.chrome.ChromeDriver
Command: [b29b9581e6a56b25da1068761e0bcea4, findElement [value, using]]
Capabilities {acceptInsecureCerts: false, browserName: chrome, browserVersion: 131.0.6778.205, chrome: {chromedriverVersion: 131.0.6778.204 (52183f9e99a..., userDataDir: C:\Users\INGRID~1.ZAD\AppDa...}, fedcm:accounts: true, goog:chromeOptions: {debuggerAddress: localhost:59239}, networkConnectionEnabled: false, pageLoadStrategy: normal, platformName: windows, proxy: Proxy(), se:cdp: ws://localhost:59239/devtoo..., se:cdpVersion: 131.0.6778.205, setWindowRect: true, strictFileInteractability: false, timeouts: {implicit: 0, pageLoad: 300000, script: 30000}, unhandledPromptBehavior: dismiss and notify, webauthn:extension:credBlob: true, webauthn:extension:largeBlob: true, webauthn:extension:minPinLength: true, webauthn:extension:prf: true, webauthn:virtualAuthenticators: true}
Session ID: b29b9581e6a56b25da1068761e0bcea4
	at org.openqa.selenium.remote.RemoteWebDriver.execute(RemoteWebDriver.java:572)
	at org.openqa.selenium.remote.ElementLocation$ElementFinder$2.findElement(ElementLocation.java:165)
	at org.openqa.selenium.remote.ElementLocation.findElement(ElementLocation.java:59)
	at org.openqa.selenium.remote.RemoteWebDriver.findElement(RemoteWebDriver.java:368)
	at org.openqa.selenium.remote.RemoteWebDriver.findElement(RemoteWebDriver.java:362)
	at org.openqa.selenium.support.pagefactory.DefaultElementLocator.findElement(DefaultElementLocator.java:68)
	at org.openqa.selenium.support.pagefactory.internal.LocatingElementHandler.invoke(LocatingElementHandler.java:38)
	at jdk.proxy2/jdk.proxy2.$Proxy14.click(Unknown Source)
	at lt.insoft.uztis.pages.ApplicationFormsPage.clickButtonAddSevenTimes(ApplicationFormsPage.java:172)
	at lt.insoft.uztis.tests.ApplicationFormsPageTest.testCreateNewDvpApplication(ApplicationFormsPageTest.java:248)
	at java.base/jdk.internal.reflect.DirectMethodHandleAccessor.invoke(DirectMethodHandleAccessor.java:103)
	at java.base/java.lang.reflect.Method.invoke(Method.java:580)
	at org.junit.platform.commons.util.ReflectionUtils.invokeMethod(ReflectionUtils.java:728)
	at org.junit.jupiter.engine.execution.MethodInvocation.proceed(MethodInvocation.java:60)
	at org.junit.jupiter.engine.execution.InvocationInterceptorChain$ValidatingInvocation.proceed(InvocationInterceptorChain.java:131)
	at org.junit.jupiter.engine.extension.TimeoutExtension.intercept(TimeoutExtension.java:156)
	at org.junit.jupiter.engine.extension.TimeoutExtension.interceptTestableMethod(TimeoutExtension.java:147)
	at org.junit.jupiter.engine.extension.TimeoutExtension.interceptTestMethod(TimeoutExtension.java:86)
	at org.junit.jupiter.engine.execution.InterceptingExecutableInvoker$ReflectiveInterceptorCall.lambda$ofVoidMethod$0(InterceptingExecutableInvoker.java:103)
	at org.junit.jupiter.engine.execution.InterceptingExecutableInvoker.lambda$invoke$0(InterceptingExecutableInvoker.java:93)
	at org.junit.jupiter.engine.execution.InvocationInterceptorChain$InterceptedInvocation.proceed(InvocationInterceptorChain.java:106)
	at org.junit.jupiter.engine.execution.InvocationInterceptorChain.proceed(InvocationInterceptorChain.java:64)
	at org.junit.jupiter.engine.execution.InvocationInterceptorChain.chainAndInvoke(InvocationInterceptorChain.java:45)
	at org.junit.jupiter.engine.execution.InvocationInterceptorChain.invoke(InvocationInterceptorChain.java:37)
	at org.junit.jupiter.engine.execution.InterceptingExecutableInvoker.invoke(InterceptingExecutableInvoker.java:92)
	at org.junit.jupiter.engine.execution.InterceptingExecutableInvoker.invoke(InterceptingExecutableInvoker.java:86)
	at org.junit.jupiter.engine.descriptor.TestMethodTestDescriptor.lambda$invokeTestMethod$7(TestMethodTestDescriptor.java:218)
	at org.junit.platform.engine.support.hierarchical.ThrowableCollector.execute(ThrowableCollector.java:73)
	at org.junit.jupiter.engine.descriptor.TestMethodTestDescriptor.invokeTestMethod(TestMethodTestDescriptor.java:214)
	at org.junit.jupiter.engine.descriptor.TestMethodTestDescriptor.execute(TestMethodTestDescriptor.java:139)
	at org.junit.jupiter.engine.descriptor.TestMethodTestDescriptor.execute(TestMethodTestDescriptor.java:69)
	at org.junit.platform.engine.support.hierarchical.NodeTestTask.lambda$executeRecursively$6(NodeTestTask.java:151)
	at org.junit.platform.engine.support.hierarchical.ThrowableCollector.execute(ThrowableCollector.java:73)
	at org.junit.platform.engine.support.hierarchical.NodeTestTask.lambda$executeRecursively$8(NodeTestTask.java:141)
	at org.junit.platform.engine.support.hierarchical.Node.around(Node.java:137)
	at org.junit.platform.engine.support.hierarchical.NodeTestTask.lambda$executeRecursively$9(NodeTestTask.java:139)
	at org.junit.platform.engine.support.hierarchical.ThrowableCollector.execute(ThrowableCollector.java:73)
	at org.junit.platform.engine.support.hierarchical.NodeTestTask.executeRecursively(NodeTestTask.java:138)
	at org.junit.platform.engine.support.hierarchical.NodeTestTask.execute(NodeTestTask.java:95)
	at java.base/java.util.ArrayList.forEach(ArrayList.java:1596)
	at org.junit.platform.engine.support.hierarchical.SameThreadHierarchicalTestExecutorService.invokeAll(SameThreadHierarchicalTestExecutorService.java:41)
	at org.junit.platform.engine.support.hierarchical.NodeTestTask.lambda$executeRecursively$6(NodeTestTask.java:155)
	at org.junit.platform.engine.support.hierarchical.ThrowableCollector.execute(ThrowableCollector.java:73)
	at org.junit.platform.engine.support.hierarchical.NodeTestTask.lambda$executeRecursively$8(NodeTestTask.java:141)
	at org.junit.platform.engine.support.hierarchical.Node.around(Node.java:137)
	at org.junit.platform.engine.support.hierarchical.NodeTestTask.lambda$executeRecursively$9(NodeTestTask.java:139)
	at org.junit.platform.engine.support.hierarchical.ThrowableCollector.execute(ThrowableCollector.java:73)
	at org.junit.platform.engine.support.hierarchical.NodeTestTask.executeRecursively(NodeTestTask.java:138)
	at org.junit.platform.engine.support.hierarchical.NodeTestTask.execute(NodeTestTask.java:95)
	at java.base/java.util.ArrayList.forEach(ArrayList.java:1596)
	at org.junit.platform.engine.support.hierarchical.SameThreadHierarchicalTestExecutorService.invokeAll(SameThreadHierarchicalTestExecutorService.java:41)
	at org.junit.platform.engine.support.hierarchical.NodeTestTask.lambda$executeRecursively$6(NodeTestTask.java:155)
	at org.junit.platform.engine.support.hierarchical.ThrowableCollector.execute(ThrowableCollector.java:73)
	at org.junit.platform.engine.support.hierarchical.NodeTestTask.lambda$executeRecursively$8(NodeTestTask.java:141)
	at org.junit.platform.engine.support.hierarchical.Node.around(Node.java:137)
	at org.junit.platform.engine.support.hierarchical.NodeTestTask.lambda$executeRecursively$9(NodeTestTask.java:139)
	at org.junit.platform.engine.support.hierarchical.ThrowableCollector.execute(ThrowableCollector.java:73)
	at org.junit.platform.engine.support.hierarchical.NodeTestTask.executeRecursively(NodeTestTask.java:138)
	at org.junit.platform.engine.support.hierarchical.NodeTestTask.execute(NodeTestTask.java:95)
	at org.junit.platform.engine.support.hierarchical.SameThreadHierarchicalTestExecutorService.submit(SameThreadHierarchicalTestExecutorService.java:35)
	at org.junit.platform.engine.support.hierarchical.HierarchicalTestExecutor.execute(HierarchicalTestExecutor.java:57)
	at org.junit.platform.engine.support.hierarchical.HierarchicalTestEngine.execute(HierarchicalTestEngine.java:54)
	at org.junit.platform.launcher.core.EngineExecutionOrchestrator.execute(EngineExecutionOrchestrator.java:198)
	at org.junit.platform.launcher.core.EngineExecutionOrchestrator.execute(EngineExecutionOrchestrator.java:169)
	at org.junit.platform.launcher.core.EngineExecutionOrchestrator.execute(EngineExecutionOrchestrator.java:93)
	at org.junit.platform.launcher.core.EngineExecutionOrchestrator.lambda$execute$0(EngineExecutionOrchestrator.java:58)
	at org.junit.platform.launcher.core.EngineExecutionOrchestrator.withInterceptedStreams(EngineExecutionOrchestrator.java:141)
	at org.junit.platform.launcher.core.EngineExecutionOrchestrator.execute(EngineExecutionOrchestrator.java:57)
	at org.junit.platform.launcher.core.DefaultLauncher.execute(DefaultLauncher.java:103)
	at org.junit.platform.launcher.core.DefaultLauncher.execute(DefaultLauncher.java:85)
	at org.junit.platform.launcher.core.DelegatingLauncher.execute(DelegatingLauncher.java:47)
	at org.junit.platform.launcher.core.SessionPerRequestLauncher.execute(SessionPerRequestLauncher.java:63)
	at com.intellij.junit5.JUnit5IdeaTestRunner.startRunnerWithArgs(JUnit5IdeaTestRunner.java:57)
	at com.intellij.rt.junit.IdeaTestRunner$Repeater$1.execute(IdeaTestRunner.java:38)
	at com.intellij.rt.execution.junit.TestsRepeater.repeat(TestsRepeater.java:11)
	at com.intellij.rt.junit.IdeaTestRunner$Repeater.startRunnerWithArgs(IdeaTestRunner.java:35)
	at com.intellij.rt.junit.JUnitStarter.prepareStreamsAndStart(JUnitStarter.java:232)
	at com.intellij.rt.junit.JUnitStarter.main(JUnitStarter.java:55)
Caused by: java.io.UncheckedIOException: java.io.IOException: HTTP/1.1 header parser received no bytes
	at org.openqa.selenium.remote.http.jdk.JdkHttpClient.execute0(JdkHttpClient.java:496)
	at org.openqa.selenium.remote.http.AddSeleniumUserAgent.lambda$apply$0(AddSeleniumUserAgent.java:42)
	at org.openqa.selenium.remote.http.Filter.lambda$andFinally$1(Filter.java:55)
	at org.openqa.selenium.remote.http.jdk.JdkHttpClient.lambda$executeAsync$1(JdkHttpClient.java:383)
	at java.base/java.util.concurrent.Executors$RunnableAdapter.call(Executors.java:572)
	at java.base/java.util.concurrent.FutureTask.run(FutureTask.java:317)
	at java.base/java.util.concurrent.ThreadPoolExecutor.runWorker(ThreadPoolExecutor.java:1144)
	at java.base/java.util.concurrent.ThreadPoolExecutor$Worker.run(ThreadPoolExecutor.java:642)
	at java.base/java.lang.Thread.run(Thread.java:1583)
Caused by: java.io.IOException: HTTP/1.1 header parser received no bytes
	at java.net.http/jdk.internal.net.http.HttpClientImpl.send(HttpClientImpl.java:964)
	at java.net.http/jdk.internal.net.http.HttpClientFacade.send(HttpClientFacade.java:133)
	at org.openqa.selenium.remote.http.jdk.JdkHttpClient.execute0(JdkHttpClient.java:455)
	... 8 common frames omitted
Caused by: java.io.IOException: HTTP/1.1 header parser received no bytes
	at java.net.http/jdk.internal.net.http.common.Utils.wrapWithExtraDetail(Utils.java:388)
	at java.net.http/jdk.internal.net.http.Http1Response$HeadersReader.onReadError(Http1Response.java:590)
	at java.net.http/jdk.internal.net.http.Http1AsyncReceiver.checkForErrors(Http1AsyncReceiver.java:302)
	at java.net.http/jdk.internal.net.http.Http1AsyncReceiver.flush(Http1AsyncReceiver.java:268)
	at java.net.http/jdk.internal.net.http.common.SequentialScheduler$LockingRestartableTask.run(SequentialScheduler.java:182)
	at java.net.http/jdk.internal.net.http.common.SequentialScheduler$CompleteRestartableTask.run(SequentialScheduler.java:149)
	at java.net.http/jdk.internal.net.http.common.SequentialScheduler$SchedulableTask.run(SequentialScheduler.java:207)
	... 3 common frames omitted
Caused by: java.net.SocketException: Connection reset
	at java.base/sun.nio.ch.SocketChannelImpl.throwConnectionReset(SocketChannelImpl.java:401)
	at java.base/sun.nio.ch.SocketChannelImpl.read(SocketChannelImpl.java:434)
	at java.net.http/jdk.internal.net.http.SocketTube.readAvailable(SocketTube.java:1178)
	at java.net.http/jdk.internal.net.http.SocketTube$InternalReadPublisher$InternalReadSubscription.read(SocketTube.java:841)
	at java.net.http/jdk.internal.net.http.SocketTube$SocketFlowTask.run(SocketTube.java:181)
	at java.net.http/jdk.internal.net.http.common.SequentialScheduler$SchedulableTask.run(SequentialScheduler.java:207)
	at java.net.http/jdk.internal.net.http.common.SequentialScheduler.runOrSchedule(SequentialScheduler.java:280)
	at java.net.http/jdk.internal.net.http.common.SequentialScheduler.runOrSchedule(SequentialScheduler.java:233)
	at java.net.http/jdk.internal.net.http.SocketTube$InternalReadPublisher$InternalReadSubscription.signalReadable(SocketTube.java:782)
	at java.net.http/jdk.internal.net.http.SocketTube$InternalReadPublisher$ReadEvent.signalEvent(SocketTube.java:965)
	at java.net.http/jdk.internal.net.http.SocketTube$SocketFlowEvent.handle(SocketTube.java:253)
	at java.net.http/jdk.internal.net.http.HttpClientImpl$SelectorManager.handleEvent(HttpClientImpl.java:1467)
	at java.net.http/jdk.internal.net.http.HttpClientImpl$SelectorManager.lambda$run$3(HttpClientImpl.java:1412)
	at java.base/java.util.ArrayList.forEach(ArrayList.java:1596)
	at java.net.http/jdk.internal.net.http.HttpClientImpl$SelectorManager.run(HttpClientImpl.java:1412)
2025-01-03 11:11:20 [main] INFO  lt.insoft.uztis.tests.UztisPageTest - Navigated to https://uztisdev.asseco.lt/home
2025-01-03 11:11:20 [main] INFO  l.i.u.tests.ApplicationFormsPageTest - Setup complete. ApplicationFormsPage initialized.
2025-01-03 11:11:20 [main] INFO  l.i.u.tests.ApplicationFormsPageTest - Starting test:'testCreateNewDvpApplication'
2025-01-03 11:11:20 [main] DEBUG l.i.u.tests.ApplicationFormsPageTest - Opened 'Application Processing' menu.
2025-01-03 11:11:20 [main] DEBUG l.i.u.tests.ApplicationFormsPageTest - Clicked on 'Application Forms' menu.
2025-01-03 11:11:21 [main] DEBUG l.i.u.tests.ApplicationFormsPageTest - Clicked to create a new application form.
2025-01-03 11:11:21 [main] DEBUG l.i.u.tests.ApplicationFormsPageTest - Entered random application code: TST-DVP-76
2025-01-03 11:11:21 [main] DEBUG l.i.u.tests.ApplicationFormsPageTest - Selected 'Municipality' radio button.
2025-01-03 11:11:21 [main] INFO  l.i.uztis.pages.ApplicationFormsPage - Located the dropdown button.
2025-01-03 11:11:22 [main] INFO  l.i.uztis.pages.ApplicationFormsPage - Successfully selected the value: 'Kauno departamentas'
2025-01-03 11:11:32 [main] ERROR l.i.uztis.pages.ApplicationFormsPage - Failed to close the dropdown with aria-expanded = 'false'.
2025-01-03 11:11:32 [main] DEBUG l.i.u.tests.ApplicationFormsPageTest - Selected a value from the 'Municipality' dropdown: 'Kauno departamentas'
2025-01-03 11:11:32 [main] DEBUG l.i.u.tests.ApplicationFormsPageTest - Selected 'Budget By Country' radio button.
2025-01-03 11:11:32 [main] DEBUG l.i.u.tests.ApplicationFormsPageTest - Selected 'Financed Without Queue' option.
2025-01-03 11:11:32 [main] INFO  l.i.uztis.pages.ApplicationFormsPage - Located the dropdown button.
2025-01-03 11:11:33 [main] DEBUG l.i.uztis.pages.ApplicationFormsPage - Option text: '', value to select: 'DVP paraiškos vertinimo forma - I etapas'
2025-01-03 11:11:33 [main] DEBUG l.i.uztis.pages.ApplicationFormsPage - Option text: '', value to select: 'DVP paraiškos vertinimo forma - I etapas'
2025-01-03 11:11:33 [main] DEBUG l.i.uztis.pages.ApplicationFormsPage - Option text: 'DVP paraiškos vertinimo forma - I etapas', value to select: 'DVP paraiškos vertinimo forma - I etapas'
2025-01-03 11:11:33 [main] INFO  l.i.uztis.pages.ApplicationFormsPage - Successfully selected the value: 'DVP paraiškos vertinimo forma - I etapas'
2025-01-03 11:11:33 [main] DEBUG l.i.u.tests.ApplicationFormsPageTest - Selected a value from the 'EvaluationOne' dropdown: 'DVP paraiškos vertinimo forma - I etapas'
2025-01-03 11:11:33 [main] DEBUG l.i.u.tests.ApplicationFormsPageTest - Clicked 'Plus' button.
2025-01-03 11:11:33 [main] DEBUG l.i.u.tests.ApplicationFormsPageTest - Clicked 'Add' button seven times.
2025-01-03 11:11:33 [main] INFO  l.i.uztis.pages.ApplicationFormsPage - Processing dropdown index: 0
2025-01-03 11:11:44 [main] ERROR l.i.uztis.pages.ApplicationFormsPage - Timeout while waiting for dropdown to close at index: 0 with aria-expanded = 'false'
2025-01-03 11:11:44 [main] ERROR l.i.u.tests.ApplicationFormsPageTest - Test 'testCreateNewDvpApplication' failed with error: no such window: target window already closed
from unknown error: web view not found
  (Session info: chrome=131.0.6778.205)
Build info: version: '4.27.0', revision: 'd6e718d134'
System info: os.name: 'Windows 11', os.arch: 'amd64', os.version: '10.0', java.version: '21.0.3'
Driver info: org.openqa.selenium.chrome.ChromeDriver
Command: [5f7ea3353b09ca8a729c42efebaaff79, findElements {using=xpath, value=//mat-label[contains(text(), 'Nustatymas')]}]
Capabilities {acceptInsecureCerts: false, browserName: chrome, browserVersion: 131.0.6778.205, chrome: {chromedriverVersion: 131.0.6778.204 (52183f9e99a..., userDataDir: C:\Users\INGRID~1.ZAD\AppDa...}, fedcm:accounts: true, goog:chromeOptions: {debuggerAddress: localhost:59311}, networkConnectionEnabled: false, pageLoadStrategy: normal, platformName: windows, proxy: Proxy(), se:cdp: ws://localhost:59311/devtoo..., se:cdpVersion: 131.0.6778.205, setWindowRect: true, strictFileInteractability: false, timeouts: {implicit: 0, pageLoad: 300000, script: 30000}, unhandledPromptBehavior: dismiss and notify, webauthn:extension:credBlob: true, webauthn:extension:largeBlob: true, webauthn:extension:minPinLength: true, webauthn:extension:prf: true, webauthn:virtualAuthenticators: true}
Session ID: 5f7ea3353b09ca8a729c42efebaaff79
org.openqa.selenium.NoSuchWindowException: no such window: target window already closed
from unknown error: web view not found
  (Session info: chrome=131.0.6778.205)
Build info: version: '4.27.0', revision: 'd6e718d134'
System info: os.name: 'Windows 11', os.arch: 'amd64', os.version: '10.0', java.version: '21.0.3'
Driver info: org.openqa.selenium.chrome.ChromeDriver
Command: [5f7ea3353b09ca8a729c42efebaaff79, findElements {using=xpath, value=//mat-label[contains(text(), 'Nustatymas')]}]
Capabilities {acceptInsecureCerts: false, browserName: chrome, browserVersion: 131.0.6778.205, chrome: {chromedriverVersion: 131.0.6778.204 (52183f9e99a..., userDataDir: C:\Users\INGRID~1.ZAD\AppDa...}, fedcm:accounts: true, goog:chromeOptions: {debuggerAddress: localhost:59311}, networkConnectionEnabled: false, pageLoadStrategy: normal, platformName: windows, proxy: Proxy(), se:cdp: ws://localhost:59311/devtoo..., se:cdpVersion: 131.0.6778.205, setWindowRect: true, strictFileInteractability: false, timeouts: {implicit: 0, pageLoad: 300000, script: 30000}, unhandledPromptBehavior: dismiss and notify, webauthn:extension:credBlob: true, webauthn:extension:largeBlob: true, webauthn:extension:minPinLength: true, webauthn:extension:prf: true, webauthn:virtualAuthenticators: true}
Session ID: 5f7ea3353b09ca8a729c42efebaaff79
	at java.base/jdk.internal.reflect.DirectConstructorHandleAccessor.newInstance(DirectConstructorHandleAccessor.java:62)
	at java.base/java.lang.reflect.Constructor.newInstanceWithCaller(Constructor.java:502)
	at java.base/java.lang.reflect.Constructor.newInstance(Constructor.java:486)
	at org.openqa.selenium.remote.ErrorCodec.decode(ErrorCodec.java:167)
	at org.openqa.selenium.remote.codec.w3c.W3CHttpResponseCodec.decode(W3CHttpResponseCodec.java:138)
	at org.openqa.selenium.remote.codec.w3c.W3CHttpResponseCodec.decode(W3CHttpResponseCodec.java:50)
	at org.openqa.selenium.remote.HttpCommandExecutor.execute(HttpCommandExecutor.java:190)
	at org.openqa.selenium.remote.service.DriverCommandExecutor.invokeExecute(DriverCommandExecutor.java:216)
	at org.openqa.selenium.remote.service.DriverCommandExecutor.execute(DriverCommandExecutor.java:174)
	at org.openqa.selenium.remote.RemoteWebDriver.execute(RemoteWebDriver.java:545)
	at org.openqa.selenium.remote.ElementLocation$ElementFinder$2.findElements(ElementLocation.java:182)
	at org.openqa.selenium.remote.ElementLocation.findElements(ElementLocation.java:103)
	at org.openqa.selenium.remote.RemoteWebDriver.findElements(RemoteWebDriver.java:381)
	at org.openqa.selenium.remote.RemoteWebDriver.findElements(RemoteWebDriver.java:375)
	at org.openqa.selenium.support.pagefactory.DefaultElementLocator.findElements(DefaultElementLocator.java:83)
	at org.openqa.selenium.support.pagefactory.internal.LocatingElementListHandler.invoke(LocatingElementListHandler.java:36)
	at jdk.proxy2/jdk.proxy2.$Proxy15.size(Unknown Source)
	at lt.insoft.uztis.pages.ApplicationFormsPage.selectValueAndEnterText(ApplicationFormsPage.java:504)
	at lt.insoft.uztis.tests.ApplicationFormsPageTest.testCreateNewDvpApplication(ApplicationFormsPageTest.java:251)
	at java.base/jdk.internal.reflect.DirectMethodHandleAccessor.invoke(DirectMethodHandleAccessor.java:103)
	at java.base/java.lang.reflect.Method.invoke(Method.java:580)
	at org.junit.platform.commons.util.ReflectionUtils.invokeMethod(ReflectionUtils.java:728)
	at org.junit.jupiter.engine.execution.MethodInvocation.proceed(MethodInvocation.java:60)
	at org.junit.jupiter.engine.execution.InvocationInterceptorChain$ValidatingInvocation.proceed(InvocationInterceptorChain.java:131)
	at org.junit.jupiter.engine.extension.TimeoutExtension.intercept(TimeoutExtension.java:156)
	at org.junit.jupiter.engine.extension.TimeoutExtension.interceptTestableMethod(TimeoutExtension.java:147)
	at org.junit.jupiter.engine.extension.TimeoutExtension.interceptTestMethod(TimeoutExtension.java:86)
	at org.junit.jupiter.engine.execution.InterceptingExecutableInvoker$ReflectiveInterceptorCall.lambda$ofVoidMethod$0(InterceptingExecutableInvoker.java:103)
	at org.junit.jupiter.engine.execution.InterceptingExecutableInvoker.lambda$invoke$0(InterceptingExecutableInvoker.java:93)
	at org.junit.jupiter.engine.execution.InvocationInterceptorChain$InterceptedInvocation.proceed(InvocationInterceptorChain.java:106)
	at org.junit.jupiter.engine.execution.InvocationInterceptorChain.proceed(InvocationInterceptorChain.java:64)
	at org.junit.jupiter.engine.execution.InvocationInterceptorChain.chainAndInvoke(InvocationInterceptorChain.java:45)
	at org.junit.jupiter.engine.execution.InvocationInterceptorChain.invoke(InvocationInterceptorChain.java:37)
	at org.junit.jupiter.engine.execution.InterceptingExecutableInvoker.invoke(InterceptingExecutableInvoker.java:92)
	at org.junit.jupiter.engine.execution.InterceptingExecutableInvoker.invoke(InterceptingExecutableInvoker.java:86)
	at org.junit.jupiter.engine.descriptor.TestMethodTestDescriptor.lambda$invokeTestMethod$7(TestMethodTestDescriptor.java:218)
	at org.junit.platform.engine.support.hierarchical.ThrowableCollector.execute(ThrowableCollector.java:73)
	at org.junit.jupiter.engine.descriptor.TestMethodTestDescriptor.invokeTestMethod(TestMethodTestDescriptor.java:214)
	at org.junit.jupiter.engine.descriptor.TestMethodTestDescriptor.execute(TestMethodTestDescriptor.java:139)
	at org.junit.jupiter.engine.descriptor.TestMethodTestDescriptor.execute(TestMethodTestDescriptor.java:69)
	at org.junit.platform.engine.support.hierarchical.NodeTestTask.lambda$executeRecursively$6(NodeTestTask.java:151)
	at org.junit.platform.engine.support.hierarchical.ThrowableCollector.execute(ThrowableCollector.java:73)
	at org.junit.platform.engine.support.hierarchical.NodeTestTask.lambda$executeRecursively$8(NodeTestTask.java:141)
	at org.junit.platform.engine.support.hierarchical.Node.around(Node.java:137)
	at org.junit.platform.engine.support.hierarchical.NodeTestTask.lambda$executeRecursively$9(NodeTestTask.java:139)
	at org.junit.platform.engine.support.hierarchical.ThrowableCollector.execute(ThrowableCollector.java:73)
	at org.junit.platform.engine.support.hierarchical.NodeTestTask.executeRecursively(NodeTestTask.java:138)
	at org.junit.platform.engine.support.hierarchical.NodeTestTask.execute(NodeTestTask.java:95)
	at java.base/java.util.ArrayList.forEach(ArrayList.java:1596)
	at org.junit.platform.engine.support.hierarchical.SameThreadHierarchicalTestExecutorService.invokeAll(SameThreadHierarchicalTestExecutorService.java:41)
	at org.junit.platform.engine.support.hierarchical.NodeTestTask.lambda$executeRecursively$6(NodeTestTask.java:155)
	at org.junit.platform.engine.support.hierarchical.ThrowableCollector.execute(ThrowableCollector.java:73)
	at org.junit.platform.engine.support.hierarchical.NodeTestTask.lambda$executeRecursively$8(NodeTestTask.java:141)
	at org.junit.platform.engine.support.hierarchical.Node.around(Node.java:137)
	at org.junit.platform.engine.support.hierarchical.NodeTestTask.lambda$executeRecursively$9(NodeTestTask.java:139)
	at org.junit.platform.engine.support.hierarchical.ThrowableCollector.execute(ThrowableCollector.java:73)
	at org.junit.platform.engine.support.hierarchical.NodeTestTask.executeRecursively(NodeTestTask.java:138)
	at org.junit.platform.engine.support.hierarchical.NodeTestTask.execute(NodeTestTask.java:95)
	at java.base/java.util.ArrayList.forEach(ArrayList.java:1596)
	at org.junit.platform.engine.support.hierarchical.SameThreadHierarchicalTestExecutorService.invokeAll(SameThreadHierarchicalTestExecutorService.java:41)
	at org.junit.platform.engine.support.hierarchical.NodeTestTask.lambda$executeRecursively$6(NodeTestTask.java:155)
	at org.junit.platform.engine.support.hierarchical.ThrowableCollector.execute(ThrowableCollector.java:73)
	at org.junit.platform.engine.support.hierarchical.NodeTestTask.lambda$executeRecursively$8(NodeTestTask.java:141)
	at org.junit.platform.engine.support.hierarchical.Node.around(Node.java:137)
	at org.junit.platform.engine.support.hierarchical.NodeTestTask.lambda$executeRecursively$9(NodeTestTask.java:139)
	at org.junit.platform.engine.support.hierarchical.ThrowableCollector.execute(ThrowableCollector.java:73)
	at org.junit.platform.engine.support.hierarchical.NodeTestTask.executeRecursively(NodeTestTask.java:138)
	at org.junit.platform.engine.support.hierarchical.NodeTestTask.execute(NodeTestTask.java:95)
	at org.junit.platform.engine.support.hierarchical.SameThreadHierarchicalTestExecutorService.submit(SameThreadHierarchicalTestExecutorService.java:35)
	at org.junit.platform.engine.support.hierarchical.HierarchicalTestExecutor.execute(HierarchicalTestExecutor.java:57)
	at org.junit.platform.engine.support.hierarchical.HierarchicalTestEngine.execute(HierarchicalTestEngine.java:54)
	at org.junit.platform.launcher.core.EngineExecutionOrchestrator.execute(EngineExecutionOrchestrator.java:198)
	at org.junit.platform.launcher.core.EngineExecutionOrchestrator.execute(EngineExecutionOrchestrator.java:169)
	at org.junit.platform.launcher.core.EngineExecutionOrchestrator.execute(EngineExecutionOrchestrator.java:93)
	at org.junit.platform.launcher.core.EngineExecutionOrchestrator.lambda$execute$0(EngineExecutionOrchestrator.java:58)
	at org.junit.platform.launcher.core.EngineExecutionOrchestrator.withInterceptedStreams(EngineExecutionOrchestrator.java:141)
	at org.junit.platform.launcher.core.EngineExecutionOrchestrator.execute(EngineExecutionOrchestrator.java:57)
	at org.junit.platform.launcher.core.DefaultLauncher.execute(DefaultLauncher.java:103)
	at org.junit.platform.launcher.core.DefaultLauncher.execute(DefaultLauncher.java:85)
	at org.junit.platform.launcher.core.DelegatingLauncher.execute(DelegatingLauncher.java:47)
	at org.junit.platform.launcher.core.SessionPerRequestLauncher.execute(SessionPerRequestLauncher.java:63)
	at com.intellij.junit5.JUnit5IdeaTestRunner.startRunnerWithArgs(JUnit5IdeaTestRunner.java:57)
	at com.intellij.rt.junit.IdeaTestRunner$Repeater$1.execute(IdeaTestRunner.java:38)
	at com.intellij.rt.execution.junit.TestsRepeater.repeat(TestsRepeater.java:11)
	at com.intellij.rt.junit.IdeaTestRunner$Repeater.startRunnerWithArgs(IdeaTestRunner.java:35)
	at com.intellij.rt.junit.JUnitStarter.prepareStreamsAndStart(JUnitStarter.java:232)
	at com.intellij.rt.junit.JUnitStarter.main(JUnitStarter.java:55)
2025-01-03 11:11:54 [main] INFO  lt.insoft.uztis.tests.UztisPageTest - Navigated to https://uztisdev.asseco.lt/home
2025-01-03 11:11:54 [main] INFO  l.i.u.tests.ApplicationFormsPageTest - Setup complete. ApplicationFormsPage initialized.
2025-01-03 11:11:54 [main] INFO  l.i.u.tests.ApplicationFormsPageTest - Starting test:'testCreateNewVuiApplication'
2025-01-03 11:11:54 [main] DEBUG l.i.u.tests.ApplicationFormsPageTest - Opened 'Application Processing' menu.
2025-01-03 11:11:55 [main] DEBUG l.i.u.tests.ApplicationFormsPageTest - Clicked on 'Application Forms' menu.
2025-01-03 11:11:55 [main] DEBUG l.i.u.tests.ApplicationFormsPageTest - Clicked to create a new application form.
2025-01-03 11:11:55 [main] DEBUG l.i.u.tests.ApplicationFormsPageTest - Entered random application code: TST-VUI-17
2025-01-03 11:11:56 [main] DEBUG l.i.u.tests.ApplicationFormsPageTest - Selected 'Section' radio button.
2025-01-03 11:11:56 [main] INFO  l.i.uztis.pages.ApplicationFormsPage - Located the dropdown button.
2025-01-03 11:11:56 [main] INFO  l.i.uztis.pages.ApplicationFormsPage - Successfully selected the value: 'Skyrius 1'
2025-01-03 11:12:07 [main] ERROR l.i.uztis.pages.ApplicationFormsPage - Failed to close the dropdown with aria-expanded = 'false'.
2025-01-03 11:12:07 [main] DEBUG l.i.u.tests.ApplicationFormsPageTest - Selected a value from the 'Section' dropdown: 'Skyrius 1'
2025-01-03 11:12:07 [main] DEBUG l.i.u.tests.ApplicationFormsPageTest - Selected 'Budget by Municipality' option.
2025-01-03 11:12:07 [main] DEBUG l.i.u.tests.ApplicationFormsPageTest - Selected 'Financed Without Queue' option.
2025-01-03 11:12:07 [main] DEBUG l.i.u.tests.ApplicationFormsPageTest - Clicked 'Add' button.
2025-01-03 11:12:07 [main] INFO  l.i.uztis.pages.ApplicationFormsPage - Located the dropdown button.
2025-01-03 11:12:07 [main] DEBUG l.i.uztis.pages.ApplicationFormsPage - Option text: '', value to select: 'VUI paraiškos vertinimo forma - I etapas'
2025-01-03 11:12:07 [main] INFO  l.i.uztis.pages.ApplicationFormsPage - Successfully selected the value: 'VUI paraiškos vertinimo forma - I etapas'
2025-01-03 11:12:07 [main] DEBUG l.i.u.tests.ApplicationFormsPageTest - Selected a value from the 'EvaluationOne' dropdown: 'VUI paraiškos vertinimo forma - I etapas'
2025-01-03 11:12:07 [main] INFO  l.i.uztis.pages.ApplicationFormsPage - Located the dropdown button.
2025-01-03 11:12:07 [main] DEBUG l.i.uztis.pages.ApplicationFormsPage - Option text: '', value to select: 'VUI paraiškos vertinimo forma - II etapas'
2025-01-03 11:12:08 [main] INFO  l.i.uztis.pages.ApplicationFormsPage - Successfully selected the value: 'VUI paraiškos vertinimo forma - II etapas'
2025-01-03 11:12:08 [main] DEBUG l.i.u.tests.ApplicationFormsPageTest - Selected a value from the 'EvaluationTwon' dropdown: 'VUI paraiškos vertinimo forma - II etapas'
2025-01-03 11:12:08 [main] INFO  l.i.uztis.pages.ApplicationFormsPage - Located the dropdown button.
2025-01-03 11:12:08 [main] DEBUG l.i.uztis.pages.ApplicationFormsPage - Option text: '', value to select: 'VUI paraiškos vertinimo forma - III etapas'
2025-01-03 11:12:08 [main] INFO  l.i.uztis.pages.ApplicationFormsPage - Successfully selected the value: 'VUI paraiškos vertinimo forma - III etapas'
2025-01-03 11:12:08 [main] DEBUG l.i.u.tests.ApplicationFormsPageTest - Selected a value from the 'EvaluationThree' dropdown: 'VUI paraiškos vertinimo forma - III etapas'
2025-01-03 11:12:08 [main] DEBUG l.i.u.tests.ApplicationFormsPageTest - Clicked 'Plus' button.
2025-01-03 11:12:08 [main] DEBUG l.i.u.tests.ApplicationFormsPageTest - Clicked 'Add' button seven times.
2025-01-03 11:12:08 [main] INFO  l.i.uztis.pages.ApplicationFormsPage - Processing dropdown index: 0
2025-01-03 11:12:19 [main] ERROR l.i.uztis.pages.ApplicationFormsPage - Timeout while waiting for dropdown to close at index: 0 with aria-expanded = 'false'
2025-01-03 11:12:19 [main] ERROR l.i.u.tests.ApplicationFormsPageTest - Test 'testCreateNewVuiApplication' failed with error: no such window: target window already closed
from unknown error: web view not found
  (Session info: chrome=131.0.6778.205)
Build info: version: '4.27.0', revision: 'd6e718d134'
System info: os.name: 'Windows 11', os.arch: 'amd64', os.version: '10.0', java.version: '21.0.3'
Driver info: org.openqa.selenium.chrome.ChromeDriver
Command: [150510416a9fa8691d6dcf2a6413ee83, findElements {value=//mat-label[contains(text(), 'Nustatymas')], using=xpath}]
Capabilities {acceptInsecureCerts: false, browserName: chrome, browserVersion: 131.0.6778.205, chrome: {chromedriverVersion: 131.0.6778.204 (52183f9e99a..., userDataDir: C:\Users\INGRID~1.ZAD\AppDa...}, fedcm:accounts: true, goog:chromeOptions: {debuggerAddress: localhost:59347}, networkConnectionEnabled: false, pageLoadStrategy: normal, platformName: windows, proxy: Proxy(), se:cdp: ws://localhost:59347/devtoo..., se:cdpVersion: 131.0.6778.205, setWindowRect: true, strictFileInteractability: false, timeouts: {implicit: 0, pageLoad: 300000, script: 30000}, unhandledPromptBehavior: dismiss and notify, webauthn:extension:credBlob: true, webauthn:extension:largeBlob: true, webauthn:extension:minPinLength: true, webauthn:extension:prf: true, webauthn:virtualAuthenticators: true}
Session ID: 150510416a9fa8691d6dcf2a6413ee83
org.openqa.selenium.NoSuchWindowException: no such window: target window already closed
from unknown error: web view not found
  (Session info: chrome=131.0.6778.205)
Build info: version: '4.27.0', revision: 'd6e718d134'
System info: os.name: 'Windows 11', os.arch: 'amd64', os.version: '10.0', java.version: '21.0.3'
Driver info: org.openqa.selenium.chrome.ChromeDriver
Command: [150510416a9fa8691d6dcf2a6413ee83, findElements {value=//mat-label[contains(text(), 'Nustatymas')], using=xpath}]
Capabilities {acceptInsecureCerts: false, browserName: chrome, browserVersion: 131.0.6778.205, chrome: {chromedriverVersion: 131.0.6778.204 (52183f9e99a..., userDataDir: C:\Users\INGRID~1.ZAD\AppDa...}, fedcm:accounts: true, goog:chromeOptions: {debuggerAddress: localhost:59347}, networkConnectionEnabled: false, pageLoadStrategy: normal, platformName: windows, proxy: Proxy(), se:cdp: ws://localhost:59347/devtoo..., se:cdpVersion: 131.0.6778.205, setWindowRect: true, strictFileInteractability: false, timeouts: {implicit: 0, pageLoad: 300000, script: 30000}, unhandledPromptBehavior: dismiss and notify, webauthn:extension:credBlob: true, webauthn:extension:largeBlob: true, webauthn:extension:minPinLength: true, webauthn:extension:prf: true, webauthn:virtualAuthenticators: true}
Session ID: 150510416a9fa8691d6dcf2a6413ee83
	at java.base/jdk.internal.reflect.DirectConstructorHandleAccessor.newInstance(DirectConstructorHandleAccessor.java:62)
	at java.base/java.lang.reflect.Constructor.newInstanceWithCaller(Constructor.java:502)
	at java.base/java.lang.reflect.Constructor.newInstance(Constructor.java:486)
	at org.openqa.selenium.remote.ErrorCodec.decode(ErrorCodec.java:167)
	at org.openqa.selenium.remote.codec.w3c.W3CHttpResponseCodec.decode(W3CHttpResponseCodec.java:138)
	at org.openqa.selenium.remote.codec.w3c.W3CHttpResponseCodec.decode(W3CHttpResponseCodec.java:50)
	at org.openqa.selenium.remote.HttpCommandExecutor.execute(HttpCommandExecutor.java:190)
	at org.openqa.selenium.remote.service.DriverCommandExecutor.invokeExecute(DriverCommandExecutor.java:216)
	at org.openqa.selenium.remote.service.DriverCommandExecutor.execute(DriverCommandExecutor.java:174)
	at org.openqa.selenium.remote.RemoteWebDriver.execute(RemoteWebDriver.java:545)
	at org.openqa.selenium.remote.ElementLocation$ElementFinder$2.findElements(ElementLocation.java:182)
	at org.openqa.selenium.remote.ElementLocation.findElements(ElementLocation.java:103)
	at org.openqa.selenium.remote.RemoteWebDriver.findElements(RemoteWebDriver.java:381)
	at org.openqa.selenium.remote.RemoteWebDriver.findElements(RemoteWebDriver.java:375)
	at org.openqa.selenium.support.pagefactory.DefaultElementLocator.findElements(DefaultElementLocator.java:83)
	at org.openqa.selenium.support.pagefactory.internal.LocatingElementListHandler.invoke(LocatingElementListHandler.java:36)
	at jdk.proxy2/jdk.proxy2.$Proxy15.size(Unknown Source)
	at lt.insoft.uztis.pages.ApplicationFormsPage.selectValueAndEnterText(ApplicationFormsPage.java:504)
	at lt.insoft.uztis.tests.ApplicationFormsPageTest.testCreateNewVuiApplication(ApplicationFormsPageTest.java:129)
	at java.base/jdk.internal.reflect.DirectMethodHandleAccessor.invoke(DirectMethodHandleAccessor.java:103)
	at java.base/java.lang.reflect.Method.invoke(Method.java:580)
	at org.junit.platform.commons.util.ReflectionUtils.invokeMethod(ReflectionUtils.java:728)
	at org.junit.jupiter.engine.execution.MethodInvocation.proceed(MethodInvocation.java:60)
	at org.junit.jupiter.engine.execution.InvocationInterceptorChain$ValidatingInvocation.proceed(InvocationInterceptorChain.java:131)
	at org.junit.jupiter.engine.extension.TimeoutExtension.intercept(TimeoutExtension.java:156)
	at org.junit.jupiter.engine.extension.TimeoutExtension.interceptTestableMethod(TimeoutExtension.java:147)
	at org.junit.jupiter.engine.extension.TimeoutExtension.interceptTestMethod(TimeoutExtension.java:86)
	at org.junit.jupiter.engine.execution.InterceptingExecutableInvoker$ReflectiveInterceptorCall.lambda$ofVoidMethod$0(InterceptingExecutableInvoker.java:103)
	at org.junit.jupiter.engine.execution.InterceptingExecutableInvoker.lambda$invoke$0(InterceptingExecutableInvoker.java:93)
	at org.junit.jupiter.engine.execution.InvocationInterceptorChain$InterceptedInvocation.proceed(InvocationInterceptorChain.java:106)
	at org.junit.jupiter.engine.execution.InvocationInterceptorChain.proceed(InvocationInterceptorChain.java:64)
	at org.junit.jupiter.engine.execution.InvocationInterceptorChain.chainAndInvoke(InvocationInterceptorChain.java:45)
	at org.junit.jupiter.engine.execution.InvocationInterceptorChain.invoke(InvocationInterceptorChain.java:37)
	at org.junit.jupiter.engine.execution.InterceptingExecutableInvoker.invoke(InterceptingExecutableInvoker.java:92)
	at org.junit.jupiter.engine.execution.InterceptingExecutableInvoker.invoke(InterceptingExecutableInvoker.java:86)
	at org.junit.jupiter.engine.descriptor.TestMethodTestDescriptor.lambda$invokeTestMethod$7(TestMethodTestDescriptor.java:218)
	at org.junit.platform.engine.support.hierarchical.ThrowableCollector.execute(ThrowableCollector.java:73)
	at org.junit.jupiter.engine.descriptor.TestMethodTestDescriptor.invokeTestMethod(TestMethodTestDescriptor.java:214)
	at org.junit.jupiter.engine.descriptor.TestMethodTestDescriptor.execute(TestMethodTestDescriptor.java:139)
	at org.junit.jupiter.engine.descriptor.TestMethodTestDescriptor.execute(TestMethodTestDescriptor.java:69)
	at org.junit.platform.engine.support.hierarchical.NodeTestTask.lambda$executeRecursively$6(NodeTestTask.java:151)
	at org.junit.platform.engine.support.hierarchical.ThrowableCollector.execute(ThrowableCollector.java:73)
	at org.junit.platform.engine.support.hierarchical.NodeTestTask.lambda$executeRecursively$8(NodeTestTask.java:141)
	at org.junit.platform.engine.support.hierarchical.Node.around(Node.java:137)
	at org.junit.platform.engine.support.hierarchical.NodeTestTask.lambda$executeRecursively$9(NodeTestTask.java:139)
	at org.junit.platform.engine.support.hierarchical.ThrowableCollector.execute(ThrowableCollector.java:73)
	at org.junit.platform.engine.support.hierarchical.NodeTestTask.executeRecursively(NodeTestTask.java:138)
	at org.junit.platform.engine.support.hierarchical.NodeTestTask.execute(NodeTestTask.java:95)
	at java.base/java.util.ArrayList.forEach(ArrayList.java:1596)
	at org.junit.platform.engine.support.hierarchical.SameThreadHierarchicalTestExecutorService.invokeAll(SameThreadHierarchicalTestExecutorService.java:41)
	at org.junit.platform.engine.support.hierarchical.NodeTestTask.lambda$executeRecursively$6(NodeTestTask.java:155)
	at org.junit.platform.engine.support.hierarchical.ThrowableCollector.execute(ThrowableCollector.java:73)
	at org.junit.platform.engine.support.hierarchical.NodeTestTask.lambda$executeRecursively$8(NodeTestTask.java:141)
	at org.junit.platform.engine.support.hierarchical.Node.around(Node.java:137)
	at org.junit.platform.engine.support.hierarchical.NodeTestTask.lambda$executeRecursively$9(NodeTestTask.java:139)
	at org.junit.platform.engine.support.hierarchical.ThrowableCollector.execute(ThrowableCollector.java:73)
	at org.junit.platform.engine.support.hierarchical.NodeTestTask.executeRecursively(NodeTestTask.java:138)
	at org.junit.platform.engine.support.hierarchical.NodeTestTask.execute(NodeTestTask.java:95)
	at java.base/java.util.ArrayList.forEach(ArrayList.java:1596)
	at org.junit.platform.engine.support.hierarchical.SameThreadHierarchicalTestExecutorService.invokeAll(SameThreadHierarchicalTestExecutorService.java:41)
	at org.junit.platform.engine.support.hierarchical.NodeTestTask.lambda$executeRecursively$6(NodeTestTask.java:155)
	at org.junit.platform.engine.support.hierarchical.ThrowableCollector.execute(ThrowableCollector.java:73)
	at org.junit.platform.engine.support.hierarchical.NodeTestTask.lambda$executeRecursively$8(NodeTestTask.java:141)
	at org.junit.platform.engine.support.hierarchical.Node.around(Node.java:137)
	at org.junit.platform.engine.support.hierarchical.NodeTestTask.lambda$executeRecursively$9(NodeTestTask.java:139)
	at org.junit.platform.engine.support.hierarchical.ThrowableCollector.execute(ThrowableCollector.java:73)
	at org.junit.platform.engine.support.hierarchical.NodeTestTask.executeRecursively(NodeTestTask.java:138)
	at org.junit.platform.engine.support.hierarchical.NodeTestTask.execute(NodeTestTask.java:95)
	at org.junit.platform.engine.support.hierarchical.SameThreadHierarchicalTestExecutorService.submit(SameThreadHierarchicalTestExecutorService.java:35)
	at org.junit.platform.engine.support.hierarchical.HierarchicalTestExecutor.execute(HierarchicalTestExecutor.java:57)
	at org.junit.platform.engine.support.hierarchical.HierarchicalTestEngine.execute(HierarchicalTestEngine.java:54)
	at org.junit.platform.launcher.core.EngineExecutionOrchestrator.execute(EngineExecutionOrchestrator.java:198)
	at org.junit.platform.launcher.core.EngineExecutionOrchestrator.execute(EngineExecutionOrchestrator.java:169)
	at org.junit.platform.launcher.core.EngineExecutionOrchestrator.execute(EngineExecutionOrchestrator.java:93)
	at org.junit.platform.launcher.core.EngineExecutionOrchestrator.lambda$execute$0(EngineExecutionOrchestrator.java:58)
	at org.junit.platform.launcher.core.EngineExecutionOrchestrator.withInterceptedStreams(EngineExecutionOrchestrator.java:141)
	at org.junit.platform.launcher.core.EngineExecutionOrchestrator.execute(EngineExecutionOrchestrator.java:57)
	at org.junit.platform.launcher.core.DefaultLauncher.execute(DefaultLauncher.java:103)
	at org.junit.platform.launcher.core.DefaultLauncher.execute(DefaultLauncher.java:85)
	at org.junit.platform.launcher.core.DelegatingLauncher.execute(DelegatingLauncher.java:47)
	at org.junit.platform.launcher.core.SessionPerRequestLauncher.execute(SessionPerRequestLauncher.java:63)
	at com.intellij.junit5.JUnit5IdeaTestRunner.startRunnerWithArgs(JUnit5IdeaTestRunner.java:57)
	at com.intellij.rt.junit.IdeaTestRunner$Repeater$1.execute(IdeaTestRunner.java:38)
	at com.intellij.rt.execution.junit.TestsRepeater.repeat(TestsRepeater.java:11)
	at com.intellij.rt.junit.IdeaTestRunner$Repeater.startRunnerWithArgs(IdeaTestRunner.java:35)
	at com.intellij.rt.junit.JUnitStarter.prepareStreamsAndStart(JUnitStarter.java:232)
	at com.intellij.rt.junit.JUnitStarter.main(JUnitStarter.java:55)
2025-01-03 11:13:22 [main] INFO  lt.insoft.uztis.tests.UztisPageTest - Navigated to https://uztisdev.asseco.lt/home
2025-01-03 11:13:22 [main] INFO  l.i.u.tests.ApplicationFormsPageTest - Setup complete. ApplicationFormsPage initialized.
2025-01-03 11:13:22 [main] INFO  l.i.u.tests.ApplicationFormsPageTest - Starting test:'testCreateNewDvpApplication'
2025-01-03 11:13:22 [main] DEBUG l.i.u.tests.ApplicationFormsPageTest - Opened 'Application Processing' menu.
2025-01-03 11:13:22 [main] DEBUG l.i.u.tests.ApplicationFormsPageTest - Clicked on 'Application Forms' menu.
2025-01-03 11:13:23 [main] DEBUG l.i.u.tests.ApplicationFormsPageTest - Clicked to create a new application form.
2025-01-03 11:13:23 [main] DEBUG l.i.u.tests.ApplicationFormsPageTest - Entered random application code: TST-DVP-00
2025-01-03 11:13:23 [main] DEBUG l.i.u.tests.ApplicationFormsPageTest - Selected 'Municipality' radio button.
2025-01-03 11:13:23 [main] INFO  l.i.uztis.pages.ApplicationFormsPage - Located the dropdown button.
2025-01-03 11:13:24 [main] INFO  l.i.uztis.pages.ApplicationFormsPage - Successfully selected the value: 'Kauno departamentas'
2025-01-03 11:13:34 [main] ERROR l.i.uztis.pages.ApplicationFormsPage - Failed to close the dropdown with aria-expanded = 'false'.
2025-01-03 11:13:34 [main] DEBUG l.i.u.tests.ApplicationFormsPageTest - Selected a value from the 'Municipality' dropdown: 'Kauno departamentas'
2025-01-03 11:13:34 [main] DEBUG l.i.u.tests.ApplicationFormsPageTest - Selected 'Budget By Country' radio button.
2025-01-03 11:13:34 [main] DEBUG l.i.u.tests.ApplicationFormsPageTest - Selected 'Financed Without Queue' option.
2025-01-03 11:13:34 [main] INFO  l.i.uztis.pages.ApplicationFormsPage - Located the dropdown button.
2025-01-03 11:13:34 [main] DEBUG l.i.uztis.pages.ApplicationFormsPage - Option text: 'VUI paraiškos vertinimo forma - I etapas', value to select: 'DVP paraiškos vertinimo forma - I etapas'
2025-01-03 11:13:34 [main] DEBUG l.i.uztis.pages.ApplicationFormsPage - Option text: 'PVK paraiškos vertinimo forma - I etapas', value to select: 'DVP paraiškos vertinimo forma - I etapas'
2025-01-03 11:13:34 [main] DEBUG l.i.uztis.pages.ApplicationFormsPage - Option text: 'DVP paraiškos vertinimo forma - I etapas', value to select: 'DVP paraiškos vertinimo forma - I etapas'
2025-01-03 11:13:34 [main] INFO  l.i.uztis.pages.ApplicationFormsPage - Successfully selected the value: 'DVP paraiškos vertinimo forma - I etapas'
2025-01-03 11:13:34 [main] DEBUG l.i.u.tests.ApplicationFormsPageTest - Selected a value from the 'EvaluationOne' dropdown: 'DVP paraiškos vertinimo forma - I etapas'
2025-01-03 11:13:35 [main] DEBUG l.i.u.tests.ApplicationFormsPageTest - Clicked 'Plus' button.
2025-01-03 11:13:35 [main] DEBUG l.i.u.tests.ApplicationFormsPageTest - Clicked 'Add' button seven times.
2025-01-03 11:13:35 [main] INFO  l.i.uztis.pages.ApplicationFormsPage - Processing dropdown index: 0
2025-01-03 11:13:46 [main] ERROR l.i.uztis.pages.ApplicationFormsPage - Timeout while waiting for dropdown to close at index: 0 with aria-expanded = 'false'
2025-01-03 11:13:46 [main] INFO  l.i.uztis.pages.ApplicationFormsPage - Processing dropdown index: 1
2025-01-03 11:13:57 [main] ERROR l.i.uztis.pages.ApplicationFormsPage - Timeout while waiting for dropdown to close at index: 1 with aria-expanded = 'false'
2025-01-03 11:13:57 [main] INFO  l.i.uztis.pages.ApplicationFormsPage - Processing dropdown index: 2
2025-01-03 11:14:07 [main] ERROR l.i.uztis.pages.ApplicationFormsPage - Timeout while waiting for dropdown to close at index: 2 with aria-expanded = 'false'
2025-01-03 11:14:07 [main] INFO  l.i.uztis.pages.ApplicationFormsPage - Processing dropdown index: 3
2025-01-03 11:14:18 [main] ERROR l.i.uztis.pages.ApplicationFormsPage - Timeout while waiting for dropdown to close at index: 3 with aria-expanded = 'false'
2025-01-03 11:14:18 [main] INFO  l.i.uztis.pages.ApplicationFormsPage - Processing dropdown index: 4
2025-01-03 11:14:29 [main] ERROR l.i.uztis.pages.ApplicationFormsPage - Timeout while waiting for dropdown to close at index: 4 with aria-expanded = 'false'
2025-01-03 11:14:29 [main] INFO  l.i.uztis.pages.ApplicationFormsPage - Processing dropdown index: 5
2025-01-03 11:14:41 [main] ERROR l.i.uztis.pages.ApplicationFormsPage - Timeout while waiting for dropdown to close at index: 5 with aria-expanded = 'false'
2025-01-03 11:14:41 [main] INFO  l.i.uztis.pages.ApplicationFormsPage - Processing dropdown index: 6
2025-01-03 11:14:51 [main] ERROR l.i.uztis.pages.ApplicationFormsPage - Timeout while waiting for dropdown to close at index: 6 with aria-expanded = 'false'
2025-01-03 11:14:51 [main] INFO  l.i.uztis.pages.ApplicationFormsPage - Processing dropdown index: 7
2025-01-03 11:15:02 [main] ERROR l.i.uztis.pages.ApplicationFormsPage - Timeout while waiting for dropdown to close at index: 7 with aria-expanded = 'false'
2025-01-03 11:15:02 [main] INFO  l.i.uztis.pages.ApplicationFormsPage - Processing input field index: 0
2025-01-03 11:15:02 [main] INFO  l.i.uztis.pages.ApplicationFormsPage - Entered value '50' into field index: 0
2025-01-03 11:15:02 [main] INFO  l.i.uztis.pages.ApplicationFormsPage - Processing input field index: 1
2025-01-03 11:15:02 [main] INFO  l.i.uztis.pages.ApplicationFormsPage - Entered value '924' into field index: 1
2025-01-03 11:15:02 [main] INFO  l.i.uztis.pages.ApplicationFormsPage - Processing input field index: 2
2025-01-03 11:15:03 [main] INFO  l.i.uztis.pages.ApplicationFormsPage - Entered value '31' into field index: 2
2025-01-03 11:15:03 [main] INFO  l.i.uztis.pages.ApplicationFormsPage - Processing input field index: 3
2025-01-03 11:15:03 [main] INFO  l.i.uztis.pages.ApplicationFormsPage - Entered value '4.7' into field index: 3
2025-01-03 11:15:03 [main] INFO  l.i.uztis.pages.ApplicationFormsPage - Processing input field index: 4
2025-01-03 11:15:03 [main] INFO  l.i.uztis.pages.ApplicationFormsPage - Entered value '35' into field index: 4
2025-01-03 11:15:03 [main] INFO  l.i.uztis.pages.ApplicationFormsPage - Processing input field index: 5
2025-01-03 11:15:03 [main] INFO  l.i.uztis.pages.ApplicationFormsPage - Entered value '20' into field index: 5
2025-01-03 11:15:03 [main] INFO  l.i.uztis.pages.ApplicationFormsPage - Processing input field index: 6
2025-01-03 11:15:03 [main] INFO  l.i.uztis.pages.ApplicationFormsPage - Entered value '30' into field index: 6
2025-01-03 11:15:03 [main] INFO  l.i.uztis.pages.ApplicationFormsPage - Processing input field index: 7
2025-01-03 11:15:03 [main] INFO  l.i.uztis.pages.ApplicationFormsPage - Entered value '60' into field index: 7
2025-01-03 11:15:03 [main] DEBUG l.i.u.tests.ApplicationFormsPageTest - Entered additional values and text.
2025-01-03 11:15:03 [main] DEBUG l.i.u.tests.ApplicationFormsPageTest - Entered application name: DVP paraiška
2025-01-03 11:15:03 [main] DEBUG l.i.u.tests.ApplicationFormsPageTest - Clicked the 'Save' button.
2025-01-03 11:15:04 [main] INFO  l.i.u.tests.ApplicationFormsPageTest - Verified success message text: 'Duomenys sėkmingai išsaugoti.'
2025-01-03 11:15:04 [main] INFO  l.i.u.tests.ApplicationFormsPageTest - Verified that the 'Save Form' button is displayed.
2025-01-03 11:15:04 [main] INFO  l.i.u.tests.ApplicationFormsPageTest - Test 'testCreateNewDvpApplication' completed successfully.
2025-01-03 13:45:26 [main] INFO  lt.insoft.uztis.tests.UztisPageTest - Navigated to https://uztisdev.asseco.lt/home
2025-01-03 13:45:26 [main] INFO  l.i.u.tests.ApplicationFormsPageTest - Setup complete. ApplicationFormsPage initialized.
2025-01-03 13:45:26 [main] INFO  l.i.u.tests.ApplicationFormsPageTest - Starting test:'testCreateNewPvkApplication'
2025-01-03 13:45:26 [main] DEBUG l.i.u.tests.ApplicationFormsPageTest - Opened 'Application Processing' menu.
2025-01-03 13:45:26 [main] DEBUG l.i.u.tests.ApplicationFormsPageTest - Clicked on 'Application Forms' menu.
2025-01-03 13:45:27 [main] DEBUG l.i.u.tests.ApplicationFormsPageTest - Clicked to create a new application form.
2025-01-03 13:45:27 [main] DEBUG l.i.u.tests.ApplicationFormsPageTest - Entered random application code: TST-PVK-36
2025-01-03 13:45:27 [main] DEBUG l.i.u.tests.ApplicationFormsPageTest - Selected 'Municipality' radio button.
2025-01-03 13:45:27 [main] INFO  l.i.uztis.pages.ApplicationFormsPage - Located the dropdown button.
2025-01-03 13:45:27 [main] INFO  l.i.uztis.pages.ApplicationFormsPage - Successfully selected the value: 'Kauno departamentas'
2025-01-03 13:45:37 [main] ERROR l.i.uztis.pages.ApplicationFormsPage - Failed to close the dropdown with aria-expanded = 'false'.
2025-01-03 13:45:37 [main] DEBUG l.i.u.tests.ApplicationFormsPageTest - Selected a value from the 'Municipality' dropdown: 'Kauno departamentas'
2025-01-03 13:45:38 [main] DEBUG l.i.u.tests.ApplicationFormsPageTest - Selected 'Budget by Municipality' option.
2025-01-03 13:45:38 [main] DEBUG l.i.u.tests.ApplicationFormsPageTest - Selected 'Financed By Queue' radio button.
2025-01-03 13:45:38 [main] DEBUG l.i.u.tests.ApplicationFormsPageTest - Clicked 'Add' button.
2025-01-03 13:45:38 [main] INFO  l.i.uztis.pages.ApplicationFormsPage - Located the dropdown button.
2025-01-03 13:45:38 [main] DEBUG l.i.uztis.pages.ApplicationFormsPage - Option text: '', value to select: 'PVK paraiškos vertinimo forma - I etapas'
2025-01-03 13:45:38 [main] DEBUG l.i.uztis.pages.ApplicationFormsPage - Option text: 'PVK paraiškos vertinimo forma - I etapas', value to select: 'PVK paraiškos vertinimo forma - I etapas'
2025-01-03 13:45:38 [main] INFO  l.i.uztis.pages.ApplicationFormsPage - Successfully selected the value: 'PVK paraiškos vertinimo forma - I etapas'
2025-01-03 13:45:38 [main] DEBUG l.i.u.tests.ApplicationFormsPageTest - Selected a value from the 'EvaluationOne' dropdown: 'PVK paraiškos vertinimo forma - I etapas'
2025-01-03 13:45:38 [main] INFO  l.i.uztis.pages.ApplicationFormsPage - Located the dropdown button.
2025-01-03 13:45:38 [main] DEBUG l.i.uztis.pages.ApplicationFormsPage - Option text: '', value to select: 'PVK paraiškos vertinimo forma - II etapas'
2025-01-03 13:45:38 [main] DEBUG l.i.uztis.pages.ApplicationFormsPage - Option text: 'PVK paraiškos vertinimo forma - II etapas', value to select: 'PVK paraiškos vertinimo forma - II etapas'
2025-01-03 13:45:38 [main] INFO  l.i.uztis.pages.ApplicationFormsPage - Successfully selected the value: 'PVK paraiškos vertinimo forma - II etapas'
2025-01-03 13:45:38 [main] DEBUG l.i.u.tests.ApplicationFormsPageTest - Selected a value from the 'EvaluationTwon' dropdown: 'PVK paraiškos vertinimo forma - II etapas'
2025-01-03 13:45:38 [main] INFO  l.i.uztis.pages.ApplicationFormsPage - Located the dropdown button.
2025-01-03 13:45:38 [main] DEBUG l.i.uztis.pages.ApplicationFormsPage - Option text: '', value to select: 'PVK paraiškos vertinimo forma - III etapas'
2025-01-03 13:45:38 [main] DEBUG l.i.uztis.pages.ApplicationFormsPage - Option text: 'PVK paraiškos vertinimo forma - III etapas', value to select: 'PVK paraiškos vertinimo forma - III etapas'
2025-01-03 13:45:38 [main] INFO  l.i.uztis.pages.ApplicationFormsPage - Successfully selected the value: 'PVK paraiškos vertinimo forma - III etapas'
2025-01-03 13:45:38 [main] DEBUG l.i.u.tests.ApplicationFormsPageTest - Selected a value from the 'EvaluationThree' dropdown: 'PVK paraiškos vertinimo forma - III etapas'
2025-01-03 13:45:39 [main] DEBUG l.i.u.tests.ApplicationFormsPageTest - Clicked 'Plus' button.
2025-01-03 13:45:39 [main] DEBUG l.i.u.tests.ApplicationFormsPageTest - Clicked 'Add' button seven times.
2025-01-03 13:45:39 [main] INFO  l.i.uztis.pages.ApplicationFormsPage - Processing dropdown index: 0
2025-01-03 13:45:50 [main] ERROR l.i.uztis.pages.ApplicationFormsPage - Timeout while waiting for dropdown to close at index: 0 with aria-expanded = 'false'
2025-01-03 13:45:50 [main] INFO  l.i.uztis.pages.ApplicationFormsPage - Processing dropdown index: 1
2025-01-03 13:46:01 [main] ERROR l.i.uztis.pages.ApplicationFormsPage - Timeout while waiting for dropdown to close at index: 1 with aria-expanded = 'false'
2025-01-03 13:46:01 [main] INFO  l.i.uztis.pages.ApplicationFormsPage - Processing dropdown index: 2
2025-01-03 13:46:12 [main] ERROR l.i.uztis.pages.ApplicationFormsPage - Timeout while waiting for dropdown to close at index: 2 with aria-expanded = 'false'
2025-01-03 13:46:12 [main] INFO  l.i.uztis.pages.ApplicationFormsPage - Processing dropdown index: 3
2025-01-03 13:46:23 [main] ERROR l.i.uztis.pages.ApplicationFormsPage - Timeout while waiting for dropdown to close at index: 3 with aria-expanded = 'false'
2025-01-03 13:46:23 [main] INFO  l.i.uztis.pages.ApplicationFormsPage - Processing dropdown index: 4
2025-01-03 13:46:33 [main] ERROR l.i.uztis.pages.ApplicationFormsPage - Timeout while waiting for dropdown to close at index: 4 with aria-expanded = 'false'
2025-01-03 13:46:33 [main] INFO  l.i.uztis.pages.ApplicationFormsPage - Processing dropdown index: 5
2025-01-03 13:46:44 [main] ERROR l.i.uztis.pages.ApplicationFormsPage - Timeout while waiting for dropdown to close at index: 5 with aria-expanded = 'false'
2025-01-03 13:46:44 [main] INFO  l.i.uztis.pages.ApplicationFormsPage - Processing dropdown index: 6
2025-01-03 13:46:55 [main] ERROR l.i.uztis.pages.ApplicationFormsPage - Timeout while waiting for dropdown to close at index: 6 with aria-expanded = 'false'
2025-01-03 13:46:55 [main] INFO  l.i.uztis.pages.ApplicationFormsPage - Processing dropdown index: 7
2025-01-03 13:47:06 [main] ERROR l.i.uztis.pages.ApplicationFormsPage - Timeout while waiting for dropdown to close at index: 7 with aria-expanded = 'false'
2025-01-03 13:47:06 [main] INFO  l.i.uztis.pages.ApplicationFormsPage - Processing input field index: 0
2025-01-03 13:47:07 [main] INFO  l.i.uztis.pages.ApplicationFormsPage - Entered value '50' into field index: 0
2025-01-03 13:47:07 [main] INFO  l.i.uztis.pages.ApplicationFormsPage - Processing input field index: 1
2025-01-03 13:47:07 [main] INFO  l.i.uztis.pages.ApplicationFormsPage - Entered value '924' into field index: 1
2025-01-03 13:47:07 [main] INFO  l.i.uztis.pages.ApplicationFormsPage - Processing input field index: 2
2025-01-03 13:47:07 [main] INFO  l.i.uztis.pages.ApplicationFormsPage - Entered value '31' into field index: 2
2025-01-03 13:47:07 [main] INFO  l.i.uztis.pages.ApplicationFormsPage - Processing input field index: 3
2025-01-03 13:47:07 [main] INFO  l.i.uztis.pages.ApplicationFormsPage - Entered value '4.7' into field index: 3
2025-01-03 13:47:07 [main] INFO  l.i.uztis.pages.ApplicationFormsPage - Processing input field index: 4
2025-01-03 13:47:07 [main] INFO  l.i.uztis.pages.ApplicationFormsPage - Entered value '35' into field index: 4
2025-01-03 13:47:07 [main] INFO  l.i.uztis.pages.ApplicationFormsPage - Processing input field index: 5
2025-01-03 13:47:07 [main] INFO  l.i.uztis.pages.ApplicationFormsPage - Entered value '20' into field index: 5
2025-01-03 13:47:07 [main] INFO  l.i.uztis.pages.ApplicationFormsPage - Processing input field index: 6
2025-01-03 13:47:07 [main] INFO  l.i.uztis.pages.ApplicationFormsPage - Entered value '30' into field index: 6
2025-01-03 13:47:07 [main] INFO  l.i.uztis.pages.ApplicationFormsPage - Processing input field index: 7
2025-01-03 13:47:07 [main] INFO  l.i.uztis.pages.ApplicationFormsPage - Entered value '60' into field index: 7
2025-01-03 13:47:08 [main] DEBUG l.i.u.tests.ApplicationFormsPageTest - Entered additional values and text.
2025-01-03 13:47:08 [main] DEBUG l.i.u.tests.ApplicationFormsPageTest - Entered application name: PVK paraiška
2025-01-03 13:47:08 [main] DEBUG l.i.u.tests.ApplicationFormsPageTest - Clicked the 'Save' button.
2025-01-03 13:47:08 [main] INFO  l.i.u.tests.ApplicationFormsPageTest - Verified success message text: 'Duomenys sėkmingai išsaugoti.'
2025-01-03 13:47:08 [main] INFO  l.i.u.tests.ApplicationFormsPageTest - Verified that the 'Save Form' button is displayed.
2025-01-03 13:47:08 [main] INFO  l.i.u.tests.ApplicationFormsPageTest - Test 'testCreateNewPvkApplication' completed successfully.
2025-01-03 13:58:49 [main] INFO  lt.insoft.uztis.tests.UztisPageTest - Navigated to https://uztisdev.asseco.lt/home
2025-01-03 13:58:49 [main] INFO  l.i.uztis.tests.InvitationsPageTest - Starting test:'testCreateNewDvpInvitation'
2025-01-03 13:58:49 [main] DEBUG l.i.uztis.tests.InvitationsPageTest - Opened 'Application Processing' menu.
2025-01-03 13:58:49 [main] DEBUG l.i.uztis.tests.InvitationsPageTest - Clicked on 'Application Forms' menu.
2025-01-03 13:58:49 [main] DEBUG l.i.uztis.tests.InvitationsPageTest - Navigating to application forms menu.
2025-01-03 13:58:50 [main] DEBUG l.i.uztis.tests.InvitationsPageTest - Retrieved last description code text: 'TST-DVP-00'.
2025-01-03 13:58:50 [main] DEBUG l.i.uztis.tests.InvitationsPageTest - Clicked on 'Invitation' menu.
2025-01-03 13:58:50 [main] DEBUG l.i.uztis.tests.InvitationsPageTest - Clicked 'Create New Application Form'.
2025-01-03 13:58:50 [main] DEBUG l.i.uztis.tests.InvitationsPageTest - Selected section by code: 'TST-DVP-00'.
2025-01-03 13:58:51 [main] DEBUG l.i.uztis.tests.InvitationsPageTest - Selected invitation number from the list.
2025-01-03 13:58:51 [main] DEBUG l.i.uztis.tests.InvitationsPageTest - Entered current date.
2025-01-03 13:58:52 [main] DEBUG l.i.uztis.tests.InvitationsPageTest - Entered start time: 00:00.
2025-01-03 13:58:52 [main] DEBUG l.i.uztis.tests.InvitationsPageTest - Entered end date.
2025-01-03 13:58:52 [main] DEBUG l.i.uztis.tests.InvitationsPageTest - Entered end time: 11:11.
2025-01-03 13:58:52 [main] DEBUG l.i.uztis.tests.InvitationsPageTest - Entered publication end date.
2025-01-03 13:58:53 [main] DEBUG l.i.uztis.tests.InvitationsPageTest - Added additional values.
2025-01-03 13:58:53 [main] INFO  l.insoft.uztis.pages.InvitationsPage - Located the dropdown button.
2025-01-03 13:58:53 [main] INFO  l.insoft.uztis.pages.InvitationsPage - Successfully selected the value: 'Didžiausia galima paramos suma aplinkos darbo vietai, Eur'
2025-01-03 13:58:53 [main] DEBUG l.i.uztis.tests.InvitationsPageTest - Selected the value: 'Didžiausia galima paramos suma aplinkos darbo vietai, Eur'
2025-01-03 13:58:53 [main] INFO  l.insoft.uztis.pages.InvitationsPage - Located the dropdown button.
2025-01-03 13:58:53 [main] INFO  l.insoft.uztis.pages.InvitationsPage - Successfully selected the value: 'Didžiausia galima paramos suma, Eur'
2025-01-03 13:58:53 [main] DEBUG l.i.uztis.tests.InvitationsPageTest - Selected the value: 'Didžiausia galima paramos suma, Eur'
2025-01-03 13:58:53 [main] INFO  l.insoft.uztis.pages.InvitationsPage - Located the dropdown button.
2025-01-03 13:58:54 [main] INFO  l.insoft.uztis.pages.InvitationsPage - Successfully selected the value: 'Didžiausia galima paramos suma vienai darbo vietai, Eur'
2025-01-03 13:58:54 [main] DEBUG l.i.uztis.tests.InvitationsPageTest - Selected the value: 'Didžiausia galima paramos suma vienai darbo vietai, Eur'
2025-01-03 13:58:54 [main] DEBUG l.i.uztis.tests.InvitationsPageTest - Entered value: 11000
2025-01-03 13:58:55 [main] DEBUG l.i.uztis.tests.InvitationsPageTest - Entered value: 12000
2025-01-03 13:58:55 [main] DEBUG l.i.uztis.tests.InvitationsPageTest - Entered value: 13000
2025-01-03 13:58:55 [main] DEBUG l.i.uztis.tests.InvitationsPageTest - Checked 'Legal Entities' checkbox.
2025-01-03 13:58:55 [main] DEBUG l.i.uztis.tests.InvitationsPageTest - Unchecked 'Persons Registered with Employment Service' checkbox.
2025-01-03 13:58:55 [main] DEBUG l.i.uztis.tests.InvitationsPageTest - Checked 'Persons Registered as Employers' checkbox.
2025-01-03 13:59:05 [main] ERROR l.i.uztis.tests.InvitationsPageTest - Test 'testCreateNewDvpInvitation' failed with error: no such element: Unable to locate element: {"method":"xpath","selector":"(//common-decimal-input//input)[14]"}
  (Session info: chrome=131.0.6778.205)
For documentation on this error, please visit: https://www.selenium.dev/documentation/webdriver/troubleshooting/errors#no-such-element-exception
Build info: version: '4.27.0', revision: 'd6e718d134'
System info: os.name: 'Windows 11', os.arch: 'amd64', os.version: '10.0', java.version: '21.0.3'
Driver info: org.openqa.selenium.chrome.ChromeDriver
Command: [5de081367c1732a39071a245e804c807, findElement {using=xpath, value=(//common-decimal-input//input)[14]}]
Capabilities {acceptInsecureCerts: false, browserName: chrome, browserVersion: 131.0.6778.205, chrome: {chromedriverVersion: 131.0.6778.204 (52183f9e99a..., userDataDir: C:\Users\INGRID~1.ZAD\AppDa...}, fedcm:accounts: true, goog:chromeOptions: {debuggerAddress: localhost:63552}, networkConnectionEnabled: false, pageLoadStrategy: normal, platformName: windows, proxy: Proxy(), se:cdp: ws://localhost:63552/devtoo..., se:cdpVersion: 131.0.6778.205, setWindowRect: true, strictFileInteractability: false, timeouts: {implicit: 0, pageLoad: 300000, script: 30000}, unhandledPromptBehavior: dismiss and notify, webauthn:extension:credBlob: true, webauthn:extension:largeBlob: true, webauthn:extension:minPinLength: true, webauthn:extension:prf: true, webauthn:virtualAuthenticators: true}
Session ID: 5de081367c1732a39071a245e804c807
org.openqa.selenium.NoSuchElementException: no such element: Unable to locate element: {"method":"xpath","selector":"(//common-decimal-input//input)[14]"}
  (Session info: chrome=131.0.6778.205)
For documentation on this error, please visit: https://www.selenium.dev/documentation/webdriver/troubleshooting/errors#no-such-element-exception
Build info: version: '4.27.0', revision: 'd6e718d134'
System info: os.name: 'Windows 11', os.arch: 'amd64', os.version: '10.0', java.version: '21.0.3'
Driver info: org.openqa.selenium.chrome.ChromeDriver
Command: [5de081367c1732a39071a245e804c807, findElement {using=xpath, value=(//common-decimal-input//input)[14]}]
Capabilities {acceptInsecureCerts: false, browserName: chrome, browserVersion: 131.0.6778.205, chrome: {chromedriverVersion: 131.0.6778.204 (52183f9e99a..., userDataDir: C:\Users\INGRID~1.ZAD\AppDa...}, fedcm:accounts: true, goog:chromeOptions: {debuggerAddress: localhost:63552}, networkConnectionEnabled: false, pageLoadStrategy: normal, platformName: windows, proxy: Proxy(), se:cdp: ws://localhost:63552/devtoo..., se:cdpVersion: 131.0.6778.205, setWindowRect: true, strictFileInteractability: false, timeouts: {implicit: 0, pageLoad: 300000, script: 30000}, unhandledPromptBehavior: dismiss and notify, webauthn:extension:credBlob: true, webauthn:extension:largeBlob: true, webauthn:extension:minPinLength: true, webauthn:extension:prf: true, webauthn:virtualAuthenticators: true}
Session ID: 5de081367c1732a39071a245e804c807
	at java.base/jdk.internal.reflect.DirectConstructorHandleAccessor.newInstance(DirectConstructorHandleAccessor.java:62)
	at java.base/java.lang.reflect.Constructor.newInstanceWithCaller(Constructor.java:502)
	at java.base/java.lang.reflect.Constructor.newInstance(Constructor.java:486)
	at org.openqa.selenium.remote.ErrorCodec.decode(ErrorCodec.java:167)
	at org.openqa.selenium.remote.codec.w3c.W3CHttpResponseCodec.decode(W3CHttpResponseCodec.java:138)
	at org.openqa.selenium.remote.codec.w3c.W3CHttpResponseCodec.decode(W3CHttpResponseCodec.java:50)
	at org.openqa.selenium.remote.HttpCommandExecutor.execute(HttpCommandExecutor.java:190)
	at org.openqa.selenium.remote.service.DriverCommandExecutor.invokeExecute(DriverCommandExecutor.java:216)
	at org.openqa.selenium.remote.service.DriverCommandExecutor.execute(DriverCommandExecutor.java:174)
	at org.openqa.selenium.remote.RemoteWebDriver.execute(RemoteWebDriver.java:545)
	at org.openqa.selenium.remote.ElementLocation$ElementFinder$2.findElement(ElementLocation.java:165)
	at org.openqa.selenium.remote.ElementLocation.findElement(ElementLocation.java:59)
	at org.openqa.selenium.remote.RemoteWebDriver.findElement(RemoteWebDriver.java:368)
	at org.openqa.selenium.remote.RemoteWebDriver.findElement(RemoteWebDriver.java:362)
	at org.openqa.selenium.support.pagefactory.DefaultElementLocator.findElement(DefaultElementLocator.java:68)
	at org.openqa.selenium.support.pagefactory.internal.LocatingElementHandler.invoke(LocatingElementHandler.java:38)
	at jdk.proxy2/jdk.proxy2.$Proxy14.sendKeys(Unknown Source)
	at lt.insoft.uztis.pages.InvitationsPage.enterBudget(InvitationsPage.java:430)
	at lt.insoft.uztis.tests.InvitationsPageTest.testCreateNewDvpInvitation(InvitationsPageTest.java:504)
	at java.base/jdk.internal.reflect.DirectMethodHandleAccessor.invoke(DirectMethodHandleAccessor.java:103)
	at java.base/java.lang.reflect.Method.invoke(Method.java:580)
	at org.junit.platform.commons.util.ReflectionUtils.invokeMethod(ReflectionUtils.java:728)
	at org.junit.jupiter.engine.execution.MethodInvocation.proceed(MethodInvocation.java:60)
	at org.junit.jupiter.engine.execution.InvocationInterceptorChain$ValidatingInvocation.proceed(InvocationInterceptorChain.java:131)
	at org.junit.jupiter.engine.extension.TimeoutExtension.intercept(TimeoutExtension.java:156)
	at org.junit.jupiter.engine.extension.TimeoutExtension.interceptTestableMethod(TimeoutExtension.java:147)
	at org.junit.jupiter.engine.extension.TimeoutExtension.interceptTestMethod(TimeoutExtension.java:86)
	at org.junit.jupiter.engine.execution.InterceptingExecutableInvoker$ReflectiveInterceptorCall.lambda$ofVoidMethod$0(InterceptingExecutableInvoker.java:103)
	at org.junit.jupiter.engine.execution.InterceptingExecutableInvoker.lambda$invoke$0(InterceptingExecutableInvoker.java:93)
	at org.junit.jupiter.engine.execution.InvocationInterceptorChain$InterceptedInvocation.proceed(InvocationInterceptorChain.java:106)
	at org.junit.jupiter.engine.execution.InvocationInterceptorChain.proceed(InvocationInterceptorChain.java:64)
	at org.junit.jupiter.engine.execution.InvocationInterceptorChain.chainAndInvoke(InvocationInterceptorChain.java:45)
	at org.junit.jupiter.engine.execution.InvocationInterceptorChain.invoke(InvocationInterceptorChain.java:37)
	at org.junit.jupiter.engine.execution.InterceptingExecutableInvoker.invoke(InterceptingExecutableInvoker.java:92)
	at org.junit.jupiter.engine.execution.InterceptingExecutableInvoker.invoke(InterceptingExecutableInvoker.java:86)
	at org.junit.jupiter.engine.descriptor.TestMethodTestDescriptor.lambda$invokeTestMethod$7(TestMethodTestDescriptor.java:218)
	at org.junit.platform.engine.support.hierarchical.ThrowableCollector.execute(ThrowableCollector.java:73)
	at org.junit.jupiter.engine.descriptor.TestMethodTestDescriptor.invokeTestMethod(TestMethodTestDescriptor.java:214)
	at org.junit.jupiter.engine.descriptor.TestMethodTestDescriptor.execute(TestMethodTestDescriptor.java:139)
	at org.junit.jupiter.engine.descriptor.TestMethodTestDescriptor.execute(TestMethodTestDescriptor.java:69)
	at org.junit.platform.engine.support.hierarchical.NodeTestTask.lambda$executeRecursively$6(NodeTestTask.java:151)
	at org.junit.platform.engine.support.hierarchical.ThrowableCollector.execute(ThrowableCollector.java:73)
	at org.junit.platform.engine.support.hierarchical.NodeTestTask.lambda$executeRecursively$8(NodeTestTask.java:141)
	at org.junit.platform.engine.support.hierarchical.Node.around(Node.java:137)
	at org.junit.platform.engine.support.hierarchical.NodeTestTask.lambda$executeRecursively$9(NodeTestTask.java:139)
	at org.junit.platform.engine.support.hierarchical.ThrowableCollector.execute(ThrowableCollector.java:73)
	at org.junit.platform.engine.support.hierarchical.NodeTestTask.executeRecursively(NodeTestTask.java:138)
	at org.junit.platform.engine.support.hierarchical.NodeTestTask.execute(NodeTestTask.java:95)
	at java.base/java.util.ArrayList.forEach(ArrayList.java:1596)
	at org.junit.platform.engine.support.hierarchical.SameThreadHierarchicalTestExecutorService.invokeAll(SameThreadHierarchicalTestExecutorService.java:41)
	at org.junit.platform.engine.support.hierarchical.NodeTestTask.lambda$executeRecursively$6(NodeTestTask.java:155)
	at org.junit.platform.engine.support.hierarchical.ThrowableCollector.execute(ThrowableCollector.java:73)
	at org.junit.platform.engine.support.hierarchical.NodeTestTask.lambda$executeRecursively$8(NodeTestTask.java:141)
	at org.junit.platform.engine.support.hierarchical.Node.around(Node.java:137)
	at org.junit.platform.engine.support.hierarchical.NodeTestTask.lambda$executeRecursively$9(NodeTestTask.java:139)
	at org.junit.platform.engine.support.hierarchical.ThrowableCollector.execute(ThrowableCollector.java:73)
	at org.junit.platform.engine.support.hierarchical.NodeTestTask.executeRecursively(NodeTestTask.java:138)
	at org.junit.platform.engine.support.hierarchical.NodeTestTask.execute(NodeTestTask.java:95)
	at java.base/java.util.ArrayList.forEach(ArrayList.java:1596)
	at org.junit.platform.engine.support.hierarchical.SameThreadHierarchicalTestExecutorService.invokeAll(SameThreadHierarchicalTestExecutorService.java:41)
	at org.junit.platform.engine.support.hierarchical.NodeTestTask.lambda$executeRecursively$6(NodeTestTask.java:155)
	at org.junit.platform.engine.support.hierarchical.ThrowableCollector.execute(ThrowableCollector.java:73)
	at org.junit.platform.engine.support.hierarchical.NodeTestTask.lambda$executeRecursively$8(NodeTestTask.java:141)
	at org.junit.platform.engine.support.hierarchical.Node.around(Node.java:137)
	at org.junit.platform.engine.support.hierarchical.NodeTestTask.lambda$executeRecursively$9(NodeTestTask.java:139)
	at org.junit.platform.engine.support.hierarchical.ThrowableCollector.execute(ThrowableCollector.java:73)
	at org.junit.platform.engine.support.hierarchical.NodeTestTask.executeRecursively(NodeTestTask.java:138)
	at org.junit.platform.engine.support.hierarchical.NodeTestTask.execute(NodeTestTask.java:95)
	at org.junit.platform.engine.support.hierarchical.SameThreadHierarchicalTestExecutorService.submit(SameThreadHierarchicalTestExecutorService.java:35)
	at org.junit.platform.engine.support.hierarchical.HierarchicalTestExecutor.execute(HierarchicalTestExecutor.java:57)
	at org.junit.platform.engine.support.hierarchical.HierarchicalTestEngine.execute(HierarchicalTestEngine.java:54)
	at org.junit.platform.launcher.core.EngineExecutionOrchestrator.execute(EngineExecutionOrchestrator.java:198)
	at org.junit.platform.launcher.core.EngineExecutionOrchestrator.execute(EngineExecutionOrchestrator.java:169)
	at org.junit.platform.launcher.core.EngineExecutionOrchestrator.execute(EngineExecutionOrchestrator.java:93)
	at org.junit.platform.launcher.core.EngineExecutionOrchestrator.lambda$execute$0(EngineExecutionOrchestrator.java:58)
	at org.junit.platform.launcher.core.EngineExecutionOrchestrator.withInterceptedStreams(EngineExecutionOrchestrator.java:141)
	at org.junit.platform.launcher.core.EngineExecutionOrchestrator.execute(EngineExecutionOrchestrator.java:57)
	at org.junit.platform.launcher.core.DefaultLauncher.execute(DefaultLauncher.java:103)
	at org.junit.platform.launcher.core.DefaultLauncher.execute(DefaultLauncher.java:85)
	at org.junit.platform.launcher.core.DelegatingLauncher.execute(DelegatingLauncher.java:47)
	at org.junit.platform.launcher.core.SessionPerRequestLauncher.execute(SessionPerRequestLauncher.java:63)
	at com.intellij.junit5.JUnit5IdeaTestRunner.startRunnerWithArgs(JUnit5IdeaTestRunner.java:57)
	at com.intellij.rt.junit.IdeaTestRunner$Repeater$1.execute(IdeaTestRunner.java:38)
	at com.intellij.rt.execution.junit.TestsRepeater.repeat(TestsRepeater.java:11)
	at com.intellij.rt.junit.IdeaTestRunner$Repeater.startRunnerWithArgs(IdeaTestRunner.java:35)
	at com.intellij.rt.junit.JUnitStarter.prepareStreamsAndStart(JUnitStarter.java:232)
	at com.intellij.rt.junit.JUnitStarter.main(JUnitStarter.java:55)
2025-01-03 13:59:05 [main] INFO  l.insoft.uztis.tests.utils.TestUtils - Screenshot moved to C:\Users\ingrida.zadorozniene\Desktop\Asm\UZTIS\UZTIS_tests\test-output\screenshots\20250103\135905655_testCreateNewDvpInvitation().png
2025-01-03 14:06:10 [main] INFO  lt.insoft.uztis.tests.UztisPageTest - Navigated to https://uztisdev.asseco.lt/home
2025-01-03 14:06:10 [main] INFO  l.i.uztis.tests.InvitationsPageTest - Starting test:'testCreateNewDvpInvitation'
2025-01-03 14:06:10 [main] DEBUG l.i.uztis.tests.InvitationsPageTest - Opened 'Application Processing' menu.
2025-01-03 14:06:11 [main] DEBUG l.i.uztis.tests.InvitationsPageTest - Clicked on 'Application Forms' menu.
2025-01-03 14:06:11 [main] DEBUG l.i.uztis.tests.InvitationsPageTest - Navigating to application forms menu.
2025-01-03 14:06:11 [main] DEBUG l.i.uztis.tests.InvitationsPageTest - Retrieved last description code text: 'TST-DVP-00'.
2025-01-03 14:06:11 [main] DEBUG l.i.uztis.tests.InvitationsPageTest - Clicked on 'Invitation' menu.
2025-01-03 14:06:11 [main] DEBUG l.i.uztis.tests.InvitationsPageTest - Clicked 'Create New Application Form'.
2025-01-03 14:06:12 [main] DEBUG l.i.uztis.tests.InvitationsPageTest - Selected section by code: 'TST-DVP-00'.
2025-01-03 14:06:12 [main] DEBUG l.i.uztis.tests.InvitationsPageTest - Selected invitation number from the list.
2025-01-03 14:06:13 [main] DEBUG l.i.uztis.tests.InvitationsPageTest - Entered current date.
2025-01-03 14:06:13 [main] DEBUG l.i.uztis.tests.InvitationsPageTest - Entered start time: 00:00.
2025-01-03 14:06:13 [main] DEBUG l.i.uztis.tests.InvitationsPageTest - Entered end date.
2025-01-03 14:06:14 [main] DEBUG l.i.uztis.tests.InvitationsPageTest - Entered end time: 11:11.
2025-01-03 14:06:14 [main] DEBUG l.i.uztis.tests.InvitationsPageTest - Entered publication end date.
2025-01-03 14:06:14 [main] DEBUG l.i.uztis.tests.InvitationsPageTest - Added additional values.
2025-01-03 14:06:14 [main] INFO  l.insoft.uztis.pages.InvitationsPage - Located the dropdown button.
2025-01-03 14:06:14 [main] INFO  l.insoft.uztis.pages.InvitationsPage - Successfully selected the value: 'Didžiausia galima paramos suma aplinkos darbo vietai, Eur'
2025-01-03 14:06:14 [main] DEBUG l.i.uztis.tests.InvitationsPageTest - Selected the value: 'Didžiausia galima paramos suma aplinkos darbo vietai, Eur'
2025-01-03 14:06:14 [main] INFO  l.insoft.uztis.pages.InvitationsPage - Located the dropdown button.
2025-01-03 14:06:15 [main] INFO  l.insoft.uztis.pages.InvitationsPage - Successfully selected the value: 'Didžiausia galima paramos suma, Eur'
2025-01-03 14:06:15 [main] DEBUG l.i.uztis.tests.InvitationsPageTest - Selected the value: 'Didžiausia galima paramos suma, Eur'
2025-01-03 14:06:15 [main] INFO  l.insoft.uztis.pages.InvitationsPage - Located the dropdown button.
2025-01-03 14:06:15 [main] INFO  l.insoft.uztis.pages.InvitationsPage - Successfully selected the value: 'Didžiausia galima paramos suma vienai darbo vietai, Eur'
2025-01-03 14:06:15 [main] DEBUG l.i.uztis.tests.InvitationsPageTest - Selected the value: 'Didžiausia galima paramos suma vienai darbo vietai, Eur'
2025-01-03 14:06:15 [main] DEBUG l.i.uztis.tests.InvitationsPageTest - Entered value: 11000
2025-01-03 14:06:15 [main] DEBUG l.i.uztis.tests.InvitationsPageTest - Entered value: 12000
2025-01-03 14:06:16 [main] DEBUG l.i.uztis.tests.InvitationsPageTest - Entered value: 13000
2025-01-03 14:06:16 [main] DEBUG l.i.uztis.tests.InvitationsPageTest - Checked 'Legal Entities' checkbox.
2025-01-03 14:06:16 [main] DEBUG l.i.uztis.tests.InvitationsPageTest - Unchecked 'Persons Registered with Employment Service' checkbox.
2025-01-03 14:06:16 [main] DEBUG l.i.uztis.tests.InvitationsPageTest - Checked 'Persons Registered as Employers' checkbox.
2025-01-03 14:06:16 [main] DEBUG l.i.uztis.tests.InvitationsPageTest - Entered budget: '2000'.
2025-01-03 14:06:16 [main] DEBUG l.i.uztis.tests.InvitationsPageTest - Entered description text: 'Aprašo tekstas'.
2025-01-03 14:06:16 [main] DEBUG l.i.uztis.tests.InvitationsPageTest - Entered applicants text: 'Pareiškėjų tekstas'.
2025-01-03 14:06:16 [main] DEBUG l.i.uztis.tests.InvitationsPageTest - Entered expenditures text: 'Išlaidų tekstas'.
2025-01-03 14:06:17 [main] DEBUG l.i.uztis.tests.InvitationsPageTest - Entered legislation text: 'Teisės aktų tekstas'.
2025-01-03 14:06:17 [main] DEBUG l.i.uztis.tests.InvitationsPageTest - Entered education text: 'Mokymų tekstas'.
2025-01-03 14:06:17 [main] DEBUG l.i.uztis.tests.InvitationsPageTest - File uploaded.
2025-01-03 14:06:17 [main] DEBUG l.i.uztis.tests.InvitationsPageTest - Clicked 'Publish'.
2025-01-03 14:06:17 [main] DEBUG l.i.uztis.tests.InvitationsPageTest - Publication confirmed.
2025-01-03 14:06:17 [main] ERROR l.i.uztis.tests.InvitationsPageTest - Test 'testCreateNewDvpInvitation' failed with error: Unexpected success message. ==> expected: <Duomenys sėkmingai išsaugoti.> but was: <Nepavyko išsaugoti duomenų. Bandykite vėliau.>
org.opentest4j.AssertionFailedError: Unexpected success message. ==> expected: <Duomenys sėkmingai išsaugoti.> but was: <Nepavyko išsaugoti duomenų. Bandykite vėliau.>
	at org.junit.jupiter.api.AssertionFailureBuilder.build(AssertionFailureBuilder.java:151)
	at org.junit.jupiter.api.AssertionFailureBuilder.buildAndThrow(AssertionFailureBuilder.java:132)
	at org.junit.jupiter.api.AssertEquals.failNotEqual(AssertEquals.java:197)
	at org.junit.jupiter.api.AssertEquals.assertEquals(AssertEquals.java:182)
	at org.junit.jupiter.api.Assertions.assertEquals(Assertions.java:1152)
	at lt.insoft.uztis.tests.InvitationsPageTest.verifySuccessMessage(InvitationsPageTest.java:51)
	at lt.insoft.uztis.tests.InvitationsPageTest.testCreateNewDvpInvitation(InvitationsPageTest.java:536)
	at java.base/jdk.internal.reflect.DirectMethodHandleAccessor.invoke(DirectMethodHandleAccessor.java:103)
	at java.base/java.lang.reflect.Method.invoke(Method.java:580)
	at org.junit.platform.commons.util.ReflectionUtils.invokeMethod(ReflectionUtils.java:728)
	at org.junit.jupiter.engine.execution.MethodInvocation.proceed(MethodInvocation.java:60)
	at org.junit.jupiter.engine.execution.InvocationInterceptorChain$ValidatingInvocation.proceed(InvocationInterceptorChain.java:131)
	at org.junit.jupiter.engine.extension.TimeoutExtension.intercept(TimeoutExtension.java:156)
	at org.junit.jupiter.engine.extension.TimeoutExtension.interceptTestableMethod(TimeoutExtension.java:147)
	at org.junit.jupiter.engine.extension.TimeoutExtension.interceptTestMethod(TimeoutExtension.java:86)
	at org.junit.jupiter.engine.execution.InterceptingExecutableInvoker$ReflectiveInterceptorCall.lambda$ofVoidMethod$0(InterceptingExecutableInvoker.java:103)
	at org.junit.jupiter.engine.execution.InterceptingExecutableInvoker.lambda$invoke$0(InterceptingExecutableInvoker.java:93)
	at org.junit.jupiter.engine.execution.InvocationInterceptorChain$InterceptedInvocation.proceed(InvocationInterceptorChain.java:106)
	at org.junit.jupiter.engine.execution.InvocationInterceptorChain.proceed(InvocationInterceptorChain.java:64)
	at org.junit.jupiter.engine.execution.InvocationInterceptorChain.chainAndInvoke(InvocationInterceptorChain.java:45)
	at org.junit.jupiter.engine.execution.InvocationInterceptorChain.invoke(InvocationInterceptorChain.java:37)
	at org.junit.jupiter.engine.execution.InterceptingExecutableInvoker.invoke(InterceptingExecutableInvoker.java:92)
	at org.junit.jupiter.engine.execution.InterceptingExecutableInvoker.invoke(InterceptingExecutableInvoker.java:86)
	at org.junit.jupiter.engine.descriptor.TestMethodTestDescriptor.lambda$invokeTestMethod$7(TestMethodTestDescriptor.java:218)
	at org.junit.platform.engine.support.hierarchical.ThrowableCollector.execute(ThrowableCollector.java:73)
	at org.junit.jupiter.engine.descriptor.TestMethodTestDescriptor.invokeTestMethod(TestMethodTestDescriptor.java:214)
	at org.junit.jupiter.engine.descriptor.TestMethodTestDescriptor.execute(TestMethodTestDescriptor.java:139)
	at org.junit.jupiter.engine.descriptor.TestMethodTestDescriptor.execute(TestMethodTestDescriptor.java:69)
	at org.junit.platform.engine.support.hierarchical.NodeTestTask.lambda$executeRecursively$6(NodeTestTask.java:151)
	at org.junit.platform.engine.support.hierarchical.ThrowableCollector.execute(ThrowableCollector.java:73)
	at org.junit.platform.engine.support.hierarchical.NodeTestTask.lambda$executeRecursively$8(NodeTestTask.java:141)
	at org.junit.platform.engine.support.hierarchical.Node.around(Node.java:137)
	at org.junit.platform.engine.support.hierarchical.NodeTestTask.lambda$executeRecursively$9(NodeTestTask.java:139)
	at org.junit.platform.engine.support.hierarchical.ThrowableCollector.execute(ThrowableCollector.java:73)
	at org.junit.platform.engine.support.hierarchical.NodeTestTask.executeRecursively(NodeTestTask.java:138)
	at org.junit.platform.engine.support.hierarchical.NodeTestTask.execute(NodeTestTask.java:95)
	at java.base/java.util.ArrayList.forEach(ArrayList.java:1596)
	at org.junit.platform.engine.support.hierarchical.SameThreadHierarchicalTestExecutorService.invokeAll(SameThreadHierarchicalTestExecutorService.java:41)
	at org.junit.platform.engine.support.hierarchical.NodeTestTask.lambda$executeRecursively$6(NodeTestTask.java:155)
	at org.junit.platform.engine.support.hierarchical.ThrowableCollector.execute(ThrowableCollector.java:73)
	at org.junit.platform.engine.support.hierarchical.NodeTestTask.lambda$executeRecursively$8(NodeTestTask.java:141)
	at org.junit.platform.engine.support.hierarchical.Node.around(Node.java:137)
	at org.junit.platform.engine.support.hierarchical.NodeTestTask.lambda$executeRecursively$9(NodeTestTask.java:139)
	at org.junit.platform.engine.support.hierarchical.ThrowableCollector.execute(ThrowableCollector.java:73)
	at org.junit.platform.engine.support.hierarchical.NodeTestTask.executeRecursively(NodeTestTask.java:138)
	at org.junit.platform.engine.support.hierarchical.NodeTestTask.execute(NodeTestTask.java:95)
	at java.base/java.util.ArrayList.forEach(ArrayList.java:1596)
	at org.junit.platform.engine.support.hierarchical.SameThreadHierarchicalTestExecutorService.invokeAll(SameThreadHierarchicalTestExecutorService.java:41)
	at org.junit.platform.engine.support.hierarchical.NodeTestTask.lambda$executeRecursively$6(NodeTestTask.java:155)
	at org.junit.platform.engine.support.hierarchical.ThrowableCollector.execute(ThrowableCollector.java:73)
	at org.junit.platform.engine.support.hierarchical.NodeTestTask.lambda$executeRecursively$8(NodeTestTask.java:141)
	at org.junit.platform.engine.support.hierarchical.Node.around(Node.java:137)
	at org.junit.platform.engine.support.hierarchical.NodeTestTask.lambda$executeRecursively$9(NodeTestTask.java:139)
	at org.junit.platform.engine.support.hierarchical.ThrowableCollector.execute(ThrowableCollector.java:73)
	at org.junit.platform.engine.support.hierarchical.NodeTestTask.executeRecursively(NodeTestTask.java:138)
	at org.junit.platform.engine.support.hierarchical.NodeTestTask.execute(NodeTestTask.java:95)
	at org.junit.platform.engine.support.hierarchical.SameThreadHierarchicalTestExecutorService.submit(SameThreadHierarchicalTestExecutorService.java:35)
	at org.junit.platform.engine.support.hierarchical.HierarchicalTestExecutor.execute(HierarchicalTestExecutor.java:57)
	at org.junit.platform.engine.support.hierarchical.HierarchicalTestEngine.execute(HierarchicalTestEngine.java:54)
	at org.junit.platform.launcher.core.EngineExecutionOrchestrator.execute(EngineExecutionOrchestrator.java:198)
	at org.junit.platform.launcher.core.EngineExecutionOrchestrator.execute(EngineExecutionOrchestrator.java:169)
	at org.junit.platform.launcher.core.EngineExecutionOrchestrator.execute(EngineExecutionOrchestrator.java:93)
	at org.junit.platform.launcher.core.EngineExecutionOrchestrator.lambda$execute$0(EngineExecutionOrchestrator.java:58)
	at org.junit.platform.launcher.core.EngineExecutionOrchestrator.withInterceptedStreams(EngineExecutionOrchestrator.java:141)
	at org.junit.platform.launcher.core.EngineExecutionOrchestrator.execute(EngineExecutionOrchestrator.java:57)
	at org.junit.platform.launcher.core.DefaultLauncher.execute(DefaultLauncher.java:103)
	at org.junit.platform.launcher.core.DefaultLauncher.execute(DefaultLauncher.java:85)
	at org.junit.platform.launcher.core.DelegatingLauncher.execute(DelegatingLauncher.java:47)
	at org.junit.platform.launcher.core.SessionPerRequestLauncher.execute(SessionPerRequestLauncher.java:63)
	at com.intellij.junit5.JUnit5IdeaTestRunner.startRunnerWithArgs(JUnit5IdeaTestRunner.java:57)
	at com.intellij.rt.junit.IdeaTestRunner$Repeater$1.execute(IdeaTestRunner.java:38)
	at com.intellij.rt.execution.junit.TestsRepeater.repeat(TestsRepeater.java:11)
	at com.intellij.rt.junit.IdeaTestRunner$Repeater.startRunnerWithArgs(IdeaTestRunner.java:35)
	at com.intellij.rt.junit.JUnitStarter.prepareStreamsAndStart(JUnitStarter.java:232)
	at com.intellij.rt.junit.JUnitStarter.main(JUnitStarter.java:55)
2025-01-03 14:06:17 [main] INFO  l.insoft.uztis.tests.utils.TestUtils - Screenshot moved to C:\Users\ingrida.zadorozniene\Desktop\Asm\UZTIS\UZTIS_tests\test-output\screenshots\20250103\140617940_testCreateNewDvpInvitation().png
2025-01-03 14:08:06 [main] INFO  lt.insoft.uztis.tests.UztisPageTest - Navigated to https://uztisdev.asseco.lt/home
2025-01-03 14:08:06 [main] INFO  l.i.uztis.tests.InvitationsPageTest - Starting test:'testCreateNewDvpInvitation'
2025-01-03 14:08:06 [main] DEBUG l.i.uztis.tests.InvitationsPageTest - Opened 'Application Processing' menu.
2025-01-03 14:08:06 [main] DEBUG l.i.uztis.tests.InvitationsPageTest - Clicked on 'Application Forms' menu.
2025-01-03 14:08:06 [main] DEBUG l.i.uztis.tests.InvitationsPageTest - Navigating to application forms menu.
2025-01-03 14:08:06 [main] DEBUG l.i.uztis.tests.InvitationsPageTest - Retrieved last description code text: 'TST-DVP-00'.
2025-01-03 14:08:06 [main] DEBUG l.i.uztis.tests.InvitationsPageTest - Clicked on 'Invitation' menu.
2025-01-03 14:08:06 [main] DEBUG l.i.uztis.tests.InvitationsPageTest - Clicked 'Create New Application Form'.
2025-01-03 14:08:07 [main] DEBUG l.i.uztis.tests.InvitationsPageTest - Selected section by code: 'TST-DVP-00'.
2025-01-03 14:08:08 [main] DEBUG l.i.uztis.tests.InvitationsPageTest - Selected invitation number from the list.
2025-01-03 14:08:08 [main] DEBUG l.i.uztis.tests.InvitationsPageTest - Entered current date.
2025-01-03 14:08:09 [main] DEBUG l.i.uztis.tests.InvitationsPageTest - Entered start time: 00:00.
2025-01-03 14:08:09 [main] DEBUG l.i.uztis.tests.InvitationsPageTest - Entered end date.
2025-01-03 14:08:09 [main] DEBUG l.i.uztis.tests.InvitationsPageTest - Entered end time: 11:11.
2025-01-03 14:08:10 [main] DEBUG l.i.uztis.tests.InvitationsPageTest - Entered publication end date.
2025-01-03 14:08:10 [main] DEBUG l.i.uztis.tests.InvitationsPageTest - Added additional values.
2025-01-03 14:08:10 [main] INFO  l.insoft.uztis.pages.InvitationsPage - Located the dropdown button.
2025-01-03 14:08:11 [main] INFO  l.insoft.uztis.pages.InvitationsPage - Successfully selected the value: 'Didžiausia galima paramos suma aplinkos darbo vietai, Eur'
2025-01-03 14:08:11 [main] DEBUG l.i.uztis.tests.InvitationsPageTest - Selected the value: 'Didžiausia galima paramos suma aplinkos darbo vietai, Eur'
2025-01-03 14:08:11 [main] INFO  l.insoft.uztis.pages.InvitationsPage - Located the dropdown button.
2025-01-03 14:08:11 [main] INFO  l.insoft.uztis.pages.InvitationsPage - Successfully selected the value: 'Didžiausia galima paramos suma, Eur'
2025-01-03 14:08:11 [main] DEBUG l.i.uztis.tests.InvitationsPageTest - Selected the value: 'Didžiausia galima paramos suma, Eur'
2025-01-03 14:08:11 [main] INFO  l.insoft.uztis.pages.InvitationsPage - Located the dropdown button.
2025-01-03 14:08:12 [main] INFO  l.insoft.uztis.pages.InvitationsPage - Successfully selected the value: 'Didžiausia galima paramos suma vienai darbo vietai, Eur'
2025-01-03 14:08:12 [main] DEBUG l.i.uztis.tests.InvitationsPageTest - Selected the value: 'Didžiausia galima paramos suma vienai darbo vietai, Eur'
2025-01-03 14:08:12 [main] DEBUG l.i.uztis.tests.InvitationsPageTest - Entered value: 11000
2025-01-03 14:08:12 [main] DEBUG l.i.uztis.tests.InvitationsPageTest - Entered value: 12000
2025-01-03 14:08:12 [main] DEBUG l.i.uztis.tests.InvitationsPageTest - Entered value: 13000
2025-01-03 14:08:12 [main] DEBUG l.i.uztis.tests.InvitationsPageTest - Checked 'Legal Entities' checkbox.
2025-01-03 14:08:13 [main] DEBUG l.i.uztis.tests.InvitationsPageTest - Unchecked 'Persons Registered with Employment Service' checkbox.
2025-01-03 14:08:13 [main] DEBUG l.i.uztis.tests.InvitationsPageTest - Checked 'Persons Registered as Employers' checkbox.
2025-01-03 14:08:13 [main] DEBUG l.i.uztis.tests.InvitationsPageTest - Entered budget: '2000'.
2025-01-03 14:08:13 [main] DEBUG l.i.uztis.tests.InvitationsPageTest - Entered description text: 'Aprašo tekstas'.
2025-01-03 14:08:13 [main] DEBUG l.i.uztis.tests.InvitationsPageTest - Entered applicants text: 'Pareiškėjų tekstas'.
2025-01-03 14:08:13 [main] DEBUG l.i.uztis.tests.InvitationsPageTest - Entered expenditures text: 'Išlaidų tekstas'.
2025-01-03 14:08:13 [main] DEBUG l.i.uztis.tests.InvitationsPageTest - Entered legislation text: 'Teisės aktų tekstas'.
2025-01-03 14:08:13 [main] DEBUG l.i.uztis.tests.InvitationsPageTest - Entered education text: 'Mokymų tekstas'.
2025-01-03 14:08:13 [main] DEBUG l.i.uztis.tests.InvitationsPageTest - File uploaded.
2025-01-03 14:08:14 [main] DEBUG l.i.uztis.tests.InvitationsPageTest - Clicked 'Publish'.
2025-01-03 14:08:14 [main] DEBUG l.i.uztis.tests.InvitationsPageTest - Publication confirmed.
2025-01-03 14:08:14 [main] ERROR l.i.uztis.tests.InvitationsPageTest - Test 'testCreateNewDvpInvitation' failed with error: Unexpected success message. ==> expected: <Duomenys sėkmingai išsaugoti.> but was: <Nepavyko išsaugoti duomenų. Bandykite vėliau.>
org.opentest4j.AssertionFailedError: Unexpected success message. ==> expected: <Duomenys sėkmingai išsaugoti.> but was: <Nepavyko išsaugoti duomenų. Bandykite vėliau.>
	at org.junit.jupiter.api.AssertionFailureBuilder.build(AssertionFailureBuilder.java:151)
	at org.junit.jupiter.api.AssertionFailureBuilder.buildAndThrow(AssertionFailureBuilder.java:132)
	at org.junit.jupiter.api.AssertEquals.failNotEqual(AssertEquals.java:197)
	at org.junit.jupiter.api.AssertEquals.assertEquals(AssertEquals.java:182)
	at org.junit.jupiter.api.Assertions.assertEquals(Assertions.java:1152)
	at lt.insoft.uztis.tests.InvitationsPageTest.verifySuccessMessage(InvitationsPageTest.java:51)
	at lt.insoft.uztis.tests.InvitationsPageTest.testCreateNewDvpInvitation(InvitationsPageTest.java:536)
	at java.base/jdk.internal.reflect.DirectMethodHandleAccessor.invoke(DirectMethodHandleAccessor.java:103)
	at java.base/java.lang.reflect.Method.invoke(Method.java:580)
	at org.junit.platform.commons.util.ReflectionUtils.invokeMethod(ReflectionUtils.java:728)
	at org.junit.jupiter.engine.execution.MethodInvocation.proceed(MethodInvocation.java:60)
	at org.junit.jupiter.engine.execution.InvocationInterceptorChain$ValidatingInvocation.proceed(InvocationInterceptorChain.java:131)
	at org.junit.jupiter.engine.extension.TimeoutExtension.intercept(TimeoutExtension.java:156)
	at org.junit.jupiter.engine.extension.TimeoutExtension.interceptTestableMethod(TimeoutExtension.java:147)
	at org.junit.jupiter.engine.extension.TimeoutExtension.interceptTestMethod(TimeoutExtension.java:86)
	at org.junit.jupiter.engine.execution.InterceptingExecutableInvoker$ReflectiveInterceptorCall.lambda$ofVoidMethod$0(InterceptingExecutableInvoker.java:103)
	at org.junit.jupiter.engine.execution.InterceptingExecutableInvoker.lambda$invoke$0(InterceptingExecutableInvoker.java:93)
	at org.junit.jupiter.engine.execution.InvocationInterceptorChain$InterceptedInvocation.proceed(InvocationInterceptorChain.java:106)
	at org.junit.jupiter.engine.execution.InvocationInterceptorChain.proceed(InvocationInterceptorChain.java:64)
	at org.junit.jupiter.engine.execution.InvocationInterceptorChain.chainAndInvoke(InvocationInterceptorChain.java:45)
	at org.junit.jupiter.engine.execution.InvocationInterceptorChain.invoke(InvocationInterceptorChain.java:37)
	at org.junit.jupiter.engine.execution.InterceptingExecutableInvoker.invoke(InterceptingExecutableInvoker.java:92)
	at org.junit.jupiter.engine.execution.InterceptingExecutableInvoker.invoke(InterceptingExecutableInvoker.java:86)
	at org.junit.jupiter.engine.descriptor.TestMethodTestDescriptor.lambda$invokeTestMethod$7(TestMethodTestDescriptor.java:218)
	at org.junit.platform.engine.support.hierarchical.ThrowableCollector.execute(ThrowableCollector.java:73)
	at org.junit.jupiter.engine.descriptor.TestMethodTestDescriptor.invokeTestMethod(TestMethodTestDescriptor.java:214)
	at org.junit.jupiter.engine.descriptor.TestMethodTestDescriptor.execute(TestMethodTestDescriptor.java:139)
	at org.junit.jupiter.engine.descriptor.TestMethodTestDescriptor.execute(TestMethodTestDescriptor.java:69)
	at org.junit.platform.engine.support.hierarchical.NodeTestTask.lambda$executeRecursively$6(NodeTestTask.java:151)
	at org.junit.platform.engine.support.hierarchical.ThrowableCollector.execute(ThrowableCollector.java:73)
	at org.junit.platform.engine.support.hierarchical.NodeTestTask.lambda$executeRecursively$8(NodeTestTask.java:141)
	at org.junit.platform.engine.support.hierarchical.Node.around(Node.java:137)
	at org.junit.platform.engine.support.hierarchical.NodeTestTask.lambda$executeRecursively$9(NodeTestTask.java:139)
	at org.junit.platform.engine.support.hierarchical.ThrowableCollector.execute(ThrowableCollector.java:73)
	at org.junit.platform.engine.support.hierarchical.NodeTestTask.executeRecursively(NodeTestTask.java:138)
	at org.junit.platform.engine.support.hierarchical.NodeTestTask.execute(NodeTestTask.java:95)
	at java.base/java.util.ArrayList.forEach(ArrayList.java:1596)
	at org.junit.platform.engine.support.hierarchical.SameThreadHierarchicalTestExecutorService.invokeAll(SameThreadHierarchicalTestExecutorService.java:41)
	at org.junit.platform.engine.support.hierarchical.NodeTestTask.lambda$executeRecursively$6(NodeTestTask.java:155)
	at org.junit.platform.engine.support.hierarchical.ThrowableCollector.execute(ThrowableCollector.java:73)
	at org.junit.platform.engine.support.hierarchical.NodeTestTask.lambda$executeRecursively$8(NodeTestTask.java:141)
	at org.junit.platform.engine.support.hierarchical.Node.around(Node.java:137)
	at org.junit.platform.engine.support.hierarchical.NodeTestTask.lambda$executeRecursively$9(NodeTestTask.java:139)
	at org.junit.platform.engine.support.hierarchical.ThrowableCollector.execute(ThrowableCollector.java:73)
	at org.junit.platform.engine.support.hierarchical.NodeTestTask.executeRecursively(NodeTestTask.java:138)
	at org.junit.platform.engine.support.hierarchical.NodeTestTask.execute(NodeTestTask.java:95)
	at java.base/java.util.ArrayList.forEach(ArrayList.java:1596)
	at org.junit.platform.engine.support.hierarchical.SameThreadHierarchicalTestExecutorService.invokeAll(SameThreadHierarchicalTestExecutorService.java:41)
	at org.junit.platform.engine.support.hierarchical.NodeTestTask.lambda$executeRecursively$6(NodeTestTask.java:155)
	at org.junit.platform.engine.support.hierarchical.ThrowableCollector.execute(ThrowableCollector.java:73)
	at org.junit.platform.engine.support.hierarchical.NodeTestTask.lambda$executeRecursively$8(NodeTestTask.java:141)
	at org.junit.platform.engine.support.hierarchical.Node.around(Node.java:137)
	at org.junit.platform.engine.support.hierarchical.NodeTestTask.lambda$executeRecursively$9(NodeTestTask.java:139)
	at org.junit.platform.engine.support.hierarchical.ThrowableCollector.execute(ThrowableCollector.java:73)
	at org.junit.platform.engine.support.hierarchical.NodeTestTask.executeRecursively(NodeTestTask.java:138)
	at org.junit.platform.engine.support.hierarchical.NodeTestTask.execute(NodeTestTask.java:95)
	at org.junit.platform.engine.support.hierarchical.SameThreadHierarchicalTestExecutorService.submit(SameThreadHierarchicalTestExecutorService.java:35)
	at org.junit.platform.engine.support.hierarchical.HierarchicalTestExecutor.execute(HierarchicalTestExecutor.java:57)
	at org.junit.platform.engine.support.hierarchical.HierarchicalTestEngine.execute(HierarchicalTestEngine.java:54)
	at org.junit.platform.launcher.core.EngineExecutionOrchestrator.execute(EngineExecutionOrchestrator.java:198)
	at org.junit.platform.launcher.core.EngineExecutionOrchestrator.execute(EngineExecutionOrchestrator.java:169)
	at org.junit.platform.launcher.core.EngineExecutionOrchestrator.execute(EngineExecutionOrchestrator.java:93)
	at org.junit.platform.launcher.core.EngineExecutionOrchestrator.lambda$execute$0(EngineExecutionOrchestrator.java:58)
	at org.junit.platform.launcher.core.EngineExecutionOrchestrator.withInterceptedStreams(EngineExecutionOrchestrator.java:141)
	at org.junit.platform.launcher.core.EngineExecutionOrchestrator.execute(EngineExecutionOrchestrator.java:57)
	at org.junit.platform.launcher.core.DefaultLauncher.execute(DefaultLauncher.java:103)
	at org.junit.platform.launcher.core.DefaultLauncher.execute(DefaultLauncher.java:85)
	at org.junit.platform.launcher.core.DelegatingLauncher.execute(DelegatingLauncher.java:47)
	at org.junit.platform.launcher.core.SessionPerRequestLauncher.execute(SessionPerRequestLauncher.java:63)
	at com.intellij.junit5.JUnit5IdeaTestRunner.startRunnerWithArgs(JUnit5IdeaTestRunner.java:57)
	at com.intellij.rt.junit.IdeaTestRunner$Repeater$1.execute(IdeaTestRunner.java:38)
	at com.intellij.rt.execution.junit.TestsRepeater.repeat(TestsRepeater.java:11)
	at com.intellij.rt.junit.IdeaTestRunner$Repeater.startRunnerWithArgs(IdeaTestRunner.java:35)
	at com.intellij.rt.junit.JUnitStarter.prepareStreamsAndStart(JUnitStarter.java:232)
	at com.intellij.rt.junit.JUnitStarter.main(JUnitStarter.java:55)
2025-01-03 14:08:14 [main] INFO  l.insoft.uztis.tests.utils.TestUtils - Screenshot moved to C:\Users\ingrida.zadorozniene\Desktop\Asm\UZTIS\UZTIS_tests\test-output\screenshots\20250103\140814573_testCreateNewDvpInvitation().png
2025-01-03 14:10:42 [main] INFO  lt.insoft.uztis.tests.UztisPageTest - Navigated to https://uztisdev.asseco.lt/home
2025-01-03 14:10:42 [main] INFO  l.i.uztis.tests.InvitationsPageTest - Starting test:'testCreateNewDvpInvitation'
2025-01-03 14:10:42 [main] DEBUG l.i.uztis.tests.InvitationsPageTest - Opened 'Application Processing' menu.
2025-01-03 14:10:42 [main] DEBUG l.i.uztis.tests.InvitationsPageTest - Clicked on 'Application Forms' menu.
2025-01-03 14:10:42 [main] DEBUG l.i.uztis.tests.InvitationsPageTest - Navigating to application forms menu.
2025-01-03 14:10:43 [main] DEBUG l.i.uztis.tests.InvitationsPageTest - Retrieved last description code text: 'TST-DVP-00'.
2025-01-03 14:10:43 [main] DEBUG l.i.uztis.tests.InvitationsPageTest - Clicked on 'Invitation' menu.
2025-01-03 14:10:43 [main] DEBUG l.i.uztis.tests.InvitationsPageTest - Clicked 'Create New Application Form'.
2025-01-03 14:10:43 [main] DEBUG l.i.uztis.tests.InvitationsPageTest - Selected section by code: 'TST-DVP-00'.
2025-01-03 14:10:44 [main] DEBUG l.i.uztis.tests.InvitationsPageTest - Selected invitation number from the list.
2025-01-03 14:10:44 [main] DEBUG l.i.uztis.tests.InvitationsPageTest - Entered current date.
2025-01-03 14:10:45 [main] DEBUG l.i.uztis.tests.InvitationsPageTest - Entered start time: 00:00.
2025-01-03 14:10:45 [main] DEBUG l.i.uztis.tests.InvitationsPageTest - Entered end date.
2025-01-03 14:10:45 [main] DEBUG l.i.uztis.tests.InvitationsPageTest - Entered end time: 11:11.
2025-01-03 14:10:45 [main] DEBUG l.i.uztis.tests.InvitationsPageTest - Entered publication end date.
2025-01-03 14:10:45 [main] DEBUG l.i.uztis.tests.InvitationsPageTest - Added additional values.
2025-01-03 14:10:45 [main] INFO  l.insoft.uztis.pages.InvitationsPage - Located the dropdown button.
2025-01-03 14:10:46 [main] INFO  l.insoft.uztis.pages.InvitationsPage - Successfully selected the value: 'Didžiausia galima paramos suma aplinkos darbo vietai, Eur'
2025-01-03 14:10:46 [main] DEBUG l.i.uztis.tests.InvitationsPageTest - Selected the value: 'Didžiausia galima paramos suma aplinkos darbo vietai, Eur'
2025-01-03 14:10:46 [main] INFO  l.insoft.uztis.pages.InvitationsPage - Located the dropdown button.
2025-01-03 14:10:46 [main] INFO  l.insoft.uztis.pages.InvitationsPage - Successfully selected the value: 'Didžiausia galima paramos suma, Eur'
2025-01-03 14:10:46 [main] DEBUG l.i.uztis.tests.InvitationsPageTest - Selected the value: 'Didžiausia galima paramos suma, Eur'
2025-01-03 14:10:46 [main] INFO  l.insoft.uztis.pages.InvitationsPage - Located the dropdown button.
2025-01-03 14:10:46 [main] INFO  l.insoft.uztis.pages.InvitationsPage - Successfully selected the value: 'Didžiausia galima paramos suma vienai darbo vietai, Eur'
2025-01-03 14:10:46 [main] DEBUG l.i.uztis.tests.InvitationsPageTest - Selected the value: 'Didžiausia galima paramos suma vienai darbo vietai, Eur'
2025-01-03 14:10:47 [main] DEBUG l.i.uztis.tests.InvitationsPageTest - Entered value: 11000
2025-01-03 14:10:47 [main] DEBUG l.i.uztis.tests.InvitationsPageTest - Entered value: 12000
2025-01-03 14:10:47 [main] DEBUG l.i.uztis.tests.InvitationsPageTest - Entered value: 13000
2025-01-03 14:10:47 [main] DEBUG l.i.uztis.tests.InvitationsPageTest - Checked 'Legal Entities' checkbox.
2025-01-03 14:10:47 [main] DEBUG l.i.uztis.tests.InvitationsPageTest - Unchecked 'Persons Registered with Employment Service' checkbox.
2025-01-03 14:10:47 [main] DEBUG l.i.uztis.tests.InvitationsPageTest - Checked 'Persons Registered as Employers' checkbox.
2025-01-03 14:10:47 [main] DEBUG l.i.uztis.tests.InvitationsPageTest - Entered budget: '2000'.
2025-01-03 14:10:47 [main] DEBUG l.i.uztis.tests.InvitationsPageTest - Entered description text: 'Aprašo tekstas'.
2025-01-03 14:10:48 [main] DEBUG l.i.uztis.tests.InvitationsPageTest - Entered applicants text: 'Pareiškėjų tekstas'.
2025-01-03 14:10:48 [main] DEBUG l.i.uztis.tests.InvitationsPageTest - Entered expenditures text: 'Išlaidų tekstas'.
2025-01-03 14:10:48 [main] DEBUG l.i.uztis.tests.InvitationsPageTest - Entered legislation text: 'Teisės aktų tekstas'.
2025-01-03 14:10:48 [main] DEBUG l.i.uztis.tests.InvitationsPageTest - Entered education text: 'Mokymų tekstas'.
2025-01-03 14:10:48 [main] DEBUG l.i.uztis.tests.InvitationsPageTest - File uploaded.
2025-01-03 14:10:48 [main] DEBUG l.i.uztis.tests.InvitationsPageTest - Clicked 'Publish'.
2025-01-03 14:10:48 [main] DEBUG l.i.uztis.tests.InvitationsPageTest - Publication confirmed.
2025-01-03 14:10:48 [main] ERROR l.i.uztis.tests.InvitationsPageTest - Test 'testCreateNewDvpInvitation' failed with error: Unexpected success message. ==> expected: <Duomenys sėkmingai išsaugoti.> but was: <Nepavyko išsaugoti duomenų. Bandykite vėliau.>
org.opentest4j.AssertionFailedError: Unexpected success message. ==> expected: <Duomenys sėkmingai išsaugoti.> but was: <Nepavyko išsaugoti duomenų. Bandykite vėliau.>
	at org.junit.jupiter.api.AssertionFailureBuilder.build(AssertionFailureBuilder.java:151)
	at org.junit.jupiter.api.AssertionFailureBuilder.buildAndThrow(AssertionFailureBuilder.java:132)
	at org.junit.jupiter.api.AssertEquals.failNotEqual(AssertEquals.java:197)
	at org.junit.jupiter.api.AssertEquals.assertEquals(AssertEquals.java:182)
	at org.junit.jupiter.api.Assertions.assertEquals(Assertions.java:1152)
	at lt.insoft.uztis.tests.InvitationsPageTest.verifySuccessMessage(InvitationsPageTest.java:51)
	at lt.insoft.uztis.tests.InvitationsPageTest.testCreateNewDvpInvitation(InvitationsPageTest.java:536)
	at java.base/jdk.internal.reflect.DirectMethodHandleAccessor.invoke(DirectMethodHandleAccessor.java:103)
	at java.base/java.lang.reflect.Method.invoke(Method.java:580)
	at org.junit.platform.commons.util.ReflectionUtils.invokeMethod(ReflectionUtils.java:728)
	at org.junit.jupiter.engine.execution.MethodInvocation.proceed(MethodInvocation.java:60)
	at org.junit.jupiter.engine.execution.InvocationInterceptorChain$ValidatingInvocation.proceed(InvocationInterceptorChain.java:131)
	at org.junit.jupiter.engine.extension.TimeoutExtension.intercept(TimeoutExtension.java:156)
	at org.junit.jupiter.engine.extension.TimeoutExtension.interceptTestableMethod(TimeoutExtension.java:147)
	at org.junit.jupiter.engine.extension.TimeoutExtension.interceptTestMethod(TimeoutExtension.java:86)
	at org.junit.jupiter.engine.execution.InterceptingExecutableInvoker$ReflectiveInterceptorCall.lambda$ofVoidMethod$0(InterceptingExecutableInvoker.java:103)
	at org.junit.jupiter.engine.execution.InterceptingExecutableInvoker.lambda$invoke$0(InterceptingExecutableInvoker.java:93)
	at org.junit.jupiter.engine.execution.InvocationInterceptorChain$InterceptedInvocation.proceed(InvocationInterceptorChain.java:106)
	at org.junit.jupiter.engine.execution.InvocationInterceptorChain.proceed(InvocationInterceptorChain.java:64)
	at org.junit.jupiter.engine.execution.InvocationInterceptorChain.chainAndInvoke(InvocationInterceptorChain.java:45)
	at org.junit.jupiter.engine.execution.InvocationInterceptorChain.invoke(InvocationInterceptorChain.java:37)
	at org.junit.jupiter.engine.execution.InterceptingExecutableInvoker.invoke(InterceptingExecutableInvoker.java:92)
	at org.junit.jupiter.engine.execution.InterceptingExecutableInvoker.invoke(InterceptingExecutableInvoker.java:86)
	at org.junit.jupiter.engine.descriptor.TestMethodTestDescriptor.lambda$invokeTestMethod$7(TestMethodTestDescriptor.java:218)
	at org.junit.platform.engine.support.hierarchical.ThrowableCollector.execute(ThrowableCollector.java:73)
	at org.junit.jupiter.engine.descriptor.TestMethodTestDescriptor.invokeTestMethod(TestMethodTestDescriptor.java:214)
	at org.junit.jupiter.engine.descriptor.TestMethodTestDescriptor.execute(TestMethodTestDescriptor.java:139)
	at org.junit.jupiter.engine.descriptor.TestMethodTestDescriptor.execute(TestMethodTestDescriptor.java:69)
	at org.junit.platform.engine.support.hierarchical.NodeTestTask.lambda$executeRecursively$6(NodeTestTask.java:151)
	at org.junit.platform.engine.support.hierarchical.ThrowableCollector.execute(ThrowableCollector.java:73)
	at org.junit.platform.engine.support.hierarchical.NodeTestTask.lambda$executeRecursively$8(NodeTestTask.java:141)
	at org.junit.platform.engine.support.hierarchical.Node.around(Node.java:137)
	at org.junit.platform.engine.support.hierarchical.NodeTestTask.lambda$executeRecursively$9(NodeTestTask.java:139)
	at org.junit.platform.engine.support.hierarchical.ThrowableCollector.execute(ThrowableCollector.java:73)
	at org.junit.platform.engine.support.hierarchical.NodeTestTask.executeRecursively(NodeTestTask.java:138)
	at org.junit.platform.engine.support.hierarchical.NodeTestTask.execute(NodeTestTask.java:95)
	at java.base/java.util.ArrayList.forEach(ArrayList.java:1596)
	at org.junit.platform.engine.support.hierarchical.SameThreadHierarchicalTestExecutorService.invokeAll(SameThreadHierarchicalTestExecutorService.java:41)
	at org.junit.platform.engine.support.hierarchical.NodeTestTask.lambda$executeRecursively$6(NodeTestTask.java:155)
	at org.junit.platform.engine.support.hierarchical.ThrowableCollector.execute(ThrowableCollector.java:73)
	at org.junit.platform.engine.support.hierarchical.NodeTestTask.lambda$executeRecursively$8(NodeTestTask.java:141)
	at org.junit.platform.engine.support.hierarchical.Node.around(Node.java:137)
	at org.junit.platform.engine.support.hierarchical.NodeTestTask.lambda$executeRecursively$9(NodeTestTask.java:139)
	at org.junit.platform.engine.support.hierarchical.ThrowableCollector.execute(ThrowableCollector.java:73)
	at org.junit.platform.engine.support.hierarchical.NodeTestTask.executeRecursively(NodeTestTask.java:138)
	at org.junit.platform.engine.support.hierarchical.NodeTestTask.execute(NodeTestTask.java:95)
	at java.base/java.util.ArrayList.forEach(ArrayList.java:1596)
	at org.junit.platform.engine.support.hierarchical.SameThreadHierarchicalTestExecutorService.invokeAll(SameThreadHierarchicalTestExecutorService.java:41)
	at org.junit.platform.engine.support.hierarchical.NodeTestTask.lambda$executeRecursively$6(NodeTestTask.java:155)
	at org.junit.platform.engine.support.hierarchical.ThrowableCollector.execute(ThrowableCollector.java:73)
	at org.junit.platform.engine.support.hierarchical.NodeTestTask.lambda$executeRecursively$8(NodeTestTask.java:141)
	at org.junit.platform.engine.support.hierarchical.Node.around(Node.java:137)
	at org.junit.platform.engine.support.hierarchical.NodeTestTask.lambda$executeRecursively$9(NodeTestTask.java:139)
	at org.junit.platform.engine.support.hierarchical.ThrowableCollector.execute(ThrowableCollector.java:73)
	at org.junit.platform.engine.support.hierarchical.NodeTestTask.executeRecursively(NodeTestTask.java:138)
	at org.junit.platform.engine.support.hierarchical.NodeTestTask.execute(NodeTestTask.java:95)
	at org.junit.platform.engine.support.hierarchical.SameThreadHierarchicalTestExecutorService.submit(SameThreadHierarchicalTestExecutorService.java:35)
	at org.junit.platform.engine.support.hierarchical.HierarchicalTestExecutor.execute(HierarchicalTestExecutor.java:57)
	at org.junit.platform.engine.support.hierarchical.HierarchicalTestEngine.execute(HierarchicalTestEngine.java:54)
	at org.junit.platform.launcher.core.EngineExecutionOrchestrator.execute(EngineExecutionOrchestrator.java:198)
	at org.junit.platform.launcher.core.EngineExecutionOrchestrator.execute(EngineExecutionOrchestrator.java:169)
	at org.junit.platform.launcher.core.EngineExecutionOrchestrator.execute(EngineExecutionOrchestrator.java:93)
	at org.junit.platform.launcher.core.EngineExecutionOrchestrator.lambda$execute$0(EngineExecutionOrchestrator.java:58)
	at org.junit.platform.launcher.core.EngineExecutionOrchestrator.withInterceptedStreams(EngineExecutionOrchestrator.java:141)
	at org.junit.platform.launcher.core.EngineExecutionOrchestrator.execute(EngineExecutionOrchestrator.java:57)
	at org.junit.platform.launcher.core.DefaultLauncher.execute(DefaultLauncher.java:103)
	at org.junit.platform.launcher.core.DefaultLauncher.execute(DefaultLauncher.java:85)
	at org.junit.platform.launcher.core.DelegatingLauncher.execute(DelegatingLauncher.java:47)
	at org.junit.platform.launcher.core.SessionPerRequestLauncher.execute(SessionPerRequestLauncher.java:63)
	at com.intellij.junit5.JUnit5IdeaTestRunner.startRunnerWithArgs(JUnit5IdeaTestRunner.java:57)
	at com.intellij.rt.junit.IdeaTestRunner$Repeater$1.execute(IdeaTestRunner.java:38)
	at com.intellij.rt.execution.junit.TestsRepeater.repeat(TestsRepeater.java:11)
	at com.intellij.rt.junit.IdeaTestRunner$Repeater.startRunnerWithArgs(IdeaTestRunner.java:35)
	at com.intellij.rt.junit.JUnitStarter.prepareStreamsAndStart(JUnitStarter.java:232)
	at com.intellij.rt.junit.JUnitStarter.main(JUnitStarter.java:55)
2025-01-03 14:10:49 [main] INFO  l.insoft.uztis.tests.utils.TestUtils - Screenshot moved to C:\Users\ingrida.zadorozniene\Desktop\Asm\UZTIS\UZTIS_tests\test-output\screenshots\20250103\141049121_testCreateNewDvpInvitation().png
2025-01-03 14:36:10 [main] INFO  lt.insoft.uztis.tests.UztisPageTest - Navigated to https://uztisdev.asseco.lt/home
2025-01-03 14:36:10 [main] INFO  l.i.uztis.tests.InvitationsPageTest - Starting test:'testCreateNewDvpInvitation'
2025-01-03 14:36:10 [main] DEBUG l.i.uztis.tests.InvitationsPageTest - Opened 'Application Processing' menu.
2025-01-03 14:36:10 [main] DEBUG l.i.uztis.tests.InvitationsPageTest - Clicked on 'Application Forms' menu.
2025-01-03 14:36:10 [main] DEBUG l.i.uztis.tests.InvitationsPageTest - Navigating to application forms menu.
2025-01-03 14:36:10 [main] DEBUG l.i.uztis.tests.InvitationsPageTest - Retrieved last description code text: 'TST-DVP-00'.
2025-01-03 14:36:10 [main] DEBUG l.i.uztis.tests.InvitationsPageTest - Clicked on 'Invitation' menu.
2025-01-03 14:36:10 [main] DEBUG l.i.uztis.tests.InvitationsPageTest - Clicked 'Create New Application Form'.
2025-01-03 14:36:11 [main] DEBUG l.i.uztis.tests.InvitationsPageTest - Selected section by code: 'TST-DVP-00'.
2025-01-03 14:36:11 [main] DEBUG l.i.uztis.tests.InvitationsPageTest - Selected invitation number from the list.
2025-01-03 14:36:12 [main] DEBUG l.i.uztis.tests.InvitationsPageTest - Entered current date.
2025-01-03 14:36:12 [main] DEBUG l.i.uztis.tests.InvitationsPageTest - Entered start time: 00:00.
2025-01-03 14:36:12 [main] DEBUG l.i.uztis.tests.InvitationsPageTest - Entered end date.
2025-01-03 14:36:13 [main] DEBUG l.i.uztis.tests.InvitationsPageTest - Entered end time: 11:11.
2025-01-03 14:36:13 [main] DEBUG l.i.uztis.tests.InvitationsPageTest - Entered publication end date.
2025-01-03 14:36:13 [main] DEBUG l.i.uztis.tests.InvitationsPageTest - Added additional values.
2025-01-03 14:36:13 [main] INFO  l.insoft.uztis.pages.InvitationsPage - Located the dropdown button.
2025-01-03 14:36:13 [main] INFO  l.insoft.uztis.pages.InvitationsPage - Successfully selected the value: 'Didžiausia galima paramos suma aplinkos darbo vietai, Eur'
2025-01-03 14:36:13 [main] DEBUG l.i.uztis.tests.InvitationsPageTest - Selected the value: 'Didžiausia galima paramos suma aplinkos darbo vietai, Eur'
2025-01-03 14:36:13 [main] INFO  l.insoft.uztis.pages.InvitationsPage - Located the dropdown button.
2025-01-03 14:36:14 [main] INFO  l.insoft.uztis.pages.InvitationsPage - Successfully selected the value: 'Didžiausia galima paramos suma, Eur'
2025-01-03 14:36:14 [main] DEBUG l.i.uztis.tests.InvitationsPageTest - Selected the value: 'Didžiausia galima paramos suma, Eur'
2025-01-03 14:36:14 [main] INFO  l.insoft.uztis.pages.InvitationsPage - Located the dropdown button.
2025-01-03 14:36:14 [main] INFO  l.insoft.uztis.pages.InvitationsPage - Successfully selected the value: 'Didžiausia galima paramos suma vienai darbo vietai, Eur'
2025-01-03 14:36:14 [main] DEBUG l.i.uztis.tests.InvitationsPageTest - Selected the value: 'Didžiausia galima paramos suma vienai darbo vietai, Eur'
2025-01-03 14:36:14 [main] DEBUG l.i.uztis.tests.InvitationsPageTest - Entered value: 11000
2025-01-03 14:36:14 [main] DEBUG l.i.uztis.tests.InvitationsPageTest - Entered value: 12000
2025-01-03 14:36:15 [main] DEBUG l.i.uztis.tests.InvitationsPageTest - Entered value: 13000
2025-01-03 14:36:15 [main] DEBUG l.i.uztis.tests.InvitationsPageTest - Checked 'Legal Entities' checkbox.
2025-01-03 14:36:15 [main] DEBUG l.i.uztis.tests.InvitationsPageTest - Unchecked 'Persons Registered with Employment Service' checkbox.
2025-01-03 14:36:15 [main] DEBUG l.i.uztis.tests.InvitationsPageTest - Checked 'Persons Registered as Employers' checkbox.
2025-01-03 14:36:15 [main] DEBUG l.i.uztis.tests.InvitationsPageTest - Entered budget: '2000'.
2025-01-03 14:36:15 [main] DEBUG l.i.uztis.tests.InvitationsPageTest - Entered description text: 'Aprašo tekstas'.
2025-01-03 14:36:15 [main] DEBUG l.i.uztis.tests.InvitationsPageTest - Entered applicants text: 'Pareiškėjų tekstas'.
2025-01-03 14:36:15 [main] DEBUG l.i.uztis.tests.InvitationsPageTest - Entered expenditures text: 'Išlaidų tekstas'.
2025-01-03 14:36:16 [main] DEBUG l.i.uztis.tests.InvitationsPageTest - Entered legislation text: 'Teisės aktų tekstas'.
2025-01-03 14:36:16 [main] DEBUG l.i.uztis.tests.InvitationsPageTest - Entered education text: 'Mokymų tekstas'.
2025-01-03 14:36:16 [main] DEBUG l.i.uztis.tests.InvitationsPageTest - File uploaded.
2025-01-03 14:36:16 [main] DEBUG l.i.uztis.tests.InvitationsPageTest - Clicked 'Publish'.
2025-01-03 14:36:16 [main] DEBUG l.i.uztis.tests.InvitationsPageTest - Publication confirmed.
2025-01-03 14:36:16 [main] ERROR l.i.uztis.tests.InvitationsPageTest - Test 'testCreateNewDvpInvitation' failed with error: Unexpected success message. ==> expected: <Duomenys sėkmingai išsaugoti.> but was: <Nepavyko išsaugoti duomenų. Bandykite vėliau.>
org.opentest4j.AssertionFailedError: Unexpected success message. ==> expected: <Duomenys sėkmingai išsaugoti.> but was: <Nepavyko išsaugoti duomenų. Bandykite vėliau.>
	at org.junit.jupiter.api.AssertionFailureBuilder.build(AssertionFailureBuilder.java:151)
	at org.junit.jupiter.api.AssertionFailureBuilder.buildAndThrow(AssertionFailureBuilder.java:132)
	at org.junit.jupiter.api.AssertEquals.failNotEqual(AssertEquals.java:197)
	at org.junit.jupiter.api.AssertEquals.assertEquals(AssertEquals.java:182)
	at org.junit.jupiter.api.Assertions.assertEquals(Assertions.java:1152)
	at lt.insoft.uztis.tests.InvitationsPageTest.verifySuccessMessage(InvitationsPageTest.java:51)
	at lt.insoft.uztis.tests.InvitationsPageTest.testCreateNewDvpInvitation(InvitationsPageTest.java:536)
	at java.base/jdk.internal.reflect.DirectMethodHandleAccessor.invoke(DirectMethodHandleAccessor.java:103)
	at java.base/java.lang.reflect.Method.invoke(Method.java:580)
	at org.junit.platform.commons.util.ReflectionUtils.invokeMethod(ReflectionUtils.java:728)
	at org.junit.jupiter.engine.execution.MethodInvocation.proceed(MethodInvocation.java:60)
	at org.junit.jupiter.engine.execution.InvocationInterceptorChain$ValidatingInvocation.proceed(InvocationInterceptorChain.java:131)
	at org.junit.jupiter.engine.extension.TimeoutExtension.intercept(TimeoutExtension.java:156)
	at org.junit.jupiter.engine.extension.TimeoutExtension.interceptTestableMethod(TimeoutExtension.java:147)
	at org.junit.jupiter.engine.extension.TimeoutExtension.interceptTestMethod(TimeoutExtension.java:86)
	at org.junit.jupiter.engine.execution.InterceptingExecutableInvoker$ReflectiveInterceptorCall.lambda$ofVoidMethod$0(InterceptingExecutableInvoker.java:103)
	at org.junit.jupiter.engine.execution.InterceptingExecutableInvoker.lambda$invoke$0(InterceptingExecutableInvoker.java:93)
	at org.junit.jupiter.engine.execution.InvocationInterceptorChain$InterceptedInvocation.proceed(InvocationInterceptorChain.java:106)
	at org.junit.jupiter.engine.execution.InvocationInterceptorChain.proceed(InvocationInterceptorChain.java:64)
	at org.junit.jupiter.engine.execution.InvocationInterceptorChain.chainAndInvoke(InvocationInterceptorChain.java:45)
	at org.junit.jupiter.engine.execution.InvocationInterceptorChain.invoke(InvocationInterceptorChain.java:37)
	at org.junit.jupiter.engine.execution.InterceptingExecutableInvoker.invoke(InterceptingExecutableInvoker.java:92)
	at org.junit.jupiter.engine.execution.InterceptingExecutableInvoker.invoke(InterceptingExecutableInvoker.java:86)
	at org.junit.jupiter.engine.descriptor.TestMethodTestDescriptor.lambda$invokeTestMethod$7(TestMethodTestDescriptor.java:218)
	at org.junit.platform.engine.support.hierarchical.ThrowableCollector.execute(ThrowableCollector.java:73)
	at org.junit.jupiter.engine.descriptor.TestMethodTestDescriptor.invokeTestMethod(TestMethodTestDescriptor.java:214)
	at org.junit.jupiter.engine.descriptor.TestMethodTestDescriptor.execute(TestMethodTestDescriptor.java:139)
	at org.junit.jupiter.engine.descriptor.TestMethodTestDescriptor.execute(TestMethodTestDescriptor.java:69)
	at org.junit.platform.engine.support.hierarchical.NodeTestTask.lambda$executeRecursively$6(NodeTestTask.java:151)
	at org.junit.platform.engine.support.hierarchical.ThrowableCollector.execute(ThrowableCollector.java:73)
	at org.junit.platform.engine.support.hierarchical.NodeTestTask.lambda$executeRecursively$8(NodeTestTask.java:141)
	at org.junit.platform.engine.support.hierarchical.Node.around(Node.java:137)
	at org.junit.platform.engine.support.hierarchical.NodeTestTask.lambda$executeRecursively$9(NodeTestTask.java:139)
	at org.junit.platform.engine.support.hierarchical.ThrowableCollector.execute(ThrowableCollector.java:73)
	at org.junit.platform.engine.support.hierarchical.NodeTestTask.executeRecursively(NodeTestTask.java:138)
	at org.junit.platform.engine.support.hierarchical.NodeTestTask.execute(NodeTestTask.java:95)
	at java.base/java.util.ArrayList.forEach(ArrayList.java:1596)
	at org.junit.platform.engine.support.hierarchical.SameThreadHierarchicalTestExecutorService.invokeAll(SameThreadHierarchicalTestExecutorService.java:41)
	at org.junit.platform.engine.support.hierarchical.NodeTestTask.lambda$executeRecursively$6(NodeTestTask.java:155)
	at org.junit.platform.engine.support.hierarchical.ThrowableCollector.execute(ThrowableCollector.java:73)
	at org.junit.platform.engine.support.hierarchical.NodeTestTask.lambda$executeRecursively$8(NodeTestTask.java:141)
	at org.junit.platform.engine.support.hierarchical.Node.around(Node.java:137)
	at org.junit.platform.engine.support.hierarchical.NodeTestTask.lambda$executeRecursively$9(NodeTestTask.java:139)
	at org.junit.platform.engine.support.hierarchical.ThrowableCollector.execute(ThrowableCollector.java:73)
	at org.junit.platform.engine.support.hierarchical.NodeTestTask.executeRecursively(NodeTestTask.java:138)
	at org.junit.platform.engine.support.hierarchical.NodeTestTask.execute(NodeTestTask.java:95)
	at java.base/java.util.ArrayList.forEach(ArrayList.java:1596)
	at org.junit.platform.engine.support.hierarchical.SameThreadHierarchicalTestExecutorService.invokeAll(SameThreadHierarchicalTestExecutorService.java:41)
	at org.junit.platform.engine.support.hierarchical.NodeTestTask.lambda$executeRecursively$6(NodeTestTask.java:155)
	at org.junit.platform.engine.support.hierarchical.ThrowableCollector.execute(ThrowableCollector.java:73)
	at org.junit.platform.engine.support.hierarchical.NodeTestTask.lambda$executeRecursively$8(NodeTestTask.java:141)
	at org.junit.platform.engine.support.hierarchical.Node.around(Node.java:137)
	at org.junit.platform.engine.support.hierarchical.NodeTestTask.lambda$executeRecursively$9(NodeTestTask.java:139)
	at org.junit.platform.engine.support.hierarchical.ThrowableCollector.execute(ThrowableCollector.java:73)
	at org.junit.platform.engine.support.hierarchical.NodeTestTask.executeRecursively(NodeTestTask.java:138)
	at org.junit.platform.engine.support.hierarchical.NodeTestTask.execute(NodeTestTask.java:95)
	at org.junit.platform.engine.support.hierarchical.SameThreadHierarchicalTestExecutorService.submit(SameThreadHierarchicalTestExecutorService.java:35)
	at org.junit.platform.engine.support.hierarchical.HierarchicalTestExecutor.execute(HierarchicalTestExecutor.java:57)
	at org.junit.platform.engine.support.hierarchical.HierarchicalTestEngine.execute(HierarchicalTestEngine.java:54)
	at org.junit.platform.launcher.core.EngineExecutionOrchestrator.execute(EngineExecutionOrchestrator.java:198)
	at org.junit.platform.launcher.core.EngineExecutionOrchestrator.execute(EngineExecutionOrchestrator.java:169)
	at org.junit.platform.launcher.core.EngineExecutionOrchestrator.execute(EngineExecutionOrchestrator.java:93)
	at org.junit.platform.launcher.core.EngineExecutionOrchestrator.lambda$execute$0(EngineExecutionOrchestrator.java:58)
	at org.junit.platform.launcher.core.EngineExecutionOrchestrator.withInterceptedStreams(EngineExecutionOrchestrator.java:141)
	at org.junit.platform.launcher.core.EngineExecutionOrchestrator.execute(EngineExecutionOrchestrator.java:57)
	at org.junit.platform.launcher.core.DefaultLauncher.execute(DefaultLauncher.java:103)
	at org.junit.platform.launcher.core.DefaultLauncher.execute(DefaultLauncher.java:85)
	at org.junit.platform.launcher.core.DelegatingLauncher.execute(DelegatingLauncher.java:47)
	at org.junit.platform.launcher.core.SessionPerRequestLauncher.execute(SessionPerRequestLauncher.java:63)
	at com.intellij.junit5.JUnit5IdeaTestRunner.startRunnerWithArgs(JUnit5IdeaTestRunner.java:57)
	at com.intellij.rt.junit.IdeaTestRunner$Repeater$1.execute(IdeaTestRunner.java:38)
	at com.intellij.rt.execution.junit.TestsRepeater.repeat(TestsRepeater.java:11)
	at com.intellij.rt.junit.IdeaTestRunner$Repeater.startRunnerWithArgs(IdeaTestRunner.java:35)
	at com.intellij.rt.junit.JUnitStarter.prepareStreamsAndStart(JUnitStarter.java:232)
	at com.intellij.rt.junit.JUnitStarter.main(JUnitStarter.java:55)
2025-01-03 14:36:16 [main] INFO  l.insoft.uztis.tests.utils.TestUtils - Screenshot moved to C:\Users\ingrida.zadorozniene\Desktop\Asm\UZTIS\UZTIS_tests\test-output\screenshots\20250103\143616768_testCreateNewDvpInvitation().png
2025-01-03 14:44:24 [main] INFO  lt.insoft.uztis.tests.UztisPageTest - Navigated to https://uztisdev.asseco.lt/home
2025-01-03 14:44:24 [main] INFO  l.i.uztis.tests.InvitationsPageTest - Starting test:'testCreateNewPvkInvitation'
2025-01-03 14:44:24 [main] DEBUG l.i.uztis.tests.InvitationsPageTest - Opened 'Application Processing' menu.
2025-01-03 14:44:24 [main] DEBUG l.i.uztis.tests.InvitationsPageTest - Clicked on 'Application Forms' menu.
2025-01-03 14:44:24 [main] DEBUG l.i.uztis.tests.InvitationsPageTest - Navigating to application forms menu.
2025-01-03 14:44:25 [main] DEBUG l.i.uztis.tests.InvitationsPageTest - Retrieved last description code text: 'TST-PVK-36'.
2025-01-03 14:44:25 [main] DEBUG l.i.uztis.tests.InvitationsPageTest - Clicked on 'Invitation' menu.
2025-01-03 14:44:25 [main] DEBUG l.i.uztis.tests.InvitationsPageTest - Clicked 'Create New Application Form'.
2025-01-03 14:44:25 [main] DEBUG l.i.uztis.tests.InvitationsPageTest - Selected section by code: 'TST-PVK-36'.
2025-01-03 14:44:26 [main] DEBUG l.i.uztis.tests.InvitationsPageTest - Selected invitation number from the list.
2025-01-03 14:44:26 [main] DEBUG l.i.uztis.tests.InvitationsPageTest - Entered current date.
2025-01-03 14:44:27 [main] DEBUG l.i.uztis.tests.InvitationsPageTest - Entered start time: 00:00.
2025-01-03 14:44:27 [main] DEBUG l.i.uztis.tests.InvitationsPageTest - Entered end date.
2025-01-03 14:44:27 [main] DEBUG l.i.uztis.tests.InvitationsPageTest - Entered end time: 11:11.
2025-01-03 14:44:28 [main] DEBUG l.i.uztis.tests.InvitationsPageTest - Entered publication end date.
2025-01-03 14:44:28 [main] DEBUG l.i.uztis.tests.InvitationsPageTest - Added additional values.
2025-01-03 14:44:28 [main] INFO  l.insoft.uztis.pages.InvitationsPage - Located the dropdown button.
2025-01-03 14:44:28 [main] INFO  l.insoft.uztis.pages.InvitationsPage - Successfully selected the value: 'Didžiausia galima paramos suma aplinkos darbo vietai, Eur'
2025-01-03 14:44:28 [main] DEBUG l.i.uztis.tests.InvitationsPageTest - Selected the value: 'Didžiausia galima paramos suma aplinkos darbo vietai, Eur'
2025-01-03 14:44:28 [main] INFO  l.insoft.uztis.pages.InvitationsPage - Located the dropdown button.
2025-01-03 14:44:28 [main] INFO  l.insoft.uztis.pages.InvitationsPage - Successfully selected the value: 'Didžiausia galima paramos suma, Eur'
2025-01-03 14:44:28 [main] DEBUG l.i.uztis.tests.InvitationsPageTest - Selected the value: 'Didžiausia galima paramos suma, Eur'
2025-01-03 14:44:28 [main] INFO  l.insoft.uztis.pages.InvitationsPage - Located the dropdown button.
2025-01-03 14:44:29 [main] INFO  l.insoft.uztis.pages.InvitationsPage - Successfully selected the value: 'Didžiausia galima paramos suma vienai darbo vietai, Eur'
2025-01-03 14:44:29 [main] DEBUG l.i.uztis.tests.InvitationsPageTest - Selected the value: 'Didžiausia galima paramos suma vienai darbo vietai, Eur'
2025-01-03 14:44:29 [main] DEBUG l.i.uztis.tests.InvitationsPageTest - Entered value: 11000
2025-01-03 14:44:29 [main] DEBUG l.i.uztis.tests.InvitationsPageTest - Entered value: 12000
2025-01-03 14:44:29 [main] DEBUG l.i.uztis.tests.InvitationsPageTest - Entered value: 13000
2025-01-03 14:44:29 [main] DEBUG l.i.uztis.tests.InvitationsPageTest - Checked 'Legal Entities' checkbox.
2025-01-03 14:44:29 [main] DEBUG l.i.uztis.tests.InvitationsPageTest - Unchecked 'Persons Registered with Employment Service' checkbox.
2025-01-03 14:44:29 [main] DEBUG l.i.uztis.tests.InvitationsPageTest - Checked 'Persons Registered as Employers' checkbox.
2025-01-03 14:44:30 [main] DEBUG l.i.uztis.tests.InvitationsPageTest - Entered second evaluation grade: '5'.
2025-01-03 14:44:30 [main] DEBUG l.i.uztis.tests.InvitationsPageTest - Entered third evaluation grade: '6'.
2025-01-03 14:44:30 [main] DEBUG l.i.uztis.tests.InvitationsPageTest - Entered second evaluation grade weight: '0,45'.
2025-01-03 14:44:30 [main] DEBUG l.i.uztis.tests.InvitationsPageTest - Entered third evaluation grade weight: '0,55'.
2025-01-03 14:44:40 [main] ERROR l.i.uztis.tests.InvitationsPageTest - Test 'testCreateNewPvkInvitation' failed with error: no such element: Unable to locate element: {"method":"xpath","selector":"//mat-label[contains(text(), 'Biudžetas, Eur')]/ancestor::mat-form-field//common-decimal-input/input"}
  (Session info: chrome=131.0.6778.205)
For documentation on this error, please visit: https://www.selenium.dev/documentation/webdriver/troubleshooting/errors#no-such-element-exception
Build info: version: '4.27.0', revision: 'd6e718d134'
System info: os.name: 'Windows 11', os.arch: 'amd64', os.version: '10.0', java.version: '21.0.3'
Driver info: org.openqa.selenium.chrome.ChromeDriver
Command: [72e3126ceab69819a346e7b7b6c55097, findElement {value=//mat-label[contains(text(), 'Biudžetas, Eur')]/ancestor::mat-form-field//common-decimal-input/input, using=xpath}]
Capabilities {acceptInsecureCerts: false, browserName: chrome, browserVersion: 131.0.6778.205, chrome: {chromedriverVersion: 131.0.6778.204 (52183f9e99a..., userDataDir: C:\Users\INGRID~1.ZAD\AppDa...}, fedcm:accounts: true, goog:chromeOptions: {debuggerAddress: localhost:65154}, networkConnectionEnabled: false, pageLoadStrategy: normal, platformName: windows, proxy: Proxy(), se:cdp: ws://localhost:65154/devtoo..., se:cdpVersion: 131.0.6778.205, setWindowRect: true, strictFileInteractability: false, timeouts: {implicit: 0, pageLoad: 300000, script: 30000}, unhandledPromptBehavior: dismiss and notify, webauthn:extension:credBlob: true, webauthn:extension:largeBlob: true, webauthn:extension:minPinLength: true, webauthn:extension:prf: true, webauthn:virtualAuthenticators: true}
Session ID: 72e3126ceab69819a346e7b7b6c55097
org.openqa.selenium.NoSuchElementException: no such element: Unable to locate element: {"method":"xpath","selector":"//mat-label[contains(text(), 'Biudžetas, Eur')]/ancestor::mat-form-field//common-decimal-input/input"}
  (Session info: chrome=131.0.6778.205)
For documentation on this error, please visit: https://www.selenium.dev/documentation/webdriver/troubleshooting/errors#no-such-element-exception
Build info: version: '4.27.0', revision: 'd6e718d134'
System info: os.name: 'Windows 11', os.arch: 'amd64', os.version: '10.0', java.version: '21.0.3'
Driver info: org.openqa.selenium.chrome.ChromeDriver
Command: [72e3126ceab69819a346e7b7b6c55097, findElement {value=//mat-label[contains(text(), 'Biudžetas, Eur')]/ancestor::mat-form-field//common-decimal-input/input, using=xpath}]
Capabilities {acceptInsecureCerts: false, browserName: chrome, browserVersion: 131.0.6778.205, chrome: {chromedriverVersion: 131.0.6778.204 (52183f9e99a..., userDataDir: C:\Users\INGRID~1.ZAD\AppDa...}, fedcm:accounts: true, goog:chromeOptions: {debuggerAddress: localhost:65154}, networkConnectionEnabled: false, pageLoadStrategy: normal, platformName: windows, proxy: Proxy(), se:cdp: ws://localhost:65154/devtoo..., se:cdpVersion: 131.0.6778.205, setWindowRect: true, strictFileInteractability: false, timeouts: {implicit: 0, pageLoad: 300000, script: 30000}, unhandledPromptBehavior: dismiss and notify, webauthn:extension:credBlob: true, webauthn:extension:largeBlob: true, webauthn:extension:minPinLength: true, webauthn:extension:prf: true, webauthn:virtualAuthenticators: true}
Session ID: 72e3126ceab69819a346e7b7b6c55097
	at java.base/jdk.internal.reflect.DirectConstructorHandleAccessor.newInstance(DirectConstructorHandleAccessor.java:62)
	at java.base/java.lang.reflect.Constructor.newInstanceWithCaller(Constructor.java:502)
	at java.base/java.lang.reflect.Constructor.newInstance(Constructor.java:486)
	at org.openqa.selenium.remote.ErrorCodec.decode(ErrorCodec.java:167)
	at org.openqa.selenium.remote.codec.w3c.W3CHttpResponseCodec.decode(W3CHttpResponseCodec.java:138)
	at org.openqa.selenium.remote.codec.w3c.W3CHttpResponseCodec.decode(W3CHttpResponseCodec.java:50)
	at org.openqa.selenium.remote.HttpCommandExecutor.execute(HttpCommandExecutor.java:190)
	at org.openqa.selenium.remote.service.DriverCommandExecutor.invokeExecute(DriverCommandExecutor.java:216)
	at org.openqa.selenium.remote.service.DriverCommandExecutor.execute(DriverCommandExecutor.java:174)
	at org.openqa.selenium.remote.RemoteWebDriver.execute(RemoteWebDriver.java:545)
	at org.openqa.selenium.remote.ElementLocation$ElementFinder$2.findElement(ElementLocation.java:165)
	at org.openqa.selenium.remote.ElementLocation.findElement(ElementLocation.java:59)
	at org.openqa.selenium.remote.RemoteWebDriver.findElement(RemoteWebDriver.java:368)
	at org.openqa.selenium.remote.RemoteWebDriver.findElement(RemoteWebDriver.java:362)
	at org.openqa.selenium.support.pagefactory.DefaultElementLocator.findElement(DefaultElementLocator.java:68)
	at org.openqa.selenium.support.pagefactory.internal.LocatingElementHandler.invoke(LocatingElementHandler.java:38)
	at jdk.proxy2/jdk.proxy2.$Proxy14.sendKeys(Unknown Source)
	at lt.insoft.uztis.pages.InvitationsPage.enterBudget(InvitationsPage.java:431)
	at lt.insoft.uztis.tests.InvitationsPageTest.testCreateNewPvkInvitation(InvitationsPageTest.java:643)
	at java.base/jdk.internal.reflect.DirectMethodHandleAccessor.invoke(DirectMethodHandleAccessor.java:103)
	at java.base/java.lang.reflect.Method.invoke(Method.java:580)
	at org.junit.platform.commons.util.ReflectionUtils.invokeMethod(ReflectionUtils.java:728)
	at org.junit.jupiter.engine.execution.MethodInvocation.proceed(MethodInvocation.java:60)
	at org.junit.jupiter.engine.execution.InvocationInterceptorChain$ValidatingInvocation.proceed(InvocationInterceptorChain.java:131)
	at org.junit.jupiter.engine.extension.TimeoutExtension.intercept(TimeoutExtension.java:156)
	at org.junit.jupiter.engine.extension.TimeoutExtension.interceptTestableMethod(TimeoutExtension.java:147)
	at org.junit.jupiter.engine.extension.TimeoutExtension.interceptTestMethod(TimeoutExtension.java:86)
	at org.junit.jupiter.engine.execution.InterceptingExecutableInvoker$ReflectiveInterceptorCall.lambda$ofVoidMethod$0(InterceptingExecutableInvoker.java:103)
	at org.junit.jupiter.engine.execution.InterceptingExecutableInvoker.lambda$invoke$0(InterceptingExecutableInvoker.java:93)
	at org.junit.jupiter.engine.execution.InvocationInterceptorChain$InterceptedInvocation.proceed(InvocationInterceptorChain.java:106)
	at org.junit.jupiter.engine.execution.InvocationInterceptorChain.proceed(InvocationInterceptorChain.java:64)
	at org.junit.jupiter.engine.execution.InvocationInterceptorChain.chainAndInvoke(InvocationInterceptorChain.java:45)
	at org.junit.jupiter.engine.execution.InvocationInterceptorChain.invoke(InvocationInterceptorChain.java:37)
	at org.junit.jupiter.engine.execution.InterceptingExecutableInvoker.invoke(InterceptingExecutableInvoker.java:92)
	at org.junit.jupiter.engine.execution.InterceptingExecutableInvoker.invoke(InterceptingExecutableInvoker.java:86)
	at org.junit.jupiter.engine.descriptor.TestMethodTestDescriptor.lambda$invokeTestMethod$7(TestMethodTestDescriptor.java:218)
	at org.junit.platform.engine.support.hierarchical.ThrowableCollector.execute(ThrowableCollector.java:73)
	at org.junit.jupiter.engine.descriptor.TestMethodTestDescriptor.invokeTestMethod(TestMethodTestDescriptor.java:214)
	at org.junit.jupiter.engine.descriptor.TestMethodTestDescriptor.execute(TestMethodTestDescriptor.java:139)
	at org.junit.jupiter.engine.descriptor.TestMethodTestDescriptor.execute(TestMethodTestDescriptor.java:69)
	at org.junit.platform.engine.support.hierarchical.NodeTestTask.lambda$executeRecursively$6(NodeTestTask.java:151)
	at org.junit.platform.engine.support.hierarchical.ThrowableCollector.execute(ThrowableCollector.java:73)
	at org.junit.platform.engine.support.hierarchical.NodeTestTask.lambda$executeRecursively$8(NodeTestTask.java:141)
	at org.junit.platform.engine.support.hierarchical.Node.around(Node.java:137)
	at org.junit.platform.engine.support.hierarchical.NodeTestTask.lambda$executeRecursively$9(NodeTestTask.java:139)
	at org.junit.platform.engine.support.hierarchical.ThrowableCollector.execute(ThrowableCollector.java:73)
	at org.junit.platform.engine.support.hierarchical.NodeTestTask.executeRecursively(NodeTestTask.java:138)
	at org.junit.platform.engine.support.hierarchical.NodeTestTask.execute(NodeTestTask.java:95)
	at java.base/java.util.ArrayList.forEach(ArrayList.java:1596)
	at org.junit.platform.engine.support.hierarchical.SameThreadHierarchicalTestExecutorService.invokeAll(SameThreadHierarchicalTestExecutorService.java:41)
	at org.junit.platform.engine.support.hierarchical.NodeTestTask.lambda$executeRecursively$6(NodeTestTask.java:155)
	at org.junit.platform.engine.support.hierarchical.ThrowableCollector.execute(ThrowableCollector.java:73)
	at org.junit.platform.engine.support.hierarchical.NodeTestTask.lambda$executeRecursively$8(NodeTestTask.java:141)
	at org.junit.platform.engine.support.hierarchical.Node.around(Node.java:137)
	at org.junit.platform.engine.support.hierarchical.NodeTestTask.lambda$executeRecursively$9(NodeTestTask.java:139)
	at org.junit.platform.engine.support.hierarchical.ThrowableCollector.execute(ThrowableCollector.java:73)
	at org.junit.platform.engine.support.hierarchical.NodeTestTask.executeRecursively(NodeTestTask.java:138)
	at org.junit.platform.engine.support.hierarchical.NodeTestTask.execute(NodeTestTask.java:95)
	at java.base/java.util.ArrayList.forEach(ArrayList.java:1596)
	at org.junit.platform.engine.support.hierarchical.SameThreadHierarchicalTestExecutorService.invokeAll(SameThreadHierarchicalTestExecutorService.java:41)
	at org.junit.platform.engine.support.hierarchical.NodeTestTask.lambda$executeRecursively$6(NodeTestTask.java:155)
	at org.junit.platform.engine.support.hierarchical.ThrowableCollector.execute(ThrowableCollector.java:73)
	at org.junit.platform.engine.support.hierarchical.NodeTestTask.lambda$executeRecursively$8(NodeTestTask.java:141)
	at org.junit.platform.engine.support.hierarchical.Node.around(Node.java:137)
	at org.junit.platform.engine.support.hierarchical.NodeTestTask.lambda$executeRecursively$9(NodeTestTask.java:139)
	at org.junit.platform.engine.support.hierarchical.ThrowableCollector.execute(ThrowableCollector.java:73)
	at org.junit.platform.engine.support.hierarchical.NodeTestTask.executeRecursively(NodeTestTask.java:138)
	at org.junit.platform.engine.support.hierarchical.NodeTestTask.execute(NodeTestTask.java:95)
	at org.junit.platform.engine.support.hierarchical.SameThreadHierarchicalTestExecutorService.submit(SameThreadHierarchicalTestExecutorService.java:35)
	at org.junit.platform.engine.support.hierarchical.HierarchicalTestExecutor.execute(HierarchicalTestExecutor.java:57)
	at org.junit.platform.engine.support.hierarchical.HierarchicalTestEngine.execute(HierarchicalTestEngine.java:54)
	at org.junit.platform.launcher.core.EngineExecutionOrchestrator.execute(EngineExecutionOrchestrator.java:198)
	at org.junit.platform.launcher.core.EngineExecutionOrchestrator.execute(EngineExecutionOrchestrator.java:169)
	at org.junit.platform.launcher.core.EngineExecutionOrchestrator.execute(EngineExecutionOrchestrator.java:93)
	at org.junit.platform.launcher.core.EngineExecutionOrchestrator.lambda$execute$0(EngineExecutionOrchestrator.java:58)
	at org.junit.platform.launcher.core.EngineExecutionOrchestrator.withInterceptedStreams(EngineExecutionOrchestrator.java:141)
	at org.junit.platform.launcher.core.EngineExecutionOrchestrator.execute(EngineExecutionOrchestrator.java:57)
	at org.junit.platform.launcher.core.DefaultLauncher.execute(DefaultLauncher.java:103)
	at org.junit.platform.launcher.core.DefaultLauncher.execute(DefaultLauncher.java:85)
	at org.junit.platform.launcher.core.DelegatingLauncher.execute(DelegatingLauncher.java:47)
	at org.junit.platform.launcher.core.SessionPerRequestLauncher.execute(SessionPerRequestLauncher.java:63)
	at com.intellij.junit5.JUnit5IdeaTestRunner.startRunnerWithArgs(JUnit5IdeaTestRunner.java:57)
	at com.intellij.rt.junit.IdeaTestRunner$Repeater$1.execute(IdeaTestRunner.java:38)
	at com.intellij.rt.execution.junit.TestsRepeater.repeat(TestsRepeater.java:11)
	at com.intellij.rt.junit.IdeaTestRunner$Repeater.startRunnerWithArgs(IdeaTestRunner.java:35)
	at com.intellij.rt.junit.JUnitStarter.prepareStreamsAndStart(JUnitStarter.java:232)
	at com.intellij.rt.junit.JUnitStarter.main(JUnitStarter.java:55)
2025-01-03 14:44:40 [main] INFO  l.insoft.uztis.tests.utils.TestUtils - Screenshot moved to C:\Users\ingrida.zadorozniene\Desktop\Asm\UZTIS\UZTIS_tests\test-output\screenshots\20250103\144440546_testCreateNewPvkInvitation().png
2025-01-03 14:54:49 [main] INFO  lt.insoft.uztis.tests.UztisPageTest - Navigated to https://uztisdev.asseco.lt/home
2025-01-03 14:54:49 [main] INFO  l.i.uztis.tests.InvitationsPageTest - Starting test:'testCreateNewPvkInvitation'
2025-01-03 14:54:49 [main] DEBUG l.i.uztis.tests.InvitationsPageTest - Opened 'Application Processing' menu.
2025-01-03 14:54:50 [main] DEBUG l.i.uztis.tests.InvitationsPageTest - Clicked on 'Application Forms' menu.
2025-01-03 14:54:50 [main] DEBUG l.i.uztis.tests.InvitationsPageTest - Navigating to application forms menu.
2025-01-03 14:54:50 [main] DEBUG l.i.uztis.tests.InvitationsPageTest - Retrieved last description code text: 'TST-PVK-36'.
2025-01-03 14:54:50 [main] DEBUG l.i.uztis.tests.InvitationsPageTest - Clicked on 'Invitation' menu.
2025-01-03 14:54:50 [main] DEBUG l.i.uztis.tests.InvitationsPageTest - Clicked 'Create New Application Form'.
2025-01-03 14:54:51 [main] DEBUG l.i.uztis.tests.InvitationsPageTest - Selected section by code: 'TST-PVK-36'.
2025-01-03 14:54:51 [main] DEBUG l.i.uztis.tests.InvitationsPageTest - Selected invitation number from the list.
2025-01-03 14:54:52 [main] DEBUG l.i.uztis.tests.InvitationsPageTest - Entered current date.
2025-01-03 14:54:52 [main] DEBUG l.i.uztis.tests.InvitationsPageTest - Entered start time: 00:00.
2025-01-03 14:54:52 [main] DEBUG l.i.uztis.tests.InvitationsPageTest - Entered end date.
2025-01-03 14:54:53 [main] DEBUG l.i.uztis.tests.InvitationsPageTest - Entered end time: 11:11.
2025-01-03 14:54:53 [main] DEBUG l.i.uztis.tests.InvitationsPageTest - Entered publication end date.
2025-01-03 14:54:53 [main] DEBUG l.i.uztis.tests.InvitationsPageTest - Added additional values.
2025-01-03 14:54:53 [main] INFO  l.insoft.uztis.pages.InvitationsPage - Located the dropdown button.
2025-01-03 14:54:53 [main] INFO  l.insoft.uztis.pages.InvitationsPage - Successfully selected the value: 'Didžiausia galima paramos suma aplinkos darbo vietai, Eur'
2025-01-03 14:54:53 [main] DEBUG l.i.uztis.tests.InvitationsPageTest - Selected the value: 'Didžiausia galima paramos suma aplinkos darbo vietai, Eur'
2025-01-03 14:54:53 [main] INFO  l.insoft.uztis.pages.InvitationsPage - Located the dropdown button.
2025-01-03 14:54:54 [main] INFO  l.insoft.uztis.pages.InvitationsPage - Successfully selected the value: 'Didžiausia galima paramos suma, Eur'
2025-01-03 14:54:54 [main] DEBUG l.i.uztis.tests.InvitationsPageTest - Selected the value: 'Didžiausia galima paramos suma, Eur'
2025-01-03 14:54:54 [main] INFO  l.insoft.uztis.pages.InvitationsPage - Located the dropdown button.
2025-01-03 14:54:54 [main] INFO  l.insoft.uztis.pages.InvitationsPage - Successfully selected the value: 'Didžiausia galima paramos suma vienai darbo vietai, Eur'
2025-01-03 14:54:54 [main] DEBUG l.i.uztis.tests.InvitationsPageTest - Selected the value: 'Didžiausia galima paramos suma vienai darbo vietai, Eur'
2025-01-03 14:54:54 [main] DEBUG l.i.uztis.tests.InvitationsPageTest - Entered value: 11000
2025-01-03 14:54:54 [main] DEBUG l.i.uztis.tests.InvitationsPageTest - Entered value: 12000
2025-01-03 14:54:55 [main] DEBUG l.i.uztis.tests.InvitationsPageTest - Entered value: 13000
2025-01-03 14:54:55 [main] DEBUG l.i.uztis.tests.InvitationsPageTest - Checked 'Legal Entities' checkbox.
2025-01-03 14:54:55 [main] DEBUG l.i.uztis.tests.InvitationsPageTest - Unchecked 'Persons Registered with Employment Service' checkbox.
2025-01-03 14:54:55 [main] DEBUG l.i.uztis.tests.InvitationsPageTest - Checked 'Persons Registered as Employers' checkbox.
2025-01-03 14:54:55 [main] DEBUG l.i.uztis.tests.InvitationsPageTest - Entered second evaluation grade: '5'.
2025-01-03 14:54:55 [main] DEBUG l.i.uztis.tests.InvitationsPageTest - Entered third evaluation grade: '6'.
2025-01-03 14:54:55 [main] DEBUG l.i.uztis.tests.InvitationsPageTest - Entered second evaluation grade weight: '0,45'.
2025-01-03 14:54:55 [main] DEBUG l.i.uztis.tests.InvitationsPageTest - Entered third evaluation grade weight: '0,55'.
2025-01-03 14:54:55 [main] DEBUG l.i.uztis.tests.InvitationsPageTest - Entered budget: '2000'.
2025-01-03 14:54:56 [main] DEBUG l.i.uztis.tests.InvitationsPageTest - Entered description text: 'Aprašo tekstas'.
2025-01-03 14:54:56 [main] DEBUG l.i.uztis.tests.InvitationsPageTest - Entered applicants text: 'Pareiškėjų tekstas'.
2025-01-03 14:54:56 [main] DEBUG l.i.uztis.tests.InvitationsPageTest - Entered expenditures text: 'Išlaidų tekstas'.
2025-01-03 14:54:56 [main] DEBUG l.i.uztis.tests.InvitationsPageTest - Entered legislation text: 'Teisės aktų tekstas'.
2025-01-03 14:54:56 [main] DEBUG l.i.uztis.tests.InvitationsPageTest - Entered education text: 'Mokymų tekstas'.
2025-01-03 14:54:56 [main] DEBUG l.i.uztis.tests.InvitationsPageTest - File uploaded.
2025-01-03 14:54:56 [main] DEBUG l.i.uztis.tests.InvitationsPageTest - Clicked 'Publish'.
2025-01-03 14:55:07 [main] ERROR l.i.uztis.tests.InvitationsPageTest - Test 'testCreateNewPvkInvitation' failed with error: no such element: Unable to locate element: {"method":"css selector","selector":".reverse-mobile .ng-star-inserted:nth-of-type(2)"}
  (Session info: chrome=131.0.6778.205)
For documentation on this error, please visit: https://www.selenium.dev/documentation/webdriver/troubleshooting/errors#no-such-element-exception
Build info: version: '4.27.0', revision: 'd6e718d134'
System info: os.name: 'Windows 11', os.arch: 'amd64', os.version: '10.0', java.version: '21.0.3'
Driver info: org.openqa.selenium.chrome.ChromeDriver
Command: [cc40c512b2381a8e7bccabc06f0f2b87, findElement {value=.reverse-mobile .ng-star-inserted:nth-of-type(2), using=css selector}]
Capabilities {acceptInsecureCerts: false, browserName: chrome, browserVersion: 131.0.6778.205, chrome: {chromedriverVersion: 131.0.6778.204 (52183f9e99a..., userDataDir: C:\Users\INGRID~1.ZAD\AppDa...}, fedcm:accounts: true, goog:chromeOptions: {debuggerAddress: localhost:65500}, networkConnectionEnabled: false, pageLoadStrategy: normal, platformName: windows, proxy: Proxy(), se:cdp: ws://localhost:65500/devtoo..., se:cdpVersion: 131.0.6778.205, setWindowRect: true, strictFileInteractability: false, timeouts: {implicit: 0, pageLoad: 300000, script: 30000}, unhandledPromptBehavior: dismiss and notify, webauthn:extension:credBlob: true, webauthn:extension:largeBlob: true, webauthn:extension:minPinLength: true, webauthn:extension:prf: true, webauthn:virtualAuthenticators: true}
Session ID: cc40c512b2381a8e7bccabc06f0f2b87
org.openqa.selenium.NoSuchElementException: no such element: Unable to locate element: {"method":"css selector","selector":".reverse-mobile .ng-star-inserted:nth-of-type(2)"}
  (Session info: chrome=131.0.6778.205)
For documentation on this error, please visit: https://www.selenium.dev/documentation/webdriver/troubleshooting/errors#no-such-element-exception
Build info: version: '4.27.0', revision: 'd6e718d134'
System info: os.name: 'Windows 11', os.arch: 'amd64', os.version: '10.0', java.version: '21.0.3'
Driver info: org.openqa.selenium.chrome.ChromeDriver
Command: [cc40c512b2381a8e7bccabc06f0f2b87, findElement {value=.reverse-mobile .ng-star-inserted:nth-of-type(2), using=css selector}]
Capabilities {acceptInsecureCerts: false, browserName: chrome, browserVersion: 131.0.6778.205, chrome: {chromedriverVersion: 131.0.6778.204 (52183f9e99a..., userDataDir: C:\Users\INGRID~1.ZAD\AppDa...}, fedcm:accounts: true, goog:chromeOptions: {debuggerAddress: localhost:65500}, networkConnectionEnabled: false, pageLoadStrategy: normal, platformName: windows, proxy: Proxy(), se:cdp: ws://localhost:65500/devtoo..., se:cdpVersion: 131.0.6778.205, setWindowRect: true, strictFileInteractability: false, timeouts: {implicit: 0, pageLoad: 300000, script: 30000}, unhandledPromptBehavior: dismiss and notify, webauthn:extension:credBlob: true, webauthn:extension:largeBlob: true, webauthn:extension:minPinLength: true, webauthn:extension:prf: true, webauthn:virtualAuthenticators: true}
Session ID: cc40c512b2381a8e7bccabc06f0f2b87
	at java.base/jdk.internal.reflect.DirectConstructorHandleAccessor.newInstance(DirectConstructorHandleAccessor.java:62)
	at java.base/java.lang.reflect.Constructor.newInstanceWithCaller(Constructor.java:502)
	at java.base/java.lang.reflect.Constructor.newInstance(Constructor.java:486)
	at org.openqa.selenium.remote.ErrorCodec.decode(ErrorCodec.java:167)
	at org.openqa.selenium.remote.codec.w3c.W3CHttpResponseCodec.decode(W3CHttpResponseCodec.java:138)
	at org.openqa.selenium.remote.codec.w3c.W3CHttpResponseCodec.decode(W3CHttpResponseCodec.java:50)
	at org.openqa.selenium.remote.HttpCommandExecutor.execute(HttpCommandExecutor.java:190)
	at org.openqa.selenium.remote.service.DriverCommandExecutor.invokeExecute(DriverCommandExecutor.java:216)
	at org.openqa.selenium.remote.service.DriverCommandExecutor.execute(DriverCommandExecutor.java:174)
	at org.openqa.selenium.remote.RemoteWebDriver.execute(RemoteWebDriver.java:545)
	at org.openqa.selenium.remote.ElementLocation$ElementFinder$2.findElement(ElementLocation.java:165)
	at org.openqa.selenium.remote.ElementLocation.findElement(ElementLocation.java:59)
	at org.openqa.selenium.remote.RemoteWebDriver.findElement(RemoteWebDriver.java:368)
	at org.openqa.selenium.remote.RemoteWebDriver.findElement(RemoteWebDriver.java:362)
	at org.openqa.selenium.support.pagefactory.DefaultElementLocator.findElement(DefaultElementLocator.java:68)
	at org.openqa.selenium.support.pagefactory.internal.LocatingElementHandler.invoke(LocatingElementHandler.java:38)
	at jdk.proxy2/jdk.proxy2.$Proxy14.click(Unknown Source)
	at lt.insoft.uztis.pages.InvitationsPage.clickButtonPublicationConfirmation(InvitationsPage.java:483)
	at lt.insoft.uztis.tests.InvitationsPageTest.testCreateNewPvkInvitation(InvitationsPageTest.java:672)
	at java.base/jdk.internal.reflect.DirectMethodHandleAccessor.invoke(DirectMethodHandleAccessor.java:103)
	at java.base/java.lang.reflect.Method.invoke(Method.java:580)
	at org.junit.platform.commons.util.ReflectionUtils.invokeMethod(ReflectionUtils.java:728)
	at org.junit.jupiter.engine.execution.MethodInvocation.proceed(MethodInvocation.java:60)
	at org.junit.jupiter.engine.execution.InvocationInterceptorChain$ValidatingInvocation.proceed(InvocationInterceptorChain.java:131)
	at org.junit.jupiter.engine.extension.TimeoutExtension.intercept(TimeoutExtension.java:156)
	at org.junit.jupiter.engine.extension.TimeoutExtension.interceptTestableMethod(TimeoutExtension.java:147)
	at org.junit.jupiter.engine.extension.TimeoutExtension.interceptTestMethod(TimeoutExtension.java:86)
	at org.junit.jupiter.engine.execution.InterceptingExecutableInvoker$ReflectiveInterceptorCall.lambda$ofVoidMethod$0(InterceptingExecutableInvoker.java:103)
	at org.junit.jupiter.engine.execution.InterceptingExecutableInvoker.lambda$invoke$0(InterceptingExecutableInvoker.java:93)
	at org.junit.jupiter.engine.execution.InvocationInterceptorChain$InterceptedInvocation.proceed(InvocationInterceptorChain.java:106)
	at org.junit.jupiter.engine.execution.InvocationInterceptorChain.proceed(InvocationInterceptorChain.java:64)
	at org.junit.jupiter.engine.execution.InvocationInterceptorChain.chainAndInvoke(InvocationInterceptorChain.java:45)
	at org.junit.jupiter.engine.execution.InvocationInterceptorChain.invoke(InvocationInterceptorChain.java:37)
	at org.junit.jupiter.engine.execution.InterceptingExecutableInvoker.invoke(InterceptingExecutableInvoker.java:92)
	at org.junit.jupiter.engine.execution.InterceptingExecutableInvoker.invoke(InterceptingExecutableInvoker.java:86)
	at org.junit.jupiter.engine.descriptor.TestMethodTestDescriptor.lambda$invokeTestMethod$7(TestMethodTestDescriptor.java:218)
	at org.junit.platform.engine.support.hierarchical.ThrowableCollector.execute(ThrowableCollector.java:73)
	at org.junit.jupiter.engine.descriptor.TestMethodTestDescriptor.invokeTestMethod(TestMethodTestDescriptor.java:214)
	at org.junit.jupiter.engine.descriptor.TestMethodTestDescriptor.execute(TestMethodTestDescriptor.java:139)
	at org.junit.jupiter.engine.descriptor.TestMethodTestDescriptor.execute(TestMethodTestDescriptor.java:69)
	at org.junit.platform.engine.support.hierarchical.NodeTestTask.lambda$executeRecursively$6(NodeTestTask.java:151)
	at org.junit.platform.engine.support.hierarchical.ThrowableCollector.execute(ThrowableCollector.java:73)
	at org.junit.platform.engine.support.hierarchical.NodeTestTask.lambda$executeRecursively$8(NodeTestTask.java:141)
	at org.junit.platform.engine.support.hierarchical.Node.around(Node.java:137)
	at org.junit.platform.engine.support.hierarchical.NodeTestTask.lambda$executeRecursively$9(NodeTestTask.java:139)
	at org.junit.platform.engine.support.hierarchical.ThrowableCollector.execute(ThrowableCollector.java:73)
	at org.junit.platform.engine.support.hierarchical.NodeTestTask.executeRecursively(NodeTestTask.java:138)
	at org.junit.platform.engine.support.hierarchical.NodeTestTask.execute(NodeTestTask.java:95)
	at java.base/java.util.ArrayList.forEach(ArrayList.java:1596)
	at org.junit.platform.engine.support.hierarchical.SameThreadHierarchicalTestExecutorService.invokeAll(SameThreadHierarchicalTestExecutorService.java:41)
	at org.junit.platform.engine.support.hierarchical.NodeTestTask.lambda$executeRecursively$6(NodeTestTask.java:155)
	at org.junit.platform.engine.support.hierarchical.ThrowableCollector.execute(ThrowableCollector.java:73)
	at org.junit.platform.engine.support.hierarchical.NodeTestTask.lambda$executeRecursively$8(NodeTestTask.java:141)
	at org.junit.platform.engine.support.hierarchical.Node.around(Node.java:137)
	at org.junit.platform.engine.support.hierarchical.NodeTestTask.lambda$executeRecursively$9(NodeTestTask.java:139)
	at org.junit.platform.engine.support.hierarchical.ThrowableCollector.execute(ThrowableCollector.java:73)
	at org.junit.platform.engine.support.hierarchical.NodeTestTask.executeRecursively(NodeTestTask.java:138)
	at org.junit.platform.engine.support.hierarchical.NodeTestTask.execute(NodeTestTask.java:95)
	at java.base/java.util.ArrayList.forEach(ArrayList.java:1596)
	at org.junit.platform.engine.support.hierarchical.SameThreadHierarchicalTestExecutorService.invokeAll(SameThreadHierarchicalTestExecutorService.java:41)
	at org.junit.platform.engine.support.hierarchical.NodeTestTask.lambda$executeRecursively$6(NodeTestTask.java:155)
	at org.junit.platform.engine.support.hierarchical.ThrowableCollector.execute(ThrowableCollector.java:73)
	at org.junit.platform.engine.support.hierarchical.NodeTestTask.lambda$executeRecursively$8(NodeTestTask.java:141)
	at org.junit.platform.engine.support.hierarchical.Node.around(Node.java:137)
	at org.junit.platform.engine.support.hierarchical.NodeTestTask.lambda$executeRecursively$9(NodeTestTask.java:139)
	at org.junit.platform.engine.support.hierarchical.ThrowableCollector.execute(ThrowableCollector.java:73)
	at org.junit.platform.engine.support.hierarchical.NodeTestTask.executeRecursively(NodeTestTask.java:138)
	at org.junit.platform.engine.support.hierarchical.NodeTestTask.execute(NodeTestTask.java:95)
	at org.junit.platform.engine.support.hierarchical.SameThreadHierarchicalTestExecutorService.submit(SameThreadHierarchicalTestExecutorService.java:35)
	at org.junit.platform.engine.support.hierarchical.HierarchicalTestExecutor.execute(HierarchicalTestExecutor.java:57)
	at org.junit.platform.engine.support.hierarchical.HierarchicalTestEngine.execute(HierarchicalTestEngine.java:54)
	at org.junit.platform.launcher.core.EngineExecutionOrchestrator.execute(EngineExecutionOrchestrator.java:198)
	at org.junit.platform.launcher.core.EngineExecutionOrchestrator.execute(EngineExecutionOrchestrator.java:169)
	at org.junit.platform.launcher.core.EngineExecutionOrchestrator.execute(EngineExecutionOrchestrator.java:93)
	at org.junit.platform.launcher.core.EngineExecutionOrchestrator.lambda$execute$0(EngineExecutionOrchestrator.java:58)
	at org.junit.platform.launcher.core.EngineExecutionOrchestrator.withInterceptedStreams(EngineExecutionOrchestrator.java:141)
	at org.junit.platform.launcher.core.EngineExecutionOrchestrator.execute(EngineExecutionOrchestrator.java:57)
	at org.junit.platform.launcher.core.DefaultLauncher.execute(DefaultLauncher.java:103)
	at org.junit.platform.launcher.core.DefaultLauncher.execute(DefaultLauncher.java:85)
	at org.junit.platform.launcher.core.DelegatingLauncher.execute(DelegatingLauncher.java:47)
	at org.junit.platform.launcher.core.SessionPerRequestLauncher.execute(SessionPerRequestLauncher.java:63)
	at com.intellij.junit5.JUnit5IdeaTestRunner.startRunnerWithArgs(JUnit5IdeaTestRunner.java:57)
	at com.intellij.rt.junit.IdeaTestRunner$Repeater$1.execute(IdeaTestRunner.java:38)
	at com.intellij.rt.execution.junit.TestsRepeater.repeat(TestsRepeater.java:11)
	at com.intellij.rt.junit.IdeaTestRunner$Repeater.startRunnerWithArgs(IdeaTestRunner.java:35)
	at com.intellij.rt.junit.JUnitStarter.prepareStreamsAndStart(JUnitStarter.java:232)
	at com.intellij.rt.junit.JUnitStarter.main(JUnitStarter.java:55)
2025-01-03 14:55:07 [main] INFO  l.insoft.uztis.tests.utils.TestUtils - Screenshot moved to C:\Users\ingrida.zadorozniene\Desktop\Asm\UZTIS\UZTIS_tests\test-output\screenshots\20250103\145507211_testCreateNewPvkInvitation().png
2025-01-03 14:56:51 [main] INFO  lt.insoft.uztis.tests.UztisPageTest - Navigated to https://uztisdev.asseco.lt/home
2025-01-03 14:56:51 [main] INFO  l.i.uztis.tests.InvitationsPageTest - Starting test:'testCreateNewPvkInvitation'
2025-01-03 14:56:51 [main] DEBUG l.i.uztis.tests.InvitationsPageTest - Opened 'Application Processing' menu.
2025-01-03 14:56:52 [main] DEBUG l.i.uztis.tests.InvitationsPageTest - Clicked on 'Application Forms' menu.
2025-01-03 14:56:52 [main] DEBUG l.i.uztis.tests.InvitationsPageTest - Navigating to application forms menu.
2025-01-03 14:56:52 [main] DEBUG l.i.uztis.tests.InvitationsPageTest - Retrieved last description code text: 'TST-PVK-36'.
2025-01-03 14:56:52 [main] DEBUG l.i.uztis.tests.InvitationsPageTest - Clicked on 'Invitation' menu.
2025-01-03 14:56:52 [main] DEBUG l.i.uztis.tests.InvitationsPageTest - Clicked 'Create New Application Form'.
2025-01-03 14:56:52 [main] DEBUG l.i.uztis.tests.InvitationsPageTest - Selected section by code: 'TST-PVK-36'.
2025-01-03 14:56:53 [main] DEBUG l.i.uztis.tests.InvitationsPageTest - Selected invitation number from the list.
2025-01-03 14:56:53 [main] DEBUG l.i.uztis.tests.InvitationsPageTest - Entered current date.
2025-01-03 14:56:54 [main] DEBUG l.i.uztis.tests.InvitationsPageTest - Entered start time: 00:00.
2025-01-03 14:56:54 [main] DEBUG l.i.uztis.tests.InvitationsPageTest - Entered end date.
2025-01-03 14:56:54 [main] DEBUG l.i.uztis.tests.InvitationsPageTest - Entered end time: 11:11.
2025-01-03 14:56:55 [main] DEBUG l.i.uztis.tests.InvitationsPageTest - Entered publication end date.
2025-01-03 14:56:55 [main] DEBUG l.i.uztis.tests.InvitationsPageTest - Added additional values.
2025-01-03 14:56:55 [main] INFO  l.insoft.uztis.pages.InvitationsPage - Located the dropdown button.
2025-01-03 14:56:55 [main] INFO  l.insoft.uztis.pages.InvitationsPage - Successfully selected the value: 'Didžiausia galima paramos suma aplinkos darbo vietai, Eur'
2025-01-03 14:56:55 [main] DEBUG l.i.uztis.tests.InvitationsPageTest - Selected the value: 'Didžiausia galima paramos suma aplinkos darbo vietai, Eur'
2025-01-03 14:56:55 [main] INFO  l.insoft.uztis.pages.InvitationsPage - Located the dropdown button.
2025-01-03 14:56:55 [main] INFO  l.insoft.uztis.pages.InvitationsPage - Successfully selected the value: 'Didžiausia galima paramos suma, Eur'
2025-01-03 14:56:55 [main] DEBUG l.i.uztis.tests.InvitationsPageTest - Selected the value: 'Didžiausia galima paramos suma, Eur'
2025-01-03 14:56:55 [main] INFO  l.insoft.uztis.pages.InvitationsPage - Located the dropdown button.
2025-01-03 14:56:56 [main] INFO  l.insoft.uztis.pages.InvitationsPage - Successfully selected the value: 'Didžiausia galima paramos suma vienai darbo vietai, Eur'
2025-01-03 14:56:56 [main] DEBUG l.i.uztis.tests.InvitationsPageTest - Selected the value: 'Didžiausia galima paramos suma vienai darbo vietai, Eur'
2025-01-03 14:56:56 [main] DEBUG l.i.uztis.tests.InvitationsPageTest - Entered value: 11000
2025-01-03 14:56:56 [main] DEBUG l.i.uztis.tests.InvitationsPageTest - Entered value: 12000
2025-01-03 14:56:56 [main] DEBUG l.i.uztis.tests.InvitationsPageTest - Entered value: 13000
2025-01-03 14:56:56 [main] DEBUG l.i.uztis.tests.InvitationsPageTest - Checked 'Legal Entities' checkbox.
2025-01-03 14:56:57 [main] DEBUG l.i.uztis.tests.InvitationsPageTest - Unchecked 'Persons Registered with Employment Service' checkbox.
2025-01-03 14:56:57 [main] DEBUG l.i.uztis.tests.InvitationsPageTest - Checked 'Persons Registered as Employers' checkbox.
2025-01-03 14:56:57 [main] DEBUG l.i.uztis.tests.InvitationsPageTest - Entered second evaluation grade: '5'.
2025-01-03 14:56:57 [main] DEBUG l.i.uztis.tests.InvitationsPageTest - Entered third evaluation grade: '6'.
2025-01-03 14:56:57 [main] DEBUG l.i.uztis.tests.InvitationsPageTest - Entered second evaluation grade weight: '0,45'.
2025-01-03 14:56:57 [main] DEBUG l.i.uztis.tests.InvitationsPageTest - Entered third evaluation grade weight: '0,55'.
2025-01-03 14:56:57 [main] DEBUG l.i.uztis.tests.InvitationsPageTest - Entered budget: '2000'.
2025-01-03 14:56:57 [main] DEBUG l.i.uztis.tests.InvitationsPageTest - Entered description text: 'Aprašo tekstas'.
2025-01-03 14:56:57 [main] DEBUG l.i.uztis.tests.InvitationsPageTest - Entered applicants text: 'Pareiškėjų tekstas'.
2025-01-03 14:56:58 [main] DEBUG l.i.uztis.tests.InvitationsPageTest - Entered expenditures text: 'Išlaidų tekstas'.
2025-01-03 14:56:58 [main] DEBUG l.i.uztis.tests.InvitationsPageTest - Entered legislation text: 'Teisės aktų tekstas'.
2025-01-03 14:56:58 [main] DEBUG l.i.uztis.tests.InvitationsPageTest - Entered education text: 'Mokymų tekstas'.
2025-01-03 14:56:58 [main] DEBUG l.i.uztis.tests.InvitationsPageTest - File uploaded.
2025-01-03 14:56:58 [main] DEBUG l.i.uztis.tests.InvitationsPageTest - Clicked 'Publish'.
2025-01-03 14:57:05 [main] ERROR l.i.uztis.tests.InvitationsPageTest - Test 'testCreateNewPvkInvitation' failed with error: Error communicating with the remote browser. It may have died.
Build info: version: '4.27.0', revision: 'd6e718d134'
System info: os.name: 'Windows 11', os.arch: 'amd64', os.version: '10.0', java.version: '21.0.3'
Driver info: org.openqa.selenium.chrome.ChromeDriver
Command: [1f0f5acba1a67d1455a2a7ae09bce9f8, findElement [using, value]]
Capabilities {acceptInsecureCerts: false, browserName: chrome, browserVersion: 131.0.6778.205, chrome: {chromedriverVersion: 131.0.6778.204 (52183f9e99a..., userDataDir: C:\Users\INGRID~1.ZAD\AppDa...}, fedcm:accounts: true, goog:chromeOptions: {debuggerAddress: localhost:49202}, networkConnectionEnabled: false, pageLoadStrategy: normal, platformName: windows, proxy: Proxy(), se:cdp: ws://localhost:49202/devtoo..., se:cdpVersion: 131.0.6778.205, setWindowRect: true, strictFileInteractability: false, timeouts: {implicit: 0, pageLoad: 300000, script: 30000}, unhandledPromptBehavior: dismiss and notify, webauthn:extension:credBlob: true, webauthn:extension:largeBlob: true, webauthn:extension:minPinLength: true, webauthn:extension:prf: true, webauthn:virtualAuthenticators: true}
Session ID: 1f0f5acba1a67d1455a2a7ae09bce9f8
org.openqa.selenium.remote.UnreachableBrowserException: Error communicating with the remote browser. It may have died.
Build info: version: '4.27.0', revision: 'd6e718d134'
System info: os.name: 'Windows 11', os.arch: 'amd64', os.version: '10.0', java.version: '21.0.3'
Driver info: org.openqa.selenium.chrome.ChromeDriver
Command: [1f0f5acba1a67d1455a2a7ae09bce9f8, findElement [using, value]]
Capabilities {acceptInsecureCerts: false, browserName: chrome, browserVersion: 131.0.6778.205, chrome: {chromedriverVersion: 131.0.6778.204 (52183f9e99a..., userDataDir: C:\Users\INGRID~1.ZAD\AppDa...}, fedcm:accounts: true, goog:chromeOptions: {debuggerAddress: localhost:49202}, networkConnectionEnabled: false, pageLoadStrategy: normal, platformName: windows, proxy: Proxy(), se:cdp: ws://localhost:49202/devtoo..., se:cdpVersion: 131.0.6778.205, setWindowRect: true, strictFileInteractability: false, timeouts: {implicit: 0, pageLoad: 300000, script: 30000}, unhandledPromptBehavior: dismiss and notify, webauthn:extension:credBlob: true, webauthn:extension:largeBlob: true, webauthn:extension:minPinLength: true, webauthn:extension:prf: true, webauthn:virtualAuthenticators: true}
Session ID: 1f0f5acba1a67d1455a2a7ae09bce9f8
	at org.openqa.selenium.remote.RemoteWebDriver.execute(RemoteWebDriver.java:572)
	at org.openqa.selenium.remote.ElementLocation$ElementFinder$2.findElement(ElementLocation.java:165)
	at org.openqa.selenium.remote.ElementLocation.findElement(ElementLocation.java:59)
	at org.openqa.selenium.remote.RemoteWebDriver.findElement(RemoteWebDriver.java:368)
	at org.openqa.selenium.remote.RemoteWebDriver.findElement(RemoteWebDriver.java:362)
	at org.openqa.selenium.support.pagefactory.DefaultElementLocator.findElement(DefaultElementLocator.java:68)
	at org.openqa.selenium.support.pagefactory.internal.LocatingElementHandler.invoke(LocatingElementHandler.java:38)
	at jdk.proxy2/jdk.proxy2.$Proxy14.click(Unknown Source)
	at lt.insoft.uztis.pages.InvitationsPage.clickButtonPublicationConfirmation(InvitationsPage.java:483)
	at lt.insoft.uztis.tests.InvitationsPageTest.testCreateNewPvkInvitation(InvitationsPageTest.java:672)
	at java.base/jdk.internal.reflect.DirectMethodHandleAccessor.invoke(DirectMethodHandleAccessor.java:103)
	at java.base/java.lang.reflect.Method.invoke(Method.java:580)
	at org.junit.platform.commons.util.ReflectionUtils.invokeMethod(ReflectionUtils.java:728)
	at org.junit.jupiter.engine.execution.MethodInvocation.proceed(MethodInvocation.java:60)
	at org.junit.jupiter.engine.execution.InvocationInterceptorChain$ValidatingInvocation.proceed(InvocationInterceptorChain.java:131)
	at org.junit.jupiter.engine.extension.TimeoutExtension.intercept(TimeoutExtension.java:156)
	at org.junit.jupiter.engine.extension.TimeoutExtension.interceptTestableMethod(TimeoutExtension.java:147)
	at org.junit.jupiter.engine.extension.TimeoutExtension.interceptTestMethod(TimeoutExtension.java:86)
	at org.junit.jupiter.engine.execution.InterceptingExecutableInvoker$ReflectiveInterceptorCall.lambda$ofVoidMethod$0(InterceptingExecutableInvoker.java:103)
	at org.junit.jupiter.engine.execution.InterceptingExecutableInvoker.lambda$invoke$0(InterceptingExecutableInvoker.java:93)
	at org.junit.jupiter.engine.execution.InvocationInterceptorChain$InterceptedInvocation.proceed(InvocationInterceptorChain.java:106)
	at org.junit.jupiter.engine.execution.InvocationInterceptorChain.proceed(InvocationInterceptorChain.java:64)
	at org.junit.jupiter.engine.execution.InvocationInterceptorChain.chainAndInvoke(InvocationInterceptorChain.java:45)
	at org.junit.jupiter.engine.execution.InvocationInterceptorChain.invoke(InvocationInterceptorChain.java:37)
	at org.junit.jupiter.engine.execution.InterceptingExecutableInvoker.invoke(InterceptingExecutableInvoker.java:92)
	at org.junit.jupiter.engine.execution.InterceptingExecutableInvoker.invoke(InterceptingExecutableInvoker.java:86)
	at org.junit.jupiter.engine.descriptor.TestMethodTestDescriptor.lambda$invokeTestMethod$7(TestMethodTestDescriptor.java:218)
	at org.junit.platform.engine.support.hierarchical.ThrowableCollector.execute(ThrowableCollector.java:73)
	at org.junit.jupiter.engine.descriptor.TestMethodTestDescriptor.invokeTestMethod(TestMethodTestDescriptor.java:214)
	at org.junit.jupiter.engine.descriptor.TestMethodTestDescriptor.execute(TestMethodTestDescriptor.java:139)
	at org.junit.jupiter.engine.descriptor.TestMethodTestDescriptor.execute(TestMethodTestDescriptor.java:69)
	at org.junit.platform.engine.support.hierarchical.NodeTestTask.lambda$executeRecursively$6(NodeTestTask.java:151)
	at org.junit.platform.engine.support.hierarchical.ThrowableCollector.execute(ThrowableCollector.java:73)
	at org.junit.platform.engine.support.hierarchical.NodeTestTask.lambda$executeRecursively$8(NodeTestTask.java:141)
	at org.junit.platform.engine.support.hierarchical.Node.around(Node.java:137)
	at org.junit.platform.engine.support.hierarchical.NodeTestTask.lambda$executeRecursively$9(NodeTestTask.java:139)
	at org.junit.platform.engine.support.hierarchical.ThrowableCollector.execute(ThrowableCollector.java:73)
	at org.junit.platform.engine.support.hierarchical.NodeTestTask.executeRecursively(NodeTestTask.java:138)
	at org.junit.platform.engine.support.hierarchical.NodeTestTask.execute(NodeTestTask.java:95)
	at java.base/java.util.ArrayList.forEach(ArrayList.java:1596)
	at org.junit.platform.engine.support.hierarchical.SameThreadHierarchicalTestExecutorService.invokeAll(SameThreadHierarchicalTestExecutorService.java:41)
	at org.junit.platform.engine.support.hierarchical.NodeTestTask.lambda$executeRecursively$6(NodeTestTask.java:155)
	at org.junit.platform.engine.support.hierarchical.ThrowableCollector.execute(ThrowableCollector.java:73)
	at org.junit.platform.engine.support.hierarchical.NodeTestTask.lambda$executeRecursively$8(NodeTestTask.java:141)
	at org.junit.platform.engine.support.hierarchical.Node.around(Node.java:137)
	at org.junit.platform.engine.support.hierarchical.NodeTestTask.lambda$executeRecursively$9(NodeTestTask.java:139)
	at org.junit.platform.engine.support.hierarchical.ThrowableCollector.execute(ThrowableCollector.java:73)
	at org.junit.platform.engine.support.hierarchical.NodeTestTask.executeRecursively(NodeTestTask.java:138)
	at org.junit.platform.engine.support.hierarchical.NodeTestTask.execute(NodeTestTask.java:95)
	at java.base/java.util.ArrayList.forEach(ArrayList.java:1596)
	at org.junit.platform.engine.support.hierarchical.SameThreadHierarchicalTestExecutorService.invokeAll(SameThreadHierarchicalTestExecutorService.java:41)
	at org.junit.platform.engine.support.hierarchical.NodeTestTask.lambda$executeRecursively$6(NodeTestTask.java:155)
	at org.junit.platform.engine.support.hierarchical.ThrowableCollector.execute(ThrowableCollector.java:73)
	at org.junit.platform.engine.support.hierarchical.NodeTestTask.lambda$executeRecursively$8(NodeTestTask.java:141)
	at org.junit.platform.engine.support.hierarchical.Node.around(Node.java:137)
	at org.junit.platform.engine.support.hierarchical.NodeTestTask.lambda$executeRecursively$9(NodeTestTask.java:139)
	at org.junit.platform.engine.support.hierarchical.ThrowableCollector.execute(ThrowableCollector.java:73)
	at org.junit.platform.engine.support.hierarchical.NodeTestTask.executeRecursively(NodeTestTask.java:138)
	at org.junit.platform.engine.support.hierarchical.NodeTestTask.execute(NodeTestTask.java:95)
	at org.junit.platform.engine.support.hierarchical.SameThreadHierarchicalTestExecutorService.submit(SameThreadHierarchicalTestExecutorService.java:35)
	at org.junit.platform.engine.support.hierarchical.HierarchicalTestExecutor.execute(HierarchicalTestExecutor.java:57)
	at org.junit.platform.engine.support.hierarchical.HierarchicalTestEngine.execute(HierarchicalTestEngine.java:54)
	at org.junit.platform.launcher.core.EngineExecutionOrchestrator.execute(EngineExecutionOrchestrator.java:198)
	at org.junit.platform.launcher.core.EngineExecutionOrchestrator.execute(EngineExecutionOrchestrator.java:169)
	at org.junit.platform.launcher.core.EngineExecutionOrchestrator.execute(EngineExecutionOrchestrator.java:93)
	at org.junit.platform.launcher.core.EngineExecutionOrchestrator.lambda$execute$0(EngineExecutionOrchestrator.java:58)
	at org.junit.platform.launcher.core.EngineExecutionOrchestrator.withInterceptedStreams(EngineExecutionOrchestrator.java:141)
	at org.junit.platform.launcher.core.EngineExecutionOrchestrator.execute(EngineExecutionOrchestrator.java:57)
	at org.junit.platform.launcher.core.DefaultLauncher.execute(DefaultLauncher.java:103)
	at org.junit.platform.launcher.core.DefaultLauncher.execute(DefaultLauncher.java:85)
	at org.junit.platform.launcher.core.DelegatingLauncher.execute(DelegatingLauncher.java:47)
	at org.junit.platform.launcher.core.SessionPerRequestLauncher.execute(SessionPerRequestLauncher.java:63)
	at com.intellij.junit5.JUnit5IdeaTestRunner.startRunnerWithArgs(JUnit5IdeaTestRunner.java:57)
	at com.intellij.rt.junit.IdeaTestRunner$Repeater$1.execute(IdeaTestRunner.java:38)
	at com.intellij.rt.execution.junit.TestsRepeater.repeat(TestsRepeater.java:11)
	at com.intellij.rt.junit.IdeaTestRunner$Repeater.startRunnerWithArgs(IdeaTestRunner.java:35)
	at com.intellij.rt.junit.JUnitStarter.prepareStreamsAndStart(JUnitStarter.java:232)
	at com.intellij.rt.junit.JUnitStarter.main(JUnitStarter.java:55)
Caused by: java.io.UncheckedIOException: java.io.IOException: HTTP/1.1 header parser received no bytes
	at org.openqa.selenium.remote.http.jdk.JdkHttpClient.execute0(JdkHttpClient.java:496)
	at org.openqa.selenium.remote.http.AddSeleniumUserAgent.lambda$apply$0(AddSeleniumUserAgent.java:42)
	at org.openqa.selenium.remote.http.Filter.lambda$andFinally$1(Filter.java:55)
	at org.openqa.selenium.remote.http.jdk.JdkHttpClient.lambda$executeAsync$1(JdkHttpClient.java:383)
	at java.base/java.util.concurrent.Executors$RunnableAdapter.call(Executors.java:572)
	at java.base/java.util.concurrent.FutureTask.run(FutureTask.java:317)
	at java.base/java.util.concurrent.ThreadPoolExecutor.runWorker(ThreadPoolExecutor.java:1144)
	at java.base/java.util.concurrent.ThreadPoolExecutor$Worker.run(ThreadPoolExecutor.java:642)
	at java.base/java.lang.Thread.run(Thread.java:1583)
Caused by: java.io.IOException: HTTP/1.1 header parser received no bytes
	at java.net.http/jdk.internal.net.http.HttpClientImpl.send(HttpClientImpl.java:964)
	at java.net.http/jdk.internal.net.http.HttpClientFacade.send(HttpClientFacade.java:133)
	at org.openqa.selenium.remote.http.jdk.JdkHttpClient.execute0(JdkHttpClient.java:455)
	... 8 common frames omitted
Caused by: java.io.IOException: HTTP/1.1 header parser received no bytes
	at java.net.http/jdk.internal.net.http.common.Utils.wrapWithExtraDetail(Utils.java:388)
	at java.net.http/jdk.internal.net.http.Http1Response$HeadersReader.onReadError(Http1Response.java:590)
	at java.net.http/jdk.internal.net.http.Http1AsyncReceiver.checkForErrors(Http1AsyncReceiver.java:302)
	at java.net.http/jdk.internal.net.http.Http1AsyncReceiver.flush(Http1AsyncReceiver.java:268)
	at java.net.http/jdk.internal.net.http.common.SequentialScheduler$LockingRestartableTask.run(SequentialScheduler.java:182)
	at java.net.http/jdk.internal.net.http.common.SequentialScheduler$CompleteRestartableTask.run(SequentialScheduler.java:149)
	at java.net.http/jdk.internal.net.http.common.SequentialScheduler$SchedulableTask.run(SequentialScheduler.java:207)
	... 3 common frames omitted
Caused by: java.net.SocketException: Connection reset
	at java.base/sun.nio.ch.SocketChannelImpl.throwConnectionReset(SocketChannelImpl.java:401)
	at java.base/sun.nio.ch.SocketChannelImpl.read(SocketChannelImpl.java:434)
	at java.net.http/jdk.internal.net.http.SocketTube.readAvailable(SocketTube.java:1178)
	at java.net.http/jdk.internal.net.http.SocketTube$InternalReadPublisher$InternalReadSubscription.read(SocketTube.java:841)
	at java.net.http/jdk.internal.net.http.SocketTube$SocketFlowTask.run(SocketTube.java:181)
	at java.net.http/jdk.internal.net.http.common.SequentialScheduler$SchedulableTask.run(SequentialScheduler.java:207)
	at java.net.http/jdk.internal.net.http.common.SequentialScheduler.runOrSchedule(SequentialScheduler.java:280)
	at java.net.http/jdk.internal.net.http.common.SequentialScheduler.runOrSchedule(SequentialScheduler.java:233)
	at java.net.http/jdk.internal.net.http.SocketTube$InternalReadPublisher$InternalReadSubscription.signalReadable(SocketTube.java:782)
	at java.net.http/jdk.internal.net.http.SocketTube$InternalReadPublisher$ReadEvent.signalEvent(SocketTube.java:965)
	at java.net.http/jdk.internal.net.http.SocketTube$SocketFlowEvent.handle(SocketTube.java:253)
	at java.net.http/jdk.internal.net.http.HttpClientImpl$SelectorManager.handleEvent(HttpClientImpl.java:1467)
	at java.net.http/jdk.internal.net.http.HttpClientImpl$SelectorManager.lambda$run$3(HttpClientImpl.java:1412)
	at java.base/java.util.ArrayList.forEach(ArrayList.java:1596)
	at java.net.http/jdk.internal.net.http.HttpClientImpl$SelectorManager.run(HttpClientImpl.java:1412)
2025-01-03 14:58:14 [main] INFO  lt.insoft.uztis.tests.UztisPageTest - Navigated to https://uztisdev.asseco.lt/home
2025-01-03 14:58:14 [main] INFO  l.i.uztis.tests.InvitationsPageTest - Starting test:'testCreateNewPvkInvitation'
2025-01-03 14:58:14 [main] DEBUG l.i.uztis.tests.InvitationsPageTest - Opened 'Application Processing' menu.
2025-01-03 14:58:14 [main] DEBUG l.i.uztis.tests.InvitationsPageTest - Clicked on 'Application Forms' menu.
2025-01-03 14:58:14 [main] DEBUG l.i.uztis.tests.InvitationsPageTest - Navigating to application forms menu.
2025-01-03 14:58:14 [main] DEBUG l.i.uztis.tests.InvitationsPageTest - Retrieved last description code text: 'TST-PVK-36'.
2025-01-03 14:58:14 [main] DEBUG l.i.uztis.tests.InvitationsPageTest - Clicked on 'Invitation' menu.
2025-01-03 14:58:15 [main] DEBUG l.i.uztis.tests.InvitationsPageTest - Clicked 'Create New Application Form'.
2025-01-03 14:58:15 [main] DEBUG l.i.uztis.tests.InvitationsPageTest - Selected section by code: 'TST-PVK-36'.
2025-01-03 14:58:16 [main] DEBUG l.i.uztis.tests.InvitationsPageTest - Selected invitation number from the list.
2025-01-03 14:58:16 [main] DEBUG l.i.uztis.tests.InvitationsPageTest - Entered current date.
2025-01-03 14:58:16 [main] DEBUG l.i.uztis.tests.InvitationsPageTest - Entered start time: 00:00.
2025-01-03 14:58:17 [main] DEBUG l.i.uztis.tests.InvitationsPageTest - Entered end date.
2025-01-03 14:58:17 [main] DEBUG l.i.uztis.tests.InvitationsPageTest - Entered end time: 11:11.
2025-01-03 14:58:17 [main] DEBUG l.i.uztis.tests.InvitationsPageTest - Entered publication end date.
2025-01-03 14:58:17 [main] DEBUG l.i.uztis.tests.InvitationsPageTest - Added additional values.
2025-01-03 14:58:17 [main] INFO  l.insoft.uztis.pages.InvitationsPage - Located the dropdown button.
2025-01-03 14:58:18 [main] INFO  l.insoft.uztis.pages.InvitationsPage - Successfully selected the value: 'Didžiausia galima paramos suma aplinkos darbo vietai, Eur'
2025-01-03 14:58:18 [main] DEBUG l.i.uztis.tests.InvitationsPageTest - Selected the value: 'Didžiausia galima paramos suma aplinkos darbo vietai, Eur'
2025-01-03 14:58:18 [main] INFO  l.insoft.uztis.pages.InvitationsPage - Located the dropdown button.
2025-01-03 14:58:18 [main] INFO  l.insoft.uztis.pages.InvitationsPage - Successfully selected the value: 'Didžiausia galima paramos suma, Eur'
2025-01-03 14:58:18 [main] DEBUG l.i.uztis.tests.InvitationsPageTest - Selected the value: 'Didžiausia galima paramos suma, Eur'
2025-01-03 14:58:18 [main] INFO  l.insoft.uztis.pages.InvitationsPage - Located the dropdown button.
2025-01-03 14:58:18 [main] INFO  l.insoft.uztis.pages.InvitationsPage - Successfully selected the value: 'Didžiausia galima paramos suma vienai darbo vietai, Eur'
2025-01-03 14:58:18 [main] DEBUG l.i.uztis.tests.InvitationsPageTest - Selected the value: 'Didžiausia galima paramos suma vienai darbo vietai, Eur'
2025-01-03 14:58:19 [main] DEBUG l.i.uztis.tests.InvitationsPageTest - Entered value: 11000
2025-01-03 14:58:19 [main] DEBUG l.i.uztis.tests.InvitationsPageTest - Entered value: 12000
2025-01-03 14:58:19 [main] DEBUG l.i.uztis.tests.InvitationsPageTest - Entered value: 13000
2025-01-03 14:58:19 [main] DEBUG l.i.uztis.tests.InvitationsPageTest - Checked 'Legal Entities' checkbox.
2025-01-03 14:58:19 [main] DEBUG l.i.uztis.tests.InvitationsPageTest - Unchecked 'Persons Registered with Employment Service' checkbox.
2025-01-03 14:58:19 [main] DEBUG l.i.uztis.tests.InvitationsPageTest - Checked 'Persons Registered as Employers' checkbox.
2025-01-03 14:58:19 [main] DEBUG l.i.uztis.tests.InvitationsPageTest - Entered second evaluation grade: '5'.
2025-01-03 14:58:19 [main] DEBUG l.i.uztis.tests.InvitationsPageTest - Entered third evaluation grade: '6'.
2025-01-03 14:58:20 [main] DEBUG l.i.uztis.tests.InvitationsPageTest - Entered second evaluation grade weight: '0,45'.
2025-01-03 14:58:20 [main] DEBUG l.i.uztis.tests.InvitationsPageTest - Entered third evaluation grade weight: '0,55'.
2025-01-03 14:58:30 [main] ERROR l.i.uztis.tests.InvitationsPageTest - Test 'testCreateNewPvkInvitation' failed with error: no such element: Unable to locate element: {"method":"xpath","selector":"//input[@id='common-decimal-input-133' and ancestor::div//mat-label[contains(text(), 'Suma, Eur')]]"}
  (Session info: chrome=131.0.6778.205)
For documentation on this error, please visit: https://www.selenium.dev/documentation/webdriver/troubleshooting/errors#no-such-element-exception
Build info: version: '4.27.0', revision: 'd6e718d134'
System info: os.name: 'Windows 11', os.arch: 'amd64', os.version: '10.0', java.version: '21.0.3'
Driver info: org.openqa.selenium.chrome.ChromeDriver
Command: [29a9e97f29abc817b7be84ec0ca016e9, findElement {value=//input[@id='common-decimal-input-133' and ancestor::div//mat-label[contains(text(), 'Suma, Eur')]], using=xpath}]
Capabilities {acceptInsecureCerts: false, browserName: chrome, browserVersion: 131.0.6778.205, chrome: {chromedriverVersion: 131.0.6778.204 (52183f9e99a..., userDataDir: C:\Users\INGRID~1.ZAD\AppDa...}, fedcm:accounts: true, goog:chromeOptions: {debuggerAddress: localhost:49267}, networkConnectionEnabled: false, pageLoadStrategy: normal, platformName: windows, proxy: Proxy(), se:cdp: ws://localhost:49267/devtoo..., se:cdpVersion: 131.0.6778.205, setWindowRect: true, strictFileInteractability: false, timeouts: {implicit: 0, pageLoad: 300000, script: 30000}, unhandledPromptBehavior: dismiss and notify, webauthn:extension:credBlob: true, webauthn:extension:largeBlob: true, webauthn:extension:minPinLength: true, webauthn:extension:prf: true, webauthn:virtualAuthenticators: true}
Session ID: 29a9e97f29abc817b7be84ec0ca016e9
org.openqa.selenium.NoSuchElementException: no such element: Unable to locate element: {"method":"xpath","selector":"//input[@id='common-decimal-input-133' and ancestor::div//mat-label[contains(text(), 'Suma, Eur')]]"}
  (Session info: chrome=131.0.6778.205)
For documentation on this error, please visit: https://www.selenium.dev/documentation/webdriver/troubleshooting/errors#no-such-element-exception
Build info: version: '4.27.0', revision: 'd6e718d134'
System info: os.name: 'Windows 11', os.arch: 'amd64', os.version: '10.0', java.version: '21.0.3'
Driver info: org.openqa.selenium.chrome.ChromeDriver
Command: [29a9e97f29abc817b7be84ec0ca016e9, findElement {value=//input[@id='common-decimal-input-133' and ancestor::div//mat-label[contains(text(), 'Suma, Eur')]], using=xpath}]
Capabilities {acceptInsecureCerts: false, browserName: chrome, browserVersion: 131.0.6778.205, chrome: {chromedriverVersion: 131.0.6778.204 (52183f9e99a..., userDataDir: C:\Users\INGRID~1.ZAD\AppDa...}, fedcm:accounts: true, goog:chromeOptions: {debuggerAddress: localhost:49267}, networkConnectionEnabled: false, pageLoadStrategy: normal, platformName: windows, proxy: Proxy(), se:cdp: ws://localhost:49267/devtoo..., se:cdpVersion: 131.0.6778.205, setWindowRect: true, strictFileInteractability: false, timeouts: {implicit: 0, pageLoad: 300000, script: 30000}, unhandledPromptBehavior: dismiss and notify, webauthn:extension:credBlob: true, webauthn:extension:largeBlob: true, webauthn:extension:minPinLength: true, webauthn:extension:prf: true, webauthn:virtualAuthenticators: true}
Session ID: 29a9e97f29abc817b7be84ec0ca016e9
	at java.base/jdk.internal.reflect.DirectConstructorHandleAccessor.newInstance(DirectConstructorHandleAccessor.java:62)
	at java.base/java.lang.reflect.Constructor.newInstanceWithCaller(Constructor.java:502)
	at java.base/java.lang.reflect.Constructor.newInstance(Constructor.java:486)
	at org.openqa.selenium.remote.ErrorCodec.decode(ErrorCodec.java:167)
	at org.openqa.selenium.remote.codec.w3c.W3CHttpResponseCodec.decode(W3CHttpResponseCodec.java:138)
	at org.openqa.selenium.remote.codec.w3c.W3CHttpResponseCodec.decode(W3CHttpResponseCodec.java:50)
	at org.openqa.selenium.remote.HttpCommandExecutor.execute(HttpCommandExecutor.java:190)
	at org.openqa.selenium.remote.service.DriverCommandExecutor.invokeExecute(DriverCommandExecutor.java:216)
	at org.openqa.selenium.remote.service.DriverCommandExecutor.execute(DriverCommandExecutor.java:174)
	at org.openqa.selenium.remote.RemoteWebDriver.execute(RemoteWebDriver.java:545)
	at org.openqa.selenium.remote.ElementLocation$ElementFinder$2.findElement(ElementLocation.java:165)
	at org.openqa.selenium.remote.ElementLocation.findElement(ElementLocation.java:59)
	at org.openqa.selenium.remote.RemoteWebDriver.findElement(RemoteWebDriver.java:368)
	at org.openqa.selenium.remote.RemoteWebDriver.findElement(RemoteWebDriver.java:362)
	at org.openqa.selenium.support.pagefactory.DefaultElementLocator.findElement(DefaultElementLocator.java:68)
	at org.openqa.selenium.support.pagefactory.internal.LocatingElementHandler.invoke(LocatingElementHandler.java:38)
	at jdk.proxy2/jdk.proxy2.$Proxy14.sendKeys(Unknown Source)
	at lt.insoft.uztis.pages.InvitationsPage.enterBudgetKaunas(InvitationsPage.java:439)
	at lt.insoft.uztis.tests.InvitationsPageTest.testCreateNewPvkInvitation(InvitationsPageTest.java:643)
	at java.base/jdk.internal.reflect.DirectMethodHandleAccessor.invoke(DirectMethodHandleAccessor.java:103)
	at java.base/java.lang.reflect.Method.invoke(Method.java:580)
	at org.junit.platform.commons.util.ReflectionUtils.invokeMethod(ReflectionUtils.java:728)
	at org.junit.jupiter.engine.execution.MethodInvocation.proceed(MethodInvocation.java:60)
	at org.junit.jupiter.engine.execution.InvocationInterceptorChain$ValidatingInvocation.proceed(InvocationInterceptorChain.java:131)
	at org.junit.jupiter.engine.extension.TimeoutExtension.intercept(TimeoutExtension.java:156)
	at org.junit.jupiter.engine.extension.TimeoutExtension.interceptTestableMethod(TimeoutExtension.java:147)
	at org.junit.jupiter.engine.extension.TimeoutExtension.interceptTestMethod(TimeoutExtension.java:86)
	at org.junit.jupiter.engine.execution.InterceptingExecutableInvoker$ReflectiveInterceptorCall.lambda$ofVoidMethod$0(InterceptingExecutableInvoker.java:103)
	at org.junit.jupiter.engine.execution.InterceptingExecutableInvoker.lambda$invoke$0(InterceptingExecutableInvoker.java:93)
	at org.junit.jupiter.engine.execution.InvocationInterceptorChain$InterceptedInvocation.proceed(InvocationInterceptorChain.java:106)
	at org.junit.jupiter.engine.execution.InvocationInterceptorChain.proceed(InvocationInterceptorChain.java:64)
	at org.junit.jupiter.engine.execution.InvocationInterceptorChain.chainAndInvoke(InvocationInterceptorChain.java:45)
	at org.junit.jupiter.engine.execution.InvocationInterceptorChain.invoke(InvocationInterceptorChain.java:37)
	at org.junit.jupiter.engine.execution.InterceptingExecutableInvoker.invoke(InterceptingExecutableInvoker.java:92)
	at org.junit.jupiter.engine.execution.InterceptingExecutableInvoker.invoke(InterceptingExecutableInvoker.java:86)
	at org.junit.jupiter.engine.descriptor.TestMethodTestDescriptor.lambda$invokeTestMethod$7(TestMethodTestDescriptor.java:218)
	at org.junit.platform.engine.support.hierarchical.ThrowableCollector.execute(ThrowableCollector.java:73)
	at org.junit.jupiter.engine.descriptor.TestMethodTestDescriptor.invokeTestMethod(TestMethodTestDescriptor.java:214)
	at org.junit.jupiter.engine.descriptor.TestMethodTestDescriptor.execute(TestMethodTestDescriptor.java:139)
	at org.junit.jupiter.engine.descriptor.TestMethodTestDescriptor.execute(TestMethodTestDescriptor.java:69)
	at org.junit.platform.engine.support.hierarchical.NodeTestTask.lambda$executeRecursively$6(NodeTestTask.java:151)
	at org.junit.platform.engine.support.hierarchical.ThrowableCollector.execute(ThrowableCollector.java:73)
	at org.junit.platform.engine.support.hierarchical.NodeTestTask.lambda$executeRecursively$8(NodeTestTask.java:141)
	at org.junit.platform.engine.support.hierarchical.Node.around(Node.java:137)
	at org.junit.platform.engine.support.hierarchical.NodeTestTask.lambda$executeRecursively$9(NodeTestTask.java:139)
	at org.junit.platform.engine.support.hierarchical.ThrowableCollector.execute(ThrowableCollector.java:73)
	at org.junit.platform.engine.support.hierarchical.NodeTestTask.executeRecursively(NodeTestTask.java:138)
	at org.junit.platform.engine.support.hierarchical.NodeTestTask.execute(NodeTestTask.java:95)
	at java.base/java.util.ArrayList.forEach(ArrayList.java:1596)
	at org.junit.platform.engine.support.hierarchical.SameThreadHierarchicalTestExecutorService.invokeAll(SameThreadHierarchicalTestExecutorService.java:41)
	at org.junit.platform.engine.support.hierarchical.NodeTestTask.lambda$executeRecursively$6(NodeTestTask.java:155)
	at org.junit.platform.engine.support.hierarchical.ThrowableCollector.execute(ThrowableCollector.java:73)
	at org.junit.platform.engine.support.hierarchical.NodeTestTask.lambda$executeRecursively$8(NodeTestTask.java:141)
	at org.junit.platform.engine.support.hierarchical.Node.around(Node.java:137)
	at org.junit.platform.engine.support.hierarchical.NodeTestTask.lambda$executeRecursively$9(NodeTestTask.java:139)
	at org.junit.platform.engine.support.hierarchical.ThrowableCollector.execute(ThrowableCollector.java:73)
	at org.junit.platform.engine.support.hierarchical.NodeTestTask.executeRecursively(NodeTestTask.java:138)
	at org.junit.platform.engine.support.hierarchical.NodeTestTask.execute(NodeTestTask.java:95)
	at java.base/java.util.ArrayList.forEach(ArrayList.java:1596)
	at org.junit.platform.engine.support.hierarchical.SameThreadHierarchicalTestExecutorService.invokeAll(SameThreadHierarchicalTestExecutorService.java:41)
	at org.junit.platform.engine.support.hierarchical.NodeTestTask.lambda$executeRecursively$6(NodeTestTask.java:155)
	at org.junit.platform.engine.support.hierarchical.ThrowableCollector.execute(ThrowableCollector.java:73)
	at org.junit.platform.engine.support.hierarchical.NodeTestTask.lambda$executeRecursively$8(NodeTestTask.java:141)
	at org.junit.platform.engine.support.hierarchical.Node.around(Node.java:137)
	at org.junit.platform.engine.support.hierarchical.NodeTestTask.lambda$executeRecursively$9(NodeTestTask.java:139)
	at org.junit.platform.engine.support.hierarchical.ThrowableCollector.execute(ThrowableCollector.java:73)
	at org.junit.platform.engine.support.hierarchical.NodeTestTask.executeRecursively(NodeTestTask.java:138)
	at org.junit.platform.engine.support.hierarchical.NodeTestTask.execute(NodeTestTask.java:95)
	at org.junit.platform.engine.support.hierarchical.SameThreadHierarchicalTestExecutorService.submit(SameThreadHierarchicalTestExecutorService.java:35)
	at org.junit.platform.engine.support.hierarchical.HierarchicalTestExecutor.execute(HierarchicalTestExecutor.java:57)
	at org.junit.platform.engine.support.hierarchical.HierarchicalTestEngine.execute(HierarchicalTestEngine.java:54)
	at org.junit.platform.launcher.core.EngineExecutionOrchestrator.execute(EngineExecutionOrchestrator.java:198)
	at org.junit.platform.launcher.core.EngineExecutionOrchestrator.execute(EngineExecutionOrchestrator.java:169)
	at org.junit.platform.launcher.core.EngineExecutionOrchestrator.execute(EngineExecutionOrchestrator.java:93)
	at org.junit.platform.launcher.core.EngineExecutionOrchestrator.lambda$execute$0(EngineExecutionOrchestrator.java:58)
	at org.junit.platform.launcher.core.EngineExecutionOrchestrator.withInterceptedStreams(EngineExecutionOrchestrator.java:141)
	at org.junit.platform.launcher.core.EngineExecutionOrchestrator.execute(EngineExecutionOrchestrator.java:57)
	at org.junit.platform.launcher.core.DefaultLauncher.execute(DefaultLauncher.java:103)
	at org.junit.platform.launcher.core.DefaultLauncher.execute(DefaultLauncher.java:85)
	at org.junit.platform.launcher.core.DelegatingLauncher.execute(DelegatingLauncher.java:47)
	at org.junit.platform.launcher.core.SessionPerRequestLauncher.execute(SessionPerRequestLauncher.java:63)
	at com.intellij.junit5.JUnit5IdeaTestRunner.startRunnerWithArgs(JUnit5IdeaTestRunner.java:57)
	at com.intellij.rt.junit.IdeaTestRunner$Repeater$1.execute(IdeaTestRunner.java:38)
	at com.intellij.rt.execution.junit.TestsRepeater.repeat(TestsRepeater.java:11)
	at com.intellij.rt.junit.IdeaTestRunner$Repeater.startRunnerWithArgs(IdeaTestRunner.java:35)
	at com.intellij.rt.junit.JUnitStarter.prepareStreamsAndStart(JUnitStarter.java:232)
	at com.intellij.rt.junit.JUnitStarter.main(JUnitStarter.java:55)
2025-01-03 14:58:30 [main] INFO  l.insoft.uztis.tests.utils.TestUtils - Screenshot moved to C:\Users\ingrida.zadorozniene\Desktop\Asm\UZTIS\UZTIS_tests\test-output\screenshots\20250103\145830326_testCreateNewPvkInvitation().png
2025-01-03 15:00:31 [main] INFO  lt.insoft.uztis.tests.UztisPageTest - Navigated to https://uztisdev.asseco.lt/home
2025-01-03 15:00:31 [main] INFO  l.i.uztis.tests.InvitationsPageTest - Starting test:'testCreateNewDvpInvitation'
2025-01-03 15:00:31 [main] DEBUG l.i.uztis.tests.InvitationsPageTest - Opened 'Application Processing' menu.
2025-01-03 15:00:31 [main] DEBUG l.i.uztis.tests.InvitationsPageTest - Clicked on 'Application Forms' menu.
2025-01-03 15:00:31 [main] DEBUG l.i.uztis.tests.InvitationsPageTest - Navigating to application forms menu.
2025-01-03 15:00:31 [main] DEBUG l.i.uztis.tests.InvitationsPageTest - Retrieved last description code text: 'TST-PVK-36'.
2025-01-03 15:00:32 [main] DEBUG l.i.uztis.tests.InvitationsPageTest - Clicked on 'Invitation' menu.
2025-01-03 15:00:32 [main] DEBUG l.i.uztis.tests.InvitationsPageTest - Clicked 'Create New Application Form'.
2025-01-03 15:00:32 [main] DEBUG l.i.uztis.tests.InvitationsPageTest - Selected section by code: 'TST-PVK-36'.
2025-01-03 15:00:33 [main] DEBUG l.i.uztis.tests.InvitationsPageTest - Selected invitation number from the list.
2025-01-03 15:00:33 [main] DEBUG l.i.uztis.tests.InvitationsPageTest - Entered current date.
2025-01-03 15:00:33 [main] DEBUG l.i.uztis.tests.InvitationsPageTest - Entered start time: 00:00.
2025-01-03 15:00:34 [main] DEBUG l.i.uztis.tests.InvitationsPageTest - Entered end date.
2025-01-03 15:00:34 [main] DEBUG l.i.uztis.tests.InvitationsPageTest - Entered end time: 11:11.
2025-01-03 15:00:34 [main] DEBUG l.i.uztis.tests.InvitationsPageTest - Entered publication end date.
2025-01-03 15:00:34 [main] DEBUG l.i.uztis.tests.InvitationsPageTest - Added additional values.
2025-01-03 15:00:34 [main] INFO  l.insoft.uztis.pages.InvitationsPage - Located the dropdown button.
2025-01-03 15:00:35 [main] INFO  l.insoft.uztis.pages.InvitationsPage - Successfully selected the value: 'Didžiausia galima paramos suma aplinkos darbo vietai, Eur'
2025-01-03 15:00:35 [main] DEBUG l.i.uztis.tests.InvitationsPageTest - Selected the value: 'Didžiausia galima paramos suma aplinkos darbo vietai, Eur'
2025-01-03 15:00:35 [main] INFO  l.insoft.uztis.pages.InvitationsPage - Located the dropdown button.
2025-01-03 15:00:35 [main] INFO  l.insoft.uztis.pages.InvitationsPage - Successfully selected the value: 'Didžiausia galima paramos suma, Eur'
2025-01-03 15:00:35 [main] DEBUG l.i.uztis.tests.InvitationsPageTest - Selected the value: 'Didžiausia galima paramos suma, Eur'
2025-01-03 15:00:35 [main] INFO  l.insoft.uztis.pages.InvitationsPage - Located the dropdown button.
2025-01-03 15:00:35 [main] INFO  l.insoft.uztis.pages.InvitationsPage - Successfully selected the value: 'Didžiausia galima paramos suma vienai darbo vietai, Eur'
2025-01-03 15:00:36 [main] DEBUG l.i.uztis.tests.InvitationsPageTest - Selected the value: 'Didžiausia galima paramos suma vienai darbo vietai, Eur'
2025-01-03 15:00:36 [main] DEBUG l.i.uztis.tests.InvitationsPageTest - Entered value: 11000
2025-01-03 15:00:36 [main] DEBUG l.i.uztis.tests.InvitationsPageTest - Entered value: 12000
2025-01-03 15:00:36 [main] DEBUG l.i.uztis.tests.InvitationsPageTest - Entered value: 13000
2025-01-03 15:00:36 [main] DEBUG l.i.uztis.tests.InvitationsPageTest - Checked 'Legal Entities' checkbox.
2025-01-03 15:00:36 [main] DEBUG l.i.uztis.tests.InvitationsPageTest - Unchecked 'Persons Registered with Employment Service' checkbox.
2025-01-03 15:00:37 [main] DEBUG l.i.uztis.tests.InvitationsPageTest - Checked 'Persons Registered as Employers' checkbox.
2025-01-03 15:00:47 [main] ERROR l.i.uztis.tests.InvitationsPageTest - Test 'testCreateNewDvpInvitation' failed with error: no such element: Unable to locate element: {"method":"xpath","selector":"//mat-label[contains(text(), 'Biudžetas, Eur')]/ancestor::mat-form-field//common-decimal-input/input"}
  (Session info: chrome=131.0.6778.205)
For documentation on this error, please visit: https://www.selenium.dev/documentation/webdriver/troubleshooting/errors#no-such-element-exception
Build info: version: '4.27.0', revision: 'd6e718d134'
System info: os.name: 'Windows 11', os.arch: 'amd64', os.version: '10.0', java.version: '21.0.3'
Driver info: org.openqa.selenium.chrome.ChromeDriver
Command: [12984dd6bbb9c36e0c31a2d2152599d5, findElement {value=//mat-label[contains(text(), 'Biudžetas, Eur')]/ancestor::mat-form-field//common-decimal-input/input, using=xpath}]
Capabilities {acceptInsecureCerts: false, browserName: chrome, browserVersion: 131.0.6778.205, chrome: {chromedriverVersion: 131.0.6778.204 (52183f9e99a..., userDataDir: C:\Users\INGRID~1.ZAD\AppDa...}, fedcm:accounts: true, goog:chromeOptions: {debuggerAddress: localhost:49362}, networkConnectionEnabled: false, pageLoadStrategy: normal, platformName: windows, proxy: Proxy(), se:cdp: ws://localhost:49362/devtoo..., se:cdpVersion: 131.0.6778.205, setWindowRect: true, strictFileInteractability: false, timeouts: {implicit: 0, pageLoad: 300000, script: 30000}, unhandledPromptBehavior: dismiss and notify, webauthn:extension:credBlob: true, webauthn:extension:largeBlob: true, webauthn:extension:minPinLength: true, webauthn:extension:prf: true, webauthn:virtualAuthenticators: true}
Session ID: 12984dd6bbb9c36e0c31a2d2152599d5
org.openqa.selenium.NoSuchElementException: no such element: Unable to locate element: {"method":"xpath","selector":"//mat-label[contains(text(), 'Biudžetas, Eur')]/ancestor::mat-form-field//common-decimal-input/input"}
  (Session info: chrome=131.0.6778.205)
For documentation on this error, please visit: https://www.selenium.dev/documentation/webdriver/troubleshooting/errors#no-such-element-exception
Build info: version: '4.27.0', revision: 'd6e718d134'
System info: os.name: 'Windows 11', os.arch: 'amd64', os.version: '10.0', java.version: '21.0.3'
Driver info: org.openqa.selenium.chrome.ChromeDriver
Command: [12984dd6bbb9c36e0c31a2d2152599d5, findElement {value=//mat-label[contains(text(), 'Biudžetas, Eur')]/ancestor::mat-form-field//common-decimal-input/input, using=xpath}]
Capabilities {acceptInsecureCerts: false, browserName: chrome, browserVersion: 131.0.6778.205, chrome: {chromedriverVersion: 131.0.6778.204 (52183f9e99a..., userDataDir: C:\Users\INGRID~1.ZAD\AppDa...}, fedcm:accounts: true, goog:chromeOptions: {debuggerAddress: localhost:49362}, networkConnectionEnabled: false, pageLoadStrategy: normal, platformName: windows, proxy: Proxy(), se:cdp: ws://localhost:49362/devtoo..., se:cdpVersion: 131.0.6778.205, setWindowRect: true, strictFileInteractability: false, timeouts: {implicit: 0, pageLoad: 300000, script: 30000}, unhandledPromptBehavior: dismiss and notify, webauthn:extension:credBlob: true, webauthn:extension:largeBlob: true, webauthn:extension:minPinLength: true, webauthn:extension:prf: true, webauthn:virtualAuthenticators: true}
Session ID: 12984dd6bbb9c36e0c31a2d2152599d5
	at java.base/jdk.internal.reflect.DirectConstructorHandleAccessor.newInstance(DirectConstructorHandleAccessor.java:62)
	at java.base/java.lang.reflect.Constructor.newInstanceWithCaller(Constructor.java:502)
	at java.base/java.lang.reflect.Constructor.newInstance(Constructor.java:486)
	at org.openqa.selenium.remote.ErrorCodec.decode(ErrorCodec.java:167)
	at org.openqa.selenium.remote.codec.w3c.W3CHttpResponseCodec.decode(W3CHttpResponseCodec.java:138)
	at org.openqa.selenium.remote.codec.w3c.W3CHttpResponseCodec.decode(W3CHttpResponseCodec.java:50)
	at org.openqa.selenium.remote.HttpCommandExecutor.execute(HttpCommandExecutor.java:190)
	at org.openqa.selenium.remote.service.DriverCommandExecutor.invokeExecute(DriverCommandExecutor.java:216)
	at org.openqa.selenium.remote.service.DriverCommandExecutor.execute(DriverCommandExecutor.java:174)
	at org.openqa.selenium.remote.RemoteWebDriver.execute(RemoteWebDriver.java:545)
	at org.openqa.selenium.remote.ElementLocation$ElementFinder$2.findElement(ElementLocation.java:165)
	at org.openqa.selenium.remote.ElementLocation.findElement(ElementLocation.java:59)
	at org.openqa.selenium.remote.RemoteWebDriver.findElement(RemoteWebDriver.java:368)
	at org.openqa.selenium.remote.RemoteWebDriver.findElement(RemoteWebDriver.java:362)
	at org.openqa.selenium.support.pagefactory.DefaultElementLocator.findElement(DefaultElementLocator.java:68)
	at org.openqa.selenium.support.pagefactory.internal.LocatingElementHandler.invoke(LocatingElementHandler.java:38)
	at jdk.proxy2/jdk.proxy2.$Proxy14.sendKeys(Unknown Source)
	at lt.insoft.uztis.pages.InvitationsPage.enterBudget(InvitationsPage.java:435)
	at lt.insoft.uztis.tests.InvitationsPageTest.testCreateNewDvpInvitation(InvitationsPageTest.java:504)
	at java.base/jdk.internal.reflect.DirectMethodHandleAccessor.invoke(DirectMethodHandleAccessor.java:103)
	at java.base/java.lang.reflect.Method.invoke(Method.java:580)
	at org.junit.platform.commons.util.ReflectionUtils.invokeMethod(ReflectionUtils.java:728)
	at org.junit.jupiter.engine.execution.MethodInvocation.proceed(MethodInvocation.java:60)
	at org.junit.jupiter.engine.execution.InvocationInterceptorChain$ValidatingInvocation.proceed(InvocationInterceptorChain.java:131)
	at org.junit.jupiter.engine.extension.TimeoutExtension.intercept(TimeoutExtension.java:156)
	at org.junit.jupiter.engine.extension.TimeoutExtension.interceptTestableMethod(TimeoutExtension.java:147)
	at org.junit.jupiter.engine.extension.TimeoutExtension.interceptTestMethod(TimeoutExtension.java:86)
	at org.junit.jupiter.engine.execution.InterceptingExecutableInvoker$ReflectiveInterceptorCall.lambda$ofVoidMethod$0(InterceptingExecutableInvoker.java:103)
	at org.junit.jupiter.engine.execution.InterceptingExecutableInvoker.lambda$invoke$0(InterceptingExecutableInvoker.java:93)
	at org.junit.jupiter.engine.execution.InvocationInterceptorChain$InterceptedInvocation.proceed(InvocationInterceptorChain.java:106)
	at org.junit.jupiter.engine.execution.InvocationInterceptorChain.proceed(InvocationInterceptorChain.java:64)
	at org.junit.jupiter.engine.execution.InvocationInterceptorChain.chainAndInvoke(InvocationInterceptorChain.java:45)
	at org.junit.jupiter.engine.execution.InvocationInterceptorChain.invoke(InvocationInterceptorChain.java:37)
	at org.junit.jupiter.engine.execution.InterceptingExecutableInvoker.invoke(InterceptingExecutableInvoker.java:92)
	at org.junit.jupiter.engine.execution.InterceptingExecutableInvoker.invoke(InterceptingExecutableInvoker.java:86)
	at org.junit.jupiter.engine.descriptor.TestMethodTestDescriptor.lambda$invokeTestMethod$7(TestMethodTestDescriptor.java:218)
	at org.junit.platform.engine.support.hierarchical.ThrowableCollector.execute(ThrowableCollector.java:73)
	at org.junit.jupiter.engine.descriptor.TestMethodTestDescriptor.invokeTestMethod(TestMethodTestDescriptor.java:214)
	at org.junit.jupiter.engine.descriptor.TestMethodTestDescriptor.execute(TestMethodTestDescriptor.java:139)
	at org.junit.jupiter.engine.descriptor.TestMethodTestDescriptor.execute(TestMethodTestDescriptor.java:69)
	at org.junit.platform.engine.support.hierarchical.NodeTestTask.lambda$executeRecursively$6(NodeTestTask.java:151)
	at org.junit.platform.engine.support.hierarchical.ThrowableCollector.execute(ThrowableCollector.java:73)
	at org.junit.platform.engine.support.hierarchical.NodeTestTask.lambda$executeRecursively$8(NodeTestTask.java:141)
	at org.junit.platform.engine.support.hierarchical.Node.around(Node.java:137)
	at org.junit.platform.engine.support.hierarchical.NodeTestTask.lambda$executeRecursively$9(NodeTestTask.java:139)
	at org.junit.platform.engine.support.hierarchical.ThrowableCollector.execute(ThrowableCollector.java:73)
	at org.junit.platform.engine.support.hierarchical.NodeTestTask.executeRecursively(NodeTestTask.java:138)
	at org.junit.platform.engine.support.hierarchical.NodeTestTask.execute(NodeTestTask.java:95)
	at java.base/java.util.ArrayList.forEach(ArrayList.java:1596)
	at org.junit.platform.engine.support.hierarchical.SameThreadHierarchicalTestExecutorService.invokeAll(SameThreadHierarchicalTestExecutorService.java:41)
	at org.junit.platform.engine.support.hierarchical.NodeTestTask.lambda$executeRecursively$6(NodeTestTask.java:155)
	at org.junit.platform.engine.support.hierarchical.ThrowableCollector.execute(ThrowableCollector.java:73)
	at org.junit.platform.engine.support.hierarchical.NodeTestTask.lambda$executeRecursively$8(NodeTestTask.java:141)
	at org.junit.platform.engine.support.hierarchical.Node.around(Node.java:137)
	at org.junit.platform.engine.support.hierarchical.NodeTestTask.lambda$executeRecursively$9(NodeTestTask.java:139)
	at org.junit.platform.engine.support.hierarchical.ThrowableCollector.execute(ThrowableCollector.java:73)
	at org.junit.platform.engine.support.hierarchical.NodeTestTask.executeRecursively(NodeTestTask.java:138)
	at org.junit.platform.engine.support.hierarchical.NodeTestTask.execute(NodeTestTask.java:95)
	at java.base/java.util.ArrayList.forEach(ArrayList.java:1596)
	at org.junit.platform.engine.support.hierarchical.SameThreadHierarchicalTestExecutorService.invokeAll(SameThreadHierarchicalTestExecutorService.java:41)
	at org.junit.platform.engine.support.hierarchical.NodeTestTask.lambda$executeRecursively$6(NodeTestTask.java:155)
	at org.junit.platform.engine.support.hierarchical.ThrowableCollector.execute(ThrowableCollector.java:73)
	at org.junit.platform.engine.support.hierarchical.NodeTestTask.lambda$executeRecursively$8(NodeTestTask.java:141)
	at org.junit.platform.engine.support.hierarchical.Node.around(Node.java:137)
	at org.junit.platform.engine.support.hierarchical.NodeTestTask.lambda$executeRecursively$9(NodeTestTask.java:139)
	at org.junit.platform.engine.support.hierarchical.ThrowableCollector.execute(ThrowableCollector.java:73)
	at org.junit.platform.engine.support.hierarchical.NodeTestTask.executeRecursively(NodeTestTask.java:138)
	at org.junit.platform.engine.support.hierarchical.NodeTestTask.execute(NodeTestTask.java:95)
	at org.junit.platform.engine.support.hierarchical.SameThreadHierarchicalTestExecutorService.submit(SameThreadHierarchicalTestExecutorService.java:35)
	at org.junit.platform.engine.support.hierarchical.HierarchicalTestExecutor.execute(HierarchicalTestExecutor.java:57)
	at org.junit.platform.engine.support.hierarchical.HierarchicalTestEngine.execute(HierarchicalTestEngine.java:54)
	at org.junit.platform.launcher.core.EngineExecutionOrchestrator.execute(EngineExecutionOrchestrator.java:198)
	at org.junit.platform.launcher.core.EngineExecutionOrchestrator.execute(EngineExecutionOrchestrator.java:169)
	at org.junit.platform.launcher.core.EngineExecutionOrchestrator.execute(EngineExecutionOrchestrator.java:93)
	at org.junit.platform.launcher.core.EngineExecutionOrchestrator.lambda$execute$0(EngineExecutionOrchestrator.java:58)
	at org.junit.platform.launcher.core.EngineExecutionOrchestrator.withInterceptedStreams(EngineExecutionOrchestrator.java:141)
	at org.junit.platform.launcher.core.EngineExecutionOrchestrator.execute(EngineExecutionOrchestrator.java:57)
	at org.junit.platform.launcher.core.DefaultLauncher.execute(DefaultLauncher.java:103)
	at org.junit.platform.launcher.core.DefaultLauncher.execute(DefaultLauncher.java:85)
	at org.junit.platform.launcher.core.DelegatingLauncher.execute(DelegatingLauncher.java:47)
	at org.junit.platform.launcher.core.SessionPerRequestLauncher.execute(SessionPerRequestLauncher.java:63)
	at com.intellij.junit5.JUnit5IdeaTestRunner.startRunnerWithArgs(JUnit5IdeaTestRunner.java:57)
	at com.intellij.rt.junit.IdeaTestRunner$Repeater$1.execute(IdeaTestRunner.java:38)
	at com.intellij.rt.execution.junit.TestsRepeater.repeat(TestsRepeater.java:11)
	at com.intellij.rt.junit.IdeaTestRunner$Repeater.startRunnerWithArgs(IdeaTestRunner.java:35)
	at com.intellij.rt.junit.JUnitStarter.prepareStreamsAndStart(JUnitStarter.java:232)
	at com.intellij.rt.junit.JUnitStarter.main(JUnitStarter.java:55)
2025-01-03 15:00:47 [main] INFO  l.insoft.uztis.tests.utils.TestUtils - Screenshot moved to C:\Users\ingrida.zadorozniene\Desktop\Asm\UZTIS\UZTIS_tests\test-output\screenshots\20250103\150047204_testCreateNewDvpInvitation().png
2025-01-03 15:03:09 [main] INFO  lt.insoft.uztis.tests.UztisPageTest - Navigated to https://uztisdev.asseco.lt/home
2025-01-03 15:03:09 [main] INFO  l.i.uztis.tests.InvitationsPageTest - Starting test:'testCreateNewDvpInvitation'
2025-01-03 15:03:10 [main] DEBUG l.i.uztis.tests.InvitationsPageTest - Opened 'Application Processing' menu.
2025-01-03 15:03:10 [main] DEBUG l.i.uztis.tests.InvitationsPageTest - Clicked on 'Application Forms' menu.
2025-01-03 15:03:10 [main] DEBUG l.i.uztis.tests.InvitationsPageTest - Navigating to application forms menu.
2025-01-03 15:03:10 [main] DEBUG l.i.uztis.tests.InvitationsPageTest - Retrieved last description code text: 'TST-PVK-36'.
2025-01-03 15:03:10 [main] DEBUG l.i.uztis.tests.InvitationsPageTest - Clicked on 'Invitation' menu.
2025-01-03 15:03:10 [main] DEBUG l.i.uztis.tests.InvitationsPageTest - Clicked 'Create New Application Form'.
2025-01-03 15:03:11 [main] DEBUG l.i.uztis.tests.InvitationsPageTest - Selected section by code: 'TST-PVK-36'.
2025-01-03 15:03:11 [main] DEBUG l.i.uztis.tests.InvitationsPageTest - Selected invitation number from the list.
2025-01-03 15:03:11 [main] ERROR l.i.uztis.tests.InvitationsPageTest - Test 'testCreateNewDvpInvitation' failed with error: Unable to find element with locator By.xpath: //input[contains(@class, 'mat-datepicker-input')]
For documentation on this error, please visit: https://www.selenium.dev/documentation/webdriver/troubleshooting/errors#no-such-element-exception
Build info: version: '4.27.0', revision: 'd6e718d134'
System info: os.name: 'Windows 11', os.arch: 'amd64', os.version: '10.0', java.version: '21.0.3'
Driver info: driver.version: RemoteWebDriver
org.openqa.selenium.NoSuchElementException: Unable to find element with locator By.xpath: //input[contains(@class, 'mat-datepicker-input')]
For documentation on this error, please visit: https://www.selenium.dev/documentation/webdriver/troubleshooting/errors#no-such-element-exception
Build info: version: '4.27.0', revision: 'd6e718d134'
System info: os.name: 'Windows 11', os.arch: 'amd64', os.version: '10.0', java.version: '21.0.3'
Driver info: driver.version: RemoteWebDriver
	at org.openqa.selenium.remote.ElementLocation$ElementFinder$2.findElement(ElementLocation.java:168)
	at org.openqa.selenium.remote.ElementLocation.findElement(ElementLocation.java:59)
	at org.openqa.selenium.remote.RemoteWebDriver.findElement(RemoteWebDriver.java:368)
	at org.openqa.selenium.remote.RemoteWebDriver.findElement(RemoteWebDriver.java:362)
	at org.openqa.selenium.support.pagefactory.DefaultElementLocator.findElement(DefaultElementLocator.java:68)
	at org.openqa.selenium.support.pagefactory.internal.LocatingElementHandler.invoke(LocatingElementHandler.java:38)
	at jdk.proxy2/jdk.proxy2.$Proxy14.isDisplayed(Unknown Source)
	at lt.insoft.uztis.pages.InvitationsPage.enterCurrentDate(InvitationsPage.java:231)
	at lt.insoft.uztis.tests.InvitationsPageTest.testCreateNewDvpInvitation(InvitationsPageTest.java:447)
	at java.base/jdk.internal.reflect.DirectMethodHandleAccessor.invoke(DirectMethodHandleAccessor.java:103)
	at java.base/java.lang.reflect.Method.invoke(Method.java:580)
	at org.junit.platform.commons.util.ReflectionUtils.invokeMethod(ReflectionUtils.java:728)
	at org.junit.jupiter.engine.execution.MethodInvocation.proceed(MethodInvocation.java:60)
	at org.junit.jupiter.engine.execution.InvocationInterceptorChain$ValidatingInvocation.proceed(InvocationInterceptorChain.java:131)
	at org.junit.jupiter.engine.extension.TimeoutExtension.intercept(TimeoutExtension.java:156)
	at org.junit.jupiter.engine.extension.TimeoutExtension.interceptTestableMethod(TimeoutExtension.java:147)
	at org.junit.jupiter.engine.extension.TimeoutExtension.interceptTestMethod(TimeoutExtension.java:86)
	at org.junit.jupiter.engine.execution.InterceptingExecutableInvoker$ReflectiveInterceptorCall.lambda$ofVoidMethod$0(InterceptingExecutableInvoker.java:103)
	at org.junit.jupiter.engine.execution.InterceptingExecutableInvoker.lambda$invoke$0(InterceptingExecutableInvoker.java:93)
	at org.junit.jupiter.engine.execution.InvocationInterceptorChain$InterceptedInvocation.proceed(InvocationInterceptorChain.java:106)
	at org.junit.jupiter.engine.execution.InvocationInterceptorChain.proceed(InvocationInterceptorChain.java:64)
	at org.junit.jupiter.engine.execution.InvocationInterceptorChain.chainAndInvoke(InvocationInterceptorChain.java:45)
	at org.junit.jupiter.engine.execution.InvocationInterceptorChain.invoke(InvocationInterceptorChain.java:37)
	at org.junit.jupiter.engine.execution.InterceptingExecutableInvoker.invoke(InterceptingExecutableInvoker.java:92)
	at org.junit.jupiter.engine.execution.InterceptingExecutableInvoker.invoke(InterceptingExecutableInvoker.java:86)
	at org.junit.jupiter.engine.descriptor.TestMethodTestDescriptor.lambda$invokeTestMethod$7(TestMethodTestDescriptor.java:218)
	at org.junit.platform.engine.support.hierarchical.ThrowableCollector.execute(ThrowableCollector.java:73)
	at org.junit.jupiter.engine.descriptor.TestMethodTestDescriptor.invokeTestMethod(TestMethodTestDescriptor.java:214)
	at org.junit.jupiter.engine.descriptor.TestMethodTestDescriptor.execute(TestMethodTestDescriptor.java:139)
	at org.junit.jupiter.engine.descriptor.TestMethodTestDescriptor.execute(TestMethodTestDescriptor.java:69)
	at org.junit.platform.engine.support.hierarchical.NodeTestTask.lambda$executeRecursively$6(NodeTestTask.java:151)
	at org.junit.platform.engine.support.hierarchical.ThrowableCollector.execute(ThrowableCollector.java:73)
	at org.junit.platform.engine.support.hierarchical.NodeTestTask.lambda$executeRecursively$8(NodeTestTask.java:141)
	at org.junit.platform.engine.support.hierarchical.Node.around(Node.java:137)
	at org.junit.platform.engine.support.hierarchical.NodeTestTask.lambda$executeRecursively$9(NodeTestTask.java:139)
	at org.junit.platform.engine.support.hierarchical.ThrowableCollector.execute(ThrowableCollector.java:73)
	at org.junit.platform.engine.support.hierarchical.NodeTestTask.executeRecursively(NodeTestTask.java:138)
	at org.junit.platform.engine.support.hierarchical.NodeTestTask.execute(NodeTestTask.java:95)
	at java.base/java.util.ArrayList.forEach(ArrayList.java:1596)
	at org.junit.platform.engine.support.hierarchical.SameThreadHierarchicalTestExecutorService.invokeAll(SameThreadHierarchicalTestExecutorService.java:41)
	at org.junit.platform.engine.support.hierarchical.NodeTestTask.lambda$executeRecursively$6(NodeTestTask.java:155)
	at org.junit.platform.engine.support.hierarchical.ThrowableCollector.execute(ThrowableCollector.java:73)
	at org.junit.platform.engine.support.hierarchical.NodeTestTask.lambda$executeRecursively$8(NodeTestTask.java:141)
	at org.junit.platform.engine.support.hierarchical.Node.around(Node.java:137)
	at org.junit.platform.engine.support.hierarchical.NodeTestTask.lambda$executeRecursively$9(NodeTestTask.java:139)
	at org.junit.platform.engine.support.hierarchical.ThrowableCollector.execute(ThrowableCollector.java:73)
	at org.junit.platform.engine.support.hierarchical.NodeTestTask.executeRecursively(NodeTestTask.java:138)
	at org.junit.platform.engine.support.hierarchical.NodeTestTask.execute(NodeTestTask.java:95)
	at java.base/java.util.ArrayList.forEach(ArrayList.java:1596)
	at org.junit.platform.engine.support.hierarchical.SameThreadHierarchicalTestExecutorService.invokeAll(SameThreadHierarchicalTestExecutorService.java:41)
	at org.junit.platform.engine.support.hierarchical.NodeTestTask.lambda$executeRecursively$6(NodeTestTask.java:155)
	at org.junit.platform.engine.support.hierarchical.ThrowableCollector.execute(ThrowableCollector.java:73)
	at org.junit.platform.engine.support.hierarchical.NodeTestTask.lambda$executeRecursively$8(NodeTestTask.java:141)
	at org.junit.platform.engine.support.hierarchical.Node.around(Node.java:137)
	at org.junit.platform.engine.support.hierarchical.NodeTestTask.lambda$executeRecursively$9(NodeTestTask.java:139)
	at org.junit.platform.engine.support.hierarchical.ThrowableCollector.execute(ThrowableCollector.java:73)
	at org.junit.platform.engine.support.hierarchical.NodeTestTask.executeRecursively(NodeTestTask.java:138)
	at org.junit.platform.engine.support.hierarchical.NodeTestTask.execute(NodeTestTask.java:95)
	at org.junit.platform.engine.support.hierarchical.SameThreadHierarchicalTestExecutorService.submit(SameThreadHierarchicalTestExecutorService.java:35)
	at org.junit.platform.engine.support.hierarchical.HierarchicalTestExecutor.execute(HierarchicalTestExecutor.java:57)
	at org.junit.platform.engine.support.hierarchical.HierarchicalTestEngine.execute(HierarchicalTestEngine.java:54)
	at org.junit.platform.launcher.core.EngineExecutionOrchestrator.execute(EngineExecutionOrchestrator.java:198)
	at org.junit.platform.launcher.core.EngineExecutionOrchestrator.execute(EngineExecutionOrchestrator.java:169)
	at org.junit.platform.launcher.core.EngineExecutionOrchestrator.execute(EngineExecutionOrchestrator.java:93)
	at org.junit.platform.launcher.core.EngineExecutionOrchestrator.lambda$execute$0(EngineExecutionOrchestrator.java:58)
	at org.junit.platform.launcher.core.EngineExecutionOrchestrator.withInterceptedStreams(EngineExecutionOrchestrator.java:141)
	at org.junit.platform.launcher.core.EngineExecutionOrchestrator.execute(EngineExecutionOrchestrator.java:57)
	at org.junit.platform.launcher.core.DefaultLauncher.execute(DefaultLauncher.java:103)
	at org.junit.platform.launcher.core.DefaultLauncher.execute(DefaultLauncher.java:85)
	at org.junit.platform.launcher.core.DelegatingLauncher.execute(DelegatingLauncher.java:47)
	at org.junit.platform.launcher.core.SessionPerRequestLauncher.execute(SessionPerRequestLauncher.java:63)
	at com.intellij.junit5.JUnit5IdeaTestRunner.startRunnerWithArgs(JUnit5IdeaTestRunner.java:57)
	at com.intellij.rt.junit.IdeaTestRunner$Repeater$1.execute(IdeaTestRunner.java:38)
	at com.intellij.rt.execution.junit.TestsRepeater.repeat(TestsRepeater.java:11)
	at com.intellij.rt.junit.IdeaTestRunner$Repeater.startRunnerWithArgs(IdeaTestRunner.java:35)
	at com.intellij.rt.junit.JUnitStarter.prepareStreamsAndStart(JUnitStarter.java:232)
	at com.intellij.rt.junit.JUnitStarter.main(JUnitStarter.java:55)
2025-01-03 15:03:46 [main] INFO  lt.insoft.uztis.tests.UztisPageTest - Navigated to https://uztisdev.asseco.lt/home
2025-01-03 15:03:46 [main] INFO  l.i.uztis.tests.InvitationsPageTest - Starting test:'testCreateNewPvkInvitation'
2025-01-03 15:03:46 [main] DEBUG l.i.uztis.tests.InvitationsPageTest - Opened 'Application Processing' menu.
2025-01-03 15:03:46 [main] DEBUG l.i.uztis.tests.InvitationsPageTest - Clicked on 'Application Forms' menu.
2025-01-03 15:03:46 [main] DEBUG l.i.uztis.tests.InvitationsPageTest - Navigating to application forms menu.
2025-01-03 15:03:46 [main] DEBUG l.i.uztis.tests.InvitationsPageTest - Retrieved last description code text: 'TST-PVK-36'.
2025-01-03 15:03:46 [main] DEBUG l.i.uztis.tests.InvitationsPageTest - Clicked on 'Invitation' menu.
2025-01-03 15:03:47 [main] DEBUG l.i.uztis.tests.InvitationsPageTest - Clicked 'Create New Application Form'.
2025-01-03 15:03:47 [main] DEBUG l.i.uztis.tests.InvitationsPageTest - Selected section by code: 'TST-PVK-36'.
2025-01-03 15:03:48 [main] DEBUG l.i.uztis.tests.InvitationsPageTest - Selected invitation number from the list.
2025-01-03 15:03:48 [main] DEBUG l.i.uztis.tests.InvitationsPageTest - Entered current date.
2025-01-03 15:03:48 [main] DEBUG l.i.uztis.tests.InvitationsPageTest - Entered start time: 00:00.
2025-01-03 15:03:49 [main] DEBUG l.i.uztis.tests.InvitationsPageTest - Entered end date.
2025-01-03 15:03:49 [main] DEBUG l.i.uztis.tests.InvitationsPageTest - Entered end time: 11:11.
2025-01-03 15:03:49 [main] DEBUG l.i.uztis.tests.InvitationsPageTest - Entered publication end date.
2025-01-03 15:03:49 [main] DEBUG l.i.uztis.tests.InvitationsPageTest - Added additional values.
2025-01-03 15:03:49 [main] INFO  l.insoft.uztis.pages.InvitationsPage - Located the dropdown button.
2025-01-03 15:03:50 [main] INFO  l.insoft.uztis.pages.InvitationsPage - Successfully selected the value: 'Didžiausia galima paramos suma aplinkos darbo vietai, Eur'
2025-01-03 15:03:50 [main] DEBUG l.i.uztis.tests.InvitationsPageTest - Selected the value: 'Didžiausia galima paramos suma aplinkos darbo vietai, Eur'
2025-01-03 15:03:50 [main] INFO  l.insoft.uztis.pages.InvitationsPage - Located the dropdown button.
2025-01-03 15:03:50 [main] INFO  l.insoft.uztis.pages.InvitationsPage - Successfully selected the value: 'Didžiausia galima paramos suma, Eur'
2025-01-03 15:03:50 [main] DEBUG l.i.uztis.tests.InvitationsPageTest - Selected the value: 'Didžiausia galima paramos suma, Eur'
2025-01-03 15:03:50 [main] INFO  l.insoft.uztis.pages.InvitationsPage - Located the dropdown button.
2025-01-03 15:03:50 [main] INFO  l.insoft.uztis.pages.InvitationsPage - Successfully selected the value: 'Didžiausia galima paramos suma vienai darbo vietai, Eur'
2025-01-03 15:03:50 [main] DEBUG l.i.uztis.tests.InvitationsPageTest - Selected the value: 'Didžiausia galima paramos suma vienai darbo vietai, Eur'
2025-01-03 15:03:51 [main] DEBUG l.i.uztis.tests.InvitationsPageTest - Entered value: 11000
2025-01-03 15:03:51 [main] DEBUG l.i.uztis.tests.InvitationsPageTest - Entered value: 12000
2025-01-03 15:03:51 [main] DEBUG l.i.uztis.tests.InvitationsPageTest - Entered value: 13000
2025-01-03 15:03:51 [main] DEBUG l.i.uztis.tests.InvitationsPageTest - Checked 'Legal Entities' checkbox.
2025-01-03 15:03:51 [main] DEBUG l.i.uztis.tests.InvitationsPageTest - Unchecked 'Persons Registered with Employment Service' checkbox.
2025-01-03 15:03:51 [main] DEBUG l.i.uztis.tests.InvitationsPageTest - Checked 'Persons Registered as Employers' checkbox.
2025-01-03 15:03:51 [main] DEBUG l.i.uztis.tests.InvitationsPageTest - Entered second evaluation grade: '5'.
2025-01-03 15:03:51 [main] DEBUG l.i.uztis.tests.InvitationsPageTest - Entered third evaluation grade: '6'.
2025-01-03 15:03:51 [main] DEBUG l.i.uztis.tests.InvitationsPageTest - Entered second evaluation grade weight: '0,45'.
2025-01-03 15:03:52 [main] DEBUG l.i.uztis.tests.InvitationsPageTest - Entered third evaluation grade weight: '0,55'.
2025-01-03 15:03:52 [main] DEBUG l.i.uztis.tests.InvitationsPageTest - Entered budget: '2000'.
2025-01-03 15:03:52 [main] DEBUG l.i.uztis.tests.InvitationsPageTest - Entered description text: 'Aprašo tekstas'.
2025-01-03 15:03:52 [main] DEBUG l.i.uztis.tests.InvitationsPageTest - Entered applicants text: 'Pareiškėjų tekstas'.
2025-01-03 15:03:52 [main] DEBUG l.i.uztis.tests.InvitationsPageTest - Entered expenditures text: 'Išlaidų tekstas'.
2025-01-03 15:03:52 [main] DEBUG l.i.uztis.tests.InvitationsPageTest - Entered legislation text: 'Teisės aktų tekstas'.
2025-01-03 15:03:52 [main] DEBUG l.i.uztis.tests.InvitationsPageTest - Entered education text: 'Mokymų tekstas'.
2025-01-03 15:03:52 [main] DEBUG l.i.uztis.tests.InvitationsPageTest - File uploaded.
2025-01-03 15:03:53 [main] DEBUG l.i.uztis.tests.InvitationsPageTest - Clicked 'Publish'.
2025-01-03 15:04:03 [main] ERROR l.i.uztis.tests.InvitationsPageTest - Test 'testCreateNewPvkInvitation' failed with error: no such element: Unable to locate element: {"method":"css selector","selector":".reverse-mobile .ng-star-inserted:nth-of-type(2)"}
  (Session info: chrome=131.0.6778.205)
For documentation on this error, please visit: https://www.selenium.dev/documentation/webdriver/troubleshooting/errors#no-such-element-exception
Build info: version: '4.27.0', revision: 'd6e718d134'
System info: os.name: 'Windows 11', os.arch: 'amd64', os.version: '10.0', java.version: '21.0.3'
Driver info: org.openqa.selenium.chrome.ChromeDriver
Command: [2300d0f17e242b1c514ab1d44ec273fc, findElement {using=css selector, value=.reverse-mobile .ng-star-inserted:nth-of-type(2)}]
Capabilities {acceptInsecureCerts: false, browserName: chrome, browserVersion: 131.0.6778.205, chrome: {chromedriverVersion: 131.0.6778.204 (52183f9e99a..., userDataDir: C:\Users\INGRID~1.ZAD\AppDa...}, fedcm:accounts: true, goog:chromeOptions: {debuggerAddress: localhost:49512}, networkConnectionEnabled: false, pageLoadStrategy: normal, platformName: windows, proxy: Proxy(), se:cdp: ws://localhost:49512/devtoo..., se:cdpVersion: 131.0.6778.205, setWindowRect: true, strictFileInteractability: false, timeouts: {implicit: 0, pageLoad: 300000, script: 30000}, unhandledPromptBehavior: dismiss and notify, webauthn:extension:credBlob: true, webauthn:extension:largeBlob: true, webauthn:extension:minPinLength: true, webauthn:extension:prf: true, webauthn:virtualAuthenticators: true}
Session ID: 2300d0f17e242b1c514ab1d44ec273fc
org.openqa.selenium.NoSuchElementException: no such element: Unable to locate element: {"method":"css selector","selector":".reverse-mobile .ng-star-inserted:nth-of-type(2)"}
  (Session info: chrome=131.0.6778.205)
For documentation on this error, please visit: https://www.selenium.dev/documentation/webdriver/troubleshooting/errors#no-such-element-exception
Build info: version: '4.27.0', revision: 'd6e718d134'
System info: os.name: 'Windows 11', os.arch: 'amd64', os.version: '10.0', java.version: '21.0.3'
Driver info: org.openqa.selenium.chrome.ChromeDriver
Command: [2300d0f17e242b1c514ab1d44ec273fc, findElement {using=css selector, value=.reverse-mobile .ng-star-inserted:nth-of-type(2)}]
Capabilities {acceptInsecureCerts: false, browserName: chrome, browserVersion: 131.0.6778.205, chrome: {chromedriverVersion: 131.0.6778.204 (52183f9e99a..., userDataDir: C:\Users\INGRID~1.ZAD\AppDa...}, fedcm:accounts: true, goog:chromeOptions: {debuggerAddress: localhost:49512}, networkConnectionEnabled: false, pageLoadStrategy: normal, platformName: windows, proxy: Proxy(), se:cdp: ws://localhost:49512/devtoo..., se:cdpVersion: 131.0.6778.205, setWindowRect: true, strictFileInteractability: false, timeouts: {implicit: 0, pageLoad: 300000, script: 30000}, unhandledPromptBehavior: dismiss and notify, webauthn:extension:credBlob: true, webauthn:extension:largeBlob: true, webauthn:extension:minPinLength: true, webauthn:extension:prf: true, webauthn:virtualAuthenticators: true}
Session ID: 2300d0f17e242b1c514ab1d44ec273fc
	at java.base/jdk.internal.reflect.DirectConstructorHandleAccessor.newInstance(DirectConstructorHandleAccessor.java:62)
	at java.base/java.lang.reflect.Constructor.newInstanceWithCaller(Constructor.java:502)
	at java.base/java.lang.reflect.Constructor.newInstance(Constructor.java:486)
	at org.openqa.selenium.remote.ErrorCodec.decode(ErrorCodec.java:167)
	at org.openqa.selenium.remote.codec.w3c.W3CHttpResponseCodec.decode(W3CHttpResponseCodec.java:138)
	at org.openqa.selenium.remote.codec.w3c.W3CHttpResponseCodec.decode(W3CHttpResponseCodec.java:50)
	at org.openqa.selenium.remote.HttpCommandExecutor.execute(HttpCommandExecutor.java:190)
	at org.openqa.selenium.remote.service.DriverCommandExecutor.invokeExecute(DriverCommandExecutor.java:216)
	at org.openqa.selenium.remote.service.DriverCommandExecutor.execute(DriverCommandExecutor.java:174)
	at org.openqa.selenium.remote.RemoteWebDriver.execute(RemoteWebDriver.java:545)
	at org.openqa.selenium.remote.ElementLocation$ElementFinder$2.findElement(ElementLocation.java:165)
	at org.openqa.selenium.remote.ElementLocation.findElement(ElementLocation.java:59)
	at org.openqa.selenium.remote.RemoteWebDriver.findElement(RemoteWebDriver.java:368)
	at org.openqa.selenium.remote.RemoteWebDriver.findElement(RemoteWebDriver.java:362)
	at org.openqa.selenium.support.pagefactory.DefaultElementLocator.findElement(DefaultElementLocator.java:68)
	at org.openqa.selenium.support.pagefactory.internal.LocatingElementHandler.invoke(LocatingElementHandler.java:38)
	at jdk.proxy2/jdk.proxy2.$Proxy14.click(Unknown Source)
	at lt.insoft.uztis.pages.InvitationsPage.clickButtonPublicationConfirmation(InvitationsPage.java:484)
	at lt.insoft.uztis.tests.InvitationsPageTest.testCreateNewPvkInvitation(InvitationsPageTest.java:672)
	at java.base/jdk.internal.reflect.DirectMethodHandleAccessor.invoke(DirectMethodHandleAccessor.java:103)
	at java.base/java.lang.reflect.Method.invoke(Method.java:580)
	at org.junit.platform.commons.util.ReflectionUtils.invokeMethod(ReflectionUtils.java:728)
	at org.junit.jupiter.engine.execution.MethodInvocation.proceed(MethodInvocation.java:60)
	at org.junit.jupiter.engine.execution.InvocationInterceptorChain$ValidatingInvocation.proceed(InvocationInterceptorChain.java:131)
	at org.junit.jupiter.engine.extension.TimeoutExtension.intercept(TimeoutExtension.java:156)
	at org.junit.jupiter.engine.extension.TimeoutExtension.interceptTestableMethod(TimeoutExtension.java:147)
	at org.junit.jupiter.engine.extension.TimeoutExtension.interceptTestMethod(TimeoutExtension.java:86)
	at org.junit.jupiter.engine.execution.InterceptingExecutableInvoker$ReflectiveInterceptorCall.lambda$ofVoidMethod$0(InterceptingExecutableInvoker.java:103)
	at org.junit.jupiter.engine.execution.InterceptingExecutableInvoker.lambda$invoke$0(InterceptingExecutableInvoker.java:93)
	at org.junit.jupiter.engine.execution.InvocationInterceptorChain$InterceptedInvocation.proceed(InvocationInterceptorChain.java:106)
	at org.junit.jupiter.engine.execution.InvocationInterceptorChain.proceed(InvocationInterceptorChain.java:64)
	at org.junit.jupiter.engine.execution.InvocationInterceptorChain.chainAndInvoke(InvocationInterceptorChain.java:45)
	at org.junit.jupiter.engine.execution.InvocationInterceptorChain.invoke(InvocationInterceptorChain.java:37)
	at org.junit.jupiter.engine.execution.InterceptingExecutableInvoker.invoke(InterceptingExecutableInvoker.java:92)
	at org.junit.jupiter.engine.execution.InterceptingExecutableInvoker.invoke(InterceptingExecutableInvoker.java:86)
	at org.junit.jupiter.engine.descriptor.TestMethodTestDescriptor.lambda$invokeTestMethod$7(TestMethodTestDescriptor.java:218)
	at org.junit.platform.engine.support.hierarchical.ThrowableCollector.execute(ThrowableCollector.java:73)
	at org.junit.jupiter.engine.descriptor.TestMethodTestDescriptor.invokeTestMethod(TestMethodTestDescriptor.java:214)
	at org.junit.jupiter.engine.descriptor.TestMethodTestDescriptor.execute(TestMethodTestDescriptor.java:139)
	at org.junit.jupiter.engine.descriptor.TestMethodTestDescriptor.execute(TestMethodTestDescriptor.java:69)
	at org.junit.platform.engine.support.hierarchical.NodeTestTask.lambda$executeRecursively$6(NodeTestTask.java:151)
	at org.junit.platform.engine.support.hierarchical.ThrowableCollector.execute(ThrowableCollector.java:73)
	at org.junit.platform.engine.support.hierarchical.NodeTestTask.lambda$executeRecursively$8(NodeTestTask.java:141)
	at org.junit.platform.engine.support.hierarchical.Node.around(Node.java:137)
	at org.junit.platform.engine.support.hierarchical.NodeTestTask.lambda$executeRecursively$9(NodeTestTask.java:139)
	at org.junit.platform.engine.support.hierarchical.ThrowableCollector.execute(ThrowableCollector.java:73)
	at org.junit.platform.engine.support.hierarchical.NodeTestTask.executeRecursively(NodeTestTask.java:138)
	at org.junit.platform.engine.support.hierarchical.NodeTestTask.execute(NodeTestTask.java:95)
	at java.base/java.util.ArrayList.forEach(ArrayList.java:1596)
	at org.junit.platform.engine.support.hierarchical.SameThreadHierarchicalTestExecutorService.invokeAll(SameThreadHierarchicalTestExecutorService.java:41)
	at org.junit.platform.engine.support.hierarchical.NodeTestTask.lambda$executeRecursively$6(NodeTestTask.java:155)
	at org.junit.platform.engine.support.hierarchical.ThrowableCollector.execute(ThrowableCollector.java:73)
	at org.junit.platform.engine.support.hierarchical.NodeTestTask.lambda$executeRecursively$8(NodeTestTask.java:141)
	at org.junit.platform.engine.support.hierarchical.Node.around(Node.java:137)
	at org.junit.platform.engine.support.hierarchical.NodeTestTask.lambda$executeRecursively$9(NodeTestTask.java:139)
	at org.junit.platform.engine.support.hierarchical.ThrowableCollector.execute(ThrowableCollector.java:73)
	at org.junit.platform.engine.support.hierarchical.NodeTestTask.executeRecursively(NodeTestTask.java:138)
	at org.junit.platform.engine.support.hierarchical.NodeTestTask.execute(NodeTestTask.java:95)
	at java.base/java.util.ArrayList.forEach(ArrayList.java:1596)
	at org.junit.platform.engine.support.hierarchical.SameThreadHierarchicalTestExecutorService.invokeAll(SameThreadHierarchicalTestExecutorService.java:41)
	at org.junit.platform.engine.support.hierarchical.NodeTestTask.lambda$executeRecursively$6(NodeTestTask.java:155)
	at org.junit.platform.engine.support.hierarchical.ThrowableCollector.execute(ThrowableCollector.java:73)
	at org.junit.platform.engine.support.hierarchical.NodeTestTask.lambda$executeRecursively$8(NodeTestTask.java:141)
	at org.junit.platform.engine.support.hierarchical.Node.around(Node.java:137)
	at org.junit.platform.engine.support.hierarchical.NodeTestTask.lambda$executeRecursively$9(NodeTestTask.java:139)
	at org.junit.platform.engine.support.hierarchical.ThrowableCollector.execute(ThrowableCollector.java:73)
	at org.junit.platform.engine.support.hierarchical.NodeTestTask.executeRecursively(NodeTestTask.java:138)
	at org.junit.platform.engine.support.hierarchical.NodeTestTask.execute(NodeTestTask.java:95)
	at org.junit.platform.engine.support.hierarchical.SameThreadHierarchicalTestExecutorService.submit(SameThreadHierarchicalTestExecutorService.java:35)
	at org.junit.platform.engine.support.hierarchical.HierarchicalTestExecutor.execute(HierarchicalTestExecutor.java:57)
	at org.junit.platform.engine.support.hierarchical.HierarchicalTestEngine.execute(HierarchicalTestEngine.java:54)
	at org.junit.platform.launcher.core.EngineExecutionOrchestrator.execute(EngineExecutionOrchestrator.java:198)
	at org.junit.platform.launcher.core.EngineExecutionOrchestrator.execute(EngineExecutionOrchestrator.java:169)
	at org.junit.platform.launcher.core.EngineExecutionOrchestrator.execute(EngineExecutionOrchestrator.java:93)
	at org.junit.platform.launcher.core.EngineExecutionOrchestrator.lambda$execute$0(EngineExecutionOrchestrator.java:58)
	at org.junit.platform.launcher.core.EngineExecutionOrchestrator.withInterceptedStreams(EngineExecutionOrchestrator.java:141)
	at org.junit.platform.launcher.core.EngineExecutionOrchestrator.execute(EngineExecutionOrchestrator.java:57)
	at org.junit.platform.launcher.core.DefaultLauncher.execute(DefaultLauncher.java:103)
	at org.junit.platform.launcher.core.DefaultLauncher.execute(DefaultLauncher.java:85)
	at org.junit.platform.launcher.core.DelegatingLauncher.execute(DelegatingLauncher.java:47)
	at org.junit.platform.launcher.core.SessionPerRequestLauncher.execute(SessionPerRequestLauncher.java:63)
	at com.intellij.junit5.JUnit5IdeaTestRunner.startRunnerWithArgs(JUnit5IdeaTestRunner.java:57)
	at com.intellij.rt.junit.IdeaTestRunner$Repeater$1.execute(IdeaTestRunner.java:38)
	at com.intellij.rt.execution.junit.TestsRepeater.repeat(TestsRepeater.java:11)
	at com.intellij.rt.junit.IdeaTestRunner$Repeater.startRunnerWithArgs(IdeaTestRunner.java:35)
	at com.intellij.rt.junit.JUnitStarter.prepareStreamsAndStart(JUnitStarter.java:232)
	at com.intellij.rt.junit.JUnitStarter.main(JUnitStarter.java:55)
2025-01-03 15:04:03 [main] INFO  l.insoft.uztis.tests.utils.TestUtils - Screenshot moved to C:\Users\ingrida.zadorozniene\Desktop\Asm\UZTIS\UZTIS_tests\test-output\screenshots\20250103\150403282_testCreateNewPvkInvitation().png
2025-01-03 15:11:08 [main] INFO  lt.insoft.uztis.tests.UztisPageTest - Navigated to https://uztisdev.asseco.lt/home
2025-01-03 15:11:08 [main] INFO  l.i.uztis.tests.InvitationsPageTest - Starting test:'testCreateNewPvkInvitation'
2025-01-03 15:11:08 [main] DEBUG l.i.uztis.tests.InvitationsPageTest - Opened 'Application Processing' menu.
2025-01-03 15:11:08 [main] DEBUG l.i.uztis.tests.InvitationsPageTest - Clicked on 'Application Forms' menu.
2025-01-03 15:11:08 [main] DEBUG l.i.uztis.tests.InvitationsPageTest - Navigating to application forms menu.
2025-01-03 15:11:08 [main] DEBUG l.i.uztis.tests.InvitationsPageTest - Retrieved last description code text: 'TST-PVK-36'.
2025-01-03 15:11:08 [main] DEBUG l.i.uztis.tests.InvitationsPageTest - Clicked on 'Invitation' menu.
2025-01-03 15:11:08 [main] DEBUG l.i.uztis.tests.InvitationsPageTest - Clicked 'Create New Application Form'.
2025-01-03 15:11:09 [main] DEBUG l.i.uztis.tests.InvitationsPageTest - Selected section by code: 'TST-PVK-36'.
2025-01-03 15:11:10 [main] DEBUG l.i.uztis.tests.InvitationsPageTest - Selected invitation number from the list.
2025-01-03 15:11:10 [main] DEBUG l.i.uztis.tests.InvitationsPageTest - Entered current date.
2025-01-03 15:11:10 [main] DEBUG l.i.uztis.tests.InvitationsPageTest - Entered start time: 00:00.
2025-01-03 15:11:11 [main] DEBUG l.i.uztis.tests.InvitationsPageTest - Entered end date.
2025-01-03 15:11:11 [main] DEBUG l.i.uztis.tests.InvitationsPageTest - Entered end time: 11:11.
2025-01-03 15:11:11 [main] DEBUG l.i.uztis.tests.InvitationsPageTest - Entered publication end date.
2025-01-03 15:11:11 [main] DEBUG l.i.uztis.tests.InvitationsPageTest - Added additional values.
2025-01-03 15:11:11 [main] INFO  l.insoft.uztis.pages.InvitationsPage - Located the dropdown button.
2025-01-03 15:11:12 [main] INFO  l.insoft.uztis.pages.InvitationsPage - Successfully selected the value: 'Didžiausia galima paramos suma aplinkos darbo vietai, Eur'
2025-01-03 15:11:12 [main] DEBUG l.i.uztis.tests.InvitationsPageTest - Selected the value: 'Didžiausia galima paramos suma aplinkos darbo vietai, Eur'
2025-01-03 15:11:12 [main] INFO  l.insoft.uztis.pages.InvitationsPage - Located the dropdown button.
2025-01-03 15:11:12 [main] INFO  l.insoft.uztis.pages.InvitationsPage - Successfully selected the value: 'Didžiausia galima paramos suma, Eur'
2025-01-03 15:11:12 [main] DEBUG l.i.uztis.tests.InvitationsPageTest - Selected the value: 'Didžiausia galima paramos suma, Eur'
2025-01-03 15:11:12 [main] INFO  l.insoft.uztis.pages.InvitationsPage - Located the dropdown button.
2025-01-03 15:11:12 [main] INFO  l.insoft.uztis.pages.InvitationsPage - Successfully selected the value: 'Didžiausia galima paramos suma vienai darbo vietai, Eur'
2025-01-03 15:11:12 [main] DEBUG l.i.uztis.tests.InvitationsPageTest - Selected the value: 'Didžiausia galima paramos suma vienai darbo vietai, Eur'
2025-01-03 15:11:13 [main] DEBUG l.i.uztis.tests.InvitationsPageTest - Entered value: 11000
2025-01-03 15:11:13 [main] DEBUG l.i.uztis.tests.InvitationsPageTest - Entered value: 12000
2025-01-03 15:11:13 [main] DEBUG l.i.uztis.tests.InvitationsPageTest - Entered value: 13000
2025-01-03 15:11:13 [main] DEBUG l.i.uztis.tests.InvitationsPageTest - Checked 'Legal Entities' checkbox.
2025-01-03 15:11:13 [main] DEBUG l.i.uztis.tests.InvitationsPageTest - Unchecked 'Persons Registered with Employment Service' checkbox.
2025-01-03 15:11:13 [main] DEBUG l.i.uztis.tests.InvitationsPageTest - Checked 'Persons Registered as Employers' checkbox.
2025-01-03 15:11:13 [main] DEBUG l.i.uztis.tests.InvitationsPageTest - Entered second evaluation grade: '5'.
2025-01-03 15:11:13 [main] DEBUG l.i.uztis.tests.InvitationsPageTest - Entered third evaluation grade: '6'.
2025-01-03 15:11:13 [main] DEBUG l.i.uztis.tests.InvitationsPageTest - Entered second evaluation grade weight: '0,45'.
2025-01-03 15:11:14 [main] DEBUG l.i.uztis.tests.InvitationsPageTest - Entered third evaluation grade weight: '0,55'.
2025-01-03 15:11:14 [main] DEBUG l.i.uztis.tests.InvitationsPageTest - Entered budget: '2000'.
2025-01-03 15:11:14 [main] DEBUG l.i.uztis.tests.InvitationsPageTest - Entered budget: '2000'.
2025-01-03 15:11:14 [main] DEBUG l.i.uztis.tests.InvitationsPageTest - Entered budget: '2000'.
2025-01-03 15:11:14 [main] DEBUG l.i.uztis.tests.InvitationsPageTest - Entered budget: '2000'.
2025-01-03 15:11:14 [main] DEBUG l.i.uztis.tests.InvitationsPageTest - Entered budget: '2000'.
2025-01-03 15:11:14 [main] DEBUG l.i.uztis.tests.InvitationsPageTest - Entered description text: 'Aprašo tekstas'.
2025-01-03 15:11:14 [main] DEBUG l.i.uztis.tests.InvitationsPageTest - Entered applicants text: 'Pareiškėjų tekstas'.
2025-01-03 15:11:15 [main] DEBUG l.i.uztis.tests.InvitationsPageTest - Entered expenditures text: 'Išlaidų tekstas'.
2025-01-03 15:11:15 [main] DEBUG l.i.uztis.tests.InvitationsPageTest - Entered legislation text: 'Teisės aktų tekstas'.
2025-01-03 15:11:15 [main] DEBUG l.i.uztis.tests.InvitationsPageTest - Entered education text: 'Mokymų tekstas'.
2025-01-03 15:11:15 [main] DEBUG l.i.uztis.tests.InvitationsPageTest - File uploaded.
2025-01-03 15:11:15 [main] DEBUG l.i.uztis.tests.InvitationsPageTest - Clicked 'Publish'.
2025-01-03 15:11:25 [main] ERROR l.i.uztis.tests.InvitationsPageTest - Test 'testCreateNewPvkInvitation' failed with error: no such element: Unable to locate element: {"method":"css selector","selector":".reverse-mobile .ng-star-inserted:nth-of-type(2)"}
  (Session info: chrome=131.0.6778.205)
For documentation on this error, please visit: https://www.selenium.dev/documentation/webdriver/troubleshooting/errors#no-such-element-exception
Build info: version: '4.27.0', revision: 'd6e718d134'
System info: os.name: 'Windows 11', os.arch: 'amd64', os.version: '10.0', java.version: '21.0.3'
Driver info: org.openqa.selenium.chrome.ChromeDriver
Command: [1ca86f870bc06c50c1cdecd5b9c19b61, findElement {using=css selector, value=.reverse-mobile .ng-star-inserted:nth-of-type(2)}]
Capabilities {acceptInsecureCerts: false, browserName: chrome, browserVersion: 131.0.6778.205, chrome: {chromedriverVersion: 131.0.6778.204 (52183f9e99a..., userDataDir: C:\Users\INGRID~1.ZAD\AppDa...}, fedcm:accounts: true, goog:chromeOptions: {debuggerAddress: localhost:49760}, networkConnectionEnabled: false, pageLoadStrategy: normal, platformName: windows, proxy: Proxy(), se:cdp: ws://localhost:49760/devtoo..., se:cdpVersion: 131.0.6778.205, setWindowRect: true, strictFileInteractability: false, timeouts: {implicit: 0, pageLoad: 300000, script: 30000}, unhandledPromptBehavior: dismiss and notify, webauthn:extension:credBlob: true, webauthn:extension:largeBlob: true, webauthn:extension:minPinLength: true, webauthn:extension:prf: true, webauthn:virtualAuthenticators: true}
Session ID: 1ca86f870bc06c50c1cdecd5b9c19b61
org.openqa.selenium.NoSuchElementException: no such element: Unable to locate element: {"method":"css selector","selector":".reverse-mobile .ng-star-inserted:nth-of-type(2)"}
  (Session info: chrome=131.0.6778.205)
For documentation on this error, please visit: https://www.selenium.dev/documentation/webdriver/troubleshooting/errors#no-such-element-exception
Build info: version: '4.27.0', revision: 'd6e718d134'
System info: os.name: 'Windows 11', os.arch: 'amd64', os.version: '10.0', java.version: '21.0.3'
Driver info: org.openqa.selenium.chrome.ChromeDriver
Command: [1ca86f870bc06c50c1cdecd5b9c19b61, findElement {using=css selector, value=.reverse-mobile .ng-star-inserted:nth-of-type(2)}]
Capabilities {acceptInsecureCerts: false, browserName: chrome, browserVersion: 131.0.6778.205, chrome: {chromedriverVersion: 131.0.6778.204 (52183f9e99a..., userDataDir: C:\Users\INGRID~1.ZAD\AppDa...}, fedcm:accounts: true, goog:chromeOptions: {debuggerAddress: localhost:49760}, networkConnectionEnabled: false, pageLoadStrategy: normal, platformName: windows, proxy: Proxy(), se:cdp: ws://localhost:49760/devtoo..., se:cdpVersion: 131.0.6778.205, setWindowRect: true, strictFileInteractability: false, timeouts: {implicit: 0, pageLoad: 300000, script: 30000}, unhandledPromptBehavior: dismiss and notify, webauthn:extension:credBlob: true, webauthn:extension:largeBlob: true, webauthn:extension:minPinLength: true, webauthn:extension:prf: true, webauthn:virtualAuthenticators: true}
Session ID: 1ca86f870bc06c50c1cdecd5b9c19b61
	at java.base/jdk.internal.reflect.DirectConstructorHandleAccessor.newInstance(DirectConstructorHandleAccessor.java:62)
	at java.base/java.lang.reflect.Constructor.newInstanceWithCaller(Constructor.java:502)
	at java.base/java.lang.reflect.Constructor.newInstance(Constructor.java:486)
	at org.openqa.selenium.remote.ErrorCodec.decode(ErrorCodec.java:167)
	at org.openqa.selenium.remote.codec.w3c.W3CHttpResponseCodec.decode(W3CHttpResponseCodec.java:138)
	at org.openqa.selenium.remote.codec.w3c.W3CHttpResponseCodec.decode(W3CHttpResponseCodec.java:50)
	at org.openqa.selenium.remote.HttpCommandExecutor.execute(HttpCommandExecutor.java:190)
	at org.openqa.selenium.remote.service.DriverCommandExecutor.invokeExecute(DriverCommandExecutor.java:216)
	at org.openqa.selenium.remote.service.DriverCommandExecutor.execute(DriverCommandExecutor.java:174)
	at org.openqa.selenium.remote.RemoteWebDriver.execute(RemoteWebDriver.java:545)
	at org.openqa.selenium.remote.ElementLocation$ElementFinder$2.findElement(ElementLocation.java:165)
	at org.openqa.selenium.remote.ElementLocation.findElement(ElementLocation.java:59)
	at org.openqa.selenium.remote.RemoteWebDriver.findElement(RemoteWebDriver.java:368)
	at org.openqa.selenium.remote.RemoteWebDriver.findElement(RemoteWebDriver.java:362)
	at org.openqa.selenium.support.pagefactory.DefaultElementLocator.findElement(DefaultElementLocator.java:68)
	at org.openqa.selenium.support.pagefactory.internal.LocatingElementHandler.invoke(LocatingElementHandler.java:38)
	at jdk.proxy2/jdk.proxy2.$Proxy14.click(Unknown Source)
	at lt.insoft.uztis.pages.InvitationsPage.clickButtonPublicationConfirmation(InvitationsPage.java:506)
	at lt.insoft.uztis.tests.InvitationsPageTest.testCreateNewPvkInvitation(InvitationsPageTest.java:688)
	at java.base/jdk.internal.reflect.DirectMethodHandleAccessor.invoke(DirectMethodHandleAccessor.java:103)
	at java.base/java.lang.reflect.Method.invoke(Method.java:580)
	at org.junit.platform.commons.util.ReflectionUtils.invokeMethod(ReflectionUtils.java:728)
	at org.junit.jupiter.engine.execution.MethodInvocation.proceed(MethodInvocation.java:60)
	at org.junit.jupiter.engine.execution.InvocationInterceptorChain$ValidatingInvocation.proceed(InvocationInterceptorChain.java:131)
	at org.junit.jupiter.engine.extension.TimeoutExtension.intercept(TimeoutExtension.java:156)
	at org.junit.jupiter.engine.extension.TimeoutExtension.interceptTestableMethod(TimeoutExtension.java:147)
	at org.junit.jupiter.engine.extension.TimeoutExtension.interceptTestMethod(TimeoutExtension.java:86)
	at org.junit.jupiter.engine.execution.InterceptingExecutableInvoker$ReflectiveInterceptorCall.lambda$ofVoidMethod$0(InterceptingExecutableInvoker.java:103)
	at org.junit.jupiter.engine.execution.InterceptingExecutableInvoker.lambda$invoke$0(InterceptingExecutableInvoker.java:93)
	at org.junit.jupiter.engine.execution.InvocationInterceptorChain$InterceptedInvocation.proceed(InvocationInterceptorChain.java:106)
	at org.junit.jupiter.engine.execution.InvocationInterceptorChain.proceed(InvocationInterceptorChain.java:64)
	at org.junit.jupiter.engine.execution.InvocationInterceptorChain.chainAndInvoke(InvocationInterceptorChain.java:45)
	at org.junit.jupiter.engine.execution.InvocationInterceptorChain.invoke(InvocationInterceptorChain.java:37)
	at org.junit.jupiter.engine.execution.InterceptingExecutableInvoker.invoke(InterceptingExecutableInvoker.java:92)
	at org.junit.jupiter.engine.execution.InterceptingExecutableInvoker.invoke(InterceptingExecutableInvoker.java:86)
	at org.junit.jupiter.engine.descriptor.TestMethodTestDescriptor.lambda$invokeTestMethod$7(TestMethodTestDescriptor.java:218)
	at org.junit.platform.engine.support.hierarchical.ThrowableCollector.execute(ThrowableCollector.java:73)
	at org.junit.jupiter.engine.descriptor.TestMethodTestDescriptor.invokeTestMethod(TestMethodTestDescriptor.java:214)
	at org.junit.jupiter.engine.descriptor.TestMethodTestDescriptor.execute(TestMethodTestDescriptor.java:139)
	at org.junit.jupiter.engine.descriptor.TestMethodTestDescriptor.execute(TestMethodTestDescriptor.java:69)
	at org.junit.platform.engine.support.hierarchical.NodeTestTask.lambda$executeRecursively$6(NodeTestTask.java:151)
	at org.junit.platform.engine.support.hierarchical.ThrowableCollector.execute(ThrowableCollector.java:73)
	at org.junit.platform.engine.support.hierarchical.NodeTestTask.lambda$executeRecursively$8(NodeTestTask.java:141)
	at org.junit.platform.engine.support.hierarchical.Node.around(Node.java:137)
	at org.junit.platform.engine.support.hierarchical.NodeTestTask.lambda$executeRecursively$9(NodeTestTask.java:139)
	at org.junit.platform.engine.support.hierarchical.ThrowableCollector.execute(ThrowableCollector.java:73)
	at org.junit.platform.engine.support.hierarchical.NodeTestTask.executeRecursively(NodeTestTask.java:138)
	at org.junit.platform.engine.support.hierarchical.NodeTestTask.execute(NodeTestTask.java:95)
	at java.base/java.util.ArrayList.forEach(ArrayList.java:1596)
	at org.junit.platform.engine.support.hierarchical.SameThreadHierarchicalTestExecutorService.invokeAll(SameThreadHierarchicalTestExecutorService.java:41)
	at org.junit.platform.engine.support.hierarchical.NodeTestTask.lambda$executeRecursively$6(NodeTestTask.java:155)
	at org.junit.platform.engine.support.hierarchical.ThrowableCollector.execute(ThrowableCollector.java:73)
	at org.junit.platform.engine.support.hierarchical.NodeTestTask.lambda$executeRecursively$8(NodeTestTask.java:141)
	at org.junit.platform.engine.support.hierarchical.Node.around(Node.java:137)
	at org.junit.platform.engine.support.hierarchical.NodeTestTask.lambda$executeRecursively$9(NodeTestTask.java:139)
	at org.junit.platform.engine.support.hierarchical.ThrowableCollector.execute(ThrowableCollector.java:73)
	at org.junit.platform.engine.support.hierarchical.NodeTestTask.executeRecursively(NodeTestTask.java:138)
	at org.junit.platform.engine.support.hierarchical.NodeTestTask.execute(NodeTestTask.java:95)
	at java.base/java.util.ArrayList.forEach(ArrayList.java:1596)
	at org.junit.platform.engine.support.hierarchical.SameThreadHierarchicalTestExecutorService.invokeAll(SameThreadHierarchicalTestExecutorService.java:41)
	at org.junit.platform.engine.support.hierarchical.NodeTestTask.lambda$executeRecursively$6(NodeTestTask.java:155)
	at org.junit.platform.engine.support.hierarchical.ThrowableCollector.execute(ThrowableCollector.java:73)
	at org.junit.platform.engine.support.hierarchical.NodeTestTask.lambda$executeRecursively$8(NodeTestTask.java:141)
	at org.junit.platform.engine.support.hierarchical.Node.around(Node.java:137)
	at org.junit.platform.engine.support.hierarchical.NodeTestTask.lambda$executeRecursively$9(NodeTestTask.java:139)
	at org.junit.platform.engine.support.hierarchical.ThrowableCollector.execute(ThrowableCollector.java:73)
	at org.junit.platform.engine.support.hierarchical.NodeTestTask.executeRecursively(NodeTestTask.java:138)
	at org.junit.platform.engine.support.hierarchical.NodeTestTask.execute(NodeTestTask.java:95)
	at org.junit.platform.engine.support.hierarchical.SameThreadHierarchicalTestExecutorService.submit(SameThreadHierarchicalTestExecutorService.java:35)
	at org.junit.platform.engine.support.hierarchical.HierarchicalTestExecutor.execute(HierarchicalTestExecutor.java:57)
	at org.junit.platform.engine.support.hierarchical.HierarchicalTestEngine.execute(HierarchicalTestEngine.java:54)
	at org.junit.platform.launcher.core.EngineExecutionOrchestrator.execute(EngineExecutionOrchestrator.java:198)
	at org.junit.platform.launcher.core.EngineExecutionOrchestrator.execute(EngineExecutionOrchestrator.java:169)
	at org.junit.platform.launcher.core.EngineExecutionOrchestrator.execute(EngineExecutionOrchestrator.java:93)
	at org.junit.platform.launcher.core.EngineExecutionOrchestrator.lambda$execute$0(EngineExecutionOrchestrator.java:58)
	at org.junit.platform.launcher.core.EngineExecutionOrchestrator.withInterceptedStreams(EngineExecutionOrchestrator.java:141)
	at org.junit.platform.launcher.core.EngineExecutionOrchestrator.execute(EngineExecutionOrchestrator.java:57)
	at org.junit.platform.launcher.core.DefaultLauncher.execute(DefaultLauncher.java:103)
	at org.junit.platform.launcher.core.DefaultLauncher.execute(DefaultLauncher.java:85)
	at org.junit.platform.launcher.core.DelegatingLauncher.execute(DelegatingLauncher.java:47)
	at org.junit.platform.launcher.core.SessionPerRequestLauncher.execute(SessionPerRequestLauncher.java:63)
	at com.intellij.junit5.JUnit5IdeaTestRunner.startRunnerWithArgs(JUnit5IdeaTestRunner.java:57)
	at com.intellij.rt.junit.IdeaTestRunner$Repeater$1.execute(IdeaTestRunner.java:38)
	at com.intellij.rt.execution.junit.TestsRepeater.repeat(TestsRepeater.java:11)
	at com.intellij.rt.junit.IdeaTestRunner$Repeater.startRunnerWithArgs(IdeaTestRunner.java:35)
	at com.intellij.rt.junit.JUnitStarter.prepareStreamsAndStart(JUnitStarter.java:232)
	at com.intellij.rt.junit.JUnitStarter.main(JUnitStarter.java:55)
2025-01-03 15:11:25 [main] INFO  l.insoft.uztis.tests.utils.TestUtils - Screenshot moved to C:\Users\ingrida.zadorozniene\Desktop\Asm\UZTIS\UZTIS_tests\test-output\screenshots\20250103\151125669_testCreateNewPvkInvitation().png
2025-01-03 15:14:23 [main] INFO  lt.insoft.uztis.tests.UztisPageTest - Navigated to https://uztisdev.asseco.lt/home
2025-01-03 15:14:23 [main] INFO  l.i.uztis.tests.InvitationsPageTest - Starting test:'testCreateNewPvkInvitation'
2025-01-03 15:14:23 [main] DEBUG l.i.uztis.tests.InvitationsPageTest - Opened 'Application Processing' menu.
2025-01-03 15:14:23 [main] DEBUG l.i.uztis.tests.InvitationsPageTest - Clicked on 'Application Forms' menu.
2025-01-03 15:14:23 [main] DEBUG l.i.uztis.tests.InvitationsPageTest - Navigating to application forms menu.
2025-01-03 15:14:23 [main] DEBUG l.i.uztis.tests.InvitationsPageTest - Retrieved last description code text: 'TST-PVK-36'.
2025-01-03 15:14:24 [main] DEBUG l.i.uztis.tests.InvitationsPageTest - Clicked on 'Invitation' menu.
2025-01-03 15:14:24 [main] DEBUG l.i.uztis.tests.InvitationsPageTest - Clicked 'Create New Application Form'.
2025-01-03 15:14:24 [main] DEBUG l.i.uztis.tests.InvitationsPageTest - Selected section by code: 'TST-PVK-36'.
2025-01-03 15:14:25 [main] DEBUG l.i.uztis.tests.InvitationsPageTest - Selected invitation number from the list.
2025-01-03 15:14:25 [main] DEBUG l.i.uztis.tests.InvitationsPageTest - Entered current date.
2025-01-03 15:14:26 [main] DEBUG l.i.uztis.tests.InvitationsPageTest - Entered start time: 00:00.
2025-01-03 15:14:26 [main] DEBUG l.i.uztis.tests.InvitationsPageTest - Entered end date.
2025-01-03 15:14:26 [main] DEBUG l.i.uztis.tests.InvitationsPageTest - Entered end time: 11:11.
2025-01-03 15:14:26 [main] DEBUG l.i.uztis.tests.InvitationsPageTest - Entered publication end date.
2025-01-03 15:14:27 [main] DEBUG l.i.uztis.tests.InvitationsPageTest - Added additional values.
2025-01-03 15:14:27 [main] INFO  l.insoft.uztis.pages.InvitationsPage - Located the dropdown button.
2025-01-03 15:14:27 [main] INFO  l.insoft.uztis.pages.InvitationsPage - Successfully selected the value: 'Didžiausia galima paramos suma aplinkos darbo vietai, Eur'
2025-01-03 15:14:27 [main] DEBUG l.i.uztis.tests.InvitationsPageTest - Selected the value: 'Didžiausia galima paramos suma aplinkos darbo vietai, Eur'
2025-01-03 15:14:27 [main] INFO  l.insoft.uztis.pages.InvitationsPage - Located the dropdown button.
2025-01-03 15:14:27 [main] INFO  l.insoft.uztis.pages.InvitationsPage - Successfully selected the value: 'Didžiausia galima paramos suma, Eur'
2025-01-03 15:14:27 [main] DEBUG l.i.uztis.tests.InvitationsPageTest - Selected the value: 'Didžiausia galima paramos suma, Eur'
2025-01-03 15:14:27 [main] INFO  l.insoft.uztis.pages.InvitationsPage - Located the dropdown button.
2025-01-03 15:14:28 [main] INFO  l.insoft.uztis.pages.InvitationsPage - Successfully selected the value: 'Didžiausia galima paramos suma vienai darbo vietai, Eur'
2025-01-03 15:14:28 [main] DEBUG l.i.uztis.tests.InvitationsPageTest - Selected the value: 'Didžiausia galima paramos suma vienai darbo vietai, Eur'
2025-01-03 15:14:28 [main] DEBUG l.i.uztis.tests.InvitationsPageTest - Entered value: 11000
2025-01-03 15:14:28 [main] DEBUG l.i.uztis.tests.InvitationsPageTest - Entered value: 12000
2025-01-03 15:14:28 [main] DEBUG l.i.uztis.tests.InvitationsPageTest - Entered value: 13000
2025-01-03 15:14:28 [main] DEBUG l.i.uztis.tests.InvitationsPageTest - Checked 'Legal Entities' checkbox.
2025-01-03 15:14:28 [main] DEBUG l.i.uztis.tests.InvitationsPageTest - Unchecked 'Persons Registered with Employment Service' checkbox.
2025-01-03 15:14:28 [main] DEBUG l.i.uztis.tests.InvitationsPageTest - Checked 'Persons Registered as Employers' checkbox.
2025-01-03 15:14:29 [main] DEBUG l.i.uztis.tests.InvitationsPageTest - Entered second evaluation grade: '5'.
2025-01-03 15:14:29 [main] DEBUG l.i.uztis.tests.InvitationsPageTest - Entered third evaluation grade: '6'.
2025-01-03 15:14:29 [main] DEBUG l.i.uztis.tests.InvitationsPageTest - Entered second evaluation grade weight: '0,45'.
2025-01-03 15:14:29 [main] DEBUG l.i.uztis.tests.InvitationsPageTest - Entered third evaluation grade weight: '0,55'.
2025-01-03 15:14:29 [main] DEBUG l.i.uztis.tests.InvitationsPageTest - Entered budget: '2000'.
2025-01-03 15:14:29 [main] DEBUG l.i.uztis.tests.InvitationsPageTest - Entered budget: '2000'.
2025-01-03 15:14:29 [main] DEBUG l.i.uztis.tests.InvitationsPageTest - Entered budget: '2000'.
2025-01-03 15:14:29 [main] DEBUG l.i.uztis.tests.InvitationsPageTest - Entered budget: '2000'.
2025-01-03 15:14:29 [main] DEBUG l.i.uztis.tests.InvitationsPageTest - Entered budget: '2000'.
2025-01-03 15:14:29 [main] DEBUG l.i.uztis.tests.InvitationsPageTest - Entered description text: 'Aprašo tekstas'.
2025-01-03 15:14:30 [main] DEBUG l.i.uztis.tests.InvitationsPageTest - Entered applicants text: 'Pareiškėjų tekstas'.
2025-01-03 15:14:30 [main] DEBUG l.i.uztis.tests.InvitationsPageTest - Entered expenditures text: 'Išlaidų tekstas'.
2025-01-03 15:14:30 [main] DEBUG l.i.uztis.tests.InvitationsPageTest - Entered legislation text: 'Teisės aktų tekstas'.
2025-01-03 15:14:30 [main] DEBUG l.i.uztis.tests.InvitationsPageTest - Entered education text: 'Mokymų tekstas'.
2025-01-03 15:14:30 [main] DEBUG l.i.uztis.tests.InvitationsPageTest - File uploaded.
2025-01-03 15:14:30 [main] DEBUG l.i.uztis.tests.InvitationsPageTest - Clicked 'Publish'.
2025-01-03 15:14:30 [main] DEBUG l.i.uztis.tests.InvitationsPageTest - Publication confirmed.
2025-01-03 15:14:30 [main] ERROR l.i.uztis.tests.InvitationsPageTest - Test 'testCreateNewPvkInvitation' failed with error: Unexpected success message. ==> expected: <Duomenys sėkmingai išsaugoti.> but was: <Nepavyko išsaugoti duomenų. Bandykite vėliau.>
org.opentest4j.AssertionFailedError: Unexpected success message. ==> expected: <Duomenys sėkmingai išsaugoti.> but was: <Nepavyko išsaugoti duomenų. Bandykite vėliau.>
	at org.junit.jupiter.api.AssertionFailureBuilder.build(AssertionFailureBuilder.java:151)
	at org.junit.jupiter.api.AssertionFailureBuilder.buildAndThrow(AssertionFailureBuilder.java:132)
	at org.junit.jupiter.api.AssertEquals.failNotEqual(AssertEquals.java:197)
	at org.junit.jupiter.api.AssertEquals.assertEquals(AssertEquals.java:182)
	at org.junit.jupiter.api.Assertions.assertEquals(Assertions.java:1152)
	at lt.insoft.uztis.tests.InvitationsPageTest.verifySuccessMessage(InvitationsPageTest.java:51)
	at lt.insoft.uztis.tests.InvitationsPageTest.testCreateNewPvkInvitation(InvitationsPageTest.java:691)
	at java.base/jdk.internal.reflect.DirectMethodHandleAccessor.invoke(DirectMethodHandleAccessor.java:103)
	at java.base/java.lang.reflect.Method.invoke(Method.java:580)
	at org.junit.platform.commons.util.ReflectionUtils.invokeMethod(ReflectionUtils.java:728)
	at org.junit.jupiter.engine.execution.MethodInvocation.proceed(MethodInvocation.java:60)
	at org.junit.jupiter.engine.execution.InvocationInterceptorChain$ValidatingInvocation.proceed(InvocationInterceptorChain.java:131)
	at org.junit.jupiter.engine.extension.TimeoutExtension.intercept(TimeoutExtension.java:156)
	at org.junit.jupiter.engine.extension.TimeoutExtension.interceptTestableMethod(TimeoutExtension.java:147)
	at org.junit.jupiter.engine.extension.TimeoutExtension.interceptTestMethod(TimeoutExtension.java:86)
	at org.junit.jupiter.engine.execution.InterceptingExecutableInvoker$ReflectiveInterceptorCall.lambda$ofVoidMethod$0(InterceptingExecutableInvoker.java:103)
	at org.junit.jupiter.engine.execution.InterceptingExecutableInvoker.lambda$invoke$0(InterceptingExecutableInvoker.java:93)
	at org.junit.jupiter.engine.execution.InvocationInterceptorChain$InterceptedInvocation.proceed(InvocationInterceptorChain.java:106)
	at org.junit.jupiter.engine.execution.InvocationInterceptorChain.proceed(InvocationInterceptorChain.java:64)
	at org.junit.jupiter.engine.execution.InvocationInterceptorChain.chainAndInvoke(InvocationInterceptorChain.java:45)
	at org.junit.jupiter.engine.execution.InvocationInterceptorChain.invoke(InvocationInterceptorChain.java:37)
	at org.junit.jupiter.engine.execution.InterceptingExecutableInvoker.invoke(InterceptingExecutableInvoker.java:92)
	at org.junit.jupiter.engine.execution.InterceptingExecutableInvoker.invoke(InterceptingExecutableInvoker.java:86)
	at org.junit.jupiter.engine.descriptor.TestMethodTestDescriptor.lambda$invokeTestMethod$7(TestMethodTestDescriptor.java:218)
	at org.junit.platform.engine.support.hierarchical.ThrowableCollector.execute(ThrowableCollector.java:73)
	at org.junit.jupiter.engine.descriptor.TestMethodTestDescriptor.invokeTestMethod(TestMethodTestDescriptor.java:214)
	at org.junit.jupiter.engine.descriptor.TestMethodTestDescriptor.execute(TestMethodTestDescriptor.java:139)
	at org.junit.jupiter.engine.descriptor.TestMethodTestDescriptor.execute(TestMethodTestDescriptor.java:69)
	at org.junit.platform.engine.support.hierarchical.NodeTestTask.lambda$executeRecursively$6(NodeTestTask.java:151)
	at org.junit.platform.engine.support.hierarchical.ThrowableCollector.execute(ThrowableCollector.java:73)
	at org.junit.platform.engine.support.hierarchical.NodeTestTask.lambda$executeRecursively$8(NodeTestTask.java:141)
	at org.junit.platform.engine.support.hierarchical.Node.around(Node.java:137)
	at org.junit.platform.engine.support.hierarchical.NodeTestTask.lambda$executeRecursively$9(NodeTestTask.java:139)
	at org.junit.platform.engine.support.hierarchical.ThrowableCollector.execute(ThrowableCollector.java:73)
	at org.junit.platform.engine.support.hierarchical.NodeTestTask.executeRecursively(NodeTestTask.java:138)
	at org.junit.platform.engine.support.hierarchical.NodeTestTask.execute(NodeTestTask.java:95)
	at java.base/java.util.ArrayList.forEach(ArrayList.java:1596)
	at org.junit.platform.engine.support.hierarchical.SameThreadHierarchicalTestExecutorService.invokeAll(SameThreadHierarchicalTestExecutorService.java:41)
	at org.junit.platform.engine.support.hierarchical.NodeTestTask.lambda$executeRecursively$6(NodeTestTask.java:155)
	at org.junit.platform.engine.support.hierarchical.ThrowableCollector.execute(ThrowableCollector.java:73)
	at org.junit.platform.engine.support.hierarchical.NodeTestTask.lambda$executeRecursively$8(NodeTestTask.java:141)
	at org.junit.platform.engine.support.hierarchical.Node.around(Node.java:137)
	at org.junit.platform.engine.support.hierarchical.NodeTestTask.lambda$executeRecursively$9(NodeTestTask.java:139)
	at org.junit.platform.engine.support.hierarchical.ThrowableCollector.execute(ThrowableCollector.java:73)
	at org.junit.platform.engine.support.hierarchical.NodeTestTask.executeRecursively(NodeTestTask.java:138)
	at org.junit.platform.engine.support.hierarchical.NodeTestTask.execute(NodeTestTask.java:95)
	at java.base/java.util.ArrayList.forEach(ArrayList.java:1596)
	at org.junit.platform.engine.support.hierarchical.SameThreadHierarchicalTestExecutorService.invokeAll(SameThreadHierarchicalTestExecutorService.java:41)
	at org.junit.platform.engine.support.hierarchical.NodeTestTask.lambda$executeRecursively$6(NodeTestTask.java:155)
	at org.junit.platform.engine.support.hierarchical.ThrowableCollector.execute(ThrowableCollector.java:73)
	at org.junit.platform.engine.support.hierarchical.NodeTestTask.lambda$executeRecursively$8(NodeTestTask.java:141)
	at org.junit.platform.engine.support.hierarchical.Node.around(Node.java:137)
	at org.junit.platform.engine.support.hierarchical.NodeTestTask.lambda$executeRecursively$9(NodeTestTask.java:139)
	at org.junit.platform.engine.support.hierarchical.ThrowableCollector.execute(ThrowableCollector.java:73)
	at org.junit.platform.engine.support.hierarchical.NodeTestTask.executeRecursively(NodeTestTask.java:138)
	at org.junit.platform.engine.support.hierarchical.NodeTestTask.execute(NodeTestTask.java:95)
	at org.junit.platform.engine.support.hierarchical.SameThreadHierarchicalTestExecutorService.submit(SameThreadHierarchicalTestExecutorService.java:35)
	at org.junit.platform.engine.support.hierarchical.HierarchicalTestExecutor.execute(HierarchicalTestExecutor.java:57)
	at org.junit.platform.engine.support.hierarchical.HierarchicalTestEngine.execute(HierarchicalTestEngine.java:54)
	at org.junit.platform.launcher.core.EngineExecutionOrchestrator.execute(EngineExecutionOrchestrator.java:198)
	at org.junit.platform.launcher.core.EngineExecutionOrchestrator.execute(EngineExecutionOrchestrator.java:169)
	at org.junit.platform.launcher.core.EngineExecutionOrchestrator.execute(EngineExecutionOrchestrator.java:93)
	at org.junit.platform.launcher.core.EngineExecutionOrchestrator.lambda$execute$0(EngineExecutionOrchestrator.java:58)
	at org.junit.platform.launcher.core.EngineExecutionOrchestrator.withInterceptedStreams(EngineExecutionOrchestrator.java:141)
	at org.junit.platform.launcher.core.EngineExecutionOrchestrator.execute(EngineExecutionOrchestrator.java:57)
	at org.junit.platform.launcher.core.DefaultLauncher.execute(DefaultLauncher.java:103)
	at org.junit.platform.launcher.core.DefaultLauncher.execute(DefaultLauncher.java:85)
	at org.junit.platform.launcher.core.DelegatingLauncher.execute(DelegatingLauncher.java:47)
	at org.junit.platform.launcher.core.SessionPerRequestLauncher.execute(SessionPerRequestLauncher.java:63)
	at com.intellij.junit5.JUnit5IdeaTestRunner.startRunnerWithArgs(JUnit5IdeaTestRunner.java:57)
	at com.intellij.rt.junit.IdeaTestRunner$Repeater$1.execute(IdeaTestRunner.java:38)
	at com.intellij.rt.execution.junit.TestsRepeater.repeat(TestsRepeater.java:11)
	at com.intellij.rt.junit.IdeaTestRunner$Repeater.startRunnerWithArgs(IdeaTestRunner.java:35)
	at com.intellij.rt.junit.JUnitStarter.prepareStreamsAndStart(JUnitStarter.java:232)
	at com.intellij.rt.junit.JUnitStarter.main(JUnitStarter.java:55)
2025-01-03 15:14:31 [main] INFO  l.insoft.uztis.tests.utils.TestUtils - Screenshot moved to C:\Users\ingrida.zadorozniene\Desktop\Asm\UZTIS\UZTIS_tests\test-output\screenshots\20250103\151431122_testCreateNewPvkInvitation().png
2025-01-03 15:16:47 [main] INFO  lt.insoft.uztis.tests.UztisPageTest - Navigated to https://uztisdev.asseco.lt/home
2025-01-03 15:16:47 [main] INFO  l.i.uztis.tests.InvitationsPageTest - Starting test:'testCreateNewPvkInvitation'
2025-01-03 15:16:47 [main] DEBUG l.i.uztis.tests.InvitationsPageTest - Opened 'Application Processing' menu.
2025-01-03 15:16:47 [main] DEBUG l.i.uztis.tests.InvitationsPageTest - Clicked on 'Application Forms' menu.
2025-01-03 15:16:47 [main] DEBUG l.i.uztis.tests.InvitationsPageTest - Navigating to application forms menu.
2025-01-03 15:16:48 [main] DEBUG l.i.uztis.tests.InvitationsPageTest - Retrieved last description code text: 'TST-PVK-36'.
2025-01-03 15:16:48 [main] DEBUG l.i.uztis.tests.InvitationsPageTest - Clicked on 'Invitation' menu.
2025-01-03 15:16:48 [main] DEBUG l.i.uztis.tests.InvitationsPageTest - Clicked 'Create New Application Form'.
2025-01-03 15:16:49 [main] DEBUG l.i.uztis.tests.InvitationsPageTest - Selected section by code: 'TST-PVK-36'.
2025-01-03 15:16:49 [main] DEBUG l.i.uztis.tests.InvitationsPageTest - Selected invitation number from the list.
2025-01-03 15:16:50 [main] DEBUG l.i.uztis.tests.InvitationsPageTest - Entered current date.
2025-01-03 15:16:50 [main] DEBUG l.i.uztis.tests.InvitationsPageTest - Entered start time: 00:00.
2025-01-03 15:16:50 [main] DEBUG l.i.uztis.tests.InvitationsPageTest - Entered end date.
2025-01-03 15:16:51 [main] DEBUG l.i.uztis.tests.InvitationsPageTest - Entered end time: 11:11.
2025-01-03 15:16:51 [main] DEBUG l.i.uztis.tests.InvitationsPageTest - Entered publication end date.
2025-01-03 15:16:51 [main] DEBUG l.i.uztis.tests.InvitationsPageTest - Added additional values.
2025-01-03 15:16:51 [main] INFO  l.insoft.uztis.pages.InvitationsPage - Located the dropdown button.
2025-01-03 15:16:51 [main] INFO  l.insoft.uztis.pages.InvitationsPage - Successfully selected the value: 'Didžiausia galima paramos suma aplinkos darbo vietai, Eur'
2025-01-03 15:16:51 [main] DEBUG l.i.uztis.tests.InvitationsPageTest - Selected the value: 'Didžiausia galima paramos suma aplinkos darbo vietai, Eur'
2025-01-03 15:16:51 [main] INFO  l.insoft.uztis.pages.InvitationsPage - Located the dropdown button.
2025-01-03 15:16:52 [main] INFO  l.insoft.uztis.pages.InvitationsPage - Successfully selected the value: 'Didžiausia galima paramos suma, Eur'
2025-01-03 15:16:52 [main] DEBUG l.i.uztis.tests.InvitationsPageTest - Selected the value: 'Didžiausia galima paramos suma, Eur'
2025-01-03 15:16:52 [main] INFO  l.insoft.uztis.pages.InvitationsPage - Located the dropdown button.
2025-01-03 15:16:52 [main] INFO  l.insoft.uztis.pages.InvitationsPage - Successfully selected the value: 'Didžiausia galima paramos suma vienai darbo vietai, Eur'
2025-01-03 15:16:52 [main] DEBUG l.i.uztis.tests.InvitationsPageTest - Selected the value: 'Didžiausia galima paramos suma vienai darbo vietai, Eur'
2025-01-03 15:16:52 [main] DEBUG l.i.uztis.tests.InvitationsPageTest - Entered value: 11000
2025-01-03 15:16:53 [main] DEBUG l.i.uztis.tests.InvitationsPageTest - Entered value: 12000
2025-01-03 15:16:53 [main] DEBUG l.i.uztis.tests.InvitationsPageTest - Entered value: 13000
2025-01-03 15:16:53 [main] DEBUG l.i.uztis.tests.InvitationsPageTest - Checked 'Legal Entities' checkbox.
2025-01-03 15:16:53 [main] DEBUG l.i.uztis.tests.InvitationsPageTest - Unchecked 'Persons Registered with Employment Service' checkbox.
2025-01-03 15:16:53 [main] DEBUG l.i.uztis.tests.InvitationsPageTest - Checked 'Persons Registered as Employers' checkbox.
2025-01-03 15:16:53 [main] DEBUG l.i.uztis.tests.InvitationsPageTest - Entered second evaluation grade: '5'.
2025-01-03 15:16:53 [main] DEBUG l.i.uztis.tests.InvitationsPageTest - Entered third evaluation grade: '6'.
2025-01-03 15:16:53 [main] DEBUG l.i.uztis.tests.InvitationsPageTest - Entered second evaluation grade weight: '0,45'.
2025-01-03 15:16:53 [main] DEBUG l.i.uztis.tests.InvitationsPageTest - Entered third evaluation grade weight: '0,55'.
2025-01-03 15:16:53 [main] DEBUG l.i.uztis.tests.InvitationsPageTest - Entered budget: '2000'.
2025-01-03 15:16:54 [main] DEBUG l.i.uztis.tests.InvitationsPageTest - Entered budget: '2000'.
2025-01-03 15:16:54 [main] DEBUG l.i.uztis.tests.InvitationsPageTest - Entered budget: '2000'.
2025-01-03 15:16:54 [main] DEBUG l.i.uztis.tests.InvitationsPageTest - Entered budget: '2000'.
2025-01-03 15:16:54 [main] DEBUG l.i.uztis.tests.InvitationsPageTest - Entered budget: '2000'.
2025-01-03 15:16:54 [main] DEBUG l.i.uztis.tests.InvitationsPageTest - Entered description text: 'Aprašo tekstas'.
2025-01-03 15:16:54 [main] DEBUG l.i.uztis.tests.InvitationsPageTest - Entered applicants text: 'Pareiškėjų tekstas'.
2025-01-03 15:16:54 [main] DEBUG l.i.uztis.tests.InvitationsPageTest - Entered expenditures text: 'Išlaidų tekstas'.
2025-01-03 15:16:55 [main] DEBUG l.i.uztis.tests.InvitationsPageTest - Entered legislation text: 'Teisės aktų tekstas'.
2025-01-03 15:16:55 [main] DEBUG l.i.uztis.tests.InvitationsPageTest - Entered education text: 'Mokymų tekstas'.
2025-01-03 15:16:55 [main] DEBUG l.i.uztis.tests.InvitationsPageTest - File uploaded.
2025-01-03 15:16:55 [main] DEBUG l.i.uztis.tests.InvitationsPageTest - Clicked 'Publish'.
2025-01-03 15:16:55 [main] DEBUG l.i.uztis.tests.InvitationsPageTest - Publication confirmed.
2025-01-03 15:16:55 [main] ERROR l.i.uztis.tests.InvitationsPageTest - Test 'testCreateNewPvkInvitation' failed with error: Unexpected success message. ==> expected: <Duomenys sėkmingai išsaugoti.> but was: <Nepavyko išsaugoti duomenų. Bandykite vėliau.>
org.opentest4j.AssertionFailedError: Unexpected success message. ==> expected: <Duomenys sėkmingai išsaugoti.> but was: <Nepavyko išsaugoti duomenų. Bandykite vėliau.>
	at org.junit.jupiter.api.AssertionFailureBuilder.build(AssertionFailureBuilder.java:151)
	at org.junit.jupiter.api.AssertionFailureBuilder.buildAndThrow(AssertionFailureBuilder.java:132)
	at org.junit.jupiter.api.AssertEquals.failNotEqual(AssertEquals.java:197)
	at org.junit.jupiter.api.AssertEquals.assertEquals(AssertEquals.java:182)
	at org.junit.jupiter.api.Assertions.assertEquals(Assertions.java:1152)
	at lt.insoft.uztis.tests.InvitationsPageTest.verifySuccessMessage(InvitationsPageTest.java:51)
	at lt.insoft.uztis.tests.InvitationsPageTest.testCreateNewPvkInvitation(InvitationsPageTest.java:691)
	at java.base/jdk.internal.reflect.DirectMethodHandleAccessor.invoke(DirectMethodHandleAccessor.java:103)
	at java.base/java.lang.reflect.Method.invoke(Method.java:580)
	at org.junit.platform.commons.util.ReflectionUtils.invokeMethod(ReflectionUtils.java:728)
	at org.junit.jupiter.engine.execution.MethodInvocation.proceed(MethodInvocation.java:60)
	at org.junit.jupiter.engine.execution.InvocationInterceptorChain$ValidatingInvocation.proceed(InvocationInterceptorChain.java:131)
	at org.junit.jupiter.engine.extension.TimeoutExtension.intercept(TimeoutExtension.java:156)
	at org.junit.jupiter.engine.extension.TimeoutExtension.interceptTestableMethod(TimeoutExtension.java:147)
	at org.junit.jupiter.engine.extension.TimeoutExtension.interceptTestMethod(TimeoutExtension.java:86)
	at org.junit.jupiter.engine.execution.InterceptingExecutableInvoker$ReflectiveInterceptorCall.lambda$ofVoidMethod$0(InterceptingExecutableInvoker.java:103)
	at org.junit.jupiter.engine.execution.InterceptingExecutableInvoker.lambda$invoke$0(InterceptingExecutableInvoker.java:93)
	at org.junit.jupiter.engine.execution.InvocationInterceptorChain$InterceptedInvocation.proceed(InvocationInterceptorChain.java:106)
	at org.junit.jupiter.engine.execution.InvocationInterceptorChain.proceed(InvocationInterceptorChain.java:64)
	at org.junit.jupiter.engine.execution.InvocationInterceptorChain.chainAndInvoke(InvocationInterceptorChain.java:45)
	at org.junit.jupiter.engine.execution.InvocationInterceptorChain.invoke(InvocationInterceptorChain.java:37)
	at org.junit.jupiter.engine.execution.InterceptingExecutableInvoker.invoke(InterceptingExecutableInvoker.java:92)
	at org.junit.jupiter.engine.execution.InterceptingExecutableInvoker.invoke(InterceptingExecutableInvoker.java:86)
	at org.junit.jupiter.engine.descriptor.TestMethodTestDescriptor.lambda$invokeTestMethod$7(TestMethodTestDescriptor.java:218)
	at org.junit.platform.engine.support.hierarchical.ThrowableCollector.execute(ThrowableCollector.java:73)
	at org.junit.jupiter.engine.descriptor.TestMethodTestDescriptor.invokeTestMethod(TestMethodTestDescriptor.java:214)
	at org.junit.jupiter.engine.descriptor.TestMethodTestDescriptor.execute(TestMethodTestDescriptor.java:139)
	at org.junit.jupiter.engine.descriptor.TestMethodTestDescriptor.execute(TestMethodTestDescriptor.java:69)
	at org.junit.platform.engine.support.hierarchical.NodeTestTask.lambda$executeRecursively$6(NodeTestTask.java:151)
	at org.junit.platform.engine.support.hierarchical.ThrowableCollector.execute(ThrowableCollector.java:73)
	at org.junit.platform.engine.support.hierarchical.NodeTestTask.lambda$executeRecursively$8(NodeTestTask.java:141)
	at org.junit.platform.engine.support.hierarchical.Node.around(Node.java:137)
	at org.junit.platform.engine.support.hierarchical.NodeTestTask.lambda$executeRecursively$9(NodeTestTask.java:139)
	at org.junit.platform.engine.support.hierarchical.ThrowableCollector.execute(ThrowableCollector.java:73)
	at org.junit.platform.engine.support.hierarchical.NodeTestTask.executeRecursively(NodeTestTask.java:138)
	at org.junit.platform.engine.support.hierarchical.NodeTestTask.execute(NodeTestTask.java:95)
	at java.base/java.util.ArrayList.forEach(ArrayList.java:1596)
	at org.junit.platform.engine.support.hierarchical.SameThreadHierarchicalTestExecutorService.invokeAll(SameThreadHierarchicalTestExecutorService.java:41)
	at org.junit.platform.engine.support.hierarchical.NodeTestTask.lambda$executeRecursively$6(NodeTestTask.java:155)
	at org.junit.platform.engine.support.hierarchical.ThrowableCollector.execute(ThrowableCollector.java:73)
	at org.junit.platform.engine.support.hierarchical.NodeTestTask.lambda$executeRecursively$8(NodeTestTask.java:141)
	at org.junit.platform.engine.support.hierarchical.Node.around(Node.java:137)
	at org.junit.platform.engine.support.hierarchical.NodeTestTask.lambda$executeRecursively$9(NodeTestTask.java:139)
	at org.junit.platform.engine.support.hierarchical.ThrowableCollector.execute(ThrowableCollector.java:73)
	at org.junit.platform.engine.support.hierarchical.NodeTestTask.executeRecursively(NodeTestTask.java:138)
	at org.junit.platform.engine.support.hierarchical.NodeTestTask.execute(NodeTestTask.java:95)
	at java.base/java.util.ArrayList.forEach(ArrayList.java:1596)
	at org.junit.platform.engine.support.hierarchical.SameThreadHierarchicalTestExecutorService.invokeAll(SameThreadHierarchicalTestExecutorService.java:41)
	at org.junit.platform.engine.support.hierarchical.NodeTestTask.lambda$executeRecursively$6(NodeTestTask.java:155)
	at org.junit.platform.engine.support.hierarchical.ThrowableCollector.execute(ThrowableCollector.java:73)
	at org.junit.platform.engine.support.hierarchical.NodeTestTask.lambda$executeRecursively$8(NodeTestTask.java:141)
	at org.junit.platform.engine.support.hierarchical.Node.around(Node.java:137)
	at org.junit.platform.engine.support.hierarchical.NodeTestTask.lambda$executeRecursively$9(NodeTestTask.java:139)
	at org.junit.platform.engine.support.hierarchical.ThrowableCollector.execute(ThrowableCollector.java:73)
	at org.junit.platform.engine.support.hierarchical.NodeTestTask.executeRecursively(NodeTestTask.java:138)
	at org.junit.platform.engine.support.hierarchical.NodeTestTask.execute(NodeTestTask.java:95)
	at org.junit.platform.engine.support.hierarchical.SameThreadHierarchicalTestExecutorService.submit(SameThreadHierarchicalTestExecutorService.java:35)
	at org.junit.platform.engine.support.hierarchical.HierarchicalTestExecutor.execute(HierarchicalTestExecutor.java:57)
	at org.junit.platform.engine.support.hierarchical.HierarchicalTestEngine.execute(HierarchicalTestEngine.java:54)
	at org.junit.platform.launcher.core.EngineExecutionOrchestrator.execute(EngineExecutionOrchestrator.java:198)
	at org.junit.platform.launcher.core.EngineExecutionOrchestrator.execute(EngineExecutionOrchestrator.java:169)
	at org.junit.platform.launcher.core.EngineExecutionOrchestrator.execute(EngineExecutionOrchestrator.java:93)
	at org.junit.platform.launcher.core.EngineExecutionOrchestrator.lambda$execute$0(EngineExecutionOrchestrator.java:58)
	at org.junit.platform.launcher.core.EngineExecutionOrchestrator.withInterceptedStreams(EngineExecutionOrchestrator.java:141)
	at org.junit.platform.launcher.core.EngineExecutionOrchestrator.execute(EngineExecutionOrchestrator.java:57)
	at org.junit.platform.launcher.core.DefaultLauncher.execute(DefaultLauncher.java:103)
	at org.junit.platform.launcher.core.DefaultLauncher.execute(DefaultLauncher.java:85)
	at org.junit.platform.launcher.core.DelegatingLauncher.execute(DelegatingLauncher.java:47)
	at org.junit.platform.launcher.core.SessionPerRequestLauncher.execute(SessionPerRequestLauncher.java:63)
	at com.intellij.junit5.JUnit5IdeaTestRunner.startRunnerWithArgs(JUnit5IdeaTestRunner.java:57)
	at com.intellij.rt.junit.IdeaTestRunner$Repeater$1.execute(IdeaTestRunner.java:38)
	at com.intellij.rt.execution.junit.TestsRepeater.repeat(TestsRepeater.java:11)
	at com.intellij.rt.junit.IdeaTestRunner$Repeater.startRunnerWithArgs(IdeaTestRunner.java:35)
	at com.intellij.rt.junit.JUnitStarter.prepareStreamsAndStart(JUnitStarter.java:232)
	at com.intellij.rt.junit.JUnitStarter.main(JUnitStarter.java:55)
2025-01-03 15:16:55 [main] INFO  l.insoft.uztis.tests.utils.TestUtils - Screenshot moved to C:\Users\ingrida.zadorozniene\Desktop\Asm\UZTIS\UZTIS_tests\test-output\screenshots\20250103\151655784_testCreateNewPvkInvitation().png
2025-01-06 07:16:04 [main] INFO  lt.insoft.uztis.tests.UztisPageTest - Navigated to https://uztisdev.asseco.lt/home
2025-01-06 07:16:04 [main] INFO  l.i.uztis.tests.InvitationsPageTest - Starting test:'testCreateNewPvkInvitation'
2025-01-06 07:16:04 [main] DEBUG l.i.uztis.tests.InvitationsPageTest - Opened 'Application Processing' menu.
2025-01-06 07:16:04 [main] DEBUG l.i.uztis.tests.InvitationsPageTest - Clicked on 'Application Forms' menu.
2025-01-06 07:16:04 [main] DEBUG l.i.uztis.tests.InvitationsPageTest - Navigating to application forms menu.
2025-01-06 07:16:04 [main] DEBUG l.i.uztis.tests.InvitationsPageTest - Retrieved last description code text: 'TST-PVK-36'.
2025-01-06 07:16:04 [main] DEBUG l.i.uztis.tests.InvitationsPageTest - Clicked on 'Invitation' menu.
2025-01-06 07:16:05 [main] DEBUG l.i.uztis.tests.InvitationsPageTest - Clicked 'Create New Application Form'.
2025-01-06 07:16:05 [main] DEBUG l.i.uztis.tests.InvitationsPageTest - Selected section by code: 'TST-PVK-36'.
2025-01-06 07:16:06 [main] DEBUG l.i.uztis.tests.InvitationsPageTest - Selected invitation number from the list.
2025-01-06 07:16:06 [main] DEBUG l.i.uztis.tests.InvitationsPageTest - Entered current date.
2025-01-06 07:16:06 [main] DEBUG l.i.uztis.tests.InvitationsPageTest - Entered start time: 00:00.
2025-01-06 07:16:07 [main] DEBUG l.i.uztis.tests.InvitationsPageTest - Entered end date.
2025-01-06 07:16:07 [main] DEBUG l.i.uztis.tests.InvitationsPageTest - Entered end time: 11:11.
2025-01-06 07:16:07 [main] DEBUG l.i.uztis.tests.InvitationsPageTest - Entered publication end date.
2025-01-06 07:16:07 [main] DEBUG l.i.uztis.tests.InvitationsPageTest - Added additional values.
2025-01-06 07:16:07 [main] INFO  l.insoft.uztis.pages.InvitationsPage - Located the dropdown button.
2025-01-06 07:16:08 [main] INFO  l.insoft.uztis.pages.InvitationsPage - Successfully selected the value: 'Didžiausia galima paramos suma aplinkos darbo vietai, Eur'
2025-01-06 07:16:08 [main] DEBUG l.i.uztis.tests.InvitationsPageTest - Selected the value: 'Didžiausia galima paramos suma aplinkos darbo vietai, Eur'
2025-01-06 07:16:08 [main] INFO  l.insoft.uztis.pages.InvitationsPage - Located the dropdown button.
2025-01-06 07:16:08 [main] INFO  l.insoft.uztis.pages.InvitationsPage - Successfully selected the value: 'Didžiausia galima paramos suma, Eur'
2025-01-06 07:16:08 [main] DEBUG l.i.uztis.tests.InvitationsPageTest - Selected the value: 'Didžiausia galima paramos suma, Eur'
2025-01-06 07:16:08 [main] INFO  l.insoft.uztis.pages.InvitationsPage - Located the dropdown button.
2025-01-06 07:16:08 [main] INFO  l.insoft.uztis.pages.InvitationsPage - Successfully selected the value: 'Didžiausia galima paramos suma vienai darbo vietai, Eur'
2025-01-06 07:16:09 [main] DEBUG l.i.uztis.tests.InvitationsPageTest - Selected the value: 'Didžiausia galima paramos suma vienai darbo vietai, Eur'
2025-01-06 07:16:09 [main] DEBUG l.i.uztis.tests.InvitationsPageTest - Entered value: 11000
2025-01-06 07:16:09 [main] DEBUG l.i.uztis.tests.InvitationsPageTest - Entered value: 12000
2025-01-06 07:16:09 [main] DEBUG l.i.uztis.tests.InvitationsPageTest - Entered value: 13000
2025-01-06 07:16:09 [main] DEBUG l.i.uztis.tests.InvitationsPageTest - Checked 'Legal Entities' checkbox.
2025-01-06 07:16:09 [main] DEBUG l.i.uztis.tests.InvitationsPageTest - Unchecked 'Persons Registered with Employment Service' checkbox.
2025-01-06 07:16:09 [main] DEBUG l.i.uztis.tests.InvitationsPageTest - Checked 'Persons Registered as Employers' checkbox.
2025-01-06 07:16:09 [main] DEBUG l.i.uztis.tests.InvitationsPageTest - Entered second evaluation grade: '5'.
2025-01-06 07:16:10 [main] DEBUG l.i.uztis.tests.InvitationsPageTest - Entered third evaluation grade: '6'.
2025-01-06 07:16:10 [main] DEBUG l.i.uztis.tests.InvitationsPageTest - Entered second evaluation grade weight: '0,45'.
2025-01-06 07:16:10 [main] DEBUG l.i.uztis.tests.InvitationsPageTest - Entered third evaluation grade weight: '0,55'.
2025-01-06 07:16:10 [main] DEBUG l.i.uztis.tests.InvitationsPageTest - Entered budget: '2000'.
2025-01-06 07:16:10 [main] DEBUG l.i.uztis.tests.InvitationsPageTest - Entered budget: '2000'.
2025-01-06 07:16:10 [main] DEBUG l.i.uztis.tests.InvitationsPageTest - Entered budget: '2000'.
2025-01-06 07:16:10 [main] DEBUG l.i.uztis.tests.InvitationsPageTest - Entered budget: '2000'.
2025-01-06 07:16:10 [main] DEBUG l.i.uztis.tests.InvitationsPageTest - Entered budget: '2000'.
2025-01-06 07:16:10 [main] DEBUG l.i.uztis.tests.InvitationsPageTest - Entered description text: 'Aprašo tekstas'.
2025-01-06 07:16:11 [main] DEBUG l.i.uztis.tests.InvitationsPageTest - Entered applicants text: 'Pareiškėjų tekstas'.
2025-01-06 07:16:11 [main] DEBUG l.i.uztis.tests.InvitationsPageTest - Entered expenditures text: 'Išlaidų tekstas'.
2025-01-06 07:16:11 [main] DEBUG l.i.uztis.tests.InvitationsPageTest - Entered legislation text: 'Teisės aktų tekstas'.
2025-01-06 07:16:11 [main] DEBUG l.i.uztis.tests.InvitationsPageTest - Entered education text: 'Mokymų tekstas'.
2025-01-06 07:16:11 [main] DEBUG l.i.uztis.tests.InvitationsPageTest - File uploaded.
2025-01-06 07:16:11 [main] DEBUG l.i.uztis.tests.InvitationsPageTest - Clicked 'Publish'.
2025-01-06 07:16:11 [main] DEBUG l.i.uztis.tests.InvitationsPageTest - Publication confirmed.
2025-01-06 07:16:12 [main] ERROR l.i.uztis.tests.InvitationsPageTest - Test 'testCreateNewPvkInvitation' failed with error: Unexpected success message. ==> expected: <Duomenys sėkmingai išsaugoti.> but was: <Nepavyko išsaugoti duomenų. Bandykite vėliau.>
org.opentest4j.AssertionFailedError: Unexpected success message. ==> expected: <Duomenys sėkmingai išsaugoti.> but was: <Nepavyko išsaugoti duomenų. Bandykite vėliau.>
	at org.junit.jupiter.api.AssertionFailureBuilder.build(AssertionFailureBuilder.java:151)
	at org.junit.jupiter.api.AssertionFailureBuilder.buildAndThrow(AssertionFailureBuilder.java:132)
	at org.junit.jupiter.api.AssertEquals.failNotEqual(AssertEquals.java:197)
	at org.junit.jupiter.api.AssertEquals.assertEquals(AssertEquals.java:182)
	at org.junit.jupiter.api.Assertions.assertEquals(Assertions.java:1152)
	at lt.insoft.uztis.tests.InvitationsPageTest.verifySuccessMessage(InvitationsPageTest.java:51)
	at lt.insoft.uztis.tests.InvitationsPageTest.testCreateNewPvkInvitation(InvitationsPageTest.java:691)
	at java.base/jdk.internal.reflect.DirectMethodHandleAccessor.invoke(DirectMethodHandleAccessor.java:103)
	at java.base/java.lang.reflect.Method.invoke(Method.java:580)
	at org.junit.platform.commons.util.ReflectionUtils.invokeMethod(ReflectionUtils.java:728)
	at org.junit.jupiter.engine.execution.MethodInvocation.proceed(MethodInvocation.java:60)
	at org.junit.jupiter.engine.execution.InvocationInterceptorChain$ValidatingInvocation.proceed(InvocationInterceptorChain.java:131)
	at org.junit.jupiter.engine.extension.TimeoutExtension.intercept(TimeoutExtension.java:156)
	at org.junit.jupiter.engine.extension.TimeoutExtension.interceptTestableMethod(TimeoutExtension.java:147)
	at org.junit.jupiter.engine.extension.TimeoutExtension.interceptTestMethod(TimeoutExtension.java:86)
	at org.junit.jupiter.engine.execution.InterceptingExecutableInvoker$ReflectiveInterceptorCall.lambda$ofVoidMethod$0(InterceptingExecutableInvoker.java:103)
	at org.junit.jupiter.engine.execution.InterceptingExecutableInvoker.lambda$invoke$0(InterceptingExecutableInvoker.java:93)
	at org.junit.jupiter.engine.execution.InvocationInterceptorChain$InterceptedInvocation.proceed(InvocationInterceptorChain.java:106)
	at org.junit.jupiter.engine.execution.InvocationInterceptorChain.proceed(InvocationInterceptorChain.java:64)
	at org.junit.jupiter.engine.execution.InvocationInterceptorChain.chainAndInvoke(InvocationInterceptorChain.java:45)
	at org.junit.jupiter.engine.execution.InvocationInterceptorChain.invoke(InvocationInterceptorChain.java:37)
	at org.junit.jupiter.engine.execution.InterceptingExecutableInvoker.invoke(InterceptingExecutableInvoker.java:92)
	at org.junit.jupiter.engine.execution.InterceptingExecutableInvoker.invoke(InterceptingExecutableInvoker.java:86)
	at org.junit.jupiter.engine.descriptor.TestMethodTestDescriptor.lambda$invokeTestMethod$7(TestMethodTestDescriptor.java:218)
	at org.junit.platform.engine.support.hierarchical.ThrowableCollector.execute(ThrowableCollector.java:73)
	at org.junit.jupiter.engine.descriptor.TestMethodTestDescriptor.invokeTestMethod(TestMethodTestDescriptor.java:214)
	at org.junit.jupiter.engine.descriptor.TestMethodTestDescriptor.execute(TestMethodTestDescriptor.java:139)
	at org.junit.jupiter.engine.descriptor.TestMethodTestDescriptor.execute(TestMethodTestDescriptor.java:69)
	at org.junit.platform.engine.support.hierarchical.NodeTestTask.lambda$executeRecursively$6(NodeTestTask.java:151)
	at org.junit.platform.engine.support.hierarchical.ThrowableCollector.execute(ThrowableCollector.java:73)
	at org.junit.platform.engine.support.hierarchical.NodeTestTask.lambda$executeRecursively$8(NodeTestTask.java:141)
	at org.junit.platform.engine.support.hierarchical.Node.around(Node.java:137)
	at org.junit.platform.engine.support.hierarchical.NodeTestTask.lambda$executeRecursively$9(NodeTestTask.java:139)
	at org.junit.platform.engine.support.hierarchical.ThrowableCollector.execute(ThrowableCollector.java:73)
	at org.junit.platform.engine.support.hierarchical.NodeTestTask.executeRecursively(NodeTestTask.java:138)
	at org.junit.platform.engine.support.hierarchical.NodeTestTask.execute(NodeTestTask.java:95)
	at java.base/java.util.ArrayList.forEach(ArrayList.java:1596)
	at org.junit.platform.engine.support.hierarchical.SameThreadHierarchicalTestExecutorService.invokeAll(SameThreadHierarchicalTestExecutorService.java:41)
	at org.junit.platform.engine.support.hierarchical.NodeTestTask.lambda$executeRecursively$6(NodeTestTask.java:155)
	at org.junit.platform.engine.support.hierarchical.ThrowableCollector.execute(ThrowableCollector.java:73)
	at org.junit.platform.engine.support.hierarchical.NodeTestTask.lambda$executeRecursively$8(NodeTestTask.java:141)
	at org.junit.platform.engine.support.hierarchical.Node.around(Node.java:137)
	at org.junit.platform.engine.support.hierarchical.NodeTestTask.lambda$executeRecursively$9(NodeTestTask.java:139)
	at org.junit.platform.engine.support.hierarchical.ThrowableCollector.execute(ThrowableCollector.java:73)
	at org.junit.platform.engine.support.hierarchical.NodeTestTask.executeRecursively(NodeTestTask.java:138)
	at org.junit.platform.engine.support.hierarchical.NodeTestTask.execute(NodeTestTask.java:95)
	at java.base/java.util.ArrayList.forEach(ArrayList.java:1596)
	at org.junit.platform.engine.support.hierarchical.SameThreadHierarchicalTestExecutorService.invokeAll(SameThreadHierarchicalTestExecutorService.java:41)
	at org.junit.platform.engine.support.hierarchical.NodeTestTask.lambda$executeRecursively$6(NodeTestTask.java:155)
	at org.junit.platform.engine.support.hierarchical.ThrowableCollector.execute(ThrowableCollector.java:73)
	at org.junit.platform.engine.support.hierarchical.NodeTestTask.lambda$executeRecursively$8(NodeTestTask.java:141)
	at org.junit.platform.engine.support.hierarchical.Node.around(Node.java:137)
	at org.junit.platform.engine.support.hierarchical.NodeTestTask.lambda$executeRecursively$9(NodeTestTask.java:139)
	at org.junit.platform.engine.support.hierarchical.ThrowableCollector.execute(ThrowableCollector.java:73)
	at org.junit.platform.engine.support.hierarchical.NodeTestTask.executeRecursively(NodeTestTask.java:138)
	at org.junit.platform.engine.support.hierarchical.NodeTestTask.execute(NodeTestTask.java:95)
	at org.junit.platform.engine.support.hierarchical.SameThreadHierarchicalTestExecutorService.submit(SameThreadHierarchicalTestExecutorService.java:35)
	at org.junit.platform.engine.support.hierarchical.HierarchicalTestExecutor.execute(HierarchicalTestExecutor.java:57)
	at org.junit.platform.engine.support.hierarchical.HierarchicalTestEngine.execute(HierarchicalTestEngine.java:54)
	at org.junit.platform.launcher.core.EngineExecutionOrchestrator.execute(EngineExecutionOrchestrator.java:198)
	at org.junit.platform.launcher.core.EngineExecutionOrchestrator.execute(EngineExecutionOrchestrator.java:169)
	at org.junit.platform.launcher.core.EngineExecutionOrchestrator.execute(EngineExecutionOrchestrator.java:93)
	at org.junit.platform.launcher.core.EngineExecutionOrchestrator.lambda$execute$0(EngineExecutionOrchestrator.java:58)
	at org.junit.platform.launcher.core.EngineExecutionOrchestrator.withInterceptedStreams(EngineExecutionOrchestrator.java:141)
	at org.junit.platform.launcher.core.EngineExecutionOrchestrator.execute(EngineExecutionOrchestrator.java:57)
	at org.junit.platform.launcher.core.DefaultLauncher.execute(DefaultLauncher.java:103)
	at org.junit.platform.launcher.core.DefaultLauncher.execute(DefaultLauncher.java:85)
	at org.junit.platform.launcher.core.DelegatingLauncher.execute(DelegatingLauncher.java:47)
	at org.junit.platform.launcher.core.SessionPerRequestLauncher.execute(SessionPerRequestLauncher.java:63)
	at com.intellij.junit5.JUnit5IdeaTestRunner.startRunnerWithArgs(JUnit5IdeaTestRunner.java:57)
	at com.intellij.rt.junit.IdeaTestRunner$Repeater$1.execute(IdeaTestRunner.java:38)
	at com.intellij.rt.execution.junit.TestsRepeater.repeat(TestsRepeater.java:11)
	at com.intellij.rt.junit.IdeaTestRunner$Repeater.startRunnerWithArgs(IdeaTestRunner.java:35)
	at com.intellij.rt.junit.JUnitStarter.prepareStreamsAndStart(JUnitStarter.java:232)
	at com.intellij.rt.junit.JUnitStarter.main(JUnitStarter.java:55)
2025-01-06 07:16:12 [main] INFO  l.insoft.uztis.tests.utils.TestUtils - Screenshot moved to C:\Users\ingrida.zadorozniene\Desktop\Asm\UZTIS\UZTIS_tests\test-output\screenshots\20250106\071612221_testCreateNewPvkInvitation().png
2025-01-06 10:18:01 [main] INFO  lt.insoft.uztis.tests.UztisPageTest - Navigated to https://uztisdev.asseco.lt/home
2025-01-06 10:18:01 [main] INFO  l.i.uztis.tests.InvitationsPageTest - Starting test:'testCreateNewPvkInvitation'
2025-01-06 10:18:01 [main] DEBUG l.i.uztis.tests.InvitationsPageTest - Opened 'Application Processing' menu.
2025-01-06 10:18:01 [main] DEBUG l.i.uztis.tests.InvitationsPageTest - Clicked on 'Application Forms' menu.
2025-01-06 10:18:01 [main] DEBUG l.i.uztis.tests.InvitationsPageTest - Navigating to application forms menu.
2025-01-06 10:18:02 [main] DEBUG l.i.uztis.tests.InvitationsPageTest - Retrieved last description code text: 'TST-PVK-36'.
2025-01-06 10:18:02 [main] DEBUG l.i.uztis.tests.InvitationsPageTest - Clicked on 'Invitation' menu.
2025-01-06 10:18:02 [main] DEBUG l.i.uztis.tests.InvitationsPageTest - Clicked 'Create New Application Form'.
2025-01-06 10:18:03 [main] DEBUG l.i.uztis.tests.InvitationsPageTest - Selected section by code: 'TST-PVK-36'.
2025-01-06 10:18:04 [main] DEBUG l.i.uztis.tests.InvitationsPageTest - Selected invitation number from the list.
2025-01-06 10:18:04 [main] DEBUG l.i.uztis.tests.InvitationsPageTest - Entered current date.
2025-01-06 10:18:04 [main] DEBUG l.i.uztis.tests.InvitationsPageTest - Entered start time: 00:00.
2025-01-06 10:18:05 [main] DEBUG l.i.uztis.tests.InvitationsPageTest - Entered end date.
2025-01-06 10:18:05 [main] DEBUG l.i.uztis.tests.InvitationsPageTest - Entered end time: 11:11.
2025-01-06 10:18:05 [main] DEBUG l.i.uztis.tests.InvitationsPageTest - Entered publication end date.
2025-01-06 10:18:05 [main] DEBUG l.i.uztis.tests.InvitationsPageTest - Added additional values.
2025-01-06 10:18:05 [main] INFO  l.insoft.uztis.pages.InvitationsPage - Located the dropdown button.
2025-01-06 10:18:06 [main] INFO  l.insoft.uztis.pages.InvitationsPage - Successfully selected the value: 'Didžiausia galima paramos suma aplinkos darbo vietai, Eur'
2025-01-06 10:18:06 [main] DEBUG l.i.uztis.tests.InvitationsPageTest - Selected the value: 'Didžiausia galima paramos suma aplinkos darbo vietai, Eur'
2025-01-06 10:18:06 [main] INFO  l.insoft.uztis.pages.InvitationsPage - Located the dropdown button.
2025-01-06 10:18:06 [main] INFO  l.insoft.uztis.pages.InvitationsPage - Successfully selected the value: 'Didžiausia galima paramos suma, Eur'
2025-01-06 10:18:06 [main] DEBUG l.i.uztis.tests.InvitationsPageTest - Selected the value: 'Didžiausia galima paramos suma, Eur'
2025-01-06 10:18:06 [main] INFO  l.insoft.uztis.pages.InvitationsPage - Located the dropdown button.
2025-01-06 10:18:06 [main] INFO  l.insoft.uztis.pages.InvitationsPage - Successfully selected the value: 'Didžiausia galima paramos suma vienai darbo vietai, Eur'
2025-01-06 10:18:06 [main] DEBUG l.i.uztis.tests.InvitationsPageTest - Selected the value: 'Didžiausia galima paramos suma vienai darbo vietai, Eur'
2025-01-06 10:18:07 [main] DEBUG l.i.uztis.tests.InvitationsPageTest - Entered value: 11000
2025-01-06 10:18:07 [main] DEBUG l.i.uztis.tests.InvitationsPageTest - Entered value: 12000
2025-01-06 10:18:07 [main] DEBUG l.i.uztis.tests.InvitationsPageTest - Entered value: 13000
2025-01-06 10:18:07 [main] DEBUG l.i.uztis.tests.InvitationsPageTest - Checked 'Legal Entities' checkbox.
2025-01-06 10:18:07 [main] DEBUG l.i.uztis.tests.InvitationsPageTest - Unchecked 'Persons Registered with Employment Service' checkbox.
2025-01-06 10:18:07 [main] DEBUG l.i.uztis.tests.InvitationsPageTest - Checked 'Persons Registered as Employers' checkbox.
2025-01-06 10:18:07 [main] DEBUG l.i.uztis.tests.InvitationsPageTest - Entered second evaluation grade: '5'.
2025-01-06 10:18:07 [main] DEBUG l.i.uztis.tests.InvitationsPageTest - Entered third evaluation grade: '6'.
2025-01-06 10:18:08 [main] DEBUG l.i.uztis.tests.InvitationsPageTest - Entered second evaluation grade weight: '0,45'.
2025-01-06 10:18:08 [main] DEBUG l.i.uztis.tests.InvitationsPageTest - Entered third evaluation grade weight: '0,55'.
2025-01-06 10:18:08 [main] DEBUG l.i.uztis.tests.InvitationsPageTest - Entered budget: '2000'.
2025-01-06 10:18:08 [main] DEBUG l.i.uztis.tests.InvitationsPageTest - Entered budget: '2000'.
2025-01-06 10:18:08 [main] DEBUG l.i.uztis.tests.InvitationsPageTest - Entered budget: '2000'.
2025-01-06 10:18:08 [main] DEBUG l.i.uztis.tests.InvitationsPageTest - Entered budget: '2000'.
2025-01-06 10:18:08 [main] DEBUG l.i.uztis.tests.InvitationsPageTest - Entered budget: '2000'.
2025-01-06 10:18:08 [main] DEBUG l.i.uztis.tests.InvitationsPageTest - Entered description text: 'Aprašo tekstas'.
2025-01-06 10:18:08 [main] DEBUG l.i.uztis.tests.InvitationsPageTest - Entered applicants text: 'Pareiškėjų tekstas'.
2025-01-06 10:18:09 [main] DEBUG l.i.uztis.tests.InvitationsPageTest - Entered expenditures text: 'Išlaidų tekstas'.
2025-01-06 10:18:09 [main] DEBUG l.i.uztis.tests.InvitationsPageTest - Entered legislation text: 'Teisės aktų tekstas'.
2025-01-06 10:18:09 [main] DEBUG l.i.uztis.tests.InvitationsPageTest - Entered education text: 'Mokymų tekstas'.
2025-01-06 10:18:09 [main] DEBUG l.i.uztis.tests.InvitationsPageTest - File uploaded.
2025-01-06 10:18:09 [main] DEBUG l.i.uztis.tests.InvitationsPageTest - Clicked 'Publish'.
2025-01-06 10:18:09 [main] DEBUG l.i.uztis.tests.InvitationsPageTest - Publication confirmed.
2025-01-06 10:18:09 [main] ERROR l.i.uztis.tests.InvitationsPageTest - Test 'testCreateNewPvkInvitation' failed with error: Unexpected success message. ==> expected: <Duomenys sėkmingai išsaugoti.> but was: <Nepavyko išsaugoti duomenų. Bandykite vėliau.>
org.opentest4j.AssertionFailedError: Unexpected success message. ==> expected: <Duomenys sėkmingai išsaugoti.> but was: <Nepavyko išsaugoti duomenų. Bandykite vėliau.>
	at org.junit.jupiter.api.AssertionFailureBuilder.build(AssertionFailureBuilder.java:151)
	at org.junit.jupiter.api.AssertionFailureBuilder.buildAndThrow(AssertionFailureBuilder.java:132)
	at org.junit.jupiter.api.AssertEquals.failNotEqual(AssertEquals.java:197)
	at org.junit.jupiter.api.AssertEquals.assertEquals(AssertEquals.java:182)
	at org.junit.jupiter.api.Assertions.assertEquals(Assertions.java:1152)
	at lt.insoft.uztis.tests.InvitationsPageTest.verifySuccessMessage(InvitationsPageTest.java:51)
	at lt.insoft.uztis.tests.InvitationsPageTest.testCreateNewPvkInvitation(InvitationsPageTest.java:691)
	at java.base/jdk.internal.reflect.DirectMethodHandleAccessor.invoke(DirectMethodHandleAccessor.java:103)
	at java.base/java.lang.reflect.Method.invoke(Method.java:580)
	at org.junit.platform.commons.util.ReflectionUtils.invokeMethod(ReflectionUtils.java:728)
	at org.junit.jupiter.engine.execution.MethodInvocation.proceed(MethodInvocation.java:60)
	at org.junit.jupiter.engine.execution.InvocationInterceptorChain$ValidatingInvocation.proceed(InvocationInterceptorChain.java:131)
	at org.junit.jupiter.engine.extension.TimeoutExtension.intercept(TimeoutExtension.java:156)
	at org.junit.jupiter.engine.extension.TimeoutExtension.interceptTestableMethod(TimeoutExtension.java:147)
	at org.junit.jupiter.engine.extension.TimeoutExtension.interceptTestMethod(TimeoutExtension.java:86)
	at org.junit.jupiter.engine.execution.InterceptingExecutableInvoker$ReflectiveInterceptorCall.lambda$ofVoidMethod$0(InterceptingExecutableInvoker.java:103)
	at org.junit.jupiter.engine.execution.InterceptingExecutableInvoker.lambda$invoke$0(InterceptingExecutableInvoker.java:93)
	at org.junit.jupiter.engine.execution.InvocationInterceptorChain$InterceptedInvocation.proceed(InvocationInterceptorChain.java:106)
	at org.junit.jupiter.engine.execution.InvocationInterceptorChain.proceed(InvocationInterceptorChain.java:64)
	at org.junit.jupiter.engine.execution.InvocationInterceptorChain.chainAndInvoke(InvocationInterceptorChain.java:45)
	at org.junit.jupiter.engine.execution.InvocationInterceptorChain.invoke(InvocationInterceptorChain.java:37)
	at org.junit.jupiter.engine.execution.InterceptingExecutableInvoker.invoke(InterceptingExecutableInvoker.java:92)
	at org.junit.jupiter.engine.execution.InterceptingExecutableInvoker.invoke(InterceptingExecutableInvoker.java:86)
	at org.junit.jupiter.engine.descriptor.TestMethodTestDescriptor.lambda$invokeTestMethod$7(TestMethodTestDescriptor.java:218)
	at org.junit.platform.engine.support.hierarchical.ThrowableCollector.execute(ThrowableCollector.java:73)
	at org.junit.jupiter.engine.descriptor.TestMethodTestDescriptor.invokeTestMethod(TestMethodTestDescriptor.java:214)
	at org.junit.jupiter.engine.descriptor.TestMethodTestDescriptor.execute(TestMethodTestDescriptor.java:139)
	at org.junit.jupiter.engine.descriptor.TestMethodTestDescriptor.execute(TestMethodTestDescriptor.java:69)
	at org.junit.platform.engine.support.hierarchical.NodeTestTask.lambda$executeRecursively$6(NodeTestTask.java:151)
	at org.junit.platform.engine.support.hierarchical.ThrowableCollector.execute(ThrowableCollector.java:73)
	at org.junit.platform.engine.support.hierarchical.NodeTestTask.lambda$executeRecursively$8(NodeTestTask.java:141)
	at org.junit.platform.engine.support.hierarchical.Node.around(Node.java:137)
	at org.junit.platform.engine.support.hierarchical.NodeTestTask.lambda$executeRecursively$9(NodeTestTask.java:139)
	at org.junit.platform.engine.support.hierarchical.ThrowableCollector.execute(ThrowableCollector.java:73)
	at org.junit.platform.engine.support.hierarchical.NodeTestTask.executeRecursively(NodeTestTask.java:138)
	at org.junit.platform.engine.support.hierarchical.NodeTestTask.execute(NodeTestTask.java:95)
	at java.base/java.util.ArrayList.forEach(ArrayList.java:1596)
	at org.junit.platform.engine.support.hierarchical.SameThreadHierarchicalTestExecutorService.invokeAll(SameThreadHierarchicalTestExecutorService.java:41)
	at org.junit.platform.engine.support.hierarchical.NodeTestTask.lambda$executeRecursively$6(NodeTestTask.java:155)
	at org.junit.platform.engine.support.hierarchical.ThrowableCollector.execute(ThrowableCollector.java:73)
	at org.junit.platform.engine.support.hierarchical.NodeTestTask.lambda$executeRecursively$8(NodeTestTask.java:141)
	at org.junit.platform.engine.support.hierarchical.Node.around(Node.java:137)
	at org.junit.platform.engine.support.hierarchical.NodeTestTask.lambda$executeRecursively$9(NodeTestTask.java:139)
	at org.junit.platform.engine.support.hierarchical.ThrowableCollector.execute(ThrowableCollector.java:73)
	at org.junit.platform.engine.support.hierarchical.NodeTestTask.executeRecursively(NodeTestTask.java:138)
	at org.junit.platform.engine.support.hierarchical.NodeTestTask.execute(NodeTestTask.java:95)
	at java.base/java.util.ArrayList.forEach(ArrayList.java:1596)
	at org.junit.platform.engine.support.hierarchical.SameThreadHierarchicalTestExecutorService.invokeAll(SameThreadHierarchicalTestExecutorService.java:41)
	at org.junit.platform.engine.support.hierarchical.NodeTestTask.lambda$executeRecursively$6(NodeTestTask.java:155)
	at org.junit.platform.engine.support.hierarchical.ThrowableCollector.execute(ThrowableCollector.java:73)
	at org.junit.platform.engine.support.hierarchical.NodeTestTask.lambda$executeRecursively$8(NodeTestTask.java:141)
	at org.junit.platform.engine.support.hierarchical.Node.around(Node.java:137)
	at org.junit.platform.engine.support.hierarchical.NodeTestTask.lambda$executeRecursively$9(NodeTestTask.java:139)
	at org.junit.platform.engine.support.hierarchical.ThrowableCollector.execute(ThrowableCollector.java:73)
	at org.junit.platform.engine.support.hierarchical.NodeTestTask.executeRecursively(NodeTestTask.java:138)
	at org.junit.platform.engine.support.hierarchical.NodeTestTask.execute(NodeTestTask.java:95)
	at org.junit.platform.engine.support.hierarchical.SameThreadHierarchicalTestExecutorService.submit(SameThreadHierarchicalTestExecutorService.java:35)
	at org.junit.platform.engine.support.hierarchical.HierarchicalTestExecutor.execute(HierarchicalTestExecutor.java:57)
	at org.junit.platform.engine.support.hierarchical.HierarchicalTestEngine.execute(HierarchicalTestEngine.java:54)
	at org.junit.platform.launcher.core.EngineExecutionOrchestrator.execute(EngineExecutionOrchestrator.java:198)
	at org.junit.platform.launcher.core.EngineExecutionOrchestrator.execute(EngineExecutionOrchestrator.java:169)
	at org.junit.platform.launcher.core.EngineExecutionOrchestrator.execute(EngineExecutionOrchestrator.java:93)
	at org.junit.platform.launcher.core.EngineExecutionOrchestrator.lambda$execute$0(EngineExecutionOrchestrator.java:58)
	at org.junit.platform.launcher.core.EngineExecutionOrchestrator.withInterceptedStreams(EngineExecutionOrchestrator.java:141)
	at org.junit.platform.launcher.core.EngineExecutionOrchestrator.execute(EngineExecutionOrchestrator.java:57)
	at org.junit.platform.launcher.core.DefaultLauncher.execute(DefaultLauncher.java:103)
	at org.junit.platform.launcher.core.DefaultLauncher.execute(DefaultLauncher.java:85)
	at org.junit.platform.launcher.core.DelegatingLauncher.execute(DelegatingLauncher.java:47)
	at org.junit.platform.launcher.core.SessionPerRequestLauncher.execute(SessionPerRequestLauncher.java:63)
	at com.intellij.junit5.JUnit5IdeaTestRunner.startRunnerWithArgs(JUnit5IdeaTestRunner.java:57)
	at com.intellij.rt.junit.IdeaTestRunner$Repeater$1.execute(IdeaTestRunner.java:38)
	at com.intellij.rt.execution.junit.TestsRepeater.repeat(TestsRepeater.java:11)
	at com.intellij.rt.junit.IdeaTestRunner$Repeater.startRunnerWithArgs(IdeaTestRunner.java:35)
	at com.intellij.rt.junit.JUnitStarter.prepareStreamsAndStart(JUnitStarter.java:232)
	at com.intellij.rt.junit.JUnitStarter.main(JUnitStarter.java:55)
2025-01-06 10:18:10 [main] INFO  l.insoft.uztis.tests.utils.TestUtils - Screenshot moved to C:\Users\ingrida.zadorozniene\Desktop\Asm\UZTIS\UZTIS_tests\test-output\screenshots\20250106\101810079_testCreateNewPvkInvitation().png
2025-01-06 12:27:15 [main] INFO  lt.insoft.uztis.tests.UztisPageTest - Navigated to https://uztisdev.asseco.lt/home
2025-01-06 12:27:15 [main] INFO  l.i.uztis.tests.InvitationsPageTest - Starting test:'testCreateNewVuiInvitationDraft'
2025-01-06 12:27:15 [main] DEBUG l.i.uztis.tests.InvitationsPageTest - Opened 'Application Processing' menu.
2025-01-06 12:27:15 [main] DEBUG l.i.uztis.tests.InvitationsPageTest - Clicked on 'Application Forms' menu.
2025-01-06 12:27:15 [main] DEBUG l.i.uztis.tests.InvitationsPageTest - Navigating to application forms menu.
2025-01-06 12:27:15 [main] DEBUG l.i.uztis.tests.InvitationsPageTest - Retrieved last description code text: 'TST-VUI-63'.
2025-01-06 12:27:15 [main] DEBUG l.i.uztis.tests.InvitationsPageTest - Clicked on 'Invitation' menu.
2025-01-06 12:27:15 [main] DEBUG l.i.uztis.tests.InvitationsPageTest - Clicked 'Create New Application Form'.
2025-01-06 12:27:16 [main] DEBUG l.i.uztis.tests.InvitationsPageTest - Selected section by code: 'TST-VUI-63'.
2025-01-06 12:27:17 [main] DEBUG l.i.uztis.tests.InvitationsPageTest - Selected invitation number from the list.
2025-01-06 12:27:17 [main] DEBUG l.i.uztis.tests.InvitationsPageTest - Entered current date.
2025-01-06 12:27:17 [main] DEBUG l.i.uztis.tests.InvitationsPageTest - Entered start time: 00:00.
2025-01-06 12:27:17 [main] DEBUG l.i.uztis.tests.InvitationsPageTest - Entered end date.
2025-01-06 12:27:18 [main] DEBUG l.i.uztis.tests.InvitationsPageTest - Entered end time: 11:11.
2025-01-06 12:27:18 [main] DEBUG l.i.uztis.tests.InvitationsPageTest - Draft saved.
2025-01-06 12:27:18 [main] DEBUG l.i.uztis.tests.InvitationsPageTest - Verified success message: 'Duomenys sėkmingai išsaugoti.'
2025-01-06 12:27:18 [main] INFO  l.i.uztis.tests.InvitationsPageTest - Test 'testCreateNewVuiInvitationDraft' completed successfully.
2025-01-07 07:05:19 [main] INFO  lt.insoft.uztis.tests.UztisPageTest - Navigated to https://uztisdev.asseco.lt/home
2025-01-07 07:05:20 [main] INFO  l.i.u.tests.ApplicationFormsPageTest - Setup complete. ApplicationFormsPage initialized.
2025-01-07 07:05:20 [main] INFO  l.i.u.tests.ApplicationFormsPageTest - Starting test:'testCreateNewVuiApplication'
2025-01-07 07:05:20 [main] DEBUG l.i.u.tests.ApplicationFormsPageTest - Opened 'Application Processing' menu.
2025-01-07 07:05:20 [main] DEBUG l.i.u.tests.ApplicationFormsPageTest - Clicked on 'Application Forms' menu.
2025-01-07 07:05:20 [main] DEBUG l.i.u.tests.ApplicationFormsPageTest - Clicked to create a new application form.
2025-01-07 07:05:20 [main] DEBUG l.i.u.tests.ApplicationFormsPageTest - Entered random application code: TST-VUI-79
2025-01-07 07:05:21 [main] DEBUG l.i.u.tests.ApplicationFormsPageTest - Selected 'Section' radio button.
2025-01-07 07:05:21 [main] INFO  l.i.uztis.pages.ApplicationFormsPage - Located the dropdown button.
2025-01-07 07:05:21 [main] INFO  l.i.uztis.pages.ApplicationFormsPage - Successfully selected the value: 'Skyrius 1'
2025-01-07 07:05:31 [main] ERROR l.i.uztis.pages.ApplicationFormsPage - Failed to close the dropdown with aria-expanded = 'false'.
2025-01-07 07:05:31 [main] DEBUG l.i.u.tests.ApplicationFormsPageTest - Selected a value from the 'Section' dropdown: 'Skyrius 1'
2025-01-07 07:05:31 [main] DEBUG l.i.u.tests.ApplicationFormsPageTest - Selected 'Budget by Municipality' option.
2025-01-07 07:05:31 [main] DEBUG l.i.u.tests.ApplicationFormsPageTest - Selected 'Financed Without Queue' option.
2025-01-07 07:05:32 [main] DEBUG l.i.u.tests.ApplicationFormsPageTest - Clicked 'Add' button.
2025-01-07 07:05:32 [main] INFO  l.i.uztis.pages.ApplicationFormsPage - Located the dropdown button.
2025-01-07 07:05:32 [main] DEBUG l.i.uztis.pages.ApplicationFormsPage - Option text: 'VUI paraiškos vertinimo forma - I etapas', value to select: 'VUI paraiškos vertinimo forma - I etapas'
2025-01-07 07:05:32 [main] INFO  l.i.uztis.pages.ApplicationFormsPage - Successfully selected the value: 'VUI paraiškos vertinimo forma - I etapas'
2025-01-07 07:05:32 [main] DEBUG l.i.u.tests.ApplicationFormsPageTest - Selected a value from the 'EvaluationOne' dropdown: 'VUI paraiškos vertinimo forma - I etapas'
2025-01-07 07:05:32 [main] INFO  l.i.uztis.pages.ApplicationFormsPage - Located the dropdown button.
2025-01-07 07:05:32 [main] DEBUG l.i.uztis.pages.ApplicationFormsPage - Option text: 'VUI paraiškos vertinimo forma - II etapas', value to select: 'VUI paraiškos vertinimo forma - II etapas'
2025-01-07 07:05:32 [main] INFO  l.i.uztis.pages.ApplicationFormsPage - Successfully selected the value: 'VUI paraiškos vertinimo forma - II etapas'
2025-01-07 07:05:32 [main] DEBUG l.i.u.tests.ApplicationFormsPageTest - Selected a value from the 'EvaluationTwon' dropdown: 'VUI paraiškos vertinimo forma - II etapas'
2025-01-07 07:05:32 [main] INFO  l.i.uztis.pages.ApplicationFormsPage - Located the dropdown button.
2025-01-07 07:05:32 [main] DEBUG l.i.uztis.pages.ApplicationFormsPage - Option text: '', value to select: 'VUI paraiškos vertinimo forma - III etapas'
2025-01-07 07:05:32 [main] INFO  l.i.uztis.pages.ApplicationFormsPage - Successfully selected the value: 'VUI paraiškos vertinimo forma - III etapas'
2025-01-07 07:05:32 [main] DEBUG l.i.u.tests.ApplicationFormsPageTest - Selected a value from the 'EvaluationThree' dropdown: 'VUI paraiškos vertinimo forma - III etapas'
2025-01-07 07:05:32 [main] DEBUG l.i.u.tests.ApplicationFormsPageTest - Clicked 'Plus' button.
2025-01-07 07:05:33 [main] DEBUG l.i.u.tests.ApplicationFormsPageTest - Clicked 'Add' button seven times.
2025-01-07 07:05:33 [main] INFO  l.i.uztis.pages.ApplicationFormsPage - Processing dropdown index: 0
2025-01-07 07:05:44 [main] ERROR l.i.uztis.pages.ApplicationFormsPage - Timeout while waiting for dropdown to close at index: 0 with aria-expanded = 'false'
2025-01-07 07:05:44 [main] INFO  l.i.uztis.pages.ApplicationFormsPage - Processing dropdown index: 1
2025-01-07 07:05:54 [main] ERROR l.i.uztis.pages.ApplicationFormsPage - Timeout while waiting for dropdown to close at index: 1 with aria-expanded = 'false'
2025-01-07 07:05:54 [main] INFO  l.i.uztis.pages.ApplicationFormsPage - Processing dropdown index: 2
2025-01-07 07:06:05 [main] ERROR l.i.uztis.pages.ApplicationFormsPage - Timeout while waiting for dropdown to close at index: 2 with aria-expanded = 'false'
2025-01-07 07:06:05 [main] INFO  l.i.uztis.pages.ApplicationFormsPage - Processing dropdown index: 3
2025-01-07 07:06:16 [main] ERROR l.i.uztis.pages.ApplicationFormsPage - Timeout while waiting for dropdown to close at index: 3 with aria-expanded = 'false'
2025-01-07 07:06:16 [main] INFO  l.i.uztis.pages.ApplicationFormsPage - Processing dropdown index: 4
2025-01-07 07:06:27 [main] ERROR l.i.uztis.pages.ApplicationFormsPage - Timeout while waiting for dropdown to close at index: 4 with aria-expanded = 'false'
2025-01-07 07:06:27 [main] INFO  l.i.uztis.pages.ApplicationFormsPage - Processing dropdown index: 5
2025-01-07 07:06:38 [main] ERROR l.i.uztis.pages.ApplicationFormsPage - Timeout while waiting for dropdown to close at index: 5 with aria-expanded = 'false'
2025-01-07 07:06:38 [main] INFO  l.i.uztis.pages.ApplicationFormsPage - Processing dropdown index: 6
2025-01-07 07:06:49 [main] ERROR l.i.uztis.pages.ApplicationFormsPage - Timeout while waiting for dropdown to close at index: 6 with aria-expanded = 'false'
2025-01-07 07:06:49 [main] INFO  l.i.uztis.pages.ApplicationFormsPage - Processing dropdown index: 7
2025-01-07 07:07:00 [main] ERROR l.i.uztis.pages.ApplicationFormsPage - Timeout while waiting for dropdown to close at index: 7 with aria-expanded = 'false'
2025-01-07 07:07:00 [main] INFO  l.i.uztis.pages.ApplicationFormsPage - Processing input field index: 0
2025-01-07 07:07:00 [main] INFO  l.i.uztis.pages.ApplicationFormsPage - Entered value '50' into field index: 0
2025-01-07 07:07:00 [main] INFO  l.i.uztis.pages.ApplicationFormsPage - Processing input field index: 1
2025-01-07 07:07:00 [main] INFO  l.i.uztis.pages.ApplicationFormsPage - Entered value '924' into field index: 1
2025-01-07 07:07:00 [main] INFO  l.i.uztis.pages.ApplicationFormsPage - Processing input field index: 2
2025-01-07 07:07:00 [main] INFO  l.i.uztis.pages.ApplicationFormsPage - Entered value '31' into field index: 2
2025-01-07 07:07:00 [main] INFO  l.i.uztis.pages.ApplicationFormsPage - Processing input field index: 3
2025-01-07 07:07:00 [main] INFO  l.i.uztis.pages.ApplicationFormsPage - Entered value '4.7' into field index: 3
2025-01-07 07:07:00 [main] INFO  l.i.uztis.pages.ApplicationFormsPage - Processing input field index: 4
2025-01-07 07:07:00 [main] INFO  l.i.uztis.pages.ApplicationFormsPage - Entered value '35' into field index: 4
2025-01-07 07:07:00 [main] INFO  l.i.uztis.pages.ApplicationFormsPage - Processing input field index: 5
2025-01-07 07:07:00 [main] INFO  l.i.uztis.pages.ApplicationFormsPage - Entered value '20' into field index: 5
2025-01-07 07:07:00 [main] INFO  l.i.uztis.pages.ApplicationFormsPage - Processing input field index: 6
2025-01-07 07:07:00 [main] INFO  l.i.uztis.pages.ApplicationFormsPage - Entered value '30' into field index: 6
2025-01-07 07:07:00 [main] INFO  l.i.uztis.pages.ApplicationFormsPage - Processing input field index: 7
2025-01-07 07:07:01 [main] INFO  l.i.uztis.pages.ApplicationFormsPage - Entered value '60' into field index: 7
2025-01-07 07:07:01 [main] DEBUG l.i.u.tests.ApplicationFormsPageTest - Entered additional values and text.
2025-01-07 07:07:01 [main] DEBUG l.i.u.tests.ApplicationFormsPageTest - Entered application name: VUI paraiška
2025-01-07 07:07:01 [main] DEBUG l.i.u.tests.ApplicationFormsPageTest - Clicked the 'Save' button.
2025-01-07 07:07:01 [main] INFO  l.i.u.tests.ApplicationFormsPageTest - Verified success message text: 'Duomenys sėkmingai išsaugoti.'
2025-01-07 07:07:01 [main] INFO  l.i.u.tests.ApplicationFormsPageTest - Verified that the 'Save Form' button is displayed.
2025-01-07 07:07:01 [main] INFO  l.i.u.tests.ApplicationFormsPageTest - Test 'testCreateNewVuiApplication' completed successfully.
2025-01-07 07:07:17 [main] INFO  lt.insoft.uztis.tests.UztisPageTest - Navigated to https://uztisdev.asseco.lt/home
2025-01-07 07:07:17 [main] INFO  l.i.u.tests.ApplicationFormsPageTest - Setup complete. ApplicationFormsPage initialized.
2025-01-07 07:07:17 [main] INFO  l.i.u.tests.ApplicationFormsPageTest - Starting test:'testEditAndSaveVuiApplication'
2025-01-07 07:07:18 [main] DEBUG l.i.u.tests.ApplicationFormsPageTest - Opened 'Application Processing' menu.
2025-01-07 07:07:18 [main] DEBUG l.i.u.tests.ApplicationFormsPageTest - Clicked on 'Application Forms' menu.
2025-01-07 07:07:18 [main] DEBUG l.i.u.tests.ApplicationFormsPageTest - Selected the last application description.
2025-01-07 07:07:19 [main] DEBUG l.i.u.tests.ApplicationFormsPageTest - Clicked the 'Edit' button.
2025-01-07 07:07:19 [main] DEBUG l.i.u.tests.ApplicationFormsPageTest - Selected 'Municipality' radio button.
2025-01-07 07:07:19 [main] INFO  l.i.uztis.pages.ApplicationFormsPage - Located the dropdown button.
2025-01-07 07:07:19 [main] INFO  l.i.uztis.pages.ApplicationFormsPage - Successfully selected the value: 'Kauno departamentas'
2025-01-07 07:07:30 [main] ERROR l.i.uztis.pages.ApplicationFormsPage - Failed to close the dropdown with aria-expanded = 'false'.
2025-01-07 07:07:30 [main] DEBUG l.i.u.tests.ApplicationFormsPageTest - Selected a value from the 'Municipality' dropdown: 'Kauno departamentas'
2025-01-07 07:07:30 [main] DEBUG l.i.u.tests.ApplicationFormsPageTest - Selected 'Budget By Country' radio button.
2025-01-07 07:07:30 [main] DEBUG l.i.u.tests.ApplicationFormsPageTest - Selected 'Financed By Queue' radio button.
2025-01-07 07:07:30 [main] DEBUG l.i.u.tests.ApplicationFormsPageTest - Entered new application name: _paredaguota
2025-01-07 07:07:30 [main] DEBUG l.i.u.tests.ApplicationFormsPageTest - Clicked the 'Save' button.
2025-01-07 07:07:30 [main] INFO  l.i.u.tests.ApplicationFormsPageTest - Verified success message: 'Duomenys sėkmingai išsaugoti.'
2025-01-07 07:07:30 [main] INFO  l.i.u.tests.ApplicationFormsPageTest - Test 'testEditAndSaveVuiApplication' completed successfully.
2025-01-07 07:28:54 [main] INFO  lt.insoft.uztis.tests.UztisPageTest - Navigated to https://uztisdev.asseco.lt/home
2025-01-07 07:28:54 [main] INFO  l.i.uztis.tests.InvitationsPageTest - Starting test:'testEditAndPublishVuiInvitationDraft'
2025-01-07 07:28:54 [main] DEBUG l.i.uztis.tests.InvitationsPageTest - Opened 'Application Processing' menu.
2025-01-07 07:28:55 [main] DEBUG l.i.uztis.tests.InvitationsPageTest - Clicked on 'Application Forms' menu.
2025-01-07 07:28:55 [main] DEBUG l.i.uztis.tests.InvitationsPageTest - Navigating to application forms menu.
2025-01-07 07:28:55 [main] DEBUG l.i.uztis.tests.InvitationsPageTest - Retrieved last description code text: 'TST-VUI-79'.
2025-01-07 07:28:55 [main] DEBUG l.i.uztis.tests.InvitationsPageTest - Clicked on 'Invitation' menu.
2025-01-07 07:28:55 [main] DEBUG l.i.uztis.tests.InvitationsPageTest - Selected section by code: 'TST-VUI-79'.
2025-01-07 07:28:55 [main] DEBUG l.i.uztis.tests.InvitationsPageTest - Clicked 'Search'.
2025-01-07 07:28:55 [main] DEBUG l.i.uztis.tests.InvitationsPageTest - Getting and inserting application code text.
2025-01-07 07:29:16 [main] ERROR l.i.uztis.tests.InvitationsPageTest - Test 'testEditAndPublishVuiInvitationDraft' failed with error: Expected condition failed: waiting for element to be clickable: Proxy element for: DefaultElementLocator 'By.xpath: //tr[td/span[contains(text(), 'Ruošinys')]]' (tried for 10 second(s) with 500 milliseconds interval)
org.openqa.selenium.TimeoutException: Expected condition failed: waiting for element to be clickable: Proxy element for: DefaultElementLocator 'By.xpath: //tr[td/span[contains(text(), 'Ruošinys')]]' (tried for 10 second(s) with 500 milliseconds interval)
	at org.openqa.selenium.support.ui.WebDriverWait.timeoutException(WebDriverWait.java:84)
	at org.openqa.selenium.support.ui.FluentWait.until(FluentWait.java:228)
	at lt.insoft.uztis.pages.InvitationsPage.clickInvitationRowDraft(InvitationsPage.java:522)
	at lt.insoft.uztis.tests.InvitationsPageTest.testEditAndPublishVuiInvitationDraft(InvitationsPageTest.java:150)
	at java.base/jdk.internal.reflect.DirectMethodHandleAccessor.invoke(DirectMethodHandleAccessor.java:103)
	at java.base/java.lang.reflect.Method.invoke(Method.java:580)
	at org.junit.platform.commons.util.ReflectionUtils.invokeMethod(ReflectionUtils.java:728)
	at org.junit.jupiter.engine.execution.MethodInvocation.proceed(MethodInvocation.java:60)
	at org.junit.jupiter.engine.execution.InvocationInterceptorChain$ValidatingInvocation.proceed(InvocationInterceptorChain.java:131)
	at org.junit.jupiter.engine.extension.TimeoutExtension.intercept(TimeoutExtension.java:156)
	at org.junit.jupiter.engine.extension.TimeoutExtension.interceptTestableMethod(TimeoutExtension.java:147)
	at org.junit.jupiter.engine.extension.TimeoutExtension.interceptTestMethod(TimeoutExtension.java:86)
	at org.junit.jupiter.engine.execution.InterceptingExecutableInvoker$ReflectiveInterceptorCall.lambda$ofVoidMethod$0(InterceptingExecutableInvoker.java:103)
	at org.junit.jupiter.engine.execution.InterceptingExecutableInvoker.lambda$invoke$0(InterceptingExecutableInvoker.java:93)
	at org.junit.jupiter.engine.execution.InvocationInterceptorChain$InterceptedInvocation.proceed(InvocationInterceptorChain.java:106)
	at org.junit.jupiter.engine.execution.InvocationInterceptorChain.proceed(InvocationInterceptorChain.java:64)
	at org.junit.jupiter.engine.execution.InvocationInterceptorChain.chainAndInvoke(InvocationInterceptorChain.java:45)
	at org.junit.jupiter.engine.execution.InvocationInterceptorChain.invoke(InvocationInterceptorChain.java:37)
	at org.junit.jupiter.engine.execution.InterceptingExecutableInvoker.invoke(InterceptingExecutableInvoker.java:92)
	at org.junit.jupiter.engine.execution.InterceptingExecutableInvoker.invoke(InterceptingExecutableInvoker.java:86)
	at org.junit.jupiter.engine.descriptor.TestMethodTestDescriptor.lambda$invokeTestMethod$7(TestMethodTestDescriptor.java:218)
	at org.junit.platform.engine.support.hierarchical.ThrowableCollector.execute(ThrowableCollector.java:73)
	at org.junit.jupiter.engine.descriptor.TestMethodTestDescriptor.invokeTestMethod(TestMethodTestDescriptor.java:214)
	at org.junit.jupiter.engine.descriptor.TestMethodTestDescriptor.execute(TestMethodTestDescriptor.java:139)
	at org.junit.jupiter.engine.descriptor.TestMethodTestDescriptor.execute(TestMethodTestDescriptor.java:69)
	at org.junit.platform.engine.support.hierarchical.NodeTestTask.lambda$executeRecursively$6(NodeTestTask.java:151)
	at org.junit.platform.engine.support.hierarchical.ThrowableCollector.execute(ThrowableCollector.java:73)
	at org.junit.platform.engine.support.hierarchical.NodeTestTask.lambda$executeRecursively$8(NodeTestTask.java:141)
	at org.junit.platform.engine.support.hierarchical.Node.around(Node.java:137)
	at org.junit.platform.engine.support.hierarchical.NodeTestTask.lambda$executeRecursively$9(NodeTestTask.java:139)
	at org.junit.platform.engine.support.hierarchical.ThrowableCollector.execute(ThrowableCollector.java:73)
	at org.junit.platform.engine.support.hierarchical.NodeTestTask.executeRecursively(NodeTestTask.java:138)
	at org.junit.platform.engine.support.hierarchical.NodeTestTask.execute(NodeTestTask.java:95)
	at java.base/java.util.ArrayList.forEach(ArrayList.java:1596)
	at org.junit.platform.engine.support.hierarchical.SameThreadHierarchicalTestExecutorService.invokeAll(SameThreadHierarchicalTestExecutorService.java:41)
	at org.junit.platform.engine.support.hierarchical.NodeTestTask.lambda$executeRecursively$6(NodeTestTask.java:155)
	at org.junit.platform.engine.support.hierarchical.ThrowableCollector.execute(ThrowableCollector.java:73)
	at org.junit.platform.engine.support.hierarchical.NodeTestTask.lambda$executeRecursively$8(NodeTestTask.java:141)
	at org.junit.platform.engine.support.hierarchical.Node.around(Node.java:137)
	at org.junit.platform.engine.support.hierarchical.NodeTestTask.lambda$executeRecursively$9(NodeTestTask.java:139)
	at org.junit.platform.engine.support.hierarchical.ThrowableCollector.execute(ThrowableCollector.java:73)
	at org.junit.platform.engine.support.hierarchical.NodeTestTask.executeRecursively(NodeTestTask.java:138)
	at org.junit.platform.engine.support.hierarchical.NodeTestTask.execute(NodeTestTask.java:95)
	at java.base/java.util.ArrayList.forEach(ArrayList.java:1596)
	at org.junit.platform.engine.support.hierarchical.SameThreadHierarchicalTestExecutorService.invokeAll(SameThreadHierarchicalTestExecutorService.java:41)
	at org.junit.platform.engine.support.hierarchical.NodeTestTask.lambda$executeRecursively$6(NodeTestTask.java:155)
	at org.junit.platform.engine.support.hierarchical.ThrowableCollector.execute(ThrowableCollector.java:73)
	at org.junit.platform.engine.support.hierarchical.NodeTestTask.lambda$executeRecursively$8(NodeTestTask.java:141)
	at org.junit.platform.engine.support.hierarchical.Node.around(Node.java:137)
	at org.junit.platform.engine.support.hierarchical.NodeTestTask.lambda$executeRecursively$9(NodeTestTask.java:139)
	at org.junit.platform.engine.support.hierarchical.ThrowableCollector.execute(ThrowableCollector.java:73)
	at org.junit.platform.engine.support.hierarchical.NodeTestTask.executeRecursively(NodeTestTask.java:138)
	at org.junit.platform.engine.support.hierarchical.NodeTestTask.execute(NodeTestTask.java:95)
	at org.junit.platform.engine.support.hierarchical.SameThreadHierarchicalTestExecutorService.submit(SameThreadHierarchicalTestExecutorService.java:35)
	at org.junit.platform.engine.support.hierarchical.HierarchicalTestExecutor.execute(HierarchicalTestExecutor.java:57)
	at org.junit.platform.engine.support.hierarchical.HierarchicalTestEngine.execute(HierarchicalTestEngine.java:54)
	at org.junit.platform.launcher.core.EngineExecutionOrchestrator.execute(EngineExecutionOrchestrator.java:198)
	at org.junit.platform.launcher.core.EngineExecutionOrchestrator.execute(EngineExecutionOrchestrator.java:169)
	at org.junit.platform.launcher.core.EngineExecutionOrchestrator.execute(EngineExecutionOrchestrator.java:93)
	at org.junit.platform.launcher.core.EngineExecutionOrchestrator.lambda$execute$0(EngineExecutionOrchestrator.java:58)
	at org.junit.platform.launcher.core.EngineExecutionOrchestrator.withInterceptedStreams(EngineExecutionOrchestrator.java:141)
	at org.junit.platform.launcher.core.EngineExecutionOrchestrator.execute(EngineExecutionOrchestrator.java:57)
	at org.junit.platform.launcher.core.DefaultLauncher.execute(DefaultLauncher.java:103)
	at org.junit.platform.launcher.core.DefaultLauncher.execute(DefaultLauncher.java:85)
	at org.junit.platform.launcher.core.DelegatingLauncher.execute(DelegatingLauncher.java:47)
	at org.junit.platform.launcher.core.SessionPerRequestLauncher.execute(SessionPerRequestLauncher.java:63)
	at com.intellij.junit5.JUnit5IdeaTestRunner.startRunnerWithArgs(JUnit5IdeaTestRunner.java:57)
	at com.intellij.rt.junit.IdeaTestRunner$Repeater$1.execute(IdeaTestRunner.java:38)
	at com.intellij.rt.execution.junit.TestsRepeater.repeat(TestsRepeater.java:11)
	at com.intellij.rt.junit.IdeaTestRunner$Repeater.startRunnerWithArgs(IdeaTestRunner.java:35)
	at com.intellij.rt.junit.JUnitStarter.prepareStreamsAndStart(JUnitStarter.java:232)
	at com.intellij.rt.junit.JUnitStarter.main(JUnitStarter.java:55)
Caused by: org.openqa.selenium.NoSuchElementException: no such element: Unable to locate element: {"method":"xpath","selector":"//tr[td/span[contains(text(), 'Ruošinys')]]"}
  (Session info: chrome=131.0.6778.205)
For documentation on this error, please visit: https://www.selenium.dev/documentation/webdriver/troubleshooting/errors#no-such-element-exception
Build info: version: '4.27.0', revision: 'd6e718d134'
System info: os.name: 'Windows 11', os.arch: 'amd64', os.version: '10.0', java.version: '21.0.3'
Driver info: org.openqa.selenium.chrome.ChromeDriver
Command: [dad6630858ec072f36a8f13b6ac9a15e, findElement {value=//tr[td/span[contains(text(), 'Ruošinys')]], using=xpath}]
Capabilities {acceptInsecureCerts: false, browserName: chrome, browserVersion: 131.0.6778.205, chrome: {chromedriverVersion: 131.0.6778.204 (52183f9e99a..., userDataDir: C:\Users\INGRID~1.ZAD\AppDa...}, fedcm:accounts: true, goog:chromeOptions: {debuggerAddress: localhost:55718}, networkConnectionEnabled: false, pageLoadStrategy: normal, platformName: windows, proxy: Proxy(), se:cdp: ws://localhost:55718/devtoo..., se:cdpVersion: 131.0.6778.205, setWindowRect: true, strictFileInteractability: false, timeouts: {implicit: 0, pageLoad: 300000, script: 30000}, unhandledPromptBehavior: dismiss and notify, webauthn:extension:credBlob: true, webauthn:extension:largeBlob: true, webauthn:extension:minPinLength: true, webauthn:extension:prf: true, webauthn:virtualAuthenticators: true}
Session ID: dad6630858ec072f36a8f13b6ac9a15e
	at java.base/jdk.internal.reflect.DirectConstructorHandleAccessor.newInstance(DirectConstructorHandleAccessor.java:62)
	at java.base/java.lang.reflect.Constructor.newInstanceWithCaller(Constructor.java:502)
	at java.base/java.lang.reflect.Constructor.newInstance(Constructor.java:486)
	at org.openqa.selenium.remote.ErrorCodec.decode(ErrorCodec.java:167)
	at org.openqa.selenium.remote.codec.w3c.W3CHttpResponseCodec.decode(W3CHttpResponseCodec.java:138)
	at org.openqa.selenium.remote.codec.w3c.W3CHttpResponseCodec.decode(W3CHttpResponseCodec.java:50)
	at org.openqa.selenium.remote.HttpCommandExecutor.execute(HttpCommandExecutor.java:190)
	at org.openqa.selenium.remote.service.DriverCommandExecutor.invokeExecute(DriverCommandExecutor.java:216)
	at org.openqa.selenium.remote.service.DriverCommandExecutor.execute(DriverCommandExecutor.java:174)
	at org.openqa.selenium.remote.RemoteWebDriver.execute(RemoteWebDriver.java:545)
	at org.openqa.selenium.remote.ElementLocation$ElementFinder$2.findElement(ElementLocation.java:165)
	at org.openqa.selenium.remote.ElementLocation.findElement(ElementLocation.java:59)
	at org.openqa.selenium.remote.RemoteWebDriver.findElement(RemoteWebDriver.java:368)
	at org.openqa.selenium.remote.RemoteWebDriver.findElement(RemoteWebDriver.java:362)
	at org.openqa.selenium.support.pagefactory.DefaultElementLocator.findElement(DefaultElementLocator.java:68)
	at org.openqa.selenium.support.pagefactory.internal.LocatingElementHandler.invoke(LocatingElementHandler.java:38)
	at jdk.proxy2/jdk.proxy2.$Proxy14.isDisplayed(Unknown Source)
	at org.openqa.selenium.support.ui.ExpectedConditions.elementIfVisible(ExpectedConditions.java:304)
	at org.openqa.selenium.support.ui.ExpectedConditions$10.apply(ExpectedConditions.java:290)
	at org.openqa.selenium.support.ui.ExpectedConditions$10.apply(ExpectedConditions.java:287)
	at org.openqa.selenium.support.ui.ExpectedConditions$23.apply(ExpectedConditions.java:656)
	at org.openqa.selenium.support.ui.ExpectedConditions$23.apply(ExpectedConditions.java:652)
	at org.openqa.selenium.support.ui.FluentWait.until(FluentWait.java:203)
	... 70 common frames omitted
2025-01-07 07:29:16 [main] INFO  l.insoft.uztis.tests.utils.TestUtils - Screenshot moved to C:\Users\ingrida.zadorozniene\Desktop\Asm\UZTIS\UZTIS_tests\test-output\screenshots\20250107\072916182_testEditAndPublishVuiInvitationDraft().png
2025-01-07 07:30:13 [main] INFO  lt.insoft.uztis.tests.UztisPageTest - Navigated to https://uztisdev.asseco.lt/home
2025-01-07 07:30:13 [main] INFO  l.i.uztis.tests.InvitationsPageTest - Starting test:'testCreateNewVuiInvitationDraft'
2025-01-07 07:30:13 [main] DEBUG l.i.uztis.tests.InvitationsPageTest - Opened 'Application Processing' menu.
2025-01-07 07:30:14 [main] DEBUG l.i.uztis.tests.InvitationsPageTest - Clicked on 'Application Forms' menu.
2025-01-07 07:30:14 [main] DEBUG l.i.uztis.tests.InvitationsPageTest - Navigating to application forms menu.
2025-01-07 07:30:14 [main] DEBUG l.i.uztis.tests.InvitationsPageTest - Retrieved last description code text: 'TST-VUI-79'.
2025-01-07 07:30:14 [main] DEBUG l.i.uztis.tests.InvitationsPageTest - Clicked on 'Invitation' menu.
2025-01-07 07:30:14 [main] DEBUG l.i.uztis.tests.InvitationsPageTest - Clicked 'Create New Application Form'.
2025-01-07 07:30:14 [main] DEBUG l.i.uztis.tests.InvitationsPageTest - Selected section by code: 'TST-VUI-79'.
2025-01-07 07:30:15 [main] DEBUG l.i.uztis.tests.InvitationsPageTest - Selected invitation number from the list.
2025-01-07 07:30:15 [main] DEBUG l.i.uztis.tests.InvitationsPageTest - Entered current date.
2025-01-07 07:30:16 [main] DEBUG l.i.uztis.tests.InvitationsPageTest - Entered start time: 00:00.
2025-01-07 07:30:16 [main] DEBUG l.i.uztis.tests.InvitationsPageTest - Entered end date.
2025-01-07 07:30:16 [main] DEBUG l.i.uztis.tests.InvitationsPageTest - Entered end time: 11:11.
2025-01-07 07:30:16 [main] DEBUG l.i.uztis.tests.InvitationsPageTest - Draft saved.
2025-01-07 07:30:17 [main] DEBUG l.i.uztis.tests.InvitationsPageTest - Verified success message: 'Duomenys sėkmingai išsaugoti.'
2025-01-07 07:30:17 [main] INFO  l.i.uztis.tests.InvitationsPageTest - Test 'testCreateNewVuiInvitationDraft' completed successfully.
2025-01-07 07:30:30 [main] INFO  lt.insoft.uztis.tests.UztisPageTest - Navigated to https://uztisdev.asseco.lt/home
2025-01-07 07:30:30 [main] INFO  l.i.uztis.tests.InvitationsPageTest - Starting test:'testEditAndPublishVuiInvitationDraft'
2025-01-07 07:30:30 [main] DEBUG l.i.uztis.tests.InvitationsPageTest - Opened 'Application Processing' menu.
2025-01-07 07:30:31 [main] DEBUG l.i.uztis.tests.InvitationsPageTest - Clicked on 'Application Forms' menu.
2025-01-07 07:30:31 [main] DEBUG l.i.uztis.tests.InvitationsPageTest - Navigating to application forms menu.
2025-01-07 07:30:31 [main] DEBUG l.i.uztis.tests.InvitationsPageTest - Retrieved last description code text: 'TST-VUI-79'.
2025-01-07 07:30:31 [main] DEBUG l.i.uztis.tests.InvitationsPageTest - Clicked on 'Invitation' menu.
2025-01-07 07:30:31 [main] DEBUG l.i.uztis.tests.InvitationsPageTest - Selected section by code: 'TST-VUI-79'.
2025-01-07 07:30:31 [main] DEBUG l.i.uztis.tests.InvitationsPageTest - Clicked 'Search'.
2025-01-07 07:30:31 [main] DEBUG l.i.uztis.tests.InvitationsPageTest - Getting and inserting application code text.
2025-01-07 07:30:32 [main] DEBUG l.i.uztis.tests.InvitationsPageTest - Clicked 'InvitationDraft'.
2025-01-07 07:30:32 [main] DEBUG l.i.uztis.tests.InvitationsPageTest - Clicked 'Edit'.
2025-01-07 07:30:33 [main] DEBUG l.i.uztis.tests.InvitationsPageTest - Entered publication end date.
2025-01-07 07:30:33 [main] DEBUG l.i.uztis.tests.InvitationsPageTest - Added additional values.
2025-01-07 07:30:33 [main] INFO  l.insoft.uztis.pages.InvitationsPage - Located the dropdown button.
2025-01-07 07:30:33 [main] INFO  l.insoft.uztis.pages.InvitationsPage - Successfully selected the value: 'Didžiausia galima paramos suma aplinkos darbo vietai, Eur'
2025-01-07 07:30:33 [main] DEBUG l.i.uztis.tests.InvitationsPageTest - Selected the value: 'Didžiausia galima paramos suma aplinkos darbo vietai, Eur'
2025-01-07 07:30:33 [main] INFO  l.insoft.uztis.pages.InvitationsPage - Located the dropdown button.
2025-01-07 07:30:34 [main] INFO  l.insoft.uztis.pages.InvitationsPage - Successfully selected the value: 'Didžiausia galima paramos suma, Eur'
2025-01-07 07:30:34 [main] DEBUG l.i.uztis.tests.InvitationsPageTest - Selected the value: 'Didžiausia galima paramos suma, Eur'
2025-01-07 07:30:34 [main] INFO  l.insoft.uztis.pages.InvitationsPage - Located the dropdown button.
2025-01-07 07:30:34 [main] INFO  l.insoft.uztis.pages.InvitationsPage - Successfully selected the value: 'Didžiausia galima paramos suma vienai darbo vietai, Eur'
2025-01-07 07:30:34 [main] DEBUG l.i.uztis.tests.InvitationsPageTest - Selected the value: 'Didžiausia galima paramos suma vienai darbo vietai, Eur'
2025-01-07 07:30:34 [main] DEBUG l.i.uztis.tests.InvitationsPageTest - Entered value: 11000
2025-01-07 07:30:34 [main] DEBUG l.i.uztis.tests.InvitationsPageTest - Entered value: 12000
2025-01-07 07:30:34 [main] DEBUG l.i.uztis.tests.InvitationsPageTest - Entered value: 13000
2025-01-07 07:30:35 [main] DEBUG l.i.uztis.tests.InvitationsPageTest - Checked 'Legal Entities' checkbox.
2025-01-07 07:30:35 [main] DEBUG l.i.uztis.tests.InvitationsPageTest - Unchecked 'Persons Registered with Employment Service' checkbox.
2025-01-07 07:30:35 [main] DEBUG l.i.uztis.tests.InvitationsPageTest - Checked 'Persons Registered as Employers' checkbox.
2025-01-07 07:30:35 [main] DEBUG l.i.uztis.tests.InvitationsPageTest - Entered second evaluation grade: '5'.
2025-01-07 07:30:35 [main] DEBUG l.i.uztis.tests.InvitationsPageTest - Entered third evaluation grade: '6'.
2025-01-07 07:30:35 [main] DEBUG l.i.uztis.tests.InvitationsPageTest - Entered second evaluation grade weight: '0,45'.
2025-01-07 07:30:35 [main] DEBUG l.i.uztis.tests.InvitationsPageTest - Entered third evaluation grade weight: '0,55'.
2025-01-07 07:30:35 [main] DEBUG l.i.uztis.tests.InvitationsPageTest - Entered budget: '2000'.
2025-01-07 07:30:36 [main] DEBUG l.i.uztis.tests.InvitationsPageTest - Entered description text: 'Aprašo tekstas'.
2025-01-07 07:30:36 [main] DEBUG l.i.uztis.tests.InvitationsPageTest - Entered applicants text: 'Pareiškėjų tekstas'.
2025-01-07 07:30:36 [main] DEBUG l.i.uztis.tests.InvitationsPageTest - Entered expenditures text: 'Išlaidų tekstas'.
2025-01-07 07:30:36 [main] DEBUG l.i.uztis.tests.InvitationsPageTest - Entered legislation text: 'Teisės aktų tekstas'.
2025-01-07 07:30:36 [main] DEBUG l.i.uztis.tests.InvitationsPageTest - Entered education text: 'Mokymų tekstas'.
2025-01-07 07:30:36 [main] DEBUG l.i.uztis.tests.InvitationsPageTest - File uploaded.
2025-01-07 07:30:36 [main] DEBUG l.i.uztis.tests.InvitationsPageTest - Clicked 'Publish'.
2025-01-07 07:30:36 [main] DEBUG l.i.uztis.tests.InvitationsPageTest - Publication confirmed.
2025-01-07 07:30:37 [main] DEBUG l.i.uztis.tests.InvitationsPageTest - Verified success message: 'Funkcija sėkmingai atlikta.'
2025-01-07 07:30:37 [main] INFO  l.i.uztis.tests.InvitationsPageTest - Test 'testEditAndPublishVuiInvitationDraft' completed successfully.
2025-01-07 08:02:17 [main] INFO  lt.insoft.uztis.tests.UztisPageTest - Navigated to https://uztisdev.asseco.lt/home
2025-01-07 08:02:17 [main] INFO  l.i.uztis.tests.InvitationsPageTest - Starting test:'testInsertVuiStatisticInformation'
2025-01-07 08:02:18 [main] DEBUG l.i.uztis.tests.InvitationsPageTest - Opened 'Application Processing' menu.
2025-01-07 08:02:18 [main] DEBUG l.i.uztis.tests.InvitationsPageTest - Clicked on 'Application Forms' menu.
2025-01-07 08:02:18 [main] DEBUG l.i.uztis.tests.InvitationsPageTest - Navigating to application forms menu.
2025-01-07 08:02:18 [main] DEBUG l.i.uztis.tests.InvitationsPageTest - Retrieved last description code text: 'TST-VUI-79'.
2025-01-07 08:02:18 [main] DEBUG l.i.uztis.tests.InvitationsPageTest - Clicked on 'Invitation' menu.
2025-01-07 08:02:19 [main] DEBUG l.i.uztis.tests.InvitationsPageTest - Selected section by code: 'TST-VUI-79'.
2025-01-07 08:02:19 [main] DEBUG l.i.uztis.tests.InvitationsPageTest - Clicked 'Search'.
2025-01-07 08:02:19 [main] DEBUG l.i.uztis.tests.InvitationsPageTest - Getting and inserting application code text.
2025-01-07 08:02:19 [main] DEBUG l.i.uztis.tests.InvitationsPageTest - Clicked 'Publishing'.
2025-01-07 08:02:19 [main] DEBUG l.i.uztis.tests.InvitationsPageTest - Clicked 'Statistic Information' tab.
2025-01-07 08:02:20 [main] DEBUG l.i.uztis.tests.InvitationsPageTest - Clicked 'Edit' button.
2025-01-07 08:02:20 [main] DEBUG l.i.uztis.tests.InvitationsPageTest - Entered current date.
2025-01-07 08:02:20 [main] DEBUG l.i.uztis.tests.InvitationsPageTest - Entered value: 8.7
2025-01-07 08:02:20 [main] DEBUG l.i.uztis.tests.InvitationsPageTest - Entered average salary: 2237.9
2025-01-07 08:02:20 [main] DEBUG l.i.uztis.tests.InvitationsPageTest - File uploaded.
2025-01-07 08:02:20 [main] DEBUG l.i.uztis.tests.InvitationsPageTest - Clicked 'Save' button.
2025-01-07 08:02:21 [main] DEBUG l.i.uztis.tests.InvitationsPageTest - Verified success message: 'Funkcija sėkmingai atlikta.'
2025-01-07 08:02:21 [main] INFO  l.i.uztis.tests.InvitationsPageTest - Test 'testInsertVuiStatisticInformation' completed successfully.
2025-01-09 12:20:12 [main] INFO  lt.insoft.uztis.tests.UztisPageTest - Navigated to https://uztisdev.asseco.lt/home
2025-01-09 12:20:12 [main] INFO  l.i.u.tests.ApplicationFormsPageTest - Setup complete. ApplicationFormsPage initialized.
2025-01-09 12:20:12 [main] INFO  l.i.u.tests.ApplicationFormsPageTest - Starting test:'testCreateNewVuiApplication'
2025-01-09 12:20:22 [main] ERROR l.i.uztis.pages.ApplicationFormsPage - MenuApplicationProcessing button is not displayed no such element: Unable to locate element: {"method":"xpath","selector":"//mat-expansion-panel[4]/mat-expansion-panel-header[@role='button']"}
  (Session info: chrome=131.0.6778.206)
For documentation on this error, please visit: https://www.selenium.dev/documentation/webdriver/troubleshooting/errors#no-such-element-exception
Build info: version: '4.27.0', revision: 'd6e718d134'
System info: os.name: 'Windows 11', os.arch: 'amd64', os.version: '10.0', java.version: '21.0.3'
Driver info: org.openqa.selenium.chrome.ChromeDriver
Command: [1f34a697decf8b4435051727f54a7cac, findElement {value=//mat-expansion-panel[4]/mat-expansion-panel-header[@role='button'], using=xpath}]
Capabilities {acceptInsecureCerts: false, browserName: chrome, browserVersion: 131.0.6778.206, chrome: {chromedriverVersion: 131.0.6778.264 (2d05e315153..., userDataDir: C:\Users\INGRID~1.ZAD\AppDa...}, fedcm:accounts: true, goog:chromeOptions: {debuggerAddress: localhost:50907}, networkConnectionEnabled: false, pageLoadStrategy: normal, platformName: windows, proxy: Proxy(), se:cdp: ws://localhost:50907/devtoo..., se:cdpVersion: 131.0.6778.206, setWindowRect: true, strictFileInteractability: false, timeouts: {implicit: 0, pageLoad: 300000, script: 30000}, unhandledPromptBehavior: dismiss and notify, webauthn:extension:credBlob: true, webauthn:extension:largeBlob: true, webauthn:extension:minPinLength: true, webauthn:extension:prf: true, webauthn:virtualAuthenticators: true}
Session ID: 1f34a697decf8b4435051727f54a7cac
2025-01-09 12:20:22 [main] ERROR l.i.u.tests.ApplicationFormsPageTest - Test 'testCreateNewVuiApplication' failed with error: MenuApplicationProcessing is not displayed!
java.lang.RuntimeException: MenuApplicationProcessing is not displayed!
	at lt.insoft.uztis.pages.ApplicationFormsPage.openMenuApplicationProcessing(ApplicationFormsPage.java:132)
	at lt.insoft.uztis.tests.ApplicationFormsPageTest.navigateToApplicationFormsMenu(ApplicationFormsPageTest.java:22)
	at lt.insoft.uztis.tests.ApplicationFormsPageTest.testCreateNewVuiApplication(ApplicationFormsPageTest.java:87)
	at java.base/jdk.internal.reflect.DirectMethodHandleAccessor.invoke(DirectMethodHandleAccessor.java:103)
	at java.base/java.lang.reflect.Method.invoke(Method.java:580)
	at org.junit.platform.commons.util.ReflectionUtils.invokeMethod(ReflectionUtils.java:728)
	at org.junit.jupiter.engine.execution.MethodInvocation.proceed(MethodInvocation.java:60)
	at org.junit.jupiter.engine.execution.InvocationInterceptorChain$ValidatingInvocation.proceed(InvocationInterceptorChain.java:131)
	at org.junit.jupiter.engine.extension.TimeoutExtension.intercept(TimeoutExtension.java:156)
	at org.junit.jupiter.engine.extension.TimeoutExtension.interceptTestableMethod(TimeoutExtension.java:147)
	at org.junit.jupiter.engine.extension.TimeoutExtension.interceptTestMethod(TimeoutExtension.java:86)
	at org.junit.jupiter.engine.execution.InterceptingExecutableInvoker$ReflectiveInterceptorCall.lambda$ofVoidMethod$0(InterceptingExecutableInvoker.java:103)
	at org.junit.jupiter.engine.execution.InterceptingExecutableInvoker.lambda$invoke$0(InterceptingExecutableInvoker.java:93)
	at org.junit.jupiter.engine.execution.InvocationInterceptorChain$InterceptedInvocation.proceed(InvocationInterceptorChain.java:106)
	at org.junit.jupiter.engine.execution.InvocationInterceptorChain.proceed(InvocationInterceptorChain.java:64)
	at org.junit.jupiter.engine.execution.InvocationInterceptorChain.chainAndInvoke(InvocationInterceptorChain.java:45)
	at org.junit.jupiter.engine.execution.InvocationInterceptorChain.invoke(InvocationInterceptorChain.java:37)
	at org.junit.jupiter.engine.execution.InterceptingExecutableInvoker.invoke(InterceptingExecutableInvoker.java:92)
	at org.junit.jupiter.engine.execution.InterceptingExecutableInvoker.invoke(InterceptingExecutableInvoker.java:86)
	at org.junit.jupiter.engine.descriptor.TestMethodTestDescriptor.lambda$invokeTestMethod$7(TestMethodTestDescriptor.java:218)
	at org.junit.platform.engine.support.hierarchical.ThrowableCollector.execute(ThrowableCollector.java:73)
	at org.junit.jupiter.engine.descriptor.TestMethodTestDescriptor.invokeTestMethod(TestMethodTestDescriptor.java:214)
	at org.junit.jupiter.engine.descriptor.TestMethodTestDescriptor.execute(TestMethodTestDescriptor.java:139)
	at org.junit.jupiter.engine.descriptor.TestMethodTestDescriptor.execute(TestMethodTestDescriptor.java:69)
	at org.junit.platform.engine.support.hierarchical.NodeTestTask.lambda$executeRecursively$6(NodeTestTask.java:151)
	at org.junit.platform.engine.support.hierarchical.ThrowableCollector.execute(ThrowableCollector.java:73)
	at org.junit.platform.engine.support.hierarchical.NodeTestTask.lambda$executeRecursively$8(NodeTestTask.java:141)
	at org.junit.platform.engine.support.hierarchical.Node.around(Node.java:137)
	at org.junit.platform.engine.support.hierarchical.NodeTestTask.lambda$executeRecursively$9(NodeTestTask.java:139)
	at org.junit.platform.engine.support.hierarchical.ThrowableCollector.execute(ThrowableCollector.java:73)
	at org.junit.platform.engine.support.hierarchical.NodeTestTask.executeRecursively(NodeTestTask.java:138)
	at org.junit.platform.engine.support.hierarchical.NodeTestTask.execute(NodeTestTask.java:95)
	at java.base/java.util.ArrayList.forEach(ArrayList.java:1596)
	at org.junit.platform.engine.support.hierarchical.SameThreadHierarchicalTestExecutorService.invokeAll(SameThreadHierarchicalTestExecutorService.java:41)
	at org.junit.platform.engine.support.hierarchical.NodeTestTask.lambda$executeRecursively$6(NodeTestTask.java:155)
	at org.junit.platform.engine.support.hierarchical.ThrowableCollector.execute(ThrowableCollector.java:73)
	at org.junit.platform.engine.support.hierarchical.NodeTestTask.lambda$executeRecursively$8(NodeTestTask.java:141)
	at org.junit.platform.engine.support.hierarchical.Node.around(Node.java:137)
	at org.junit.platform.engine.support.hierarchical.NodeTestTask.lambda$executeRecursively$9(NodeTestTask.java:139)
	at org.junit.platform.engine.support.hierarchical.ThrowableCollector.execute(ThrowableCollector.java:73)
	at org.junit.platform.engine.support.hierarchical.NodeTestTask.executeRecursively(NodeTestTask.java:138)
	at org.junit.platform.engine.support.hierarchical.NodeTestTask.execute(NodeTestTask.java:95)
	at java.base/java.util.ArrayList.forEach(ArrayList.java:1596)
	at org.junit.platform.engine.support.hierarchical.SameThreadHierarchicalTestExecutorService.invokeAll(SameThreadHierarchicalTestExecutorService.java:41)
	at org.junit.platform.engine.support.hierarchical.NodeTestTask.lambda$executeRecursively$6(NodeTestTask.java:155)
	at org.junit.platform.engine.support.hierarchical.ThrowableCollector.execute(ThrowableCollector.java:73)
	at org.junit.platform.engine.support.hierarchical.NodeTestTask.lambda$executeRecursively$8(NodeTestTask.java:141)
	at org.junit.platform.engine.support.hierarchical.Node.around(Node.java:137)
	at org.junit.platform.engine.support.hierarchical.NodeTestTask.lambda$executeRecursively$9(NodeTestTask.java:139)
	at org.junit.platform.engine.support.hierarchical.ThrowableCollector.execute(ThrowableCollector.java:73)
	at org.junit.platform.engine.support.hierarchical.NodeTestTask.executeRecursively(NodeTestTask.java:138)
	at org.junit.platform.engine.support.hierarchical.NodeTestTask.execute(NodeTestTask.java:95)
	at org.junit.platform.engine.support.hierarchical.SameThreadHierarchicalTestExecutorService.submit(SameThreadHierarchicalTestExecutorService.java:35)
	at org.junit.platform.engine.support.hierarchical.HierarchicalTestExecutor.execute(HierarchicalTestExecutor.java:57)
	at org.junit.platform.engine.support.hierarchical.HierarchicalTestEngine.execute(HierarchicalTestEngine.java:54)
	at org.junit.platform.launcher.core.EngineExecutionOrchestrator.execute(EngineExecutionOrchestrator.java:198)
	at org.junit.platform.launcher.core.EngineExecutionOrchestrator.execute(EngineExecutionOrchestrator.java:169)
	at org.junit.platform.launcher.core.EngineExecutionOrchestrator.execute(EngineExecutionOrchestrator.java:93)
	at org.junit.platform.launcher.core.EngineExecutionOrchestrator.lambda$execute$0(EngineExecutionOrchestrator.java:58)
	at org.junit.platform.launcher.core.EngineExecutionOrchestrator.withInterceptedStreams(EngineExecutionOrchestrator.java:141)
	at org.junit.platform.launcher.core.EngineExecutionOrchestrator.execute(EngineExecutionOrchestrator.java:57)
	at org.junit.platform.launcher.core.DefaultLauncher.execute(DefaultLauncher.java:103)
	at org.junit.platform.launcher.core.DefaultLauncher.execute(DefaultLauncher.java:85)
	at org.junit.platform.launcher.core.DelegatingLauncher.execute(DelegatingLauncher.java:47)
	at org.junit.platform.launcher.core.SessionPerRequestLauncher.execute(SessionPerRequestLauncher.java:63)
	at com.intellij.junit5.JUnit5IdeaTestRunner.startRunnerWithArgs(JUnit5IdeaTestRunner.java:57)
	at com.intellij.rt.junit.IdeaTestRunner$Repeater$1.execute(IdeaTestRunner.java:38)
	at com.intellij.rt.execution.junit.TestsRepeater.repeat(TestsRepeater.java:11)
	at com.intellij.rt.junit.IdeaTestRunner$Repeater.startRunnerWithArgs(IdeaTestRunner.java:35)
	at com.intellij.rt.junit.JUnitStarter.prepareStreamsAndStart(JUnitStarter.java:232)
	at com.intellij.rt.junit.JUnitStarter.main(JUnitStarter.java:55)
2025-01-09 12:20:22 [main] INFO  l.insoft.uztis.tests.utils.TestUtils - Screenshot moved to C:\Users\ingrida.zadorozniene\Desktop\Asm\UZTIS\UZTIS_tests\test-output\screenshots\20250109\122022969_testCreateNewVuiApplication().png
2025-01-09 12:46:40 [main] INFO  lt.insoft.uztis.tests.UztisPageTest - Navigated to https://uztisdev.asseco.lt/home
2025-01-09 12:46:40 [main] INFO  l.i.u.tests.ApplicationFormsPageTest - Setup complete. ApplicationFormsPage initialized.
2025-01-09 12:46:40 [main] INFO  l.i.u.tests.ApplicationFormsPageTest - Starting test:'testNavigateToAndReviewApplicationFormsPageTest'
2025-01-09 12:46:41 [main] ERROR l.i.u.tests.ApplicationFormsPageTest - Test 'testNavigateToAndReviewApplicationFormsPageTest' failed with error: invalid selector
from javascript error: {"status":32,"value":"Unable to locate an element with the xpath expression //input[#'username'] because of the following error:\nSyntaxError: Failed to execute 'evaluate' on 'Document': The string '//input[#'username']' is not a valid XPath expression."}
  (Session info: chrome=131.0.6778.206)
For documentation on this error, please visit: https://www.selenium.dev/documentation/webdriver/troubleshooting/errors#invalid-selector-exception
Build info: version: '4.27.0', revision: 'd6e718d134'
System info: os.name: 'Windows 11', os.arch: 'amd64', os.version: '10.0', java.version: '21.0.3'
Driver info: org.openqa.selenium.chrome.ChromeDriver
Command: [1e1c24381ecb693a189d39255e4ca706, findElement {using=xpath, value=//input[#'username']}]
Capabilities {acceptInsecureCerts: false, browserName: chrome, browserVersion: 131.0.6778.206, chrome: {chromedriverVersion: 131.0.6778.264 (2d05e315153..., userDataDir: C:\Users\INGRID~1.ZAD\AppDa...}, fedcm:accounts: true, goog:chromeOptions: {debuggerAddress: localhost:51794}, networkConnectionEnabled: false, pageLoadStrategy: normal, platformName: windows, proxy: Proxy(), se:cdp: ws://localhost:51794/devtoo..., se:cdpVersion: 131.0.6778.206, setWindowRect: true, strictFileInteractability: false, timeouts: {implicit: 0, pageLoad: 300000, script: 30000}, unhandledPromptBehavior: dismiss and notify, webauthn:extension:credBlob: true, webauthn:extension:largeBlob: true, webauthn:extension:minPinLength: true, webauthn:extension:prf: true, webauthn:virtualAuthenticators: true}
Session ID: 1e1c24381ecb693a189d39255e4ca706
org.openqa.selenium.InvalidSelectorException: invalid selector
from javascript error: {"status":32,"value":"Unable to locate an element with the xpath expression //input[#'username'] because of the following error:\nSyntaxError: Failed to execute 'evaluate' on 'Document': The string '//input[#'username']' is not a valid XPath expression."}
  (Session info: chrome=131.0.6778.206)
For documentation on this error, please visit: https://www.selenium.dev/documentation/webdriver/troubleshooting/errors#invalid-selector-exception
Build info: version: '4.27.0', revision: 'd6e718d134'
System info: os.name: 'Windows 11', os.arch: 'amd64', os.version: '10.0', java.version: '21.0.3'
Driver info: org.openqa.selenium.chrome.ChromeDriver
Command: [1e1c24381ecb693a189d39255e4ca706, findElement {using=xpath, value=//input[#'username']}]
Capabilities {acceptInsecureCerts: false, browserName: chrome, browserVersion: 131.0.6778.206, chrome: {chromedriverVersion: 131.0.6778.264 (2d05e315153..., userDataDir: C:\Users\INGRID~1.ZAD\AppDa...}, fedcm:accounts: true, goog:chromeOptions: {debuggerAddress: localhost:51794}, networkConnectionEnabled: false, pageLoadStrategy: normal, platformName: windows, proxy: Proxy(), se:cdp: ws://localhost:51794/devtoo..., se:cdpVersion: 131.0.6778.206, setWindowRect: true, strictFileInteractability: false, timeouts: {implicit: 0, pageLoad: 300000, script: 30000}, unhandledPromptBehavior: dismiss and notify, webauthn:extension:credBlob: true, webauthn:extension:largeBlob: true, webauthn:extension:minPinLength: true, webauthn:extension:prf: true, webauthn:virtualAuthenticators: true}
Session ID: 1e1c24381ecb693a189d39255e4ca706
	at java.base/jdk.internal.reflect.DirectConstructorHandleAccessor.newInstance(DirectConstructorHandleAccessor.java:62)
	at java.base/java.lang.reflect.Constructor.newInstanceWithCaller(Constructor.java:502)
	at java.base/java.lang.reflect.Constructor.newInstance(Constructor.java:486)
	at org.openqa.selenium.remote.ErrorCodec.decode(ErrorCodec.java:167)
	at org.openqa.selenium.remote.codec.w3c.W3CHttpResponseCodec.decode(W3CHttpResponseCodec.java:138)
	at org.openqa.selenium.remote.codec.w3c.W3CHttpResponseCodec.decode(W3CHttpResponseCodec.java:50)
	at org.openqa.selenium.remote.HttpCommandExecutor.execute(HttpCommandExecutor.java:190)
	at org.openqa.selenium.remote.service.DriverCommandExecutor.invokeExecute(DriverCommandExecutor.java:216)
	at org.openqa.selenium.remote.service.DriverCommandExecutor.execute(DriverCommandExecutor.java:174)
	at org.openqa.selenium.remote.RemoteWebDriver.execute(RemoteWebDriver.java:545)
	at org.openqa.selenium.remote.ElementLocation$ElementFinder$2.findElement(ElementLocation.java:165)
	at org.openqa.selenium.remote.ElementLocation.findElement(ElementLocation.java:59)
	at org.openqa.selenium.remote.RemoteWebDriver.findElement(RemoteWebDriver.java:368)
	at org.openqa.selenium.remote.RemoteWebDriver.findElement(RemoteWebDriver.java:362)
	at org.openqa.selenium.support.pagefactory.DefaultElementLocator.findElement(DefaultElementLocator.java:68)
	at org.openqa.selenium.support.pagefactory.internal.LocatingElementHandler.invoke(LocatingElementHandler.java:38)
	at jdk.proxy2/jdk.proxy2.$Proxy14.sendKeys(Unknown Source)
	at lt.insoft.uztis.pages.ApplicationFormsPage.enterUsername(ApplicationFormsPage.java:134)
	at lt.insoft.uztis.tests.ApplicationFormsPageTest.signInUztis(ApplicationFormsPageTest.java:23)
	at lt.insoft.uztis.tests.ApplicationFormsPageTest.testNavigateToAndReviewApplicationFormsPageTest(ApplicationFormsPageTest.java:65)
	at java.base/jdk.internal.reflect.DirectMethodHandleAccessor.invoke(DirectMethodHandleAccessor.java:103)
	at java.base/java.lang.reflect.Method.invoke(Method.java:580)
	at org.junit.platform.commons.util.ReflectionUtils.invokeMethod(ReflectionUtils.java:728)
	at org.junit.jupiter.engine.execution.MethodInvocation.proceed(MethodInvocation.java:60)
	at org.junit.jupiter.engine.execution.InvocationInterceptorChain$ValidatingInvocation.proceed(InvocationInterceptorChain.java:131)
	at org.junit.jupiter.engine.extension.TimeoutExtension.intercept(TimeoutExtension.java:156)
	at org.junit.jupiter.engine.extension.TimeoutExtension.interceptTestableMethod(TimeoutExtension.java:147)
	at org.junit.jupiter.engine.extension.TimeoutExtension.interceptTestMethod(TimeoutExtension.java:86)
	at org.junit.jupiter.engine.execution.InterceptingExecutableInvoker$ReflectiveInterceptorCall.lambda$ofVoidMethod$0(InterceptingExecutableInvoker.java:103)
	at org.junit.jupiter.engine.execution.InterceptingExecutableInvoker.lambda$invoke$0(InterceptingExecutableInvoker.java:93)
	at org.junit.jupiter.engine.execution.InvocationInterceptorChain$InterceptedInvocation.proceed(InvocationInterceptorChain.java:106)
	at org.junit.jupiter.engine.execution.InvocationInterceptorChain.proceed(InvocationInterceptorChain.java:64)
	at org.junit.jupiter.engine.execution.InvocationInterceptorChain.chainAndInvoke(InvocationInterceptorChain.java:45)
	at org.junit.jupiter.engine.execution.InvocationInterceptorChain.invoke(InvocationInterceptorChain.java:37)
	at org.junit.jupiter.engine.execution.InterceptingExecutableInvoker.invoke(InterceptingExecutableInvoker.java:92)
	at org.junit.jupiter.engine.execution.InterceptingExecutableInvoker.invoke(InterceptingExecutableInvoker.java:86)
	at org.junit.jupiter.engine.descriptor.TestMethodTestDescriptor.lambda$invokeTestMethod$7(TestMethodTestDescriptor.java:218)
	at org.junit.platform.engine.support.hierarchical.ThrowableCollector.execute(ThrowableCollector.java:73)
	at org.junit.jupiter.engine.descriptor.TestMethodTestDescriptor.invokeTestMethod(TestMethodTestDescriptor.java:214)
	at org.junit.jupiter.engine.descriptor.TestMethodTestDescriptor.execute(TestMethodTestDescriptor.java:139)
	at org.junit.jupiter.engine.descriptor.TestMethodTestDescriptor.execute(TestMethodTestDescriptor.java:69)
	at org.junit.platform.engine.support.hierarchical.NodeTestTask.lambda$executeRecursively$6(NodeTestTask.java:151)
	at org.junit.platform.engine.support.hierarchical.ThrowableCollector.execute(ThrowableCollector.java:73)
	at org.junit.platform.engine.support.hierarchical.NodeTestTask.lambda$executeRecursively$8(NodeTestTask.java:141)
	at org.junit.platform.engine.support.hierarchical.Node.around(Node.java:137)
	at org.junit.platform.engine.support.hierarchical.NodeTestTask.lambda$executeRecursively$9(NodeTestTask.java:139)
	at org.junit.platform.engine.support.hierarchical.ThrowableCollector.execute(ThrowableCollector.java:73)
	at org.junit.platform.engine.support.hierarchical.NodeTestTask.executeRecursively(NodeTestTask.java:138)
	at org.junit.platform.engine.support.hierarchical.NodeTestTask.execute(NodeTestTask.java:95)
	at java.base/java.util.ArrayList.forEach(ArrayList.java:1596)
	at org.junit.platform.engine.support.hierarchical.SameThreadHierarchicalTestExecutorService.invokeAll(SameThreadHierarchicalTestExecutorService.java:41)
	at org.junit.platform.engine.support.hierarchical.NodeTestTask.lambda$executeRecursively$6(NodeTestTask.java:155)
	at org.junit.platform.engine.support.hierarchical.ThrowableCollector.execute(ThrowableCollector.java:73)
	at org.junit.platform.engine.support.hierarchical.NodeTestTask.lambda$executeRecursively$8(NodeTestTask.java:141)
	at org.junit.platform.engine.support.hierarchical.Node.around(Node.java:137)
	at org.junit.platform.engine.support.hierarchical.NodeTestTask.lambda$executeRecursively$9(NodeTestTask.java:139)
	at org.junit.platform.engine.support.hierarchical.ThrowableCollector.execute(ThrowableCollector.java:73)
	at org.junit.platform.engine.support.hierarchical.NodeTestTask.executeRecursively(NodeTestTask.java:138)
	at org.junit.platform.engine.support.hierarchical.NodeTestTask.execute(NodeTestTask.java:95)
	at java.base/java.util.ArrayList.forEach(ArrayList.java:1596)
	at org.junit.platform.engine.support.hierarchical.SameThreadHierarchicalTestExecutorService.invokeAll(SameThreadHierarchicalTestExecutorService.java:41)
	at org.junit.platform.engine.support.hierarchical.NodeTestTask.lambda$executeRecursively$6(NodeTestTask.java:155)
	at org.junit.platform.engine.support.hierarchical.ThrowableCollector.execute(ThrowableCollector.java:73)
	at org.junit.platform.engine.support.hierarchical.NodeTestTask.lambda$executeRecursively$8(NodeTestTask.java:141)
	at org.junit.platform.engine.support.hierarchical.Node.around(Node.java:137)
	at org.junit.platform.engine.support.hierarchical.NodeTestTask.lambda$executeRecursively$9(NodeTestTask.java:139)
	at org.junit.platform.engine.support.hierarchical.ThrowableCollector.execute(ThrowableCollector.java:73)
	at org.junit.platform.engine.support.hierarchical.NodeTestTask.executeRecursively(NodeTestTask.java:138)
	at org.junit.platform.engine.support.hierarchical.NodeTestTask.execute(NodeTestTask.java:95)
	at org.junit.platform.engine.support.hierarchical.SameThreadHierarchicalTestExecutorService.submit(SameThreadHierarchicalTestExecutorService.java:35)
	at org.junit.platform.engine.support.hierarchical.HierarchicalTestExecutor.execute(HierarchicalTestExecutor.java:57)
	at org.junit.platform.engine.support.hierarchical.HierarchicalTestEngine.execute(HierarchicalTestEngine.java:54)
	at org.junit.platform.launcher.core.EngineExecutionOrchestrator.execute(EngineExecutionOrchestrator.java:198)
	at org.junit.platform.launcher.core.EngineExecutionOrchestrator.execute(EngineExecutionOrchestrator.java:169)
	at org.junit.platform.launcher.core.EngineExecutionOrchestrator.execute(EngineExecutionOrchestrator.java:93)
	at org.junit.platform.launcher.core.EngineExecutionOrchestrator.lambda$execute$0(EngineExecutionOrchestrator.java:58)
	at org.junit.platform.launcher.core.EngineExecutionOrchestrator.withInterceptedStreams(EngineExecutionOrchestrator.java:141)
	at org.junit.platform.launcher.core.EngineExecutionOrchestrator.execute(EngineExecutionOrchestrator.java:57)
	at org.junit.platform.launcher.core.DefaultLauncher.execute(DefaultLauncher.java:103)
	at org.junit.platform.launcher.core.DefaultLauncher.execute(DefaultLauncher.java:85)
	at org.junit.platform.launcher.core.DelegatingLauncher.execute(DelegatingLauncher.java:47)
	at org.junit.platform.launcher.core.SessionPerRequestLauncher.execute(SessionPerRequestLauncher.java:63)
	at com.intellij.junit5.JUnit5IdeaTestRunner.startRunnerWithArgs(JUnit5IdeaTestRunner.java:57)
	at com.intellij.rt.junit.IdeaTestRunner$Repeater$1.execute(IdeaTestRunner.java:38)
	at com.intellij.rt.execution.junit.TestsRepeater.repeat(TestsRepeater.java:11)
	at com.intellij.rt.junit.IdeaTestRunner$Repeater.startRunnerWithArgs(IdeaTestRunner.java:35)
	at com.intellij.rt.junit.JUnitStarter.prepareStreamsAndStart(JUnitStarter.java:232)
	at com.intellij.rt.junit.JUnitStarter.main(JUnitStarter.java:55)
2025-01-09 12:46:41 [main] INFO  l.insoft.uztis.tests.utils.TestUtils - Screenshot moved to C:\Users\ingrida.zadorozniene\Desktop\Asm\UZTIS\UZTIS_tests\test-output\screenshots\20250109\124641672_testNavigateToAndReviewApplicationFormsPageTest().png
2025-01-09 12:51:51 [main] INFO  lt.insoft.uztis.tests.UztisPageTest - Navigated to https://uztisdev.asseco.lt/home
2025-01-09 12:51:51 [main] INFO  l.i.u.tests.ApplicationFormsPageTest - Setup complete. ApplicationFormsPage initialized.
2025-01-09 12:51:51 [main] INFO  l.i.u.tests.ApplicationFormsPageTest - Starting test:'testCreateNewPvkApplication'
2025-01-09 12:51:51 [main] ERROR l.i.uztis.pages.ApplicationFormsPage - MenuApplicationProcessing button is not displayed stale element reference: stale element not found
  (Session info: chrome=131.0.6778.206)
For documentation on this error, please visit: https://www.selenium.dev/documentation/webdriver/troubleshooting/errors#stale-element-reference-exception
Build info: version: '4.27.0', revision: 'd6e718d134'
System info: os.name: 'Windows 11', os.arch: 'amd64', os.version: '10.0', java.version: '21.0.3'
Driver info: org.openqa.selenium.chrome.ChromeDriver
Command: [f088a366130260bfce0c2fe30441aa39, isElementDisplayed {id=f.139967B07205D8B508357F9BAF63A14D.d.0BC777F447B9CF9F7B2E1B6746141D97.e.3}]
Capabilities {acceptInsecureCerts: false, browserName: chrome, browserVersion: 131.0.6778.206, chrome: {chromedriverVersion: 131.0.6778.264 (2d05e315153..., userDataDir: C:\Users\INGRID~1.ZAD\AppDa...}, fedcm:accounts: true, goog:chromeOptions: {debuggerAddress: localhost:51948}, networkConnectionEnabled: false, pageLoadStrategy: normal, platformName: windows, proxy: Proxy(), se:cdp: ws://localhost:51948/devtoo..., se:cdpVersion: 131.0.6778.206, setWindowRect: true, strictFileInteractability: false, timeouts: {implicit: 0, pageLoad: 300000, script: 30000}, unhandledPromptBehavior: dismiss and notify, webauthn:extension:credBlob: true, webauthn:extension:largeBlob: true, webauthn:extension:minPinLength: true, webauthn:extension:prf: true, webauthn:virtualAuthenticators: true}
Element: [[ChromeDriver: chrome on windows (f088a366130260bfce0c2fe30441aa39)] -> xpath: //mat-expansion-panel[4]/mat-expansion-panel-header[@role='button']]
Session ID: f088a366130260bfce0c2fe30441aa39
2025-01-09 12:51:51 [main] ERROR l.i.u.tests.ApplicationFormsPageTest - Test 'testCreateNewPvkApplication' failed with error: MenuApplicationProcessing is not displayed!
java.lang.RuntimeException: MenuApplicationProcessing is not displayed!
	at lt.insoft.uztis.pages.ApplicationFormsPage.openMenuApplicationProcessing(ApplicationFormsPage.java:152)
	at lt.insoft.uztis.tests.ApplicationFormsPageTest.navigateToApplicationFormsMenu(ApplicationFormsPageTest.java:32)
	at lt.insoft.uztis.tests.ApplicationFormsPageTest.testCreateNewPvkApplication(ApplicationFormsPageTest.java:305)
	at java.base/jdk.internal.reflect.DirectMethodHandleAccessor.invoke(DirectMethodHandleAccessor.java:103)
	at java.base/java.lang.reflect.Method.invoke(Method.java:580)
	at org.junit.platform.commons.util.ReflectionUtils.invokeMethod(ReflectionUtils.java:728)
	at org.junit.jupiter.engine.execution.MethodInvocation.proceed(MethodInvocation.java:60)
	at org.junit.jupiter.engine.execution.InvocationInterceptorChain$ValidatingInvocation.proceed(InvocationInterceptorChain.java:131)
	at org.junit.jupiter.engine.extension.TimeoutExtension.intercept(TimeoutExtension.java:156)
	at org.junit.jupiter.engine.extension.TimeoutExtension.interceptTestableMethod(TimeoutExtension.java:147)
	at org.junit.jupiter.engine.extension.TimeoutExtension.interceptTestMethod(TimeoutExtension.java:86)
	at org.junit.jupiter.engine.execution.InterceptingExecutableInvoker$ReflectiveInterceptorCall.lambda$ofVoidMethod$0(InterceptingExecutableInvoker.java:103)
	at org.junit.jupiter.engine.execution.InterceptingExecutableInvoker.lambda$invoke$0(InterceptingExecutableInvoker.java:93)
	at org.junit.jupiter.engine.execution.InvocationInterceptorChain$InterceptedInvocation.proceed(InvocationInterceptorChain.java:106)
	at org.junit.jupiter.engine.execution.InvocationInterceptorChain.proceed(InvocationInterceptorChain.java:64)
	at org.junit.jupiter.engine.execution.InvocationInterceptorChain.chainAndInvoke(InvocationInterceptorChain.java:45)
	at org.junit.jupiter.engine.execution.InvocationInterceptorChain.invoke(InvocationInterceptorChain.java:37)
	at org.junit.jupiter.engine.execution.InterceptingExecutableInvoker.invoke(InterceptingExecutableInvoker.java:92)
	at org.junit.jupiter.engine.execution.InterceptingExecutableInvoker.invoke(InterceptingExecutableInvoker.java:86)
	at org.junit.jupiter.engine.descriptor.TestMethodTestDescriptor.lambda$invokeTestMethod$7(TestMethodTestDescriptor.java:218)
	at org.junit.platform.engine.support.hierarchical.ThrowableCollector.execute(ThrowableCollector.java:73)
	at org.junit.jupiter.engine.descriptor.TestMethodTestDescriptor.invokeTestMethod(TestMethodTestDescriptor.java:214)
	at org.junit.jupiter.engine.descriptor.TestMethodTestDescriptor.execute(TestMethodTestDescriptor.java:139)
	at org.junit.jupiter.engine.descriptor.TestMethodTestDescriptor.execute(TestMethodTestDescriptor.java:69)
	at org.junit.platform.engine.support.hierarchical.NodeTestTask.lambda$executeRecursively$6(NodeTestTask.java:151)
	at org.junit.platform.engine.support.hierarchical.ThrowableCollector.execute(ThrowableCollector.java:73)
	at org.junit.platform.engine.support.hierarchical.NodeTestTask.lambda$executeRecursively$8(NodeTestTask.java:141)
	at org.junit.platform.engine.support.hierarchical.Node.around(Node.java:137)
	at org.junit.platform.engine.support.hierarchical.NodeTestTask.lambda$executeRecursively$9(NodeTestTask.java:139)
	at org.junit.platform.engine.support.hierarchical.ThrowableCollector.execute(ThrowableCollector.java:73)
	at org.junit.platform.engine.support.hierarchical.NodeTestTask.executeRecursively(NodeTestTask.java:138)
	at org.junit.platform.engine.support.hierarchical.NodeTestTask.execute(NodeTestTask.java:95)
	at java.base/java.util.ArrayList.forEach(ArrayList.java:1596)
	at org.junit.platform.engine.support.hierarchical.SameThreadHierarchicalTestExecutorService.invokeAll(SameThreadHierarchicalTestExecutorService.java:41)
	at org.junit.platform.engine.support.hierarchical.NodeTestTask.lambda$executeRecursively$6(NodeTestTask.java:155)
	at org.junit.platform.engine.support.hierarchical.ThrowableCollector.execute(ThrowableCollector.java:73)
	at org.junit.platform.engine.support.hierarchical.NodeTestTask.lambda$executeRecursively$8(NodeTestTask.java:141)
	at org.junit.platform.engine.support.hierarchical.Node.around(Node.java:137)
	at org.junit.platform.engine.support.hierarchical.NodeTestTask.lambda$executeRecursively$9(NodeTestTask.java:139)
	at org.junit.platform.engine.support.hierarchical.ThrowableCollector.execute(ThrowableCollector.java:73)
	at org.junit.platform.engine.support.hierarchical.NodeTestTask.executeRecursively(NodeTestTask.java:138)
	at org.junit.platform.engine.support.hierarchical.NodeTestTask.execute(NodeTestTask.java:95)
	at java.base/java.util.ArrayList.forEach(ArrayList.java:1596)
	at org.junit.platform.engine.support.hierarchical.SameThreadHierarchicalTestExecutorService.invokeAll(SameThreadHierarchicalTestExecutorService.java:41)
	at org.junit.platform.engine.support.hierarchical.NodeTestTask.lambda$executeRecursively$6(NodeTestTask.java:155)
	at org.junit.platform.engine.support.hierarchical.ThrowableCollector.execute(ThrowableCollector.java:73)
	at org.junit.platform.engine.support.hierarchical.NodeTestTask.lambda$executeRecursively$8(NodeTestTask.java:141)
	at org.junit.platform.engine.support.hierarchical.Node.around(Node.java:137)
	at org.junit.platform.engine.support.hierarchical.NodeTestTask.lambda$executeRecursively$9(NodeTestTask.java:139)
	at org.junit.platform.engine.support.hierarchical.ThrowableCollector.execute(ThrowableCollector.java:73)
	at org.junit.platform.engine.support.hierarchical.NodeTestTask.executeRecursively(NodeTestTask.java:138)
	at org.junit.platform.engine.support.hierarchical.NodeTestTask.execute(NodeTestTask.java:95)
	at org.junit.platform.engine.support.hierarchical.SameThreadHierarchicalTestExecutorService.submit(SameThreadHierarchicalTestExecutorService.java:35)
	at org.junit.platform.engine.support.hierarchical.HierarchicalTestExecutor.execute(HierarchicalTestExecutor.java:57)
	at org.junit.platform.engine.support.hierarchical.HierarchicalTestEngine.execute(HierarchicalTestEngine.java:54)
	at org.junit.platform.launcher.core.EngineExecutionOrchestrator.execute(EngineExecutionOrchestrator.java:198)
	at org.junit.platform.launcher.core.EngineExecutionOrchestrator.execute(EngineExecutionOrchestrator.java:169)
	at org.junit.platform.launcher.core.EngineExecutionOrchestrator.execute(EngineExecutionOrchestrator.java:93)
	at org.junit.platform.launcher.core.EngineExecutionOrchestrator.lambda$execute$0(EngineExecutionOrchestrator.java:58)
	at org.junit.platform.launcher.core.EngineExecutionOrchestrator.withInterceptedStreams(EngineExecutionOrchestrator.java:141)
	at org.junit.platform.launcher.core.EngineExecutionOrchestrator.execute(EngineExecutionOrchestrator.java:57)
	at org.junit.platform.launcher.core.DefaultLauncher.execute(DefaultLauncher.java:103)
	at org.junit.platform.launcher.core.DefaultLauncher.execute(DefaultLauncher.java:85)
	at org.junit.platform.launcher.core.DelegatingLauncher.execute(DelegatingLauncher.java:47)
	at org.junit.platform.launcher.core.SessionPerRequestLauncher.execute(SessionPerRequestLauncher.java:63)
	at com.intellij.junit5.JUnit5IdeaTestRunner.startRunnerWithArgs(JUnit5IdeaTestRunner.java:57)
	at com.intellij.rt.junit.IdeaTestRunner$Repeater$1.execute(IdeaTestRunner.java:38)
	at com.intellij.rt.execution.junit.TestsRepeater.repeat(TestsRepeater.java:11)
	at com.intellij.rt.junit.IdeaTestRunner$Repeater.startRunnerWithArgs(IdeaTestRunner.java:35)
	at com.intellij.rt.junit.JUnitStarter.prepareStreamsAndStart(JUnitStarter.java:232)
	at com.intellij.rt.junit.JUnitStarter.main(JUnitStarter.java:55)
2025-01-09 12:51:51 [main] INFO  l.insoft.uztis.tests.utils.TestUtils - Screenshot moved to C:\Users\ingrida.zadorozniene\Desktop\Asm\UZTIS\UZTIS_tests\test-output\screenshots\20250109\125151812_testCreateNewPvkApplication().png
2025-01-09 12:51:53 [main] INFO  lt.insoft.uztis.tests.UztisPageTest - Navigated to https://uztisdev.asseco.lt/home
2025-01-09 12:51:53 [main] INFO  l.i.u.tests.ApplicationFormsPageTest - Setup complete. ApplicationFormsPage initialized.
2025-01-09 12:51:53 [main] INFO  l.i.u.tests.ApplicationFormsPageTest - Starting test:'testCreateNewVuiApplication'
2025-01-09 12:52:03 [main] ERROR l.i.u.tests.ApplicationFormsPageTest - Test 'testCreateNewVuiApplication' failed with error: no such element: Unable to locate element: {"method":"xpath","selector":"//mat-expansion-panel[4]/mat-expansion-panel-header[@role='button']"}
  (Session info: chrome=131.0.6778.206)
For documentation on this error, please visit: https://www.selenium.dev/documentation/webdriver/troubleshooting/errors#no-such-element-exception
Build info: version: '4.27.0', revision: 'd6e718d134'
System info: os.name: 'Windows 11', os.arch: 'amd64', os.version: '10.0', java.version: '21.0.3'
Driver info: org.openqa.selenium.chrome.ChromeDriver
Command: [0004083f17b51ee9d1e18240b1becb7f, findElement {using=xpath, value=//mat-expansion-panel[4]/mat-expansion-panel-header[@role='button']}]
Capabilities {acceptInsecureCerts: false, browserName: chrome, browserVersion: 131.0.6778.206, chrome: {chromedriverVersion: 131.0.6778.264 (2d05e315153..., userDataDir: C:\Users\INGRID~1.ZAD\AppDa...}, fedcm:accounts: true, goog:chromeOptions: {debuggerAddress: localhost:51963}, networkConnectionEnabled: false, pageLoadStrategy: normal, platformName: windows, proxy: Proxy(), se:cdp: ws://localhost:51963/devtoo..., se:cdpVersion: 131.0.6778.206, setWindowRect: true, strictFileInteractability: false, timeouts: {implicit: 0, pageLoad: 300000, script: 30000}, unhandledPromptBehavior: dismiss and notify, webauthn:extension:credBlob: true, webauthn:extension:largeBlob: true, webauthn:extension:minPinLength: true, webauthn:extension:prf: true, webauthn:virtualAuthenticators: true}
Session ID: 0004083f17b51ee9d1e18240b1becb7f
org.openqa.selenium.NoSuchElementException: no such element: Unable to locate element: {"method":"xpath","selector":"//mat-expansion-panel[4]/mat-expansion-panel-header[@role='button']"}
  (Session info: chrome=131.0.6778.206)
For documentation on this error, please visit: https://www.selenium.dev/documentation/webdriver/troubleshooting/errors#no-such-element-exception
Build info: version: '4.27.0', revision: 'd6e718d134'
System info: os.name: 'Windows 11', os.arch: 'amd64', os.version: '10.0', java.version: '21.0.3'
Driver info: org.openqa.selenium.chrome.ChromeDriver
Command: [0004083f17b51ee9d1e18240b1becb7f, findElement {using=xpath, value=//mat-expansion-panel[4]/mat-expansion-panel-header[@role='button']}]
Capabilities {acceptInsecureCerts: false, browserName: chrome, browserVersion: 131.0.6778.206, chrome: {chromedriverVersion: 131.0.6778.264 (2d05e315153..., userDataDir: C:\Users\INGRID~1.ZAD\AppDa...}, fedcm:accounts: true, goog:chromeOptions: {debuggerAddress: localhost:51963}, networkConnectionEnabled: false, pageLoadStrategy: normal, platformName: windows, proxy: Proxy(), se:cdp: ws://localhost:51963/devtoo..., se:cdpVersion: 131.0.6778.206, setWindowRect: true, strictFileInteractability: false, timeouts: {implicit: 0, pageLoad: 300000, script: 30000}, unhandledPromptBehavior: dismiss and notify, webauthn:extension:credBlob: true, webauthn:extension:largeBlob: true, webauthn:extension:minPinLength: true, webauthn:extension:prf: true, webauthn:virtualAuthenticators: true}
Session ID: 0004083f17b51ee9d1e18240b1becb7f
	at java.base/jdk.internal.reflect.DirectConstructorHandleAccessor.newInstance(DirectConstructorHandleAccessor.java:62)
	at java.base/java.lang.reflect.Constructor.newInstanceWithCaller(Constructor.java:502)
	at java.base/java.lang.reflect.Constructor.newInstance(Constructor.java:486)
	at org.openqa.selenium.remote.ErrorCodec.decode(ErrorCodec.java:167)
	at org.openqa.selenium.remote.codec.w3c.W3CHttpResponseCodec.decode(W3CHttpResponseCodec.java:138)
	at org.openqa.selenium.remote.codec.w3c.W3CHttpResponseCodec.decode(W3CHttpResponseCodec.java:50)
	at org.openqa.selenium.remote.HttpCommandExecutor.execute(HttpCommandExecutor.java:190)
	at org.openqa.selenium.remote.service.DriverCommandExecutor.invokeExecute(DriverCommandExecutor.java:216)
	at org.openqa.selenium.remote.service.DriverCommandExecutor.execute(DriverCommandExecutor.java:174)
	at org.openqa.selenium.remote.RemoteWebDriver.execute(RemoteWebDriver.java:545)
	at org.openqa.selenium.remote.ElementLocation$ElementFinder$2.findElement(ElementLocation.java:165)
	at org.openqa.selenium.remote.ElementLocation.findElement(ElementLocation.java:59)
	at org.openqa.selenium.remote.RemoteWebDriver.findElement(RemoteWebDriver.java:368)
	at org.openqa.selenium.remote.RemoteWebDriver.findElement(RemoteWebDriver.java:362)
	at org.openqa.selenium.support.pagefactory.DefaultElementLocator.findElement(DefaultElementLocator.java:68)
	at org.openqa.selenium.support.pagefactory.internal.LocatingElementHandler.invoke(LocatingElementHandler.java:38)
	at jdk.proxy2/jdk.proxy2.$Proxy14.click(Unknown Source)
	at lt.insoft.uztis.pages.ApplicationFormsPage.clickMenuApplicationProcessing(ApplicationFormsPage.java:171)
	at lt.insoft.uztis.pages.ApplicationFormsPage.openMenuApplicationProcessing(ApplicationFormsPage.java:150)
	at lt.insoft.uztis.tests.ApplicationFormsPageTest.navigateToApplicationFormsMenu(ApplicationFormsPageTest.java:32)
	at lt.insoft.uztis.tests.ApplicationFormsPageTest.testCreateNewVuiApplication(ApplicationFormsPageTest.java:98)
	at java.base/jdk.internal.reflect.DirectMethodHandleAccessor.invoke(DirectMethodHandleAccessor.java:103)
	at java.base/java.lang.reflect.Method.invoke(Method.java:580)
	at org.junit.platform.commons.util.ReflectionUtils.invokeMethod(ReflectionUtils.java:728)
	at org.junit.jupiter.engine.execution.MethodInvocation.proceed(MethodInvocation.java:60)
	at org.junit.jupiter.engine.execution.InvocationInterceptorChain$ValidatingInvocation.proceed(InvocationInterceptorChain.java:131)
	at org.junit.jupiter.engine.extension.TimeoutExtension.intercept(TimeoutExtension.java:156)
	at org.junit.jupiter.engine.extension.TimeoutExtension.interceptTestableMethod(TimeoutExtension.java:147)
	at org.junit.jupiter.engine.extension.TimeoutExtension.interceptTestMethod(TimeoutExtension.java:86)
	at org.junit.jupiter.engine.execution.InterceptingExecutableInvoker$ReflectiveInterceptorCall.lambda$ofVoidMethod$0(InterceptingExecutableInvoker.java:103)
	at org.junit.jupiter.engine.execution.InterceptingExecutableInvoker.lambda$invoke$0(InterceptingExecutableInvoker.java:93)
	at org.junit.jupiter.engine.execution.InvocationInterceptorChain$InterceptedInvocation.proceed(InvocationInterceptorChain.java:106)
	at org.junit.jupiter.engine.execution.InvocationInterceptorChain.proceed(InvocationInterceptorChain.java:64)
	at org.junit.jupiter.engine.execution.InvocationInterceptorChain.chainAndInvoke(InvocationInterceptorChain.java:45)
	at org.junit.jupiter.engine.execution.InvocationInterceptorChain.invoke(InvocationInterceptorChain.java:37)
	at org.junit.jupiter.engine.execution.InterceptingExecutableInvoker.invoke(InterceptingExecutableInvoker.java:92)
	at org.junit.jupiter.engine.execution.InterceptingExecutableInvoker.invoke(InterceptingExecutableInvoker.java:86)
	at org.junit.jupiter.engine.descriptor.TestMethodTestDescriptor.lambda$invokeTestMethod$7(TestMethodTestDescriptor.java:218)
	at org.junit.platform.engine.support.hierarchical.ThrowableCollector.execute(ThrowableCollector.java:73)
	at org.junit.jupiter.engine.descriptor.TestMethodTestDescriptor.invokeTestMethod(TestMethodTestDescriptor.java:214)
	at org.junit.jupiter.engine.descriptor.TestMethodTestDescriptor.execute(TestMethodTestDescriptor.java:139)
	at org.junit.jupiter.engine.descriptor.TestMethodTestDescriptor.execute(TestMethodTestDescriptor.java:69)
	at org.junit.platform.engine.support.hierarchical.NodeTestTask.lambda$executeRecursively$6(NodeTestTask.java:151)
	at org.junit.platform.engine.support.hierarchical.ThrowableCollector.execute(ThrowableCollector.java:73)
	at org.junit.platform.engine.support.hierarchical.NodeTestTask.lambda$executeRecursively$8(NodeTestTask.java:141)
	at org.junit.platform.engine.support.hierarchical.Node.around(Node.java:137)
	at org.junit.platform.engine.support.hierarchical.NodeTestTask.lambda$executeRecursively$9(NodeTestTask.java:139)
	at org.junit.platform.engine.support.hierarchical.ThrowableCollector.execute(ThrowableCollector.java:73)
	at org.junit.platform.engine.support.hierarchical.NodeTestTask.executeRecursively(NodeTestTask.java:138)
	at org.junit.platform.engine.support.hierarchical.NodeTestTask.execute(NodeTestTask.java:95)
	at java.base/java.util.ArrayList.forEach(ArrayList.java:1596)
	at org.junit.platform.engine.support.hierarchical.SameThreadHierarchicalTestExecutorService.invokeAll(SameThreadHierarchicalTestExecutorService.java:41)
	at org.junit.platform.engine.support.hierarchical.NodeTestTask.lambda$executeRecursively$6(NodeTestTask.java:155)
	at org.junit.platform.engine.support.hierarchical.ThrowableCollector.execute(ThrowableCollector.java:73)
	at org.junit.platform.engine.support.hierarchical.NodeTestTask.lambda$executeRecursively$8(NodeTestTask.java:141)
	at org.junit.platform.engine.support.hierarchical.Node.around(Node.java:137)
	at org.junit.platform.engine.support.hierarchical.NodeTestTask.lambda$executeRecursively$9(NodeTestTask.java:139)
	at org.junit.platform.engine.support.hierarchical.ThrowableCollector.execute(ThrowableCollector.java:73)
	at org.junit.platform.engine.support.hierarchical.NodeTestTask.executeRecursively(NodeTestTask.java:138)
	at org.junit.platform.engine.support.hierarchical.NodeTestTask.execute(NodeTestTask.java:95)
	at java.base/java.util.ArrayList.forEach(ArrayList.java:1596)
	at org.junit.platform.engine.support.hierarchical.SameThreadHierarchicalTestExecutorService.invokeAll(SameThreadHierarchicalTestExecutorService.java:41)
	at org.junit.platform.engine.support.hierarchical.NodeTestTask.lambda$executeRecursively$6(NodeTestTask.java:155)
	at org.junit.platform.engine.support.hierarchical.ThrowableCollector.execute(ThrowableCollector.java:73)
	at org.junit.platform.engine.support.hierarchical.NodeTestTask.lambda$executeRecursively$8(NodeTestTask.java:141)
	at org.junit.platform.engine.support.hierarchical.Node.around(Node.java:137)
	at org.junit.platform.engine.support.hierarchical.NodeTestTask.lambda$executeRecursively$9(NodeTestTask.java:139)
	at org.junit.platform.engine.support.hierarchical.ThrowableCollector.execute(ThrowableCollector.java:73)
	at org.junit.platform.engine.support.hierarchical.NodeTestTask.executeRecursively(NodeTestTask.java:138)
	at org.junit.platform.engine.support.hierarchical.NodeTestTask.execute(NodeTestTask.java:95)
	at org.junit.platform.engine.support.hierarchical.SameThreadHierarchicalTestExecutorService.submit(SameThreadHierarchicalTestExecutorService.java:35)
	at org.junit.platform.engine.support.hierarchical.HierarchicalTestExecutor.execute(HierarchicalTestExecutor.java:57)
	at org.junit.platform.engine.support.hierarchical.HierarchicalTestEngine.execute(HierarchicalTestEngine.java:54)
	at org.junit.platform.launcher.core.EngineExecutionOrchestrator.execute(EngineExecutionOrchestrator.java:198)
	at org.junit.platform.launcher.core.EngineExecutionOrchestrator.execute(EngineExecutionOrchestrator.java:169)
	at org.junit.platform.launcher.core.EngineExecutionOrchestrator.execute(EngineExecutionOrchestrator.java:93)
	at org.junit.platform.launcher.core.EngineExecutionOrchestrator.lambda$execute$0(EngineExecutionOrchestrator.java:58)
	at org.junit.platform.launcher.core.EngineExecutionOrchestrator.withInterceptedStreams(EngineExecutionOrchestrator.java:141)
	at org.junit.platform.launcher.core.EngineExecutionOrchestrator.execute(EngineExecutionOrchestrator.java:57)
	at org.junit.platform.launcher.core.DefaultLauncher.execute(DefaultLauncher.java:103)
	at org.junit.platform.launcher.core.DefaultLauncher.execute(DefaultLauncher.java:85)
	at org.junit.platform.launcher.core.DelegatingLauncher.execute(DelegatingLauncher.java:47)
	at org.junit.platform.launcher.core.SessionPerRequestLauncher.execute(SessionPerRequestLauncher.java:63)
	at com.intellij.junit5.JUnit5IdeaTestRunner.startRunnerWithArgs(JUnit5IdeaTestRunner.java:57)
	at com.intellij.rt.junit.IdeaTestRunner$Repeater$1.execute(IdeaTestRunner.java:38)
	at com.intellij.rt.execution.junit.TestsRepeater.repeat(TestsRepeater.java:11)
	at com.intellij.rt.junit.IdeaTestRunner$Repeater.startRunnerWithArgs(IdeaTestRunner.java:35)
	at com.intellij.rt.junit.JUnitStarter.prepareStreamsAndStart(JUnitStarter.java:232)
	at com.intellij.rt.junit.JUnitStarter.main(JUnitStarter.java:55)
2025-01-09 12:52:03 [main] INFO  l.insoft.uztis.tests.utils.TestUtils - Screenshot moved to C:\Users\ingrida.zadorozniene\Desktop\Asm\UZTIS\UZTIS_tests\test-output\screenshots\20250109\125203928_testCreateNewVuiApplication().png
2025-01-09 12:52:05 [main] INFO  lt.insoft.uztis.tests.UztisPageTest - Navigated to https://uztisdev.asseco.lt/home
2025-01-09 12:52:05 [main] INFO  l.i.u.tests.ApplicationFormsPageTest - Setup complete. ApplicationFormsPage initialized.
2025-01-09 12:52:05 [main] INFO  l.i.u.tests.ApplicationFormsPageTest - Starting test:'testEditAndSaveVuiApplication'
2025-01-09 12:52:12 [main] ERROR l.i.uztis.pages.ApplicationFormsPage - MenuApplicationProcessing button is not displayed Unable to find element with locator By.xpath: //mat-expansion-panel[4]/mat-expansion-panel-header[@role='button']
For documentation on this error, please visit: https://www.selenium.dev/documentation/webdriver/troubleshooting/errors#no-such-element-exception
Build info: version: '4.27.0', revision: 'd6e718d134'
System info: os.name: 'Windows 11', os.arch: 'amd64', os.version: '10.0', java.version: '21.0.3'
Driver info: driver.version: RemoteWebDriver
2025-01-09 12:52:12 [main] ERROR l.i.u.tests.ApplicationFormsPageTest - Test 'testEditAndSaveVuiApplication' failed with error: MenuApplicationProcessing is not displayed!
java.lang.RuntimeException: MenuApplicationProcessing is not displayed!
	at lt.insoft.uztis.pages.ApplicationFormsPage.openMenuApplicationProcessing(ApplicationFormsPage.java:152)
	at lt.insoft.uztis.tests.ApplicationFormsPageTest.navigateToApplicationFormsMenu(ApplicationFormsPageTest.java:32)
	at lt.insoft.uztis.tests.ApplicationFormsPageTest.testEditAndSaveVuiApplication(ApplicationFormsPageTest.java:183)
	at java.base/jdk.internal.reflect.DirectMethodHandleAccessor.invoke(DirectMethodHandleAccessor.java:103)
	at java.base/java.lang.reflect.Method.invoke(Method.java:580)
	at org.junit.platform.commons.util.ReflectionUtils.invokeMethod(ReflectionUtils.java:728)
	at org.junit.jupiter.engine.execution.MethodInvocation.proceed(MethodInvocation.java:60)
	at org.junit.jupiter.engine.execution.InvocationInterceptorChain$ValidatingInvocation.proceed(InvocationInterceptorChain.java:131)
	at org.junit.jupiter.engine.extension.TimeoutExtension.intercept(TimeoutExtension.java:156)
	at org.junit.jupiter.engine.extension.TimeoutExtension.interceptTestableMethod(TimeoutExtension.java:147)
	at org.junit.jupiter.engine.extension.TimeoutExtension.interceptTestMethod(TimeoutExtension.java:86)
	at org.junit.jupiter.engine.execution.InterceptingExecutableInvoker$ReflectiveInterceptorCall.lambda$ofVoidMethod$0(InterceptingExecutableInvoker.java:103)
	at org.junit.jupiter.engine.execution.InterceptingExecutableInvoker.lambda$invoke$0(InterceptingExecutableInvoker.java:93)
	at org.junit.jupiter.engine.execution.InvocationInterceptorChain$InterceptedInvocation.proceed(InvocationInterceptorChain.java:106)
	at org.junit.jupiter.engine.execution.InvocationInterceptorChain.proceed(InvocationInterceptorChain.java:64)
	at org.junit.jupiter.engine.execution.InvocationInterceptorChain.chainAndInvoke(InvocationInterceptorChain.java:45)
	at org.junit.jupiter.engine.execution.InvocationInterceptorChain.invoke(InvocationInterceptorChain.java:37)
	at org.junit.jupiter.engine.execution.InterceptingExecutableInvoker.invoke(InterceptingExecutableInvoker.java:92)
	at org.junit.jupiter.engine.execution.InterceptingExecutableInvoker.invoke(InterceptingExecutableInvoker.java:86)
	at org.junit.jupiter.engine.descriptor.TestMethodTestDescriptor.lambda$invokeTestMethod$7(TestMethodTestDescriptor.java:218)
	at org.junit.platform.engine.support.hierarchical.ThrowableCollector.execute(ThrowableCollector.java:73)
	at org.junit.jupiter.engine.descriptor.TestMethodTestDescriptor.invokeTestMethod(TestMethodTestDescriptor.java:214)
	at org.junit.jupiter.engine.descriptor.TestMethodTestDescriptor.execute(TestMethodTestDescriptor.java:139)
	at org.junit.jupiter.engine.descriptor.TestMethodTestDescriptor.execute(TestMethodTestDescriptor.java:69)
	at org.junit.platform.engine.support.hierarchical.NodeTestTask.lambda$executeRecursively$6(NodeTestTask.java:151)
	at org.junit.platform.engine.support.hierarchical.ThrowableCollector.execute(ThrowableCollector.java:73)
	at org.junit.platform.engine.support.hierarchical.NodeTestTask.lambda$executeRecursively$8(NodeTestTask.java:141)
	at org.junit.platform.engine.support.hierarchical.Node.around(Node.java:137)
	at org.junit.platform.engine.support.hierarchical.NodeTestTask.lambda$executeRecursively$9(NodeTestTask.java:139)
	at org.junit.platform.engine.support.hierarchical.ThrowableCollector.execute(ThrowableCollector.java:73)
	at org.junit.platform.engine.support.hierarchical.NodeTestTask.executeRecursively(NodeTestTask.java:138)
	at org.junit.platform.engine.support.hierarchical.NodeTestTask.execute(NodeTestTask.java:95)
	at java.base/java.util.ArrayList.forEach(ArrayList.java:1596)
	at org.junit.platform.engine.support.hierarchical.SameThreadHierarchicalTestExecutorService.invokeAll(SameThreadHierarchicalTestExecutorService.java:41)
	at org.junit.platform.engine.support.hierarchical.NodeTestTask.lambda$executeRecursively$6(NodeTestTask.java:155)
	at org.junit.platform.engine.support.hierarchical.ThrowableCollector.execute(ThrowableCollector.java:73)
	at org.junit.platform.engine.support.hierarchical.NodeTestTask.lambda$executeRecursively$8(NodeTestTask.java:141)
	at org.junit.platform.engine.support.hierarchical.Node.around(Node.java:137)
	at org.junit.platform.engine.support.hierarchical.NodeTestTask.lambda$executeRecursively$9(NodeTestTask.java:139)
	at org.junit.platform.engine.support.hierarchical.ThrowableCollector.execute(ThrowableCollector.java:73)
	at org.junit.platform.engine.support.hierarchical.NodeTestTask.executeRecursively(NodeTestTask.java:138)
	at org.junit.platform.engine.support.hierarchical.NodeTestTask.execute(NodeTestTask.java:95)
	at java.base/java.util.ArrayList.forEach(ArrayList.java:1596)
	at org.junit.platform.engine.support.hierarchical.SameThreadHierarchicalTestExecutorService.invokeAll(SameThreadHierarchicalTestExecutorService.java:41)
	at org.junit.platform.engine.support.hierarchical.NodeTestTask.lambda$executeRecursively$6(NodeTestTask.java:155)
	at org.junit.platform.engine.support.hierarchical.ThrowableCollector.execute(ThrowableCollector.java:73)
	at org.junit.platform.engine.support.hierarchical.NodeTestTask.lambda$executeRecursively$8(NodeTestTask.java:141)
	at org.junit.platform.engine.support.hierarchical.Node.around(Node.java:137)
	at org.junit.platform.engine.support.hierarchical.NodeTestTask.lambda$executeRecursively$9(NodeTestTask.java:139)
	at org.junit.platform.engine.support.hierarchical.ThrowableCollector.execute(ThrowableCollector.java:73)
	at org.junit.platform.engine.support.hierarchical.NodeTestTask.executeRecursively(NodeTestTask.java:138)
	at org.junit.platform.engine.support.hierarchical.NodeTestTask.execute(NodeTestTask.java:95)
	at org.junit.platform.engine.support.hierarchical.SameThreadHierarchicalTestExecutorService.submit(SameThreadHierarchicalTestExecutorService.java:35)
	at org.junit.platform.engine.support.hierarchical.HierarchicalTestExecutor.execute(HierarchicalTestExecutor.java:57)
	at org.junit.platform.engine.support.hierarchical.HierarchicalTestEngine.execute(HierarchicalTestEngine.java:54)
	at org.junit.platform.launcher.core.EngineExecutionOrchestrator.execute(EngineExecutionOrchestrator.java:198)
	at org.junit.platform.launcher.core.EngineExecutionOrchestrator.execute(EngineExecutionOrchestrator.java:169)
	at org.junit.platform.launcher.core.EngineExecutionOrchestrator.execute(EngineExecutionOrchestrator.java:93)
	at org.junit.platform.launcher.core.EngineExecutionOrchestrator.lambda$execute$0(EngineExecutionOrchestrator.java:58)
	at org.junit.platform.launcher.core.EngineExecutionOrchestrator.withInterceptedStreams(EngineExecutionOrchestrator.java:141)
	at org.junit.platform.launcher.core.EngineExecutionOrchestrator.execute(EngineExecutionOrchestrator.java:57)
	at org.junit.platform.launcher.core.DefaultLauncher.execute(DefaultLauncher.java:103)
	at org.junit.platform.launcher.core.DefaultLauncher.execute(DefaultLauncher.java:85)
	at org.junit.platform.launcher.core.DelegatingLauncher.execute(DelegatingLauncher.java:47)
	at org.junit.platform.launcher.core.SessionPerRequestLauncher.execute(SessionPerRequestLauncher.java:63)
	at com.intellij.junit5.JUnit5IdeaTestRunner.startRunnerWithArgs(JUnit5IdeaTestRunner.java:57)
	at com.intellij.rt.junit.IdeaTestRunner$Repeater$1.execute(IdeaTestRunner.java:38)
	at com.intellij.rt.execution.junit.TestsRepeater.repeat(TestsRepeater.java:11)
	at com.intellij.rt.junit.IdeaTestRunner$Repeater.startRunnerWithArgs(IdeaTestRunner.java:35)
	at com.intellij.rt.junit.JUnitStarter.prepareStreamsAndStart(JUnitStarter.java:232)
	at com.intellij.rt.junit.JUnitStarter.main(JUnitStarter.java:55)
2025-01-09 12:52:14 [main] INFO  lt.insoft.uztis.tests.UztisPageTest - Navigated to https://uztisdev.asseco.lt/home
2025-01-09 12:52:14 [main] INFO  l.i.u.tests.ApplicationFormsPageTest - Setup complete. ApplicationFormsPage initialized.
2025-01-09 12:52:14 [main] INFO  l.i.u.tests.ApplicationFormsPageTest - Starting test:'testNavigateToAndReviewApplicationFormsPageTest'
2025-01-09 12:52:14 [main] DEBUG l.i.u.tests.ApplicationFormsPageTest - Entered Username: test
2025-01-09 12:52:15 [main] DEBUG l.i.u.tests.ApplicationFormsPageTest - Entered Password: test
2025-01-09 12:52:15 [main] DEBUG l.i.u.tests.ApplicationFormsPageTest - Opened 'Application Processing' menu.
2025-01-09 12:52:15 [main] DEBUG l.i.u.tests.ApplicationFormsPageTest - Clicked on 'Application Forms' menu.
2025-01-09 12:52:15 [main] DEBUG l.i.u.tests.ApplicationFormsPageTest - Fetched label text: Paraiškų formos
2025-01-09 12:52:15 [main] INFO  l.i.u.tests.ApplicationFormsPageTest - Verified that the label text matches the expected value.
2025-01-09 12:52:16 [main] DEBUG l.i.u.tests.ApplicationFormsPageTest - Selected the last application description.
2025-01-09 12:52:16 [main] INFO  l.i.u.tests.ApplicationFormsPageTest - Verified that the 'Edit' button is displayed.
2025-01-09 12:52:16 [main] INFO  l.i.u.tests.ApplicationFormsPageTest - Test 'testNavigateToAndReviewApplicationFormsPageTest' completed successfully.
2025-01-09 12:52:17 [main] INFO  lt.insoft.uztis.tests.UztisPageTest - Navigated to https://uztisdev.asseco.lt/home
2025-01-09 12:52:17 [main] INFO  l.i.u.tests.ApplicationFormsPageTest - Setup complete. ApplicationFormsPage initialized.
2025-01-09 12:52:17 [main] INFO  l.i.u.tests.ApplicationFormsPageTest - Starting test:'testCreateNewDvpApplication'
2025-01-09 12:52:28 [main] ERROR l.i.uztis.pages.ApplicationFormsPage - MenuApplicationProcessing button is not displayed no such element: Unable to locate element: {"method":"xpath","selector":"//mat-expansion-panel[4]/mat-expansion-panel-header[@role='button']"}
  (Session info: chrome=131.0.6778.206)
For documentation on this error, please visit: https://www.selenium.dev/documentation/webdriver/troubleshooting/errors#no-such-element-exception
Build info: version: '4.27.0', revision: 'd6e718d134'
System info: os.name: 'Windows 11', os.arch: 'amd64', os.version: '10.0', java.version: '21.0.3'
Driver info: org.openqa.selenium.chrome.ChromeDriver
Command: [39e556e6e59483761d4b1f52aff90666, findElement {using=xpath, value=//mat-expansion-panel[4]/mat-expansion-panel-header[@role='button']}]
Capabilities {acceptInsecureCerts: false, browserName: chrome, browserVersion: 131.0.6778.206, chrome: {chromedriverVersion: 131.0.6778.264 (2d05e315153..., userDataDir: C:\Users\INGRID~1.ZAD\AppDa...}, fedcm:accounts: true, goog:chromeOptions: {debuggerAddress: localhost:52026}, networkConnectionEnabled: false, pageLoadStrategy: normal, platformName: windows, proxy: Proxy(), se:cdp: ws://localhost:52026/devtoo..., se:cdpVersion: 131.0.6778.206, setWindowRect: true, strictFileInteractability: false, timeouts: {implicit: 0, pageLoad: 300000, script: 30000}, unhandledPromptBehavior: dismiss and notify, webauthn:extension:credBlob: true, webauthn:extension:largeBlob: true, webauthn:extension:minPinLength: true, webauthn:extension:prf: true, webauthn:virtualAuthenticators: true}
Session ID: 39e556e6e59483761d4b1f52aff90666
2025-01-09 12:52:28 [main] ERROR l.i.u.tests.ApplicationFormsPageTest - Test 'testCreateNewDvpApplication' failed with error: MenuApplicationProcessing is not displayed!
java.lang.RuntimeException: MenuApplicationProcessing is not displayed!
	at lt.insoft.uztis.pages.ApplicationFormsPage.openMenuApplicationProcessing(ApplicationFormsPage.java:152)
	at lt.insoft.uztis.tests.ApplicationFormsPageTest.navigateToApplicationFormsMenu(ApplicationFormsPageTest.java:32)
	at lt.insoft.uztis.tests.ApplicationFormsPageTest.testCreateNewDvpApplication(ApplicationFormsPageTest.java:232)
	at java.base/jdk.internal.reflect.DirectMethodHandleAccessor.invoke(DirectMethodHandleAccessor.java:103)
	at java.base/java.lang.reflect.Method.invoke(Method.java:580)
	at org.junit.platform.commons.util.ReflectionUtils.invokeMethod(ReflectionUtils.java:728)
	at org.junit.jupiter.engine.execution.MethodInvocation.proceed(MethodInvocation.java:60)
	at org.junit.jupiter.engine.execution.InvocationInterceptorChain$ValidatingInvocation.proceed(InvocationInterceptorChain.java:131)
	at org.junit.jupiter.engine.extension.TimeoutExtension.intercept(TimeoutExtension.java:156)
	at org.junit.jupiter.engine.extension.TimeoutExtension.interceptTestableMethod(TimeoutExtension.java:147)
	at org.junit.jupiter.engine.extension.TimeoutExtension.interceptTestMethod(TimeoutExtension.java:86)
	at org.junit.jupiter.engine.execution.InterceptingExecutableInvoker$ReflectiveInterceptorCall.lambda$ofVoidMethod$0(InterceptingExecutableInvoker.java:103)
	at org.junit.jupiter.engine.execution.InterceptingExecutableInvoker.lambda$invoke$0(InterceptingExecutableInvoker.java:93)
	at org.junit.jupiter.engine.execution.InvocationInterceptorChain$InterceptedInvocation.proceed(InvocationInterceptorChain.java:106)
	at org.junit.jupiter.engine.execution.InvocationInterceptorChain.proceed(InvocationInterceptorChain.java:64)
	at org.junit.jupiter.engine.execution.InvocationInterceptorChain.chainAndInvoke(InvocationInterceptorChain.java:45)
	at org.junit.jupiter.engine.execution.InvocationInterceptorChain.invoke(InvocationInterceptorChain.java:37)
	at org.junit.jupiter.engine.execution.InterceptingExecutableInvoker.invoke(InterceptingExecutableInvoker.java:92)
	at org.junit.jupiter.engine.execution.InterceptingExecutableInvoker.invoke(InterceptingExecutableInvoker.java:86)
	at org.junit.jupiter.engine.descriptor.TestMethodTestDescriptor.lambda$invokeTestMethod$7(TestMethodTestDescriptor.java:218)
	at org.junit.platform.engine.support.hierarchical.ThrowableCollector.execute(ThrowableCollector.java:73)
	at org.junit.jupiter.engine.descriptor.TestMethodTestDescriptor.invokeTestMethod(TestMethodTestDescriptor.java:214)
	at org.junit.jupiter.engine.descriptor.TestMethodTestDescriptor.execute(TestMethodTestDescriptor.java:139)
	at org.junit.jupiter.engine.descriptor.TestMethodTestDescriptor.execute(TestMethodTestDescriptor.java:69)
	at org.junit.platform.engine.support.hierarchical.NodeTestTask.lambda$executeRecursively$6(NodeTestTask.java:151)
	at org.junit.platform.engine.support.hierarchical.ThrowableCollector.execute(ThrowableCollector.java:73)
	at org.junit.platform.engine.support.hierarchical.NodeTestTask.lambda$executeRecursively$8(NodeTestTask.java:141)
	at org.junit.platform.engine.support.hierarchical.Node.around(Node.java:137)
	at org.junit.platform.engine.support.hierarchical.NodeTestTask.lambda$executeRecursively$9(NodeTestTask.java:139)
	at org.junit.platform.engine.support.hierarchical.ThrowableCollector.execute(ThrowableCollector.java:73)
	at org.junit.platform.engine.support.hierarchical.NodeTestTask.executeRecursively(NodeTestTask.java:138)
	at org.junit.platform.engine.support.hierarchical.NodeTestTask.execute(NodeTestTask.java:95)
	at java.base/java.util.ArrayList.forEach(ArrayList.java:1596)
	at org.junit.platform.engine.support.hierarchical.SameThreadHierarchicalTestExecutorService.invokeAll(SameThreadHierarchicalTestExecutorService.java:41)
	at org.junit.platform.engine.support.hierarchical.NodeTestTask.lambda$executeRecursively$6(NodeTestTask.java:155)
	at org.junit.platform.engine.support.hierarchical.ThrowableCollector.execute(ThrowableCollector.java:73)
	at org.junit.platform.engine.support.hierarchical.NodeTestTask.lambda$executeRecursively$8(NodeTestTask.java:141)
	at org.junit.platform.engine.support.hierarchical.Node.around(Node.java:137)
	at org.junit.platform.engine.support.hierarchical.NodeTestTask.lambda$executeRecursively$9(NodeTestTask.java:139)
	at org.junit.platform.engine.support.hierarchical.ThrowableCollector.execute(ThrowableCollector.java:73)
	at org.junit.platform.engine.support.hierarchical.NodeTestTask.executeRecursively(NodeTestTask.java:138)
	at org.junit.platform.engine.support.hierarchical.NodeTestTask.execute(NodeTestTask.java:95)
	at java.base/java.util.ArrayList.forEach(ArrayList.java:1596)
	at org.junit.platform.engine.support.hierarchical.SameThreadHierarchicalTestExecutorService.invokeAll(SameThreadHierarchicalTestExecutorService.java:41)
	at org.junit.platform.engine.support.hierarchical.NodeTestTask.lambda$executeRecursively$6(NodeTestTask.java:155)
	at org.junit.platform.engine.support.hierarchical.ThrowableCollector.execute(ThrowableCollector.java:73)
	at org.junit.platform.engine.support.hierarchical.NodeTestTask.lambda$executeRecursively$8(NodeTestTask.java:141)
	at org.junit.platform.engine.support.hierarchical.Node.around(Node.java:137)
	at org.junit.platform.engine.support.hierarchical.NodeTestTask.lambda$executeRecursively$9(NodeTestTask.java:139)
	at org.junit.platform.engine.support.hierarchical.ThrowableCollector.execute(ThrowableCollector.java:73)
	at org.junit.platform.engine.support.hierarchical.NodeTestTask.executeRecursively(NodeTestTask.java:138)
	at org.junit.platform.engine.support.hierarchical.NodeTestTask.execute(NodeTestTask.java:95)
	at org.junit.platform.engine.support.hierarchical.SameThreadHierarchicalTestExecutorService.submit(SameThreadHierarchicalTestExecutorService.java:35)
	at org.junit.platform.engine.support.hierarchical.HierarchicalTestExecutor.execute(HierarchicalTestExecutor.java:57)
	at org.junit.platform.engine.support.hierarchical.HierarchicalTestEngine.execute(HierarchicalTestEngine.java:54)
	at org.junit.platform.launcher.core.EngineExecutionOrchestrator.execute(EngineExecutionOrchestrator.java:198)
	at org.junit.platform.launcher.core.EngineExecutionOrchestrator.execute(EngineExecutionOrchestrator.java:169)
	at org.junit.platform.launcher.core.EngineExecutionOrchestrator.execute(EngineExecutionOrchestrator.java:93)
	at org.junit.platform.launcher.core.EngineExecutionOrchestrator.lambda$execute$0(EngineExecutionOrchestrator.java:58)
	at org.junit.platform.launcher.core.EngineExecutionOrchestrator.withInterceptedStreams(EngineExecutionOrchestrator.java:141)
	at org.junit.platform.launcher.core.EngineExecutionOrchestrator.execute(EngineExecutionOrchestrator.java:57)
	at org.junit.platform.launcher.core.DefaultLauncher.execute(DefaultLauncher.java:103)
	at org.junit.platform.launcher.core.DefaultLauncher.execute(DefaultLauncher.java:85)
	at org.junit.platform.launcher.core.DelegatingLauncher.execute(DelegatingLauncher.java:47)
	at org.junit.platform.launcher.core.SessionPerRequestLauncher.execute(SessionPerRequestLauncher.java:63)
	at com.intellij.junit5.JUnit5IdeaTestRunner.startRunnerWithArgs(JUnit5IdeaTestRunner.java:57)
	at com.intellij.rt.junit.IdeaTestRunner$Repeater$1.execute(IdeaTestRunner.java:38)
	at com.intellij.rt.execution.junit.TestsRepeater.repeat(TestsRepeater.java:11)
	at com.intellij.rt.junit.IdeaTestRunner$Repeater.startRunnerWithArgs(IdeaTestRunner.java:35)
	at com.intellij.rt.junit.JUnitStarter.prepareStreamsAndStart(JUnitStarter.java:232)
	at com.intellij.rt.junit.JUnitStarter.main(JUnitStarter.java:55)
2025-01-09 12:52:28 [main] INFO  l.insoft.uztis.tests.utils.TestUtils - Screenshot moved to C:\Users\ingrida.zadorozniene\Desktop\Asm\UZTIS\UZTIS_tests\test-output\screenshots\20250109\125228478_testCreateNewDvpApplication().png
2025-01-09 12:53:16 [main] INFO  lt.insoft.uztis.tests.UztisPageTest - Navigated to https://uztisdev.asseco.lt/home
2025-01-09 12:53:16 [main] INFO  l.i.u.tests.ApplicationFormsPageTest - Setup complete. ApplicationFormsPage initialized.
2025-01-09 12:53:16 [main] INFO  l.i.u.tests.ApplicationFormsPageTest - Starting test:'testNavigateToAndReviewApplicationFormsPageTest'
2025-01-09 12:53:16 [main] DEBUG l.i.u.tests.ApplicationFormsPageTest - Entered Username: test
2025-01-09 12:53:17 [main] DEBUG l.i.u.tests.ApplicationFormsPageTest - Entered Password: test
2025-01-09 12:53:17 [main] DEBUG l.i.u.tests.ApplicationFormsPageTest - Opened 'Application Processing' menu.
2025-01-09 12:53:17 [main] DEBUG l.i.u.tests.ApplicationFormsPageTest - Clicked on 'Application Forms' menu.
2025-01-09 12:53:17 [main] DEBUG l.i.u.tests.ApplicationFormsPageTest - Fetched label text: Paraiškų formos
2025-01-09 12:53:17 [main] INFO  l.i.u.tests.ApplicationFormsPageTest - Verified that the label text matches the expected value.
2025-01-09 12:53:18 [main] DEBUG l.i.u.tests.ApplicationFormsPageTest - Selected the last application description.
2025-01-09 12:53:18 [main] INFO  l.i.u.tests.ApplicationFormsPageTest - Verified that the 'Edit' button is displayed.
2025-01-09 12:53:18 [main] INFO  l.i.u.tests.ApplicationFormsPageTest - Test 'testNavigateToAndReviewApplicationFormsPageTest' completed successfully.
2025-01-09 12:53:29 [main] INFO  lt.insoft.uztis.tests.UztisPageTest - Navigated to https://uztisdev.asseco.lt/home
2025-01-09 12:53:29 [main] INFO  l.i.u.tests.ApplicationFormsPageTest - Setup complete. ApplicationFormsPage initialized.
2025-01-09 12:53:29 [main] INFO  l.i.u.tests.ApplicationFormsPageTest - Starting test:'testCreateNewVuiApplication'
2025-01-09 12:53:35 [main] ERROR l.i.uztis.pages.ApplicationFormsPage - MenuApplicationProcessing button is not displayed Unable to find element with locator By.xpath: //mat-expansion-panel[4]/mat-expansion-panel-header[@role='button']
For documentation on this error, please visit: https://www.selenium.dev/documentation/webdriver/troubleshooting/errors#no-such-element-exception
Build info: version: '4.27.0', revision: 'd6e718d134'
System info: os.name: 'Windows 11', os.arch: 'amd64', os.version: '10.0', java.version: '21.0.3'
Driver info: driver.version: RemoteWebDriver
2025-01-09 12:53:35 [main] ERROR l.i.u.tests.ApplicationFormsPageTest - Test 'testCreateNewVuiApplication' failed with error: MenuApplicationProcessing is not displayed!
java.lang.RuntimeException: MenuApplicationProcessing is not displayed!
	at lt.insoft.uztis.pages.ApplicationFormsPage.openMenuApplicationProcessing(ApplicationFormsPage.java:152)
	at lt.insoft.uztis.tests.ApplicationFormsPageTest.navigateToApplicationFormsMenu(ApplicationFormsPageTest.java:32)
	at lt.insoft.uztis.tests.ApplicationFormsPageTest.testCreateNewVuiApplication(ApplicationFormsPageTest.java:99)
	at java.base/jdk.internal.reflect.DirectMethodHandleAccessor.invoke(DirectMethodHandleAccessor.java:103)
	at java.base/java.lang.reflect.Method.invoke(Method.java:580)
	at org.junit.platform.commons.util.ReflectionUtils.invokeMethod(ReflectionUtils.java:728)
	at org.junit.jupiter.engine.execution.MethodInvocation.proceed(MethodInvocation.java:60)
	at org.junit.jupiter.engine.execution.InvocationInterceptorChain$ValidatingInvocation.proceed(InvocationInterceptorChain.java:131)
	at org.junit.jupiter.engine.extension.TimeoutExtension.intercept(TimeoutExtension.java:156)
	at org.junit.jupiter.engine.extension.TimeoutExtension.interceptTestableMethod(TimeoutExtension.java:147)
	at org.junit.jupiter.engine.extension.TimeoutExtension.interceptTestMethod(TimeoutExtension.java:86)
	at org.junit.jupiter.engine.execution.InterceptingExecutableInvoker$ReflectiveInterceptorCall.lambda$ofVoidMethod$0(InterceptingExecutableInvoker.java:103)
	at org.junit.jupiter.engine.execution.InterceptingExecutableInvoker.lambda$invoke$0(InterceptingExecutableInvoker.java:93)
	at org.junit.jupiter.engine.execution.InvocationInterceptorChain$InterceptedInvocation.proceed(InvocationInterceptorChain.java:106)
	at org.junit.jupiter.engine.execution.InvocationInterceptorChain.proceed(InvocationInterceptorChain.java:64)
	at org.junit.jupiter.engine.execution.InvocationInterceptorChain.chainAndInvoke(InvocationInterceptorChain.java:45)
	at org.junit.jupiter.engine.execution.InvocationInterceptorChain.invoke(InvocationInterceptorChain.java:37)
	at org.junit.jupiter.engine.execution.InterceptingExecutableInvoker.invoke(InterceptingExecutableInvoker.java:92)
	at org.junit.jupiter.engine.execution.InterceptingExecutableInvoker.invoke(InterceptingExecutableInvoker.java:86)
	at org.junit.jupiter.engine.descriptor.TestMethodTestDescriptor.lambda$invokeTestMethod$7(TestMethodTestDescriptor.java:218)
	at org.junit.platform.engine.support.hierarchical.ThrowableCollector.execute(ThrowableCollector.java:73)
	at org.junit.jupiter.engine.descriptor.TestMethodTestDescriptor.invokeTestMethod(TestMethodTestDescriptor.java:214)
	at org.junit.jupiter.engine.descriptor.TestMethodTestDescriptor.execute(TestMethodTestDescriptor.java:139)
	at org.junit.jupiter.engine.descriptor.TestMethodTestDescriptor.execute(TestMethodTestDescriptor.java:69)
	at org.junit.platform.engine.support.hierarchical.NodeTestTask.lambda$executeRecursively$6(NodeTestTask.java:151)
	at org.junit.platform.engine.support.hierarchical.ThrowableCollector.execute(ThrowableCollector.java:73)
	at org.junit.platform.engine.support.hierarchical.NodeTestTask.lambda$executeRecursively$8(NodeTestTask.java:141)
	at org.junit.platform.engine.support.hierarchical.Node.around(Node.java:137)
	at org.junit.platform.engine.support.hierarchical.NodeTestTask.lambda$executeRecursively$9(NodeTestTask.java:139)
	at org.junit.platform.engine.support.hierarchical.ThrowableCollector.execute(ThrowableCollector.java:73)
	at org.junit.platform.engine.support.hierarchical.NodeTestTask.executeRecursively(NodeTestTask.java:138)
	at org.junit.platform.engine.support.hierarchical.NodeTestTask.execute(NodeTestTask.java:95)
	at java.base/java.util.ArrayList.forEach(ArrayList.java:1596)
	at org.junit.platform.engine.support.hierarchical.SameThreadHierarchicalTestExecutorService.invokeAll(SameThreadHierarchicalTestExecutorService.java:41)
	at org.junit.platform.engine.support.hierarchical.NodeTestTask.lambda$executeRecursively$6(NodeTestTask.java:155)
	at org.junit.platform.engine.support.hierarchical.ThrowableCollector.execute(ThrowableCollector.java:73)
	at org.junit.platform.engine.support.hierarchical.NodeTestTask.lambda$executeRecursively$8(NodeTestTask.java:141)
	at org.junit.platform.engine.support.hierarchical.Node.around(Node.java:137)
	at org.junit.platform.engine.support.hierarchical.NodeTestTask.lambda$executeRecursively$9(NodeTestTask.java:139)
	at org.junit.platform.engine.support.hierarchical.ThrowableCollector.execute(ThrowableCollector.java:73)
	at org.junit.platform.engine.support.hierarchical.NodeTestTask.executeRecursively(NodeTestTask.java:138)
	at org.junit.platform.engine.support.hierarchical.NodeTestTask.execute(NodeTestTask.java:95)
	at java.base/java.util.ArrayList.forEach(ArrayList.java:1596)
	at org.junit.platform.engine.support.hierarchical.SameThreadHierarchicalTestExecutorService.invokeAll(SameThreadHierarchicalTestExecutorService.java:41)
	at org.junit.platform.engine.support.hierarchical.NodeTestTask.lambda$executeRecursively$6(NodeTestTask.java:155)
	at org.junit.platform.engine.support.hierarchical.ThrowableCollector.execute(ThrowableCollector.java:73)
	at org.junit.platform.engine.support.hierarchical.NodeTestTask.lambda$executeRecursively$8(NodeTestTask.java:141)
	at org.junit.platform.engine.support.hierarchical.Node.around(Node.java:137)
	at org.junit.platform.engine.support.hierarchical.NodeTestTask.lambda$executeRecursively$9(NodeTestTask.java:139)
	at org.junit.platform.engine.support.hierarchical.ThrowableCollector.execute(ThrowableCollector.java:73)
	at org.junit.platform.engine.support.hierarchical.NodeTestTask.executeRecursively(NodeTestTask.java:138)
	at org.junit.platform.engine.support.hierarchical.NodeTestTask.execute(NodeTestTask.java:95)
	at org.junit.platform.engine.support.hierarchical.SameThreadHierarchicalTestExecutorService.submit(SameThreadHierarchicalTestExecutorService.java:35)
	at org.junit.platform.engine.support.hierarchical.HierarchicalTestExecutor.execute(HierarchicalTestExecutor.java:57)
	at org.junit.platform.engine.support.hierarchical.HierarchicalTestEngine.execute(HierarchicalTestEngine.java:54)
	at org.junit.platform.launcher.core.EngineExecutionOrchestrator.execute(EngineExecutionOrchestrator.java:198)
	at org.junit.platform.launcher.core.EngineExecutionOrchestrator.execute(EngineExecutionOrchestrator.java:169)
	at org.junit.platform.launcher.core.EngineExecutionOrchestrator.execute(EngineExecutionOrchestrator.java:93)
	at org.junit.platform.launcher.core.EngineExecutionOrchestrator.lambda$execute$0(EngineExecutionOrchestrator.java:58)
	at org.junit.platform.launcher.core.EngineExecutionOrchestrator.withInterceptedStreams(EngineExecutionOrchestrator.java:141)
	at org.junit.platform.launcher.core.EngineExecutionOrchestrator.execute(EngineExecutionOrchestrator.java:57)
	at org.junit.platform.launcher.core.DefaultLauncher.execute(DefaultLauncher.java:103)
	at org.junit.platform.launcher.core.DefaultLauncher.execute(DefaultLauncher.java:85)
	at org.junit.platform.launcher.core.DelegatingLauncher.execute(DelegatingLauncher.java:47)
	at org.junit.platform.launcher.core.SessionPerRequestLauncher.execute(SessionPerRequestLauncher.java:63)
	at com.intellij.junit5.JUnit5IdeaTestRunner.startRunnerWithArgs(JUnit5IdeaTestRunner.java:57)
	at com.intellij.rt.junit.IdeaTestRunner$Repeater$1.execute(IdeaTestRunner.java:38)
	at com.intellij.rt.execution.junit.TestsRepeater.repeat(TestsRepeater.java:11)
	at com.intellij.rt.junit.IdeaTestRunner$Repeater.startRunnerWithArgs(IdeaTestRunner.java:35)
	at com.intellij.rt.junit.JUnitStarter.prepareStreamsAndStart(JUnitStarter.java:232)
	at com.intellij.rt.junit.JUnitStarter.main(JUnitStarter.java:55)
2025-01-09 12:54:56 [main] INFO  lt.insoft.uztis.tests.UztisPageTest - Navigated to https://uztisdev.asseco.lt/home
2025-01-09 12:54:56 [main] INFO  l.i.u.tests.ApplicationFormsPageTest - Setup complete. ApplicationFormsPage initialized.
2025-01-09 12:54:56 [main] INFO  l.i.u.tests.ApplicationFormsPageTest - Starting test:'testCreateNewPvkApplication'
2025-01-09 12:54:56 [main] DEBUG l.i.u.tests.ApplicationFormsPageTest - Entered Username: test
2025-01-09 12:54:56 [main] DEBUG l.i.u.tests.ApplicationFormsPageTest - Entered Password: test
2025-01-09 12:54:57 [main] DEBUG l.i.u.tests.ApplicationFormsPageTest - Opened 'Application Processing' menu.
2025-01-09 12:54:57 [main] DEBUG l.i.u.tests.ApplicationFormsPageTest - Clicked on 'Application Forms' menu.
2025-01-09 12:54:57 [main] DEBUG l.i.u.tests.ApplicationFormsPageTest - Clicked to create a new application form.
2025-01-09 12:54:57 [main] DEBUG l.i.u.tests.ApplicationFormsPageTest - Entered random application code: TST-PVK-55
2025-01-09 12:54:57 [main] DEBUG l.i.u.tests.ApplicationFormsPageTest - Selected 'Municipality' radio button.
2025-01-09 12:54:57 [main] INFO  l.i.uztis.pages.ApplicationFormsPage - Located the dropdown button.
2025-01-09 12:54:58 [main] INFO  l.i.uztis.pages.ApplicationFormsPage - Successfully selected the value: 'Kauno departamentas'
2025-01-09 12:55:08 [main] ERROR l.i.uztis.pages.ApplicationFormsPage - Failed to close the dropdown with aria-expanded = 'false'.
2025-01-09 12:55:08 [main] DEBUG l.i.u.tests.ApplicationFormsPageTest - Selected a value from the 'Municipality' dropdown: 'Kauno departamentas'
2025-01-09 12:55:08 [main] DEBUG l.i.u.tests.ApplicationFormsPageTest - Selected 'Budget by Municipality' option.
2025-01-09 12:55:08 [main] DEBUG l.i.u.tests.ApplicationFormsPageTest - Selected 'Financed By Queue' radio button.
2025-01-09 12:55:09 [main] DEBUG l.i.u.tests.ApplicationFormsPageTest - Clicked 'Add' button.
2025-01-09 12:55:09 [main] INFO  l.i.uztis.pages.ApplicationFormsPage - Located the dropdown button.
2025-01-09 12:55:09 [main] DEBUG l.i.uztis.pages.ApplicationFormsPage - Option text: '', value to select: 'PVK paraiškos vertinimo forma - I etapas'
2025-01-09 12:55:09 [main] DEBUG l.i.uztis.pages.ApplicationFormsPage - Option text: 'PVK paraiškos vertinimo forma - I etapas', value to select: 'PVK paraiškos vertinimo forma - I etapas'
2025-01-09 12:55:09 [main] INFO  l.i.uztis.pages.ApplicationFormsPage - Successfully selected the value: 'PVK paraiškos vertinimo forma - I etapas'
2025-01-09 12:55:09 [main] DEBUG l.i.u.tests.ApplicationFormsPageTest - Selected a value from the 'EvaluationOne' dropdown: 'PVK paraiškos vertinimo forma - I etapas'
2025-01-09 12:55:09 [main] INFO  l.i.uztis.pages.ApplicationFormsPage - Located the dropdown button.
2025-01-09 12:55:09 [main] DEBUG l.i.uztis.pages.ApplicationFormsPage - Option text: 'VUI paraiškos vertinimo forma - II etapas', value to select: 'PVK paraiškos vertinimo forma - II etapas'
2025-01-09 12:55:09 [main] DEBUG l.i.uztis.pages.ApplicationFormsPage - Option text: 'PVK paraiškos vertinimo forma - II etapas', value to select: 'PVK paraiškos vertinimo forma - II etapas'
2025-01-09 12:55:09 [main] INFO  l.i.uztis.pages.ApplicationFormsPage - Successfully selected the value: 'PVK paraiškos vertinimo forma - II etapas'
2025-01-09 12:55:09 [main] DEBUG l.i.u.tests.ApplicationFormsPageTest - Selected a value from the 'EvaluationTwon' dropdown: 'PVK paraiškos vertinimo forma - II etapas'
2025-01-09 12:55:09 [main] INFO  l.i.uztis.pages.ApplicationFormsPage - Located the dropdown button.
2025-01-09 12:55:09 [main] DEBUG l.i.uztis.pages.ApplicationFormsPage - Option text: '', value to select: 'PVK paraiškos vertinimo forma - III etapas'
2025-01-09 12:55:09 [main] DEBUG l.i.uztis.pages.ApplicationFormsPage - Option text: 'PVK paraiškos vertinimo forma - III etapas', value to select: 'PVK paraiškos vertinimo forma - III etapas'
2025-01-09 12:55:09 [main] INFO  l.i.uztis.pages.ApplicationFormsPage - Successfully selected the value: 'PVK paraiškos vertinimo forma - III etapas'
2025-01-09 12:55:09 [main] DEBUG l.i.u.tests.ApplicationFormsPageTest - Selected a value from the 'EvaluationThree' dropdown: 'PVK paraiškos vertinimo forma - III etapas'
2025-01-09 12:55:09 [main] DEBUG l.i.u.tests.ApplicationFormsPageTest - Clicked 'Plus' button.
2025-01-09 12:55:10 [main] DEBUG l.i.u.tests.ApplicationFormsPageTest - Clicked 'Add' button seven times.
2025-01-09 12:55:10 [main] INFO  l.i.uztis.pages.ApplicationFormsPage - Processing dropdown index: 0
2025-01-09 12:55:21 [main] ERROR l.i.uztis.pages.ApplicationFormsPage - Timeout while waiting for dropdown to close at index: 0 with aria-expanded = 'false'
2025-01-09 12:55:21 [main] INFO  l.i.uztis.pages.ApplicationFormsPage - Processing dropdown index: 1
2025-01-09 12:55:31 [main] ERROR l.i.uztis.pages.ApplicationFormsPage - Timeout while waiting for dropdown to close at index: 1 with aria-expanded = 'false'
2025-01-09 12:55:31 [main] INFO  l.i.uztis.pages.ApplicationFormsPage - Processing dropdown index: 2
2025-01-09 12:55:41 [main] ERROR l.i.uztis.pages.ApplicationFormsPage - Timeout while waiting for dropdown to close at index: 2 with aria-expanded = 'false'
2025-01-09 12:55:41 [main] INFO  l.i.uztis.pages.ApplicationFormsPage - Processing dropdown index: 3
2025-01-09 12:55:52 [main] ERROR l.i.uztis.pages.ApplicationFormsPage - Timeout while waiting for dropdown to close at index: 3 with aria-expanded = 'false'
2025-01-09 12:55:52 [main] INFO  l.i.uztis.pages.ApplicationFormsPage - Processing dropdown index: 4
2025-01-09 12:56:04 [main] ERROR l.i.uztis.pages.ApplicationFormsPage - Timeout while waiting for dropdown to close at index: 4 with aria-expanded = 'false'
2025-01-09 12:56:04 [main] INFO  l.i.uztis.pages.ApplicationFormsPage - Processing dropdown index: 5
2025-01-09 12:56:14 [main] ERROR l.i.uztis.pages.ApplicationFormsPage - Timeout while waiting for dropdown to close at index: 5 with aria-expanded = 'false'
2025-01-09 12:56:14 [main] INFO  l.i.uztis.pages.ApplicationFormsPage - Processing dropdown index: 6
2025-01-09 12:56:25 [main] ERROR l.i.uztis.pages.ApplicationFormsPage - Timeout while waiting for dropdown to close at index: 6 with aria-expanded = 'false'
2025-01-09 12:56:25 [main] INFO  l.i.uztis.pages.ApplicationFormsPage - Processing dropdown index: 7
2025-01-09 12:56:35 [main] ERROR l.i.uztis.pages.ApplicationFormsPage - Timeout while waiting for dropdown to close at index: 7 with aria-expanded = 'false'
2025-01-09 12:56:35 [main] INFO  l.i.uztis.pages.ApplicationFormsPage - Processing input field index: 0
2025-01-09 12:56:35 [main] INFO  l.i.uztis.pages.ApplicationFormsPage - Entered value '50' into field index: 0
2025-01-09 12:56:35 [main] INFO  l.i.uztis.pages.ApplicationFormsPage - Processing input field index: 1
2025-01-09 12:56:35 [main] INFO  l.i.uztis.pages.ApplicationFormsPage - Entered value '924' into field index: 1
2025-01-09 12:56:35 [main] INFO  l.i.uztis.pages.ApplicationFormsPage - Processing input field index: 2
2025-01-09 12:56:35 [main] INFO  l.i.uztis.pages.ApplicationFormsPage - Entered value '31' into field index: 2
2025-01-09 12:56:36 [main] INFO  l.i.uztis.pages.ApplicationFormsPage - Processing input field index: 3
2025-01-09 12:56:36 [main] INFO  l.i.uztis.pages.ApplicationFormsPage - Entered value '4.7' into field index: 3
2025-01-09 12:56:36 [main] INFO  l.i.uztis.pages.ApplicationFormsPage - Processing input field index: 4
2025-01-09 12:56:36 [main] INFO  l.i.uztis.pages.ApplicationFormsPage - Entered value '35' into field index: 4
2025-01-09 12:56:36 [main] INFO  l.i.uztis.pages.ApplicationFormsPage - Processing input field index: 5
2025-01-09 12:56:36 [main] INFO  l.i.uztis.pages.ApplicationFormsPage - Entered value '20' into field index: 5
2025-01-09 12:56:36 [main] INFO  l.i.uztis.pages.ApplicationFormsPage - Processing input field index: 6
2025-01-09 12:56:36 [main] INFO  l.i.uztis.pages.ApplicationFormsPage - Entered value '30' into field index: 6
2025-01-09 12:56:36 [main] INFO  l.i.uztis.pages.ApplicationFormsPage - Processing input field index: 7
2025-01-09 12:56:36 [main] INFO  l.i.uztis.pages.ApplicationFormsPage - Entered value '60' into field index: 7
2025-01-09 12:56:36 [main] DEBUG l.i.u.tests.ApplicationFormsPageTest - Entered additional values and text.
2025-01-09 12:56:36 [main] DEBUG l.i.u.tests.ApplicationFormsPageTest - Entered application name: PVK paraiška
2025-01-09 12:56:36 [main] DEBUG l.i.u.tests.ApplicationFormsPageTest - Clicked the 'Save' button.
2025-01-09 12:56:37 [main] INFO  l.i.u.tests.ApplicationFormsPageTest - Verified success message text: 'Duomenys sėkmingai išsaugoti.'
2025-01-09 12:56:37 [main] INFO  l.i.u.tests.ApplicationFormsPageTest - Verified that the 'Save Form' button is displayed.
2025-01-09 12:56:37 [main] INFO  l.i.u.tests.ApplicationFormsPageTest - Test 'testCreateNewPvkApplication' completed successfully.
2025-01-09 13:10:50 [main] INFO  lt.insoft.uztis.tests.UztisPageTest - Navigated to https://uztisdev.asseco.lt/home
2025-01-09 13:10:50 [main] INFO  l.i.u.tests.ApplicationFormsPageTest - Setup complete. ApplicationFormsPage initialized.
2025-01-09 13:10:50 [main] INFO  l.i.u.tests.ApplicationFormsPageTest - Starting test:'testCreateNewVuiApplication'
2025-01-09 13:10:51 [main] DEBUG l.i.u.tests.ApplicationFormsPageTest - Entered Username: test
2025-01-09 13:10:51 [main] DEBUG l.i.u.tests.ApplicationFormsPageTest - Entered Password: test
2025-01-09 13:10:51 [main] DEBUG l.i.u.tests.ApplicationFormsPageTest - Opened 'Application Processing' menu.
2025-01-09 13:10:52 [main] DEBUG l.i.u.tests.ApplicationFormsPageTest - Clicked on 'Application Forms' menu.
2025-01-09 13:10:52 [main] DEBUG l.i.u.tests.ApplicationFormsPageTest - Clicked to create a new application form.
2025-01-09 13:10:52 [main] DEBUG l.i.u.tests.ApplicationFormsPageTest - Entered random application code: TST-VUI-29
2025-01-09 13:10:52 [main] DEBUG l.i.u.tests.ApplicationFormsPageTest - Selected 'Section' radio button.
2025-01-09 13:10:52 [main] INFO  l.i.uztis.pages.ApplicationFormsPage - Located the dropdown button.
2025-01-09 13:10:53 [main] INFO  l.i.uztis.pages.ApplicationFormsPage - Successfully selected the value: 'Skyrius 1'
2025-01-09 13:11:03 [main] ERROR l.i.uztis.pages.ApplicationFormsPage - Failed to close the dropdown with aria-expanded = 'false'.
2025-01-09 13:11:03 [main] DEBUG l.i.u.tests.ApplicationFormsPageTest - Selected a value from the 'Section' dropdown: 'Skyrius 1'
2025-01-09 13:11:03 [main] DEBUG l.i.u.tests.ApplicationFormsPageTest - Selected 'Budget by Municipality' option.
2025-01-09 13:11:03 [main] DEBUG l.i.u.tests.ApplicationFormsPageTest - Selected 'Financed Without Queue' option.
2025-01-09 13:11:04 [main] DEBUG l.i.u.tests.ApplicationFormsPageTest - Clicked 'Add' button.
2025-01-09 13:11:04 [main] INFO  l.i.uztis.pages.ApplicationFormsPage - Located the dropdown button.
2025-01-09 13:11:04 [main] DEBUG l.i.uztis.pages.ApplicationFormsPage - Option text: '', value to select: 'VUI paraiškos vertinimo forma - I etapas'
2025-01-09 13:11:04 [main] INFO  l.i.uztis.pages.ApplicationFormsPage - Successfully selected the value: 'VUI paraiškos vertinimo forma - I etapas'
2025-01-09 13:11:04 [main] DEBUG l.i.u.tests.ApplicationFormsPageTest - Selected a value from the 'EvaluationOne' dropdown: 'VUI paraiškos vertinimo forma - I etapas'
2025-01-09 13:11:04 [main] INFO  l.i.uztis.pages.ApplicationFormsPage - Located the dropdown button.
2025-01-09 13:11:04 [main] DEBUG l.i.uztis.pages.ApplicationFormsPage - Option text: '', value to select: 'VUI paraiškos vertinimo forma - II etapas'
2025-01-09 13:11:04 [main] INFO  l.i.uztis.pages.ApplicationFormsPage - Successfully selected the value: 'VUI paraiškos vertinimo forma - II etapas'
2025-01-09 13:11:04 [main] DEBUG l.i.u.tests.ApplicationFormsPageTest - Selected a value from the 'EvaluationTwon' dropdown: 'VUI paraiškos vertinimo forma - II etapas'
2025-01-09 13:11:04 [main] INFO  l.i.uztis.pages.ApplicationFormsPage - Located the dropdown button.
2025-01-09 13:11:04 [main] ERROR l.i.u.tests.ApplicationFormsPageTest - Test 'testCreateNewVuiApplication' failed with error: stale element reference: stale element not found in the current frame
  (Session info: chrome=131.0.6778.206)
For documentation on this error, please visit: https://www.selenium.dev/documentation/webdriver/troubleshooting/errors#stale-element-reference-exception
Build info: version: '4.27.0', revision: 'd6e718d134'
System info: os.name: 'Windows 11', os.arch: 'amd64', os.version: '10.0', java.version: '21.0.3'
Driver info: org.openqa.selenium.chrome.ChromeDriver
Command: [22ad6401b023dfbba9ecd898d80efb03, getElementText {id=f.804D2594899BC44410426355D9C72B8A.d.E2881553DF873D73D9E53B37DB289383.e.86}]
Capabilities {acceptInsecureCerts: false, browserName: chrome, browserVersion: 131.0.6778.206, chrome: {chromedriverVersion: 131.0.6778.264 (2d05e315153..., userDataDir: C:\Users\INGRID~1.ZAD\AppDa...}, fedcm:accounts: true, goog:chromeOptions: {debuggerAddress: localhost:52684}, networkConnectionEnabled: false, pageLoadStrategy: normal, platformName: windows, proxy: Proxy(), se:cdp: ws://localhost:52684/devtoo..., se:cdpVersion: 131.0.6778.206, setWindowRect: true, strictFileInteractability: false, timeouts: {implicit: 0, pageLoad: 300000, script: 30000}, unhandledPromptBehavior: dismiss and notify, webauthn:extension:credBlob: true, webauthn:extension:largeBlob: true, webauthn:extension:minPinLength: true, webauthn:extension:prf: true, webauthn:virtualAuthenticators: true}
Element: [[ChromeDriver: chrome on windows (22ad6401b023dfbba9ecd898d80efb03)] -> xpath: //mat-option]
Session ID: 22ad6401b023dfbba9ecd898d80efb03
org.openqa.selenium.StaleElementReferenceException: stale element reference: stale element not found in the current frame
  (Session info: chrome=131.0.6778.206)
For documentation on this error, please visit: https://www.selenium.dev/documentation/webdriver/troubleshooting/errors#stale-element-reference-exception
Build info: version: '4.27.0', revision: 'd6e718d134'
System info: os.name: 'Windows 11', os.arch: 'amd64', os.version: '10.0', java.version: '21.0.3'
Driver info: org.openqa.selenium.chrome.ChromeDriver
Command: [22ad6401b023dfbba9ecd898d80efb03, getElementText {id=f.804D2594899BC44410426355D9C72B8A.d.E2881553DF873D73D9E53B37DB289383.e.86}]
Capabilities {acceptInsecureCerts: false, browserName: chrome, browserVersion: 131.0.6778.206, chrome: {chromedriverVersion: 131.0.6778.264 (2d05e315153..., userDataDir: C:\Users\INGRID~1.ZAD\AppDa...}, fedcm:accounts: true, goog:chromeOptions: {debuggerAddress: localhost:52684}, networkConnectionEnabled: false, pageLoadStrategy: normal, platformName: windows, proxy: Proxy(), se:cdp: ws://localhost:52684/devtoo..., se:cdpVersion: 131.0.6778.206, setWindowRect: true, strictFileInteractability: false, timeouts: {implicit: 0, pageLoad: 300000, script: 30000}, unhandledPromptBehavior: dismiss and notify, webauthn:extension:credBlob: true, webauthn:extension:largeBlob: true, webauthn:extension:minPinLength: true, webauthn:extension:prf: true, webauthn:virtualAuthenticators: true}
Element: [[ChromeDriver: chrome on windows (22ad6401b023dfbba9ecd898d80efb03)] -> xpath: //mat-option]
Session ID: 22ad6401b023dfbba9ecd898d80efb03
	at java.base/jdk.internal.reflect.DirectConstructorHandleAccessor.newInstance(DirectConstructorHandleAccessor.java:62)
	at java.base/java.lang.reflect.Constructor.newInstanceWithCaller(Constructor.java:502)
	at java.base/java.lang.reflect.Constructor.newInstance(Constructor.java:486)
	at org.openqa.selenium.remote.ErrorCodec.decode(ErrorCodec.java:167)
	at org.openqa.selenium.remote.codec.w3c.W3CHttpResponseCodec.decode(W3CHttpResponseCodec.java:138)
	at org.openqa.selenium.remote.codec.w3c.W3CHttpResponseCodec.decode(W3CHttpResponseCodec.java:50)
	at org.openqa.selenium.remote.HttpCommandExecutor.execute(HttpCommandExecutor.java:190)
	at org.openqa.selenium.remote.service.DriverCommandExecutor.invokeExecute(DriverCommandExecutor.java:216)
	at org.openqa.selenium.remote.service.DriverCommandExecutor.execute(DriverCommandExecutor.java:174)
	at org.openqa.selenium.remote.RemoteWebDriver.execute(RemoteWebDriver.java:545)
	at org.openqa.selenium.remote.RemoteWebElement.execute(RemoteWebElement.java:223)
	at org.openqa.selenium.remote.RemoteWebElement.getText(RemoteWebElement.java:191)
	at lt.insoft.uztis.pages.ApplicationFormsPage.selectValuesByListEvaluationThree(ApplicationFormsPage.java:484)
	at lt.insoft.uztis.tests.ApplicationFormsPageTest.testCreateNewVuiApplication(ApplicationFormsPageTest.java:137)
	at java.base/jdk.internal.reflect.DirectMethodHandleAccessor.invoke(DirectMethodHandleAccessor.java:103)
	at java.base/java.lang.reflect.Method.invoke(Method.java:580)
	at org.junit.platform.commons.util.ReflectionUtils.invokeMethod(ReflectionUtils.java:728)
	at org.junit.jupiter.engine.execution.MethodInvocation.proceed(MethodInvocation.java:60)
	at org.junit.jupiter.engine.execution.InvocationInterceptorChain$ValidatingInvocation.proceed(InvocationInterceptorChain.java:131)
	at org.junit.jupiter.engine.extension.TimeoutExtension.intercept(TimeoutExtension.java:156)
	at org.junit.jupiter.engine.extension.TimeoutExtension.interceptTestableMethod(TimeoutExtension.java:147)
	at org.junit.jupiter.engine.extension.TimeoutExtension.interceptTestMethod(TimeoutExtension.java:86)
	at org.junit.jupiter.engine.execution.InterceptingExecutableInvoker$ReflectiveInterceptorCall.lambda$ofVoidMethod$0(InterceptingExecutableInvoker.java:103)
	at org.junit.jupiter.engine.execution.InterceptingExecutableInvoker.lambda$invoke$0(InterceptingExecutableInvoker.java:93)
	at org.junit.jupiter.engine.execution.InvocationInterceptorChain$InterceptedInvocation.proceed(InvocationInterceptorChain.java:106)
	at org.junit.jupiter.engine.execution.InvocationInterceptorChain.proceed(InvocationInterceptorChain.java:64)
	at org.junit.jupiter.engine.execution.InvocationInterceptorChain.chainAndInvoke(InvocationInterceptorChain.java:45)
	at org.junit.jupiter.engine.execution.InvocationInterceptorChain.invoke(InvocationInterceptorChain.java:37)
	at org.junit.jupiter.engine.execution.InterceptingExecutableInvoker.invoke(InterceptingExecutableInvoker.java:92)
	at org.junit.jupiter.engine.execution.InterceptingExecutableInvoker.invoke(InterceptingExecutableInvoker.java:86)
	at org.junit.jupiter.engine.descriptor.TestMethodTestDescriptor.lambda$invokeTestMethod$7(TestMethodTestDescriptor.java:218)
	at org.junit.platform.engine.support.hierarchical.ThrowableCollector.execute(ThrowableCollector.java:73)
	at org.junit.jupiter.engine.descriptor.TestMethodTestDescriptor.invokeTestMethod(TestMethodTestDescriptor.java:214)
	at org.junit.jupiter.engine.descriptor.TestMethodTestDescriptor.execute(TestMethodTestDescriptor.java:139)
	at org.junit.jupiter.engine.descriptor.TestMethodTestDescriptor.execute(TestMethodTestDescriptor.java:69)
	at org.junit.platform.engine.support.hierarchical.NodeTestTask.lambda$executeRecursively$6(NodeTestTask.java:151)
	at org.junit.platform.engine.support.hierarchical.ThrowableCollector.execute(ThrowableCollector.java:73)
	at org.junit.platform.engine.support.hierarchical.NodeTestTask.lambda$executeRecursively$8(NodeTestTask.java:141)
	at org.junit.platform.engine.support.hierarchical.Node.around(Node.java:137)
	at org.junit.platform.engine.support.hierarchical.NodeTestTask.lambda$executeRecursively$9(NodeTestTask.java:139)
	at org.junit.platform.engine.support.hierarchical.ThrowableCollector.execute(ThrowableCollector.java:73)
	at org.junit.platform.engine.support.hierarchical.NodeTestTask.executeRecursively(NodeTestTask.java:138)
	at org.junit.platform.engine.support.hierarchical.NodeTestTask.execute(NodeTestTask.java:95)
	at java.base/java.util.ArrayList.forEach(ArrayList.java:1596)
	at org.junit.platform.engine.support.hierarchical.SameThreadHierarchicalTestExecutorService.invokeAll(SameThreadHierarchicalTestExecutorService.java:41)
	at org.junit.platform.engine.support.hierarchical.NodeTestTask.lambda$executeRecursively$6(NodeTestTask.java:155)
	at org.junit.platform.engine.support.hierarchical.ThrowableCollector.execute(ThrowableCollector.java:73)
	at org.junit.platform.engine.support.hierarchical.NodeTestTask.lambda$executeRecursively$8(NodeTestTask.java:141)
	at org.junit.platform.engine.support.hierarchical.Node.around(Node.java:137)
	at org.junit.platform.engine.support.hierarchical.NodeTestTask.lambda$executeRecursively$9(NodeTestTask.java:139)
	at org.junit.platform.engine.support.hierarchical.ThrowableCollector.execute(ThrowableCollector.java:73)
	at org.junit.platform.engine.support.hierarchical.NodeTestTask.executeRecursively(NodeTestTask.java:138)
	at org.junit.platform.engine.support.hierarchical.NodeTestTask.execute(NodeTestTask.java:95)
	at java.base/java.util.ArrayList.forEach(ArrayList.java:1596)
	at org.junit.platform.engine.support.hierarchical.SameThreadHierarchicalTestExecutorService.invokeAll(SameThreadHierarchicalTestExecutorService.java:41)
	at org.junit.platform.engine.support.hierarchical.NodeTestTask.lambda$executeRecursively$6(NodeTestTask.java:155)
	at org.junit.platform.engine.support.hierarchical.ThrowableCollector.execute(ThrowableCollector.java:73)
	at org.junit.platform.engine.support.hierarchical.NodeTestTask.lambda$executeRecursively$8(NodeTestTask.java:141)
	at org.junit.platform.engine.support.hierarchical.Node.around(Node.java:137)
	at org.junit.platform.engine.support.hierarchical.NodeTestTask.lambda$executeRecursively$9(NodeTestTask.java:139)
	at org.junit.platform.engine.support.hierarchical.ThrowableCollector.execute(ThrowableCollector.java:73)
	at org.junit.platform.engine.support.hierarchical.NodeTestTask.executeRecursively(NodeTestTask.java:138)
	at org.junit.platform.engine.support.hierarchical.NodeTestTask.execute(NodeTestTask.java:95)
	at org.junit.platform.engine.support.hierarchical.SameThreadHierarchicalTestExecutorService.submit(SameThreadHierarchicalTestExecutorService.java:35)
	at org.junit.platform.engine.support.hierarchical.HierarchicalTestExecutor.execute(HierarchicalTestExecutor.java:57)
	at org.junit.platform.engine.support.hierarchical.HierarchicalTestEngine.execute(HierarchicalTestEngine.java:54)
	at org.junit.platform.launcher.core.EngineExecutionOrchestrator.execute(EngineExecutionOrchestrator.java:198)
	at org.junit.platform.launcher.core.EngineExecutionOrchestrator.execute(EngineExecutionOrchestrator.java:169)
	at org.junit.platform.launcher.core.EngineExecutionOrchestrator.execute(EngineExecutionOrchestrator.java:93)
	at org.junit.platform.launcher.core.EngineExecutionOrchestrator.lambda$execute$0(EngineExecutionOrchestrator.java:58)
	at org.junit.platform.launcher.core.EngineExecutionOrchestrator.withInterceptedStreams(EngineExecutionOrchestrator.java:141)
	at org.junit.platform.launcher.core.EngineExecutionOrchestrator.execute(EngineExecutionOrchestrator.java:57)
	at org.junit.platform.launcher.core.DefaultLauncher.execute(DefaultLauncher.java:103)
	at org.junit.platform.launcher.core.DefaultLauncher.execute(DefaultLauncher.java:85)
	at org.junit.platform.launcher.core.DelegatingLauncher.execute(DelegatingLauncher.java:47)
	at org.junit.platform.launcher.core.SessionPerRequestLauncher.execute(SessionPerRequestLauncher.java:63)
	at com.intellij.junit5.JUnit5IdeaTestRunner.startRunnerWithArgs(JUnit5IdeaTestRunner.java:57)
	at com.intellij.rt.junit.IdeaTestRunner$Repeater$1.execute(IdeaTestRunner.java:38)
	at com.intellij.rt.execution.junit.TestsRepeater.repeat(TestsRepeater.java:11)
	at com.intellij.rt.junit.IdeaTestRunner$Repeater.startRunnerWithArgs(IdeaTestRunner.java:35)
	at com.intellij.rt.junit.JUnitStarter.prepareStreamsAndStart(JUnitStarter.java:232)
	at com.intellij.rt.junit.JUnitStarter.main(JUnitStarter.java:55)
2025-01-09 13:11:04 [main] INFO  l.insoft.uztis.tests.utils.TestUtils - Screenshot moved to C:\Users\ingrida.zadorozniene\Desktop\Asm\UZTIS\UZTIS_tests\test-output\screenshots\20250109\131104906_testCreateNewVuiApplication().png
2025-01-09 13:11:21 [main] INFO  lt.insoft.uztis.tests.UztisPageTest - Navigated to https://uztisdev.asseco.lt/home
2025-01-09 13:11:21 [main] INFO  l.i.u.tests.ApplicationFormsPageTest - Setup complete. ApplicationFormsPage initialized.
2025-01-09 13:11:21 [main] INFO  l.i.u.tests.ApplicationFormsPageTest - Starting test:'testCreateNewVuiApplication'
2025-01-09 13:11:21 [main] DEBUG l.i.u.tests.ApplicationFormsPageTest - Entered Username: test
2025-01-09 13:11:21 [main] DEBUG l.i.u.tests.ApplicationFormsPageTest - Entered Password: test
2025-01-09 13:11:22 [main] DEBUG l.i.u.tests.ApplicationFormsPageTest - Opened 'Application Processing' menu.
2025-01-09 13:11:22 [main] DEBUG l.i.u.tests.ApplicationFormsPageTest - Clicked on 'Application Forms' menu.
2025-01-09 13:11:22 [main] DEBUG l.i.u.tests.ApplicationFormsPageTest - Clicked to create a new application form.
2025-01-09 13:11:22 [main] DEBUG l.i.u.tests.ApplicationFormsPageTest - Entered random application code: TST-VUI-81
2025-01-09 13:11:22 [main] DEBUG l.i.u.tests.ApplicationFormsPageTest - Selected 'Section' radio button.
2025-01-09 13:11:22 [main] INFO  l.i.uztis.pages.ApplicationFormsPage - Located the dropdown button.
2025-01-09 13:11:23 [main] INFO  l.i.uztis.pages.ApplicationFormsPage - Successfully selected the value: 'Skyrius 1'
2025-01-09 13:11:33 [main] ERROR l.i.uztis.pages.ApplicationFormsPage - Failed to close the dropdown with aria-expanded = 'false'.
2025-01-09 13:11:33 [main] DEBUG l.i.u.tests.ApplicationFormsPageTest - Selected a value from the 'Section' dropdown: 'Skyrius 1'
2025-01-09 13:11:34 [main] DEBUG l.i.u.tests.ApplicationFormsPageTest - Selected 'Budget by Municipality' option.
2025-01-09 13:11:34 [main] DEBUG l.i.u.tests.ApplicationFormsPageTest - Selected 'Financed Without Queue' option.
2025-01-09 13:11:34 [main] DEBUG l.i.u.tests.ApplicationFormsPageTest - Clicked 'Add' button.
2025-01-09 13:11:34 [main] INFO  l.i.uztis.pages.ApplicationFormsPage - Located the dropdown button.
2025-01-09 13:11:34 [main] DEBUG l.i.uztis.pages.ApplicationFormsPage - Option text: '', value to select: 'VUI paraiškos vertinimo forma - I etapas'
2025-01-09 13:11:34 [main] INFO  l.i.uztis.pages.ApplicationFormsPage - Successfully selected the value: 'VUI paraiškos vertinimo forma - I etapas'
2025-01-09 13:11:34 [main] DEBUG l.i.u.tests.ApplicationFormsPageTest - Selected a value from the 'EvaluationOne' dropdown: 'VUI paraiškos vertinimo forma - I etapas'
2025-01-09 13:11:34 [main] INFO  l.i.uztis.pages.ApplicationFormsPage - Located the dropdown button.
2025-01-09 13:11:34 [main] DEBUG l.i.uztis.pages.ApplicationFormsPage - Option text: 'VUI paraiškos vertinimo forma - II etapas', value to select: 'VUI paraiškos vertinimo forma - II etapas'
2025-01-09 13:11:34 [main] INFO  l.i.uztis.pages.ApplicationFormsPage - Successfully selected the value: 'VUI paraiškos vertinimo forma - II etapas'
2025-01-09 13:11:34 [main] DEBUG l.i.u.tests.ApplicationFormsPageTest - Selected a value from the 'EvaluationTwon' dropdown: 'VUI paraiškos vertinimo forma - II etapas'
2025-01-09 13:11:34 [main] INFO  l.i.uztis.pages.ApplicationFormsPage - Located the dropdown button.
2025-01-09 13:11:34 [main] DEBUG l.i.uztis.pages.ApplicationFormsPage - Option text: '', value to select: 'VUI paraiškos vertinimo forma - III etapas'
2025-01-09 13:11:35 [main] INFO  l.i.uztis.pages.ApplicationFormsPage - Successfully selected the value: 'VUI paraiškos vertinimo forma - III etapas'
2025-01-09 13:11:35 [main] DEBUG l.i.u.tests.ApplicationFormsPageTest - Selected a value from the 'EvaluationThree' dropdown: 'VUI paraiškos vertinimo forma - III etapas'
2025-01-09 13:11:35 [main] DEBUG l.i.u.tests.ApplicationFormsPageTest - Clicked 'Plus' button.
2025-01-09 13:11:35 [main] DEBUG l.i.u.tests.ApplicationFormsPageTest - Clicked 'Add' button seven times.
2025-01-09 13:11:35 [main] INFO  l.i.uztis.pages.ApplicationFormsPage - Processing dropdown index: 0
2025-01-09 13:11:46 [main] ERROR l.i.uztis.pages.ApplicationFormsPage - Timeout while waiting for dropdown to close at index: 0 with aria-expanded = 'false'
2025-01-09 13:11:46 [main] INFO  l.i.uztis.pages.ApplicationFormsPage - Processing dropdown index: 1
2025-01-09 13:11:57 [main] ERROR l.i.uztis.pages.ApplicationFormsPage - Timeout while waiting for dropdown to close at index: 1 with aria-expanded = 'false'
2025-01-09 13:11:57 [main] INFO  l.i.uztis.pages.ApplicationFormsPage - Processing dropdown index: 2
2025-01-09 13:12:08 [main] ERROR l.i.uztis.pages.ApplicationFormsPage - Timeout while waiting for dropdown to close at index: 2 with aria-expanded = 'false'
2025-01-09 13:12:08 [main] INFO  l.i.uztis.pages.ApplicationFormsPage - Processing dropdown index: 3
2025-01-09 13:12:19 [main] ERROR l.i.uztis.pages.ApplicationFormsPage - Timeout while waiting for dropdown to close at index: 3 with aria-expanded = 'false'
2025-01-09 13:12:19 [main] INFO  l.i.uztis.pages.ApplicationFormsPage - Processing dropdown index: 4
2025-01-09 13:12:30 [main] ERROR l.i.uztis.pages.ApplicationFormsPage - Timeout while waiting for dropdown to close at index: 4 with aria-expanded = 'false'
2025-01-09 13:12:30 [main] INFO  l.i.uztis.pages.ApplicationFormsPage - Processing dropdown index: 5
2025-01-09 13:12:41 [main] ERROR l.i.uztis.pages.ApplicationFormsPage - Timeout while waiting for dropdown to close at index: 5 with aria-expanded = 'false'
2025-01-09 13:12:41 [main] INFO  l.i.uztis.pages.ApplicationFormsPage - Processing dropdown index: 6
2025-01-09 13:12:52 [main] ERROR l.i.uztis.pages.ApplicationFormsPage - Timeout while waiting for dropdown to close at index: 6 with aria-expanded = 'false'
2025-01-09 13:12:52 [main] INFO  l.i.uztis.pages.ApplicationFormsPage - Processing dropdown index: 7
2025-01-09 13:13:03 [main] ERROR l.i.uztis.pages.ApplicationFormsPage - Timeout while waiting for dropdown to close at index: 7 with aria-expanded = 'false'
2025-01-09 13:13:03 [main] INFO  l.i.uztis.pages.ApplicationFormsPage - Processing input field index: 0
2025-01-09 13:13:03 [main] INFO  l.i.uztis.pages.ApplicationFormsPage - Entered value '50' into field index: 0
2025-01-09 13:13:03 [main] INFO  l.i.uztis.pages.ApplicationFormsPage - Processing input field index: 1
2025-01-09 13:13:03 [main] INFO  l.i.uztis.pages.ApplicationFormsPage - Entered value '924' into field index: 1
2025-01-09 13:13:03 [main] INFO  l.i.uztis.pages.ApplicationFormsPage - Processing input field index: 2
2025-01-09 13:13:03 [main] INFO  l.i.uztis.pages.ApplicationFormsPage - Entered value '31' into field index: 2
2025-01-09 13:13:03 [main] INFO  l.i.uztis.pages.ApplicationFormsPage - Processing input field index: 3
2025-01-09 13:13:03 [main] INFO  l.i.uztis.pages.ApplicationFormsPage - Entered value '4.7' into field index: 3
2025-01-09 13:13:03 [main] INFO  l.i.uztis.pages.ApplicationFormsPage - Processing input field index: 4
2025-01-09 13:13:03 [main] INFO  l.i.uztis.pages.ApplicationFormsPage - Entered value '35' into field index: 4
2025-01-09 13:13:03 [main] INFO  l.i.uztis.pages.ApplicationFormsPage - Processing input field index: 5
2025-01-09 13:13:03 [main] INFO  l.i.uztis.pages.ApplicationFormsPage - Entered value '20' into field index: 5
2025-01-09 13:13:03 [main] INFO  l.i.uztis.pages.ApplicationFormsPage - Processing input field index: 6
2025-01-09 13:13:04 [main] INFO  l.i.uztis.pages.ApplicationFormsPage - Entered value '30' into field index: 6
2025-01-09 13:13:04 [main] INFO  l.i.uztis.pages.ApplicationFormsPage - Processing input field index: 7
2025-01-09 13:13:04 [main] INFO  l.i.uztis.pages.ApplicationFormsPage - Entered value '60' into field index: 7
2025-01-09 13:13:04 [main] DEBUG l.i.u.tests.ApplicationFormsPageTest - Entered additional values and text.
2025-01-09 13:13:04 [main] DEBUG l.i.u.tests.ApplicationFormsPageTest - Entered application name: VUI paraiška
2025-01-09 13:13:04 [main] DEBUG l.i.u.tests.ApplicationFormsPageTest - Clicked the 'Save' button.
2025-01-09 13:13:04 [main] INFO  l.i.u.tests.ApplicationFormsPageTest - Verified success message text: 'Duomenys sėkmingai išsaugoti.'
2025-01-09 13:13:04 [main] INFO  l.i.u.tests.ApplicationFormsPageTest - Verified that the 'Save Form' button is displayed.
2025-01-09 13:13:04 [main] INFO  l.i.u.tests.ApplicationFormsPageTest - Test 'testCreateNewVuiApplication' completed successfully.
2025-01-09 13:14:45 [main] INFO  lt.insoft.uztis.tests.UztisPageTest - Navigated to https://uztisdev.asseco.lt/home
2025-01-09 13:14:45 [main] INFO  l.i.u.tests.ApplicationFormsPageTest - Setup complete. ApplicationFormsPage initialized.
2025-01-09 13:14:45 [main] INFO  l.i.u.tests.ApplicationFormsPageTest - Starting test:'testEditAndSaveVuiApplication'
2025-01-09 13:14:45 [main] DEBUG l.i.u.tests.ApplicationFormsPageTest - Entered Username: test
2025-01-09 13:14:45 [main] DEBUG l.i.u.tests.ApplicationFormsPageTest - Entered Password: test
2025-01-09 13:14:46 [main] DEBUG l.i.u.tests.ApplicationFormsPageTest - Opened 'Application Processing' menu.
2025-01-09 13:14:46 [main] DEBUG l.i.u.tests.ApplicationFormsPageTest - Clicked on 'Application Forms' menu.
2025-01-09 13:14:46 [main] DEBUG l.i.u.tests.ApplicationFormsPageTest - Selected the last application description.
2025-01-09 13:14:47 [main] DEBUG l.i.u.tests.ApplicationFormsPageTest - Clicked the 'Edit' button.
2025-01-09 13:14:47 [main] DEBUG l.i.u.tests.ApplicationFormsPageTest - Selected 'Municipality' radio button.
2025-01-09 13:14:47 [main] INFO  l.i.uztis.pages.ApplicationFormsPage - Located the dropdown button.
2025-01-09 13:14:47 [main] INFO  l.i.uztis.pages.ApplicationFormsPage - Successfully selected the value: 'Kauno departamentas'
2025-01-09 13:14:58 [main] ERROR l.i.uztis.pages.ApplicationFormsPage - Failed to close the dropdown with aria-expanded = 'false'.
2025-01-09 13:14:58 [main] DEBUG l.i.u.tests.ApplicationFormsPageTest - Selected a value from the 'Municipality' dropdown: 'Kauno departamentas'
2025-01-09 13:14:58 [main] DEBUG l.i.u.tests.ApplicationFormsPageTest - Selected 'Budget By Country' radio button.
2025-01-09 13:14:58 [main] DEBUG l.i.u.tests.ApplicationFormsPageTest - Selected 'Financed By Queue' radio button.
2025-01-09 13:14:58 [main] DEBUG l.i.u.tests.ApplicationFormsPageTest - Entered new application name: _paredaguota
2025-01-09 13:14:58 [main] DEBUG l.i.u.tests.ApplicationFormsPageTest - Clicked the 'Save' button.
2025-01-09 13:14:58 [main] INFO  l.i.u.tests.ApplicationFormsPageTest - Verified success message: 'Duomenys sėkmingai išsaugoti.'
2025-01-09 13:14:58 [main] INFO  l.i.u.tests.ApplicationFormsPageTest - Test 'testEditAndSaveVuiApplication' completed successfully.
2025-01-09 13:28:19 [main] INFO  lt.insoft.uztis.tests.UztisPageTest - Navigated to https://uztisdev.asseco.lt/home
2025-01-09 13:28:19 [main] INFO  l.i.uztis.tests.InvitationsPageTest - Starting test:'testCreateNewVuiInvitationDraft'
2025-01-09 13:28:20 [main] DEBUG l.i.uztis.tests.InvitationsPageTest - User logged in with test credentials
2025-01-09 13:28:20 [main] DEBUG l.i.uztis.tests.InvitationsPageTest - Opened 'Application Processing' menu.
2025-01-09 13:28:20 [main] DEBUG l.i.uztis.tests.InvitationsPageTest - Clicked on 'Application Forms' menu.
2025-01-09 13:28:20 [main] DEBUG l.i.uztis.tests.InvitationsPageTest - Navigating to application forms menu.
2025-01-09 13:28:20 [main] DEBUG l.i.uztis.tests.InvitationsPageTest - Retrieved last description code text: 'TST-VUI-81'.
2025-01-09 13:28:21 [main] DEBUG l.i.uztis.tests.InvitationsPageTest - Clicked on 'Invitation' menu.
2025-01-09 13:28:21 [main] DEBUG l.i.uztis.tests.InvitationsPageTest - Clicked 'Create New Application Form'.
2025-01-09 13:28:21 [main] DEBUG l.i.uztis.tests.InvitationsPageTest - Selected section by code: 'TST-VUI-81'.
2025-01-09 13:28:22 [main] DEBUG l.i.uztis.tests.InvitationsPageTest - Selected invitation number from the list.
2025-01-09 13:28:22 [main] DEBUG l.i.uztis.tests.InvitationsPageTest - Entered current date.
2025-01-09 13:28:22 [main] DEBUG l.i.uztis.tests.InvitationsPageTest - Entered start time: 00:00.
2025-01-09 13:28:23 [main] DEBUG l.i.uztis.tests.InvitationsPageTest - Entered end date.
2025-01-09 13:28:23 [main] DEBUG l.i.uztis.tests.InvitationsPageTest - Entered end time: 11:11.
2025-01-09 13:28:23 [main] DEBUG l.i.uztis.tests.InvitationsPageTest - Draft saved.
2025-01-09 13:28:23 [main] DEBUG l.i.uztis.tests.InvitationsPageTest - Verified success message: 'Duomenys sėkmingai išsaugoti.'
2025-01-09 13:28:23 [main] INFO  l.i.uztis.tests.InvitationsPageTest - Test 'testCreateNewVuiInvitationDraft' completed successfully.
2025-01-09 13:28:33 [main] INFO  lt.insoft.uztis.tests.UztisPageTest - Navigated to https://uztisdev.asseco.lt/home
2025-01-09 13:28:33 [main] INFO  l.i.uztis.tests.InvitationsPageTest - Starting test:'testEditAndPublishVuiInvitationDraft'
2025-01-09 13:28:34 [main] DEBUG l.i.uztis.tests.InvitationsPageTest - User logged in with test credentials
2025-01-09 13:28:34 [main] DEBUG l.i.uztis.tests.InvitationsPageTest - Opened 'Application Processing' menu.
2025-01-09 13:28:35 [main] DEBUG l.i.uztis.tests.InvitationsPageTest - Clicked on 'Application Forms' menu.
2025-01-09 13:28:35 [main] DEBUG l.i.uztis.tests.InvitationsPageTest - Navigating to application forms menu.
2025-01-09 13:28:35 [main] DEBUG l.i.uztis.tests.InvitationsPageTest - Retrieved last description code text: 'TST-VUI-81'.
2025-01-09 13:28:35 [main] DEBUG l.i.uztis.tests.InvitationsPageTest - Clicked on 'Invitation' menu.
2025-01-09 13:28:35 [main] DEBUG l.i.uztis.tests.InvitationsPageTest - Selected section by code: 'TST-VUI-81'.
2025-01-09 13:28:35 [main] DEBUG l.i.uztis.tests.InvitationsPageTest - Clicked 'Search'.
2025-01-09 13:28:35 [main] DEBUG l.i.uztis.tests.InvitationsPageTest - Getting and inserting application code text.
2025-01-09 13:28:36 [main] DEBUG l.i.uztis.tests.InvitationsPageTest - Clicked 'InvitationDraft'.
2025-01-09 13:28:36 [main] DEBUG l.i.uztis.tests.InvitationsPageTest - Clicked 'Edit'.
2025-01-09 13:28:37 [main] DEBUG l.i.uztis.tests.InvitationsPageTest - Entered publication end date.
2025-01-09 13:28:37 [main] DEBUG l.i.uztis.tests.InvitationsPageTest - Added additional values.
2025-01-09 13:28:37 [main] INFO  l.insoft.uztis.pages.InvitationsPage - Located the dropdown button.
2025-01-09 13:28:37 [main] INFO  l.insoft.uztis.pages.InvitationsPage - Successfully selected the value: 'Didžiausia galima paramos suma aplinkos darbo vietai, Eur'
2025-01-09 13:28:37 [main] DEBUG l.i.uztis.tests.InvitationsPageTest - Selected the value: 'Didžiausia galima paramos suma aplinkos darbo vietai, Eur'
2025-01-09 13:28:37 [main] INFO  l.insoft.uztis.pages.InvitationsPage - Located the dropdown button.
2025-01-09 13:28:38 [main] INFO  l.insoft.uztis.pages.InvitationsPage - Successfully selected the value: 'Didžiausia galima paramos suma, Eur'
2025-01-09 13:28:38 [main] DEBUG l.i.uztis.tests.InvitationsPageTest - Selected the value: 'Didžiausia galima paramos suma, Eur'
2025-01-09 13:28:38 [main] INFO  l.insoft.uztis.pages.InvitationsPage - Located the dropdown button.
2025-01-09 13:28:38 [main] INFO  l.insoft.uztis.pages.InvitationsPage - Successfully selected the value: 'Didžiausia galima paramos suma vienai darbo vietai, Eur'
2025-01-09 13:28:38 [main] DEBUG l.i.uztis.tests.InvitationsPageTest - Selected the value: 'Didžiausia galima paramos suma vienai darbo vietai, Eur'
2025-01-09 13:28:38 [main] DEBUG l.i.uztis.tests.InvitationsPageTest - Entered value: 11000
2025-01-09 13:28:38 [main] DEBUG l.i.uztis.tests.InvitationsPageTest - Entered value: 12000
2025-01-09 13:28:39 [main] DEBUG l.i.uztis.tests.InvitationsPageTest - Entered value: 13000
2025-01-09 13:28:39 [main] DEBUG l.i.uztis.tests.InvitationsPageTest - Checked 'Legal Entities' checkbox.
2025-01-09 13:28:39 [main] DEBUG l.i.uztis.tests.InvitationsPageTest - Unchecked 'Persons Registered with Employment Service' checkbox.
2025-01-09 13:28:39 [main] DEBUG l.i.uztis.tests.InvitationsPageTest - Checked 'Persons Registered as Employers' checkbox.
2025-01-09 13:28:39 [main] DEBUG l.i.uztis.tests.InvitationsPageTest - Entered second evaluation grade: '5'.
2025-01-09 13:28:39 [main] DEBUG l.i.uztis.tests.InvitationsPageTest - Entered third evaluation grade: '6'.
2025-01-09 13:28:39 [main] DEBUG l.i.uztis.tests.InvitationsPageTest - Entered second evaluation grade weight: '0,45'.
2025-01-09 13:28:39 [main] DEBUG l.i.uztis.tests.InvitationsPageTest - Entered third evaluation grade weight: '0,55'.
2025-01-09 13:28:39 [main] DEBUG l.i.uztis.tests.InvitationsPageTest - Entered budget: '2000'.
2025-01-09 13:28:40 [main] DEBUG l.i.uztis.tests.InvitationsPageTest - Entered description text: 'Aprašo tekstas'.
2025-01-09 13:28:40 [main] DEBUG l.i.uztis.tests.InvitationsPageTest - Entered applicants text: 'Pareiškėjų tekstas'.
2025-01-09 13:28:40 [main] DEBUG l.i.uztis.tests.InvitationsPageTest - Entered expenditures text: 'Išlaidų tekstas'.
2025-01-09 13:28:40 [main] DEBUG l.i.uztis.tests.InvitationsPageTest - Entered legislation text: 'Teisės aktų tekstas'.
2025-01-09 13:28:40 [main] DEBUG l.i.uztis.tests.InvitationsPageTest - Entered education text: 'Mokymų tekstas'.
2025-01-09 13:28:40 [main] DEBUG l.i.uztis.tests.InvitationsPageTest - File uploaded.
2025-01-09 13:28:40 [main] DEBUG l.i.uztis.tests.InvitationsPageTest - Clicked 'Publish'.
2025-01-09 13:28:40 [main] DEBUG l.i.uztis.tests.InvitationsPageTest - Publication confirmed.
2025-01-09 13:28:41 [main] DEBUG l.i.uztis.tests.InvitationsPageTest - Verified success message: 'Funkcija sėkmingai atlikta.'
2025-01-09 13:28:41 [main] INFO  l.i.uztis.tests.InvitationsPageTest - Test 'testEditAndPublishVuiInvitationDraft' completed successfully.
2025-01-09 13:28:56 [main] INFO  lt.insoft.uztis.tests.UztisPageTest - Navigated to https://uztisdev.asseco.lt/home
2025-01-09 13:28:56 [main] INFO  l.i.uztis.tests.InvitationsPageTest - Starting test:'testInsertVuiStatisticInformation'
2025-01-09 13:28:58 [main] DEBUG l.i.uztis.tests.InvitationsPageTest - User logged in with test credentials
2025-01-09 13:28:58 [main] DEBUG l.i.uztis.tests.InvitationsPageTest - Opened 'Application Processing' menu.
2025-01-09 13:28:58 [main] DEBUG l.i.uztis.tests.InvitationsPageTest - Clicked on 'Application Forms' menu.
2025-01-09 13:28:58 [main] DEBUG l.i.uztis.tests.InvitationsPageTest - Navigating to application forms menu.
2025-01-09 13:28:58 [main] DEBUG l.i.uztis.tests.InvitationsPageTest - Retrieved last description code text: 'TST-VUI-81'.
2025-01-09 13:28:58 [main] DEBUG l.i.uztis.tests.InvitationsPageTest - Clicked on 'Invitation' menu.
2025-01-09 13:28:59 [main] DEBUG l.i.uztis.tests.InvitationsPageTest - Selected section by code: 'TST-VUI-81'.
2025-01-09 13:28:59 [main] DEBUG l.i.uztis.tests.InvitationsPageTest - Clicked 'Search'.
2025-01-09 13:28:59 [main] DEBUG l.i.uztis.tests.InvitationsPageTest - Getting and inserting application code text.
2025-01-09 13:28:59 [main] DEBUG l.i.uztis.tests.InvitationsPageTest - Clicked 'Publishing'.
2025-01-09 13:29:00 [main] DEBUG l.i.uztis.tests.InvitationsPageTest - Clicked 'Statistic Information' tab.
2025-01-09 13:29:00 [main] DEBUG l.i.uztis.tests.InvitationsPageTest - Clicked 'Edit' button.
2025-01-09 13:29:00 [main] DEBUG l.i.uztis.tests.InvitationsPageTest - Entered current date.
2025-01-09 13:29:00 [main] DEBUG l.i.uztis.tests.InvitationsPageTest - Entered value: 8.7
2025-01-09 13:29:00 [main] DEBUG l.i.uztis.tests.InvitationsPageTest - Entered average salary: 2237.9
2025-01-09 13:29:00 [main] ERROR l.i.uztis.tests.InvitationsPageTest - Test 'testInsertVuiStatisticInformation' failed with error: invalid argument: File not found : C:\Users\ingrida.zadorozniene\Desktop\Asm\UZTIS\PRIEMIMO_TESTAVIMUI\Šablonas (5).xlsx
  (Session info: chrome=131.0.6778.206)
Build info: version: '4.27.0', revision: 'd6e718d134'
System info: os.name: 'Windows 11', os.arch: 'amd64', os.version: '10.0', java.version: '21.0.3'
Driver info: org.openqa.selenium.chrome.ChromeDriver
Command: [9851c6802e25a59a4e6eff698fdf47f6, sendKeysToElement {value=[Ljava.lang.CharSequence;@5300f14a, id=f.2EB84345B2A9708F5F2253107FF72B37.d.3955348D105650E83242016AD78A50A6.e.299}]
Capabilities {acceptInsecureCerts: false, browserName: chrome, browserVersion: 131.0.6778.206, chrome: {chromedriverVersion: 131.0.6778.264 (2d05e315153..., userDataDir: C:\Users\INGRID~1.ZAD\AppDa...}, fedcm:accounts: true, goog:chromeOptions: {debuggerAddress: localhost:53374}, networkConnectionEnabled: false, pageLoadStrategy: normal, platformName: windows, proxy: Proxy(), se:cdp: ws://localhost:53374/devtoo..., se:cdpVersion: 131.0.6778.206, setWindowRect: true, strictFileInteractability: false, timeouts: {implicit: 0, pageLoad: 300000, script: 30000}, unhandledPromptBehavior: dismiss and notify, webauthn:extension:credBlob: true, webauthn:extension:largeBlob: true, webauthn:extension:minPinLength: true, webauthn:extension:prf: true, webauthn:virtualAuthenticators: true}
Element: [[ChromeDriver: chrome on windows (9851c6802e25a59a4e6eff698fdf47f6)] -> xpath: //input[@type='file']]
Session ID: 9851c6802e25a59a4e6eff698fdf47f6
org.openqa.selenium.InvalidArgumentException: invalid argument: File not found : C:\Users\ingrida.zadorozniene\Desktop\Asm\UZTIS\PRIEMIMO_TESTAVIMUI\Šablonas (5).xlsx
  (Session info: chrome=131.0.6778.206)
Build info: version: '4.27.0', revision: 'd6e718d134'
System info: os.name: 'Windows 11', os.arch: 'amd64', os.version: '10.0', java.version: '21.0.3'
Driver info: org.openqa.selenium.chrome.ChromeDriver
Command: [9851c6802e25a59a4e6eff698fdf47f6, sendKeysToElement {value=[Ljava.lang.CharSequence;@5300f14a, id=f.2EB84345B2A9708F5F2253107FF72B37.d.3955348D105650E83242016AD78A50A6.e.299}]
Capabilities {acceptInsecureCerts: false, browserName: chrome, browserVersion: 131.0.6778.206, chrome: {chromedriverVersion: 131.0.6778.264 (2d05e315153..., userDataDir: C:\Users\INGRID~1.ZAD\AppDa...}, fedcm:accounts: true, goog:chromeOptions: {debuggerAddress: localhost:53374}, networkConnectionEnabled: false, pageLoadStrategy: normal, platformName: windows, proxy: Proxy(), se:cdp: ws://localhost:53374/devtoo..., se:cdpVersion: 131.0.6778.206, setWindowRect: true, strictFileInteractability: false, timeouts: {implicit: 0, pageLoad: 300000, script: 30000}, unhandledPromptBehavior: dismiss and notify, webauthn:extension:credBlob: true, webauthn:extension:largeBlob: true, webauthn:extension:minPinLength: true, webauthn:extension:prf: true, webauthn:virtualAuthenticators: true}
Element: [[ChromeDriver: chrome on windows (9851c6802e25a59a4e6eff698fdf47f6)] -> xpath: //input[@type='file']]
Session ID: 9851c6802e25a59a4e6eff698fdf47f6
	at java.base/jdk.internal.reflect.DirectConstructorHandleAccessor.newInstance(DirectConstructorHandleAccessor.java:62)
	at java.base/java.lang.reflect.Constructor.newInstanceWithCaller(Constructor.java:502)
	at java.base/java.lang.reflect.Constructor.newInstance(Constructor.java:486)
	at org.openqa.selenium.remote.ErrorCodec.decode(ErrorCodec.java:167)
	at org.openqa.selenium.remote.codec.w3c.W3CHttpResponseCodec.decode(W3CHttpResponseCodec.java:138)
	at org.openqa.selenium.remote.codec.w3c.W3CHttpResponseCodec.decode(W3CHttpResponseCodec.java:50)
	at org.openqa.selenium.remote.HttpCommandExecutor.execute(HttpCommandExecutor.java:190)
	at org.openqa.selenium.remote.service.DriverCommandExecutor.invokeExecute(DriverCommandExecutor.java:216)
	at org.openqa.selenium.remote.service.DriverCommandExecutor.execute(DriverCommandExecutor.java:174)
	at org.openqa.selenium.remote.RemoteWebDriver.execute(RemoteWebDriver.java:545)
	at org.openqa.selenium.remote.RemoteWebElement.execute(RemoteWebElement.java:223)
	at org.openqa.selenium.remote.RemoteWebElement.sendKeys(RemoteWebElement.java:110)
	at lt.insoft.uztis.pages.InvitationsPage.uploadFileStatistic(InvitationsPage.java:628)
	at lt.insoft.uztis.tests.InvitationsPageTest.testInsertVuiStatisticInformation(InvitationsPageTest.java:300)
	at java.base/jdk.internal.reflect.DirectMethodHandleAccessor.invoke(DirectMethodHandleAccessor.java:103)
	at java.base/java.lang.reflect.Method.invoke(Method.java:580)
	at org.junit.platform.commons.util.ReflectionUtils.invokeMethod(ReflectionUtils.java:728)
	at org.junit.jupiter.engine.execution.MethodInvocation.proceed(MethodInvocation.java:60)
	at org.junit.jupiter.engine.execution.InvocationInterceptorChain$ValidatingInvocation.proceed(InvocationInterceptorChain.java:131)
	at org.junit.jupiter.engine.extension.TimeoutExtension.intercept(TimeoutExtension.java:156)
	at org.junit.jupiter.engine.extension.TimeoutExtension.interceptTestableMethod(TimeoutExtension.java:147)
	at org.junit.jupiter.engine.extension.TimeoutExtension.interceptTestMethod(TimeoutExtension.java:86)
	at org.junit.jupiter.engine.execution.InterceptingExecutableInvoker$ReflectiveInterceptorCall.lambda$ofVoidMethod$0(InterceptingExecutableInvoker.java:103)
	at org.junit.jupiter.engine.execution.InterceptingExecutableInvoker.lambda$invoke$0(InterceptingExecutableInvoker.java:93)
	at org.junit.jupiter.engine.execution.InvocationInterceptorChain$InterceptedInvocation.proceed(InvocationInterceptorChain.java:106)
	at org.junit.jupiter.engine.execution.InvocationInterceptorChain.proceed(InvocationInterceptorChain.java:64)
	at org.junit.jupiter.engine.execution.InvocationInterceptorChain.chainAndInvoke(InvocationInterceptorChain.java:45)
	at org.junit.jupiter.engine.execution.InvocationInterceptorChain.invoke(InvocationInterceptorChain.java:37)
	at org.junit.jupiter.engine.execution.InterceptingExecutableInvoker.invoke(InterceptingExecutableInvoker.java:92)
	at org.junit.jupiter.engine.execution.InterceptingExecutableInvoker.invoke(InterceptingExecutableInvoker.java:86)
	at org.junit.jupiter.engine.descriptor.TestMethodTestDescriptor.lambda$invokeTestMethod$7(TestMethodTestDescriptor.java:218)
	at org.junit.platform.engine.support.hierarchical.ThrowableCollector.execute(ThrowableCollector.java:73)
	at org.junit.jupiter.engine.descriptor.TestMethodTestDescriptor.invokeTestMethod(TestMethodTestDescriptor.java:214)
	at org.junit.jupiter.engine.descriptor.TestMethodTestDescriptor.execute(TestMethodTestDescriptor.java:139)
	at org.junit.jupiter.engine.descriptor.TestMethodTestDescriptor.execute(TestMethodTestDescriptor.java:69)
	at org.junit.platform.engine.support.hierarchical.NodeTestTask.lambda$executeRecursively$6(NodeTestTask.java:151)
	at org.junit.platform.engine.support.hierarchical.ThrowableCollector.execute(ThrowableCollector.java:73)
	at org.junit.platform.engine.support.hierarchical.NodeTestTask.lambda$executeRecursively$8(NodeTestTask.java:141)
	at org.junit.platform.engine.support.hierarchical.Node.around(Node.java:137)
	at org.junit.platform.engine.support.hierarchical.NodeTestTask.lambda$executeRecursively$9(NodeTestTask.java:139)
	at org.junit.platform.engine.support.hierarchical.ThrowableCollector.execute(ThrowableCollector.java:73)
	at org.junit.platform.engine.support.hierarchical.NodeTestTask.executeRecursively(NodeTestTask.java:138)
	at org.junit.platform.engine.support.hierarchical.NodeTestTask.execute(NodeTestTask.java:95)
	at java.base/java.util.ArrayList.forEach(ArrayList.java:1596)
	at org.junit.platform.engine.support.hierarchical.SameThreadHierarchicalTestExecutorService.invokeAll(SameThreadHierarchicalTestExecutorService.java:41)
	at org.junit.platform.engine.support.hierarchical.NodeTestTask.lambda$executeRecursively$6(NodeTestTask.java:155)
	at org.junit.platform.engine.support.hierarchical.ThrowableCollector.execute(ThrowableCollector.java:73)
	at org.junit.platform.engine.support.hierarchical.NodeTestTask.lambda$executeRecursively$8(NodeTestTask.java:141)
	at org.junit.platform.engine.support.hierarchical.Node.around(Node.java:137)
	at org.junit.platform.engine.support.hierarchical.NodeTestTask.lambda$executeRecursively$9(NodeTestTask.java:139)
	at org.junit.platform.engine.support.hierarchical.ThrowableCollector.execute(ThrowableCollector.java:73)
	at org.junit.platform.engine.support.hierarchical.NodeTestTask.executeRecursively(NodeTestTask.java:138)
	at org.junit.platform.engine.support.hierarchical.NodeTestTask.execute(NodeTestTask.java:95)
	at java.base/java.util.ArrayList.forEach(ArrayList.java:1596)
	at org.junit.platform.engine.support.hierarchical.SameThreadHierarchicalTestExecutorService.invokeAll(SameThreadHierarchicalTestExecutorService.java:41)
	at org.junit.platform.engine.support.hierarchical.NodeTestTask.lambda$executeRecursively$6(NodeTestTask.java:155)
	at org.junit.platform.engine.support.hierarchical.ThrowableCollector.execute(ThrowableCollector.java:73)
	at org.junit.platform.engine.support.hierarchical.NodeTestTask.lambda$executeRecursively$8(NodeTestTask.java:141)
	at org.junit.platform.engine.support.hierarchical.Node.around(Node.java:137)
	at org.junit.platform.engine.support.hierarchical.NodeTestTask.lambda$executeRecursively$9(NodeTestTask.java:139)
	at org.junit.platform.engine.support.hierarchical.ThrowableCollector.execute(ThrowableCollector.java:73)
	at org.junit.platform.engine.support.hierarchical.NodeTestTask.executeRecursively(NodeTestTask.java:138)
	at org.junit.platform.engine.support.hierarchical.NodeTestTask.execute(NodeTestTask.java:95)
	at org.junit.platform.engine.support.hierarchical.SameThreadHierarchicalTestExecutorService.submit(SameThreadHierarchicalTestExecutorService.java:35)
	at org.junit.platform.engine.support.hierarchical.HierarchicalTestExecutor.execute(HierarchicalTestExecutor.java:57)
	at org.junit.platform.engine.support.hierarchical.HierarchicalTestEngine.execute(HierarchicalTestEngine.java:54)
	at org.junit.platform.launcher.core.EngineExecutionOrchestrator.execute(EngineExecutionOrchestrator.java:198)
	at org.junit.platform.launcher.core.EngineExecutionOrchestrator.execute(EngineExecutionOrchestrator.java:169)
	at org.junit.platform.launcher.core.EngineExecutionOrchestrator.execute(EngineExecutionOrchestrator.java:93)
	at org.junit.platform.launcher.core.EngineExecutionOrchestrator.lambda$execute$0(EngineExecutionOrchestrator.java:58)
	at org.junit.platform.launcher.core.EngineExecutionOrchestrator.withInterceptedStreams(EngineExecutionOrchestrator.java:141)
	at org.junit.platform.launcher.core.EngineExecutionOrchestrator.execute(EngineExecutionOrchestrator.java:57)
	at org.junit.platform.launcher.core.DefaultLauncher.execute(DefaultLauncher.java:103)
	at org.junit.platform.launcher.core.DefaultLauncher.execute(DefaultLauncher.java:85)
	at org.junit.platform.launcher.core.DelegatingLauncher.execute(DelegatingLauncher.java:47)
	at org.junit.platform.launcher.core.SessionPerRequestLauncher.execute(SessionPerRequestLauncher.java:63)
	at com.intellij.junit5.JUnit5IdeaTestRunner.startRunnerWithArgs(JUnit5IdeaTestRunner.java:57)
	at com.intellij.rt.junit.IdeaTestRunner$Repeater$1.execute(IdeaTestRunner.java:38)
	at com.intellij.rt.execution.junit.TestsRepeater.repeat(TestsRepeater.java:11)
	at com.intellij.rt.junit.IdeaTestRunner$Repeater.startRunnerWithArgs(IdeaTestRunner.java:35)
	at com.intellij.rt.junit.JUnitStarter.prepareStreamsAndStart(JUnitStarter.java:232)
	at com.intellij.rt.junit.JUnitStarter.main(JUnitStarter.java:55)
2025-01-09 13:29:00 [main] INFO  l.insoft.uztis.tests.utils.TestUtils - Screenshot moved to C:\Users\ingrida.zadorozniene\Desktop\Asm\UZTIS\UZTIS_tests\test-output\screenshots\20250109\132900944_testInsertVuiStatisticInformation().png
2025-01-09 13:30:19 [main] INFO  lt.insoft.uztis.tests.UztisPageTest - Navigated to https://uztisdev.asseco.lt/home
2025-01-09 13:30:19 [main] INFO  l.i.uztis.tests.InvitationsPageTest - Starting test:'testInsertVuiStatisticInformation'
2025-01-09 13:30:20 [main] DEBUG l.i.uztis.tests.InvitationsPageTest - User logged in with test credentials
2025-01-09 13:30:20 [main] DEBUG l.i.uztis.tests.InvitationsPageTest - Opened 'Application Processing' menu.
2025-01-09 13:30:20 [main] DEBUG l.i.uztis.tests.InvitationsPageTest - Clicked on 'Application Forms' menu.
2025-01-09 13:30:20 [main] DEBUG l.i.uztis.tests.InvitationsPageTest - Navigating to application forms menu.
2025-01-09 13:30:20 [main] DEBUG l.i.uztis.tests.InvitationsPageTest - Retrieved last description code text: 'TST-VUI-81'.
2025-01-09 13:30:20 [main] DEBUG l.i.uztis.tests.InvitationsPageTest - Clicked on 'Invitation' menu.
2025-01-09 13:30:21 [main] DEBUG l.i.uztis.tests.InvitationsPageTest - Selected section by code: 'TST-VUI-81'.
2025-01-09 13:30:21 [main] DEBUG l.i.uztis.tests.InvitationsPageTest - Clicked 'Search'.
2025-01-09 13:30:21 [main] DEBUG l.i.uztis.tests.InvitationsPageTest - Getting and inserting application code text.
2025-01-09 13:30:21 [main] DEBUG l.i.uztis.tests.InvitationsPageTest - Clicked 'Publishing'.
2025-01-09 13:30:22 [main] DEBUG l.i.uztis.tests.InvitationsPageTest - Clicked 'Statistic Information' tab.
2025-01-09 13:30:22 [main] DEBUG l.i.uztis.tests.InvitationsPageTest - Clicked 'Edit' button.
2025-01-09 13:30:22 [main] DEBUG l.i.uztis.tests.InvitationsPageTest - Entered current date.
2025-01-09 13:30:22 [main] DEBUG l.i.uztis.tests.InvitationsPageTest - Entered value: 8.7
2025-01-09 13:30:22 [main] DEBUG l.i.uztis.tests.InvitationsPageTest - Entered average salary: 2237.9
2025-01-09 13:30:22 [main] DEBUG l.i.uztis.tests.InvitationsPageTest - File uploaded.
2025-01-09 13:30:22 [main] DEBUG l.i.uztis.tests.InvitationsPageTest - Clicked 'Save' button.
2025-01-09 13:30:24 [main] DEBUG l.i.uztis.tests.InvitationsPageTest - Verified success message: 'Funkcija sėkmingai atlikta.'
2025-01-09 13:30:24 [main] INFO  l.i.uztis.tests.InvitationsPageTest - Test 'testInsertVuiStatisticInformation' completed successfully.
2025-01-09 14:34:17 [main] INFO  lt.insoft.uztis.tests.UztisPageTest - Navigated to https://uztisdev.asseco.lt/home
2025-01-09 14:34:17 [main] INFO  l.i.u.tests.ApplicationFormsPageTest - Setup complete. ApplicationFormsPage initialized.
2025-01-09 14:34:17 [main] INFO  l.i.u.tests.ApplicationFormsPageTest - Starting test:'testNavigateToAndReviewApplicationFormsPageTest'
2025-01-09 14:34:18 [main] DEBUG l.i.u.tests.ApplicationFormsPageTest - User logged in with test credentials
2025-01-09 14:34:26 [main] ERROR l.i.u.tests.ApplicationFormsPageTest - Test 'testNavigateToAndReviewApplicationFormsPageTest' failed with error: Error communicating with the remote browser. It may have died.
Build info: version: '4.27.0', revision: 'd6e718d134'
System info: os.name: 'Windows 11', os.arch: 'amd64', os.version: '10.0', java.version: '21.0.3'
Driver info: org.openqa.selenium.chrome.ChromeDriver
Command: [5adfde898de1528434702a07b2658ede, findElement [value, using]]
Capabilities {acceptInsecureCerts: false, browserName: chrome, browserVersion: 131.0.6778.206, chrome: {chromedriverVersion: 131.0.6778.264 (2d05e315153..., userDataDir: C:\Users\INGRID~1.ZAD\AppDa...}, fedcm:accounts: true, goog:chromeOptions: {debuggerAddress: localhost:55687}, networkConnectionEnabled: false, pageLoadStrategy: normal, platformName: windows, proxy: Proxy(), se:cdp: ws://localhost:55687/devtoo..., se:cdpVersion: 131.0.6778.206, setWindowRect: true, strictFileInteractability: false, timeouts: {implicit: 0, pageLoad: 300000, script: 30000}, unhandledPromptBehavior: dismiss and notify, webauthn:extension:credBlob: true, webauthn:extension:largeBlob: true, webauthn:extension:minPinLength: true, webauthn:extension:prf: true, webauthn:virtualAuthenticators: true}
Session ID: 5adfde898de1528434702a07b2658ede
org.openqa.selenium.remote.UnreachableBrowserException: Error communicating with the remote browser. It may have died.
Build info: version: '4.27.0', revision: 'd6e718d134'
System info: os.name: 'Windows 11', os.arch: 'amd64', os.version: '10.0', java.version: '21.0.3'
Driver info: org.openqa.selenium.chrome.ChromeDriver
Command: [5adfde898de1528434702a07b2658ede, findElement [value, using]]
Capabilities {acceptInsecureCerts: false, browserName: chrome, browserVersion: 131.0.6778.206, chrome: {chromedriverVersion: 131.0.6778.264 (2d05e315153..., userDataDir: C:\Users\INGRID~1.ZAD\AppDa...}, fedcm:accounts: true, goog:chromeOptions: {debuggerAddress: localhost:55687}, networkConnectionEnabled: false, pageLoadStrategy: normal, platformName: windows, proxy: Proxy(), se:cdp: ws://localhost:55687/devtoo..., se:cdpVersion: 131.0.6778.206, setWindowRect: true, strictFileInteractability: false, timeouts: {implicit: 0, pageLoad: 300000, script: 30000}, unhandledPromptBehavior: dismiss and notify, webauthn:extension:credBlob: true, webauthn:extension:largeBlob: true, webauthn:extension:minPinLength: true, webauthn:extension:prf: true, webauthn:virtualAuthenticators: true}
Session ID: 5adfde898de1528434702a07b2658ede
	at org.openqa.selenium.remote.RemoteWebDriver.execute(RemoteWebDriver.java:572)
	at org.openqa.selenium.remote.ElementLocation$ElementFinder$2.findElement(ElementLocation.java:165)
	at org.openqa.selenium.remote.ElementLocation.findElement(ElementLocation.java:59)
	at org.openqa.selenium.remote.RemoteWebDriver.findElement(RemoteWebDriver.java:368)
	at org.openqa.selenium.remote.RemoteWebDriver.findElement(RemoteWebDriver.java:362)
	at org.openqa.selenium.support.pagefactory.DefaultElementLocator.findElement(DefaultElementLocator.java:68)
	at org.openqa.selenium.support.pagefactory.internal.LocatingElementHandler.invoke(LocatingElementHandler.java:38)
	at jdk.proxy2/jdk.proxy2.$Proxy14.getText(Unknown Source)
	at lt.insoft.uztis.pages.ApplicationFormsPage.getFormsLabelText(ApplicationFormsPage.java:168)
	at lt.insoft.uztis.tests.ApplicationFormsPageTest.testNavigateToAndReviewApplicationFormsPageTest(ApplicationFormsPageTest.java:62)
	at java.base/jdk.internal.reflect.DirectMethodHandleAccessor.invoke(DirectMethodHandleAccessor.java:103)
	at java.base/java.lang.reflect.Method.invoke(Method.java:580)
	at org.junit.platform.commons.util.ReflectionUtils.invokeMethod(ReflectionUtils.java:728)
	at org.junit.jupiter.engine.execution.MethodInvocation.proceed(MethodInvocation.java:60)
	at org.junit.jupiter.engine.execution.InvocationInterceptorChain$ValidatingInvocation.proceed(InvocationInterceptorChain.java:131)
	at org.junit.jupiter.engine.extension.TimeoutExtension.intercept(TimeoutExtension.java:156)
	at org.junit.jupiter.engine.extension.TimeoutExtension.interceptTestableMethod(TimeoutExtension.java:147)
	at org.junit.jupiter.engine.extension.TimeoutExtension.interceptTestMethod(TimeoutExtension.java:86)
	at org.junit.jupiter.engine.execution.InterceptingExecutableInvoker$ReflectiveInterceptorCall.lambda$ofVoidMethod$0(InterceptingExecutableInvoker.java:103)
	at org.junit.jupiter.engine.execution.InterceptingExecutableInvoker.lambda$invoke$0(InterceptingExecutableInvoker.java:93)
	at org.junit.jupiter.engine.execution.InvocationInterceptorChain$InterceptedInvocation.proceed(InvocationInterceptorChain.java:106)
	at org.junit.jupiter.engine.execution.InvocationInterceptorChain.proceed(InvocationInterceptorChain.java:64)
	at org.junit.jupiter.engine.execution.InvocationInterceptorChain.chainAndInvoke(InvocationInterceptorChain.java:45)
	at org.junit.jupiter.engine.execution.InvocationInterceptorChain.invoke(InvocationInterceptorChain.java:37)
	at org.junit.jupiter.engine.execution.InterceptingExecutableInvoker.invoke(InterceptingExecutableInvoker.java:92)
	at org.junit.jupiter.engine.execution.InterceptingExecutableInvoker.invoke(InterceptingExecutableInvoker.java:86)
	at org.junit.jupiter.engine.descriptor.TestMethodTestDescriptor.lambda$invokeTestMethod$7(TestMethodTestDescriptor.java:218)
	at org.junit.platform.engine.support.hierarchical.ThrowableCollector.execute(ThrowableCollector.java:73)
	at org.junit.jupiter.engine.descriptor.TestMethodTestDescriptor.invokeTestMethod(TestMethodTestDescriptor.java:214)
	at org.junit.jupiter.engine.descriptor.TestMethodTestDescriptor.execute(TestMethodTestDescriptor.java:139)
	at org.junit.jupiter.engine.descriptor.TestMethodTestDescriptor.execute(TestMethodTestDescriptor.java:69)
	at org.junit.platform.engine.support.hierarchical.NodeTestTask.lambda$executeRecursively$6(NodeTestTask.java:151)
	at org.junit.platform.engine.support.hierarchical.ThrowableCollector.execute(ThrowableCollector.java:73)
	at org.junit.platform.engine.support.hierarchical.NodeTestTask.lambda$executeRecursively$8(NodeTestTask.java:141)
	at org.junit.platform.engine.support.hierarchical.Node.around(Node.java:137)
	at org.junit.platform.engine.support.hierarchical.NodeTestTask.lambda$executeRecursively$9(NodeTestTask.java:139)
	at org.junit.platform.engine.support.hierarchical.ThrowableCollector.execute(ThrowableCollector.java:73)
	at org.junit.platform.engine.support.hierarchical.NodeTestTask.executeRecursively(NodeTestTask.java:138)
	at org.junit.platform.engine.support.hierarchical.NodeTestTask.execute(NodeTestTask.java:95)
	at java.base/java.util.ArrayList.forEach(ArrayList.java:1596)
	at org.junit.platform.engine.support.hierarchical.SameThreadHierarchicalTestExecutorService.invokeAll(SameThreadHierarchicalTestExecutorService.java:41)
	at org.junit.platform.engine.support.hierarchical.NodeTestTask.lambda$executeRecursively$6(NodeTestTask.java:155)
	at org.junit.platform.engine.support.hierarchical.ThrowableCollector.execute(ThrowableCollector.java:73)
	at org.junit.platform.engine.support.hierarchical.NodeTestTask.lambda$executeRecursively$8(NodeTestTask.java:141)
	at org.junit.platform.engine.support.hierarchical.Node.around(Node.java:137)
	at org.junit.platform.engine.support.hierarchical.NodeTestTask.lambda$executeRecursively$9(NodeTestTask.java:139)
	at org.junit.platform.engine.support.hierarchical.ThrowableCollector.execute(ThrowableCollector.java:73)
	at org.junit.platform.engine.support.hierarchical.NodeTestTask.executeRecursively(NodeTestTask.java:138)
	at org.junit.platform.engine.support.hierarchical.NodeTestTask.execute(NodeTestTask.java:95)
	at java.base/java.util.ArrayList.forEach(ArrayList.java:1596)
	at org.junit.platform.engine.support.hierarchical.SameThreadHierarchicalTestExecutorService.invokeAll(SameThreadHierarchicalTestExecutorService.java:41)
	at org.junit.platform.engine.support.hierarchical.NodeTestTask.lambda$executeRecursively$6(NodeTestTask.java:155)
	at org.junit.platform.engine.support.hierarchical.ThrowableCollector.execute(ThrowableCollector.java:73)
	at org.junit.platform.engine.support.hierarchical.NodeTestTask.lambda$executeRecursively$8(NodeTestTask.java:141)
	at org.junit.platform.engine.support.hierarchical.Node.around(Node.java:137)
	at org.junit.platform.engine.support.hierarchical.NodeTestTask.lambda$executeRecursively$9(NodeTestTask.java:139)
	at org.junit.platform.engine.support.hierarchical.ThrowableCollector.execute(ThrowableCollector.java:73)
	at org.junit.platform.engine.support.hierarchical.NodeTestTask.executeRecursively(NodeTestTask.java:138)
	at org.junit.platform.engine.support.hierarchical.NodeTestTask.execute(NodeTestTask.java:95)
	at org.junit.platform.engine.support.hierarchical.SameThreadHierarchicalTestExecutorService.submit(SameThreadHierarchicalTestExecutorService.java:35)
	at org.junit.platform.engine.support.hierarchical.HierarchicalTestExecutor.execute(HierarchicalTestExecutor.java:57)
	at org.junit.platform.engine.support.hierarchical.HierarchicalTestEngine.execute(HierarchicalTestEngine.java:54)
	at org.junit.platform.launcher.core.EngineExecutionOrchestrator.execute(EngineExecutionOrchestrator.java:198)
	at org.junit.platform.launcher.core.EngineExecutionOrchestrator.execute(EngineExecutionOrchestrator.java:169)
	at org.junit.platform.launcher.core.EngineExecutionOrchestrator.execute(EngineExecutionOrchestrator.java:93)
	at org.junit.platform.launcher.core.EngineExecutionOrchestrator.lambda$execute$0(EngineExecutionOrchestrator.java:58)
	at org.junit.platform.launcher.core.EngineExecutionOrchestrator.withInterceptedStreams(EngineExecutionOrchestrator.java:141)
	at org.junit.platform.launcher.core.EngineExecutionOrchestrator.execute(EngineExecutionOrchestrator.java:57)
	at org.junit.platform.launcher.core.DefaultLauncher.execute(DefaultLauncher.java:103)
	at org.junit.platform.launcher.core.DefaultLauncher.execute(DefaultLauncher.java:85)
	at org.junit.platform.launcher.core.DelegatingLauncher.execute(DelegatingLauncher.java:47)
	at org.junit.platform.launcher.core.SessionPerRequestLauncher.execute(SessionPerRequestLauncher.java:63)
	at com.intellij.junit5.JUnit5IdeaTestRunner.startRunnerWithArgs(JUnit5IdeaTestRunner.java:57)
	at com.intellij.rt.junit.IdeaTestRunner$Repeater$1.execute(IdeaTestRunner.java:38)
	at com.intellij.rt.execution.junit.TestsRepeater.repeat(TestsRepeater.java:11)
	at com.intellij.rt.junit.IdeaTestRunner$Repeater.startRunnerWithArgs(IdeaTestRunner.java:35)
	at com.intellij.rt.junit.JUnitStarter.prepareStreamsAndStart(JUnitStarter.java:232)
	at com.intellij.rt.junit.JUnitStarter.main(JUnitStarter.java:55)
Caused by: java.io.UncheckedIOException: java.io.IOException: HTTP/1.1 header parser received no bytes
	at org.openqa.selenium.remote.http.jdk.JdkHttpClient.execute0(JdkHttpClient.java:496)
	at org.openqa.selenium.remote.http.AddSeleniumUserAgent.lambda$apply$0(AddSeleniumUserAgent.java:42)
	at org.openqa.selenium.remote.http.Filter.lambda$andFinally$1(Filter.java:55)
	at org.openqa.selenium.remote.http.jdk.JdkHttpClient.lambda$executeAsync$1(JdkHttpClient.java:383)
	at java.base/java.util.concurrent.Executors$RunnableAdapter.call(Executors.java:572)
	at java.base/java.util.concurrent.FutureTask.run(FutureTask.java:317)
	at java.base/java.util.concurrent.ThreadPoolExecutor.runWorker(ThreadPoolExecutor.java:1144)
	at java.base/java.util.concurrent.ThreadPoolExecutor$Worker.run(ThreadPoolExecutor.java:642)
	at java.base/java.lang.Thread.run(Thread.java:1583)
Caused by: java.io.IOException: HTTP/1.1 header parser received no bytes
	at java.net.http/jdk.internal.net.http.HttpClientImpl.send(HttpClientImpl.java:964)
	at java.net.http/jdk.internal.net.http.HttpClientFacade.send(HttpClientFacade.java:133)
	at org.openqa.selenium.remote.http.jdk.JdkHttpClient.execute0(JdkHttpClient.java:455)
	... 8 common frames omitted
Caused by: java.io.IOException: HTTP/1.1 header parser received no bytes
	at java.net.http/jdk.internal.net.http.common.Utils.wrapWithExtraDetail(Utils.java:388)
	at java.net.http/jdk.internal.net.http.Http1Response$HeadersReader.onReadError(Http1Response.java:590)
	at java.net.http/jdk.internal.net.http.Http1AsyncReceiver.checkForErrors(Http1AsyncReceiver.java:302)
	at java.net.http/jdk.internal.net.http.Http1AsyncReceiver.flush(Http1AsyncReceiver.java:268)
	at java.net.http/jdk.internal.net.http.common.SequentialScheduler$LockingRestartableTask.run(SequentialScheduler.java:182)
	at java.net.http/jdk.internal.net.http.common.SequentialScheduler$CompleteRestartableTask.run(SequentialScheduler.java:149)
	at java.net.http/jdk.internal.net.http.common.SequentialScheduler$SchedulableTask.run(SequentialScheduler.java:207)
	... 3 common frames omitted
Caused by: java.net.SocketException: Connection reset
	at java.base/sun.nio.ch.SocketChannelImpl.throwConnectionReset(SocketChannelImpl.java:401)
	at java.base/sun.nio.ch.SocketChannelImpl.read(SocketChannelImpl.java:434)
	at java.net.http/jdk.internal.net.http.SocketTube.readAvailable(SocketTube.java:1178)
	at java.net.http/jdk.internal.net.http.SocketTube$InternalReadPublisher$InternalReadSubscription.read(SocketTube.java:841)
	at java.net.http/jdk.internal.net.http.SocketTube$SocketFlowTask.run(SocketTube.java:181)
	at java.net.http/jdk.internal.net.http.common.SequentialScheduler$SchedulableTask.run(SequentialScheduler.java:207)
	at java.net.http/jdk.internal.net.http.common.SequentialScheduler.runOrSchedule(SequentialScheduler.java:280)
	at java.net.http/jdk.internal.net.http.common.SequentialScheduler.runOrSchedule(SequentialScheduler.java:233)
	at java.net.http/jdk.internal.net.http.SocketTube$InternalReadPublisher$InternalReadSubscription.signalReadable(SocketTube.java:782)
	at java.net.http/jdk.internal.net.http.SocketTube$InternalReadPublisher$ReadEvent.signalEvent(SocketTube.java:965)
	at java.net.http/jdk.internal.net.http.SocketTube$SocketFlowEvent.handle(SocketTube.java:253)
	at java.net.http/jdk.internal.net.http.HttpClientImpl$SelectorManager.handleEvent(HttpClientImpl.java:1467)
	at java.net.http/jdk.internal.net.http.HttpClientImpl$SelectorManager.lambda$run$3(HttpClientImpl.java:1412)
	at java.base/java.util.ArrayList.forEach(ArrayList.java:1596)
	at java.net.http/jdk.internal.net.http.HttpClientImpl$SelectorManager.run(HttpClientImpl.java:1412)
2025-01-09 14:36:02 [main] INFO  lt.insoft.uztis.tests.UztisPageTest - Navigated to https://uztisdev.asseco.lt/home
2025-01-09 14:36:02 [main] INFO  l.i.u.tests.ApplicationFormsPageTest - Setup complete. ApplicationFormsPage initialized.
2025-01-09 14:36:02 [main] INFO  l.i.u.tests.ApplicationFormsPageTest - Starting test:'testNavigateToAndReviewApplicationFormsPageTest'
2025-01-09 14:36:03 [main] DEBUG l.i.u.tests.ApplicationFormsPageTest - User logged in with test credentials
2025-01-09 14:36:04 [main] DEBUG l.i.u.tests.ApplicationFormsPageTest - Fetched label text: Paraiškų formos
2025-01-09 14:36:04 [main] INFO  l.i.u.tests.ApplicationFormsPageTest - Verified that the label text matches the expected value.
2025-01-09 14:36:04 [main] DEBUG l.i.u.tests.ApplicationFormsPageTest - Selected the last application description.
2025-01-09 14:36:04 [main] INFO  l.i.u.tests.ApplicationFormsPageTest - Verified that the 'Edit' button is displayed.
2025-01-09 14:36:04 [main] INFO  l.i.u.tests.ApplicationFormsPageTest - Test 'testNavigateToAndReviewApplicationFormsPageTest' completed successfully.
2025-01-09 14:38:02 [main] INFO  lt.insoft.uztis.tests.UztisPageTest - Navigated to https://uztisdev.asseco.lt/home
2025-01-09 14:38:02 [main] INFO  l.i.u.tests.ApplicationFormsPageTest - Setup complete. ApplicationFormsPage initialized.
2025-01-09 14:38:02 [main] INFO  l.i.u.tests.ApplicationFormsPageTest - Starting test:'testNavigateToAndReviewApplicationFormsPageTest'
2025-01-09 14:38:03 [main] DEBUG l.i.u.tests.ApplicationFormsPageTest - User logged in with test credentials
2025-01-09 14:38:03 [main] DEBUG l.i.u.tests.ApplicationFormsPageTest - Opened 'Application Processing' menu.
2025-01-09 14:38:03 [main] DEBUG l.i.u.tests.ApplicationFormsPageTest - Clicked on 'Application Forms' menu.
2025-01-09 14:38:04 [main] DEBUG l.i.u.tests.ApplicationFormsPageTest - Fetched label text: Paraiškų formos
2025-01-09 14:38:04 [main] INFO  l.i.u.tests.ApplicationFormsPageTest - Verified that the label text matches the expected value.
2025-01-09 14:38:04 [main] DEBUG l.i.u.tests.ApplicationFormsPageTest - Selected the last application description.
2025-01-09 14:38:04 [main] INFO  l.i.u.tests.ApplicationFormsPageTest - Verified that the 'Edit' button is displayed.
2025-01-09 14:38:04 [main] INFO  l.i.u.tests.ApplicationFormsPageTest - Test 'testNavigateToAndReviewApplicationFormsPageTest' completed successfully.
2025-01-09 15:05:44 [main] INFO  lt.insoft.uztis.tests.UztisPageTest - Navigated to https://uztisdev.asseco.lt/home
2025-01-09 15:05:44 [main] INFO  l.i.u.t.SubmittedApplicationsPageTest - Starting test:'testNavigateToSubmittedApplicationsPageTest'
2025-01-09 15:05:54 [main] ERROR l.i.u.t.SubmittedApplicationsPageTest - Test 'testNavigateToSubmittedApplicationsPageTest' failed with error: no such element: Unable to locate element: {"method":"css selector","selector":"#username"}
  (Session info: chrome=131.0.6778.206)
For documentation on this error, please visit: https://www.selenium.dev/documentation/webdriver/troubleshooting/errors#no-such-element-exception
Build info: version: '4.27.0', revision: 'd6e718d134'
System info: os.name: 'Windows 11', os.arch: 'amd64', os.version: '10.0', java.version: '21.0.3'
Driver info: org.openqa.selenium.chrome.ChromeDriver
Command: [0bc589b0c759903b3b7daa65251c6569, findElement {value=username, using=id}]
Capabilities {acceptInsecureCerts: false, browserName: chrome, browserVersion: 131.0.6778.206, chrome: {chromedriverVersion: 131.0.6778.264 (2d05e315153..., userDataDir: C:\Users\INGRID~1.ZAD\AppDa...}, fedcm:accounts: true, goog:chromeOptions: {debuggerAddress: localhost:56708}, networkConnectionEnabled: false, pageLoadStrategy: normal, platformName: windows, proxy: Proxy(), se:cdp: ws://localhost:56708/devtoo..., se:cdpVersion: 131.0.6778.206, setWindowRect: true, strictFileInteractability: false, timeouts: {implicit: 0, pageLoad: 300000, script: 30000}, unhandledPromptBehavior: dismiss and notify, webauthn:extension:credBlob: true, webauthn:extension:largeBlob: true, webauthn:extension:minPinLength: true, webauthn:extension:prf: true, webauthn:virtualAuthenticators: true}
Session ID: 0bc589b0c759903b3b7daa65251c6569
org.openqa.selenium.NoSuchElementException: no such element: Unable to locate element: {"method":"css selector","selector":"#username"}
  (Session info: chrome=131.0.6778.206)
For documentation on this error, please visit: https://www.selenium.dev/documentation/webdriver/troubleshooting/errors#no-such-element-exception
Build info: version: '4.27.0', revision: 'd6e718d134'
System info: os.name: 'Windows 11', os.arch: 'amd64', os.version: '10.0', java.version: '21.0.3'
Driver info: org.openqa.selenium.chrome.ChromeDriver
Command: [0bc589b0c759903b3b7daa65251c6569, findElement {value=username, using=id}]
Capabilities {acceptInsecureCerts: false, browserName: chrome, browserVersion: 131.0.6778.206, chrome: {chromedriverVersion: 131.0.6778.264 (2d05e315153..., userDataDir: C:\Users\INGRID~1.ZAD\AppDa...}, fedcm:accounts: true, goog:chromeOptions: {debuggerAddress: localhost:56708}, networkConnectionEnabled: false, pageLoadStrategy: normal, platformName: windows, proxy: Proxy(), se:cdp: ws://localhost:56708/devtoo..., se:cdpVersion: 131.0.6778.206, setWindowRect: true, strictFileInteractability: false, timeouts: {implicit: 0, pageLoad: 300000, script: 30000}, unhandledPromptBehavior: dismiss and notify, webauthn:extension:credBlob: true, webauthn:extension:largeBlob: true, webauthn:extension:minPinLength: true, webauthn:extension:prf: true, webauthn:virtualAuthenticators: true}
Session ID: 0bc589b0c759903b3b7daa65251c6569
	at java.base/jdk.internal.reflect.DirectConstructorHandleAccessor.newInstance(DirectConstructorHandleAccessor.java:62)
	at java.base/java.lang.reflect.Constructor.newInstanceWithCaller(Constructor.java:502)
	at java.base/java.lang.reflect.Constructor.newInstance(Constructor.java:486)
	at org.openqa.selenium.remote.ErrorCodec.decode(ErrorCodec.java:167)
	at org.openqa.selenium.remote.codec.w3c.W3CHttpResponseCodec.decode(W3CHttpResponseCodec.java:138)
	at org.openqa.selenium.remote.codec.w3c.W3CHttpResponseCodec.decode(W3CHttpResponseCodec.java:50)
	at org.openqa.selenium.remote.HttpCommandExecutor.execute(HttpCommandExecutor.java:190)
	at org.openqa.selenium.remote.service.DriverCommandExecutor.invokeExecute(DriverCommandExecutor.java:216)
	at org.openqa.selenium.remote.service.DriverCommandExecutor.execute(DriverCommandExecutor.java:174)
	at org.openqa.selenium.remote.RemoteWebDriver.execute(RemoteWebDriver.java:545)
	at org.openqa.selenium.remote.ElementLocation$ElementFinder$2.findElement(ElementLocation.java:165)
	at org.openqa.selenium.remote.ElementLocation.findElement(ElementLocation.java:66)
	at org.openqa.selenium.remote.RemoteWebDriver.findElement(RemoteWebDriver.java:368)
	at org.openqa.selenium.remote.RemoteWebDriver.findElement(RemoteWebDriver.java:362)
	at org.openqa.selenium.support.pagefactory.DefaultElementLocator.findElement(DefaultElementLocator.java:68)
	at org.openqa.selenium.support.pagefactory.internal.LocatingElementHandler.invoke(LocatingElementHandler.java:38)
	at jdk.proxy2/jdk.proxy2.$Proxy14.sendKeys(Unknown Source)
	at lt.insoft.uztis.pages.ApplicationFormsPage.login(ApplicationFormsPage.java:138)
	at lt.insoft.uztis.tests.SubmittedApplicationsPageTest.testNavigateToSubmittedApplicationsPageTest(SubmittedApplicationsPageTest.java:48)
	at java.base/jdk.internal.reflect.DirectMethodHandleAccessor.invoke(DirectMethodHandleAccessor.java:103)
	at java.base/java.lang.reflect.Method.invoke(Method.java:580)
	at org.junit.platform.commons.util.ReflectionUtils.invokeMethod(ReflectionUtils.java:728)
	at org.junit.jupiter.engine.execution.MethodInvocation.proceed(MethodInvocation.java:60)
	at org.junit.jupiter.engine.execution.InvocationInterceptorChain$ValidatingInvocation.proceed(InvocationInterceptorChain.java:131)
	at org.junit.jupiter.engine.extension.TimeoutExtension.intercept(TimeoutExtension.java:156)
	at org.junit.jupiter.engine.extension.TimeoutExtension.interceptTestableMethod(TimeoutExtension.java:147)
	at org.junit.jupiter.engine.extension.TimeoutExtension.interceptTestMethod(TimeoutExtension.java:86)
	at org.junit.jupiter.engine.execution.InterceptingExecutableInvoker$ReflectiveInterceptorCall.lambda$ofVoidMethod$0(InterceptingExecutableInvoker.java:103)
	at org.junit.jupiter.engine.execution.InterceptingExecutableInvoker.lambda$invoke$0(InterceptingExecutableInvoker.java:93)
	at org.junit.jupiter.engine.execution.InvocationInterceptorChain$InterceptedInvocation.proceed(InvocationInterceptorChain.java:106)
	at org.junit.jupiter.engine.execution.InvocationInterceptorChain.proceed(InvocationInterceptorChain.java:64)
	at org.junit.jupiter.engine.execution.InvocationInterceptorChain.chainAndInvoke(InvocationInterceptorChain.java:45)
	at org.junit.jupiter.engine.execution.InvocationInterceptorChain.invoke(InvocationInterceptorChain.java:37)
	at org.junit.jupiter.engine.execution.InterceptingExecutableInvoker.invoke(InterceptingExecutableInvoker.java:92)
	at org.junit.jupiter.engine.execution.InterceptingExecutableInvoker.invoke(InterceptingExecutableInvoker.java:86)
	at org.junit.jupiter.engine.descriptor.TestMethodTestDescriptor.lambda$invokeTestMethod$7(TestMethodTestDescriptor.java:218)
	at org.junit.platform.engine.support.hierarchical.ThrowableCollector.execute(ThrowableCollector.java:73)
	at org.junit.jupiter.engine.descriptor.TestMethodTestDescriptor.invokeTestMethod(TestMethodTestDescriptor.java:214)
	at org.junit.jupiter.engine.descriptor.TestMethodTestDescriptor.execute(TestMethodTestDescriptor.java:139)
	at org.junit.jupiter.engine.descriptor.TestMethodTestDescriptor.execute(TestMethodTestDescriptor.java:69)
	at org.junit.platform.engine.support.hierarchical.NodeTestTask.lambda$executeRecursively$6(NodeTestTask.java:151)
	at org.junit.platform.engine.support.hierarchical.ThrowableCollector.execute(ThrowableCollector.java:73)
	at org.junit.platform.engine.support.hierarchical.NodeTestTask.lambda$executeRecursively$8(NodeTestTask.java:141)
	at org.junit.platform.engine.support.hierarchical.Node.around(Node.java:137)
	at org.junit.platform.engine.support.hierarchical.NodeTestTask.lambda$executeRecursively$9(NodeTestTask.java:139)
	at org.junit.platform.engine.support.hierarchical.ThrowableCollector.execute(ThrowableCollector.java:73)
	at org.junit.platform.engine.support.hierarchical.NodeTestTask.executeRecursively(NodeTestTask.java:138)
	at org.junit.platform.engine.support.hierarchical.NodeTestTask.execute(NodeTestTask.java:95)
	at java.base/java.util.ArrayList.forEach(ArrayList.java:1596)
	at org.junit.platform.engine.support.hierarchical.SameThreadHierarchicalTestExecutorService.invokeAll(SameThreadHierarchicalTestExecutorService.java:41)
	at org.junit.platform.engine.support.hierarchical.NodeTestTask.lambda$executeRecursively$6(NodeTestTask.java:155)
	at org.junit.platform.engine.support.hierarchical.ThrowableCollector.execute(ThrowableCollector.java:73)
	at org.junit.platform.engine.support.hierarchical.NodeTestTask.lambda$executeRecursively$8(NodeTestTask.java:141)
	at org.junit.platform.engine.support.hierarchical.Node.around(Node.java:137)
	at org.junit.platform.engine.support.hierarchical.NodeTestTask.lambda$executeRecursively$9(NodeTestTask.java:139)
	at org.junit.platform.engine.support.hierarchical.ThrowableCollector.execute(ThrowableCollector.java:73)
	at org.junit.platform.engine.support.hierarchical.NodeTestTask.executeRecursively(NodeTestTask.java:138)
	at org.junit.platform.engine.support.hierarchical.NodeTestTask.execute(NodeTestTask.java:95)
	at java.base/java.util.ArrayList.forEach(ArrayList.java:1596)
	at org.junit.platform.engine.support.hierarchical.SameThreadHierarchicalTestExecutorService.invokeAll(SameThreadHierarchicalTestExecutorService.java:41)
	at org.junit.platform.engine.support.hierarchical.NodeTestTask.lambda$executeRecursively$6(NodeTestTask.java:155)
	at org.junit.platform.engine.support.hierarchical.ThrowableCollector.execute(ThrowableCollector.java:73)
	at org.junit.platform.engine.support.hierarchical.NodeTestTask.lambda$executeRecursively$8(NodeTestTask.java:141)
	at org.junit.platform.engine.support.hierarchical.Node.around(Node.java:137)
	at org.junit.platform.engine.support.hierarchical.NodeTestTask.lambda$executeRecursively$9(NodeTestTask.java:139)
	at org.junit.platform.engine.support.hierarchical.ThrowableCollector.execute(ThrowableCollector.java:73)
	at org.junit.platform.engine.support.hierarchical.NodeTestTask.executeRecursively(NodeTestTask.java:138)
	at org.junit.platform.engine.support.hierarchical.NodeTestTask.execute(NodeTestTask.java:95)
	at org.junit.platform.engine.support.hierarchical.SameThreadHierarchicalTestExecutorService.submit(SameThreadHierarchicalTestExecutorService.java:35)
	at org.junit.platform.engine.support.hierarchical.HierarchicalTestExecutor.execute(HierarchicalTestExecutor.java:57)
	at org.junit.platform.engine.support.hierarchical.HierarchicalTestEngine.execute(HierarchicalTestEngine.java:54)
	at org.junit.platform.launcher.core.EngineExecutionOrchestrator.execute(EngineExecutionOrchestrator.java:198)
	at org.junit.platform.launcher.core.EngineExecutionOrchestrator.execute(EngineExecutionOrchestrator.java:169)
	at org.junit.platform.launcher.core.EngineExecutionOrchestrator.execute(EngineExecutionOrchestrator.java:93)
	at org.junit.platform.launcher.core.EngineExecutionOrchestrator.lambda$execute$0(EngineExecutionOrchestrator.java:58)
	at org.junit.platform.launcher.core.EngineExecutionOrchestrator.withInterceptedStreams(EngineExecutionOrchestrator.java:141)
	at org.junit.platform.launcher.core.EngineExecutionOrchestrator.execute(EngineExecutionOrchestrator.java:57)
	at org.junit.platform.launcher.core.DefaultLauncher.execute(DefaultLauncher.java:103)
	at org.junit.platform.launcher.core.DefaultLauncher.execute(DefaultLauncher.java:85)
	at org.junit.platform.launcher.core.DelegatingLauncher.execute(DelegatingLauncher.java:47)
	at org.junit.platform.launcher.core.SessionPerRequestLauncher.execute(SessionPerRequestLauncher.java:63)
	at com.intellij.junit5.JUnit5IdeaTestRunner.startRunnerWithArgs(JUnit5IdeaTestRunner.java:57)
	at com.intellij.rt.junit.IdeaTestRunner$Repeater$1.execute(IdeaTestRunner.java:38)
	at com.intellij.rt.execution.junit.TestsRepeater.repeat(TestsRepeater.java:11)
	at com.intellij.rt.junit.IdeaTestRunner$Repeater.startRunnerWithArgs(IdeaTestRunner.java:35)
	at com.intellij.rt.junit.JUnitStarter.prepareStreamsAndStart(JUnitStarter.java:232)
	at com.intellij.rt.junit.JUnitStarter.main(JUnitStarter.java:55)
2025-01-09 15:05:54 [main] INFO  l.insoft.uztis.tests.utils.TestUtils - Screenshot moved to C:\Users\ingrida.zadorozniene\Desktop\Asm\UZTIS\UZTIS_tests\test-output\screenshots\20250109\150554541_testNavigateToSubmittedApplicationsPageTest().png
2025-01-09 15:06:47 [main] INFO  lt.insoft.uztis.tests.UztisPageTest - Navigated to https://uztisdev.asseco.lt/home
2025-01-09 15:06:47 [main] INFO  l.i.u.t.SubmittedApplicationsPageTest - Starting test:'testNavigateToSubmittedApplicationsPageTest'
2025-01-09 15:06:50 [main] ERROR l.i.u.t.SubmittedApplicationsPageTest - Test 'testNavigateToSubmittedApplicationsPageTest' failed with error: Error communicating with the remote browser. It may have died.
Build info: version: '4.27.0', revision: 'd6e718d134'
System info: os.name: 'Windows 11', os.arch: 'amd64', os.version: '10.0', java.version: '21.0.3'
Driver info: org.openqa.selenium.chrome.ChromeDriver
Command: [e4806b2a98e114f1107ba9984d149c7a, findElement [value, using]]
Capabilities {acceptInsecureCerts: false, browserName: chrome, browserVersion: 131.0.6778.206, chrome: {chromedriverVersion: 131.0.6778.264 (2d05e315153..., userDataDir: C:\Users\INGRID~1.ZAD\AppDa...}, fedcm:accounts: true, goog:chromeOptions: {debuggerAddress: localhost:56758}, networkConnectionEnabled: false, pageLoadStrategy: normal, platformName: windows, proxy: Proxy(), se:cdp: ws://localhost:56758/devtoo..., se:cdpVersion: 131.0.6778.206, setWindowRect: true, strictFileInteractability: false, timeouts: {implicit: 0, pageLoad: 300000, script: 30000}, unhandledPromptBehavior: dismiss and notify, webauthn:extension:credBlob: true, webauthn:extension:largeBlob: true, webauthn:extension:minPinLength: true, webauthn:extension:prf: true, webauthn:virtualAuthenticators: true}
Session ID: e4806b2a98e114f1107ba9984d149c7a
org.openqa.selenium.remote.UnreachableBrowserException: Error communicating with the remote browser. It may have died.
Build info: version: '4.27.0', revision: 'd6e718d134'
System info: os.name: 'Windows 11', os.arch: 'amd64', os.version: '10.0', java.version: '21.0.3'
Driver info: org.openqa.selenium.chrome.ChromeDriver
Command: [e4806b2a98e114f1107ba9984d149c7a, findElement [value, using]]
Capabilities {acceptInsecureCerts: false, browserName: chrome, browserVersion: 131.0.6778.206, chrome: {chromedriverVersion: 131.0.6778.264 (2d05e315153..., userDataDir: C:\Users\INGRID~1.ZAD\AppDa...}, fedcm:accounts: true, goog:chromeOptions: {debuggerAddress: localhost:56758}, networkConnectionEnabled: false, pageLoadStrategy: normal, platformName: windows, proxy: Proxy(), se:cdp: ws://localhost:56758/devtoo..., se:cdpVersion: 131.0.6778.206, setWindowRect: true, strictFileInteractability: false, timeouts: {implicit: 0, pageLoad: 300000, script: 30000}, unhandledPromptBehavior: dismiss and notify, webauthn:extension:credBlob: true, webauthn:extension:largeBlob: true, webauthn:extension:minPinLength: true, webauthn:extension:prf: true, webauthn:virtualAuthenticators: true}
Session ID: e4806b2a98e114f1107ba9984d149c7a
	at org.openqa.selenium.remote.RemoteWebDriver.execute(RemoteWebDriver.java:572)
	at org.openqa.selenium.remote.ElementLocation$ElementFinder$2.findElement(ElementLocation.java:165)
	at org.openqa.selenium.remote.ElementLocation.findElement(ElementLocation.java:66)
	at org.openqa.selenium.remote.RemoteWebDriver.findElement(RemoteWebDriver.java:368)
	at org.openqa.selenium.remote.RemoteWebDriver.findElement(RemoteWebDriver.java:362)
	at org.openqa.selenium.support.pagefactory.DefaultElementLocator.findElement(DefaultElementLocator.java:68)
	at org.openqa.selenium.support.pagefactory.internal.LocatingElementHandler.invoke(LocatingElementHandler.java:38)
	at jdk.proxy2/jdk.proxy2.$Proxy14.sendKeys(Unknown Source)
	at lt.insoft.uztis.pages.ApplicationFormsPage.login(ApplicationFormsPage.java:138)
	at lt.insoft.uztis.tests.SubmittedApplicationsPageTest.testNavigateToSubmittedApplicationsPageTest(SubmittedApplicationsPageTest.java:48)
	at java.base/jdk.internal.reflect.DirectMethodHandleAccessor.invoke(DirectMethodHandleAccessor.java:103)
	at java.base/java.lang.reflect.Method.invoke(Method.java:580)
	at org.junit.platform.commons.util.ReflectionUtils.invokeMethod(ReflectionUtils.java:728)
	at org.junit.jupiter.engine.execution.MethodInvocation.proceed(MethodInvocation.java:60)
	at org.junit.jupiter.engine.execution.InvocationInterceptorChain$ValidatingInvocation.proceed(InvocationInterceptorChain.java:131)
	at org.junit.jupiter.engine.extension.TimeoutExtension.intercept(TimeoutExtension.java:156)
	at org.junit.jupiter.engine.extension.TimeoutExtension.interceptTestableMethod(TimeoutExtension.java:147)
	at org.junit.jupiter.engine.extension.TimeoutExtension.interceptTestMethod(TimeoutExtension.java:86)
	at org.junit.jupiter.engine.execution.InterceptingExecutableInvoker$ReflectiveInterceptorCall.lambda$ofVoidMethod$0(InterceptingExecutableInvoker.java:103)
	at org.junit.jupiter.engine.execution.InterceptingExecutableInvoker.lambda$invoke$0(InterceptingExecutableInvoker.java:93)
	at org.junit.jupiter.engine.execution.InvocationInterceptorChain$InterceptedInvocation.proceed(InvocationInterceptorChain.java:106)
	at org.junit.jupiter.engine.execution.InvocationInterceptorChain.proceed(InvocationInterceptorChain.java:64)
	at org.junit.jupiter.engine.execution.InvocationInterceptorChain.chainAndInvoke(InvocationInterceptorChain.java:45)
	at org.junit.jupiter.engine.execution.InvocationInterceptorChain.invoke(InvocationInterceptorChain.java:37)
	at org.junit.jupiter.engine.execution.InterceptingExecutableInvoker.invoke(InterceptingExecutableInvoker.java:92)
	at org.junit.jupiter.engine.execution.InterceptingExecutableInvoker.invoke(InterceptingExecutableInvoker.java:86)
	at org.junit.jupiter.engine.descriptor.TestMethodTestDescriptor.lambda$invokeTestMethod$7(TestMethodTestDescriptor.java:218)
	at org.junit.platform.engine.support.hierarchical.ThrowableCollector.execute(ThrowableCollector.java:73)
	at org.junit.jupiter.engine.descriptor.TestMethodTestDescriptor.invokeTestMethod(TestMethodTestDescriptor.java:214)
	at org.junit.jupiter.engine.descriptor.TestMethodTestDescriptor.execute(TestMethodTestDescriptor.java:139)
	at org.junit.jupiter.engine.descriptor.TestMethodTestDescriptor.execute(TestMethodTestDescriptor.java:69)
	at org.junit.platform.engine.support.hierarchical.NodeTestTask.lambda$executeRecursively$6(NodeTestTask.java:151)
	at org.junit.platform.engine.support.hierarchical.ThrowableCollector.execute(ThrowableCollector.java:73)
	at org.junit.platform.engine.support.hierarchical.NodeTestTask.lambda$executeRecursively$8(NodeTestTask.java:141)
	at org.junit.platform.engine.support.hierarchical.Node.around(Node.java:137)
	at org.junit.platform.engine.support.hierarchical.NodeTestTask.lambda$executeRecursively$9(NodeTestTask.java:139)
	at org.junit.platform.engine.support.hierarchical.ThrowableCollector.execute(ThrowableCollector.java:73)
	at org.junit.platform.engine.support.hierarchical.NodeTestTask.executeRecursively(NodeTestTask.java:138)
	at org.junit.platform.engine.support.hierarchical.NodeTestTask.execute(NodeTestTask.java:95)
	at java.base/java.util.ArrayList.forEach(ArrayList.java:1596)
	at org.junit.platform.engine.support.hierarchical.SameThreadHierarchicalTestExecutorService.invokeAll(SameThreadHierarchicalTestExecutorService.java:41)
	at org.junit.platform.engine.support.hierarchical.NodeTestTask.lambda$executeRecursively$6(NodeTestTask.java:155)
	at org.junit.platform.engine.support.hierarchical.ThrowableCollector.execute(ThrowableCollector.java:73)
	at org.junit.platform.engine.support.hierarchical.NodeTestTask.lambda$executeRecursively$8(NodeTestTask.java:141)
	at org.junit.platform.engine.support.hierarchical.Node.around(Node.java:137)
	at org.junit.platform.engine.support.hierarchical.NodeTestTask.lambda$executeRecursively$9(NodeTestTask.java:139)
	at org.junit.platform.engine.support.hierarchical.ThrowableCollector.execute(ThrowableCollector.java:73)
	at org.junit.platform.engine.support.hierarchical.NodeTestTask.executeRecursively(NodeTestTask.java:138)
	at org.junit.platform.engine.support.hierarchical.NodeTestTask.execute(NodeTestTask.java:95)
	at java.base/java.util.ArrayList.forEach(ArrayList.java:1596)
	at org.junit.platform.engine.support.hierarchical.SameThreadHierarchicalTestExecutorService.invokeAll(SameThreadHierarchicalTestExecutorService.java:41)
	at org.junit.platform.engine.support.hierarchical.NodeTestTask.lambda$executeRecursively$6(NodeTestTask.java:155)
	at org.junit.platform.engine.support.hierarchical.ThrowableCollector.execute(ThrowableCollector.java:73)
	at org.junit.platform.engine.support.hierarchical.NodeTestTask.lambda$executeRecursively$8(NodeTestTask.java:141)
	at org.junit.platform.engine.support.hierarchical.Node.around(Node.java:137)
	at org.junit.platform.engine.support.hierarchical.NodeTestTask.lambda$executeRecursively$9(NodeTestTask.java:139)
	at org.junit.platform.engine.support.hierarchical.ThrowableCollector.execute(ThrowableCollector.java:73)
	at org.junit.platform.engine.support.hierarchical.NodeTestTask.executeRecursively(NodeTestTask.java:138)
	at org.junit.platform.engine.support.hierarchical.NodeTestTask.execute(NodeTestTask.java:95)
	at org.junit.platform.engine.support.hierarchical.SameThreadHierarchicalTestExecutorService.submit(SameThreadHierarchicalTestExecutorService.java:35)
	at org.junit.platform.engine.support.hierarchical.HierarchicalTestExecutor.execute(HierarchicalTestExecutor.java:57)
	at org.junit.platform.engine.support.hierarchical.HierarchicalTestEngine.execute(HierarchicalTestEngine.java:54)
	at org.junit.platform.launcher.core.EngineExecutionOrchestrator.execute(EngineExecutionOrchestrator.java:198)
	at org.junit.platform.launcher.core.EngineExecutionOrchestrator.execute(EngineExecutionOrchestrator.java:169)
	at org.junit.platform.launcher.core.EngineExecutionOrchestrator.execute(EngineExecutionOrchestrator.java:93)
	at org.junit.platform.launcher.core.EngineExecutionOrchestrator.lambda$execute$0(EngineExecutionOrchestrator.java:58)
	at org.junit.platform.launcher.core.EngineExecutionOrchestrator.withInterceptedStreams(EngineExecutionOrchestrator.java:141)
	at org.junit.platform.launcher.core.EngineExecutionOrchestrator.execute(EngineExecutionOrchestrator.java:57)
	at org.junit.platform.launcher.core.DefaultLauncher.execute(DefaultLauncher.java:103)
	at org.junit.platform.launcher.core.DefaultLauncher.execute(DefaultLauncher.java:85)
	at org.junit.platform.launcher.core.DelegatingLauncher.execute(DelegatingLauncher.java:47)
	at org.junit.platform.launcher.core.SessionPerRequestLauncher.execute(SessionPerRequestLauncher.java:63)
	at com.intellij.junit5.JUnit5IdeaTestRunner.startRunnerWithArgs(JUnit5IdeaTestRunner.java:57)
	at com.intellij.rt.junit.IdeaTestRunner$Repeater$1.execute(IdeaTestRunner.java:38)
	at com.intellij.rt.execution.junit.TestsRepeater.repeat(TestsRepeater.java:11)
	at com.intellij.rt.junit.IdeaTestRunner$Repeater.startRunnerWithArgs(IdeaTestRunner.java:35)
	at com.intellij.rt.junit.JUnitStarter.prepareStreamsAndStart(JUnitStarter.java:232)
	at com.intellij.rt.junit.JUnitStarter.main(JUnitStarter.java:55)
Caused by: java.io.UncheckedIOException: java.io.IOException: HTTP/1.1 header parser received no bytes
	at org.openqa.selenium.remote.http.jdk.JdkHttpClient.execute0(JdkHttpClient.java:496)
	at org.openqa.selenium.remote.http.AddSeleniumUserAgent.lambda$apply$0(AddSeleniumUserAgent.java:42)
	at org.openqa.selenium.remote.http.Filter.lambda$andFinally$1(Filter.java:55)
	at org.openqa.selenium.remote.http.jdk.JdkHttpClient.lambda$executeAsync$1(JdkHttpClient.java:383)
	at java.base/java.util.concurrent.Executors$RunnableAdapter.call(Executors.java:572)
	at java.base/java.util.concurrent.FutureTask.run(FutureTask.java:317)
	at java.base/java.util.concurrent.ThreadPoolExecutor.runWorker(ThreadPoolExecutor.java:1144)
	at java.base/java.util.concurrent.ThreadPoolExecutor$Worker.run(ThreadPoolExecutor.java:642)
	at java.base/java.lang.Thread.run(Thread.java:1583)
Caused by: java.io.IOException: HTTP/1.1 header parser received no bytes
	at java.net.http/jdk.internal.net.http.HttpClientImpl.send(HttpClientImpl.java:964)
	at java.net.http/jdk.internal.net.http.HttpClientFacade.send(HttpClientFacade.java:133)
	at org.openqa.selenium.remote.http.jdk.JdkHttpClient.execute0(JdkHttpClient.java:455)
	... 8 common frames omitted
Caused by: java.io.IOException: HTTP/1.1 header parser received no bytes
	at java.net.http/jdk.internal.net.http.common.Utils.wrapWithExtraDetail(Utils.java:388)
	at java.net.http/jdk.internal.net.http.Http1Response$HeadersReader.onReadError(Http1Response.java:590)
	at java.net.http/jdk.internal.net.http.Http1AsyncReceiver.checkForErrors(Http1AsyncReceiver.java:302)
	at java.net.http/jdk.internal.net.http.Http1AsyncReceiver.flush(Http1AsyncReceiver.java:268)
	at java.net.http/jdk.internal.net.http.common.SequentialScheduler$LockingRestartableTask.run(SequentialScheduler.java:182)
	at java.net.http/jdk.internal.net.http.common.SequentialScheduler$CompleteRestartableTask.run(SequentialScheduler.java:149)
	at java.net.http/jdk.internal.net.http.common.SequentialScheduler$SchedulableTask.run(SequentialScheduler.java:207)
	... 3 common frames omitted
Caused by: java.net.SocketException: Connection reset
	at java.base/sun.nio.ch.SocketChannelImpl.throwConnectionReset(SocketChannelImpl.java:401)
	at java.base/sun.nio.ch.SocketChannelImpl.read(SocketChannelImpl.java:434)
	at java.net.http/jdk.internal.net.http.SocketTube.readAvailable(SocketTube.java:1178)
	at java.net.http/jdk.internal.net.http.SocketTube$InternalReadPublisher$InternalReadSubscription.read(SocketTube.java:841)
	at java.net.http/jdk.internal.net.http.SocketTube$SocketFlowTask.run(SocketTube.java:181)
	at java.net.http/jdk.internal.net.http.common.SequentialScheduler$SchedulableTask.run(SequentialScheduler.java:207)
	at java.net.http/jdk.internal.net.http.common.SequentialScheduler.runOrSchedule(SequentialScheduler.java:280)
	at java.net.http/jdk.internal.net.http.common.SequentialScheduler.runOrSchedule(SequentialScheduler.java:233)
	at java.net.http/jdk.internal.net.http.SocketTube$InternalReadPublisher$InternalReadSubscription.signalReadable(SocketTube.java:782)
	at java.net.http/jdk.internal.net.http.SocketTube$InternalReadPublisher$ReadEvent.signalEvent(SocketTube.java:965)
	at java.net.http/jdk.internal.net.http.SocketTube$SocketFlowEvent.handle(SocketTube.java:253)
	at java.net.http/jdk.internal.net.http.HttpClientImpl$SelectorManager.handleEvent(HttpClientImpl.java:1467)
	at java.net.http/jdk.internal.net.http.HttpClientImpl$SelectorManager.lambda$run$3(HttpClientImpl.java:1412)
	at java.base/java.util.ArrayList.forEach(ArrayList.java:1596)
	at java.net.http/jdk.internal.net.http.HttpClientImpl$SelectorManager.run(HttpClientImpl.java:1412)
2025-01-09 15:07:05 [main] INFO  lt.insoft.uztis.tests.UztisPageTest - Navigated to https://uztisdev.asseco.lt/home
2025-01-09 15:07:05 [main] INFO  l.i.u.t.SubmittedApplicationsPageTest - Starting test:'testNavigateToSubmittedApplicationsPageTest'
2025-01-09 15:07:05 [main] DEBUG l.i.u.t.SubmittedApplicationsPageTest - Opened 'Application Processing' menu.
2025-01-09 15:07:05 [main] DEBUG l.i.u.t.SubmittedApplicationsPageTest - Clicked on 'Submitted Applications' menu.
2025-01-09 15:07:05 [main] DEBUG l.i.u.t.SubmittedApplicationsPageTest - Navigating to submitted applications menu.
2025-01-09 15:07:07 [main] DEBUG l.i.u.t.SubmittedApplicationsPageTest - Fetched label text: Kvietimui pateiktos paraiškos
2025-01-09 15:07:07 [main] INFO  l.i.u.t.SubmittedApplicationsPageTest - 'goToInvitationPageTest' completed. Label is: Kvietimui pateiktos paraiškos
2025-01-09 15:07:07 [main] INFO  l.insoft.uztis.tests.utils.TestUtils - Screenshot moved to C:\Users\ingrida.zadorozniene\Desktop\Asm\UZTIS\UZTIS_tests\test-output\screenshots\20250109\150707341_testNavigateToSubmittedApplicationsPageTest.png
2025-01-09 15:07:07 [main] INFO  l.i.u.t.SubmittedApplicationsPageTest - Test 'testNavigateToSubmittedApplicationsPageTest' completed successfully.
2025-01-09 15:07:40 [main] INFO  lt.insoft.uztis.tests.UztisPageTest - Navigated to https://uztisdev.asseco.lt/home
2025-01-09 15:07:40 [main] INFO  l.i.u.t.SubmittedApplicationsPageTest - Starting test:'testNavigateToSubmittedApplicationsPageTest'
2025-01-09 15:07:45 [main] ERROR l.i.u.t.SubmittedApplicationsPageTest - Test 'testNavigateToSubmittedApplicationsPageTest' failed with error: Error communicating with the remote browser. It may have died.
Build info: version: '4.27.0', revision: 'd6e718d134'
System info: os.name: 'Windows 11', os.arch: 'amd64', os.version: '10.0', java.version: '21.0.3'
Driver info: org.openqa.selenium.chrome.ChromeDriver
Command: [110715eabab8acfbe178f522e4e340bc, findElement [using, value]]
Capabilities {acceptInsecureCerts: false, browserName: chrome, browserVersion: 131.0.6778.206, chrome: {chromedriverVersion: 131.0.6778.264 (2d05e315153..., userDataDir: C:\Users\INGRID~1.ZAD\AppDa...}, fedcm:accounts: true, goog:chromeOptions: {debuggerAddress: localhost:56821}, networkConnectionEnabled: false, pageLoadStrategy: normal, platformName: windows, proxy: Proxy(), se:cdp: ws://localhost:56821/devtoo..., se:cdpVersion: 131.0.6778.206, setWindowRect: true, strictFileInteractability: false, timeouts: {implicit: 0, pageLoad: 300000, script: 30000}, unhandledPromptBehavior: dismiss and notify, webauthn:extension:credBlob: true, webauthn:extension:largeBlob: true, webauthn:extension:minPinLength: true, webauthn:extension:prf: true, webauthn:virtualAuthenticators: true}
Session ID: 110715eabab8acfbe178f522e4e340bc
org.openqa.selenium.remote.UnreachableBrowserException: Error communicating with the remote browser. It may have died.
Build info: version: '4.27.0', revision: 'd6e718d134'
System info: os.name: 'Windows 11', os.arch: 'amd64', os.version: '10.0', java.version: '21.0.3'
Driver info: org.openqa.selenium.chrome.ChromeDriver
Command: [110715eabab8acfbe178f522e4e340bc, findElement [using, value]]
Capabilities {acceptInsecureCerts: false, browserName: chrome, browserVersion: 131.0.6778.206, chrome: {chromedriverVersion: 131.0.6778.264 (2d05e315153..., userDataDir: C:\Users\INGRID~1.ZAD\AppDa...}, fedcm:accounts: true, goog:chromeOptions: {debuggerAddress: localhost:56821}, networkConnectionEnabled: false, pageLoadStrategy: normal, platformName: windows, proxy: Proxy(), se:cdp: ws://localhost:56821/devtoo..., se:cdpVersion: 131.0.6778.206, setWindowRect: true, strictFileInteractability: false, timeouts: {implicit: 0, pageLoad: 300000, script: 30000}, unhandledPromptBehavior: dismiss and notify, webauthn:extension:credBlob: true, webauthn:extension:largeBlob: true, webauthn:extension:minPinLength: true, webauthn:extension:prf: true, webauthn:virtualAuthenticators: true}
Session ID: 110715eabab8acfbe178f522e4e340bc
	at org.openqa.selenium.remote.RemoteWebDriver.execute(RemoteWebDriver.java:572)
	at org.openqa.selenium.remote.ElementLocation$ElementFinder$2.findElement(ElementLocation.java:165)
	at org.openqa.selenium.remote.ElementLocation.findElement(ElementLocation.java:66)
	at org.openqa.selenium.remote.RemoteWebDriver.findElement(RemoteWebDriver.java:368)
	at org.openqa.selenium.remote.RemoteWebDriver.findElement(RemoteWebDriver.java:362)
	at org.openqa.selenium.support.pagefactory.DefaultElementLocator.findElement(DefaultElementLocator.java:68)
	at org.openqa.selenium.support.pagefactory.internal.LocatingElementHandler.invoke(LocatingElementHandler.java:38)
	at jdk.proxy2/jdk.proxy2.$Proxy14.sendKeys(Unknown Source)
	at lt.insoft.uztis.pages.ApplicationFormsPage.login(ApplicationFormsPage.java:138)
	at lt.insoft.uztis.tests.SubmittedApplicationsPageTest.testNavigateToSubmittedApplicationsPageTest(SubmittedApplicationsPageTest.java:48)
	at java.base/jdk.internal.reflect.DirectMethodHandleAccessor.invoke(DirectMethodHandleAccessor.java:103)
	at java.base/java.lang.reflect.Method.invoke(Method.java:580)
	at org.junit.platform.commons.util.ReflectionUtils.invokeMethod(ReflectionUtils.java:728)
	at org.junit.jupiter.engine.execution.MethodInvocation.proceed(MethodInvocation.java:60)
	at org.junit.jupiter.engine.execution.InvocationInterceptorChain$ValidatingInvocation.proceed(InvocationInterceptorChain.java:131)
	at org.junit.jupiter.engine.extension.TimeoutExtension.intercept(TimeoutExtension.java:156)
	at org.junit.jupiter.engine.extension.TimeoutExtension.interceptTestableMethod(TimeoutExtension.java:147)
	at org.junit.jupiter.engine.extension.TimeoutExtension.interceptTestMethod(TimeoutExtension.java:86)
	at org.junit.jupiter.engine.execution.InterceptingExecutableInvoker$ReflectiveInterceptorCall.lambda$ofVoidMethod$0(InterceptingExecutableInvoker.java:103)
	at org.junit.jupiter.engine.execution.InterceptingExecutableInvoker.lambda$invoke$0(InterceptingExecutableInvoker.java:93)
	at org.junit.jupiter.engine.execution.InvocationInterceptorChain$InterceptedInvocation.proceed(InvocationInterceptorChain.java:106)
	at org.junit.jupiter.engine.execution.InvocationInterceptorChain.proceed(InvocationInterceptorChain.java:64)
	at org.junit.jupiter.engine.execution.InvocationInterceptorChain.chainAndInvoke(InvocationInterceptorChain.java:45)
	at org.junit.jupiter.engine.execution.InvocationInterceptorChain.invoke(InvocationInterceptorChain.java:37)
	at org.junit.jupiter.engine.execution.InterceptingExecutableInvoker.invoke(InterceptingExecutableInvoker.java:92)
	at org.junit.jupiter.engine.execution.InterceptingExecutableInvoker.invoke(InterceptingExecutableInvoker.java:86)
	at org.junit.jupiter.engine.descriptor.TestMethodTestDescriptor.lambda$invokeTestMethod$7(TestMethodTestDescriptor.java:218)
	at org.junit.platform.engine.support.hierarchical.ThrowableCollector.execute(ThrowableCollector.java:73)
	at org.junit.jupiter.engine.descriptor.TestMethodTestDescriptor.invokeTestMethod(TestMethodTestDescriptor.java:214)
	at org.junit.jupiter.engine.descriptor.TestMethodTestDescriptor.execute(TestMethodTestDescriptor.java:139)
	at org.junit.jupiter.engine.descriptor.TestMethodTestDescriptor.execute(TestMethodTestDescriptor.java:69)
	at org.junit.platform.engine.support.hierarchical.NodeTestTask.lambda$executeRecursively$6(NodeTestTask.java:151)
	at org.junit.platform.engine.support.hierarchical.ThrowableCollector.execute(ThrowableCollector.java:73)
	at org.junit.platform.engine.support.hierarchical.NodeTestTask.lambda$executeRecursively$8(NodeTestTask.java:141)
	at org.junit.platform.engine.support.hierarchical.Node.around(Node.java:137)
	at org.junit.platform.engine.support.hierarchical.NodeTestTask.lambda$executeRecursively$9(NodeTestTask.java:139)
	at org.junit.platform.engine.support.hierarchical.ThrowableCollector.execute(ThrowableCollector.java:73)
	at org.junit.platform.engine.support.hierarchical.NodeTestTask.executeRecursively(NodeTestTask.java:138)
	at org.junit.platform.engine.support.hierarchical.NodeTestTask.execute(NodeTestTask.java:95)
	at java.base/java.util.ArrayList.forEach(ArrayList.java:1596)
	at org.junit.platform.engine.support.hierarchical.SameThreadHierarchicalTestExecutorService.invokeAll(SameThreadHierarchicalTestExecutorService.java:41)
	at org.junit.platform.engine.support.hierarchical.NodeTestTask.lambda$executeRecursively$6(NodeTestTask.java:155)
	at org.junit.platform.engine.support.hierarchical.ThrowableCollector.execute(ThrowableCollector.java:73)
	at org.junit.platform.engine.support.hierarchical.NodeTestTask.lambda$executeRecursively$8(NodeTestTask.java:141)
	at org.junit.platform.engine.support.hierarchical.Node.around(Node.java:137)
	at org.junit.platform.engine.support.hierarchical.NodeTestTask.lambda$executeRecursively$9(NodeTestTask.java:139)
	at org.junit.platform.engine.support.hierarchical.ThrowableCollector.execute(ThrowableCollector.java:73)
	at org.junit.platform.engine.support.hierarchical.NodeTestTask.executeRecursively(NodeTestTask.java:138)
	at org.junit.platform.engine.support.hierarchical.NodeTestTask.execute(NodeTestTask.java:95)
	at java.base/java.util.ArrayList.forEach(ArrayList.java:1596)
	at org.junit.platform.engine.support.hierarchical.SameThreadHierarchicalTestExecutorService.invokeAll(SameThreadHierarchicalTestExecutorService.java:41)
	at org.junit.platform.engine.support.hierarchical.NodeTestTask.lambda$executeRecursively$6(NodeTestTask.java:155)
	at org.junit.platform.engine.support.hierarchical.ThrowableCollector.execute(ThrowableCollector.java:73)
	at org.junit.platform.engine.support.hierarchical.NodeTestTask.lambda$executeRecursively$8(NodeTestTask.java:141)
	at org.junit.platform.engine.support.hierarchical.Node.around(Node.java:137)
	at org.junit.platform.engine.support.hierarchical.NodeTestTask.lambda$executeRecursively$9(NodeTestTask.java:139)
	at org.junit.platform.engine.support.hierarchical.ThrowableCollector.execute(ThrowableCollector.java:73)
	at org.junit.platform.engine.support.hierarchical.NodeTestTask.executeRecursively(NodeTestTask.java:138)
	at org.junit.platform.engine.support.hierarchical.NodeTestTask.execute(NodeTestTask.java:95)
	at org.junit.platform.engine.support.hierarchical.SameThreadHierarchicalTestExecutorService.submit(SameThreadHierarchicalTestExecutorService.java:35)
	at org.junit.platform.engine.support.hierarchical.HierarchicalTestExecutor.execute(HierarchicalTestExecutor.java:57)
	at org.junit.platform.engine.support.hierarchical.HierarchicalTestEngine.execute(HierarchicalTestEngine.java:54)
	at org.junit.platform.launcher.core.EngineExecutionOrchestrator.execute(EngineExecutionOrchestrator.java:198)
	at org.junit.platform.launcher.core.EngineExecutionOrchestrator.execute(EngineExecutionOrchestrator.java:169)
	at org.junit.platform.launcher.core.EngineExecutionOrchestrator.execute(EngineExecutionOrchestrator.java:93)
	at org.junit.platform.launcher.core.EngineExecutionOrchestrator.lambda$execute$0(EngineExecutionOrchestrator.java:58)
	at org.junit.platform.launcher.core.EngineExecutionOrchestrator.withInterceptedStreams(EngineExecutionOrchestrator.java:141)
	at org.junit.platform.launcher.core.EngineExecutionOrchestrator.execute(EngineExecutionOrchestrator.java:57)
	at org.junit.platform.launcher.core.DefaultLauncher.execute(DefaultLauncher.java:103)
	at org.junit.platform.launcher.core.DefaultLauncher.execute(DefaultLauncher.java:85)
	at org.junit.platform.launcher.core.DelegatingLauncher.execute(DelegatingLauncher.java:47)
	at org.junit.platform.launcher.core.SessionPerRequestLauncher.execute(SessionPerRequestLauncher.java:63)
	at com.intellij.junit5.JUnit5IdeaTestRunner.startRunnerWithArgs(JUnit5IdeaTestRunner.java:57)
	at com.intellij.rt.junit.IdeaTestRunner$Repeater$1.execute(IdeaTestRunner.java:38)
	at com.intellij.rt.execution.junit.TestsRepeater.repeat(TestsRepeater.java:11)
	at com.intellij.rt.junit.IdeaTestRunner$Repeater.startRunnerWithArgs(IdeaTestRunner.java:35)
	at com.intellij.rt.junit.JUnitStarter.prepareStreamsAndStart(JUnitStarter.java:232)
	at com.intellij.rt.junit.JUnitStarter.main(JUnitStarter.java:55)
Caused by: java.io.UncheckedIOException: java.io.IOException: HTTP/1.1 header parser received no bytes
	at org.openqa.selenium.remote.http.jdk.JdkHttpClient.execute0(JdkHttpClient.java:496)
	at org.openqa.selenium.remote.http.AddSeleniumUserAgent.lambda$apply$0(AddSeleniumUserAgent.java:42)
	at org.openqa.selenium.remote.http.Filter.lambda$andFinally$1(Filter.java:55)
	at org.openqa.selenium.remote.http.jdk.JdkHttpClient.lambda$executeAsync$1(JdkHttpClient.java:383)
	at java.base/java.util.concurrent.Executors$RunnableAdapter.call(Executors.java:572)
	at java.base/java.util.concurrent.FutureTask.run(FutureTask.java:317)
	at java.base/java.util.concurrent.ThreadPoolExecutor.runWorker(ThreadPoolExecutor.java:1144)
	at java.base/java.util.concurrent.ThreadPoolExecutor$Worker.run(ThreadPoolExecutor.java:642)
	at java.base/java.lang.Thread.run(Thread.java:1583)
Caused by: java.io.IOException: HTTP/1.1 header parser received no bytes
	at java.net.http/jdk.internal.net.http.HttpClientImpl.send(HttpClientImpl.java:964)
	at java.net.http/jdk.internal.net.http.HttpClientFacade.send(HttpClientFacade.java:133)
	at org.openqa.selenium.remote.http.jdk.JdkHttpClient.execute0(JdkHttpClient.java:455)
	... 8 common frames omitted
Caused by: java.io.IOException: HTTP/1.1 header parser received no bytes
	at java.net.http/jdk.internal.net.http.common.Utils.wrapWithExtraDetail(Utils.java:388)
	at java.net.http/jdk.internal.net.http.Http1Response$HeadersReader.onReadError(Http1Response.java:590)
	at java.net.http/jdk.internal.net.http.Http1AsyncReceiver.checkForErrors(Http1AsyncReceiver.java:302)
	at java.net.http/jdk.internal.net.http.Http1AsyncReceiver.flush(Http1AsyncReceiver.java:268)
	at java.net.http/jdk.internal.net.http.common.SequentialScheduler$LockingRestartableTask.run(SequentialScheduler.java:182)
	at java.net.http/jdk.internal.net.http.common.SequentialScheduler$CompleteRestartableTask.run(SequentialScheduler.java:149)
	at java.net.http/jdk.internal.net.http.common.SequentialScheduler$SchedulableTask.run(SequentialScheduler.java:207)
	... 3 common frames omitted
Caused by: java.net.SocketException: Connection reset
	at java.base/sun.nio.ch.SocketChannelImpl.throwConnectionReset(SocketChannelImpl.java:401)
	at java.base/sun.nio.ch.SocketChannelImpl.read(SocketChannelImpl.java:434)
	at java.net.http/jdk.internal.net.http.SocketTube.readAvailable(SocketTube.java:1178)
	at java.net.http/jdk.internal.net.http.SocketTube$InternalReadPublisher$InternalReadSubscription.read(SocketTube.java:841)
	at java.net.http/jdk.internal.net.http.SocketTube$SocketFlowTask.run(SocketTube.java:181)
	at java.net.http/jdk.internal.net.http.common.SequentialScheduler$SchedulableTask.run(SequentialScheduler.java:207)
	at java.net.http/jdk.internal.net.http.common.SequentialScheduler.runOrSchedule(SequentialScheduler.java:280)
	at java.net.http/jdk.internal.net.http.common.SequentialScheduler.runOrSchedule(SequentialScheduler.java:233)
	at java.net.http/jdk.internal.net.http.SocketTube$InternalReadPublisher$InternalReadSubscription.signalReadable(SocketTube.java:782)
	at java.net.http/jdk.internal.net.http.SocketTube$InternalReadPublisher$ReadEvent.signalEvent(SocketTube.java:965)
	at java.net.http/jdk.internal.net.http.SocketTube$SocketFlowEvent.handle(SocketTube.java:253)
	at java.net.http/jdk.internal.net.http.HttpClientImpl$SelectorManager.handleEvent(HttpClientImpl.java:1467)
	at java.net.http/jdk.internal.net.http.HttpClientImpl$SelectorManager.lambda$run$3(HttpClientImpl.java:1412)
	at java.base/java.util.ArrayList.forEach(ArrayList.java:1596)
	at java.net.http/jdk.internal.net.http.HttpClientImpl$SelectorManager.run(HttpClientImpl.java:1412)
2025-01-09 15:07:55 [main] INFO  lt.insoft.uztis.tests.UztisPageTest - Navigated to https://uztisdev.asseco.lt/home
2025-01-09 15:07:56 [main] INFO  l.i.u.t.SubmittedApplicationsPageTest - Starting test:'testNavigateToSubmittedApplicationsPageTest'
2025-01-09 15:07:56 [main] DEBUG l.i.u.t.SubmittedApplicationsPageTest - Opened 'Application Processing' menu.
2025-01-09 15:07:56 [main] DEBUG l.i.u.t.SubmittedApplicationsPageTest - Clicked on 'Submitted Applications' menu.
2025-01-09 15:07:56 [main] DEBUG l.i.u.t.SubmittedApplicationsPageTest - Navigating to submitted applications menu.
2025-01-09 15:07:56 [main] DEBUG l.i.u.t.SubmittedApplicationsPageTest - Fetched label text: Kvietimui pateiktos paraiškos
2025-01-09 15:07:56 [main] INFO  l.i.u.t.SubmittedApplicationsPageTest - 'goToInvitationPageTest' completed. Label is: Kvietimui pateiktos paraiškos
2025-01-09 15:07:56 [main] INFO  l.insoft.uztis.tests.utils.TestUtils - Screenshot moved to C:\Users\ingrida.zadorozniene\Desktop\Asm\UZTIS\UZTIS_tests\test-output\screenshots\20250109\150756759_testNavigateToSubmittedApplicationsPageTest.png
2025-01-09 15:07:56 [main] INFO  l.i.u.t.SubmittedApplicationsPageTest - Test 'testNavigateToSubmittedApplicationsPageTest' completed successfully.
2025-01-09 15:08:11 [main] INFO  lt.insoft.uztis.tests.UztisPageTest - Navigated to https://uztisdev.asseco.lt/home
2025-01-09 15:08:11 [main] INFO  l.i.u.t.SubmittedApplicationsPageTest - Starting test:'testNavigateToSubmittedApplicationsPageTest'
2025-01-09 15:08:11 [main] DEBUG l.i.u.t.SubmittedApplicationsPageTest - Opened 'Application Processing' menu.
2025-01-09 15:08:12 [main] DEBUG l.i.u.t.SubmittedApplicationsPageTest - Clicked on 'Submitted Applications' menu.
2025-01-09 15:08:12 [main] DEBUG l.i.u.t.SubmittedApplicationsPageTest - Navigating to submitted applications menu.
2025-01-09 15:08:12 [main] DEBUG l.i.u.t.SubmittedApplicationsPageTest - Fetched label text: Kvietimui pateiktos paraiškos
2025-01-09 15:08:12 [main] INFO  l.i.u.t.SubmittedApplicationsPageTest - 'goToInvitationPageTest' completed. Label is: Kvietimui pateiktos paraiškos
2025-01-09 15:08:12 [main] INFO  l.insoft.uztis.tests.utils.TestUtils - Screenshot moved to C:\Users\ingrida.zadorozniene\Desktop\Asm\UZTIS\UZTIS_tests\test-output\screenshots\20250109\150812514_testNavigateToSubmittedApplicationsPageTest.png
2025-01-09 15:08:12 [main] INFO  l.i.u.t.SubmittedApplicationsPageTest - Test 'testNavigateToSubmittedApplicationsPageTest' completed successfully.
2025-01-10 15:26:06 [main] INFO  lt.insoft.uztis.tests.UztisPageTest - Navigated to https://uztisdev.asseco.lt/home
2025-01-10 15:26:06 [main] INFO  l.i.u.t.SubmittedApplicationsPageTest - Starting test:'testNavigateToSubmittedApplicationsPageTest'
2025-01-10 15:26:11 [main] ERROR l.i.uztis.pages.ApplicationFormsPage - MenuApplicationProcessing button is not displayed disconnected: unable to send message to renderer
  (failed to check if window was closed: disconnected: not connected to DevTools)
  (Session info: chrome=131.0.6778.206)
Build info: version: '4.27.0', revision: 'd6e718d134'
System info: os.name: 'Windows 11', os.arch: 'amd64', os.version: '10.0', java.version: '21.0.3'
Driver info: org.openqa.selenium.chrome.ChromeDriver
Command: [70c25b64ebf3a1a2e423c9fa13747166, findElement {using=xpath, value=//mat-expansion-panel[4]/mat-expansion-panel-header[@role='button']}]
Capabilities {acceptInsecureCerts: false, browserName: chrome, browserVersion: 131.0.6778.206, chrome: {chromedriverVersion: 131.0.6778.264 (2d05e315153..., userDataDir: C:\Users\INGRID~1.ZAD\AppDa...}, fedcm:accounts: true, goog:chromeOptions: {debuggerAddress: localhost:56579}, networkConnectionEnabled: false, pageLoadStrategy: normal, platformName: windows, proxy: Proxy(), se:cdp: ws://localhost:56579/devtoo..., se:cdpVersion: 131.0.6778.206, setWindowRect: true, strictFileInteractability: false, timeouts: {implicit: 0, pageLoad: 300000, script: 30000}, unhandledPromptBehavior: dismiss and notify, webauthn:extension:credBlob: true, webauthn:extension:largeBlob: true, webauthn:extension:minPinLength: true, webauthn:extension:prf: true, webauthn:virtualAuthenticators: true}
Session ID: 70c25b64ebf3a1a2e423c9fa13747166
2025-01-10 15:26:11 [main] ERROR l.i.u.t.SubmittedApplicationsPageTest - Test 'testNavigateToSubmittedApplicationsPageTest' failed with error: MenuApplicationProcessing is not displayed!
java.lang.RuntimeException: MenuApplicationProcessing is not displayed!
	at lt.insoft.uztis.pages.ApplicationFormsPage.openMenuApplicationProcessing(ApplicationFormsPage.java:149)
	at lt.insoft.uztis.tests.SubmittedApplicationsPageTest.navigateToSubmittedApplicationsMenu(SubmittedApplicationsPageTest.java:30)
	at lt.insoft.uztis.tests.SubmittedApplicationsPageTest.testNavigateToSubmittedApplicationsPageTest(SubmittedApplicationsPageTest.java:51)
	at java.base/jdk.internal.reflect.DirectMethodHandleAccessor.invoke(DirectMethodHandleAccessor.java:103)
	at java.base/java.lang.reflect.Method.invoke(Method.java:580)
	at org.junit.platform.commons.util.ReflectionUtils.invokeMethod(ReflectionUtils.java:728)
	at org.junit.jupiter.engine.execution.MethodInvocation.proceed(MethodInvocation.java:60)
	at org.junit.jupiter.engine.execution.InvocationInterceptorChain$ValidatingInvocation.proceed(InvocationInterceptorChain.java:131)
	at org.junit.jupiter.engine.extension.TimeoutExtension.intercept(TimeoutExtension.java:156)
	at org.junit.jupiter.engine.extension.TimeoutExtension.interceptTestableMethod(TimeoutExtension.java:147)
	at org.junit.jupiter.engine.extension.TimeoutExtension.interceptTestMethod(TimeoutExtension.java:86)
	at org.junit.jupiter.engine.execution.InterceptingExecutableInvoker$ReflectiveInterceptorCall.lambda$ofVoidMethod$0(InterceptingExecutableInvoker.java:103)
	at org.junit.jupiter.engine.execution.InterceptingExecutableInvoker.lambda$invoke$0(InterceptingExecutableInvoker.java:93)
	at org.junit.jupiter.engine.execution.InvocationInterceptorChain$InterceptedInvocation.proceed(InvocationInterceptorChain.java:106)
	at org.junit.jupiter.engine.execution.InvocationInterceptorChain.proceed(InvocationInterceptorChain.java:64)
	at org.junit.jupiter.engine.execution.InvocationInterceptorChain.chainAndInvoke(InvocationInterceptorChain.java:45)
	at org.junit.jupiter.engine.execution.InvocationInterceptorChain.invoke(InvocationInterceptorChain.java:37)
	at org.junit.jupiter.engine.execution.InterceptingExecutableInvoker.invoke(InterceptingExecutableInvoker.java:92)
	at org.junit.jupiter.engine.execution.InterceptingExecutableInvoker.invoke(InterceptingExecutableInvoker.java:86)
	at org.junit.jupiter.engine.descriptor.TestMethodTestDescriptor.lambda$invokeTestMethod$7(TestMethodTestDescriptor.java:218)
	at org.junit.platform.engine.support.hierarchical.ThrowableCollector.execute(ThrowableCollector.java:73)
	at org.junit.jupiter.engine.descriptor.TestMethodTestDescriptor.invokeTestMethod(TestMethodTestDescriptor.java:214)
	at org.junit.jupiter.engine.descriptor.TestMethodTestDescriptor.execute(TestMethodTestDescriptor.java:139)
	at org.junit.jupiter.engine.descriptor.TestMethodTestDescriptor.execute(TestMethodTestDescriptor.java:69)
	at org.junit.platform.engine.support.hierarchical.NodeTestTask.lambda$executeRecursively$6(NodeTestTask.java:151)
	at org.junit.platform.engine.support.hierarchical.ThrowableCollector.execute(ThrowableCollector.java:73)
	at org.junit.platform.engine.support.hierarchical.NodeTestTask.lambda$executeRecursively$8(NodeTestTask.java:141)
	at org.junit.platform.engine.support.hierarchical.Node.around(Node.java:137)
	at org.junit.platform.engine.support.hierarchical.NodeTestTask.lambda$executeRecursively$9(NodeTestTask.java:139)
	at org.junit.platform.engine.support.hierarchical.ThrowableCollector.execute(ThrowableCollector.java:73)
	at org.junit.platform.engine.support.hierarchical.NodeTestTask.executeRecursively(NodeTestTask.java:138)
	at org.junit.platform.engine.support.hierarchical.NodeTestTask.execute(NodeTestTask.java:95)
	at java.base/java.util.ArrayList.forEach(ArrayList.java:1596)
	at org.junit.platform.engine.support.hierarchical.SameThreadHierarchicalTestExecutorService.invokeAll(SameThreadHierarchicalTestExecutorService.java:41)
	at org.junit.platform.engine.support.hierarchical.NodeTestTask.lambda$executeRecursively$6(NodeTestTask.java:155)
	at org.junit.platform.engine.support.hierarchical.ThrowableCollector.execute(ThrowableCollector.java:73)
	at org.junit.platform.engine.support.hierarchical.NodeTestTask.lambda$executeRecursively$8(NodeTestTask.java:141)
	at org.junit.platform.engine.support.hierarchical.Node.around(Node.java:137)
	at org.junit.platform.engine.support.hierarchical.NodeTestTask.lambda$executeRecursively$9(NodeTestTask.java:139)
	at org.junit.platform.engine.support.hierarchical.ThrowableCollector.execute(ThrowableCollector.java:73)
	at org.junit.platform.engine.support.hierarchical.NodeTestTask.executeRecursively(NodeTestTask.java:138)
	at org.junit.platform.engine.support.hierarchical.NodeTestTask.execute(NodeTestTask.java:95)
	at java.base/java.util.ArrayList.forEach(ArrayList.java:1596)
	at org.junit.platform.engine.support.hierarchical.SameThreadHierarchicalTestExecutorService.invokeAll(SameThreadHierarchicalTestExecutorService.java:41)
	at org.junit.platform.engine.support.hierarchical.NodeTestTask.lambda$executeRecursively$6(NodeTestTask.java:155)
	at org.junit.platform.engine.support.hierarchical.ThrowableCollector.execute(ThrowableCollector.java:73)
	at org.junit.platform.engine.support.hierarchical.NodeTestTask.lambda$executeRecursively$8(NodeTestTask.java:141)
	at org.junit.platform.engine.support.hierarchical.Node.around(Node.java:137)
	at org.junit.platform.engine.support.hierarchical.NodeTestTask.lambda$executeRecursively$9(NodeTestTask.java:139)
	at org.junit.platform.engine.support.hierarchical.ThrowableCollector.execute(ThrowableCollector.java:73)
	at org.junit.platform.engine.support.hierarchical.NodeTestTask.executeRecursively(NodeTestTask.java:138)
	at org.junit.platform.engine.support.hierarchical.NodeTestTask.execute(NodeTestTask.java:95)
	at org.junit.platform.engine.support.hierarchical.SameThreadHierarchicalTestExecutorService.submit(SameThreadHierarchicalTestExecutorService.java:35)
	at org.junit.platform.engine.support.hierarchical.HierarchicalTestExecutor.execute(HierarchicalTestExecutor.java:57)
	at org.junit.platform.engine.support.hierarchical.HierarchicalTestEngine.execute(HierarchicalTestEngine.java:54)
	at org.junit.platform.launcher.core.EngineExecutionOrchestrator.execute(EngineExecutionOrchestrator.java:198)
	at org.junit.platform.launcher.core.EngineExecutionOrchestrator.execute(EngineExecutionOrchestrator.java:169)
	at org.junit.platform.launcher.core.EngineExecutionOrchestrator.execute(EngineExecutionOrchestrator.java:93)
	at org.junit.platform.launcher.core.EngineExecutionOrchestrator.lambda$execute$0(EngineExecutionOrchestrator.java:58)
	at org.junit.platform.launcher.core.EngineExecutionOrchestrator.withInterceptedStreams(EngineExecutionOrchestrator.java:141)
	at org.junit.platform.launcher.core.EngineExecutionOrchestrator.execute(EngineExecutionOrchestrator.java:57)
	at org.junit.platform.launcher.core.DefaultLauncher.execute(DefaultLauncher.java:103)
	at org.junit.platform.launcher.core.DefaultLauncher.execute(DefaultLauncher.java:85)
	at org.junit.platform.launcher.core.DelegatingLauncher.execute(DelegatingLauncher.java:47)
	at org.junit.platform.launcher.core.SessionPerRequestLauncher.execute(SessionPerRequestLauncher.java:63)
	at com.intellij.junit5.JUnit5IdeaTestRunner.startRunnerWithArgs(JUnit5IdeaTestRunner.java:57)
	at com.intellij.rt.junit.IdeaTestRunner$Repeater$1.execute(IdeaTestRunner.java:38)
	at com.intellij.rt.execution.junit.TestsRepeater.repeat(TestsRepeater.java:11)
	at com.intellij.rt.junit.IdeaTestRunner$Repeater.startRunnerWithArgs(IdeaTestRunner.java:35)
	at com.intellij.rt.junit.JUnitStarter.prepareStreamsAndStart(JUnitStarter.java:232)
	at com.intellij.rt.junit.JUnitStarter.main(JUnitStarter.java:55)
2025-01-10 15:26:42 [main] INFO  lt.insoft.uztis.tests.UztisPageTest - Navigated to https://uztisdev.asseco.lt/home
2025-01-10 15:26:42 [main] INFO  l.i.u.t.SubmittedApplicationsPageTest - Starting test:'testNavigateToSubmittedApplicationsPageTest'
2025-01-10 15:26:43 [main] DEBUG l.i.u.t.SubmittedApplicationsPageTest - User logged in with test credentials
2025-01-10 15:26:43 [main] DEBUG l.i.u.t.SubmittedApplicationsPageTest - Opened 'Application Processing' menu.
2025-01-10 15:26:43 [main] DEBUG l.i.u.t.SubmittedApplicationsPageTest - Clicked on 'Submitted Applications' menu.
2025-01-10 15:26:43 [main] DEBUG l.i.u.t.SubmittedApplicationsPageTest - Navigating to submitted applications menu.
2025-01-10 15:26:43 [main] DEBUG l.i.u.t.SubmittedApplicationsPageTest - Fetched label text: Kvietimui pateiktos paraiškos
2025-01-10 15:26:43 [main] INFO  l.i.u.t.SubmittedApplicationsPageTest - 'goToInvitationPageTest' completed. Label is: Kvietimui pateiktos paraiškos
2025-01-10 15:26:44 [main] INFO  l.insoft.uztis.tests.utils.TestUtils - Screenshot moved to C:\Users\ingrida.zadorozniene\Desktop\Asm\UZTIS\UZTIS_tests\test-output\screenshots\20250110\152644079_testNavigateToSubmittedApplicationsPageTest.png
2025-01-10 15:26:44 [main] INFO  l.i.u.t.SubmittedApplicationsPageTest - Test 'testNavigateToSubmittedApplicationsPageTest' completed successfully.
2025-01-10 15:39:48 [main] INFO  lt.insoft.uztis.tests.UztisPageTest - Navigated to https://uztisdev.asseco.lt/home
2025-01-10 15:39:48 [main] INFO  l.i.u.t.SubmittedApplicationsPageTest - Starting test:'testSubmitApplicationTest'
2025-01-10 15:39:49 [main] DEBUG l.i.u.t.SubmittedApplicationsPageTest - User logged in with test credentials
2025-01-10 15:39:59 [main] INFO  l.insoft.uztis.tests.utils.TestUtils - Screenshot moved to C:\Users\ingrida.zadorozniene\Desktop\Asm\UZTIS\UZTIS_tests\test-output\screenshots\20250110\153959899_testSubmitApplicationTest().png
2025-01-10 16:04:16 [main] INFO  lt.insoft.uztis.tests.UztisPageTest - Navigated to https://uztisdev.asseco.lt/home
2025-01-10 16:04:16 [main] INFO  l.i.u.t.SubmittedApplicationsPageTest - Starting test:'testSubmitApplicationTest'
2025-01-10 16:04:17 [main] DEBUG l.i.u.t.SubmittedApplicationsPageTest - User logged in with test credentials
2025-01-10 16:04:17 [main] DEBUG l.i.u.t.SubmittedApplicationsPageTest - Opened 'Application Processing' menu.
2025-01-10 16:04:17 [main] DEBUG l.i.u.t.SubmittedApplicationsPageTest - Clicked on 'Application Forms' menu.
2025-01-10 16:04:17 [main] DEBUG l.i.u.t.SubmittedApplicationsPageTest - Retrieved last description code text: 'TST-VUI-81'.
2025-01-10 16:04:17 [main] DEBUG l.i.u.t.SubmittedApplicationsPageTest - Clicked on 'Invitation' menu.
2025-01-10 16:04:18 [main] DEBUG l.i.u.t.SubmittedApplicationsPageTest - Selected section by code: 'TST-VUI-81'.
2025-01-10 16:04:18 [main] DEBUG l.i.u.t.SubmittedApplicationsPageTest - Clicked 'Search'.
2025-01-10 16:04:18 [main] DEBUG l.i.u.t.SubmittedApplicationsPageTest - Clicked 'Publishing'.
2025-01-13 08:43:09 [main] INFO  lt.insoft.uztis.tests.UztisPageTest - Navigated to https://uztisdev.asseco.lt/home
2025-01-13 08:43:09 [main] INFO  l.i.u.tests.ApplicationFormsPageTest - Setup complete. ApplicationFormsPage initialized.
2025-01-13 08:43:09 [main] INFO  l.i.u.tests.ApplicationFormsPageTest - Starting test:'testCreateNewVuiApplication'
2025-01-13 08:43:10 [main] DEBUG l.i.u.tests.ApplicationFormsPageTest - User logged in with test credentials
2025-01-13 08:43:10 [main] DEBUG l.i.u.tests.ApplicationFormsPageTest - Opened 'Application Processing' menu.
2025-01-13 08:43:10 [main] DEBUG l.i.u.tests.ApplicationFormsPageTest - Clicked on 'Application Forms' menu.
2025-01-13 08:43:10 [main] DEBUG l.i.u.tests.ApplicationFormsPageTest - Clicked to create a new application form.
2025-01-13 08:43:11 [main] DEBUG l.i.u.tests.ApplicationFormsPageTest - Entered random application code: TST-VUI-40
2025-01-13 08:43:11 [main] DEBUG l.i.u.tests.ApplicationFormsPageTest - Selected 'Section' radio button.
2025-01-13 08:43:11 [main] INFO  l.i.uztis.pages.ApplicationFormsPage - Located the dropdown button.
2025-01-13 08:43:11 [main] INFO  l.i.uztis.pages.ApplicationFormsPage - Successfully selected the value: 'Skyrius 1'
2025-01-13 08:43:21 [main] ERROR l.i.uztis.pages.ApplicationFormsPage - Failed to close the dropdown with aria-expanded = 'false'.
2025-01-13 08:43:21 [main] DEBUG l.i.u.tests.ApplicationFormsPageTest - Selected a value from the 'Section' dropdown: 'Skyrius 1'
2025-01-13 08:43:22 [main] DEBUG l.i.u.tests.ApplicationFormsPageTest - Selected 'Budget by Municipality' option.
2025-01-13 08:43:22 [main] DEBUG l.i.u.tests.ApplicationFormsPageTest - Selected 'Financed Without Queue' option.
2025-01-13 08:43:22 [main] DEBUG l.i.u.tests.ApplicationFormsPageTest - Clicked 'Add' button.
2025-01-13 08:43:22 [main] INFO  l.i.uztis.pages.ApplicationFormsPage - Located the dropdown button.
2025-01-13 08:43:22 [main] DEBUG l.i.uztis.pages.ApplicationFormsPage - Option text: '', value to select: 'VUI paraiškos vertinimo forma - I etapas'
2025-01-13 08:43:22 [main] INFO  l.i.uztis.pages.ApplicationFormsPage - Successfully selected the value: 'VUI paraiškos vertinimo forma - I etapas'
2025-01-13 08:43:22 [main] DEBUG l.i.u.tests.ApplicationFormsPageTest - Selected a value from the 'EvaluationOne' dropdown: 'VUI paraiškos vertinimo forma - I etapas'
2025-01-13 08:43:22 [main] INFO  l.i.uztis.pages.ApplicationFormsPage - Located the dropdown button.
2025-01-13 08:43:22 [main] DEBUG l.i.uztis.pages.ApplicationFormsPage - Option text: 'VUI paraiškos vertinimo forma - II etapas', value to select: 'VUI paraiškos vertinimo forma - II etapas'
2025-01-13 08:43:22 [main] INFO  l.i.uztis.pages.ApplicationFormsPage - Successfully selected the value: 'VUI paraiškos vertinimo forma - II etapas'
2025-01-13 08:43:22 [main] DEBUG l.i.u.tests.ApplicationFormsPageTest - Selected a value from the 'EvaluationTwon' dropdown: 'VUI paraiškos vertinimo forma - II etapas'
2025-01-13 08:43:22 [main] INFO  l.i.uztis.pages.ApplicationFormsPage - Located the dropdown button.
2025-01-13 08:43:22 [main] DEBUG l.i.uztis.pages.ApplicationFormsPage - Option text: '', value to select: 'VUI paraiškos vertinimo forma - III etapas'
2025-01-13 08:43:23 [main] INFO  l.i.uztis.pages.ApplicationFormsPage - Successfully selected the value: 'VUI paraiškos vertinimo forma - III etapas'
2025-01-13 08:43:23 [main] DEBUG l.i.u.tests.ApplicationFormsPageTest - Selected a value from the 'EvaluationThree' dropdown: 'VUI paraiškos vertinimo forma - III etapas'
2025-01-13 08:43:23 [main] DEBUG l.i.u.tests.ApplicationFormsPageTest - Clicked 'Plus' button.
2025-01-13 08:43:23 [main] DEBUG l.i.u.tests.ApplicationFormsPageTest - Clicked 'Add' button seven times.
2025-01-13 08:43:23 [main] INFO  l.i.uztis.pages.ApplicationFormsPage - Processing dropdown index: 0
2025-01-13 08:43:34 [main] ERROR l.i.uztis.pages.ApplicationFormsPage - Timeout while waiting for dropdown to close at index: 0 with aria-expanded = 'false'
2025-01-13 08:43:34 [main] INFO  l.i.uztis.pages.ApplicationFormsPage - Processing dropdown index: 1
2025-01-13 08:43:44 [main] ERROR l.i.uztis.pages.ApplicationFormsPage - Timeout while waiting for dropdown to close at index: 1 with aria-expanded = 'false'
2025-01-13 08:43:44 [main] INFO  l.i.uztis.pages.ApplicationFormsPage - Processing dropdown index: 2
2025-01-13 08:43:55 [main] ERROR l.i.uztis.pages.ApplicationFormsPage - Timeout while waiting for dropdown to close at index: 2 with aria-expanded = 'false'
2025-01-13 08:43:55 [main] INFO  l.i.uztis.pages.ApplicationFormsPage - Processing dropdown index: 3
2025-01-13 08:44:06 [main] ERROR l.i.uztis.pages.ApplicationFormsPage - Timeout while waiting for dropdown to close at index: 3 with aria-expanded = 'false'
2025-01-13 08:44:06 [main] INFO  l.i.uztis.pages.ApplicationFormsPage - Processing dropdown index: 4
2025-01-13 08:44:16 [main] ERROR l.i.uztis.pages.ApplicationFormsPage - Timeout while waiting for dropdown to close at index: 4 with aria-expanded = 'false'
2025-01-13 08:44:16 [main] INFO  l.i.uztis.pages.ApplicationFormsPage - Processing dropdown index: 5
2025-01-13 08:44:27 [main] ERROR l.i.uztis.pages.ApplicationFormsPage - Timeout while waiting for dropdown to close at index: 5 with aria-expanded = 'false'
2025-01-13 08:44:27 [main] INFO  l.i.uztis.pages.ApplicationFormsPage - Processing dropdown index: 6
2025-01-13 08:44:39 [main] ERROR l.i.uztis.pages.ApplicationFormsPage - Timeout while waiting for dropdown to close at index: 6 with aria-expanded = 'false'
2025-01-13 08:44:39 [main] INFO  l.i.uztis.pages.ApplicationFormsPage - Processing dropdown index: 7
2025-01-13 08:44:49 [main] ERROR l.i.uztis.pages.ApplicationFormsPage - Timeout while waiting for dropdown to close at index: 7 with aria-expanded = 'false'
2025-01-13 08:44:49 [main] INFO  l.i.uztis.pages.ApplicationFormsPage - Processing input field index: 0
2025-01-13 08:44:50 [main] INFO  l.i.uztis.pages.ApplicationFormsPage - Entered value '50' into field index: 0
2025-01-13 08:44:50 [main] INFO  l.i.uztis.pages.ApplicationFormsPage - Processing input field index: 1
2025-01-13 08:44:50 [main] INFO  l.i.uztis.pages.ApplicationFormsPage - Entered value '924' into field index: 1
2025-01-13 08:44:50 [main] INFO  l.i.uztis.pages.ApplicationFormsPage - Processing input field index: 2
2025-01-13 08:44:50 [main] INFO  l.i.uztis.pages.ApplicationFormsPage - Entered value '31' into field index: 2
2025-01-13 08:44:50 [main] INFO  l.i.uztis.pages.ApplicationFormsPage - Processing input field index: 3
2025-01-13 08:44:50 [main] INFO  l.i.uztis.pages.ApplicationFormsPage - Entered value '4.7' into field index: 3
2025-01-13 08:44:50 [main] INFO  l.i.uztis.pages.ApplicationFormsPage - Processing input field index: 4
2025-01-13 08:44:50 [main] INFO  l.i.uztis.pages.ApplicationFormsPage - Entered value '35' into field index: 4
2025-01-13 08:44:50 [main] INFO  l.i.uztis.pages.ApplicationFormsPage - Processing input field index: 5
2025-01-13 08:44:50 [main] INFO  l.i.uztis.pages.ApplicationFormsPage - Entered value '20' into field index: 5
2025-01-13 08:44:50 [main] INFO  l.i.uztis.pages.ApplicationFormsPage - Processing input field index: 6
2025-01-13 08:44:50 [main] INFO  l.i.uztis.pages.ApplicationFormsPage - Entered value '30' into field index: 6
2025-01-13 08:44:50 [main] INFO  l.i.uztis.pages.ApplicationFormsPage - Processing input field index: 7
2025-01-13 08:44:51 [main] INFO  l.i.uztis.pages.ApplicationFormsPage - Entered value '60' into field index: 7
2025-01-13 08:44:51 [main] DEBUG l.i.u.tests.ApplicationFormsPageTest - Entered additional values and text.
2025-01-13 08:44:51 [main] DEBUG l.i.u.tests.ApplicationFormsPageTest - Entered application name: VUI paraiška
2025-01-13 08:44:51 [main] DEBUG l.i.u.tests.ApplicationFormsPageTest - Clicked the 'Save' button.
2025-01-13 08:44:51 [main] INFO  l.i.u.tests.ApplicationFormsPageTest - Verified success message text: 'Duomenys sėkmingai išsaugoti.'
2025-01-13 08:44:51 [main] INFO  l.i.u.tests.ApplicationFormsPageTest - Verified that the 'Save Form' button is displayed.
2025-01-13 08:44:51 [main] INFO  l.i.u.tests.ApplicationFormsPageTest - Test 'testCreateNewVuiApplication' completed successfully.
2025-01-13 08:47:26 [main] INFO  lt.insoft.uztis.tests.UztisPageTest - Navigated to https://uztisdev.asseco.lt/home
2025-01-13 08:47:26 [main] INFO  l.i.u.tests.ApplicationFormsPageTest - Setup complete. ApplicationFormsPage initialized.
2025-01-13 08:47:26 [main] INFO  l.i.u.tests.ApplicationFormsPageTest - Starting test:'testCreateNewVuiApplication'
2025-01-13 08:47:27 [main] DEBUG l.i.u.tests.ApplicationFormsPageTest - User logged in with test credentials
2025-01-13 08:47:27 [main] DEBUG l.i.u.tests.ApplicationFormsPageTest - Opened 'Application Processing' menu.
2025-01-13 08:47:28 [main] DEBUG l.i.u.tests.ApplicationFormsPageTest - Clicked on 'Application Forms' menu.
2025-01-13 08:47:28 [main] DEBUG l.i.u.tests.ApplicationFormsPageTest - Clicked to create a new application form.
2025-01-13 08:47:28 [main] DEBUG l.i.u.tests.ApplicationFormsPageTest - Entered random application code: TST-VUI-46
2025-01-13 08:47:28 [main] DEBUG l.i.u.tests.ApplicationFormsPageTest - Selected 'Section' radio button.
2025-01-13 08:47:28 [main] INFO  l.i.uztis.pages.ApplicationFormsPage - Located the dropdown button.
2025-01-13 08:47:29 [main] INFO  l.i.uztis.pages.ApplicationFormsPage - Successfully selected the value: 'Skyrius 1'
2025-01-13 08:47:39 [main] ERROR l.i.uztis.pages.ApplicationFormsPage - Failed to close the dropdown with aria-expanded = 'false'.
2025-01-13 08:47:39 [main] DEBUG l.i.u.tests.ApplicationFormsPageTest - Selected a value from the 'Section' dropdown: 'Skyrius 1'
2025-01-13 08:47:39 [main] ERROR l.i.u.tests.ApplicationFormsPageTest - Test 'testCreateNewVuiApplication' failed with error: no such window: target window already closed
from unknown error: web view not found
  (Session info: chrome=131.0.6778.265)
Build info: version: '4.27.0', revision: 'd6e718d134'
System info: os.name: 'Windows 11', os.arch: 'amd64', os.version: '10.0', java.version: '21.0.3'
Driver info: org.openqa.selenium.chrome.ChromeDriver
Command: [c503c2333a7c7f0af939ca27523eeb28, findElement {using=xpath, value=(//input[@type='radio' and @value='REGIONAL'])[2]}]
Capabilities {acceptInsecureCerts: false, browserName: chrome, browserVersion: 131.0.6778.265, chrome: {chromedriverVersion: 131.0.6778.264 (2d05e315153..., userDataDir: C:\Users\INGRID~1.ZAD\AppDa...}, fedcm:accounts: true, goog:chromeOptions: {debuggerAddress: localhost:62819}, networkConnectionEnabled: false, pageLoadStrategy: normal, platformName: windows, proxy: Proxy(), se:cdp: ws://localhost:62819/devtoo..., se:cdpVersion: 131.0.6778.265, setWindowRect: true, strictFileInteractability: false, timeouts: {implicit: 0, pageLoad: 300000, script: 30000}, unhandledPromptBehavior: dismiss and notify, webauthn:extension:credBlob: true, webauthn:extension:largeBlob: true, webauthn:extension:minPinLength: true, webauthn:extension:prf: true, webauthn:virtualAuthenticators: true}
Session ID: c503c2333a7c7f0af939ca27523eeb28
org.openqa.selenium.NoSuchWindowException: no such window: target window already closed
from unknown error: web view not found
  (Session info: chrome=131.0.6778.265)
Build info: version: '4.27.0', revision: 'd6e718d134'
System info: os.name: 'Windows 11', os.arch: 'amd64', os.version: '10.0', java.version: '21.0.3'
Driver info: org.openqa.selenium.chrome.ChromeDriver
Command: [c503c2333a7c7f0af939ca27523eeb28, findElement {using=xpath, value=(//input[@type='radio' and @value='REGIONAL'])[2]}]
Capabilities {acceptInsecureCerts: false, browserName: chrome, browserVersion: 131.0.6778.265, chrome: {chromedriverVersion: 131.0.6778.264 (2d05e315153..., userDataDir: C:\Users\INGRID~1.ZAD\AppDa...}, fedcm:accounts: true, goog:chromeOptions: {debuggerAddress: localhost:62819}, networkConnectionEnabled: false, pageLoadStrategy: normal, platformName: windows, proxy: Proxy(), se:cdp: ws://localhost:62819/devtoo..., se:cdpVersion: 131.0.6778.265, setWindowRect: true, strictFileInteractability: false, timeouts: {implicit: 0, pageLoad: 300000, script: 30000}, unhandledPromptBehavior: dismiss and notify, webauthn:extension:credBlob: true, webauthn:extension:largeBlob: true, webauthn:extension:minPinLength: true, webauthn:extension:prf: true, webauthn:virtualAuthenticators: true}
Session ID: c503c2333a7c7f0af939ca27523eeb28
	at java.base/jdk.internal.reflect.DirectConstructorHandleAccessor.newInstance(DirectConstructorHandleAccessor.java:62)
	at java.base/java.lang.reflect.Constructor.newInstanceWithCaller(Constructor.java:502)
	at java.base/java.lang.reflect.Constructor.newInstance(Constructor.java:486)
	at org.openqa.selenium.remote.ErrorCodec.decode(ErrorCodec.java:167)
	at org.openqa.selenium.remote.codec.w3c.W3CHttpResponseCodec.decode(W3CHttpResponseCodec.java:138)
	at org.openqa.selenium.remote.codec.w3c.W3CHttpResponseCodec.decode(W3CHttpResponseCodec.java:50)
	at org.openqa.selenium.remote.HttpCommandExecutor.execute(HttpCommandExecutor.java:190)
	at org.openqa.selenium.remote.service.DriverCommandExecutor.invokeExecute(DriverCommandExecutor.java:216)
	at org.openqa.selenium.remote.service.DriverCommandExecutor.execute(DriverCommandExecutor.java:174)
	at org.openqa.selenium.remote.RemoteWebDriver.execute(RemoteWebDriver.java:545)
	at org.openqa.selenium.remote.ElementLocation$ElementFinder$2.findElement(ElementLocation.java:165)
	at org.openqa.selenium.remote.ElementLocation.findElement(ElementLocation.java:59)
	at org.openqa.selenium.remote.RemoteWebDriver.findElement(RemoteWebDriver.java:368)
	at org.openqa.selenium.remote.RemoteWebDriver.findElement(RemoteWebDriver.java:362)
	at org.openqa.selenium.support.pagefactory.DefaultElementLocator.findElement(DefaultElementLocator.java:68)
	at org.openqa.selenium.support.pagefactory.internal.LocatingElementHandler.invoke(LocatingElementHandler.java:38)
	at jdk.proxy2/jdk.proxy2.$Proxy14.isSelected(Unknown Source)
	at lt.insoft.uztis.pages.ApplicationFormsPage.clickRadioButtonBudgetByMunicipality(ApplicationFormsPage.java:247)
	at lt.insoft.uztis.tests.ApplicationFormsPageTest.testCreateNewVuiApplication(ApplicationFormsPageTest.java:110)
	at java.base/jdk.internal.reflect.DirectMethodHandleAccessor.invoke(DirectMethodHandleAccessor.java:103)
	at java.base/java.lang.reflect.Method.invoke(Method.java:580)
	at org.junit.platform.commons.util.ReflectionUtils.invokeMethod(ReflectionUtils.java:728)
	at org.junit.jupiter.engine.execution.MethodInvocation.proceed(MethodInvocation.java:60)
	at org.junit.jupiter.engine.execution.InvocationInterceptorChain$ValidatingInvocation.proceed(InvocationInterceptorChain.java:131)
	at org.junit.jupiter.engine.extension.TimeoutExtension.intercept(TimeoutExtension.java:156)
	at org.junit.jupiter.engine.extension.TimeoutExtension.interceptTestableMethod(TimeoutExtension.java:147)
	at org.junit.jupiter.engine.extension.TimeoutExtension.interceptTestMethod(TimeoutExtension.java:86)
	at org.junit.jupiter.engine.execution.InterceptingExecutableInvoker$ReflectiveInterceptorCall.lambda$ofVoidMethod$0(InterceptingExecutableInvoker.java:103)
	at org.junit.jupiter.engine.execution.InterceptingExecutableInvoker.lambda$invoke$0(InterceptingExecutableInvoker.java:93)
	at org.junit.jupiter.engine.execution.InvocationInterceptorChain$InterceptedInvocation.proceed(InvocationInterceptorChain.java:106)
	at org.junit.jupiter.engine.execution.InvocationInterceptorChain.proceed(InvocationInterceptorChain.java:64)
	at org.junit.jupiter.engine.execution.InvocationInterceptorChain.chainAndInvoke(InvocationInterceptorChain.java:45)
	at org.junit.jupiter.engine.execution.InvocationInterceptorChain.invoke(InvocationInterceptorChain.java:37)
	at org.junit.jupiter.engine.execution.InterceptingExecutableInvoker.invoke(InterceptingExecutableInvoker.java:92)
	at org.junit.jupiter.engine.execution.InterceptingExecutableInvoker.invoke(InterceptingExecutableInvoker.java:86)
	at org.junit.jupiter.engine.descriptor.TestMethodTestDescriptor.lambda$invokeTestMethod$7(TestMethodTestDescriptor.java:218)
	at org.junit.platform.engine.support.hierarchical.ThrowableCollector.execute(ThrowableCollector.java:73)
	at org.junit.jupiter.engine.descriptor.TestMethodTestDescriptor.invokeTestMethod(TestMethodTestDescriptor.java:214)
	at org.junit.jupiter.engine.descriptor.TestMethodTestDescriptor.execute(TestMethodTestDescriptor.java:139)
	at org.junit.jupiter.engine.descriptor.TestMethodTestDescriptor.execute(TestMethodTestDescriptor.java:69)
	at org.junit.platform.engine.support.hierarchical.NodeTestTask.lambda$executeRecursively$6(NodeTestTask.java:151)
	at org.junit.platform.engine.support.hierarchical.ThrowableCollector.execute(ThrowableCollector.java:73)
	at org.junit.platform.engine.support.hierarchical.NodeTestTask.lambda$executeRecursively$8(NodeTestTask.java:141)
	at org.junit.platform.engine.support.hierarchical.Node.around(Node.java:137)
	at org.junit.platform.engine.support.hierarchical.NodeTestTask.lambda$executeRecursively$9(NodeTestTask.java:139)
	at org.junit.platform.engine.support.hierarchical.ThrowableCollector.execute(ThrowableCollector.java:73)
	at org.junit.platform.engine.support.hierarchical.NodeTestTask.executeRecursively(NodeTestTask.java:138)
	at org.junit.platform.engine.support.hierarchical.NodeTestTask.execute(NodeTestTask.java:95)
	at java.base/java.util.ArrayList.forEach(ArrayList.java:1596)
	at org.junit.platform.engine.support.hierarchical.SameThreadHierarchicalTestExecutorService.invokeAll(SameThreadHierarchicalTestExecutorService.java:41)
	at org.junit.platform.engine.support.hierarchical.NodeTestTask.lambda$executeRecursively$6(NodeTestTask.java:155)
	at org.junit.platform.engine.support.hierarchical.ThrowableCollector.execute(ThrowableCollector.java:73)
	at org.junit.platform.engine.support.hierarchical.NodeTestTask.lambda$executeRecursively$8(NodeTestTask.java:141)
	at org.junit.platform.engine.support.hierarchical.Node.around(Node.java:137)
	at org.junit.platform.engine.support.hierarchical.NodeTestTask.lambda$executeRecursively$9(NodeTestTask.java:139)
	at org.junit.platform.engine.support.hierarchical.ThrowableCollector.execute(ThrowableCollector.java:73)
	at org.junit.platform.engine.support.hierarchical.NodeTestTask.executeRecursively(NodeTestTask.java:138)
	at org.junit.platform.engine.support.hierarchical.NodeTestTask.execute(NodeTestTask.java:95)
	at java.base/java.util.ArrayList.forEach(ArrayList.java:1596)
	at org.junit.platform.engine.support.hierarchical.SameThreadHierarchicalTestExecutorService.invokeAll(SameThreadHierarchicalTestExecutorService.java:41)
	at org.junit.platform.engine.support.hierarchical.NodeTestTask.lambda$executeRecursively$6(NodeTestTask.java:155)
	at org.junit.platform.engine.support.hierarchical.ThrowableCollector.execute(ThrowableCollector.java:73)
	at org.junit.platform.engine.support.hierarchical.NodeTestTask.lambda$executeRecursively$8(NodeTestTask.java:141)
	at org.junit.platform.engine.support.hierarchical.Node.around(Node.java:137)
	at org.junit.platform.engine.support.hierarchical.NodeTestTask.lambda$executeRecursively$9(NodeTestTask.java:139)
	at org.junit.platform.engine.support.hierarchical.ThrowableCollector.execute(ThrowableCollector.java:73)
	at org.junit.platform.engine.support.hierarchical.NodeTestTask.executeRecursively(NodeTestTask.java:138)
	at org.junit.platform.engine.support.hierarchical.NodeTestTask.execute(NodeTestTask.java:95)
	at org.junit.platform.engine.support.hierarchical.SameThreadHierarchicalTestExecutorService.submit(SameThreadHierarchicalTestExecutorService.java:35)
	at org.junit.platform.engine.support.hierarchical.HierarchicalTestExecutor.execute(HierarchicalTestExecutor.java:57)
	at org.junit.platform.engine.support.hierarchical.HierarchicalTestEngine.execute(HierarchicalTestEngine.java:54)
	at org.junit.platform.launcher.core.EngineExecutionOrchestrator.execute(EngineExecutionOrchestrator.java:198)
	at org.junit.platform.launcher.core.EngineExecutionOrchestrator.execute(EngineExecutionOrchestrator.java:169)
	at org.junit.platform.launcher.core.EngineExecutionOrchestrator.execute(EngineExecutionOrchestrator.java:93)
	at org.junit.platform.launcher.core.EngineExecutionOrchestrator.lambda$execute$0(EngineExecutionOrchestrator.java:58)
	at org.junit.platform.launcher.core.EngineExecutionOrchestrator.withInterceptedStreams(EngineExecutionOrchestrator.java:141)
	at org.junit.platform.launcher.core.EngineExecutionOrchestrator.execute(EngineExecutionOrchestrator.java:57)
	at org.junit.platform.launcher.core.DefaultLauncher.execute(DefaultLauncher.java:103)
	at org.junit.platform.launcher.core.DefaultLauncher.execute(DefaultLauncher.java:85)
	at org.junit.platform.launcher.core.DelegatingLauncher.execute(DelegatingLauncher.java:47)
	at org.junit.platform.launcher.core.SessionPerRequestLauncher.execute(SessionPerRequestLauncher.java:63)
	at com.intellij.junit5.JUnit5IdeaTestRunner.startRunnerWithArgs(JUnit5IdeaTestRunner.java:57)
	at com.intellij.rt.junit.IdeaTestRunner$Repeater$1.execute(IdeaTestRunner.java:38)
	at com.intellij.rt.execution.junit.TestsRepeater.repeat(TestsRepeater.java:11)
	at com.intellij.rt.junit.IdeaTestRunner$Repeater.startRunnerWithArgs(IdeaTestRunner.java:35)
	at com.intellij.rt.junit.JUnitStarter.prepareStreamsAndStart(JUnitStarter.java:232)
	at com.intellij.rt.junit.JUnitStarter.main(JUnitStarter.java:55)
2025-01-13 08:51:08 [main] INFO  lt.insoft.uztis.tests.UztisPageTest - Navigated to https://uztisdev.asseco.lt/home
2025-01-13 08:51:08 [main] INFO  l.i.u.tests.ApplicationFormsPageTest - Setup complete. ApplicationFormsPage initialized.
2025-01-13 08:51:08 [main] INFO  l.i.u.tests.ApplicationFormsPageTest - Starting test:'testEditAndSaveVuiApplication'
2025-01-13 08:51:09 [main] DEBUG l.i.u.tests.ApplicationFormsPageTest - User logged in with test credentials
2025-01-13 08:51:09 [main] DEBUG l.i.u.tests.ApplicationFormsPageTest - Opened 'Application Processing' menu.
2025-01-13 08:51:09 [main] DEBUG l.i.u.tests.ApplicationFormsPageTest - Clicked on 'Application Forms' menu.
2025-01-13 08:51:10 [main] DEBUG l.i.u.tests.ApplicationFormsPageTest - Selected the last application description.
2025-01-13 08:51:10 [main] DEBUG l.i.u.tests.ApplicationFormsPageTest - Clicked the 'Edit' button.
2025-01-13 08:51:10 [main] DEBUG l.i.u.tests.ApplicationFormsPageTest - Selected 'Municipality' radio button.
2025-01-13 08:51:11 [main] INFO  l.i.uztis.pages.ApplicationFormsPage - Located the dropdown button.
2025-01-13 08:51:11 [main] INFO  l.i.uztis.pages.ApplicationFormsPage - Successfully selected the value: 'Kauno departamentas'
2025-01-13 08:51:21 [main] ERROR l.i.uztis.pages.ApplicationFormsPage - Failed to close the dropdown with aria-expanded = 'false'.
2025-01-13 08:51:21 [main] DEBUG l.i.u.tests.ApplicationFormsPageTest - Selected a value from the 'Municipality' dropdown: 'Kauno departamentas'
2025-01-13 08:51:21 [main] DEBUG l.i.u.tests.ApplicationFormsPageTest - Selected 'Budget By Country' radio button.
2025-01-13 08:51:21 [main] DEBUG l.i.u.tests.ApplicationFormsPageTest - Selected 'Financed By Queue' radio button.
2025-01-13 08:51:22 [main] DEBUG l.i.u.tests.ApplicationFormsPageTest - Entered new application name: _paredaguota
2025-01-13 08:51:22 [main] DEBUG l.i.u.tests.ApplicationFormsPageTest - Clicked the 'Save' button.
2025-01-13 08:51:22 [main] INFO  l.i.u.tests.ApplicationFormsPageTest - Verified success message: 'Duomenys sėkmingai išsaugoti.'
2025-01-13 08:51:22 [main] INFO  l.i.u.tests.ApplicationFormsPageTest - Test 'testEditAndSaveVuiApplication' completed successfully.
2025-01-13 08:51:48 [main] INFO  lt.insoft.uztis.tests.UztisPageTest - Navigated to https://uztisdev.asseco.lt/home
2025-01-13 08:51:48 [main] INFO  l.i.uztis.tests.InvitationsPageTest - Starting test:'testCreateNewVuiInvitationDraft'
2025-01-13 08:51:49 [main] DEBUG l.i.uztis.tests.InvitationsPageTest - User logged in with test credentials
2025-01-13 08:51:49 [main] DEBUG l.i.uztis.tests.InvitationsPageTest - Opened 'Application Processing' menu.
2025-01-13 08:51:49 [main] DEBUG l.i.uztis.tests.InvitationsPageTest - Clicked on 'Application Forms' menu.
2025-01-13 08:51:49 [main] DEBUG l.i.uztis.tests.InvitationsPageTest - Navigating to application forms menu.
2025-01-13 08:51:49 [main] DEBUG l.i.uztis.tests.InvitationsPageTest - Retrieved last description code text: 'TST-VUI-40'.
2025-01-13 08:51:49 [main] DEBUG l.i.uztis.tests.InvitationsPageTest - Clicked on 'Invitation' menu.
2025-01-13 08:51:50 [main] DEBUG l.i.uztis.tests.InvitationsPageTest - Clicked 'Create New Application Form'.
2025-01-13 08:51:50 [main] DEBUG l.i.uztis.tests.InvitationsPageTest - Selected section by code: 'TST-VUI-40'.
2025-01-13 08:51:51 [main] DEBUG l.i.uztis.tests.InvitationsPageTest - Selected invitation number from the list.
2025-01-13 08:51:51 [main] DEBUG l.i.uztis.tests.InvitationsPageTest - Entered current date.
2025-01-13 08:51:51 [main] DEBUG l.i.uztis.tests.InvitationsPageTest - Entered start time: 00:00.
2025-01-13 08:51:51 [main] DEBUG l.i.uztis.tests.InvitationsPageTest - Entered end date.
2025-01-13 08:51:52 [main] DEBUG l.i.uztis.tests.InvitationsPageTest - Entered end time: 11:11.
2025-01-13 08:51:52 [main] DEBUG l.i.uztis.tests.InvitationsPageTest - Draft saved.
2025-01-13 08:51:52 [main] DEBUG l.i.uztis.tests.InvitationsPageTest - Verified success message: 'Duomenys sėkmingai išsaugoti.'
2025-01-13 08:51:52 [main] INFO  l.i.uztis.tests.InvitationsPageTest - Test 'testCreateNewVuiInvitationDraft' completed successfully.
2025-01-13 08:52:04 [main] INFO  lt.insoft.uztis.tests.UztisPageTest - Navigated to https://uztisdev.asseco.lt/home
2025-01-13 08:52:04 [main] INFO  l.i.uztis.tests.InvitationsPageTest - Starting test:'testEditAndPublishVuiInvitationDraft'
2025-01-13 08:52:05 [main] DEBUG l.i.uztis.tests.InvitationsPageTest - User logged in with test credentials
2025-01-13 08:52:05 [main] DEBUG l.i.uztis.tests.InvitationsPageTest - Opened 'Application Processing' menu.
2025-01-13 08:52:05 [main] DEBUG l.i.uztis.tests.InvitationsPageTest - Clicked on 'Application Forms' menu.
2025-01-13 08:52:05 [main] DEBUG l.i.uztis.tests.InvitationsPageTest - Navigating to application forms menu.
2025-01-13 08:52:06 [main] DEBUG l.i.uztis.tests.InvitationsPageTest - Retrieved last description code text: 'TST-VUI-40'.
2025-01-13 08:52:06 [main] DEBUG l.i.uztis.tests.InvitationsPageTest - Clicked on 'Invitation' menu.
2025-01-13 08:52:06 [main] DEBUG l.i.uztis.tests.InvitationsPageTest - Selected section by code: 'TST-VUI-40'.
2025-01-13 08:52:06 [main] DEBUG l.i.uztis.tests.InvitationsPageTest - Clicked 'Search'.
2025-01-13 08:52:06 [main] DEBUG l.i.uztis.tests.InvitationsPageTest - Getting and inserting application code text.
2025-01-13 08:52:06 [main] DEBUG l.i.uztis.tests.InvitationsPageTest - Clicked 'InvitationDraft'.
2025-01-13 08:52:07 [main] DEBUG l.i.uztis.tests.InvitationsPageTest - Clicked 'Edit'.
2025-01-13 08:52:07 [main] DEBUG l.i.uztis.tests.InvitationsPageTest - Entered publication end date.
2025-01-13 08:52:08 [main] DEBUG l.i.uztis.tests.InvitationsPageTest - Added additional values.
2025-01-13 08:52:08 [main] INFO  l.insoft.uztis.pages.InvitationsPage - Located the dropdown button.
2025-01-13 08:52:08 [main] DEBUG l.i.uztis.tests.InvitationsPageTest - Selected the value: 'Didžiausia galima paramos suma aplinkos darbo vietai, Eur'
2025-01-13 08:52:08 [main] INFO  l.insoft.uztis.pages.InvitationsPage - Located the dropdown button.
2025-01-13 08:52:08 [main] DEBUG l.i.uztis.tests.InvitationsPageTest - Selected the value: 'Didžiausia galima paramos suma, Eur'
2025-01-13 08:52:08 [main] INFO  l.insoft.uztis.pages.InvitationsPage - Located the dropdown button.
2025-01-13 08:52:09 [main] DEBUG l.i.uztis.tests.InvitationsPageTest - Selected the value: 'Didžiausia galima paramos suma vienai darbo vietai, Eur'
2025-01-13 08:52:09 [main] DEBUG l.i.uztis.tests.InvitationsPageTest - Entered value: 11000
2025-01-13 08:52:09 [main] DEBUG l.i.uztis.tests.InvitationsPageTest - Entered value: 12000
2025-01-13 08:52:09 [main] DEBUG l.i.uztis.tests.InvitationsPageTest - Entered value: 13000
2025-01-13 08:52:10 [main] DEBUG l.i.uztis.tests.InvitationsPageTest - Checked 'Legal Entities' checkbox.
2025-01-13 08:52:10 [main] DEBUG l.i.uztis.tests.InvitationsPageTest - Unchecked 'Persons Registered with Employment Service' checkbox.
2025-01-13 08:52:10 [main] DEBUG l.i.uztis.tests.InvitationsPageTest - Checked 'Persons Registered as Employers' checkbox.
2025-01-13 08:52:10 [main] DEBUG l.i.uztis.tests.InvitationsPageTest - Entered second evaluation grade: '5'.
2025-01-13 08:52:10 [main] DEBUG l.i.uztis.tests.InvitationsPageTest - Entered third evaluation grade: '6'.
2025-01-13 08:52:10 [main] DEBUG l.i.uztis.tests.InvitationsPageTest - Entered second evaluation grade weight: '0,45'.
2025-01-13 08:52:10 [main] DEBUG l.i.uztis.tests.InvitationsPageTest - Entered third evaluation grade weight: '0,55'.
2025-01-13 08:52:10 [main] DEBUG l.i.uztis.tests.InvitationsPageTest - Entered budget: '2000'.
2025-01-13 08:52:10 [main] DEBUG l.i.uztis.tests.InvitationsPageTest - Entered description text: 'Aprašo tekstas'.
2025-01-13 08:52:11 [main] DEBUG l.i.uztis.tests.InvitationsPageTest - Entered applicants text: 'Pareiškėjų tekstas'.
2025-01-13 08:52:11 [main] DEBUG l.i.uztis.tests.InvitationsPageTest - Entered expenditures text: 'Išlaidų tekstas'.
2025-01-13 08:52:11 [main] DEBUG l.i.uztis.tests.InvitationsPageTest - Entered legislation text: 'Teisės aktų tekstas'.
2025-01-13 08:52:11 [main] DEBUG l.i.uztis.tests.InvitationsPageTest - Entered education text: 'Mokymų tekstas'.
2025-01-13 08:52:11 [main] DEBUG l.i.uztis.tests.InvitationsPageTest - File uploaded.
2025-01-13 08:52:11 [main] DEBUG l.i.uztis.tests.InvitationsPageTest - Clicked 'Publish'.
2025-01-13 08:52:11 [main] DEBUG l.i.uztis.tests.InvitationsPageTest - Publication confirmed.
2025-01-13 08:52:12 [main] DEBUG l.i.uztis.tests.InvitationsPageTest - Verified success message: 'Funkcija sėkmingai atlikta.'
2025-01-13 08:52:12 [main] INFO  l.i.uztis.tests.InvitationsPageTest - Test 'testEditAndPublishVuiInvitationDraft' completed successfully.
2025-01-13 08:52:31 [main] INFO  lt.insoft.uztis.tests.UztisPageTest - Navigated to https://uztisdev.asseco.lt/home
2025-01-13 08:52:31 [main] INFO  l.i.uztis.tests.InvitationsPageTest - Starting test:'testInsertVuiStatisticInformation'
2025-01-13 08:52:32 [main] DEBUG l.i.uztis.tests.InvitationsPageTest - User logged in with test credentials
2025-01-13 08:52:32 [main] DEBUG l.i.uztis.tests.InvitationsPageTest - Opened 'Application Processing' menu.
2025-01-13 08:52:32 [main] DEBUG l.i.uztis.tests.InvitationsPageTest - Clicked on 'Application Forms' menu.
2025-01-13 08:52:32 [main] DEBUG l.i.uztis.tests.InvitationsPageTest - Navigating to invitation forms menu.
2025-01-13 08:52:32 [main] DEBUG l.i.uztis.tests.InvitationsPageTest - Retrieved last description code text: 'TST-VUI-40'.
2025-01-13 08:52:32 [main] DEBUG l.i.uztis.tests.InvitationsPageTest - Clicked on 'Invitation' menu.
2025-01-13 08:52:33 [main] DEBUG l.i.uztis.tests.InvitationsPageTest - Selected section by code: 'TST-VUI-40'.
2025-01-13 08:52:33 [main] DEBUG l.i.uztis.tests.InvitationsPageTest - Clicked 'Search'.
2025-01-13 08:52:33 [main] DEBUG l.i.uztis.tests.InvitationsPageTest - Getting and inserting application code text.
2025-01-13 08:52:33 [main] DEBUG l.i.uztis.tests.InvitationsPageTest - Clicked 'Publishing'.
2025-01-13 08:52:33 [main] DEBUG l.i.uztis.tests.InvitationsPageTest - Clicked 'Statistic Information' tab.
2025-01-13 08:52:34 [main] DEBUG l.i.uztis.tests.InvitationsPageTest - Clicked 'Edit' button.
2025-01-13 08:52:34 [main] DEBUG l.i.uztis.tests.InvitationsPageTest - Entered current date.
2025-01-13 08:52:34 [main] DEBUG l.i.uztis.tests.InvitationsPageTest - Entered value: 8.7
2025-01-13 08:52:34 [main] DEBUG l.i.uztis.tests.InvitationsPageTest - Entered average salary: 2237.9
2025-01-13 08:52:34 [main] DEBUG l.i.uztis.tests.InvitationsPageTest - File uploaded.
2025-01-13 08:52:34 [main] DEBUG l.i.uztis.tests.InvitationsPageTest - Clicked 'Save' button.
2025-01-13 08:52:35 [main] DEBUG l.i.uztis.tests.InvitationsPageTest - Verified success message: 'Funkcija sėkmingai atlikta.'
2025-01-13 08:52:35 [main] INFO  l.i.uztis.tests.InvitationsPageTest - Test 'testInsertVuiStatisticInformation' completed successfully.
2025-01-13 08:52:50 [main] INFO  lt.insoft.uztis.tests.UztisPageTest - Navigated to https://uztisdev.asseco.lt/home
2025-01-13 08:52:50 [main] INFO  l.i.uztis.tests.InvitationsPageTest - Starting test:'testStopPublicationVuiInvitation'
2025-01-13 08:52:51 [main] DEBUG l.i.uztis.tests.InvitationsPageTest - User logged in with test credentials
2025-01-13 08:52:51 [main] DEBUG l.i.uztis.tests.InvitationsPageTest - Opened 'Application Processing' menu.
2025-01-13 08:52:51 [main] DEBUG l.i.uztis.tests.InvitationsPageTest - Clicked on 'Application Forms' menu.
2025-01-13 08:52:51 [main] DEBUG l.i.uztis.tests.InvitationsPageTest - Navigating to application forms menu.
2025-01-13 08:52:51 [main] DEBUG l.i.uztis.tests.InvitationsPageTest - Retrieved last description code text: 'TST-VUI-40'.
2025-01-13 08:52:51 [main] DEBUG l.i.uztis.tests.InvitationsPageTest - Clicked on 'Invitation' menu.
2025-01-13 08:52:52 [main] DEBUG l.i.uztis.tests.InvitationsPageTest - Selected section by code: 'TST-VUI-40'.
2025-01-13 08:52:52 [main] DEBUG l.i.uztis.tests.InvitationsPageTest - Clicked 'Search'.
2025-01-13 08:52:52 [main] DEBUG l.i.uztis.tests.InvitationsPageTest - Getting and inserting application code text.
2025-01-13 08:52:52 [main] DEBUG l.i.uztis.tests.InvitationsPageTest - Clicked 'Publishing'.
2025-01-13 08:52:52 [main] DEBUG l.i.uztis.tests.InvitationsPageTest - Clicked 'Action'.
2025-01-13 08:52:53 [main] DEBUG l.i.uztis.tests.InvitationsPageTest - Clicked 'Stop Publication'.
2025-01-13 08:52:53 [main] DEBUG l.i.uztis.tests.InvitationsPageTest - Entered expenditures text: 'Priežasties aprašas'.
2025-01-13 08:52:53 [main] DEBUG l.i.uztis.tests.InvitationsPageTest - Clicked 'Stop Publication Confirmation'.
2025-01-13 08:52:53 [main] DEBUG l.i.uztis.tests.InvitationsPageTest - Fetched label text: Sustabdytas publikavimas
2025-01-13 08:52:53 [main] INFO  l.i.uztis.tests.InvitationsPageTest - 'goToInvitationPageTest' completed. Label is: Sustabdytas publikavimas
2025-01-13 08:52:53 [main] INFO  l.i.uztis.tests.InvitationsPageTest - Test 'testStopPublicationVuiInvitation' completed successfully.
2025-01-13 08:53:05 [main] INFO  lt.insoft.uztis.tests.UztisPageTest - Navigated to https://uztisdev.asseco.lt/home
2025-01-13 08:53:05 [main] INFO  l.i.uztis.tests.InvitationsPageTest - Starting test:'testArchiveVuiInvitation'
2025-01-13 08:53:06 [main] DEBUG l.i.uztis.tests.InvitationsPageTest - User logged in with test credentials
2025-01-13 08:53:06 [main] DEBUG l.i.uztis.tests.InvitationsPageTest - Opened 'Application Processing' menu.
2025-01-13 08:53:07 [main] DEBUG l.i.uztis.tests.InvitationsPageTest - Clicked on 'Application Forms' menu.
2025-01-13 08:53:07 [main] DEBUG l.i.uztis.tests.InvitationsPageTest - Navigating to application forms menu.
2025-01-13 08:53:07 [main] DEBUG l.i.uztis.tests.InvitationsPageTest - Retrieved last description code text: 'TST-VUI-40'.
2025-01-13 08:53:07 [main] DEBUG l.i.uztis.tests.InvitationsPageTest - Clicked on 'Invitation' menu.
2025-01-13 08:53:07 [main] DEBUG l.i.uztis.tests.InvitationsPageTest - Selected section by code: 'TST-VUI-40'.
2025-01-13 08:53:07 [main] DEBUG l.i.uztis.tests.InvitationsPageTest - Clicked 'Search'.
2025-01-13 08:53:07 [main] DEBUG l.i.uztis.tests.InvitationsPageTest - Getting and inserting application code text.
2025-01-13 08:53:08 [main] DEBUG l.i.uztis.tests.InvitationsPageTest - Clicked 'Publication Stopped'.
2025-01-13 08:53:08 [main] DEBUG l.i.uztis.tests.InvitationsPageTest - Clicked 'Action'.
2025-01-13 08:53:08 [main] DEBUG l.i.uztis.tests.InvitationsPageTest - Clicked 'Archive'.
2025-01-13 08:53:09 [main] DEBUG l.i.uztis.tests.InvitationsPageTest - Entered expenditures text: 'Priežasties aprašas'.
2025-01-13 08:53:09 [main] DEBUG l.i.uztis.tests.InvitationsPageTest - Clicked 'Stop Publication Confirmation'.
2025-01-13 08:53:09 [main] DEBUG l.i.uztis.tests.InvitationsPageTest - Fetched label text: Archyvuotas
2025-01-13 08:53:09 [main] INFO  l.i.uztis.tests.InvitationsPageTest - 'goToInvitationPageTest' completed. Label is: Archyvuotas
2025-01-13 08:53:09 [main] INFO  l.i.uztis.tests.InvitationsPageTest - Test 'testArchiveVuiInvitation' completed successfully.
2025-01-13 08:53:25 [main] INFO  lt.insoft.uztis.tests.UztisPageTest - Navigated to https://uztisdev.asseco.lt/home
2025-01-13 08:53:25 [main] INFO  l.i.uztis.tests.InvitationsPageTest - Starting test:'testDeleteVuiInvitation'
2025-01-13 08:53:26 [main] DEBUG l.i.uztis.tests.InvitationsPageTest - User logged in with test credentials
2025-01-13 08:53:26 [main] DEBUG l.i.uztis.tests.InvitationsPageTest - Opened 'Application Processing' menu.
2025-01-13 08:53:26 [main] DEBUG l.i.uztis.tests.InvitationsPageTest - Clicked on 'Application Forms' menu.
2025-01-13 08:53:26 [main] DEBUG l.i.uztis.tests.InvitationsPageTest - Navigating to application forms menu.
2025-01-13 08:53:26 [main] DEBUG l.i.uztis.tests.InvitationsPageTest - Retrieved last description code text: 'TST-VUI-40'.
2025-01-13 08:53:26 [main] DEBUG l.i.uztis.tests.InvitationsPageTest - Clicked on 'Invitation' menu.
2025-01-13 08:53:27 [main] DEBUG l.i.uztis.tests.InvitationsPageTest - Selected section by code: 'TST-VUI-40'.
2025-01-13 08:53:27 [main] DEBUG l.i.uztis.tests.InvitationsPageTest - Clicked 'Search'.
2025-01-13 08:53:27 [main] DEBUG l.i.uztis.tests.InvitationsPageTest - Getting and inserting application code text.
2025-01-13 08:53:27 [main] DEBUG l.i.uztis.tests.InvitationsPageTest - Clicked 'Archived'.
2025-01-13 08:53:28 [main] DEBUG l.i.uztis.tests.InvitationsPageTest - Clicked 'Action'.
2025-01-13 08:53:28 [main] DEBUG l.i.uztis.tests.InvitationsPageTest - Clicked 'Delete'.
2025-01-13 08:53:28 [main] DEBUG l.i.uztis.tests.InvitationsPageTest - Clicked 'Stop Publication Confirmation'.
2025-01-13 08:53:28 [main] DEBUG l.i.uztis.tests.InvitationsPageTest - Verified success message: 'Įrašas sėkmingai pašalintas.'
2025-01-13 08:53:28 [main] INFO  l.i.uztis.tests.InvitationsPageTest - Test 'testDeleteVuiInvitation' completed successfully.
2025-01-13 09:15:42 [main] INFO  lt.insoft.uztis.tests.UztisPageTest - Navigated to https://uztisdev.asseco.lt/home
2025-01-13 09:15:42 [main] INFO  l.i.u.tests.ApplicationFormsPageTest - Setup complete. ApplicationFormsPage initialized.
2025-01-13 09:15:42 [main] INFO  l.i.u.tests.ApplicationFormsPageTest - Starting test:'testCreateNewVuiApplication'
2025-01-13 09:15:44 [main] DEBUG l.i.u.tests.ApplicationFormsPageTest - User logged in with test credentials
2025-01-13 09:15:44 [main] DEBUG l.i.u.tests.ApplicationFormsPageTest - Opened 'Application Processing' menu.
2025-01-13 09:15:44 [main] DEBUG l.i.u.tests.ApplicationFormsPageTest - Clicked on 'Application Forms' menu.
2025-01-13 09:15:44 [main] DEBUG l.i.u.tests.ApplicationFormsPageTest - Clicked to create a new application form.
2025-01-13 09:15:44 [main] DEBUG l.i.u.tests.ApplicationFormsPageTest - Entered random application code: TST-VUI-31
2025-01-13 09:15:45 [main] DEBUG l.i.u.tests.ApplicationFormsPageTest - Selected 'Section' radio button.
2025-01-13 09:15:45 [main] INFO  l.i.uztis.pages.ApplicationFormsPage - Located the dropdown button.
2025-01-13 09:15:45 [main] INFO  l.i.uztis.pages.ApplicationFormsPage - Successfully selected the value: 'Skyrius 1'
2025-01-13 09:15:55 [main] ERROR l.i.uztis.pages.ApplicationFormsPage - Failed to close the dropdown with aria-expanded = 'false'.
2025-01-13 09:15:55 [main] DEBUG l.i.u.tests.ApplicationFormsPageTest - Selected a value from the 'Section' dropdown: 'Skyrius 1'
2025-01-13 09:15:55 [main] DEBUG l.i.u.tests.ApplicationFormsPageTest - Selected 'Budget by Municipality' option.
2025-01-13 09:15:55 [main] DEBUG l.i.u.tests.ApplicationFormsPageTest - Selected 'Financed Without Queue' option.
2025-01-13 09:15:56 [main] DEBUG l.i.u.tests.ApplicationFormsPageTest - Clicked 'Add' button.
2025-01-13 09:15:56 [main] INFO  l.i.uztis.pages.ApplicationFormsPage - Located the dropdown button.
2025-01-13 09:15:56 [main] DEBUG l.i.uztis.pages.ApplicationFormsPage - Option text: '', value to select: 'VUI paraiškos vertinimo forma - I etapas'
2025-01-13 09:15:56 [main] INFO  l.i.uztis.pages.ApplicationFormsPage - Successfully selected the value: 'VUI paraiškos vertinimo forma - I etapas'
2025-01-13 09:15:56 [main] DEBUG l.i.u.tests.ApplicationFormsPageTest - Selected a value from the 'EvaluationOne' dropdown: 'VUI paraiškos vertinimo forma - I etapas'
2025-01-13 09:15:56 [main] INFO  l.i.uztis.pages.ApplicationFormsPage - Located the dropdown button.
2025-01-13 09:15:56 [main] DEBUG l.i.uztis.pages.ApplicationFormsPage - Option text: '', value to select: 'VUI paraiškos vertinimo forma - II etapas'
2025-01-13 09:15:56 [main] INFO  l.i.uztis.pages.ApplicationFormsPage - Successfully selected the value: 'VUI paraiškos vertinimo forma - II etapas'
2025-01-13 09:15:56 [main] DEBUG l.i.u.tests.ApplicationFormsPageTest - Selected a value from the 'EvaluationTwon' dropdown: 'VUI paraiškos vertinimo forma - II etapas'
2025-01-13 09:15:56 [main] INFO  l.i.uztis.pages.ApplicationFormsPage - Located the dropdown button.
2025-01-13 09:15:56 [main] DEBUG l.i.uztis.pages.ApplicationFormsPage - Option text: '', value to select: 'VUI paraiškos vertinimo forma - III etapas'
2025-01-13 09:15:56 [main] INFO  l.i.uztis.pages.ApplicationFormsPage - Successfully selected the value: 'VUI paraiškos vertinimo forma - III etapas'
2025-01-13 09:15:56 [main] DEBUG l.i.u.tests.ApplicationFormsPageTest - Selected a value from the 'EvaluationThree' dropdown: 'VUI paraiškos vertinimo forma - III etapas'
2025-01-13 09:15:56 [main] DEBUG l.i.u.tests.ApplicationFormsPageTest - Clicked 'Plus' button.
2025-01-13 09:15:57 [main] DEBUG l.i.u.tests.ApplicationFormsPageTest - Clicked 'Add' button seven times.
2025-01-13 09:15:57 [main] INFO  l.i.uztis.pages.ApplicationFormsPage - Processing dropdown index: 0
2025-01-13 09:16:07 [main] ERROR l.i.uztis.pages.ApplicationFormsPage - Timeout while waiting for dropdown to close at index: 0 with aria-expanded = 'false'
2025-01-13 09:16:07 [main] INFO  l.i.uztis.pages.ApplicationFormsPage - Processing dropdown index: 1
2025-01-13 09:16:18 [main] ERROR l.i.uztis.pages.ApplicationFormsPage - Timeout while waiting for dropdown to close at index: 1 with aria-expanded = 'false'
2025-01-13 09:16:18 [main] INFO  l.i.uztis.pages.ApplicationFormsPage - Processing dropdown index: 2
2025-01-13 09:16:28 [main] ERROR l.i.uztis.pages.ApplicationFormsPage - Timeout while waiting for dropdown to close at index: 2 with aria-expanded = 'false'
2025-01-13 09:16:28 [main] INFO  l.i.uztis.pages.ApplicationFormsPage - Processing dropdown index: 3
2025-01-13 09:16:39 [main] ERROR l.i.uztis.pages.ApplicationFormsPage - Timeout while waiting for dropdown to close at index: 3 with aria-expanded = 'false'
2025-01-13 09:16:39 [main] INFO  l.i.uztis.pages.ApplicationFormsPage - Processing dropdown index: 4
2025-01-13 09:16:49 [main] ERROR l.i.uztis.pages.ApplicationFormsPage - Timeout while waiting for dropdown to close at index: 4 with aria-expanded = 'false'
2025-01-13 09:16:49 [main] INFO  l.i.uztis.pages.ApplicationFormsPage - Processing dropdown index: 5
2025-01-13 09:17:00 [main] ERROR l.i.uztis.pages.ApplicationFormsPage - Timeout while waiting for dropdown to close at index: 5 with aria-expanded = 'false'
2025-01-13 09:17:00 [main] INFO  l.i.uztis.pages.ApplicationFormsPage - Processing dropdown index: 6
2025-01-13 09:17:10 [main] ERROR l.i.uztis.pages.ApplicationFormsPage - Timeout while waiting for dropdown to close at index: 6 with aria-expanded = 'false'
2025-01-13 09:17:10 [main] INFO  l.i.uztis.pages.ApplicationFormsPage - Processing dropdown index: 7
2025-01-13 09:17:21 [main] ERROR l.i.uztis.pages.ApplicationFormsPage - Timeout while waiting for dropdown to close at index: 7 with aria-expanded = 'false'
2025-01-13 09:17:21 [main] INFO  l.i.uztis.pages.ApplicationFormsPage - Processing input field index: 0
2025-01-13 09:17:21 [main] INFO  l.i.uztis.pages.ApplicationFormsPage - Entered value '50' into field index: 0
2025-01-13 09:17:21 [main] INFO  l.i.uztis.pages.ApplicationFormsPage - Processing input field index: 1
2025-01-13 09:17:21 [main] INFO  l.i.uztis.pages.ApplicationFormsPage - Entered value '924' into field index: 1
2025-01-13 09:17:21 [main] INFO  l.i.uztis.pages.ApplicationFormsPage - Processing input field index: 2
2025-01-13 09:17:21 [main] INFO  l.i.uztis.pages.ApplicationFormsPage - Entered value '31' into field index: 2
2025-01-13 09:17:21 [main] INFO  l.i.uztis.pages.ApplicationFormsPage - Processing input field index: 3
2025-01-13 09:17:21 [main] INFO  l.i.uztis.pages.ApplicationFormsPage - Entered value '4.7' into field index: 3
2025-01-13 09:17:21 [main] INFO  l.i.uztis.pages.ApplicationFormsPage - Processing input field index: 4
2025-01-13 09:17:21 [main] INFO  l.i.uztis.pages.ApplicationFormsPage - Entered value '35' into field index: 4
2025-01-13 09:17:21 [main] INFO  l.i.uztis.pages.ApplicationFormsPage - Processing input field index: 5
2025-01-13 09:17:22 [main] INFO  l.i.uztis.pages.ApplicationFormsPage - Entered value '20' into field index: 5
2025-01-13 09:17:22 [main] INFO  l.i.uztis.pages.ApplicationFormsPage - Processing input field index: 6
2025-01-13 09:17:22 [main] INFO  l.i.uztis.pages.ApplicationFormsPage - Entered value '30' into field index: 6
2025-01-13 09:17:22 [main] INFO  l.i.uztis.pages.ApplicationFormsPage - Processing input field index: 7
2025-01-13 09:17:22 [main] INFO  l.i.uztis.pages.ApplicationFormsPage - Entered value '60' into field index: 7
2025-01-13 09:17:22 [main] DEBUG l.i.u.tests.ApplicationFormsPageTest - Entered additional values and text.
2025-01-13 09:17:22 [main] DEBUG l.i.u.tests.ApplicationFormsPageTest - Entered application name: VUI paraiška
2025-01-13 09:17:22 [main] DEBUG l.i.u.tests.ApplicationFormsPageTest - Clicked the 'Save' button.
2025-01-13 09:17:22 [main] INFO  l.i.u.tests.ApplicationFormsPageTest - Verified success message text: 'Duomenys sėkmingai išsaugoti.'
2025-01-13 09:17:22 [main] INFO  l.i.u.tests.ApplicationFormsPageTest - Verified that the 'Save Form' button is displayed.
2025-01-13 09:17:22 [main] INFO  l.i.u.tests.ApplicationFormsPageTest - Test 'testCreateNewVuiApplication' completed successfully.
2025-01-13 09:17:39 [main] INFO  lt.insoft.uztis.tests.UztisPageTest - Navigated to https://uztisdev.asseco.lt/home
2025-01-13 09:17:39 [main] INFO  l.i.u.tests.ApplicationFormsPageTest - Setup complete. ApplicationFormsPage initialized.
2025-01-13 09:17:39 [main] INFO  l.i.u.tests.ApplicationFormsPageTest - Starting test:'testEditAndSaveVuiApplication'
2025-01-13 09:17:40 [main] DEBUG l.i.u.tests.ApplicationFormsPageTest - User logged in with test credentials
2025-01-13 09:17:41 [main] DEBUG l.i.u.tests.ApplicationFormsPageTest - Opened 'Application Processing' menu.
2025-01-13 09:17:41 [main] DEBUG l.i.u.tests.ApplicationFormsPageTest - Clicked on 'Application Forms' menu.
2025-01-13 09:17:41 [main] DEBUG l.i.u.tests.ApplicationFormsPageTest - Selected the last application description.
2025-01-13 09:17:42 [main] DEBUG l.i.u.tests.ApplicationFormsPageTest - Clicked the 'Edit' button.
2025-01-13 09:17:42 [main] DEBUG l.i.u.tests.ApplicationFormsPageTest - Selected 'Municipality' radio button.
2025-01-13 09:17:42 [main] INFO  l.i.uztis.pages.ApplicationFormsPage - Located the dropdown button.
2025-01-13 09:17:42 [main] INFO  l.i.uztis.pages.ApplicationFormsPage - Successfully selected the value: 'Kauno departamentas'
2025-01-13 09:17:53 [main] ERROR l.i.uztis.pages.ApplicationFormsPage - Failed to close the dropdown with aria-expanded = 'false'.
2025-01-13 09:17:53 [main] DEBUG l.i.u.tests.ApplicationFormsPageTest - Selected a value from the 'Municipality' dropdown: 'Kauno departamentas'
2025-01-13 09:17:53 [main] DEBUG l.i.u.tests.ApplicationFormsPageTest - Selected 'Budget By Country' radio button.
2025-01-13 09:17:53 [main] DEBUG l.i.u.tests.ApplicationFormsPageTest - Selected 'Financed By Queue' radio button.
2025-01-13 09:17:53 [main] DEBUG l.i.u.tests.ApplicationFormsPageTest - Entered new application name: _paredaguota
2025-01-13 09:17:53 [main] DEBUG l.i.u.tests.ApplicationFormsPageTest - Clicked the 'Save' button.
2025-01-13 09:17:53 [main] INFO  l.i.u.tests.ApplicationFormsPageTest - Verified success message: 'Duomenys sėkmingai išsaugoti.'
2025-01-13 09:17:53 [main] INFO  l.i.u.tests.ApplicationFormsPageTest - Test 'testEditAndSaveVuiApplication' completed successfully.
2025-01-13 09:18:06 [main] INFO  lt.insoft.uztis.tests.UztisPageTest - Navigated to https://uztisdev.asseco.lt/home
2025-01-13 09:18:06 [main] INFO  l.i.u.tests.ApplicationFormsPageTest - Setup complete. ApplicationFormsPage initialized.
2025-01-13 09:18:06 [main] INFO  l.i.u.tests.ApplicationFormsPageTest - Starting test:'testCreateNewDvpApplication'
2025-01-13 09:18:08 [main] DEBUG l.i.u.tests.ApplicationFormsPageTest - User logged in with test credentials
2025-01-13 09:18:08 [main] DEBUG l.i.u.tests.ApplicationFormsPageTest - Opened 'Application Processing' menu.
2025-01-13 09:18:08 [main] DEBUG l.i.u.tests.ApplicationFormsPageTest - Clicked on 'Application Forms' menu.
2025-01-13 09:18:08 [main] DEBUG l.i.u.tests.ApplicationFormsPageTest - Clicked to create a new application form.
2025-01-13 09:18:08 [main] DEBUG l.i.u.tests.ApplicationFormsPageTest - Entered random application code: TST-DVP-14
2025-01-13 09:18:09 [main] DEBUG l.i.u.tests.ApplicationFormsPageTest - Selected 'Municipality' radio button.
2025-01-13 09:18:09 [main] INFO  l.i.uztis.pages.ApplicationFormsPage - Located the dropdown button.
2025-01-13 09:18:09 [main] INFO  l.i.uztis.pages.ApplicationFormsPage - Successfully selected the value: 'Kauno departamentas'
2025-01-13 09:18:19 [main] ERROR l.i.uztis.pages.ApplicationFormsPage - Failed to close the dropdown with aria-expanded = 'false'.
2025-01-13 09:18:19 [main] DEBUG l.i.u.tests.ApplicationFormsPageTest - Selected a value from the 'Municipality' dropdown: 'Kauno departamentas'
2025-01-13 09:18:19 [main] DEBUG l.i.u.tests.ApplicationFormsPageTest - Selected 'Budget By Country' radio button.
2025-01-13 09:18:19 [main] DEBUG l.i.u.tests.ApplicationFormsPageTest - Selected 'Financed Without Queue' option.
2025-01-13 09:18:19 [main] INFO  l.i.uztis.pages.ApplicationFormsPage - Located the dropdown button.
2025-01-13 09:18:20 [main] DEBUG l.i.uztis.pages.ApplicationFormsPage - Option text: 'VUI paraiškos vertinimo forma - I etapas', value to select: 'DVP paraiškos vertinimo forma - I etapas'
2025-01-13 09:18:20 [main] DEBUG l.i.uztis.pages.ApplicationFormsPage - Option text: 'PVK paraiškos vertinimo forma - I etapas', value to select: 'DVP paraiškos vertinimo forma - I etapas'
2025-01-13 09:18:20 [main] DEBUG l.i.uztis.pages.ApplicationFormsPage - Option text: 'DVP paraiškos vertinimo forma - I etapas', value to select: 'DVP paraiškos vertinimo forma - I etapas'
2025-01-13 09:18:20 [main] INFO  l.i.uztis.pages.ApplicationFormsPage - Successfully selected the value: 'DVP paraiškos vertinimo forma - I etapas'
2025-01-13 09:18:20 [main] DEBUG l.i.u.tests.ApplicationFormsPageTest - Selected a value from the 'EvaluationOne' dropdown: 'DVP paraiškos vertinimo forma - I etapas'
2025-01-13 09:18:20 [main] DEBUG l.i.u.tests.ApplicationFormsPageTest - Clicked 'Plus' button.
2025-01-13 09:18:20 [main] DEBUG l.i.u.tests.ApplicationFormsPageTest - Clicked 'Add' button seven times.
2025-01-13 09:18:20 [main] INFO  l.i.uztis.pages.ApplicationFormsPage - Processing dropdown index: 0
2025-01-13 09:18:31 [main] ERROR l.i.uztis.pages.ApplicationFormsPage - Timeout while waiting for dropdown to close at index: 0 with aria-expanded = 'false'
2025-01-13 09:18:31 [main] INFO  l.i.uztis.pages.ApplicationFormsPage - Processing dropdown index: 1
2025-01-13 09:18:42 [main] ERROR l.i.uztis.pages.ApplicationFormsPage - Timeout while waiting for dropdown to close at index: 1 with aria-expanded = 'false'
2025-01-13 09:18:42 [main] INFO  l.i.uztis.pages.ApplicationFormsPage - Processing dropdown index: 2
2025-01-13 09:18:53 [main] ERROR l.i.uztis.pages.ApplicationFormsPage - Timeout while waiting for dropdown to close at index: 2 with aria-expanded = 'false'
2025-01-13 09:18:53 [main] INFO  l.i.uztis.pages.ApplicationFormsPage - Processing dropdown index: 3
2025-01-13 09:19:03 [main] ERROR l.i.uztis.pages.ApplicationFormsPage - Timeout while waiting for dropdown to close at index: 3 with aria-expanded = 'false'
2025-01-13 09:19:03 [main] INFO  l.i.uztis.pages.ApplicationFormsPage - Processing dropdown index: 4
2025-01-13 09:19:14 [main] ERROR l.i.uztis.pages.ApplicationFormsPage - Timeout while waiting for dropdown to close at index: 4 with aria-expanded = 'false'
2025-01-13 09:19:14 [main] INFO  l.i.uztis.pages.ApplicationFormsPage - Processing dropdown index: 5
2025-01-13 09:19:25 [main] ERROR l.i.uztis.pages.ApplicationFormsPage - Timeout while waiting for dropdown to close at index: 5 with aria-expanded = 'false'
2025-01-13 09:19:25 [main] INFO  l.i.uztis.pages.ApplicationFormsPage - Processing dropdown index: 6
2025-01-13 09:19:35 [main] ERROR l.i.uztis.pages.ApplicationFormsPage - Timeout while waiting for dropdown to close at index: 6 with aria-expanded = 'false'
2025-01-13 09:19:35 [main] INFO  l.i.uztis.pages.ApplicationFormsPage - Processing dropdown index: 7
2025-01-13 09:19:45 [main] ERROR l.i.uztis.pages.ApplicationFormsPage - Timeout while waiting for dropdown to close at index: 7 with aria-expanded = 'false'
2025-01-13 09:19:45 [main] INFO  l.i.uztis.pages.ApplicationFormsPage - Processing input field index: 0
2025-01-13 09:19:45 [main] INFO  l.i.uztis.pages.ApplicationFormsPage - Entered value '50' into field index: 0
2025-01-13 09:19:45 [main] INFO  l.i.uztis.pages.ApplicationFormsPage - Processing input field index: 1
2025-01-13 09:19:46 [main] INFO  l.i.uztis.pages.ApplicationFormsPage - Entered value '924' into field index: 1
2025-01-13 09:19:46 [main] INFO  l.i.uztis.pages.ApplicationFormsPage - Processing input field index: 2
2025-01-13 09:19:46 [main] INFO  l.i.uztis.pages.ApplicationFormsPage - Entered value '31' into field index: 2
2025-01-13 09:19:46 [main] INFO  l.i.uztis.pages.ApplicationFormsPage - Processing input field index: 3
2025-01-13 09:19:46 [main] INFO  l.i.uztis.pages.ApplicationFormsPage - Entered value '4.7' into field index: 3
2025-01-13 09:19:46 [main] INFO  l.i.uztis.pages.ApplicationFormsPage - Processing input field index: 4
2025-01-13 09:19:46 [main] INFO  l.i.uztis.pages.ApplicationFormsPage - Entered value '35' into field index: 4
2025-01-13 09:19:46 [main] INFO  l.i.uztis.pages.ApplicationFormsPage - Processing input field index: 5
2025-01-13 09:19:46 [main] INFO  l.i.uztis.pages.ApplicationFormsPage - Entered value '20' into field index: 5
2025-01-13 09:19:46 [main] INFO  l.i.uztis.pages.ApplicationFormsPage - Processing input field index: 6
2025-01-13 09:19:46 [main] INFO  l.i.uztis.pages.ApplicationFormsPage - Entered value '30' into field index: 6
2025-01-13 09:19:46 [main] INFO  l.i.uztis.pages.ApplicationFormsPage - Processing input field index: 7
2025-01-13 09:19:46 [main] INFO  l.i.uztis.pages.ApplicationFormsPage - Entered value '60' into field index: 7
2025-01-13 09:19:46 [main] DEBUG l.i.u.tests.ApplicationFormsPageTest - Entered additional values and text.
2025-01-13 09:19:47 [main] DEBUG l.i.u.tests.ApplicationFormsPageTest - Entered application name: DVP paraiška
2025-01-13 09:19:47 [main] DEBUG l.i.u.tests.ApplicationFormsPageTest - Clicked the 'Save' button.
2025-01-13 09:19:47 [main] INFO  l.i.u.tests.ApplicationFormsPageTest - Verified success message: 'Duomenys sėkmingai išsaugoti.'
2025-01-13 09:19:47 [main] INFO  l.i.u.tests.ApplicationFormsPageTest - Verified that the 'Save Form' button is displayed.
2025-01-13 09:19:47 [main] INFO  l.i.u.tests.ApplicationFormsPageTest - Test 'testCreateNewDvpApplication' completed successfully.
2025-01-13 09:19:59 [main] INFO  lt.insoft.uztis.tests.UztisPageTest - Navigated to https://uztisdev.asseco.lt/home
2025-01-13 09:19:59 [main] INFO  l.i.u.tests.ApplicationFormsPageTest - Setup complete. ApplicationFormsPage initialized.
2025-01-13 09:19:59 [main] INFO  l.i.u.tests.ApplicationFormsPageTest - Starting test:'testCreateNewPvkApplication'
2025-01-13 09:20:01 [main] DEBUG l.i.u.tests.ApplicationFormsPageTest - User logged in with test credentials
2025-01-13 09:20:01 [main] DEBUG l.i.u.tests.ApplicationFormsPageTest - Opened 'Application Processing' menu.
2025-01-13 09:20:01 [main] DEBUG l.i.u.tests.ApplicationFormsPageTest - Clicked on 'Application Forms' menu.
2025-01-13 09:20:02 [main] DEBUG l.i.u.tests.ApplicationFormsPageTest - Clicked to create a new application form.
2025-01-13 09:20:02 [main] DEBUG l.i.u.tests.ApplicationFormsPageTest - Entered random application code: TST-PVK-78
2025-01-13 09:20:02 [main] DEBUG l.i.u.tests.ApplicationFormsPageTest - Selected 'Municipality' radio button.
2025-01-13 09:20:02 [main] INFO  l.i.uztis.pages.ApplicationFormsPage - Located the dropdown button.
2025-01-13 09:20:02 [main] INFO  l.i.uztis.pages.ApplicationFormsPage - Successfully selected the value: 'Kauno departamentas'
2025-01-13 09:20:13 [main] ERROR l.i.uztis.pages.ApplicationFormsPage - Failed to close the dropdown with aria-expanded = 'false'.
2025-01-13 09:20:13 [main] DEBUG l.i.u.tests.ApplicationFormsPageTest - Selected a value from the 'Municipality' dropdown: 'Kauno departamentas'
2025-01-13 09:20:13 [main] DEBUG l.i.u.tests.ApplicationFormsPageTest - Selected 'Budget by Municipality' option.
2025-01-13 09:20:13 [main] DEBUG l.i.u.tests.ApplicationFormsPageTest - Selected 'Financed By Queue' radio button.
2025-01-13 09:20:13 [main] DEBUG l.i.u.tests.ApplicationFormsPageTest - Clicked 'Add' button.
2025-01-13 09:20:13 [main] INFO  l.i.uztis.pages.ApplicationFormsPage - Located the dropdown button.
2025-01-13 09:20:13 [main] DEBUG l.i.uztis.pages.ApplicationFormsPage - Option text: '', value to select: 'PVK paraiškos vertinimo forma - I etapas'
2025-01-13 09:20:13 [main] DEBUG l.i.uztis.pages.ApplicationFormsPage - Option text: 'PVK paraiškos vertinimo forma - I etapas', value to select: 'PVK paraiškos vertinimo forma - I etapas'
2025-01-13 09:20:13 [main] INFO  l.i.uztis.pages.ApplicationFormsPage - Successfully selected the value: 'PVK paraiškos vertinimo forma - I etapas'
2025-01-13 09:20:13 [main] DEBUG l.i.u.tests.ApplicationFormsPageTest - Selected a value from the 'EvaluationOne' dropdown: 'PVK paraiškos vertinimo forma - I etapas'
2025-01-13 09:20:13 [main] INFO  l.i.uztis.pages.ApplicationFormsPage - Located the dropdown button.
2025-01-13 09:20:13 [main] DEBUG l.i.uztis.pages.ApplicationFormsPage - Option text: '', value to select: 'PVK paraiškos vertinimo forma - II etapas'
2025-01-13 09:20:13 [main] DEBUG l.i.uztis.pages.ApplicationFormsPage - Option text: 'PVK paraiškos vertinimo forma - II etapas', value to select: 'PVK paraiškos vertinimo forma - II etapas'
2025-01-13 09:20:14 [main] INFO  l.i.uztis.pages.ApplicationFormsPage - Successfully selected the value: 'PVK paraiškos vertinimo forma - II etapas'
2025-01-13 09:20:14 [main] DEBUG l.i.u.tests.ApplicationFormsPageTest - Selected a value from the 'EvaluationTwon' dropdown: 'PVK paraiškos vertinimo forma - II etapas'
2025-01-13 09:20:14 [main] INFO  l.i.uztis.pages.ApplicationFormsPage - Located the dropdown button.
2025-01-13 09:20:14 [main] DEBUG l.i.uztis.pages.ApplicationFormsPage - Option text: '', value to select: 'PVK paraiškos vertinimo forma - III etapas'
2025-01-13 09:20:14 [main] DEBUG l.i.uztis.pages.ApplicationFormsPage - Option text: 'PVK paraiškos vertinimo forma - III etapas', value to select: 'PVK paraiškos vertinimo forma - III etapas'
2025-01-13 09:20:14 [main] INFO  l.i.uztis.pages.ApplicationFormsPage - Successfully selected the value: 'PVK paraiškos vertinimo forma - III etapas'
2025-01-13 09:20:14 [main] DEBUG l.i.u.tests.ApplicationFormsPageTest - Selected a value from the 'EvaluationThree' dropdown: 'PVK paraiškos vertinimo forma - III etapas'
2025-01-13 09:20:14 [main] DEBUG l.i.u.tests.ApplicationFormsPageTest - Clicked 'Plus' button.
2025-01-13 09:20:14 [main] DEBUG l.i.u.tests.ApplicationFormsPageTest - Clicked 'Add' button seven times.
2025-01-13 09:20:14 [main] INFO  l.i.uztis.pages.ApplicationFormsPage - Processing dropdown index: 0
2025-01-13 09:20:25 [main] ERROR l.i.uztis.pages.ApplicationFormsPage - Timeout while waiting for dropdown to close at index: 0 with aria-expanded = 'false'
2025-01-13 09:20:25 [main] INFO  l.i.uztis.pages.ApplicationFormsPage - Processing dropdown index: 1
2025-01-13 09:20:35 [main] ERROR l.i.uztis.pages.ApplicationFormsPage - Timeout while waiting for dropdown to close at index: 1 with aria-expanded = 'false'
2025-01-13 09:20:35 [main] INFO  l.i.uztis.pages.ApplicationFormsPage - Processing dropdown index: 2
2025-01-13 09:20:46 [main] ERROR l.i.uztis.pages.ApplicationFormsPage - Timeout while waiting for dropdown to close at index: 2 with aria-expanded = 'false'
2025-01-13 09:20:46 [main] INFO  l.i.uztis.pages.ApplicationFormsPage - Processing dropdown index: 3
2025-01-13 09:20:57 [main] ERROR l.i.uztis.pages.ApplicationFormsPage - Timeout while waiting for dropdown to close at index: 3 with aria-expanded = 'false'
2025-01-13 09:20:57 [main] INFO  l.i.uztis.pages.ApplicationFormsPage - Processing dropdown index: 4
2025-01-13 09:21:07 [main] ERROR l.i.uztis.pages.ApplicationFormsPage - Timeout while waiting for dropdown to close at index: 4 with aria-expanded = 'false'
2025-01-13 09:21:07 [main] INFO  l.i.uztis.pages.ApplicationFormsPage - Processing dropdown index: 5
2025-01-13 09:21:18 [main] ERROR l.i.uztis.pages.ApplicationFormsPage - Timeout while waiting for dropdown to close at index: 5 with aria-expanded = 'false'
2025-01-13 09:21:18 [main] INFO  l.i.uztis.pages.ApplicationFormsPage - Processing dropdown index: 6
2025-01-13 09:21:29 [main] ERROR l.i.uztis.pages.ApplicationFormsPage - Timeout while waiting for dropdown to close at index: 6 with aria-expanded = 'false'
2025-01-13 09:21:29 [main] INFO  l.i.uztis.pages.ApplicationFormsPage - Processing dropdown index: 7
2025-01-13 09:21:41 [main] ERROR l.i.uztis.pages.ApplicationFormsPage - Timeout while waiting for dropdown to close at index: 7 with aria-expanded = 'false'
2025-01-13 09:21:41 [main] INFO  l.i.uztis.pages.ApplicationFormsPage - Processing input field index: 0
2025-01-13 09:21:41 [main] INFO  l.i.uztis.pages.ApplicationFormsPage - Entered value '50' into field index: 0
2025-01-13 09:21:41 [main] INFO  l.i.uztis.pages.ApplicationFormsPage - Processing input field index: 1
2025-01-13 09:21:41 [main] INFO  l.i.uztis.pages.ApplicationFormsPage - Entered value '924' into field index: 1
2025-01-13 09:21:41 [main] INFO  l.i.uztis.pages.ApplicationFormsPage - Processing input field index: 2
2025-01-13 09:21:41 [main] INFO  l.i.uztis.pages.ApplicationFormsPage - Entered value '31' into field index: 2
2025-01-13 09:21:41 [main] INFO  l.i.uztis.pages.ApplicationFormsPage - Processing input field index: 3
2025-01-13 09:21:41 [main] INFO  l.i.uztis.pages.ApplicationFormsPage - Entered value '4.7' into field index: 3
2025-01-13 09:21:41 [main] INFO  l.i.uztis.pages.ApplicationFormsPage - Processing input field index: 4
2025-01-13 09:21:41 [main] INFO  l.i.uztis.pages.ApplicationFormsPage - Entered value '35' into field index: 4
2025-01-13 09:21:41 [main] INFO  l.i.uztis.pages.ApplicationFormsPage - Processing input field index: 5
2025-01-13 09:21:41 [main] INFO  l.i.uztis.pages.ApplicationFormsPage - Entered value '20' into field index: 5
2025-01-13 09:21:41 [main] INFO  l.i.uztis.pages.ApplicationFormsPage - Processing input field index: 6
2025-01-13 09:21:42 [main] INFO  l.i.uztis.pages.ApplicationFormsPage - Entered value '30' into field index: 6
2025-01-13 09:21:42 [main] INFO  l.i.uztis.pages.ApplicationFormsPage - Processing input field index: 7
2025-01-13 09:21:42 [main] INFO  l.i.uztis.pages.ApplicationFormsPage - Entered value '60' into field index: 7
2025-01-13 09:21:42 [main] DEBUG l.i.u.tests.ApplicationFormsPageTest - Entered additional values and text.
2025-01-13 09:21:42 [main] DEBUG l.i.u.tests.ApplicationFormsPageTest - Entered application name: PVK paraiška
2025-01-13 09:21:42 [main] DEBUG l.i.u.tests.ApplicationFormsPageTest - Clicked the 'Save' button.
2025-01-13 09:21:42 [main] INFO  l.i.u.tests.ApplicationFormsPageTest - Verified success message: 'Duomenys sėkmingai išsaugoti.'
2025-01-13 09:21:42 [main] INFO  l.i.u.tests.ApplicationFormsPageTest - Verified that the 'Save Form' button is displayed.
2025-01-13 09:21:42 [main] INFO  l.i.u.tests.ApplicationFormsPageTest - Test 'testCreateNewPvkApplication' completed successfully.
2025-01-13 12:22:52 [main] INFO  lt.insoft.uztis.tests.UztisPageTest - Navigated to https://uztisdev.asseco.lt/home
2025-01-13 12:22:52 [main] INFO  l.i.u.t.SubmittedApplicationsPageTest - Starting test:'testSubmitApplicationTest'
2025-01-13 12:22:53 [main] DEBUG l.i.u.t.SubmittedApplicationsPageTest - User logged in with test credentials
2025-01-13 12:22:53 [main] DEBUG l.i.u.t.SubmittedApplicationsPageTest - Opened 'Application Processing' menu.
2025-01-13 12:22:53 [main] DEBUG l.i.u.t.SubmittedApplicationsPageTest - Clicked on 'Application Forms' menu.
2025-01-13 12:22:53 [main] DEBUG l.i.u.t.SubmittedApplicationsPageTest - Retrieved last description code text: 'TST-PVK-78'.
2025-01-13 12:22:53 [main] DEBUG l.i.u.t.SubmittedApplicationsPageTest - Clicked on 'Invitation' menu.
2025-01-13 12:22:54 [main] DEBUG l.i.u.t.SubmittedApplicationsPageTest - Selected section by code: 'TST-PVK-78'.
2025-01-13 12:22:54 [main] DEBUG l.i.u.t.SubmittedApplicationsPageTest - Clicked 'Search'.
2025-01-13 12:22:54 [main] INFO  l.insoft.uztis.tests.utils.TestUtils - Screenshot moved to C:\Users\ingrida.zadorozniene\Desktop\Asm\UZTIS\UZTIS_tests\test-output\screenshots\20250113\122254457_testSubmitApplicationTest().png
2025-01-13 12:23:51 [main] INFO  lt.insoft.uztis.tests.UztisPageTest - Navigated to https://uztisdev.asseco.lt/home
2025-01-13 12:23:51 [main] INFO  l.i.u.t.SubmittedApplicationsPageTest - Starting test:'testSubmitApplicationTest'
2025-01-13 12:23:52 [main] DEBUG l.i.u.t.SubmittedApplicationsPageTest - User logged in with test credentials
2025-01-13 12:23:52 [main] DEBUG l.i.u.t.SubmittedApplicationsPageTest - Opened 'Application Processing' menu.
2025-01-13 12:23:52 [main] DEBUG l.i.u.t.SubmittedApplicationsPageTest - Clicked on 'Application Forms' menu.
2025-01-13 12:23:52 [main] DEBUG l.i.u.t.SubmittedApplicationsPageTest - Retrieved last description code text: 'TST-VUI-81'.
2025-01-13 12:23:52 [main] DEBUG l.i.u.t.SubmittedApplicationsPageTest - Clicked on 'Invitation' menu.
2025-01-13 12:23:53 [main] DEBUG l.i.u.t.SubmittedApplicationsPageTest - Selected section by code: 'TST-VUI-81'.
2025-01-13 12:23:53 [main] DEBUG l.i.u.t.SubmittedApplicationsPageTest - Clicked 'Search'.
2025-01-13 12:23:53 [main] INFO  l.insoft.uztis.tests.utils.TestUtils - Screenshot moved to C:\Users\ingrida.zadorozniene\Desktop\Asm\UZTIS\UZTIS_tests\test-output\screenshots\20250113\122353502_testSubmitApplicationTest().png
2025-01-13 12:25:09 [main] INFO  lt.insoft.uztis.tests.UztisPageTest - Navigated to https://uztisdev.asseco.lt/home
2025-01-13 12:25:09 [main] INFO  l.i.u.t.SubmittedApplicationsPageTest - Starting test:'testSubmitApplicationTest'
2025-01-13 12:25:10 [main] DEBUG l.i.u.t.SubmittedApplicationsPageTest - User logged in with test credentials
2025-01-13 12:25:11 [main] DEBUG l.i.u.t.SubmittedApplicationsPageTest - Opened 'Application Processing' menu.
2025-01-13 12:25:11 [main] DEBUG l.i.u.t.SubmittedApplicationsPageTest - Clicked on 'Application Forms' menu.
2025-01-13 12:25:11 [main] DEBUG l.i.u.t.SubmittedApplicationsPageTest - Retrieved last description code text: 'TST-VUI-81'.
2025-01-13 12:25:11 [main] DEBUG l.i.u.t.SubmittedApplicationsPageTest - Clicked on 'Invitation' menu.
2025-01-13 12:25:11 [main] DEBUG l.i.u.t.SubmittedApplicationsPageTest - Selected section by code: 'TST-VUI-81'.
2025-01-13 12:25:12 [main] DEBUG l.i.u.t.SubmittedApplicationsPageTest - Clicked 'Search'.
2025-01-13 12:25:12 [main] DEBUG l.i.u.t.SubmittedApplicationsPageTest - Retrieved last description code text: ''.
2025-01-13 12:25:12 [main] DEBUG l.i.u.t.SubmittedApplicationsPageTest - Clicked on 'Submitted Applications' menu.
2025-01-13 12:25:12 [main] DEBUG l.i.u.t.SubmittedApplicationsPageTest - Selected section by code: 'TST-VUI-81'.
2025-01-13 12:27:43 [main] INFO  lt.insoft.uztis.tests.UztisPageTest - Navigated to https://uztisdev.asseco.lt/home
2025-01-13 12:27:43 [main] INFO  l.i.u.t.SubmittedApplicationsPageTest - Starting test:'testNavigateToSubmittedApplicationsPage'
2025-01-13 12:27:44 [main] DEBUG l.i.u.t.SubmittedApplicationsPageTest - User logged in with test credentials
2025-01-13 12:27:44 [main] DEBUG l.i.u.t.SubmittedApplicationsPageTest - Opened 'Application Processing' menu.
2025-01-13 12:27:44 [main] DEBUG l.i.u.t.SubmittedApplicationsPageTest - Clicked on 'Submitted Applications' menu.
2025-01-13 12:27:44 [main] DEBUG l.i.u.t.SubmittedApplicationsPageTest - Navigating to submitted applications menu.
2025-01-13 12:27:44 [main] DEBUG l.i.u.t.SubmittedApplicationsPageTest - Fetched label text: Kvietimui pateiktos paraiškos
2025-01-13 12:27:44 [main] INFO  l.i.u.t.SubmittedApplicationsPageTest - 'goToInvitationPageTest' completed. Label is: Kvietimui pateiktos paraiškos
2025-01-13 12:27:44 [main] INFO  l.i.u.t.SubmittedApplicationsPageTest - Test 'testNavigateToSubmittedApplicationsPage' completed successfully.
2025-01-13 12:39:23 [main] INFO  lt.insoft.uztis.tests.UztisPageTest - Navigated to https://uztisdev.asseco.lt/home
2025-01-13 12:39:23 [main] INFO  l.i.u.t.SubmittedApplicationsPageTest - Starting test:'testSubmitApplication'
2025-01-13 12:39:24 [main] DEBUG l.i.u.t.SubmittedApplicationsPageTest - User logged in with test credentials
2025-01-13 12:39:24 [main] DEBUG l.i.u.t.SubmittedApplicationsPageTest - Opened 'Application Processing' menu.
2025-01-13 12:39:25 [main] DEBUG l.i.u.t.SubmittedApplicationsPageTest - Clicked on 'Application Forms' menu.
2025-01-13 12:39:25 [main] DEBUG l.i.u.t.SubmittedApplicationsPageTest - Retrieved last description code text: 'TST-VUI-81'.
2025-01-13 12:39:25 [main] DEBUG l.i.u.t.SubmittedApplicationsPageTest - Clicked on 'Invitation' menu.
2025-01-13 12:39:25 [main] DEBUG l.i.u.t.SubmittedApplicationsPageTest - Selected section by code: 'TST-VUI-81'.
2025-01-13 12:39:26 [main] DEBUG l.i.u.t.SubmittedApplicationsPageTest - Clicked 'Search'.
2025-01-13 12:39:26 [main] DEBUG l.i.u.t.SubmittedApplicationsPageTest - Retrieved last description code text: ''.
2025-01-13 12:39:26 [main] DEBUG l.i.u.t.SubmittedApplicationsPageTest - Clicked on 'Submitted Applications' menu.
2025-01-13 12:39:26 [main] DEBUG l.i.u.t.SubmittedApplicationsPageTest - Selected section by code: 'TST-VUI-81'.
2025-01-13 12:39:36 [main] INFO  l.insoft.uztis.tests.utils.TestUtils - Screenshot moved to C:\Users\ingrida.zadorozniene\Desktop\Asm\UZTIS\UZTIS_tests\test-output\screenshots\20250113\123936846_testSubmitApplication().png
2025-01-13 12:43:02 [main] INFO  lt.insoft.uztis.tests.UztisPageTest - Navigated to https://uztisdev.asseco.lt/home
2025-01-13 12:43:02 [main] INFO  l.i.u.t.SubmittedApplicationsPageTest - Starting test:'testSubmitApplication'
2025-01-13 12:43:03 [main] DEBUG l.i.u.t.SubmittedApplicationsPageTest - User logged in with test credentials
2025-01-13 12:43:03 [main] DEBUG l.i.u.t.SubmittedApplicationsPageTest - Opened 'Application Processing' menu.
2025-01-13 12:43:04 [main] DEBUG l.i.u.t.SubmittedApplicationsPageTest - Clicked on 'Application Forms' menu.
2025-01-13 12:43:04 [main] DEBUG l.i.u.t.SubmittedApplicationsPageTest - Retrieved last description code text: 'TST-VUI-81'.
2025-01-13 12:43:04 [main] DEBUG l.i.u.t.SubmittedApplicationsPageTest - Clicked on 'Invitation' menu.
2025-01-13 12:43:04 [main] DEBUG l.i.u.t.SubmittedApplicationsPageTest - Selected section by code: 'TST-VUI-81'.
2025-01-13 12:43:05 [main] DEBUG l.i.u.t.SubmittedApplicationsPageTest - Clicked 'Search'.
2025-01-13 12:43:05 [main] DEBUG l.i.u.t.SubmittedApplicationsPageTest - Retrieved last description code text: ''.
2025-01-13 12:43:05 [main] DEBUG l.i.u.t.SubmittedApplicationsPageTest - Clicked on 'Submitted Applications' menu.
2025-01-13 12:43:05 [main] DEBUG l.i.u.t.SubmittedApplicationsPageTest - Selected section by code: 'TST-VUI-81'.
2025-01-13 12:44:54 [main] INFO  lt.insoft.uztis.tests.UztisPageTest - Navigated to https://uztisdev.asseco.lt/home
2025-01-13 12:44:54 [main] INFO  l.i.u.t.SubmittedApplicationsPageTest - Starting test:'testSubmitApplication'
2025-01-13 12:44:55 [main] DEBUG l.i.u.t.SubmittedApplicationsPageTest - User logged in with test credentials
2025-01-13 12:44:55 [main] DEBUG l.i.u.t.SubmittedApplicationsPageTest - Opened 'Application Processing' menu.
2025-01-13 12:44:55 [main] DEBUG l.i.u.t.SubmittedApplicationsPageTest - Clicked on 'Application Forms' menu.
2025-01-13 12:44:55 [main] DEBUG l.i.u.t.SubmittedApplicationsPageTest - Retrieved last description code text: 'TST-VUI-81'.
2025-01-13 12:44:55 [main] DEBUG l.i.u.t.SubmittedApplicationsPageTest - Clicked on 'Invitation' menu.
2025-01-13 12:44:56 [main] DEBUG l.i.u.t.SubmittedApplicationsPageTest - Selected section by code: 'TST-VUI-81'.
2025-01-13 12:44:56 [main] DEBUG l.i.u.t.SubmittedApplicationsPageTest - Clicked 'Search'.
2025-01-13 12:44:56 [main] DEBUG l.i.u.t.SubmittedApplicationsPageTest - Retrieved last description code text: ''.
2025-01-13 12:44:56 [main] DEBUG l.i.u.t.SubmittedApplicationsPageTest - Clicked on 'Submitted Applications' menu.
2025-01-13 12:44:57 [main] DEBUG l.i.u.t.SubmittedApplicationsPageTest - Selected section by code: 'TST-VUI-81'.
2025-01-13 12:45:07 [main] INFO  l.insoft.uztis.tests.utils.TestUtils - Screenshot moved to C:\Users\ingrida.zadorozniene\Desktop\Asm\UZTIS\UZTIS_tests\test-output\screenshots\20250113\124507352_testSubmitApplication().png
2025-01-13 12:45:29 [main] INFO  lt.insoft.uztis.tests.UztisPageTest - Navigated to https://uztisdev.asseco.lt/home
2025-01-13 12:45:29 [main] INFO  l.i.u.t.SubmittedApplicationsPageTest - Starting test:'testSubmitApplication'
2025-01-13 12:45:30 [main] DEBUG l.i.u.t.SubmittedApplicationsPageTest - User logged in with test credentials
2025-01-13 12:45:30 [main] DEBUG l.i.u.t.SubmittedApplicationsPageTest - Opened 'Application Processing' menu.
2025-01-13 12:45:30 [main] DEBUG l.i.u.t.SubmittedApplicationsPageTest - Clicked on 'Application Forms' menu.
2025-01-13 12:45:30 [main] DEBUG l.i.u.t.SubmittedApplicationsPageTest - Retrieved last description code text: 'TST-VUI-81'.
2025-01-13 12:45:30 [main] DEBUG l.i.u.t.SubmittedApplicationsPageTest - Clicked on 'Invitation' menu.
2025-01-13 12:45:31 [main] DEBUG l.i.u.t.SubmittedApplicationsPageTest - Selected section by code: 'TST-VUI-81'.
2025-01-13 12:45:31 [main] DEBUG l.i.u.t.SubmittedApplicationsPageTest - Clicked 'Search'.
2025-01-13 12:45:31 [main] DEBUG l.i.u.t.SubmittedApplicationsPageTest - Retrieved last description code text: ''.
2025-01-13 12:45:31 [main] DEBUG l.i.u.t.SubmittedApplicationsPageTest - Clicked on 'Submitted Applications' menu.
2025-01-13 12:45:31 [main] DEBUG l.i.u.t.SubmittedApplicationsPageTest - Selected section by code: 'TST-VUI-81'.
2025-01-13 12:45:42 [main] INFO  l.insoft.uztis.tests.utils.TestUtils - Screenshot moved to C:\Users\ingrida.zadorozniene\Desktop\Asm\UZTIS\UZTIS_tests\test-output\screenshots\20250113\124542171_testSubmitApplication().png
2025-01-13 12:46:14 [main] INFO  lt.insoft.uztis.tests.UztisPageTest - Navigated to https://uztisdev.asseco.lt/home
2025-01-13 12:46:14 [main] INFO  l.i.u.t.SubmittedApplicationsPageTest - Starting test:'testSubmitApplication'
2025-01-13 12:46:15 [main] DEBUG l.i.u.t.SubmittedApplicationsPageTest - User logged in with test credentials
2025-01-13 12:46:15 [main] DEBUG l.i.u.t.SubmittedApplicationsPageTest - Opened 'Application Processing' menu.
2025-01-13 12:46:15 [main] DEBUG l.i.u.t.SubmittedApplicationsPageTest - Clicked on 'Application Forms' menu.
2025-01-13 12:46:15 [main] DEBUG l.i.u.t.SubmittedApplicationsPageTest - Retrieved last description code text: 'TST-VUI-81'.
2025-01-13 12:46:15 [main] DEBUG l.i.u.t.SubmittedApplicationsPageTest - Clicked on 'Invitation' menu.
2025-01-13 12:46:16 [main] DEBUG l.i.u.t.SubmittedApplicationsPageTest - Selected section by code: 'TST-VUI-81'.
2025-01-13 12:46:16 [main] DEBUG l.i.u.t.SubmittedApplicationsPageTest - Clicked 'Search'.
2025-01-13 12:46:16 [main] DEBUG l.i.u.t.SubmittedApplicationsPageTest - Retrieved last description code text: ''.
2025-01-13 12:46:16 [main] DEBUG l.i.u.t.SubmittedApplicationsPageTest - Clicked on 'Submitted Applications' menu.
2025-01-13 12:46:17 [main] DEBUG l.i.u.t.SubmittedApplicationsPageTest - Selected section by code: 'TST-VUI-81'.
2025-01-13 12:46:27 [main] INFO  l.insoft.uztis.tests.utils.TestUtils - Screenshot moved to C:\Users\ingrida.zadorozniene\Desktop\Asm\UZTIS\UZTIS_tests\test-output\screenshots\20250113\124627258_testSubmitApplication().png
2025-01-13 12:48:11 [main] INFO  lt.insoft.uztis.tests.UztisPageTest - Navigated to https://uztisdev.asseco.lt/home
2025-01-13 12:48:11 [main] INFO  l.i.u.t.SubmittedApplicationsPageTest - Starting test:'testSubmitApplication'
2025-01-13 12:48:12 [main] DEBUG l.i.u.t.SubmittedApplicationsPageTest - User logged in with test credentials
2025-01-13 12:48:12 [main] DEBUG l.i.u.t.SubmittedApplicationsPageTest - Opened 'Application Processing' menu.
2025-01-13 12:48:12 [main] DEBUG l.i.u.t.SubmittedApplicationsPageTest - Clicked on 'Application Forms' menu.
2025-01-13 12:48:12 [main] DEBUG l.i.u.t.SubmittedApplicationsPageTest - Retrieved last description code text: 'TST-VUI-81'.
2025-01-13 12:48:13 [main] DEBUG l.i.u.t.SubmittedApplicationsPageTest - Clicked on 'Invitation' menu.
2025-01-13 12:48:13 [main] DEBUG l.i.u.t.SubmittedApplicationsPageTest - Selected section by code: 'TST-VUI-81'.
2025-01-13 12:48:13 [main] DEBUG l.i.u.t.SubmittedApplicationsPageTest - Clicked 'Search'.
2025-01-13 12:48:13 [main] DEBUG l.i.u.t.SubmittedApplicationsPageTest - Retrieved last description code text: ''.
2025-01-13 12:48:14 [main] DEBUG l.i.u.t.SubmittedApplicationsPageTest - Clicked on 'Submitted Applications' menu.
2025-01-13 12:48:14 [main] DEBUG l.i.u.t.SubmittedApplicationsPageTest - Selected section by code: 'TST-VUI-81'.
2025-01-13 12:51:25 [main] INFO  lt.insoft.uztis.tests.UztisPageTest - Navigated to https://uztisdev.asseco.lt/home
2025-01-13 12:51:26 [main] INFO  l.i.u.t.SubmittedApplicationsPageTest - Starting test:'testSubmitApplication'
2025-01-13 12:51:26 [main] DEBUG l.i.u.t.SubmittedApplicationsPageTest - User logged in with test credentials
2025-01-13 12:51:27 [main] DEBUG l.i.u.t.SubmittedApplicationsPageTest - Opened 'Application Processing' menu.
2025-01-13 12:51:27 [main] DEBUG l.i.u.t.SubmittedApplicationsPageTest - Clicked on 'Application Forms' menu.
2025-01-13 12:51:27 [main] DEBUG l.i.u.t.SubmittedApplicationsPageTest - Retrieved last description code text: 'TST-VUI-81'.
2025-01-13 12:51:27 [main] DEBUG l.i.u.t.SubmittedApplicationsPageTest - Clicked on 'Invitation' menu.
2025-01-13 12:51:28 [main] DEBUG l.i.u.t.SubmittedApplicationsPageTest - Selected section by code: 'TST-VUI-81'.
2025-01-13 12:51:28 [main] DEBUG l.i.u.t.SubmittedApplicationsPageTest - Clicked 'Search'.
2025-01-13 12:51:28 [main] DEBUG l.i.u.t.SubmittedApplicationsPageTest - Retrieved last description code text: ''.
2025-01-13 12:51:28 [main] DEBUG l.i.u.t.SubmittedApplicationsPageTest - Clicked on 'Submitted Applications' menu.
2025-01-13 12:51:28 [main] DEBUG l.i.u.t.SubmittedApplicationsPageTest - Selected section by code: 'TST-VUI-81'.
2025-01-13 12:55:29 [main] INFO  lt.insoft.uztis.tests.UztisPageTest - Navigated to https://uztisdev.asseco.lt/home
2025-01-13 12:55:29 [main] INFO  l.i.u.t.SubmittedApplicationsPageTest - Starting test:'testGoToSubmitApplication'
2025-01-13 12:55:30 [main] DEBUG l.i.u.t.SubmittedApplicationsPageTest - User logged in with test credentials
2025-01-13 12:55:30 [main] DEBUG l.i.u.t.SubmittedApplicationsPageTest - Opened 'Application Processing' menu.
2025-01-13 12:55:30 [main] DEBUG l.i.u.t.SubmittedApplicationsPageTest - Clicked on 'Application Forms' menu.
2025-01-13 12:55:30 [main] DEBUG l.i.u.t.SubmittedApplicationsPageTest - Retrieved last description code text: 'TST-VUI-81'.
2025-01-13 12:55:30 [main] DEBUG l.i.u.t.SubmittedApplicationsPageTest - Clicked on 'Invitation' menu.
2025-01-13 12:55:31 [main] DEBUG l.i.u.t.SubmittedApplicationsPageTest - Selected application section by code: 'TST-VUI-81'.
2025-01-13 12:55:31 [main] DEBUG l.i.u.t.SubmittedApplicationsPageTest - Clicked 'Search' button.
2025-01-13 12:55:31 [main] DEBUG l.i.u.t.SubmittedApplicationsPageTest - Retrieved invitation code: ''.
2025-01-13 12:55:31 [main] DEBUG l.i.u.t.SubmittedApplicationsPageTest - Clicked on 'Submitted Applications' menu.
2025-01-13 12:55:31 [main] DEBUG l.i.u.t.SubmittedApplicationsPageTest - Selected invitation by code: 'TST-VUI-81'.
2025-01-13 12:55:32 [main] DEBUG l.i.u.t.SubmittedApplicationsPageTest - Clicked on 'Action Application' button.
2025-01-13 12:55:32 [main] DEBUG l.i.u.t.SubmittedApplicationsPageTest - Clicked on 'New Application' button.
2025-01-13 12:55:32 [main] INFO  l.i.u.t.SubmittedApplicationsPageTest - Test 'testGoToSubmitApplication' completed successfully.
2025-01-13 13:02:11 [main] INFO  lt.insoft.uztis.tests.UztisPageTest - Navigated to https://uztisdev.asseco.lt/home
2025-01-13 13:02:11 [main] INFO  l.i.u.t.SubmittedApplicationsPageTest - Starting test:'testGoToSubmitApplication'
2025-01-13 13:02:12 [main] DEBUG l.i.u.t.SubmittedApplicationsPageTest - User logged in with test credentials
2025-01-13 13:02:13 [main] DEBUG l.i.u.t.SubmittedApplicationsPageTest - Opened 'Application Processing' menu.
2025-01-13 13:02:13 [main] DEBUG l.i.u.t.SubmittedApplicationsPageTest - Clicked on 'Application Forms' menu.
2025-01-13 13:02:13 [main] DEBUG l.i.u.t.SubmittedApplicationsPageTest - Retrieved last description code text: 'TST-VUI-81'.
2025-01-13 13:02:13 [main] DEBUG l.i.u.t.SubmittedApplicationsPageTest - Clicked on 'Invitation' menu.
2025-01-13 13:02:14 [main] DEBUG l.i.u.t.SubmittedApplicationsPageTest - Selected application section by code: 'TST-VUI-81'.
2025-01-13 13:02:14 [main] DEBUG l.i.u.t.SubmittedApplicationsPageTest - Clicked 'Search' button.
2025-01-13 13:02:14 [main] DEBUG l.i.u.t.SubmittedApplicationsPageTest - Retrieved invitation code: ''.
2025-01-13 13:02:14 [main] DEBUG l.i.u.t.SubmittedApplicationsPageTest - Clicked on 'Submitted Applications' menu.
2025-01-13 13:02:14 [main] DEBUG l.i.u.t.SubmittedApplicationsPageTest - Selected invitation by code: 'TST-VUI-81'.
2025-01-13 13:02:14 [main] DEBUG l.i.u.t.SubmittedApplicationsPageTest - Clicked on 'Action Application' button.
2025-01-13 13:02:15 [main] DEBUG l.i.u.t.SubmittedApplicationsPageTest - Clicked on 'New Application' button.
2025-01-13 13:02:15 [main] INFO  l.i.u.t.SubmittedApplicationsPageTest - Verified that the 'Next' button is displayed.
2025-01-13 13:02:15 [main] INFO  l.i.u.t.SubmittedApplicationsPageTest - Test 'testGoToSubmitApplication' completed successfully.
2025-01-13 13:08:11 [main] INFO  lt.insoft.uztis.tests.UztisPageTest - Navigated to https://uztisdev.asseco.lt/home
2025-01-13 13:08:11 [main] INFO  l.i.u.t.SubmittedApplicationsPageTest - Starting test:'testGoToSubmitApplication'
2025-01-13 13:08:13 [main] DEBUG l.i.u.t.SubmittedApplicationsPageTest - User logged in with test credentials
2025-01-13 13:08:13 [main] DEBUG l.i.u.t.SubmittedApplicationsPageTest - Opened 'Application Processing' menu.
2025-01-13 13:08:13 [main] DEBUG l.i.u.t.SubmittedApplicationsPageTest - Clicked on 'Application Forms' menu.
2025-01-13 13:08:13 [main] DEBUG l.i.u.t.SubmittedApplicationsPageTest - Retrieved last description code text: 'TST-VUI-81'.
2025-01-13 13:08:13 [main] DEBUG l.i.u.t.SubmittedApplicationsPageTest - Clicked on 'Invitation' menu.
2025-01-13 13:08:14 [main] DEBUG l.i.u.t.SubmittedApplicationsPageTest - Selected application section by code: 'TST-VUI-81'.
2025-01-13 13:08:14 [main] DEBUG l.i.u.t.SubmittedApplicationsPageTest - Clicked 'Search' button.
2025-01-13 13:08:14 [main] DEBUG l.i.u.t.SubmittedApplicationsPageTest - Retrieved invitation code: ''.
2025-01-13 13:08:14 [main] DEBUG l.i.u.t.SubmittedApplicationsPageTest - Clicked on 'Submitted Applications' menu.
2025-01-13 13:08:15 [main] DEBUG l.i.u.t.SubmittedApplicationsPageTest - Selected invitation by code: 'TST-VUI-81'.
2025-01-13 13:08:15 [main] DEBUG l.i.u.t.SubmittedApplicationsPageTest - Clicked on 'Action Application' button.
2025-01-13 13:08:15 [main] DEBUG l.i.u.t.SubmittedApplicationsPageTest - Clicked on 'New Application' button.
2025-01-13 13:08:15 [main] INFO  l.i.u.t.SubmittedApplicationsPageTest - Verified that the 'Next' button is displayed.
2025-01-13 13:08:15 [main] INFO  l.i.u.t.SubmittedApplicationsPageTest - Test 'testGoToSubmitApplication' completed successfully.
2025-01-13 14:31:58 [main] INFO  lt.insoft.uztis.tests.UztisPageTest - Navigated to https://uztisdev.asseco.lt/home
2025-01-13 14:31:58 [main] INFO  l.i.u.t.SubmittedApplicationsPageTest - Starting test:'testFillNewApplication'
2025-01-13 14:31:59 [main] DEBUG l.i.u.t.SubmittedApplicationsPageTest - User logged in with test credentials
2025-01-13 14:31:59 [main] DEBUG l.i.u.t.SubmittedApplicationsPageTest - Opened 'Application Processing' menu.
2025-01-13 14:31:59 [main] DEBUG l.i.u.t.SubmittedApplicationsPageTest - Clicked on 'Application Forms' menu.
2025-01-13 14:31:59 [main] DEBUG l.i.u.t.SubmittedApplicationsPageTest - Retrieved last description code text: 'TST-VUI-81'.
2025-01-13 14:31:59 [main] DEBUG l.i.u.t.SubmittedApplicationsPageTest - Clicked on 'Invitation' menu.
2025-01-13 14:32:00 [main] DEBUG l.i.u.t.SubmittedApplicationsPageTest - Selected application section by code: 'TST-VUI-81'.
2025-01-13 14:32:00 [main] DEBUG l.i.u.t.SubmittedApplicationsPageTest - Clicked 'Search' button.
2025-01-13 14:32:00 [main] DEBUG l.i.u.t.SubmittedApplicationsPageTest - Retrieved invitation code: ''.
2025-01-13 14:32:00 [main] DEBUG l.i.u.t.SubmittedApplicationsPageTest - Clicked on 'Submitted Applications' menu.
2025-01-13 14:32:01 [main] DEBUG l.i.u.t.SubmittedApplicationsPageTest - Selected invitation by code: 'TST-VUI-81'.
2025-01-13 14:32:01 [main] DEBUG l.i.u.t.SubmittedApplicationsPageTest - Clicked on 'Action Application' button.
2025-01-13 14:32:01 [main] DEBUG l.i.u.t.SubmittedApplicationsPageTest - Clicked on 'New Application' button.
2025-01-13 14:32:01 [main] DEBUG l.i.u.t.SubmittedApplicationsPageTest - Clicked on 'RadioButtonFA' button.
2025-01-13 14:32:02 [main] DEBUG l.i.u.t.SubmittedApplicationsPageTest - Entered phone number into the input field.
2025-01-13 14:32:02 [main] ERROR l.i.u.t.SubmittedApplicationsPageTest - Test 'testFillNewApplication' failed with error: javascript error: {"status":12,"value":"Element is not currently interactable and may not be manipulated"}
  (Session info: chrome=131.0.6778.265)
Build info: version: '4.27.0', revision: 'd6e718d134'
System info: os.name: 'Windows 11', os.arch: 'amd64', os.version: '10.0', java.version: '21.0.3'
Driver info: org.openqa.selenium.chrome.ChromeDriver
Command: [7eb1471de3f9dd9957e40374a808585d, clearElement {id=f.9B6B38C586D6DBE7E050C13DE2AFB35D.d.F1272912C2331DAFF2B2F5933D6A027F.e.155}]
Capabilities {acceptInsecureCerts: false, browserName: chrome, browserVersion: 131.0.6778.265, chrome: {chromedriverVersion: 131.0.6778.264 (2d05e315153..., userDataDir: C:\Users\INGRID~1.ZAD\AppDa...}, fedcm:accounts: true, goog:chromeOptions: {debuggerAddress: localhost:57328}, networkConnectionEnabled: false, pageLoadStrategy: normal, platformName: windows, proxy: Proxy(), se:cdp: ws://localhost:57328/devtoo..., se:cdpVersion: 131.0.6778.265, setWindowRect: true, strictFileInteractability: false, timeouts: {implicit: 0, pageLoad: 300000, script: 30000}, unhandledPromptBehavior: dismiss and notify, webauthn:extension:credBlob: true, webauthn:extension:largeBlob: true, webauthn:extension:minPinLength: true, webauthn:extension:prf: true, webauthn:virtualAuthenticators: true}
Element: [[ChromeDriver: chrome on windows (7eb1471de3f9dd9957e40374a808585d)] -> xpath: //div[contains(@class, 'mat-mdc-form-field-infix')]//input[@type='text']]
Session ID: 7eb1471de3f9dd9957e40374a808585d
org.openqa.selenium.JavascriptException: javascript error: {"status":12,"value":"Element is not currently interactable and may not be manipulated"}
  (Session info: chrome=131.0.6778.265)
Build info: version: '4.27.0', revision: 'd6e718d134'
System info: os.name: 'Windows 11', os.arch: 'amd64', os.version: '10.0', java.version: '21.0.3'
Driver info: org.openqa.selenium.chrome.ChromeDriver
Command: [7eb1471de3f9dd9957e40374a808585d, clearElement {id=f.9B6B38C586D6DBE7E050C13DE2AFB35D.d.F1272912C2331DAFF2B2F5933D6A027F.e.155}]
Capabilities {acceptInsecureCerts: false, browserName: chrome, browserVersion: 131.0.6778.265, chrome: {chromedriverVersion: 131.0.6778.264 (2d05e315153..., userDataDir: C:\Users\INGRID~1.ZAD\AppDa...}, fedcm:accounts: true, goog:chromeOptions: {debuggerAddress: localhost:57328}, networkConnectionEnabled: false, pageLoadStrategy: normal, platformName: windows, proxy: Proxy(), se:cdp: ws://localhost:57328/devtoo..., se:cdpVersion: 131.0.6778.265, setWindowRect: true, strictFileInteractability: false, timeouts: {implicit: 0, pageLoad: 300000, script: 30000}, unhandledPromptBehavior: dismiss and notify, webauthn:extension:credBlob: true, webauthn:extension:largeBlob: true, webauthn:extension:minPinLength: true, webauthn:extension:prf: true, webauthn:virtualAuthenticators: true}
Element: [[ChromeDriver: chrome on windows (7eb1471de3f9dd9957e40374a808585d)] -> xpath: //div[contains(@class, 'mat-mdc-form-field-infix')]//input[@type='text']]
Session ID: 7eb1471de3f9dd9957e40374a808585d
	at java.base/jdk.internal.reflect.DirectConstructorHandleAccessor.newInstance(DirectConstructorHandleAccessor.java:62)
	at java.base/java.lang.reflect.Constructor.newInstanceWithCaller(Constructor.java:502)
	at java.base/java.lang.reflect.Constructor.newInstance(Constructor.java:486)
	at org.openqa.selenium.remote.ErrorCodec.decode(ErrorCodec.java:167)
	at org.openqa.selenium.remote.codec.w3c.W3CHttpResponseCodec.decode(W3CHttpResponseCodec.java:138)
	at org.openqa.selenium.remote.codec.w3c.W3CHttpResponseCodec.decode(W3CHttpResponseCodec.java:50)
	at org.openqa.selenium.remote.HttpCommandExecutor.execute(HttpCommandExecutor.java:190)
	at org.openqa.selenium.remote.service.DriverCommandExecutor.invokeExecute(DriverCommandExecutor.java:216)
	at org.openqa.selenium.remote.service.DriverCommandExecutor.execute(DriverCommandExecutor.java:174)
	at org.openqa.selenium.remote.RemoteWebDriver.execute(RemoteWebDriver.java:545)
	at org.openqa.selenium.remote.RemoteWebElement.execute(RemoteWebElement.java:223)
	at org.openqa.selenium.remote.RemoteWebElement.clear(RemoteWebElement.java:129)
	at java.base/jdk.internal.reflect.DirectMethodHandleAccessor.invoke(DirectMethodHandleAccessor.java:103)
	at java.base/java.lang.reflect.Method.invoke(Method.java:580)
	at org.openqa.selenium.support.pagefactory.internal.LocatingElementHandler.invoke(LocatingElementHandler.java:51)
	at jdk.proxy2/jdk.proxy2.$Proxy14.clear(Unknown Source)
	at lt.insoft.uztis.pages.SubmittedApplicationsPage.enterEmailAddress(SubmittedApplicationsPage.java:132)
	at lt.insoft.uztis.tests.SubmittedApplicationsPageTest.testFillNewApplication(SubmittedApplicationsPageTest.java:152)
	at java.base/jdk.internal.reflect.DirectMethodHandleAccessor.invoke(DirectMethodHandleAccessor.java:103)
	at java.base/java.lang.reflect.Method.invoke(Method.java:580)
	at org.junit.platform.commons.util.ReflectionUtils.invokeMethod(ReflectionUtils.java:728)
	at org.junit.jupiter.engine.execution.MethodInvocation.proceed(MethodInvocation.java:60)
	at org.junit.jupiter.engine.execution.InvocationInterceptorChain$ValidatingInvocation.proceed(InvocationInterceptorChain.java:131)
	at org.junit.jupiter.engine.extension.TimeoutExtension.intercept(TimeoutExtension.java:156)
	at org.junit.jupiter.engine.extension.TimeoutExtension.interceptTestableMethod(TimeoutExtension.java:147)
	at org.junit.jupiter.engine.extension.TimeoutExtension.interceptTestMethod(TimeoutExtension.java:86)
	at org.junit.jupiter.engine.execution.InterceptingExecutableInvoker$ReflectiveInterceptorCall.lambda$ofVoidMethod$0(InterceptingExecutableInvoker.java:103)
	at org.junit.jupiter.engine.execution.InterceptingExecutableInvoker.lambda$invoke$0(InterceptingExecutableInvoker.java:93)
	at org.junit.jupiter.engine.execution.InvocationInterceptorChain$InterceptedInvocation.proceed(InvocationInterceptorChain.java:106)
	at org.junit.jupiter.engine.execution.InvocationInterceptorChain.proceed(InvocationInterceptorChain.java:64)
	at org.junit.jupiter.engine.execution.InvocationInterceptorChain.chainAndInvoke(InvocationInterceptorChain.java:45)
	at org.junit.jupiter.engine.execution.InvocationInterceptorChain.invoke(InvocationInterceptorChain.java:37)
	at org.junit.jupiter.engine.execution.InterceptingExecutableInvoker.invoke(InterceptingExecutableInvoker.java:92)
	at org.junit.jupiter.engine.execution.InterceptingExecutableInvoker.invoke(InterceptingExecutableInvoker.java:86)
	at org.junit.jupiter.engine.descriptor.TestMethodTestDescriptor.lambda$invokeTestMethod$7(TestMethodTestDescriptor.java:218)
	at org.junit.platform.engine.support.hierarchical.ThrowableCollector.execute(ThrowableCollector.java:73)
	at org.junit.jupiter.engine.descriptor.TestMethodTestDescriptor.invokeTestMethod(TestMethodTestDescriptor.java:214)
	at org.junit.jupiter.engine.descriptor.TestMethodTestDescriptor.execute(TestMethodTestDescriptor.java:139)
	at org.junit.jupiter.engine.descriptor.TestMethodTestDescriptor.execute(TestMethodTestDescriptor.java:69)
	at org.junit.platform.engine.support.hierarchical.NodeTestTask.lambda$executeRecursively$6(NodeTestTask.java:151)
	at org.junit.platform.engine.support.hierarchical.ThrowableCollector.execute(ThrowableCollector.java:73)
	at org.junit.platform.engine.support.hierarchical.NodeTestTask.lambda$executeRecursively$8(NodeTestTask.java:141)
	at org.junit.platform.engine.support.hierarchical.Node.around(Node.java:137)
	at org.junit.platform.engine.support.hierarchical.NodeTestTask.lambda$executeRecursively$9(NodeTestTask.java:139)
	at org.junit.platform.engine.support.hierarchical.ThrowableCollector.execute(ThrowableCollector.java:73)
	at org.junit.platform.engine.support.hierarchical.NodeTestTask.executeRecursively(NodeTestTask.java:138)
	at org.junit.platform.engine.support.hierarchical.NodeTestTask.execute(NodeTestTask.java:95)
	at java.base/java.util.ArrayList.forEach(ArrayList.java:1596)
	at org.junit.platform.engine.support.hierarchical.SameThreadHierarchicalTestExecutorService.invokeAll(SameThreadHierarchicalTestExecutorService.java:41)
	at org.junit.platform.engine.support.hierarchical.NodeTestTask.lambda$executeRecursively$6(NodeTestTask.java:155)
	at org.junit.platform.engine.support.hierarchical.ThrowableCollector.execute(ThrowableCollector.java:73)
	at org.junit.platform.engine.support.hierarchical.NodeTestTask.lambda$executeRecursively$8(NodeTestTask.java:141)
	at org.junit.platform.engine.support.hierarchical.Node.around(Node.java:137)
	at org.junit.platform.engine.support.hierarchical.NodeTestTask.lambda$executeRecursively$9(NodeTestTask.java:139)
	at org.junit.platform.engine.support.hierarchical.ThrowableCollector.execute(ThrowableCollector.java:73)
	at org.junit.platform.engine.support.hierarchical.NodeTestTask.executeRecursively(NodeTestTask.java:138)
	at org.junit.platform.engine.support.hierarchical.NodeTestTask.execute(NodeTestTask.java:95)
	at java.base/java.util.ArrayList.forEach(ArrayList.java:1596)
	at org.junit.platform.engine.support.hierarchical.SameThreadHierarchicalTestExecutorService.invokeAll(SameThreadHierarchicalTestExecutorService.java:41)
	at org.junit.platform.engine.support.hierarchical.NodeTestTask.lambda$executeRecursively$6(NodeTestTask.java:155)
	at org.junit.platform.engine.support.hierarchical.ThrowableCollector.execute(ThrowableCollector.java:73)
	at org.junit.platform.engine.support.hierarchical.NodeTestTask.lambda$executeRecursively$8(NodeTestTask.java:141)
	at org.junit.platform.engine.support.hierarchical.Node.around(Node.java:137)
	at org.junit.platform.engine.support.hierarchical.NodeTestTask.lambda$executeRecursively$9(NodeTestTask.java:139)
	at org.junit.platform.engine.support.hierarchical.ThrowableCollector.execute(ThrowableCollector.java:73)
	at org.junit.platform.engine.support.hierarchical.NodeTestTask.executeRecursively(NodeTestTask.java:138)
	at org.junit.platform.engine.support.hierarchical.NodeTestTask.execute(NodeTestTask.java:95)
	at org.junit.platform.engine.support.hierarchical.SameThreadHierarchicalTestExecutorService.submit(SameThreadHierarchicalTestExecutorService.java:35)
	at org.junit.platform.engine.support.hierarchical.HierarchicalTestExecutor.execute(HierarchicalTestExecutor.java:57)
	at org.junit.platform.engine.support.hierarchical.HierarchicalTestEngine.execute(HierarchicalTestEngine.java:54)
	at org.junit.platform.launcher.core.EngineExecutionOrchestrator.execute(EngineExecutionOrchestrator.java:198)
	at org.junit.platform.launcher.core.EngineExecutionOrchestrator.execute(EngineExecutionOrchestrator.java:169)
	at org.junit.platform.launcher.core.EngineExecutionOrchestrator.execute(EngineExecutionOrchestrator.java:93)
	at org.junit.platform.launcher.core.EngineExecutionOrchestrator.lambda$execute$0(EngineExecutionOrchestrator.java:58)
	at org.junit.platform.launcher.core.EngineExecutionOrchestrator.withInterceptedStreams(EngineExecutionOrchestrator.java:141)
	at org.junit.platform.launcher.core.EngineExecutionOrchestrator.execute(EngineExecutionOrchestrator.java:57)
	at org.junit.platform.launcher.core.DefaultLauncher.execute(DefaultLauncher.java:103)
	at org.junit.platform.launcher.core.DefaultLauncher.execute(DefaultLauncher.java:85)
	at org.junit.platform.launcher.core.DelegatingLauncher.execute(DelegatingLauncher.java:47)
	at org.junit.platform.launcher.core.SessionPerRequestLauncher.execute(SessionPerRequestLauncher.java:63)
	at com.intellij.junit5.JUnit5IdeaTestRunner.startRunnerWithArgs(JUnit5IdeaTestRunner.java:57)
	at com.intellij.rt.junit.IdeaTestRunner$Repeater$1.execute(IdeaTestRunner.java:38)
	at com.intellij.rt.execution.junit.TestsRepeater.repeat(TestsRepeater.java:11)
	at com.intellij.rt.junit.IdeaTestRunner$Repeater.startRunnerWithArgs(IdeaTestRunner.java:35)
	at com.intellij.rt.junit.JUnitStarter.prepareStreamsAndStart(JUnitStarter.java:232)
	at com.intellij.rt.junit.JUnitStarter.main(JUnitStarter.java:55)
2025-01-13 14:32:02 [main] INFO  l.insoft.uztis.tests.utils.TestUtils - Screenshot moved to C:\Users\ingrida.zadorozniene\Desktop\Asm\UZTIS\UZTIS_tests\test-output\screenshots\20250113\143202414_testFillNewApplication().png
2025-01-13 14:36:35 [main] INFO  lt.insoft.uztis.tests.UztisPageTest - Navigated to https://uztisdev.asseco.lt/home
2025-01-13 14:36:35 [main] INFO  l.i.u.t.SubmittedApplicationsPageTest - Starting test:'testFillNewApplication'
2025-01-13 14:36:36 [main] DEBUG l.i.u.t.SubmittedApplicationsPageTest - User logged in with test credentials
2025-01-13 14:36:36 [main] DEBUG l.i.u.t.SubmittedApplicationsPageTest - Opened 'Application Processing' menu.
2025-01-13 14:36:36 [main] DEBUG l.i.u.t.SubmittedApplicationsPageTest - Clicked on 'Application Forms' menu.
2025-01-13 14:36:36 [main] DEBUG l.i.u.t.SubmittedApplicationsPageTest - Retrieved last description code text: 'TST-VUI-81'.
2025-01-13 14:36:36 [main] DEBUG l.i.u.t.SubmittedApplicationsPageTest - Clicked on 'Invitation' menu.
2025-01-13 14:36:37 [main] DEBUG l.i.u.t.SubmittedApplicationsPageTest - Selected application section by code: 'TST-VUI-81'.
2025-01-13 14:36:37 [main] DEBUG l.i.u.t.SubmittedApplicationsPageTest - Clicked 'Search' button.
2025-01-13 14:36:37 [main] DEBUG l.i.u.t.SubmittedApplicationsPageTest - Retrieved invitation code: ''.
2025-01-13 14:36:37 [main] DEBUG l.i.u.t.SubmittedApplicationsPageTest - Clicked on 'Submitted Applications' menu.
2025-01-13 14:36:38 [main] DEBUG l.i.u.t.SubmittedApplicationsPageTest - Selected invitation by code: 'TST-VUI-81'.
2025-01-13 14:36:38 [main] DEBUG l.i.u.t.SubmittedApplicationsPageTest - Clicked on 'Action Application' button.
2025-01-13 14:36:38 [main] DEBUG l.i.u.t.SubmittedApplicationsPageTest - Clicked on 'New Application' button.
2025-01-13 14:36:39 [main] DEBUG l.i.u.t.SubmittedApplicationsPageTest - Clicked on 'RadioButtonFA' button.
2025-01-13 14:36:39 [main] DEBUG l.i.u.t.SubmittedApplicationsPageTest - Entered phone number into the input field.
2025-01-13 14:36:42 [main] ERROR l.i.u.t.SubmittedApplicationsPageTest - Test 'testFillNewApplication' failed with error: Error communicating with the remote browser. It may have died.
Build info: version: '4.27.0', revision: 'd6e718d134'
System info: os.name: 'Windows 11', os.arch: 'amd64', os.version: '10.0', java.version: '21.0.3'
Driver info: org.openqa.selenium.chrome.ChromeDriver
Command: [78238bb2bff175bbc20887207437e5e4, findElement [value, using]]
Capabilities {acceptInsecureCerts: false, browserName: chrome, browserVersion: 131.0.6778.265, chrome: {chromedriverVersion: 131.0.6778.264 (2d05e315153..., userDataDir: C:\Users\INGRID~1.ZAD\AppDa...}, fedcm:accounts: true, goog:chromeOptions: {debuggerAddress: localhost:57494}, networkConnectionEnabled: false, pageLoadStrategy: normal, platformName: windows, proxy: Proxy(), se:cdp: ws://localhost:57494/devtoo..., se:cdpVersion: 131.0.6778.265, setWindowRect: true, strictFileInteractability: false, timeouts: {implicit: 0, pageLoad: 300000, script: 30000}, unhandledPromptBehavior: dismiss and notify, webauthn:extension:credBlob: true, webauthn:extension:largeBlob: true, webauthn:extension:minPinLength: true, webauthn:extension:prf: true, webauthn:virtualAuthenticators: true}
Session ID: 78238bb2bff175bbc20887207437e5e4
org.openqa.selenium.remote.UnreachableBrowserException: Error communicating with the remote browser. It may have died.
Build info: version: '4.27.0', revision: 'd6e718d134'
System info: os.name: 'Windows 11', os.arch: 'amd64', os.version: '10.0', java.version: '21.0.3'
Driver info: org.openqa.selenium.chrome.ChromeDriver
Command: [78238bb2bff175bbc20887207437e5e4, findElement [value, using]]
Capabilities {acceptInsecureCerts: false, browserName: chrome, browserVersion: 131.0.6778.265, chrome: {chromedriverVersion: 131.0.6778.264 (2d05e315153..., userDataDir: C:\Users\INGRID~1.ZAD\AppDa...}, fedcm:accounts: true, goog:chromeOptions: {debuggerAddress: localhost:57494}, networkConnectionEnabled: false, pageLoadStrategy: normal, platformName: windows, proxy: Proxy(), se:cdp: ws://localhost:57494/devtoo..., se:cdpVersion: 131.0.6778.265, setWindowRect: true, strictFileInteractability: false, timeouts: {implicit: 0, pageLoad: 300000, script: 30000}, unhandledPromptBehavior: dismiss and notify, webauthn:extension:credBlob: true, webauthn:extension:largeBlob: true, webauthn:extension:minPinLength: true, webauthn:extension:prf: true, webauthn:virtualAuthenticators: true}
Session ID: 78238bb2bff175bbc20887207437e5e4
	at org.openqa.selenium.remote.RemoteWebDriver.execute(RemoteWebDriver.java:572)
	at org.openqa.selenium.remote.ElementLocation$ElementFinder$2.findElement(ElementLocation.java:165)
	at org.openqa.selenium.remote.ElementLocation.findElement(ElementLocation.java:59)
	at org.openqa.selenium.remote.RemoteWebDriver.findElement(RemoteWebDriver.java:368)
	at org.openqa.selenium.remote.RemoteWebDriver.findElement(RemoteWebDriver.java:362)
	at org.openqa.selenium.support.pagefactory.DefaultElementLocator.findElement(DefaultElementLocator.java:68)
	at org.openqa.selenium.support.pagefactory.internal.LocatingElementHandler.invoke(LocatingElementHandler.java:38)
	at jdk.proxy2/jdk.proxy2.$Proxy14.clear(Unknown Source)
	at lt.insoft.uztis.pages.SubmittedApplicationsPage.enterEmailAddress(SubmittedApplicationsPage.java:131)
	at lt.insoft.uztis.tests.SubmittedApplicationsPageTest.testFillNewApplication(SubmittedApplicationsPageTest.java:152)
	at java.base/jdk.internal.reflect.DirectMethodHandleAccessor.invoke(DirectMethodHandleAccessor.java:103)
	at java.base/java.lang.reflect.Method.invoke(Method.java:580)
	at org.junit.platform.commons.util.ReflectionUtils.invokeMethod(ReflectionUtils.java:728)
	at org.junit.jupiter.engine.execution.MethodInvocation.proceed(MethodInvocation.java:60)
	at org.junit.jupiter.engine.execution.InvocationInterceptorChain$ValidatingInvocation.proceed(InvocationInterceptorChain.java:131)
	at org.junit.jupiter.engine.extension.TimeoutExtension.intercept(TimeoutExtension.java:156)
	at org.junit.jupiter.engine.extension.TimeoutExtension.interceptTestableMethod(TimeoutExtension.java:147)
	at org.junit.jupiter.engine.extension.TimeoutExtension.interceptTestMethod(TimeoutExtension.java:86)
	at org.junit.jupiter.engine.execution.InterceptingExecutableInvoker$ReflectiveInterceptorCall.lambda$ofVoidMethod$0(InterceptingExecutableInvoker.java:103)
	at org.junit.jupiter.engine.execution.InterceptingExecutableInvoker.lambda$invoke$0(InterceptingExecutableInvoker.java:93)
	at org.junit.jupiter.engine.execution.InvocationInterceptorChain$InterceptedInvocation.proceed(InvocationInterceptorChain.java:106)
	at org.junit.jupiter.engine.execution.InvocationInterceptorChain.proceed(InvocationInterceptorChain.java:64)
	at org.junit.jupiter.engine.execution.InvocationInterceptorChain.chainAndInvoke(InvocationInterceptorChain.java:45)
	at org.junit.jupiter.engine.execution.InvocationInterceptorChain.invoke(InvocationInterceptorChain.java:37)
	at org.junit.jupiter.engine.execution.InterceptingExecutableInvoker.invoke(InterceptingExecutableInvoker.java:92)
	at org.junit.jupiter.engine.execution.InterceptingExecutableInvoker.invoke(InterceptingExecutableInvoker.java:86)
	at org.junit.jupiter.engine.descriptor.TestMethodTestDescriptor.lambda$invokeTestMethod$7(TestMethodTestDescriptor.java:218)
	at org.junit.platform.engine.support.hierarchical.ThrowableCollector.execute(ThrowableCollector.java:73)
	at org.junit.jupiter.engine.descriptor.TestMethodTestDescriptor.invokeTestMethod(TestMethodTestDescriptor.java:214)
	at org.junit.jupiter.engine.descriptor.TestMethodTestDescriptor.execute(TestMethodTestDescriptor.java:139)
	at org.junit.jupiter.engine.descriptor.TestMethodTestDescriptor.execute(TestMethodTestDescriptor.java:69)
	at org.junit.platform.engine.support.hierarchical.NodeTestTask.lambda$executeRecursively$6(NodeTestTask.java:151)
	at org.junit.platform.engine.support.hierarchical.ThrowableCollector.execute(ThrowableCollector.java:73)
	at org.junit.platform.engine.support.hierarchical.NodeTestTask.lambda$executeRecursively$8(NodeTestTask.java:141)
	at org.junit.platform.engine.support.hierarchical.Node.around(Node.java:137)
	at org.junit.platform.engine.support.hierarchical.NodeTestTask.lambda$executeRecursively$9(NodeTestTask.java:139)
	at org.junit.platform.engine.support.hierarchical.ThrowableCollector.execute(ThrowableCollector.java:73)
	at org.junit.platform.engine.support.hierarchical.NodeTestTask.executeRecursively(NodeTestTask.java:138)
	at org.junit.platform.engine.support.hierarchical.NodeTestTask.execute(NodeTestTask.java:95)
	at java.base/java.util.ArrayList.forEach(ArrayList.java:1596)
	at org.junit.platform.engine.support.hierarchical.SameThreadHierarchicalTestExecutorService.invokeAll(SameThreadHierarchicalTestExecutorService.java:41)
	at org.junit.platform.engine.support.hierarchical.NodeTestTask.lambda$executeRecursively$6(NodeTestTask.java:155)
	at org.junit.platform.engine.support.hierarchical.ThrowableCollector.execute(ThrowableCollector.java:73)
	at org.junit.platform.engine.support.hierarchical.NodeTestTask.lambda$executeRecursively$8(NodeTestTask.java:141)
	at org.junit.platform.engine.support.hierarchical.Node.around(Node.java:137)
	at org.junit.platform.engine.support.hierarchical.NodeTestTask.lambda$executeRecursively$9(NodeTestTask.java:139)
	at org.junit.platform.engine.support.hierarchical.ThrowableCollector.execute(ThrowableCollector.java:73)
	at org.junit.platform.engine.support.hierarchical.NodeTestTask.executeRecursively(NodeTestTask.java:138)
	at org.junit.platform.engine.support.hierarchical.NodeTestTask.execute(NodeTestTask.java:95)
	at java.base/java.util.ArrayList.forEach(ArrayList.java:1596)
	at org.junit.platform.engine.support.hierarchical.SameThreadHierarchicalTestExecutorService.invokeAll(SameThreadHierarchicalTestExecutorService.java:41)
	at org.junit.platform.engine.support.hierarchical.NodeTestTask.lambda$executeRecursively$6(NodeTestTask.java:155)
	at org.junit.platform.engine.support.hierarchical.ThrowableCollector.execute(ThrowableCollector.java:73)
	at org.junit.platform.engine.support.hierarchical.NodeTestTask.lambda$executeRecursively$8(NodeTestTask.java:141)
	at org.junit.platform.engine.support.hierarchical.Node.around(Node.java:137)
	at org.junit.platform.engine.support.hierarchical.NodeTestTask.lambda$executeRecursively$9(NodeTestTask.java:139)
	at org.junit.platform.engine.support.hierarchical.ThrowableCollector.execute(ThrowableCollector.java:73)
	at org.junit.platform.engine.support.hierarchical.NodeTestTask.executeRecursively(NodeTestTask.java:138)
	at org.junit.platform.engine.support.hierarchical.NodeTestTask.execute(NodeTestTask.java:95)
	at org.junit.platform.engine.support.hierarchical.SameThreadHierarchicalTestExecutorService.submit(SameThreadHierarchicalTestExecutorService.java:35)
	at org.junit.platform.engine.support.hierarchical.HierarchicalTestExecutor.execute(HierarchicalTestExecutor.java:57)
	at org.junit.platform.engine.support.hierarchical.HierarchicalTestEngine.execute(HierarchicalTestEngine.java:54)
	at org.junit.platform.launcher.core.EngineExecutionOrchestrator.execute(EngineExecutionOrchestrator.java:198)
	at org.junit.platform.launcher.core.EngineExecutionOrchestrator.execute(EngineExecutionOrchestrator.java:169)
	at org.junit.platform.launcher.core.EngineExecutionOrchestrator.execute(EngineExecutionOrchestrator.java:93)
	at org.junit.platform.launcher.core.EngineExecutionOrchestrator.lambda$execute$0(EngineExecutionOrchestrator.java:58)
	at org.junit.platform.launcher.core.EngineExecutionOrchestrator.withInterceptedStreams(EngineExecutionOrchestrator.java:141)
	at org.junit.platform.launcher.core.EngineExecutionOrchestrator.execute(EngineExecutionOrchestrator.java:57)
	at org.junit.platform.launcher.core.DefaultLauncher.execute(DefaultLauncher.java:103)
	at org.junit.platform.launcher.core.DefaultLauncher.execute(DefaultLauncher.java:85)
	at org.junit.platform.launcher.core.DelegatingLauncher.execute(DelegatingLauncher.java:47)
	at org.junit.platform.launcher.core.SessionPerRequestLauncher.execute(SessionPerRequestLauncher.java:63)
	at com.intellij.junit5.JUnit5IdeaTestRunner.startRunnerWithArgs(JUnit5IdeaTestRunner.java:57)
	at com.intellij.rt.junit.IdeaTestRunner$Repeater$1.execute(IdeaTestRunner.java:38)
	at com.intellij.rt.execution.junit.TestsRepeater.repeat(TestsRepeater.java:11)
	at com.intellij.rt.junit.IdeaTestRunner$Repeater.startRunnerWithArgs(IdeaTestRunner.java:35)
	at com.intellij.rt.junit.JUnitStarter.prepareStreamsAndStart(JUnitStarter.java:232)
	at com.intellij.rt.junit.JUnitStarter.main(JUnitStarter.java:55)
Caused by: java.io.UncheckedIOException: java.io.IOException: HTTP/1.1 header parser received no bytes
	at org.openqa.selenium.remote.http.jdk.JdkHttpClient.execute0(JdkHttpClient.java:496)
	at org.openqa.selenium.remote.http.AddSeleniumUserAgent.lambda$apply$0(AddSeleniumUserAgent.java:42)
	at org.openqa.selenium.remote.http.Filter.lambda$andFinally$1(Filter.java:55)
	at org.openqa.selenium.remote.http.jdk.JdkHttpClient.lambda$executeAsync$1(JdkHttpClient.java:383)
	at java.base/java.util.concurrent.Executors$RunnableAdapter.call(Executors.java:572)
	at java.base/java.util.concurrent.FutureTask.run(FutureTask.java:317)
	at java.base/java.util.concurrent.ThreadPoolExecutor.runWorker(ThreadPoolExecutor.java:1144)
	at java.base/java.util.concurrent.ThreadPoolExecutor$Worker.run(ThreadPoolExecutor.java:642)
	at java.base/java.lang.Thread.run(Thread.java:1583)
Caused by: java.io.IOException: HTTP/1.1 header parser received no bytes
	at java.net.http/jdk.internal.net.http.HttpClientImpl.send(HttpClientImpl.java:964)
	at java.net.http/jdk.internal.net.http.HttpClientFacade.send(HttpClientFacade.java:133)
	at org.openqa.selenium.remote.http.jdk.JdkHttpClient.execute0(JdkHttpClient.java:455)
	... 8 common frames omitted
Caused by: java.io.IOException: HTTP/1.1 header parser received no bytes
	at java.net.http/jdk.internal.net.http.common.Utils.wrapWithExtraDetail(Utils.java:388)
	at java.net.http/jdk.internal.net.http.Http1Response$HeadersReader.onReadError(Http1Response.java:590)
	at java.net.http/jdk.internal.net.http.Http1AsyncReceiver.checkForErrors(Http1AsyncReceiver.java:302)
	at java.net.http/jdk.internal.net.http.Http1AsyncReceiver.flush(Http1AsyncReceiver.java:268)
	at java.net.http/jdk.internal.net.http.common.SequentialScheduler$LockingRestartableTask.run(SequentialScheduler.java:182)
	at java.net.http/jdk.internal.net.http.common.SequentialScheduler$CompleteRestartableTask.run(SequentialScheduler.java:149)
	at java.net.http/jdk.internal.net.http.common.SequentialScheduler$SchedulableTask.run(SequentialScheduler.java:207)
	... 3 common frames omitted
Caused by: java.net.SocketException: Connection reset
	at java.base/sun.nio.ch.SocketChannelImpl.throwConnectionReset(SocketChannelImpl.java:401)
	at java.base/sun.nio.ch.SocketChannelImpl.read(SocketChannelImpl.java:434)
	at java.net.http/jdk.internal.net.http.SocketTube.readAvailable(SocketTube.java:1178)
	at java.net.http/jdk.internal.net.http.SocketTube$InternalReadPublisher$InternalReadSubscription.read(SocketTube.java:841)
	at java.net.http/jdk.internal.net.http.SocketTube$SocketFlowTask.run(SocketTube.java:181)
	at java.net.http/jdk.internal.net.http.common.SequentialScheduler$SchedulableTask.run(SequentialScheduler.java:207)
	at java.net.http/jdk.internal.net.http.common.SequentialScheduler.runOrSchedule(SequentialScheduler.java:280)
	at java.net.http/jdk.internal.net.http.common.SequentialScheduler.runOrSchedule(SequentialScheduler.java:233)
	at java.net.http/jdk.internal.net.http.SocketTube$InternalReadPublisher$InternalReadSubscription.signalReadable(SocketTube.java:782)
	at java.net.http/jdk.internal.net.http.SocketTube$InternalReadPublisher$ReadEvent.signalEvent(SocketTube.java:965)
	at java.net.http/jdk.internal.net.http.SocketTube$SocketFlowEvent.handle(SocketTube.java:253)
	at java.net.http/jdk.internal.net.http.HttpClientImpl$SelectorManager.handleEvent(HttpClientImpl.java:1467)
	at java.net.http/jdk.internal.net.http.HttpClientImpl$SelectorManager.lambda$run$3(HttpClientImpl.java:1412)
	at java.base/java.util.ArrayList.forEach(ArrayList.java:1596)
	at java.net.http/jdk.internal.net.http.HttpClientImpl$SelectorManager.run(HttpClientImpl.java:1412)
2025-01-13 14:37:05 [main] INFO  lt.insoft.uztis.tests.UztisPageTest - Navigated to https://uztisdev.asseco.lt/home
2025-01-13 14:37:05 [main] INFO  l.i.u.t.SubmittedApplicationsPageTest - Starting test:'testFillNewApplication'
2025-01-13 14:37:06 [main] DEBUG l.i.u.t.SubmittedApplicationsPageTest - User logged in with test credentials
2025-01-13 14:37:06 [main] DEBUG l.i.u.t.SubmittedApplicationsPageTest - Opened 'Application Processing' menu.
2025-01-13 14:37:06 [main] DEBUG l.i.u.t.SubmittedApplicationsPageTest - Clicked on 'Application Forms' menu.
2025-01-13 14:37:06 [main] DEBUG l.i.u.t.SubmittedApplicationsPageTest - Retrieved last description code text: 'TST-VUI-81'.
2025-01-13 14:37:07 [main] DEBUG l.i.u.t.SubmittedApplicationsPageTest - Clicked on 'Invitation' menu.
2025-01-13 14:37:07 [main] DEBUG l.i.u.t.SubmittedApplicationsPageTest - Selected application section by code: 'TST-VUI-81'.
2025-01-13 14:37:07 [main] DEBUG l.i.u.t.SubmittedApplicationsPageTest - Clicked 'Search' button.
2025-01-13 14:37:07 [main] DEBUG l.i.u.t.SubmittedApplicationsPageTest - Retrieved invitation code: ''.
2025-01-13 14:37:07 [main] DEBUG l.i.u.t.SubmittedApplicationsPageTest - Clicked on 'Submitted Applications' menu.
2025-01-13 14:37:08 [main] DEBUG l.i.u.t.SubmittedApplicationsPageTest - Selected invitation by code: 'TST-VUI-81'.
2025-01-13 14:37:08 [main] DEBUG l.i.u.t.SubmittedApplicationsPageTest - Clicked on 'Action Application' button.
2025-01-13 14:37:08 [main] DEBUG l.i.u.t.SubmittedApplicationsPageTest - Clicked on 'New Application' button.
2025-01-13 14:37:09 [main] DEBUG l.i.u.t.SubmittedApplicationsPageTest - Clicked on 'RadioButtonFA' button.
2025-01-13 14:37:09 [main] DEBUG l.i.u.t.SubmittedApplicationsPageTest - Entered phone number into the input field.
2025-01-13 14:37:19 [main] ERROR l.i.u.t.SubmittedApplicationsPageTest - Test 'testFillNewApplication' failed with error: no such element: Unable to locate element: {"method":"xpath","selector":"//div[@class='mat-mdc-form-field-infix']//mat-select[@role='combobox']"}
  (Session info: chrome=131.0.6778.265)
For documentation on this error, please visit: https://www.selenium.dev/documentation/webdriver/troubleshooting/errors#no-such-element-exception
Build info: version: '4.27.0', revision: 'd6e718d134'
System info: os.name: 'Windows 11', os.arch: 'amd64', os.version: '10.0', java.version: '21.0.3'
Driver info: org.openqa.selenium.chrome.ChromeDriver
Command: [7bd8919f2a72be967c1758ba3ad3ebc3, findElement {value=//div[@class='mat-mdc-form-field-infix']//mat-select[@role='combobox'], using=xpath}]
Capabilities {acceptInsecureCerts: false, browserName: chrome, browserVersion: 131.0.6778.265, chrome: {chromedriverVersion: 131.0.6778.264 (2d05e315153..., userDataDir: C:\Users\INGRID~1.ZAD\AppDa...}, fedcm:accounts: true, goog:chromeOptions: {debuggerAddress: localhost:57528}, networkConnectionEnabled: false, pageLoadStrategy: normal, platformName: windows, proxy: Proxy(), se:cdp: ws://localhost:57528/devtoo..., se:cdpVersion: 131.0.6778.265, setWindowRect: true, strictFileInteractability: false, timeouts: {implicit: 0, pageLoad: 300000, script: 30000}, unhandledPromptBehavior: dismiss and notify, webauthn:extension:credBlob: true, webauthn:extension:largeBlob: true, webauthn:extension:minPinLength: true, webauthn:extension:prf: true, webauthn:virtualAuthenticators: true}
Session ID: 7bd8919f2a72be967c1758ba3ad3ebc3
org.openqa.selenium.NoSuchElementException: no such element: Unable to locate element: {"method":"xpath","selector":"//div[@class='mat-mdc-form-field-infix']//mat-select[@role='combobox']"}
  (Session info: chrome=131.0.6778.265)
For documentation on this error, please visit: https://www.selenium.dev/documentation/webdriver/troubleshooting/errors#no-such-element-exception
Build info: version: '4.27.0', revision: 'd6e718d134'
System info: os.name: 'Windows 11', os.arch: 'amd64', os.version: '10.0', java.version: '21.0.3'
Driver info: org.openqa.selenium.chrome.ChromeDriver
Command: [7bd8919f2a72be967c1758ba3ad3ebc3, findElement {value=//div[@class='mat-mdc-form-field-infix']//mat-select[@role='combobox'], using=xpath}]
Capabilities {acceptInsecureCerts: false, browserName: chrome, browserVersion: 131.0.6778.265, chrome: {chromedriverVersion: 131.0.6778.264 (2d05e315153..., userDataDir: C:\Users\INGRID~1.ZAD\AppDa...}, fedcm:accounts: true, goog:chromeOptions: {debuggerAddress: localhost:57528}, networkConnectionEnabled: false, pageLoadStrategy: normal, platformName: windows, proxy: Proxy(), se:cdp: ws://localhost:57528/devtoo..., se:cdpVersion: 131.0.6778.265, setWindowRect: true, strictFileInteractability: false, timeouts: {implicit: 0, pageLoad: 300000, script: 30000}, unhandledPromptBehavior: dismiss and notify, webauthn:extension:credBlob: true, webauthn:extension:largeBlob: true, webauthn:extension:minPinLength: true, webauthn:extension:prf: true, webauthn:virtualAuthenticators: true}
Session ID: 7bd8919f2a72be967c1758ba3ad3ebc3
	at java.base/jdk.internal.reflect.DirectConstructorHandleAccessor.newInstance(DirectConstructorHandleAccessor.java:62)
	at java.base/java.lang.reflect.Constructor.newInstanceWithCaller(Constructor.java:502)
	at java.base/java.lang.reflect.Constructor.newInstance(Constructor.java:486)
	at org.openqa.selenium.remote.ErrorCodec.decode(ErrorCodec.java:167)
	at org.openqa.selenium.remote.codec.w3c.W3CHttpResponseCodec.decode(W3CHttpResponseCodec.java:138)
	at org.openqa.selenium.remote.codec.w3c.W3CHttpResponseCodec.decode(W3CHttpResponseCodec.java:50)
	at org.openqa.selenium.remote.HttpCommandExecutor.execute(HttpCommandExecutor.java:190)
	at org.openqa.selenium.remote.service.DriverCommandExecutor.invokeExecute(DriverCommandExecutor.java:216)
	at org.openqa.selenium.remote.service.DriverCommandExecutor.execute(DriverCommandExecutor.java:174)
	at org.openqa.selenium.remote.RemoteWebDriver.execute(RemoteWebDriver.java:545)
	at org.openqa.selenium.remote.ElementLocation$ElementFinder$2.findElement(ElementLocation.java:165)
	at org.openqa.selenium.remote.ElementLocation.findElement(ElementLocation.java:59)
	at org.openqa.selenium.remote.RemoteWebDriver.findElement(RemoteWebDriver.java:368)
	at org.openqa.selenium.remote.RemoteWebDriver.findElement(RemoteWebDriver.java:362)
	at org.openqa.selenium.support.pagefactory.DefaultElementLocator.findElement(DefaultElementLocator.java:68)
	at org.openqa.selenium.support.pagefactory.internal.LocatingElementHandler.invoke(LocatingElementHandler.java:38)
	at jdk.proxy2/jdk.proxy2.$Proxy14.click(Unknown Source)
	at lt.insoft.uztis.pages.SubmittedApplicationsPage.openSelectField(SubmittedApplicationsPage.java:136)
	at lt.insoft.uztis.pages.SubmittedApplicationsPage.selectValueFromDropdown(SubmittedApplicationsPage.java:141)
	at lt.insoft.uztis.tests.SubmittedApplicationsPageTest.testFillNewApplication(SubmittedApplicationsPageTest.java:156)
	at java.base/jdk.internal.reflect.DirectMethodHandleAccessor.invoke(DirectMethodHandleAccessor.java:103)
	at java.base/java.lang.reflect.Method.invoke(Method.java:580)
	at org.junit.platform.commons.util.ReflectionUtils.invokeMethod(ReflectionUtils.java:728)
	at org.junit.jupiter.engine.execution.MethodInvocation.proceed(MethodInvocation.java:60)
	at org.junit.jupiter.engine.execution.InvocationInterceptorChain$ValidatingInvocation.proceed(InvocationInterceptorChain.java:131)
	at org.junit.jupiter.engine.extension.TimeoutExtension.intercept(TimeoutExtension.java:156)
	at org.junit.jupiter.engine.extension.TimeoutExtension.interceptTestableMethod(TimeoutExtension.java:147)
	at org.junit.jupiter.engine.extension.TimeoutExtension.interceptTestMethod(TimeoutExtension.java:86)
	at org.junit.jupiter.engine.execution.InterceptingExecutableInvoker$ReflectiveInterceptorCall.lambda$ofVoidMethod$0(InterceptingExecutableInvoker.java:103)
	at org.junit.jupiter.engine.execution.InterceptingExecutableInvoker.lambda$invoke$0(InterceptingExecutableInvoker.java:93)
	at org.junit.jupiter.engine.execution.InvocationInterceptorChain$InterceptedInvocation.proceed(InvocationInterceptorChain.java:106)
	at org.junit.jupiter.engine.execution.InvocationInterceptorChain.proceed(InvocationInterceptorChain.java:64)
	at org.junit.jupiter.engine.execution.InvocationInterceptorChain.chainAndInvoke(InvocationInterceptorChain.java:45)
	at org.junit.jupiter.engine.execution.InvocationInterceptorChain.invoke(InvocationInterceptorChain.java:37)
	at org.junit.jupiter.engine.execution.InterceptingExecutableInvoker.invoke(InterceptingExecutableInvoker.java:92)
	at org.junit.jupiter.engine.execution.InterceptingExecutableInvoker.invoke(InterceptingExecutableInvoker.java:86)
	at org.junit.jupiter.engine.descriptor.TestMethodTestDescriptor.lambda$invokeTestMethod$7(TestMethodTestDescriptor.java:218)
	at org.junit.platform.engine.support.hierarchical.ThrowableCollector.execute(ThrowableCollector.java:73)
	at org.junit.jupiter.engine.descriptor.TestMethodTestDescriptor.invokeTestMethod(TestMethodTestDescriptor.java:214)
	at org.junit.jupiter.engine.descriptor.TestMethodTestDescriptor.execute(TestMethodTestDescriptor.java:139)
	at org.junit.jupiter.engine.descriptor.TestMethodTestDescriptor.execute(TestMethodTestDescriptor.java:69)
	at org.junit.platform.engine.support.hierarchical.NodeTestTask.lambda$executeRecursively$6(NodeTestTask.java:151)
	at org.junit.platform.engine.support.hierarchical.ThrowableCollector.execute(ThrowableCollector.java:73)
	at org.junit.platform.engine.support.hierarchical.NodeTestTask.lambda$executeRecursively$8(NodeTestTask.java:141)
	at org.junit.platform.engine.support.hierarchical.Node.around(Node.java:137)
	at org.junit.platform.engine.support.hierarchical.NodeTestTask.lambda$executeRecursively$9(NodeTestTask.java:139)
	at org.junit.platform.engine.support.hierarchical.ThrowableCollector.execute(ThrowableCollector.java:73)
	at org.junit.platform.engine.support.hierarchical.NodeTestTask.executeRecursively(NodeTestTask.java:138)
	at org.junit.platform.engine.support.hierarchical.NodeTestTask.execute(NodeTestTask.java:95)
	at java.base/java.util.ArrayList.forEach(ArrayList.java:1596)
	at org.junit.platform.engine.support.hierarchical.SameThreadHierarchicalTestExecutorService.invokeAll(SameThreadHierarchicalTestExecutorService.java:41)
	at org.junit.platform.engine.support.hierarchical.NodeTestTask.lambda$executeRecursively$6(NodeTestTask.java:155)
	at org.junit.platform.engine.support.hierarchical.ThrowableCollector.execute(ThrowableCollector.java:73)
	at org.junit.platform.engine.support.hierarchical.NodeTestTask.lambda$executeRecursively$8(NodeTestTask.java:141)
	at org.junit.platform.engine.support.hierarchical.Node.around(Node.java:137)
	at org.junit.platform.engine.support.hierarchical.NodeTestTask.lambda$executeRecursively$9(NodeTestTask.java:139)
	at org.junit.platform.engine.support.hierarchical.ThrowableCollector.execute(ThrowableCollector.java:73)
	at org.junit.platform.engine.support.hierarchical.NodeTestTask.executeRecursively(NodeTestTask.java:138)
	at org.junit.platform.engine.support.hierarchical.NodeTestTask.execute(NodeTestTask.java:95)
	at java.base/java.util.ArrayList.forEach(ArrayList.java:1596)
	at org.junit.platform.engine.support.hierarchical.SameThreadHierarchicalTestExecutorService.invokeAll(SameThreadHierarchicalTestExecutorService.java:41)
	at org.junit.platform.engine.support.hierarchical.NodeTestTask.lambda$executeRecursively$6(NodeTestTask.java:155)
	at org.junit.platform.engine.support.hierarchical.ThrowableCollector.execute(ThrowableCollector.java:73)
	at org.junit.platform.engine.support.hierarchical.NodeTestTask.lambda$executeRecursively$8(NodeTestTask.java:141)
	at org.junit.platform.engine.support.hierarchical.Node.around(Node.java:137)
	at org.junit.platform.engine.support.hierarchical.NodeTestTask.lambda$executeRecursively$9(NodeTestTask.java:139)
	at org.junit.platform.engine.support.hierarchical.ThrowableCollector.execute(ThrowableCollector.java:73)
	at org.junit.platform.engine.support.hierarchical.NodeTestTask.executeRecursively(NodeTestTask.java:138)
	at org.junit.platform.engine.support.hierarchical.NodeTestTask.execute(NodeTestTask.java:95)
	at org.junit.platform.engine.support.hierarchical.SameThreadHierarchicalTestExecutorService.submit(SameThreadHierarchicalTestExecutorService.java:35)
	at org.junit.platform.engine.support.hierarchical.HierarchicalTestExecutor.execute(HierarchicalTestExecutor.java:57)
	at org.junit.platform.engine.support.hierarchical.HierarchicalTestEngine.execute(HierarchicalTestEngine.java:54)
	at org.junit.platform.launcher.core.EngineExecutionOrchestrator.execute(EngineExecutionOrchestrator.java:198)
	at org.junit.platform.launcher.core.EngineExecutionOrchestrator.execute(EngineExecutionOrchestrator.java:169)
	at org.junit.platform.launcher.core.EngineExecutionOrchestrator.execute(EngineExecutionOrchestrator.java:93)
	at org.junit.platform.launcher.core.EngineExecutionOrchestrator.lambda$execute$0(EngineExecutionOrchestrator.java:58)
	at org.junit.platform.launcher.core.EngineExecutionOrchestrator.withInterceptedStreams(EngineExecutionOrchestrator.java:141)
	at org.junit.platform.launcher.core.EngineExecutionOrchestrator.execute(EngineExecutionOrchestrator.java:57)
	at org.junit.platform.launcher.core.DefaultLauncher.execute(DefaultLauncher.java:103)
	at org.junit.platform.launcher.core.DefaultLauncher.execute(DefaultLauncher.java:85)
	at org.junit.platform.launcher.core.DelegatingLauncher.execute(DelegatingLauncher.java:47)
	at org.junit.platform.launcher.core.SessionPerRequestLauncher.execute(SessionPerRequestLauncher.java:63)
	at com.intellij.junit5.JUnit5IdeaTestRunner.startRunnerWithArgs(JUnit5IdeaTestRunner.java:57)
	at com.intellij.rt.junit.IdeaTestRunner$Repeater$1.execute(IdeaTestRunner.java:38)
	at com.intellij.rt.execution.junit.TestsRepeater.repeat(TestsRepeater.java:11)
	at com.intellij.rt.junit.IdeaTestRunner$Repeater.startRunnerWithArgs(IdeaTestRunner.java:35)
	at com.intellij.rt.junit.JUnitStarter.prepareStreamsAndStart(JUnitStarter.java:232)
	at com.intellij.rt.junit.JUnitStarter.main(JUnitStarter.java:55)
2025-01-13 14:37:19 [main] INFO  l.insoft.uztis.tests.utils.TestUtils - Screenshot moved to C:\Users\ingrida.zadorozniene\Desktop\Asm\UZTIS\UZTIS_tests\test-output\screenshots\20250113\143719435_testFillNewApplication().png
2025-01-13 14:42:12 [main] INFO  lt.insoft.uztis.tests.UztisPageTest - Navigated to https://uztisdev.asseco.lt/home
2025-01-13 14:42:12 [main] INFO  l.i.u.t.SubmittedApplicationsPageTest - Starting test:'testFillNewApplication'
2025-01-13 14:42:13 [main] DEBUG l.i.u.t.SubmittedApplicationsPageTest - User logged in with test credentials
2025-01-13 14:42:13 [main] DEBUG l.i.u.t.SubmittedApplicationsPageTest - Opened 'Application Processing' menu.
2025-01-13 14:42:13 [main] DEBUG l.i.u.t.SubmittedApplicationsPageTest - Clicked on 'Application Forms' menu.
2025-01-13 14:42:14 [main] DEBUG l.i.u.t.SubmittedApplicationsPageTest - Retrieved last description code text: 'TST-VUI-81'.
2025-01-13 14:42:14 [main] DEBUG l.i.u.t.SubmittedApplicationsPageTest - Clicked on 'Invitation' menu.
2025-01-13 14:42:14 [main] DEBUG l.i.u.t.SubmittedApplicationsPageTest - Selected application section by code: 'TST-VUI-81'.
2025-01-13 14:42:14 [main] DEBUG l.i.u.t.SubmittedApplicationsPageTest - Clicked 'Search' button.
2025-01-13 14:42:14 [main] DEBUG l.i.u.t.SubmittedApplicationsPageTest - Retrieved invitation code: ''.
2025-01-13 14:42:15 [main] DEBUG l.i.u.t.SubmittedApplicationsPageTest - Clicked on 'Submitted Applications' menu.
2025-01-13 14:42:15 [main] DEBUG l.i.u.t.SubmittedApplicationsPageTest - Selected invitation by code: 'TST-VUI-81'.
2025-01-13 14:42:15 [main] DEBUG l.i.u.t.SubmittedApplicationsPageTest - Clicked on 'Action Application' button.
2025-01-13 14:42:15 [main] DEBUG l.i.u.t.SubmittedApplicationsPageTest - Clicked on 'New Application' button.
2025-01-13 14:42:16 [main] DEBUG l.i.u.t.SubmittedApplicationsPageTest - Clicked on 'RadioButtonFA' button.
2025-01-13 14:42:16 [main] DEBUG l.i.u.t.SubmittedApplicationsPageTest - Entered phone number into the input field.
2025-01-13 14:42:21 [main] ERROR l.i.u.t.SubmittedApplicationsPageTest - Test 'testFillNewApplication' failed with error: Error communicating with the remote browser. It may have died.
Build info: version: '4.27.0', revision: 'd6e718d134'
System info: os.name: 'Windows 11', os.arch: 'amd64', os.version: '10.0', java.version: '21.0.3'
Driver info: org.openqa.selenium.chrome.ChromeDriver
Command: [3f81d283bc5f89af6f01bfc4995d3b90, findElement [value, using]]
Capabilities {acceptInsecureCerts: false, browserName: chrome, browserVersion: 131.0.6778.265, chrome: {chromedriverVersion: 131.0.6778.264 (2d05e315153..., userDataDir: C:\Users\INGRID~1.ZAD\AppDa...}, fedcm:accounts: true, goog:chromeOptions: {debuggerAddress: localhost:57695}, networkConnectionEnabled: false, pageLoadStrategy: normal, platformName: windows, proxy: Proxy(), se:cdp: ws://localhost:57695/devtoo..., se:cdpVersion: 131.0.6778.265, setWindowRect: true, strictFileInteractability: false, timeouts: {implicit: 0, pageLoad: 300000, script: 30000}, unhandledPromptBehavior: dismiss and notify, webauthn:extension:credBlob: true, webauthn:extension:largeBlob: true, webauthn:extension:minPinLength: true, webauthn:extension:prf: true, webauthn:virtualAuthenticators: true}
Session ID: 3f81d283bc5f89af6f01bfc4995d3b90
org.openqa.selenium.remote.UnreachableBrowserException: Error communicating with the remote browser. It may have died.
Build info: version: '4.27.0', revision: 'd6e718d134'
System info: os.name: 'Windows 11', os.arch: 'amd64', os.version: '10.0', java.version: '21.0.3'
Driver info: org.openqa.selenium.chrome.ChromeDriver
Command: [3f81d283bc5f89af6f01bfc4995d3b90, findElement [value, using]]
Capabilities {acceptInsecureCerts: false, browserName: chrome, browserVersion: 131.0.6778.265, chrome: {chromedriverVersion: 131.0.6778.264 (2d05e315153..., userDataDir: C:\Users\INGRID~1.ZAD\AppDa...}, fedcm:accounts: true, goog:chromeOptions: {debuggerAddress: localhost:57695}, networkConnectionEnabled: false, pageLoadStrategy: normal, platformName: windows, proxy: Proxy(), se:cdp: ws://localhost:57695/devtoo..., se:cdpVersion: 131.0.6778.265, setWindowRect: true, strictFileInteractability: false, timeouts: {implicit: 0, pageLoad: 300000, script: 30000}, unhandledPromptBehavior: dismiss and notify, webauthn:extension:credBlob: true, webauthn:extension:largeBlob: true, webauthn:extension:minPinLength: true, webauthn:extension:prf: true, webauthn:virtualAuthenticators: true}
Session ID: 3f81d283bc5f89af6f01bfc4995d3b90
	at org.openqa.selenium.remote.RemoteWebDriver.execute(RemoteWebDriver.java:572)
	at org.openqa.selenium.remote.ElementLocation$ElementFinder$2.findElement(ElementLocation.java:165)
	at org.openqa.selenium.remote.ElementLocation.findElement(ElementLocation.java:59)
	at org.openqa.selenium.remote.RemoteWebDriver.findElement(RemoteWebDriver.java:368)
	at org.openqa.selenium.remote.RemoteWebDriver.findElement(RemoteWebDriver.java:362)
	at org.openqa.selenium.support.pagefactory.DefaultElementLocator.findElement(DefaultElementLocator.java:68)
	at org.openqa.selenium.support.pagefactory.internal.LocatingElementHandler.invoke(LocatingElementHandler.java:38)
	at jdk.proxy2/jdk.proxy2.$Proxy14.clear(Unknown Source)
	at lt.insoft.uztis.pages.SubmittedApplicationsPage.enterEmailAddress(SubmittedApplicationsPage.java:131)
	at lt.insoft.uztis.tests.SubmittedApplicationsPageTest.testFillNewApplication(SubmittedApplicationsPageTest.java:152)
	at java.base/jdk.internal.reflect.DirectMethodHandleAccessor.invoke(DirectMethodHandleAccessor.java:103)
	at java.base/java.lang.reflect.Method.invoke(Method.java:580)
	at org.junit.platform.commons.util.ReflectionUtils.invokeMethod(ReflectionUtils.java:728)
	at org.junit.jupiter.engine.execution.MethodInvocation.proceed(MethodInvocation.java:60)
	at org.junit.jupiter.engine.execution.InvocationInterceptorChain$ValidatingInvocation.proceed(InvocationInterceptorChain.java:131)
	at org.junit.jupiter.engine.extension.TimeoutExtension.intercept(TimeoutExtension.java:156)
	at org.junit.jupiter.engine.extension.TimeoutExtension.interceptTestableMethod(TimeoutExtension.java:147)
	at org.junit.jupiter.engine.extension.TimeoutExtension.interceptTestMethod(TimeoutExtension.java:86)
	at org.junit.jupiter.engine.execution.InterceptingExecutableInvoker$ReflectiveInterceptorCall.lambda$ofVoidMethod$0(InterceptingExecutableInvoker.java:103)
	at org.junit.jupiter.engine.execution.InterceptingExecutableInvoker.lambda$invoke$0(InterceptingExecutableInvoker.java:93)
	at org.junit.jupiter.engine.execution.InvocationInterceptorChain$InterceptedInvocation.proceed(InvocationInterceptorChain.java:106)
	at org.junit.jupiter.engine.execution.InvocationInterceptorChain.proceed(InvocationInterceptorChain.java:64)
	at org.junit.jupiter.engine.execution.InvocationInterceptorChain.chainAndInvoke(InvocationInterceptorChain.java:45)
	at org.junit.jupiter.engine.execution.InvocationInterceptorChain.invoke(InvocationInterceptorChain.java:37)
	at org.junit.jupiter.engine.execution.InterceptingExecutableInvoker.invoke(InterceptingExecutableInvoker.java:92)
	at org.junit.jupiter.engine.execution.InterceptingExecutableInvoker.invoke(InterceptingExecutableInvoker.java:86)
	at org.junit.jupiter.engine.descriptor.TestMethodTestDescriptor.lambda$invokeTestMethod$7(TestMethodTestDescriptor.java:218)
	at org.junit.platform.engine.support.hierarchical.ThrowableCollector.execute(ThrowableCollector.java:73)
	at org.junit.jupiter.engine.descriptor.TestMethodTestDescriptor.invokeTestMethod(TestMethodTestDescriptor.java:214)
	at org.junit.jupiter.engine.descriptor.TestMethodTestDescriptor.execute(TestMethodTestDescriptor.java:139)
	at org.junit.jupiter.engine.descriptor.TestMethodTestDescriptor.execute(TestMethodTestDescriptor.java:69)
	at org.junit.platform.engine.support.hierarchical.NodeTestTask.lambda$executeRecursively$6(NodeTestTask.java:151)
	at org.junit.platform.engine.support.hierarchical.ThrowableCollector.execute(ThrowableCollector.java:73)
	at org.junit.platform.engine.support.hierarchical.NodeTestTask.lambda$executeRecursively$8(NodeTestTask.java:141)
	at org.junit.platform.engine.support.hierarchical.Node.around(Node.java:137)
	at org.junit.platform.engine.support.hierarchical.NodeTestTask.lambda$executeRecursively$9(NodeTestTask.java:139)
	at org.junit.platform.engine.support.hierarchical.ThrowableCollector.execute(ThrowableCollector.java:73)
	at org.junit.platform.engine.support.hierarchical.NodeTestTask.executeRecursively(NodeTestTask.java:138)
	at org.junit.platform.engine.support.hierarchical.NodeTestTask.execute(NodeTestTask.java:95)
	at java.base/java.util.ArrayList.forEach(ArrayList.java:1596)
	at org.junit.platform.engine.support.hierarchical.SameThreadHierarchicalTestExecutorService.invokeAll(SameThreadHierarchicalTestExecutorService.java:41)
	at org.junit.platform.engine.support.hierarchical.NodeTestTask.lambda$executeRecursively$6(NodeTestTask.java:155)
	at org.junit.platform.engine.support.hierarchical.ThrowableCollector.execute(ThrowableCollector.java:73)
	at org.junit.platform.engine.support.hierarchical.NodeTestTask.lambda$executeRecursively$8(NodeTestTask.java:141)
	at org.junit.platform.engine.support.hierarchical.Node.around(Node.java:137)
	at org.junit.platform.engine.support.hierarchical.NodeTestTask.lambda$executeRecursively$9(NodeTestTask.java:139)
	at org.junit.platform.engine.support.hierarchical.ThrowableCollector.execute(ThrowableCollector.java:73)
	at org.junit.platform.engine.support.hierarchical.NodeTestTask.executeRecursively(NodeTestTask.java:138)
	at org.junit.platform.engine.support.hierarchical.NodeTestTask.execute(NodeTestTask.java:95)
	at java.base/java.util.ArrayList.forEach(ArrayList.java:1596)
	at org.junit.platform.engine.support.hierarchical.SameThreadHierarchicalTestExecutorService.invokeAll(SameThreadHierarchicalTestExecutorService.java:41)
	at org.junit.platform.engine.support.hierarchical.NodeTestTask.lambda$executeRecursively$6(NodeTestTask.java:155)
	at org.junit.platform.engine.support.hierarchical.ThrowableCollector.execute(ThrowableCollector.java:73)
	at org.junit.platform.engine.support.hierarchical.NodeTestTask.lambda$executeRecursively$8(NodeTestTask.java:141)
	at org.junit.platform.engine.support.hierarchical.Node.around(Node.java:137)
	at org.junit.platform.engine.support.hierarchical.NodeTestTask.lambda$executeRecursively$9(NodeTestTask.java:139)
	at org.junit.platform.engine.support.hierarchical.ThrowableCollector.execute(ThrowableCollector.java:73)
	at org.junit.platform.engine.support.hierarchical.NodeTestTask.executeRecursively(NodeTestTask.java:138)
	at org.junit.platform.engine.support.hierarchical.NodeTestTask.execute(NodeTestTask.java:95)
	at org.junit.platform.engine.support.hierarchical.SameThreadHierarchicalTestExecutorService.submit(SameThreadHierarchicalTestExecutorService.java:35)
	at org.junit.platform.engine.support.hierarchical.HierarchicalTestExecutor.execute(HierarchicalTestExecutor.java:57)
	at org.junit.platform.engine.support.hierarchical.HierarchicalTestEngine.execute(HierarchicalTestEngine.java:54)
	at org.junit.platform.launcher.core.EngineExecutionOrchestrator.execute(EngineExecutionOrchestrator.java:198)
	at org.junit.platform.launcher.core.EngineExecutionOrchestrator.execute(EngineExecutionOrchestrator.java:169)
	at org.junit.platform.launcher.core.EngineExecutionOrchestrator.execute(EngineExecutionOrchestrator.java:93)
	at org.junit.platform.launcher.core.EngineExecutionOrchestrator.lambda$execute$0(EngineExecutionOrchestrator.java:58)
	at org.junit.platform.launcher.core.EngineExecutionOrchestrator.withInterceptedStreams(EngineExecutionOrchestrator.java:141)
	at org.junit.platform.launcher.core.EngineExecutionOrchestrator.execute(EngineExecutionOrchestrator.java:57)
	at org.junit.platform.launcher.core.DefaultLauncher.execute(DefaultLauncher.java:103)
	at org.junit.platform.launcher.core.DefaultLauncher.execute(DefaultLauncher.java:85)
	at org.junit.platform.launcher.core.DelegatingLauncher.execute(DelegatingLauncher.java:47)
	at org.junit.platform.launcher.core.SessionPerRequestLauncher.execute(SessionPerRequestLauncher.java:63)
	at com.intellij.junit5.JUnit5IdeaTestRunner.startRunnerWithArgs(JUnit5IdeaTestRunner.java:57)
	at com.intellij.rt.junit.IdeaTestRunner$Repeater$1.execute(IdeaTestRunner.java:38)
	at com.intellij.rt.execution.junit.TestsRepeater.repeat(TestsRepeater.java:11)
	at com.intellij.rt.junit.IdeaTestRunner$Repeater.startRunnerWithArgs(IdeaTestRunner.java:35)
	at com.intellij.rt.junit.JUnitStarter.prepareStreamsAndStart(JUnitStarter.java:232)
	at com.intellij.rt.junit.JUnitStarter.main(JUnitStarter.java:55)
Caused by: java.io.UncheckedIOException: java.io.IOException: HTTP/1.1 header parser received no bytes
	at org.openqa.selenium.remote.http.jdk.JdkHttpClient.execute0(JdkHttpClient.java:496)
	at org.openqa.selenium.remote.http.AddSeleniumUserAgent.lambda$apply$0(AddSeleniumUserAgent.java:42)
	at org.openqa.selenium.remote.http.Filter.lambda$andFinally$1(Filter.java:55)
	at org.openqa.selenium.remote.http.jdk.JdkHttpClient.lambda$executeAsync$1(JdkHttpClient.java:383)
	at java.base/java.util.concurrent.Executors$RunnableAdapter.call(Executors.java:572)
	at java.base/java.util.concurrent.FutureTask.run(FutureTask.java:317)
	at java.base/java.util.concurrent.ThreadPoolExecutor.runWorker(ThreadPoolExecutor.java:1144)
	at java.base/java.util.concurrent.ThreadPoolExecutor$Worker.run(ThreadPoolExecutor.java:642)
	at java.base/java.lang.Thread.run(Thread.java:1583)
Caused by: java.io.IOException: HTTP/1.1 header parser received no bytes
	at java.net.http/jdk.internal.net.http.HttpClientImpl.send(HttpClientImpl.java:964)
	at java.net.http/jdk.internal.net.http.HttpClientFacade.send(HttpClientFacade.java:133)
	at org.openqa.selenium.remote.http.jdk.JdkHttpClient.execute0(JdkHttpClient.java:455)
	... 8 common frames omitted
Caused by: java.io.IOException: HTTP/1.1 header parser received no bytes
	at java.net.http/jdk.internal.net.http.common.Utils.wrapWithExtraDetail(Utils.java:388)
	at java.net.http/jdk.internal.net.http.Http1Response$HeadersReader.onReadError(Http1Response.java:590)
	at java.net.http/jdk.internal.net.http.Http1AsyncReceiver.checkForErrors(Http1AsyncReceiver.java:302)
	at java.net.http/jdk.internal.net.http.Http1AsyncReceiver.flush(Http1AsyncReceiver.java:268)
	at java.net.http/jdk.internal.net.http.common.SequentialScheduler$LockingRestartableTask.run(SequentialScheduler.java:182)
	at java.net.http/jdk.internal.net.http.common.SequentialScheduler$CompleteRestartableTask.run(SequentialScheduler.java:149)
	at java.net.http/jdk.internal.net.http.common.SequentialScheduler$SchedulableTask.run(SequentialScheduler.java:207)
	... 3 common frames omitted
Caused by: java.net.SocketException: Connection reset
	at java.base/sun.nio.ch.SocketChannelImpl.throwConnectionReset(SocketChannelImpl.java:401)
	at java.base/sun.nio.ch.SocketChannelImpl.read(SocketChannelImpl.java:434)
	at java.net.http/jdk.internal.net.http.SocketTube.readAvailable(SocketTube.java:1178)
	at java.net.http/jdk.internal.net.http.SocketTube$InternalReadPublisher$InternalReadSubscription.read(SocketTube.java:841)
	at java.net.http/jdk.internal.net.http.SocketTube$SocketFlowTask.run(SocketTube.java:181)
	at java.net.http/jdk.internal.net.http.common.SequentialScheduler$SchedulableTask.run(SequentialScheduler.java:207)
	at java.net.http/jdk.internal.net.http.common.SequentialScheduler.runOrSchedule(SequentialScheduler.java:280)
	at java.net.http/jdk.internal.net.http.common.SequentialScheduler.runOrSchedule(SequentialScheduler.java:233)
	at java.net.http/jdk.internal.net.http.SocketTube$InternalReadPublisher$InternalReadSubscription.signalReadable(SocketTube.java:782)
	at java.net.http/jdk.internal.net.http.SocketTube$InternalReadPublisher$ReadEvent.signalEvent(SocketTube.java:965)
	at java.net.http/jdk.internal.net.http.SocketTube$SocketFlowEvent.handle(SocketTube.java:253)
	at java.net.http/jdk.internal.net.http.HttpClientImpl$SelectorManager.handleEvent(HttpClientImpl.java:1467)
	at java.net.http/jdk.internal.net.http.HttpClientImpl$SelectorManager.lambda$run$3(HttpClientImpl.java:1412)
	at java.base/java.util.ArrayList.forEach(ArrayList.java:1596)
	at java.net.http/jdk.internal.net.http.HttpClientImpl$SelectorManager.run(HttpClientImpl.java:1412)
2025-01-13 14:51:46 [main] INFO  lt.insoft.uztis.tests.UztisPageTest - Navigated to https://uztisdev.asseco.lt/home
2025-01-13 14:51:46 [main] INFO  l.i.u.t.SubmittedApplicationsPageTest - Starting test:'testFillNewApplication'
2025-01-13 14:51:47 [main] DEBUG l.i.u.t.SubmittedApplicationsPageTest - User logged in with test credentials
2025-01-13 14:51:48 [main] DEBUG l.i.u.t.SubmittedApplicationsPageTest - Opened 'Application Processing' menu.
2025-01-13 14:51:48 [main] DEBUG l.i.u.t.SubmittedApplicationsPageTest - Clicked on 'Application Forms' menu.
2025-01-13 14:51:48 [main] DEBUG l.i.u.t.SubmittedApplicationsPageTest - Retrieved last description code text: 'TST-VUI-81'.
2025-01-13 14:51:48 [main] DEBUG l.i.u.t.SubmittedApplicationsPageTest - Clicked on 'Invitation' menu.
2025-01-13 14:51:49 [main] DEBUG l.i.u.t.SubmittedApplicationsPageTest - Selected application section by code: 'TST-VUI-81'.
2025-01-13 14:51:49 [main] DEBUG l.i.u.t.SubmittedApplicationsPageTest - Clicked 'Search' button.
2025-01-13 14:51:49 [main] DEBUG l.i.u.t.SubmittedApplicationsPageTest - Retrieved invitation code: ''.
2025-01-13 14:51:49 [main] DEBUG l.i.u.t.SubmittedApplicationsPageTest - Clicked on 'Submitted Applications' menu.
2025-01-13 14:51:49 [main] DEBUG l.i.u.t.SubmittedApplicationsPageTest - Selected invitation by code: 'TST-VUI-81'.
2025-01-13 14:51:49 [main] DEBUG l.i.u.t.SubmittedApplicationsPageTest - Clicked on 'Action Application' button.
2025-01-13 14:51:50 [main] DEBUG l.i.u.t.SubmittedApplicationsPageTest - Clicked on 'New Application' button.
2025-01-13 14:51:50 [main] DEBUG l.i.u.t.SubmittedApplicationsPageTest - Clicked on 'RadioButtonFA' button.
2025-01-13 14:51:50 [main] DEBUG l.i.u.t.SubmittedApplicationsPageTest - Entered phone number into the input field.
2025-01-13 14:51:55 [main] ERROR l.i.u.t.SubmittedApplicationsPageTest - Test 'testFillNewApplication' failed with error: Error communicating with the remote browser. It may have died.
Build info: version: '4.27.0', revision: 'd6e718d134'
System info: os.name: 'Windows 11', os.arch: 'amd64', os.version: '10.0', java.version: '21.0.3'
Driver info: org.openqa.selenium.chrome.ChromeDriver
Command: [a122d991fe283395bc9bf289cdebb949, findElement [using, value]]
Capabilities {acceptInsecureCerts: false, browserName: chrome, browserVersion: 131.0.6778.265, chrome: {chromedriverVersion: 131.0.6778.264 (2d05e315153..., userDataDir: C:\Users\INGRID~1.ZAD\AppDa...}, fedcm:accounts: true, goog:chromeOptions: {debuggerAddress: localhost:57998}, networkConnectionEnabled: false, pageLoadStrategy: normal, platformName: windows, proxy: Proxy(), se:cdp: ws://localhost:57998/devtoo..., se:cdpVersion: 131.0.6778.265, setWindowRect: true, strictFileInteractability: false, timeouts: {implicit: 0, pageLoad: 300000, script: 30000}, unhandledPromptBehavior: dismiss and notify, webauthn:extension:credBlob: true, webauthn:extension:largeBlob: true, webauthn:extension:minPinLength: true, webauthn:extension:prf: true, webauthn:virtualAuthenticators: true}
Session ID: a122d991fe283395bc9bf289cdebb949
org.openqa.selenium.remote.UnreachableBrowserException: Error communicating with the remote browser. It may have died.
Build info: version: '4.27.0', revision: 'd6e718d134'
System info: os.name: 'Windows 11', os.arch: 'amd64', os.version: '10.0', java.version: '21.0.3'
Driver info: org.openqa.selenium.chrome.ChromeDriver
Command: [a122d991fe283395bc9bf289cdebb949, findElement [using, value]]
Capabilities {acceptInsecureCerts: false, browserName: chrome, browserVersion: 131.0.6778.265, chrome: {chromedriverVersion: 131.0.6778.264 (2d05e315153..., userDataDir: C:\Users\INGRID~1.ZAD\AppDa...}, fedcm:accounts: true, goog:chromeOptions: {debuggerAddress: localhost:57998}, networkConnectionEnabled: false, pageLoadStrategy: normal, platformName: windows, proxy: Proxy(), se:cdp: ws://localhost:57998/devtoo..., se:cdpVersion: 131.0.6778.265, setWindowRect: true, strictFileInteractability: false, timeouts: {implicit: 0, pageLoad: 300000, script: 30000}, unhandledPromptBehavior: dismiss and notify, webauthn:extension:credBlob: true, webauthn:extension:largeBlob: true, webauthn:extension:minPinLength: true, webauthn:extension:prf: true, webauthn:virtualAuthenticators: true}
Session ID: a122d991fe283395bc9bf289cdebb949
	at org.openqa.selenium.remote.RemoteWebDriver.execute(RemoteWebDriver.java:572)
	at org.openqa.selenium.remote.ElementLocation$ElementFinder$2.findElement(ElementLocation.java:165)
	at org.openqa.selenium.remote.ElementLocation.findElement(ElementLocation.java:59)
	at org.openqa.selenium.remote.RemoteWebDriver.findElement(RemoteWebDriver.java:368)
	at org.openqa.selenium.remote.RemoteWebDriver.findElement(RemoteWebDriver.java:362)
	at org.openqa.selenium.support.pagefactory.DefaultElementLocator.findElement(DefaultElementLocator.java:68)
	at org.openqa.selenium.support.pagefactory.internal.LocatingElementHandler.invoke(LocatingElementHandler.java:38)
	at jdk.proxy2/jdk.proxy2.$Proxy14.clear(Unknown Source)
	at lt.insoft.uztis.pages.SubmittedApplicationsPage.enterEmailAddress(SubmittedApplicationsPage.java:136)
	at lt.insoft.uztis.tests.SubmittedApplicationsPageTest.testFillNewApplication(SubmittedApplicationsPageTest.java:152)
	at java.base/jdk.internal.reflect.DirectMethodHandleAccessor.invoke(DirectMethodHandleAccessor.java:103)
	at java.base/java.lang.reflect.Method.invoke(Method.java:580)
	at org.junit.platform.commons.util.ReflectionUtils.invokeMethod(ReflectionUtils.java:728)
	at org.junit.jupiter.engine.execution.MethodInvocation.proceed(MethodInvocation.java:60)
	at org.junit.jupiter.engine.execution.InvocationInterceptorChain$ValidatingInvocation.proceed(InvocationInterceptorChain.java:131)
	at org.junit.jupiter.engine.extension.TimeoutExtension.intercept(TimeoutExtension.java:156)
	at org.junit.jupiter.engine.extension.TimeoutExtension.interceptTestableMethod(TimeoutExtension.java:147)
	at org.junit.jupiter.engine.extension.TimeoutExtension.interceptTestMethod(TimeoutExtension.java:86)
	at org.junit.jupiter.engine.execution.InterceptingExecutableInvoker$ReflectiveInterceptorCall.lambda$ofVoidMethod$0(InterceptingExecutableInvoker.java:103)
	at org.junit.jupiter.engine.execution.InterceptingExecutableInvoker.lambda$invoke$0(InterceptingExecutableInvoker.java:93)
	at org.junit.jupiter.engine.execution.InvocationInterceptorChain$InterceptedInvocation.proceed(InvocationInterceptorChain.java:106)
	at org.junit.jupiter.engine.execution.InvocationInterceptorChain.proceed(InvocationInterceptorChain.java:64)
	at org.junit.jupiter.engine.execution.InvocationInterceptorChain.chainAndInvoke(InvocationInterceptorChain.java:45)
	at org.junit.jupiter.engine.execution.InvocationInterceptorChain.invoke(InvocationInterceptorChain.java:37)
	at org.junit.jupiter.engine.execution.InterceptingExecutableInvoker.invoke(InterceptingExecutableInvoker.java:92)
	at org.junit.jupiter.engine.execution.InterceptingExecutableInvoker.invoke(InterceptingExecutableInvoker.java:86)
	at org.junit.jupiter.engine.descriptor.TestMethodTestDescriptor.lambda$invokeTestMethod$7(TestMethodTestDescriptor.java:218)
	at org.junit.platform.engine.support.hierarchical.ThrowableCollector.execute(ThrowableCollector.java:73)
	at org.junit.jupiter.engine.descriptor.TestMethodTestDescriptor.invokeTestMethod(TestMethodTestDescriptor.java:214)
	at org.junit.jupiter.engine.descriptor.TestMethodTestDescriptor.execute(TestMethodTestDescriptor.java:139)
	at org.junit.jupiter.engine.descriptor.TestMethodTestDescriptor.execute(TestMethodTestDescriptor.java:69)
	at org.junit.platform.engine.support.hierarchical.NodeTestTask.lambda$executeRecursively$6(NodeTestTask.java:151)
	at org.junit.platform.engine.support.hierarchical.ThrowableCollector.execute(ThrowableCollector.java:73)
	at org.junit.platform.engine.support.hierarchical.NodeTestTask.lambda$executeRecursively$8(NodeTestTask.java:141)
	at org.junit.platform.engine.support.hierarchical.Node.around(Node.java:137)
	at org.junit.platform.engine.support.hierarchical.NodeTestTask.lambda$executeRecursively$9(NodeTestTask.java:139)
	at org.junit.platform.engine.support.hierarchical.ThrowableCollector.execute(ThrowableCollector.java:73)
	at org.junit.platform.engine.support.hierarchical.NodeTestTask.executeRecursively(NodeTestTask.java:138)
	at org.junit.platform.engine.support.hierarchical.NodeTestTask.execute(NodeTestTask.java:95)
	at java.base/java.util.ArrayList.forEach(ArrayList.java:1596)
	at org.junit.platform.engine.support.hierarchical.SameThreadHierarchicalTestExecutorService.invokeAll(SameThreadHierarchicalTestExecutorService.java:41)
	at org.junit.platform.engine.support.hierarchical.NodeTestTask.lambda$executeRecursively$6(NodeTestTask.java:155)
	at org.junit.platform.engine.support.hierarchical.ThrowableCollector.execute(ThrowableCollector.java:73)
	at org.junit.platform.engine.support.hierarchical.NodeTestTask.lambda$executeRecursively$8(NodeTestTask.java:141)
	at org.junit.platform.engine.support.hierarchical.Node.around(Node.java:137)
	at org.junit.platform.engine.support.hierarchical.NodeTestTask.lambda$executeRecursively$9(NodeTestTask.java:139)
	at org.junit.platform.engine.support.hierarchical.ThrowableCollector.execute(ThrowableCollector.java:73)
	at org.junit.platform.engine.support.hierarchical.NodeTestTask.executeRecursively(NodeTestTask.java:138)
	at org.junit.platform.engine.support.hierarchical.NodeTestTask.execute(NodeTestTask.java:95)
	at java.base/java.util.ArrayList.forEach(ArrayList.java:1596)
	at org.junit.platform.engine.support.hierarchical.SameThreadHierarchicalTestExecutorService.invokeAll(SameThreadHierarchicalTestExecutorService.java:41)
	at org.junit.platform.engine.support.hierarchical.NodeTestTask.lambda$executeRecursively$6(NodeTestTask.java:155)
	at org.junit.platform.engine.support.hierarchical.ThrowableCollector.execute(ThrowableCollector.java:73)
	at org.junit.platform.engine.support.hierarchical.NodeTestTask.lambda$executeRecursively$8(NodeTestTask.java:141)
	at org.junit.platform.engine.support.hierarchical.Node.around(Node.java:137)
	at org.junit.platform.engine.support.hierarchical.NodeTestTask.lambda$executeRecursively$9(NodeTestTask.java:139)
	at org.junit.platform.engine.support.hierarchical.ThrowableCollector.execute(ThrowableCollector.java:73)
	at org.junit.platform.engine.support.hierarchical.NodeTestTask.executeRecursively(NodeTestTask.java:138)
	at org.junit.platform.engine.support.hierarchical.NodeTestTask.execute(NodeTestTask.java:95)
	at org.junit.platform.engine.support.hierarchical.SameThreadHierarchicalTestExecutorService.submit(SameThreadHierarchicalTestExecutorService.java:35)
	at org.junit.platform.engine.support.hierarchical.HierarchicalTestExecutor.execute(HierarchicalTestExecutor.java:57)
	at org.junit.platform.engine.support.hierarchical.HierarchicalTestEngine.execute(HierarchicalTestEngine.java:54)
	at org.junit.platform.launcher.core.EngineExecutionOrchestrator.execute(EngineExecutionOrchestrator.java:198)
	at org.junit.platform.launcher.core.EngineExecutionOrchestrator.execute(EngineExecutionOrchestrator.java:169)
	at org.junit.platform.launcher.core.EngineExecutionOrchestrator.execute(EngineExecutionOrchestrator.java:93)
	at org.junit.platform.launcher.core.EngineExecutionOrchestrator.lambda$execute$0(EngineExecutionOrchestrator.java:58)
	at org.junit.platform.launcher.core.EngineExecutionOrchestrator.withInterceptedStreams(EngineExecutionOrchestrator.java:141)
	at org.junit.platform.launcher.core.EngineExecutionOrchestrator.execute(EngineExecutionOrchestrator.java:57)
	at org.junit.platform.launcher.core.DefaultLauncher.execute(DefaultLauncher.java:103)
	at org.junit.platform.launcher.core.DefaultLauncher.execute(DefaultLauncher.java:85)
	at org.junit.platform.launcher.core.DelegatingLauncher.execute(DelegatingLauncher.java:47)
	at org.junit.platform.launcher.core.SessionPerRequestLauncher.execute(SessionPerRequestLauncher.java:63)
	at com.intellij.junit5.JUnit5IdeaTestRunner.startRunnerWithArgs(JUnit5IdeaTestRunner.java:57)
	at com.intellij.rt.junit.IdeaTestRunner$Repeater$1.execute(IdeaTestRunner.java:38)
	at com.intellij.rt.execution.junit.TestsRepeater.repeat(TestsRepeater.java:11)
	at com.intellij.rt.junit.IdeaTestRunner$Repeater.startRunnerWithArgs(IdeaTestRunner.java:35)
	at com.intellij.rt.junit.JUnitStarter.prepareStreamsAndStart(JUnitStarter.java:232)
	at com.intellij.rt.junit.JUnitStarter.main(JUnitStarter.java:55)
Caused by: java.io.UncheckedIOException: java.io.IOException: HTTP/1.1 header parser received no bytes
	at org.openqa.selenium.remote.http.jdk.JdkHttpClient.execute0(JdkHttpClient.java:496)
	at org.openqa.selenium.remote.http.AddSeleniumUserAgent.lambda$apply$0(AddSeleniumUserAgent.java:42)
	at org.openqa.selenium.remote.http.Filter.lambda$andFinally$1(Filter.java:55)
	at org.openqa.selenium.remote.http.jdk.JdkHttpClient.lambda$executeAsync$1(JdkHttpClient.java:383)
	at java.base/java.util.concurrent.Executors$RunnableAdapter.call(Executors.java:572)
	at java.base/java.util.concurrent.FutureTask.run(FutureTask.java:317)
	at java.base/java.util.concurrent.ThreadPoolExecutor.runWorker(ThreadPoolExecutor.java:1144)
	at java.base/java.util.concurrent.ThreadPoolExecutor$Worker.run(ThreadPoolExecutor.java:642)
	at java.base/java.lang.Thread.run(Thread.java:1583)
Caused by: java.io.IOException: HTTP/1.1 header parser received no bytes
	at java.net.http/jdk.internal.net.http.HttpClientImpl.send(HttpClientImpl.java:964)
	at java.net.http/jdk.internal.net.http.HttpClientFacade.send(HttpClientFacade.java:133)
	at org.openqa.selenium.remote.http.jdk.JdkHttpClient.execute0(JdkHttpClient.java:455)
	... 8 common frames omitted
Caused by: java.io.IOException: HTTP/1.1 header parser received no bytes
	at java.net.http/jdk.internal.net.http.common.Utils.wrapWithExtraDetail(Utils.java:388)
	at java.net.http/jdk.internal.net.http.Http1Response$HeadersReader.onReadError(Http1Response.java:590)
	at java.net.http/jdk.internal.net.http.Http1AsyncReceiver.checkForErrors(Http1AsyncReceiver.java:302)
	at java.net.http/jdk.internal.net.http.Http1AsyncReceiver.flush(Http1AsyncReceiver.java:268)
	at java.net.http/jdk.internal.net.http.common.SequentialScheduler$LockingRestartableTask.run(SequentialScheduler.java:182)
	at java.net.http/jdk.internal.net.http.common.SequentialScheduler$CompleteRestartableTask.run(SequentialScheduler.java:149)
	at java.net.http/jdk.internal.net.http.common.SequentialScheduler$SchedulableTask.run(SequentialScheduler.java:207)
	... 3 common frames omitted
Caused by: java.net.SocketException: Connection reset
	at java.base/sun.nio.ch.SocketChannelImpl.throwConnectionReset(SocketChannelImpl.java:401)
	at java.base/sun.nio.ch.SocketChannelImpl.read(SocketChannelImpl.java:434)
	at java.net.http/jdk.internal.net.http.SocketTube.readAvailable(SocketTube.java:1178)
	at java.net.http/jdk.internal.net.http.SocketTube$InternalReadPublisher$InternalReadSubscription.read(SocketTube.java:841)
	at java.net.http/jdk.internal.net.http.SocketTube$SocketFlowTask.run(SocketTube.java:181)
	at java.net.http/jdk.internal.net.http.common.SequentialScheduler$SchedulableTask.run(SequentialScheduler.java:207)
	at java.net.http/jdk.internal.net.http.common.SequentialScheduler.runOrSchedule(SequentialScheduler.java:280)
	at java.net.http/jdk.internal.net.http.common.SequentialScheduler.runOrSchedule(SequentialScheduler.java:233)
	at java.net.http/jdk.internal.net.http.SocketTube$InternalReadPublisher$InternalReadSubscription.signalReadable(SocketTube.java:782)
	at java.net.http/jdk.internal.net.http.SocketTube$InternalReadPublisher$ReadEvent.signalEvent(SocketTube.java:965)
	at java.net.http/jdk.internal.net.http.SocketTube$SocketFlowEvent.handle(SocketTube.java:253)
	at java.net.http/jdk.internal.net.http.HttpClientImpl$SelectorManager.handleEvent(HttpClientImpl.java:1467)
	at java.net.http/jdk.internal.net.http.HttpClientImpl$SelectorManager.lambda$run$3(HttpClientImpl.java:1412)
	at java.base/java.util.ArrayList.forEach(ArrayList.java:1596)
	at java.net.http/jdk.internal.net.http.HttpClientImpl$SelectorManager.run(HttpClientImpl.java:1412)
2025-01-16 14:25:00 [main] INFO  lt.insoft.uztis.tests.UztisPageTest - Navigated to https://uztisdev.asseco.lt/home
2025-01-16 14:25:00 [main] INFO  l.i.u.tests.ApplicationFormsPageTest - Setup complete. ApplicationFormsPage initialized.
2025-01-16 14:25:00 [main] INFO  l.i.u.tests.ApplicationFormsPageTest - Starting test:'testCreateNewVuiApplication'
2025-01-16 14:25:01 [main] DEBUG l.i.u.tests.ApplicationFormsPageTest - User logged in with test credentials
2025-01-16 14:25:01 [main] DEBUG l.i.u.tests.ApplicationFormsPageTest - Opened 'Application Processing' menu.
2025-01-16 14:25:01 [main] DEBUG l.i.u.tests.ApplicationFormsPageTest - Clicked on 'Application Forms' menu.
2025-01-16 14:25:01 [main] DEBUG l.i.u.tests.ApplicationFormsPageTest - Clicked to create a new application form.
2025-01-16 14:25:02 [main] DEBUG l.i.u.tests.ApplicationFormsPageTest - Entered random application code: TST-VUI-00
2025-01-16 14:25:02 [main] DEBUG l.i.u.tests.ApplicationFormsPageTest - Selected 'Section' radio button.
2025-01-16 14:25:02 [main] INFO  l.i.uztis.pages.ApplicationFormsPage - Located the dropdown button.
2025-01-16 14:25:02 [main] INFO  l.i.uztis.pages.ApplicationFormsPage - Successfully selected the value: 'Skyrius 1'
2025-01-16 14:25:12 [main] ERROR l.i.uztis.pages.ApplicationFormsPage - Failed to close the dropdown with aria-expanded = 'false'.
2025-01-16 14:25:12 [main] DEBUG l.i.u.tests.ApplicationFormsPageTest - Selected a value from the 'Section' dropdown: 'Skyrius 1'
2025-01-16 14:25:12 [main] DEBUG l.i.u.tests.ApplicationFormsPageTest - Selected 'Budget by Municipality' option.
2025-01-16 14:25:13 [main] DEBUG l.i.u.tests.ApplicationFormsPageTest - Selected 'Financed Without Queue' option.
2025-01-16 14:25:13 [main] DEBUG l.i.u.tests.ApplicationFormsPageTest - Clicked 'Add' button.
2025-01-16 14:25:13 [main] INFO  l.i.uztis.pages.ApplicationFormsPage - Located the dropdown button.
2025-01-16 14:25:13 [main] INFO  l.i.uztis.pages.ApplicationFormsPage - Successfully selected the value: 'VUI paraiškos vertinimo forma - I etapas'
2025-01-16 14:25:13 [main] DEBUG l.i.u.tests.ApplicationFormsPageTest - Selected a value from the 'EvaluationOne' dropdown: 'VUI paraiškos vertinimo forma - I etapas'
2025-01-16 14:25:13 [main] INFO  l.i.uztis.pages.ApplicationFormsPage - Located the dropdown button.
2025-01-16 14:25:13 [main] INFO  l.i.uztis.pages.ApplicationFormsPage - Successfully selected the value: 'VUI paraiškos vertinimo forma - II etapas'
2025-01-16 14:25:13 [main] DEBUG l.i.u.tests.ApplicationFormsPageTest - Selected a value from the 'EvaluationTwon' dropdown: 'VUI paraiškos vertinimo forma - II etapas'
2025-01-16 14:25:13 [main] INFO  l.i.uztis.pages.ApplicationFormsPage - Located the dropdown button.
2025-01-16 14:25:13 [main] ERROR l.i.uztis.pages.ApplicationFormsPage - Option 'VUI paraiškos vertinimo forma - III etapas' was not found in the dropdown.
2025-01-16 14:25:13 [main] DEBUG l.i.u.tests.ApplicationFormsPageTest - Selected a value from the 'EvaluationThree' dropdown: 'VUI paraiškos vertinimo forma - III etapas'
2025-01-16 14:25:14 [main] ERROR l.i.u.tests.ApplicationFormsPageTest - Test 'testCreateNewVuiApplication' failed with error: element click intercepted: Element <button type="button" class="btn btn--primary-light-dashed">...</button> is not clickable at point (390, 991). Other element would receive the click: <div class="cdk-overlay-backdrop cdk-overlay-transparent-backdrop cdk-overlay-backdrop-showing"></div>
  (Session info: chrome=131.0.6778.265)
Build info: version: '4.27.0', revision: 'd6e718d134'
System info: os.name: 'Windows 11', os.arch: 'amd64', os.version: '10.0', java.version: '21.0.3'
Driver info: org.openqa.selenium.chrome.ChromeDriver
Command: [f8cb61b713cc74fca7350a08e4fd3854, clickElement {id=f.139B4BC58A6EBA3695F8C674B26645F0.d.5AFE561E94642939EDFF5E6E45B1C493.e.83}]
Capabilities {acceptInsecureCerts: false, browserName: chrome, browserVersion: 131.0.6778.265, chrome: {chromedriverVersion: 131.0.6778.264 (2d05e315153..., userDataDir: C:\Users\INGRID~1.ZAD\AppDa...}, fedcm:accounts: true, goog:chromeOptions: {debuggerAddress: localhost:50516}, networkConnectionEnabled: false, pageLoadStrategy: normal, platformName: windows, proxy: Proxy(), se:cdp: ws://localhost:50516/devtoo..., se:cdpVersion: 131.0.6778.265, setWindowRect: true, strictFileInteractability: false, timeouts: {implicit: 0, pageLoad: 300000, script: 30000}, unhandledPromptBehavior: dismiss and notify, webauthn:extension:credBlob: true, webauthn:extension:largeBlob: true, webauthn:extension:minPinLength: true, webauthn:extension:prf: true, webauthn:virtualAuthenticators: true}
Element: [[ChromeDriver: chrome on windows (f8cb61b713cc74fca7350a08e4fd3854)] -> xpath: //common-button[@btnclass='btn btn--primary-light-dashed']//button[@type='button']]
Session ID: f8cb61b713cc74fca7350a08e4fd3854
org.openqa.selenium.ElementClickInterceptedException: element click intercepted: Element <button type="button" class="btn btn--primary-light-dashed">...</button> is not clickable at point (390, 991). Other element would receive the click: <div class="cdk-overlay-backdrop cdk-overlay-transparent-backdrop cdk-overlay-backdrop-showing"></div>
  (Session info: chrome=131.0.6778.265)
Build info: version: '4.27.0', revision: 'd6e718d134'
System info: os.name: 'Windows 11', os.arch: 'amd64', os.version: '10.0', java.version: '21.0.3'
Driver info: org.openqa.selenium.chrome.ChromeDriver
Command: [f8cb61b713cc74fca7350a08e4fd3854, clickElement {id=f.139B4BC58A6EBA3695F8C674B26645F0.d.5AFE561E94642939EDFF5E6E45B1C493.e.83}]
Capabilities {acceptInsecureCerts: false, browserName: chrome, browserVersion: 131.0.6778.265, chrome: {chromedriverVersion: 131.0.6778.264 (2d05e315153..., userDataDir: C:\Users\INGRID~1.ZAD\AppDa...}, fedcm:accounts: true, goog:chromeOptions: {debuggerAddress: localhost:50516}, networkConnectionEnabled: false, pageLoadStrategy: normal, platformName: windows, proxy: Proxy(), se:cdp: ws://localhost:50516/devtoo..., se:cdpVersion: 131.0.6778.265, setWindowRect: true, strictFileInteractability: false, timeouts: {implicit: 0, pageLoad: 300000, script: 30000}, unhandledPromptBehavior: dismiss and notify, webauthn:extension:credBlob: true, webauthn:extension:largeBlob: true, webauthn:extension:minPinLength: true, webauthn:extension:prf: true, webauthn:virtualAuthenticators: true}
Element: [[ChromeDriver: chrome on windows (f8cb61b713cc74fca7350a08e4fd3854)] -> xpath: //common-button[@btnclass='btn btn--primary-light-dashed']//button[@type='button']]
Session ID: f8cb61b713cc74fca7350a08e4fd3854
	at java.base/jdk.internal.reflect.DirectConstructorHandleAccessor.newInstance(DirectConstructorHandleAccessor.java:62)
	at java.base/java.lang.reflect.Constructor.newInstanceWithCaller(Constructor.java:502)
	at java.base/java.lang.reflect.Constructor.newInstance(Constructor.java:486)
	at org.openqa.selenium.remote.ErrorCodec.decode(ErrorCodec.java:167)
	at org.openqa.selenium.remote.codec.w3c.W3CHttpResponseCodec.decode(W3CHttpResponseCodec.java:138)
	at org.openqa.selenium.remote.codec.w3c.W3CHttpResponseCodec.decode(W3CHttpResponseCodec.java:50)
	at org.openqa.selenium.remote.HttpCommandExecutor.execute(HttpCommandExecutor.java:190)
	at org.openqa.selenium.remote.service.DriverCommandExecutor.invokeExecute(DriverCommandExecutor.java:216)
	at org.openqa.selenium.remote.service.DriverCommandExecutor.execute(DriverCommandExecutor.java:174)
	at org.openqa.selenium.remote.RemoteWebDriver.execute(RemoteWebDriver.java:545)
	at org.openqa.selenium.remote.RemoteWebElement.execute(RemoteWebElement.java:223)
	at org.openqa.selenium.remote.RemoteWebElement.click(RemoteWebElement.java:76)
	at java.base/jdk.internal.reflect.DirectMethodHandleAccessor.invoke(DirectMethodHandleAccessor.java:103)
	at java.base/java.lang.reflect.Method.invoke(Method.java:580)
	at org.openqa.selenium.support.pagefactory.internal.LocatingElementHandler.invoke(LocatingElementHandler.java:51)
	at jdk.proxy2/jdk.proxy2.$Proxy14.click(Unknown Source)
	at lt.insoft.uztis.pages.ApplicationFormsPage.clickButtonPlus(ApplicationFormsPage.java:185)
	at lt.insoft.uztis.tests.ApplicationFormsPageTest.testCreateNewVuiApplication(ApplicationFormsPageTest.java:138)
	at java.base/jdk.internal.reflect.DirectMethodHandleAccessor.invoke(DirectMethodHandleAccessor.java:103)
	at java.base/java.lang.reflect.Method.invoke(Method.java:580)
	at org.junit.platform.commons.util.ReflectionUtils.invokeMethod(ReflectionUtils.java:728)
	at org.junit.jupiter.engine.execution.MethodInvocation.proceed(MethodInvocation.java:60)
	at org.junit.jupiter.engine.execution.InvocationInterceptorChain$ValidatingInvocation.proceed(InvocationInterceptorChain.java:131)
	at org.junit.jupiter.engine.extension.TimeoutExtension.intercept(TimeoutExtension.java:156)
	at org.junit.jupiter.engine.extension.TimeoutExtension.interceptTestableMethod(TimeoutExtension.java:147)
	at org.junit.jupiter.engine.extension.TimeoutExtension.interceptTestMethod(TimeoutExtension.java:86)
	at org.junit.jupiter.engine.execution.InterceptingExecutableInvoker$ReflectiveInterceptorCall.lambda$ofVoidMethod$0(InterceptingExecutableInvoker.java:103)
	at org.junit.jupiter.engine.execution.InterceptingExecutableInvoker.lambda$invoke$0(InterceptingExecutableInvoker.java:93)
	at org.junit.jupiter.engine.execution.InvocationInterceptorChain$InterceptedInvocation.proceed(InvocationInterceptorChain.java:106)
	at org.junit.jupiter.engine.execution.InvocationInterceptorChain.proceed(InvocationInterceptorChain.java:64)
	at org.junit.jupiter.engine.execution.InvocationInterceptorChain.chainAndInvoke(InvocationInterceptorChain.java:45)
	at org.junit.jupiter.engine.execution.InvocationInterceptorChain.invoke(InvocationInterceptorChain.java:37)
	at org.junit.jupiter.engine.execution.InterceptingExecutableInvoker.invoke(InterceptingExecutableInvoker.java:92)
	at org.junit.jupiter.engine.execution.InterceptingExecutableInvoker.invoke(InterceptingExecutableInvoker.java:86)
	at org.junit.jupiter.engine.descriptor.TestMethodTestDescriptor.lambda$invokeTestMethod$7(TestMethodTestDescriptor.java:218)
	at org.junit.platform.engine.support.hierarchical.ThrowableCollector.execute(ThrowableCollector.java:73)
	at org.junit.jupiter.engine.descriptor.TestMethodTestDescriptor.invokeTestMethod(TestMethodTestDescriptor.java:214)
	at org.junit.jupiter.engine.descriptor.TestMethodTestDescriptor.execute(TestMethodTestDescriptor.java:139)
	at org.junit.jupiter.engine.descriptor.TestMethodTestDescriptor.execute(TestMethodTestDescriptor.java:69)
	at org.junit.platform.engine.support.hierarchical.NodeTestTask.lambda$executeRecursively$6(NodeTestTask.java:151)
	at org.junit.platform.engine.support.hierarchical.ThrowableCollector.execute(ThrowableCollector.java:73)
	at org.junit.platform.engine.support.hierarchical.NodeTestTask.lambda$executeRecursively$8(NodeTestTask.java:141)
	at org.junit.platform.engine.support.hierarchical.Node.around(Node.java:137)
	at org.junit.platform.engine.support.hierarchical.NodeTestTask.lambda$executeRecursively$9(NodeTestTask.java:139)
	at org.junit.platform.engine.support.hierarchical.ThrowableCollector.execute(ThrowableCollector.java:73)
	at org.junit.platform.engine.support.hierarchical.NodeTestTask.executeRecursively(NodeTestTask.java:138)
	at org.junit.platform.engine.support.hierarchical.NodeTestTask.execute(NodeTestTask.java:95)
	at java.base/java.util.ArrayList.forEach(ArrayList.java:1596)
	at org.junit.platform.engine.support.hierarchical.SameThreadHierarchicalTestExecutorService.invokeAll(SameThreadHierarchicalTestExecutorService.java:41)
	at org.junit.platform.engine.support.hierarchical.NodeTestTask.lambda$executeRecursively$6(NodeTestTask.java:155)
	at org.junit.platform.engine.support.hierarchical.ThrowableCollector.execute(ThrowableCollector.java:73)
	at org.junit.platform.engine.support.hierarchical.NodeTestTask.lambda$executeRecursively$8(NodeTestTask.java:141)
	at org.junit.platform.engine.support.hierarchical.Node.around(Node.java:137)
	at org.junit.platform.engine.support.hierarchical.NodeTestTask.lambda$executeRecursively$9(NodeTestTask.java:139)
	at org.junit.platform.engine.support.hierarchical.ThrowableCollector.execute(ThrowableCollector.java:73)
	at org.junit.platform.engine.support.hierarchical.NodeTestTask.executeRecursively(NodeTestTask.java:138)
	at org.junit.platform.engine.support.hierarchical.NodeTestTask.execute(NodeTestTask.java:95)
	at java.base/java.util.ArrayList.forEach(ArrayList.java:1596)
	at org.junit.platform.engine.support.hierarchical.SameThreadHierarchicalTestExecutorService.invokeAll(SameThreadHierarchicalTestExecutorService.java:41)
	at org.junit.platform.engine.support.hierarchical.NodeTestTask.lambda$executeRecursively$6(NodeTestTask.java:155)
	at org.junit.platform.engine.support.hierarchical.ThrowableCollector.execute(ThrowableCollector.java:73)
	at org.junit.platform.engine.support.hierarchical.NodeTestTask.lambda$executeRecursively$8(NodeTestTask.java:141)
	at org.junit.platform.engine.support.hierarchical.Node.around(Node.java:137)
	at org.junit.platform.engine.support.hierarchical.NodeTestTask.lambda$executeRecursively$9(NodeTestTask.java:139)
	at org.junit.platform.engine.support.hierarchical.ThrowableCollector.execute(ThrowableCollector.java:73)
	at org.junit.platform.engine.support.hierarchical.NodeTestTask.executeRecursively(NodeTestTask.java:138)
	at org.junit.platform.engine.support.hierarchical.NodeTestTask.execute(NodeTestTask.java:95)
	at org.junit.platform.engine.support.hierarchical.SameThreadHierarchicalTestExecutorService.submit(SameThreadHierarchicalTestExecutorService.java:35)
	at org.junit.platform.engine.support.hierarchical.HierarchicalTestExecutor.execute(HierarchicalTestExecutor.java:57)
	at org.junit.platform.engine.support.hierarchical.HierarchicalTestEngine.execute(HierarchicalTestEngine.java:54)
	at org.junit.platform.launcher.core.EngineExecutionOrchestrator.execute(EngineExecutionOrchestrator.java:198)
	at org.junit.platform.launcher.core.EngineExecutionOrchestrator.execute(EngineExecutionOrchestrator.java:169)
	at org.junit.platform.launcher.core.EngineExecutionOrchestrator.execute(EngineExecutionOrchestrator.java:93)
	at org.junit.platform.launcher.core.EngineExecutionOrchestrator.lambda$execute$0(EngineExecutionOrchestrator.java:58)
	at org.junit.platform.launcher.core.EngineExecutionOrchestrator.withInterceptedStreams(EngineExecutionOrchestrator.java:141)
	at org.junit.platform.launcher.core.EngineExecutionOrchestrator.execute(EngineExecutionOrchestrator.java:57)
	at org.junit.platform.launcher.core.DefaultLauncher.execute(DefaultLauncher.java:103)
	at org.junit.platform.launcher.core.DefaultLauncher.execute(DefaultLauncher.java:85)
	at org.junit.platform.launcher.core.DelegatingLauncher.execute(DelegatingLauncher.java:47)
	at org.junit.platform.launcher.core.SessionPerRequestLauncher.execute(SessionPerRequestLauncher.java:63)
	at com.intellij.junit5.JUnit5IdeaTestRunner.startRunnerWithArgs(JUnit5IdeaTestRunner.java:57)
	at com.intellij.rt.junit.IdeaTestRunner$Repeater$1.execute(IdeaTestRunner.java:38)
	at com.intellij.rt.execution.junit.TestsRepeater.repeat(TestsRepeater.java:11)
	at com.intellij.rt.junit.IdeaTestRunner$Repeater.startRunnerWithArgs(IdeaTestRunner.java:35)
	at com.intellij.rt.junit.JUnitStarter.prepareStreamsAndStart(JUnitStarter.java:232)
	at com.intellij.rt.junit.JUnitStarter.main(JUnitStarter.java:55)
2025-01-16 14:25:15 [main] INFO  l.insoft.uztis.tests.utils.TestUtils - Screenshot moved to C:\Users\ingrida.zadorozniene\Desktop\Asm\UZTIS\UZTIS_tests\test-output\screenshots\20250116\142515110_testCreateNewVuiApplication().png
2025-01-16 14:25:25 [main] INFO  lt.insoft.uztis.tests.UztisPageTest - Navigated to https://uztisdev.asseco.lt/home
2025-01-16 14:25:25 [main] INFO  l.i.u.tests.ApplicationFormsPageTest - Setup complete. ApplicationFormsPage initialized.
2025-01-16 14:25:25 [main] INFO  l.i.u.tests.ApplicationFormsPageTest - Starting test:'testCreateNewVuiApplication'
2025-01-16 14:25:26 [main] DEBUG l.i.u.tests.ApplicationFormsPageTest - User logged in with test credentials
2025-01-16 14:25:26 [main] DEBUG l.i.u.tests.ApplicationFormsPageTest - Opened 'Application Processing' menu.
2025-01-16 14:25:26 [main] DEBUG l.i.u.tests.ApplicationFormsPageTest - Clicked on 'Application Forms' menu.
2025-01-16 14:25:26 [main] DEBUG l.i.u.tests.ApplicationFormsPageTest - Clicked to create a new application form.
2025-01-16 14:25:26 [main] DEBUG l.i.u.tests.ApplicationFormsPageTest - Entered random application code: TST-VUI-05
2025-01-16 14:25:26 [main] DEBUG l.i.u.tests.ApplicationFormsPageTest - Selected 'Section' radio button.
2025-01-16 14:25:26 [main] INFO  l.i.uztis.pages.ApplicationFormsPage - Located the dropdown button.
2025-01-16 14:25:27 [main] INFO  l.i.uztis.pages.ApplicationFormsPage - Successfully selected the value: 'Skyrius 1'
2025-01-16 14:25:37 [main] ERROR l.i.uztis.pages.ApplicationFormsPage - Failed to close the dropdown with aria-expanded = 'false'.
2025-01-16 14:25:37 [main] DEBUG l.i.u.tests.ApplicationFormsPageTest - Selected a value from the 'Section' dropdown: 'Skyrius 1'
2025-01-16 14:25:37 [main] DEBUG l.i.u.tests.ApplicationFormsPageTest - Selected 'Budget by Municipality' option.
2025-01-16 14:25:37 [main] DEBUG l.i.u.tests.ApplicationFormsPageTest - Selected 'Financed Without Queue' option.
2025-01-16 14:25:38 [main] DEBUG l.i.u.tests.ApplicationFormsPageTest - Clicked 'Add' button.
2025-01-16 14:25:38 [main] INFO  l.i.uztis.pages.ApplicationFormsPage - Located the dropdown button.
2025-01-16 14:25:38 [main] INFO  l.i.uztis.pages.ApplicationFormsPage - Successfully selected the value: 'VUI paraiškos vertinimo forma - I etapas'
2025-01-16 14:25:38 [main] DEBUG l.i.u.tests.ApplicationFormsPageTest - Selected a value from the 'EvaluationOne' dropdown: 'VUI paraiškos vertinimo forma - I etapas'
2025-01-16 14:25:38 [main] INFO  l.i.uztis.pages.ApplicationFormsPage - Located the dropdown button.
2025-01-16 14:25:38 [main] ERROR l.i.uztis.pages.ApplicationFormsPage - Option 'VUI paraiškos vertinimo forma - II etapas' was not found in the dropdown.
2025-01-16 14:25:38 [main] DEBUG l.i.u.tests.ApplicationFormsPageTest - Selected a value from the 'EvaluationTwon' dropdown: 'VUI paraiškos vertinimo forma - II etapas'
2025-01-16 14:25:38 [main] INFO  l.i.uztis.pages.ApplicationFormsPage - Located the dropdown button.
2025-01-16 14:25:39 [main] ERROR l.i.uztis.pages.ApplicationFormsPage - Error selecting value from the list: element click intercepted: Element <mat-label>...</mat-label> is not clickable at point (437, 1004). Other element would receive the click: <div class="cdk-overlay-backdrop cdk-overlay-transparent-backdrop cdk-overlay-backdrop-showing"></div>
  (Session info: chrome=131.0.6778.265)
Build info: version: '4.27.0', revision: 'd6e718d134'
System info: os.name: 'Windows 11', os.arch: 'amd64', os.version: '10.0', java.version: '21.0.3'
Driver info: org.openqa.selenium.chrome.ChromeDriver
Command: [f6f194691673dff862c638251446ab06, clickElement {id=f.DA95607123BC1A5B4C13B9FB03FDF1CC.d.BA6061B8723E0C451A84C8E35933509A.e.90}]
Capabilities {acceptInsecureCerts: false, browserName: chrome, browserVersion: 131.0.6778.265, chrome: {chromedriverVersion: 131.0.6778.264 (2d05e315153..., userDataDir: C:\Users\INGRID~1.ZAD\AppDa...}, fedcm:accounts: true, goog:chromeOptions: {debuggerAddress: localhost:50551}, networkConnectionEnabled: false, pageLoadStrategy: normal, platformName: windows, proxy: Proxy(), se:cdp: ws://localhost:50551/devtoo..., se:cdpVersion: 131.0.6778.265, setWindowRect: true, strictFileInteractability: false, timeouts: {implicit: 0, pageLoad: 300000, script: 30000}, unhandledPromptBehavior: dismiss and notify, webauthn:extension:credBlob: true, webauthn:extension:largeBlob: true, webauthn:extension:minPinLength: true, webauthn:extension:prf: true, webauthn:virtualAuthenticators: true}
Element: [[ChromeDriver: chrome on windows (f6f194691673dff862c638251446ab06)] -> xpath: //mat-label[contains(text(), 'III etapo vertinimo forma')]]
Session ID: f6f194691673dff862c638251446ab06
2025-01-16 14:25:39 [main] ERROR l.i.u.tests.ApplicationFormsPageTest - Test 'testCreateNewVuiApplication' failed with error: Failed to select from the list
java.lang.RuntimeException: Failed to select from the list
	at lt.insoft.uztis.pages.ApplicationFormsPage.selectValuesByListEvaluationThree(ApplicationFormsPage.java:540)
	at lt.insoft.uztis.tests.ApplicationFormsPageTest.testCreateNewVuiApplication(ApplicationFormsPageTest.java:134)
	at java.base/jdk.internal.reflect.DirectMethodHandleAccessor.invoke(DirectMethodHandleAccessor.java:103)
	at java.base/java.lang.reflect.Method.invoke(Method.java:580)
	at org.junit.platform.commons.util.ReflectionUtils.invokeMethod(ReflectionUtils.java:728)
	at org.junit.jupiter.engine.execution.MethodInvocation.proceed(MethodInvocation.java:60)
	at org.junit.jupiter.engine.execution.InvocationInterceptorChain$ValidatingInvocation.proceed(InvocationInterceptorChain.java:131)
	at org.junit.jupiter.engine.extension.TimeoutExtension.intercept(TimeoutExtension.java:156)
	at org.junit.jupiter.engine.extension.TimeoutExtension.interceptTestableMethod(TimeoutExtension.java:147)
	at org.junit.jupiter.engine.extension.TimeoutExtension.interceptTestMethod(TimeoutExtension.java:86)
	at org.junit.jupiter.engine.execution.InterceptingExecutableInvoker$ReflectiveInterceptorCall.lambda$ofVoidMethod$0(InterceptingExecutableInvoker.java:103)
	at org.junit.jupiter.engine.execution.InterceptingExecutableInvoker.lambda$invoke$0(InterceptingExecutableInvoker.java:93)
	at org.junit.jupiter.engine.execution.InvocationInterceptorChain$InterceptedInvocation.proceed(InvocationInterceptorChain.java:106)
	at org.junit.jupiter.engine.execution.InvocationInterceptorChain.proceed(InvocationInterceptorChain.java:64)
	at org.junit.jupiter.engine.execution.InvocationInterceptorChain.chainAndInvoke(InvocationInterceptorChain.java:45)
	at org.junit.jupiter.engine.execution.InvocationInterceptorChain.invoke(InvocationInterceptorChain.java:37)
	at org.junit.jupiter.engine.execution.InterceptingExecutableInvoker.invoke(InterceptingExecutableInvoker.java:92)
	at org.junit.jupiter.engine.execution.InterceptingExecutableInvoker.invoke(InterceptingExecutableInvoker.java:86)
	at org.junit.jupiter.engine.descriptor.TestMethodTestDescriptor.lambda$invokeTestMethod$7(TestMethodTestDescriptor.java:218)
	at org.junit.platform.engine.support.hierarchical.ThrowableCollector.execute(ThrowableCollector.java:73)
	at org.junit.jupiter.engine.descriptor.TestMethodTestDescriptor.invokeTestMethod(TestMethodTestDescriptor.java:214)
	at org.junit.jupiter.engine.descriptor.TestMethodTestDescriptor.execute(TestMethodTestDescriptor.java:139)
	at org.junit.jupiter.engine.descriptor.TestMethodTestDescriptor.execute(TestMethodTestDescriptor.java:69)
	at org.junit.platform.engine.support.hierarchical.NodeTestTask.lambda$executeRecursively$6(NodeTestTask.java:151)
	at org.junit.platform.engine.support.hierarchical.ThrowableCollector.execute(ThrowableCollector.java:73)
	at org.junit.platform.engine.support.hierarchical.NodeTestTask.lambda$executeRecursively$8(NodeTestTask.java:141)
	at org.junit.platform.engine.support.hierarchical.Node.around(Node.java:137)
	at org.junit.platform.engine.support.hierarchical.NodeTestTask.lambda$executeRecursively$9(NodeTestTask.java:139)
	at org.junit.platform.engine.support.hierarchical.ThrowableCollector.execute(ThrowableCollector.java:73)
	at org.junit.platform.engine.support.hierarchical.NodeTestTask.executeRecursively(NodeTestTask.java:138)
	at org.junit.platform.engine.support.hierarchical.NodeTestTask.execute(NodeTestTask.java:95)
	at java.base/java.util.ArrayList.forEach(ArrayList.java:1596)
	at org.junit.platform.engine.support.hierarchical.SameThreadHierarchicalTestExecutorService.invokeAll(SameThreadHierarchicalTestExecutorService.java:41)
	at org.junit.platform.engine.support.hierarchical.NodeTestTask.lambda$executeRecursively$6(NodeTestTask.java:155)
	at org.junit.platform.engine.support.hierarchical.ThrowableCollector.execute(ThrowableCollector.java:73)
	at org.junit.platform.engine.support.hierarchical.NodeTestTask.lambda$executeRecursively$8(NodeTestTask.java:141)
	at org.junit.platform.engine.support.hierarchical.Node.around(Node.java:137)
	at org.junit.platform.engine.support.hierarchical.NodeTestTask.lambda$executeRecursively$9(NodeTestTask.java:139)
	at org.junit.platform.engine.support.hierarchical.ThrowableCollector.execute(ThrowableCollector.java:73)
	at org.junit.platform.engine.support.hierarchical.NodeTestTask.executeRecursively(NodeTestTask.java:138)
	at org.junit.platform.engine.support.hierarchical.NodeTestTask.execute(NodeTestTask.java:95)
	at java.base/java.util.ArrayList.forEach(ArrayList.java:1596)
	at org.junit.platform.engine.support.hierarchical.SameThreadHierarchicalTestExecutorService.invokeAll(SameThreadHierarchicalTestExecutorService.java:41)
	at org.junit.platform.engine.support.hierarchical.NodeTestTask.lambda$executeRecursively$6(NodeTestTask.java:155)
	at org.junit.platform.engine.support.hierarchical.ThrowableCollector.execute(ThrowableCollector.java:73)
	at org.junit.platform.engine.support.hierarchical.NodeTestTask.lambda$executeRecursively$8(NodeTestTask.java:141)
	at org.junit.platform.engine.support.hierarchical.Node.around(Node.java:137)
	at org.junit.platform.engine.support.hierarchical.NodeTestTask.lambda$executeRecursively$9(NodeTestTask.java:139)
	at org.junit.platform.engine.support.hierarchical.ThrowableCollector.execute(ThrowableCollector.java:73)
	at org.junit.platform.engine.support.hierarchical.NodeTestTask.executeRecursively(NodeTestTask.java:138)
	at org.junit.platform.engine.support.hierarchical.NodeTestTask.execute(NodeTestTask.java:95)
	at org.junit.platform.engine.support.hierarchical.SameThreadHierarchicalTestExecutorService.submit(SameThreadHierarchicalTestExecutorService.java:35)
	at org.junit.platform.engine.support.hierarchical.HierarchicalTestExecutor.execute(HierarchicalTestExecutor.java:57)
	at org.junit.platform.engine.support.hierarchical.HierarchicalTestEngine.execute(HierarchicalTestEngine.java:54)
	at org.junit.platform.launcher.core.EngineExecutionOrchestrator.execute(EngineExecutionOrchestrator.java:198)
	at org.junit.platform.launcher.core.EngineExecutionOrchestrator.execute(EngineExecutionOrchestrator.java:169)
	at org.junit.platform.launcher.core.EngineExecutionOrchestrator.execute(EngineExecutionOrchestrator.java:93)
	at org.junit.platform.launcher.core.EngineExecutionOrchestrator.lambda$execute$0(EngineExecutionOrchestrator.java:58)
	at org.junit.platform.launcher.core.EngineExecutionOrchestrator.withInterceptedStreams(EngineExecutionOrchestrator.java:141)
	at org.junit.platform.launcher.core.EngineExecutionOrchestrator.execute(EngineExecutionOrchestrator.java:57)
	at org.junit.platform.launcher.core.DefaultLauncher.execute(DefaultLauncher.java:103)
	at org.junit.platform.launcher.core.DefaultLauncher.execute(DefaultLauncher.java:85)
	at org.junit.platform.launcher.core.DelegatingLauncher.execute(DelegatingLauncher.java:47)
	at org.junit.platform.launcher.core.SessionPerRequestLauncher.execute(SessionPerRequestLauncher.java:63)
	at com.intellij.junit5.JUnit5IdeaTestRunner.startRunnerWithArgs(JUnit5IdeaTestRunner.java:57)
	at com.intellij.rt.junit.IdeaTestRunner$Repeater$1.execute(IdeaTestRunner.java:38)
	at com.intellij.rt.execution.junit.TestsRepeater.repeat(TestsRepeater.java:11)
	at com.intellij.rt.junit.IdeaTestRunner$Repeater.startRunnerWithArgs(IdeaTestRunner.java:35)
	at com.intellij.rt.junit.JUnitStarter.prepareStreamsAndStart(JUnitStarter.java:232)
	at com.intellij.rt.junit.JUnitStarter.main(JUnitStarter.java:55)
Caused by: org.openqa.selenium.ElementClickInterceptedException: element click intercepted: Element <mat-label>...</mat-label> is not clickable at point (437, 1004). Other element would receive the click: <div class="cdk-overlay-backdrop cdk-overlay-transparent-backdrop cdk-overlay-backdrop-showing"></div>
  (Session info: chrome=131.0.6778.265)
Build info: version: '4.27.0', revision: 'd6e718d134'
System info: os.name: 'Windows 11', os.arch: 'amd64', os.version: '10.0', java.version: '21.0.3'
Driver info: org.openqa.selenium.chrome.ChromeDriver
Command: [f6f194691673dff862c638251446ab06, clickElement {id=f.DA95607123BC1A5B4C13B9FB03FDF1CC.d.BA6061B8723E0C451A84C8E35933509A.e.90}]
Capabilities {acceptInsecureCerts: false, browserName: chrome, browserVersion: 131.0.6778.265, chrome: {chromedriverVersion: 131.0.6778.264 (2d05e315153..., userDataDir: C:\Users\INGRID~1.ZAD\AppDa...}, fedcm:accounts: true, goog:chromeOptions: {debuggerAddress: localhost:50551}, networkConnectionEnabled: false, pageLoadStrategy: normal, platformName: windows, proxy: Proxy(), se:cdp: ws://localhost:50551/devtoo..., se:cdpVersion: 131.0.6778.265, setWindowRect: true, strictFileInteractability: false, timeouts: {implicit: 0, pageLoad: 300000, script: 30000}, unhandledPromptBehavior: dismiss and notify, webauthn:extension:credBlob: true, webauthn:extension:largeBlob: true, webauthn:extension:minPinLength: true, webauthn:extension:prf: true, webauthn:virtualAuthenticators: true}
Element: [[ChromeDriver: chrome on windows (f6f194691673dff862c638251446ab06)] -> xpath: //mat-label[contains(text(), 'III etapo vertinimo forma')]]
Session ID: f6f194691673dff862c638251446ab06
	at java.base/jdk.internal.reflect.DirectConstructorHandleAccessor.newInstance(DirectConstructorHandleAccessor.java:62)
	at java.base/java.lang.reflect.Constructor.newInstanceWithCaller(Constructor.java:502)
	at java.base/java.lang.reflect.Constructor.newInstance(Constructor.java:486)
	at org.openqa.selenium.remote.ErrorCodec.decode(ErrorCodec.java:167)
	at org.openqa.selenium.remote.codec.w3c.W3CHttpResponseCodec.decode(W3CHttpResponseCodec.java:138)
	at org.openqa.selenium.remote.codec.w3c.W3CHttpResponseCodec.decode(W3CHttpResponseCodec.java:50)
	at org.openqa.selenium.remote.HttpCommandExecutor.execute(HttpCommandExecutor.java:190)
	at org.openqa.selenium.remote.service.DriverCommandExecutor.invokeExecute(DriverCommandExecutor.java:216)
	at org.openqa.selenium.remote.service.DriverCommandExecutor.execute(DriverCommandExecutor.java:174)
	at org.openqa.selenium.remote.RemoteWebDriver.execute(RemoteWebDriver.java:545)
	at org.openqa.selenium.remote.RemoteWebElement.execute(RemoteWebElement.java:223)
	at org.openqa.selenium.remote.RemoteWebElement.click(RemoteWebElement.java:76)
	at java.base/jdk.internal.reflect.DirectMethodHandleAccessor.invoke(DirectMethodHandleAccessor.java:103)
	at java.base/java.lang.reflect.Method.invoke(Method.java:580)
	at org.openqa.selenium.support.pagefactory.internal.LocatingElementHandler.invoke(LocatingElementHandler.java:51)
	at jdk.proxy2/jdk.proxy2.$Proxy14.click(Unknown Source)
	at lt.insoft.uztis.pages.ApplicationFormsPage.selectValuesByListEvaluationThree(ApplicationFormsPage.java:511)
	... 69 common frames omitted
2025-01-16 14:25:39 [main] INFO  l.insoft.uztis.tests.utils.TestUtils - Screenshot moved to C:\Users\ingrida.zadorozniene\Desktop\Asm\UZTIS\UZTIS_tests\test-output\screenshots\20250116\142539696_testCreateNewVuiApplication().png
2025-01-16 14:25:50 [main] INFO  lt.insoft.uztis.tests.UztisPageTest - Navigated to https://uztisdev.asseco.lt/home
2025-01-16 14:25:50 [main] INFO  l.i.u.tests.ApplicationFormsPageTest - Setup complete. ApplicationFormsPage initialized.
2025-01-16 14:25:50 [main] INFO  l.i.u.tests.ApplicationFormsPageTest - Starting test:'testCreateNewVuiApplication'
2025-01-16 14:25:51 [main] DEBUG l.i.u.tests.ApplicationFormsPageTest - User logged in with test credentials
2025-01-16 14:25:51 [main] DEBUG l.i.u.tests.ApplicationFormsPageTest - Opened 'Application Processing' menu.
2025-01-16 14:25:51 [main] DEBUG l.i.u.tests.ApplicationFormsPageTest - Clicked on 'Application Forms' menu.
2025-01-16 14:25:52 [main] DEBUG l.i.u.tests.ApplicationFormsPageTest - Clicked to create a new application form.
2025-01-16 14:25:52 [main] DEBUG l.i.u.tests.ApplicationFormsPageTest - Entered random application code: TST-VUI-09
2025-01-16 14:25:52 [main] DEBUG l.i.u.tests.ApplicationFormsPageTest - Selected 'Section' radio button.
2025-01-16 14:25:52 [main] INFO  l.i.uztis.pages.ApplicationFormsPage - Located the dropdown button.
2025-01-16 14:25:53 [main] INFO  l.i.uztis.pages.ApplicationFormsPage - Successfully selected the value: 'Skyrius 1'
2025-01-16 14:26:03 [main] ERROR l.i.uztis.pages.ApplicationFormsPage - Failed to close the dropdown with aria-expanded = 'false'.
2025-01-16 14:26:03 [main] DEBUG l.i.u.tests.ApplicationFormsPageTest - Selected a value from the 'Section' dropdown: 'Skyrius 1'
2025-01-16 14:26:03 [main] DEBUG l.i.u.tests.ApplicationFormsPageTest - Selected 'Budget by Municipality' option.
2025-01-16 14:26:03 [main] DEBUG l.i.u.tests.ApplicationFormsPageTest - Selected 'Financed Without Queue' option.
2025-01-16 14:26:04 [main] DEBUG l.i.u.tests.ApplicationFormsPageTest - Clicked 'Add' button.
2025-01-16 14:26:04 [main] INFO  l.i.uztis.pages.ApplicationFormsPage - Located the dropdown button.
2025-01-16 14:26:04 [main] INFO  l.i.uztis.pages.ApplicationFormsPage - Successfully selected the value: 'VUI paraiškos vertinimo forma - I etapas'
2025-01-16 14:26:04 [main] DEBUG l.i.u.tests.ApplicationFormsPageTest - Selected a value from the 'EvaluationOne' dropdown: 'VUI paraiškos vertinimo forma - I etapas'
2025-01-16 14:26:04 [main] INFO  l.i.uztis.pages.ApplicationFormsPage - Located the dropdown button.
2025-01-16 14:26:04 [main] INFO  l.i.uztis.pages.ApplicationFormsPage - Successfully selected the value: 'VUI paraiškos vertinimo forma - II etapas'
2025-01-16 14:26:04 [main] DEBUG l.i.u.tests.ApplicationFormsPageTest - Selected a value from the 'EvaluationTwon' dropdown: 'VUI paraiškos vertinimo forma - II etapas'
2025-01-16 14:26:04 [main] INFO  l.i.uztis.pages.ApplicationFormsPage - Located the dropdown button.
2025-01-16 14:26:04 [main] INFO  l.i.uztis.pages.ApplicationFormsPage - Successfully selected the value: 'VUI paraiškos vertinimo forma - III etapas'
2025-01-16 14:26:04 [main] DEBUG l.i.u.tests.ApplicationFormsPageTest - Selected a value from the 'EvaluationThree' dropdown: 'VUI paraiškos vertinimo forma - III etapas'
2025-01-16 14:26:04 [main] DEBUG l.i.u.tests.ApplicationFormsPageTest - Clicked 'Plus' button.
2025-01-16 14:26:05 [main] DEBUG l.i.u.tests.ApplicationFormsPageTest - Clicked 'Add' button seven times.
2025-01-16 14:26:05 [main] INFO  l.i.uztis.pages.ApplicationFormsPage - Processing dropdown index: 0
2025-01-16 14:26:15 [main] ERROR l.i.uztis.pages.ApplicationFormsPage - Timeout while waiting for dropdown to close at index: 0 with aria-expanded = 'false'
2025-01-16 14:26:15 [main] INFO  l.i.uztis.pages.ApplicationFormsPage - Processing dropdown index: 1
2025-01-16 14:26:26 [main] ERROR l.i.uztis.pages.ApplicationFormsPage - Timeout while waiting for dropdown to close at index: 1 with aria-expanded = 'false'
2025-01-16 14:26:26 [main] INFO  l.i.uztis.pages.ApplicationFormsPage - Processing dropdown index: 2
2025-01-16 14:26:37 [main] ERROR l.i.uztis.pages.ApplicationFormsPage - Timeout while waiting for dropdown to close at index: 2 with aria-expanded = 'false'
2025-01-16 14:26:37 [main] INFO  l.i.uztis.pages.ApplicationFormsPage - Processing dropdown index: 3
2025-01-16 14:26:48 [main] ERROR l.i.uztis.pages.ApplicationFormsPage - Timeout while waiting for dropdown to close at index: 3 with aria-expanded = 'false'
2025-01-16 14:26:48 [main] INFO  l.i.uztis.pages.ApplicationFormsPage - Processing dropdown index: 4
2025-01-16 14:26:58 [main] ERROR l.i.uztis.pages.ApplicationFormsPage - Timeout while waiting for dropdown to close at index: 4 with aria-expanded = 'false'
2025-01-16 14:26:58 [main] INFO  l.i.uztis.pages.ApplicationFormsPage - Processing dropdown index: 5
2025-01-16 14:27:10 [main] ERROR l.i.uztis.pages.ApplicationFormsPage - Timeout while waiting for dropdown to close at index: 5 with aria-expanded = 'false'
2025-01-16 14:27:10 [main] INFO  l.i.uztis.pages.ApplicationFormsPage - Processing dropdown index: 6
2025-01-16 14:27:21 [main] ERROR l.i.uztis.pages.ApplicationFormsPage - Timeout while waiting for dropdown to close at index: 6 with aria-expanded = 'false'
2025-01-16 14:27:21 [main] INFO  l.i.uztis.pages.ApplicationFormsPage - Processing dropdown index: 7
2025-01-16 14:27:32 [main] ERROR l.i.uztis.pages.ApplicationFormsPage - Timeout while waiting for dropdown to close at index: 7 with aria-expanded = 'false'
2025-01-16 14:27:32 [main] INFO  l.i.uztis.pages.ApplicationFormsPage - Processing input field index: 0
2025-01-16 14:27:32 [main] INFO  l.i.uztis.pages.ApplicationFormsPage - Entered value '50' into field index: 0
2025-01-16 14:27:32 [main] INFO  l.i.uztis.pages.ApplicationFormsPage - Processing input field index: 1
2025-01-16 14:27:32 [main] INFO  l.i.uztis.pages.ApplicationFormsPage - Entered value '924' into field index: 1
2025-01-16 14:27:32 [main] INFO  l.i.uztis.pages.ApplicationFormsPage - Processing input field index: 2
2025-01-16 14:27:32 [main] INFO  l.i.uztis.pages.ApplicationFormsPage - Entered value '31' into field index: 2
2025-01-16 14:27:32 [main] INFO  l.i.uztis.pages.ApplicationFormsPage - Processing input field index: 3
2025-01-16 14:27:32 [main] INFO  l.i.uztis.pages.ApplicationFormsPage - Entered value '4.7' into field index: 3
2025-01-16 14:27:32 [main] INFO  l.i.uztis.pages.ApplicationFormsPage - Processing input field index: 4
2025-01-16 14:27:32 [main] INFO  l.i.uztis.pages.ApplicationFormsPage - Entered value '35' into field index: 4
2025-01-16 14:27:32 [main] INFO  l.i.uztis.pages.ApplicationFormsPage - Processing input field index: 5
2025-01-16 14:27:32 [main] INFO  l.i.uztis.pages.ApplicationFormsPage - Entered value '20' into field index: 5
2025-01-16 14:27:32 [main] INFO  l.i.uztis.pages.ApplicationFormsPage - Processing input field index: 6
2025-01-16 14:27:33 [main] INFO  l.i.uztis.pages.ApplicationFormsPage - Entered value '30' into field index: 6
2025-01-16 14:27:33 [main] INFO  l.i.uztis.pages.ApplicationFormsPage - Processing input field index: 7
2025-01-16 14:27:33 [main] INFO  l.i.uztis.pages.ApplicationFormsPage - Entered value '60' into field index: 7
2025-01-16 14:27:33 [main] DEBUG l.i.u.tests.ApplicationFormsPageTest - Entered additional values and text.
2025-01-16 14:27:33 [main] DEBUG l.i.u.tests.ApplicationFormsPageTest - Entered application name: VUI paraiška
2025-01-16 14:27:33 [main] DEBUG l.i.u.tests.ApplicationFormsPageTest - Clicked the 'Save' button.
2025-01-16 14:27:33 [main] INFO  l.i.u.tests.ApplicationFormsPageTest - Verified success message text: 'Duomenys sėkmingai išsaugoti.'
2025-01-16 14:27:33 [main] INFO  l.i.u.tests.ApplicationFormsPageTest - Verified that the 'Save Form' button is displayed.
2025-01-16 14:27:33 [main] INFO  l.i.u.tests.ApplicationFormsPageTest - Test 'testCreateNewVuiApplication' completed successfully.
2025-01-16 14:29:01 [main] INFO  lt.insoft.uztis.tests.UztisPageTest - Navigated to https://uztisdev.asseco.lt/home
2025-01-16 14:29:01 [main] INFO  l.i.u.tests.ApplicationFormsPageTest - Setup complete. ApplicationFormsPage initialized.
2025-01-16 14:29:01 [main] INFO  l.i.u.tests.ApplicationFormsPageTest - Starting test:'testEditAndSaveVuiApplication'
2025-01-16 14:29:02 [main] DEBUG l.i.u.tests.ApplicationFormsPageTest - User logged in with test credentials
2025-01-16 14:29:02 [main] DEBUG l.i.u.tests.ApplicationFormsPageTest - Opened 'Application Processing' menu.
2025-01-16 14:29:02 [main] DEBUG l.i.u.tests.ApplicationFormsPageTest - Clicked on 'Application Forms' menu.
2025-01-16 14:29:02 [main] DEBUG l.i.u.tests.ApplicationFormsPageTest - Selected the last application description.
2025-01-16 14:29:03 [main] DEBUG l.i.u.tests.ApplicationFormsPageTest - Clicked the 'Edit' button.
2025-01-16 14:29:03 [main] DEBUG l.i.u.tests.ApplicationFormsPageTest - Selected 'Municipality' radio button.
2025-01-16 14:29:03 [main] INFO  l.i.uztis.pages.ApplicationFormsPage - Located the dropdown button.
2025-01-16 14:29:03 [main] INFO  l.i.uztis.pages.ApplicationFormsPage - Successfully selected the value: 'Kauno departamentas'
2025-01-16 14:29:14 [main] ERROR l.i.uztis.pages.ApplicationFormsPage - Failed to close the dropdown with aria-expanded = 'false'.
2025-01-16 14:29:14 [main] DEBUG l.i.u.tests.ApplicationFormsPageTest - Selected a value from the 'Municipality' dropdown: 'Kauno departamentas'
2025-01-16 14:29:14 [main] DEBUG l.i.u.tests.ApplicationFormsPageTest - Selected 'Budget By Country' radio button.
2025-01-16 14:29:14 [main] DEBUG l.i.u.tests.ApplicationFormsPageTest - Selected 'Financed By Queue' radio button.
2025-01-16 14:29:14 [main] DEBUG l.i.u.tests.ApplicationFormsPageTest - Entered new application name: _paredaguota
2025-01-16 14:29:14 [main] DEBUG l.i.u.tests.ApplicationFormsPageTest - Clicked the 'Save' button.
2025-01-16 14:29:14 [main] INFO  l.i.u.tests.ApplicationFormsPageTest - Verified success message: 'Duomenys sėkmingai išsaugoti.'
2025-01-16 14:29:14 [main] INFO  l.i.u.tests.ApplicationFormsPageTest - Test 'testEditAndSaveVuiApplication' completed successfully.
2025-01-16 14:29:42 [main] INFO  lt.insoft.uztis.tests.UztisPageTest - Navigated to https://uztisdev.asseco.lt/home
2025-01-16 14:29:42 [main] INFO  l.i.uztis.tests.InvitationsPageTest - Starting test:'testCreateNewVuiInvitationDraft'
2025-01-16 14:29:43 [main] DEBUG l.i.uztis.tests.InvitationsPageTest - User logged in with test credentials
2025-01-16 14:29:43 [main] DEBUG l.i.uztis.tests.InvitationsPageTest - Opened 'Application Processing' menu.
2025-01-16 14:29:43 [main] DEBUG l.i.uztis.tests.InvitationsPageTest - Clicked on 'Application Forms' menu.
2025-01-16 14:29:43 [main] DEBUG l.i.uztis.tests.InvitationsPageTest - Navigating to application forms menu.
2025-01-16 14:29:43 [main] DEBUG l.i.uztis.tests.InvitationsPageTest - Retrieved last description code text: 'TST-VUI-09'.
2025-01-16 14:29:43 [main] DEBUG l.i.uztis.tests.InvitationsPageTest - Clicked on 'Invitation' menu.
2025-01-16 14:29:44 [main] DEBUG l.i.uztis.tests.InvitationsPageTest - Clicked 'Create New Application Form'.
2025-01-16 14:29:44 [main] DEBUG l.i.uztis.tests.InvitationsPageTest - Selected section by code: 'TST-VUI-09'.
2025-01-16 14:29:45 [main] DEBUG l.i.uztis.tests.InvitationsPageTest - Selected invitation number from the list.
2025-01-16 14:29:45 [main] DEBUG l.i.uztis.tests.InvitationsPageTest - Entered current date.
2025-01-16 14:29:45 [main] DEBUG l.i.uztis.tests.InvitationsPageTest - Entered start time: 00:00.
2025-01-16 14:29:46 [main] DEBUG l.i.uztis.tests.InvitationsPageTest - Entered end date.
2025-01-16 14:29:46 [main] DEBUG l.i.uztis.tests.InvitationsPageTest - Entered end time: 11:11.
2025-01-16 14:29:46 [main] DEBUG l.i.uztis.tests.InvitationsPageTest - Draft saved.
2025-01-16 14:29:46 [main] DEBUG l.i.uztis.tests.InvitationsPageTest - Verified success message: 'Duomenys sėkmingai išsaugoti.'
2025-01-16 14:29:46 [main] INFO  l.i.uztis.tests.InvitationsPageTest - Test 'testCreateNewVuiInvitationDraft' completed successfully.
2025-01-16 14:42:34 [main] INFO  lt.insoft.uztis.tests.UztisPageTest - Navigated to https://uztisdev.asseco.lt/home
2025-01-16 14:42:34 [main] INFO  l.i.uztis.tests.InvitationsPageTest - Starting test:'testCreateNewVuiInvitationDraft'
2025-01-16 14:42:35 [main] DEBUG l.i.uztis.tests.InvitationsPageTest - User logged in with test credentials
2025-01-16 14:42:35 [main] DEBUG l.i.uztis.tests.InvitationsPageTest - Opened 'Application Processing' menu.
2025-01-16 14:42:35 [main] DEBUG l.i.uztis.tests.InvitationsPageTest - Clicked on 'Application Forms' menu.
2025-01-16 14:42:35 [main] DEBUG l.i.uztis.tests.InvitationsPageTest - Navigating to application forms menu.
2025-01-16 14:42:36 [main] DEBUG l.i.uztis.tests.InvitationsPageTest - Retrieved last description code text: 'TST-VUI-09'.
2025-01-16 14:42:36 [main] DEBUG l.i.uztis.tests.InvitationsPageTest - Clicked on 'Invitation' menu.
2025-01-16 14:42:36 [main] DEBUG l.i.uztis.tests.InvitationsPageTest - Clicked 'Create New Application Form'.
2025-01-16 14:42:36 [main] DEBUG l.i.uztis.tests.InvitationsPageTest - Selected section by code: 'TST-VUI-09'.
2025-01-16 14:42:37 [main] DEBUG l.i.uztis.tests.InvitationsPageTest - Selected invitation number from the list.
2025-01-16 14:42:37 [main] DEBUG l.i.uztis.tests.InvitationsPageTest - Entered current date.
2025-01-16 14:42:38 [main] DEBUG l.i.uztis.tests.InvitationsPageTest - Entered start time: 00:00.
2025-01-16 14:42:38 [main] DEBUG l.i.uztis.tests.InvitationsPageTest - Entered end date.
2025-01-16 14:42:38 [main] DEBUG l.i.uztis.tests.InvitationsPageTest - Entered end time: 11:11.
2025-01-16 14:42:38 [main] DEBUG l.i.uztis.tests.InvitationsPageTest - Draft saved.
2025-01-16 14:42:38 [main] DEBUG l.i.uztis.tests.InvitationsPageTest - Verified success message: 'Duomenys sėkmingai išsaugoti.'
2025-01-16 14:42:38 [main] INFO  l.i.uztis.tests.InvitationsPageTest - Test 'testCreateNewVuiInvitationDraft' completed successfully.
2025-01-16 14:43:01 [main] INFO  lt.insoft.uztis.tests.UztisPageTest - Navigated to https://uztisdev.asseco.lt/home
2025-01-16 14:43:01 [main] INFO  l.i.uztis.tests.InvitationsPageTest - Starting test:'testEditAndPublishVuiInvitationDraft'
2025-01-16 14:43:02 [main] DEBUG l.i.uztis.tests.InvitationsPageTest - User logged in with test credentials
2025-01-16 14:43:02 [main] DEBUG l.i.uztis.tests.InvitationsPageTest - Opened 'Application Processing' menu.
2025-01-16 14:43:02 [main] DEBUG l.i.uztis.tests.InvitationsPageTest - Clicked on 'Application Forms' menu.
2025-01-16 14:43:02 [main] DEBUG l.i.uztis.tests.InvitationsPageTest - Navigating to application forms menu.
2025-01-16 14:43:03 [main] DEBUG l.i.uztis.tests.InvitationsPageTest - Retrieved last description code text: 'TST-VUI-09'.
2025-01-16 14:43:03 [main] DEBUG l.i.uztis.tests.InvitationsPageTest - Clicked on 'Invitation' menu.
2025-01-16 14:43:03 [main] DEBUG l.i.uztis.tests.InvitationsPageTest - Selected section by code: 'TST-VUI-09'.
2025-01-16 14:43:03 [main] DEBUG l.i.uztis.tests.InvitationsPageTest - Clicked 'Search'.
2025-01-16 14:43:03 [main] DEBUG l.i.uztis.tests.InvitationsPageTest - Getting and inserting application code text.
2025-01-16 14:43:04 [main] DEBUG l.i.uztis.tests.InvitationsPageTest - Clicked 'InvitationDraft'.
2025-01-16 14:43:04 [main] DEBUG l.i.uztis.tests.InvitationsPageTest - Clicked 'Edit'.
2025-01-16 14:43:05 [main] DEBUG l.i.uztis.tests.InvitationsPageTest - Entered publication end date.
2025-01-16 14:43:05 [main] DEBUG l.i.uztis.tests.InvitationsPageTest - Added additional values.
2025-01-16 14:43:05 [main] INFO  l.insoft.uztis.pages.InvitationsPage - Located the dropdown button.
2025-01-16 14:43:05 [main] DEBUG l.i.uztis.tests.InvitationsPageTest - Selected the value: 'Didžiausia galima paramos suma aplinkos darbo vietai, Eur'
2025-01-16 14:43:05 [main] INFO  l.insoft.uztis.pages.InvitationsPage - Located the dropdown button.
2025-01-16 14:43:05 [main] DEBUG l.i.uztis.tests.InvitationsPageTest - Selected the value: 'Didžiausia galima paramos suma, Eur'
2025-01-16 14:43:05 [main] INFO  l.insoft.uztis.pages.InvitationsPage - Located the dropdown button.
2025-01-16 14:43:06 [main] DEBUG l.i.uztis.tests.InvitationsPageTest - Selected the value: 'Didžiausia galima paramos suma vienai darbo vietai, Eur'
2025-01-16 14:43:06 [main] DEBUG l.i.uztis.tests.InvitationsPageTest - Entered value: 11000
2025-01-16 14:43:06 [main] DEBUG l.i.uztis.tests.InvitationsPageTest - Entered value: 12000
2025-01-16 14:43:06 [main] DEBUG l.i.uztis.tests.InvitationsPageTest - Entered value: 13000
2025-01-16 14:43:07 [main] DEBUG l.i.uztis.tests.InvitationsPageTest - Checked 'Legal Entities' checkbox.
2025-01-16 14:43:07 [main] DEBUG l.i.uztis.tests.InvitationsPageTest - Unchecked 'Persons Registered with Employment Service' checkbox.
2025-01-16 14:43:07 [main] DEBUG l.i.uztis.tests.InvitationsPageTest - Checked 'Persons Registered as Employers' checkbox.
2025-01-16 14:43:07 [main] DEBUG l.i.uztis.tests.InvitationsPageTest - Entered second evaluation grade: '5'.
2025-01-16 14:43:07 [main] DEBUG l.i.uztis.tests.InvitationsPageTest - Entered third evaluation grade: '6'.
2025-01-16 14:43:07 [main] DEBUG l.i.uztis.tests.InvitationsPageTest - Entered second evaluation grade weight: '0,45'.
2025-01-16 14:43:07 [main] DEBUG l.i.uztis.tests.InvitationsPageTest - Entered third evaluation grade weight: '0,55'.
2025-01-16 14:43:07 [main] DEBUG l.i.uztis.tests.InvitationsPageTest - Entered budget: '2000'.
2025-01-16 14:43:07 [main] DEBUG l.i.uztis.tests.InvitationsPageTest - Entered description text: 'Aprašo tekstas'.
2025-01-16 14:43:08 [main] DEBUG l.i.uztis.tests.InvitationsPageTest - Entered applicants text: 'Pareiškėjų tekstas'.
2025-01-16 14:43:08 [main] DEBUG l.i.uztis.tests.InvitationsPageTest - Entered expenditures text: 'Išlaidų tekstas'.
2025-01-16 14:43:08 [main] DEBUG l.i.uztis.tests.InvitationsPageTest - Entered legislation text: 'Teisės aktų tekstas'.
2025-01-16 14:43:08 [main] DEBUG l.i.uztis.tests.InvitationsPageTest - Entered education text: 'Mokymų tekstas'.
2025-01-16 14:43:08 [main] DEBUG l.i.uztis.tests.InvitationsPageTest - File uploaded.
2025-01-16 14:43:08 [main] DEBUG l.i.uztis.tests.InvitationsPageTest - Clicked 'Publish'.
2025-01-16 14:43:08 [main] DEBUG l.i.uztis.tests.InvitationsPageTest - Publication confirmed.
2025-01-16 14:43:09 [main] DEBUG l.i.uztis.tests.InvitationsPageTest - Verified success message: 'Funkcija sėkmingai atlikta.'
2025-01-16 14:43:09 [main] INFO  l.i.uztis.tests.InvitationsPageTest - Test 'testEditAndPublishVuiInvitationDraft' completed successfully.
2025-01-16 14:43:22 [main] INFO  lt.insoft.uztis.tests.UztisPageTest - Navigated to https://uztisdev.asseco.lt/home
2025-01-16 14:43:22 [main] INFO  l.i.uztis.tests.InvitationsPageTest - Starting test:'testInsertVuiStatisticInformation'
2025-01-16 14:43:23 [main] DEBUG l.i.uztis.tests.InvitationsPageTest - User logged in with test credentials
2025-01-16 14:43:23 [main] DEBUG l.i.uztis.tests.InvitationsPageTest - Opened 'Application Processing' menu.
2025-01-16 14:43:23 [main] DEBUG l.i.uztis.tests.InvitationsPageTest - Clicked on 'Application Forms' menu.
2025-01-16 14:43:23 [main] DEBUG l.i.uztis.tests.InvitationsPageTest - Navigating to invitation forms menu.
2025-01-16 14:43:23 [main] DEBUG l.i.uztis.tests.InvitationsPageTest - Retrieved last description code text: 'TST-VUI-09'.
2025-01-16 14:43:24 [main] DEBUG l.i.uztis.tests.InvitationsPageTest - Clicked on 'Invitation' menu.
2025-01-16 14:43:24 [main] DEBUG l.i.uztis.tests.InvitationsPageTest - Selected section by code: 'TST-VUI-09'.
2025-01-16 14:43:24 [main] DEBUG l.i.uztis.tests.InvitationsPageTest - Clicked 'Search'.
2025-01-16 14:43:24 [main] DEBUG l.i.uztis.tests.InvitationsPageTest - Getting and inserting application code text.
2025-01-16 14:43:24 [main] DEBUG l.i.uztis.tests.InvitationsPageTest - Clicked 'Publishing'.
2025-01-16 14:43:25 [main] DEBUG l.i.uztis.tests.InvitationsPageTest - Clicked 'Statistic Information' tab.
2025-01-16 14:43:25 [main] DEBUG l.i.uztis.tests.InvitationsPageTest - Clicked 'Edit' button.
2025-01-16 14:43:25 [main] DEBUG l.i.uztis.tests.InvitationsPageTest - Entered current date.
2025-01-16 14:43:25 [main] DEBUG l.i.uztis.tests.InvitationsPageTest - Entered value: 8.7
2025-01-16 14:43:25 [main] DEBUG l.i.uztis.tests.InvitationsPageTest - Entered average salary: 2237.9
2025-01-16 14:43:25 [main] DEBUG l.i.uztis.tests.InvitationsPageTest - File uploaded.
2025-01-16 14:43:25 [main] DEBUG l.i.uztis.tests.InvitationsPageTest - Clicked 'Save' button.
2025-01-16 14:43:27 [main] DEBUG l.i.uztis.tests.InvitationsPageTest - Verified success message: 'Funkcija sėkmingai atlikta.'
2025-01-16 14:43:27 [main] INFO  l.i.uztis.tests.InvitationsPageTest - Test 'testInsertVuiStatisticInformation' completed successfully.
2025-01-17 08:58:31 [main] INFO  lt.insoft.uztis.tests.UztisPageTest - Navigated to https://uztisdev.asseco.lt/home
2025-01-17 08:58:31 [main] INFO  l.i.u.tests.ApplicationFormsPageTest - Setup complete. ApplicationFormsPage initialized.
2025-01-17 08:58:31 [main] INFO  l.i.u.tests.ApplicationFormsPageTest - Starting test:'testCreateNewDvpApplication'
2025-01-17 08:58:32 [main] DEBUG l.i.u.tests.ApplicationFormsPageTest - User logged in with test credentials
2025-01-17 08:58:32 [main] DEBUG l.i.u.tests.ApplicationFormsPageTest - Opened 'Application Processing' menu.
2025-01-17 08:58:32 [main] DEBUG l.i.u.tests.ApplicationFormsPageTest - Clicked on 'Application Forms' menu.
2025-01-17 08:58:32 [main] DEBUG l.i.u.tests.ApplicationFormsPageTest - Clicked to create a new application form.
2025-01-17 08:58:32 [main] DEBUG l.i.u.tests.ApplicationFormsPageTest - Entered random application code: TST-DVP-68
2025-01-17 08:58:32 [main] DEBUG l.i.u.tests.ApplicationFormsPageTest - Selected 'Municipality' radio button.
2025-01-17 08:58:32 [main] INFO  l.i.uztis.pages.ApplicationFormsPage - Located the dropdown button.
2025-01-17 08:58:33 [main] INFO  l.i.uztis.pages.ApplicationFormsPage - Successfully selected the value: 'Kauno departamentas'
2025-01-17 08:58:44 [main] ERROR l.i.uztis.pages.ApplicationFormsPage - Failed to close the dropdown with aria-expanded = 'false'.
2025-01-17 08:58:44 [main] DEBUG l.i.u.tests.ApplicationFormsPageTest - Selected a value from the 'Municipality' dropdown: 'Kauno departamentas'
2025-01-17 08:58:44 [main] DEBUG l.i.u.tests.ApplicationFormsPageTest - Selected 'Budget By Country' radio button.
2025-01-17 08:58:44 [main] DEBUG l.i.u.tests.ApplicationFormsPageTest - Selected 'Financed Without Queue' option.
2025-01-17 08:58:44 [main] INFO  l.i.uztis.pages.ApplicationFormsPage - Located the dropdown button.
2025-01-17 08:58:44 [main] INFO  l.i.uztis.pages.ApplicationFormsPage - Successfully selected the value: 'DVP paraiškos vertinimo forma - I etapas'
2025-01-17 08:58:44 [main] DEBUG l.i.u.tests.ApplicationFormsPageTest - Selected a value from the 'EvaluationOne' dropdown: 'DVP paraiškos vertinimo forma - I etapas'
2025-01-17 08:58:44 [main] DEBUG l.i.u.tests.ApplicationFormsPageTest - Clicked 'Plus' button.
2025-01-17 08:58:45 [main] DEBUG l.i.u.tests.ApplicationFormsPageTest - Clicked 'Add' button seven times.
2025-01-17 08:58:45 [main] INFO  l.i.uztis.pages.ApplicationFormsPage - Processing dropdown index: 0
2025-01-17 08:58:55 [main] ERROR l.i.uztis.pages.ApplicationFormsPage - Timeout while waiting for dropdown to close at index: 0 with aria-expanded = 'false'
2025-01-17 08:58:55 [main] INFO  l.i.uztis.pages.ApplicationFormsPage - Processing dropdown index: 1
2025-01-17 08:59:06 [main] ERROR l.i.uztis.pages.ApplicationFormsPage - Timeout while waiting for dropdown to close at index: 1 with aria-expanded = 'false'
2025-01-17 08:59:06 [main] INFO  l.i.uztis.pages.ApplicationFormsPage - Processing dropdown index: 2
2025-01-17 08:59:17 [main] ERROR l.i.uztis.pages.ApplicationFormsPage - Timeout while waiting for dropdown to close at index: 2 with aria-expanded = 'false'
2025-01-17 08:59:17 [main] INFO  l.i.uztis.pages.ApplicationFormsPage - Processing dropdown index: 3
2025-01-17 08:59:28 [main] ERROR l.i.uztis.pages.ApplicationFormsPage - Timeout while waiting for dropdown to close at index: 3 with aria-expanded = 'false'
2025-01-17 08:59:28 [main] INFO  l.i.uztis.pages.ApplicationFormsPage - Processing dropdown index: 4
2025-01-17 08:59:39 [main] ERROR l.i.uztis.pages.ApplicationFormsPage - Timeout while waiting for dropdown to close at index: 4 with aria-expanded = 'false'
2025-01-17 08:59:39 [main] INFO  l.i.uztis.pages.ApplicationFormsPage - Processing dropdown index: 5
2025-01-17 08:59:51 [main] ERROR l.i.uztis.pages.ApplicationFormsPage - Timeout while waiting for dropdown to close at index: 5 with aria-expanded = 'false'
2025-01-17 08:59:51 [main] INFO  l.i.uztis.pages.ApplicationFormsPage - Processing dropdown index: 6
2025-01-17 09:00:01 [main] ERROR l.i.uztis.pages.ApplicationFormsPage - Timeout while waiting for dropdown to close at index: 6 with aria-expanded = 'false'
2025-01-17 09:00:01 [main] INFO  l.i.uztis.pages.ApplicationFormsPage - Processing dropdown index: 7
2025-01-17 09:00:12 [main] ERROR l.i.uztis.pages.ApplicationFormsPage - Timeout while waiting for dropdown to close at index: 7 with aria-expanded = 'false'
2025-01-17 09:00:12 [main] INFO  l.i.uztis.pages.ApplicationFormsPage - Processing input field index: 0
2025-01-17 09:00:12 [main] INFO  l.i.uztis.pages.ApplicationFormsPage - Entered value '50' into field index: 0
2025-01-17 09:00:12 [main] INFO  l.i.uztis.pages.ApplicationFormsPage - Processing input field index: 1
2025-01-17 09:00:12 [main] INFO  l.i.uztis.pages.ApplicationFormsPage - Entered value '924' into field index: 1
2025-01-17 09:00:12 [main] INFO  l.i.uztis.pages.ApplicationFormsPage - Processing input field index: 2
2025-01-17 09:00:12 [main] INFO  l.i.uztis.pages.ApplicationFormsPage - Entered value '31' into field index: 2
2025-01-17 09:00:12 [main] INFO  l.i.uztis.pages.ApplicationFormsPage - Processing input field index: 3
2025-01-17 09:00:13 [main] INFO  l.i.uztis.pages.ApplicationFormsPage - Entered value '4.7' into field index: 3
2025-01-17 09:00:13 [main] INFO  l.i.uztis.pages.ApplicationFormsPage - Processing input field index: 4
2025-01-17 09:00:13 [main] INFO  l.i.uztis.pages.ApplicationFormsPage - Entered value '35' into field index: 4
2025-01-17 09:00:13 [main] INFO  l.i.uztis.pages.ApplicationFormsPage - Processing input field index: 5
2025-01-17 09:00:13 [main] INFO  l.i.uztis.pages.ApplicationFormsPage - Entered value '20' into field index: 5
2025-01-17 09:00:13 [main] INFO  l.i.uztis.pages.ApplicationFormsPage - Processing input field index: 6
2025-01-17 09:00:13 [main] INFO  l.i.uztis.pages.ApplicationFormsPage - Entered value '30' into field index: 6
2025-01-17 09:00:13 [main] INFO  l.i.uztis.pages.ApplicationFormsPage - Processing input field index: 7
2025-01-17 09:00:13 [main] INFO  l.i.uztis.pages.ApplicationFormsPage - Entered value '60' into field index: 7
2025-01-17 09:00:13 [main] DEBUG l.i.u.tests.ApplicationFormsPageTest - Entered additional values and text.
2025-01-17 09:00:13 [main] DEBUG l.i.u.tests.ApplicationFormsPageTest - Entered application name: DVP paraiška
2025-01-17 09:00:13 [main] DEBUG l.i.u.tests.ApplicationFormsPageTest - Clicked the 'Save' button.
2025-01-17 09:00:14 [main] INFO  l.i.u.tests.ApplicationFormsPageTest - Verified success message: 'Duomenys sėkmingai išsaugoti.'
2025-01-17 09:00:14 [main] INFO  l.i.u.tests.ApplicationFormsPageTest - Verified that the 'Save Form' button is displayed.
2025-01-17 09:00:14 [main] INFO  l.i.u.tests.ApplicationFormsPageTest - Test 'testCreateNewDvpApplication' completed successfully.
2025-01-17 09:01:27 [main] INFO  lt.insoft.uztis.tests.UztisPageTest - Navigated to https://uztisdev.asseco.lt/home
2025-01-17 09:01:27 [main] INFO  l.i.uztis.tests.InvitationsPageTest - Starting test:'testCreateNewDvpInvitation'
2025-01-17 09:01:28 [main] DEBUG l.i.uztis.tests.InvitationsPageTest - User logged in with test credentials
2025-01-17 09:01:28 [main] DEBUG l.i.uztis.tests.InvitationsPageTest - Opened 'Application Processing' menu.
2025-01-17 09:01:29 [main] DEBUG l.i.uztis.tests.InvitationsPageTest - Clicked on 'Application Forms' menu.
2025-01-17 09:01:29 [main] DEBUG l.i.uztis.tests.InvitationsPageTest - Navigating to application forms menu.
2025-01-17 09:01:29 [main] DEBUG l.i.uztis.tests.InvitationsPageTest - Retrieved last description code text: 'TST-DVP-68'.
2025-01-17 09:01:29 [main] DEBUG l.i.uztis.tests.InvitationsPageTest - Clicked on 'Invitation' menu.
2025-01-17 09:01:29 [main] DEBUG l.i.uztis.tests.InvitationsPageTest - Clicked 'Create New Application Form'.
2025-01-17 09:01:30 [main] DEBUG l.i.uztis.tests.InvitationsPageTest - Selected section by code: 'TST-DVP-68'.
2025-01-17 09:01:31 [main] DEBUG l.i.uztis.tests.InvitationsPageTest - Selected invitation number from the list.
2025-01-17 09:01:31 [main] DEBUG l.i.uztis.tests.InvitationsPageTest - Entered current date.
2025-01-17 09:01:31 [main] DEBUG l.i.uztis.tests.InvitationsPageTest - Entered start time: 00:00.
2025-01-17 09:01:31 [main] DEBUG l.i.uztis.tests.InvitationsPageTest - Entered end date.
2025-01-17 09:01:32 [main] DEBUG l.i.uztis.tests.InvitationsPageTest - Entered end time: 11:11.
2025-01-17 09:01:32 [main] DEBUG l.i.uztis.tests.InvitationsPageTest - Entered publication end date.
2025-01-17 09:01:32 [main] DEBUG l.i.uztis.tests.InvitationsPageTest - Added additional values.
2025-01-17 09:01:32 [main] INFO  l.insoft.uztis.pages.InvitationsPage - Located the dropdown button.
2025-01-17 09:01:32 [main] DEBUG l.i.uztis.tests.InvitationsPageTest - Selected the value: 'Didžiausia galima paramos suma aplinkos darbo vietai, Eur'
2025-01-17 09:01:32 [main] INFO  l.insoft.uztis.pages.InvitationsPage - Located the dropdown button.
2025-01-17 09:01:33 [main] DEBUG l.i.uztis.tests.InvitationsPageTest - Selected the value: 'Didžiausia galima paramos suma, Eur'
2025-01-17 09:01:33 [main] INFO  l.insoft.uztis.pages.InvitationsPage - Located the dropdown button.
2025-01-17 09:01:33 [main] DEBUG l.i.uztis.tests.InvitationsPageTest - Selected the value: 'Didžiausia galima paramos suma vienai darbo vietai, Eur'
2025-01-17 09:01:33 [main] DEBUG l.i.uztis.tests.InvitationsPageTest - Entered value: 11000
2025-01-17 09:01:33 [main] DEBUG l.i.uztis.tests.InvitationsPageTest - Entered value: 12000
2025-01-17 09:01:34 [main] DEBUG l.i.uztis.tests.InvitationsPageTest - Entered value: 13000
2025-01-17 09:01:34 [main] DEBUG l.i.uztis.tests.InvitationsPageTest - Checked 'Legal Entities' checkbox.
2025-01-17 09:01:34 [main] DEBUG l.i.uztis.tests.InvitationsPageTest - Unchecked 'Persons Registered with Employment Service' checkbox.
2025-01-17 09:01:34 [main] DEBUG l.i.uztis.tests.InvitationsPageTest - Checked 'Persons Registered as Employers' checkbox.
2025-01-17 09:01:34 [main] DEBUG l.i.uztis.tests.InvitationsPageTest - Entered budget: '2000'.
2025-01-17 09:01:34 [main] DEBUG l.i.uztis.tests.InvitationsPageTest - Entered description text: 'Aprašo tekstas'.
2025-01-17 09:01:34 [main] DEBUG l.i.uztis.tests.InvitationsPageTest - Entered applicants text: 'Pareiškėjų tekstas'.
2025-01-17 09:01:34 [main] DEBUG l.i.uztis.tests.InvitationsPageTest - Entered expenditures text: 'Išlaidų tekstas'.
2025-01-17 09:01:35 [main] DEBUG l.i.uztis.tests.InvitationsPageTest - Entered legislation text: 'Teisės aktų tekstas'.
2025-01-17 09:01:35 [main] DEBUG l.i.uztis.tests.InvitationsPageTest - Entered education text: 'Mokymų tekstas'.
2025-01-17 09:01:35 [main] DEBUG l.i.uztis.tests.InvitationsPageTest - File uploaded.
2025-01-17 09:01:35 [main] DEBUG l.i.uztis.tests.InvitationsPageTest - Clicked 'Publish'.
2025-01-17 09:01:35 [main] DEBUG l.i.uztis.tests.InvitationsPageTest - Publication confirmed.
2025-01-17 09:01:36 [main] ERROR l.i.uztis.tests.InvitationsPageTest - Test 'testCreateNewDvpInvitation' failed with error: Expected message not found: Duomenys sėkmingai išsaugoti. ==> expected: <true> but was: <false>
org.opentest4j.AssertionFailedError: Expected message not found: Duomenys sėkmingai išsaugoti. ==> expected: <true> but was: <false>
	at org.junit.jupiter.api.AssertionFailureBuilder.build(AssertionFailureBuilder.java:151)
	at org.junit.jupiter.api.AssertionFailureBuilder.buildAndThrow(AssertionFailureBuilder.java:132)
	at org.junit.jupiter.api.AssertTrue.failNotTrue(AssertTrue.java:63)
	at org.junit.jupiter.api.AssertTrue.assertTrue(AssertTrue.java:36)
	at org.junit.jupiter.api.Assertions.assertTrue(Assertions.java:210)
	at lt.insoft.uztis.tests.InvitationsPageTest.verifySuccessMessage(InvitationsPageTest.java:56)
	at lt.insoft.uztis.tests.InvitationsPageTest.testCreateNewDvpInvitation(InvitationsPageTest.java:571)
	at java.base/jdk.internal.reflect.DirectMethodHandleAccessor.invoke(DirectMethodHandleAccessor.java:103)
	at java.base/java.lang.reflect.Method.invoke(Method.java:580)
	at org.junit.platform.commons.util.ReflectionUtils.invokeMethod(ReflectionUtils.java:728)
	at org.junit.jupiter.engine.execution.MethodInvocation.proceed(MethodInvocation.java:60)
	at org.junit.jupiter.engine.execution.InvocationInterceptorChain$ValidatingInvocation.proceed(InvocationInterceptorChain.java:131)
	at org.junit.jupiter.engine.extension.TimeoutExtension.intercept(TimeoutExtension.java:156)
	at org.junit.jupiter.engine.extension.TimeoutExtension.interceptTestableMethod(TimeoutExtension.java:147)
	at org.junit.jupiter.engine.extension.TimeoutExtension.interceptTestMethod(TimeoutExtension.java:86)
	at org.junit.jupiter.engine.execution.InterceptingExecutableInvoker$ReflectiveInterceptorCall.lambda$ofVoidMethod$0(InterceptingExecutableInvoker.java:103)
	at org.junit.jupiter.engine.execution.InterceptingExecutableInvoker.lambda$invoke$0(InterceptingExecutableInvoker.java:93)
	at org.junit.jupiter.engine.execution.InvocationInterceptorChain$InterceptedInvocation.proceed(InvocationInterceptorChain.java:106)
	at org.junit.jupiter.engine.execution.InvocationInterceptorChain.proceed(InvocationInterceptorChain.java:64)
	at org.junit.jupiter.engine.execution.InvocationInterceptorChain.chainAndInvoke(InvocationInterceptorChain.java:45)
	at org.junit.jupiter.engine.execution.InvocationInterceptorChain.invoke(InvocationInterceptorChain.java:37)
	at org.junit.jupiter.engine.execution.InterceptingExecutableInvoker.invoke(InterceptingExecutableInvoker.java:92)
	at org.junit.jupiter.engine.execution.InterceptingExecutableInvoker.invoke(InterceptingExecutableInvoker.java:86)
	at org.junit.jupiter.engine.descriptor.TestMethodTestDescriptor.lambda$invokeTestMethod$7(TestMethodTestDescriptor.java:218)
	at org.junit.platform.engine.support.hierarchical.ThrowableCollector.execute(ThrowableCollector.java:73)
	at org.junit.jupiter.engine.descriptor.TestMethodTestDescriptor.invokeTestMethod(TestMethodTestDescriptor.java:214)
	at org.junit.jupiter.engine.descriptor.TestMethodTestDescriptor.execute(TestMethodTestDescriptor.java:139)
	at org.junit.jupiter.engine.descriptor.TestMethodTestDescriptor.execute(TestMethodTestDescriptor.java:69)
	at org.junit.platform.engine.support.hierarchical.NodeTestTask.lambda$executeRecursively$6(NodeTestTask.java:151)
	at org.junit.platform.engine.support.hierarchical.ThrowableCollector.execute(ThrowableCollector.java:73)
	at org.junit.platform.engine.support.hierarchical.NodeTestTask.lambda$executeRecursively$8(NodeTestTask.java:141)
	at org.junit.platform.engine.support.hierarchical.Node.around(Node.java:137)
	at org.junit.platform.engine.support.hierarchical.NodeTestTask.lambda$executeRecursively$9(NodeTestTask.java:139)
	at org.junit.platform.engine.support.hierarchical.ThrowableCollector.execute(ThrowableCollector.java:73)
	at org.junit.platform.engine.support.hierarchical.NodeTestTask.executeRecursively(NodeTestTask.java:138)
	at org.junit.platform.engine.support.hierarchical.NodeTestTask.execute(NodeTestTask.java:95)
	at java.base/java.util.ArrayList.forEach(ArrayList.java:1596)
	at org.junit.platform.engine.support.hierarchical.SameThreadHierarchicalTestExecutorService.invokeAll(SameThreadHierarchicalTestExecutorService.java:41)
	at org.junit.platform.engine.support.hierarchical.NodeTestTask.lambda$executeRecursively$6(NodeTestTask.java:155)
	at org.junit.platform.engine.support.hierarchical.ThrowableCollector.execute(ThrowableCollector.java:73)
	at org.junit.platform.engine.support.hierarchical.NodeTestTask.lambda$executeRecursively$8(NodeTestTask.java:141)
	at org.junit.platform.engine.support.hierarchical.Node.around(Node.java:137)
	at org.junit.platform.engine.support.hierarchical.NodeTestTask.lambda$executeRecursively$9(NodeTestTask.java:139)
	at org.junit.platform.engine.support.hierarchical.ThrowableCollector.execute(ThrowableCollector.java:73)
	at org.junit.platform.engine.support.hierarchical.NodeTestTask.executeRecursively(NodeTestTask.java:138)
	at org.junit.platform.engine.support.hierarchical.NodeTestTask.execute(NodeTestTask.java:95)
	at java.base/java.util.ArrayList.forEach(ArrayList.java:1596)
	at org.junit.platform.engine.support.hierarchical.SameThreadHierarchicalTestExecutorService.invokeAll(SameThreadHierarchicalTestExecutorService.java:41)
	at org.junit.platform.engine.support.hierarchical.NodeTestTask.lambda$executeRecursively$6(NodeTestTask.java:155)
	at org.junit.platform.engine.support.hierarchical.ThrowableCollector.execute(ThrowableCollector.java:73)
	at org.junit.platform.engine.support.hierarchical.NodeTestTask.lambda$executeRecursively$8(NodeTestTask.java:141)
	at org.junit.platform.engine.support.hierarchical.Node.around(Node.java:137)
	at org.junit.platform.engine.support.hierarchical.NodeTestTask.lambda$executeRecursively$9(NodeTestTask.java:139)
	at org.junit.platform.engine.support.hierarchical.ThrowableCollector.execute(ThrowableCollector.java:73)
	at org.junit.platform.engine.support.hierarchical.NodeTestTask.executeRecursively(NodeTestTask.java:138)
	at org.junit.platform.engine.support.hierarchical.NodeTestTask.execute(NodeTestTask.java:95)
	at org.junit.platform.engine.support.hierarchical.SameThreadHierarchicalTestExecutorService.submit(SameThreadHierarchicalTestExecutorService.java:35)
	at org.junit.platform.engine.support.hierarchical.HierarchicalTestExecutor.execute(HierarchicalTestExecutor.java:57)
	at org.junit.platform.engine.support.hierarchical.HierarchicalTestEngine.execute(HierarchicalTestEngine.java:54)
	at org.junit.platform.launcher.core.EngineExecutionOrchestrator.execute(EngineExecutionOrchestrator.java:198)
	at org.junit.platform.launcher.core.EngineExecutionOrchestrator.execute(EngineExecutionOrchestrator.java:169)
	at org.junit.platform.launcher.core.EngineExecutionOrchestrator.execute(EngineExecutionOrchestrator.java:93)
	at org.junit.platform.launcher.core.EngineExecutionOrchestrator.lambda$execute$0(EngineExecutionOrchestrator.java:58)
	at org.junit.platform.launcher.core.EngineExecutionOrchestrator.withInterceptedStreams(EngineExecutionOrchestrator.java:141)
	at org.junit.platform.launcher.core.EngineExecutionOrchestrator.execute(EngineExecutionOrchestrator.java:57)
	at org.junit.platform.launcher.core.DefaultLauncher.execute(DefaultLauncher.java:103)
	at org.junit.platform.launcher.core.DefaultLauncher.execute(DefaultLauncher.java:85)
	at org.junit.platform.launcher.core.DelegatingLauncher.execute(DelegatingLauncher.java:47)
	at org.junit.platform.launcher.core.SessionPerRequestLauncher.execute(SessionPerRequestLauncher.java:63)
	at com.intellij.junit5.JUnit5IdeaTestRunner.startRunnerWithArgs(JUnit5IdeaTestRunner.java:57)
	at com.intellij.rt.junit.IdeaTestRunner$Repeater$1.execute(IdeaTestRunner.java:38)
	at com.intellij.rt.execution.junit.TestsRepeater.repeat(TestsRepeater.java:11)
	at com.intellij.rt.junit.IdeaTestRunner$Repeater.startRunnerWithArgs(IdeaTestRunner.java:35)
	at com.intellij.rt.junit.JUnitStarter.prepareStreamsAndStart(JUnitStarter.java:232)
	at com.intellij.rt.junit.JUnitStarter.main(JUnitStarter.java:55)
2025-01-17 09:01:36 [main] INFO  l.insoft.uztis.tests.utils.TestUtils - Screenshot moved to C:\Users\ingrida.zadorozniene\Desktop\Asm\UZTIS\UZTIS_tests\test-output\screenshots\20250117\090136563_testCreateNewDvpInvitation().png
2025-01-17 09:06:35 [main] INFO  lt.insoft.uztis.tests.UztisPageTest - Navigated to https://uztisdev.asseco.lt/home
2025-01-17 09:06:35 [main] INFO  l.i.uztis.tests.InvitationsPageTest - Starting test:'testCreateNewDvpInvitation'
2025-01-17 09:06:36 [main] DEBUG l.i.uztis.tests.InvitationsPageTest - User logged in with test credentials
2025-01-17 09:06:36 [main] DEBUG l.i.uztis.tests.InvitationsPageTest - Opened 'Application Processing' menu.
2025-01-17 09:06:36 [main] DEBUG l.i.uztis.tests.InvitationsPageTest - Clicked on 'Application Forms' menu.
2025-01-17 09:06:36 [main] DEBUG l.i.uztis.tests.InvitationsPageTest - Navigating to application forms menu.
2025-01-17 09:06:36 [main] DEBUG l.i.uztis.tests.InvitationsPageTest - Retrieved last description code text: 'TST-DVP-68'.
2025-01-17 09:06:37 [main] DEBUG l.i.uztis.tests.InvitationsPageTest - Clicked on 'Invitation' menu.
2025-01-17 09:06:37 [main] DEBUG l.i.uztis.tests.InvitationsPageTest - Clicked 'Create New Application Form'.
2025-01-17 09:06:37 [main] DEBUG l.i.uztis.tests.InvitationsPageTest - Selected section by code: 'TST-DVP-68'.
2025-01-17 09:06:38 [main] DEBUG l.i.uztis.tests.InvitationsPageTest - Selected invitation number from the list.
2025-01-17 09:06:38 [main] DEBUG l.i.uztis.tests.InvitationsPageTest - Entered current date.
2025-01-17 09:06:38 [main] DEBUG l.i.uztis.tests.InvitationsPageTest - Entered start time: 00:00.
2025-01-17 09:06:39 [main] DEBUG l.i.uztis.tests.InvitationsPageTest - Entered end date.
2025-01-17 09:06:39 [main] DEBUG l.i.uztis.tests.InvitationsPageTest - Entered end time: 11:11.
2025-01-17 09:06:39 [main] DEBUG l.i.uztis.tests.InvitationsPageTest - Entered publication end date.
2025-01-17 09:06:39 [main] DEBUG l.i.uztis.tests.InvitationsPageTest - Added additional values.
2025-01-17 09:06:39 [main] INFO  l.insoft.uztis.pages.InvitationsPage - Located the dropdown button.
2025-01-17 09:06:40 [main] DEBUG l.i.uztis.tests.InvitationsPageTest - Selected the value: 'Didžiausia galima paramos suma aplinkos darbo vietai, Eur'
2025-01-17 09:06:40 [main] INFO  l.insoft.uztis.pages.InvitationsPage - Located the dropdown button.
2025-01-17 09:06:40 [main] DEBUG l.i.uztis.tests.InvitationsPageTest - Selected the value: 'Didžiausia galima paramos suma, Eur'
2025-01-17 09:06:40 [main] INFO  l.insoft.uztis.pages.InvitationsPage - Located the dropdown button.
2025-01-17 09:06:40 [main] DEBUG l.i.uztis.tests.InvitationsPageTest - Selected the value: 'Didžiausia galima paramos suma vienai darbo vietai, Eur'
2025-01-17 09:06:41 [main] DEBUG l.i.uztis.tests.InvitationsPageTest - Entered value: 11000
2025-01-17 09:06:41 [main] DEBUG l.i.uztis.tests.InvitationsPageTest - Entered value: 12000
2025-01-17 09:06:41 [main] DEBUG l.i.uztis.tests.InvitationsPageTest - Entered value: 13000
2025-01-17 09:06:41 [main] DEBUG l.i.uztis.tests.InvitationsPageTest - Checked 'Legal Entities' checkbox.
2025-01-17 09:06:41 [main] DEBUG l.i.uztis.tests.InvitationsPageTest - Unchecked 'Persons Registered with Employment Service' checkbox.
2025-01-17 09:06:41 [main] DEBUG l.i.uztis.tests.InvitationsPageTest - Checked 'Persons Registered as Employers' checkbox.
2025-01-17 09:06:41 [main] DEBUG l.i.uztis.tests.InvitationsPageTest - Entered budget: '2000'.
2025-01-17 09:06:42 [main] DEBUG l.i.uztis.tests.InvitationsPageTest - Entered description text: 'Aprašo tekstas'.
2025-01-17 09:06:42 [main] DEBUG l.i.uztis.tests.InvitationsPageTest - Entered applicants text: 'Pareiškėjų tekstas'.
2025-01-17 09:06:42 [main] DEBUG l.i.uztis.tests.InvitationsPageTest - Entered expenditures text: 'Išlaidų tekstas'.
2025-01-17 09:06:42 [main] DEBUG l.i.uztis.tests.InvitationsPageTest - Entered legislation text: 'Teisės aktų tekstas'.
2025-01-17 09:06:42 [main] DEBUG l.i.uztis.tests.InvitationsPageTest - Entered education text: 'Mokymų tekstas'.
2025-01-17 09:06:42 [main] DEBUG l.i.uztis.tests.InvitationsPageTest - File uploaded.
2025-01-17 09:06:42 [main] DEBUG l.i.uztis.tests.InvitationsPageTest - Clicked 'Publish'.
2025-01-17 09:06:42 [main] DEBUG l.i.uztis.tests.InvitationsPageTest - Publication confirmed.
2025-01-17 09:06:43 [main] ERROR l.i.uztis.tests.InvitationsPageTest - Test 'testCreateNewDvpInvitation' failed with error: Expected message not found: Duomenys sėkmingai išsaugoti. ==> expected: <true> but was: <false>
org.opentest4j.AssertionFailedError: Expected message not found: Duomenys sėkmingai išsaugoti. ==> expected: <true> but was: <false>
	at org.junit.jupiter.api.AssertionFailureBuilder.build(AssertionFailureBuilder.java:151)
	at org.junit.jupiter.api.AssertionFailureBuilder.buildAndThrow(AssertionFailureBuilder.java:132)
	at org.junit.jupiter.api.AssertTrue.failNotTrue(AssertTrue.java:63)
	at org.junit.jupiter.api.AssertTrue.assertTrue(AssertTrue.java:36)
	at org.junit.jupiter.api.Assertions.assertTrue(Assertions.java:210)
	at lt.insoft.uztis.tests.InvitationsPageTest.verifySuccessMessage(InvitationsPageTest.java:56)
	at lt.insoft.uztis.tests.InvitationsPageTest.testCreateNewDvpInvitation(InvitationsPageTest.java:571)
	at java.base/jdk.internal.reflect.DirectMethodHandleAccessor.invoke(DirectMethodHandleAccessor.java:103)
	at java.base/java.lang.reflect.Method.invoke(Method.java:580)
	at org.junit.platform.commons.util.ReflectionUtils.invokeMethod(ReflectionUtils.java:728)
	at org.junit.jupiter.engine.execution.MethodInvocation.proceed(MethodInvocation.java:60)
	at org.junit.jupiter.engine.execution.InvocationInterceptorChain$ValidatingInvocation.proceed(InvocationInterceptorChain.java:131)
	at org.junit.jupiter.engine.extension.TimeoutExtension.intercept(TimeoutExtension.java:156)
	at org.junit.jupiter.engine.extension.TimeoutExtension.interceptTestableMethod(TimeoutExtension.java:147)
	at org.junit.jupiter.engine.extension.TimeoutExtension.interceptTestMethod(TimeoutExtension.java:86)
	at org.junit.jupiter.engine.execution.InterceptingExecutableInvoker$ReflectiveInterceptorCall.lambda$ofVoidMethod$0(InterceptingExecutableInvoker.java:103)
	at org.junit.jupiter.engine.execution.InterceptingExecutableInvoker.lambda$invoke$0(InterceptingExecutableInvoker.java:93)
	at org.junit.jupiter.engine.execution.InvocationInterceptorChain$InterceptedInvocation.proceed(InvocationInterceptorChain.java:106)
	at org.junit.jupiter.engine.execution.InvocationInterceptorChain.proceed(InvocationInterceptorChain.java:64)
	at org.junit.jupiter.engine.execution.InvocationInterceptorChain.chainAndInvoke(InvocationInterceptorChain.java:45)
	at org.junit.jupiter.engine.execution.InvocationInterceptorChain.invoke(InvocationInterceptorChain.java:37)
	at org.junit.jupiter.engine.execution.InterceptingExecutableInvoker.invoke(InterceptingExecutableInvoker.java:92)
	at org.junit.jupiter.engine.execution.InterceptingExecutableInvoker.invoke(InterceptingExecutableInvoker.java:86)
	at org.junit.jupiter.engine.descriptor.TestMethodTestDescriptor.lambda$invokeTestMethod$7(TestMethodTestDescriptor.java:218)
	at org.junit.platform.engine.support.hierarchical.ThrowableCollector.execute(ThrowableCollector.java:73)
	at org.junit.jupiter.engine.descriptor.TestMethodTestDescriptor.invokeTestMethod(TestMethodTestDescriptor.java:214)
	at org.junit.jupiter.engine.descriptor.TestMethodTestDescriptor.execute(TestMethodTestDescriptor.java:139)
	at org.junit.jupiter.engine.descriptor.TestMethodTestDescriptor.execute(TestMethodTestDescriptor.java:69)
	at org.junit.platform.engine.support.hierarchical.NodeTestTask.lambda$executeRecursively$6(NodeTestTask.java:151)
	at org.junit.platform.engine.support.hierarchical.ThrowableCollector.execute(ThrowableCollector.java:73)
	at org.junit.platform.engine.support.hierarchical.NodeTestTask.lambda$executeRecursively$8(NodeTestTask.java:141)
	at org.junit.platform.engine.support.hierarchical.Node.around(Node.java:137)
	at org.junit.platform.engine.support.hierarchical.NodeTestTask.lambda$executeRecursively$9(NodeTestTask.java:139)
	at org.junit.platform.engine.support.hierarchical.ThrowableCollector.execute(ThrowableCollector.java:73)
	at org.junit.platform.engine.support.hierarchical.NodeTestTask.executeRecursively(NodeTestTask.java:138)
	at org.junit.platform.engine.support.hierarchical.NodeTestTask.execute(NodeTestTask.java:95)
	at java.base/java.util.ArrayList.forEach(ArrayList.java:1596)
	at org.junit.platform.engine.support.hierarchical.SameThreadHierarchicalTestExecutorService.invokeAll(SameThreadHierarchicalTestExecutorService.java:41)
	at org.junit.platform.engine.support.hierarchical.NodeTestTask.lambda$executeRecursively$6(NodeTestTask.java:155)
	at org.junit.platform.engine.support.hierarchical.ThrowableCollector.execute(ThrowableCollector.java:73)
	at org.junit.platform.engine.support.hierarchical.NodeTestTask.lambda$executeRecursively$8(NodeTestTask.java:141)
	at org.junit.platform.engine.support.hierarchical.Node.around(Node.java:137)
	at org.junit.platform.engine.support.hierarchical.NodeTestTask.lambda$executeRecursively$9(NodeTestTask.java:139)
	at org.junit.platform.engine.support.hierarchical.ThrowableCollector.execute(ThrowableCollector.java:73)
	at org.junit.platform.engine.support.hierarchical.NodeTestTask.executeRecursively(NodeTestTask.java:138)
	at org.junit.platform.engine.support.hierarchical.NodeTestTask.execute(NodeTestTask.java:95)
	at java.base/java.util.ArrayList.forEach(ArrayList.java:1596)
	at org.junit.platform.engine.support.hierarchical.SameThreadHierarchicalTestExecutorService.invokeAll(SameThreadHierarchicalTestExecutorService.java:41)
	at org.junit.platform.engine.support.hierarchical.NodeTestTask.lambda$executeRecursively$6(NodeTestTask.java:155)
	at org.junit.platform.engine.support.hierarchical.ThrowableCollector.execute(ThrowableCollector.java:73)
	at org.junit.platform.engine.support.hierarchical.NodeTestTask.lambda$executeRecursively$8(NodeTestTask.java:141)
	at org.junit.platform.engine.support.hierarchical.Node.around(Node.java:137)
	at org.junit.platform.engine.support.hierarchical.NodeTestTask.lambda$executeRecursively$9(NodeTestTask.java:139)
	at org.junit.platform.engine.support.hierarchical.ThrowableCollector.execute(ThrowableCollector.java:73)
	at org.junit.platform.engine.support.hierarchical.NodeTestTask.executeRecursively(NodeTestTask.java:138)
	at org.junit.platform.engine.support.hierarchical.NodeTestTask.execute(NodeTestTask.java:95)
	at org.junit.platform.engine.support.hierarchical.SameThreadHierarchicalTestExecutorService.submit(SameThreadHierarchicalTestExecutorService.java:35)
	at org.junit.platform.engine.support.hierarchical.HierarchicalTestExecutor.execute(HierarchicalTestExecutor.java:57)
	at org.junit.platform.engine.support.hierarchical.HierarchicalTestEngine.execute(HierarchicalTestEngine.java:54)
	at org.junit.platform.launcher.core.EngineExecutionOrchestrator.execute(EngineExecutionOrchestrator.java:198)
	at org.junit.platform.launcher.core.EngineExecutionOrchestrator.execute(EngineExecutionOrchestrator.java:169)
	at org.junit.platform.launcher.core.EngineExecutionOrchestrator.execute(EngineExecutionOrchestrator.java:93)
	at org.junit.platform.launcher.core.EngineExecutionOrchestrator.lambda$execute$0(EngineExecutionOrchestrator.java:58)
	at org.junit.platform.launcher.core.EngineExecutionOrchestrator.withInterceptedStreams(EngineExecutionOrchestrator.java:141)
	at org.junit.platform.launcher.core.EngineExecutionOrchestrator.execute(EngineExecutionOrchestrator.java:57)
	at org.junit.platform.launcher.core.DefaultLauncher.execute(DefaultLauncher.java:103)
	at org.junit.platform.launcher.core.DefaultLauncher.execute(DefaultLauncher.java:85)
	at org.junit.platform.launcher.core.DelegatingLauncher.execute(DelegatingLauncher.java:47)
	at org.junit.platform.launcher.core.SessionPerRequestLauncher.execute(SessionPerRequestLauncher.java:63)
	at com.intellij.junit5.JUnit5IdeaTestRunner.startRunnerWithArgs(JUnit5IdeaTestRunner.java:57)
	at com.intellij.rt.junit.IdeaTestRunner$Repeater$1.execute(IdeaTestRunner.java:38)
	at com.intellij.rt.execution.junit.TestsRepeater.repeat(TestsRepeater.java:11)
	at com.intellij.rt.junit.IdeaTestRunner$Repeater.startRunnerWithArgs(IdeaTestRunner.java:35)
	at com.intellij.rt.junit.JUnitStarter.prepareStreamsAndStart(JUnitStarter.java:232)
	at com.intellij.rt.junit.JUnitStarter.main(JUnitStarter.java:55)
2025-01-17 09:06:43 [main] INFO  l.insoft.uztis.tests.utils.TestUtils - Screenshot moved to C:\Users\ingrida.zadorozniene\Desktop\Asm\UZTIS\UZTIS_tests\test-output\screenshots\20250117\090643779_testCreateNewDvpInvitation().png
2025-01-17 09:07:48 [main] INFO  lt.insoft.uztis.tests.UztisPageTest - Navigated to https://uztisdev.asseco.lt/home
2025-01-17 09:07:48 [main] INFO  l.i.uztis.tests.InvitationsPageTest - Starting test:'testCreateNewDvpInvitation'
2025-01-17 09:07:49 [main] DEBUG l.i.uztis.tests.InvitationsPageTest - User logged in with test credentials
2025-01-17 09:07:49 [main] DEBUG l.i.uztis.tests.InvitationsPageTest - Opened 'Application Processing' menu.
2025-01-17 09:07:49 [main] DEBUG l.i.uztis.tests.InvitationsPageTest - Clicked on 'Application Forms' menu.
2025-01-17 09:07:49 [main] DEBUG l.i.uztis.tests.InvitationsPageTest - Navigating to application forms menu.
2025-01-17 09:07:49 [main] DEBUG l.i.uztis.tests.InvitationsPageTest - Retrieved last description code text: 'TST-DVP-68'.
2025-01-17 09:07:50 [main] DEBUG l.i.uztis.tests.InvitationsPageTest - Clicked on 'Invitation' menu.
2025-01-17 09:07:50 [main] DEBUG l.i.uztis.tests.InvitationsPageTest - Clicked 'Create New Application Form'.
2025-01-17 09:07:50 [main] DEBUG l.i.uztis.tests.InvitationsPageTest - Selected section by code: 'TST-DVP-68'.
2025-01-17 09:07:51 [main] DEBUG l.i.uztis.tests.InvitationsPageTest - Selected invitation number from the list.
2025-01-17 09:07:51 [main] DEBUG l.i.uztis.tests.InvitationsPageTest - Entered current date.
2025-01-17 09:07:51 [main] DEBUG l.i.uztis.tests.InvitationsPageTest - Entered start time: 00:00.
2025-01-17 09:07:52 [main] DEBUG l.i.uztis.tests.InvitationsPageTest - Entered end date.
2025-01-17 09:07:52 [main] DEBUG l.i.uztis.tests.InvitationsPageTest - Entered end time: 11:11.
2025-01-17 09:07:52 [main] DEBUG l.i.uztis.tests.InvitationsPageTest - Entered publication end date.
2025-01-17 09:07:52 [main] DEBUG l.i.uztis.tests.InvitationsPageTest - Added additional values.
2025-01-17 09:07:52 [main] INFO  l.insoft.uztis.pages.InvitationsPage - Located the dropdown button.
2025-01-17 09:07:53 [main] DEBUG l.i.uztis.tests.InvitationsPageTest - Selected the value: 'Didžiausia galima paramos suma aplinkos darbo vietai, Eur'
2025-01-17 09:07:53 [main] INFO  l.insoft.uztis.pages.InvitationsPage - Located the dropdown button.
2025-01-17 09:07:53 [main] DEBUG l.i.uztis.tests.InvitationsPageTest - Selected the value: 'Didžiausia galima paramos suma, Eur'
2025-01-17 09:07:53 [main] INFO  l.insoft.uztis.pages.InvitationsPage - Located the dropdown button.
2025-01-17 09:07:53 [main] DEBUG l.i.uztis.tests.InvitationsPageTest - Selected the value: 'Didžiausia galima paramos suma vienai darbo vietai, Eur'
2025-01-17 09:07:54 [main] DEBUG l.i.uztis.tests.InvitationsPageTest - Entered value: 11000
2025-01-17 09:07:54 [main] DEBUG l.i.uztis.tests.InvitationsPageTest - Entered value: 12000
2025-01-17 09:07:54 [main] DEBUG l.i.uztis.tests.InvitationsPageTest - Entered value: 13000
2025-01-17 09:07:54 [main] DEBUG l.i.uztis.tests.InvitationsPageTest - Checked 'Legal Entities' checkbox.
2025-01-17 09:07:54 [main] DEBUG l.i.uztis.tests.InvitationsPageTest - Unchecked 'Persons Registered with Employment Service' checkbox.
2025-01-17 09:07:54 [main] DEBUG l.i.uztis.tests.InvitationsPageTest - Checked 'Persons Registered as Employers' checkbox.
2025-01-17 09:07:54 [main] DEBUG l.i.uztis.tests.InvitationsPageTest - Entered budget: '2000'.
2025-01-17 09:07:55 [main] DEBUG l.i.uztis.tests.InvitationsPageTest - Entered description text: 'Aprašo tekstas'.
2025-01-17 09:07:55 [main] DEBUG l.i.uztis.tests.InvitationsPageTest - Entered applicants text: 'Pareiškėjų tekstas'.
2025-01-17 09:07:55 [main] DEBUG l.i.uztis.tests.InvitationsPageTest - Entered expenditures text: 'Išlaidų tekstas'.
2025-01-17 09:07:55 [main] DEBUG l.i.uztis.tests.InvitationsPageTest - Entered legislation text: 'Teisės aktų tekstas'.
2025-01-17 09:07:55 [main] DEBUG l.i.uztis.tests.InvitationsPageTest - Entered education text: 'Mokymų tekstas'.
2025-01-17 09:07:55 [main] DEBUG l.i.uztis.tests.InvitationsPageTest - File uploaded.
2025-01-17 09:07:55 [main] DEBUG l.i.uztis.tests.InvitationsPageTest - Clicked 'Publish'.
2025-01-17 09:07:55 [main] DEBUG l.i.uztis.tests.InvitationsPageTest - Publication confirmed.
2025-01-17 09:07:56 [main] ERROR l.i.uztis.tests.InvitationsPageTest - Test 'testCreateNewDvpInvitation' failed with error: Expected message not found: Duomenys sėkmingai išsaugoti. ==> expected: <true> but was: <false>
org.opentest4j.AssertionFailedError: Expected message not found: Duomenys sėkmingai išsaugoti. ==> expected: <true> but was: <false>
	at org.junit.jupiter.api.AssertionFailureBuilder.build(AssertionFailureBuilder.java:151)
	at org.junit.jupiter.api.AssertionFailureBuilder.buildAndThrow(AssertionFailureBuilder.java:132)
	at org.junit.jupiter.api.AssertTrue.failNotTrue(AssertTrue.java:63)
	at org.junit.jupiter.api.AssertTrue.assertTrue(AssertTrue.java:36)
	at org.junit.jupiter.api.Assertions.assertTrue(Assertions.java:210)
	at lt.insoft.uztis.tests.InvitationsPageTest.verifySuccessMessage(InvitationsPageTest.java:56)
	at lt.insoft.uztis.tests.InvitationsPageTest.testCreateNewDvpInvitation(InvitationsPageTest.java:571)
	at java.base/jdk.internal.reflect.DirectMethodHandleAccessor.invoke(DirectMethodHandleAccessor.java:103)
	at java.base/java.lang.reflect.Method.invoke(Method.java:580)
	at org.junit.platform.commons.util.ReflectionUtils.invokeMethod(ReflectionUtils.java:728)
	at org.junit.jupiter.engine.execution.MethodInvocation.proceed(MethodInvocation.java:60)
	at org.junit.jupiter.engine.execution.InvocationInterceptorChain$ValidatingInvocation.proceed(InvocationInterceptorChain.java:131)
	at org.junit.jupiter.engine.extension.TimeoutExtension.intercept(TimeoutExtension.java:156)
	at org.junit.jupiter.engine.extension.TimeoutExtension.interceptTestableMethod(TimeoutExtension.java:147)
	at org.junit.jupiter.engine.extension.TimeoutExtension.interceptTestMethod(TimeoutExtension.java:86)
	at org.junit.jupiter.engine.execution.InterceptingExecutableInvoker$ReflectiveInterceptorCall.lambda$ofVoidMethod$0(InterceptingExecutableInvoker.java:103)
	at org.junit.jupiter.engine.execution.InterceptingExecutableInvoker.lambda$invoke$0(InterceptingExecutableInvoker.java:93)
	at org.junit.jupiter.engine.execution.InvocationInterceptorChain$InterceptedInvocation.proceed(InvocationInterceptorChain.java:106)
	at org.junit.jupiter.engine.execution.InvocationInterceptorChain.proceed(InvocationInterceptorChain.java:64)
	at org.junit.jupiter.engine.execution.InvocationInterceptorChain.chainAndInvoke(InvocationInterceptorChain.java:45)
	at org.junit.jupiter.engine.execution.InvocationInterceptorChain.invoke(InvocationInterceptorChain.java:37)
	at org.junit.jupiter.engine.execution.InterceptingExecutableInvoker.invoke(InterceptingExecutableInvoker.java:92)
	at org.junit.jupiter.engine.execution.InterceptingExecutableInvoker.invoke(InterceptingExecutableInvoker.java:86)
	at org.junit.jupiter.engine.descriptor.TestMethodTestDescriptor.lambda$invokeTestMethod$7(TestMethodTestDescriptor.java:218)
	at org.junit.platform.engine.support.hierarchical.ThrowableCollector.execute(ThrowableCollector.java:73)
	at org.junit.jupiter.engine.descriptor.TestMethodTestDescriptor.invokeTestMethod(TestMethodTestDescriptor.java:214)
	at org.junit.jupiter.engine.descriptor.TestMethodTestDescriptor.execute(TestMethodTestDescriptor.java:139)
	at org.junit.jupiter.engine.descriptor.TestMethodTestDescriptor.execute(TestMethodTestDescriptor.java:69)
	at org.junit.platform.engine.support.hierarchical.NodeTestTask.lambda$executeRecursively$6(NodeTestTask.java:151)
	at org.junit.platform.engine.support.hierarchical.ThrowableCollector.execute(ThrowableCollector.java:73)
	at org.junit.platform.engine.support.hierarchical.NodeTestTask.lambda$executeRecursively$8(NodeTestTask.java:141)
	at org.junit.platform.engine.support.hierarchical.Node.around(Node.java:137)
	at org.junit.platform.engine.support.hierarchical.NodeTestTask.lambda$executeRecursively$9(NodeTestTask.java:139)
	at org.junit.platform.engine.support.hierarchical.ThrowableCollector.execute(ThrowableCollector.java:73)
	at org.junit.platform.engine.support.hierarchical.NodeTestTask.executeRecursively(NodeTestTask.java:138)
	at org.junit.platform.engine.support.hierarchical.NodeTestTask.execute(NodeTestTask.java:95)
	at java.base/java.util.ArrayList.forEach(ArrayList.java:1596)
	at org.junit.platform.engine.support.hierarchical.SameThreadHierarchicalTestExecutorService.invokeAll(SameThreadHierarchicalTestExecutorService.java:41)
	at org.junit.platform.engine.support.hierarchical.NodeTestTask.lambda$executeRecursively$6(NodeTestTask.java:155)
	at org.junit.platform.engine.support.hierarchical.ThrowableCollector.execute(ThrowableCollector.java:73)
	at org.junit.platform.engine.support.hierarchical.NodeTestTask.lambda$executeRecursively$8(NodeTestTask.java:141)
	at org.junit.platform.engine.support.hierarchical.Node.around(Node.java:137)
	at org.junit.platform.engine.support.hierarchical.NodeTestTask.lambda$executeRecursively$9(NodeTestTask.java:139)
	at org.junit.platform.engine.support.hierarchical.ThrowableCollector.execute(ThrowableCollector.java:73)
	at org.junit.platform.engine.support.hierarchical.NodeTestTask.executeRecursively(NodeTestTask.java:138)
	at org.junit.platform.engine.support.hierarchical.NodeTestTask.execute(NodeTestTask.java:95)
	at java.base/java.util.ArrayList.forEach(ArrayList.java:1596)
	at org.junit.platform.engine.support.hierarchical.SameThreadHierarchicalTestExecutorService.invokeAll(SameThreadHierarchicalTestExecutorService.java:41)
	at org.junit.platform.engine.support.hierarchical.NodeTestTask.lambda$executeRecursively$6(NodeTestTask.java:155)
	at org.junit.platform.engine.support.hierarchical.ThrowableCollector.execute(ThrowableCollector.java:73)
	at org.junit.platform.engine.support.hierarchical.NodeTestTask.lambda$executeRecursively$8(NodeTestTask.java:141)
	at org.junit.platform.engine.support.hierarchical.Node.around(Node.java:137)
	at org.junit.platform.engine.support.hierarchical.NodeTestTask.lambda$executeRecursively$9(NodeTestTask.java:139)
	at org.junit.platform.engine.support.hierarchical.ThrowableCollector.execute(ThrowableCollector.java:73)
	at org.junit.platform.engine.support.hierarchical.NodeTestTask.executeRecursively(NodeTestTask.java:138)
	at org.junit.platform.engine.support.hierarchical.NodeTestTask.execute(NodeTestTask.java:95)
	at org.junit.platform.engine.support.hierarchical.SameThreadHierarchicalTestExecutorService.submit(SameThreadHierarchicalTestExecutorService.java:35)
	at org.junit.platform.engine.support.hierarchical.HierarchicalTestExecutor.execute(HierarchicalTestExecutor.java:57)
	at org.junit.platform.engine.support.hierarchical.HierarchicalTestEngine.execute(HierarchicalTestEngine.java:54)
	at org.junit.platform.launcher.core.EngineExecutionOrchestrator.execute(EngineExecutionOrchestrator.java:198)
	at org.junit.platform.launcher.core.EngineExecutionOrchestrator.execute(EngineExecutionOrchestrator.java:169)
	at org.junit.platform.launcher.core.EngineExecutionOrchestrator.execute(EngineExecutionOrchestrator.java:93)
	at org.junit.platform.launcher.core.EngineExecutionOrchestrator.lambda$execute$0(EngineExecutionOrchestrator.java:58)
	at org.junit.platform.launcher.core.EngineExecutionOrchestrator.withInterceptedStreams(EngineExecutionOrchestrator.java:141)
	at org.junit.platform.launcher.core.EngineExecutionOrchestrator.execute(EngineExecutionOrchestrator.java:57)
	at org.junit.platform.launcher.core.DefaultLauncher.execute(DefaultLauncher.java:103)
	at org.junit.platform.launcher.core.DefaultLauncher.execute(DefaultLauncher.java:85)
	at org.junit.platform.launcher.core.DelegatingLauncher.execute(DelegatingLauncher.java:47)
	at org.junit.platform.launcher.core.SessionPerRequestLauncher.execute(SessionPerRequestLauncher.java:63)
	at com.intellij.junit5.JUnit5IdeaTestRunner.startRunnerWithArgs(JUnit5IdeaTestRunner.java:57)
	at com.intellij.rt.junit.IdeaTestRunner$Repeater$1.execute(IdeaTestRunner.java:38)
	at com.intellij.rt.execution.junit.TestsRepeater.repeat(TestsRepeater.java:11)
	at com.intellij.rt.junit.IdeaTestRunner$Repeater.startRunnerWithArgs(IdeaTestRunner.java:35)
	at com.intellij.rt.junit.JUnitStarter.prepareStreamsAndStart(JUnitStarter.java:232)
	at com.intellij.rt.junit.JUnitStarter.main(JUnitStarter.java:55)
2025-01-17 09:07:56 [main] INFO  l.insoft.uztis.tests.utils.TestUtils - Screenshot moved to C:\Users\ingrida.zadorozniene\Desktop\Asm\UZTIS\UZTIS_tests\test-output\screenshots\20250117\090756673_testCreateNewDvpInvitation().png
2025-01-17 09:33:18 [main] INFO  lt.insoft.uztis.tests.UztisPageTest - Navigated to https://uztisdev.asseco.lt/home
2025-01-17 09:33:18 [main] INFO  l.i.u.tests.ApplicationFormsPageTest - Setup complete. ApplicationFormsPage initialized.
2025-01-17 09:33:18 [main] INFO  l.i.u.tests.ApplicationFormsPageTest - Starting test:'testCreateNewVuiApplication'
2025-01-17 09:33:19 [main] DEBUG l.i.u.tests.ApplicationFormsPageTest - User logged in with test credentials
2025-01-17 09:33:19 [main] DEBUG l.i.u.tests.ApplicationFormsPageTest - Opened 'Application Processing' menu.
2025-01-17 09:33:19 [main] DEBUG l.i.u.tests.ApplicationFormsPageTest - Clicked on 'Application Forms' menu.
2025-01-17 09:33:20 [main] DEBUG l.i.u.tests.ApplicationFormsPageTest - Clicked to create a new application form.
2025-01-17 09:33:20 [main] DEBUG l.i.u.tests.ApplicationFormsPageTest - Entered random application code: TST-VUI-39
2025-01-17 09:33:20 [main] DEBUG l.i.u.tests.ApplicationFormsPageTest - Selected 'Section' radio button.
2025-01-17 09:33:20 [main] INFO  l.i.uztis.pages.ApplicationFormsPage - Located the dropdown button.
2025-01-17 09:33:20 [main] INFO  l.i.uztis.pages.ApplicationFormsPage - Successfully selected the value: 'Skyrius 1'
2025-01-17 09:33:31 [main] ERROR l.i.uztis.pages.ApplicationFormsPage - Failed to close the dropdown with aria-expanded = 'false'.
2025-01-17 09:33:31 [main] DEBUG l.i.u.tests.ApplicationFormsPageTest - Selected a value from the 'Section' dropdown: 'Skyrius 1'
2025-01-17 09:33:31 [main] DEBUG l.i.u.tests.ApplicationFormsPageTest - Selected 'Budget by Municipality' option.
2025-01-17 09:33:31 [main] DEBUG l.i.u.tests.ApplicationFormsPageTest - Selected 'Financed Without Queue' option.
2025-01-17 09:33:31 [main] DEBUG l.i.u.tests.ApplicationFormsPageTest - Clicked 'Add' button.
2025-01-17 09:33:31 [main] INFO  l.i.uztis.pages.ApplicationFormsPage - Located the dropdown button.
2025-01-17 09:33:31 [main] ERROR l.i.uztis.pages.ApplicationFormsPage - Option 'VUI paraiškos vertinimo forma - I etapas' was not found in the dropdown.
2025-01-17 09:33:31 [main] DEBUG l.i.u.tests.ApplicationFormsPageTest - Selected a value from the 'EvaluationOne' dropdown: 'VUI paraiškos vertinimo forma - I etapas'
2025-01-17 09:33:31 [main] INFO  l.i.uztis.pages.ApplicationFormsPage - Located the dropdown button.
2025-01-17 09:33:32 [main] ERROR l.i.uztis.pages.ApplicationFormsPage - Error selecting value from the list: element click intercepted: Element <mat-label>...</mat-label> is not clickable at point (435, 962). Other element would receive the click: <div class="cdk-overlay-backdrop cdk-overlay-transparent-backdrop cdk-overlay-backdrop-showing"></div>
  (Session info: chrome=131.0.6778.265)
Build info: version: '4.27.0', revision: 'd6e718d134'
System info: os.name: 'Windows 11', os.arch: 'amd64', os.version: '10.0', java.version: '21.0.3'
Driver info: org.openqa.selenium.chrome.ChromeDriver
Command: [44a13aa4ea7f092d5fb4ae735576777b, clickElement {id=f.7E55C4CE432E71EEE9437C9B5E420841.d.A7223FF044F3A9B15AE9439AA39C4B5C.e.84}]
Capabilities {acceptInsecureCerts: false, browserName: chrome, browserVersion: 131.0.6778.265, chrome: {chromedriverVersion: 131.0.6778.264 (2d05e315153..., userDataDir: C:\Users\INGRID~1.ZAD\AppDa...}, fedcm:accounts: true, goog:chromeOptions: {debuggerAddress: localhost:59978}, networkConnectionEnabled: false, pageLoadStrategy: normal, platformName: windows, proxy: Proxy(), se:cdp: ws://localhost:59978/devtoo..., se:cdpVersion: 131.0.6778.265, setWindowRect: true, strictFileInteractability: false, timeouts: {implicit: 0, pageLoad: 300000, script: 30000}, unhandledPromptBehavior: dismiss and notify, webauthn:extension:credBlob: true, webauthn:extension:largeBlob: true, webauthn:extension:minPinLength: true, webauthn:extension:prf: true, webauthn:virtualAuthenticators: true}
Element: [[ChromeDriver: chrome on windows (44a13aa4ea7f092d5fb4ae735576777b)] -> xpath: //mat-label[contains(text(), 'II etapo vertinimo forma')]]
Session ID: 44a13aa4ea7f092d5fb4ae735576777b
2025-01-17 09:33:32 [main] ERROR l.i.u.tests.ApplicationFormsPageTest - Test 'testCreateNewVuiApplication' failed with error: Failed to select from the list
java.lang.RuntimeException: Failed to select from the list
	at lt.insoft.uztis.pages.ApplicationFormsPage.selectValuesByListEvaluationTwo(ApplicationFormsPage.java:474)
	at lt.insoft.uztis.tests.ApplicationFormsPageTest.testCreateNewVuiApplication(ApplicationFormsPageTest.java:130)
	at java.base/jdk.internal.reflect.DirectMethodHandleAccessor.invoke(DirectMethodHandleAccessor.java:103)
	at java.base/java.lang.reflect.Method.invoke(Method.java:580)
	at org.junit.platform.commons.util.ReflectionUtils.invokeMethod(ReflectionUtils.java:728)
	at org.junit.jupiter.engine.execution.MethodInvocation.proceed(MethodInvocation.java:60)
	at org.junit.jupiter.engine.execution.InvocationInterceptorChain$ValidatingInvocation.proceed(InvocationInterceptorChain.java:131)
	at org.junit.jupiter.engine.extension.TimeoutExtension.intercept(TimeoutExtension.java:156)
	at org.junit.jupiter.engine.extension.TimeoutExtension.interceptTestableMethod(TimeoutExtension.java:147)
	at org.junit.jupiter.engine.extension.TimeoutExtension.interceptTestMethod(TimeoutExtension.java:86)
	at org.junit.jupiter.engine.execution.InterceptingExecutableInvoker$ReflectiveInterceptorCall.lambda$ofVoidMethod$0(InterceptingExecutableInvoker.java:103)
	at org.junit.jupiter.engine.execution.InterceptingExecutableInvoker.lambda$invoke$0(InterceptingExecutableInvoker.java:93)
	at org.junit.jupiter.engine.execution.InvocationInterceptorChain$InterceptedInvocation.proceed(InvocationInterceptorChain.java:106)
	at org.junit.jupiter.engine.execution.InvocationInterceptorChain.proceed(InvocationInterceptorChain.java:64)
	at org.junit.jupiter.engine.execution.InvocationInterceptorChain.chainAndInvoke(InvocationInterceptorChain.java:45)
	at org.junit.jupiter.engine.execution.InvocationInterceptorChain.invoke(InvocationInterceptorChain.java:37)
	at org.junit.jupiter.engine.execution.InterceptingExecutableInvoker.invoke(InterceptingExecutableInvoker.java:92)
	at org.junit.jupiter.engine.execution.InterceptingExecutableInvoker.invoke(InterceptingExecutableInvoker.java:86)
	at org.junit.jupiter.engine.descriptor.TestMethodTestDescriptor.lambda$invokeTestMethod$7(TestMethodTestDescriptor.java:218)
	at org.junit.platform.engine.support.hierarchical.ThrowableCollector.execute(ThrowableCollector.java:73)
	at org.junit.jupiter.engine.descriptor.TestMethodTestDescriptor.invokeTestMethod(TestMethodTestDescriptor.java:214)
	at org.junit.jupiter.engine.descriptor.TestMethodTestDescriptor.execute(TestMethodTestDescriptor.java:139)
	at org.junit.jupiter.engine.descriptor.TestMethodTestDescriptor.execute(TestMethodTestDescriptor.java:69)
	at org.junit.platform.engine.support.hierarchical.NodeTestTask.lambda$executeRecursively$6(NodeTestTask.java:151)
	at org.junit.platform.engine.support.hierarchical.ThrowableCollector.execute(ThrowableCollector.java:73)
	at org.junit.platform.engine.support.hierarchical.NodeTestTask.lambda$executeRecursively$8(NodeTestTask.java:141)
	at org.junit.platform.engine.support.hierarchical.Node.around(Node.java:137)
	at org.junit.platform.engine.support.hierarchical.NodeTestTask.lambda$executeRecursively$9(NodeTestTask.java:139)
	at org.junit.platform.engine.support.hierarchical.ThrowableCollector.execute(ThrowableCollector.java:73)
	at org.junit.platform.engine.support.hierarchical.NodeTestTask.executeRecursively(NodeTestTask.java:138)
	at org.junit.platform.engine.support.hierarchical.NodeTestTask.execute(NodeTestTask.java:95)
	at java.base/java.util.ArrayList.forEach(ArrayList.java:1596)
	at org.junit.platform.engine.support.hierarchical.SameThreadHierarchicalTestExecutorService.invokeAll(SameThreadHierarchicalTestExecutorService.java:41)
	at org.junit.platform.engine.support.hierarchical.NodeTestTask.lambda$executeRecursively$6(NodeTestTask.java:155)
	at org.junit.platform.engine.support.hierarchical.ThrowableCollector.execute(ThrowableCollector.java:73)
	at org.junit.platform.engine.support.hierarchical.NodeTestTask.lambda$executeRecursively$8(NodeTestTask.java:141)
	at org.junit.platform.engine.support.hierarchical.Node.around(Node.java:137)
	at org.junit.platform.engine.support.hierarchical.NodeTestTask.lambda$executeRecursively$9(NodeTestTask.java:139)
	at org.junit.platform.engine.support.hierarchical.ThrowableCollector.execute(ThrowableCollector.java:73)
	at org.junit.platform.engine.support.hierarchical.NodeTestTask.executeRecursively(NodeTestTask.java:138)
	at org.junit.platform.engine.support.hierarchical.NodeTestTask.execute(NodeTestTask.java:95)
	at java.base/java.util.ArrayList.forEach(ArrayList.java:1596)
	at org.junit.platform.engine.support.hierarchical.SameThreadHierarchicalTestExecutorService.invokeAll(SameThreadHierarchicalTestExecutorService.java:41)
	at org.junit.platform.engine.support.hierarchical.NodeTestTask.lambda$executeRecursively$6(NodeTestTask.java:155)
	at org.junit.platform.engine.support.hierarchical.ThrowableCollector.execute(ThrowableCollector.java:73)
	at org.junit.platform.engine.support.hierarchical.NodeTestTask.lambda$executeRecursively$8(NodeTestTask.java:141)
	at org.junit.platform.engine.support.hierarchical.Node.around(Node.java:137)
	at org.junit.platform.engine.support.hierarchical.NodeTestTask.lambda$executeRecursively$9(NodeTestTask.java:139)
	at org.junit.platform.engine.support.hierarchical.ThrowableCollector.execute(ThrowableCollector.java:73)
	at org.junit.platform.engine.support.hierarchical.NodeTestTask.executeRecursively(NodeTestTask.java:138)
	at org.junit.platform.engine.support.hierarchical.NodeTestTask.execute(NodeTestTask.java:95)
	at org.junit.platform.engine.support.hierarchical.SameThreadHierarchicalTestExecutorService.submit(SameThreadHierarchicalTestExecutorService.java:35)
	at org.junit.platform.engine.support.hierarchical.HierarchicalTestExecutor.execute(HierarchicalTestExecutor.java:57)
	at org.junit.platform.engine.support.hierarchical.HierarchicalTestEngine.execute(HierarchicalTestEngine.java:54)
	at org.junit.platform.launcher.core.EngineExecutionOrchestrator.execute(EngineExecutionOrchestrator.java:198)
	at org.junit.platform.launcher.core.EngineExecutionOrchestrator.execute(EngineExecutionOrchestrator.java:169)
	at org.junit.platform.launcher.core.EngineExecutionOrchestrator.execute(EngineExecutionOrchestrator.java:93)
	at org.junit.platform.launcher.core.EngineExecutionOrchestrator.lambda$execute$0(EngineExecutionOrchestrator.java:58)
	at org.junit.platform.launcher.core.EngineExecutionOrchestrator.withInterceptedStreams(EngineExecutionOrchestrator.java:141)
	at org.junit.platform.launcher.core.EngineExecutionOrchestrator.execute(EngineExecutionOrchestrator.java:57)
	at org.junit.platform.launcher.core.DefaultLauncher.execute(DefaultLauncher.java:103)
	at org.junit.platform.launcher.core.DefaultLauncher.execute(DefaultLauncher.java:85)
	at org.junit.platform.launcher.core.DelegatingLauncher.execute(DelegatingLauncher.java:47)
	at org.junit.platform.launcher.core.SessionPerRequestLauncher.execute(SessionPerRequestLauncher.java:63)
	at com.intellij.junit5.JUnit5IdeaTestRunner.startRunnerWithArgs(JUnit5IdeaTestRunner.java:57)
	at com.intellij.rt.junit.IdeaTestRunner$Repeater$1.execute(IdeaTestRunner.java:38)
	at com.intellij.rt.execution.junit.TestsRepeater.repeat(TestsRepeater.java:11)
	at com.intellij.rt.junit.IdeaTestRunner$Repeater.startRunnerWithArgs(IdeaTestRunner.java:35)
	at com.intellij.rt.junit.JUnitStarter.prepareStreamsAndStart(JUnitStarter.java:232)
	at com.intellij.rt.junit.JUnitStarter.main(JUnitStarter.java:55)
Caused by: org.openqa.selenium.ElementClickInterceptedException: element click intercepted: Element <mat-label>...</mat-label> is not clickable at point (435, 962). Other element would receive the click: <div class="cdk-overlay-backdrop cdk-overlay-transparent-backdrop cdk-overlay-backdrop-showing"></div>
  (Session info: chrome=131.0.6778.265)
Build info: version: '4.27.0', revision: 'd6e718d134'
System info: os.name: 'Windows 11', os.arch: 'amd64', os.version: '10.0', java.version: '21.0.3'
Driver info: org.openqa.selenium.chrome.ChromeDriver
Command: [44a13aa4ea7f092d5fb4ae735576777b, clickElement {id=f.7E55C4CE432E71EEE9437C9B5E420841.d.A7223FF044F3A9B15AE9439AA39C4B5C.e.84}]
Capabilities {acceptInsecureCerts: false, browserName: chrome, browserVersion: 131.0.6778.265, chrome: {chromedriverVersion: 131.0.6778.264 (2d05e315153..., userDataDir: C:\Users\INGRID~1.ZAD\AppDa...}, fedcm:accounts: true, goog:chromeOptions: {debuggerAddress: localhost:59978}, networkConnectionEnabled: false, pageLoadStrategy: normal, platformName: windows, proxy: Proxy(), se:cdp: ws://localhost:59978/devtoo..., se:cdpVersion: 131.0.6778.265, setWindowRect: true, strictFileInteractability: false, timeouts: {implicit: 0, pageLoad: 300000, script: 30000}, unhandledPromptBehavior: dismiss and notify, webauthn:extension:credBlob: true, webauthn:extension:largeBlob: true, webauthn:extension:minPinLength: true, webauthn:extension:prf: true, webauthn:virtualAuthenticators: true}
Element: [[ChromeDriver: chrome on windows (44a13aa4ea7f092d5fb4ae735576777b)] -> xpath: //mat-label[contains(text(), 'II etapo vertinimo forma')]]
Session ID: 44a13aa4ea7f092d5fb4ae735576777b
	at java.base/jdk.internal.reflect.DirectConstructorHandleAccessor.newInstance(DirectConstructorHandleAccessor.java:62)
	at java.base/java.lang.reflect.Constructor.newInstanceWithCaller(Constructor.java:502)
	at java.base/java.lang.reflect.Constructor.newInstance(Constructor.java:486)
	at org.openqa.selenium.remote.ErrorCodec.decode(ErrorCodec.java:167)
	at org.openqa.selenium.remote.codec.w3c.W3CHttpResponseCodec.decode(W3CHttpResponseCodec.java:138)
	at org.openqa.selenium.remote.codec.w3c.W3CHttpResponseCodec.decode(W3CHttpResponseCodec.java:50)
	at org.openqa.selenium.remote.HttpCommandExecutor.execute(HttpCommandExecutor.java:190)
	at org.openqa.selenium.remote.service.DriverCommandExecutor.invokeExecute(DriverCommandExecutor.java:216)
	at org.openqa.selenium.remote.service.DriverCommandExecutor.execute(DriverCommandExecutor.java:174)
	at org.openqa.selenium.remote.RemoteWebDriver.execute(RemoteWebDriver.java:545)
	at org.openqa.selenium.remote.RemoteWebElement.execute(RemoteWebElement.java:223)
	at org.openqa.selenium.remote.RemoteWebElement.click(RemoteWebElement.java:76)
	at java.base/jdk.internal.reflect.DirectMethodHandleAccessor.invoke(DirectMethodHandleAccessor.java:103)
	at java.base/java.lang.reflect.Method.invoke(Method.java:580)
	at org.openqa.selenium.support.pagefactory.internal.LocatingElementHandler.invoke(LocatingElementHandler.java:51)
	at jdk.proxy2/jdk.proxy2.$Proxy14.click(Unknown Source)
	at lt.insoft.uztis.pages.ApplicationFormsPage.selectValuesByListEvaluationTwo(ApplicationFormsPage.java:445)
	... 69 common frames omitted
2025-01-17 09:33:32 [main] INFO  l.insoft.uztis.tests.utils.TestUtils - Screenshot moved to C:\Users\ingrida.zadorozniene\Desktop\Asm\UZTIS\UZTIS_tests\test-output\screenshots\20250117\093332793_testCreateNewVuiApplication().png
2025-01-17 09:34:13 [main] INFO  lt.insoft.uztis.tests.UztisPageTest - Navigated to https://uztisdev.asseco.lt/home
2025-01-17 09:34:13 [main] INFO  l.i.u.tests.ApplicationFormsPageTest - Setup complete. ApplicationFormsPage initialized.
2025-01-17 09:34:13 [main] INFO  l.i.u.tests.ApplicationFormsPageTest - Starting test:'testCreateNewVuiApplication'
2025-01-17 09:34:14 [main] DEBUG l.i.u.tests.ApplicationFormsPageTest - User logged in with test credentials
2025-01-17 09:34:14 [main] DEBUG l.i.u.tests.ApplicationFormsPageTest - Opened 'Application Processing' menu.
2025-01-17 09:34:14 [main] DEBUG l.i.u.tests.ApplicationFormsPageTest - Clicked on 'Application Forms' menu.
2025-01-17 09:34:15 [main] DEBUG l.i.u.tests.ApplicationFormsPageTest - Clicked to create a new application form.
2025-01-17 09:34:15 [main] DEBUG l.i.u.tests.ApplicationFormsPageTest - Entered random application code: TST-VUI-51
2025-01-17 09:34:15 [main] DEBUG l.i.u.tests.ApplicationFormsPageTest - Selected 'Section' radio button.
2025-01-17 09:34:15 [main] INFO  l.i.uztis.pages.ApplicationFormsPage - Located the dropdown button.
2025-01-17 09:34:16 [main] INFO  l.i.uztis.pages.ApplicationFormsPage - Successfully selected the value: 'Skyrius 1'
2025-01-17 09:34:26 [main] ERROR l.i.uztis.pages.ApplicationFormsPage - Failed to close the dropdown with aria-expanded = 'false'.
2025-01-17 09:34:26 [main] DEBUG l.i.u.tests.ApplicationFormsPageTest - Selected a value from the 'Section' dropdown: 'Skyrius 1'
2025-01-17 09:34:26 [main] DEBUG l.i.u.tests.ApplicationFormsPageTest - Selected 'Budget by Municipality' option.
2025-01-17 09:34:26 [main] DEBUG l.i.u.tests.ApplicationFormsPageTest - Selected 'Financed Without Queue' option.
2025-01-17 09:34:26 [main] DEBUG l.i.u.tests.ApplicationFormsPageTest - Clicked 'Add' button.
2025-01-17 09:34:26 [main] INFO  l.i.uztis.pages.ApplicationFormsPage - Located the dropdown button.
2025-01-17 09:34:27 [main] INFO  l.i.uztis.pages.ApplicationFormsPage - Successfully selected the value: 'VUI paraiškos vertinimo forma - I etapas'
2025-01-17 09:34:27 [main] DEBUG l.i.u.tests.ApplicationFormsPageTest - Selected a value from the 'EvaluationOne' dropdown: 'VUI paraiškos vertinimo forma - I etapas'
2025-01-17 09:34:27 [main] INFO  l.i.uztis.pages.ApplicationFormsPage - Located the dropdown button.
2025-01-17 09:34:27 [main] INFO  l.i.uztis.pages.ApplicationFormsPage - Successfully selected the value: 'VUI paraiškos vertinimo forma - II etapas'
2025-01-17 09:34:27 [main] DEBUG l.i.u.tests.ApplicationFormsPageTest - Selected a value from the 'EvaluationTwon' dropdown: 'VUI paraiškos vertinimo forma - II etapas'
2025-01-17 09:34:27 [main] INFO  l.i.uztis.pages.ApplicationFormsPage - Located the dropdown button.
2025-01-17 09:34:27 [main] ERROR l.i.uztis.pages.ApplicationFormsPage - Option 'VUI paraiškos vertinimo forma - III etapas' was not found in the dropdown.
2025-01-17 09:34:27 [main] DEBUG l.i.u.tests.ApplicationFormsPageTest - Selected a value from the 'EvaluationThree' dropdown: 'VUI paraiškos vertinimo forma - III etapas'
2025-01-17 09:34:28 [main] ERROR l.i.u.tests.ApplicationFormsPageTest - Test 'testCreateNewVuiApplication' failed with error: element click intercepted: Element <button type="button" class="btn btn--primary-light-dashed">...</button> is not clickable at point (390, 991). Other element would receive the click: <div class="cdk-overlay-backdrop cdk-overlay-transparent-backdrop cdk-overlay-backdrop-showing"></div>
  (Session info: chrome=131.0.6778.265)
Build info: version: '4.27.0', revision: 'd6e718d134'
System info: os.name: 'Windows 11', os.arch: 'amd64', os.version: '10.0', java.version: '21.0.3'
Driver info: org.openqa.selenium.chrome.ChromeDriver
Command: [879cf2d413ac15b6d7c83e120aa541dc, clickElement {id=f.F5B3FD85D5E399952C1494ED956E21CE.d.B6656B49D387127B81314710F73C3F28.e.107}]
Capabilities {acceptInsecureCerts: false, browserName: chrome, browserVersion: 131.0.6778.265, chrome: {chromedriverVersion: 131.0.6778.264 (2d05e315153..., userDataDir: C:\Users\INGRID~1.ZAD\AppDa...}, fedcm:accounts: true, goog:chromeOptions: {debuggerAddress: localhost:60027}, networkConnectionEnabled: false, pageLoadStrategy: normal, platformName: windows, proxy: Proxy(), se:cdp: ws://localhost:60027/devtoo..., se:cdpVersion: 131.0.6778.265, setWindowRect: true, strictFileInteractability: false, timeouts: {implicit: 0, pageLoad: 300000, script: 30000}, unhandledPromptBehavior: dismiss and notify, webauthn:extension:credBlob: true, webauthn:extension:largeBlob: true, webauthn:extension:minPinLength: true, webauthn:extension:prf: true, webauthn:virtualAuthenticators: true}
Element: [[ChromeDriver: chrome on windows (879cf2d413ac15b6d7c83e120aa541dc)] -> xpath: //common-button[@btnclass='btn btn--primary-light-dashed']//button[@type='button']]
Session ID: 879cf2d413ac15b6d7c83e120aa541dc
org.openqa.selenium.ElementClickInterceptedException: element click intercepted: Element <button type="button" class="btn btn--primary-light-dashed">...</button> is not clickable at point (390, 991). Other element would receive the click: <div class="cdk-overlay-backdrop cdk-overlay-transparent-backdrop cdk-overlay-backdrop-showing"></div>
  (Session info: chrome=131.0.6778.265)
Build info: version: '4.27.0', revision: 'd6e718d134'
System info: os.name: 'Windows 11', os.arch: 'amd64', os.version: '10.0', java.version: '21.0.3'
Driver info: org.openqa.selenium.chrome.ChromeDriver
Command: [879cf2d413ac15b6d7c83e120aa541dc, clickElement {id=f.F5B3FD85D5E399952C1494ED956E21CE.d.B6656B49D387127B81314710F73C3F28.e.107}]
Capabilities {acceptInsecureCerts: false, browserName: chrome, browserVersion: 131.0.6778.265, chrome: {chromedriverVersion: 131.0.6778.264 (2d05e315153..., userDataDir: C:\Users\INGRID~1.ZAD\AppDa...}, fedcm:accounts: true, goog:chromeOptions: {debuggerAddress: localhost:60027}, networkConnectionEnabled: false, pageLoadStrategy: normal, platformName: windows, proxy: Proxy(), se:cdp: ws://localhost:60027/devtoo..., se:cdpVersion: 131.0.6778.265, setWindowRect: true, strictFileInteractability: false, timeouts: {implicit: 0, pageLoad: 300000, script: 30000}, unhandledPromptBehavior: dismiss and notify, webauthn:extension:credBlob: true, webauthn:extension:largeBlob: true, webauthn:extension:minPinLength: true, webauthn:extension:prf: true, webauthn:virtualAuthenticators: true}
Element: [[ChromeDriver: chrome on windows (879cf2d413ac15b6d7c83e120aa541dc)] -> xpath: //common-button[@btnclass='btn btn--primary-light-dashed']//button[@type='button']]
Session ID: 879cf2d413ac15b6d7c83e120aa541dc
	at java.base/jdk.internal.reflect.DirectConstructorHandleAccessor.newInstance(DirectConstructorHandleAccessor.java:62)
	at java.base/java.lang.reflect.Constructor.newInstanceWithCaller(Constructor.java:502)
	at java.base/java.lang.reflect.Constructor.newInstance(Constructor.java:486)
	at org.openqa.selenium.remote.ErrorCodec.decode(ErrorCodec.java:167)
	at org.openqa.selenium.remote.codec.w3c.W3CHttpResponseCodec.decode(W3CHttpResponseCodec.java:138)
	at org.openqa.selenium.remote.codec.w3c.W3CHttpResponseCodec.decode(W3CHttpResponseCodec.java:50)
	at org.openqa.selenium.remote.HttpCommandExecutor.execute(HttpCommandExecutor.java:190)
	at org.openqa.selenium.remote.service.DriverCommandExecutor.invokeExecute(DriverCommandExecutor.java:216)
	at org.openqa.selenium.remote.service.DriverCommandExecutor.execute(DriverCommandExecutor.java:174)
	at org.openqa.selenium.remote.RemoteWebDriver.execute(RemoteWebDriver.java:545)
	at org.openqa.selenium.remote.RemoteWebElement.execute(RemoteWebElement.java:223)
	at org.openqa.selenium.remote.RemoteWebElement.click(RemoteWebElement.java:76)
	at java.base/jdk.internal.reflect.DirectMethodHandleAccessor.invoke(DirectMethodHandleAccessor.java:103)
	at java.base/java.lang.reflect.Method.invoke(Method.java:580)
	at org.openqa.selenium.support.pagefactory.internal.LocatingElementHandler.invoke(LocatingElementHandler.java:51)
	at jdk.proxy2/jdk.proxy2.$Proxy14.click(Unknown Source)
	at lt.insoft.uztis.pages.ApplicationFormsPage.clickButtonPlus(ApplicationFormsPage.java:185)
	at lt.insoft.uztis.tests.ApplicationFormsPageTest.testCreateNewVuiApplication(ApplicationFormsPageTest.java:138)
	at java.base/jdk.internal.reflect.DirectMethodHandleAccessor.invoke(DirectMethodHandleAccessor.java:103)
	at java.base/java.lang.reflect.Method.invoke(Method.java:580)
	at org.junit.platform.commons.util.ReflectionUtils.invokeMethod(ReflectionUtils.java:728)
	at org.junit.jupiter.engine.execution.MethodInvocation.proceed(MethodInvocation.java:60)
	at org.junit.jupiter.engine.execution.InvocationInterceptorChain$ValidatingInvocation.proceed(InvocationInterceptorChain.java:131)
	at org.junit.jupiter.engine.extension.TimeoutExtension.intercept(TimeoutExtension.java:156)
	at org.junit.jupiter.engine.extension.TimeoutExtension.interceptTestableMethod(TimeoutExtension.java:147)
	at org.junit.jupiter.engine.extension.TimeoutExtension.interceptTestMethod(TimeoutExtension.java:86)
	at org.junit.jupiter.engine.execution.InterceptingExecutableInvoker$ReflectiveInterceptorCall.lambda$ofVoidMethod$0(InterceptingExecutableInvoker.java:103)
	at org.junit.jupiter.engine.execution.InterceptingExecutableInvoker.lambda$invoke$0(InterceptingExecutableInvoker.java:93)
	at org.junit.jupiter.engine.execution.InvocationInterceptorChain$InterceptedInvocation.proceed(InvocationInterceptorChain.java:106)
	at org.junit.jupiter.engine.execution.InvocationInterceptorChain.proceed(InvocationInterceptorChain.java:64)
	at org.junit.jupiter.engine.execution.InvocationInterceptorChain.chainAndInvoke(InvocationInterceptorChain.java:45)
	at org.junit.jupiter.engine.execution.InvocationInterceptorChain.invoke(InvocationInterceptorChain.java:37)
	at org.junit.jupiter.engine.execution.InterceptingExecutableInvoker.invoke(InterceptingExecutableInvoker.java:92)
	at org.junit.jupiter.engine.execution.InterceptingExecutableInvoker.invoke(InterceptingExecutableInvoker.java:86)
	at org.junit.jupiter.engine.descriptor.TestMethodTestDescriptor.lambda$invokeTestMethod$7(TestMethodTestDescriptor.java:218)
	at org.junit.platform.engine.support.hierarchical.ThrowableCollector.execute(ThrowableCollector.java:73)
	at org.junit.jupiter.engine.descriptor.TestMethodTestDescriptor.invokeTestMethod(TestMethodTestDescriptor.java:214)
	at org.junit.jupiter.engine.descriptor.TestMethodTestDescriptor.execute(TestMethodTestDescriptor.java:139)
	at org.junit.jupiter.engine.descriptor.TestMethodTestDescriptor.execute(TestMethodTestDescriptor.java:69)
	at org.junit.platform.engine.support.hierarchical.NodeTestTask.lambda$executeRecursively$6(NodeTestTask.java:151)
	at org.junit.platform.engine.support.hierarchical.ThrowableCollector.execute(ThrowableCollector.java:73)
	at org.junit.platform.engine.support.hierarchical.NodeTestTask.lambda$executeRecursively$8(NodeTestTask.java:141)
	at org.junit.platform.engine.support.hierarchical.Node.around(Node.java:137)
	at org.junit.platform.engine.support.hierarchical.NodeTestTask.lambda$executeRecursively$9(NodeTestTask.java:139)
	at org.junit.platform.engine.support.hierarchical.ThrowableCollector.execute(ThrowableCollector.java:73)
	at org.junit.platform.engine.support.hierarchical.NodeTestTask.executeRecursively(NodeTestTask.java:138)
	at org.junit.platform.engine.support.hierarchical.NodeTestTask.execute(NodeTestTask.java:95)
	at java.base/java.util.ArrayList.forEach(ArrayList.java:1596)
	at org.junit.platform.engine.support.hierarchical.SameThreadHierarchicalTestExecutorService.invokeAll(SameThreadHierarchicalTestExecutorService.java:41)
	at org.junit.platform.engine.support.hierarchical.NodeTestTask.lambda$executeRecursively$6(NodeTestTask.java:155)
	at org.junit.platform.engine.support.hierarchical.ThrowableCollector.execute(ThrowableCollector.java:73)
	at org.junit.platform.engine.support.hierarchical.NodeTestTask.lambda$executeRecursively$8(NodeTestTask.java:141)
	at org.junit.platform.engine.support.hierarchical.Node.around(Node.java:137)
	at org.junit.platform.engine.support.hierarchical.NodeTestTask.lambda$executeRecursively$9(NodeTestTask.java:139)
	at org.junit.platform.engine.support.hierarchical.ThrowableCollector.execute(ThrowableCollector.java:73)
	at org.junit.platform.engine.support.hierarchical.NodeTestTask.executeRecursively(NodeTestTask.java:138)
	at org.junit.platform.engine.support.hierarchical.NodeTestTask.execute(NodeTestTask.java:95)
	at java.base/java.util.ArrayList.forEach(ArrayList.java:1596)
	at org.junit.platform.engine.support.hierarchical.SameThreadHierarchicalTestExecutorService.invokeAll(SameThreadHierarchicalTestExecutorService.java:41)
	at org.junit.platform.engine.support.hierarchical.NodeTestTask.lambda$executeRecursively$6(NodeTestTask.java:155)
	at org.junit.platform.engine.support.hierarchical.ThrowableCollector.execute(ThrowableCollector.java:73)
	at org.junit.platform.engine.support.hierarchical.NodeTestTask.lambda$executeRecursively$8(NodeTestTask.java:141)
	at org.junit.platform.engine.support.hierarchical.Node.around(Node.java:137)
	at org.junit.platform.engine.support.hierarchical.NodeTestTask.lambda$executeRecursively$9(NodeTestTask.java:139)
	at org.junit.platform.engine.support.hierarchical.ThrowableCollector.execute(ThrowableCollector.java:73)
	at org.junit.platform.engine.support.hierarchical.NodeTestTask.executeRecursively(NodeTestTask.java:138)
	at org.junit.platform.engine.support.hierarchical.NodeTestTask.execute(NodeTestTask.java:95)
	at org.junit.platform.engine.support.hierarchical.SameThreadHierarchicalTestExecutorService.submit(SameThreadHierarchicalTestExecutorService.java:35)
	at org.junit.platform.engine.support.hierarchical.HierarchicalTestExecutor.execute(HierarchicalTestExecutor.java:57)
	at org.junit.platform.engine.support.hierarchical.HierarchicalTestEngine.execute(HierarchicalTestEngine.java:54)
	at org.junit.platform.launcher.core.EngineExecutionOrchestrator.execute(EngineExecutionOrchestrator.java:198)
	at org.junit.platform.launcher.core.EngineExecutionOrchestrator.execute(EngineExecutionOrchestrator.java:169)
	at org.junit.platform.launcher.core.EngineExecutionOrchestrator.execute(EngineExecutionOrchestrator.java:93)
	at org.junit.platform.launcher.core.EngineExecutionOrchestrator.lambda$execute$0(EngineExecutionOrchestrator.java:58)
	at org.junit.platform.launcher.core.EngineExecutionOrchestrator.withInterceptedStreams(EngineExecutionOrchestrator.java:141)
	at org.junit.platform.launcher.core.EngineExecutionOrchestrator.execute(EngineExecutionOrchestrator.java:57)
	at org.junit.platform.launcher.core.DefaultLauncher.execute(DefaultLauncher.java:103)
	at org.junit.platform.launcher.core.DefaultLauncher.execute(DefaultLauncher.java:85)
	at org.junit.platform.launcher.core.DelegatingLauncher.execute(DelegatingLauncher.java:47)
	at org.junit.platform.launcher.core.SessionPerRequestLauncher.execute(SessionPerRequestLauncher.java:63)
	at com.intellij.junit5.JUnit5IdeaTestRunner.startRunnerWithArgs(JUnit5IdeaTestRunner.java:57)
	at com.intellij.rt.junit.IdeaTestRunner$Repeater$1.execute(IdeaTestRunner.java:38)
	at com.intellij.rt.execution.junit.TestsRepeater.repeat(TestsRepeater.java:11)
	at com.intellij.rt.junit.IdeaTestRunner$Repeater.startRunnerWithArgs(IdeaTestRunner.java:35)
	at com.intellij.rt.junit.JUnitStarter.prepareStreamsAndStart(JUnitStarter.java:232)
	at com.intellij.rt.junit.JUnitStarter.main(JUnitStarter.java:55)
2025-01-17 09:34:28 [main] INFO  l.insoft.uztis.tests.utils.TestUtils - Screenshot moved to C:\Users\ingrida.zadorozniene\Desktop\Asm\UZTIS\UZTIS_tests\test-output\screenshots\20250117\093428826_testCreateNewVuiApplication().png
2025-01-17 09:34:37 [main] INFO  lt.insoft.uztis.tests.UztisPageTest - Navigated to https://uztisdev.asseco.lt/home
2025-01-17 09:34:37 [main] INFO  l.i.u.tests.ApplicationFormsPageTest - Setup complete. ApplicationFormsPage initialized.
2025-01-17 09:34:37 [main] INFO  l.i.u.tests.ApplicationFormsPageTest - Starting test:'testCreateNewVuiApplication'
2025-01-17 09:34:38 [main] DEBUG l.i.u.tests.ApplicationFormsPageTest - User logged in with test credentials
2025-01-17 09:34:38 [main] DEBUG l.i.u.tests.ApplicationFormsPageTest - Opened 'Application Processing' menu.
2025-01-17 09:34:39 [main] DEBUG l.i.u.tests.ApplicationFormsPageTest - Clicked on 'Application Forms' menu.
2025-01-17 09:34:39 [main] DEBUG l.i.u.tests.ApplicationFormsPageTest - Clicked to create a new application form.
2025-01-17 09:34:39 [main] DEBUG l.i.u.tests.ApplicationFormsPageTest - Entered random application code: TST-VUI-01
2025-01-17 09:34:39 [main] DEBUG l.i.u.tests.ApplicationFormsPageTest - Selected 'Section' radio button.
2025-01-17 09:34:39 [main] INFO  l.i.uztis.pages.ApplicationFormsPage - Located the dropdown button.
2025-01-17 09:34:40 [main] INFO  l.i.uztis.pages.ApplicationFormsPage - Successfully selected the value: 'Skyrius 1'
2025-01-17 09:34:50 [main] ERROR l.i.uztis.pages.ApplicationFormsPage - Failed to close the dropdown with aria-expanded = 'false'.
2025-01-17 09:34:50 [main] DEBUG l.i.u.tests.ApplicationFormsPageTest - Selected a value from the 'Section' dropdown: 'Skyrius 1'
2025-01-17 09:34:50 [main] DEBUG l.i.u.tests.ApplicationFormsPageTest - Selected 'Budget by Municipality' option.
2025-01-17 09:34:50 [main] DEBUG l.i.u.tests.ApplicationFormsPageTest - Selected 'Financed Without Queue' option.
2025-01-17 09:34:51 [main] DEBUG l.i.u.tests.ApplicationFormsPageTest - Clicked 'Add' button.
2025-01-17 09:34:51 [main] INFO  l.i.uztis.pages.ApplicationFormsPage - Located the dropdown button.
2025-01-17 09:34:51 [main] INFO  l.i.uztis.pages.ApplicationFormsPage - Successfully selected the value: 'VUI paraiškos vertinimo forma - I etapas'
2025-01-17 09:34:51 [main] DEBUG l.i.u.tests.ApplicationFormsPageTest - Selected a value from the 'EvaluationOne' dropdown: 'VUI paraiškos vertinimo forma - I etapas'
2025-01-17 09:34:51 [main] INFO  l.i.uztis.pages.ApplicationFormsPage - Located the dropdown button.
2025-01-17 09:34:51 [main] INFO  l.i.uztis.pages.ApplicationFormsPage - Successfully selected the value: 'VUI paraiškos vertinimo forma - II etapas'
2025-01-17 09:34:51 [main] DEBUG l.i.u.tests.ApplicationFormsPageTest - Selected a value from the 'EvaluationTwon' dropdown: 'VUI paraiškos vertinimo forma - II etapas'
2025-01-17 09:34:51 [main] INFO  l.i.uztis.pages.ApplicationFormsPage - Located the dropdown button.
2025-01-17 09:34:51 [main] ERROR l.i.uztis.pages.ApplicationFormsPage - Option 'VUI paraiškos vertinimo forma - III etapas' was not found in the dropdown.
2025-01-17 09:34:51 [main] DEBUG l.i.u.tests.ApplicationFormsPageTest - Selected a value from the 'EvaluationThree' dropdown: 'VUI paraiškos vertinimo forma - III etapas'
2025-01-17 09:34:52 [main] ERROR l.i.u.tests.ApplicationFormsPageTest - Test 'testCreateNewVuiApplication' failed with error: element click intercepted: Element <button type="button" class="btn btn--primary-light-dashed">...</button> is not clickable at point (390, 991). Other element would receive the click: <div class="cdk-overlay-backdrop cdk-overlay-transparent-backdrop cdk-overlay-backdrop-showing"></div>
  (Session info: chrome=131.0.6778.265)
Build info: version: '4.27.0', revision: 'd6e718d134'
System info: os.name: 'Windows 11', os.arch: 'amd64', os.version: '10.0', java.version: '21.0.3'
Driver info: org.openqa.selenium.chrome.ChromeDriver
Command: [a2bda378d9c9221c18098e97cfa30810, clickElement {id=f.66B1DDD853231A545C6B21ED1F0DE81D.d.5DD69E6DB8AEF953029EB6D65F6CA226.e.107}]
Capabilities {acceptInsecureCerts: false, browserName: chrome, browserVersion: 131.0.6778.265, chrome: {chromedriverVersion: 131.0.6778.264 (2d05e315153..., userDataDir: C:\Users\INGRID~1.ZAD\AppDa...}, fedcm:accounts: true, goog:chromeOptions: {debuggerAddress: localhost:60057}, networkConnectionEnabled: false, pageLoadStrategy: normal, platformName: windows, proxy: Proxy(), se:cdp: ws://localhost:60057/devtoo..., se:cdpVersion: 131.0.6778.265, setWindowRect: true, strictFileInteractability: false, timeouts: {implicit: 0, pageLoad: 300000, script: 30000}, unhandledPromptBehavior: dismiss and notify, webauthn:extension:credBlob: true, webauthn:extension:largeBlob: true, webauthn:extension:minPinLength: true, webauthn:extension:prf: true, webauthn:virtualAuthenticators: true}
Element: [[ChromeDriver: chrome on windows (a2bda378d9c9221c18098e97cfa30810)] -> xpath: //common-button[@btnclass='btn btn--primary-light-dashed']//button[@type='button']]
Session ID: a2bda378d9c9221c18098e97cfa30810
org.openqa.selenium.ElementClickInterceptedException: element click intercepted: Element <button type="button" class="btn btn--primary-light-dashed">...</button> is not clickable at point (390, 991). Other element would receive the click: <div class="cdk-overlay-backdrop cdk-overlay-transparent-backdrop cdk-overlay-backdrop-showing"></div>
  (Session info: chrome=131.0.6778.265)
Build info: version: '4.27.0', revision: 'd6e718d134'
System info: os.name: 'Windows 11', os.arch: 'amd64', os.version: '10.0', java.version: '21.0.3'
Driver info: org.openqa.selenium.chrome.ChromeDriver
Command: [a2bda378d9c9221c18098e97cfa30810, clickElement {id=f.66B1DDD853231A545C6B21ED1F0DE81D.d.5DD69E6DB8AEF953029EB6D65F6CA226.e.107}]
Capabilities {acceptInsecureCerts: false, browserName: chrome, browserVersion: 131.0.6778.265, chrome: {chromedriverVersion: 131.0.6778.264 (2d05e315153..., userDataDir: C:\Users\INGRID~1.ZAD\AppDa...}, fedcm:accounts: true, goog:chromeOptions: {debuggerAddress: localhost:60057}, networkConnectionEnabled: false, pageLoadStrategy: normal, platformName: windows, proxy: Proxy(), se:cdp: ws://localhost:60057/devtoo..., se:cdpVersion: 131.0.6778.265, setWindowRect: true, strictFileInteractability: false, timeouts: {implicit: 0, pageLoad: 300000, script: 30000}, unhandledPromptBehavior: dismiss and notify, webauthn:extension:credBlob: true, webauthn:extension:largeBlob: true, webauthn:extension:minPinLength: true, webauthn:extension:prf: true, webauthn:virtualAuthenticators: true}
Element: [[ChromeDriver: chrome on windows (a2bda378d9c9221c18098e97cfa30810)] -> xpath: //common-button[@btnclass='btn btn--primary-light-dashed']//button[@type='button']]
Session ID: a2bda378d9c9221c18098e97cfa30810
	at java.base/jdk.internal.reflect.DirectConstructorHandleAccessor.newInstance(DirectConstructorHandleAccessor.java:62)
	at java.base/java.lang.reflect.Constructor.newInstanceWithCaller(Constructor.java:502)
	at java.base/java.lang.reflect.Constructor.newInstance(Constructor.java:486)
	at org.openqa.selenium.remote.ErrorCodec.decode(ErrorCodec.java:167)
	at org.openqa.selenium.remote.codec.w3c.W3CHttpResponseCodec.decode(W3CHttpResponseCodec.java:138)
	at org.openqa.selenium.remote.codec.w3c.W3CHttpResponseCodec.decode(W3CHttpResponseCodec.java:50)
	at org.openqa.selenium.remote.HttpCommandExecutor.execute(HttpCommandExecutor.java:190)
	at org.openqa.selenium.remote.service.DriverCommandExecutor.invokeExecute(DriverCommandExecutor.java:216)
	at org.openqa.selenium.remote.service.DriverCommandExecutor.execute(DriverCommandExecutor.java:174)
	at org.openqa.selenium.remote.RemoteWebDriver.execute(RemoteWebDriver.java:545)
	at org.openqa.selenium.remote.RemoteWebElement.execute(RemoteWebElement.java:223)
	at org.openqa.selenium.remote.RemoteWebElement.click(RemoteWebElement.java:76)
	at java.base/jdk.internal.reflect.DirectMethodHandleAccessor.invoke(DirectMethodHandleAccessor.java:103)
	at java.base/java.lang.reflect.Method.invoke(Method.java:580)
	at org.openqa.selenium.support.pagefactory.internal.LocatingElementHandler.invoke(LocatingElementHandler.java:51)
	at jdk.proxy2/jdk.proxy2.$Proxy14.click(Unknown Source)
	at lt.insoft.uztis.pages.ApplicationFormsPage.clickButtonPlus(ApplicationFormsPage.java:185)
	at lt.insoft.uztis.tests.ApplicationFormsPageTest.testCreateNewVuiApplication(ApplicationFormsPageTest.java:138)
	at java.base/jdk.internal.reflect.DirectMethodHandleAccessor.invoke(DirectMethodHandleAccessor.java:103)
	at java.base/java.lang.reflect.Method.invoke(Method.java:580)
	at org.junit.platform.commons.util.ReflectionUtils.invokeMethod(ReflectionUtils.java:728)
	at org.junit.jupiter.engine.execution.MethodInvocation.proceed(MethodInvocation.java:60)
	at org.junit.jupiter.engine.execution.InvocationInterceptorChain$ValidatingInvocation.proceed(InvocationInterceptorChain.java:131)
	at org.junit.jupiter.engine.extension.TimeoutExtension.intercept(TimeoutExtension.java:156)
	at org.junit.jupiter.engine.extension.TimeoutExtension.interceptTestableMethod(TimeoutExtension.java:147)
	at org.junit.jupiter.engine.extension.TimeoutExtension.interceptTestMethod(TimeoutExtension.java:86)
	at org.junit.jupiter.engine.execution.InterceptingExecutableInvoker$ReflectiveInterceptorCall.lambda$ofVoidMethod$0(InterceptingExecutableInvoker.java:103)
	at org.junit.jupiter.engine.execution.InterceptingExecutableInvoker.lambda$invoke$0(InterceptingExecutableInvoker.java:93)
	at org.junit.jupiter.engine.execution.InvocationInterceptorChain$InterceptedInvocation.proceed(InvocationInterceptorChain.java:106)
	at org.junit.jupiter.engine.execution.InvocationInterceptorChain.proceed(InvocationInterceptorChain.java:64)
	at org.junit.jupiter.engine.execution.InvocationInterceptorChain.chainAndInvoke(InvocationInterceptorChain.java:45)
	at org.junit.jupiter.engine.execution.InvocationInterceptorChain.invoke(InvocationInterceptorChain.java:37)
	at org.junit.jupiter.engine.execution.InterceptingExecutableInvoker.invoke(InterceptingExecutableInvoker.java:92)
	at org.junit.jupiter.engine.execution.InterceptingExecutableInvoker.invoke(InterceptingExecutableInvoker.java:86)
	at org.junit.jupiter.engine.descriptor.TestMethodTestDescriptor.lambda$invokeTestMethod$7(TestMethodTestDescriptor.java:218)
	at org.junit.platform.engine.support.hierarchical.ThrowableCollector.execute(ThrowableCollector.java:73)
	at org.junit.jupiter.engine.descriptor.TestMethodTestDescriptor.invokeTestMethod(TestMethodTestDescriptor.java:214)
	at org.junit.jupiter.engine.descriptor.TestMethodTestDescriptor.execute(TestMethodTestDescriptor.java:139)
	at org.junit.jupiter.engine.descriptor.TestMethodTestDescriptor.execute(TestMethodTestDescriptor.java:69)
	at org.junit.platform.engine.support.hierarchical.NodeTestTask.lambda$executeRecursively$6(NodeTestTask.java:151)
	at org.junit.platform.engine.support.hierarchical.ThrowableCollector.execute(ThrowableCollector.java:73)
	at org.junit.platform.engine.support.hierarchical.NodeTestTask.lambda$executeRecursively$8(NodeTestTask.java:141)
	at org.junit.platform.engine.support.hierarchical.Node.around(Node.java:137)
	at org.junit.platform.engine.support.hierarchical.NodeTestTask.lambda$executeRecursively$9(NodeTestTask.java:139)
	at org.junit.platform.engine.support.hierarchical.ThrowableCollector.execute(ThrowableCollector.java:73)
	at org.junit.platform.engine.support.hierarchical.NodeTestTask.executeRecursively(NodeTestTask.java:138)
	at org.junit.platform.engine.support.hierarchical.NodeTestTask.execute(NodeTestTask.java:95)
	at java.base/java.util.ArrayList.forEach(ArrayList.java:1596)
	at org.junit.platform.engine.support.hierarchical.SameThreadHierarchicalTestExecutorService.invokeAll(SameThreadHierarchicalTestExecutorService.java:41)
	at org.junit.platform.engine.support.hierarchical.NodeTestTask.lambda$executeRecursively$6(NodeTestTask.java:155)
	at org.junit.platform.engine.support.hierarchical.ThrowableCollector.execute(ThrowableCollector.java:73)
	at org.junit.platform.engine.support.hierarchical.NodeTestTask.lambda$executeRecursively$8(NodeTestTask.java:141)
	at org.junit.platform.engine.support.hierarchical.Node.around(Node.java:137)
	at org.junit.platform.engine.support.hierarchical.NodeTestTask.lambda$executeRecursively$9(NodeTestTask.java:139)
	at org.junit.platform.engine.support.hierarchical.ThrowableCollector.execute(ThrowableCollector.java:73)
	at org.junit.platform.engine.support.hierarchical.NodeTestTask.executeRecursively(NodeTestTask.java:138)
	at org.junit.platform.engine.support.hierarchical.NodeTestTask.execute(NodeTestTask.java:95)
	at java.base/java.util.ArrayList.forEach(ArrayList.java:1596)
	at org.junit.platform.engine.support.hierarchical.SameThreadHierarchicalTestExecutorService.invokeAll(SameThreadHierarchicalTestExecutorService.java:41)
	at org.junit.platform.engine.support.hierarchical.NodeTestTask.lambda$executeRecursively$6(NodeTestTask.java:155)
	at org.junit.platform.engine.support.hierarchical.ThrowableCollector.execute(ThrowableCollector.java:73)
	at org.junit.platform.engine.support.hierarchical.NodeTestTask.lambda$executeRecursively$8(NodeTestTask.java:141)
	at org.junit.platform.engine.support.hierarchical.Node.around(Node.java:137)
	at org.junit.platform.engine.support.hierarchical.NodeTestTask.lambda$executeRecursively$9(NodeTestTask.java:139)
	at org.junit.platform.engine.support.hierarchical.ThrowableCollector.execute(ThrowableCollector.java:73)
	at org.junit.platform.engine.support.hierarchical.NodeTestTask.executeRecursively(NodeTestTask.java:138)
	at org.junit.platform.engine.support.hierarchical.NodeTestTask.execute(NodeTestTask.java:95)
	at org.junit.platform.engine.support.hierarchical.SameThreadHierarchicalTestExecutorService.submit(SameThreadHierarchicalTestExecutorService.java:35)
	at org.junit.platform.engine.support.hierarchical.HierarchicalTestExecutor.execute(HierarchicalTestExecutor.java:57)
	at org.junit.platform.engine.support.hierarchical.HierarchicalTestEngine.execute(HierarchicalTestEngine.java:54)
	at org.junit.platform.launcher.core.EngineExecutionOrchestrator.execute(EngineExecutionOrchestrator.java:198)
	at org.junit.platform.launcher.core.EngineExecutionOrchestrator.execute(EngineExecutionOrchestrator.java:169)
	at org.junit.platform.launcher.core.EngineExecutionOrchestrator.execute(EngineExecutionOrchestrator.java:93)
	at org.junit.platform.launcher.core.EngineExecutionOrchestrator.lambda$execute$0(EngineExecutionOrchestrator.java:58)
	at org.junit.platform.launcher.core.EngineExecutionOrchestrator.withInterceptedStreams(EngineExecutionOrchestrator.java:141)
	at org.junit.platform.launcher.core.EngineExecutionOrchestrator.execute(EngineExecutionOrchestrator.java:57)
	at org.junit.platform.launcher.core.DefaultLauncher.execute(DefaultLauncher.java:103)
	at org.junit.platform.launcher.core.DefaultLauncher.execute(DefaultLauncher.java:85)
	at org.junit.platform.launcher.core.DelegatingLauncher.execute(DelegatingLauncher.java:47)
	at org.junit.platform.launcher.core.SessionPerRequestLauncher.execute(SessionPerRequestLauncher.java:63)
	at com.intellij.junit5.JUnit5IdeaTestRunner.startRunnerWithArgs(JUnit5IdeaTestRunner.java:57)
	at com.intellij.rt.junit.IdeaTestRunner$Repeater$1.execute(IdeaTestRunner.java:38)
	at com.intellij.rt.execution.junit.TestsRepeater.repeat(TestsRepeater.java:11)
	at com.intellij.rt.junit.IdeaTestRunner$Repeater.startRunnerWithArgs(IdeaTestRunner.java:35)
	at com.intellij.rt.junit.JUnitStarter.prepareStreamsAndStart(JUnitStarter.java:232)
	at com.intellij.rt.junit.JUnitStarter.main(JUnitStarter.java:55)
2025-01-17 09:34:53 [main] INFO  l.insoft.uztis.tests.utils.TestUtils - Screenshot moved to C:\Users\ingrida.zadorozniene\Desktop\Asm\UZTIS\UZTIS_tests\test-output\screenshots\20250117\093453047_testCreateNewVuiApplication().png
2025-01-17 09:35:06 [main] INFO  lt.insoft.uztis.tests.UztisPageTest - Navigated to https://uztisdev.asseco.lt/home
2025-01-17 09:35:06 [main] INFO  l.i.u.tests.ApplicationFormsPageTest - Setup complete. ApplicationFormsPage initialized.
2025-01-17 09:35:06 [main] INFO  l.i.u.tests.ApplicationFormsPageTest - Starting test:'testCreateNewVuiApplication'
2025-01-17 09:35:07 [main] DEBUG l.i.u.tests.ApplicationFormsPageTest - User logged in with test credentials
2025-01-17 09:35:08 [main] DEBUG l.i.u.tests.ApplicationFormsPageTest - Opened 'Application Processing' menu.
2025-01-17 09:35:08 [main] DEBUG l.i.u.tests.ApplicationFormsPageTest - Clicked on 'Application Forms' menu.
2025-01-17 09:35:08 [main] DEBUG l.i.u.tests.ApplicationFormsPageTest - Clicked to create a new application form.
2025-01-17 09:35:08 [main] DEBUG l.i.u.tests.ApplicationFormsPageTest - Entered random application code: TST-VUI-27
2025-01-17 09:35:08 [main] DEBUG l.i.u.tests.ApplicationFormsPageTest - Selected 'Section' radio button.
2025-01-17 09:35:08 [main] INFO  l.i.uztis.pages.ApplicationFormsPage - Located the dropdown button.
2025-01-17 09:35:09 [main] INFO  l.i.uztis.pages.ApplicationFormsPage - Successfully selected the value: 'Skyrius 1'
2025-01-17 09:35:19 [main] ERROR l.i.uztis.pages.ApplicationFormsPage - Failed to close the dropdown with aria-expanded = 'false'.
2025-01-17 09:35:19 [main] DEBUG l.i.u.tests.ApplicationFormsPageTest - Selected a value from the 'Section' dropdown: 'Skyrius 1'
2025-01-17 09:35:20 [main] DEBUG l.i.u.tests.ApplicationFormsPageTest - Selected 'Budget by Municipality' option.
2025-01-17 09:35:20 [main] DEBUG l.i.u.tests.ApplicationFormsPageTest - Selected 'Financed Without Queue' option.
2025-01-17 09:35:20 [main] DEBUG l.i.u.tests.ApplicationFormsPageTest - Clicked 'Add' button.
2025-01-17 09:35:20 [main] INFO  l.i.uztis.pages.ApplicationFormsPage - Located the dropdown button.
2025-01-17 09:35:20 [main] INFO  l.i.uztis.pages.ApplicationFormsPage - Successfully selected the value: 'VUI paraiškos vertinimo forma - I etapas'
2025-01-17 09:35:20 [main] DEBUG l.i.u.tests.ApplicationFormsPageTest - Selected a value from the 'EvaluationOne' dropdown: 'VUI paraiškos vertinimo forma - I etapas'
2025-01-17 09:35:20 [main] INFO  l.i.uztis.pages.ApplicationFormsPage - Located the dropdown button.
2025-01-17 09:35:20 [main] ERROR l.i.uztis.pages.ApplicationFormsPage - Option 'VUI paraiškos vertinimo forma - II etapas' was not found in the dropdown.
2025-01-17 09:35:20 [main] DEBUG l.i.u.tests.ApplicationFormsPageTest - Selected a value from the 'EvaluationTwon' dropdown: 'VUI paraiškos vertinimo forma - II etapas'
2025-01-17 09:35:20 [main] INFO  l.i.uztis.pages.ApplicationFormsPage - Located the dropdown button.
2025-01-17 09:35:21 [main] ERROR l.i.uztis.pages.ApplicationFormsPage - Error selecting value from the list: element click intercepted: Element <mat-label>...</mat-label> is not clickable at point (437, 1004). Other element would receive the click: <div class="cdk-overlay-backdrop cdk-overlay-transparent-backdrop cdk-overlay-backdrop-showing"></div>
  (Session info: chrome=131.0.6778.265)
Build info: version: '4.27.0', revision: 'd6e718d134'
System info: os.name: 'Windows 11', os.arch: 'amd64', os.version: '10.0', java.version: '21.0.3'
Driver info: org.openqa.selenium.chrome.ChromeDriver
Command: [21178e94d475b2b4b181e6c4d9193a9b, clickElement {id=f.56C2FA718D8BB3852D3103A5594E4EFE.d.5280D63F02EC35379FF1D2DB3DA17AA5.e.89}]
Capabilities {acceptInsecureCerts: false, browserName: chrome, browserVersion: 131.0.6778.265, chrome: {chromedriverVersion: 131.0.6778.264 (2d05e315153..., userDataDir: C:\Users\INGRID~1.ZAD\AppDa...}, fedcm:accounts: true, goog:chromeOptions: {debuggerAddress: localhost:60092}, networkConnectionEnabled: false, pageLoadStrategy: normal, platformName: windows, proxy: Proxy(), se:cdp: ws://localhost:60092/devtoo..., se:cdpVersion: 131.0.6778.265, setWindowRect: true, strictFileInteractability: false, timeouts: {implicit: 0, pageLoad: 300000, script: 30000}, unhandledPromptBehavior: dismiss and notify, webauthn:extension:credBlob: true, webauthn:extension:largeBlob: true, webauthn:extension:minPinLength: true, webauthn:extension:prf: true, webauthn:virtualAuthenticators: true}
Element: [[ChromeDriver: chrome on windows (21178e94d475b2b4b181e6c4d9193a9b)] -> xpath: //mat-label[contains(text(), 'III etapo vertinimo forma')]]
Session ID: 21178e94d475b2b4b181e6c4d9193a9b
2025-01-17 09:35:21 [main] ERROR l.i.u.tests.ApplicationFormsPageTest - Test 'testCreateNewVuiApplication' failed with error: Failed to select from the list
java.lang.RuntimeException: Failed to select from the list
	at lt.insoft.uztis.pages.ApplicationFormsPage.selectValuesByListEvaluationThree(ApplicationFormsPage.java:540)
	at lt.insoft.uztis.tests.ApplicationFormsPageTest.testCreateNewVuiApplication(ApplicationFormsPageTest.java:134)
	at java.base/jdk.internal.reflect.DirectMethodHandleAccessor.invoke(DirectMethodHandleAccessor.java:103)
	at java.base/java.lang.reflect.Method.invoke(Method.java:580)
	at org.junit.platform.commons.util.ReflectionUtils.invokeMethod(ReflectionUtils.java:728)
	at org.junit.jupiter.engine.execution.MethodInvocation.proceed(MethodInvocation.java:60)
	at org.junit.jupiter.engine.execution.InvocationInterceptorChain$ValidatingInvocation.proceed(InvocationInterceptorChain.java:131)
	at org.junit.jupiter.engine.extension.TimeoutExtension.intercept(TimeoutExtension.java:156)
	at org.junit.jupiter.engine.extension.TimeoutExtension.interceptTestableMethod(TimeoutExtension.java:147)
	at org.junit.jupiter.engine.extension.TimeoutExtension.interceptTestMethod(TimeoutExtension.java:86)
	at org.junit.jupiter.engine.execution.InterceptingExecutableInvoker$ReflectiveInterceptorCall.lambda$ofVoidMethod$0(InterceptingExecutableInvoker.java:103)
	at org.junit.jupiter.engine.execution.InterceptingExecutableInvoker.lambda$invoke$0(InterceptingExecutableInvoker.java:93)
	at org.junit.jupiter.engine.execution.InvocationInterceptorChain$InterceptedInvocation.proceed(InvocationInterceptorChain.java:106)
	at org.junit.jupiter.engine.execution.InvocationInterceptorChain.proceed(InvocationInterceptorChain.java:64)
	at org.junit.jupiter.engine.execution.InvocationInterceptorChain.chainAndInvoke(InvocationInterceptorChain.java:45)
	at org.junit.jupiter.engine.execution.InvocationInterceptorChain.invoke(InvocationInterceptorChain.java:37)
	at org.junit.jupiter.engine.execution.InterceptingExecutableInvoker.invoke(InterceptingExecutableInvoker.java:92)
	at org.junit.jupiter.engine.execution.InterceptingExecutableInvoker.invoke(InterceptingExecutableInvoker.java:86)
	at org.junit.jupiter.engine.descriptor.TestMethodTestDescriptor.lambda$invokeTestMethod$7(TestMethodTestDescriptor.java:218)
	at org.junit.platform.engine.support.hierarchical.ThrowableCollector.execute(ThrowableCollector.java:73)
	at org.junit.jupiter.engine.descriptor.TestMethodTestDescriptor.invokeTestMethod(TestMethodTestDescriptor.java:214)
	at org.junit.jupiter.engine.descriptor.TestMethodTestDescriptor.execute(TestMethodTestDescriptor.java:139)
	at org.junit.jupiter.engine.descriptor.TestMethodTestDescriptor.execute(TestMethodTestDescriptor.java:69)
	at org.junit.platform.engine.support.hierarchical.NodeTestTask.lambda$executeRecursively$6(NodeTestTask.java:151)
	at org.junit.platform.engine.support.hierarchical.ThrowableCollector.execute(ThrowableCollector.java:73)
	at org.junit.platform.engine.support.hierarchical.NodeTestTask.lambda$executeRecursively$8(NodeTestTask.java:141)
	at org.junit.platform.engine.support.hierarchical.Node.around(Node.java:137)
	at org.junit.platform.engine.support.hierarchical.NodeTestTask.lambda$executeRecursively$9(NodeTestTask.java:139)
	at org.junit.platform.engine.support.hierarchical.ThrowableCollector.execute(ThrowableCollector.java:73)
	at org.junit.platform.engine.support.hierarchical.NodeTestTask.executeRecursively(NodeTestTask.java:138)
	at org.junit.platform.engine.support.hierarchical.NodeTestTask.execute(NodeTestTask.java:95)
	at java.base/java.util.ArrayList.forEach(ArrayList.java:1596)
	at org.junit.platform.engine.support.hierarchical.SameThreadHierarchicalTestExecutorService.invokeAll(SameThreadHierarchicalTestExecutorService.java:41)
	at org.junit.platform.engine.support.hierarchical.NodeTestTask.lambda$executeRecursively$6(NodeTestTask.java:155)
	at org.junit.platform.engine.support.hierarchical.ThrowableCollector.execute(ThrowableCollector.java:73)
	at org.junit.platform.engine.support.hierarchical.NodeTestTask.lambda$executeRecursively$8(NodeTestTask.java:141)
	at org.junit.platform.engine.support.hierarchical.Node.around(Node.java:137)
	at org.junit.platform.engine.support.hierarchical.NodeTestTask.lambda$executeRecursively$9(NodeTestTask.java:139)
	at org.junit.platform.engine.support.hierarchical.ThrowableCollector.execute(ThrowableCollector.java:73)
	at org.junit.platform.engine.support.hierarchical.NodeTestTask.executeRecursively(NodeTestTask.java:138)
	at org.junit.platform.engine.support.hierarchical.NodeTestTask.execute(NodeTestTask.java:95)
	at java.base/java.util.ArrayList.forEach(ArrayList.java:1596)
	at org.junit.platform.engine.support.hierarchical.SameThreadHierarchicalTestExecutorService.invokeAll(SameThreadHierarchicalTestExecutorService.java:41)
	at org.junit.platform.engine.support.hierarchical.NodeTestTask.lambda$executeRecursively$6(NodeTestTask.java:155)
	at org.junit.platform.engine.support.hierarchical.ThrowableCollector.execute(ThrowableCollector.java:73)
	at org.junit.platform.engine.support.hierarchical.NodeTestTask.lambda$executeRecursively$8(NodeTestTask.java:141)
	at org.junit.platform.engine.support.hierarchical.Node.around(Node.java:137)
	at org.junit.platform.engine.support.hierarchical.NodeTestTask.lambda$executeRecursively$9(NodeTestTask.java:139)
	at org.junit.platform.engine.support.hierarchical.ThrowableCollector.execute(ThrowableCollector.java:73)
	at org.junit.platform.engine.support.hierarchical.NodeTestTask.executeRecursively(NodeTestTask.java:138)
	at org.junit.platform.engine.support.hierarchical.NodeTestTask.execute(NodeTestTask.java:95)
	at org.junit.platform.engine.support.hierarchical.SameThreadHierarchicalTestExecutorService.submit(SameThreadHierarchicalTestExecutorService.java:35)
	at org.junit.platform.engine.support.hierarchical.HierarchicalTestExecutor.execute(HierarchicalTestExecutor.java:57)
	at org.junit.platform.engine.support.hierarchical.HierarchicalTestEngine.execute(HierarchicalTestEngine.java:54)
	at org.junit.platform.launcher.core.EngineExecutionOrchestrator.execute(EngineExecutionOrchestrator.java:198)
	at org.junit.platform.launcher.core.EngineExecutionOrchestrator.execute(EngineExecutionOrchestrator.java:169)
	at org.junit.platform.launcher.core.EngineExecutionOrchestrator.execute(EngineExecutionOrchestrator.java:93)
	at org.junit.platform.launcher.core.EngineExecutionOrchestrator.lambda$execute$0(EngineExecutionOrchestrator.java:58)
	at org.junit.platform.launcher.core.EngineExecutionOrchestrator.withInterceptedStreams(EngineExecutionOrchestrator.java:141)
	at org.junit.platform.launcher.core.EngineExecutionOrchestrator.execute(EngineExecutionOrchestrator.java:57)
	at org.junit.platform.launcher.core.DefaultLauncher.execute(DefaultLauncher.java:103)
	at org.junit.platform.launcher.core.DefaultLauncher.execute(DefaultLauncher.java:85)
	at org.junit.platform.launcher.core.DelegatingLauncher.execute(DelegatingLauncher.java:47)
	at org.junit.platform.launcher.core.SessionPerRequestLauncher.execute(SessionPerRequestLauncher.java:63)
	at com.intellij.junit5.JUnit5IdeaTestRunner.startRunnerWithArgs(JUnit5IdeaTestRunner.java:57)
	at com.intellij.rt.junit.IdeaTestRunner$Repeater$1.execute(IdeaTestRunner.java:38)
	at com.intellij.rt.execution.junit.TestsRepeater.repeat(TestsRepeater.java:11)
	at com.intellij.rt.junit.IdeaTestRunner$Repeater.startRunnerWithArgs(IdeaTestRunner.java:35)
	at com.intellij.rt.junit.JUnitStarter.prepareStreamsAndStart(JUnitStarter.java:232)
	at com.intellij.rt.junit.JUnitStarter.main(JUnitStarter.java:55)
Caused by: org.openqa.selenium.ElementClickInterceptedException: element click intercepted: Element <mat-label>...</mat-label> is not clickable at point (437, 1004). Other element would receive the click: <div class="cdk-overlay-backdrop cdk-overlay-transparent-backdrop cdk-overlay-backdrop-showing"></div>
  (Session info: chrome=131.0.6778.265)
Build info: version: '4.27.0', revision: 'd6e718d134'
System info: os.name: 'Windows 11', os.arch: 'amd64', os.version: '10.0', java.version: '21.0.3'
Driver info: org.openqa.selenium.chrome.ChromeDriver
Command: [21178e94d475b2b4b181e6c4d9193a9b, clickElement {id=f.56C2FA718D8BB3852D3103A5594E4EFE.d.5280D63F02EC35379FF1D2DB3DA17AA5.e.89}]
Capabilities {acceptInsecureCerts: false, browserName: chrome, browserVersion: 131.0.6778.265, chrome: {chromedriverVersion: 131.0.6778.264 (2d05e315153..., userDataDir: C:\Users\INGRID~1.ZAD\AppDa...}, fedcm:accounts: true, goog:chromeOptions: {debuggerAddress: localhost:60092}, networkConnectionEnabled: false, pageLoadStrategy: normal, platformName: windows, proxy: Proxy(), se:cdp: ws://localhost:60092/devtoo..., se:cdpVersion: 131.0.6778.265, setWindowRect: true, strictFileInteractability: false, timeouts: {implicit: 0, pageLoad: 300000, script: 30000}, unhandledPromptBehavior: dismiss and notify, webauthn:extension:credBlob: true, webauthn:extension:largeBlob: true, webauthn:extension:minPinLength: true, webauthn:extension:prf: true, webauthn:virtualAuthenticators: true}
Element: [[ChromeDriver: chrome on windows (21178e94d475b2b4b181e6c4d9193a9b)] -> xpath: //mat-label[contains(text(), 'III etapo vertinimo forma')]]
Session ID: 21178e94d475b2b4b181e6c4d9193a9b
	at java.base/jdk.internal.reflect.DirectConstructorHandleAccessor.newInstance(DirectConstructorHandleAccessor.java:62)
	at java.base/java.lang.reflect.Constructor.newInstanceWithCaller(Constructor.java:502)
	at java.base/java.lang.reflect.Constructor.newInstance(Constructor.java:486)
	at org.openqa.selenium.remote.ErrorCodec.decode(ErrorCodec.java:167)
	at org.openqa.selenium.remote.codec.w3c.W3CHttpResponseCodec.decode(W3CHttpResponseCodec.java:138)
	at org.openqa.selenium.remote.codec.w3c.W3CHttpResponseCodec.decode(W3CHttpResponseCodec.java:50)
	at org.openqa.selenium.remote.HttpCommandExecutor.execute(HttpCommandExecutor.java:190)
	at org.openqa.selenium.remote.service.DriverCommandExecutor.invokeExecute(DriverCommandExecutor.java:216)
	at org.openqa.selenium.remote.service.DriverCommandExecutor.execute(DriverCommandExecutor.java:174)
	at org.openqa.selenium.remote.RemoteWebDriver.execute(RemoteWebDriver.java:545)
	at org.openqa.selenium.remote.RemoteWebElement.execute(RemoteWebElement.java:223)
	at org.openqa.selenium.remote.RemoteWebElement.click(RemoteWebElement.java:76)
	at java.base/jdk.internal.reflect.DirectMethodHandleAccessor.invoke(DirectMethodHandleAccessor.java:103)
	at java.base/java.lang.reflect.Method.invoke(Method.java:580)
	at org.openqa.selenium.support.pagefactory.internal.LocatingElementHandler.invoke(LocatingElementHandler.java:51)
	at jdk.proxy2/jdk.proxy2.$Proxy14.click(Unknown Source)
	at lt.insoft.uztis.pages.ApplicationFormsPage.selectValuesByListEvaluationThree(ApplicationFormsPage.java:511)
	... 69 common frames omitted
2025-01-17 09:35:22 [main] INFO  l.insoft.uztis.tests.utils.TestUtils - Screenshot moved to C:\Users\ingrida.zadorozniene\Desktop\Asm\UZTIS\UZTIS_tests\test-output\screenshots\20250117\093522070_testCreateNewVuiApplication().png
2025-01-17 09:35:35 [main] INFO  lt.insoft.uztis.tests.UztisPageTest - Navigated to https://uztisdev.asseco.lt/home
2025-01-17 09:35:35 [main] INFO  l.i.u.tests.ApplicationFormsPageTest - Setup complete. ApplicationFormsPage initialized.
2025-01-17 09:35:35 [main] INFO  l.i.u.tests.ApplicationFormsPageTest - Starting test:'testCreateNewVuiApplication'
2025-01-17 09:35:36 [main] DEBUG l.i.u.tests.ApplicationFormsPageTest - User logged in with test credentials
2025-01-17 09:35:36 [main] DEBUG l.i.u.tests.ApplicationFormsPageTest - Opened 'Application Processing' menu.
2025-01-17 09:35:37 [main] DEBUG l.i.u.tests.ApplicationFormsPageTest - Clicked on 'Application Forms' menu.
2025-01-17 09:35:37 [main] DEBUG l.i.u.tests.ApplicationFormsPageTest - Clicked to create a new application form.
2025-01-17 09:35:37 [main] DEBUG l.i.u.tests.ApplicationFormsPageTest - Entered random application code: TST-VUI-10
2025-01-17 09:35:37 [main] DEBUG l.i.u.tests.ApplicationFormsPageTest - Selected 'Section' radio button.
2025-01-17 09:35:37 [main] INFO  l.i.uztis.pages.ApplicationFormsPage - Located the dropdown button.
2025-01-17 09:35:38 [main] INFO  l.i.uztis.pages.ApplicationFormsPage - Successfully selected the value: 'Skyrius 1'
2025-01-17 09:35:48 [main] ERROR l.i.uztis.pages.ApplicationFormsPage - Failed to close the dropdown with aria-expanded = 'false'.
2025-01-17 09:35:48 [main] DEBUG l.i.u.tests.ApplicationFormsPageTest - Selected a value from the 'Section' dropdown: 'Skyrius 1'
2025-01-17 09:35:48 [main] DEBUG l.i.u.tests.ApplicationFormsPageTest - Selected 'Budget by Municipality' option.
2025-01-17 09:35:48 [main] DEBUG l.i.u.tests.ApplicationFormsPageTest - Selected 'Financed Without Queue' option.
2025-01-17 09:35:49 [main] DEBUG l.i.u.tests.ApplicationFormsPageTest - Clicked 'Add' button.
2025-01-17 09:35:49 [main] INFO  l.i.uztis.pages.ApplicationFormsPage - Located the dropdown button.
2025-01-17 09:35:49 [main] ERROR l.i.uztis.pages.ApplicationFormsPage - Option 'VUI paraiškos vertinimo forma - I etapas' was not found in the dropdown.
2025-01-17 09:35:49 [main] DEBUG l.i.u.tests.ApplicationFormsPageTest - Selected a value from the 'EvaluationOne' dropdown: 'VUI paraiškos vertinimo forma - I etapas'
2025-01-17 09:35:49 [main] INFO  l.i.uztis.pages.ApplicationFormsPage - Located the dropdown button.
2025-01-17 09:35:50 [main] ERROR l.i.uztis.pages.ApplicationFormsPage - Error selecting value from the list: element click intercepted: Element <mat-label>...</mat-label> is not clickable at point (435, 962). Other element would receive the click: <div class="cdk-overlay-backdrop cdk-overlay-transparent-backdrop cdk-overlay-backdrop-showing"></div>
  (Session info: chrome=131.0.6778.265)
Build info: version: '4.27.0', revision: 'd6e718d134'
System info: os.name: 'Windows 11', os.arch: 'amd64', os.version: '10.0', java.version: '21.0.3'
Driver info: org.openqa.selenium.chrome.ChromeDriver
Command: [91d87b6e4f4c9bf07ac58ad0bf80692e, clickElement {id=f.659AA275188958AC78BEE9B0D00322DA.d.155F9ABA4BF91AB958A33ED67963F97A.e.85}]
Capabilities {acceptInsecureCerts: false, browserName: chrome, browserVersion: 131.0.6778.265, chrome: {chromedriverVersion: 131.0.6778.264 (2d05e315153..., userDataDir: C:\Users\INGRID~1.ZAD\AppDa...}, fedcm:accounts: true, goog:chromeOptions: {debuggerAddress: localhost:60128}, networkConnectionEnabled: false, pageLoadStrategy: normal, platformName: windows, proxy: Proxy(), se:cdp: ws://localhost:60128/devtoo..., se:cdpVersion: 131.0.6778.265, setWindowRect: true, strictFileInteractability: false, timeouts: {implicit: 0, pageLoad: 300000, script: 30000}, unhandledPromptBehavior: dismiss and notify, webauthn:extension:credBlob: true, webauthn:extension:largeBlob: true, webauthn:extension:minPinLength: true, webauthn:extension:prf: true, webauthn:virtualAuthenticators: true}
Element: [[ChromeDriver: chrome on windows (91d87b6e4f4c9bf07ac58ad0bf80692e)] -> xpath: //mat-label[contains(text(), 'II etapo vertinimo forma')]]
Session ID: 91d87b6e4f4c9bf07ac58ad0bf80692e
2025-01-17 09:35:50 [main] ERROR l.i.u.tests.ApplicationFormsPageTest - Test 'testCreateNewVuiApplication' failed with error: Failed to select from the list
java.lang.RuntimeException: Failed to select from the list
	at lt.insoft.uztis.pages.ApplicationFormsPage.selectValuesByListEvaluationTwo(ApplicationFormsPage.java:474)
	at lt.insoft.uztis.tests.ApplicationFormsPageTest.testCreateNewVuiApplication(ApplicationFormsPageTest.java:130)
	at java.base/jdk.internal.reflect.DirectMethodHandleAccessor.invoke(DirectMethodHandleAccessor.java:103)
	at java.base/java.lang.reflect.Method.invoke(Method.java:580)
	at org.junit.platform.commons.util.ReflectionUtils.invokeMethod(ReflectionUtils.java:728)
	at org.junit.jupiter.engine.execution.MethodInvocation.proceed(MethodInvocation.java:60)
	at org.junit.jupiter.engine.execution.InvocationInterceptorChain$ValidatingInvocation.proceed(InvocationInterceptorChain.java:131)
	at org.junit.jupiter.engine.extension.TimeoutExtension.intercept(TimeoutExtension.java:156)
	at org.junit.jupiter.engine.extension.TimeoutExtension.interceptTestableMethod(TimeoutExtension.java:147)
	at org.junit.jupiter.engine.extension.TimeoutExtension.interceptTestMethod(TimeoutExtension.java:86)
	at org.junit.jupiter.engine.execution.InterceptingExecutableInvoker$ReflectiveInterceptorCall.lambda$ofVoidMethod$0(InterceptingExecutableInvoker.java:103)
	at org.junit.jupiter.engine.execution.InterceptingExecutableInvoker.lambda$invoke$0(InterceptingExecutableInvoker.java:93)
	at org.junit.jupiter.engine.execution.InvocationInterceptorChain$InterceptedInvocation.proceed(InvocationInterceptorChain.java:106)
	at org.junit.jupiter.engine.execution.InvocationInterceptorChain.proceed(InvocationInterceptorChain.java:64)
	at org.junit.jupiter.engine.execution.InvocationInterceptorChain.chainAndInvoke(InvocationInterceptorChain.java:45)
	at org.junit.jupiter.engine.execution.InvocationInterceptorChain.invoke(InvocationInterceptorChain.java:37)
	at org.junit.jupiter.engine.execution.InterceptingExecutableInvoker.invoke(InterceptingExecutableInvoker.java:92)
	at org.junit.jupiter.engine.execution.InterceptingExecutableInvoker.invoke(InterceptingExecutableInvoker.java:86)
	at org.junit.jupiter.engine.descriptor.TestMethodTestDescriptor.lambda$invokeTestMethod$7(TestMethodTestDescriptor.java:218)
	at org.junit.platform.engine.support.hierarchical.ThrowableCollector.execute(ThrowableCollector.java:73)
	at org.junit.jupiter.engine.descriptor.TestMethodTestDescriptor.invokeTestMethod(TestMethodTestDescriptor.java:214)
	at org.junit.jupiter.engine.descriptor.TestMethodTestDescriptor.execute(TestMethodTestDescriptor.java:139)
	at org.junit.jupiter.engine.descriptor.TestMethodTestDescriptor.execute(TestMethodTestDescriptor.java:69)
	at org.junit.platform.engine.support.hierarchical.NodeTestTask.lambda$executeRecursively$6(NodeTestTask.java:151)
	at org.junit.platform.engine.support.hierarchical.ThrowableCollector.execute(ThrowableCollector.java:73)
	at org.junit.platform.engine.support.hierarchical.NodeTestTask.lambda$executeRecursively$8(NodeTestTask.java:141)
	at org.junit.platform.engine.support.hierarchical.Node.around(Node.java:137)
	at org.junit.platform.engine.support.hierarchical.NodeTestTask.lambda$executeRecursively$9(NodeTestTask.java:139)
	at org.junit.platform.engine.support.hierarchical.ThrowableCollector.execute(ThrowableCollector.java:73)
	at org.junit.platform.engine.support.hierarchical.NodeTestTask.executeRecursively(NodeTestTask.java:138)
	at org.junit.platform.engine.support.hierarchical.NodeTestTask.execute(NodeTestTask.java:95)
	at java.base/java.util.ArrayList.forEach(ArrayList.java:1596)
	at org.junit.platform.engine.support.hierarchical.SameThreadHierarchicalTestExecutorService.invokeAll(SameThreadHierarchicalTestExecutorService.java:41)
	at org.junit.platform.engine.support.hierarchical.NodeTestTask.lambda$executeRecursively$6(NodeTestTask.java:155)
	at org.junit.platform.engine.support.hierarchical.ThrowableCollector.execute(ThrowableCollector.java:73)
	at org.junit.platform.engine.support.hierarchical.NodeTestTask.lambda$executeRecursively$8(NodeTestTask.java:141)
	at org.junit.platform.engine.support.hierarchical.Node.around(Node.java:137)
	at org.junit.platform.engine.support.hierarchical.NodeTestTask.lambda$executeRecursively$9(NodeTestTask.java:139)
	at org.junit.platform.engine.support.hierarchical.ThrowableCollector.execute(ThrowableCollector.java:73)
	at org.junit.platform.engine.support.hierarchical.NodeTestTask.executeRecursively(NodeTestTask.java:138)
	at org.junit.platform.engine.support.hierarchical.NodeTestTask.execute(NodeTestTask.java:95)
	at java.base/java.util.ArrayList.forEach(ArrayList.java:1596)
	at org.junit.platform.engine.support.hierarchical.SameThreadHierarchicalTestExecutorService.invokeAll(SameThreadHierarchicalTestExecutorService.java:41)
	at org.junit.platform.engine.support.hierarchical.NodeTestTask.lambda$executeRecursively$6(NodeTestTask.java:155)
	at org.junit.platform.engine.support.hierarchical.ThrowableCollector.execute(ThrowableCollector.java:73)
	at org.junit.platform.engine.support.hierarchical.NodeTestTask.lambda$executeRecursively$8(NodeTestTask.java:141)
	at org.junit.platform.engine.support.hierarchical.Node.around(Node.java:137)
	at org.junit.platform.engine.support.hierarchical.NodeTestTask.lambda$executeRecursively$9(NodeTestTask.java:139)
	at org.junit.platform.engine.support.hierarchical.ThrowableCollector.execute(ThrowableCollector.java:73)
	at org.junit.platform.engine.support.hierarchical.NodeTestTask.executeRecursively(NodeTestTask.java:138)
	at org.junit.platform.engine.support.hierarchical.NodeTestTask.execute(NodeTestTask.java:95)
	at org.junit.platform.engine.support.hierarchical.SameThreadHierarchicalTestExecutorService.submit(SameThreadHierarchicalTestExecutorService.java:35)
	at org.junit.platform.engine.support.hierarchical.HierarchicalTestExecutor.execute(HierarchicalTestExecutor.java:57)
	at org.junit.platform.engine.support.hierarchical.HierarchicalTestEngine.execute(HierarchicalTestEngine.java:54)
	at org.junit.platform.launcher.core.EngineExecutionOrchestrator.execute(EngineExecutionOrchestrator.java:198)
	at org.junit.platform.launcher.core.EngineExecutionOrchestrator.execute(EngineExecutionOrchestrator.java:169)
	at org.junit.platform.launcher.core.EngineExecutionOrchestrator.execute(EngineExecutionOrchestrator.java:93)
	at org.junit.platform.launcher.core.EngineExecutionOrchestrator.lambda$execute$0(EngineExecutionOrchestrator.java:58)
	at org.junit.platform.launcher.core.EngineExecutionOrchestrator.withInterceptedStreams(EngineExecutionOrchestrator.java:141)
	at org.junit.platform.launcher.core.EngineExecutionOrchestrator.execute(EngineExecutionOrchestrator.java:57)
	at org.junit.platform.launcher.core.DefaultLauncher.execute(DefaultLauncher.java:103)
	at org.junit.platform.launcher.core.DefaultLauncher.execute(DefaultLauncher.java:85)
	at org.junit.platform.launcher.core.DelegatingLauncher.execute(DelegatingLauncher.java:47)
	at org.junit.platform.launcher.core.SessionPerRequestLauncher.execute(SessionPerRequestLauncher.java:63)
	at com.intellij.junit5.JUnit5IdeaTestRunner.startRunnerWithArgs(JUnit5IdeaTestRunner.java:57)
	at com.intellij.rt.junit.IdeaTestRunner$Repeater$1.execute(IdeaTestRunner.java:38)
	at com.intellij.rt.execution.junit.TestsRepeater.repeat(TestsRepeater.java:11)
	at com.intellij.rt.junit.IdeaTestRunner$Repeater.startRunnerWithArgs(IdeaTestRunner.java:35)
	at com.intellij.rt.junit.JUnitStarter.prepareStreamsAndStart(JUnitStarter.java:232)
	at com.intellij.rt.junit.JUnitStarter.main(JUnitStarter.java:55)
Caused by: org.openqa.selenium.ElementClickInterceptedException: element click intercepted: Element <mat-label>...</mat-label> is not clickable at point (435, 962). Other element would receive the click: <div class="cdk-overlay-backdrop cdk-overlay-transparent-backdrop cdk-overlay-backdrop-showing"></div>
  (Session info: chrome=131.0.6778.265)
Build info: version: '4.27.0', revision: 'd6e718d134'
System info: os.name: 'Windows 11', os.arch: 'amd64', os.version: '10.0', java.version: '21.0.3'
Driver info: org.openqa.selenium.chrome.ChromeDriver
Command: [91d87b6e4f4c9bf07ac58ad0bf80692e, clickElement {id=f.659AA275188958AC78BEE9B0D00322DA.d.155F9ABA4BF91AB958A33ED67963F97A.e.85}]
Capabilities {acceptInsecureCerts: false, browserName: chrome, browserVersion: 131.0.6778.265, chrome: {chromedriverVersion: 131.0.6778.264 (2d05e315153..., userDataDir: C:\Users\INGRID~1.ZAD\AppDa...}, fedcm:accounts: true, goog:chromeOptions: {debuggerAddress: localhost:60128}, networkConnectionEnabled: false, pageLoadStrategy: normal, platformName: windows, proxy: Proxy(), se:cdp: ws://localhost:60128/devtoo..., se:cdpVersion: 131.0.6778.265, setWindowRect: true, strictFileInteractability: false, timeouts: {implicit: 0, pageLoad: 300000, script: 30000}, unhandledPromptBehavior: dismiss and notify, webauthn:extension:credBlob: true, webauthn:extension:largeBlob: true, webauthn:extension:minPinLength: true, webauthn:extension:prf: true, webauthn:virtualAuthenticators: true}
Element: [[ChromeDriver: chrome on windows (91d87b6e4f4c9bf07ac58ad0bf80692e)] -> xpath: //mat-label[contains(text(), 'II etapo vertinimo forma')]]
Session ID: 91d87b6e4f4c9bf07ac58ad0bf80692e
	at java.base/jdk.internal.reflect.DirectConstructorHandleAccessor.newInstance(DirectConstructorHandleAccessor.java:62)
	at java.base/java.lang.reflect.Constructor.newInstanceWithCaller(Constructor.java:502)
	at java.base/java.lang.reflect.Constructor.newInstance(Constructor.java:486)
	at org.openqa.selenium.remote.ErrorCodec.decode(ErrorCodec.java:167)
	at org.openqa.selenium.remote.codec.w3c.W3CHttpResponseCodec.decode(W3CHttpResponseCodec.java:138)
	at org.openqa.selenium.remote.codec.w3c.W3CHttpResponseCodec.decode(W3CHttpResponseCodec.java:50)
	at org.openqa.selenium.remote.HttpCommandExecutor.execute(HttpCommandExecutor.java:190)
	at org.openqa.selenium.remote.service.DriverCommandExecutor.invokeExecute(DriverCommandExecutor.java:216)
	at org.openqa.selenium.remote.service.DriverCommandExecutor.execute(DriverCommandExecutor.java:174)
	at org.openqa.selenium.remote.RemoteWebDriver.execute(RemoteWebDriver.java:545)
	at org.openqa.selenium.remote.RemoteWebElement.execute(RemoteWebElement.java:223)
	at org.openqa.selenium.remote.RemoteWebElement.click(RemoteWebElement.java:76)
	at java.base/jdk.internal.reflect.DirectMethodHandleAccessor.invoke(DirectMethodHandleAccessor.java:103)
	at java.base/java.lang.reflect.Method.invoke(Method.java:580)
	at org.openqa.selenium.support.pagefactory.internal.LocatingElementHandler.invoke(LocatingElementHandler.java:51)
	at jdk.proxy2/jdk.proxy2.$Proxy14.click(Unknown Source)
	at lt.insoft.uztis.pages.ApplicationFormsPage.selectValuesByListEvaluationTwo(ApplicationFormsPage.java:445)
	... 69 common frames omitted
2025-01-17 09:35:50 [main] INFO  l.insoft.uztis.tests.utils.TestUtils - Screenshot moved to C:\Users\ingrida.zadorozniene\Desktop\Asm\UZTIS\UZTIS_tests\test-output\screenshots\20250117\093550550_testCreateNewVuiApplication().png
2025-01-17 09:36:11 [main] INFO  lt.insoft.uztis.tests.UztisPageTest - Navigated to https://uztisdev.asseco.lt/home
2025-01-17 09:36:11 [main] INFO  l.i.u.tests.ApplicationFormsPageTest - Setup complete. ApplicationFormsPage initialized.
2025-01-17 09:36:11 [main] INFO  l.i.u.tests.ApplicationFormsPageTest - Starting test:'testCreateNewVuiApplication'
2025-01-17 09:36:12 [main] DEBUG l.i.u.tests.ApplicationFormsPageTest - User logged in with test credentials
2025-01-17 09:36:12 [main] DEBUG l.i.u.tests.ApplicationFormsPageTest - Opened 'Application Processing' menu.
2025-01-17 09:36:12 [main] DEBUG l.i.u.tests.ApplicationFormsPageTest - Clicked on 'Application Forms' menu.
2025-01-17 09:36:12 [main] DEBUG l.i.u.tests.ApplicationFormsPageTest - Clicked to create a new application form.
2025-01-17 09:36:12 [main] DEBUG l.i.u.tests.ApplicationFormsPageTest - Entered random application code: TST-VUI-95
2025-01-17 09:36:13 [main] DEBUG l.i.u.tests.ApplicationFormsPageTest - Selected 'Section' radio button.
2025-01-17 09:36:13 [main] INFO  l.i.uztis.pages.ApplicationFormsPage - Located the dropdown button.
2025-01-17 09:36:13 [main] INFO  l.i.uztis.pages.ApplicationFormsPage - Successfully selected the value: 'Skyrius 1'
2025-01-17 09:36:23 [main] ERROR l.i.uztis.pages.ApplicationFormsPage - Failed to close the dropdown with aria-expanded = 'false'.
2025-01-17 09:36:23 [main] DEBUG l.i.u.tests.ApplicationFormsPageTest - Selected a value from the 'Section' dropdown: 'Skyrius 1'
2025-01-17 09:36:23 [main] DEBUG l.i.u.tests.ApplicationFormsPageTest - Selected 'Budget by Municipality' option.
2025-01-17 09:36:23 [main] DEBUG l.i.u.tests.ApplicationFormsPageTest - Selected 'Financed Without Queue' option.
2025-01-17 09:36:24 [main] DEBUG l.i.u.tests.ApplicationFormsPageTest - Clicked 'Add' button.
2025-01-17 09:36:24 [main] INFO  l.i.uztis.pages.ApplicationFormsPage - Located the dropdown button.
2025-01-17 09:36:24 [main] ERROR l.i.uztis.pages.ApplicationFormsPage - Option 'VUI paraiškos vertinimo forma - I etapas' was not found in the dropdown.
2025-01-17 09:36:24 [main] DEBUG l.i.u.tests.ApplicationFormsPageTest - Selected a value from the 'EvaluationOne' dropdown: 'VUI paraiškos vertinimo forma - I etapas'
2025-01-17 09:36:24 [main] INFO  l.i.uztis.pages.ApplicationFormsPage - Located the dropdown button.
2025-01-17 09:36:25 [main] ERROR l.i.uztis.pages.ApplicationFormsPage - Error selecting value from the list: element click intercepted: Element <mat-label>...</mat-label> is not clickable at point (435, 962). Other element would receive the click: <div class="cdk-overlay-backdrop cdk-overlay-transparent-backdrop cdk-overlay-backdrop-showing"></div>
  (Session info: chrome=131.0.6778.265)
Build info: version: '4.27.0', revision: 'd6e718d134'
System info: os.name: 'Windows 11', os.arch: 'amd64', os.version: '10.0', java.version: '21.0.3'
Driver info: org.openqa.selenium.chrome.ChromeDriver
Command: [8e75c793b2e02a5dbde966b86b871963, clickElement {id=f.4B68A3108704BB6612E7C58DC193A564.d.272F265DC3980F6EFB9D9755D2A5B371.e.99}]
Capabilities {acceptInsecureCerts: false, browserName: chrome, browserVersion: 131.0.6778.265, chrome: {chromedriverVersion: 131.0.6778.264 (2d05e315153..., userDataDir: C:\Users\INGRID~1.ZAD\AppDa...}, fedcm:accounts: true, goog:chromeOptions: {debuggerAddress: localhost:60172}, networkConnectionEnabled: false, pageLoadStrategy: normal, platformName: windows, proxy: Proxy(), se:cdp: ws://localhost:60172/devtoo..., se:cdpVersion: 131.0.6778.265, setWindowRect: true, strictFileInteractability: false, timeouts: {implicit: 0, pageLoad: 300000, script: 30000}, unhandledPromptBehavior: dismiss and notify, webauthn:extension:credBlob: true, webauthn:extension:largeBlob: true, webauthn:extension:minPinLength: true, webauthn:extension:prf: true, webauthn:virtualAuthenticators: true}
Element: [[ChromeDriver: chrome on windows (8e75c793b2e02a5dbde966b86b871963)] -> xpath: //mat-label[contains(text(), 'II etapo vertinimo forma')]]
Session ID: 8e75c793b2e02a5dbde966b86b871963
2025-01-17 09:36:25 [main] ERROR l.i.u.tests.ApplicationFormsPageTest - Test 'testCreateNewVuiApplication' failed with error: Failed to select from the list
java.lang.RuntimeException: Failed to select from the list
	at lt.insoft.uztis.pages.ApplicationFormsPage.selectValuesByListEvaluationTwo(ApplicationFormsPage.java:474)
	at lt.insoft.uztis.tests.ApplicationFormsPageTest.testCreateNewVuiApplication(ApplicationFormsPageTest.java:130)
	at java.base/jdk.internal.reflect.DirectMethodHandleAccessor.invoke(DirectMethodHandleAccessor.java:103)
	at java.base/java.lang.reflect.Method.invoke(Method.java:580)
	at org.junit.platform.commons.util.ReflectionUtils.invokeMethod(ReflectionUtils.java:728)
	at org.junit.jupiter.engine.execution.MethodInvocation.proceed(MethodInvocation.java:60)
	at org.junit.jupiter.engine.execution.InvocationInterceptorChain$ValidatingInvocation.proceed(InvocationInterceptorChain.java:131)
	at org.junit.jupiter.engine.extension.TimeoutExtension.intercept(TimeoutExtension.java:156)
	at org.junit.jupiter.engine.extension.TimeoutExtension.interceptTestableMethod(TimeoutExtension.java:147)
	at org.junit.jupiter.engine.extension.TimeoutExtension.interceptTestMethod(TimeoutExtension.java:86)
	at org.junit.jupiter.engine.execution.InterceptingExecutableInvoker$ReflectiveInterceptorCall.lambda$ofVoidMethod$0(InterceptingExecutableInvoker.java:103)
	at org.junit.jupiter.engine.execution.InterceptingExecutableInvoker.lambda$invoke$0(InterceptingExecutableInvoker.java:93)
	at org.junit.jupiter.engine.execution.InvocationInterceptorChain$InterceptedInvocation.proceed(InvocationInterceptorChain.java:106)
	at org.junit.jupiter.engine.execution.InvocationInterceptorChain.proceed(InvocationInterceptorChain.java:64)
	at org.junit.jupiter.engine.execution.InvocationInterceptorChain.chainAndInvoke(InvocationInterceptorChain.java:45)
	at org.junit.jupiter.engine.execution.InvocationInterceptorChain.invoke(InvocationInterceptorChain.java:37)
	at org.junit.jupiter.engine.execution.InterceptingExecutableInvoker.invoke(InterceptingExecutableInvoker.java:92)
	at org.junit.jupiter.engine.execution.InterceptingExecutableInvoker.invoke(InterceptingExecutableInvoker.java:86)
	at org.junit.jupiter.engine.descriptor.TestMethodTestDescriptor.lambda$invokeTestMethod$7(TestMethodTestDescriptor.java:218)
	at org.junit.platform.engine.support.hierarchical.ThrowableCollector.execute(ThrowableCollector.java:73)
	at org.junit.jupiter.engine.descriptor.TestMethodTestDescriptor.invokeTestMethod(TestMethodTestDescriptor.java:214)
	at org.junit.jupiter.engine.descriptor.TestMethodTestDescriptor.execute(TestMethodTestDescriptor.java:139)
	at org.junit.jupiter.engine.descriptor.TestMethodTestDescriptor.execute(TestMethodTestDescriptor.java:69)
	at org.junit.platform.engine.support.hierarchical.NodeTestTask.lambda$executeRecursively$6(NodeTestTask.java:151)
	at org.junit.platform.engine.support.hierarchical.ThrowableCollector.execute(ThrowableCollector.java:73)
	at org.junit.platform.engine.support.hierarchical.NodeTestTask.lambda$executeRecursively$8(NodeTestTask.java:141)
	at org.junit.platform.engine.support.hierarchical.Node.around(Node.java:137)
	at org.junit.platform.engine.support.hierarchical.NodeTestTask.lambda$executeRecursively$9(NodeTestTask.java:139)
	at org.junit.platform.engine.support.hierarchical.ThrowableCollector.execute(ThrowableCollector.java:73)
	at org.junit.platform.engine.support.hierarchical.NodeTestTask.executeRecursively(NodeTestTask.java:138)
	at org.junit.platform.engine.support.hierarchical.NodeTestTask.execute(NodeTestTask.java:95)
	at java.base/java.util.ArrayList.forEach(ArrayList.java:1596)
	at org.junit.platform.engine.support.hierarchical.SameThreadHierarchicalTestExecutorService.invokeAll(SameThreadHierarchicalTestExecutorService.java:41)
	at org.junit.platform.engine.support.hierarchical.NodeTestTask.lambda$executeRecursively$6(NodeTestTask.java:155)
	at org.junit.platform.engine.support.hierarchical.ThrowableCollector.execute(ThrowableCollector.java:73)
	at org.junit.platform.engine.support.hierarchical.NodeTestTask.lambda$executeRecursively$8(NodeTestTask.java:141)
	at org.junit.platform.engine.support.hierarchical.Node.around(Node.java:137)
	at org.junit.platform.engine.support.hierarchical.NodeTestTask.lambda$executeRecursively$9(NodeTestTask.java:139)
	at org.junit.platform.engine.support.hierarchical.ThrowableCollector.execute(ThrowableCollector.java:73)
	at org.junit.platform.engine.support.hierarchical.NodeTestTask.executeRecursively(NodeTestTask.java:138)
	at org.junit.platform.engine.support.hierarchical.NodeTestTask.execute(NodeTestTask.java:95)
	at java.base/java.util.ArrayList.forEach(ArrayList.java:1596)
	at org.junit.platform.engine.support.hierarchical.SameThreadHierarchicalTestExecutorService.invokeAll(SameThreadHierarchicalTestExecutorService.java:41)
	at org.junit.platform.engine.support.hierarchical.NodeTestTask.lambda$executeRecursively$6(NodeTestTask.java:155)
	at org.junit.platform.engine.support.hierarchical.ThrowableCollector.execute(ThrowableCollector.java:73)
	at org.junit.platform.engine.support.hierarchical.NodeTestTask.lambda$executeRecursively$8(NodeTestTask.java:141)
	at org.junit.platform.engine.support.hierarchical.Node.around(Node.java:137)
	at org.junit.platform.engine.support.hierarchical.NodeTestTask.lambda$executeRecursively$9(NodeTestTask.java:139)
	at org.junit.platform.engine.support.hierarchical.ThrowableCollector.execute(ThrowableCollector.java:73)
	at org.junit.platform.engine.support.hierarchical.NodeTestTask.executeRecursively(NodeTestTask.java:138)
	at org.junit.platform.engine.support.hierarchical.NodeTestTask.execute(NodeTestTask.java:95)
	at org.junit.platform.engine.support.hierarchical.SameThreadHierarchicalTestExecutorService.submit(SameThreadHierarchicalTestExecutorService.java:35)
	at org.junit.platform.engine.support.hierarchical.HierarchicalTestExecutor.execute(HierarchicalTestExecutor.java:57)
	at org.junit.platform.engine.support.hierarchical.HierarchicalTestEngine.execute(HierarchicalTestEngine.java:54)
	at org.junit.platform.launcher.core.EngineExecutionOrchestrator.execute(EngineExecutionOrchestrator.java:198)
	at org.junit.platform.launcher.core.EngineExecutionOrchestrator.execute(EngineExecutionOrchestrator.java:169)
	at org.junit.platform.launcher.core.EngineExecutionOrchestrator.execute(EngineExecutionOrchestrator.java:93)
	at org.junit.platform.launcher.core.EngineExecutionOrchestrator.lambda$execute$0(EngineExecutionOrchestrator.java:58)
	at org.junit.platform.launcher.core.EngineExecutionOrchestrator.withInterceptedStreams(EngineExecutionOrchestrator.java:141)
	at org.junit.platform.launcher.core.EngineExecutionOrchestrator.execute(EngineExecutionOrchestrator.java:57)
	at org.junit.platform.launcher.core.DefaultLauncher.execute(DefaultLauncher.java:103)
	at org.junit.platform.launcher.core.DefaultLauncher.execute(DefaultLauncher.java:85)
	at org.junit.platform.launcher.core.DelegatingLauncher.execute(DelegatingLauncher.java:47)
	at org.junit.platform.launcher.core.SessionPerRequestLauncher.execute(SessionPerRequestLauncher.java:63)
	at com.intellij.junit5.JUnit5IdeaTestRunner.startRunnerWithArgs(JUnit5IdeaTestRunner.java:57)
	at com.intellij.rt.junit.IdeaTestRunner$Repeater$1.execute(IdeaTestRunner.java:38)
	at com.intellij.rt.execution.junit.TestsRepeater.repeat(TestsRepeater.java:11)
	at com.intellij.rt.junit.IdeaTestRunner$Repeater.startRunnerWithArgs(IdeaTestRunner.java:35)
	at com.intellij.rt.junit.JUnitStarter.prepareStreamsAndStart(JUnitStarter.java:232)
	at com.intellij.rt.junit.JUnitStarter.main(JUnitStarter.java:55)
Caused by: org.openqa.selenium.ElementClickInterceptedException: element click intercepted: Element <mat-label>...</mat-label> is not clickable at point (435, 962). Other element would receive the click: <div class="cdk-overlay-backdrop cdk-overlay-transparent-backdrop cdk-overlay-backdrop-showing"></div>
  (Session info: chrome=131.0.6778.265)
Build info: version: '4.27.0', revision: 'd6e718d134'
System info: os.name: 'Windows 11', os.arch: 'amd64', os.version: '10.0', java.version: '21.0.3'
Driver info: org.openqa.selenium.chrome.ChromeDriver
Command: [8e75c793b2e02a5dbde966b86b871963, clickElement {id=f.4B68A3108704BB6612E7C58DC193A564.d.272F265DC3980F6EFB9D9755D2A5B371.e.99}]
Capabilities {acceptInsecureCerts: false, browserName: chrome, browserVersion: 131.0.6778.265, chrome: {chromedriverVersion: 131.0.6778.264 (2d05e315153..., userDataDir: C:\Users\INGRID~1.ZAD\AppDa...}, fedcm:accounts: true, goog:chromeOptions: {debuggerAddress: localhost:60172}, networkConnectionEnabled: false, pageLoadStrategy: normal, platformName: windows, proxy: Proxy(), se:cdp: ws://localhost:60172/devtoo..., se:cdpVersion: 131.0.6778.265, setWindowRect: true, strictFileInteractability: false, timeouts: {implicit: 0, pageLoad: 300000, script: 30000}, unhandledPromptBehavior: dismiss and notify, webauthn:extension:credBlob: true, webauthn:extension:largeBlob: true, webauthn:extension:minPinLength: true, webauthn:extension:prf: true, webauthn:virtualAuthenticators: true}
Element: [[ChromeDriver: chrome on windows (8e75c793b2e02a5dbde966b86b871963)] -> xpath: //mat-label[contains(text(), 'II etapo vertinimo forma')]]
Session ID: 8e75c793b2e02a5dbde966b86b871963
	at java.base/jdk.internal.reflect.DirectConstructorHandleAccessor.newInstance(DirectConstructorHandleAccessor.java:62)
	at java.base/java.lang.reflect.Constructor.newInstanceWithCaller(Constructor.java:502)
	at java.base/java.lang.reflect.Constructor.newInstance(Constructor.java:486)
	at org.openqa.selenium.remote.ErrorCodec.decode(ErrorCodec.java:167)
	at org.openqa.selenium.remote.codec.w3c.W3CHttpResponseCodec.decode(W3CHttpResponseCodec.java:138)
	at org.openqa.selenium.remote.codec.w3c.W3CHttpResponseCodec.decode(W3CHttpResponseCodec.java:50)
	at org.openqa.selenium.remote.HttpCommandExecutor.execute(HttpCommandExecutor.java:190)
	at org.openqa.selenium.remote.service.DriverCommandExecutor.invokeExecute(DriverCommandExecutor.java:216)
	at org.openqa.selenium.remote.service.DriverCommandExecutor.execute(DriverCommandExecutor.java:174)
	at org.openqa.selenium.remote.RemoteWebDriver.execute(RemoteWebDriver.java:545)
	at org.openqa.selenium.remote.RemoteWebElement.execute(RemoteWebElement.java:223)
	at org.openqa.selenium.remote.RemoteWebElement.click(RemoteWebElement.java:76)
	at java.base/jdk.internal.reflect.DirectMethodHandleAccessor.invoke(DirectMethodHandleAccessor.java:103)
	at java.base/java.lang.reflect.Method.invoke(Method.java:580)
	at org.openqa.selenium.support.pagefactory.internal.LocatingElementHandler.invoke(LocatingElementHandler.java:51)
	at jdk.proxy2/jdk.proxy2.$Proxy14.click(Unknown Source)
	at lt.insoft.uztis.pages.ApplicationFormsPage.selectValuesByListEvaluationTwo(ApplicationFormsPage.java:445)
	... 69 common frames omitted
2025-01-17 09:36:25 [main] INFO  l.insoft.uztis.tests.utils.TestUtils - Screenshot moved to C:\Users\ingrida.zadorozniene\Desktop\Asm\UZTIS\UZTIS_tests\test-output\screenshots\20250117\093625550_testCreateNewVuiApplication().png
2025-01-17 09:36:42 [main] INFO  lt.insoft.uztis.tests.UztisPageTest - Navigated to https://uztisdev.asseco.lt/home
2025-01-17 09:36:42 [main] INFO  l.i.u.tests.ApplicationFormsPageTest - Setup complete. ApplicationFormsPage initialized.
2025-01-17 09:36:42 [main] INFO  l.i.u.tests.ApplicationFormsPageTest - Starting test:'testCreateNewVuiApplication'
2025-01-17 09:36:44 [main] DEBUG l.i.u.tests.ApplicationFormsPageTest - User logged in with test credentials
2025-01-17 09:36:44 [main] DEBUG l.i.u.tests.ApplicationFormsPageTest - Opened 'Application Processing' menu.
2025-01-17 09:36:44 [main] DEBUG l.i.u.tests.ApplicationFormsPageTest - Clicked on 'Application Forms' menu.
2025-01-17 09:36:44 [main] DEBUG l.i.u.tests.ApplicationFormsPageTest - Clicked to create a new application form.
2025-01-17 09:36:44 [main] DEBUG l.i.u.tests.ApplicationFormsPageTest - Entered random application code: TST-VUI-96
2025-01-17 09:36:44 [main] DEBUG l.i.u.tests.ApplicationFormsPageTest - Selected 'Section' radio button.
2025-01-17 09:36:44 [main] INFO  l.i.uztis.pages.ApplicationFormsPage - Located the dropdown button.
2025-01-17 09:36:45 [main] INFO  l.i.uztis.pages.ApplicationFormsPage - Successfully selected the value: 'Skyrius 1'
2025-01-17 09:36:55 [main] ERROR l.i.uztis.pages.ApplicationFormsPage - Failed to close the dropdown with aria-expanded = 'false'.
2025-01-17 09:36:55 [main] DEBUG l.i.u.tests.ApplicationFormsPageTest - Selected a value from the 'Section' dropdown: 'Skyrius 1'
2025-01-17 09:36:56 [main] DEBUG l.i.u.tests.ApplicationFormsPageTest - Selected 'Budget by Municipality' option.
2025-01-17 09:36:56 [main] DEBUG l.i.u.tests.ApplicationFormsPageTest - Selected 'Financed Without Queue' option.
2025-01-17 09:36:56 [main] DEBUG l.i.u.tests.ApplicationFormsPageTest - Clicked 'Add' button.
2025-01-17 09:36:56 [main] INFO  l.i.uztis.pages.ApplicationFormsPage - Located the dropdown button.
2025-01-17 09:36:56 [main] INFO  l.i.uztis.pages.ApplicationFormsPage - Successfully selected the value: 'VUI paraiškos vertinimo forma - I etapas'
2025-01-17 09:36:56 [main] DEBUG l.i.u.tests.ApplicationFormsPageTest - Selected a value from the 'EvaluationOne' dropdown: 'VUI paraiškos vertinimo forma - I etapas'
2025-01-17 09:36:56 [main] INFO  l.i.uztis.pages.ApplicationFormsPage - Located the dropdown button.
2025-01-17 09:36:56 [main] INFO  l.i.uztis.pages.ApplicationFormsPage - Successfully selected the value: 'VUI paraiškos vertinimo forma - II etapas'
2025-01-17 09:36:56 [main] DEBUG l.i.u.tests.ApplicationFormsPageTest - Selected a value from the 'EvaluationTwon' dropdown: 'VUI paraiškos vertinimo forma - II etapas'
2025-01-17 09:36:56 [main] INFO  l.i.uztis.pages.ApplicationFormsPage - Located the dropdown button.
2025-01-17 09:36:56 [main] ERROR l.i.uztis.pages.ApplicationFormsPage - Option 'VUI paraiškos vertinimo forma - III etapas' was not found in the dropdown.
2025-01-17 09:36:56 [main] DEBUG l.i.u.tests.ApplicationFormsPageTest - Selected a value from the 'EvaluationThree' dropdown: 'VUI paraiškos vertinimo forma - III etapas'
2025-01-17 09:36:58 [main] ERROR l.i.u.tests.ApplicationFormsPageTest - Test 'testCreateNewVuiApplication' failed with error: element click intercepted: Element <button type="button" class="btn btn--primary-light-dashed">...</button> is not clickable at point (390, 991). Other element would receive the click: <div class="cdk-overlay-backdrop cdk-overlay-transparent-backdrop cdk-overlay-backdrop-showing"></div>
  (Session info: chrome=131.0.6778.265)
Build info: version: '4.27.0', revision: 'd6e718d134'
System info: os.name: 'Windows 11', os.arch: 'amd64', os.version: '10.0', java.version: '21.0.3'
Driver info: org.openqa.selenium.chrome.ChromeDriver
Command: [531f1d5517bcfd8383a565ed10badbe2, clickElement {id=f.807EC95E75A3A4AEDF7A19DB84FCA9E1.d.FC504234FB9522B6905925B45C62A7AE.e.92}]
Capabilities {acceptInsecureCerts: false, browserName: chrome, browserVersion: 131.0.6778.265, chrome: {chromedriverVersion: 131.0.6778.264 (2d05e315153..., userDataDir: C:\Users\INGRID~1.ZAD\AppDa...}, fedcm:accounts: true, goog:chromeOptions: {debuggerAddress: localhost:60210}, networkConnectionEnabled: false, pageLoadStrategy: normal, platformName: windows, proxy: Proxy(), se:cdp: ws://localhost:60210/devtoo..., se:cdpVersion: 131.0.6778.265, setWindowRect: true, strictFileInteractability: false, timeouts: {implicit: 0, pageLoad: 300000, script: 30000}, unhandledPromptBehavior: dismiss and notify, webauthn:extension:credBlob: true, webauthn:extension:largeBlob: true, webauthn:extension:minPinLength: true, webauthn:extension:prf: true, webauthn:virtualAuthenticators: true}
Element: [[ChromeDriver: chrome on windows (531f1d5517bcfd8383a565ed10badbe2)] -> xpath: //common-button[@btnclass='btn btn--primary-light-dashed']//button[@type='button']]
Session ID: 531f1d5517bcfd8383a565ed10badbe2
org.openqa.selenium.ElementClickInterceptedException: element click intercepted: Element <button type="button" class="btn btn--primary-light-dashed">...</button> is not clickable at point (390, 991). Other element would receive the click: <div class="cdk-overlay-backdrop cdk-overlay-transparent-backdrop cdk-overlay-backdrop-showing"></div>
  (Session info: chrome=131.0.6778.265)
Build info: version: '4.27.0', revision: 'd6e718d134'
System info: os.name: 'Windows 11', os.arch: 'amd64', os.version: '10.0', java.version: '21.0.3'
Driver info: org.openqa.selenium.chrome.ChromeDriver
Command: [531f1d5517bcfd8383a565ed10badbe2, clickElement {id=f.807EC95E75A3A4AEDF7A19DB84FCA9E1.d.FC504234FB9522B6905925B45C62A7AE.e.92}]
Capabilities {acceptInsecureCerts: false, browserName: chrome, browserVersion: 131.0.6778.265, chrome: {chromedriverVersion: 131.0.6778.264 (2d05e315153..., userDataDir: C:\Users\INGRID~1.ZAD\AppDa...}, fedcm:accounts: true, goog:chromeOptions: {debuggerAddress: localhost:60210}, networkConnectionEnabled: false, pageLoadStrategy: normal, platformName: windows, proxy: Proxy(), se:cdp: ws://localhost:60210/devtoo..., se:cdpVersion: 131.0.6778.265, setWindowRect: true, strictFileInteractability: false, timeouts: {implicit: 0, pageLoad: 300000, script: 30000}, unhandledPromptBehavior: dismiss and notify, webauthn:extension:credBlob: true, webauthn:extension:largeBlob: true, webauthn:extension:minPinLength: true, webauthn:extension:prf: true, webauthn:virtualAuthenticators: true}
Element: [[ChromeDriver: chrome on windows (531f1d5517bcfd8383a565ed10badbe2)] -> xpath: //common-button[@btnclass='btn btn--primary-light-dashed']//button[@type='button']]
Session ID: 531f1d5517bcfd8383a565ed10badbe2
	at java.base/jdk.internal.reflect.DirectConstructorHandleAccessor.newInstance(DirectConstructorHandleAccessor.java:62)
	at java.base/java.lang.reflect.Constructor.newInstanceWithCaller(Constructor.java:502)
	at java.base/java.lang.reflect.Constructor.newInstance(Constructor.java:486)
	at org.openqa.selenium.remote.ErrorCodec.decode(ErrorCodec.java:167)
	at org.openqa.selenium.remote.codec.w3c.W3CHttpResponseCodec.decode(W3CHttpResponseCodec.java:138)
	at org.openqa.selenium.remote.codec.w3c.W3CHttpResponseCodec.decode(W3CHttpResponseCodec.java:50)
	at org.openqa.selenium.remote.HttpCommandExecutor.execute(HttpCommandExecutor.java:190)
	at org.openqa.selenium.remote.service.DriverCommandExecutor.invokeExecute(DriverCommandExecutor.java:216)
	at org.openqa.selenium.remote.service.DriverCommandExecutor.execute(DriverCommandExecutor.java:174)
	at org.openqa.selenium.remote.RemoteWebDriver.execute(RemoteWebDriver.java:545)
	at org.openqa.selenium.remote.RemoteWebElement.execute(RemoteWebElement.java:223)
	at org.openqa.selenium.remote.RemoteWebElement.click(RemoteWebElement.java:76)
	at java.base/jdk.internal.reflect.DirectMethodHandleAccessor.invoke(DirectMethodHandleAccessor.java:103)
	at java.base/java.lang.reflect.Method.invoke(Method.java:580)
	at org.openqa.selenium.support.pagefactory.internal.LocatingElementHandler.invoke(LocatingElementHandler.java:51)
	at jdk.proxy2/jdk.proxy2.$Proxy14.click(Unknown Source)
	at lt.insoft.uztis.pages.ApplicationFormsPage.clickButtonPlus(ApplicationFormsPage.java:185)
	at lt.insoft.uztis.tests.ApplicationFormsPageTest.testCreateNewVuiApplication(ApplicationFormsPageTest.java:138)
	at java.base/jdk.internal.reflect.DirectMethodHandleAccessor.invoke(DirectMethodHandleAccessor.java:103)
	at java.base/java.lang.reflect.Method.invoke(Method.java:580)
	at org.junit.platform.commons.util.ReflectionUtils.invokeMethod(ReflectionUtils.java:728)
	at org.junit.jupiter.engine.execution.MethodInvocation.proceed(MethodInvocation.java:60)
	at org.junit.jupiter.engine.execution.InvocationInterceptorChain$ValidatingInvocation.proceed(InvocationInterceptorChain.java:131)
	at org.junit.jupiter.engine.extension.TimeoutExtension.intercept(TimeoutExtension.java:156)
	at org.junit.jupiter.engine.extension.TimeoutExtension.interceptTestableMethod(TimeoutExtension.java:147)
	at org.junit.jupiter.engine.extension.TimeoutExtension.interceptTestMethod(TimeoutExtension.java:86)
	at org.junit.jupiter.engine.execution.InterceptingExecutableInvoker$ReflectiveInterceptorCall.lambda$ofVoidMethod$0(InterceptingExecutableInvoker.java:103)
	at org.junit.jupiter.engine.execution.InterceptingExecutableInvoker.lambda$invoke$0(InterceptingExecutableInvoker.java:93)
	at org.junit.jupiter.engine.execution.InvocationInterceptorChain$InterceptedInvocation.proceed(InvocationInterceptorChain.java:106)
	at org.junit.jupiter.engine.execution.InvocationInterceptorChain.proceed(InvocationInterceptorChain.java:64)
	at org.junit.jupiter.engine.execution.InvocationInterceptorChain.chainAndInvoke(InvocationInterceptorChain.java:45)
	at org.junit.jupiter.engine.execution.InvocationInterceptorChain.invoke(InvocationInterceptorChain.java:37)
	at org.junit.jupiter.engine.execution.InterceptingExecutableInvoker.invoke(InterceptingExecutableInvoker.java:92)
	at org.junit.jupiter.engine.execution.InterceptingExecutableInvoker.invoke(InterceptingExecutableInvoker.java:86)
	at org.junit.jupiter.engine.descriptor.TestMethodTestDescriptor.lambda$invokeTestMethod$7(TestMethodTestDescriptor.java:218)
	at org.junit.platform.engine.support.hierarchical.ThrowableCollector.execute(ThrowableCollector.java:73)
	at org.junit.jupiter.engine.descriptor.TestMethodTestDescriptor.invokeTestMethod(TestMethodTestDescriptor.java:214)
	at org.junit.jupiter.engine.descriptor.TestMethodTestDescriptor.execute(TestMethodTestDescriptor.java:139)
	at org.junit.jupiter.engine.descriptor.TestMethodTestDescriptor.execute(TestMethodTestDescriptor.java:69)
	at org.junit.platform.engine.support.hierarchical.NodeTestTask.lambda$executeRecursively$6(NodeTestTask.java:151)
	at org.junit.platform.engine.support.hierarchical.ThrowableCollector.execute(ThrowableCollector.java:73)
	at org.junit.platform.engine.support.hierarchical.NodeTestTask.lambda$executeRecursively$8(NodeTestTask.java:141)
	at org.junit.platform.engine.support.hierarchical.Node.around(Node.java:137)
	at org.junit.platform.engine.support.hierarchical.NodeTestTask.lambda$executeRecursively$9(NodeTestTask.java:139)
	at org.junit.platform.engine.support.hierarchical.ThrowableCollector.execute(ThrowableCollector.java:73)
	at org.junit.platform.engine.support.hierarchical.NodeTestTask.executeRecursively(NodeTestTask.java:138)
	at org.junit.platform.engine.support.hierarchical.NodeTestTask.execute(NodeTestTask.java:95)
	at java.base/java.util.ArrayList.forEach(ArrayList.java:1596)
	at org.junit.platform.engine.support.hierarchical.SameThreadHierarchicalTestExecutorService.invokeAll(SameThreadHierarchicalTestExecutorService.java:41)
	at org.junit.platform.engine.support.hierarchical.NodeTestTask.lambda$executeRecursively$6(NodeTestTask.java:155)
	at org.junit.platform.engine.support.hierarchical.ThrowableCollector.execute(ThrowableCollector.java:73)
	at org.junit.platform.engine.support.hierarchical.NodeTestTask.lambda$executeRecursively$8(NodeTestTask.java:141)
	at org.junit.platform.engine.support.hierarchical.Node.around(Node.java:137)
	at org.junit.platform.engine.support.hierarchical.NodeTestTask.lambda$executeRecursively$9(NodeTestTask.java:139)
	at org.junit.platform.engine.support.hierarchical.ThrowableCollector.execute(ThrowableCollector.java:73)
	at org.junit.platform.engine.support.hierarchical.NodeTestTask.executeRecursively(NodeTestTask.java:138)
	at org.junit.platform.engine.support.hierarchical.NodeTestTask.execute(NodeTestTask.java:95)
	at java.base/java.util.ArrayList.forEach(ArrayList.java:1596)
	at org.junit.platform.engine.support.hierarchical.SameThreadHierarchicalTestExecutorService.invokeAll(SameThreadHierarchicalTestExecutorService.java:41)
	at org.junit.platform.engine.support.hierarchical.NodeTestTask.lambda$executeRecursively$6(NodeTestTask.java:155)
	at org.junit.platform.engine.support.hierarchical.ThrowableCollector.execute(ThrowableCollector.java:73)
	at org.junit.platform.engine.support.hierarchical.NodeTestTask.lambda$executeRecursively$8(NodeTestTask.java:141)
	at org.junit.platform.engine.support.hierarchical.Node.around(Node.java:137)
	at org.junit.platform.engine.support.hierarchical.NodeTestTask.lambda$executeRecursively$9(NodeTestTask.java:139)
	at org.junit.platform.engine.support.hierarchical.ThrowableCollector.execute(ThrowableCollector.java:73)
	at org.junit.platform.engine.support.hierarchical.NodeTestTask.executeRecursively(NodeTestTask.java:138)
	at org.junit.platform.engine.support.hierarchical.NodeTestTask.execute(NodeTestTask.java:95)
	at org.junit.platform.engine.support.hierarchical.SameThreadHierarchicalTestExecutorService.submit(SameThreadHierarchicalTestExecutorService.java:35)
	at org.junit.platform.engine.support.hierarchical.HierarchicalTestExecutor.execute(HierarchicalTestExecutor.java:57)
	at org.junit.platform.engine.support.hierarchical.HierarchicalTestEngine.execute(HierarchicalTestEngine.java:54)
	at org.junit.platform.launcher.core.EngineExecutionOrchestrator.execute(EngineExecutionOrchestrator.java:198)
	at org.junit.platform.launcher.core.EngineExecutionOrchestrator.execute(EngineExecutionOrchestrator.java:169)
	at org.junit.platform.launcher.core.EngineExecutionOrchestrator.execute(EngineExecutionOrchestrator.java:93)
	at org.junit.platform.launcher.core.EngineExecutionOrchestrator.lambda$execute$0(EngineExecutionOrchestrator.java:58)
	at org.junit.platform.launcher.core.EngineExecutionOrchestrator.withInterceptedStreams(EngineExecutionOrchestrator.java:141)
	at org.junit.platform.launcher.core.EngineExecutionOrchestrator.execute(EngineExecutionOrchestrator.java:57)
	at org.junit.platform.launcher.core.DefaultLauncher.execute(DefaultLauncher.java:103)
	at org.junit.platform.launcher.core.DefaultLauncher.execute(DefaultLauncher.java:85)
	at org.junit.platform.launcher.core.DelegatingLauncher.execute(DelegatingLauncher.java:47)
	at org.junit.platform.launcher.core.SessionPerRequestLauncher.execute(SessionPerRequestLauncher.java:63)
	at com.intellij.junit5.JUnit5IdeaTestRunner.startRunnerWithArgs(JUnit5IdeaTestRunner.java:57)
	at com.intellij.rt.junit.IdeaTestRunner$Repeater$1.execute(IdeaTestRunner.java:38)
	at com.intellij.rt.execution.junit.TestsRepeater.repeat(TestsRepeater.java:11)
	at com.intellij.rt.junit.IdeaTestRunner$Repeater.startRunnerWithArgs(IdeaTestRunner.java:35)
	at com.intellij.rt.junit.JUnitStarter.prepareStreamsAndStart(JUnitStarter.java:232)
	at com.intellij.rt.junit.JUnitStarter.main(JUnitStarter.java:55)
2025-01-17 09:36:58 [main] INFO  l.insoft.uztis.tests.utils.TestUtils - Screenshot moved to C:\Users\ingrida.zadorozniene\Desktop\Asm\UZTIS\UZTIS_tests\test-output\screenshots\20250117\093658169_testCreateNewVuiApplication().png
2025-01-17 09:37:08 [main] INFO  lt.insoft.uztis.tests.UztisPageTest - Navigated to https://uztisdev.asseco.lt/home
2025-01-17 09:37:08 [main] INFO  l.i.u.tests.ApplicationFormsPageTest - Setup complete. ApplicationFormsPage initialized.
2025-01-17 09:37:08 [main] INFO  l.i.u.tests.ApplicationFormsPageTest - Starting test:'testCreateNewVuiApplication'
2025-01-17 09:37:09 [main] DEBUG l.i.u.tests.ApplicationFormsPageTest - User logged in with test credentials
2025-01-17 09:37:09 [main] DEBUG l.i.u.tests.ApplicationFormsPageTest - Opened 'Application Processing' menu.
2025-01-17 09:37:09 [main] DEBUG l.i.u.tests.ApplicationFormsPageTest - Clicked on 'Application Forms' menu.
2025-01-17 09:37:10 [main] DEBUG l.i.u.tests.ApplicationFormsPageTest - Clicked to create a new application form.
2025-01-17 09:37:10 [main] DEBUG l.i.u.tests.ApplicationFormsPageTest - Entered random application code: TST-VUI-77
2025-01-17 09:37:10 [main] DEBUG l.i.u.tests.ApplicationFormsPageTest - Selected 'Section' radio button.
2025-01-17 09:37:10 [main] INFO  l.i.uztis.pages.ApplicationFormsPage - Located the dropdown button.
2025-01-17 09:37:11 [main] INFO  l.i.uztis.pages.ApplicationFormsPage - Successfully selected the value: 'Skyrius 1'
2025-01-17 09:37:21 [main] ERROR l.i.uztis.pages.ApplicationFormsPage - Failed to close the dropdown with aria-expanded = 'false'.
2025-01-17 09:37:21 [main] DEBUG l.i.u.tests.ApplicationFormsPageTest - Selected a value from the 'Section' dropdown: 'Skyrius 1'
2025-01-17 09:37:21 [main] DEBUG l.i.u.tests.ApplicationFormsPageTest - Selected 'Budget by Municipality' option.
2025-01-17 09:37:21 [main] DEBUG l.i.u.tests.ApplicationFormsPageTest - Selected 'Financed Without Queue' option.
2025-01-17 09:37:21 [main] DEBUG l.i.u.tests.ApplicationFormsPageTest - Clicked 'Add' button.
2025-01-17 09:37:21 [main] INFO  l.i.uztis.pages.ApplicationFormsPage - Located the dropdown button.
2025-01-17 09:37:22 [main] INFO  l.i.uztis.pages.ApplicationFormsPage - Successfully selected the value: 'VUI paraiškos vertinimo forma - I etapas'
2025-01-17 09:37:22 [main] DEBUG l.i.u.tests.ApplicationFormsPageTest - Selected a value from the 'EvaluationOne' dropdown: 'VUI paraiškos vertinimo forma - I etapas'
2025-01-17 09:37:22 [main] INFO  l.i.uztis.pages.ApplicationFormsPage - Located the dropdown button.
2025-01-17 09:37:22 [main] INFO  l.i.uztis.pages.ApplicationFormsPage - Successfully selected the value: 'VUI paraiškos vertinimo forma - II etapas'
2025-01-17 09:37:22 [main] DEBUG l.i.u.tests.ApplicationFormsPageTest - Selected a value from the 'EvaluationTwon' dropdown: 'VUI paraiškos vertinimo forma - II etapas'
2025-01-17 09:37:22 [main] INFO  l.i.uztis.pages.ApplicationFormsPage - Located the dropdown button.
2025-01-17 09:37:22 [main] ERROR l.i.uztis.pages.ApplicationFormsPage - Option 'VUI paraiškos vertinimo forma - III etapas' was not found in the dropdown.
2025-01-17 09:37:22 [main] DEBUG l.i.u.tests.ApplicationFormsPageTest - Selected a value from the 'EvaluationThree' dropdown: 'VUI paraiškos vertinimo forma - III etapas'
2025-01-17 09:37:23 [main] ERROR l.i.u.tests.ApplicationFormsPageTest - Test 'testCreateNewVuiApplication' failed with error: element click intercepted: Element <button type="button" class="btn btn--primary-light-dashed">...</button> is not clickable at point (390, 991). Other element would receive the click: <div class="cdk-overlay-backdrop cdk-overlay-transparent-backdrop cdk-overlay-backdrop-showing"></div>
  (Session info: chrome=131.0.6778.265)
Build info: version: '4.27.0', revision: 'd6e718d134'
System info: os.name: 'Windows 11', os.arch: 'amd64', os.version: '10.0', java.version: '21.0.3'
Driver info: org.openqa.selenium.chrome.ChromeDriver
Command: [80998b59b93bab44ee41cea0fe1c13ba, clickElement {id=f.F0553FAEEB5703E4DE049C16DB0C1DC2.d.74EBA396391F2A4F0FE318E380E6A061.e.108}]
Capabilities {acceptInsecureCerts: false, browserName: chrome, browserVersion: 131.0.6778.265, chrome: {chromedriverVersion: 131.0.6778.264 (2d05e315153..., userDataDir: C:\Users\INGRID~1.ZAD\AppDa...}, fedcm:accounts: true, goog:chromeOptions: {debuggerAddress: localhost:60243}, networkConnectionEnabled: false, pageLoadStrategy: normal, platformName: windows, proxy: Proxy(), se:cdp: ws://localhost:60243/devtoo..., se:cdpVersion: 131.0.6778.265, setWindowRect: true, strictFileInteractability: false, timeouts: {implicit: 0, pageLoad: 300000, script: 30000}, unhandledPromptBehavior: dismiss and notify, webauthn:extension:credBlob: true, webauthn:extension:largeBlob: true, webauthn:extension:minPinLength: true, webauthn:extension:prf: true, webauthn:virtualAuthenticators: true}
Element: [[ChromeDriver: chrome on windows (80998b59b93bab44ee41cea0fe1c13ba)] -> xpath: //common-button[@btnclass='btn btn--primary-light-dashed']//button[@type='button']]
Session ID: 80998b59b93bab44ee41cea0fe1c13ba
org.openqa.selenium.ElementClickInterceptedException: element click intercepted: Element <button type="button" class="btn btn--primary-light-dashed">...</button> is not clickable at point (390, 991). Other element would receive the click: <div class="cdk-overlay-backdrop cdk-overlay-transparent-backdrop cdk-overlay-backdrop-showing"></div>
  (Session info: chrome=131.0.6778.265)
Build info: version: '4.27.0', revision: 'd6e718d134'
System info: os.name: 'Windows 11', os.arch: 'amd64', os.version: '10.0', java.version: '21.0.3'
Driver info: org.openqa.selenium.chrome.ChromeDriver
Command: [80998b59b93bab44ee41cea0fe1c13ba, clickElement {id=f.F0553FAEEB5703E4DE049C16DB0C1DC2.d.74EBA396391F2A4F0FE318E380E6A061.e.108}]
Capabilities {acceptInsecureCerts: false, browserName: chrome, browserVersion: 131.0.6778.265, chrome: {chromedriverVersion: 131.0.6778.264 (2d05e315153..., userDataDir: C:\Users\INGRID~1.ZAD\AppDa...}, fedcm:accounts: true, goog:chromeOptions: {debuggerAddress: localhost:60243}, networkConnectionEnabled: false, pageLoadStrategy: normal, platformName: windows, proxy: Proxy(), se:cdp: ws://localhost:60243/devtoo..., se:cdpVersion: 131.0.6778.265, setWindowRect: true, strictFileInteractability: false, timeouts: {implicit: 0, pageLoad: 300000, script: 30000}, unhandledPromptBehavior: dismiss and notify, webauthn:extension:credBlob: true, webauthn:extension:largeBlob: true, webauthn:extension:minPinLength: true, webauthn:extension:prf: true, webauthn:virtualAuthenticators: true}
Element: [[ChromeDriver: chrome on windows (80998b59b93bab44ee41cea0fe1c13ba)] -> xpath: //common-button[@btnclass='btn btn--primary-light-dashed']//button[@type='button']]
Session ID: 80998b59b93bab44ee41cea0fe1c13ba
	at java.base/jdk.internal.reflect.DirectConstructorHandleAccessor.newInstance(DirectConstructorHandleAccessor.java:62)
	at java.base/java.lang.reflect.Constructor.newInstanceWithCaller(Constructor.java:502)
	at java.base/java.lang.reflect.Constructor.newInstance(Constructor.java:486)
	at org.openqa.selenium.remote.ErrorCodec.decode(ErrorCodec.java:167)
	at org.openqa.selenium.remote.codec.w3c.W3CHttpResponseCodec.decode(W3CHttpResponseCodec.java:138)
	at org.openqa.selenium.remote.codec.w3c.W3CHttpResponseCodec.decode(W3CHttpResponseCodec.java:50)
	at org.openqa.selenium.remote.HttpCommandExecutor.execute(HttpCommandExecutor.java:190)
	at org.openqa.selenium.remote.service.DriverCommandExecutor.invokeExecute(DriverCommandExecutor.java:216)
	at org.openqa.selenium.remote.service.DriverCommandExecutor.execute(DriverCommandExecutor.java:174)
	at org.openqa.selenium.remote.RemoteWebDriver.execute(RemoteWebDriver.java:545)
	at org.openqa.selenium.remote.RemoteWebElement.execute(RemoteWebElement.java:223)
	at org.openqa.selenium.remote.RemoteWebElement.click(RemoteWebElement.java:76)
	at java.base/jdk.internal.reflect.DirectMethodHandleAccessor.invoke(DirectMethodHandleAccessor.java:103)
	at java.base/java.lang.reflect.Method.invoke(Method.java:580)
	at org.openqa.selenium.support.pagefactory.internal.LocatingElementHandler.invoke(LocatingElementHandler.java:51)
	at jdk.proxy2/jdk.proxy2.$Proxy14.click(Unknown Source)
	at lt.insoft.uztis.pages.ApplicationFormsPage.clickButtonPlus(ApplicationFormsPage.java:185)
	at lt.insoft.uztis.tests.ApplicationFormsPageTest.testCreateNewVuiApplication(ApplicationFormsPageTest.java:138)
	at java.base/jdk.internal.reflect.DirectMethodHandleAccessor.invoke(DirectMethodHandleAccessor.java:103)
	at java.base/java.lang.reflect.Method.invoke(Method.java:580)
	at org.junit.platform.commons.util.ReflectionUtils.invokeMethod(ReflectionUtils.java:728)
	at org.junit.jupiter.engine.execution.MethodInvocation.proceed(MethodInvocation.java:60)
	at org.junit.jupiter.engine.execution.InvocationInterceptorChain$ValidatingInvocation.proceed(InvocationInterceptorChain.java:131)
	at org.junit.jupiter.engine.extension.TimeoutExtension.intercept(TimeoutExtension.java:156)
	at org.junit.jupiter.engine.extension.TimeoutExtension.interceptTestableMethod(TimeoutExtension.java:147)
	at org.junit.jupiter.engine.extension.TimeoutExtension.interceptTestMethod(TimeoutExtension.java:86)
	at org.junit.jupiter.engine.execution.InterceptingExecutableInvoker$ReflectiveInterceptorCall.lambda$ofVoidMethod$0(InterceptingExecutableInvoker.java:103)
	at org.junit.jupiter.engine.execution.InterceptingExecutableInvoker.lambda$invoke$0(InterceptingExecutableInvoker.java:93)
	at org.junit.jupiter.engine.execution.InvocationInterceptorChain$InterceptedInvocation.proceed(InvocationInterceptorChain.java:106)
	at org.junit.jupiter.engine.execution.InvocationInterceptorChain.proceed(InvocationInterceptorChain.java:64)
	at org.junit.jupiter.engine.execution.InvocationInterceptorChain.chainAndInvoke(InvocationInterceptorChain.java:45)
	at org.junit.jupiter.engine.execution.InvocationInterceptorChain.invoke(InvocationInterceptorChain.java:37)
	at org.junit.jupiter.engine.execution.InterceptingExecutableInvoker.invoke(InterceptingExecutableInvoker.java:92)
	at org.junit.jupiter.engine.execution.InterceptingExecutableInvoker.invoke(InterceptingExecutableInvoker.java:86)
	at org.junit.jupiter.engine.descriptor.TestMethodTestDescriptor.lambda$invokeTestMethod$7(TestMethodTestDescriptor.java:218)
	at org.junit.platform.engine.support.hierarchical.ThrowableCollector.execute(ThrowableCollector.java:73)
	at org.junit.jupiter.engine.descriptor.TestMethodTestDescriptor.invokeTestMethod(TestMethodTestDescriptor.java:214)
	at org.junit.jupiter.engine.descriptor.TestMethodTestDescriptor.execute(TestMethodTestDescriptor.java:139)
	at org.junit.jupiter.engine.descriptor.TestMethodTestDescriptor.execute(TestMethodTestDescriptor.java:69)
	at org.junit.platform.engine.support.hierarchical.NodeTestTask.lambda$executeRecursively$6(NodeTestTask.java:151)
	at org.junit.platform.engine.support.hierarchical.ThrowableCollector.execute(ThrowableCollector.java:73)
	at org.junit.platform.engine.support.hierarchical.NodeTestTask.lambda$executeRecursively$8(NodeTestTask.java:141)
	at org.junit.platform.engine.support.hierarchical.Node.around(Node.java:137)
	at org.junit.platform.engine.support.hierarchical.NodeTestTask.lambda$executeRecursively$9(NodeTestTask.java:139)
	at org.junit.platform.engine.support.hierarchical.ThrowableCollector.execute(ThrowableCollector.java:73)
	at org.junit.platform.engine.support.hierarchical.NodeTestTask.executeRecursively(NodeTestTask.java:138)
	at org.junit.platform.engine.support.hierarchical.NodeTestTask.execute(NodeTestTask.java:95)
	at java.base/java.util.ArrayList.forEach(ArrayList.java:1596)
	at org.junit.platform.engine.support.hierarchical.SameThreadHierarchicalTestExecutorService.invokeAll(SameThreadHierarchicalTestExecutorService.java:41)
	at org.junit.platform.engine.support.hierarchical.NodeTestTask.lambda$executeRecursively$6(NodeTestTask.java:155)
	at org.junit.platform.engine.support.hierarchical.ThrowableCollector.execute(ThrowableCollector.java:73)
	at org.junit.platform.engine.support.hierarchical.NodeTestTask.lambda$executeRecursively$8(NodeTestTask.java:141)
	at org.junit.platform.engine.support.hierarchical.Node.around(Node.java:137)
	at org.junit.platform.engine.support.hierarchical.NodeTestTask.lambda$executeRecursively$9(NodeTestTask.java:139)
	at org.junit.platform.engine.support.hierarchical.ThrowableCollector.execute(ThrowableCollector.java:73)
	at org.junit.platform.engine.support.hierarchical.NodeTestTask.executeRecursively(NodeTestTask.java:138)
	at org.junit.platform.engine.support.hierarchical.NodeTestTask.execute(NodeTestTask.java:95)
	at java.base/java.util.ArrayList.forEach(ArrayList.java:1596)
	at org.junit.platform.engine.support.hierarchical.SameThreadHierarchicalTestExecutorService.invokeAll(SameThreadHierarchicalTestExecutorService.java:41)
	at org.junit.platform.engine.support.hierarchical.NodeTestTask.lambda$executeRecursively$6(NodeTestTask.java:155)
	at org.junit.platform.engine.support.hierarchical.ThrowableCollector.execute(ThrowableCollector.java:73)
	at org.junit.platform.engine.support.hierarchical.NodeTestTask.lambda$executeRecursively$8(NodeTestTask.java:141)
	at org.junit.platform.engine.support.hierarchical.Node.around(Node.java:137)
	at org.junit.platform.engine.support.hierarchical.NodeTestTask.lambda$executeRecursively$9(NodeTestTask.java:139)
	at org.junit.platform.engine.support.hierarchical.ThrowableCollector.execute(ThrowableCollector.java:73)
	at org.junit.platform.engine.support.hierarchical.NodeTestTask.executeRecursively(NodeTestTask.java:138)
	at org.junit.platform.engine.support.hierarchical.NodeTestTask.execute(NodeTestTask.java:95)
	at org.junit.platform.engine.support.hierarchical.SameThreadHierarchicalTestExecutorService.submit(SameThreadHierarchicalTestExecutorService.java:35)
	at org.junit.platform.engine.support.hierarchical.HierarchicalTestExecutor.execute(HierarchicalTestExecutor.java:57)
	at org.junit.platform.engine.support.hierarchical.HierarchicalTestEngine.execute(HierarchicalTestEngine.java:54)
	at org.junit.platform.launcher.core.EngineExecutionOrchestrator.execute(EngineExecutionOrchestrator.java:198)
	at org.junit.platform.launcher.core.EngineExecutionOrchestrator.execute(EngineExecutionOrchestrator.java:169)
	at org.junit.platform.launcher.core.EngineExecutionOrchestrator.execute(EngineExecutionOrchestrator.java:93)
	at org.junit.platform.launcher.core.EngineExecutionOrchestrator.lambda$execute$0(EngineExecutionOrchestrator.java:58)
	at org.junit.platform.launcher.core.EngineExecutionOrchestrator.withInterceptedStreams(EngineExecutionOrchestrator.java:141)
	at org.junit.platform.launcher.core.EngineExecutionOrchestrator.execute(EngineExecutionOrchestrator.java:57)
	at org.junit.platform.launcher.core.DefaultLauncher.execute(DefaultLauncher.java:103)
	at org.junit.platform.launcher.core.DefaultLauncher.execute(DefaultLauncher.java:85)
	at org.junit.platform.launcher.core.DelegatingLauncher.execute(DelegatingLauncher.java:47)
	at org.junit.platform.launcher.core.SessionPerRequestLauncher.execute(SessionPerRequestLauncher.java:63)
	at com.intellij.junit5.JUnit5IdeaTestRunner.startRunnerWithArgs(JUnit5IdeaTestRunner.java:57)
	at com.intellij.rt.junit.IdeaTestRunner$Repeater$1.execute(IdeaTestRunner.java:38)
	at com.intellij.rt.execution.junit.TestsRepeater.repeat(TestsRepeater.java:11)
	at com.intellij.rt.junit.IdeaTestRunner$Repeater.startRunnerWithArgs(IdeaTestRunner.java:35)
	at com.intellij.rt.junit.JUnitStarter.prepareStreamsAndStart(JUnitStarter.java:232)
	at com.intellij.rt.junit.JUnitStarter.main(JUnitStarter.java:55)
2025-01-17 09:37:23 [main] INFO  l.insoft.uztis.tests.utils.TestUtils - Screenshot moved to C:\Users\ingrida.zadorozniene\Desktop\Asm\UZTIS\UZTIS_tests\test-output\screenshots\20250117\093723637_testCreateNewVuiApplication().png
2025-01-17 09:37:35 [main] INFO  lt.insoft.uztis.tests.UztisPageTest - Navigated to https://uztisdev.asseco.lt/home
2025-01-17 09:37:35 [main] INFO  l.i.u.tests.ApplicationFormsPageTest - Setup complete. ApplicationFormsPage initialized.
2025-01-17 09:37:35 [main] INFO  l.i.u.tests.ApplicationFormsPageTest - Starting test:'testCreateNewVuiApplication'
2025-01-17 09:37:36 [main] DEBUG l.i.u.tests.ApplicationFormsPageTest - User logged in with test credentials
2025-01-17 09:37:37 [main] DEBUG l.i.u.tests.ApplicationFormsPageTest - Opened 'Application Processing' menu.
2025-01-17 09:37:37 [main] DEBUG l.i.u.tests.ApplicationFormsPageTest - Clicked on 'Application Forms' menu.
2025-01-17 09:37:37 [main] DEBUG l.i.u.tests.ApplicationFormsPageTest - Clicked to create a new application form.
2025-01-17 09:37:37 [main] DEBUG l.i.u.tests.ApplicationFormsPageTest - Entered random application code: TST-VUI-07
2025-01-17 09:37:37 [main] DEBUG l.i.u.tests.ApplicationFormsPageTest - Selected 'Section' radio button.
2025-01-17 09:37:37 [main] INFO  l.i.uztis.pages.ApplicationFormsPage - Located the dropdown button.
2025-01-17 09:37:38 [main] INFO  l.i.uztis.pages.ApplicationFormsPage - Successfully selected the value: 'Skyrius 1'
2025-01-17 09:37:49 [main] ERROR l.i.uztis.pages.ApplicationFormsPage - Failed to close the dropdown with aria-expanded = 'false'.
2025-01-17 09:37:49 [main] DEBUG l.i.u.tests.ApplicationFormsPageTest - Selected a value from the 'Section' dropdown: 'Skyrius 1'
2025-01-17 09:37:49 [main] DEBUG l.i.u.tests.ApplicationFormsPageTest - Selected 'Budget by Municipality' option.
2025-01-17 09:37:49 [main] DEBUG l.i.u.tests.ApplicationFormsPageTest - Selected 'Financed Without Queue' option.
2025-01-17 09:37:49 [main] DEBUG l.i.u.tests.ApplicationFormsPageTest - Clicked 'Add' button.
2025-01-17 09:37:49 [main] INFO  l.i.uztis.pages.ApplicationFormsPage - Located the dropdown button.
2025-01-17 09:37:49 [main] INFO  l.i.uztis.pages.ApplicationFormsPage - Successfully selected the value: 'VUI paraiškos vertinimo forma - I etapas'
2025-01-17 09:37:49 [main] DEBUG l.i.u.tests.ApplicationFormsPageTest - Selected a value from the 'EvaluationOne' dropdown: 'VUI paraiškos vertinimo forma - I etapas'
2025-01-17 09:37:49 [main] INFO  l.i.uztis.pages.ApplicationFormsPage - Located the dropdown button.
2025-01-17 09:37:49 [main] INFO  l.i.uztis.pages.ApplicationFormsPage - Successfully selected the value: 'VUI paraiškos vertinimo forma - II etapas'
2025-01-17 09:37:49 [main] DEBUG l.i.u.tests.ApplicationFormsPageTest - Selected a value from the 'EvaluationTwon' dropdown: 'VUI paraiškos vertinimo forma - II etapas'
2025-01-17 09:37:49 [main] INFO  l.i.uztis.pages.ApplicationFormsPage - Located the dropdown button.
2025-01-17 09:37:50 [main] ERROR l.i.uztis.pages.ApplicationFormsPage - Option 'VUI paraiškos vertinimo forma - III etapas' was not found in the dropdown.
2025-01-17 09:37:50 [main] DEBUG l.i.u.tests.ApplicationFormsPageTest - Selected a value from the 'EvaluationThree' dropdown: 'VUI paraiškos vertinimo forma - III etapas'
2025-01-17 09:37:51 [main] ERROR l.i.u.tests.ApplicationFormsPageTest - Test 'testCreateNewVuiApplication' failed with error: element click intercepted: Element <button type="button" class="btn btn--primary-light-dashed">...</button> is not clickable at point (390, 991). Other element would receive the click: <div class="cdk-overlay-backdrop cdk-overlay-transparent-backdrop cdk-overlay-backdrop-showing"></div>
  (Session info: chrome=131.0.6778.265)
Build info: version: '4.27.0', revision: 'd6e718d134'
System info: os.name: 'Windows 11', os.arch: 'amd64', os.version: '10.0', java.version: '21.0.3'
Driver info: org.openqa.selenium.chrome.ChromeDriver
Command: [82e169eddfa83fd11e2b8c1522729772, clickElement {id=f.CAF4C06CB09B8AEF321ED77ED1633DE9.d.764EA7270AF5A566DA4A1CCCE37212F9.e.108}]
Capabilities {acceptInsecureCerts: false, browserName: chrome, browserVersion: 131.0.6778.265, chrome: {chromedriverVersion: 131.0.6778.264 (2d05e315153..., userDataDir: C:\Users\INGRID~1.ZAD\AppDa...}, fedcm:accounts: true, goog:chromeOptions: {debuggerAddress: localhost:60277}, networkConnectionEnabled: false, pageLoadStrategy: normal, platformName: windows, proxy: Proxy(), se:cdp: ws://localhost:60277/devtoo..., se:cdpVersion: 131.0.6778.265, setWindowRect: true, strictFileInteractability: false, timeouts: {implicit: 0, pageLoad: 300000, script: 30000}, unhandledPromptBehavior: dismiss and notify, webauthn:extension:credBlob: true, webauthn:extension:largeBlob: true, webauthn:extension:minPinLength: true, webauthn:extension:prf: true, webauthn:virtualAuthenticators: true}
Element: [[ChromeDriver: chrome on windows (82e169eddfa83fd11e2b8c1522729772)] -> xpath: //common-button[@btnclass='btn btn--primary-light-dashed']//button[@type='button']]
Session ID: 82e169eddfa83fd11e2b8c1522729772
org.openqa.selenium.ElementClickInterceptedException: element click intercepted: Element <button type="button" class="btn btn--primary-light-dashed">...</button> is not clickable at point (390, 991). Other element would receive the click: <div class="cdk-overlay-backdrop cdk-overlay-transparent-backdrop cdk-overlay-backdrop-showing"></div>
  (Session info: chrome=131.0.6778.265)
Build info: version: '4.27.0', revision: 'd6e718d134'
System info: os.name: 'Windows 11', os.arch: 'amd64', os.version: '10.0', java.version: '21.0.3'
Driver info: org.openqa.selenium.chrome.ChromeDriver
Command: [82e169eddfa83fd11e2b8c1522729772, clickElement {id=f.CAF4C06CB09B8AEF321ED77ED1633DE9.d.764EA7270AF5A566DA4A1CCCE37212F9.e.108}]
Capabilities {acceptInsecureCerts: false, browserName: chrome, browserVersion: 131.0.6778.265, chrome: {chromedriverVersion: 131.0.6778.264 (2d05e315153..., userDataDir: C:\Users\INGRID~1.ZAD\AppDa...}, fedcm:accounts: true, goog:chromeOptions: {debuggerAddress: localhost:60277}, networkConnectionEnabled: false, pageLoadStrategy: normal, platformName: windows, proxy: Proxy(), se:cdp: ws://localhost:60277/devtoo..., se:cdpVersion: 131.0.6778.265, setWindowRect: true, strictFileInteractability: false, timeouts: {implicit: 0, pageLoad: 300000, script: 30000}, unhandledPromptBehavior: dismiss and notify, webauthn:extension:credBlob: true, webauthn:extension:largeBlob: true, webauthn:extension:minPinLength: true, webauthn:extension:prf: true, webauthn:virtualAuthenticators: true}
Element: [[ChromeDriver: chrome on windows (82e169eddfa83fd11e2b8c1522729772)] -> xpath: //common-button[@btnclass='btn btn--primary-light-dashed']//button[@type='button']]
Session ID: 82e169eddfa83fd11e2b8c1522729772
	at java.base/jdk.internal.reflect.DirectConstructorHandleAccessor.newInstance(DirectConstructorHandleAccessor.java:62)
	at java.base/java.lang.reflect.Constructor.newInstanceWithCaller(Constructor.java:502)
	at java.base/java.lang.reflect.Constructor.newInstance(Constructor.java:486)
	at org.openqa.selenium.remote.ErrorCodec.decode(ErrorCodec.java:167)
	at org.openqa.selenium.remote.codec.w3c.W3CHttpResponseCodec.decode(W3CHttpResponseCodec.java:138)
	at org.openqa.selenium.remote.codec.w3c.W3CHttpResponseCodec.decode(W3CHttpResponseCodec.java:50)
	at org.openqa.selenium.remote.HttpCommandExecutor.execute(HttpCommandExecutor.java:190)
	at org.openqa.selenium.remote.service.DriverCommandExecutor.invokeExecute(DriverCommandExecutor.java:216)
	at org.openqa.selenium.remote.service.DriverCommandExecutor.execute(DriverCommandExecutor.java:174)
	at org.openqa.selenium.remote.RemoteWebDriver.execute(RemoteWebDriver.java:545)
	at org.openqa.selenium.remote.RemoteWebElement.execute(RemoteWebElement.java:223)
	at org.openqa.selenium.remote.RemoteWebElement.click(RemoteWebElement.java:76)
	at java.base/jdk.internal.reflect.DirectMethodHandleAccessor.invoke(DirectMethodHandleAccessor.java:103)
	at java.base/java.lang.reflect.Method.invoke(Method.java:580)
	at org.openqa.selenium.support.pagefactory.internal.LocatingElementHandler.invoke(LocatingElementHandler.java:51)
	at jdk.proxy2/jdk.proxy2.$Proxy14.click(Unknown Source)
	at lt.insoft.uztis.pages.ApplicationFormsPage.clickButtonPlus(ApplicationFormsPage.java:185)
	at lt.insoft.uztis.tests.ApplicationFormsPageTest.testCreateNewVuiApplication(ApplicationFormsPageTest.java:138)
	at java.base/jdk.internal.reflect.DirectMethodHandleAccessor.invoke(DirectMethodHandleAccessor.java:103)
	at java.base/java.lang.reflect.Method.invoke(Method.java:580)
	at org.junit.platform.commons.util.ReflectionUtils.invokeMethod(ReflectionUtils.java:728)
	at org.junit.jupiter.engine.execution.MethodInvocation.proceed(MethodInvocation.java:60)
	at org.junit.jupiter.engine.execution.InvocationInterceptorChain$ValidatingInvocation.proceed(InvocationInterceptorChain.java:131)
	at org.junit.jupiter.engine.extension.TimeoutExtension.intercept(TimeoutExtension.java:156)
	at org.junit.jupiter.engine.extension.TimeoutExtension.interceptTestableMethod(TimeoutExtension.java:147)
	at org.junit.jupiter.engine.extension.TimeoutExtension.interceptTestMethod(TimeoutExtension.java:86)
	at org.junit.jupiter.engine.execution.InterceptingExecutableInvoker$ReflectiveInterceptorCall.lambda$ofVoidMethod$0(InterceptingExecutableInvoker.java:103)
	at org.junit.jupiter.engine.execution.InterceptingExecutableInvoker.lambda$invoke$0(InterceptingExecutableInvoker.java:93)
	at org.junit.jupiter.engine.execution.InvocationInterceptorChain$InterceptedInvocation.proceed(InvocationInterceptorChain.java:106)
	at org.junit.jupiter.engine.execution.InvocationInterceptorChain.proceed(InvocationInterceptorChain.java:64)
	at org.junit.jupiter.engine.execution.InvocationInterceptorChain.chainAndInvoke(InvocationInterceptorChain.java:45)
	at org.junit.jupiter.engine.execution.InvocationInterceptorChain.invoke(InvocationInterceptorChain.java:37)
	at org.junit.jupiter.engine.execution.InterceptingExecutableInvoker.invoke(InterceptingExecutableInvoker.java:92)
	at org.junit.jupiter.engine.execution.InterceptingExecutableInvoker.invoke(InterceptingExecutableInvoker.java:86)
	at org.junit.jupiter.engine.descriptor.TestMethodTestDescriptor.lambda$invokeTestMethod$7(TestMethodTestDescriptor.java:218)
	at org.junit.platform.engine.support.hierarchical.ThrowableCollector.execute(ThrowableCollector.java:73)
	at org.junit.jupiter.engine.descriptor.TestMethodTestDescriptor.invokeTestMethod(TestMethodTestDescriptor.java:214)
	at org.junit.jupiter.engine.descriptor.TestMethodTestDescriptor.execute(TestMethodTestDescriptor.java:139)
	at org.junit.jupiter.engine.descriptor.TestMethodTestDescriptor.execute(TestMethodTestDescriptor.java:69)
	at org.junit.platform.engine.support.hierarchical.NodeTestTask.lambda$executeRecursively$6(NodeTestTask.java:151)
	at org.junit.platform.engine.support.hierarchical.ThrowableCollector.execute(ThrowableCollector.java:73)
	at org.junit.platform.engine.support.hierarchical.NodeTestTask.lambda$executeRecursively$8(NodeTestTask.java:141)
	at org.junit.platform.engine.support.hierarchical.Node.around(Node.java:137)
	at org.junit.platform.engine.support.hierarchical.NodeTestTask.lambda$executeRecursively$9(NodeTestTask.java:139)
	at org.junit.platform.engine.support.hierarchical.ThrowableCollector.execute(ThrowableCollector.java:73)
	at org.junit.platform.engine.support.hierarchical.NodeTestTask.executeRecursively(NodeTestTask.java:138)
	at org.junit.platform.engine.support.hierarchical.NodeTestTask.execute(NodeTestTask.java:95)
	at java.base/java.util.ArrayList.forEach(ArrayList.java:1596)
	at org.junit.platform.engine.support.hierarchical.SameThreadHierarchicalTestExecutorService.invokeAll(SameThreadHierarchicalTestExecutorService.java:41)
	at org.junit.platform.engine.support.hierarchical.NodeTestTask.lambda$executeRecursively$6(NodeTestTask.java:155)
	at org.junit.platform.engine.support.hierarchical.ThrowableCollector.execute(ThrowableCollector.java:73)
	at org.junit.platform.engine.support.hierarchical.NodeTestTask.lambda$executeRecursively$8(NodeTestTask.java:141)
	at org.junit.platform.engine.support.hierarchical.Node.around(Node.java:137)
	at org.junit.platform.engine.support.hierarchical.NodeTestTask.lambda$executeRecursively$9(NodeTestTask.java:139)
	at org.junit.platform.engine.support.hierarchical.ThrowableCollector.execute(ThrowableCollector.java:73)
	at org.junit.platform.engine.support.hierarchical.NodeTestTask.executeRecursively(NodeTestTask.java:138)
	at org.junit.platform.engine.support.hierarchical.NodeTestTask.execute(NodeTestTask.java:95)
	at java.base/java.util.ArrayList.forEach(ArrayList.java:1596)
	at org.junit.platform.engine.support.hierarchical.SameThreadHierarchicalTestExecutorService.invokeAll(SameThreadHierarchicalTestExecutorService.java:41)
	at org.junit.platform.engine.support.hierarchical.NodeTestTask.lambda$executeRecursively$6(NodeTestTask.java:155)
	at org.junit.platform.engine.support.hierarchical.ThrowableCollector.execute(ThrowableCollector.java:73)
	at org.junit.platform.engine.support.hierarchical.NodeTestTask.lambda$executeRecursively$8(NodeTestTask.java:141)
	at org.junit.platform.engine.support.hierarchical.Node.around(Node.java:137)
	at org.junit.platform.engine.support.hierarchical.NodeTestTask.lambda$executeRecursively$9(NodeTestTask.java:139)
	at org.junit.platform.engine.support.hierarchical.ThrowableCollector.execute(ThrowableCollector.java:73)
	at org.junit.platform.engine.support.hierarchical.NodeTestTask.executeRecursively(NodeTestTask.java:138)
	at org.junit.platform.engine.support.hierarchical.NodeTestTask.execute(NodeTestTask.java:95)
	at org.junit.platform.engine.support.hierarchical.SameThreadHierarchicalTestExecutorService.submit(SameThreadHierarchicalTestExecutorService.java:35)
	at org.junit.platform.engine.support.hierarchical.HierarchicalTestExecutor.execute(HierarchicalTestExecutor.java:57)
	at org.junit.platform.engine.support.hierarchical.HierarchicalTestEngine.execute(HierarchicalTestEngine.java:54)
	at org.junit.platform.launcher.core.EngineExecutionOrchestrator.execute(EngineExecutionOrchestrator.java:198)
	at org.junit.platform.launcher.core.EngineExecutionOrchestrator.execute(EngineExecutionOrchestrator.java:169)
	at org.junit.platform.launcher.core.EngineExecutionOrchestrator.execute(EngineExecutionOrchestrator.java:93)
	at org.junit.platform.launcher.core.EngineExecutionOrchestrator.lambda$execute$0(EngineExecutionOrchestrator.java:58)
	at org.junit.platform.launcher.core.EngineExecutionOrchestrator.withInterceptedStreams(EngineExecutionOrchestrator.java:141)
	at org.junit.platform.launcher.core.EngineExecutionOrchestrator.execute(EngineExecutionOrchestrator.java:57)
	at org.junit.platform.launcher.core.DefaultLauncher.execute(DefaultLauncher.java:103)
	at org.junit.platform.launcher.core.DefaultLauncher.execute(DefaultLauncher.java:85)
	at org.junit.platform.launcher.core.DelegatingLauncher.execute(DelegatingLauncher.java:47)
	at org.junit.platform.launcher.core.SessionPerRequestLauncher.execute(SessionPerRequestLauncher.java:63)
	at com.intellij.junit5.JUnit5IdeaTestRunner.startRunnerWithArgs(JUnit5IdeaTestRunner.java:57)
	at com.intellij.rt.junit.IdeaTestRunner$Repeater$1.execute(IdeaTestRunner.java:38)
	at com.intellij.rt.execution.junit.TestsRepeater.repeat(TestsRepeater.java:11)
	at com.intellij.rt.junit.IdeaTestRunner$Repeater.startRunnerWithArgs(IdeaTestRunner.java:35)
	at com.intellij.rt.junit.JUnitStarter.prepareStreamsAndStart(JUnitStarter.java:232)
	at com.intellij.rt.junit.JUnitStarter.main(JUnitStarter.java:55)
2025-01-17 09:37:51 [main] INFO  l.insoft.uztis.tests.utils.TestUtils - Screenshot moved to C:\Users\ingrida.zadorozniene\Desktop\Asm\UZTIS\UZTIS_tests\test-output\screenshots\20250117\093751423_testCreateNewVuiApplication().png
2025-01-17 09:50:55 [main] INFO  lt.insoft.uztis.tests.UztisPageTest - Navigated to https://uztisdev.asseco.lt/home
2025-01-17 09:50:55 [main] INFO  l.i.uztis.tests.InvitationsPageTest - Starting test:'testCreateNewVuiInvitationDraft'
2025-01-17 09:50:56 [main] DEBUG l.i.uztis.tests.InvitationsPageTest - User logged in with test credentials
2025-01-17 09:50:56 [main] DEBUG l.i.uztis.tests.InvitationsPageTest - Opened 'Application Processing' menu.
2025-01-17 09:50:56 [main] DEBUG l.i.uztis.tests.InvitationsPageTest - Clicked on 'Application Forms' menu.
2025-01-17 09:50:56 [main] DEBUG l.i.uztis.tests.InvitationsPageTest - Navigating to application forms menu.
2025-01-17 09:50:57 [main] DEBUG l.i.uztis.tests.InvitationsPageTest - Retrieved last description code text: 'TST-VUI-07'.
2025-01-17 09:50:57 [main] DEBUG l.i.uztis.tests.InvitationsPageTest - Clicked on 'Invitation' menu.
2025-01-17 09:50:57 [main] DEBUG l.i.uztis.tests.InvitationsPageTest - Clicked 'Create New Application Form'.
2025-01-17 09:50:57 [main] DEBUG l.i.uztis.tests.InvitationsPageTest - Selected section by code: 'TST-VUI-07'.
2025-01-17 09:50:58 [main] DEBUG l.i.uztis.tests.InvitationsPageTest - Selected invitation number from the list.
2025-01-17 09:50:58 [main] DEBUG l.i.uztis.tests.InvitationsPageTest - Entered current date.
2025-01-17 09:50:59 [main] DEBUG l.i.uztis.tests.InvitationsPageTest - Entered start time: 00:00.
2025-01-17 09:50:59 [main] DEBUG l.i.uztis.tests.InvitationsPageTest - Entered end date.
2025-01-17 09:50:59 [main] DEBUG l.i.uztis.tests.InvitationsPageTest - Entered end time: 11:11.
2025-01-17 09:50:59 [main] DEBUG l.i.uztis.tests.InvitationsPageTest - Draft saved.
2025-01-17 09:51:00 [main] DEBUG l.i.uztis.tests.InvitationsPageTest - Verified success message: 'Duomenys sėkmingai išsaugoti.'
2025-01-17 09:51:00 [main] INFO  l.i.uztis.tests.InvitationsPageTest - Test 'testCreateNewVuiInvitationDraft' completed successfully.
2025-01-17 09:51:20 [main] INFO  lt.insoft.uztis.tests.UztisPageTest - Navigated to https://uztisdev.asseco.lt/home
2025-01-17 09:51:20 [main] INFO  l.i.uztis.tests.InvitationsPageTest - Starting test:'testEditAndPublishVuiInvitationDraft'
2025-01-17 09:51:21 [main] DEBUG l.i.uztis.tests.InvitationsPageTest - User logged in with test credentials
2025-01-17 09:51:21 [main] DEBUG l.i.uztis.tests.InvitationsPageTest - Opened 'Application Processing' menu.
2025-01-17 09:51:21 [main] DEBUG l.i.uztis.tests.InvitationsPageTest - Clicked on 'Application Forms' menu.
2025-01-17 09:51:21 [main] DEBUG l.i.uztis.tests.InvitationsPageTest - Navigating to application forms menu.
2025-01-17 09:51:22 [main] DEBUG l.i.uztis.tests.InvitationsPageTest - Retrieved last description code text: 'TST-VUI-07'.
2025-01-17 09:51:22 [main] DEBUG l.i.uztis.tests.InvitationsPageTest - Clicked on 'Invitation' menu.
2025-01-17 09:51:22 [main] DEBUG l.i.uztis.tests.InvitationsPageTest - Selected section by code: 'TST-VUI-07'.
2025-01-17 09:51:22 [main] DEBUG l.i.uztis.tests.InvitationsPageTest - Clicked 'Search'.
2025-01-17 09:51:22 [main] DEBUG l.i.uztis.tests.InvitationsPageTest - Getting and inserting application code text.
2025-01-17 09:51:23 [main] DEBUG l.i.uztis.tests.InvitationsPageTest - Clicked 'InvitationDraft'.
2025-01-17 09:51:23 [main] DEBUG l.i.uztis.tests.InvitationsPageTest - Clicked 'Edit'.
2025-01-17 09:51:24 [main] DEBUG l.i.uztis.tests.InvitationsPageTest - Entered publication end date.
2025-01-17 09:51:24 [main] DEBUG l.i.uztis.tests.InvitationsPageTest - Added additional values.
2025-01-17 09:51:24 [main] INFO  l.insoft.uztis.pages.InvitationsPage - Located the dropdown button.
2025-01-17 09:51:24 [main] DEBUG l.i.uztis.tests.InvitationsPageTest - Selected the value: 'Didžiausia galima paramos suma aplinkos darbo vietai, Eur'
2025-01-17 09:51:24 [main] INFO  l.insoft.uztis.pages.InvitationsPage - Located the dropdown button.
2025-01-17 09:51:25 [main] DEBUG l.i.uztis.tests.InvitationsPageTest - Selected the value: 'Didžiausia galima paramos suma, Eur'
2025-01-17 09:51:25 [main] INFO  l.insoft.uztis.pages.InvitationsPage - Located the dropdown button.
2025-01-17 09:51:25 [main] DEBUG l.i.uztis.tests.InvitationsPageTest - Selected the value: 'Didžiausia galima paramos suma vienai darbo vietai, Eur'
2025-01-17 09:51:25 [main] DEBUG l.i.uztis.tests.InvitationsPageTest - Entered value: 11000
2025-01-17 09:51:25 [main] DEBUG l.i.uztis.tests.InvitationsPageTest - Entered value: 12000
2025-01-17 09:51:25 [main] DEBUG l.i.uztis.tests.InvitationsPageTest - Entered value: 13000
2025-01-17 09:51:26 [main] DEBUG l.i.uztis.tests.InvitationsPageTest - Checked 'Legal Entities' checkbox.
2025-01-17 09:51:26 [main] DEBUG l.i.uztis.tests.InvitationsPageTest - Unchecked 'Persons Registered with Employment Service' checkbox.
2025-01-17 09:51:26 [main] DEBUG l.i.uztis.tests.InvitationsPageTest - Checked 'Persons Registered as Employers' checkbox.
2025-01-17 09:51:26 [main] DEBUG l.i.uztis.tests.InvitationsPageTest - Entered second evaluation grade: '5'.
2025-01-17 09:51:26 [main] DEBUG l.i.uztis.tests.InvitationsPageTest - Entered third evaluation grade: '6'.
2025-01-17 09:51:26 [main] DEBUG l.i.uztis.tests.InvitationsPageTest - Entered second evaluation grade weight: '0,45'.
2025-01-17 09:51:26 [main] DEBUG l.i.uztis.tests.InvitationsPageTest - Entered third evaluation grade weight: '0,55'.
2025-01-17 09:51:26 [main] DEBUG l.i.uztis.tests.InvitationsPageTest - Entered budget: '2000'.
2025-01-17 09:51:26 [main] DEBUG l.i.uztis.tests.InvitationsPageTest - Entered description text: 'Aprašo tekstas'.
2025-01-17 09:51:27 [main] DEBUG l.i.uztis.tests.InvitationsPageTest - Entered applicants text: 'Pareiškėjų tekstas'.
2025-01-17 09:51:27 [main] DEBUG l.i.uztis.tests.InvitationsPageTest - Entered expenditures text: 'Išlaidų tekstas'.
2025-01-17 09:51:27 [main] DEBUG l.i.uztis.tests.InvitationsPageTest - Entered legislation text: 'Teisės aktų tekstas'.
2025-01-17 09:51:27 [main] DEBUG l.i.uztis.tests.InvitationsPageTest - Entered education text: 'Mokymų tekstas'.
2025-01-17 09:51:27 [main] DEBUG l.i.uztis.tests.InvitationsPageTest - File uploaded.
2025-01-17 09:51:27 [main] DEBUG l.i.uztis.tests.InvitationsPageTest - Clicked 'Publish'.
2025-01-17 09:51:27 [main] DEBUG l.i.uztis.tests.InvitationsPageTest - Publication confirmed.
2025-01-17 09:51:28 [main] DEBUG l.i.uztis.tests.InvitationsPageTest - Verified success message: 'Funkcija sėkmingai atlikta.'
2025-01-17 09:51:28 [main] INFO  l.i.uztis.tests.InvitationsPageTest - Test 'testEditAndPublishVuiInvitationDraft' completed successfully.
2025-01-17 09:51:41 [main] INFO  lt.insoft.uztis.tests.UztisPageTest - Navigated to https://uztisdev.asseco.lt/home
2025-01-17 09:51:41 [main] INFO  l.i.uztis.tests.InvitationsPageTest - Starting test:'testInsertVuiStatisticInformation'
2025-01-17 09:51:43 [main] DEBUG l.i.uztis.tests.InvitationsPageTest - User logged in with test credentials
2025-01-17 09:51:43 [main] DEBUG l.i.uztis.tests.InvitationsPageTest - Opened 'Application Processing' menu.
2025-01-17 09:51:43 [main] DEBUG l.i.uztis.tests.InvitationsPageTest - Clicked on 'Application Forms' menu.
2025-01-17 09:51:43 [main] DEBUG l.i.uztis.tests.InvitationsPageTest - Navigating to invitation forms menu.
2025-01-17 09:51:43 [main] DEBUG l.i.uztis.tests.InvitationsPageTest - Retrieved last description code text: 'TST-VUI-07'.
2025-01-17 09:51:43 [main] DEBUG l.i.uztis.tests.InvitationsPageTest - Clicked on 'Invitation' menu.
2025-01-17 09:51:44 [main] DEBUG l.i.uztis.tests.InvitationsPageTest - Selected section by code: 'TST-VUI-07'.
2025-01-17 09:51:44 [main] DEBUG l.i.uztis.tests.InvitationsPageTest - Clicked 'Search'.
2025-01-17 09:51:44 [main] DEBUG l.i.uztis.tests.InvitationsPageTest - Getting and inserting application code text.
2025-01-17 09:51:44 [main] DEBUG l.i.uztis.tests.InvitationsPageTest - Clicked 'Publishing'.
2025-01-17 09:51:45 [main] DEBUG l.i.uztis.tests.InvitationsPageTest - Clicked 'Statistic Information' tab.
2025-01-17 09:51:45 [main] DEBUG l.i.uztis.tests.InvitationsPageTest - Clicked 'Edit' button.
2025-01-17 09:51:45 [main] DEBUG l.i.uztis.tests.InvitationsPageTest - Entered current date.
2025-01-17 09:51:45 [main] DEBUG l.i.uztis.tests.InvitationsPageTest - Entered value: 8.7
2025-01-17 09:51:45 [main] DEBUG l.i.uztis.tests.InvitationsPageTest - Entered average salary: 2237.9
2025-01-17 09:51:45 [main] DEBUG l.i.uztis.tests.InvitationsPageTest - File uploaded.
2025-01-17 09:51:45 [main] DEBUG l.i.uztis.tests.InvitationsPageTest - Clicked 'Save' button.
2025-01-17 09:51:46 [main] DEBUG l.i.uztis.tests.InvitationsPageTest - Verified success message: 'Funkcija sėkmingai atlikta.'
2025-01-17 09:51:46 [main] INFO  l.i.uztis.tests.InvitationsPageTest - Test 'testInsertVuiStatisticInformation' completed successfully.
2025-01-17 09:54:47 [main] INFO  lt.insoft.uztis.tests.UztisPageTest - Navigated to https://uztisdev.asseco.lt/home
2025-01-17 09:54:47 [main] INFO  l.i.uztis.tests.InvitationsPageTest - Starting test:'testCreateNewVuiInvitationDraft'
2025-01-17 09:54:48 [main] DEBUG l.i.uztis.tests.InvitationsPageTest - User logged in with test credentials
2025-01-17 09:54:49 [main] DEBUG l.i.uztis.tests.InvitationsPageTest - Opened 'Application Processing' menu.
2025-01-17 09:54:49 [main] DEBUG l.i.uztis.tests.InvitationsPageTest - Clicked on 'Application Forms' menu.
2025-01-17 09:54:49 [main] DEBUG l.i.uztis.tests.InvitationsPageTest - Navigating to application forms menu.
2025-01-17 09:54:49 [main] DEBUG l.i.uztis.tests.InvitationsPageTest - Retrieved last description code text: 'TST-VUI-07'.
2025-01-17 09:54:49 [main] DEBUG l.i.uztis.tests.InvitationsPageTest - Clicked on 'Invitation' menu.
2025-01-17 09:54:49 [main] DEBUG l.i.uztis.tests.InvitationsPageTest - Clicked 'Create New Application Form'.
2025-01-17 09:54:50 [main] DEBUG l.i.uztis.tests.InvitationsPageTest - Selected section by code: 'TST-VUI-07'.
2025-01-17 09:54:50 [main] DEBUG l.i.uztis.tests.InvitationsPageTest - Selected invitation number from the list.
2025-01-17 09:54:51 [main] DEBUG l.i.uztis.tests.InvitationsPageTest - Entered current date.
2025-01-17 09:54:51 [main] DEBUG l.i.uztis.tests.InvitationsPageTest - Entered start time: 00:00.
2025-01-17 09:54:51 [main] DEBUG l.i.uztis.tests.InvitationsPageTest - Entered end date.
2025-01-17 09:54:52 [main] DEBUG l.i.uztis.tests.InvitationsPageTest - Entered end time: 11:11.
2025-01-17 09:54:52 [main] DEBUG l.i.uztis.tests.InvitationsPageTest - Draft saved.
2025-01-17 09:54:52 [main] DEBUG l.i.uztis.tests.InvitationsPageTest - Verified success message: 'Duomenys sėkmingai išsaugoti.'
2025-01-17 09:54:52 [main] INFO  l.i.uztis.tests.InvitationsPageTest - Test 'testCreateNewVuiInvitationDraft' completed successfully.
2025-01-17 09:55:01 [main] INFO  lt.insoft.uztis.tests.UztisPageTest - Navigated to https://uztisdev.asseco.lt/home
2025-01-17 09:55:01 [main] INFO  l.i.uztis.tests.InvitationsPageTest - Starting test:'testEditAndPublishVuiInvitationDraft'
2025-01-17 09:55:03 [main] DEBUG l.i.uztis.tests.InvitationsPageTest - User logged in with test credentials
2025-01-17 09:55:03 [main] DEBUG l.i.uztis.tests.InvitationsPageTest - Opened 'Application Processing' menu.
2025-01-17 09:55:03 [main] DEBUG l.i.uztis.tests.InvitationsPageTest - Clicked on 'Application Forms' menu.
2025-01-17 09:55:03 [main] DEBUG l.i.uztis.tests.InvitationsPageTest - Navigating to application forms menu.
2025-01-17 09:55:03 [main] DEBUG l.i.uztis.tests.InvitationsPageTest - Retrieved last description code text: 'TST-VUI-07'.
2025-01-17 09:55:03 [main] DEBUG l.i.uztis.tests.InvitationsPageTest - Clicked on 'Invitation' menu.
2025-01-17 09:55:04 [main] DEBUG l.i.uztis.tests.InvitationsPageTest - Selected section by code: 'TST-VUI-07'.
2025-01-17 09:55:04 [main] DEBUG l.i.uztis.tests.InvitationsPageTest - Clicked 'Search'.
2025-01-17 09:55:04 [main] DEBUG l.i.uztis.tests.InvitationsPageTest - Getting and inserting application code text.
2025-01-17 09:55:04 [main] DEBUG l.i.uztis.tests.InvitationsPageTest - Clicked 'InvitationDraft'.
2025-01-17 09:55:05 [main] DEBUG l.i.uztis.tests.InvitationsPageTest - Clicked 'Edit'.
2025-01-17 09:55:05 [main] DEBUG l.i.uztis.tests.InvitationsPageTest - Entered publication end date.
2025-01-17 09:55:06 [main] DEBUG l.i.uztis.tests.InvitationsPageTest - Added additional values.
2025-01-17 09:55:06 [main] INFO  l.insoft.uztis.pages.InvitationsPage - Located the dropdown button.
2025-01-17 09:55:06 [main] DEBUG l.i.uztis.tests.InvitationsPageTest - Selected the value: 'Didžiausia galima paramos suma aplinkos darbo vietai, Eur'
2025-01-17 09:55:06 [main] INFO  l.insoft.uztis.pages.InvitationsPage - Located the dropdown button.
2025-01-17 09:55:07 [main] DEBUG l.i.uztis.tests.InvitationsPageTest - Selected the value: 'Didžiausia galima paramos suma, Eur'
2025-01-17 09:55:07 [main] INFO  l.insoft.uztis.pages.InvitationsPage - Located the dropdown button.
2025-01-17 09:55:07 [main] DEBUG l.i.uztis.tests.InvitationsPageTest - Selected the value: 'Didžiausia galima paramos suma vienai darbo vietai, Eur'
2025-01-17 09:55:07 [main] DEBUG l.i.uztis.tests.InvitationsPageTest - Entered value: 11000
2025-01-17 09:55:07 [main] DEBUG l.i.uztis.tests.InvitationsPageTest - Entered value: 12000
2025-01-17 09:55:08 [main] DEBUG l.i.uztis.tests.InvitationsPageTest - Entered value: 13000
2025-01-17 09:55:08 [main] DEBUG l.i.uztis.tests.InvitationsPageTest - Checked 'Legal Entities' checkbox.
2025-01-17 09:55:08 [main] DEBUG l.i.uztis.tests.InvitationsPageTest - Unchecked 'Persons Registered with Employment Service' checkbox.
2025-01-17 09:55:08 [main] DEBUG l.i.uztis.tests.InvitationsPageTest - Checked 'Persons Registered as Employers' checkbox.
2025-01-17 09:55:08 [main] DEBUG l.i.uztis.tests.InvitationsPageTest - Entered second evaluation grade: '5'.
2025-01-17 09:55:08 [main] DEBUG l.i.uztis.tests.InvitationsPageTest - Entered third evaluation grade: '6'.
2025-01-17 09:55:08 [main] DEBUG l.i.uztis.tests.InvitationsPageTest - Entered second evaluation grade weight: '0,45'.
2025-01-17 09:55:08 [main] DEBUG l.i.uztis.tests.InvitationsPageTest - Entered third evaluation grade weight: '0,55'.
2025-01-17 09:55:08 [main] DEBUG l.i.uztis.tests.InvitationsPageTest - Entered budget: '2000'.
2025-01-17 09:55:09 [main] DEBUG l.i.uztis.tests.InvitationsPageTest - Entered description text: 'Aprašo tekstas'.
2025-01-17 09:55:09 [main] DEBUG l.i.uztis.tests.InvitationsPageTest - Entered applicants text: 'Pareiškėjų tekstas'.
2025-01-17 09:55:09 [main] DEBUG l.i.uztis.tests.InvitationsPageTest - Entered expenditures text: 'Išlaidų tekstas'.
2025-01-17 09:55:09 [main] DEBUG l.i.uztis.tests.InvitationsPageTest - Entered legislation text: 'Teisės aktų tekstas'.
2025-01-17 09:55:09 [main] DEBUG l.i.uztis.tests.InvitationsPageTest - Entered education text: 'Mokymų tekstas'.
2025-01-17 09:55:09 [main] DEBUG l.i.uztis.tests.InvitationsPageTest - File uploaded.
2025-01-17 09:55:09 [main] DEBUG l.i.uztis.tests.InvitationsPageTest - Clicked 'Publish'.
2025-01-17 09:55:09 [main] DEBUG l.i.uztis.tests.InvitationsPageTest - Publication confirmed.
2025-01-17 09:55:10 [main] DEBUG l.i.uztis.tests.InvitationsPageTest - Verified success message: 'Funkcija sėkmingai atlikta.'
2025-01-17 09:55:10 [main] INFO  l.i.uztis.tests.InvitationsPageTest - Test 'testEditAndPublishVuiInvitationDraft' completed successfully.
2025-01-17 09:55:22 [main] INFO  lt.insoft.uztis.tests.UztisPageTest - Navigated to https://uztisdev.asseco.lt/home
2025-01-17 09:55:22 [main] INFO  l.i.uztis.tests.InvitationsPageTest - Starting test:'testInsertVuiStatisticInformation'
2025-01-17 09:55:23 [main] DEBUG l.i.uztis.tests.InvitationsPageTest - User logged in with test credentials
2025-01-17 09:55:23 [main] DEBUG l.i.uztis.tests.InvitationsPageTest - Opened 'Application Processing' menu.
2025-01-17 09:55:23 [main] DEBUG l.i.uztis.tests.InvitationsPageTest - Clicked on 'Application Forms' menu.
2025-01-17 09:55:23 [main] DEBUG l.i.uztis.tests.InvitationsPageTest - Navigating to invitation forms menu.
2025-01-17 09:55:23 [main] DEBUG l.i.uztis.tests.InvitationsPageTest - Retrieved last description code text: 'TST-VUI-07'.
2025-01-17 09:55:24 [main] DEBUG l.i.uztis.tests.InvitationsPageTest - Clicked on 'Invitation' menu.
2025-01-17 09:55:24 [main] DEBUG l.i.uztis.tests.InvitationsPageTest - Selected section by code: 'TST-VUI-07'.
2025-01-17 09:55:24 [main] DEBUG l.i.uztis.tests.InvitationsPageTest - Clicked 'Search'.
2025-01-17 09:55:24 [main] DEBUG l.i.uztis.tests.InvitationsPageTest - Getting and inserting application code text.
2025-01-17 09:55:24 [main] DEBUG l.i.uztis.tests.InvitationsPageTest - Clicked 'Publishing'.
2025-01-17 09:55:25 [main] DEBUG l.i.uztis.tests.InvitationsPageTest - Clicked 'Statistic Information' tab.
2025-01-17 09:55:25 [main] DEBUG l.i.uztis.tests.InvitationsPageTest - Clicked 'Edit' button.
2025-01-17 09:55:25 [main] DEBUG l.i.uztis.tests.InvitationsPageTest - Entered current date.
2025-01-17 09:55:25 [main] DEBUG l.i.uztis.tests.InvitationsPageTest - Entered value: 8.7
2025-01-17 09:55:25 [main] DEBUG l.i.uztis.tests.InvitationsPageTest - Entered average salary: 2237.9
2025-01-17 09:55:26 [main] DEBUG l.i.uztis.tests.InvitationsPageTest - File uploaded.
2025-01-17 09:55:26 [main] DEBUG l.i.uztis.tests.InvitationsPageTest - Clicked 'Save' button.
2025-01-17 09:55:26 [main] DEBUG l.i.uztis.tests.InvitationsPageTest - Verified success message: 'Funkcija sėkmingai atlikta.'
2025-01-17 09:55:26 [main] INFO  l.i.uztis.tests.InvitationsPageTest - Test 'testInsertVuiStatisticInformation' completed successfully.
2025-01-17 11:07:09 [main] INFO  lt.insoft.uztis.tests.UztisPageTest - Navigated to https://uztisdev.asseco.lt/home
2025-01-17 11:07:09 [main] INFO  l.i.uztis.tests.InvitationsPageTest - Starting test:'testCreateNewPvkInvitation'
2025-01-17 11:07:11 [main] DEBUG l.i.uztis.tests.InvitationsPageTest - User logged in with test credentials
2025-01-17 11:07:11 [main] DEBUG l.i.uztis.tests.InvitationsPageTest - Opened 'Application Processing' menu.
2025-01-17 11:07:11 [main] DEBUG l.i.uztis.tests.InvitationsPageTest - Clicked on 'Application Forms' menu.
2025-01-17 11:07:11 [main] DEBUG l.i.uztis.tests.InvitationsPageTest - Navigating to application forms menu.
2025-01-17 11:07:11 [main] DEBUG l.i.uztis.tests.InvitationsPageTest - Retrieved last description code text: 'TST-VUI-07'.
2025-01-17 11:07:11 [main] DEBUG l.i.uztis.tests.InvitationsPageTest - Clicked on 'Invitation' menu.
2025-01-17 11:07:11 [main] DEBUG l.i.uztis.tests.InvitationsPageTest - Clicked 'Create New Application Form'.
2025-01-17 11:07:12 [main] DEBUG l.i.uztis.tests.InvitationsPageTest - Selected section by code: 'TST-VUI-07'.
2025-01-17 11:07:13 [main] DEBUG l.i.uztis.tests.InvitationsPageTest - Selected invitation number from the list.
2025-01-17 11:07:13 [main] DEBUG l.i.uztis.tests.InvitationsPageTest - Entered current date.
2025-01-17 11:07:14 [main] DEBUG l.i.uztis.tests.InvitationsPageTest - Entered start time: 00:00.
2025-01-17 11:07:14 [main] DEBUG l.i.uztis.tests.InvitationsPageTest - Entered end date.
2025-01-17 11:07:14 [main] DEBUG l.i.uztis.tests.InvitationsPageTest - Entered end time: 11:11.
2025-01-17 11:07:15 [main] DEBUG l.i.uztis.tests.InvitationsPageTest - Entered publication end date.
2025-01-17 11:07:15 [main] DEBUG l.i.uztis.tests.InvitationsPageTest - Added additional values.
2025-01-17 11:07:15 [main] INFO  l.insoft.uztis.pages.InvitationsPage - Located the dropdown button.
2025-01-17 11:07:15 [main] DEBUG l.i.uztis.tests.InvitationsPageTest - Selected the value: 'Didžiausia galima paramos suma aplinkos darbo vietai, Eur'
2025-01-17 11:07:15 [main] INFO  l.insoft.uztis.pages.InvitationsPage - Located the dropdown button.
2025-01-17 11:07:16 [main] DEBUG l.i.uztis.tests.InvitationsPageTest - Selected the value: 'Didžiausia galima paramos suma, Eur'
2025-01-17 11:07:16 [main] INFO  l.insoft.uztis.pages.InvitationsPage - Located the dropdown button.
2025-01-17 11:07:26 [main] ERROR l.i.uztis.tests.InvitationsPageTest - Test 'testCreateNewPvkInvitation' failed with error: Expected condition failed: waiting for visibility of all elements located by By.xpath: //mat-option (tried for 10 second(s) with 500 milliseconds interval)
org.openqa.selenium.TimeoutException: Expected condition failed: waiting for visibility of all elements located by By.xpath: //mat-option (tried for 10 second(s) with 500 milliseconds interval)
	at org.openqa.selenium.support.ui.WebDriverWait.timeoutException(WebDriverWait.java:84)
	at org.openqa.selenium.support.ui.FluentWait.until(FluentWait.java:228)
	at lt.insoft.uztis.pages.InvitationsPage.selectDropdownAmountInformation3(InvitationsPage.java:396)
	at lt.insoft.uztis.tests.InvitationsPageTest.testCreateNewPvkInvitation(InvitationsPageTest.java:640)
	at java.base/jdk.internal.reflect.DirectMethodHandleAccessor.invoke(DirectMethodHandleAccessor.java:103)
	at java.base/java.lang.reflect.Method.invoke(Method.java:580)
	at org.junit.platform.commons.util.ReflectionUtils.invokeMethod(ReflectionUtils.java:728)
	at org.junit.jupiter.engine.execution.MethodInvocation.proceed(MethodInvocation.java:60)
	at org.junit.jupiter.engine.execution.InvocationInterceptorChain$ValidatingInvocation.proceed(InvocationInterceptorChain.java:131)
	at org.junit.jupiter.engine.extension.TimeoutExtension.intercept(TimeoutExtension.java:156)
	at org.junit.jupiter.engine.extension.TimeoutExtension.interceptTestableMethod(TimeoutExtension.java:147)
	at org.junit.jupiter.engine.extension.TimeoutExtension.interceptTestMethod(TimeoutExtension.java:86)
	at org.junit.jupiter.engine.execution.InterceptingExecutableInvoker$ReflectiveInterceptorCall.lambda$ofVoidMethod$0(InterceptingExecutableInvoker.java:103)
	at org.junit.jupiter.engine.execution.InterceptingExecutableInvoker.lambda$invoke$0(InterceptingExecutableInvoker.java:93)
	at org.junit.jupiter.engine.execution.InvocationInterceptorChain$InterceptedInvocation.proceed(InvocationInterceptorChain.java:106)
	at org.junit.jupiter.engine.execution.InvocationInterceptorChain.proceed(InvocationInterceptorChain.java:64)
	at org.junit.jupiter.engine.execution.InvocationInterceptorChain.chainAndInvoke(InvocationInterceptorChain.java:45)
	at org.junit.jupiter.engine.execution.InvocationInterceptorChain.invoke(InvocationInterceptorChain.java:37)
	at org.junit.jupiter.engine.execution.InterceptingExecutableInvoker.invoke(InterceptingExecutableInvoker.java:92)
	at org.junit.jupiter.engine.execution.InterceptingExecutableInvoker.invoke(InterceptingExecutableInvoker.java:86)
	at org.junit.jupiter.engine.descriptor.TestMethodTestDescriptor.lambda$invokeTestMethod$7(TestMethodTestDescriptor.java:218)
	at org.junit.platform.engine.support.hierarchical.ThrowableCollector.execute(ThrowableCollector.java:73)
	at org.junit.jupiter.engine.descriptor.TestMethodTestDescriptor.invokeTestMethod(TestMethodTestDescriptor.java:214)
	at org.junit.jupiter.engine.descriptor.TestMethodTestDescriptor.execute(TestMethodTestDescriptor.java:139)
	at org.junit.jupiter.engine.descriptor.TestMethodTestDescriptor.execute(TestMethodTestDescriptor.java:69)
	at org.junit.platform.engine.support.hierarchical.NodeTestTask.lambda$executeRecursively$6(NodeTestTask.java:151)
	at org.junit.platform.engine.support.hierarchical.ThrowableCollector.execute(ThrowableCollector.java:73)
	at org.junit.platform.engine.support.hierarchical.NodeTestTask.lambda$executeRecursively$8(NodeTestTask.java:141)
	at org.junit.platform.engine.support.hierarchical.Node.around(Node.java:137)
	at org.junit.platform.engine.support.hierarchical.NodeTestTask.lambda$executeRecursively$9(NodeTestTask.java:139)
	at org.junit.platform.engine.support.hierarchical.ThrowableCollector.execute(ThrowableCollector.java:73)
	at org.junit.platform.engine.support.hierarchical.NodeTestTask.executeRecursively(NodeTestTask.java:138)
	at org.junit.platform.engine.support.hierarchical.NodeTestTask.execute(NodeTestTask.java:95)
	at java.base/java.util.ArrayList.forEach(ArrayList.java:1596)
	at org.junit.platform.engine.support.hierarchical.SameThreadHierarchicalTestExecutorService.invokeAll(SameThreadHierarchicalTestExecutorService.java:41)
	at org.junit.platform.engine.support.hierarchical.NodeTestTask.lambda$executeRecursively$6(NodeTestTask.java:155)
	at org.junit.platform.engine.support.hierarchical.ThrowableCollector.execute(ThrowableCollector.java:73)
	at org.junit.platform.engine.support.hierarchical.NodeTestTask.lambda$executeRecursively$8(NodeTestTask.java:141)
	at org.junit.platform.engine.support.hierarchical.Node.around(Node.java:137)
	at org.junit.platform.engine.support.hierarchical.NodeTestTask.lambda$executeRecursively$9(NodeTestTask.java:139)
	at org.junit.platform.engine.support.hierarchical.ThrowableCollector.execute(ThrowableCollector.java:73)
	at org.junit.platform.engine.support.hierarchical.NodeTestTask.executeRecursively(NodeTestTask.java:138)
	at org.junit.platform.engine.support.hierarchical.NodeTestTask.execute(NodeTestTask.java:95)
	at java.base/java.util.ArrayList.forEach(ArrayList.java:1596)
	at org.junit.platform.engine.support.hierarchical.SameThreadHierarchicalTestExecutorService.invokeAll(SameThreadHierarchicalTestExecutorService.java:41)
	at org.junit.platform.engine.support.hierarchical.NodeTestTask.lambda$executeRecursively$6(NodeTestTask.java:155)
	at org.junit.platform.engine.support.hierarchical.ThrowableCollector.execute(ThrowableCollector.java:73)
	at org.junit.platform.engine.support.hierarchical.NodeTestTask.lambda$executeRecursively$8(NodeTestTask.java:141)
	at org.junit.platform.engine.support.hierarchical.Node.around(Node.java:137)
	at org.junit.platform.engine.support.hierarchical.NodeTestTask.lambda$executeRecursively$9(NodeTestTask.java:139)
	at org.junit.platform.engine.support.hierarchical.ThrowableCollector.execute(ThrowableCollector.java:73)
	at org.junit.platform.engine.support.hierarchical.NodeTestTask.executeRecursively(NodeTestTask.java:138)
	at org.junit.platform.engine.support.hierarchical.NodeTestTask.execute(NodeTestTask.java:95)
	at org.junit.platform.engine.support.hierarchical.SameThreadHierarchicalTestExecutorService.submit(SameThreadHierarchicalTestExecutorService.java:35)
	at org.junit.platform.engine.support.hierarchical.HierarchicalTestExecutor.execute(HierarchicalTestExecutor.java:57)
	at org.junit.platform.engine.support.hierarchical.HierarchicalTestEngine.execute(HierarchicalTestEngine.java:54)
	at org.junit.platform.launcher.core.EngineExecutionOrchestrator.execute(EngineExecutionOrchestrator.java:198)
	at org.junit.platform.launcher.core.EngineExecutionOrchestrator.execute(EngineExecutionOrchestrator.java:169)
	at org.junit.platform.launcher.core.EngineExecutionOrchestrator.execute(EngineExecutionOrchestrator.java:93)
	at org.junit.platform.launcher.core.EngineExecutionOrchestrator.lambda$execute$0(EngineExecutionOrchestrator.java:58)
	at org.junit.platform.launcher.core.EngineExecutionOrchestrator.withInterceptedStreams(EngineExecutionOrchestrator.java:141)
	at org.junit.platform.launcher.core.EngineExecutionOrchestrator.execute(EngineExecutionOrchestrator.java:57)
	at org.junit.platform.launcher.core.DefaultLauncher.execute(DefaultLauncher.java:103)
	at org.junit.platform.launcher.core.DefaultLauncher.execute(DefaultLauncher.java:85)
	at org.junit.platform.launcher.core.DelegatingLauncher.execute(DelegatingLauncher.java:47)
	at org.junit.platform.launcher.core.SessionPerRequestLauncher.execute(SessionPerRequestLauncher.java:63)
	at com.intellij.junit5.JUnit5IdeaTestRunner.startRunnerWithArgs(JUnit5IdeaTestRunner.java:57)
	at com.intellij.rt.junit.IdeaTestRunner$Repeater$1.execute(IdeaTestRunner.java:38)
	at com.intellij.rt.execution.junit.TestsRepeater.repeat(TestsRepeater.java:11)
	at com.intellij.rt.junit.IdeaTestRunner$Repeater.startRunnerWithArgs(IdeaTestRunner.java:35)
	at com.intellij.rt.junit.JUnitStarter.prepareStreamsAndStart(JUnitStarter.java:232)
	at com.intellij.rt.junit.JUnitStarter.main(JUnitStarter.java:55)
Caused by: org.openqa.selenium.NoSuchWindowException: no such window: target window already closed
from unknown error: web view not found
  (Session info: chrome=131.0.6778.265)
Build info: version: '4.27.0', revision: 'd6e718d134'
System info: os.name: 'Windows 11', os.arch: 'amd64', os.version: '10.0', java.version: '21.0.3'
Driver info: org.openqa.selenium.chrome.ChromeDriver
Command: [d2af0036467158f5392460772ed6dcd3, findElements {using=xpath, value=//mat-option}]
Capabilities {acceptInsecureCerts: false, browserName: chrome, browserVersion: 131.0.6778.265, chrome: {chromedriverVersion: 131.0.6778.264 (2d05e315153..., userDataDir: C:\Users\INGRID~1.ZAD\AppDa...}, fedcm:accounts: true, goog:chromeOptions: {debuggerAddress: localhost:63492}, networkConnectionEnabled: false, pageLoadStrategy: normal, platformName: windows, proxy: Proxy(), se:cdp: ws://localhost:63492/devtoo..., se:cdpVersion: 131.0.6778.265, setWindowRect: true, strictFileInteractability: false, timeouts: {implicit: 0, pageLoad: 300000, script: 30000}, unhandledPromptBehavior: dismiss and notify, webauthn:extension:credBlob: true, webauthn:extension:largeBlob: true, webauthn:extension:minPinLength: true, webauthn:extension:prf: true, webauthn:virtualAuthenticators: true}
Session ID: d2af0036467158f5392460772ed6dcd3
	at java.base/jdk.internal.reflect.DirectConstructorHandleAccessor.newInstance(DirectConstructorHandleAccessor.java:62)
	at java.base/java.lang.reflect.Constructor.newInstanceWithCaller(Constructor.java:502)
	at java.base/java.lang.reflect.Constructor.newInstance(Constructor.java:486)
	at org.openqa.selenium.remote.ErrorCodec.decode(ErrorCodec.java:167)
	at org.openqa.selenium.remote.codec.w3c.W3CHttpResponseCodec.decode(W3CHttpResponseCodec.java:138)
	at org.openqa.selenium.remote.codec.w3c.W3CHttpResponseCodec.decode(W3CHttpResponseCodec.java:50)
	at org.openqa.selenium.remote.HttpCommandExecutor.execute(HttpCommandExecutor.java:190)
	at org.openqa.selenium.remote.service.DriverCommandExecutor.invokeExecute(DriverCommandExecutor.java:216)
	at org.openqa.selenium.remote.service.DriverCommandExecutor.execute(DriverCommandExecutor.java:174)
	at org.openqa.selenium.remote.RemoteWebDriver.execute(RemoteWebDriver.java:545)
	at org.openqa.selenium.remote.ElementLocation$ElementFinder$2.findElements(ElementLocation.java:182)
	at org.openqa.selenium.remote.ElementLocation.findElements(ElementLocation.java:103)
	at org.openqa.selenium.remote.RemoteWebDriver.findElements(RemoteWebDriver.java:381)
	at org.openqa.selenium.remote.RemoteWebDriver.findElements(RemoteWebDriver.java:375)
	at org.openqa.selenium.support.ui.ExpectedConditions$8.apply(ExpectedConditions.java:221)
	at org.openqa.selenium.support.ui.ExpectedConditions$8.apply(ExpectedConditions.java:218)
	at org.openqa.selenium.support.ui.FluentWait.until(FluentWait.java:203)
	... 70 common frames omitted
2025-01-17 11:07:38 [main] INFO  lt.insoft.uztis.tests.UztisPageTest - Navigated to https://uztisdev.asseco.lt/home
2025-01-17 11:07:38 [main] INFO  l.i.u.tests.ApplicationFormsPageTest - Setup complete. ApplicationFormsPage initialized.
2025-01-17 11:07:38 [main] INFO  l.i.u.tests.ApplicationFormsPageTest - Starting test:'testCreateNewPvkApplication'
2025-01-17 11:07:39 [main] DEBUG l.i.u.tests.ApplicationFormsPageTest - User logged in with test credentials
2025-01-17 11:07:39 [main] DEBUG l.i.u.tests.ApplicationFormsPageTest - Opened 'Application Processing' menu.
2025-01-17 11:07:39 [main] DEBUG l.i.u.tests.ApplicationFormsPageTest - Clicked on 'Application Forms' menu.
2025-01-17 11:07:40 [main] DEBUG l.i.u.tests.ApplicationFormsPageTest - Clicked to create a new application form.
2025-01-17 11:07:40 [main] DEBUG l.i.u.tests.ApplicationFormsPageTest - Entered random application code: TST-PVK-37
2025-01-17 11:07:40 [main] DEBUG l.i.u.tests.ApplicationFormsPageTest - Selected 'Municipality' radio button.
2025-01-17 11:07:40 [main] INFO  l.i.uztis.pages.ApplicationFormsPage - Located the dropdown button.
2025-01-17 11:07:41 [main] INFO  l.i.uztis.pages.ApplicationFormsPage - Successfully selected the value: 'Kauno departamentas'
2025-01-17 11:07:51 [main] ERROR l.i.uztis.pages.ApplicationFormsPage - Failed to close the dropdown with aria-expanded = 'false'.
2025-01-17 11:07:51 [main] DEBUG l.i.u.tests.ApplicationFormsPageTest - Selected a value from the 'Municipality' dropdown: 'Kauno departamentas'
2025-01-17 11:07:51 [main] DEBUG l.i.u.tests.ApplicationFormsPageTest - Selected 'Budget by Municipality' option.
2025-01-17 11:07:51 [main] DEBUG l.i.u.tests.ApplicationFormsPageTest - Selected 'Financed By Queue' radio button.
2025-01-17 11:07:52 [main] DEBUG l.i.u.tests.ApplicationFormsPageTest - Clicked 'Add' button.
2025-01-17 11:07:52 [main] INFO  l.i.uztis.pages.ApplicationFormsPage - Located the dropdown button.
2025-01-17 11:07:52 [main] INFO  l.i.uztis.pages.ApplicationFormsPage - Successfully selected the value: 'PVK paraiškos vertinimo forma - I etapas'
2025-01-17 11:07:52 [main] DEBUG l.i.u.tests.ApplicationFormsPageTest - Selected a value from the 'EvaluationOne' dropdown: 'PVK paraiškos vertinimo forma - I etapas'
2025-01-17 11:07:52 [main] INFO  l.i.uztis.pages.ApplicationFormsPage - Located the dropdown button.
2025-01-17 11:07:52 [main] INFO  l.i.uztis.pages.ApplicationFormsPage - Successfully selected the value: 'PVK paraiškos vertinimo forma - II etapas'
2025-01-17 11:07:52 [main] DEBUG l.i.u.tests.ApplicationFormsPageTest - Selected a value from the 'EvaluationTwon' dropdown: 'PVK paraiškos vertinimo forma - II etapas'
2025-01-17 11:07:52 [main] INFO  l.i.uztis.pages.ApplicationFormsPage - Located the dropdown button.
2025-01-17 11:07:52 [main] INFO  l.i.uztis.pages.ApplicationFormsPage - Successfully selected the value: 'PVK paraiškos vertinimo forma - III etapas'
2025-01-17 11:07:52 [main] DEBUG l.i.u.tests.ApplicationFormsPageTest - Selected a value from the 'EvaluationThree' dropdown: 'PVK paraiškos vertinimo forma - III etapas'
2025-01-17 11:07:52 [main] DEBUG l.i.u.tests.ApplicationFormsPageTest - Clicked 'Plus' button.
2025-01-17 11:07:53 [main] DEBUG l.i.u.tests.ApplicationFormsPageTest - Clicked 'Add' button seven times.
2025-01-17 11:07:53 [main] INFO  l.i.uztis.pages.ApplicationFormsPage - Processing dropdown index: 0
2025-01-17 11:08:03 [main] ERROR l.i.uztis.pages.ApplicationFormsPage - Timeout while waiting for dropdown to close at index: 0 with aria-expanded = 'false'
2025-01-17 11:08:03 [main] INFO  l.i.uztis.pages.ApplicationFormsPage - Processing dropdown index: 1
2025-01-17 11:08:13 [main] ERROR l.i.uztis.pages.ApplicationFormsPage - Timeout while waiting for dropdown to close at index: 1 with aria-expanded = 'false'
2025-01-17 11:08:13 [main] INFO  l.i.uztis.pages.ApplicationFormsPage - Processing dropdown index: 2
2025-01-17 11:08:24 [main] ERROR l.i.uztis.pages.ApplicationFormsPage - Timeout while waiting for dropdown to close at index: 2 with aria-expanded = 'false'
2025-01-17 11:08:24 [main] INFO  l.i.uztis.pages.ApplicationFormsPage - Processing dropdown index: 3
2025-01-17 11:08:35 [main] ERROR l.i.uztis.pages.ApplicationFormsPage - Timeout while waiting for dropdown to close at index: 3 with aria-expanded = 'false'
2025-01-17 11:08:35 [main] INFO  l.i.uztis.pages.ApplicationFormsPage - Processing dropdown index: 4
2025-01-17 11:08:46 [main] ERROR l.i.uztis.pages.ApplicationFormsPage - Timeout while waiting for dropdown to close at index: 4 with aria-expanded = 'false'
2025-01-17 11:08:46 [main] INFO  l.i.uztis.pages.ApplicationFormsPage - Processing dropdown index: 5
2025-01-17 11:08:57 [main] ERROR l.i.uztis.pages.ApplicationFormsPage - Timeout while waiting for dropdown to close at index: 5 with aria-expanded = 'false'
2025-01-17 11:08:57 [main] INFO  l.i.uztis.pages.ApplicationFormsPage - Processing dropdown index: 6
2025-01-17 11:09:08 [main] ERROR l.i.uztis.pages.ApplicationFormsPage - Timeout while waiting for dropdown to close at index: 6 with aria-expanded = 'false'
2025-01-17 11:09:08 [main] INFO  l.i.uztis.pages.ApplicationFormsPage - Processing dropdown index: 7
2025-01-17 11:09:18 [main] ERROR l.i.uztis.pages.ApplicationFormsPage - Timeout while waiting for dropdown to close at index: 7 with aria-expanded = 'false'
2025-01-17 11:09:18 [main] INFO  l.i.uztis.pages.ApplicationFormsPage - Processing input field index: 0
2025-01-17 11:09:19 [main] INFO  l.i.uztis.pages.ApplicationFormsPage - Entered value '50' into field index: 0
2025-01-17 11:09:19 [main] INFO  l.i.uztis.pages.ApplicationFormsPage - Processing input field index: 1
2025-01-17 11:09:19 [main] INFO  l.i.uztis.pages.ApplicationFormsPage - Entered value '924' into field index: 1
2025-01-17 11:09:19 [main] INFO  l.i.uztis.pages.ApplicationFormsPage - Processing input field index: 2
2025-01-17 11:09:19 [main] INFO  l.i.uztis.pages.ApplicationFormsPage - Entered value '31' into field index: 2
2025-01-17 11:09:19 [main] INFO  l.i.uztis.pages.ApplicationFormsPage - Processing input field index: 3
2025-01-17 11:09:19 [main] INFO  l.i.uztis.pages.ApplicationFormsPage - Entered value '4.7' into field index: 3
2025-01-17 11:09:19 [main] INFO  l.i.uztis.pages.ApplicationFormsPage - Processing input field index: 4
2025-01-17 11:09:19 [main] INFO  l.i.uztis.pages.ApplicationFormsPage - Entered value '35' into field index: 4
2025-01-17 11:09:19 [main] INFO  l.i.uztis.pages.ApplicationFormsPage - Processing input field index: 5
2025-01-17 11:09:19 [main] INFO  l.i.uztis.pages.ApplicationFormsPage - Entered value '20' into field index: 5
2025-01-17 11:09:19 [main] INFO  l.i.uztis.pages.ApplicationFormsPage - Processing input field index: 6
2025-01-17 11:09:19 [main] INFO  l.i.uztis.pages.ApplicationFormsPage - Entered value '30' into field index: 6
2025-01-17 11:09:19 [main] INFO  l.i.uztis.pages.ApplicationFormsPage - Processing input field index: 7
2025-01-17 11:09:19 [main] INFO  l.i.uztis.pages.ApplicationFormsPage - Entered value '60' into field index: 7
2025-01-17 11:09:19 [main] DEBUG l.i.u.tests.ApplicationFormsPageTest - Entered additional values and text.
2025-01-17 11:09:20 [main] DEBUG l.i.u.tests.ApplicationFormsPageTest - Entered application name: PVK paraiška
2025-01-17 11:09:20 [main] DEBUG l.i.u.tests.ApplicationFormsPageTest - Clicked the 'Save' button.
2025-01-17 11:09:20 [main] INFO  l.i.u.tests.ApplicationFormsPageTest - Verified success message: 'Duomenys sėkmingai išsaugoti.'
2025-01-17 11:09:20 [main] INFO  l.i.u.tests.ApplicationFormsPageTest - Verified that the 'Save Form' button is displayed.
2025-01-17 11:09:20 [main] INFO  l.i.u.tests.ApplicationFormsPageTest - Test 'testCreateNewPvkApplication' completed successfully.
2025-01-17 11:12:57 [main] INFO  lt.insoft.uztis.tests.UztisPageTest - Navigated to https://uztisdev.asseco.lt/home
2025-01-17 11:12:57 [main] INFO  l.i.uztis.tests.InvitationsPageTest - Starting test:'testCreateNewPvkInvitation'
2025-01-17 11:12:58 [main] DEBUG l.i.uztis.tests.InvitationsPageTest - User logged in with test credentials
2025-01-17 11:12:58 [main] DEBUG l.i.uztis.tests.InvitationsPageTest - Opened 'Application Processing' menu.
2025-01-17 11:12:58 [main] DEBUG l.i.uztis.tests.InvitationsPageTest - Clicked on 'Application Forms' menu.
2025-01-17 11:12:58 [main] DEBUG l.i.uztis.tests.InvitationsPageTest - Navigating to application forms menu.
2025-01-17 11:12:58 [main] DEBUG l.i.uztis.tests.InvitationsPageTest - Retrieved last description code text: 'TST-PVK-37'.
2025-01-17 11:12:58 [main] DEBUG l.i.uztis.tests.InvitationsPageTest - Clicked on 'Invitation' menu.
2025-01-17 11:12:58 [main] DEBUG l.i.uztis.tests.InvitationsPageTest - Clicked 'Create New Application Form'.
2025-01-17 11:12:59 [main] DEBUG l.i.uztis.tests.InvitationsPageTest - Selected section by code: 'TST-PVK-37'.
2025-01-17 11:13:00 [main] DEBUG l.i.uztis.tests.InvitationsPageTest - Selected invitation number from the list.
2025-01-17 11:13:00 [main] DEBUG l.i.uztis.tests.InvitationsPageTest - Entered current date.
2025-01-17 11:13:00 [main] DEBUG l.i.uztis.tests.InvitationsPageTest - Entered start time: 00:00.
2025-01-17 11:13:00 [main] DEBUG l.i.uztis.tests.InvitationsPageTest - Entered end date.
2025-01-17 11:13:01 [main] DEBUG l.i.uztis.tests.InvitationsPageTest - Entered end time: 11:11.
2025-01-17 11:13:01 [main] DEBUG l.i.uztis.tests.InvitationsPageTest - Entered publication end date.
2025-01-17 11:13:01 [main] DEBUG l.i.uztis.tests.InvitationsPageTest - Added additional values.
2025-01-17 11:13:01 [main] INFO  l.insoft.uztis.pages.InvitationsPage - Located the dropdown button.
2025-01-17 11:13:02 [main] DEBUG l.i.uztis.tests.InvitationsPageTest - Selected the value: 'Didžiausia galima paramos suma aplinkos darbo vietai, Eur'
2025-01-17 11:13:02 [main] INFO  l.insoft.uztis.pages.InvitationsPage - Located the dropdown button.
2025-01-17 11:13:02 [main] DEBUG l.i.uztis.tests.InvitationsPageTest - Selected the value: 'Didžiausia galima paramos suma, Eur'
2025-01-17 11:13:02 [main] INFO  l.insoft.uztis.pages.InvitationsPage - Located the dropdown button.
2025-01-17 11:13:02 [main] DEBUG l.i.uztis.tests.InvitationsPageTest - Selected the value: 'Didžiausia galima paramos suma vienai darbo vietai, Eur'
2025-01-17 11:13:02 [main] DEBUG l.i.uztis.tests.InvitationsPageTest - Entered value: 11000
2025-01-17 11:13:03 [main] DEBUG l.i.uztis.tests.InvitationsPageTest - Entered value: 12000
2025-01-17 11:13:03 [main] DEBUG l.i.uztis.tests.InvitationsPageTest - Entered value: 13000
2025-01-17 11:13:03 [main] DEBUG l.i.uztis.tests.InvitationsPageTest - Checked 'Legal Entities' checkbox.
2025-01-17 11:13:03 [main] DEBUG l.i.uztis.tests.InvitationsPageTest - Unchecked 'Persons Registered with Employment Service' checkbox.
2025-01-17 11:13:03 [main] DEBUG l.i.uztis.tests.InvitationsPageTest - Checked 'Persons Registered as Employers' checkbox.
2025-01-17 11:13:03 [main] DEBUG l.i.uztis.tests.InvitationsPageTest - Entered second evaluation grade: '5'.
2025-01-17 11:13:03 [main] DEBUG l.i.uztis.tests.InvitationsPageTest - Entered third evaluation grade: '6'.
2025-01-17 11:13:03 [main] DEBUG l.i.uztis.tests.InvitationsPageTest - Entered second evaluation grade weight: '0,45'.
2025-01-17 11:13:03 [main] DEBUG l.i.uztis.tests.InvitationsPageTest - Entered third evaluation grade weight: '0,55'.
2025-01-17 11:13:04 [main] DEBUG l.i.uztis.tests.InvitationsPageTest - Entered budget: '2000'.
2025-01-17 11:13:04 [main] DEBUG l.i.uztis.tests.InvitationsPageTest - Entered budget: '2000'.
2025-01-17 11:13:04 [main] DEBUG l.i.uztis.tests.InvitationsPageTest - Entered budget: '2000'.
2025-01-17 11:13:04 [main] DEBUG l.i.uztis.tests.InvitationsPageTest - Entered budget: '2000'.
2025-01-17 11:13:04 [main] DEBUG l.i.uztis.tests.InvitationsPageTest - Entered budget: '2000'.
2025-01-17 11:13:04 [main] DEBUG l.i.uztis.tests.InvitationsPageTest - Entered description text: 'Aprašo tekstas'.
2025-01-17 11:13:04 [main] DEBUG l.i.uztis.tests.InvitationsPageTest - Entered applicants text: 'Pareiškėjų tekstas'.
2025-01-17 11:13:04 [main] DEBUG l.i.uztis.tests.InvitationsPageTest - Entered expenditures text: 'Išlaidų tekstas'.
2025-01-17 11:13:05 [main] DEBUG l.i.uztis.tests.InvitationsPageTest - Entered legislation text: 'Teisės aktų tekstas'.
2025-01-17 11:13:05 [main] DEBUG l.i.uztis.tests.InvitationsPageTest - Entered education text: 'Mokymų tekstas'.
2025-01-17 11:13:05 [main] DEBUG l.i.uztis.tests.InvitationsPageTest - File uploaded.
2025-01-17 11:13:05 [main] DEBUG l.i.uztis.tests.InvitationsPageTest - Clicked 'Publish'.
2025-01-17 11:13:05 [main] DEBUG l.i.uztis.tests.InvitationsPageTest - Publication confirmed.
2025-01-17 11:13:06 [main] DEBUG l.i.uztis.tests.InvitationsPageTest - Verified success message: 'Funkcija sėkmingai atlikta.'
2025-01-17 11:13:06 [main] INFO  l.i.uztis.tests.InvitationsPageTest - Test 'testCreateNewPvkInvitation' completed successfully.
2025-01-17 11:13:28 [main] INFO  lt.insoft.uztis.tests.UztisPageTest - Navigated to https://uztisdev.asseco.lt/home
2025-01-17 11:13:28 [main] INFO  l.i.uztis.tests.InvitationsPageTest - Starting test:'testInsertVuiStatisticInformation'
2025-01-17 11:13:29 [main] DEBUG l.i.uztis.tests.InvitationsPageTest - User logged in with test credentials
2025-01-17 11:13:29 [main] DEBUG l.i.uztis.tests.InvitationsPageTest - Opened 'Application Processing' menu.
2025-01-17 11:13:29 [main] DEBUG l.i.uztis.tests.InvitationsPageTest - Clicked on 'Application Forms' menu.
2025-01-17 11:13:29 [main] DEBUG l.i.uztis.tests.InvitationsPageTest - Navigating to invitation forms menu.
2025-01-17 11:13:29 [main] DEBUG l.i.uztis.tests.InvitationsPageTest - Retrieved last description code text: 'TST-PVK-37'.
2025-01-17 11:13:29 [main] DEBUG l.i.uztis.tests.InvitationsPageTest - Clicked on 'Invitation' menu.
2025-01-17 11:13:30 [main] DEBUG l.i.uztis.tests.InvitationsPageTest - Selected section by code: 'TST-PVK-37'.
2025-01-17 11:13:30 [main] DEBUG l.i.uztis.tests.InvitationsPageTest - Clicked 'Search'.
2025-01-17 11:13:30 [main] DEBUG l.i.uztis.tests.InvitationsPageTest - Getting and inserting application code text.
2025-01-17 11:13:30 [main] DEBUG l.i.uztis.tests.InvitationsPageTest - Clicked 'Publishing'.
2025-01-17 11:13:31 [main] DEBUG l.i.uztis.tests.InvitationsPageTest - Clicked 'Statistic Information' tab.
2025-01-17 11:13:31 [main] DEBUG l.i.uztis.tests.InvitationsPageTest - Clicked 'Edit' button.
2025-01-17 11:13:31 [main] DEBUG l.i.uztis.tests.InvitationsPageTest - Entered current date.
2025-01-17 11:13:31 [main] DEBUG l.i.uztis.tests.InvitationsPageTest - Entered value: 8.7
2025-01-17 11:13:31 [main] DEBUG l.i.uztis.tests.InvitationsPageTest - Entered average salary: 2237.9
2025-01-17 11:13:31 [main] DEBUG l.i.uztis.tests.InvitationsPageTest - File uploaded.
2025-01-17 11:13:31 [main] DEBUG l.i.uztis.tests.InvitationsPageTest - Clicked 'Save' button.
2025-01-17 11:13:32 [main] DEBUG l.i.uztis.tests.InvitationsPageTest - Verified success message: 'Funkcija sėkmingai atlikta.'
2025-01-17 11:13:32 [main] INFO  l.i.uztis.tests.InvitationsPageTest - Test 'testInsertVuiStatisticInformation' completed successfully.
2025-01-20 09:16:55 [main] INFO  lt.insoft.uztis.tests.UztisPageTest - Navigated to https://uztisdev.asseco.lt/home
2025-01-20 09:16:55 [main] INFO  l.i.u.tests.ApplicationFormsPageTest - Setup complete. ApplicationFormsPage initialized.
2025-01-20 09:16:55 [main] INFO  l.i.u.tests.ApplicationFormsPageTest - Starting test:'testCreateNewDvpApplication'
2025-01-20 09:16:57 [main] DEBUG l.i.u.tests.ApplicationFormsPageTest - User logged in with test credentials
2025-01-20 09:16:57 [main] DEBUG l.i.u.tests.ApplicationFormsPageTest - Opened 'Application Processing' menu.
2025-01-20 09:16:58 [main] DEBUG l.i.u.tests.ApplicationFormsPageTest - Clicked on 'Application Forms' menu.
2025-01-20 09:16:58 [main] DEBUG l.i.u.tests.ApplicationFormsPageTest - Clicked to create a new application form.
2025-01-20 09:16:58 [main] DEBUG l.i.u.tests.ApplicationFormsPageTest - Entered random application code: TST-DVP-10
2025-01-20 09:16:58 [main] DEBUG l.i.u.tests.ApplicationFormsPageTest - Selected 'Municipality' radio button.
2025-01-20 09:16:58 [main] INFO  l.i.uztis.pages.ApplicationFormsPage - Located the dropdown button.
2025-01-20 09:16:59 [main] INFO  l.i.uztis.pages.ApplicationFormsPage - Successfully selected the value: 'Kauno departamentas'
2025-01-20 09:17:09 [main] ERROR l.i.uztis.pages.ApplicationFormsPage - Failed to close the dropdown with aria-expanded = 'false'.
2025-01-20 09:17:09 [main] DEBUG l.i.u.tests.ApplicationFormsPageTest - Selected a value from the 'Municipality' dropdown: 'Kauno departamentas'
2025-01-20 09:17:09 [main] DEBUG l.i.u.tests.ApplicationFormsPageTest - Selected 'Budget By Country' radio button.
2025-01-20 09:17:09 [main] DEBUG l.i.u.tests.ApplicationFormsPageTest - Selected 'Financed Without Queue' option.
2025-01-20 09:17:09 [main] INFO  l.i.uztis.pages.ApplicationFormsPage - Located the dropdown button.
2025-01-20 09:17:09 [main] INFO  l.i.uztis.pages.ApplicationFormsPage - Successfully selected the value: 'DVP paraiškos vertinimo forma - I etapas'
2025-01-20 09:17:09 [main] DEBUG l.i.u.tests.ApplicationFormsPageTest - Selected a value from the 'EvaluationOne' dropdown: 'DVP paraiškos vertinimo forma - I etapas'
2025-01-20 09:17:10 [main] DEBUG l.i.u.tests.ApplicationFormsPageTest - Clicked 'Plus' button.
2025-01-20 09:17:10 [main] DEBUG l.i.u.tests.ApplicationFormsPageTest - Clicked 'Add' button seven times.
2025-01-20 09:17:10 [main] INFO  l.i.uztis.pages.ApplicationFormsPage - Processing dropdown index: 0
2025-01-20 09:17:20 [main] ERROR l.i.uztis.pages.ApplicationFormsPage - Timeout while waiting for dropdown to close at index: 0 with aria-expanded = 'false'
2025-01-20 09:17:20 [main] INFO  l.i.uztis.pages.ApplicationFormsPage - Processing dropdown index: 1
2025-01-20 09:17:31 [main] ERROR l.i.uztis.pages.ApplicationFormsPage - Timeout while waiting for dropdown to close at index: 1 with aria-expanded = 'false'
2025-01-20 09:17:31 [main] INFO  l.i.uztis.pages.ApplicationFormsPage - Processing dropdown index: 2
2025-01-20 09:17:42 [main] ERROR l.i.uztis.pages.ApplicationFormsPage - Timeout while waiting for dropdown to close at index: 2 with aria-expanded = 'false'
2025-01-20 09:17:42 [main] INFO  l.i.uztis.pages.ApplicationFormsPage - Processing dropdown index: 3
2025-01-20 09:17:53 [main] ERROR l.i.uztis.pages.ApplicationFormsPage - Timeout while waiting for dropdown to close at index: 3 with aria-expanded = 'false'
2025-01-20 09:17:53 [main] INFO  l.i.uztis.pages.ApplicationFormsPage - Processing dropdown index: 4
2025-01-20 09:18:04 [main] ERROR l.i.uztis.pages.ApplicationFormsPage - Timeout while waiting for dropdown to close at index: 4 with aria-expanded = 'false'
2025-01-20 09:18:04 [main] INFO  l.i.uztis.pages.ApplicationFormsPage - Processing dropdown index: 5
2025-01-20 09:18:14 [main] ERROR l.i.uztis.pages.ApplicationFormsPage - Timeout while waiting for dropdown to close at index: 5 with aria-expanded = 'false'
2025-01-20 09:18:14 [main] INFO  l.i.uztis.pages.ApplicationFormsPage - Processing dropdown index: 6
2025-01-20 09:18:25 [main] ERROR l.i.uztis.pages.ApplicationFormsPage - Timeout while waiting for dropdown to close at index: 6 with aria-expanded = 'false'
2025-01-20 09:18:25 [main] INFO  l.i.uztis.pages.ApplicationFormsPage - Processing dropdown index: 7
2025-01-20 09:18:36 [main] ERROR l.i.uztis.pages.ApplicationFormsPage - Timeout while waiting for dropdown to close at index: 7 with aria-expanded = 'false'
2025-01-20 09:18:36 [main] INFO  l.i.uztis.pages.ApplicationFormsPage - Processing input field index: 0
2025-01-20 09:18:36 [main] INFO  l.i.uztis.pages.ApplicationFormsPage - Entered value '50' into field index: 0
2025-01-20 09:18:36 [main] INFO  l.i.uztis.pages.ApplicationFormsPage - Processing input field index: 1
2025-01-20 09:18:36 [main] INFO  l.i.uztis.pages.ApplicationFormsPage - Entered value '924' into field index: 1
2025-01-20 09:18:36 [main] INFO  l.i.uztis.pages.ApplicationFormsPage - Processing input field index: 2
2025-01-20 09:18:36 [main] INFO  l.i.uztis.pages.ApplicationFormsPage - Entered value '31' into field index: 2
2025-01-20 09:18:36 [main] INFO  l.i.uztis.pages.ApplicationFormsPage - Processing input field index: 3
2025-01-20 09:18:37 [main] INFO  l.i.uztis.pages.ApplicationFormsPage - Entered value '4.7' into field index: 3
2025-01-20 09:18:37 [main] INFO  l.i.uztis.pages.ApplicationFormsPage - Processing input field index: 4
2025-01-20 09:18:37 [main] INFO  l.i.uztis.pages.ApplicationFormsPage - Entered value '35' into field index: 4
2025-01-20 09:18:37 [main] INFO  l.i.uztis.pages.ApplicationFormsPage - Processing input field index: 5
2025-01-20 09:18:37 [main] INFO  l.i.uztis.pages.ApplicationFormsPage - Entered value '20' into field index: 5
2025-01-20 09:18:37 [main] INFO  l.i.uztis.pages.ApplicationFormsPage - Processing input field index: 6
2025-01-20 09:18:37 [main] INFO  l.i.uztis.pages.ApplicationFormsPage - Entered value '30' into field index: 6
2025-01-20 09:18:37 [main] INFO  l.i.uztis.pages.ApplicationFormsPage - Processing input field index: 7
2025-01-20 09:18:37 [main] INFO  l.i.uztis.pages.ApplicationFormsPage - Entered value '60' into field index: 7
2025-01-20 09:18:37 [main] DEBUG l.i.u.tests.ApplicationFormsPageTest - Entered additional values and text.
2025-01-20 09:18:37 [main] DEBUG l.i.u.tests.ApplicationFormsPageTest - Entered application name: DVP paraiška
2025-01-20 09:18:37 [main] DEBUG l.i.u.tests.ApplicationFormsPageTest - Clicked the 'Save' button.
2025-01-20 09:18:38 [main] INFO  l.i.u.tests.ApplicationFormsPageTest - Verified success message: 'Duomenys sėkmingai išsaugoti.'
2025-01-20 09:18:38 [main] INFO  l.i.u.tests.ApplicationFormsPageTest - Verified that the 'Save Form' button is displayed.
2025-01-20 09:18:38 [main] INFO  l.i.u.tests.ApplicationFormsPageTest - Test 'testCreateNewDvpApplication' completed successfully.
2025-01-20 09:19:42 [main] INFO  lt.insoft.uztis.tests.UztisPageTest - Navigated to https://uztisdev.asseco.lt/home
2025-01-20 09:19:43 [main] INFO  l.i.uztis.tests.InvitationsPageTest - Starting test:'testCreateNewDvpInvitation'
2025-01-20 09:19:44 [main] DEBUG l.i.uztis.tests.InvitationsPageTest - User logged in with test credentials
2025-01-20 09:19:44 [main] DEBUG l.i.uztis.tests.InvitationsPageTest - Opened 'Application Processing' menu.
2025-01-20 09:19:44 [main] DEBUG l.i.uztis.tests.InvitationsPageTest - Clicked on 'Application Forms' menu.
2025-01-20 09:19:44 [main] DEBUG l.i.uztis.tests.InvitationsPageTest - Navigating to application forms menu.
2025-01-20 09:19:44 [main] DEBUG l.i.uztis.tests.InvitationsPageTest - Retrieved last description code text: 'TST-DVP-10'.
2025-01-20 09:19:44 [main] DEBUG l.i.uztis.tests.InvitationsPageTest - Clicked on 'Invitation' menu.
2025-01-20 09:19:44 [main] DEBUG l.i.uztis.tests.InvitationsPageTest - Clicked 'Create New Application Form'.
2025-01-20 09:19:45 [main] DEBUG l.i.uztis.tests.InvitationsPageTest - Selected section by code: 'TST-DVP-10'.
2025-01-20 09:19:45 [main] DEBUG l.i.uztis.tests.InvitationsPageTest - Selected invitation number from the list.
2025-01-20 09:19:46 [main] DEBUG l.i.uztis.tests.InvitationsPageTest - Entered current date.
2025-01-20 09:19:46 [main] DEBUG l.i.uztis.tests.InvitationsPageTest - Entered start time: 00:00.
2025-01-20 09:19:46 [main] DEBUG l.i.uztis.tests.InvitationsPageTest - Entered end date.
2025-01-20 09:19:46 [main] DEBUG l.i.uztis.tests.InvitationsPageTest - Entered end time: 11:11.
2025-01-20 09:19:47 [main] DEBUG l.i.uztis.tests.InvitationsPageTest - Entered publication end date.
2025-01-20 09:19:47 [main] DEBUG l.i.uztis.tests.InvitationsPageTest - Added additional values.
2025-01-20 09:19:47 [main] INFO  l.insoft.uztis.pages.InvitationsPage - Located the dropdown button.
2025-01-20 09:19:47 [main] DEBUG l.i.uztis.tests.InvitationsPageTest - Selected the value: 'Didžiausia galima paramos suma aplinkos darbo vietai, Eur'
2025-01-20 09:19:47 [main] INFO  l.insoft.uztis.pages.InvitationsPage - Located the dropdown button.
2025-01-20 09:19:48 [main] DEBUG l.i.uztis.tests.InvitationsPageTest - Selected the value: 'Didžiausia galima paramos suma, Eur'
2025-01-20 09:19:48 [main] INFO  l.insoft.uztis.pages.InvitationsPage - Located the dropdown button.
2025-01-20 09:19:48 [main] DEBUG l.i.uztis.tests.InvitationsPageTest - Selected the value: 'Didžiausia galima paramos suma vienai darbo vietai, Eur'
2025-01-20 09:19:48 [main] DEBUG l.i.uztis.tests.InvitationsPageTest - Entered value: 11000
2025-01-20 09:19:48 [main] DEBUG l.i.uztis.tests.InvitationsPageTest - Entered value: 12000
2025-01-20 09:19:48 [main] DEBUG l.i.uztis.tests.InvitationsPageTest - Entered value: 13000
2025-01-20 09:19:49 [main] DEBUG l.i.uztis.tests.InvitationsPageTest - Checked 'Legal Entities' checkbox.
2025-01-20 09:19:49 [main] DEBUG l.i.uztis.tests.InvitationsPageTest - Unchecked 'Persons Registered with Employment Service' checkbox.
2025-01-20 09:19:49 [main] DEBUG l.i.uztis.tests.InvitationsPageTest - Checked 'Persons Registered as Employers' checkbox.
2025-01-20 09:19:49 [main] DEBUG l.i.uztis.tests.InvitationsPageTest - Entered budget: '2000'.
2025-01-20 09:19:49 [main] DEBUG l.i.uztis.tests.InvitationsPageTest - Entered description text: 'Aprašo tekstas'.
2025-01-20 09:19:49 [main] DEBUG l.i.uztis.tests.InvitationsPageTest - Entered applicants text: 'Pareiškėjų tekstas'.
2025-01-20 09:19:49 [main] DEBUG l.i.uztis.tests.InvitationsPageTest - Entered expenditures text: 'Išlaidų tekstas'.
2025-01-20 09:19:49 [main] DEBUG l.i.uztis.tests.InvitationsPageTest - Entered legislation text: 'Teisės aktų tekstas'.
2025-01-20 09:19:50 [main] DEBUG l.i.uztis.tests.InvitationsPageTest - Entered education text: 'Mokymų tekstas'.
2025-01-20 09:19:50 [main] DEBUG l.i.uztis.tests.InvitationsPageTest - File uploaded.
2025-01-20 09:19:50 [main] DEBUG l.i.uztis.tests.InvitationsPageTest - Clicked 'Publish'.
2025-01-20 09:19:50 [main] DEBUG l.i.uztis.tests.InvitationsPageTest - Publication confirmed.
2025-01-20 09:19:51 [main] DEBUG l.i.uztis.tests.InvitationsPageTest - Verified success message: 'Funkcija sėkmingai atlikta.'
2025-01-20 09:19:51 [main] INFO  l.i.uztis.tests.InvitationsPageTest - Test 'testCreateNewDvpInvitation' completed successfully.
2025-01-20 09:24:46 [main] INFO  lt.insoft.uztis.tests.UztisPageTest - Navigated to https://uztisdev.asseco.lt/home
2025-01-20 09:24:46 [main] INFO  l.i.uztis.tests.InvitationsPageTest - Starting test:'testInsertVuiStatisticInformation'
2025-01-20 09:24:47 [main] DEBUG l.i.uztis.tests.InvitationsPageTest - User logged in with test credentials
2025-01-20 09:24:47 [main] DEBUG l.i.uztis.tests.InvitationsPageTest - Opened 'Application Processing' menu.
2025-01-20 09:24:48 [main] DEBUG l.i.uztis.tests.InvitationsPageTest - Clicked on 'Application Forms' menu.
2025-01-20 09:24:48 [main] DEBUG l.i.uztis.tests.InvitationsPageTest - Navigating to invitation forms menu.
2025-01-20 09:24:48 [main] DEBUG l.i.uztis.tests.InvitationsPageTest - Retrieved last description code text: 'TST-DVP-10'.
2025-01-20 09:24:48 [main] DEBUG l.i.uztis.tests.InvitationsPageTest - Clicked on 'Invitation' menu.
2025-01-20 09:24:48 [main] DEBUG l.i.uztis.tests.InvitationsPageTest - Selected section by code: 'TST-DVP-10'.
2025-01-20 09:24:48 [main] DEBUG l.i.uztis.tests.InvitationsPageTest - Clicked 'Search'.
2025-01-20 09:24:48 [main] DEBUG l.i.uztis.tests.InvitationsPageTest - Getting and inserting application code text.
2025-01-20 09:24:49 [main] DEBUG l.i.uztis.tests.InvitationsPageTest - Clicked 'Publishing'.
2025-01-20 09:24:57 [main] ERROR l.i.uztis.tests.InvitationsPageTest - Test 'testInsertVuiStatisticInformation' failed with error: Error communicating with the remote browser. It may have died.
Build info: version: '4.27.0', revision: 'd6e718d134'
System info: os.name: 'Windows 11', os.arch: 'amd64', os.version: '10.0', java.version: '21.0.3'
Driver info: org.openqa.selenium.chrome.ChromeDriver
Command: [202e4797bf57bb413322f18957496bc3, findElement [using, value]]
Capabilities {acceptInsecureCerts: false, browserName: chrome, browserVersion: 131.0.6778.265, chrome: {chromedriverVersion: 131.0.6778.264 (2d05e315153..., userDataDir: C:\Users\INGRID~1.ZAD\AppDa...}, fedcm:accounts: true, goog:chromeOptions: {debuggerAddress: localhost:64777}, networkConnectionEnabled: false, pageLoadStrategy: normal, platformName: windows, proxy: Proxy(), se:cdp: ws://localhost:64777/devtoo..., se:cdpVersion: 131.0.6778.265, setWindowRect: true, strictFileInteractability: false, timeouts: {implicit: 0, pageLoad: 300000, script: 30000}, unhandledPromptBehavior: dismiss and notify, webauthn:extension:credBlob: true, webauthn:extension:largeBlob: true, webauthn:extension:minPinLength: true, webauthn:extension:prf: true, webauthn:virtualAuthenticators: true}
Session ID: 202e4797bf57bb413322f18957496bc3
org.openqa.selenium.remote.UnreachableBrowserException: Error communicating with the remote browser. It may have died.
Build info: version: '4.27.0', revision: 'd6e718d134'
System info: os.name: 'Windows 11', os.arch: 'amd64', os.version: '10.0', java.version: '21.0.3'
Driver info: org.openqa.selenium.chrome.ChromeDriver
Command: [202e4797bf57bb413322f18957496bc3, findElement [using, value]]
Capabilities {acceptInsecureCerts: false, browserName: chrome, browserVersion: 131.0.6778.265, chrome: {chromedriverVersion: 131.0.6778.264 (2d05e315153..., userDataDir: C:\Users\INGRID~1.ZAD\AppDa...}, fedcm:accounts: true, goog:chromeOptions: {debuggerAddress: localhost:64777}, networkConnectionEnabled: false, pageLoadStrategy: normal, platformName: windows, proxy: Proxy(), se:cdp: ws://localhost:64777/devtoo..., se:cdpVersion: 131.0.6778.265, setWindowRect: true, strictFileInteractability: false, timeouts: {implicit: 0, pageLoad: 300000, script: 30000}, unhandledPromptBehavior: dismiss and notify, webauthn:extension:credBlob: true, webauthn:extension:largeBlob: true, webauthn:extension:minPinLength: true, webauthn:extension:prf: true, webauthn:virtualAuthenticators: true}
Session ID: 202e4797bf57bb413322f18957496bc3
	at org.openqa.selenium.remote.RemoteWebDriver.execute(RemoteWebDriver.java:572)
	at org.openqa.selenium.remote.ElementLocation$ElementFinder$2.findElement(ElementLocation.java:165)
	at org.openqa.selenium.remote.ElementLocation.findElement(ElementLocation.java:59)
	at org.openqa.selenium.remote.RemoteWebDriver.findElement(RemoteWebDriver.java:368)
	at org.openqa.selenium.remote.RemoteWebDriver.findElement(RemoteWebDriver.java:362)
	at org.openqa.selenium.support.pagefactory.DefaultElementLocator.findElement(DefaultElementLocator.java:68)
	at org.openqa.selenium.support.pagefactory.internal.LocatingElementHandler.invoke(LocatingElementHandler.java:38)
	at jdk.proxy2/jdk.proxy2.$Proxy14.click(Unknown Source)
	at lt.insoft.uztis.pages.InvitationsPage.clickTabStatisticInformation(InvitationsPage.java:665)
	at lt.insoft.uztis.tests.InvitationsPageTest.testInsertVuiStatisticInformation(InvitationsPageTest.java:292)
	at java.base/jdk.internal.reflect.DirectMethodHandleAccessor.invoke(DirectMethodHandleAccessor.java:103)
	at java.base/java.lang.reflect.Method.invoke(Method.java:580)
	at org.junit.platform.commons.util.ReflectionUtils.invokeMethod(ReflectionUtils.java:728)
	at org.junit.jupiter.engine.execution.MethodInvocation.proceed(MethodInvocation.java:60)
	at org.junit.jupiter.engine.execution.InvocationInterceptorChain$ValidatingInvocation.proceed(InvocationInterceptorChain.java:131)
	at org.junit.jupiter.engine.extension.TimeoutExtension.intercept(TimeoutExtension.java:156)
	at org.junit.jupiter.engine.extension.TimeoutExtension.interceptTestableMethod(TimeoutExtension.java:147)
	at org.junit.jupiter.engine.extension.TimeoutExtension.interceptTestMethod(TimeoutExtension.java:86)
	at org.junit.jupiter.engine.execution.InterceptingExecutableInvoker$ReflectiveInterceptorCall.lambda$ofVoidMethod$0(InterceptingExecutableInvoker.java:103)
	at org.junit.jupiter.engine.execution.InterceptingExecutableInvoker.lambda$invoke$0(InterceptingExecutableInvoker.java:93)
	at org.junit.jupiter.engine.execution.InvocationInterceptorChain$InterceptedInvocation.proceed(InvocationInterceptorChain.java:106)
	at org.junit.jupiter.engine.execution.InvocationInterceptorChain.proceed(InvocationInterceptorChain.java:64)
	at org.junit.jupiter.engine.execution.InvocationInterceptorChain.chainAndInvoke(InvocationInterceptorChain.java:45)
	at org.junit.jupiter.engine.execution.InvocationInterceptorChain.invoke(InvocationInterceptorChain.java:37)
	at org.junit.jupiter.engine.execution.InterceptingExecutableInvoker.invoke(InterceptingExecutableInvoker.java:92)
	at org.junit.jupiter.engine.execution.InterceptingExecutableInvoker.invoke(InterceptingExecutableInvoker.java:86)
	at org.junit.jupiter.engine.descriptor.TestMethodTestDescriptor.lambda$invokeTestMethod$7(TestMethodTestDescriptor.java:218)
	at org.junit.platform.engine.support.hierarchical.ThrowableCollector.execute(ThrowableCollector.java:73)
	at org.junit.jupiter.engine.descriptor.TestMethodTestDescriptor.invokeTestMethod(TestMethodTestDescriptor.java:214)
	at org.junit.jupiter.engine.descriptor.TestMethodTestDescriptor.execute(TestMethodTestDescriptor.java:139)
	at org.junit.jupiter.engine.descriptor.TestMethodTestDescriptor.execute(TestMethodTestDescriptor.java:69)
	at org.junit.platform.engine.support.hierarchical.NodeTestTask.lambda$executeRecursively$6(NodeTestTask.java:151)
	at org.junit.platform.engine.support.hierarchical.ThrowableCollector.execute(ThrowableCollector.java:73)
	at org.junit.platform.engine.support.hierarchical.NodeTestTask.lambda$executeRecursively$8(NodeTestTask.java:141)
	at org.junit.platform.engine.support.hierarchical.Node.around(Node.java:137)
	at org.junit.platform.engine.support.hierarchical.NodeTestTask.lambda$executeRecursively$9(NodeTestTask.java:139)
	at org.junit.platform.engine.support.hierarchical.ThrowableCollector.execute(ThrowableCollector.java:73)
	at org.junit.platform.engine.support.hierarchical.NodeTestTask.executeRecursively(NodeTestTask.java:138)
	at org.junit.platform.engine.support.hierarchical.NodeTestTask.execute(NodeTestTask.java:95)
	at java.base/java.util.ArrayList.forEach(ArrayList.java:1596)
	at org.junit.platform.engine.support.hierarchical.SameThreadHierarchicalTestExecutorService.invokeAll(SameThreadHierarchicalTestExecutorService.java:41)
	at org.junit.platform.engine.support.hierarchical.NodeTestTask.lambda$executeRecursively$6(NodeTestTask.java:155)
	at org.junit.platform.engine.support.hierarchical.ThrowableCollector.execute(ThrowableCollector.java:73)
	at org.junit.platform.engine.support.hierarchical.NodeTestTask.lambda$executeRecursively$8(NodeTestTask.java:141)
	at org.junit.platform.engine.support.hierarchical.Node.around(Node.java:137)
	at org.junit.platform.engine.support.hierarchical.NodeTestTask.lambda$executeRecursively$9(NodeTestTask.java:139)
	at org.junit.platform.engine.support.hierarchical.ThrowableCollector.execute(ThrowableCollector.java:73)
	at org.junit.platform.engine.support.hierarchical.NodeTestTask.executeRecursively(NodeTestTask.java:138)
	at org.junit.platform.engine.support.hierarchical.NodeTestTask.execute(NodeTestTask.java:95)
	at java.base/java.util.ArrayList.forEach(ArrayList.java:1596)
	at org.junit.platform.engine.support.hierarchical.SameThreadHierarchicalTestExecutorService.invokeAll(SameThreadHierarchicalTestExecutorService.java:41)
	at org.junit.platform.engine.support.hierarchical.NodeTestTask.lambda$executeRecursively$6(NodeTestTask.java:155)
	at org.junit.platform.engine.support.hierarchical.ThrowableCollector.execute(ThrowableCollector.java:73)
	at org.junit.platform.engine.support.hierarchical.NodeTestTask.lambda$executeRecursively$8(NodeTestTask.java:141)
	at org.junit.platform.engine.support.hierarchical.Node.around(Node.java:137)
	at org.junit.platform.engine.support.hierarchical.NodeTestTask.lambda$executeRecursively$9(NodeTestTask.java:139)
	at org.junit.platform.engine.support.hierarchical.ThrowableCollector.execute(ThrowableCollector.java:73)
	at org.junit.platform.engine.support.hierarchical.NodeTestTask.executeRecursively(NodeTestTask.java:138)
	at org.junit.platform.engine.support.hierarchical.NodeTestTask.execute(NodeTestTask.java:95)
	at org.junit.platform.engine.support.hierarchical.SameThreadHierarchicalTestExecutorService.submit(SameThreadHierarchicalTestExecutorService.java:35)
	at org.junit.platform.engine.support.hierarchical.HierarchicalTestExecutor.execute(HierarchicalTestExecutor.java:57)
	at org.junit.platform.engine.support.hierarchical.HierarchicalTestEngine.execute(HierarchicalTestEngine.java:54)
	at org.junit.platform.launcher.core.EngineExecutionOrchestrator.execute(EngineExecutionOrchestrator.java:198)
	at org.junit.platform.launcher.core.EngineExecutionOrchestrator.execute(EngineExecutionOrchestrator.java:169)
	at org.junit.platform.launcher.core.EngineExecutionOrchestrator.execute(EngineExecutionOrchestrator.java:93)
	at org.junit.platform.launcher.core.EngineExecutionOrchestrator.lambda$execute$0(EngineExecutionOrchestrator.java:58)
	at org.junit.platform.launcher.core.EngineExecutionOrchestrator.withInterceptedStreams(EngineExecutionOrchestrator.java:141)
	at org.junit.platform.launcher.core.EngineExecutionOrchestrator.execute(EngineExecutionOrchestrator.java:57)
	at org.junit.platform.launcher.core.DefaultLauncher.execute(DefaultLauncher.java:103)
	at org.junit.platform.launcher.core.DefaultLauncher.execute(DefaultLauncher.java:85)
	at org.junit.platform.launcher.core.DelegatingLauncher.execute(DelegatingLauncher.java:47)
	at org.junit.platform.launcher.core.SessionPerRequestLauncher.execute(SessionPerRequestLauncher.java:63)
	at com.intellij.junit5.JUnit5IdeaTestRunner.startRunnerWithArgs(JUnit5IdeaTestRunner.java:57)
	at com.intellij.rt.junit.IdeaTestRunner$Repeater$1.execute(IdeaTestRunner.java:38)
	at com.intellij.rt.execution.junit.TestsRepeater.repeat(TestsRepeater.java:11)
	at com.intellij.rt.junit.IdeaTestRunner$Repeater.startRunnerWithArgs(IdeaTestRunner.java:35)
	at com.intellij.rt.junit.JUnitStarter.prepareStreamsAndStart(JUnitStarter.java:232)
	at com.intellij.rt.junit.JUnitStarter.main(JUnitStarter.java:55)
Caused by: java.io.UncheckedIOException: java.io.IOException: HTTP/1.1 header parser received no bytes
	at org.openqa.selenium.remote.http.jdk.JdkHttpClient.execute0(JdkHttpClient.java:496)
	at org.openqa.selenium.remote.http.AddSeleniumUserAgent.lambda$apply$0(AddSeleniumUserAgent.java:42)
	at org.openqa.selenium.remote.http.Filter.lambda$andFinally$1(Filter.java:55)
	at org.openqa.selenium.remote.http.jdk.JdkHttpClient.lambda$executeAsync$1(JdkHttpClient.java:383)
	at java.base/java.util.concurrent.Executors$RunnableAdapter.call(Executors.java:572)
	at java.base/java.util.concurrent.FutureTask.run(FutureTask.java:317)
	at java.base/java.util.concurrent.ThreadPoolExecutor.runWorker(ThreadPoolExecutor.java:1144)
	at java.base/java.util.concurrent.ThreadPoolExecutor$Worker.run(ThreadPoolExecutor.java:642)
	at java.base/java.lang.Thread.run(Thread.java:1583)
Caused by: java.io.IOException: HTTP/1.1 header parser received no bytes
	at java.net.http/jdk.internal.net.http.HttpClientImpl.send(HttpClientImpl.java:964)
	at java.net.http/jdk.internal.net.http.HttpClientFacade.send(HttpClientFacade.java:133)
	at org.openqa.selenium.remote.http.jdk.JdkHttpClient.execute0(JdkHttpClient.java:455)
	... 8 common frames omitted
Caused by: java.io.IOException: HTTP/1.1 header parser received no bytes
	at java.net.http/jdk.internal.net.http.common.Utils.wrapWithExtraDetail(Utils.java:388)
	at java.net.http/jdk.internal.net.http.Http1Response$HeadersReader.onReadError(Http1Response.java:590)
	at java.net.http/jdk.internal.net.http.Http1AsyncReceiver.checkForErrors(Http1AsyncReceiver.java:302)
	at java.net.http/jdk.internal.net.http.Http1AsyncReceiver.flush(Http1AsyncReceiver.java:268)
	at java.net.http/jdk.internal.net.http.common.SequentialScheduler$LockingRestartableTask.run(SequentialScheduler.java:182)
	at java.net.http/jdk.internal.net.http.common.SequentialScheduler$CompleteRestartableTask.run(SequentialScheduler.java:149)
	at java.net.http/jdk.internal.net.http.common.SequentialScheduler$SchedulableTask.run(SequentialScheduler.java:207)
	... 3 common frames omitted
Caused by: java.net.SocketException: Connection reset
	at java.base/sun.nio.ch.SocketChannelImpl.throwConnectionReset(SocketChannelImpl.java:401)
	at java.base/sun.nio.ch.SocketChannelImpl.read(SocketChannelImpl.java:434)
	at java.net.http/jdk.internal.net.http.SocketTube.readAvailable(SocketTube.java:1178)
	at java.net.http/jdk.internal.net.http.SocketTube$InternalReadPublisher$InternalReadSubscription.read(SocketTube.java:841)
	at java.net.http/jdk.internal.net.http.SocketTube$SocketFlowTask.run(SocketTube.java:181)
	at java.net.http/jdk.internal.net.http.common.SequentialScheduler$SchedulableTask.run(SequentialScheduler.java:207)
	at java.net.http/jdk.internal.net.http.common.SequentialScheduler.runOrSchedule(SequentialScheduler.java:280)
	at java.net.http/jdk.internal.net.http.common.SequentialScheduler.runOrSchedule(SequentialScheduler.java:233)
	at java.net.http/jdk.internal.net.http.SocketTube$InternalReadPublisher$InternalReadSubscription.signalReadable(SocketTube.java:782)
	at java.net.http/jdk.internal.net.http.SocketTube$InternalReadPublisher$ReadEvent.signalEvent(SocketTube.java:965)
	at java.net.http/jdk.internal.net.http.SocketTube$SocketFlowEvent.handle(SocketTube.java:253)
	at java.net.http/jdk.internal.net.http.HttpClientImpl$SelectorManager.handleEvent(HttpClientImpl.java:1467)
	at java.net.http/jdk.internal.net.http.HttpClientImpl$SelectorManager.lambda$run$3(HttpClientImpl.java:1412)
	at java.base/java.util.ArrayList.forEach(ArrayList.java:1596)
	at java.net.http/jdk.internal.net.http.HttpClientImpl$SelectorManager.run(HttpClientImpl.java:1412)
2025-01-20 09:37:17 [main] INFO  lt.insoft.uztis.tests.UztisPageTest - Navigated to https://uztisdev.asseco.lt/home
2025-01-20 09:37:17 [main] INFO  l.i.u.tests.ApplicationFormsPageTest - Setup complete. ApplicationFormsPage initialized.
2025-01-20 09:37:17 [main] INFO  l.i.u.tests.ApplicationFormsPageTest - Starting test:'testCreateNewVuiApplication'
2025-01-20 09:37:18 [main] DEBUG l.i.u.tests.ApplicationFormsPageTest - User logged in with test credentials
2025-01-20 09:37:18 [main] DEBUG l.i.u.tests.ApplicationFormsPageTest - Opened 'Application Processing' menu.
2025-01-20 09:37:18 [main] DEBUG l.i.u.tests.ApplicationFormsPageTest - Clicked on 'Application Forms' menu.
2025-01-20 09:37:19 [main] DEBUG l.i.u.tests.ApplicationFormsPageTest - Clicked to create a new application form.
2025-01-20 09:37:19 [main] DEBUG l.i.u.tests.ApplicationFormsPageTest - Entered random application code: TST-VUI-22
2025-01-20 09:37:19 [main] DEBUG l.i.u.tests.ApplicationFormsPageTest - Selected 'Section' radio button.
2025-01-20 09:37:19 [main] INFO  l.i.uztis.pages.ApplicationFormsPage - Located the dropdown button.
2025-01-20 09:37:20 [main] INFO  l.i.uztis.pages.ApplicationFormsPage - Successfully selected the value: 'Skyrius 1'
2025-01-20 09:37:30 [main] ERROR l.i.uztis.pages.ApplicationFormsPage - Failed to close the dropdown with aria-expanded = 'false'.
2025-01-20 09:37:30 [main] DEBUG l.i.u.tests.ApplicationFormsPageTest - Selected a value from the 'Section' dropdown: 'Skyrius 1'
2025-01-20 09:37:30 [main] DEBUG l.i.u.tests.ApplicationFormsPageTest - Selected 'Budget by Municipality' option.
2025-01-20 09:37:30 [main] DEBUG l.i.u.tests.ApplicationFormsPageTest - Selected 'Financed Without Queue' option.
2025-01-20 09:37:31 [main] DEBUG l.i.u.tests.ApplicationFormsPageTest - Clicked 'Add' button.
2025-01-20 09:37:31 [main] INFO  l.i.uztis.pages.ApplicationFormsPage - Located the dropdown button.
2025-01-20 09:37:31 [main] INFO  l.i.uztis.pages.ApplicationFormsPage - Successfully selected the value: 'VUI paraiškos vertinimo forma - I etapas'
2025-01-20 09:37:31 [main] DEBUG l.i.u.tests.ApplicationFormsPageTest - Selected a value from the 'EvaluationOne' dropdown: 'VUI paraiškos vertinimo forma - I etapas'
2025-01-20 09:37:31 [main] INFO  l.i.uztis.pages.ApplicationFormsPage - Located the dropdown button.
2025-01-20 09:37:31 [main] INFO  l.i.uztis.pages.ApplicationFormsPage - Successfully selected the value: 'VUI paraiškos vertinimo forma - II etapas'
2025-01-20 09:37:31 [main] DEBUG l.i.u.tests.ApplicationFormsPageTest - Selected a value from the 'EvaluationTwon' dropdown: 'VUI paraiškos vertinimo forma - II etapas'
2025-01-20 09:37:31 [main] INFO  l.i.uztis.pages.ApplicationFormsPage - Located the dropdown button.
2025-01-20 09:37:31 [main] ERROR l.i.uztis.pages.ApplicationFormsPage - Option 'VUI paraiškos vertinimo forma - III etapas' was not found in the dropdown.
2025-01-20 09:37:31 [main] DEBUG l.i.u.tests.ApplicationFormsPageTest - Selected a value from the 'EvaluationThree' dropdown: 'VUI paraiškos vertinimo forma - III etapas'
2025-01-20 09:37:32 [main] ERROR l.i.u.tests.ApplicationFormsPageTest - Test 'testCreateNewVuiApplication' failed with error: element click intercepted: Element <button type="button" class="btn btn--primary-light-dashed">...</button> is not clickable at point (390, 991). Other element would receive the click: <div class="cdk-overlay-backdrop cdk-overlay-transparent-backdrop cdk-overlay-backdrop-showing"></div>
  (Session info: chrome=131.0.6778.265)
Build info: version: '4.27.0', revision: 'd6e718d134'
System info: os.name: 'Windows 11', os.arch: 'amd64', os.version: '10.0', java.version: '21.0.3'
Driver info: org.openqa.selenium.chrome.ChromeDriver
Command: [64e40c8910279ca1d0484425e01b1a1c, clickElement {id=f.88D3F73532CF1C16EBA2347B502D6047.d.A2E7125A9B2DDDC1B359F2C29DF7AC79.e.110}]
Capabilities {acceptInsecureCerts: false, browserName: chrome, browserVersion: 131.0.6778.265, chrome: {chromedriverVersion: 131.0.6778.264 (2d05e315153..., userDataDir: C:\Users\INGRID~1.ZAD\AppDa...}, fedcm:accounts: true, goog:chromeOptions: {debuggerAddress: localhost:65202}, networkConnectionEnabled: false, pageLoadStrategy: normal, platformName: windows, proxy: Proxy(), se:cdp: ws://localhost:65202/devtoo..., se:cdpVersion: 131.0.6778.265, setWindowRect: true, strictFileInteractability: false, timeouts: {implicit: 0, pageLoad: 300000, script: 30000}, unhandledPromptBehavior: dismiss and notify, webauthn:extension:credBlob: true, webauthn:extension:largeBlob: true, webauthn:extension:minPinLength: true, webauthn:extension:prf: true, webauthn:virtualAuthenticators: true}
Element: [[ChromeDriver: chrome on windows (64e40c8910279ca1d0484425e01b1a1c)] -> xpath: //common-button[@btnclass='btn btn--primary-light-dashed']//button[@type='button']]
Session ID: 64e40c8910279ca1d0484425e01b1a1c
org.openqa.selenium.ElementClickInterceptedException: element click intercepted: Element <button type="button" class="btn btn--primary-light-dashed">...</button> is not clickable at point (390, 991). Other element would receive the click: <div class="cdk-overlay-backdrop cdk-overlay-transparent-backdrop cdk-overlay-backdrop-showing"></div>
  (Session info: chrome=131.0.6778.265)
Build info: version: '4.27.0', revision: 'd6e718d134'
System info: os.name: 'Windows 11', os.arch: 'amd64', os.version: '10.0', java.version: '21.0.3'
Driver info: org.openqa.selenium.chrome.ChromeDriver
Command: [64e40c8910279ca1d0484425e01b1a1c, clickElement {id=f.88D3F73532CF1C16EBA2347B502D6047.d.A2E7125A9B2DDDC1B359F2C29DF7AC79.e.110}]
Capabilities {acceptInsecureCerts: false, browserName: chrome, browserVersion: 131.0.6778.265, chrome: {chromedriverVersion: 131.0.6778.264 (2d05e315153..., userDataDir: C:\Users\INGRID~1.ZAD\AppDa...}, fedcm:accounts: true, goog:chromeOptions: {debuggerAddress: localhost:65202}, networkConnectionEnabled: false, pageLoadStrategy: normal, platformName: windows, proxy: Proxy(), se:cdp: ws://localhost:65202/devtoo..., se:cdpVersion: 131.0.6778.265, setWindowRect: true, strictFileInteractability: false, timeouts: {implicit: 0, pageLoad: 300000, script: 30000}, unhandledPromptBehavior: dismiss and notify, webauthn:extension:credBlob: true, webauthn:extension:largeBlob: true, webauthn:extension:minPinLength: true, webauthn:extension:prf: true, webauthn:virtualAuthenticators: true}
Element: [[ChromeDriver: chrome on windows (64e40c8910279ca1d0484425e01b1a1c)] -> xpath: //common-button[@btnclass='btn btn--primary-light-dashed']//button[@type='button']]
Session ID: 64e40c8910279ca1d0484425e01b1a1c
	at java.base/jdk.internal.reflect.DirectConstructorHandleAccessor.newInstance(DirectConstructorHandleAccessor.java:62)
	at java.base/java.lang.reflect.Constructor.newInstanceWithCaller(Constructor.java:502)
	at java.base/java.lang.reflect.Constructor.newInstance(Constructor.java:486)
	at org.openqa.selenium.remote.ErrorCodec.decode(ErrorCodec.java:167)
	at org.openqa.selenium.remote.codec.w3c.W3CHttpResponseCodec.decode(W3CHttpResponseCodec.java:138)
	at org.openqa.selenium.remote.codec.w3c.W3CHttpResponseCodec.decode(W3CHttpResponseCodec.java:50)
	at org.openqa.selenium.remote.HttpCommandExecutor.execute(HttpCommandExecutor.java:190)
	at org.openqa.selenium.remote.service.DriverCommandExecutor.invokeExecute(DriverCommandExecutor.java:216)
	at org.openqa.selenium.remote.service.DriverCommandExecutor.execute(DriverCommandExecutor.java:174)
	at org.openqa.selenium.remote.RemoteWebDriver.execute(RemoteWebDriver.java:545)
	at org.openqa.selenium.remote.RemoteWebElement.execute(RemoteWebElement.java:223)
	at org.openqa.selenium.remote.RemoteWebElement.click(RemoteWebElement.java:76)
	at java.base/jdk.internal.reflect.DirectMethodHandleAccessor.invoke(DirectMethodHandleAccessor.java:103)
	at java.base/java.lang.reflect.Method.invoke(Method.java:580)
	at org.openqa.selenium.support.pagefactory.internal.LocatingElementHandler.invoke(LocatingElementHandler.java:51)
	at jdk.proxy2/jdk.proxy2.$Proxy14.click(Unknown Source)
	at lt.insoft.uztis.pages.ApplicationFormsPage.clickButtonPlus(ApplicationFormsPage.java:185)
	at lt.insoft.uztis.tests.ApplicationFormsPageTest.testCreateNewVuiApplication(ApplicationFormsPageTest.java:138)
	at java.base/jdk.internal.reflect.DirectMethodHandleAccessor.invoke(DirectMethodHandleAccessor.java:103)
	at java.base/java.lang.reflect.Method.invoke(Method.java:580)
	at org.junit.platform.commons.util.ReflectionUtils.invokeMethod(ReflectionUtils.java:728)
	at org.junit.jupiter.engine.execution.MethodInvocation.proceed(MethodInvocation.java:60)
	at org.junit.jupiter.engine.execution.InvocationInterceptorChain$ValidatingInvocation.proceed(InvocationInterceptorChain.java:131)
	at org.junit.jupiter.engine.extension.TimeoutExtension.intercept(TimeoutExtension.java:156)
	at org.junit.jupiter.engine.extension.TimeoutExtension.interceptTestableMethod(TimeoutExtension.java:147)
	at org.junit.jupiter.engine.extension.TimeoutExtension.interceptTestMethod(TimeoutExtension.java:86)
	at org.junit.jupiter.engine.execution.InterceptingExecutableInvoker$ReflectiveInterceptorCall.lambda$ofVoidMethod$0(InterceptingExecutableInvoker.java:103)
	at org.junit.jupiter.engine.execution.InterceptingExecutableInvoker.lambda$invoke$0(InterceptingExecutableInvoker.java:93)
	at org.junit.jupiter.engine.execution.InvocationInterceptorChain$InterceptedInvocation.proceed(InvocationInterceptorChain.java:106)
	at org.junit.jupiter.engine.execution.InvocationInterceptorChain.proceed(InvocationInterceptorChain.java:64)
	at org.junit.jupiter.engine.execution.InvocationInterceptorChain.chainAndInvoke(InvocationInterceptorChain.java:45)
	at org.junit.jupiter.engine.execution.InvocationInterceptorChain.invoke(InvocationInterceptorChain.java:37)
	at org.junit.jupiter.engine.execution.InterceptingExecutableInvoker.invoke(InterceptingExecutableInvoker.java:92)
	at org.junit.jupiter.engine.execution.InterceptingExecutableInvoker.invoke(InterceptingExecutableInvoker.java:86)
	at org.junit.jupiter.engine.descriptor.TestMethodTestDescriptor.lambda$invokeTestMethod$7(TestMethodTestDescriptor.java:218)
	at org.junit.platform.engine.support.hierarchical.ThrowableCollector.execute(ThrowableCollector.java:73)
	at org.junit.jupiter.engine.descriptor.TestMethodTestDescriptor.invokeTestMethod(TestMethodTestDescriptor.java:214)
	at org.junit.jupiter.engine.descriptor.TestMethodTestDescriptor.execute(TestMethodTestDescriptor.java:139)
	at org.junit.jupiter.engine.descriptor.TestMethodTestDescriptor.execute(TestMethodTestDescriptor.java:69)
	at org.junit.platform.engine.support.hierarchical.NodeTestTask.lambda$executeRecursively$6(NodeTestTask.java:151)
	at org.junit.platform.engine.support.hierarchical.ThrowableCollector.execute(ThrowableCollector.java:73)
	at org.junit.platform.engine.support.hierarchical.NodeTestTask.lambda$executeRecursively$8(NodeTestTask.java:141)
	at org.junit.platform.engine.support.hierarchical.Node.around(Node.java:137)
	at org.junit.platform.engine.support.hierarchical.NodeTestTask.lambda$executeRecursively$9(NodeTestTask.java:139)
	at org.junit.platform.engine.support.hierarchical.ThrowableCollector.execute(ThrowableCollector.java:73)
	at org.junit.platform.engine.support.hierarchical.NodeTestTask.executeRecursively(NodeTestTask.java:138)
	at org.junit.platform.engine.support.hierarchical.NodeTestTask.execute(NodeTestTask.java:95)
	at java.base/java.util.ArrayList.forEach(ArrayList.java:1596)
	at org.junit.platform.engine.support.hierarchical.SameThreadHierarchicalTestExecutorService.invokeAll(SameThreadHierarchicalTestExecutorService.java:41)
	at org.junit.platform.engine.support.hierarchical.NodeTestTask.lambda$executeRecursively$6(NodeTestTask.java:155)
	at org.junit.platform.engine.support.hierarchical.ThrowableCollector.execute(ThrowableCollector.java:73)
	at org.junit.platform.engine.support.hierarchical.NodeTestTask.lambda$executeRecursively$8(NodeTestTask.java:141)
	at org.junit.platform.engine.support.hierarchical.Node.around(Node.java:137)
	at org.junit.platform.engine.support.hierarchical.NodeTestTask.lambda$executeRecursively$9(NodeTestTask.java:139)
	at org.junit.platform.engine.support.hierarchical.ThrowableCollector.execute(ThrowableCollector.java:73)
	at org.junit.platform.engine.support.hierarchical.NodeTestTask.executeRecursively(NodeTestTask.java:138)
	at org.junit.platform.engine.support.hierarchical.NodeTestTask.execute(NodeTestTask.java:95)
	at java.base/java.util.ArrayList.forEach(ArrayList.java:1596)
	at org.junit.platform.engine.support.hierarchical.SameThreadHierarchicalTestExecutorService.invokeAll(SameThreadHierarchicalTestExecutorService.java:41)
	at org.junit.platform.engine.support.hierarchical.NodeTestTask.lambda$executeRecursively$6(NodeTestTask.java:155)
	at org.junit.platform.engine.support.hierarchical.ThrowableCollector.execute(ThrowableCollector.java:73)
	at org.junit.platform.engine.support.hierarchical.NodeTestTask.lambda$executeRecursively$8(NodeTestTask.java:141)
	at org.junit.platform.engine.support.hierarchical.Node.around(Node.java:137)
	at org.junit.platform.engine.support.hierarchical.NodeTestTask.lambda$executeRecursively$9(NodeTestTask.java:139)
	at org.junit.platform.engine.support.hierarchical.ThrowableCollector.execute(ThrowableCollector.java:73)
	at org.junit.platform.engine.support.hierarchical.NodeTestTask.executeRecursively(NodeTestTask.java:138)
	at org.junit.platform.engine.support.hierarchical.NodeTestTask.execute(NodeTestTask.java:95)
	at org.junit.platform.engine.support.hierarchical.SameThreadHierarchicalTestExecutorService.submit(SameThreadHierarchicalTestExecutorService.java:35)
	at org.junit.platform.engine.support.hierarchical.HierarchicalTestExecutor.execute(HierarchicalTestExecutor.java:57)
	at org.junit.platform.engine.support.hierarchical.HierarchicalTestEngine.execute(HierarchicalTestEngine.java:54)
	at org.junit.platform.launcher.core.EngineExecutionOrchestrator.execute(EngineExecutionOrchestrator.java:198)
	at org.junit.platform.launcher.core.EngineExecutionOrchestrator.execute(EngineExecutionOrchestrator.java:169)
	at org.junit.platform.launcher.core.EngineExecutionOrchestrator.execute(EngineExecutionOrchestrator.java:93)
	at org.junit.platform.launcher.core.EngineExecutionOrchestrator.lambda$execute$0(EngineExecutionOrchestrator.java:58)
	at org.junit.platform.launcher.core.EngineExecutionOrchestrator.withInterceptedStreams(EngineExecutionOrchestrator.java:141)
	at org.junit.platform.launcher.core.EngineExecutionOrchestrator.execute(EngineExecutionOrchestrator.java:57)
	at org.junit.platform.launcher.core.DefaultLauncher.execute(DefaultLauncher.java:103)
	at org.junit.platform.launcher.core.DefaultLauncher.execute(DefaultLauncher.java:85)
	at org.junit.platform.launcher.core.DelegatingLauncher.execute(DelegatingLauncher.java:47)
	at org.junit.platform.launcher.core.SessionPerRequestLauncher.execute(SessionPerRequestLauncher.java:63)
	at com.intellij.junit5.JUnit5IdeaTestRunner.startRunnerWithArgs(JUnit5IdeaTestRunner.java:57)
	at com.intellij.rt.junit.IdeaTestRunner$Repeater$1.execute(IdeaTestRunner.java:38)
	at com.intellij.rt.execution.junit.TestsRepeater.repeat(TestsRepeater.java:11)
	at com.intellij.rt.junit.IdeaTestRunner$Repeater.startRunnerWithArgs(IdeaTestRunner.java:35)
	at com.intellij.rt.junit.JUnitStarter.prepareStreamsAndStart(JUnitStarter.java:232)
	at com.intellij.rt.junit.JUnitStarter.main(JUnitStarter.java:55)
2025-01-20 09:37:32 [main] INFO  l.insoft.uztis.tests.utils.TestUtils - Screenshot moved to C:\Users\ingrida.zadorozniene\Desktop\Asm\UZTIS\UZTIS_tests\test-output\screenshots\20250120\093732956_testCreateNewVuiApplication().png
2025-01-20 09:41:44 [main] INFO  lt.insoft.uztis.tests.UztisPageTest - Navigated to https://uztisdev.asseco.lt/home
2025-01-20 09:41:44 [main] INFO  l.i.u.tests.ApplicationFormsPageTest - Setup complete. ApplicationFormsPage initialized.
2025-01-20 09:41:44 [main] INFO  l.i.u.tests.ApplicationFormsPageTest - Starting test:'testCreateNewPvkApplication'
2025-01-20 09:41:49 [main] DEBUG l.i.u.tests.ApplicationFormsPageTest - User logged in with test credentials
2025-01-20 09:41:49 [main] DEBUG l.i.u.tests.ApplicationFormsPageTest - Opened 'Application Processing' menu.
2025-01-20 09:41:50 [main] DEBUG l.i.u.tests.ApplicationFormsPageTest - Clicked on 'Application Forms' menu.
2025-01-20 09:41:51 [main] DEBUG l.i.u.tests.ApplicationFormsPageTest - Clicked to create a new application form.
2025-01-20 09:41:51 [main] DEBUG l.i.u.tests.ApplicationFormsPageTest - Entered random application code: TST-PVK-00
2025-01-20 09:41:51 [main] DEBUG l.i.u.tests.ApplicationFormsPageTest - Selected 'Municipality' radio button.
2025-01-20 09:41:51 [main] INFO  l.i.uztis.pages.ApplicationFormsPage - Located the dropdown button.
2025-01-20 09:41:52 [main] INFO  l.i.uztis.pages.ApplicationFormsPage - Successfully selected the value: 'Kauno departamentas'
2025-01-20 09:42:02 [main] ERROR l.i.uztis.pages.ApplicationFormsPage - Failed to close the dropdown with aria-expanded = 'false'.
2025-01-20 09:42:02 [main] DEBUG l.i.u.tests.ApplicationFormsPageTest - Selected a value from the 'Municipality' dropdown: 'Kauno departamentas'
2025-01-20 09:42:02 [main] DEBUG l.i.u.tests.ApplicationFormsPageTest - Selected 'Budget by Municipality' option.
2025-01-20 09:42:02 [main] DEBUG l.i.u.tests.ApplicationFormsPageTest - Selected 'Financed By Queue' radio button.
2025-01-20 09:42:03 [main] DEBUG l.i.u.tests.ApplicationFormsPageTest - Clicked 'Add' button.
2025-01-20 09:42:03 [main] INFO  l.i.uztis.pages.ApplicationFormsPage - Located the dropdown button.
2025-01-20 09:42:03 [main] INFO  l.i.uztis.pages.ApplicationFormsPage - Successfully selected the value: 'PVK paraiškos vertinimo forma - I etapas'
2025-01-20 09:42:03 [main] DEBUG l.i.u.tests.ApplicationFormsPageTest - Selected a value from the 'EvaluationOne' dropdown: 'PVK paraiškos vertinimo forma - I etapas'
2025-01-20 09:42:03 [main] INFO  l.i.uztis.pages.ApplicationFormsPage - Located the dropdown button.
2025-01-20 09:42:03 [main] INFO  l.i.uztis.pages.ApplicationFormsPage - Successfully selected the value: 'PVK paraiškos vertinimo forma - II etapas'
2025-01-20 09:42:03 [main] DEBUG l.i.u.tests.ApplicationFormsPageTest - Selected a value from the 'EvaluationTwon' dropdown: 'PVK paraiškos vertinimo forma - II etapas'
2025-01-20 09:42:03 [main] INFO  l.i.uztis.pages.ApplicationFormsPage - Located the dropdown button.
2025-01-20 09:42:03 [main] ERROR l.i.uztis.pages.ApplicationFormsPage - Option 'PVK paraiškos vertinimo forma - III etapas' was not found in the dropdown.
2025-01-20 09:42:03 [main] DEBUG l.i.u.tests.ApplicationFormsPageTest - Selected a value from the 'EvaluationThree' dropdown: 'PVK paraiškos vertinimo forma - III etapas'
2025-01-20 09:42:04 [main] ERROR l.i.u.tests.ApplicationFormsPageTest - Test 'testCreateNewPvkApplication' failed with error: element click intercepted: Element <button type="button" class="btn btn--primary-light-dashed">...</button> is not clickable at point (390, 991). Other element would receive the click: <div class="cdk-overlay-backdrop cdk-overlay-transparent-backdrop cdk-overlay-backdrop-showing"></div>
  (Session info: chrome=131.0.6778.265)
Build info: version: '4.27.0', revision: 'd6e718d134'
System info: os.name: 'Windows 11', os.arch: 'amd64', os.version: '10.0', java.version: '21.0.3'
Driver info: org.openqa.selenium.chrome.ChromeDriver
Command: [e60f4109615eccbe7958d938eb20b145, clickElement {id=f.EF656B2F4F98903849B7132325D3EF46.d.6D4ABA602F7793ACFFE1C9125BA05909.e.96}]
Capabilities {acceptInsecureCerts: false, browserName: chrome, browserVersion: 131.0.6778.265, chrome: {chromedriverVersion: 131.0.6778.264 (2d05e315153..., userDataDir: C:\Users\INGRID~1.ZAD\AppDa...}, fedcm:accounts: true, goog:chromeOptions: {debuggerAddress: localhost:65381}, networkConnectionEnabled: false, pageLoadStrategy: normal, platformName: windows, proxy: Proxy(), se:cdp: ws://localhost:65381/devtoo..., se:cdpVersion: 131.0.6778.265, setWindowRect: true, strictFileInteractability: false, timeouts: {implicit: 0, pageLoad: 300000, script: 30000}, unhandledPromptBehavior: dismiss and notify, webauthn:extension:credBlob: true, webauthn:extension:largeBlob: true, webauthn:extension:minPinLength: true, webauthn:extension:prf: true, webauthn:virtualAuthenticators: true}
Element: [[ChromeDriver: chrome on windows (e60f4109615eccbe7958d938eb20b145)] -> xpath: //common-button[@btnclass='btn btn--primary-light-dashed']//button[@type='button']]
Session ID: e60f4109615eccbe7958d938eb20b145
org.openqa.selenium.ElementClickInterceptedException: element click intercepted: Element <button type="button" class="btn btn--primary-light-dashed">...</button> is not clickable at point (390, 991). Other element would receive the click: <div class="cdk-overlay-backdrop cdk-overlay-transparent-backdrop cdk-overlay-backdrop-showing"></div>
  (Session info: chrome=131.0.6778.265)
Build info: version: '4.27.0', revision: 'd6e718d134'
System info: os.name: 'Windows 11', os.arch: 'amd64', os.version: '10.0', java.version: '21.0.3'
Driver info: org.openqa.selenium.chrome.ChromeDriver
Command: [e60f4109615eccbe7958d938eb20b145, clickElement {id=f.EF656B2F4F98903849B7132325D3EF46.d.6D4ABA602F7793ACFFE1C9125BA05909.e.96}]
Capabilities {acceptInsecureCerts: false, browserName: chrome, browserVersion: 131.0.6778.265, chrome: {chromedriverVersion: 131.0.6778.264 (2d05e315153..., userDataDir: C:\Users\INGRID~1.ZAD\AppDa...}, fedcm:accounts: true, goog:chromeOptions: {debuggerAddress: localhost:65381}, networkConnectionEnabled: false, pageLoadStrategy: normal, platformName: windows, proxy: Proxy(), se:cdp: ws://localhost:65381/devtoo..., se:cdpVersion: 131.0.6778.265, setWindowRect: true, strictFileInteractability: false, timeouts: {implicit: 0, pageLoad: 300000, script: 30000}, unhandledPromptBehavior: dismiss and notify, webauthn:extension:credBlob: true, webauthn:extension:largeBlob: true, webauthn:extension:minPinLength: true, webauthn:extension:prf: true, webauthn:virtualAuthenticators: true}
Element: [[ChromeDriver: chrome on windows (e60f4109615eccbe7958d938eb20b145)] -> xpath: //common-button[@btnclass='btn btn--primary-light-dashed']//button[@type='button']]
Session ID: e60f4109615eccbe7958d938eb20b145
	at java.base/jdk.internal.reflect.DirectConstructorHandleAccessor.newInstance(DirectConstructorHandleAccessor.java:62)
	at java.base/java.lang.reflect.Constructor.newInstanceWithCaller(Constructor.java:502)
	at java.base/java.lang.reflect.Constructor.newInstance(Constructor.java:486)
	at org.openqa.selenium.remote.ErrorCodec.decode(ErrorCodec.java:167)
	at org.openqa.selenium.remote.codec.w3c.W3CHttpResponseCodec.decode(W3CHttpResponseCodec.java:138)
	at org.openqa.selenium.remote.codec.w3c.W3CHttpResponseCodec.decode(W3CHttpResponseCodec.java:50)
	at org.openqa.selenium.remote.HttpCommandExecutor.execute(HttpCommandExecutor.java:190)
	at org.openqa.selenium.remote.service.DriverCommandExecutor.invokeExecute(DriverCommandExecutor.java:216)
	at org.openqa.selenium.remote.service.DriverCommandExecutor.execute(DriverCommandExecutor.java:174)
	at org.openqa.selenium.remote.RemoteWebDriver.execute(RemoteWebDriver.java:545)
	at org.openqa.selenium.remote.RemoteWebElement.execute(RemoteWebElement.java:223)
	at org.openqa.selenium.remote.RemoteWebElement.click(RemoteWebElement.java:76)
	at java.base/jdk.internal.reflect.DirectMethodHandleAccessor.invoke(DirectMethodHandleAccessor.java:103)
	at java.base/java.lang.reflect.Method.invoke(Method.java:580)
	at org.openqa.selenium.support.pagefactory.internal.LocatingElementHandler.invoke(LocatingElementHandler.java:51)
	at jdk.proxy2/jdk.proxy2.$Proxy14.click(Unknown Source)
	at lt.insoft.uztis.pages.ApplicationFormsPage.clickButtonPlus(ApplicationFormsPage.java:185)
	at lt.insoft.uztis.tests.ApplicationFormsPageTest.testCreateNewPvkApplication(ApplicationFormsPageTest.java:387)
	at java.base/jdk.internal.reflect.DirectMethodHandleAccessor.invoke(DirectMethodHandleAccessor.java:103)
	at java.base/java.lang.reflect.Method.invoke(Method.java:580)
	at org.junit.platform.commons.util.ReflectionUtils.invokeMethod(ReflectionUtils.java:728)
	at org.junit.jupiter.engine.execution.MethodInvocation.proceed(MethodInvocation.java:60)
	at org.junit.jupiter.engine.execution.InvocationInterceptorChain$ValidatingInvocation.proceed(InvocationInterceptorChain.java:131)
	at org.junit.jupiter.engine.extension.TimeoutExtension.intercept(TimeoutExtension.java:156)
	at org.junit.jupiter.engine.extension.TimeoutExtension.interceptTestableMethod(TimeoutExtension.java:147)
	at org.junit.jupiter.engine.extension.TimeoutExtension.interceptTestMethod(TimeoutExtension.java:86)
	at org.junit.jupiter.engine.execution.InterceptingExecutableInvoker$ReflectiveInterceptorCall.lambda$ofVoidMethod$0(InterceptingExecutableInvoker.java:103)
	at org.junit.jupiter.engine.execution.InterceptingExecutableInvoker.lambda$invoke$0(InterceptingExecutableInvoker.java:93)
	at org.junit.jupiter.engine.execution.InvocationInterceptorChain$InterceptedInvocation.proceed(InvocationInterceptorChain.java:106)
	at org.junit.jupiter.engine.execution.InvocationInterceptorChain.proceed(InvocationInterceptorChain.java:64)
	at org.junit.jupiter.engine.execution.InvocationInterceptorChain.chainAndInvoke(InvocationInterceptorChain.java:45)
	at org.junit.jupiter.engine.execution.InvocationInterceptorChain.invoke(InvocationInterceptorChain.java:37)
	at org.junit.jupiter.engine.execution.InterceptingExecutableInvoker.invoke(InterceptingExecutableInvoker.java:92)
	at org.junit.jupiter.engine.execution.InterceptingExecutableInvoker.invoke(InterceptingExecutableInvoker.java:86)
	at org.junit.jupiter.engine.descriptor.TestMethodTestDescriptor.lambda$invokeTestMethod$7(TestMethodTestDescriptor.java:218)
	at org.junit.platform.engine.support.hierarchical.ThrowableCollector.execute(ThrowableCollector.java:73)
	at org.junit.jupiter.engine.descriptor.TestMethodTestDescriptor.invokeTestMethod(TestMethodTestDescriptor.java:214)
	at org.junit.jupiter.engine.descriptor.TestMethodTestDescriptor.execute(TestMethodTestDescriptor.java:139)
	at org.junit.jupiter.engine.descriptor.TestMethodTestDescriptor.execute(TestMethodTestDescriptor.java:69)
	at org.junit.platform.engine.support.hierarchical.NodeTestTask.lambda$executeRecursively$6(NodeTestTask.java:151)
	at org.junit.platform.engine.support.hierarchical.ThrowableCollector.execute(ThrowableCollector.java:73)
	at org.junit.platform.engine.support.hierarchical.NodeTestTask.lambda$executeRecursively$8(NodeTestTask.java:141)
	at org.junit.platform.engine.support.hierarchical.Node.around(Node.java:137)
	at org.junit.platform.engine.support.hierarchical.NodeTestTask.lambda$executeRecursively$9(NodeTestTask.java:139)
	at org.junit.platform.engine.support.hierarchical.ThrowableCollector.execute(ThrowableCollector.java:73)
	at org.junit.platform.engine.support.hierarchical.NodeTestTask.executeRecursively(NodeTestTask.java:138)
	at org.junit.platform.engine.support.hierarchical.NodeTestTask.execute(NodeTestTask.java:95)
	at java.base/java.util.ArrayList.forEach(ArrayList.java:1596)
	at org.junit.platform.engine.support.hierarchical.SameThreadHierarchicalTestExecutorService.invokeAll(SameThreadHierarchicalTestExecutorService.java:41)
	at org.junit.platform.engine.support.hierarchical.NodeTestTask.lambda$executeRecursively$6(NodeTestTask.java:155)
	at org.junit.platform.engine.support.hierarchical.ThrowableCollector.execute(ThrowableCollector.java:73)
	at org.junit.platform.engine.support.hierarchical.NodeTestTask.lambda$executeRecursively$8(NodeTestTask.java:141)
	at org.junit.platform.engine.support.hierarchical.Node.around(Node.java:137)
	at org.junit.platform.engine.support.hierarchical.NodeTestTask.lambda$executeRecursively$9(NodeTestTask.java:139)
	at org.junit.platform.engine.support.hierarchical.ThrowableCollector.execute(ThrowableCollector.java:73)
	at org.junit.platform.engine.support.hierarchical.NodeTestTask.executeRecursively(NodeTestTask.java:138)
	at org.junit.platform.engine.support.hierarchical.NodeTestTask.execute(NodeTestTask.java:95)
	at java.base/java.util.ArrayList.forEach(ArrayList.java:1596)
	at org.junit.platform.engine.support.hierarchical.SameThreadHierarchicalTestExecutorService.invokeAll(SameThreadHierarchicalTestExecutorService.java:41)
	at org.junit.platform.engine.support.hierarchical.NodeTestTask.lambda$executeRecursively$6(NodeTestTask.java:155)
	at org.junit.platform.engine.support.hierarchical.ThrowableCollector.execute(ThrowableCollector.java:73)
	at org.junit.platform.engine.support.hierarchical.NodeTestTask.lambda$executeRecursively$8(NodeTestTask.java:141)
	at org.junit.platform.engine.support.hierarchical.Node.around(Node.java:137)
	at org.junit.platform.engine.support.hierarchical.NodeTestTask.lambda$executeRecursively$9(NodeTestTask.java:139)
	at org.junit.platform.engine.support.hierarchical.ThrowableCollector.execute(ThrowableCollector.java:73)
	at org.junit.platform.engine.support.hierarchical.NodeTestTask.executeRecursively(NodeTestTask.java:138)
	at org.junit.platform.engine.support.hierarchical.NodeTestTask.execute(NodeTestTask.java:95)
	at org.junit.platform.engine.support.hierarchical.SameThreadHierarchicalTestExecutorService.submit(SameThreadHierarchicalTestExecutorService.java:35)
	at org.junit.platform.engine.support.hierarchical.HierarchicalTestExecutor.execute(HierarchicalTestExecutor.java:57)
	at org.junit.platform.engine.support.hierarchical.HierarchicalTestEngine.execute(HierarchicalTestEngine.java:54)
	at org.junit.platform.launcher.core.EngineExecutionOrchestrator.execute(EngineExecutionOrchestrator.java:198)
	at org.junit.platform.launcher.core.EngineExecutionOrchestrator.execute(EngineExecutionOrchestrator.java:169)
	at org.junit.platform.launcher.core.EngineExecutionOrchestrator.execute(EngineExecutionOrchestrator.java:93)
	at org.junit.platform.launcher.core.EngineExecutionOrchestrator.lambda$execute$0(EngineExecutionOrchestrator.java:58)
	at org.junit.platform.launcher.core.EngineExecutionOrchestrator.withInterceptedStreams(EngineExecutionOrchestrator.java:141)
	at org.junit.platform.launcher.core.EngineExecutionOrchestrator.execute(EngineExecutionOrchestrator.java:57)
	at org.junit.platform.launcher.core.DefaultLauncher.execute(DefaultLauncher.java:103)
	at org.junit.platform.launcher.core.DefaultLauncher.execute(DefaultLauncher.java:85)
	at org.junit.platform.launcher.core.DelegatingLauncher.execute(DelegatingLauncher.java:47)
	at org.junit.platform.launcher.core.SessionPerRequestLauncher.execute(SessionPerRequestLauncher.java:63)
	at com.intellij.junit5.JUnit5IdeaTestRunner.startRunnerWithArgs(JUnit5IdeaTestRunner.java:57)
	at com.intellij.rt.junit.IdeaTestRunner$Repeater$1.execute(IdeaTestRunner.java:38)
	at com.intellij.rt.execution.junit.TestsRepeater.repeat(TestsRepeater.java:11)
	at com.intellij.rt.junit.IdeaTestRunner$Repeater.startRunnerWithArgs(IdeaTestRunner.java:35)
	at com.intellij.rt.junit.JUnitStarter.prepareStreamsAndStart(JUnitStarter.java:232)
	at com.intellij.rt.junit.JUnitStarter.main(JUnitStarter.java:55)
2025-01-20 09:42:04 [main] INFO  l.insoft.uztis.tests.utils.TestUtils - Screenshot moved to C:\Users\ingrida.zadorozniene\Desktop\Asm\UZTIS\UZTIS_tests\test-output\screenshots\20250120\094204898_testCreateNewPvkApplication().png
2025-01-20 09:46:04 [main] INFO  lt.insoft.uztis.tests.UztisPageTest - Navigated to https://uztisdev.asseco.lt/home
2025-01-20 09:46:04 [main] INFO  l.i.uztis.tests.InvitationsPageTest - Starting test:'testCreateNewPvkInvitation'
2025-01-20 09:46:05 [main] DEBUG l.i.uztis.tests.InvitationsPageTest - User logged in with test credentials
2025-01-20 09:46:05 [main] DEBUG l.i.uztis.tests.InvitationsPageTest - Opened 'Application Processing' menu.
2025-01-20 09:46:05 [main] DEBUG l.i.uztis.tests.InvitationsPageTest - Clicked on 'Application Forms' menu.
2025-01-20 09:46:05 [main] DEBUG l.i.uztis.tests.InvitationsPageTest - Navigating to application forms menu.
2025-01-20 09:46:06 [main] DEBUG l.i.uztis.tests.InvitationsPageTest - Retrieved last description code text: 'TST-PVK-00'.
2025-01-20 09:46:06 [main] DEBUG l.i.uztis.tests.InvitationsPageTest - Clicked on 'Invitation' menu.
2025-01-20 09:46:06 [main] DEBUG l.i.uztis.tests.InvitationsPageTest - Clicked 'Create New Application Form'.
2025-01-20 09:46:06 [main] DEBUG l.i.uztis.tests.InvitationsPageTest - Selected section by code: 'TST-PVK-00'.
2025-01-20 09:46:07 [main] DEBUG l.i.uztis.tests.InvitationsPageTest - Selected invitation number from the list.
2025-01-20 09:46:07 [main] DEBUG l.i.uztis.tests.InvitationsPageTest - Entered current date.
2025-01-20 09:46:08 [main] DEBUG l.i.uztis.tests.InvitationsPageTest - Entered start time: 00:00.
2025-01-20 09:46:08 [main] DEBUG l.i.uztis.tests.InvitationsPageTest - Entered end date.
2025-01-20 09:46:08 [main] DEBUG l.i.uztis.tests.InvitationsPageTest - Entered end time: 11:11.
2025-01-20 09:46:08 [main] DEBUG l.i.uztis.tests.InvitationsPageTest - Entered publication end date.
2025-01-20 09:46:09 [main] DEBUG l.i.uztis.tests.InvitationsPageTest - Added additional values.
2025-01-20 09:46:09 [main] INFO  l.insoft.uztis.pages.InvitationsPage - Located the dropdown button.
2025-01-20 09:46:09 [main] DEBUG l.i.uztis.tests.InvitationsPageTest - Selected the value: 'Didžiausia galima paramos suma aplinkos darbo vietai, Eur'
2025-01-20 09:46:09 [main] INFO  l.insoft.uztis.pages.InvitationsPage - Located the dropdown button.
2025-01-20 09:46:09 [main] DEBUG l.i.uztis.tests.InvitationsPageTest - Selected the value: 'Didžiausia galima paramos suma, Eur'
2025-01-20 09:46:09 [main] INFO  l.insoft.uztis.pages.InvitationsPage - Located the dropdown button.
2025-01-20 09:46:10 [main] DEBUG l.i.uztis.tests.InvitationsPageTest - Selected the value: 'Didžiausia galima paramos suma vienai darbo vietai, Eur'
2025-01-20 09:46:10 [main] DEBUG l.i.uztis.tests.InvitationsPageTest - Entered value: 11000
2025-01-20 09:46:10 [main] DEBUG l.i.uztis.tests.InvitationsPageTest - Entered value: 12000
2025-01-20 09:46:10 [main] DEBUG l.i.uztis.tests.InvitationsPageTest - Entered value: 13000
2025-01-20 09:46:10 [main] DEBUG l.i.uztis.tests.InvitationsPageTest - Checked 'Legal Entities' checkbox.
2025-01-20 09:46:10 [main] DEBUG l.i.uztis.tests.InvitationsPageTest - Unchecked 'Persons Registered with Employment Service' checkbox.
2025-01-20 09:46:10 [main] DEBUG l.i.uztis.tests.InvitationsPageTest - Checked 'Persons Registered as Employers' checkbox.
2025-01-20 09:46:11 [main] DEBUG l.i.uztis.tests.InvitationsPageTest - Entered second evaluation grade: '5'.
2025-01-20 09:46:11 [main] DEBUG l.i.uztis.tests.InvitationsPageTest - Entered third evaluation grade: '6'.
2025-01-20 09:46:11 [main] DEBUG l.i.uztis.tests.InvitationsPageTest - Entered second evaluation grade weight: '0,45'.
2025-01-20 09:46:11 [main] DEBUG l.i.uztis.tests.InvitationsPageTest - Entered third evaluation grade weight: '0,55'.
2025-01-20 09:46:11 [main] DEBUG l.i.uztis.tests.InvitationsPageTest - Entered budget: '2000'.
2025-01-20 09:46:11 [main] DEBUG l.i.uztis.tests.InvitationsPageTest - Entered budget: '2000'.
2025-01-20 09:46:11 [main] DEBUG l.i.uztis.tests.InvitationsPageTest - Entered budget: '2000'.
2025-01-20 09:46:11 [main] DEBUG l.i.uztis.tests.InvitationsPageTest - Entered budget: '2000'.
2025-01-20 09:46:21 [main] ERROR l.i.uztis.tests.InvitationsPageTest - Test 'testCreateNewPvkInvitation' failed with error: no such element: Unable to locate element: {"method":"xpath","selector":"(//common-decimal-input//input)[18]"}
  (Session info: chrome=131.0.6778.265)
For documentation on this error, please visit: https://www.selenium.dev/documentation/webdriver/troubleshooting/errors#no-such-element-exception
Build info: version: '4.27.0', revision: 'd6e718d134'
System info: os.name: 'Windows 11', os.arch: 'amd64', os.version: '10.0', java.version: '21.0.3'
Driver info: org.openqa.selenium.chrome.ChromeDriver
Command: [deabeb11527702ff3e2986c921a1cf1c, findElement {using=xpath, value=(//common-decimal-input//input)[18]}]
Capabilities {acceptInsecureCerts: false, browserName: chrome, browserVersion: 131.0.6778.265, chrome: {chromedriverVersion: 131.0.6778.264 (2d05e315153..., userDataDir: C:\Users\INGRID~1.ZAD\AppDa...}, fedcm:accounts: true, goog:chromeOptions: {debuggerAddress: localhost:49161}, networkConnectionEnabled: false, pageLoadStrategy: normal, platformName: windows, proxy: Proxy(), se:cdp: ws://localhost:49161/devtoo..., se:cdpVersion: 131.0.6778.265, setWindowRect: true, strictFileInteractability: false, timeouts: {implicit: 0, pageLoad: 300000, script: 30000}, unhandledPromptBehavior: dismiss and notify, webauthn:extension:credBlob: true, webauthn:extension:largeBlob: true, webauthn:extension:minPinLength: true, webauthn:extension:prf: true, webauthn:virtualAuthenticators: true}
Session ID: deabeb11527702ff3e2986c921a1cf1c
org.openqa.selenium.NoSuchElementException: no such element: Unable to locate element: {"method":"xpath","selector":"(//common-decimal-input//input)[18]"}
  (Session info: chrome=131.0.6778.265)
For documentation on this error, please visit: https://www.selenium.dev/documentation/webdriver/troubleshooting/errors#no-such-element-exception
Build info: version: '4.27.0', revision: 'd6e718d134'
System info: os.name: 'Windows 11', os.arch: 'amd64', os.version: '10.0', java.version: '21.0.3'
Driver info: org.openqa.selenium.chrome.ChromeDriver
Command: [deabeb11527702ff3e2986c921a1cf1c, findElement {using=xpath, value=(//common-decimal-input//input)[18]}]
Capabilities {acceptInsecureCerts: false, browserName: chrome, browserVersion: 131.0.6778.265, chrome: {chromedriverVersion: 131.0.6778.264 (2d05e315153..., userDataDir: C:\Users\INGRID~1.ZAD\AppDa...}, fedcm:accounts: true, goog:chromeOptions: {debuggerAddress: localhost:49161}, networkConnectionEnabled: false, pageLoadStrategy: normal, platformName: windows, proxy: Proxy(), se:cdp: ws://localhost:49161/devtoo..., se:cdpVersion: 131.0.6778.265, setWindowRect: true, strictFileInteractability: false, timeouts: {implicit: 0, pageLoad: 300000, script: 30000}, unhandledPromptBehavior: dismiss and notify, webauthn:extension:credBlob: true, webauthn:extension:largeBlob: true, webauthn:extension:minPinLength: true, webauthn:extension:prf: true, webauthn:virtualAuthenticators: true}
Session ID: deabeb11527702ff3e2986c921a1cf1c
	at java.base/jdk.internal.reflect.DirectConstructorHandleAccessor.newInstance(DirectConstructorHandleAccessor.java:62)
	at java.base/java.lang.reflect.Constructor.newInstanceWithCaller(Constructor.java:502)
	at java.base/java.lang.reflect.Constructor.newInstance(Constructor.java:486)
	at org.openqa.selenium.remote.ErrorCodec.decode(ErrorCodec.java:167)
	at org.openqa.selenium.remote.codec.w3c.W3CHttpResponseCodec.decode(W3CHttpResponseCodec.java:138)
	at org.openqa.selenium.remote.codec.w3c.W3CHttpResponseCodec.decode(W3CHttpResponseCodec.java:50)
	at org.openqa.selenium.remote.HttpCommandExecutor.execute(HttpCommandExecutor.java:190)
	at org.openqa.selenium.remote.service.DriverCommandExecutor.invokeExecute(DriverCommandExecutor.java:216)
	at org.openqa.selenium.remote.service.DriverCommandExecutor.execute(DriverCommandExecutor.java:174)
	at org.openqa.selenium.remote.RemoteWebDriver.execute(RemoteWebDriver.java:545)
	at org.openqa.selenium.remote.ElementLocation$ElementFinder$2.findElement(ElementLocation.java:165)
	at org.openqa.selenium.remote.ElementLocation.findElement(ElementLocation.java:59)
	at org.openqa.selenium.remote.RemoteWebDriver.findElement(RemoteWebDriver.java:368)
	at org.openqa.selenium.remote.RemoteWebDriver.findElement(RemoteWebDriver.java:362)
	at org.openqa.selenium.support.pagefactory.DefaultElementLocator.findElement(DefaultElementLocator.java:68)
	at org.openqa.selenium.support.pagefactory.internal.LocatingElementHandler.invoke(LocatingElementHandler.java:38)
	at jdk.proxy2/jdk.proxy2.$Proxy14.sendKeys(Unknown Source)
	at lt.insoft.uztis.pages.InvitationsPage.enterBudgetVilnius(InvitationsPage.java:500)
	at lt.insoft.uztis.tests.InvitationsPageTest.testCreateNewPvkInvitation(InvitationsPageTest.java:697)
	at java.base/jdk.internal.reflect.DirectMethodHandleAccessor.invoke(DirectMethodHandleAccessor.java:103)
	at java.base/java.lang.reflect.Method.invoke(Method.java:580)
	at org.junit.platform.commons.util.ReflectionUtils.invokeMethod(ReflectionUtils.java:728)
	at org.junit.jupiter.engine.execution.MethodInvocation.proceed(MethodInvocation.java:60)
	at org.junit.jupiter.engine.execution.InvocationInterceptorChain$ValidatingInvocation.proceed(InvocationInterceptorChain.java:131)
	at org.junit.jupiter.engine.extension.TimeoutExtension.intercept(TimeoutExtension.java:156)
	at org.junit.jupiter.engine.extension.TimeoutExtension.interceptTestableMethod(TimeoutExtension.java:147)
	at org.junit.jupiter.engine.extension.TimeoutExtension.interceptTestMethod(TimeoutExtension.java:86)
	at org.junit.jupiter.engine.execution.InterceptingExecutableInvoker$ReflectiveInterceptorCall.lambda$ofVoidMethod$0(InterceptingExecutableInvoker.java:103)
	at org.junit.jupiter.engine.execution.InterceptingExecutableInvoker.lambda$invoke$0(InterceptingExecutableInvoker.java:93)
	at org.junit.jupiter.engine.execution.InvocationInterceptorChain$InterceptedInvocation.proceed(InvocationInterceptorChain.java:106)
	at org.junit.jupiter.engine.execution.InvocationInterceptorChain.proceed(InvocationInterceptorChain.java:64)
	at org.junit.jupiter.engine.execution.InvocationInterceptorChain.chainAndInvoke(InvocationInterceptorChain.java:45)
	at org.junit.jupiter.engine.execution.InvocationInterceptorChain.invoke(InvocationInterceptorChain.java:37)
	at org.junit.jupiter.engine.execution.InterceptingExecutableInvoker.invoke(InterceptingExecutableInvoker.java:92)
	at org.junit.jupiter.engine.execution.InterceptingExecutableInvoker.invoke(InterceptingExecutableInvoker.java:86)
	at org.junit.jupiter.engine.descriptor.TestMethodTestDescriptor.lambda$invokeTestMethod$7(TestMethodTestDescriptor.java:218)
	at org.junit.platform.engine.support.hierarchical.ThrowableCollector.execute(ThrowableCollector.java:73)
	at org.junit.jupiter.engine.descriptor.TestMethodTestDescriptor.invokeTestMethod(TestMethodTestDescriptor.java:214)
	at org.junit.jupiter.engine.descriptor.TestMethodTestDescriptor.execute(TestMethodTestDescriptor.java:139)
	at org.junit.jupiter.engine.descriptor.TestMethodTestDescriptor.execute(TestMethodTestDescriptor.java:69)
	at org.junit.platform.engine.support.hierarchical.NodeTestTask.lambda$executeRecursively$6(NodeTestTask.java:151)
	at org.junit.platform.engine.support.hierarchical.ThrowableCollector.execute(ThrowableCollector.java:73)
	at org.junit.platform.engine.support.hierarchical.NodeTestTask.lambda$executeRecursively$8(NodeTestTask.java:141)
	at org.junit.platform.engine.support.hierarchical.Node.around(Node.java:137)
	at org.junit.platform.engine.support.hierarchical.NodeTestTask.lambda$executeRecursively$9(NodeTestTask.java:139)
	at org.junit.platform.engine.support.hierarchical.ThrowableCollector.execute(ThrowableCollector.java:73)
	at org.junit.platform.engine.support.hierarchical.NodeTestTask.executeRecursively(NodeTestTask.java:138)
	at org.junit.platform.engine.support.hierarchical.NodeTestTask.execute(NodeTestTask.java:95)
	at java.base/java.util.ArrayList.forEach(ArrayList.java:1596)
	at org.junit.platform.engine.support.hierarchical.SameThreadHierarchicalTestExecutorService.invokeAll(SameThreadHierarchicalTestExecutorService.java:41)
	at org.junit.platform.engine.support.hierarchical.NodeTestTask.lambda$executeRecursively$6(NodeTestTask.java:155)
	at org.junit.platform.engine.support.hierarchical.ThrowableCollector.execute(ThrowableCollector.java:73)
	at org.junit.platform.engine.support.hierarchical.NodeTestTask.lambda$executeRecursively$8(NodeTestTask.java:141)
	at org.junit.platform.engine.support.hierarchical.Node.around(Node.java:137)
	at org.junit.platform.engine.support.hierarchical.NodeTestTask.lambda$executeRecursively$9(NodeTestTask.java:139)
	at org.junit.platform.engine.support.hierarchical.ThrowableCollector.execute(ThrowableCollector.java:73)
	at org.junit.platform.engine.support.hierarchical.NodeTestTask.executeRecursively(NodeTestTask.java:138)
	at org.junit.platform.engine.support.hierarchical.NodeTestTask.execute(NodeTestTask.java:95)
	at java.base/java.util.ArrayList.forEach(ArrayList.java:1596)
	at org.junit.platform.engine.support.hierarchical.SameThreadHierarchicalTestExecutorService.invokeAll(SameThreadHierarchicalTestExecutorService.java:41)
	at org.junit.platform.engine.support.hierarchical.NodeTestTask.lambda$executeRecursively$6(NodeTestTask.java:155)
	at org.junit.platform.engine.support.hierarchical.ThrowableCollector.execute(ThrowableCollector.java:73)
	at org.junit.platform.engine.support.hierarchical.NodeTestTask.lambda$executeRecursively$8(NodeTestTask.java:141)
	at org.junit.platform.engine.support.hierarchical.Node.around(Node.java:137)
	at org.junit.platform.engine.support.hierarchical.NodeTestTask.lambda$executeRecursively$9(NodeTestTask.java:139)
	at org.junit.platform.engine.support.hierarchical.ThrowableCollector.execute(ThrowableCollector.java:73)
	at org.junit.platform.engine.support.hierarchical.NodeTestTask.executeRecursively(NodeTestTask.java:138)
	at org.junit.platform.engine.support.hierarchical.NodeTestTask.execute(NodeTestTask.java:95)
	at org.junit.platform.engine.support.hierarchical.SameThreadHierarchicalTestExecutorService.submit(SameThreadHierarchicalTestExecutorService.java:35)
	at org.junit.platform.engine.support.hierarchical.HierarchicalTestExecutor.execute(HierarchicalTestExecutor.java:57)
	at org.junit.platform.engine.support.hierarchical.HierarchicalTestEngine.execute(HierarchicalTestEngine.java:54)
	at org.junit.platform.launcher.core.EngineExecutionOrchestrator.execute(EngineExecutionOrchestrator.java:198)
	at org.junit.platform.launcher.core.EngineExecutionOrchestrator.execute(EngineExecutionOrchestrator.java:169)
	at org.junit.platform.launcher.core.EngineExecutionOrchestrator.execute(EngineExecutionOrchestrator.java:93)
	at org.junit.platform.launcher.core.EngineExecutionOrchestrator.lambda$execute$0(EngineExecutionOrchestrator.java:58)
	at org.junit.platform.launcher.core.EngineExecutionOrchestrator.withInterceptedStreams(EngineExecutionOrchestrator.java:141)
	at org.junit.platform.launcher.core.EngineExecutionOrchestrator.execute(EngineExecutionOrchestrator.java:57)
	at org.junit.platform.launcher.core.DefaultLauncher.execute(DefaultLauncher.java:103)
	at org.junit.platform.launcher.core.DefaultLauncher.execute(DefaultLauncher.java:85)
	at org.junit.platform.launcher.core.DelegatingLauncher.execute(DelegatingLauncher.java:47)
	at org.junit.platform.launcher.core.SessionPerRequestLauncher.execute(SessionPerRequestLauncher.java:63)
	at com.intellij.junit5.JUnit5IdeaTestRunner.startRunnerWithArgs(JUnit5IdeaTestRunner.java:57)
	at com.intellij.rt.junit.IdeaTestRunner$Repeater$1.execute(IdeaTestRunner.java:38)
	at com.intellij.rt.execution.junit.TestsRepeater.repeat(TestsRepeater.java:11)
	at com.intellij.rt.junit.IdeaTestRunner$Repeater.startRunnerWithArgs(IdeaTestRunner.java:35)
	at com.intellij.rt.junit.JUnitStarter.prepareStreamsAndStart(JUnitStarter.java:232)
	at com.intellij.rt.junit.JUnitStarter.main(JUnitStarter.java:55)
2025-01-20 09:46:22 [main] INFO  l.insoft.uztis.tests.utils.TestUtils - Screenshot moved to C:\Users\ingrida.zadorozniene\Desktop\Asm\UZTIS\UZTIS_tests\test-output\screenshots\20250120\094622011_testCreateNewPvkInvitation().png
2025-01-20 09:47:25 [main] INFO  lt.insoft.uztis.tests.UztisPageTest - Navigated to https://uztisdev.asseco.lt/home
2025-01-20 09:47:25 [main] INFO  l.i.uztis.tests.InvitationsPageTest - Starting test:'testInsertVuiStatisticInformation'
2025-01-20 09:47:29 [main] DEBUG l.i.uztis.tests.InvitationsPageTest - User logged in with test credentials
2025-01-20 09:47:29 [main] DEBUG l.i.uztis.tests.InvitationsPageTest - Opened 'Application Processing' menu.
2025-01-20 09:47:29 [main] DEBUG l.i.uztis.tests.InvitationsPageTest - Clicked on 'Application Forms' menu.
2025-01-20 09:47:29 [main] DEBUG l.i.uztis.tests.InvitationsPageTest - Navigating to invitation forms menu.
2025-01-20 09:47:29 [main] DEBUG l.i.uztis.tests.InvitationsPageTest - Retrieved last description code text: 'TST-PVK-00'.
2025-01-20 09:47:29 [main] DEBUG l.i.uztis.tests.InvitationsPageTest - Clicked on 'Invitation' menu.
2025-01-20 09:47:30 [main] DEBUG l.i.uztis.tests.InvitationsPageTest - Selected section by code: 'TST-PVK-00'.
2025-01-20 09:47:30 [main] DEBUG l.i.uztis.tests.InvitationsPageTest - Clicked 'Search'.
2025-01-20 09:47:30 [main] DEBUG l.i.uztis.tests.InvitationsPageTest - Getting and inserting application code text.
2025-01-20 09:47:30 [main] DEBUG l.i.uztis.tests.InvitationsPageTest - Clicked 'Publishing'.
2025-01-20 09:47:31 [main] DEBUG l.i.uztis.tests.InvitationsPageTest - Clicked 'Statistic Information' tab.
2025-01-20 09:47:31 [main] DEBUG l.i.uztis.tests.InvitationsPageTest - Clicked 'Edit' button.
2025-01-20 09:47:31 [main] DEBUG l.i.uztis.tests.InvitationsPageTest - Entered current date.
2025-01-20 09:47:31 [main] DEBUG l.i.uztis.tests.InvitationsPageTest - Entered value: 8.7
2025-01-20 09:47:31 [main] DEBUG l.i.uztis.tests.InvitationsPageTest - Entered average salary: 2237.9
2025-01-20 09:47:31 [main] DEBUG l.i.uztis.tests.InvitationsPageTest - File uploaded.
2025-01-20 09:47:31 [main] DEBUG l.i.uztis.tests.InvitationsPageTest - Clicked 'Save' button.
2025-01-20 09:47:32 [main] DEBUG l.i.uztis.tests.InvitationsPageTest - Verified success message: 'Funkcija sėkmingai atlikta.'
2025-01-20 09:47:32 [main] INFO  l.i.uztis.tests.InvitationsPageTest - Test 'testInsertVuiStatisticInformation' completed successfully.
2025-01-20 09:48:02 [main] INFO  lt.insoft.uztis.tests.UztisPageTest - Navigated to https://uztisdev.asseco.lt/home
2025-01-20 09:48:02 [main] INFO  l.i.uztis.tests.InvitationsPageTest - Starting test:'testCreateNewVuiInvitationDraft'
2025-01-20 09:48:07 [main] DEBUG l.i.uztis.tests.InvitationsPageTest - User logged in with test credentials
2025-01-20 09:48:07 [main] DEBUG l.i.uztis.tests.InvitationsPageTest - Opened 'Application Processing' menu.
2025-01-20 09:48:07 [main] DEBUG l.i.uztis.tests.InvitationsPageTest - Clicked on 'Application Forms' menu.
2025-01-20 09:48:07 [main] DEBUG l.i.uztis.tests.InvitationsPageTest - Navigating to application forms menu.
2025-01-20 09:48:07 [main] DEBUG l.i.uztis.tests.InvitationsPageTest - Retrieved last description code text: 'TST-VUI-22'.
2025-01-20 09:48:08 [main] DEBUG l.i.uztis.tests.InvitationsPageTest - Clicked on 'Invitation' menu.
2025-01-20 09:48:08 [main] DEBUG l.i.uztis.tests.InvitationsPageTest - Clicked 'Create New Application Form'.
2025-01-20 09:48:08 [main] DEBUG l.i.uztis.tests.InvitationsPageTest - Selected section by code: 'TST-VUI-22'.
2025-01-20 09:48:09 [main] DEBUG l.i.uztis.tests.InvitationsPageTest - Selected invitation number from the list.
2025-01-20 09:48:09 [main] DEBUG l.i.uztis.tests.InvitationsPageTest - Entered current date.
2025-01-20 09:48:10 [main] DEBUG l.i.uztis.tests.InvitationsPageTest - Entered start time: 00:00.
2025-01-20 09:48:10 [main] DEBUG l.i.uztis.tests.InvitationsPageTest - Entered end date.
2025-01-20 09:48:10 [main] DEBUG l.i.uztis.tests.InvitationsPageTest - Entered end time: 11:11.
2025-01-20 09:48:10 [main] DEBUG l.i.uztis.tests.InvitationsPageTest - Draft saved.
2025-01-20 09:48:10 [main] DEBUG l.i.uztis.tests.InvitationsPageTest - Verified success message: 'Duomenys sėkmingai išsaugoti.'
2025-01-20 09:48:10 [main] INFO  l.i.uztis.tests.InvitationsPageTest - Test 'testCreateNewVuiInvitationDraft' completed successfully.
2025-01-20 09:48:57 [main] INFO  lt.insoft.uztis.tests.UztisPageTest - Navigated to https://uztisdev.asseco.lt/home
2025-01-20 09:48:57 [main] INFO  l.i.uztis.tests.InvitationsPageTest - Starting test:'testEditAndPublishVuiInvitationDraft'
2025-01-20 09:48:59 [main] DEBUG l.i.uztis.tests.InvitationsPageTest - User logged in with test credentials
2025-01-20 09:48:59 [main] DEBUG l.i.uztis.tests.InvitationsPageTest - Opened 'Application Processing' menu.
2025-01-20 09:48:59 [main] DEBUG l.i.uztis.tests.InvitationsPageTest - Clicked on 'Application Forms' menu.
2025-01-20 09:48:59 [main] DEBUG l.i.uztis.tests.InvitationsPageTest - Navigating to application forms menu.
2025-01-20 09:48:59 [main] DEBUG l.i.uztis.tests.InvitationsPageTest - Retrieved last description code text: 'TST-VUI-22'.
2025-01-20 09:48:59 [main] DEBUG l.i.uztis.tests.InvitationsPageTest - Clicked on 'Invitation' menu.
2025-01-20 09:49:00 [main] DEBUG l.i.uztis.tests.InvitationsPageTest - Selected section by code: 'TST-VUI-22'.
2025-01-20 09:49:00 [main] DEBUG l.i.uztis.tests.InvitationsPageTest - Clicked 'Search'.
2025-01-20 09:49:00 [main] DEBUG l.i.uztis.tests.InvitationsPageTest - Getting and inserting application code text.
2025-01-20 09:49:00 [main] DEBUG l.i.uztis.tests.InvitationsPageTest - Clicked 'InvitationDraft'.
2025-01-20 09:49:01 [main] DEBUG l.i.uztis.tests.InvitationsPageTest - Clicked 'Edit'.
2025-01-20 09:49:01 [main] DEBUG l.i.uztis.tests.InvitationsPageTest - Entered publication end date.
2025-01-20 09:49:02 [main] DEBUG l.i.uztis.tests.InvitationsPageTest - Added additional values.
2025-01-20 09:49:02 [main] INFO  l.insoft.uztis.pages.InvitationsPage - Located the dropdown button.
2025-01-20 09:49:02 [main] DEBUG l.i.uztis.tests.InvitationsPageTest - Selected the value: 'Didžiausia galima paramos suma aplinkos darbo vietai, Eur'
2025-01-20 09:49:02 [main] INFO  l.insoft.uztis.pages.InvitationsPage - Located the dropdown button.
2025-01-20 09:49:02 [main] DEBUG l.i.uztis.tests.InvitationsPageTest - Selected the value: 'Didžiausia galima paramos suma, Eur'
2025-01-20 09:49:02 [main] INFO  l.insoft.uztis.pages.InvitationsPage - Located the dropdown button.
2025-01-20 09:49:03 [main] DEBUG l.i.uztis.tests.InvitationsPageTest - Selected the value: 'Didžiausia galima paramos suma vienai darbo vietai, Eur'
2025-01-20 09:49:03 [main] DEBUG l.i.uztis.tests.InvitationsPageTest - Entered value: 11000
2025-01-20 09:49:03 [main] DEBUG l.i.uztis.tests.InvitationsPageTest - Entered value: 12000
2025-01-20 09:49:04 [main] DEBUG l.i.uztis.tests.InvitationsPageTest - Entered value: 13000
2025-01-20 09:49:04 [main] DEBUG l.i.uztis.tests.InvitationsPageTest - Checked 'Legal Entities' checkbox.
2025-01-20 09:49:04 [main] DEBUG l.i.uztis.tests.InvitationsPageTest - Unchecked 'Persons Registered with Employment Service' checkbox.
2025-01-20 09:49:04 [main] DEBUG l.i.uztis.tests.InvitationsPageTest - Checked 'Persons Registered as Employers' checkbox.
2025-01-20 09:49:04 [main] DEBUG l.i.uztis.tests.InvitationsPageTest - Entered second evaluation grade: '5'.
2025-01-20 09:49:04 [main] DEBUG l.i.uztis.tests.InvitationsPageTest - Entered third evaluation grade: '6'.
2025-01-20 09:49:04 [main] DEBUG l.i.uztis.tests.InvitationsPageTest - Entered second evaluation grade weight: '0,45'.
2025-01-20 09:49:04 [main] DEBUG l.i.uztis.tests.InvitationsPageTest - Entered third evaluation grade weight: '0,55'.
2025-01-20 09:49:15 [main] ERROR l.i.uztis.tests.InvitationsPageTest - Test 'testEditAndPublishVuiInvitationDraft' failed with error: no such element: Unable to locate element: {"method":"xpath","selector":"//mat-label[contains(text(), 'Biudžetas, Eur')]/ancestor::mat-form-field//common-decimal-input/input"}
  (Session info: chrome=131.0.6778.265)
For documentation on this error, please visit: https://www.selenium.dev/documentation/webdriver/troubleshooting/errors#no-such-element-exception
Build info: version: '4.27.0', revision: 'd6e718d134'
System info: os.name: 'Windows 11', os.arch: 'amd64', os.version: '10.0', java.version: '21.0.3'
Driver info: org.openqa.selenium.chrome.ChromeDriver
Command: [69def9ecb4fe22416e19034af195b187, findElement {using=xpath, value=//mat-label[contains(text(), 'Biudžetas, Eur')]/ancestor::mat-form-field//common-decimal-input/input}]
Capabilities {acceptInsecureCerts: false, browserName: chrome, browserVersion: 131.0.6778.265, chrome: {chromedriverVersion: 131.0.6778.264 (2d05e315153..., userDataDir: C:\Users\INGRID~1.ZAD\AppDa...}, fedcm:accounts: true, goog:chromeOptions: {debuggerAddress: localhost:49311}, networkConnectionEnabled: false, pageLoadStrategy: normal, platformName: windows, proxy: Proxy(), se:cdp: ws://localhost:49311/devtoo..., se:cdpVersion: 131.0.6778.265, setWindowRect: true, strictFileInteractability: false, timeouts: {implicit: 0, pageLoad: 300000, script: 30000}, unhandledPromptBehavior: dismiss and notify, webauthn:extension:credBlob: true, webauthn:extension:largeBlob: true, webauthn:extension:minPinLength: true, webauthn:extension:prf: true, webauthn:virtualAuthenticators: true}
Session ID: 69def9ecb4fe22416e19034af195b187
org.openqa.selenium.NoSuchElementException: no such element: Unable to locate element: {"method":"xpath","selector":"//mat-label[contains(text(), 'Biudžetas, Eur')]/ancestor::mat-form-field//common-decimal-input/input"}
  (Session info: chrome=131.0.6778.265)
For documentation on this error, please visit: https://www.selenium.dev/documentation/webdriver/troubleshooting/errors#no-such-element-exception
Build info: version: '4.27.0', revision: 'd6e718d134'
System info: os.name: 'Windows 11', os.arch: 'amd64', os.version: '10.0', java.version: '21.0.3'
Driver info: org.openqa.selenium.chrome.ChromeDriver
Command: [69def9ecb4fe22416e19034af195b187, findElement {using=xpath, value=//mat-label[contains(text(), 'Biudžetas, Eur')]/ancestor::mat-form-field//common-decimal-input/input}]
Capabilities {acceptInsecureCerts: false, browserName: chrome, browserVersion: 131.0.6778.265, chrome: {chromedriverVersion: 131.0.6778.264 (2d05e315153..., userDataDir: C:\Users\INGRID~1.ZAD\AppDa...}, fedcm:accounts: true, goog:chromeOptions: {debuggerAddress: localhost:49311}, networkConnectionEnabled: false, pageLoadStrategy: normal, platformName: windows, proxy: Proxy(), se:cdp: ws://localhost:49311/devtoo..., se:cdpVersion: 131.0.6778.265, setWindowRect: true, strictFileInteractability: false, timeouts: {implicit: 0, pageLoad: 300000, script: 30000}, unhandledPromptBehavior: dismiss and notify, webauthn:extension:credBlob: true, webauthn:extension:largeBlob: true, webauthn:extension:minPinLength: true, webauthn:extension:prf: true, webauthn:virtualAuthenticators: true}
Session ID: 69def9ecb4fe22416e19034af195b187
	at java.base/jdk.internal.reflect.DirectConstructorHandleAccessor.newInstance(DirectConstructorHandleAccessor.java:62)
	at java.base/java.lang.reflect.Constructor.newInstanceWithCaller(Constructor.java:502)
	at java.base/java.lang.reflect.Constructor.newInstance(Constructor.java:486)
	at org.openqa.selenium.remote.ErrorCodec.decode(ErrorCodec.java:167)
	at org.openqa.selenium.remote.codec.w3c.W3CHttpResponseCodec.decode(W3CHttpResponseCodec.java:138)
	at org.openqa.selenium.remote.codec.w3c.W3CHttpResponseCodec.decode(W3CHttpResponseCodec.java:50)
	at org.openqa.selenium.remote.HttpCommandExecutor.execute(HttpCommandExecutor.java:190)
	at org.openqa.selenium.remote.service.DriverCommandExecutor.invokeExecute(DriverCommandExecutor.java:216)
	at org.openqa.selenium.remote.service.DriverCommandExecutor.execute(DriverCommandExecutor.java:174)
	at org.openqa.selenium.remote.RemoteWebDriver.execute(RemoteWebDriver.java:545)
	at org.openqa.selenium.remote.ElementLocation$ElementFinder$2.findElement(ElementLocation.java:165)
	at org.openqa.selenium.remote.ElementLocation.findElement(ElementLocation.java:59)
	at org.openqa.selenium.remote.RemoteWebDriver.findElement(RemoteWebDriver.java:368)
	at org.openqa.selenium.remote.RemoteWebDriver.findElement(RemoteWebDriver.java:362)
	at org.openqa.selenium.support.pagefactory.DefaultElementLocator.findElement(DefaultElementLocator.java:68)
	at org.openqa.selenium.support.pagefactory.internal.LocatingElementHandler.invoke(LocatingElementHandler.java:38)
	at jdk.proxy2/jdk.proxy2.$Proxy14.sendKeys(Unknown Source)
	at lt.insoft.uztis.pages.InvitationsPage.enterBudget(InvitationsPage.java:480)
	at lt.insoft.uztis.tests.InvitationsPageTest.testEditAndPublishVuiInvitationDraft(InvitationsPageTest.java:233)
	at java.base/jdk.internal.reflect.DirectMethodHandleAccessor.invoke(DirectMethodHandleAccessor.java:103)
	at java.base/java.lang.reflect.Method.invoke(Method.java:580)
	at org.junit.platform.commons.util.ReflectionUtils.invokeMethod(ReflectionUtils.java:728)
	at org.junit.jupiter.engine.execution.MethodInvocation.proceed(MethodInvocation.java:60)
	at org.junit.jupiter.engine.execution.InvocationInterceptorChain$ValidatingInvocation.proceed(InvocationInterceptorChain.java:131)
	at org.junit.jupiter.engine.extension.TimeoutExtension.intercept(TimeoutExtension.java:156)
	at org.junit.jupiter.engine.extension.TimeoutExtension.interceptTestableMethod(TimeoutExtension.java:147)
	at org.junit.jupiter.engine.extension.TimeoutExtension.interceptTestMethod(TimeoutExtension.java:86)
	at org.junit.jupiter.engine.execution.InterceptingExecutableInvoker$ReflectiveInterceptorCall.lambda$ofVoidMethod$0(InterceptingExecutableInvoker.java:103)
	at org.junit.jupiter.engine.execution.InterceptingExecutableInvoker.lambda$invoke$0(InterceptingExecutableInvoker.java:93)
	at org.junit.jupiter.engine.execution.InvocationInterceptorChain$InterceptedInvocation.proceed(InvocationInterceptorChain.java:106)
	at org.junit.jupiter.engine.execution.InvocationInterceptorChain.proceed(InvocationInterceptorChain.java:64)
	at org.junit.jupiter.engine.execution.InvocationInterceptorChain.chainAndInvoke(InvocationInterceptorChain.java:45)
	at org.junit.jupiter.engine.execution.InvocationInterceptorChain.invoke(InvocationInterceptorChain.java:37)
	at org.junit.jupiter.engine.execution.InterceptingExecutableInvoker.invoke(InterceptingExecutableInvoker.java:92)
	at org.junit.jupiter.engine.execution.InterceptingExecutableInvoker.invoke(InterceptingExecutableInvoker.java:86)
	at org.junit.jupiter.engine.descriptor.TestMethodTestDescriptor.lambda$invokeTestMethod$7(TestMethodTestDescriptor.java:218)
	at org.junit.platform.engine.support.hierarchical.ThrowableCollector.execute(ThrowableCollector.java:73)
	at org.junit.jupiter.engine.descriptor.TestMethodTestDescriptor.invokeTestMethod(TestMethodTestDescriptor.java:214)
	at org.junit.jupiter.engine.descriptor.TestMethodTestDescriptor.execute(TestMethodTestDescriptor.java:139)
	at org.junit.jupiter.engine.descriptor.TestMethodTestDescriptor.execute(TestMethodTestDescriptor.java:69)
	at org.junit.platform.engine.support.hierarchical.NodeTestTask.lambda$executeRecursively$6(NodeTestTask.java:151)
	at org.junit.platform.engine.support.hierarchical.ThrowableCollector.execute(ThrowableCollector.java:73)
	at org.junit.platform.engine.support.hierarchical.NodeTestTask.lambda$executeRecursively$8(NodeTestTask.java:141)
	at org.junit.platform.engine.support.hierarchical.Node.around(Node.java:137)
	at org.junit.platform.engine.support.hierarchical.NodeTestTask.lambda$executeRecursively$9(NodeTestTask.java:139)
	at org.junit.platform.engine.support.hierarchical.ThrowableCollector.execute(ThrowableCollector.java:73)
	at org.junit.platform.engine.support.hierarchical.NodeTestTask.executeRecursively(NodeTestTask.java:138)
	at org.junit.platform.engine.support.hierarchical.NodeTestTask.execute(NodeTestTask.java:95)
	at java.base/java.util.ArrayList.forEach(ArrayList.java:1596)
	at org.junit.platform.engine.support.hierarchical.SameThreadHierarchicalTestExecutorService.invokeAll(SameThreadHierarchicalTestExecutorService.java:41)
	at org.junit.platform.engine.support.hierarchical.NodeTestTask.lambda$executeRecursively$6(NodeTestTask.java:155)
	at org.junit.platform.engine.support.hierarchical.ThrowableCollector.execute(ThrowableCollector.java:73)
	at org.junit.platform.engine.support.hierarchical.NodeTestTask.lambda$executeRecursively$8(NodeTestTask.java:141)
	at org.junit.platform.engine.support.hierarchical.Node.around(Node.java:137)
	at org.junit.platform.engine.support.hierarchical.NodeTestTask.lambda$executeRecursively$9(NodeTestTask.java:139)
	at org.junit.platform.engine.support.hierarchical.ThrowableCollector.execute(ThrowableCollector.java:73)
	at org.junit.platform.engine.support.hierarchical.NodeTestTask.executeRecursively(NodeTestTask.java:138)
	at org.junit.platform.engine.support.hierarchical.NodeTestTask.execute(NodeTestTask.java:95)
	at java.base/java.util.ArrayList.forEach(ArrayList.java:1596)
	at org.junit.platform.engine.support.hierarchical.SameThreadHierarchicalTestExecutorService.invokeAll(SameThreadHierarchicalTestExecutorService.java:41)
	at org.junit.platform.engine.support.hierarchical.NodeTestTask.lambda$executeRecursively$6(NodeTestTask.java:155)
	at org.junit.platform.engine.support.hierarchical.ThrowableCollector.execute(ThrowableCollector.java:73)
	at org.junit.platform.engine.support.hierarchical.NodeTestTask.lambda$executeRecursively$8(NodeTestTask.java:141)
	at org.junit.platform.engine.support.hierarchical.Node.around(Node.java:137)
	at org.junit.platform.engine.support.hierarchical.NodeTestTask.lambda$executeRecursively$9(NodeTestTask.java:139)
	at org.junit.platform.engine.support.hierarchical.ThrowableCollector.execute(ThrowableCollector.java:73)
	at org.junit.platform.engine.support.hierarchical.NodeTestTask.executeRecursively(NodeTestTask.java:138)
	at org.junit.platform.engine.support.hierarchical.NodeTestTask.execute(NodeTestTask.java:95)
	at org.junit.platform.engine.support.hierarchical.SameThreadHierarchicalTestExecutorService.submit(SameThreadHierarchicalTestExecutorService.java:35)
	at org.junit.platform.engine.support.hierarchical.HierarchicalTestExecutor.execute(HierarchicalTestExecutor.java:57)
	at org.junit.platform.engine.support.hierarchical.HierarchicalTestEngine.execute(HierarchicalTestEngine.java:54)
	at org.junit.platform.launcher.core.EngineExecutionOrchestrator.execute(EngineExecutionOrchestrator.java:198)
	at org.junit.platform.launcher.core.EngineExecutionOrchestrator.execute(EngineExecutionOrchestrator.java:169)
	at org.junit.platform.launcher.core.EngineExecutionOrchestrator.execute(EngineExecutionOrchestrator.java:93)
	at org.junit.platform.launcher.core.EngineExecutionOrchestrator.lambda$execute$0(EngineExecutionOrchestrator.java:58)
	at org.junit.platform.launcher.core.EngineExecutionOrchestrator.withInterceptedStreams(EngineExecutionOrchestrator.java:141)
	at org.junit.platform.launcher.core.EngineExecutionOrchestrator.execute(EngineExecutionOrchestrator.java:57)
	at org.junit.platform.launcher.core.DefaultLauncher.execute(DefaultLauncher.java:103)
	at org.junit.platform.launcher.core.DefaultLauncher.execute(DefaultLauncher.java:85)
	at org.junit.platform.launcher.core.DelegatingLauncher.execute(DelegatingLauncher.java:47)
	at org.junit.platform.launcher.core.SessionPerRequestLauncher.execute(SessionPerRequestLauncher.java:63)
	at com.intellij.junit5.JUnit5IdeaTestRunner.startRunnerWithArgs(JUnit5IdeaTestRunner.java:57)
	at com.intellij.rt.junit.IdeaTestRunner$Repeater$1.execute(IdeaTestRunner.java:38)
	at com.intellij.rt.execution.junit.TestsRepeater.repeat(TestsRepeater.java:11)
	at com.intellij.rt.junit.IdeaTestRunner$Repeater.startRunnerWithArgs(IdeaTestRunner.java:35)
	at com.intellij.rt.junit.JUnitStarter.prepareStreamsAndStart(JUnitStarter.java:232)
	at com.intellij.rt.junit.JUnitStarter.main(JUnitStarter.java:55)
2025-01-20 09:49:15 [main] INFO  l.insoft.uztis.tests.utils.TestUtils - Screenshot moved to C:\Users\ingrida.zadorozniene\Desktop\Asm\UZTIS\UZTIS_tests\test-output\screenshots\20250120\094915251_testEditAndPublishVuiInvitationDraft().png
2025-01-20 09:50:56 [main] INFO  lt.insoft.uztis.tests.UztisPageTest - Navigated to https://uztisdev.asseco.lt/home
2025-01-20 09:50:56 [main] INFO  l.i.uztis.tests.InvitationsPageTest - Starting test:'testCreateNewVuiInvitationDraft'
2025-01-20 09:50:59 [main] DEBUG l.i.uztis.tests.InvitationsPageTest - User logged in with test credentials
2025-01-20 09:50:59 [main] DEBUG l.i.uztis.tests.InvitationsPageTest - Opened 'Application Processing' menu.
2025-01-20 09:50:59 [main] DEBUG l.i.uztis.tests.InvitationsPageTest - Clicked on 'Application Forms' menu.
2025-01-20 09:50:59 [main] DEBUG l.i.uztis.tests.InvitationsPageTest - Navigating to application forms menu.
2025-01-20 09:50:59 [main] DEBUG l.i.uztis.tests.InvitationsPageTest - Retrieved last description code text: 'TST-VUI-22'.
2025-01-20 09:51:00 [main] DEBUG l.i.uztis.tests.InvitationsPageTest - Clicked on 'Invitation' menu.
2025-01-20 09:51:00 [main] DEBUG l.i.uztis.tests.InvitationsPageTest - Clicked 'Create New Application Form'.
2025-01-20 09:51:00 [main] DEBUG l.i.uztis.tests.InvitationsPageTest - Selected section by code: 'TST-VUI-22'.
2025-01-20 09:51:01 [main] DEBUG l.i.uztis.tests.InvitationsPageTest - Selected invitation number from the list.
2025-01-20 09:51:01 [main] DEBUG l.i.uztis.tests.InvitationsPageTest - Entered current date.
2025-01-20 09:51:02 [main] DEBUG l.i.uztis.tests.InvitationsPageTest - Entered start time: 00:00.
2025-01-20 09:51:02 [main] DEBUG l.i.uztis.tests.InvitationsPageTest - Entered end date.
2025-01-20 09:51:02 [main] DEBUG l.i.uztis.tests.InvitationsPageTest - Entered end time: 11:11.
2025-01-20 09:51:02 [main] DEBUG l.i.uztis.tests.InvitationsPageTest - Draft saved.
2025-01-20 09:51:03 [main] DEBUG l.i.uztis.tests.InvitationsPageTest - Verified success message: 'Duomenys sėkmingai išsaugoti.'
2025-01-20 09:51:03 [main] INFO  l.i.uztis.tests.InvitationsPageTest - Test 'testCreateNewVuiInvitationDraft' completed successfully.
2025-01-20 09:51:15 [main] INFO  lt.insoft.uztis.tests.UztisPageTest - Navigated to https://uztisdev.asseco.lt/home
2025-01-20 09:51:15 [main] INFO  l.i.uztis.tests.InvitationsPageTest - Starting test:'testEditAndPublishVuiInvitationDraft'
2025-01-20 09:51:19 [main] DEBUG l.i.uztis.tests.InvitationsPageTest - User logged in with test credentials
2025-01-20 09:51:19 [main] DEBUG l.i.uztis.tests.InvitationsPageTest - Opened 'Application Processing' menu.
2025-01-20 09:51:19 [main] DEBUG l.i.uztis.tests.InvitationsPageTest - Clicked on 'Application Forms' menu.
2025-01-20 09:51:19 [main] DEBUG l.i.uztis.tests.InvitationsPageTest - Navigating to application forms menu.
2025-01-20 09:51:19 [main] DEBUG l.i.uztis.tests.InvitationsPageTest - Retrieved last description code text: 'TST-VUI-22'.
2025-01-20 09:51:20 [main] DEBUG l.i.uztis.tests.InvitationsPageTest - Clicked on 'Invitation' menu.
2025-01-20 09:51:20 [main] DEBUG l.i.uztis.tests.InvitationsPageTest - Selected section by code: 'TST-VUI-22'.
2025-01-20 09:51:20 [main] DEBUG l.i.uztis.tests.InvitationsPageTest - Clicked 'Search'.
2025-01-20 09:51:20 [main] DEBUG l.i.uztis.tests.InvitationsPageTest - Getting and inserting application code text.
2025-01-20 09:51:21 [main] DEBUG l.i.uztis.tests.InvitationsPageTest - Clicked 'InvitationDraft'.
2025-01-20 09:51:21 [main] DEBUG l.i.uztis.tests.InvitationsPageTest - Clicked 'Edit'.
2025-01-20 09:51:22 [main] DEBUG l.i.uztis.tests.InvitationsPageTest - Entered publication end date.
2025-01-20 09:51:22 [main] DEBUG l.i.uztis.tests.InvitationsPageTest - Added additional values.
2025-01-20 09:51:22 [main] INFO  l.insoft.uztis.pages.InvitationsPage - Located the dropdown button.
2025-01-20 09:51:22 [main] DEBUG l.i.uztis.tests.InvitationsPageTest - Selected the value: 'Didžiausia galima paramos suma aplinkos darbo vietai, Eur'
2025-01-20 09:51:22 [main] INFO  l.insoft.uztis.pages.InvitationsPage - Located the dropdown button.
2025-01-20 09:51:23 [main] DEBUG l.i.uztis.tests.InvitationsPageTest - Selected the value: 'Didžiausia galima paramos suma, Eur'
2025-01-20 09:51:23 [main] INFO  l.insoft.uztis.pages.InvitationsPage - Located the dropdown button.
2025-01-20 09:51:23 [main] DEBUG l.i.uztis.tests.InvitationsPageTest - Selected the value: 'Didžiausia galima paramos suma vienai darbo vietai, Eur'
2025-01-20 09:51:23 [main] DEBUG l.i.uztis.tests.InvitationsPageTest - Entered value: 11000
2025-01-20 09:51:23 [main] DEBUG l.i.uztis.tests.InvitationsPageTest - Entered value: 12000
2025-01-20 09:51:23 [main] DEBUG l.i.uztis.tests.InvitationsPageTest - Entered value: 13000
2025-01-20 09:51:24 [main] DEBUG l.i.uztis.tests.InvitationsPageTest - Checked 'Legal Entities' checkbox.
2025-01-20 09:51:24 [main] DEBUG l.i.uztis.tests.InvitationsPageTest - Unchecked 'Persons Registered with Employment Service' checkbox.
2025-01-20 09:51:24 [main] DEBUG l.i.uztis.tests.InvitationsPageTest - Checked 'Persons Registered as Employers' checkbox.
2025-01-20 09:51:24 [main] DEBUG l.i.uztis.tests.InvitationsPageTest - Entered second evaluation grade: '5'.
2025-01-20 09:51:24 [main] DEBUG l.i.uztis.tests.InvitationsPageTest - Entered third evaluation grade: '6'.
2025-01-20 09:51:24 [main] DEBUG l.i.uztis.tests.InvitationsPageTest - Entered second evaluation grade weight: '0,45'.
2025-01-20 09:51:24 [main] DEBUG l.i.uztis.tests.InvitationsPageTest - Entered third evaluation grade weight: '0,55'.
2025-01-20 09:51:24 [main] DEBUG l.i.uztis.tests.InvitationsPageTest - Entered budget: '2000'.
2025-01-20 09:51:25 [main] DEBUG l.i.uztis.tests.InvitationsPageTest - Entered description text: 'Aprašo tekstas'.
2025-01-20 09:51:25 [main] DEBUG l.i.uztis.tests.InvitationsPageTest - Entered applicants text: 'Pareiškėjų tekstas'.
2025-01-20 09:51:25 [main] DEBUG l.i.uztis.tests.InvitationsPageTest - Entered expenditures text: 'Išlaidų tekstas'.
2025-01-20 09:51:25 [main] DEBUG l.i.uztis.tests.InvitationsPageTest - Entered legislation text: 'Teisės aktų tekstas'.
2025-01-20 09:51:25 [main] DEBUG l.i.uztis.tests.InvitationsPageTest - Entered education text: 'Mokymų tekstas'.
2025-01-20 09:51:25 [main] DEBUG l.i.uztis.tests.InvitationsPageTest - File uploaded.
2025-01-20 09:51:25 [main] DEBUG l.i.uztis.tests.InvitationsPageTest - Clicked 'Publish'.
2025-01-20 09:51:25 [main] DEBUG l.i.uztis.tests.InvitationsPageTest - Publication confirmed.
2025-01-20 09:51:26 [main] DEBUG l.i.uztis.tests.InvitationsPageTest - Verified success message: 'Funkcija sėkmingai atlikta.'
2025-01-20 09:51:26 [main] INFO  l.i.uztis.tests.InvitationsPageTest - Test 'testEditAndPublishVuiInvitationDraft' completed successfully.
2025-01-20 09:51:38 [main] INFO  lt.insoft.uztis.tests.UztisPageTest - Navigated to https://uztisdev.asseco.lt/home
2025-01-20 09:51:38 [main] INFO  l.i.uztis.tests.InvitationsPageTest - Starting test:'testInsertVuiStatisticInformation'
2025-01-20 09:51:42 [main] DEBUG l.i.uztis.tests.InvitationsPageTest - User logged in with test credentials
2025-01-20 09:51:42 [main] DEBUG l.i.uztis.tests.InvitationsPageTest - Opened 'Application Processing' menu.
2025-01-20 09:51:42 [main] DEBUG l.i.uztis.tests.InvitationsPageTest - Clicked on 'Application Forms' menu.
2025-01-20 09:51:42 [main] DEBUG l.i.uztis.tests.InvitationsPageTest - Navigating to invitation forms menu.
2025-01-20 09:51:42 [main] DEBUG l.i.uztis.tests.InvitationsPageTest - Retrieved last description code text: 'TST-VUI-22'.
2025-01-20 09:51:42 [main] DEBUG l.i.uztis.tests.InvitationsPageTest - Clicked on 'Invitation' menu.
2025-01-20 09:51:43 [main] DEBUG l.i.uztis.tests.InvitationsPageTest - Selected section by code: 'TST-VUI-22'.
2025-01-20 09:51:43 [main] DEBUG l.i.uztis.tests.InvitationsPageTest - Clicked 'Search'.
2025-01-20 09:51:43 [main] DEBUG l.i.uztis.tests.InvitationsPageTest - Getting and inserting application code text.
2025-01-20 09:51:43 [main] DEBUG l.i.uztis.tests.InvitationsPageTest - Clicked 'Publishing'.
2025-01-20 09:51:44 [main] DEBUG l.i.uztis.tests.InvitationsPageTest - Clicked 'Statistic Information' tab.
2025-01-20 09:51:44 [main] DEBUG l.i.uztis.tests.InvitationsPageTest - Clicked 'Edit' button.
2025-01-20 09:51:44 [main] DEBUG l.i.uztis.tests.InvitationsPageTest - Entered current date.
2025-01-20 09:51:44 [main] DEBUG l.i.uztis.tests.InvitationsPageTest - Entered value: 8.7
2025-01-20 09:51:44 [main] DEBUG l.i.uztis.tests.InvitationsPageTest - Entered average salary: 2237.9
2025-01-20 09:51:44 [main] DEBUG l.i.uztis.tests.InvitationsPageTest - File uploaded.
2025-01-20 09:51:44 [main] DEBUG l.i.uztis.tests.InvitationsPageTest - Clicked 'Save' button.
2025-01-20 09:51:45 [main] DEBUG l.i.uztis.tests.InvitationsPageTest - Verified success message: 'Funkcija sėkmingai atlikta.'
2025-01-20 09:51:45 [main] INFO  l.i.uztis.tests.InvitationsPageTest - Test 'testInsertVuiStatisticInformation' completed successfully.
2025-01-21 14:04:05 [main] INFO  lt.insoft.uztis.tests.UztisPageTest - Navigated to https://uztisdev.asseco.lt/home
2025-01-21 14:04:05 [main] INFO  l.i.u.tests.ApplicationFormsPageTest - Setup complete. ApplicationFormsPage initialized.
2025-01-21 14:04:05 [main] INFO  l.i.u.tests.ApplicationFormsPageTest - Starting test:'testCreateNewVuiApplication'
2025-01-21 14:04:06 [main] DEBUG l.i.u.tests.ApplicationFormsPageTest - User logged in with test credentials
2025-01-21 14:04:06 [main] DEBUG l.i.u.tests.ApplicationFormsPageTest - Opened 'Application Processing' menu.
2025-01-21 14:04:06 [main] DEBUG l.i.u.tests.ApplicationFormsPageTest - Clicked on 'Application Forms' menu.
2025-01-21 14:04:06 [main] DEBUG l.i.u.tests.ApplicationFormsPageTest - Clicked to create a new application form.
2025-01-21 14:04:06 [main] DEBUG l.i.u.tests.ApplicationFormsPageTest - Entered random application code: TST-VUI-56
2025-01-21 14:04:07 [main] DEBUG l.i.u.tests.ApplicationFormsPageTest - Selected 'Section' radio button.
2025-01-21 14:04:07 [main] INFO  l.i.uztis.pages.ApplicationFormsPage - Located the dropdown button.
2025-01-21 14:04:07 [main] INFO  l.i.uztis.pages.ApplicationFormsPage - Successfully selected the value: 'Skyrius 1'
2025-01-21 14:04:18 [main] ERROR l.i.uztis.pages.ApplicationFormsPage - Failed to close the dropdown with aria-expanded = 'false'.
2025-01-21 14:04:18 [main] DEBUG l.i.u.tests.ApplicationFormsPageTest - Selected a value from the 'Section' dropdown: 'Skyrius 1'
2025-01-21 14:04:18 [main] DEBUG l.i.u.tests.ApplicationFormsPageTest - Selected 'Budget by Municipality' option.
2025-01-21 14:04:18 [main] DEBUG l.i.u.tests.ApplicationFormsPageTest - Selected 'Financed Without Queue' option.
2025-01-21 14:04:18 [main] DEBUG l.i.u.tests.ApplicationFormsPageTest - Clicked 'Add' button.
2025-01-21 14:04:18 [main] INFO  l.i.uztis.pages.ApplicationFormsPage - Located the dropdown button.
2025-01-21 14:04:18 [main] INFO  l.i.uztis.pages.ApplicationFormsPage - Successfully selected the value: 'VUI paraiškos vertinimo forma - I etapas'
2025-01-21 14:04:18 [main] DEBUG l.i.u.tests.ApplicationFormsPageTest - Selected a value from the 'EvaluationOne' dropdown: 'VUI paraiškos vertinimo forma - I etapas'
2025-01-21 14:04:18 [main] INFO  l.i.uztis.pages.ApplicationFormsPage - Located the dropdown button.
2025-01-21 14:04:19 [main] INFO  l.i.uztis.pages.ApplicationFormsPage - Successfully selected the value: 'VUI paraiškos vertinimo forma - II etapas'
2025-01-21 14:04:19 [main] DEBUG l.i.u.tests.ApplicationFormsPageTest - Selected a value from the 'EvaluationTwon' dropdown: 'VUI paraiškos vertinimo forma - II etapas'
2025-01-21 14:04:19 [main] INFO  l.i.uztis.pages.ApplicationFormsPage - Located the dropdown button.
2025-01-21 14:04:19 [main] ERROR l.i.uztis.pages.ApplicationFormsPage - Option 'VUI paraiškos vertinimo forma - III etapas' was not found in the dropdown.
2025-01-21 14:04:19 [main] DEBUG l.i.u.tests.ApplicationFormsPageTest - Selected a value from the 'EvaluationThree' dropdown: 'VUI paraiškos vertinimo forma - III etapas'
2025-01-21 14:04:20 [main] ERROR l.i.u.tests.ApplicationFormsPageTest - Test 'testCreateNewVuiApplication' failed with error: element click intercepted: Element <button type="button" class="btn btn--primary-light-dashed">...</button> is not clickable at point (390, 991). Other element would receive the click: <div class="cdk-overlay-backdrop cdk-overlay-transparent-backdrop cdk-overlay-backdrop-showing"></div>
  (Session info: chrome=131.0.6778.265)
Build info: version: '4.27.0', revision: 'd6e718d134'
System info: os.name: 'Windows 11', os.arch: 'amd64', os.version: '10.0', java.version: '21.0.3'
Driver info: org.openqa.selenium.chrome.ChromeDriver
Command: [3124c3c234a2c71b656cd752f6748243, clickElement {id=f.FC099045C115BF0BF86949BE7EF2DAA2.d.5E1FF151094104BD527E00857F51EEBD.e.92}]
Capabilities {acceptInsecureCerts: false, browserName: chrome, browserVersion: 131.0.6778.265, chrome: {chromedriverVersion: 131.0.6778.264 (2d05e315153..., userDataDir: C:\Users\INGRID~1.ZAD\AppDa...}, fedcm:accounts: true, goog:chromeOptions: {debuggerAddress: localhost:57435}, networkConnectionEnabled: false, pageLoadStrategy: normal, platformName: windows, proxy: Proxy(), se:cdp: ws://localhost:57435/devtoo..., se:cdpVersion: 131.0.6778.265, setWindowRect: true, strictFileInteractability: false, timeouts: {implicit: 0, pageLoad: 300000, script: 30000}, unhandledPromptBehavior: dismiss and notify, webauthn:extension:credBlob: true, webauthn:extension:largeBlob: true, webauthn:extension:minPinLength: true, webauthn:extension:prf: true, webauthn:virtualAuthenticators: true}
Element: [[ChromeDriver: chrome on windows (3124c3c234a2c71b656cd752f6748243)] -> xpath: //common-button[@btnclass='btn btn--primary-light-dashed']//button[@type='button']]
Session ID: 3124c3c234a2c71b656cd752f6748243
org.openqa.selenium.ElementClickInterceptedException: element click intercepted: Element <button type="button" class="btn btn--primary-light-dashed">...</button> is not clickable at point (390, 991). Other element would receive the click: <div class="cdk-overlay-backdrop cdk-overlay-transparent-backdrop cdk-overlay-backdrop-showing"></div>
  (Session info: chrome=131.0.6778.265)
Build info: version: '4.27.0', revision: 'd6e718d134'
System info: os.name: 'Windows 11', os.arch: 'amd64', os.version: '10.0', java.version: '21.0.3'
Driver info: org.openqa.selenium.chrome.ChromeDriver
Command: [3124c3c234a2c71b656cd752f6748243, clickElement {id=f.FC099045C115BF0BF86949BE7EF2DAA2.d.5E1FF151094104BD527E00857F51EEBD.e.92}]
Capabilities {acceptInsecureCerts: false, browserName: chrome, browserVersion: 131.0.6778.265, chrome: {chromedriverVersion: 131.0.6778.264 (2d05e315153..., userDataDir: C:\Users\INGRID~1.ZAD\AppDa...}, fedcm:accounts: true, goog:chromeOptions: {debuggerAddress: localhost:57435}, networkConnectionEnabled: false, pageLoadStrategy: normal, platformName: windows, proxy: Proxy(), se:cdp: ws://localhost:57435/devtoo..., se:cdpVersion: 131.0.6778.265, setWindowRect: true, strictFileInteractability: false, timeouts: {implicit: 0, pageLoad: 300000, script: 30000}, unhandledPromptBehavior: dismiss and notify, webauthn:extension:credBlob: true, webauthn:extension:largeBlob: true, webauthn:extension:minPinLength: true, webauthn:extension:prf: true, webauthn:virtualAuthenticators: true}
Element: [[ChromeDriver: chrome on windows (3124c3c234a2c71b656cd752f6748243)] -> xpath: //common-button[@btnclass='btn btn--primary-light-dashed']//button[@type='button']]
Session ID: 3124c3c234a2c71b656cd752f6748243
	at java.base/jdk.internal.reflect.DirectConstructorHandleAccessor.newInstance(DirectConstructorHandleAccessor.java:62)
	at java.base/java.lang.reflect.Constructor.newInstanceWithCaller(Constructor.java:502)
	at java.base/java.lang.reflect.Constructor.newInstance(Constructor.java:486)
	at org.openqa.selenium.remote.ErrorCodec.decode(ErrorCodec.java:167)
	at org.openqa.selenium.remote.codec.w3c.W3CHttpResponseCodec.decode(W3CHttpResponseCodec.java:138)
	at org.openqa.selenium.remote.codec.w3c.W3CHttpResponseCodec.decode(W3CHttpResponseCodec.java:50)
	at org.openqa.selenium.remote.HttpCommandExecutor.execute(HttpCommandExecutor.java:190)
	at org.openqa.selenium.remote.service.DriverCommandExecutor.invokeExecute(DriverCommandExecutor.java:216)
	at org.openqa.selenium.remote.service.DriverCommandExecutor.execute(DriverCommandExecutor.java:174)
	at org.openqa.selenium.remote.RemoteWebDriver.execute(RemoteWebDriver.java:545)
	at org.openqa.selenium.remote.RemoteWebElement.execute(RemoteWebElement.java:223)
	at org.openqa.selenium.remote.RemoteWebElement.click(RemoteWebElement.java:76)
	at java.base/jdk.internal.reflect.DirectMethodHandleAccessor.invoke(DirectMethodHandleAccessor.java:103)
	at java.base/java.lang.reflect.Method.invoke(Method.java:580)
	at org.openqa.selenium.support.pagefactory.internal.LocatingElementHandler.invoke(LocatingElementHandler.java:51)
	at jdk.proxy2/jdk.proxy2.$Proxy14.click(Unknown Source)
	at lt.insoft.uztis.pages.ApplicationFormsPage.clickButtonPlus(ApplicationFormsPage.java:185)
	at lt.insoft.uztis.tests.ApplicationFormsPageTest.testCreateNewVuiApplication(ApplicationFormsPageTest.java:138)
	at java.base/jdk.internal.reflect.DirectMethodHandleAccessor.invoke(DirectMethodHandleAccessor.java:103)
	at java.base/java.lang.reflect.Method.invoke(Method.java:580)
	at org.junit.platform.commons.util.ReflectionUtils.invokeMethod(ReflectionUtils.java:728)
	at org.junit.jupiter.engine.execution.MethodInvocation.proceed(MethodInvocation.java:60)
	at org.junit.jupiter.engine.execution.InvocationInterceptorChain$ValidatingInvocation.proceed(InvocationInterceptorChain.java:131)
	at org.junit.jupiter.engine.extension.TimeoutExtension.intercept(TimeoutExtension.java:156)
	at org.junit.jupiter.engine.extension.TimeoutExtension.interceptTestableMethod(TimeoutExtension.java:147)
	at org.junit.jupiter.engine.extension.TimeoutExtension.interceptTestMethod(TimeoutExtension.java:86)
	at org.junit.jupiter.engine.execution.InterceptingExecutableInvoker$ReflectiveInterceptorCall.lambda$ofVoidMethod$0(InterceptingExecutableInvoker.java:103)
	at org.junit.jupiter.engine.execution.InterceptingExecutableInvoker.lambda$invoke$0(InterceptingExecutableInvoker.java:93)
	at org.junit.jupiter.engine.execution.InvocationInterceptorChain$InterceptedInvocation.proceed(InvocationInterceptorChain.java:106)
	at org.junit.jupiter.engine.execution.InvocationInterceptorChain.proceed(InvocationInterceptorChain.java:64)
	at org.junit.jupiter.engine.execution.InvocationInterceptorChain.chainAndInvoke(InvocationInterceptorChain.java:45)
	at org.junit.jupiter.engine.execution.InvocationInterceptorChain.invoke(InvocationInterceptorChain.java:37)
	at org.junit.jupiter.engine.execution.InterceptingExecutableInvoker.invoke(InterceptingExecutableInvoker.java:92)
	at org.junit.jupiter.engine.execution.InterceptingExecutableInvoker.invoke(InterceptingExecutableInvoker.java:86)
	at org.junit.jupiter.engine.descriptor.TestMethodTestDescriptor.lambda$invokeTestMethod$7(TestMethodTestDescriptor.java:218)
	at org.junit.platform.engine.support.hierarchical.ThrowableCollector.execute(ThrowableCollector.java:73)
	at org.junit.jupiter.engine.descriptor.TestMethodTestDescriptor.invokeTestMethod(TestMethodTestDescriptor.java:214)
	at org.junit.jupiter.engine.descriptor.TestMethodTestDescriptor.execute(TestMethodTestDescriptor.java:139)
	at org.junit.jupiter.engine.descriptor.TestMethodTestDescriptor.execute(TestMethodTestDescriptor.java:69)
	at org.junit.platform.engine.support.hierarchical.NodeTestTask.lambda$executeRecursively$6(NodeTestTask.java:151)
	at org.junit.platform.engine.support.hierarchical.ThrowableCollector.execute(ThrowableCollector.java:73)
	at org.junit.platform.engine.support.hierarchical.NodeTestTask.lambda$executeRecursively$8(NodeTestTask.java:141)
	at org.junit.platform.engine.support.hierarchical.Node.around(Node.java:137)
	at org.junit.platform.engine.support.hierarchical.NodeTestTask.lambda$executeRecursively$9(NodeTestTask.java:139)
	at org.junit.platform.engine.support.hierarchical.ThrowableCollector.execute(ThrowableCollector.java:73)
	at org.junit.platform.engine.support.hierarchical.NodeTestTask.executeRecursively(NodeTestTask.java:138)
	at org.junit.platform.engine.support.hierarchical.NodeTestTask.execute(NodeTestTask.java:95)
	at java.base/java.util.ArrayList.forEach(ArrayList.java:1596)
	at org.junit.platform.engine.support.hierarchical.SameThreadHierarchicalTestExecutorService.invokeAll(SameThreadHierarchicalTestExecutorService.java:41)
	at org.junit.platform.engine.support.hierarchical.NodeTestTask.lambda$executeRecursively$6(NodeTestTask.java:155)
	at org.junit.platform.engine.support.hierarchical.ThrowableCollector.execute(ThrowableCollector.java:73)
	at org.junit.platform.engine.support.hierarchical.NodeTestTask.lambda$executeRecursively$8(NodeTestTask.java:141)
	at org.junit.platform.engine.support.hierarchical.Node.around(Node.java:137)
	at org.junit.platform.engine.support.hierarchical.NodeTestTask.lambda$executeRecursively$9(NodeTestTask.java:139)
	at org.junit.platform.engine.support.hierarchical.ThrowableCollector.execute(ThrowableCollector.java:73)
	at org.junit.platform.engine.support.hierarchical.NodeTestTask.executeRecursively(NodeTestTask.java:138)
	at org.junit.platform.engine.support.hierarchical.NodeTestTask.execute(NodeTestTask.java:95)
	at java.base/java.util.ArrayList.forEach(ArrayList.java:1596)
	at org.junit.platform.engine.support.hierarchical.SameThreadHierarchicalTestExecutorService.invokeAll(SameThreadHierarchicalTestExecutorService.java:41)
	at org.junit.platform.engine.support.hierarchical.NodeTestTask.lambda$executeRecursively$6(NodeTestTask.java:155)
	at org.junit.platform.engine.support.hierarchical.ThrowableCollector.execute(ThrowableCollector.java:73)
	at org.junit.platform.engine.support.hierarchical.NodeTestTask.lambda$executeRecursively$8(NodeTestTask.java:141)
	at org.junit.platform.engine.support.hierarchical.Node.around(Node.java:137)
	at org.junit.platform.engine.support.hierarchical.NodeTestTask.lambda$executeRecursively$9(NodeTestTask.java:139)
	at org.junit.platform.engine.support.hierarchical.ThrowableCollector.execute(ThrowableCollector.java:73)
	at org.junit.platform.engine.support.hierarchical.NodeTestTask.executeRecursively(NodeTestTask.java:138)
	at org.junit.platform.engine.support.hierarchical.NodeTestTask.execute(NodeTestTask.java:95)
	at org.junit.platform.engine.support.hierarchical.SameThreadHierarchicalTestExecutorService.submit(SameThreadHierarchicalTestExecutorService.java:35)
	at org.junit.platform.engine.support.hierarchical.HierarchicalTestExecutor.execute(HierarchicalTestExecutor.java:57)
	at org.junit.platform.engine.support.hierarchical.HierarchicalTestEngine.execute(HierarchicalTestEngine.java:54)
	at org.junit.platform.launcher.core.EngineExecutionOrchestrator.execute(EngineExecutionOrchestrator.java:198)
	at org.junit.platform.launcher.core.EngineExecutionOrchestrator.execute(EngineExecutionOrchestrator.java:169)
	at org.junit.platform.launcher.core.EngineExecutionOrchestrator.execute(EngineExecutionOrchestrator.java:93)
	at org.junit.platform.launcher.core.EngineExecutionOrchestrator.lambda$execute$0(EngineExecutionOrchestrator.java:58)
	at org.junit.platform.launcher.core.EngineExecutionOrchestrator.withInterceptedStreams(EngineExecutionOrchestrator.java:141)
	at org.junit.platform.launcher.core.EngineExecutionOrchestrator.execute(EngineExecutionOrchestrator.java:57)
	at org.junit.platform.launcher.core.DefaultLauncher.execute(DefaultLauncher.java:103)
	at org.junit.platform.launcher.core.DefaultLauncher.execute(DefaultLauncher.java:85)
	at org.junit.platform.launcher.core.DelegatingLauncher.execute(DelegatingLauncher.java:47)
	at org.junit.platform.launcher.core.SessionPerRequestLauncher.execute(SessionPerRequestLauncher.java:63)
	at com.intellij.junit5.JUnit5IdeaTestRunner.startRunnerWithArgs(JUnit5IdeaTestRunner.java:57)
	at com.intellij.rt.junit.IdeaTestRunner$Repeater$1.execute(IdeaTestRunner.java:38)
	at com.intellij.rt.execution.junit.TestsRepeater.repeat(TestsRepeater.java:11)
	at com.intellij.rt.junit.IdeaTestRunner$Repeater.startRunnerWithArgs(IdeaTestRunner.java:35)
	at com.intellij.rt.junit.JUnitStarter.prepareStreamsAndStart(JUnitStarter.java:232)
	at com.intellij.rt.junit.JUnitStarter.main(JUnitStarter.java:55)
2025-01-21 14:04:20 [main] INFO  l.insoft.uztis.tests.utils.TestUtils - Screenshot moved to C:\Users\ingrida.zadorozniene\Desktop\Asm\UZTIS\UZTIS_tests\test-output\screenshots\20250121\140420547_testCreateNewVuiApplication().png
2025-01-21 14:17:49 [main] INFO  lt.insoft.uztis.tests.UztisPageTest - Navigated to https://uztisdev.asseco.lt/home
2025-01-21 14:17:49 [main] INFO  l.i.u.tests.ApplicationFormsPageTest - Setup complete. ApplicationFormsPage initialized.
2025-01-21 14:17:49 [main] INFO  l.i.u.tests.ApplicationFormsPageTest - Starting test:'testCreateNewVuiApplication'
2025-01-21 14:17:50 [main] DEBUG l.i.u.tests.ApplicationFormsPageTest - User logged in with test credentials
2025-01-21 14:17:51 [main] DEBUG l.i.u.tests.ApplicationFormsPageTest - Opened 'Application Processing' menu.
2025-01-21 14:17:51 [main] DEBUG l.i.u.tests.ApplicationFormsPageTest - Clicked on 'Application Forms' menu.
2025-01-21 14:17:51 [main] DEBUG l.i.u.tests.ApplicationFormsPageTest - Clicked to create a new application form.
2025-01-21 14:17:51 [main] DEBUG l.i.u.tests.ApplicationFormsPageTest - Entered random application code: TST-VUI-15
2025-01-21 14:17:51 [main] DEBUG l.i.u.tests.ApplicationFormsPageTest - Selected 'Section' radio button.
2025-01-21 14:17:51 [main] INFO  l.i.uztis.pages.ApplicationFormsPage - Located the dropdown button.
2025-01-21 14:17:52 [main] INFO  l.i.uztis.pages.ApplicationFormsPage - Successfully selected the value: 'Skyrius 1'
2025-01-21 14:18:02 [main] ERROR l.i.uztis.pages.ApplicationFormsPage - Failed to close the dropdown with aria-expanded = 'false'.
2025-01-21 14:18:02 [main] DEBUG l.i.u.tests.ApplicationFormsPageTest - Selected a value from the 'Section' dropdown: 'Skyrius 1'
2025-01-21 14:18:02 [main] DEBUG l.i.u.tests.ApplicationFormsPageTest - Selected 'Budget by Municipality' option.
2025-01-21 14:18:02 [main] DEBUG l.i.u.tests.ApplicationFormsPageTest - Selected 'Financed Without Queue' option.
2025-01-21 14:18:02 [main] DEBUG l.i.u.tests.ApplicationFormsPageTest - Clicked 'Add' button.
2025-01-21 14:18:02 [main] INFO  l.i.uztis.pages.ApplicationFormsPage - Located the dropdown button.
2025-01-21 14:18:02 [main] ERROR l.i.uztis.pages.ApplicationFormsPage - Option 'VUI paraiškos vertinimo forma - I etapas' was not found in the dropdown.
2025-01-21 14:18:02 [main] DEBUG l.i.u.tests.ApplicationFormsPageTest - Selected a value from the 'EvaluationOne' dropdown: 'VUI paraiškos vertinimo forma - I etapas'
2025-01-21 14:18:02 [main] INFO  l.i.uztis.pages.ApplicationFormsPage - Located the dropdown button.
2025-01-21 14:18:04 [main] ERROR l.i.uztis.pages.ApplicationFormsPage - Error selecting value from the list: element click intercepted: Element <mat-label>...</mat-label> is not clickable at point (435, 962). Other element would receive the click: <div class="cdk-overlay-backdrop cdk-overlay-transparent-backdrop cdk-overlay-backdrop-showing"></div>
  (Session info: chrome=131.0.6778.265)
Build info: version: '4.27.0', revision: 'd6e718d134'
System info: os.name: 'Windows 11', os.arch: 'amd64', os.version: '10.0', java.version: '21.0.3'
Driver info: org.openqa.selenium.chrome.ChromeDriver
Command: [41a08ad17b73bce2da7ca5339d9d1e30, clickElement {id=f.D8512CF696C1FED09AEAF2FEF890FBD8.d.792B8A2C67C16CA7AADE0DDA385E4468.e.84}]
Capabilities {acceptInsecureCerts: false, browserName: chrome, browserVersion: 131.0.6778.265, chrome: {chromedriverVersion: 131.0.6778.264 (2d05e315153..., userDataDir: C:\Users\INGRID~1.ZAD\AppDa...}, fedcm:accounts: true, goog:chromeOptions: {debuggerAddress: localhost:57752}, networkConnectionEnabled: false, pageLoadStrategy: normal, platformName: windows, proxy: Proxy(), se:cdp: ws://localhost:57752/devtoo..., se:cdpVersion: 131.0.6778.265, setWindowRect: true, strictFileInteractability: false, timeouts: {implicit: 0, pageLoad: 300000, script: 30000}, unhandledPromptBehavior: dismiss and notify, webauthn:extension:credBlob: true, webauthn:extension:largeBlob: true, webauthn:extension:minPinLength: true, webauthn:extension:prf: true, webauthn:virtualAuthenticators: true}
Element: [[ChromeDriver: chrome on windows (41a08ad17b73bce2da7ca5339d9d1e30)] -> xpath: //mat-label[contains(text(), 'II etapo vertinimo forma')]]
Session ID: 41a08ad17b73bce2da7ca5339d9d1e30
2025-01-21 14:18:04 [main] ERROR l.i.u.tests.ApplicationFormsPageTest - Test 'testCreateNewVuiApplication' failed with error: Failed to select from the list
java.lang.RuntimeException: Failed to select from the list
	at lt.insoft.uztis.pages.ApplicationFormsPage.selectValuesByListEvaluationTwo(ApplicationFormsPage.java:475)
	at lt.insoft.uztis.tests.ApplicationFormsPageTest.testCreateNewVuiApplication(ApplicationFormsPageTest.java:130)
	at java.base/jdk.internal.reflect.DirectMethodHandleAccessor.invoke(DirectMethodHandleAccessor.java:103)
	at java.base/java.lang.reflect.Method.invoke(Method.java:580)
	at org.junit.platform.commons.util.ReflectionUtils.invokeMethod(ReflectionUtils.java:728)
	at org.junit.jupiter.engine.execution.MethodInvocation.proceed(MethodInvocation.java:60)
	at org.junit.jupiter.engine.execution.InvocationInterceptorChain$ValidatingInvocation.proceed(InvocationInterceptorChain.java:131)
	at org.junit.jupiter.engine.extension.TimeoutExtension.intercept(TimeoutExtension.java:156)
	at org.junit.jupiter.engine.extension.TimeoutExtension.interceptTestableMethod(TimeoutExtension.java:147)
	at org.junit.jupiter.engine.extension.TimeoutExtension.interceptTestMethod(TimeoutExtension.java:86)
	at org.junit.jupiter.engine.execution.InterceptingExecutableInvoker$ReflectiveInterceptorCall.lambda$ofVoidMethod$0(InterceptingExecutableInvoker.java:103)
	at org.junit.jupiter.engine.execution.InterceptingExecutableInvoker.lambda$invoke$0(InterceptingExecutableInvoker.java:93)
	at org.junit.jupiter.engine.execution.InvocationInterceptorChain$InterceptedInvocation.proceed(InvocationInterceptorChain.java:106)
	at org.junit.jupiter.engine.execution.InvocationInterceptorChain.proceed(InvocationInterceptorChain.java:64)
	at org.junit.jupiter.engine.execution.InvocationInterceptorChain.chainAndInvoke(InvocationInterceptorChain.java:45)
	at org.junit.jupiter.engine.execution.InvocationInterceptorChain.invoke(InvocationInterceptorChain.java:37)
	at org.junit.jupiter.engine.execution.InterceptingExecutableInvoker.invoke(InterceptingExecutableInvoker.java:92)
	at org.junit.jupiter.engine.execution.InterceptingExecutableInvoker.invoke(InterceptingExecutableInvoker.java:86)
	at org.junit.jupiter.engine.descriptor.TestMethodTestDescriptor.lambda$invokeTestMethod$7(TestMethodTestDescriptor.java:218)
	at org.junit.platform.engine.support.hierarchical.ThrowableCollector.execute(ThrowableCollector.java:73)
	at org.junit.jupiter.engine.descriptor.TestMethodTestDescriptor.invokeTestMethod(TestMethodTestDescriptor.java:214)
	at org.junit.jupiter.engine.descriptor.TestMethodTestDescriptor.execute(TestMethodTestDescriptor.java:139)
	at org.junit.jupiter.engine.descriptor.TestMethodTestDescriptor.execute(TestMethodTestDescriptor.java:69)
	at org.junit.platform.engine.support.hierarchical.NodeTestTask.lambda$executeRecursively$6(NodeTestTask.java:151)
	at org.junit.platform.engine.support.hierarchical.ThrowableCollector.execute(ThrowableCollector.java:73)
	at org.junit.platform.engine.support.hierarchical.NodeTestTask.lambda$executeRecursively$8(NodeTestTask.java:141)
	at org.junit.platform.engine.support.hierarchical.Node.around(Node.java:137)
	at org.junit.platform.engine.support.hierarchical.NodeTestTask.lambda$executeRecursively$9(NodeTestTask.java:139)
	at org.junit.platform.engine.support.hierarchical.ThrowableCollector.execute(ThrowableCollector.java:73)
	at org.junit.platform.engine.support.hierarchical.NodeTestTask.executeRecursively(NodeTestTask.java:138)
	at org.junit.platform.engine.support.hierarchical.NodeTestTask.execute(NodeTestTask.java:95)
	at java.base/java.util.ArrayList.forEach(ArrayList.java:1596)
	at org.junit.platform.engine.support.hierarchical.SameThreadHierarchicalTestExecutorService.invokeAll(SameThreadHierarchicalTestExecutorService.java:41)
	at org.junit.platform.engine.support.hierarchical.NodeTestTask.lambda$executeRecursively$6(NodeTestTask.java:155)
	at org.junit.platform.engine.support.hierarchical.ThrowableCollector.execute(ThrowableCollector.java:73)
	at org.junit.platform.engine.support.hierarchical.NodeTestTask.lambda$executeRecursively$8(NodeTestTask.java:141)
	at org.junit.platform.engine.support.hierarchical.Node.around(Node.java:137)
	at org.junit.platform.engine.support.hierarchical.NodeTestTask.lambda$executeRecursively$9(NodeTestTask.java:139)
	at org.junit.platform.engine.support.hierarchical.ThrowableCollector.execute(ThrowableCollector.java:73)
	at org.junit.platform.engine.support.hierarchical.NodeTestTask.executeRecursively(NodeTestTask.java:138)
	at org.junit.platform.engine.support.hierarchical.NodeTestTask.execute(NodeTestTask.java:95)
	at java.base/java.util.ArrayList.forEach(ArrayList.java:1596)
	at org.junit.platform.engine.support.hierarchical.SameThreadHierarchicalTestExecutorService.invokeAll(SameThreadHierarchicalTestExecutorService.java:41)
	at org.junit.platform.engine.support.hierarchical.NodeTestTask.lambda$executeRecursively$6(NodeTestTask.java:155)
	at org.junit.platform.engine.support.hierarchical.ThrowableCollector.execute(ThrowableCollector.java:73)
	at org.junit.platform.engine.support.hierarchical.NodeTestTask.lambda$executeRecursively$8(NodeTestTask.java:141)
	at org.junit.platform.engine.support.hierarchical.Node.around(Node.java:137)
	at org.junit.platform.engine.support.hierarchical.NodeTestTask.lambda$executeRecursively$9(NodeTestTask.java:139)
	at org.junit.platform.engine.support.hierarchical.ThrowableCollector.execute(ThrowableCollector.java:73)
	at org.junit.platform.engine.support.hierarchical.NodeTestTask.executeRecursively(NodeTestTask.java:138)
	at org.junit.platform.engine.support.hierarchical.NodeTestTask.execute(NodeTestTask.java:95)
	at org.junit.platform.engine.support.hierarchical.SameThreadHierarchicalTestExecutorService.submit(SameThreadHierarchicalTestExecutorService.java:35)
	at org.junit.platform.engine.support.hierarchical.HierarchicalTestExecutor.execute(HierarchicalTestExecutor.java:57)
	at org.junit.platform.engine.support.hierarchical.HierarchicalTestEngine.execute(HierarchicalTestEngine.java:54)
	at org.junit.platform.launcher.core.EngineExecutionOrchestrator.execute(EngineExecutionOrchestrator.java:198)
	at org.junit.platform.launcher.core.EngineExecutionOrchestrator.execute(EngineExecutionOrchestrator.java:169)
	at org.junit.platform.launcher.core.EngineExecutionOrchestrator.execute(EngineExecutionOrchestrator.java:93)
	at org.junit.platform.launcher.core.EngineExecutionOrchestrator.lambda$execute$0(EngineExecutionOrchestrator.java:58)
	at org.junit.platform.launcher.core.EngineExecutionOrchestrator.withInterceptedStreams(EngineExecutionOrchestrator.java:141)
	at org.junit.platform.launcher.core.EngineExecutionOrchestrator.execute(EngineExecutionOrchestrator.java:57)
	at org.junit.platform.launcher.core.DefaultLauncher.execute(DefaultLauncher.java:103)
	at org.junit.platform.launcher.core.DefaultLauncher.execute(DefaultLauncher.java:85)
	at org.junit.platform.launcher.core.DelegatingLauncher.execute(DelegatingLauncher.java:47)
	at org.junit.platform.launcher.core.SessionPerRequestLauncher.execute(SessionPerRequestLauncher.java:63)
	at com.intellij.junit5.JUnit5IdeaTestRunner.startRunnerWithArgs(JUnit5IdeaTestRunner.java:57)
	at com.intellij.rt.junit.IdeaTestRunner$Repeater$1.execute(IdeaTestRunner.java:38)
	at com.intellij.rt.execution.junit.TestsRepeater.repeat(TestsRepeater.java:11)
	at com.intellij.rt.junit.IdeaTestRunner$Repeater.startRunnerWithArgs(IdeaTestRunner.java:35)
	at com.intellij.rt.junit.JUnitStarter.prepareStreamsAndStart(JUnitStarter.java:232)
	at com.intellij.rt.junit.JUnitStarter.main(JUnitStarter.java:55)
Caused by: org.openqa.selenium.ElementClickInterceptedException: element click intercepted: Element <mat-label>...</mat-label> is not clickable at point (435, 962). Other element would receive the click: <div class="cdk-overlay-backdrop cdk-overlay-transparent-backdrop cdk-overlay-backdrop-showing"></div>
  (Session info: chrome=131.0.6778.265)
Build info: version: '4.27.0', revision: 'd6e718d134'
System info: os.name: 'Windows 11', os.arch: 'amd64', os.version: '10.0', java.version: '21.0.3'
Driver info: org.openqa.selenium.chrome.ChromeDriver
Command: [41a08ad17b73bce2da7ca5339d9d1e30, clickElement {id=f.D8512CF696C1FED09AEAF2FEF890FBD8.d.792B8A2C67C16CA7AADE0DDA385E4468.e.84}]
Capabilities {acceptInsecureCerts: false, browserName: chrome, browserVersion: 131.0.6778.265, chrome: {chromedriverVersion: 131.0.6778.264 (2d05e315153..., userDataDir: C:\Users\INGRID~1.ZAD\AppDa...}, fedcm:accounts: true, goog:chromeOptions: {debuggerAddress: localhost:57752}, networkConnectionEnabled: false, pageLoadStrategy: normal, platformName: windows, proxy: Proxy(), se:cdp: ws://localhost:57752/devtoo..., se:cdpVersion: 131.0.6778.265, setWindowRect: true, strictFileInteractability: false, timeouts: {implicit: 0, pageLoad: 300000, script: 30000}, unhandledPromptBehavior: dismiss and notify, webauthn:extension:credBlob: true, webauthn:extension:largeBlob: true, webauthn:extension:minPinLength: true, webauthn:extension:prf: true, webauthn:virtualAuthenticators: true}
Element: [[ChromeDriver: chrome on windows (41a08ad17b73bce2da7ca5339d9d1e30)] -> xpath: //mat-label[contains(text(), 'II etapo vertinimo forma')]]
Session ID: 41a08ad17b73bce2da7ca5339d9d1e30
	at java.base/jdk.internal.reflect.DirectConstructorHandleAccessor.newInstance(DirectConstructorHandleAccessor.java:62)
	at java.base/java.lang.reflect.Constructor.newInstanceWithCaller(Constructor.java:502)
	at java.base/java.lang.reflect.Constructor.newInstance(Constructor.java:486)
	at org.openqa.selenium.remote.ErrorCodec.decode(ErrorCodec.java:167)
	at org.openqa.selenium.remote.codec.w3c.W3CHttpResponseCodec.decode(W3CHttpResponseCodec.java:138)
	at org.openqa.selenium.remote.codec.w3c.W3CHttpResponseCodec.decode(W3CHttpResponseCodec.java:50)
	at org.openqa.selenium.remote.HttpCommandExecutor.execute(HttpCommandExecutor.java:190)
	at org.openqa.selenium.remote.service.DriverCommandExecutor.invokeExecute(DriverCommandExecutor.java:216)
	at org.openqa.selenium.remote.service.DriverCommandExecutor.execute(DriverCommandExecutor.java:174)
	at org.openqa.selenium.remote.RemoteWebDriver.execute(RemoteWebDriver.java:545)
	at org.openqa.selenium.remote.RemoteWebElement.execute(RemoteWebElement.java:223)
	at org.openqa.selenium.remote.RemoteWebElement.click(RemoteWebElement.java:76)
	at java.base/jdk.internal.reflect.DirectMethodHandleAccessor.invoke(DirectMethodHandleAccessor.java:103)
	at java.base/java.lang.reflect.Method.invoke(Method.java:580)
	at org.openqa.selenium.support.pagefactory.internal.LocatingElementHandler.invoke(LocatingElementHandler.java:51)
	at jdk.proxy2/jdk.proxy2.$Proxy14.click(Unknown Source)
	at lt.insoft.uztis.pages.ApplicationFormsPage.selectValuesByListEvaluationTwo(ApplicationFormsPage.java:446)
	... 69 common frames omitted
2025-01-21 14:18:04 [main] INFO  l.insoft.uztis.tests.utils.TestUtils - Screenshot moved to C:\Users\ingrida.zadorozniene\Desktop\Asm\UZTIS\UZTIS_tests\test-output\screenshots\20250121\141804272_testCreateNewVuiApplication().png
2025-01-21 14:18:37 [main] INFO  lt.insoft.uztis.tests.UztisPageTest - Navigated to https://uztisdev.asseco.lt/home
2025-01-21 14:18:37 [main] INFO  l.i.u.tests.ApplicationFormsPageTest - Setup complete. ApplicationFormsPage initialized.
2025-01-21 14:18:37 [main] INFO  l.i.u.tests.ApplicationFormsPageTest - Starting test:'testCreateNewVuiApplication'
2025-01-21 14:18:38 [main] DEBUG l.i.u.tests.ApplicationFormsPageTest - User logged in with test credentials
2025-01-21 14:18:38 [main] DEBUG l.i.u.tests.ApplicationFormsPageTest - Opened 'Application Processing' menu.
2025-01-21 14:18:38 [main] DEBUG l.i.u.tests.ApplicationFormsPageTest - Clicked on 'Application Forms' menu.
2025-01-21 14:18:39 [main] DEBUG l.i.u.tests.ApplicationFormsPageTest - Clicked to create a new application form.
2025-01-21 14:18:39 [main] DEBUG l.i.u.tests.ApplicationFormsPageTest - Entered random application code: TST-VUI-77
2025-01-21 14:18:39 [main] DEBUG l.i.u.tests.ApplicationFormsPageTest - Selected 'Section' radio button.
2025-01-21 14:18:39 [main] INFO  l.i.uztis.pages.ApplicationFormsPage - Located the dropdown button.
2025-01-21 14:18:39 [main] INFO  l.i.uztis.pages.ApplicationFormsPage - Successfully selected the value: 'Skyrius 1'
2025-01-21 14:18:49 [main] ERROR l.i.uztis.pages.ApplicationFormsPage - Failed to close the dropdown with aria-expanded = 'false'.
2025-01-21 14:18:49 [main] DEBUG l.i.u.tests.ApplicationFormsPageTest - Selected a value from the 'Section' dropdown: 'Skyrius 1'
2025-01-21 14:18:50 [main] DEBUG l.i.u.tests.ApplicationFormsPageTest - Selected 'Budget by Municipality' option.
2025-01-21 14:18:50 [main] DEBUG l.i.u.tests.ApplicationFormsPageTest - Selected 'Financed Without Queue' option.
2025-01-21 14:18:50 [main] DEBUG l.i.u.tests.ApplicationFormsPageTest - Clicked 'Add' button.
2025-01-21 14:18:50 [main] INFO  l.i.uztis.pages.ApplicationFormsPage - Located the dropdown button.
2025-01-21 14:18:50 [main] INFO  l.i.uztis.pages.ApplicationFormsPage - Successfully selected the value: 'VUI paraiškos vertinimo forma - I etapas'
2025-01-21 14:18:50 [main] DEBUG l.i.u.tests.ApplicationFormsPageTest - Selected a value from the 'EvaluationOne' dropdown: 'VUI paraiškos vertinimo forma - I etapas'
2025-01-21 14:18:50 [main] INFO  l.i.uztis.pages.ApplicationFormsPage - Located the dropdown button.
2025-01-21 14:18:50 [main] INFO  l.i.uztis.pages.ApplicationFormsPage - Successfully selected the value: 'VUI paraiškos vertinimo forma - II etapas'
2025-01-21 14:18:50 [main] DEBUG l.i.u.tests.ApplicationFormsPageTest - Selected a value from the 'EvaluationTwon' dropdown: 'VUI paraiškos vertinimo forma - II etapas'
2025-01-21 14:18:50 [main] INFO  l.i.uztis.pages.ApplicationFormsPage - Located the dropdown button.
2025-01-21 14:18:50 [main] ERROR l.i.uztis.pages.ApplicationFormsPage - Option 'VUI paraiškos vertinimo forma - III etapas' was not found in the dropdown.
2025-01-21 14:18:50 [main] DEBUG l.i.u.tests.ApplicationFormsPageTest - Selected a value from the 'EvaluationThree' dropdown: 'VUI paraiškos vertinimo forma - III etapas'
2025-01-21 14:18:52 [main] ERROR l.i.u.tests.ApplicationFormsPageTest - Test 'testCreateNewVuiApplication' failed with error: element click intercepted: Element <button type="button" class="btn btn--primary-light-dashed">...</button> is not clickable at point (390, 991). Other element would receive the click: <div class="cdk-overlay-backdrop cdk-overlay-transparent-backdrop cdk-overlay-backdrop-showing"></div>
  (Session info: chrome=131.0.6778.265)
Build info: version: '4.27.0', revision: 'd6e718d134'
System info: os.name: 'Windows 11', os.arch: 'amd64', os.version: '10.0', java.version: '21.0.3'
Driver info: org.openqa.selenium.chrome.ChromeDriver
Command: [a694d1d82b15c10557d1cd003d498c56, clickElement {id=f.7ECCF6563A72BB74EDADCFF85CD75468.d.8B6D25045FBE2FB639C6B79E8E9A56D6.e.83}]
Capabilities {acceptInsecureCerts: false, browserName: chrome, browserVersion: 131.0.6778.265, chrome: {chromedriverVersion: 131.0.6778.264 (2d05e315153..., userDataDir: C:\Users\INGRID~1.ZAD\AppDa...}, fedcm:accounts: true, goog:chromeOptions: {debuggerAddress: localhost:57793}, networkConnectionEnabled: false, pageLoadStrategy: normal, platformName: windows, proxy: Proxy(), se:cdp: ws://localhost:57793/devtoo..., se:cdpVersion: 131.0.6778.265, setWindowRect: true, strictFileInteractability: false, timeouts: {implicit: 0, pageLoad: 300000, script: 30000}, unhandledPromptBehavior: dismiss and notify, webauthn:extension:credBlob: true, webauthn:extension:largeBlob: true, webauthn:extension:minPinLength: true, webauthn:extension:prf: true, webauthn:virtualAuthenticators: true}
Element: [[ChromeDriver: chrome on windows (a694d1d82b15c10557d1cd003d498c56)] -> xpath: //button[contains(@class, 'btn') and contains(@class, 'btn--primary-light-dashed') and .//mat-icon[text()='add']]]
Session ID: a694d1d82b15c10557d1cd003d498c56
org.openqa.selenium.ElementClickInterceptedException: element click intercepted: Element <button type="button" class="btn btn--primary-light-dashed">...</button> is not clickable at point (390, 991). Other element would receive the click: <div class="cdk-overlay-backdrop cdk-overlay-transparent-backdrop cdk-overlay-backdrop-showing"></div>
  (Session info: chrome=131.0.6778.265)
Build info: version: '4.27.0', revision: 'd6e718d134'
System info: os.name: 'Windows 11', os.arch: 'amd64', os.version: '10.0', java.version: '21.0.3'
Driver info: org.openqa.selenium.chrome.ChromeDriver
Command: [a694d1d82b15c10557d1cd003d498c56, clickElement {id=f.7ECCF6563A72BB74EDADCFF85CD75468.d.8B6D25045FBE2FB639C6B79E8E9A56D6.e.83}]
Capabilities {acceptInsecureCerts: false, browserName: chrome, browserVersion: 131.0.6778.265, chrome: {chromedriverVersion: 131.0.6778.264 (2d05e315153..., userDataDir: C:\Users\INGRID~1.ZAD\AppDa...}, fedcm:accounts: true, goog:chromeOptions: {debuggerAddress: localhost:57793}, networkConnectionEnabled: false, pageLoadStrategy: normal, platformName: windows, proxy: Proxy(), se:cdp: ws://localhost:57793/devtoo..., se:cdpVersion: 131.0.6778.265, setWindowRect: true, strictFileInteractability: false, timeouts: {implicit: 0, pageLoad: 300000, script: 30000}, unhandledPromptBehavior: dismiss and notify, webauthn:extension:credBlob: true, webauthn:extension:largeBlob: true, webauthn:extension:minPinLength: true, webauthn:extension:prf: true, webauthn:virtualAuthenticators: true}
Element: [[ChromeDriver: chrome on windows (a694d1d82b15c10557d1cd003d498c56)] -> xpath: //button[contains(@class, 'btn') and contains(@class, 'btn--primary-light-dashed') and .//mat-icon[text()='add']]]
Session ID: a694d1d82b15c10557d1cd003d498c56
	at java.base/jdk.internal.reflect.DirectConstructorHandleAccessor.newInstance(DirectConstructorHandleAccessor.java:62)
	at java.base/java.lang.reflect.Constructor.newInstanceWithCaller(Constructor.java:502)
	at java.base/java.lang.reflect.Constructor.newInstance(Constructor.java:486)
	at org.openqa.selenium.remote.ErrorCodec.decode(ErrorCodec.java:167)
	at org.openqa.selenium.remote.codec.w3c.W3CHttpResponseCodec.decode(W3CHttpResponseCodec.java:138)
	at org.openqa.selenium.remote.codec.w3c.W3CHttpResponseCodec.decode(W3CHttpResponseCodec.java:50)
	at org.openqa.selenium.remote.HttpCommandExecutor.execute(HttpCommandExecutor.java:190)
	at org.openqa.selenium.remote.service.DriverCommandExecutor.invokeExecute(DriverCommandExecutor.java:216)
	at org.openqa.selenium.remote.service.DriverCommandExecutor.execute(DriverCommandExecutor.java:174)
	at org.openqa.selenium.remote.RemoteWebDriver.execute(RemoteWebDriver.java:545)
	at org.openqa.selenium.remote.RemoteWebElement.execute(RemoteWebElement.java:223)
	at org.openqa.selenium.remote.RemoteWebElement.click(RemoteWebElement.java:76)
	at java.base/jdk.internal.reflect.DirectMethodHandleAccessor.invoke(DirectMethodHandleAccessor.java:103)
	at java.base/java.lang.reflect.Method.invoke(Method.java:580)
	at org.openqa.selenium.support.pagefactory.internal.LocatingElementHandler.invoke(LocatingElementHandler.java:51)
	at jdk.proxy2/jdk.proxy2.$Proxy14.click(Unknown Source)
	at lt.insoft.uztis.pages.ApplicationFormsPage.clickButtonPlus(ApplicationFormsPage.java:186)
	at lt.insoft.uztis.tests.ApplicationFormsPageTest.testCreateNewVuiApplication(ApplicationFormsPageTest.java:138)
	at java.base/jdk.internal.reflect.DirectMethodHandleAccessor.invoke(DirectMethodHandleAccessor.java:103)
	at java.base/java.lang.reflect.Method.invoke(Method.java:580)
	at org.junit.platform.commons.util.ReflectionUtils.invokeMethod(ReflectionUtils.java:728)
	at org.junit.jupiter.engine.execution.MethodInvocation.proceed(MethodInvocation.java:60)
	at org.junit.jupiter.engine.execution.InvocationInterceptorChain$ValidatingInvocation.proceed(InvocationInterceptorChain.java:131)
	at org.junit.jupiter.engine.extension.TimeoutExtension.intercept(TimeoutExtension.java:156)
	at org.junit.jupiter.engine.extension.TimeoutExtension.interceptTestableMethod(TimeoutExtension.java:147)
	at org.junit.jupiter.engine.extension.TimeoutExtension.interceptTestMethod(TimeoutExtension.java:86)
	at org.junit.jupiter.engine.execution.InterceptingExecutableInvoker$ReflectiveInterceptorCall.lambda$ofVoidMethod$0(InterceptingExecutableInvoker.java:103)
	at org.junit.jupiter.engine.execution.InterceptingExecutableInvoker.lambda$invoke$0(InterceptingExecutableInvoker.java:93)
	at org.junit.jupiter.engine.execution.InvocationInterceptorChain$InterceptedInvocation.proceed(InvocationInterceptorChain.java:106)
	at org.junit.jupiter.engine.execution.InvocationInterceptorChain.proceed(InvocationInterceptorChain.java:64)
	at org.junit.jupiter.engine.execution.InvocationInterceptorChain.chainAndInvoke(InvocationInterceptorChain.java:45)
	at org.junit.jupiter.engine.execution.InvocationInterceptorChain.invoke(InvocationInterceptorChain.java:37)
	at org.junit.jupiter.engine.execution.InterceptingExecutableInvoker.invoke(InterceptingExecutableInvoker.java:92)
	at org.junit.jupiter.engine.execution.InterceptingExecutableInvoker.invoke(InterceptingExecutableInvoker.java:86)
	at org.junit.jupiter.engine.descriptor.TestMethodTestDescriptor.lambda$invokeTestMethod$7(TestMethodTestDescriptor.java:218)
	at org.junit.platform.engine.support.hierarchical.ThrowableCollector.execute(ThrowableCollector.java:73)
	at org.junit.jupiter.engine.descriptor.TestMethodTestDescriptor.invokeTestMethod(TestMethodTestDescriptor.java:214)
	at org.junit.jupiter.engine.descriptor.TestMethodTestDescriptor.execute(TestMethodTestDescriptor.java:139)
	at org.junit.jupiter.engine.descriptor.TestMethodTestDescriptor.execute(TestMethodTestDescriptor.java:69)
	at org.junit.platform.engine.support.hierarchical.NodeTestTask.lambda$executeRecursively$6(NodeTestTask.java:151)
	at org.junit.platform.engine.support.hierarchical.ThrowableCollector.execute(ThrowableCollector.java:73)
	at org.junit.platform.engine.support.hierarchical.NodeTestTask.lambda$executeRecursively$8(NodeTestTask.java:141)
	at org.junit.platform.engine.support.hierarchical.Node.around(Node.java:137)
	at org.junit.platform.engine.support.hierarchical.NodeTestTask.lambda$executeRecursively$9(NodeTestTask.java:139)
	at org.junit.platform.engine.support.hierarchical.ThrowableCollector.execute(ThrowableCollector.java:73)
	at org.junit.platform.engine.support.hierarchical.NodeTestTask.executeRecursively(NodeTestTask.java:138)
	at org.junit.platform.engine.support.hierarchical.NodeTestTask.execute(NodeTestTask.java:95)
	at java.base/java.util.ArrayList.forEach(ArrayList.java:1596)
	at org.junit.platform.engine.support.hierarchical.SameThreadHierarchicalTestExecutorService.invokeAll(SameThreadHierarchicalTestExecutorService.java:41)
	at org.junit.platform.engine.support.hierarchical.NodeTestTask.lambda$executeRecursively$6(NodeTestTask.java:155)
	at org.junit.platform.engine.support.hierarchical.ThrowableCollector.execute(ThrowableCollector.java:73)
	at org.junit.platform.engine.support.hierarchical.NodeTestTask.lambda$executeRecursively$8(NodeTestTask.java:141)
	at org.junit.platform.engine.support.hierarchical.Node.around(Node.java:137)
	at org.junit.platform.engine.support.hierarchical.NodeTestTask.lambda$executeRecursively$9(NodeTestTask.java:139)
	at org.junit.platform.engine.support.hierarchical.ThrowableCollector.execute(ThrowableCollector.java:73)
	at org.junit.platform.engine.support.hierarchical.NodeTestTask.executeRecursively(NodeTestTask.java:138)
	at org.junit.platform.engine.support.hierarchical.NodeTestTask.execute(NodeTestTask.java:95)
	at java.base/java.util.ArrayList.forEach(ArrayList.java:1596)
	at org.junit.platform.engine.support.hierarchical.SameThreadHierarchicalTestExecutorService.invokeAll(SameThreadHierarchicalTestExecutorService.java:41)
	at org.junit.platform.engine.support.hierarchical.NodeTestTask.lambda$executeRecursively$6(NodeTestTask.java:155)
	at org.junit.platform.engine.support.hierarchical.ThrowableCollector.execute(ThrowableCollector.java:73)
	at org.junit.platform.engine.support.hierarchical.NodeTestTask.lambda$executeRecursively$8(NodeTestTask.java:141)
	at org.junit.platform.engine.support.hierarchical.Node.around(Node.java:137)
	at org.junit.platform.engine.support.hierarchical.NodeTestTask.lambda$executeRecursively$9(NodeTestTask.java:139)
	at org.junit.platform.engine.support.hierarchical.ThrowableCollector.execute(ThrowableCollector.java:73)
	at org.junit.platform.engine.support.hierarchical.NodeTestTask.executeRecursively(NodeTestTask.java:138)
	at org.junit.platform.engine.support.hierarchical.NodeTestTask.execute(NodeTestTask.java:95)
	at org.junit.platform.engine.support.hierarchical.SameThreadHierarchicalTestExecutorService.submit(SameThreadHierarchicalTestExecutorService.java:35)
	at org.junit.platform.engine.support.hierarchical.HierarchicalTestExecutor.execute(HierarchicalTestExecutor.java:57)
	at org.junit.platform.engine.support.hierarchical.HierarchicalTestEngine.execute(HierarchicalTestEngine.java:54)
	at org.junit.platform.launcher.core.EngineExecutionOrchestrator.execute(EngineExecutionOrchestrator.java:198)
	at org.junit.platform.launcher.core.EngineExecutionOrchestrator.execute(EngineExecutionOrchestrator.java:169)
	at org.junit.platform.launcher.core.EngineExecutionOrchestrator.execute(EngineExecutionOrchestrator.java:93)
	at org.junit.platform.launcher.core.EngineExecutionOrchestrator.lambda$execute$0(EngineExecutionOrchestrator.java:58)
	at org.junit.platform.launcher.core.EngineExecutionOrchestrator.withInterceptedStreams(EngineExecutionOrchestrator.java:141)
	at org.junit.platform.launcher.core.EngineExecutionOrchestrator.execute(EngineExecutionOrchestrator.java:57)
	at org.junit.platform.launcher.core.DefaultLauncher.execute(DefaultLauncher.java:103)
	at org.junit.platform.launcher.core.DefaultLauncher.execute(DefaultLauncher.java:85)
	at org.junit.platform.launcher.core.DelegatingLauncher.execute(DelegatingLauncher.java:47)
	at org.junit.platform.launcher.core.SessionPerRequestLauncher.execute(SessionPerRequestLauncher.java:63)
	at com.intellij.junit5.JUnit5IdeaTestRunner.startRunnerWithArgs(JUnit5IdeaTestRunner.java:57)
	at com.intellij.rt.junit.IdeaTestRunner$Repeater$1.execute(IdeaTestRunner.java:38)
	at com.intellij.rt.execution.junit.TestsRepeater.repeat(TestsRepeater.java:11)
	at com.intellij.rt.junit.IdeaTestRunner$Repeater.startRunnerWithArgs(IdeaTestRunner.java:35)
	at com.intellij.rt.junit.JUnitStarter.prepareStreamsAndStart(JUnitStarter.java:232)
	at com.intellij.rt.junit.JUnitStarter.main(JUnitStarter.java:55)
2025-01-21 14:18:52 [main] INFO  l.insoft.uztis.tests.utils.TestUtils - Screenshot moved to C:\Users\ingrida.zadorozniene\Desktop\Asm\UZTIS\UZTIS_tests\test-output\screenshots\20250121\141852156_testCreateNewVuiApplication().png
2025-01-21 14:20:10 [main] INFO  lt.insoft.uztis.tests.UztisPageTest - Navigated to https://uztisdev.asseco.lt/home
2025-01-21 14:20:11 [main] INFO  l.i.u.tests.ApplicationFormsPageTest - Setup complete. ApplicationFormsPage initialized.
2025-01-21 14:20:11 [main] INFO  l.i.u.tests.ApplicationFormsPageTest - Starting test:'testCreateNewVuiApplication'
2025-01-21 14:20:12 [main] DEBUG l.i.u.tests.ApplicationFormsPageTest - User logged in with test credentials
2025-01-21 14:20:12 [main] DEBUG l.i.u.tests.ApplicationFormsPageTest - Opened 'Application Processing' menu.
2025-01-21 14:20:12 [main] DEBUG l.i.u.tests.ApplicationFormsPageTest - Clicked on 'Application Forms' menu.
2025-01-21 14:20:12 [main] DEBUG l.i.u.tests.ApplicationFormsPageTest - Clicked to create a new application form.
2025-01-21 14:20:13 [main] DEBUG l.i.u.tests.ApplicationFormsPageTest - Entered random application code: TST-VUI-27
2025-01-21 14:20:13 [main] DEBUG l.i.u.tests.ApplicationFormsPageTest - Selected 'Section' radio button.
2025-01-21 14:20:13 [main] INFO  l.i.uztis.pages.ApplicationFormsPage - Located the dropdown button.
2025-01-21 14:20:13 [main] INFO  l.i.uztis.pages.ApplicationFormsPage - Successfully selected the value: 'Skyrius 1'
2025-01-21 14:20:24 [main] ERROR l.i.uztis.pages.ApplicationFormsPage - Failed to close the dropdown with aria-expanded = 'false'.
2025-01-21 14:20:24 [main] DEBUG l.i.u.tests.ApplicationFormsPageTest - Selected a value from the 'Section' dropdown: 'Skyrius 1'
2025-01-21 14:20:24 [main] DEBUG l.i.u.tests.ApplicationFormsPageTest - Selected 'Budget by Municipality' option.
2025-01-21 14:20:24 [main] DEBUG l.i.u.tests.ApplicationFormsPageTest - Selected 'Financed Without Queue' option.
2025-01-21 14:20:24 [main] DEBUG l.i.u.tests.ApplicationFormsPageTest - Clicked 'Add' button.
2025-01-21 14:20:24 [main] INFO  l.i.uztis.pages.ApplicationFormsPage - Located the dropdown button.
2025-01-21 14:20:24 [main] ERROR l.i.uztis.pages.ApplicationFormsPage - Option 'VUI paraiškos vertinimo forma - I etapas' was not found in the dropdown.
2025-01-21 14:20:24 [main] DEBUG l.i.u.tests.ApplicationFormsPageTest - Selected a value from the 'EvaluationOne' dropdown: 'VUI paraiškos vertinimo forma - I etapas'
2025-01-21 14:20:24 [main] INFO  l.i.uztis.pages.ApplicationFormsPage - Located the dropdown button.
2025-01-21 14:20:25 [main] ERROR l.i.uztis.pages.ApplicationFormsPage - Error selecting value from the list: element click intercepted: Element <mat-label>...</mat-label> is not clickable at point (435, 962). Other element would receive the click: <div class="cdk-overlay-backdrop cdk-overlay-transparent-backdrop cdk-overlay-backdrop-showing"></div>
  (Session info: chrome=131.0.6778.265)
Build info: version: '4.27.0', revision: 'd6e718d134'
System info: os.name: 'Windows 11', os.arch: 'amd64', os.version: '10.0', java.version: '21.0.3'
Driver info: org.openqa.selenium.chrome.ChromeDriver
Command: [cabe84ffef0a4b6ab6a07f8c3174096b, clickElement {id=f.84F510E78E37FD4169DE19439D0C0854.d.D7B4E25C49A3250AE9890CD9E419DD66.e.83}]
Capabilities {acceptInsecureCerts: false, browserName: chrome, browserVersion: 131.0.6778.265, chrome: {chromedriverVersion: 131.0.6778.264 (2d05e315153..., userDataDir: C:\Users\INGRID~1.ZAD\AppDa...}, fedcm:accounts: true, goog:chromeOptions: {debuggerAddress: localhost:57863}, networkConnectionEnabled: false, pageLoadStrategy: normal, platformName: windows, proxy: Proxy(), se:cdp: ws://localhost:57863/devtoo..., se:cdpVersion: 131.0.6778.265, setWindowRect: true, strictFileInteractability: false, timeouts: {implicit: 0, pageLoad: 300000, script: 30000}, unhandledPromptBehavior: dismiss and notify, webauthn:extension:credBlob: true, webauthn:extension:largeBlob: true, webauthn:extension:minPinLength: true, webauthn:extension:prf: true, webauthn:virtualAuthenticators: true}
Element: [[ChromeDriver: chrome on windows (cabe84ffef0a4b6ab6a07f8c3174096b)] -> xpath: //mat-label[contains(text(), 'II etapo vertinimo forma')]]
Session ID: cabe84ffef0a4b6ab6a07f8c3174096b
2025-01-21 14:20:25 [main] ERROR l.i.u.tests.ApplicationFormsPageTest - Test 'testCreateNewVuiApplication' failed with error: Failed to select from the list
java.lang.RuntimeException: Failed to select from the list
	at lt.insoft.uztis.pages.ApplicationFormsPage.selectValuesByListEvaluationTwo(ApplicationFormsPage.java:475)
	at lt.insoft.uztis.tests.ApplicationFormsPageTest.testCreateNewVuiApplication(ApplicationFormsPageTest.java:130)
	at java.base/jdk.internal.reflect.DirectMethodHandleAccessor.invoke(DirectMethodHandleAccessor.java:103)
	at java.base/java.lang.reflect.Method.invoke(Method.java:580)
	at org.junit.platform.commons.util.ReflectionUtils.invokeMethod(ReflectionUtils.java:728)
	at org.junit.jupiter.engine.execution.MethodInvocation.proceed(MethodInvocation.java:60)
	at org.junit.jupiter.engine.execution.InvocationInterceptorChain$ValidatingInvocation.proceed(InvocationInterceptorChain.java:131)
	at org.junit.jupiter.engine.extension.TimeoutExtension.intercept(TimeoutExtension.java:156)
	at org.junit.jupiter.engine.extension.TimeoutExtension.interceptTestableMethod(TimeoutExtension.java:147)
	at org.junit.jupiter.engine.extension.TimeoutExtension.interceptTestMethod(TimeoutExtension.java:86)
	at org.junit.jupiter.engine.execution.InterceptingExecutableInvoker$ReflectiveInterceptorCall.lambda$ofVoidMethod$0(InterceptingExecutableInvoker.java:103)
	at org.junit.jupiter.engine.execution.InterceptingExecutableInvoker.lambda$invoke$0(InterceptingExecutableInvoker.java:93)
	at org.junit.jupiter.engine.execution.InvocationInterceptorChain$InterceptedInvocation.proceed(InvocationInterceptorChain.java:106)
	at org.junit.jupiter.engine.execution.InvocationInterceptorChain.proceed(InvocationInterceptorChain.java:64)
	at org.junit.jupiter.engine.execution.InvocationInterceptorChain.chainAndInvoke(InvocationInterceptorChain.java:45)
	at org.junit.jupiter.engine.execution.InvocationInterceptorChain.invoke(InvocationInterceptorChain.java:37)
	at org.junit.jupiter.engine.execution.InterceptingExecutableInvoker.invoke(InterceptingExecutableInvoker.java:92)
	at org.junit.jupiter.engine.execution.InterceptingExecutableInvoker.invoke(InterceptingExecutableInvoker.java:86)
	at org.junit.jupiter.engine.descriptor.TestMethodTestDescriptor.lambda$invokeTestMethod$7(TestMethodTestDescriptor.java:218)
	at org.junit.platform.engine.support.hierarchical.ThrowableCollector.execute(ThrowableCollector.java:73)
	at org.junit.jupiter.engine.descriptor.TestMethodTestDescriptor.invokeTestMethod(TestMethodTestDescriptor.java:214)
	at org.junit.jupiter.engine.descriptor.TestMethodTestDescriptor.execute(TestMethodTestDescriptor.java:139)
	at org.junit.jupiter.engine.descriptor.TestMethodTestDescriptor.execute(TestMethodTestDescriptor.java:69)
	at org.junit.platform.engine.support.hierarchical.NodeTestTask.lambda$executeRecursively$6(NodeTestTask.java:151)
	at org.junit.platform.engine.support.hierarchical.ThrowableCollector.execute(ThrowableCollector.java:73)
	at org.junit.platform.engine.support.hierarchical.NodeTestTask.lambda$executeRecursively$8(NodeTestTask.java:141)
	at org.junit.platform.engine.support.hierarchical.Node.around(Node.java:137)
	at org.junit.platform.engine.support.hierarchical.NodeTestTask.lambda$executeRecursively$9(NodeTestTask.java:139)
	at org.junit.platform.engine.support.hierarchical.ThrowableCollector.execute(ThrowableCollector.java:73)
	at org.junit.platform.engine.support.hierarchical.NodeTestTask.executeRecursively(NodeTestTask.java:138)
	at org.junit.platform.engine.support.hierarchical.NodeTestTask.execute(NodeTestTask.java:95)
	at java.base/java.util.ArrayList.forEach(ArrayList.java:1596)
	at org.junit.platform.engine.support.hierarchical.SameThreadHierarchicalTestExecutorService.invokeAll(SameThreadHierarchicalTestExecutorService.java:41)
	at org.junit.platform.engine.support.hierarchical.NodeTestTask.lambda$executeRecursively$6(NodeTestTask.java:155)
	at org.junit.platform.engine.support.hierarchical.ThrowableCollector.execute(ThrowableCollector.java:73)
	at org.junit.platform.engine.support.hierarchical.NodeTestTask.lambda$executeRecursively$8(NodeTestTask.java:141)
	at org.junit.platform.engine.support.hierarchical.Node.around(Node.java:137)
	at org.junit.platform.engine.support.hierarchical.NodeTestTask.lambda$executeRecursively$9(NodeTestTask.java:139)
	at org.junit.platform.engine.support.hierarchical.ThrowableCollector.execute(ThrowableCollector.java:73)
	at org.junit.platform.engine.support.hierarchical.NodeTestTask.executeRecursively(NodeTestTask.java:138)
	at org.junit.platform.engine.support.hierarchical.NodeTestTask.execute(NodeTestTask.java:95)
	at java.base/java.util.ArrayList.forEach(ArrayList.java:1596)
	at org.junit.platform.engine.support.hierarchical.SameThreadHierarchicalTestExecutorService.invokeAll(SameThreadHierarchicalTestExecutorService.java:41)
	at org.junit.platform.engine.support.hierarchical.NodeTestTask.lambda$executeRecursively$6(NodeTestTask.java:155)
	at org.junit.platform.engine.support.hierarchical.ThrowableCollector.execute(ThrowableCollector.java:73)
	at org.junit.platform.engine.support.hierarchical.NodeTestTask.lambda$executeRecursively$8(NodeTestTask.java:141)
	at org.junit.platform.engine.support.hierarchical.Node.around(Node.java:137)
	at org.junit.platform.engine.support.hierarchical.NodeTestTask.lambda$executeRecursively$9(NodeTestTask.java:139)
	at org.junit.platform.engine.support.hierarchical.ThrowableCollector.execute(ThrowableCollector.java:73)
	at org.junit.platform.engine.support.hierarchical.NodeTestTask.executeRecursively(NodeTestTask.java:138)
	at org.junit.platform.engine.support.hierarchical.NodeTestTask.execute(NodeTestTask.java:95)
	at org.junit.platform.engine.support.hierarchical.SameThreadHierarchicalTestExecutorService.submit(SameThreadHierarchicalTestExecutorService.java:35)
	at org.junit.platform.engine.support.hierarchical.HierarchicalTestExecutor.execute(HierarchicalTestExecutor.java:57)
	at org.junit.platform.engine.support.hierarchical.HierarchicalTestEngine.execute(HierarchicalTestEngine.java:54)
	at org.junit.platform.launcher.core.EngineExecutionOrchestrator.execute(EngineExecutionOrchestrator.java:198)
	at org.junit.platform.launcher.core.EngineExecutionOrchestrator.execute(EngineExecutionOrchestrator.java:169)
	at org.junit.platform.launcher.core.EngineExecutionOrchestrator.execute(EngineExecutionOrchestrator.java:93)
	at org.junit.platform.launcher.core.EngineExecutionOrchestrator.lambda$execute$0(EngineExecutionOrchestrator.java:58)
	at org.junit.platform.launcher.core.EngineExecutionOrchestrator.withInterceptedStreams(EngineExecutionOrchestrator.java:141)
	at org.junit.platform.launcher.core.EngineExecutionOrchestrator.execute(EngineExecutionOrchestrator.java:57)
	at org.junit.platform.launcher.core.DefaultLauncher.execute(DefaultLauncher.java:103)
	at org.junit.platform.launcher.core.DefaultLauncher.execute(DefaultLauncher.java:85)
	at org.junit.platform.launcher.core.DelegatingLauncher.execute(DelegatingLauncher.java:47)
	at org.junit.platform.launcher.core.SessionPerRequestLauncher.execute(SessionPerRequestLauncher.java:63)
	at com.intellij.junit5.JUnit5IdeaTestRunner.startRunnerWithArgs(JUnit5IdeaTestRunner.java:57)
	at com.intellij.rt.junit.IdeaTestRunner$Repeater$1.execute(IdeaTestRunner.java:38)
	at com.intellij.rt.execution.junit.TestsRepeater.repeat(TestsRepeater.java:11)
	at com.intellij.rt.junit.IdeaTestRunner$Repeater.startRunnerWithArgs(IdeaTestRunner.java:35)
	at com.intellij.rt.junit.JUnitStarter.prepareStreamsAndStart(JUnitStarter.java:232)
	at com.intellij.rt.junit.JUnitStarter.main(JUnitStarter.java:55)
Caused by: org.openqa.selenium.ElementClickInterceptedException: element click intercepted: Element <mat-label>...</mat-label> is not clickable at point (435, 962). Other element would receive the click: <div class="cdk-overlay-backdrop cdk-overlay-transparent-backdrop cdk-overlay-backdrop-showing"></div>
  (Session info: chrome=131.0.6778.265)
Build info: version: '4.27.0', revision: 'd6e718d134'
System info: os.name: 'Windows 11', os.arch: 'amd64', os.version: '10.0', java.version: '21.0.3'
Driver info: org.openqa.selenium.chrome.ChromeDriver
Command: [cabe84ffef0a4b6ab6a07f8c3174096b, clickElement {id=f.84F510E78E37FD4169DE19439D0C0854.d.D7B4E25C49A3250AE9890CD9E419DD66.e.83}]
Capabilities {acceptInsecureCerts: false, browserName: chrome, browserVersion: 131.0.6778.265, chrome: {chromedriverVersion: 131.0.6778.264 (2d05e315153..., userDataDir: C:\Users\INGRID~1.ZAD\AppDa...}, fedcm:accounts: true, goog:chromeOptions: {debuggerAddress: localhost:57863}, networkConnectionEnabled: false, pageLoadStrategy: normal, platformName: windows, proxy: Proxy(), se:cdp: ws://localhost:57863/devtoo..., se:cdpVersion: 131.0.6778.265, setWindowRect: true, strictFileInteractability: false, timeouts: {implicit: 0, pageLoad: 300000, script: 30000}, unhandledPromptBehavior: dismiss and notify, webauthn:extension:credBlob: true, webauthn:extension:largeBlob: true, webauthn:extension:minPinLength: true, webauthn:extension:prf: true, webauthn:virtualAuthenticators: true}
Element: [[ChromeDriver: chrome on windows (cabe84ffef0a4b6ab6a07f8c3174096b)] -> xpath: //mat-label[contains(text(), 'II etapo vertinimo forma')]]
Session ID: cabe84ffef0a4b6ab6a07f8c3174096b
	at java.base/jdk.internal.reflect.DirectConstructorHandleAccessor.newInstance(DirectConstructorHandleAccessor.java:62)
	at java.base/java.lang.reflect.Constructor.newInstanceWithCaller(Constructor.java:502)
	at java.base/java.lang.reflect.Constructor.newInstance(Constructor.java:486)
	at org.openqa.selenium.remote.ErrorCodec.decode(ErrorCodec.java:167)
	at org.openqa.selenium.remote.codec.w3c.W3CHttpResponseCodec.decode(W3CHttpResponseCodec.java:138)
	at org.openqa.selenium.remote.codec.w3c.W3CHttpResponseCodec.decode(W3CHttpResponseCodec.java:50)
	at org.openqa.selenium.remote.HttpCommandExecutor.execute(HttpCommandExecutor.java:190)
	at org.openqa.selenium.remote.service.DriverCommandExecutor.invokeExecute(DriverCommandExecutor.java:216)
	at org.openqa.selenium.remote.service.DriverCommandExecutor.execute(DriverCommandExecutor.java:174)
	at org.openqa.selenium.remote.RemoteWebDriver.execute(RemoteWebDriver.java:545)
	at org.openqa.selenium.remote.RemoteWebElement.execute(RemoteWebElement.java:223)
	at org.openqa.selenium.remote.RemoteWebElement.click(RemoteWebElement.java:76)
	at java.base/jdk.internal.reflect.DirectMethodHandleAccessor.invoke(DirectMethodHandleAccessor.java:103)
	at java.base/java.lang.reflect.Method.invoke(Method.java:580)
	at org.openqa.selenium.support.pagefactory.internal.LocatingElementHandler.invoke(LocatingElementHandler.java:51)
	at jdk.proxy2/jdk.proxy2.$Proxy14.click(Unknown Source)
	at lt.insoft.uztis.pages.ApplicationFormsPage.selectValuesByListEvaluationTwo(ApplicationFormsPage.java:446)
	... 69 common frames omitted
2025-01-21 14:20:26 [main] INFO  l.insoft.uztis.tests.utils.TestUtils - Screenshot moved to C:\Users\ingrida.zadorozniene\Desktop\Asm\UZTIS\UZTIS_tests\test-output\screenshots\20250121\142026080_testCreateNewVuiApplication().png
2025-01-21 14:23:22 [main] INFO  lt.insoft.uztis.tests.UztisPageTest - Navigated to https://uztisdev.asseco.lt/home
2025-01-21 14:23:22 [main] INFO  l.i.u.tests.ApplicationFormsPageTest - Setup complete. ApplicationFormsPage initialized.
2025-01-21 14:23:22 [main] INFO  l.i.u.tests.ApplicationFormsPageTest - Starting test:'testCreateNewVuiApplication'
2025-01-21 14:23:22 [main] DEBUG l.i.u.tests.ApplicationFormsPageTest - User logged in with test credentials
2025-01-21 14:23:23 [main] DEBUG l.i.u.tests.ApplicationFormsPageTest - Opened 'Application Processing' menu.
2025-01-21 14:23:23 [main] DEBUG l.i.u.tests.ApplicationFormsPageTest - Clicked on 'Application Forms' menu.
2025-01-21 14:23:23 [main] DEBUG l.i.u.tests.ApplicationFormsPageTest - Clicked to create a new application form.
2025-01-21 14:23:23 [main] DEBUG l.i.u.tests.ApplicationFormsPageTest - Entered random application code: TST-VUI-57
2025-01-21 14:23:23 [main] DEBUG l.i.u.tests.ApplicationFormsPageTest - Selected 'Section' radio button.
2025-01-21 14:23:23 [main] INFO  l.i.uztis.pages.ApplicationFormsPage - Located the dropdown button.
2025-01-21 14:23:24 [main] INFO  l.i.uztis.pages.ApplicationFormsPage - Successfully selected the value: 'Skyrius 1'
2025-01-21 14:23:35 [main] ERROR l.i.uztis.pages.ApplicationFormsPage - Failed to close the dropdown with aria-expanded = 'false'.
2025-01-21 14:23:35 [main] DEBUG l.i.u.tests.ApplicationFormsPageTest - Selected a value from the 'Section' dropdown: 'Skyrius 1'
2025-01-21 14:23:35 [main] DEBUG l.i.u.tests.ApplicationFormsPageTest - Selected 'Budget by Municipality' option.
2025-01-21 14:23:35 [main] DEBUG l.i.u.tests.ApplicationFormsPageTest - Selected 'Financed Without Queue' option.
2025-01-21 14:23:35 [main] DEBUG l.i.u.tests.ApplicationFormsPageTest - Clicked 'Add' button.
2025-01-21 14:23:35 [main] INFO  l.i.uztis.pages.ApplicationFormsPage - Located the dropdown button.
2025-01-21 14:23:35 [main] INFO  l.i.uztis.pages.ApplicationFormsPage - Successfully selected the value: 'VUI paraiškos vertinimo forma - I etapas'
2025-01-21 14:23:35 [main] DEBUG l.i.u.tests.ApplicationFormsPageTest - Selected a value from the 'EvaluationOne' dropdown: 'VUI paraiškos vertinimo forma - I etapas'
2025-01-21 14:23:35 [main] INFO  l.i.uztis.pages.ApplicationFormsPage - Located the dropdown button.
2025-01-21 14:23:35 [main] DEBUG l.i.uztis.pages.ApplicationFormsPage - Option text: 'VUI paraiškos vertinimo forma - II etapas', value to select: 'VUI paraiškos vertinimo forma - II etapas'
2025-01-21 14:23:35 [main] INFO  l.i.uztis.pages.ApplicationFormsPage - Successfully selected the value: 'VUI paraiškos vertinimo forma - II etapas'
2025-01-21 14:23:35 [main] DEBUG l.i.u.tests.ApplicationFormsPageTest - Selected a value from the 'EvaluationTwon' dropdown: 'VUI paraiškos vertinimo forma - II etapas'
2025-01-21 14:23:35 [main] INFO  l.i.uztis.pages.ApplicationFormsPage - Located the dropdown button.
2025-01-21 14:23:36 [main] ERROR l.i.uztis.pages.ApplicationFormsPage - Error selecting value from the list: stale element reference: stale element not found in the current frame
  (Session info: chrome=131.0.6778.265)
For documentation on this error, please visit: https://www.selenium.dev/documentation/webdriver/troubleshooting/errors#stale-element-reference-exception
Build info: version: '4.27.0', revision: 'd6e718d134'
System info: os.name: 'Windows 11', os.arch: 'amd64', os.version: '10.0', java.version: '21.0.3'
Driver info: org.openqa.selenium.chrome.ChromeDriver
Command: [9360955fafb3ed28ca4a6d2fe1a4024c, getElementText {id=f.56600EAD9249327EE3518F7D9878581A.d.30CB1C63137B447909C97BFB4C829BCD.e.77}]
Capabilities {acceptInsecureCerts: false, browserName: chrome, browserVersion: 131.0.6778.265, chrome: {chromedriverVersion: 131.0.6778.264 (2d05e315153..., userDataDir: C:\Users\INGRID~1.ZAD\AppDa...}, fedcm:accounts: true, goog:chromeOptions: {debuggerAddress: localhost:57985}, networkConnectionEnabled: false, pageLoadStrategy: normal, platformName: windows, proxy: Proxy(), se:cdp: ws://localhost:57985/devtoo..., se:cdpVersion: 131.0.6778.265, setWindowRect: true, strictFileInteractability: false, timeouts: {implicit: 0, pageLoad: 300000, script: 30000}, unhandledPromptBehavior: dismiss and notify, webauthn:extension:credBlob: true, webauthn:extension:largeBlob: true, webauthn:extension:minPinLength: true, webauthn:extension:prf: true, webauthn:virtualAuthenticators: true}
Element: [[ChromeDriver: chrome on windows (9360955fafb3ed28ca4a6d2fe1a4024c)] -> xpath: //mat-option]
Session ID: 9360955fafb3ed28ca4a6d2fe1a4024c
2025-01-21 14:23:36 [main] ERROR l.i.u.tests.ApplicationFormsPageTest - Test 'testCreateNewVuiApplication' failed with error: Failed to select from the list
java.lang.RuntimeException: Failed to select from the list
	at lt.insoft.uztis.pages.ApplicationFormsPage.selectValuesByListEvaluationThree(ApplicationFormsPage.java:541)
	at lt.insoft.uztis.tests.ApplicationFormsPageTest.testCreateNewVuiApplication(ApplicationFormsPageTest.java:134)
	at java.base/jdk.internal.reflect.DirectMethodHandleAccessor.invoke(DirectMethodHandleAccessor.java:103)
	at java.base/java.lang.reflect.Method.invoke(Method.java:580)
	at org.junit.platform.commons.util.ReflectionUtils.invokeMethod(ReflectionUtils.java:728)
	at org.junit.jupiter.engine.execution.MethodInvocation.proceed(MethodInvocation.java:60)
	at org.junit.jupiter.engine.execution.InvocationInterceptorChain$ValidatingInvocation.proceed(InvocationInterceptorChain.java:131)
	at org.junit.jupiter.engine.extension.TimeoutExtension.intercept(TimeoutExtension.java:156)
	at org.junit.jupiter.engine.extension.TimeoutExtension.interceptTestableMethod(TimeoutExtension.java:147)
	at org.junit.jupiter.engine.extension.TimeoutExtension.interceptTestMethod(TimeoutExtension.java:86)
	at org.junit.jupiter.engine.execution.InterceptingExecutableInvoker$ReflectiveInterceptorCall.lambda$ofVoidMethod$0(InterceptingExecutableInvoker.java:103)
	at org.junit.jupiter.engine.execution.InterceptingExecutableInvoker.lambda$invoke$0(InterceptingExecutableInvoker.java:93)
	at org.junit.jupiter.engine.execution.InvocationInterceptorChain$InterceptedInvocation.proceed(InvocationInterceptorChain.java:106)
	at org.junit.jupiter.engine.execution.InvocationInterceptorChain.proceed(InvocationInterceptorChain.java:64)
	at org.junit.jupiter.engine.execution.InvocationInterceptorChain.chainAndInvoke(InvocationInterceptorChain.java:45)
	at org.junit.jupiter.engine.execution.InvocationInterceptorChain.invoke(InvocationInterceptorChain.java:37)
	at org.junit.jupiter.engine.execution.InterceptingExecutableInvoker.invoke(InterceptingExecutableInvoker.java:92)
	at org.junit.jupiter.engine.execution.InterceptingExecutableInvoker.invoke(InterceptingExecutableInvoker.java:86)
	at org.junit.jupiter.engine.descriptor.TestMethodTestDescriptor.lambda$invokeTestMethod$7(TestMethodTestDescriptor.java:218)
	at org.junit.platform.engine.support.hierarchical.ThrowableCollector.execute(ThrowableCollector.java:73)
	at org.junit.jupiter.engine.descriptor.TestMethodTestDescriptor.invokeTestMethod(TestMethodTestDescriptor.java:214)
	at org.junit.jupiter.engine.descriptor.TestMethodTestDescriptor.execute(TestMethodTestDescriptor.java:139)
	at org.junit.jupiter.engine.descriptor.TestMethodTestDescriptor.execute(TestMethodTestDescriptor.java:69)
	at org.junit.platform.engine.support.hierarchical.NodeTestTask.lambda$executeRecursively$6(NodeTestTask.java:151)
	at org.junit.platform.engine.support.hierarchical.ThrowableCollector.execute(ThrowableCollector.java:73)
	at org.junit.platform.engine.support.hierarchical.NodeTestTask.lambda$executeRecursively$8(NodeTestTask.java:141)
	at org.junit.platform.engine.support.hierarchical.Node.around(Node.java:137)
	at org.junit.platform.engine.support.hierarchical.NodeTestTask.lambda$executeRecursively$9(NodeTestTask.java:139)
	at org.junit.platform.engine.support.hierarchical.ThrowableCollector.execute(ThrowableCollector.java:73)
	at org.junit.platform.engine.support.hierarchical.NodeTestTask.executeRecursively(NodeTestTask.java:138)
	at org.junit.platform.engine.support.hierarchical.NodeTestTask.execute(NodeTestTask.java:95)
	at java.base/java.util.ArrayList.forEach(ArrayList.java:1596)
	at org.junit.platform.engine.support.hierarchical.SameThreadHierarchicalTestExecutorService.invokeAll(SameThreadHierarchicalTestExecutorService.java:41)
	at org.junit.platform.engine.support.hierarchical.NodeTestTask.lambda$executeRecursively$6(NodeTestTask.java:155)
	at org.junit.platform.engine.support.hierarchical.ThrowableCollector.execute(ThrowableCollector.java:73)
	at org.junit.platform.engine.support.hierarchical.NodeTestTask.lambda$executeRecursively$8(NodeTestTask.java:141)
	at org.junit.platform.engine.support.hierarchical.Node.around(Node.java:137)
	at org.junit.platform.engine.support.hierarchical.NodeTestTask.lambda$executeRecursively$9(NodeTestTask.java:139)
	at org.junit.platform.engine.support.hierarchical.ThrowableCollector.execute(ThrowableCollector.java:73)
	at org.junit.platform.engine.support.hierarchical.NodeTestTask.executeRecursively(NodeTestTask.java:138)
	at org.junit.platform.engine.support.hierarchical.NodeTestTask.execute(NodeTestTask.java:95)
	at java.base/java.util.ArrayList.forEach(ArrayList.java:1596)
	at org.junit.platform.engine.support.hierarchical.SameThreadHierarchicalTestExecutorService.invokeAll(SameThreadHierarchicalTestExecutorService.java:41)
	at org.junit.platform.engine.support.hierarchical.NodeTestTask.lambda$executeRecursively$6(NodeTestTask.java:155)
	at org.junit.platform.engine.support.hierarchical.ThrowableCollector.execute(ThrowableCollector.java:73)
	at org.junit.platform.engine.support.hierarchical.NodeTestTask.lambda$executeRecursively$8(NodeTestTask.java:141)
	at org.junit.platform.engine.support.hierarchical.Node.around(Node.java:137)
	at org.junit.platform.engine.support.hierarchical.NodeTestTask.lambda$executeRecursively$9(NodeTestTask.java:139)
	at org.junit.platform.engine.support.hierarchical.ThrowableCollector.execute(ThrowableCollector.java:73)
	at org.junit.platform.engine.support.hierarchical.NodeTestTask.executeRecursively(NodeTestTask.java:138)
	at org.junit.platform.engine.support.hierarchical.NodeTestTask.execute(NodeTestTask.java:95)
	at org.junit.platform.engine.support.hierarchical.SameThreadHierarchicalTestExecutorService.submit(SameThreadHierarchicalTestExecutorService.java:35)
	at org.junit.platform.engine.support.hierarchical.HierarchicalTestExecutor.execute(HierarchicalTestExecutor.java:57)
	at org.junit.platform.engine.support.hierarchical.HierarchicalTestEngine.execute(HierarchicalTestEngine.java:54)
	at org.junit.platform.launcher.core.EngineExecutionOrchestrator.execute(EngineExecutionOrchestrator.java:198)
	at org.junit.platform.launcher.core.EngineExecutionOrchestrator.execute(EngineExecutionOrchestrator.java:169)
	at org.junit.platform.launcher.core.EngineExecutionOrchestrator.execute(EngineExecutionOrchestrator.java:93)
	at org.junit.platform.launcher.core.EngineExecutionOrchestrator.lambda$execute$0(EngineExecutionOrchestrator.java:58)
	at org.junit.platform.launcher.core.EngineExecutionOrchestrator.withInterceptedStreams(EngineExecutionOrchestrator.java:141)
	at org.junit.platform.launcher.core.EngineExecutionOrchestrator.execute(EngineExecutionOrchestrator.java:57)
	at org.junit.platform.launcher.core.DefaultLauncher.execute(DefaultLauncher.java:103)
	at org.junit.platform.launcher.core.DefaultLauncher.execute(DefaultLauncher.java:85)
	at org.junit.platform.launcher.core.DelegatingLauncher.execute(DelegatingLauncher.java:47)
	at org.junit.platform.launcher.core.SessionPerRequestLauncher.execute(SessionPerRequestLauncher.java:63)
	at com.intellij.junit5.JUnit5IdeaTestRunner.startRunnerWithArgs(JUnit5IdeaTestRunner.java:57)
	at com.intellij.rt.junit.IdeaTestRunner$Repeater$1.execute(IdeaTestRunner.java:38)
	at com.intellij.rt.execution.junit.TestsRepeater.repeat(TestsRepeater.java:11)
	at com.intellij.rt.junit.IdeaTestRunner$Repeater.startRunnerWithArgs(IdeaTestRunner.java:35)
	at com.intellij.rt.junit.JUnitStarter.prepareStreamsAndStart(JUnitStarter.java:232)
	at com.intellij.rt.junit.JUnitStarter.main(JUnitStarter.java:55)
Caused by: org.openqa.selenium.StaleElementReferenceException: stale element reference: stale element not found in the current frame
  (Session info: chrome=131.0.6778.265)
For documentation on this error, please visit: https://www.selenium.dev/documentation/webdriver/troubleshooting/errors#stale-element-reference-exception
Build info: version: '4.27.0', revision: 'd6e718d134'
System info: os.name: 'Windows 11', os.arch: 'amd64', os.version: '10.0', java.version: '21.0.3'
Driver info: org.openqa.selenium.chrome.ChromeDriver
Command: [9360955fafb3ed28ca4a6d2fe1a4024c, getElementText {id=f.56600EAD9249327EE3518F7D9878581A.d.30CB1C63137B447909C97BFB4C829BCD.e.77}]
Capabilities {acceptInsecureCerts: false, browserName: chrome, browserVersion: 131.0.6778.265, chrome: {chromedriverVersion: 131.0.6778.264 (2d05e315153..., userDataDir: C:\Users\INGRID~1.ZAD\AppDa...}, fedcm:accounts: true, goog:chromeOptions: {debuggerAddress: localhost:57985}, networkConnectionEnabled: false, pageLoadStrategy: normal, platformName: windows, proxy: Proxy(), se:cdp: ws://localhost:57985/devtoo..., se:cdpVersion: 131.0.6778.265, setWindowRect: true, strictFileInteractability: false, timeouts: {implicit: 0, pageLoad: 300000, script: 30000}, unhandledPromptBehavior: dismiss and notify, webauthn:extension:credBlob: true, webauthn:extension:largeBlob: true, webauthn:extension:minPinLength: true, webauthn:extension:prf: true, webauthn:virtualAuthenticators: true}
Element: [[ChromeDriver: chrome on windows (9360955fafb3ed28ca4a6d2fe1a4024c)] -> xpath: //mat-option]
Session ID: 9360955fafb3ed28ca4a6d2fe1a4024c
	at java.base/jdk.internal.reflect.DirectConstructorHandleAccessor.newInstance(DirectConstructorHandleAccessor.java:62)
	at java.base/java.lang.reflect.Constructor.newInstanceWithCaller(Constructor.java:502)
	at java.base/java.lang.reflect.Constructor.newInstance(Constructor.java:486)
	at org.openqa.selenium.remote.ErrorCodec.decode(ErrorCodec.java:167)
	at org.openqa.selenium.remote.codec.w3c.W3CHttpResponseCodec.decode(W3CHttpResponseCodec.java:138)
	at org.openqa.selenium.remote.codec.w3c.W3CHttpResponseCodec.decode(W3CHttpResponseCodec.java:50)
	at org.openqa.selenium.remote.HttpCommandExecutor.execute(HttpCommandExecutor.java:190)
	at org.openqa.selenium.remote.service.DriverCommandExecutor.invokeExecute(DriverCommandExecutor.java:216)
	at org.openqa.selenium.remote.service.DriverCommandExecutor.execute(DriverCommandExecutor.java:174)
	at org.openqa.selenium.remote.RemoteWebDriver.execute(RemoteWebDriver.java:545)
	at org.openqa.selenium.remote.RemoteWebElement.execute(RemoteWebElement.java:223)
	at org.openqa.selenium.remote.RemoteWebElement.getText(RemoteWebElement.java:191)
	at lt.insoft.uztis.pages.ApplicationFormsPage.lambda$selectValuesByListEvaluationThree$4(ApplicationFormsPage.java:518)
	at java.base/java.util.stream.ReferencePipeline$2$1.accept(ReferencePipeline.java:178)
	at java.base/java.util.ArrayList$ArrayListSpliterator.tryAdvance(ArrayList.java:1685)
	at java.base/java.util.stream.ReferencePipeline.forEachWithCancel(ReferencePipeline.java:129)
	at java.base/java.util.stream.AbstractPipeline.copyIntoWithCancel(AbstractPipeline.java:527)
	at java.base/java.util.stream.AbstractPipeline.copyInto(AbstractPipeline.java:513)
	at java.base/java.util.stream.AbstractPipeline.wrapAndCopyInto(AbstractPipeline.java:499)
	at java.base/java.util.stream.FindOps$FindOp.evaluateSequential(FindOps.java:150)
	at java.base/java.util.stream.AbstractPipeline.evaluate(AbstractPipeline.java:234)
	at java.base/java.util.stream.ReferencePipeline.findFirst(ReferencePipeline.java:647)
	at lt.insoft.uztis.pages.ApplicationFormsPage.selectValuesByListEvaluationThree(ApplicationFormsPage.java:519)
	... 69 common frames omitted
2025-01-21 14:23:36 [main] INFO  l.insoft.uztis.tests.utils.TestUtils - Screenshot moved to C:\Users\ingrida.zadorozniene\Desktop\Asm\UZTIS\UZTIS_tests\test-output\screenshots\20250121\142336242_testCreateNewVuiApplication().png
2025-01-21 14:24:51 [main] INFO  lt.insoft.uztis.tests.UztisPageTest - Navigated to https://uztisdev.asseco.lt/home
2025-01-21 14:24:51 [main] INFO  l.i.u.tests.ApplicationFormsPageTest - Setup complete. ApplicationFormsPage initialized.
2025-01-21 14:24:51 [main] INFO  l.i.u.tests.ApplicationFormsPageTest - Starting test:'testCreateNewVuiApplication'
2025-01-21 14:24:51 [main] DEBUG l.i.u.tests.ApplicationFormsPageTest - User logged in with test credentials
2025-01-21 14:24:52 [main] DEBUG l.i.u.tests.ApplicationFormsPageTest - Opened 'Application Processing' menu.
2025-01-21 14:24:52 [main] DEBUG l.i.u.tests.ApplicationFormsPageTest - Clicked on 'Application Forms' menu.
2025-01-21 14:24:52 [main] DEBUG l.i.u.tests.ApplicationFormsPageTest - Clicked to create a new application form.
2025-01-21 14:24:52 [main] DEBUG l.i.u.tests.ApplicationFormsPageTest - Entered random application code: TST-VUI-37
2025-01-21 14:24:52 [main] DEBUG l.i.u.tests.ApplicationFormsPageTest - Selected 'Section' radio button.
2025-01-21 14:24:52 [main] INFO  l.i.uztis.pages.ApplicationFormsPage - Located the dropdown button.
2025-01-21 14:24:53 [main] INFO  l.i.uztis.pages.ApplicationFormsPage - Successfully selected the value: 'Skyrius 1'
2025-01-21 14:25:03 [main] ERROR l.i.uztis.pages.ApplicationFormsPage - Failed to close the dropdown with aria-expanded = 'false'.
2025-01-21 14:25:03 [main] DEBUG l.i.u.tests.ApplicationFormsPageTest - Selected a value from the 'Section' dropdown: 'Skyrius 1'
2025-01-21 14:25:03 [main] DEBUG l.i.u.tests.ApplicationFormsPageTest - Selected 'Budget by Municipality' option.
2025-01-21 14:25:03 [main] DEBUG l.i.u.tests.ApplicationFormsPageTest - Selected 'Financed Without Queue' option.
2025-01-21 14:25:03 [main] DEBUG l.i.u.tests.ApplicationFormsPageTest - Clicked 'Add' button.
2025-01-21 14:25:03 [main] INFO  l.i.uztis.pages.ApplicationFormsPage - Located the dropdown button.
2025-01-21 14:25:04 [main] INFO  l.i.uztis.pages.ApplicationFormsPage - Successfully selected the value: 'VUI paraiškos vertinimo forma - I etapas'
2025-01-21 14:25:04 [main] DEBUG l.i.u.tests.ApplicationFormsPageTest - Selected a value from the 'EvaluationOne' dropdown: 'VUI paraiškos vertinimo forma - I etapas'
2025-01-21 14:25:04 [main] INFO  l.i.uztis.pages.ApplicationFormsPage - Located the dropdown button.
2025-01-21 14:25:04 [main] DEBUG l.i.uztis.pages.ApplicationFormsPage - Option text: '', value to select: 'VUI paraiškos vertinimo forma - II etapas'
2025-01-21 14:25:04 [main] INFO  l.i.uztis.pages.ApplicationFormsPage - Successfully selected the value: 'VUI paraiškos vertinimo forma - II etapas'
2025-01-21 14:25:04 [main] DEBUG l.i.u.tests.ApplicationFormsPageTest - Selected a value from the 'EvaluationTwon' dropdown: 'VUI paraiškos vertinimo forma - II etapas'
2025-01-21 14:25:04 [main] INFO  l.i.uztis.pages.ApplicationFormsPage - Located the dropdown button.
2025-01-21 14:25:04 [main] DEBUG l.i.uztis.pages.ApplicationFormsPage - Option text: 'VUI paraiškos vertinimo forma - III etapas', value to select: 'VUI paraiškos vertinimo forma - III etapas'
2025-01-21 14:25:04 [main] INFO  l.i.uztis.pages.ApplicationFormsPage - Successfully selected the value: 'VUI paraiškos vertinimo forma - III etapas'
2025-01-21 14:25:04 [main] DEBUG l.i.u.tests.ApplicationFormsPageTest - Selected a value from the 'EvaluationThree' dropdown: 'VUI paraiškos vertinimo forma - III etapas'
2025-01-21 14:25:04 [main] DEBUG l.i.u.tests.ApplicationFormsPageTest - Clicked 'Plus' button.
2025-01-21 14:25:05 [main] DEBUG l.i.u.tests.ApplicationFormsPageTest - Clicked 'Add' button seven times.
2025-01-21 14:25:05 [main] INFO  l.i.uztis.pages.ApplicationFormsPage - Processing dropdown index: 0
2025-01-21 14:25:15 [main] ERROR l.i.uztis.pages.ApplicationFormsPage - Timeout while waiting for dropdown to close at index: 0 with aria-expanded = 'false'
2025-01-21 14:25:15 [main] INFO  l.i.uztis.pages.ApplicationFormsPage - Processing dropdown index: 1
2025-01-21 14:25:25 [main] ERROR l.i.uztis.pages.ApplicationFormsPage - Timeout while waiting for dropdown to close at index: 1 with aria-expanded = 'false'
2025-01-21 14:25:25 [main] INFO  l.i.uztis.pages.ApplicationFormsPage - Processing dropdown index: 2
2025-01-21 14:25:36 [main] ERROR l.i.uztis.pages.ApplicationFormsPage - Timeout while waiting for dropdown to close at index: 2 with aria-expanded = 'false'
2025-01-21 14:25:36 [main] INFO  l.i.uztis.pages.ApplicationFormsPage - Processing dropdown index: 3
2025-01-21 14:25:47 [main] ERROR l.i.uztis.pages.ApplicationFormsPage - Timeout while waiting for dropdown to close at index: 3 with aria-expanded = 'false'
2025-01-21 14:25:47 [main] INFO  l.i.uztis.pages.ApplicationFormsPage - Processing dropdown index: 4
2025-01-21 14:25:57 [main] ERROR l.i.uztis.pages.ApplicationFormsPage - Timeout while waiting for dropdown to close at index: 4 with aria-expanded = 'false'
2025-01-21 14:25:57 [main] INFO  l.i.uztis.pages.ApplicationFormsPage - Processing dropdown index: 5
2025-01-21 14:26:08 [main] ERROR l.i.uztis.pages.ApplicationFormsPage - Timeout while waiting for dropdown to close at index: 5 with aria-expanded = 'false'
2025-01-21 14:26:08 [main] INFO  l.i.uztis.pages.ApplicationFormsPage - Processing dropdown index: 6
2025-01-21 14:26:19 [main] ERROR l.i.uztis.pages.ApplicationFormsPage - Timeout while waiting for dropdown to close at index: 6 with aria-expanded = 'false'
2025-01-21 14:26:19 [main] INFO  l.i.uztis.pages.ApplicationFormsPage - Processing dropdown index: 7
2025-01-21 14:26:29 [main] ERROR l.i.uztis.pages.ApplicationFormsPage - Timeout while waiting for dropdown to close at index: 7 with aria-expanded = 'false'
2025-01-21 14:26:29 [main] INFO  l.i.uztis.pages.ApplicationFormsPage - Processing input field index: 0
2025-01-21 14:26:30 [main] INFO  l.i.uztis.pages.ApplicationFormsPage - Entered value '50' into field index: 0
2025-01-21 14:26:30 [main] INFO  l.i.uztis.pages.ApplicationFormsPage - Processing input field index: 1
2025-01-21 14:26:30 [main] INFO  l.i.uztis.pages.ApplicationFormsPage - Entered value '924' into field index: 1
2025-01-21 14:26:30 [main] INFO  l.i.uztis.pages.ApplicationFormsPage - Processing input field index: 2
2025-01-21 14:26:30 [main] INFO  l.i.uztis.pages.ApplicationFormsPage - Entered value '31' into field index: 2
2025-01-21 14:26:30 [main] INFO  l.i.uztis.pages.ApplicationFormsPage - Processing input field index: 3
2025-01-21 14:26:30 [main] INFO  l.i.uztis.pages.ApplicationFormsPage - Entered value '4.7' into field index: 3
2025-01-21 14:26:30 [main] INFO  l.i.uztis.pages.ApplicationFormsPage - Processing input field index: 4
2025-01-21 14:26:30 [main] INFO  l.i.uztis.pages.ApplicationFormsPage - Entered value '35' into field index: 4
2025-01-21 14:26:30 [main] INFO  l.i.uztis.pages.ApplicationFormsPage - Processing input field index: 5
2025-01-21 14:26:30 [main] INFO  l.i.uztis.pages.ApplicationFormsPage - Entered value '20' into field index: 5
2025-01-21 14:26:30 [main] INFO  l.i.uztis.pages.ApplicationFormsPage - Processing input field index: 6
2025-01-21 14:26:30 [main] INFO  l.i.uztis.pages.ApplicationFormsPage - Entered value '30' into field index: 6
2025-01-21 14:26:30 [main] INFO  l.i.uztis.pages.ApplicationFormsPage - Processing input field index: 7
2025-01-21 14:26:30 [main] INFO  l.i.uztis.pages.ApplicationFormsPage - Entered value '60' into field index: 7
2025-01-21 14:26:30 [main] DEBUG l.i.u.tests.ApplicationFormsPageTest - Entered additional values and text.
2025-01-21 14:26:31 [main] DEBUG l.i.u.tests.ApplicationFormsPageTest - Entered application name: VUI paraiška
2025-01-21 14:26:31 [main] DEBUG l.i.u.tests.ApplicationFormsPageTest - Clicked the 'Save' button.
2025-01-21 14:26:31 [main] INFO  l.i.u.tests.ApplicationFormsPageTest - Verified success message text: 'Duomenys sėkmingai išsaugoti.'
2025-01-21 14:26:31 [main] INFO  l.i.u.tests.ApplicationFormsPageTest - Verified that the 'Save Form' button is displayed.
2025-01-21 14:26:31 [main] INFO  l.i.u.tests.ApplicationFormsPageTest - Test 'testCreateNewVuiApplication' completed successfully.
2025-01-21 14:29:11 [main] INFO  lt.insoft.uztis.tests.UztisPageTest - Navigated to https://uztisdev.asseco.lt/home
2025-01-21 14:29:11 [main] INFO  l.i.u.tests.ApplicationFormsPageTest - Setup complete. ApplicationFormsPage initialized.
2025-01-21 14:29:11 [main] INFO  l.i.u.tests.ApplicationFormsPageTest - Starting test:'testCreateNewVuiApplication'
2025-01-21 14:29:12 [main] DEBUG l.i.u.tests.ApplicationFormsPageTest - User logged in with test credentials
2025-01-21 14:29:13 [main] DEBUG l.i.u.tests.ApplicationFormsPageTest - Opened 'Application Processing' menu.
2025-01-21 14:29:13 [main] DEBUG l.i.u.tests.ApplicationFormsPageTest - Clicked on 'Application Forms' menu.
2025-01-21 14:29:13 [main] DEBUG l.i.u.tests.ApplicationFormsPageTest - Clicked to create a new application form.
2025-01-21 14:29:13 [main] DEBUG l.i.u.tests.ApplicationFormsPageTest - Entered random application code: TST-VUI-92
2025-01-21 14:29:13 [main] DEBUG l.i.u.tests.ApplicationFormsPageTest - Selected 'Section' radio button.
2025-01-21 14:29:13 [main] INFO  l.i.uztis.pages.ApplicationFormsPage - Located the dropdown button.
2025-01-21 14:29:14 [main] INFO  l.i.uztis.pages.ApplicationFormsPage - Successfully selected the value: 'Skyrius 1'
2025-01-21 14:29:24 [main] ERROR l.i.uztis.pages.ApplicationFormsPage - Failed to close the dropdown with aria-expanded = 'false'.
2025-01-21 14:29:24 [main] DEBUG l.i.u.tests.ApplicationFormsPageTest - Selected a value from the 'Section' dropdown: 'Skyrius 1'
2025-01-21 14:29:25 [main] DEBUG l.i.u.tests.ApplicationFormsPageTest - Selected 'Budget by Municipality' option.
2025-01-21 14:29:25 [main] DEBUG l.i.u.tests.ApplicationFormsPageTest - Selected 'Financed Without Queue' option.
2025-01-21 14:29:25 [main] DEBUG l.i.u.tests.ApplicationFormsPageTest - Clicked 'Add' button.
2025-01-21 14:29:25 [main] INFO  l.i.uztis.pages.ApplicationFormsPage - Located the dropdown button.
2025-01-21 14:29:25 [main] INFO  l.i.uztis.pages.ApplicationFormsPage - Successfully selected the value: 'VUI paraiškos vertinimo forma - I etapas'
2025-01-21 14:29:25 [main] DEBUG l.i.u.tests.ApplicationFormsPageTest - Selected a value from the 'EvaluationOne' dropdown: 'VUI paraiškos vertinimo forma - I etapas'
2025-01-21 14:29:25 [main] INFO  l.i.uztis.pages.ApplicationFormsPage - Located the dropdown button.
2025-01-21 14:44:02 [main] INFO  lt.insoft.uztis.tests.UztisPageTest - Navigated to https://uztisdev.asseco.lt/home
2025-01-21 14:44:02 [main] INFO  l.i.u.tests.ApplicationFormsPageTest - Setup complete. ApplicationFormsPage initialized.
2025-01-21 14:44:02 [main] INFO  l.i.u.tests.ApplicationFormsPageTest - Starting test:'testEditAndSaveVuiApplication'
2025-01-21 14:44:03 [main] DEBUG l.i.u.tests.ApplicationFormsPageTest - User logged in with test credentials
2025-01-21 14:44:03 [main] DEBUG l.i.u.tests.ApplicationFormsPageTest - Opened 'Application Processing' menu.
2025-01-21 14:44:03 [main] DEBUG l.i.u.tests.ApplicationFormsPageTest - Clicked on 'Application Forms' menu.
2025-01-21 14:44:04 [main] DEBUG l.i.u.tests.ApplicationFormsPageTest - Selected the last application description.
2025-01-21 14:44:04 [main] DEBUG l.i.u.tests.ApplicationFormsPageTest - Clicked the 'Edit' button.
2025-01-21 14:44:04 [main] DEBUG l.i.u.tests.ApplicationFormsPageTest - Selected 'Municipality' radio button.
2025-01-21 14:44:04 [main] INFO  l.i.uztis.pages.ApplicationFormsPage - Located the dropdown button.
2025-01-21 14:44:04 [main] INFO  l.i.uztis.pages.ApplicationFormsPage - Successfully selected the value: 'Kauno departamentas'
2025-01-21 14:44:15 [main] ERROR l.i.uztis.pages.ApplicationFormsPage - Failed to close the dropdown with aria-expanded = 'false'.
2025-01-21 14:44:15 [main] DEBUG l.i.u.tests.ApplicationFormsPageTest - Selected a value from the 'Municipality' dropdown: 'Kauno departamentas'
2025-01-21 14:44:15 [main] DEBUG l.i.u.tests.ApplicationFormsPageTest - Selected 'Budget By Country' radio button.
2025-01-21 14:44:15 [main] DEBUG l.i.u.tests.ApplicationFormsPageTest - Selected 'Financed By Queue' radio button.
2025-01-21 14:44:15 [main] DEBUG l.i.u.tests.ApplicationFormsPageTest - Entered new application name: _paredaguota
2025-01-21 14:44:15 [main] DEBUG l.i.u.tests.ApplicationFormsPageTest - Clicked the 'Save' button.
2025-01-21 14:44:16 [main] INFO  l.i.u.tests.ApplicationFormsPageTest - Verified success message: 'Duomenys sėkmingai išsaugoti.'
2025-01-21 14:44:16 [main] INFO  l.i.u.tests.ApplicationFormsPageTest - Test 'testEditAndSaveVuiApplication' completed successfully.
2025-01-21 14:44:48 [main] INFO  lt.insoft.uztis.tests.UztisPageTest - Navigated to https://uztisdev.asseco.lt/home
2025-01-21 14:44:48 [main] INFO  l.i.u.tests.ApplicationFormsPageTest - Setup complete. ApplicationFormsPage initialized.
2025-01-21 14:44:48 [main] INFO  l.i.u.tests.ApplicationFormsPageTest - Starting test:'testCreateNewDvpApplication'
2025-01-21 14:44:49 [main] DEBUG l.i.u.tests.ApplicationFormsPageTest - User logged in with test credentials
2025-01-21 14:44:49 [main] DEBUG l.i.u.tests.ApplicationFormsPageTest - Opened 'Application Processing' menu.
2025-01-21 14:44:49 [main] DEBUG l.i.u.tests.ApplicationFormsPageTest - Clicked on 'Application Forms' menu.
2025-01-21 14:44:50 [main] DEBUG l.i.u.tests.ApplicationFormsPageTest - Clicked to create a new application form.
2025-01-21 14:44:50 [main] DEBUG l.i.u.tests.ApplicationFormsPageTest - Entered random application code: TST-DVP-74
2025-01-21 14:44:50 [main] DEBUG l.i.u.tests.ApplicationFormsPageTest - Selected 'Municipality' radio button.
2025-01-21 14:44:50 [main] INFO  l.i.uztis.pages.ApplicationFormsPage - Located the dropdown button.
2025-01-21 14:44:50 [main] INFO  l.i.uztis.pages.ApplicationFormsPage - Successfully selected the value: 'Kauno departamentas'
2025-01-21 14:45:01 [main] ERROR l.i.uztis.pages.ApplicationFormsPage - Failed to close the dropdown with aria-expanded = 'false'.
2025-01-21 14:45:01 [main] DEBUG l.i.u.tests.ApplicationFormsPageTest - Selected a value from the 'Municipality' dropdown: 'Kauno departamentas'
2025-01-21 14:45:01 [main] DEBUG l.i.u.tests.ApplicationFormsPageTest - Selected 'Budget By Country' radio button.
2025-01-21 14:45:01 [main] DEBUG l.i.u.tests.ApplicationFormsPageTest - Selected 'Financed Without Queue' option.
2025-01-21 14:45:01 [main] INFO  l.i.uztis.pages.ApplicationFormsPage - Located the dropdown button.
2025-01-21 14:45:01 [main] INFO  l.i.uztis.pages.ApplicationFormsPage - Successfully selected the value: 'DVP paraiškos vertinimo forma - I etapas'
2025-01-21 14:45:01 [main] DEBUG l.i.u.tests.ApplicationFormsPageTest - Selected a value from the 'EvaluationOne' dropdown: 'DVP paraiškos vertinimo forma - I etapas'
2025-01-21 14:45:01 [main] DEBUG l.i.u.tests.ApplicationFormsPageTest - Clicked 'Plus' button.
2025-01-21 14:45:02 [main] DEBUG l.i.u.tests.ApplicationFormsPageTest - Clicked 'Add' button seven times.
2025-01-21 14:45:02 [main] INFO  l.i.uztis.pages.ApplicationFormsPage - Processing dropdown index: 0
2025-01-21 14:45:12 [main] ERROR l.i.uztis.pages.ApplicationFormsPage - Timeout while waiting for dropdown to close at index: 0 with aria-expanded = 'false'
2025-01-21 14:45:12 [main] INFO  l.i.uztis.pages.ApplicationFormsPage - Processing dropdown index: 1
2025-01-21 14:45:23 [main] ERROR l.i.uztis.pages.ApplicationFormsPage - Timeout while waiting for dropdown to close at index: 1 with aria-expanded = 'false'
2025-01-21 14:45:23 [main] INFO  l.i.uztis.pages.ApplicationFormsPage - Processing dropdown index: 2
2025-01-21 14:45:33 [main] ERROR l.i.uztis.pages.ApplicationFormsPage - Timeout while waiting for dropdown to close at index: 2 with aria-expanded = 'false'
2025-01-21 14:45:33 [main] INFO  l.i.uztis.pages.ApplicationFormsPage - Processing dropdown index: 3
2025-01-21 14:45:43 [main] ERROR l.i.uztis.pages.ApplicationFormsPage - Timeout while waiting for dropdown to close at index: 3 with aria-expanded = 'false'
2025-01-21 14:45:43 [main] INFO  l.i.uztis.pages.ApplicationFormsPage - Processing dropdown index: 4
2025-01-21 14:45:54 [main] ERROR l.i.uztis.pages.ApplicationFormsPage - Timeout while waiting for dropdown to close at index: 4 with aria-expanded = 'false'
2025-01-21 14:45:54 [main] INFO  l.i.uztis.pages.ApplicationFormsPage - Processing dropdown index: 5
2025-01-21 14:46:04 [main] ERROR l.i.uztis.pages.ApplicationFormsPage - Timeout while waiting for dropdown to close at index: 5 with aria-expanded = 'false'
2025-01-21 14:46:04 [main] INFO  l.i.uztis.pages.ApplicationFormsPage - Processing dropdown index: 6
2025-01-21 14:46:15 [main] ERROR l.i.uztis.pages.ApplicationFormsPage - Timeout while waiting for dropdown to close at index: 6 with aria-expanded = 'false'
2025-01-21 14:46:15 [main] INFO  l.i.uztis.pages.ApplicationFormsPage - Processing dropdown index: 7
2025-01-21 14:46:25 [main] ERROR l.i.uztis.pages.ApplicationFormsPage - Timeout while waiting for dropdown to close at index: 7 with aria-expanded = 'false'
2025-01-21 14:46:25 [main] INFO  l.i.uztis.pages.ApplicationFormsPage - Processing input field index: 0
2025-01-21 14:46:26 [main] INFO  l.i.uztis.pages.ApplicationFormsPage - Entered value '50' into field index: 0
2025-01-21 14:46:26 [main] INFO  l.i.uztis.pages.ApplicationFormsPage - Processing input field index: 1
2025-01-21 14:46:26 [main] INFO  l.i.uztis.pages.ApplicationFormsPage - Entered value '924' into field index: 1
2025-01-21 14:46:26 [main] INFO  l.i.uztis.pages.ApplicationFormsPage - Processing input field index: 2
2025-01-21 14:46:26 [main] INFO  l.i.uztis.pages.ApplicationFormsPage - Entered value '31' into field index: 2
2025-01-21 14:46:26 [main] INFO  l.i.uztis.pages.ApplicationFormsPage - Processing input field index: 3
2025-01-21 14:46:26 [main] INFO  l.i.uztis.pages.ApplicationFormsPage - Entered value '4.7' into field index: 3
2025-01-21 14:46:26 [main] INFO  l.i.uztis.pages.ApplicationFormsPage - Processing input field index: 4
2025-01-21 14:46:26 [main] INFO  l.i.uztis.pages.ApplicationFormsPage - Entered value '35' into field index: 4
2025-01-21 14:46:26 [main] INFO  l.i.uztis.pages.ApplicationFormsPage - Processing input field index: 5
2025-01-21 14:46:26 [main] INFO  l.i.uztis.pages.ApplicationFormsPage - Entered value '20' into field index: 5
2025-01-21 14:46:26 [main] INFO  l.i.uztis.pages.ApplicationFormsPage - Processing input field index: 6
2025-01-21 14:46:26 [main] INFO  l.i.uztis.pages.ApplicationFormsPage - Entered value '30' into field index: 6
2025-01-21 14:46:26 [main] INFO  l.i.uztis.pages.ApplicationFormsPage - Processing input field index: 7
2025-01-21 14:46:26 [main] INFO  l.i.uztis.pages.ApplicationFormsPage - Entered value '60' into field index: 7
2025-01-21 14:46:26 [main] DEBUG l.i.u.tests.ApplicationFormsPageTest - Entered additional values and text.
2025-01-21 14:46:27 [main] DEBUG l.i.u.tests.ApplicationFormsPageTest - Entered application name: DVP paraiška
2025-01-21 14:46:27 [main] DEBUG l.i.u.tests.ApplicationFormsPageTest - Clicked the 'Save' button.
2025-01-21 14:46:27 [main] INFO  l.i.u.tests.ApplicationFormsPageTest - Verified success message: 'Duomenys sėkmingai išsaugoti.'
2025-01-21 14:46:27 [main] INFO  l.i.u.tests.ApplicationFormsPageTest - Verified that the 'Save Form' button is displayed.
2025-01-21 14:46:27 [main] INFO  l.i.u.tests.ApplicationFormsPageTest - Test 'testCreateNewDvpApplication' completed successfully.
2025-01-21 14:46:56 [main] ERROR l.i.uztis.pages.ApplicationFormsPage - Error selecting value from the list: no such window: target window already closed
from unknown error: web view not found
  (Session info: chrome=131.0.6778.265)
Build info: version: '4.27.0', revision: 'd6e718d134'
System info: os.name: 'Windows 11', os.arch: 'amd64', os.version: '10.0', java.version: '21.0.3'
Driver info: org.openqa.selenium.chrome.ChromeDriver
Command: [1d73c3f38e94c966f05f6a37ef7819af, getElementText {id=f.338DA6D46E64DB9EC6F3DA4A2DAE98A4.d.E7E579586D07A5AE8D993ABB1841DEA4.e.86}]
Capabilities {acceptInsecureCerts: false, browserName: chrome, browserVersion: 131.0.6778.265, chrome: {chromedriverVersion: 131.0.6778.264 (2d05e315153..., userDataDir: C:\Users\INGRID~1.ZAD\AppDa...}, fedcm:accounts: true, goog:chromeOptions: {debuggerAddress: localhost:58211}, networkConnectionEnabled: false, pageLoadStrategy: normal, platformName: windows, proxy: Proxy(), se:cdp: ws://localhost:58211/devtoo..., se:cdpVersion: 131.0.6778.265, setWindowRect: true, strictFileInteractability: false, timeouts: {implicit: 0, pageLoad: 300000, script: 30000}, unhandledPromptBehavior: dismiss and notify, webauthn:extension:credBlob: true, webauthn:extension:largeBlob: true, webauthn:extension:minPinLength: true, webauthn:extension:prf: true, webauthn:virtualAuthenticators: true}
Element: [[ChromeDriver: chrome on windows (1d73c3f38e94c966f05f6a37ef7819af)] -> xpath: //mat-option]
Session ID: 1d73c3f38e94c966f05f6a37ef7819af
2025-01-21 14:46:56 [main] ERROR l.i.u.tests.ApplicationFormsPageTest - Test 'testCreateNewVuiApplication' failed with error: Failed to select from the list
java.lang.RuntimeException: Failed to select from the list
	at lt.insoft.uztis.pages.ApplicationFormsPage.selectValuesByListEvaluationTwo(ApplicationFormsPage.java:475)
	at lt.insoft.uztis.tests.ApplicationFormsPageTest.testCreateNewVuiApplication(ApplicationFormsPageTest.java:130)
	at java.base/jdk.internal.reflect.DirectMethodHandleAccessor.invoke(DirectMethodHandleAccessor.java:103)
	at java.base/java.lang.reflect.Method.invoke(Method.java:580)
	at org.junit.platform.commons.util.ReflectionUtils.invokeMethod(ReflectionUtils.java:728)
	at org.junit.jupiter.engine.execution.MethodInvocation.proceed(MethodInvocation.java:60)
	at org.junit.jupiter.engine.execution.InvocationInterceptorChain$ValidatingInvocation.proceed(InvocationInterceptorChain.java:131)
	at org.junit.jupiter.engine.extension.TimeoutExtension.intercept(TimeoutExtension.java:156)
	at org.junit.jupiter.engine.extension.TimeoutExtension.interceptTestableMethod(TimeoutExtension.java:147)
	at org.junit.jupiter.engine.extension.TimeoutExtension.interceptTestMethod(TimeoutExtension.java:86)
	at org.junit.jupiter.engine.execution.InterceptingExecutableInvoker$ReflectiveInterceptorCall.lambda$ofVoidMethod$0(InterceptingExecutableInvoker.java:103)
	at org.junit.jupiter.engine.execution.InterceptingExecutableInvoker.lambda$invoke$0(InterceptingExecutableInvoker.java:93)
	at org.junit.jupiter.engine.execution.InvocationInterceptorChain$InterceptedInvocation.proceed(InvocationInterceptorChain.java:106)
	at org.junit.jupiter.engine.execution.InvocationInterceptorChain.proceed(InvocationInterceptorChain.java:64)
	at org.junit.jupiter.engine.execution.InvocationInterceptorChain.chainAndInvoke(InvocationInterceptorChain.java:45)
	at org.junit.jupiter.engine.execution.InvocationInterceptorChain.invoke(InvocationInterceptorChain.java:37)
	at org.junit.jupiter.engine.execution.InterceptingExecutableInvoker.invoke(InterceptingExecutableInvoker.java:92)
	at org.junit.jupiter.engine.execution.InterceptingExecutableInvoker.invoke(InterceptingExecutableInvoker.java:86)
	at org.junit.jupiter.engine.descriptor.TestMethodTestDescriptor.lambda$invokeTestMethod$7(TestMethodTestDescriptor.java:218)
	at org.junit.platform.engine.support.hierarchical.ThrowableCollector.execute(ThrowableCollector.java:73)
	at org.junit.jupiter.engine.descriptor.TestMethodTestDescriptor.invokeTestMethod(TestMethodTestDescriptor.java:214)
	at org.junit.jupiter.engine.descriptor.TestMethodTestDescriptor.execute(TestMethodTestDescriptor.java:139)
	at org.junit.jupiter.engine.descriptor.TestMethodTestDescriptor.execute(TestMethodTestDescriptor.java:69)
	at org.junit.platform.engine.support.hierarchical.NodeTestTask.lambda$executeRecursively$6(NodeTestTask.java:151)
	at org.junit.platform.engine.support.hierarchical.ThrowableCollector.execute(ThrowableCollector.java:73)
	at org.junit.platform.engine.support.hierarchical.NodeTestTask.lambda$executeRecursively$8(NodeTestTask.java:141)
	at org.junit.platform.engine.support.hierarchical.Node.around(Node.java:137)
	at org.junit.platform.engine.support.hierarchical.NodeTestTask.lambda$executeRecursively$9(NodeTestTask.java:139)
	at org.junit.platform.engine.support.hierarchical.ThrowableCollector.execute(ThrowableCollector.java:73)
	at org.junit.platform.engine.support.hierarchical.NodeTestTask.executeRecursively(NodeTestTask.java:138)
	at org.junit.platform.engine.support.hierarchical.NodeTestTask.execute(NodeTestTask.java:95)
	at java.base/java.util.ArrayList.forEach(ArrayList.java:1596)
	at org.junit.platform.engine.support.hierarchical.SameThreadHierarchicalTestExecutorService.invokeAll(SameThreadHierarchicalTestExecutorService.java:41)
	at org.junit.platform.engine.support.hierarchical.NodeTestTask.lambda$executeRecursively$6(NodeTestTask.java:155)
	at org.junit.platform.engine.support.hierarchical.ThrowableCollector.execute(ThrowableCollector.java:73)
	at org.junit.platform.engine.support.hierarchical.NodeTestTask.lambda$executeRecursively$8(NodeTestTask.java:141)
	at org.junit.platform.engine.support.hierarchical.Node.around(Node.java:137)
	at org.junit.platform.engine.support.hierarchical.NodeTestTask.lambda$executeRecursively$9(NodeTestTask.java:139)
	at org.junit.platform.engine.support.hierarchical.ThrowableCollector.execute(ThrowableCollector.java:73)
	at org.junit.platform.engine.support.hierarchical.NodeTestTask.executeRecursively(NodeTestTask.java:138)
	at org.junit.platform.engine.support.hierarchical.NodeTestTask.execute(NodeTestTask.java:95)
	at java.base/java.util.ArrayList.forEach(ArrayList.java:1596)
	at org.junit.platform.engine.support.hierarchical.SameThreadHierarchicalTestExecutorService.invokeAll(SameThreadHierarchicalTestExecutorService.java:41)
	at org.junit.platform.engine.support.hierarchical.NodeTestTask.lambda$executeRecursively$6(NodeTestTask.java:155)
	at org.junit.platform.engine.support.hierarchical.ThrowableCollector.execute(ThrowableCollector.java:73)
	at org.junit.platform.engine.support.hierarchical.NodeTestTask.lambda$executeRecursively$8(NodeTestTask.java:141)
	at org.junit.platform.engine.support.hierarchical.Node.around(Node.java:137)
	at org.junit.platform.engine.support.hierarchical.NodeTestTask.lambda$executeRecursively$9(NodeTestTask.java:139)
	at org.junit.platform.engine.support.hierarchical.ThrowableCollector.execute(ThrowableCollector.java:73)
	at org.junit.platform.engine.support.hierarchical.NodeTestTask.executeRecursively(NodeTestTask.java:138)
	at org.junit.platform.engine.support.hierarchical.NodeTestTask.execute(NodeTestTask.java:95)
	at org.junit.platform.engine.support.hierarchical.SameThreadHierarchicalTestExecutorService.submit(SameThreadHierarchicalTestExecutorService.java:35)
	at org.junit.platform.engine.support.hierarchical.HierarchicalTestExecutor.execute(HierarchicalTestExecutor.java:57)
	at org.junit.platform.engine.support.hierarchical.HierarchicalTestEngine.execute(HierarchicalTestEngine.java:54)
	at org.junit.platform.launcher.core.EngineExecutionOrchestrator.execute(EngineExecutionOrchestrator.java:198)
	at org.junit.platform.launcher.core.EngineExecutionOrchestrator.execute(EngineExecutionOrchestrator.java:169)
	at org.junit.platform.launcher.core.EngineExecutionOrchestrator.execute(EngineExecutionOrchestrator.java:93)
	at org.junit.platform.launcher.core.EngineExecutionOrchestrator.lambda$execute$0(EngineExecutionOrchestrator.java:58)
	at org.junit.platform.launcher.core.EngineExecutionOrchestrator.withInterceptedStreams(EngineExecutionOrchestrator.java:141)
	at org.junit.platform.launcher.core.EngineExecutionOrchestrator.execute(EngineExecutionOrchestrator.java:57)
	at org.junit.platform.launcher.core.DefaultLauncher.execute(DefaultLauncher.java:103)
	at org.junit.platform.launcher.core.DefaultLauncher.execute(DefaultLauncher.java:85)
	at org.junit.platform.launcher.core.DelegatingLauncher.execute(DelegatingLauncher.java:47)
	at org.junit.platform.launcher.core.SessionPerRequestLauncher.execute(SessionPerRequestLauncher.java:63)
	at com.intellij.junit5.JUnit5IdeaTestRunner.startRunnerWithArgs(JUnit5IdeaTestRunner.java:57)
	at com.intellij.rt.junit.IdeaTestRunner$Repeater$1.execute(IdeaTestRunner.java:38)
	at com.intellij.rt.execution.junit.TestsRepeater.repeat(TestsRepeater.java:11)
	at com.intellij.rt.junit.IdeaTestRunner$Repeater.startRunnerWithArgs(IdeaTestRunner.java:35)
	at com.intellij.rt.junit.JUnitStarter.prepareStreamsAndStart(JUnitStarter.java:232)
	at com.intellij.rt.junit.JUnitStarter.main(JUnitStarter.java:55)
Caused by: org.openqa.selenium.NoSuchWindowException: no such window: target window already closed
from unknown error: web view not found
  (Session info: chrome=131.0.6778.265)
Build info: version: '4.27.0', revision: 'd6e718d134'
System info: os.name: 'Windows 11', os.arch: 'amd64', os.version: '10.0', java.version: '21.0.3'
Driver info: org.openqa.selenium.chrome.ChromeDriver
Command: [1d73c3f38e94c966f05f6a37ef7819af, getElementText {id=f.338DA6D46E64DB9EC6F3DA4A2DAE98A4.d.E7E579586D07A5AE8D993ABB1841DEA4.e.86}]
Capabilities {acceptInsecureCerts: false, browserName: chrome, browserVersion: 131.0.6778.265, chrome: {chromedriverVersion: 131.0.6778.264 (2d05e315153..., userDataDir: C:\Users\INGRID~1.ZAD\AppDa...}, fedcm:accounts: true, goog:chromeOptions: {debuggerAddress: localhost:58211}, networkConnectionEnabled: false, pageLoadStrategy: normal, platformName: windows, proxy: Proxy(), se:cdp: ws://localhost:58211/devtoo..., se:cdpVersion: 131.0.6778.265, setWindowRect: true, strictFileInteractability: false, timeouts: {implicit: 0, pageLoad: 300000, script: 30000}, unhandledPromptBehavior: dismiss and notify, webauthn:extension:credBlob: true, webauthn:extension:largeBlob: true, webauthn:extension:minPinLength: true, webauthn:extension:prf: true, webauthn:virtualAuthenticators: true}
Element: [[ChromeDriver: chrome on windows (1d73c3f38e94c966f05f6a37ef7819af)] -> xpath: //mat-option]
Session ID: 1d73c3f38e94c966f05f6a37ef7819af
	at java.base/jdk.internal.reflect.DirectConstructorHandleAccessor.newInstance(DirectConstructorHandleAccessor.java:62)
	at java.base/java.lang.reflect.Constructor.newInstanceWithCaller(Constructor.java:502)
	at java.base/java.lang.reflect.Constructor.newInstance(Constructor.java:486)
	at org.openqa.selenium.remote.ErrorCodec.decode(ErrorCodec.java:167)
	at org.openqa.selenium.remote.codec.w3c.W3CHttpResponseCodec.decode(W3CHttpResponseCodec.java:138)
	at org.openqa.selenium.remote.codec.w3c.W3CHttpResponseCodec.decode(W3CHttpResponseCodec.java:50)
	at org.openqa.selenium.remote.HttpCommandExecutor.execute(HttpCommandExecutor.java:190)
	at org.openqa.selenium.remote.service.DriverCommandExecutor.invokeExecute(DriverCommandExecutor.java:216)
	at org.openqa.selenium.remote.service.DriverCommandExecutor.execute(DriverCommandExecutor.java:174)
	at org.openqa.selenium.remote.RemoteWebDriver.execute(RemoteWebDriver.java:545)
	at org.openqa.selenium.remote.RemoteWebElement.execute(RemoteWebElement.java:223)
	at org.openqa.selenium.remote.RemoteWebElement.getText(RemoteWebElement.java:191)
	at lt.insoft.uztis.pages.ApplicationFormsPage.lambda$selectValuesByListEvaluationTwo$4(ApplicationFormsPage.java:452)
	at java.base/java.util.stream.ReferencePipeline$2$1.accept(ReferencePipeline.java:178)
	at java.base/java.util.ArrayList$ArrayListSpliterator.tryAdvance(ArrayList.java:1685)
	at java.base/java.util.stream.ReferencePipeline.forEachWithCancel(ReferencePipeline.java:129)
	at java.base/java.util.stream.AbstractPipeline.copyIntoWithCancel(AbstractPipeline.java:527)
	at java.base/java.util.stream.AbstractPipeline.copyInto(AbstractPipeline.java:513)
	at java.base/java.util.stream.AbstractPipeline.wrapAndCopyInto(AbstractPipeline.java:499)
	at java.base/java.util.stream.FindOps$FindOp.evaluateSequential(FindOps.java:150)
	at java.base/java.util.stream.AbstractPipeline.evaluate(AbstractPipeline.java:234)
	at java.base/java.util.stream.ReferencePipeline.findFirst(ReferencePipeline.java:647)
	at lt.insoft.uztis.pages.ApplicationFormsPage.selectValuesByListEvaluationTwo(ApplicationFormsPage.java:453)
	... 69 common frames omitted
2025-01-22 09:54:20 [main] INFO  lt.insoft.uztis.tests.UztisPageTest - Navigated to https://uztisdev.asseco.lt/home
2025-01-22 09:54:20 [main] INFO  l.i.u.t.SubmittedApplicationsPageTest - Starting test:'testFillNewApplication'
2025-01-22 09:54:21 [main] DEBUG l.i.u.t.SubmittedApplicationsPageTest - User logged in with test credentials
2025-01-22 09:54:21 [main] DEBUG l.i.u.t.SubmittedApplicationsPageTest - Opened 'Application Processing' menu.
2025-01-22 09:54:21 [main] DEBUG l.i.u.t.SubmittedApplicationsPageTest - Clicked on 'Application Forms' menu.
2025-01-22 09:54:21 [main] DEBUG l.i.u.t.SubmittedApplicationsPageTest - Retrieved last description code text: 'TST-VUI-81'.
2025-01-22 09:54:22 [main] DEBUG l.i.u.t.SubmittedApplicationsPageTest - Clicked on 'Invitation' menu.
2025-01-22 09:54:22 [main] DEBUG l.i.u.t.SubmittedApplicationsPageTest - Selected application section by code: 'TST-VUI-81'.
2025-01-22 09:54:22 [main] DEBUG l.i.u.t.SubmittedApplicationsPageTest - Clicked 'Search' button.
2025-01-22 09:54:22 [main] DEBUG l.i.u.t.SubmittedApplicationsPageTest - Retrieved invitation code: ''.
2025-01-22 09:54:22 [main] DEBUG l.i.u.t.SubmittedApplicationsPageTest - Clicked on 'Submitted Applications' menu.
2025-01-22 09:54:23 [main] DEBUG l.i.u.t.SubmittedApplicationsPageTest - Selected invitation by code: 'TST-VUI-81'.
2025-01-22 09:54:23 [main] DEBUG l.i.u.t.SubmittedApplicationsPageTest - Clicked on 'Action Application' button.
2025-01-22 09:54:24 [main] DEBUG l.i.u.t.SubmittedApplicationsPageTest - Clicked on 'New Application' button.
2025-01-22 09:54:24 [main] DEBUG l.i.u.t.SubmittedApplicationsPageTest - Clicked on 'RadioButtonFA' button.
2025-01-22 09:54:24 [main] DEBUG l.i.u.t.SubmittedApplicationsPageTest - Entered phone number into the input field.
2025-01-22 09:54:34 [main] ERROR l.i.u.t.SubmittedApplicationsPageTest - Test 'testFillNewApplication' failed with error: no such element: Unable to locate element: {"method":"xpath","selector":"//div[@class='mat-mdc-form-field-infix ng-tns-c508571215-49']//input"}
  (Session info: chrome=131.0.6778.265)
For documentation on this error, please visit: https://www.selenium.dev/documentation/webdriver/troubleshooting/errors#no-such-element-exception
Build info: version: '4.27.0', revision: 'd6e718d134'
System info: os.name: 'Windows 11', os.arch: 'amd64', os.version: '10.0', java.version: '21.0.3'
Driver info: org.openqa.selenium.chrome.ChromeDriver
Command: [3ebfed85135239150dc0b6f94c92d4cb, findElement {value=//div[@class='mat-mdc-form-field-infix ng-tns-c508571215-49']//input, using=xpath}]
Capabilities {acceptInsecureCerts: false, browserName: chrome, browserVersion: 131.0.6778.265, chrome: {chromedriverVersion: 131.0.6778.264 (2d05e315153..., userDataDir: C:\Users\INGRID~1.ZAD\AppDa...}, fedcm:accounts: true, goog:chromeOptions: {debuggerAddress: localhost:54157}, networkConnectionEnabled: false, pageLoadStrategy: normal, platformName: windows, proxy: Proxy(), se:cdp: ws://localhost:54157/devtoo..., se:cdpVersion: 131.0.6778.265, setWindowRect: true, strictFileInteractability: false, timeouts: {implicit: 0, pageLoad: 300000, script: 30000}, unhandledPromptBehavior: dismiss and notify, webauthn:extension:credBlob: true, webauthn:extension:largeBlob: true, webauthn:extension:minPinLength: true, webauthn:extension:prf: true, webauthn:virtualAuthenticators: true}
Session ID: 3ebfed85135239150dc0b6f94c92d4cb
org.openqa.selenium.NoSuchElementException: no such element: Unable to locate element: {"method":"xpath","selector":"//div[@class='mat-mdc-form-field-infix ng-tns-c508571215-49']//input"}
  (Session info: chrome=131.0.6778.265)
For documentation on this error, please visit: https://www.selenium.dev/documentation/webdriver/troubleshooting/errors#no-such-element-exception
Build info: version: '4.27.0', revision: 'd6e718d134'
System info: os.name: 'Windows 11', os.arch: 'amd64', os.version: '10.0', java.version: '21.0.3'
Driver info: org.openqa.selenium.chrome.ChromeDriver
Command: [3ebfed85135239150dc0b6f94c92d4cb, findElement {value=//div[@class='mat-mdc-form-field-infix ng-tns-c508571215-49']//input, using=xpath}]
Capabilities {acceptInsecureCerts: false, browserName: chrome, browserVersion: 131.0.6778.265, chrome: {chromedriverVersion: 131.0.6778.264 (2d05e315153..., userDataDir: C:\Users\INGRID~1.ZAD\AppDa...}, fedcm:accounts: true, goog:chromeOptions: {debuggerAddress: localhost:54157}, networkConnectionEnabled: false, pageLoadStrategy: normal, platformName: windows, proxy: Proxy(), se:cdp: ws://localhost:54157/devtoo..., se:cdpVersion: 131.0.6778.265, setWindowRect: true, strictFileInteractability: false, timeouts: {implicit: 0, pageLoad: 300000, script: 30000}, unhandledPromptBehavior: dismiss and notify, webauthn:extension:credBlob: true, webauthn:extension:largeBlob: true, webauthn:extension:minPinLength: true, webauthn:extension:prf: true, webauthn:virtualAuthenticators: true}
Session ID: 3ebfed85135239150dc0b6f94c92d4cb
	at java.base/jdk.internal.reflect.DirectConstructorHandleAccessor.newInstance(DirectConstructorHandleAccessor.java:62)
	at java.base/java.lang.reflect.Constructor.newInstanceWithCaller(Constructor.java:502)
	at java.base/java.lang.reflect.Constructor.newInstance(Constructor.java:486)
	at org.openqa.selenium.remote.ErrorCodec.decode(ErrorCodec.java:167)
	at org.openqa.selenium.remote.codec.w3c.W3CHttpResponseCodec.decode(W3CHttpResponseCodec.java:138)
	at org.openqa.selenium.remote.codec.w3c.W3CHttpResponseCodec.decode(W3CHttpResponseCodec.java:50)
	at org.openqa.selenium.remote.HttpCommandExecutor.execute(HttpCommandExecutor.java:190)
	at org.openqa.selenium.remote.service.DriverCommandExecutor.invokeExecute(DriverCommandExecutor.java:216)
	at org.openqa.selenium.remote.service.DriverCommandExecutor.execute(DriverCommandExecutor.java:174)
	at org.openqa.selenium.remote.RemoteWebDriver.execute(RemoteWebDriver.java:545)
	at org.openqa.selenium.remote.ElementLocation$ElementFinder$2.findElement(ElementLocation.java:165)
	at org.openqa.selenium.remote.ElementLocation.findElement(ElementLocation.java:59)
	at org.openqa.selenium.remote.RemoteWebDriver.findElement(RemoteWebDriver.java:368)
	at org.openqa.selenium.remote.RemoteWebDriver.findElement(RemoteWebDriver.java:362)
	at org.openqa.selenium.support.pagefactory.DefaultElementLocator.findElement(DefaultElementLocator.java:68)
	at org.openqa.selenium.support.pagefactory.internal.LocatingElementHandler.invoke(LocatingElementHandler.java:38)
	at jdk.proxy2/jdk.proxy2.$Proxy14.clear(Unknown Source)
	at lt.insoft.uztis.pages.SubmittedApplicationsPage.enterEmailAddress(SubmittedApplicationsPage.java:136)
	at lt.insoft.uztis.tests.SubmittedApplicationsPageTest.testFillNewApplication(SubmittedApplicationsPageTest.java:152)
	at java.base/jdk.internal.reflect.DirectMethodHandleAccessor.invoke(DirectMethodHandleAccessor.java:103)
	at java.base/java.lang.reflect.Method.invoke(Method.java:580)
	at org.junit.platform.commons.util.ReflectionUtils.invokeMethod(ReflectionUtils.java:728)
	at org.junit.jupiter.engine.execution.MethodInvocation.proceed(MethodInvocation.java:60)
	at org.junit.jupiter.engine.execution.InvocationInterceptorChain$ValidatingInvocation.proceed(InvocationInterceptorChain.java:131)
	at org.junit.jupiter.engine.extension.TimeoutExtension.intercept(TimeoutExtension.java:156)
	at org.junit.jupiter.engine.extension.TimeoutExtension.interceptTestableMethod(TimeoutExtension.java:147)
	at org.junit.jupiter.engine.extension.TimeoutExtension.interceptTestMethod(TimeoutExtension.java:86)
	at org.junit.jupiter.engine.execution.InterceptingExecutableInvoker$ReflectiveInterceptorCall.lambda$ofVoidMethod$0(InterceptingExecutableInvoker.java:103)
	at org.junit.jupiter.engine.execution.InterceptingExecutableInvoker.lambda$invoke$0(InterceptingExecutableInvoker.java:93)
	at org.junit.jupiter.engine.execution.InvocationInterceptorChain$InterceptedInvocation.proceed(InvocationInterceptorChain.java:106)
	at org.junit.jupiter.engine.execution.InvocationInterceptorChain.proceed(InvocationInterceptorChain.java:64)
	at org.junit.jupiter.engine.execution.InvocationInterceptorChain.chainAndInvoke(InvocationInterceptorChain.java:45)
	at org.junit.jupiter.engine.execution.InvocationInterceptorChain.invoke(InvocationInterceptorChain.java:37)
	at org.junit.jupiter.engine.execution.InterceptingExecutableInvoker.invoke(InterceptingExecutableInvoker.java:92)
	at org.junit.jupiter.engine.execution.InterceptingExecutableInvoker.invoke(InterceptingExecutableInvoker.java:86)
	at org.junit.jupiter.engine.descriptor.TestMethodTestDescriptor.lambda$invokeTestMethod$7(TestMethodTestDescriptor.java:218)
	at org.junit.platform.engine.support.hierarchical.ThrowableCollector.execute(ThrowableCollector.java:73)
	at org.junit.jupiter.engine.descriptor.TestMethodTestDescriptor.invokeTestMethod(TestMethodTestDescriptor.java:214)
	at org.junit.jupiter.engine.descriptor.TestMethodTestDescriptor.execute(TestMethodTestDescriptor.java:139)
	at org.junit.jupiter.engine.descriptor.TestMethodTestDescriptor.execute(TestMethodTestDescriptor.java:69)
	at org.junit.platform.engine.support.hierarchical.NodeTestTask.lambda$executeRecursively$6(NodeTestTask.java:151)
	at org.junit.platform.engine.support.hierarchical.ThrowableCollector.execute(ThrowableCollector.java:73)
	at org.junit.platform.engine.support.hierarchical.NodeTestTask.lambda$executeRecursively$8(NodeTestTask.java:141)
	at org.junit.platform.engine.support.hierarchical.Node.around(Node.java:137)
	at org.junit.platform.engine.support.hierarchical.NodeTestTask.lambda$executeRecursively$9(NodeTestTask.java:139)
	at org.junit.platform.engine.support.hierarchical.ThrowableCollector.execute(ThrowableCollector.java:73)
	at org.junit.platform.engine.support.hierarchical.NodeTestTask.executeRecursively(NodeTestTask.java:138)
	at org.junit.platform.engine.support.hierarchical.NodeTestTask.execute(NodeTestTask.java:95)
	at java.base/java.util.ArrayList.forEach(ArrayList.java:1596)
	at org.junit.platform.engine.support.hierarchical.SameThreadHierarchicalTestExecutorService.invokeAll(SameThreadHierarchicalTestExecutorService.java:41)
	at org.junit.platform.engine.support.hierarchical.NodeTestTask.lambda$executeRecursively$6(NodeTestTask.java:155)
	at org.junit.platform.engine.support.hierarchical.ThrowableCollector.execute(ThrowableCollector.java:73)
	at org.junit.platform.engine.support.hierarchical.NodeTestTask.lambda$executeRecursively$8(NodeTestTask.java:141)
	at org.junit.platform.engine.support.hierarchical.Node.around(Node.java:137)
	at org.junit.platform.engine.support.hierarchical.NodeTestTask.lambda$executeRecursively$9(NodeTestTask.java:139)
	at org.junit.platform.engine.support.hierarchical.ThrowableCollector.execute(ThrowableCollector.java:73)
	at org.junit.platform.engine.support.hierarchical.NodeTestTask.executeRecursively(NodeTestTask.java:138)
	at org.junit.platform.engine.support.hierarchical.NodeTestTask.execute(NodeTestTask.java:95)
	at java.base/java.util.ArrayList.forEach(ArrayList.java:1596)
	at org.junit.platform.engine.support.hierarchical.SameThreadHierarchicalTestExecutorService.invokeAll(SameThreadHierarchicalTestExecutorService.java:41)
	at org.junit.platform.engine.support.hierarchical.NodeTestTask.lambda$executeRecursively$6(NodeTestTask.java:155)
	at org.junit.platform.engine.support.hierarchical.ThrowableCollector.execute(ThrowableCollector.java:73)
	at org.junit.platform.engine.support.hierarchical.NodeTestTask.lambda$executeRecursively$8(NodeTestTask.java:141)
	at org.junit.platform.engine.support.hierarchical.Node.around(Node.java:137)
	at org.junit.platform.engine.support.hierarchical.NodeTestTask.lambda$executeRecursively$9(NodeTestTask.java:139)
	at org.junit.platform.engine.support.hierarchical.ThrowableCollector.execute(ThrowableCollector.java:73)
	at org.junit.platform.engine.support.hierarchical.NodeTestTask.executeRecursively(NodeTestTask.java:138)
	at org.junit.platform.engine.support.hierarchical.NodeTestTask.execute(NodeTestTask.java:95)
	at org.junit.platform.engine.support.hierarchical.SameThreadHierarchicalTestExecutorService.submit(SameThreadHierarchicalTestExecutorService.java:35)
	at org.junit.platform.engine.support.hierarchical.HierarchicalTestExecutor.execute(HierarchicalTestExecutor.java:57)
	at org.junit.platform.engine.support.hierarchical.HierarchicalTestEngine.execute(HierarchicalTestEngine.java:54)
	at org.junit.platform.launcher.core.EngineExecutionOrchestrator.execute(EngineExecutionOrchestrator.java:198)
	at org.junit.platform.launcher.core.EngineExecutionOrchestrator.execute(EngineExecutionOrchestrator.java:169)
	at org.junit.platform.launcher.core.EngineExecutionOrchestrator.execute(EngineExecutionOrchestrator.java:93)
	at org.junit.platform.launcher.core.EngineExecutionOrchestrator.lambda$execute$0(EngineExecutionOrchestrator.java:58)
	at org.junit.platform.launcher.core.EngineExecutionOrchestrator.withInterceptedStreams(EngineExecutionOrchestrator.java:141)
	at org.junit.platform.launcher.core.EngineExecutionOrchestrator.execute(EngineExecutionOrchestrator.java:57)
	at org.junit.platform.launcher.core.DefaultLauncher.execute(DefaultLauncher.java:103)
	at org.junit.platform.launcher.core.DefaultLauncher.execute(DefaultLauncher.java:85)
	at org.junit.platform.launcher.core.DelegatingLauncher.execute(DelegatingLauncher.java:47)
	at org.junit.platform.launcher.core.SessionPerRequestLauncher.execute(SessionPerRequestLauncher.java:63)
	at com.intellij.junit5.JUnit5IdeaTestRunner.startRunnerWithArgs(JUnit5IdeaTestRunner.java:57)
	at com.intellij.rt.junit.IdeaTestRunner$Repeater$1.execute(IdeaTestRunner.java:38)
	at com.intellij.rt.execution.junit.TestsRepeater.repeat(TestsRepeater.java:11)
	at com.intellij.rt.junit.IdeaTestRunner$Repeater.startRunnerWithArgs(IdeaTestRunner.java:35)
	at com.intellij.rt.junit.JUnitStarter.prepareStreamsAndStart(JUnitStarter.java:232)
	at com.intellij.rt.junit.JUnitStarter.main(JUnitStarter.java:55)
2025-01-22 09:54:34 [main] INFO  l.insoft.uztis.tests.utils.TestUtils - Screenshot moved to C:\Users\ingrida.zadorozniene\Desktop\Asm\UZTIS\UZTIS_tests\test-output\screenshots\20250122\095434970_testFillNewApplication().png
2025-01-22 09:56:17 [main] INFO  lt.insoft.uztis.tests.UztisPageTest - Navigated to https://uztisdev.asseco.lt/home
2025-01-22 09:56:17 [main] INFO  l.i.u.t.SubmittedApplicationsPageTest - Starting test:'testFillNewApplication'
2025-01-22 09:56:18 [main] DEBUG l.i.u.t.SubmittedApplicationsPageTest - User logged in with test credentials
2025-01-22 09:56:18 [main] DEBUG l.i.u.t.SubmittedApplicationsPageTest - Opened 'Application Processing' menu.
2025-01-22 09:56:18 [main] DEBUG l.i.u.t.SubmittedApplicationsPageTest - Clicked on 'Application Forms' menu.
2025-01-22 09:56:18 [main] DEBUG l.i.u.t.SubmittedApplicationsPageTest - Retrieved last description code text: 'TST-VUI-81'.
2025-01-22 09:56:19 [main] DEBUG l.i.u.t.SubmittedApplicationsPageTest - Clicked on 'Invitation' menu.
2025-01-22 09:56:19 [main] DEBUG l.i.u.t.SubmittedApplicationsPageTest - Selected application section by code: 'TST-VUI-81'.
2025-01-22 09:56:19 [main] DEBUG l.i.u.t.SubmittedApplicationsPageTest - Clicked 'Search' button.
2025-01-22 09:56:19 [main] DEBUG l.i.u.t.SubmittedApplicationsPageTest - Retrieved invitation code: ''.
2025-01-22 09:56:19 [main] DEBUG l.i.u.t.SubmittedApplicationsPageTest - Clicked on 'Submitted Applications' menu.
2025-01-22 09:56:20 [main] DEBUG l.i.u.t.SubmittedApplicationsPageTest - Selected invitation by code: 'TST-VUI-81'.
2025-01-22 09:56:20 [main] DEBUG l.i.u.t.SubmittedApplicationsPageTest - Clicked on 'Action Application' button.
2025-01-22 09:56:21 [main] DEBUG l.i.u.t.SubmittedApplicationsPageTest - Clicked on 'New Application' button.
2025-01-22 09:56:21 [main] DEBUG l.i.u.t.SubmittedApplicationsPageTest - Clicked on 'RadioButtonFA' button.
2025-01-22 09:56:21 [main] DEBUG l.i.u.t.SubmittedApplicationsPageTest - Entered phone number into the input field.
2025-01-22 09:56:31 [main] ERROR l.i.u.t.SubmittedApplicationsPageTest - Test 'testFillNewApplication' failed with error: no such element: Unable to locate element: {"method":"xpath","selector":"//div[@class='mat-mdc-form-field-infix ng-tns-c508571215-49']//input"}
  (Session info: chrome=131.0.6778.265)
For documentation on this error, please visit: https://www.selenium.dev/documentation/webdriver/troubleshooting/errors#no-such-element-exception
Build info: version: '4.27.0', revision: 'd6e718d134'
System info: os.name: 'Windows 11', os.arch: 'amd64', os.version: '10.0', java.version: '21.0.3'
Driver info: org.openqa.selenium.chrome.ChromeDriver
Command: [0742011b2c3787910af66b7632f2812d, findElement {value=//div[@class='mat-mdc-form-field-infix ng-tns-c508571215-49']//input, using=xpath}]
Capabilities {acceptInsecureCerts: false, browserName: chrome, browserVersion: 131.0.6778.265, chrome: {chromedriverVersion: 131.0.6778.264 (2d05e315153..., userDataDir: C:\Users\INGRID~1.ZAD\AppDa...}, fedcm:accounts: true, goog:chromeOptions: {debuggerAddress: localhost:54240}, networkConnectionEnabled: false, pageLoadStrategy: normal, platformName: windows, proxy: Proxy(), se:cdp: ws://localhost:54240/devtoo..., se:cdpVersion: 131.0.6778.265, setWindowRect: true, strictFileInteractability: false, timeouts: {implicit: 0, pageLoad: 300000, script: 30000}, unhandledPromptBehavior: dismiss and notify, webauthn:extension:credBlob: true, webauthn:extension:largeBlob: true, webauthn:extension:minPinLength: true, webauthn:extension:prf: true, webauthn:virtualAuthenticators: true}
Session ID: 0742011b2c3787910af66b7632f2812d
org.openqa.selenium.NoSuchElementException: no such element: Unable to locate element: {"method":"xpath","selector":"//div[@class='mat-mdc-form-field-infix ng-tns-c508571215-49']//input"}
  (Session info: chrome=131.0.6778.265)
For documentation on this error, please visit: https://www.selenium.dev/documentation/webdriver/troubleshooting/errors#no-such-element-exception
Build info: version: '4.27.0', revision: 'd6e718d134'
System info: os.name: 'Windows 11', os.arch: 'amd64', os.version: '10.0', java.version: '21.0.3'
Driver info: org.openqa.selenium.chrome.ChromeDriver
Command: [0742011b2c3787910af66b7632f2812d, findElement {value=//div[@class='mat-mdc-form-field-infix ng-tns-c508571215-49']//input, using=xpath}]
Capabilities {acceptInsecureCerts: false, browserName: chrome, browserVersion: 131.0.6778.265, chrome: {chromedriverVersion: 131.0.6778.264 (2d05e315153..., userDataDir: C:\Users\INGRID~1.ZAD\AppDa...}, fedcm:accounts: true, goog:chromeOptions: {debuggerAddress: localhost:54240}, networkConnectionEnabled: false, pageLoadStrategy: normal, platformName: windows, proxy: Proxy(), se:cdp: ws://localhost:54240/devtoo..., se:cdpVersion: 131.0.6778.265, setWindowRect: true, strictFileInteractability: false, timeouts: {implicit: 0, pageLoad: 300000, script: 30000}, unhandledPromptBehavior: dismiss and notify, webauthn:extension:credBlob: true, webauthn:extension:largeBlob: true, webauthn:extension:minPinLength: true, webauthn:extension:prf: true, webauthn:virtualAuthenticators: true}
Session ID: 0742011b2c3787910af66b7632f2812d
	at java.base/jdk.internal.reflect.DirectConstructorHandleAccessor.newInstance(DirectConstructorHandleAccessor.java:62)
	at java.base/java.lang.reflect.Constructor.newInstanceWithCaller(Constructor.java:502)
	at java.base/java.lang.reflect.Constructor.newInstance(Constructor.java:486)
	at org.openqa.selenium.remote.ErrorCodec.decode(ErrorCodec.java:167)
	at org.openqa.selenium.remote.codec.w3c.W3CHttpResponseCodec.decode(W3CHttpResponseCodec.java:138)
	at org.openqa.selenium.remote.codec.w3c.W3CHttpResponseCodec.decode(W3CHttpResponseCodec.java:50)
	at org.openqa.selenium.remote.HttpCommandExecutor.execute(HttpCommandExecutor.java:190)
	at org.openqa.selenium.remote.service.DriverCommandExecutor.invokeExecute(DriverCommandExecutor.java:216)
	at org.openqa.selenium.remote.service.DriverCommandExecutor.execute(DriverCommandExecutor.java:174)
	at org.openqa.selenium.remote.RemoteWebDriver.execute(RemoteWebDriver.java:545)
	at org.openqa.selenium.remote.ElementLocation$ElementFinder$2.findElement(ElementLocation.java:165)
	at org.openqa.selenium.remote.ElementLocation.findElement(ElementLocation.java:59)
	at org.openqa.selenium.remote.RemoteWebDriver.findElement(RemoteWebDriver.java:368)
	at org.openqa.selenium.remote.RemoteWebDriver.findElement(RemoteWebDriver.java:362)
	at org.openqa.selenium.support.pagefactory.DefaultElementLocator.findElement(DefaultElementLocator.java:68)
	at org.openqa.selenium.support.pagefactory.internal.LocatingElementHandler.invoke(LocatingElementHandler.java:38)
	at jdk.proxy2/jdk.proxy2.$Proxy14.clear(Unknown Source)
	at lt.insoft.uztis.pages.SubmittedApplicationsPage.enterEmailAddress(SubmittedApplicationsPage.java:136)
	at lt.insoft.uztis.tests.SubmittedApplicationsPageTest.testFillNewApplication(SubmittedApplicationsPageTest.java:152)
	at java.base/jdk.internal.reflect.DirectMethodHandleAccessor.invoke(DirectMethodHandleAccessor.java:103)
	at java.base/java.lang.reflect.Method.invoke(Method.java:580)
	at org.junit.platform.commons.util.ReflectionUtils.invokeMethod(ReflectionUtils.java:728)
	at org.junit.jupiter.engine.execution.MethodInvocation.proceed(MethodInvocation.java:60)
	at org.junit.jupiter.engine.execution.InvocationInterceptorChain$ValidatingInvocation.proceed(InvocationInterceptorChain.java:131)
	at org.junit.jupiter.engine.extension.TimeoutExtension.intercept(TimeoutExtension.java:156)
	at org.junit.jupiter.engine.extension.TimeoutExtension.interceptTestableMethod(TimeoutExtension.java:147)
	at org.junit.jupiter.engine.extension.TimeoutExtension.interceptTestMethod(TimeoutExtension.java:86)
	at org.junit.jupiter.engine.execution.InterceptingExecutableInvoker$ReflectiveInterceptorCall.lambda$ofVoidMethod$0(InterceptingExecutableInvoker.java:103)
	at org.junit.jupiter.engine.execution.InterceptingExecutableInvoker.lambda$invoke$0(InterceptingExecutableInvoker.java:93)
	at org.junit.jupiter.engine.execution.InvocationInterceptorChain$InterceptedInvocation.proceed(InvocationInterceptorChain.java:106)
	at org.junit.jupiter.engine.execution.InvocationInterceptorChain.proceed(InvocationInterceptorChain.java:64)
	at org.junit.jupiter.engine.execution.InvocationInterceptorChain.chainAndInvoke(InvocationInterceptorChain.java:45)
	at org.junit.jupiter.engine.execution.InvocationInterceptorChain.invoke(InvocationInterceptorChain.java:37)
	at org.junit.jupiter.engine.execution.InterceptingExecutableInvoker.invoke(InterceptingExecutableInvoker.java:92)
	at org.junit.jupiter.engine.execution.InterceptingExecutableInvoker.invoke(InterceptingExecutableInvoker.java:86)
	at org.junit.jupiter.engine.descriptor.TestMethodTestDescriptor.lambda$invokeTestMethod$7(TestMethodTestDescriptor.java:218)
	at org.junit.platform.engine.support.hierarchical.ThrowableCollector.execute(ThrowableCollector.java:73)
	at org.junit.jupiter.engine.descriptor.TestMethodTestDescriptor.invokeTestMethod(TestMethodTestDescriptor.java:214)
	at org.junit.jupiter.engine.descriptor.TestMethodTestDescriptor.execute(TestMethodTestDescriptor.java:139)
	at org.junit.jupiter.engine.descriptor.TestMethodTestDescriptor.execute(TestMethodTestDescriptor.java:69)
	at org.junit.platform.engine.support.hierarchical.NodeTestTask.lambda$executeRecursively$6(NodeTestTask.java:151)
	at org.junit.platform.engine.support.hierarchical.ThrowableCollector.execute(ThrowableCollector.java:73)
	at org.junit.platform.engine.support.hierarchical.NodeTestTask.lambda$executeRecursively$8(NodeTestTask.java:141)
	at org.junit.platform.engine.support.hierarchical.Node.around(Node.java:137)
	at org.junit.platform.engine.support.hierarchical.NodeTestTask.lambda$executeRecursively$9(NodeTestTask.java:139)
	at org.junit.platform.engine.support.hierarchical.ThrowableCollector.execute(ThrowableCollector.java:73)
	at org.junit.platform.engine.support.hierarchical.NodeTestTask.executeRecursively(NodeTestTask.java:138)
	at org.junit.platform.engine.support.hierarchical.NodeTestTask.execute(NodeTestTask.java:95)
	at java.base/java.util.ArrayList.forEach(ArrayList.java:1596)
	at org.junit.platform.engine.support.hierarchical.SameThreadHierarchicalTestExecutorService.invokeAll(SameThreadHierarchicalTestExecutorService.java:41)
	at org.junit.platform.engine.support.hierarchical.NodeTestTask.lambda$executeRecursively$6(NodeTestTask.java:155)
	at org.junit.platform.engine.support.hierarchical.ThrowableCollector.execute(ThrowableCollector.java:73)
	at org.junit.platform.engine.support.hierarchical.NodeTestTask.lambda$executeRecursively$8(NodeTestTask.java:141)
	at org.junit.platform.engine.support.hierarchical.Node.around(Node.java:137)
	at org.junit.platform.engine.support.hierarchical.NodeTestTask.lambda$executeRecursively$9(NodeTestTask.java:139)
	at org.junit.platform.engine.support.hierarchical.ThrowableCollector.execute(ThrowableCollector.java:73)
	at org.junit.platform.engine.support.hierarchical.NodeTestTask.executeRecursively(NodeTestTask.java:138)
	at org.junit.platform.engine.support.hierarchical.NodeTestTask.execute(NodeTestTask.java:95)
	at java.base/java.util.ArrayList.forEach(ArrayList.java:1596)
	at org.junit.platform.engine.support.hierarchical.SameThreadHierarchicalTestExecutorService.invokeAll(SameThreadHierarchicalTestExecutorService.java:41)
	at org.junit.platform.engine.support.hierarchical.NodeTestTask.lambda$executeRecursively$6(NodeTestTask.java:155)
	at org.junit.platform.engine.support.hierarchical.ThrowableCollector.execute(ThrowableCollector.java:73)
	at org.junit.platform.engine.support.hierarchical.NodeTestTask.lambda$executeRecursively$8(NodeTestTask.java:141)
	at org.junit.platform.engine.support.hierarchical.Node.around(Node.java:137)
	at org.junit.platform.engine.support.hierarchical.NodeTestTask.lambda$executeRecursively$9(NodeTestTask.java:139)
	at org.junit.platform.engine.support.hierarchical.ThrowableCollector.execute(ThrowableCollector.java:73)
	at org.junit.platform.engine.support.hierarchical.NodeTestTask.executeRecursively(NodeTestTask.java:138)
	at org.junit.platform.engine.support.hierarchical.NodeTestTask.execute(NodeTestTask.java:95)
	at org.junit.platform.engine.support.hierarchical.SameThreadHierarchicalTestExecutorService.submit(SameThreadHierarchicalTestExecutorService.java:35)
	at org.junit.platform.engine.support.hierarchical.HierarchicalTestExecutor.execute(HierarchicalTestExecutor.java:57)
	at org.junit.platform.engine.support.hierarchical.HierarchicalTestEngine.execute(HierarchicalTestEngine.java:54)
	at org.junit.platform.launcher.core.EngineExecutionOrchestrator.execute(EngineExecutionOrchestrator.java:198)
	at org.junit.platform.launcher.core.EngineExecutionOrchestrator.execute(EngineExecutionOrchestrator.java:169)
	at org.junit.platform.launcher.core.EngineExecutionOrchestrator.execute(EngineExecutionOrchestrator.java:93)
	at org.junit.platform.launcher.core.EngineExecutionOrchestrator.lambda$execute$0(EngineExecutionOrchestrator.java:58)
	at org.junit.platform.launcher.core.EngineExecutionOrchestrator.withInterceptedStreams(EngineExecutionOrchestrator.java:141)
	at org.junit.platform.launcher.core.EngineExecutionOrchestrator.execute(EngineExecutionOrchestrator.java:57)
	at org.junit.platform.launcher.core.DefaultLauncher.execute(DefaultLauncher.java:103)
	at org.junit.platform.launcher.core.DefaultLauncher.execute(DefaultLauncher.java:85)
	at org.junit.platform.launcher.core.DelegatingLauncher.execute(DelegatingLauncher.java:47)
	at org.junit.platform.launcher.core.SessionPerRequestLauncher.execute(SessionPerRequestLauncher.java:63)
	at com.intellij.junit5.JUnit5IdeaTestRunner.startRunnerWithArgs(JUnit5IdeaTestRunner.java:57)
	at com.intellij.rt.junit.IdeaTestRunner$Repeater$1.execute(IdeaTestRunner.java:38)
	at com.intellij.rt.execution.junit.TestsRepeater.repeat(TestsRepeater.java:11)
	at com.intellij.rt.junit.IdeaTestRunner$Repeater.startRunnerWithArgs(IdeaTestRunner.java:35)
	at com.intellij.rt.junit.JUnitStarter.prepareStreamsAndStart(JUnitStarter.java:232)
	at com.intellij.rt.junit.JUnitStarter.main(JUnitStarter.java:55)
2025-01-22 09:56:31 [main] INFO  l.insoft.uztis.tests.utils.TestUtils - Screenshot moved to C:\Users\ingrida.zadorozniene\Desktop\Asm\UZTIS\UZTIS_tests\test-output\screenshots\20250122\095631882_testFillNewApplication().png
2025-01-22 10:00:57 [main] INFO  lt.insoft.uztis.tests.UztisPageTest - Navigated to https://uztisdev.asseco.lt/home
2025-01-22 10:00:57 [main] INFO  l.i.u.t.SubmittedApplicationsPageTest - Starting test:'testFillNewApplication'
2025-01-22 10:00:57 [main] DEBUG l.i.u.t.SubmittedApplicationsPageTest - User logged in with test credentials
2025-01-22 10:00:58 [main] DEBUG l.i.u.t.SubmittedApplicationsPageTest - Opened 'Application Processing' menu.
2025-01-22 10:00:58 [main] DEBUG l.i.u.t.SubmittedApplicationsPageTest - Clicked on 'Application Forms' menu.
2025-01-22 10:00:58 [main] DEBUG l.i.u.t.SubmittedApplicationsPageTest - Retrieved last description code text: 'TST-VUI-81'.
2025-01-22 10:00:58 [main] DEBUG l.i.u.t.SubmittedApplicationsPageTest - Clicked on 'Invitation' menu.
2025-01-22 10:00:59 [main] DEBUG l.i.u.t.SubmittedApplicationsPageTest - Selected application section by code: 'TST-VUI-81'.
2025-01-22 10:00:59 [main] DEBUG l.i.u.t.SubmittedApplicationsPageTest - Clicked 'Search' button.
2025-01-22 10:00:59 [main] DEBUG l.i.u.t.SubmittedApplicationsPageTest - Retrieved invitation code: ''.
2025-01-22 10:00:59 [main] DEBUG l.i.u.t.SubmittedApplicationsPageTest - Clicked on 'Submitted Applications' menu.
2025-01-22 10:01:00 [main] DEBUG l.i.u.t.SubmittedApplicationsPageTest - Selected invitation by code: 'TST-VUI-81'.
2025-01-22 10:01:00 [main] DEBUG l.i.u.t.SubmittedApplicationsPageTest - Clicked on 'Action Application' button.
2025-01-22 10:01:01 [main] DEBUG l.i.u.t.SubmittedApplicationsPageTest - Clicked on 'New Application' button.
2025-01-22 10:01:01 [main] DEBUG l.i.u.t.SubmittedApplicationsPageTest - Clicked on 'RadioButtonFA' button.
2025-01-22 10:01:01 [main] DEBUG l.i.u.t.SubmittedApplicationsPageTest - Entered phone number into the input field.
2025-01-22 10:01:01 [main] DEBUG l.i.u.t.SubmittedApplicationsPageTest - Entered eMail into the input field.
2025-01-22 10:01:11 [main] ERROR l.i.u.t.SubmittedApplicationsPageTest - Test 'testFillNewApplication' failed with error: no such element: Unable to locate element: {"method":"xpath","selector":"//div[@class='mat-mdc-form-field-infix']//mat-select[@role='combobox']"}
  (Session info: chrome=131.0.6778.265)
For documentation on this error, please visit: https://www.selenium.dev/documentation/webdriver/troubleshooting/errors#no-such-element-exception
Build info: version: '4.27.0', revision: 'd6e718d134'
System info: os.name: 'Windows 11', os.arch: 'amd64', os.version: '10.0', java.version: '21.0.3'
Driver info: org.openqa.selenium.chrome.ChromeDriver
Command: [72286b536f0b87d1a51786d9c291b4ff, findElement {using=xpath, value=//div[@class='mat-mdc-form-field-infix']//mat-select[@role='combobox']}]
Capabilities {acceptInsecureCerts: false, browserName: chrome, browserVersion: 131.0.6778.265, chrome: {chromedriverVersion: 131.0.6778.264 (2d05e315153..., userDataDir: C:\Users\INGRID~1.ZAD\AppDa...}, fedcm:accounts: true, goog:chromeOptions: {debuggerAddress: localhost:54427}, networkConnectionEnabled: false, pageLoadStrategy: normal, platformName: windows, proxy: Proxy(), se:cdp: ws://localhost:54427/devtoo..., se:cdpVersion: 131.0.6778.265, setWindowRect: true, strictFileInteractability: false, timeouts: {implicit: 0, pageLoad: 300000, script: 30000}, unhandledPromptBehavior: dismiss and notify, webauthn:extension:credBlob: true, webauthn:extension:largeBlob: true, webauthn:extension:minPinLength: true, webauthn:extension:prf: true, webauthn:virtualAuthenticators: true}
Session ID: 72286b536f0b87d1a51786d9c291b4ff
org.openqa.selenium.NoSuchElementException: no such element: Unable to locate element: {"method":"xpath","selector":"//div[@class='mat-mdc-form-field-infix']//mat-select[@role='combobox']"}
  (Session info: chrome=131.0.6778.265)
For documentation on this error, please visit: https://www.selenium.dev/documentation/webdriver/troubleshooting/errors#no-such-element-exception
Build info: version: '4.27.0', revision: 'd6e718d134'
System info: os.name: 'Windows 11', os.arch: 'amd64', os.version: '10.0', java.version: '21.0.3'
Driver info: org.openqa.selenium.chrome.ChromeDriver
Command: [72286b536f0b87d1a51786d9c291b4ff, findElement {using=xpath, value=//div[@class='mat-mdc-form-field-infix']//mat-select[@role='combobox']}]
Capabilities {acceptInsecureCerts: false, browserName: chrome, browserVersion: 131.0.6778.265, chrome: {chromedriverVersion: 131.0.6778.264 (2d05e315153..., userDataDir: C:\Users\INGRID~1.ZAD\AppDa...}, fedcm:accounts: true, goog:chromeOptions: {debuggerAddress: localhost:54427}, networkConnectionEnabled: false, pageLoadStrategy: normal, platformName: windows, proxy: Proxy(), se:cdp: ws://localhost:54427/devtoo..., se:cdpVersion: 131.0.6778.265, setWindowRect: true, strictFileInteractability: false, timeouts: {implicit: 0, pageLoad: 300000, script: 30000}, unhandledPromptBehavior: dismiss and notify, webauthn:extension:credBlob: true, webauthn:extension:largeBlob: true, webauthn:extension:minPinLength: true, webauthn:extension:prf: true, webauthn:virtualAuthenticators: true}
Session ID: 72286b536f0b87d1a51786d9c291b4ff
	at java.base/jdk.internal.reflect.DirectConstructorHandleAccessor.newInstance(DirectConstructorHandleAccessor.java:62)
	at java.base/java.lang.reflect.Constructor.newInstanceWithCaller(Constructor.java:502)
	at java.base/java.lang.reflect.Constructor.newInstance(Constructor.java:486)
	at org.openqa.selenium.remote.ErrorCodec.decode(ErrorCodec.java:167)
	at org.openqa.selenium.remote.codec.w3c.W3CHttpResponseCodec.decode(W3CHttpResponseCodec.java:138)
	at org.openqa.selenium.remote.codec.w3c.W3CHttpResponseCodec.decode(W3CHttpResponseCodec.java:50)
	at org.openqa.selenium.remote.HttpCommandExecutor.execute(HttpCommandExecutor.java:190)
	at org.openqa.selenium.remote.service.DriverCommandExecutor.invokeExecute(DriverCommandExecutor.java:216)
	at org.openqa.selenium.remote.service.DriverCommandExecutor.execute(DriverCommandExecutor.java:174)
	at org.openqa.selenium.remote.RemoteWebDriver.execute(RemoteWebDriver.java:545)
	at org.openqa.selenium.remote.ElementLocation$ElementFinder$2.findElement(ElementLocation.java:165)
	at org.openqa.selenium.remote.ElementLocation.findElement(ElementLocation.java:59)
	at org.openqa.selenium.remote.RemoteWebDriver.findElement(RemoteWebDriver.java:368)
	at org.openqa.selenium.remote.RemoteWebDriver.findElement(RemoteWebDriver.java:362)
	at org.openqa.selenium.support.pagefactory.DefaultElementLocator.findElement(DefaultElementLocator.java:68)
	at org.openqa.selenium.support.pagefactory.internal.LocatingElementHandler.invoke(LocatingElementHandler.java:38)
	at jdk.proxy2/jdk.proxy2.$Proxy14.click(Unknown Source)
	at lt.insoft.uztis.pages.SubmittedApplicationsPage.openSelectField(SubmittedApplicationsPage.java:142)
	at lt.insoft.uztis.tests.SubmittedApplicationsPageTest.testFillNewApplication(SubmittedApplicationsPageTest.java:155)
	at java.base/jdk.internal.reflect.DirectMethodHandleAccessor.invoke(DirectMethodHandleAccessor.java:103)
	at java.base/java.lang.reflect.Method.invoke(Method.java:580)
	at org.junit.platform.commons.util.ReflectionUtils.invokeMethod(ReflectionUtils.java:728)
	at org.junit.jupiter.engine.execution.MethodInvocation.proceed(MethodInvocation.java:60)
	at org.junit.jupiter.engine.execution.InvocationInterceptorChain$ValidatingInvocation.proceed(InvocationInterceptorChain.java:131)
	at org.junit.jupiter.engine.extension.TimeoutExtension.intercept(TimeoutExtension.java:156)
	at org.junit.jupiter.engine.extension.TimeoutExtension.interceptTestableMethod(TimeoutExtension.java:147)
	at org.junit.jupiter.engine.extension.TimeoutExtension.interceptTestMethod(TimeoutExtension.java:86)
	at org.junit.jupiter.engine.execution.InterceptingExecutableInvoker$ReflectiveInterceptorCall.lambda$ofVoidMethod$0(InterceptingExecutableInvoker.java:103)
	at org.junit.jupiter.engine.execution.InterceptingExecutableInvoker.lambda$invoke$0(InterceptingExecutableInvoker.java:93)
	at org.junit.jupiter.engine.execution.InvocationInterceptorChain$InterceptedInvocation.proceed(InvocationInterceptorChain.java:106)
	at org.junit.jupiter.engine.execution.InvocationInterceptorChain.proceed(InvocationInterceptorChain.java:64)
	at org.junit.jupiter.engine.execution.InvocationInterceptorChain.chainAndInvoke(InvocationInterceptorChain.java:45)
	at org.junit.jupiter.engine.execution.InvocationInterceptorChain.invoke(InvocationInterceptorChain.java:37)
	at org.junit.jupiter.engine.execution.InterceptingExecutableInvoker.invoke(InterceptingExecutableInvoker.java:92)
	at org.junit.jupiter.engine.execution.InterceptingExecutableInvoker.invoke(InterceptingExecutableInvoker.java:86)
	at org.junit.jupiter.engine.descriptor.TestMethodTestDescriptor.lambda$invokeTestMethod$7(TestMethodTestDescriptor.java:218)
	at org.junit.platform.engine.support.hierarchical.ThrowableCollector.execute(ThrowableCollector.java:73)
	at org.junit.jupiter.engine.descriptor.TestMethodTestDescriptor.invokeTestMethod(TestMethodTestDescriptor.java:214)
	at org.junit.jupiter.engine.descriptor.TestMethodTestDescriptor.execute(TestMethodTestDescriptor.java:139)
	at org.junit.jupiter.engine.descriptor.TestMethodTestDescriptor.execute(TestMethodTestDescriptor.java:69)
	at org.junit.platform.engine.support.hierarchical.NodeTestTask.lambda$executeRecursively$6(NodeTestTask.java:151)
	at org.junit.platform.engine.support.hierarchical.ThrowableCollector.execute(ThrowableCollector.java:73)
	at org.junit.platform.engine.support.hierarchical.NodeTestTask.lambda$executeRecursively$8(NodeTestTask.java:141)
	at org.junit.platform.engine.support.hierarchical.Node.around(Node.java:137)
	at org.junit.platform.engine.support.hierarchical.NodeTestTask.lambda$executeRecursively$9(NodeTestTask.java:139)
	at org.junit.platform.engine.support.hierarchical.ThrowableCollector.execute(ThrowableCollector.java:73)
	at org.junit.platform.engine.support.hierarchical.NodeTestTask.executeRecursively(NodeTestTask.java:138)
	at org.junit.platform.engine.support.hierarchical.NodeTestTask.execute(NodeTestTask.java:95)
	at java.base/java.util.ArrayList.forEach(ArrayList.java:1596)
	at org.junit.platform.engine.support.hierarchical.SameThreadHierarchicalTestExecutorService.invokeAll(SameThreadHierarchicalTestExecutorService.java:41)
	at org.junit.platform.engine.support.hierarchical.NodeTestTask.lambda$executeRecursively$6(NodeTestTask.java:155)
	at org.junit.platform.engine.support.hierarchical.ThrowableCollector.execute(ThrowableCollector.java:73)
	at org.junit.platform.engine.support.hierarchical.NodeTestTask.lambda$executeRecursively$8(NodeTestTask.java:141)
	at org.junit.platform.engine.support.hierarchical.Node.around(Node.java:137)
	at org.junit.platform.engine.support.hierarchical.NodeTestTask.lambda$executeRecursively$9(NodeTestTask.java:139)
	at org.junit.platform.engine.support.hierarchical.ThrowableCollector.execute(ThrowableCollector.java:73)
	at org.junit.platform.engine.support.hierarchical.NodeTestTask.executeRecursively(NodeTestTask.java:138)
	at org.junit.platform.engine.support.hierarchical.NodeTestTask.execute(NodeTestTask.java:95)
	at java.base/java.util.ArrayList.forEach(ArrayList.java:1596)
	at org.junit.platform.engine.support.hierarchical.SameThreadHierarchicalTestExecutorService.invokeAll(SameThreadHierarchicalTestExecutorService.java:41)
	at org.junit.platform.engine.support.hierarchical.NodeTestTask.lambda$executeRecursively$6(NodeTestTask.java:155)
	at org.junit.platform.engine.support.hierarchical.ThrowableCollector.execute(ThrowableCollector.java:73)
	at org.junit.platform.engine.support.hierarchical.NodeTestTask.lambda$executeRecursively$8(NodeTestTask.java:141)
	at org.junit.platform.engine.support.hierarchical.Node.around(Node.java:137)
	at org.junit.platform.engine.support.hierarchical.NodeTestTask.lambda$executeRecursively$9(NodeTestTask.java:139)
	at org.junit.platform.engine.support.hierarchical.ThrowableCollector.execute(ThrowableCollector.java:73)
	at org.junit.platform.engine.support.hierarchical.NodeTestTask.executeRecursively(NodeTestTask.java:138)
	at org.junit.platform.engine.support.hierarchical.NodeTestTask.execute(NodeTestTask.java:95)
	at org.junit.platform.engine.support.hierarchical.SameThreadHierarchicalTestExecutorService.submit(SameThreadHierarchicalTestExecutorService.java:35)
	at org.junit.platform.engine.support.hierarchical.HierarchicalTestExecutor.execute(HierarchicalTestExecutor.java:57)
	at org.junit.platform.engine.support.hierarchical.HierarchicalTestEngine.execute(HierarchicalTestEngine.java:54)
	at org.junit.platform.launcher.core.EngineExecutionOrchestrator.execute(EngineExecutionOrchestrator.java:198)
	at org.junit.platform.launcher.core.EngineExecutionOrchestrator.execute(EngineExecutionOrchestrator.java:169)
	at org.junit.platform.launcher.core.EngineExecutionOrchestrator.execute(EngineExecutionOrchestrator.java:93)
	at org.junit.platform.launcher.core.EngineExecutionOrchestrator.lambda$execute$0(EngineExecutionOrchestrator.java:58)
	at org.junit.platform.launcher.core.EngineExecutionOrchestrator.withInterceptedStreams(EngineExecutionOrchestrator.java:141)
	at org.junit.platform.launcher.core.EngineExecutionOrchestrator.execute(EngineExecutionOrchestrator.java:57)
	at org.junit.platform.launcher.core.DefaultLauncher.execute(DefaultLauncher.java:103)
	at org.junit.platform.launcher.core.DefaultLauncher.execute(DefaultLauncher.java:85)
	at org.junit.platform.launcher.core.DelegatingLauncher.execute(DelegatingLauncher.java:47)
	at org.junit.platform.launcher.core.SessionPerRequestLauncher.execute(SessionPerRequestLauncher.java:63)
	at com.intellij.junit5.JUnit5IdeaTestRunner.startRunnerWithArgs(JUnit5IdeaTestRunner.java:57)
	at com.intellij.rt.junit.IdeaTestRunner$Repeater$1.execute(IdeaTestRunner.java:38)
	at com.intellij.rt.execution.junit.TestsRepeater.repeat(TestsRepeater.java:11)
	at com.intellij.rt.junit.IdeaTestRunner$Repeater.startRunnerWithArgs(IdeaTestRunner.java:35)
	at com.intellij.rt.junit.JUnitStarter.prepareStreamsAndStart(JUnitStarter.java:232)
	at com.intellij.rt.junit.JUnitStarter.main(JUnitStarter.java:55)
2025-01-22 10:01:12 [main] INFO  l.insoft.uztis.tests.utils.TestUtils - Screenshot moved to C:\Users\ingrida.zadorozniene\Desktop\Asm\UZTIS\UZTIS_tests\test-output\screenshots\20250122\100112111_testFillNewApplication().png
2025-01-22 10:04:54 [main] INFO  lt.insoft.uztis.tests.UztisPageTest - Navigated to https://uztisdev.asseco.lt/home
2025-01-22 10:04:54 [main] INFO  l.i.u.t.SubmittedApplicationsPageTest - Starting test:'testFillNewApplication'
2025-01-22 10:04:55 [main] DEBUG l.i.u.t.SubmittedApplicationsPageTest - User logged in with test credentials
2025-01-22 10:04:55 [main] DEBUG l.i.u.t.SubmittedApplicationsPageTest - Opened 'Application Processing' menu.
2025-01-22 10:04:55 [main] DEBUG l.i.u.t.SubmittedApplicationsPageTest - Clicked on 'Application Forms' menu.
2025-01-22 10:04:55 [main] DEBUG l.i.u.t.SubmittedApplicationsPageTest - Retrieved last description code text: 'TST-VUI-81'.
2025-01-22 10:04:55 [main] DEBUG l.i.u.t.SubmittedApplicationsPageTest - Clicked on 'Invitation' menu.
2025-01-22 10:04:56 [main] DEBUG l.i.u.t.SubmittedApplicationsPageTest - Selected application section by code: 'TST-VUI-81'.
2025-01-22 10:04:56 [main] DEBUG l.i.u.t.SubmittedApplicationsPageTest - Clicked 'Search' button.
2025-01-22 10:04:56 [main] DEBUG l.i.u.t.SubmittedApplicationsPageTest - Retrieved invitation code: ''.
2025-01-22 10:04:56 [main] DEBUG l.i.u.t.SubmittedApplicationsPageTest - Clicked on 'Submitted Applications' menu.
2025-01-22 10:04:57 [main] DEBUG l.i.u.t.SubmittedApplicationsPageTest - Selected invitation by code: 'TST-VUI-81'.
2025-01-22 10:04:57 [main] DEBUG l.i.u.t.SubmittedApplicationsPageTest - Clicked on 'Action Application' button.
2025-01-22 10:04:57 [main] DEBUG l.i.u.t.SubmittedApplicationsPageTest - Clicked on 'New Application' button.
2025-01-22 10:04:58 [main] DEBUG l.i.u.t.SubmittedApplicationsPageTest - Clicked on 'RadioButtonFA' button.
2025-01-22 10:04:58 [main] DEBUG l.i.u.t.SubmittedApplicationsPageTest - Entered phone number into the input field.
2025-01-22 10:04:58 [main] DEBUG l.i.u.t.SubmittedApplicationsPageTest - Entered eMail into the input field.
2025-01-22 10:05:02 [main] ERROR l.i.u.t.SubmittedApplicationsPageTest - Test 'testFillNewApplication' failed with error: Error communicating with the remote browser. It may have died.
Build info: version: '4.27.0', revision: 'd6e718d134'
System info: os.name: 'Windows 11', os.arch: 'amd64', os.version: '10.0', java.version: '21.0.3'
Driver info: org.openqa.selenium.chrome.ChromeDriver
Command: [85ecd18f0141cf1b5ee4370530cf23f3, findElement [using, value]]
Capabilities {acceptInsecureCerts: false, browserName: chrome, browserVersion: 131.0.6778.265, chrome: {chromedriverVersion: 131.0.6778.264 (2d05e315153..., userDataDir: C:\Users\INGRID~1.ZAD\AppDa...}, fedcm:accounts: true, goog:chromeOptions: {debuggerAddress: localhost:54580}, networkConnectionEnabled: false, pageLoadStrategy: normal, platformName: windows, proxy: Proxy(), se:cdp: ws://localhost:54580/devtoo..., se:cdpVersion: 131.0.6778.265, setWindowRect: true, strictFileInteractability: false, timeouts: {implicit: 0, pageLoad: 300000, script: 30000}, unhandledPromptBehavior: dismiss and notify, webauthn:extension:credBlob: true, webauthn:extension:largeBlob: true, webauthn:extension:minPinLength: true, webauthn:extension:prf: true, webauthn:virtualAuthenticators: true}
Session ID: 85ecd18f0141cf1b5ee4370530cf23f3
org.openqa.selenium.remote.UnreachableBrowserException: Error communicating with the remote browser. It may have died.
Build info: version: '4.27.0', revision: 'd6e718d134'
System info: os.name: 'Windows 11', os.arch: 'amd64', os.version: '10.0', java.version: '21.0.3'
Driver info: org.openqa.selenium.chrome.ChromeDriver
Command: [85ecd18f0141cf1b5ee4370530cf23f3, findElement [using, value]]
Capabilities {acceptInsecureCerts: false, browserName: chrome, browserVersion: 131.0.6778.265, chrome: {chromedriverVersion: 131.0.6778.264 (2d05e315153..., userDataDir: C:\Users\INGRID~1.ZAD\AppDa...}, fedcm:accounts: true, goog:chromeOptions: {debuggerAddress: localhost:54580}, networkConnectionEnabled: false, pageLoadStrategy: normal, platformName: windows, proxy: Proxy(), se:cdp: ws://localhost:54580/devtoo..., se:cdpVersion: 131.0.6778.265, setWindowRect: true, strictFileInteractability: false, timeouts: {implicit: 0, pageLoad: 300000, script: 30000}, unhandledPromptBehavior: dismiss and notify, webauthn:extension:credBlob: true, webauthn:extension:largeBlob: true, webauthn:extension:minPinLength: true, webauthn:extension:prf: true, webauthn:virtualAuthenticators: true}
Session ID: 85ecd18f0141cf1b5ee4370530cf23f3
	at org.openqa.selenium.remote.RemoteWebDriver.execute(RemoteWebDriver.java:572)
	at org.openqa.selenium.remote.ElementLocation$ElementFinder$2.findElement(ElementLocation.java:165)
	at org.openqa.selenium.remote.ElementLocation.findElement(ElementLocation.java:59)
	at org.openqa.selenium.remote.RemoteWebDriver.findElement(RemoteWebDriver.java:368)
	at org.openqa.selenium.remote.RemoteWebDriver.findElement(RemoteWebDriver.java:362)
	at org.openqa.selenium.support.pagefactory.DefaultElementLocator.findElement(DefaultElementLocator.java:68)
	at org.openqa.selenium.support.pagefactory.internal.LocatingElementHandler.invoke(LocatingElementHandler.java:38)
	at jdk.proxy2/jdk.proxy2.$Proxy14.click(Unknown Source)
	at lt.insoft.uztis.pages.SubmittedApplicationsPage.openSelectField(SubmittedApplicationsPage.java:142)
	at lt.insoft.uztis.tests.SubmittedApplicationsPageTest.testFillNewApplication(SubmittedApplicationsPageTest.java:155)
	at java.base/jdk.internal.reflect.DirectMethodHandleAccessor.invoke(DirectMethodHandleAccessor.java:103)
	at java.base/java.lang.reflect.Method.invoke(Method.java:580)
	at org.junit.platform.commons.util.ReflectionUtils.invokeMethod(ReflectionUtils.java:728)
	at org.junit.jupiter.engine.execution.MethodInvocation.proceed(MethodInvocation.java:60)
	at org.junit.jupiter.engine.execution.InvocationInterceptorChain$ValidatingInvocation.proceed(InvocationInterceptorChain.java:131)
	at org.junit.jupiter.engine.extension.TimeoutExtension.intercept(TimeoutExtension.java:156)
	at org.junit.jupiter.engine.extension.TimeoutExtension.interceptTestableMethod(TimeoutExtension.java:147)
	at org.junit.jupiter.engine.extension.TimeoutExtension.interceptTestMethod(TimeoutExtension.java:86)
	at org.junit.jupiter.engine.execution.InterceptingExecutableInvoker$ReflectiveInterceptorCall.lambda$ofVoidMethod$0(InterceptingExecutableInvoker.java:103)
	at org.junit.jupiter.engine.execution.InterceptingExecutableInvoker.lambda$invoke$0(InterceptingExecutableInvoker.java:93)
	at org.junit.jupiter.engine.execution.InvocationInterceptorChain$InterceptedInvocation.proceed(InvocationInterceptorChain.java:106)
	at org.junit.jupiter.engine.execution.InvocationInterceptorChain.proceed(InvocationInterceptorChain.java:64)
	at org.junit.jupiter.engine.execution.InvocationInterceptorChain.chainAndInvoke(InvocationInterceptorChain.java:45)
	at org.junit.jupiter.engine.execution.InvocationInterceptorChain.invoke(InvocationInterceptorChain.java:37)
	at org.junit.jupiter.engine.execution.InterceptingExecutableInvoker.invoke(InterceptingExecutableInvoker.java:92)
	at org.junit.jupiter.engine.execution.InterceptingExecutableInvoker.invoke(InterceptingExecutableInvoker.java:86)
	at org.junit.jupiter.engine.descriptor.TestMethodTestDescriptor.lambda$invokeTestMethod$7(TestMethodTestDescriptor.java:218)
	at org.junit.platform.engine.support.hierarchical.ThrowableCollector.execute(ThrowableCollector.java:73)
	at org.junit.jupiter.engine.descriptor.TestMethodTestDescriptor.invokeTestMethod(TestMethodTestDescriptor.java:214)
	at org.junit.jupiter.engine.descriptor.TestMethodTestDescriptor.execute(TestMethodTestDescriptor.java:139)
	at org.junit.jupiter.engine.descriptor.TestMethodTestDescriptor.execute(TestMethodTestDescriptor.java:69)
	at org.junit.platform.engine.support.hierarchical.NodeTestTask.lambda$executeRecursively$6(NodeTestTask.java:151)
	at org.junit.platform.engine.support.hierarchical.ThrowableCollector.execute(ThrowableCollector.java:73)
	at org.junit.platform.engine.support.hierarchical.NodeTestTask.lambda$executeRecursively$8(NodeTestTask.java:141)
	at org.junit.platform.engine.support.hierarchical.Node.around(Node.java:137)
	at org.junit.platform.engine.support.hierarchical.NodeTestTask.lambda$executeRecursively$9(NodeTestTask.java:139)
	at org.junit.platform.engine.support.hierarchical.ThrowableCollector.execute(ThrowableCollector.java:73)
	at org.junit.platform.engine.support.hierarchical.NodeTestTask.executeRecursively(NodeTestTask.java:138)
	at org.junit.platform.engine.support.hierarchical.NodeTestTask.execute(NodeTestTask.java:95)
	at java.base/java.util.ArrayList.forEach(ArrayList.java:1596)
	at org.junit.platform.engine.support.hierarchical.SameThreadHierarchicalTestExecutorService.invokeAll(SameThreadHierarchicalTestExecutorService.java:41)
	at org.junit.platform.engine.support.hierarchical.NodeTestTask.lambda$executeRecursively$6(NodeTestTask.java:155)
	at org.junit.platform.engine.support.hierarchical.ThrowableCollector.execute(ThrowableCollector.java:73)
	at org.junit.platform.engine.support.hierarchical.NodeTestTask.lambda$executeRecursively$8(NodeTestTask.java:141)
	at org.junit.platform.engine.support.hierarchical.Node.around(Node.java:137)
	at org.junit.platform.engine.support.hierarchical.NodeTestTask.lambda$executeRecursively$9(NodeTestTask.java:139)
	at org.junit.platform.engine.support.hierarchical.ThrowableCollector.execute(ThrowableCollector.java:73)
	at org.junit.platform.engine.support.hierarchical.NodeTestTask.executeRecursively(NodeTestTask.java:138)
	at org.junit.platform.engine.support.hierarchical.NodeTestTask.execute(NodeTestTask.java:95)
	at java.base/java.util.ArrayList.forEach(ArrayList.java:1596)
	at org.junit.platform.engine.support.hierarchical.SameThreadHierarchicalTestExecutorService.invokeAll(SameThreadHierarchicalTestExecutorService.java:41)
	at org.junit.platform.engine.support.hierarchical.NodeTestTask.lambda$executeRecursively$6(NodeTestTask.java:155)
	at org.junit.platform.engine.support.hierarchical.ThrowableCollector.execute(ThrowableCollector.java:73)
	at org.junit.platform.engine.support.hierarchical.NodeTestTask.lambda$executeRecursively$8(NodeTestTask.java:141)
	at org.junit.platform.engine.support.hierarchical.Node.around(Node.java:137)
	at org.junit.platform.engine.support.hierarchical.NodeTestTask.lambda$executeRecursively$9(NodeTestTask.java:139)
	at org.junit.platform.engine.support.hierarchical.ThrowableCollector.execute(ThrowableCollector.java:73)
	at org.junit.platform.engine.support.hierarchical.NodeTestTask.executeRecursively(NodeTestTask.java:138)
	at org.junit.platform.engine.support.hierarchical.NodeTestTask.execute(NodeTestTask.java:95)
	at org.junit.platform.engine.support.hierarchical.SameThreadHierarchicalTestExecutorService.submit(SameThreadHierarchicalTestExecutorService.java:35)
	at org.junit.platform.engine.support.hierarchical.HierarchicalTestExecutor.execute(HierarchicalTestExecutor.java:57)
	at org.junit.platform.engine.support.hierarchical.HierarchicalTestEngine.execute(HierarchicalTestEngine.java:54)
	at org.junit.platform.launcher.core.EngineExecutionOrchestrator.execute(EngineExecutionOrchestrator.java:198)
	at org.junit.platform.launcher.core.EngineExecutionOrchestrator.execute(EngineExecutionOrchestrator.java:169)
	at org.junit.platform.launcher.core.EngineExecutionOrchestrator.execute(EngineExecutionOrchestrator.java:93)
	at org.junit.platform.launcher.core.EngineExecutionOrchestrator.lambda$execute$0(EngineExecutionOrchestrator.java:58)
	at org.junit.platform.launcher.core.EngineExecutionOrchestrator.withInterceptedStreams(EngineExecutionOrchestrator.java:141)
	at org.junit.platform.launcher.core.EngineExecutionOrchestrator.execute(EngineExecutionOrchestrator.java:57)
	at org.junit.platform.launcher.core.DefaultLauncher.execute(DefaultLauncher.java:103)
	at org.junit.platform.launcher.core.DefaultLauncher.execute(DefaultLauncher.java:85)
	at org.junit.platform.launcher.core.DelegatingLauncher.execute(DelegatingLauncher.java:47)
	at org.junit.platform.launcher.core.SessionPerRequestLauncher.execute(SessionPerRequestLauncher.java:63)
	at com.intellij.junit5.JUnit5IdeaTestRunner.startRunnerWithArgs(JUnit5IdeaTestRunner.java:57)
	at com.intellij.rt.junit.IdeaTestRunner$Repeater$1.execute(IdeaTestRunner.java:38)
	at com.intellij.rt.execution.junit.TestsRepeater.repeat(TestsRepeater.java:11)
	at com.intellij.rt.junit.IdeaTestRunner$Repeater.startRunnerWithArgs(IdeaTestRunner.java:35)
	at com.intellij.rt.junit.JUnitStarter.prepareStreamsAndStart(JUnitStarter.java:232)
	at com.intellij.rt.junit.JUnitStarter.main(JUnitStarter.java:55)
Caused by: java.io.UncheckedIOException: java.io.IOException: HTTP/1.1 header parser received no bytes
	at org.openqa.selenium.remote.http.jdk.JdkHttpClient.execute0(JdkHttpClient.java:496)
	at org.openqa.selenium.remote.http.AddSeleniumUserAgent.lambda$apply$0(AddSeleniumUserAgent.java:42)
	at org.openqa.selenium.remote.http.Filter.lambda$andFinally$1(Filter.java:55)
	at org.openqa.selenium.remote.http.jdk.JdkHttpClient.lambda$executeAsync$1(JdkHttpClient.java:383)
	at java.base/java.util.concurrent.Executors$RunnableAdapter.call(Executors.java:572)
	at java.base/java.util.concurrent.FutureTask.run(FutureTask.java:317)
	at java.base/java.util.concurrent.ThreadPoolExecutor.runWorker(ThreadPoolExecutor.java:1144)
	at java.base/java.util.concurrent.ThreadPoolExecutor$Worker.run(ThreadPoolExecutor.java:642)
	at java.base/java.lang.Thread.run(Thread.java:1583)
Caused by: java.io.IOException: HTTP/1.1 header parser received no bytes
	at java.net.http/jdk.internal.net.http.HttpClientImpl.send(HttpClientImpl.java:964)
	at java.net.http/jdk.internal.net.http.HttpClientFacade.send(HttpClientFacade.java:133)
	at org.openqa.selenium.remote.http.jdk.JdkHttpClient.execute0(JdkHttpClient.java:455)
	... 8 common frames omitted
Caused by: java.io.IOException: HTTP/1.1 header parser received no bytes
	at java.net.http/jdk.internal.net.http.common.Utils.wrapWithExtraDetail(Utils.java:388)
	at java.net.http/jdk.internal.net.http.Http1Response$HeadersReader.onReadError(Http1Response.java:590)
	at java.net.http/jdk.internal.net.http.Http1AsyncReceiver.checkForErrors(Http1AsyncReceiver.java:302)
	at java.net.http/jdk.internal.net.http.Http1AsyncReceiver.flush(Http1AsyncReceiver.java:268)
	at java.net.http/jdk.internal.net.http.common.SequentialScheduler$LockingRestartableTask.run(SequentialScheduler.java:182)
	at java.net.http/jdk.internal.net.http.common.SequentialScheduler$CompleteRestartableTask.run(SequentialScheduler.java:149)
	at java.net.http/jdk.internal.net.http.common.SequentialScheduler$SchedulableTask.run(SequentialScheduler.java:207)
	... 3 common frames omitted
Caused by: java.net.SocketException: Connection reset
	at java.base/sun.nio.ch.SocketChannelImpl.throwConnectionReset(SocketChannelImpl.java:401)
	at java.base/sun.nio.ch.SocketChannelImpl.read(SocketChannelImpl.java:434)
	at java.net.http/jdk.internal.net.http.SocketTube.readAvailable(SocketTube.java:1178)
	at java.net.http/jdk.internal.net.http.SocketTube$InternalReadPublisher$InternalReadSubscription.read(SocketTube.java:841)
	at java.net.http/jdk.internal.net.http.SocketTube$SocketFlowTask.run(SocketTube.java:181)
	at java.net.http/jdk.internal.net.http.common.SequentialScheduler$SchedulableTask.run(SequentialScheduler.java:207)
	at java.net.http/jdk.internal.net.http.common.SequentialScheduler.runOrSchedule(SequentialScheduler.java:280)
	at java.net.http/jdk.internal.net.http.common.SequentialScheduler.runOrSchedule(SequentialScheduler.java:233)
	at java.net.http/jdk.internal.net.http.SocketTube$InternalReadPublisher$InternalReadSubscription.signalReadable(SocketTube.java:782)
	at java.net.http/jdk.internal.net.http.SocketTube$InternalReadPublisher$ReadEvent.signalEvent(SocketTube.java:965)
	at java.net.http/jdk.internal.net.http.SocketTube$SocketFlowEvent.handle(SocketTube.java:253)
	at java.net.http/jdk.internal.net.http.HttpClientImpl$SelectorManager.handleEvent(HttpClientImpl.java:1467)
	at java.net.http/jdk.internal.net.http.HttpClientImpl$SelectorManager.lambda$run$3(HttpClientImpl.java:1412)
	at java.base/java.util.ArrayList.forEach(ArrayList.java:1596)
	at java.net.http/jdk.internal.net.http.HttpClientImpl$SelectorManager.run(HttpClientImpl.java:1412)
2025-01-22 10:11:21 [main] INFO  lt.insoft.uztis.tests.UztisPageTest - Navigated to https://uztisdev.asseco.lt/home
2025-01-22 10:11:21 [main] INFO  l.i.u.t.SubmittedApplicationsPageTest - Starting test:'testFillNewApplication'
2025-01-22 10:11:21 [main] DEBUG l.i.u.t.SubmittedApplicationsPageTest - User logged in with test credentials
2025-01-22 10:11:22 [main] DEBUG l.i.u.t.SubmittedApplicationsPageTest - Opened 'Application Processing' menu.
2025-01-22 10:11:22 [main] DEBUG l.i.u.t.SubmittedApplicationsPageTest - Clicked on 'Application Forms' menu.
2025-01-22 10:11:22 [main] DEBUG l.i.u.t.SubmittedApplicationsPageTest - Retrieved last description code text: 'TST-VUI-81'.
2025-01-22 10:11:22 [main] DEBUG l.i.u.t.SubmittedApplicationsPageTest - Clicked on 'Invitation' menu.
2025-01-22 10:11:23 [main] DEBUG l.i.u.t.SubmittedApplicationsPageTest - Selected application section by code: 'TST-VUI-81'.
2025-01-22 10:11:23 [main] DEBUG l.i.u.t.SubmittedApplicationsPageTest - Clicked 'Search' button.
2025-01-22 10:11:23 [main] DEBUG l.i.u.t.SubmittedApplicationsPageTest - Retrieved invitation code: ''.
2025-01-22 10:11:23 [main] DEBUG l.i.u.t.SubmittedApplicationsPageTest - Clicked on 'Submitted Applications' menu.
2025-01-22 10:11:24 [main] DEBUG l.i.u.t.SubmittedApplicationsPageTest - Selected invitation by code: 'TST-VUI-81'.
2025-01-22 10:11:24 [main] DEBUG l.i.u.t.SubmittedApplicationsPageTest - Clicked on 'Action Application' button.
2025-01-22 10:11:24 [main] DEBUG l.i.u.t.SubmittedApplicationsPageTest - Clicked on 'New Application' button.
2025-01-22 10:11:25 [main] DEBUG l.i.u.t.SubmittedApplicationsPageTest - Clicked on 'RadioButtonFA' button.
2025-01-22 10:11:25 [main] DEBUG l.i.u.t.SubmittedApplicationsPageTest - Entered phone number into the input field.
2025-01-22 10:11:25 [main] DEBUG l.i.u.t.SubmittedApplicationsPageTest - Entered eMail into the input field.
2025-01-22 10:11:25 [main] DEBUG l.i.u.t.SubmittedApplicationsPageTest - Entered Address into the input field.
2025-01-22 10:11:25 [main] INFO  l.i.u.t.SubmittedApplicationsPageTest - Test 'testFillNewApplication' completed successfully.
2025-01-22 10:12:56 [main] INFO  lt.insoft.uztis.tests.UztisPageTest - Navigated to https://uztisdev.asseco.lt/home
2025-01-22 10:12:56 [main] INFO  l.i.u.t.SubmittedApplicationsPageTest - Starting test:'testFillNewApplication'
2025-01-22 10:12:56 [main] DEBUG l.i.u.t.SubmittedApplicationsPageTest - User logged in with test credentials
2025-01-22 10:12:56 [main] DEBUG l.i.u.t.SubmittedApplicationsPageTest - Opened 'Application Processing' menu.
2025-01-22 10:12:56 [main] DEBUG l.i.u.t.SubmittedApplicationsPageTest - Clicked on 'Application Forms' menu.
2025-01-22 10:12:57 [main] DEBUG l.i.u.t.SubmittedApplicationsPageTest - Retrieved last description code text: 'TST-VUI-81'.
2025-01-22 10:12:57 [main] DEBUG l.i.u.t.SubmittedApplicationsPageTest - Clicked on 'Invitation' menu.
2025-01-22 10:12:58 [main] DEBUG l.i.u.t.SubmittedApplicationsPageTest - Selected application section by code: 'TST-VUI-81'.
2025-01-22 10:12:58 [main] DEBUG l.i.u.t.SubmittedApplicationsPageTest - Clicked 'Search' button.
2025-01-22 10:12:58 [main] DEBUG l.i.u.t.SubmittedApplicationsPageTest - Retrieved invitation code: ''.
2025-01-22 10:12:58 [main] DEBUG l.i.u.t.SubmittedApplicationsPageTest - Clicked on 'Submitted Applications' menu.
2025-01-22 10:12:59 [main] DEBUG l.i.u.t.SubmittedApplicationsPageTest - Selected invitation by code: 'TST-VUI-81'.
2025-01-22 10:12:59 [main] DEBUG l.i.u.t.SubmittedApplicationsPageTest - Clicked on 'Action Application' button.
2025-01-22 10:12:59 [main] DEBUG l.i.u.t.SubmittedApplicationsPageTest - Clicked on 'New Application' button.
2025-01-22 10:12:59 [main] DEBUG l.i.u.t.SubmittedApplicationsPageTest - Clicked on 'RadioButtonFA' button.
2025-01-22 10:13:00 [main] DEBUG l.i.u.t.SubmittedApplicationsPageTest - Entered phone number into the input field.
2025-01-22 10:13:00 [main] DEBUG l.i.u.t.SubmittedApplicationsPageTest - Entered eMail into the input field.
2025-01-22 10:13:00 [main] DEBUG l.i.u.t.SubmittedApplicationsPageTest - Entered Address into the input field.
2025-01-22 10:13:00 [main] INFO  l.i.u.t.SubmittedApplicationsPageTest - Test 'testFillNewApplication' completed successfully.
2025-01-22 10:18:13 [main] INFO  lt.insoft.uztis.tests.UztisPageTest - Navigated to https://uztisdev.asseco.lt/home
2025-01-22 10:18:13 [main] INFO  l.i.u.t.SubmittedApplicationsPageTest - Starting test:'testFillNewApplication'
2025-01-22 10:18:14 [main] DEBUG l.i.u.t.SubmittedApplicationsPageTest - User logged in with test credentials
2025-01-22 10:18:14 [main] DEBUG l.i.u.t.SubmittedApplicationsPageTest - Opened 'Application Processing' menu.
2025-01-22 10:18:14 [main] DEBUG l.i.u.t.SubmittedApplicationsPageTest - Clicked on 'Application Forms' menu.
2025-01-22 10:18:15 [main] DEBUG l.i.u.t.SubmittedApplicationsPageTest - Retrieved last description code text: 'TST-VUI-81'.
2025-01-22 10:18:16 [main] DEBUG l.i.u.t.SubmittedApplicationsPageTest - Clicked on 'Invitation' menu.
2025-01-22 10:18:16 [main] DEBUG l.i.u.t.SubmittedApplicationsPageTest - Selected application section by code: 'TST-VUI-81'.
2025-01-22 10:18:16 [main] DEBUG l.i.u.t.SubmittedApplicationsPageTest - Clicked 'Search' button.
2025-01-22 10:18:16 [main] DEBUG l.i.u.t.SubmittedApplicationsPageTest - Retrieved invitation code: ''.
2025-01-22 10:18:17 [main] DEBUG l.i.u.t.SubmittedApplicationsPageTest - Clicked on 'Submitted Applications' menu.
2025-01-22 10:18:17 [main] DEBUG l.i.u.t.SubmittedApplicationsPageTest - Selected invitation by code: 'TST-VUI-81'.
2025-01-22 10:18:17 [main] DEBUG l.i.u.t.SubmittedApplicationsPageTest - Clicked on 'Action Application' button.
2025-01-22 10:18:18 [main] DEBUG l.i.u.t.SubmittedApplicationsPageTest - Clicked on 'New Application' button.
2025-01-22 10:18:18 [main] DEBUG l.i.u.t.SubmittedApplicationsPageTest - Clicked on 'RadioButtonFA' button.
2025-01-22 10:18:18 [main] DEBUG l.i.u.t.SubmittedApplicationsPageTest - Entered phone number into the input field.
2025-01-22 10:18:18 [main] DEBUG l.i.u.t.SubmittedApplicationsPageTest - Entered eMail into the input field.
2025-01-22 10:18:27 [main] ERROR l.i.u.t.SubmittedApplicationsPageTest - Test 'testFillNewApplication' failed with error: Error communicating with the remote browser. It may have died.
Build info: version: '4.27.0', revision: 'd6e718d134'
System info: os.name: 'Windows 11', os.arch: 'amd64', os.version: '10.0', java.version: '21.0.3'
Driver info: org.openqa.selenium.chrome.ChromeDriver
Command: [f657d7268fc0ee8883987d85562dc0de, findElement [value, using]]
Capabilities {acceptInsecureCerts: false, browserName: chrome, browserVersion: 131.0.6778.265, chrome: {chromedriverVersion: 131.0.6778.264 (2d05e315153..., userDataDir: C:\Users\INGRID~1.ZAD\AppDa...}, fedcm:accounts: true, goog:chromeOptions: {debuggerAddress: localhost:55055}, networkConnectionEnabled: false, pageLoadStrategy: normal, platformName: windows, proxy: Proxy(), se:cdp: ws://localhost:55055/devtoo..., se:cdpVersion: 131.0.6778.265, setWindowRect: true, strictFileInteractability: false, timeouts: {implicit: 0, pageLoad: 300000, script: 30000}, unhandledPromptBehavior: dismiss and notify, webauthn:extension:credBlob: true, webauthn:extension:largeBlob: true, webauthn:extension:minPinLength: true, webauthn:extension:prf: true, webauthn:virtualAuthenticators: true}
Session ID: f657d7268fc0ee8883987d85562dc0de
org.openqa.selenium.remote.UnreachableBrowserException: Error communicating with the remote browser. It may have died.
Build info: version: '4.27.0', revision: 'd6e718d134'
System info: os.name: 'Windows 11', os.arch: 'amd64', os.version: '10.0', java.version: '21.0.3'
Driver info: org.openqa.selenium.chrome.ChromeDriver
Command: [f657d7268fc0ee8883987d85562dc0de, findElement [value, using]]
Capabilities {acceptInsecureCerts: false, browserName: chrome, browserVersion: 131.0.6778.265, chrome: {chromedriverVersion: 131.0.6778.264 (2d05e315153..., userDataDir: C:\Users\INGRID~1.ZAD\AppDa...}, fedcm:accounts: true, goog:chromeOptions: {debuggerAddress: localhost:55055}, networkConnectionEnabled: false, pageLoadStrategy: normal, platformName: windows, proxy: Proxy(), se:cdp: ws://localhost:55055/devtoo..., se:cdpVersion: 131.0.6778.265, setWindowRect: true, strictFileInteractability: false, timeouts: {implicit: 0, pageLoad: 300000, script: 30000}, unhandledPromptBehavior: dismiss and notify, webauthn:extension:credBlob: true, webauthn:extension:largeBlob: true, webauthn:extension:minPinLength: true, webauthn:extension:prf: true, webauthn:virtualAuthenticators: true}
Session ID: f657d7268fc0ee8883987d85562dc0de
	at org.openqa.selenium.remote.RemoteWebDriver.execute(RemoteWebDriver.java:572)
	at org.openqa.selenium.remote.ElementLocation$ElementFinder$2.findElement(ElementLocation.java:165)
	at org.openqa.selenium.remote.ElementLocation.findElement(ElementLocation.java:59)
	at org.openqa.selenium.remote.RemoteWebDriver.findElement(RemoteWebDriver.java:368)
	at org.openqa.selenium.remote.RemoteWebDriver.findElement(RemoteWebDriver.java:362)
	at org.openqa.selenium.support.pagefactory.DefaultElementLocator.findElement(DefaultElementLocator.java:68)
	at org.openqa.selenium.support.pagefactory.internal.LocatingElementHandler.invoke(LocatingElementHandler.java:38)
	at jdk.proxy2/jdk.proxy2.$Proxy14.isDisplayed(Unknown Source)
	at org.openqa.selenium.support.ui.ExpectedConditions.elementIfVisible(ExpectedConditions.java:304)
	at org.openqa.selenium.support.ui.ExpectedConditions$10.apply(ExpectedConditions.java:290)
	at org.openqa.selenium.support.ui.ExpectedConditions$10.apply(ExpectedConditions.java:287)
	at org.openqa.selenium.support.ui.ExpectedConditions$23.apply(ExpectedConditions.java:656)
	at org.openqa.selenium.support.ui.ExpectedConditions$23.apply(ExpectedConditions.java:652)
	at org.openqa.selenium.support.ui.FluentWait.until(FluentWait.java:203)
	at lt.insoft.uztis.pages.SubmittedApplicationsPage.openSelectField(SubmittedApplicationsPage.java:142)
	at lt.insoft.uztis.tests.SubmittedApplicationsPageTest.testFillNewApplication(SubmittedApplicationsPageTest.java:155)
	at java.base/jdk.internal.reflect.DirectMethodHandleAccessor.invoke(DirectMethodHandleAccessor.java:103)
	at java.base/java.lang.reflect.Method.invoke(Method.java:580)
	at org.junit.platform.commons.util.ReflectionUtils.invokeMethod(ReflectionUtils.java:728)
	at org.junit.jupiter.engine.execution.MethodInvocation.proceed(MethodInvocation.java:60)
	at org.junit.jupiter.engine.execution.InvocationInterceptorChain$ValidatingInvocation.proceed(InvocationInterceptorChain.java:131)
	at org.junit.jupiter.engine.extension.TimeoutExtension.intercept(TimeoutExtension.java:156)
	at org.junit.jupiter.engine.extension.TimeoutExtension.interceptTestableMethod(TimeoutExtension.java:147)
	at org.junit.jupiter.engine.extension.TimeoutExtension.interceptTestMethod(TimeoutExtension.java:86)
	at org.junit.jupiter.engine.execution.InterceptingExecutableInvoker$ReflectiveInterceptorCall.lambda$ofVoidMethod$0(InterceptingExecutableInvoker.java:103)
	at org.junit.jupiter.engine.execution.InterceptingExecutableInvoker.lambda$invoke$0(InterceptingExecutableInvoker.java:93)
	at org.junit.jupiter.engine.execution.InvocationInterceptorChain$InterceptedInvocation.proceed(InvocationInterceptorChain.java:106)
	at org.junit.jupiter.engine.execution.InvocationInterceptorChain.proceed(InvocationInterceptorChain.java:64)
	at org.junit.jupiter.engine.execution.InvocationInterceptorChain.chainAndInvoke(InvocationInterceptorChain.java:45)
	at org.junit.jupiter.engine.execution.InvocationInterceptorChain.invoke(InvocationInterceptorChain.java:37)
	at org.junit.jupiter.engine.execution.InterceptingExecutableInvoker.invoke(InterceptingExecutableInvoker.java:92)
	at org.junit.jupiter.engine.execution.InterceptingExecutableInvoker.invoke(InterceptingExecutableInvoker.java:86)
	at org.junit.jupiter.engine.descriptor.TestMethodTestDescriptor.lambda$invokeTestMethod$7(TestMethodTestDescriptor.java:218)
	at org.junit.platform.engine.support.hierarchical.ThrowableCollector.execute(ThrowableCollector.java:73)
	at org.junit.jupiter.engine.descriptor.TestMethodTestDescriptor.invokeTestMethod(TestMethodTestDescriptor.java:214)
	at org.junit.jupiter.engine.descriptor.TestMethodTestDescriptor.execute(TestMethodTestDescriptor.java:139)
	at org.junit.jupiter.engine.descriptor.TestMethodTestDescriptor.execute(TestMethodTestDescriptor.java:69)
	at org.junit.platform.engine.support.hierarchical.NodeTestTask.lambda$executeRecursively$6(NodeTestTask.java:151)
	at org.junit.platform.engine.support.hierarchical.ThrowableCollector.execute(ThrowableCollector.java:73)
	at org.junit.platform.engine.support.hierarchical.NodeTestTask.lambda$executeRecursively$8(NodeTestTask.java:141)
	at org.junit.platform.engine.support.hierarchical.Node.around(Node.java:137)
	at org.junit.platform.engine.support.hierarchical.NodeTestTask.lambda$executeRecursively$9(NodeTestTask.java:139)
	at org.junit.platform.engine.support.hierarchical.ThrowableCollector.execute(ThrowableCollector.java:73)
	at org.junit.platform.engine.support.hierarchical.NodeTestTask.executeRecursively(NodeTestTask.java:138)
	at org.junit.platform.engine.support.hierarchical.NodeTestTask.execute(NodeTestTask.java:95)
	at java.base/java.util.ArrayList.forEach(ArrayList.java:1596)
	at org.junit.platform.engine.support.hierarchical.SameThreadHierarchicalTestExecutorService.invokeAll(SameThreadHierarchicalTestExecutorService.java:41)
	at org.junit.platform.engine.support.hierarchical.NodeTestTask.lambda$executeRecursively$6(NodeTestTask.java:155)
	at org.junit.platform.engine.support.hierarchical.ThrowableCollector.execute(ThrowableCollector.java:73)
	at org.junit.platform.engine.support.hierarchical.NodeTestTask.lambda$executeRecursively$8(NodeTestTask.java:141)
	at org.junit.platform.engine.support.hierarchical.Node.around(Node.java:137)
	at org.junit.platform.engine.support.hierarchical.NodeTestTask.lambda$executeRecursively$9(NodeTestTask.java:139)
	at org.junit.platform.engine.support.hierarchical.ThrowableCollector.execute(ThrowableCollector.java:73)
	at org.junit.platform.engine.support.hierarchical.NodeTestTask.executeRecursively(NodeTestTask.java:138)
	at org.junit.platform.engine.support.hierarchical.NodeTestTask.execute(NodeTestTask.java:95)
	at java.base/java.util.ArrayList.forEach(ArrayList.java:1596)
	at org.junit.platform.engine.support.hierarchical.SameThreadHierarchicalTestExecutorService.invokeAll(SameThreadHierarchicalTestExecutorService.java:41)
	at org.junit.platform.engine.support.hierarchical.NodeTestTask.lambda$executeRecursively$6(NodeTestTask.java:155)
	at org.junit.platform.engine.support.hierarchical.ThrowableCollector.execute(ThrowableCollector.java:73)
	at org.junit.platform.engine.support.hierarchical.NodeTestTask.lambda$executeRecursively$8(NodeTestTask.java:141)
	at org.junit.platform.engine.support.hierarchical.Node.around(Node.java:137)
	at org.junit.platform.engine.support.hierarchical.NodeTestTask.lambda$executeRecursively$9(NodeTestTask.java:139)
	at org.junit.platform.engine.support.hierarchical.ThrowableCollector.execute(ThrowableCollector.java:73)
	at org.junit.platform.engine.support.hierarchical.NodeTestTask.executeRecursively(NodeTestTask.java:138)
	at org.junit.platform.engine.support.hierarchical.NodeTestTask.execute(NodeTestTask.java:95)
	at org.junit.platform.engine.support.hierarchical.SameThreadHierarchicalTestExecutorService.submit(SameThreadHierarchicalTestExecutorService.java:35)
	at org.junit.platform.engine.support.hierarchical.HierarchicalTestExecutor.execute(HierarchicalTestExecutor.java:57)
	at org.junit.platform.engine.support.hierarchical.HierarchicalTestEngine.execute(HierarchicalTestEngine.java:54)
	at org.junit.platform.launcher.core.EngineExecutionOrchestrator.execute(EngineExecutionOrchestrator.java:198)
	at org.junit.platform.launcher.core.EngineExecutionOrchestrator.execute(EngineExecutionOrchestrator.java:169)
	at org.junit.platform.launcher.core.EngineExecutionOrchestrator.execute(EngineExecutionOrchestrator.java:93)
	at org.junit.platform.launcher.core.EngineExecutionOrchestrator.lambda$execute$0(EngineExecutionOrchestrator.java:58)
	at org.junit.platform.launcher.core.EngineExecutionOrchestrator.withInterceptedStreams(EngineExecutionOrchestrator.java:141)
	at org.junit.platform.launcher.core.EngineExecutionOrchestrator.execute(EngineExecutionOrchestrator.java:57)
	at org.junit.platform.launcher.core.DefaultLauncher.execute(DefaultLauncher.java:103)
	at org.junit.platform.launcher.core.DefaultLauncher.execute(DefaultLauncher.java:85)
	at org.junit.platform.launcher.core.DelegatingLauncher.execute(DelegatingLauncher.java:47)
	at org.junit.platform.launcher.core.SessionPerRequestLauncher.execute(SessionPerRequestLauncher.java:63)
	at com.intellij.junit5.JUnit5IdeaTestRunner.startRunnerWithArgs(JUnit5IdeaTestRunner.java:57)
	at com.intellij.rt.junit.IdeaTestRunner$Repeater$1.execute(IdeaTestRunner.java:38)
	at com.intellij.rt.execution.junit.TestsRepeater.repeat(TestsRepeater.java:11)
	at com.intellij.rt.junit.IdeaTestRunner$Repeater.startRunnerWithArgs(IdeaTestRunner.java:35)
	at com.intellij.rt.junit.JUnitStarter.prepareStreamsAndStart(JUnitStarter.java:232)
	at com.intellij.rt.junit.JUnitStarter.main(JUnitStarter.java:55)
Caused by: java.io.UncheckedIOException: java.io.IOException: HTTP/1.1 header parser received no bytes
	at org.openqa.selenium.remote.http.jdk.JdkHttpClient.execute0(JdkHttpClient.java:496)
	at org.openqa.selenium.remote.http.AddSeleniumUserAgent.lambda$apply$0(AddSeleniumUserAgent.java:42)
	at org.openqa.selenium.remote.http.Filter.lambda$andFinally$1(Filter.java:55)
	at org.openqa.selenium.remote.http.jdk.JdkHttpClient.lambda$executeAsync$1(JdkHttpClient.java:383)
	at java.base/java.util.concurrent.Executors$RunnableAdapter.call(Executors.java:572)
	at java.base/java.util.concurrent.FutureTask.run(FutureTask.java:317)
	at java.base/java.util.concurrent.ThreadPoolExecutor.runWorker(ThreadPoolExecutor.java:1144)
	at java.base/java.util.concurrent.ThreadPoolExecutor$Worker.run(ThreadPoolExecutor.java:642)
	at java.base/java.lang.Thread.run(Thread.java:1583)
Caused by: java.io.IOException: HTTP/1.1 header parser received no bytes
	at java.net.http/jdk.internal.net.http.HttpClientImpl.send(HttpClientImpl.java:964)
	at java.net.http/jdk.internal.net.http.HttpClientFacade.send(HttpClientFacade.java:133)
	at org.openqa.selenium.remote.http.jdk.JdkHttpClient.execute0(JdkHttpClient.java:455)
	... 8 common frames omitted
Caused by: java.io.IOException: HTTP/1.1 header parser received no bytes
	at java.net.http/jdk.internal.net.http.common.Utils.wrapWithExtraDetail(Utils.java:388)
	at java.net.http/jdk.internal.net.http.Http1Response$HeadersReader.onReadError(Http1Response.java:590)
	at java.net.http/jdk.internal.net.http.Http1AsyncReceiver.checkForErrors(Http1AsyncReceiver.java:302)
	at java.net.http/jdk.internal.net.http.Http1AsyncReceiver.flush(Http1AsyncReceiver.java:268)
	at java.net.http/jdk.internal.net.http.common.SequentialScheduler$LockingRestartableTask.run(SequentialScheduler.java:182)
	at java.net.http/jdk.internal.net.http.common.SequentialScheduler$CompleteRestartableTask.run(SequentialScheduler.java:149)
	at java.net.http/jdk.internal.net.http.common.SequentialScheduler$SchedulableTask.run(SequentialScheduler.java:207)
	... 3 common frames omitted
Caused by: java.net.SocketException: Connection reset
	at java.base/sun.nio.ch.SocketChannelImpl.throwConnectionReset(SocketChannelImpl.java:401)
	at java.base/sun.nio.ch.SocketChannelImpl.read(SocketChannelImpl.java:434)
	at java.net.http/jdk.internal.net.http.SocketTube.readAvailable(SocketTube.java:1178)
	at java.net.http/jdk.internal.net.http.SocketTube$InternalReadPublisher$InternalReadSubscription.read(SocketTube.java:841)
	at java.net.http/jdk.internal.net.http.SocketTube$SocketFlowTask.run(SocketTube.java:181)
	at java.net.http/jdk.internal.net.http.common.SequentialScheduler$SchedulableTask.run(SequentialScheduler.java:207)
	at java.net.http/jdk.internal.net.http.common.SequentialScheduler.runOrSchedule(SequentialScheduler.java:280)
	at java.net.http/jdk.internal.net.http.common.SequentialScheduler.runOrSchedule(SequentialScheduler.java:233)
	at java.net.http/jdk.internal.net.http.SocketTube$InternalReadPublisher$InternalReadSubscription.signalReadable(SocketTube.java:782)
	at java.net.http/jdk.internal.net.http.SocketTube$InternalReadPublisher$ReadEvent.signalEvent(SocketTube.java:965)
	at java.net.http/jdk.internal.net.http.SocketTube$SocketFlowEvent.handle(SocketTube.java:253)
	at java.net.http/jdk.internal.net.http.HttpClientImpl$SelectorManager.handleEvent(HttpClientImpl.java:1467)
	at java.net.http/jdk.internal.net.http.HttpClientImpl$SelectorManager.lambda$run$3(HttpClientImpl.java:1412)
	at java.base/java.util.ArrayList.forEach(ArrayList.java:1596)
	at java.net.http/jdk.internal.net.http.HttpClientImpl$SelectorManager.run(HttpClientImpl.java:1412)
2025-01-22 10:27:51 [main] INFO  lt.insoft.uztis.tests.UztisPageTest - Navigated to https://uztisdev.asseco.lt/home
2025-01-22 10:27:51 [main] INFO  l.i.u.t.SubmittedApplicationsPageTest - Starting test:'testFillNewApplication'
2025-01-22 10:27:52 [main] DEBUG l.i.u.t.SubmittedApplicationsPageTest - User logged in with test credentials
2025-01-22 10:27:52 [main] DEBUG l.i.u.t.SubmittedApplicationsPageTest - Opened 'Application Processing' menu.
2025-01-22 10:27:52 [main] DEBUG l.i.u.t.SubmittedApplicationsPageTest - Clicked on 'Application Forms' menu.
2025-01-22 10:27:52 [main] DEBUG l.i.u.t.SubmittedApplicationsPageTest - Retrieved last description code text: 'TST-VUI-81'.
2025-01-22 10:27:53 [main] DEBUG l.i.u.t.SubmittedApplicationsPageTest - Clicked on 'Invitation' menu.
2025-01-22 10:27:53 [main] DEBUG l.i.u.t.SubmittedApplicationsPageTest - Selected application section by code: 'TST-VUI-81'.
2025-01-22 10:27:53 [main] DEBUG l.i.u.t.SubmittedApplicationsPageTest - Clicked 'Search' button.
2025-01-22 10:27:53 [main] DEBUG l.i.u.t.SubmittedApplicationsPageTest - Retrieved invitation code: ''.
2025-01-22 10:27:53 [main] DEBUG l.i.u.t.SubmittedApplicationsPageTest - Clicked on 'Submitted Applications' menu.
2025-01-22 10:27:54 [main] DEBUG l.i.u.t.SubmittedApplicationsPageTest - Selected invitation by code: 'TST-VUI-81'.
2025-01-22 10:27:54 [main] DEBUG l.i.u.t.SubmittedApplicationsPageTest - Clicked on 'Action Application' button.
2025-01-22 10:27:55 [main] DEBUG l.i.u.t.SubmittedApplicationsPageTest - Clicked on 'New Application' button.
2025-01-22 10:27:55 [main] DEBUG l.i.u.t.SubmittedApplicationsPageTest - Clicked on 'RadioButtonFA' button.
2025-01-22 10:27:55 [main] DEBUG l.i.u.t.SubmittedApplicationsPageTest - Entered phone number into the input field.
2025-01-22 10:27:55 [main] DEBUG l.i.u.t.SubmittedApplicationsPageTest - Entered eMail into the input field.
2025-01-22 10:28:16 [main] ERROR l.i.u.t.SubmittedApplicationsPageTest - Test 'testFillNewApplication' failed with error: Expected condition failed: waiting for element to be clickable: Proxy element for: DefaultElementLocator 'By.xpath: //div[@class='mat-mdc-form-field-infix']//mat-select[@role='combobox']' (tried for 10 second(s) with 500 milliseconds interval)
org.openqa.selenium.TimeoutException: Expected condition failed: waiting for element to be clickable: Proxy element for: DefaultElementLocator 'By.xpath: //div[@class='mat-mdc-form-field-infix']//mat-select[@role='combobox']' (tried for 10 second(s) with 500 milliseconds interval)
	at org.openqa.selenium.support.ui.WebDriverWait.timeoutException(WebDriverWait.java:84)
	at org.openqa.selenium.support.ui.FluentWait.until(FluentWait.java:228)
	at lt.insoft.uztis.pages.SubmittedApplicationsPage.openSelectField(SubmittedApplicationsPage.java:144)
	at lt.insoft.uztis.tests.SubmittedApplicationsPageTest.testFillNewApplication(SubmittedApplicationsPageTest.java:155)
	at java.base/jdk.internal.reflect.DirectMethodHandleAccessor.invoke(DirectMethodHandleAccessor.java:103)
	at java.base/java.lang.reflect.Method.invoke(Method.java:580)
	at org.junit.platform.commons.util.ReflectionUtils.invokeMethod(ReflectionUtils.java:728)
	at org.junit.jupiter.engine.execution.MethodInvocation.proceed(MethodInvocation.java:60)
	at org.junit.jupiter.engine.execution.InvocationInterceptorChain$ValidatingInvocation.proceed(InvocationInterceptorChain.java:131)
	at org.junit.jupiter.engine.extension.TimeoutExtension.intercept(TimeoutExtension.java:156)
	at org.junit.jupiter.engine.extension.TimeoutExtension.interceptTestableMethod(TimeoutExtension.java:147)
	at org.junit.jupiter.engine.extension.TimeoutExtension.interceptTestMethod(TimeoutExtension.java:86)
	at org.junit.jupiter.engine.execution.InterceptingExecutableInvoker$ReflectiveInterceptorCall.lambda$ofVoidMethod$0(InterceptingExecutableInvoker.java:103)
	at org.junit.jupiter.engine.execution.InterceptingExecutableInvoker.lambda$invoke$0(InterceptingExecutableInvoker.java:93)
	at org.junit.jupiter.engine.execution.InvocationInterceptorChain$InterceptedInvocation.proceed(InvocationInterceptorChain.java:106)
	at org.junit.jupiter.engine.execution.InvocationInterceptorChain.proceed(InvocationInterceptorChain.java:64)
	at org.junit.jupiter.engine.execution.InvocationInterceptorChain.chainAndInvoke(InvocationInterceptorChain.java:45)
	at org.junit.jupiter.engine.execution.InvocationInterceptorChain.invoke(InvocationInterceptorChain.java:37)
	at org.junit.jupiter.engine.execution.InterceptingExecutableInvoker.invoke(InterceptingExecutableInvoker.java:92)
	at org.junit.jupiter.engine.execution.InterceptingExecutableInvoker.invoke(InterceptingExecutableInvoker.java:86)
	at org.junit.jupiter.engine.descriptor.TestMethodTestDescriptor.lambda$invokeTestMethod$7(TestMethodTestDescriptor.java:218)
	at org.junit.platform.engine.support.hierarchical.ThrowableCollector.execute(ThrowableCollector.java:73)
	at org.junit.jupiter.engine.descriptor.TestMethodTestDescriptor.invokeTestMethod(TestMethodTestDescriptor.java:214)
	at org.junit.jupiter.engine.descriptor.TestMethodTestDescriptor.execute(TestMethodTestDescriptor.java:139)
	at org.junit.jupiter.engine.descriptor.TestMethodTestDescriptor.execute(TestMethodTestDescriptor.java:69)
	at org.junit.platform.engine.support.hierarchical.NodeTestTask.lambda$executeRecursively$6(NodeTestTask.java:151)
	at org.junit.platform.engine.support.hierarchical.ThrowableCollector.execute(ThrowableCollector.java:73)
	at org.junit.platform.engine.support.hierarchical.NodeTestTask.lambda$executeRecursively$8(NodeTestTask.java:141)
	at org.junit.platform.engine.support.hierarchical.Node.around(Node.java:137)
	at org.junit.platform.engine.support.hierarchical.NodeTestTask.lambda$executeRecursively$9(NodeTestTask.java:139)
	at org.junit.platform.engine.support.hierarchical.ThrowableCollector.execute(ThrowableCollector.java:73)
	at org.junit.platform.engine.support.hierarchical.NodeTestTask.executeRecursively(NodeTestTask.java:138)
	at org.junit.platform.engine.support.hierarchical.NodeTestTask.execute(NodeTestTask.java:95)
	at java.base/java.util.ArrayList.forEach(ArrayList.java:1596)
	at org.junit.platform.engine.support.hierarchical.SameThreadHierarchicalTestExecutorService.invokeAll(SameThreadHierarchicalTestExecutorService.java:41)
	at org.junit.platform.engine.support.hierarchical.NodeTestTask.lambda$executeRecursively$6(NodeTestTask.java:155)
	at org.junit.platform.engine.support.hierarchical.ThrowableCollector.execute(ThrowableCollector.java:73)
	at org.junit.platform.engine.support.hierarchical.NodeTestTask.lambda$executeRecursively$8(NodeTestTask.java:141)
	at org.junit.platform.engine.support.hierarchical.Node.around(Node.java:137)
	at org.junit.platform.engine.support.hierarchical.NodeTestTask.lambda$executeRecursively$9(NodeTestTask.java:139)
	at org.junit.platform.engine.support.hierarchical.ThrowableCollector.execute(ThrowableCollector.java:73)
	at org.junit.platform.engine.support.hierarchical.NodeTestTask.executeRecursively(NodeTestTask.java:138)
	at org.junit.platform.engine.support.hierarchical.NodeTestTask.execute(NodeTestTask.java:95)
	at java.base/java.util.ArrayList.forEach(ArrayList.java:1596)
	at org.junit.platform.engine.support.hierarchical.SameThreadHierarchicalTestExecutorService.invokeAll(SameThreadHierarchicalTestExecutorService.java:41)
	at org.junit.platform.engine.support.hierarchical.NodeTestTask.lambda$executeRecursively$6(NodeTestTask.java:155)
	at org.junit.platform.engine.support.hierarchical.ThrowableCollector.execute(ThrowableCollector.java:73)
	at org.junit.platform.engine.support.hierarchical.NodeTestTask.lambda$executeRecursively$8(NodeTestTask.java:141)
	at org.junit.platform.engine.support.hierarchical.Node.around(Node.java:137)
	at org.junit.platform.engine.support.hierarchical.NodeTestTask.lambda$executeRecursively$9(NodeTestTask.java:139)
	at org.junit.platform.engine.support.hierarchical.ThrowableCollector.execute(ThrowableCollector.java:73)
	at org.junit.platform.engine.support.hierarchical.NodeTestTask.executeRecursively(NodeTestTask.java:138)
	at org.junit.platform.engine.support.hierarchical.NodeTestTask.execute(NodeTestTask.java:95)
	at org.junit.platform.engine.support.hierarchical.SameThreadHierarchicalTestExecutorService.submit(SameThreadHierarchicalTestExecutorService.java:35)
	at org.junit.platform.engine.support.hierarchical.HierarchicalTestExecutor.execute(HierarchicalTestExecutor.java:57)
	at org.junit.platform.engine.support.hierarchical.HierarchicalTestEngine.execute(HierarchicalTestEngine.java:54)
	at org.junit.platform.launcher.core.EngineExecutionOrchestrator.execute(EngineExecutionOrchestrator.java:198)
	at org.junit.platform.launcher.core.EngineExecutionOrchestrator.execute(EngineExecutionOrchestrator.java:169)
	at org.junit.platform.launcher.core.EngineExecutionOrchestrator.execute(EngineExecutionOrchestrator.java:93)
	at org.junit.platform.launcher.core.EngineExecutionOrchestrator.lambda$execute$0(EngineExecutionOrchestrator.java:58)
	at org.junit.platform.launcher.core.EngineExecutionOrchestrator.withInterceptedStreams(EngineExecutionOrchestrator.java:141)
	at org.junit.platform.launcher.core.EngineExecutionOrchestrator.execute(EngineExecutionOrchestrator.java:57)
	at org.junit.platform.launcher.core.DefaultLauncher.execute(DefaultLauncher.java:103)
	at org.junit.platform.launcher.core.DefaultLauncher.execute(DefaultLauncher.java:85)
	at org.junit.platform.launcher.core.DelegatingLauncher.execute(DelegatingLauncher.java:47)
	at org.junit.platform.launcher.core.SessionPerRequestLauncher.execute(SessionPerRequestLauncher.java:63)
	at com.intellij.junit5.JUnit5IdeaTestRunner.startRunnerWithArgs(JUnit5IdeaTestRunner.java:57)
	at com.intellij.rt.junit.IdeaTestRunner$Repeater$1.execute(IdeaTestRunner.java:38)
	at com.intellij.rt.execution.junit.TestsRepeater.repeat(TestsRepeater.java:11)
	at com.intellij.rt.junit.IdeaTestRunner$Repeater.startRunnerWithArgs(IdeaTestRunner.java:35)
	at com.intellij.rt.junit.JUnitStarter.prepareStreamsAndStart(JUnitStarter.java:232)
	at com.intellij.rt.junit.JUnitStarter.main(JUnitStarter.java:55)
Caused by: org.openqa.selenium.NoSuchElementException: no such element: Unable to locate element: {"method":"xpath","selector":"//div[@class='mat-mdc-form-field-infix']//mat-select[@role='combobox']"}
  (Session info: chrome=131.0.6778.265)
For documentation on this error, please visit: https://www.selenium.dev/documentation/webdriver/troubleshooting/errors#no-such-element-exception
Build info: version: '4.27.0', revision: 'd6e718d134'
System info: os.name: 'Windows 11', os.arch: 'amd64', os.version: '10.0', java.version: '21.0.3'
Driver info: org.openqa.selenium.chrome.ChromeDriver
Command: [fb189a13725291baba32ca8fa7805929, findElement {value=//div[@class='mat-mdc-form-field-infix']//mat-select[@role='combobox'], using=xpath}]
Capabilities {acceptInsecureCerts: false, browserName: chrome, browserVersion: 131.0.6778.265, chrome: {chromedriverVersion: 131.0.6778.264 (2d05e315153..., userDataDir: C:\Users\INGRID~1.ZAD\AppDa...}, fedcm:accounts: true, goog:chromeOptions: {debuggerAddress: localhost:55352}, networkConnectionEnabled: false, pageLoadStrategy: normal, platformName: windows, proxy: Proxy(), se:cdp: ws://localhost:55352/devtoo..., se:cdpVersion: 131.0.6778.265, setWindowRect: true, strictFileInteractability: false, timeouts: {implicit: 0, pageLoad: 300000, script: 30000}, unhandledPromptBehavior: dismiss and notify, webauthn:extension:credBlob: true, webauthn:extension:largeBlob: true, webauthn:extension:minPinLength: true, webauthn:extension:prf: true, webauthn:virtualAuthenticators: true}
Session ID: fb189a13725291baba32ca8fa7805929
	at java.base/jdk.internal.reflect.DirectConstructorHandleAccessor.newInstance(DirectConstructorHandleAccessor.java:62)
	at java.base/java.lang.reflect.Constructor.newInstanceWithCaller(Constructor.java:502)
	at java.base/java.lang.reflect.Constructor.newInstance(Constructor.java:486)
	at org.openqa.selenium.remote.ErrorCodec.decode(ErrorCodec.java:167)
	at org.openqa.selenium.remote.codec.w3c.W3CHttpResponseCodec.decode(W3CHttpResponseCodec.java:138)
	at org.openqa.selenium.remote.codec.w3c.W3CHttpResponseCodec.decode(W3CHttpResponseCodec.java:50)
	at org.openqa.selenium.remote.HttpCommandExecutor.execute(HttpCommandExecutor.java:190)
	at org.openqa.selenium.remote.service.DriverCommandExecutor.invokeExecute(DriverCommandExecutor.java:216)
	at org.openqa.selenium.remote.service.DriverCommandExecutor.execute(DriverCommandExecutor.java:174)
	at org.openqa.selenium.remote.RemoteWebDriver.execute(RemoteWebDriver.java:545)
	at org.openqa.selenium.remote.ElementLocation$ElementFinder$2.findElement(ElementLocation.java:165)
	at org.openqa.selenium.remote.ElementLocation.findElement(ElementLocation.java:59)
	at org.openqa.selenium.remote.RemoteWebDriver.findElement(RemoteWebDriver.java:368)
	at org.openqa.selenium.remote.RemoteWebDriver.findElement(RemoteWebDriver.java:362)
	at org.openqa.selenium.support.pagefactory.DefaultElementLocator.findElement(DefaultElementLocator.java:68)
	at org.openqa.selenium.support.pagefactory.internal.LocatingElementHandler.invoke(LocatingElementHandler.java:38)
	at jdk.proxy2/jdk.proxy2.$Proxy14.isDisplayed(Unknown Source)
	at org.openqa.selenium.support.ui.ExpectedConditions.elementIfVisible(ExpectedConditions.java:304)
	at org.openqa.selenium.support.ui.ExpectedConditions$10.apply(ExpectedConditions.java:290)
	at org.openqa.selenium.support.ui.ExpectedConditions$10.apply(ExpectedConditions.java:287)
	at org.openqa.selenium.support.ui.ExpectedConditions$23.apply(ExpectedConditions.java:656)
	at org.openqa.selenium.support.ui.ExpectedConditions$23.apply(ExpectedConditions.java:652)
	at org.openqa.selenium.support.ui.FluentWait.until(FluentWait.java:203)
	... 70 common frames omitted
2025-01-22 10:28:16 [main] INFO  l.insoft.uztis.tests.utils.TestUtils - Screenshot moved to C:\Users\ingrida.zadorozniene\Desktop\Asm\UZTIS\UZTIS_tests\test-output\screenshots\20250122\102816225_testFillNewApplication().png
2025-01-22 10:43:46 [main] INFO  lt.insoft.uztis.tests.UztisPageTest - Navigated to https://uztisdev.asseco.lt/home
2025-01-22 10:43:46 [main] INFO  l.i.u.t.SubmittedApplicationsPageTest - Starting test:'testFillNewApplication'
2025-01-22 10:43:47 [main] DEBUG l.i.u.t.SubmittedApplicationsPageTest - User logged in with test credentials
2025-01-22 10:43:47 [main] DEBUG l.i.u.t.SubmittedApplicationsPageTest - Opened 'Application Processing' menu.
2025-01-22 10:43:47 [main] DEBUG l.i.u.t.SubmittedApplicationsPageTest - Clicked on 'Application Forms' menu.
2025-01-22 10:43:47 [main] DEBUG l.i.u.t.SubmittedApplicationsPageTest - Retrieved last description code text: 'TST-VUI-81'.
2025-01-22 10:43:48 [main] DEBUG l.i.u.t.SubmittedApplicationsPageTest - Clicked on 'Invitation' menu.
2025-01-22 10:43:48 [main] DEBUG l.i.u.t.SubmittedApplicationsPageTest - Selected application section by code: 'TST-VUI-81'.
2025-01-22 10:43:48 [main] DEBUG l.i.u.t.SubmittedApplicationsPageTest - Clicked 'Search' button.
2025-01-22 10:43:48 [main] DEBUG l.i.u.t.SubmittedApplicationsPageTest - Retrieved invitation code: ''.
2025-01-22 10:43:49 [main] DEBUG l.i.u.t.SubmittedApplicationsPageTest - Clicked on 'Submitted Applications' menu.
2025-01-22 10:43:49 [main] DEBUG l.i.u.t.SubmittedApplicationsPageTest - Selected invitation by code: 'TST-VUI-81'.
2025-01-22 10:43:49 [main] DEBUG l.i.u.t.SubmittedApplicationsPageTest - Clicked on 'Action Application' button.
2025-01-22 10:43:50 [main] DEBUG l.i.u.t.SubmittedApplicationsPageTest - Clicked on 'New Application' button.
2025-01-22 10:43:50 [main] DEBUG l.i.u.t.SubmittedApplicationsPageTest - Clicked on 'RadioButtonFA' button.
2025-01-22 10:43:50 [main] DEBUG l.i.u.t.SubmittedApplicationsPageTest - Entered phone number into the input field.
2025-01-22 10:43:50 [main] DEBUG l.i.u.t.SubmittedApplicationsPageTest - Entered eMail into the input field.
2025-01-22 10:43:52 [main] ERROR l.i.u.t.SubmittedApplicationsPageTest - Test 'testFillNewApplication' failed with error: element click intercepted: Element <mat-select role="combobox" aria-haspopup="listbox" class="mat-mdc-select primary-control ng-tns-c1073613477-26 mat-mdc-select-empty mat-mdc-select-multiple ng-untouched ng-pristine ng-valid ng-star-inserted" aria-labelledby="mat-select-value-7" id="mat-select-7" tabindex="0" aria-expanded="false" aria-required="false" aria-disabled="false" aria-invalid="false">...</mat-select> is not clickable at point (850, 934). Other element would receive the click: <mat-label>...</mat-label>
  (Session info: chrome=131.0.6778.265)
Build info: version: '4.27.0', revision: 'd6e718d134'
System info: os.name: 'Windows 11', os.arch: 'amd64', os.version: '10.0', java.version: '21.0.3'
Driver info: org.openqa.selenium.chrome.ChromeDriver
Command: [6e64b67a8f0865104c0455424c8ea7e8, clickElement {id=f.BC5C5D924E3F8129E3968CF2EB09065F.d.70E725435C09AAB80CC2F1CA9EE8CE6D.e.209}]
Capabilities {acceptInsecureCerts: false, browserName: chrome, browserVersion: 131.0.6778.265, chrome: {chromedriverVersion: 131.0.6778.264 (2d05e315153..., userDataDir: C:\Users\INGRID~1.ZAD\AppDa...}, fedcm:accounts: true, goog:chromeOptions: {debuggerAddress: localhost:55852}, networkConnectionEnabled: false, pageLoadStrategy: normal, platformName: windows, proxy: Proxy(), se:cdp: ws://localhost:55852/devtoo..., se:cdpVersion: 131.0.6778.265, setWindowRect: true, strictFileInteractability: false, timeouts: {implicit: 0, pageLoad: 300000, script: 30000}, unhandledPromptBehavior: dismiss and notify, webauthn:extension:credBlob: true, webauthn:extension:largeBlob: true, webauthn:extension:minPinLength: true, webauthn:extension:prf: true, webauthn:virtualAuthenticators: true}
Element: [[ChromeDriver: chrome on windows (6e64b67a8f0865104c0455424c8ea7e8)] -> xpath: //mat-select[@role='combobox']]
Session ID: 6e64b67a8f0865104c0455424c8ea7e8
org.openqa.selenium.ElementClickInterceptedException: element click intercepted: Element <mat-select role="combobox" aria-haspopup="listbox" class="mat-mdc-select primary-control ng-tns-c1073613477-26 mat-mdc-select-empty mat-mdc-select-multiple ng-untouched ng-pristine ng-valid ng-star-inserted" aria-labelledby="mat-select-value-7" id="mat-select-7" tabindex="0" aria-expanded="false" aria-required="false" aria-disabled="false" aria-invalid="false">...</mat-select> is not clickable at point (850, 934). Other element would receive the click: <mat-label>...</mat-label>
  (Session info: chrome=131.0.6778.265)
Build info: version: '4.27.0', revision: 'd6e718d134'
System info: os.name: 'Windows 11', os.arch: 'amd64', os.version: '10.0', java.version: '21.0.3'
Driver info: org.openqa.selenium.chrome.ChromeDriver
Command: [6e64b67a8f0865104c0455424c8ea7e8, clickElement {id=f.BC5C5D924E3F8129E3968CF2EB09065F.d.70E725435C09AAB80CC2F1CA9EE8CE6D.e.209}]
Capabilities {acceptInsecureCerts: false, browserName: chrome, browserVersion: 131.0.6778.265, chrome: {chromedriverVersion: 131.0.6778.264 (2d05e315153..., userDataDir: C:\Users\INGRID~1.ZAD\AppDa...}, fedcm:accounts: true, goog:chromeOptions: {debuggerAddress: localhost:55852}, networkConnectionEnabled: false, pageLoadStrategy: normal, platformName: windows, proxy: Proxy(), se:cdp: ws://localhost:55852/devtoo..., se:cdpVersion: 131.0.6778.265, setWindowRect: true, strictFileInteractability: false, timeouts: {implicit: 0, pageLoad: 300000, script: 30000}, unhandledPromptBehavior: dismiss and notify, webauthn:extension:credBlob: true, webauthn:extension:largeBlob: true, webauthn:extension:minPinLength: true, webauthn:extension:prf: true, webauthn:virtualAuthenticators: true}
Element: [[ChromeDriver: chrome on windows (6e64b67a8f0865104c0455424c8ea7e8)] -> xpath: //mat-select[@role='combobox']]
Session ID: 6e64b67a8f0865104c0455424c8ea7e8
	at java.base/jdk.internal.reflect.DirectConstructorHandleAccessor.newInstance(DirectConstructorHandleAccessor.java:62)
	at java.base/java.lang.reflect.Constructor.newInstanceWithCaller(Constructor.java:502)
	at java.base/java.lang.reflect.Constructor.newInstance(Constructor.java:486)
	at org.openqa.selenium.remote.ErrorCodec.decode(ErrorCodec.java:167)
	at org.openqa.selenium.remote.codec.w3c.W3CHttpResponseCodec.decode(W3CHttpResponseCodec.java:138)
	at org.openqa.selenium.remote.codec.w3c.W3CHttpResponseCodec.decode(W3CHttpResponseCodec.java:50)
	at org.openqa.selenium.remote.HttpCommandExecutor.execute(HttpCommandExecutor.java:190)
	at org.openqa.selenium.remote.service.DriverCommandExecutor.invokeExecute(DriverCommandExecutor.java:216)
	at org.openqa.selenium.remote.service.DriverCommandExecutor.execute(DriverCommandExecutor.java:174)
	at org.openqa.selenium.remote.RemoteWebDriver.execute(RemoteWebDriver.java:545)
	at org.openqa.selenium.remote.RemoteWebElement.execute(RemoteWebElement.java:223)
	at org.openqa.selenium.remote.RemoteWebElement.click(RemoteWebElement.java:76)
	at java.base/jdk.internal.reflect.DirectMethodHandleAccessor.invoke(DirectMethodHandleAccessor.java:103)
	at java.base/java.lang.reflect.Method.invoke(Method.java:580)
	at org.openqa.selenium.support.pagefactory.internal.LocatingElementHandler.invoke(LocatingElementHandler.java:51)
	at jdk.proxy2/jdk.proxy2.$Proxy14.click(Unknown Source)
	at lt.insoft.uztis.pages.SubmittedApplicationsPage.openSelectField(SubmittedApplicationsPage.java:145)
	at lt.insoft.uztis.tests.SubmittedApplicationsPageTest.testFillNewApplication(SubmittedApplicationsPageTest.java:155)
	at java.base/jdk.internal.reflect.DirectMethodHandleAccessor.invoke(DirectMethodHandleAccessor.java:103)
	at java.base/java.lang.reflect.Method.invoke(Method.java:580)
	at org.junit.platform.commons.util.ReflectionUtils.invokeMethod(ReflectionUtils.java:728)
	at org.junit.jupiter.engine.execution.MethodInvocation.proceed(MethodInvocation.java:60)
	at org.junit.jupiter.engine.execution.InvocationInterceptorChain$ValidatingInvocation.proceed(InvocationInterceptorChain.java:131)
	at org.junit.jupiter.engine.extension.TimeoutExtension.intercept(TimeoutExtension.java:156)
	at org.junit.jupiter.engine.extension.TimeoutExtension.interceptTestableMethod(TimeoutExtension.java:147)
	at org.junit.jupiter.engine.extension.TimeoutExtension.interceptTestMethod(TimeoutExtension.java:86)
	at org.junit.jupiter.engine.execution.InterceptingExecutableInvoker$ReflectiveInterceptorCall.lambda$ofVoidMethod$0(InterceptingExecutableInvoker.java:103)
	at org.junit.jupiter.engine.execution.InterceptingExecutableInvoker.lambda$invoke$0(InterceptingExecutableInvoker.java:93)
	at org.junit.jupiter.engine.execution.InvocationInterceptorChain$InterceptedInvocation.proceed(InvocationInterceptorChain.java:106)
	at org.junit.jupiter.engine.execution.InvocationInterceptorChain.proceed(InvocationInterceptorChain.java:64)
	at org.junit.jupiter.engine.execution.InvocationInterceptorChain.chainAndInvoke(InvocationInterceptorChain.java:45)
	at org.junit.jupiter.engine.execution.InvocationInterceptorChain.invoke(InvocationInterceptorChain.java:37)
	at org.junit.jupiter.engine.execution.InterceptingExecutableInvoker.invoke(InterceptingExecutableInvoker.java:92)
	at org.junit.jupiter.engine.execution.InterceptingExecutableInvoker.invoke(InterceptingExecutableInvoker.java:86)
	at org.junit.jupiter.engine.descriptor.TestMethodTestDescriptor.lambda$invokeTestMethod$7(TestMethodTestDescriptor.java:218)
	at org.junit.platform.engine.support.hierarchical.ThrowableCollector.execute(ThrowableCollector.java:73)
	at org.junit.jupiter.engine.descriptor.TestMethodTestDescriptor.invokeTestMethod(TestMethodTestDescriptor.java:214)
	at org.junit.jupiter.engine.descriptor.TestMethodTestDescriptor.execute(TestMethodTestDescriptor.java:139)
	at org.junit.jupiter.engine.descriptor.TestMethodTestDescriptor.execute(TestMethodTestDescriptor.java:69)
	at org.junit.platform.engine.support.hierarchical.NodeTestTask.lambda$executeRecursively$6(NodeTestTask.java:151)
	at org.junit.platform.engine.support.hierarchical.ThrowableCollector.execute(ThrowableCollector.java:73)
	at org.junit.platform.engine.support.hierarchical.NodeTestTask.lambda$executeRecursively$8(NodeTestTask.java:141)
	at org.junit.platform.engine.support.hierarchical.Node.around(Node.java:137)
	at org.junit.platform.engine.support.hierarchical.NodeTestTask.lambda$executeRecursively$9(NodeTestTask.java:139)
	at org.junit.platform.engine.support.hierarchical.ThrowableCollector.execute(ThrowableCollector.java:73)
	at org.junit.platform.engine.support.hierarchical.NodeTestTask.executeRecursively(NodeTestTask.java:138)
	at org.junit.platform.engine.support.hierarchical.NodeTestTask.execute(NodeTestTask.java:95)
	at java.base/java.util.ArrayList.forEach(ArrayList.java:1596)
	at org.junit.platform.engine.support.hierarchical.SameThreadHierarchicalTestExecutorService.invokeAll(SameThreadHierarchicalTestExecutorService.java:41)
	at org.junit.platform.engine.support.hierarchical.NodeTestTask.lambda$executeRecursively$6(NodeTestTask.java:155)
	at org.junit.platform.engine.support.hierarchical.ThrowableCollector.execute(ThrowableCollector.java:73)
	at org.junit.platform.engine.support.hierarchical.NodeTestTask.lambda$executeRecursively$8(NodeTestTask.java:141)
	at org.junit.platform.engine.support.hierarchical.Node.around(Node.java:137)
	at org.junit.platform.engine.support.hierarchical.NodeTestTask.lambda$executeRecursively$9(NodeTestTask.java:139)
	at org.junit.platform.engine.support.hierarchical.ThrowableCollector.execute(ThrowableCollector.java:73)
	at org.junit.platform.engine.support.hierarchical.NodeTestTask.executeRecursively(NodeTestTask.java:138)
	at org.junit.platform.engine.support.hierarchical.NodeTestTask.execute(NodeTestTask.java:95)
	at java.base/java.util.ArrayList.forEach(ArrayList.java:1596)
	at org.junit.platform.engine.support.hierarchical.SameThreadHierarchicalTestExecutorService.invokeAll(SameThreadHierarchicalTestExecutorService.java:41)
	at org.junit.platform.engine.support.hierarchical.NodeTestTask.lambda$executeRecursively$6(NodeTestTask.java:155)
	at org.junit.platform.engine.support.hierarchical.ThrowableCollector.execute(ThrowableCollector.java:73)
	at org.junit.platform.engine.support.hierarchical.NodeTestTask.lambda$executeRecursively$8(NodeTestTask.java:141)
	at org.junit.platform.engine.support.hierarchical.Node.around(Node.java:137)
	at org.junit.platform.engine.support.hierarchical.NodeTestTask.lambda$executeRecursively$9(NodeTestTask.java:139)
	at org.junit.platform.engine.support.hierarchical.ThrowableCollector.execute(ThrowableCollector.java:73)
	at org.junit.platform.engine.support.hierarchical.NodeTestTask.executeRecursively(NodeTestTask.java:138)
	at org.junit.platform.engine.support.hierarchical.NodeTestTask.execute(NodeTestTask.java:95)
	at org.junit.platform.engine.support.hierarchical.SameThreadHierarchicalTestExecutorService.submit(SameThreadHierarchicalTestExecutorService.java:35)
	at org.junit.platform.engine.support.hierarchical.HierarchicalTestExecutor.execute(HierarchicalTestExecutor.java:57)
	at org.junit.platform.engine.support.hierarchical.HierarchicalTestEngine.execute(HierarchicalTestEngine.java:54)
	at org.junit.platform.launcher.core.EngineExecutionOrchestrator.execute(EngineExecutionOrchestrator.java:198)
	at org.junit.platform.launcher.core.EngineExecutionOrchestrator.execute(EngineExecutionOrchestrator.java:169)
	at org.junit.platform.launcher.core.EngineExecutionOrchestrator.execute(EngineExecutionOrchestrator.java:93)
	at org.junit.platform.launcher.core.EngineExecutionOrchestrator.lambda$execute$0(EngineExecutionOrchestrator.java:58)
	at org.junit.platform.launcher.core.EngineExecutionOrchestrator.withInterceptedStreams(EngineExecutionOrchestrator.java:141)
	at org.junit.platform.launcher.core.EngineExecutionOrchestrator.execute(EngineExecutionOrchestrator.java:57)
	at org.junit.platform.launcher.core.DefaultLauncher.execute(DefaultLauncher.java:103)
	at org.junit.platform.launcher.core.DefaultLauncher.execute(DefaultLauncher.java:85)
	at org.junit.platform.launcher.core.DelegatingLauncher.execute(DelegatingLauncher.java:47)
	at org.junit.platform.launcher.core.SessionPerRequestLauncher.execute(SessionPerRequestLauncher.java:63)
	at com.intellij.junit5.JUnit5IdeaTestRunner.startRunnerWithArgs(JUnit5IdeaTestRunner.java:57)
	at com.intellij.rt.junit.IdeaTestRunner$Repeater$1.execute(IdeaTestRunner.java:38)
	at com.intellij.rt.execution.junit.TestsRepeater.repeat(TestsRepeater.java:11)
	at com.intellij.rt.junit.IdeaTestRunner$Repeater.startRunnerWithArgs(IdeaTestRunner.java:35)
	at com.intellij.rt.junit.JUnitStarter.prepareStreamsAndStart(JUnitStarter.java:232)
	at com.intellij.rt.junit.JUnitStarter.main(JUnitStarter.java:55)
2025-01-22 10:43:52 [main] INFO  l.insoft.uztis.tests.utils.TestUtils - Screenshot moved to C:\Users\ingrida.zadorozniene\Desktop\Asm\UZTIS\UZTIS_tests\test-output\screenshots\20250122\104352259_testFillNewApplication().png
2025-01-22 10:49:16 [main] INFO  lt.insoft.uztis.tests.UztisPageTest - Navigated to https://uztisdev.asseco.lt/home
2025-01-22 10:49:16 [main] INFO  l.i.u.t.SubmittedApplicationsPageTest - Starting test:'testFillNewApplication'
2025-01-22 10:49:17 [main] DEBUG l.i.u.t.SubmittedApplicationsPageTest - User logged in with test credentials
2025-01-22 10:49:17 [main] DEBUG l.i.u.t.SubmittedApplicationsPageTest - Opened 'Application Processing' menu.
2025-01-22 10:49:17 [main] DEBUG l.i.u.t.SubmittedApplicationsPageTest - Clicked on 'Application Forms' menu.
2025-01-22 10:49:17 [main] DEBUG l.i.u.t.SubmittedApplicationsPageTest - Retrieved last description code text: 'TST-VUI-81'.
2025-01-22 10:49:17 [main] DEBUG l.i.u.t.SubmittedApplicationsPageTest - Clicked on 'Invitation' menu.
2025-01-22 10:49:18 [main] DEBUG l.i.u.t.SubmittedApplicationsPageTest - Selected application section by code: 'TST-VUI-81'.
2025-01-22 10:49:18 [main] DEBUG l.i.u.t.SubmittedApplicationsPageTest - Clicked 'Search' button.
2025-01-22 10:49:18 [main] DEBUG l.i.u.t.SubmittedApplicationsPageTest - Retrieved invitation code: ''.
2025-01-22 10:49:18 [main] DEBUG l.i.u.t.SubmittedApplicationsPageTest - Clicked on 'Submitted Applications' menu.
2025-01-22 10:49:19 [main] DEBUG l.i.u.t.SubmittedApplicationsPageTest - Selected invitation by code: 'TST-VUI-81'.
2025-01-22 10:49:19 [main] DEBUG l.i.u.t.SubmittedApplicationsPageTest - Clicked on 'Action Application' button.
2025-01-22 10:49:19 [main] DEBUG l.i.u.t.SubmittedApplicationsPageTest - Clicked on 'New Application' button.
2025-01-22 10:49:20 [main] DEBUG l.i.u.t.SubmittedApplicationsPageTest - Clicked on 'RadioButtonFA' button.
2025-01-22 10:49:20 [main] DEBUG l.i.u.t.SubmittedApplicationsPageTest - Entered phone number into the input field.
2025-01-22 10:49:20 [main] DEBUG l.i.u.t.SubmittedApplicationsPageTest - Entered eMail into the input field.
2025-01-22 10:49:40 [main] ERROR l.i.u.t.SubmittedApplicationsPageTest - Test 'testFillNewApplication' failed with error: Expected condition failed: waiting for element to be clickable: Proxy element for: DefaultElementLocator 'By.xpath: //mat-select[.//span[contains(text(), 'Planuojamos (-ų) steigti darbo vietos (-ų) adresas')]]' (tried for 10 second(s) with 500 milliseconds interval)
org.openqa.selenium.TimeoutException: Expected condition failed: waiting for element to be clickable: Proxy element for: DefaultElementLocator 'By.xpath: //mat-select[.//span[contains(text(), 'Planuojamos (-ų) steigti darbo vietos (-ų) adresas')]]' (tried for 10 second(s) with 500 milliseconds interval)
	at org.openqa.selenium.support.ui.WebDriverWait.timeoutException(WebDriverWait.java:84)
	at org.openqa.selenium.support.ui.FluentWait.until(FluentWait.java:228)
	at lt.insoft.uztis.pages.SubmittedApplicationsPage.openEVRKField(SubmittedApplicationsPage.java:144)
	at lt.insoft.uztis.tests.SubmittedApplicationsPageTest.testFillNewApplication(SubmittedApplicationsPageTest.java:154)
	at java.base/jdk.internal.reflect.DirectMethodHandleAccessor.invoke(DirectMethodHandleAccessor.java:103)
	at java.base/java.lang.reflect.Method.invoke(Method.java:580)
	at org.junit.platform.commons.util.ReflectionUtils.invokeMethod(ReflectionUtils.java:728)
	at org.junit.jupiter.engine.execution.MethodInvocation.proceed(MethodInvocation.java:60)
	at org.junit.jupiter.engine.execution.InvocationInterceptorChain$ValidatingInvocation.proceed(InvocationInterceptorChain.java:131)
	at org.junit.jupiter.engine.extension.TimeoutExtension.intercept(TimeoutExtension.java:156)
	at org.junit.jupiter.engine.extension.TimeoutExtension.interceptTestableMethod(TimeoutExtension.java:147)
	at org.junit.jupiter.engine.extension.TimeoutExtension.interceptTestMethod(TimeoutExtension.java:86)
	at org.junit.jupiter.engine.execution.InterceptingExecutableInvoker$ReflectiveInterceptorCall.lambda$ofVoidMethod$0(InterceptingExecutableInvoker.java:103)
	at org.junit.jupiter.engine.execution.InterceptingExecutableInvoker.lambda$invoke$0(InterceptingExecutableInvoker.java:93)
	at org.junit.jupiter.engine.execution.InvocationInterceptorChain$InterceptedInvocation.proceed(InvocationInterceptorChain.java:106)
	at org.junit.jupiter.engine.execution.InvocationInterceptorChain.proceed(InvocationInterceptorChain.java:64)
	at org.junit.jupiter.engine.execution.InvocationInterceptorChain.chainAndInvoke(InvocationInterceptorChain.java:45)
	at org.junit.jupiter.engine.execution.InvocationInterceptorChain.invoke(InvocationInterceptorChain.java:37)
	at org.junit.jupiter.engine.execution.InterceptingExecutableInvoker.invoke(InterceptingExecutableInvoker.java:92)
	at org.junit.jupiter.engine.execution.InterceptingExecutableInvoker.invoke(InterceptingExecutableInvoker.java:86)
	at org.junit.jupiter.engine.descriptor.TestMethodTestDescriptor.lambda$invokeTestMethod$7(TestMethodTestDescriptor.java:218)
	at org.junit.platform.engine.support.hierarchical.ThrowableCollector.execute(ThrowableCollector.java:73)
	at org.junit.jupiter.engine.descriptor.TestMethodTestDescriptor.invokeTestMethod(TestMethodTestDescriptor.java:214)
	at org.junit.jupiter.engine.descriptor.TestMethodTestDescriptor.execute(TestMethodTestDescriptor.java:139)
	at org.junit.jupiter.engine.descriptor.TestMethodTestDescriptor.execute(TestMethodTestDescriptor.java:69)
	at org.junit.platform.engine.support.hierarchical.NodeTestTask.lambda$executeRecursively$6(NodeTestTask.java:151)
	at org.junit.platform.engine.support.hierarchical.ThrowableCollector.execute(ThrowableCollector.java:73)
	at org.junit.platform.engine.support.hierarchical.NodeTestTask.lambda$executeRecursively$8(NodeTestTask.java:141)
	at org.junit.platform.engine.support.hierarchical.Node.around(Node.java:137)
	at org.junit.platform.engine.support.hierarchical.NodeTestTask.lambda$executeRecursively$9(NodeTestTask.java:139)
	at org.junit.platform.engine.support.hierarchical.ThrowableCollector.execute(ThrowableCollector.java:73)
	at org.junit.platform.engine.support.hierarchical.NodeTestTask.executeRecursively(NodeTestTask.java:138)
	at org.junit.platform.engine.support.hierarchical.NodeTestTask.execute(NodeTestTask.java:95)
	at java.base/java.util.ArrayList.forEach(ArrayList.java:1596)
	at org.junit.platform.engine.support.hierarchical.SameThreadHierarchicalTestExecutorService.invokeAll(SameThreadHierarchicalTestExecutorService.java:41)
	at org.junit.platform.engine.support.hierarchical.NodeTestTask.lambda$executeRecursively$6(NodeTestTask.java:155)
	at org.junit.platform.engine.support.hierarchical.ThrowableCollector.execute(ThrowableCollector.java:73)
	at org.junit.platform.engine.support.hierarchical.NodeTestTask.lambda$executeRecursively$8(NodeTestTask.java:141)
	at org.junit.platform.engine.support.hierarchical.Node.around(Node.java:137)
	at org.junit.platform.engine.support.hierarchical.NodeTestTask.lambda$executeRecursively$9(NodeTestTask.java:139)
	at org.junit.platform.engine.support.hierarchical.ThrowableCollector.execute(ThrowableCollector.java:73)
	at org.junit.platform.engine.support.hierarchical.NodeTestTask.executeRecursively(NodeTestTask.java:138)
	at org.junit.platform.engine.support.hierarchical.NodeTestTask.execute(NodeTestTask.java:95)
	at java.base/java.util.ArrayList.forEach(ArrayList.java:1596)
	at org.junit.platform.engine.support.hierarchical.SameThreadHierarchicalTestExecutorService.invokeAll(SameThreadHierarchicalTestExecutorService.java:41)
	at org.junit.platform.engine.support.hierarchical.NodeTestTask.lambda$executeRecursively$6(NodeTestTask.java:155)
	at org.junit.platform.engine.support.hierarchical.ThrowableCollector.execute(ThrowableCollector.java:73)
	at org.junit.platform.engine.support.hierarchical.NodeTestTask.lambda$executeRecursively$8(NodeTestTask.java:141)
	at org.junit.platform.engine.support.hierarchical.Node.around(Node.java:137)
	at org.junit.platform.engine.support.hierarchical.NodeTestTask.lambda$executeRecursively$9(NodeTestTask.java:139)
	at org.junit.platform.engine.support.hierarchical.ThrowableCollector.execute(ThrowableCollector.java:73)
	at org.junit.platform.engine.support.hierarchical.NodeTestTask.executeRecursively(NodeTestTask.java:138)
	at org.junit.platform.engine.support.hierarchical.NodeTestTask.execute(NodeTestTask.java:95)
	at org.junit.platform.engine.support.hierarchical.SameThreadHierarchicalTestExecutorService.submit(SameThreadHierarchicalTestExecutorService.java:35)
	at org.junit.platform.engine.support.hierarchical.HierarchicalTestExecutor.execute(HierarchicalTestExecutor.java:57)
	at org.junit.platform.engine.support.hierarchical.HierarchicalTestEngine.execute(HierarchicalTestEngine.java:54)
	at org.junit.platform.launcher.core.EngineExecutionOrchestrator.execute(EngineExecutionOrchestrator.java:198)
	at org.junit.platform.launcher.core.EngineExecutionOrchestrator.execute(EngineExecutionOrchestrator.java:169)
	at org.junit.platform.launcher.core.EngineExecutionOrchestrator.execute(EngineExecutionOrchestrator.java:93)
	at org.junit.platform.launcher.core.EngineExecutionOrchestrator.lambda$execute$0(EngineExecutionOrchestrator.java:58)
	at org.junit.platform.launcher.core.EngineExecutionOrchestrator.withInterceptedStreams(EngineExecutionOrchestrator.java:141)
	at org.junit.platform.launcher.core.EngineExecutionOrchestrator.execute(EngineExecutionOrchestrator.java:57)
	at org.junit.platform.launcher.core.DefaultLauncher.execute(DefaultLauncher.java:103)
	at org.junit.platform.launcher.core.DefaultLauncher.execute(DefaultLauncher.java:85)
	at org.junit.platform.launcher.core.DelegatingLauncher.execute(DelegatingLauncher.java:47)
	at org.junit.platform.launcher.core.SessionPerRequestLauncher.execute(SessionPerRequestLauncher.java:63)
	at com.intellij.junit5.JUnit5IdeaTestRunner.startRunnerWithArgs(JUnit5IdeaTestRunner.java:57)
	at com.intellij.rt.junit.IdeaTestRunner$Repeater$1.execute(IdeaTestRunner.java:38)
	at com.intellij.rt.execution.junit.TestsRepeater.repeat(TestsRepeater.java:11)
	at com.intellij.rt.junit.IdeaTestRunner$Repeater.startRunnerWithArgs(IdeaTestRunner.java:35)
	at com.intellij.rt.junit.JUnitStarter.prepareStreamsAndStart(JUnitStarter.java:232)
	at com.intellij.rt.junit.JUnitStarter.main(JUnitStarter.java:55)
Caused by: org.openqa.selenium.NoSuchElementException: no such element: Unable to locate element: {"method":"xpath","selector":"//mat-select[.//span[contains(text(), 'Planuojamos (-ų) steigti darbo vietos (-ų) adresas')]]"}
  (Session info: chrome=131.0.6778.265)
For documentation on this error, please visit: https://www.selenium.dev/documentation/webdriver/troubleshooting/errors#no-such-element-exception
Build info: version: '4.27.0', revision: 'd6e718d134'
System info: os.name: 'Windows 11', os.arch: 'amd64', os.version: '10.0', java.version: '21.0.3'
Driver info: org.openqa.selenium.chrome.ChromeDriver
Command: [d5e35cd82233baaecbdca4b8c724b50a, findElement {using=xpath, value=//mat-select[.//span[contains(text(), 'Planuojamos (-ų) steigti darbo vietos (-ų) adresas')]]}]
Capabilities {acceptInsecureCerts: false, browserName: chrome, browserVersion: 131.0.6778.265, chrome: {chromedriverVersion: 131.0.6778.264 (2d05e315153..., userDataDir: C:\Users\INGRID~1.ZAD\AppDa...}, fedcm:accounts: true, goog:chromeOptions: {debuggerAddress: localhost:56033}, networkConnectionEnabled: false, pageLoadStrategy: normal, platformName: windows, proxy: Proxy(), se:cdp: ws://localhost:56033/devtoo..., se:cdpVersion: 131.0.6778.265, setWindowRect: true, strictFileInteractability: false, timeouts: {implicit: 0, pageLoad: 300000, script: 30000}, unhandledPromptBehavior: dismiss and notify, webauthn:extension:credBlob: true, webauthn:extension:largeBlob: true, webauthn:extension:minPinLength: true, webauthn:extension:prf: true, webauthn:virtualAuthenticators: true}
Session ID: d5e35cd82233baaecbdca4b8c724b50a
	at java.base/jdk.internal.reflect.DirectConstructorHandleAccessor.newInstance(DirectConstructorHandleAccessor.java:62)
	at java.base/java.lang.reflect.Constructor.newInstanceWithCaller(Constructor.java:502)
	at java.base/java.lang.reflect.Constructor.newInstance(Constructor.java:486)
	at org.openqa.selenium.remote.ErrorCodec.decode(ErrorCodec.java:167)
	at org.openqa.selenium.remote.codec.w3c.W3CHttpResponseCodec.decode(W3CHttpResponseCodec.java:138)
	at org.openqa.selenium.remote.codec.w3c.W3CHttpResponseCodec.decode(W3CHttpResponseCodec.java:50)
	at org.openqa.selenium.remote.HttpCommandExecutor.execute(HttpCommandExecutor.java:190)
	at org.openqa.selenium.remote.service.DriverCommandExecutor.invokeExecute(DriverCommandExecutor.java:216)
	at org.openqa.selenium.remote.service.DriverCommandExecutor.execute(DriverCommandExecutor.java:174)
	at org.openqa.selenium.remote.RemoteWebDriver.execute(RemoteWebDriver.java:545)
	at org.openqa.selenium.remote.ElementLocation$ElementFinder$2.findElement(ElementLocation.java:165)
	at org.openqa.selenium.remote.ElementLocation.findElement(ElementLocation.java:59)
	at org.openqa.selenium.remote.RemoteWebDriver.findElement(RemoteWebDriver.java:368)
	at org.openqa.selenium.remote.RemoteWebDriver.findElement(RemoteWebDriver.java:362)
	at org.openqa.selenium.support.pagefactory.DefaultElementLocator.findElement(DefaultElementLocator.java:68)
	at org.openqa.selenium.support.pagefactory.internal.LocatingElementHandler.invoke(LocatingElementHandler.java:38)
	at jdk.proxy2/jdk.proxy2.$Proxy14.isDisplayed(Unknown Source)
	at org.openqa.selenium.support.ui.ExpectedConditions.elementIfVisible(ExpectedConditions.java:304)
	at org.openqa.selenium.support.ui.ExpectedConditions$10.apply(ExpectedConditions.java:290)
	at org.openqa.selenium.support.ui.ExpectedConditions$10.apply(ExpectedConditions.java:287)
	at org.openqa.selenium.support.ui.ExpectedConditions$23.apply(ExpectedConditions.java:656)
	at org.openqa.selenium.support.ui.ExpectedConditions$23.apply(ExpectedConditions.java:652)
	at org.openqa.selenium.support.ui.FluentWait.until(FluentWait.java:203)
	... 70 common frames omitted
2025-01-22 10:49:40 [main] INFO  l.insoft.uztis.tests.utils.TestUtils - Screenshot moved to C:\Users\ingrida.zadorozniene\Desktop\Asm\UZTIS\UZTIS_tests\test-output\screenshots\20250122\104940909_testFillNewApplication().png
2025-01-22 10:56:53 [main] INFO  lt.insoft.uztis.tests.UztisPageTest - Navigated to https://uztisdev.asseco.lt/home
2025-01-22 10:56:53 [main] INFO  l.i.u.t.SubmittedApplicationsPageTest - Starting test:'testFillNewApplication'
2025-01-22 10:56:54 [main] DEBUG l.i.u.t.SubmittedApplicationsPageTest - User logged in with test credentials
2025-01-22 10:56:54 [main] DEBUG l.i.u.t.SubmittedApplicationsPageTest - Opened 'Application Processing' menu.
2025-01-22 10:56:54 [main] DEBUG l.i.u.t.SubmittedApplicationsPageTest - Clicked on 'Application Forms' menu.
2025-01-22 10:56:55 [main] DEBUG l.i.u.t.SubmittedApplicationsPageTest - Retrieved last description code text: 'TST-VUI-81'.
2025-01-22 10:56:55 [main] DEBUG l.i.u.t.SubmittedApplicationsPageTest - Clicked on 'Invitation' menu.
2025-01-22 10:56:55 [main] DEBUG l.i.u.t.SubmittedApplicationsPageTest - Selected application section by code: 'TST-VUI-81'.
2025-01-22 10:56:56 [main] DEBUG l.i.u.t.SubmittedApplicationsPageTest - Clicked 'Search' button.
2025-01-22 10:56:56 [main] DEBUG l.i.u.t.SubmittedApplicationsPageTest - Retrieved invitation code: ''.
2025-01-22 10:56:56 [main] DEBUG l.i.u.t.SubmittedApplicationsPageTest - Clicked on 'Submitted Applications' menu.
2025-01-22 10:56:56 [main] DEBUG l.i.u.t.SubmittedApplicationsPageTest - Selected invitation by code: 'TST-VUI-81'.
2025-01-22 10:56:57 [main] DEBUG l.i.u.t.SubmittedApplicationsPageTest - Clicked on 'Action Application' button.
2025-01-22 10:56:57 [main] DEBUG l.i.u.t.SubmittedApplicationsPageTest - Clicked on 'New Application' button.
2025-01-22 10:56:57 [main] DEBUG l.i.u.t.SubmittedApplicationsPageTest - Clicked on 'RadioButtonFA' button.
2025-01-22 10:56:58 [main] DEBUG l.i.u.t.SubmittedApplicationsPageTest - Entered phone number into the input field.
2025-01-22 10:56:58 [main] DEBUG l.i.u.t.SubmittedApplicationsPageTest - Entered eMail into the input field.
2025-01-22 10:56:58 [main] INFO  l.i.u.p.SubmittedApplicationsPage - Located the dropdown button.
2025-01-22 10:57:18 [main] ERROR l.i.u.p.SubmittedApplicationsPage - Error selecting value from the list: Expected condition failed: waiting for element to be clickable: Proxy element for: DefaultElementLocator 'By.xpath: //mat-select[.//span[contains(text(), 'Planuojamos (-ų) steigti darbo vietos (-ų) adresas')]]' (tried for 10 second(s) with 500 milliseconds interval)
2025-01-22 10:57:18 [main] ERROR l.i.u.t.SubmittedApplicationsPageTest - Test 'testFillNewApplication' failed with error: Failed to select from the list
java.lang.RuntimeException: Failed to select from the list
	at lt.insoft.uztis.pages.SubmittedApplicationsPage.selectValueByListEVRK(SubmittedApplicationsPage.java:173)
	at lt.insoft.uztis.tests.SubmittedApplicationsPageTest.testFillNewApplication(SubmittedApplicationsPageTest.java:156)
	at java.base/jdk.internal.reflect.DirectMethodHandleAccessor.invoke(DirectMethodHandleAccessor.java:103)
	at java.base/java.lang.reflect.Method.invoke(Method.java:580)
	at org.junit.platform.commons.util.ReflectionUtils.invokeMethod(ReflectionUtils.java:728)
	at org.junit.jupiter.engine.execution.MethodInvocation.proceed(MethodInvocation.java:60)
	at org.junit.jupiter.engine.execution.InvocationInterceptorChain$ValidatingInvocation.proceed(InvocationInterceptorChain.java:131)
	at org.junit.jupiter.engine.extension.TimeoutExtension.intercept(TimeoutExtension.java:156)
	at org.junit.jupiter.engine.extension.TimeoutExtension.interceptTestableMethod(TimeoutExtension.java:147)
	at org.junit.jupiter.engine.extension.TimeoutExtension.interceptTestMethod(TimeoutExtension.java:86)
	at org.junit.jupiter.engine.execution.InterceptingExecutableInvoker$ReflectiveInterceptorCall.lambda$ofVoidMethod$0(InterceptingExecutableInvoker.java:103)
	at org.junit.jupiter.engine.execution.InterceptingExecutableInvoker.lambda$invoke$0(InterceptingExecutableInvoker.java:93)
	at org.junit.jupiter.engine.execution.InvocationInterceptorChain$InterceptedInvocation.proceed(InvocationInterceptorChain.java:106)
	at org.junit.jupiter.engine.execution.InvocationInterceptorChain.proceed(InvocationInterceptorChain.java:64)
	at org.junit.jupiter.engine.execution.InvocationInterceptorChain.chainAndInvoke(InvocationInterceptorChain.java:45)
	at org.junit.jupiter.engine.execution.InvocationInterceptorChain.invoke(InvocationInterceptorChain.java:37)
	at org.junit.jupiter.engine.execution.InterceptingExecutableInvoker.invoke(InterceptingExecutableInvoker.java:92)
	at org.junit.jupiter.engine.execution.InterceptingExecutableInvoker.invoke(InterceptingExecutableInvoker.java:86)
	at org.junit.jupiter.engine.descriptor.TestMethodTestDescriptor.lambda$invokeTestMethod$7(TestMethodTestDescriptor.java:218)
	at org.junit.platform.engine.support.hierarchical.ThrowableCollector.execute(ThrowableCollector.java:73)
	at org.junit.jupiter.engine.descriptor.TestMethodTestDescriptor.invokeTestMethod(TestMethodTestDescriptor.java:214)
	at org.junit.jupiter.engine.descriptor.TestMethodTestDescriptor.execute(TestMethodTestDescriptor.java:139)
	at org.junit.jupiter.engine.descriptor.TestMethodTestDescriptor.execute(TestMethodTestDescriptor.java:69)
	at org.junit.platform.engine.support.hierarchical.NodeTestTask.lambda$executeRecursively$6(NodeTestTask.java:151)
	at org.junit.platform.engine.support.hierarchical.ThrowableCollector.execute(ThrowableCollector.java:73)
	at org.junit.platform.engine.support.hierarchical.NodeTestTask.lambda$executeRecursively$8(NodeTestTask.java:141)
	at org.junit.platform.engine.support.hierarchical.Node.around(Node.java:137)
	at org.junit.platform.engine.support.hierarchical.NodeTestTask.lambda$executeRecursively$9(NodeTestTask.java:139)
	at org.junit.platform.engine.support.hierarchical.ThrowableCollector.execute(ThrowableCollector.java:73)
	at org.junit.platform.engine.support.hierarchical.NodeTestTask.executeRecursively(NodeTestTask.java:138)
	at org.junit.platform.engine.support.hierarchical.NodeTestTask.execute(NodeTestTask.java:95)
	at java.base/java.util.ArrayList.forEach(ArrayList.java:1596)
	at org.junit.platform.engine.support.hierarchical.SameThreadHierarchicalTestExecutorService.invokeAll(SameThreadHierarchicalTestExecutorService.java:41)
	at org.junit.platform.engine.support.hierarchical.NodeTestTask.lambda$executeRecursively$6(NodeTestTask.java:155)
	at org.junit.platform.engine.support.hierarchical.ThrowableCollector.execute(ThrowableCollector.java:73)
	at org.junit.platform.engine.support.hierarchical.NodeTestTask.lambda$executeRecursively$8(NodeTestTask.java:141)
	at org.junit.platform.engine.support.hierarchical.Node.around(Node.java:137)
	at org.junit.platform.engine.support.hierarchical.NodeTestTask.lambda$executeRecursively$9(NodeTestTask.java:139)
	at org.junit.platform.engine.support.hierarchical.ThrowableCollector.execute(ThrowableCollector.java:73)
	at org.junit.platform.engine.support.hierarchical.NodeTestTask.executeRecursively(NodeTestTask.java:138)
	at org.junit.platform.engine.support.hierarchical.NodeTestTask.execute(NodeTestTask.java:95)
	at java.base/java.util.ArrayList.forEach(ArrayList.java:1596)
	at org.junit.platform.engine.support.hierarchical.SameThreadHierarchicalTestExecutorService.invokeAll(SameThreadHierarchicalTestExecutorService.java:41)
	at org.junit.platform.engine.support.hierarchical.NodeTestTask.lambda$executeRecursively$6(NodeTestTask.java:155)
	at org.junit.platform.engine.support.hierarchical.ThrowableCollector.execute(ThrowableCollector.java:73)
	at org.junit.platform.engine.support.hierarchical.NodeTestTask.lambda$executeRecursively$8(NodeTestTask.java:141)
	at org.junit.platform.engine.support.hierarchical.Node.around(Node.java:137)
	at org.junit.platform.engine.support.hierarchical.NodeTestTask.lambda$executeRecursively$9(NodeTestTask.java:139)
	at org.junit.platform.engine.support.hierarchical.ThrowableCollector.execute(ThrowableCollector.java:73)
	at org.junit.platform.engine.support.hierarchical.NodeTestTask.executeRecursively(NodeTestTask.java:138)
	at org.junit.platform.engine.support.hierarchical.NodeTestTask.execute(NodeTestTask.java:95)
	at org.junit.platform.engine.support.hierarchical.SameThreadHierarchicalTestExecutorService.submit(SameThreadHierarchicalTestExecutorService.java:35)
	at org.junit.platform.engine.support.hierarchical.HierarchicalTestExecutor.execute(HierarchicalTestExecutor.java:57)
	at org.junit.platform.engine.support.hierarchical.HierarchicalTestEngine.execute(HierarchicalTestEngine.java:54)
	at org.junit.platform.launcher.core.EngineExecutionOrchestrator.execute(EngineExecutionOrchestrator.java:198)
	at org.junit.platform.launcher.core.EngineExecutionOrchestrator.execute(EngineExecutionOrchestrator.java:169)
	at org.junit.platform.launcher.core.EngineExecutionOrchestrator.execute(EngineExecutionOrchestrator.java:93)
	at org.junit.platform.launcher.core.EngineExecutionOrchestrator.lambda$execute$0(EngineExecutionOrchestrator.java:58)
	at org.junit.platform.launcher.core.EngineExecutionOrchestrator.withInterceptedStreams(EngineExecutionOrchestrator.java:141)
	at org.junit.platform.launcher.core.EngineExecutionOrchestrator.execute(EngineExecutionOrchestrator.java:57)
	at org.junit.platform.launcher.core.DefaultLauncher.execute(DefaultLauncher.java:103)
	at org.junit.platform.launcher.core.DefaultLauncher.execute(DefaultLauncher.java:85)
	at org.junit.platform.launcher.core.DelegatingLauncher.execute(DelegatingLauncher.java:47)
	at org.junit.platform.launcher.core.SessionPerRequestLauncher.execute(SessionPerRequestLauncher.java:63)
	at com.intellij.junit5.JUnit5IdeaTestRunner.startRunnerWithArgs(JUnit5IdeaTestRunner.java:57)
	at com.intellij.rt.junit.IdeaTestRunner$Repeater$1.execute(IdeaTestRunner.java:38)
	at com.intellij.rt.execution.junit.TestsRepeater.repeat(TestsRepeater.java:11)
	at com.intellij.rt.junit.IdeaTestRunner$Repeater.startRunnerWithArgs(IdeaTestRunner.java:35)
	at com.intellij.rt.junit.JUnitStarter.prepareStreamsAndStart(JUnitStarter.java:232)
	at com.intellij.rt.junit.JUnitStarter.main(JUnitStarter.java:55)
Caused by: org.openqa.selenium.TimeoutException: Expected condition failed: waiting for element to be clickable: Proxy element for: DefaultElementLocator 'By.xpath: //mat-select[.//span[contains(text(), 'Planuojamos (-ų) steigti darbo vietos (-ų) adresas')]]' (tried for 10 second(s) with 500 milliseconds interval)
	at org.openqa.selenium.support.ui.WebDriverWait.timeoutException(WebDriverWait.java:84)
	at org.openqa.selenium.support.ui.FluentWait.until(FluentWait.java:228)
	at lt.insoft.uztis.pages.SubmittedApplicationsPage.selectValueByListEVRK(SubmittedApplicationsPage.java:143)
	... 69 common frames omitted
Caused by: org.openqa.selenium.NoSuchElementException: no such element: Unable to locate element: {"method":"xpath","selector":"//mat-select[.//span[contains(text(), 'Planuojamos (-ų) steigti darbo vietos (-ų) adresas')]]"}
  (Session info: chrome=131.0.6778.265)
For documentation on this error, please visit: https://www.selenium.dev/documentation/webdriver/troubleshooting/errors#no-such-element-exception
Build info: version: '4.27.0', revision: 'd6e718d134'
System info: os.name: 'Windows 11', os.arch: 'amd64', os.version: '10.0', java.version: '21.0.3'
Driver info: org.openqa.selenium.chrome.ChromeDriver
Command: [8d636e33d9458981c3170e34fa7fefc3, findElement {value=//mat-select[.//span[contains(text(), 'Planuojamos (-ų) steigti darbo vietos (-ų) adresas')]], using=xpath}]
Capabilities {acceptInsecureCerts: false, browserName: chrome, browserVersion: 131.0.6778.265, chrome: {chromedriverVersion: 131.0.6778.264 (2d05e315153..., userDataDir: C:\Users\INGRID~1.ZAD\AppDa...}, fedcm:accounts: true, goog:chromeOptions: {debuggerAddress: localhost:56277}, networkConnectionEnabled: false, pageLoadStrategy: normal, platformName: windows, proxy: Proxy(), se:cdp: ws://localhost:56277/devtoo..., se:cdpVersion: 131.0.6778.265, setWindowRect: true, strictFileInteractability: false, timeouts: {implicit: 0, pageLoad: 300000, script: 30000}, unhandledPromptBehavior: dismiss and notify, webauthn:extension:credBlob: true, webauthn:extension:largeBlob: true, webauthn:extension:minPinLength: true, webauthn:extension:prf: true, webauthn:virtualAuthenticators: true}
Session ID: 8d636e33d9458981c3170e34fa7fefc3
	at java.base/jdk.internal.reflect.DirectConstructorHandleAccessor.newInstance(DirectConstructorHandleAccessor.java:62)
	at java.base/java.lang.reflect.Constructor.newInstanceWithCaller(Constructor.java:502)
	at java.base/java.lang.reflect.Constructor.newInstance(Constructor.java:486)
	at org.openqa.selenium.remote.ErrorCodec.decode(ErrorCodec.java:167)
	at org.openqa.selenium.remote.codec.w3c.W3CHttpResponseCodec.decode(W3CHttpResponseCodec.java:138)
	at org.openqa.selenium.remote.codec.w3c.W3CHttpResponseCodec.decode(W3CHttpResponseCodec.java:50)
	at org.openqa.selenium.remote.HttpCommandExecutor.execute(HttpCommandExecutor.java:190)
	at org.openqa.selenium.remote.service.DriverCommandExecutor.invokeExecute(DriverCommandExecutor.java:216)
	at org.openqa.selenium.remote.service.DriverCommandExecutor.execute(DriverCommandExecutor.java:174)
	at org.openqa.selenium.remote.RemoteWebDriver.execute(RemoteWebDriver.java:545)
	at org.openqa.selenium.remote.ElementLocation$ElementFinder$2.findElement(ElementLocation.java:165)
	at org.openqa.selenium.remote.ElementLocation.findElement(ElementLocation.java:59)
	at org.openqa.selenium.remote.RemoteWebDriver.findElement(RemoteWebDriver.java:368)
	at org.openqa.selenium.remote.RemoteWebDriver.findElement(RemoteWebDriver.java:362)
	at org.openqa.selenium.support.pagefactory.DefaultElementLocator.findElement(DefaultElementLocator.java:68)
	at org.openqa.selenium.support.pagefactory.internal.LocatingElementHandler.invoke(LocatingElementHandler.java:38)
	at jdk.proxy2/jdk.proxy2.$Proxy14.isDisplayed(Unknown Source)
	at org.openqa.selenium.support.ui.ExpectedConditions.elementIfVisible(ExpectedConditions.java:304)
	at org.openqa.selenium.support.ui.ExpectedConditions$10.apply(ExpectedConditions.java:290)
	at org.openqa.selenium.support.ui.ExpectedConditions$10.apply(ExpectedConditions.java:287)
	at org.openqa.selenium.support.ui.ExpectedConditions$23.apply(ExpectedConditions.java:656)
	at org.openqa.selenium.support.ui.ExpectedConditions$23.apply(ExpectedConditions.java:652)
	at org.openqa.selenium.support.ui.FluentWait.until(FluentWait.java:203)
	... 70 common frames omitted
2025-01-22 10:57:18 [main] INFO  l.insoft.uztis.tests.utils.TestUtils - Screenshot moved to C:\Users\ingrida.zadorozniene\Desktop\Asm\UZTIS\UZTIS_tests\test-output\screenshots\20250122\105718581_testFillNewApplication().png
2025-01-22 11:00:18 [main] INFO  lt.insoft.uztis.tests.UztisPageTest - Navigated to https://uztisdev.asseco.lt/home
2025-01-22 11:00:18 [main] INFO  l.i.u.t.SubmittedApplicationsPageTest - Starting test:'testFillNewApplication'
2025-01-22 11:00:19 [main] DEBUG l.i.u.t.SubmittedApplicationsPageTest - User logged in with test credentials
2025-01-22 11:00:19 [main] DEBUG l.i.u.t.SubmittedApplicationsPageTest - Opened 'Application Processing' menu.
2025-01-22 11:00:19 [main] DEBUG l.i.u.t.SubmittedApplicationsPageTest - Clicked on 'Application Forms' menu.
2025-01-22 11:00:20 [main] DEBUG l.i.u.t.SubmittedApplicationsPageTest - Retrieved last description code text: 'TST-VUI-81'.
2025-01-22 11:00:20 [main] DEBUG l.i.u.t.SubmittedApplicationsPageTest - Clicked on 'Invitation' menu.
2025-01-22 11:00:20 [main] DEBUG l.i.u.t.SubmittedApplicationsPageTest - Selected application section by code: 'TST-VUI-81'.
2025-01-22 11:00:20 [main] DEBUG l.i.u.t.SubmittedApplicationsPageTest - Clicked 'Search' button.
2025-01-22 11:00:21 [main] DEBUG l.i.u.t.SubmittedApplicationsPageTest - Retrieved invitation code: ''.
2025-01-22 11:00:21 [main] DEBUG l.i.u.t.SubmittedApplicationsPageTest - Clicked on 'Submitted Applications' menu.
2025-01-22 11:00:21 [main] DEBUG l.i.u.t.SubmittedApplicationsPageTest - Selected invitation by code: 'TST-VUI-81'.
2025-01-22 11:00:22 [main] DEBUG l.i.u.t.SubmittedApplicationsPageTest - Clicked on 'Action Application' button.
2025-01-22 11:00:22 [main] DEBUG l.i.u.t.SubmittedApplicationsPageTest - Clicked on 'New Application' button.
2025-01-22 11:00:22 [main] DEBUG l.i.u.t.SubmittedApplicationsPageTest - Clicked on 'RadioButtonFA' button.
2025-01-22 11:00:22 [main] DEBUG l.i.u.t.SubmittedApplicationsPageTest - Entered phone number into the input field.
2025-01-22 11:00:23 [main] DEBUG l.i.u.t.SubmittedApplicationsPageTest - Entered eMail into the input field.
2025-01-22 11:00:23 [main] INFO  l.i.u.p.SubmittedApplicationsPage - Located the dropdown button.
2025-01-22 11:00:23 [main] ERROR l.i.u.p.SubmittedApplicationsPage - Error selecting value from the list: invalid selector
from javascript error: {"status":32,"value":"Unable to locate an element with the xpath expression //mat-label[contains(text(), 'Projekto teikėjo planuojama vykdyti veikla, kuriai prašoma subsidija, kodas pagal EVRK')]] because of the following error:\nSyntaxError: Failed to execute 'evaluate' on 'Document': The string '//mat-label[contains(text(), 'Projekto teikėjo planuojama vykdyti veikla, kuriai prašoma subsidija, kodas pagal EVRK')]]' is not a valid XPath expression."}
  (Session info: chrome=131.0.6778.265)
For documentation on this error, please visit: https://www.selenium.dev/documentation/webdriver/troubleshooting/errors#invalid-selector-exception
Build info: version: '4.27.0', revision: 'd6e718d134'
System info: os.name: 'Windows 11', os.arch: 'amd64', os.version: '10.0', java.version: '21.0.3'
Driver info: org.openqa.selenium.chrome.ChromeDriver
Command: [fcc94c5f9b89c43855847297cf7dbcc1, findElement {value=//mat-label[contains(text(), 'Projekto teikėjo planuojama vykdyti veikla, kuriai prašoma subsidija, kodas pagal EVRK')]], using=xpath}]
Capabilities {acceptInsecureCerts: false, browserName: chrome, browserVersion: 131.0.6778.265, chrome: {chromedriverVersion: 131.0.6778.264 (2d05e315153..., userDataDir: C:\Users\INGRID~1.ZAD\AppDa...}, fedcm:accounts: true, goog:chromeOptions: {debuggerAddress: localhost:56399}, networkConnectionEnabled: false, pageLoadStrategy: normal, platformName: windows, proxy: Proxy(), se:cdp: ws://localhost:56399/devtoo..., se:cdpVersion: 131.0.6778.265, setWindowRect: true, strictFileInteractability: false, timeouts: {implicit: 0, pageLoad: 300000, script: 30000}, unhandledPromptBehavior: dismiss and notify, webauthn:extension:credBlob: true, webauthn:extension:largeBlob: true, webauthn:extension:minPinLength: true, webauthn:extension:prf: true, webauthn:virtualAuthenticators: true}
Session ID: fcc94c5f9b89c43855847297cf7dbcc1
2025-01-22 11:00:23 [main] ERROR l.i.u.t.SubmittedApplicationsPageTest - Test 'testFillNewApplication' failed with error: Failed to select from the list
java.lang.RuntimeException: Failed to select from the list
	at lt.insoft.uztis.pages.SubmittedApplicationsPage.selectValueByListEVRK(SubmittedApplicationsPage.java:173)
	at lt.insoft.uztis.tests.SubmittedApplicationsPageTest.testFillNewApplication(SubmittedApplicationsPageTest.java:156)
	at java.base/jdk.internal.reflect.DirectMethodHandleAccessor.invoke(DirectMethodHandleAccessor.java:103)
	at java.base/java.lang.reflect.Method.invoke(Method.java:580)
	at org.junit.platform.commons.util.ReflectionUtils.invokeMethod(ReflectionUtils.java:728)
	at org.junit.jupiter.engine.execution.MethodInvocation.proceed(MethodInvocation.java:60)
	at org.junit.jupiter.engine.execution.InvocationInterceptorChain$ValidatingInvocation.proceed(InvocationInterceptorChain.java:131)
	at org.junit.jupiter.engine.extension.TimeoutExtension.intercept(TimeoutExtension.java:156)
	at org.junit.jupiter.engine.extension.TimeoutExtension.interceptTestableMethod(TimeoutExtension.java:147)
	at org.junit.jupiter.engine.extension.TimeoutExtension.interceptTestMethod(TimeoutExtension.java:86)
	at org.junit.jupiter.engine.execution.InterceptingExecutableInvoker$ReflectiveInterceptorCall.lambda$ofVoidMethod$0(InterceptingExecutableInvoker.java:103)
	at org.junit.jupiter.engine.execution.InterceptingExecutableInvoker.lambda$invoke$0(InterceptingExecutableInvoker.java:93)
	at org.junit.jupiter.engine.execution.InvocationInterceptorChain$InterceptedInvocation.proceed(InvocationInterceptorChain.java:106)
	at org.junit.jupiter.engine.execution.InvocationInterceptorChain.proceed(InvocationInterceptorChain.java:64)
	at org.junit.jupiter.engine.execution.InvocationInterceptorChain.chainAndInvoke(InvocationInterceptorChain.java:45)
	at org.junit.jupiter.engine.execution.InvocationInterceptorChain.invoke(InvocationInterceptorChain.java:37)
	at org.junit.jupiter.engine.execution.InterceptingExecutableInvoker.invoke(InterceptingExecutableInvoker.java:92)
	at org.junit.jupiter.engine.execution.InterceptingExecutableInvoker.invoke(InterceptingExecutableInvoker.java:86)
	at org.junit.jupiter.engine.descriptor.TestMethodTestDescriptor.lambda$invokeTestMethod$7(TestMethodTestDescriptor.java:218)
	at org.junit.platform.engine.support.hierarchical.ThrowableCollector.execute(ThrowableCollector.java:73)
	at org.junit.jupiter.engine.descriptor.TestMethodTestDescriptor.invokeTestMethod(TestMethodTestDescriptor.java:214)
	at org.junit.jupiter.engine.descriptor.TestMethodTestDescriptor.execute(TestMethodTestDescriptor.java:139)
	at org.junit.jupiter.engine.descriptor.TestMethodTestDescriptor.execute(TestMethodTestDescriptor.java:69)
	at org.junit.platform.engine.support.hierarchical.NodeTestTask.lambda$executeRecursively$6(NodeTestTask.java:151)
	at org.junit.platform.engine.support.hierarchical.ThrowableCollector.execute(ThrowableCollector.java:73)
	at org.junit.platform.engine.support.hierarchical.NodeTestTask.lambda$executeRecursively$8(NodeTestTask.java:141)
	at org.junit.platform.engine.support.hierarchical.Node.around(Node.java:137)
	at org.junit.platform.engine.support.hierarchical.NodeTestTask.lambda$executeRecursively$9(NodeTestTask.java:139)
	at org.junit.platform.engine.support.hierarchical.ThrowableCollector.execute(ThrowableCollector.java:73)
	at org.junit.platform.engine.support.hierarchical.NodeTestTask.executeRecursively(NodeTestTask.java:138)
	at org.junit.platform.engine.support.hierarchical.NodeTestTask.execute(NodeTestTask.java:95)
	at java.base/java.util.ArrayList.forEach(ArrayList.java:1596)
	at org.junit.platform.engine.support.hierarchical.SameThreadHierarchicalTestExecutorService.invokeAll(SameThreadHierarchicalTestExecutorService.java:41)
	at org.junit.platform.engine.support.hierarchical.NodeTestTask.lambda$executeRecursively$6(NodeTestTask.java:155)
	at org.junit.platform.engine.support.hierarchical.ThrowableCollector.execute(ThrowableCollector.java:73)
	at org.junit.platform.engine.support.hierarchical.NodeTestTask.lambda$executeRecursively$8(NodeTestTask.java:141)
	at org.junit.platform.engine.support.hierarchical.Node.around(Node.java:137)
	at org.junit.platform.engine.support.hierarchical.NodeTestTask.lambda$executeRecursively$9(NodeTestTask.java:139)
	at org.junit.platform.engine.support.hierarchical.ThrowableCollector.execute(ThrowableCollector.java:73)
	at org.junit.platform.engine.support.hierarchical.NodeTestTask.executeRecursively(NodeTestTask.java:138)
	at org.junit.platform.engine.support.hierarchical.NodeTestTask.execute(NodeTestTask.java:95)
	at java.base/java.util.ArrayList.forEach(ArrayList.java:1596)
	at org.junit.platform.engine.support.hierarchical.SameThreadHierarchicalTestExecutorService.invokeAll(SameThreadHierarchicalTestExecutorService.java:41)
	at org.junit.platform.engine.support.hierarchical.NodeTestTask.lambda$executeRecursively$6(NodeTestTask.java:155)
	at org.junit.platform.engine.support.hierarchical.ThrowableCollector.execute(ThrowableCollector.java:73)
	at org.junit.platform.engine.support.hierarchical.NodeTestTask.lambda$executeRecursively$8(NodeTestTask.java:141)
	at org.junit.platform.engine.support.hierarchical.Node.around(Node.java:137)
	at org.junit.platform.engine.support.hierarchical.NodeTestTask.lambda$executeRecursively$9(NodeTestTask.java:139)
	at org.junit.platform.engine.support.hierarchical.ThrowableCollector.execute(ThrowableCollector.java:73)
	at org.junit.platform.engine.support.hierarchical.NodeTestTask.executeRecursively(NodeTestTask.java:138)
	at org.junit.platform.engine.support.hierarchical.NodeTestTask.execute(NodeTestTask.java:95)
	at org.junit.platform.engine.support.hierarchical.SameThreadHierarchicalTestExecutorService.submit(SameThreadHierarchicalTestExecutorService.java:35)
	at org.junit.platform.engine.support.hierarchical.HierarchicalTestExecutor.execute(HierarchicalTestExecutor.java:57)
	at org.junit.platform.engine.support.hierarchical.HierarchicalTestEngine.execute(HierarchicalTestEngine.java:54)
	at org.junit.platform.launcher.core.EngineExecutionOrchestrator.execute(EngineExecutionOrchestrator.java:198)
	at org.junit.platform.launcher.core.EngineExecutionOrchestrator.execute(EngineExecutionOrchestrator.java:169)
	at org.junit.platform.launcher.core.EngineExecutionOrchestrator.execute(EngineExecutionOrchestrator.java:93)
	at org.junit.platform.launcher.core.EngineExecutionOrchestrator.lambda$execute$0(EngineExecutionOrchestrator.java:58)
	at org.junit.platform.launcher.core.EngineExecutionOrchestrator.withInterceptedStreams(EngineExecutionOrchestrator.java:141)
	at org.junit.platform.launcher.core.EngineExecutionOrchestrator.execute(EngineExecutionOrchestrator.java:57)
	at org.junit.platform.launcher.core.DefaultLauncher.execute(DefaultLauncher.java:103)
	at org.junit.platform.launcher.core.DefaultLauncher.execute(DefaultLauncher.java:85)
	at org.junit.platform.launcher.core.DelegatingLauncher.execute(DelegatingLauncher.java:47)
	at org.junit.platform.launcher.core.SessionPerRequestLauncher.execute(SessionPerRequestLauncher.java:63)
	at com.intellij.junit5.JUnit5IdeaTestRunner.startRunnerWithArgs(JUnit5IdeaTestRunner.java:57)
	at com.intellij.rt.junit.IdeaTestRunner$Repeater$1.execute(IdeaTestRunner.java:38)
	at com.intellij.rt.execution.junit.TestsRepeater.repeat(TestsRepeater.java:11)
	at com.intellij.rt.junit.IdeaTestRunner$Repeater.startRunnerWithArgs(IdeaTestRunner.java:35)
	at com.intellij.rt.junit.JUnitStarter.prepareStreamsAndStart(JUnitStarter.java:232)
	at com.intellij.rt.junit.JUnitStarter.main(JUnitStarter.java:55)
Caused by: org.openqa.selenium.InvalidSelectorException: invalid selector
from javascript error: {"status":32,"value":"Unable to locate an element with the xpath expression //mat-label[contains(text(), 'Projekto teikėjo planuojama vykdyti veikla, kuriai prašoma subsidija, kodas pagal EVRK')]] because of the following error:\nSyntaxError: Failed to execute 'evaluate' on 'Document': The string '//mat-label[contains(text(), 'Projekto teikėjo planuojama vykdyti veikla, kuriai prašoma subsidija, kodas pagal EVRK')]]' is not a valid XPath expression."}
  (Session info: chrome=131.0.6778.265)
For documentation on this error, please visit: https://www.selenium.dev/documentation/webdriver/troubleshooting/errors#invalid-selector-exception
Build info: version: '4.27.0', revision: 'd6e718d134'
System info: os.name: 'Windows 11', os.arch: 'amd64', os.version: '10.0', java.version: '21.0.3'
Driver info: org.openqa.selenium.chrome.ChromeDriver
Command: [fcc94c5f9b89c43855847297cf7dbcc1, findElement {value=//mat-label[contains(text(), 'Projekto teikėjo planuojama vykdyti veikla, kuriai prašoma subsidija, kodas pagal EVRK')]], using=xpath}]
Capabilities {acceptInsecureCerts: false, browserName: chrome, browserVersion: 131.0.6778.265, chrome: {chromedriverVersion: 131.0.6778.264 (2d05e315153..., userDataDir: C:\Users\INGRID~1.ZAD\AppDa...}, fedcm:accounts: true, goog:chromeOptions: {debuggerAddress: localhost:56399}, networkConnectionEnabled: false, pageLoadStrategy: normal, platformName: windows, proxy: Proxy(), se:cdp: ws://localhost:56399/devtoo..., se:cdpVersion: 131.0.6778.265, setWindowRect: true, strictFileInteractability: false, timeouts: {implicit: 0, pageLoad: 300000, script: 30000}, unhandledPromptBehavior: dismiss and notify, webauthn:extension:credBlob: true, webauthn:extension:largeBlob: true, webauthn:extension:minPinLength: true, webauthn:extension:prf: true, webauthn:virtualAuthenticators: true}
Session ID: fcc94c5f9b89c43855847297cf7dbcc1
	at java.base/jdk.internal.reflect.DirectConstructorHandleAccessor.newInstance(DirectConstructorHandleAccessor.java:62)
	at java.base/java.lang.reflect.Constructor.newInstanceWithCaller(Constructor.java:502)
	at java.base/java.lang.reflect.Constructor.newInstance(Constructor.java:486)
	at org.openqa.selenium.remote.ErrorCodec.decode(ErrorCodec.java:167)
	at org.openqa.selenium.remote.codec.w3c.W3CHttpResponseCodec.decode(W3CHttpResponseCodec.java:138)
	at org.openqa.selenium.remote.codec.w3c.W3CHttpResponseCodec.decode(W3CHttpResponseCodec.java:50)
	at org.openqa.selenium.remote.HttpCommandExecutor.execute(HttpCommandExecutor.java:190)
	at org.openqa.selenium.remote.service.DriverCommandExecutor.invokeExecute(DriverCommandExecutor.java:216)
	at org.openqa.selenium.remote.service.DriverCommandExecutor.execute(DriverCommandExecutor.java:174)
	at org.openqa.selenium.remote.RemoteWebDriver.execute(RemoteWebDriver.java:545)
	at org.openqa.selenium.remote.ElementLocation$ElementFinder$2.findElement(ElementLocation.java:165)
	at org.openqa.selenium.remote.ElementLocation.findElement(ElementLocation.java:59)
	at org.openqa.selenium.remote.RemoteWebDriver.findElement(RemoteWebDriver.java:368)
	at org.openqa.selenium.remote.RemoteWebDriver.findElement(RemoteWebDriver.java:362)
	at org.openqa.selenium.support.pagefactory.DefaultElementLocator.findElement(DefaultElementLocator.java:68)
	at org.openqa.selenium.support.pagefactory.internal.LocatingElementHandler.invoke(LocatingElementHandler.java:38)
	at jdk.proxy2/jdk.proxy2.$Proxy14.isDisplayed(Unknown Source)
	at org.openqa.selenium.support.ui.ExpectedConditions.elementIfVisible(ExpectedConditions.java:304)
	at org.openqa.selenium.support.ui.ExpectedConditions$10.apply(ExpectedConditions.java:290)
	at org.openqa.selenium.support.ui.ExpectedConditions$10.apply(ExpectedConditions.java:287)
	at org.openqa.selenium.support.ui.ExpectedConditions$23.apply(ExpectedConditions.java:656)
	at org.openqa.selenium.support.ui.ExpectedConditions$23.apply(ExpectedConditions.java:652)
	at org.openqa.selenium.support.ui.FluentWait.until(FluentWait.java:203)
	at lt.insoft.uztis.pages.SubmittedApplicationsPage.selectValueByListEVRK(SubmittedApplicationsPage.java:143)
	... 69 common frames omitted
2025-01-22 11:00:23 [main] INFO  l.insoft.uztis.tests.utils.TestUtils - Screenshot moved to C:\Users\ingrida.zadorozniene\Desktop\Asm\UZTIS\UZTIS_tests\test-output\screenshots\20250122\110023221_testFillNewApplication().png
2025-01-22 11:07:17 [main] INFO  lt.insoft.uztis.tests.UztisPageTest - Navigated to https://uztisdev.asseco.lt/home
2025-01-22 11:07:17 [main] INFO  l.i.u.t.SubmittedApplicationsPageTest - Starting test:'testFillNewApplication'
2025-01-22 11:07:17 [main] DEBUG l.i.u.t.SubmittedApplicationsPageTest - User logged in with test credentials
2025-01-22 11:07:17 [main] DEBUG l.i.u.t.SubmittedApplicationsPageTest - Opened 'Application Processing' menu.
2025-01-22 11:07:18 [main] DEBUG l.i.u.t.SubmittedApplicationsPageTest - Clicked on 'Application Forms' menu.
2025-01-22 11:07:18 [main] DEBUG l.i.u.t.SubmittedApplicationsPageTest - Retrieved last description code text: 'TST-VUI-81'.
2025-01-22 11:07:18 [main] DEBUG l.i.u.t.SubmittedApplicationsPageTest - Clicked on 'Invitation' menu.
2025-01-22 11:07:19 [main] DEBUG l.i.u.t.SubmittedApplicationsPageTest - Selected application section by code: 'TST-VUI-81'.
2025-01-22 11:07:19 [main] DEBUG l.i.u.t.SubmittedApplicationsPageTest - Clicked 'Search' button.
2025-01-22 11:07:19 [main] DEBUG l.i.u.t.SubmittedApplicationsPageTest - Retrieved invitation code: ''.
2025-01-22 11:07:19 [main] DEBUG l.i.u.t.SubmittedApplicationsPageTest - Clicked on 'Submitted Applications' menu.
2025-01-22 11:07:20 [main] DEBUG l.i.u.t.SubmittedApplicationsPageTest - Selected invitation by code: 'TST-VUI-81'.
2025-01-22 11:07:20 [main] DEBUG l.i.u.t.SubmittedApplicationsPageTest - Clicked on 'Action Application' button.
2025-01-22 11:07:20 [main] DEBUG l.i.u.t.SubmittedApplicationsPageTest - Clicked on 'New Application' button.
2025-01-22 11:07:20 [main] DEBUG l.i.u.t.SubmittedApplicationsPageTest - Clicked on 'RadioButtonFA' button.
2025-01-22 11:07:21 [main] DEBUG l.i.u.t.SubmittedApplicationsPageTest - Entered phone number into the input field.
2025-01-22 11:07:21 [main] DEBUG l.i.u.t.SubmittedApplicationsPageTest - Entered eMail into the input field.
2025-01-22 11:07:21 [main] INFO  l.i.u.p.SubmittedApplicationsPage - Located the dropdown button.
2025-01-22 11:07:22 [main] ERROR l.i.u.p.SubmittedApplicationsPage - Error selecting value from the list: element click intercepted: Element <mat-select role="combobox" aria-haspopup="listbox" class="mat-mdc-select primary-control ng-tns-c1073613477-26 mat-mdc-select-empty mat-mdc-select-multiple ng-untouched ng-pristine ng-valid ng-star-inserted" aria-labelledby="mat-select-value-7" id="mat-select-7" tabindex="0" aria-expanded="false" aria-required="false" aria-disabled="false" aria-invalid="false">...</mat-select> is not clickable at point (850, 934). Other element would receive the click: <mat-label>...</mat-label>
  (Session info: chrome=131.0.6778.265)
Build info: version: '4.27.0', revision: 'd6e718d134'
System info: os.name: 'Windows 11', os.arch: 'amd64', os.version: '10.0', java.version: '21.0.3'
Driver info: org.openqa.selenium.chrome.ChromeDriver
Command: [11337ea394e6ff5515632d5cdf655c3b, clickElement {id=f.37ABAB7C5BC52BC5A831BC8DCFDCD2DA.d.3B07E4E622A8F23F85638A08CE3B11C1.e.205}]
Capabilities {acceptInsecureCerts: false, browserName: chrome, browserVersion: 131.0.6778.265, chrome: {chromedriverVersion: 131.0.6778.264 (2d05e315153..., userDataDir: C:\Users\INGRID~1.ZAD\AppDa...}, fedcm:accounts: true, goog:chromeOptions: {debuggerAddress: localhost:56657}, networkConnectionEnabled: false, pageLoadStrategy: normal, platformName: windows, proxy: Proxy(), se:cdp: ws://localhost:56657/devtoo..., se:cdpVersion: 131.0.6778.265, setWindowRect: true, strictFileInteractability: false, timeouts: {implicit: 0, pageLoad: 300000, script: 30000}, unhandledPromptBehavior: dismiss and notify, webauthn:extension:credBlob: true, webauthn:extension:largeBlob: true, webauthn:extension:minPinLength: true, webauthn:extension:prf: true, webauthn:virtualAuthenticators: true}
Element: [[ChromeDriver: chrome on windows (11337ea394e6ff5515632d5cdf655c3b)] -> xpath: //mat-label[contains(text(), 'Projekto teikėjo planuojama vykdyti veikla, kuriai prašoma subsidija, kodas pagal EVRK')]/ancestor::mat-form-field//mat-select]
Session ID: 11337ea394e6ff5515632d5cdf655c3b
2025-01-22 11:07:22 [main] ERROR l.i.u.t.SubmittedApplicationsPageTest - Test 'testFillNewApplication' failed with error: Failed to select from the list
java.lang.RuntimeException: Failed to select from the list
	at lt.insoft.uztis.pages.SubmittedApplicationsPage.selectValueByListEVRK(SubmittedApplicationsPage.java:172)
	at lt.insoft.uztis.tests.SubmittedApplicationsPageTest.testFillNewApplication(SubmittedApplicationsPageTest.java:156)
	at java.base/jdk.internal.reflect.DirectMethodHandleAccessor.invoke(DirectMethodHandleAccessor.java:103)
	at java.base/java.lang.reflect.Method.invoke(Method.java:580)
	at org.junit.platform.commons.util.ReflectionUtils.invokeMethod(ReflectionUtils.java:728)
	at org.junit.jupiter.engine.execution.MethodInvocation.proceed(MethodInvocation.java:60)
	at org.junit.jupiter.engine.execution.InvocationInterceptorChain$ValidatingInvocation.proceed(InvocationInterceptorChain.java:131)
	at org.junit.jupiter.engine.extension.TimeoutExtension.intercept(TimeoutExtension.java:156)
	at org.junit.jupiter.engine.extension.TimeoutExtension.interceptTestableMethod(TimeoutExtension.java:147)
	at org.junit.jupiter.engine.extension.TimeoutExtension.interceptTestMethod(TimeoutExtension.java:86)
	at org.junit.jupiter.engine.execution.InterceptingExecutableInvoker$ReflectiveInterceptorCall.lambda$ofVoidMethod$0(InterceptingExecutableInvoker.java:103)
	at org.junit.jupiter.engine.execution.InterceptingExecutableInvoker.lambda$invoke$0(InterceptingExecutableInvoker.java:93)
	at org.junit.jupiter.engine.execution.InvocationInterceptorChain$InterceptedInvocation.proceed(InvocationInterceptorChain.java:106)
	at org.junit.jupiter.engine.execution.InvocationInterceptorChain.proceed(InvocationInterceptorChain.java:64)
	at org.junit.jupiter.engine.execution.InvocationInterceptorChain.chainAndInvoke(InvocationInterceptorChain.java:45)
	at org.junit.jupiter.engine.execution.InvocationInterceptorChain.invoke(InvocationInterceptorChain.java:37)
	at org.junit.jupiter.engine.execution.InterceptingExecutableInvoker.invoke(InterceptingExecutableInvoker.java:92)
	at org.junit.jupiter.engine.execution.InterceptingExecutableInvoker.invoke(InterceptingExecutableInvoker.java:86)
	at org.junit.jupiter.engine.descriptor.TestMethodTestDescriptor.lambda$invokeTestMethod$7(TestMethodTestDescriptor.java:218)
	at org.junit.platform.engine.support.hierarchical.ThrowableCollector.execute(ThrowableCollector.java:73)
	at org.junit.jupiter.engine.descriptor.TestMethodTestDescriptor.invokeTestMethod(TestMethodTestDescriptor.java:214)
	at org.junit.jupiter.engine.descriptor.TestMethodTestDescriptor.execute(TestMethodTestDescriptor.java:139)
	at org.junit.jupiter.engine.descriptor.TestMethodTestDescriptor.execute(TestMethodTestDescriptor.java:69)
	at org.junit.platform.engine.support.hierarchical.NodeTestTask.lambda$executeRecursively$6(NodeTestTask.java:151)
	at org.junit.platform.engine.support.hierarchical.ThrowableCollector.execute(ThrowableCollector.java:73)
	at org.junit.platform.engine.support.hierarchical.NodeTestTask.lambda$executeRecursively$8(NodeTestTask.java:141)
	at org.junit.platform.engine.support.hierarchical.Node.around(Node.java:137)
	at org.junit.platform.engine.support.hierarchical.NodeTestTask.lambda$executeRecursively$9(NodeTestTask.java:139)
	at org.junit.platform.engine.support.hierarchical.ThrowableCollector.execute(ThrowableCollector.java:73)
	at org.junit.platform.engine.support.hierarchical.NodeTestTask.executeRecursively(NodeTestTask.java:138)
	at org.junit.platform.engine.support.hierarchical.NodeTestTask.execute(NodeTestTask.java:95)
	at java.base/java.util.ArrayList.forEach(ArrayList.java:1596)
	at org.junit.platform.engine.support.hierarchical.SameThreadHierarchicalTestExecutorService.invokeAll(SameThreadHierarchicalTestExecutorService.java:41)
	at org.junit.platform.engine.support.hierarchical.NodeTestTask.lambda$executeRecursively$6(NodeTestTask.java:155)
	at org.junit.platform.engine.support.hierarchical.ThrowableCollector.execute(ThrowableCollector.java:73)
	at org.junit.platform.engine.support.hierarchical.NodeTestTask.lambda$executeRecursively$8(NodeTestTask.java:141)
	at org.junit.platform.engine.support.hierarchical.Node.around(Node.java:137)
	at org.junit.platform.engine.support.hierarchical.NodeTestTask.lambda$executeRecursively$9(NodeTestTask.java:139)
	at org.junit.platform.engine.support.hierarchical.ThrowableCollector.execute(ThrowableCollector.java:73)
	at org.junit.platform.engine.support.hierarchical.NodeTestTask.executeRecursively(NodeTestTask.java:138)
	at org.junit.platform.engine.support.hierarchical.NodeTestTask.execute(NodeTestTask.java:95)
	at java.base/java.util.ArrayList.forEach(ArrayList.java:1596)
	at org.junit.platform.engine.support.hierarchical.SameThreadHierarchicalTestExecutorService.invokeAll(SameThreadHierarchicalTestExecutorService.java:41)
	at org.junit.platform.engine.support.hierarchical.NodeTestTask.lambda$executeRecursively$6(NodeTestTask.java:155)
	at org.junit.platform.engine.support.hierarchical.ThrowableCollector.execute(ThrowableCollector.java:73)
	at org.junit.platform.engine.support.hierarchical.NodeTestTask.lambda$executeRecursively$8(NodeTestTask.java:141)
	at org.junit.platform.engine.support.hierarchical.Node.around(Node.java:137)
	at org.junit.platform.engine.support.hierarchical.NodeTestTask.lambda$executeRecursively$9(NodeTestTask.java:139)
	at org.junit.platform.engine.support.hierarchical.ThrowableCollector.execute(ThrowableCollector.java:73)
	at org.junit.platform.engine.support.hierarchical.NodeTestTask.executeRecursively(NodeTestTask.java:138)
	at org.junit.platform.engine.support.hierarchical.NodeTestTask.execute(NodeTestTask.java:95)
	at org.junit.platform.engine.support.hierarchical.SameThreadHierarchicalTestExecutorService.submit(SameThreadHierarchicalTestExecutorService.java:35)
	at org.junit.platform.engine.support.hierarchical.HierarchicalTestExecutor.execute(HierarchicalTestExecutor.java:57)
	at org.junit.platform.engine.support.hierarchical.HierarchicalTestEngine.execute(HierarchicalTestEngine.java:54)
	at org.junit.platform.launcher.core.EngineExecutionOrchestrator.execute(EngineExecutionOrchestrator.java:198)
	at org.junit.platform.launcher.core.EngineExecutionOrchestrator.execute(EngineExecutionOrchestrator.java:169)
	at org.junit.platform.launcher.core.EngineExecutionOrchestrator.execute(EngineExecutionOrchestrator.java:93)
	at org.junit.platform.launcher.core.EngineExecutionOrchestrator.lambda$execute$0(EngineExecutionOrchestrator.java:58)
	at org.junit.platform.launcher.core.EngineExecutionOrchestrator.withInterceptedStreams(EngineExecutionOrchestrator.java:141)
	at org.junit.platform.launcher.core.EngineExecutionOrchestrator.execute(EngineExecutionOrchestrator.java:57)
	at org.junit.platform.launcher.core.DefaultLauncher.execute(DefaultLauncher.java:103)
	at org.junit.platform.launcher.core.DefaultLauncher.execute(DefaultLauncher.java:85)
	at org.junit.platform.launcher.core.DelegatingLauncher.execute(DelegatingLauncher.java:47)
	at org.junit.platform.launcher.core.SessionPerRequestLauncher.execute(SessionPerRequestLauncher.java:63)
	at com.intellij.junit5.JUnit5IdeaTestRunner.startRunnerWithArgs(JUnit5IdeaTestRunner.java:57)
	at com.intellij.rt.junit.IdeaTestRunner$Repeater$1.execute(IdeaTestRunner.java:38)
	at com.intellij.rt.execution.junit.TestsRepeater.repeat(TestsRepeater.java:11)
	at com.intellij.rt.junit.IdeaTestRunner$Repeater.startRunnerWithArgs(IdeaTestRunner.java:35)
	at com.intellij.rt.junit.JUnitStarter.prepareStreamsAndStart(JUnitStarter.java:232)
	at com.intellij.rt.junit.JUnitStarter.main(JUnitStarter.java:55)
Caused by: org.openqa.selenium.ElementClickInterceptedException: element click intercepted: Element <mat-select role="combobox" aria-haspopup="listbox" class="mat-mdc-select primary-control ng-tns-c1073613477-26 mat-mdc-select-empty mat-mdc-select-multiple ng-untouched ng-pristine ng-valid ng-star-inserted" aria-labelledby="mat-select-value-7" id="mat-select-7" tabindex="0" aria-expanded="false" aria-required="false" aria-disabled="false" aria-invalid="false">...</mat-select> is not clickable at point (850, 934). Other element would receive the click: <mat-label>...</mat-label>
  (Session info: chrome=131.0.6778.265)
Build info: version: '4.27.0', revision: 'd6e718d134'
System info: os.name: 'Windows 11', os.arch: 'amd64', os.version: '10.0', java.version: '21.0.3'
Driver info: org.openqa.selenium.chrome.ChromeDriver
Command: [11337ea394e6ff5515632d5cdf655c3b, clickElement {id=f.37ABAB7C5BC52BC5A831BC8DCFDCD2DA.d.3B07E4E622A8F23F85638A08CE3B11C1.e.205}]
Capabilities {acceptInsecureCerts: false, browserName: chrome, browserVersion: 131.0.6778.265, chrome: {chromedriverVersion: 131.0.6778.264 (2d05e315153..., userDataDir: C:\Users\INGRID~1.ZAD\AppDa...}, fedcm:accounts: true, goog:chromeOptions: {debuggerAddress: localhost:56657}, networkConnectionEnabled: false, pageLoadStrategy: normal, platformName: windows, proxy: Proxy(), se:cdp: ws://localhost:56657/devtoo..., se:cdpVersion: 131.0.6778.265, setWindowRect: true, strictFileInteractability: false, timeouts: {implicit: 0, pageLoad: 300000, script: 30000}, unhandledPromptBehavior: dismiss and notify, webauthn:extension:credBlob: true, webauthn:extension:largeBlob: true, webauthn:extension:minPinLength: true, webauthn:extension:prf: true, webauthn:virtualAuthenticators: true}
Element: [[ChromeDriver: chrome on windows (11337ea394e6ff5515632d5cdf655c3b)] -> xpath: //mat-label[contains(text(), 'Projekto teikėjo planuojama vykdyti veikla, kuriai prašoma subsidija, kodas pagal EVRK')]/ancestor::mat-form-field//mat-select]
Session ID: 11337ea394e6ff5515632d5cdf655c3b
	at java.base/jdk.internal.reflect.DirectConstructorHandleAccessor.newInstance(DirectConstructorHandleAccessor.java:62)
	at java.base/java.lang.reflect.Constructor.newInstanceWithCaller(Constructor.java:502)
	at java.base/java.lang.reflect.Constructor.newInstance(Constructor.java:486)
	at org.openqa.selenium.remote.ErrorCodec.decode(ErrorCodec.java:167)
	at org.openqa.selenium.remote.codec.w3c.W3CHttpResponseCodec.decode(W3CHttpResponseCodec.java:138)
	at org.openqa.selenium.remote.codec.w3c.W3CHttpResponseCodec.decode(W3CHttpResponseCodec.java:50)
	at org.openqa.selenium.remote.HttpCommandExecutor.execute(HttpCommandExecutor.java:190)
	at org.openqa.selenium.remote.service.DriverCommandExecutor.invokeExecute(DriverCommandExecutor.java:216)
	at org.openqa.selenium.remote.service.DriverCommandExecutor.execute(DriverCommandExecutor.java:174)
	at org.openqa.selenium.remote.RemoteWebDriver.execute(RemoteWebDriver.java:545)
	at org.openqa.selenium.remote.RemoteWebElement.execute(RemoteWebElement.java:223)
	at org.openqa.selenium.remote.RemoteWebElement.click(RemoteWebElement.java:76)
	at java.base/jdk.internal.reflect.DirectMethodHandleAccessor.invoke(DirectMethodHandleAccessor.java:103)
	at java.base/java.lang.reflect.Method.invoke(Method.java:580)
	at org.openqa.selenium.support.pagefactory.internal.LocatingElementHandler.invoke(LocatingElementHandler.java:51)
	at jdk.proxy2/jdk.proxy2.$Proxy14.click(Unknown Source)
	at lt.insoft.uztis.pages.SubmittedApplicationsPage.selectValueByListEVRK(SubmittedApplicationsPage.java:143)
	... 69 common frames omitted
2025-01-22 11:07:22 [main] INFO  l.insoft.uztis.tests.utils.TestUtils - Screenshot moved to C:\Users\ingrida.zadorozniene\Desktop\Asm\UZTIS\UZTIS_tests\test-output\screenshots\20250122\110722626_testFillNewApplication().png
2025-01-22 11:11:58 [main] INFO  lt.insoft.uztis.tests.UztisPageTest - Navigated to https://uztisdev.asseco.lt/home
2025-01-22 11:11:58 [main] INFO  l.i.u.t.SubmittedApplicationsPageTest - Starting test:'testFillNewApplication'
2025-01-22 11:11:59 [main] DEBUG l.i.u.t.SubmittedApplicationsPageTest - User logged in with test credentials
2025-01-22 11:11:59 [main] DEBUG l.i.u.t.SubmittedApplicationsPageTest - Opened 'Application Processing' menu.
2025-01-22 11:11:59 [main] DEBUG l.i.u.t.SubmittedApplicationsPageTest - Clicked on 'Application Forms' menu.
2025-01-22 11:12:00 [main] DEBUG l.i.u.t.SubmittedApplicationsPageTest - Retrieved last description code text: 'TST-VUI-81'.
2025-01-22 11:12:00 [main] DEBUG l.i.u.t.SubmittedApplicationsPageTest - Clicked on 'Invitation' menu.
2025-01-22 11:12:01 [main] DEBUG l.i.u.t.SubmittedApplicationsPageTest - Selected application section by code: 'TST-VUI-81'.
2025-01-22 11:12:01 [main] DEBUG l.i.u.t.SubmittedApplicationsPageTest - Clicked 'Search' button.
2025-01-22 11:12:01 [main] DEBUG l.i.u.t.SubmittedApplicationsPageTest - Retrieved invitation code: ''.
2025-01-22 11:12:01 [main] DEBUG l.i.u.t.SubmittedApplicationsPageTest - Clicked on 'Submitted Applications' menu.
2025-01-22 11:12:01 [main] ERROR l.i.u.p.SubmittedApplicationsPage - Failed to select value in dropdown: Option with text 'TST-VUI-81' not found in dropdown!
2025-01-22 11:12:01 [main] ERROR l.i.u.t.SubmittedApplicationsPageTest - Test 'testFillNewApplication' failed with error: Option with text 'TST-VUI-81' not found in dropdown!
java.lang.RuntimeException: Option with text 'TST-VUI-81' not found in dropdown!
	at lt.insoft.uztis.pages.SubmittedApplicationsPage.lambda$selectValueFromInvitation$1(SubmittedApplicationsPage.java:91)
	at java.base/java.util.Optional.orElseThrow(Optional.java:403)
	at lt.insoft.uztis.pages.SubmittedApplicationsPage.selectValueFromInvitation(SubmittedApplicationsPage.java:91)
	at lt.insoft.uztis.tests.SubmittedApplicationsPageTest.getAndInsertInvitationCodeText(SubmittedApplicationsPageTest.java:61)
	at lt.insoft.uztis.tests.SubmittedApplicationsPageTest.testFillNewApplication(SubmittedApplicationsPageTest.java:135)
	at java.base/jdk.internal.reflect.DirectMethodHandleAccessor.invoke(DirectMethodHandleAccessor.java:103)
	at java.base/java.lang.reflect.Method.invoke(Method.java:580)
	at org.junit.platform.commons.util.ReflectionUtils.invokeMethod(ReflectionUtils.java:728)
	at org.junit.jupiter.engine.execution.MethodInvocation.proceed(MethodInvocation.java:60)
	at org.junit.jupiter.engine.execution.InvocationInterceptorChain$ValidatingInvocation.proceed(InvocationInterceptorChain.java:131)
	at org.junit.jupiter.engine.extension.TimeoutExtension.intercept(TimeoutExtension.java:156)
	at org.junit.jupiter.engine.extension.TimeoutExtension.interceptTestableMethod(TimeoutExtension.java:147)
	at org.junit.jupiter.engine.extension.TimeoutExtension.interceptTestMethod(TimeoutExtension.java:86)
	at org.junit.jupiter.engine.execution.InterceptingExecutableInvoker$ReflectiveInterceptorCall.lambda$ofVoidMethod$0(InterceptingExecutableInvoker.java:103)
	at org.junit.jupiter.engine.execution.InterceptingExecutableInvoker.lambda$invoke$0(InterceptingExecutableInvoker.java:93)
	at org.junit.jupiter.engine.execution.InvocationInterceptorChain$InterceptedInvocation.proceed(InvocationInterceptorChain.java:106)
	at org.junit.jupiter.engine.execution.InvocationInterceptorChain.proceed(InvocationInterceptorChain.java:64)
	at org.junit.jupiter.engine.execution.InvocationInterceptorChain.chainAndInvoke(InvocationInterceptorChain.java:45)
	at org.junit.jupiter.engine.execution.InvocationInterceptorChain.invoke(InvocationInterceptorChain.java:37)
	at org.junit.jupiter.engine.execution.InterceptingExecutableInvoker.invoke(InterceptingExecutableInvoker.java:92)
	at org.junit.jupiter.engine.execution.InterceptingExecutableInvoker.invoke(InterceptingExecutableInvoker.java:86)
	at org.junit.jupiter.engine.descriptor.TestMethodTestDescriptor.lambda$invokeTestMethod$7(TestMethodTestDescriptor.java:218)
	at org.junit.platform.engine.support.hierarchical.ThrowableCollector.execute(ThrowableCollector.java:73)
	at org.junit.jupiter.engine.descriptor.TestMethodTestDescriptor.invokeTestMethod(TestMethodTestDescriptor.java:214)
	at org.junit.jupiter.engine.descriptor.TestMethodTestDescriptor.execute(TestMethodTestDescriptor.java:139)
	at org.junit.jupiter.engine.descriptor.TestMethodTestDescriptor.execute(TestMethodTestDescriptor.java:69)
	at org.junit.platform.engine.support.hierarchical.NodeTestTask.lambda$executeRecursively$6(NodeTestTask.java:151)
	at org.junit.platform.engine.support.hierarchical.ThrowableCollector.execute(ThrowableCollector.java:73)
	at org.junit.platform.engine.support.hierarchical.NodeTestTask.lambda$executeRecursively$8(NodeTestTask.java:141)
	at org.junit.platform.engine.support.hierarchical.Node.around(Node.java:137)
	at org.junit.platform.engine.support.hierarchical.NodeTestTask.lambda$executeRecursively$9(NodeTestTask.java:139)
	at org.junit.platform.engine.support.hierarchical.ThrowableCollector.execute(ThrowableCollector.java:73)
	at org.junit.platform.engine.support.hierarchical.NodeTestTask.executeRecursively(NodeTestTask.java:138)
	at org.junit.platform.engine.support.hierarchical.NodeTestTask.execute(NodeTestTask.java:95)
	at java.base/java.util.ArrayList.forEach(ArrayList.java:1596)
	at org.junit.platform.engine.support.hierarchical.SameThreadHierarchicalTestExecutorService.invokeAll(SameThreadHierarchicalTestExecutorService.java:41)
	at org.junit.platform.engine.support.hierarchical.NodeTestTask.lambda$executeRecursively$6(NodeTestTask.java:155)
	at org.junit.platform.engine.support.hierarchical.ThrowableCollector.execute(ThrowableCollector.java:73)
	at org.junit.platform.engine.support.hierarchical.NodeTestTask.lambda$executeRecursively$8(NodeTestTask.java:141)
	at org.junit.platform.engine.support.hierarchical.Node.around(Node.java:137)
	at org.junit.platform.engine.support.hierarchical.NodeTestTask.lambda$executeRecursively$9(NodeTestTask.java:139)
	at org.junit.platform.engine.support.hierarchical.ThrowableCollector.execute(ThrowableCollector.java:73)
	at org.junit.platform.engine.support.hierarchical.NodeTestTask.executeRecursively(NodeTestTask.java:138)
	at org.junit.platform.engine.support.hierarchical.NodeTestTask.execute(NodeTestTask.java:95)
	at java.base/java.util.ArrayList.forEach(ArrayList.java:1596)
	at org.junit.platform.engine.support.hierarchical.SameThreadHierarchicalTestExecutorService.invokeAll(SameThreadHierarchicalTestExecutorService.java:41)
	at org.junit.platform.engine.support.hierarchical.NodeTestTask.lambda$executeRecursively$6(NodeTestTask.java:155)
	at org.junit.platform.engine.support.hierarchical.ThrowableCollector.execute(ThrowableCollector.java:73)
	at org.junit.platform.engine.support.hierarchical.NodeTestTask.lambda$executeRecursively$8(NodeTestTask.java:141)
	at org.junit.platform.engine.support.hierarchical.Node.around(Node.java:137)
	at org.junit.platform.engine.support.hierarchical.NodeTestTask.lambda$executeRecursively$9(NodeTestTask.java:139)
	at org.junit.platform.engine.support.hierarchical.ThrowableCollector.execute(ThrowableCollector.java:73)
	at org.junit.platform.engine.support.hierarchical.NodeTestTask.executeRecursively(NodeTestTask.java:138)
	at org.junit.platform.engine.support.hierarchical.NodeTestTask.execute(NodeTestTask.java:95)
	at org.junit.platform.engine.support.hierarchical.SameThreadHierarchicalTestExecutorService.submit(SameThreadHierarchicalTestExecutorService.java:35)
	at org.junit.platform.engine.support.hierarchical.HierarchicalTestExecutor.execute(HierarchicalTestExecutor.java:57)
	at org.junit.platform.engine.support.hierarchical.HierarchicalTestEngine.execute(HierarchicalTestEngine.java:54)
	at org.junit.platform.launcher.core.EngineExecutionOrchestrator.execute(EngineExecutionOrchestrator.java:198)
	at org.junit.platform.launcher.core.EngineExecutionOrchestrator.execute(EngineExecutionOrchestrator.java:169)
	at org.junit.platform.launcher.core.EngineExecutionOrchestrator.execute(EngineExecutionOrchestrator.java:93)
	at org.junit.platform.launcher.core.EngineExecutionOrchestrator.lambda$execute$0(EngineExecutionOrchestrator.java:58)
	at org.junit.platform.launcher.core.EngineExecutionOrchestrator.withInterceptedStreams(EngineExecutionOrchestrator.java:141)
	at org.junit.platform.launcher.core.EngineExecutionOrchestrator.execute(EngineExecutionOrchestrator.java:57)
	at org.junit.platform.launcher.core.DefaultLauncher.execute(DefaultLauncher.java:103)
	at org.junit.platform.launcher.core.DefaultLauncher.execute(DefaultLauncher.java:85)
	at org.junit.platform.launcher.core.DelegatingLauncher.execute(DelegatingLauncher.java:47)
	at org.junit.platform.launcher.core.SessionPerRequestLauncher.execute(SessionPerRequestLauncher.java:63)
	at com.intellij.junit5.JUnit5IdeaTestRunner.startRunnerWithArgs(JUnit5IdeaTestRunner.java:57)
	at com.intellij.rt.junit.IdeaTestRunner$Repeater$1.execute(IdeaTestRunner.java:38)
	at com.intellij.rt.execution.junit.TestsRepeater.repeat(TestsRepeater.java:11)
	at com.intellij.rt.junit.IdeaTestRunner$Repeater.startRunnerWithArgs(IdeaTestRunner.java:35)
	at com.intellij.rt.junit.JUnitStarter.prepareStreamsAndStart(JUnitStarter.java:232)
	at com.intellij.rt.junit.JUnitStarter.main(JUnitStarter.java:55)
2025-01-22 11:12:01 [main] INFO  l.insoft.uztis.tests.utils.TestUtils - Screenshot moved to C:\Users\ingrida.zadorozniene\Desktop\Asm\UZTIS\UZTIS_tests\test-output\screenshots\20250122\111201570_testFillNewApplication().png
2025-01-22 11:12:25 [main] INFO  lt.insoft.uztis.tests.UztisPageTest - Navigated to https://uztisdev.asseco.lt/home
2025-01-22 11:12:25 [main] INFO  l.i.u.t.SubmittedApplicationsPageTest - Starting test:'testFillNewApplication'
2025-01-22 11:12:25 [main] DEBUG l.i.u.t.SubmittedApplicationsPageTest - User logged in with test credentials
2025-01-22 11:12:25 [main] DEBUG l.i.u.t.SubmittedApplicationsPageTest - Opened 'Application Processing' menu.
2025-01-22 11:12:26 [main] DEBUG l.i.u.t.SubmittedApplicationsPageTest - Clicked on 'Application Forms' menu.
2025-01-22 11:12:27 [main] DEBUG l.i.u.t.SubmittedApplicationsPageTest - Retrieved last description code text: 'TST-VUI-81'.
2025-01-22 11:12:27 [main] DEBUG l.i.u.t.SubmittedApplicationsPageTest - Clicked on 'Invitation' menu.
2025-01-22 11:12:28 [main] DEBUG l.i.u.t.SubmittedApplicationsPageTest - Selected application section by code: 'TST-VUI-81'.
2025-01-22 11:12:28 [main] DEBUG l.i.u.t.SubmittedApplicationsPageTest - Clicked 'Search' button.
2025-01-22 11:12:28 [main] DEBUG l.i.u.t.SubmittedApplicationsPageTest - Retrieved invitation code: ''.
2025-01-22 11:12:28 [main] DEBUG l.i.u.t.SubmittedApplicationsPageTest - Clicked on 'Submitted Applications' menu.
2025-01-22 11:12:29 [main] DEBUG l.i.u.t.SubmittedApplicationsPageTest - Selected invitation by code: 'TST-VUI-81'.
2025-01-22 11:12:29 [main] DEBUG l.i.u.t.SubmittedApplicationsPageTest - Clicked on 'Action Application' button.
2025-01-22 11:12:29 [main] DEBUG l.i.u.t.SubmittedApplicationsPageTest - Clicked on 'New Application' button.
2025-01-22 11:12:30 [main] DEBUG l.i.u.t.SubmittedApplicationsPageTest - Clicked on 'RadioButtonFA' button.
2025-01-22 11:12:30 [main] DEBUG l.i.u.t.SubmittedApplicationsPageTest - Entered phone number into the input field.
2025-01-22 11:12:30 [main] DEBUG l.i.u.t.SubmittedApplicationsPageTest - Entered eMail into the input field.
2025-01-22 11:12:30 [main] INFO  l.i.u.p.SubmittedApplicationsPage - Located the dropdown button.
2025-01-22 11:12:31 [main] ERROR l.i.u.p.SubmittedApplicationsPage - Error selecting value from the list: element click intercepted: Element <mat-select role="combobox" aria-haspopup="listbox" class="mat-mdc-select primary-control ng-tns-c1073613477-26 mat-mdc-select-empty mat-mdc-select-multiple ng-untouched ng-pristine ng-valid ng-star-inserted" aria-labelledby="mat-select-value-7" id="mat-select-7" tabindex="0" aria-expanded="false" aria-required="false" aria-disabled="false" aria-invalid="false">...</mat-select> is not clickable at point (850, 934). Other element would receive the click: <mat-label>...</mat-label>
  (Session info: chrome=131.0.6778.265)
Build info: version: '4.27.0', revision: 'd6e718d134'
System info: os.name: 'Windows 11', os.arch: 'amd64', os.version: '10.0', java.version: '21.0.3'
Driver info: org.openqa.selenium.chrome.ChromeDriver
Command: [45e296d80b4f6a54bb900a427226e389, clickElement {id=f.A17E39C658DE297D89BB53188607AD52.d.A01E614F95366F78221A5D31CC5B76B1.e.209}]
Capabilities {acceptInsecureCerts: false, browserName: chrome, browserVersion: 131.0.6778.265, chrome: {chromedriverVersion: 131.0.6778.264 (2d05e315153..., userDataDir: C:\Users\INGRID~1.ZAD\AppDa...}, fedcm:accounts: true, goog:chromeOptions: {debuggerAddress: localhost:56852}, networkConnectionEnabled: false, pageLoadStrategy: normal, platformName: windows, proxy: Proxy(), se:cdp: ws://localhost:56852/devtoo..., se:cdpVersion: 131.0.6778.265, setWindowRect: true, strictFileInteractability: false, timeouts: {implicit: 0, pageLoad: 300000, script: 30000}, unhandledPromptBehavior: dismiss and notify, webauthn:extension:credBlob: true, webauthn:extension:largeBlob: true, webauthn:extension:minPinLength: true, webauthn:extension:prf: true, webauthn:virtualAuthenticators: true}
Element: [[ChromeDriver: chrome on windows (45e296d80b4f6a54bb900a427226e389)] -> xpath: //mat-label[contains(text(), 'Projekto teikėjo planuojama vykdyti veikla, kuriai prašoma subsidija, kodas pagal EVRK')]/ancestor::mat-form-field//mat-select]
Session ID: 45e296d80b4f6a54bb900a427226e389
2025-01-22 11:12:31 [main] ERROR l.i.u.t.SubmittedApplicationsPageTest - Test 'testFillNewApplication' failed with error: Failed to select from the list
java.lang.RuntimeException: Failed to select from the list
	at lt.insoft.uztis.pages.SubmittedApplicationsPage.selectValueByListEVRK(SubmittedApplicationsPage.java:174)
	at lt.insoft.uztis.tests.SubmittedApplicationsPageTest.testFillNewApplication(SubmittedApplicationsPageTest.java:156)
	at java.base/jdk.internal.reflect.DirectMethodHandleAccessor.invoke(DirectMethodHandleAccessor.java:103)
	at java.base/java.lang.reflect.Method.invoke(Method.java:580)
	at org.junit.platform.commons.util.ReflectionUtils.invokeMethod(ReflectionUtils.java:728)
	at org.junit.jupiter.engine.execution.MethodInvocation.proceed(MethodInvocation.java:60)
	at org.junit.jupiter.engine.execution.InvocationInterceptorChain$ValidatingInvocation.proceed(InvocationInterceptorChain.java:131)
	at org.junit.jupiter.engine.extension.TimeoutExtension.intercept(TimeoutExtension.java:156)
	at org.junit.jupiter.engine.extension.TimeoutExtension.interceptTestableMethod(TimeoutExtension.java:147)
	at org.junit.jupiter.engine.extension.TimeoutExtension.interceptTestMethod(TimeoutExtension.java:86)
	at org.junit.jupiter.engine.execution.InterceptingExecutableInvoker$ReflectiveInterceptorCall.lambda$ofVoidMethod$0(InterceptingExecutableInvoker.java:103)
	at org.junit.jupiter.engine.execution.InterceptingExecutableInvoker.lambda$invoke$0(InterceptingExecutableInvoker.java:93)
	at org.junit.jupiter.engine.execution.InvocationInterceptorChain$InterceptedInvocation.proceed(InvocationInterceptorChain.java:106)
	at org.junit.jupiter.engine.execution.InvocationInterceptorChain.proceed(InvocationInterceptorChain.java:64)
	at org.junit.jupiter.engine.execution.InvocationInterceptorChain.chainAndInvoke(InvocationInterceptorChain.java:45)
	at org.junit.jupiter.engine.execution.InvocationInterceptorChain.invoke(InvocationInterceptorChain.java:37)
	at org.junit.jupiter.engine.execution.InterceptingExecutableInvoker.invoke(InterceptingExecutableInvoker.java:92)
	at org.junit.jupiter.engine.execution.InterceptingExecutableInvoker.invoke(InterceptingExecutableInvoker.java:86)
	at org.junit.jupiter.engine.descriptor.TestMethodTestDescriptor.lambda$invokeTestMethod$7(TestMethodTestDescriptor.java:218)
	at org.junit.platform.engine.support.hierarchical.ThrowableCollector.execute(ThrowableCollector.java:73)
	at org.junit.jupiter.engine.descriptor.TestMethodTestDescriptor.invokeTestMethod(TestMethodTestDescriptor.java:214)
	at org.junit.jupiter.engine.descriptor.TestMethodTestDescriptor.execute(TestMethodTestDescriptor.java:139)
	at org.junit.jupiter.engine.descriptor.TestMethodTestDescriptor.execute(TestMethodTestDescriptor.java:69)
	at org.junit.platform.engine.support.hierarchical.NodeTestTask.lambda$executeRecursively$6(NodeTestTask.java:151)
	at org.junit.platform.engine.support.hierarchical.ThrowableCollector.execute(ThrowableCollector.java:73)
	at org.junit.platform.engine.support.hierarchical.NodeTestTask.lambda$executeRecursively$8(NodeTestTask.java:141)
	at org.junit.platform.engine.support.hierarchical.Node.around(Node.java:137)
	at org.junit.platform.engine.support.hierarchical.NodeTestTask.lambda$executeRecursively$9(NodeTestTask.java:139)
	at org.junit.platform.engine.support.hierarchical.ThrowableCollector.execute(ThrowableCollector.java:73)
	at org.junit.platform.engine.support.hierarchical.NodeTestTask.executeRecursively(NodeTestTask.java:138)
	at org.junit.platform.engine.support.hierarchical.NodeTestTask.execute(NodeTestTask.java:95)
	at java.base/java.util.ArrayList.forEach(ArrayList.java:1596)
	at org.junit.platform.engine.support.hierarchical.SameThreadHierarchicalTestExecutorService.invokeAll(SameThreadHierarchicalTestExecutorService.java:41)
	at org.junit.platform.engine.support.hierarchical.NodeTestTask.lambda$executeRecursively$6(NodeTestTask.java:155)
	at org.junit.platform.engine.support.hierarchical.ThrowableCollector.execute(ThrowableCollector.java:73)
	at org.junit.platform.engine.support.hierarchical.NodeTestTask.lambda$executeRecursively$8(NodeTestTask.java:141)
	at org.junit.platform.engine.support.hierarchical.Node.around(Node.java:137)
	at org.junit.platform.engine.support.hierarchical.NodeTestTask.lambda$executeRecursively$9(NodeTestTask.java:139)
	at org.junit.platform.engine.support.hierarchical.ThrowableCollector.execute(ThrowableCollector.java:73)
	at org.junit.platform.engine.support.hierarchical.NodeTestTask.executeRecursively(NodeTestTask.java:138)
	at org.junit.platform.engine.support.hierarchical.NodeTestTask.execute(NodeTestTask.java:95)
	at java.base/java.util.ArrayList.forEach(ArrayList.java:1596)
	at org.junit.platform.engine.support.hierarchical.SameThreadHierarchicalTestExecutorService.invokeAll(SameThreadHierarchicalTestExecutorService.java:41)
	at org.junit.platform.engine.support.hierarchical.NodeTestTask.lambda$executeRecursively$6(NodeTestTask.java:155)
	at org.junit.platform.engine.support.hierarchical.ThrowableCollector.execute(ThrowableCollector.java:73)
	at org.junit.platform.engine.support.hierarchical.NodeTestTask.lambda$executeRecursively$8(NodeTestTask.java:141)
	at org.junit.platform.engine.support.hierarchical.Node.around(Node.java:137)
	at org.junit.platform.engine.support.hierarchical.NodeTestTask.lambda$executeRecursively$9(NodeTestTask.java:139)
	at org.junit.platform.engine.support.hierarchical.ThrowableCollector.execute(ThrowableCollector.java:73)
	at org.junit.platform.engine.support.hierarchical.NodeTestTask.executeRecursively(NodeTestTask.java:138)
	at org.junit.platform.engine.support.hierarchical.NodeTestTask.execute(NodeTestTask.java:95)
	at org.junit.platform.engine.support.hierarchical.SameThreadHierarchicalTestExecutorService.submit(SameThreadHierarchicalTestExecutorService.java:35)
	at org.junit.platform.engine.support.hierarchical.HierarchicalTestExecutor.execute(HierarchicalTestExecutor.java:57)
	at org.junit.platform.engine.support.hierarchical.HierarchicalTestEngine.execute(HierarchicalTestEngine.java:54)
	at org.junit.platform.launcher.core.EngineExecutionOrchestrator.execute(EngineExecutionOrchestrator.java:198)
	at org.junit.platform.launcher.core.EngineExecutionOrchestrator.execute(EngineExecutionOrchestrator.java:169)
	at org.junit.platform.launcher.core.EngineExecutionOrchestrator.execute(EngineExecutionOrchestrator.java:93)
	at org.junit.platform.launcher.core.EngineExecutionOrchestrator.lambda$execute$0(EngineExecutionOrchestrator.java:58)
	at org.junit.platform.launcher.core.EngineExecutionOrchestrator.withInterceptedStreams(EngineExecutionOrchestrator.java:141)
	at org.junit.platform.launcher.core.EngineExecutionOrchestrator.execute(EngineExecutionOrchestrator.java:57)
	at org.junit.platform.launcher.core.DefaultLauncher.execute(DefaultLauncher.java:103)
	at org.junit.platform.launcher.core.DefaultLauncher.execute(DefaultLauncher.java:85)
	at org.junit.platform.launcher.core.DelegatingLauncher.execute(DelegatingLauncher.java:47)
	at org.junit.platform.launcher.core.SessionPerRequestLauncher.execute(SessionPerRequestLauncher.java:63)
	at com.intellij.junit5.JUnit5IdeaTestRunner.startRunnerWithArgs(JUnit5IdeaTestRunner.java:57)
	at com.intellij.rt.junit.IdeaTestRunner$Repeater$1.execute(IdeaTestRunner.java:38)
	at com.intellij.rt.execution.junit.TestsRepeater.repeat(TestsRepeater.java:11)
	at com.intellij.rt.junit.IdeaTestRunner$Repeater.startRunnerWithArgs(IdeaTestRunner.java:35)
	at com.intellij.rt.junit.JUnitStarter.prepareStreamsAndStart(JUnitStarter.java:232)
	at com.intellij.rt.junit.JUnitStarter.main(JUnitStarter.java:55)
Caused by: org.openqa.selenium.ElementClickInterceptedException: element click intercepted: Element <mat-select role="combobox" aria-haspopup="listbox" class="mat-mdc-select primary-control ng-tns-c1073613477-26 mat-mdc-select-empty mat-mdc-select-multiple ng-untouched ng-pristine ng-valid ng-star-inserted" aria-labelledby="mat-select-value-7" id="mat-select-7" tabindex="0" aria-expanded="false" aria-required="false" aria-disabled="false" aria-invalid="false">...</mat-select> is not clickable at point (850, 934). Other element would receive the click: <mat-label>...</mat-label>
  (Session info: chrome=131.0.6778.265)
Build info: version: '4.27.0', revision: 'd6e718d134'
System info: os.name: 'Windows 11', os.arch: 'amd64', os.version: '10.0', java.version: '21.0.3'
Driver info: org.openqa.selenium.chrome.ChromeDriver
Command: [45e296d80b4f6a54bb900a427226e389, clickElement {id=f.A17E39C658DE297D89BB53188607AD52.d.A01E614F95366F78221A5D31CC5B76B1.e.209}]
Capabilities {acceptInsecureCerts: false, browserName: chrome, browserVersion: 131.0.6778.265, chrome: {chromedriverVersion: 131.0.6778.264 (2d05e315153..., userDataDir: C:\Users\INGRID~1.ZAD\AppDa...}, fedcm:accounts: true, goog:chromeOptions: {debuggerAddress: localhost:56852}, networkConnectionEnabled: false, pageLoadStrategy: normal, platformName: windows, proxy: Proxy(), se:cdp: ws://localhost:56852/devtoo..., se:cdpVersion: 131.0.6778.265, setWindowRect: true, strictFileInteractability: false, timeouts: {implicit: 0, pageLoad: 300000, script: 30000}, unhandledPromptBehavior: dismiss and notify, webauthn:extension:credBlob: true, webauthn:extension:largeBlob: true, webauthn:extension:minPinLength: true, webauthn:extension:prf: true, webauthn:virtualAuthenticators: true}
Element: [[ChromeDriver: chrome on windows (45e296d80b4f6a54bb900a427226e389)] -> xpath: //mat-label[contains(text(), 'Projekto teikėjo planuojama vykdyti veikla, kuriai prašoma subsidija, kodas pagal EVRK')]/ancestor::mat-form-field//mat-select]
Session ID: 45e296d80b4f6a54bb900a427226e389
	at java.base/jdk.internal.reflect.DirectConstructorHandleAccessor.newInstance(DirectConstructorHandleAccessor.java:62)
	at java.base/java.lang.reflect.Constructor.newInstanceWithCaller(Constructor.java:502)
	at java.base/java.lang.reflect.Constructor.newInstance(Constructor.java:486)
	at org.openqa.selenium.remote.ErrorCodec.decode(ErrorCodec.java:167)
	at org.openqa.selenium.remote.codec.w3c.W3CHttpResponseCodec.decode(W3CHttpResponseCodec.java:138)
	at org.openqa.selenium.remote.codec.w3c.W3CHttpResponseCodec.decode(W3CHttpResponseCodec.java:50)
	at org.openqa.selenium.remote.HttpCommandExecutor.execute(HttpCommandExecutor.java:190)
	at org.openqa.selenium.remote.service.DriverCommandExecutor.invokeExecute(DriverCommandExecutor.java:216)
	at org.openqa.selenium.remote.service.DriverCommandExecutor.execute(DriverCommandExecutor.java:174)
	at org.openqa.selenium.remote.RemoteWebDriver.execute(RemoteWebDriver.java:545)
	at org.openqa.selenium.remote.RemoteWebElement.execute(RemoteWebElement.java:223)
	at org.openqa.selenium.remote.RemoteWebElement.click(RemoteWebElement.java:76)
	at java.base/jdk.internal.reflect.DirectMethodHandleAccessor.invoke(DirectMethodHandleAccessor.java:103)
	at java.base/java.lang.reflect.Method.invoke(Method.java:580)
	at org.openqa.selenium.support.pagefactory.internal.LocatingElementHandler.invoke(LocatingElementHandler.java:51)
	at jdk.proxy2/jdk.proxy2.$Proxy14.click(Unknown Source)
	at lt.insoft.uztis.pages.SubmittedApplicationsPage.selectValueByListEVRK(SubmittedApplicationsPage.java:143)
	... 69 common frames omitted
2025-01-22 11:12:31 [main] INFO  l.insoft.uztis.tests.utils.TestUtils - Screenshot moved to C:\Users\ingrida.zadorozniene\Desktop\Asm\UZTIS\UZTIS_tests\test-output\screenshots\20250122\111231854_testFillNewApplication().png
2025-01-22 11:16:20 [main] INFO  lt.insoft.uztis.tests.UztisPageTest - Navigated to https://uztisdev.asseco.lt/home
2025-01-22 11:16:20 [main] INFO  l.i.u.t.SubmittedApplicationsPageTest - Starting test:'testFillNewApplication'
2025-01-22 11:16:21 [main] DEBUG l.i.u.t.SubmittedApplicationsPageTest - User logged in with test credentials
2025-01-22 11:16:21 [main] DEBUG l.i.u.t.SubmittedApplicationsPageTest - Opened 'Application Processing' menu.
2025-01-22 11:16:21 [main] DEBUG l.i.u.t.SubmittedApplicationsPageTest - Clicked on 'Application Forms' menu.
2025-01-22 11:16:21 [main] DEBUG l.i.u.t.SubmittedApplicationsPageTest - Retrieved last description code text: 'TST-VUI-81'.
2025-01-22 11:16:21 [main] DEBUG l.i.u.t.SubmittedApplicationsPageTest - Clicked on 'Invitation' menu.
2025-01-22 11:16:22 [main] DEBUG l.i.u.t.SubmittedApplicationsPageTest - Selected application section by code: 'TST-VUI-81'.
2025-01-22 11:16:22 [main] DEBUG l.i.u.t.SubmittedApplicationsPageTest - Clicked 'Search' button.
2025-01-22 11:16:22 [main] DEBUG l.i.u.t.SubmittedApplicationsPageTest - Retrieved invitation code: ''.
2025-01-22 11:16:22 [main] DEBUG l.i.u.t.SubmittedApplicationsPageTest - Clicked on 'Submitted Applications' menu.
2025-01-22 11:16:23 [main] DEBUG l.i.u.t.SubmittedApplicationsPageTest - Selected invitation by code: 'TST-VUI-81'.
2025-01-22 11:16:23 [main] DEBUG l.i.u.t.SubmittedApplicationsPageTest - Clicked on 'Action Application' button.
2025-01-22 11:16:24 [main] DEBUG l.i.u.t.SubmittedApplicationsPageTest - Clicked on 'New Application' button.
2025-01-22 11:16:24 [main] DEBUG l.i.u.t.SubmittedApplicationsPageTest - Clicked on 'RadioButtonFA' button.
2025-01-22 11:16:24 [main] DEBUG l.i.u.t.SubmittedApplicationsPageTest - Entered phone number into the input field.
2025-01-22 11:16:24 [main] DEBUG l.i.u.t.SubmittedApplicationsPageTest - Entered eMail into the input field.
2025-01-22 11:16:24 [main] INFO  l.i.u.p.SubmittedApplicationsPage - Located the dropdown button.
2025-01-22 11:16:34 [main] INFO  l.i.u.p.SubmittedApplicationsPage - Successfully selected the value: '01.11 - Grūdinių (išskyrus ryžius), ankštinių ir aliejingų sėklų augalų auginimas'
2025-01-22 11:16:44 [main] ERROR l.i.u.p.SubmittedApplicationsPage - Failed to close the dropdown with aria-expanded = 'false'.
2025-01-22 11:16:44 [main] DEBUG l.i.u.t.SubmittedApplicationsPageTest - Entered Address into the input field.
2025-01-22 11:16:44 [main] INFO  l.i.u.t.SubmittedApplicationsPageTest - Test 'testFillNewApplication' completed successfully.
2025-01-22 11:18:54 [main] INFO  lt.insoft.uztis.tests.UztisPageTest - Navigated to https://uztisdev.asseco.lt/home
2025-01-22 11:18:54 [main] INFO  l.i.u.t.SubmittedApplicationsPageTest - Starting test:'testFillNewApplication'
2025-01-22 11:18:54 [main] DEBUG l.i.u.t.SubmittedApplicationsPageTest - User logged in with test credentials
2025-01-22 11:18:55 [main] DEBUG l.i.u.t.SubmittedApplicationsPageTest - Opened 'Application Processing' menu.
2025-01-22 11:18:55 [main] DEBUG l.i.u.t.SubmittedApplicationsPageTest - Clicked on 'Application Forms' menu.
2025-01-22 11:18:55 [main] DEBUG l.i.u.t.SubmittedApplicationsPageTest - Retrieved last description code text: 'TST-VUI-81'.
2025-01-22 11:18:55 [main] DEBUG l.i.u.t.SubmittedApplicationsPageTest - Clicked on 'Invitation' menu.
2025-01-22 11:18:56 [main] DEBUG l.i.u.t.SubmittedApplicationsPageTest - Selected application section by code: 'TST-VUI-81'.
2025-01-22 11:18:56 [main] DEBUG l.i.u.t.SubmittedApplicationsPageTest - Clicked 'Search' button.
2025-01-22 11:18:56 [main] DEBUG l.i.u.t.SubmittedApplicationsPageTest - Retrieved invitation code: ''.
2025-01-22 11:18:56 [main] DEBUG l.i.u.t.SubmittedApplicationsPageTest - Clicked on 'Submitted Applications' menu.
2025-01-22 11:18:57 [main] DEBUG l.i.u.t.SubmittedApplicationsPageTest - Selected invitation by code: 'TST-VUI-81'.
2025-01-22 11:18:57 [main] DEBUG l.i.u.t.SubmittedApplicationsPageTest - Clicked on 'Action Application' button.
2025-01-22 11:18:57 [main] DEBUG l.i.u.t.SubmittedApplicationsPageTest - Clicked on 'New Application' button.
2025-01-22 11:18:58 [main] DEBUG l.i.u.t.SubmittedApplicationsPageTest - Clicked on 'RadioButtonFA' button.
2025-01-22 11:18:58 [main] DEBUG l.i.u.t.SubmittedApplicationsPageTest - Entered phone number into the input field.
2025-01-22 11:18:58 [main] DEBUG l.i.u.t.SubmittedApplicationsPageTest - Entered eMail into the input field.
2025-01-22 11:18:58 [main] INFO  l.i.u.p.SubmittedApplicationsPage - Located the dropdown button.
2025-01-22 11:19:16 [main] INFO  l.i.u.p.SubmittedApplicationsPage - Successfully selected the value: '01.11 - Grūdinių (išskyrus ryžius), ankštinių ir aliejingų sėklų augalų auginimas'
2025-01-22 11:19:27 [main] ERROR l.i.u.p.SubmittedApplicationsPage - Failed to close the dropdown with aria-expanded = 'false'. Attempting manual close.
2025-01-22 11:19:27 [main] ERROR l.i.u.p.SubmittedApplicationsPage - Error selecting value from the list: element not interactable: element has zero size
  (Session info: chrome=131.0.6778.265)
Build info: version: '4.27.0', revision: 'd6e718d134'
System info: os.name: 'Windows 11', os.arch: 'amd64', os.version: '10.0', java.version: '21.0.3'
Driver info: org.openqa.selenium.chrome.ChromeDriver
Command: [60cc11d10d5d4b2acef203fec1db69d4, clickElement {id=f.6784083863354EF428EA927DA3292834.d.77FC47C83C1973F9BEFA16D4F08F5B4E.e.1956}]
Capabilities {acceptInsecureCerts: false, browserName: chrome, browserVersion: 131.0.6778.265, chrome: {chromedriverVersion: 131.0.6778.264 (2d05e315153..., userDataDir: C:\Users\INGRID~1.ZAD\AppDa...}, fedcm:accounts: true, goog:chromeOptions: {debuggerAddress: localhost:57092}, networkConnectionEnabled: false, pageLoadStrategy: normal, platformName: windows, proxy: Proxy(), se:cdp: ws://localhost:57092/devtoo..., se:cdpVersion: 131.0.6778.265, setWindowRect: true, strictFileInteractability: false, timeouts: {implicit: 0, pageLoad: 300000, script: 30000}, unhandledPromptBehavior: dismiss and notify, webauthn:extension:credBlob: true, webauthn:extension:largeBlob: true, webauthn:extension:minPinLength: true, webauthn:extension:prf: true, webauthn:virtualAuthenticators: true}
Element: [[ChromeDriver: chrome on windows (60cc11d10d5d4b2acef203fec1db69d4)] -> tag name: body]
Session ID: 60cc11d10d5d4b2acef203fec1db69d4
2025-01-22 11:19:27 [main] ERROR l.i.u.t.SubmittedApplicationsPageTest - Test 'testFillNewApplication' failed with error: Failed to select from the list
java.lang.RuntimeException: Failed to select from the list
	at lt.insoft.uztis.pages.SubmittedApplicationsPage.selectValueByListEVRK(SubmittedApplicationsPage.java:223)
	at lt.insoft.uztis.tests.SubmittedApplicationsPageTest.testFillNewApplication(SubmittedApplicationsPageTest.java:156)
	at java.base/jdk.internal.reflect.DirectMethodHandleAccessor.invoke(DirectMethodHandleAccessor.java:103)
	at java.base/java.lang.reflect.Method.invoke(Method.java:580)
	at org.junit.platform.commons.util.ReflectionUtils.invokeMethod(ReflectionUtils.java:728)
	at org.junit.jupiter.engine.execution.MethodInvocation.proceed(MethodInvocation.java:60)
	at org.junit.jupiter.engine.execution.InvocationInterceptorChain$ValidatingInvocation.proceed(InvocationInterceptorChain.java:131)
	at org.junit.jupiter.engine.extension.TimeoutExtension.intercept(TimeoutExtension.java:156)
	at org.junit.jupiter.engine.extension.TimeoutExtension.interceptTestableMethod(TimeoutExtension.java:147)
	at org.junit.jupiter.engine.extension.TimeoutExtension.interceptTestMethod(TimeoutExtension.java:86)
	at org.junit.jupiter.engine.execution.InterceptingExecutableInvoker$ReflectiveInterceptorCall.lambda$ofVoidMethod$0(InterceptingExecutableInvoker.java:103)
	at org.junit.jupiter.engine.execution.InterceptingExecutableInvoker.lambda$invoke$0(InterceptingExecutableInvoker.java:93)
	at org.junit.jupiter.engine.execution.InvocationInterceptorChain$InterceptedInvocation.proceed(InvocationInterceptorChain.java:106)
	at org.junit.jupiter.engine.execution.InvocationInterceptorChain.proceed(InvocationInterceptorChain.java:64)
	at org.junit.jupiter.engine.execution.InvocationInterceptorChain.chainAndInvoke(InvocationInterceptorChain.java:45)
	at org.junit.jupiter.engine.execution.InvocationInterceptorChain.invoke(InvocationInterceptorChain.java:37)
	at org.junit.jupiter.engine.execution.InterceptingExecutableInvoker.invoke(InterceptingExecutableInvoker.java:92)
	at org.junit.jupiter.engine.execution.InterceptingExecutableInvoker.invoke(InterceptingExecutableInvoker.java:86)
	at org.junit.jupiter.engine.descriptor.TestMethodTestDescriptor.lambda$invokeTestMethod$7(TestMethodTestDescriptor.java:218)
	at org.junit.platform.engine.support.hierarchical.ThrowableCollector.execute(ThrowableCollector.java:73)
	at org.junit.jupiter.engine.descriptor.TestMethodTestDescriptor.invokeTestMethod(TestMethodTestDescriptor.java:214)
	at org.junit.jupiter.engine.descriptor.TestMethodTestDescriptor.execute(TestMethodTestDescriptor.java:139)
	at org.junit.jupiter.engine.descriptor.TestMethodTestDescriptor.execute(TestMethodTestDescriptor.java:69)
	at org.junit.platform.engine.support.hierarchical.NodeTestTask.lambda$executeRecursively$6(NodeTestTask.java:151)
	at org.junit.platform.engine.support.hierarchical.ThrowableCollector.execute(ThrowableCollector.java:73)
	at org.junit.platform.engine.support.hierarchical.NodeTestTask.lambda$executeRecursively$8(NodeTestTask.java:141)
	at org.junit.platform.engine.support.hierarchical.Node.around(Node.java:137)
	at org.junit.platform.engine.support.hierarchical.NodeTestTask.lambda$executeRecursively$9(NodeTestTask.java:139)
	at org.junit.platform.engine.support.hierarchical.ThrowableCollector.execute(ThrowableCollector.java:73)
	at org.junit.platform.engine.support.hierarchical.NodeTestTask.executeRecursively(NodeTestTask.java:138)
	at org.junit.platform.engine.support.hierarchical.NodeTestTask.execute(NodeTestTask.java:95)
	at java.base/java.util.ArrayList.forEach(ArrayList.java:1596)
	at org.junit.platform.engine.support.hierarchical.SameThreadHierarchicalTestExecutorService.invokeAll(SameThreadHierarchicalTestExecutorService.java:41)
	at org.junit.platform.engine.support.hierarchical.NodeTestTask.lambda$executeRecursively$6(NodeTestTask.java:155)
	at org.junit.platform.engine.support.hierarchical.ThrowableCollector.execute(ThrowableCollector.java:73)
	at org.junit.platform.engine.support.hierarchical.NodeTestTask.lambda$executeRecursively$8(NodeTestTask.java:141)
	at org.junit.platform.engine.support.hierarchical.Node.around(Node.java:137)
	at org.junit.platform.engine.support.hierarchical.NodeTestTask.lambda$executeRecursively$9(NodeTestTask.java:139)
	at org.junit.platform.engine.support.hierarchical.ThrowableCollector.execute(ThrowableCollector.java:73)
	at org.junit.platform.engine.support.hierarchical.NodeTestTask.executeRecursively(NodeTestTask.java:138)
	at org.junit.platform.engine.support.hierarchical.NodeTestTask.execute(NodeTestTask.java:95)
	at java.base/java.util.ArrayList.forEach(ArrayList.java:1596)
	at org.junit.platform.engine.support.hierarchical.SameThreadHierarchicalTestExecutorService.invokeAll(SameThreadHierarchicalTestExecutorService.java:41)
	at org.junit.platform.engine.support.hierarchical.NodeTestTask.lambda$executeRecursively$6(NodeTestTask.java:155)
	at org.junit.platform.engine.support.hierarchical.ThrowableCollector.execute(ThrowableCollector.java:73)
	at org.junit.platform.engine.support.hierarchical.NodeTestTask.lambda$executeRecursively$8(NodeTestTask.java:141)
	at org.junit.platform.engine.support.hierarchical.Node.around(Node.java:137)
	at org.junit.platform.engine.support.hierarchical.NodeTestTask.lambda$executeRecursively$9(NodeTestTask.java:139)
	at org.junit.platform.engine.support.hierarchical.ThrowableCollector.execute(ThrowableCollector.java:73)
	at org.junit.platform.engine.support.hierarchical.NodeTestTask.executeRecursively(NodeTestTask.java:138)
	at org.junit.platform.engine.support.hierarchical.NodeTestTask.execute(NodeTestTask.java:95)
	at org.junit.platform.engine.support.hierarchical.SameThreadHierarchicalTestExecutorService.submit(SameThreadHierarchicalTestExecutorService.java:35)
	at org.junit.platform.engine.support.hierarchical.HierarchicalTestExecutor.execute(HierarchicalTestExecutor.java:57)
	at org.junit.platform.engine.support.hierarchical.HierarchicalTestEngine.execute(HierarchicalTestEngine.java:54)
	at org.junit.platform.launcher.core.EngineExecutionOrchestrator.execute(EngineExecutionOrchestrator.java:198)
	at org.junit.platform.launcher.core.EngineExecutionOrchestrator.execute(EngineExecutionOrchestrator.java:169)
	at org.junit.platform.launcher.core.EngineExecutionOrchestrator.execute(EngineExecutionOrchestrator.java:93)
	at org.junit.platform.launcher.core.EngineExecutionOrchestrator.lambda$execute$0(EngineExecutionOrchestrator.java:58)
	at org.junit.platform.launcher.core.EngineExecutionOrchestrator.withInterceptedStreams(EngineExecutionOrchestrator.java:141)
	at org.junit.platform.launcher.core.EngineExecutionOrchestrator.execute(EngineExecutionOrchestrator.java:57)
	at org.junit.platform.launcher.core.DefaultLauncher.execute(DefaultLauncher.java:103)
	at org.junit.platform.launcher.core.DefaultLauncher.execute(DefaultLauncher.java:85)
	at org.junit.platform.launcher.core.DelegatingLauncher.execute(DelegatingLauncher.java:47)
	at org.junit.platform.launcher.core.SessionPerRequestLauncher.execute(SessionPerRequestLauncher.java:63)
	at com.intellij.junit5.JUnit5IdeaTestRunner.startRunnerWithArgs(JUnit5IdeaTestRunner.java:57)
	at com.intellij.rt.junit.IdeaTestRunner$Repeater$1.execute(IdeaTestRunner.java:38)
	at com.intellij.rt.execution.junit.TestsRepeater.repeat(TestsRepeater.java:11)
	at com.intellij.rt.junit.IdeaTestRunner$Repeater.startRunnerWithArgs(IdeaTestRunner.java:35)
	at com.intellij.rt.junit.JUnitStarter.prepareStreamsAndStart(JUnitStarter.java:232)
	at com.intellij.rt.junit.JUnitStarter.main(JUnitStarter.java:55)
Caused by: org.openqa.selenium.ElementNotInteractableException: element not interactable: element has zero size
  (Session info: chrome=131.0.6778.265)
Build info: version: '4.27.0', revision: 'd6e718d134'
System info: os.name: 'Windows 11', os.arch: 'amd64', os.version: '10.0', java.version: '21.0.3'
Driver info: org.openqa.selenium.chrome.ChromeDriver
Command: [60cc11d10d5d4b2acef203fec1db69d4, clickElement {id=f.6784083863354EF428EA927DA3292834.d.77FC47C83C1973F9BEFA16D4F08F5B4E.e.1956}]
Capabilities {acceptInsecureCerts: false, browserName: chrome, browserVersion: 131.0.6778.265, chrome: {chromedriverVersion: 131.0.6778.264 (2d05e315153..., userDataDir: C:\Users\INGRID~1.ZAD\AppDa...}, fedcm:accounts: true, goog:chromeOptions: {debuggerAddress: localhost:57092}, networkConnectionEnabled: false, pageLoadStrategy: normal, platformName: windows, proxy: Proxy(), se:cdp: ws://localhost:57092/devtoo..., se:cdpVersion: 131.0.6778.265, setWindowRect: true, strictFileInteractability: false, timeouts: {implicit: 0, pageLoad: 300000, script: 30000}, unhandledPromptBehavior: dismiss and notify, webauthn:extension:credBlob: true, webauthn:extension:largeBlob: true, webauthn:extension:minPinLength: true, webauthn:extension:prf: true, webauthn:virtualAuthenticators: true}
Element: [[ChromeDriver: chrome on windows (60cc11d10d5d4b2acef203fec1db69d4)] -> tag name: body]
Session ID: 60cc11d10d5d4b2acef203fec1db69d4
	at java.base/jdk.internal.reflect.DirectConstructorHandleAccessor.newInstance(DirectConstructorHandleAccessor.java:62)
	at java.base/java.lang.reflect.Constructor.newInstanceWithCaller(Constructor.java:502)
	at java.base/java.lang.reflect.Constructor.newInstance(Constructor.java:486)
	at org.openqa.selenium.remote.ErrorCodec.decode(ErrorCodec.java:167)
	at org.openqa.selenium.remote.codec.w3c.W3CHttpResponseCodec.decode(W3CHttpResponseCodec.java:138)
	at org.openqa.selenium.remote.codec.w3c.W3CHttpResponseCodec.decode(W3CHttpResponseCodec.java:50)
	at org.openqa.selenium.remote.HttpCommandExecutor.execute(HttpCommandExecutor.java:190)
	at org.openqa.selenium.remote.service.DriverCommandExecutor.invokeExecute(DriverCommandExecutor.java:216)
	at org.openqa.selenium.remote.service.DriverCommandExecutor.execute(DriverCommandExecutor.java:174)
	at org.openqa.selenium.remote.RemoteWebDriver.execute(RemoteWebDriver.java:545)
	at org.openqa.selenium.remote.RemoteWebElement.execute(RemoteWebElement.java:223)
	at org.openqa.selenium.remote.RemoteWebElement.click(RemoteWebElement.java:76)
	at lt.insoft.uztis.pages.SubmittedApplicationsPage.selectValueByListEVRK(SubmittedApplicationsPage.java:217)
	... 69 common frames omitted
2025-01-22 11:19:27 [main] INFO  l.insoft.uztis.tests.utils.TestUtils - Screenshot moved to C:\Users\ingrida.zadorozniene\Desktop\Asm\UZTIS\UZTIS_tests\test-output\screenshots\20250122\111927486_testFillNewApplication().png
2025-01-22 11:55:40 [main] INFO  lt.insoft.uztis.tests.UztisPageTest - Navigated to https://uztisdev.asseco.lt/home
2025-01-22 11:55:40 [main] INFO  l.i.u.t.SubmittedApplicationsPageTest - Starting test:'testFillNewApplication'
2025-01-22 11:55:41 [main] DEBUG l.i.u.t.SubmittedApplicationsPageTest - User logged in with test credentials
2025-01-22 11:55:41 [main] DEBUG l.i.u.t.SubmittedApplicationsPageTest - Opened 'Application Processing' menu.
2025-01-22 11:55:41 [main] DEBUG l.i.u.t.SubmittedApplicationsPageTest - Clicked on 'Application Forms' menu.
2025-01-22 11:55:41 [main] DEBUG l.i.u.t.SubmittedApplicationsPageTest - Retrieved last description code text: 'TST-VUI-81'.
2025-01-22 11:55:41 [main] DEBUG l.i.u.t.SubmittedApplicationsPageTest - Clicked on 'Invitation' menu.
2025-01-22 11:55:42 [main] DEBUG l.i.u.t.SubmittedApplicationsPageTest - Selected application section by code: 'TST-VUI-81'.
2025-01-22 11:55:42 [main] DEBUG l.i.u.t.SubmittedApplicationsPageTest - Clicked 'Search' button.
2025-01-22 11:55:42 [main] DEBUG l.i.u.t.SubmittedApplicationsPageTest - Retrieved invitation code: ''.
2025-01-22 11:55:42 [main] DEBUG l.i.u.t.SubmittedApplicationsPageTest - Clicked on 'Submitted Applications' menu.
2025-01-22 11:55:43 [main] DEBUG l.i.u.t.SubmittedApplicationsPageTest - Selected invitation by code: 'TST-VUI-81'.
2025-01-22 11:55:43 [main] DEBUG l.i.u.t.SubmittedApplicationsPageTest - Clicked on 'Action Application' button.
2025-01-22 11:55:44 [main] DEBUG l.i.u.t.SubmittedApplicationsPageTest - Clicked on 'New Application' button.
2025-01-22 11:55:44 [main] DEBUG l.i.u.t.SubmittedApplicationsPageTest - Clicked on 'RadioButtonFA' button.
2025-01-22 11:55:44 [main] DEBUG l.i.u.t.SubmittedApplicationsPageTest - Entered phone number into the input field.
2025-01-22 11:55:44 [main] DEBUG l.i.u.t.SubmittedApplicationsPageTest - Entered eMail into the input field.
2025-01-22 11:55:44 [main] INFO  l.i.u.p.SubmittedApplicationsPage - Located the dropdown button.
2025-01-22 11:56:02 [main] INFO  l.i.u.p.SubmittedApplicationsPage - Successfully selected the value: '01.11 - Grūdinių (išskyrus ryžius), ankštinių ir aliejingų sėklų augalų auginimas'
2025-01-22 11:56:13 [main] ERROR l.i.u.p.SubmittedApplicationsPage - Failed to close the dropdown with aria-expanded = 'false'. Attempting manual close.
2025-01-22 11:56:13 [main] ERROR l.i.u.p.SubmittedApplicationsPage - Error selecting value from the list: element not interactable: element has zero size
  (Session info: chrome=131.0.6778.265)
Build info: version: '4.27.0', revision: 'd6e718d134'
System info: os.name: 'Windows 11', os.arch: 'amd64', os.version: '10.0', java.version: '21.0.3'
Driver info: org.openqa.selenium.chrome.ChromeDriver
Command: [ec5984d915e750b6731784a033058b16, clickElement {id=f.92785B26A1D2CDCD26AF86F757E53BAD.d.60F1062F073F4180DE8FBD96425D81B2.e.1955}]
Capabilities {acceptInsecureCerts: false, browserName: chrome, browserVersion: 131.0.6778.265, chrome: {chromedriverVersion: 131.0.6778.264 (2d05e315153..., userDataDir: C:\Users\INGRID~1.ZAD\AppDa...}, fedcm:accounts: true, goog:chromeOptions: {debuggerAddress: localhost:58304}, networkConnectionEnabled: false, pageLoadStrategy: normal, platformName: windows, proxy: Proxy(), se:cdp: ws://localhost:58304/devtoo..., se:cdpVersion: 131.0.6778.265, setWindowRect: true, strictFileInteractability: false, timeouts: {implicit: 0, pageLoad: 300000, script: 30000}, unhandledPromptBehavior: dismiss and notify, webauthn:extension:credBlob: true, webauthn:extension:largeBlob: true, webauthn:extension:minPinLength: true, webauthn:extension:prf: true, webauthn:virtualAuthenticators: true}
Element: [[ChromeDriver: chrome on windows (ec5984d915e750b6731784a033058b16)] -> tag name: body]
Session ID: ec5984d915e750b6731784a033058b16
2025-01-22 11:56:13 [main] ERROR l.i.u.t.SubmittedApplicationsPageTest - Test 'testFillNewApplication' failed with error: Failed to select from the list
java.lang.RuntimeException: Failed to select from the list
	at lt.insoft.uztis.pages.SubmittedApplicationsPage.selectValueByListEVRK(SubmittedApplicationsPage.java:223)
	at lt.insoft.uztis.tests.SubmittedApplicationsPageTest.testFillNewApplication(SubmittedApplicationsPageTest.java:156)
	at java.base/jdk.internal.reflect.DirectMethodHandleAccessor.invoke(DirectMethodHandleAccessor.java:103)
	at java.base/java.lang.reflect.Method.invoke(Method.java:580)
	at org.junit.platform.commons.util.ReflectionUtils.invokeMethod(ReflectionUtils.java:728)
	at org.junit.jupiter.engine.execution.MethodInvocation.proceed(MethodInvocation.java:60)
	at org.junit.jupiter.engine.execution.InvocationInterceptorChain$ValidatingInvocation.proceed(InvocationInterceptorChain.java:131)
	at org.junit.jupiter.engine.extension.TimeoutExtension.intercept(TimeoutExtension.java:156)
	at org.junit.jupiter.engine.extension.TimeoutExtension.interceptTestableMethod(TimeoutExtension.java:147)
	at org.junit.jupiter.engine.extension.TimeoutExtension.interceptTestMethod(TimeoutExtension.java:86)
	at org.junit.jupiter.engine.execution.InterceptingExecutableInvoker$ReflectiveInterceptorCall.lambda$ofVoidMethod$0(InterceptingExecutableInvoker.java:103)
	at org.junit.jupiter.engine.execution.InterceptingExecutableInvoker.lambda$invoke$0(InterceptingExecutableInvoker.java:93)
	at org.junit.jupiter.engine.execution.InvocationInterceptorChain$InterceptedInvocation.proceed(InvocationInterceptorChain.java:106)
	at org.junit.jupiter.engine.execution.InvocationInterceptorChain.proceed(InvocationInterceptorChain.java:64)
	at org.junit.jupiter.engine.execution.InvocationInterceptorChain.chainAndInvoke(InvocationInterceptorChain.java:45)
	at org.junit.jupiter.engine.execution.InvocationInterceptorChain.invoke(InvocationInterceptorChain.java:37)
	at org.junit.jupiter.engine.execution.InterceptingExecutableInvoker.invoke(InterceptingExecutableInvoker.java:92)
	at org.junit.jupiter.engine.execution.InterceptingExecutableInvoker.invoke(InterceptingExecutableInvoker.java:86)
	at org.junit.jupiter.engine.descriptor.TestMethodTestDescriptor.lambda$invokeTestMethod$7(TestMethodTestDescriptor.java:218)
	at org.junit.platform.engine.support.hierarchical.ThrowableCollector.execute(ThrowableCollector.java:73)
	at org.junit.jupiter.engine.descriptor.TestMethodTestDescriptor.invokeTestMethod(TestMethodTestDescriptor.java:214)
	at org.junit.jupiter.engine.descriptor.TestMethodTestDescriptor.execute(TestMethodTestDescriptor.java:139)
	at org.junit.jupiter.engine.descriptor.TestMethodTestDescriptor.execute(TestMethodTestDescriptor.java:69)
	at org.junit.platform.engine.support.hierarchical.NodeTestTask.lambda$executeRecursively$6(NodeTestTask.java:151)
	at org.junit.platform.engine.support.hierarchical.ThrowableCollector.execute(ThrowableCollector.java:73)
	at org.junit.platform.engine.support.hierarchical.NodeTestTask.lambda$executeRecursively$8(NodeTestTask.java:141)
	at org.junit.platform.engine.support.hierarchical.Node.around(Node.java:137)
	at org.junit.platform.engine.support.hierarchical.NodeTestTask.lambda$executeRecursively$9(NodeTestTask.java:139)
	at org.junit.platform.engine.support.hierarchical.ThrowableCollector.execute(ThrowableCollector.java:73)
	at org.junit.platform.engine.support.hierarchical.NodeTestTask.executeRecursively(NodeTestTask.java:138)
	at org.junit.platform.engine.support.hierarchical.NodeTestTask.execute(NodeTestTask.java:95)
	at java.base/java.util.ArrayList.forEach(ArrayList.java:1596)
	at org.junit.platform.engine.support.hierarchical.SameThreadHierarchicalTestExecutorService.invokeAll(SameThreadHierarchicalTestExecutorService.java:41)
	at org.junit.platform.engine.support.hierarchical.NodeTestTask.lambda$executeRecursively$6(NodeTestTask.java:155)
	at org.junit.platform.engine.support.hierarchical.ThrowableCollector.execute(ThrowableCollector.java:73)
	at org.junit.platform.engine.support.hierarchical.NodeTestTask.lambda$executeRecursively$8(NodeTestTask.java:141)
	at org.junit.platform.engine.support.hierarchical.Node.around(Node.java:137)
	at org.junit.platform.engine.support.hierarchical.NodeTestTask.lambda$executeRecursively$9(NodeTestTask.java:139)
	at org.junit.platform.engine.support.hierarchical.ThrowableCollector.execute(ThrowableCollector.java:73)
	at org.junit.platform.engine.support.hierarchical.NodeTestTask.executeRecursively(NodeTestTask.java:138)
	at org.junit.platform.engine.support.hierarchical.NodeTestTask.execute(NodeTestTask.java:95)
	at java.base/java.util.ArrayList.forEach(ArrayList.java:1596)
	at org.junit.platform.engine.support.hierarchical.SameThreadHierarchicalTestExecutorService.invokeAll(SameThreadHierarchicalTestExecutorService.java:41)
	at org.junit.platform.engine.support.hierarchical.NodeTestTask.lambda$executeRecursively$6(NodeTestTask.java:155)
	at org.junit.platform.engine.support.hierarchical.ThrowableCollector.execute(ThrowableCollector.java:73)
	at org.junit.platform.engine.support.hierarchical.NodeTestTask.lambda$executeRecursively$8(NodeTestTask.java:141)
	at org.junit.platform.engine.support.hierarchical.Node.around(Node.java:137)
	at org.junit.platform.engine.support.hierarchical.NodeTestTask.lambda$executeRecursively$9(NodeTestTask.java:139)
	at org.junit.platform.engine.support.hierarchical.ThrowableCollector.execute(ThrowableCollector.java:73)
	at org.junit.platform.engine.support.hierarchical.NodeTestTask.executeRecursively(NodeTestTask.java:138)
	at org.junit.platform.engine.support.hierarchical.NodeTestTask.execute(NodeTestTask.java:95)
	at org.junit.platform.engine.support.hierarchical.SameThreadHierarchicalTestExecutorService.submit(SameThreadHierarchicalTestExecutorService.java:35)
	at org.junit.platform.engine.support.hierarchical.HierarchicalTestExecutor.execute(HierarchicalTestExecutor.java:57)
	at org.junit.platform.engine.support.hierarchical.HierarchicalTestEngine.execute(HierarchicalTestEngine.java:54)
	at org.junit.platform.launcher.core.EngineExecutionOrchestrator.execute(EngineExecutionOrchestrator.java:198)
	at org.junit.platform.launcher.core.EngineExecutionOrchestrator.execute(EngineExecutionOrchestrator.java:169)
	at org.junit.platform.launcher.core.EngineExecutionOrchestrator.execute(EngineExecutionOrchestrator.java:93)
	at org.junit.platform.launcher.core.EngineExecutionOrchestrator.lambda$execute$0(EngineExecutionOrchestrator.java:58)
	at org.junit.platform.launcher.core.EngineExecutionOrchestrator.withInterceptedStreams(EngineExecutionOrchestrator.java:141)
	at org.junit.platform.launcher.core.EngineExecutionOrchestrator.execute(EngineExecutionOrchestrator.java:57)
	at org.junit.platform.launcher.core.DefaultLauncher.execute(DefaultLauncher.java:103)
	at org.junit.platform.launcher.core.DefaultLauncher.execute(DefaultLauncher.java:85)
	at org.junit.platform.launcher.core.DelegatingLauncher.execute(DelegatingLauncher.java:47)
	at org.junit.platform.launcher.core.SessionPerRequestLauncher.execute(SessionPerRequestLauncher.java:63)
	at com.intellij.junit5.JUnit5IdeaTestRunner.startRunnerWithArgs(JUnit5IdeaTestRunner.java:57)
	at com.intellij.rt.junit.IdeaTestRunner$Repeater$1.execute(IdeaTestRunner.java:38)
	at com.intellij.rt.execution.junit.TestsRepeater.repeat(TestsRepeater.java:11)
	at com.intellij.rt.junit.IdeaTestRunner$Repeater.startRunnerWithArgs(IdeaTestRunner.java:35)
	at com.intellij.rt.junit.JUnitStarter.prepareStreamsAndStart(JUnitStarter.java:232)
	at com.intellij.rt.junit.JUnitStarter.main(JUnitStarter.java:55)
Caused by: org.openqa.selenium.ElementNotInteractableException: element not interactable: element has zero size
  (Session info: chrome=131.0.6778.265)
Build info: version: '4.27.0', revision: 'd6e718d134'
System info: os.name: 'Windows 11', os.arch: 'amd64', os.version: '10.0', java.version: '21.0.3'
Driver info: org.openqa.selenium.chrome.ChromeDriver
Command: [ec5984d915e750b6731784a033058b16, clickElement {id=f.92785B26A1D2CDCD26AF86F757E53BAD.d.60F1062F073F4180DE8FBD96425D81B2.e.1955}]
Capabilities {acceptInsecureCerts: false, browserName: chrome, browserVersion: 131.0.6778.265, chrome: {chromedriverVersion: 131.0.6778.264 (2d05e315153..., userDataDir: C:\Users\INGRID~1.ZAD\AppDa...}, fedcm:accounts: true, goog:chromeOptions: {debuggerAddress: localhost:58304}, networkConnectionEnabled: false, pageLoadStrategy: normal, platformName: windows, proxy: Proxy(), se:cdp: ws://localhost:58304/devtoo..., se:cdpVersion: 131.0.6778.265, setWindowRect: true, strictFileInteractability: false, timeouts: {implicit: 0, pageLoad: 300000, script: 30000}, unhandledPromptBehavior: dismiss and notify, webauthn:extension:credBlob: true, webauthn:extension:largeBlob: true, webauthn:extension:minPinLength: true, webauthn:extension:prf: true, webauthn:virtualAuthenticators: true}
Element: [[ChromeDriver: chrome on windows (ec5984d915e750b6731784a033058b16)] -> tag name: body]
Session ID: ec5984d915e750b6731784a033058b16
	at java.base/jdk.internal.reflect.DirectConstructorHandleAccessor.newInstance(DirectConstructorHandleAccessor.java:62)
	at java.base/java.lang.reflect.Constructor.newInstanceWithCaller(Constructor.java:502)
	at java.base/java.lang.reflect.Constructor.newInstance(Constructor.java:486)
	at org.openqa.selenium.remote.ErrorCodec.decode(ErrorCodec.java:167)
	at org.openqa.selenium.remote.codec.w3c.W3CHttpResponseCodec.decode(W3CHttpResponseCodec.java:138)
	at org.openqa.selenium.remote.codec.w3c.W3CHttpResponseCodec.decode(W3CHttpResponseCodec.java:50)
	at org.openqa.selenium.remote.HttpCommandExecutor.execute(HttpCommandExecutor.java:190)
	at org.openqa.selenium.remote.service.DriverCommandExecutor.invokeExecute(DriverCommandExecutor.java:216)
	at org.openqa.selenium.remote.service.DriverCommandExecutor.execute(DriverCommandExecutor.java:174)
	at org.openqa.selenium.remote.RemoteWebDriver.execute(RemoteWebDriver.java:545)
	at org.openqa.selenium.remote.RemoteWebElement.execute(RemoteWebElement.java:223)
	at org.openqa.selenium.remote.RemoteWebElement.click(RemoteWebElement.java:76)
	at lt.insoft.uztis.pages.SubmittedApplicationsPage.selectValueByListEVRK(SubmittedApplicationsPage.java:217)
	... 69 common frames omitted
2025-01-22 11:56:13 [main] INFO  l.insoft.uztis.tests.utils.TestUtils - Screenshot moved to C:\Users\ingrida.zadorozniene\Desktop\Asm\UZTIS\UZTIS_tests\test-output\screenshots\20250122\115613687_testFillNewApplication().png
2025-01-22 12:03:08 [main] INFO  lt.insoft.uztis.tests.UztisPageTest - Navigated to https://uztisdev.asseco.lt/home
2025-01-22 12:03:08 [main] INFO  l.i.u.t.SubmittedApplicationsPageTest - Starting test:'testFillNewApplication'
2025-01-22 12:03:08 [main] DEBUG l.i.u.t.SubmittedApplicationsPageTest - User logged in with test credentials
2025-01-22 12:03:08 [main] DEBUG l.i.u.t.SubmittedApplicationsPageTest - Opened 'Application Processing' menu.
2025-01-22 12:03:08 [main] DEBUG l.i.u.t.SubmittedApplicationsPageTest - Clicked on 'Application Forms' menu.
2025-01-22 12:03:09 [main] DEBUG l.i.u.t.SubmittedApplicationsPageTest - Retrieved last description code text: 'TST-VUI-81'.
2025-01-22 12:03:09 [main] DEBUG l.i.u.t.SubmittedApplicationsPageTest - Clicked on 'Invitation' menu.
2025-01-22 12:03:10 [main] DEBUG l.i.u.t.SubmittedApplicationsPageTest - Selected application section by code: 'TST-VUI-81'.
2025-01-22 12:03:10 [main] DEBUG l.i.u.t.SubmittedApplicationsPageTest - Clicked 'Search' button.
2025-01-22 12:03:10 [main] DEBUG l.i.u.t.SubmittedApplicationsPageTest - Retrieved invitation code: ''.
2025-01-22 12:03:10 [main] DEBUG l.i.u.t.SubmittedApplicationsPageTest - Clicked on 'Submitted Applications' menu.
2025-01-22 12:03:11 [main] DEBUG l.i.u.t.SubmittedApplicationsPageTest - Selected invitation by code: 'TST-VUI-81'.
2025-01-22 12:03:11 [main] DEBUG l.i.u.t.SubmittedApplicationsPageTest - Clicked on 'Action Application' button.
2025-01-22 12:03:11 [main] DEBUG l.i.u.t.SubmittedApplicationsPageTest - Clicked on 'New Application' button.
2025-01-22 12:03:12 [main] DEBUG l.i.u.t.SubmittedApplicationsPageTest - Clicked on 'RadioButtonFA' button.
2025-01-22 12:03:12 [main] DEBUG l.i.u.t.SubmittedApplicationsPageTest - Entered phone number into the input field.
2025-01-22 12:03:12 [main] DEBUG l.i.u.t.SubmittedApplicationsPageTest - Entered eMail into the input field.
2025-01-22 12:03:12 [main] INFO  l.i.u.p.SubmittedApplicationsPage - Located the dropdown button.
2025-01-22 12:03:29 [main] INFO  l.i.u.p.SubmittedApplicationsPage - Successfully selected the value: '01.11 - Grūdinių (išskyrus ryžius), ankštinių ir aliejingų sėklų augalų auginimas'
2025-01-22 12:03:40 [main] ERROR l.i.u.p.SubmittedApplicationsPage - Failed to close the dropdown with aria-expanded = 'false'. Attempting manual close.
2025-01-22 12:03:41 [main] ERROR l.i.u.p.SubmittedApplicationsPage - Error selecting value from the list: element click intercepted: Element <h3 class="i-forms-form-name">...</h3> is not clickable at point (1111, 101). Other element would receive the click: <div class="cdk-overlay-backdrop cdk-overlay-transparent-backdrop cdk-overlay-backdrop-showing"></div>
  (Session info: chrome=131.0.6778.265)
Build info: version: '4.27.0', revision: 'd6e718d134'
System info: os.name: 'Windows 11', os.arch: 'amd64', os.version: '10.0', java.version: '21.0.3'
Driver info: org.openqa.selenium.chrome.ChromeDriver
Command: [16f7d7534a265830f447a7473b8b471f, clickElement {id=f.52B8B1EFF9A0EE4A8555C6315EA053A0.d.75A22DD6F99C1D21CAD530153B9A0A43.e.1955}]
Capabilities {acceptInsecureCerts: false, browserName: chrome, browserVersion: 131.0.6778.265, chrome: {chromedriverVersion: 131.0.6778.264 (2d05e315153..., userDataDir: C:\Users\INGRID~1.ZAD\AppDa...}, fedcm:accounts: true, goog:chromeOptions: {debuggerAddress: localhost:58588}, networkConnectionEnabled: false, pageLoadStrategy: normal, platformName: windows, proxy: Proxy(), se:cdp: ws://localhost:58588/devtoo..., se:cdpVersion: 131.0.6778.265, setWindowRect: true, strictFileInteractability: false, timeouts: {implicit: 0, pageLoad: 300000, script: 30000}, unhandledPromptBehavior: dismiss and notify, webauthn:extension:credBlob: true, webauthn:extension:largeBlob: true, webauthn:extension:minPinLength: true, webauthn:extension:prf: true, webauthn:virtualAuthenticators: true}
Element: [[ChromeDriver: chrome on windows (16f7d7534a265830f447a7473b8b471f)] -> tag name: h3]
Session ID: 16f7d7534a265830f447a7473b8b471f
2025-01-22 12:03:41 [main] ERROR l.i.u.t.SubmittedApplicationsPageTest - Test 'testFillNewApplication' failed with error: Failed to select from the list
java.lang.RuntimeException: Failed to select from the list
	at lt.insoft.uztis.pages.SubmittedApplicationsPage.selectValueByListEVRK(SubmittedApplicationsPage.java:223)
	at lt.insoft.uztis.tests.SubmittedApplicationsPageTest.testFillNewApplication(SubmittedApplicationsPageTest.java:156)
	at java.base/jdk.internal.reflect.DirectMethodHandleAccessor.invoke(DirectMethodHandleAccessor.java:103)
	at java.base/java.lang.reflect.Method.invoke(Method.java:580)
	at org.junit.platform.commons.util.ReflectionUtils.invokeMethod(ReflectionUtils.java:728)
	at org.junit.jupiter.engine.execution.MethodInvocation.proceed(MethodInvocation.java:60)
	at org.junit.jupiter.engine.execution.InvocationInterceptorChain$ValidatingInvocation.proceed(InvocationInterceptorChain.java:131)
	at org.junit.jupiter.engine.extension.TimeoutExtension.intercept(TimeoutExtension.java:156)
	at org.junit.jupiter.engine.extension.TimeoutExtension.interceptTestableMethod(TimeoutExtension.java:147)
	at org.junit.jupiter.engine.extension.TimeoutExtension.interceptTestMethod(TimeoutExtension.java:86)
	at org.junit.jupiter.engine.execution.InterceptingExecutableInvoker$ReflectiveInterceptorCall.lambda$ofVoidMethod$0(InterceptingExecutableInvoker.java:103)
	at org.junit.jupiter.engine.execution.InterceptingExecutableInvoker.lambda$invoke$0(InterceptingExecutableInvoker.java:93)
	at org.junit.jupiter.engine.execution.InvocationInterceptorChain$InterceptedInvocation.proceed(InvocationInterceptorChain.java:106)
	at org.junit.jupiter.engine.execution.InvocationInterceptorChain.proceed(InvocationInterceptorChain.java:64)
	at org.junit.jupiter.engine.execution.InvocationInterceptorChain.chainAndInvoke(InvocationInterceptorChain.java:45)
	at org.junit.jupiter.engine.execution.InvocationInterceptorChain.invoke(InvocationInterceptorChain.java:37)
	at org.junit.jupiter.engine.execution.InterceptingExecutableInvoker.invoke(InterceptingExecutableInvoker.java:92)
	at org.junit.jupiter.engine.execution.InterceptingExecutableInvoker.invoke(InterceptingExecutableInvoker.java:86)
	at org.junit.jupiter.engine.descriptor.TestMethodTestDescriptor.lambda$invokeTestMethod$7(TestMethodTestDescriptor.java:218)
	at org.junit.platform.engine.support.hierarchical.ThrowableCollector.execute(ThrowableCollector.java:73)
	at org.junit.jupiter.engine.descriptor.TestMethodTestDescriptor.invokeTestMethod(TestMethodTestDescriptor.java:214)
	at org.junit.jupiter.engine.descriptor.TestMethodTestDescriptor.execute(TestMethodTestDescriptor.java:139)
	at org.junit.jupiter.engine.descriptor.TestMethodTestDescriptor.execute(TestMethodTestDescriptor.java:69)
	at org.junit.platform.engine.support.hierarchical.NodeTestTask.lambda$executeRecursively$6(NodeTestTask.java:151)
	at org.junit.platform.engine.support.hierarchical.ThrowableCollector.execute(ThrowableCollector.java:73)
	at org.junit.platform.engine.support.hierarchical.NodeTestTask.lambda$executeRecursively$8(NodeTestTask.java:141)
	at org.junit.platform.engine.support.hierarchical.Node.around(Node.java:137)
	at org.junit.platform.engine.support.hierarchical.NodeTestTask.lambda$executeRecursively$9(NodeTestTask.java:139)
	at org.junit.platform.engine.support.hierarchical.ThrowableCollector.execute(ThrowableCollector.java:73)
	at org.junit.platform.engine.support.hierarchical.NodeTestTask.executeRecursively(NodeTestTask.java:138)
	at org.junit.platform.engine.support.hierarchical.NodeTestTask.execute(NodeTestTask.java:95)
	at java.base/java.util.ArrayList.forEach(ArrayList.java:1596)
	at org.junit.platform.engine.support.hierarchical.SameThreadHierarchicalTestExecutorService.invokeAll(SameThreadHierarchicalTestExecutorService.java:41)
	at org.junit.platform.engine.support.hierarchical.NodeTestTask.lambda$executeRecursively$6(NodeTestTask.java:155)
	at org.junit.platform.engine.support.hierarchical.ThrowableCollector.execute(ThrowableCollector.java:73)
	at org.junit.platform.engine.support.hierarchical.NodeTestTask.lambda$executeRecursively$8(NodeTestTask.java:141)
	at org.junit.platform.engine.support.hierarchical.Node.around(Node.java:137)
	at org.junit.platform.engine.support.hierarchical.NodeTestTask.lambda$executeRecursively$9(NodeTestTask.java:139)
	at org.junit.platform.engine.support.hierarchical.ThrowableCollector.execute(ThrowableCollector.java:73)
	at org.junit.platform.engine.support.hierarchical.NodeTestTask.executeRecursively(NodeTestTask.java:138)
	at org.junit.platform.engine.support.hierarchical.NodeTestTask.execute(NodeTestTask.java:95)
	at java.base/java.util.ArrayList.forEach(ArrayList.java:1596)
	at org.junit.platform.engine.support.hierarchical.SameThreadHierarchicalTestExecutorService.invokeAll(SameThreadHierarchicalTestExecutorService.java:41)
	at org.junit.platform.engine.support.hierarchical.NodeTestTask.lambda$executeRecursively$6(NodeTestTask.java:155)
	at org.junit.platform.engine.support.hierarchical.ThrowableCollector.execute(ThrowableCollector.java:73)
	at org.junit.platform.engine.support.hierarchical.NodeTestTask.lambda$executeRecursively$8(NodeTestTask.java:141)
	at org.junit.platform.engine.support.hierarchical.Node.around(Node.java:137)
	at org.junit.platform.engine.support.hierarchical.NodeTestTask.lambda$executeRecursively$9(NodeTestTask.java:139)
	at org.junit.platform.engine.support.hierarchical.ThrowableCollector.execute(ThrowableCollector.java:73)
	at org.junit.platform.engine.support.hierarchical.NodeTestTask.executeRecursively(NodeTestTask.java:138)
	at org.junit.platform.engine.support.hierarchical.NodeTestTask.execute(NodeTestTask.java:95)
	at org.junit.platform.engine.support.hierarchical.SameThreadHierarchicalTestExecutorService.submit(SameThreadHierarchicalTestExecutorService.java:35)
	at org.junit.platform.engine.support.hierarchical.HierarchicalTestExecutor.execute(HierarchicalTestExecutor.java:57)
	at org.junit.platform.engine.support.hierarchical.HierarchicalTestEngine.execute(HierarchicalTestEngine.java:54)
	at org.junit.platform.launcher.core.EngineExecutionOrchestrator.execute(EngineExecutionOrchestrator.java:198)
	at org.junit.platform.launcher.core.EngineExecutionOrchestrator.execute(EngineExecutionOrchestrator.java:169)
	at org.junit.platform.launcher.core.EngineExecutionOrchestrator.execute(EngineExecutionOrchestrator.java:93)
	at org.junit.platform.launcher.core.EngineExecutionOrchestrator.lambda$execute$0(EngineExecutionOrchestrator.java:58)
	at org.junit.platform.launcher.core.EngineExecutionOrchestrator.withInterceptedStreams(EngineExecutionOrchestrator.java:141)
	at org.junit.platform.launcher.core.EngineExecutionOrchestrator.execute(EngineExecutionOrchestrator.java:57)
	at org.junit.platform.launcher.core.DefaultLauncher.execute(DefaultLauncher.java:103)
	at org.junit.platform.launcher.core.DefaultLauncher.execute(DefaultLauncher.java:85)
	at org.junit.platform.launcher.core.DelegatingLauncher.execute(DelegatingLauncher.java:47)
	at org.junit.platform.launcher.core.SessionPerRequestLauncher.execute(SessionPerRequestLauncher.java:63)
	at com.intellij.junit5.JUnit5IdeaTestRunner.startRunnerWithArgs(JUnit5IdeaTestRunner.java:57)
	at com.intellij.rt.junit.IdeaTestRunner$Repeater$1.execute(IdeaTestRunner.java:38)
	at com.intellij.rt.execution.junit.TestsRepeater.repeat(TestsRepeater.java:11)
	at com.intellij.rt.junit.IdeaTestRunner$Repeater.startRunnerWithArgs(IdeaTestRunner.java:35)
	at com.intellij.rt.junit.JUnitStarter.prepareStreamsAndStart(JUnitStarter.java:232)
	at com.intellij.rt.junit.JUnitStarter.main(JUnitStarter.java:55)
Caused by: org.openqa.selenium.ElementClickInterceptedException: element click intercepted: Element <h3 class="i-forms-form-name">...</h3> is not clickable at point (1111, 101). Other element would receive the click: <div class="cdk-overlay-backdrop cdk-overlay-transparent-backdrop cdk-overlay-backdrop-showing"></div>
  (Session info: chrome=131.0.6778.265)
Build info: version: '4.27.0', revision: 'd6e718d134'
System info: os.name: 'Windows 11', os.arch: 'amd64', os.version: '10.0', java.version: '21.0.3'
Driver info: org.openqa.selenium.chrome.ChromeDriver
Command: [16f7d7534a265830f447a7473b8b471f, clickElement {id=f.52B8B1EFF9A0EE4A8555C6315EA053A0.d.75A22DD6F99C1D21CAD530153B9A0A43.e.1955}]
Capabilities {acceptInsecureCerts: false, browserName: chrome, browserVersion: 131.0.6778.265, chrome: {chromedriverVersion: 131.0.6778.264 (2d05e315153..., userDataDir: C:\Users\INGRID~1.ZAD\AppDa...}, fedcm:accounts: true, goog:chromeOptions: {debuggerAddress: localhost:58588}, networkConnectionEnabled: false, pageLoadStrategy: normal, platformName: windows, proxy: Proxy(), se:cdp: ws://localhost:58588/devtoo..., se:cdpVersion: 131.0.6778.265, setWindowRect: true, strictFileInteractability: false, timeouts: {implicit: 0, pageLoad: 300000, script: 30000}, unhandledPromptBehavior: dismiss and notify, webauthn:extension:credBlob: true, webauthn:extension:largeBlob: true, webauthn:extension:minPinLength: true, webauthn:extension:prf: true, webauthn:virtualAuthenticators: true}
Element: [[ChromeDriver: chrome on windows (16f7d7534a265830f447a7473b8b471f)] -> tag name: h3]
Session ID: 16f7d7534a265830f447a7473b8b471f
	at java.base/jdk.internal.reflect.DirectConstructorHandleAccessor.newInstance(DirectConstructorHandleAccessor.java:62)
	at java.base/java.lang.reflect.Constructor.newInstanceWithCaller(Constructor.java:502)
	at java.base/java.lang.reflect.Constructor.newInstance(Constructor.java:486)
	at org.openqa.selenium.remote.ErrorCodec.decode(ErrorCodec.java:167)
	at org.openqa.selenium.remote.codec.w3c.W3CHttpResponseCodec.decode(W3CHttpResponseCodec.java:138)
	at org.openqa.selenium.remote.codec.w3c.W3CHttpResponseCodec.decode(W3CHttpResponseCodec.java:50)
	at org.openqa.selenium.remote.HttpCommandExecutor.execute(HttpCommandExecutor.java:190)
	at org.openqa.selenium.remote.service.DriverCommandExecutor.invokeExecute(DriverCommandExecutor.java:216)
	at org.openqa.selenium.remote.service.DriverCommandExecutor.execute(DriverCommandExecutor.java:174)
	at org.openqa.selenium.remote.RemoteWebDriver.execute(RemoteWebDriver.java:545)
	at org.openqa.selenium.remote.RemoteWebElement.execute(RemoteWebElement.java:223)
	at org.openqa.selenium.remote.RemoteWebElement.click(RemoteWebElement.java:76)
	at lt.insoft.uztis.pages.SubmittedApplicationsPage.selectValueByListEVRK(SubmittedApplicationsPage.java:217)
	... 69 common frames omitted
2025-01-22 12:03:41 [main] INFO  l.insoft.uztis.tests.utils.TestUtils - Screenshot moved to C:\Users\ingrida.zadorozniene\Desktop\Asm\UZTIS\UZTIS_tests\test-output\screenshots\20250122\120341267_testFillNewApplication().png
2025-01-22 12:16:33 [main] INFO  lt.insoft.uztis.tests.UztisPageTest - Navigated to https://uztisdev.asseco.lt/home
2025-01-22 12:16:33 [main] INFO  l.i.u.t.SubmittedApplicationsPageTest - Starting test:'testFillNewApplication'
2025-01-22 12:16:34 [main] DEBUG l.i.u.t.SubmittedApplicationsPageTest - User logged in with test credentials
2025-01-22 12:16:34 [main] DEBUG l.i.u.t.SubmittedApplicationsPageTest - Opened 'Application Processing' menu.
2025-01-22 12:16:34 [main] DEBUG l.i.u.t.SubmittedApplicationsPageTest - Clicked on 'Application Forms' menu.
2025-01-22 12:16:34 [main] DEBUG l.i.u.t.SubmittedApplicationsPageTest - Retrieved last description code text: 'TST-VUI-81'.
2025-01-22 12:16:35 [main] DEBUG l.i.u.t.SubmittedApplicationsPageTest - Clicked on 'Invitation' menu.
2025-01-22 12:16:35 [main] DEBUG l.i.u.t.SubmittedApplicationsPageTest - Selected application section by code: 'TST-VUI-81'.
2025-01-22 12:16:35 [main] DEBUG l.i.u.t.SubmittedApplicationsPageTest - Clicked 'Search' button.
2025-01-22 12:16:35 [main] DEBUG l.i.u.t.SubmittedApplicationsPageTest - Retrieved invitation code: ''.
2025-01-22 12:16:36 [main] DEBUG l.i.u.t.SubmittedApplicationsPageTest - Clicked on 'Submitted Applications' menu.
2025-01-22 12:16:36 [main] DEBUG l.i.u.t.SubmittedApplicationsPageTest - Selected invitation by code: 'TST-VUI-81'.
2025-01-22 12:16:36 [main] DEBUG l.i.u.t.SubmittedApplicationsPageTest - Clicked on 'Action Application' button.
2025-01-22 12:16:37 [main] DEBUG l.i.u.t.SubmittedApplicationsPageTest - Clicked on 'New Application' button.
2025-01-22 12:16:37 [main] DEBUG l.i.u.t.SubmittedApplicationsPageTest - Clicked on 'RadioButtonFA' button.
2025-01-22 12:16:37 [main] DEBUG l.i.u.t.SubmittedApplicationsPageTest - Entered phone number into the input field.
2025-01-22 12:16:38 [main] DEBUG l.i.u.t.SubmittedApplicationsPageTest - Entered eMail into the input field.
2025-01-22 12:16:38 [main] INFO  l.i.u.p.SubmittedApplicationsPage - Located the dropdown button.
2025-01-22 12:16:46 [main] INFO  l.i.u.p.SubmittedApplicationsPage - Successfully selected the value: '01.11 - Grūdinių (išskyrus ryžius), ankštinių ir aliejingų sėklų augalų auginimas'
2025-01-22 12:16:57 [main] ERROR l.i.u.p.SubmittedApplicationsPage - Failed to close the dropdown with aria-expanded = 'false'.
2025-01-22 12:16:58 [main] ERROR l.i.u.t.SubmittedApplicationsPageTest - Test 'testFillNewApplication' failed with error: element click intercepted: Element <h3 i-forms-h3="" class="dynamic-component pt-3 ng-star-inserted">...</h3> is not clickable at point (1111, 875). Other element would receive the click: <mat-option role="option" class="mat-mdc-option mdc-list-item mat-mdc-option-multiple ng-tns-c1073613477-26 ng-star-inserted" id="mat-option-83" aria-selected="false" aria-disabled="false" style="">...</mat-option>
  (Session info: chrome=131.0.6778.265)
Build info: version: '4.27.0', revision: 'd6e718d134'
System info: os.name: 'Windows 11', os.arch: 'amd64', os.version: '10.0', java.version: '21.0.3'
Driver info: org.openqa.selenium.chrome.ChromeDriver
Command: [ef6d6c1e32cbed98f8a2a539bbc89b9a, clickElement {id=f.4117565610E2A7E1B394BFB0150405B3.d.FEB489BFCFE5AA84CB232987D3F97CC5.e.189}]
Capabilities {acceptInsecureCerts: false, browserName: chrome, browserVersion: 131.0.6778.265, chrome: {chromedriverVersion: 131.0.6778.264 (2d05e315153..., userDataDir: C:\Users\INGRID~1.ZAD\AppDa...}, fedcm:accounts: true, goog:chromeOptions: {debuggerAddress: localhost:59033}, networkConnectionEnabled: false, pageLoadStrategy: normal, platformName: windows, proxy: Proxy(), se:cdp: ws://localhost:59033/devtoo..., se:cdpVersion: 131.0.6778.265, setWindowRect: true, strictFileInteractability: false, timeouts: {implicit: 0, pageLoad: 300000, script: 30000}, unhandledPromptBehavior: dismiss and notify, webauthn:extension:credBlob: true, webauthn:extension:largeBlob: true, webauthn:extension:minPinLength: true, webauthn:extension:prf: true, webauthn:virtualAuthenticators: true}
Element: [[ChromeDriver: chrome on windows (ef6d6c1e32cbed98f8a2a539bbc89b9a)] -> xpath: //h3[contains(text(), 'Planuojama vykdyti veikla')]]
Session ID: ef6d6c1e32cbed98f8a2a539bbc89b9a
org.openqa.selenium.ElementClickInterceptedException: element click intercepted: Element <h3 i-forms-h3="" class="dynamic-component pt-3 ng-star-inserted">...</h3> is not clickable at point (1111, 875). Other element would receive the click: <mat-option role="option" class="mat-mdc-option mdc-list-item mat-mdc-option-multiple ng-tns-c1073613477-26 ng-star-inserted" id="mat-option-83" aria-selected="false" aria-disabled="false" style="">...</mat-option>
  (Session info: chrome=131.0.6778.265)
Build info: version: '4.27.0', revision: 'd6e718d134'
System info: os.name: 'Windows 11', os.arch: 'amd64', os.version: '10.0', java.version: '21.0.3'
Driver info: org.openqa.selenium.chrome.ChromeDriver
Command: [ef6d6c1e32cbed98f8a2a539bbc89b9a, clickElement {id=f.4117565610E2A7E1B394BFB0150405B3.d.FEB489BFCFE5AA84CB232987D3F97CC5.e.189}]
Capabilities {acceptInsecureCerts: false, browserName: chrome, browserVersion: 131.0.6778.265, chrome: {chromedriverVersion: 131.0.6778.264 (2d05e315153..., userDataDir: C:\Users\INGRID~1.ZAD\AppDa...}, fedcm:accounts: true, goog:chromeOptions: {debuggerAddress: localhost:59033}, networkConnectionEnabled: false, pageLoadStrategy: normal, platformName: windows, proxy: Proxy(), se:cdp: ws://localhost:59033/devtoo..., se:cdpVersion: 131.0.6778.265, setWindowRect: true, strictFileInteractability: false, timeouts: {implicit: 0, pageLoad: 300000, script: 30000}, unhandledPromptBehavior: dismiss and notify, webauthn:extension:credBlob: true, webauthn:extension:largeBlob: true, webauthn:extension:minPinLength: true, webauthn:extension:prf: true, webauthn:virtualAuthenticators: true}
Element: [[ChromeDriver: chrome on windows (ef6d6c1e32cbed98f8a2a539bbc89b9a)] -> xpath: //h3[contains(text(), 'Planuojama vykdyti veikla')]]
Session ID: ef6d6c1e32cbed98f8a2a539bbc89b9a
	at java.base/jdk.internal.reflect.DirectConstructorHandleAccessor.newInstance(DirectConstructorHandleAccessor.java:62)
	at java.base/java.lang.reflect.Constructor.newInstanceWithCaller(Constructor.java:502)
	at java.base/java.lang.reflect.Constructor.newInstance(Constructor.java:486)
	at org.openqa.selenium.remote.ErrorCodec.decode(ErrorCodec.java:167)
	at org.openqa.selenium.remote.codec.w3c.W3CHttpResponseCodec.decode(W3CHttpResponseCodec.java:138)
	at org.openqa.selenium.remote.codec.w3c.W3CHttpResponseCodec.decode(W3CHttpResponseCodec.java:50)
	at org.openqa.selenium.remote.HttpCommandExecutor.execute(HttpCommandExecutor.java:190)
	at org.openqa.selenium.remote.service.DriverCommandExecutor.invokeExecute(DriverCommandExecutor.java:216)
	at org.openqa.selenium.remote.service.DriverCommandExecutor.execute(DriverCommandExecutor.java:174)
	at org.openqa.selenium.remote.RemoteWebDriver.execute(RemoteWebDriver.java:545)
	at org.openqa.selenium.remote.RemoteWebElement.execute(RemoteWebElement.java:223)
	at org.openqa.selenium.remote.RemoteWebElement.click(RemoteWebElement.java:76)
	at java.base/jdk.internal.reflect.DirectMethodHandleAccessor.invoke(DirectMethodHandleAccessor.java:103)
	at java.base/java.lang.reflect.Method.invoke(Method.java:580)
	at org.openqa.selenium.support.pagefactory.internal.LocatingElementHandler.invoke(LocatingElementHandler.java:51)
	at jdk.proxy2/jdk.proxy2.$Proxy14.click(Unknown Source)
	at lt.insoft.uztis.pages.SubmittedApplicationsPage.clickElementHeader(SubmittedApplicationsPage.java:184)
	at lt.insoft.uztis.tests.SubmittedApplicationsPageTest.testFillNewApplication(SubmittedApplicationsPageTest.java:158)
	at java.base/jdk.internal.reflect.DirectMethodHandleAccessor.invoke(DirectMethodHandleAccessor.java:103)
	at java.base/java.lang.reflect.Method.invoke(Method.java:580)
	at org.junit.platform.commons.util.ReflectionUtils.invokeMethod(ReflectionUtils.java:728)
	at org.junit.jupiter.engine.execution.MethodInvocation.proceed(MethodInvocation.java:60)
	at org.junit.jupiter.engine.execution.InvocationInterceptorChain$ValidatingInvocation.proceed(InvocationInterceptorChain.java:131)
	at org.junit.jupiter.engine.extension.TimeoutExtension.intercept(TimeoutExtension.java:156)
	at org.junit.jupiter.engine.extension.TimeoutExtension.interceptTestableMethod(TimeoutExtension.java:147)
	at org.junit.jupiter.engine.extension.TimeoutExtension.interceptTestMethod(TimeoutExtension.java:86)
	at org.junit.jupiter.engine.execution.InterceptingExecutableInvoker$ReflectiveInterceptorCall.lambda$ofVoidMethod$0(InterceptingExecutableInvoker.java:103)
	at org.junit.jupiter.engine.execution.InterceptingExecutableInvoker.lambda$invoke$0(InterceptingExecutableInvoker.java:93)
	at org.junit.jupiter.engine.execution.InvocationInterceptorChain$InterceptedInvocation.proceed(InvocationInterceptorChain.java:106)
	at org.junit.jupiter.engine.execution.InvocationInterceptorChain.proceed(InvocationInterceptorChain.java:64)
	at org.junit.jupiter.engine.execution.InvocationInterceptorChain.chainAndInvoke(InvocationInterceptorChain.java:45)
	at org.junit.jupiter.engine.execution.InvocationInterceptorChain.invoke(InvocationInterceptorChain.java:37)
	at org.junit.jupiter.engine.execution.InterceptingExecutableInvoker.invoke(InterceptingExecutableInvoker.java:92)
	at org.junit.jupiter.engine.execution.InterceptingExecutableInvoker.invoke(InterceptingExecutableInvoker.java:86)
	at org.junit.jupiter.engine.descriptor.TestMethodTestDescriptor.lambda$invokeTestMethod$7(TestMethodTestDescriptor.java:218)
	at org.junit.platform.engine.support.hierarchical.ThrowableCollector.execute(ThrowableCollector.java:73)
	at org.junit.jupiter.engine.descriptor.TestMethodTestDescriptor.invokeTestMethod(TestMethodTestDescriptor.java:214)
	at org.junit.jupiter.engine.descriptor.TestMethodTestDescriptor.execute(TestMethodTestDescriptor.java:139)
	at org.junit.jupiter.engine.descriptor.TestMethodTestDescriptor.execute(TestMethodTestDescriptor.java:69)
	at org.junit.platform.engine.support.hierarchical.NodeTestTask.lambda$executeRecursively$6(NodeTestTask.java:151)
	at org.junit.platform.engine.support.hierarchical.ThrowableCollector.execute(ThrowableCollector.java:73)
	at org.junit.platform.engine.support.hierarchical.NodeTestTask.lambda$executeRecursively$8(NodeTestTask.java:141)
	at org.junit.platform.engine.support.hierarchical.Node.around(Node.java:137)
	at org.junit.platform.engine.support.hierarchical.NodeTestTask.lambda$executeRecursively$9(NodeTestTask.java:139)
	at org.junit.platform.engine.support.hierarchical.ThrowableCollector.execute(ThrowableCollector.java:73)
	at org.junit.platform.engine.support.hierarchical.NodeTestTask.executeRecursively(NodeTestTask.java:138)
	at org.junit.platform.engine.support.hierarchical.NodeTestTask.execute(NodeTestTask.java:95)
	at java.base/java.util.ArrayList.forEach(ArrayList.java:1596)
	at org.junit.platform.engine.support.hierarchical.SameThreadHierarchicalTestExecutorService.invokeAll(SameThreadHierarchicalTestExecutorService.java:41)
	at org.junit.platform.engine.support.hierarchical.NodeTestTask.lambda$executeRecursively$6(NodeTestTask.java:155)
	at org.junit.platform.engine.support.hierarchical.ThrowableCollector.execute(ThrowableCollector.java:73)
	at org.junit.platform.engine.support.hierarchical.NodeTestTask.lambda$executeRecursively$8(NodeTestTask.java:141)
	at org.junit.platform.engine.support.hierarchical.Node.around(Node.java:137)
	at org.junit.platform.engine.support.hierarchical.NodeTestTask.lambda$executeRecursively$9(NodeTestTask.java:139)
	at org.junit.platform.engine.support.hierarchical.ThrowableCollector.execute(ThrowableCollector.java:73)
	at org.junit.platform.engine.support.hierarchical.NodeTestTask.executeRecursively(NodeTestTask.java:138)
	at org.junit.platform.engine.support.hierarchical.NodeTestTask.execute(NodeTestTask.java:95)
	at java.base/java.util.ArrayList.forEach(ArrayList.java:1596)
	at org.junit.platform.engine.support.hierarchical.SameThreadHierarchicalTestExecutorService.invokeAll(SameThreadHierarchicalTestExecutorService.java:41)
	at org.junit.platform.engine.support.hierarchical.NodeTestTask.lambda$executeRecursively$6(NodeTestTask.java:155)
	at org.junit.platform.engine.support.hierarchical.ThrowableCollector.execute(ThrowableCollector.java:73)
	at org.junit.platform.engine.support.hierarchical.NodeTestTask.lambda$executeRecursively$8(NodeTestTask.java:141)
	at org.junit.platform.engine.support.hierarchical.Node.around(Node.java:137)
	at org.junit.platform.engine.support.hierarchical.NodeTestTask.lambda$executeRecursively$9(NodeTestTask.java:139)
	at org.junit.platform.engine.support.hierarchical.ThrowableCollector.execute(ThrowableCollector.java:73)
	at org.junit.platform.engine.support.hierarchical.NodeTestTask.executeRecursively(NodeTestTask.java:138)
	at org.junit.platform.engine.support.hierarchical.NodeTestTask.execute(NodeTestTask.java:95)
	at org.junit.platform.engine.support.hierarchical.SameThreadHierarchicalTestExecutorService.submit(SameThreadHierarchicalTestExecutorService.java:35)
	at org.junit.platform.engine.support.hierarchical.HierarchicalTestExecutor.execute(HierarchicalTestExecutor.java:57)
	at org.junit.platform.engine.support.hierarchical.HierarchicalTestEngine.execute(HierarchicalTestEngine.java:54)
	at org.junit.platform.launcher.core.EngineExecutionOrchestrator.execute(EngineExecutionOrchestrator.java:198)
	at org.junit.platform.launcher.core.EngineExecutionOrchestrator.execute(EngineExecutionOrchestrator.java:169)
	at org.junit.platform.launcher.core.EngineExecutionOrchestrator.execute(EngineExecutionOrchestrator.java:93)
	at org.junit.platform.launcher.core.EngineExecutionOrchestrator.lambda$execute$0(EngineExecutionOrchestrator.java:58)
	at org.junit.platform.launcher.core.EngineExecutionOrchestrator.withInterceptedStreams(EngineExecutionOrchestrator.java:141)
	at org.junit.platform.launcher.core.EngineExecutionOrchestrator.execute(EngineExecutionOrchestrator.java:57)
	at org.junit.platform.launcher.core.DefaultLauncher.execute(DefaultLauncher.java:103)
	at org.junit.platform.launcher.core.DefaultLauncher.execute(DefaultLauncher.java:85)
	at org.junit.platform.launcher.core.DelegatingLauncher.execute(DelegatingLauncher.java:47)
	at org.junit.platform.launcher.core.SessionPerRequestLauncher.execute(SessionPerRequestLauncher.java:63)
	at com.intellij.junit5.JUnit5IdeaTestRunner.startRunnerWithArgs(JUnit5IdeaTestRunner.java:57)
	at com.intellij.rt.junit.IdeaTestRunner$Repeater$1.execute(IdeaTestRunner.java:38)
	at com.intellij.rt.execution.junit.TestsRepeater.repeat(TestsRepeater.java:11)
	at com.intellij.rt.junit.IdeaTestRunner$Repeater.startRunnerWithArgs(IdeaTestRunner.java:35)
	at com.intellij.rt.junit.JUnitStarter.prepareStreamsAndStart(JUnitStarter.java:232)
	at com.intellij.rt.junit.JUnitStarter.main(JUnitStarter.java:55)
2025-01-22 12:16:58 [main] INFO  l.insoft.uztis.tests.utils.TestUtils - Screenshot moved to C:\Users\ingrida.zadorozniene\Desktop\Asm\UZTIS\UZTIS_tests\test-output\screenshots\20250122\121658522_testFillNewApplication().png
2025-01-22 12:19:13 [main] INFO  lt.insoft.uztis.tests.UztisPageTest - Navigated to https://uztisdev.asseco.lt/home
2025-01-22 12:19:13 [main] INFO  l.i.u.t.SubmittedApplicationsPageTest - Starting test:'testFillNewApplication'
2025-01-22 12:19:14 [main] DEBUG l.i.u.t.SubmittedApplicationsPageTest - User logged in with test credentials
2025-01-22 12:19:14 [main] DEBUG l.i.u.t.SubmittedApplicationsPageTest - Opened 'Application Processing' menu.
2025-01-22 12:19:14 [main] DEBUG l.i.u.t.SubmittedApplicationsPageTest - Clicked on 'Application Forms' menu.
2025-01-22 12:19:15 [main] DEBUG l.i.u.t.SubmittedApplicationsPageTest - Retrieved last description code text: 'TST-VUI-81'.
2025-01-22 12:19:15 [main] DEBUG l.i.u.t.SubmittedApplicationsPageTest - Clicked on 'Invitation' menu.
2025-01-22 12:19:15 [main] DEBUG l.i.u.t.SubmittedApplicationsPageTest - Selected application section by code: 'TST-VUI-81'.
2025-01-22 12:19:16 [main] DEBUG l.i.u.t.SubmittedApplicationsPageTest - Clicked 'Search' button.
2025-01-22 12:19:16 [main] DEBUG l.i.u.t.SubmittedApplicationsPageTest - Retrieved invitation code: ''.
2025-01-22 12:19:16 [main] DEBUG l.i.u.t.SubmittedApplicationsPageTest - Clicked on 'Submitted Applications' menu.
2025-01-22 12:19:16 [main] DEBUG l.i.u.t.SubmittedApplicationsPageTest - Selected invitation by code: 'TST-VUI-81'.
2025-01-22 12:19:16 [main] DEBUG l.i.u.t.SubmittedApplicationsPageTest - Clicked on 'Action Application' button.
2025-01-22 12:19:17 [main] DEBUG l.i.u.t.SubmittedApplicationsPageTest - Clicked on 'New Application' button.
2025-01-22 12:19:17 [main] DEBUG l.i.u.t.SubmittedApplicationsPageTest - Clicked on 'RadioButtonFA' button.
2025-01-22 12:19:17 [main] DEBUG l.i.u.t.SubmittedApplicationsPageTest - Entered phone number into the input field.
2025-01-22 12:19:18 [main] DEBUG l.i.u.t.SubmittedApplicationsPageTest - Entered eMail into the input field.
2025-01-22 12:19:18 [main] INFO  l.i.u.p.SubmittedApplicationsPage - Located the dropdown button.
2025-01-22 12:19:27 [main] INFO  l.i.u.p.SubmittedApplicationsPage - Successfully selected the value: '01.11 - Grūdinių (išskyrus ryžius), ankštinių ir aliejingų sėklų augalų auginimas'
2025-01-22 12:19:37 [main] ERROR l.i.u.p.SubmittedApplicationsPage - Failed to close the dropdown with aria-expanded = 'false'.
2025-01-22 12:19:38 [main] ERROR l.i.u.t.SubmittedApplicationsPageTest - Test 'testFillNewApplication' failed with error: element click intercepted: Element <h3 i-forms-h3="" class="dynamic-component ng-star-inserted">...</h3> is not clickable at point (1111, 252). Other element would receive the click: <div class="cdk-overlay-backdrop cdk-overlay-transparent-backdrop cdk-overlay-backdrop-showing"></div>
  (Session info: chrome=131.0.6778.265)
Build info: version: '4.27.0', revision: 'd6e718d134'
System info: os.name: 'Windows 11', os.arch: 'amd64', os.version: '10.0', java.version: '21.0.3'
Driver info: org.openqa.selenium.chrome.ChromeDriver
Command: [1170e5baaac341a922a124cbd0d88941, clickElement {id=f.3431E6CF7252CF4AC008A7260D339BEE.d.E7964ACE3006D9F92ABACFC7647AA575.e.2825}]
Capabilities {acceptInsecureCerts: false, browserName: chrome, browserVersion: 131.0.6778.265, chrome: {chromedriverVersion: 131.0.6778.264 (2d05e315153..., userDataDir: C:\Users\INGRID~1.ZAD\AppDa...}, fedcm:accounts: true, goog:chromeOptions: {debuggerAddress: localhost:59141}, networkConnectionEnabled: false, pageLoadStrategy: normal, platformName: windows, proxy: Proxy(), se:cdp: ws://localhost:59141/devtoo..., se:cdpVersion: 131.0.6778.265, setWindowRect: true, strictFileInteractability: false, timeouts: {implicit: 0, pageLoad: 300000, script: 30000}, unhandledPromptBehavior: dismiss and notify, webauthn:extension:credBlob: true, webauthn:extension:largeBlob: true, webauthn:extension:minPinLength: true, webauthn:extension:prf: true, webauthn:virtualAuthenticators: true}
Element: [[ChromeDriver: chrome on windows (1170e5baaac341a922a124cbd0d88941)] -> xpath: //h3[contains(text(), 'Informacija apie paraiškos teikėją')]]
Session ID: 1170e5baaac341a922a124cbd0d88941
org.openqa.selenium.ElementClickInterceptedException: element click intercepted: Element <h3 i-forms-h3="" class="dynamic-component ng-star-inserted">...</h3> is not clickable at point (1111, 252). Other element would receive the click: <div class="cdk-overlay-backdrop cdk-overlay-transparent-backdrop cdk-overlay-backdrop-showing"></div>
  (Session info: chrome=131.0.6778.265)
Build info: version: '4.27.0', revision: 'd6e718d134'
System info: os.name: 'Windows 11', os.arch: 'amd64', os.version: '10.0', java.version: '21.0.3'
Driver info: org.openqa.selenium.chrome.ChromeDriver
Command: [1170e5baaac341a922a124cbd0d88941, clickElement {id=f.3431E6CF7252CF4AC008A7260D339BEE.d.E7964ACE3006D9F92ABACFC7647AA575.e.2825}]
Capabilities {acceptInsecureCerts: false, browserName: chrome, browserVersion: 131.0.6778.265, chrome: {chromedriverVersion: 131.0.6778.264 (2d05e315153..., userDataDir: C:\Users\INGRID~1.ZAD\AppDa...}, fedcm:accounts: true, goog:chromeOptions: {debuggerAddress: localhost:59141}, networkConnectionEnabled: false, pageLoadStrategy: normal, platformName: windows, proxy: Proxy(), se:cdp: ws://localhost:59141/devtoo..., se:cdpVersion: 131.0.6778.265, setWindowRect: true, strictFileInteractability: false, timeouts: {implicit: 0, pageLoad: 300000, script: 30000}, unhandledPromptBehavior: dismiss and notify, webauthn:extension:credBlob: true, webauthn:extension:largeBlob: true, webauthn:extension:minPinLength: true, webauthn:extension:prf: true, webauthn:virtualAuthenticators: true}
Element: [[ChromeDriver: chrome on windows (1170e5baaac341a922a124cbd0d88941)] -> xpath: //h3[contains(text(), 'Informacija apie paraiškos teikėją')]]
Session ID: 1170e5baaac341a922a124cbd0d88941
	at java.base/jdk.internal.reflect.DirectConstructorHandleAccessor.newInstance(DirectConstructorHandleAccessor.java:62)
	at java.base/java.lang.reflect.Constructor.newInstanceWithCaller(Constructor.java:502)
	at java.base/java.lang.reflect.Constructor.newInstance(Constructor.java:486)
	at org.openqa.selenium.remote.ErrorCodec.decode(ErrorCodec.java:167)
	at org.openqa.selenium.remote.codec.w3c.W3CHttpResponseCodec.decode(W3CHttpResponseCodec.java:138)
	at org.openqa.selenium.remote.codec.w3c.W3CHttpResponseCodec.decode(W3CHttpResponseCodec.java:50)
	at org.openqa.selenium.remote.HttpCommandExecutor.execute(HttpCommandExecutor.java:190)
	at org.openqa.selenium.remote.service.DriverCommandExecutor.invokeExecute(DriverCommandExecutor.java:216)
	at org.openqa.selenium.remote.service.DriverCommandExecutor.execute(DriverCommandExecutor.java:174)
	at org.openqa.selenium.remote.RemoteWebDriver.execute(RemoteWebDriver.java:545)
	at org.openqa.selenium.remote.RemoteWebElement.execute(RemoteWebElement.java:223)
	at org.openqa.selenium.remote.RemoteWebElement.click(RemoteWebElement.java:76)
	at java.base/jdk.internal.reflect.DirectMethodHandleAccessor.invoke(DirectMethodHandleAccessor.java:103)
	at java.base/java.lang.reflect.Method.invoke(Method.java:580)
	at org.openqa.selenium.support.pagefactory.internal.LocatingElementHandler.invoke(LocatingElementHandler.java:51)
	at jdk.proxy2/jdk.proxy2.$Proxy14.click(Unknown Source)
	at lt.insoft.uztis.pages.SubmittedApplicationsPage.clickElementHeader(SubmittedApplicationsPage.java:184)
	at lt.insoft.uztis.tests.SubmittedApplicationsPageTest.testFillNewApplication(SubmittedApplicationsPageTest.java:158)
	at java.base/jdk.internal.reflect.DirectMethodHandleAccessor.invoke(DirectMethodHandleAccessor.java:103)
	at java.base/java.lang.reflect.Method.invoke(Method.java:580)
	at org.junit.platform.commons.util.ReflectionUtils.invokeMethod(ReflectionUtils.java:728)
	at org.junit.jupiter.engine.execution.MethodInvocation.proceed(MethodInvocation.java:60)
	at org.junit.jupiter.engine.execution.InvocationInterceptorChain$ValidatingInvocation.proceed(InvocationInterceptorChain.java:131)
	at org.junit.jupiter.engine.extension.TimeoutExtension.intercept(TimeoutExtension.java:156)
	at org.junit.jupiter.engine.extension.TimeoutExtension.interceptTestableMethod(TimeoutExtension.java:147)
	at org.junit.jupiter.engine.extension.TimeoutExtension.interceptTestMethod(TimeoutExtension.java:86)
	at org.junit.jupiter.engine.execution.InterceptingExecutableInvoker$ReflectiveInterceptorCall.lambda$ofVoidMethod$0(InterceptingExecutableInvoker.java:103)
	at org.junit.jupiter.engine.execution.InterceptingExecutableInvoker.lambda$invoke$0(InterceptingExecutableInvoker.java:93)
	at org.junit.jupiter.engine.execution.InvocationInterceptorChain$InterceptedInvocation.proceed(InvocationInterceptorChain.java:106)
	at org.junit.jupiter.engine.execution.InvocationInterceptorChain.proceed(InvocationInterceptorChain.java:64)
	at org.junit.jupiter.engine.execution.InvocationInterceptorChain.chainAndInvoke(InvocationInterceptorChain.java:45)
	at org.junit.jupiter.engine.execution.InvocationInterceptorChain.invoke(InvocationInterceptorChain.java:37)
	at org.junit.jupiter.engine.execution.InterceptingExecutableInvoker.invoke(InterceptingExecutableInvoker.java:92)
	at org.junit.jupiter.engine.execution.InterceptingExecutableInvoker.invoke(InterceptingExecutableInvoker.java:86)
	at org.junit.jupiter.engine.descriptor.TestMethodTestDescriptor.lambda$invokeTestMethod$7(TestMethodTestDescriptor.java:218)
	at org.junit.platform.engine.support.hierarchical.ThrowableCollector.execute(ThrowableCollector.java:73)
	at org.junit.jupiter.engine.descriptor.TestMethodTestDescriptor.invokeTestMethod(TestMethodTestDescriptor.java:214)
	at org.junit.jupiter.engine.descriptor.TestMethodTestDescriptor.execute(TestMethodTestDescriptor.java:139)
	at org.junit.jupiter.engine.descriptor.TestMethodTestDescriptor.execute(TestMethodTestDescriptor.java:69)
	at org.junit.platform.engine.support.hierarchical.NodeTestTask.lambda$executeRecursively$6(NodeTestTask.java:151)
	at org.junit.platform.engine.support.hierarchical.ThrowableCollector.execute(ThrowableCollector.java:73)
	at org.junit.platform.engine.support.hierarchical.NodeTestTask.lambda$executeRecursively$8(NodeTestTask.java:141)
	at org.junit.platform.engine.support.hierarchical.Node.around(Node.java:137)
	at org.junit.platform.engine.support.hierarchical.NodeTestTask.lambda$executeRecursively$9(NodeTestTask.java:139)
	at org.junit.platform.engine.support.hierarchical.ThrowableCollector.execute(ThrowableCollector.java:73)
	at org.junit.platform.engine.support.hierarchical.NodeTestTask.executeRecursively(NodeTestTask.java:138)
	at org.junit.platform.engine.support.hierarchical.NodeTestTask.execute(NodeTestTask.java:95)
	at java.base/java.util.ArrayList.forEach(ArrayList.java:1596)
	at org.junit.platform.engine.support.hierarchical.SameThreadHierarchicalTestExecutorService.invokeAll(SameThreadHierarchicalTestExecutorService.java:41)
	at org.junit.platform.engine.support.hierarchical.NodeTestTask.lambda$executeRecursively$6(NodeTestTask.java:155)
	at org.junit.platform.engine.support.hierarchical.ThrowableCollector.execute(ThrowableCollector.java:73)
	at org.junit.platform.engine.support.hierarchical.NodeTestTask.lambda$executeRecursively$8(NodeTestTask.java:141)
	at org.junit.platform.engine.support.hierarchical.Node.around(Node.java:137)
	at org.junit.platform.engine.support.hierarchical.NodeTestTask.lambda$executeRecursively$9(NodeTestTask.java:139)
	at org.junit.platform.engine.support.hierarchical.ThrowableCollector.execute(ThrowableCollector.java:73)
	at org.junit.platform.engine.support.hierarchical.NodeTestTask.executeRecursively(NodeTestTask.java:138)
	at org.junit.platform.engine.support.hierarchical.NodeTestTask.execute(NodeTestTask.java:95)
	at java.base/java.util.ArrayList.forEach(ArrayList.java:1596)
	at org.junit.platform.engine.support.hierarchical.SameThreadHierarchicalTestExecutorService.invokeAll(SameThreadHierarchicalTestExecutorService.java:41)
	at org.junit.platform.engine.support.hierarchical.NodeTestTask.lambda$executeRecursively$6(NodeTestTask.java:155)
	at org.junit.platform.engine.support.hierarchical.ThrowableCollector.execute(ThrowableCollector.java:73)
	at org.junit.platform.engine.support.hierarchical.NodeTestTask.lambda$executeRecursively$8(NodeTestTask.java:141)
	at org.junit.platform.engine.support.hierarchical.Node.around(Node.java:137)
	at org.junit.platform.engine.support.hierarchical.NodeTestTask.lambda$executeRecursively$9(NodeTestTask.java:139)
	at org.junit.platform.engine.support.hierarchical.ThrowableCollector.execute(ThrowableCollector.java:73)
	at org.junit.platform.engine.support.hierarchical.NodeTestTask.executeRecursively(NodeTestTask.java:138)
	at org.junit.platform.engine.support.hierarchical.NodeTestTask.execute(NodeTestTask.java:95)
	at org.junit.platform.engine.support.hierarchical.SameThreadHierarchicalTestExecutorService.submit(SameThreadHierarchicalTestExecutorService.java:35)
	at org.junit.platform.engine.support.hierarchical.HierarchicalTestExecutor.execute(HierarchicalTestExecutor.java:57)
	at org.junit.platform.engine.support.hierarchical.HierarchicalTestEngine.execute(HierarchicalTestEngine.java:54)
	at org.junit.platform.launcher.core.EngineExecutionOrchestrator.execute(EngineExecutionOrchestrator.java:198)
	at org.junit.platform.launcher.core.EngineExecutionOrchestrator.execute(EngineExecutionOrchestrator.java:169)
	at org.junit.platform.launcher.core.EngineExecutionOrchestrator.execute(EngineExecutionOrchestrator.java:93)
	at org.junit.platform.launcher.core.EngineExecutionOrchestrator.lambda$execute$0(EngineExecutionOrchestrator.java:58)
	at org.junit.platform.launcher.core.EngineExecutionOrchestrator.withInterceptedStreams(EngineExecutionOrchestrator.java:141)
	at org.junit.platform.launcher.core.EngineExecutionOrchestrator.execute(EngineExecutionOrchestrator.java:57)
	at org.junit.platform.launcher.core.DefaultLauncher.execute(DefaultLauncher.java:103)
	at org.junit.platform.launcher.core.DefaultLauncher.execute(DefaultLauncher.java:85)
	at org.junit.platform.launcher.core.DelegatingLauncher.execute(DelegatingLauncher.java:47)
	at org.junit.platform.launcher.core.SessionPerRequestLauncher.execute(SessionPerRequestLauncher.java:63)
	at com.intellij.junit5.JUnit5IdeaTestRunner.startRunnerWithArgs(JUnit5IdeaTestRunner.java:57)
	at com.intellij.rt.junit.IdeaTestRunner$Repeater$1.execute(IdeaTestRunner.java:38)
	at com.intellij.rt.execution.junit.TestsRepeater.repeat(TestsRepeater.java:11)
	at com.intellij.rt.junit.IdeaTestRunner$Repeater.startRunnerWithArgs(IdeaTestRunner.java:35)
	at com.intellij.rt.junit.JUnitStarter.prepareStreamsAndStart(JUnitStarter.java:232)
	at com.intellij.rt.junit.JUnitStarter.main(JUnitStarter.java:55)
2025-01-22 12:19:39 [main] INFO  l.insoft.uztis.tests.utils.TestUtils - Screenshot moved to C:\Users\ingrida.zadorozniene\Desktop\Asm\UZTIS\UZTIS_tests\test-output\screenshots\20250122\121939148_testFillNewApplication().png
2025-01-22 12:23:14 [main] INFO  lt.insoft.uztis.tests.UztisPageTest - Navigated to https://uztisdev.asseco.lt/home
2025-01-22 12:23:14 [main] INFO  l.i.u.t.SubmittedApplicationsPageTest - Starting test:'testFillNewApplication'
2025-01-22 12:23:15 [main] DEBUG l.i.u.t.SubmittedApplicationsPageTest - User logged in with test credentials
2025-01-22 12:23:15 [main] DEBUG l.i.u.t.SubmittedApplicationsPageTest - Opened 'Application Processing' menu.
2025-01-22 12:23:15 [main] DEBUG l.i.u.t.SubmittedApplicationsPageTest - Clicked on 'Application Forms' menu.
2025-01-22 12:23:15 [main] DEBUG l.i.u.t.SubmittedApplicationsPageTest - Retrieved last description code text: 'TST-VUI-81'.
2025-01-22 12:23:16 [main] DEBUG l.i.u.t.SubmittedApplicationsPageTest - Clicked on 'Invitation' menu.
2025-01-22 12:23:16 [main] DEBUG l.i.u.t.SubmittedApplicationsPageTest - Selected application section by code: 'TST-VUI-81'.
2025-01-22 12:23:16 [main] DEBUG l.i.u.t.SubmittedApplicationsPageTest - Clicked 'Search' button.
2025-01-22 12:23:16 [main] DEBUG l.i.u.t.SubmittedApplicationsPageTest - Retrieved invitation code: ''.
2025-01-22 12:23:17 [main] DEBUG l.i.u.t.SubmittedApplicationsPageTest - Clicked on 'Submitted Applications' menu.
2025-01-22 12:23:17 [main] DEBUG l.i.u.t.SubmittedApplicationsPageTest - Selected invitation by code: 'TST-VUI-81'.
2025-01-22 12:23:17 [main] DEBUG l.i.u.t.SubmittedApplicationsPageTest - Clicked on 'Action Application' button.
2025-01-22 12:23:18 [main] DEBUG l.i.u.t.SubmittedApplicationsPageTest - Clicked on 'New Application' button.
2025-01-22 12:23:18 [main] DEBUG l.i.u.t.SubmittedApplicationsPageTest - Clicked on 'RadioButtonFA' button.
2025-01-22 12:23:18 [main] DEBUG l.i.u.t.SubmittedApplicationsPageTest - Entered phone number into the input field.
2025-01-22 12:23:18 [main] DEBUG l.i.u.t.SubmittedApplicationsPageTest - Entered eMail into the input field.
2025-01-22 12:23:18 [main] INFO  l.i.u.p.SubmittedApplicationsPage - Located the dropdown button.
2025-01-22 12:23:28 [main] INFO  l.i.u.p.SubmittedApplicationsPage - Successfully selected the value: '01.11 - Grūdinių (išskyrus ryžius), ankštinių ir aliejingų sėklų augalų auginimas'
2025-01-22 12:23:38 [main] ERROR l.i.u.p.SubmittedApplicationsPage - Failed to close the dropdown with aria-expanded = 'false'.
2025-01-22 12:23:39 [main] ERROR l.i.u.t.SubmittedApplicationsPageTest - Test 'testFillNewApplication' failed with error: element click intercepted: Element <h3 i-forms-h3="" class="dynamic-component ng-star-inserted">...</h3> is not clickable at point (1111, 252). Other element would receive the click: <div class="cdk-overlay-backdrop cdk-overlay-transparent-backdrop cdk-overlay-backdrop-showing"></div>
  (Session info: chrome=131.0.6778.265)
Build info: version: '4.27.0', revision: 'd6e718d134'
System info: os.name: 'Windows 11', os.arch: 'amd64', os.version: '10.0', java.version: '21.0.3'
Driver info: org.openqa.selenium.chrome.ChromeDriver
Command: [1df4ddb9eb010ea5ce2a4f554a225588, clickElement {id=f.42DA24A266BDEC390E4B7A604260E7AD.d.565C5F4DD38D8F939C2F0EF1DE53CE3A.e.2826}]
Capabilities {acceptInsecureCerts: false, browserName: chrome, browserVersion: 131.0.6778.265, chrome: {chromedriverVersion: 131.0.6778.264 (2d05e315153..., userDataDir: C:\Users\INGRID~1.ZAD\AppDa...}, fedcm:accounts: true, goog:chromeOptions: {debuggerAddress: localhost:59283}, networkConnectionEnabled: false, pageLoadStrategy: normal, platformName: windows, proxy: Proxy(), se:cdp: ws://localhost:59283/devtoo..., se:cdpVersion: 131.0.6778.265, setWindowRect: true, strictFileInteractability: false, timeouts: {implicit: 0, pageLoad: 300000, script: 30000}, unhandledPromptBehavior: dismiss and notify, webauthn:extension:credBlob: true, webauthn:extension:largeBlob: true, webauthn:extension:minPinLength: true, webauthn:extension:prf: true, webauthn:virtualAuthenticators: true}
Element: [[ChromeDriver: chrome on windows (1df4ddb9eb010ea5ce2a4f554a225588)] -> xpath: //h3[@i-forms-h3]]
Session ID: 1df4ddb9eb010ea5ce2a4f554a225588
org.openqa.selenium.ElementClickInterceptedException: element click intercepted: Element <h3 i-forms-h3="" class="dynamic-component ng-star-inserted">...</h3> is not clickable at point (1111, 252). Other element would receive the click: <div class="cdk-overlay-backdrop cdk-overlay-transparent-backdrop cdk-overlay-backdrop-showing"></div>
  (Session info: chrome=131.0.6778.265)
Build info: version: '4.27.0', revision: 'd6e718d134'
System info: os.name: 'Windows 11', os.arch: 'amd64', os.version: '10.0', java.version: '21.0.3'
Driver info: org.openqa.selenium.chrome.ChromeDriver
Command: [1df4ddb9eb010ea5ce2a4f554a225588, clickElement {id=f.42DA24A266BDEC390E4B7A604260E7AD.d.565C5F4DD38D8F939C2F0EF1DE53CE3A.e.2826}]
Capabilities {acceptInsecureCerts: false, browserName: chrome, browserVersion: 131.0.6778.265, chrome: {chromedriverVersion: 131.0.6778.264 (2d05e315153..., userDataDir: C:\Users\INGRID~1.ZAD\AppDa...}, fedcm:accounts: true, goog:chromeOptions: {debuggerAddress: localhost:59283}, networkConnectionEnabled: false, pageLoadStrategy: normal, platformName: windows, proxy: Proxy(), se:cdp: ws://localhost:59283/devtoo..., se:cdpVersion: 131.0.6778.265, setWindowRect: true, strictFileInteractability: false, timeouts: {implicit: 0, pageLoad: 300000, script: 30000}, unhandledPromptBehavior: dismiss and notify, webauthn:extension:credBlob: true, webauthn:extension:largeBlob: true, webauthn:extension:minPinLength: true, webauthn:extension:prf: true, webauthn:virtualAuthenticators: true}
Element: [[ChromeDriver: chrome on windows (1df4ddb9eb010ea5ce2a4f554a225588)] -> xpath: //h3[@i-forms-h3]]
Session ID: 1df4ddb9eb010ea5ce2a4f554a225588
	at java.base/jdk.internal.reflect.DirectConstructorHandleAccessor.newInstance(DirectConstructorHandleAccessor.java:62)
	at java.base/java.lang.reflect.Constructor.newInstanceWithCaller(Constructor.java:502)
	at java.base/java.lang.reflect.Constructor.newInstance(Constructor.java:486)
	at org.openqa.selenium.remote.ErrorCodec.decode(ErrorCodec.java:167)
	at org.openqa.selenium.remote.codec.w3c.W3CHttpResponseCodec.decode(W3CHttpResponseCodec.java:138)
	at org.openqa.selenium.remote.codec.w3c.W3CHttpResponseCodec.decode(W3CHttpResponseCodec.java:50)
	at org.openqa.selenium.remote.HttpCommandExecutor.execute(HttpCommandExecutor.java:190)
	at org.openqa.selenium.remote.service.DriverCommandExecutor.invokeExecute(DriverCommandExecutor.java:216)
	at org.openqa.selenium.remote.service.DriverCommandExecutor.execute(DriverCommandExecutor.java:174)
	at org.openqa.selenium.remote.RemoteWebDriver.execute(RemoteWebDriver.java:545)
	at org.openqa.selenium.remote.RemoteWebElement.execute(RemoteWebElement.java:223)
	at org.openqa.selenium.remote.RemoteWebElement.click(RemoteWebElement.java:76)
	at java.base/jdk.internal.reflect.DirectMethodHandleAccessor.invoke(DirectMethodHandleAccessor.java:103)
	at java.base/java.lang.reflect.Method.invoke(Method.java:580)
	at org.openqa.selenium.support.pagefactory.internal.LocatingElementHandler.invoke(LocatingElementHandler.java:51)
	at jdk.proxy2/jdk.proxy2.$Proxy14.click(Unknown Source)
	at lt.insoft.uztis.pages.SubmittedApplicationsPage.clickElementHeader(SubmittedApplicationsPage.java:184)
	at lt.insoft.uztis.tests.SubmittedApplicationsPageTest.testFillNewApplication(SubmittedApplicationsPageTest.java:158)
	at java.base/jdk.internal.reflect.DirectMethodHandleAccessor.invoke(DirectMethodHandleAccessor.java:103)
	at java.base/java.lang.reflect.Method.invoke(Method.java:580)
	at org.junit.platform.commons.util.ReflectionUtils.invokeMethod(ReflectionUtils.java:728)
	at org.junit.jupiter.engine.execution.MethodInvocation.proceed(MethodInvocation.java:60)
	at org.junit.jupiter.engine.execution.InvocationInterceptorChain$ValidatingInvocation.proceed(InvocationInterceptorChain.java:131)
	at org.junit.jupiter.engine.extension.TimeoutExtension.intercept(TimeoutExtension.java:156)
	at org.junit.jupiter.engine.extension.TimeoutExtension.interceptTestableMethod(TimeoutExtension.java:147)
	at org.junit.jupiter.engine.extension.TimeoutExtension.interceptTestMethod(TimeoutExtension.java:86)
	at org.junit.jupiter.engine.execution.InterceptingExecutableInvoker$ReflectiveInterceptorCall.lambda$ofVoidMethod$0(InterceptingExecutableInvoker.java:103)
	at org.junit.jupiter.engine.execution.InterceptingExecutableInvoker.lambda$invoke$0(InterceptingExecutableInvoker.java:93)
	at org.junit.jupiter.engine.execution.InvocationInterceptorChain$InterceptedInvocation.proceed(InvocationInterceptorChain.java:106)
	at org.junit.jupiter.engine.execution.InvocationInterceptorChain.proceed(InvocationInterceptorChain.java:64)
	at org.junit.jupiter.engine.execution.InvocationInterceptorChain.chainAndInvoke(InvocationInterceptorChain.java:45)
	at org.junit.jupiter.engine.execution.InvocationInterceptorChain.invoke(InvocationInterceptorChain.java:37)
	at org.junit.jupiter.engine.execution.InterceptingExecutableInvoker.invoke(InterceptingExecutableInvoker.java:92)
	at org.junit.jupiter.engine.execution.InterceptingExecutableInvoker.invoke(InterceptingExecutableInvoker.java:86)
	at org.junit.jupiter.engine.descriptor.TestMethodTestDescriptor.lambda$invokeTestMethod$7(TestMethodTestDescriptor.java:218)
	at org.junit.platform.engine.support.hierarchical.ThrowableCollector.execute(ThrowableCollector.java:73)
	at org.junit.jupiter.engine.descriptor.TestMethodTestDescriptor.invokeTestMethod(TestMethodTestDescriptor.java:214)
	at org.junit.jupiter.engine.descriptor.TestMethodTestDescriptor.execute(TestMethodTestDescriptor.java:139)
	at org.junit.jupiter.engine.descriptor.TestMethodTestDescriptor.execute(TestMethodTestDescriptor.java:69)
	at org.junit.platform.engine.support.hierarchical.NodeTestTask.lambda$executeRecursively$6(NodeTestTask.java:151)
	at org.junit.platform.engine.support.hierarchical.ThrowableCollector.execute(ThrowableCollector.java:73)
	at org.junit.platform.engine.support.hierarchical.NodeTestTask.lambda$executeRecursively$8(NodeTestTask.java:141)
	at org.junit.platform.engine.support.hierarchical.Node.around(Node.java:137)
	at org.junit.platform.engine.support.hierarchical.NodeTestTask.lambda$executeRecursively$9(NodeTestTask.java:139)
	at org.junit.platform.engine.support.hierarchical.ThrowableCollector.execute(ThrowableCollector.java:73)
	at org.junit.platform.engine.support.hierarchical.NodeTestTask.executeRecursively(NodeTestTask.java:138)
	at org.junit.platform.engine.support.hierarchical.NodeTestTask.execute(NodeTestTask.java:95)
	at java.base/java.util.ArrayList.forEach(ArrayList.java:1596)
	at org.junit.platform.engine.support.hierarchical.SameThreadHierarchicalTestExecutorService.invokeAll(SameThreadHierarchicalTestExecutorService.java:41)
	at org.junit.platform.engine.support.hierarchical.NodeTestTask.lambda$executeRecursively$6(NodeTestTask.java:155)
	at org.junit.platform.engine.support.hierarchical.ThrowableCollector.execute(ThrowableCollector.java:73)
	at org.junit.platform.engine.support.hierarchical.NodeTestTask.lambda$executeRecursively$8(NodeTestTask.java:141)
	at org.junit.platform.engine.support.hierarchical.Node.around(Node.java:137)
	at org.junit.platform.engine.support.hierarchical.NodeTestTask.lambda$executeRecursively$9(NodeTestTask.java:139)
	at org.junit.platform.engine.support.hierarchical.ThrowableCollector.execute(ThrowableCollector.java:73)
	at org.junit.platform.engine.support.hierarchical.NodeTestTask.executeRecursively(NodeTestTask.java:138)
	at org.junit.platform.engine.support.hierarchical.NodeTestTask.execute(NodeTestTask.java:95)
	at java.base/java.util.ArrayList.forEach(ArrayList.java:1596)
	at org.junit.platform.engine.support.hierarchical.SameThreadHierarchicalTestExecutorService.invokeAll(SameThreadHierarchicalTestExecutorService.java:41)
	at org.junit.platform.engine.support.hierarchical.NodeTestTask.lambda$executeRecursively$6(NodeTestTask.java:155)
	at org.junit.platform.engine.support.hierarchical.ThrowableCollector.execute(ThrowableCollector.java:73)
	at org.junit.platform.engine.support.hierarchical.NodeTestTask.lambda$executeRecursively$8(NodeTestTask.java:141)
	at org.junit.platform.engine.support.hierarchical.Node.around(Node.java:137)
	at org.junit.platform.engine.support.hierarchical.NodeTestTask.lambda$executeRecursively$9(NodeTestTask.java:139)
	at org.junit.platform.engine.support.hierarchical.ThrowableCollector.execute(ThrowableCollector.java:73)
	at org.junit.platform.engine.support.hierarchical.NodeTestTask.executeRecursively(NodeTestTask.java:138)
	at org.junit.platform.engine.support.hierarchical.NodeTestTask.execute(NodeTestTask.java:95)
	at org.junit.platform.engine.support.hierarchical.SameThreadHierarchicalTestExecutorService.submit(SameThreadHierarchicalTestExecutorService.java:35)
	at org.junit.platform.engine.support.hierarchical.HierarchicalTestExecutor.execute(HierarchicalTestExecutor.java:57)
	at org.junit.platform.engine.support.hierarchical.HierarchicalTestEngine.execute(HierarchicalTestEngine.java:54)
	at org.junit.platform.launcher.core.EngineExecutionOrchestrator.execute(EngineExecutionOrchestrator.java:198)
	at org.junit.platform.launcher.core.EngineExecutionOrchestrator.execute(EngineExecutionOrchestrator.java:169)
	at org.junit.platform.launcher.core.EngineExecutionOrchestrator.execute(EngineExecutionOrchestrator.java:93)
	at org.junit.platform.launcher.core.EngineExecutionOrchestrator.lambda$execute$0(EngineExecutionOrchestrator.java:58)
	at org.junit.platform.launcher.core.EngineExecutionOrchestrator.withInterceptedStreams(EngineExecutionOrchestrator.java:141)
	at org.junit.platform.launcher.core.EngineExecutionOrchestrator.execute(EngineExecutionOrchestrator.java:57)
	at org.junit.platform.launcher.core.DefaultLauncher.execute(DefaultLauncher.java:103)
	at org.junit.platform.launcher.core.DefaultLauncher.execute(DefaultLauncher.java:85)
	at org.junit.platform.launcher.core.DelegatingLauncher.execute(DelegatingLauncher.java:47)
	at org.junit.platform.launcher.core.SessionPerRequestLauncher.execute(SessionPerRequestLauncher.java:63)
	at com.intellij.junit5.JUnit5IdeaTestRunner.startRunnerWithArgs(JUnit5IdeaTestRunner.java:57)
	at com.intellij.rt.junit.IdeaTestRunner$Repeater$1.execute(IdeaTestRunner.java:38)
	at com.intellij.rt.execution.junit.TestsRepeater.repeat(TestsRepeater.java:11)
	at com.intellij.rt.junit.IdeaTestRunner$Repeater.startRunnerWithArgs(IdeaTestRunner.java:35)
	at com.intellij.rt.junit.JUnitStarter.prepareStreamsAndStart(JUnitStarter.java:232)
	at com.intellij.rt.junit.JUnitStarter.main(JUnitStarter.java:55)
2025-01-22 12:23:39 [main] INFO  l.insoft.uztis.tests.utils.TestUtils - Screenshot moved to C:\Users\ingrida.zadorozniene\Desktop\Asm\UZTIS\UZTIS_tests\test-output\screenshots\20250122\122339581_testFillNewApplication().png
2025-01-22 12:25:28 [main] INFO  lt.insoft.uztis.tests.UztisPageTest - Navigated to https://uztisdev.asseco.lt/home
2025-01-22 12:25:28 [main] INFO  l.i.u.t.SubmittedApplicationsPageTest - Starting test:'testFillNewApplication'
2025-01-22 12:25:28 [main] DEBUG l.i.u.t.SubmittedApplicationsPageTest - User logged in with test credentials
2025-01-22 12:25:28 [main] DEBUG l.i.u.t.SubmittedApplicationsPageTest - Opened 'Application Processing' menu.
2025-01-22 12:25:28 [main] DEBUG l.i.u.t.SubmittedApplicationsPageTest - Clicked on 'Application Forms' menu.
2025-01-22 12:25:29 [main] DEBUG l.i.u.t.SubmittedApplicationsPageTest - Retrieved last description code text: 'TST-VUI-81'.
2025-01-22 12:25:29 [main] DEBUG l.i.u.t.SubmittedApplicationsPageTest - Clicked on 'Invitation' menu.
2025-01-22 12:25:30 [main] DEBUG l.i.u.t.SubmittedApplicationsPageTest - Selected application section by code: 'TST-VUI-81'.
2025-01-22 12:25:30 [main] DEBUG l.i.u.t.SubmittedApplicationsPageTest - Clicked 'Search' button.
2025-01-22 12:25:30 [main] DEBUG l.i.u.t.SubmittedApplicationsPageTest - Retrieved invitation code: ''.
2025-01-22 12:25:30 [main] DEBUG l.i.u.t.SubmittedApplicationsPageTest - Clicked on 'Submitted Applications' menu.
2025-01-22 12:25:31 [main] DEBUG l.i.u.t.SubmittedApplicationsPageTest - Selected invitation by code: 'TST-VUI-81'.
2025-01-22 12:25:31 [main] DEBUG l.i.u.t.SubmittedApplicationsPageTest - Clicked on 'Action Application' button.
2025-01-22 12:25:31 [main] DEBUG l.i.u.t.SubmittedApplicationsPageTest - Clicked on 'New Application' button.
2025-01-22 12:25:31 [main] DEBUG l.i.u.t.SubmittedApplicationsPageTest - Clicked on 'RadioButtonFA' button.
2025-01-22 12:25:32 [main] DEBUG l.i.u.t.SubmittedApplicationsPageTest - Entered phone number into the input field.
2025-01-22 12:25:32 [main] DEBUG l.i.u.t.SubmittedApplicationsPageTest - Entered eMail into the input field.
2025-01-22 12:25:32 [main] INFO  l.i.u.p.SubmittedApplicationsPage - Located the dropdown button.
2025-01-22 12:25:41 [main] INFO  l.i.u.p.SubmittedApplicationsPage - Successfully selected the value: '01.11 - Grūdinių (išskyrus ryžius), ankštinių ir aliejingų sėklų augalų auginimas'
2025-01-22 12:25:51 [main] ERROR l.i.u.p.SubmittedApplicationsPage - Failed to close the dropdown with aria-expanded = 'false'.
2025-01-22 12:25:51 [main] ERROR l.i.u.t.SubmittedApplicationsPageTest - Test 'testFillNewApplication' failed with error: element not interactable: element has zero size
  (Session info: chrome=131.0.6778.265)
Build info: version: '4.27.0', revision: 'd6e718d134'
System info: os.name: 'Windows 11', os.arch: 'amd64', os.version: '10.0', java.version: '21.0.3'
Driver info: org.openqa.selenium.chrome.ChromeDriver
Command: [a25ee691e5f2f3a3ddbf4d7db35410ea, clickElement {id=f.98BB575F1B72C5C19B08D1ED7C66C894.d.F5EB769E81D2709BB8666F5EDEBB676F.e.2825}]
Capabilities {acceptInsecureCerts: false, browserName: chrome, browserVersion: 131.0.6778.265, chrome: {chromedriverVersion: 131.0.6778.264 (2d05e315153..., userDataDir: C:\Users\INGRID~1.ZAD\AppDa...}, fedcm:accounts: true, goog:chromeOptions: {debuggerAddress: localhost:59366}, networkConnectionEnabled: false, pageLoadStrategy: normal, platformName: windows, proxy: Proxy(), se:cdp: ws://localhost:59366/devtoo..., se:cdpVersion: 131.0.6778.265, setWindowRect: true, strictFileInteractability: false, timeouts: {implicit: 0, pageLoad: 300000, script: 30000}, unhandledPromptBehavior: dismiss and notify, webauthn:extension:credBlob: true, webauthn:extension:largeBlob: true, webauthn:extension:minPinLength: true, webauthn:extension:prf: true, webauthn:virtualAuthenticators: true}
Element: [[ChromeDriver: chrome on windows (a25ee691e5f2f3a3ddbf4d7db35410ea)] -> xpath: //body]
Session ID: a25ee691e5f2f3a3ddbf4d7db35410ea
org.openqa.selenium.ElementNotInteractableException: element not interactable: element has zero size
  (Session info: chrome=131.0.6778.265)
Build info: version: '4.27.0', revision: 'd6e718d134'
System info: os.name: 'Windows 11', os.arch: 'amd64', os.version: '10.0', java.version: '21.0.3'
Driver info: org.openqa.selenium.chrome.ChromeDriver
Command: [a25ee691e5f2f3a3ddbf4d7db35410ea, clickElement {id=f.98BB575F1B72C5C19B08D1ED7C66C894.d.F5EB769E81D2709BB8666F5EDEBB676F.e.2825}]
Capabilities {acceptInsecureCerts: false, browserName: chrome, browserVersion: 131.0.6778.265, chrome: {chromedriverVersion: 131.0.6778.264 (2d05e315153..., userDataDir: C:\Users\INGRID~1.ZAD\AppDa...}, fedcm:accounts: true, goog:chromeOptions: {debuggerAddress: localhost:59366}, networkConnectionEnabled: false, pageLoadStrategy: normal, platformName: windows, proxy: Proxy(), se:cdp: ws://localhost:59366/devtoo..., se:cdpVersion: 131.0.6778.265, setWindowRect: true, strictFileInteractability: false, timeouts: {implicit: 0, pageLoad: 300000, script: 30000}, unhandledPromptBehavior: dismiss and notify, webauthn:extension:credBlob: true, webauthn:extension:largeBlob: true, webauthn:extension:minPinLength: true, webauthn:extension:prf: true, webauthn:virtualAuthenticators: true}
Element: [[ChromeDriver: chrome on windows (a25ee691e5f2f3a3ddbf4d7db35410ea)] -> xpath: //body]
Session ID: a25ee691e5f2f3a3ddbf4d7db35410ea
	at java.base/jdk.internal.reflect.DirectConstructorHandleAccessor.newInstance(DirectConstructorHandleAccessor.java:62)
	at java.base/java.lang.reflect.Constructor.newInstanceWithCaller(Constructor.java:502)
	at java.base/java.lang.reflect.Constructor.newInstance(Constructor.java:486)
	at org.openqa.selenium.remote.ErrorCodec.decode(ErrorCodec.java:167)
	at org.openqa.selenium.remote.codec.w3c.W3CHttpResponseCodec.decode(W3CHttpResponseCodec.java:138)
	at org.openqa.selenium.remote.codec.w3c.W3CHttpResponseCodec.decode(W3CHttpResponseCodec.java:50)
	at org.openqa.selenium.remote.HttpCommandExecutor.execute(HttpCommandExecutor.java:190)
	at org.openqa.selenium.remote.service.DriverCommandExecutor.invokeExecute(DriverCommandExecutor.java:216)
	at org.openqa.selenium.remote.service.DriverCommandExecutor.execute(DriverCommandExecutor.java:174)
	at org.openqa.selenium.remote.RemoteWebDriver.execute(RemoteWebDriver.java:545)
	at org.openqa.selenium.remote.RemoteWebElement.execute(RemoteWebElement.java:223)
	at org.openqa.selenium.remote.RemoteWebElement.click(RemoteWebElement.java:76)
	at java.base/jdk.internal.reflect.DirectMethodHandleAccessor.invoke(DirectMethodHandleAccessor.java:103)
	at java.base/java.lang.reflect.Method.invoke(Method.java:580)
	at org.openqa.selenium.support.pagefactory.internal.LocatingElementHandler.invoke(LocatingElementHandler.java:51)
	at jdk.proxy2/jdk.proxy2.$Proxy14.click(Unknown Source)
	at lt.insoft.uztis.pages.SubmittedApplicationsPage.clickElementHeader(SubmittedApplicationsPage.java:184)
	at lt.insoft.uztis.tests.SubmittedApplicationsPageTest.testFillNewApplication(SubmittedApplicationsPageTest.java:158)
	at java.base/jdk.internal.reflect.DirectMethodHandleAccessor.invoke(DirectMethodHandleAccessor.java:103)
	at java.base/java.lang.reflect.Method.invoke(Method.java:580)
	at org.junit.platform.commons.util.ReflectionUtils.invokeMethod(ReflectionUtils.java:728)
	at org.junit.jupiter.engine.execution.MethodInvocation.proceed(MethodInvocation.java:60)
	at org.junit.jupiter.engine.execution.InvocationInterceptorChain$ValidatingInvocation.proceed(InvocationInterceptorChain.java:131)
	at org.junit.jupiter.engine.extension.TimeoutExtension.intercept(TimeoutExtension.java:156)
	at org.junit.jupiter.engine.extension.TimeoutExtension.interceptTestableMethod(TimeoutExtension.java:147)
	at org.junit.jupiter.engine.extension.TimeoutExtension.interceptTestMethod(TimeoutExtension.java:86)
	at org.junit.jupiter.engine.execution.InterceptingExecutableInvoker$ReflectiveInterceptorCall.lambda$ofVoidMethod$0(InterceptingExecutableInvoker.java:103)
	at org.junit.jupiter.engine.execution.InterceptingExecutableInvoker.lambda$invoke$0(InterceptingExecutableInvoker.java:93)
	at org.junit.jupiter.engine.execution.InvocationInterceptorChain$InterceptedInvocation.proceed(InvocationInterceptorChain.java:106)
	at org.junit.jupiter.engine.execution.InvocationInterceptorChain.proceed(InvocationInterceptorChain.java:64)
	at org.junit.jupiter.engine.execution.InvocationInterceptorChain.chainAndInvoke(InvocationInterceptorChain.java:45)
	at org.junit.jupiter.engine.execution.InvocationInterceptorChain.invoke(InvocationInterceptorChain.java:37)
	at org.junit.jupiter.engine.execution.InterceptingExecutableInvoker.invoke(InterceptingExecutableInvoker.java:92)
	at org.junit.jupiter.engine.execution.InterceptingExecutableInvoker.invoke(InterceptingExecutableInvoker.java:86)
	at org.junit.jupiter.engine.descriptor.TestMethodTestDescriptor.lambda$invokeTestMethod$7(TestMethodTestDescriptor.java:218)
	at org.junit.platform.engine.support.hierarchical.ThrowableCollector.execute(ThrowableCollector.java:73)
	at org.junit.jupiter.engine.descriptor.TestMethodTestDescriptor.invokeTestMethod(TestMethodTestDescriptor.java:214)
	at org.junit.jupiter.engine.descriptor.TestMethodTestDescriptor.execute(TestMethodTestDescriptor.java:139)
	at org.junit.jupiter.engine.descriptor.TestMethodTestDescriptor.execute(TestMethodTestDescriptor.java:69)
	at org.junit.platform.engine.support.hierarchical.NodeTestTask.lambda$executeRecursively$6(NodeTestTask.java:151)
	at org.junit.platform.engine.support.hierarchical.ThrowableCollector.execute(ThrowableCollector.java:73)
	at org.junit.platform.engine.support.hierarchical.NodeTestTask.lambda$executeRecursively$8(NodeTestTask.java:141)
	at org.junit.platform.engine.support.hierarchical.Node.around(Node.java:137)
	at org.junit.platform.engine.support.hierarchical.NodeTestTask.lambda$executeRecursively$9(NodeTestTask.java:139)
	at org.junit.platform.engine.support.hierarchical.ThrowableCollector.execute(ThrowableCollector.java:73)
	at org.junit.platform.engine.support.hierarchical.NodeTestTask.executeRecursively(NodeTestTask.java:138)
	at org.junit.platform.engine.support.hierarchical.NodeTestTask.execute(NodeTestTask.java:95)
	at java.base/java.util.ArrayList.forEach(ArrayList.java:1596)
	at org.junit.platform.engine.support.hierarchical.SameThreadHierarchicalTestExecutorService.invokeAll(SameThreadHierarchicalTestExecutorService.java:41)
	at org.junit.platform.engine.support.hierarchical.NodeTestTask.lambda$executeRecursively$6(NodeTestTask.java:155)
	at org.junit.platform.engine.support.hierarchical.ThrowableCollector.execute(ThrowableCollector.java:73)
	at org.junit.platform.engine.support.hierarchical.NodeTestTask.lambda$executeRecursively$8(NodeTestTask.java:141)
	at org.junit.platform.engine.support.hierarchical.Node.around(Node.java:137)
	at org.junit.platform.engine.support.hierarchical.NodeTestTask.lambda$executeRecursively$9(NodeTestTask.java:139)
	at org.junit.platform.engine.support.hierarchical.ThrowableCollector.execute(ThrowableCollector.java:73)
	at org.junit.platform.engine.support.hierarchical.NodeTestTask.executeRecursively(NodeTestTask.java:138)
	at org.junit.platform.engine.support.hierarchical.NodeTestTask.execute(NodeTestTask.java:95)
	at java.base/java.util.ArrayList.forEach(ArrayList.java:1596)
	at org.junit.platform.engine.support.hierarchical.SameThreadHierarchicalTestExecutorService.invokeAll(SameThreadHierarchicalTestExecutorService.java:41)
	at org.junit.platform.engine.support.hierarchical.NodeTestTask.lambda$executeRecursively$6(NodeTestTask.java:155)
	at org.junit.platform.engine.support.hierarchical.ThrowableCollector.execute(ThrowableCollector.java:73)
	at org.junit.platform.engine.support.hierarchical.NodeTestTask.lambda$executeRecursively$8(NodeTestTask.java:141)
	at org.junit.platform.engine.support.hierarchical.Node.around(Node.java:137)
	at org.junit.platform.engine.support.hierarchical.NodeTestTask.lambda$executeRecursively$9(NodeTestTask.java:139)
	at org.junit.platform.engine.support.hierarchical.ThrowableCollector.execute(ThrowableCollector.java:73)
	at org.junit.platform.engine.support.hierarchical.NodeTestTask.executeRecursively(NodeTestTask.java:138)
	at org.junit.platform.engine.support.hierarchical.NodeTestTask.execute(NodeTestTask.java:95)
	at org.junit.platform.engine.support.hierarchical.SameThreadHierarchicalTestExecutorService.submit(SameThreadHierarchicalTestExecutorService.java:35)
	at org.junit.platform.engine.support.hierarchical.HierarchicalTestExecutor.execute(HierarchicalTestExecutor.java:57)
	at org.junit.platform.engine.support.hierarchical.HierarchicalTestEngine.execute(HierarchicalTestEngine.java:54)
	at org.junit.platform.launcher.core.EngineExecutionOrchestrator.execute(EngineExecutionOrchestrator.java:198)
	at org.junit.platform.launcher.core.EngineExecutionOrchestrator.execute(EngineExecutionOrchestrator.java:169)
	at org.junit.platform.launcher.core.EngineExecutionOrchestrator.execute(EngineExecutionOrchestrator.java:93)
	at org.junit.platform.launcher.core.EngineExecutionOrchestrator.lambda$execute$0(EngineExecutionOrchestrator.java:58)
	at org.junit.platform.launcher.core.EngineExecutionOrchestrator.withInterceptedStreams(EngineExecutionOrchestrator.java:141)
	at org.junit.platform.launcher.core.EngineExecutionOrchestrator.execute(EngineExecutionOrchestrator.java:57)
	at org.junit.platform.launcher.core.DefaultLauncher.execute(DefaultLauncher.java:103)
	at org.junit.platform.launcher.core.DefaultLauncher.execute(DefaultLauncher.java:85)
	at org.junit.platform.launcher.core.DelegatingLauncher.execute(DelegatingLauncher.java:47)
	at org.junit.platform.launcher.core.SessionPerRequestLauncher.execute(SessionPerRequestLauncher.java:63)
	at com.intellij.junit5.JUnit5IdeaTestRunner.startRunnerWithArgs(JUnit5IdeaTestRunner.java:57)
	at com.intellij.rt.junit.IdeaTestRunner$Repeater$1.execute(IdeaTestRunner.java:38)
	at com.intellij.rt.execution.junit.TestsRepeater.repeat(TestsRepeater.java:11)
	at com.intellij.rt.junit.IdeaTestRunner$Repeater.startRunnerWithArgs(IdeaTestRunner.java:35)
	at com.intellij.rt.junit.JUnitStarter.prepareStreamsAndStart(JUnitStarter.java:232)
	at com.intellij.rt.junit.JUnitStarter.main(JUnitStarter.java:55)
2025-01-22 12:25:51 [main] INFO  l.insoft.uztis.tests.utils.TestUtils - Screenshot moved to C:\Users\ingrida.zadorozniene\Desktop\Asm\UZTIS\UZTIS_tests\test-output\screenshots\20250122\122551635_testFillNewApplication().png
2025-01-22 12:28:18 [main] INFO  lt.insoft.uztis.tests.UztisPageTest - Navigated to https://uztisdev.asseco.lt/home
2025-01-22 12:28:18 [main] INFO  l.i.u.t.SubmittedApplicationsPageTest - Starting test:'testFillNewApplication'
2025-01-22 12:28:18 [main] DEBUG l.i.u.t.SubmittedApplicationsPageTest - User logged in with test credentials
2025-01-22 12:28:19 [main] DEBUG l.i.u.t.SubmittedApplicationsPageTest - Opened 'Application Processing' menu.
2025-01-22 12:28:19 [main] DEBUG l.i.u.t.SubmittedApplicationsPageTest - Clicked on 'Application Forms' menu.
2025-01-22 12:28:19 [main] DEBUG l.i.u.t.SubmittedApplicationsPageTest - Retrieved last description code text: 'TST-VUI-81'.
2025-01-22 12:28:19 [main] DEBUG l.i.u.t.SubmittedApplicationsPageTest - Clicked on 'Invitation' menu.
2025-01-22 12:28:20 [main] DEBUG l.i.u.t.SubmittedApplicationsPageTest - Selected application section by code: 'TST-VUI-81'.
2025-01-22 12:28:20 [main] DEBUG l.i.u.t.SubmittedApplicationsPageTest - Clicked 'Search' button.
2025-01-22 12:28:20 [main] DEBUG l.i.u.t.SubmittedApplicationsPageTest - Retrieved invitation code: ''.
2025-01-22 12:28:20 [main] DEBUG l.i.u.t.SubmittedApplicationsPageTest - Clicked on 'Submitted Applications' menu.
2025-01-22 12:28:21 [main] DEBUG l.i.u.t.SubmittedApplicationsPageTest - Selected invitation by code: 'TST-VUI-81'.
2025-01-22 12:28:21 [main] DEBUG l.i.u.t.SubmittedApplicationsPageTest - Clicked on 'Action Application' button.
2025-01-22 12:28:21 [main] DEBUG l.i.u.t.SubmittedApplicationsPageTest - Clicked on 'New Application' button.
2025-01-22 12:28:22 [main] DEBUG l.i.u.t.SubmittedApplicationsPageTest - Clicked on 'RadioButtonFA' button.
2025-01-22 12:28:22 [main] DEBUG l.i.u.t.SubmittedApplicationsPageTest - Entered phone number into the input field.
2025-01-22 12:28:22 [main] DEBUG l.i.u.t.SubmittedApplicationsPageTest - Entered eMail into the input field.
2025-01-22 12:28:22 [main] INFO  l.i.u.p.SubmittedApplicationsPage - Located the dropdown button.
2025-01-22 12:28:41 [main] INFO  l.i.u.p.SubmittedApplicationsPage - Successfully selected the value: '01.11 - Grūdinių (išskyrus ryžius), ankštinių ir aliejingų sėklų augalų auginimas'
2025-01-22 12:28:52 [main] ERROR l.i.u.p.SubmittedApplicationsPage - Failed to close the dropdown with aria-expanded = 'false'. Attempting manual close.
2025-01-22 12:28:52 [main] ERROR l.i.u.p.SubmittedApplicationsPage - Error selecting value from the list: element not interactable: element has zero size
  (Session info: chrome=131.0.6778.265)
Build info: version: '4.27.0', revision: 'd6e718d134'
System info: os.name: 'Windows 11', os.arch: 'amd64', os.version: '10.0', java.version: '21.0.3'
Driver info: org.openqa.selenium.chrome.ChromeDriver
Command: [bf835eb5afed7265bebbf768a6123c93, clickElement {id=f.7BF1A88F2A805AF291766A9512FF9BCF.d.9A772F30EF73B39028146428F59FBFD1.e.1955}]
Capabilities {acceptInsecureCerts: false, browserName: chrome, browserVersion: 131.0.6778.265, chrome: {chromedriverVersion: 131.0.6778.264 (2d05e315153..., userDataDir: C:\Users\INGRID~1.ZAD\AppDa...}, fedcm:accounts: true, goog:chromeOptions: {debuggerAddress: localhost:59528}, networkConnectionEnabled: false, pageLoadStrategy: normal, platformName: windows, proxy: Proxy(), se:cdp: ws://localhost:59528/devtoo..., se:cdpVersion: 131.0.6778.265, setWindowRect: true, strictFileInteractability: false, timeouts: {implicit: 0, pageLoad: 300000, script: 30000}, unhandledPromptBehavior: dismiss and notify, webauthn:extension:credBlob: true, webauthn:extension:largeBlob: true, webauthn:extension:minPinLength: true, webauthn:extension:prf: true, webauthn:virtualAuthenticators: true}
Element: [[ChromeDriver: chrome on windows (bf835eb5afed7265bebbf768a6123c93)] -> xpath: //body//*]
Session ID: bf835eb5afed7265bebbf768a6123c93
2025-01-22 12:28:52 [main] ERROR l.i.u.t.SubmittedApplicationsPageTest - Test 'testFillNewApplication' failed with error: Failed to select from the list
java.lang.RuntimeException: Failed to select from the list
	at lt.insoft.uztis.pages.SubmittedApplicationsPage.selectValueByListEVRK(SubmittedApplicationsPage.java:230)
	at lt.insoft.uztis.tests.SubmittedApplicationsPageTest.testFillNewApplication(SubmittedApplicationsPageTest.java:156)
	at java.base/jdk.internal.reflect.DirectMethodHandleAccessor.invoke(DirectMethodHandleAccessor.java:103)
	at java.base/java.lang.reflect.Method.invoke(Method.java:580)
	at org.junit.platform.commons.util.ReflectionUtils.invokeMethod(ReflectionUtils.java:728)
	at org.junit.jupiter.engine.execution.MethodInvocation.proceed(MethodInvocation.java:60)
	at org.junit.jupiter.engine.execution.InvocationInterceptorChain$ValidatingInvocation.proceed(InvocationInterceptorChain.java:131)
	at org.junit.jupiter.engine.extension.TimeoutExtension.intercept(TimeoutExtension.java:156)
	at org.junit.jupiter.engine.extension.TimeoutExtension.interceptTestableMethod(TimeoutExtension.java:147)
	at org.junit.jupiter.engine.extension.TimeoutExtension.interceptTestMethod(TimeoutExtension.java:86)
	at org.junit.jupiter.engine.execution.InterceptingExecutableInvoker$ReflectiveInterceptorCall.lambda$ofVoidMethod$0(InterceptingExecutableInvoker.java:103)
	at org.junit.jupiter.engine.execution.InterceptingExecutableInvoker.lambda$invoke$0(InterceptingExecutableInvoker.java:93)
	at org.junit.jupiter.engine.execution.InvocationInterceptorChain$InterceptedInvocation.proceed(InvocationInterceptorChain.java:106)
	at org.junit.jupiter.engine.execution.InvocationInterceptorChain.proceed(InvocationInterceptorChain.java:64)
	at org.junit.jupiter.engine.execution.InvocationInterceptorChain.chainAndInvoke(InvocationInterceptorChain.java:45)
	at org.junit.jupiter.engine.execution.InvocationInterceptorChain.invoke(InvocationInterceptorChain.java:37)
	at org.junit.jupiter.engine.execution.InterceptingExecutableInvoker.invoke(InterceptingExecutableInvoker.java:92)
	at org.junit.jupiter.engine.execution.InterceptingExecutableInvoker.invoke(InterceptingExecutableInvoker.java:86)
	at org.junit.jupiter.engine.descriptor.TestMethodTestDescriptor.lambda$invokeTestMethod$7(TestMethodTestDescriptor.java:218)
	at org.junit.platform.engine.support.hierarchical.ThrowableCollector.execute(ThrowableCollector.java:73)
	at org.junit.jupiter.engine.descriptor.TestMethodTestDescriptor.invokeTestMethod(TestMethodTestDescriptor.java:214)
	at org.junit.jupiter.engine.descriptor.TestMethodTestDescriptor.execute(TestMethodTestDescriptor.java:139)
	at org.junit.jupiter.engine.descriptor.TestMethodTestDescriptor.execute(TestMethodTestDescriptor.java:69)
	at org.junit.platform.engine.support.hierarchical.NodeTestTask.lambda$executeRecursively$6(NodeTestTask.java:151)
	at org.junit.platform.engine.support.hierarchical.ThrowableCollector.execute(ThrowableCollector.java:73)
	at org.junit.platform.engine.support.hierarchical.NodeTestTask.lambda$executeRecursively$8(NodeTestTask.java:141)
	at org.junit.platform.engine.support.hierarchical.Node.around(Node.java:137)
	at org.junit.platform.engine.support.hierarchical.NodeTestTask.lambda$executeRecursively$9(NodeTestTask.java:139)
	at org.junit.platform.engine.support.hierarchical.ThrowableCollector.execute(ThrowableCollector.java:73)
	at org.junit.platform.engine.support.hierarchical.NodeTestTask.executeRecursively(NodeTestTask.java:138)
	at org.junit.platform.engine.support.hierarchical.NodeTestTask.execute(NodeTestTask.java:95)
	at java.base/java.util.ArrayList.forEach(ArrayList.java:1596)
	at org.junit.platform.engine.support.hierarchical.SameThreadHierarchicalTestExecutorService.invokeAll(SameThreadHierarchicalTestExecutorService.java:41)
	at org.junit.platform.engine.support.hierarchical.NodeTestTask.lambda$executeRecursively$6(NodeTestTask.java:155)
	at org.junit.platform.engine.support.hierarchical.ThrowableCollector.execute(ThrowableCollector.java:73)
	at org.junit.platform.engine.support.hierarchical.NodeTestTask.lambda$executeRecursively$8(NodeTestTask.java:141)
	at org.junit.platform.engine.support.hierarchical.Node.around(Node.java:137)
	at org.junit.platform.engine.support.hierarchical.NodeTestTask.lambda$executeRecursively$9(NodeTestTask.java:139)
	at org.junit.platform.engine.support.hierarchical.ThrowableCollector.execute(ThrowableCollector.java:73)
	at org.junit.platform.engine.support.hierarchical.NodeTestTask.executeRecursively(NodeTestTask.java:138)
	at org.junit.platform.engine.support.hierarchical.NodeTestTask.execute(NodeTestTask.java:95)
	at java.base/java.util.ArrayList.forEach(ArrayList.java:1596)
	at org.junit.platform.engine.support.hierarchical.SameThreadHierarchicalTestExecutorService.invokeAll(SameThreadHierarchicalTestExecutorService.java:41)
	at org.junit.platform.engine.support.hierarchical.NodeTestTask.lambda$executeRecursively$6(NodeTestTask.java:155)
	at org.junit.platform.engine.support.hierarchical.ThrowableCollector.execute(ThrowableCollector.java:73)
	at org.junit.platform.engine.support.hierarchical.NodeTestTask.lambda$executeRecursively$8(NodeTestTask.java:141)
	at org.junit.platform.engine.support.hierarchical.Node.around(Node.java:137)
	at org.junit.platform.engine.support.hierarchical.NodeTestTask.lambda$executeRecursively$9(NodeTestTask.java:139)
	at org.junit.platform.engine.support.hierarchical.ThrowableCollector.execute(ThrowableCollector.java:73)
	at org.junit.platform.engine.support.hierarchical.NodeTestTask.executeRecursively(NodeTestTask.java:138)
	at org.junit.platform.engine.support.hierarchical.NodeTestTask.execute(NodeTestTask.java:95)
	at org.junit.platform.engine.support.hierarchical.SameThreadHierarchicalTestExecutorService.submit(SameThreadHierarchicalTestExecutorService.java:35)
	at org.junit.platform.engine.support.hierarchical.HierarchicalTestExecutor.execute(HierarchicalTestExecutor.java:57)
	at org.junit.platform.engine.support.hierarchical.HierarchicalTestEngine.execute(HierarchicalTestEngine.java:54)
	at org.junit.platform.launcher.core.EngineExecutionOrchestrator.execute(EngineExecutionOrchestrator.java:198)
	at org.junit.platform.launcher.core.EngineExecutionOrchestrator.execute(EngineExecutionOrchestrator.java:169)
	at org.junit.platform.launcher.core.EngineExecutionOrchestrator.execute(EngineExecutionOrchestrator.java:93)
	at org.junit.platform.launcher.core.EngineExecutionOrchestrator.lambda$execute$0(EngineExecutionOrchestrator.java:58)
	at org.junit.platform.launcher.core.EngineExecutionOrchestrator.withInterceptedStreams(EngineExecutionOrchestrator.java:141)
	at org.junit.platform.launcher.core.EngineExecutionOrchestrator.execute(EngineExecutionOrchestrator.java:57)
	at org.junit.platform.launcher.core.DefaultLauncher.execute(DefaultLauncher.java:103)
	at org.junit.platform.launcher.core.DefaultLauncher.execute(DefaultLauncher.java:85)
	at org.junit.platform.launcher.core.DelegatingLauncher.execute(DelegatingLauncher.java:47)
	at org.junit.platform.launcher.core.SessionPerRequestLauncher.execute(SessionPerRequestLauncher.java:63)
	at com.intellij.junit5.JUnit5IdeaTestRunner.startRunnerWithArgs(JUnit5IdeaTestRunner.java:57)
	at com.intellij.rt.junit.IdeaTestRunner$Repeater$1.execute(IdeaTestRunner.java:38)
	at com.intellij.rt.execution.junit.TestsRepeater.repeat(TestsRepeater.java:11)
	at com.intellij.rt.junit.IdeaTestRunner$Repeater.startRunnerWithArgs(IdeaTestRunner.java:35)
	at com.intellij.rt.junit.JUnitStarter.prepareStreamsAndStart(JUnitStarter.java:232)
	at com.intellij.rt.junit.JUnitStarter.main(JUnitStarter.java:55)
Caused by: org.openqa.selenium.ElementNotInteractableException: element not interactable: element has zero size
  (Session info: chrome=131.0.6778.265)
Build info: version: '4.27.0', revision: 'd6e718d134'
System info: os.name: 'Windows 11', os.arch: 'amd64', os.version: '10.0', java.version: '21.0.3'
Driver info: org.openqa.selenium.chrome.ChromeDriver
Command: [bf835eb5afed7265bebbf768a6123c93, clickElement {id=f.7BF1A88F2A805AF291766A9512FF9BCF.d.9A772F30EF73B39028146428F59FBFD1.e.1955}]
Capabilities {acceptInsecureCerts: false, browserName: chrome, browserVersion: 131.0.6778.265, chrome: {chromedriverVersion: 131.0.6778.264 (2d05e315153..., userDataDir: C:\Users\INGRID~1.ZAD\AppDa...}, fedcm:accounts: true, goog:chromeOptions: {debuggerAddress: localhost:59528}, networkConnectionEnabled: false, pageLoadStrategy: normal, platformName: windows, proxy: Proxy(), se:cdp: ws://localhost:59528/devtoo..., se:cdpVersion: 131.0.6778.265, setWindowRect: true, strictFileInteractability: false, timeouts: {implicit: 0, pageLoad: 300000, script: 30000}, unhandledPromptBehavior: dismiss and notify, webauthn:extension:credBlob: true, webauthn:extension:largeBlob: true, webauthn:extension:minPinLength: true, webauthn:extension:prf: true, webauthn:virtualAuthenticators: true}
Element: [[ChromeDriver: chrome on windows (bf835eb5afed7265bebbf768a6123c93)] -> xpath: //body//*]
Session ID: bf835eb5afed7265bebbf768a6123c93
	at java.base/jdk.internal.reflect.DirectConstructorHandleAccessor.newInstance(DirectConstructorHandleAccessor.java:62)
	at java.base/java.lang.reflect.Constructor.newInstanceWithCaller(Constructor.java:502)
	at java.base/java.lang.reflect.Constructor.newInstance(Constructor.java:486)
	at org.openqa.selenium.remote.ErrorCodec.decode(ErrorCodec.java:167)
	at org.openqa.selenium.remote.codec.w3c.W3CHttpResponseCodec.decode(W3CHttpResponseCodec.java:138)
	at org.openqa.selenium.remote.codec.w3c.W3CHttpResponseCodec.decode(W3CHttpResponseCodec.java:50)
	at org.openqa.selenium.remote.HttpCommandExecutor.execute(HttpCommandExecutor.java:190)
	at org.openqa.selenium.remote.service.DriverCommandExecutor.invokeExecute(DriverCommandExecutor.java:216)
	at org.openqa.selenium.remote.service.DriverCommandExecutor.execute(DriverCommandExecutor.java:174)
	at org.openqa.selenium.remote.RemoteWebDriver.execute(RemoteWebDriver.java:545)
	at org.openqa.selenium.remote.RemoteWebElement.execute(RemoteWebElement.java:223)
	at org.openqa.selenium.remote.RemoteWebElement.click(RemoteWebElement.java:76)
	at lt.insoft.uztis.pages.SubmittedApplicationsPage.selectValueByListEVRK(SubmittedApplicationsPage.java:224)
	... 69 common frames omitted
2025-01-22 12:28:52 [main] INFO  l.insoft.uztis.tests.utils.TestUtils - Screenshot moved to C:\Users\ingrida.zadorozniene\Desktop\Asm\UZTIS\UZTIS_tests\test-output\screenshots\20250122\122852417_testFillNewApplication().png
2025-01-22 12:35:30 [main] INFO  lt.insoft.uztis.tests.UztisPageTest - Navigated to https://uztisdev.asseco.lt/home
2025-01-22 12:35:30 [main] INFO  l.i.u.t.SubmittedApplicationsPageTest - Starting test:'testFillNewApplication'
2025-01-22 12:35:31 [main] DEBUG l.i.u.t.SubmittedApplicationsPageTest - User logged in with test credentials
2025-01-22 12:35:31 [main] DEBUG l.i.u.t.SubmittedApplicationsPageTest - Opened 'Application Processing' menu.
2025-01-22 12:35:31 [main] DEBUG l.i.u.t.SubmittedApplicationsPageTest - Clicked on 'Application Forms' menu.
2025-01-22 12:35:31 [main] DEBUG l.i.u.t.SubmittedApplicationsPageTest - Retrieved last description code text: 'TST-VUI-81'.
2025-01-22 12:35:31 [main] DEBUG l.i.u.t.SubmittedApplicationsPageTest - Clicked on 'Invitation' menu.
2025-01-22 12:35:32 [main] DEBUG l.i.u.t.SubmittedApplicationsPageTest - Selected application section by code: 'TST-VUI-81'.
2025-01-22 12:35:32 [main] DEBUG l.i.u.t.SubmittedApplicationsPageTest - Clicked 'Search' button.
2025-01-22 12:35:32 [main] DEBUG l.i.u.t.SubmittedApplicationsPageTest - Retrieved invitation code: ''.
2025-01-22 12:35:32 [main] DEBUG l.i.u.t.SubmittedApplicationsPageTest - Clicked on 'Submitted Applications' menu.
2025-01-22 12:35:33 [main] DEBUG l.i.u.t.SubmittedApplicationsPageTest - Selected invitation by code: 'TST-VUI-81'.
2025-01-22 12:35:33 [main] DEBUG l.i.u.t.SubmittedApplicationsPageTest - Clicked on 'Action Application' button.
2025-01-22 12:35:33 [main] DEBUG l.i.u.t.SubmittedApplicationsPageTest - Clicked on 'New Application' button.
2025-01-22 12:35:34 [main] DEBUG l.i.u.t.SubmittedApplicationsPageTest - Clicked on 'RadioButtonFA' button.
2025-01-22 12:35:34 [main] DEBUG l.i.u.t.SubmittedApplicationsPageTest - Entered phone number into the input field.
2025-01-22 12:35:34 [main] DEBUG l.i.u.t.SubmittedApplicationsPageTest - Entered eMail into the input field.
2025-01-22 12:35:34 [main] INFO  l.i.u.p.SubmittedApplicationsPage - Located the dropdown button.
2025-01-22 12:35:50 [main] INFO  l.i.u.p.SubmittedApplicationsPage - Successfully selected the value: '01.11 - Grūdinių (išskyrus ryžius), ankštinių ir aliejingų sėklų augalų auginimas'
2025-01-22 12:36:00 [main] ERROR l.i.u.p.SubmittedApplicationsPage - Failed to close the dropdown with aria-expanded = 'false'. Attempting manual close.
2025-01-22 12:36:02 [main] ERROR l.i.u.p.SubmittedApplicationsPage - Error selecting value from the list: element click intercepted: Element <mat-label>...</mat-label> is not clickable at point (566, 917). Other element would receive the click: <span class="ng-star-inserted">...</span>
  (Session info: chrome=131.0.6778.265)
Build info: version: '4.27.0', revision: 'd6e718d134'
System info: os.name: 'Windows 11', os.arch: 'amd64', os.version: '10.0', java.version: '21.0.3'
Driver info: org.openqa.selenium.chrome.ChromeDriver
Command: [c1c4c7b6200635a81ba40da3e06fe21f, clickElement {id=f.EAFE7FE72E21206F12A258D40BB3809E.d.3207C03F242F316765D51C7C07C67877.e.207}]
Capabilities {acceptInsecureCerts: false, browserName: chrome, browserVersion: 131.0.6778.265, chrome: {chromedriverVersion: 131.0.6778.264 (2d05e315153..., userDataDir: C:\Users\INGRID~1.ZAD\AppDa...}, fedcm:accounts: true, goog:chromeOptions: {debuggerAddress: localhost:59960}, networkConnectionEnabled: false, pageLoadStrategy: normal, platformName: windows, proxy: Proxy(), se:cdp: ws://localhost:59960/devtoo..., se:cdpVersion: 131.0.6778.265, setWindowRect: true, strictFileInteractability: false, timeouts: {implicit: 0, pageLoad: 300000, script: 30000}, unhandledPromptBehavior: dismiss and notify, webauthn:extension:credBlob: true, webauthn:extension:largeBlob: true, webauthn:extension:minPinLength: true, webauthn:extension:prf: true, webauthn:virtualAuthenticators: true}
Element: [[ChromeDriver: chrome on windows (c1c4c7b6200635a81ba40da3e06fe21f)] -> xpath: //mat-label[contains(text(), 'Projekto teikėjo planuojama vykdyti veikla, kuriai prašoma subsidija, kodas pagal EVRK')]]
Session ID: c1c4c7b6200635a81ba40da3e06fe21f
2025-01-22 12:36:02 [main] ERROR l.i.u.t.SubmittedApplicationsPageTest - Test 'testFillNewApplication' failed with error: Failed to select from the list
java.lang.RuntimeException: Failed to select from the list
	at lt.insoft.uztis.pages.SubmittedApplicationsPage.selectValueByListEVRK(SubmittedApplicationsPage.java:228)
	at lt.insoft.uztis.tests.SubmittedApplicationsPageTest.testFillNewApplication(SubmittedApplicationsPageTest.java:156)
	at java.base/jdk.internal.reflect.DirectMethodHandleAccessor.invoke(DirectMethodHandleAccessor.java:103)
	at java.base/java.lang.reflect.Method.invoke(Method.java:580)
	at org.junit.platform.commons.util.ReflectionUtils.invokeMethod(ReflectionUtils.java:728)
	at org.junit.jupiter.engine.execution.MethodInvocation.proceed(MethodInvocation.java:60)
	at org.junit.jupiter.engine.execution.InvocationInterceptorChain$ValidatingInvocation.proceed(InvocationInterceptorChain.java:131)
	at org.junit.jupiter.engine.extension.TimeoutExtension.intercept(TimeoutExtension.java:156)
	at org.junit.jupiter.engine.extension.TimeoutExtension.interceptTestableMethod(TimeoutExtension.java:147)
	at org.junit.jupiter.engine.extension.TimeoutExtension.interceptTestMethod(TimeoutExtension.java:86)
	at org.junit.jupiter.engine.execution.InterceptingExecutableInvoker$ReflectiveInterceptorCall.lambda$ofVoidMethod$0(InterceptingExecutableInvoker.java:103)
	at org.junit.jupiter.engine.execution.InterceptingExecutableInvoker.lambda$invoke$0(InterceptingExecutableInvoker.java:93)
	at org.junit.jupiter.engine.execution.InvocationInterceptorChain$InterceptedInvocation.proceed(InvocationInterceptorChain.java:106)
	at org.junit.jupiter.engine.execution.InvocationInterceptorChain.proceed(InvocationInterceptorChain.java:64)
	at org.junit.jupiter.engine.execution.InvocationInterceptorChain.chainAndInvoke(InvocationInterceptorChain.java:45)
	at org.junit.jupiter.engine.execution.InvocationInterceptorChain.invoke(InvocationInterceptorChain.java:37)
	at org.junit.jupiter.engine.execution.InterceptingExecutableInvoker.invoke(InterceptingExecutableInvoker.java:92)
	at org.junit.jupiter.engine.execution.InterceptingExecutableInvoker.invoke(InterceptingExecutableInvoker.java:86)
	at org.junit.jupiter.engine.descriptor.TestMethodTestDescriptor.lambda$invokeTestMethod$7(TestMethodTestDescriptor.java:218)
	at org.junit.platform.engine.support.hierarchical.ThrowableCollector.execute(ThrowableCollector.java:73)
	at org.junit.jupiter.engine.descriptor.TestMethodTestDescriptor.invokeTestMethod(TestMethodTestDescriptor.java:214)
	at org.junit.jupiter.engine.descriptor.TestMethodTestDescriptor.execute(TestMethodTestDescriptor.java:139)
	at org.junit.jupiter.engine.descriptor.TestMethodTestDescriptor.execute(TestMethodTestDescriptor.java:69)
	at org.junit.platform.engine.support.hierarchical.NodeTestTask.lambda$executeRecursively$6(NodeTestTask.java:151)
	at org.junit.platform.engine.support.hierarchical.ThrowableCollector.execute(ThrowableCollector.java:73)
	at org.junit.platform.engine.support.hierarchical.NodeTestTask.lambda$executeRecursively$8(NodeTestTask.java:141)
	at org.junit.platform.engine.support.hierarchical.Node.around(Node.java:137)
	at org.junit.platform.engine.support.hierarchical.NodeTestTask.lambda$executeRecursively$9(NodeTestTask.java:139)
	at org.junit.platform.engine.support.hierarchical.ThrowableCollector.execute(ThrowableCollector.java:73)
	at org.junit.platform.engine.support.hierarchical.NodeTestTask.executeRecursively(NodeTestTask.java:138)
	at org.junit.platform.engine.support.hierarchical.NodeTestTask.execute(NodeTestTask.java:95)
	at java.base/java.util.ArrayList.forEach(ArrayList.java:1596)
	at org.junit.platform.engine.support.hierarchical.SameThreadHierarchicalTestExecutorService.invokeAll(SameThreadHierarchicalTestExecutorService.java:41)
	at org.junit.platform.engine.support.hierarchical.NodeTestTask.lambda$executeRecursively$6(NodeTestTask.java:155)
	at org.junit.platform.engine.support.hierarchical.ThrowableCollector.execute(ThrowableCollector.java:73)
	at org.junit.platform.engine.support.hierarchical.NodeTestTask.lambda$executeRecursively$8(NodeTestTask.java:141)
	at org.junit.platform.engine.support.hierarchical.Node.around(Node.java:137)
	at org.junit.platform.engine.support.hierarchical.NodeTestTask.lambda$executeRecursively$9(NodeTestTask.java:139)
	at org.junit.platform.engine.support.hierarchical.ThrowableCollector.execute(ThrowableCollector.java:73)
	at org.junit.platform.engine.support.hierarchical.NodeTestTask.executeRecursively(NodeTestTask.java:138)
	at org.junit.platform.engine.support.hierarchical.NodeTestTask.execute(NodeTestTask.java:95)
	at java.base/java.util.ArrayList.forEach(ArrayList.java:1596)
	at org.junit.platform.engine.support.hierarchical.SameThreadHierarchicalTestExecutorService.invokeAll(SameThreadHierarchicalTestExecutorService.java:41)
	at org.junit.platform.engine.support.hierarchical.NodeTestTask.lambda$executeRecursively$6(NodeTestTask.java:155)
	at org.junit.platform.engine.support.hierarchical.ThrowableCollector.execute(ThrowableCollector.java:73)
	at org.junit.platform.engine.support.hierarchical.NodeTestTask.lambda$executeRecursively$8(NodeTestTask.java:141)
	at org.junit.platform.engine.support.hierarchical.Node.around(Node.java:137)
	at org.junit.platform.engine.support.hierarchical.NodeTestTask.lambda$executeRecursively$9(NodeTestTask.java:139)
	at org.junit.platform.engine.support.hierarchical.ThrowableCollector.execute(ThrowableCollector.java:73)
	at org.junit.platform.engine.support.hierarchical.NodeTestTask.executeRecursively(NodeTestTask.java:138)
	at org.junit.platform.engine.support.hierarchical.NodeTestTask.execute(NodeTestTask.java:95)
	at org.junit.platform.engine.support.hierarchical.SameThreadHierarchicalTestExecutorService.submit(SameThreadHierarchicalTestExecutorService.java:35)
	at org.junit.platform.engine.support.hierarchical.HierarchicalTestExecutor.execute(HierarchicalTestExecutor.java:57)
	at org.junit.platform.engine.support.hierarchical.HierarchicalTestEngine.execute(HierarchicalTestEngine.java:54)
	at org.junit.platform.launcher.core.EngineExecutionOrchestrator.execute(EngineExecutionOrchestrator.java:198)
	at org.junit.platform.launcher.core.EngineExecutionOrchestrator.execute(EngineExecutionOrchestrator.java:169)
	at org.junit.platform.launcher.core.EngineExecutionOrchestrator.execute(EngineExecutionOrchestrator.java:93)
	at org.junit.platform.launcher.core.EngineExecutionOrchestrator.lambda$execute$0(EngineExecutionOrchestrator.java:58)
	at org.junit.platform.launcher.core.EngineExecutionOrchestrator.withInterceptedStreams(EngineExecutionOrchestrator.java:141)
	at org.junit.platform.launcher.core.EngineExecutionOrchestrator.execute(EngineExecutionOrchestrator.java:57)
	at org.junit.platform.launcher.core.DefaultLauncher.execute(DefaultLauncher.java:103)
	at org.junit.platform.launcher.core.DefaultLauncher.execute(DefaultLauncher.java:85)
	at org.junit.platform.launcher.core.DelegatingLauncher.execute(DelegatingLauncher.java:47)
	at org.junit.platform.launcher.core.SessionPerRequestLauncher.execute(SessionPerRequestLauncher.java:63)
	at com.intellij.junit5.JUnit5IdeaTestRunner.startRunnerWithArgs(JUnit5IdeaTestRunner.java:57)
	at com.intellij.rt.junit.IdeaTestRunner$Repeater$1.execute(IdeaTestRunner.java:38)
	at com.intellij.rt.execution.junit.TestsRepeater.repeat(TestsRepeater.java:11)
	at com.intellij.rt.junit.IdeaTestRunner$Repeater.startRunnerWithArgs(IdeaTestRunner.java:35)
	at com.intellij.rt.junit.JUnitStarter.prepareStreamsAndStart(JUnitStarter.java:232)
	at com.intellij.rt.junit.JUnitStarter.main(JUnitStarter.java:55)
Caused by: org.openqa.selenium.ElementClickInterceptedException: element click intercepted: Element <mat-label>...</mat-label> is not clickable at point (566, 917). Other element would receive the click: <span class="ng-star-inserted">...</span>
  (Session info: chrome=131.0.6778.265)
Build info: version: '4.27.0', revision: 'd6e718d134'
System info: os.name: 'Windows 11', os.arch: 'amd64', os.version: '10.0', java.version: '21.0.3'
Driver info: org.openqa.selenium.chrome.ChromeDriver
Command: [c1c4c7b6200635a81ba40da3e06fe21f, clickElement {id=f.EAFE7FE72E21206F12A258D40BB3809E.d.3207C03F242F316765D51C7C07C67877.e.207}]
Capabilities {acceptInsecureCerts: false, browserName: chrome, browserVersion: 131.0.6778.265, chrome: {chromedriverVersion: 131.0.6778.264 (2d05e315153..., userDataDir: C:\Users\INGRID~1.ZAD\AppDa...}, fedcm:accounts: true, goog:chromeOptions: {debuggerAddress: localhost:59960}, networkConnectionEnabled: false, pageLoadStrategy: normal, platformName: windows, proxy: Proxy(), se:cdp: ws://localhost:59960/devtoo..., se:cdpVersion: 131.0.6778.265, setWindowRect: true, strictFileInteractability: false, timeouts: {implicit: 0, pageLoad: 300000, script: 30000}, unhandledPromptBehavior: dismiss and notify, webauthn:extension:credBlob: true, webauthn:extension:largeBlob: true, webauthn:extension:minPinLength: true, webauthn:extension:prf: true, webauthn:virtualAuthenticators: true}
Element: [[ChromeDriver: chrome on windows (c1c4c7b6200635a81ba40da3e06fe21f)] -> xpath: //mat-label[contains(text(), 'Projekto teikėjo planuojama vykdyti veikla, kuriai prašoma subsidija, kodas pagal EVRK')]]
Session ID: c1c4c7b6200635a81ba40da3e06fe21f
	at java.base/jdk.internal.reflect.DirectConstructorHandleAccessor.newInstance(DirectConstructorHandleAccessor.java:62)
	at java.base/java.lang.reflect.Constructor.newInstanceWithCaller(Constructor.java:502)
	at java.base/java.lang.reflect.Constructor.newInstance(Constructor.java:486)
	at org.openqa.selenium.remote.ErrorCodec.decode(ErrorCodec.java:167)
	at org.openqa.selenium.remote.codec.w3c.W3CHttpResponseCodec.decode(W3CHttpResponseCodec.java:138)
	at org.openqa.selenium.remote.codec.w3c.W3CHttpResponseCodec.decode(W3CHttpResponseCodec.java:50)
	at org.openqa.selenium.remote.HttpCommandExecutor.execute(HttpCommandExecutor.java:190)
	at org.openqa.selenium.remote.service.DriverCommandExecutor.invokeExecute(DriverCommandExecutor.java:216)
	at org.openqa.selenium.remote.service.DriverCommandExecutor.execute(DriverCommandExecutor.java:174)
	at org.openqa.selenium.remote.RemoteWebDriver.execute(RemoteWebDriver.java:545)
	at org.openqa.selenium.remote.RemoteWebElement.execute(RemoteWebElement.java:223)
	at org.openqa.selenium.remote.RemoteWebElement.click(RemoteWebElement.java:76)
	at java.base/jdk.internal.reflect.DirectMethodHandleAccessor.invoke(DirectMethodHandleAccessor.java:103)
	at java.base/java.lang.reflect.Method.invoke(Method.java:580)
	at org.openqa.selenium.support.pagefactory.internal.LocatingElementHandler.invoke(LocatingElementHandler.java:51)
	at jdk.proxy2/jdk.proxy2.$Proxy14.click(Unknown Source)
	at lt.insoft.uztis.pages.SubmittedApplicationsPage.selectValueByListEVRK(SubmittedApplicationsPage.java:222)
	... 69 common frames omitted
2025-01-22 12:36:02 [main] INFO  l.insoft.uztis.tests.utils.TestUtils - Screenshot moved to C:\Users\ingrida.zadorozniene\Desktop\Asm\UZTIS\UZTIS_tests\test-output\screenshots\20250122\123602185_testFillNewApplication().png
2025-01-22 12:40:35 [main] INFO  lt.insoft.uztis.tests.UztisPageTest - Navigated to https://uztisdev.asseco.lt/home
2025-01-22 12:40:35 [main] INFO  l.i.u.t.SubmittedApplicationsPageTest - Starting test:'testFillNewApplication'
2025-01-22 12:40:36 [main] DEBUG l.i.u.t.SubmittedApplicationsPageTest - User logged in with test credentials
2025-01-22 12:40:36 [main] DEBUG l.i.u.t.SubmittedApplicationsPageTest - Opened 'Application Processing' menu.
2025-01-22 12:40:36 [main] DEBUG l.i.u.t.SubmittedApplicationsPageTest - Clicked on 'Application Forms' menu.
2025-01-22 12:40:36 [main] DEBUG l.i.u.t.SubmittedApplicationsPageTest - Retrieved last description code text: 'TST-VUI-81'.
2025-01-22 12:40:36 [main] DEBUG l.i.u.t.SubmittedApplicationsPageTest - Clicked on 'Invitation' menu.
2025-01-22 12:40:37 [main] DEBUG l.i.u.t.SubmittedApplicationsPageTest - Selected application section by code: 'TST-VUI-81'.
2025-01-22 12:40:37 [main] DEBUG l.i.u.t.SubmittedApplicationsPageTest - Clicked 'Search' button.
2025-01-22 12:40:37 [main] DEBUG l.i.u.t.SubmittedApplicationsPageTest - Retrieved invitation code: ''.
2025-01-22 12:40:37 [main] DEBUG l.i.u.t.SubmittedApplicationsPageTest - Clicked on 'Submitted Applications' menu.
2025-01-22 12:40:38 [main] DEBUG l.i.u.t.SubmittedApplicationsPageTest - Selected invitation by code: 'TST-VUI-81'.
2025-01-22 12:40:38 [main] DEBUG l.i.u.t.SubmittedApplicationsPageTest - Clicked on 'Action Application' button.
2025-01-22 12:40:38 [main] DEBUG l.i.u.t.SubmittedApplicationsPageTest - Clicked on 'New Application' button.
2025-01-22 12:40:39 [main] DEBUG l.i.u.t.SubmittedApplicationsPageTest - Clicked on 'RadioButtonFA' button.
2025-01-22 12:40:39 [main] DEBUG l.i.u.t.SubmittedApplicationsPageTest - Entered phone number into the input field.
2025-01-22 12:40:39 [main] DEBUG l.i.u.t.SubmittedApplicationsPageTest - Entered eMail into the input field.
2025-01-22 12:40:39 [main] INFO  l.i.u.p.SubmittedApplicationsPage - Located the dropdown button.
2025-01-22 12:40:48 [main] INFO  l.i.u.p.SubmittedApplicationsPage - Successfully selected the value: '01.11 - Grūdinių (išskyrus ryžius), ankštinių ir aliejingų sėklų augalų auginimas'
2025-01-22 12:40:58 [main] ERROR l.i.u.p.SubmittedApplicationsPage - Failed to close the dropdown with aria-expanded = 'false'.
2025-01-22 12:40:59 [main] ERROR l.i.u.t.SubmittedApplicationsPageTest - Test 'testFillNewApplication' failed with error: element click intercepted: Element <mat-label>...</mat-label> is not clickable at point (566, 917). Other element would receive the click: <span class="ng-star-inserted">...</span>
  (Session info: chrome=131.0.6778.265)
Build info: version: '4.27.0', revision: 'd6e718d134'
System info: os.name: 'Windows 11', os.arch: 'amd64', os.version: '10.0', java.version: '21.0.3'
Driver info: org.openqa.selenium.chrome.ChromeDriver
Command: [57a5ee88c3d6a38b2ad1dbe696b037b9, clickElement {id=f.3959718E029B7EE1C483515868B852F6.d.979C69422080D74607C6E15DC0062985.e.206}]
Capabilities {acceptInsecureCerts: false, browserName: chrome, browserVersion: 131.0.6778.265, chrome: {chromedriverVersion: 131.0.6778.264 (2d05e315153..., userDataDir: C:\Users\INGRID~1.ZAD\AppDa...}, fedcm:accounts: true, goog:chromeOptions: {debuggerAddress: localhost:60271}, networkConnectionEnabled: false, pageLoadStrategy: normal, platformName: windows, proxy: Proxy(), se:cdp: ws://localhost:60271/devtoo..., se:cdpVersion: 131.0.6778.265, setWindowRect: true, strictFileInteractability: false, timeouts: {implicit: 0, pageLoad: 300000, script: 30000}, unhandledPromptBehavior: dismiss and notify, webauthn:extension:credBlob: true, webauthn:extension:largeBlob: true, webauthn:extension:minPinLength: true, webauthn:extension:prf: true, webauthn:virtualAuthenticators: true}
Element: [[ChromeDriver: chrome on windows (57a5ee88c3d6a38b2ad1dbe696b037b9)] -> xpath: //mat-label[contains(text(), 'Projekto teikėjo planuojama vykdyti veikla, kuriai prašoma subsidija, kodas pagal EVRK')]]
Session ID: 57a5ee88c3d6a38b2ad1dbe696b037b9
org.openqa.selenium.ElementClickInterceptedException: element click intercepted: Element <mat-label>...</mat-label> is not clickable at point (566, 917). Other element would receive the click: <span class="ng-star-inserted">...</span>
  (Session info: chrome=131.0.6778.265)
Build info: version: '4.27.0', revision: 'd6e718d134'
System info: os.name: 'Windows 11', os.arch: 'amd64', os.version: '10.0', java.version: '21.0.3'
Driver info: org.openqa.selenium.chrome.ChromeDriver
Command: [57a5ee88c3d6a38b2ad1dbe696b037b9, clickElement {id=f.3959718E029B7EE1C483515868B852F6.d.979C69422080D74607C6E15DC0062985.e.206}]
Capabilities {acceptInsecureCerts: false, browserName: chrome, browserVersion: 131.0.6778.265, chrome: {chromedriverVersion: 131.0.6778.264 (2d05e315153..., userDataDir: C:\Users\INGRID~1.ZAD\AppDa...}, fedcm:accounts: true, goog:chromeOptions: {debuggerAddress: localhost:60271}, networkConnectionEnabled: false, pageLoadStrategy: normal, platformName: windows, proxy: Proxy(), se:cdp: ws://localhost:60271/devtoo..., se:cdpVersion: 131.0.6778.265, setWindowRect: true, strictFileInteractability: false, timeouts: {implicit: 0, pageLoad: 300000, script: 30000}, unhandledPromptBehavior: dismiss and notify, webauthn:extension:credBlob: true, webauthn:extension:largeBlob: true, webauthn:extension:minPinLength: true, webauthn:extension:prf: true, webauthn:virtualAuthenticators: true}
Element: [[ChromeDriver: chrome on windows (57a5ee88c3d6a38b2ad1dbe696b037b9)] -> xpath: //mat-label[contains(text(), 'Projekto teikėjo planuojama vykdyti veikla, kuriai prašoma subsidija, kodas pagal EVRK')]]
Session ID: 57a5ee88c3d6a38b2ad1dbe696b037b9
	at java.base/jdk.internal.reflect.DirectConstructorHandleAccessor.newInstance(DirectConstructorHandleAccessor.java:62)
	at java.base/java.lang.reflect.Constructor.newInstanceWithCaller(Constructor.java:502)
	at java.base/java.lang.reflect.Constructor.newInstance(Constructor.java:486)
	at org.openqa.selenium.remote.ErrorCodec.decode(ErrorCodec.java:167)
	at org.openqa.selenium.remote.codec.w3c.W3CHttpResponseCodec.decode(W3CHttpResponseCodec.java:138)
	at org.openqa.selenium.remote.codec.w3c.W3CHttpResponseCodec.decode(W3CHttpResponseCodec.java:50)
	at org.openqa.selenium.remote.HttpCommandExecutor.execute(HttpCommandExecutor.java:190)
	at org.openqa.selenium.remote.service.DriverCommandExecutor.invokeExecute(DriverCommandExecutor.java:216)
	at org.openqa.selenium.remote.service.DriverCommandExecutor.execute(DriverCommandExecutor.java:174)
	at org.openqa.selenium.remote.RemoteWebDriver.execute(RemoteWebDriver.java:545)
	at org.openqa.selenium.remote.RemoteWebElement.execute(RemoteWebElement.java:223)
	at org.openqa.selenium.remote.RemoteWebElement.click(RemoteWebElement.java:76)
	at java.base/jdk.internal.reflect.DirectMethodHandleAccessor.invoke(DirectMethodHandleAccessor.java:103)
	at java.base/java.lang.reflect.Method.invoke(Method.java:580)
	at org.openqa.selenium.support.pagefactory.internal.LocatingElementHandler.invoke(LocatingElementHandler.java:51)
	at jdk.proxy2/jdk.proxy2.$Proxy14.click(Unknown Source)
	at lt.insoft.uztis.pages.SubmittedApplicationsPage.clickElementHeader(SubmittedApplicationsPage.java:184)
	at lt.insoft.uztis.tests.SubmittedApplicationsPageTest.testFillNewApplication(SubmittedApplicationsPageTest.java:158)
	at java.base/jdk.internal.reflect.DirectMethodHandleAccessor.invoke(DirectMethodHandleAccessor.java:103)
	at java.base/java.lang.reflect.Method.invoke(Method.java:580)
	at org.junit.platform.commons.util.ReflectionUtils.invokeMethod(ReflectionUtils.java:728)
	at org.junit.jupiter.engine.execution.MethodInvocation.proceed(MethodInvocation.java:60)
	at org.junit.jupiter.engine.execution.InvocationInterceptorChain$ValidatingInvocation.proceed(InvocationInterceptorChain.java:131)
	at org.junit.jupiter.engine.extension.TimeoutExtension.intercept(TimeoutExtension.java:156)
	at org.junit.jupiter.engine.extension.TimeoutExtension.interceptTestableMethod(TimeoutExtension.java:147)
	at org.junit.jupiter.engine.extension.TimeoutExtension.interceptTestMethod(TimeoutExtension.java:86)
	at org.junit.jupiter.engine.execution.InterceptingExecutableInvoker$ReflectiveInterceptorCall.lambda$ofVoidMethod$0(InterceptingExecutableInvoker.java:103)
	at org.junit.jupiter.engine.execution.InterceptingExecutableInvoker.lambda$invoke$0(InterceptingExecutableInvoker.java:93)
	at org.junit.jupiter.engine.execution.InvocationInterceptorChain$InterceptedInvocation.proceed(InvocationInterceptorChain.java:106)
	at org.junit.jupiter.engine.execution.InvocationInterceptorChain.proceed(InvocationInterceptorChain.java:64)
	at org.junit.jupiter.engine.execution.InvocationInterceptorChain.chainAndInvoke(InvocationInterceptorChain.java:45)
	at org.junit.jupiter.engine.execution.InvocationInterceptorChain.invoke(InvocationInterceptorChain.java:37)
	at org.junit.jupiter.engine.execution.InterceptingExecutableInvoker.invoke(InterceptingExecutableInvoker.java:92)
	at org.junit.jupiter.engine.execution.InterceptingExecutableInvoker.invoke(InterceptingExecutableInvoker.java:86)
	at org.junit.jupiter.engine.descriptor.TestMethodTestDescriptor.lambda$invokeTestMethod$7(TestMethodTestDescriptor.java:218)
	at org.junit.platform.engine.support.hierarchical.ThrowableCollector.execute(ThrowableCollector.java:73)
	at org.junit.jupiter.engine.descriptor.TestMethodTestDescriptor.invokeTestMethod(TestMethodTestDescriptor.java:214)
	at org.junit.jupiter.engine.descriptor.TestMethodTestDescriptor.execute(TestMethodTestDescriptor.java:139)
	at org.junit.jupiter.engine.descriptor.TestMethodTestDescriptor.execute(TestMethodTestDescriptor.java:69)
	at org.junit.platform.engine.support.hierarchical.NodeTestTask.lambda$executeRecursively$6(NodeTestTask.java:151)
	at org.junit.platform.engine.support.hierarchical.ThrowableCollector.execute(ThrowableCollector.java:73)
	at org.junit.platform.engine.support.hierarchical.NodeTestTask.lambda$executeRecursively$8(NodeTestTask.java:141)
	at org.junit.platform.engine.support.hierarchical.Node.around(Node.java:137)
	at org.junit.platform.engine.support.hierarchical.NodeTestTask.lambda$executeRecursively$9(NodeTestTask.java:139)
	at org.junit.platform.engine.support.hierarchical.ThrowableCollector.execute(ThrowableCollector.java:73)
	at org.junit.platform.engine.support.hierarchical.NodeTestTask.executeRecursively(NodeTestTask.java:138)
	at org.junit.platform.engine.support.hierarchical.NodeTestTask.execute(NodeTestTask.java:95)
	at java.base/java.util.ArrayList.forEach(ArrayList.java:1596)
	at org.junit.platform.engine.support.hierarchical.SameThreadHierarchicalTestExecutorService.invokeAll(SameThreadHierarchicalTestExecutorService.java:41)
	at org.junit.platform.engine.support.hierarchical.NodeTestTask.lambda$executeRecursively$6(NodeTestTask.java:155)
	at org.junit.platform.engine.support.hierarchical.ThrowableCollector.execute(ThrowableCollector.java:73)
	at org.junit.platform.engine.support.hierarchical.NodeTestTask.lambda$executeRecursively$8(NodeTestTask.java:141)
	at org.junit.platform.engine.support.hierarchical.Node.around(Node.java:137)
	at org.junit.platform.engine.support.hierarchical.NodeTestTask.lambda$executeRecursively$9(NodeTestTask.java:139)
	at org.junit.platform.engine.support.hierarchical.ThrowableCollector.execute(ThrowableCollector.java:73)
	at org.junit.platform.engine.support.hierarchical.NodeTestTask.executeRecursively(NodeTestTask.java:138)
	at org.junit.platform.engine.support.hierarchical.NodeTestTask.execute(NodeTestTask.java:95)
	at java.base/java.util.ArrayList.forEach(ArrayList.java:1596)
	at org.junit.platform.engine.support.hierarchical.SameThreadHierarchicalTestExecutorService.invokeAll(SameThreadHierarchicalTestExecutorService.java:41)
	at org.junit.platform.engine.support.hierarchical.NodeTestTask.lambda$executeRecursively$6(NodeTestTask.java:155)
	at org.junit.platform.engine.support.hierarchical.ThrowableCollector.execute(ThrowableCollector.java:73)
	at org.junit.platform.engine.support.hierarchical.NodeTestTask.lambda$executeRecursively$8(NodeTestTask.java:141)
	at org.junit.platform.engine.support.hierarchical.Node.around(Node.java:137)
	at org.junit.platform.engine.support.hierarchical.NodeTestTask.lambda$executeRecursively$9(NodeTestTask.java:139)
	at org.junit.platform.engine.support.hierarchical.ThrowableCollector.execute(ThrowableCollector.java:73)
	at org.junit.platform.engine.support.hierarchical.NodeTestTask.executeRecursively(NodeTestTask.java:138)
	at org.junit.platform.engine.support.hierarchical.NodeTestTask.execute(NodeTestTask.java:95)
	at org.junit.platform.engine.support.hierarchical.SameThreadHierarchicalTestExecutorService.submit(SameThreadHierarchicalTestExecutorService.java:35)
	at org.junit.platform.engine.support.hierarchical.HierarchicalTestExecutor.execute(HierarchicalTestExecutor.java:57)
	at org.junit.platform.engine.support.hierarchical.HierarchicalTestEngine.execute(HierarchicalTestEngine.java:54)
	at org.junit.platform.launcher.core.EngineExecutionOrchestrator.execute(EngineExecutionOrchestrator.java:198)
	at org.junit.platform.launcher.core.EngineExecutionOrchestrator.execute(EngineExecutionOrchestrator.java:169)
	at org.junit.platform.launcher.core.EngineExecutionOrchestrator.execute(EngineExecutionOrchestrator.java:93)
	at org.junit.platform.launcher.core.EngineExecutionOrchestrator.lambda$execute$0(EngineExecutionOrchestrator.java:58)
	at org.junit.platform.launcher.core.EngineExecutionOrchestrator.withInterceptedStreams(EngineExecutionOrchestrator.java:141)
	at org.junit.platform.launcher.core.EngineExecutionOrchestrator.execute(EngineExecutionOrchestrator.java:57)
	at org.junit.platform.launcher.core.DefaultLauncher.execute(DefaultLauncher.java:103)
	at org.junit.platform.launcher.core.DefaultLauncher.execute(DefaultLauncher.java:85)
	at org.junit.platform.launcher.core.DelegatingLauncher.execute(DelegatingLauncher.java:47)
	at org.junit.platform.launcher.core.SessionPerRequestLauncher.execute(SessionPerRequestLauncher.java:63)
	at com.intellij.junit5.JUnit5IdeaTestRunner.startRunnerWithArgs(JUnit5IdeaTestRunner.java:57)
	at com.intellij.rt.junit.IdeaTestRunner$Repeater$1.execute(IdeaTestRunner.java:38)
	at com.intellij.rt.execution.junit.TestsRepeater.repeat(TestsRepeater.java:11)
	at com.intellij.rt.junit.IdeaTestRunner$Repeater.startRunnerWithArgs(IdeaTestRunner.java:35)
	at com.intellij.rt.junit.JUnitStarter.prepareStreamsAndStart(JUnitStarter.java:232)
	at com.intellij.rt.junit.JUnitStarter.main(JUnitStarter.java:55)
2025-01-22 12:41:00 [main] INFO  l.insoft.uztis.tests.utils.TestUtils - Screenshot moved to C:\Users\ingrida.zadorozniene\Desktop\Asm\UZTIS\UZTIS_tests\test-output\screenshots\20250122\124100039_testFillNewApplication().png
2025-01-22 12:45:19 [main] INFO  lt.insoft.uztis.tests.UztisPageTest - Navigated to https://uztisdev.asseco.lt/home
2025-01-22 12:45:19 [main] INFO  l.i.u.t.SubmittedApplicationsPageTest - Starting test:'testFillNewApplication'
2025-01-22 12:45:20 [main] DEBUG l.i.u.t.SubmittedApplicationsPageTest - User logged in with test credentials
2025-01-22 12:45:20 [main] DEBUG l.i.u.t.SubmittedApplicationsPageTest - Opened 'Application Processing' menu.
2025-01-22 12:45:20 [main] DEBUG l.i.u.t.SubmittedApplicationsPageTest - Clicked on 'Application Forms' menu.
2025-01-22 12:45:20 [main] DEBUG l.i.u.t.SubmittedApplicationsPageTest - Retrieved last description code text: 'TST-VUI-81'.
2025-01-22 12:45:21 [main] DEBUG l.i.u.t.SubmittedApplicationsPageTest - Clicked on 'Invitation' menu.
2025-01-22 12:45:21 [main] DEBUG l.i.u.t.SubmittedApplicationsPageTest - Selected application section by code: 'TST-VUI-81'.
2025-01-22 12:45:21 [main] DEBUG l.i.u.t.SubmittedApplicationsPageTest - Clicked 'Search' button.
2025-01-22 12:45:21 [main] DEBUG l.i.u.t.SubmittedApplicationsPageTest - Retrieved invitation code: ''.
2025-01-22 12:45:21 [main] DEBUG l.i.u.t.SubmittedApplicationsPageTest - Clicked on 'Submitted Applications' menu.
2025-01-22 12:45:22 [main] DEBUG l.i.u.t.SubmittedApplicationsPageTest - Selected invitation by code: 'TST-VUI-81'.
2025-01-22 12:45:22 [main] DEBUG l.i.u.t.SubmittedApplicationsPageTest - Clicked on 'Action Application' button.
2025-01-22 12:45:23 [main] DEBUG l.i.u.t.SubmittedApplicationsPageTest - Clicked on 'New Application' button.
2025-01-22 12:45:23 [main] DEBUG l.i.u.t.SubmittedApplicationsPageTest - Clicked on 'RadioButtonFA' button.
2025-01-22 12:45:23 [main] DEBUG l.i.u.t.SubmittedApplicationsPageTest - Entered phone number into the input field.
2025-01-22 12:45:23 [main] DEBUG l.i.u.t.SubmittedApplicationsPageTest - Entered eMail into the input field.
2025-01-22 12:45:23 [main] INFO  l.i.u.p.SubmittedApplicationsPage - Located the dropdown button.
2025-01-22 12:45:40 [main] INFO  l.i.u.p.SubmittedApplicationsPage - Successfully selected the value: '01.11 - Grūdinių (išskyrus ryžius), ankštinių ir aliejingų sėklų augalų auginimas'
2025-01-22 12:45:51 [main] ERROR l.i.u.p.SubmittedApplicationsPage - Failed to close the dropdown with aria-expanded = 'false'. Attempting manual close.
2025-01-22 12:45:52 [main] ERROR l.i.u.p.SubmittedApplicationsPage - Error selecting value from the list: element click intercepted: Element <mat-label>...</mat-label> is not clickable at point (566, 917). Other element would receive the click: <span class="ng-star-inserted">...</span>
  (Session info: chrome=131.0.6778.265)
Build info: version: '4.27.0', revision: 'd6e718d134'
System info: os.name: 'Windows 11', os.arch: 'amd64', os.version: '10.0', java.version: '21.0.3'
Driver info: org.openqa.selenium.chrome.ChromeDriver
Command: [d371c13a9d99e4cb4cbbc64d44c2c5eb, clickElement {id=f.43532F5ED8D670EF24DC988CBE2C95DF.d.5A0E03DD974930F42F718FADB91E7874.e.208}]
Capabilities {acceptInsecureCerts: false, browserName: chrome, browserVersion: 131.0.6778.265, chrome: {chromedriverVersion: 131.0.6778.264 (2d05e315153..., userDataDir: C:\Users\INGRID~1.ZAD\AppDa...}, fedcm:accounts: true, goog:chromeOptions: {debuggerAddress: localhost:60482}, networkConnectionEnabled: false, pageLoadStrategy: normal, platformName: windows, proxy: Proxy(), se:cdp: ws://localhost:60482/devtoo..., se:cdpVersion: 131.0.6778.265, setWindowRect: true, strictFileInteractability: false, timeouts: {implicit: 0, pageLoad: 300000, script: 30000}, unhandledPromptBehavior: dismiss and notify, webauthn:extension:credBlob: true, webauthn:extension:largeBlob: true, webauthn:extension:minPinLength: true, webauthn:extension:prf: true, webauthn:virtualAuthenticators: true}
Element: [[ChromeDriver: chrome on windows (d371c13a9d99e4cb4cbbc64d44c2c5eb)] -> xpath: //mat-label[contains(text(), 'Projekto teikėjo planuojama vykdyti veikla, kuriai prašoma subsidija, kodas pagal EVRK')]]
Session ID: d371c13a9d99e4cb4cbbc64d44c2c5eb
2025-01-22 12:45:52 [main] ERROR l.i.u.t.SubmittedApplicationsPageTest - Test 'testFillNewApplication' failed with error: Failed to select from the list
java.lang.RuntimeException: Failed to select from the list
	at lt.insoft.uztis.pages.SubmittedApplicationsPage.selectValueByListEVRK(SubmittedApplicationsPage.java:228)
	at lt.insoft.uztis.tests.SubmittedApplicationsPageTest.testFillNewApplication(SubmittedApplicationsPageTest.java:156)
	at java.base/jdk.internal.reflect.DirectMethodHandleAccessor.invoke(DirectMethodHandleAccessor.java:103)
	at java.base/java.lang.reflect.Method.invoke(Method.java:580)
	at org.junit.platform.commons.util.ReflectionUtils.invokeMethod(ReflectionUtils.java:728)
	at org.junit.jupiter.engine.execution.MethodInvocation.proceed(MethodInvocation.java:60)
	at org.junit.jupiter.engine.execution.InvocationInterceptorChain$ValidatingInvocation.proceed(InvocationInterceptorChain.java:131)
	at org.junit.jupiter.engine.extension.TimeoutExtension.intercept(TimeoutExtension.java:156)
	at org.junit.jupiter.engine.extension.TimeoutExtension.interceptTestableMethod(TimeoutExtension.java:147)
	at org.junit.jupiter.engine.extension.TimeoutExtension.interceptTestMethod(TimeoutExtension.java:86)
	at org.junit.jupiter.engine.execution.InterceptingExecutableInvoker$ReflectiveInterceptorCall.lambda$ofVoidMethod$0(InterceptingExecutableInvoker.java:103)
	at org.junit.jupiter.engine.execution.InterceptingExecutableInvoker.lambda$invoke$0(InterceptingExecutableInvoker.java:93)
	at org.junit.jupiter.engine.execution.InvocationInterceptorChain$InterceptedInvocation.proceed(InvocationInterceptorChain.java:106)
	at org.junit.jupiter.engine.execution.InvocationInterceptorChain.proceed(InvocationInterceptorChain.java:64)
	at org.junit.jupiter.engine.execution.InvocationInterceptorChain.chainAndInvoke(InvocationInterceptorChain.java:45)
	at org.junit.jupiter.engine.execution.InvocationInterceptorChain.invoke(InvocationInterceptorChain.java:37)
	at org.junit.jupiter.engine.execution.InterceptingExecutableInvoker.invoke(InterceptingExecutableInvoker.java:92)
	at org.junit.jupiter.engine.execution.InterceptingExecutableInvoker.invoke(InterceptingExecutableInvoker.java:86)
	at org.junit.jupiter.engine.descriptor.TestMethodTestDescriptor.lambda$invokeTestMethod$7(TestMethodTestDescriptor.java:218)
	at org.junit.platform.engine.support.hierarchical.ThrowableCollector.execute(ThrowableCollector.java:73)
	at org.junit.jupiter.engine.descriptor.TestMethodTestDescriptor.invokeTestMethod(TestMethodTestDescriptor.java:214)
	at org.junit.jupiter.engine.descriptor.TestMethodTestDescriptor.execute(TestMethodTestDescriptor.java:139)
	at org.junit.jupiter.engine.descriptor.TestMethodTestDescriptor.execute(TestMethodTestDescriptor.java:69)
	at org.junit.platform.engine.support.hierarchical.NodeTestTask.lambda$executeRecursively$6(NodeTestTask.java:151)
	at org.junit.platform.engine.support.hierarchical.ThrowableCollector.execute(ThrowableCollector.java:73)
	at org.junit.platform.engine.support.hierarchical.NodeTestTask.lambda$executeRecursively$8(NodeTestTask.java:141)
	at org.junit.platform.engine.support.hierarchical.Node.around(Node.java:137)
	at org.junit.platform.engine.support.hierarchical.NodeTestTask.lambda$executeRecursively$9(NodeTestTask.java:139)
	at org.junit.platform.engine.support.hierarchical.ThrowableCollector.execute(ThrowableCollector.java:73)
	at org.junit.platform.engine.support.hierarchical.NodeTestTask.executeRecursively(NodeTestTask.java:138)
	at org.junit.platform.engine.support.hierarchical.NodeTestTask.execute(NodeTestTask.java:95)
	at java.base/java.util.ArrayList.forEach(ArrayList.java:1596)
	at org.junit.platform.engine.support.hierarchical.SameThreadHierarchicalTestExecutorService.invokeAll(SameThreadHierarchicalTestExecutorService.java:41)
	at org.junit.platform.engine.support.hierarchical.NodeTestTask.lambda$executeRecursively$6(NodeTestTask.java:155)
	at org.junit.platform.engine.support.hierarchical.ThrowableCollector.execute(ThrowableCollector.java:73)
	at org.junit.platform.engine.support.hierarchical.NodeTestTask.lambda$executeRecursively$8(NodeTestTask.java:141)
	at org.junit.platform.engine.support.hierarchical.Node.around(Node.java:137)
	at org.junit.platform.engine.support.hierarchical.NodeTestTask.lambda$executeRecursively$9(NodeTestTask.java:139)
	at org.junit.platform.engine.support.hierarchical.ThrowableCollector.execute(ThrowableCollector.java:73)
	at org.junit.platform.engine.support.hierarchical.NodeTestTask.executeRecursively(NodeTestTask.java:138)
	at org.junit.platform.engine.support.hierarchical.NodeTestTask.execute(NodeTestTask.java:95)
	at java.base/java.util.ArrayList.forEach(ArrayList.java:1596)
	at org.junit.platform.engine.support.hierarchical.SameThreadHierarchicalTestExecutorService.invokeAll(SameThreadHierarchicalTestExecutorService.java:41)
	at org.junit.platform.engine.support.hierarchical.NodeTestTask.lambda$executeRecursively$6(NodeTestTask.java:155)
	at org.junit.platform.engine.support.hierarchical.ThrowableCollector.execute(ThrowableCollector.java:73)
	at org.junit.platform.engine.support.hierarchical.NodeTestTask.lambda$executeRecursively$8(NodeTestTask.java:141)
	at org.junit.platform.engine.support.hierarchical.Node.around(Node.java:137)
	at org.junit.platform.engine.support.hierarchical.NodeTestTask.lambda$executeRecursively$9(NodeTestTask.java:139)
	at org.junit.platform.engine.support.hierarchical.ThrowableCollector.execute(ThrowableCollector.java:73)
	at org.junit.platform.engine.support.hierarchical.NodeTestTask.executeRecursively(NodeTestTask.java:138)
	at org.junit.platform.engine.support.hierarchical.NodeTestTask.execute(NodeTestTask.java:95)
	at org.junit.platform.engine.support.hierarchical.SameThreadHierarchicalTestExecutorService.submit(SameThreadHierarchicalTestExecutorService.java:35)
	at org.junit.platform.engine.support.hierarchical.HierarchicalTestExecutor.execute(HierarchicalTestExecutor.java:57)
	at org.junit.platform.engine.support.hierarchical.HierarchicalTestEngine.execute(HierarchicalTestEngine.java:54)
	at org.junit.platform.launcher.core.EngineExecutionOrchestrator.execute(EngineExecutionOrchestrator.java:198)
	at org.junit.platform.launcher.core.EngineExecutionOrchestrator.execute(EngineExecutionOrchestrator.java:169)
	at org.junit.platform.launcher.core.EngineExecutionOrchestrator.execute(EngineExecutionOrchestrator.java:93)
	at org.junit.platform.launcher.core.EngineExecutionOrchestrator.lambda$execute$0(EngineExecutionOrchestrator.java:58)
	at org.junit.platform.launcher.core.EngineExecutionOrchestrator.withInterceptedStreams(EngineExecutionOrchestrator.java:141)
	at org.junit.platform.launcher.core.EngineExecutionOrchestrator.execute(EngineExecutionOrchestrator.java:57)
	at org.junit.platform.launcher.core.DefaultLauncher.execute(DefaultLauncher.java:103)
	at org.junit.platform.launcher.core.DefaultLauncher.execute(DefaultLauncher.java:85)
	at org.junit.platform.launcher.core.DelegatingLauncher.execute(DelegatingLauncher.java:47)
	at org.junit.platform.launcher.core.SessionPerRequestLauncher.execute(SessionPerRequestLauncher.java:63)
	at com.intellij.junit5.JUnit5IdeaTestRunner.startRunnerWithArgs(JUnit5IdeaTestRunner.java:57)
	at com.intellij.rt.junit.IdeaTestRunner$Repeater$1.execute(IdeaTestRunner.java:38)
	at com.intellij.rt.execution.junit.TestsRepeater.repeat(TestsRepeater.java:11)
	at com.intellij.rt.junit.IdeaTestRunner$Repeater.startRunnerWithArgs(IdeaTestRunner.java:35)
	at com.intellij.rt.junit.JUnitStarter.prepareStreamsAndStart(JUnitStarter.java:232)
	at com.intellij.rt.junit.JUnitStarter.main(JUnitStarter.java:55)
Caused by: org.openqa.selenium.ElementClickInterceptedException: element click intercepted: Element <mat-label>...</mat-label> is not clickable at point (566, 917). Other element would receive the click: <span class="ng-star-inserted">...</span>
  (Session info: chrome=131.0.6778.265)
Build info: version: '4.27.0', revision: 'd6e718d134'
System info: os.name: 'Windows 11', os.arch: 'amd64', os.version: '10.0', java.version: '21.0.3'
Driver info: org.openqa.selenium.chrome.ChromeDriver
Command: [d371c13a9d99e4cb4cbbc64d44c2c5eb, clickElement {id=f.43532F5ED8D670EF24DC988CBE2C95DF.d.5A0E03DD974930F42F718FADB91E7874.e.208}]
Capabilities {acceptInsecureCerts: false, browserName: chrome, browserVersion: 131.0.6778.265, chrome: {chromedriverVersion: 131.0.6778.264 (2d05e315153..., userDataDir: C:\Users\INGRID~1.ZAD\AppDa...}, fedcm:accounts: true, goog:chromeOptions: {debuggerAddress: localhost:60482}, networkConnectionEnabled: false, pageLoadStrategy: normal, platformName: windows, proxy: Proxy(), se:cdp: ws://localhost:60482/devtoo..., se:cdpVersion: 131.0.6778.265, setWindowRect: true, strictFileInteractability: false, timeouts: {implicit: 0, pageLoad: 300000, script: 30000}, unhandledPromptBehavior: dismiss and notify, webauthn:extension:credBlob: true, webauthn:extension:largeBlob: true, webauthn:extension:minPinLength: true, webauthn:extension:prf: true, webauthn:virtualAuthenticators: true}
Element: [[ChromeDriver: chrome on windows (d371c13a9d99e4cb4cbbc64d44c2c5eb)] -> xpath: //mat-label[contains(text(), 'Projekto teikėjo planuojama vykdyti veikla, kuriai prašoma subsidija, kodas pagal EVRK')]]
Session ID: d371c13a9d99e4cb4cbbc64d44c2c5eb
	at java.base/jdk.internal.reflect.DirectConstructorHandleAccessor.newInstance(DirectConstructorHandleAccessor.java:62)
	at java.base/java.lang.reflect.Constructor.newInstanceWithCaller(Constructor.java:502)
	at java.base/java.lang.reflect.Constructor.newInstance(Constructor.java:486)
	at org.openqa.selenium.remote.ErrorCodec.decode(ErrorCodec.java:167)
	at org.openqa.selenium.remote.codec.w3c.W3CHttpResponseCodec.decode(W3CHttpResponseCodec.java:138)
	at org.openqa.selenium.remote.codec.w3c.W3CHttpResponseCodec.decode(W3CHttpResponseCodec.java:50)
	at org.openqa.selenium.remote.HttpCommandExecutor.execute(HttpCommandExecutor.java:190)
	at org.openqa.selenium.remote.service.DriverCommandExecutor.invokeExecute(DriverCommandExecutor.java:216)
	at org.openqa.selenium.remote.service.DriverCommandExecutor.execute(DriverCommandExecutor.java:174)
	at org.openqa.selenium.remote.RemoteWebDriver.execute(RemoteWebDriver.java:545)
	at org.openqa.selenium.remote.RemoteWebElement.execute(RemoteWebElement.java:223)
	at org.openqa.selenium.remote.RemoteWebElement.click(RemoteWebElement.java:76)
	at java.base/jdk.internal.reflect.DirectMethodHandleAccessor.invoke(DirectMethodHandleAccessor.java:103)
	at java.base/java.lang.reflect.Method.invoke(Method.java:580)
	at org.openqa.selenium.support.pagefactory.internal.LocatingElementHandler.invoke(LocatingElementHandler.java:51)
	at jdk.proxy2/jdk.proxy2.$Proxy14.click(Unknown Source)
	at lt.insoft.uztis.pages.SubmittedApplicationsPage.selectValueByListEVRK(SubmittedApplicationsPage.java:222)
	... 69 common frames omitted
2025-01-22 12:45:52 [main] INFO  l.insoft.uztis.tests.utils.TestUtils - Screenshot moved to C:\Users\ingrida.zadorozniene\Desktop\Asm\UZTIS\UZTIS_tests\test-output\screenshots\20250122\124552621_testFillNewApplication().png
2025-01-22 12:49:25 [main] INFO  lt.insoft.uztis.tests.UztisPageTest - Navigated to https://uztisdev.asseco.lt/home
2025-01-22 12:49:25 [main] INFO  l.i.u.t.SubmittedApplicationsPageTest - Starting test:'testFillNewApplication'
2025-01-22 12:49:25 [main] DEBUG l.i.u.t.SubmittedApplicationsPageTest - User logged in with test credentials
2025-01-22 12:49:26 [main] DEBUG l.i.u.t.SubmittedApplicationsPageTest - Opened 'Application Processing' menu.
2025-01-22 12:49:26 [main] DEBUG l.i.u.t.SubmittedApplicationsPageTest - Clicked on 'Application Forms' menu.
2025-01-22 12:49:26 [main] DEBUG l.i.u.t.SubmittedApplicationsPageTest - Retrieved last description code text: 'TST-VUI-81'.
2025-01-22 12:49:27 [main] DEBUG l.i.u.t.SubmittedApplicationsPageTest - Clicked on 'Invitation' menu.
2025-01-22 12:49:27 [main] DEBUG l.i.u.t.SubmittedApplicationsPageTest - Selected application section by code: 'TST-VUI-81'.
2025-01-22 12:49:27 [main] DEBUG l.i.u.t.SubmittedApplicationsPageTest - Clicked 'Search' button.
2025-01-22 12:49:27 [main] DEBUG l.i.u.t.SubmittedApplicationsPageTest - Retrieved invitation code: ''.
2025-01-22 12:49:27 [main] DEBUG l.i.u.t.SubmittedApplicationsPageTest - Clicked on 'Submitted Applications' menu.
2025-01-22 12:49:28 [main] DEBUG l.i.u.t.SubmittedApplicationsPageTest - Selected invitation by code: 'TST-VUI-81'.
2025-01-22 12:49:28 [main] DEBUG l.i.u.t.SubmittedApplicationsPageTest - Clicked on 'Action Application' button.
2025-01-22 12:49:29 [main] DEBUG l.i.u.t.SubmittedApplicationsPageTest - Clicked on 'New Application' button.
2025-01-22 12:49:29 [main] DEBUG l.i.u.t.SubmittedApplicationsPageTest - Clicked on 'RadioButtonFA' button.
2025-01-22 12:49:29 [main] DEBUG l.i.u.t.SubmittedApplicationsPageTest - Entered phone number into the input field.
2025-01-22 12:49:29 [main] DEBUG l.i.u.t.SubmittedApplicationsPageTest - Entered eMail into the input field.
2025-01-22 12:49:29 [main] INFO  l.i.u.p.SubmittedApplicationsPage - Located the dropdown button.
2025-01-22 12:49:47 [main] INFO  l.i.u.p.SubmittedApplicationsPage - Successfully selected the value: '01.11 - Grūdinių (išskyrus ryžius), ankštinių ir aliejingų sėklų augalų auginimas'
2025-01-22 12:49:58 [main] ERROR l.i.u.p.SubmittedApplicationsPage - Failed to close the dropdown with aria-expanded = 'false'. Attempting manual close.
2025-01-22 12:50:18 [main] ERROR l.i.u.p.SubmittedApplicationsPage - Error selecting value from the list: Expected condition failed: waiting for element to be clickable: Proxy element for: DefaultElementLocator 'By.xpath: //h3[contains(@class, 'dynamic-component') and contains(@class, 'ng-star-inserted') and text()='Informacija apie paraiškos teikėją']' (tried for 10 second(s) with 500 milliseconds interval)
2025-01-22 12:50:18 [main] ERROR l.i.u.t.SubmittedApplicationsPageTest - Test 'testFillNewApplication' failed with error: Failed to select from the list
java.lang.RuntimeException: Failed to select from the list
	at lt.insoft.uztis.pages.SubmittedApplicationsPage.selectValueByListEVRK(SubmittedApplicationsPage.java:228)
	at lt.insoft.uztis.tests.SubmittedApplicationsPageTest.testFillNewApplication(SubmittedApplicationsPageTest.java:156)
	at java.base/jdk.internal.reflect.DirectMethodHandleAccessor.invoke(DirectMethodHandleAccessor.java:103)
	at java.base/java.lang.reflect.Method.invoke(Method.java:580)
	at org.junit.platform.commons.util.ReflectionUtils.invokeMethod(ReflectionUtils.java:728)
	at org.junit.jupiter.engine.execution.MethodInvocation.proceed(MethodInvocation.java:60)
	at org.junit.jupiter.engine.execution.InvocationInterceptorChain$ValidatingInvocation.proceed(InvocationInterceptorChain.java:131)
	at org.junit.jupiter.engine.extension.TimeoutExtension.intercept(TimeoutExtension.java:156)
	at org.junit.jupiter.engine.extension.TimeoutExtension.interceptTestableMethod(TimeoutExtension.java:147)
	at org.junit.jupiter.engine.extension.TimeoutExtension.interceptTestMethod(TimeoutExtension.java:86)
	at org.junit.jupiter.engine.execution.InterceptingExecutableInvoker$ReflectiveInterceptorCall.lambda$ofVoidMethod$0(InterceptingExecutableInvoker.java:103)
	at org.junit.jupiter.engine.execution.InterceptingExecutableInvoker.lambda$invoke$0(InterceptingExecutableInvoker.java:93)
	at org.junit.jupiter.engine.execution.InvocationInterceptorChain$InterceptedInvocation.proceed(InvocationInterceptorChain.java:106)
	at org.junit.jupiter.engine.execution.InvocationInterceptorChain.proceed(InvocationInterceptorChain.java:64)
	at org.junit.jupiter.engine.execution.InvocationInterceptorChain.chainAndInvoke(InvocationInterceptorChain.java:45)
	at org.junit.jupiter.engine.execution.InvocationInterceptorChain.invoke(InvocationInterceptorChain.java:37)
	at org.junit.jupiter.engine.execution.InterceptingExecutableInvoker.invoke(InterceptingExecutableInvoker.java:92)
	at org.junit.jupiter.engine.execution.InterceptingExecutableInvoker.invoke(InterceptingExecutableInvoker.java:86)
	at org.junit.jupiter.engine.descriptor.TestMethodTestDescriptor.lambda$invokeTestMethod$7(TestMethodTestDescriptor.java:218)
	at org.junit.platform.engine.support.hierarchical.ThrowableCollector.execute(ThrowableCollector.java:73)
	at org.junit.jupiter.engine.descriptor.TestMethodTestDescriptor.invokeTestMethod(TestMethodTestDescriptor.java:214)
	at org.junit.jupiter.engine.descriptor.TestMethodTestDescriptor.execute(TestMethodTestDescriptor.java:139)
	at org.junit.jupiter.engine.descriptor.TestMethodTestDescriptor.execute(TestMethodTestDescriptor.java:69)
	at org.junit.platform.engine.support.hierarchical.NodeTestTask.lambda$executeRecursively$6(NodeTestTask.java:151)
	at org.junit.platform.engine.support.hierarchical.ThrowableCollector.execute(ThrowableCollector.java:73)
	at org.junit.platform.engine.support.hierarchical.NodeTestTask.lambda$executeRecursively$8(NodeTestTask.java:141)
	at org.junit.platform.engine.support.hierarchical.Node.around(Node.java:137)
	at org.junit.platform.engine.support.hierarchical.NodeTestTask.lambda$executeRecursively$9(NodeTestTask.java:139)
	at org.junit.platform.engine.support.hierarchical.ThrowableCollector.execute(ThrowableCollector.java:73)
	at org.junit.platform.engine.support.hierarchical.NodeTestTask.executeRecursively(NodeTestTask.java:138)
	at org.junit.platform.engine.support.hierarchical.NodeTestTask.execute(NodeTestTask.java:95)
	at java.base/java.util.ArrayList.forEach(ArrayList.java:1596)
	at org.junit.platform.engine.support.hierarchical.SameThreadHierarchicalTestExecutorService.invokeAll(SameThreadHierarchicalTestExecutorService.java:41)
	at org.junit.platform.engine.support.hierarchical.NodeTestTask.lambda$executeRecursively$6(NodeTestTask.java:155)
	at org.junit.platform.engine.support.hierarchical.ThrowableCollector.execute(ThrowableCollector.java:73)
	at org.junit.platform.engine.support.hierarchical.NodeTestTask.lambda$executeRecursively$8(NodeTestTask.java:141)
	at org.junit.platform.engine.support.hierarchical.Node.around(Node.java:137)
	at org.junit.platform.engine.support.hierarchical.NodeTestTask.lambda$executeRecursively$9(NodeTestTask.java:139)
	at org.junit.platform.engine.support.hierarchical.ThrowableCollector.execute(ThrowableCollector.java:73)
	at org.junit.platform.engine.support.hierarchical.NodeTestTask.executeRecursively(NodeTestTask.java:138)
	at org.junit.platform.engine.support.hierarchical.NodeTestTask.execute(NodeTestTask.java:95)
	at java.base/java.util.ArrayList.forEach(ArrayList.java:1596)
	at org.junit.platform.engine.support.hierarchical.SameThreadHierarchicalTestExecutorService.invokeAll(SameThreadHierarchicalTestExecutorService.java:41)
	at org.junit.platform.engine.support.hierarchical.NodeTestTask.lambda$executeRecursively$6(NodeTestTask.java:155)
	at org.junit.platform.engine.support.hierarchical.ThrowableCollector.execute(ThrowableCollector.java:73)
	at org.junit.platform.engine.support.hierarchical.NodeTestTask.lambda$executeRecursively$8(NodeTestTask.java:141)
	at org.junit.platform.engine.support.hierarchical.Node.around(Node.java:137)
	at org.junit.platform.engine.support.hierarchical.NodeTestTask.lambda$executeRecursively$9(NodeTestTask.java:139)
	at org.junit.platform.engine.support.hierarchical.ThrowableCollector.execute(ThrowableCollector.java:73)
	at org.junit.platform.engine.support.hierarchical.NodeTestTask.executeRecursively(NodeTestTask.java:138)
	at org.junit.platform.engine.support.hierarchical.NodeTestTask.execute(NodeTestTask.java:95)
	at org.junit.platform.engine.support.hierarchical.SameThreadHierarchicalTestExecutorService.submit(SameThreadHierarchicalTestExecutorService.java:35)
	at org.junit.platform.engine.support.hierarchical.HierarchicalTestExecutor.execute(HierarchicalTestExecutor.java:57)
	at org.junit.platform.engine.support.hierarchical.HierarchicalTestEngine.execute(HierarchicalTestEngine.java:54)
	at org.junit.platform.launcher.core.EngineExecutionOrchestrator.execute(EngineExecutionOrchestrator.java:198)
	at org.junit.platform.launcher.core.EngineExecutionOrchestrator.execute(EngineExecutionOrchestrator.java:169)
	at org.junit.platform.launcher.core.EngineExecutionOrchestrator.execute(EngineExecutionOrchestrator.java:93)
	at org.junit.platform.launcher.core.EngineExecutionOrchestrator.lambda$execute$0(EngineExecutionOrchestrator.java:58)
	at org.junit.platform.launcher.core.EngineExecutionOrchestrator.withInterceptedStreams(EngineExecutionOrchestrator.java:141)
	at org.junit.platform.launcher.core.EngineExecutionOrchestrator.execute(EngineExecutionOrchestrator.java:57)
	at org.junit.platform.launcher.core.DefaultLauncher.execute(DefaultLauncher.java:103)
	at org.junit.platform.launcher.core.DefaultLauncher.execute(DefaultLauncher.java:85)
	at org.junit.platform.launcher.core.DelegatingLauncher.execute(DelegatingLauncher.java:47)
	at org.junit.platform.launcher.core.SessionPerRequestLauncher.execute(SessionPerRequestLauncher.java:63)
	at com.intellij.junit5.JUnit5IdeaTestRunner.startRunnerWithArgs(JUnit5IdeaTestRunner.java:57)
	at com.intellij.rt.junit.IdeaTestRunner$Repeater$1.execute(IdeaTestRunner.java:38)
	at com.intellij.rt.execution.junit.TestsRepeater.repeat(TestsRepeater.java:11)
	at com.intellij.rt.junit.IdeaTestRunner$Repeater.startRunnerWithArgs(IdeaTestRunner.java:35)
	at com.intellij.rt.junit.JUnitStarter.prepareStreamsAndStart(JUnitStarter.java:232)
	at com.intellij.rt.junit.JUnitStarter.main(JUnitStarter.java:55)
Caused by: org.openqa.selenium.TimeoutException: Expected condition failed: waiting for element to be clickable: Proxy element for: DefaultElementLocator 'By.xpath: //h3[contains(@class, 'dynamic-component') and contains(@class, 'ng-star-inserted') and text()='Informacija apie paraiškos teikėją']' (tried for 10 second(s) with 500 milliseconds interval)
	at org.openqa.selenium.support.ui.WebDriverWait.timeoutException(WebDriverWait.java:84)
	at org.openqa.selenium.support.ui.FluentWait.until(FluentWait.java:228)
	at lt.insoft.uztis.pages.SubmittedApplicationsPage.selectValueByListEVRK(SubmittedApplicationsPage.java:222)
	... 69 common frames omitted
Caused by: org.openqa.selenium.NoSuchElementException: no such element: Unable to locate element: {"method":"xpath","selector":"//h3[contains(@class, 'dynamic-component') and contains(@class, 'ng-star-inserted') and text()='Informacija apie paraiškos teikėją']"}
  (Session info: chrome=131.0.6778.265)
For documentation on this error, please visit: https://www.selenium.dev/documentation/webdriver/troubleshooting/errors#no-such-element-exception
Build info: version: '4.27.0', revision: 'd6e718d134'
System info: os.name: 'Windows 11', os.arch: 'amd64', os.version: '10.0', java.version: '21.0.3'
Driver info: org.openqa.selenium.chrome.ChromeDriver
Command: [78b7c4549093f5a09e3e2acd2ca9f766, findElement {value=//h3[contains(@class, 'dynamic-component') and contains(@class, 'ng-star-inserted') and text()='Informacija apie paraiškos teikėją'], using=xpath}]
Capabilities {acceptInsecureCerts: false, browserName: chrome, browserVersion: 131.0.6778.265, chrome: {chromedriverVersion: 131.0.6778.264 (2d05e315153..., userDataDir: C:\Users\INGRID~1.ZAD\AppDa...}, fedcm:accounts: true, goog:chromeOptions: {debuggerAddress: localhost:60630}, networkConnectionEnabled: false, pageLoadStrategy: normal, platformName: windows, proxy: Proxy(), se:cdp: ws://localhost:60630/devtoo..., se:cdpVersion: 131.0.6778.265, setWindowRect: true, strictFileInteractability: false, timeouts: {implicit: 0, pageLoad: 300000, script: 30000}, unhandledPromptBehavior: dismiss and notify, webauthn:extension:credBlob: true, webauthn:extension:largeBlob: true, webauthn:extension:minPinLength: true, webauthn:extension:prf: true, webauthn:virtualAuthenticators: true}
Session ID: 78b7c4549093f5a09e3e2acd2ca9f766
	at java.base/jdk.internal.reflect.DirectConstructorHandleAccessor.newInstance(DirectConstructorHandleAccessor.java:62)
	at java.base/java.lang.reflect.Constructor.newInstanceWithCaller(Constructor.java:502)
	at java.base/java.lang.reflect.Constructor.newInstance(Constructor.java:486)
	at org.openqa.selenium.remote.ErrorCodec.decode(ErrorCodec.java:167)
	at org.openqa.selenium.remote.codec.w3c.W3CHttpResponseCodec.decode(W3CHttpResponseCodec.java:138)
	at org.openqa.selenium.remote.codec.w3c.W3CHttpResponseCodec.decode(W3CHttpResponseCodec.java:50)
	at org.openqa.selenium.remote.HttpCommandExecutor.execute(HttpCommandExecutor.java:190)
	at org.openqa.selenium.remote.service.DriverCommandExecutor.invokeExecute(DriverCommandExecutor.java:216)
	at org.openqa.selenium.remote.service.DriverCommandExecutor.execute(DriverCommandExecutor.java:174)
	at org.openqa.selenium.remote.RemoteWebDriver.execute(RemoteWebDriver.java:545)
	at org.openqa.selenium.remote.ElementLocation$ElementFinder$2.findElement(ElementLocation.java:165)
	at org.openqa.selenium.remote.ElementLocation.findElement(ElementLocation.java:59)
	at org.openqa.selenium.remote.RemoteWebDriver.findElement(RemoteWebDriver.java:368)
	at org.openqa.selenium.remote.RemoteWebDriver.findElement(RemoteWebDriver.java:362)
	at org.openqa.selenium.support.pagefactory.DefaultElementLocator.findElement(DefaultElementLocator.java:68)
	at org.openqa.selenium.support.pagefactory.internal.LocatingElementHandler.invoke(LocatingElementHandler.java:38)
	at jdk.proxy2/jdk.proxy2.$Proxy14.isDisplayed(Unknown Source)
	at org.openqa.selenium.support.ui.ExpectedConditions.elementIfVisible(ExpectedConditions.java:304)
	at org.openqa.selenium.support.ui.ExpectedConditions$10.apply(ExpectedConditions.java:290)
	at org.openqa.selenium.support.ui.ExpectedConditions$10.apply(ExpectedConditions.java:287)
	at org.openqa.selenium.support.ui.ExpectedConditions$23.apply(ExpectedConditions.java:656)
	at org.openqa.selenium.support.ui.ExpectedConditions$23.apply(ExpectedConditions.java:652)
	at org.openqa.selenium.support.ui.FluentWait.until(FluentWait.java:203)
	... 70 common frames omitted
2025-01-22 12:50:18 [main] INFO  l.insoft.uztis.tests.utils.TestUtils - Screenshot moved to C:\Users\ingrida.zadorozniene\Desktop\Asm\UZTIS\UZTIS_tests\test-output\screenshots\20250122\125018310_testFillNewApplication().png
2025-01-22 12:53:18 [main] INFO  lt.insoft.uztis.tests.UztisPageTest - Navigated to https://uztisdev.asseco.lt/home
2025-01-22 12:53:18 [main] INFO  l.i.u.t.SubmittedApplicationsPageTest - Starting test:'testFillNewApplication'
2025-01-22 12:53:19 [main] DEBUG l.i.u.t.SubmittedApplicationsPageTest - User logged in with test credentials
2025-01-22 12:53:19 [main] DEBUG l.i.u.t.SubmittedApplicationsPageTest - Opened 'Application Processing' menu.
2025-01-22 12:53:19 [main] DEBUG l.i.u.t.SubmittedApplicationsPageTest - Clicked on 'Application Forms' menu.
2025-01-22 12:53:20 [main] DEBUG l.i.u.t.SubmittedApplicationsPageTest - Retrieved last description code text: 'TST-VUI-81'.
2025-01-22 12:53:20 [main] DEBUG l.i.u.t.SubmittedApplicationsPageTest - Clicked on 'Invitation' menu.
2025-01-22 12:53:20 [main] DEBUG l.i.u.t.SubmittedApplicationsPageTest - Selected application section by code: 'TST-VUI-81'.
2025-01-22 12:53:21 [main] DEBUG l.i.u.t.SubmittedApplicationsPageTest - Clicked 'Search' button.
2025-01-22 12:53:21 [main] DEBUG l.i.u.t.SubmittedApplicationsPageTest - Retrieved invitation code: ''.
2025-01-22 12:53:21 [main] DEBUG l.i.u.t.SubmittedApplicationsPageTest - Clicked on 'Submitted Applications' menu.
2025-01-22 12:53:21 [main] DEBUG l.i.u.t.SubmittedApplicationsPageTest - Selected invitation by code: 'TST-VUI-81'.
2025-01-22 12:53:22 [main] DEBUG l.i.u.t.SubmittedApplicationsPageTest - Clicked on 'Action Application' button.
2025-01-22 12:53:22 [main] DEBUG l.i.u.t.SubmittedApplicationsPageTest - Clicked on 'New Application' button.
2025-01-22 12:53:22 [main] DEBUG l.i.u.t.SubmittedApplicationsPageTest - Clicked on 'RadioButtonFA' button.
2025-01-22 12:53:22 [main] DEBUG l.i.u.t.SubmittedApplicationsPageTest - Entered phone number into the input field.
2025-01-22 12:53:23 [main] DEBUG l.i.u.t.SubmittedApplicationsPageTest - Entered eMail into the input field.
2025-01-22 12:53:23 [main] INFO  l.i.u.p.SubmittedApplicationsPage - Located the dropdown button.
2025-01-22 12:53:39 [main] INFO  l.i.u.p.SubmittedApplicationsPage - Found 1741 options in the dropdown.
2025-01-22 12:53:39 [main] INFO  l.i.u.p.SubmittedApplicationsPage - Successfully selected the value: '01.11 - Grūdinių (išskyrus ryžius), ankštinių ir aliejingų sėklų augalų auginimas'
2025-01-22 12:53:50 [main] ERROR l.i.u.p.SubmittedApplicationsPage - Failed to close the dropdown with aria-expanded = 'false'. Attempting manual close.
2025-01-22 12:54:00 [main] ERROR l.i.u.p.SubmittedApplicationsPage - Error selecting value from the list: no such window: target window already closed
from unknown error: web view not found
  (Session info: chrome=131.0.6778.265)
Build info: version: '4.27.0', revision: 'd6e718d134'
System info: os.name: 'Windows 11', os.arch: 'amd64', os.version: '10.0', java.version: '21.0.3'
Driver info: org.openqa.selenium.chrome.ChromeDriver
Command: [432368cdc80cb45486a95794a6a753e7, findElement {using=xpath, value=//h3[contains(@class, 'dynamic-component') and contains(@class, 'ng-star-inserted') and text()='Informacija apie paraiškos teikėją']}]
Capabilities {acceptInsecureCerts: false, browserName: chrome, browserVersion: 131.0.6778.265, chrome: {chromedriverVersion: 131.0.6778.264 (2d05e315153..., userDataDir: C:\Users\INGRID~1.ZAD\AppDa...}, fedcm:accounts: true, goog:chromeOptions: {debuggerAddress: localhost:60768}, networkConnectionEnabled: false, pageLoadStrategy: normal, platformName: windows, proxy: Proxy(), se:cdp: ws://localhost:60768/devtoo..., se:cdpVersion: 131.0.6778.265, setWindowRect: true, strictFileInteractability: false, timeouts: {implicit: 0, pageLoad: 300000, script: 30000}, unhandledPromptBehavior: dismiss and notify, webauthn:extension:credBlob: true, webauthn:extension:largeBlob: true, webauthn:extension:minPinLength: true, webauthn:extension:prf: true, webauthn:virtualAuthenticators: true}
Session ID: 432368cdc80cb45486a95794a6a753e7
2025-01-22 12:54:00 [main] ERROR l.i.u.t.SubmittedApplicationsPageTest - Test 'testFillNewApplication' failed with error: Failed to select from the list
java.lang.RuntimeException: Failed to select from the list
	at lt.insoft.uztis.pages.SubmittedApplicationsPage.selectValueByListEVRK(SubmittedApplicationsPage.java:233)
	at lt.insoft.uztis.tests.SubmittedApplicationsPageTest.testFillNewApplication(SubmittedApplicationsPageTest.java:156)
	at java.base/jdk.internal.reflect.DirectMethodHandleAccessor.invoke(DirectMethodHandleAccessor.java:103)
	at java.base/java.lang.reflect.Method.invoke(Method.java:580)
	at org.junit.platform.commons.util.ReflectionUtils.invokeMethod(ReflectionUtils.java:728)
	at org.junit.jupiter.engine.execution.MethodInvocation.proceed(MethodInvocation.java:60)
	at org.junit.jupiter.engine.execution.InvocationInterceptorChain$ValidatingInvocation.proceed(InvocationInterceptorChain.java:131)
	at org.junit.jupiter.engine.extension.TimeoutExtension.intercept(TimeoutExtension.java:156)
	at org.junit.jupiter.engine.extension.TimeoutExtension.interceptTestableMethod(TimeoutExtension.java:147)
	at org.junit.jupiter.engine.extension.TimeoutExtension.interceptTestMethod(TimeoutExtension.java:86)
	at org.junit.jupiter.engine.execution.InterceptingExecutableInvoker$ReflectiveInterceptorCall.lambda$ofVoidMethod$0(InterceptingExecutableInvoker.java:103)
	at org.junit.jupiter.engine.execution.InterceptingExecutableInvoker.lambda$invoke$0(InterceptingExecutableInvoker.java:93)
	at org.junit.jupiter.engine.execution.InvocationInterceptorChain$InterceptedInvocation.proceed(InvocationInterceptorChain.java:106)
	at org.junit.jupiter.engine.execution.InvocationInterceptorChain.proceed(InvocationInterceptorChain.java:64)
	at org.junit.jupiter.engine.execution.InvocationInterceptorChain.chainAndInvoke(InvocationInterceptorChain.java:45)
	at org.junit.jupiter.engine.execution.InvocationInterceptorChain.invoke(InvocationInterceptorChain.java:37)
	at org.junit.jupiter.engine.execution.InterceptingExecutableInvoker.invoke(InterceptingExecutableInvoker.java:92)
	at org.junit.jupiter.engine.execution.InterceptingExecutableInvoker.invoke(InterceptingExecutableInvoker.java:86)
	at org.junit.jupiter.engine.descriptor.TestMethodTestDescriptor.lambda$invokeTestMethod$7(TestMethodTestDescriptor.java:218)
	at org.junit.platform.engine.support.hierarchical.ThrowableCollector.execute(ThrowableCollector.java:73)
	at org.junit.jupiter.engine.descriptor.TestMethodTestDescriptor.invokeTestMethod(TestMethodTestDescriptor.java:214)
	at org.junit.jupiter.engine.descriptor.TestMethodTestDescriptor.execute(TestMethodTestDescriptor.java:139)
	at org.junit.jupiter.engine.descriptor.TestMethodTestDescriptor.execute(TestMethodTestDescriptor.java:69)
	at org.junit.platform.engine.support.hierarchical.NodeTestTask.lambda$executeRecursively$6(NodeTestTask.java:151)
	at org.junit.platform.engine.support.hierarchical.ThrowableCollector.execute(ThrowableCollector.java:73)
	at org.junit.platform.engine.support.hierarchical.NodeTestTask.lambda$executeRecursively$8(NodeTestTask.java:141)
	at org.junit.platform.engine.support.hierarchical.Node.around(Node.java:137)
	at org.junit.platform.engine.support.hierarchical.NodeTestTask.lambda$executeRecursively$9(NodeTestTask.java:139)
	at org.junit.platform.engine.support.hierarchical.ThrowableCollector.execute(ThrowableCollector.java:73)
	at org.junit.platform.engine.support.hierarchical.NodeTestTask.executeRecursively(NodeTestTask.java:138)
	at org.junit.platform.engine.support.hierarchical.NodeTestTask.execute(NodeTestTask.java:95)
	at java.base/java.util.ArrayList.forEach(ArrayList.java:1596)
	at org.junit.platform.engine.support.hierarchical.SameThreadHierarchicalTestExecutorService.invokeAll(SameThreadHierarchicalTestExecutorService.java:41)
	at org.junit.platform.engine.support.hierarchical.NodeTestTask.lambda$executeRecursively$6(NodeTestTask.java:155)
	at org.junit.platform.engine.support.hierarchical.ThrowableCollector.execute(ThrowableCollector.java:73)
	at org.junit.platform.engine.support.hierarchical.NodeTestTask.lambda$executeRecursively$8(NodeTestTask.java:141)
	at org.junit.platform.engine.support.hierarchical.Node.around(Node.java:137)
	at org.junit.platform.engine.support.hierarchical.NodeTestTask.lambda$executeRecursively$9(NodeTestTask.java:139)
	at org.junit.platform.engine.support.hierarchical.ThrowableCollector.execute(ThrowableCollector.java:73)
	at org.junit.platform.engine.support.hierarchical.NodeTestTask.executeRecursively(NodeTestTask.java:138)
	at org.junit.platform.engine.support.hierarchical.NodeTestTask.execute(NodeTestTask.java:95)
	at java.base/java.util.ArrayList.forEach(ArrayList.java:1596)
	at org.junit.platform.engine.support.hierarchical.SameThreadHierarchicalTestExecutorService.invokeAll(SameThreadHierarchicalTestExecutorService.java:41)
	at org.junit.platform.engine.support.hierarchical.NodeTestTask.lambda$executeRecursively$6(NodeTestTask.java:155)
	at org.junit.platform.engine.support.hierarchical.ThrowableCollector.execute(ThrowableCollector.java:73)
	at org.junit.platform.engine.support.hierarchical.NodeTestTask.lambda$executeRecursively$8(NodeTestTask.java:141)
	at org.junit.platform.engine.support.hierarchical.Node.around(Node.java:137)
	at org.junit.platform.engine.support.hierarchical.NodeTestTask.lambda$executeRecursively$9(NodeTestTask.java:139)
	at org.junit.platform.engine.support.hierarchical.ThrowableCollector.execute(ThrowableCollector.java:73)
	at org.junit.platform.engine.support.hierarchical.NodeTestTask.executeRecursively(NodeTestTask.java:138)
	at org.junit.platform.engine.support.hierarchical.NodeTestTask.execute(NodeTestTask.java:95)
	at org.junit.platform.engine.support.hierarchical.SameThreadHierarchicalTestExecutorService.submit(SameThreadHierarchicalTestExecutorService.java:35)
	at org.junit.platform.engine.support.hierarchical.HierarchicalTestExecutor.execute(HierarchicalTestExecutor.java:57)
	at org.junit.platform.engine.support.hierarchical.HierarchicalTestEngine.execute(HierarchicalTestEngine.java:54)
	at org.junit.platform.launcher.core.EngineExecutionOrchestrator.execute(EngineExecutionOrchestrator.java:198)
	at org.junit.platform.launcher.core.EngineExecutionOrchestrator.execute(EngineExecutionOrchestrator.java:169)
	at org.junit.platform.launcher.core.EngineExecutionOrchestrator.execute(EngineExecutionOrchestrator.java:93)
	at org.junit.platform.launcher.core.EngineExecutionOrchestrator.lambda$execute$0(EngineExecutionOrchestrator.java:58)
	at org.junit.platform.launcher.core.EngineExecutionOrchestrator.withInterceptedStreams(EngineExecutionOrchestrator.java:141)
	at org.junit.platform.launcher.core.EngineExecutionOrchestrator.execute(EngineExecutionOrchestrator.java:57)
	at org.junit.platform.launcher.core.DefaultLauncher.execute(DefaultLauncher.java:103)
	at org.junit.platform.launcher.core.DefaultLauncher.execute(DefaultLauncher.java:85)
	at org.junit.platform.launcher.core.DelegatingLauncher.execute(DelegatingLauncher.java:47)
	at org.junit.platform.launcher.core.SessionPerRequestLauncher.execute(SessionPerRequestLauncher.java:63)
	at com.intellij.junit5.JUnit5IdeaTestRunner.startRunnerWithArgs(JUnit5IdeaTestRunner.java:57)
	at com.intellij.rt.junit.IdeaTestRunner$Repeater$1.execute(IdeaTestRunner.java:38)
	at com.intellij.rt.execution.junit.TestsRepeater.repeat(TestsRepeater.java:11)
	at com.intellij.rt.junit.IdeaTestRunner$Repeater.startRunnerWithArgs(IdeaTestRunner.java:35)
	at com.intellij.rt.junit.JUnitStarter.prepareStreamsAndStart(JUnitStarter.java:232)
	at com.intellij.rt.junit.JUnitStarter.main(JUnitStarter.java:55)
Caused by: org.openqa.selenium.NoSuchWindowException: no such window: target window already closed
from unknown error: web view not found
  (Session info: chrome=131.0.6778.265)
Build info: version: '4.27.0', revision: 'd6e718d134'
System info: os.name: 'Windows 11', os.arch: 'amd64', os.version: '10.0', java.version: '21.0.3'
Driver info: org.openqa.selenium.chrome.ChromeDriver
Command: [432368cdc80cb45486a95794a6a753e7, findElement {using=xpath, value=//h3[contains(@class, 'dynamic-component') and contains(@class, 'ng-star-inserted') and text()='Informacija apie paraiškos teikėją']}]
Capabilities {acceptInsecureCerts: false, browserName: chrome, browserVersion: 131.0.6778.265, chrome: {chromedriverVersion: 131.0.6778.264 (2d05e315153..., userDataDir: C:\Users\INGRID~1.ZAD\AppDa...}, fedcm:accounts: true, goog:chromeOptions: {debuggerAddress: localhost:60768}, networkConnectionEnabled: false, pageLoadStrategy: normal, platformName: windows, proxy: Proxy(), se:cdp: ws://localhost:60768/devtoo..., se:cdpVersion: 131.0.6778.265, setWindowRect: true, strictFileInteractability: false, timeouts: {implicit: 0, pageLoad: 300000, script: 30000}, unhandledPromptBehavior: dismiss and notify, webauthn:extension:credBlob: true, webauthn:extension:largeBlob: true, webauthn:extension:minPinLength: true, webauthn:extension:prf: true, webauthn:virtualAuthenticators: true}
Session ID: 432368cdc80cb45486a95794a6a753e7
	at java.base/jdk.internal.reflect.DirectConstructorHandleAccessor.newInstance(DirectConstructorHandleAccessor.java:62)
	at java.base/java.lang.reflect.Constructor.newInstanceWithCaller(Constructor.java:502)
	at java.base/java.lang.reflect.Constructor.newInstance(Constructor.java:486)
	at org.openqa.selenium.remote.ErrorCodec.decode(ErrorCodec.java:167)
	at org.openqa.selenium.remote.codec.w3c.W3CHttpResponseCodec.decode(W3CHttpResponseCodec.java:138)
	at org.openqa.selenium.remote.codec.w3c.W3CHttpResponseCodec.decode(W3CHttpResponseCodec.java:50)
	at org.openqa.selenium.remote.HttpCommandExecutor.execute(HttpCommandExecutor.java:190)
	at org.openqa.selenium.remote.service.DriverCommandExecutor.invokeExecute(DriverCommandExecutor.java:216)
	at org.openqa.selenium.remote.service.DriverCommandExecutor.execute(DriverCommandExecutor.java:174)
	at org.openqa.selenium.remote.RemoteWebDriver.execute(RemoteWebDriver.java:545)
	at org.openqa.selenium.remote.ElementLocation$ElementFinder$2.findElement(ElementLocation.java:165)
	at org.openqa.selenium.remote.ElementLocation.findElement(ElementLocation.java:59)
	at org.openqa.selenium.remote.RemoteWebDriver.findElement(RemoteWebDriver.java:368)
	at org.openqa.selenium.remote.RemoteWebDriver.findElement(RemoteWebDriver.java:362)
	at org.openqa.selenium.support.pagefactory.DefaultElementLocator.findElement(DefaultElementLocator.java:68)
	at org.openqa.selenium.support.pagefactory.internal.LocatingElementHandler.invoke(LocatingElementHandler.java:38)
	at jdk.proxy2/jdk.proxy2.$Proxy14.toString(Unknown Source)
	at java.base/java.lang.String.valueOf(String.java:4465)
	at org.openqa.selenium.support.ui.ExpectedConditions$23.toString(ExpectedConditions.java:669)
	at java.base/java.lang.String.valueOf(String.java:4465)
	at org.openqa.selenium.support.ui.FluentWait.until(FluentWait.java:225)
	at lt.insoft.uztis.pages.SubmittedApplicationsPage.selectValueByListEVRK(SubmittedApplicationsPage.java:227)
	... 69 common frames omitted
2025-01-22 12:54:06 [main] INFO  lt.insoft.uztis.tests.UztisPageTest - Navigated to https://uztisdev.asseco.lt/home
2025-01-22 12:54:06 [main] INFO  l.i.u.t.SubmittedApplicationsPageTest - Starting test:'testFillNewApplication'
2025-01-22 12:54:06 [main] DEBUG l.i.u.t.SubmittedApplicationsPageTest - User logged in with test credentials
2025-01-22 12:54:07 [main] DEBUG l.i.u.t.SubmittedApplicationsPageTest - Opened 'Application Processing' menu.
2025-01-22 12:54:07 [main] DEBUG l.i.u.t.SubmittedApplicationsPageTest - Clicked on 'Application Forms' menu.
2025-01-22 12:54:07 [main] DEBUG l.i.u.t.SubmittedApplicationsPageTest - Retrieved last description code text: 'TST-VUI-81'.
2025-01-22 12:54:08 [main] DEBUG l.i.u.t.SubmittedApplicationsPageTest - Clicked on 'Invitation' menu.
2025-01-22 12:54:08 [main] DEBUG l.i.u.t.SubmittedApplicationsPageTest - Selected application section by code: 'TST-VUI-81'.
2025-01-22 12:54:08 [main] DEBUG l.i.u.t.SubmittedApplicationsPageTest - Clicked 'Search' button.
2025-01-22 12:54:08 [main] DEBUG l.i.u.t.SubmittedApplicationsPageTest - Retrieved invitation code: ''.
2025-01-22 12:54:08 [main] DEBUG l.i.u.t.SubmittedApplicationsPageTest - Clicked on 'Submitted Applications' menu.
2025-01-22 12:54:09 [main] DEBUG l.i.u.t.SubmittedApplicationsPageTest - Selected invitation by code: 'TST-VUI-81'.
2025-01-22 12:54:09 [main] DEBUG l.i.u.t.SubmittedApplicationsPageTest - Clicked on 'Action Application' button.
2025-01-22 12:54:10 [main] DEBUG l.i.u.t.SubmittedApplicationsPageTest - Clicked on 'New Application' button.
2025-01-22 12:54:10 [main] DEBUG l.i.u.t.SubmittedApplicationsPageTest - Clicked on 'RadioButtonFA' button.
2025-01-22 12:54:10 [main] DEBUG l.i.u.t.SubmittedApplicationsPageTest - Entered phone number into the input field.
2025-01-22 12:54:11 [main] DEBUG l.i.u.t.SubmittedApplicationsPageTest - Entered eMail into the input field.
2025-01-22 12:54:11 [main] INFO  l.i.u.p.SubmittedApplicationsPage - Located the dropdown button.
2025-01-22 12:54:28 [main] INFO  l.i.u.p.SubmittedApplicationsPage - Found 1741 options in the dropdown.
2025-01-22 12:54:28 [main] INFO  l.i.u.p.SubmittedApplicationsPage - Successfully selected the value: '01.11 - Grūdinių (išskyrus ryžius), ankštinių ir aliejingų sėklų augalų auginimas'
2025-01-22 12:54:38 [main] ERROR l.i.u.p.SubmittedApplicationsPage - Failed to close the dropdown with aria-expanded = 'false'. Attempting manual close.
2025-01-22 12:54:58 [main] ERROR l.i.u.p.SubmittedApplicationsPage - Error selecting value from the list: Expected condition failed: waiting for element to be clickable: Proxy element for: DefaultElementLocator 'By.xpath: //h3[contains(@class, 'dynamic-component') and contains(@class, 'ng-star-inserted') and text()='Informacija apie paraiškos teikėją']' (tried for 10 second(s) with 500 milliseconds interval)
2025-01-22 12:54:58 [main] ERROR l.i.u.t.SubmittedApplicationsPageTest - Test 'testFillNewApplication' failed with error: Failed to select from the list
java.lang.RuntimeException: Failed to select from the list
	at lt.insoft.uztis.pages.SubmittedApplicationsPage.selectValueByListEVRK(SubmittedApplicationsPage.java:233)
	at lt.insoft.uztis.tests.SubmittedApplicationsPageTest.testFillNewApplication(SubmittedApplicationsPageTest.java:156)
	at java.base/jdk.internal.reflect.DirectMethodHandleAccessor.invoke(DirectMethodHandleAccessor.java:103)
	at java.base/java.lang.reflect.Method.invoke(Method.java:580)
	at org.junit.platform.commons.util.ReflectionUtils.invokeMethod(ReflectionUtils.java:728)
	at org.junit.jupiter.engine.execution.MethodInvocation.proceed(MethodInvocation.java:60)
	at org.junit.jupiter.engine.execution.InvocationInterceptorChain$ValidatingInvocation.proceed(InvocationInterceptorChain.java:131)
	at org.junit.jupiter.engine.extension.TimeoutExtension.intercept(TimeoutExtension.java:156)
	at org.junit.jupiter.engine.extension.TimeoutExtension.interceptTestableMethod(TimeoutExtension.java:147)
	at org.junit.jupiter.engine.extension.TimeoutExtension.interceptTestMethod(TimeoutExtension.java:86)
	at org.junit.jupiter.engine.execution.InterceptingExecutableInvoker$ReflectiveInterceptorCall.lambda$ofVoidMethod$0(InterceptingExecutableInvoker.java:103)
	at org.junit.jupiter.engine.execution.InterceptingExecutableInvoker.lambda$invoke$0(InterceptingExecutableInvoker.java:93)
	at org.junit.jupiter.engine.execution.InvocationInterceptorChain$InterceptedInvocation.proceed(InvocationInterceptorChain.java:106)
	at org.junit.jupiter.engine.execution.InvocationInterceptorChain.proceed(InvocationInterceptorChain.java:64)
	at org.junit.jupiter.engine.execution.InvocationInterceptorChain.chainAndInvoke(InvocationInterceptorChain.java:45)
	at org.junit.jupiter.engine.execution.InvocationInterceptorChain.invoke(InvocationInterceptorChain.java:37)
	at org.junit.jupiter.engine.execution.InterceptingExecutableInvoker.invoke(InterceptingExecutableInvoker.java:92)
	at org.junit.jupiter.engine.execution.InterceptingExecutableInvoker.invoke(InterceptingExecutableInvoker.java:86)
	at org.junit.jupiter.engine.descriptor.TestMethodTestDescriptor.lambda$invokeTestMethod$7(TestMethodTestDescriptor.java:218)
	at org.junit.platform.engine.support.hierarchical.ThrowableCollector.execute(ThrowableCollector.java:73)
	at org.junit.jupiter.engine.descriptor.TestMethodTestDescriptor.invokeTestMethod(TestMethodTestDescriptor.java:214)
	at org.junit.jupiter.engine.descriptor.TestMethodTestDescriptor.execute(TestMethodTestDescriptor.java:139)
	at org.junit.jupiter.engine.descriptor.TestMethodTestDescriptor.execute(TestMethodTestDescriptor.java:69)
	at org.junit.platform.engine.support.hierarchical.NodeTestTask.lambda$executeRecursively$6(NodeTestTask.java:151)
	at org.junit.platform.engine.support.hierarchical.ThrowableCollector.execute(ThrowableCollector.java:73)
	at org.junit.platform.engine.support.hierarchical.NodeTestTask.lambda$executeRecursively$8(NodeTestTask.java:141)
	at org.junit.platform.engine.support.hierarchical.Node.around(Node.java:137)
	at org.junit.platform.engine.support.hierarchical.NodeTestTask.lambda$executeRecursively$9(NodeTestTask.java:139)
	at org.junit.platform.engine.support.hierarchical.ThrowableCollector.execute(ThrowableCollector.java:73)
	at org.junit.platform.engine.support.hierarchical.NodeTestTask.executeRecursively(NodeTestTask.java:138)
	at org.junit.platform.engine.support.hierarchical.NodeTestTask.execute(NodeTestTask.java:95)
	at java.base/java.util.ArrayList.forEach(ArrayList.java:1596)
	at org.junit.platform.engine.support.hierarchical.SameThreadHierarchicalTestExecutorService.invokeAll(SameThreadHierarchicalTestExecutorService.java:41)
	at org.junit.platform.engine.support.hierarchical.NodeTestTask.lambda$executeRecursively$6(NodeTestTask.java:155)
	at org.junit.platform.engine.support.hierarchical.ThrowableCollector.execute(ThrowableCollector.java:73)
	at org.junit.platform.engine.support.hierarchical.NodeTestTask.lambda$executeRecursively$8(NodeTestTask.java:141)
	at org.junit.platform.engine.support.hierarchical.Node.around(Node.java:137)
	at org.junit.platform.engine.support.hierarchical.NodeTestTask.lambda$executeRecursively$9(NodeTestTask.java:139)
	at org.junit.platform.engine.support.hierarchical.ThrowableCollector.execute(ThrowableCollector.java:73)
	at org.junit.platform.engine.support.hierarchical.NodeTestTask.executeRecursively(NodeTestTask.java:138)
	at org.junit.platform.engine.support.hierarchical.NodeTestTask.execute(NodeTestTask.java:95)
	at java.base/java.util.ArrayList.forEach(ArrayList.java:1596)
	at org.junit.platform.engine.support.hierarchical.SameThreadHierarchicalTestExecutorService.invokeAll(SameThreadHierarchicalTestExecutorService.java:41)
	at org.junit.platform.engine.support.hierarchical.NodeTestTask.lambda$executeRecursively$6(NodeTestTask.java:155)
	at org.junit.platform.engine.support.hierarchical.ThrowableCollector.execute(ThrowableCollector.java:73)
	at org.junit.platform.engine.support.hierarchical.NodeTestTask.lambda$executeRecursively$8(NodeTestTask.java:141)
	at org.junit.platform.engine.support.hierarchical.Node.around(Node.java:137)
	at org.junit.platform.engine.support.hierarchical.NodeTestTask.lambda$executeRecursively$9(NodeTestTask.java:139)
	at org.junit.platform.engine.support.hierarchical.ThrowableCollector.execute(ThrowableCollector.java:73)
	at org.junit.platform.engine.support.hierarchical.NodeTestTask.executeRecursively(NodeTestTask.java:138)
	at org.junit.platform.engine.support.hierarchical.NodeTestTask.execute(NodeTestTask.java:95)
	at org.junit.platform.engine.support.hierarchical.SameThreadHierarchicalTestExecutorService.submit(SameThreadHierarchicalTestExecutorService.java:35)
	at org.junit.platform.engine.support.hierarchical.HierarchicalTestExecutor.execute(HierarchicalTestExecutor.java:57)
	at org.junit.platform.engine.support.hierarchical.HierarchicalTestEngine.execute(HierarchicalTestEngine.java:54)
	at org.junit.platform.launcher.core.EngineExecutionOrchestrator.execute(EngineExecutionOrchestrator.java:198)
	at org.junit.platform.launcher.core.EngineExecutionOrchestrator.execute(EngineExecutionOrchestrator.java:169)
	at org.junit.platform.launcher.core.EngineExecutionOrchestrator.execute(EngineExecutionOrchestrator.java:93)
	at org.junit.platform.launcher.core.EngineExecutionOrchestrator.lambda$execute$0(EngineExecutionOrchestrator.java:58)
	at org.junit.platform.launcher.core.EngineExecutionOrchestrator.withInterceptedStreams(EngineExecutionOrchestrator.java:141)
	at org.junit.platform.launcher.core.EngineExecutionOrchestrator.execute(EngineExecutionOrchestrator.java:57)
	at org.junit.platform.launcher.core.DefaultLauncher.execute(DefaultLauncher.java:103)
	at org.junit.platform.launcher.core.DefaultLauncher.execute(DefaultLauncher.java:85)
	at org.junit.platform.launcher.core.DelegatingLauncher.execute(DelegatingLauncher.java:47)
	at org.junit.platform.launcher.core.SessionPerRequestLauncher.execute(SessionPerRequestLauncher.java:63)
	at com.intellij.junit5.JUnit5IdeaTestRunner.startRunnerWithArgs(JUnit5IdeaTestRunner.java:57)
	at com.intellij.rt.junit.IdeaTestRunner$Repeater$1.execute(IdeaTestRunner.java:38)
	at com.intellij.rt.execution.junit.TestsRepeater.repeat(TestsRepeater.java:11)
	at com.intellij.rt.junit.IdeaTestRunner$Repeater.startRunnerWithArgs(IdeaTestRunner.java:35)
	at com.intellij.rt.junit.JUnitStarter.prepareStreamsAndStart(JUnitStarter.java:232)
	at com.intellij.rt.junit.JUnitStarter.main(JUnitStarter.java:55)
Caused by: org.openqa.selenium.TimeoutException: Expected condition failed: waiting for element to be clickable: Proxy element for: DefaultElementLocator 'By.xpath: //h3[contains(@class, 'dynamic-component') and contains(@class, 'ng-star-inserted') and text()='Informacija apie paraiškos teikėją']' (tried for 10 second(s) with 500 milliseconds interval)
	at org.openqa.selenium.support.ui.WebDriverWait.timeoutException(WebDriverWait.java:84)
	at org.openqa.selenium.support.ui.FluentWait.until(FluentWait.java:228)
	at lt.insoft.uztis.pages.SubmittedApplicationsPage.selectValueByListEVRK(SubmittedApplicationsPage.java:227)
	... 69 common frames omitted
Caused by: org.openqa.selenium.NoSuchElementException: no such element: Unable to locate element: {"method":"xpath","selector":"//h3[contains(@class, 'dynamic-component') and contains(@class, 'ng-star-inserted') and text()='Informacija apie paraiškos teikėją']"}
  (Session info: chrome=131.0.6778.265)
For documentation on this error, please visit: https://www.selenium.dev/documentation/webdriver/troubleshooting/errors#no-such-element-exception
Build info: version: '4.27.0', revision: 'd6e718d134'
System info: os.name: 'Windows 11', os.arch: 'amd64', os.version: '10.0', java.version: '21.0.3'
Driver info: org.openqa.selenium.chrome.ChromeDriver
Command: [fcd9297132b0efc4e5f4cc6be35c8a96, findElement {using=xpath, value=//h3[contains(@class, 'dynamic-component') and contains(@class, 'ng-star-inserted') and text()='Informacija apie paraiškos teikėją']}]
Capabilities {acceptInsecureCerts: false, browserName: chrome, browserVersion: 131.0.6778.265, chrome: {chromedriverVersion: 131.0.6778.264 (2d05e315153..., userDataDir: C:\Users\INGRID~1.ZAD\AppDa...}, fedcm:accounts: true, goog:chromeOptions: {debuggerAddress: localhost:60809}, networkConnectionEnabled: false, pageLoadStrategy: normal, platformName: windows, proxy: Proxy(), se:cdp: ws://localhost:60809/devtoo..., se:cdpVersion: 131.0.6778.265, setWindowRect: true, strictFileInteractability: false, timeouts: {implicit: 0, pageLoad: 300000, script: 30000}, unhandledPromptBehavior: dismiss and notify, webauthn:extension:credBlob: true, webauthn:extension:largeBlob: true, webauthn:extension:minPinLength: true, webauthn:extension:prf: true, webauthn:virtualAuthenticators: true}
Session ID: fcd9297132b0efc4e5f4cc6be35c8a96
	at java.base/jdk.internal.reflect.DirectConstructorHandleAccessor.newInstance(DirectConstructorHandleAccessor.java:62)
	at java.base/java.lang.reflect.Constructor.newInstanceWithCaller(Constructor.java:502)
	at java.base/java.lang.reflect.Constructor.newInstance(Constructor.java:486)
	at org.openqa.selenium.remote.ErrorCodec.decode(ErrorCodec.java:167)
	at org.openqa.selenium.remote.codec.w3c.W3CHttpResponseCodec.decode(W3CHttpResponseCodec.java:138)
	at org.openqa.selenium.remote.codec.w3c.W3CHttpResponseCodec.decode(W3CHttpResponseCodec.java:50)
	at org.openqa.selenium.remote.HttpCommandExecutor.execute(HttpCommandExecutor.java:190)
	at org.openqa.selenium.remote.service.DriverCommandExecutor.invokeExecute(DriverCommandExecutor.java:216)
	at org.openqa.selenium.remote.service.DriverCommandExecutor.execute(DriverCommandExecutor.java:174)
	at org.openqa.selenium.remote.RemoteWebDriver.execute(RemoteWebDriver.java:545)
	at org.openqa.selenium.remote.ElementLocation$ElementFinder$2.findElement(ElementLocation.java:165)
	at org.openqa.selenium.remote.ElementLocation.findElement(ElementLocation.java:59)
	at org.openqa.selenium.remote.RemoteWebDriver.findElement(RemoteWebDriver.java:368)
	at org.openqa.selenium.remote.RemoteWebDriver.findElement(RemoteWebDriver.java:362)
	at org.openqa.selenium.support.pagefactory.DefaultElementLocator.findElement(DefaultElementLocator.java:68)
	at org.openqa.selenium.support.pagefactory.internal.LocatingElementHandler.invoke(LocatingElementHandler.java:38)
	at jdk.proxy2/jdk.proxy2.$Proxy14.isDisplayed(Unknown Source)
	at org.openqa.selenium.support.ui.ExpectedConditions.elementIfVisible(ExpectedConditions.java:304)
	at org.openqa.selenium.support.ui.ExpectedConditions$10.apply(ExpectedConditions.java:290)
	at org.openqa.selenium.support.ui.ExpectedConditions$10.apply(ExpectedConditions.java:287)
	at org.openqa.selenium.support.ui.ExpectedConditions$23.apply(ExpectedConditions.java:656)
	at org.openqa.selenium.support.ui.ExpectedConditions$23.apply(ExpectedConditions.java:652)
	at org.openqa.selenium.support.ui.FluentWait.until(FluentWait.java:203)
	... 70 common frames omitted
2025-01-22 12:54:58 [main] INFO  l.insoft.uztis.tests.utils.TestUtils - Screenshot moved to C:\Users\ingrida.zadorozniene\Desktop\Asm\UZTIS\UZTIS_tests\test-output\screenshots\20250122\125458994_testFillNewApplication().png
2025-01-22 12:55:56 [main] INFO  lt.insoft.uztis.tests.UztisPageTest - Navigated to https://uztisdev.asseco.lt/home
2025-01-22 12:55:56 [main] INFO  l.i.u.t.SubmittedApplicationsPageTest - Starting test:'testFillNewApplication'
2025-01-22 12:55:57 [main] DEBUG l.i.u.t.SubmittedApplicationsPageTest - User logged in with test credentials
2025-01-22 12:55:57 [main] DEBUG l.i.u.t.SubmittedApplicationsPageTest - Opened 'Application Processing' menu.
2025-01-22 12:55:57 [main] DEBUG l.i.u.t.SubmittedApplicationsPageTest - Clicked on 'Application Forms' menu.
2025-01-22 12:55:58 [main] DEBUG l.i.u.t.SubmittedApplicationsPageTest - Retrieved last description code text: 'TST-VUI-81'.
2025-01-22 12:55:58 [main] DEBUG l.i.u.t.SubmittedApplicationsPageTest - Clicked on 'Invitation' menu.
2025-01-22 12:55:58 [main] DEBUG l.i.u.t.SubmittedApplicationsPageTest - Selected application section by code: 'TST-VUI-81'.
2025-01-22 12:55:59 [main] DEBUG l.i.u.t.SubmittedApplicationsPageTest - Clicked 'Search' button.
2025-01-22 12:55:59 [main] DEBUG l.i.u.t.SubmittedApplicationsPageTest - Retrieved invitation code: ''.
2025-01-22 12:55:59 [main] DEBUG l.i.u.t.SubmittedApplicationsPageTest - Clicked on 'Submitted Applications' menu.
2025-01-22 12:55:59 [main] DEBUG l.i.u.t.SubmittedApplicationsPageTest - Selected invitation by code: 'TST-VUI-81'.
2025-01-22 12:56:00 [main] DEBUG l.i.u.t.SubmittedApplicationsPageTest - Clicked on 'Action Application' button.
2025-01-22 12:56:00 [main] DEBUG l.i.u.t.SubmittedApplicationsPageTest - Clicked on 'New Application' button.
2025-01-22 12:56:00 [main] DEBUG l.i.u.t.SubmittedApplicationsPageTest - Clicked on 'RadioButtonFA' button.
2025-01-22 12:56:00 [main] DEBUG l.i.u.t.SubmittedApplicationsPageTest - Entered phone number into the input field.
2025-01-22 12:56:01 [main] DEBUG l.i.u.t.SubmittedApplicationsPageTest - Entered eMail into the input field.
2025-01-22 12:56:01 [main] INFO  l.i.u.p.SubmittedApplicationsPage - Located the dropdown button.
2025-01-22 12:56:20 [main] INFO  l.i.u.p.SubmittedApplicationsPage - Found 1741 options in the dropdown.
2025-01-22 12:56:20 [main] INFO  l.i.u.p.SubmittedApplicationsPage - Successfully selected the value: '01.11 - Grūdinių (išskyrus ryžius), ankštinių ir aliejingų sėklų augalų auginimas'
2025-01-22 12:56:31 [main] ERROR l.i.u.p.SubmittedApplicationsPage - Failed to close the dropdown with aria-expanded = 'false'. Attempting manual close.
2025-01-22 12:56:31 [main] DEBUG l.i.u.t.SubmittedApplicationsPageTest - Entered Address into the input field.
2025-01-22 12:56:31 [main] INFO  l.i.u.t.SubmittedApplicationsPageTest - Test 'testFillNewApplication' completed successfully.
2025-01-22 13:09:35 [main] INFO  lt.insoft.uztis.tests.UztisPageTest - Navigated to https://uztisdev.asseco.lt/home
2025-01-22 13:09:35 [main] INFO  l.i.u.t.SubmittedApplicationsPageTest - Starting test:'testFillNewApplication'
2025-01-22 13:09:35 [main] DEBUG l.i.u.t.SubmittedApplicationsPageTest - User logged in with test credentials
2025-01-22 13:09:35 [main] DEBUG l.i.u.t.SubmittedApplicationsPageTest - Opened 'Application Processing' menu.
2025-01-22 13:09:36 [main] DEBUG l.i.u.t.SubmittedApplicationsPageTest - Clicked on 'Application Forms' menu.
2025-01-22 13:09:36 [main] DEBUG l.i.u.t.SubmittedApplicationsPageTest - Retrieved last description code text: 'TST-VUI-81'.
2025-01-22 13:09:36 [main] DEBUG l.i.u.t.SubmittedApplicationsPageTest - Clicked on 'Invitation' menu.
2025-01-22 13:09:37 [main] DEBUG l.i.u.t.SubmittedApplicationsPageTest - Selected application section by code: 'TST-VUI-81'.
2025-01-22 13:09:37 [main] DEBUG l.i.u.t.SubmittedApplicationsPageTest - Clicked 'Search' button.
2025-01-22 13:09:37 [main] DEBUG l.i.u.t.SubmittedApplicationsPageTest - Retrieved invitation code: ''.
2025-01-22 13:09:37 [main] DEBUG l.i.u.t.SubmittedApplicationsPageTest - Clicked on 'Submitted Applications' menu.
2025-01-22 13:09:38 [main] DEBUG l.i.u.t.SubmittedApplicationsPageTest - Selected invitation by code: 'TST-VUI-81'.
2025-01-22 13:09:38 [main] DEBUG l.i.u.t.SubmittedApplicationsPageTest - Clicked on 'Action Application' button.
2025-01-22 13:09:38 [main] DEBUG l.i.u.t.SubmittedApplicationsPageTest - Clicked on 'New Application' button.
2025-01-22 13:09:39 [main] DEBUG l.i.u.t.SubmittedApplicationsPageTest - Clicked on 'RadioButtonFA' button.
2025-01-22 13:09:39 [main] DEBUG l.i.u.t.SubmittedApplicationsPageTest - Entered phone number into the input field.
2025-01-22 13:09:39 [main] DEBUG l.i.u.t.SubmittedApplicationsPageTest - Entered eMail into the input field.
2025-01-22 13:09:39 [main] INFO  l.i.u.p.SubmittedApplicationsPage - Located the dropdown button.
2025-01-22 13:09:56 [main] INFO  l.i.u.p.SubmittedApplicationsPage - Found 1741 options in the dropdown.
2025-01-22 13:09:56 [main] INFO  l.i.u.p.SubmittedApplicationsPage - Successfully selected the value: '01.11 - Grūdinių (išskyrus ryžius), ankštinių ir aliejingų sėklų augalų auginimas'
2025-01-22 13:10:06 [main] ERROR l.i.u.p.SubmittedApplicationsPage - Failed to close the dropdown with aria-expanded = 'false'. Attempting manual close.
2025-01-22 13:10:06 [main] DEBUG l.i.u.t.SubmittedApplicationsPageTest - Entered Address into the input field.
2025-01-22 13:10:07 [main] INFO  l.i.u.t.SubmittedApplicationsPageTest - Test 'testFillNewApplication' completed successfully.
2025-01-22 13:23:12 [main] INFO  lt.insoft.uztis.tests.UztisPageTest - Navigated to https://uztisdev.asseco.lt/home
2025-01-22 13:23:12 [main] INFO  l.i.u.t.SubmittedApplicationsPageTest - Starting test:'testFillNewApplication'
2025-01-22 13:23:13 [main] DEBUG l.i.u.t.SubmittedApplicationsPageTest - User logged in with test credentials
2025-01-22 13:23:13 [main] DEBUG l.i.u.t.SubmittedApplicationsPageTest - Opened 'Application Processing' menu.
2025-01-22 13:23:13 [main] DEBUG l.i.u.t.SubmittedApplicationsPageTest - Clicked on 'Application Forms' menu.
2025-01-22 13:23:14 [main] DEBUG l.i.u.t.SubmittedApplicationsPageTest - Retrieved last description code text: 'TST-VUI-81'.
2025-01-22 13:23:14 [main] DEBUG l.i.u.t.SubmittedApplicationsPageTest - Clicked on 'Invitation' menu.
2025-01-22 13:23:15 [main] DEBUG l.i.u.t.SubmittedApplicationsPageTest - Selected application section by code: 'TST-VUI-81'.
2025-01-22 13:23:15 [main] DEBUG l.i.u.t.SubmittedApplicationsPageTest - Clicked 'Search' button.
2025-01-22 13:23:15 [main] DEBUG l.i.u.t.SubmittedApplicationsPageTest - Retrieved invitation code: ''.
2025-01-22 13:23:15 [main] DEBUG l.i.u.t.SubmittedApplicationsPageTest - Clicked on 'Submitted Applications' menu.
2025-01-22 13:23:16 [main] DEBUG l.i.u.t.SubmittedApplicationsPageTest - Selected invitation by code: 'TST-VUI-81'.
2025-01-22 13:23:16 [main] DEBUG l.i.u.t.SubmittedApplicationsPageTest - Clicked on 'Action Application' button.
2025-01-22 13:23:16 [main] DEBUG l.i.u.t.SubmittedApplicationsPageTest - Clicked on 'New Application' button.
2025-01-22 13:23:17 [main] DEBUG l.i.u.t.SubmittedApplicationsPageTest - Clicked on 'RadioButtonFA' button.
2025-01-22 13:23:17 [main] DEBUG l.i.u.t.SubmittedApplicationsPageTest - Entered phone number into the input field.
2025-01-22 13:23:17 [main] DEBUG l.i.u.t.SubmittedApplicationsPageTest - Entered eMail into the input field.
2025-01-22 13:23:17 [main] INFO  l.i.u.p.SubmittedApplicationsPage - Located the dropdown button.
2025-01-22 13:23:34 [main] INFO  l.i.u.p.SubmittedApplicationsPage - Found 1741 options in the dropdown.
2025-01-22 13:23:34 [main] INFO  l.i.u.p.SubmittedApplicationsPage - Successfully selected the value: '01.11 - Grūdinių (išskyrus ryžius), ankštinių ir aliejingų sėklų augalų auginimas'
2025-01-22 13:23:45 [main] ERROR l.i.u.p.SubmittedApplicationsPage - Failed to close the dropdown with aria-expanded = 'false'. Attempting manual close.
2025-01-22 13:23:45 [main] DEBUG l.i.u.t.SubmittedApplicationsPageTest - Entered Address into the input field.
2025-01-22 13:23:45 [main] DEBUG l.i.u.t.SubmittedApplicationsPageTest - Entered Address into the input field.
2025-01-22 13:23:45 [main] INFO  l.i.u.t.SubmittedApplicationsPageTest - Test 'testFillNewApplication' completed successfully.
2025-01-22 13:27:42 [main] INFO  lt.insoft.uztis.tests.UztisPageTest - Navigated to https://uztisdev.asseco.lt/home
2025-01-22 13:27:42 [main] INFO  l.i.u.t.SubmittedApplicationsPageTest - Starting test:'testFillNewApplication'
2025-01-22 13:27:42 [main] DEBUG l.i.u.t.SubmittedApplicationsPageTest - User logged in with test credentials
2025-01-22 13:27:43 [main] DEBUG l.i.u.t.SubmittedApplicationsPageTest - Opened 'Application Processing' menu.
2025-01-22 13:27:43 [main] DEBUG l.i.u.t.SubmittedApplicationsPageTest - Clicked on 'Application Forms' menu.
2025-01-22 13:27:43 [main] DEBUG l.i.u.t.SubmittedApplicationsPageTest - Retrieved last description code text: 'TST-VUI-81'.
2025-01-22 13:27:43 [main] DEBUG l.i.u.t.SubmittedApplicationsPageTest - Clicked on 'Invitation' menu.
2025-01-22 13:27:44 [main] DEBUG l.i.u.t.SubmittedApplicationsPageTest - Selected application section by code: 'TST-VUI-81'.
2025-01-22 13:27:44 [main] DEBUG l.i.u.t.SubmittedApplicationsPageTest - Clicked 'Search' button.
2025-01-22 13:27:44 [main] DEBUG l.i.u.t.SubmittedApplicationsPageTest - Retrieved invitation code: ''.
2025-01-22 13:27:44 [main] DEBUG l.i.u.t.SubmittedApplicationsPageTest - Clicked on 'Submitted Applications' menu.
2025-01-22 13:27:45 [main] DEBUG l.i.u.t.SubmittedApplicationsPageTest - Selected invitation by code: 'TST-VUI-81'.
2025-01-22 13:27:45 [main] DEBUG l.i.u.t.SubmittedApplicationsPageTest - Clicked on 'Action Application' button.
2025-01-22 13:27:45 [main] DEBUG l.i.u.t.SubmittedApplicationsPageTest - Clicked on 'New Application' button.
2025-01-22 13:27:46 [main] DEBUG l.i.u.t.SubmittedApplicationsPageTest - Clicked on 'RadioButtonFA' button.
2025-01-22 13:27:46 [main] DEBUG l.i.u.t.SubmittedApplicationsPageTest - Entered phone number into the input field.
2025-01-22 13:27:46 [main] DEBUG l.i.u.t.SubmittedApplicationsPageTest - Entered eMail into the input field.
2025-01-22 13:27:46 [main] INFO  l.i.u.p.SubmittedApplicationsPage - Located the dropdown button.
2025-01-22 13:28:04 [main] INFO  l.i.u.p.SubmittedApplicationsPage - Found 1741 options in the dropdown.
2025-01-22 13:28:04 [main] INFO  l.i.u.p.SubmittedApplicationsPage - Successfully selected the value: '01.11 - Grūdinių (išskyrus ryžius), ankštinių ir aliejingų sėklų augalų auginimas'
2025-01-22 13:28:15 [main] ERROR l.i.u.p.SubmittedApplicationsPage - Failed to close the dropdown with aria-expanded = 'false'. Attempting manual close.
2025-01-22 13:28:15 [main] DEBUG l.i.u.t.SubmittedApplicationsPageTest - Entered Address into the input field.
2025-01-22 13:28:15 [main] DEBUG l.i.u.t.SubmittedApplicationsPageTest - Entered Address into the input field.
2025-01-22 13:28:16 [main] ERROR l.i.u.t.SubmittedApplicationsPageTest - Test 'testFillNewApplication' failed with error: element click intercepted: Element <button type="button" class="i-forms-stepper-button i-forms-stepper-button-next">...</button> is not clickable at point (1823, 971). Other element would receive the click: <div class="cdk-overlay-backdrop cdk-overlay-transparent-backdrop cdk-overlay-backdrop-showing"></div>
  (Session info: chrome=131.0.6778.265)
Build info: version: '4.27.0', revision: 'd6e718d134'
System info: os.name: 'Windows 11', os.arch: 'amd64', os.version: '10.0', java.version: '21.0.3'
Driver info: org.openqa.selenium.chrome.ChromeDriver
Command: [6170369f2fa6d9390ca3f27b262b750e, clickElement {id=f.EEEC0A5A757BBAC390CCA458FDDDF37F.d.A3590F661348273A4688A2BBA6524C4B.e.1962}]
Capabilities {acceptInsecureCerts: false, browserName: chrome, browserVersion: 131.0.6778.265, chrome: {chromedriverVersion: 131.0.6778.264 (2d05e315153..., userDataDir: C:\Users\INGRID~1.ZAD\AppDa...}, fedcm:accounts: true, goog:chromeOptions: {debuggerAddress: localhost:62032}, networkConnectionEnabled: false, pageLoadStrategy: normal, platformName: windows, proxy: Proxy(), se:cdp: ws://localhost:62032/devtoo..., se:cdpVersion: 131.0.6778.265, setWindowRect: true, strictFileInteractability: false, timeouts: {implicit: 0, pageLoad: 300000, script: 30000}, unhandledPromptBehavior: dismiss and notify, webauthn:extension:credBlob: true, webauthn:extension:largeBlob: true, webauthn:extension:minPinLength: true, webauthn:extension:prf: true, webauthn:virtualAuthenticators: true}
Element: [[ChromeDriver: chrome on windows (6170369f2fa6d9390ca3f27b262b750e)] -> xpath: //button[contains(@class, 'i-forms-stepper-button-next') and normalize-space(text())='Toliau']]
Session ID: 6170369f2fa6d9390ca3f27b262b750e
org.openqa.selenium.ElementClickInterceptedException: element click intercepted: Element <button type="button" class="i-forms-stepper-button i-forms-stepper-button-next">...</button> is not clickable at point (1823, 971). Other element would receive the click: <div class="cdk-overlay-backdrop cdk-overlay-transparent-backdrop cdk-overlay-backdrop-showing"></div>
  (Session info: chrome=131.0.6778.265)
Build info: version: '4.27.0', revision: 'd6e718d134'
System info: os.name: 'Windows 11', os.arch: 'amd64', os.version: '10.0', java.version: '21.0.3'
Driver info: org.openqa.selenium.chrome.ChromeDriver
Command: [6170369f2fa6d9390ca3f27b262b750e, clickElement {id=f.EEEC0A5A757BBAC390CCA458FDDDF37F.d.A3590F661348273A4688A2BBA6524C4B.e.1962}]
Capabilities {acceptInsecureCerts: false, browserName: chrome, browserVersion: 131.0.6778.265, chrome: {chromedriverVersion: 131.0.6778.264 (2d05e315153..., userDataDir: C:\Users\INGRID~1.ZAD\AppDa...}, fedcm:accounts: true, goog:chromeOptions: {debuggerAddress: localhost:62032}, networkConnectionEnabled: false, pageLoadStrategy: normal, platformName: windows, proxy: Proxy(), se:cdp: ws://localhost:62032/devtoo..., se:cdpVersion: 131.0.6778.265, setWindowRect: true, strictFileInteractability: false, timeouts: {implicit: 0, pageLoad: 300000, script: 30000}, unhandledPromptBehavior: dismiss and notify, webauthn:extension:credBlob: true, webauthn:extension:largeBlob: true, webauthn:extension:minPinLength: true, webauthn:extension:prf: true, webauthn:virtualAuthenticators: true}
Element: [[ChromeDriver: chrome on windows (6170369f2fa6d9390ca3f27b262b750e)] -> xpath: //button[contains(@class, 'i-forms-stepper-button-next') and normalize-space(text())='Toliau']]
Session ID: 6170369f2fa6d9390ca3f27b262b750e
	at java.base/jdk.internal.reflect.DirectConstructorHandleAccessor.newInstance(DirectConstructorHandleAccessor.java:62)
	at java.base/java.lang.reflect.Constructor.newInstanceWithCaller(Constructor.java:502)
	at java.base/java.lang.reflect.Constructor.newInstance(Constructor.java:486)
	at org.openqa.selenium.remote.ErrorCodec.decode(ErrorCodec.java:167)
	at org.openqa.selenium.remote.codec.w3c.W3CHttpResponseCodec.decode(W3CHttpResponseCodec.java:138)
	at org.openqa.selenium.remote.codec.w3c.W3CHttpResponseCodec.decode(W3CHttpResponseCodec.java:50)
	at org.openqa.selenium.remote.HttpCommandExecutor.execute(HttpCommandExecutor.java:190)
	at org.openqa.selenium.remote.service.DriverCommandExecutor.invokeExecute(DriverCommandExecutor.java:216)
	at org.openqa.selenium.remote.service.DriverCommandExecutor.execute(DriverCommandExecutor.java:174)
	at org.openqa.selenium.remote.RemoteWebDriver.execute(RemoteWebDriver.java:545)
	at org.openqa.selenium.remote.RemoteWebElement.execute(RemoteWebElement.java:223)
	at org.openqa.selenium.remote.RemoteWebElement.click(RemoteWebElement.java:76)
	at java.base/jdk.internal.reflect.DirectMethodHandleAccessor.invoke(DirectMethodHandleAccessor.java:103)
	at java.base/java.lang.reflect.Method.invoke(Method.java:580)
	at org.openqa.selenium.support.pagefactory.internal.LocatingElementHandler.invoke(LocatingElementHandler.java:51)
	at jdk.proxy2/jdk.proxy2.$Proxy14.click(Unknown Source)
	at lt.insoft.uztis.pages.SubmittedApplicationsPage.clickButtonNext(SubmittedApplicationsPage.java:222)
	at lt.insoft.uztis.tests.SubmittedApplicationsPageTest.testFillNewApplication(SubmittedApplicationsPageTest.java:168)
	at java.base/jdk.internal.reflect.DirectMethodHandleAccessor.invoke(DirectMethodHandleAccessor.java:103)
	at java.base/java.lang.reflect.Method.invoke(Method.java:580)
	at org.junit.platform.commons.util.ReflectionUtils.invokeMethod(ReflectionUtils.java:728)
	at org.junit.jupiter.engine.execution.MethodInvocation.proceed(MethodInvocation.java:60)
	at org.junit.jupiter.engine.execution.InvocationInterceptorChain$ValidatingInvocation.proceed(InvocationInterceptorChain.java:131)
	at org.junit.jupiter.engine.extension.TimeoutExtension.intercept(TimeoutExtension.java:156)
	at org.junit.jupiter.engine.extension.TimeoutExtension.interceptTestableMethod(TimeoutExtension.java:147)
	at org.junit.jupiter.engine.extension.TimeoutExtension.interceptTestMethod(TimeoutExtension.java:86)
	at org.junit.jupiter.engine.execution.InterceptingExecutableInvoker$ReflectiveInterceptorCall.lambda$ofVoidMethod$0(InterceptingExecutableInvoker.java:103)
	at org.junit.jupiter.engine.execution.InterceptingExecutableInvoker.lambda$invoke$0(InterceptingExecutableInvoker.java:93)
	at org.junit.jupiter.engine.execution.InvocationInterceptorChain$InterceptedInvocation.proceed(InvocationInterceptorChain.java:106)
	at org.junit.jupiter.engine.execution.InvocationInterceptorChain.proceed(InvocationInterceptorChain.java:64)
	at org.junit.jupiter.engine.execution.InvocationInterceptorChain.chainAndInvoke(InvocationInterceptorChain.java:45)
	at org.junit.jupiter.engine.execution.InvocationInterceptorChain.invoke(InvocationInterceptorChain.java:37)
	at org.junit.jupiter.engine.execution.InterceptingExecutableInvoker.invoke(InterceptingExecutableInvoker.java:92)
	at org.junit.jupiter.engine.execution.InterceptingExecutableInvoker.invoke(InterceptingExecutableInvoker.java:86)
	at org.junit.jupiter.engine.descriptor.TestMethodTestDescriptor.lambda$invokeTestMethod$7(TestMethodTestDescriptor.java:218)
	at org.junit.platform.engine.support.hierarchical.ThrowableCollector.execute(ThrowableCollector.java:73)
	at org.junit.jupiter.engine.descriptor.TestMethodTestDescriptor.invokeTestMethod(TestMethodTestDescriptor.java:214)
	at org.junit.jupiter.engine.descriptor.TestMethodTestDescriptor.execute(TestMethodTestDescriptor.java:139)
	at org.junit.jupiter.engine.descriptor.TestMethodTestDescriptor.execute(TestMethodTestDescriptor.java:69)
	at org.junit.platform.engine.support.hierarchical.NodeTestTask.lambda$executeRecursively$6(NodeTestTask.java:151)
	at org.junit.platform.engine.support.hierarchical.ThrowableCollector.execute(ThrowableCollector.java:73)
	at org.junit.platform.engine.support.hierarchical.NodeTestTask.lambda$executeRecursively$8(NodeTestTask.java:141)
	at org.junit.platform.engine.support.hierarchical.Node.around(Node.java:137)
	at org.junit.platform.engine.support.hierarchical.NodeTestTask.lambda$executeRecursively$9(NodeTestTask.java:139)
	at org.junit.platform.engine.support.hierarchical.ThrowableCollector.execute(ThrowableCollector.java:73)
	at org.junit.platform.engine.support.hierarchical.NodeTestTask.executeRecursively(NodeTestTask.java:138)
	at org.junit.platform.engine.support.hierarchical.NodeTestTask.execute(NodeTestTask.java:95)
	at java.base/java.util.ArrayList.forEach(ArrayList.java:1596)
	at org.junit.platform.engine.support.hierarchical.SameThreadHierarchicalTestExecutorService.invokeAll(SameThreadHierarchicalTestExecutorService.java:41)
	at org.junit.platform.engine.support.hierarchical.NodeTestTask.lambda$executeRecursively$6(NodeTestTask.java:155)
	at org.junit.platform.engine.support.hierarchical.ThrowableCollector.execute(ThrowableCollector.java:73)
	at org.junit.platform.engine.support.hierarchical.NodeTestTask.lambda$executeRecursively$8(NodeTestTask.java:141)
	at org.junit.platform.engine.support.hierarchical.Node.around(Node.java:137)
	at org.junit.platform.engine.support.hierarchical.NodeTestTask.lambda$executeRecursively$9(NodeTestTask.java:139)
	at org.junit.platform.engine.support.hierarchical.ThrowableCollector.execute(ThrowableCollector.java:73)
	at org.junit.platform.engine.support.hierarchical.NodeTestTask.executeRecursively(NodeTestTask.java:138)
	at org.junit.platform.engine.support.hierarchical.NodeTestTask.execute(NodeTestTask.java:95)
	at java.base/java.util.ArrayList.forEach(ArrayList.java:1596)
	at org.junit.platform.engine.support.hierarchical.SameThreadHierarchicalTestExecutorService.invokeAll(SameThreadHierarchicalTestExecutorService.java:41)
	at org.junit.platform.engine.support.hierarchical.NodeTestTask.lambda$executeRecursively$6(NodeTestTask.java:155)
	at org.junit.platform.engine.support.hierarchical.ThrowableCollector.execute(ThrowableCollector.java:73)
	at org.junit.platform.engine.support.hierarchical.NodeTestTask.lambda$executeRecursively$8(NodeTestTask.java:141)
	at org.junit.platform.engine.support.hierarchical.Node.around(Node.java:137)
	at org.junit.platform.engine.support.hierarchical.NodeTestTask.lambda$executeRecursively$9(NodeTestTask.java:139)
	at org.junit.platform.engine.support.hierarchical.ThrowableCollector.execute(ThrowableCollector.java:73)
	at org.junit.platform.engine.support.hierarchical.NodeTestTask.executeRecursively(NodeTestTask.java:138)
	at org.junit.platform.engine.support.hierarchical.NodeTestTask.execute(NodeTestTask.java:95)
	at org.junit.platform.engine.support.hierarchical.SameThreadHierarchicalTestExecutorService.submit(SameThreadHierarchicalTestExecutorService.java:35)
	at org.junit.platform.engine.support.hierarchical.HierarchicalTestExecutor.execute(HierarchicalTestExecutor.java:57)
	at org.junit.platform.engine.support.hierarchical.HierarchicalTestEngine.execute(HierarchicalTestEngine.java:54)
	at org.junit.platform.launcher.core.EngineExecutionOrchestrator.execute(EngineExecutionOrchestrator.java:198)
	at org.junit.platform.launcher.core.EngineExecutionOrchestrator.execute(EngineExecutionOrchestrator.java:169)
	at org.junit.platform.launcher.core.EngineExecutionOrchestrator.execute(EngineExecutionOrchestrator.java:93)
	at org.junit.platform.launcher.core.EngineExecutionOrchestrator.lambda$execute$0(EngineExecutionOrchestrator.java:58)
	at org.junit.platform.launcher.core.EngineExecutionOrchestrator.withInterceptedStreams(EngineExecutionOrchestrator.java:141)
	at org.junit.platform.launcher.core.EngineExecutionOrchestrator.execute(EngineExecutionOrchestrator.java:57)
	at org.junit.platform.launcher.core.DefaultLauncher.execute(DefaultLauncher.java:103)
	at org.junit.platform.launcher.core.DefaultLauncher.execute(DefaultLauncher.java:85)
	at org.junit.platform.launcher.core.DelegatingLauncher.execute(DelegatingLauncher.java:47)
	at org.junit.platform.launcher.core.SessionPerRequestLauncher.execute(SessionPerRequestLauncher.java:63)
	at com.intellij.junit5.JUnit5IdeaTestRunner.startRunnerWithArgs(JUnit5IdeaTestRunner.java:57)
	at com.intellij.rt.junit.IdeaTestRunner$Repeater$1.execute(IdeaTestRunner.java:38)
	at com.intellij.rt.execution.junit.TestsRepeater.repeat(TestsRepeater.java:11)
	at com.intellij.rt.junit.IdeaTestRunner$Repeater.startRunnerWithArgs(IdeaTestRunner.java:35)
	at com.intellij.rt.junit.JUnitStarter.prepareStreamsAndStart(JUnitStarter.java:232)
	at com.intellij.rt.junit.JUnitStarter.main(JUnitStarter.java:55)
2025-01-22 13:28:17 [main] INFO  l.insoft.uztis.tests.utils.TestUtils - Screenshot moved to C:\Users\ingrida.zadorozniene\Desktop\Asm\UZTIS\UZTIS_tests\test-output\screenshots\20250122\132817125_testFillNewApplication().png
2025-01-22 13:30:42 [main] INFO  lt.insoft.uztis.tests.UztisPageTest - Navigated to https://uztisdev.asseco.lt/home
2025-01-22 13:30:42 [main] INFO  l.i.u.t.SubmittedApplicationsPageTest - Starting test:'testFillNewApplication'
2025-01-22 13:30:42 [main] DEBUG l.i.u.t.SubmittedApplicationsPageTest - User logged in with test credentials
2025-01-22 13:30:43 [main] DEBUG l.i.u.t.SubmittedApplicationsPageTest - Opened 'Application Processing' menu.
2025-01-22 13:30:43 [main] DEBUG l.i.u.t.SubmittedApplicationsPageTest - Clicked on 'Application Forms' menu.
2025-01-22 13:30:43 [main] DEBUG l.i.u.t.SubmittedApplicationsPageTest - Retrieved last description code text: 'TST-VUI-81'.
2025-01-22 13:30:43 [main] DEBUG l.i.u.t.SubmittedApplicationsPageTest - Clicked on 'Invitation' menu.
2025-01-22 13:30:44 [main] DEBUG l.i.u.t.SubmittedApplicationsPageTest - Selected application section by code: 'TST-VUI-81'.
2025-01-22 13:30:44 [main] DEBUG l.i.u.t.SubmittedApplicationsPageTest - Clicked 'Search' button.
2025-01-22 13:30:44 [main] DEBUG l.i.u.t.SubmittedApplicationsPageTest - Retrieved invitation code: ''.
2025-01-22 13:30:44 [main] DEBUG l.i.u.t.SubmittedApplicationsPageTest - Clicked on 'Submitted Applications' menu.
2025-01-22 13:30:45 [main] DEBUG l.i.u.t.SubmittedApplicationsPageTest - Selected invitation by code: 'TST-VUI-81'.
2025-01-22 13:30:45 [main] DEBUG l.i.u.t.SubmittedApplicationsPageTest - Clicked on 'Action Application' button.
2025-01-22 13:30:45 [main] DEBUG l.i.u.t.SubmittedApplicationsPageTest - Clicked on 'New Application' button.
2025-01-22 13:30:46 [main] DEBUG l.i.u.t.SubmittedApplicationsPageTest - Clicked on 'RadioButtonFA' button.
2025-01-22 13:30:46 [main] DEBUG l.i.u.t.SubmittedApplicationsPageTest - Entered phone number into the input field.
2025-01-22 13:30:46 [main] DEBUG l.i.u.t.SubmittedApplicationsPageTest - Entered eMail into the input field.
2025-01-22 13:30:47 [main] DEBUG l.i.u.t.SubmittedApplicationsPageTest - Entered Address into the input field.
2025-01-22 13:30:47 [main] DEBUG l.i.u.t.SubmittedApplicationsPageTest - Entered Address into the input field.
2025-01-22 13:30:47 [main] INFO  l.i.u.t.SubmittedApplicationsPageTest - Test 'testFillNewApplication' completed successfully.
2025-01-22 13:34:14 [main] INFO  lt.insoft.uztis.tests.UztisPageTest - Navigated to https://uztisdev.asseco.lt/home
2025-01-22 13:34:14 [main] INFO  l.i.u.t.SubmittedApplicationsPageTest - Starting test:'testFillNewApplication'
2025-01-22 13:34:15 [main] DEBUG l.i.u.t.SubmittedApplicationsPageTest - User logged in with test credentials
2025-01-22 13:34:15 [main] DEBUG l.i.u.t.SubmittedApplicationsPageTest - Opened 'Application Processing' menu.
2025-01-22 13:34:15 [main] DEBUG l.i.u.t.SubmittedApplicationsPageTest - Clicked on 'Application Forms' menu.
2025-01-22 13:34:16 [main] DEBUG l.i.u.t.SubmittedApplicationsPageTest - Retrieved last description code text: 'TST-VUI-81'.
2025-01-22 13:34:16 [main] DEBUG l.i.u.t.SubmittedApplicationsPageTest - Clicked on 'Invitation' menu.
2025-01-22 13:34:16 [main] DEBUG l.i.u.t.SubmittedApplicationsPageTest - Selected application section by code: 'TST-VUI-81'.
2025-01-22 13:34:17 [main] DEBUG l.i.u.t.SubmittedApplicationsPageTest - Clicked 'Search' button.
2025-01-22 13:34:17 [main] DEBUG l.i.u.t.SubmittedApplicationsPageTest - Retrieved invitation code: ''.
2025-01-22 13:34:17 [main] DEBUG l.i.u.t.SubmittedApplicationsPageTest - Clicked on 'Submitted Applications' menu.
2025-01-22 13:34:17 [main] DEBUG l.i.u.t.SubmittedApplicationsPageTest - Selected invitation by code: 'TST-VUI-81'.
2025-01-22 13:34:18 [main] DEBUG l.i.u.t.SubmittedApplicationsPageTest - Clicked on 'Action Application' button.
2025-01-22 13:34:18 [main] DEBUG l.i.u.t.SubmittedApplicationsPageTest - Clicked on 'New Application' button.
2025-01-22 13:34:18 [main] DEBUG l.i.u.t.SubmittedApplicationsPageTest - Clicked on 'RadioButtonFA' button.
2025-01-22 13:34:19 [main] DEBUG l.i.u.t.SubmittedApplicationsPageTest - Entered phone number into the input field.
2025-01-22 13:34:19 [main] DEBUG l.i.u.t.SubmittedApplicationsPageTest - Entered eMail into the input field.
2025-01-22 13:34:19 [main] INFO  l.i.u.p.SubmittedApplicationsPage - Located the dropdown button.
2025-01-22 13:34:37 [main] INFO  l.i.u.p.SubmittedApplicationsPage - Found 1741 options in the dropdown.
2025-01-22 13:34:37 [main] INFO  l.i.u.p.SubmittedApplicationsPage - Successfully selected the value: '01.11 - Grūdinių (išskyrus ryžius), ankštinių ir aliejingų sėklų augalų auginimas'
2025-01-22 13:34:47 [main] ERROR l.i.u.p.SubmittedApplicationsPage - Failed to close the dropdown with aria-expanded = 'false'. Attempting manual close.
2025-01-22 13:34:57 [main] ERROR l.i.u.p.SubmittedApplicationsPage - Failed to manually close the dropdown: no such element: Unable to locate element: {"method":"tag name","selector":"Informacija apie paraiškos teikėją"}
  (Session info: chrome=131.0.6778.265)
For documentation on this error, please visit: https://www.selenium.dev/documentation/webdriver/troubleshooting/errors#no-such-element-exception
Build info: version: '4.27.0', revision: 'd6e718d134'
System info: os.name: 'Windows 11', os.arch: 'amd64', os.version: '10.0', java.version: '21.0.3'
Driver info: org.openqa.selenium.chrome.ChromeDriver
Command: [056d0739033d4860d8e422cc7cc7a3c4, findElement {value=Informacija apie paraiškos teikėją, using=tag name}]
Capabilities {acceptInsecureCerts: false, browserName: chrome, browserVersion: 131.0.6778.265, chrome: {chromedriverVersion: 131.0.6778.264 (2d05e315153..., userDataDir: C:\Users\INGRID~1.ZAD\AppDa...}, fedcm:accounts: true, goog:chromeOptions: {debuggerAddress: localhost:62281}, networkConnectionEnabled: false, pageLoadStrategy: normal, platformName: windows, proxy: Proxy(), se:cdp: ws://localhost:62281/devtoo..., se:cdpVersion: 131.0.6778.265, setWindowRect: true, strictFileInteractability: false, timeouts: {implicit: 0, pageLoad: 300000, script: 30000}, unhandledPromptBehavior: dismiss and notify, webauthn:extension:credBlob: true, webauthn:extension:largeBlob: true, webauthn:extension:minPinLength: true, webauthn:extension:prf: true, webauthn:virtualAuthenticators: true}
Session ID: 056d0739033d4860d8e422cc7cc7a3c4
2025-01-22 13:34:58 [main] DEBUG l.i.u.t.SubmittedApplicationsPageTest - Entered Address into the input field.
2025-01-22 13:34:58 [main] DEBUG l.i.u.t.SubmittedApplicationsPageTest - Entered Address into the input field.
2025-01-22 13:34:59 [main] ERROR l.i.u.t.SubmittedApplicationsPageTest - Test 'testFillNewApplication' failed with error: element click intercepted: Element <button type="button" class="i-forms-stepper-button i-forms-stepper-button-next">...</button> is not clickable at point (1823, 971). Other element would receive the click: <div class="cdk-overlay-backdrop cdk-overlay-transparent-backdrop cdk-overlay-backdrop-showing"></div>
  (Session info: chrome=131.0.6778.265)
Build info: version: '4.27.0', revision: 'd6e718d134'
System info: os.name: 'Windows 11', os.arch: 'amd64', os.version: '10.0', java.version: '21.0.3'
Driver info: org.openqa.selenium.chrome.ChromeDriver
Command: [056d0739033d4860d8e422cc7cc7a3c4, clickElement {id=f.962EB13C4AAC39FBA19C5D83D25FA85B.d.B76C1904FFE6935CF4AD6E1A776C3330.e.1962}]
Capabilities {acceptInsecureCerts: false, browserName: chrome, browserVersion: 131.0.6778.265, chrome: {chromedriverVersion: 131.0.6778.264 (2d05e315153..., userDataDir: C:\Users\INGRID~1.ZAD\AppDa...}, fedcm:accounts: true, goog:chromeOptions: {debuggerAddress: localhost:62281}, networkConnectionEnabled: false, pageLoadStrategy: normal, platformName: windows, proxy: Proxy(), se:cdp: ws://localhost:62281/devtoo..., se:cdpVersion: 131.0.6778.265, setWindowRect: true, strictFileInteractability: false, timeouts: {implicit: 0, pageLoad: 300000, script: 30000}, unhandledPromptBehavior: dismiss and notify, webauthn:extension:credBlob: true, webauthn:extension:largeBlob: true, webauthn:extension:minPinLength: true, webauthn:extension:prf: true, webauthn:virtualAuthenticators: true}
Element: [[ChromeDriver: chrome on windows (056d0739033d4860d8e422cc7cc7a3c4)] -> xpath: //button[contains(@class, 'i-forms-stepper-button-next') and normalize-space(text())='Toliau']]
Session ID: 056d0739033d4860d8e422cc7cc7a3c4
org.openqa.selenium.ElementClickInterceptedException: element click intercepted: Element <button type="button" class="i-forms-stepper-button i-forms-stepper-button-next">...</button> is not clickable at point (1823, 971). Other element would receive the click: <div class="cdk-overlay-backdrop cdk-overlay-transparent-backdrop cdk-overlay-backdrop-showing"></div>
  (Session info: chrome=131.0.6778.265)
Build info: version: '4.27.0', revision: 'd6e718d134'
System info: os.name: 'Windows 11', os.arch: 'amd64', os.version: '10.0', java.version: '21.0.3'
Driver info: org.openqa.selenium.chrome.ChromeDriver
Command: [056d0739033d4860d8e422cc7cc7a3c4, clickElement {id=f.962EB13C4AAC39FBA19C5D83D25FA85B.d.B76C1904FFE6935CF4AD6E1A776C3330.e.1962}]
Capabilities {acceptInsecureCerts: false, browserName: chrome, browserVersion: 131.0.6778.265, chrome: {chromedriverVersion: 131.0.6778.264 (2d05e315153..., userDataDir: C:\Users\INGRID~1.ZAD\AppDa...}, fedcm:accounts: true, goog:chromeOptions: {debuggerAddress: localhost:62281}, networkConnectionEnabled: false, pageLoadStrategy: normal, platformName: windows, proxy: Proxy(), se:cdp: ws://localhost:62281/devtoo..., se:cdpVersion: 131.0.6778.265, setWindowRect: true, strictFileInteractability: false, timeouts: {implicit: 0, pageLoad: 300000, script: 30000}, unhandledPromptBehavior: dismiss and notify, webauthn:extension:credBlob: true, webauthn:extension:largeBlob: true, webauthn:extension:minPinLength: true, webauthn:extension:prf: true, webauthn:virtualAuthenticators: true}
Element: [[ChromeDriver: chrome on windows (056d0739033d4860d8e422cc7cc7a3c4)] -> xpath: //button[contains(@class, 'i-forms-stepper-button-next') and normalize-space(text())='Toliau']]
Session ID: 056d0739033d4860d8e422cc7cc7a3c4
	at java.base/jdk.internal.reflect.DirectConstructorHandleAccessor.newInstance(DirectConstructorHandleAccessor.java:62)
	at java.base/java.lang.reflect.Constructor.newInstanceWithCaller(Constructor.java:502)
	at java.base/java.lang.reflect.Constructor.newInstance(Constructor.java:486)
	at org.openqa.selenium.remote.ErrorCodec.decode(ErrorCodec.java:167)
	at org.openqa.selenium.remote.codec.w3c.W3CHttpResponseCodec.decode(W3CHttpResponseCodec.java:138)
	at org.openqa.selenium.remote.codec.w3c.W3CHttpResponseCodec.decode(W3CHttpResponseCodec.java:50)
	at org.openqa.selenium.remote.HttpCommandExecutor.execute(HttpCommandExecutor.java:190)
	at org.openqa.selenium.remote.service.DriverCommandExecutor.invokeExecute(DriverCommandExecutor.java:216)
	at org.openqa.selenium.remote.service.DriverCommandExecutor.execute(DriverCommandExecutor.java:174)
	at org.openqa.selenium.remote.RemoteWebDriver.execute(RemoteWebDriver.java:545)
	at org.openqa.selenium.remote.RemoteWebElement.execute(RemoteWebElement.java:223)
	at org.openqa.selenium.remote.RemoteWebElement.click(RemoteWebElement.java:76)
	at java.base/jdk.internal.reflect.DirectMethodHandleAccessor.invoke(DirectMethodHandleAccessor.java:103)
	at java.base/java.lang.reflect.Method.invoke(Method.java:580)
	at org.openqa.selenium.support.pagefactory.internal.LocatingElementHandler.invoke(LocatingElementHandler.java:51)
	at jdk.proxy2/jdk.proxy2.$Proxy14.click(Unknown Source)
	at lt.insoft.uztis.pages.SubmittedApplicationsPage.clickButtonNext(SubmittedApplicationsPage.java:275)
	at lt.insoft.uztis.tests.SubmittedApplicationsPageTest.testFillNewApplication(SubmittedApplicationsPageTest.java:168)
	at java.base/jdk.internal.reflect.DirectMethodHandleAccessor.invoke(DirectMethodHandleAccessor.java:103)
	at java.base/java.lang.reflect.Method.invoke(Method.java:580)
	at org.junit.platform.commons.util.ReflectionUtils.invokeMethod(ReflectionUtils.java:728)
	at org.junit.jupiter.engine.execution.MethodInvocation.proceed(MethodInvocation.java:60)
	at org.junit.jupiter.engine.execution.InvocationInterceptorChain$ValidatingInvocation.proceed(InvocationInterceptorChain.java:131)
	at org.junit.jupiter.engine.extension.TimeoutExtension.intercept(TimeoutExtension.java:156)
	at org.junit.jupiter.engine.extension.TimeoutExtension.interceptTestableMethod(TimeoutExtension.java:147)
	at org.junit.jupiter.engine.extension.TimeoutExtension.interceptTestMethod(TimeoutExtension.java:86)
	at org.junit.jupiter.engine.execution.InterceptingExecutableInvoker$ReflectiveInterceptorCall.lambda$ofVoidMethod$0(InterceptingExecutableInvoker.java:103)
	at org.junit.jupiter.engine.execution.InterceptingExecutableInvoker.lambda$invoke$0(InterceptingExecutableInvoker.java:93)
	at org.junit.jupiter.engine.execution.InvocationInterceptorChain$InterceptedInvocation.proceed(InvocationInterceptorChain.java:106)
	at org.junit.jupiter.engine.execution.InvocationInterceptorChain.proceed(InvocationInterceptorChain.java:64)
	at org.junit.jupiter.engine.execution.InvocationInterceptorChain.chainAndInvoke(InvocationInterceptorChain.java:45)
	at org.junit.jupiter.engine.execution.InvocationInterceptorChain.invoke(InvocationInterceptorChain.java:37)
	at org.junit.jupiter.engine.execution.InterceptingExecutableInvoker.invoke(InterceptingExecutableInvoker.java:92)
	at org.junit.jupiter.engine.execution.InterceptingExecutableInvoker.invoke(InterceptingExecutableInvoker.java:86)
	at org.junit.jupiter.engine.descriptor.TestMethodTestDescriptor.lambda$invokeTestMethod$7(TestMethodTestDescriptor.java:218)
	at org.junit.platform.engine.support.hierarchical.ThrowableCollector.execute(ThrowableCollector.java:73)
	at org.junit.jupiter.engine.descriptor.TestMethodTestDescriptor.invokeTestMethod(TestMethodTestDescriptor.java:214)
	at org.junit.jupiter.engine.descriptor.TestMethodTestDescriptor.execute(TestMethodTestDescriptor.java:139)
	at org.junit.jupiter.engine.descriptor.TestMethodTestDescriptor.execute(TestMethodTestDescriptor.java:69)
	at org.junit.platform.engine.support.hierarchical.NodeTestTask.lambda$executeRecursively$6(NodeTestTask.java:151)
	at org.junit.platform.engine.support.hierarchical.ThrowableCollector.execute(ThrowableCollector.java:73)
	at org.junit.platform.engine.support.hierarchical.NodeTestTask.lambda$executeRecursively$8(NodeTestTask.java:141)
	at org.junit.platform.engine.support.hierarchical.Node.around(Node.java:137)
	at org.junit.platform.engine.support.hierarchical.NodeTestTask.lambda$executeRecursively$9(NodeTestTask.java:139)
	at org.junit.platform.engine.support.hierarchical.ThrowableCollector.execute(ThrowableCollector.java:73)
	at org.junit.platform.engine.support.hierarchical.NodeTestTask.executeRecursively(NodeTestTask.java:138)
	at org.junit.platform.engine.support.hierarchical.NodeTestTask.execute(NodeTestTask.java:95)
	at java.base/java.util.ArrayList.forEach(ArrayList.java:1596)
	at org.junit.platform.engine.support.hierarchical.SameThreadHierarchicalTestExecutorService.invokeAll(SameThreadHierarchicalTestExecutorService.java:41)
	at org.junit.platform.engine.support.hierarchical.NodeTestTask.lambda$executeRecursively$6(NodeTestTask.java:155)
	at org.junit.platform.engine.support.hierarchical.ThrowableCollector.execute(ThrowableCollector.java:73)
	at org.junit.platform.engine.support.hierarchical.NodeTestTask.lambda$executeRecursively$8(NodeTestTask.java:141)
	at org.junit.platform.engine.support.hierarchical.Node.around(Node.java:137)
	at org.junit.platform.engine.support.hierarchical.NodeTestTask.lambda$executeRecursively$9(NodeTestTask.java:139)
	at org.junit.platform.engine.support.hierarchical.ThrowableCollector.execute(ThrowableCollector.java:73)
	at org.junit.platform.engine.support.hierarchical.NodeTestTask.executeRecursively(NodeTestTask.java:138)
	at org.junit.platform.engine.support.hierarchical.NodeTestTask.execute(NodeTestTask.java:95)
	at java.base/java.util.ArrayList.forEach(ArrayList.java:1596)
	at org.junit.platform.engine.support.hierarchical.SameThreadHierarchicalTestExecutorService.invokeAll(SameThreadHierarchicalTestExecutorService.java:41)
	at org.junit.platform.engine.support.hierarchical.NodeTestTask.lambda$executeRecursively$6(NodeTestTask.java:155)
	at org.junit.platform.engine.support.hierarchical.ThrowableCollector.execute(ThrowableCollector.java:73)
	at org.junit.platform.engine.support.hierarchical.NodeTestTask.lambda$executeRecursively$8(NodeTestTask.java:141)
	at org.junit.platform.engine.support.hierarchical.Node.around(Node.java:137)
	at org.junit.platform.engine.support.hierarchical.NodeTestTask.lambda$executeRecursively$9(NodeTestTask.java:139)
	at org.junit.platform.engine.support.hierarchical.ThrowableCollector.execute(ThrowableCollector.java:73)
	at org.junit.platform.engine.support.hierarchical.NodeTestTask.executeRecursively(NodeTestTask.java:138)
	at org.junit.platform.engine.support.hierarchical.NodeTestTask.execute(NodeTestTask.java:95)
	at org.junit.platform.engine.support.hierarchical.SameThreadHierarchicalTestExecutorService.submit(SameThreadHierarchicalTestExecutorService.java:35)
	at org.junit.platform.engine.support.hierarchical.HierarchicalTestExecutor.execute(HierarchicalTestExecutor.java:57)
	at org.junit.platform.engine.support.hierarchical.HierarchicalTestEngine.execute(HierarchicalTestEngine.java:54)
	at org.junit.platform.launcher.core.EngineExecutionOrchestrator.execute(EngineExecutionOrchestrator.java:198)
	at org.junit.platform.launcher.core.EngineExecutionOrchestrator.execute(EngineExecutionOrchestrator.java:169)
	at org.junit.platform.launcher.core.EngineExecutionOrchestrator.execute(EngineExecutionOrchestrator.java:93)
	at org.junit.platform.launcher.core.EngineExecutionOrchestrator.lambda$execute$0(EngineExecutionOrchestrator.java:58)
	at org.junit.platform.launcher.core.EngineExecutionOrchestrator.withInterceptedStreams(EngineExecutionOrchestrator.java:141)
	at org.junit.platform.launcher.core.EngineExecutionOrchestrator.execute(EngineExecutionOrchestrator.java:57)
	at org.junit.platform.launcher.core.DefaultLauncher.execute(DefaultLauncher.java:103)
	at org.junit.platform.launcher.core.DefaultLauncher.execute(DefaultLauncher.java:85)
	at org.junit.platform.launcher.core.DelegatingLauncher.execute(DelegatingLauncher.java:47)
	at org.junit.platform.launcher.core.SessionPerRequestLauncher.execute(SessionPerRequestLauncher.java:63)
	at com.intellij.junit5.JUnit5IdeaTestRunner.startRunnerWithArgs(JUnit5IdeaTestRunner.java:57)
	at com.intellij.rt.junit.IdeaTestRunner$Repeater$1.execute(IdeaTestRunner.java:38)
	at com.intellij.rt.execution.junit.TestsRepeater.repeat(TestsRepeater.java:11)
	at com.intellij.rt.junit.IdeaTestRunner$Repeater.startRunnerWithArgs(IdeaTestRunner.java:35)
	at com.intellij.rt.junit.JUnitStarter.prepareStreamsAndStart(JUnitStarter.java:232)
	at com.intellij.rt.junit.JUnitStarter.main(JUnitStarter.java:55)
2025-01-22 13:34:59 [main] INFO  l.insoft.uztis.tests.utils.TestUtils - Screenshot moved to C:\Users\ingrida.zadorozniene\Desktop\Asm\UZTIS\UZTIS_tests\test-output\screenshots\20250122\133459783_testFillNewApplication().png
2025-01-22 13:39:31 [main] INFO  lt.insoft.uztis.tests.UztisPageTest - Navigated to https://uztisdev.asseco.lt/home
2025-01-22 13:39:31 [main] INFO  l.i.u.t.SubmittedApplicationsPageTest - Starting test:'testFillNewApplication'
2025-01-22 13:39:32 [main] DEBUG l.i.u.t.SubmittedApplicationsPageTest - User logged in with test credentials
2025-01-22 13:39:32 [main] DEBUG l.i.u.t.SubmittedApplicationsPageTest - Opened 'Application Processing' menu.
2025-01-22 13:39:32 [main] DEBUG l.i.u.t.SubmittedApplicationsPageTest - Clicked on 'Application Forms' menu.
2025-01-22 13:39:33 [main] DEBUG l.i.u.t.SubmittedApplicationsPageTest - Retrieved last description code text: 'TST-VUI-81'.
2025-01-22 13:39:33 [main] DEBUG l.i.u.t.SubmittedApplicationsPageTest - Clicked on 'Invitation' menu.
2025-01-22 13:39:33 [main] DEBUG l.i.u.t.SubmittedApplicationsPageTest - Selected application section by code: 'TST-VUI-81'.
2025-01-22 13:39:34 [main] DEBUG l.i.u.t.SubmittedApplicationsPageTest - Clicked 'Search' button.
2025-01-22 13:39:34 [main] DEBUG l.i.u.t.SubmittedApplicationsPageTest - Retrieved invitation code: ''.
2025-01-22 13:39:34 [main] DEBUG l.i.u.t.SubmittedApplicationsPageTest - Clicked on 'Submitted Applications' menu.
2025-01-22 13:39:34 [main] DEBUG l.i.u.t.SubmittedApplicationsPageTest - Selected invitation by code: 'TST-VUI-81'.
2025-01-22 13:39:35 [main] DEBUG l.i.u.t.SubmittedApplicationsPageTest - Clicked on 'Action Application' button.
2025-01-22 13:39:35 [main] DEBUG l.i.u.t.SubmittedApplicationsPageTest - Clicked on 'New Application' button.
2025-01-22 13:39:35 [main] DEBUG l.i.u.t.SubmittedApplicationsPageTest - Clicked on 'RadioButtonFA' button.
2025-01-22 13:39:35 [main] DEBUG l.i.u.t.SubmittedApplicationsPageTest - Entered phone number into the input field.
2025-01-22 13:39:36 [main] DEBUG l.i.u.t.SubmittedApplicationsPageTest - Entered eMail into the input field.
2025-01-22 13:39:36 [main] INFO  l.i.u.p.SubmittedApplicationsPage - Located the dropdown button.
2025-01-22 13:39:53 [main] INFO  l.i.u.p.SubmittedApplicationsPage - Found 1741 options in the dropdown.
2025-01-22 13:39:53 [main] INFO  l.i.u.p.SubmittedApplicationsPage - Successfully selected the value: '01.11 - Grūdinių (išskyrus ryžius), ankštinių ir aliejingų sėklų augalų auginimas'
2025-01-22 13:40:03 [main] ERROR l.i.u.p.SubmittedApplicationsPage - Failed to close the dropdown with aria-expanded = 'false'. Attempting manual close.
2025-01-22 13:40:03 [main] ERROR l.i.u.p.SubmittedApplicationsPage - Failed to manually close the dropdown: element not interactable: element has zero size
  (Session info: chrome=131.0.6778.265)
Build info: version: '4.27.0', revision: 'd6e718d134'
System info: os.name: 'Windows 11', os.arch: 'amd64', os.version: '10.0', java.version: '21.0.3'
Driver info: org.openqa.selenium.chrome.ChromeDriver
Command: [728a8eb3d762deb7632cfdf738199ea6, clickElement {id=f.72F973E4B6D4FA1974BB4C71D6D34284.d.DA892D728AC7F7388E5AB02207BF944F.e.1954}]
Capabilities {acceptInsecureCerts: false, browserName: chrome, browserVersion: 131.0.6778.265, chrome: {chromedriverVersion: 131.0.6778.264 (2d05e315153..., userDataDir: C:\Users\INGRID~1.ZAD\AppDa...}, fedcm:accounts: true, goog:chromeOptions: {debuggerAddress: localhost:62482}, networkConnectionEnabled: false, pageLoadStrategy: normal, platformName: windows, proxy: Proxy(), se:cdp: ws://localhost:62482/devtoo..., se:cdpVersion: 131.0.6778.265, setWindowRect: true, strictFileInteractability: false, timeouts: {implicit: 0, pageLoad: 300000, script: 30000}, unhandledPromptBehavior: dismiss and notify, webauthn:extension:credBlob: true, webauthn:extension:largeBlob: true, webauthn:extension:minPinLength: true, webauthn:extension:prf: true, webauthn:virtualAuthenticators: true}
Element: [[ChromeDriver: chrome on windows (728a8eb3d762deb7632cfdf738199ea6)] -> tag name: body]
Session ID: 728a8eb3d762deb7632cfdf738199ea6
2025-01-22 13:40:04 [main] DEBUG l.i.u.t.SubmittedApplicationsPageTest - Entered Address into the input field.
2025-01-22 13:40:04 [main] DEBUG l.i.u.t.SubmittedApplicationsPageTest - Entered Address into the input field.
2025-01-22 13:40:05 [main] ERROR l.i.u.t.SubmittedApplicationsPageTest - Test 'testFillNewApplication' failed with error: element click intercepted: Element <button type="button" class="i-forms-stepper-button i-forms-stepper-button-next">...</button> is not clickable at point (1823, 971). Other element would receive the click: <div class="cdk-overlay-backdrop cdk-overlay-transparent-backdrop cdk-overlay-backdrop-showing"></div>
  (Session info: chrome=131.0.6778.265)
Build info: version: '4.27.0', revision: 'd6e718d134'
System info: os.name: 'Windows 11', os.arch: 'amd64', os.version: '10.0', java.version: '21.0.3'
Driver info: org.openqa.selenium.chrome.ChromeDriver
Command: [728a8eb3d762deb7632cfdf738199ea6, clickElement {id=f.72F973E4B6D4FA1974BB4C71D6D34284.d.DA892D728AC7F7388E5AB02207BF944F.e.1963}]
Capabilities {acceptInsecureCerts: false, browserName: chrome, browserVersion: 131.0.6778.265, chrome: {chromedriverVersion: 131.0.6778.264 (2d05e315153..., userDataDir: C:\Users\INGRID~1.ZAD\AppDa...}, fedcm:accounts: true, goog:chromeOptions: {debuggerAddress: localhost:62482}, networkConnectionEnabled: false, pageLoadStrategy: normal, platformName: windows, proxy: Proxy(), se:cdp: ws://localhost:62482/devtoo..., se:cdpVersion: 131.0.6778.265, setWindowRect: true, strictFileInteractability: false, timeouts: {implicit: 0, pageLoad: 300000, script: 30000}, unhandledPromptBehavior: dismiss and notify, webauthn:extension:credBlob: true, webauthn:extension:largeBlob: true, webauthn:extension:minPinLength: true, webauthn:extension:prf: true, webauthn:virtualAuthenticators: true}
Element: [[ChromeDriver: chrome on windows (728a8eb3d762deb7632cfdf738199ea6)] -> xpath: //button[contains(@class, 'i-forms-stepper-button-next') and normalize-space(text())='Toliau']]
Session ID: 728a8eb3d762deb7632cfdf738199ea6
org.openqa.selenium.ElementClickInterceptedException: element click intercepted: Element <button type="button" class="i-forms-stepper-button i-forms-stepper-button-next">...</button> is not clickable at point (1823, 971). Other element would receive the click: <div class="cdk-overlay-backdrop cdk-overlay-transparent-backdrop cdk-overlay-backdrop-showing"></div>
  (Session info: chrome=131.0.6778.265)
Build info: version: '4.27.0', revision: 'd6e718d134'
System info: os.name: 'Windows 11', os.arch: 'amd64', os.version: '10.0', java.version: '21.0.3'
Driver info: org.openqa.selenium.chrome.ChromeDriver
Command: [728a8eb3d762deb7632cfdf738199ea6, clickElement {id=f.72F973E4B6D4FA1974BB4C71D6D34284.d.DA892D728AC7F7388E5AB02207BF944F.e.1963}]
Capabilities {acceptInsecureCerts: false, browserName: chrome, browserVersion: 131.0.6778.265, chrome: {chromedriverVersion: 131.0.6778.264 (2d05e315153..., userDataDir: C:\Users\INGRID~1.ZAD\AppDa...}, fedcm:accounts: true, goog:chromeOptions: {debuggerAddress: localhost:62482}, networkConnectionEnabled: false, pageLoadStrategy: normal, platformName: windows, proxy: Proxy(), se:cdp: ws://localhost:62482/devtoo..., se:cdpVersion: 131.0.6778.265, setWindowRect: true, strictFileInteractability: false, timeouts: {implicit: 0, pageLoad: 300000, script: 30000}, unhandledPromptBehavior: dismiss and notify, webauthn:extension:credBlob: true, webauthn:extension:largeBlob: true, webauthn:extension:minPinLength: true, webauthn:extension:prf: true, webauthn:virtualAuthenticators: true}
Element: [[ChromeDriver: chrome on windows (728a8eb3d762deb7632cfdf738199ea6)] -> xpath: //button[contains(@class, 'i-forms-stepper-button-next') and normalize-space(text())='Toliau']]
Session ID: 728a8eb3d762deb7632cfdf738199ea6
	at java.base/jdk.internal.reflect.DirectConstructorHandleAccessor.newInstance(DirectConstructorHandleAccessor.java:62)
	at java.base/java.lang.reflect.Constructor.newInstanceWithCaller(Constructor.java:502)
	at java.base/java.lang.reflect.Constructor.newInstance(Constructor.java:486)
	at org.openqa.selenium.remote.ErrorCodec.decode(ErrorCodec.java:167)
	at org.openqa.selenium.remote.codec.w3c.W3CHttpResponseCodec.decode(W3CHttpResponseCodec.java:138)
	at org.openqa.selenium.remote.codec.w3c.W3CHttpResponseCodec.decode(W3CHttpResponseCodec.java:50)
	at org.openqa.selenium.remote.HttpCommandExecutor.execute(HttpCommandExecutor.java:190)
	at org.openqa.selenium.remote.service.DriverCommandExecutor.invokeExecute(DriverCommandExecutor.java:216)
	at org.openqa.selenium.remote.service.DriverCommandExecutor.execute(DriverCommandExecutor.java:174)
	at org.openqa.selenium.remote.RemoteWebDriver.execute(RemoteWebDriver.java:545)
	at org.openqa.selenium.remote.RemoteWebElement.execute(RemoteWebElement.java:223)
	at org.openqa.selenium.remote.RemoteWebElement.click(RemoteWebElement.java:76)
	at java.base/jdk.internal.reflect.DirectMethodHandleAccessor.invoke(DirectMethodHandleAccessor.java:103)
	at java.base/java.lang.reflect.Method.invoke(Method.java:580)
	at org.openqa.selenium.support.pagefactory.internal.LocatingElementHandler.invoke(LocatingElementHandler.java:51)
	at jdk.proxy2/jdk.proxy2.$Proxy14.click(Unknown Source)
	at lt.insoft.uztis.pages.SubmittedApplicationsPage.clickButtonNext(SubmittedApplicationsPage.java:275)
	at lt.insoft.uztis.tests.SubmittedApplicationsPageTest.testFillNewApplication(SubmittedApplicationsPageTest.java:168)
	at java.base/jdk.internal.reflect.DirectMethodHandleAccessor.invoke(DirectMethodHandleAccessor.java:103)
	at java.base/java.lang.reflect.Method.invoke(Method.java:580)
	at org.junit.platform.commons.util.ReflectionUtils.invokeMethod(ReflectionUtils.java:728)
	at org.junit.jupiter.engine.execution.MethodInvocation.proceed(MethodInvocation.java:60)
	at org.junit.jupiter.engine.execution.InvocationInterceptorChain$ValidatingInvocation.proceed(InvocationInterceptorChain.java:131)
	at org.junit.jupiter.engine.extension.TimeoutExtension.intercept(TimeoutExtension.java:156)
	at org.junit.jupiter.engine.extension.TimeoutExtension.interceptTestableMethod(TimeoutExtension.java:147)
	at org.junit.jupiter.engine.extension.TimeoutExtension.interceptTestMethod(TimeoutExtension.java:86)
	at org.junit.jupiter.engine.execution.InterceptingExecutableInvoker$ReflectiveInterceptorCall.lambda$ofVoidMethod$0(InterceptingExecutableInvoker.java:103)
	at org.junit.jupiter.engine.execution.InterceptingExecutableInvoker.lambda$invoke$0(InterceptingExecutableInvoker.java:93)
	at org.junit.jupiter.engine.execution.InvocationInterceptorChain$InterceptedInvocation.proceed(InvocationInterceptorChain.java:106)
	at org.junit.jupiter.engine.execution.InvocationInterceptorChain.proceed(InvocationInterceptorChain.java:64)
	at org.junit.jupiter.engine.execution.InvocationInterceptorChain.chainAndInvoke(InvocationInterceptorChain.java:45)
	at org.junit.jupiter.engine.execution.InvocationInterceptorChain.invoke(InvocationInterceptorChain.java:37)
	at org.junit.jupiter.engine.execution.InterceptingExecutableInvoker.invoke(InterceptingExecutableInvoker.java:92)
	at org.junit.jupiter.engine.execution.InterceptingExecutableInvoker.invoke(InterceptingExecutableInvoker.java:86)
	at org.junit.jupiter.engine.descriptor.TestMethodTestDescriptor.lambda$invokeTestMethod$7(TestMethodTestDescriptor.java:218)
	at org.junit.platform.engine.support.hierarchical.ThrowableCollector.execute(ThrowableCollector.java:73)
	at org.junit.jupiter.engine.descriptor.TestMethodTestDescriptor.invokeTestMethod(TestMethodTestDescriptor.java:214)
	at org.junit.jupiter.engine.descriptor.TestMethodTestDescriptor.execute(TestMethodTestDescriptor.java:139)
	at org.junit.jupiter.engine.descriptor.TestMethodTestDescriptor.execute(TestMethodTestDescriptor.java:69)
	at org.junit.platform.engine.support.hierarchical.NodeTestTask.lambda$executeRecursively$6(NodeTestTask.java:151)
	at org.junit.platform.engine.support.hierarchical.ThrowableCollector.execute(ThrowableCollector.java:73)
	at org.junit.platform.engine.support.hierarchical.NodeTestTask.lambda$executeRecursively$8(NodeTestTask.java:141)
	at org.junit.platform.engine.support.hierarchical.Node.around(Node.java:137)
	at org.junit.platform.engine.support.hierarchical.NodeTestTask.lambda$executeRecursively$9(NodeTestTask.java:139)
	at org.junit.platform.engine.support.hierarchical.ThrowableCollector.execute(ThrowableCollector.java:73)
	at org.junit.platform.engine.support.hierarchical.NodeTestTask.executeRecursively(NodeTestTask.java:138)
	at org.junit.platform.engine.support.hierarchical.NodeTestTask.execute(NodeTestTask.java:95)
	at java.base/java.util.ArrayList.forEach(ArrayList.java:1596)
	at org.junit.platform.engine.support.hierarchical.SameThreadHierarchicalTestExecutorService.invokeAll(SameThreadHierarchicalTestExecutorService.java:41)
	at org.junit.platform.engine.support.hierarchical.NodeTestTask.lambda$executeRecursively$6(NodeTestTask.java:155)
	at org.junit.platform.engine.support.hierarchical.ThrowableCollector.execute(ThrowableCollector.java:73)
	at org.junit.platform.engine.support.hierarchical.NodeTestTask.lambda$executeRecursively$8(NodeTestTask.java:141)
	at org.junit.platform.engine.support.hierarchical.Node.around(Node.java:137)
	at org.junit.platform.engine.support.hierarchical.NodeTestTask.lambda$executeRecursively$9(NodeTestTask.java:139)
	at org.junit.platform.engine.support.hierarchical.ThrowableCollector.execute(ThrowableCollector.java:73)
	at org.junit.platform.engine.support.hierarchical.NodeTestTask.executeRecursively(NodeTestTask.java:138)
	at org.junit.platform.engine.support.hierarchical.NodeTestTask.execute(NodeTestTask.java:95)
	at java.base/java.util.ArrayList.forEach(ArrayList.java:1596)
	at org.junit.platform.engine.support.hierarchical.SameThreadHierarchicalTestExecutorService.invokeAll(SameThreadHierarchicalTestExecutorService.java:41)
	at org.junit.platform.engine.support.hierarchical.NodeTestTask.lambda$executeRecursively$6(NodeTestTask.java:155)
	at org.junit.platform.engine.support.hierarchical.ThrowableCollector.execute(ThrowableCollector.java:73)
	at org.junit.platform.engine.support.hierarchical.NodeTestTask.lambda$executeRecursively$8(NodeTestTask.java:141)
	at org.junit.platform.engine.support.hierarchical.Node.around(Node.java:137)
	at org.junit.platform.engine.support.hierarchical.NodeTestTask.lambda$executeRecursively$9(NodeTestTask.java:139)
	at org.junit.platform.engine.support.hierarchical.ThrowableCollector.execute(ThrowableCollector.java:73)
	at org.junit.platform.engine.support.hierarchical.NodeTestTask.executeRecursively(NodeTestTask.java:138)
	at org.junit.platform.engine.support.hierarchical.NodeTestTask.execute(NodeTestTask.java:95)
	at org.junit.platform.engine.support.hierarchical.SameThreadHierarchicalTestExecutorService.submit(SameThreadHierarchicalTestExecutorService.java:35)
	at org.junit.platform.engine.support.hierarchical.HierarchicalTestExecutor.execute(HierarchicalTestExecutor.java:57)
	at org.junit.platform.engine.support.hierarchical.HierarchicalTestEngine.execute(HierarchicalTestEngine.java:54)
	at org.junit.platform.launcher.core.EngineExecutionOrchestrator.execute(EngineExecutionOrchestrator.java:198)
	at org.junit.platform.launcher.core.EngineExecutionOrchestrator.execute(EngineExecutionOrchestrator.java:169)
	at org.junit.platform.launcher.core.EngineExecutionOrchestrator.execute(EngineExecutionOrchestrator.java:93)
	at org.junit.platform.launcher.core.EngineExecutionOrchestrator.lambda$execute$0(EngineExecutionOrchestrator.java:58)
	at org.junit.platform.launcher.core.EngineExecutionOrchestrator.withInterceptedStreams(EngineExecutionOrchestrator.java:141)
	at org.junit.platform.launcher.core.EngineExecutionOrchestrator.execute(EngineExecutionOrchestrator.java:57)
	at org.junit.platform.launcher.core.DefaultLauncher.execute(DefaultLauncher.java:103)
	at org.junit.platform.launcher.core.DefaultLauncher.execute(DefaultLauncher.java:85)
	at org.junit.platform.launcher.core.DelegatingLauncher.execute(DelegatingLauncher.java:47)
	at org.junit.platform.launcher.core.SessionPerRequestLauncher.execute(SessionPerRequestLauncher.java:63)
	at com.intellij.junit5.JUnit5IdeaTestRunner.startRunnerWithArgs(JUnit5IdeaTestRunner.java:57)
	at com.intellij.rt.junit.IdeaTestRunner$Repeater$1.execute(IdeaTestRunner.java:38)
	at com.intellij.rt.execution.junit.TestsRepeater.repeat(TestsRepeater.java:11)
	at com.intellij.rt.junit.IdeaTestRunner$Repeater.startRunnerWithArgs(IdeaTestRunner.java:35)
	at com.intellij.rt.junit.JUnitStarter.prepareStreamsAndStart(JUnitStarter.java:232)
	at com.intellij.rt.junit.JUnitStarter.main(JUnitStarter.java:55)
2025-01-22 13:40:05 [main] INFO  l.insoft.uztis.tests.utils.TestUtils - Screenshot moved to C:\Users\ingrida.zadorozniene\Desktop\Asm\UZTIS\UZTIS_tests\test-output\screenshots\20250122\134005717_testFillNewApplication().png
2025-01-22 13:42:40 [main] INFO  lt.insoft.uztis.tests.UztisPageTest - Navigated to https://uztisdev.asseco.lt/home
2025-01-22 13:42:40 [main] INFO  l.i.u.t.SubmittedApplicationsPageTest - Starting test:'testFillNewApplication'
2025-01-22 13:42:41 [main] DEBUG l.i.u.t.SubmittedApplicationsPageTest - User logged in with test credentials
2025-01-22 13:42:41 [main] DEBUG l.i.u.t.SubmittedApplicationsPageTest - Opened 'Application Processing' menu.
2025-01-22 13:42:41 [main] DEBUG l.i.u.t.SubmittedApplicationsPageTest - Clicked on 'Application Forms' menu.
2025-01-22 13:42:42 [main] DEBUG l.i.u.t.SubmittedApplicationsPageTest - Retrieved last description code text: 'TST-VUI-81'.
2025-01-22 13:42:42 [main] DEBUG l.i.u.t.SubmittedApplicationsPageTest - Clicked on 'Invitation' menu.
2025-01-22 13:42:42 [main] DEBUG l.i.u.t.SubmittedApplicationsPageTest - Selected application section by code: 'TST-VUI-81'.
2025-01-22 13:42:43 [main] DEBUG l.i.u.t.SubmittedApplicationsPageTest - Clicked 'Search' button.
2025-01-22 13:42:43 [main] DEBUG l.i.u.t.SubmittedApplicationsPageTest - Retrieved invitation code: ''.
2025-01-22 13:42:43 [main] DEBUG l.i.u.t.SubmittedApplicationsPageTest - Clicked on 'Submitted Applications' menu.
2025-01-22 13:42:43 [main] ERROR l.i.u.p.SubmittedApplicationsPage - Failed to select value in dropdown: Option with text 'TST-VUI-81' not found in dropdown!
2025-01-22 13:42:43 [main] ERROR l.i.u.t.SubmittedApplicationsPageTest - Test 'testFillNewApplication' failed with error: Option with text 'TST-VUI-81' not found in dropdown!
java.lang.RuntimeException: Option with text 'TST-VUI-81' not found in dropdown!
	at lt.insoft.uztis.pages.SubmittedApplicationsPage.lambda$selectValueFromInvitation$1(SubmittedApplicationsPage.java:97)
	at java.base/java.util.Optional.orElseThrow(Optional.java:403)
	at lt.insoft.uztis.pages.SubmittedApplicationsPage.selectValueFromInvitation(SubmittedApplicationsPage.java:97)
	at lt.insoft.uztis.tests.SubmittedApplicationsPageTest.getAndInsertInvitationCodeText(SubmittedApplicationsPageTest.java:61)
	at lt.insoft.uztis.tests.SubmittedApplicationsPageTest.testFillNewApplication(SubmittedApplicationsPageTest.java:135)
	at java.base/jdk.internal.reflect.DirectMethodHandleAccessor.invoke(DirectMethodHandleAccessor.java:103)
	at java.base/java.lang.reflect.Method.invoke(Method.java:580)
	at org.junit.platform.commons.util.ReflectionUtils.invokeMethod(ReflectionUtils.java:728)
	at org.junit.jupiter.engine.execution.MethodInvocation.proceed(MethodInvocation.java:60)
	at org.junit.jupiter.engine.execution.InvocationInterceptorChain$ValidatingInvocation.proceed(InvocationInterceptorChain.java:131)
	at org.junit.jupiter.engine.extension.TimeoutExtension.intercept(TimeoutExtension.java:156)
	at org.junit.jupiter.engine.extension.TimeoutExtension.interceptTestableMethod(TimeoutExtension.java:147)
	at org.junit.jupiter.engine.extension.TimeoutExtension.interceptTestMethod(TimeoutExtension.java:86)
	at org.junit.jupiter.engine.execution.InterceptingExecutableInvoker$ReflectiveInterceptorCall.lambda$ofVoidMethod$0(InterceptingExecutableInvoker.java:103)
	at org.junit.jupiter.engine.execution.InterceptingExecutableInvoker.lambda$invoke$0(InterceptingExecutableInvoker.java:93)
	at org.junit.jupiter.engine.execution.InvocationInterceptorChain$InterceptedInvocation.proceed(InvocationInterceptorChain.java:106)
	at org.junit.jupiter.engine.execution.InvocationInterceptorChain.proceed(InvocationInterceptorChain.java:64)
	at org.junit.jupiter.engine.execution.InvocationInterceptorChain.chainAndInvoke(InvocationInterceptorChain.java:45)
	at org.junit.jupiter.engine.execution.InvocationInterceptorChain.invoke(InvocationInterceptorChain.java:37)
	at org.junit.jupiter.engine.execution.InterceptingExecutableInvoker.invoke(InterceptingExecutableInvoker.java:92)
	at org.junit.jupiter.engine.execution.InterceptingExecutableInvoker.invoke(InterceptingExecutableInvoker.java:86)
	at org.junit.jupiter.engine.descriptor.TestMethodTestDescriptor.lambda$invokeTestMethod$7(TestMethodTestDescriptor.java:218)
	at org.junit.platform.engine.support.hierarchical.ThrowableCollector.execute(ThrowableCollector.java:73)
	at org.junit.jupiter.engine.descriptor.TestMethodTestDescriptor.invokeTestMethod(TestMethodTestDescriptor.java:214)
	at org.junit.jupiter.engine.descriptor.TestMethodTestDescriptor.execute(TestMethodTestDescriptor.java:139)
	at org.junit.jupiter.engine.descriptor.TestMethodTestDescriptor.execute(TestMethodTestDescriptor.java:69)
	at org.junit.platform.engine.support.hierarchical.NodeTestTask.lambda$executeRecursively$6(NodeTestTask.java:151)
	at org.junit.platform.engine.support.hierarchical.ThrowableCollector.execute(ThrowableCollector.java:73)
	at org.junit.platform.engine.support.hierarchical.NodeTestTask.lambda$executeRecursively$8(NodeTestTask.java:141)
	at org.junit.platform.engine.support.hierarchical.Node.around(Node.java:137)
	at org.junit.platform.engine.support.hierarchical.NodeTestTask.lambda$executeRecursively$9(NodeTestTask.java:139)
	at org.junit.platform.engine.support.hierarchical.ThrowableCollector.execute(ThrowableCollector.java:73)
	at org.junit.platform.engine.support.hierarchical.NodeTestTask.executeRecursively(NodeTestTask.java:138)
	at org.junit.platform.engine.support.hierarchical.NodeTestTask.execute(NodeTestTask.java:95)
	at java.base/java.util.ArrayList.forEach(ArrayList.java:1596)
	at org.junit.platform.engine.support.hierarchical.SameThreadHierarchicalTestExecutorService.invokeAll(SameThreadHierarchicalTestExecutorService.java:41)
	at org.junit.platform.engine.support.hierarchical.NodeTestTask.lambda$executeRecursively$6(NodeTestTask.java:155)
	at org.junit.platform.engine.support.hierarchical.ThrowableCollector.execute(ThrowableCollector.java:73)
	at org.junit.platform.engine.support.hierarchical.NodeTestTask.lambda$executeRecursively$8(NodeTestTask.java:141)
	at org.junit.platform.engine.support.hierarchical.Node.around(Node.java:137)
	at org.junit.platform.engine.support.hierarchical.NodeTestTask.lambda$executeRecursively$9(NodeTestTask.java:139)
	at org.junit.platform.engine.support.hierarchical.ThrowableCollector.execute(ThrowableCollector.java:73)
	at org.junit.platform.engine.support.hierarchical.NodeTestTask.executeRecursively(NodeTestTask.java:138)
	at org.junit.platform.engine.support.hierarchical.NodeTestTask.execute(NodeTestTask.java:95)
	at java.base/java.util.ArrayList.forEach(ArrayList.java:1596)
	at org.junit.platform.engine.support.hierarchical.SameThreadHierarchicalTestExecutorService.invokeAll(SameThreadHierarchicalTestExecutorService.java:41)
	at org.junit.platform.engine.support.hierarchical.NodeTestTask.lambda$executeRecursively$6(NodeTestTask.java:155)
	at org.junit.platform.engine.support.hierarchical.ThrowableCollector.execute(ThrowableCollector.java:73)
	at org.junit.platform.engine.support.hierarchical.NodeTestTask.lambda$executeRecursively$8(NodeTestTask.java:141)
	at org.junit.platform.engine.support.hierarchical.Node.around(Node.java:137)
	at org.junit.platform.engine.support.hierarchical.NodeTestTask.lambda$executeRecursively$9(NodeTestTask.java:139)
	at org.junit.platform.engine.support.hierarchical.ThrowableCollector.execute(ThrowableCollector.java:73)
	at org.junit.platform.engine.support.hierarchical.NodeTestTask.executeRecursively(NodeTestTask.java:138)
	at org.junit.platform.engine.support.hierarchical.NodeTestTask.execute(NodeTestTask.java:95)
	at org.junit.platform.engine.support.hierarchical.SameThreadHierarchicalTestExecutorService.submit(SameThreadHierarchicalTestExecutorService.java:35)
	at org.junit.platform.engine.support.hierarchical.HierarchicalTestExecutor.execute(HierarchicalTestExecutor.java:57)
	at org.junit.platform.engine.support.hierarchical.HierarchicalTestEngine.execute(HierarchicalTestEngine.java:54)
	at org.junit.platform.launcher.core.EngineExecutionOrchestrator.execute(EngineExecutionOrchestrator.java:198)
	at org.junit.platform.launcher.core.EngineExecutionOrchestrator.execute(EngineExecutionOrchestrator.java:169)
	at org.junit.platform.launcher.core.EngineExecutionOrchestrator.execute(EngineExecutionOrchestrator.java:93)
	at org.junit.platform.launcher.core.EngineExecutionOrchestrator.lambda$execute$0(EngineExecutionOrchestrator.java:58)
	at org.junit.platform.launcher.core.EngineExecutionOrchestrator.withInterceptedStreams(EngineExecutionOrchestrator.java:141)
	at org.junit.platform.launcher.core.EngineExecutionOrchestrator.execute(EngineExecutionOrchestrator.java:57)
	at org.junit.platform.launcher.core.DefaultLauncher.execute(DefaultLauncher.java:103)
	at org.junit.platform.launcher.core.DefaultLauncher.execute(DefaultLauncher.java:85)
	at org.junit.platform.launcher.core.DelegatingLauncher.execute(DelegatingLauncher.java:47)
	at org.junit.platform.launcher.core.SessionPerRequestLauncher.execute(SessionPerRequestLauncher.java:63)
	at com.intellij.junit5.JUnit5IdeaTestRunner.startRunnerWithArgs(JUnit5IdeaTestRunner.java:57)
	at com.intellij.rt.junit.IdeaTestRunner$Repeater$1.execute(IdeaTestRunner.java:38)
	at com.intellij.rt.execution.junit.TestsRepeater.repeat(TestsRepeater.java:11)
	at com.intellij.rt.junit.IdeaTestRunner$Repeater.startRunnerWithArgs(IdeaTestRunner.java:35)
	at com.intellij.rt.junit.JUnitStarter.prepareStreamsAndStart(JUnitStarter.java:232)
	at com.intellij.rt.junit.JUnitStarter.main(JUnitStarter.java:55)
2025-01-22 13:42:43 [main] INFO  l.insoft.uztis.tests.utils.TestUtils - Screenshot moved to C:\Users\ingrida.zadorozniene\Desktop\Asm\UZTIS\UZTIS_tests\test-output\screenshots\20250122\134243461_testFillNewApplication().png
2025-01-22 13:43:02 [main] INFO  lt.insoft.uztis.tests.UztisPageTest - Navigated to https://uztisdev.asseco.lt/home
2025-01-22 13:43:02 [main] INFO  l.i.u.t.SubmittedApplicationsPageTest - Starting test:'testFillNewApplication'
2025-01-22 13:43:02 [main] DEBUG l.i.u.t.SubmittedApplicationsPageTest - User logged in with test credentials
2025-01-22 13:43:02 [main] DEBUG l.i.u.t.SubmittedApplicationsPageTest - Opened 'Application Processing' menu.
2025-01-22 13:43:02 [main] DEBUG l.i.u.t.SubmittedApplicationsPageTest - Clicked on 'Application Forms' menu.
2025-01-22 13:43:03 [main] DEBUG l.i.u.t.SubmittedApplicationsPageTest - Retrieved last description code text: 'TST-VUI-81'.
2025-01-22 13:43:03 [main] DEBUG l.i.u.t.SubmittedApplicationsPageTest - Clicked on 'Invitation' menu.
2025-01-22 13:43:04 [main] DEBUG l.i.u.t.SubmittedApplicationsPageTest - Selected application section by code: 'TST-VUI-81'.
2025-01-22 13:43:04 [main] DEBUG l.i.u.t.SubmittedApplicationsPageTest - Clicked 'Search' button.
2025-01-22 13:43:04 [main] DEBUG l.i.u.t.SubmittedApplicationsPageTest - Retrieved invitation code: ''.
2025-01-22 13:43:04 [main] DEBUG l.i.u.t.SubmittedApplicationsPageTest - Clicked on 'Submitted Applications' menu.
2025-01-22 13:43:05 [main] DEBUG l.i.u.t.SubmittedApplicationsPageTest - Selected invitation by code: 'TST-VUI-81'.
2025-01-22 13:43:05 [main] DEBUG l.i.u.t.SubmittedApplicationsPageTest - Clicked on 'Action Application' button.
2025-01-22 13:43:05 [main] DEBUG l.i.u.t.SubmittedApplicationsPageTest - Clicked on 'New Application' button.
2025-01-22 13:43:06 [main] DEBUG l.i.u.t.SubmittedApplicationsPageTest - Clicked on 'RadioButtonFA' button.
2025-01-22 13:43:06 [main] DEBUG l.i.u.t.SubmittedApplicationsPageTest - Entered phone number into the input field.
2025-01-22 13:43:06 [main] DEBUG l.i.u.t.SubmittedApplicationsPageTest - Entered eMail into the input field.
2025-01-22 13:43:06 [main] INFO  l.i.u.p.SubmittedApplicationsPage - Located the dropdown button.
2025-01-22 13:43:24 [main] INFO  l.i.u.p.SubmittedApplicationsPage - Found 1741 options in the dropdown.
2025-01-22 13:43:24 [main] INFO  l.i.u.p.SubmittedApplicationsPage - Successfully selected the value: '01.11 - Grūdinių (išskyrus ryžius), ankštinių ir aliejingų sėklų augalų auginimas'
2025-01-22 13:43:35 [main] ERROR l.i.u.p.SubmittedApplicationsPage - Failed to close the dropdown with aria-expanded = 'false'. Attempting manual close.
2025-01-22 13:43:36 [main] ERROR l.i.u.p.SubmittedApplicationsPage - Failed to manually close the dropdown: element click intercepted: Element <h3 class="i-forms-form-name">...</h3> is not clickable at point (1111, 101). Other element would receive the click: <div class="cdk-overlay-backdrop cdk-overlay-transparent-backdrop cdk-overlay-backdrop-showing"></div>
  (Session info: chrome=131.0.6778.265)
Build info: version: '4.27.0', revision: 'd6e718d134'
System info: os.name: 'Windows 11', os.arch: 'amd64', os.version: '10.0', java.version: '21.0.3'
Driver info: org.openqa.selenium.chrome.ChromeDriver
Command: [0c21c7e0899c13b3edca7f2eeeedbe8b, clickElement {id=f.06B4EEC535B04F24BDB84632BB7FAC4A.d.6F97EADFE2F2D9CA763F2AD3E032116D.e.1954}]
Capabilities {acceptInsecureCerts: false, browserName: chrome, browserVersion: 131.0.6778.265, chrome: {chromedriverVersion: 131.0.6778.264 (2d05e315153..., userDataDir: C:\Users\INGRID~1.ZAD\AppDa...}, fedcm:accounts: true, goog:chromeOptions: {debuggerAddress: localhost:62618}, networkConnectionEnabled: false, pageLoadStrategy: normal, platformName: windows, proxy: Proxy(), se:cdp: ws://localhost:62618/devtoo..., se:cdpVersion: 131.0.6778.265, setWindowRect: true, strictFileInteractability: false, timeouts: {implicit: 0, pageLoad: 300000, script: 30000}, unhandledPromptBehavior: dismiss and notify, webauthn:extension:credBlob: true, webauthn:extension:largeBlob: true, webauthn:extension:minPinLength: true, webauthn:extension:prf: true, webauthn:virtualAuthenticators: true}
Element: [[ChromeDriver: chrome on windows (0c21c7e0899c13b3edca7f2eeeedbe8b)] -> tag name: h3]
Session ID: 0c21c7e0899c13b3edca7f2eeeedbe8b
2025-01-22 13:43:36 [main] DEBUG l.i.u.t.SubmittedApplicationsPageTest - Entered Address into the input field.
2025-01-22 13:43:36 [main] DEBUG l.i.u.t.SubmittedApplicationsPageTest - Entered Address into the input field.
2025-01-22 13:43:38 [main] ERROR l.i.u.t.SubmittedApplicationsPageTest - Test 'testFillNewApplication' failed with error: element click intercepted: Element <button type="button" class="i-forms-stepper-button i-forms-stepper-button-next">...</button> is not clickable at point (1823, 971). Other element would receive the click: <div class="cdk-overlay-backdrop cdk-overlay-transparent-backdrop cdk-overlay-backdrop-showing"></div>
  (Session info: chrome=131.0.6778.265)
Build info: version: '4.27.0', revision: 'd6e718d134'
System info: os.name: 'Windows 11', os.arch: 'amd64', os.version: '10.0', java.version: '21.0.3'
Driver info: org.openqa.selenium.chrome.ChromeDriver
Command: [0c21c7e0899c13b3edca7f2eeeedbe8b, clickElement {id=f.06B4EEC535B04F24BDB84632BB7FAC4A.d.6F97EADFE2F2D9CA763F2AD3E032116D.e.1963}]
Capabilities {acceptInsecureCerts: false, browserName: chrome, browserVersion: 131.0.6778.265, chrome: {chromedriverVersion: 131.0.6778.264 (2d05e315153..., userDataDir: C:\Users\INGRID~1.ZAD\AppDa...}, fedcm:accounts: true, goog:chromeOptions: {debuggerAddress: localhost:62618}, networkConnectionEnabled: false, pageLoadStrategy: normal, platformName: windows, proxy: Proxy(), se:cdp: ws://localhost:62618/devtoo..., se:cdpVersion: 131.0.6778.265, setWindowRect: true, strictFileInteractability: false, timeouts: {implicit: 0, pageLoad: 300000, script: 30000}, unhandledPromptBehavior: dismiss and notify, webauthn:extension:credBlob: true, webauthn:extension:largeBlob: true, webauthn:extension:minPinLength: true, webauthn:extension:prf: true, webauthn:virtualAuthenticators: true}
Element: [[ChromeDriver: chrome on windows (0c21c7e0899c13b3edca7f2eeeedbe8b)] -> xpath: //button[contains(@class, 'i-forms-stepper-button-next') and normalize-space(text())='Toliau']]
Session ID: 0c21c7e0899c13b3edca7f2eeeedbe8b
org.openqa.selenium.ElementClickInterceptedException: element click intercepted: Element <button type="button" class="i-forms-stepper-button i-forms-stepper-button-next">...</button> is not clickable at point (1823, 971). Other element would receive the click: <div class="cdk-overlay-backdrop cdk-overlay-transparent-backdrop cdk-overlay-backdrop-showing"></div>
  (Session info: chrome=131.0.6778.265)
Build info: version: '4.27.0', revision: 'd6e718d134'
System info: os.name: 'Windows 11', os.arch: 'amd64', os.version: '10.0', java.version: '21.0.3'
Driver info: org.openqa.selenium.chrome.ChromeDriver
Command: [0c21c7e0899c13b3edca7f2eeeedbe8b, clickElement {id=f.06B4EEC535B04F24BDB84632BB7FAC4A.d.6F97EADFE2F2D9CA763F2AD3E032116D.e.1963}]
Capabilities {acceptInsecureCerts: false, browserName: chrome, browserVersion: 131.0.6778.265, chrome: {chromedriverVersion: 131.0.6778.264 (2d05e315153..., userDataDir: C:\Users\INGRID~1.ZAD\AppDa...}, fedcm:accounts: true, goog:chromeOptions: {debuggerAddress: localhost:62618}, networkConnectionEnabled: false, pageLoadStrategy: normal, platformName: windows, proxy: Proxy(), se:cdp: ws://localhost:62618/devtoo..., se:cdpVersion: 131.0.6778.265, setWindowRect: true, strictFileInteractability: false, timeouts: {implicit: 0, pageLoad: 300000, script: 30000}, unhandledPromptBehavior: dismiss and notify, webauthn:extension:credBlob: true, webauthn:extension:largeBlob: true, webauthn:extension:minPinLength: true, webauthn:extension:prf: true, webauthn:virtualAuthenticators: true}
Element: [[ChromeDriver: chrome on windows (0c21c7e0899c13b3edca7f2eeeedbe8b)] -> xpath: //button[contains(@class, 'i-forms-stepper-button-next') and normalize-space(text())='Toliau']]
Session ID: 0c21c7e0899c13b3edca7f2eeeedbe8b
	at java.base/jdk.internal.reflect.DirectConstructorHandleAccessor.newInstance(DirectConstructorHandleAccessor.java:62)
	at java.base/java.lang.reflect.Constructor.newInstanceWithCaller(Constructor.java:502)
	at java.base/java.lang.reflect.Constructor.newInstance(Constructor.java:486)
	at org.openqa.selenium.remote.ErrorCodec.decode(ErrorCodec.java:167)
	at org.openqa.selenium.remote.codec.w3c.W3CHttpResponseCodec.decode(W3CHttpResponseCodec.java:138)
	at org.openqa.selenium.remote.codec.w3c.W3CHttpResponseCodec.decode(W3CHttpResponseCodec.java:50)
	at org.openqa.selenium.remote.HttpCommandExecutor.execute(HttpCommandExecutor.java:190)
	at org.openqa.selenium.remote.service.DriverCommandExecutor.invokeExecute(DriverCommandExecutor.java:216)
	at org.openqa.selenium.remote.service.DriverCommandExecutor.execute(DriverCommandExecutor.java:174)
	at org.openqa.selenium.remote.RemoteWebDriver.execute(RemoteWebDriver.java:545)
	at org.openqa.selenium.remote.RemoteWebElement.execute(RemoteWebElement.java:223)
	at org.openqa.selenium.remote.RemoteWebElement.click(RemoteWebElement.java:76)
	at java.base/jdk.internal.reflect.DirectMethodHandleAccessor.invoke(DirectMethodHandleAccessor.java:103)
	at java.base/java.lang.reflect.Method.invoke(Method.java:580)
	at org.openqa.selenium.support.pagefactory.internal.LocatingElementHandler.invoke(LocatingElementHandler.java:51)
	at jdk.proxy2/jdk.proxy2.$Proxy14.click(Unknown Source)
	at lt.insoft.uztis.pages.SubmittedApplicationsPage.clickButtonNext(SubmittedApplicationsPage.java:275)
	at lt.insoft.uztis.tests.SubmittedApplicationsPageTest.testFillNewApplication(SubmittedApplicationsPageTest.java:168)
	at java.base/jdk.internal.reflect.DirectMethodHandleAccessor.invoke(DirectMethodHandleAccessor.java:103)
	at java.base/java.lang.reflect.Method.invoke(Method.java:580)
	at org.junit.platform.commons.util.ReflectionUtils.invokeMethod(ReflectionUtils.java:728)
	at org.junit.jupiter.engine.execution.MethodInvocation.proceed(MethodInvocation.java:60)
	at org.junit.jupiter.engine.execution.InvocationInterceptorChain$ValidatingInvocation.proceed(InvocationInterceptorChain.java:131)
	at org.junit.jupiter.engine.extension.TimeoutExtension.intercept(TimeoutExtension.java:156)
	at org.junit.jupiter.engine.extension.TimeoutExtension.interceptTestableMethod(TimeoutExtension.java:147)
	at org.junit.jupiter.engine.extension.TimeoutExtension.interceptTestMethod(TimeoutExtension.java:86)
	at org.junit.jupiter.engine.execution.InterceptingExecutableInvoker$ReflectiveInterceptorCall.lambda$ofVoidMethod$0(InterceptingExecutableInvoker.java:103)
	at org.junit.jupiter.engine.execution.InterceptingExecutableInvoker.lambda$invoke$0(InterceptingExecutableInvoker.java:93)
	at org.junit.jupiter.engine.execution.InvocationInterceptorChain$InterceptedInvocation.proceed(InvocationInterceptorChain.java:106)
	at org.junit.jupiter.engine.execution.InvocationInterceptorChain.proceed(InvocationInterceptorChain.java:64)
	at org.junit.jupiter.engine.execution.InvocationInterceptorChain.chainAndInvoke(InvocationInterceptorChain.java:45)
	at org.junit.jupiter.engine.execution.InvocationInterceptorChain.invoke(InvocationInterceptorChain.java:37)
	at org.junit.jupiter.engine.execution.InterceptingExecutableInvoker.invoke(InterceptingExecutableInvoker.java:92)
	at org.junit.jupiter.engine.execution.InterceptingExecutableInvoker.invoke(InterceptingExecutableInvoker.java:86)
	at org.junit.jupiter.engine.descriptor.TestMethodTestDescriptor.lambda$invokeTestMethod$7(TestMethodTestDescriptor.java:218)
	at org.junit.platform.engine.support.hierarchical.ThrowableCollector.execute(ThrowableCollector.java:73)
	at org.junit.jupiter.engine.descriptor.TestMethodTestDescriptor.invokeTestMethod(TestMethodTestDescriptor.java:214)
	at org.junit.jupiter.engine.descriptor.TestMethodTestDescriptor.execute(TestMethodTestDescriptor.java:139)
	at org.junit.jupiter.engine.descriptor.TestMethodTestDescriptor.execute(TestMethodTestDescriptor.java:69)
	at org.junit.platform.engine.support.hierarchical.NodeTestTask.lambda$executeRecursively$6(NodeTestTask.java:151)
	at org.junit.platform.engine.support.hierarchical.ThrowableCollector.execute(ThrowableCollector.java:73)
	at org.junit.platform.engine.support.hierarchical.NodeTestTask.lambda$executeRecursively$8(NodeTestTask.java:141)
	at org.junit.platform.engine.support.hierarchical.Node.around(Node.java:137)
	at org.junit.platform.engine.support.hierarchical.NodeTestTask.lambda$executeRecursively$9(NodeTestTask.java:139)
	at org.junit.platform.engine.support.hierarchical.ThrowableCollector.execute(ThrowableCollector.java:73)
	at org.junit.platform.engine.support.hierarchical.NodeTestTask.executeRecursively(NodeTestTask.java:138)
	at org.junit.platform.engine.support.hierarchical.NodeTestTask.execute(NodeTestTask.java:95)
	at java.base/java.util.ArrayList.forEach(ArrayList.java:1596)
	at org.junit.platform.engine.support.hierarchical.SameThreadHierarchicalTestExecutorService.invokeAll(SameThreadHierarchicalTestExecutorService.java:41)
	at org.junit.platform.engine.support.hierarchical.NodeTestTask.lambda$executeRecursively$6(NodeTestTask.java:155)
	at org.junit.platform.engine.support.hierarchical.ThrowableCollector.execute(ThrowableCollector.java:73)
	at org.junit.platform.engine.support.hierarchical.NodeTestTask.lambda$executeRecursively$8(NodeTestTask.java:141)
	at org.junit.platform.engine.support.hierarchical.Node.around(Node.java:137)
	at org.junit.platform.engine.support.hierarchical.NodeTestTask.lambda$executeRecursively$9(NodeTestTask.java:139)
	at org.junit.platform.engine.support.hierarchical.ThrowableCollector.execute(ThrowableCollector.java:73)
	at org.junit.platform.engine.support.hierarchical.NodeTestTask.executeRecursively(NodeTestTask.java:138)
	at org.junit.platform.engine.support.hierarchical.NodeTestTask.execute(NodeTestTask.java:95)
	at java.base/java.util.ArrayList.forEach(ArrayList.java:1596)
	at org.junit.platform.engine.support.hierarchical.SameThreadHierarchicalTestExecutorService.invokeAll(SameThreadHierarchicalTestExecutorService.java:41)
	at org.junit.platform.engine.support.hierarchical.NodeTestTask.lambda$executeRecursively$6(NodeTestTask.java:155)
	at org.junit.platform.engine.support.hierarchical.ThrowableCollector.execute(ThrowableCollector.java:73)
	at org.junit.platform.engine.support.hierarchical.NodeTestTask.lambda$executeRecursively$8(NodeTestTask.java:141)
	at org.junit.platform.engine.support.hierarchical.Node.around(Node.java:137)
	at org.junit.platform.engine.support.hierarchical.NodeTestTask.lambda$executeRecursively$9(NodeTestTask.java:139)
	at org.junit.platform.engine.support.hierarchical.ThrowableCollector.execute(ThrowableCollector.java:73)
	at org.junit.platform.engine.support.hierarchical.NodeTestTask.executeRecursively(NodeTestTask.java:138)
	at org.junit.platform.engine.support.hierarchical.NodeTestTask.execute(NodeTestTask.java:95)
	at org.junit.platform.engine.support.hierarchical.SameThreadHierarchicalTestExecutorService.submit(SameThreadHierarchicalTestExecutorService.java:35)
	at org.junit.platform.engine.support.hierarchical.HierarchicalTestExecutor.execute(HierarchicalTestExecutor.java:57)
	at org.junit.platform.engine.support.hierarchical.HierarchicalTestEngine.execute(HierarchicalTestEngine.java:54)
	at org.junit.platform.launcher.core.EngineExecutionOrchestrator.execute(EngineExecutionOrchestrator.java:198)
	at org.junit.platform.launcher.core.EngineExecutionOrchestrator.execute(EngineExecutionOrchestrator.java:169)
	at org.junit.platform.launcher.core.EngineExecutionOrchestrator.execute(EngineExecutionOrchestrator.java:93)
	at org.junit.platform.launcher.core.EngineExecutionOrchestrator.lambda$execute$0(EngineExecutionOrchestrator.java:58)
	at org.junit.platform.launcher.core.EngineExecutionOrchestrator.withInterceptedStreams(EngineExecutionOrchestrator.java:141)
	at org.junit.platform.launcher.core.EngineExecutionOrchestrator.execute(EngineExecutionOrchestrator.java:57)
	at org.junit.platform.launcher.core.DefaultLauncher.execute(DefaultLauncher.java:103)
	at org.junit.platform.launcher.core.DefaultLauncher.execute(DefaultLauncher.java:85)
	at org.junit.platform.launcher.core.DelegatingLauncher.execute(DelegatingLauncher.java:47)
	at org.junit.platform.launcher.core.SessionPerRequestLauncher.execute(SessionPerRequestLauncher.java:63)
	at com.intellij.junit5.JUnit5IdeaTestRunner.startRunnerWithArgs(JUnit5IdeaTestRunner.java:57)
	at com.intellij.rt.junit.IdeaTestRunner$Repeater$1.execute(IdeaTestRunner.java:38)
	at com.intellij.rt.execution.junit.TestsRepeater.repeat(TestsRepeater.java:11)
	at com.intellij.rt.junit.IdeaTestRunner$Repeater.startRunnerWithArgs(IdeaTestRunner.java:35)
	at com.intellij.rt.junit.JUnitStarter.prepareStreamsAndStart(JUnitStarter.java:232)
	at com.intellij.rt.junit.JUnitStarter.main(JUnitStarter.java:55)
2025-01-22 13:43:38 [main] INFO  l.insoft.uztis.tests.utils.TestUtils - Screenshot moved to C:\Users\ingrida.zadorozniene\Desktop\Asm\UZTIS\UZTIS_tests\test-output\screenshots\20250122\134338167_testFillNewApplication().png
2025-01-22 13:44:22 [main] INFO  lt.insoft.uztis.tests.UztisPageTest - Navigated to https://uztisdev.asseco.lt/home
2025-01-22 13:44:22 [main] INFO  l.i.u.t.SubmittedApplicationsPageTest - Starting test:'testFillNewApplication'
2025-01-22 13:44:22 [main] DEBUG l.i.u.t.SubmittedApplicationsPageTest - User logged in with test credentials
2025-01-22 13:44:22 [main] DEBUG l.i.u.t.SubmittedApplicationsPageTest - Opened 'Application Processing' menu.
2025-01-22 13:44:23 [main] DEBUG l.i.u.t.SubmittedApplicationsPageTest - Clicked on 'Application Forms' menu.
2025-01-22 13:44:23 [main] DEBUG l.i.u.t.SubmittedApplicationsPageTest - Retrieved last description code text: 'TST-VUI-81'.
2025-01-22 13:44:23 [main] DEBUG l.i.u.t.SubmittedApplicationsPageTest - Clicked on 'Invitation' menu.
2025-01-22 13:44:24 [main] DEBUG l.i.u.t.SubmittedApplicationsPageTest - Selected application section by code: 'TST-VUI-81'.
2025-01-22 13:44:24 [main] DEBUG l.i.u.t.SubmittedApplicationsPageTest - Clicked 'Search' button.
2025-01-22 13:44:24 [main] DEBUG l.i.u.t.SubmittedApplicationsPageTest - Retrieved invitation code: ''.
2025-01-22 13:44:24 [main] DEBUG l.i.u.t.SubmittedApplicationsPageTest - Clicked on 'Submitted Applications' menu.
2025-01-22 13:44:25 [main] DEBUG l.i.u.t.SubmittedApplicationsPageTest - Selected invitation by code: 'TST-VUI-81'.
2025-01-22 13:44:25 [main] DEBUG l.i.u.t.SubmittedApplicationsPageTest - Clicked on 'Action Application' button.
2025-01-22 13:44:25 [main] DEBUG l.i.u.t.SubmittedApplicationsPageTest - Clicked on 'New Application' button.
2025-01-22 13:44:26 [main] DEBUG l.i.u.t.SubmittedApplicationsPageTest - Clicked on 'RadioButtonFA' button.
2025-01-22 13:44:26 [main] DEBUG l.i.u.t.SubmittedApplicationsPageTest - Entered phone number into the input field.
2025-01-22 13:44:26 [main] DEBUG l.i.u.t.SubmittedApplicationsPageTest - Entered eMail into the input field.
2025-01-22 13:44:26 [main] INFO  l.i.u.p.SubmittedApplicationsPage - Located the dropdown button.
2025-01-22 13:44:45 [main] INFO  l.i.u.p.SubmittedApplicationsPage - Found 1741 options in the dropdown.
2025-01-22 13:44:45 [main] INFO  l.i.u.p.SubmittedApplicationsPage - Successfully selected the value: '01.11 - Grūdinių (išskyrus ryžius), ankštinių ir aliejingų sėklų augalų auginimas'
2025-01-22 13:44:56 [main] ERROR l.i.u.p.SubmittedApplicationsPage - Failed to close the dropdown with aria-expanded = 'false'. Attempting manual close.
2025-01-22 13:44:57 [main] ERROR l.i.u.p.SubmittedApplicationsPage - Failed to manually close the dropdown: element click intercepted: Element <div i-forms-stepper="" class="dynamic-component ng-star-inserted">...</div> is not clickable at point (1111, 569). Other element would receive the click: <div class="cdk-overlay-backdrop cdk-overlay-transparent-backdrop cdk-overlay-backdrop-showing"></div>
  (Session info: chrome=131.0.6778.265)
Build info: version: '4.27.0', revision: 'd6e718d134'
System info: os.name: 'Windows 11', os.arch: 'amd64', os.version: '10.0', java.version: '21.0.3'
Driver info: org.openqa.selenium.chrome.ChromeDriver
Command: [31177b8d5150c63f14e3266492eedad6, clickElement {id=f.43499F726CB07389C66210EB5019E68D.d.F483DEEF8C81180A41030F615BC28264.e.1955}]
Capabilities {acceptInsecureCerts: false, browserName: chrome, browserVersion: 131.0.6778.265, chrome: {chromedriverVersion: 131.0.6778.264 (2d05e315153..., userDataDir: C:\Users\INGRID~1.ZAD\AppDa...}, fedcm:accounts: true, goog:chromeOptions: {debuggerAddress: localhost:62676}, networkConnectionEnabled: false, pageLoadStrategy: normal, platformName: windows, proxy: Proxy(), se:cdp: ws://localhost:62676/devtoo..., se:cdpVersion: 131.0.6778.265, setWindowRect: true, strictFileInteractability: false, timeouts: {implicit: 0, pageLoad: 300000, script: 30000}, unhandledPromptBehavior: dismiss and notify, webauthn:extension:credBlob: true, webauthn:extension:largeBlob: true, webauthn:extension:minPinLength: true, webauthn:extension:prf: true, webauthn:virtualAuthenticators: true}
Element: [[ChromeDriver: chrome on windows (31177b8d5150c63f14e3266492eedad6)] -> class name: dynamic-component]
Session ID: 31177b8d5150c63f14e3266492eedad6
2025-01-22 13:44:57 [main] DEBUG l.i.u.t.SubmittedApplicationsPageTest - Entered Address into the input field.
2025-01-22 13:44:57 [main] DEBUG l.i.u.t.SubmittedApplicationsPageTest - Entered Address into the input field.
2025-01-22 13:44:59 [main] ERROR l.i.u.t.SubmittedApplicationsPageTest - Test 'testFillNewApplication' failed with error: element click intercepted: Element <button type="button" class="i-forms-stepper-button i-forms-stepper-button-next">...</button> is not clickable at point (1823, 971). Other element would receive the click: <div class="cdk-overlay-backdrop cdk-overlay-transparent-backdrop cdk-overlay-backdrop-showing"></div>
  (Session info: chrome=131.0.6778.265)
Build info: version: '4.27.0', revision: 'd6e718d134'
System info: os.name: 'Windows 11', os.arch: 'amd64', os.version: '10.0', java.version: '21.0.3'
Driver info: org.openqa.selenium.chrome.ChromeDriver
Command: [31177b8d5150c63f14e3266492eedad6, clickElement {id=f.43499F726CB07389C66210EB5019E68D.d.F483DEEF8C81180A41030F615BC28264.e.1964}]
Capabilities {acceptInsecureCerts: false, browserName: chrome, browserVersion: 131.0.6778.265, chrome: {chromedriverVersion: 131.0.6778.264 (2d05e315153..., userDataDir: C:\Users\INGRID~1.ZAD\AppDa...}, fedcm:accounts: true, goog:chromeOptions: {debuggerAddress: localhost:62676}, networkConnectionEnabled: false, pageLoadStrategy: normal, platformName: windows, proxy: Proxy(), se:cdp: ws://localhost:62676/devtoo..., se:cdpVersion: 131.0.6778.265, setWindowRect: true, strictFileInteractability: false, timeouts: {implicit: 0, pageLoad: 300000, script: 30000}, unhandledPromptBehavior: dismiss and notify, webauthn:extension:credBlob: true, webauthn:extension:largeBlob: true, webauthn:extension:minPinLength: true, webauthn:extension:prf: true, webauthn:virtualAuthenticators: true}
Element: [[ChromeDriver: chrome on windows (31177b8d5150c63f14e3266492eedad6)] -> xpath: //button[contains(@class, 'i-forms-stepper-button-next') and normalize-space(text())='Toliau']]
Session ID: 31177b8d5150c63f14e3266492eedad6
org.openqa.selenium.ElementClickInterceptedException: element click intercepted: Element <button type="button" class="i-forms-stepper-button i-forms-stepper-button-next">...</button> is not clickable at point (1823, 971). Other element would receive the click: <div class="cdk-overlay-backdrop cdk-overlay-transparent-backdrop cdk-overlay-backdrop-showing"></div>
  (Session info: chrome=131.0.6778.265)
Build info: version: '4.27.0', revision: 'd6e718d134'
System info: os.name: 'Windows 11', os.arch: 'amd64', os.version: '10.0', java.version: '21.0.3'
Driver info: org.openqa.selenium.chrome.ChromeDriver
Command: [31177b8d5150c63f14e3266492eedad6, clickElement {id=f.43499F726CB07389C66210EB5019E68D.d.F483DEEF8C81180A41030F615BC28264.e.1964}]
Capabilities {acceptInsecureCerts: false, browserName: chrome, browserVersion: 131.0.6778.265, chrome: {chromedriverVersion: 131.0.6778.264 (2d05e315153..., userDataDir: C:\Users\INGRID~1.ZAD\AppDa...}, fedcm:accounts: true, goog:chromeOptions: {debuggerAddress: localhost:62676}, networkConnectionEnabled: false, pageLoadStrategy: normal, platformName: windows, proxy: Proxy(), se:cdp: ws://localhost:62676/devtoo..., se:cdpVersion: 131.0.6778.265, setWindowRect: true, strictFileInteractability: false, timeouts: {implicit: 0, pageLoad: 300000, script: 30000}, unhandledPromptBehavior: dismiss and notify, webauthn:extension:credBlob: true, webauthn:extension:largeBlob: true, webauthn:extension:minPinLength: true, webauthn:extension:prf: true, webauthn:virtualAuthenticators: true}
Element: [[ChromeDriver: chrome on windows (31177b8d5150c63f14e3266492eedad6)] -> xpath: //button[contains(@class, 'i-forms-stepper-button-next') and normalize-space(text())='Toliau']]
Session ID: 31177b8d5150c63f14e3266492eedad6
	at java.base/jdk.internal.reflect.DirectConstructorHandleAccessor.newInstance(DirectConstructorHandleAccessor.java:62)
	at java.base/java.lang.reflect.Constructor.newInstanceWithCaller(Constructor.java:502)
	at java.base/java.lang.reflect.Constructor.newInstance(Constructor.java:486)
	at org.openqa.selenium.remote.ErrorCodec.decode(ErrorCodec.java:167)
	at org.openqa.selenium.remote.codec.w3c.W3CHttpResponseCodec.decode(W3CHttpResponseCodec.java:138)
	at org.openqa.selenium.remote.codec.w3c.W3CHttpResponseCodec.decode(W3CHttpResponseCodec.java:50)
	at org.openqa.selenium.remote.HttpCommandExecutor.execute(HttpCommandExecutor.java:190)
	at org.openqa.selenium.remote.service.DriverCommandExecutor.invokeExecute(DriverCommandExecutor.java:216)
	at org.openqa.selenium.remote.service.DriverCommandExecutor.execute(DriverCommandExecutor.java:174)
	at org.openqa.selenium.remote.RemoteWebDriver.execute(RemoteWebDriver.java:545)
	at org.openqa.selenium.remote.RemoteWebElement.execute(RemoteWebElement.java:223)
	at org.openqa.selenium.remote.RemoteWebElement.click(RemoteWebElement.java:76)
	at java.base/jdk.internal.reflect.DirectMethodHandleAccessor.invoke(DirectMethodHandleAccessor.java:103)
	at java.base/java.lang.reflect.Method.invoke(Method.java:580)
	at org.openqa.selenium.support.pagefactory.internal.LocatingElementHandler.invoke(LocatingElementHandler.java:51)
	at jdk.proxy2/jdk.proxy2.$Proxy14.click(Unknown Source)
	at lt.insoft.uztis.pages.SubmittedApplicationsPage.clickButtonNext(SubmittedApplicationsPage.java:275)
	at lt.insoft.uztis.tests.SubmittedApplicationsPageTest.testFillNewApplication(SubmittedApplicationsPageTest.java:168)
	at java.base/jdk.internal.reflect.DirectMethodHandleAccessor.invoke(DirectMethodHandleAccessor.java:103)
	at java.base/java.lang.reflect.Method.invoke(Method.java:580)
	at org.junit.platform.commons.util.ReflectionUtils.invokeMethod(ReflectionUtils.java:728)
	at org.junit.jupiter.engine.execution.MethodInvocation.proceed(MethodInvocation.java:60)
	at org.junit.jupiter.engine.execution.InvocationInterceptorChain$ValidatingInvocation.proceed(InvocationInterceptorChain.java:131)
	at org.junit.jupiter.engine.extension.TimeoutExtension.intercept(TimeoutExtension.java:156)
	at org.junit.jupiter.engine.extension.TimeoutExtension.interceptTestableMethod(TimeoutExtension.java:147)
	at org.junit.jupiter.engine.extension.TimeoutExtension.interceptTestMethod(TimeoutExtension.java:86)
	at org.junit.jupiter.engine.execution.InterceptingExecutableInvoker$ReflectiveInterceptorCall.lambda$ofVoidMethod$0(InterceptingExecutableInvoker.java:103)
	at org.junit.jupiter.engine.execution.InterceptingExecutableInvoker.lambda$invoke$0(InterceptingExecutableInvoker.java:93)
	at org.junit.jupiter.engine.execution.InvocationInterceptorChain$InterceptedInvocation.proceed(InvocationInterceptorChain.java:106)
	at org.junit.jupiter.engine.execution.InvocationInterceptorChain.proceed(InvocationInterceptorChain.java:64)
	at org.junit.jupiter.engine.execution.InvocationInterceptorChain.chainAndInvoke(InvocationInterceptorChain.java:45)
	at org.junit.jupiter.engine.execution.InvocationInterceptorChain.invoke(InvocationInterceptorChain.java:37)
	at org.junit.jupiter.engine.execution.InterceptingExecutableInvoker.invoke(InterceptingExecutableInvoker.java:92)
	at org.junit.jupiter.engine.execution.InterceptingExecutableInvoker.invoke(InterceptingExecutableInvoker.java:86)
	at org.junit.jupiter.engine.descriptor.TestMethodTestDescriptor.lambda$invokeTestMethod$7(TestMethodTestDescriptor.java:218)
	at org.junit.platform.engine.support.hierarchical.ThrowableCollector.execute(ThrowableCollector.java:73)
	at org.junit.jupiter.engine.descriptor.TestMethodTestDescriptor.invokeTestMethod(TestMethodTestDescriptor.java:214)
	at org.junit.jupiter.engine.descriptor.TestMethodTestDescriptor.execute(TestMethodTestDescriptor.java:139)
	at org.junit.jupiter.engine.descriptor.TestMethodTestDescriptor.execute(TestMethodTestDescriptor.java:69)
	at org.junit.platform.engine.support.hierarchical.NodeTestTask.lambda$executeRecursively$6(NodeTestTask.java:151)
	at org.junit.platform.engine.support.hierarchical.ThrowableCollector.execute(ThrowableCollector.java:73)
	at org.junit.platform.engine.support.hierarchical.NodeTestTask.lambda$executeRecursively$8(NodeTestTask.java:141)
	at org.junit.platform.engine.support.hierarchical.Node.around(Node.java:137)
	at org.junit.platform.engine.support.hierarchical.NodeTestTask.lambda$executeRecursively$9(NodeTestTask.java:139)
	at org.junit.platform.engine.support.hierarchical.ThrowableCollector.execute(ThrowableCollector.java:73)
	at org.junit.platform.engine.support.hierarchical.NodeTestTask.executeRecursively(NodeTestTask.java:138)
	at org.junit.platform.engine.support.hierarchical.NodeTestTask.execute(NodeTestTask.java:95)
	at java.base/java.util.ArrayList.forEach(ArrayList.java:1596)
	at org.junit.platform.engine.support.hierarchical.SameThreadHierarchicalTestExecutorService.invokeAll(SameThreadHierarchicalTestExecutorService.java:41)
	at org.junit.platform.engine.support.hierarchical.NodeTestTask.lambda$executeRecursively$6(NodeTestTask.java:155)
	at org.junit.platform.engine.support.hierarchical.ThrowableCollector.execute(ThrowableCollector.java:73)
	at org.junit.platform.engine.support.hierarchical.NodeTestTask.lambda$executeRecursively$8(NodeTestTask.java:141)
	at org.junit.platform.engine.support.hierarchical.Node.around(Node.java:137)
	at org.junit.platform.engine.support.hierarchical.NodeTestTask.lambda$executeRecursively$9(NodeTestTask.java:139)
	at org.junit.platform.engine.support.hierarchical.ThrowableCollector.execute(ThrowableCollector.java:73)
	at org.junit.platform.engine.support.hierarchical.NodeTestTask.executeRecursively(NodeTestTask.java:138)
	at org.junit.platform.engine.support.hierarchical.NodeTestTask.execute(NodeTestTask.java:95)
	at java.base/java.util.ArrayList.forEach(ArrayList.java:1596)
	at org.junit.platform.engine.support.hierarchical.SameThreadHierarchicalTestExecutorService.invokeAll(SameThreadHierarchicalTestExecutorService.java:41)
	at org.junit.platform.engine.support.hierarchical.NodeTestTask.lambda$executeRecursively$6(NodeTestTask.java:155)
	at org.junit.platform.engine.support.hierarchical.ThrowableCollector.execute(ThrowableCollector.java:73)
	at org.junit.platform.engine.support.hierarchical.NodeTestTask.lambda$executeRecursively$8(NodeTestTask.java:141)
	at org.junit.platform.engine.support.hierarchical.Node.around(Node.java:137)
	at org.junit.platform.engine.support.hierarchical.NodeTestTask.lambda$executeRecursively$9(NodeTestTask.java:139)
	at org.junit.platform.engine.support.hierarchical.ThrowableCollector.execute(ThrowableCollector.java:73)
	at org.junit.platform.engine.support.hierarchical.NodeTestTask.executeRecursively(NodeTestTask.java:138)
	at org.junit.platform.engine.support.hierarchical.NodeTestTask.execute(NodeTestTask.java:95)
	at org.junit.platform.engine.support.hierarchical.SameThreadHierarchicalTestExecutorService.submit(SameThreadHierarchicalTestExecutorService.java:35)
	at org.junit.platform.engine.support.hierarchical.HierarchicalTestExecutor.execute(HierarchicalTestExecutor.java:57)
	at org.junit.platform.engine.support.hierarchical.HierarchicalTestEngine.execute(HierarchicalTestEngine.java:54)
	at org.junit.platform.launcher.core.EngineExecutionOrchestrator.execute(EngineExecutionOrchestrator.java:198)
	at org.junit.platform.launcher.core.EngineExecutionOrchestrator.execute(EngineExecutionOrchestrator.java:169)
	at org.junit.platform.launcher.core.EngineExecutionOrchestrator.execute(EngineExecutionOrchestrator.java:93)
	at org.junit.platform.launcher.core.EngineExecutionOrchestrator.lambda$execute$0(EngineExecutionOrchestrator.java:58)
	at org.junit.platform.launcher.core.EngineExecutionOrchestrator.withInterceptedStreams(EngineExecutionOrchestrator.java:141)
	at org.junit.platform.launcher.core.EngineExecutionOrchestrator.execute(EngineExecutionOrchestrator.java:57)
	at org.junit.platform.launcher.core.DefaultLauncher.execute(DefaultLauncher.java:103)
	at org.junit.platform.launcher.core.DefaultLauncher.execute(DefaultLauncher.java:85)
	at org.junit.platform.launcher.core.DelegatingLauncher.execute(DelegatingLauncher.java:47)
	at org.junit.platform.launcher.core.SessionPerRequestLauncher.execute(SessionPerRequestLauncher.java:63)
	at com.intellij.junit5.JUnit5IdeaTestRunner.startRunnerWithArgs(JUnit5IdeaTestRunner.java:57)
	at com.intellij.rt.junit.IdeaTestRunner$Repeater$1.execute(IdeaTestRunner.java:38)
	at com.intellij.rt.execution.junit.TestsRepeater.repeat(TestsRepeater.java:11)
	at com.intellij.rt.junit.IdeaTestRunner$Repeater.startRunnerWithArgs(IdeaTestRunner.java:35)
	at com.intellij.rt.junit.JUnitStarter.prepareStreamsAndStart(JUnitStarter.java:232)
	at com.intellij.rt.junit.JUnitStarter.main(JUnitStarter.java:55)
2025-01-22 13:44:59 [main] INFO  l.insoft.uztis.tests.utils.TestUtils - Screenshot moved to C:\Users\ingrida.zadorozniene\Desktop\Asm\UZTIS\UZTIS_tests\test-output\screenshots\20250122\134459165_testFillNewApplication().png
2025-01-22 13:45:30 [main] INFO  lt.insoft.uztis.tests.UztisPageTest - Navigated to https://uztisdev.asseco.lt/home
2025-01-22 13:45:30 [main] INFO  l.i.u.t.SubmittedApplicationsPageTest - Starting test:'testFillNewApplication'
2025-01-22 13:45:30 [main] DEBUG l.i.u.t.SubmittedApplicationsPageTest - User logged in with test credentials
2025-01-22 13:45:30 [main] DEBUG l.i.u.t.SubmittedApplicationsPageTest - Opened 'Application Processing' menu.
2025-01-22 13:45:31 [main] DEBUG l.i.u.t.SubmittedApplicationsPageTest - Clicked on 'Application Forms' menu.
2025-01-22 13:45:31 [main] DEBUG l.i.u.t.SubmittedApplicationsPageTest - Retrieved last description code text: 'TST-VUI-81'.
2025-01-22 13:45:31 [main] DEBUG l.i.u.t.SubmittedApplicationsPageTest - Clicked on 'Invitation' menu.
2025-01-22 13:45:32 [main] DEBUG l.i.u.t.SubmittedApplicationsPageTest - Selected application section by code: 'TST-VUI-81'.
2025-01-22 13:45:32 [main] DEBUG l.i.u.t.SubmittedApplicationsPageTest - Clicked 'Search' button.
2025-01-22 13:45:32 [main] DEBUG l.i.u.t.SubmittedApplicationsPageTest - Retrieved invitation code: ''.
2025-01-22 13:45:32 [main] DEBUG l.i.u.t.SubmittedApplicationsPageTest - Clicked on 'Submitted Applications' menu.
2025-01-22 13:45:33 [main] DEBUG l.i.u.t.SubmittedApplicationsPageTest - Selected invitation by code: 'TST-VUI-81'.
2025-01-22 13:45:33 [main] DEBUG l.i.u.t.SubmittedApplicationsPageTest - Clicked on 'Action Application' button.
2025-01-22 13:45:33 [main] DEBUG l.i.u.t.SubmittedApplicationsPageTest - Clicked on 'New Application' button.
2025-01-22 13:45:34 [main] DEBUG l.i.u.t.SubmittedApplicationsPageTest - Clicked on 'RadioButtonFA' button.
2025-01-22 13:45:34 [main] DEBUG l.i.u.t.SubmittedApplicationsPageTest - Entered phone number into the input field.
2025-01-22 13:45:34 [main] DEBUG l.i.u.t.SubmittedApplicationsPageTest - Entered eMail into the input field.
2025-01-22 13:45:34 [main] INFO  l.i.u.p.SubmittedApplicationsPage - Located the dropdown button.
2025-01-22 13:45:52 [main] INFO  l.i.u.p.SubmittedApplicationsPage - Found 1741 options in the dropdown.
2025-01-22 13:45:53 [main] INFO  l.i.u.p.SubmittedApplicationsPage - Successfully selected the value: '01.11 - Grūdinių (išskyrus ryžius), ankštinių ir aliejingų sėklų augalų auginimas'
2025-01-22 13:46:03 [main] ERROR l.i.u.p.SubmittedApplicationsPage - Failed to close the dropdown with aria-expanded = 'false'. Attempting manual close.
2025-01-22 13:46:04 [main] ERROR l.i.u.p.SubmittedApplicationsPage - Failed to manually close the dropdown: element click intercepted: Element <h3 i-forms-h3="" class="dynamic-component ng-star-inserted">...</h3> is not clickable at point (1111, 252). Other element would receive the click: <div class="cdk-overlay-backdrop cdk-overlay-transparent-backdrop cdk-overlay-backdrop-showing"></div>
  (Session info: chrome=131.0.6778.265)
Build info: version: '4.27.0', revision: 'd6e718d134'
System info: os.name: 'Windows 11', os.arch: 'amd64', os.version: '10.0', java.version: '21.0.3'
Driver info: org.openqa.selenium.chrome.ChromeDriver
Command: [4372d1d6d425e14dd81b7a7898723ce8, clickElement {id=f.A0EC5258402164125C61EE2320DBD7F4.d.3AC43FCDB4278F6FF1EE4611FF29E31D.e.1954}]
Capabilities {acceptInsecureCerts: false, browserName: chrome, browserVersion: 131.0.6778.265, chrome: {chromedriverVersion: 131.0.6778.264 (2d05e315153..., userDataDir: C:\Users\INGRID~1.ZAD\AppDa...}, fedcm:accounts: true, goog:chromeOptions: {debuggerAddress: localhost:62733}, networkConnectionEnabled: false, pageLoadStrategy: normal, platformName: windows, proxy: Proxy(), se:cdp: ws://localhost:62733/devtoo..., se:cdpVersion: 131.0.6778.265, setWindowRect: true, strictFileInteractability: false, timeouts: {implicit: 0, pageLoad: 300000, script: 30000}, unhandledPromptBehavior: dismiss and notify, webauthn:extension:credBlob: true, webauthn:extension:largeBlob: true, webauthn:extension:minPinLength: true, webauthn:extension:prf: true, webauthn:virtualAuthenticators: true}
Element: [[ChromeDriver: chrome on windows (4372d1d6d425e14dd81b7a7898723ce8)] -> xpath: //h3[@class='dynamic-component ng-star-inserted']]
Session ID: 4372d1d6d425e14dd81b7a7898723ce8
2025-01-22 13:46:04 [main] DEBUG l.i.u.t.SubmittedApplicationsPageTest - Entered Address into the input field.
2025-01-22 13:46:05 [main] DEBUG l.i.u.t.SubmittedApplicationsPageTest - Entered Address into the input field.
2025-01-22 13:46:06 [main] ERROR l.i.u.t.SubmittedApplicationsPageTest - Test 'testFillNewApplication' failed with error: element click intercepted: Element <button type="button" class="i-forms-stepper-button i-forms-stepper-button-next">...</button> is not clickable at point (1823, 971). Other element would receive the click: <div class="cdk-overlay-backdrop cdk-overlay-transparent-backdrop cdk-overlay-backdrop-showing"></div>
  (Session info: chrome=131.0.6778.265)
Build info: version: '4.27.0', revision: 'd6e718d134'
System info: os.name: 'Windows 11', os.arch: 'amd64', os.version: '10.0', java.version: '21.0.3'
Driver info: org.openqa.selenium.chrome.ChromeDriver
Command: [4372d1d6d425e14dd81b7a7898723ce8, clickElement {id=f.A0EC5258402164125C61EE2320DBD7F4.d.3AC43FCDB4278F6FF1EE4611FF29E31D.e.1963}]
Capabilities {acceptInsecureCerts: false, browserName: chrome, browserVersion: 131.0.6778.265, chrome: {chromedriverVersion: 131.0.6778.264 (2d05e315153..., userDataDir: C:\Users\INGRID~1.ZAD\AppDa...}, fedcm:accounts: true, goog:chromeOptions: {debuggerAddress: localhost:62733}, networkConnectionEnabled: false, pageLoadStrategy: normal, platformName: windows, proxy: Proxy(), se:cdp: ws://localhost:62733/devtoo..., se:cdpVersion: 131.0.6778.265, setWindowRect: true, strictFileInteractability: false, timeouts: {implicit: 0, pageLoad: 300000, script: 30000}, unhandledPromptBehavior: dismiss and notify, webauthn:extension:credBlob: true, webauthn:extension:largeBlob: true, webauthn:extension:minPinLength: true, webauthn:extension:prf: true, webauthn:virtualAuthenticators: true}
Element: [[ChromeDriver: chrome on windows (4372d1d6d425e14dd81b7a7898723ce8)] -> xpath: //button[contains(@class, 'i-forms-stepper-button-next') and normalize-space(text())='Toliau']]
Session ID: 4372d1d6d425e14dd81b7a7898723ce8
org.openqa.selenium.ElementClickInterceptedException: element click intercepted: Element <button type="button" class="i-forms-stepper-button i-forms-stepper-button-next">...</button> is not clickable at point (1823, 971). Other element would receive the click: <div class="cdk-overlay-backdrop cdk-overlay-transparent-backdrop cdk-overlay-backdrop-showing"></div>
  (Session info: chrome=131.0.6778.265)
Build info: version: '4.27.0', revision: 'd6e718d134'
System info: os.name: 'Windows 11', os.arch: 'amd64', os.version: '10.0', java.version: '21.0.3'
Driver info: org.openqa.selenium.chrome.ChromeDriver
Command: [4372d1d6d425e14dd81b7a7898723ce8, clickElement {id=f.A0EC5258402164125C61EE2320DBD7F4.d.3AC43FCDB4278F6FF1EE4611FF29E31D.e.1963}]
Capabilities {acceptInsecureCerts: false, browserName: chrome, browserVersion: 131.0.6778.265, chrome: {chromedriverVersion: 131.0.6778.264 (2d05e315153..., userDataDir: C:\Users\INGRID~1.ZAD\AppDa...}, fedcm:accounts: true, goog:chromeOptions: {debuggerAddress: localhost:62733}, networkConnectionEnabled: false, pageLoadStrategy: normal, platformName: windows, proxy: Proxy(), se:cdp: ws://localhost:62733/devtoo..., se:cdpVersion: 131.0.6778.265, setWindowRect: true, strictFileInteractability: false, timeouts: {implicit: 0, pageLoad: 300000, script: 30000}, unhandledPromptBehavior: dismiss and notify, webauthn:extension:credBlob: true, webauthn:extension:largeBlob: true, webauthn:extension:minPinLength: true, webauthn:extension:prf: true, webauthn:virtualAuthenticators: true}
Element: [[ChromeDriver: chrome on windows (4372d1d6d425e14dd81b7a7898723ce8)] -> xpath: //button[contains(@class, 'i-forms-stepper-button-next') and normalize-space(text())='Toliau']]
Session ID: 4372d1d6d425e14dd81b7a7898723ce8
	at java.base/jdk.internal.reflect.DirectConstructorHandleAccessor.newInstance(DirectConstructorHandleAccessor.java:62)
	at java.base/java.lang.reflect.Constructor.newInstanceWithCaller(Constructor.java:502)
	at java.base/java.lang.reflect.Constructor.newInstance(Constructor.java:486)
	at org.openqa.selenium.remote.ErrorCodec.decode(ErrorCodec.java:167)
	at org.openqa.selenium.remote.codec.w3c.W3CHttpResponseCodec.decode(W3CHttpResponseCodec.java:138)
	at org.openqa.selenium.remote.codec.w3c.W3CHttpResponseCodec.decode(W3CHttpResponseCodec.java:50)
	at org.openqa.selenium.remote.HttpCommandExecutor.execute(HttpCommandExecutor.java:190)
	at org.openqa.selenium.remote.service.DriverCommandExecutor.invokeExecute(DriverCommandExecutor.java:216)
	at org.openqa.selenium.remote.service.DriverCommandExecutor.execute(DriverCommandExecutor.java:174)
	at org.openqa.selenium.remote.RemoteWebDriver.execute(RemoteWebDriver.java:545)
	at org.openqa.selenium.remote.RemoteWebElement.execute(RemoteWebElement.java:223)
	at org.openqa.selenium.remote.RemoteWebElement.click(RemoteWebElement.java:76)
	at java.base/jdk.internal.reflect.DirectMethodHandleAccessor.invoke(DirectMethodHandleAccessor.java:103)
	at java.base/java.lang.reflect.Method.invoke(Method.java:580)
	at org.openqa.selenium.support.pagefactory.internal.LocatingElementHandler.invoke(LocatingElementHandler.java:51)
	at jdk.proxy2/jdk.proxy2.$Proxy14.click(Unknown Source)
	at lt.insoft.uztis.pages.SubmittedApplicationsPage.clickButtonNext(SubmittedApplicationsPage.java:275)
	at lt.insoft.uztis.tests.SubmittedApplicationsPageTest.testFillNewApplication(SubmittedApplicationsPageTest.java:168)
	at java.base/jdk.internal.reflect.DirectMethodHandleAccessor.invoke(DirectMethodHandleAccessor.java:103)
	at java.base/java.lang.reflect.Method.invoke(Method.java:580)
	at org.junit.platform.commons.util.ReflectionUtils.invokeMethod(ReflectionUtils.java:728)
	at org.junit.jupiter.engine.execution.MethodInvocation.proceed(MethodInvocation.java:60)
	at org.junit.jupiter.engine.execution.InvocationInterceptorChain$ValidatingInvocation.proceed(InvocationInterceptorChain.java:131)
	at org.junit.jupiter.engine.extension.TimeoutExtension.intercept(TimeoutExtension.java:156)
	at org.junit.jupiter.engine.extension.TimeoutExtension.interceptTestableMethod(TimeoutExtension.java:147)
	at org.junit.jupiter.engine.extension.TimeoutExtension.interceptTestMethod(TimeoutExtension.java:86)
	at org.junit.jupiter.engine.execution.InterceptingExecutableInvoker$ReflectiveInterceptorCall.lambda$ofVoidMethod$0(InterceptingExecutableInvoker.java:103)
	at org.junit.jupiter.engine.execution.InterceptingExecutableInvoker.lambda$invoke$0(InterceptingExecutableInvoker.java:93)
	at org.junit.jupiter.engine.execution.InvocationInterceptorChain$InterceptedInvocation.proceed(InvocationInterceptorChain.java:106)
	at org.junit.jupiter.engine.execution.InvocationInterceptorChain.proceed(InvocationInterceptorChain.java:64)
	at org.junit.jupiter.engine.execution.InvocationInterceptorChain.chainAndInvoke(InvocationInterceptorChain.java:45)
	at org.junit.jupiter.engine.execution.InvocationInterceptorChain.invoke(InvocationInterceptorChain.java:37)
	at org.junit.jupiter.engine.execution.InterceptingExecutableInvoker.invoke(InterceptingExecutableInvoker.java:92)
	at org.junit.jupiter.engine.execution.InterceptingExecutableInvoker.invoke(InterceptingExecutableInvoker.java:86)
	at org.junit.jupiter.engine.descriptor.TestMethodTestDescriptor.lambda$invokeTestMethod$7(TestMethodTestDescriptor.java:218)
	at org.junit.platform.engine.support.hierarchical.ThrowableCollector.execute(ThrowableCollector.java:73)
	at org.junit.jupiter.engine.descriptor.TestMethodTestDescriptor.invokeTestMethod(TestMethodTestDescriptor.java:214)
	at org.junit.jupiter.engine.descriptor.TestMethodTestDescriptor.execute(TestMethodTestDescriptor.java:139)
	at org.junit.jupiter.engine.descriptor.TestMethodTestDescriptor.execute(TestMethodTestDescriptor.java:69)
	at org.junit.platform.engine.support.hierarchical.NodeTestTask.lambda$executeRecursively$6(NodeTestTask.java:151)
	at org.junit.platform.engine.support.hierarchical.ThrowableCollector.execute(ThrowableCollector.java:73)
	at org.junit.platform.engine.support.hierarchical.NodeTestTask.lambda$executeRecursively$8(NodeTestTask.java:141)
	at org.junit.platform.engine.support.hierarchical.Node.around(Node.java:137)
	at org.junit.platform.engine.support.hierarchical.NodeTestTask.lambda$executeRecursively$9(NodeTestTask.java:139)
	at org.junit.platform.engine.support.hierarchical.ThrowableCollector.execute(ThrowableCollector.java:73)
	at org.junit.platform.engine.support.hierarchical.NodeTestTask.executeRecursively(NodeTestTask.java:138)
	at org.junit.platform.engine.support.hierarchical.NodeTestTask.execute(NodeTestTask.java:95)
	at java.base/java.util.ArrayList.forEach(ArrayList.java:1596)
	at org.junit.platform.engine.support.hierarchical.SameThreadHierarchicalTestExecutorService.invokeAll(SameThreadHierarchicalTestExecutorService.java:41)
	at org.junit.platform.engine.support.hierarchical.NodeTestTask.lambda$executeRecursively$6(NodeTestTask.java:155)
	at org.junit.platform.engine.support.hierarchical.ThrowableCollector.execute(ThrowableCollector.java:73)
	at org.junit.platform.engine.support.hierarchical.NodeTestTask.lambda$executeRecursively$8(NodeTestTask.java:141)
	at org.junit.platform.engine.support.hierarchical.Node.around(Node.java:137)
	at org.junit.platform.engine.support.hierarchical.NodeTestTask.lambda$executeRecursively$9(NodeTestTask.java:139)
	at org.junit.platform.engine.support.hierarchical.ThrowableCollector.execute(ThrowableCollector.java:73)
	at org.junit.platform.engine.support.hierarchical.NodeTestTask.executeRecursively(NodeTestTask.java:138)
	at org.junit.platform.engine.support.hierarchical.NodeTestTask.execute(NodeTestTask.java:95)
	at java.base/java.util.ArrayList.forEach(ArrayList.java:1596)
	at org.junit.platform.engine.support.hierarchical.SameThreadHierarchicalTestExecutorService.invokeAll(SameThreadHierarchicalTestExecutorService.java:41)
	at org.junit.platform.engine.support.hierarchical.NodeTestTask.lambda$executeRecursively$6(NodeTestTask.java:155)
	at org.junit.platform.engine.support.hierarchical.ThrowableCollector.execute(ThrowableCollector.java:73)
	at org.junit.platform.engine.support.hierarchical.NodeTestTask.lambda$executeRecursively$8(NodeTestTask.java:141)
	at org.junit.platform.engine.support.hierarchical.Node.around(Node.java:137)
	at org.junit.platform.engine.support.hierarchical.NodeTestTask.lambda$executeRecursively$9(NodeTestTask.java:139)
	at org.junit.platform.engine.support.hierarchical.ThrowableCollector.execute(ThrowableCollector.java:73)
	at org.junit.platform.engine.support.hierarchical.NodeTestTask.executeRecursively(NodeTestTask.java:138)
	at org.junit.platform.engine.support.hierarchical.NodeTestTask.execute(NodeTestTask.java:95)
	at org.junit.platform.engine.support.hierarchical.SameThreadHierarchicalTestExecutorService.submit(SameThreadHierarchicalTestExecutorService.java:35)
	at org.junit.platform.engine.support.hierarchical.HierarchicalTestExecutor.execute(HierarchicalTestExecutor.java:57)
	at org.junit.platform.engine.support.hierarchical.HierarchicalTestEngine.execute(HierarchicalTestEngine.java:54)
	at org.junit.platform.launcher.core.EngineExecutionOrchestrator.execute(EngineExecutionOrchestrator.java:198)
	at org.junit.platform.launcher.core.EngineExecutionOrchestrator.execute(EngineExecutionOrchestrator.java:169)
	at org.junit.platform.launcher.core.EngineExecutionOrchestrator.execute(EngineExecutionOrchestrator.java:93)
	at org.junit.platform.launcher.core.EngineExecutionOrchestrator.lambda$execute$0(EngineExecutionOrchestrator.java:58)
	at org.junit.platform.launcher.core.EngineExecutionOrchestrator.withInterceptedStreams(EngineExecutionOrchestrator.java:141)
	at org.junit.platform.launcher.core.EngineExecutionOrchestrator.execute(EngineExecutionOrchestrator.java:57)
	at org.junit.platform.launcher.core.DefaultLauncher.execute(DefaultLauncher.java:103)
	at org.junit.platform.launcher.core.DefaultLauncher.execute(DefaultLauncher.java:85)
	at org.junit.platform.launcher.core.DelegatingLauncher.execute(DelegatingLauncher.java:47)
	at org.junit.platform.launcher.core.SessionPerRequestLauncher.execute(SessionPerRequestLauncher.java:63)
	at com.intellij.junit5.JUnit5IdeaTestRunner.startRunnerWithArgs(JUnit5IdeaTestRunner.java:57)
	at com.intellij.rt.junit.IdeaTestRunner$Repeater$1.execute(IdeaTestRunner.java:38)
	at com.intellij.rt.execution.junit.TestsRepeater.repeat(TestsRepeater.java:11)
	at com.intellij.rt.junit.IdeaTestRunner$Repeater.startRunnerWithArgs(IdeaTestRunner.java:35)
	at com.intellij.rt.junit.JUnitStarter.prepareStreamsAndStart(JUnitStarter.java:232)
	at com.intellij.rt.junit.JUnitStarter.main(JUnitStarter.java:55)
2025-01-22 13:46:06 [main] INFO  l.insoft.uztis.tests.utils.TestUtils - Screenshot moved to C:\Users\ingrida.zadorozniene\Desktop\Asm\UZTIS\UZTIS_tests\test-output\screenshots\20250122\134606367_testFillNewApplication().png
2025-01-22 13:50:35 [main] INFO  lt.insoft.uztis.tests.UztisPageTest - Navigated to https://uztisdev.asseco.lt/home
2025-01-22 13:50:35 [main] INFO  l.i.u.t.SubmittedApplicationsPageTest - Starting test:'testFillNewApplication'
2025-01-22 13:50:35 [main] DEBUG l.i.u.t.SubmittedApplicationsPageTest - User logged in with test credentials
2025-01-22 13:50:35 [main] DEBUG l.i.u.t.SubmittedApplicationsPageTest - Opened 'Application Processing' menu.
2025-01-22 13:50:36 [main] DEBUG l.i.u.t.SubmittedApplicationsPageTest - Clicked on 'Application Forms' menu.
2025-01-22 13:50:36 [main] DEBUG l.i.u.t.SubmittedApplicationsPageTest - Retrieved last description code text: 'TST-VUI-81'.
2025-01-22 13:50:36 [main] DEBUG l.i.u.t.SubmittedApplicationsPageTest - Clicked on 'Invitation' menu.
2025-01-22 13:50:37 [main] DEBUG l.i.u.t.SubmittedApplicationsPageTest - Selected application section by code: 'TST-VUI-81'.
2025-01-22 13:50:37 [main] DEBUG l.i.u.t.SubmittedApplicationsPageTest - Clicked 'Search' button.
2025-01-22 13:50:37 [main] DEBUG l.i.u.t.SubmittedApplicationsPageTest - Retrieved invitation code: ''.
2025-01-22 13:50:37 [main] DEBUG l.i.u.t.SubmittedApplicationsPageTest - Clicked on 'Submitted Applications' menu.
2025-01-22 13:50:38 [main] DEBUG l.i.u.t.SubmittedApplicationsPageTest - Selected invitation by code: 'TST-VUI-81'.
2025-01-22 13:50:38 [main] DEBUG l.i.u.t.SubmittedApplicationsPageTest - Clicked on 'Action Application' button.
2025-01-22 13:50:38 [main] DEBUG l.i.u.t.SubmittedApplicationsPageTest - Clicked on 'New Application' button.
2025-01-22 13:50:39 [main] DEBUG l.i.u.t.SubmittedApplicationsPageTest - Clicked on 'RadioButtonFA' button.
2025-01-22 13:50:39 [main] DEBUG l.i.u.t.SubmittedApplicationsPageTest - Entered phone number into the input field.
2025-01-22 13:50:39 [main] DEBUG l.i.u.t.SubmittedApplicationsPageTest - Entered eMail into the input field.
2025-01-22 13:50:39 [main] INFO  l.i.u.p.SubmittedApplicationsPage - Located the dropdown button.
2025-01-22 13:50:55 [main] INFO  l.i.u.p.SubmittedApplicationsPage - Found 1741 options in the dropdown.
2025-01-22 13:50:56 [main] INFO  l.i.u.p.SubmittedApplicationsPage - Successfully selected the value: '01.11 - Grūdinių (išskyrus ryžius), ankštinių ir aliejingų sėklų augalų auginimas'
2025-01-22 13:51:06 [main] ERROR l.i.u.p.SubmittedApplicationsPage - Failed to close the dropdown with aria-expanded = 'false'. Attempting manual close.
2025-01-22 13:51:06 [main] INFO  l.i.u.p.SubmittedApplicationsPage - Manual close attempt for the dropdown using body click.
2025-01-22 13:51:06 [main] DEBUG l.i.u.t.SubmittedApplicationsPageTest - Entered Address into the input field.
2025-01-22 13:51:07 [main] DEBUG l.i.u.t.SubmittedApplicationsPageTest - Entered Address into the input field.
2025-01-22 13:51:07 [main] INFO  l.i.u.t.SubmittedApplicationsPageTest - Test 'testFillNewApplication' completed successfully.
2025-01-23 12:15:43 [main] INFO  lt.insoft.uztis.tests.UztisPageTest - Navigated to https://uztisdev.asseco.lt/home
2025-01-23 12:15:43 [main] INFO  l.i.u.t.SubmittedApplicationsPageTest - Starting test:'testFillNewApplication'
2025-01-23 12:15:43 [main] DEBUG l.i.u.t.SubmittedApplicationsPageTest - User logged in with test credentials
2025-01-23 12:15:44 [main] DEBUG l.i.u.t.SubmittedApplicationsPageTest - Opened 'Application Processing' menu.
2025-01-23 12:15:44 [main] DEBUG l.i.u.t.SubmittedApplicationsPageTest - Clicked on 'Application Forms' menu.
2025-01-23 12:15:44 [main] DEBUG l.i.u.t.SubmittedApplicationsPageTest - Retrieved last description code text: 'TST-VUI-81'.
2025-01-23 12:15:44 [main] DEBUG l.i.u.t.SubmittedApplicationsPageTest - Clicked on 'Invitation' menu.
2025-01-23 12:15:45 [main] DEBUG l.i.u.t.SubmittedApplicationsPageTest - Selected application section by code: 'TST-VUI-81'.
2025-01-23 12:15:45 [main] DEBUG l.i.u.t.SubmittedApplicationsPageTest - Clicked 'Search' button.
2025-01-23 12:15:45 [main] DEBUG l.i.u.t.SubmittedApplicationsPageTest - Retrieved invitation code: ''.
2025-01-23 12:15:45 [main] DEBUG l.i.u.t.SubmittedApplicationsPageTest - Clicked on 'Submitted Applications' menu.
2025-01-23 12:15:46 [main] DEBUG l.i.u.t.SubmittedApplicationsPageTest - Selected invitation by code: 'TST-VUI-81'.
2025-01-23 12:15:46 [main] DEBUG l.i.u.t.SubmittedApplicationsPageTest - Clicked on 'Action Application' button.
2025-01-23 12:15:46 [main] DEBUG l.i.u.t.SubmittedApplicationsPageTest - Clicked on 'New Application' button.
2025-01-23 12:15:47 [main] DEBUG l.i.u.t.SubmittedApplicationsPageTest - Clicked on 'RadioButtonFA' button.
2025-01-23 12:15:47 [main] DEBUG l.i.u.t.SubmittedApplicationsPageTest - Entered phone number into the input field.
2025-01-23 12:15:47 [main] DEBUG l.i.u.t.SubmittedApplicationsPageTest - Entered eMail into the input field.
2025-01-23 12:15:47 [main] INFO  l.i.u.p.SubmittedApplicationsPage - Located the dropdown button.
2025-01-23 12:16:04 [main] INFO  l.i.u.p.SubmittedApplicationsPage - Found 1741 options in the dropdown.
2025-01-23 12:16:04 [main] INFO  l.i.u.p.SubmittedApplicationsPage - Successfully selected the value: '01.11 - Grūdinių (išskyrus ryžius), ankštinių ir aliejingų sėklų augalų auginimas'
2025-01-23 12:16:15 [main] ERROR l.i.u.p.SubmittedApplicationsPage - Failed to close the dropdown with aria-expanded = 'false'. Attempting manual close.
2025-01-23 12:16:15 [main] INFO  l.i.u.p.SubmittedApplicationsPage - Manual close attempt for the dropdown using body click.
2025-01-23 12:16:15 [main] DEBUG l.i.u.t.SubmittedApplicationsPageTest - Entered Address into the input field.
2025-01-23 12:16:16 [main] DEBUG l.i.u.t.SubmittedApplicationsPageTest - Entered Address into the input field.
2025-01-23 12:16:16 [main] INFO  l.i.u.p.SubmittedApplicationsPage - Located the dropdown button.
2025-01-23 12:16:17 [main] DEBUG l.i.u.t.SubmittedApplicationsPageTest - Selected the value: 'Administratoriai'
2025-01-23 12:16:17 [main] INFO  l.i.u.t.SubmittedApplicationsPageTest - Test 'testFillNewApplication' completed successfully.
2025-01-23 12:28:44 [main] INFO  lt.insoft.uztis.tests.UztisPageTest - Navigated to https://uztisdev.asseco.lt/home
2025-01-23 12:28:45 [main] INFO  l.i.u.t.SubmittedApplicationsPageTest - Starting test:'testFillNewApplication'
2025-01-23 12:28:45 [main] DEBUG l.i.u.t.SubmittedApplicationsPageTest - User logged in with test credentials
2025-01-23 12:28:45 [main] DEBUG l.i.u.t.SubmittedApplicationsPageTest - Opened 'Application Processing' menu.
2025-01-23 12:28:46 [main] DEBUG l.i.u.t.SubmittedApplicationsPageTest - Clicked on 'Application Forms' menu.
2025-01-23 12:28:46 [main] DEBUG l.i.u.t.SubmittedApplicationsPageTest - Retrieved last description code text: 'TST-VUI-81'.
2025-01-23 12:28:46 [main] DEBUG l.i.u.t.SubmittedApplicationsPageTest - Clicked on 'Invitation' menu.
2025-01-23 12:28:47 [main] DEBUG l.i.u.t.SubmittedApplicationsPageTest - Selected application section by code: 'TST-VUI-81'.
2025-01-23 12:28:47 [main] DEBUG l.i.u.t.SubmittedApplicationsPageTest - Clicked 'Search' button.
2025-01-23 12:28:47 [main] DEBUG l.i.u.t.SubmittedApplicationsPageTest - Retrieved invitation code: ''.
2025-01-23 12:28:47 [main] DEBUG l.i.u.t.SubmittedApplicationsPageTest - Clicked on 'Submitted Applications' menu.
2025-01-23 12:28:48 [main] DEBUG l.i.u.t.SubmittedApplicationsPageTest - Selected invitation by code: 'TST-VUI-81'.
2025-01-23 12:28:48 [main] DEBUG l.i.u.t.SubmittedApplicationsPageTest - Clicked on 'Action Application' button.
2025-01-23 12:28:48 [main] DEBUG l.i.u.t.SubmittedApplicationsPageTest - Clicked on 'New Application' button.
2025-01-23 12:28:49 [main] DEBUG l.i.u.t.SubmittedApplicationsPageTest - Clicked on 'RadioButtonFA' button.
2025-01-23 12:28:49 [main] DEBUG l.i.u.t.SubmittedApplicationsPageTest - Entered phone number into the input field.
2025-01-23 12:28:49 [main] DEBUG l.i.u.t.SubmittedApplicationsPageTest - Entered eMail into the input field.
2025-01-23 12:28:49 [main] INFO  l.i.u.p.SubmittedApplicationsPage - Located the dropdown button.
2025-01-23 12:29:06 [main] INFO  l.i.u.p.SubmittedApplicationsPage - Found 1741 options in the dropdown.
2025-01-23 12:29:07 [main] INFO  l.i.u.p.SubmittedApplicationsPage - Successfully selected the value: '01.11 - Grūdinių (išskyrus ryžius), ankštinių ir aliejingų sėklų augalų auginimas'
2025-01-23 12:29:17 [main] ERROR l.i.u.p.SubmittedApplicationsPage - Failed to close the dropdown with aria-expanded = 'false'. Attempting manual close.
2025-01-23 12:29:17 [main] INFO  l.i.u.p.SubmittedApplicationsPage - Manual close attempt for the dropdown using body click.
2025-01-23 12:29:17 [main] DEBUG l.i.u.t.SubmittedApplicationsPageTest - Entered Address into the input field.
2025-01-23 12:29:18 [main] DEBUG l.i.u.t.SubmittedApplicationsPageTest - Entered Address into the input field.
2025-01-23 12:29:18 [main] INFO  l.i.u.p.SubmittedApplicationsPage - Located the dropdown button.
2025-01-23 12:29:19 [main] DEBUG l.i.u.t.SubmittedApplicationsPageTest - Selected the value: 'Administratoriai'
2025-01-23 12:29:19 [main] ERROR l.i.u.t.SubmittedApplicationsPageTest - Test 'testFillNewApplication' failed with error: invalid element state
  (Session info: chrome=131.0.6778.265)
Build info: version: '4.27.0', revision: 'd6e718d134'
System info: os.name: 'Windows 11', os.arch: 'amd64', os.version: '10.0', java.version: '21.0.3'
Driver info: org.openqa.selenium.chrome.ChromeDriver
Command: [5315e8f46e371965ba12361c81198052, clearElement {id=f.1882FFCE8C506DF9CC82C8974F7CD1FC.d.A096C6E6480D37C17F85FF166E89D553.e.2084}]
Capabilities {acceptInsecureCerts: false, browserName: chrome, browserVersion: 131.0.6778.265, chrome: {chromedriverVersion: 131.0.6778.264 (2d05e315153..., userDataDir: C:\Users\INGRID~1.ZAD\AppDa...}, fedcm:accounts: true, goog:chromeOptions: {debuggerAddress: localhost:62066}, networkConnectionEnabled: false, pageLoadStrategy: normal, platformName: windows, proxy: Proxy(), se:cdp: ws://localhost:62066/devtoo..., se:cdpVersion: 131.0.6778.265, setWindowRect: true, strictFileInteractability: false, timeouts: {implicit: 0, pageLoad: 300000, script: 30000}, unhandledPromptBehavior: dismiss and notify, webauthn:extension:credBlob: true, webauthn:extension:largeBlob: true, webauthn:extension:minPinLength: true, webauthn:extension:prf: true, webauthn:virtualAuthenticators: true}
Element: [[ChromeDriver: chrome on windows (5315e8f46e371965ba12361c81198052)] -> xpath: //mat-label[contains(text(), 'Darbo funkcijos (pareigybės aprašymas)')]]
Session ID: 5315e8f46e371965ba12361c81198052
org.openqa.selenium.InvalidElementStateException: invalid element state
  (Session info: chrome=131.0.6778.265)
Build info: version: '4.27.0', revision: 'd6e718d134'
System info: os.name: 'Windows 11', os.arch: 'amd64', os.version: '10.0', java.version: '21.0.3'
Driver info: org.openqa.selenium.chrome.ChromeDriver
Command: [5315e8f46e371965ba12361c81198052, clearElement {id=f.1882FFCE8C506DF9CC82C8974F7CD1FC.d.A096C6E6480D37C17F85FF166E89D553.e.2084}]
Capabilities {acceptInsecureCerts: false, browserName: chrome, browserVersion: 131.0.6778.265, chrome: {chromedriverVersion: 131.0.6778.264 (2d05e315153..., userDataDir: C:\Users\INGRID~1.ZAD\AppDa...}, fedcm:accounts: true, goog:chromeOptions: {debuggerAddress: localhost:62066}, networkConnectionEnabled: false, pageLoadStrategy: normal, platformName: windows, proxy: Proxy(), se:cdp: ws://localhost:62066/devtoo..., se:cdpVersion: 131.0.6778.265, setWindowRect: true, strictFileInteractability: false, timeouts: {implicit: 0, pageLoad: 300000, script: 30000}, unhandledPromptBehavior: dismiss and notify, webauthn:extension:credBlob: true, webauthn:extension:largeBlob: true, webauthn:extension:minPinLength: true, webauthn:extension:prf: true, webauthn:virtualAuthenticators: true}
Element: [[ChromeDriver: chrome on windows (5315e8f46e371965ba12361c81198052)] -> xpath: //mat-label[contains(text(), 'Darbo funkcijos (pareigybės aprašymas)')]]
Session ID: 5315e8f46e371965ba12361c81198052
	at java.base/jdk.internal.reflect.DirectConstructorHandleAccessor.newInstance(DirectConstructorHandleAccessor.java:62)
	at java.base/java.lang.reflect.Constructor.newInstanceWithCaller(Constructor.java:502)
	at java.base/java.lang.reflect.Constructor.newInstance(Constructor.java:486)
	at org.openqa.selenium.remote.ErrorCodec.decode(ErrorCodec.java:167)
	at org.openqa.selenium.remote.codec.w3c.W3CHttpResponseCodec.decode(W3CHttpResponseCodec.java:138)
	at org.openqa.selenium.remote.codec.w3c.W3CHttpResponseCodec.decode(W3CHttpResponseCodec.java:50)
	at org.openqa.selenium.remote.HttpCommandExecutor.execute(HttpCommandExecutor.java:190)
	at org.openqa.selenium.remote.service.DriverCommandExecutor.invokeExecute(DriverCommandExecutor.java:216)
	at org.openqa.selenium.remote.service.DriverCommandExecutor.execute(DriverCommandExecutor.java:174)
	at org.openqa.selenium.remote.RemoteWebDriver.execute(RemoteWebDriver.java:545)
	at org.openqa.selenium.remote.RemoteWebElement.execute(RemoteWebElement.java:223)
	at org.openqa.selenium.remote.RemoteWebElement.clear(RemoteWebElement.java:129)
	at java.base/jdk.internal.reflect.DirectMethodHandleAccessor.invoke(DirectMethodHandleAccessor.java:103)
	at java.base/java.lang.reflect.Method.invoke(Method.java:580)
	at org.openqa.selenium.support.pagefactory.internal.LocatingElementHandler.invoke(LocatingElementHandler.java:51)
	at jdk.proxy2/jdk.proxy2.$Proxy14.clear(Unknown Source)
	at lt.insoft.uztis.pages.SubmittedApplicationsPage.enterInputJobFunction(SubmittedApplicationsPage.java:257)
	at lt.insoft.uztis.tests.SubmittedApplicationsPageTest.testFillNewApplication(SubmittedApplicationsPageTest.java:178)
	at java.base/jdk.internal.reflect.DirectMethodHandleAccessor.invoke(DirectMethodHandleAccessor.java:103)
	at java.base/java.lang.reflect.Method.invoke(Method.java:580)
	at org.junit.platform.commons.util.ReflectionUtils.invokeMethod(ReflectionUtils.java:728)
	at org.junit.jupiter.engine.execution.MethodInvocation.proceed(MethodInvocation.java:60)
	at org.junit.jupiter.engine.execution.InvocationInterceptorChain$ValidatingInvocation.proceed(InvocationInterceptorChain.java:131)
	at org.junit.jupiter.engine.extension.TimeoutExtension.intercept(TimeoutExtension.java:156)
	at org.junit.jupiter.engine.extension.TimeoutExtension.interceptTestableMethod(TimeoutExtension.java:147)
	at org.junit.jupiter.engine.extension.TimeoutExtension.interceptTestMethod(TimeoutExtension.java:86)
	at org.junit.jupiter.engine.execution.InterceptingExecutableInvoker$ReflectiveInterceptorCall.lambda$ofVoidMethod$0(InterceptingExecutableInvoker.java:103)
	at org.junit.jupiter.engine.execution.InterceptingExecutableInvoker.lambda$invoke$0(InterceptingExecutableInvoker.java:93)
	at org.junit.jupiter.engine.execution.InvocationInterceptorChain$InterceptedInvocation.proceed(InvocationInterceptorChain.java:106)
	at org.junit.jupiter.engine.execution.InvocationInterceptorChain.proceed(InvocationInterceptorChain.java:64)
	at org.junit.jupiter.engine.execution.InvocationInterceptorChain.chainAndInvoke(InvocationInterceptorChain.java:45)
	at org.junit.jupiter.engine.execution.InvocationInterceptorChain.invoke(InvocationInterceptorChain.java:37)
	at org.junit.jupiter.engine.execution.InterceptingExecutableInvoker.invoke(InterceptingExecutableInvoker.java:92)
	at org.junit.jupiter.engine.execution.InterceptingExecutableInvoker.invoke(InterceptingExecutableInvoker.java:86)
	at org.junit.jupiter.engine.descriptor.TestMethodTestDescriptor.lambda$invokeTestMethod$7(TestMethodTestDescriptor.java:218)
	at org.junit.platform.engine.support.hierarchical.ThrowableCollector.execute(ThrowableCollector.java:73)
	at org.junit.jupiter.engine.descriptor.TestMethodTestDescriptor.invokeTestMethod(TestMethodTestDescriptor.java:214)
	at org.junit.jupiter.engine.descriptor.TestMethodTestDescriptor.execute(TestMethodTestDescriptor.java:139)
	at org.junit.jupiter.engine.descriptor.TestMethodTestDescriptor.execute(TestMethodTestDescriptor.java:69)
	at org.junit.platform.engine.support.hierarchical.NodeTestTask.lambda$executeRecursively$6(NodeTestTask.java:151)
	at org.junit.platform.engine.support.hierarchical.ThrowableCollector.execute(ThrowableCollector.java:73)
	at org.junit.platform.engine.support.hierarchical.NodeTestTask.lambda$executeRecursively$8(NodeTestTask.java:141)
	at org.junit.platform.engine.support.hierarchical.Node.around(Node.java:137)
	at org.junit.platform.engine.support.hierarchical.NodeTestTask.lambda$executeRecursively$9(NodeTestTask.java:139)
	at org.junit.platform.engine.support.hierarchical.ThrowableCollector.execute(ThrowableCollector.java:73)
	at org.junit.platform.engine.support.hierarchical.NodeTestTask.executeRecursively(NodeTestTask.java:138)
	at org.junit.platform.engine.support.hierarchical.NodeTestTask.execute(NodeTestTask.java:95)
	at java.base/java.util.ArrayList.forEach(ArrayList.java:1596)
	at org.junit.platform.engine.support.hierarchical.SameThreadHierarchicalTestExecutorService.invokeAll(SameThreadHierarchicalTestExecutorService.java:41)
	at org.junit.platform.engine.support.hierarchical.NodeTestTask.lambda$executeRecursively$6(NodeTestTask.java:155)
	at org.junit.platform.engine.support.hierarchical.ThrowableCollector.execute(ThrowableCollector.java:73)
	at org.junit.platform.engine.support.hierarchical.NodeTestTask.lambda$executeRecursively$8(NodeTestTask.java:141)
	at org.junit.platform.engine.support.hierarchical.Node.around(Node.java:137)
	at org.junit.platform.engine.support.hierarchical.NodeTestTask.lambda$executeRecursively$9(NodeTestTask.java:139)
	at org.junit.platform.engine.support.hierarchical.ThrowableCollector.execute(ThrowableCollector.java:73)
	at org.junit.platform.engine.support.hierarchical.NodeTestTask.executeRecursively(NodeTestTask.java:138)
	at org.junit.platform.engine.support.hierarchical.NodeTestTask.execute(NodeTestTask.java:95)
	at java.base/java.util.ArrayList.forEach(ArrayList.java:1596)
	at org.junit.platform.engine.support.hierarchical.SameThreadHierarchicalTestExecutorService.invokeAll(SameThreadHierarchicalTestExecutorService.java:41)
	at org.junit.platform.engine.support.hierarchical.NodeTestTask.lambda$executeRecursively$6(NodeTestTask.java:155)
	at org.junit.platform.engine.support.hierarchical.ThrowableCollector.execute(ThrowableCollector.java:73)
	at org.junit.platform.engine.support.hierarchical.NodeTestTask.lambda$executeRecursively$8(NodeTestTask.java:141)
	at org.junit.platform.engine.support.hierarchical.Node.around(Node.java:137)
	at org.junit.platform.engine.support.hierarchical.NodeTestTask.lambda$executeRecursively$9(NodeTestTask.java:139)
	at org.junit.platform.engine.support.hierarchical.ThrowableCollector.execute(ThrowableCollector.java:73)
	at org.junit.platform.engine.support.hierarchical.NodeTestTask.executeRecursively(NodeTestTask.java:138)
	at org.junit.platform.engine.support.hierarchical.NodeTestTask.execute(NodeTestTask.java:95)
	at org.junit.platform.engine.support.hierarchical.SameThreadHierarchicalTestExecutorService.submit(SameThreadHierarchicalTestExecutorService.java:35)
	at org.junit.platform.engine.support.hierarchical.HierarchicalTestExecutor.execute(HierarchicalTestExecutor.java:57)
	at org.junit.platform.engine.support.hierarchical.HierarchicalTestEngine.execute(HierarchicalTestEngine.java:54)
	at org.junit.platform.launcher.core.EngineExecutionOrchestrator.execute(EngineExecutionOrchestrator.java:198)
	at org.junit.platform.launcher.core.EngineExecutionOrchestrator.execute(EngineExecutionOrchestrator.java:169)
	at org.junit.platform.launcher.core.EngineExecutionOrchestrator.execute(EngineExecutionOrchestrator.java:93)
	at org.junit.platform.launcher.core.EngineExecutionOrchestrator.lambda$execute$0(EngineExecutionOrchestrator.java:58)
	at org.junit.platform.launcher.core.EngineExecutionOrchestrator.withInterceptedStreams(EngineExecutionOrchestrator.java:141)
	at org.junit.platform.launcher.core.EngineExecutionOrchestrator.execute(EngineExecutionOrchestrator.java:57)
	at org.junit.platform.launcher.core.DefaultLauncher.execute(DefaultLauncher.java:103)
	at org.junit.platform.launcher.core.DefaultLauncher.execute(DefaultLauncher.java:85)
	at org.junit.platform.launcher.core.DelegatingLauncher.execute(DelegatingLauncher.java:47)
	at org.junit.platform.launcher.core.SessionPerRequestLauncher.execute(SessionPerRequestLauncher.java:63)
	at com.intellij.junit5.JUnit5IdeaTestRunner.startRunnerWithArgs(JUnit5IdeaTestRunner.java:57)
	at com.intellij.rt.junit.IdeaTestRunner$Repeater$1.execute(IdeaTestRunner.java:38)
	at com.intellij.rt.execution.junit.TestsRepeater.repeat(TestsRepeater.java:11)
	at com.intellij.rt.junit.IdeaTestRunner$Repeater.startRunnerWithArgs(IdeaTestRunner.java:35)
	at com.intellij.rt.junit.JUnitStarter.prepareStreamsAndStart(JUnitStarter.java:232)
	at com.intellij.rt.junit.JUnitStarter.main(JUnitStarter.java:55)
2025-01-23 12:29:20 [main] INFO  l.insoft.uztis.tests.utils.TestUtils - Screenshot moved to C:\Users\ingrida.zadorozniene\Desktop\Asm\UZTIS\UZTIS_tests\test-output\screenshots\20250123\122920126_testFillNewApplication().png
2025-01-23 12:30:48 [main] INFO  lt.insoft.uztis.tests.UztisPageTest - Navigated to https://uztisdev.asseco.lt/home
2025-01-23 12:30:48 [main] INFO  l.i.u.t.SubmittedApplicationsPageTest - Starting test:'testFillNewApplication'
2025-01-23 12:30:49 [main] DEBUG l.i.u.t.SubmittedApplicationsPageTest - User logged in with test credentials
2025-01-23 12:30:49 [main] DEBUG l.i.u.t.SubmittedApplicationsPageTest - Opened 'Application Processing' menu.
2025-01-23 12:30:49 [main] DEBUG l.i.u.t.SubmittedApplicationsPageTest - Clicked on 'Application Forms' menu.
2025-01-23 12:30:50 [main] DEBUG l.i.u.t.SubmittedApplicationsPageTest - Retrieved last description code text: 'TST-VUI-81'.
2025-01-23 12:30:50 [main] DEBUG l.i.u.t.SubmittedApplicationsPageTest - Clicked on 'Invitation' menu.
2025-01-23 12:30:50 [main] DEBUG l.i.u.t.SubmittedApplicationsPageTest - Selected application section by code: 'TST-VUI-81'.
2025-01-23 12:30:51 [main] DEBUG l.i.u.t.SubmittedApplicationsPageTest - Clicked 'Search' button.
2025-01-23 12:30:51 [main] DEBUG l.i.u.t.SubmittedApplicationsPageTest - Retrieved invitation code: ''.
2025-01-23 12:30:51 [main] DEBUG l.i.u.t.SubmittedApplicationsPageTest - Clicked on 'Submitted Applications' menu.
2025-01-23 12:30:51 [main] DEBUG l.i.u.t.SubmittedApplicationsPageTest - Selected invitation by code: 'TST-VUI-81'.
2025-01-23 12:30:52 [main] DEBUG l.i.u.t.SubmittedApplicationsPageTest - Clicked on 'Action Application' button.
2025-01-23 12:30:52 [main] DEBUG l.i.u.t.SubmittedApplicationsPageTest - Clicked on 'New Application' button.
2025-01-23 12:30:52 [main] DEBUG l.i.u.t.SubmittedApplicationsPageTest - Clicked on 'RadioButtonFA' button.
2025-01-23 12:30:53 [main] DEBUG l.i.u.t.SubmittedApplicationsPageTest - Entered phone number into the input field.
2025-01-23 12:30:53 [main] DEBUG l.i.u.t.SubmittedApplicationsPageTest - Entered eMail into the input field.
2025-01-23 12:30:53 [main] INFO  l.i.u.p.SubmittedApplicationsPage - Located the dropdown button.
2025-01-23 12:31:12 [main] INFO  l.i.u.p.SubmittedApplicationsPage - Found 1741 options in the dropdown.
2025-01-23 12:31:12 [main] INFO  l.i.u.p.SubmittedApplicationsPage - Successfully selected the value: '01.11 - Grūdinių (išskyrus ryžius), ankštinių ir aliejingų sėklų augalų auginimas'
2025-01-23 12:31:22 [main] ERROR l.i.u.p.SubmittedApplicationsPage - Failed to close the dropdown with aria-expanded = 'false'. Attempting manual close.
2025-01-23 12:31:23 [main] INFO  l.i.u.p.SubmittedApplicationsPage - Manual close attempt for the dropdown using body click.
2025-01-23 12:31:23 [main] DEBUG l.i.u.t.SubmittedApplicationsPageTest - Entered Address into the input field.
2025-01-23 12:31:23 [main] DEBUG l.i.u.t.SubmittedApplicationsPageTest - Entered Address into the input field.
2025-01-23 12:31:23 [main] INFO  l.i.u.p.SubmittedApplicationsPage - Located the dropdown button.
2025-01-23 12:31:25 [main] DEBUG l.i.u.t.SubmittedApplicationsPageTest - Selected the value: 'Administratoriai'
2025-01-23 12:31:25 [main] ERROR l.i.u.t.SubmittedApplicationsPageTest - Test 'testFillNewApplication' failed with error: invalid selector
from javascript error: {"status":32,"value":"Unable to locate an element with the xpath expression //mat-form-field[contains(.//label, ' Darbo funkcijos (pareigybės aprašymas)]//input because of the following error:\nSyntaxError: Failed to execute 'evaluate' on 'Document': The string '//mat-form-field[contains(.//label, ' Darbo funkcijos (pareigybės aprašymas)]//input' is not a valid XPath expression."}
  (Session info: chrome=131.0.6778.265)
For documentation on this error, please visit: https://www.selenium.dev/documentation/webdriver/troubleshooting/errors#invalid-selector-exception
Build info: version: '4.27.0', revision: 'd6e718d134'
System info: os.name: 'Windows 11', os.arch: 'amd64', os.version: '10.0', java.version: '21.0.3'
Driver info: org.openqa.selenium.chrome.ChromeDriver
Command: [e618c4140c5ef878e575b987eea342ce, findElement {using=xpath, value=//mat-form-field[contains(.//label, ' Darbo funkcijos (pareigybės aprašymas)]//input}]
Capabilities {acceptInsecureCerts: false, browserName: chrome, browserVersion: 131.0.6778.265, chrome: {chromedriverVersion: 131.0.6778.264 (2d05e315153..., userDataDir: C:\Users\INGRID~1.ZAD\AppDa...}, fedcm:accounts: true, goog:chromeOptions: {debuggerAddress: localhost:62156}, networkConnectionEnabled: false, pageLoadStrategy: normal, platformName: windows, proxy: Proxy(), se:cdp: ws://localhost:62156/devtoo..., se:cdpVersion: 131.0.6778.265, setWindowRect: true, strictFileInteractability: false, timeouts: {implicit: 0, pageLoad: 300000, script: 30000}, unhandledPromptBehavior: dismiss and notify, webauthn:extension:credBlob: true, webauthn:extension:largeBlob: true, webauthn:extension:minPinLength: true, webauthn:extension:prf: true, webauthn:virtualAuthenticators: true}
Session ID: e618c4140c5ef878e575b987eea342ce
org.openqa.selenium.InvalidSelectorException: invalid selector
from javascript error: {"status":32,"value":"Unable to locate an element with the xpath expression //mat-form-field[contains(.//label, ' Darbo funkcijos (pareigybės aprašymas)]//input because of the following error:\nSyntaxError: Failed to execute 'evaluate' on 'Document': The string '//mat-form-field[contains(.//label, ' Darbo funkcijos (pareigybės aprašymas)]//input' is not a valid XPath expression."}
  (Session info: chrome=131.0.6778.265)
For documentation on this error, please visit: https://www.selenium.dev/documentation/webdriver/troubleshooting/errors#invalid-selector-exception
Build info: version: '4.27.0', revision: 'd6e718d134'
System info: os.name: 'Windows 11', os.arch: 'amd64', os.version: '10.0', java.version: '21.0.3'
Driver info: org.openqa.selenium.chrome.ChromeDriver
Command: [e618c4140c5ef878e575b987eea342ce, findElement {using=xpath, value=//mat-form-field[contains(.//label, ' Darbo funkcijos (pareigybės aprašymas)]//input}]
Capabilities {acceptInsecureCerts: false, browserName: chrome, browserVersion: 131.0.6778.265, chrome: {chromedriverVersion: 131.0.6778.264 (2d05e315153..., userDataDir: C:\Users\INGRID~1.ZAD\AppDa...}, fedcm:accounts: true, goog:chromeOptions: {debuggerAddress: localhost:62156}, networkConnectionEnabled: false, pageLoadStrategy: normal, platformName: windows, proxy: Proxy(), se:cdp: ws://localhost:62156/devtoo..., se:cdpVersion: 131.0.6778.265, setWindowRect: true, strictFileInteractability: false, timeouts: {implicit: 0, pageLoad: 300000, script: 30000}, unhandledPromptBehavior: dismiss and notify, webauthn:extension:credBlob: true, webauthn:extension:largeBlob: true, webauthn:extension:minPinLength: true, webauthn:extension:prf: true, webauthn:virtualAuthenticators: true}
Session ID: e618c4140c5ef878e575b987eea342ce
	at java.base/jdk.internal.reflect.DirectConstructorHandleAccessor.newInstance(DirectConstructorHandleAccessor.java:62)
	at java.base/java.lang.reflect.Constructor.newInstanceWithCaller(Constructor.java:502)
	at java.base/java.lang.reflect.Constructor.newInstance(Constructor.java:486)
	at org.openqa.selenium.remote.ErrorCodec.decode(ErrorCodec.java:167)
	at org.openqa.selenium.remote.codec.w3c.W3CHttpResponseCodec.decode(W3CHttpResponseCodec.java:138)
	at org.openqa.selenium.remote.codec.w3c.W3CHttpResponseCodec.decode(W3CHttpResponseCodec.java:50)
	at org.openqa.selenium.remote.HttpCommandExecutor.execute(HttpCommandExecutor.java:190)
	at org.openqa.selenium.remote.service.DriverCommandExecutor.invokeExecute(DriverCommandExecutor.java:216)
	at org.openqa.selenium.remote.service.DriverCommandExecutor.execute(DriverCommandExecutor.java:174)
	at org.openqa.selenium.remote.RemoteWebDriver.execute(RemoteWebDriver.java:545)
	at org.openqa.selenium.remote.ElementLocation$ElementFinder$2.findElement(ElementLocation.java:165)
	at org.openqa.selenium.remote.ElementLocation.findElement(ElementLocation.java:59)
	at org.openqa.selenium.remote.RemoteWebDriver.findElement(RemoteWebDriver.java:368)
	at org.openqa.selenium.remote.RemoteWebDriver.findElement(RemoteWebDriver.java:362)
	at org.openqa.selenium.support.pagefactory.DefaultElementLocator.findElement(DefaultElementLocator.java:68)
	at org.openqa.selenium.support.pagefactory.internal.LocatingElementHandler.invoke(LocatingElementHandler.java:38)
	at jdk.proxy2/jdk.proxy2.$Proxy14.clear(Unknown Source)
	at lt.insoft.uztis.pages.SubmittedApplicationsPage.enterInputJobFunction(SubmittedApplicationsPage.java:257)
	at lt.insoft.uztis.tests.SubmittedApplicationsPageTest.testFillNewApplication(SubmittedApplicationsPageTest.java:178)
	at java.base/jdk.internal.reflect.DirectMethodHandleAccessor.invoke(DirectMethodHandleAccessor.java:103)
	at java.base/java.lang.reflect.Method.invoke(Method.java:580)
	at org.junit.platform.commons.util.ReflectionUtils.invokeMethod(ReflectionUtils.java:728)
	at org.junit.jupiter.engine.execution.MethodInvocation.proceed(MethodInvocation.java:60)
	at org.junit.jupiter.engine.execution.InvocationInterceptorChain$ValidatingInvocation.proceed(InvocationInterceptorChain.java:131)
	at org.junit.jupiter.engine.extension.TimeoutExtension.intercept(TimeoutExtension.java:156)
	at org.junit.jupiter.engine.extension.TimeoutExtension.interceptTestableMethod(TimeoutExtension.java:147)
	at org.junit.jupiter.engine.extension.TimeoutExtension.interceptTestMethod(TimeoutExtension.java:86)
	at org.junit.jupiter.engine.execution.InterceptingExecutableInvoker$ReflectiveInterceptorCall.lambda$ofVoidMethod$0(InterceptingExecutableInvoker.java:103)
	at org.junit.jupiter.engine.execution.InterceptingExecutableInvoker.lambda$invoke$0(InterceptingExecutableInvoker.java:93)
	at org.junit.jupiter.engine.execution.InvocationInterceptorChain$InterceptedInvocation.proceed(InvocationInterceptorChain.java:106)
	at org.junit.jupiter.engine.execution.InvocationInterceptorChain.proceed(InvocationInterceptorChain.java:64)
	at org.junit.jupiter.engine.execution.InvocationInterceptorChain.chainAndInvoke(InvocationInterceptorChain.java:45)
	at org.junit.jupiter.engine.execution.InvocationInterceptorChain.invoke(InvocationInterceptorChain.java:37)
	at org.junit.jupiter.engine.execution.InterceptingExecutableInvoker.invoke(InterceptingExecutableInvoker.java:92)
	at org.junit.jupiter.engine.execution.InterceptingExecutableInvoker.invoke(InterceptingExecutableInvoker.java:86)
	at org.junit.jupiter.engine.descriptor.TestMethodTestDescriptor.lambda$invokeTestMethod$7(TestMethodTestDescriptor.java:218)
	at org.junit.platform.engine.support.hierarchical.ThrowableCollector.execute(ThrowableCollector.java:73)
	at org.junit.jupiter.engine.descriptor.TestMethodTestDescriptor.invokeTestMethod(TestMethodTestDescriptor.java:214)
	at org.junit.jupiter.engine.descriptor.TestMethodTestDescriptor.execute(TestMethodTestDescriptor.java:139)
	at org.junit.jupiter.engine.descriptor.TestMethodTestDescriptor.execute(TestMethodTestDescriptor.java:69)
	at org.junit.platform.engine.support.hierarchical.NodeTestTask.lambda$executeRecursively$6(NodeTestTask.java:151)
	at org.junit.platform.engine.support.hierarchical.ThrowableCollector.execute(ThrowableCollector.java:73)
	at org.junit.platform.engine.support.hierarchical.NodeTestTask.lambda$executeRecursively$8(NodeTestTask.java:141)
	at org.junit.platform.engine.support.hierarchical.Node.around(Node.java:137)
	at org.junit.platform.engine.support.hierarchical.NodeTestTask.lambda$executeRecursively$9(NodeTestTask.java:139)
	at org.junit.platform.engine.support.hierarchical.ThrowableCollector.execute(ThrowableCollector.java:73)
	at org.junit.platform.engine.support.hierarchical.NodeTestTask.executeRecursively(NodeTestTask.java:138)
	at org.junit.platform.engine.support.hierarchical.NodeTestTask.execute(NodeTestTask.java:95)
	at java.base/java.util.ArrayList.forEach(ArrayList.java:1596)
	at org.junit.platform.engine.support.hierarchical.SameThreadHierarchicalTestExecutorService.invokeAll(SameThreadHierarchicalTestExecutorService.java:41)
	at org.junit.platform.engine.support.hierarchical.NodeTestTask.lambda$executeRecursively$6(NodeTestTask.java:155)
	at org.junit.platform.engine.support.hierarchical.ThrowableCollector.execute(ThrowableCollector.java:73)
	at org.junit.platform.engine.support.hierarchical.NodeTestTask.lambda$executeRecursively$8(NodeTestTask.java:141)
	at org.junit.platform.engine.support.hierarchical.Node.around(Node.java:137)
	at org.junit.platform.engine.support.hierarchical.NodeTestTask.lambda$executeRecursively$9(NodeTestTask.java:139)
	at org.junit.platform.engine.support.hierarchical.ThrowableCollector.execute(ThrowableCollector.java:73)
	at org.junit.platform.engine.support.hierarchical.NodeTestTask.executeRecursively(NodeTestTask.java:138)
	at org.junit.platform.engine.support.hierarchical.NodeTestTask.execute(NodeTestTask.java:95)
	at java.base/java.util.ArrayList.forEach(ArrayList.java:1596)
	at org.junit.platform.engine.support.hierarchical.SameThreadHierarchicalTestExecutorService.invokeAll(SameThreadHierarchicalTestExecutorService.java:41)
	at org.junit.platform.engine.support.hierarchical.NodeTestTask.lambda$executeRecursively$6(NodeTestTask.java:155)
	at org.junit.platform.engine.support.hierarchical.ThrowableCollector.execute(ThrowableCollector.java:73)
	at org.junit.platform.engine.support.hierarchical.NodeTestTask.lambda$executeRecursively$8(NodeTestTask.java:141)
	at org.junit.platform.engine.support.hierarchical.Node.around(Node.java:137)
	at org.junit.platform.engine.support.hierarchical.NodeTestTask.lambda$executeRecursively$9(NodeTestTask.java:139)
	at org.junit.platform.engine.support.hierarchical.ThrowableCollector.execute(ThrowableCollector.java:73)
	at org.junit.platform.engine.support.hierarchical.NodeTestTask.executeRecursively(NodeTestTask.java:138)
	at org.junit.platform.engine.support.hierarchical.NodeTestTask.execute(NodeTestTask.java:95)
	at org.junit.platform.engine.support.hierarchical.SameThreadHierarchicalTestExecutorService.submit(SameThreadHierarchicalTestExecutorService.java:35)
	at org.junit.platform.engine.support.hierarchical.HierarchicalTestExecutor.execute(HierarchicalTestExecutor.java:57)
	at org.junit.platform.engine.support.hierarchical.HierarchicalTestEngine.execute(HierarchicalTestEngine.java:54)
	at org.junit.platform.launcher.core.EngineExecutionOrchestrator.execute(EngineExecutionOrchestrator.java:198)
	at org.junit.platform.launcher.core.EngineExecutionOrchestrator.execute(EngineExecutionOrchestrator.java:169)
	at org.junit.platform.launcher.core.EngineExecutionOrchestrator.execute(EngineExecutionOrchestrator.java:93)
	at org.junit.platform.launcher.core.EngineExecutionOrchestrator.lambda$execute$0(EngineExecutionOrchestrator.java:58)
	at org.junit.platform.launcher.core.EngineExecutionOrchestrator.withInterceptedStreams(EngineExecutionOrchestrator.java:141)
	at org.junit.platform.launcher.core.EngineExecutionOrchestrator.execute(EngineExecutionOrchestrator.java:57)
	at org.junit.platform.launcher.core.DefaultLauncher.execute(DefaultLauncher.java:103)
	at org.junit.platform.launcher.core.DefaultLauncher.execute(DefaultLauncher.java:85)
	at org.junit.platform.launcher.core.DelegatingLauncher.execute(DelegatingLauncher.java:47)
	at org.junit.platform.launcher.core.SessionPerRequestLauncher.execute(SessionPerRequestLauncher.java:63)
	at com.intellij.junit5.JUnit5IdeaTestRunner.startRunnerWithArgs(JUnit5IdeaTestRunner.java:57)
	at com.intellij.rt.junit.IdeaTestRunner$Repeater$1.execute(IdeaTestRunner.java:38)
	at com.intellij.rt.execution.junit.TestsRepeater.repeat(TestsRepeater.java:11)
	at com.intellij.rt.junit.IdeaTestRunner$Repeater.startRunnerWithArgs(IdeaTestRunner.java:35)
	at com.intellij.rt.junit.JUnitStarter.prepareStreamsAndStart(JUnitStarter.java:232)
	at com.intellij.rt.junit.JUnitStarter.main(JUnitStarter.java:55)
2025-01-23 12:31:25 [main] INFO  l.insoft.uztis.tests.utils.TestUtils - Screenshot moved to C:\Users\ingrida.zadorozniene\Desktop\Asm\UZTIS\UZTIS_tests\test-output\screenshots\20250123\123125404_testFillNewApplication().png
2025-01-23 12:33:41 [main] INFO  lt.insoft.uztis.tests.UztisPageTest - Navigated to https://uztisdev.asseco.lt/home
2025-01-23 12:33:41 [main] INFO  l.i.u.t.SubmittedApplicationsPageTest - Starting test:'testFillNewApplication'
2025-01-23 12:33:41 [main] DEBUG l.i.u.t.SubmittedApplicationsPageTest - User logged in with test credentials
2025-01-23 12:33:41 [main] DEBUG l.i.u.t.SubmittedApplicationsPageTest - Opened 'Application Processing' menu.
2025-01-23 12:33:41 [main] DEBUG l.i.u.t.SubmittedApplicationsPageTest - Clicked on 'Application Forms' menu.
2025-01-23 12:33:42 [main] DEBUG l.i.u.t.SubmittedApplicationsPageTest - Retrieved last description code text: 'TST-VUI-81'.
2025-01-23 12:33:42 [main] DEBUG l.i.u.t.SubmittedApplicationsPageTest - Clicked on 'Invitation' menu.
2025-01-23 12:33:43 [main] DEBUG l.i.u.t.SubmittedApplicationsPageTest - Selected application section by code: 'TST-VUI-81'.
2025-01-23 12:33:43 [main] DEBUG l.i.u.t.SubmittedApplicationsPageTest - Clicked 'Search' button.
2025-01-23 12:33:43 [main] DEBUG l.i.u.t.SubmittedApplicationsPageTest - Retrieved invitation code: ''.
2025-01-23 12:33:43 [main] DEBUG l.i.u.t.SubmittedApplicationsPageTest - Clicked on 'Submitted Applications' menu.
2025-01-23 12:33:43 [main] DEBUG l.i.u.t.SubmittedApplicationsPageTest - Selected invitation by code: 'TST-VUI-81'.
2025-01-23 12:33:44 [main] DEBUG l.i.u.t.SubmittedApplicationsPageTest - Clicked on 'Action Application' button.
2025-01-23 12:33:44 [main] DEBUG l.i.u.t.SubmittedApplicationsPageTest - Clicked on 'New Application' button.
2025-01-23 12:33:44 [main] DEBUG l.i.u.t.SubmittedApplicationsPageTest - Clicked on 'RadioButtonFA' button.
2025-01-23 12:33:44 [main] DEBUG l.i.u.t.SubmittedApplicationsPageTest - Entered phone number into the input field.
2025-01-23 12:33:45 [main] DEBUG l.i.u.t.SubmittedApplicationsPageTest - Entered eMail into the input field.
2025-01-23 12:33:45 [main] INFO  l.i.u.p.SubmittedApplicationsPage - Located the dropdown button.
2025-01-23 12:34:02 [main] INFO  l.i.u.p.SubmittedApplicationsPage - Found 1741 options in the dropdown.
2025-01-23 12:34:02 [main] INFO  l.i.u.p.SubmittedApplicationsPage - Successfully selected the value: '01.11 - Grūdinių (išskyrus ryžius), ankštinių ir aliejingų sėklų augalų auginimas'
2025-01-23 12:34:12 [main] ERROR l.i.u.p.SubmittedApplicationsPage - Failed to close the dropdown with aria-expanded = 'false'. Attempting manual close.
2025-01-23 12:34:13 [main] INFO  l.i.u.p.SubmittedApplicationsPage - Manual close attempt for the dropdown using body click.
2025-01-23 12:34:13 [main] DEBUG l.i.u.t.SubmittedApplicationsPageTest - Entered Address into the input field.
2025-01-23 12:34:13 [main] DEBUG l.i.u.t.SubmittedApplicationsPageTest - Entered Address into the input field.
2025-01-23 12:34:14 [main] INFO  l.i.u.p.SubmittedApplicationsPage - Located the dropdown button.
2025-01-23 12:34:15 [main] DEBUG l.i.u.t.SubmittedApplicationsPageTest - Selected the value: 'Administratoriai'
2025-01-23 12:34:15 [main] ERROR l.i.u.t.SubmittedApplicationsPageTest - Test 'testFillNewApplication' failed with error: invalid selector
from javascript error: {"status":32,"value":"The result of the xpath expression \"//mat-label[contains(text(), 'Darbo funkcijos (pareigybės aprašymas)')]/ancestor::label/@for\" is: [object Attr]. It should be an element."}
  (Session info: chrome=131.0.6778.265)
For documentation on this error, please visit: https://www.selenium.dev/documentation/webdriver/troubleshooting/errors#invalid-selector-exception
Build info: version: '4.27.0', revision: 'd6e718d134'
System info: os.name: 'Windows 11', os.arch: 'amd64', os.version: '10.0', java.version: '21.0.3'
Driver info: org.openqa.selenium.chrome.ChromeDriver
Command: [2aef6808c139ed07a986e65c8ef2f6ee, findElement {value=//mat-label[contains(text(), 'Darbo funkcijos (pareigybės aprašymas)')]/ancestor::label/@for, using=xpath}]
Capabilities {acceptInsecureCerts: false, browserName: chrome, browserVersion: 131.0.6778.265, chrome: {chromedriverVersion: 131.0.6778.264 (2d05e315153..., userDataDir: C:\Users\INGRID~1.ZAD\AppDa...}, fedcm:accounts: true, goog:chromeOptions: {debuggerAddress: localhost:62258}, networkConnectionEnabled: false, pageLoadStrategy: normal, platformName: windows, proxy: Proxy(), se:cdp: ws://localhost:62258/devtoo..., se:cdpVersion: 131.0.6778.265, setWindowRect: true, strictFileInteractability: false, timeouts: {implicit: 0, pageLoad: 300000, script: 30000}, unhandledPromptBehavior: dismiss and notify, webauthn:extension:credBlob: true, webauthn:extension:largeBlob: true, webauthn:extension:minPinLength: true, webauthn:extension:prf: true, webauthn:virtualAuthenticators: true}
Session ID: 2aef6808c139ed07a986e65c8ef2f6ee
org.openqa.selenium.InvalidSelectorException: invalid selector
from javascript error: {"status":32,"value":"The result of the xpath expression \"//mat-label[contains(text(), 'Darbo funkcijos (pareigybės aprašymas)')]/ancestor::label/@for\" is: [object Attr]. It should be an element."}
  (Session info: chrome=131.0.6778.265)
For documentation on this error, please visit: https://www.selenium.dev/documentation/webdriver/troubleshooting/errors#invalid-selector-exception
Build info: version: '4.27.0', revision: 'd6e718d134'
System info: os.name: 'Windows 11', os.arch: 'amd64', os.version: '10.0', java.version: '21.0.3'
Driver info: org.openqa.selenium.chrome.ChromeDriver
Command: [2aef6808c139ed07a986e65c8ef2f6ee, findElement {value=//mat-label[contains(text(), 'Darbo funkcijos (pareigybės aprašymas)')]/ancestor::label/@for, using=xpath}]
Capabilities {acceptInsecureCerts: false, browserName: chrome, browserVersion: 131.0.6778.265, chrome: {chromedriverVersion: 131.0.6778.264 (2d05e315153..., userDataDir: C:\Users\INGRID~1.ZAD\AppDa...}, fedcm:accounts: true, goog:chromeOptions: {debuggerAddress: localhost:62258}, networkConnectionEnabled: false, pageLoadStrategy: normal, platformName: windows, proxy: Proxy(), se:cdp: ws://localhost:62258/devtoo..., se:cdpVersion: 131.0.6778.265, setWindowRect: true, strictFileInteractability: false, timeouts: {implicit: 0, pageLoad: 300000, script: 30000}, unhandledPromptBehavior: dismiss and notify, webauthn:extension:credBlob: true, webauthn:extension:largeBlob: true, webauthn:extension:minPinLength: true, webauthn:extension:prf: true, webauthn:virtualAuthenticators: true}
Session ID: 2aef6808c139ed07a986e65c8ef2f6ee
	at java.base/jdk.internal.reflect.DirectConstructorHandleAccessor.newInstance(DirectConstructorHandleAccessor.java:62)
	at java.base/java.lang.reflect.Constructor.newInstanceWithCaller(Constructor.java:502)
	at java.base/java.lang.reflect.Constructor.newInstance(Constructor.java:486)
	at org.openqa.selenium.remote.ErrorCodec.decode(ErrorCodec.java:167)
	at org.openqa.selenium.remote.codec.w3c.W3CHttpResponseCodec.decode(W3CHttpResponseCodec.java:138)
	at org.openqa.selenium.remote.codec.w3c.W3CHttpResponseCodec.decode(W3CHttpResponseCodec.java:50)
	at org.openqa.selenium.remote.HttpCommandExecutor.execute(HttpCommandExecutor.java:190)
	at org.openqa.selenium.remote.service.DriverCommandExecutor.invokeExecute(DriverCommandExecutor.java:216)
	at org.openqa.selenium.remote.service.DriverCommandExecutor.execute(DriverCommandExecutor.java:174)
	at org.openqa.selenium.remote.RemoteWebDriver.execute(RemoteWebDriver.java:545)
	at org.openqa.selenium.remote.ElementLocation$ElementFinder$2.findElement(ElementLocation.java:165)
	at org.openqa.selenium.remote.ElementLocation.findElement(ElementLocation.java:59)
	at org.openqa.selenium.remote.RemoteWebDriver.findElement(RemoteWebDriver.java:368)
	at org.openqa.selenium.remote.RemoteWebDriver.findElement(RemoteWebDriver.java:362)
	at org.openqa.selenium.support.pagefactory.DefaultElementLocator.findElement(DefaultElementLocator.java:68)
	at org.openqa.selenium.support.pagefactory.internal.LocatingElementHandler.invoke(LocatingElementHandler.java:38)
	at jdk.proxy2/jdk.proxy2.$Proxy14.clear(Unknown Source)
	at lt.insoft.uztis.pages.SubmittedApplicationsPage.enterInputJobFunction(SubmittedApplicationsPage.java:257)
	at lt.insoft.uztis.tests.SubmittedApplicationsPageTest.testFillNewApplication(SubmittedApplicationsPageTest.java:178)
	at java.base/jdk.internal.reflect.DirectMethodHandleAccessor.invoke(DirectMethodHandleAccessor.java:103)
	at java.base/java.lang.reflect.Method.invoke(Method.java:580)
	at org.junit.platform.commons.util.ReflectionUtils.invokeMethod(ReflectionUtils.java:728)
	at org.junit.jupiter.engine.execution.MethodInvocation.proceed(MethodInvocation.java:60)
	at org.junit.jupiter.engine.execution.InvocationInterceptorChain$ValidatingInvocation.proceed(InvocationInterceptorChain.java:131)
	at org.junit.jupiter.engine.extension.TimeoutExtension.intercept(TimeoutExtension.java:156)
	at org.junit.jupiter.engine.extension.TimeoutExtension.interceptTestableMethod(TimeoutExtension.java:147)
	at org.junit.jupiter.engine.extension.TimeoutExtension.interceptTestMethod(TimeoutExtension.java:86)
	at org.junit.jupiter.engine.execution.InterceptingExecutableInvoker$ReflectiveInterceptorCall.lambda$ofVoidMethod$0(InterceptingExecutableInvoker.java:103)
	at org.junit.jupiter.engine.execution.InterceptingExecutableInvoker.lambda$invoke$0(InterceptingExecutableInvoker.java:93)
	at org.junit.jupiter.engine.execution.InvocationInterceptorChain$InterceptedInvocation.proceed(InvocationInterceptorChain.java:106)
	at org.junit.jupiter.engine.execution.InvocationInterceptorChain.proceed(InvocationInterceptorChain.java:64)
	at org.junit.jupiter.engine.execution.InvocationInterceptorChain.chainAndInvoke(InvocationInterceptorChain.java:45)
	at org.junit.jupiter.engine.execution.InvocationInterceptorChain.invoke(InvocationInterceptorChain.java:37)
	at org.junit.jupiter.engine.execution.InterceptingExecutableInvoker.invoke(InterceptingExecutableInvoker.java:92)
	at org.junit.jupiter.engine.execution.InterceptingExecutableInvoker.invoke(InterceptingExecutableInvoker.java:86)
	at org.junit.jupiter.engine.descriptor.TestMethodTestDescriptor.lambda$invokeTestMethod$7(TestMethodTestDescriptor.java:218)
	at org.junit.platform.engine.support.hierarchical.ThrowableCollector.execute(ThrowableCollector.java:73)
	at org.junit.jupiter.engine.descriptor.TestMethodTestDescriptor.invokeTestMethod(TestMethodTestDescriptor.java:214)
	at org.junit.jupiter.engine.descriptor.TestMethodTestDescriptor.execute(TestMethodTestDescriptor.java:139)
	at org.junit.jupiter.engine.descriptor.TestMethodTestDescriptor.execute(TestMethodTestDescriptor.java:69)
	at org.junit.platform.engine.support.hierarchical.NodeTestTask.lambda$executeRecursively$6(NodeTestTask.java:151)
	at org.junit.platform.engine.support.hierarchical.ThrowableCollector.execute(ThrowableCollector.java:73)
	at org.junit.platform.engine.support.hierarchical.NodeTestTask.lambda$executeRecursively$8(NodeTestTask.java:141)
	at org.junit.platform.engine.support.hierarchical.Node.around(Node.java:137)
	at org.junit.platform.engine.support.hierarchical.NodeTestTask.lambda$executeRecursively$9(NodeTestTask.java:139)
	at org.junit.platform.engine.support.hierarchical.ThrowableCollector.execute(ThrowableCollector.java:73)
	at org.junit.platform.engine.support.hierarchical.NodeTestTask.executeRecursively(NodeTestTask.java:138)
	at org.junit.platform.engine.support.hierarchical.NodeTestTask.execute(NodeTestTask.java:95)
	at java.base/java.util.ArrayList.forEach(ArrayList.java:1596)
	at org.junit.platform.engine.support.hierarchical.SameThreadHierarchicalTestExecutorService.invokeAll(SameThreadHierarchicalTestExecutorService.java:41)
	at org.junit.platform.engine.support.hierarchical.NodeTestTask.lambda$executeRecursively$6(NodeTestTask.java:155)
	at org.junit.platform.engine.support.hierarchical.ThrowableCollector.execute(ThrowableCollector.java:73)
	at org.junit.platform.engine.support.hierarchical.NodeTestTask.lambda$executeRecursively$8(NodeTestTask.java:141)
	at org.junit.platform.engine.support.hierarchical.Node.around(Node.java:137)
	at org.junit.platform.engine.support.hierarchical.NodeTestTask.lambda$executeRecursively$9(NodeTestTask.java:139)
	at org.junit.platform.engine.support.hierarchical.ThrowableCollector.execute(ThrowableCollector.java:73)
	at org.junit.platform.engine.support.hierarchical.NodeTestTask.executeRecursively(NodeTestTask.java:138)
	at org.junit.platform.engine.support.hierarchical.NodeTestTask.execute(NodeTestTask.java:95)
	at java.base/java.util.ArrayList.forEach(ArrayList.java:1596)
	at org.junit.platform.engine.support.hierarchical.SameThreadHierarchicalTestExecutorService.invokeAll(SameThreadHierarchicalTestExecutorService.java:41)
	at org.junit.platform.engine.support.hierarchical.NodeTestTask.lambda$executeRecursively$6(NodeTestTask.java:155)
	at org.junit.platform.engine.support.hierarchical.ThrowableCollector.execute(ThrowableCollector.java:73)
	at org.junit.platform.engine.support.hierarchical.NodeTestTask.lambda$executeRecursively$8(NodeTestTask.java:141)
	at org.junit.platform.engine.support.hierarchical.Node.around(Node.java:137)
	at org.junit.platform.engine.support.hierarchical.NodeTestTask.lambda$executeRecursively$9(NodeTestTask.java:139)
	at org.junit.platform.engine.support.hierarchical.ThrowableCollector.execute(ThrowableCollector.java:73)
	at org.junit.platform.engine.support.hierarchical.NodeTestTask.executeRecursively(NodeTestTask.java:138)
	at org.junit.platform.engine.support.hierarchical.NodeTestTask.execute(NodeTestTask.java:95)
	at org.junit.platform.engine.support.hierarchical.SameThreadHierarchicalTestExecutorService.submit(SameThreadHierarchicalTestExecutorService.java:35)
	at org.junit.platform.engine.support.hierarchical.HierarchicalTestExecutor.execute(HierarchicalTestExecutor.java:57)
	at org.junit.platform.engine.support.hierarchical.HierarchicalTestEngine.execute(HierarchicalTestEngine.java:54)
	at org.junit.platform.launcher.core.EngineExecutionOrchestrator.execute(EngineExecutionOrchestrator.java:198)
	at org.junit.platform.launcher.core.EngineExecutionOrchestrator.execute(EngineExecutionOrchestrator.java:169)
	at org.junit.platform.launcher.core.EngineExecutionOrchestrator.execute(EngineExecutionOrchestrator.java:93)
	at org.junit.platform.launcher.core.EngineExecutionOrchestrator.lambda$execute$0(EngineExecutionOrchestrator.java:58)
	at org.junit.platform.launcher.core.EngineExecutionOrchestrator.withInterceptedStreams(EngineExecutionOrchestrator.java:141)
	at org.junit.platform.launcher.core.EngineExecutionOrchestrator.execute(EngineExecutionOrchestrator.java:57)
	at org.junit.platform.launcher.core.DefaultLauncher.execute(DefaultLauncher.java:103)
	at org.junit.platform.launcher.core.DefaultLauncher.execute(DefaultLauncher.java:85)
	at org.junit.platform.launcher.core.DelegatingLauncher.execute(DelegatingLauncher.java:47)
	at org.junit.platform.launcher.core.SessionPerRequestLauncher.execute(SessionPerRequestLauncher.java:63)
	at com.intellij.junit5.JUnit5IdeaTestRunner.startRunnerWithArgs(JUnit5IdeaTestRunner.java:57)
	at com.intellij.rt.junit.IdeaTestRunner$Repeater$1.execute(IdeaTestRunner.java:38)
	at com.intellij.rt.execution.junit.TestsRepeater.repeat(TestsRepeater.java:11)
	at com.intellij.rt.junit.IdeaTestRunner$Repeater.startRunnerWithArgs(IdeaTestRunner.java:35)
	at com.intellij.rt.junit.JUnitStarter.prepareStreamsAndStart(JUnitStarter.java:232)
	at com.intellij.rt.junit.JUnitStarter.main(JUnitStarter.java:55)
2025-01-23 12:34:15 [main] INFO  l.insoft.uztis.tests.utils.TestUtils - Screenshot moved to C:\Users\ingrida.zadorozniene\Desktop\Asm\UZTIS\UZTIS_tests\test-output\screenshots\20250123\123415515_testFillNewApplication().png
2025-01-23 12:35:54 [main] INFO  lt.insoft.uztis.tests.UztisPageTest - Navigated to https://uztisdev.asseco.lt/home
2025-01-23 12:35:54 [main] INFO  l.i.u.t.SubmittedApplicationsPageTest - Starting test:'testFillNewApplication'
2025-01-23 12:35:54 [main] DEBUG l.i.u.t.SubmittedApplicationsPageTest - User logged in with test credentials
2025-01-23 12:35:55 [main] DEBUG l.i.u.t.SubmittedApplicationsPageTest - Opened 'Application Processing' menu.
2025-01-23 12:35:55 [main] DEBUG l.i.u.t.SubmittedApplicationsPageTest - Clicked on 'Application Forms' menu.
2025-01-23 12:35:55 [main] DEBUG l.i.u.t.SubmittedApplicationsPageTest - Retrieved last description code text: 'TST-VUI-81'.
2025-01-23 12:35:55 [main] DEBUG l.i.u.t.SubmittedApplicationsPageTest - Clicked on 'Invitation' menu.
2025-01-23 12:35:56 [main] DEBUG l.i.u.t.SubmittedApplicationsPageTest - Selected application section by code: 'TST-VUI-81'.
2025-01-23 12:35:56 [main] DEBUG l.i.u.t.SubmittedApplicationsPageTest - Clicked 'Search' button.
2025-01-23 12:35:56 [main] DEBUG l.i.u.t.SubmittedApplicationsPageTest - Retrieved invitation code: ''.
2025-01-23 12:35:56 [main] DEBUG l.i.u.t.SubmittedApplicationsPageTest - Clicked on 'Submitted Applications' menu.
2025-01-23 12:35:57 [main] DEBUG l.i.u.t.SubmittedApplicationsPageTest - Selected invitation by code: 'TST-VUI-81'.
2025-01-23 12:35:57 [main] DEBUG l.i.u.t.SubmittedApplicationsPageTest - Clicked on 'Action Application' button.
2025-01-23 12:35:58 [main] DEBUG l.i.u.t.SubmittedApplicationsPageTest - Clicked on 'New Application' button.
2025-01-23 12:35:58 [main] DEBUG l.i.u.t.SubmittedApplicationsPageTest - Clicked on 'RadioButtonFA' button.
2025-01-23 12:35:58 [main] DEBUG l.i.u.t.SubmittedApplicationsPageTest - Entered phone number into the input field.
2025-01-23 12:35:58 [main] DEBUG l.i.u.t.SubmittedApplicationsPageTest - Entered eMail into the input field.
2025-01-23 12:35:58 [main] INFO  l.i.u.p.SubmittedApplicationsPage - Located the dropdown button.
2025-01-23 12:36:18 [main] INFO  l.i.u.p.SubmittedApplicationsPage - Found 1741 options in the dropdown.
2025-01-23 12:36:18 [main] INFO  l.i.u.p.SubmittedApplicationsPage - Successfully selected the value: '01.11 - Grūdinių (išskyrus ryžius), ankštinių ir aliejingų sėklų augalų auginimas'
2025-01-23 12:36:29 [main] ERROR l.i.u.p.SubmittedApplicationsPage - Failed to close the dropdown with aria-expanded = 'false'. Attempting manual close.
2025-01-23 12:36:29 [main] INFO  l.i.u.p.SubmittedApplicationsPage - Manual close attempt for the dropdown using body click.
2025-01-23 12:36:29 [main] DEBUG l.i.u.t.SubmittedApplicationsPageTest - Entered Address into the input field.
2025-01-23 12:36:29 [main] DEBUG l.i.u.t.SubmittedApplicationsPageTest - Entered Address into the input field.
2025-01-23 12:36:30 [main] INFO  l.i.u.p.SubmittedApplicationsPage - Located the dropdown button.
2025-01-23 12:36:31 [main] ERROR l.i.u.t.SubmittedApplicationsPageTest - Test 'testFillNewApplication' failed with error: element click intercepted: Element <mat-label>...</mat-label> is not clickable at point (1051, 177). Other element would receive the click: ...<span class="mat-mdc-select-placeholder mat-mdc-select-min-line ng-tns-c1073613477-35 ng-star-inserted"></span>
  (Session info: chrome=131.0.6778.265)
Build info: version: '4.27.0', revision: 'd6e718d134'
System info: os.name: 'Windows 11', os.arch: 'amd64', os.version: '10.0', java.version: '21.0.3'
Driver info: org.openqa.selenium.chrome.ChromeDriver
Command: [1a6769226afe8ba8cbfd8a7f738d6b2e, clickElement {id=f.2470D930649CE6519CC10DC620C4D77F.d.A7F53FB9D5A15CF51BAC9615189C7DEE.e.2056}]
Capabilities {acceptInsecureCerts: false, browserName: chrome, browserVersion: 131.0.6778.265, chrome: {chromedriverVersion: 131.0.6778.264 (2d05e315153..., userDataDir: C:\Users\INGRID~1.ZAD\AppDa...}, fedcm:accounts: true, goog:chromeOptions: {debuggerAddress: localhost:62343}, networkConnectionEnabled: false, pageLoadStrategy: normal, platformName: windows, proxy: Proxy(), se:cdp: ws://localhost:62343/devtoo..., se:cdpVersion: 131.0.6778.265, setWindowRect: true, strictFileInteractability: false, timeouts: {implicit: 0, pageLoad: 300000, script: 30000}, unhandledPromptBehavior: dismiss and notify, webauthn:extension:credBlob: true, webauthn:extension:largeBlob: true, webauthn:extension:minPinLength: true, webauthn:extension:prf: true, webauthn:virtualAuthenticators: true}
Element: [[ChromeDriver: chrome on windows (1a6769226afe8ba8cbfd8a7f738d6b2e)] -> xpath: //mat-label[contains(text(), 'Darbo vietos pavadinimas')]]
Session ID: 1a6769226afe8ba8cbfd8a7f738d6b2e
org.openqa.selenium.ElementClickInterceptedException: element click intercepted: Element <mat-label>...</mat-label> is not clickable at point (1051, 177). Other element would receive the click: ...<span class="mat-mdc-select-placeholder mat-mdc-select-min-line ng-tns-c1073613477-35 ng-star-inserted"></span>
  (Session info: chrome=131.0.6778.265)
Build info: version: '4.27.0', revision: 'd6e718d134'
System info: os.name: 'Windows 11', os.arch: 'amd64', os.version: '10.0', java.version: '21.0.3'
Driver info: org.openqa.selenium.chrome.ChromeDriver
Command: [1a6769226afe8ba8cbfd8a7f738d6b2e, clickElement {id=f.2470D930649CE6519CC10DC620C4D77F.d.A7F53FB9D5A15CF51BAC9615189C7DEE.e.2056}]
Capabilities {acceptInsecureCerts: false, browserName: chrome, browserVersion: 131.0.6778.265, chrome: {chromedriverVersion: 131.0.6778.264 (2d05e315153..., userDataDir: C:\Users\INGRID~1.ZAD\AppDa...}, fedcm:accounts: true, goog:chromeOptions: {debuggerAddress: localhost:62343}, networkConnectionEnabled: false, pageLoadStrategy: normal, platformName: windows, proxy: Proxy(), se:cdp: ws://localhost:62343/devtoo..., se:cdpVersion: 131.0.6778.265, setWindowRect: true, strictFileInteractability: false, timeouts: {implicit: 0, pageLoad: 300000, script: 30000}, unhandledPromptBehavior: dismiss and notify, webauthn:extension:credBlob: true, webauthn:extension:largeBlob: true, webauthn:extension:minPinLength: true, webauthn:extension:prf: true, webauthn:virtualAuthenticators: true}
Element: [[ChromeDriver: chrome on windows (1a6769226afe8ba8cbfd8a7f738d6b2e)] -> xpath: //mat-label[contains(text(), 'Darbo vietos pavadinimas')]]
Session ID: 1a6769226afe8ba8cbfd8a7f738d6b2e
	at java.base/jdk.internal.reflect.DirectConstructorHandleAccessor.newInstance(DirectConstructorHandleAccessor.java:62)
	at java.base/java.lang.reflect.Constructor.newInstanceWithCaller(Constructor.java:502)
	at java.base/java.lang.reflect.Constructor.newInstance(Constructor.java:486)
	at org.openqa.selenium.remote.ErrorCodec.decode(ErrorCodec.java:167)
	at org.openqa.selenium.remote.codec.w3c.W3CHttpResponseCodec.decode(W3CHttpResponseCodec.java:138)
	at org.openqa.selenium.remote.codec.w3c.W3CHttpResponseCodec.decode(W3CHttpResponseCodec.java:50)
	at org.openqa.selenium.remote.HttpCommandExecutor.execute(HttpCommandExecutor.java:190)
	at org.openqa.selenium.remote.service.DriverCommandExecutor.invokeExecute(DriverCommandExecutor.java:216)
	at org.openqa.selenium.remote.service.DriverCommandExecutor.execute(DriverCommandExecutor.java:174)
	at org.openqa.selenium.remote.RemoteWebDriver.execute(RemoteWebDriver.java:545)
	at org.openqa.selenium.remote.RemoteWebElement.execute(RemoteWebElement.java:223)
	at org.openqa.selenium.remote.RemoteWebElement.click(RemoteWebElement.java:76)
	at java.base/jdk.internal.reflect.DirectMethodHandleAccessor.invoke(DirectMethodHandleAccessor.java:103)
	at java.base/java.lang.reflect.Method.invoke(Method.java:580)
	at org.openqa.selenium.support.pagefactory.internal.LocatingElementHandler.invoke(LocatingElementHandler.java:51)
	at jdk.proxy2/jdk.proxy2.$Proxy14.click(Unknown Source)
	at lt.insoft.uztis.pages.SubmittedApplicationsPage.selectDropdownJobName(SubmittedApplicationsPage.java:246)
	at lt.insoft.uztis.tests.SubmittedApplicationsPageTest.testFillNewApplication(SubmittedApplicationsPageTest.java:174)
	at java.base/jdk.internal.reflect.DirectMethodHandleAccessor.invoke(DirectMethodHandleAccessor.java:103)
	at java.base/java.lang.reflect.Method.invoke(Method.java:580)
	at org.junit.platform.commons.util.ReflectionUtils.invokeMethod(ReflectionUtils.java:728)
	at org.junit.jupiter.engine.execution.MethodInvocation.proceed(MethodInvocation.java:60)
	at org.junit.jupiter.engine.execution.InvocationInterceptorChain$ValidatingInvocation.proceed(InvocationInterceptorChain.java:131)
	at org.junit.jupiter.engine.extension.TimeoutExtension.intercept(TimeoutExtension.java:156)
	at org.junit.jupiter.engine.extension.TimeoutExtension.interceptTestableMethod(TimeoutExtension.java:147)
	at org.junit.jupiter.engine.extension.TimeoutExtension.interceptTestMethod(TimeoutExtension.java:86)
	at org.junit.jupiter.engine.execution.InterceptingExecutableInvoker$ReflectiveInterceptorCall.lambda$ofVoidMethod$0(InterceptingExecutableInvoker.java:103)
	at org.junit.jupiter.engine.execution.InterceptingExecutableInvoker.lambda$invoke$0(InterceptingExecutableInvoker.java:93)
	at org.junit.jupiter.engine.execution.InvocationInterceptorChain$InterceptedInvocation.proceed(InvocationInterceptorChain.java:106)
	at org.junit.jupiter.engine.execution.InvocationInterceptorChain.proceed(InvocationInterceptorChain.java:64)
	at org.junit.jupiter.engine.execution.InvocationInterceptorChain.chainAndInvoke(InvocationInterceptorChain.java:45)
	at org.junit.jupiter.engine.execution.InvocationInterceptorChain.invoke(InvocationInterceptorChain.java:37)
	at org.junit.jupiter.engine.execution.InterceptingExecutableInvoker.invoke(InterceptingExecutableInvoker.java:92)
	at org.junit.jupiter.engine.execution.InterceptingExecutableInvoker.invoke(InterceptingExecutableInvoker.java:86)
	at org.junit.jupiter.engine.descriptor.TestMethodTestDescriptor.lambda$invokeTestMethod$7(TestMethodTestDescriptor.java:218)
	at org.junit.platform.engine.support.hierarchical.ThrowableCollector.execute(ThrowableCollector.java:73)
	at org.junit.jupiter.engine.descriptor.TestMethodTestDescriptor.invokeTestMethod(TestMethodTestDescriptor.java:214)
	at org.junit.jupiter.engine.descriptor.TestMethodTestDescriptor.execute(TestMethodTestDescriptor.java:139)
	at org.junit.jupiter.engine.descriptor.TestMethodTestDescriptor.execute(TestMethodTestDescriptor.java:69)
	at org.junit.platform.engine.support.hierarchical.NodeTestTask.lambda$executeRecursively$6(NodeTestTask.java:151)
	at org.junit.platform.engine.support.hierarchical.ThrowableCollector.execute(ThrowableCollector.java:73)
	at org.junit.platform.engine.support.hierarchical.NodeTestTask.lambda$executeRecursively$8(NodeTestTask.java:141)
	at org.junit.platform.engine.support.hierarchical.Node.around(Node.java:137)
	at org.junit.platform.engine.support.hierarchical.NodeTestTask.lambda$executeRecursively$9(NodeTestTask.java:139)
	at org.junit.platform.engine.support.hierarchical.ThrowableCollector.execute(ThrowableCollector.java:73)
	at org.junit.platform.engine.support.hierarchical.NodeTestTask.executeRecursively(NodeTestTask.java:138)
	at org.junit.platform.engine.support.hierarchical.NodeTestTask.execute(NodeTestTask.java:95)
	at java.base/java.util.ArrayList.forEach(ArrayList.java:1596)
	at org.junit.platform.engine.support.hierarchical.SameThreadHierarchicalTestExecutorService.invokeAll(SameThreadHierarchicalTestExecutorService.java:41)
	at org.junit.platform.engine.support.hierarchical.NodeTestTask.lambda$executeRecursively$6(NodeTestTask.java:155)
	at org.junit.platform.engine.support.hierarchical.ThrowableCollector.execute(ThrowableCollector.java:73)
	at org.junit.platform.engine.support.hierarchical.NodeTestTask.lambda$executeRecursively$8(NodeTestTask.java:141)
	at org.junit.platform.engine.support.hierarchical.Node.around(Node.java:137)
	at org.junit.platform.engine.support.hierarchical.NodeTestTask.lambda$executeRecursively$9(NodeTestTask.java:139)
	at org.junit.platform.engine.support.hierarchical.ThrowableCollector.execute(ThrowableCollector.java:73)
	at org.junit.platform.engine.support.hierarchical.NodeTestTask.executeRecursively(NodeTestTask.java:138)
	at org.junit.platform.engine.support.hierarchical.NodeTestTask.execute(NodeTestTask.java:95)
	at java.base/java.util.ArrayList.forEach(ArrayList.java:1596)
	at org.junit.platform.engine.support.hierarchical.SameThreadHierarchicalTestExecutorService.invokeAll(SameThreadHierarchicalTestExecutorService.java:41)
	at org.junit.platform.engine.support.hierarchical.NodeTestTask.lambda$executeRecursively$6(NodeTestTask.java:155)
	at org.junit.platform.engine.support.hierarchical.ThrowableCollector.execute(ThrowableCollector.java:73)
	at org.junit.platform.engine.support.hierarchical.NodeTestTask.lambda$executeRecursively$8(NodeTestTask.java:141)
	at org.junit.platform.engine.support.hierarchical.Node.around(Node.java:137)
	at org.junit.platform.engine.support.hierarchical.NodeTestTask.lambda$executeRecursively$9(NodeTestTask.java:139)
	at org.junit.platform.engine.support.hierarchical.ThrowableCollector.execute(ThrowableCollector.java:73)
	at org.junit.platform.engine.support.hierarchical.NodeTestTask.executeRecursively(NodeTestTask.java:138)
	at org.junit.platform.engine.support.hierarchical.NodeTestTask.execute(NodeTestTask.java:95)
	at org.junit.platform.engine.support.hierarchical.SameThreadHierarchicalTestExecutorService.submit(SameThreadHierarchicalTestExecutorService.java:35)
	at org.junit.platform.engine.support.hierarchical.HierarchicalTestExecutor.execute(HierarchicalTestExecutor.java:57)
	at org.junit.platform.engine.support.hierarchical.HierarchicalTestEngine.execute(HierarchicalTestEngine.java:54)
	at org.junit.platform.launcher.core.EngineExecutionOrchestrator.execute(EngineExecutionOrchestrator.java:198)
	at org.junit.platform.launcher.core.EngineExecutionOrchestrator.execute(EngineExecutionOrchestrator.java:169)
	at org.junit.platform.launcher.core.EngineExecutionOrchestrator.execute(EngineExecutionOrchestrator.java:93)
	at org.junit.platform.launcher.core.EngineExecutionOrchestrator.lambda$execute$0(EngineExecutionOrchestrator.java:58)
	at org.junit.platform.launcher.core.EngineExecutionOrchestrator.withInterceptedStreams(EngineExecutionOrchestrator.java:141)
	at org.junit.platform.launcher.core.EngineExecutionOrchestrator.execute(EngineExecutionOrchestrator.java:57)
	at org.junit.platform.launcher.core.DefaultLauncher.execute(DefaultLauncher.java:103)
	at org.junit.platform.launcher.core.DefaultLauncher.execute(DefaultLauncher.java:85)
	at org.junit.platform.launcher.core.DelegatingLauncher.execute(DelegatingLauncher.java:47)
	at org.junit.platform.launcher.core.SessionPerRequestLauncher.execute(SessionPerRequestLauncher.java:63)
	at com.intellij.junit5.JUnit5IdeaTestRunner.startRunnerWithArgs(JUnit5IdeaTestRunner.java:57)
	at com.intellij.rt.junit.IdeaTestRunner$Repeater$1.execute(IdeaTestRunner.java:38)
	at com.intellij.rt.execution.junit.TestsRepeater.repeat(TestsRepeater.java:11)
	at com.intellij.rt.junit.IdeaTestRunner$Repeater.startRunnerWithArgs(IdeaTestRunner.java:35)
	at com.intellij.rt.junit.JUnitStarter.prepareStreamsAndStart(JUnitStarter.java:232)
	at com.intellij.rt.junit.JUnitStarter.main(JUnitStarter.java:55)
2025-01-23 12:36:31 [main] INFO  l.insoft.uztis.tests.utils.TestUtils - Screenshot moved to C:\Users\ingrida.zadorozniene\Desktop\Asm\UZTIS\UZTIS_tests\test-output\screenshots\20250123\123631642_testFillNewApplication().png
2025-01-23 12:39:56 [main] INFO  lt.insoft.uztis.tests.UztisPageTest - Navigated to https://uztisdev.asseco.lt/home
2025-01-23 12:39:56 [main] INFO  l.i.u.t.SubmittedApplicationsPageTest - Starting test:'testFillNewApplication'
2025-01-23 12:39:56 [main] DEBUG l.i.u.t.SubmittedApplicationsPageTest - User logged in with test credentials
2025-01-23 12:39:56 [main] DEBUG l.i.u.t.SubmittedApplicationsPageTest - Opened 'Application Processing' menu.
2025-01-23 12:39:57 [main] DEBUG l.i.u.t.SubmittedApplicationsPageTest - Clicked on 'Application Forms' menu.
2025-01-23 12:39:57 [main] DEBUG l.i.u.t.SubmittedApplicationsPageTest - Retrieved last description code text: 'TST-VUI-81'.
2025-01-23 12:39:57 [main] DEBUG l.i.u.t.SubmittedApplicationsPageTest - Clicked on 'Invitation' menu.
2025-01-23 12:39:58 [main] DEBUG l.i.u.t.SubmittedApplicationsPageTest - Selected application section by code: 'TST-VUI-81'.
2025-01-23 12:39:58 [main] DEBUG l.i.u.t.SubmittedApplicationsPageTest - Clicked 'Search' button.
2025-01-23 12:39:58 [main] DEBUG l.i.u.t.SubmittedApplicationsPageTest - Retrieved invitation code: ''.
2025-01-23 12:39:58 [main] DEBUG l.i.u.t.SubmittedApplicationsPageTest - Clicked on 'Submitted Applications' menu.
2025-01-23 12:39:59 [main] DEBUG l.i.u.t.SubmittedApplicationsPageTest - Selected invitation by code: 'TST-VUI-81'.
2025-01-23 12:39:59 [main] DEBUG l.i.u.t.SubmittedApplicationsPageTest - Clicked on 'Action Application' button.
2025-01-23 12:39:59 [main] DEBUG l.i.u.t.SubmittedApplicationsPageTest - Clicked on 'New Application' button.
2025-01-23 12:40:00 [main] DEBUG l.i.u.t.SubmittedApplicationsPageTest - Clicked on 'RadioButtonFA' button.
2025-01-23 12:40:00 [main] DEBUG l.i.u.t.SubmittedApplicationsPageTest - Entered phone number into the input field.
2025-01-23 12:40:00 [main] DEBUG l.i.u.t.SubmittedApplicationsPageTest - Entered eMail into the input field.
2025-01-23 12:40:00 [main] INFO  l.i.u.p.SubmittedApplicationsPage - Located the dropdown button.
2025-01-23 12:40:19 [main] INFO  l.i.u.p.SubmittedApplicationsPage - Found 1741 options in the dropdown.
2025-01-23 12:40:19 [main] INFO  l.i.u.p.SubmittedApplicationsPage - Successfully selected the value: '01.11 - Grūdinių (išskyrus ryžius), ankštinių ir aliejingų sėklų augalų auginimas'
2025-01-23 12:40:29 [main] ERROR l.i.u.p.SubmittedApplicationsPage - Failed to close the dropdown with aria-expanded = 'false'. Attempting manual close.
2025-01-23 12:40:29 [main] INFO  l.i.u.p.SubmittedApplicationsPage - Manual close attempt for the dropdown using body click.
2025-01-23 12:40:30 [main] DEBUG l.i.u.t.SubmittedApplicationsPageTest - Entered Address into the input field.
2025-01-23 12:40:30 [main] DEBUG l.i.u.t.SubmittedApplicationsPageTest - Entered Address into the input field.
2025-01-23 12:40:30 [main] INFO  l.i.u.p.SubmittedApplicationsPage - Located the dropdown button.
2025-01-23 12:40:32 [main] ERROR l.i.u.t.SubmittedApplicationsPageTest - Test 'testFillNewApplication' failed with error: element click intercepted: Element <mat-label>...</mat-label> is not clickable at point (1051, 177). Other element would receive the click: ...<span class="mat-mdc-select-placeholder mat-mdc-select-min-line ng-tns-c1073613477-35 ng-star-inserted"></span>
  (Session info: chrome=131.0.6778.265)
Build info: version: '4.27.0', revision: 'd6e718d134'
System info: os.name: 'Windows 11', os.arch: 'amd64', os.version: '10.0', java.version: '21.0.3'
Driver info: org.openqa.selenium.chrome.ChromeDriver
Command: [0ca5f67a48b07aed6a0c8ff53dde654f, clickElement {id=f.863596B893C867A4D7ACC4563A24541E.d.DA31428DF9AB790A8412C46BC748475F.e.2058}]
Capabilities {acceptInsecureCerts: false, browserName: chrome, browserVersion: 131.0.6778.265, chrome: {chromedriverVersion: 131.0.6778.264 (2d05e315153..., userDataDir: C:\Users\INGRID~1.ZAD\AppDa...}, fedcm:accounts: true, goog:chromeOptions: {debuggerAddress: localhost:62487}, networkConnectionEnabled: false, pageLoadStrategy: normal, platformName: windows, proxy: Proxy(), se:cdp: ws://localhost:62487/devtoo..., se:cdpVersion: 131.0.6778.265, setWindowRect: true, strictFileInteractability: false, timeouts: {implicit: 0, pageLoad: 300000, script: 30000}, unhandledPromptBehavior: dismiss and notify, webauthn:extension:credBlob: true, webauthn:extension:largeBlob: true, webauthn:extension:minPinLength: true, webauthn:extension:prf: true, webauthn:virtualAuthenticators: true}
Element: [[ChromeDriver: chrome on windows (0ca5f67a48b07aed6a0c8ff53dde654f)] -> xpath: //mat-label[contains(text(), 'Darbo vietos pavadinimas')]]
Session ID: 0ca5f67a48b07aed6a0c8ff53dde654f
org.openqa.selenium.ElementClickInterceptedException: element click intercepted: Element <mat-label>...</mat-label> is not clickable at point (1051, 177). Other element would receive the click: ...<span class="mat-mdc-select-placeholder mat-mdc-select-min-line ng-tns-c1073613477-35 ng-star-inserted"></span>
  (Session info: chrome=131.0.6778.265)
Build info: version: '4.27.0', revision: 'd6e718d134'
System info: os.name: 'Windows 11', os.arch: 'amd64', os.version: '10.0', java.version: '21.0.3'
Driver info: org.openqa.selenium.chrome.ChromeDriver
Command: [0ca5f67a48b07aed6a0c8ff53dde654f, clickElement {id=f.863596B893C867A4D7ACC4563A24541E.d.DA31428DF9AB790A8412C46BC748475F.e.2058}]
Capabilities {acceptInsecureCerts: false, browserName: chrome, browserVersion: 131.0.6778.265, chrome: {chromedriverVersion: 131.0.6778.264 (2d05e315153..., userDataDir: C:\Users\INGRID~1.ZAD\AppDa...}, fedcm:accounts: true, goog:chromeOptions: {debuggerAddress: localhost:62487}, networkConnectionEnabled: false, pageLoadStrategy: normal, platformName: windows, proxy: Proxy(), se:cdp: ws://localhost:62487/devtoo..., se:cdpVersion: 131.0.6778.265, setWindowRect: true, strictFileInteractability: false, timeouts: {implicit: 0, pageLoad: 300000, script: 30000}, unhandledPromptBehavior: dismiss and notify, webauthn:extension:credBlob: true, webauthn:extension:largeBlob: true, webauthn:extension:minPinLength: true, webauthn:extension:prf: true, webauthn:virtualAuthenticators: true}
Element: [[ChromeDriver: chrome on windows (0ca5f67a48b07aed6a0c8ff53dde654f)] -> xpath: //mat-label[contains(text(), 'Darbo vietos pavadinimas')]]
Session ID: 0ca5f67a48b07aed6a0c8ff53dde654f
	at java.base/jdk.internal.reflect.DirectConstructorHandleAccessor.newInstance(DirectConstructorHandleAccessor.java:62)
	at java.base/java.lang.reflect.Constructor.newInstanceWithCaller(Constructor.java:502)
	at java.base/java.lang.reflect.Constructor.newInstance(Constructor.java:486)
	at org.openqa.selenium.remote.ErrorCodec.decode(ErrorCodec.java:167)
	at org.openqa.selenium.remote.codec.w3c.W3CHttpResponseCodec.decode(W3CHttpResponseCodec.java:138)
	at org.openqa.selenium.remote.codec.w3c.W3CHttpResponseCodec.decode(W3CHttpResponseCodec.java:50)
	at org.openqa.selenium.remote.HttpCommandExecutor.execute(HttpCommandExecutor.java:190)
	at org.openqa.selenium.remote.service.DriverCommandExecutor.invokeExecute(DriverCommandExecutor.java:216)
	at org.openqa.selenium.remote.service.DriverCommandExecutor.execute(DriverCommandExecutor.java:174)
	at org.openqa.selenium.remote.RemoteWebDriver.execute(RemoteWebDriver.java:545)
	at org.openqa.selenium.remote.RemoteWebElement.execute(RemoteWebElement.java:223)
	at org.openqa.selenium.remote.RemoteWebElement.click(RemoteWebElement.java:76)
	at java.base/jdk.internal.reflect.DirectMethodHandleAccessor.invoke(DirectMethodHandleAccessor.java:103)
	at java.base/java.lang.reflect.Method.invoke(Method.java:580)
	at org.openqa.selenium.support.pagefactory.internal.LocatingElementHandler.invoke(LocatingElementHandler.java:51)
	at jdk.proxy2/jdk.proxy2.$Proxy14.click(Unknown Source)
	at lt.insoft.uztis.pages.SubmittedApplicationsPage.selectDropdownJobName(SubmittedApplicationsPage.java:246)
	at lt.insoft.uztis.tests.SubmittedApplicationsPageTest.testFillNewApplication(SubmittedApplicationsPageTest.java:174)
	at java.base/jdk.internal.reflect.DirectMethodHandleAccessor.invoke(DirectMethodHandleAccessor.java:103)
	at java.base/java.lang.reflect.Method.invoke(Method.java:580)
	at org.junit.platform.commons.util.ReflectionUtils.invokeMethod(ReflectionUtils.java:728)
	at org.junit.jupiter.engine.execution.MethodInvocation.proceed(MethodInvocation.java:60)
	at org.junit.jupiter.engine.execution.InvocationInterceptorChain$ValidatingInvocation.proceed(InvocationInterceptorChain.java:131)
	at org.junit.jupiter.engine.extension.TimeoutExtension.intercept(TimeoutExtension.java:156)
	at org.junit.jupiter.engine.extension.TimeoutExtension.interceptTestableMethod(TimeoutExtension.java:147)
	at org.junit.jupiter.engine.extension.TimeoutExtension.interceptTestMethod(TimeoutExtension.java:86)
	at org.junit.jupiter.engine.execution.InterceptingExecutableInvoker$ReflectiveInterceptorCall.lambda$ofVoidMethod$0(InterceptingExecutableInvoker.java:103)
	at org.junit.jupiter.engine.execution.InterceptingExecutableInvoker.lambda$invoke$0(InterceptingExecutableInvoker.java:93)
	at org.junit.jupiter.engine.execution.InvocationInterceptorChain$InterceptedInvocation.proceed(InvocationInterceptorChain.java:106)
	at org.junit.jupiter.engine.execution.InvocationInterceptorChain.proceed(InvocationInterceptorChain.java:64)
	at org.junit.jupiter.engine.execution.InvocationInterceptorChain.chainAndInvoke(InvocationInterceptorChain.java:45)
	at org.junit.jupiter.engine.execution.InvocationInterceptorChain.invoke(InvocationInterceptorChain.java:37)
	at org.junit.jupiter.engine.execution.InterceptingExecutableInvoker.invoke(InterceptingExecutableInvoker.java:92)
	at org.junit.jupiter.engine.execution.InterceptingExecutableInvoker.invoke(InterceptingExecutableInvoker.java:86)
	at org.junit.jupiter.engine.descriptor.TestMethodTestDescriptor.lambda$invokeTestMethod$7(TestMethodTestDescriptor.java:218)
	at org.junit.platform.engine.support.hierarchical.ThrowableCollector.execute(ThrowableCollector.java:73)
	at org.junit.jupiter.engine.descriptor.TestMethodTestDescriptor.invokeTestMethod(TestMethodTestDescriptor.java:214)
	at org.junit.jupiter.engine.descriptor.TestMethodTestDescriptor.execute(TestMethodTestDescriptor.java:139)
	at org.junit.jupiter.engine.descriptor.TestMethodTestDescriptor.execute(TestMethodTestDescriptor.java:69)
	at org.junit.platform.engine.support.hierarchical.NodeTestTask.lambda$executeRecursively$6(NodeTestTask.java:151)
	at org.junit.platform.engine.support.hierarchical.ThrowableCollector.execute(ThrowableCollector.java:73)
	at org.junit.platform.engine.support.hierarchical.NodeTestTask.lambda$executeRecursively$8(NodeTestTask.java:141)
	at org.junit.platform.engine.support.hierarchical.Node.around(Node.java:137)
	at org.junit.platform.engine.support.hierarchical.NodeTestTask.lambda$executeRecursively$9(NodeTestTask.java:139)
	at org.junit.platform.engine.support.hierarchical.ThrowableCollector.execute(ThrowableCollector.java:73)
	at org.junit.platform.engine.support.hierarchical.NodeTestTask.executeRecursively(NodeTestTask.java:138)
	at org.junit.platform.engine.support.hierarchical.NodeTestTask.execute(NodeTestTask.java:95)
	at java.base/java.util.ArrayList.forEach(ArrayList.java:1596)
	at org.junit.platform.engine.support.hierarchical.SameThreadHierarchicalTestExecutorService.invokeAll(SameThreadHierarchicalTestExecutorService.java:41)
	at org.junit.platform.engine.support.hierarchical.NodeTestTask.lambda$executeRecursively$6(NodeTestTask.java:155)
	at org.junit.platform.engine.support.hierarchical.ThrowableCollector.execute(ThrowableCollector.java:73)
	at org.junit.platform.engine.support.hierarchical.NodeTestTask.lambda$executeRecursively$8(NodeTestTask.java:141)
	at org.junit.platform.engine.support.hierarchical.Node.around(Node.java:137)
	at org.junit.platform.engine.support.hierarchical.NodeTestTask.lambda$executeRecursively$9(NodeTestTask.java:139)
	at org.junit.platform.engine.support.hierarchical.ThrowableCollector.execute(ThrowableCollector.java:73)
	at org.junit.platform.engine.support.hierarchical.NodeTestTask.executeRecursively(NodeTestTask.java:138)
	at org.junit.platform.engine.support.hierarchical.NodeTestTask.execute(NodeTestTask.java:95)
	at java.base/java.util.ArrayList.forEach(ArrayList.java:1596)
	at org.junit.platform.engine.support.hierarchical.SameThreadHierarchicalTestExecutorService.invokeAll(SameThreadHierarchicalTestExecutorService.java:41)
	at org.junit.platform.engine.support.hierarchical.NodeTestTask.lambda$executeRecursively$6(NodeTestTask.java:155)
	at org.junit.platform.engine.support.hierarchical.ThrowableCollector.execute(ThrowableCollector.java:73)
	at org.junit.platform.engine.support.hierarchical.NodeTestTask.lambda$executeRecursively$8(NodeTestTask.java:141)
	at org.junit.platform.engine.support.hierarchical.Node.around(Node.java:137)
	at org.junit.platform.engine.support.hierarchical.NodeTestTask.lambda$executeRecursively$9(NodeTestTask.java:139)
	at org.junit.platform.engine.support.hierarchical.ThrowableCollector.execute(ThrowableCollector.java:73)
	at org.junit.platform.engine.support.hierarchical.NodeTestTask.executeRecursively(NodeTestTask.java:138)
	at org.junit.platform.engine.support.hierarchical.NodeTestTask.execute(NodeTestTask.java:95)
	at org.junit.platform.engine.support.hierarchical.SameThreadHierarchicalTestExecutorService.submit(SameThreadHierarchicalTestExecutorService.java:35)
	at org.junit.platform.engine.support.hierarchical.HierarchicalTestExecutor.execute(HierarchicalTestExecutor.java:57)
	at org.junit.platform.engine.support.hierarchical.HierarchicalTestEngine.execute(HierarchicalTestEngine.java:54)
	at org.junit.platform.launcher.core.EngineExecutionOrchestrator.execute(EngineExecutionOrchestrator.java:198)
	at org.junit.platform.launcher.core.EngineExecutionOrchestrator.execute(EngineExecutionOrchestrator.java:169)
	at org.junit.platform.launcher.core.EngineExecutionOrchestrator.execute(EngineExecutionOrchestrator.java:93)
	at org.junit.platform.launcher.core.EngineExecutionOrchestrator.lambda$execute$0(EngineExecutionOrchestrator.java:58)
	at org.junit.platform.launcher.core.EngineExecutionOrchestrator.withInterceptedStreams(EngineExecutionOrchestrator.java:141)
	at org.junit.platform.launcher.core.EngineExecutionOrchestrator.execute(EngineExecutionOrchestrator.java:57)
	at org.junit.platform.launcher.core.DefaultLauncher.execute(DefaultLauncher.java:103)
	at org.junit.platform.launcher.core.DefaultLauncher.execute(DefaultLauncher.java:85)
	at org.junit.platform.launcher.core.DelegatingLauncher.execute(DelegatingLauncher.java:47)
	at org.junit.platform.launcher.core.SessionPerRequestLauncher.execute(SessionPerRequestLauncher.java:63)
	at com.intellij.junit5.JUnit5IdeaTestRunner.startRunnerWithArgs(JUnit5IdeaTestRunner.java:57)
	at com.intellij.rt.junit.IdeaTestRunner$Repeater$1.execute(IdeaTestRunner.java:38)
	at com.intellij.rt.execution.junit.TestsRepeater.repeat(TestsRepeater.java:11)
	at com.intellij.rt.junit.IdeaTestRunner$Repeater.startRunnerWithArgs(IdeaTestRunner.java:35)
	at com.intellij.rt.junit.JUnitStarter.prepareStreamsAndStart(JUnitStarter.java:232)
	at com.intellij.rt.junit.JUnitStarter.main(JUnitStarter.java:55)
2025-01-23 12:40:32 [main] INFO  l.insoft.uztis.tests.utils.TestUtils - Screenshot moved to C:\Users\ingrida.zadorozniene\Desktop\Asm\UZTIS\UZTIS_tests\test-output\screenshots\20250123\124032228_testFillNewApplication().png
2025-01-23 12:45:36 [main] INFO  lt.insoft.uztis.tests.UztisPageTest - Navigated to https://uztisdev.asseco.lt/home
2025-01-23 12:45:36 [main] INFO  l.i.u.t.SubmittedApplicationsPageTest - Starting test:'testFillNewApplication'
2025-01-23 12:45:37 [main] DEBUG l.i.u.t.SubmittedApplicationsPageTest - User logged in with test credentials
2025-01-23 12:45:37 [main] DEBUG l.i.u.t.SubmittedApplicationsPageTest - Opened 'Application Processing' menu.
2025-01-23 12:45:37 [main] DEBUG l.i.u.t.SubmittedApplicationsPageTest - Clicked on 'Application Forms' menu.
2025-01-23 12:45:37 [main] DEBUG l.i.u.t.SubmittedApplicationsPageTest - Retrieved last description code text: 'TST-VUI-81'.
2025-01-23 12:45:38 [main] DEBUG l.i.u.t.SubmittedApplicationsPageTest - Clicked on 'Invitation' menu.
2025-01-23 12:45:38 [main] DEBUG l.i.u.t.SubmittedApplicationsPageTest - Selected application section by code: 'TST-VUI-81'.
2025-01-23 12:45:38 [main] DEBUG l.i.u.t.SubmittedApplicationsPageTest - Clicked 'Search' button.
2025-01-23 12:45:38 [main] DEBUG l.i.u.t.SubmittedApplicationsPageTest - Retrieved invitation code: ''.
2025-01-23 12:45:39 [main] DEBUG l.i.u.t.SubmittedApplicationsPageTest - Clicked on 'Submitted Applications' menu.
2025-01-23 12:45:39 [main] DEBUG l.i.u.t.SubmittedApplicationsPageTest - Selected invitation by code: 'TST-VUI-81'.
2025-01-23 12:45:39 [main] DEBUG l.i.u.t.SubmittedApplicationsPageTest - Clicked on 'Action Application' button.
2025-01-23 12:45:40 [main] DEBUG l.i.u.t.SubmittedApplicationsPageTest - Clicked on 'New Application' button.
2025-01-23 12:45:40 [main] DEBUG l.i.u.t.SubmittedApplicationsPageTest - Clicked on 'RadioButtonFA' button.
2025-01-23 12:45:40 [main] DEBUG l.i.u.t.SubmittedApplicationsPageTest - Entered phone number into the input field.
2025-01-23 12:45:40 [main] DEBUG l.i.u.t.SubmittedApplicationsPageTest - Entered eMail into the input field.
2025-01-23 12:45:40 [main] INFO  l.i.u.p.SubmittedApplicationsPage - Located the dropdown button.
2025-01-23 12:45:58 [main] INFO  l.i.u.p.SubmittedApplicationsPage - Found 1741 options in the dropdown.
2025-01-23 12:45:59 [main] INFO  l.i.u.p.SubmittedApplicationsPage - Successfully selected the value: '01.11 - Grūdinių (išskyrus ryžius), ankštinių ir aliejingų sėklų augalų auginimas'
2025-01-23 12:46:09 [main] ERROR l.i.u.p.SubmittedApplicationsPage - Failed to close the dropdown with aria-expanded = 'false'. Attempting manual close.
2025-01-23 12:46:09 [main] INFO  l.i.u.p.SubmittedApplicationsPage - Manual close attempt for the dropdown using body click.
2025-01-23 12:46:09 [main] DEBUG l.i.u.t.SubmittedApplicationsPageTest - Entered Address into the input field.
2025-01-23 12:46:10 [main] DEBUG l.i.u.t.SubmittedApplicationsPageTest - Entered Address into the input field.
2025-01-23 12:46:10 [main] INFO  l.i.u.p.SubmittedApplicationsPage - Located the dropdown button.
2025-01-23 12:46:11 [main] INFO  l.i.u.p.SubmittedApplicationsPage - Successfully selected the value: 'Administratoriai'
2025-01-23 12:46:22 [main] ERROR l.i.u.p.SubmittedApplicationsPage - Timeout while waiting for dropdown to close with aria-expanded = 'false'.
2025-01-23 12:46:22 [main] DEBUG l.i.u.t.SubmittedApplicationsPageTest - Selected the value: 'Administratoriai'
2025-01-23 12:46:32 [main] ERROR l.i.u.t.SubmittedApplicationsPageTest - Test 'testFillNewApplication' failed with error: element not interactable
  (Session info: chrome=131.0.6778.265)
Build info: version: '4.27.0', revision: 'd6e718d134'
System info: os.name: 'Windows 11', os.arch: 'amd64', os.version: '10.0', java.version: '21.0.3'
Driver info: org.openqa.selenium.chrome.ChromeDriver
Command: [1acdec3941ca8f54f12ec6b26daf7f70, clearElement {id=f.E8449C402779214052F224E437C48315.d.2C0BEBB9CDA243E88F6C2CC58B98D370.e.163}]
Capabilities {acceptInsecureCerts: false, browserName: chrome, browserVersion: 131.0.6778.265, chrome: {chromedriverVersion: 131.0.6778.264 (2d05e315153..., userDataDir: C:\Users\INGRID~1.ZAD\AppDa...}, fedcm:accounts: true, goog:chromeOptions: {debuggerAddress: localhost:62680}, networkConnectionEnabled: false, pageLoadStrategy: normal, platformName: windows, proxy: Proxy(), se:cdp: ws://localhost:62680/devtoo..., se:cdpVersion: 131.0.6778.265, setWindowRect: true, strictFileInteractability: false, timeouts: {implicit: 0, pageLoad: 300000, script: 30000}, unhandledPromptBehavior: dismiss and notify, webauthn:extension:credBlob: true, webauthn:extension:largeBlob: true, webauthn:extension:minPinLength: true, webauthn:extension:prf: true, webauthn:virtualAuthenticators: true}
Element: [[ChromeDriver: chrome on windows (1acdec3941ca8f54f12ec6b26daf7f70)] -> xpath: //mat-form-field[contains(.//label, 'Planuojamų steigti darbo vietų skaičius')]//input]
Session ID: 1acdec3941ca8f54f12ec6b26daf7f70
org.openqa.selenium.ElementNotInteractableException: element not interactable
  (Session info: chrome=131.0.6778.265)
Build info: version: '4.27.0', revision: 'd6e718d134'
System info: os.name: 'Windows 11', os.arch: 'amd64', os.version: '10.0', java.version: '21.0.3'
Driver info: org.openqa.selenium.chrome.ChromeDriver
Command: [1acdec3941ca8f54f12ec6b26daf7f70, clearElement {id=f.E8449C402779214052F224E437C48315.d.2C0BEBB9CDA243E88F6C2CC58B98D370.e.163}]
Capabilities {acceptInsecureCerts: false, browserName: chrome, browserVersion: 131.0.6778.265, chrome: {chromedriverVersion: 131.0.6778.264 (2d05e315153..., userDataDir: C:\Users\INGRID~1.ZAD\AppDa...}, fedcm:accounts: true, goog:chromeOptions: {debuggerAddress: localhost:62680}, networkConnectionEnabled: false, pageLoadStrategy: normal, platformName: windows, proxy: Proxy(), se:cdp: ws://localhost:62680/devtoo..., se:cdpVersion: 131.0.6778.265, setWindowRect: true, strictFileInteractability: false, timeouts: {implicit: 0, pageLoad: 300000, script: 30000}, unhandledPromptBehavior: dismiss and notify, webauthn:extension:credBlob: true, webauthn:extension:largeBlob: true, webauthn:extension:minPinLength: true, webauthn:extension:prf: true, webauthn:virtualAuthenticators: true}
Element: [[ChromeDriver: chrome on windows (1acdec3941ca8f54f12ec6b26daf7f70)] -> xpath: //mat-form-field[contains(.//label, 'Planuojamų steigti darbo vietų skaičius')]//input]
Session ID: 1acdec3941ca8f54f12ec6b26daf7f70
	at java.base/jdk.internal.reflect.DirectConstructorHandleAccessor.newInstance(DirectConstructorHandleAccessor.java:62)
	at java.base/java.lang.reflect.Constructor.newInstanceWithCaller(Constructor.java:502)
	at java.base/java.lang.reflect.Constructor.newInstance(Constructor.java:486)
	at org.openqa.selenium.remote.ErrorCodec.decode(ErrorCodec.java:167)
	at org.openqa.selenium.remote.codec.w3c.W3CHttpResponseCodec.decode(W3CHttpResponseCodec.java:138)
	at org.openqa.selenium.remote.codec.w3c.W3CHttpResponseCodec.decode(W3CHttpResponseCodec.java:50)
	at org.openqa.selenium.remote.HttpCommandExecutor.execute(HttpCommandExecutor.java:190)
	at org.openqa.selenium.remote.service.DriverCommandExecutor.invokeExecute(DriverCommandExecutor.java:216)
	at org.openqa.selenium.remote.service.DriverCommandExecutor.execute(DriverCommandExecutor.java:174)
	at org.openqa.selenium.remote.RemoteWebDriver.execute(RemoteWebDriver.java:545)
	at org.openqa.selenium.remote.RemoteWebElement.execute(RemoteWebElement.java:223)
	at org.openqa.selenium.remote.RemoteWebElement.clear(RemoteWebElement.java:129)
	at java.base/jdk.internal.reflect.DirectMethodHandleAccessor.invoke(DirectMethodHandleAccessor.java:103)
	at java.base/java.lang.reflect.Method.invoke(Method.java:580)
	at org.openqa.selenium.support.pagefactory.internal.LocatingElementHandler.invoke(LocatingElementHandler.java:51)
	at jdk.proxy2/jdk.proxy2.$Proxy14.clear(Unknown Source)
	at lt.insoft.uztis.pages.SubmittedApplicationsPage.enterInputJobFunction(SubmittedApplicationsPage.java:281)
	at lt.insoft.uztis.tests.SubmittedApplicationsPageTest.testFillNewApplication(SubmittedApplicationsPageTest.java:178)
	at java.base/jdk.internal.reflect.DirectMethodHandleAccessor.invoke(DirectMethodHandleAccessor.java:103)
	at java.base/java.lang.reflect.Method.invoke(Method.java:580)
	at org.junit.platform.commons.util.ReflectionUtils.invokeMethod(ReflectionUtils.java:728)
	at org.junit.jupiter.engine.execution.MethodInvocation.proceed(MethodInvocation.java:60)
	at org.junit.jupiter.engine.execution.InvocationInterceptorChain$ValidatingInvocation.proceed(InvocationInterceptorChain.java:131)
	at org.junit.jupiter.engine.extension.TimeoutExtension.intercept(TimeoutExtension.java:156)
	at org.junit.jupiter.engine.extension.TimeoutExtension.interceptTestableMethod(TimeoutExtension.java:147)
	at org.junit.jupiter.engine.extension.TimeoutExtension.interceptTestMethod(TimeoutExtension.java:86)
	at org.junit.jupiter.engine.execution.InterceptingExecutableInvoker$ReflectiveInterceptorCall.lambda$ofVoidMethod$0(InterceptingExecutableInvoker.java:103)
	at org.junit.jupiter.engine.execution.InterceptingExecutableInvoker.lambda$invoke$0(InterceptingExecutableInvoker.java:93)
	at org.junit.jupiter.engine.execution.InvocationInterceptorChain$InterceptedInvocation.proceed(InvocationInterceptorChain.java:106)
	at org.junit.jupiter.engine.execution.InvocationInterceptorChain.proceed(InvocationInterceptorChain.java:64)
	at org.junit.jupiter.engine.execution.InvocationInterceptorChain.chainAndInvoke(InvocationInterceptorChain.java:45)
	at org.junit.jupiter.engine.execution.InvocationInterceptorChain.invoke(InvocationInterceptorChain.java:37)
	at org.junit.jupiter.engine.execution.InterceptingExecutableInvoker.invoke(InterceptingExecutableInvoker.java:92)
	at org.junit.jupiter.engine.execution.InterceptingExecutableInvoker.invoke(InterceptingExecutableInvoker.java:86)
	at org.junit.jupiter.engine.descriptor.TestMethodTestDescriptor.lambda$invokeTestMethod$7(TestMethodTestDescriptor.java:218)
	at org.junit.platform.engine.support.hierarchical.ThrowableCollector.execute(ThrowableCollector.java:73)
	at org.junit.jupiter.engine.descriptor.TestMethodTestDescriptor.invokeTestMethod(TestMethodTestDescriptor.java:214)
	at org.junit.jupiter.engine.descriptor.TestMethodTestDescriptor.execute(TestMethodTestDescriptor.java:139)
	at org.junit.jupiter.engine.descriptor.TestMethodTestDescriptor.execute(TestMethodTestDescriptor.java:69)
	at org.junit.platform.engine.support.hierarchical.NodeTestTask.lambda$executeRecursively$6(NodeTestTask.java:151)
	at org.junit.platform.engine.support.hierarchical.ThrowableCollector.execute(ThrowableCollector.java:73)
	at org.junit.platform.engine.support.hierarchical.NodeTestTask.lambda$executeRecursively$8(NodeTestTask.java:141)
	at org.junit.platform.engine.support.hierarchical.Node.around(Node.java:137)
	at org.junit.platform.engine.support.hierarchical.NodeTestTask.lambda$executeRecursively$9(NodeTestTask.java:139)
	at org.junit.platform.engine.support.hierarchical.ThrowableCollector.execute(ThrowableCollector.java:73)
	at org.junit.platform.engine.support.hierarchical.NodeTestTask.executeRecursively(NodeTestTask.java:138)
	at org.junit.platform.engine.support.hierarchical.NodeTestTask.execute(NodeTestTask.java:95)
	at java.base/java.util.ArrayList.forEach(ArrayList.java:1596)
	at org.junit.platform.engine.support.hierarchical.SameThreadHierarchicalTestExecutorService.invokeAll(SameThreadHierarchicalTestExecutorService.java:41)
	at org.junit.platform.engine.support.hierarchical.NodeTestTask.lambda$executeRecursively$6(NodeTestTask.java:155)
	at org.junit.platform.engine.support.hierarchical.ThrowableCollector.execute(ThrowableCollector.java:73)
	at org.junit.platform.engine.support.hierarchical.NodeTestTask.lambda$executeRecursively$8(NodeTestTask.java:141)
	at org.junit.platform.engine.support.hierarchical.Node.around(Node.java:137)
	at org.junit.platform.engine.support.hierarchical.NodeTestTask.lambda$executeRecursively$9(NodeTestTask.java:139)
	at org.junit.platform.engine.support.hierarchical.ThrowableCollector.execute(ThrowableCollector.java:73)
	at org.junit.platform.engine.support.hierarchical.NodeTestTask.executeRecursively(NodeTestTask.java:138)
	at org.junit.platform.engine.support.hierarchical.NodeTestTask.execute(NodeTestTask.java:95)
	at java.base/java.util.ArrayList.forEach(ArrayList.java:1596)
	at org.junit.platform.engine.support.hierarchical.SameThreadHierarchicalTestExecutorService.invokeAll(SameThreadHierarchicalTestExecutorService.java:41)
	at org.junit.platform.engine.support.hierarchical.NodeTestTask.lambda$executeRecursively$6(NodeTestTask.java:155)
	at org.junit.platform.engine.support.hierarchical.ThrowableCollector.execute(ThrowableCollector.java:73)
	at org.junit.platform.engine.support.hierarchical.NodeTestTask.lambda$executeRecursively$8(NodeTestTask.java:141)
	at org.junit.platform.engine.support.hierarchical.Node.around(Node.java:137)
	at org.junit.platform.engine.support.hierarchical.NodeTestTask.lambda$executeRecursively$9(NodeTestTask.java:139)
	at org.junit.platform.engine.support.hierarchical.ThrowableCollector.execute(ThrowableCollector.java:73)
	at org.junit.platform.engine.support.hierarchical.NodeTestTask.executeRecursively(NodeTestTask.java:138)
	at org.junit.platform.engine.support.hierarchical.NodeTestTask.execute(NodeTestTask.java:95)
	at org.junit.platform.engine.support.hierarchical.SameThreadHierarchicalTestExecutorService.submit(SameThreadHierarchicalTestExecutorService.java:35)
	at org.junit.platform.engine.support.hierarchical.HierarchicalTestExecutor.execute(HierarchicalTestExecutor.java:57)
	at org.junit.platform.engine.support.hierarchical.HierarchicalTestEngine.execute(HierarchicalTestEngine.java:54)
	at org.junit.platform.launcher.core.EngineExecutionOrchestrator.execute(EngineExecutionOrchestrator.java:198)
	at org.junit.platform.launcher.core.EngineExecutionOrchestrator.execute(EngineExecutionOrchestrator.java:169)
	at org.junit.platform.launcher.core.EngineExecutionOrchestrator.execute(EngineExecutionOrchestrator.java:93)
	at org.junit.platform.launcher.core.EngineExecutionOrchestrator.lambda$execute$0(EngineExecutionOrchestrator.java:58)
	at org.junit.platform.launcher.core.EngineExecutionOrchestrator.withInterceptedStreams(EngineExecutionOrchestrator.java:141)
	at org.junit.platform.launcher.core.EngineExecutionOrchestrator.execute(EngineExecutionOrchestrator.java:57)
	at org.junit.platform.launcher.core.DefaultLauncher.execute(DefaultLauncher.java:103)
	at org.junit.platform.launcher.core.DefaultLauncher.execute(DefaultLauncher.java:85)
	at org.junit.platform.launcher.core.DelegatingLauncher.execute(DelegatingLauncher.java:47)
	at org.junit.platform.launcher.core.SessionPerRequestLauncher.execute(SessionPerRequestLauncher.java:63)
	at com.intellij.junit5.JUnit5IdeaTestRunner.startRunnerWithArgs(JUnit5IdeaTestRunner.java:57)
	at com.intellij.rt.junit.IdeaTestRunner$Repeater$1.execute(IdeaTestRunner.java:38)
	at com.intellij.rt.execution.junit.TestsRepeater.repeat(TestsRepeater.java:11)
	at com.intellij.rt.junit.IdeaTestRunner$Repeater.startRunnerWithArgs(IdeaTestRunner.java:35)
	at com.intellij.rt.junit.JUnitStarter.prepareStreamsAndStart(JUnitStarter.java:232)
	at com.intellij.rt.junit.JUnitStarter.main(JUnitStarter.java:55)
2025-01-23 12:46:32 [main] INFO  l.insoft.uztis.tests.utils.TestUtils - Screenshot moved to C:\Users\ingrida.zadorozniene\Desktop\Asm\UZTIS\UZTIS_tests\test-output\screenshots\20250123\124632252_testFillNewApplication().png
2025-01-23 12:48:31 [main] INFO  lt.insoft.uztis.tests.UztisPageTest - Navigated to https://uztisdev.asseco.lt/home
2025-01-23 12:48:31 [main] INFO  l.i.u.t.SubmittedApplicationsPageTest - Starting test:'testFillNewApplication'
2025-01-23 12:48:32 [main] DEBUG l.i.u.t.SubmittedApplicationsPageTest - User logged in with test credentials
2025-01-23 12:48:32 [main] DEBUG l.i.u.t.SubmittedApplicationsPageTest - Opened 'Application Processing' menu.
2025-01-23 12:48:32 [main] DEBUG l.i.u.t.SubmittedApplicationsPageTest - Clicked on 'Application Forms' menu.
2025-01-23 12:48:33 [main] DEBUG l.i.u.t.SubmittedApplicationsPageTest - Retrieved last description code text: 'TST-VUI-81'.
2025-01-23 12:48:33 [main] DEBUG l.i.u.t.SubmittedApplicationsPageTest - Clicked on 'Invitation' menu.
2025-01-23 12:48:34 [main] DEBUG l.i.u.t.SubmittedApplicationsPageTest - Selected application section by code: 'TST-VUI-81'.
2025-01-23 12:48:34 [main] DEBUG l.i.u.t.SubmittedApplicationsPageTest - Clicked 'Search' button.
2025-01-23 12:48:34 [main] DEBUG l.i.u.t.SubmittedApplicationsPageTest - Retrieved invitation code: ''.
2025-01-23 12:48:34 [main] DEBUG l.i.u.t.SubmittedApplicationsPageTest - Clicked on 'Submitted Applications' menu.
2025-01-23 12:48:34 [main] DEBUG l.i.u.t.SubmittedApplicationsPageTest - Selected invitation by code: 'TST-VUI-81'.
2025-01-23 12:48:35 [main] DEBUG l.i.u.t.SubmittedApplicationsPageTest - Clicked on 'Action Application' button.
2025-01-23 12:48:35 [main] DEBUG l.i.u.t.SubmittedApplicationsPageTest - Clicked on 'New Application' button.
2025-01-23 12:48:35 [main] DEBUG l.i.u.t.SubmittedApplicationsPageTest - Clicked on 'RadioButtonFA' button.
2025-01-23 12:48:36 [main] DEBUG l.i.u.t.SubmittedApplicationsPageTest - Entered phone number into the input field.
2025-01-23 12:48:36 [main] DEBUG l.i.u.t.SubmittedApplicationsPageTest - Entered eMail into the input field.
2025-01-23 12:48:36 [main] INFO  l.i.u.p.SubmittedApplicationsPage - Located the dropdown button.
2025-01-23 12:48:54 [main] INFO  l.i.u.p.SubmittedApplicationsPage - Found 1741 options in the dropdown.
2025-01-23 12:48:54 [main] INFO  l.i.u.p.SubmittedApplicationsPage - Successfully selected the value: '01.11 - Grūdinių (išskyrus ryžius), ankštinių ir aliejingų sėklų augalų auginimas'
2025-01-23 12:49:05 [main] ERROR l.i.u.p.SubmittedApplicationsPage - Failed to close the dropdown with aria-expanded = 'false'. Attempting manual close.
2025-01-23 12:49:05 [main] INFO  l.i.u.p.SubmittedApplicationsPage - Manual close attempt for the dropdown using body click.
2025-01-23 12:49:05 [main] DEBUG l.i.u.t.SubmittedApplicationsPageTest - Entered Address into the input field.
2025-01-23 12:49:06 [main] DEBUG l.i.u.t.SubmittedApplicationsPageTest - Entered Address into the input field.
2025-01-23 12:49:06 [main] INFO  l.i.u.p.SubmittedApplicationsPage - Located the dropdown button.
2025-01-23 12:49:07 [main] INFO  l.i.u.p.SubmittedApplicationsPage - Successfully selected the value: 'Administratoriai'
2025-01-23 12:49:17 [main] ERROR l.i.u.p.SubmittedApplicationsPage - Timeout while waiting for dropdown to close with aria-expanded = 'false'.
2025-01-23 12:49:17 [main] DEBUG l.i.u.t.SubmittedApplicationsPageTest - Selected the value: 'Administratoriai'
2025-01-23 12:49:18 [main] INFO  l.i.u.t.SubmittedApplicationsPageTest - Test 'testFillNewApplication' completed successfully.
2025-01-23 12:58:20 [main] INFO  lt.insoft.uztis.tests.UztisPageTest - Navigated to https://uztisdev.asseco.lt/home
2025-01-23 12:58:20 [main] INFO  l.i.u.t.SubmittedApplicationsPageTest - Starting test:'testFillNewApplication'
2025-01-23 12:58:20 [main] DEBUG l.i.u.t.SubmittedApplicationsPageTest - User logged in with test credentials
2025-01-23 12:58:20 [main] DEBUG l.i.u.t.SubmittedApplicationsPageTest - Opened 'Application Processing' menu.
2025-01-23 12:58:20 [main] DEBUG l.i.u.t.SubmittedApplicationsPageTest - Clicked on 'Application Forms' menu.
2025-01-23 12:58:21 [main] DEBUG l.i.u.t.SubmittedApplicationsPageTest - Retrieved last description code text: 'TST-VUI-81'.
2025-01-23 12:58:21 [main] DEBUG l.i.u.t.SubmittedApplicationsPageTest - Clicked on 'Invitation' menu.
2025-01-23 12:58:22 [main] DEBUG l.i.u.t.SubmittedApplicationsPageTest - Selected application section by code: 'TST-VUI-81'.
2025-01-23 12:58:22 [main] DEBUG l.i.u.t.SubmittedApplicationsPageTest - Clicked 'Search' button.
2025-01-23 12:58:22 [main] DEBUG l.i.u.t.SubmittedApplicationsPageTest - Retrieved invitation code: ''.
2025-01-23 12:58:22 [main] DEBUG l.i.u.t.SubmittedApplicationsPageTest - Clicked on 'Submitted Applications' menu.
2025-01-23 12:58:23 [main] DEBUG l.i.u.t.SubmittedApplicationsPageTest - Selected invitation by code: 'TST-VUI-81'.
2025-01-23 12:58:23 [main] DEBUG l.i.u.t.SubmittedApplicationsPageTest - Clicked on 'Action Application' button.
2025-01-23 12:58:23 [main] DEBUG l.i.u.t.SubmittedApplicationsPageTest - Clicked on 'New Application' button.
2025-01-23 12:58:24 [main] DEBUG l.i.u.t.SubmittedApplicationsPageTest - Clicked on 'RadioButtonFA' button.
2025-01-23 12:58:24 [main] DEBUG l.i.u.t.SubmittedApplicationsPageTest - Entered phone number into the input field.
2025-01-23 12:58:24 [main] DEBUG l.i.u.t.SubmittedApplicationsPageTest - Entered eMail into the input field.
2025-01-23 12:58:24 [main] INFO  l.i.u.p.SubmittedApplicationsPage - Located the dropdown button.
2025-01-23 12:58:43 [main] INFO  l.i.u.p.SubmittedApplicationsPage - Found 1741 options in the dropdown.
2025-01-23 12:58:43 [main] INFO  l.i.u.p.SubmittedApplicationsPage - Successfully selected the value: '01.11 - Grūdinių (išskyrus ryžius), ankštinių ir aliejingų sėklų augalų auginimas'
2025-01-23 12:58:54 [main] ERROR l.i.u.p.SubmittedApplicationsPage - Failed to close the dropdown with aria-expanded = 'false'. Attempting manual close.
2025-01-23 12:58:54 [main] INFO  l.i.u.p.SubmittedApplicationsPage - Manual close attempt for the dropdown using body click.
2025-01-23 12:58:54 [main] DEBUG l.i.u.t.SubmittedApplicationsPageTest - Entered Address into the input field.
2025-01-23 12:58:54 [main] DEBUG l.i.u.t.SubmittedApplicationsPageTest - Entered Address into the input field.
2025-01-23 12:58:55 [main] INFO  l.i.u.p.SubmittedApplicationsPage - Located the dropdown button.
2025-01-23 12:58:56 [main] ERROR l.i.u.t.SubmittedApplicationsPageTest - Test 'testFillNewApplication' failed with error: element click intercepted: Element <mat-label>...</mat-label> is not clickable at point (1050, 177). Other element would receive the click: ...<span class="mat-mdc-select-placeholder mat-mdc-select-min-line ng-tns-c1073613477-35 ng-star-inserted"></span>
  (Session info: chrome=131.0.6778.265)
Build info: version: '4.27.0', revision: 'd6e718d134'
System info: os.name: 'Windows 11', os.arch: 'amd64', os.version: '10.0', java.version: '21.0.3'
Driver info: org.openqa.selenium.chrome.ChromeDriver
Command: [82c962fc16c8532b4d2e6f9a17b80f2b, clickElement {id=f.EC08447F3A3ACCEC1E7F9D605B973D76.d.C9FBBDFE52A05A899FB2C4D8D136D317.e.2054}]
Capabilities {acceptInsecureCerts: false, browserName: chrome, browserVersion: 131.0.6778.265, chrome: {chromedriverVersion: 131.0.6778.264 (2d05e315153..., userDataDir: C:\Users\INGRID~1.ZAD\AppDa...}, fedcm:accounts: true, goog:chromeOptions: {debuggerAddress: localhost:63140}, networkConnectionEnabled: false, pageLoadStrategy: normal, platformName: windows, proxy: Proxy(), se:cdp: ws://localhost:63140/devtoo..., se:cdpVersion: 131.0.6778.265, setWindowRect: true, strictFileInteractability: false, timeouts: {implicit: 0, pageLoad: 300000, script: 30000}, unhandledPromptBehavior: dismiss and notify, webauthn:extension:credBlob: true, webauthn:extension:largeBlob: true, webauthn:extension:minPinLength: true, webauthn:extension:prf: true, webauthn:virtualAuthenticators: true}
Element: [[ChromeDriver: chrome on windows (82c962fc16c8532b4d2e6f9a17b80f2b)] -> xpath: //mat-label[contains(text(), 'Darbo vietos pavadinimas')]]
Session ID: 82c962fc16c8532b4d2e6f9a17b80f2b
org.openqa.selenium.ElementClickInterceptedException: element click intercepted: Element <mat-label>...</mat-label> is not clickable at point (1050, 177). Other element would receive the click: ...<span class="mat-mdc-select-placeholder mat-mdc-select-min-line ng-tns-c1073613477-35 ng-star-inserted"></span>
  (Session info: chrome=131.0.6778.265)
Build info: version: '4.27.0', revision: 'd6e718d134'
System info: os.name: 'Windows 11', os.arch: 'amd64', os.version: '10.0', java.version: '21.0.3'
Driver info: org.openqa.selenium.chrome.ChromeDriver
Command: [82c962fc16c8532b4d2e6f9a17b80f2b, clickElement {id=f.EC08447F3A3ACCEC1E7F9D605B973D76.d.C9FBBDFE52A05A899FB2C4D8D136D317.e.2054}]
Capabilities {acceptInsecureCerts: false, browserName: chrome, browserVersion: 131.0.6778.265, chrome: {chromedriverVersion: 131.0.6778.264 (2d05e315153..., userDataDir: C:\Users\INGRID~1.ZAD\AppDa...}, fedcm:accounts: true, goog:chromeOptions: {debuggerAddress: localhost:63140}, networkConnectionEnabled: false, pageLoadStrategy: normal, platformName: windows, proxy: Proxy(), se:cdp: ws://localhost:63140/devtoo..., se:cdpVersion: 131.0.6778.265, setWindowRect: true, strictFileInteractability: false, timeouts: {implicit: 0, pageLoad: 300000, script: 30000}, unhandledPromptBehavior: dismiss and notify, webauthn:extension:credBlob: true, webauthn:extension:largeBlob: true, webauthn:extension:minPinLength: true, webauthn:extension:prf: true, webauthn:virtualAuthenticators: true}
Element: [[ChromeDriver: chrome on windows (82c962fc16c8532b4d2e6f9a17b80f2b)] -> xpath: //mat-label[contains(text(), 'Darbo vietos pavadinimas')]]
Session ID: 82c962fc16c8532b4d2e6f9a17b80f2b
	at java.base/jdk.internal.reflect.DirectConstructorHandleAccessor.newInstance(DirectConstructorHandleAccessor.java:62)
	at java.base/java.lang.reflect.Constructor.newInstanceWithCaller(Constructor.java:502)
	at java.base/java.lang.reflect.Constructor.newInstance(Constructor.java:486)
	at org.openqa.selenium.remote.ErrorCodec.decode(ErrorCodec.java:167)
	at org.openqa.selenium.remote.codec.w3c.W3CHttpResponseCodec.decode(W3CHttpResponseCodec.java:138)
	at org.openqa.selenium.remote.codec.w3c.W3CHttpResponseCodec.decode(W3CHttpResponseCodec.java:50)
	at org.openqa.selenium.remote.HttpCommandExecutor.execute(HttpCommandExecutor.java:190)
	at org.openqa.selenium.remote.service.DriverCommandExecutor.invokeExecute(DriverCommandExecutor.java:216)
	at org.openqa.selenium.remote.service.DriverCommandExecutor.execute(DriverCommandExecutor.java:174)
	at org.openqa.selenium.remote.RemoteWebDriver.execute(RemoteWebDriver.java:545)
	at org.openqa.selenium.remote.RemoteWebElement.execute(RemoteWebElement.java:223)
	at org.openqa.selenium.remote.RemoteWebElement.click(RemoteWebElement.java:76)
	at java.base/jdk.internal.reflect.DirectMethodHandleAccessor.invoke(DirectMethodHandleAccessor.java:103)
	at java.base/java.lang.reflect.Method.invoke(Method.java:580)
	at org.openqa.selenium.support.pagefactory.internal.LocatingElementHandler.invoke(LocatingElementHandler.java:51)
	at jdk.proxy2/jdk.proxy2.$Proxy14.click(Unknown Source)
	at lt.insoft.uztis.pages.SubmittedApplicationsPage.selectDropdownJobName(SubmittedApplicationsPage.java:252)
	at lt.insoft.uztis.tests.SubmittedApplicationsPageTest.testFillNewApplication(SubmittedApplicationsPageTest.java:174)
	at java.base/jdk.internal.reflect.DirectMethodHandleAccessor.invoke(DirectMethodHandleAccessor.java:103)
	at java.base/java.lang.reflect.Method.invoke(Method.java:580)
	at org.junit.platform.commons.util.ReflectionUtils.invokeMethod(ReflectionUtils.java:728)
	at org.junit.jupiter.engine.execution.MethodInvocation.proceed(MethodInvocation.java:60)
	at org.junit.jupiter.engine.execution.InvocationInterceptorChain$ValidatingInvocation.proceed(InvocationInterceptorChain.java:131)
	at org.junit.jupiter.engine.extension.TimeoutExtension.intercept(TimeoutExtension.java:156)
	at org.junit.jupiter.engine.extension.TimeoutExtension.interceptTestableMethod(TimeoutExtension.java:147)
	at org.junit.jupiter.engine.extension.TimeoutExtension.interceptTestMethod(TimeoutExtension.java:86)
	at org.junit.jupiter.engine.execution.InterceptingExecutableInvoker$ReflectiveInterceptorCall.lambda$ofVoidMethod$0(InterceptingExecutableInvoker.java:103)
	at org.junit.jupiter.engine.execution.InterceptingExecutableInvoker.lambda$invoke$0(InterceptingExecutableInvoker.java:93)
	at org.junit.jupiter.engine.execution.InvocationInterceptorChain$InterceptedInvocation.proceed(InvocationInterceptorChain.java:106)
	at org.junit.jupiter.engine.execution.InvocationInterceptorChain.proceed(InvocationInterceptorChain.java:64)
	at org.junit.jupiter.engine.execution.InvocationInterceptorChain.chainAndInvoke(InvocationInterceptorChain.java:45)
	at org.junit.jupiter.engine.execution.InvocationInterceptorChain.invoke(InvocationInterceptorChain.java:37)
	at org.junit.jupiter.engine.execution.InterceptingExecutableInvoker.invoke(InterceptingExecutableInvoker.java:92)
	at org.junit.jupiter.engine.execution.InterceptingExecutableInvoker.invoke(InterceptingExecutableInvoker.java:86)
	at org.junit.jupiter.engine.descriptor.TestMethodTestDescriptor.lambda$invokeTestMethod$7(TestMethodTestDescriptor.java:218)
	at org.junit.platform.engine.support.hierarchical.ThrowableCollector.execute(ThrowableCollector.java:73)
	at org.junit.jupiter.engine.descriptor.TestMethodTestDescriptor.invokeTestMethod(TestMethodTestDescriptor.java:214)
	at org.junit.jupiter.engine.descriptor.TestMethodTestDescriptor.execute(TestMethodTestDescriptor.java:139)
	at org.junit.jupiter.engine.descriptor.TestMethodTestDescriptor.execute(TestMethodTestDescriptor.java:69)
	at org.junit.platform.engine.support.hierarchical.NodeTestTask.lambda$executeRecursively$6(NodeTestTask.java:151)
	at org.junit.platform.engine.support.hierarchical.ThrowableCollector.execute(ThrowableCollector.java:73)
	at org.junit.platform.engine.support.hierarchical.NodeTestTask.lambda$executeRecursively$8(NodeTestTask.java:141)
	at org.junit.platform.engine.support.hierarchical.Node.around(Node.java:137)
	at org.junit.platform.engine.support.hierarchical.NodeTestTask.lambda$executeRecursively$9(NodeTestTask.java:139)
	at org.junit.platform.engine.support.hierarchical.ThrowableCollector.execute(ThrowableCollector.java:73)
	at org.junit.platform.engine.support.hierarchical.NodeTestTask.executeRecursively(NodeTestTask.java:138)
	at org.junit.platform.engine.support.hierarchical.NodeTestTask.execute(NodeTestTask.java:95)
	at java.base/java.util.ArrayList.forEach(ArrayList.java:1596)
	at org.junit.platform.engine.support.hierarchical.SameThreadHierarchicalTestExecutorService.invokeAll(SameThreadHierarchicalTestExecutorService.java:41)
	at org.junit.platform.engine.support.hierarchical.NodeTestTask.lambda$executeRecursively$6(NodeTestTask.java:155)
	at org.junit.platform.engine.support.hierarchical.ThrowableCollector.execute(ThrowableCollector.java:73)
	at org.junit.platform.engine.support.hierarchical.NodeTestTask.lambda$executeRecursively$8(NodeTestTask.java:141)
	at org.junit.platform.engine.support.hierarchical.Node.around(Node.java:137)
	at org.junit.platform.engine.support.hierarchical.NodeTestTask.lambda$executeRecursively$9(NodeTestTask.java:139)
	at org.junit.platform.engine.support.hierarchical.ThrowableCollector.execute(ThrowableCollector.java:73)
	at org.junit.platform.engine.support.hierarchical.NodeTestTask.executeRecursively(NodeTestTask.java:138)
	at org.junit.platform.engine.support.hierarchical.NodeTestTask.execute(NodeTestTask.java:95)
	at java.base/java.util.ArrayList.forEach(ArrayList.java:1596)
	at org.junit.platform.engine.support.hierarchical.SameThreadHierarchicalTestExecutorService.invokeAll(SameThreadHierarchicalTestExecutorService.java:41)
	at org.junit.platform.engine.support.hierarchical.NodeTestTask.lambda$executeRecursively$6(NodeTestTask.java:155)
	at org.junit.platform.engine.support.hierarchical.ThrowableCollector.execute(ThrowableCollector.java:73)
	at org.junit.platform.engine.support.hierarchical.NodeTestTask.lambda$executeRecursively$8(NodeTestTask.java:141)
	at org.junit.platform.engine.support.hierarchical.Node.around(Node.java:137)
	at org.junit.platform.engine.support.hierarchical.NodeTestTask.lambda$executeRecursively$9(NodeTestTask.java:139)
	at org.junit.platform.engine.support.hierarchical.ThrowableCollector.execute(ThrowableCollector.java:73)
	at org.junit.platform.engine.support.hierarchical.NodeTestTask.executeRecursively(NodeTestTask.java:138)
	at org.junit.platform.engine.support.hierarchical.NodeTestTask.execute(NodeTestTask.java:95)
	at org.junit.platform.engine.support.hierarchical.SameThreadHierarchicalTestExecutorService.submit(SameThreadHierarchicalTestExecutorService.java:35)
	at org.junit.platform.engine.support.hierarchical.HierarchicalTestExecutor.execute(HierarchicalTestExecutor.java:57)
	at org.junit.platform.engine.support.hierarchical.HierarchicalTestEngine.execute(HierarchicalTestEngine.java:54)
	at org.junit.platform.launcher.core.EngineExecutionOrchestrator.execute(EngineExecutionOrchestrator.java:198)
	at org.junit.platform.launcher.core.EngineExecutionOrchestrator.execute(EngineExecutionOrchestrator.java:169)
	at org.junit.platform.launcher.core.EngineExecutionOrchestrator.execute(EngineExecutionOrchestrator.java:93)
	at org.junit.platform.launcher.core.EngineExecutionOrchestrator.lambda$execute$0(EngineExecutionOrchestrator.java:58)
	at org.junit.platform.launcher.core.EngineExecutionOrchestrator.withInterceptedStreams(EngineExecutionOrchestrator.java:141)
	at org.junit.platform.launcher.core.EngineExecutionOrchestrator.execute(EngineExecutionOrchestrator.java:57)
	at org.junit.platform.launcher.core.DefaultLauncher.execute(DefaultLauncher.java:103)
	at org.junit.platform.launcher.core.DefaultLauncher.execute(DefaultLauncher.java:85)
	at org.junit.platform.launcher.core.DelegatingLauncher.execute(DelegatingLauncher.java:47)
	at org.junit.platform.launcher.core.SessionPerRequestLauncher.execute(SessionPerRequestLauncher.java:63)
	at com.intellij.junit5.JUnit5IdeaTestRunner.startRunnerWithArgs(JUnit5IdeaTestRunner.java:57)
	at com.intellij.rt.junit.IdeaTestRunner$Repeater$1.execute(IdeaTestRunner.java:38)
	at com.intellij.rt.execution.junit.TestsRepeater.repeat(TestsRepeater.java:11)
	at com.intellij.rt.junit.IdeaTestRunner$Repeater.startRunnerWithArgs(IdeaTestRunner.java:35)
	at com.intellij.rt.junit.JUnitStarter.prepareStreamsAndStart(JUnitStarter.java:232)
	at com.intellij.rt.junit.JUnitStarter.main(JUnitStarter.java:55)
2025-01-23 12:58:56 [main] INFO  l.insoft.uztis.tests.utils.TestUtils - Screenshot moved to C:\Users\ingrida.zadorozniene\Desktop\Asm\UZTIS\UZTIS_tests\test-output\screenshots\20250123\125856593_testFillNewApplication().png
2025-01-23 12:59:28 [main] INFO  lt.insoft.uztis.tests.UztisPageTest - Navigated to https://uztisdev.asseco.lt/home
2025-01-23 12:59:28 [main] INFO  l.i.u.t.SubmittedApplicationsPageTest - Starting test:'testFillNewApplication'
2025-01-23 12:59:29 [main] DEBUG l.i.u.t.SubmittedApplicationsPageTest - User logged in with test credentials
2025-01-23 12:59:29 [main] DEBUG l.i.u.t.SubmittedApplicationsPageTest - Opened 'Application Processing' menu.
2025-01-23 12:59:29 [main] DEBUG l.i.u.t.SubmittedApplicationsPageTest - Clicked on 'Application Forms' menu.
2025-01-23 12:59:30 [main] DEBUG l.i.u.t.SubmittedApplicationsPageTest - Retrieved last description code text: 'TST-VUI-81'.
2025-01-23 12:59:30 [main] DEBUG l.i.u.t.SubmittedApplicationsPageTest - Clicked on 'Invitation' menu.
2025-01-23 12:59:31 [main] DEBUG l.i.u.t.SubmittedApplicationsPageTest - Selected application section by code: 'TST-VUI-81'.
2025-01-23 12:59:31 [main] DEBUG l.i.u.t.SubmittedApplicationsPageTest - Clicked 'Search' button.
2025-01-23 12:59:31 [main] DEBUG l.i.u.t.SubmittedApplicationsPageTest - Retrieved invitation code: ''.
2025-01-23 12:59:31 [main] DEBUG l.i.u.t.SubmittedApplicationsPageTest - Clicked on 'Submitted Applications' menu.
2025-01-23 12:59:32 [main] DEBUG l.i.u.t.SubmittedApplicationsPageTest - Selected invitation by code: 'TST-VUI-81'.
2025-01-23 12:59:32 [main] DEBUG l.i.u.t.SubmittedApplicationsPageTest - Clicked on 'Action Application' button.
2025-01-23 12:59:32 [main] DEBUG l.i.u.t.SubmittedApplicationsPageTest - Clicked on 'New Application' button.
2025-01-23 12:59:33 [main] DEBUG l.i.u.t.SubmittedApplicationsPageTest - Clicked on 'RadioButtonFA' button.
2025-01-23 12:59:33 [main] DEBUG l.i.u.t.SubmittedApplicationsPageTest - Entered phone number into the input field.
2025-01-23 12:59:33 [main] DEBUG l.i.u.t.SubmittedApplicationsPageTest - Entered eMail into the input field.
2025-01-23 12:59:33 [main] INFO  l.i.u.p.SubmittedApplicationsPage - Located the dropdown button.
2025-01-23 12:59:53 [main] INFO  l.i.u.p.SubmittedApplicationsPage - Found 1741 options in the dropdown.
2025-01-23 12:59:53 [main] INFO  l.i.u.p.SubmittedApplicationsPage - Successfully selected the value: '01.11 - Grūdinių (išskyrus ryžius), ankštinių ir aliejingų sėklų augalų auginimas'
2025-01-23 13:00:03 [main] ERROR l.i.u.p.SubmittedApplicationsPage - Failed to close the dropdown with aria-expanded = 'false'. Attempting manual close.
2025-01-23 13:00:03 [main] INFO  l.i.u.p.SubmittedApplicationsPage - Manual close attempt for the dropdown using body click.
2025-01-23 13:00:04 [main] DEBUG l.i.u.t.SubmittedApplicationsPageTest - Entered Address into the input field.
2025-01-23 13:00:04 [main] DEBUG l.i.u.t.SubmittedApplicationsPageTest - Entered Address into the input field.
2025-01-23 13:00:04 [main] INFO  l.i.u.p.SubmittedApplicationsPage - Located the dropdown button.
2025-01-23 13:00:06 [main] INFO  l.i.u.p.SubmittedApplicationsPage - Successfully selected the value: 'Administratoriai'
2025-01-23 13:00:16 [main] ERROR l.i.u.p.SubmittedApplicationsPage - Timeout while waiting for dropdown to close with aria-expanded = 'false'.
2025-01-23 13:00:16 [main] DEBUG l.i.u.t.SubmittedApplicationsPageTest - Selected the value: 'Administratoriai'
2025-01-23 13:00:16 [main] INFO  l.i.u.t.SubmittedApplicationsPageTest - Test 'testFillNewApplication' completed successfully.
2025-01-23 14:09:59 [main] INFO  lt.insoft.uztis.tests.UztisPageTest - Navigated to https://uztisdev.asseco.lt/home
2025-01-23 14:10:00 [main] INFO  l.i.uztis.tests.InvitationsPageTest - Starting test:'testCreateNewPvkInvitation'
2025-01-23 14:10:00 [main] DEBUG l.i.uztis.tests.InvitationsPageTest - User logged in with test credentials
2025-01-23 14:10:00 [main] DEBUG l.i.uztis.tests.InvitationsPageTest - Opened 'Application Processing' menu.
2025-01-23 14:10:00 [main] DEBUG l.i.uztis.tests.InvitationsPageTest - Clicked on 'Application Forms' menu.
2025-01-23 14:10:00 [main] DEBUG l.i.uztis.tests.InvitationsPageTest - Navigating to application forms menu.
2025-01-23 14:10:02 [main] DEBUG l.i.uztis.tests.InvitationsPageTest - Retrieved last description code text: 'TST-VUI-81'.
2025-01-23 14:10:02 [main] DEBUG l.i.uztis.tests.InvitationsPageTest - Clicked on 'Invitation' menu.
2025-01-23 14:10:02 [main] DEBUG l.i.uztis.tests.InvitationsPageTest - Clicked 'Create New Application Form'.
2025-01-23 14:10:03 [main] DEBUG l.i.uztis.tests.InvitationsPageTest - Selected section by code: 'TST-VUI-81'.
2025-01-23 14:10:04 [main] DEBUG l.i.uztis.tests.InvitationsPageTest - Selected invitation number from the list.
2025-01-23 14:10:04 [main] DEBUG l.i.uztis.tests.InvitationsPageTest - Entered current date.
2025-01-23 14:10:04 [main] DEBUG l.i.uztis.tests.InvitationsPageTest - Entered start time: 00:00.
2025-01-23 14:10:04 [main] DEBUG l.i.uztis.tests.InvitationsPageTest - Entered end date.
2025-01-23 14:10:05 [main] DEBUG l.i.uztis.tests.InvitationsPageTest - Entered end time: 11:11.
2025-01-23 14:10:05 [main] DEBUG l.i.uztis.tests.InvitationsPageTest - Entered publication end date.
2025-01-23 14:10:05 [main] DEBUG l.i.uztis.tests.InvitationsPageTest - Added additional values.
2025-01-23 14:10:05 [main] INFO  l.insoft.uztis.pages.InvitationsPage - Located the dropdown button.
2025-01-23 14:10:05 [main] DEBUG l.i.uztis.tests.InvitationsPageTest - Selected the value: 'Didžiausia galima paramos suma aplinkos darbo vietai, Eur'
2025-01-23 14:10:05 [main] INFO  l.insoft.uztis.pages.InvitationsPage - Located the dropdown button.
2025-01-23 14:10:06 [main] DEBUG l.i.uztis.tests.InvitationsPageTest - Selected the value: 'Didžiausia galima paramos suma, Eur'
2025-01-23 14:10:06 [main] INFO  l.insoft.uztis.pages.InvitationsPage - Located the dropdown button.
2025-01-23 14:10:06 [main] DEBUG l.i.uztis.tests.InvitationsPageTest - Selected the value: 'Didžiausia galima paramos suma vienai darbo vietai, Eur'
2025-01-23 14:10:06 [main] DEBUG l.i.uztis.tests.InvitationsPageTest - Entered value: 11000
2025-01-23 14:10:07 [main] DEBUG l.i.uztis.tests.InvitationsPageTest - Entered value: 12000
2025-01-23 14:10:07 [main] DEBUG l.i.uztis.tests.InvitationsPageTest - Entered value: 13000
2025-01-23 14:10:07 [main] DEBUG l.i.uztis.tests.InvitationsPageTest - Checked 'Legal Entities' checkbox.
2025-01-23 14:10:07 [main] DEBUG l.i.uztis.tests.InvitationsPageTest - Unchecked 'Persons Registered with Employment Service' checkbox.
2025-01-23 14:10:07 [main] DEBUG l.i.uztis.tests.InvitationsPageTest - Checked 'Persons Registered as Employers' checkbox.
2025-01-23 14:10:07 [main] DEBUG l.i.uztis.tests.InvitationsPageTest - Entered second evaluation grade: '5'.
2025-01-23 14:10:07 [main] DEBUG l.i.uztis.tests.InvitationsPageTest - Entered third evaluation grade: '6'.
2025-01-23 14:10:07 [main] DEBUG l.i.uztis.tests.InvitationsPageTest - Entered second evaluation grade weight: '0,45'.
2025-01-23 14:10:07 [main] DEBUG l.i.uztis.tests.InvitationsPageTest - Entered third evaluation grade weight: '0,55'.
2025-01-23 14:10:08 [main] DEBUG l.i.uztis.tests.InvitationsPageTest - Entered budget: '2000'.
2025-01-23 14:10:18 [main] ERROR l.i.uztis.tests.InvitationsPageTest - Test 'testCreateNewPvkInvitation' failed with error: no such element: Unable to locate element: {"method":"xpath","selector":"(//common-decimal-input//input)[15]"}
  (Session info: chrome=131.0.6778.265)
For documentation on this error, please visit: https://www.selenium.dev/documentation/webdriver/troubleshooting/errors#no-such-element-exception
Build info: version: '4.27.0', revision: 'd6e718d134'
System info: os.name: 'Windows 11', os.arch: 'amd64', os.version: '10.0', java.version: '21.0.3'
Driver info: org.openqa.selenium.chrome.ChromeDriver
Command: [0887e3f775c740be91d108448a99c7eb, findElement {using=xpath, value=(//common-decimal-input//input)[15]}]
Capabilities {acceptInsecureCerts: false, browserName: chrome, browserVersion: 131.0.6778.265, chrome: {chromedriverVersion: 131.0.6778.264 (2d05e315153..., userDataDir: C:\Users\INGRID~1.ZAD\AppDa...}, fedcm:accounts: true, goog:chromeOptions: {debuggerAddress: localhost:49316}, networkConnectionEnabled: false, pageLoadStrategy: normal, platformName: windows, proxy: Proxy(), se:cdp: ws://localhost:49316/devtoo..., se:cdpVersion: 131.0.6778.265, setWindowRect: true, strictFileInteractability: false, timeouts: {implicit: 0, pageLoad: 300000, script: 30000}, unhandledPromptBehavior: dismiss and notify, webauthn:extension:credBlob: true, webauthn:extension:largeBlob: true, webauthn:extension:minPinLength: true, webauthn:extension:prf: true, webauthn:virtualAuthenticators: true}
Session ID: 0887e3f775c740be91d108448a99c7eb
org.openqa.selenium.NoSuchElementException: no such element: Unable to locate element: {"method":"xpath","selector":"(//common-decimal-input//input)[15]"}
  (Session info: chrome=131.0.6778.265)
For documentation on this error, please visit: https://www.selenium.dev/documentation/webdriver/troubleshooting/errors#no-such-element-exception
Build info: version: '4.27.0', revision: 'd6e718d134'
System info: os.name: 'Windows 11', os.arch: 'amd64', os.version: '10.0', java.version: '21.0.3'
Driver info: org.openqa.selenium.chrome.ChromeDriver
Command: [0887e3f775c740be91d108448a99c7eb, findElement {using=xpath, value=(//common-decimal-input//input)[15]}]
Capabilities {acceptInsecureCerts: false, browserName: chrome, browserVersion: 131.0.6778.265, chrome: {chromedriverVersion: 131.0.6778.264 (2d05e315153..., userDataDir: C:\Users\INGRID~1.ZAD\AppDa...}, fedcm:accounts: true, goog:chromeOptions: {debuggerAddress: localhost:49316}, networkConnectionEnabled: false, pageLoadStrategy: normal, platformName: windows, proxy: Proxy(), se:cdp: ws://localhost:49316/devtoo..., se:cdpVersion: 131.0.6778.265, setWindowRect: true, strictFileInteractability: false, timeouts: {implicit: 0, pageLoad: 300000, script: 30000}, unhandledPromptBehavior: dismiss and notify, webauthn:extension:credBlob: true, webauthn:extension:largeBlob: true, webauthn:extension:minPinLength: true, webauthn:extension:prf: true, webauthn:virtualAuthenticators: true}
Session ID: 0887e3f775c740be91d108448a99c7eb
	at java.base/jdk.internal.reflect.DirectConstructorHandleAccessor.newInstance(DirectConstructorHandleAccessor.java:62)
	at java.base/java.lang.reflect.Constructor.newInstanceWithCaller(Constructor.java:502)
	at java.base/java.lang.reflect.Constructor.newInstance(Constructor.java:486)
	at org.openqa.selenium.remote.ErrorCodec.decode(ErrorCodec.java:167)
	at org.openqa.selenium.remote.codec.w3c.W3CHttpResponseCodec.decode(W3CHttpResponseCodec.java:138)
	at org.openqa.selenium.remote.codec.w3c.W3CHttpResponseCodec.decode(W3CHttpResponseCodec.java:50)
	at org.openqa.selenium.remote.HttpCommandExecutor.execute(HttpCommandExecutor.java:190)
	at org.openqa.selenium.remote.service.DriverCommandExecutor.invokeExecute(DriverCommandExecutor.java:216)
	at org.openqa.selenium.remote.service.DriverCommandExecutor.execute(DriverCommandExecutor.java:174)
	at org.openqa.selenium.remote.RemoteWebDriver.execute(RemoteWebDriver.java:545)
	at org.openqa.selenium.remote.ElementLocation$ElementFinder$2.findElement(ElementLocation.java:165)
	at org.openqa.selenium.remote.ElementLocation.findElement(ElementLocation.java:59)
	at org.openqa.selenium.remote.RemoteWebDriver.findElement(RemoteWebDriver.java:368)
	at org.openqa.selenium.remote.RemoteWebDriver.findElement(RemoteWebDriver.java:362)
	at org.openqa.selenium.support.pagefactory.DefaultElementLocator.findElement(DefaultElementLocator.java:68)
	at org.openqa.selenium.support.pagefactory.internal.LocatingElementHandler.invoke(LocatingElementHandler.java:38)
	at jdk.proxy2/jdk.proxy2.$Proxy14.sendKeys(Unknown Source)
	at lt.insoft.uztis.pages.InvitationsPage.enterBudgetKlaipeda(InvitationsPage.java:488)
	at lt.insoft.uztis.tests.InvitationsPageTest.testCreateNewPvkInvitation(InvitationsPageTest.java:685)
	at java.base/jdk.internal.reflect.DirectMethodHandleAccessor.invoke(DirectMethodHandleAccessor.java:103)
	at java.base/java.lang.reflect.Method.invoke(Method.java:580)
	at org.junit.platform.commons.util.ReflectionUtils.invokeMethod(ReflectionUtils.java:728)
	at org.junit.jupiter.engine.execution.MethodInvocation.proceed(MethodInvocation.java:60)
	at org.junit.jupiter.engine.execution.InvocationInterceptorChain$ValidatingInvocation.proceed(InvocationInterceptorChain.java:131)
	at org.junit.jupiter.engine.extension.TimeoutExtension.intercept(TimeoutExtension.java:156)
	at org.junit.jupiter.engine.extension.TimeoutExtension.interceptTestableMethod(TimeoutExtension.java:147)
	at org.junit.jupiter.engine.extension.TimeoutExtension.interceptTestMethod(TimeoutExtension.java:86)
	at org.junit.jupiter.engine.execution.InterceptingExecutableInvoker$ReflectiveInterceptorCall.lambda$ofVoidMethod$0(InterceptingExecutableInvoker.java:103)
	at org.junit.jupiter.engine.execution.InterceptingExecutableInvoker.lambda$invoke$0(InterceptingExecutableInvoker.java:93)
	at org.junit.jupiter.engine.execution.InvocationInterceptorChain$InterceptedInvocation.proceed(InvocationInterceptorChain.java:106)
	at org.junit.jupiter.engine.execution.InvocationInterceptorChain.proceed(InvocationInterceptorChain.java:64)
	at org.junit.jupiter.engine.execution.InvocationInterceptorChain.chainAndInvoke(InvocationInterceptorChain.java:45)
	at org.junit.jupiter.engine.execution.InvocationInterceptorChain.invoke(InvocationInterceptorChain.java:37)
	at org.junit.jupiter.engine.execution.InterceptingExecutableInvoker.invoke(InterceptingExecutableInvoker.java:92)
	at org.junit.jupiter.engine.execution.InterceptingExecutableInvoker.invoke(InterceptingExecutableInvoker.java:86)
	at org.junit.jupiter.engine.descriptor.TestMethodTestDescriptor.lambda$invokeTestMethod$7(TestMethodTestDescriptor.java:218)
	at org.junit.platform.engine.support.hierarchical.ThrowableCollector.execute(ThrowableCollector.java:73)
	at org.junit.jupiter.engine.descriptor.TestMethodTestDescriptor.invokeTestMethod(TestMethodTestDescriptor.java:214)
	at org.junit.jupiter.engine.descriptor.TestMethodTestDescriptor.execute(TestMethodTestDescriptor.java:139)
	at org.junit.jupiter.engine.descriptor.TestMethodTestDescriptor.execute(TestMethodTestDescriptor.java:69)
	at org.junit.platform.engine.support.hierarchical.NodeTestTask.lambda$executeRecursively$6(NodeTestTask.java:151)
	at org.junit.platform.engine.support.hierarchical.ThrowableCollector.execute(ThrowableCollector.java:73)
	at org.junit.platform.engine.support.hierarchical.NodeTestTask.lambda$executeRecursively$8(NodeTestTask.java:141)
	at org.junit.platform.engine.support.hierarchical.Node.around(Node.java:137)
	at org.junit.platform.engine.support.hierarchical.NodeTestTask.lambda$executeRecursively$9(NodeTestTask.java:139)
	at org.junit.platform.engine.support.hierarchical.ThrowableCollector.execute(ThrowableCollector.java:73)
	at org.junit.platform.engine.support.hierarchical.NodeTestTask.executeRecursively(NodeTestTask.java:138)
	at org.junit.platform.engine.support.hierarchical.NodeTestTask.execute(NodeTestTask.java:95)
	at java.base/java.util.ArrayList.forEach(ArrayList.java:1596)
	at org.junit.platform.engine.support.hierarchical.SameThreadHierarchicalTestExecutorService.invokeAll(SameThreadHierarchicalTestExecutorService.java:41)
	at org.junit.platform.engine.support.hierarchical.NodeTestTask.lambda$executeRecursively$6(NodeTestTask.java:155)
	at org.junit.platform.engine.support.hierarchical.ThrowableCollector.execute(ThrowableCollector.java:73)
	at org.junit.platform.engine.support.hierarchical.NodeTestTask.lambda$executeRecursively$8(NodeTestTask.java:141)
	at org.junit.platform.engine.support.hierarchical.Node.around(Node.java:137)
	at org.junit.platform.engine.support.hierarchical.NodeTestTask.lambda$executeRecursively$9(NodeTestTask.java:139)
	at org.junit.platform.engine.support.hierarchical.ThrowableCollector.execute(ThrowableCollector.java:73)
	at org.junit.platform.engine.support.hierarchical.NodeTestTask.executeRecursively(NodeTestTask.java:138)
	at org.junit.platform.engine.support.hierarchical.NodeTestTask.execute(NodeTestTask.java:95)
	at java.base/java.util.ArrayList.forEach(ArrayList.java:1596)
	at org.junit.platform.engine.support.hierarchical.SameThreadHierarchicalTestExecutorService.invokeAll(SameThreadHierarchicalTestExecutorService.java:41)
	at org.junit.platform.engine.support.hierarchical.NodeTestTask.lambda$executeRecursively$6(NodeTestTask.java:155)
	at org.junit.platform.engine.support.hierarchical.ThrowableCollector.execute(ThrowableCollector.java:73)
	at org.junit.platform.engine.support.hierarchical.NodeTestTask.lambda$executeRecursively$8(NodeTestTask.java:141)
	at org.junit.platform.engine.support.hierarchical.Node.around(Node.java:137)
	at org.junit.platform.engine.support.hierarchical.NodeTestTask.lambda$executeRecursively$9(NodeTestTask.java:139)
	at org.junit.platform.engine.support.hierarchical.ThrowableCollector.execute(ThrowableCollector.java:73)
	at org.junit.platform.engine.support.hierarchical.NodeTestTask.executeRecursively(NodeTestTask.java:138)
	at org.junit.platform.engine.support.hierarchical.NodeTestTask.execute(NodeTestTask.java:95)
	at org.junit.platform.engine.support.hierarchical.SameThreadHierarchicalTestExecutorService.submit(SameThreadHierarchicalTestExecutorService.java:35)
	at org.junit.platform.engine.support.hierarchical.HierarchicalTestExecutor.execute(HierarchicalTestExecutor.java:57)
	at org.junit.platform.engine.support.hierarchical.HierarchicalTestEngine.execute(HierarchicalTestEngine.java:54)
	at org.junit.platform.launcher.core.EngineExecutionOrchestrator.execute(EngineExecutionOrchestrator.java:198)
	at org.junit.platform.launcher.core.EngineExecutionOrchestrator.execute(EngineExecutionOrchestrator.java:169)
	at org.junit.platform.launcher.core.EngineExecutionOrchestrator.execute(EngineExecutionOrchestrator.java:93)
	at org.junit.platform.launcher.core.EngineExecutionOrchestrator.lambda$execute$0(EngineExecutionOrchestrator.java:58)
	at org.junit.platform.launcher.core.EngineExecutionOrchestrator.withInterceptedStreams(EngineExecutionOrchestrator.java:141)
	at org.junit.platform.launcher.core.EngineExecutionOrchestrator.execute(EngineExecutionOrchestrator.java:57)
	at org.junit.platform.launcher.core.DefaultLauncher.execute(DefaultLauncher.java:103)
	at org.junit.platform.launcher.core.DefaultLauncher.execute(DefaultLauncher.java:85)
	at org.junit.platform.launcher.core.DelegatingLauncher.execute(DelegatingLauncher.java:47)
	at org.junit.platform.launcher.core.SessionPerRequestLauncher.execute(SessionPerRequestLauncher.java:63)
	at com.intellij.junit5.JUnit5IdeaTestRunner.startRunnerWithArgs(JUnit5IdeaTestRunner.java:57)
	at com.intellij.rt.junit.IdeaTestRunner$Repeater$1.execute(IdeaTestRunner.java:38)
	at com.intellij.rt.execution.junit.TestsRepeater.repeat(TestsRepeater.java:11)
	at com.intellij.rt.junit.IdeaTestRunner$Repeater.startRunnerWithArgs(IdeaTestRunner.java:35)
	at com.intellij.rt.junit.JUnitStarter.prepareStreamsAndStart(JUnitStarter.java:232)
	at com.intellij.rt.junit.JUnitStarter.main(JUnitStarter.java:55)
2025-01-23 14:10:18 [main] INFO  l.insoft.uztis.tests.utils.TestUtils - Screenshot moved to C:\Users\ingrida.zadorozniene\Desktop\Asm\UZTIS\UZTIS_tests\test-output\screenshots\20250123\141018245_testCreateNewPvkInvitation().png
2025-01-23 14:10:35 [main] INFO  lt.insoft.uztis.tests.UztisPageTest - Navigated to https://uztisdev.asseco.lt/home
2025-01-23 14:10:35 [main] INFO  l.i.u.t.SubmittedApplicationsPageTest - Starting test:'testFillNewApplication'
2025-01-23 14:10:36 [main] DEBUG l.i.u.t.SubmittedApplicationsPageTest - User logged in with test credentials
2025-01-23 14:10:36 [main] DEBUG l.i.u.t.SubmittedApplicationsPageTest - Opened 'Application Processing' menu.
2025-01-23 14:10:36 [main] DEBUG l.i.u.t.SubmittedApplicationsPageTest - Clicked on 'Application Forms' menu.
2025-01-23 14:10:37 [main] DEBUG l.i.u.t.SubmittedApplicationsPageTest - Retrieved last description code text: 'TST-VUI-81'.
2025-01-23 14:10:37 [main] DEBUG l.i.u.t.SubmittedApplicationsPageTest - Clicked on 'Invitation' menu.
2025-01-23 14:10:37 [main] DEBUG l.i.u.t.SubmittedApplicationsPageTest - Selected application section by code: 'TST-VUI-81'.
2025-01-23 14:10:38 [main] DEBUG l.i.u.t.SubmittedApplicationsPageTest - Clicked 'Search' button.
2025-01-23 14:10:38 [main] DEBUG l.i.u.t.SubmittedApplicationsPageTest - Retrieved invitation code: ''.
2025-01-23 14:10:38 [main] DEBUG l.i.u.t.SubmittedApplicationsPageTest - Clicked on 'Submitted Applications' menu.
2025-01-23 14:10:38 [main] DEBUG l.i.u.t.SubmittedApplicationsPageTest - Selected invitation by code: 'TST-VUI-81'.
2025-01-23 14:10:39 [main] DEBUG l.i.u.t.SubmittedApplicationsPageTest - Clicked on 'Action Application' button.
2025-01-23 14:10:39 [main] DEBUG l.i.u.t.SubmittedApplicationsPageTest - Clicked on 'New Application' button.
2025-01-23 14:10:39 [main] DEBUG l.i.u.t.SubmittedApplicationsPageTest - Clicked on 'RadioButtonFA' button.
2025-01-23 14:10:39 [main] DEBUG l.i.u.t.SubmittedApplicationsPageTest - Entered phone number into the input field.
2025-01-23 14:10:40 [main] DEBUG l.i.u.t.SubmittedApplicationsPageTest - Entered eMail into the input field.
2025-01-23 14:10:40 [main] INFO  l.i.u.p.SubmittedApplicationsPage - Located the dropdown button.
2025-01-23 14:10:59 [main] INFO  l.i.u.p.SubmittedApplicationsPage - Found 1741 options in the dropdown.
2025-01-23 14:10:59 [main] INFO  l.i.u.p.SubmittedApplicationsPage - Successfully selected the value: '01.11 - Grūdinių (išskyrus ryžius), ankštinių ir aliejingų sėklų augalų auginimas'
2025-01-23 14:11:10 [main] ERROR l.i.u.p.SubmittedApplicationsPage - Failed to close the dropdown with aria-expanded = 'false'. Attempting manual close.
2025-01-23 14:11:10 [main] INFO  l.i.u.p.SubmittedApplicationsPage - Manual close attempt for the dropdown using body click.
2025-01-23 14:11:10 [main] DEBUG l.i.u.t.SubmittedApplicationsPageTest - Entered Address into the input field.
2025-01-23 14:11:10 [main] DEBUG l.i.u.t.SubmittedApplicationsPageTest - Entered Address into the input field.
2025-01-23 14:11:11 [main] INFO  l.i.u.p.SubmittedApplicationsPage - Located the dropdown button.
2025-01-23 14:11:12 [main] ERROR l.i.u.t.SubmittedApplicationsPageTest - Test 'testFillNewApplication' failed with error: element click intercepted: Element <mat-label>...</mat-label> is not clickable at point (1051, 152). Other element would receive the click: ...<span class="mat-mdc-select-placeholder mat-mdc-select-min-line ng-tns-c1073613477-35 ng-star-inserted"></span>
  (Session info: chrome=131.0.6778.265)
Build info: version: '4.27.0', revision: 'd6e718d134'
System info: os.name: 'Windows 11', os.arch: 'amd64', os.version: '10.0', java.version: '21.0.3'
Driver info: org.openqa.selenium.chrome.ChromeDriver
Command: [ebad2e85fa6968a3cc68d14422360f09, clickElement {id=f.C11467F7981CB4EDF10E1D915E0D2D19.d.19A4E3A30EE3C72226BE8447B0FDB01E.e.2053}]
Capabilities {acceptInsecureCerts: false, browserName: chrome, browserVersion: 131.0.6778.265, chrome: {chromedriverVersion: 131.0.6778.264 (2d05e315153..., userDataDir: C:\Users\INGRID~1.ZAD\AppDa...}, fedcm:accounts: true, goog:chromeOptions: {debuggerAddress: localhost:49353}, networkConnectionEnabled: false, pageLoadStrategy: normal, platformName: windows, proxy: Proxy(), se:cdp: ws://localhost:49353/devtoo..., se:cdpVersion: 131.0.6778.265, setWindowRect: true, strictFileInteractability: false, timeouts: {implicit: 0, pageLoad: 300000, script: 30000}, unhandledPromptBehavior: dismiss and notify, webauthn:extension:credBlob: true, webauthn:extension:largeBlob: true, webauthn:extension:minPinLength: true, webauthn:extension:prf: true, webauthn:virtualAuthenticators: true}
Element: [[ChromeDriver: chrome on windows (ebad2e85fa6968a3cc68d14422360f09)] -> xpath: //mat-label[contains(text(), 'Darbo vietos pavadinimas')]]
Session ID: ebad2e85fa6968a3cc68d14422360f09
org.openqa.selenium.ElementClickInterceptedException: element click intercepted: Element <mat-label>...</mat-label> is not clickable at point (1051, 152). Other element would receive the click: ...<span class="mat-mdc-select-placeholder mat-mdc-select-min-line ng-tns-c1073613477-35 ng-star-inserted"></span>
  (Session info: chrome=131.0.6778.265)
Build info: version: '4.27.0', revision: 'd6e718d134'
System info: os.name: 'Windows 11', os.arch: 'amd64', os.version: '10.0', java.version: '21.0.3'
Driver info: org.openqa.selenium.chrome.ChromeDriver
Command: [ebad2e85fa6968a3cc68d14422360f09, clickElement {id=f.C11467F7981CB4EDF10E1D915E0D2D19.d.19A4E3A30EE3C72226BE8447B0FDB01E.e.2053}]
Capabilities {acceptInsecureCerts: false, browserName: chrome, browserVersion: 131.0.6778.265, chrome: {chromedriverVersion: 131.0.6778.264 (2d05e315153..., userDataDir: C:\Users\INGRID~1.ZAD\AppDa...}, fedcm:accounts: true, goog:chromeOptions: {debuggerAddress: localhost:49353}, networkConnectionEnabled: false, pageLoadStrategy: normal, platformName: windows, proxy: Proxy(), se:cdp: ws://localhost:49353/devtoo..., se:cdpVersion: 131.0.6778.265, setWindowRect: true, strictFileInteractability: false, timeouts: {implicit: 0, pageLoad: 300000, script: 30000}, unhandledPromptBehavior: dismiss and notify, webauthn:extension:credBlob: true, webauthn:extension:largeBlob: true, webauthn:extension:minPinLength: true, webauthn:extension:prf: true, webauthn:virtualAuthenticators: true}
Element: [[ChromeDriver: chrome on windows (ebad2e85fa6968a3cc68d14422360f09)] -> xpath: //mat-label[contains(text(), 'Darbo vietos pavadinimas')]]
Session ID: ebad2e85fa6968a3cc68d14422360f09
	at java.base/jdk.internal.reflect.DirectConstructorHandleAccessor.newInstance(DirectConstructorHandleAccessor.java:62)
	at java.base/java.lang.reflect.Constructor.newInstanceWithCaller(Constructor.java:502)
	at java.base/java.lang.reflect.Constructor.newInstance(Constructor.java:486)
	at org.openqa.selenium.remote.ErrorCodec.decode(ErrorCodec.java:167)
	at org.openqa.selenium.remote.codec.w3c.W3CHttpResponseCodec.decode(W3CHttpResponseCodec.java:138)
	at org.openqa.selenium.remote.codec.w3c.W3CHttpResponseCodec.decode(W3CHttpResponseCodec.java:50)
	at org.openqa.selenium.remote.HttpCommandExecutor.execute(HttpCommandExecutor.java:190)
	at org.openqa.selenium.remote.service.DriverCommandExecutor.invokeExecute(DriverCommandExecutor.java:216)
	at org.openqa.selenium.remote.service.DriverCommandExecutor.execute(DriverCommandExecutor.java:174)
	at org.openqa.selenium.remote.RemoteWebDriver.execute(RemoteWebDriver.java:545)
	at org.openqa.selenium.remote.RemoteWebElement.execute(RemoteWebElement.java:223)
	at org.openqa.selenium.remote.RemoteWebElement.click(RemoteWebElement.java:76)
	at java.base/jdk.internal.reflect.DirectMethodHandleAccessor.invoke(DirectMethodHandleAccessor.java:103)
	at java.base/java.lang.reflect.Method.invoke(Method.java:580)
	at org.openqa.selenium.support.pagefactory.internal.LocatingElementHandler.invoke(LocatingElementHandler.java:51)
	at jdk.proxy2/jdk.proxy2.$Proxy14.click(Unknown Source)
	at lt.insoft.uztis.pages.SubmittedApplicationsPage.selectDropdownJobName(SubmittedApplicationsPage.java:252)
	at lt.insoft.uztis.tests.SubmittedApplicationsPageTest.testFillNewApplication(SubmittedApplicationsPageTest.java:174)
	at java.base/jdk.internal.reflect.DirectMethodHandleAccessor.invoke(DirectMethodHandleAccessor.java:103)
	at java.base/java.lang.reflect.Method.invoke(Method.java:580)
	at org.junit.platform.commons.util.ReflectionUtils.invokeMethod(ReflectionUtils.java:728)
	at org.junit.jupiter.engine.execution.MethodInvocation.proceed(MethodInvocation.java:60)
	at org.junit.jupiter.engine.execution.InvocationInterceptorChain$ValidatingInvocation.proceed(InvocationInterceptorChain.java:131)
	at org.junit.jupiter.engine.extension.TimeoutExtension.intercept(TimeoutExtension.java:156)
	at org.junit.jupiter.engine.extension.TimeoutExtension.interceptTestableMethod(TimeoutExtension.java:147)
	at org.junit.jupiter.engine.extension.TimeoutExtension.interceptTestMethod(TimeoutExtension.java:86)
	at org.junit.jupiter.engine.execution.InterceptingExecutableInvoker$ReflectiveInterceptorCall.lambda$ofVoidMethod$0(InterceptingExecutableInvoker.java:103)
	at org.junit.jupiter.engine.execution.InterceptingExecutableInvoker.lambda$invoke$0(InterceptingExecutableInvoker.java:93)
	at org.junit.jupiter.engine.execution.InvocationInterceptorChain$InterceptedInvocation.proceed(InvocationInterceptorChain.java:106)
	at org.junit.jupiter.engine.execution.InvocationInterceptorChain.proceed(InvocationInterceptorChain.java:64)
	at org.junit.jupiter.engine.execution.InvocationInterceptorChain.chainAndInvoke(InvocationInterceptorChain.java:45)
	at org.junit.jupiter.engine.execution.InvocationInterceptorChain.invoke(InvocationInterceptorChain.java:37)
	at org.junit.jupiter.engine.execution.InterceptingExecutableInvoker.invoke(InterceptingExecutableInvoker.java:92)
	at org.junit.jupiter.engine.execution.InterceptingExecutableInvoker.invoke(InterceptingExecutableInvoker.java:86)
	at org.junit.jupiter.engine.descriptor.TestMethodTestDescriptor.lambda$invokeTestMethod$7(TestMethodTestDescriptor.java:218)
	at org.junit.platform.engine.support.hierarchical.ThrowableCollector.execute(ThrowableCollector.java:73)
	at org.junit.jupiter.engine.descriptor.TestMethodTestDescriptor.invokeTestMethod(TestMethodTestDescriptor.java:214)
	at org.junit.jupiter.engine.descriptor.TestMethodTestDescriptor.execute(TestMethodTestDescriptor.java:139)
	at org.junit.jupiter.engine.descriptor.TestMethodTestDescriptor.execute(TestMethodTestDescriptor.java:69)
	at org.junit.platform.engine.support.hierarchical.NodeTestTask.lambda$executeRecursively$6(NodeTestTask.java:151)
	at org.junit.platform.engine.support.hierarchical.ThrowableCollector.execute(ThrowableCollector.java:73)
	at org.junit.platform.engine.support.hierarchical.NodeTestTask.lambda$executeRecursively$8(NodeTestTask.java:141)
	at org.junit.platform.engine.support.hierarchical.Node.around(Node.java:137)
	at org.junit.platform.engine.support.hierarchical.NodeTestTask.lambda$executeRecursively$9(NodeTestTask.java:139)
	at org.junit.platform.engine.support.hierarchical.ThrowableCollector.execute(ThrowableCollector.java:73)
	at org.junit.platform.engine.support.hierarchical.NodeTestTask.executeRecursively(NodeTestTask.java:138)
	at org.junit.platform.engine.support.hierarchical.NodeTestTask.execute(NodeTestTask.java:95)
	at java.base/java.util.ArrayList.forEach(ArrayList.java:1596)
	at org.junit.platform.engine.support.hierarchical.SameThreadHierarchicalTestExecutorService.invokeAll(SameThreadHierarchicalTestExecutorService.java:41)
	at org.junit.platform.engine.support.hierarchical.NodeTestTask.lambda$executeRecursively$6(NodeTestTask.java:155)
	at org.junit.platform.engine.support.hierarchical.ThrowableCollector.execute(ThrowableCollector.java:73)
	at org.junit.platform.engine.support.hierarchical.NodeTestTask.lambda$executeRecursively$8(NodeTestTask.java:141)
	at org.junit.platform.engine.support.hierarchical.Node.around(Node.java:137)
	at org.junit.platform.engine.support.hierarchical.NodeTestTask.lambda$executeRecursively$9(NodeTestTask.java:139)
	at org.junit.platform.engine.support.hierarchical.ThrowableCollector.execute(ThrowableCollector.java:73)
	at org.junit.platform.engine.support.hierarchical.NodeTestTask.executeRecursively(NodeTestTask.java:138)
	at org.junit.platform.engine.support.hierarchical.NodeTestTask.execute(NodeTestTask.java:95)
	at java.base/java.util.ArrayList.forEach(ArrayList.java:1596)
	at org.junit.platform.engine.support.hierarchical.SameThreadHierarchicalTestExecutorService.invokeAll(SameThreadHierarchicalTestExecutorService.java:41)
	at org.junit.platform.engine.support.hierarchical.NodeTestTask.lambda$executeRecursively$6(NodeTestTask.java:155)
	at org.junit.platform.engine.support.hierarchical.ThrowableCollector.execute(ThrowableCollector.java:73)
	at org.junit.platform.engine.support.hierarchical.NodeTestTask.lambda$executeRecursively$8(NodeTestTask.java:141)
	at org.junit.platform.engine.support.hierarchical.Node.around(Node.java:137)
	at org.junit.platform.engine.support.hierarchical.NodeTestTask.lambda$executeRecursively$9(NodeTestTask.java:139)
	at org.junit.platform.engine.support.hierarchical.ThrowableCollector.execute(ThrowableCollector.java:73)
	at org.junit.platform.engine.support.hierarchical.NodeTestTask.executeRecursively(NodeTestTask.java:138)
	at org.junit.platform.engine.support.hierarchical.NodeTestTask.execute(NodeTestTask.java:95)
	at org.junit.platform.engine.support.hierarchical.SameThreadHierarchicalTestExecutorService.submit(SameThreadHierarchicalTestExecutorService.java:35)
	at org.junit.platform.engine.support.hierarchical.HierarchicalTestExecutor.execute(HierarchicalTestExecutor.java:57)
	at org.junit.platform.engine.support.hierarchical.HierarchicalTestEngine.execute(HierarchicalTestEngine.java:54)
	at org.junit.platform.launcher.core.EngineExecutionOrchestrator.execute(EngineExecutionOrchestrator.java:198)
	at org.junit.platform.launcher.core.EngineExecutionOrchestrator.execute(EngineExecutionOrchestrator.java:169)
	at org.junit.platform.launcher.core.EngineExecutionOrchestrator.execute(EngineExecutionOrchestrator.java:93)
	at org.junit.platform.launcher.core.EngineExecutionOrchestrator.lambda$execute$0(EngineExecutionOrchestrator.java:58)
	at org.junit.platform.launcher.core.EngineExecutionOrchestrator.withInterceptedStreams(EngineExecutionOrchestrator.java:141)
	at org.junit.platform.launcher.core.EngineExecutionOrchestrator.execute(EngineExecutionOrchestrator.java:57)
	at org.junit.platform.launcher.core.DefaultLauncher.execute(DefaultLauncher.java:103)
	at org.junit.platform.launcher.core.DefaultLauncher.execute(DefaultLauncher.java:85)
	at org.junit.platform.launcher.core.DelegatingLauncher.execute(DelegatingLauncher.java:47)
	at org.junit.platform.launcher.core.SessionPerRequestLauncher.execute(SessionPerRequestLauncher.java:63)
	at com.intellij.junit5.JUnit5IdeaTestRunner.startRunnerWithArgs(JUnit5IdeaTestRunner.java:57)
	at com.intellij.rt.junit.IdeaTestRunner$Repeater$1.execute(IdeaTestRunner.java:38)
	at com.intellij.rt.execution.junit.TestsRepeater.repeat(TestsRepeater.java:11)
	at com.intellij.rt.junit.IdeaTestRunner$Repeater.startRunnerWithArgs(IdeaTestRunner.java:35)
	at com.intellij.rt.junit.JUnitStarter.prepareStreamsAndStart(JUnitStarter.java:232)
	at com.intellij.rt.junit.JUnitStarter.main(JUnitStarter.java:55)
2025-01-23 14:11:12 [main] INFO  l.insoft.uztis.tests.utils.TestUtils - Screenshot moved to C:\Users\ingrida.zadorozniene\Desktop\Asm\UZTIS\UZTIS_tests\test-output\screenshots\20250123\141112666_testFillNewApplication().png
2025-01-23 14:12:15 [main] INFO  lt.insoft.uztis.tests.UztisPageTest - Navigated to https://uztisdev.asseco.lt/home
2025-01-23 14:12:15 [main] INFO  l.i.u.t.SubmittedApplicationsPageTest - Starting test:'testFillNewApplication'
2025-01-23 14:12:16 [main] DEBUG l.i.u.t.SubmittedApplicationsPageTest - User logged in with test credentials
2025-01-23 14:12:16 [main] DEBUG l.i.u.t.SubmittedApplicationsPageTest - Opened 'Application Processing' menu.
2025-01-23 14:12:16 [main] DEBUG l.i.u.t.SubmittedApplicationsPageTest - Clicked on 'Application Forms' menu.
2025-01-23 14:12:17 [main] DEBUG l.i.u.t.SubmittedApplicationsPageTest - Retrieved last description code text: 'TST-VUI-81'.
2025-01-23 14:12:17 [main] DEBUG l.i.u.t.SubmittedApplicationsPageTest - Clicked on 'Invitation' menu.
2025-01-23 14:12:18 [main] DEBUG l.i.u.t.SubmittedApplicationsPageTest - Selected application section by code: 'TST-VUI-81'.
2025-01-23 14:12:18 [main] DEBUG l.i.u.t.SubmittedApplicationsPageTest - Clicked 'Search' button.
2025-01-23 14:12:18 [main] DEBUG l.i.u.t.SubmittedApplicationsPageTest - Retrieved invitation code: ''.
2025-01-23 14:12:18 [main] DEBUG l.i.u.t.SubmittedApplicationsPageTest - Clicked on 'Submitted Applications' menu.
2025-01-23 14:12:19 [main] DEBUG l.i.u.t.SubmittedApplicationsPageTest - Selected invitation by code: 'TST-VUI-81'.
2025-01-23 14:12:19 [main] DEBUG l.i.u.t.SubmittedApplicationsPageTest - Clicked on 'Action Application' button.
2025-01-23 14:12:19 [main] DEBUG l.i.u.t.SubmittedApplicationsPageTest - Clicked on 'New Application' button.
2025-01-23 14:12:20 [main] DEBUG l.i.u.t.SubmittedApplicationsPageTest - Clicked on 'RadioButtonFA' button.
2025-01-23 14:12:20 [main] DEBUG l.i.u.t.SubmittedApplicationsPageTest - Entered phone number into the input field.
2025-01-23 14:12:20 [main] DEBUG l.i.u.t.SubmittedApplicationsPageTest - Entered eMail into the input field.
2025-01-23 14:12:20 [main] INFO  l.i.u.p.SubmittedApplicationsPage - Located the dropdown button.
2025-01-23 14:12:38 [main] INFO  l.i.u.p.SubmittedApplicationsPage - Found 1741 options in the dropdown.
2025-01-23 14:12:39 [main] INFO  l.i.u.p.SubmittedApplicationsPage - Successfully selected the value: '01.11 - Grūdinių (išskyrus ryžius), ankštinių ir aliejingų sėklų augalų auginimas'
2025-01-23 14:12:49 [main] ERROR l.i.u.p.SubmittedApplicationsPage - Failed to close the dropdown with aria-expanded = 'false'. Attempting manual close.
2025-01-23 14:12:49 [main] INFO  l.i.u.p.SubmittedApplicationsPage - Manual close attempt for the dropdown using body click.
2025-01-23 14:12:49 [main] DEBUG l.i.u.t.SubmittedApplicationsPageTest - Entered Address into the input field.
2025-01-23 14:12:50 [main] DEBUG l.i.u.t.SubmittedApplicationsPageTest - Entered Address into the input field.
2025-01-23 14:12:50 [main] INFO  l.i.u.p.SubmittedApplicationsPage - Located the dropdown button.
2025-01-23 14:12:51 [main] INFO  l.i.u.p.SubmittedApplicationsPage - Successfully selected the value: 'Administratoriai'
2025-01-23 14:13:01 [main] ERROR l.i.u.p.SubmittedApplicationsPage - Timeout while waiting for dropdown to close with aria-expanded = 'false'.
2025-01-23 14:13:01 [main] DEBUG l.i.u.t.SubmittedApplicationsPageTest - Selected the value: 'Administratoriai'
2025-01-23 14:13:11 [main] ERROR l.i.u.t.SubmittedApplicationsPageTest - Test 'testFillNewApplication' failed with error: no such element: Unable to locate element: {"method":"xpath","selector":"//mat-radio-button[label[text()='Taip']]"}
  (Session info: chrome=131.0.6778.265)
For documentation on this error, please visit: https://www.selenium.dev/documentation/webdriver/troubleshooting/errors#no-such-element-exception
Build info: version: '4.27.0', revision: 'd6e718d134'
System info: os.name: 'Windows 11', os.arch: 'amd64', os.version: '10.0', java.version: '21.0.3'
Driver info: org.openqa.selenium.chrome.ChromeDriver
Command: [0891d50b0bc51ec3039e2955e59d56fa, findElement {using=xpath, value=//mat-radio-button[label[text()='Taip']]}]
Capabilities {acceptInsecureCerts: false, browserName: chrome, browserVersion: 131.0.6778.265, chrome: {chromedriverVersion: 131.0.6778.264 (2d05e315153..., userDataDir: C:\Users\INGRID~1.ZAD\AppDa...}, fedcm:accounts: true, goog:chromeOptions: {debuggerAddress: localhost:49425}, networkConnectionEnabled: false, pageLoadStrategy: normal, platformName: windows, proxy: Proxy(), se:cdp: ws://localhost:49425/devtoo..., se:cdpVersion: 131.0.6778.265, setWindowRect: true, strictFileInteractability: false, timeouts: {implicit: 0, pageLoad: 300000, script: 30000}, unhandledPromptBehavior: dismiss and notify, webauthn:extension:credBlob: true, webauthn:extension:largeBlob: true, webauthn:extension:minPinLength: true, webauthn:extension:prf: true, webauthn:virtualAuthenticators: true}
Session ID: 0891d50b0bc51ec3039e2955e59d56fa
org.openqa.selenium.NoSuchElementException: no such element: Unable to locate element: {"method":"xpath","selector":"//mat-radio-button[label[text()='Taip']]"}
  (Session info: chrome=131.0.6778.265)
For documentation on this error, please visit: https://www.selenium.dev/documentation/webdriver/troubleshooting/errors#no-such-element-exception
Build info: version: '4.27.0', revision: 'd6e718d134'
System info: os.name: 'Windows 11', os.arch: 'amd64', os.version: '10.0', java.version: '21.0.3'
Driver info: org.openqa.selenium.chrome.ChromeDriver
Command: [0891d50b0bc51ec3039e2955e59d56fa, findElement {using=xpath, value=//mat-radio-button[label[text()='Taip']]}]
Capabilities {acceptInsecureCerts: false, browserName: chrome, browserVersion: 131.0.6778.265, chrome: {chromedriverVersion: 131.0.6778.264 (2d05e315153..., userDataDir: C:\Users\INGRID~1.ZAD\AppDa...}, fedcm:accounts: true, goog:chromeOptions: {debuggerAddress: localhost:49425}, networkConnectionEnabled: false, pageLoadStrategy: normal, platformName: windows, proxy: Proxy(), se:cdp: ws://localhost:49425/devtoo..., se:cdpVersion: 131.0.6778.265, setWindowRect: true, strictFileInteractability: false, timeouts: {implicit: 0, pageLoad: 300000, script: 30000}, unhandledPromptBehavior: dismiss and notify, webauthn:extension:credBlob: true, webauthn:extension:largeBlob: true, webauthn:extension:minPinLength: true, webauthn:extension:prf: true, webauthn:virtualAuthenticators: true}
Session ID: 0891d50b0bc51ec3039e2955e59d56fa
	at java.base/jdk.internal.reflect.DirectConstructorHandleAccessor.newInstance(DirectConstructorHandleAccessor.java:62)
	at java.base/java.lang.reflect.Constructor.newInstanceWithCaller(Constructor.java:502)
	at java.base/java.lang.reflect.Constructor.newInstance(Constructor.java:486)
	at org.openqa.selenium.remote.ErrorCodec.decode(ErrorCodec.java:167)
	at org.openqa.selenium.remote.codec.w3c.W3CHttpResponseCodec.decode(W3CHttpResponseCodec.java:138)
	at org.openqa.selenium.remote.codec.w3c.W3CHttpResponseCodec.decode(W3CHttpResponseCodec.java:50)
	at org.openqa.selenium.remote.HttpCommandExecutor.execute(HttpCommandExecutor.java:190)
	at org.openqa.selenium.remote.service.DriverCommandExecutor.invokeExecute(DriverCommandExecutor.java:216)
	at org.openqa.selenium.remote.service.DriverCommandExecutor.execute(DriverCommandExecutor.java:174)
	at org.openqa.selenium.remote.RemoteWebDriver.execute(RemoteWebDriver.java:545)
	at org.openqa.selenium.remote.ElementLocation$ElementFinder$2.findElement(ElementLocation.java:165)
	at org.openqa.selenium.remote.ElementLocation.findElement(ElementLocation.java:59)
	at org.openqa.selenium.remote.RemoteWebDriver.findElement(RemoteWebDriver.java:368)
	at org.openqa.selenium.remote.RemoteWebDriver.findElement(RemoteWebDriver.java:362)
	at org.openqa.selenium.support.pagefactory.DefaultElementLocator.findElement(DefaultElementLocator.java:68)
	at org.openqa.selenium.support.pagefactory.internal.LocatingElementHandler.invoke(LocatingElementHandler.java:38)
	at jdk.proxy2/jdk.proxy2.$Proxy14.isSelected(Unknown Source)
	at lt.insoft.uztis.pages.SubmittedApplicationsPage.clickRadioButtonWithDisabilities(SubmittedApplicationsPage.java:293)
	at lt.insoft.uztis.tests.SubmittedApplicationsPageTest.testFillNewApplication(SubmittedApplicationsPageTest.java:180)
	at java.base/jdk.internal.reflect.DirectMethodHandleAccessor.invoke(DirectMethodHandleAccessor.java:103)
	at java.base/java.lang.reflect.Method.invoke(Method.java:580)
	at org.junit.platform.commons.util.ReflectionUtils.invokeMethod(ReflectionUtils.java:728)
	at org.junit.jupiter.engine.execution.MethodInvocation.proceed(MethodInvocation.java:60)
	at org.junit.jupiter.engine.execution.InvocationInterceptorChain$ValidatingInvocation.proceed(InvocationInterceptorChain.java:131)
	at org.junit.jupiter.engine.extension.TimeoutExtension.intercept(TimeoutExtension.java:156)
	at org.junit.jupiter.engine.extension.TimeoutExtension.interceptTestableMethod(TimeoutExtension.java:147)
	at org.junit.jupiter.engine.extension.TimeoutExtension.interceptTestMethod(TimeoutExtension.java:86)
	at org.junit.jupiter.engine.execution.InterceptingExecutableInvoker$ReflectiveInterceptorCall.lambda$ofVoidMethod$0(InterceptingExecutableInvoker.java:103)
	at org.junit.jupiter.engine.execution.InterceptingExecutableInvoker.lambda$invoke$0(InterceptingExecutableInvoker.java:93)
	at org.junit.jupiter.engine.execution.InvocationInterceptorChain$InterceptedInvocation.proceed(InvocationInterceptorChain.java:106)
	at org.junit.jupiter.engine.execution.InvocationInterceptorChain.proceed(InvocationInterceptorChain.java:64)
	at org.junit.jupiter.engine.execution.InvocationInterceptorChain.chainAndInvoke(InvocationInterceptorChain.java:45)
	at org.junit.jupiter.engine.execution.InvocationInterceptorChain.invoke(InvocationInterceptorChain.java:37)
	at org.junit.jupiter.engine.execution.InterceptingExecutableInvoker.invoke(InterceptingExecutableInvoker.java:92)
	at org.junit.jupiter.engine.execution.InterceptingExecutableInvoker.invoke(InterceptingExecutableInvoker.java:86)
	at org.junit.jupiter.engine.descriptor.TestMethodTestDescriptor.lambda$invokeTestMethod$7(TestMethodTestDescriptor.java:218)
	at org.junit.platform.engine.support.hierarchical.ThrowableCollector.execute(ThrowableCollector.java:73)
	at org.junit.jupiter.engine.descriptor.TestMethodTestDescriptor.invokeTestMethod(TestMethodTestDescriptor.java:214)
	at org.junit.jupiter.engine.descriptor.TestMethodTestDescriptor.execute(TestMethodTestDescriptor.java:139)
	at org.junit.jupiter.engine.descriptor.TestMethodTestDescriptor.execute(TestMethodTestDescriptor.java:69)
	at org.junit.platform.engine.support.hierarchical.NodeTestTask.lambda$executeRecursively$6(NodeTestTask.java:151)
	at org.junit.platform.engine.support.hierarchical.ThrowableCollector.execute(ThrowableCollector.java:73)
	at org.junit.platform.engine.support.hierarchical.NodeTestTask.lambda$executeRecursively$8(NodeTestTask.java:141)
	at org.junit.platform.engine.support.hierarchical.Node.around(Node.java:137)
	at org.junit.platform.engine.support.hierarchical.NodeTestTask.lambda$executeRecursively$9(NodeTestTask.java:139)
	at org.junit.platform.engine.support.hierarchical.ThrowableCollector.execute(ThrowableCollector.java:73)
	at org.junit.platform.engine.support.hierarchical.NodeTestTask.executeRecursively(NodeTestTask.java:138)
	at org.junit.platform.engine.support.hierarchical.NodeTestTask.execute(NodeTestTask.java:95)
	at java.base/java.util.ArrayList.forEach(ArrayList.java:1596)
	at org.junit.platform.engine.support.hierarchical.SameThreadHierarchicalTestExecutorService.invokeAll(SameThreadHierarchicalTestExecutorService.java:41)
	at org.junit.platform.engine.support.hierarchical.NodeTestTask.lambda$executeRecursively$6(NodeTestTask.java:155)
	at org.junit.platform.engine.support.hierarchical.ThrowableCollector.execute(ThrowableCollector.java:73)
	at org.junit.platform.engine.support.hierarchical.NodeTestTask.lambda$executeRecursively$8(NodeTestTask.java:141)
	at org.junit.platform.engine.support.hierarchical.Node.around(Node.java:137)
	at org.junit.platform.engine.support.hierarchical.NodeTestTask.lambda$executeRecursively$9(NodeTestTask.java:139)
	at org.junit.platform.engine.support.hierarchical.ThrowableCollector.execute(ThrowableCollector.java:73)
	at org.junit.platform.engine.support.hierarchical.NodeTestTask.executeRecursively(NodeTestTask.java:138)
	at org.junit.platform.engine.support.hierarchical.NodeTestTask.execute(NodeTestTask.java:95)
	at java.base/java.util.ArrayList.forEach(ArrayList.java:1596)
	at org.junit.platform.engine.support.hierarchical.SameThreadHierarchicalTestExecutorService.invokeAll(SameThreadHierarchicalTestExecutorService.java:41)
	at org.junit.platform.engine.support.hierarchical.NodeTestTask.lambda$executeRecursively$6(NodeTestTask.java:155)
	at org.junit.platform.engine.support.hierarchical.ThrowableCollector.execute(ThrowableCollector.java:73)
	at org.junit.platform.engine.support.hierarchical.NodeTestTask.lambda$executeRecursively$8(NodeTestTask.java:141)
	at org.junit.platform.engine.support.hierarchical.Node.around(Node.java:137)
	at org.junit.platform.engine.support.hierarchical.NodeTestTask.lambda$executeRecursively$9(NodeTestTask.java:139)
	at org.junit.platform.engine.support.hierarchical.ThrowableCollector.execute(ThrowableCollector.java:73)
	at org.junit.platform.engine.support.hierarchical.NodeTestTask.executeRecursively(NodeTestTask.java:138)
	at org.junit.platform.engine.support.hierarchical.NodeTestTask.execute(NodeTestTask.java:95)
	at org.junit.platform.engine.support.hierarchical.SameThreadHierarchicalTestExecutorService.submit(SameThreadHierarchicalTestExecutorService.java:35)
	at org.junit.platform.engine.support.hierarchical.HierarchicalTestExecutor.execute(HierarchicalTestExecutor.java:57)
	at org.junit.platform.engine.support.hierarchical.HierarchicalTestEngine.execute(HierarchicalTestEngine.java:54)
	at org.junit.platform.launcher.core.EngineExecutionOrchestrator.execute(EngineExecutionOrchestrator.java:198)
	at org.junit.platform.launcher.core.EngineExecutionOrchestrator.execute(EngineExecutionOrchestrator.java:169)
	at org.junit.platform.launcher.core.EngineExecutionOrchestrator.execute(EngineExecutionOrchestrator.java:93)
	at org.junit.platform.launcher.core.EngineExecutionOrchestrator.lambda$execute$0(EngineExecutionOrchestrator.java:58)
	at org.junit.platform.launcher.core.EngineExecutionOrchestrator.withInterceptedStreams(EngineExecutionOrchestrator.java:141)
	at org.junit.platform.launcher.core.EngineExecutionOrchestrator.execute(EngineExecutionOrchestrator.java:57)
	at org.junit.platform.launcher.core.DefaultLauncher.execute(DefaultLauncher.java:103)
	at org.junit.platform.launcher.core.DefaultLauncher.execute(DefaultLauncher.java:85)
	at org.junit.platform.launcher.core.DelegatingLauncher.execute(DelegatingLauncher.java:47)
	at org.junit.platform.launcher.core.SessionPerRequestLauncher.execute(SessionPerRequestLauncher.java:63)
	at com.intellij.junit5.JUnit5IdeaTestRunner.startRunnerWithArgs(JUnit5IdeaTestRunner.java:57)
	at com.intellij.rt.junit.IdeaTestRunner$Repeater$1.execute(IdeaTestRunner.java:38)
	at com.intellij.rt.execution.junit.TestsRepeater.repeat(TestsRepeater.java:11)
	at com.intellij.rt.junit.IdeaTestRunner$Repeater.startRunnerWithArgs(IdeaTestRunner.java:35)
	at com.intellij.rt.junit.JUnitStarter.prepareStreamsAndStart(JUnitStarter.java:232)
	at com.intellij.rt.junit.JUnitStarter.main(JUnitStarter.java:55)
2025-01-23 14:13:11 [main] INFO  l.insoft.uztis.tests.utils.TestUtils - Screenshot moved to C:\Users\ingrida.zadorozniene\Desktop\Asm\UZTIS\UZTIS_tests\test-output\screenshots\20250123\141311917_testFillNewApplication().png
2025-01-23 14:22:02 [main] INFO  lt.insoft.uztis.tests.UztisPageTest - Navigated to https://uztisdev.asseco.lt/home
2025-01-23 14:22:03 [main] INFO  l.i.u.t.SubmittedApplicationsPageTest - Starting test:'testFillNewApplication'
2025-01-23 14:22:03 [main] DEBUG l.i.u.t.SubmittedApplicationsPageTest - User logged in with test credentials
2025-01-23 14:22:03 [main] DEBUG l.i.u.t.SubmittedApplicationsPageTest - Opened 'Application Processing' menu.
2025-01-23 14:22:03 [main] DEBUG l.i.u.t.SubmittedApplicationsPageTest - Clicked on 'Application Forms' menu.
2025-01-23 14:22:04 [main] DEBUG l.i.u.t.SubmittedApplicationsPageTest - Retrieved last description code text: 'TST-VUI-81'.
2025-01-23 14:22:04 [main] DEBUG l.i.u.t.SubmittedApplicationsPageTest - Clicked on 'Invitation' menu.
2025-01-23 14:22:05 [main] DEBUG l.i.u.t.SubmittedApplicationsPageTest - Selected application section by code: 'TST-VUI-81'.
2025-01-23 14:22:05 [main] DEBUG l.i.u.t.SubmittedApplicationsPageTest - Clicked 'Search' button.
2025-01-23 14:22:05 [main] DEBUG l.i.u.t.SubmittedApplicationsPageTest - Retrieved invitation code: ''.
2025-01-23 14:22:05 [main] DEBUG l.i.u.t.SubmittedApplicationsPageTest - Clicked on 'Submitted Applications' menu.
2025-01-23 14:22:06 [main] DEBUG l.i.u.t.SubmittedApplicationsPageTest - Selected invitation by code: 'TST-VUI-81'.
2025-01-23 14:22:06 [main] DEBUG l.i.u.t.SubmittedApplicationsPageTest - Clicked on 'Action Application' button.
2025-01-23 14:22:06 [main] DEBUG l.i.u.t.SubmittedApplicationsPageTest - Clicked on 'New Application' button.
2025-01-23 14:22:06 [main] DEBUG l.i.u.t.SubmittedApplicationsPageTest - Clicked on 'RadioButtonFA' button.
2025-01-23 14:22:07 [main] DEBUG l.i.u.t.SubmittedApplicationsPageTest - Entered phone number into the input field.
2025-01-23 14:22:07 [main] DEBUG l.i.u.t.SubmittedApplicationsPageTest - Entered eMail into the input field.
2025-01-23 14:22:07 [main] INFO  l.i.u.p.SubmittedApplicationsPage - Located the dropdown button.
2025-01-23 14:22:27 [main] INFO  l.i.u.p.SubmittedApplicationsPage - Found 1741 options in the dropdown.
2025-01-23 14:22:27 [main] INFO  l.i.u.p.SubmittedApplicationsPage - Successfully selected the value: '01.11 - Grūdinių (išskyrus ryžius), ankštinių ir aliejingų sėklų augalų auginimas'
2025-01-23 14:22:37 [main] ERROR l.i.u.p.SubmittedApplicationsPage - Failed to close the dropdown with aria-expanded = 'false'. Attempting manual close.
2025-01-23 14:22:37 [main] INFO  l.i.u.p.SubmittedApplicationsPage - Manual close attempt for the dropdown using body click.
2025-01-23 14:22:38 [main] DEBUG l.i.u.t.SubmittedApplicationsPageTest - Entered Address into the input field.
2025-01-23 14:22:38 [main] DEBUG l.i.u.t.SubmittedApplicationsPageTest - Entered Address into the input field.
2025-01-23 14:22:38 [main] INFO  l.i.u.p.SubmittedApplicationsPage - Located the dropdown button.
2025-01-23 14:22:40 [main] ERROR l.i.u.t.SubmittedApplicationsPageTest - Test 'testFillNewApplication' failed with error: element click intercepted: Element <mat-label>...</mat-label> is not clickable at point (1051, 177). Other element would receive the click: ...<span class="mat-mdc-select-placeholder mat-mdc-select-min-line ng-tns-c1073613477-35 ng-star-inserted"></span>
  (Session info: chrome=131.0.6778.265)
Build info: version: '4.27.0', revision: 'd6e718d134'
System info: os.name: 'Windows 11', os.arch: 'amd64', os.version: '10.0', java.version: '21.0.3'
Driver info: org.openqa.selenium.chrome.ChromeDriver
Command: [9a7ea8ad69996f22cc5bd5dbee8e56d0, clickElement {id=f.67B1DA241CB76C70CD4643129BB6A6A4.d.B5D486973AA5983E49AAF94690D9350A.e.2053}]
Capabilities {acceptInsecureCerts: false, browserName: chrome, browserVersion: 131.0.6778.265, chrome: {chromedriverVersion: 131.0.6778.264 (2d05e315153..., userDataDir: C:\Users\INGRID~1.ZAD\AppDa...}, fedcm:accounts: true, goog:chromeOptions: {debuggerAddress: localhost:49738}, networkConnectionEnabled: false, pageLoadStrategy: normal, platformName: windows, proxy: Proxy(), se:cdp: ws://localhost:49738/devtoo..., se:cdpVersion: 131.0.6778.265, setWindowRect: true, strictFileInteractability: false, timeouts: {implicit: 0, pageLoad: 300000, script: 30000}, unhandledPromptBehavior: dismiss and notify, webauthn:extension:credBlob: true, webauthn:extension:largeBlob: true, webauthn:extension:minPinLength: true, webauthn:extension:prf: true, webauthn:virtualAuthenticators: true}
Element: [[ChromeDriver: chrome on windows (9a7ea8ad69996f22cc5bd5dbee8e56d0)] -> xpath: //mat-label[contains(text(), 'Darbo vietos pavadinimas')]]
Session ID: 9a7ea8ad69996f22cc5bd5dbee8e56d0
org.openqa.selenium.ElementClickInterceptedException: element click intercepted: Element <mat-label>...</mat-label> is not clickable at point (1051, 177). Other element would receive the click: ...<span class="mat-mdc-select-placeholder mat-mdc-select-min-line ng-tns-c1073613477-35 ng-star-inserted"></span>
  (Session info: chrome=131.0.6778.265)
Build info: version: '4.27.0', revision: 'd6e718d134'
System info: os.name: 'Windows 11', os.arch: 'amd64', os.version: '10.0', java.version: '21.0.3'
Driver info: org.openqa.selenium.chrome.ChromeDriver
Command: [9a7ea8ad69996f22cc5bd5dbee8e56d0, clickElement {id=f.67B1DA241CB76C70CD4643129BB6A6A4.d.B5D486973AA5983E49AAF94690D9350A.e.2053}]
Capabilities {acceptInsecureCerts: false, browserName: chrome, browserVersion: 131.0.6778.265, chrome: {chromedriverVersion: 131.0.6778.264 (2d05e315153..., userDataDir: C:\Users\INGRID~1.ZAD\AppDa...}, fedcm:accounts: true, goog:chromeOptions: {debuggerAddress: localhost:49738}, networkConnectionEnabled: false, pageLoadStrategy: normal, platformName: windows, proxy: Proxy(), se:cdp: ws://localhost:49738/devtoo..., se:cdpVersion: 131.0.6778.265, setWindowRect: true, strictFileInteractability: false, timeouts: {implicit: 0, pageLoad: 300000, script: 30000}, unhandledPromptBehavior: dismiss and notify, webauthn:extension:credBlob: true, webauthn:extension:largeBlob: true, webauthn:extension:minPinLength: true, webauthn:extension:prf: true, webauthn:virtualAuthenticators: true}
Element: [[ChromeDriver: chrome on windows (9a7ea8ad69996f22cc5bd5dbee8e56d0)] -> xpath: //mat-label[contains(text(), 'Darbo vietos pavadinimas')]]
Session ID: 9a7ea8ad69996f22cc5bd5dbee8e56d0
	at java.base/jdk.internal.reflect.DirectConstructorHandleAccessor.newInstance(DirectConstructorHandleAccessor.java:62)
	at java.base/java.lang.reflect.Constructor.newInstanceWithCaller(Constructor.java:502)
	at java.base/java.lang.reflect.Constructor.newInstance(Constructor.java:486)
	at org.openqa.selenium.remote.ErrorCodec.decode(ErrorCodec.java:167)
	at org.openqa.selenium.remote.codec.w3c.W3CHttpResponseCodec.decode(W3CHttpResponseCodec.java:138)
	at org.openqa.selenium.remote.codec.w3c.W3CHttpResponseCodec.decode(W3CHttpResponseCodec.java:50)
	at org.openqa.selenium.remote.HttpCommandExecutor.execute(HttpCommandExecutor.java:190)
	at org.openqa.selenium.remote.service.DriverCommandExecutor.invokeExecute(DriverCommandExecutor.java:216)
	at org.openqa.selenium.remote.service.DriverCommandExecutor.execute(DriverCommandExecutor.java:174)
	at org.openqa.selenium.remote.RemoteWebDriver.execute(RemoteWebDriver.java:545)
	at org.openqa.selenium.remote.RemoteWebElement.execute(RemoteWebElement.java:223)
	at org.openqa.selenium.remote.RemoteWebElement.click(RemoteWebElement.java:76)
	at java.base/jdk.internal.reflect.DirectMethodHandleAccessor.invoke(DirectMethodHandleAccessor.java:103)
	at java.base/java.lang.reflect.Method.invoke(Method.java:580)
	at org.openqa.selenium.support.pagefactory.internal.LocatingElementHandler.invoke(LocatingElementHandler.java:51)
	at jdk.proxy2/jdk.proxy2.$Proxy14.click(Unknown Source)
	at lt.insoft.uztis.pages.SubmittedApplicationsPage.selectDropdownJobName(SubmittedApplicationsPage.java:253)
	at lt.insoft.uztis.tests.SubmittedApplicationsPageTest.testFillNewApplication(SubmittedApplicationsPageTest.java:174)
	at java.base/jdk.internal.reflect.DirectMethodHandleAccessor.invoke(DirectMethodHandleAccessor.java:103)
	at java.base/java.lang.reflect.Method.invoke(Method.java:580)
	at org.junit.platform.commons.util.ReflectionUtils.invokeMethod(ReflectionUtils.java:728)
	at org.junit.jupiter.engine.execution.MethodInvocation.proceed(MethodInvocation.java:60)
	at org.junit.jupiter.engine.execution.InvocationInterceptorChain$ValidatingInvocation.proceed(InvocationInterceptorChain.java:131)
	at org.junit.jupiter.engine.extension.TimeoutExtension.intercept(TimeoutExtension.java:156)
	at org.junit.jupiter.engine.extension.TimeoutExtension.interceptTestableMethod(TimeoutExtension.java:147)
	at org.junit.jupiter.engine.extension.TimeoutExtension.interceptTestMethod(TimeoutExtension.java:86)
	at org.junit.jupiter.engine.execution.InterceptingExecutableInvoker$ReflectiveInterceptorCall.lambda$ofVoidMethod$0(InterceptingExecutableInvoker.java:103)
	at org.junit.jupiter.engine.execution.InterceptingExecutableInvoker.lambda$invoke$0(InterceptingExecutableInvoker.java:93)
	at org.junit.jupiter.engine.execution.InvocationInterceptorChain$InterceptedInvocation.proceed(InvocationInterceptorChain.java:106)
	at org.junit.jupiter.engine.execution.InvocationInterceptorChain.proceed(InvocationInterceptorChain.java:64)
	at org.junit.jupiter.engine.execution.InvocationInterceptorChain.chainAndInvoke(InvocationInterceptorChain.java:45)
	at org.junit.jupiter.engine.execution.InvocationInterceptorChain.invoke(InvocationInterceptorChain.java:37)
	at org.junit.jupiter.engine.execution.InterceptingExecutableInvoker.invoke(InterceptingExecutableInvoker.java:92)
	at org.junit.jupiter.engine.execution.InterceptingExecutableInvoker.invoke(InterceptingExecutableInvoker.java:86)
	at org.junit.jupiter.engine.descriptor.TestMethodTestDescriptor.lambda$invokeTestMethod$7(TestMethodTestDescriptor.java:218)
	at org.junit.platform.engine.support.hierarchical.ThrowableCollector.execute(ThrowableCollector.java:73)
	at org.junit.jupiter.engine.descriptor.TestMethodTestDescriptor.invokeTestMethod(TestMethodTestDescriptor.java:214)
	at org.junit.jupiter.engine.descriptor.TestMethodTestDescriptor.execute(TestMethodTestDescriptor.java:139)
	at org.junit.jupiter.engine.descriptor.TestMethodTestDescriptor.execute(TestMethodTestDescriptor.java:69)
	at org.junit.platform.engine.support.hierarchical.NodeTestTask.lambda$executeRecursively$6(NodeTestTask.java:151)
	at org.junit.platform.engine.support.hierarchical.ThrowableCollector.execute(ThrowableCollector.java:73)
	at org.junit.platform.engine.support.hierarchical.NodeTestTask.lambda$executeRecursively$8(NodeTestTask.java:141)
	at org.junit.platform.engine.support.hierarchical.Node.around(Node.java:137)
	at org.junit.platform.engine.support.hierarchical.NodeTestTask.lambda$executeRecursively$9(NodeTestTask.java:139)
	at org.junit.platform.engine.support.hierarchical.ThrowableCollector.execute(ThrowableCollector.java:73)
	at org.junit.platform.engine.support.hierarchical.NodeTestTask.executeRecursively(NodeTestTask.java:138)
	at org.junit.platform.engine.support.hierarchical.NodeTestTask.execute(NodeTestTask.java:95)
	at java.base/java.util.ArrayList.forEach(ArrayList.java:1596)
	at org.junit.platform.engine.support.hierarchical.SameThreadHierarchicalTestExecutorService.invokeAll(SameThreadHierarchicalTestExecutorService.java:41)
	at org.junit.platform.engine.support.hierarchical.NodeTestTask.lambda$executeRecursively$6(NodeTestTask.java:155)
	at org.junit.platform.engine.support.hierarchical.ThrowableCollector.execute(ThrowableCollector.java:73)
	at org.junit.platform.engine.support.hierarchical.NodeTestTask.lambda$executeRecursively$8(NodeTestTask.java:141)
	at org.junit.platform.engine.support.hierarchical.Node.around(Node.java:137)
	at org.junit.platform.engine.support.hierarchical.NodeTestTask.lambda$executeRecursively$9(NodeTestTask.java:139)
	at org.junit.platform.engine.support.hierarchical.ThrowableCollector.execute(ThrowableCollector.java:73)
	at org.junit.platform.engine.support.hierarchical.NodeTestTask.executeRecursively(NodeTestTask.java:138)
	at org.junit.platform.engine.support.hierarchical.NodeTestTask.execute(NodeTestTask.java:95)
	at java.base/java.util.ArrayList.forEach(ArrayList.java:1596)
	at org.junit.platform.engine.support.hierarchical.SameThreadHierarchicalTestExecutorService.invokeAll(SameThreadHierarchicalTestExecutorService.java:41)
	at org.junit.platform.engine.support.hierarchical.NodeTestTask.lambda$executeRecursively$6(NodeTestTask.java:155)
	at org.junit.platform.engine.support.hierarchical.ThrowableCollector.execute(ThrowableCollector.java:73)
	at org.junit.platform.engine.support.hierarchical.NodeTestTask.lambda$executeRecursively$8(NodeTestTask.java:141)
	at org.junit.platform.engine.support.hierarchical.Node.around(Node.java:137)
	at org.junit.platform.engine.support.hierarchical.NodeTestTask.lambda$executeRecursively$9(NodeTestTask.java:139)
	at org.junit.platform.engine.support.hierarchical.ThrowableCollector.execute(ThrowableCollector.java:73)
	at org.junit.platform.engine.support.hierarchical.NodeTestTask.executeRecursively(NodeTestTask.java:138)
	at org.junit.platform.engine.support.hierarchical.NodeTestTask.execute(NodeTestTask.java:95)
	at org.junit.platform.engine.support.hierarchical.SameThreadHierarchicalTestExecutorService.submit(SameThreadHierarchicalTestExecutorService.java:35)
	at org.junit.platform.engine.support.hierarchical.HierarchicalTestExecutor.execute(HierarchicalTestExecutor.java:57)
	at org.junit.platform.engine.support.hierarchical.HierarchicalTestEngine.execute(HierarchicalTestEngine.java:54)
	at org.junit.platform.launcher.core.EngineExecutionOrchestrator.execute(EngineExecutionOrchestrator.java:198)
	at org.junit.platform.launcher.core.EngineExecutionOrchestrator.execute(EngineExecutionOrchestrator.java:169)
	at org.junit.platform.launcher.core.EngineExecutionOrchestrator.execute(EngineExecutionOrchestrator.java:93)
	at org.junit.platform.launcher.core.EngineExecutionOrchestrator.lambda$execute$0(EngineExecutionOrchestrator.java:58)
	at org.junit.platform.launcher.core.EngineExecutionOrchestrator.withInterceptedStreams(EngineExecutionOrchestrator.java:141)
	at org.junit.platform.launcher.core.EngineExecutionOrchestrator.execute(EngineExecutionOrchestrator.java:57)
	at org.junit.platform.launcher.core.DefaultLauncher.execute(DefaultLauncher.java:103)
	at org.junit.platform.launcher.core.DefaultLauncher.execute(DefaultLauncher.java:85)
	at org.junit.platform.launcher.core.DelegatingLauncher.execute(DelegatingLauncher.java:47)
	at org.junit.platform.launcher.core.SessionPerRequestLauncher.execute(SessionPerRequestLauncher.java:63)
	at com.intellij.junit5.JUnit5IdeaTestRunner.startRunnerWithArgs(JUnit5IdeaTestRunner.java:57)
	at com.intellij.rt.junit.IdeaTestRunner$Repeater$1.execute(IdeaTestRunner.java:38)
	at com.intellij.rt.execution.junit.TestsRepeater.repeat(TestsRepeater.java:11)
	at com.intellij.rt.junit.IdeaTestRunner$Repeater.startRunnerWithArgs(IdeaTestRunner.java:35)
	at com.intellij.rt.junit.JUnitStarter.prepareStreamsAndStart(JUnitStarter.java:232)
	at com.intellij.rt.junit.JUnitStarter.main(JUnitStarter.java:55)
2025-01-23 14:22:40 [main] INFO  l.insoft.uztis.tests.utils.TestUtils - Screenshot moved to C:\Users\ingrida.zadorozniene\Desktop\Asm\UZTIS\UZTIS_tests\test-output\screenshots\20250123\142240244_testFillNewApplication().png
2025-01-23 14:23:52 [main] INFO  lt.insoft.uztis.tests.UztisPageTest - Navigated to https://uztisdev.asseco.lt/home
2025-01-23 14:23:52 [main] INFO  l.i.u.t.SubmittedApplicationsPageTest - Starting test:'testGoToSubmitApplication'
2025-01-23 14:23:53 [main] DEBUG l.i.u.t.SubmittedApplicationsPageTest - User logged in with test credentials
2025-01-23 14:23:53 [main] DEBUG l.i.u.t.SubmittedApplicationsPageTest - Opened 'Application Processing' menu.
2025-01-23 14:23:53 [main] DEBUG l.i.u.t.SubmittedApplicationsPageTest - Clicked on 'Application Forms' menu.
2025-01-23 14:23:53 [main] DEBUG l.i.u.t.SubmittedApplicationsPageTest - Retrieved last description code text: 'TST-VUI-81'.
2025-01-23 14:23:53 [main] DEBUG l.i.u.t.SubmittedApplicationsPageTest - Clicked on 'Invitation' menu.
2025-01-23 14:23:54 [main] DEBUG l.i.u.t.SubmittedApplicationsPageTest - Selected application section by code: 'TST-VUI-81'.
2025-01-23 14:23:54 [main] DEBUG l.i.u.t.SubmittedApplicationsPageTest - Clicked 'Search' button.
2025-01-23 14:23:54 [main] DEBUG l.i.u.t.SubmittedApplicationsPageTest - Retrieved invitation code: ''.
2025-01-23 14:23:54 [main] DEBUG l.i.u.t.SubmittedApplicationsPageTest - Clicked on 'Submitted Applications' menu.
2025-01-23 14:23:55 [main] DEBUG l.i.u.t.SubmittedApplicationsPageTest - Selected invitation by code: 'TST-VUI-81'.
2025-01-23 14:23:55 [main] DEBUG l.i.u.t.SubmittedApplicationsPageTest - Clicked on 'Action Application' button.
2025-01-23 14:23:56 [main] DEBUG l.i.u.t.SubmittedApplicationsPageTest - Clicked on 'New Application' button.
2025-01-23 14:23:57 [main] INFO  l.i.u.t.SubmittedApplicationsPageTest - Verified that the 'Next' button is displayed.
2025-01-23 14:23:57 [main] INFO  l.i.u.t.SubmittedApplicationsPageTest - Test 'testGoToSubmitApplication' completed successfully.
2025-01-23 14:24:10 [main] INFO  lt.insoft.uztis.tests.UztisPageTest - Navigated to https://uztisdev.asseco.lt/home
2025-01-23 14:24:10 [main] INFO  l.i.u.t.SubmittedApplicationsPageTest - Starting test:'testFillNewApplication'
2025-01-23 14:24:10 [main] DEBUG l.i.u.t.SubmittedApplicationsPageTest - User logged in with test credentials
2025-01-23 14:24:10 [main] DEBUG l.i.u.t.SubmittedApplicationsPageTest - Opened 'Application Processing' menu.
2025-01-23 14:24:10 [main] DEBUG l.i.u.t.SubmittedApplicationsPageTest - Clicked on 'Application Forms' menu.
2025-01-23 14:24:11 [main] DEBUG l.i.u.t.SubmittedApplicationsPageTest - Retrieved last description code text: 'TST-VUI-81'.
2025-01-23 14:24:11 [main] DEBUG l.i.u.t.SubmittedApplicationsPageTest - Clicked on 'Invitation' menu.
2025-01-23 14:24:12 [main] DEBUG l.i.u.t.SubmittedApplicationsPageTest - Selected application section by code: 'TST-VUI-81'.
2025-01-23 14:24:12 [main] DEBUG l.i.u.t.SubmittedApplicationsPageTest - Clicked 'Search' button.
2025-01-23 14:24:12 [main] DEBUG l.i.u.t.SubmittedApplicationsPageTest - Retrieved invitation code: ''.
2025-01-23 14:24:12 [main] DEBUG l.i.u.t.SubmittedApplicationsPageTest - Clicked on 'Submitted Applications' menu.
2025-01-23 14:24:13 [main] DEBUG l.i.u.t.SubmittedApplicationsPageTest - Selected invitation by code: 'TST-VUI-81'.
2025-01-23 14:24:13 [main] DEBUG l.i.u.t.SubmittedApplicationsPageTest - Clicked on 'Action Application' button.
2025-01-23 14:24:13 [main] DEBUG l.i.u.t.SubmittedApplicationsPageTest - Clicked on 'New Application' button.
2025-01-23 14:24:14 [main] DEBUG l.i.u.t.SubmittedApplicationsPageTest - Clicked on 'RadioButtonFA' button.
2025-01-23 14:24:14 [main] DEBUG l.i.u.t.SubmittedApplicationsPageTest - Entered phone number into the input field.
2025-01-23 14:24:14 [main] DEBUG l.i.u.t.SubmittedApplicationsPageTest - Entered eMail into the input field.
2025-01-23 14:24:14 [main] INFO  l.i.u.p.SubmittedApplicationsPage - Located the dropdown button.
2025-01-23 14:24:33 [main] INFO  l.i.u.p.SubmittedApplicationsPage - Found 1741 options in the dropdown.
2025-01-23 14:24:34 [main] INFO  l.i.u.p.SubmittedApplicationsPage - Successfully selected the value: '01.11 - Grūdinių (išskyrus ryžius), ankštinių ir aliejingų sėklų augalų auginimas'
2025-01-23 14:24:44 [main] ERROR l.i.u.p.SubmittedApplicationsPage - Failed to close the dropdown with aria-expanded = 'false'. Attempting manual close.
2025-01-23 14:24:44 [main] INFO  l.i.u.p.SubmittedApplicationsPage - Manual close attempt for the dropdown using body click.
2025-01-23 14:24:44 [main] DEBUG l.i.u.t.SubmittedApplicationsPageTest - Entered Address into the input field.
2025-01-23 14:24:45 [main] DEBUG l.i.u.t.SubmittedApplicationsPageTest - Entered Address into the input field.
2025-01-23 14:24:45 [main] INFO  l.i.u.p.SubmittedApplicationsPage - Located the dropdown button.
2025-01-23 14:24:46 [main] INFO  l.i.u.p.SubmittedApplicationsPage - Successfully selected the value: 'Administratoriai'
2025-01-23 14:24:56 [main] ERROR l.i.u.p.SubmittedApplicationsPage - Timeout while waiting for dropdown to close with aria-expanded = 'false'.
2025-01-23 14:24:56 [main] DEBUG l.i.u.t.SubmittedApplicationsPageTest - Selected the value: 'Administratoriai'
2025-01-23 14:24:57 [main] INFO  l.i.u.t.SubmittedApplicationsPageTest - Test 'testFillNewApplication' completed successfully.
2025-01-23 14:34:06 [main] INFO  lt.insoft.uztis.tests.UztisPageTest - Navigated to https://uztisdev.asseco.lt/home
2025-01-23 14:34:06 [main] INFO  l.i.u.t.SubmittedApplicationsPageTest - Starting test:'testFillNewApplication'
2025-01-23 14:34:06 [main] DEBUG l.i.u.t.SubmittedApplicationsPageTest - User logged in with test credentials
2025-01-23 14:34:07 [main] DEBUG l.i.u.t.SubmittedApplicationsPageTest - Opened 'Application Processing' menu.
2025-01-23 14:34:07 [main] DEBUG l.i.u.t.SubmittedApplicationsPageTest - Clicked on 'Application Forms' menu.
2025-01-23 14:34:07 [main] DEBUG l.i.u.t.SubmittedApplicationsPageTest - Retrieved last description code text: 'TST-VUI-81'.
2025-01-23 14:34:07 [main] DEBUG l.i.u.t.SubmittedApplicationsPageTest - Clicked on 'Invitation' menu.
2025-01-23 14:34:08 [main] DEBUG l.i.u.t.SubmittedApplicationsPageTest - Selected application section by code: 'TST-VUI-81'.
2025-01-23 14:34:08 [main] DEBUG l.i.u.t.SubmittedApplicationsPageTest - Clicked 'Search' button.
2025-01-23 14:34:08 [main] DEBUG l.i.u.t.SubmittedApplicationsPageTest - Retrieved invitation code: ''.
2025-01-23 14:34:08 [main] DEBUG l.i.u.t.SubmittedApplicationsPageTest - Clicked on 'Submitted Applications' menu.
2025-01-23 14:34:09 [main] DEBUG l.i.u.t.SubmittedApplicationsPageTest - Selected invitation by code: 'TST-VUI-81'.
2025-01-23 14:34:09 [main] DEBUG l.i.u.t.SubmittedApplicationsPageTest - Clicked on 'Action Application' button.
2025-01-23 14:34:09 [main] DEBUG l.i.u.t.SubmittedApplicationsPageTest - Clicked on 'New Application' button.
2025-01-23 14:34:10 [main] DEBUG l.i.u.t.SubmittedApplicationsPageTest - Clicked on 'RadioButtonFA' button.
2025-01-23 14:34:10 [main] DEBUG l.i.u.t.SubmittedApplicationsPageTest - Entered phone number into the input field.
2025-01-23 14:34:10 [main] DEBUG l.i.u.t.SubmittedApplicationsPageTest - Entered eMail into the input field.
2025-01-23 14:34:10 [main] INFO  l.i.u.p.SubmittedApplicationsPage - Located the dropdown button.
2025-01-23 14:34:29 [main] INFO  l.i.u.p.SubmittedApplicationsPage - Found 1741 options in the dropdown.
2025-01-23 14:34:29 [main] INFO  l.i.u.p.SubmittedApplicationsPage - Successfully selected the value: '01.11 - Grūdinių (išskyrus ryžius), ankštinių ir aliejingų sėklų augalų auginimas'
2025-01-23 14:34:40 [main] ERROR l.i.u.p.SubmittedApplicationsPage - Failed to close the dropdown with aria-expanded = 'false'. Attempting manual close.
2025-01-23 14:34:40 [main] INFO  l.i.u.p.SubmittedApplicationsPage - Manual close attempt for the dropdown using body click.
2025-01-23 14:34:40 [main] DEBUG l.i.u.t.SubmittedApplicationsPageTest - Entered Address into the input field.
2025-01-23 14:34:41 [main] DEBUG l.i.u.t.SubmittedApplicationsPageTest - Entered Address into the input field.
2025-01-23 14:34:41 [main] INFO  l.i.u.p.SubmittedApplicationsPage - Located the dropdown button.
2025-01-23 14:34:42 [main] ERROR l.i.u.t.SubmittedApplicationsPageTest - Test 'testFillNewApplication' failed with error: element click intercepted: Element <mat-label>...</mat-label> is not clickable at point (1051, 153). Other element would receive the click: ...<span class="mat-mdc-select-placeholder mat-mdc-select-min-line ng-tns-c1073613477-35 ng-star-inserted"></span>
  (Session info: chrome=131.0.6778.265)
Build info: version: '4.27.0', revision: 'd6e718d134'
System info: os.name: 'Windows 11', os.arch: 'amd64', os.version: '10.0', java.version: '21.0.3'
Driver info: org.openqa.selenium.chrome.ChromeDriver
Command: [3ed47c87a3b3d9a4c18abdc292fa14d3, clickElement {id=f.CAB80C1E29654E33489BCFA99D13B67C.d.BF28D4BE6E5EC3F5C757698D1961BD2A.e.2056}]
Capabilities {acceptInsecureCerts: false, browserName: chrome, browserVersion: 131.0.6778.265, chrome: {chromedriverVersion: 131.0.6778.264 (2d05e315153..., userDataDir: C:\Users\INGRID~1.ZAD\AppDa...}, fedcm:accounts: true, goog:chromeOptions: {debuggerAddress: localhost:50188}, networkConnectionEnabled: false, pageLoadStrategy: normal, platformName: windows, proxy: Proxy(), se:cdp: ws://localhost:50188/devtoo..., se:cdpVersion: 131.0.6778.265, setWindowRect: true, strictFileInteractability: false, timeouts: {implicit: 0, pageLoad: 300000, script: 30000}, unhandledPromptBehavior: dismiss and notify, webauthn:extension:credBlob: true, webauthn:extension:largeBlob: true, webauthn:extension:minPinLength: true, webauthn:extension:prf: true, webauthn:virtualAuthenticators: true}
Element: [[ChromeDriver: chrome on windows (3ed47c87a3b3d9a4c18abdc292fa14d3)] -> xpath: //mat-label[contains(text(), 'Darbo vietos pavadinimas')]]
Session ID: 3ed47c87a3b3d9a4c18abdc292fa14d3
org.openqa.selenium.ElementClickInterceptedException: element click intercepted: Element <mat-label>...</mat-label> is not clickable at point (1051, 153). Other element would receive the click: ...<span class="mat-mdc-select-placeholder mat-mdc-select-min-line ng-tns-c1073613477-35 ng-star-inserted"></span>
  (Session info: chrome=131.0.6778.265)
Build info: version: '4.27.0', revision: 'd6e718d134'
System info: os.name: 'Windows 11', os.arch: 'amd64', os.version: '10.0', java.version: '21.0.3'
Driver info: org.openqa.selenium.chrome.ChromeDriver
Command: [3ed47c87a3b3d9a4c18abdc292fa14d3, clickElement {id=f.CAB80C1E29654E33489BCFA99D13B67C.d.BF28D4BE6E5EC3F5C757698D1961BD2A.e.2056}]
Capabilities {acceptInsecureCerts: false, browserName: chrome, browserVersion: 131.0.6778.265, chrome: {chromedriverVersion: 131.0.6778.264 (2d05e315153..., userDataDir: C:\Users\INGRID~1.ZAD\AppDa...}, fedcm:accounts: true, goog:chromeOptions: {debuggerAddress: localhost:50188}, networkConnectionEnabled: false, pageLoadStrategy: normal, platformName: windows, proxy: Proxy(), se:cdp: ws://localhost:50188/devtoo..., se:cdpVersion: 131.0.6778.265, setWindowRect: true, strictFileInteractability: false, timeouts: {implicit: 0, pageLoad: 300000, script: 30000}, unhandledPromptBehavior: dismiss and notify, webauthn:extension:credBlob: true, webauthn:extension:largeBlob: true, webauthn:extension:minPinLength: true, webauthn:extension:prf: true, webauthn:virtualAuthenticators: true}
Element: [[ChromeDriver: chrome on windows (3ed47c87a3b3d9a4c18abdc292fa14d3)] -> xpath: //mat-label[contains(text(), 'Darbo vietos pavadinimas')]]
Session ID: 3ed47c87a3b3d9a4c18abdc292fa14d3
	at java.base/jdk.internal.reflect.DirectConstructorHandleAccessor.newInstance(DirectConstructorHandleAccessor.java:62)
	at java.base/java.lang.reflect.Constructor.newInstanceWithCaller(Constructor.java:502)
	at java.base/java.lang.reflect.Constructor.newInstance(Constructor.java:486)
	at org.openqa.selenium.remote.ErrorCodec.decode(ErrorCodec.java:167)
	at org.openqa.selenium.remote.codec.w3c.W3CHttpResponseCodec.decode(W3CHttpResponseCodec.java:138)
	at org.openqa.selenium.remote.codec.w3c.W3CHttpResponseCodec.decode(W3CHttpResponseCodec.java:50)
	at org.openqa.selenium.remote.HttpCommandExecutor.execute(HttpCommandExecutor.java:190)
	at org.openqa.selenium.remote.service.DriverCommandExecutor.invokeExecute(DriverCommandExecutor.java:216)
	at org.openqa.selenium.remote.service.DriverCommandExecutor.execute(DriverCommandExecutor.java:174)
	at org.openqa.selenium.remote.RemoteWebDriver.execute(RemoteWebDriver.java:545)
	at org.openqa.selenium.remote.RemoteWebElement.execute(RemoteWebElement.java:223)
	at org.openqa.selenium.remote.RemoteWebElement.click(RemoteWebElement.java:76)
	at java.base/jdk.internal.reflect.DirectMethodHandleAccessor.invoke(DirectMethodHandleAccessor.java:103)
	at java.base/java.lang.reflect.Method.invoke(Method.java:580)
	at org.openqa.selenium.support.pagefactory.internal.LocatingElementHandler.invoke(LocatingElementHandler.java:51)
	at jdk.proxy2/jdk.proxy2.$Proxy14.click(Unknown Source)
	at lt.insoft.uztis.pages.SubmittedApplicationsPage.selectDropdownJobName(SubmittedApplicationsPage.java:253)
	at lt.insoft.uztis.tests.SubmittedApplicationsPageTest.testFillNewApplication(SubmittedApplicationsPageTest.java:174)
	at java.base/jdk.internal.reflect.DirectMethodHandleAccessor.invoke(DirectMethodHandleAccessor.java:103)
	at java.base/java.lang.reflect.Method.invoke(Method.java:580)
	at org.junit.platform.commons.util.ReflectionUtils.invokeMethod(ReflectionUtils.java:728)
	at org.junit.jupiter.engine.execution.MethodInvocation.proceed(MethodInvocation.java:60)
	at org.junit.jupiter.engine.execution.InvocationInterceptorChain$ValidatingInvocation.proceed(InvocationInterceptorChain.java:131)
	at org.junit.jupiter.engine.extension.TimeoutExtension.intercept(TimeoutExtension.java:156)
	at org.junit.jupiter.engine.extension.TimeoutExtension.interceptTestableMethod(TimeoutExtension.java:147)
	at org.junit.jupiter.engine.extension.TimeoutExtension.interceptTestMethod(TimeoutExtension.java:86)
	at org.junit.jupiter.engine.execution.InterceptingExecutableInvoker$ReflectiveInterceptorCall.lambda$ofVoidMethod$0(InterceptingExecutableInvoker.java:103)
	at org.junit.jupiter.engine.execution.InterceptingExecutableInvoker.lambda$invoke$0(InterceptingExecutableInvoker.java:93)
	at org.junit.jupiter.engine.execution.InvocationInterceptorChain$InterceptedInvocation.proceed(InvocationInterceptorChain.java:106)
	at org.junit.jupiter.engine.execution.InvocationInterceptorChain.proceed(InvocationInterceptorChain.java:64)
	at org.junit.jupiter.engine.execution.InvocationInterceptorChain.chainAndInvoke(InvocationInterceptorChain.java:45)
	at org.junit.jupiter.engine.execution.InvocationInterceptorChain.invoke(InvocationInterceptorChain.java:37)
	at org.junit.jupiter.engine.execution.InterceptingExecutableInvoker.invoke(InterceptingExecutableInvoker.java:92)
	at org.junit.jupiter.engine.execution.InterceptingExecutableInvoker.invoke(InterceptingExecutableInvoker.java:86)
	at org.junit.jupiter.engine.descriptor.TestMethodTestDescriptor.lambda$invokeTestMethod$7(TestMethodTestDescriptor.java:218)
	at org.junit.platform.engine.support.hierarchical.ThrowableCollector.execute(ThrowableCollector.java:73)
	at org.junit.jupiter.engine.descriptor.TestMethodTestDescriptor.invokeTestMethod(TestMethodTestDescriptor.java:214)
	at org.junit.jupiter.engine.descriptor.TestMethodTestDescriptor.execute(TestMethodTestDescriptor.java:139)
	at org.junit.jupiter.engine.descriptor.TestMethodTestDescriptor.execute(TestMethodTestDescriptor.java:69)
	at org.junit.platform.engine.support.hierarchical.NodeTestTask.lambda$executeRecursively$6(NodeTestTask.java:151)
	at org.junit.platform.engine.support.hierarchical.ThrowableCollector.execute(ThrowableCollector.java:73)
	at org.junit.platform.engine.support.hierarchical.NodeTestTask.lambda$executeRecursively$8(NodeTestTask.java:141)
	at org.junit.platform.engine.support.hierarchical.Node.around(Node.java:137)
	at org.junit.platform.engine.support.hierarchical.NodeTestTask.lambda$executeRecursively$9(NodeTestTask.java:139)
	at org.junit.platform.engine.support.hierarchical.ThrowableCollector.execute(ThrowableCollector.java:73)
	at org.junit.platform.engine.support.hierarchical.NodeTestTask.executeRecursively(NodeTestTask.java:138)
	at org.junit.platform.engine.support.hierarchical.NodeTestTask.execute(NodeTestTask.java:95)
	at java.base/java.util.ArrayList.forEach(ArrayList.java:1596)
	at org.junit.platform.engine.support.hierarchical.SameThreadHierarchicalTestExecutorService.invokeAll(SameThreadHierarchicalTestExecutorService.java:41)
	at org.junit.platform.engine.support.hierarchical.NodeTestTask.lambda$executeRecursively$6(NodeTestTask.java:155)
	at org.junit.platform.engine.support.hierarchical.ThrowableCollector.execute(ThrowableCollector.java:73)
	at org.junit.platform.engine.support.hierarchical.NodeTestTask.lambda$executeRecursively$8(NodeTestTask.java:141)
	at org.junit.platform.engine.support.hierarchical.Node.around(Node.java:137)
	at org.junit.platform.engine.support.hierarchical.NodeTestTask.lambda$executeRecursively$9(NodeTestTask.java:139)
	at org.junit.platform.engine.support.hierarchical.ThrowableCollector.execute(ThrowableCollector.java:73)
	at org.junit.platform.engine.support.hierarchical.NodeTestTask.executeRecursively(NodeTestTask.java:138)
	at org.junit.platform.engine.support.hierarchical.NodeTestTask.execute(NodeTestTask.java:95)
	at java.base/java.util.ArrayList.forEach(ArrayList.java:1596)
	at org.junit.platform.engine.support.hierarchical.SameThreadHierarchicalTestExecutorService.invokeAll(SameThreadHierarchicalTestExecutorService.java:41)
	at org.junit.platform.engine.support.hierarchical.NodeTestTask.lambda$executeRecursively$6(NodeTestTask.java:155)
	at org.junit.platform.engine.support.hierarchical.ThrowableCollector.execute(ThrowableCollector.java:73)
	at org.junit.platform.engine.support.hierarchical.NodeTestTask.lambda$executeRecursively$8(NodeTestTask.java:141)
	at org.junit.platform.engine.support.hierarchical.Node.around(Node.java:137)
	at org.junit.platform.engine.support.hierarchical.NodeTestTask.lambda$executeRecursively$9(NodeTestTask.java:139)
	at org.junit.platform.engine.support.hierarchical.ThrowableCollector.execute(ThrowableCollector.java:73)
	at org.junit.platform.engine.support.hierarchical.NodeTestTask.executeRecursively(NodeTestTask.java:138)
	at org.junit.platform.engine.support.hierarchical.NodeTestTask.execute(NodeTestTask.java:95)
	at org.junit.platform.engine.support.hierarchical.SameThreadHierarchicalTestExecutorService.submit(SameThreadHierarchicalTestExecutorService.java:35)
	at org.junit.platform.engine.support.hierarchical.HierarchicalTestExecutor.execute(HierarchicalTestExecutor.java:57)
	at org.junit.platform.engine.support.hierarchical.HierarchicalTestEngine.execute(HierarchicalTestEngine.java:54)
	at org.junit.platform.launcher.core.EngineExecutionOrchestrator.execute(EngineExecutionOrchestrator.java:198)
	at org.junit.platform.launcher.core.EngineExecutionOrchestrator.execute(EngineExecutionOrchestrator.java:169)
	at org.junit.platform.launcher.core.EngineExecutionOrchestrator.execute(EngineExecutionOrchestrator.java:93)
	at org.junit.platform.launcher.core.EngineExecutionOrchestrator.lambda$execute$0(EngineExecutionOrchestrator.java:58)
	at org.junit.platform.launcher.core.EngineExecutionOrchestrator.withInterceptedStreams(EngineExecutionOrchestrator.java:141)
	at org.junit.platform.launcher.core.EngineExecutionOrchestrator.execute(EngineExecutionOrchestrator.java:57)
	at org.junit.platform.launcher.core.DefaultLauncher.execute(DefaultLauncher.java:103)
	at org.junit.platform.launcher.core.DefaultLauncher.execute(DefaultLauncher.java:85)
	at org.junit.platform.launcher.core.DelegatingLauncher.execute(DelegatingLauncher.java:47)
	at org.junit.platform.launcher.core.SessionPerRequestLauncher.execute(SessionPerRequestLauncher.java:63)
	at com.intellij.junit5.JUnit5IdeaTestRunner.startRunnerWithArgs(JUnit5IdeaTestRunner.java:57)
	at com.intellij.rt.junit.IdeaTestRunner$Repeater$1.execute(IdeaTestRunner.java:38)
	at com.intellij.rt.execution.junit.TestsRepeater.repeat(TestsRepeater.java:11)
	at com.intellij.rt.junit.IdeaTestRunner$Repeater.startRunnerWithArgs(IdeaTestRunner.java:35)
	at com.intellij.rt.junit.JUnitStarter.prepareStreamsAndStart(JUnitStarter.java:232)
	at com.intellij.rt.junit.JUnitStarter.main(JUnitStarter.java:55)
2025-01-23 14:34:42 [main] INFO  l.insoft.uztis.tests.utils.TestUtils - Screenshot moved to C:\Users\ingrida.zadorozniene\Desktop\Asm\UZTIS\UZTIS_tests\test-output\screenshots\20250123\143442868_testFillNewApplication().png
2025-01-23 14:38:03 [main] INFO  lt.insoft.uztis.tests.UztisPageTest - Navigated to https://uztisdev.asseco.lt/home
2025-01-23 14:38:03 [main] INFO  l.i.u.t.SubmittedApplicationsPageTest - Starting test:'testFillNewApplication'
2025-01-23 14:38:04 [main] DEBUG l.i.u.t.SubmittedApplicationsPageTest - User logged in with test credentials
2025-01-23 14:38:04 [main] DEBUG l.i.u.t.SubmittedApplicationsPageTest - Opened 'Application Processing' menu.
2025-01-23 14:38:04 [main] DEBUG l.i.u.t.SubmittedApplicationsPageTest - Clicked on 'Application Forms' menu.
2025-01-23 14:38:05 [main] DEBUG l.i.u.t.SubmittedApplicationsPageTest - Retrieved last description code text: 'TST-VUI-81'.
2025-01-23 14:38:05 [main] DEBUG l.i.u.t.SubmittedApplicationsPageTest - Clicked on 'Invitation' menu.
2025-01-23 14:38:06 [main] DEBUG l.i.u.t.SubmittedApplicationsPageTest - Selected application section by code: 'TST-VUI-81'.
2025-01-23 14:38:06 [main] DEBUG l.i.u.t.SubmittedApplicationsPageTest - Clicked 'Search' button.
2025-01-23 14:38:06 [main] DEBUG l.i.u.t.SubmittedApplicationsPageTest - Retrieved invitation code: ''.
2025-01-23 14:38:06 [main] DEBUG l.i.u.t.SubmittedApplicationsPageTest - Clicked on 'Submitted Applications' menu.
2025-01-23 14:38:07 [main] DEBUG l.i.u.t.SubmittedApplicationsPageTest - Selected invitation by code: 'TST-VUI-81'.
2025-01-23 14:38:07 [main] DEBUG l.i.u.t.SubmittedApplicationsPageTest - Clicked on 'Action Application' button.
2025-01-23 14:38:07 [main] DEBUG l.i.u.t.SubmittedApplicationsPageTest - Clicked on 'New Application' button.
2025-01-23 14:38:08 [main] DEBUG l.i.u.t.SubmittedApplicationsPageTest - Clicked on 'RadioButtonFA' button.
2025-01-23 14:38:08 [main] DEBUG l.i.u.t.SubmittedApplicationsPageTest - Entered phone number into the input field.
2025-01-23 14:38:08 [main] DEBUG l.i.u.t.SubmittedApplicationsPageTest - Entered eMail into the input field.
2025-01-23 14:38:08 [main] INFO  l.i.u.p.SubmittedApplicationsPage - Located the dropdown button.
2025-01-23 14:38:28 [main] INFO  l.i.u.p.SubmittedApplicationsPage - Found 1741 options in the dropdown.
2025-01-23 14:38:28 [main] INFO  l.i.u.p.SubmittedApplicationsPage - Successfully selected the value: '01.11 - Grūdinių (išskyrus ryžius), ankštinių ir aliejingų sėklų augalų auginimas'
2025-01-23 14:38:38 [main] ERROR l.i.u.p.SubmittedApplicationsPage - Failed to close the dropdown with aria-expanded = 'false'. Attempting manual close.
2025-01-23 14:38:38 [main] INFO  l.i.u.p.SubmittedApplicationsPage - Manual close attempt for the dropdown using body click.
2025-01-23 14:38:39 [main] DEBUG l.i.u.t.SubmittedApplicationsPageTest - Entered Address into the input field.
2025-01-23 14:38:39 [main] DEBUG l.i.u.t.SubmittedApplicationsPageTest - Entered Address into the input field.
2025-01-23 14:38:39 [main] INFO  l.i.u.p.SubmittedApplicationsPage - Located the dropdown button.
2025-01-23 14:38:49 [main] ERROR l.i.u.t.SubmittedApplicationsPageTest - Test 'testFillNewApplication' failed with error: Expected condition failed: waiting for element to be clickable: [[ChromeDriver: chrome on windows (6c1abd2ce892bccf21a48ec68592e79d)] -> xpath: (//mat-select[@aria-haspopup='listbox'])] (tried for 10 second(s) with 500 milliseconds interval)
Build info: version: '4.27.0', revision: 'd6e718d134'
System info: os.name: 'Windows 11', os.arch: 'amd64', os.version: '10.0', java.version: '21.0.3'
Driver info: org.openqa.selenium.chrome.ChromeDriver
Capabilities {acceptInsecureCerts: false, browserName: chrome, browserVersion: 131.0.6778.265, chrome: {chromedriverVersion: 131.0.6778.264 (2d05e315153..., userDataDir: C:\Users\INGRID~1.ZAD\AppDa...}, fedcm:accounts: true, goog:chromeOptions: {debuggerAddress: localhost:50340}, networkConnectionEnabled: false, pageLoadStrategy: normal, platformName: windows, proxy: Proxy(), se:cdp: ws://localhost:50340/devtoo..., se:cdpVersion: 131.0.6778.265, setWindowRect: true, strictFileInteractability: false, timeouts: {implicit: 0, pageLoad: 300000, script: 30000}, unhandledPromptBehavior: dismiss and notify, webauthn:extension:credBlob: true, webauthn:extension:largeBlob: true, webauthn:extension:minPinLength: true, webauthn:extension:prf: true, webauthn:virtualAuthenticators: true}
Session ID: 6c1abd2ce892bccf21a48ec68592e79d
org.openqa.selenium.TimeoutException: Expected condition failed: waiting for element to be clickable: [[ChromeDriver: chrome on windows (6c1abd2ce892bccf21a48ec68592e79d)] -> xpath: (//mat-select[@aria-haspopup='listbox'])] (tried for 10 second(s) with 500 milliseconds interval)
Build info: version: '4.27.0', revision: 'd6e718d134'
System info: os.name: 'Windows 11', os.arch: 'amd64', os.version: '10.0', java.version: '21.0.3'
Driver info: org.openqa.selenium.chrome.ChromeDriver
Capabilities {acceptInsecureCerts: false, browserName: chrome, browserVersion: 131.0.6778.265, chrome: {chromedriverVersion: 131.0.6778.264 (2d05e315153..., userDataDir: C:\Users\INGRID~1.ZAD\AppDa...}, fedcm:accounts: true, goog:chromeOptions: {debuggerAddress: localhost:50340}, networkConnectionEnabled: false, pageLoadStrategy: normal, platformName: windows, proxy: Proxy(), se:cdp: ws://localhost:50340/devtoo..., se:cdpVersion: 131.0.6778.265, setWindowRect: true, strictFileInteractability: false, timeouts: {implicit: 0, pageLoad: 300000, script: 30000}, unhandledPromptBehavior: dismiss and notify, webauthn:extension:credBlob: true, webauthn:extension:largeBlob: true, webauthn:extension:minPinLength: true, webauthn:extension:prf: true, webauthn:virtualAuthenticators: true}
Session ID: 6c1abd2ce892bccf21a48ec68592e79d
	at org.openqa.selenium.support.ui.WebDriverWait.timeoutException(WebDriverWait.java:84)
	at org.openqa.selenium.support.ui.FluentWait.until(FluentWait.java:228)
	at lt.insoft.uztis.pages.SubmittedApplicationsPage.selectDropdownJobName(SubmittedApplicationsPage.java:254)
	at lt.insoft.uztis.tests.SubmittedApplicationsPageTest.testFillNewApplication(SubmittedApplicationsPageTest.java:174)
	at java.base/jdk.internal.reflect.DirectMethodHandleAccessor.invoke(DirectMethodHandleAccessor.java:103)
	at java.base/java.lang.reflect.Method.invoke(Method.java:580)
	at org.junit.platform.commons.util.ReflectionUtils.invokeMethod(ReflectionUtils.java:728)
	at org.junit.jupiter.engine.execution.MethodInvocation.proceed(MethodInvocation.java:60)
	at org.junit.jupiter.engine.execution.InvocationInterceptorChain$ValidatingInvocation.proceed(InvocationInterceptorChain.java:131)
	at org.junit.jupiter.engine.extension.TimeoutExtension.intercept(TimeoutExtension.java:156)
	at org.junit.jupiter.engine.extension.TimeoutExtension.interceptTestableMethod(TimeoutExtension.java:147)
	at org.junit.jupiter.engine.extension.TimeoutExtension.interceptTestMethod(TimeoutExtension.java:86)
	at org.junit.jupiter.engine.execution.InterceptingExecutableInvoker$ReflectiveInterceptorCall.lambda$ofVoidMethod$0(InterceptingExecutableInvoker.java:103)
	at org.junit.jupiter.engine.execution.InterceptingExecutableInvoker.lambda$invoke$0(InterceptingExecutableInvoker.java:93)
	at org.junit.jupiter.engine.execution.InvocationInterceptorChain$InterceptedInvocation.proceed(InvocationInterceptorChain.java:106)
	at org.junit.jupiter.engine.execution.InvocationInterceptorChain.proceed(InvocationInterceptorChain.java:64)
	at org.junit.jupiter.engine.execution.InvocationInterceptorChain.chainAndInvoke(InvocationInterceptorChain.java:45)
	at org.junit.jupiter.engine.execution.InvocationInterceptorChain.invoke(InvocationInterceptorChain.java:37)
	at org.junit.jupiter.engine.execution.InterceptingExecutableInvoker.invoke(InterceptingExecutableInvoker.java:92)
	at org.junit.jupiter.engine.execution.InterceptingExecutableInvoker.invoke(InterceptingExecutableInvoker.java:86)
	at org.junit.jupiter.engine.descriptor.TestMethodTestDescriptor.lambda$invokeTestMethod$7(TestMethodTestDescriptor.java:218)
	at org.junit.platform.engine.support.hierarchical.ThrowableCollector.execute(ThrowableCollector.java:73)
	at org.junit.jupiter.engine.descriptor.TestMethodTestDescriptor.invokeTestMethod(TestMethodTestDescriptor.java:214)
	at org.junit.jupiter.engine.descriptor.TestMethodTestDescriptor.execute(TestMethodTestDescriptor.java:139)
	at org.junit.jupiter.engine.descriptor.TestMethodTestDescriptor.execute(TestMethodTestDescriptor.java:69)
	at org.junit.platform.engine.support.hierarchical.NodeTestTask.lambda$executeRecursively$6(NodeTestTask.java:151)
	at org.junit.platform.engine.support.hierarchical.ThrowableCollector.execute(ThrowableCollector.java:73)
	at org.junit.platform.engine.support.hierarchical.NodeTestTask.lambda$executeRecursively$8(NodeTestTask.java:141)
	at org.junit.platform.engine.support.hierarchical.Node.around(Node.java:137)
	at org.junit.platform.engine.support.hierarchical.NodeTestTask.lambda$executeRecursively$9(NodeTestTask.java:139)
	at org.junit.platform.engine.support.hierarchical.ThrowableCollector.execute(ThrowableCollector.java:73)
	at org.junit.platform.engine.support.hierarchical.NodeTestTask.executeRecursively(NodeTestTask.java:138)
	at org.junit.platform.engine.support.hierarchical.NodeTestTask.execute(NodeTestTask.java:95)
	at java.base/java.util.ArrayList.forEach(ArrayList.java:1596)
	at org.junit.platform.engine.support.hierarchical.SameThreadHierarchicalTestExecutorService.invokeAll(SameThreadHierarchicalTestExecutorService.java:41)
	at org.junit.platform.engine.support.hierarchical.NodeTestTask.lambda$executeRecursively$6(NodeTestTask.java:155)
	at org.junit.platform.engine.support.hierarchical.ThrowableCollector.execute(ThrowableCollector.java:73)
	at org.junit.platform.engine.support.hierarchical.NodeTestTask.lambda$executeRecursively$8(NodeTestTask.java:141)
	at org.junit.platform.engine.support.hierarchical.Node.around(Node.java:137)
	at org.junit.platform.engine.support.hierarchical.NodeTestTask.lambda$executeRecursively$9(NodeTestTask.java:139)
	at org.junit.platform.engine.support.hierarchical.ThrowableCollector.execute(ThrowableCollector.java:73)
	at org.junit.platform.engine.support.hierarchical.NodeTestTask.executeRecursively(NodeTestTask.java:138)
	at org.junit.platform.engine.support.hierarchical.NodeTestTask.execute(NodeTestTask.java:95)
	at java.base/java.util.ArrayList.forEach(ArrayList.java:1596)
	at org.junit.platform.engine.support.hierarchical.SameThreadHierarchicalTestExecutorService.invokeAll(SameThreadHierarchicalTestExecutorService.java:41)
	at org.junit.platform.engine.support.hierarchical.NodeTestTask.lambda$executeRecursively$6(NodeTestTask.java:155)
	at org.junit.platform.engine.support.hierarchical.ThrowableCollector.execute(ThrowableCollector.java:73)
	at org.junit.platform.engine.support.hierarchical.NodeTestTask.lambda$executeRecursively$8(NodeTestTask.java:141)
	at org.junit.platform.engine.support.hierarchical.Node.around(Node.java:137)
	at org.junit.platform.engine.support.hierarchical.NodeTestTask.lambda$executeRecursively$9(NodeTestTask.java:139)
	at org.junit.platform.engine.support.hierarchical.ThrowableCollector.execute(ThrowableCollector.java:73)
	at org.junit.platform.engine.support.hierarchical.NodeTestTask.executeRecursively(NodeTestTask.java:138)
	at org.junit.platform.engine.support.hierarchical.NodeTestTask.execute(NodeTestTask.java:95)
	at org.junit.platform.engine.support.hierarchical.SameThreadHierarchicalTestExecutorService.submit(SameThreadHierarchicalTestExecutorService.java:35)
	at org.junit.platform.engine.support.hierarchical.HierarchicalTestExecutor.execute(HierarchicalTestExecutor.java:57)
	at org.junit.platform.engine.support.hierarchical.HierarchicalTestEngine.execute(HierarchicalTestEngine.java:54)
	at org.junit.platform.launcher.core.EngineExecutionOrchestrator.execute(EngineExecutionOrchestrator.java:198)
	at org.junit.platform.launcher.core.EngineExecutionOrchestrator.execute(EngineExecutionOrchestrator.java:169)
	at org.junit.platform.launcher.core.EngineExecutionOrchestrator.execute(EngineExecutionOrchestrator.java:93)
	at org.junit.platform.launcher.core.EngineExecutionOrchestrator.lambda$execute$0(EngineExecutionOrchestrator.java:58)
	at org.junit.platform.launcher.core.EngineExecutionOrchestrator.withInterceptedStreams(EngineExecutionOrchestrator.java:141)
	at org.junit.platform.launcher.core.EngineExecutionOrchestrator.execute(EngineExecutionOrchestrator.java:57)
	at org.junit.platform.launcher.core.DefaultLauncher.execute(DefaultLauncher.java:103)
	at org.junit.platform.launcher.core.DefaultLauncher.execute(DefaultLauncher.java:85)
	at org.junit.platform.launcher.core.DelegatingLauncher.execute(DelegatingLauncher.java:47)
	at org.junit.platform.launcher.core.SessionPerRequestLauncher.execute(SessionPerRequestLauncher.java:63)
	at com.intellij.junit5.JUnit5IdeaTestRunner.startRunnerWithArgs(JUnit5IdeaTestRunner.java:57)
	at com.intellij.rt.junit.IdeaTestRunner$Repeater$1.execute(IdeaTestRunner.java:38)
	at com.intellij.rt.execution.junit.TestsRepeater.repeat(TestsRepeater.java:11)
	at com.intellij.rt.junit.IdeaTestRunner$Repeater.startRunnerWithArgs(IdeaTestRunner.java:35)
	at com.intellij.rt.junit.JUnitStarter.prepareStreamsAndStart(JUnitStarter.java:232)
	at com.intellij.rt.junit.JUnitStarter.main(JUnitStarter.java:55)
2025-01-23 14:38:50 [main] INFO  l.insoft.uztis.tests.utils.TestUtils - Screenshot moved to C:\Users\ingrida.zadorozniene\Desktop\Asm\UZTIS\UZTIS_tests\test-output\screenshots\20250123\143850155_testFillNewApplication().png
2025-01-23 14:40:49 [main] INFO  lt.insoft.uztis.tests.UztisPageTest - Navigated to https://uztisdev.asseco.lt/home
2025-01-23 14:40:49 [main] INFO  l.i.u.t.SubmittedApplicationsPageTest - Starting test:'testFillNewApplication'
2025-01-23 14:40:50 [main] DEBUG l.i.u.t.SubmittedApplicationsPageTest - User logged in with test credentials
2025-01-23 14:40:50 [main] DEBUG l.i.u.t.SubmittedApplicationsPageTest - Opened 'Application Processing' menu.
2025-01-23 14:40:50 [main] DEBUG l.i.u.t.SubmittedApplicationsPageTest - Clicked on 'Application Forms' menu.
2025-01-23 14:40:51 [main] DEBUG l.i.u.t.SubmittedApplicationsPageTest - Retrieved last description code text: 'TST-VUI-81'.
2025-01-23 14:40:52 [main] DEBUG l.i.u.t.SubmittedApplicationsPageTest - Clicked on 'Invitation' menu.
2025-01-23 14:40:52 [main] DEBUG l.i.u.t.SubmittedApplicationsPageTest - Selected application section by code: 'TST-VUI-81'.
2025-01-23 14:40:52 [main] DEBUG l.i.u.t.SubmittedApplicationsPageTest - Clicked 'Search' button.
2025-01-23 14:40:53 [main] DEBUG l.i.u.t.SubmittedApplicationsPageTest - Retrieved invitation code: ''.
2025-01-23 14:40:53 [main] DEBUG l.i.u.t.SubmittedApplicationsPageTest - Clicked on 'Submitted Applications' menu.
2025-01-23 14:40:53 [main] DEBUG l.i.u.t.SubmittedApplicationsPageTest - Selected invitation by code: 'TST-VUI-81'.
2025-01-23 14:40:54 [main] DEBUG l.i.u.t.SubmittedApplicationsPageTest - Clicked on 'Action Application' button.
2025-01-23 14:40:54 [main] DEBUG l.i.u.t.SubmittedApplicationsPageTest - Clicked on 'New Application' button.
2025-01-23 14:40:55 [main] DEBUG l.i.u.t.SubmittedApplicationsPageTest - Clicked on 'RadioButtonFA' button.
2025-01-23 14:40:55 [main] DEBUG l.i.u.t.SubmittedApplicationsPageTest - Entered phone number into the input field.
2025-01-23 14:40:55 [main] DEBUG l.i.u.t.SubmittedApplicationsPageTest - Entered eMail into the input field.
2025-01-23 14:40:55 [main] INFO  l.i.u.p.SubmittedApplicationsPage - Located the dropdown button.
2025-01-23 14:41:14 [main] INFO  l.i.u.p.SubmittedApplicationsPage - Found 1741 options in the dropdown.
2025-01-23 14:41:14 [main] INFO  l.i.u.p.SubmittedApplicationsPage - Successfully selected the value: '01.11 - Grūdinių (išskyrus ryžius), ankštinių ir aliejingų sėklų augalų auginimas'
2025-01-23 14:41:25 [main] ERROR l.i.u.p.SubmittedApplicationsPage - Failed to close the dropdown with aria-expanded = 'false'. Attempting manual close.
2025-01-23 14:41:25 [main] INFO  l.i.u.p.SubmittedApplicationsPage - Manual close attempt for the dropdown using body click.
2025-01-23 14:41:25 [main] DEBUG l.i.u.t.SubmittedApplicationsPageTest - Entered Address into the input field.
2025-01-23 14:41:26 [main] DEBUG l.i.u.t.SubmittedApplicationsPageTest - Entered Address into the input field.
2025-01-23 14:41:26 [main] INFO  l.i.u.p.SubmittedApplicationsPage - Located the dropdown button.
2025-01-23 14:41:46 [main] ERROR l.i.u.t.SubmittedApplicationsPageTest - Test 'testFillNewApplication' failed with error: Expected condition failed: waiting for element to be clickable: Proxy element for: DefaultElementLocator 'By.xpath: //mat-label[normalize-space[contains(text(), 'Darbo vietos pavadinimas')]]' (tried for 10 second(s) with 500 milliseconds interval)
org.openqa.selenium.TimeoutException: Expected condition failed: waiting for element to be clickable: Proxy element for: DefaultElementLocator 'By.xpath: //mat-label[normalize-space[contains(text(), 'Darbo vietos pavadinimas')]]' (tried for 10 second(s) with 500 milliseconds interval)
	at org.openqa.selenium.support.ui.WebDriverWait.timeoutException(WebDriverWait.java:84)
	at org.openqa.selenium.support.ui.FluentWait.until(FluentWait.java:228)
	at lt.insoft.uztis.pages.SubmittedApplicationsPage.selectDropdownJobName(SubmittedApplicationsPage.java:254)
	at lt.insoft.uztis.tests.SubmittedApplicationsPageTest.testFillNewApplication(SubmittedApplicationsPageTest.java:174)
	at java.base/jdk.internal.reflect.DirectMethodHandleAccessor.invoke(DirectMethodHandleAccessor.java:103)
	at java.base/java.lang.reflect.Method.invoke(Method.java:580)
	at org.junit.platform.commons.util.ReflectionUtils.invokeMethod(ReflectionUtils.java:728)
	at org.junit.jupiter.engine.execution.MethodInvocation.proceed(MethodInvocation.java:60)
	at org.junit.jupiter.engine.execution.InvocationInterceptorChain$ValidatingInvocation.proceed(InvocationInterceptorChain.java:131)
	at org.junit.jupiter.engine.extension.TimeoutExtension.intercept(TimeoutExtension.java:156)
	at org.junit.jupiter.engine.extension.TimeoutExtension.interceptTestableMethod(TimeoutExtension.java:147)
	at org.junit.jupiter.engine.extension.TimeoutExtension.interceptTestMethod(TimeoutExtension.java:86)
	at org.junit.jupiter.engine.execution.InterceptingExecutableInvoker$ReflectiveInterceptorCall.lambda$ofVoidMethod$0(InterceptingExecutableInvoker.java:103)
	at org.junit.jupiter.engine.execution.InterceptingExecutableInvoker.lambda$invoke$0(InterceptingExecutableInvoker.java:93)
	at org.junit.jupiter.engine.execution.InvocationInterceptorChain$InterceptedInvocation.proceed(InvocationInterceptorChain.java:106)
	at org.junit.jupiter.engine.execution.InvocationInterceptorChain.proceed(InvocationInterceptorChain.java:64)
	at org.junit.jupiter.engine.execution.InvocationInterceptorChain.chainAndInvoke(InvocationInterceptorChain.java:45)
	at org.junit.jupiter.engine.execution.InvocationInterceptorChain.invoke(InvocationInterceptorChain.java:37)
	at org.junit.jupiter.engine.execution.InterceptingExecutableInvoker.invoke(InterceptingExecutableInvoker.java:92)
	at org.junit.jupiter.engine.execution.InterceptingExecutableInvoker.invoke(InterceptingExecutableInvoker.java:86)
	at org.junit.jupiter.engine.descriptor.TestMethodTestDescriptor.lambda$invokeTestMethod$7(TestMethodTestDescriptor.java:218)
	at org.junit.platform.engine.support.hierarchical.ThrowableCollector.execute(ThrowableCollector.java:73)
	at org.junit.jupiter.engine.descriptor.TestMethodTestDescriptor.invokeTestMethod(TestMethodTestDescriptor.java:214)
	at org.junit.jupiter.engine.descriptor.TestMethodTestDescriptor.execute(TestMethodTestDescriptor.java:139)
	at org.junit.jupiter.engine.descriptor.TestMethodTestDescriptor.execute(TestMethodTestDescriptor.java:69)
	at org.junit.platform.engine.support.hierarchical.NodeTestTask.lambda$executeRecursively$6(NodeTestTask.java:151)
	at org.junit.platform.engine.support.hierarchical.ThrowableCollector.execute(ThrowableCollector.java:73)
	at org.junit.platform.engine.support.hierarchical.NodeTestTask.lambda$executeRecursively$8(NodeTestTask.java:141)
	at org.junit.platform.engine.support.hierarchical.Node.around(Node.java:137)
	at org.junit.platform.engine.support.hierarchical.NodeTestTask.lambda$executeRecursively$9(NodeTestTask.java:139)
	at org.junit.platform.engine.support.hierarchical.ThrowableCollector.execute(ThrowableCollector.java:73)
	at org.junit.platform.engine.support.hierarchical.NodeTestTask.executeRecursively(NodeTestTask.java:138)
	at org.junit.platform.engine.support.hierarchical.NodeTestTask.execute(NodeTestTask.java:95)
	at java.base/java.util.ArrayList.forEach(ArrayList.java:1596)
	at org.junit.platform.engine.support.hierarchical.SameThreadHierarchicalTestExecutorService.invokeAll(SameThreadHierarchicalTestExecutorService.java:41)
	at org.junit.platform.engine.support.hierarchical.NodeTestTask.lambda$executeRecursively$6(NodeTestTask.java:155)
	at org.junit.platform.engine.support.hierarchical.ThrowableCollector.execute(ThrowableCollector.java:73)
	at org.junit.platform.engine.support.hierarchical.NodeTestTask.lambda$executeRecursively$8(NodeTestTask.java:141)
	at org.junit.platform.engine.support.hierarchical.Node.around(Node.java:137)
	at org.junit.platform.engine.support.hierarchical.NodeTestTask.lambda$executeRecursively$9(NodeTestTask.java:139)
	at org.junit.platform.engine.support.hierarchical.ThrowableCollector.execute(ThrowableCollector.java:73)
	at org.junit.platform.engine.support.hierarchical.NodeTestTask.executeRecursively(NodeTestTask.java:138)
	at org.junit.platform.engine.support.hierarchical.NodeTestTask.execute(NodeTestTask.java:95)
	at java.base/java.util.ArrayList.forEach(ArrayList.java:1596)
	at org.junit.platform.engine.support.hierarchical.SameThreadHierarchicalTestExecutorService.invokeAll(SameThreadHierarchicalTestExecutorService.java:41)
	at org.junit.platform.engine.support.hierarchical.NodeTestTask.lambda$executeRecursively$6(NodeTestTask.java:155)
	at org.junit.platform.engine.support.hierarchical.ThrowableCollector.execute(ThrowableCollector.java:73)
	at org.junit.platform.engine.support.hierarchical.NodeTestTask.lambda$executeRecursively$8(NodeTestTask.java:141)
	at org.junit.platform.engine.support.hierarchical.Node.around(Node.java:137)
	at org.junit.platform.engine.support.hierarchical.NodeTestTask.lambda$executeRecursively$9(NodeTestTask.java:139)
	at org.junit.platform.engine.support.hierarchical.ThrowableCollector.execute(ThrowableCollector.java:73)
	at org.junit.platform.engine.support.hierarchical.NodeTestTask.executeRecursively(NodeTestTask.java:138)
	at org.junit.platform.engine.support.hierarchical.NodeTestTask.execute(NodeTestTask.java:95)
	at org.junit.platform.engine.support.hierarchical.SameThreadHierarchicalTestExecutorService.submit(SameThreadHierarchicalTestExecutorService.java:35)
	at org.junit.platform.engine.support.hierarchical.HierarchicalTestExecutor.execute(HierarchicalTestExecutor.java:57)
	at org.junit.platform.engine.support.hierarchical.HierarchicalTestEngine.execute(HierarchicalTestEngine.java:54)
	at org.junit.platform.launcher.core.EngineExecutionOrchestrator.execute(EngineExecutionOrchestrator.java:198)
	at org.junit.platform.launcher.core.EngineExecutionOrchestrator.execute(EngineExecutionOrchestrator.java:169)
	at org.junit.platform.launcher.core.EngineExecutionOrchestrator.execute(EngineExecutionOrchestrator.java:93)
	at org.junit.platform.launcher.core.EngineExecutionOrchestrator.lambda$execute$0(EngineExecutionOrchestrator.java:58)
	at org.junit.platform.launcher.core.EngineExecutionOrchestrator.withInterceptedStreams(EngineExecutionOrchestrator.java:141)
	at org.junit.platform.launcher.core.EngineExecutionOrchestrator.execute(EngineExecutionOrchestrator.java:57)
	at org.junit.platform.launcher.core.DefaultLauncher.execute(DefaultLauncher.java:103)
	at org.junit.platform.launcher.core.DefaultLauncher.execute(DefaultLauncher.java:85)
	at org.junit.platform.launcher.core.DelegatingLauncher.execute(DelegatingLauncher.java:47)
	at org.junit.platform.launcher.core.SessionPerRequestLauncher.execute(SessionPerRequestLauncher.java:63)
	at com.intellij.junit5.JUnit5IdeaTestRunner.startRunnerWithArgs(JUnit5IdeaTestRunner.java:57)
	at com.intellij.rt.junit.IdeaTestRunner$Repeater$1.execute(IdeaTestRunner.java:38)
	at com.intellij.rt.execution.junit.TestsRepeater.repeat(TestsRepeater.java:11)
	at com.intellij.rt.junit.IdeaTestRunner$Repeater.startRunnerWithArgs(IdeaTestRunner.java:35)
	at com.intellij.rt.junit.JUnitStarter.prepareStreamsAndStart(JUnitStarter.java:232)
	at com.intellij.rt.junit.JUnitStarter.main(JUnitStarter.java:55)
Caused by: org.openqa.selenium.NoSuchElementException: no such element: Unable to locate element: {"method":"xpath","selector":"//mat-label[normalize-space[contains(text(), 'Darbo vietos pavadinimas')]]"}
  (Session info: chrome=131.0.6778.265)
For documentation on this error, please visit: https://www.selenium.dev/documentation/webdriver/troubleshooting/errors#no-such-element-exception
Build info: version: '4.27.0', revision: 'd6e718d134'
System info: os.name: 'Windows 11', os.arch: 'amd64', os.version: '10.0', java.version: '21.0.3'
Driver info: org.openqa.selenium.chrome.ChromeDriver
Command: [0e95aa99b42a51a8dcdb5dbdc88c3c1f, findElement {value=//mat-label[normalize-space[contains(text(), 'Darbo vietos pavadinimas')]], using=xpath}]
Capabilities {acceptInsecureCerts: false, browserName: chrome, browserVersion: 131.0.6778.265, chrome: {chromedriverVersion: 131.0.6778.264 (2d05e315153..., userDataDir: C:\Users\INGRID~1.ZAD\AppDa...}, fedcm:accounts: true, goog:chromeOptions: {debuggerAddress: localhost:50440}, networkConnectionEnabled: false, pageLoadStrategy: normal, platformName: windows, proxy: Proxy(), se:cdp: ws://localhost:50440/devtoo..., se:cdpVersion: 131.0.6778.265, setWindowRect: true, strictFileInteractability: false, timeouts: {implicit: 0, pageLoad: 300000, script: 30000}, unhandledPromptBehavior: dismiss and notify, webauthn:extension:credBlob: true, webauthn:extension:largeBlob: true, webauthn:extension:minPinLength: true, webauthn:extension:prf: true, webauthn:virtualAuthenticators: true}
Session ID: 0e95aa99b42a51a8dcdb5dbdc88c3c1f
	at java.base/jdk.internal.reflect.DirectConstructorHandleAccessor.newInstance(DirectConstructorHandleAccessor.java:62)
	at java.base/java.lang.reflect.Constructor.newInstanceWithCaller(Constructor.java:502)
	at java.base/java.lang.reflect.Constructor.newInstance(Constructor.java:486)
	at org.openqa.selenium.remote.ErrorCodec.decode(ErrorCodec.java:167)
	at org.openqa.selenium.remote.codec.w3c.W3CHttpResponseCodec.decode(W3CHttpResponseCodec.java:138)
	at org.openqa.selenium.remote.codec.w3c.W3CHttpResponseCodec.decode(W3CHttpResponseCodec.java:50)
	at org.openqa.selenium.remote.HttpCommandExecutor.execute(HttpCommandExecutor.java:190)
	at org.openqa.selenium.remote.service.DriverCommandExecutor.invokeExecute(DriverCommandExecutor.java:216)
	at org.openqa.selenium.remote.service.DriverCommandExecutor.execute(DriverCommandExecutor.java:174)
	at org.openqa.selenium.remote.RemoteWebDriver.execute(RemoteWebDriver.java:545)
	at org.openqa.selenium.remote.ElementLocation$ElementFinder$2.findElement(ElementLocation.java:165)
	at org.openqa.selenium.remote.ElementLocation.findElement(ElementLocation.java:59)
	at org.openqa.selenium.remote.RemoteWebDriver.findElement(RemoteWebDriver.java:368)
	at org.openqa.selenium.remote.RemoteWebDriver.findElement(RemoteWebDriver.java:362)
	at org.openqa.selenium.support.pagefactory.DefaultElementLocator.findElement(DefaultElementLocator.java:68)
	at org.openqa.selenium.support.pagefactory.internal.LocatingElementHandler.invoke(LocatingElementHandler.java:38)
	at jdk.proxy2/jdk.proxy2.$Proxy14.isDisplayed(Unknown Source)
	at org.openqa.selenium.support.ui.ExpectedConditions.elementIfVisible(ExpectedConditions.java:304)
	at org.openqa.selenium.support.ui.ExpectedConditions$10.apply(ExpectedConditions.java:290)
	at org.openqa.selenium.support.ui.ExpectedConditions$10.apply(ExpectedConditions.java:287)
	at org.openqa.selenium.support.ui.ExpectedConditions$23.apply(ExpectedConditions.java:656)
	at org.openqa.selenium.support.ui.ExpectedConditions$23.apply(ExpectedConditions.java:652)
	at org.openqa.selenium.support.ui.FluentWait.until(FluentWait.java:203)
	... 70 common frames omitted
2025-01-23 14:41:46 [main] INFO  l.insoft.uztis.tests.utils.TestUtils - Screenshot moved to C:\Users\ingrida.zadorozniene\Desktop\Asm\UZTIS\UZTIS_tests\test-output\screenshots\20250123\144146646_testFillNewApplication().png
2025-01-23 14:42:13 [main] INFO  lt.insoft.uztis.tests.UztisPageTest - Navigated to https://uztisdev.asseco.lt/home
2025-01-23 14:42:13 [main] INFO  l.i.u.t.SubmittedApplicationsPageTest - Starting test:'testFillNewApplication'
2025-01-23 14:42:14 [main] DEBUG l.i.u.t.SubmittedApplicationsPageTest - User logged in with test credentials
2025-01-23 14:42:14 [main] DEBUG l.i.u.t.SubmittedApplicationsPageTest - Opened 'Application Processing' menu.
2025-01-23 14:42:14 [main] DEBUG l.i.u.t.SubmittedApplicationsPageTest - Clicked on 'Application Forms' menu.
2025-01-23 14:42:14 [main] DEBUG l.i.u.t.SubmittedApplicationsPageTest - Retrieved last description code text: 'TST-VUI-81'.
2025-01-23 14:42:14 [main] DEBUG l.i.u.t.SubmittedApplicationsPageTest - Clicked on 'Invitation' menu.
2025-01-23 14:42:15 [main] DEBUG l.i.u.t.SubmittedApplicationsPageTest - Selected application section by code: 'TST-VUI-81'.
2025-01-23 14:42:15 [main] DEBUG l.i.u.t.SubmittedApplicationsPageTest - Clicked 'Search' button.
2025-01-23 14:42:15 [main] DEBUG l.i.u.t.SubmittedApplicationsPageTest - Retrieved invitation code: ''.
2025-01-23 14:42:15 [main] DEBUG l.i.u.t.SubmittedApplicationsPageTest - Clicked on 'Submitted Applications' menu.
2025-01-23 14:42:16 [main] DEBUG l.i.u.t.SubmittedApplicationsPageTest - Selected invitation by code: 'TST-VUI-81'.
2025-01-23 14:42:16 [main] DEBUG l.i.u.t.SubmittedApplicationsPageTest - Clicked on 'Action Application' button.
2025-01-23 14:42:17 [main] DEBUG l.i.u.t.SubmittedApplicationsPageTest - Clicked on 'New Application' button.
2025-01-23 14:42:17 [main] DEBUG l.i.u.t.SubmittedApplicationsPageTest - Clicked on 'RadioButtonFA' button.
2025-01-23 14:42:17 [main] DEBUG l.i.u.t.SubmittedApplicationsPageTest - Entered phone number into the input field.
2025-01-23 14:42:17 [main] DEBUG l.i.u.t.SubmittedApplicationsPageTest - Entered eMail into the input field.
2025-01-23 14:42:17 [main] INFO  l.i.u.p.SubmittedApplicationsPage - Located the dropdown button.
2025-01-23 14:42:37 [main] INFO  l.i.u.p.SubmittedApplicationsPage - Found 1741 options in the dropdown.
2025-01-23 14:42:37 [main] INFO  l.i.u.p.SubmittedApplicationsPage - Successfully selected the value: '01.11 - Grūdinių (išskyrus ryžius), ankštinių ir aliejingų sėklų augalų auginimas'
2025-01-23 14:42:47 [main] ERROR l.i.u.p.SubmittedApplicationsPage - Failed to close the dropdown with aria-expanded = 'false'. Attempting manual close.
2025-01-23 14:42:47 [main] INFO  l.i.u.p.SubmittedApplicationsPage - Manual close attempt for the dropdown using body click.
2025-01-23 14:42:48 [main] DEBUG l.i.u.t.SubmittedApplicationsPageTest - Entered Address into the input field.
2025-01-23 14:42:48 [main] DEBUG l.i.u.t.SubmittedApplicationsPageTest - Entered Address into the input field.
2025-01-23 14:42:48 [main] INFO  l.i.u.p.SubmittedApplicationsPage - Located the dropdown button.
2025-01-23 14:42:50 [main] INFO  l.i.u.p.SubmittedApplicationsPage - Successfully selected the value: 'Administratoriai'
2025-01-23 14:43:00 [main] ERROR l.i.u.p.SubmittedApplicationsPage - Timeout while waiting for dropdown to close with aria-expanded = 'false'.
2025-01-23 14:43:00 [main] DEBUG l.i.u.t.SubmittedApplicationsPageTest - Selected the value: 'Administratoriai'
2025-01-23 14:43:00 [main] INFO  l.i.u.p.SubmittedApplicationsPage - Located the dropdown button.
2025-01-23 14:43:01 [main] INFO  l.i.u.p.SubmittedApplicationsPage - Found 34 options in the dropdown.
2025-01-23 14:43:01 [main] INFO  l.i.u.p.SubmittedApplicationsPage - Successfully selected the value: 'Bedarbiai, kurie yra darbingo amžiaus neįgalieji, kuriems nustatytas iki 25 procentų darbingumo lygis arba sunkus neįgalumo lygis'
2025-01-23 14:43:12 [main] ERROR l.i.u.p.SubmittedApplicationsPage - Failed to close the dropdown with aria-expanded = 'false'. Attempting manual close.
2025-01-23 14:43:13 [main] ERROR l.i.u.p.SubmittedApplicationsPage - Failed to manually close the dropdown: element click intercepted: Element <div class="cdk-overlay-backdrop cdk-overlay-transparent-backdrop cdk-overlay-backdrop-showing"></div> is not clickable at point (960, 506). Other element would receive the click: <mat-option role="option" class="mat-mdc-option mdc-list-item mat-mdc-option-multiple ng-tns-c1073613477-80 ng-star-inserted" id="mat-option-978" aria-selected="false" aria-disabled="false" style="">...</mat-option>
  (Session info: chrome=131.0.6778.265)
Build info: version: '4.27.0', revision: 'd6e718d134'
System info: os.name: 'Windows 11', os.arch: 'amd64', os.version: '10.0', java.version: '21.0.3'
Driver info: org.openqa.selenium.chrome.ChromeDriver
Command: [af46cf4147cb108a652a379bb36bfcdd, clickElement {id=f.B700D5919D19DBE77E3A41EE26B13A53.d.999E8B5E6574A796313B79A4D47D4BFC.e.2139}]
Capabilities {acceptInsecureCerts: false, browserName: chrome, browserVersion: 131.0.6778.265, chrome: {chromedriverVersion: 131.0.6778.264 (2d05e315153..., userDataDir: C:\Users\INGRID~1.ZAD\AppDa...}, fedcm:accounts: true, goog:chromeOptions: {debuggerAddress: localhost:50510}, networkConnectionEnabled: false, pageLoadStrategy: normal, platformName: windows, proxy: Proxy(), se:cdp: ws://localhost:50510/devtoo..., se:cdpVersion: 131.0.6778.265, setWindowRect: true, strictFileInteractability: false, timeouts: {implicit: 0, pageLoad: 300000, script: 30000}, unhandledPromptBehavior: dismiss and notify, webauthn:extension:credBlob: true, webauthn:extension:largeBlob: true, webauthn:extension:minPinLength: true, webauthn:extension:prf: true, webauthn:virtualAuthenticators: true}
Element: [[ChromeDriver: chrome on windows (af46cf4147cb108a652a379bb36bfcdd)] -> class name: cdk-overlay-backdrop]
Session ID: af46cf4147cb108a652a379bb36bfcdd
2025-01-23 14:43:13 [main] INFO  l.i.u.t.SubmittedApplicationsPageTest - Test 'testFillNewApplication' completed successfully.
2025-01-23 15:11:42 [main] INFO  lt.insoft.uztis.tests.UztisPageTest - Navigated to https://uztisdev.asseco.lt/home
2025-01-23 15:11:42 [main] INFO  l.i.u.t.SubmittedApplicationsPageTest - Starting test:'testFillNewApplication'
2025-01-23 15:11:43 [main] DEBUG l.i.u.t.SubmittedApplicationsPageTest - User logged in with test credentials
2025-01-23 15:11:43 [main] DEBUG l.i.u.t.SubmittedApplicationsPageTest - Opened 'Application Processing' menu.
2025-01-23 15:11:43 [main] DEBUG l.i.u.t.SubmittedApplicationsPageTest - Clicked on 'Application Forms' menu.
2025-01-23 15:11:44 [main] DEBUG l.i.u.t.SubmittedApplicationsPageTest - Retrieved last description code text: 'TST-VUI-81'.
2025-01-23 15:11:44 [main] DEBUG l.i.u.t.SubmittedApplicationsPageTest - Clicked on 'Invitation' menu.
2025-01-23 15:11:45 [main] DEBUG l.i.u.t.SubmittedApplicationsPageTest - Selected application section by code: 'TST-VUI-81'.
2025-01-23 15:11:45 [main] DEBUG l.i.u.t.SubmittedApplicationsPageTest - Clicked 'Search' button.
2025-01-23 15:11:45 [main] DEBUG l.i.u.t.SubmittedApplicationsPageTest - Retrieved invitation code: ''.
2025-01-23 15:11:45 [main] DEBUG l.i.u.t.SubmittedApplicationsPageTest - Clicked on 'Submitted Applications' menu.
2025-01-23 15:11:46 [main] DEBUG l.i.u.t.SubmittedApplicationsPageTest - Selected invitation by code: 'TST-VUI-81'.
2025-01-23 15:11:46 [main] DEBUG l.i.u.t.SubmittedApplicationsPageTest - Clicked on 'Action Application' button.
2025-01-23 15:11:46 [main] DEBUG l.i.u.t.SubmittedApplicationsPageTest - Clicked on 'New Application' button.
2025-01-23 15:11:46 [main] DEBUG l.i.u.t.SubmittedApplicationsPageTest - Clicked on 'RadioButtonFA' button.
2025-01-23 15:11:47 [main] DEBUG l.i.u.t.SubmittedApplicationsPageTest - Entered phone number into the input field.
2025-01-23 15:11:47 [main] DEBUG l.i.u.t.SubmittedApplicationsPageTest - Entered eMail into the input field.
2025-01-23 15:11:47 [main] INFO  l.i.u.p.SubmittedApplicationsPage - Located the dropdown button.
2025-01-23 15:12:06 [main] INFO  l.i.u.p.SubmittedApplicationsPage - Found 1741 options in the dropdown.
2025-01-23 15:12:06 [main] INFO  l.i.u.p.SubmittedApplicationsPage - Successfully selected the value: '01.11 - Grūdinių (išskyrus ryžius), ankštinių ir aliejingų sėklų augalų auginimas'
2025-01-23 15:12:16 [main] ERROR l.i.u.p.SubmittedApplicationsPage - Failed to close the dropdown with aria-expanded = 'false'. Attempting manual close.
2025-01-23 15:12:16 [main] INFO  l.i.u.p.SubmittedApplicationsPage - Manual close attempt for the dropdown using body click.
2025-01-23 15:12:17 [main] DEBUG l.i.u.t.SubmittedApplicationsPageTest - Entered Address into the input field.
2025-01-23 15:12:17 [main] DEBUG l.i.u.t.SubmittedApplicationsPageTest - Entered Address into the input field.
2025-01-23 15:12:17 [main] INFO  l.i.u.p.SubmittedApplicationsPage - Located the dropdown button.
2025-01-23 15:12:18 [main] INFO  l.i.u.p.SubmittedApplicationsPage - Successfully selected the value: 'Administratoriai'
2025-01-23 15:12:29 [main] ERROR l.i.u.p.SubmittedApplicationsPage - Timeout while waiting for dropdown to close with aria-expanded = 'false'.
2025-01-23 15:12:29 [main] DEBUG l.i.u.t.SubmittedApplicationsPageTest - Selected the value: 'Administratoriai'
2025-01-23 15:12:29 [main] INFO  l.i.u.p.SubmittedApplicationsPage - Located the dropdown button.
2025-01-23 15:12:30 [main] INFO  l.i.u.p.SubmittedApplicationsPage - Found 34 options in the dropdown.
2025-01-23 15:12:30 [main] INFO  l.i.u.p.SubmittedApplicationsPage - Successfully selected the value: 'Bedarbiai, kurie yra darbingo amžiaus neįgalieji, kuriems nustatytas iki 25 procentų darbingumo lygis arba sunkus neįgalumo lygis'
2025-01-23 15:12:40 [main] ERROR l.i.u.p.SubmittedApplicationsPage - Failed to close the dropdown with aria-expanded = 'false'. Attempting manual close.
2025-01-23 15:12:41 [main] ERROR l.i.u.p.SubmittedApplicationsPage - Failed to manually close the dropdown: element click intercepted: Element <div class="cdk-overlay-backdrop cdk-overlay-transparent-backdrop cdk-overlay-backdrop-showing"></div> is not clickable at point (960, 506). Other element would receive the click: <mat-option role="option" class="mat-mdc-option mdc-list-item mat-mdc-option-multiple ng-tns-c1073613477-80 ng-star-inserted" id="mat-option-978" aria-selected="false" aria-disabled="false" style="">...</mat-option>
  (Session info: chrome=131.0.6778.265)
Build info: version: '4.27.0', revision: 'd6e718d134'
System info: os.name: 'Windows 11', os.arch: 'amd64', os.version: '10.0', java.version: '21.0.3'
Driver info: org.openqa.selenium.chrome.ChromeDriver
Command: [b3b209a2ab9d614a5d2fd79461b90c64, clickElement {id=f.13621B6C66C770F2AD305C92E0C36D39.d.B40850CDAEF6BAE24098EB762800CC9F.e.2137}]
Capabilities {acceptInsecureCerts: false, browserName: chrome, browserVersion: 131.0.6778.265, chrome: {chromedriverVersion: 131.0.6778.264 (2d05e315153..., userDataDir: C:\Users\INGRID~1.ZAD\AppDa...}, fedcm:accounts: true, goog:chromeOptions: {debuggerAddress: localhost:52389}, networkConnectionEnabled: false, pageLoadStrategy: normal, platformName: windows, proxy: Proxy(), se:cdp: ws://localhost:52389/devtoo..., se:cdpVersion: 131.0.6778.265, setWindowRect: true, strictFileInteractability: false, timeouts: {implicit: 0, pageLoad: 300000, script: 30000}, unhandledPromptBehavior: dismiss and notify, webauthn:extension:credBlob: true, webauthn:extension:largeBlob: true, webauthn:extension:minPinLength: true, webauthn:extension:prf: true, webauthn:virtualAuthenticators: true}
Element: [[ChromeDriver: chrome on windows (b3b209a2ab9d614a5d2fd79461b90c64)] -> class name: cdk-overlay-backdrop]
Session ID: b3b209a2ab9d614a5d2fd79461b90c64
2025-01-23 15:12:41 [main] INFO  l.i.u.t.SubmittedApplicationsPageTest - Test 'testFillNewApplication' completed successfully.
2025-01-27 09:29:58 [main] INFO  lt.insoft.uztis.tests.UztisPageTest - Navigated to https://uztisdev.asseco.lt/home
2025-01-27 09:29:58 [main] INFO  l.i.u.t.SubmittedApplicationsPageTest - Starting test:'testFillNewApplication'
2025-01-27 09:29:58 [main] DEBUG l.i.u.t.SubmittedApplicationsPageTest - User logged in with test credentials
2025-01-27 09:29:59 [main] DEBUG l.i.u.t.SubmittedApplicationsPageTest - Opened 'Application Processing' menu.
2025-01-27 09:29:59 [main] DEBUG l.i.u.t.SubmittedApplicationsPageTest - Clicked on 'Application Forms' menu.
2025-01-27 09:29:59 [main] DEBUG l.i.u.t.SubmittedApplicationsPageTest - Retrieved last description code text: 'VUI'.
2025-01-27 09:29:59 [main] DEBUG l.i.u.t.SubmittedApplicationsPageTest - Clicked on 'Invitation' menu.
2025-01-27 09:30:00 [main] DEBUG l.i.u.t.SubmittedApplicationsPageTest - Selected application section by code: 'VUI'.
2025-01-27 09:30:00 [main] DEBUG l.i.u.t.SubmittedApplicationsPageTest - Clicked 'Search' button.
2025-01-27 09:30:00 [main] DEBUG l.i.u.t.SubmittedApplicationsPageTest - Retrieved invitation code: ''.
2025-01-27 09:30:00 [main] DEBUG l.i.u.t.SubmittedApplicationsPageTest - Clicked on 'Submitted Applications' menu.
2025-01-27 09:30:01 [main] DEBUG l.i.u.t.SubmittedApplicationsPageTest - Selected invitation by code: 'VUI'.
2025-01-27 09:30:01 [main] DEBUG l.i.u.t.SubmittedApplicationsPageTest - Clicked on 'Action Application' button.
2025-01-27 09:30:09 [main] ERROR l.i.u.t.SubmittedApplicationsPageTest - Test 'testFillNewApplication' failed with error: Error communicating with the remote browser. It may have died.
Build info: version: '4.27.0', revision: 'd6e718d134'
System info: os.name: 'Windows 11', os.arch: 'amd64', os.version: '10.0', java.version: '21.0.3'
Driver info: org.openqa.selenium.chrome.ChromeDriver
Command: [10f170a900a294adfab76217807e82ad, findElement [value, using]]
Capabilities {acceptInsecureCerts: false, browserName: chrome, browserVersion: 131.0.6778.265, chrome: {chromedriverVersion: 131.0.6778.264 (2d05e315153..., userDataDir: C:\Users\INGRID~1.ZAD\AppDa...}, fedcm:accounts: true, goog:chromeOptions: {debuggerAddress: localhost:63477}, networkConnectionEnabled: false, pageLoadStrategy: normal, platformName: windows, proxy: Proxy(), se:cdp: ws://localhost:63477/devtoo..., se:cdpVersion: 131.0.6778.265, setWindowRect: true, strictFileInteractability: false, timeouts: {implicit: 0, pageLoad: 300000, script: 30000}, unhandledPromptBehavior: dismiss and notify, webauthn:extension:credBlob: true, webauthn:extension:largeBlob: true, webauthn:extension:minPinLength: true, webauthn:extension:prf: true, webauthn:virtualAuthenticators: true}
Session ID: 10f170a900a294adfab76217807e82ad
org.openqa.selenium.remote.UnreachableBrowserException: Error communicating with the remote browser. It may have died.
Build info: version: '4.27.0', revision: 'd6e718d134'
System info: os.name: 'Windows 11', os.arch: 'amd64', os.version: '10.0', java.version: '21.0.3'
Driver info: org.openqa.selenium.chrome.ChromeDriver
Command: [10f170a900a294adfab76217807e82ad, findElement [value, using]]
Capabilities {acceptInsecureCerts: false, browserName: chrome, browserVersion: 131.0.6778.265, chrome: {chromedriverVersion: 131.0.6778.264 (2d05e315153..., userDataDir: C:\Users\INGRID~1.ZAD\AppDa...}, fedcm:accounts: true, goog:chromeOptions: {debuggerAddress: localhost:63477}, networkConnectionEnabled: false, pageLoadStrategy: normal, platformName: windows, proxy: Proxy(), se:cdp: ws://localhost:63477/devtoo..., se:cdpVersion: 131.0.6778.265, setWindowRect: true, strictFileInteractability: false, timeouts: {implicit: 0, pageLoad: 300000, script: 30000}, unhandledPromptBehavior: dismiss and notify, webauthn:extension:credBlob: true, webauthn:extension:largeBlob: true, webauthn:extension:minPinLength: true, webauthn:extension:prf: true, webauthn:virtualAuthenticators: true}
Session ID: 10f170a900a294adfab76217807e82ad
	at org.openqa.selenium.remote.RemoteWebDriver.execute(RemoteWebDriver.java:572)
	at org.openqa.selenium.remote.ElementLocation$ElementFinder$2.findElement(ElementLocation.java:165)
	at org.openqa.selenium.remote.ElementLocation.findElement(ElementLocation.java:59)
	at org.openqa.selenium.remote.RemoteWebDriver.findElement(RemoteWebDriver.java:368)
	at org.openqa.selenium.remote.RemoteWebDriver.findElement(RemoteWebDriver.java:362)
	at org.openqa.selenium.support.pagefactory.DefaultElementLocator.findElement(DefaultElementLocator.java:68)
	at org.openqa.selenium.support.pagefactory.internal.LocatingElementHandler.invoke(LocatingElementHandler.java:38)
	at jdk.proxy2/jdk.proxy2.$Proxy14.click(Unknown Source)
	at lt.insoft.uztis.pages.SubmittedApplicationsPage.clickButtonNewApplication(SubmittedApplicationsPage.java:123)
	at lt.insoft.uztis.tests.SubmittedApplicationsPageTest.testFillNewApplication(SubmittedApplicationsPageTest.java:140)
	at java.base/jdk.internal.reflect.DirectMethodHandleAccessor.invoke(DirectMethodHandleAccessor.java:103)
	at java.base/java.lang.reflect.Method.invoke(Method.java:580)
	at org.junit.platform.commons.util.ReflectionUtils.invokeMethod(ReflectionUtils.java:728)
	at org.junit.jupiter.engine.execution.MethodInvocation.proceed(MethodInvocation.java:60)
	at org.junit.jupiter.engine.execution.InvocationInterceptorChain$ValidatingInvocation.proceed(InvocationInterceptorChain.java:131)
	at org.junit.jupiter.engine.extension.TimeoutExtension.intercept(TimeoutExtension.java:156)
	at org.junit.jupiter.engine.extension.TimeoutExtension.interceptTestableMethod(TimeoutExtension.java:147)
	at org.junit.jupiter.engine.extension.TimeoutExtension.interceptTestMethod(TimeoutExtension.java:86)
	at org.junit.jupiter.engine.execution.InterceptingExecutableInvoker$ReflectiveInterceptorCall.lambda$ofVoidMethod$0(InterceptingExecutableInvoker.java:103)
	at org.junit.jupiter.engine.execution.InterceptingExecutableInvoker.lambda$invoke$0(InterceptingExecutableInvoker.java:93)
	at org.junit.jupiter.engine.execution.InvocationInterceptorChain$InterceptedInvocation.proceed(InvocationInterceptorChain.java:106)
	at org.junit.jupiter.engine.execution.InvocationInterceptorChain.proceed(InvocationInterceptorChain.java:64)
	at org.junit.jupiter.engine.execution.InvocationInterceptorChain.chainAndInvoke(InvocationInterceptorChain.java:45)
	at org.junit.jupiter.engine.execution.InvocationInterceptorChain.invoke(InvocationInterceptorChain.java:37)
	at org.junit.jupiter.engine.execution.InterceptingExecutableInvoker.invoke(InterceptingExecutableInvoker.java:92)
	at org.junit.jupiter.engine.execution.InterceptingExecutableInvoker.invoke(InterceptingExecutableInvoker.java:86)
	at org.junit.jupiter.engine.descriptor.TestMethodTestDescriptor.lambda$invokeTestMethod$7(TestMethodTestDescriptor.java:218)
	at org.junit.platform.engine.support.hierarchical.ThrowableCollector.execute(ThrowableCollector.java:73)
	at org.junit.jupiter.engine.descriptor.TestMethodTestDescriptor.invokeTestMethod(TestMethodTestDescriptor.java:214)
	at org.junit.jupiter.engine.descriptor.TestMethodTestDescriptor.execute(TestMethodTestDescriptor.java:139)
	at org.junit.jupiter.engine.descriptor.TestMethodTestDescriptor.execute(TestMethodTestDescriptor.java:69)
	at org.junit.platform.engine.support.hierarchical.NodeTestTask.lambda$executeRecursively$6(NodeTestTask.java:151)
	at org.junit.platform.engine.support.hierarchical.ThrowableCollector.execute(ThrowableCollector.java:73)
	at org.junit.platform.engine.support.hierarchical.NodeTestTask.lambda$executeRecursively$8(NodeTestTask.java:141)
	at org.junit.platform.engine.support.hierarchical.Node.around(Node.java:137)
	at org.junit.platform.engine.support.hierarchical.NodeTestTask.lambda$executeRecursively$9(NodeTestTask.java:139)
	at org.junit.platform.engine.support.hierarchical.ThrowableCollector.execute(ThrowableCollector.java:73)
	at org.junit.platform.engine.support.hierarchical.NodeTestTask.executeRecursively(NodeTestTask.java:138)
	at org.junit.platform.engine.support.hierarchical.NodeTestTask.execute(NodeTestTask.java:95)
	at java.base/java.util.ArrayList.forEach(ArrayList.java:1596)
	at org.junit.platform.engine.support.hierarchical.SameThreadHierarchicalTestExecutorService.invokeAll(SameThreadHierarchicalTestExecutorService.java:41)
	at org.junit.platform.engine.support.hierarchical.NodeTestTask.lambda$executeRecursively$6(NodeTestTask.java:155)
	at org.junit.platform.engine.support.hierarchical.ThrowableCollector.execute(ThrowableCollector.java:73)
	at org.junit.platform.engine.support.hierarchical.NodeTestTask.lambda$executeRecursively$8(NodeTestTask.java:141)
	at org.junit.platform.engine.support.hierarchical.Node.around(Node.java:137)
	at org.junit.platform.engine.support.hierarchical.NodeTestTask.lambda$executeRecursively$9(NodeTestTask.java:139)
	at org.junit.platform.engine.support.hierarchical.ThrowableCollector.execute(ThrowableCollector.java:73)
	at org.junit.platform.engine.support.hierarchical.NodeTestTask.executeRecursively(NodeTestTask.java:138)
	at org.junit.platform.engine.support.hierarchical.NodeTestTask.execute(NodeTestTask.java:95)
	at java.base/java.util.ArrayList.forEach(ArrayList.java:1596)
	at org.junit.platform.engine.support.hierarchical.SameThreadHierarchicalTestExecutorService.invokeAll(SameThreadHierarchicalTestExecutorService.java:41)
	at org.junit.platform.engine.support.hierarchical.NodeTestTask.lambda$executeRecursively$6(NodeTestTask.java:155)
	at org.junit.platform.engine.support.hierarchical.ThrowableCollector.execute(ThrowableCollector.java:73)
	at org.junit.platform.engine.support.hierarchical.NodeTestTask.lambda$executeRecursively$8(NodeTestTask.java:141)
	at org.junit.platform.engine.support.hierarchical.Node.around(Node.java:137)
	at org.junit.platform.engine.support.hierarchical.NodeTestTask.lambda$executeRecursively$9(NodeTestTask.java:139)
	at org.junit.platform.engine.support.hierarchical.ThrowableCollector.execute(ThrowableCollector.java:73)
	at org.junit.platform.engine.support.hierarchical.NodeTestTask.executeRecursively(NodeTestTask.java:138)
	at org.junit.platform.engine.support.hierarchical.NodeTestTask.execute(NodeTestTask.java:95)
	at org.junit.platform.engine.support.hierarchical.SameThreadHierarchicalTestExecutorService.submit(SameThreadHierarchicalTestExecutorService.java:35)
	at org.junit.platform.engine.support.hierarchical.HierarchicalTestExecutor.execute(HierarchicalTestExecutor.java:57)
	at org.junit.platform.engine.support.hierarchical.HierarchicalTestEngine.execute(HierarchicalTestEngine.java:54)
	at org.junit.platform.launcher.core.EngineExecutionOrchestrator.execute(EngineExecutionOrchestrator.java:198)
	at org.junit.platform.launcher.core.EngineExecutionOrchestrator.execute(EngineExecutionOrchestrator.java:169)
	at org.junit.platform.launcher.core.EngineExecutionOrchestrator.execute(EngineExecutionOrchestrator.java:93)
	at org.junit.platform.launcher.core.EngineExecutionOrchestrator.lambda$execute$0(EngineExecutionOrchestrator.java:58)
	at org.junit.platform.launcher.core.EngineExecutionOrchestrator.withInterceptedStreams(EngineExecutionOrchestrator.java:141)
	at org.junit.platform.launcher.core.EngineExecutionOrchestrator.execute(EngineExecutionOrchestrator.java:57)
	at org.junit.platform.launcher.core.DefaultLauncher.execute(DefaultLauncher.java:103)
	at org.junit.platform.launcher.core.DefaultLauncher.execute(DefaultLauncher.java:85)
	at org.junit.platform.launcher.core.DelegatingLauncher.execute(DelegatingLauncher.java:47)
	at org.junit.platform.launcher.core.SessionPerRequestLauncher.execute(SessionPerRequestLauncher.java:63)
	at com.intellij.junit5.JUnit5IdeaTestRunner.startRunnerWithArgs(JUnit5IdeaTestRunner.java:57)
	at com.intellij.rt.junit.IdeaTestRunner$Repeater$1.execute(IdeaTestRunner.java:38)
	at com.intellij.rt.execution.junit.TestsRepeater.repeat(TestsRepeater.java:11)
	at com.intellij.rt.junit.IdeaTestRunner$Repeater.startRunnerWithArgs(IdeaTestRunner.java:35)
	at com.intellij.rt.junit.JUnitStarter.prepareStreamsAndStart(JUnitStarter.java:232)
	at com.intellij.rt.junit.JUnitStarter.main(JUnitStarter.java:55)
Caused by: java.io.UncheckedIOException: java.io.IOException: HTTP/1.1 header parser received no bytes
	at org.openqa.selenium.remote.http.jdk.JdkHttpClient.execute0(JdkHttpClient.java:496)
	at org.openqa.selenium.remote.http.AddSeleniumUserAgent.lambda$apply$0(AddSeleniumUserAgent.java:42)
	at org.openqa.selenium.remote.http.Filter.lambda$andFinally$1(Filter.java:55)
	at org.openqa.selenium.remote.http.jdk.JdkHttpClient.lambda$executeAsync$1(JdkHttpClient.java:383)
	at java.base/java.util.concurrent.Executors$RunnableAdapter.call(Executors.java:572)
	at java.base/java.util.concurrent.FutureTask.run(FutureTask.java:317)
	at java.base/java.util.concurrent.ThreadPoolExecutor.runWorker(ThreadPoolExecutor.java:1144)
	at java.base/java.util.concurrent.ThreadPoolExecutor$Worker.run(ThreadPoolExecutor.java:642)
	at java.base/java.lang.Thread.run(Thread.java:1583)
Caused by: java.io.IOException: HTTP/1.1 header parser received no bytes
	at java.net.http/jdk.internal.net.http.HttpClientImpl.send(HttpClientImpl.java:964)
	at java.net.http/jdk.internal.net.http.HttpClientFacade.send(HttpClientFacade.java:133)
	at org.openqa.selenium.remote.http.jdk.JdkHttpClient.execute0(JdkHttpClient.java:455)
	... 8 common frames omitted
Caused by: java.io.IOException: HTTP/1.1 header parser received no bytes
	at java.net.http/jdk.internal.net.http.common.Utils.wrapWithExtraDetail(Utils.java:388)
	at java.net.http/jdk.internal.net.http.Http1Response$HeadersReader.onReadError(Http1Response.java:590)
	at java.net.http/jdk.internal.net.http.Http1AsyncReceiver.checkForErrors(Http1AsyncReceiver.java:302)
	at java.net.http/jdk.internal.net.http.Http1AsyncReceiver.flush(Http1AsyncReceiver.java:268)
	at java.net.http/jdk.internal.net.http.common.SequentialScheduler$LockingRestartableTask.run(SequentialScheduler.java:182)
	at java.net.http/jdk.internal.net.http.common.SequentialScheduler$CompleteRestartableTask.run(SequentialScheduler.java:149)
	at java.net.http/jdk.internal.net.http.common.SequentialScheduler$SchedulableTask.run(SequentialScheduler.java:207)
	... 3 common frames omitted
Caused by: java.net.SocketException: Connection reset
	at java.base/sun.nio.ch.SocketChannelImpl.throwConnectionReset(SocketChannelImpl.java:401)
	at java.base/sun.nio.ch.SocketChannelImpl.read(SocketChannelImpl.java:434)
	at java.net.http/jdk.internal.net.http.SocketTube.readAvailable(SocketTube.java:1178)
	at java.net.http/jdk.internal.net.http.SocketTube$InternalReadPublisher$InternalReadSubscription.read(SocketTube.java:841)
	at java.net.http/jdk.internal.net.http.SocketTube$SocketFlowTask.run(SocketTube.java:181)
	at java.net.http/jdk.internal.net.http.common.SequentialScheduler$SchedulableTask.run(SequentialScheduler.java:207)
	at java.net.http/jdk.internal.net.http.common.SequentialScheduler.runOrSchedule(SequentialScheduler.java:280)
	at java.net.http/jdk.internal.net.http.common.SequentialScheduler.runOrSchedule(SequentialScheduler.java:233)
	at java.net.http/jdk.internal.net.http.SocketTube$InternalReadPublisher$InternalReadSubscription.signalReadable(SocketTube.java:782)
	at java.net.http/jdk.internal.net.http.SocketTube$InternalReadPublisher$ReadEvent.signalEvent(SocketTube.java:965)
	at java.net.http/jdk.internal.net.http.SocketTube$SocketFlowEvent.handle(SocketTube.java:253)
	at java.net.http/jdk.internal.net.http.HttpClientImpl$SelectorManager.handleEvent(HttpClientImpl.java:1467)
	at java.net.http/jdk.internal.net.http.HttpClientImpl$SelectorManager.lambda$run$3(HttpClientImpl.java:1412)
	at java.base/java.util.ArrayList.forEach(ArrayList.java:1596)
	at java.net.http/jdk.internal.net.http.HttpClientImpl$SelectorManager.run(HttpClientImpl.java:1412)
2025-01-27 09:30:47 [main] INFO  lt.insoft.uztis.tests.UztisPageTest - Navigated to https://uztisdev.asseco.lt/home
2025-01-27 09:30:47 [main] INFO  l.i.u.t.SubmittedApplicationsPageTest - Starting test:'testFillNewApplication'
2025-01-27 09:30:48 [main] DEBUG l.i.u.t.SubmittedApplicationsPageTest - User logged in with test credentials
2025-01-27 09:30:48 [main] DEBUG l.i.u.t.SubmittedApplicationsPageTest - Opened 'Application Processing' menu.
2025-01-27 09:30:48 [main] DEBUG l.i.u.t.SubmittedApplicationsPageTest - Clicked on 'Application Forms' menu.
2025-01-27 09:30:48 [main] DEBUG l.i.u.t.SubmittedApplicationsPageTest - Retrieved last description code text: 'TST-VUI-81'.
2025-01-27 09:30:49 [main] DEBUG l.i.u.t.SubmittedApplicationsPageTest - Clicked on 'Invitation' menu.
2025-01-27 09:30:49 [main] DEBUG l.i.u.t.SubmittedApplicationsPageTest - Selected application section by code: 'TST-VUI-81'.
2025-01-27 09:30:49 [main] DEBUG l.i.u.t.SubmittedApplicationsPageTest - Clicked 'Search' button.
2025-01-27 09:30:49 [main] DEBUG l.i.u.t.SubmittedApplicationsPageTest - Retrieved invitation code: ''.
2025-01-27 09:30:50 [main] DEBUG l.i.u.t.SubmittedApplicationsPageTest - Clicked on 'Submitted Applications' menu.
2025-01-27 09:30:50 [main] DEBUG l.i.u.t.SubmittedApplicationsPageTest - Selected invitation by code: 'TST-VUI-81'.
2025-01-27 09:30:51 [main] DEBUG l.i.u.t.SubmittedApplicationsPageTest - Clicked on 'Action Application' button.
2025-01-27 09:31:00 [main] ERROR l.i.u.t.SubmittedApplicationsPageTest - Test 'testFillNewApplication' failed with error: Error communicating with the remote browser. It may have died.
Build info: version: '4.27.0', revision: 'd6e718d134'
System info: os.name: 'Windows 11', os.arch: 'amd64', os.version: '10.0', java.version: '21.0.3'
Driver info: org.openqa.selenium.chrome.ChromeDriver
Command: [700c67470cda60b119f81b4834995c7e, findElement [using, value]]
Capabilities {acceptInsecureCerts: false, browserName: chrome, browserVersion: 131.0.6778.265, chrome: {chromedriverVersion: 131.0.6778.264 (2d05e315153..., userDataDir: C:\Users\INGRID~1.ZAD\AppDa...}, fedcm:accounts: true, goog:chromeOptions: {debuggerAddress: localhost:63524}, networkConnectionEnabled: false, pageLoadStrategy: normal, platformName: windows, proxy: Proxy(), se:cdp: ws://localhost:63524/devtoo..., se:cdpVersion: 131.0.6778.265, setWindowRect: true, strictFileInteractability: false, timeouts: {implicit: 0, pageLoad: 300000, script: 30000}, unhandledPromptBehavior: dismiss and notify, webauthn:extension:credBlob: true, webauthn:extension:largeBlob: true, webauthn:extension:minPinLength: true, webauthn:extension:prf: true, webauthn:virtualAuthenticators: true}
Session ID: 700c67470cda60b119f81b4834995c7e
org.openqa.selenium.remote.UnreachableBrowserException: Error communicating with the remote browser. It may have died.
Build info: version: '4.27.0', revision: 'd6e718d134'
System info: os.name: 'Windows 11', os.arch: 'amd64', os.version: '10.0', java.version: '21.0.3'
Driver info: org.openqa.selenium.chrome.ChromeDriver
Command: [700c67470cda60b119f81b4834995c7e, findElement [using, value]]
Capabilities {acceptInsecureCerts: false, browserName: chrome, browserVersion: 131.0.6778.265, chrome: {chromedriverVersion: 131.0.6778.264 (2d05e315153..., userDataDir: C:\Users\INGRID~1.ZAD\AppDa...}, fedcm:accounts: true, goog:chromeOptions: {debuggerAddress: localhost:63524}, networkConnectionEnabled: false, pageLoadStrategy: normal, platformName: windows, proxy: Proxy(), se:cdp: ws://localhost:63524/devtoo..., se:cdpVersion: 131.0.6778.265, setWindowRect: true, strictFileInteractability: false, timeouts: {implicit: 0, pageLoad: 300000, script: 30000}, unhandledPromptBehavior: dismiss and notify, webauthn:extension:credBlob: true, webauthn:extension:largeBlob: true, webauthn:extension:minPinLength: true, webauthn:extension:prf: true, webauthn:virtualAuthenticators: true}
Session ID: 700c67470cda60b119f81b4834995c7e
	at org.openqa.selenium.remote.RemoteWebDriver.execute(RemoteWebDriver.java:572)
	at org.openqa.selenium.remote.ElementLocation$ElementFinder$2.findElement(ElementLocation.java:165)
	at org.openqa.selenium.remote.ElementLocation.findElement(ElementLocation.java:59)
	at org.openqa.selenium.remote.RemoteWebDriver.findElement(RemoteWebDriver.java:368)
	at org.openqa.selenium.remote.RemoteWebDriver.findElement(RemoteWebDriver.java:362)
	at org.openqa.selenium.support.pagefactory.DefaultElementLocator.findElement(DefaultElementLocator.java:68)
	at org.openqa.selenium.support.pagefactory.internal.LocatingElementHandler.invoke(LocatingElementHandler.java:38)
	at jdk.proxy2/jdk.proxy2.$Proxy14.click(Unknown Source)
	at lt.insoft.uztis.pages.SubmittedApplicationsPage.clickButtonNewApplication(SubmittedApplicationsPage.java:123)
	at lt.insoft.uztis.tests.SubmittedApplicationsPageTest.testFillNewApplication(SubmittedApplicationsPageTest.java:140)
	at java.base/jdk.internal.reflect.DirectMethodHandleAccessor.invoke(DirectMethodHandleAccessor.java:103)
	at java.base/java.lang.reflect.Method.invoke(Method.java:580)
	at org.junit.platform.commons.util.ReflectionUtils.invokeMethod(ReflectionUtils.java:728)
	at org.junit.jupiter.engine.execution.MethodInvocation.proceed(MethodInvocation.java:60)
	at org.junit.jupiter.engine.execution.InvocationInterceptorChain$ValidatingInvocation.proceed(InvocationInterceptorChain.java:131)
	at org.junit.jupiter.engine.extension.TimeoutExtension.intercept(TimeoutExtension.java:156)
	at org.junit.jupiter.engine.extension.TimeoutExtension.interceptTestableMethod(TimeoutExtension.java:147)
	at org.junit.jupiter.engine.extension.TimeoutExtension.interceptTestMethod(TimeoutExtension.java:86)
	at org.junit.jupiter.engine.execution.InterceptingExecutableInvoker$ReflectiveInterceptorCall.lambda$ofVoidMethod$0(InterceptingExecutableInvoker.java:103)
	at org.junit.jupiter.engine.execution.InterceptingExecutableInvoker.lambda$invoke$0(InterceptingExecutableInvoker.java:93)
	at org.junit.jupiter.engine.execution.InvocationInterceptorChain$InterceptedInvocation.proceed(InvocationInterceptorChain.java:106)
	at org.junit.jupiter.engine.execution.InvocationInterceptorChain.proceed(InvocationInterceptorChain.java:64)
	at org.junit.jupiter.engine.execution.InvocationInterceptorChain.chainAndInvoke(InvocationInterceptorChain.java:45)
	at org.junit.jupiter.engine.execution.InvocationInterceptorChain.invoke(InvocationInterceptorChain.java:37)
	at org.junit.jupiter.engine.execution.InterceptingExecutableInvoker.invoke(InterceptingExecutableInvoker.java:92)
	at org.junit.jupiter.engine.execution.InterceptingExecutableInvoker.invoke(InterceptingExecutableInvoker.java:86)
	at org.junit.jupiter.engine.descriptor.TestMethodTestDescriptor.lambda$invokeTestMethod$7(TestMethodTestDescriptor.java:218)
	at org.junit.platform.engine.support.hierarchical.ThrowableCollector.execute(ThrowableCollector.java:73)
	at org.junit.jupiter.engine.descriptor.TestMethodTestDescriptor.invokeTestMethod(TestMethodTestDescriptor.java:214)
	at org.junit.jupiter.engine.descriptor.TestMethodTestDescriptor.execute(TestMethodTestDescriptor.java:139)
	at org.junit.jupiter.engine.descriptor.TestMethodTestDescriptor.execute(TestMethodTestDescriptor.java:69)
	at org.junit.platform.engine.support.hierarchical.NodeTestTask.lambda$executeRecursively$6(NodeTestTask.java:151)
	at org.junit.platform.engine.support.hierarchical.ThrowableCollector.execute(ThrowableCollector.java:73)
	at org.junit.platform.engine.support.hierarchical.NodeTestTask.lambda$executeRecursively$8(NodeTestTask.java:141)
	at org.junit.platform.engine.support.hierarchical.Node.around(Node.java:137)
	at org.junit.platform.engine.support.hierarchical.NodeTestTask.lambda$executeRecursively$9(NodeTestTask.java:139)
	at org.junit.platform.engine.support.hierarchical.ThrowableCollector.execute(ThrowableCollector.java:73)
	at org.junit.platform.engine.support.hierarchical.NodeTestTask.executeRecursively(NodeTestTask.java:138)
	at org.junit.platform.engine.support.hierarchical.NodeTestTask.execute(NodeTestTask.java:95)
	at java.base/java.util.ArrayList.forEach(ArrayList.java:1596)
	at org.junit.platform.engine.support.hierarchical.SameThreadHierarchicalTestExecutorService.invokeAll(SameThreadHierarchicalTestExecutorService.java:41)
	at org.junit.platform.engine.support.hierarchical.NodeTestTask.lambda$executeRecursively$6(NodeTestTask.java:155)
	at org.junit.platform.engine.support.hierarchical.ThrowableCollector.execute(ThrowableCollector.java:73)
	at org.junit.platform.engine.support.hierarchical.NodeTestTask.lambda$executeRecursively$8(NodeTestTask.java:141)
	at org.junit.platform.engine.support.hierarchical.Node.around(Node.java:137)
	at org.junit.platform.engine.support.hierarchical.NodeTestTask.lambda$executeRecursively$9(NodeTestTask.java:139)
	at org.junit.platform.engine.support.hierarchical.ThrowableCollector.execute(ThrowableCollector.java:73)
	at org.junit.platform.engine.support.hierarchical.NodeTestTask.executeRecursively(NodeTestTask.java:138)
	at org.junit.platform.engine.support.hierarchical.NodeTestTask.execute(NodeTestTask.java:95)
	at java.base/java.util.ArrayList.forEach(ArrayList.java:1596)
	at org.junit.platform.engine.support.hierarchical.SameThreadHierarchicalTestExecutorService.invokeAll(SameThreadHierarchicalTestExecutorService.java:41)
	at org.junit.platform.engine.support.hierarchical.NodeTestTask.lambda$executeRecursively$6(NodeTestTask.java:155)
	at org.junit.platform.engine.support.hierarchical.ThrowableCollector.execute(ThrowableCollector.java:73)
	at org.junit.platform.engine.support.hierarchical.NodeTestTask.lambda$executeRecursively$8(NodeTestTask.java:141)
	at org.junit.platform.engine.support.hierarchical.Node.around(Node.java:137)
	at org.junit.platform.engine.support.hierarchical.NodeTestTask.lambda$executeRecursively$9(NodeTestTask.java:139)
	at org.junit.platform.engine.support.hierarchical.ThrowableCollector.execute(ThrowableCollector.java:73)
	at org.junit.platform.engine.support.hierarchical.NodeTestTask.executeRecursively(NodeTestTask.java:138)
	at org.junit.platform.engine.support.hierarchical.NodeTestTask.execute(NodeTestTask.java:95)
	at org.junit.platform.engine.support.hierarchical.SameThreadHierarchicalTestExecutorService.submit(SameThreadHierarchicalTestExecutorService.java:35)
	at org.junit.platform.engine.support.hierarchical.HierarchicalTestExecutor.execute(HierarchicalTestExecutor.java:57)
	at org.junit.platform.engine.support.hierarchical.HierarchicalTestEngine.execute(HierarchicalTestEngine.java:54)
	at org.junit.platform.launcher.core.EngineExecutionOrchestrator.execute(EngineExecutionOrchestrator.java:198)
	at org.junit.platform.launcher.core.EngineExecutionOrchestrator.execute(EngineExecutionOrchestrator.java:169)
	at org.junit.platform.launcher.core.EngineExecutionOrchestrator.execute(EngineExecutionOrchestrator.java:93)
	at org.junit.platform.launcher.core.EngineExecutionOrchestrator.lambda$execute$0(EngineExecutionOrchestrator.java:58)
	at org.junit.platform.launcher.core.EngineExecutionOrchestrator.withInterceptedStreams(EngineExecutionOrchestrator.java:141)
	at org.junit.platform.launcher.core.EngineExecutionOrchestrator.execute(EngineExecutionOrchestrator.java:57)
	at org.junit.platform.launcher.core.DefaultLauncher.execute(DefaultLauncher.java:103)
	at org.junit.platform.launcher.core.DefaultLauncher.execute(DefaultLauncher.java:85)
	at org.junit.platform.launcher.core.DelegatingLauncher.execute(DelegatingLauncher.java:47)
	at org.junit.platform.launcher.core.SessionPerRequestLauncher.execute(SessionPerRequestLauncher.java:63)
	at com.intellij.junit5.JUnit5IdeaTestRunner.startRunnerWithArgs(JUnit5IdeaTestRunner.java:57)
	at com.intellij.rt.junit.IdeaTestRunner$Repeater$1.execute(IdeaTestRunner.java:38)
	at com.intellij.rt.execution.junit.TestsRepeater.repeat(TestsRepeater.java:11)
	at com.intellij.rt.junit.IdeaTestRunner$Repeater.startRunnerWithArgs(IdeaTestRunner.java:35)
	at com.intellij.rt.junit.JUnitStarter.prepareStreamsAndStart(JUnitStarter.java:232)
	at com.intellij.rt.junit.JUnitStarter.main(JUnitStarter.java:55)
Caused by: java.io.UncheckedIOException: java.io.IOException: HTTP/1.1 header parser received no bytes
	at org.openqa.selenium.remote.http.jdk.JdkHttpClient.execute0(JdkHttpClient.java:496)
	at org.openqa.selenium.remote.http.AddSeleniumUserAgent.lambda$apply$0(AddSeleniumUserAgent.java:42)
	at org.openqa.selenium.remote.http.Filter.lambda$andFinally$1(Filter.java:55)
	at org.openqa.selenium.remote.http.jdk.JdkHttpClient.lambda$executeAsync$1(JdkHttpClient.java:383)
	at java.base/java.util.concurrent.Executors$RunnableAdapter.call(Executors.java:572)
	at java.base/java.util.concurrent.FutureTask.run(FutureTask.java:317)
	at java.base/java.util.concurrent.ThreadPoolExecutor.runWorker(ThreadPoolExecutor.java:1144)
	at java.base/java.util.concurrent.ThreadPoolExecutor$Worker.run(ThreadPoolExecutor.java:642)
	at java.base/java.lang.Thread.run(Thread.java:1583)
Caused by: java.io.IOException: HTTP/1.1 header parser received no bytes
	at java.net.http/jdk.internal.net.http.HttpClientImpl.send(HttpClientImpl.java:964)
	at java.net.http/jdk.internal.net.http.HttpClientFacade.send(HttpClientFacade.java:133)
	at org.openqa.selenium.remote.http.jdk.JdkHttpClient.execute0(JdkHttpClient.java:455)
	... 8 common frames omitted
Caused by: java.io.IOException: HTTP/1.1 header parser received no bytes
	at java.net.http/jdk.internal.net.http.common.Utils.wrapWithExtraDetail(Utils.java:388)
	at java.net.http/jdk.internal.net.http.Http1Response$HeadersReader.onReadError(Http1Response.java:590)
	at java.net.http/jdk.internal.net.http.Http1AsyncReceiver.checkForErrors(Http1AsyncReceiver.java:302)
	at java.net.http/jdk.internal.net.http.Http1AsyncReceiver.flush(Http1AsyncReceiver.java:268)
	at java.net.http/jdk.internal.net.http.common.SequentialScheduler$LockingRestartableTask.run(SequentialScheduler.java:182)
	at java.net.http/jdk.internal.net.http.common.SequentialScheduler$CompleteRestartableTask.run(SequentialScheduler.java:149)
	at java.net.http/jdk.internal.net.http.common.SequentialScheduler$SchedulableTask.run(SequentialScheduler.java:207)
	... 3 common frames omitted
Caused by: java.net.SocketException: Connection reset
	at java.base/sun.nio.ch.SocketChannelImpl.throwConnectionReset(SocketChannelImpl.java:401)
	at java.base/sun.nio.ch.SocketChannelImpl.read(SocketChannelImpl.java:434)
	at java.net.http/jdk.internal.net.http.SocketTube.readAvailable(SocketTube.java:1178)
	at java.net.http/jdk.internal.net.http.SocketTube$InternalReadPublisher$InternalReadSubscription.read(SocketTube.java:841)
	at java.net.http/jdk.internal.net.http.SocketTube$SocketFlowTask.run(SocketTube.java:181)
	at java.net.http/jdk.internal.net.http.common.SequentialScheduler$SchedulableTask.run(SequentialScheduler.java:207)
	at java.net.http/jdk.internal.net.http.common.SequentialScheduler.runOrSchedule(SequentialScheduler.java:280)
	at java.net.http/jdk.internal.net.http.common.SequentialScheduler.runOrSchedule(SequentialScheduler.java:233)
	at java.net.http/jdk.internal.net.http.SocketTube$InternalReadPublisher$InternalReadSubscription.signalReadable(SocketTube.java:782)
	at java.net.http/jdk.internal.net.http.SocketTube$InternalReadPublisher$ReadEvent.signalEvent(SocketTube.java:965)
	at java.net.http/jdk.internal.net.http.SocketTube$SocketFlowEvent.handle(SocketTube.java:253)
	at java.net.http/jdk.internal.net.http.HttpClientImpl$SelectorManager.handleEvent(HttpClientImpl.java:1467)
	at java.net.http/jdk.internal.net.http.HttpClientImpl$SelectorManager.lambda$run$3(HttpClientImpl.java:1412)
	at java.base/java.util.ArrayList.forEach(ArrayList.java:1596)
	at java.net.http/jdk.internal.net.http.HttpClientImpl$SelectorManager.run(HttpClientImpl.java:1412)
2025-01-27 09:35:09 [main] INFO  lt.insoft.uztis.tests.UztisPageTest - Navigated to https://uztisdev.asseco.lt/home
2025-01-27 09:35:09 [main] INFO  l.i.u.tests.ApplicationFormsPageTest - Setup complete. ApplicationFormsPage initialized.
2025-01-27 09:35:09 [main] INFO  l.i.u.tests.ApplicationFormsPageTest - Starting test:'testCreateNewVuiApplication'
2025-01-27 09:35:10 [main] DEBUG l.i.u.tests.ApplicationFormsPageTest - User logged in with test credentials
2025-01-27 09:35:10 [main] DEBUG l.i.u.tests.ApplicationFormsPageTest - Opened 'Application Processing' menu.
2025-01-27 09:35:11 [main] DEBUG l.i.u.tests.ApplicationFormsPageTest - Clicked on 'Application Forms' menu.
2025-01-27 09:35:11 [main] DEBUG l.i.u.tests.ApplicationFormsPageTest - Clicked to create a new application form.
2025-01-27 09:35:11 [main] DEBUG l.i.u.tests.ApplicationFormsPageTest - Entered random application code: TST-VUI-44
2025-01-27 09:35:11 [main] DEBUG l.i.u.tests.ApplicationFormsPageTest - Selected 'Section' radio button.
2025-01-27 09:35:11 [main] INFO  l.i.uztis.pages.ApplicationFormsPage - Located the dropdown button.
2025-01-27 09:35:12 [main] INFO  l.i.uztis.pages.ApplicationFormsPage - Successfully selected the value: 'Skyrius 1'
2025-01-27 09:35:22 [main] ERROR l.i.uztis.pages.ApplicationFormsPage - Failed to close the dropdown with aria-expanded = 'false'.
2025-01-27 09:35:22 [main] DEBUG l.i.u.tests.ApplicationFormsPageTest - Selected a value from the 'Section' dropdown: 'Skyrius 1'
2025-01-27 09:35:22 [main] DEBUG l.i.u.tests.ApplicationFormsPageTest - Selected 'Budget by Municipality' option.
2025-01-27 09:35:22 [main] DEBUG l.i.u.tests.ApplicationFormsPageTest - Selected 'Financed Without Queue' option.
2025-01-27 09:35:23 [main] DEBUG l.i.u.tests.ApplicationFormsPageTest - Clicked 'Add' button.
2025-01-27 09:35:23 [main] INFO  l.i.uztis.pages.ApplicationFormsPage - Located the dropdown button.
2025-01-27 09:35:23 [main] ERROR l.i.uztis.pages.ApplicationFormsPage - Option 'VUI paraiškos vertinimo forma - I etapas' was not found in the dropdown.
2025-01-27 09:35:23 [main] DEBUG l.i.u.tests.ApplicationFormsPageTest - Selected a value from the 'EvaluationOne' dropdown: 'VUI paraiškos vertinimo forma - I etapas'
2025-01-27 09:35:23 [main] INFO  l.i.uztis.pages.ApplicationFormsPage - Located the dropdown button.
2025-01-27 09:35:24 [main] ERROR l.i.uztis.pages.ApplicationFormsPage - Error selecting value from the list: element click intercepted: Element <mat-label>...</mat-label> is not clickable at point (435, 901). Other element would receive the click: <span class="ng-star-inserted">...</span>
  (Session info: chrome=131.0.6778.265)
Build info: version: '4.27.0', revision: 'd6e718d134'
System info: os.name: 'Windows 11', os.arch: 'amd64', os.version: '10.0', java.version: '21.0.3'
Driver info: org.openqa.selenium.chrome.ChromeDriver
Command: [e691497e3ab66229de710a0dc3b5df25, clickElement {id=f.B28D7B0CF41FA1119D9088560C328D46.d.383D90818CBC3028A7F6A52D9514A244.e.84}]
Capabilities {acceptInsecureCerts: false, browserName: chrome, browserVersion: 131.0.6778.265, chrome: {chromedriverVersion: 131.0.6778.264 (2d05e315153..., userDataDir: C:\Users\INGRID~1.ZAD\AppDa...}, fedcm:accounts: true, goog:chromeOptions: {debuggerAddress: localhost:63680}, networkConnectionEnabled: false, pageLoadStrategy: normal, platformName: windows, proxy: Proxy(), se:cdp: ws://localhost:63680/devtoo..., se:cdpVersion: 131.0.6778.265, setWindowRect: true, strictFileInteractability: false, timeouts: {implicit: 0, pageLoad: 300000, script: 30000}, unhandledPromptBehavior: dismiss and notify, webauthn:extension:credBlob: true, webauthn:extension:largeBlob: true, webauthn:extension:minPinLength: true, webauthn:extension:prf: true, webauthn:virtualAuthenticators: true}
Element: [[ChromeDriver: chrome on windows (e691497e3ab66229de710a0dc3b5df25)] -> xpath: //mat-label[contains(text(), 'II etapo vertinimo forma')]]
Session ID: e691497e3ab66229de710a0dc3b5df25
2025-01-27 09:35:24 [main] ERROR l.i.u.tests.ApplicationFormsPageTest - Test 'testCreateNewVuiApplication' failed with error: Failed to select from the list
java.lang.RuntimeException: Failed to select from the list
	at lt.insoft.uztis.pages.ApplicationFormsPage.selectValuesByListEvaluationTwo(ApplicationFormsPage.java:477)
	at lt.insoft.uztis.tests.ApplicationFormsPageTest.testCreateNewVuiApplication(ApplicationFormsPageTest.java:130)
	at java.base/jdk.internal.reflect.DirectMethodHandleAccessor.invoke(DirectMethodHandleAccessor.java:103)
	at java.base/java.lang.reflect.Method.invoke(Method.java:580)
	at org.junit.platform.commons.util.ReflectionUtils.invokeMethod(ReflectionUtils.java:728)
	at org.junit.jupiter.engine.execution.MethodInvocation.proceed(MethodInvocation.java:60)
	at org.junit.jupiter.engine.execution.InvocationInterceptorChain$ValidatingInvocation.proceed(InvocationInterceptorChain.java:131)
	at org.junit.jupiter.engine.extension.TimeoutExtension.intercept(TimeoutExtension.java:156)
	at org.junit.jupiter.engine.extension.TimeoutExtension.interceptTestableMethod(TimeoutExtension.java:147)
	at org.junit.jupiter.engine.extension.TimeoutExtension.interceptTestMethod(TimeoutExtension.java:86)
	at org.junit.jupiter.engine.execution.InterceptingExecutableInvoker$ReflectiveInterceptorCall.lambda$ofVoidMethod$0(InterceptingExecutableInvoker.java:103)
	at org.junit.jupiter.engine.execution.InterceptingExecutableInvoker.lambda$invoke$0(InterceptingExecutableInvoker.java:93)
	at org.junit.jupiter.engine.execution.InvocationInterceptorChain$InterceptedInvocation.proceed(InvocationInterceptorChain.java:106)
	at org.junit.jupiter.engine.execution.InvocationInterceptorChain.proceed(InvocationInterceptorChain.java:64)
	at org.junit.jupiter.engine.execution.InvocationInterceptorChain.chainAndInvoke(InvocationInterceptorChain.java:45)
	at org.junit.jupiter.engine.execution.InvocationInterceptorChain.invoke(InvocationInterceptorChain.java:37)
	at org.junit.jupiter.engine.execution.InterceptingExecutableInvoker.invoke(InterceptingExecutableInvoker.java:92)
	at org.junit.jupiter.engine.execution.InterceptingExecutableInvoker.invoke(InterceptingExecutableInvoker.java:86)
	at org.junit.jupiter.engine.descriptor.TestMethodTestDescriptor.lambda$invokeTestMethod$7(TestMethodTestDescriptor.java:218)
	at org.junit.platform.engine.support.hierarchical.ThrowableCollector.execute(ThrowableCollector.java:73)
	at org.junit.jupiter.engine.descriptor.TestMethodTestDescriptor.invokeTestMethod(TestMethodTestDescriptor.java:214)
	at org.junit.jupiter.engine.descriptor.TestMethodTestDescriptor.execute(TestMethodTestDescriptor.java:139)
	at org.junit.jupiter.engine.descriptor.TestMethodTestDescriptor.execute(TestMethodTestDescriptor.java:69)
	at org.junit.platform.engine.support.hierarchical.NodeTestTask.lambda$executeRecursively$6(NodeTestTask.java:151)
	at org.junit.platform.engine.support.hierarchical.ThrowableCollector.execute(ThrowableCollector.java:73)
	at org.junit.platform.engine.support.hierarchical.NodeTestTask.lambda$executeRecursively$8(NodeTestTask.java:141)
	at org.junit.platform.engine.support.hierarchical.Node.around(Node.java:137)
	at org.junit.platform.engine.support.hierarchical.NodeTestTask.lambda$executeRecursively$9(NodeTestTask.java:139)
	at org.junit.platform.engine.support.hierarchical.ThrowableCollector.execute(ThrowableCollector.java:73)
	at org.junit.platform.engine.support.hierarchical.NodeTestTask.executeRecursively(NodeTestTask.java:138)
	at org.junit.platform.engine.support.hierarchical.NodeTestTask.execute(NodeTestTask.java:95)
	at java.base/java.util.ArrayList.forEach(ArrayList.java:1596)
	at org.junit.platform.engine.support.hierarchical.SameThreadHierarchicalTestExecutorService.invokeAll(SameThreadHierarchicalTestExecutorService.java:41)
	at org.junit.platform.engine.support.hierarchical.NodeTestTask.lambda$executeRecursively$6(NodeTestTask.java:155)
	at org.junit.platform.engine.support.hierarchical.ThrowableCollector.execute(ThrowableCollector.java:73)
	at org.junit.platform.engine.support.hierarchical.NodeTestTask.lambda$executeRecursively$8(NodeTestTask.java:141)
	at org.junit.platform.engine.support.hierarchical.Node.around(Node.java:137)
	at org.junit.platform.engine.support.hierarchical.NodeTestTask.lambda$executeRecursively$9(NodeTestTask.java:139)
	at org.junit.platform.engine.support.hierarchical.ThrowableCollector.execute(ThrowableCollector.java:73)
	at org.junit.platform.engine.support.hierarchical.NodeTestTask.executeRecursively(NodeTestTask.java:138)
	at org.junit.platform.engine.support.hierarchical.NodeTestTask.execute(NodeTestTask.java:95)
	at java.base/java.util.ArrayList.forEach(ArrayList.java:1596)
	at org.junit.platform.engine.support.hierarchical.SameThreadHierarchicalTestExecutorService.invokeAll(SameThreadHierarchicalTestExecutorService.java:41)
	at org.junit.platform.engine.support.hierarchical.NodeTestTask.lambda$executeRecursively$6(NodeTestTask.java:155)
	at org.junit.platform.engine.support.hierarchical.ThrowableCollector.execute(ThrowableCollector.java:73)
	at org.junit.platform.engine.support.hierarchical.NodeTestTask.lambda$executeRecursively$8(NodeTestTask.java:141)
	at org.junit.platform.engine.support.hierarchical.Node.around(Node.java:137)
	at org.junit.platform.engine.support.hierarchical.NodeTestTask.lambda$executeRecursively$9(NodeTestTask.java:139)
	at org.junit.platform.engine.support.hierarchical.ThrowableCollector.execute(ThrowableCollector.java:73)
	at org.junit.platform.engine.support.hierarchical.NodeTestTask.executeRecursively(NodeTestTask.java:138)
	at org.junit.platform.engine.support.hierarchical.NodeTestTask.execute(NodeTestTask.java:95)
	at org.junit.platform.engine.support.hierarchical.SameThreadHierarchicalTestExecutorService.submit(SameThreadHierarchicalTestExecutorService.java:35)
	at org.junit.platform.engine.support.hierarchical.HierarchicalTestExecutor.execute(HierarchicalTestExecutor.java:57)
	at org.junit.platform.engine.support.hierarchical.HierarchicalTestEngine.execute(HierarchicalTestEngine.java:54)
	at org.junit.platform.launcher.core.EngineExecutionOrchestrator.execute(EngineExecutionOrchestrator.java:198)
	at org.junit.platform.launcher.core.EngineExecutionOrchestrator.execute(EngineExecutionOrchestrator.java:169)
	at org.junit.platform.launcher.core.EngineExecutionOrchestrator.execute(EngineExecutionOrchestrator.java:93)
	at org.junit.platform.launcher.core.EngineExecutionOrchestrator.lambda$execute$0(EngineExecutionOrchestrator.java:58)
	at org.junit.platform.launcher.core.EngineExecutionOrchestrator.withInterceptedStreams(EngineExecutionOrchestrator.java:141)
	at org.junit.platform.launcher.core.EngineExecutionOrchestrator.execute(EngineExecutionOrchestrator.java:57)
	at org.junit.platform.launcher.core.DefaultLauncher.execute(DefaultLauncher.java:103)
	at org.junit.platform.launcher.core.DefaultLauncher.execute(DefaultLauncher.java:85)
	at org.junit.platform.launcher.core.DelegatingLauncher.execute(DelegatingLauncher.java:47)
	at org.junit.platform.launcher.core.SessionPerRequestLauncher.execute(SessionPerRequestLauncher.java:63)
	at com.intellij.junit5.JUnit5IdeaTestRunner.startRunnerWithArgs(JUnit5IdeaTestRunner.java:57)
	at com.intellij.rt.junit.IdeaTestRunner$Repeater$1.execute(IdeaTestRunner.java:38)
	at com.intellij.rt.execution.junit.TestsRepeater.repeat(TestsRepeater.java:11)
	at com.intellij.rt.junit.IdeaTestRunner$Repeater.startRunnerWithArgs(IdeaTestRunner.java:35)
	at com.intellij.rt.junit.JUnitStarter.prepareStreamsAndStart(JUnitStarter.java:232)
	at com.intellij.rt.junit.JUnitStarter.main(JUnitStarter.java:55)
Caused by: org.openqa.selenium.ElementClickInterceptedException: element click intercepted: Element <mat-label>...</mat-label> is not clickable at point (435, 901). Other element would receive the click: <span class="ng-star-inserted">...</span>
  (Session info: chrome=131.0.6778.265)
Build info: version: '4.27.0', revision: 'd6e718d134'
System info: os.name: 'Windows 11', os.arch: 'amd64', os.version: '10.0', java.version: '21.0.3'
Driver info: org.openqa.selenium.chrome.ChromeDriver
Command: [e691497e3ab66229de710a0dc3b5df25, clickElement {id=f.B28D7B0CF41FA1119D9088560C328D46.d.383D90818CBC3028A7F6A52D9514A244.e.84}]
Capabilities {acceptInsecureCerts: false, browserName: chrome, browserVersion: 131.0.6778.265, chrome: {chromedriverVersion: 131.0.6778.264 (2d05e315153..., userDataDir: C:\Users\INGRID~1.ZAD\AppDa...}, fedcm:accounts: true, goog:chromeOptions: {debuggerAddress: localhost:63680}, networkConnectionEnabled: false, pageLoadStrategy: normal, platformName: windows, proxy: Proxy(), se:cdp: ws://localhost:63680/devtoo..., se:cdpVersion: 131.0.6778.265, setWindowRect: true, strictFileInteractability: false, timeouts: {implicit: 0, pageLoad: 300000, script: 30000}, unhandledPromptBehavior: dismiss and notify, webauthn:extension:credBlob: true, webauthn:extension:largeBlob: true, webauthn:extension:minPinLength: true, webauthn:extension:prf: true, webauthn:virtualAuthenticators: true}
Element: [[ChromeDriver: chrome on windows (e691497e3ab66229de710a0dc3b5df25)] -> xpath: //mat-label[contains(text(), 'II etapo vertinimo forma')]]
Session ID: e691497e3ab66229de710a0dc3b5df25
	at java.base/jdk.internal.reflect.DirectConstructorHandleAccessor.newInstance(DirectConstructorHandleAccessor.java:62)
	at java.base/java.lang.reflect.Constructor.newInstanceWithCaller(Constructor.java:502)
	at java.base/java.lang.reflect.Constructor.newInstance(Constructor.java:486)
	at org.openqa.selenium.remote.ErrorCodec.decode(ErrorCodec.java:167)
	at org.openqa.selenium.remote.codec.w3c.W3CHttpResponseCodec.decode(W3CHttpResponseCodec.java:138)
	at org.openqa.selenium.remote.codec.w3c.W3CHttpResponseCodec.decode(W3CHttpResponseCodec.java:50)
	at org.openqa.selenium.remote.HttpCommandExecutor.execute(HttpCommandExecutor.java:190)
	at org.openqa.selenium.remote.service.DriverCommandExecutor.invokeExecute(DriverCommandExecutor.java:216)
	at org.openqa.selenium.remote.service.DriverCommandExecutor.execute(DriverCommandExecutor.java:174)
	at org.openqa.selenium.remote.RemoteWebDriver.execute(RemoteWebDriver.java:545)
	at org.openqa.selenium.remote.RemoteWebElement.execute(RemoteWebElement.java:223)
	at org.openqa.selenium.remote.RemoteWebElement.click(RemoteWebElement.java:76)
	at java.base/jdk.internal.reflect.DirectMethodHandleAccessor.invoke(DirectMethodHandleAccessor.java:103)
	at java.base/java.lang.reflect.Method.invoke(Method.java:580)
	at org.openqa.selenium.support.pagefactory.internal.LocatingElementHandler.invoke(LocatingElementHandler.java:51)
	at jdk.proxy2/jdk.proxy2.$Proxy14.click(Unknown Source)
	at lt.insoft.uztis.pages.ApplicationFormsPage.selectValuesByListEvaluationTwo(ApplicationFormsPage.java:446)
	... 69 common frames omitted
2025-01-27 09:35:24 [main] INFO  l.insoft.uztis.tests.utils.TestUtils - Screenshot moved to C:\Users\ingrida.zadorozniene\Desktop\Asm\UZTIS\UZTIS_tests\test-output\screenshots\20250127\093524543_testCreateNewVuiApplication().png
2025-01-27 09:37:22 [main] INFO  lt.insoft.uztis.tests.UztisPageTest - Navigated to https://uztisdev.asseco.lt/home
2025-01-27 09:37:22 [main] INFO  l.i.u.tests.ApplicationFormsPageTest - Setup complete. ApplicationFormsPage initialized.
2025-01-27 09:37:22 [main] INFO  l.i.u.tests.ApplicationFormsPageTest - Starting test:'testCreateNewVuiApplication'
2025-01-27 09:37:22 [main] DEBUG l.i.u.tests.ApplicationFormsPageTest - User logged in with test credentials
2025-01-27 09:37:23 [main] DEBUG l.i.u.tests.ApplicationFormsPageTest - Opened 'Application Processing' menu.
2025-01-27 09:37:23 [main] DEBUG l.i.u.tests.ApplicationFormsPageTest - Clicked on 'Application Forms' menu.
2025-01-27 09:37:23 [main] DEBUG l.i.u.tests.ApplicationFormsPageTest - Clicked to create a new application form.
2025-01-27 09:37:24 [main] DEBUG l.i.u.tests.ApplicationFormsPageTest - Entered random application code: TST-VUI-85
2025-01-27 09:37:24 [main] DEBUG l.i.u.tests.ApplicationFormsPageTest - Selected 'Section' radio button.
2025-01-27 09:37:24 [main] INFO  l.i.uztis.pages.ApplicationFormsPage - Located the dropdown button.
2025-01-27 09:37:24 [main] INFO  l.i.uztis.pages.ApplicationFormsPage - Successfully selected the value: 'Skyrius 1'
2025-01-27 09:37:34 [main] ERROR l.i.uztis.pages.ApplicationFormsPage - Failed to close the dropdown with aria-expanded = 'false'.
2025-01-27 09:37:34 [main] DEBUG l.i.u.tests.ApplicationFormsPageTest - Selected a value from the 'Section' dropdown: 'Skyrius 1'
2025-01-27 09:37:34 [main] DEBUG l.i.u.tests.ApplicationFormsPageTest - Selected 'Budget by Municipality' option.
2025-01-27 09:37:34 [main] DEBUG l.i.u.tests.ApplicationFormsPageTest - Selected 'Financed Without Queue' option.
2025-01-27 09:37:35 [main] DEBUG l.i.u.tests.ApplicationFormsPageTest - Clicked 'Add' button.
2025-01-27 09:37:35 [main] INFO  l.i.uztis.pages.ApplicationFormsPage - Located the dropdown button.
2025-01-27 09:37:35 [main] DEBUG l.i.uztis.pages.ApplicationFormsPage - Option text: '', value to select: 'VUI paraiškos vertinimo forma - I etapas'
2025-01-27 09:37:35 [main] DEBUG l.i.uztis.pages.ApplicationFormsPage - Option text: 'PVK paraiškos vertinimo forma - I etapas', value to select: 'VUI paraiškos vertinimo forma - I etapas'
2025-01-27 09:37:35 [main] DEBUG l.i.uztis.pages.ApplicationFormsPage - Option text: 'DVP paraiškos vertinimo forma - I etapas', value to select: 'VUI paraiškos vertinimo forma - I etapas'
2025-01-27 09:37:35 [main] ERROR l.i.uztis.pages.ApplicationFormsPage - Option 'VUI paraiškos vertinimo forma - I etapas' was not found in the dropdown.
2025-01-27 09:37:35 [main] DEBUG l.i.u.tests.ApplicationFormsPageTest - Selected a value from the 'EvaluationOne' dropdown: 'VUI paraiškos vertinimo forma - I etapas'
2025-01-27 09:37:35 [main] INFO  l.i.uztis.pages.ApplicationFormsPage - Located the dropdown button.
2025-01-27 09:37:36 [main] ERROR l.i.uztis.pages.ApplicationFormsPage - Error selecting value from the list: element click intercepted: Element <mat-label>...</mat-label> is not clickable at point (435, 901). Other element would receive the click: <span class="ng-star-inserted">...</span>
  (Session info: chrome=131.0.6778.265)
Build info: version: '4.27.0', revision: 'd6e718d134'
System info: os.name: 'Windows 11', os.arch: 'amd64', os.version: '10.0', java.version: '21.0.3'
Driver info: org.openqa.selenium.chrome.ChromeDriver
Command: [7fd669c5aa67edd507e765a827a4e883, clickElement {id=f.D3E88BDF9C6EC3F5F9E34D59736CA6F1.d.D019F9CD1A7503E8F49A9A84FC273DF3.e.85}]
Capabilities {acceptInsecureCerts: false, browserName: chrome, browserVersion: 131.0.6778.265, chrome: {chromedriverVersion: 131.0.6778.264 (2d05e315153..., userDataDir: C:\Users\INGRID~1.ZAD\AppDa...}, fedcm:accounts: true, goog:chromeOptions: {debuggerAddress: localhost:63785}, networkConnectionEnabled: false, pageLoadStrategy: normal, platformName: windows, proxy: Proxy(), se:cdp: ws://localhost:63785/devtoo..., se:cdpVersion: 131.0.6778.265, setWindowRect: true, strictFileInteractability: false, timeouts: {implicit: 0, pageLoad: 300000, script: 30000}, unhandledPromptBehavior: dismiss and notify, webauthn:extension:credBlob: true, webauthn:extension:largeBlob: true, webauthn:extension:minPinLength: true, webauthn:extension:prf: true, webauthn:virtualAuthenticators: true}
Element: [[ChromeDriver: chrome on windows (7fd669c5aa67edd507e765a827a4e883)] -> xpath: //mat-label[contains(text(), 'II etapo vertinimo forma')]]
Session ID: 7fd669c5aa67edd507e765a827a4e883
2025-01-27 09:37:36 [main] ERROR l.i.u.tests.ApplicationFormsPageTest - Test 'testCreateNewVuiApplication' failed with error: Failed to select from the list
java.lang.RuntimeException: Failed to select from the list
	at lt.insoft.uztis.pages.ApplicationFormsPage.selectValuesByListEvaluationTwo(ApplicationFormsPage.java:479)
	at lt.insoft.uztis.tests.ApplicationFormsPageTest.testCreateNewVuiApplication(ApplicationFormsPageTest.java:130)
	at java.base/jdk.internal.reflect.DirectMethodHandleAccessor.invoke(DirectMethodHandleAccessor.java:103)
	at java.base/java.lang.reflect.Method.invoke(Method.java:580)
	at org.junit.platform.commons.util.ReflectionUtils.invokeMethod(ReflectionUtils.java:728)
	at org.junit.jupiter.engine.execution.MethodInvocation.proceed(MethodInvocation.java:60)
	at org.junit.jupiter.engine.execution.InvocationInterceptorChain$ValidatingInvocation.proceed(InvocationInterceptorChain.java:131)
	at org.junit.jupiter.engine.extension.TimeoutExtension.intercept(TimeoutExtension.java:156)
	at org.junit.jupiter.engine.extension.TimeoutExtension.interceptTestableMethod(TimeoutExtension.java:147)
	at org.junit.jupiter.engine.extension.TimeoutExtension.interceptTestMethod(TimeoutExtension.java:86)
	at org.junit.jupiter.engine.execution.InterceptingExecutableInvoker$ReflectiveInterceptorCall.lambda$ofVoidMethod$0(InterceptingExecutableInvoker.java:103)
	at org.junit.jupiter.engine.execution.InterceptingExecutableInvoker.lambda$invoke$0(InterceptingExecutableInvoker.java:93)
	at org.junit.jupiter.engine.execution.InvocationInterceptorChain$InterceptedInvocation.proceed(InvocationInterceptorChain.java:106)
	at org.junit.jupiter.engine.execution.InvocationInterceptorChain.proceed(InvocationInterceptorChain.java:64)
	at org.junit.jupiter.engine.execution.InvocationInterceptorChain.chainAndInvoke(InvocationInterceptorChain.java:45)
	at org.junit.jupiter.engine.execution.InvocationInterceptorChain.invoke(InvocationInterceptorChain.java:37)
	at org.junit.jupiter.engine.execution.InterceptingExecutableInvoker.invoke(InterceptingExecutableInvoker.java:92)
	at org.junit.jupiter.engine.execution.InterceptingExecutableInvoker.invoke(InterceptingExecutableInvoker.java:86)
	at org.junit.jupiter.engine.descriptor.TestMethodTestDescriptor.lambda$invokeTestMethod$7(TestMethodTestDescriptor.java:218)
	at org.junit.platform.engine.support.hierarchical.ThrowableCollector.execute(ThrowableCollector.java:73)
	at org.junit.jupiter.engine.descriptor.TestMethodTestDescriptor.invokeTestMethod(TestMethodTestDescriptor.java:214)
	at org.junit.jupiter.engine.descriptor.TestMethodTestDescriptor.execute(TestMethodTestDescriptor.java:139)
	at org.junit.jupiter.engine.descriptor.TestMethodTestDescriptor.execute(TestMethodTestDescriptor.java:69)
	at org.junit.platform.engine.support.hierarchical.NodeTestTask.lambda$executeRecursively$6(NodeTestTask.java:151)
	at org.junit.platform.engine.support.hierarchical.ThrowableCollector.execute(ThrowableCollector.java:73)
	at org.junit.platform.engine.support.hierarchical.NodeTestTask.lambda$executeRecursively$8(NodeTestTask.java:141)
	at org.junit.platform.engine.support.hierarchical.Node.around(Node.java:137)
	at org.junit.platform.engine.support.hierarchical.NodeTestTask.lambda$executeRecursively$9(NodeTestTask.java:139)
	at org.junit.platform.engine.support.hierarchical.ThrowableCollector.execute(ThrowableCollector.java:73)
	at org.junit.platform.engine.support.hierarchical.NodeTestTask.executeRecursively(NodeTestTask.java:138)
	at org.junit.platform.engine.support.hierarchical.NodeTestTask.execute(NodeTestTask.java:95)
	at java.base/java.util.ArrayList.forEach(ArrayList.java:1596)
	at org.junit.platform.engine.support.hierarchical.SameThreadHierarchicalTestExecutorService.invokeAll(SameThreadHierarchicalTestExecutorService.java:41)
	at org.junit.platform.engine.support.hierarchical.NodeTestTask.lambda$executeRecursively$6(NodeTestTask.java:155)
	at org.junit.platform.engine.support.hierarchical.ThrowableCollector.execute(ThrowableCollector.java:73)
	at org.junit.platform.engine.support.hierarchical.NodeTestTask.lambda$executeRecursively$8(NodeTestTask.java:141)
	at org.junit.platform.engine.support.hierarchical.Node.around(Node.java:137)
	at org.junit.platform.engine.support.hierarchical.NodeTestTask.lambda$executeRecursively$9(NodeTestTask.java:139)
	at org.junit.platform.engine.support.hierarchical.ThrowableCollector.execute(ThrowableCollector.java:73)
	at org.junit.platform.engine.support.hierarchical.NodeTestTask.executeRecursively(NodeTestTask.java:138)
	at org.junit.platform.engine.support.hierarchical.NodeTestTask.execute(NodeTestTask.java:95)
	at java.base/java.util.ArrayList.forEach(ArrayList.java:1596)
	at org.junit.platform.engine.support.hierarchical.SameThreadHierarchicalTestExecutorService.invokeAll(SameThreadHierarchicalTestExecutorService.java:41)
	at org.junit.platform.engine.support.hierarchical.NodeTestTask.lambda$executeRecursively$6(NodeTestTask.java:155)
	at org.junit.platform.engine.support.hierarchical.ThrowableCollector.execute(ThrowableCollector.java:73)
	at org.junit.platform.engine.support.hierarchical.NodeTestTask.lambda$executeRecursively$8(NodeTestTask.java:141)
	at org.junit.platform.engine.support.hierarchical.Node.around(Node.java:137)
	at org.junit.platform.engine.support.hierarchical.NodeTestTask.lambda$executeRecursively$9(NodeTestTask.java:139)
	at org.junit.platform.engine.support.hierarchical.ThrowableCollector.execute(ThrowableCollector.java:73)
	at org.junit.platform.engine.support.hierarchical.NodeTestTask.executeRecursively(NodeTestTask.java:138)
	at org.junit.platform.engine.support.hierarchical.NodeTestTask.execute(NodeTestTask.java:95)
	at org.junit.platform.engine.support.hierarchical.SameThreadHierarchicalTestExecutorService.submit(SameThreadHierarchicalTestExecutorService.java:35)
	at org.junit.platform.engine.support.hierarchical.HierarchicalTestExecutor.execute(HierarchicalTestExecutor.java:57)
	at org.junit.platform.engine.support.hierarchical.HierarchicalTestEngine.execute(HierarchicalTestEngine.java:54)
	at org.junit.platform.launcher.core.EngineExecutionOrchestrator.execute(EngineExecutionOrchestrator.java:198)
	at org.junit.platform.launcher.core.EngineExecutionOrchestrator.execute(EngineExecutionOrchestrator.java:169)
	at org.junit.platform.launcher.core.EngineExecutionOrchestrator.execute(EngineExecutionOrchestrator.java:93)
	at org.junit.platform.launcher.core.EngineExecutionOrchestrator.lambda$execute$0(EngineExecutionOrchestrator.java:58)
	at org.junit.platform.launcher.core.EngineExecutionOrchestrator.withInterceptedStreams(EngineExecutionOrchestrator.java:141)
	at org.junit.platform.launcher.core.EngineExecutionOrchestrator.execute(EngineExecutionOrchestrator.java:57)
	at org.junit.platform.launcher.core.DefaultLauncher.execute(DefaultLauncher.java:103)
	at org.junit.platform.launcher.core.DefaultLauncher.execute(DefaultLauncher.java:85)
	at org.junit.platform.launcher.core.DelegatingLauncher.execute(DelegatingLauncher.java:47)
	at org.junit.platform.launcher.core.SessionPerRequestLauncher.execute(SessionPerRequestLauncher.java:63)
	at com.intellij.junit5.JUnit5IdeaTestRunner.startRunnerWithArgs(JUnit5IdeaTestRunner.java:57)
	at com.intellij.rt.junit.IdeaTestRunner$Repeater$1.execute(IdeaTestRunner.java:38)
	at com.intellij.rt.execution.junit.TestsRepeater.repeat(TestsRepeater.java:11)
	at com.intellij.rt.junit.IdeaTestRunner$Repeater.startRunnerWithArgs(IdeaTestRunner.java:35)
	at com.intellij.rt.junit.JUnitStarter.prepareStreamsAndStart(JUnitStarter.java:232)
	at com.intellij.rt.junit.JUnitStarter.main(JUnitStarter.java:55)
Caused by: org.openqa.selenium.ElementClickInterceptedException: element click intercepted: Element <mat-label>...</mat-label> is not clickable at point (435, 901). Other element would receive the click: <span class="ng-star-inserted">...</span>
  (Session info: chrome=131.0.6778.265)
Build info: version: '4.27.0', revision: 'd6e718d134'
System info: os.name: 'Windows 11', os.arch: 'amd64', os.version: '10.0', java.version: '21.0.3'
Driver info: org.openqa.selenium.chrome.ChromeDriver
Command: [7fd669c5aa67edd507e765a827a4e883, clickElement {id=f.D3E88BDF9C6EC3F5F9E34D59736CA6F1.d.D019F9CD1A7503E8F49A9A84FC273DF3.e.85}]
Capabilities {acceptInsecureCerts: false, browserName: chrome, browserVersion: 131.0.6778.265, chrome: {chromedriverVersion: 131.0.6778.264 (2d05e315153..., userDataDir: C:\Users\INGRID~1.ZAD\AppDa...}, fedcm:accounts: true, goog:chromeOptions: {debuggerAddress: localhost:63785}, networkConnectionEnabled: false, pageLoadStrategy: normal, platformName: windows, proxy: Proxy(), se:cdp: ws://localhost:63785/devtoo..., se:cdpVersion: 131.0.6778.265, setWindowRect: true, strictFileInteractability: false, timeouts: {implicit: 0, pageLoad: 300000, script: 30000}, unhandledPromptBehavior: dismiss and notify, webauthn:extension:credBlob: true, webauthn:extension:largeBlob: true, webauthn:extension:minPinLength: true, webauthn:extension:prf: true, webauthn:virtualAuthenticators: true}
Element: [[ChromeDriver: chrome on windows (7fd669c5aa67edd507e765a827a4e883)] -> xpath: //mat-label[contains(text(), 'II etapo vertinimo forma')]]
Session ID: 7fd669c5aa67edd507e765a827a4e883
	at java.base/jdk.internal.reflect.DirectConstructorHandleAccessor.newInstance(DirectConstructorHandleAccessor.java:62)
	at java.base/java.lang.reflect.Constructor.newInstanceWithCaller(Constructor.java:502)
	at java.base/java.lang.reflect.Constructor.newInstance(Constructor.java:486)
	at org.openqa.selenium.remote.ErrorCodec.decode(ErrorCodec.java:167)
	at org.openqa.selenium.remote.codec.w3c.W3CHttpResponseCodec.decode(W3CHttpResponseCodec.java:138)
	at org.openqa.selenium.remote.codec.w3c.W3CHttpResponseCodec.decode(W3CHttpResponseCodec.java:50)
	at org.openqa.selenium.remote.HttpCommandExecutor.execute(HttpCommandExecutor.java:190)
	at org.openqa.selenium.remote.service.DriverCommandExecutor.invokeExecute(DriverCommandExecutor.java:216)
	at org.openqa.selenium.remote.service.DriverCommandExecutor.execute(DriverCommandExecutor.java:174)
	at org.openqa.selenium.remote.RemoteWebDriver.execute(RemoteWebDriver.java:545)
	at org.openqa.selenium.remote.RemoteWebElement.execute(RemoteWebElement.java:223)
	at org.openqa.selenium.remote.RemoteWebElement.click(RemoteWebElement.java:76)
	at java.base/jdk.internal.reflect.DirectMethodHandleAccessor.invoke(DirectMethodHandleAccessor.java:103)
	at java.base/java.lang.reflect.Method.invoke(Method.java:580)
	at org.openqa.selenium.support.pagefactory.internal.LocatingElementHandler.invoke(LocatingElementHandler.java:51)
	at jdk.proxy2/jdk.proxy2.$Proxy14.click(Unknown Source)
	at lt.insoft.uztis.pages.ApplicationFormsPage.selectValuesByListEvaluationTwo(ApplicationFormsPage.java:448)
	... 69 common frames omitted
2025-01-27 09:37:36 [main] INFO  l.insoft.uztis.tests.utils.TestUtils - Screenshot moved to C:\Users\ingrida.zadorozniene\Desktop\Asm\UZTIS\UZTIS_tests\test-output\screenshots\20250127\093736681_testCreateNewVuiApplication().png
2025-01-27 09:38:41 [main] INFO  lt.insoft.uztis.tests.UztisPageTest - Navigated to https://uztisdev.asseco.lt/home
2025-01-27 09:38:41 [main] INFO  l.i.u.tests.ApplicationFormsPageTest - Setup complete. ApplicationFormsPage initialized.
2025-01-27 09:38:41 [main] INFO  l.i.u.tests.ApplicationFormsPageTest - Starting test:'testCreateNewVuiApplication'
2025-01-27 09:38:41 [main] DEBUG l.i.u.tests.ApplicationFormsPageTest - User logged in with test credentials
2025-01-27 09:38:42 [main] DEBUG l.i.u.tests.ApplicationFormsPageTest - Opened 'Application Processing' menu.
2025-01-27 09:38:42 [main] DEBUG l.i.u.tests.ApplicationFormsPageTest - Clicked on 'Application Forms' menu.
2025-01-27 09:38:42 [main] DEBUG l.i.u.tests.ApplicationFormsPageTest - Clicked to create a new application form.
2025-01-27 09:38:42 [main] DEBUG l.i.u.tests.ApplicationFormsPageTest - Entered random application code: TST-VUI-30
2025-01-27 09:38:42 [main] DEBUG l.i.u.tests.ApplicationFormsPageTest - Selected 'Section' radio button.
2025-01-27 09:38:42 [main] INFO  l.i.uztis.pages.ApplicationFormsPage - Located the dropdown button.
2025-01-27 09:38:43 [main] INFO  l.i.uztis.pages.ApplicationFormsPage - Successfully selected the value: 'Skyrius 1'
2025-01-27 09:38:53 [main] ERROR l.i.uztis.pages.ApplicationFormsPage - Failed to close the dropdown with aria-expanded = 'false'.
2025-01-27 09:38:53 [main] DEBUG l.i.u.tests.ApplicationFormsPageTest - Selected a value from the 'Section' dropdown: 'Skyrius 1'
2025-01-27 09:38:53 [main] DEBUG l.i.u.tests.ApplicationFormsPageTest - Selected 'Budget by Municipality' option.
2025-01-27 09:38:53 [main] DEBUG l.i.u.tests.ApplicationFormsPageTest - Selected 'Financed Without Queue' option.
2025-01-27 09:38:53 [main] DEBUG l.i.u.tests.ApplicationFormsPageTest - Clicked 'Add' button.
2025-01-27 09:38:53 [main] INFO  l.i.uztis.pages.ApplicationFormsPage - Located the dropdown button.
2025-01-27 09:38:54 [main] DEBUG l.i.uztis.pages.ApplicationFormsPage - Option text: '', value to select: 'VUI paraiškos vertinimo forma - I etapas'
2025-01-27 09:38:54 [main] DEBUG l.i.uztis.pages.ApplicationFormsPage - Option text: 'PVK paraiškos vertinimo forma - I etapas', value to select: 'VUI paraiškos vertinimo forma - I etapas'
2025-01-27 09:38:54 [main] DEBUG l.i.uztis.pages.ApplicationFormsPage - Option text: 'DVP paraiškos vertinimo forma - I etapas', value to select: 'VUI paraiškos vertinimo forma - I etapas'
2025-01-27 09:38:54 [main] ERROR l.i.uztis.pages.ApplicationFormsPage - Option 'VUI paraiškos vertinimo forma - I etapas' was not found in the dropdown.
2025-01-27 09:38:54 [main] DEBUG l.i.u.tests.ApplicationFormsPageTest - Selected a value from the 'EvaluationOne' dropdown: 'VUI paraiškos vertinimo forma - I etapas'
2025-01-27 09:38:54 [main] INFO  l.i.uztis.pages.ApplicationFormsPage - Located the dropdown button.
2025-01-27 09:38:55 [main] ERROR l.i.uztis.pages.ApplicationFormsPage - Error selecting value from the list: element click intercepted: Element <mat-label>...</mat-label> is not clickable at point (435, 901). Other element would receive the click: <span class="ng-star-inserted">...</span>
  (Session info: chrome=131.0.6778.265)
Build info: version: '4.27.0', revision: 'd6e718d134'
System info: os.name: 'Windows 11', os.arch: 'amd64', os.version: '10.0', java.version: '21.0.3'
Driver info: org.openqa.selenium.chrome.ChromeDriver
Command: [493edd7e4020cfaaf5e420e871ffeac1, clickElement {id=f.686C7EE918F6101146F142AFA778CE74.d.5F0D8BE7BC631DDE29D52732C4C0C913.e.84}]
Capabilities {acceptInsecureCerts: false, browserName: chrome, browserVersion: 131.0.6778.265, chrome: {chromedriverVersion: 131.0.6778.264 (2d05e315153..., userDataDir: C:\Users\INGRID~1.ZAD\AppDa...}, fedcm:accounts: true, goog:chromeOptions: {debuggerAddress: localhost:63843}, networkConnectionEnabled: false, pageLoadStrategy: normal, platformName: windows, proxy: Proxy(), se:cdp: ws://localhost:63843/devtoo..., se:cdpVersion: 131.0.6778.265, setWindowRect: true, strictFileInteractability: false, timeouts: {implicit: 0, pageLoad: 300000, script: 30000}, unhandledPromptBehavior: dismiss and notify, webauthn:extension:credBlob: true, webauthn:extension:largeBlob: true, webauthn:extension:minPinLength: true, webauthn:extension:prf: true, webauthn:virtualAuthenticators: true}
Element: [[ChromeDriver: chrome on windows (493edd7e4020cfaaf5e420e871ffeac1)] -> xpath: //mat-label[contains(text(), 'II etapo vertinimo forma')]]
Session ID: 493edd7e4020cfaaf5e420e871ffeac1
2025-01-27 09:38:55 [main] ERROR l.i.u.tests.ApplicationFormsPageTest - Test 'testCreateNewVuiApplication' failed with error: Failed to select from the list
java.lang.RuntimeException: Failed to select from the list
	at lt.insoft.uztis.pages.ApplicationFormsPage.selectValuesByListEvaluationTwo(ApplicationFormsPage.java:479)
	at lt.insoft.uztis.tests.ApplicationFormsPageTest.testCreateNewVuiApplication(ApplicationFormsPageTest.java:130)
	at java.base/jdk.internal.reflect.DirectMethodHandleAccessor.invoke(DirectMethodHandleAccessor.java:103)
	at java.base/java.lang.reflect.Method.invoke(Method.java:580)
	at org.junit.platform.commons.util.ReflectionUtils.invokeMethod(ReflectionUtils.java:728)
	at org.junit.jupiter.engine.execution.MethodInvocation.proceed(MethodInvocation.java:60)
	at org.junit.jupiter.engine.execution.InvocationInterceptorChain$ValidatingInvocation.proceed(InvocationInterceptorChain.java:131)
	at org.junit.jupiter.engine.extension.TimeoutExtension.intercept(TimeoutExtension.java:156)
	at org.junit.jupiter.engine.extension.TimeoutExtension.interceptTestableMethod(TimeoutExtension.java:147)
	at org.junit.jupiter.engine.extension.TimeoutExtension.interceptTestMethod(TimeoutExtension.java:86)
	at org.junit.jupiter.engine.execution.InterceptingExecutableInvoker$ReflectiveInterceptorCall.lambda$ofVoidMethod$0(InterceptingExecutableInvoker.java:103)
	at org.junit.jupiter.engine.execution.InterceptingExecutableInvoker.lambda$invoke$0(InterceptingExecutableInvoker.java:93)
	at org.junit.jupiter.engine.execution.InvocationInterceptorChain$InterceptedInvocation.proceed(InvocationInterceptorChain.java:106)
	at org.junit.jupiter.engine.execution.InvocationInterceptorChain.proceed(InvocationInterceptorChain.java:64)
	at org.junit.jupiter.engine.execution.InvocationInterceptorChain.chainAndInvoke(InvocationInterceptorChain.java:45)
	at org.junit.jupiter.engine.execution.InvocationInterceptorChain.invoke(InvocationInterceptorChain.java:37)
	at org.junit.jupiter.engine.execution.InterceptingExecutableInvoker.invoke(InterceptingExecutableInvoker.java:92)
	at org.junit.jupiter.engine.execution.InterceptingExecutableInvoker.invoke(InterceptingExecutableInvoker.java:86)
	at org.junit.jupiter.engine.descriptor.TestMethodTestDescriptor.lambda$invokeTestMethod$7(TestMethodTestDescriptor.java:218)
	at org.junit.platform.engine.support.hierarchical.ThrowableCollector.execute(ThrowableCollector.java:73)
	at org.junit.jupiter.engine.descriptor.TestMethodTestDescriptor.invokeTestMethod(TestMethodTestDescriptor.java:214)
	at org.junit.jupiter.engine.descriptor.TestMethodTestDescriptor.execute(TestMethodTestDescriptor.java:139)
	at org.junit.jupiter.engine.descriptor.TestMethodTestDescriptor.execute(TestMethodTestDescriptor.java:69)
	at org.junit.platform.engine.support.hierarchical.NodeTestTask.lambda$executeRecursively$6(NodeTestTask.java:151)
	at org.junit.platform.engine.support.hierarchical.ThrowableCollector.execute(ThrowableCollector.java:73)
	at org.junit.platform.engine.support.hierarchical.NodeTestTask.lambda$executeRecursively$8(NodeTestTask.java:141)
	at org.junit.platform.engine.support.hierarchical.Node.around(Node.java:137)
	at org.junit.platform.engine.support.hierarchical.NodeTestTask.lambda$executeRecursively$9(NodeTestTask.java:139)
	at org.junit.platform.engine.support.hierarchical.ThrowableCollector.execute(ThrowableCollector.java:73)
	at org.junit.platform.engine.support.hierarchical.NodeTestTask.executeRecursively(NodeTestTask.java:138)
	at org.junit.platform.engine.support.hierarchical.NodeTestTask.execute(NodeTestTask.java:95)
	at java.base/java.util.ArrayList.forEach(ArrayList.java:1596)
	at org.junit.platform.engine.support.hierarchical.SameThreadHierarchicalTestExecutorService.invokeAll(SameThreadHierarchicalTestExecutorService.java:41)
	at org.junit.platform.engine.support.hierarchical.NodeTestTask.lambda$executeRecursively$6(NodeTestTask.java:155)
	at org.junit.platform.engine.support.hierarchical.ThrowableCollector.execute(ThrowableCollector.java:73)
	at org.junit.platform.engine.support.hierarchical.NodeTestTask.lambda$executeRecursively$8(NodeTestTask.java:141)
	at org.junit.platform.engine.support.hierarchical.Node.around(Node.java:137)
	at org.junit.platform.engine.support.hierarchical.NodeTestTask.lambda$executeRecursively$9(NodeTestTask.java:139)
	at org.junit.platform.engine.support.hierarchical.ThrowableCollector.execute(ThrowableCollector.java:73)
	at org.junit.platform.engine.support.hierarchical.NodeTestTask.executeRecursively(NodeTestTask.java:138)
	at org.junit.platform.engine.support.hierarchical.NodeTestTask.execute(NodeTestTask.java:95)
	at java.base/java.util.ArrayList.forEach(ArrayList.java:1596)
	at org.junit.platform.engine.support.hierarchical.SameThreadHierarchicalTestExecutorService.invokeAll(SameThreadHierarchicalTestExecutorService.java:41)
	at org.junit.platform.engine.support.hierarchical.NodeTestTask.lambda$executeRecursively$6(NodeTestTask.java:155)
	at org.junit.platform.engine.support.hierarchical.ThrowableCollector.execute(ThrowableCollector.java:73)
	at org.junit.platform.engine.support.hierarchical.NodeTestTask.lambda$executeRecursively$8(NodeTestTask.java:141)
	at org.junit.platform.engine.support.hierarchical.Node.around(Node.java:137)
	at org.junit.platform.engine.support.hierarchical.NodeTestTask.lambda$executeRecursively$9(NodeTestTask.java:139)
	at org.junit.platform.engine.support.hierarchical.ThrowableCollector.execute(ThrowableCollector.java:73)
	at org.junit.platform.engine.support.hierarchical.NodeTestTask.executeRecursively(NodeTestTask.java:138)
	at org.junit.platform.engine.support.hierarchical.NodeTestTask.execute(NodeTestTask.java:95)
	at org.junit.platform.engine.support.hierarchical.SameThreadHierarchicalTestExecutorService.submit(SameThreadHierarchicalTestExecutorService.java:35)
	at org.junit.platform.engine.support.hierarchical.HierarchicalTestExecutor.execute(HierarchicalTestExecutor.java:57)
	at org.junit.platform.engine.support.hierarchical.HierarchicalTestEngine.execute(HierarchicalTestEngine.java:54)
	at org.junit.platform.launcher.core.EngineExecutionOrchestrator.execute(EngineExecutionOrchestrator.java:198)
	at org.junit.platform.launcher.core.EngineExecutionOrchestrator.execute(EngineExecutionOrchestrator.java:169)
	at org.junit.platform.launcher.core.EngineExecutionOrchestrator.execute(EngineExecutionOrchestrator.java:93)
	at org.junit.platform.launcher.core.EngineExecutionOrchestrator.lambda$execute$0(EngineExecutionOrchestrator.java:58)
	at org.junit.platform.launcher.core.EngineExecutionOrchestrator.withInterceptedStreams(EngineExecutionOrchestrator.java:141)
	at org.junit.platform.launcher.core.EngineExecutionOrchestrator.execute(EngineExecutionOrchestrator.java:57)
	at org.junit.platform.launcher.core.DefaultLauncher.execute(DefaultLauncher.java:103)
	at org.junit.platform.launcher.core.DefaultLauncher.execute(DefaultLauncher.java:85)
	at org.junit.platform.launcher.core.DelegatingLauncher.execute(DelegatingLauncher.java:47)
	at org.junit.platform.launcher.core.SessionPerRequestLauncher.execute(SessionPerRequestLauncher.java:63)
	at com.intellij.junit5.JUnit5IdeaTestRunner.startRunnerWithArgs(JUnit5IdeaTestRunner.java:57)
	at com.intellij.rt.junit.IdeaTestRunner$Repeater$1.execute(IdeaTestRunner.java:38)
	at com.intellij.rt.execution.junit.TestsRepeater.repeat(TestsRepeater.java:11)
	at com.intellij.rt.junit.IdeaTestRunner$Repeater.startRunnerWithArgs(IdeaTestRunner.java:35)
	at com.intellij.rt.junit.JUnitStarter.prepareStreamsAndStart(JUnitStarter.java:232)
	at com.intellij.rt.junit.JUnitStarter.main(JUnitStarter.java:55)
Caused by: org.openqa.selenium.ElementClickInterceptedException: element click intercepted: Element <mat-label>...</mat-label> is not clickable at point (435, 901). Other element would receive the click: <span class="ng-star-inserted">...</span>
  (Session info: chrome=131.0.6778.265)
Build info: version: '4.27.0', revision: 'd6e718d134'
System info: os.name: 'Windows 11', os.arch: 'amd64', os.version: '10.0', java.version: '21.0.3'
Driver info: org.openqa.selenium.chrome.ChromeDriver
Command: [493edd7e4020cfaaf5e420e871ffeac1, clickElement {id=f.686C7EE918F6101146F142AFA778CE74.d.5F0D8BE7BC631DDE29D52732C4C0C913.e.84}]
Capabilities {acceptInsecureCerts: false, browserName: chrome, browserVersion: 131.0.6778.265, chrome: {chromedriverVersion: 131.0.6778.264 (2d05e315153..., userDataDir: C:\Users\INGRID~1.ZAD\AppDa...}, fedcm:accounts: true, goog:chromeOptions: {debuggerAddress: localhost:63843}, networkConnectionEnabled: false, pageLoadStrategy: normal, platformName: windows, proxy: Proxy(), se:cdp: ws://localhost:63843/devtoo..., se:cdpVersion: 131.0.6778.265, setWindowRect: true, strictFileInteractability: false, timeouts: {implicit: 0, pageLoad: 300000, script: 30000}, unhandledPromptBehavior: dismiss and notify, webauthn:extension:credBlob: true, webauthn:extension:largeBlob: true, webauthn:extension:minPinLength: true, webauthn:extension:prf: true, webauthn:virtualAuthenticators: true}
Element: [[ChromeDriver: chrome on windows (493edd7e4020cfaaf5e420e871ffeac1)] -> xpath: //mat-label[contains(text(), 'II etapo vertinimo forma')]]
Session ID: 493edd7e4020cfaaf5e420e871ffeac1
	at java.base/jdk.internal.reflect.DirectConstructorHandleAccessor.newInstance(DirectConstructorHandleAccessor.java:62)
	at java.base/java.lang.reflect.Constructor.newInstanceWithCaller(Constructor.java:502)
	at java.base/java.lang.reflect.Constructor.newInstance(Constructor.java:486)
	at org.openqa.selenium.remote.ErrorCodec.decode(ErrorCodec.java:167)
	at org.openqa.selenium.remote.codec.w3c.W3CHttpResponseCodec.decode(W3CHttpResponseCodec.java:138)
	at org.openqa.selenium.remote.codec.w3c.W3CHttpResponseCodec.decode(W3CHttpResponseCodec.java:50)
	at org.openqa.selenium.remote.HttpCommandExecutor.execute(HttpCommandExecutor.java:190)
	at org.openqa.selenium.remote.service.DriverCommandExecutor.invokeExecute(DriverCommandExecutor.java:216)
	at org.openqa.selenium.remote.service.DriverCommandExecutor.execute(DriverCommandExecutor.java:174)
	at org.openqa.selenium.remote.RemoteWebDriver.execute(RemoteWebDriver.java:545)
	at org.openqa.selenium.remote.RemoteWebElement.execute(RemoteWebElement.java:223)
	at org.openqa.selenium.remote.RemoteWebElement.click(RemoteWebElement.java:76)
	at java.base/jdk.internal.reflect.DirectMethodHandleAccessor.invoke(DirectMethodHandleAccessor.java:103)
	at java.base/java.lang.reflect.Method.invoke(Method.java:580)
	at org.openqa.selenium.support.pagefactory.internal.LocatingElementHandler.invoke(LocatingElementHandler.java:51)
	at jdk.proxy2/jdk.proxy2.$Proxy14.click(Unknown Source)
	at lt.insoft.uztis.pages.ApplicationFormsPage.selectValuesByListEvaluationTwo(ApplicationFormsPage.java:448)
	... 69 common frames omitted
2025-01-27 09:38:55 [main] INFO  l.insoft.uztis.tests.utils.TestUtils - Screenshot moved to C:\Users\ingrida.zadorozniene\Desktop\Asm\UZTIS\UZTIS_tests\test-output\screenshots\20250127\093855465_testCreateNewVuiApplication().png
2025-01-27 09:46:01 [main] INFO  lt.insoft.uztis.tests.UztisPageTest - Navigated to https://uztisdev.asseco.lt/home
2025-01-27 09:46:01 [main] INFO  l.i.u.tests.ApplicationFormsPageTest - Setup complete. ApplicationFormsPage initialized.
2025-01-27 09:46:01 [main] INFO  l.i.u.tests.ApplicationFormsPageTest - Starting test:'testCreateNewVuiApplication'
2025-01-27 09:46:02 [main] DEBUG l.i.u.tests.ApplicationFormsPageTest - User logged in with test credentials
2025-01-27 09:46:02 [main] DEBUG l.i.u.tests.ApplicationFormsPageTest - Opened 'Application Processing' menu.
2025-01-27 09:46:02 [main] DEBUG l.i.u.tests.ApplicationFormsPageTest - Clicked on 'Application Forms' menu.
2025-01-27 09:46:03 [main] DEBUG l.i.u.tests.ApplicationFormsPageTest - Clicked to create a new application form.
2025-01-27 09:46:03 [main] DEBUG l.i.u.tests.ApplicationFormsPageTest - Entered random application code: TST-VUI-56
2025-01-27 09:46:03 [main] DEBUG l.i.u.tests.ApplicationFormsPageTest - Selected 'Section' radio button.
2025-01-27 09:46:03 [main] INFO  l.i.uztis.pages.ApplicationFormsPage - Located the dropdown button.
2025-01-27 09:46:04 [main] INFO  l.i.uztis.pages.ApplicationFormsPage - Successfully selected the value: 'Skyrius 1'
2025-01-27 09:46:14 [main] ERROR l.i.uztis.pages.ApplicationFormsPage - Failed to close the dropdown with aria-expanded = 'false'.
2025-01-27 09:46:14 [main] DEBUG l.i.u.tests.ApplicationFormsPageTest - Selected a value from the 'Section' dropdown: 'Skyrius 1'
2025-01-27 09:46:15 [main] DEBUG l.i.u.tests.ApplicationFormsPageTest - Selected 'Budget by Municipality' option.
2025-01-27 09:46:15 [main] DEBUG l.i.u.tests.ApplicationFormsPageTest - Selected 'Financed Without Queue' option.
2025-01-27 09:46:15 [main] DEBUG l.i.u.tests.ApplicationFormsPageTest - Clicked 'Add' button.
2025-01-27 09:46:15 [main] INFO  l.i.uztis.pages.ApplicationFormsPage - Located the dropdown button.
2025-01-27 09:46:15 [main] DEBUG l.i.uztis.pages.ApplicationFormsPage - Option raw text: ''
2025-01-27 09:46:15 [main] DEBUG l.i.uztis.pages.ApplicationFormsPage - Option raw text: ''
2025-01-27 09:46:15 [main] DEBUG l.i.uztis.pages.ApplicationFormsPage - Option raw text: 'DVP paraiškos vertinimo forma - I etapas'
2025-01-27 09:46:15 [main] ERROR l.i.uztis.pages.ApplicationFormsPage - Error selecting value from the list: Option 'VUI paraiškos vertinimo forma - I etapas' was not found in the dropdown.
2025-01-27 09:46:15 [main] ERROR l.i.u.tests.ApplicationFormsPageTest - Test 'testCreateNewVuiApplication' failed with error: Failed to select from the list
java.lang.RuntimeException: Failed to select from the list
	at lt.insoft.uztis.pages.ApplicationFormsPage.selectValuesByListEvaluationOnePATIKRINIMUI(ApplicationFormsPage.java:415)
	at lt.insoft.uztis.tests.ApplicationFormsPageTest.testCreateNewVuiApplication(ApplicationFormsPageTest.java:126)
	at java.base/jdk.internal.reflect.DirectMethodHandleAccessor.invoke(DirectMethodHandleAccessor.java:103)
	at java.base/java.lang.reflect.Method.invoke(Method.java:580)
	at org.junit.platform.commons.util.ReflectionUtils.invokeMethod(ReflectionUtils.java:728)
	at org.junit.jupiter.engine.execution.MethodInvocation.proceed(MethodInvocation.java:60)
	at org.junit.jupiter.engine.execution.InvocationInterceptorChain$ValidatingInvocation.proceed(InvocationInterceptorChain.java:131)
	at org.junit.jupiter.engine.extension.TimeoutExtension.intercept(TimeoutExtension.java:156)
	at org.junit.jupiter.engine.extension.TimeoutExtension.interceptTestableMethod(TimeoutExtension.java:147)
	at org.junit.jupiter.engine.extension.TimeoutExtension.interceptTestMethod(TimeoutExtension.java:86)
	at org.junit.jupiter.engine.execution.InterceptingExecutableInvoker$ReflectiveInterceptorCall.lambda$ofVoidMethod$0(InterceptingExecutableInvoker.java:103)
	at org.junit.jupiter.engine.execution.InterceptingExecutableInvoker.lambda$invoke$0(InterceptingExecutableInvoker.java:93)
	at org.junit.jupiter.engine.execution.InvocationInterceptorChain$InterceptedInvocation.proceed(InvocationInterceptorChain.java:106)
	at org.junit.jupiter.engine.execution.InvocationInterceptorChain.proceed(InvocationInterceptorChain.java:64)
	at org.junit.jupiter.engine.execution.InvocationInterceptorChain.chainAndInvoke(InvocationInterceptorChain.java:45)
	at org.junit.jupiter.engine.execution.InvocationInterceptorChain.invoke(InvocationInterceptorChain.java:37)
	at org.junit.jupiter.engine.execution.InterceptingExecutableInvoker.invoke(InterceptingExecutableInvoker.java:92)
	at org.junit.jupiter.engine.execution.InterceptingExecutableInvoker.invoke(InterceptingExecutableInvoker.java:86)
	at org.junit.jupiter.engine.descriptor.TestMethodTestDescriptor.lambda$invokeTestMethod$7(TestMethodTestDescriptor.java:218)
	at org.junit.platform.engine.support.hierarchical.ThrowableCollector.execute(ThrowableCollector.java:73)
	at org.junit.jupiter.engine.descriptor.TestMethodTestDescriptor.invokeTestMethod(TestMethodTestDescriptor.java:214)
	at org.junit.jupiter.engine.descriptor.TestMethodTestDescriptor.execute(TestMethodTestDescriptor.java:139)
	at org.junit.jupiter.engine.descriptor.TestMethodTestDescriptor.execute(TestMethodTestDescriptor.java:69)
	at org.junit.platform.engine.support.hierarchical.NodeTestTask.lambda$executeRecursively$6(NodeTestTask.java:151)
	at org.junit.platform.engine.support.hierarchical.ThrowableCollector.execute(ThrowableCollector.java:73)
	at org.junit.platform.engine.support.hierarchical.NodeTestTask.lambda$executeRecursively$8(NodeTestTask.java:141)
	at org.junit.platform.engine.support.hierarchical.Node.around(Node.java:137)
	at org.junit.platform.engine.support.hierarchical.NodeTestTask.lambda$executeRecursively$9(NodeTestTask.java:139)
	at org.junit.platform.engine.support.hierarchical.ThrowableCollector.execute(ThrowableCollector.java:73)
	at org.junit.platform.engine.support.hierarchical.NodeTestTask.executeRecursively(NodeTestTask.java:138)
	at org.junit.platform.engine.support.hierarchical.NodeTestTask.execute(NodeTestTask.java:95)
	at java.base/java.util.ArrayList.forEach(ArrayList.java:1596)
	at org.junit.platform.engine.support.hierarchical.SameThreadHierarchicalTestExecutorService.invokeAll(SameThreadHierarchicalTestExecutorService.java:41)
	at org.junit.platform.engine.support.hierarchical.NodeTestTask.lambda$executeRecursively$6(NodeTestTask.java:155)
	at org.junit.platform.engine.support.hierarchical.ThrowableCollector.execute(ThrowableCollector.java:73)
	at org.junit.platform.engine.support.hierarchical.NodeTestTask.lambda$executeRecursively$8(NodeTestTask.java:141)
	at org.junit.platform.engine.support.hierarchical.Node.around(Node.java:137)
	at org.junit.platform.engine.support.hierarchical.NodeTestTask.lambda$executeRecursively$9(NodeTestTask.java:139)
	at org.junit.platform.engine.support.hierarchical.ThrowableCollector.execute(ThrowableCollector.java:73)
	at org.junit.platform.engine.support.hierarchical.NodeTestTask.executeRecursively(NodeTestTask.java:138)
	at org.junit.platform.engine.support.hierarchical.NodeTestTask.execute(NodeTestTask.java:95)
	at java.base/java.util.ArrayList.forEach(ArrayList.java:1596)
	at org.junit.platform.engine.support.hierarchical.SameThreadHierarchicalTestExecutorService.invokeAll(SameThreadHierarchicalTestExecutorService.java:41)
	at org.junit.platform.engine.support.hierarchical.NodeTestTask.lambda$executeRecursively$6(NodeTestTask.java:155)
	at org.junit.platform.engine.support.hierarchical.ThrowableCollector.execute(ThrowableCollector.java:73)
	at org.junit.platform.engine.support.hierarchical.NodeTestTask.lambda$executeRecursively$8(NodeTestTask.java:141)
	at org.junit.platform.engine.support.hierarchical.Node.around(Node.java:137)
	at org.junit.platform.engine.support.hierarchical.NodeTestTask.lambda$executeRecursively$9(NodeTestTask.java:139)
	at org.junit.platform.engine.support.hierarchical.ThrowableCollector.execute(ThrowableCollector.java:73)
	at org.junit.platform.engine.support.hierarchical.NodeTestTask.executeRecursively(NodeTestTask.java:138)
	at org.junit.platform.engine.support.hierarchical.NodeTestTask.execute(NodeTestTask.java:95)
	at org.junit.platform.engine.support.hierarchical.SameThreadHierarchicalTestExecutorService.submit(SameThreadHierarchicalTestExecutorService.java:35)
	at org.junit.platform.engine.support.hierarchical.HierarchicalTestExecutor.execute(HierarchicalTestExecutor.java:57)
	at org.junit.platform.engine.support.hierarchical.HierarchicalTestEngine.execute(HierarchicalTestEngine.java:54)
	at org.junit.platform.launcher.core.EngineExecutionOrchestrator.execute(EngineExecutionOrchestrator.java:198)
	at org.junit.platform.launcher.core.EngineExecutionOrchestrator.execute(EngineExecutionOrchestrator.java:169)
	at org.junit.platform.launcher.core.EngineExecutionOrchestrator.execute(EngineExecutionOrchestrator.java:93)
	at org.junit.platform.launcher.core.EngineExecutionOrchestrator.lambda$execute$0(EngineExecutionOrchestrator.java:58)
	at org.junit.platform.launcher.core.EngineExecutionOrchestrator.withInterceptedStreams(EngineExecutionOrchestrator.java:141)
	at org.junit.platform.launcher.core.EngineExecutionOrchestrator.execute(EngineExecutionOrchestrator.java:57)
	at org.junit.platform.launcher.core.DefaultLauncher.execute(DefaultLauncher.java:103)
	at org.junit.platform.launcher.core.DefaultLauncher.execute(DefaultLauncher.java:85)
	at org.junit.platform.launcher.core.DelegatingLauncher.execute(DelegatingLauncher.java:47)
	at org.junit.platform.launcher.core.SessionPerRequestLauncher.execute(SessionPerRequestLauncher.java:63)
	at com.intellij.junit5.JUnit5IdeaTestRunner.startRunnerWithArgs(JUnit5IdeaTestRunner.java:57)
	at com.intellij.rt.junit.IdeaTestRunner$Repeater$1.execute(IdeaTestRunner.java:38)
	at com.intellij.rt.execution.junit.TestsRepeater.repeat(TestsRepeater.java:11)
	at com.intellij.rt.junit.IdeaTestRunner$Repeater.startRunnerWithArgs(IdeaTestRunner.java:35)
	at com.intellij.rt.junit.JUnitStarter.prepareStreamsAndStart(JUnitStarter.java:232)
	at com.intellij.rt.junit.JUnitStarter.main(JUnitStarter.java:55)
Caused by: java.lang.RuntimeException: Option 'VUI paraiškos vertinimo forma - I etapas' was not found in the dropdown.
	at lt.insoft.uztis.pages.ApplicationFormsPage.selectValuesByListEvaluationOnePATIKRINIMUI(ApplicationFormsPage.java:403)
	... 69 common frames omitted
2025-01-27 09:46:15 [main] INFO  l.insoft.uztis.tests.utils.TestUtils - Screenshot moved to C:\Users\ingrida.zadorozniene\Desktop\Asm\UZTIS\UZTIS_tests\test-output\screenshots\20250127\094615768_testCreateNewVuiApplication().png
2025-01-27 09:51:05 [main] INFO  lt.insoft.uztis.tests.UztisPageTest - Navigated to https://uztisdev.asseco.lt/home
2025-01-27 09:51:05 [main] INFO  l.i.u.tests.ApplicationFormsPageTest - Setup complete. ApplicationFormsPage initialized.
2025-01-27 09:51:05 [main] INFO  l.i.u.tests.ApplicationFormsPageTest - Starting test:'testCreateNewVuiApplication'
2025-01-27 09:51:06 [main] DEBUG l.i.u.tests.ApplicationFormsPageTest - User logged in with test credentials
2025-01-27 09:51:06 [main] DEBUG l.i.u.tests.ApplicationFormsPageTest - Opened 'Application Processing' menu.
2025-01-27 09:51:06 [main] DEBUG l.i.u.tests.ApplicationFormsPageTest - Clicked on 'Application Forms' menu.
2025-01-27 09:51:06 [main] DEBUG l.i.u.tests.ApplicationFormsPageTest - Clicked to create a new application form.
2025-01-27 09:51:07 [main] DEBUG l.i.u.tests.ApplicationFormsPageTest - Entered random application code: TST-VUI-87
2025-01-27 09:51:07 [main] DEBUG l.i.u.tests.ApplicationFormsPageTest - Selected 'Section' radio button.
2025-01-27 09:51:07 [main] INFO  l.i.uztis.pages.ApplicationFormsPage - Located the dropdown button.
2025-01-27 09:51:07 [main] INFO  l.i.uztis.pages.ApplicationFormsPage - Successfully selected the value: 'Skyrius 1'
2025-01-27 09:51:17 [main] ERROR l.i.uztis.pages.ApplicationFormsPage - Failed to close the dropdown with aria-expanded = 'false'.
2025-01-27 09:51:17 [main] DEBUG l.i.u.tests.ApplicationFormsPageTest - Selected a value from the 'Section' dropdown: 'Skyrius 1'
2025-01-27 09:51:17 [main] DEBUG l.i.u.tests.ApplicationFormsPageTest - Selected 'Budget by Municipality' option.
2025-01-27 09:51:17 [main] DEBUG l.i.u.tests.ApplicationFormsPageTest - Selected 'Financed Without Queue' option.
2025-01-27 09:51:18 [main] DEBUG l.i.u.tests.ApplicationFormsPageTest - Clicked 'Add' button.
2025-01-27 09:51:18 [main] INFO  l.i.uztis.pages.ApplicationFormsPage - Located the dropdown button.
2025-01-27 09:51:18 [main] INFO  l.i.uztis.pages.ApplicationFormsPage - Successfully selected the value: 'VUI paraiškos vertinimo forma - I etapas'
2025-01-27 09:51:29 [main] ERROR l.i.uztis.pages.ApplicationFormsPage - Failed to close the dropdown with aria-expanded = 'false'.
2025-01-27 09:51:29 [main] DEBUG l.i.u.tests.ApplicationFormsPageTest - Selected a value from the 'EvaluationOne' dropdown: 'VUI paraiškos vertinimo forma - I etapas'
2025-01-27 09:51:29 [main] INFO  l.i.uztis.pages.ApplicationFormsPage - Located the dropdown button.
2025-01-27 09:51:29 [main] DEBUG l.i.uztis.pages.ApplicationFormsPage - Option text: '', value to select: 'VUI paraiškos vertinimo forma - II etapas'
2025-01-27 09:51:29 [main] DEBUG l.i.uztis.pages.ApplicationFormsPage - Option text: 'PVK paraiškos vertinimo forma - II etapas', value to select: 'VUI paraiškos vertinimo forma - II etapas'
2025-01-27 09:51:29 [main] ERROR l.i.uztis.pages.ApplicationFormsPage - Option 'VUI paraiškos vertinimo forma - II etapas' was not found in the dropdown.
2025-01-27 09:51:29 [main] DEBUG l.i.u.tests.ApplicationFormsPageTest - Selected a value from the 'EvaluationTwon' dropdown: 'VUI paraiškos vertinimo forma - II etapas'
2025-01-27 09:51:29 [main] INFO  l.i.uztis.pages.ApplicationFormsPage - Located the dropdown button.
2025-01-27 09:51:30 [main] ERROR l.i.uztis.pages.ApplicationFormsPage - Error selecting value from the list: element click intercepted: Element <mat-label>...</mat-label> is not clickable at point (437, 970). Other element would receive the click: <span class="ng-star-inserted">...</span>
  (Session info: chrome=131.0.6778.265)
Build info: version: '4.27.0', revision: 'd6e718d134'
System info: os.name: 'Windows 11', os.arch: 'amd64', os.version: '10.0', java.version: '21.0.3'
Driver info: org.openqa.selenium.chrome.ChromeDriver
Command: [1b142614406e874cecfe25b0e7c741dc, clickElement {id=f.13C6E2E6759A373C26FB04044E0363CF.d.EE903A7EA56584CBA53633F33A65F949.e.89}]
Capabilities {acceptInsecureCerts: false, browserName: chrome, browserVersion: 131.0.6778.265, chrome: {chromedriverVersion: 131.0.6778.264 (2d05e315153..., userDataDir: C:\Users\INGRID~1.ZAD\AppDa...}, fedcm:accounts: true, goog:chromeOptions: {debuggerAddress: localhost:64290}, networkConnectionEnabled: false, pageLoadStrategy: normal, platformName: windows, proxy: Proxy(), se:cdp: ws://localhost:64290/devtoo..., se:cdpVersion: 131.0.6778.265, setWindowRect: true, strictFileInteractability: false, timeouts: {implicit: 0, pageLoad: 300000, script: 30000}, unhandledPromptBehavior: dismiss and notify, webauthn:extension:credBlob: true, webauthn:extension:largeBlob: true, webauthn:extension:minPinLength: true, webauthn:extension:prf: true, webauthn:virtualAuthenticators: true}
Element: [[ChromeDriver: chrome on windows (1b142614406e874cecfe25b0e7c741dc)] -> xpath: //mat-label[contains(text(), 'III etapo vertinimo forma')]]
Session ID: 1b142614406e874cecfe25b0e7c741dc
2025-01-27 09:51:30 [main] ERROR l.i.u.tests.ApplicationFormsPageTest - Test 'testCreateNewVuiApplication' failed with error: Failed to select from the list
java.lang.RuntimeException: Failed to select from the list
	at lt.insoft.uztis.pages.ApplicationFormsPage.selectValuesByListEvaluationThree(ApplicationFormsPage.java:623)
	at lt.insoft.uztis.tests.ApplicationFormsPageTest.testCreateNewVuiApplication(ApplicationFormsPageTest.java:134)
	at java.base/jdk.internal.reflect.DirectMethodHandleAccessor.invoke(DirectMethodHandleAccessor.java:103)
	at java.base/java.lang.reflect.Method.invoke(Method.java:580)
	at org.junit.platform.commons.util.ReflectionUtils.invokeMethod(ReflectionUtils.java:728)
	at org.junit.jupiter.engine.execution.MethodInvocation.proceed(MethodInvocation.java:60)
	at org.junit.jupiter.engine.execution.InvocationInterceptorChain$ValidatingInvocation.proceed(InvocationInterceptorChain.java:131)
	at org.junit.jupiter.engine.extension.TimeoutExtension.intercept(TimeoutExtension.java:156)
	at org.junit.jupiter.engine.extension.TimeoutExtension.interceptTestableMethod(TimeoutExtension.java:147)
	at org.junit.jupiter.engine.extension.TimeoutExtension.interceptTestMethod(TimeoutExtension.java:86)
	at org.junit.jupiter.engine.execution.InterceptingExecutableInvoker$ReflectiveInterceptorCall.lambda$ofVoidMethod$0(InterceptingExecutableInvoker.java:103)
	at org.junit.jupiter.engine.execution.InterceptingExecutableInvoker.lambda$invoke$0(InterceptingExecutableInvoker.java:93)
	at org.junit.jupiter.engine.execution.InvocationInterceptorChain$InterceptedInvocation.proceed(InvocationInterceptorChain.java:106)
	at org.junit.jupiter.engine.execution.InvocationInterceptorChain.proceed(InvocationInterceptorChain.java:64)
	at org.junit.jupiter.engine.execution.InvocationInterceptorChain.chainAndInvoke(InvocationInterceptorChain.java:45)
	at org.junit.jupiter.engine.execution.InvocationInterceptorChain.invoke(InvocationInterceptorChain.java:37)
	at org.junit.jupiter.engine.execution.InterceptingExecutableInvoker.invoke(InterceptingExecutableInvoker.java:92)
	at org.junit.jupiter.engine.execution.InterceptingExecutableInvoker.invoke(InterceptingExecutableInvoker.java:86)
	at org.junit.jupiter.engine.descriptor.TestMethodTestDescriptor.lambda$invokeTestMethod$7(TestMethodTestDescriptor.java:218)
	at org.junit.platform.engine.support.hierarchical.ThrowableCollector.execute(ThrowableCollector.java:73)
	at org.junit.jupiter.engine.descriptor.TestMethodTestDescriptor.invokeTestMethod(TestMethodTestDescriptor.java:214)
	at org.junit.jupiter.engine.descriptor.TestMethodTestDescriptor.execute(TestMethodTestDescriptor.java:139)
	at org.junit.jupiter.engine.descriptor.TestMethodTestDescriptor.execute(TestMethodTestDescriptor.java:69)
	at org.junit.platform.engine.support.hierarchical.NodeTestTask.lambda$executeRecursively$6(NodeTestTask.java:151)
	at org.junit.platform.engine.support.hierarchical.ThrowableCollector.execute(ThrowableCollector.java:73)
	at org.junit.platform.engine.support.hierarchical.NodeTestTask.lambda$executeRecursively$8(NodeTestTask.java:141)
	at org.junit.platform.engine.support.hierarchical.Node.around(Node.java:137)
	at org.junit.platform.engine.support.hierarchical.NodeTestTask.lambda$executeRecursively$9(NodeTestTask.java:139)
	at org.junit.platform.engine.support.hierarchical.ThrowableCollector.execute(ThrowableCollector.java:73)
	at org.junit.platform.engine.support.hierarchical.NodeTestTask.executeRecursively(NodeTestTask.java:138)
	at org.junit.platform.engine.support.hierarchical.NodeTestTask.execute(NodeTestTask.java:95)
	at java.base/java.util.ArrayList.forEach(ArrayList.java:1596)
	at org.junit.platform.engine.support.hierarchical.SameThreadHierarchicalTestExecutorService.invokeAll(SameThreadHierarchicalTestExecutorService.java:41)
	at org.junit.platform.engine.support.hierarchical.NodeTestTask.lambda$executeRecursively$6(NodeTestTask.java:155)
	at org.junit.platform.engine.support.hierarchical.ThrowableCollector.execute(ThrowableCollector.java:73)
	at org.junit.platform.engine.support.hierarchical.NodeTestTask.lambda$executeRecursively$8(NodeTestTask.java:141)
	at org.junit.platform.engine.support.hierarchical.Node.around(Node.java:137)
	at org.junit.platform.engine.support.hierarchical.NodeTestTask.lambda$executeRecursively$9(NodeTestTask.java:139)
	at org.junit.platform.engine.support.hierarchical.ThrowableCollector.execute(ThrowableCollector.java:73)
	at org.junit.platform.engine.support.hierarchical.NodeTestTask.executeRecursively(NodeTestTask.java:138)
	at org.junit.platform.engine.support.hierarchical.NodeTestTask.execute(NodeTestTask.java:95)
	at java.base/java.util.ArrayList.forEach(ArrayList.java:1596)
	at org.junit.platform.engine.support.hierarchical.SameThreadHierarchicalTestExecutorService.invokeAll(SameThreadHierarchicalTestExecutorService.java:41)
	at org.junit.platform.engine.support.hierarchical.NodeTestTask.lambda$executeRecursively$6(NodeTestTask.java:155)
	at org.junit.platform.engine.support.hierarchical.ThrowableCollector.execute(ThrowableCollector.java:73)
	at org.junit.platform.engine.support.hierarchical.NodeTestTask.lambda$executeRecursively$8(NodeTestTask.java:141)
	at org.junit.platform.engine.support.hierarchical.Node.around(Node.java:137)
	at org.junit.platform.engine.support.hierarchical.NodeTestTask.lambda$executeRecursively$9(NodeTestTask.java:139)
	at org.junit.platform.engine.support.hierarchical.ThrowableCollector.execute(ThrowableCollector.java:73)
	at org.junit.platform.engine.support.hierarchical.NodeTestTask.executeRecursively(NodeTestTask.java:138)
	at org.junit.platform.engine.support.hierarchical.NodeTestTask.execute(NodeTestTask.java:95)
	at org.junit.platform.engine.support.hierarchical.SameThreadHierarchicalTestExecutorService.submit(SameThreadHierarchicalTestExecutorService.java:35)
	at org.junit.platform.engine.support.hierarchical.HierarchicalTestExecutor.execute(HierarchicalTestExecutor.java:57)
	at org.junit.platform.engine.support.hierarchical.HierarchicalTestEngine.execute(HierarchicalTestEngine.java:54)
	at org.junit.platform.launcher.core.EngineExecutionOrchestrator.execute(EngineExecutionOrchestrator.java:198)
	at org.junit.platform.launcher.core.EngineExecutionOrchestrator.execute(EngineExecutionOrchestrator.java:169)
	at org.junit.platform.launcher.core.EngineExecutionOrchestrator.execute(EngineExecutionOrchestrator.java:93)
	at org.junit.platform.launcher.core.EngineExecutionOrchestrator.lambda$execute$0(EngineExecutionOrchestrator.java:58)
	at org.junit.platform.launcher.core.EngineExecutionOrchestrator.withInterceptedStreams(EngineExecutionOrchestrator.java:141)
	at org.junit.platform.launcher.core.EngineExecutionOrchestrator.execute(EngineExecutionOrchestrator.java:57)
	at org.junit.platform.launcher.core.DefaultLauncher.execute(DefaultLauncher.java:103)
	at org.junit.platform.launcher.core.DefaultLauncher.execute(DefaultLauncher.java:85)
	at org.junit.platform.launcher.core.DelegatingLauncher.execute(DelegatingLauncher.java:47)
	at org.junit.platform.launcher.core.SessionPerRequestLauncher.execute(SessionPerRequestLauncher.java:63)
	at com.intellij.junit5.JUnit5IdeaTestRunner.startRunnerWithArgs(JUnit5IdeaTestRunner.java:57)
	at com.intellij.rt.junit.IdeaTestRunner$Repeater$1.execute(IdeaTestRunner.java:38)
	at com.intellij.rt.execution.junit.TestsRepeater.repeat(TestsRepeater.java:11)
	at com.intellij.rt.junit.IdeaTestRunner$Repeater.startRunnerWithArgs(IdeaTestRunner.java:35)
	at com.intellij.rt.junit.JUnitStarter.prepareStreamsAndStart(JUnitStarter.java:232)
	at com.intellij.rt.junit.JUnitStarter.main(JUnitStarter.java:55)
Caused by: org.openqa.selenium.ElementClickInterceptedException: element click intercepted: Element <mat-label>...</mat-label> is not clickable at point (437, 970). Other element would receive the click: <span class="ng-star-inserted">...</span>
  (Session info: chrome=131.0.6778.265)
Build info: version: '4.27.0', revision: 'd6e718d134'
System info: os.name: 'Windows 11', os.arch: 'amd64', os.version: '10.0', java.version: '21.0.3'
Driver info: org.openqa.selenium.chrome.ChromeDriver
Command: [1b142614406e874cecfe25b0e7c741dc, clickElement {id=f.13C6E2E6759A373C26FB04044E0363CF.d.EE903A7EA56584CBA53633F33A65F949.e.89}]
Capabilities {acceptInsecureCerts: false, browserName: chrome, browserVersion: 131.0.6778.265, chrome: {chromedriverVersion: 131.0.6778.264 (2d05e315153..., userDataDir: C:\Users\INGRID~1.ZAD\AppDa...}, fedcm:accounts: true, goog:chromeOptions: {debuggerAddress: localhost:64290}, networkConnectionEnabled: false, pageLoadStrategy: normal, platformName: windows, proxy: Proxy(), se:cdp: ws://localhost:64290/devtoo..., se:cdpVersion: 131.0.6778.265, setWindowRect: true, strictFileInteractability: false, timeouts: {implicit: 0, pageLoad: 300000, script: 30000}, unhandledPromptBehavior: dismiss and notify, webauthn:extension:credBlob: true, webauthn:extension:largeBlob: true, webauthn:extension:minPinLength: true, webauthn:extension:prf: true, webauthn:virtualAuthenticators: true}
Element: [[ChromeDriver: chrome on windows (1b142614406e874cecfe25b0e7c741dc)] -> xpath: //mat-label[contains(text(), 'III etapo vertinimo forma')]]
Session ID: 1b142614406e874cecfe25b0e7c741dc
	at java.base/jdk.internal.reflect.DirectConstructorHandleAccessor.newInstance(DirectConstructorHandleAccessor.java:62)
	at java.base/java.lang.reflect.Constructor.newInstanceWithCaller(Constructor.java:502)
	at java.base/java.lang.reflect.Constructor.newInstance(Constructor.java:486)
	at org.openqa.selenium.remote.ErrorCodec.decode(ErrorCodec.java:167)
	at org.openqa.selenium.remote.codec.w3c.W3CHttpResponseCodec.decode(W3CHttpResponseCodec.java:138)
	at org.openqa.selenium.remote.codec.w3c.W3CHttpResponseCodec.decode(W3CHttpResponseCodec.java:50)
	at org.openqa.selenium.remote.HttpCommandExecutor.execute(HttpCommandExecutor.java:190)
	at org.openqa.selenium.remote.service.DriverCommandExecutor.invokeExecute(DriverCommandExecutor.java:216)
	at org.openqa.selenium.remote.service.DriverCommandExecutor.execute(DriverCommandExecutor.java:174)
	at org.openqa.selenium.remote.RemoteWebDriver.execute(RemoteWebDriver.java:545)
	at org.openqa.selenium.remote.RemoteWebElement.execute(RemoteWebElement.java:223)
	at org.openqa.selenium.remote.RemoteWebElement.click(RemoteWebElement.java:76)
	at java.base/jdk.internal.reflect.DirectMethodHandleAccessor.invoke(DirectMethodHandleAccessor.java:103)
	at java.base/java.lang.reflect.Method.invoke(Method.java:580)
	at org.openqa.selenium.support.pagefactory.internal.LocatingElementHandler.invoke(LocatingElementHandler.java:51)
	at jdk.proxy2/jdk.proxy2.$Proxy14.click(Unknown Source)
	at lt.insoft.uztis.pages.ApplicationFormsPage.selectValuesByListEvaluationThree(ApplicationFormsPage.java:593)
	... 69 common frames omitted
2025-01-27 09:51:30 [main] INFO  l.insoft.uztis.tests.utils.TestUtils - Screenshot moved to C:\Users\ingrida.zadorozniene\Desktop\Asm\UZTIS\UZTIS_tests\test-output\screenshots\20250127\095130778_testCreateNewVuiApplication().png
2025-01-27 09:53:44 [main] INFO  lt.insoft.uztis.tests.UztisPageTest - Navigated to https://uztisdev.asseco.lt/home
2025-01-27 09:53:44 [main] INFO  l.i.u.tests.ApplicationFormsPageTest - Setup complete. ApplicationFormsPage initialized.
2025-01-27 09:53:44 [main] INFO  l.i.u.tests.ApplicationFormsPageTest - Starting test:'testCreateNewVuiApplication'
2025-01-27 09:53:44 [main] DEBUG l.i.u.tests.ApplicationFormsPageTest - User logged in with test credentials
2025-01-27 09:53:45 [main] DEBUG l.i.u.tests.ApplicationFormsPageTest - Opened 'Application Processing' menu.
2025-01-27 09:53:45 [main] DEBUG l.i.u.tests.ApplicationFormsPageTest - Clicked on 'Application Forms' menu.
2025-01-27 09:53:45 [main] DEBUG l.i.u.tests.ApplicationFormsPageTest - Clicked to create a new application form.
2025-01-27 09:53:45 [main] DEBUG l.i.u.tests.ApplicationFormsPageTest - Entered random application code: TST-VUI-67
2025-01-27 09:53:46 [main] DEBUG l.i.u.tests.ApplicationFormsPageTest - Selected 'Section' radio button.
2025-01-27 09:53:46 [main] INFO  l.i.uztis.pages.ApplicationFormsPage - Located the dropdown button.
2025-01-27 09:53:46 [main] INFO  l.i.uztis.pages.ApplicationFormsPage - Successfully selected the value: 'Skyrius 1'
2025-01-27 09:53:56 [main] ERROR l.i.uztis.pages.ApplicationFormsPage - Failed to close the dropdown with aria-expanded = 'false'.
2025-01-27 09:53:56 [main] DEBUG l.i.u.tests.ApplicationFormsPageTest - Selected a value from the 'Section' dropdown: 'Skyrius 1'
2025-01-27 09:53:57 [main] DEBUG l.i.u.tests.ApplicationFormsPageTest - Selected 'Budget by Municipality' option.
2025-01-27 09:53:57 [main] DEBUG l.i.u.tests.ApplicationFormsPageTest - Selected 'Financed Without Queue' option.
2025-01-27 09:53:57 [main] DEBUG l.i.u.tests.ApplicationFormsPageTest - Clicked 'Add' button.
2025-01-27 09:53:57 [main] INFO  l.i.uztis.pages.ApplicationFormsPage - Located the dropdown button.
2025-01-27 09:53:58 [main] INFO  l.i.uztis.pages.ApplicationFormsPage - Successfully selected the value: 'VUI paraiškos vertinimo forma - I etapas'
2025-01-27 09:54:08 [main] ERROR l.i.uztis.pages.ApplicationFormsPage - Failed to close the dropdown with aria-expanded = 'false'.
2025-01-27 09:54:08 [main] DEBUG l.i.u.tests.ApplicationFormsPageTest - Selected a value from the 'EvaluationOne' dropdown: 'VUI paraiškos vertinimo forma - I etapas'
2025-01-27 09:54:08 [main] INFO  l.i.uztis.pages.ApplicationFormsPage - Located the dropdown button.
2025-01-27 09:54:09 [main] INFO  l.i.uztis.pages.ApplicationFormsPage - Successfully selected the value: 'VUI paraiškos vertinimo forma - II etapas'
2025-01-27 09:54:19 [main] ERROR l.i.uztis.pages.ApplicationFormsPage - Failed to close the dropdown with aria-expanded = 'false'.
2025-01-27 09:54:19 [main] DEBUG l.i.u.tests.ApplicationFormsPageTest - Selected a value from the 'EvaluationTwon' dropdown: 'VUI paraiškos vertinimo forma - II etapas'
2025-01-27 09:54:19 [main] INFO  l.i.uztis.pages.ApplicationFormsPage - Located the dropdown button.
2025-01-27 09:54:20 [main] INFO  l.i.uztis.pages.ApplicationFormsPage - Successfully selected the value: 'VUI paraiškos vertinimo forma - III etapas'
2025-01-27 09:54:30 [main] ERROR l.i.uztis.pages.ApplicationFormsPage - Failed to close the dropdown with aria-expanded = 'false'.
2025-01-27 09:54:30 [main] DEBUG l.i.u.tests.ApplicationFormsPageTest - Selected a value from the 'EvaluationThree' dropdown: 'VUI paraiškos vertinimo forma - III etapas'
2025-01-27 09:54:30 [main] DEBUG l.i.u.tests.ApplicationFormsPageTest - Clicked 'Plus' button.
2025-01-27 09:54:31 [main] DEBUG l.i.u.tests.ApplicationFormsPageTest - Clicked 'Add' button seven times.
2025-01-27 09:54:31 [main] INFO  l.i.uztis.pages.ApplicationFormsPage - Processing dropdown index: 0
2025-01-27 09:54:41 [main] ERROR l.i.uztis.pages.ApplicationFormsPage - Timeout while waiting for dropdown to close at index: 0 with aria-expanded = 'false'
2025-01-27 09:54:41 [main] INFO  l.i.uztis.pages.ApplicationFormsPage - Processing dropdown index: 1
2025-01-27 09:54:51 [main] ERROR l.i.uztis.pages.ApplicationFormsPage - Timeout while waiting for dropdown to close at index: 1 with aria-expanded = 'false'
2025-01-27 09:54:51 [main] INFO  l.i.uztis.pages.ApplicationFormsPage - Processing dropdown index: 2
2025-01-27 09:55:02 [main] ERROR l.i.uztis.pages.ApplicationFormsPage - Timeout while waiting for dropdown to close at index: 2 with aria-expanded = 'false'
2025-01-27 09:55:02 [main] INFO  l.i.uztis.pages.ApplicationFormsPage - Processing dropdown index: 3
2025-01-27 09:55:13 [main] ERROR l.i.uztis.pages.ApplicationFormsPage - Timeout while waiting for dropdown to close at index: 3 with aria-expanded = 'false'
2025-01-27 09:55:13 [main] INFO  l.i.uztis.pages.ApplicationFormsPage - Processing dropdown index: 4
2025-01-27 09:55:24 [main] ERROR l.i.uztis.pages.ApplicationFormsPage - Timeout while waiting for dropdown to close at index: 4 with aria-expanded = 'false'
2025-01-27 09:55:24 [main] INFO  l.i.uztis.pages.ApplicationFormsPage - Processing dropdown index: 5
2025-01-27 09:55:35 [main] ERROR l.i.uztis.pages.ApplicationFormsPage - Timeout while waiting for dropdown to close at index: 5 with aria-expanded = 'false'
2025-01-27 09:55:35 [main] INFO  l.i.uztis.pages.ApplicationFormsPage - Processing dropdown index: 6
2025-01-27 09:55:45 [main] ERROR l.i.uztis.pages.ApplicationFormsPage - Timeout while waiting for dropdown to close at index: 6 with aria-expanded = 'false'
2025-01-27 09:55:45 [main] INFO  l.i.uztis.pages.ApplicationFormsPage - Processing dropdown index: 7
2025-01-27 09:55:56 [main] ERROR l.i.uztis.pages.ApplicationFormsPage - Timeout while waiting for dropdown to close at index: 7 with aria-expanded = 'false'
2025-01-27 09:55:56 [main] INFO  l.i.uztis.pages.ApplicationFormsPage - Processing input field index: 0
2025-01-27 09:55:57 [main] INFO  l.i.uztis.pages.ApplicationFormsPage - Entered value '50' into field index: 0
2025-01-27 09:55:57 [main] INFO  l.i.uztis.pages.ApplicationFormsPage - Processing input field index: 1
2025-01-27 09:55:57 [main] INFO  l.i.uztis.pages.ApplicationFormsPage - Entered value '924' into field index: 1
2025-01-27 09:55:57 [main] INFO  l.i.uztis.pages.ApplicationFormsPage - Processing input field index: 2
2025-01-27 09:55:57 [main] INFO  l.i.uztis.pages.ApplicationFormsPage - Entered value '31' into field index: 2
2025-01-27 09:55:57 [main] INFO  l.i.uztis.pages.ApplicationFormsPage - Processing input field index: 3
2025-01-27 09:55:57 [main] INFO  l.i.uztis.pages.ApplicationFormsPage - Entered value '4.7' into field index: 3
2025-01-27 09:55:57 [main] INFO  l.i.uztis.pages.ApplicationFormsPage - Processing input field index: 4
2025-01-27 09:55:57 [main] INFO  l.i.uztis.pages.ApplicationFormsPage - Entered value '35' into field index: 4
2025-01-27 09:55:57 [main] INFO  l.i.uztis.pages.ApplicationFormsPage - Processing input field index: 5
2025-01-27 09:55:57 [main] INFO  l.i.uztis.pages.ApplicationFormsPage - Entered value '20' into field index: 5
2025-01-27 09:55:57 [main] INFO  l.i.uztis.pages.ApplicationFormsPage - Processing input field index: 6
2025-01-27 09:55:57 [main] INFO  l.i.uztis.pages.ApplicationFormsPage - Entered value '30' into field index: 6
2025-01-27 09:55:57 [main] INFO  l.i.uztis.pages.ApplicationFormsPage - Processing input field index: 7
2025-01-27 09:55:57 [main] INFO  l.i.uztis.pages.ApplicationFormsPage - Entered value '60' into field index: 7
2025-01-27 09:55:57 [main] DEBUG l.i.u.tests.ApplicationFormsPageTest - Entered additional values and text.
2025-01-27 09:55:58 [main] DEBUG l.i.u.tests.ApplicationFormsPageTest - Entered application name: VUI paraiška
2025-01-27 09:55:58 [main] DEBUG l.i.u.tests.ApplicationFormsPageTest - Clicked the 'Save' button.
2025-01-27 09:55:58 [main] INFO  l.i.u.tests.ApplicationFormsPageTest - Verified success message text: 'Duomenys sėkmingai išsaugoti.'
2025-01-27 09:55:58 [main] INFO  l.i.u.tests.ApplicationFormsPageTest - Verified that the 'Save Form' button is displayed.
2025-01-27 09:55:58 [main] INFO  l.i.u.tests.ApplicationFormsPageTest - Test 'testCreateNewVuiApplication' completed successfully.
2025-01-27 09:56:57 [main] INFO  lt.insoft.uztis.tests.UztisPageTest - Navigated to https://uztisdev.asseco.lt/home
2025-01-27 09:56:57 [main] INFO  l.i.u.tests.ApplicationFormsPageTest - Setup complete. ApplicationFormsPage initialized.
2025-01-27 09:56:57 [main] INFO  l.i.u.tests.ApplicationFormsPageTest - Starting test:'testEditAndSaveVuiApplication'
2025-01-27 09:56:58 [main] DEBUG l.i.u.tests.ApplicationFormsPageTest - User logged in with test credentials
2025-01-27 09:56:58 [main] DEBUG l.i.u.tests.ApplicationFormsPageTest - Opened 'Application Processing' menu.
2025-01-27 09:56:58 [main] DEBUG l.i.u.tests.ApplicationFormsPageTest - Clicked on 'Application Forms' menu.
2025-01-27 09:56:59 [main] DEBUG l.i.u.tests.ApplicationFormsPageTest - Selected the last application description.
2025-01-27 09:56:59 [main] DEBUG l.i.u.tests.ApplicationFormsPageTest - Clicked the 'Edit' button.
2025-01-27 09:56:59 [main] DEBUG l.i.u.tests.ApplicationFormsPageTest - Selected 'Municipality' radio button.
2025-01-27 09:56:59 [main] INFO  l.i.uztis.pages.ApplicationFormsPage - Located the dropdown button.
2025-01-27 09:57:00 [main] INFO  l.i.uztis.pages.ApplicationFormsPage - Successfully selected the value: 'Kauno departamentas'
2025-01-27 09:57:10 [main] ERROR l.i.uztis.pages.ApplicationFormsPage - Failed to close the dropdown with aria-expanded = 'false'.
2025-01-27 09:57:10 [main] DEBUG l.i.u.tests.ApplicationFormsPageTest - Selected a value from the 'Municipality' dropdown: 'Kauno departamentas'
2025-01-27 09:57:10 [main] DEBUG l.i.u.tests.ApplicationFormsPageTest - Selected 'Budget By Country' radio button.
2025-01-27 09:57:10 [main] DEBUG l.i.u.tests.ApplicationFormsPageTest - Selected 'Financed By Queue' radio button.
2025-01-27 09:57:10 [main] DEBUG l.i.u.tests.ApplicationFormsPageTest - Entered new application name: _paredaguota
2025-01-27 09:57:11 [main] DEBUG l.i.u.tests.ApplicationFormsPageTest - Clicked the 'Save' button.
2025-01-27 09:57:11 [main] INFO  l.i.u.tests.ApplicationFormsPageTest - Verified success message: 'Duomenys sėkmingai išsaugoti.'
2025-01-27 09:57:11 [main] INFO  l.i.u.tests.ApplicationFormsPageTest - Test 'testEditAndSaveVuiApplication' completed successfully.
2025-01-27 09:58:56 [main] INFO  lt.insoft.uztis.tests.UztisPageTest - Navigated to https://uztisdev.asseco.lt/home
2025-01-27 09:58:56 [main] INFO  l.i.uztis.tests.InvitationsPageTest - Starting test:'testEditAndPublishVuiInvitationDraft'
2025-01-27 09:58:56 [main] DEBUG l.i.uztis.tests.InvitationsPageTest - User logged in with test credentials
2025-01-27 09:58:57 [main] DEBUG l.i.uztis.tests.InvitationsPageTest - Opened 'Application Processing' menu.
2025-01-27 09:58:57 [main] DEBUG l.i.uztis.tests.InvitationsPageTest - Clicked on 'Application Forms' menu.
2025-01-27 09:58:57 [main] DEBUG l.i.uztis.tests.InvitationsPageTest - Navigating to application forms menu.
2025-01-27 09:58:57 [main] DEBUG l.i.uztis.tests.InvitationsPageTest - Retrieved last description code text: 'TST-VUI-67'.
2025-01-27 09:58:57 [main] DEBUG l.i.uztis.tests.InvitationsPageTest - Clicked on 'Invitation' menu.
2025-01-27 09:58:58 [main] DEBUG l.i.uztis.tests.InvitationsPageTest - Selected section by code: 'TST-VUI-67'.
2025-01-27 09:58:58 [main] DEBUG l.i.uztis.tests.InvitationsPageTest - Clicked 'Search'.
2025-01-27 09:58:58 [main] DEBUG l.i.uztis.tests.InvitationsPageTest - Getting and inserting application code text.
2025-01-27 09:59:18 [main] ERROR l.i.uztis.tests.InvitationsPageTest - Test 'testEditAndPublishVuiInvitationDraft' failed with error: Expected condition failed: waiting for element to be clickable: Proxy element for: DefaultElementLocator 'By.xpath: //tr[td/span[contains(text(), 'Ruošinys')]]' (tried for 10 second(s) with 500 milliseconds interval)
org.openqa.selenium.TimeoutException: Expected condition failed: waiting for element to be clickable: Proxy element for: DefaultElementLocator 'By.xpath: //tr[td/span[contains(text(), 'Ruošinys')]]' (tried for 10 second(s) with 500 milliseconds interval)
	at org.openqa.selenium.support.ui.WebDriverWait.timeoutException(WebDriverWait.java:84)
	at org.openqa.selenium.support.ui.FluentWait.until(FluentWait.java:228)
	at lt.insoft.uztis.pages.InvitationsPage.clickInvitationRowDraft(InvitationsPage.java:564)
	at lt.insoft.uztis.tests.InvitationsPageTest.testEditAndPublishVuiInvitationDraft(InvitationsPageTest.java:170)
	at java.base/jdk.internal.reflect.DirectMethodHandleAccessor.invoke(DirectMethodHandleAccessor.java:103)
	at java.base/java.lang.reflect.Method.invoke(Method.java:580)
	at org.junit.platform.commons.util.ReflectionUtils.invokeMethod(ReflectionUtils.java:728)
	at org.junit.jupiter.engine.execution.MethodInvocation.proceed(MethodInvocation.java:60)
	at org.junit.jupiter.engine.execution.InvocationInterceptorChain$ValidatingInvocation.proceed(InvocationInterceptorChain.java:131)
	at org.junit.jupiter.engine.extension.TimeoutExtension.intercept(TimeoutExtension.java:156)
	at org.junit.jupiter.engine.extension.TimeoutExtension.interceptTestableMethod(TimeoutExtension.java:147)
	at org.junit.jupiter.engine.extension.TimeoutExtension.interceptTestMethod(TimeoutExtension.java:86)
	at org.junit.jupiter.engine.execution.InterceptingExecutableInvoker$ReflectiveInterceptorCall.lambda$ofVoidMethod$0(InterceptingExecutableInvoker.java:103)
	at org.junit.jupiter.engine.execution.InterceptingExecutableInvoker.lambda$invoke$0(InterceptingExecutableInvoker.java:93)
	at org.junit.jupiter.engine.execution.InvocationInterceptorChain$InterceptedInvocation.proceed(InvocationInterceptorChain.java:106)
	at org.junit.jupiter.engine.execution.InvocationInterceptorChain.proceed(InvocationInterceptorChain.java:64)
	at org.junit.jupiter.engine.execution.InvocationInterceptorChain.chainAndInvoke(InvocationInterceptorChain.java:45)
	at org.junit.jupiter.engine.execution.InvocationInterceptorChain.invoke(InvocationInterceptorChain.java:37)
	at org.junit.jupiter.engine.execution.InterceptingExecutableInvoker.invoke(InterceptingExecutableInvoker.java:92)
	at org.junit.jupiter.engine.execution.InterceptingExecutableInvoker.invoke(InterceptingExecutableInvoker.java:86)
	at org.junit.jupiter.engine.descriptor.TestMethodTestDescriptor.lambda$invokeTestMethod$7(TestMethodTestDescriptor.java:218)
	at org.junit.platform.engine.support.hierarchical.ThrowableCollector.execute(ThrowableCollector.java:73)
	at org.junit.jupiter.engine.descriptor.TestMethodTestDescriptor.invokeTestMethod(TestMethodTestDescriptor.java:214)
	at org.junit.jupiter.engine.descriptor.TestMethodTestDescriptor.execute(TestMethodTestDescriptor.java:139)
	at org.junit.jupiter.engine.descriptor.TestMethodTestDescriptor.execute(TestMethodTestDescriptor.java:69)
	at org.junit.platform.engine.support.hierarchical.NodeTestTask.lambda$executeRecursively$6(NodeTestTask.java:151)
	at org.junit.platform.engine.support.hierarchical.ThrowableCollector.execute(ThrowableCollector.java:73)
	at org.junit.platform.engine.support.hierarchical.NodeTestTask.lambda$executeRecursively$8(NodeTestTask.java:141)
	at org.junit.platform.engine.support.hierarchical.Node.around(Node.java:137)
	at org.junit.platform.engine.support.hierarchical.NodeTestTask.lambda$executeRecursively$9(NodeTestTask.java:139)
	at org.junit.platform.engine.support.hierarchical.ThrowableCollector.execute(ThrowableCollector.java:73)
	at org.junit.platform.engine.support.hierarchical.NodeTestTask.executeRecursively(NodeTestTask.java:138)
	at org.junit.platform.engine.support.hierarchical.NodeTestTask.execute(NodeTestTask.java:95)
	at java.base/java.util.ArrayList.forEach(ArrayList.java:1596)
	at org.junit.platform.engine.support.hierarchical.SameThreadHierarchicalTestExecutorService.invokeAll(SameThreadHierarchicalTestExecutorService.java:41)
	at org.junit.platform.engine.support.hierarchical.NodeTestTask.lambda$executeRecursively$6(NodeTestTask.java:155)
	at org.junit.platform.engine.support.hierarchical.ThrowableCollector.execute(ThrowableCollector.java:73)
	at org.junit.platform.engine.support.hierarchical.NodeTestTask.lambda$executeRecursively$8(NodeTestTask.java:141)
	at org.junit.platform.engine.support.hierarchical.Node.around(Node.java:137)
	at org.junit.platform.engine.support.hierarchical.NodeTestTask.lambda$executeRecursively$9(NodeTestTask.java:139)
	at org.junit.platform.engine.support.hierarchical.ThrowableCollector.execute(ThrowableCollector.java:73)
	at org.junit.platform.engine.support.hierarchical.NodeTestTask.executeRecursively(NodeTestTask.java:138)
	at org.junit.platform.engine.support.hierarchical.NodeTestTask.execute(NodeTestTask.java:95)
	at java.base/java.util.ArrayList.forEach(ArrayList.java:1596)
	at org.junit.platform.engine.support.hierarchical.SameThreadHierarchicalTestExecutorService.invokeAll(SameThreadHierarchicalTestExecutorService.java:41)
	at org.junit.platform.engine.support.hierarchical.NodeTestTask.lambda$executeRecursively$6(NodeTestTask.java:155)
	at org.junit.platform.engine.support.hierarchical.ThrowableCollector.execute(ThrowableCollector.java:73)
	at org.junit.platform.engine.support.hierarchical.NodeTestTask.lambda$executeRecursively$8(NodeTestTask.java:141)
	at org.junit.platform.engine.support.hierarchical.Node.around(Node.java:137)
	at org.junit.platform.engine.support.hierarchical.NodeTestTask.lambda$executeRecursively$9(NodeTestTask.java:139)
	at org.junit.platform.engine.support.hierarchical.ThrowableCollector.execute(ThrowableCollector.java:73)
	at org.junit.platform.engine.support.hierarchical.NodeTestTask.executeRecursively(NodeTestTask.java:138)
	at org.junit.platform.engine.support.hierarchical.NodeTestTask.execute(NodeTestTask.java:95)
	at org.junit.platform.engine.support.hierarchical.SameThreadHierarchicalTestExecutorService.submit(SameThreadHierarchicalTestExecutorService.java:35)
	at org.junit.platform.engine.support.hierarchical.HierarchicalTestExecutor.execute(HierarchicalTestExecutor.java:57)
	at org.junit.platform.engine.support.hierarchical.HierarchicalTestEngine.execute(HierarchicalTestEngine.java:54)
	at org.junit.platform.launcher.core.EngineExecutionOrchestrator.execute(EngineExecutionOrchestrator.java:198)
	at org.junit.platform.launcher.core.EngineExecutionOrchestrator.execute(EngineExecutionOrchestrator.java:169)
	at org.junit.platform.launcher.core.EngineExecutionOrchestrator.execute(EngineExecutionOrchestrator.java:93)
	at org.junit.platform.launcher.core.EngineExecutionOrchestrator.lambda$execute$0(EngineExecutionOrchestrator.java:58)
	at org.junit.platform.launcher.core.EngineExecutionOrchestrator.withInterceptedStreams(EngineExecutionOrchestrator.java:141)
	at org.junit.platform.launcher.core.EngineExecutionOrchestrator.execute(EngineExecutionOrchestrator.java:57)
	at org.junit.platform.launcher.core.DefaultLauncher.execute(DefaultLauncher.java:103)
	at org.junit.platform.launcher.core.DefaultLauncher.execute(DefaultLauncher.java:85)
	at org.junit.platform.launcher.core.DelegatingLauncher.execute(DelegatingLauncher.java:47)
	at org.junit.platform.launcher.core.SessionPerRequestLauncher.execute(SessionPerRequestLauncher.java:63)
	at com.intellij.junit5.JUnit5IdeaTestRunner.startRunnerWithArgs(JUnit5IdeaTestRunner.java:57)
	at com.intellij.rt.junit.IdeaTestRunner$Repeater$1.execute(IdeaTestRunner.java:38)
	at com.intellij.rt.execution.junit.TestsRepeater.repeat(TestsRepeater.java:11)
	at com.intellij.rt.junit.IdeaTestRunner$Repeater.startRunnerWithArgs(IdeaTestRunner.java:35)
	at com.intellij.rt.junit.JUnitStarter.prepareStreamsAndStart(JUnitStarter.java:232)
	at com.intellij.rt.junit.JUnitStarter.main(JUnitStarter.java:55)
Caused by: org.openqa.selenium.NoSuchElementException: no such element: Unable to locate element: {"method":"xpath","selector":"//tr[td/span[contains(text(), 'Ruošinys')]]"}
  (Session info: chrome=131.0.6778.265)
For documentation on this error, please visit: https://www.selenium.dev/documentation/webdriver/troubleshooting/errors#no-such-element-exception
Build info: version: '4.27.0', revision: 'd6e718d134'
System info: os.name: 'Windows 11', os.arch: 'amd64', os.version: '10.0', java.version: '21.0.3'
Driver info: org.openqa.selenium.chrome.ChromeDriver
Command: [484082d8f9aca39df2851c5739a2a783, findElement {value=//tr[td/span[contains(text(), 'Ruošinys')]], using=xpath}]
Capabilities {acceptInsecureCerts: false, browserName: chrome, browserVersion: 131.0.6778.265, chrome: {chromedriverVersion: 131.0.6778.264 (2d05e315153..., userDataDir: C:\Users\INGRID~1.ZAD\AppDa...}, fedcm:accounts: true, goog:chromeOptions: {debuggerAddress: localhost:64620}, networkConnectionEnabled: false, pageLoadStrategy: normal, platformName: windows, proxy: Proxy(), se:cdp: ws://localhost:64620/devtoo..., se:cdpVersion: 131.0.6778.265, setWindowRect: true, strictFileInteractability: false, timeouts: {implicit: 0, pageLoad: 300000, script: 30000}, unhandledPromptBehavior: dismiss and notify, webauthn:extension:credBlob: true, webauthn:extension:largeBlob: true, webauthn:extension:minPinLength: true, webauthn:extension:prf: true, webauthn:virtualAuthenticators: true}
Session ID: 484082d8f9aca39df2851c5739a2a783
	at java.base/jdk.internal.reflect.DirectConstructorHandleAccessor.newInstance(DirectConstructorHandleAccessor.java:62)
	at java.base/java.lang.reflect.Constructor.newInstanceWithCaller(Constructor.java:502)
	at java.base/java.lang.reflect.Constructor.newInstance(Constructor.java:486)
	at org.openqa.selenium.remote.ErrorCodec.decode(ErrorCodec.java:167)
	at org.openqa.selenium.remote.codec.w3c.W3CHttpResponseCodec.decode(W3CHttpResponseCodec.java:138)
	at org.openqa.selenium.remote.codec.w3c.W3CHttpResponseCodec.decode(W3CHttpResponseCodec.java:50)
	at org.openqa.selenium.remote.HttpCommandExecutor.execute(HttpCommandExecutor.java:190)
	at org.openqa.selenium.remote.service.DriverCommandExecutor.invokeExecute(DriverCommandExecutor.java:216)
	at org.openqa.selenium.remote.service.DriverCommandExecutor.execute(DriverCommandExecutor.java:174)
	at org.openqa.selenium.remote.RemoteWebDriver.execute(RemoteWebDriver.java:545)
	at org.openqa.selenium.remote.ElementLocation$ElementFinder$2.findElement(ElementLocation.java:165)
	at org.openqa.selenium.remote.ElementLocation.findElement(ElementLocation.java:59)
	at org.openqa.selenium.remote.RemoteWebDriver.findElement(RemoteWebDriver.java:368)
	at org.openqa.selenium.remote.RemoteWebDriver.findElement(RemoteWebDriver.java:362)
	at org.openqa.selenium.support.pagefactory.DefaultElementLocator.findElement(DefaultElementLocator.java:68)
	at org.openqa.selenium.support.pagefactory.internal.LocatingElementHandler.invoke(LocatingElementHandler.java:38)
	at jdk.proxy2/jdk.proxy2.$Proxy14.isDisplayed(Unknown Source)
	at org.openqa.selenium.support.ui.ExpectedConditions.elementIfVisible(ExpectedConditions.java:304)
	at org.openqa.selenium.support.ui.ExpectedConditions$10.apply(ExpectedConditions.java:290)
	at org.openqa.selenium.support.ui.ExpectedConditions$10.apply(ExpectedConditions.java:287)
	at org.openqa.selenium.support.ui.ExpectedConditions$23.apply(ExpectedConditions.java:656)
	at org.openqa.selenium.support.ui.ExpectedConditions$23.apply(ExpectedConditions.java:652)
	at org.openqa.selenium.support.ui.FluentWait.until(FluentWait.java:203)
	... 70 common frames omitted
2025-01-27 09:59:18 [main] INFO  l.insoft.uztis.tests.utils.TestUtils - Screenshot moved to C:\Users\ingrida.zadorozniene\Desktop\Asm\UZTIS\UZTIS_tests\test-output\screenshots\20250127\095918855_testEditAndPublishVuiInvitationDraft().png
2025-01-27 10:01:33 [main] INFO  lt.insoft.uztis.tests.UztisPageTest - Navigated to https://uztisdev.asseco.lt/home
2025-01-27 10:01:33 [main] INFO  l.i.uztis.tests.InvitationsPageTest - Starting test:'testCreateNewVuiInvitationDraft'
2025-01-27 10:01:35 [main] DEBUG l.i.uztis.tests.InvitationsPageTest - User logged in with test credentials
2025-01-27 10:01:35 [main] DEBUG l.i.uztis.tests.InvitationsPageTest - Opened 'Application Processing' menu.
2025-01-27 10:01:35 [main] DEBUG l.i.uztis.tests.InvitationsPageTest - Clicked on 'Application Forms' menu.
2025-01-27 10:01:35 [main] DEBUG l.i.uztis.tests.InvitationsPageTest - Navigating to application forms menu.
2025-01-27 10:01:36 [main] DEBUG l.i.uztis.tests.InvitationsPageTest - Retrieved last description code text: 'TST-VUI-67'.
2025-01-27 10:01:36 [main] DEBUG l.i.uztis.tests.InvitationsPageTest - Clicked on 'Invitation' menu.
2025-01-27 10:01:36 [main] DEBUG l.i.uztis.tests.InvitationsPageTest - Clicked 'Create New Application Form'.
2025-01-27 10:01:37 [main] DEBUG l.i.uztis.tests.InvitationsPageTest - Selected section by code: 'TST-VUI-67'.
2025-01-27 10:01:38 [main] DEBUG l.i.uztis.tests.InvitationsPageTest - Selected invitation number from the list.
2025-01-27 10:01:38 [main] DEBUG l.i.uztis.tests.InvitationsPageTest - Entered current date.
2025-01-27 10:01:39 [main] DEBUG l.i.uztis.tests.InvitationsPageTest - Entered start time: 00:00.
2025-01-27 10:01:39 [main] DEBUG l.i.uztis.tests.InvitationsPageTest - Entered end date.
2025-01-27 10:01:39 [main] DEBUG l.i.uztis.tests.InvitationsPageTest - Entered end time: 11:11.
2025-01-27 10:01:40 [main] DEBUG l.i.uztis.tests.InvitationsPageTest - Draft saved.
2025-01-27 10:01:40 [main] DEBUG l.i.uztis.tests.InvitationsPageTest - Verified success message: 'Duomenys sėkmingai išsaugoti.'
2025-01-27 10:01:40 [main] INFO  l.i.uztis.tests.InvitationsPageTest - Test 'testCreateNewVuiInvitationDraft' completed successfully.
2025-01-27 10:02:16 [main] INFO  lt.insoft.uztis.tests.UztisPageTest - Navigated to https://uztisdev.asseco.lt/home
2025-01-27 10:02:16 [main] INFO  l.i.uztis.tests.InvitationsPageTest - Starting test:'testEditAndPublishVuiInvitationDraft'
2025-01-27 10:02:17 [main] DEBUG l.i.uztis.tests.InvitationsPageTest - User logged in with test credentials
2025-01-27 10:02:17 [main] DEBUG l.i.uztis.tests.InvitationsPageTest - Opened 'Application Processing' menu.
2025-01-27 10:02:17 [main] DEBUG l.i.uztis.tests.InvitationsPageTest - Clicked on 'Application Forms' menu.
2025-01-27 10:02:17 [main] DEBUG l.i.uztis.tests.InvitationsPageTest - Navigating to application forms menu.
2025-01-27 10:02:18 [main] DEBUG l.i.uztis.tests.InvitationsPageTest - Retrieved last description code text: 'TST-VUI-67'.
2025-01-27 10:02:18 [main] DEBUG l.i.uztis.tests.InvitationsPageTest - Clicked on 'Invitation' menu.
2025-01-27 10:02:19 [main] DEBUG l.i.uztis.tests.InvitationsPageTest - Selected section by code: 'TST-VUI-67'.
2025-01-27 10:02:19 [main] DEBUG l.i.uztis.tests.InvitationsPageTest - Clicked 'Search'.
2025-01-27 10:02:19 [main] DEBUG l.i.uztis.tests.InvitationsPageTest - Getting and inserting application code text.
2025-01-27 10:02:19 [main] DEBUG l.i.uztis.tests.InvitationsPageTest - Clicked 'InvitationDraft'.
2025-01-27 10:02:19 [main] DEBUG l.i.uztis.tests.InvitationsPageTest - Clicked 'Edit'.
2025-01-27 10:02:20 [main] DEBUG l.i.uztis.tests.InvitationsPageTest - Entered publication end date.
2025-01-27 10:02:20 [main] DEBUG l.i.uztis.tests.InvitationsPageTest - Added additional values.
2025-01-27 10:02:20 [main] INFO  l.insoft.uztis.pages.InvitationsPage - Located the dropdown button.
2025-01-27 10:02:21 [main] DEBUG l.i.uztis.tests.InvitationsPageTest - Selected the value: 'Didžiausia galima paramos suma aplinkos darbo vietai, Eur'
2025-01-27 10:02:21 [main] INFO  l.insoft.uztis.pages.InvitationsPage - Located the dropdown button.
2025-01-27 10:02:22 [main] DEBUG l.i.uztis.tests.InvitationsPageTest - Selected the value: 'Didžiausia galima paramos suma, Eur'
2025-01-27 10:02:22 [main] INFO  l.insoft.uztis.pages.InvitationsPage - Located the dropdown button.
2025-01-27 10:02:23 [main] DEBUG l.i.uztis.tests.InvitationsPageTest - Selected the value: 'Didžiausia galima paramos suma vienai darbo vietai, Eur'
2025-01-27 10:02:23 [main] DEBUG l.i.uztis.tests.InvitationsPageTest - Entered value: 11000
2025-01-27 10:02:23 [main] DEBUG l.i.uztis.tests.InvitationsPageTest - Entered value: 12000
2025-01-27 10:02:24 [main] DEBUG l.i.uztis.tests.InvitationsPageTest - Entered value: 13000
2025-01-27 10:02:24 [main] DEBUG l.i.uztis.tests.InvitationsPageTest - Checked 'Legal Entities' checkbox.
2025-01-27 10:02:24 [main] DEBUG l.i.uztis.tests.InvitationsPageTest - Unchecked 'Persons Registered with Employment Service' checkbox.
2025-01-27 10:02:24 [main] DEBUG l.i.uztis.tests.InvitationsPageTest - Checked 'Persons Registered as Employers' checkbox.
2025-01-27 10:02:24 [main] DEBUG l.i.uztis.tests.InvitationsPageTest - Entered second evaluation grade: '5'.
2025-01-27 10:02:24 [main] DEBUG l.i.uztis.tests.InvitationsPageTest - Entered third evaluation grade: '6'.
2025-01-27 10:02:24 [main] DEBUG l.i.uztis.tests.InvitationsPageTest - Entered second evaluation grade weight: '0,45'.
2025-01-27 10:02:24 [main] DEBUG l.i.uztis.tests.InvitationsPageTest - Entered third evaluation grade weight: '0,55'.
2025-01-27 10:02:25 [main] DEBUG l.i.uztis.tests.InvitationsPageTest - Entered budget: '2000'.
2025-01-27 10:02:25 [main] DEBUG l.i.uztis.tests.InvitationsPageTest - Entered description text: 'Aprašo tekstas'.
2025-01-27 10:02:25 [main] DEBUG l.i.uztis.tests.InvitationsPageTest - Entered applicants text: 'Pareiškėjų tekstas'.
2025-01-27 10:02:25 [main] DEBUG l.i.uztis.tests.InvitationsPageTest - Entered expenditures text: 'Išlaidų tekstas'.
2025-01-27 10:02:25 [main] DEBUG l.i.uztis.tests.InvitationsPageTest - Entered legislation text: 'Teisės aktų tekstas'.
2025-01-27 10:02:25 [main] DEBUG l.i.uztis.tests.InvitationsPageTest - Entered education text: 'Mokymų tekstas'.
2025-01-27 10:02:25 [main] DEBUG l.i.uztis.tests.InvitationsPageTest - File uploaded.
2025-01-27 10:02:26 [main] DEBUG l.i.uztis.tests.InvitationsPageTest - Clicked 'Publish'.
2025-01-27 10:02:26 [main] DEBUG l.i.uztis.tests.InvitationsPageTest - Publication confirmed.
2025-01-27 10:02:26 [main] DEBUG l.i.uztis.tests.InvitationsPageTest - Verified success message: 'Funkcija sėkmingai atlikta.'
2025-01-27 10:02:26 [main] INFO  l.i.uztis.tests.InvitationsPageTest - Test 'testEditAndPublishVuiInvitationDraft' completed successfully.
2025-01-27 10:51:38 [main] INFO  lt.insoft.uztis.tests.UztisPageTest - Navigated to https://uztisdev.asseco.lt/home
2025-01-27 10:51:38 [main] INFO  l.i.u.t.SubmittedApplicationsPageTest - Starting test:'testGoToSubmitApplication'
2025-01-27 10:51:38 [main] DEBUG l.i.u.t.SubmittedApplicationsPageTest - User logged in with test credentials
2025-01-27 10:51:39 [main] DEBUG l.i.u.t.SubmittedApplicationsPageTest - Opened 'Application Processing' menu.
2025-01-27 10:51:39 [main] DEBUG l.i.u.t.SubmittedApplicationsPageTest - Clicked on 'Application Forms' menu.
2025-01-27 10:51:39 [main] DEBUG l.i.u.t.SubmittedApplicationsPageTest - Retrieved last description code text: 'TST-VUI-67'.
2025-01-27 10:51:39 [main] DEBUG l.i.u.t.SubmittedApplicationsPageTest - Clicked on 'Invitation' menu.
2025-01-27 10:51:40 [main] DEBUG l.i.u.t.SubmittedApplicationsPageTest - Selected application section by code: 'TST-VUI-67'.
2025-01-27 10:51:40 [main] DEBUG l.i.u.t.SubmittedApplicationsPageTest - Clicked 'Search' button.
2025-01-27 10:51:40 [main] DEBUG l.i.u.t.SubmittedApplicationsPageTest - Retrieved invitation code: ''.
2025-01-27 10:51:40 [main] DEBUG l.i.u.t.SubmittedApplicationsPageTest - Clicked on 'Submitted Applications' menu.
2025-01-27 10:51:41 [main] DEBUG l.i.u.t.SubmittedApplicationsPageTest - Selected invitation by code: 'TST-VUI-67'.
2025-01-27 10:51:41 [main] DEBUG l.i.u.t.SubmittedApplicationsPageTest - Clicked on 'Action Application' button.
2025-01-27 10:51:42 [main] DEBUG l.i.u.t.SubmittedApplicationsPageTest - Clicked on 'New Application' button.
2025-01-27 10:51:42 [main] INFO  l.i.u.t.SubmittedApplicationsPageTest - Verified that the 'Next' button is displayed.
2025-01-27 10:51:42 [main] INFO  l.i.u.t.SubmittedApplicationsPageTest - Test 'testGoToSubmitApplication' completed successfully.
2025-01-27 10:55:44 [main] INFO  lt.insoft.uztis.tests.UztisPageTest - Navigated to https://uztisdev.asseco.lt/home
2025-01-27 10:55:44 [main] INFO  l.i.u.t.SubmittedApplicationsPageTest - Starting test:'testFillNewApplication'
2025-01-27 10:55:44 [main] DEBUG l.i.u.t.SubmittedApplicationsPageTest - User logged in with test credentials
2025-01-27 10:55:45 [main] DEBUG l.i.u.t.SubmittedApplicationsPageTest - Opened 'Application Processing' menu.
2025-01-27 10:55:45 [main] DEBUG l.i.u.t.SubmittedApplicationsPageTest - Clicked on 'Application Forms' menu.
2025-01-27 10:55:45 [main] DEBUG l.i.u.t.SubmittedApplicationsPageTest - Retrieved last description code text: 'TST-VUI-67'.
2025-01-27 10:55:45 [main] DEBUG l.i.u.t.SubmittedApplicationsPageTest - Clicked on 'Invitation' menu.
2025-01-27 10:55:47 [main] DEBUG l.i.u.t.SubmittedApplicationsPageTest - Selected application section by code: 'TST-VUI-67'.
2025-01-27 10:55:47 [main] DEBUG l.i.u.t.SubmittedApplicationsPageTest - Clicked 'Search' button.
2025-01-27 10:55:47 [main] DEBUG l.i.u.t.SubmittedApplicationsPageTest - Retrieved invitation code: ''.
2025-01-27 10:55:47 [main] DEBUG l.i.u.t.SubmittedApplicationsPageTest - Clicked on 'Submitted Applications' menu.
2025-01-27 10:55:48 [main] DEBUG l.i.u.t.SubmittedApplicationsPageTest - Selected invitation by code: 'TST-VUI-67'.
2025-01-27 10:55:48 [main] DEBUG l.i.u.t.SubmittedApplicationsPageTest - Clicked on 'Action Application' button.
2025-01-27 10:55:48 [main] DEBUG l.i.u.t.SubmittedApplicationsPageTest - Clicked on 'New Application' button.
2025-01-27 10:55:48 [main] DEBUG l.i.u.t.SubmittedApplicationsPageTest - Clicked on 'RadioButtonFA' button.
2025-01-27 10:55:49 [main] DEBUG l.i.u.t.SubmittedApplicationsPageTest - Entered phone number into the input field.
2025-01-27 10:55:49 [main] DEBUG l.i.u.t.SubmittedApplicationsPageTest - Entered eMail into the input field.
2025-01-27 10:55:49 [main] INFO  l.i.u.p.SubmittedApplicationsPage - Located the dropdown button.
2025-01-27 10:56:08 [main] INFO  l.i.u.p.SubmittedApplicationsPage - Found 1741 options in the dropdown.
2025-01-27 10:56:08 [main] INFO  l.i.u.p.SubmittedApplicationsPage - Successfully selected the value: '01.11 - Grūdinių (išskyrus ryžius), ankštinių ir aliejingų sėklų augalų auginimas'
2025-01-27 10:56:19 [main] ERROR l.i.u.p.SubmittedApplicationsPage - Failed to close the dropdown with aria-expanded = 'false'. Attempting manual close.
2025-01-27 10:56:19 [main] INFO  l.i.u.p.SubmittedApplicationsPage - Manual close attempt for the dropdown using body click.
2025-01-27 10:56:19 [main] DEBUG l.i.u.t.SubmittedApplicationsPageTest - Entered Address into the input field.
2025-01-27 10:56:19 [main] DEBUG l.i.u.t.SubmittedApplicationsPageTest - Entered Address into the input field.
2025-01-27 10:56:20 [main] INFO  l.i.u.p.SubmittedApplicationsPage - Located the dropdown button.
2025-01-27 10:56:21 [main] INFO  l.i.u.p.SubmittedApplicationsPage - Successfully selected the value: 'Administratoriai'
2025-01-27 10:56:31 [main] ERROR l.i.u.p.SubmittedApplicationsPage - Timeout while waiting for dropdown to close with aria-expanded = 'false'.
2025-01-27 10:56:31 [main] DEBUG l.i.u.t.SubmittedApplicationsPageTest - Selected the value: 'Administratoriai'
2025-01-27 10:56:31 [main] INFO  l.i.u.p.SubmittedApplicationsPage - Located the dropdown button.
2025-01-27 10:56:32 [main] INFO  l.i.u.p.SubmittedApplicationsPage - Found 34 options in the dropdown.
2025-01-27 10:56:32 [main] INFO  l.i.u.p.SubmittedApplicationsPage - Successfully selected the value: 'Bedarbiai, kurie yra darbingo amžiaus neįgalieji, kuriems nustatytas iki 25 procentų darbingumo lygis arba sunkus neįgalumo lygis'
2025-01-27 10:56:43 [main] ERROR l.i.u.p.SubmittedApplicationsPage - Failed to close the dropdown with aria-expanded = 'false'. Attempting manual close.
2025-01-27 10:56:44 [main] ERROR l.i.u.p.SubmittedApplicationsPage - Failed to manually close the dropdown: element click intercepted: Element <div class="cdk-overlay-backdrop cdk-overlay-transparent-backdrop cdk-overlay-backdrop-showing"></div> is not clickable at point (960, 506). Other element would receive the click: <mat-option role="option" class="mat-mdc-option mdc-list-item mat-mdc-option-multiple ng-tns-c1073613477-78 ng-star-inserted" id="mat-option-977" aria-selected="false" aria-disabled="false" style="">...</mat-option>
  (Session info: chrome=131.0.6778.265)
Build info: version: '4.27.0', revision: 'd6e718d134'
System info: os.name: 'Windows 11', os.arch: 'amd64', os.version: '10.0', java.version: '21.0.3'
Driver info: org.openqa.selenium.chrome.ChromeDriver
Command: [0790b4583e26cacb703e34f64c41dfe0, clickElement {id=f.DD7034EEB6A07AD1A0F65C60C28F9135.d.38BBD4B7F64A4B26C471D0B81F227EA3.e.2142}]
Capabilities {acceptInsecureCerts: false, browserName: chrome, browserVersion: 131.0.6778.265, chrome: {chromedriverVersion: 131.0.6778.264 (2d05e315153..., userDataDir: C:\Users\INGRID~1.ZAD\AppDa...}, fedcm:accounts: true, goog:chromeOptions: {debuggerAddress: localhost:50246}, networkConnectionEnabled: false, pageLoadStrategy: normal, platformName: windows, proxy: Proxy(), se:cdp: ws://localhost:50246/devtoo..., se:cdpVersion: 131.0.6778.265, setWindowRect: true, strictFileInteractability: false, timeouts: {implicit: 0, pageLoad: 300000, script: 30000}, unhandledPromptBehavior: dismiss and notify, webauthn:extension:credBlob: true, webauthn:extension:largeBlob: true, webauthn:extension:minPinLength: true, webauthn:extension:prf: true, webauthn:virtualAuthenticators: true}
Element: [[ChromeDriver: chrome on windows (0790b4583e26cacb703e34f64c41dfe0)] -> class name: cdk-overlay-backdrop]
Session ID: 0790b4583e26cacb703e34f64c41dfe0
2025-01-27 10:56:44 [main] INFO  l.i.u.t.SubmittedApplicationsPageTest - Test 'testFillNewApplication' completed successfully.
2025-01-27 11:06:45 [main] INFO  lt.insoft.uztis.tests.UztisPageTest - Navigated to https://uztisdev.asseco.lt/home
2025-01-27 11:06:45 [main] INFO  l.i.u.t.SubmittedApplicationsPageTest - Starting test:'testFillNewApplication'
2025-01-27 11:06:45 [main] DEBUG l.i.u.t.SubmittedApplicationsPageTest - User logged in with test credentials
2025-01-27 11:06:46 [main] DEBUG l.i.u.t.SubmittedApplicationsPageTest - Opened 'Application Processing' menu.
2025-01-27 11:06:46 [main] DEBUG l.i.u.t.SubmittedApplicationsPageTest - Clicked on 'Application Forms' menu.
2025-01-27 11:06:46 [main] DEBUG l.i.u.t.SubmittedApplicationsPageTest - Retrieved last description code text: 'TST-VUI-67'.
2025-01-27 11:06:46 [main] DEBUG l.i.u.t.SubmittedApplicationsPageTest - Clicked on 'Invitation' menu.
2025-01-27 11:06:47 [main] DEBUG l.i.u.t.SubmittedApplicationsPageTest - Selected application section by code: 'TST-VUI-67'.
2025-01-27 11:06:47 [main] DEBUG l.i.u.t.SubmittedApplicationsPageTest - Clicked 'Search' button.
2025-01-27 11:06:47 [main] DEBUG l.i.u.t.SubmittedApplicationsPageTest - Retrieved invitation code: ''.
2025-01-27 11:06:47 [main] DEBUG l.i.u.t.SubmittedApplicationsPageTest - Clicked on 'Submitted Applications' menu.
2025-01-27 11:06:48 [main] DEBUG l.i.u.t.SubmittedApplicationsPageTest - Selected invitation by code: 'TST-VUI-67'.
2025-01-27 11:06:48 [main] DEBUG l.i.u.t.SubmittedApplicationsPageTest - Clicked on 'Action Application' button.
2025-01-27 11:06:48 [main] DEBUG l.i.u.t.SubmittedApplicationsPageTest - Clicked on 'New Application' button.
2025-01-27 11:06:49 [main] DEBUG l.i.u.t.SubmittedApplicationsPageTest - Clicked on 'RadioButtonFA' button.
2025-01-27 11:06:49 [main] DEBUG l.i.u.t.SubmittedApplicationsPageTest - Entered phone number into the input field.
2025-01-27 11:06:49 [main] DEBUG l.i.u.t.SubmittedApplicationsPageTest - Entered eMail into the input field.
2025-01-27 11:06:49 [main] INFO  l.i.u.p.SubmittedApplicationsPage - Located the dropdown button.
2025-01-27 11:07:09 [main] INFO  l.i.u.p.SubmittedApplicationsPage - Found 1741 options in the dropdown.
2025-01-27 11:07:09 [main] INFO  l.i.u.p.SubmittedApplicationsPage - Successfully selected the value: '01.11 - Grūdinių (išskyrus ryžius), ankštinių ir aliejingų sėklų augalų auginimas'
2025-01-27 11:07:20 [main] ERROR l.i.u.p.SubmittedApplicationsPage - Failed to close the dropdown with aria-expanded = 'false'. Attempting manual close.
2025-01-27 11:07:20 [main] INFO  l.i.u.p.SubmittedApplicationsPage - Manual close attempt for the dropdown using body click.
2025-01-27 11:07:20 [main] DEBUG l.i.u.t.SubmittedApplicationsPageTest - Entered Address into the input field.
2025-01-27 11:07:20 [main] DEBUG l.i.u.t.SubmittedApplicationsPageTest - Entered Address into the input field.
2025-01-27 11:07:21 [main] INFO  l.i.u.p.SubmittedApplicationsPage - Located the dropdown button.
2025-01-27 11:07:22 [main] INFO  l.i.u.p.SubmittedApplicationsPage - Successfully selected the value: 'Administratoriai'
2025-01-27 11:07:32 [main] ERROR l.i.u.p.SubmittedApplicationsPage - Timeout while waiting for dropdown to close with aria-expanded = 'false'.
2025-01-27 11:07:32 [main] DEBUG l.i.u.t.SubmittedApplicationsPageTest - Selected the value: 'Administratoriai'
2025-01-27 11:07:33 [main] INFO  l.i.u.p.SubmittedApplicationsPage - Located the dropdown button.
2025-01-27 11:07:33 [main] INFO  l.i.u.p.SubmittedApplicationsPage - Found 34 options in the dropdown.
2025-01-27 11:07:34 [main] INFO  l.i.u.p.SubmittedApplicationsPage - Successfully selected the value: 'Bedarbiai, kurie yra darbingo amžiaus neįgalieji, kuriems nustatytas iki 25 procentų darbingumo lygis arba sunkus neįgalumo lygis'
2025-01-27 11:07:44 [main] ERROR l.i.u.p.SubmittedApplicationsPage - Failed to close the dropdown with aria-expanded = 'false'. Attempting manual close.
2025-01-27 11:07:45 [main] ERROR l.i.u.p.SubmittedApplicationsPage - Failed to manually close the dropdown: element click intercepted: Element <div class="cdk-overlay-backdrop cdk-overlay-transparent-backdrop cdk-overlay-backdrop-showing"></div> is not clickable at point (960, 506). Other element would receive the click: <mat-option role="option" class="mat-mdc-option mdc-list-item mat-mdc-option-multiple ng-tns-c1073613477-78 ng-star-inserted" id="mat-option-977" aria-selected="false" aria-disabled="false" style="">...</mat-option>
  (Session info: chrome=131.0.6778.265)
Build info: version: '4.27.0', revision: 'd6e718d134'
System info: os.name: 'Windows 11', os.arch: 'amd64', os.version: '10.0', java.version: '21.0.3'
Driver info: org.openqa.selenium.chrome.ChromeDriver
Command: [9fb1ef2a6d3a95231ad5a8c88845644d, clickElement {id=f.2D74441941D1F1EB2EF47CF05A620F44.d.38D5AC961A832B0110019B71618E5D2E.e.2141}]
Capabilities {acceptInsecureCerts: false, browserName: chrome, browserVersion: 131.0.6778.265, chrome: {chromedriverVersion: 131.0.6778.264 (2d05e315153..., userDataDir: C:\Users\INGRID~1.ZAD\AppDa...}, fedcm:accounts: true, goog:chromeOptions: {debuggerAddress: localhost:50641}, networkConnectionEnabled: false, pageLoadStrategy: normal, platformName: windows, proxy: Proxy(), se:cdp: ws://localhost:50641/devtoo..., se:cdpVersion: 131.0.6778.265, setWindowRect: true, strictFileInteractability: false, timeouts: {implicit: 0, pageLoad: 300000, script: 30000}, unhandledPromptBehavior: dismiss and notify, webauthn:extension:credBlob: true, webauthn:extension:largeBlob: true, webauthn:extension:minPinLength: true, webauthn:extension:prf: true, webauthn:virtualAuthenticators: true}
Element: [[ChromeDriver: chrome on windows (9fb1ef2a6d3a95231ad5a8c88845644d)] -> class name: cdk-overlay-backdrop]
Session ID: 9fb1ef2a6d3a95231ad5a8c88845644d
2025-01-27 11:07:45 [main] INFO  l.i.u.p.SubmittedApplicationsPage - Located the dropdown button.
2025-01-27 11:07:46 [main] ERROR l.i.u.t.SubmittedApplicationsPageTest - Test 'testFillNewApplication' failed with error: element click intercepted: Element <mat-label>...</mat-label> is not clickable at point (419, 159). Other element would receive the click: <div class="cdk-overlay-backdrop cdk-overlay-transparent-backdrop cdk-overlay-backdrop-showing"></div>
  (Session info: chrome=131.0.6778.265)
Build info: version: '4.27.0', revision: 'd6e718d134'
System info: os.name: 'Windows 11', os.arch: 'amd64', os.version: '10.0', java.version: '21.0.3'
Driver info: org.openqa.selenium.chrome.ChromeDriver
Command: [9fb1ef2a6d3a95231ad5a8c88845644d, clickElement {id=f.2D74441941D1F1EB2EF47CF05A620F44.d.38D5AC961A832B0110019B71618E5D2E.e.2059}]
Capabilities {acceptInsecureCerts: false, browserName: chrome, browserVersion: 131.0.6778.265, chrome: {chromedriverVersion: 131.0.6778.264 (2d05e315153..., userDataDir: C:\Users\INGRID~1.ZAD\AppDa...}, fedcm:accounts: true, goog:chromeOptions: {debuggerAddress: localhost:50641}, networkConnectionEnabled: false, pageLoadStrategy: normal, platformName: windows, proxy: Proxy(), se:cdp: ws://localhost:50641/devtoo..., se:cdpVersion: 131.0.6778.265, setWindowRect: true, strictFileInteractability: false, timeouts: {implicit: 0, pageLoad: 300000, script: 30000}, unhandledPromptBehavior: dismiss and notify, webauthn:extension:credBlob: true, webauthn:extension:largeBlob: true, webauthn:extension:minPinLength: true, webauthn:extension:prf: true, webauthn:virtualAuthenticators: true}
Element: [[ChromeDriver: chrome on windows (9fb1ef2a6d3a95231ad5a8c88845644d)] -> xpath: //mat-label[contains(text(), 'Darbo vietos pavadinimas')]]
Session ID: 9fb1ef2a6d3a95231ad5a8c88845644d
org.openqa.selenium.ElementClickInterceptedException: element click intercepted: Element <mat-label>...</mat-label> is not clickable at point (419, 159). Other element would receive the click: <div class="cdk-overlay-backdrop cdk-overlay-transparent-backdrop cdk-overlay-backdrop-showing"></div>
  (Session info: chrome=131.0.6778.265)
Build info: version: '4.27.0', revision: 'd6e718d134'
System info: os.name: 'Windows 11', os.arch: 'amd64', os.version: '10.0', java.version: '21.0.3'
Driver info: org.openqa.selenium.chrome.ChromeDriver
Command: [9fb1ef2a6d3a95231ad5a8c88845644d, clickElement {id=f.2D74441941D1F1EB2EF47CF05A620F44.d.38D5AC961A832B0110019B71618E5D2E.e.2059}]
Capabilities {acceptInsecureCerts: false, browserName: chrome, browserVersion: 131.0.6778.265, chrome: {chromedriverVersion: 131.0.6778.264 (2d05e315153..., userDataDir: C:\Users\INGRID~1.ZAD\AppDa...}, fedcm:accounts: true, goog:chromeOptions: {debuggerAddress: localhost:50641}, networkConnectionEnabled: false, pageLoadStrategy: normal, platformName: windows, proxy: Proxy(), se:cdp: ws://localhost:50641/devtoo..., se:cdpVersion: 131.0.6778.265, setWindowRect: true, strictFileInteractability: false, timeouts: {implicit: 0, pageLoad: 300000, script: 30000}, unhandledPromptBehavior: dismiss and notify, webauthn:extension:credBlob: true, webauthn:extension:largeBlob: true, webauthn:extension:minPinLength: true, webauthn:extension:prf: true, webauthn:virtualAuthenticators: true}
Element: [[ChromeDriver: chrome on windows (9fb1ef2a6d3a95231ad5a8c88845644d)] -> xpath: //mat-label[contains(text(), 'Darbo vietos pavadinimas')]]
Session ID: 9fb1ef2a6d3a95231ad5a8c88845644d
	at java.base/jdk.internal.reflect.DirectConstructorHandleAccessor.newInstance(DirectConstructorHandleAccessor.java:62)
	at java.base/java.lang.reflect.Constructor.newInstanceWithCaller(Constructor.java:502)
	at java.base/java.lang.reflect.Constructor.newInstance(Constructor.java:486)
	at org.openqa.selenium.remote.ErrorCodec.decode(ErrorCodec.java:167)
	at org.openqa.selenium.remote.codec.w3c.W3CHttpResponseCodec.decode(W3CHttpResponseCodec.java:138)
	at org.openqa.selenium.remote.codec.w3c.W3CHttpResponseCodec.decode(W3CHttpResponseCodec.java:50)
	at org.openqa.selenium.remote.HttpCommandExecutor.execute(HttpCommandExecutor.java:190)
	at org.openqa.selenium.remote.service.DriverCommandExecutor.invokeExecute(DriverCommandExecutor.java:216)
	at org.openqa.selenium.remote.service.DriverCommandExecutor.execute(DriverCommandExecutor.java:174)
	at org.openqa.selenium.remote.RemoteWebDriver.execute(RemoteWebDriver.java:545)
	at org.openqa.selenium.remote.RemoteWebElement.execute(RemoteWebElement.java:223)
	at org.openqa.selenium.remote.RemoteWebElement.click(RemoteWebElement.java:76)
	at java.base/jdk.internal.reflect.DirectMethodHandleAccessor.invoke(DirectMethodHandleAccessor.java:103)
	at java.base/java.lang.reflect.Method.invoke(Method.java:580)
	at org.openqa.selenium.support.pagefactory.internal.LocatingElementHandler.invoke(LocatingElementHandler.java:51)
	at jdk.proxy2/jdk.proxy2.$Proxy14.click(Unknown Source)
	at lt.insoft.uztis.pages.SubmittedApplicationsPage.selectDropdownJobName(SubmittedApplicationsPage.java:259)
	at lt.insoft.uztis.tests.SubmittedApplicationsPageTest.testFillNewApplication(SubmittedApplicationsPageTest.java:187)
	at java.base/jdk.internal.reflect.DirectMethodHandleAccessor.invoke(DirectMethodHandleAccessor.java:103)
	at java.base/java.lang.reflect.Method.invoke(Method.java:580)
	at org.junit.platform.commons.util.ReflectionUtils.invokeMethod(ReflectionUtils.java:728)
	at org.junit.jupiter.engine.execution.MethodInvocation.proceed(MethodInvocation.java:60)
	at org.junit.jupiter.engine.execution.InvocationInterceptorChain$ValidatingInvocation.proceed(InvocationInterceptorChain.java:131)
	at org.junit.jupiter.engine.extension.TimeoutExtension.intercept(TimeoutExtension.java:156)
	at org.junit.jupiter.engine.extension.TimeoutExtension.interceptTestableMethod(TimeoutExtension.java:147)
	at org.junit.jupiter.engine.extension.TimeoutExtension.interceptTestMethod(TimeoutExtension.java:86)
	at org.junit.jupiter.engine.execution.InterceptingExecutableInvoker$ReflectiveInterceptorCall.lambda$ofVoidMethod$0(InterceptingExecutableInvoker.java:103)
	at org.junit.jupiter.engine.execution.InterceptingExecutableInvoker.lambda$invoke$0(InterceptingExecutableInvoker.java:93)
	at org.junit.jupiter.engine.execution.InvocationInterceptorChain$InterceptedInvocation.proceed(InvocationInterceptorChain.java:106)
	at org.junit.jupiter.engine.execution.InvocationInterceptorChain.proceed(InvocationInterceptorChain.java:64)
	at org.junit.jupiter.engine.execution.InvocationInterceptorChain.chainAndInvoke(InvocationInterceptorChain.java:45)
	at org.junit.jupiter.engine.execution.InvocationInterceptorChain.invoke(InvocationInterceptorChain.java:37)
	at org.junit.jupiter.engine.execution.InterceptingExecutableInvoker.invoke(InterceptingExecutableInvoker.java:92)
	at org.junit.jupiter.engine.execution.InterceptingExecutableInvoker.invoke(InterceptingExecutableInvoker.java:86)
	at org.junit.jupiter.engine.descriptor.TestMethodTestDescriptor.lambda$invokeTestMethod$7(TestMethodTestDescriptor.java:218)
	at org.junit.platform.engine.support.hierarchical.ThrowableCollector.execute(ThrowableCollector.java:73)
	at org.junit.jupiter.engine.descriptor.TestMethodTestDescriptor.invokeTestMethod(TestMethodTestDescriptor.java:214)
	at org.junit.jupiter.engine.descriptor.TestMethodTestDescriptor.execute(TestMethodTestDescriptor.java:139)
	at org.junit.jupiter.engine.descriptor.TestMethodTestDescriptor.execute(TestMethodTestDescriptor.java:69)
	at org.junit.platform.engine.support.hierarchical.NodeTestTask.lambda$executeRecursively$6(NodeTestTask.java:151)
	at org.junit.platform.engine.support.hierarchical.ThrowableCollector.execute(ThrowableCollector.java:73)
	at org.junit.platform.engine.support.hierarchical.NodeTestTask.lambda$executeRecursively$8(NodeTestTask.java:141)
	at org.junit.platform.engine.support.hierarchical.Node.around(Node.java:137)
	at org.junit.platform.engine.support.hierarchical.NodeTestTask.lambda$executeRecursively$9(NodeTestTask.java:139)
	at org.junit.platform.engine.support.hierarchical.ThrowableCollector.execute(ThrowableCollector.java:73)
	at org.junit.platform.engine.support.hierarchical.NodeTestTask.executeRecursively(NodeTestTask.java:138)
	at org.junit.platform.engine.support.hierarchical.NodeTestTask.execute(NodeTestTask.java:95)
	at java.base/java.util.ArrayList.forEach(ArrayList.java:1596)
	at org.junit.platform.engine.support.hierarchical.SameThreadHierarchicalTestExecutorService.invokeAll(SameThreadHierarchicalTestExecutorService.java:41)
	at org.junit.platform.engine.support.hierarchical.NodeTestTask.lambda$executeRecursively$6(NodeTestTask.java:155)
	at org.junit.platform.engine.support.hierarchical.ThrowableCollector.execute(ThrowableCollector.java:73)
	at org.junit.platform.engine.support.hierarchical.NodeTestTask.lambda$executeRecursively$8(NodeTestTask.java:141)
	at org.junit.platform.engine.support.hierarchical.Node.around(Node.java:137)
	at org.junit.platform.engine.support.hierarchical.NodeTestTask.lambda$executeRecursively$9(NodeTestTask.java:139)
	at org.junit.platform.engine.support.hierarchical.ThrowableCollector.execute(ThrowableCollector.java:73)
	at org.junit.platform.engine.support.hierarchical.NodeTestTask.executeRecursively(NodeTestTask.java:138)
	at org.junit.platform.engine.support.hierarchical.NodeTestTask.execute(NodeTestTask.java:95)
	at java.base/java.util.ArrayList.forEach(ArrayList.java:1596)
	at org.junit.platform.engine.support.hierarchical.SameThreadHierarchicalTestExecutorService.invokeAll(SameThreadHierarchicalTestExecutorService.java:41)
	at org.junit.platform.engine.support.hierarchical.NodeTestTask.lambda$executeRecursively$6(NodeTestTask.java:155)
	at org.junit.platform.engine.support.hierarchical.ThrowableCollector.execute(ThrowableCollector.java:73)
	at org.junit.platform.engine.support.hierarchical.NodeTestTask.lambda$executeRecursively$8(NodeTestTask.java:141)
	at org.junit.platform.engine.support.hierarchical.Node.around(Node.java:137)
	at org.junit.platform.engine.support.hierarchical.NodeTestTask.lambda$executeRecursively$9(NodeTestTask.java:139)
	at org.junit.platform.engine.support.hierarchical.ThrowableCollector.execute(ThrowableCollector.java:73)
	at org.junit.platform.engine.support.hierarchical.NodeTestTask.executeRecursively(NodeTestTask.java:138)
	at org.junit.platform.engine.support.hierarchical.NodeTestTask.execute(NodeTestTask.java:95)
	at org.junit.platform.engine.support.hierarchical.SameThreadHierarchicalTestExecutorService.submit(SameThreadHierarchicalTestExecutorService.java:35)
	at org.junit.platform.engine.support.hierarchical.HierarchicalTestExecutor.execute(HierarchicalTestExecutor.java:57)
	at org.junit.platform.engine.support.hierarchical.HierarchicalTestEngine.execute(HierarchicalTestEngine.java:54)
	at org.junit.platform.launcher.core.EngineExecutionOrchestrator.execute(EngineExecutionOrchestrator.java:198)
	at org.junit.platform.launcher.core.EngineExecutionOrchestrator.execute(EngineExecutionOrchestrator.java:169)
	at org.junit.platform.launcher.core.EngineExecutionOrchestrator.execute(EngineExecutionOrchestrator.java:93)
	at org.junit.platform.launcher.core.EngineExecutionOrchestrator.lambda$execute$0(EngineExecutionOrchestrator.java:58)
	at org.junit.platform.launcher.core.EngineExecutionOrchestrator.withInterceptedStreams(EngineExecutionOrchestrator.java:141)
	at org.junit.platform.launcher.core.EngineExecutionOrchestrator.execute(EngineExecutionOrchestrator.java:57)
	at org.junit.platform.launcher.core.DefaultLauncher.execute(DefaultLauncher.java:103)
	at org.junit.platform.launcher.core.DefaultLauncher.execute(DefaultLauncher.java:85)
	at org.junit.platform.launcher.core.DelegatingLauncher.execute(DelegatingLauncher.java:47)
	at org.junit.platform.launcher.core.SessionPerRequestLauncher.execute(SessionPerRequestLauncher.java:63)
	at com.intellij.junit5.JUnit5IdeaTestRunner.startRunnerWithArgs(JUnit5IdeaTestRunner.java:57)
	at com.intellij.rt.junit.IdeaTestRunner$Repeater$1.execute(IdeaTestRunner.java:38)
	at com.intellij.rt.execution.junit.TestsRepeater.repeat(TestsRepeater.java:11)
	at com.intellij.rt.junit.IdeaTestRunner$Repeater.startRunnerWithArgs(IdeaTestRunner.java:35)
	at com.intellij.rt.junit.JUnitStarter.prepareStreamsAndStart(JUnitStarter.java:232)
	at com.intellij.rt.junit.JUnitStarter.main(JUnitStarter.java:55)
2025-01-27 11:07:46 [main] INFO  l.insoft.uztis.tests.utils.TestUtils - Screenshot moved to C:\Users\ingrida.zadorozniene\Desktop\Asm\UZTIS\UZTIS_tests\test-output\screenshots\20250127\110746921_testFillNewApplication().png
2025-01-27 11:10:07 [main] INFO  lt.insoft.uztis.tests.UztisPageTest - Navigated to https://uztisdev.asseco.lt/home
2025-01-27 11:10:07 [main] INFO  l.i.u.t.SubmittedApplicationsPageTest - Starting test:'testFillNewApplication'
2025-01-27 11:10:07 [main] DEBUG l.i.u.t.SubmittedApplicationsPageTest - User logged in with test credentials
2025-01-27 11:10:08 [main] DEBUG l.i.u.t.SubmittedApplicationsPageTest - Opened 'Application Processing' menu.
2025-01-27 11:10:08 [main] DEBUG l.i.u.t.SubmittedApplicationsPageTest - Clicked on 'Application Forms' menu.
2025-01-27 11:10:08 [main] DEBUG l.i.u.t.SubmittedApplicationsPageTest - Retrieved last description code text: 'TST-VUI-67'.
2025-01-27 11:10:08 [main] DEBUG l.i.u.t.SubmittedApplicationsPageTest - Clicked on 'Invitation' menu.
2025-01-27 11:10:09 [main] DEBUG l.i.u.t.SubmittedApplicationsPageTest - Selected application section by code: 'TST-VUI-67'.
2025-01-27 11:10:09 [main] DEBUG l.i.u.t.SubmittedApplicationsPageTest - Clicked 'Search' button.
2025-01-27 11:10:09 [main] DEBUG l.i.u.t.SubmittedApplicationsPageTest - Retrieved invitation code: ''.
2025-01-27 11:10:09 [main] DEBUG l.i.u.t.SubmittedApplicationsPageTest - Clicked on 'Submitted Applications' menu.
2025-01-27 11:10:10 [main] DEBUG l.i.u.t.SubmittedApplicationsPageTest - Selected invitation by code: 'TST-VUI-67'.
2025-01-27 11:10:10 [main] DEBUG l.i.u.t.SubmittedApplicationsPageTest - Clicked on 'Action Application' button.
2025-01-27 11:10:10 [main] DEBUG l.i.u.t.SubmittedApplicationsPageTest - Clicked on 'New Application' button.
2025-01-27 11:10:11 [main] DEBUG l.i.u.t.SubmittedApplicationsPageTest - Clicked on 'RadioButtonFA' button.
2025-01-27 11:10:11 [main] DEBUG l.i.u.t.SubmittedApplicationsPageTest - Entered phone number into the input field.
2025-01-27 11:10:11 [main] DEBUG l.i.u.t.SubmittedApplicationsPageTest - Entered eMail into the input field.
2025-01-27 11:10:11 [main] INFO  l.i.u.p.SubmittedApplicationsPage - Located the dropdown button.
2025-01-27 11:10:31 [main] INFO  l.i.u.p.SubmittedApplicationsPage - Found 1741 options in the dropdown.
2025-01-27 11:10:31 [main] INFO  l.i.u.p.SubmittedApplicationsPage - Successfully selected the value: '01.11 - Grūdinių (išskyrus ryžius), ankštinių ir aliejingų sėklų augalų auginimas'
2025-01-27 11:10:41 [main] ERROR l.i.u.p.SubmittedApplicationsPage - Failed to close the dropdown with aria-expanded = 'false'. Attempting manual close.
2025-01-27 11:10:41 [main] INFO  l.i.u.p.SubmittedApplicationsPage - Manual close attempt for the dropdown using body click.
2025-01-27 11:10:42 [main] DEBUG l.i.u.t.SubmittedApplicationsPageTest - Entered Address into the input field.
2025-01-27 11:10:42 [main] DEBUG l.i.u.t.SubmittedApplicationsPageTest - Entered Address into the input field.
2025-01-27 11:10:42 [main] INFO  l.i.u.p.SubmittedApplicationsPage - Located the dropdown button.
2025-01-27 11:10:44 [main] INFO  l.i.u.p.SubmittedApplicationsPage - Successfully selected the value: 'Administratoriai'
2025-01-27 11:10:54 [main] ERROR l.i.u.p.SubmittedApplicationsPage - Timeout while waiting for dropdown to close with aria-expanded = 'false'.
2025-01-27 11:10:54 [main] DEBUG l.i.u.t.SubmittedApplicationsPageTest - Selected the value: 'Administratoriai'
2025-01-27 11:10:54 [main] INFO  l.i.u.p.SubmittedApplicationsPage - Located the dropdown button.
2025-01-27 11:10:55 [main] INFO  l.i.u.p.SubmittedApplicationsPage - Found 34 options in the dropdown.
2025-01-27 11:10:55 [main] INFO  l.i.u.p.SubmittedApplicationsPage - Successfully selected the value: 'Bedarbiai, kurie yra darbingo amžiaus neįgalieji, kuriems nustatytas iki 25 procentų darbingumo lygis arba sunkus neįgalumo lygis'
2025-01-27 11:11:06 [main] ERROR l.i.u.p.SubmittedApplicationsPage - Failed to close the dropdown with aria-expanded = 'false'. Attempting manual close.
2025-01-27 11:11:07 [main] ERROR l.i.u.p.SubmittedApplicationsPage - Failed to manually close the dropdown: element click intercepted: Element <div class="cdk-overlay-backdrop cdk-overlay-transparent-backdrop cdk-overlay-backdrop-showing"></div> is not clickable at point (960, 506). Other element would receive the click: <mat-option role="option" class="mat-mdc-option mdc-list-item mat-mdc-option-multiple ng-tns-c1073613477-78 ng-star-inserted" id="mat-option-977" aria-selected="false" aria-disabled="false" style="">...</mat-option>
  (Session info: chrome=131.0.6778.265)
Build info: version: '4.27.0', revision: 'd6e718d134'
System info: os.name: 'Windows 11', os.arch: 'amd64', os.version: '10.0', java.version: '21.0.3'
Driver info: org.openqa.selenium.chrome.ChromeDriver
Command: [7b32cbefca6bc89d30cdc5ad98841c94, clickElement {id=f.3F5B0C48D6DB1C3D7170E33831EAD342.d.1A77E0114AF391C59459217E52BFA322.e.2144}]
Capabilities {acceptInsecureCerts: false, browserName: chrome, browserVersion: 131.0.6778.265, chrome: {chromedriverVersion: 131.0.6778.264 (2d05e315153..., userDataDir: C:\Users\INGRID~1.ZAD\AppDa...}, fedcm:accounts: true, goog:chromeOptions: {debuggerAddress: localhost:50792}, networkConnectionEnabled: false, pageLoadStrategy: normal, platformName: windows, proxy: Proxy(), se:cdp: ws://localhost:50792/devtoo..., se:cdpVersion: 131.0.6778.265, setWindowRect: true, strictFileInteractability: false, timeouts: {implicit: 0, pageLoad: 300000, script: 30000}, unhandledPromptBehavior: dismiss and notify, webauthn:extension:credBlob: true, webauthn:extension:largeBlob: true, webauthn:extension:minPinLength: true, webauthn:extension:prf: true, webauthn:virtualAuthenticators: true}
Element: [[ChromeDriver: chrome on windows (7b32cbefca6bc89d30cdc5ad98841c94)] -> xpath: //div[contains(@class, 'cdk-overlay-backdrop') and contains(@class, 'cdk-overlay-backdrop-showing')]]
Session ID: 7b32cbefca6bc89d30cdc5ad98841c94
2025-01-27 11:11:07 [main] INFO  l.i.u.p.SubmittedApplicationsPage - Located the dropdown button.
2025-01-27 11:11:08 [main] ERROR l.i.u.t.SubmittedApplicationsPageTest - Test 'testFillNewApplication' failed with error: element click intercepted: Element <mat-label>...</mat-label> is not clickable at point (419, 159). Other element would receive the click: <div class="cdk-overlay-backdrop cdk-overlay-transparent-backdrop cdk-overlay-backdrop-showing"></div>
  (Session info: chrome=131.0.6778.265)
Build info: version: '4.27.0', revision: 'd6e718d134'
System info: os.name: 'Windows 11', os.arch: 'amd64', os.version: '10.0', java.version: '21.0.3'
Driver info: org.openqa.selenium.chrome.ChromeDriver
Command: [7b32cbefca6bc89d30cdc5ad98841c94, clickElement {id=f.3F5B0C48D6DB1C3D7170E33831EAD342.d.1A77E0114AF391C59459217E52BFA322.e.2057}]
Capabilities {acceptInsecureCerts: false, browserName: chrome, browserVersion: 131.0.6778.265, chrome: {chromedriverVersion: 131.0.6778.264 (2d05e315153..., userDataDir: C:\Users\INGRID~1.ZAD\AppDa...}, fedcm:accounts: true, goog:chromeOptions: {debuggerAddress: localhost:50792}, networkConnectionEnabled: false, pageLoadStrategy: normal, platformName: windows, proxy: Proxy(), se:cdp: ws://localhost:50792/devtoo..., se:cdpVersion: 131.0.6778.265, setWindowRect: true, strictFileInteractability: false, timeouts: {implicit: 0, pageLoad: 300000, script: 30000}, unhandledPromptBehavior: dismiss and notify, webauthn:extension:credBlob: true, webauthn:extension:largeBlob: true, webauthn:extension:minPinLength: true, webauthn:extension:prf: true, webauthn:virtualAuthenticators: true}
Element: [[ChromeDriver: chrome on windows (7b32cbefca6bc89d30cdc5ad98841c94)] -> xpath: //mat-label[contains(text(), 'Darbo vietos pavadinimas')]]
Session ID: 7b32cbefca6bc89d30cdc5ad98841c94
org.openqa.selenium.ElementClickInterceptedException: element click intercepted: Element <mat-label>...</mat-label> is not clickable at point (419, 159). Other element would receive the click: <div class="cdk-overlay-backdrop cdk-overlay-transparent-backdrop cdk-overlay-backdrop-showing"></div>
  (Session info: chrome=131.0.6778.265)
Build info: version: '4.27.0', revision: 'd6e718d134'
System info: os.name: 'Windows 11', os.arch: 'amd64', os.version: '10.0', java.version: '21.0.3'
Driver info: org.openqa.selenium.chrome.ChromeDriver
Command: [7b32cbefca6bc89d30cdc5ad98841c94, clickElement {id=f.3F5B0C48D6DB1C3D7170E33831EAD342.d.1A77E0114AF391C59459217E52BFA322.e.2057}]
Capabilities {acceptInsecureCerts: false, browserName: chrome, browserVersion: 131.0.6778.265, chrome: {chromedriverVersion: 131.0.6778.264 (2d05e315153..., userDataDir: C:\Users\INGRID~1.ZAD\AppDa...}, fedcm:accounts: true, goog:chromeOptions: {debuggerAddress: localhost:50792}, networkConnectionEnabled: false, pageLoadStrategy: normal, platformName: windows, proxy: Proxy(), se:cdp: ws://localhost:50792/devtoo..., se:cdpVersion: 131.0.6778.265, setWindowRect: true, strictFileInteractability: false, timeouts: {implicit: 0, pageLoad: 300000, script: 30000}, unhandledPromptBehavior: dismiss and notify, webauthn:extension:credBlob: true, webauthn:extension:largeBlob: true, webauthn:extension:minPinLength: true, webauthn:extension:prf: true, webauthn:virtualAuthenticators: true}
Element: [[ChromeDriver: chrome on windows (7b32cbefca6bc89d30cdc5ad98841c94)] -> xpath: //mat-label[contains(text(), 'Darbo vietos pavadinimas')]]
Session ID: 7b32cbefca6bc89d30cdc5ad98841c94
	at java.base/jdk.internal.reflect.DirectConstructorHandleAccessor.newInstance(DirectConstructorHandleAccessor.java:62)
	at java.base/java.lang.reflect.Constructor.newInstanceWithCaller(Constructor.java:502)
	at java.base/java.lang.reflect.Constructor.newInstance(Constructor.java:486)
	at org.openqa.selenium.remote.ErrorCodec.decode(ErrorCodec.java:167)
	at org.openqa.selenium.remote.codec.w3c.W3CHttpResponseCodec.decode(W3CHttpResponseCodec.java:138)
	at org.openqa.selenium.remote.codec.w3c.W3CHttpResponseCodec.decode(W3CHttpResponseCodec.java:50)
	at org.openqa.selenium.remote.HttpCommandExecutor.execute(HttpCommandExecutor.java:190)
	at org.openqa.selenium.remote.service.DriverCommandExecutor.invokeExecute(DriverCommandExecutor.java:216)
	at org.openqa.selenium.remote.service.DriverCommandExecutor.execute(DriverCommandExecutor.java:174)
	at org.openqa.selenium.remote.RemoteWebDriver.execute(RemoteWebDriver.java:545)
	at org.openqa.selenium.remote.RemoteWebElement.execute(RemoteWebElement.java:223)
	at org.openqa.selenium.remote.RemoteWebElement.click(RemoteWebElement.java:76)
	at java.base/jdk.internal.reflect.DirectMethodHandleAccessor.invoke(DirectMethodHandleAccessor.java:103)
	at java.base/java.lang.reflect.Method.invoke(Method.java:580)
	at org.openqa.selenium.support.pagefactory.internal.LocatingElementHandler.invoke(LocatingElementHandler.java:51)
	at jdk.proxy2/jdk.proxy2.$Proxy14.click(Unknown Source)
	at lt.insoft.uztis.pages.SubmittedApplicationsPage.selectDropdownJobName(SubmittedApplicationsPage.java:259)
	at lt.insoft.uztis.tests.SubmittedApplicationsPageTest.testFillNewApplication(SubmittedApplicationsPageTest.java:187)
	at java.base/jdk.internal.reflect.DirectMethodHandleAccessor.invoke(DirectMethodHandleAccessor.java:103)
	at java.base/java.lang.reflect.Method.invoke(Method.java:580)
	at org.junit.platform.commons.util.ReflectionUtils.invokeMethod(ReflectionUtils.java:728)
	at org.junit.jupiter.engine.execution.MethodInvocation.proceed(MethodInvocation.java:60)
	at org.junit.jupiter.engine.execution.InvocationInterceptorChain$ValidatingInvocation.proceed(InvocationInterceptorChain.java:131)
	at org.junit.jupiter.engine.extension.TimeoutExtension.intercept(TimeoutExtension.java:156)
	at org.junit.jupiter.engine.extension.TimeoutExtension.interceptTestableMethod(TimeoutExtension.java:147)
	at org.junit.jupiter.engine.extension.TimeoutExtension.interceptTestMethod(TimeoutExtension.java:86)
	at org.junit.jupiter.engine.execution.InterceptingExecutableInvoker$ReflectiveInterceptorCall.lambda$ofVoidMethod$0(InterceptingExecutableInvoker.java:103)
	at org.junit.jupiter.engine.execution.InterceptingExecutableInvoker.lambda$invoke$0(InterceptingExecutableInvoker.java:93)
	at org.junit.jupiter.engine.execution.InvocationInterceptorChain$InterceptedInvocation.proceed(InvocationInterceptorChain.java:106)
	at org.junit.jupiter.engine.execution.InvocationInterceptorChain.proceed(InvocationInterceptorChain.java:64)
	at org.junit.jupiter.engine.execution.InvocationInterceptorChain.chainAndInvoke(InvocationInterceptorChain.java:45)
	at org.junit.jupiter.engine.execution.InvocationInterceptorChain.invoke(InvocationInterceptorChain.java:37)
	at org.junit.jupiter.engine.execution.InterceptingExecutableInvoker.invoke(InterceptingExecutableInvoker.java:92)
	at org.junit.jupiter.engine.execution.InterceptingExecutableInvoker.invoke(InterceptingExecutableInvoker.java:86)
	at org.junit.jupiter.engine.descriptor.TestMethodTestDescriptor.lambda$invokeTestMethod$7(TestMethodTestDescriptor.java:218)
	at org.junit.platform.engine.support.hierarchical.ThrowableCollector.execute(ThrowableCollector.java:73)
	at org.junit.jupiter.engine.descriptor.TestMethodTestDescriptor.invokeTestMethod(TestMethodTestDescriptor.java:214)
	at org.junit.jupiter.engine.descriptor.TestMethodTestDescriptor.execute(TestMethodTestDescriptor.java:139)
	at org.junit.jupiter.engine.descriptor.TestMethodTestDescriptor.execute(TestMethodTestDescriptor.java:69)
	at org.junit.platform.engine.support.hierarchical.NodeTestTask.lambda$executeRecursively$6(NodeTestTask.java:151)
	at org.junit.platform.engine.support.hierarchical.ThrowableCollector.execute(ThrowableCollector.java:73)
	at org.junit.platform.engine.support.hierarchical.NodeTestTask.lambda$executeRecursively$8(NodeTestTask.java:141)
	at org.junit.platform.engine.support.hierarchical.Node.around(Node.java:137)
	at org.junit.platform.engine.support.hierarchical.NodeTestTask.lambda$executeRecursively$9(NodeTestTask.java:139)
	at org.junit.platform.engine.support.hierarchical.ThrowableCollector.execute(ThrowableCollector.java:73)
	at org.junit.platform.engine.support.hierarchical.NodeTestTask.executeRecursively(NodeTestTask.java:138)
	at org.junit.platform.engine.support.hierarchical.NodeTestTask.execute(NodeTestTask.java:95)
	at java.base/java.util.ArrayList.forEach(ArrayList.java:1596)
	at org.junit.platform.engine.support.hierarchical.SameThreadHierarchicalTestExecutorService.invokeAll(SameThreadHierarchicalTestExecutorService.java:41)
	at org.junit.platform.engine.support.hierarchical.NodeTestTask.lambda$executeRecursively$6(NodeTestTask.java:155)
	at org.junit.platform.engine.support.hierarchical.ThrowableCollector.execute(ThrowableCollector.java:73)
	at org.junit.platform.engine.support.hierarchical.NodeTestTask.lambda$executeRecursively$8(NodeTestTask.java:141)
	at org.junit.platform.engine.support.hierarchical.Node.around(Node.java:137)
	at org.junit.platform.engine.support.hierarchical.NodeTestTask.lambda$executeRecursively$9(NodeTestTask.java:139)
	at org.junit.platform.engine.support.hierarchical.ThrowableCollector.execute(ThrowableCollector.java:73)
	at org.junit.platform.engine.support.hierarchical.NodeTestTask.executeRecursively(NodeTestTask.java:138)
	at org.junit.platform.engine.support.hierarchical.NodeTestTask.execute(NodeTestTask.java:95)
	at java.base/java.util.ArrayList.forEach(ArrayList.java:1596)
	at org.junit.platform.engine.support.hierarchical.SameThreadHierarchicalTestExecutorService.invokeAll(SameThreadHierarchicalTestExecutorService.java:41)
	at org.junit.platform.engine.support.hierarchical.NodeTestTask.lambda$executeRecursively$6(NodeTestTask.java:155)
	at org.junit.platform.engine.support.hierarchical.ThrowableCollector.execute(ThrowableCollector.java:73)
	at org.junit.platform.engine.support.hierarchical.NodeTestTask.lambda$executeRecursively$8(NodeTestTask.java:141)
	at org.junit.platform.engine.support.hierarchical.Node.around(Node.java:137)
	at org.junit.platform.engine.support.hierarchical.NodeTestTask.lambda$executeRecursively$9(NodeTestTask.java:139)
	at org.junit.platform.engine.support.hierarchical.ThrowableCollector.execute(ThrowableCollector.java:73)
	at org.junit.platform.engine.support.hierarchical.NodeTestTask.executeRecursively(NodeTestTask.java:138)
	at org.junit.platform.engine.support.hierarchical.NodeTestTask.execute(NodeTestTask.java:95)
	at org.junit.platform.engine.support.hierarchical.SameThreadHierarchicalTestExecutorService.submit(SameThreadHierarchicalTestExecutorService.java:35)
	at org.junit.platform.engine.support.hierarchical.HierarchicalTestExecutor.execute(HierarchicalTestExecutor.java:57)
	at org.junit.platform.engine.support.hierarchical.HierarchicalTestEngine.execute(HierarchicalTestEngine.java:54)
	at org.junit.platform.launcher.core.EngineExecutionOrchestrator.execute(EngineExecutionOrchestrator.java:198)
	at org.junit.platform.launcher.core.EngineExecutionOrchestrator.execute(EngineExecutionOrchestrator.java:169)
	at org.junit.platform.launcher.core.EngineExecutionOrchestrator.execute(EngineExecutionOrchestrator.java:93)
	at org.junit.platform.launcher.core.EngineExecutionOrchestrator.lambda$execute$0(EngineExecutionOrchestrator.java:58)
	at org.junit.platform.launcher.core.EngineExecutionOrchestrator.withInterceptedStreams(EngineExecutionOrchestrator.java:141)
	at org.junit.platform.launcher.core.EngineExecutionOrchestrator.execute(EngineExecutionOrchestrator.java:57)
	at org.junit.platform.launcher.core.DefaultLauncher.execute(DefaultLauncher.java:103)
	at org.junit.platform.launcher.core.DefaultLauncher.execute(DefaultLauncher.java:85)
	at org.junit.platform.launcher.core.DelegatingLauncher.execute(DelegatingLauncher.java:47)
	at org.junit.platform.launcher.core.SessionPerRequestLauncher.execute(SessionPerRequestLauncher.java:63)
	at com.intellij.junit5.JUnit5IdeaTestRunner.startRunnerWithArgs(JUnit5IdeaTestRunner.java:57)
	at com.intellij.rt.junit.IdeaTestRunner$Repeater$1.execute(IdeaTestRunner.java:38)
	at com.intellij.rt.execution.junit.TestsRepeater.repeat(TestsRepeater.java:11)
	at com.intellij.rt.junit.IdeaTestRunner$Repeater.startRunnerWithArgs(IdeaTestRunner.java:35)
	at com.intellij.rt.junit.JUnitStarter.prepareStreamsAndStart(JUnitStarter.java:232)
	at com.intellij.rt.junit.JUnitStarter.main(JUnitStarter.java:55)
2025-01-27 11:11:08 [main] INFO  l.insoft.uztis.tests.utils.TestUtils - Screenshot moved to C:\Users\ingrida.zadorozniene\Desktop\Asm\UZTIS\UZTIS_tests\test-output\screenshots\20250127\111108504_testFillNewApplication().png
2025-01-27 11:20:05 [main] INFO  lt.insoft.uztis.tests.UztisPageTest - Navigated to https://uztisdev.asseco.lt/home
2025-01-27 11:20:05 [main] INFO  l.i.u.t.SubmittedApplicationsPageTest - Starting test:'testFillNewApplication'
2025-01-27 11:20:06 [main] DEBUG l.i.u.t.SubmittedApplicationsPageTest - User logged in with test credentials
2025-01-27 11:20:06 [main] DEBUG l.i.u.t.SubmittedApplicationsPageTest - Opened 'Application Processing' menu.
2025-01-27 11:20:06 [main] DEBUG l.i.u.t.SubmittedApplicationsPageTest - Clicked on 'Application Forms' menu.
2025-01-27 11:20:07 [main] DEBUG l.i.u.t.SubmittedApplicationsPageTest - Retrieved last description code text: 'TST-VUI-67'.
2025-01-27 11:20:07 [main] DEBUG l.i.u.t.SubmittedApplicationsPageTest - Clicked on 'Invitation' menu.
2025-01-27 11:20:08 [main] DEBUG l.i.u.t.SubmittedApplicationsPageTest - Selected application section by code: 'TST-VUI-67'.
2025-01-27 11:20:08 [main] DEBUG l.i.u.t.SubmittedApplicationsPageTest - Clicked 'Search' button.
2025-01-27 11:20:08 [main] DEBUG l.i.u.t.SubmittedApplicationsPageTest - Retrieved invitation code: ''.
2025-01-27 11:20:08 [main] DEBUG l.i.u.t.SubmittedApplicationsPageTest - Clicked on 'Submitted Applications' menu.
2025-01-27 11:20:09 [main] DEBUG l.i.u.t.SubmittedApplicationsPageTest - Selected invitation by code: 'TST-VUI-67'.
2025-01-27 11:20:09 [main] DEBUG l.i.u.t.SubmittedApplicationsPageTest - Clicked on 'Action Application' button.
2025-01-27 11:20:09 [main] DEBUG l.i.u.t.SubmittedApplicationsPageTest - Clicked on 'New Application' button.
2025-01-27 11:20:10 [main] DEBUG l.i.u.t.SubmittedApplicationsPageTest - Clicked on 'RadioButtonFA' button.
2025-01-27 11:20:10 [main] DEBUG l.i.u.t.SubmittedApplicationsPageTest - Entered phone number into the input field.
2025-01-27 11:20:10 [main] DEBUG l.i.u.t.SubmittedApplicationsPageTest - Entered eMail into the input field.
2025-01-27 11:20:10 [main] INFO  l.i.u.p.SubmittedApplicationsPage - Located the dropdown button.
2025-01-27 11:20:31 [main] INFO  l.i.u.p.SubmittedApplicationsPage - Found 1741 options in the dropdown.
2025-01-27 11:20:31 [main] INFO  l.i.u.p.SubmittedApplicationsPage - Successfully selected the value: '01.11 - Grūdinių (išskyrus ryžius), ankštinių ir aliejingų sėklų augalų auginimas'
2025-01-27 11:20:41 [main] ERROR l.i.u.p.SubmittedApplicationsPage - Failed to close the dropdown with aria-expanded = 'false'. Attempting manual close.
2025-01-27 11:20:41 [main] INFO  l.i.u.p.SubmittedApplicationsPage - Manual close attempt for the dropdown using body click.
2025-01-27 11:20:42 [main] DEBUG l.i.u.t.SubmittedApplicationsPageTest - Entered Address into the input field.
2025-01-27 11:20:42 [main] DEBUG l.i.u.t.SubmittedApplicationsPageTest - Entered Address into the input field.
2025-01-27 11:20:42 [main] INFO  l.i.u.p.SubmittedApplicationsPage - Located the dropdown button.
2025-01-27 11:20:44 [main] INFO  l.i.u.p.SubmittedApplicationsPage - Successfully selected the value: 'Administratoriai'
2025-01-27 11:20:54 [main] ERROR l.i.u.p.SubmittedApplicationsPage - Timeout while waiting for dropdown to close with aria-expanded = 'false'.
2025-01-27 11:20:54 [main] DEBUG l.i.u.t.SubmittedApplicationsPageTest - Selected the value: 'Administratoriai'
2025-01-27 11:20:54 [main] INFO  l.i.u.p.SubmittedApplicationsPage - Located the dropdown button.
2025-01-27 11:20:55 [main] INFO  l.i.u.p.SubmittedApplicationsPage - Found 34 options in the dropdown.
2025-01-27 11:20:55 [main] INFO  l.i.u.p.SubmittedApplicationsPage - Successfully selected the value: 'Bedarbiai, kurie yra darbingo amžiaus neįgalieji, kuriems nustatytas iki 25 procentų darbingumo lygis arba sunkus neįgalumo lygis'
2025-01-27 11:21:06 [main] ERROR l.i.u.p.SubmittedApplicationsPage - Failed to close the dropdown with aria-expanded = 'false'. Attempting manual close.
2025-01-27 11:21:07 [main] ERROR l.i.u.p.SubmittedApplicationsPage - Failed to manually close the dropdown: element click intercepted: Element <div class="cdk-overlay-backdrop cdk-overlay-transparent-backdrop cdk-overlay-backdrop-showing"></div> is not clickable at point (960, 506). Other element would receive the click: <mat-option role="option" class="mat-mdc-option mdc-list-item mat-mdc-option-multiple ng-tns-c1073613477-78 ng-star-inserted" id="mat-option-977" aria-selected="false" aria-disabled="false" style="">...</mat-option>
  (Session info: chrome=131.0.6778.265)
Build info: version: '4.27.0', revision: 'd6e718d134'
System info: os.name: 'Windows 11', os.arch: 'amd64', os.version: '10.0', java.version: '21.0.3'
Driver info: org.openqa.selenium.chrome.ChromeDriver
Command: [c7a711332e55e445bada8f7ae910969c, clickElement {id=f.86C0844410338025D1DE01127BA99EF4.d.C6C9822256565AFC0BD1EC99A1AC2BFB.e.2144}]
Capabilities {acceptInsecureCerts: false, browserName: chrome, browserVersion: 131.0.6778.265, chrome: {chromedriverVersion: 131.0.6778.264 (2d05e315153..., userDataDir: C:\Users\INGRID~1.ZAD\AppDa...}, fedcm:accounts: true, goog:chromeOptions: {debuggerAddress: localhost:51148}, networkConnectionEnabled: false, pageLoadStrategy: normal, platformName: windows, proxy: Proxy(), se:cdp: ws://localhost:51148/devtoo..., se:cdpVersion: 131.0.6778.265, setWindowRect: true, strictFileInteractability: false, timeouts: {implicit: 0, pageLoad: 300000, script: 30000}, unhandledPromptBehavior: dismiss and notify, webauthn:extension:credBlob: true, webauthn:extension:largeBlob: true, webauthn:extension:minPinLength: true, webauthn:extension:prf: true, webauthn:virtualAuthenticators: true}
Element: [[ChromeDriver: chrome on windows (c7a711332e55e445bada8f7ae910969c)] -> class name: cdk-overlay-backdrop]
Session ID: c7a711332e55e445bada8f7ae910969c
2025-01-27 11:21:07 [main] INFO  l.i.u.p.SubmittedApplicationsPage - Located the dropdown button.
2025-01-27 11:21:08 [main] ERROR l.i.u.t.SubmittedApplicationsPageTest - Test 'testFillNewApplication' failed with error: element click intercepted: Element <mat-label>...</mat-label> is not clickable at point (489, 627). Other element would receive the click: <mat-option role="option" class="mat-mdc-option mdc-list-item mat-mdc-option-multiple ng-tns-c1073613477-78 ng-star-inserted" id="mat-option-980" aria-selected="false" aria-disabled="false" style="">...</mat-option>
  (Session info: chrome=131.0.6778.265)
Build info: version: '4.27.0', revision: 'd6e718d134'
System info: os.name: 'Windows 11', os.arch: 'amd64', os.version: '10.0', java.version: '21.0.3'
Driver info: org.openqa.selenium.chrome.ChromeDriver
Command: [c7a711332e55e445bada8f7ae910969c, clickElement {id=f.86C0844410338025D1DE01127BA99EF4.d.C6C9822256565AFC0BD1EC99A1AC2BFB.e.2148}]
Capabilities {acceptInsecureCerts: false, browserName: chrome, browserVersion: 131.0.6778.265, chrome: {chromedriverVersion: 131.0.6778.264 (2d05e315153..., userDataDir: C:\Users\INGRID~1.ZAD\AppDa...}, fedcm:accounts: true, goog:chromeOptions: {debuggerAddress: localhost:51148}, networkConnectionEnabled: false, pageLoadStrategy: normal, platformName: windows, proxy: Proxy(), se:cdp: ws://localhost:51148/devtoo..., se:cdpVersion: 131.0.6778.265, setWindowRect: true, strictFileInteractability: false, timeouts: {implicit: 0, pageLoad: 300000, script: 30000}, unhandledPromptBehavior: dismiss and notify, webauthn:extension:credBlob: true, webauthn:extension:largeBlob: true, webauthn:extension:minPinLength: true, webauthn:extension:prf: true, webauthn:virtualAuthenticators: true}
Element: [[ChromeDriver: chrome on windows (c7a711332e55e445bada8f7ae910969c)] -> xpath: //mat-label[contains(text(), 'Darbo laiko norma ir darbo laiko režimas')]]
Session ID: c7a711332e55e445bada8f7ae910969c
org.openqa.selenium.ElementClickInterceptedException: element click intercepted: Element <mat-label>...</mat-label> is not clickable at point (489, 627). Other element would receive the click: <mat-option role="option" class="mat-mdc-option mdc-list-item mat-mdc-option-multiple ng-tns-c1073613477-78 ng-star-inserted" id="mat-option-980" aria-selected="false" aria-disabled="false" style="">...</mat-option>
  (Session info: chrome=131.0.6778.265)
Build info: version: '4.27.0', revision: 'd6e718d134'
System info: os.name: 'Windows 11', os.arch: 'amd64', os.version: '10.0', java.version: '21.0.3'
Driver info: org.openqa.selenium.chrome.ChromeDriver
Command: [c7a711332e55e445bada8f7ae910969c, clickElement {id=f.86C0844410338025D1DE01127BA99EF4.d.C6C9822256565AFC0BD1EC99A1AC2BFB.e.2148}]
Capabilities {acceptInsecureCerts: false, browserName: chrome, browserVersion: 131.0.6778.265, chrome: {chromedriverVersion: 131.0.6778.264 (2d05e315153..., userDataDir: C:\Users\INGRID~1.ZAD\AppDa...}, fedcm:accounts: true, goog:chromeOptions: {debuggerAddress: localhost:51148}, networkConnectionEnabled: false, pageLoadStrategy: normal, platformName: windows, proxy: Proxy(), se:cdp: ws://localhost:51148/devtoo..., se:cdpVersion: 131.0.6778.265, setWindowRect: true, strictFileInteractability: false, timeouts: {implicit: 0, pageLoad: 300000, script: 30000}, unhandledPromptBehavior: dismiss and notify, webauthn:extension:credBlob: true, webauthn:extension:largeBlob: true, webauthn:extension:minPinLength: true, webauthn:extension:prf: true, webauthn:virtualAuthenticators: true}
Element: [[ChromeDriver: chrome on windows (c7a711332e55e445bada8f7ae910969c)] -> xpath: //mat-label[contains(text(), 'Darbo laiko norma ir darbo laiko režimas')]]
Session ID: c7a711332e55e445bada8f7ae910969c
	at java.base/jdk.internal.reflect.DirectConstructorHandleAccessor.newInstance(DirectConstructorHandleAccessor.java:62)
	at java.base/java.lang.reflect.Constructor.newInstanceWithCaller(Constructor.java:502)
	at java.base/java.lang.reflect.Constructor.newInstance(Constructor.java:486)
	at org.openqa.selenium.remote.ErrorCodec.decode(ErrorCodec.java:167)
	at org.openqa.selenium.remote.codec.w3c.W3CHttpResponseCodec.decode(W3CHttpResponseCodec.java:138)
	at org.openqa.selenium.remote.codec.w3c.W3CHttpResponseCodec.decode(W3CHttpResponseCodec.java:50)
	at org.openqa.selenium.remote.HttpCommandExecutor.execute(HttpCommandExecutor.java:190)
	at org.openqa.selenium.remote.service.DriverCommandExecutor.invokeExecute(DriverCommandExecutor.java:216)
	at org.openqa.selenium.remote.service.DriverCommandExecutor.execute(DriverCommandExecutor.java:174)
	at org.openqa.selenium.remote.RemoteWebDriver.execute(RemoteWebDriver.java:545)
	at org.openqa.selenium.remote.RemoteWebElement.execute(RemoteWebElement.java:223)
	at org.openqa.selenium.remote.RemoteWebElement.click(RemoteWebElement.java:76)
	at java.base/jdk.internal.reflect.DirectMethodHandleAccessor.invoke(DirectMethodHandleAccessor.java:103)
	at java.base/java.lang.reflect.Method.invoke(Method.java:580)
	at org.openqa.selenium.support.pagefactory.internal.LocatingElementHandler.invoke(LocatingElementHandler.java:51)
	at jdk.proxy2/jdk.proxy2.$Proxy14.click(Unknown Source)
	at lt.insoft.uztis.pages.SubmittedApplicationsPage.selectDropdownTimeMode(SubmittedApplicationsPage.java:355)
	at lt.insoft.uztis.tests.SubmittedApplicationsPageTest.testFillNewApplication(SubmittedApplicationsPageTest.java:187)
	at java.base/jdk.internal.reflect.DirectMethodHandleAccessor.invoke(DirectMethodHandleAccessor.java:103)
	at java.base/java.lang.reflect.Method.invoke(Method.java:580)
	at org.junit.platform.commons.util.ReflectionUtils.invokeMethod(ReflectionUtils.java:728)
	at org.junit.jupiter.engine.execution.MethodInvocation.proceed(MethodInvocation.java:60)
	at org.junit.jupiter.engine.execution.InvocationInterceptorChain$ValidatingInvocation.proceed(InvocationInterceptorChain.java:131)
	at org.junit.jupiter.engine.extension.TimeoutExtension.intercept(TimeoutExtension.java:156)
	at org.junit.jupiter.engine.extension.TimeoutExtension.interceptTestableMethod(TimeoutExtension.java:147)
	at org.junit.jupiter.engine.extension.TimeoutExtension.interceptTestMethod(TimeoutExtension.java:86)
	at org.junit.jupiter.engine.execution.InterceptingExecutableInvoker$ReflectiveInterceptorCall.lambda$ofVoidMethod$0(InterceptingExecutableInvoker.java:103)
	at org.junit.jupiter.engine.execution.InterceptingExecutableInvoker.lambda$invoke$0(InterceptingExecutableInvoker.java:93)
	at org.junit.jupiter.engine.execution.InvocationInterceptorChain$InterceptedInvocation.proceed(InvocationInterceptorChain.java:106)
	at org.junit.jupiter.engine.execution.InvocationInterceptorChain.proceed(InvocationInterceptorChain.java:64)
	at org.junit.jupiter.engine.execution.InvocationInterceptorChain.chainAndInvoke(InvocationInterceptorChain.java:45)
	at org.junit.jupiter.engine.execution.InvocationInterceptorChain.invoke(InvocationInterceptorChain.java:37)
	at org.junit.jupiter.engine.execution.InterceptingExecutableInvoker.invoke(InterceptingExecutableInvoker.java:92)
	at org.junit.jupiter.engine.execution.InterceptingExecutableInvoker.invoke(InterceptingExecutableInvoker.java:86)
	at org.junit.jupiter.engine.descriptor.TestMethodTestDescriptor.lambda$invokeTestMethod$7(TestMethodTestDescriptor.java:218)
	at org.junit.platform.engine.support.hierarchical.ThrowableCollector.execute(ThrowableCollector.java:73)
	at org.junit.jupiter.engine.descriptor.TestMethodTestDescriptor.invokeTestMethod(TestMethodTestDescriptor.java:214)
	at org.junit.jupiter.engine.descriptor.TestMethodTestDescriptor.execute(TestMethodTestDescriptor.java:139)
	at org.junit.jupiter.engine.descriptor.TestMethodTestDescriptor.execute(TestMethodTestDescriptor.java:69)
	at org.junit.platform.engine.support.hierarchical.NodeTestTask.lambda$executeRecursively$6(NodeTestTask.java:151)
	at org.junit.platform.engine.support.hierarchical.ThrowableCollector.execute(ThrowableCollector.java:73)
	at org.junit.platform.engine.support.hierarchical.NodeTestTask.lambda$executeRecursively$8(NodeTestTask.java:141)
	at org.junit.platform.engine.support.hierarchical.Node.around(Node.java:137)
	at org.junit.platform.engine.support.hierarchical.NodeTestTask.lambda$executeRecursively$9(NodeTestTask.java:139)
	at org.junit.platform.engine.support.hierarchical.ThrowableCollector.execute(ThrowableCollector.java:73)
	at org.junit.platform.engine.support.hierarchical.NodeTestTask.executeRecursively(NodeTestTask.java:138)
	at org.junit.platform.engine.support.hierarchical.NodeTestTask.execute(NodeTestTask.java:95)
	at java.base/java.util.ArrayList.forEach(ArrayList.java:1596)
	at org.junit.platform.engine.support.hierarchical.SameThreadHierarchicalTestExecutorService.invokeAll(SameThreadHierarchicalTestExecutorService.java:41)
	at org.junit.platform.engine.support.hierarchical.NodeTestTask.lambda$executeRecursively$6(NodeTestTask.java:155)
	at org.junit.platform.engine.support.hierarchical.ThrowableCollector.execute(ThrowableCollector.java:73)
	at org.junit.platform.engine.support.hierarchical.NodeTestTask.lambda$executeRecursively$8(NodeTestTask.java:141)
	at org.junit.platform.engine.support.hierarchical.Node.around(Node.java:137)
	at org.junit.platform.engine.support.hierarchical.NodeTestTask.lambda$executeRecursively$9(NodeTestTask.java:139)
	at org.junit.platform.engine.support.hierarchical.ThrowableCollector.execute(ThrowableCollector.java:73)
	at org.junit.platform.engine.support.hierarchical.NodeTestTask.executeRecursively(NodeTestTask.java:138)
	at org.junit.platform.engine.support.hierarchical.NodeTestTask.execute(NodeTestTask.java:95)
	at java.base/java.util.ArrayList.forEach(ArrayList.java:1596)
	at org.junit.platform.engine.support.hierarchical.SameThreadHierarchicalTestExecutorService.invokeAll(SameThreadHierarchicalTestExecutorService.java:41)
	at org.junit.platform.engine.support.hierarchical.NodeTestTask.lambda$executeRecursively$6(NodeTestTask.java:155)
	at org.junit.platform.engine.support.hierarchical.ThrowableCollector.execute(ThrowableCollector.java:73)
	at org.junit.platform.engine.support.hierarchical.NodeTestTask.lambda$executeRecursively$8(NodeTestTask.java:141)
	at org.junit.platform.engine.support.hierarchical.Node.around(Node.java:137)
	at org.junit.platform.engine.support.hierarchical.NodeTestTask.lambda$executeRecursively$9(NodeTestTask.java:139)
	at org.junit.platform.engine.support.hierarchical.ThrowableCollector.execute(ThrowableCollector.java:73)
	at org.junit.platform.engine.support.hierarchical.NodeTestTask.executeRecursively(NodeTestTask.java:138)
	at org.junit.platform.engine.support.hierarchical.NodeTestTask.execute(NodeTestTask.java:95)
	at org.junit.platform.engine.support.hierarchical.SameThreadHierarchicalTestExecutorService.submit(SameThreadHierarchicalTestExecutorService.java:35)
	at org.junit.platform.engine.support.hierarchical.HierarchicalTestExecutor.execute(HierarchicalTestExecutor.java:57)
	at org.junit.platform.engine.support.hierarchical.HierarchicalTestEngine.execute(HierarchicalTestEngine.java:54)
	at org.junit.platform.launcher.core.EngineExecutionOrchestrator.execute(EngineExecutionOrchestrator.java:198)
	at org.junit.platform.launcher.core.EngineExecutionOrchestrator.execute(EngineExecutionOrchestrator.java:169)
	at org.junit.platform.launcher.core.EngineExecutionOrchestrator.execute(EngineExecutionOrchestrator.java:93)
	at org.junit.platform.launcher.core.EngineExecutionOrchestrator.lambda$execute$0(EngineExecutionOrchestrator.java:58)
	at org.junit.platform.launcher.core.EngineExecutionOrchestrator.withInterceptedStreams(EngineExecutionOrchestrator.java:141)
	at org.junit.platform.launcher.core.EngineExecutionOrchestrator.execute(EngineExecutionOrchestrator.java:57)
	at org.junit.platform.launcher.core.DefaultLauncher.execute(DefaultLauncher.java:103)
	at org.junit.platform.launcher.core.DefaultLauncher.execute(DefaultLauncher.java:85)
	at org.junit.platform.launcher.core.DelegatingLauncher.execute(DelegatingLauncher.java:47)
	at org.junit.platform.launcher.core.SessionPerRequestLauncher.execute(SessionPerRequestLauncher.java:63)
	at com.intellij.junit5.JUnit5IdeaTestRunner.startRunnerWithArgs(JUnit5IdeaTestRunner.java:57)
	at com.intellij.rt.junit.IdeaTestRunner$Repeater$1.execute(IdeaTestRunner.java:38)
	at com.intellij.rt.execution.junit.TestsRepeater.repeat(TestsRepeater.java:11)
	at com.intellij.rt.junit.IdeaTestRunner$Repeater.startRunnerWithArgs(IdeaTestRunner.java:35)
	at com.intellij.rt.junit.JUnitStarter.prepareStreamsAndStart(JUnitStarter.java:232)
	at com.intellij.rt.junit.JUnitStarter.main(JUnitStarter.java:55)
2025-01-27 11:21:08 [main] INFO  l.insoft.uztis.tests.utils.TestUtils - Screenshot moved to C:\Users\ingrida.zadorozniene\Desktop\Asm\UZTIS\UZTIS_tests\test-output\screenshots\20250127\112108792_testFillNewApplication().png
2025-01-27 11:25:54 [main] INFO  lt.insoft.uztis.tests.UztisPageTest - Navigated to https://uztisdev.asseco.lt/home
2025-01-27 11:25:54 [main] INFO  l.i.u.t.SubmittedApplicationsPageTest - Starting test:'testFillNewApplication'
2025-01-27 11:25:55 [main] DEBUG l.i.u.t.SubmittedApplicationsPageTest - User logged in with test credentials
2025-01-27 11:25:55 [main] DEBUG l.i.u.t.SubmittedApplicationsPageTest - Opened 'Application Processing' menu.
2025-01-27 11:25:55 [main] DEBUG l.i.u.t.SubmittedApplicationsPageTest - Clicked on 'Application Forms' menu.
2025-01-27 11:25:56 [main] DEBUG l.i.u.t.SubmittedApplicationsPageTest - Retrieved last description code text: 'TST-VUI-67'.
2025-01-27 11:25:56 [main] DEBUG l.i.u.t.SubmittedApplicationsPageTest - Clicked on 'Invitation' menu.
2025-01-27 11:25:56 [main] DEBUG l.i.u.t.SubmittedApplicationsPageTest - Selected application section by code: 'TST-VUI-67'.
2025-01-27 11:25:57 [main] DEBUG l.i.u.t.SubmittedApplicationsPageTest - Clicked 'Search' button.
2025-01-27 11:25:57 [main] DEBUG l.i.u.t.SubmittedApplicationsPageTest - Retrieved invitation code: ''.
2025-01-27 11:25:57 [main] DEBUG l.i.u.t.SubmittedApplicationsPageTest - Clicked on 'Submitted Applications' menu.
2025-01-27 11:25:57 [main] DEBUG l.i.u.t.SubmittedApplicationsPageTest - Selected invitation by code: 'TST-VUI-67'.
2025-01-27 11:25:58 [main] DEBUG l.i.u.t.SubmittedApplicationsPageTest - Clicked on 'Action Application' button.
2025-01-27 11:25:58 [main] DEBUG l.i.u.t.SubmittedApplicationsPageTest - Clicked on 'New Application' button.
2025-01-27 11:25:58 [main] DEBUG l.i.u.t.SubmittedApplicationsPageTest - Clicked on 'RadioButtonFA' button.
2025-01-27 11:25:58 [main] DEBUG l.i.u.t.SubmittedApplicationsPageTest - Entered phone number into the input field.
2025-01-27 11:25:59 [main] DEBUG l.i.u.t.SubmittedApplicationsPageTest - Entered eMail into the input field.
2025-01-27 11:25:59 [main] INFO  l.i.u.p.SubmittedApplicationsPage - Located the dropdown button.
2025-01-27 11:26:15 [main] INFO  l.i.u.p.SubmittedApplicationsPage - Found 1741 options in the dropdown.
2025-01-27 11:26:16 [main] INFO  l.i.u.p.SubmittedApplicationsPage - Successfully selected the value: '01.11 - Grūdinių (išskyrus ryžius), ankštinių ir aliejingų sėklų augalų auginimas'
2025-01-27 11:26:26 [main] ERROR l.i.u.p.SubmittedApplicationsPage - Failed to close the dropdown with aria-expanded = 'false'. Attempting manual close.
2025-01-27 11:26:26 [main] INFO  l.i.u.p.SubmittedApplicationsPage - Manual close attempt for the dropdown using body click.
2025-01-27 11:26:27 [main] DEBUG l.i.u.t.SubmittedApplicationsPageTest - Entered Address into the input field.
2025-01-27 11:26:27 [main] DEBUG l.i.u.t.SubmittedApplicationsPageTest - Entered Address into the input field.
2025-01-27 11:26:27 [main] INFO  l.i.u.p.SubmittedApplicationsPage - Located the dropdown button.
2025-01-27 11:26:29 [main] INFO  l.i.u.p.SubmittedApplicationsPage - Successfully selected the value: 'Administratoriai'
2025-01-27 11:26:39 [main] ERROR l.i.u.p.SubmittedApplicationsPage - Timeout while waiting for dropdown to close with aria-expanded = 'false'.
2025-01-27 11:26:39 [main] DEBUG l.i.u.t.SubmittedApplicationsPageTest - Selected the value: 'Administratoriai'
2025-01-27 11:26:39 [main] INFO  l.i.u.p.SubmittedApplicationsPage - Located the dropdown button.
2025-01-27 11:26:40 [main] INFO  l.i.u.p.SubmittedApplicationsPage - Found 34 options in the dropdown.
2025-01-27 11:26:40 [main] INFO  l.i.u.p.SubmittedApplicationsPage - Successfully selected the value: 'Bedarbiai, kurie yra darbingo amžiaus neįgalieji, kuriems nustatytas iki 25 procentų darbingumo lygis arba sunkus neįgalumo lygis'
2025-01-27 11:26:40 [main] INFO  l.i.u.p.SubmittedApplicationsPage - Dropdown overlay is no longer visible.
2025-01-27 11:26:40 [main] INFO  l.i.u.p.SubmittedApplicationsPage - Located the dropdown button.
2025-01-27 11:26:41 [main] ERROR l.i.u.t.SubmittedApplicationsPageTest - Test 'testFillNewApplication' failed with error: element click intercepted: Element <mat-label>...</mat-label> is not clickable at point (489, 627). Other element would receive the click: <mat-option role="option" class="mat-mdc-option mdc-list-item mat-mdc-option-multiple ng-tns-c1073613477-78 ng-star-inserted" id="mat-option-980" aria-selected="false" aria-disabled="false" style="">...</mat-option>
  (Session info: chrome=131.0.6778.265)
Build info: version: '4.27.0', revision: 'd6e718d134'
System info: os.name: 'Windows 11', os.arch: 'amd64', os.version: '10.0', java.version: '21.0.3'
Driver info: org.openqa.selenium.chrome.ChromeDriver
Command: [8a934147d717dbe67c68483850b177bb, clickElement {id=f.FA6B6266153E2B5B35DC3EE1E0322B65.d.FC3FD3CA2472440C55F93770EEAE8633.e.2142}]
Capabilities {acceptInsecureCerts: false, browserName: chrome, browserVersion: 131.0.6778.265, chrome: {chromedriverVersion: 131.0.6778.264 (2d05e315153..., userDataDir: C:\Users\INGRID~1.ZAD\AppDa...}, fedcm:accounts: true, goog:chromeOptions: {debuggerAddress: localhost:51343}, networkConnectionEnabled: false, pageLoadStrategy: normal, platformName: windows, proxy: Proxy(), se:cdp: ws://localhost:51343/devtoo..., se:cdpVersion: 131.0.6778.265, setWindowRect: true, strictFileInteractability: false, timeouts: {implicit: 0, pageLoad: 300000, script: 30000}, unhandledPromptBehavior: dismiss and notify, webauthn:extension:credBlob: true, webauthn:extension:largeBlob: true, webauthn:extension:minPinLength: true, webauthn:extension:prf: true, webauthn:virtualAuthenticators: true}
Element: [[ChromeDriver: chrome on windows (8a934147d717dbe67c68483850b177bb)] -> xpath: //mat-label[contains(text(), 'Darbo laiko norma ir darbo laiko režimas')]]
Session ID: 8a934147d717dbe67c68483850b177bb
org.openqa.selenium.ElementClickInterceptedException: element click intercepted: Element <mat-label>...</mat-label> is not clickable at point (489, 627). Other element would receive the click: <mat-option role="option" class="mat-mdc-option mdc-list-item mat-mdc-option-multiple ng-tns-c1073613477-78 ng-star-inserted" id="mat-option-980" aria-selected="false" aria-disabled="false" style="">...</mat-option>
  (Session info: chrome=131.0.6778.265)
Build info: version: '4.27.0', revision: 'd6e718d134'
System info: os.name: 'Windows 11', os.arch: 'amd64', os.version: '10.0', java.version: '21.0.3'
Driver info: org.openqa.selenium.chrome.ChromeDriver
Command: [8a934147d717dbe67c68483850b177bb, clickElement {id=f.FA6B6266153E2B5B35DC3EE1E0322B65.d.FC3FD3CA2472440C55F93770EEAE8633.e.2142}]
Capabilities {acceptInsecureCerts: false, browserName: chrome, browserVersion: 131.0.6778.265, chrome: {chromedriverVersion: 131.0.6778.264 (2d05e315153..., userDataDir: C:\Users\INGRID~1.ZAD\AppDa...}, fedcm:accounts: true, goog:chromeOptions: {debuggerAddress: localhost:51343}, networkConnectionEnabled: false, pageLoadStrategy: normal, platformName: windows, proxy: Proxy(), se:cdp: ws://localhost:51343/devtoo..., se:cdpVersion: 131.0.6778.265, setWindowRect: true, strictFileInteractability: false, timeouts: {implicit: 0, pageLoad: 300000, script: 30000}, unhandledPromptBehavior: dismiss and notify, webauthn:extension:credBlob: true, webauthn:extension:largeBlob: true, webauthn:extension:minPinLength: true, webauthn:extension:prf: true, webauthn:virtualAuthenticators: true}
Element: [[ChromeDriver: chrome on windows (8a934147d717dbe67c68483850b177bb)] -> xpath: //mat-label[contains(text(), 'Darbo laiko norma ir darbo laiko režimas')]]
Session ID: 8a934147d717dbe67c68483850b177bb
	at java.base/jdk.internal.reflect.DirectConstructorHandleAccessor.newInstance(DirectConstructorHandleAccessor.java:62)
	at java.base/java.lang.reflect.Constructor.newInstanceWithCaller(Constructor.java:502)
	at java.base/java.lang.reflect.Constructor.newInstance(Constructor.java:486)
	at org.openqa.selenium.remote.ErrorCodec.decode(ErrorCodec.java:167)
	at org.openqa.selenium.remote.codec.w3c.W3CHttpResponseCodec.decode(W3CHttpResponseCodec.java:138)
	at org.openqa.selenium.remote.codec.w3c.W3CHttpResponseCodec.decode(W3CHttpResponseCodec.java:50)
	at org.openqa.selenium.remote.HttpCommandExecutor.execute(HttpCommandExecutor.java:190)
	at org.openqa.selenium.remote.service.DriverCommandExecutor.invokeExecute(DriverCommandExecutor.java:216)
	at org.openqa.selenium.remote.service.DriverCommandExecutor.execute(DriverCommandExecutor.java:174)
	at org.openqa.selenium.remote.RemoteWebDriver.execute(RemoteWebDriver.java:545)
	at org.openqa.selenium.remote.RemoteWebElement.execute(RemoteWebElement.java:223)
	at org.openqa.selenium.remote.RemoteWebElement.click(RemoteWebElement.java:76)
	at java.base/jdk.internal.reflect.DirectMethodHandleAccessor.invoke(DirectMethodHandleAccessor.java:103)
	at java.base/java.lang.reflect.Method.invoke(Method.java:580)
	at org.openqa.selenium.support.pagefactory.internal.LocatingElementHandler.invoke(LocatingElementHandler.java:51)
	at jdk.proxy2/jdk.proxy2.$Proxy14.click(Unknown Source)
	at lt.insoft.uztis.pages.SubmittedApplicationsPage.selectDropdownTimeMode(SubmittedApplicationsPage.java:353)
	at lt.insoft.uztis.tests.SubmittedApplicationsPageTest.testFillNewApplication(SubmittedApplicationsPageTest.java:187)
	at java.base/jdk.internal.reflect.DirectMethodHandleAccessor.invoke(DirectMethodHandleAccessor.java:103)
	at java.base/java.lang.reflect.Method.invoke(Method.java:580)
	at org.junit.platform.commons.util.ReflectionUtils.invokeMethod(ReflectionUtils.java:728)
	at org.junit.jupiter.engine.execution.MethodInvocation.proceed(MethodInvocation.java:60)
	at org.junit.jupiter.engine.execution.InvocationInterceptorChain$ValidatingInvocation.proceed(InvocationInterceptorChain.java:131)
	at org.junit.jupiter.engine.extension.TimeoutExtension.intercept(TimeoutExtension.java:156)
	at org.junit.jupiter.engine.extension.TimeoutExtension.interceptTestableMethod(TimeoutExtension.java:147)
	at org.junit.jupiter.engine.extension.TimeoutExtension.interceptTestMethod(TimeoutExtension.java:86)
	at org.junit.jupiter.engine.execution.InterceptingExecutableInvoker$ReflectiveInterceptorCall.lambda$ofVoidMethod$0(InterceptingExecutableInvoker.java:103)
	at org.junit.jupiter.engine.execution.InterceptingExecutableInvoker.lambda$invoke$0(InterceptingExecutableInvoker.java:93)
	at org.junit.jupiter.engine.execution.InvocationInterceptorChain$InterceptedInvocation.proceed(InvocationInterceptorChain.java:106)
	at org.junit.jupiter.engine.execution.InvocationInterceptorChain.proceed(InvocationInterceptorChain.java:64)
	at org.junit.jupiter.engine.execution.InvocationInterceptorChain.chainAndInvoke(InvocationInterceptorChain.java:45)
	at org.junit.jupiter.engine.execution.InvocationInterceptorChain.invoke(InvocationInterceptorChain.java:37)
	at org.junit.jupiter.engine.execution.InterceptingExecutableInvoker.invoke(InterceptingExecutableInvoker.java:92)
	at org.junit.jupiter.engine.execution.InterceptingExecutableInvoker.invoke(InterceptingExecutableInvoker.java:86)
	at org.junit.jupiter.engine.descriptor.TestMethodTestDescriptor.lambda$invokeTestMethod$7(TestMethodTestDescriptor.java:218)
	at org.junit.platform.engine.support.hierarchical.ThrowableCollector.execute(ThrowableCollector.java:73)
	at org.junit.jupiter.engine.descriptor.TestMethodTestDescriptor.invokeTestMethod(TestMethodTestDescriptor.java:214)
	at org.junit.jupiter.engine.descriptor.TestMethodTestDescriptor.execute(TestMethodTestDescriptor.java:139)
	at org.junit.jupiter.engine.descriptor.TestMethodTestDescriptor.execute(TestMethodTestDescriptor.java:69)
	at org.junit.platform.engine.support.hierarchical.NodeTestTask.lambda$executeRecursively$6(NodeTestTask.java:151)
	at org.junit.platform.engine.support.hierarchical.ThrowableCollector.execute(ThrowableCollector.java:73)
	at org.junit.platform.engine.support.hierarchical.NodeTestTask.lambda$executeRecursively$8(NodeTestTask.java:141)
	at org.junit.platform.engine.support.hierarchical.Node.around(Node.java:137)
	at org.junit.platform.engine.support.hierarchical.NodeTestTask.lambda$executeRecursively$9(NodeTestTask.java:139)
	at org.junit.platform.engine.support.hierarchical.ThrowableCollector.execute(ThrowableCollector.java:73)
	at org.junit.platform.engine.support.hierarchical.NodeTestTask.executeRecursively(NodeTestTask.java:138)
	at org.junit.platform.engine.support.hierarchical.NodeTestTask.execute(NodeTestTask.java:95)
	at java.base/java.util.ArrayList.forEach(ArrayList.java:1596)
	at org.junit.platform.engine.support.hierarchical.SameThreadHierarchicalTestExecutorService.invokeAll(SameThreadHierarchicalTestExecutorService.java:41)
	at org.junit.platform.engine.support.hierarchical.NodeTestTask.lambda$executeRecursively$6(NodeTestTask.java:155)
	at org.junit.platform.engine.support.hierarchical.ThrowableCollector.execute(ThrowableCollector.java:73)
	at org.junit.platform.engine.support.hierarchical.NodeTestTask.lambda$executeRecursively$8(NodeTestTask.java:141)
	at org.junit.platform.engine.support.hierarchical.Node.around(Node.java:137)
	at org.junit.platform.engine.support.hierarchical.NodeTestTask.lambda$executeRecursively$9(NodeTestTask.java:139)
	at org.junit.platform.engine.support.hierarchical.ThrowableCollector.execute(ThrowableCollector.java:73)
	at org.junit.platform.engine.support.hierarchical.NodeTestTask.executeRecursively(NodeTestTask.java:138)
	at org.junit.platform.engine.support.hierarchical.NodeTestTask.execute(NodeTestTask.java:95)
	at java.base/java.util.ArrayList.forEach(ArrayList.java:1596)
	at org.junit.platform.engine.support.hierarchical.SameThreadHierarchicalTestExecutorService.invokeAll(SameThreadHierarchicalTestExecutorService.java:41)
	at org.junit.platform.engine.support.hierarchical.NodeTestTask.lambda$executeRecursively$6(NodeTestTask.java:155)
	at org.junit.platform.engine.support.hierarchical.ThrowableCollector.execute(ThrowableCollector.java:73)
	at org.junit.platform.engine.support.hierarchical.NodeTestTask.lambda$executeRecursively$8(NodeTestTask.java:141)
	at org.junit.platform.engine.support.hierarchical.Node.around(Node.java:137)
	at org.junit.platform.engine.support.hierarchical.NodeTestTask.lambda$executeRecursively$9(NodeTestTask.java:139)
	at org.junit.platform.engine.support.hierarchical.ThrowableCollector.execute(ThrowableCollector.java:73)
	at org.junit.platform.engine.support.hierarchical.NodeTestTask.executeRecursively(NodeTestTask.java:138)
	at org.junit.platform.engine.support.hierarchical.NodeTestTask.execute(NodeTestTask.java:95)
	at org.junit.platform.engine.support.hierarchical.SameThreadHierarchicalTestExecutorService.submit(SameThreadHierarchicalTestExecutorService.java:35)
	at org.junit.platform.engine.support.hierarchical.HierarchicalTestExecutor.execute(HierarchicalTestExecutor.java:57)
	at org.junit.platform.engine.support.hierarchical.HierarchicalTestEngine.execute(HierarchicalTestEngine.java:54)
	at org.junit.platform.launcher.core.EngineExecutionOrchestrator.execute(EngineExecutionOrchestrator.java:198)
	at org.junit.platform.launcher.core.EngineExecutionOrchestrator.execute(EngineExecutionOrchestrator.java:169)
	at org.junit.platform.launcher.core.EngineExecutionOrchestrator.execute(EngineExecutionOrchestrator.java:93)
	at org.junit.platform.launcher.core.EngineExecutionOrchestrator.lambda$execute$0(EngineExecutionOrchestrator.java:58)
	at org.junit.platform.launcher.core.EngineExecutionOrchestrator.withInterceptedStreams(EngineExecutionOrchestrator.java:141)
	at org.junit.platform.launcher.core.EngineExecutionOrchestrator.execute(EngineExecutionOrchestrator.java:57)
	at org.junit.platform.launcher.core.DefaultLauncher.execute(DefaultLauncher.java:103)
	at org.junit.platform.launcher.core.DefaultLauncher.execute(DefaultLauncher.java:85)
	at org.junit.platform.launcher.core.DelegatingLauncher.execute(DelegatingLauncher.java:47)
	at org.junit.platform.launcher.core.SessionPerRequestLauncher.execute(SessionPerRequestLauncher.java:63)
	at com.intellij.junit5.JUnit5IdeaTestRunner.startRunnerWithArgs(JUnit5IdeaTestRunner.java:57)
	at com.intellij.rt.junit.IdeaTestRunner$Repeater$1.execute(IdeaTestRunner.java:38)
	at com.intellij.rt.execution.junit.TestsRepeater.repeat(TestsRepeater.java:11)
	at com.intellij.rt.junit.IdeaTestRunner$Repeater.startRunnerWithArgs(IdeaTestRunner.java:35)
	at com.intellij.rt.junit.JUnitStarter.prepareStreamsAndStart(JUnitStarter.java:232)
	at com.intellij.rt.junit.JUnitStarter.main(JUnitStarter.java:55)
2025-01-27 11:26:42 [main] INFO  l.insoft.uztis.tests.utils.TestUtils - Screenshot moved to C:\Users\ingrida.zadorozniene\Desktop\Asm\UZTIS\UZTIS_tests\test-output\screenshots\20250127\112642031_testFillNewApplication().png
2025-01-27 12:11:11 [main] INFO  lt.insoft.uztis.tests.UztisPageTest - Navigated to https://uztisdev.asseco.lt/home
2025-01-27 12:11:11 [main] INFO  l.i.u.t.SubmittedApplicationsPageTest - Starting test:'testFillNewApplication'
2025-01-27 12:11:12 [main] DEBUG l.i.u.t.SubmittedApplicationsPageTest - User logged in with test credentials
2025-01-27 12:11:12 [main] DEBUG l.i.u.t.SubmittedApplicationsPageTest - Opened 'Application Processing' menu.
2025-01-27 12:11:12 [main] DEBUG l.i.u.t.SubmittedApplicationsPageTest - Clicked on 'Application Forms' menu.
2025-01-27 12:11:13 [main] DEBUG l.i.u.t.SubmittedApplicationsPageTest - Retrieved last description code text: 'TST-VUI-67'.
2025-01-27 12:11:13 [main] DEBUG l.i.u.t.SubmittedApplicationsPageTest - Clicked on 'Invitation' menu.
2025-01-27 12:11:13 [main] DEBUG l.i.u.t.SubmittedApplicationsPageTest - Selected application section by code: 'TST-VUI-67'.
2025-01-27 12:11:14 [main] DEBUG l.i.u.t.SubmittedApplicationsPageTest - Clicked 'Search' button.
2025-01-27 12:11:14 [main] DEBUG l.i.u.t.SubmittedApplicationsPageTest - Retrieved invitation code: ''.
2025-01-27 12:11:14 [main] DEBUG l.i.u.t.SubmittedApplicationsPageTest - Clicked on 'Submitted Applications' menu.
2025-01-27 12:11:14 [main] DEBUG l.i.u.t.SubmittedApplicationsPageTest - Selected invitation by code: 'TST-VUI-67'.
2025-01-27 12:11:15 [main] DEBUG l.i.u.t.SubmittedApplicationsPageTest - Clicked on 'Action Application' button.
2025-01-27 12:11:15 [main] DEBUG l.i.u.t.SubmittedApplicationsPageTest - Clicked on 'New Application' button.
2025-01-27 12:11:16 [main] DEBUG l.i.u.t.SubmittedApplicationsPageTest - Clicked on 'RadioButtonFA' button.
2025-01-27 12:11:16 [main] DEBUG l.i.u.t.SubmittedApplicationsPageTest - Entered phone number into the input field.
2025-01-27 12:11:16 [main] DEBUG l.i.u.t.SubmittedApplicationsPageTest - Entered eMail into the input field.
2025-01-27 12:11:16 [main] INFO  l.i.u.p.SubmittedApplicationsPage - Located the dropdown button.
2025-01-27 12:11:35 [main] INFO  l.i.u.p.SubmittedApplicationsPage - Found 1741 options in the dropdown.
2025-01-27 12:11:35 [main] INFO  l.i.u.p.SubmittedApplicationsPage - Successfully selected the value: '01.11 - Grūdinių (išskyrus ryžius), ankštinių ir aliejingų sėklų augalų auginimas'
2025-01-27 12:11:46 [main] ERROR l.i.u.p.SubmittedApplicationsPage - Failed to close the dropdown with aria-expanded = 'false'. Attempting manual close.
2025-01-27 12:11:46 [main] INFO  l.i.u.p.SubmittedApplicationsPage - Manual close attempt for the dropdown using body click.
2025-01-27 12:11:46 [main] DEBUG l.i.u.t.SubmittedApplicationsPageTest - Entered Address into the input field.
2025-01-27 12:11:47 [main] DEBUG l.i.u.t.SubmittedApplicationsPageTest - Entered Address into the input field.
2025-01-27 12:11:47 [main] INFO  l.i.u.p.SubmittedApplicationsPage - Located the dropdown button.
2025-01-27 12:11:48 [main] INFO  l.i.u.p.SubmittedApplicationsPage - Successfully selected the value: 'Administratoriai'
2025-01-27 12:11:58 [main] ERROR l.i.u.p.SubmittedApplicationsPage - Timeout while waiting for dropdown to close with aria-expanded = 'false'.
2025-01-27 12:11:58 [main] DEBUG l.i.u.t.SubmittedApplicationsPageTest - Selected the value: 'Administratoriai'
2025-01-27 12:11:59 [main] INFO  l.i.u.p.SubmittedApplicationsPage - Clicking on the dropdown button.
2025-01-27 12:12:00 [main] INFO  l.i.u.p.SubmittedApplicationsPage - Found 34 options in the dropdown.
2025-01-27 12:12:00 [main] DEBUG l.i.u.p.SubmittedApplicationsPage - Checking option: 'Asmenys, kuriems suteiktas pabėgėlio statusas ar perkeliamojo asmens statusas, arba asmenys, kuriems suteikta papildoma ar laikinoji apsauga, ir asmenys, turintys teisę gauti laikinąją apsaugą, iki sprendimo dėl laikinosios apsaugos suteikimo (nesuteikimo) priėmimo, tačiau ne ilgiau kaip laikinosios apsaugos laikotarpiu'
2025-01-27 12:12:00 [main] DEBUG l.i.u.p.SubmittedApplicationsPage - Checking option: 'Asmenys, kuriems suteiktas pabėgėlio statusas ar perkeliamojo asmens statusas, arba asmenys, kuriems suteikta papildoma ar laikinoji apsauga, ir asmenys, turintys teisę gauti laikinąją apsaugą, iki sprendimo dėl laikinosios apsaugos suteikimo (nesuteikimo) priėmimo, tačiau ne ilgiau kaip laikinosios apsaugos laikotarpiu'
2025-01-27 12:12:00 [main] DEBUG l.i.u.p.SubmittedApplicationsPage - Checking option: 'Asmenys, turintys teisę į papildomas užimtumo garantijas pagal Lietuvos Respublikos valstybės įmonės Ignalinos atominės elektrinės darbuotojų papildomų užimtumo ir socialinių garantijų įstatymą'
2025-01-27 12:12:00 [main] DEBUG l.i.u.p.SubmittedApplicationsPage - Checking option: 'Asmenys, turintys teisę į papildomas užimtumo garantijas pagal Lietuvos Respublikos valstybės įmonės Ignalinos atominės elektrinės darbuotojų papildomų užimtumo ir socialinių garantijų įstatymą'
2025-01-27 12:12:00 [main] DEBUG l.i.u.p.SubmittedApplicationsPage - Checking option: 'Bedarbiai iki 29 metų'
2025-01-27 12:12:00 [main] DEBUG l.i.u.p.SubmittedApplicationsPage - Checking option: 'Bedarbiai iki 29 metų'
2025-01-27 12:12:00 [main] DEBUG l.i.u.p.SubmittedApplicationsPage - Checking option: 'Bedarbiai, kurie yra darbingo amžiaus neįgalieji, kuriems nustatytas 30–40 procentų darbingumo lygis arba vidutinis neįgalumo lygis'
2025-01-27 12:12:00 [main] DEBUG l.i.u.p.SubmittedApplicationsPage - Checking option: 'Bedarbiai, kurie yra darbingo amžiaus neįgalieji, kuriems nustatytas 30–40 procentų darbingumo lygis arba vidutinis neįgalumo lygis'
2025-01-27 12:12:00 [main] DEBUG l.i.u.p.SubmittedApplicationsPage - Checking option: 'Bedarbiai, kurie yra darbingo amžiaus neįgalieji, kuriems nustatytas 45–55 procentų darbingumo lygis arba lengvas neįgalumo lygis'
2025-01-27 12:12:00 [main] DEBUG l.i.u.p.SubmittedApplicationsPage - Checking option: 'Bedarbiai, kurie yra darbingo amžiaus neįgalieji, kuriems nustatytas 45–55 procentų darbingumo lygis arba lengvas neįgalumo lygis'
2025-01-27 12:12:00 [main] DEBUG l.i.u.p.SubmittedApplicationsPage - Checking option: 'Bedarbiai, kurie yra darbingo amžiaus neįgalieji, kuriems nustatytas iki 25 procentų darbingumo lygis arba sunkus neįgalumo lygis'
2025-01-27 12:12:00 [main] INFO  l.i.u.p.SubmittedApplicationsPage - Successfully selected the value: 'Bedarbiai, kurie yra darbingo amžiaus neįgalieji, kuriems nustatytas iki 25 procentų darbingumo lygis arba sunkus neįgalumo lygis'
2025-01-27 12:12:00 [main] INFO  l.i.u.p.SubmittedApplicationsPage - Attempting to close the dropdown.
2025-01-27 12:12:00 [main] INFO  l.i.u.p.SubmittedApplicationsPage - Dropdown overlay is no longer visible.
2025-01-27 12:12:00 [main] INFO  l.i.u.p.SubmittedApplicationsPage - Located the dropdown button.
2025-01-27 12:12:01 [main] ERROR l.i.u.t.SubmittedApplicationsPageTest - Test 'testFillNewApplication' failed with error: element click intercepted: Element <mat-label>...</mat-label> is not clickable at point (489, 627). Other element would receive the click: <mat-option role="option" class="mat-mdc-option mdc-list-item mat-mdc-option-multiple ng-tns-c1073613477-78 ng-star-inserted" id="mat-option-980" aria-selected="false" aria-disabled="false" style="">...</mat-option>
  (Session info: chrome=131.0.6778.265)
Build info: version: '4.27.0', revision: 'd6e718d134'
System info: os.name: 'Windows 11', os.arch: 'amd64', os.version: '10.0', java.version: '21.0.3'
Driver info: org.openqa.selenium.chrome.ChromeDriver
Command: [c6fb8903fe71647dd577bd9696691c0d, clickElement {id=f.1DAE30A5B31EC7840DB81C4D0806DB59.d.EBF2033A39F0AA39FFECCF89C4A61FCE.e.2142}]
Capabilities {acceptInsecureCerts: false, browserName: chrome, browserVersion: 131.0.6778.265, chrome: {chromedriverVersion: 131.0.6778.264 (2d05e315153..., userDataDir: C:\Users\INGRID~1.ZAD\AppDa...}, fedcm:accounts: true, goog:chromeOptions: {debuggerAddress: localhost:52772}, networkConnectionEnabled: false, pageLoadStrategy: normal, platformName: windows, proxy: Proxy(), se:cdp: ws://localhost:52772/devtoo..., se:cdpVersion: 131.0.6778.265, setWindowRect: true, strictFileInteractability: false, timeouts: {implicit: 0, pageLoad: 300000, script: 30000}, unhandledPromptBehavior: dismiss and notify, webauthn:extension:credBlob: true, webauthn:extension:largeBlob: true, webauthn:extension:minPinLength: true, webauthn:extension:prf: true, webauthn:virtualAuthenticators: true}
Element: [[ChromeDriver: chrome on windows (c6fb8903fe71647dd577bd9696691c0d)] -> xpath: //mat-label[contains(text(), 'Darbo laiko norma ir darbo laiko režimas')]]
Session ID: c6fb8903fe71647dd577bd9696691c0d
org.openqa.selenium.ElementClickInterceptedException: element click intercepted: Element <mat-label>...</mat-label> is not clickable at point (489, 627). Other element would receive the click: <mat-option role="option" class="mat-mdc-option mdc-list-item mat-mdc-option-multiple ng-tns-c1073613477-78 ng-star-inserted" id="mat-option-980" aria-selected="false" aria-disabled="false" style="">...</mat-option>
  (Session info: chrome=131.0.6778.265)
Build info: version: '4.27.0', revision: 'd6e718d134'
System info: os.name: 'Windows 11', os.arch: 'amd64', os.version: '10.0', java.version: '21.0.3'
Driver info: org.openqa.selenium.chrome.ChromeDriver
Command: [c6fb8903fe71647dd577bd9696691c0d, clickElement {id=f.1DAE30A5B31EC7840DB81C4D0806DB59.d.EBF2033A39F0AA39FFECCF89C4A61FCE.e.2142}]
Capabilities {acceptInsecureCerts: false, browserName: chrome, browserVersion: 131.0.6778.265, chrome: {chromedriverVersion: 131.0.6778.264 (2d05e315153..., userDataDir: C:\Users\INGRID~1.ZAD\AppDa...}, fedcm:accounts: true, goog:chromeOptions: {debuggerAddress: localhost:52772}, networkConnectionEnabled: false, pageLoadStrategy: normal, platformName: windows, proxy: Proxy(), se:cdp: ws://localhost:52772/devtoo..., se:cdpVersion: 131.0.6778.265, setWindowRect: true, strictFileInteractability: false, timeouts: {implicit: 0, pageLoad: 300000, script: 30000}, unhandledPromptBehavior: dismiss and notify, webauthn:extension:credBlob: true, webauthn:extension:largeBlob: true, webauthn:extension:minPinLength: true, webauthn:extension:prf: true, webauthn:virtualAuthenticators: true}
Element: [[ChromeDriver: chrome on windows (c6fb8903fe71647dd577bd9696691c0d)] -> xpath: //mat-label[contains(text(), 'Darbo laiko norma ir darbo laiko režimas')]]
Session ID: c6fb8903fe71647dd577bd9696691c0d
	at java.base/jdk.internal.reflect.DirectConstructorHandleAccessor.newInstance(DirectConstructorHandleAccessor.java:62)
	at java.base/java.lang.reflect.Constructor.newInstanceWithCaller(Constructor.java:502)
	at java.base/java.lang.reflect.Constructor.newInstance(Constructor.java:486)
	at org.openqa.selenium.remote.ErrorCodec.decode(ErrorCodec.java:167)
	at org.openqa.selenium.remote.codec.w3c.W3CHttpResponseCodec.decode(W3CHttpResponseCodec.java:138)
	at org.openqa.selenium.remote.codec.w3c.W3CHttpResponseCodec.decode(W3CHttpResponseCodec.java:50)
	at org.openqa.selenium.remote.HttpCommandExecutor.execute(HttpCommandExecutor.java:190)
	at org.openqa.selenium.remote.service.DriverCommandExecutor.invokeExecute(DriverCommandExecutor.java:216)
	at org.openqa.selenium.remote.service.DriverCommandExecutor.execute(DriverCommandExecutor.java:174)
	at org.openqa.selenium.remote.RemoteWebDriver.execute(RemoteWebDriver.java:545)
	at org.openqa.selenium.remote.RemoteWebElement.execute(RemoteWebElement.java:223)
	at org.openqa.selenium.remote.RemoteWebElement.click(RemoteWebElement.java:76)
	at java.base/jdk.internal.reflect.DirectMethodHandleAccessor.invoke(DirectMethodHandleAccessor.java:103)
	at java.base/java.lang.reflect.Method.invoke(Method.java:580)
	at org.openqa.selenium.support.pagefactory.internal.LocatingElementHandler.invoke(LocatingElementHandler.java:51)
	at jdk.proxy2/jdk.proxy2.$Proxy14.click(Unknown Source)
	at lt.insoft.uztis.pages.SubmittedApplicationsPage.selectDropdownTimeMode(SubmittedApplicationsPage.java:367)
	at lt.insoft.uztis.tests.SubmittedApplicationsPageTest.testFillNewApplication(SubmittedApplicationsPageTest.java:187)
	at java.base/jdk.internal.reflect.DirectMethodHandleAccessor.invoke(DirectMethodHandleAccessor.java:103)
	at java.base/java.lang.reflect.Method.invoke(Method.java:580)
	at org.junit.platform.commons.util.ReflectionUtils.invokeMethod(ReflectionUtils.java:728)
	at org.junit.jupiter.engine.execution.MethodInvocation.proceed(MethodInvocation.java:60)
	at org.junit.jupiter.engine.execution.InvocationInterceptorChain$ValidatingInvocation.proceed(InvocationInterceptorChain.java:131)
	at org.junit.jupiter.engine.extension.TimeoutExtension.intercept(TimeoutExtension.java:156)
	at org.junit.jupiter.engine.extension.TimeoutExtension.interceptTestableMethod(TimeoutExtension.java:147)
	at org.junit.jupiter.engine.extension.TimeoutExtension.interceptTestMethod(TimeoutExtension.java:86)
	at org.junit.jupiter.engine.execution.InterceptingExecutableInvoker$ReflectiveInterceptorCall.lambda$ofVoidMethod$0(InterceptingExecutableInvoker.java:103)
	at org.junit.jupiter.engine.execution.InterceptingExecutableInvoker.lambda$invoke$0(InterceptingExecutableInvoker.java:93)
	at org.junit.jupiter.engine.execution.InvocationInterceptorChain$InterceptedInvocation.proceed(InvocationInterceptorChain.java:106)
	at org.junit.jupiter.engine.execution.InvocationInterceptorChain.proceed(InvocationInterceptorChain.java:64)
	at org.junit.jupiter.engine.execution.InvocationInterceptorChain.chainAndInvoke(InvocationInterceptorChain.java:45)
	at org.junit.jupiter.engine.execution.InvocationInterceptorChain.invoke(InvocationInterceptorChain.java:37)
	at org.junit.jupiter.engine.execution.InterceptingExecutableInvoker.invoke(InterceptingExecutableInvoker.java:92)
	at org.junit.jupiter.engine.execution.InterceptingExecutableInvoker.invoke(InterceptingExecutableInvoker.java:86)
	at org.junit.jupiter.engine.descriptor.TestMethodTestDescriptor.lambda$invokeTestMethod$7(TestMethodTestDescriptor.java:218)
	at org.junit.platform.engine.support.hierarchical.ThrowableCollector.execute(ThrowableCollector.java:73)
	at org.junit.jupiter.engine.descriptor.TestMethodTestDescriptor.invokeTestMethod(TestMethodTestDescriptor.java:214)
	at org.junit.jupiter.engine.descriptor.TestMethodTestDescriptor.execute(TestMethodTestDescriptor.java:139)
	at org.junit.jupiter.engine.descriptor.TestMethodTestDescriptor.execute(TestMethodTestDescriptor.java:69)
	at org.junit.platform.engine.support.hierarchical.NodeTestTask.lambda$executeRecursively$6(NodeTestTask.java:151)
	at org.junit.platform.engine.support.hierarchical.ThrowableCollector.execute(ThrowableCollector.java:73)
	at org.junit.platform.engine.support.hierarchical.NodeTestTask.lambda$executeRecursively$8(NodeTestTask.java:141)
	at org.junit.platform.engine.support.hierarchical.Node.around(Node.java:137)
	at org.junit.platform.engine.support.hierarchical.NodeTestTask.lambda$executeRecursively$9(NodeTestTask.java:139)
	at org.junit.platform.engine.support.hierarchical.ThrowableCollector.execute(ThrowableCollector.java:73)
	at org.junit.platform.engine.support.hierarchical.NodeTestTask.executeRecursively(NodeTestTask.java:138)
	at org.junit.platform.engine.support.hierarchical.NodeTestTask.execute(NodeTestTask.java:95)
	at java.base/java.util.ArrayList.forEach(ArrayList.java:1596)
	at org.junit.platform.engine.support.hierarchical.SameThreadHierarchicalTestExecutorService.invokeAll(SameThreadHierarchicalTestExecutorService.java:41)
	at org.junit.platform.engine.support.hierarchical.NodeTestTask.lambda$executeRecursively$6(NodeTestTask.java:155)
	at org.junit.platform.engine.support.hierarchical.ThrowableCollector.execute(ThrowableCollector.java:73)
	at org.junit.platform.engine.support.hierarchical.NodeTestTask.lambda$executeRecursively$8(NodeTestTask.java:141)
	at org.junit.platform.engine.support.hierarchical.Node.around(Node.java:137)
	at org.junit.platform.engine.support.hierarchical.NodeTestTask.lambda$executeRecursively$9(NodeTestTask.java:139)
	at org.junit.platform.engine.support.hierarchical.ThrowableCollector.execute(ThrowableCollector.java:73)
	at org.junit.platform.engine.support.hierarchical.NodeTestTask.executeRecursively(NodeTestTask.java:138)
	at org.junit.platform.engine.support.hierarchical.NodeTestTask.execute(NodeTestTask.java:95)
	at java.base/java.util.ArrayList.forEach(ArrayList.java:1596)
	at org.junit.platform.engine.support.hierarchical.SameThreadHierarchicalTestExecutorService.invokeAll(SameThreadHierarchicalTestExecutorService.java:41)
	at org.junit.platform.engine.support.hierarchical.NodeTestTask.lambda$executeRecursively$6(NodeTestTask.java:155)
	at org.junit.platform.engine.support.hierarchical.ThrowableCollector.execute(ThrowableCollector.java:73)
	at org.junit.platform.engine.support.hierarchical.NodeTestTask.lambda$executeRecursively$8(NodeTestTask.java:141)
	at org.junit.platform.engine.support.hierarchical.Node.around(Node.java:137)
	at org.junit.platform.engine.support.hierarchical.NodeTestTask.lambda$executeRecursively$9(NodeTestTask.java:139)
	at org.junit.platform.engine.support.hierarchical.ThrowableCollector.execute(ThrowableCollector.java:73)
	at org.junit.platform.engine.support.hierarchical.NodeTestTask.executeRecursively(NodeTestTask.java:138)
	at org.junit.platform.engine.support.hierarchical.NodeTestTask.execute(NodeTestTask.java:95)
	at org.junit.platform.engine.support.hierarchical.SameThreadHierarchicalTestExecutorService.submit(SameThreadHierarchicalTestExecutorService.java:35)
	at org.junit.platform.engine.support.hierarchical.HierarchicalTestExecutor.execute(HierarchicalTestExecutor.java:57)
	at org.junit.platform.engine.support.hierarchical.HierarchicalTestEngine.execute(HierarchicalTestEngine.java:54)
	at org.junit.platform.launcher.core.EngineExecutionOrchestrator.execute(EngineExecutionOrchestrator.java:198)
	at org.junit.platform.launcher.core.EngineExecutionOrchestrator.execute(EngineExecutionOrchestrator.java:169)
	at org.junit.platform.launcher.core.EngineExecutionOrchestrator.execute(EngineExecutionOrchestrator.java:93)
	at org.junit.platform.launcher.core.EngineExecutionOrchestrator.lambda$execute$0(EngineExecutionOrchestrator.java:58)
	at org.junit.platform.launcher.core.EngineExecutionOrchestrator.withInterceptedStreams(EngineExecutionOrchestrator.java:141)
	at org.junit.platform.launcher.core.EngineExecutionOrchestrator.execute(EngineExecutionOrchestrator.java:57)
	at org.junit.platform.launcher.core.DefaultLauncher.execute(DefaultLauncher.java:103)
	at org.junit.platform.launcher.core.DefaultLauncher.execute(DefaultLauncher.java:85)
	at org.junit.platform.launcher.core.DelegatingLauncher.execute(DelegatingLauncher.java:47)
	at org.junit.platform.launcher.core.SessionPerRequestLauncher.execute(SessionPerRequestLauncher.java:63)
	at com.intellij.junit5.JUnit5IdeaTestRunner.startRunnerWithArgs(JUnit5IdeaTestRunner.java:57)
	at com.intellij.rt.junit.IdeaTestRunner$Repeater$1.execute(IdeaTestRunner.java:38)
	at com.intellij.rt.execution.junit.TestsRepeater.repeat(TestsRepeater.java:11)
	at com.intellij.rt.junit.IdeaTestRunner$Repeater.startRunnerWithArgs(IdeaTestRunner.java:35)
	at com.intellij.rt.junit.JUnitStarter.prepareStreamsAndStart(JUnitStarter.java:232)
	at com.intellij.rt.junit.JUnitStarter.main(JUnitStarter.java:55)
2025-01-27 12:12:01 [main] INFO  l.insoft.uztis.tests.utils.TestUtils - Screenshot moved to C:\Users\ingrida.zadorozniene\Desktop\Asm\UZTIS\UZTIS_tests\test-output\screenshots\20250127\121201642_testFillNewApplication().png
2025-01-27 12:14:21 [main] INFO  lt.insoft.uztis.tests.UztisPageTest - Navigated to https://uztisdev.asseco.lt/home
2025-01-27 12:14:21 [main] INFO  l.i.u.t.SubmittedApplicationsPageTest - Starting test:'testFillNewApplication'
2025-01-27 12:14:22 [main] DEBUG l.i.u.t.SubmittedApplicationsPageTest - User logged in with test credentials
2025-01-27 12:14:22 [main] DEBUG l.i.u.t.SubmittedApplicationsPageTest - Opened 'Application Processing' menu.
2025-01-27 12:14:22 [main] DEBUG l.i.u.t.SubmittedApplicationsPageTest - Clicked on 'Application Forms' menu.
2025-01-27 12:14:23 [main] DEBUG l.i.u.t.SubmittedApplicationsPageTest - Retrieved last description code text: 'TST-VUI-67'.
2025-01-27 12:14:23 [main] DEBUG l.i.u.t.SubmittedApplicationsPageTest - Clicked on 'Invitation' menu.
2025-01-27 12:14:24 [main] DEBUG l.i.u.t.SubmittedApplicationsPageTest - Selected application section by code: 'TST-VUI-67'.
2025-01-27 12:14:24 [main] DEBUG l.i.u.t.SubmittedApplicationsPageTest - Clicked 'Search' button.
2025-01-27 12:14:24 [main] DEBUG l.i.u.t.SubmittedApplicationsPageTest - Retrieved invitation code: ''.
2025-01-27 12:14:24 [main] DEBUG l.i.u.t.SubmittedApplicationsPageTest - Clicked on 'Submitted Applications' menu.
2025-01-27 12:14:24 [main] DEBUG l.i.u.t.SubmittedApplicationsPageTest - Selected invitation by code: 'TST-VUI-67'.
2025-01-27 12:14:25 [main] DEBUG l.i.u.t.SubmittedApplicationsPageTest - Clicked on 'Action Application' button.
2025-01-27 12:14:25 [main] DEBUG l.i.u.t.SubmittedApplicationsPageTest - Clicked on 'New Application' button.
2025-01-27 12:14:25 [main] DEBUG l.i.u.t.SubmittedApplicationsPageTest - Clicked on 'RadioButtonFA' button.
2025-01-27 12:14:25 [main] DEBUG l.i.u.t.SubmittedApplicationsPageTest - Entered phone number into the input field.
2025-01-27 12:14:26 [main] DEBUG l.i.u.t.SubmittedApplicationsPageTest - Entered eMail into the input field.
2025-01-27 12:14:26 [main] INFO  l.i.u.p.SubmittedApplicationsPage - Located the dropdown button.
2025-01-27 12:14:44 [main] INFO  l.i.u.p.SubmittedApplicationsPage - Found 1741 options in the dropdown.
2025-01-27 12:14:44 [main] INFO  l.i.u.p.SubmittedApplicationsPage - Successfully selected the value: '01.11 - Grūdinių (išskyrus ryžius), ankštinių ir aliejingų sėklų augalų auginimas'
2025-01-27 12:14:54 [main] ERROR l.i.u.p.SubmittedApplicationsPage - Failed to close the dropdown with aria-expanded = 'false'. Attempting manual close.
2025-01-27 12:14:55 [main] INFO  l.i.u.p.SubmittedApplicationsPage - Manual close attempt for the dropdown using body click.
2025-01-27 12:14:55 [main] DEBUG l.i.u.t.SubmittedApplicationsPageTest - Entered Address into the input field.
2025-01-27 12:14:55 [main] DEBUG l.i.u.t.SubmittedApplicationsPageTest - Entered Address into the input field.
2025-01-27 12:14:55 [main] INFO  l.i.u.p.SubmittedApplicationsPage - Located the dropdown button.
2025-01-27 12:14:56 [main] INFO  l.i.u.p.SubmittedApplicationsPage - Successfully selected the value: 'Administratoriai'
2025-01-27 12:15:06 [main] ERROR l.i.u.p.SubmittedApplicationsPage - Timeout while waiting for dropdown to close with aria-expanded = 'false'.
2025-01-27 12:15:06 [main] DEBUG l.i.u.t.SubmittedApplicationsPageTest - Selected the value: 'Administratoriai'
2025-01-27 12:15:07 [main] INFO  l.i.u.p.SubmittedApplicationsPage - Located the dropdown button.
2025-01-27 12:15:07 [main] INFO  l.i.u.p.SubmittedApplicationsPage - Successfully selected the value: 'Kita'
2025-01-27 12:15:18 [main] ERROR l.i.u.p.SubmittedApplicationsPage - Timeout while waiting for dropdown to close with aria-expanded = 'false'.
2025-01-27 12:15:18 [main] DEBUG l.i.u.t.SubmittedApplicationsPageTest - Selected the value: 'Kita'
2025-01-27 12:15:18 [main] INFO  l.i.u.t.SubmittedApplicationsPageTest - Test 'testFillNewApplication' completed successfully.
2025-01-27 12:16:38 [main] INFO  lt.insoft.uztis.tests.UztisPageTest - Navigated to https://uztisdev.asseco.lt/home
2025-01-27 12:16:38 [main] INFO  l.i.u.t.SubmittedApplicationsPageTest - Starting test:'testFillNewApplication'
2025-01-27 12:16:38 [main] DEBUG l.i.u.t.SubmittedApplicationsPageTest - User logged in with test credentials
2025-01-27 12:16:38 [main] DEBUG l.i.u.t.SubmittedApplicationsPageTest - Opened 'Application Processing' menu.
2025-01-27 12:16:39 [main] DEBUG l.i.u.t.SubmittedApplicationsPageTest - Clicked on 'Application Forms' menu.
2025-01-27 12:16:39 [main] DEBUG l.i.u.t.SubmittedApplicationsPageTest - Retrieved last description code text: 'TST-VUI-67'.
2025-01-27 12:16:39 [main] DEBUG l.i.u.t.SubmittedApplicationsPageTest - Clicked on 'Invitation' menu.
2025-01-27 12:16:40 [main] DEBUG l.i.u.t.SubmittedApplicationsPageTest - Selected application section by code: 'TST-VUI-67'.
2025-01-27 12:16:40 [main] DEBUG l.i.u.t.SubmittedApplicationsPageTest - Clicked 'Search' button.
2025-01-27 12:16:40 [main] DEBUG l.i.u.t.SubmittedApplicationsPageTest - Retrieved invitation code: ''.
2025-01-27 12:16:40 [main] DEBUG l.i.u.t.SubmittedApplicationsPageTest - Clicked on 'Submitted Applications' menu.
2025-01-27 12:16:41 [main] DEBUG l.i.u.t.SubmittedApplicationsPageTest - Selected invitation by code: 'TST-VUI-67'.
2025-01-27 12:16:41 [main] DEBUG l.i.u.t.SubmittedApplicationsPageTest - Clicked on 'Action Application' button.
2025-01-27 12:16:41 [main] DEBUG l.i.u.t.SubmittedApplicationsPageTest - Clicked on 'New Application' button.
2025-01-27 12:16:42 [main] DEBUG l.i.u.t.SubmittedApplicationsPageTest - Clicked on 'RadioButtonFA' button.
2025-01-27 12:16:42 [main] DEBUG l.i.u.t.SubmittedApplicationsPageTest - Entered phone number into the input field.
2025-01-27 12:16:42 [main] DEBUG l.i.u.t.SubmittedApplicationsPageTest - Entered eMail into the input field.
2025-01-27 12:16:42 [main] INFO  l.i.u.p.SubmittedApplicationsPage - Located the dropdown button.
2025-01-27 12:17:00 [main] INFO  l.i.u.p.SubmittedApplicationsPage - Found 1741 options in the dropdown.
2025-01-27 12:17:00 [main] INFO  l.i.u.p.SubmittedApplicationsPage - Successfully selected the value: '01.11 - Grūdinių (išskyrus ryžius), ankštinių ir aliejingų sėklų augalų auginimas'
2025-01-27 12:17:11 [main] ERROR l.i.u.p.SubmittedApplicationsPage - Failed to close the dropdown with aria-expanded = 'false'. Attempting manual close.
2025-01-27 12:17:11 [main] INFO  l.i.u.p.SubmittedApplicationsPage - Manual close attempt for the dropdown using body click.
2025-01-27 12:17:11 [main] DEBUG l.i.u.t.SubmittedApplicationsPageTest - Entered Address into the input field.
2025-01-27 12:17:11 [main] DEBUG l.i.u.t.SubmittedApplicationsPageTest - Entered Address into the input field.
2025-01-27 12:17:12 [main] INFO  l.i.u.p.SubmittedApplicationsPage - Located the dropdown button.
2025-01-27 12:17:13 [main] INFO  l.i.u.p.SubmittedApplicationsPage - Successfully selected the value: 'Administratoriai'
2025-01-27 12:17:23 [main] ERROR l.i.u.p.SubmittedApplicationsPage - Timeout while waiting for dropdown to close with aria-expanded = 'false'.
2025-01-27 12:17:23 [main] DEBUG l.i.u.t.SubmittedApplicationsPageTest - Selected the value: 'Administratoriai'
2025-01-27 12:17:24 [main] INFO  l.i.u.p.SubmittedApplicationsPage - Located the dropdown button.
2025-01-27 12:17:24 [main] INFO  l.i.u.p.SubmittedApplicationsPage - Successfully selected the value: 'Kita'
2025-01-27 12:17:34 [main] ERROR l.i.u.p.SubmittedApplicationsPage - Timeout while waiting for dropdown to close with aria-expanded = 'false'.
2025-01-27 12:17:34 [main] DEBUG l.i.u.t.SubmittedApplicationsPageTest - Selected the value: 'Kita'
2025-01-27 12:17:34 [main] INFO  l.i.u.p.SubmittedApplicationsPage - Located the dropdown button.
2025-01-27 12:17:35 [main] WARN  l.i.u.p.SubmittedApplicationsPage - Dropdown value '6 val. per dieną ir 4 d. per savaitę' not found.
2025-01-27 12:17:45 [main] ERROR l.i.u.p.SubmittedApplicationsPage - Timeout while waiting for dropdown to close with aria-expanded = 'false'.
2025-01-27 12:17:45 [main] DEBUG l.i.u.t.SubmittedApplicationsPageTest - Selected the value: '6 val. per dieną ir 4 d. per savaitę'
2025-01-27 12:17:45 [main] INFO  l.i.u.t.SubmittedApplicationsPageTest - Test 'testFillNewApplication' completed successfully.
2025-01-27 12:23:59 [main] INFO  lt.insoft.uztis.tests.UztisPageTest - Navigated to https://uztisdev.asseco.lt/home
2025-01-27 12:23:59 [main] INFO  l.i.u.t.SubmittedApplicationsPageTest - Starting test:'testFillNewApplication'
2025-01-27 12:24:00 [main] DEBUG l.i.u.t.SubmittedApplicationsPageTest - User logged in with test credentials
2025-01-27 12:24:00 [main] DEBUG l.i.u.t.SubmittedApplicationsPageTest - Opened 'Application Processing' menu.
2025-01-27 12:24:00 [main] DEBUG l.i.u.t.SubmittedApplicationsPageTest - Clicked on 'Application Forms' menu.
2025-01-27 12:24:01 [main] DEBUG l.i.u.t.SubmittedApplicationsPageTest - Retrieved last description code text: 'TST-VUI-67'.
2025-01-27 12:24:01 [main] DEBUG l.i.u.t.SubmittedApplicationsPageTest - Clicked on 'Invitation' menu.
2025-01-27 12:24:02 [main] DEBUG l.i.u.t.SubmittedApplicationsPageTest - Selected application section by code: 'TST-VUI-67'.
2025-01-27 12:24:02 [main] DEBUG l.i.u.t.SubmittedApplicationsPageTest - Clicked 'Search' button.
2025-01-27 12:24:02 [main] DEBUG l.i.u.t.SubmittedApplicationsPageTest - Retrieved invitation code: ''.
2025-01-27 12:24:02 [main] DEBUG l.i.u.t.SubmittedApplicationsPageTest - Clicked on 'Submitted Applications' menu.
2025-01-27 12:24:03 [main] DEBUG l.i.u.t.SubmittedApplicationsPageTest - Selected invitation by code: 'TST-VUI-67'.
2025-01-27 12:24:03 [main] DEBUG l.i.u.t.SubmittedApplicationsPageTest - Clicked on 'Action Application' button.
2025-01-27 12:24:03 [main] DEBUG l.i.u.t.SubmittedApplicationsPageTest - Clicked on 'New Application' button.
2025-01-27 12:24:03 [main] DEBUG l.i.u.t.SubmittedApplicationsPageTest - Clicked on 'RadioButtonFA' button.
2025-01-27 12:24:04 [main] DEBUG l.i.u.t.SubmittedApplicationsPageTest - Entered phone number into the input field.
2025-01-27 12:24:04 [main] DEBUG l.i.u.t.SubmittedApplicationsPageTest - Entered eMail into the input field.
2025-01-27 12:24:04 [main] INFO  l.i.u.p.SubmittedApplicationsPage - Located the dropdown button.
2025-01-27 12:24:24 [main] INFO  l.i.u.p.SubmittedApplicationsPage - Found 1741 options in the dropdown.
2025-01-27 12:24:25 [main] INFO  l.i.u.p.SubmittedApplicationsPage - Successfully selected the value: '01.11 - Grūdinių (išskyrus ryžius), ankštinių ir aliejingų sėklų augalų auginimas'
2025-01-27 12:24:35 [main] ERROR l.i.u.p.SubmittedApplicationsPage - Failed to close the dropdown with aria-expanded = 'false'. Attempting manual close.
2025-01-27 12:24:35 [main] INFO  l.i.u.p.SubmittedApplicationsPage - Manual close attempt for the dropdown using body click.
2025-01-27 12:24:36 [main] DEBUG l.i.u.t.SubmittedApplicationsPageTest - Entered Address into the input field.
2025-01-27 12:24:36 [main] DEBUG l.i.u.t.SubmittedApplicationsPageTest - Entered Address into the input field.
2025-01-27 12:24:36 [main] INFO  l.i.u.p.SubmittedApplicationsPage - Located the dropdown button.
2025-01-27 12:24:37 [main] INFO  l.i.u.p.SubmittedApplicationsPage - Successfully selected the value: 'Administratoriai'
2025-01-27 12:24:48 [main] ERROR l.i.u.p.SubmittedApplicationsPage - Timeout while waiting for dropdown to close with aria-expanded = 'false'.
2025-01-27 12:24:48 [main] DEBUG l.i.u.t.SubmittedApplicationsPageTest - Selected the value: 'Administratoriai'
2025-01-27 12:24:48 [main] INFO  l.i.u.p.SubmittedApplicationsPage - Located the dropdown button.
2025-01-27 12:24:49 [main] INFO  l.i.u.p.SubmittedApplicationsPage - Successfully selected the value: 'Kita'
2025-01-27 12:24:59 [main] ERROR l.i.u.p.SubmittedApplicationsPage - Timeout while waiting for dropdown to close with aria-expanded = 'false'.
2025-01-27 12:24:59 [main] DEBUG l.i.u.t.SubmittedApplicationsPageTest - Selected the value: 'Kita'
2025-01-27 12:24:59 [main] INFO  l.i.u.p.SubmittedApplicationsPage - Located the dropdown button.
2025-01-27 12:24:59 [main] WARN  l.i.u.p.SubmittedApplicationsPage - Dropdown value '6 val. per dieną ir 4 d. per savaitę' not found.
2025-01-27 12:25:10 [main] ERROR l.i.u.p.SubmittedApplicationsPage - Timeout while waiting for dropdown to close with aria-expanded = 'false'.
2025-01-27 12:25:10 [main] DEBUG l.i.u.t.SubmittedApplicationsPageTest - Selected the value: '6 val. per dieną ir 4 d. per savaitę'
2025-01-27 12:25:10 [main] INFO  l.i.u.t.SubmittedApplicationsPageTest - Test 'testFillNewApplication' completed successfully.
2025-01-27 12:26:38 [main] INFO  lt.insoft.uztis.tests.UztisPageTest - Navigated to https://uztisdev.asseco.lt/home
2025-01-27 12:26:38 [main] INFO  l.i.u.t.SubmittedApplicationsPageTest - Starting test:'testFillNewApplication'
2025-01-27 12:26:38 [main] DEBUG l.i.u.t.SubmittedApplicationsPageTest - User logged in with test credentials
2025-01-27 12:26:39 [main] DEBUG l.i.u.t.SubmittedApplicationsPageTest - Opened 'Application Processing' menu.
2025-01-27 12:26:39 [main] DEBUG l.i.u.t.SubmittedApplicationsPageTest - Clicked on 'Application Forms' menu.
2025-01-27 12:26:39 [main] DEBUG l.i.u.t.SubmittedApplicationsPageTest - Retrieved last description code text: 'TST-VUI-67'.
2025-01-27 12:26:39 [main] DEBUG l.i.u.t.SubmittedApplicationsPageTest - Clicked on 'Invitation' menu.
2025-01-27 12:26:40 [main] DEBUG l.i.u.t.SubmittedApplicationsPageTest - Selected application section by code: 'TST-VUI-67'.
2025-01-27 12:26:40 [main] DEBUG l.i.u.t.SubmittedApplicationsPageTest - Clicked 'Search' button.
2025-01-27 12:26:40 [main] DEBUG l.i.u.t.SubmittedApplicationsPageTest - Retrieved invitation code: ''.
2025-01-27 12:26:40 [main] DEBUG l.i.u.t.SubmittedApplicationsPageTest - Clicked on 'Submitted Applications' menu.
2025-01-27 12:26:41 [main] DEBUG l.i.u.t.SubmittedApplicationsPageTest - Selected invitation by code: 'TST-VUI-67'.
2025-01-27 12:26:41 [main] DEBUG l.i.u.t.SubmittedApplicationsPageTest - Clicked on 'Action Application' button.
2025-01-27 12:26:41 [main] DEBUG l.i.u.t.SubmittedApplicationsPageTest - Clicked on 'New Application' button.
2025-01-27 12:26:42 [main] DEBUG l.i.u.t.SubmittedApplicationsPageTest - Clicked on 'RadioButtonFA' button.
2025-01-27 12:26:42 [main] DEBUG l.i.u.t.SubmittedApplicationsPageTest - Entered phone number into the input field.
2025-01-27 12:26:42 [main] DEBUG l.i.u.t.SubmittedApplicationsPageTest - Entered eMail into the input field.
2025-01-27 12:26:42 [main] INFO  l.i.u.p.SubmittedApplicationsPage - Located the dropdown button.
2025-01-27 12:27:02 [main] INFO  l.i.u.p.SubmittedApplicationsPage - Found 1741 options in the dropdown.
2025-01-27 12:27:02 [main] INFO  l.i.u.p.SubmittedApplicationsPage - Successfully selected the value: '01.11 - Grūdinių (išskyrus ryžius), ankštinių ir aliejingų sėklų augalų auginimas'
2025-01-27 12:27:13 [main] ERROR l.i.u.p.SubmittedApplicationsPage - Failed to close the dropdown with aria-expanded = 'false'. Attempting manual close.
2025-01-27 12:27:13 [main] INFO  l.i.u.p.SubmittedApplicationsPage - Manual close attempt for the dropdown using body click.
2025-01-27 12:27:13 [main] DEBUG l.i.u.t.SubmittedApplicationsPageTest - Entered Address into the input field.
2025-01-27 12:27:13 [main] DEBUG l.i.u.t.SubmittedApplicationsPageTest - Entered Address into the input field.
2025-01-27 12:27:14 [main] INFO  l.i.u.p.SubmittedApplicationsPage - Located the dropdown button.
2025-01-27 12:27:15 [main] INFO  l.i.u.p.SubmittedApplicationsPage - Successfully selected the value: 'Administratoriai'
2025-01-27 12:27:25 [main] ERROR l.i.u.p.SubmittedApplicationsPage - Timeout while waiting for dropdown to close with aria-expanded = 'false'.
2025-01-27 12:27:25 [main] DEBUG l.i.u.t.SubmittedApplicationsPageTest - Selected the value: 'Administratoriai'
2025-01-27 12:27:25 [main] INFO  l.i.u.p.SubmittedApplicationsPage - Located the dropdown button.
2025-01-27 12:27:26 [main] INFO  l.i.u.p.SubmittedApplicationsPage - Successfully selected the value: 'Kita'
2025-01-27 12:27:36 [main] ERROR l.i.u.p.SubmittedApplicationsPage - Timeout while waiting for dropdown to close with aria-expanded = 'false'.
2025-01-27 12:27:36 [main] DEBUG l.i.u.t.SubmittedApplicationsPageTest - Selected the value: 'Kita'
2025-01-27 12:27:36 [main] INFO  l.i.u.p.SubmittedApplicationsPage - Located the dropdown button.
2025-01-27 12:27:37 [main] WARN  l.i.u.p.SubmittedApplicationsPage - Dropdown value '6 val. per dieną ir 4 d. per savaitę' not found.
2025-01-27 12:27:47 [main] ERROR l.i.u.p.SubmittedApplicationsPage - Timeout while waiting for dropdown to close with aria-expanded = 'false'.
2025-01-27 12:27:47 [main] DEBUG l.i.u.t.SubmittedApplicationsPageTest - Selected the value: '6 val. per dieną ir 4 d. per savaitę'
2025-01-27 12:27:47 [main] INFO  l.i.u.t.SubmittedApplicationsPageTest - Test 'testFillNewApplication' completed successfully.
2025-01-27 12:33:19 [main] INFO  lt.insoft.uztis.tests.UztisPageTest - Navigated to https://uztisdev.asseco.lt/home
2025-01-27 12:33:19 [main] INFO  l.i.u.t.SubmittedApplicationsPageTest - Starting test:'testFillNewApplication'
2025-01-27 12:33:19 [main] DEBUG l.i.u.t.SubmittedApplicationsPageTest - User logged in with test credentials
2025-01-27 12:33:20 [main] DEBUG l.i.u.t.SubmittedApplicationsPageTest - Opened 'Application Processing' menu.
2025-01-27 12:33:20 [main] DEBUG l.i.u.t.SubmittedApplicationsPageTest - Clicked on 'Application Forms' menu.
2025-01-27 12:33:21 [main] DEBUG l.i.u.t.SubmittedApplicationsPageTest - Retrieved last description code text: 'TST-VUI-67'.
2025-01-27 12:33:21 [main] DEBUG l.i.u.t.SubmittedApplicationsPageTest - Clicked on 'Invitation' menu.
2025-01-27 12:33:22 [main] DEBUG l.i.u.t.SubmittedApplicationsPageTest - Selected application section by code: 'TST-VUI-67'.
2025-01-27 12:33:22 [main] DEBUG l.i.u.t.SubmittedApplicationsPageTest - Clicked 'Search' button.
2025-01-27 12:33:22 [main] DEBUG l.i.u.t.SubmittedApplicationsPageTest - Retrieved invitation code: ''.
2025-01-27 12:33:22 [main] DEBUG l.i.u.t.SubmittedApplicationsPageTest - Clicked on 'Submitted Applications' menu.
2025-01-27 12:33:23 [main] DEBUG l.i.u.t.SubmittedApplicationsPageTest - Selected invitation by code: 'TST-VUI-67'.
2025-01-27 12:33:23 [main] DEBUG l.i.u.t.SubmittedApplicationsPageTest - Clicked on 'Action Application' button.
2025-01-27 12:33:23 [main] DEBUG l.i.u.t.SubmittedApplicationsPageTest - Clicked on 'New Application' button.
2025-01-27 12:33:24 [main] DEBUG l.i.u.t.SubmittedApplicationsPageTest - Clicked on 'RadioButtonFA' button.
2025-01-27 12:33:24 [main] DEBUG l.i.u.t.SubmittedApplicationsPageTest - Entered phone number into the input field.
2025-01-27 12:33:24 [main] DEBUG l.i.u.t.SubmittedApplicationsPageTest - Entered eMail into the input field.
2025-01-27 12:33:24 [main] INFO  l.i.u.p.SubmittedApplicationsPage - Located the dropdown button.
2025-01-27 12:33:44 [main] INFO  l.i.u.p.SubmittedApplicationsPage - Found 1741 options in the dropdown.
2025-01-27 12:33:45 [main] INFO  l.i.u.p.SubmittedApplicationsPage - Successfully selected the value: '01.11 - Grūdinių (išskyrus ryžius), ankštinių ir aliejingų sėklų augalų auginimas'
2025-01-27 12:33:55 [main] ERROR l.i.u.p.SubmittedApplicationsPage - Failed to close the dropdown with aria-expanded = 'false'. Attempting manual close.
2025-01-27 12:33:55 [main] INFO  l.i.u.p.SubmittedApplicationsPage - Manual close attempt for the dropdown using body click.
2025-01-27 12:33:56 [main] DEBUG l.i.u.t.SubmittedApplicationsPageTest - Entered Address into the input field.
2025-01-27 12:33:56 [main] DEBUG l.i.u.t.SubmittedApplicationsPageTest - Entered Address into the input field.
2025-01-27 12:33:56 [main] INFO  l.i.u.p.SubmittedApplicationsPage - Located the dropdown button.
2025-01-27 12:33:58 [main] INFO  l.i.u.p.SubmittedApplicationsPage - Successfully selected the value: 'Administratoriai'
2025-01-27 12:34:08 [main] ERROR l.i.u.p.SubmittedApplicationsPage - Timeout while waiting for dropdown to close with aria-expanded = 'false'.
2025-01-27 12:34:08 [main] DEBUG l.i.u.t.SubmittedApplicationsPageTest - Selected the value: 'Administratoriai'
2025-01-27 12:34:08 [main] INFO  l.i.u.p.SubmittedApplicationsPage - Located the dropdown button.
2025-01-27 12:34:09 [main] INFO  l.i.u.p.SubmittedApplicationsPage - Successfully selected the value: 'Kita'
2025-01-27 12:34:19 [main] ERROR l.i.u.p.SubmittedApplicationsPage - Timeout while waiting for dropdown to close with aria-expanded = 'false'.
2025-01-27 12:34:19 [main] DEBUG l.i.u.t.SubmittedApplicationsPageTest - Selected the value: 'Kita'
2025-01-27 12:34:19 [main] INFO  l.i.u.p.SubmittedApplicationsPage - Located the dropdown button.
2025-01-27 12:34:19 [main] ERROR l.i.u.t.SubmittedApplicationsPageTest - Test 'testFillNewApplication' failed with error: invalid selector
from javascript error: {"status":32,"value":"Unable to locate an element with the xpath expression (//mat-label[contains(text(), 'Darbo laiko norma ir darbo laiko režimas')]//following::input[1] because of the following error:\nSyntaxError: Failed to execute 'evaluate' on 'Document': The string '(//mat-label[contains(text(), 'Darbo laiko norma ir darbo laiko režimas')]//following::input[1]' is not a valid XPath expression."}
  (Session info: chrome=131.0.6778.265)
For documentation on this error, please visit: https://www.selenium.dev/documentation/webdriver/troubleshooting/errors#invalid-selector-exception
Build info: version: '4.27.0', revision: 'd6e718d134'
System info: os.name: 'Windows 11', os.arch: 'amd64', os.version: '10.0', java.version: '21.0.3'
Driver info: org.openqa.selenium.chrome.ChromeDriver
Command: [afa65b582888c96ef781e53d4cf0f8e5, findElement {using=xpath, value=(//mat-label[contains(text(), 'Darbo laiko norma ir darbo laiko režimas')]//following::input[1]}]
Capabilities {acceptInsecureCerts: false, browserName: chrome, browserVersion: 131.0.6778.265, chrome: {chromedriverVersion: 131.0.6778.264 (2d05e315153..., userDataDir: C:\Users\INGRID~1.ZAD\AppDa...}, fedcm:accounts: true, goog:chromeOptions: {debuggerAddress: localhost:53595}, networkConnectionEnabled: false, pageLoadStrategy: normal, platformName: windows, proxy: Proxy(), se:cdp: ws://localhost:53595/devtoo..., se:cdpVersion: 131.0.6778.265, setWindowRect: true, strictFileInteractability: false, timeouts: {implicit: 0, pageLoad: 300000, script: 30000}, unhandledPromptBehavior: dismiss and notify, webauthn:extension:credBlob: true, webauthn:extension:largeBlob: true, webauthn:extension:minPinLength: true, webauthn:extension:prf: true, webauthn:virtualAuthenticators: true}
Session ID: afa65b582888c96ef781e53d4cf0f8e5
org.openqa.selenium.InvalidSelectorException: invalid selector
from javascript error: {"status":32,"value":"Unable to locate an element with the xpath expression (//mat-label[contains(text(), 'Darbo laiko norma ir darbo laiko režimas')]//following::input[1] because of the following error:\nSyntaxError: Failed to execute 'evaluate' on 'Document': The string '(//mat-label[contains(text(), 'Darbo laiko norma ir darbo laiko režimas')]//following::input[1]' is not a valid XPath expression."}
  (Session info: chrome=131.0.6778.265)
For documentation on this error, please visit: https://www.selenium.dev/documentation/webdriver/troubleshooting/errors#invalid-selector-exception
Build info: version: '4.27.0', revision: 'd6e718d134'
System info: os.name: 'Windows 11', os.arch: 'amd64', os.version: '10.0', java.version: '21.0.3'
Driver info: org.openqa.selenium.chrome.ChromeDriver
Command: [afa65b582888c96ef781e53d4cf0f8e5, findElement {using=xpath, value=(//mat-label[contains(text(), 'Darbo laiko norma ir darbo laiko režimas')]//following::input[1]}]
Capabilities {acceptInsecureCerts: false, browserName: chrome, browserVersion: 131.0.6778.265, chrome: {chromedriverVersion: 131.0.6778.264 (2d05e315153..., userDataDir: C:\Users\INGRID~1.ZAD\AppDa...}, fedcm:accounts: true, goog:chromeOptions: {debuggerAddress: localhost:53595}, networkConnectionEnabled: false, pageLoadStrategy: normal, platformName: windows, proxy: Proxy(), se:cdp: ws://localhost:53595/devtoo..., se:cdpVersion: 131.0.6778.265, setWindowRect: true, strictFileInteractability: false, timeouts: {implicit: 0, pageLoad: 300000, script: 30000}, unhandledPromptBehavior: dismiss and notify, webauthn:extension:credBlob: true, webauthn:extension:largeBlob: true, webauthn:extension:minPinLength: true, webauthn:extension:prf: true, webauthn:virtualAuthenticators: true}
Session ID: afa65b582888c96ef781e53d4cf0f8e5
	at java.base/jdk.internal.reflect.DirectConstructorHandleAccessor.newInstance(DirectConstructorHandleAccessor.java:62)
	at java.base/java.lang.reflect.Constructor.newInstanceWithCaller(Constructor.java:502)
	at java.base/java.lang.reflect.Constructor.newInstance(Constructor.java:486)
	at org.openqa.selenium.remote.ErrorCodec.decode(ErrorCodec.java:167)
	at org.openqa.selenium.remote.codec.w3c.W3CHttpResponseCodec.decode(W3CHttpResponseCodec.java:138)
	at org.openqa.selenium.remote.codec.w3c.W3CHttpResponseCodec.decode(W3CHttpResponseCodec.java:50)
	at org.openqa.selenium.remote.HttpCommandExecutor.execute(HttpCommandExecutor.java:190)
	at org.openqa.selenium.remote.service.DriverCommandExecutor.invokeExecute(DriverCommandExecutor.java:216)
	at org.openqa.selenium.remote.service.DriverCommandExecutor.execute(DriverCommandExecutor.java:174)
	at org.openqa.selenium.remote.RemoteWebDriver.execute(RemoteWebDriver.java:545)
	at org.openqa.selenium.remote.ElementLocation$ElementFinder$2.findElement(ElementLocation.java:165)
	at org.openqa.selenium.remote.ElementLocation.findElement(ElementLocation.java:59)
	at org.openqa.selenium.remote.RemoteWebDriver.findElement(RemoteWebDriver.java:368)
	at org.openqa.selenium.remote.RemoteWebDriver.findElement(RemoteWebDriver.java:362)
	at org.openqa.selenium.support.pagefactory.DefaultElementLocator.findElement(DefaultElementLocator.java:68)
	at org.openqa.selenium.support.pagefactory.internal.LocatingElementHandler.invoke(LocatingElementHandler.java:38)
	at jdk.proxy2/jdk.proxy2.$Proxy14.isDisplayed(Unknown Source)
	at org.openqa.selenium.support.ui.ExpectedConditions.elementIfVisible(ExpectedConditions.java:304)
	at org.openqa.selenium.support.ui.ExpectedConditions$10.apply(ExpectedConditions.java:290)
	at org.openqa.selenium.support.ui.ExpectedConditions$10.apply(ExpectedConditions.java:287)
	at org.openqa.selenium.support.ui.ExpectedConditions$23.apply(ExpectedConditions.java:656)
	at org.openqa.selenium.support.ui.ExpectedConditions$23.apply(ExpectedConditions.java:652)
	at org.openqa.selenium.support.ui.FluentWait.until(FluentWait.java:203)
	at lt.insoft.uztis.pages.SubmittedApplicationsPage.selectDropdownTimeModeOthers(SubmittedApplicationsPage.java:407)
	at lt.insoft.uztis.tests.SubmittedApplicationsPageTest.testFillNewApplication(SubmittedApplicationsPageTest.java:191)
	at java.base/jdk.internal.reflect.DirectMethodHandleAccessor.invoke(DirectMethodHandleAccessor.java:103)
	at java.base/java.lang.reflect.Method.invoke(Method.java:580)
	at org.junit.platform.commons.util.ReflectionUtils.invokeMethod(ReflectionUtils.java:728)
	at org.junit.jupiter.engine.execution.MethodInvocation.proceed(MethodInvocation.java:60)
	at org.junit.jupiter.engine.execution.InvocationInterceptorChain$ValidatingInvocation.proceed(InvocationInterceptorChain.java:131)
	at org.junit.jupiter.engine.extension.TimeoutExtension.intercept(TimeoutExtension.java:156)
	at org.junit.jupiter.engine.extension.TimeoutExtension.interceptTestableMethod(TimeoutExtension.java:147)
	at org.junit.jupiter.engine.extension.TimeoutExtension.interceptTestMethod(TimeoutExtension.java:86)
	at org.junit.jupiter.engine.execution.InterceptingExecutableInvoker$ReflectiveInterceptorCall.lambda$ofVoidMethod$0(InterceptingExecutableInvoker.java:103)
	at org.junit.jupiter.engine.execution.InterceptingExecutableInvoker.lambda$invoke$0(InterceptingExecutableInvoker.java:93)
	at org.junit.jupiter.engine.execution.InvocationInterceptorChain$InterceptedInvocation.proceed(InvocationInterceptorChain.java:106)
	at org.junit.jupiter.engine.execution.InvocationInterceptorChain.proceed(InvocationInterceptorChain.java:64)
	at org.junit.jupiter.engine.execution.InvocationInterceptorChain.chainAndInvoke(InvocationInterceptorChain.java:45)
	at org.junit.jupiter.engine.execution.InvocationInterceptorChain.invoke(InvocationInterceptorChain.java:37)
	at org.junit.jupiter.engine.execution.InterceptingExecutableInvoker.invoke(InterceptingExecutableInvoker.java:92)
	at org.junit.jupiter.engine.execution.InterceptingExecutableInvoker.invoke(InterceptingExecutableInvoker.java:86)
	at org.junit.jupiter.engine.descriptor.TestMethodTestDescriptor.lambda$invokeTestMethod$7(TestMethodTestDescriptor.java:218)
	at org.junit.platform.engine.support.hierarchical.ThrowableCollector.execute(ThrowableCollector.java:73)
	at org.junit.jupiter.engine.descriptor.TestMethodTestDescriptor.invokeTestMethod(TestMethodTestDescriptor.java:214)
	at org.junit.jupiter.engine.descriptor.TestMethodTestDescriptor.execute(TestMethodTestDescriptor.java:139)
	at org.junit.jupiter.engine.descriptor.TestMethodTestDescriptor.execute(TestMethodTestDescriptor.java:69)
	at org.junit.platform.engine.support.hierarchical.NodeTestTask.lambda$executeRecursively$6(NodeTestTask.java:151)
	at org.junit.platform.engine.support.hierarchical.ThrowableCollector.execute(ThrowableCollector.java:73)
	at org.junit.platform.engine.support.hierarchical.NodeTestTask.lambda$executeRecursively$8(NodeTestTask.java:141)
	at org.junit.platform.engine.support.hierarchical.Node.around(Node.java:137)
	at org.junit.platform.engine.support.hierarchical.NodeTestTask.lambda$executeRecursively$9(NodeTestTask.java:139)
	at org.junit.platform.engine.support.hierarchical.ThrowableCollector.execute(ThrowableCollector.java:73)
	at org.junit.platform.engine.support.hierarchical.NodeTestTask.executeRecursively(NodeTestTask.java:138)
	at org.junit.platform.engine.support.hierarchical.NodeTestTask.execute(NodeTestTask.java:95)
	at java.base/java.util.ArrayList.forEach(ArrayList.java:1596)
	at org.junit.platform.engine.support.hierarchical.SameThreadHierarchicalTestExecutorService.invokeAll(SameThreadHierarchicalTestExecutorService.java:41)
	at org.junit.platform.engine.support.hierarchical.NodeTestTask.lambda$executeRecursively$6(NodeTestTask.java:155)
	at org.junit.platform.engine.support.hierarchical.ThrowableCollector.execute(ThrowableCollector.java:73)
	at org.junit.platform.engine.support.hierarchical.NodeTestTask.lambda$executeRecursively$8(NodeTestTask.java:141)
	at org.junit.platform.engine.support.hierarchical.Node.around(Node.java:137)
	at org.junit.platform.engine.support.hierarchical.NodeTestTask.lambda$executeRecursively$9(NodeTestTask.java:139)
	at org.junit.platform.engine.support.hierarchical.ThrowableCollector.execute(ThrowableCollector.java:73)
	at org.junit.platform.engine.support.hierarchical.NodeTestTask.executeRecursively(NodeTestTask.java:138)
	at org.junit.platform.engine.support.hierarchical.NodeTestTask.execute(NodeTestTask.java:95)
	at java.base/java.util.ArrayList.forEach(ArrayList.java:1596)
	at org.junit.platform.engine.support.hierarchical.SameThreadHierarchicalTestExecutorService.invokeAll(SameThreadHierarchicalTestExecutorService.java:41)
	at org.junit.platform.engine.support.hierarchical.NodeTestTask.lambda$executeRecursively$6(NodeTestTask.java:155)
	at org.junit.platform.engine.support.hierarchical.ThrowableCollector.execute(ThrowableCollector.java:73)
	at org.junit.platform.engine.support.hierarchical.NodeTestTask.lambda$executeRecursively$8(NodeTestTask.java:141)
	at org.junit.platform.engine.support.hierarchical.Node.around(Node.java:137)
	at org.junit.platform.engine.support.hierarchical.NodeTestTask.lambda$executeRecursively$9(NodeTestTask.java:139)
	at org.junit.platform.engine.support.hierarchical.ThrowableCollector.execute(ThrowableCollector.java:73)
	at org.junit.platform.engine.support.hierarchical.NodeTestTask.executeRecursively(NodeTestTask.java:138)
	at org.junit.platform.engine.support.hierarchical.NodeTestTask.execute(NodeTestTask.java:95)
	at org.junit.platform.engine.support.hierarchical.SameThreadHierarchicalTestExecutorService.submit(SameThreadHierarchicalTestExecutorService.java:35)
	at org.junit.platform.engine.support.hierarchical.HierarchicalTestExecutor.execute(HierarchicalTestExecutor.java:57)
	at org.junit.platform.engine.support.hierarchical.HierarchicalTestEngine.execute(HierarchicalTestEngine.java:54)
	at org.junit.platform.launcher.core.EngineExecutionOrchestrator.execute(EngineExecutionOrchestrator.java:198)
	at org.junit.platform.launcher.core.EngineExecutionOrchestrator.execute(EngineExecutionOrchestrator.java:169)
	at org.junit.platform.launcher.core.EngineExecutionOrchestrator.execute(EngineExecutionOrchestrator.java:93)
	at org.junit.platform.launcher.core.EngineExecutionOrchestrator.lambda$execute$0(EngineExecutionOrchestrator.java:58)
	at org.junit.platform.launcher.core.EngineExecutionOrchestrator.withInterceptedStreams(EngineExecutionOrchestrator.java:141)
	at org.junit.platform.launcher.core.EngineExecutionOrchestrator.execute(EngineExecutionOrchestrator.java:57)
	at org.junit.platform.launcher.core.DefaultLauncher.execute(DefaultLauncher.java:103)
	at org.junit.platform.launcher.core.DefaultLauncher.execute(DefaultLauncher.java:85)
	at org.junit.platform.launcher.core.DelegatingLauncher.execute(DelegatingLauncher.java:47)
	at org.junit.platform.launcher.core.SessionPerRequestLauncher.execute(SessionPerRequestLauncher.java:63)
	at com.intellij.junit5.JUnit5IdeaTestRunner.startRunnerWithArgs(JUnit5IdeaTestRunner.java:57)
	at com.intellij.rt.junit.IdeaTestRunner$Repeater$1.execute(IdeaTestRunner.java:38)
	at com.intellij.rt.execution.junit.TestsRepeater.repeat(TestsRepeater.java:11)
	at com.intellij.rt.junit.IdeaTestRunner$Repeater.startRunnerWithArgs(IdeaTestRunner.java:35)
	at com.intellij.rt.junit.JUnitStarter.prepareStreamsAndStart(JUnitStarter.java:232)
	at com.intellij.rt.junit.JUnitStarter.main(JUnitStarter.java:55)
2025-01-27 12:34:19 [main] INFO  l.insoft.uztis.tests.utils.TestUtils - Screenshot moved to C:\Users\ingrida.zadorozniene\Desktop\Asm\UZTIS\UZTIS_tests\test-output\screenshots\20250127\123419947_testFillNewApplication().png
2025-01-27 12:38:25 [main] INFO  lt.insoft.uztis.tests.UztisPageTest - Navigated to https://uztisdev.asseco.lt/home
2025-01-27 12:38:25 [main] INFO  l.i.u.t.SubmittedApplicationsPageTest - Starting test:'testFillNewApplication'
2025-01-27 12:38:25 [main] DEBUG l.i.u.t.SubmittedApplicationsPageTest - User logged in with test credentials
2025-01-27 12:38:25 [main] DEBUG l.i.u.t.SubmittedApplicationsPageTest - Opened 'Application Processing' menu.
2025-01-27 12:38:26 [main] DEBUG l.i.u.t.SubmittedApplicationsPageTest - Clicked on 'Application Forms' menu.
2025-01-27 12:38:26 [main] DEBUG l.i.u.t.SubmittedApplicationsPageTest - Retrieved last description code text: 'TST-VUI-67'.
2025-01-27 12:38:26 [main] DEBUG l.i.u.t.SubmittedApplicationsPageTest - Clicked on 'Invitation' menu.
2025-01-27 12:38:27 [main] DEBUG l.i.u.t.SubmittedApplicationsPageTest - Selected application section by code: 'TST-VUI-67'.
2025-01-27 12:38:27 [main] DEBUG l.i.u.t.SubmittedApplicationsPageTest - Clicked 'Search' button.
2025-01-27 12:38:27 [main] DEBUG l.i.u.t.SubmittedApplicationsPageTest - Retrieved invitation code: ''.
2025-01-27 12:38:27 [main] DEBUG l.i.u.t.SubmittedApplicationsPageTest - Clicked on 'Submitted Applications' menu.
2025-01-27 12:38:28 [main] DEBUG l.i.u.t.SubmittedApplicationsPageTest - Selected invitation by code: 'TST-VUI-67'.
2025-01-27 12:38:28 [main] DEBUG l.i.u.t.SubmittedApplicationsPageTest - Clicked on 'Action Application' button.
2025-01-27 12:38:28 [main] DEBUG l.i.u.t.SubmittedApplicationsPageTest - Clicked on 'New Application' button.
2025-01-27 12:38:29 [main] DEBUG l.i.u.t.SubmittedApplicationsPageTest - Clicked on 'RadioButtonFA' button.
2025-01-27 12:38:29 [main] DEBUG l.i.u.t.SubmittedApplicationsPageTest - Entered phone number into the input field.
2025-01-27 12:38:29 [main] DEBUG l.i.u.t.SubmittedApplicationsPageTest - Entered eMail into the input field.
2025-01-27 12:38:29 [main] INFO  l.i.u.p.SubmittedApplicationsPage - Located the dropdown button.
2025-01-27 12:38:45 [main] INFO  l.i.u.p.SubmittedApplicationsPage - Found 1741 options in the dropdown.
2025-01-27 12:38:45 [main] INFO  l.i.u.p.SubmittedApplicationsPage - Successfully selected the value: '01.11 - Grūdinių (išskyrus ryžius), ankštinių ir aliejingų sėklų augalų auginimas'
2025-01-27 12:38:56 [main] ERROR l.i.u.p.SubmittedApplicationsPage - Failed to close the dropdown with aria-expanded = 'false'. Attempting manual close.
2025-01-27 12:38:56 [main] INFO  l.i.u.p.SubmittedApplicationsPage - Manual close attempt for the dropdown using body click.
2025-01-27 12:38:56 [main] DEBUG l.i.u.t.SubmittedApplicationsPageTest - Entered Address into the input field.
2025-01-27 12:38:57 [main] DEBUG l.i.u.t.SubmittedApplicationsPageTest - Entered Address into the input field.
2025-01-27 12:38:57 [main] INFO  l.i.u.p.SubmittedApplicationsPage - Located the dropdown button.
2025-01-27 12:38:58 [main] INFO  l.i.u.p.SubmittedApplicationsPage - Successfully selected the value: 'Administratoriai'
2025-01-27 12:39:08 [main] ERROR l.i.u.p.SubmittedApplicationsPage - Timeout while waiting for dropdown to close with aria-expanded = 'false'.
2025-01-27 12:39:08 [main] DEBUG l.i.u.t.SubmittedApplicationsPageTest - Selected the value: 'Administratoriai'
2025-01-27 12:39:09 [main] INFO  l.i.u.p.SubmittedApplicationsPage - Located the dropdown button.
2025-01-27 12:39:10 [main] INFO  l.i.u.p.SubmittedApplicationsPage - Successfully selected the value: 'Kita'
2025-01-27 12:39:20 [main] ERROR l.i.u.p.SubmittedApplicationsPage - Timeout while waiting for dropdown to close with aria-expanded = 'false'.
2025-01-27 12:39:20 [main] DEBUG l.i.u.t.SubmittedApplicationsPageTest - Selected the value: 'Kita'
2025-01-27 12:39:20 [main] INFO  l.i.u.p.SubmittedApplicationsPage - Located the dropdown button.
2025-01-27 12:39:30 [main] ERROR l.i.u.t.SubmittedApplicationsPageTest - Test 'testFillNewApplication' failed with error: Expected condition failed: waiting for visibility of all elements located by By.xpath: //mat-option/span (tried for 10 second(s) with 500 milliseconds interval)
Build info: version: '4.27.0', revision: 'd6e718d134'
System info: os.name: 'Windows 11', os.arch: 'amd64', os.version: '10.0', java.version: '21.0.3'
Driver info: org.openqa.selenium.chrome.ChromeDriver
Capabilities {acceptInsecureCerts: false, browserName: chrome, browserVersion: 131.0.6778.265, chrome: {chromedriverVersion: 131.0.6778.264 (2d05e315153..., userDataDir: C:\Users\INGRID~1.ZAD\AppDa...}, fedcm:accounts: true, goog:chromeOptions: {debuggerAddress: localhost:53768}, networkConnectionEnabled: false, pageLoadStrategy: normal, platformName: windows, proxy: Proxy(), se:cdp: ws://localhost:53768/devtoo..., se:cdpVersion: 131.0.6778.265, setWindowRect: true, strictFileInteractability: false, timeouts: {implicit: 0, pageLoad: 300000, script: 30000}, unhandledPromptBehavior: dismiss and notify, webauthn:extension:credBlob: true, webauthn:extension:largeBlob: true, webauthn:extension:minPinLength: true, webauthn:extension:prf: true, webauthn:virtualAuthenticators: true}
Session ID: 08593ef176d0669d48f413f68e0917d3
org.openqa.selenium.TimeoutException: Expected condition failed: waiting for visibility of all elements located by By.xpath: //mat-option/span (tried for 10 second(s) with 500 milliseconds interval)
Build info: version: '4.27.0', revision: 'd6e718d134'
System info: os.name: 'Windows 11', os.arch: 'amd64', os.version: '10.0', java.version: '21.0.3'
Driver info: org.openqa.selenium.chrome.ChromeDriver
Capabilities {acceptInsecureCerts: false, browserName: chrome, browserVersion: 131.0.6778.265, chrome: {chromedriverVersion: 131.0.6778.264 (2d05e315153..., userDataDir: C:\Users\INGRID~1.ZAD\AppDa...}, fedcm:accounts: true, goog:chromeOptions: {debuggerAddress: localhost:53768}, networkConnectionEnabled: false, pageLoadStrategy: normal, platformName: windows, proxy: Proxy(), se:cdp: ws://localhost:53768/devtoo..., se:cdpVersion: 131.0.6778.265, setWindowRect: true, strictFileInteractability: false, timeouts: {implicit: 0, pageLoad: 300000, script: 30000}, unhandledPromptBehavior: dismiss and notify, webauthn:extension:credBlob: true, webauthn:extension:largeBlob: true, webauthn:extension:minPinLength: true, webauthn:extension:prf: true, webauthn:virtualAuthenticators: true}
Session ID: 08593ef176d0669d48f413f68e0917d3
	at org.openqa.selenium.support.ui.WebDriverWait.timeoutException(WebDriverWait.java:84)
	at org.openqa.selenium.support.ui.FluentWait.until(FluentWait.java:228)
	at lt.insoft.uztis.pages.SubmittedApplicationsPage.selectDropdownTimeModeOthers(SubmittedApplicationsPage.java:409)
	at lt.insoft.uztis.tests.SubmittedApplicationsPageTest.testFillNewApplication(SubmittedApplicationsPageTest.java:191)
	at java.base/jdk.internal.reflect.DirectMethodHandleAccessor.invoke(DirectMethodHandleAccessor.java:103)
	at java.base/java.lang.reflect.Method.invoke(Method.java:580)
	at org.junit.platform.commons.util.ReflectionUtils.invokeMethod(ReflectionUtils.java:728)
	at org.junit.jupiter.engine.execution.MethodInvocation.proceed(MethodInvocation.java:60)
	at org.junit.jupiter.engine.execution.InvocationInterceptorChain$ValidatingInvocation.proceed(InvocationInterceptorChain.java:131)
	at org.junit.jupiter.engine.extension.TimeoutExtension.intercept(TimeoutExtension.java:156)
	at org.junit.jupiter.engine.extension.TimeoutExtension.interceptTestableMethod(TimeoutExtension.java:147)
	at org.junit.jupiter.engine.extension.TimeoutExtension.interceptTestMethod(TimeoutExtension.java:86)
	at org.junit.jupiter.engine.execution.InterceptingExecutableInvoker$ReflectiveInterceptorCall.lambda$ofVoidMethod$0(InterceptingExecutableInvoker.java:103)
	at org.junit.jupiter.engine.execution.InterceptingExecutableInvoker.lambda$invoke$0(InterceptingExecutableInvoker.java:93)
	at org.junit.jupiter.engine.execution.InvocationInterceptorChain$InterceptedInvocation.proceed(InvocationInterceptorChain.java:106)
	at org.junit.jupiter.engine.execution.InvocationInterceptorChain.proceed(InvocationInterceptorChain.java:64)
	at org.junit.jupiter.engine.execution.InvocationInterceptorChain.chainAndInvoke(InvocationInterceptorChain.java:45)
	at org.junit.jupiter.engine.execution.InvocationInterceptorChain.invoke(InvocationInterceptorChain.java:37)
	at org.junit.jupiter.engine.execution.InterceptingExecutableInvoker.invoke(InterceptingExecutableInvoker.java:92)
	at org.junit.jupiter.engine.execution.InterceptingExecutableInvoker.invoke(InterceptingExecutableInvoker.java:86)
	at org.junit.jupiter.engine.descriptor.TestMethodTestDescriptor.lambda$invokeTestMethod$7(TestMethodTestDescriptor.java:218)
	at org.junit.platform.engine.support.hierarchical.ThrowableCollector.execute(ThrowableCollector.java:73)
	at org.junit.jupiter.engine.descriptor.TestMethodTestDescriptor.invokeTestMethod(TestMethodTestDescriptor.java:214)
	at org.junit.jupiter.engine.descriptor.TestMethodTestDescriptor.execute(TestMethodTestDescriptor.java:139)
	at org.junit.jupiter.engine.descriptor.TestMethodTestDescriptor.execute(TestMethodTestDescriptor.java:69)
	at org.junit.platform.engine.support.hierarchical.NodeTestTask.lambda$executeRecursively$6(NodeTestTask.java:151)
	at org.junit.platform.engine.support.hierarchical.ThrowableCollector.execute(ThrowableCollector.java:73)
	at org.junit.platform.engine.support.hierarchical.NodeTestTask.lambda$executeRecursively$8(NodeTestTask.java:141)
	at org.junit.platform.engine.support.hierarchical.Node.around(Node.java:137)
	at org.junit.platform.engine.support.hierarchical.NodeTestTask.lambda$executeRecursively$9(NodeTestTask.java:139)
	at org.junit.platform.engine.support.hierarchical.ThrowableCollector.execute(ThrowableCollector.java:73)
	at org.junit.platform.engine.support.hierarchical.NodeTestTask.executeRecursively(NodeTestTask.java:138)
	at org.junit.platform.engine.support.hierarchical.NodeTestTask.execute(NodeTestTask.java:95)
	at java.base/java.util.ArrayList.forEach(ArrayList.java:1596)
	at org.junit.platform.engine.support.hierarchical.SameThreadHierarchicalTestExecutorService.invokeAll(SameThreadHierarchicalTestExecutorService.java:41)
	at org.junit.platform.engine.support.hierarchical.NodeTestTask.lambda$executeRecursively$6(NodeTestTask.java:155)
	at org.junit.platform.engine.support.hierarchical.ThrowableCollector.execute(ThrowableCollector.java:73)
	at org.junit.platform.engine.support.hierarchical.NodeTestTask.lambda$executeRecursively$8(NodeTestTask.java:141)
	at org.junit.platform.engine.support.hierarchical.Node.around(Node.java:137)
	at org.junit.platform.engine.support.hierarchical.NodeTestTask.lambda$executeRecursively$9(NodeTestTask.java:139)
	at org.junit.platform.engine.support.hierarchical.ThrowableCollector.execute(ThrowableCollector.java:73)
	at org.junit.platform.engine.support.hierarchical.NodeTestTask.executeRecursively(NodeTestTask.java:138)
	at org.junit.platform.engine.support.hierarchical.NodeTestTask.execute(NodeTestTask.java:95)
	at java.base/java.util.ArrayList.forEach(ArrayList.java:1596)
	at org.junit.platform.engine.support.hierarchical.SameThreadHierarchicalTestExecutorService.invokeAll(SameThreadHierarchicalTestExecutorService.java:41)
	at org.junit.platform.engine.support.hierarchical.NodeTestTask.lambda$executeRecursively$6(NodeTestTask.java:155)
	at org.junit.platform.engine.support.hierarchical.ThrowableCollector.execute(ThrowableCollector.java:73)
	at org.junit.platform.engine.support.hierarchical.NodeTestTask.lambda$executeRecursively$8(NodeTestTask.java:141)
	at org.junit.platform.engine.support.hierarchical.Node.around(Node.java:137)
	at org.junit.platform.engine.support.hierarchical.NodeTestTask.lambda$executeRecursively$9(NodeTestTask.java:139)
	at org.junit.platform.engine.support.hierarchical.ThrowableCollector.execute(ThrowableCollector.java:73)
	at org.junit.platform.engine.support.hierarchical.NodeTestTask.executeRecursively(NodeTestTask.java:138)
	at org.junit.platform.engine.support.hierarchical.NodeTestTask.execute(NodeTestTask.java:95)
	at org.junit.platform.engine.support.hierarchical.SameThreadHierarchicalTestExecutorService.submit(SameThreadHierarchicalTestExecutorService.java:35)
	at org.junit.platform.engine.support.hierarchical.HierarchicalTestExecutor.execute(HierarchicalTestExecutor.java:57)
	at org.junit.platform.engine.support.hierarchical.HierarchicalTestEngine.execute(HierarchicalTestEngine.java:54)
	at org.junit.platform.launcher.core.EngineExecutionOrchestrator.execute(EngineExecutionOrchestrator.java:198)
	at org.junit.platform.launcher.core.EngineExecutionOrchestrator.execute(EngineExecutionOrchestrator.java:169)
	at org.junit.platform.launcher.core.EngineExecutionOrchestrator.execute(EngineExecutionOrchestrator.java:93)
	at org.junit.platform.launcher.core.EngineExecutionOrchestrator.lambda$execute$0(EngineExecutionOrchestrator.java:58)
	at org.junit.platform.launcher.core.EngineExecutionOrchestrator.withInterceptedStreams(EngineExecutionOrchestrator.java:141)
	at org.junit.platform.launcher.core.EngineExecutionOrchestrator.execute(EngineExecutionOrchestrator.java:57)
	at org.junit.platform.launcher.core.DefaultLauncher.execute(DefaultLauncher.java:103)
	at org.junit.platform.launcher.core.DefaultLauncher.execute(DefaultLauncher.java:85)
	at org.junit.platform.launcher.core.DelegatingLauncher.execute(DelegatingLauncher.java:47)
	at org.junit.platform.launcher.core.SessionPerRequestLauncher.execute(SessionPerRequestLauncher.java:63)
	at com.intellij.junit5.JUnit5IdeaTestRunner.startRunnerWithArgs(JUnit5IdeaTestRunner.java:57)
	at com.intellij.rt.junit.IdeaTestRunner$Repeater$1.execute(IdeaTestRunner.java:38)
	at com.intellij.rt.execution.junit.TestsRepeater.repeat(TestsRepeater.java:11)
	at com.intellij.rt.junit.IdeaTestRunner$Repeater.startRunnerWithArgs(IdeaTestRunner.java:35)
	at com.intellij.rt.junit.JUnitStarter.prepareStreamsAndStart(JUnitStarter.java:232)
	at com.intellij.rt.junit.JUnitStarter.main(JUnitStarter.java:55)
2025-01-27 12:39:30 [main] INFO  l.insoft.uztis.tests.utils.TestUtils - Screenshot moved to C:\Users\ingrida.zadorozniene\Desktop\Asm\UZTIS\UZTIS_tests\test-output\screenshots\20250127\123930852_testFillNewApplication().png
2025-01-27 12:42:27 [main] INFO  lt.insoft.uztis.tests.UztisPageTest - Navigated to https://uztisdev.asseco.lt/home
2025-01-27 12:42:27 [main] INFO  l.i.u.t.SubmittedApplicationsPageTest - Starting test:'testFillNewApplication'
2025-01-27 12:42:28 [main] DEBUG l.i.u.t.SubmittedApplicationsPageTest - User logged in with test credentials
2025-01-27 12:42:28 [main] DEBUG l.i.u.t.SubmittedApplicationsPageTest - Opened 'Application Processing' menu.
2025-01-27 12:42:28 [main] DEBUG l.i.u.t.SubmittedApplicationsPageTest - Clicked on 'Application Forms' menu.
2025-01-27 12:42:29 [main] DEBUG l.i.u.t.SubmittedApplicationsPageTest - Retrieved last description code text: 'TST-VUI-67'.
2025-01-27 12:42:29 [main] DEBUG l.i.u.t.SubmittedApplicationsPageTest - Clicked on 'Invitation' menu.
2025-01-27 12:42:30 [main] DEBUG l.i.u.t.SubmittedApplicationsPageTest - Selected application section by code: 'TST-VUI-67'.
2025-01-27 12:42:30 [main] DEBUG l.i.u.t.SubmittedApplicationsPageTest - Clicked 'Search' button.
2025-01-27 12:42:30 [main] DEBUG l.i.u.t.SubmittedApplicationsPageTest - Retrieved invitation code: ''.
2025-01-27 12:42:30 [main] DEBUG l.i.u.t.SubmittedApplicationsPageTest - Clicked on 'Submitted Applications' menu.
2025-01-27 12:42:31 [main] DEBUG l.i.u.t.SubmittedApplicationsPageTest - Selected invitation by code: 'TST-VUI-67'.
2025-01-27 12:42:31 [main] DEBUG l.i.u.t.SubmittedApplicationsPageTest - Clicked on 'Action Application' button.
2025-01-27 12:42:31 [main] DEBUG l.i.u.t.SubmittedApplicationsPageTest - Clicked on 'New Application' button.
2025-01-27 12:42:33 [main] DEBUG l.i.u.t.SubmittedApplicationsPageTest - Clicked on 'RadioButtonFA' button.
2025-01-27 12:42:33 [main] DEBUG l.i.u.t.SubmittedApplicationsPageTest - Entered phone number into the input field.
2025-01-27 12:42:33 [main] DEBUG l.i.u.t.SubmittedApplicationsPageTest - Entered eMail into the input field.
2025-01-27 12:42:33 [main] INFO  l.i.u.p.SubmittedApplicationsPage - Located the dropdown button.
2025-01-27 12:42:54 [main] INFO  l.i.u.p.SubmittedApplicationsPage - Found 1741 options in the dropdown.
2025-01-27 12:42:54 [main] INFO  l.i.u.p.SubmittedApplicationsPage - Successfully selected the value: '01.11 - Grūdinių (išskyrus ryžius), ankštinių ir aliejingų sėklų augalų auginimas'
2025-01-27 12:43:05 [main] ERROR l.i.u.p.SubmittedApplicationsPage - Failed to close the dropdown with aria-expanded = 'false'. Attempting manual close.
2025-01-27 12:43:05 [main] INFO  l.i.u.p.SubmittedApplicationsPage - Manual close attempt for the dropdown using body click.
2025-01-27 12:43:05 [main] DEBUG l.i.u.t.SubmittedApplicationsPageTest - Entered Address into the input field.
2025-01-27 12:43:06 [main] DEBUG l.i.u.t.SubmittedApplicationsPageTest - Entered Address into the input field.
2025-01-27 12:43:06 [main] INFO  l.i.u.p.SubmittedApplicationsPage - Located the dropdown button.
2025-01-27 12:43:07 [main] INFO  l.i.u.p.SubmittedApplicationsPage - Successfully selected the value: 'Administratoriai'
2025-01-27 12:43:18 [main] ERROR l.i.u.p.SubmittedApplicationsPage - Timeout while waiting for dropdown to close with aria-expanded = 'false'.
2025-01-27 12:43:18 [main] DEBUG l.i.u.t.SubmittedApplicationsPageTest - Selected the value: 'Administratoriai'
2025-01-27 12:43:18 [main] INFO  l.i.u.p.SubmittedApplicationsPage - Located the dropdown button.
2025-01-27 12:43:19 [main] INFO  l.i.u.p.SubmittedApplicationsPage - Successfully selected the value: 'Kita'
2025-01-27 12:43:29 [main] ERROR l.i.u.p.SubmittedApplicationsPage - Timeout while waiting for dropdown to close with aria-expanded = 'false'.
2025-01-27 12:43:29 [main] DEBUG l.i.u.t.SubmittedApplicationsPageTest - Selected the value: 'Kita'
2025-01-27 12:43:29 [main] DEBUG l.i.u.t.SubmittedApplicationsPageTest - Selected the value: '6 val. per dieną ir 4 d. per savaitę'
2025-01-27 12:43:29 [main] INFO  l.i.u.t.SubmittedApplicationsPageTest - Test 'testFillNewApplication' completed successfully.
2025-01-27 13:15:17 [main] INFO  lt.insoft.uztis.tests.UztisPageTest - Navigated to https://uztisdev.asseco.lt/home
2025-01-27 13:15:17 [main] INFO  l.i.u.t.SubmittedApplicationsPageTest - Starting test:'testFillNewApplication'
2025-01-27 13:15:17 [main] DEBUG l.i.u.t.SubmittedApplicationsPageTest - User logged in with test credentials
2025-01-27 13:15:17 [main] DEBUG l.i.u.t.SubmittedApplicationsPageTest - Opened 'Application Processing' menu.
2025-01-27 13:15:18 [main] DEBUG l.i.u.t.SubmittedApplicationsPageTest - Clicked on 'Application Forms' menu.
2025-01-27 13:15:18 [main] DEBUG l.i.u.t.SubmittedApplicationsPageTest - Retrieved last description code text: 'TST-VUI-67'.
2025-01-27 13:15:18 [main] DEBUG l.i.u.t.SubmittedApplicationsPageTest - Clicked on 'Invitation' menu.
2025-01-27 13:15:19 [main] DEBUG l.i.u.t.SubmittedApplicationsPageTest - Selected application section by code: 'TST-VUI-67'.
2025-01-27 13:15:19 [main] DEBUG l.i.u.t.SubmittedApplicationsPageTest - Clicked 'Search' button.
2025-01-27 13:15:19 [main] DEBUG l.i.u.t.SubmittedApplicationsPageTest - Retrieved invitation code: ''.
2025-01-27 13:15:19 [main] DEBUG l.i.u.t.SubmittedApplicationsPageTest - Clicked on 'Submitted Applications' menu.
2025-01-27 13:15:20 [main] DEBUG l.i.u.t.SubmittedApplicationsPageTest - Selected invitation by code: 'TST-VUI-67'.
2025-01-27 13:15:20 [main] DEBUG l.i.u.t.SubmittedApplicationsPageTest - Clicked on 'Action Application' button.
2025-01-27 13:15:20 [main] DEBUG l.i.u.t.SubmittedApplicationsPageTest - Clicked on 'New Application' button.
2025-01-27 13:15:21 [main] DEBUG l.i.u.t.SubmittedApplicationsPageTest - Clicked on 'RadioButtonFA' button.
2025-01-27 13:15:21 [main] DEBUG l.i.u.t.SubmittedApplicationsPageTest - Entered phone number into the input field.
2025-01-27 13:15:21 [main] DEBUG l.i.u.t.SubmittedApplicationsPageTest - Entered eMail into the input field.
2025-01-27 13:15:21 [main] INFO  l.i.u.p.SubmittedApplicationsPage - Located the dropdown button.
2025-01-27 13:15:40 [main] INFO  l.i.u.p.SubmittedApplicationsPage - Found 1741 options in the dropdown.
2025-01-27 13:15:40 [main] INFO  l.i.u.p.SubmittedApplicationsPage - Successfully selected the value: '01.11 - Grūdinių (išskyrus ryžius), ankštinių ir aliejingų sėklų augalų auginimas'
2025-01-27 13:15:51 [main] ERROR l.i.u.p.SubmittedApplicationsPage - Failed to close the dropdown with aria-expanded = 'false'. Attempting manual close.
2025-01-27 13:15:51 [main] INFO  l.i.u.p.SubmittedApplicationsPage - Manual close attempt for the dropdown using body click.
2025-01-27 13:15:51 [main] DEBUG l.i.u.t.SubmittedApplicationsPageTest - Entered Address into the input field.
2025-01-27 13:15:51 [main] DEBUG l.i.u.t.SubmittedApplicationsPageTest - Entered Address into the input field.
2025-01-27 13:15:52 [main] INFO  l.i.u.p.SubmittedApplicationsPage - Located the dropdown button.
2025-01-27 13:15:53 [main] INFO  l.i.u.p.SubmittedApplicationsPage - Successfully selected the value: 'Administratoriai'
2025-01-27 13:16:03 [main] ERROR l.i.u.p.SubmittedApplicationsPage - Timeout while waiting for dropdown to close with aria-expanded = 'false'.
2025-01-27 13:16:03 [main] DEBUG l.i.u.t.SubmittedApplicationsPageTest - Selected the value: 'Administratoriai'
2025-01-27 13:16:04 [main] INFO  l.i.u.p.SubmittedApplicationsPage - Located the dropdown button.
2025-01-27 13:16:04 [main] INFO  l.i.u.p.SubmittedApplicationsPage - Successfully selected the value: 'Kita'
2025-01-27 13:16:14 [main] ERROR l.i.u.p.SubmittedApplicationsPage - Timeout while waiting for dropdown to close with aria-expanded = 'false'.
2025-01-27 13:16:14 [main] DEBUG l.i.u.t.SubmittedApplicationsPageTest - Selected the value: 'Kita'
2025-01-27 13:16:14 [main] DEBUG l.i.u.t.SubmittedApplicationsPageTest - Selected the value: '6 val. per dieną ir 4 d. per savaitę'
2025-01-27 13:16:15 [main] INFO  l.i.u.t.SubmittedApplicationsPageTest - Test 'testFillNewApplication' completed successfully.
2025-01-27 13:18:08 [main] INFO  lt.insoft.uztis.tests.UztisPageTest - Navigated to https://uztisdev.asseco.lt/home
2025-01-27 13:18:08 [main] INFO  l.i.u.t.SubmittedApplicationsPageTest - Starting test:'testFillNewApplication'
2025-01-27 13:18:09 [main] DEBUG l.i.u.t.SubmittedApplicationsPageTest - User logged in with test credentials
2025-01-27 13:18:09 [main] DEBUG l.i.u.t.SubmittedApplicationsPageTest - Opened 'Application Processing' menu.
2025-01-27 13:18:09 [main] DEBUG l.i.u.t.SubmittedApplicationsPageTest - Clicked on 'Application Forms' menu.
2025-01-27 13:18:10 [main] DEBUG l.i.u.t.SubmittedApplicationsPageTest - Retrieved last description code text: 'TST-VUI-67'.
2025-01-27 13:18:10 [main] DEBUG l.i.u.t.SubmittedApplicationsPageTest - Clicked on 'Invitation' menu.
2025-01-27 13:18:11 [main] DEBUG l.i.u.t.SubmittedApplicationsPageTest - Selected application section by code: 'TST-VUI-67'.
2025-01-27 13:18:11 [main] DEBUG l.i.u.t.SubmittedApplicationsPageTest - Clicked 'Search' button.
2025-01-27 13:18:11 [main] DEBUG l.i.u.t.SubmittedApplicationsPageTest - Retrieved invitation code: ''.
2025-01-27 13:18:11 [main] DEBUG l.i.u.t.SubmittedApplicationsPageTest - Clicked on 'Submitted Applications' menu.
2025-01-27 13:18:12 [main] DEBUG l.i.u.t.SubmittedApplicationsPageTest - Selected invitation by code: 'TST-VUI-67'.
2025-01-27 13:18:12 [main] DEBUG l.i.u.t.SubmittedApplicationsPageTest - Clicked on 'Action Application' button.
2025-01-27 13:18:12 [main] DEBUG l.i.u.t.SubmittedApplicationsPageTest - Clicked on 'New Application' button.
2025-01-27 13:18:13 [main] DEBUG l.i.u.t.SubmittedApplicationsPageTest - Clicked on 'RadioButtonFA' button.
2025-01-27 13:18:13 [main] DEBUG l.i.u.t.SubmittedApplicationsPageTest - Entered phone number into the input field.
2025-01-27 13:18:13 [main] DEBUG l.i.u.t.SubmittedApplicationsPageTest - Entered eMail into the input field.
2025-01-27 13:18:13 [main] INFO  l.i.u.p.SubmittedApplicationsPage - Located the dropdown button.
2025-01-27 13:18:32 [main] INFO  l.i.u.p.SubmittedApplicationsPage - Found 1741 options in the dropdown.
2025-01-27 13:18:32 [main] INFO  l.i.u.p.SubmittedApplicationsPage - Successfully selected the value: '01.11 - Grūdinių (išskyrus ryžius), ankštinių ir aliejingų sėklų augalų auginimas'
2025-01-27 13:18:42 [main] ERROR l.i.u.p.SubmittedApplicationsPage - Failed to close the dropdown with aria-expanded = 'false'. Attempting manual close.
2025-01-27 13:18:42 [main] INFO  l.i.u.p.SubmittedApplicationsPage - Manual close attempt for the dropdown using body click.
2025-01-27 13:18:42 [main] DEBUG l.i.u.t.SubmittedApplicationsPageTest - Entered Address into the input field.
2025-01-27 13:18:43 [main] DEBUG l.i.u.t.SubmittedApplicationsPageTest - Entered Address into the input field.
2025-01-27 13:18:43 [main] INFO  l.i.u.p.SubmittedApplicationsPage - Located the dropdown button.
2025-01-27 13:18:44 [main] INFO  l.i.u.p.SubmittedApplicationsPage - Successfully selected the value: 'Administratoriai'
2025-01-27 13:18:54 [main] ERROR l.i.u.p.SubmittedApplicationsPage - Timeout while waiting for dropdown to close with aria-expanded = 'false'.
2025-01-27 13:18:54 [main] DEBUG l.i.u.t.SubmittedApplicationsPageTest - Selected the value: 'Administratoriai'
2025-01-27 13:18:55 [main] INFO  l.i.u.p.SubmittedApplicationsPage - Located the dropdown button.
2025-01-27 13:18:55 [main] INFO  l.i.u.p.SubmittedApplicationsPage - Successfully selected the value: 'Kita'
2025-01-27 13:19:06 [main] ERROR l.i.u.p.SubmittedApplicationsPage - Timeout while waiting for dropdown to close with aria-expanded = 'false'.
2025-01-27 13:19:06 [main] DEBUG l.i.u.t.SubmittedApplicationsPageTest - Selected the value: 'Kita'
2025-01-27 13:19:06 [main] DEBUG l.i.u.t.SubmittedApplicationsPageTest - Selected the value: '6 val. per dieną ir 4 d. per savaitę'
2025-01-27 13:19:16 [main] ERROR l.i.u.t.SubmittedApplicationsPageTest - Test 'testFillNewApplication' failed with error: no such element: Unable to locate element: {"method":"xpath","selector":"//div[contains(@class, 'mat-mdc-form-field-infix')]//common-textarea//textarea[2]"}
  (Session info: chrome=131.0.6778.265)
For documentation on this error, please visit: https://www.selenium.dev/documentation/webdriver/troubleshooting/errors#no-such-element-exception
Build info: version: '4.27.0', revision: 'd6e718d134'
System info: os.name: 'Windows 11', os.arch: 'amd64', os.version: '10.0', java.version: '21.0.3'
Driver info: org.openqa.selenium.chrome.ChromeDriver
Command: [79ba836bc1a764949a98d94dd706dc2c, findElement {using=xpath, value=//div[contains(@class, 'mat-mdc-form-field-infix')]//common-textarea//textarea[2]}]
Capabilities {acceptInsecureCerts: false, browserName: chrome, browserVersion: 131.0.6778.265, chrome: {chromedriverVersion: 131.0.6778.264 (2d05e315153..., userDataDir: C:\Users\INGRID~1.ZAD\AppDa...}, fedcm:accounts: true, goog:chromeOptions: {debuggerAddress: localhost:55155}, networkConnectionEnabled: false, pageLoadStrategy: normal, platformName: windows, proxy: Proxy(), se:cdp: ws://localhost:55155/devtoo..., se:cdpVersion: 131.0.6778.265, setWindowRect: true, strictFileInteractability: false, timeouts: {implicit: 0, pageLoad: 300000, script: 30000}, unhandledPromptBehavior: dismiss and notify, webauthn:extension:credBlob: true, webauthn:extension:largeBlob: true, webauthn:extension:minPinLength: true, webauthn:extension:prf: true, webauthn:virtualAuthenticators: true}
Session ID: 79ba836bc1a764949a98d94dd706dc2c
org.openqa.selenium.NoSuchElementException: no such element: Unable to locate element: {"method":"xpath","selector":"//div[contains(@class, 'mat-mdc-form-field-infix')]//common-textarea//textarea[2]"}
  (Session info: chrome=131.0.6778.265)
For documentation on this error, please visit: https://www.selenium.dev/documentation/webdriver/troubleshooting/errors#no-such-element-exception
Build info: version: '4.27.0', revision: 'd6e718d134'
System info: os.name: 'Windows 11', os.arch: 'amd64', os.version: '10.0', java.version: '21.0.3'
Driver info: org.openqa.selenium.chrome.ChromeDriver
Command: [79ba836bc1a764949a98d94dd706dc2c, findElement {using=xpath, value=//div[contains(@class, 'mat-mdc-form-field-infix')]//common-textarea//textarea[2]}]
Capabilities {acceptInsecureCerts: false, browserName: chrome, browserVersion: 131.0.6778.265, chrome: {chromedriverVersion: 131.0.6778.264 (2d05e315153..., userDataDir: C:\Users\INGRID~1.ZAD\AppDa...}, fedcm:accounts: true, goog:chromeOptions: {debuggerAddress: localhost:55155}, networkConnectionEnabled: false, pageLoadStrategy: normal, platformName: windows, proxy: Proxy(), se:cdp: ws://localhost:55155/devtoo..., se:cdpVersion: 131.0.6778.265, setWindowRect: true, strictFileInteractability: false, timeouts: {implicit: 0, pageLoad: 300000, script: 30000}, unhandledPromptBehavior: dismiss and notify, webauthn:extension:credBlob: true, webauthn:extension:largeBlob: true, webauthn:extension:minPinLength: true, webauthn:extension:prf: true, webauthn:virtualAuthenticators: true}
Session ID: 79ba836bc1a764949a98d94dd706dc2c
	at java.base/jdk.internal.reflect.DirectConstructorHandleAccessor.newInstance(DirectConstructorHandleAccessor.java:62)
	at java.base/java.lang.reflect.Constructor.newInstanceWithCaller(Constructor.java:502)
	at java.base/java.lang.reflect.Constructor.newInstance(Constructor.java:486)
	at org.openqa.selenium.remote.ErrorCodec.decode(ErrorCodec.java:167)
	at org.openqa.selenium.remote.codec.w3c.W3CHttpResponseCodec.decode(W3CHttpResponseCodec.java:138)
	at org.openqa.selenium.remote.codec.w3c.W3CHttpResponseCodec.decode(W3CHttpResponseCodec.java:50)
	at org.openqa.selenium.remote.HttpCommandExecutor.execute(HttpCommandExecutor.java:190)
	at org.openqa.selenium.remote.service.DriverCommandExecutor.invokeExecute(DriverCommandExecutor.java:216)
	at org.openqa.selenium.remote.service.DriverCommandExecutor.execute(DriverCommandExecutor.java:174)
	at org.openqa.selenium.remote.RemoteWebDriver.execute(RemoteWebDriver.java:545)
	at org.openqa.selenium.remote.ElementLocation$ElementFinder$2.findElement(ElementLocation.java:165)
	at org.openqa.selenium.remote.ElementLocation.findElement(ElementLocation.java:59)
	at org.openqa.selenium.remote.RemoteWebDriver.findElement(RemoteWebDriver.java:368)
	at org.openqa.selenium.remote.RemoteWebDriver.findElement(RemoteWebDriver.java:362)
	at org.openqa.selenium.support.pagefactory.DefaultElementLocator.findElement(DefaultElementLocator.java:68)
	at org.openqa.selenium.support.pagefactory.internal.LocatingElementHandler.invoke(LocatingElementHandler.java:38)
	at jdk.proxy2/jdk.proxy2.$Proxy14.clear(Unknown Source)
	at lt.insoft.uztis.pages.SubmittedApplicationsPage.enterQualification(SubmittedApplicationsPage.java:411)
	at lt.insoft.uztis.tests.SubmittedApplicationsPageTest.testFillNewApplication(SubmittedApplicationsPageTest.java:195)
	at java.base/jdk.internal.reflect.DirectMethodHandleAccessor.invoke(DirectMethodHandleAccessor.java:103)
	at java.base/java.lang.reflect.Method.invoke(Method.java:580)
	at org.junit.platform.commons.util.ReflectionUtils.invokeMethod(ReflectionUtils.java:728)
	at org.junit.jupiter.engine.execution.MethodInvocation.proceed(MethodInvocation.java:60)
	at org.junit.jupiter.engine.execution.InvocationInterceptorChain$ValidatingInvocation.proceed(InvocationInterceptorChain.java:131)
	at org.junit.jupiter.engine.extension.TimeoutExtension.intercept(TimeoutExtension.java:156)
	at org.junit.jupiter.engine.extension.TimeoutExtension.interceptTestableMethod(TimeoutExtension.java:147)
	at org.junit.jupiter.engine.extension.TimeoutExtension.interceptTestMethod(TimeoutExtension.java:86)
	at org.junit.jupiter.engine.execution.InterceptingExecutableInvoker$ReflectiveInterceptorCall.lambda$ofVoidMethod$0(InterceptingExecutableInvoker.java:103)
	at org.junit.jupiter.engine.execution.InterceptingExecutableInvoker.lambda$invoke$0(InterceptingExecutableInvoker.java:93)
	at org.junit.jupiter.engine.execution.InvocationInterceptorChain$InterceptedInvocation.proceed(InvocationInterceptorChain.java:106)
	at org.junit.jupiter.engine.execution.InvocationInterceptorChain.proceed(InvocationInterceptorChain.java:64)
	at org.junit.jupiter.engine.execution.InvocationInterceptorChain.chainAndInvoke(InvocationInterceptorChain.java:45)
	at org.junit.jupiter.engine.execution.InvocationInterceptorChain.invoke(InvocationInterceptorChain.java:37)
	at org.junit.jupiter.engine.execution.InterceptingExecutableInvoker.invoke(InterceptingExecutableInvoker.java:92)
	at org.junit.jupiter.engine.execution.InterceptingExecutableInvoker.invoke(InterceptingExecutableInvoker.java:86)
	at org.junit.jupiter.engine.descriptor.TestMethodTestDescriptor.lambda$invokeTestMethod$7(TestMethodTestDescriptor.java:218)
	at org.junit.platform.engine.support.hierarchical.ThrowableCollector.execute(ThrowableCollector.java:73)
	at org.junit.jupiter.engine.descriptor.TestMethodTestDescriptor.invokeTestMethod(TestMethodTestDescriptor.java:214)
	at org.junit.jupiter.engine.descriptor.TestMethodTestDescriptor.execute(TestMethodTestDescriptor.java:139)
	at org.junit.jupiter.engine.descriptor.TestMethodTestDescriptor.execute(TestMethodTestDescriptor.java:69)
	at org.junit.platform.engine.support.hierarchical.NodeTestTask.lambda$executeRecursively$6(NodeTestTask.java:151)
	at org.junit.platform.engine.support.hierarchical.ThrowableCollector.execute(ThrowableCollector.java:73)
	at org.junit.platform.engine.support.hierarchical.NodeTestTask.lambda$executeRecursively$8(NodeTestTask.java:141)
	at org.junit.platform.engine.support.hierarchical.Node.around(Node.java:137)
	at org.junit.platform.engine.support.hierarchical.NodeTestTask.lambda$executeRecursively$9(NodeTestTask.java:139)
	at org.junit.platform.engine.support.hierarchical.ThrowableCollector.execute(ThrowableCollector.java:73)
	at org.junit.platform.engine.support.hierarchical.NodeTestTask.executeRecursively(NodeTestTask.java:138)
	at org.junit.platform.engine.support.hierarchical.NodeTestTask.execute(NodeTestTask.java:95)
	at java.base/java.util.ArrayList.forEach(ArrayList.java:1596)
	at org.junit.platform.engine.support.hierarchical.SameThreadHierarchicalTestExecutorService.invokeAll(SameThreadHierarchicalTestExecutorService.java:41)
	at org.junit.platform.engine.support.hierarchical.NodeTestTask.lambda$executeRecursively$6(NodeTestTask.java:155)
	at org.junit.platform.engine.support.hierarchical.ThrowableCollector.execute(ThrowableCollector.java:73)
	at org.junit.platform.engine.support.hierarchical.NodeTestTask.lambda$executeRecursively$8(NodeTestTask.java:141)
	at org.junit.platform.engine.support.hierarchical.Node.around(Node.java:137)
	at org.junit.platform.engine.support.hierarchical.NodeTestTask.lambda$executeRecursively$9(NodeTestTask.java:139)
	at org.junit.platform.engine.support.hierarchical.ThrowableCollector.execute(ThrowableCollector.java:73)
	at org.junit.platform.engine.support.hierarchical.NodeTestTask.executeRecursively(NodeTestTask.java:138)
	at org.junit.platform.engine.support.hierarchical.NodeTestTask.execute(NodeTestTask.java:95)
	at java.base/java.util.ArrayList.forEach(ArrayList.java:1596)
	at org.junit.platform.engine.support.hierarchical.SameThreadHierarchicalTestExecutorService.invokeAll(SameThreadHierarchicalTestExecutorService.java:41)
	at org.junit.platform.engine.support.hierarchical.NodeTestTask.lambda$executeRecursively$6(NodeTestTask.java:155)
	at org.junit.platform.engine.support.hierarchical.ThrowableCollector.execute(ThrowableCollector.java:73)
	at org.junit.platform.engine.support.hierarchical.NodeTestTask.lambda$executeRecursively$8(NodeTestTask.java:141)
	at org.junit.platform.engine.support.hierarchical.Node.around(Node.java:137)
	at org.junit.platform.engine.support.hierarchical.NodeTestTask.lambda$executeRecursively$9(NodeTestTask.java:139)
	at org.junit.platform.engine.support.hierarchical.ThrowableCollector.execute(ThrowableCollector.java:73)
	at org.junit.platform.engine.support.hierarchical.NodeTestTask.executeRecursively(NodeTestTask.java:138)
	at org.junit.platform.engine.support.hierarchical.NodeTestTask.execute(NodeTestTask.java:95)
	at org.junit.platform.engine.support.hierarchical.SameThreadHierarchicalTestExecutorService.submit(SameThreadHierarchicalTestExecutorService.java:35)
	at org.junit.platform.engine.support.hierarchical.HierarchicalTestExecutor.execute(HierarchicalTestExecutor.java:57)
	at org.junit.platform.engine.support.hierarchical.HierarchicalTestEngine.execute(HierarchicalTestEngine.java:54)
	at org.junit.platform.launcher.core.EngineExecutionOrchestrator.execute(EngineExecutionOrchestrator.java:198)
	at org.junit.platform.launcher.core.EngineExecutionOrchestrator.execute(EngineExecutionOrchestrator.java:169)
	at org.junit.platform.launcher.core.EngineExecutionOrchestrator.execute(EngineExecutionOrchestrator.java:93)
	at org.junit.platform.launcher.core.EngineExecutionOrchestrator.lambda$execute$0(EngineExecutionOrchestrator.java:58)
	at org.junit.platform.launcher.core.EngineExecutionOrchestrator.withInterceptedStreams(EngineExecutionOrchestrator.java:141)
	at org.junit.platform.launcher.core.EngineExecutionOrchestrator.execute(EngineExecutionOrchestrator.java:57)
	at org.junit.platform.launcher.core.DefaultLauncher.execute(DefaultLauncher.java:103)
	at org.junit.platform.launcher.core.DefaultLauncher.execute(DefaultLauncher.java:85)
	at org.junit.platform.launcher.core.DelegatingLauncher.execute(DelegatingLauncher.java:47)
	at org.junit.platform.launcher.core.SessionPerRequestLauncher.execute(SessionPerRequestLauncher.java:63)
	at com.intellij.junit5.JUnit5IdeaTestRunner.startRunnerWithArgs(JUnit5IdeaTestRunner.java:57)
	at com.intellij.rt.junit.IdeaTestRunner$Repeater$1.execute(IdeaTestRunner.java:38)
	at com.intellij.rt.execution.junit.TestsRepeater.repeat(TestsRepeater.java:11)
	at com.intellij.rt.junit.IdeaTestRunner$Repeater.startRunnerWithArgs(IdeaTestRunner.java:35)
	at com.intellij.rt.junit.JUnitStarter.prepareStreamsAndStart(JUnitStarter.java:232)
	at com.intellij.rt.junit.JUnitStarter.main(JUnitStarter.java:55)
2025-01-27 13:19:16 [main] INFO  l.insoft.uztis.tests.utils.TestUtils - Screenshot moved to C:\Users\ingrida.zadorozniene\Desktop\Asm\UZTIS\UZTIS_tests\test-output\screenshots\20250127\131916560_testFillNewApplication().png
2025-01-27 13:21:18 [main] INFO  lt.insoft.uztis.tests.UztisPageTest - Navigated to https://uztisdev.asseco.lt/home
2025-01-27 13:21:18 [main] INFO  l.i.u.t.SubmittedApplicationsPageTest - Starting test:'testFillNewApplication'
2025-01-27 13:21:19 [main] DEBUG l.i.u.t.SubmittedApplicationsPageTest - User logged in with test credentials
2025-01-27 13:21:19 [main] DEBUG l.i.u.t.SubmittedApplicationsPageTest - Opened 'Application Processing' menu.
2025-01-27 13:21:19 [main] DEBUG l.i.u.t.SubmittedApplicationsPageTest - Clicked on 'Application Forms' menu.
2025-01-27 13:21:20 [main] DEBUG l.i.u.t.SubmittedApplicationsPageTest - Retrieved last description code text: 'TST-VUI-67'.
2025-01-27 13:21:20 [main] DEBUG l.i.u.t.SubmittedApplicationsPageTest - Clicked on 'Invitation' menu.
2025-01-27 13:21:21 [main] DEBUG l.i.u.t.SubmittedApplicationsPageTest - Selected application section by code: 'TST-VUI-67'.
2025-01-27 13:21:21 [main] DEBUG l.i.u.t.SubmittedApplicationsPageTest - Clicked 'Search' button.
2025-01-27 13:21:21 [main] DEBUG l.i.u.t.SubmittedApplicationsPageTest - Retrieved invitation code: ''.
2025-01-27 13:21:21 [main] DEBUG l.i.u.t.SubmittedApplicationsPageTest - Clicked on 'Submitted Applications' menu.
2025-01-27 13:21:22 [main] DEBUG l.i.u.t.SubmittedApplicationsPageTest - Selected invitation by code: 'TST-VUI-67'.
2025-01-27 13:21:22 [main] DEBUG l.i.u.t.SubmittedApplicationsPageTest - Clicked on 'Action Application' button.
2025-01-27 13:21:22 [main] DEBUG l.i.u.t.SubmittedApplicationsPageTest - Clicked on 'New Application' button.
2025-01-27 13:21:22 [main] DEBUG l.i.u.t.SubmittedApplicationsPageTest - Clicked on 'RadioButtonFA' button.
2025-01-27 13:21:23 [main] DEBUG l.i.u.t.SubmittedApplicationsPageTest - Entered phone number into the input field.
2025-01-27 13:21:23 [main] DEBUG l.i.u.t.SubmittedApplicationsPageTest - Entered eMail into the input field.
2025-01-27 13:21:23 [main] INFO  l.i.u.p.SubmittedApplicationsPage - Located the dropdown button.
2025-01-27 13:21:44 [main] INFO  l.i.u.p.SubmittedApplicationsPage - Found 1741 options in the dropdown.
2025-01-27 13:21:44 [main] INFO  l.i.u.p.SubmittedApplicationsPage - Successfully selected the value: '01.11 - Grūdinių (išskyrus ryžius), ankštinių ir aliejingų sėklų augalų auginimas'
2025-01-27 13:21:54 [main] ERROR l.i.u.p.SubmittedApplicationsPage - Failed to close the dropdown with aria-expanded = 'false'. Attempting manual close.
2025-01-27 13:21:54 [main] INFO  l.i.u.p.SubmittedApplicationsPage - Manual close attempt for the dropdown using body click.
2025-01-27 13:21:54 [main] DEBUG l.i.u.t.SubmittedApplicationsPageTest - Entered Address into the input field.
2025-01-27 13:21:54 [main] DEBUG l.i.u.t.SubmittedApplicationsPageTest - Entered Address into the input field.
2025-01-27 13:21:55 [main] INFO  l.i.u.p.SubmittedApplicationsPage - Located the dropdown button.
2025-01-27 13:21:56 [main] INFO  l.i.u.p.SubmittedApplicationsPage - Successfully selected the value: 'Administratoriai'
2025-01-27 13:22:06 [main] ERROR l.i.u.p.SubmittedApplicationsPage - Timeout while waiting for dropdown to close with aria-expanded = 'false'.
2025-01-27 13:22:06 [main] DEBUG l.i.u.t.SubmittedApplicationsPageTest - Selected the value: 'Administratoriai'
2025-01-27 13:22:07 [main] INFO  l.i.u.p.SubmittedApplicationsPage - Located the dropdown button.
2025-01-27 13:22:07 [main] INFO  l.i.u.p.SubmittedApplicationsPage - Successfully selected the value: 'Kita'
2025-01-27 13:22:18 [main] ERROR l.i.u.p.SubmittedApplicationsPage - Timeout while waiting for dropdown to close with aria-expanded = 'false'.
2025-01-27 13:22:18 [main] DEBUG l.i.u.t.SubmittedApplicationsPageTest - Selected the value: 'Kita'
2025-01-27 13:22:18 [main] DEBUG l.i.u.t.SubmittedApplicationsPageTest - Selected the value: '6 val. per dieną ir 4 d. per savaitę'
2025-01-27 13:22:28 [main] ERROR l.i.u.t.SubmittedApplicationsPageTest - Test 'testFillNewApplication' failed with error: no such element: Unable to locate element: {"method":"xpath","selector":"//div[contains(@class, 'mat-mdc-form-field-infix')]//common-textarea//textarea[2]"}
  (Session info: chrome=131.0.6778.265)
For documentation on this error, please visit: https://www.selenium.dev/documentation/webdriver/troubleshooting/errors#no-such-element-exception
Build info: version: '4.27.0', revision: 'd6e718d134'
System info: os.name: 'Windows 11', os.arch: 'amd64', os.version: '10.0', java.version: '21.0.3'
Driver info: org.openqa.selenium.chrome.ChromeDriver
Command: [80677af321d3230f027609c3ed774b6d, findElement {using=xpath, value=//div[contains(@class, 'mat-mdc-form-field-infix')]//common-textarea//textarea[2]}]
Capabilities {acceptInsecureCerts: false, browserName: chrome, browserVersion: 131.0.6778.265, chrome: {chromedriverVersion: 131.0.6778.264 (2d05e315153..., userDataDir: C:\Users\INGRID~1.ZAD\AppDa...}, fedcm:accounts: true, goog:chromeOptions: {debuggerAddress: localhost:55266}, networkConnectionEnabled: false, pageLoadStrategy: normal, platformName: windows, proxy: Proxy(), se:cdp: ws://localhost:55266/devtoo..., se:cdpVersion: 131.0.6778.265, setWindowRect: true, strictFileInteractability: false, timeouts: {implicit: 0, pageLoad: 300000, script: 30000}, unhandledPromptBehavior: dismiss and notify, webauthn:extension:credBlob: true, webauthn:extension:largeBlob: true, webauthn:extension:minPinLength: true, webauthn:extension:prf: true, webauthn:virtualAuthenticators: true}
Session ID: 80677af321d3230f027609c3ed774b6d
org.openqa.selenium.NoSuchElementException: no such element: Unable to locate element: {"method":"xpath","selector":"//div[contains(@class, 'mat-mdc-form-field-infix')]//common-textarea//textarea[2]"}
  (Session info: chrome=131.0.6778.265)
For documentation on this error, please visit: https://www.selenium.dev/documentation/webdriver/troubleshooting/errors#no-such-element-exception
Build info: version: '4.27.0', revision: 'd6e718d134'
System info: os.name: 'Windows 11', os.arch: 'amd64', os.version: '10.0', java.version: '21.0.3'
Driver info: org.openqa.selenium.chrome.ChromeDriver
Command: [80677af321d3230f027609c3ed774b6d, findElement {using=xpath, value=//div[contains(@class, 'mat-mdc-form-field-infix')]//common-textarea//textarea[2]}]
Capabilities {acceptInsecureCerts: false, browserName: chrome, browserVersion: 131.0.6778.265, chrome: {chromedriverVersion: 131.0.6778.264 (2d05e315153..., userDataDir: C:\Users\INGRID~1.ZAD\AppDa...}, fedcm:accounts: true, goog:chromeOptions: {debuggerAddress: localhost:55266}, networkConnectionEnabled: false, pageLoadStrategy: normal, platformName: windows, proxy: Proxy(), se:cdp: ws://localhost:55266/devtoo..., se:cdpVersion: 131.0.6778.265, setWindowRect: true, strictFileInteractability: false, timeouts: {implicit: 0, pageLoad: 300000, script: 30000}, unhandledPromptBehavior: dismiss and notify, webauthn:extension:credBlob: true, webauthn:extension:largeBlob: true, webauthn:extension:minPinLength: true, webauthn:extension:prf: true, webauthn:virtualAuthenticators: true}
Session ID: 80677af321d3230f027609c3ed774b6d
	at java.base/jdk.internal.reflect.DirectConstructorHandleAccessor.newInstance(DirectConstructorHandleAccessor.java:62)
	at java.base/java.lang.reflect.Constructor.newInstanceWithCaller(Constructor.java:502)
	at java.base/java.lang.reflect.Constructor.newInstance(Constructor.java:486)
	at org.openqa.selenium.remote.ErrorCodec.decode(ErrorCodec.java:167)
	at org.openqa.selenium.remote.codec.w3c.W3CHttpResponseCodec.decode(W3CHttpResponseCodec.java:138)
	at org.openqa.selenium.remote.codec.w3c.W3CHttpResponseCodec.decode(W3CHttpResponseCodec.java:50)
	at org.openqa.selenium.remote.HttpCommandExecutor.execute(HttpCommandExecutor.java:190)
	at org.openqa.selenium.remote.service.DriverCommandExecutor.invokeExecute(DriverCommandExecutor.java:216)
	at org.openqa.selenium.remote.service.DriverCommandExecutor.execute(DriverCommandExecutor.java:174)
	at org.openqa.selenium.remote.RemoteWebDriver.execute(RemoteWebDriver.java:545)
	at org.openqa.selenium.remote.ElementLocation$ElementFinder$2.findElement(ElementLocation.java:165)
	at org.openqa.selenium.remote.ElementLocation.findElement(ElementLocation.java:59)
	at org.openqa.selenium.remote.RemoteWebDriver.findElement(RemoteWebDriver.java:368)
	at org.openqa.selenium.remote.RemoteWebDriver.findElement(RemoteWebDriver.java:362)
	at org.openqa.selenium.support.pagefactory.DefaultElementLocator.findElement(DefaultElementLocator.java:68)
	at org.openqa.selenium.support.pagefactory.internal.LocatingElementHandler.invoke(LocatingElementHandler.java:38)
	at jdk.proxy2/jdk.proxy2.$Proxy14.clear(Unknown Source)
	at lt.insoft.uztis.pages.SubmittedApplicationsPage.enterQualification(SubmittedApplicationsPage.java:412)
	at lt.insoft.uztis.tests.SubmittedApplicationsPageTest.testFillNewApplication(SubmittedApplicationsPageTest.java:195)
	at java.base/jdk.internal.reflect.DirectMethodHandleAccessor.invoke(DirectMethodHandleAccessor.java:103)
	at java.base/java.lang.reflect.Method.invoke(Method.java:580)
	at org.junit.platform.commons.util.ReflectionUtils.invokeMethod(ReflectionUtils.java:728)
	at org.junit.jupiter.engine.execution.MethodInvocation.proceed(MethodInvocation.java:60)
	at org.junit.jupiter.engine.execution.InvocationInterceptorChain$ValidatingInvocation.proceed(InvocationInterceptorChain.java:131)
	at org.junit.jupiter.engine.extension.TimeoutExtension.intercept(TimeoutExtension.java:156)
	at org.junit.jupiter.engine.extension.TimeoutExtension.interceptTestableMethod(TimeoutExtension.java:147)
	at org.junit.jupiter.engine.extension.TimeoutExtension.interceptTestMethod(TimeoutExtension.java:86)
	at org.junit.jupiter.engine.execution.InterceptingExecutableInvoker$ReflectiveInterceptorCall.lambda$ofVoidMethod$0(InterceptingExecutableInvoker.java:103)
	at org.junit.jupiter.engine.execution.InterceptingExecutableInvoker.lambda$invoke$0(InterceptingExecutableInvoker.java:93)
	at org.junit.jupiter.engine.execution.InvocationInterceptorChain$InterceptedInvocation.proceed(InvocationInterceptorChain.java:106)
	at org.junit.jupiter.engine.execution.InvocationInterceptorChain.proceed(InvocationInterceptorChain.java:64)
	at org.junit.jupiter.engine.execution.InvocationInterceptorChain.chainAndInvoke(InvocationInterceptorChain.java:45)
	at org.junit.jupiter.engine.execution.InvocationInterceptorChain.invoke(InvocationInterceptorChain.java:37)
	at org.junit.jupiter.engine.execution.InterceptingExecutableInvoker.invoke(InterceptingExecutableInvoker.java:92)
	at org.junit.jupiter.engine.execution.InterceptingExecutableInvoker.invoke(InterceptingExecutableInvoker.java:86)
	at org.junit.jupiter.engine.descriptor.TestMethodTestDescriptor.lambda$invokeTestMethod$7(TestMethodTestDescriptor.java:218)
	at org.junit.platform.engine.support.hierarchical.ThrowableCollector.execute(ThrowableCollector.java:73)
	at org.junit.jupiter.engine.descriptor.TestMethodTestDescriptor.invokeTestMethod(TestMethodTestDescriptor.java:214)
	at org.junit.jupiter.engine.descriptor.TestMethodTestDescriptor.execute(TestMethodTestDescriptor.java:139)
	at org.junit.jupiter.engine.descriptor.TestMethodTestDescriptor.execute(TestMethodTestDescriptor.java:69)
	at org.junit.platform.engine.support.hierarchical.NodeTestTask.lambda$executeRecursively$6(NodeTestTask.java:151)
	at org.junit.platform.engine.support.hierarchical.ThrowableCollector.execute(ThrowableCollector.java:73)
	at org.junit.platform.engine.support.hierarchical.NodeTestTask.lambda$executeRecursively$8(NodeTestTask.java:141)
	at org.junit.platform.engine.support.hierarchical.Node.around(Node.java:137)
	at org.junit.platform.engine.support.hierarchical.NodeTestTask.lambda$executeRecursively$9(NodeTestTask.java:139)
	at org.junit.platform.engine.support.hierarchical.ThrowableCollector.execute(ThrowableCollector.java:73)
	at org.junit.platform.engine.support.hierarchical.NodeTestTask.executeRecursively(NodeTestTask.java:138)
	at org.junit.platform.engine.support.hierarchical.NodeTestTask.execute(NodeTestTask.java:95)
	at java.base/java.util.ArrayList.forEach(ArrayList.java:1596)
	at org.junit.platform.engine.support.hierarchical.SameThreadHierarchicalTestExecutorService.invokeAll(SameThreadHierarchicalTestExecutorService.java:41)
	at org.junit.platform.engine.support.hierarchical.NodeTestTask.lambda$executeRecursively$6(NodeTestTask.java:155)
	at org.junit.platform.engine.support.hierarchical.ThrowableCollector.execute(ThrowableCollector.java:73)
	at org.junit.platform.engine.support.hierarchical.NodeTestTask.lambda$executeRecursively$8(NodeTestTask.java:141)
	at org.junit.platform.engine.support.hierarchical.Node.around(Node.java:137)
	at org.junit.platform.engine.support.hierarchical.NodeTestTask.lambda$executeRecursively$9(NodeTestTask.java:139)
	at org.junit.platform.engine.support.hierarchical.ThrowableCollector.execute(ThrowableCollector.java:73)
	at org.junit.platform.engine.support.hierarchical.NodeTestTask.executeRecursively(NodeTestTask.java:138)
	at org.junit.platform.engine.support.hierarchical.NodeTestTask.execute(NodeTestTask.java:95)
	at java.base/java.util.ArrayList.forEach(ArrayList.java:1596)
	at org.junit.platform.engine.support.hierarchical.SameThreadHierarchicalTestExecutorService.invokeAll(SameThreadHierarchicalTestExecutorService.java:41)
	at org.junit.platform.engine.support.hierarchical.NodeTestTask.lambda$executeRecursively$6(NodeTestTask.java:155)
	at org.junit.platform.engine.support.hierarchical.ThrowableCollector.execute(ThrowableCollector.java:73)
	at org.junit.platform.engine.support.hierarchical.NodeTestTask.lambda$executeRecursively$8(NodeTestTask.java:141)
	at org.junit.platform.engine.support.hierarchical.Node.around(Node.java:137)
	at org.junit.platform.engine.support.hierarchical.NodeTestTask.lambda$executeRecursively$9(NodeTestTask.java:139)
	at org.junit.platform.engine.support.hierarchical.ThrowableCollector.execute(ThrowableCollector.java:73)
	at org.junit.platform.engine.support.hierarchical.NodeTestTask.executeRecursively(NodeTestTask.java:138)
	at org.junit.platform.engine.support.hierarchical.NodeTestTask.execute(NodeTestTask.java:95)
	at org.junit.platform.engine.support.hierarchical.SameThreadHierarchicalTestExecutorService.submit(SameThreadHierarchicalTestExecutorService.java:35)
	at org.junit.platform.engine.support.hierarchical.HierarchicalTestExecutor.execute(HierarchicalTestExecutor.java:57)
	at org.junit.platform.engine.support.hierarchical.HierarchicalTestEngine.execute(HierarchicalTestEngine.java:54)
	at org.junit.platform.launcher.core.EngineExecutionOrchestrator.execute(EngineExecutionOrchestrator.java:198)
	at org.junit.platform.launcher.core.EngineExecutionOrchestrator.execute(EngineExecutionOrchestrator.java:169)
	at org.junit.platform.launcher.core.EngineExecutionOrchestrator.execute(EngineExecutionOrchestrator.java:93)
	at org.junit.platform.launcher.core.EngineExecutionOrchestrator.lambda$execute$0(EngineExecutionOrchestrator.java:58)
	at org.junit.platform.launcher.core.EngineExecutionOrchestrator.withInterceptedStreams(EngineExecutionOrchestrator.java:141)
	at org.junit.platform.launcher.core.EngineExecutionOrchestrator.execute(EngineExecutionOrchestrator.java:57)
	at org.junit.platform.launcher.core.DefaultLauncher.execute(DefaultLauncher.java:103)
	at org.junit.platform.launcher.core.DefaultLauncher.execute(DefaultLauncher.java:85)
	at org.junit.platform.launcher.core.DelegatingLauncher.execute(DelegatingLauncher.java:47)
	at org.junit.platform.launcher.core.SessionPerRequestLauncher.execute(SessionPerRequestLauncher.java:63)
	at com.intellij.junit5.JUnit5IdeaTestRunner.startRunnerWithArgs(JUnit5IdeaTestRunner.java:57)
	at com.intellij.rt.junit.IdeaTestRunner$Repeater$1.execute(IdeaTestRunner.java:38)
	at com.intellij.rt.execution.junit.TestsRepeater.repeat(TestsRepeater.java:11)
	at com.intellij.rt.junit.IdeaTestRunner$Repeater.startRunnerWithArgs(IdeaTestRunner.java:35)
	at com.intellij.rt.junit.JUnitStarter.prepareStreamsAndStart(JUnitStarter.java:232)
	at com.intellij.rt.junit.JUnitStarter.main(JUnitStarter.java:55)
2025-01-27 13:22:28 [main] INFO  l.insoft.uztis.tests.utils.TestUtils - Screenshot moved to C:\Users\ingrida.zadorozniene\Desktop\Asm\UZTIS\UZTIS_tests\test-output\screenshots\20250127\132228629_testFillNewApplication().png
2025-01-27 13:25:34 [main] INFO  lt.insoft.uztis.tests.UztisPageTest - Navigated to https://uztisdev.asseco.lt/home
2025-01-27 13:25:34 [main] INFO  l.i.u.t.SubmittedApplicationsPageTest - Starting test:'testFillNewApplication'
2025-01-27 13:25:35 [main] DEBUG l.i.u.t.SubmittedApplicationsPageTest - User logged in with test credentials
2025-01-27 13:25:35 [main] DEBUG l.i.u.t.SubmittedApplicationsPageTest - Opened 'Application Processing' menu.
2025-01-27 13:25:35 [main] DEBUG l.i.u.t.SubmittedApplicationsPageTest - Clicked on 'Application Forms' menu.
2025-01-27 13:25:36 [main] DEBUG l.i.u.t.SubmittedApplicationsPageTest - Retrieved last description code text: 'TST-VUI-67'.
2025-01-27 13:25:36 [main] DEBUG l.i.u.t.SubmittedApplicationsPageTest - Clicked on 'Invitation' menu.
2025-01-27 13:25:37 [main] DEBUG l.i.u.t.SubmittedApplicationsPageTest - Selected application section by code: 'TST-VUI-67'.
2025-01-27 13:25:37 [main] DEBUG l.i.u.t.SubmittedApplicationsPageTest - Clicked 'Search' button.
2025-01-27 13:25:37 [main] DEBUG l.i.u.t.SubmittedApplicationsPageTest - Retrieved invitation code: ''.
2025-01-27 13:25:37 [main] DEBUG l.i.u.t.SubmittedApplicationsPageTest - Clicked on 'Submitted Applications' menu.
2025-01-27 13:25:38 [main] DEBUG l.i.u.t.SubmittedApplicationsPageTest - Selected invitation by code: 'TST-VUI-67'.
2025-01-27 13:25:38 [main] DEBUG l.i.u.t.SubmittedApplicationsPageTest - Clicked on 'Action Application' button.
2025-01-27 13:25:38 [main] DEBUG l.i.u.t.SubmittedApplicationsPageTest - Clicked on 'New Application' button.
2025-01-27 13:25:39 [main] DEBUG l.i.u.t.SubmittedApplicationsPageTest - Clicked on 'RadioButtonFA' button.
2025-01-27 13:25:39 [main] DEBUG l.i.u.t.SubmittedApplicationsPageTest - Entered phone number into the input field.
2025-01-27 13:25:39 [main] DEBUG l.i.u.t.SubmittedApplicationsPageTest - Entered eMail into the input field.
2025-01-27 13:25:39 [main] INFO  l.i.u.p.SubmittedApplicationsPage - Located the dropdown button.
2025-01-27 13:25:55 [main] INFO  l.i.u.p.SubmittedApplicationsPage - Found 1741 options in the dropdown.
2025-01-27 13:25:55 [main] INFO  l.i.u.p.SubmittedApplicationsPage - Successfully selected the value: '01.11 - Grūdinių (išskyrus ryžius), ankštinių ir aliejingų sėklų augalų auginimas'
2025-01-27 13:26:05 [main] ERROR l.i.u.p.SubmittedApplicationsPage - Failed to close the dropdown with aria-expanded = 'false'. Attempting manual close.
2025-01-27 13:26:06 [main] INFO  l.i.u.p.SubmittedApplicationsPage - Manual close attempt for the dropdown using body click.
2025-01-27 13:26:06 [main] DEBUG l.i.u.t.SubmittedApplicationsPageTest - Entered Address into the input field.
2025-01-27 13:26:06 [main] DEBUG l.i.u.t.SubmittedApplicationsPageTest - Entered Address into the input field.
2025-01-27 13:26:06 [main] INFO  l.i.u.p.SubmittedApplicationsPage - Located the dropdown button.
2025-01-27 13:26:08 [main] INFO  l.i.u.p.SubmittedApplicationsPage - Successfully selected the value: 'Administratoriai'
2025-01-27 13:26:18 [main] ERROR l.i.u.p.SubmittedApplicationsPage - Timeout while waiting for dropdown to close with aria-expanded = 'false'.
2025-01-27 13:26:18 [main] DEBUG l.i.u.t.SubmittedApplicationsPageTest - Selected the value: 'Administratoriai'
2025-01-27 13:26:18 [main] INFO  l.i.u.p.SubmittedApplicationsPage - Located the dropdown button.
2025-01-27 13:26:19 [main] INFO  l.i.u.p.SubmittedApplicationsPage - Successfully selected the value: 'Kita'
2025-01-27 13:26:29 [main] ERROR l.i.u.p.SubmittedApplicationsPage - Timeout while waiting for dropdown to close with aria-expanded = 'false'.
2025-01-27 13:26:29 [main] DEBUG l.i.u.t.SubmittedApplicationsPageTest - Selected the value: 'Kita'
2025-01-27 13:26:29 [main] DEBUG l.i.u.t.SubmittedApplicationsPageTest - Selected the value: '6 val. per dieną ir 4 d. per savaitę'
2025-01-27 13:26:29 [main] INFO  l.i.u.t.SubmittedApplicationsPageTest - Test 'testFillNewApplication' completed successfully.
2025-01-27 13:29:10 [main] INFO  lt.insoft.uztis.tests.UztisPageTest - Navigated to https://uztisdev.asseco.lt/home
2025-01-27 13:29:10 [main] INFO  l.i.u.t.SubmittedApplicationsPageTest - Starting test:'testFillNewApplication'
2025-01-27 13:29:11 [main] DEBUG l.i.u.t.SubmittedApplicationsPageTest - User logged in with test credentials
2025-01-27 13:29:11 [main] DEBUG l.i.u.t.SubmittedApplicationsPageTest - Opened 'Application Processing' menu.
2025-01-27 13:29:11 [main] DEBUG l.i.u.t.SubmittedApplicationsPageTest - Clicked on 'Application Forms' menu.
2025-01-27 13:29:12 [main] DEBUG l.i.u.t.SubmittedApplicationsPageTest - Retrieved last description code text: 'TST-VUI-67'.
2025-01-27 13:29:12 [main] DEBUG l.i.u.t.SubmittedApplicationsPageTest - Clicked on 'Invitation' menu.
2025-01-27 13:29:13 [main] DEBUG l.i.u.t.SubmittedApplicationsPageTest - Selected application section by code: 'TST-VUI-67'.
2025-01-27 13:29:13 [main] DEBUG l.i.u.t.SubmittedApplicationsPageTest - Clicked 'Search' button.
2025-01-27 13:29:13 [main] DEBUG l.i.u.t.SubmittedApplicationsPageTest - Retrieved invitation code: ''.
2025-01-27 13:29:13 [main] DEBUG l.i.u.t.SubmittedApplicationsPageTest - Clicked on 'Submitted Applications' menu.
2025-01-27 13:29:14 [main] DEBUG l.i.u.t.SubmittedApplicationsPageTest - Selected invitation by code: 'TST-VUI-67'.
2025-01-27 13:29:14 [main] DEBUG l.i.u.t.SubmittedApplicationsPageTest - Clicked on 'Action Application' button.
2025-01-27 13:29:14 [main] DEBUG l.i.u.t.SubmittedApplicationsPageTest - Clicked on 'New Application' button.
2025-01-27 13:29:15 [main] DEBUG l.i.u.t.SubmittedApplicationsPageTest - Clicked on 'RadioButtonFA' button.
2025-01-27 13:29:15 [main] DEBUG l.i.u.t.SubmittedApplicationsPageTest - Entered phone number into the input field.
2025-01-27 13:29:15 [main] DEBUG l.i.u.t.SubmittedApplicationsPageTest - Entered eMail into the input field.
2025-01-27 13:29:15 [main] INFO  l.i.u.p.SubmittedApplicationsPage - Located the dropdown button.
2025-01-27 13:29:34 [main] INFO  l.i.u.p.SubmittedApplicationsPage - Found 1741 options in the dropdown.
2025-01-27 13:29:34 [main] INFO  l.i.u.p.SubmittedApplicationsPage - Successfully selected the value: '01.11 - Grūdinių (išskyrus ryžius), ankštinių ir aliejingų sėklų augalų auginimas'
2025-01-27 13:29:44 [main] ERROR l.i.u.p.SubmittedApplicationsPage - Failed to close the dropdown with aria-expanded = 'false'. Attempting manual close.
2025-01-27 13:29:44 [main] INFO  l.i.u.p.SubmittedApplicationsPage - Manual close attempt for the dropdown using body click.
2025-01-27 13:29:44 [main] DEBUG l.i.u.t.SubmittedApplicationsPageTest - Entered Address into the input field.
2025-01-27 13:29:45 [main] DEBUG l.i.u.t.SubmittedApplicationsPageTest - Entered Address into the input field.
2025-01-27 13:29:45 [main] INFO  l.i.u.p.SubmittedApplicationsPage - Located the dropdown button.
2025-01-27 13:29:46 [main] INFO  l.i.u.p.SubmittedApplicationsPage - Successfully selected the value: 'Administratoriai'
2025-01-27 13:29:57 [main] ERROR l.i.u.p.SubmittedApplicationsPage - Timeout while waiting for dropdown to close with aria-expanded = 'false'.
2025-01-27 13:29:57 [main] DEBUG l.i.u.t.SubmittedApplicationsPageTest - Selected the value: 'Administratoriai'
2025-01-27 13:29:57 [main] INFO  l.i.u.p.SubmittedApplicationsPage - Located the dropdown button.
2025-01-27 13:29:57 [main] INFO  l.i.u.p.SubmittedApplicationsPage - Successfully selected the value: 'Kita'
2025-01-27 13:30:08 [main] ERROR l.i.u.p.SubmittedApplicationsPage - Timeout while waiting for dropdown to close with aria-expanded = 'false'.
2025-01-27 13:30:08 [main] DEBUG l.i.u.t.SubmittedApplicationsPageTest - Selected the value: 'Kita'
2025-01-27 13:30:08 [main] DEBUG l.i.u.t.SubmittedApplicationsPageTest - Selected the value: '6 val. per dieną ir 4 d. per savaitę'
2025-01-27 13:30:08 [main] INFO  l.i.u.t.SubmittedApplicationsPageTest - Test 'testFillNewApplication' completed successfully.
2025-01-27 13:47:18 [main] INFO  lt.insoft.uztis.tests.UztisPageTest - Navigated to https://uztisdev.asseco.lt/home
2025-01-27 13:47:19 [main] INFO  l.i.u.t.SubmittedApplicationsPageTest - Starting test:'testFillNewApplication'
2025-01-27 13:47:19 [main] DEBUG l.i.u.t.SubmittedApplicationsPageTest - User logged in with test credentials
2025-01-27 13:47:19 [main] DEBUG l.i.u.t.SubmittedApplicationsPageTest - Opened 'Application Processing' menu.
2025-01-27 13:47:19 [main] DEBUG l.i.u.t.SubmittedApplicationsPageTest - Clicked on 'Application Forms' menu.
2025-01-27 13:47:20 [main] DEBUG l.i.u.t.SubmittedApplicationsPageTest - Retrieved last description code text: 'TST-VUI-67'.
2025-01-27 13:47:20 [main] DEBUG l.i.u.t.SubmittedApplicationsPageTest - Clicked on 'Invitation' menu.
2025-01-27 13:47:21 [main] DEBUG l.i.u.t.SubmittedApplicationsPageTest - Selected application section by code: 'TST-VUI-67'.
2025-01-27 13:47:21 [main] DEBUG l.i.u.t.SubmittedApplicationsPageTest - Clicked 'Search' button.
2025-01-27 13:47:21 [main] DEBUG l.i.u.t.SubmittedApplicationsPageTest - Retrieved invitation code: ''.
2025-01-27 13:47:21 [main] DEBUG l.i.u.t.SubmittedApplicationsPageTest - Clicked on 'Submitted Applications' menu.
2025-01-27 13:47:21 [main] ERROR l.i.u.p.SubmittedApplicationsPage - Failed to select value in dropdown: Option with text 'TST-VUI-67' not found in dropdown!
2025-01-27 13:47:21 [main] ERROR l.i.u.t.SubmittedApplicationsPageTest - Test 'testFillNewApplication' failed with error: Option with text 'TST-VUI-67' not found in dropdown!
java.lang.RuntimeException: Option with text 'TST-VUI-67' not found in dropdown!
	at lt.insoft.uztis.pages.SubmittedApplicationsPage.lambda$selectValueFromInvitation$1(SubmittedApplicationsPage.java:137)
	at java.base/java.util.Optional.orElseThrow(Optional.java:403)
	at lt.insoft.uztis.pages.SubmittedApplicationsPage.selectValueFromInvitation(SubmittedApplicationsPage.java:137)
	at lt.insoft.uztis.tests.SubmittedApplicationsPageTest.getAndInsertInvitationCodeText(SubmittedApplicationsPageTest.java:61)
	at lt.insoft.uztis.tests.SubmittedApplicationsPageTest.testFillNewApplication(SubmittedApplicationsPageTest.java:135)
	at java.base/jdk.internal.reflect.DirectMethodHandleAccessor.invoke(DirectMethodHandleAccessor.java:103)
	at java.base/java.lang.reflect.Method.invoke(Method.java:580)
	at org.junit.platform.commons.util.ReflectionUtils.invokeMethod(ReflectionUtils.java:728)
	at org.junit.jupiter.engine.execution.MethodInvocation.proceed(MethodInvocation.java:60)
	at org.junit.jupiter.engine.execution.InvocationInterceptorChain$ValidatingInvocation.proceed(InvocationInterceptorChain.java:131)
	at org.junit.jupiter.engine.extension.TimeoutExtension.intercept(TimeoutExtension.java:156)
	at org.junit.jupiter.engine.extension.TimeoutExtension.interceptTestableMethod(TimeoutExtension.java:147)
	at org.junit.jupiter.engine.extension.TimeoutExtension.interceptTestMethod(TimeoutExtension.java:86)
	at org.junit.jupiter.engine.execution.InterceptingExecutableInvoker$ReflectiveInterceptorCall.lambda$ofVoidMethod$0(InterceptingExecutableInvoker.java:103)
	at org.junit.jupiter.engine.execution.InterceptingExecutableInvoker.lambda$invoke$0(InterceptingExecutableInvoker.java:93)
	at org.junit.jupiter.engine.execution.InvocationInterceptorChain$InterceptedInvocation.proceed(InvocationInterceptorChain.java:106)
	at org.junit.jupiter.engine.execution.InvocationInterceptorChain.proceed(InvocationInterceptorChain.java:64)
	at org.junit.jupiter.engine.execution.InvocationInterceptorChain.chainAndInvoke(InvocationInterceptorChain.java:45)
	at org.junit.jupiter.engine.execution.InvocationInterceptorChain.invoke(InvocationInterceptorChain.java:37)
	at org.junit.jupiter.engine.execution.InterceptingExecutableInvoker.invoke(InterceptingExecutableInvoker.java:92)
	at org.junit.jupiter.engine.execution.InterceptingExecutableInvoker.invoke(InterceptingExecutableInvoker.java:86)
	at org.junit.jupiter.engine.descriptor.TestMethodTestDescriptor.lambda$invokeTestMethod$7(TestMethodTestDescriptor.java:218)
	at org.junit.platform.engine.support.hierarchical.ThrowableCollector.execute(ThrowableCollector.java:73)
	at org.junit.jupiter.engine.descriptor.TestMethodTestDescriptor.invokeTestMethod(TestMethodTestDescriptor.java:214)
	at org.junit.jupiter.engine.descriptor.TestMethodTestDescriptor.execute(TestMethodTestDescriptor.java:139)
	at org.junit.jupiter.engine.descriptor.TestMethodTestDescriptor.execute(TestMethodTestDescriptor.java:69)
	at org.junit.platform.engine.support.hierarchical.NodeTestTask.lambda$executeRecursively$6(NodeTestTask.java:151)
	at org.junit.platform.engine.support.hierarchical.ThrowableCollector.execute(ThrowableCollector.java:73)
	at org.junit.platform.engine.support.hierarchical.NodeTestTask.lambda$executeRecursively$8(NodeTestTask.java:141)
	at org.junit.platform.engine.support.hierarchical.Node.around(Node.java:137)
	at org.junit.platform.engine.support.hierarchical.NodeTestTask.lambda$executeRecursively$9(NodeTestTask.java:139)
	at org.junit.platform.engine.support.hierarchical.ThrowableCollector.execute(ThrowableCollector.java:73)
	at org.junit.platform.engine.support.hierarchical.NodeTestTask.executeRecursively(NodeTestTask.java:138)
	at org.junit.platform.engine.support.hierarchical.NodeTestTask.execute(NodeTestTask.java:95)
	at java.base/java.util.ArrayList.forEach(ArrayList.java:1596)
	at org.junit.platform.engine.support.hierarchical.SameThreadHierarchicalTestExecutorService.invokeAll(SameThreadHierarchicalTestExecutorService.java:41)
	at org.junit.platform.engine.support.hierarchical.NodeTestTask.lambda$executeRecursively$6(NodeTestTask.java:155)
	at org.junit.platform.engine.support.hierarchical.ThrowableCollector.execute(ThrowableCollector.java:73)
	at org.junit.platform.engine.support.hierarchical.NodeTestTask.lambda$executeRecursively$8(NodeTestTask.java:141)
	at org.junit.platform.engine.support.hierarchical.Node.around(Node.java:137)
	at org.junit.platform.engine.support.hierarchical.NodeTestTask.lambda$executeRecursively$9(NodeTestTask.java:139)
	at org.junit.platform.engine.support.hierarchical.ThrowableCollector.execute(ThrowableCollector.java:73)
	at org.junit.platform.engine.support.hierarchical.NodeTestTask.executeRecursively(NodeTestTask.java:138)
	at org.junit.platform.engine.support.hierarchical.NodeTestTask.execute(NodeTestTask.java:95)
	at java.base/java.util.ArrayList.forEach(ArrayList.java:1596)
	at org.junit.platform.engine.support.hierarchical.SameThreadHierarchicalTestExecutorService.invokeAll(SameThreadHierarchicalTestExecutorService.java:41)
	at org.junit.platform.engine.support.hierarchical.NodeTestTask.lambda$executeRecursively$6(NodeTestTask.java:155)
	at org.junit.platform.engine.support.hierarchical.ThrowableCollector.execute(ThrowableCollector.java:73)
	at org.junit.platform.engine.support.hierarchical.NodeTestTask.lambda$executeRecursively$8(NodeTestTask.java:141)
	at org.junit.platform.engine.support.hierarchical.Node.around(Node.java:137)
	at org.junit.platform.engine.support.hierarchical.NodeTestTask.lambda$executeRecursively$9(NodeTestTask.java:139)
	at org.junit.platform.engine.support.hierarchical.ThrowableCollector.execute(ThrowableCollector.java:73)
	at org.junit.platform.engine.support.hierarchical.NodeTestTask.executeRecursively(NodeTestTask.java:138)
	at org.junit.platform.engine.support.hierarchical.NodeTestTask.execute(NodeTestTask.java:95)
	at org.junit.platform.engine.support.hierarchical.SameThreadHierarchicalTestExecutorService.submit(SameThreadHierarchicalTestExecutorService.java:35)
	at org.junit.platform.engine.support.hierarchical.HierarchicalTestExecutor.execute(HierarchicalTestExecutor.java:57)
	at org.junit.platform.engine.support.hierarchical.HierarchicalTestEngine.execute(HierarchicalTestEngine.java:54)
	at org.junit.platform.launcher.core.EngineExecutionOrchestrator.execute(EngineExecutionOrchestrator.java:198)
	at org.junit.platform.launcher.core.EngineExecutionOrchestrator.execute(EngineExecutionOrchestrator.java:169)
	at org.junit.platform.launcher.core.EngineExecutionOrchestrator.execute(EngineExecutionOrchestrator.java:93)
	at org.junit.platform.launcher.core.EngineExecutionOrchestrator.lambda$execute$0(EngineExecutionOrchestrator.java:58)
	at org.junit.platform.launcher.core.EngineExecutionOrchestrator.withInterceptedStreams(EngineExecutionOrchestrator.java:141)
	at org.junit.platform.launcher.core.EngineExecutionOrchestrator.execute(EngineExecutionOrchestrator.java:57)
	at org.junit.platform.launcher.core.DefaultLauncher.execute(DefaultLauncher.java:103)
	at org.junit.platform.launcher.core.DefaultLauncher.execute(DefaultLauncher.java:85)
	at org.junit.platform.launcher.core.DelegatingLauncher.execute(DelegatingLauncher.java:47)
	at org.junit.platform.launcher.core.SessionPerRequestLauncher.execute(SessionPerRequestLauncher.java:63)
	at com.intellij.junit5.JUnit5IdeaTestRunner.startRunnerWithArgs(JUnit5IdeaTestRunner.java:57)
	at com.intellij.rt.junit.IdeaTestRunner$Repeater$1.execute(IdeaTestRunner.java:38)
	at com.intellij.rt.execution.junit.TestsRepeater.repeat(TestsRepeater.java:11)
	at com.intellij.rt.junit.IdeaTestRunner$Repeater.startRunnerWithArgs(IdeaTestRunner.java:35)
	at com.intellij.rt.junit.JUnitStarter.prepareStreamsAndStart(JUnitStarter.java:232)
	at com.intellij.rt.junit.JUnitStarter.main(JUnitStarter.java:55)
2025-01-27 13:47:21 [main] INFO  l.insoft.uztis.tests.utils.TestUtils - Screenshot moved to C:\Users\ingrida.zadorozniene\Desktop\Asm\UZTIS\UZTIS_tests\test-output\screenshots\20250127\134721691_testFillNewApplication().png
2025-01-27 13:47:39 [main] INFO  lt.insoft.uztis.tests.UztisPageTest - Navigated to https://uztisdev.asseco.lt/home
2025-01-27 13:47:39 [main] INFO  l.i.u.t.SubmittedApplicationsPageTest - Starting test:'testFillNewApplication'
2025-01-27 13:47:39 [main] DEBUG l.i.u.t.SubmittedApplicationsPageTest - User logged in with test credentials
2025-01-27 13:47:40 [main] DEBUG l.i.u.t.SubmittedApplicationsPageTest - Opened 'Application Processing' menu.
2025-01-27 13:47:40 [main] DEBUG l.i.u.t.SubmittedApplicationsPageTest - Clicked on 'Application Forms' menu.
2025-01-27 13:47:40 [main] DEBUG l.i.u.t.SubmittedApplicationsPageTest - Retrieved last description code text: 'TST-VUI-67'.
2025-01-27 13:47:40 [main] DEBUG l.i.u.t.SubmittedApplicationsPageTest - Clicked on 'Invitation' menu.
2025-01-27 13:47:41 [main] DEBUG l.i.u.t.SubmittedApplicationsPageTest - Selected application section by code: 'TST-VUI-67'.
2025-01-27 13:47:41 [main] DEBUG l.i.u.t.SubmittedApplicationsPageTest - Clicked 'Search' button.
2025-01-27 13:47:41 [main] DEBUG l.i.u.t.SubmittedApplicationsPageTest - Retrieved invitation code: ''.
2025-01-27 13:47:41 [main] DEBUG l.i.u.t.SubmittedApplicationsPageTest - Clicked on 'Submitted Applications' menu.
2025-01-27 13:47:42 [main] DEBUG l.i.u.t.SubmittedApplicationsPageTest - Selected invitation by code: 'TST-VUI-67'.
2025-01-27 13:47:42 [main] DEBUG l.i.u.t.SubmittedApplicationsPageTest - Clicked on 'Action Application' button.
2025-01-27 13:47:42 [main] DEBUG l.i.u.t.SubmittedApplicationsPageTest - Clicked on 'New Application' button.
2025-01-27 13:47:43 [main] DEBUG l.i.u.t.SubmittedApplicationsPageTest - Clicked on 'RadioButtonFA' button.
2025-01-27 13:47:43 [main] DEBUG l.i.u.t.SubmittedApplicationsPageTest - Entered phone number into the input field.
2025-01-27 13:47:43 [main] DEBUG l.i.u.t.SubmittedApplicationsPageTest - Entered eMail into the input field.
2025-01-27 13:47:43 [main] INFO  l.i.u.p.SubmittedApplicationsPage - Located the dropdown button.
2025-01-27 13:48:03 [main] INFO  l.i.u.p.SubmittedApplicationsPage - Found 1741 options in the dropdown.
2025-01-27 13:48:03 [main] INFO  l.i.u.p.SubmittedApplicationsPage - Successfully selected the value: '01.11 - Grūdinių (išskyrus ryžius), ankštinių ir aliejingų sėklų augalų auginimas'
2025-01-27 13:48:13 [main] ERROR l.i.u.p.SubmittedApplicationsPage - Failed to close the dropdown with aria-expanded = 'false'. Attempting manual close.
2025-01-27 13:48:14 [main] INFO  l.i.u.p.SubmittedApplicationsPage - Manual close attempt for the dropdown using body click.
2025-01-27 13:48:14 [main] DEBUG l.i.u.t.SubmittedApplicationsPageTest - Entered Address into the input field.
2025-01-27 13:48:14 [main] DEBUG l.i.u.t.SubmittedApplicationsPageTest - Entered Address into the input field.
2025-01-27 13:48:15 [main] INFO  l.i.u.p.SubmittedApplicationsPage - Located the dropdown button.
2025-01-27 13:48:16 [main] INFO  l.i.u.p.SubmittedApplicationsPage - Successfully selected the value: 'Administratoriai'
2025-01-27 13:48:26 [main] ERROR l.i.u.p.SubmittedApplicationsPage - Timeout while waiting for dropdown to close with aria-expanded = 'false'.
2025-01-27 13:48:26 [main] DEBUG l.i.u.t.SubmittedApplicationsPageTest - Selected the value: 'Administratoriai'
2025-01-27 13:48:27 [main] INFO  l.i.u.p.SubmittedApplicationsPage - Located the dropdown button.
2025-01-27 13:48:27 [main] INFO  l.i.u.p.SubmittedApplicationsPage - Successfully selected the value: 'Kita'
2025-01-27 13:48:37 [main] ERROR l.i.u.p.SubmittedApplicationsPage - Timeout while waiting for dropdown to close with aria-expanded = 'false'.
2025-01-27 13:48:37 [main] DEBUG l.i.u.t.SubmittedApplicationsPageTest - Selected the value: 'Kita'
2025-01-27 13:48:38 [main] DEBUG l.i.u.t.SubmittedApplicationsPageTest - Selected the value: '6 val. per dieną ir 4 d. per savaitę'
2025-01-27 13:48:38 [main] DEBUG l.i.u.t.SubmittedApplicationsPageTest - Entered Address into the input field.
2025-01-27 13:48:48 [main] ERROR l.i.u.t.SubmittedApplicationsPageTest - Test 'testFillNewApplication' failed with error: no such element: Unable to locate element: {"method":"xpath","selector":"//div[contains(@class, 'mat-mdc-form-field-infix')]//common-textarea[@id='common-textarea-1']//textarea[2]"}
  (Session info: chrome=131.0.6778.265)
For documentation on this error, please visit: https://www.selenium.dev/documentation/webdriver/troubleshooting/errors#no-such-element-exception
Build info: version: '4.27.0', revision: 'd6e718d134'
System info: os.name: 'Windows 11', os.arch: 'amd64', os.version: '10.0', java.version: '21.0.3'
Driver info: org.openqa.selenium.chrome.ChromeDriver
Command: [e8cd88c3ae6d9b80e497faaf72c2bad0, findElement {value=//div[contains(@class, 'mat-mdc-form-field-infix')]//common-textarea[@id='common-textarea-1']//textarea[2], using=xpath}]
Capabilities {acceptInsecureCerts: false, browserName: chrome, browserVersion: 131.0.6778.265, chrome: {chromedriverVersion: 131.0.6778.264 (2d05e315153..., userDataDir: C:\Users\INGRID~1.ZAD\AppDa...}, fedcm:accounts: true, goog:chromeOptions: {debuggerAddress: localhost:56182}, networkConnectionEnabled: false, pageLoadStrategy: normal, platformName: windows, proxy: Proxy(), se:cdp: ws://localhost:56182/devtoo..., se:cdpVersion: 131.0.6778.265, setWindowRect: true, strictFileInteractability: false, timeouts: {implicit: 0, pageLoad: 300000, script: 30000}, unhandledPromptBehavior: dismiss and notify, webauthn:extension:credBlob: true, webauthn:extension:largeBlob: true, webauthn:extension:minPinLength: true, webauthn:extension:prf: true, webauthn:virtualAuthenticators: true}
Session ID: e8cd88c3ae6d9b80e497faaf72c2bad0
org.openqa.selenium.NoSuchElementException: no such element: Unable to locate element: {"method":"xpath","selector":"//div[contains(@class, 'mat-mdc-form-field-infix')]//common-textarea[@id='common-textarea-1']//textarea[2]"}
  (Session info: chrome=131.0.6778.265)
For documentation on this error, please visit: https://www.selenium.dev/documentation/webdriver/troubleshooting/errors#no-such-element-exception
Build info: version: '4.27.0', revision: 'd6e718d134'
System info: os.name: 'Windows 11', os.arch: 'amd64', os.version: '10.0', java.version: '21.0.3'
Driver info: org.openqa.selenium.chrome.ChromeDriver
Command: [e8cd88c3ae6d9b80e497faaf72c2bad0, findElement {value=//div[contains(@class, 'mat-mdc-form-field-infix')]//common-textarea[@id='common-textarea-1']//textarea[2], using=xpath}]
Capabilities {acceptInsecureCerts: false, browserName: chrome, browserVersion: 131.0.6778.265, chrome: {chromedriverVersion: 131.0.6778.264 (2d05e315153..., userDataDir: C:\Users\INGRID~1.ZAD\AppDa...}, fedcm:accounts: true, goog:chromeOptions: {debuggerAddress: localhost:56182}, networkConnectionEnabled: false, pageLoadStrategy: normal, platformName: windows, proxy: Proxy(), se:cdp: ws://localhost:56182/devtoo..., se:cdpVersion: 131.0.6778.265, setWindowRect: true, strictFileInteractability: false, timeouts: {implicit: 0, pageLoad: 300000, script: 30000}, unhandledPromptBehavior: dismiss and notify, webauthn:extension:credBlob: true, webauthn:extension:largeBlob: true, webauthn:extension:minPinLength: true, webauthn:extension:prf: true, webauthn:virtualAuthenticators: true}
Session ID: e8cd88c3ae6d9b80e497faaf72c2bad0
	at java.base/jdk.internal.reflect.DirectConstructorHandleAccessor.newInstance(DirectConstructorHandleAccessor.java:62)
	at java.base/java.lang.reflect.Constructor.newInstanceWithCaller(Constructor.java:502)
	at java.base/java.lang.reflect.Constructor.newInstance(Constructor.java:486)
	at org.openqa.selenium.remote.ErrorCodec.decode(ErrorCodec.java:167)
	at org.openqa.selenium.remote.codec.w3c.W3CHttpResponseCodec.decode(W3CHttpResponseCodec.java:138)
	at org.openqa.selenium.remote.codec.w3c.W3CHttpResponseCodec.decode(W3CHttpResponseCodec.java:50)
	at org.openqa.selenium.remote.HttpCommandExecutor.execute(HttpCommandExecutor.java:190)
	at org.openqa.selenium.remote.service.DriverCommandExecutor.invokeExecute(DriverCommandExecutor.java:216)
	at org.openqa.selenium.remote.service.DriverCommandExecutor.execute(DriverCommandExecutor.java:174)
	at org.openqa.selenium.remote.RemoteWebDriver.execute(RemoteWebDriver.java:545)
	at org.openqa.selenium.remote.ElementLocation$ElementFinder$2.findElement(ElementLocation.java:165)
	at org.openqa.selenium.remote.ElementLocation.findElement(ElementLocation.java:59)
	at org.openqa.selenium.remote.RemoteWebDriver.findElement(RemoteWebDriver.java:368)
	at org.openqa.selenium.remote.RemoteWebDriver.findElement(RemoteWebDriver.java:362)
	at org.openqa.selenium.support.pagefactory.DefaultElementLocator.findElement(DefaultElementLocator.java:68)
	at org.openqa.selenium.support.pagefactory.internal.LocatingElementHandler.invoke(LocatingElementHandler.java:38)
	at jdk.proxy2/jdk.proxy2.$Proxy14.clear(Unknown Source)
	at lt.insoft.uztis.pages.SubmittedApplicationsPage.enterJobDescription(SubmittedApplicationsPage.java:454)
	at lt.insoft.uztis.tests.SubmittedApplicationsPageTest.testFillNewApplication(SubmittedApplicationsPageTest.java:204)
	at java.base/jdk.internal.reflect.DirectMethodHandleAccessor.invoke(DirectMethodHandleAccessor.java:103)
	at java.base/java.lang.reflect.Method.invoke(Method.java:580)
	at org.junit.platform.commons.util.ReflectionUtils.invokeMethod(ReflectionUtils.java:728)
	at org.junit.jupiter.engine.execution.MethodInvocation.proceed(MethodInvocation.java:60)
	at org.junit.jupiter.engine.execution.InvocationInterceptorChain$ValidatingInvocation.proceed(InvocationInterceptorChain.java:131)
	at org.junit.jupiter.engine.extension.TimeoutExtension.intercept(TimeoutExtension.java:156)
	at org.junit.jupiter.engine.extension.TimeoutExtension.interceptTestableMethod(TimeoutExtension.java:147)
	at org.junit.jupiter.engine.extension.TimeoutExtension.interceptTestMethod(TimeoutExtension.java:86)
	at org.junit.jupiter.engine.execution.InterceptingExecutableInvoker$ReflectiveInterceptorCall.lambda$ofVoidMethod$0(InterceptingExecutableInvoker.java:103)
	at org.junit.jupiter.engine.execution.InterceptingExecutableInvoker.lambda$invoke$0(InterceptingExecutableInvoker.java:93)
	at org.junit.jupiter.engine.execution.InvocationInterceptorChain$InterceptedInvocation.proceed(InvocationInterceptorChain.java:106)
	at org.junit.jupiter.engine.execution.InvocationInterceptorChain.proceed(InvocationInterceptorChain.java:64)
	at org.junit.jupiter.engine.execution.InvocationInterceptorChain.chainAndInvoke(InvocationInterceptorChain.java:45)
	at org.junit.jupiter.engine.execution.InvocationInterceptorChain.invoke(InvocationInterceptorChain.java:37)
	at org.junit.jupiter.engine.execution.InterceptingExecutableInvoker.invoke(InterceptingExecutableInvoker.java:92)
	at org.junit.jupiter.engine.execution.InterceptingExecutableInvoker.invoke(InterceptingExecutableInvoker.java:86)
	at org.junit.jupiter.engine.descriptor.TestMethodTestDescriptor.lambda$invokeTestMethod$7(TestMethodTestDescriptor.java:218)
	at org.junit.platform.engine.support.hierarchical.ThrowableCollector.execute(ThrowableCollector.java:73)
	at org.junit.jupiter.engine.descriptor.TestMethodTestDescriptor.invokeTestMethod(TestMethodTestDescriptor.java:214)
	at org.junit.jupiter.engine.descriptor.TestMethodTestDescriptor.execute(TestMethodTestDescriptor.java:139)
	at org.junit.jupiter.engine.descriptor.TestMethodTestDescriptor.execute(TestMethodTestDescriptor.java:69)
	at org.junit.platform.engine.support.hierarchical.NodeTestTask.lambda$executeRecursively$6(NodeTestTask.java:151)
	at org.junit.platform.engine.support.hierarchical.ThrowableCollector.execute(ThrowableCollector.java:73)
	at org.junit.platform.engine.support.hierarchical.NodeTestTask.lambda$executeRecursively$8(NodeTestTask.java:141)
	at org.junit.platform.engine.support.hierarchical.Node.around(Node.java:137)
	at org.junit.platform.engine.support.hierarchical.NodeTestTask.lambda$executeRecursively$9(NodeTestTask.java:139)
	at org.junit.platform.engine.support.hierarchical.ThrowableCollector.execute(ThrowableCollector.java:73)
	at org.junit.platform.engine.support.hierarchical.NodeTestTask.executeRecursively(NodeTestTask.java:138)
	at org.junit.platform.engine.support.hierarchical.NodeTestTask.execute(NodeTestTask.java:95)
	at java.base/java.util.ArrayList.forEach(ArrayList.java:1596)
	at org.junit.platform.engine.support.hierarchical.SameThreadHierarchicalTestExecutorService.invokeAll(SameThreadHierarchicalTestExecutorService.java:41)
	at org.junit.platform.engine.support.hierarchical.NodeTestTask.lambda$executeRecursively$6(NodeTestTask.java:155)
	at org.junit.platform.engine.support.hierarchical.ThrowableCollector.execute(ThrowableCollector.java:73)
	at org.junit.platform.engine.support.hierarchical.NodeTestTask.lambda$executeRecursively$8(NodeTestTask.java:141)
	at org.junit.platform.engine.support.hierarchical.Node.around(Node.java:137)
	at org.junit.platform.engine.support.hierarchical.NodeTestTask.lambda$executeRecursively$9(NodeTestTask.java:139)
	at org.junit.platform.engine.support.hierarchical.ThrowableCollector.execute(ThrowableCollector.java:73)
	at org.junit.platform.engine.support.hierarchical.NodeTestTask.executeRecursively(NodeTestTask.java:138)
	at org.junit.platform.engine.support.hierarchical.NodeTestTask.execute(NodeTestTask.java:95)
	at java.base/java.util.ArrayList.forEach(ArrayList.java:1596)
	at org.junit.platform.engine.support.hierarchical.SameThreadHierarchicalTestExecutorService.invokeAll(SameThreadHierarchicalTestExecutorService.java:41)
	at org.junit.platform.engine.support.hierarchical.NodeTestTask.lambda$executeRecursively$6(NodeTestTask.java:155)
	at org.junit.platform.engine.support.hierarchical.ThrowableCollector.execute(ThrowableCollector.java:73)
	at org.junit.platform.engine.support.hierarchical.NodeTestTask.lambda$executeRecursively$8(NodeTestTask.java:141)
	at org.junit.platform.engine.support.hierarchical.Node.around(Node.java:137)
	at org.junit.platform.engine.support.hierarchical.NodeTestTask.lambda$executeRecursively$9(NodeTestTask.java:139)
	at org.junit.platform.engine.support.hierarchical.ThrowableCollector.execute(ThrowableCollector.java:73)
	at org.junit.platform.engine.support.hierarchical.NodeTestTask.executeRecursively(NodeTestTask.java:138)
	at org.junit.platform.engine.support.hierarchical.NodeTestTask.execute(NodeTestTask.java:95)
	at org.junit.platform.engine.support.hierarchical.SameThreadHierarchicalTestExecutorService.submit(SameThreadHierarchicalTestExecutorService.java:35)
	at org.junit.platform.engine.support.hierarchical.HierarchicalTestExecutor.execute(HierarchicalTestExecutor.java:57)
	at org.junit.platform.engine.support.hierarchical.HierarchicalTestEngine.execute(HierarchicalTestEngine.java:54)
	at org.junit.platform.launcher.core.EngineExecutionOrchestrator.execute(EngineExecutionOrchestrator.java:198)
	at org.junit.platform.launcher.core.EngineExecutionOrchestrator.execute(EngineExecutionOrchestrator.java:169)
	at org.junit.platform.launcher.core.EngineExecutionOrchestrator.execute(EngineExecutionOrchestrator.java:93)
	at org.junit.platform.launcher.core.EngineExecutionOrchestrator.lambda$execute$0(EngineExecutionOrchestrator.java:58)
	at org.junit.platform.launcher.core.EngineExecutionOrchestrator.withInterceptedStreams(EngineExecutionOrchestrator.java:141)
	at org.junit.platform.launcher.core.EngineExecutionOrchestrator.execute(EngineExecutionOrchestrator.java:57)
	at org.junit.platform.launcher.core.DefaultLauncher.execute(DefaultLauncher.java:103)
	at org.junit.platform.launcher.core.DefaultLauncher.execute(DefaultLauncher.java:85)
	at org.junit.platform.launcher.core.DelegatingLauncher.execute(DelegatingLauncher.java:47)
	at org.junit.platform.launcher.core.SessionPerRequestLauncher.execute(SessionPerRequestLauncher.java:63)
	at com.intellij.junit5.JUnit5IdeaTestRunner.startRunnerWithArgs(JUnit5IdeaTestRunner.java:57)
	at com.intellij.rt.junit.IdeaTestRunner$Repeater$1.execute(IdeaTestRunner.java:38)
	at com.intellij.rt.execution.junit.TestsRepeater.repeat(TestsRepeater.java:11)
	at com.intellij.rt.junit.IdeaTestRunner$Repeater.startRunnerWithArgs(IdeaTestRunner.java:35)
	at com.intellij.rt.junit.JUnitStarter.prepareStreamsAndStart(JUnitStarter.java:232)
	at com.intellij.rt.junit.JUnitStarter.main(JUnitStarter.java:55)
2025-01-27 13:48:48 [main] INFO  l.insoft.uztis.tests.utils.TestUtils - Screenshot moved to C:\Users\ingrida.zadorozniene\Desktop\Asm\UZTIS\UZTIS_tests\test-output\screenshots\20250127\134848904_testFillNewApplication().png
2025-01-27 13:49:10 [main] INFO  lt.insoft.uztis.tests.UztisPageTest - Navigated to https://uztisdev.asseco.lt/home
2025-01-27 13:49:11 [main] INFO  l.i.u.t.SubmittedApplicationsPageTest - Starting test:'testFillNewApplication'
2025-01-27 13:49:11 [main] DEBUG l.i.u.t.SubmittedApplicationsPageTest - User logged in with test credentials
2025-01-27 13:49:11 [main] DEBUG l.i.u.t.SubmittedApplicationsPageTest - Opened 'Application Processing' menu.
2025-01-27 13:49:11 [main] DEBUG l.i.u.t.SubmittedApplicationsPageTest - Clicked on 'Application Forms' menu.
2025-01-27 13:49:17 [main] DEBUG l.i.u.t.SubmittedApplicationsPageTest - Retrieved last description code text: 'TST-VUI-67'.
2025-01-27 13:49:17 [main] DEBUG l.i.u.t.SubmittedApplicationsPageTest - Clicked on 'Invitation' menu.
2025-01-27 13:49:18 [main] DEBUG l.i.u.t.SubmittedApplicationsPageTest - Selected application section by code: 'TST-VUI-67'.
2025-01-27 13:49:18 [main] DEBUG l.i.u.t.SubmittedApplicationsPageTest - Clicked 'Search' button.
2025-01-27 13:49:18 [main] DEBUG l.i.u.t.SubmittedApplicationsPageTest - Retrieved invitation code: ''.
2025-01-27 13:49:18 [main] DEBUG l.i.u.t.SubmittedApplicationsPageTest - Clicked on 'Submitted Applications' menu.
2025-01-27 13:49:19 [main] DEBUG l.i.u.t.SubmittedApplicationsPageTest - Selected invitation by code: 'TST-VUI-67'.
2025-01-27 13:49:19 [main] DEBUG l.i.u.t.SubmittedApplicationsPageTest - Clicked on 'Action Application' button.
2025-01-27 13:49:19 [main] DEBUG l.i.u.t.SubmittedApplicationsPageTest - Clicked on 'New Application' button.
2025-01-27 13:49:20 [main] DEBUG l.i.u.t.SubmittedApplicationsPageTest - Clicked on 'RadioButtonFA' button.
2025-01-27 13:49:20 [main] DEBUG l.i.u.t.SubmittedApplicationsPageTest - Entered phone number into the input field.
2025-01-27 13:49:21 [main] DEBUG l.i.u.t.SubmittedApplicationsPageTest - Entered eMail into the input field.
2025-01-27 13:49:21 [main] INFO  l.i.u.p.SubmittedApplicationsPage - Located the dropdown button.
2025-01-27 13:49:40 [main] INFO  l.i.u.p.SubmittedApplicationsPage - Found 1741 options in the dropdown.
2025-01-27 13:49:40 [main] INFO  l.i.u.p.SubmittedApplicationsPage - Successfully selected the value: '01.11 - Grūdinių (išskyrus ryžius), ankštinių ir aliejingų sėklų augalų auginimas'
2025-01-27 13:49:50 [main] ERROR l.i.u.p.SubmittedApplicationsPage - Failed to close the dropdown with aria-expanded = 'false'. Attempting manual close.
2025-01-27 13:49:51 [main] INFO  l.i.u.p.SubmittedApplicationsPage - Manual close attempt for the dropdown using body click.
2025-01-27 13:49:51 [main] DEBUG l.i.u.t.SubmittedApplicationsPageTest - Entered Address into the input field.
2025-01-27 13:49:51 [main] DEBUG l.i.u.t.SubmittedApplicationsPageTest - Entered Address into the input field.
2025-01-27 13:49:51 [main] INFO  l.i.u.p.SubmittedApplicationsPage - Located the dropdown button.
2025-01-27 13:49:53 [main] INFO  l.i.u.p.SubmittedApplicationsPage - Successfully selected the value: 'Administratoriai'
2025-01-27 13:50:03 [main] ERROR l.i.u.p.SubmittedApplicationsPage - Timeout while waiting for dropdown to close with aria-expanded = 'false'.
2025-01-27 13:50:03 [main] DEBUG l.i.u.t.SubmittedApplicationsPageTest - Selected the value: 'Administratoriai'
2025-01-27 13:50:03 [main] INFO  l.i.u.p.SubmittedApplicationsPage - Located the dropdown button.
2025-01-27 13:50:04 [main] INFO  l.i.u.p.SubmittedApplicationsPage - Successfully selected the value: 'Kita'
2025-01-27 13:50:14 [main] ERROR l.i.u.p.SubmittedApplicationsPage - Timeout while waiting for dropdown to close with aria-expanded = 'false'.
2025-01-27 13:50:14 [main] DEBUG l.i.u.t.SubmittedApplicationsPageTest - Selected the value: 'Kita'
2025-01-27 13:50:15 [main] DEBUG l.i.u.t.SubmittedApplicationsPageTest - Selected the value: '6 val. per dieną ir 4 d. per savaitę'
2025-01-27 13:50:15 [main] DEBUG l.i.u.t.SubmittedApplicationsPageTest - Entered Address into the input field.
2025-01-27 13:50:25 [main] ERROR l.i.u.t.SubmittedApplicationsPageTest - Test 'testFillNewApplication' failed with error: no such element: Unable to locate element: {"method":"xpath","selector":"//div[contains(@class, 'mat-mdc-form-field-infix')]//common-textarea[@id='common-textarea-1']//textarea[2]"}
  (Session info: chrome=131.0.6778.265)
For documentation on this error, please visit: https://www.selenium.dev/documentation/webdriver/troubleshooting/errors#no-such-element-exception
Build info: version: '4.27.0', revision: 'd6e718d134'
System info: os.name: 'Windows 11', os.arch: 'amd64', os.version: '10.0', java.version: '21.0.3'
Driver info: org.openqa.selenium.chrome.ChromeDriver
Command: [e0347b873657b63dc5976bf86b5a1439, findElement {value=//div[contains(@class, 'mat-mdc-form-field-infix')]//common-textarea[@id='common-textarea-1']//textarea[2], using=xpath}]
Capabilities {acceptInsecureCerts: false, browserName: chrome, browserVersion: 131.0.6778.265, chrome: {chromedriverVersion: 131.0.6778.264 (2d05e315153..., userDataDir: C:\Users\INGRID~1.ZAD\AppDa...}, fedcm:accounts: true, goog:chromeOptions: {debuggerAddress: localhost:56257}, networkConnectionEnabled: false, pageLoadStrategy: normal, platformName: windows, proxy: Proxy(), se:cdp: ws://localhost:56257/devtoo..., se:cdpVersion: 131.0.6778.265, setWindowRect: true, strictFileInteractability: false, timeouts: {implicit: 0, pageLoad: 300000, script: 30000}, unhandledPromptBehavior: dismiss and notify, webauthn:extension:credBlob: true, webauthn:extension:largeBlob: true, webauthn:extension:minPinLength: true, webauthn:extension:prf: true, webauthn:virtualAuthenticators: true}
Session ID: e0347b873657b63dc5976bf86b5a1439
org.openqa.selenium.NoSuchElementException: no such element: Unable to locate element: {"method":"xpath","selector":"//div[contains(@class, 'mat-mdc-form-field-infix')]//common-textarea[@id='common-textarea-1']//textarea[2]"}
  (Session info: chrome=131.0.6778.265)
For documentation on this error, please visit: https://www.selenium.dev/documentation/webdriver/troubleshooting/errors#no-such-element-exception
Build info: version: '4.27.0', revision: 'd6e718d134'
System info: os.name: 'Windows 11', os.arch: 'amd64', os.version: '10.0', java.version: '21.0.3'
Driver info: org.openqa.selenium.chrome.ChromeDriver
Command: [e0347b873657b63dc5976bf86b5a1439, findElement {value=//div[contains(@class, 'mat-mdc-form-field-infix')]//common-textarea[@id='common-textarea-1']//textarea[2], using=xpath}]
Capabilities {acceptInsecureCerts: false, browserName: chrome, browserVersion: 131.0.6778.265, chrome: {chromedriverVersion: 131.0.6778.264 (2d05e315153..., userDataDir: C:\Users\INGRID~1.ZAD\AppDa...}, fedcm:accounts: true, goog:chromeOptions: {debuggerAddress: localhost:56257}, networkConnectionEnabled: false, pageLoadStrategy: normal, platformName: windows, proxy: Proxy(), se:cdp: ws://localhost:56257/devtoo..., se:cdpVersion: 131.0.6778.265, setWindowRect: true, strictFileInteractability: false, timeouts: {implicit: 0, pageLoad: 300000, script: 30000}, unhandledPromptBehavior: dismiss and notify, webauthn:extension:credBlob: true, webauthn:extension:largeBlob: true, webauthn:extension:minPinLength: true, webauthn:extension:prf: true, webauthn:virtualAuthenticators: true}
Session ID: e0347b873657b63dc5976bf86b5a1439
	at java.base/jdk.internal.reflect.DirectConstructorHandleAccessor.newInstance(DirectConstructorHandleAccessor.java:62)
	at java.base/java.lang.reflect.Constructor.newInstanceWithCaller(Constructor.java:502)
	at java.base/java.lang.reflect.Constructor.newInstance(Constructor.java:486)
	at org.openqa.selenium.remote.ErrorCodec.decode(ErrorCodec.java:167)
	at org.openqa.selenium.remote.codec.w3c.W3CHttpResponseCodec.decode(W3CHttpResponseCodec.java:138)
	at org.openqa.selenium.remote.codec.w3c.W3CHttpResponseCodec.decode(W3CHttpResponseCodec.java:50)
	at org.openqa.selenium.remote.HttpCommandExecutor.execute(HttpCommandExecutor.java:190)
	at org.openqa.selenium.remote.service.DriverCommandExecutor.invokeExecute(DriverCommandExecutor.java:216)
	at org.openqa.selenium.remote.service.DriverCommandExecutor.execute(DriverCommandExecutor.java:174)
	at org.openqa.selenium.remote.RemoteWebDriver.execute(RemoteWebDriver.java:545)
	at org.openqa.selenium.remote.ElementLocation$ElementFinder$2.findElement(ElementLocation.java:165)
	at org.openqa.selenium.remote.ElementLocation.findElement(ElementLocation.java:59)
	at org.openqa.selenium.remote.RemoteWebDriver.findElement(RemoteWebDriver.java:368)
	at org.openqa.selenium.remote.RemoteWebDriver.findElement(RemoteWebDriver.java:362)
	at org.openqa.selenium.support.pagefactory.DefaultElementLocator.findElement(DefaultElementLocator.java:68)
	at org.openqa.selenium.support.pagefactory.internal.LocatingElementHandler.invoke(LocatingElementHandler.java:38)
	at jdk.proxy2/jdk.proxy2.$Proxy14.clear(Unknown Source)
	at lt.insoft.uztis.pages.SubmittedApplicationsPage.enterJobDescription(SubmittedApplicationsPage.java:454)
	at lt.insoft.uztis.tests.SubmittedApplicationsPageTest.testFillNewApplication(SubmittedApplicationsPageTest.java:204)
	at java.base/jdk.internal.reflect.DirectMethodHandleAccessor.invoke(DirectMethodHandleAccessor.java:103)
	at java.base/java.lang.reflect.Method.invoke(Method.java:580)
	at org.junit.platform.commons.util.ReflectionUtils.invokeMethod(ReflectionUtils.java:728)
	at org.junit.jupiter.engine.execution.MethodInvocation.proceed(MethodInvocation.java:60)
	at org.junit.jupiter.engine.execution.InvocationInterceptorChain$ValidatingInvocation.proceed(InvocationInterceptorChain.java:131)
	at org.junit.jupiter.engine.extension.TimeoutExtension.intercept(TimeoutExtension.java:156)
	at org.junit.jupiter.engine.extension.TimeoutExtension.interceptTestableMethod(TimeoutExtension.java:147)
	at org.junit.jupiter.engine.extension.TimeoutExtension.interceptTestMethod(TimeoutExtension.java:86)
	at org.junit.jupiter.engine.execution.InterceptingExecutableInvoker$ReflectiveInterceptorCall.lambda$ofVoidMethod$0(InterceptingExecutableInvoker.java:103)
	at org.junit.jupiter.engine.execution.InterceptingExecutableInvoker.lambda$invoke$0(InterceptingExecutableInvoker.java:93)
	at org.junit.jupiter.engine.execution.InvocationInterceptorChain$InterceptedInvocation.proceed(InvocationInterceptorChain.java:106)
	at org.junit.jupiter.engine.execution.InvocationInterceptorChain.proceed(InvocationInterceptorChain.java:64)
	at org.junit.jupiter.engine.execution.InvocationInterceptorChain.chainAndInvoke(InvocationInterceptorChain.java:45)
	at org.junit.jupiter.engine.execution.InvocationInterceptorChain.invoke(InvocationInterceptorChain.java:37)
	at org.junit.jupiter.engine.execution.InterceptingExecutableInvoker.invoke(InterceptingExecutableInvoker.java:92)
	at org.junit.jupiter.engine.execution.InterceptingExecutableInvoker.invoke(InterceptingExecutableInvoker.java:86)
	at org.junit.jupiter.engine.descriptor.TestMethodTestDescriptor.lambda$invokeTestMethod$7(TestMethodTestDescriptor.java:218)
	at org.junit.platform.engine.support.hierarchical.ThrowableCollector.execute(ThrowableCollector.java:73)
	at org.junit.jupiter.engine.descriptor.TestMethodTestDescriptor.invokeTestMethod(TestMethodTestDescriptor.java:214)
	at org.junit.jupiter.engine.descriptor.TestMethodTestDescriptor.execute(TestMethodTestDescriptor.java:139)
	at org.junit.jupiter.engine.descriptor.TestMethodTestDescriptor.execute(TestMethodTestDescriptor.java:69)
	at org.junit.platform.engine.support.hierarchical.NodeTestTask.lambda$executeRecursively$6(NodeTestTask.java:151)
	at org.junit.platform.engine.support.hierarchical.ThrowableCollector.execute(ThrowableCollector.java:73)
	at org.junit.platform.engine.support.hierarchical.NodeTestTask.lambda$executeRecursively$8(NodeTestTask.java:141)
	at org.junit.platform.engine.support.hierarchical.Node.around(Node.java:137)
	at org.junit.platform.engine.support.hierarchical.NodeTestTask.lambda$executeRecursively$9(NodeTestTask.java:139)
	at org.junit.platform.engine.support.hierarchical.ThrowableCollector.execute(ThrowableCollector.java:73)
	at org.junit.platform.engine.support.hierarchical.NodeTestTask.executeRecursively(NodeTestTask.java:138)
	at org.junit.platform.engine.support.hierarchical.NodeTestTask.execute(NodeTestTask.java:95)
	at java.base/java.util.ArrayList.forEach(ArrayList.java:1596)
	at org.junit.platform.engine.support.hierarchical.SameThreadHierarchicalTestExecutorService.invokeAll(SameThreadHierarchicalTestExecutorService.java:41)
	at org.junit.platform.engine.support.hierarchical.NodeTestTask.lambda$executeRecursively$6(NodeTestTask.java:155)
	at org.junit.platform.engine.support.hierarchical.ThrowableCollector.execute(ThrowableCollector.java:73)
	at org.junit.platform.engine.support.hierarchical.NodeTestTask.lambda$executeRecursively$8(NodeTestTask.java:141)
	at org.junit.platform.engine.support.hierarchical.Node.around(Node.java:137)
	at org.junit.platform.engine.support.hierarchical.NodeTestTask.lambda$executeRecursively$9(NodeTestTask.java:139)
	at org.junit.platform.engine.support.hierarchical.ThrowableCollector.execute(ThrowableCollector.java:73)
	at org.junit.platform.engine.support.hierarchical.NodeTestTask.executeRecursively(NodeTestTask.java:138)
	at org.junit.platform.engine.support.hierarchical.NodeTestTask.execute(NodeTestTask.java:95)
	at java.base/java.util.ArrayList.forEach(ArrayList.java:1596)
	at org.junit.platform.engine.support.hierarchical.SameThreadHierarchicalTestExecutorService.invokeAll(SameThreadHierarchicalTestExecutorService.java:41)
	at org.junit.platform.engine.support.hierarchical.NodeTestTask.lambda$executeRecursively$6(NodeTestTask.java:155)
	at org.junit.platform.engine.support.hierarchical.ThrowableCollector.execute(ThrowableCollector.java:73)
	at org.junit.platform.engine.support.hierarchical.NodeTestTask.lambda$executeRecursively$8(NodeTestTask.java:141)
	at org.junit.platform.engine.support.hierarchical.Node.around(Node.java:137)
	at org.junit.platform.engine.support.hierarchical.NodeTestTask.lambda$executeRecursively$9(NodeTestTask.java:139)
	at org.junit.platform.engine.support.hierarchical.ThrowableCollector.execute(ThrowableCollector.java:73)
	at org.junit.platform.engine.support.hierarchical.NodeTestTask.executeRecursively(NodeTestTask.java:138)
	at org.junit.platform.engine.support.hierarchical.NodeTestTask.execute(NodeTestTask.java:95)
	at org.junit.platform.engine.support.hierarchical.SameThreadHierarchicalTestExecutorService.submit(SameThreadHierarchicalTestExecutorService.java:35)
	at org.junit.platform.engine.support.hierarchical.HierarchicalTestExecutor.execute(HierarchicalTestExecutor.java:57)
	at org.junit.platform.engine.support.hierarchical.HierarchicalTestEngine.execute(HierarchicalTestEngine.java:54)
	at org.junit.platform.launcher.core.EngineExecutionOrchestrator.execute(EngineExecutionOrchestrator.java:198)
	at org.junit.platform.launcher.core.EngineExecutionOrchestrator.execute(EngineExecutionOrchestrator.java:169)
	at org.junit.platform.launcher.core.EngineExecutionOrchestrator.execute(EngineExecutionOrchestrator.java:93)
	at org.junit.platform.launcher.core.EngineExecutionOrchestrator.lambda$execute$0(EngineExecutionOrchestrator.java:58)
	at org.junit.platform.launcher.core.EngineExecutionOrchestrator.withInterceptedStreams(EngineExecutionOrchestrator.java:141)
	at org.junit.platform.launcher.core.EngineExecutionOrchestrator.execute(EngineExecutionOrchestrator.java:57)
	at org.junit.platform.launcher.core.DefaultLauncher.execute(DefaultLauncher.java:103)
	at org.junit.platform.launcher.core.DefaultLauncher.execute(DefaultLauncher.java:85)
	at org.junit.platform.launcher.core.DelegatingLauncher.execute(DelegatingLauncher.java:47)
	at org.junit.platform.launcher.core.SessionPerRequestLauncher.execute(SessionPerRequestLauncher.java:63)
	at com.intellij.junit5.JUnit5IdeaTestRunner.startRunnerWithArgs(JUnit5IdeaTestRunner.java:57)
	at com.intellij.rt.junit.IdeaTestRunner$Repeater$1.execute(IdeaTestRunner.java:38)
	at com.intellij.rt.execution.junit.TestsRepeater.repeat(TestsRepeater.java:11)
	at com.intellij.rt.junit.IdeaTestRunner$Repeater.startRunnerWithArgs(IdeaTestRunner.java:35)
	at com.intellij.rt.junit.JUnitStarter.prepareStreamsAndStart(JUnitStarter.java:232)
	at com.intellij.rt.junit.JUnitStarter.main(JUnitStarter.java:55)
2025-01-27 13:50:25 [main] INFO  l.insoft.uztis.tests.utils.TestUtils - Screenshot moved to C:\Users\ingrida.zadorozniene\Desktop\Asm\UZTIS\UZTIS_tests\test-output\screenshots\20250127\135025766_testFillNewApplication().png
2025-01-27 13:53:57 [main] INFO  lt.insoft.uztis.tests.UztisPageTest - Navigated to https://uztisdev.asseco.lt/home
2025-01-27 13:53:57 [main] INFO  l.i.u.t.SubmittedApplicationsPageTest - Starting test:'testFillNewApplication'
2025-01-27 13:53:58 [main] DEBUG l.i.u.t.SubmittedApplicationsPageTest - User logged in with test credentials
2025-01-27 13:53:58 [main] DEBUG l.i.u.t.SubmittedApplicationsPageTest - Opened 'Application Processing' menu.
2025-01-27 13:53:58 [main] DEBUG l.i.u.t.SubmittedApplicationsPageTest - Clicked on 'Application Forms' menu.
2025-01-27 13:53:58 [main] DEBUG l.i.u.t.SubmittedApplicationsPageTest - Retrieved last description code text: 'TST-VUI-67'.
2025-01-27 13:53:59 [main] DEBUG l.i.u.t.SubmittedApplicationsPageTest - Clicked on 'Invitation' menu.
2025-01-27 13:53:59 [main] DEBUG l.i.u.t.SubmittedApplicationsPageTest - Selected application section by code: 'TST-VUI-67'.
2025-01-27 13:53:59 [main] DEBUG l.i.u.t.SubmittedApplicationsPageTest - Clicked 'Search' button.
2025-01-27 13:53:59 [main] DEBUG l.i.u.t.SubmittedApplicationsPageTest - Retrieved invitation code: ''.
2025-01-27 13:54:00 [main] DEBUG l.i.u.t.SubmittedApplicationsPageTest - Clicked on 'Submitted Applications' menu.
2025-01-27 13:54:00 [main] DEBUG l.i.u.t.SubmittedApplicationsPageTest - Selected invitation by code: 'TST-VUI-67'.
2025-01-27 13:54:01 [main] DEBUG l.i.u.t.SubmittedApplicationsPageTest - Clicked on 'Action Application' button.
2025-01-27 13:54:01 [main] DEBUG l.i.u.t.SubmittedApplicationsPageTest - Clicked on 'New Application' button.
2025-01-27 13:54:01 [main] DEBUG l.i.u.t.SubmittedApplicationsPageTest - Clicked on 'RadioButtonFA' button.
2025-01-27 13:54:01 [main] DEBUG l.i.u.t.SubmittedApplicationsPageTest - Entered phone number into the input field.
2025-01-27 13:54:02 [main] DEBUG l.i.u.t.SubmittedApplicationsPageTest - Entered eMail into the input field.
2025-01-27 13:54:02 [main] INFO  l.i.u.p.SubmittedApplicationsPage - Located the dropdown button.
2025-01-27 13:54:22 [main] INFO  l.i.u.p.SubmittedApplicationsPage - Found 1741 options in the dropdown.
2025-01-27 13:54:22 [main] INFO  l.i.u.p.SubmittedApplicationsPage - Successfully selected the value: '01.11 - Grūdinių (išskyrus ryžius), ankštinių ir aliejingų sėklų augalų auginimas'
2025-01-27 13:54:32 [main] ERROR l.i.u.p.SubmittedApplicationsPage - Failed to close the dropdown with aria-expanded = 'false'. Attempting manual close.
2025-01-27 13:54:32 [main] INFO  l.i.u.p.SubmittedApplicationsPage - Manual close attempt for the dropdown using body click.
2025-01-27 13:54:33 [main] DEBUG l.i.u.t.SubmittedApplicationsPageTest - Entered Address into the input field.
2025-01-27 13:54:33 [main] DEBUG l.i.u.t.SubmittedApplicationsPageTest - Entered Address into the input field.
2025-01-27 13:54:33 [main] INFO  l.i.u.p.SubmittedApplicationsPage - Located the dropdown button.
2025-01-27 13:54:35 [main] INFO  l.i.u.p.SubmittedApplicationsPage - Successfully selected the value: 'Administratoriai'
2025-01-27 13:54:45 [main] ERROR l.i.u.p.SubmittedApplicationsPage - Timeout while waiting for dropdown to close with aria-expanded = 'false'.
2025-01-27 13:54:45 [main] DEBUG l.i.u.t.SubmittedApplicationsPageTest - Selected the value: 'Administratoriai'
2025-01-27 13:54:45 [main] INFO  l.i.u.p.SubmittedApplicationsPage - Located the dropdown button.
2025-01-27 13:54:46 [main] INFO  l.i.u.p.SubmittedApplicationsPage - Successfully selected the value: 'Kita'
2025-01-27 13:54:56 [main] ERROR l.i.u.p.SubmittedApplicationsPage - Timeout while waiting for dropdown to close with aria-expanded = 'false'.
2025-01-27 13:54:56 [main] DEBUG l.i.u.t.SubmittedApplicationsPageTest - Selected the value: 'Kita'
2025-01-27 13:54:57 [main] DEBUG l.i.u.t.SubmittedApplicationsPageTest - Selected the value: '6 val. per dieną ir 4 d. per savaitę'
2025-01-27 13:54:57 [main] DEBUG l.i.u.t.SubmittedApplicationsPageTest - Entered Address into the input field.
2025-01-27 13:55:07 [main] ERROR l.i.u.t.SubmittedApplicationsPageTest - Test 'testFillNewApplication' failed with error: no such element: Unable to locate element: {"method":"xpath","selector":"//div[contains(@class, 'mat-mdc-form-field-infix')]//common-textarea[@id='common-textarea-2']//textarea[2]"}
  (Session info: chrome=131.0.6778.265)
For documentation on this error, please visit: https://www.selenium.dev/documentation/webdriver/troubleshooting/errors#no-such-element-exception
Build info: version: '4.27.0', revision: 'd6e718d134'
System info: os.name: 'Windows 11', os.arch: 'amd64', os.version: '10.0', java.version: '21.0.3'
Driver info: org.openqa.selenium.chrome.ChromeDriver
Command: [4e5471fbe09460bc63b45dc90919ec86, findElement {value=//div[contains(@class, 'mat-mdc-form-field-infix')]//common-textarea[@id='common-textarea-2']//textarea[2], using=xpath}]
Capabilities {acceptInsecureCerts: false, browserName: chrome, browserVersion: 131.0.6778.265, chrome: {chromedriverVersion: 131.0.6778.264 (2d05e315153..., userDataDir: C:\Users\INGRID~1.ZAD\AppDa...}, fedcm:accounts: true, goog:chromeOptions: {debuggerAddress: localhost:56421}, networkConnectionEnabled: false, pageLoadStrategy: normal, platformName: windows, proxy: Proxy(), se:cdp: ws://localhost:56421/devtoo..., se:cdpVersion: 131.0.6778.265, setWindowRect: true, strictFileInteractability: false, timeouts: {implicit: 0, pageLoad: 300000, script: 30000}, unhandledPromptBehavior: dismiss and notify, webauthn:extension:credBlob: true, webauthn:extension:largeBlob: true, webauthn:extension:minPinLength: true, webauthn:extension:prf: true, webauthn:virtualAuthenticators: true}
Session ID: 4e5471fbe09460bc63b45dc90919ec86
org.openqa.selenium.NoSuchElementException: no such element: Unable to locate element: {"method":"xpath","selector":"//div[contains(@class, 'mat-mdc-form-field-infix')]//common-textarea[@id='common-textarea-2']//textarea[2]"}
  (Session info: chrome=131.0.6778.265)
For documentation on this error, please visit: https://www.selenium.dev/documentation/webdriver/troubleshooting/errors#no-such-element-exception
Build info: version: '4.27.0', revision: 'd6e718d134'
System info: os.name: 'Windows 11', os.arch: 'amd64', os.version: '10.0', java.version: '21.0.3'
Driver info: org.openqa.selenium.chrome.ChromeDriver
Command: [4e5471fbe09460bc63b45dc90919ec86, findElement {value=//div[contains(@class, 'mat-mdc-form-field-infix')]//common-textarea[@id='common-textarea-2']//textarea[2], using=xpath}]
Capabilities {acceptInsecureCerts: false, browserName: chrome, browserVersion: 131.0.6778.265, chrome: {chromedriverVersion: 131.0.6778.264 (2d05e315153..., userDataDir: C:\Users\INGRID~1.ZAD\AppDa...}, fedcm:accounts: true, goog:chromeOptions: {debuggerAddress: localhost:56421}, networkConnectionEnabled: false, pageLoadStrategy: normal, platformName: windows, proxy: Proxy(), se:cdp: ws://localhost:56421/devtoo..., se:cdpVersion: 131.0.6778.265, setWindowRect: true, strictFileInteractability: false, timeouts: {implicit: 0, pageLoad: 300000, script: 30000}, unhandledPromptBehavior: dismiss and notify, webauthn:extension:credBlob: true, webauthn:extension:largeBlob: true, webauthn:extension:minPinLength: true, webauthn:extension:prf: true, webauthn:virtualAuthenticators: true}
Session ID: 4e5471fbe09460bc63b45dc90919ec86
	at java.base/jdk.internal.reflect.DirectConstructorHandleAccessor.newInstance(DirectConstructorHandleAccessor.java:62)
	at java.base/java.lang.reflect.Constructor.newInstanceWithCaller(Constructor.java:502)
	at java.base/java.lang.reflect.Constructor.newInstance(Constructor.java:486)
	at org.openqa.selenium.remote.ErrorCodec.decode(ErrorCodec.java:167)
	at org.openqa.selenium.remote.codec.w3c.W3CHttpResponseCodec.decode(W3CHttpResponseCodec.java:138)
	at org.openqa.selenium.remote.codec.w3c.W3CHttpResponseCodec.decode(W3CHttpResponseCodec.java:50)
	at org.openqa.selenium.remote.HttpCommandExecutor.execute(HttpCommandExecutor.java:190)
	at org.openqa.selenium.remote.service.DriverCommandExecutor.invokeExecute(DriverCommandExecutor.java:216)
	at org.openqa.selenium.remote.service.DriverCommandExecutor.execute(DriverCommandExecutor.java:174)
	at org.openqa.selenium.remote.RemoteWebDriver.execute(RemoteWebDriver.java:545)
	at org.openqa.selenium.remote.ElementLocation$ElementFinder$2.findElement(ElementLocation.java:165)
	at org.openqa.selenium.remote.ElementLocation.findElement(ElementLocation.java:59)
	at org.openqa.selenium.remote.RemoteWebDriver.findElement(RemoteWebDriver.java:368)
	at org.openqa.selenium.remote.RemoteWebDriver.findElement(RemoteWebDriver.java:362)
	at org.openqa.selenium.support.pagefactory.DefaultElementLocator.findElement(DefaultElementLocator.java:68)
	at org.openqa.selenium.support.pagefactory.internal.LocatingElementHandler.invoke(LocatingElementHandler.java:38)
	at jdk.proxy2/jdk.proxy2.$Proxy14.clear(Unknown Source)
	at lt.insoft.uztis.pages.SubmittedApplicationsPage.enterJobDescription(SubmittedApplicationsPage.java:455)
	at lt.insoft.uztis.tests.SubmittedApplicationsPageTest.testFillNewApplication(SubmittedApplicationsPageTest.java:204)
	at java.base/jdk.internal.reflect.DirectMethodHandleAccessor.invoke(DirectMethodHandleAccessor.java:103)
	at java.base/java.lang.reflect.Method.invoke(Method.java:580)
	at org.junit.platform.commons.util.ReflectionUtils.invokeMethod(ReflectionUtils.java:728)
	at org.junit.jupiter.engine.execution.MethodInvocation.proceed(MethodInvocation.java:60)
	at org.junit.jupiter.engine.execution.InvocationInterceptorChain$ValidatingInvocation.proceed(InvocationInterceptorChain.java:131)
	at org.junit.jupiter.engine.extension.TimeoutExtension.intercept(TimeoutExtension.java:156)
	at org.junit.jupiter.engine.extension.TimeoutExtension.interceptTestableMethod(TimeoutExtension.java:147)
	at org.junit.jupiter.engine.extension.TimeoutExtension.interceptTestMethod(TimeoutExtension.java:86)
	at org.junit.jupiter.engine.execution.InterceptingExecutableInvoker$ReflectiveInterceptorCall.lambda$ofVoidMethod$0(InterceptingExecutableInvoker.java:103)
	at org.junit.jupiter.engine.execution.InterceptingExecutableInvoker.lambda$invoke$0(InterceptingExecutableInvoker.java:93)
	at org.junit.jupiter.engine.execution.InvocationInterceptorChain$InterceptedInvocation.proceed(InvocationInterceptorChain.java:106)
	at org.junit.jupiter.engine.execution.InvocationInterceptorChain.proceed(InvocationInterceptorChain.java:64)
	at org.junit.jupiter.engine.execution.InvocationInterceptorChain.chainAndInvoke(InvocationInterceptorChain.java:45)
	at org.junit.jupiter.engine.execution.InvocationInterceptorChain.invoke(InvocationInterceptorChain.java:37)
	at org.junit.jupiter.engine.execution.InterceptingExecutableInvoker.invoke(InterceptingExecutableInvoker.java:92)
	at org.junit.jupiter.engine.execution.InterceptingExecutableInvoker.invoke(InterceptingExecutableInvoker.java:86)
	at org.junit.jupiter.engine.descriptor.TestMethodTestDescriptor.lambda$invokeTestMethod$7(TestMethodTestDescriptor.java:218)
	at org.junit.platform.engine.support.hierarchical.ThrowableCollector.execute(ThrowableCollector.java:73)
	at org.junit.jupiter.engine.descriptor.TestMethodTestDescriptor.invokeTestMethod(TestMethodTestDescriptor.java:214)
	at org.junit.jupiter.engine.descriptor.TestMethodTestDescriptor.execute(TestMethodTestDescriptor.java:139)
	at org.junit.jupiter.engine.descriptor.TestMethodTestDescriptor.execute(TestMethodTestDescriptor.java:69)
	at org.junit.platform.engine.support.hierarchical.NodeTestTask.lambda$executeRecursively$6(NodeTestTask.java:151)
	at org.junit.platform.engine.support.hierarchical.ThrowableCollector.execute(ThrowableCollector.java:73)
	at org.junit.platform.engine.support.hierarchical.NodeTestTask.lambda$executeRecursively$8(NodeTestTask.java:141)
	at org.junit.platform.engine.support.hierarchical.Node.around(Node.java:137)
	at org.junit.platform.engine.support.hierarchical.NodeTestTask.lambda$executeRecursively$9(NodeTestTask.java:139)
	at org.junit.platform.engine.support.hierarchical.ThrowableCollector.execute(ThrowableCollector.java:73)
	at org.junit.platform.engine.support.hierarchical.NodeTestTask.executeRecursively(NodeTestTask.java:138)
	at org.junit.platform.engine.support.hierarchical.NodeTestTask.execute(NodeTestTask.java:95)
	at java.base/java.util.ArrayList.forEach(ArrayList.java:1596)
	at org.junit.platform.engine.support.hierarchical.SameThreadHierarchicalTestExecutorService.invokeAll(SameThreadHierarchicalTestExecutorService.java:41)
	at org.junit.platform.engine.support.hierarchical.NodeTestTask.lambda$executeRecursively$6(NodeTestTask.java:155)
	at org.junit.platform.engine.support.hierarchical.ThrowableCollector.execute(ThrowableCollector.java:73)
	at org.junit.platform.engine.support.hierarchical.NodeTestTask.lambda$executeRecursively$8(NodeTestTask.java:141)
	at org.junit.platform.engine.support.hierarchical.Node.around(Node.java:137)
	at org.junit.platform.engine.support.hierarchical.NodeTestTask.lambda$executeRecursively$9(NodeTestTask.java:139)
	at org.junit.platform.engine.support.hierarchical.ThrowableCollector.execute(ThrowableCollector.java:73)
	at org.junit.platform.engine.support.hierarchical.NodeTestTask.executeRecursively(NodeTestTask.java:138)
	at org.junit.platform.engine.support.hierarchical.NodeTestTask.execute(NodeTestTask.java:95)
	at java.base/java.util.ArrayList.forEach(ArrayList.java:1596)
	at org.junit.platform.engine.support.hierarchical.SameThreadHierarchicalTestExecutorService.invokeAll(SameThreadHierarchicalTestExecutorService.java:41)
	at org.junit.platform.engine.support.hierarchical.NodeTestTask.lambda$executeRecursively$6(NodeTestTask.java:155)
	at org.junit.platform.engine.support.hierarchical.ThrowableCollector.execute(ThrowableCollector.java:73)
	at org.junit.platform.engine.support.hierarchical.NodeTestTask.lambda$executeRecursively$8(NodeTestTask.java:141)
	at org.junit.platform.engine.support.hierarchical.Node.around(Node.java:137)
	at org.junit.platform.engine.support.hierarchical.NodeTestTask.lambda$executeRecursively$9(NodeTestTask.java:139)
	at org.junit.platform.engine.support.hierarchical.ThrowableCollector.execute(ThrowableCollector.java:73)
	at org.junit.platform.engine.support.hierarchical.NodeTestTask.executeRecursively(NodeTestTask.java:138)
	at org.junit.platform.engine.support.hierarchical.NodeTestTask.execute(NodeTestTask.java:95)
	at org.junit.platform.engine.support.hierarchical.SameThreadHierarchicalTestExecutorService.submit(SameThreadHierarchicalTestExecutorService.java:35)
	at org.junit.platform.engine.support.hierarchical.HierarchicalTestExecutor.execute(HierarchicalTestExecutor.java:57)
	at org.junit.platform.engine.support.hierarchical.HierarchicalTestEngine.execute(HierarchicalTestEngine.java:54)
	at org.junit.platform.launcher.core.EngineExecutionOrchestrator.execute(EngineExecutionOrchestrator.java:198)
	at org.junit.platform.launcher.core.EngineExecutionOrchestrator.execute(EngineExecutionOrchestrator.java:169)
	at org.junit.platform.launcher.core.EngineExecutionOrchestrator.execute(EngineExecutionOrchestrator.java:93)
	at org.junit.platform.launcher.core.EngineExecutionOrchestrator.lambda$execute$0(EngineExecutionOrchestrator.java:58)
	at org.junit.platform.launcher.core.EngineExecutionOrchestrator.withInterceptedStreams(EngineExecutionOrchestrator.java:141)
	at org.junit.platform.launcher.core.EngineExecutionOrchestrator.execute(EngineExecutionOrchestrator.java:57)
	at org.junit.platform.launcher.core.DefaultLauncher.execute(DefaultLauncher.java:103)
	at org.junit.platform.launcher.core.DefaultLauncher.execute(DefaultLauncher.java:85)
	at org.junit.platform.launcher.core.DelegatingLauncher.execute(DelegatingLauncher.java:47)
	at org.junit.platform.launcher.core.SessionPerRequestLauncher.execute(SessionPerRequestLauncher.java:63)
	at com.intellij.junit5.JUnit5IdeaTestRunner.startRunnerWithArgs(JUnit5IdeaTestRunner.java:57)
	at com.intellij.rt.junit.IdeaTestRunner$Repeater$1.execute(IdeaTestRunner.java:38)
	at com.intellij.rt.execution.junit.TestsRepeater.repeat(TestsRepeater.java:11)
	at com.intellij.rt.junit.IdeaTestRunner$Repeater.startRunnerWithArgs(IdeaTestRunner.java:35)
	at com.intellij.rt.junit.JUnitStarter.prepareStreamsAndStart(JUnitStarter.java:232)
	at com.intellij.rt.junit.JUnitStarter.main(JUnitStarter.java:55)
2025-01-27 13:55:07 [main] INFO  l.insoft.uztis.tests.utils.TestUtils - Screenshot moved to C:\Users\ingrida.zadorozniene\Desktop\Asm\UZTIS\UZTIS_tests\test-output\screenshots\20250127\135507779_testFillNewApplication().png
2025-01-27 13:57:09 [main] INFO  lt.insoft.uztis.tests.UztisPageTest - Navigated to https://uztisdev.asseco.lt/home
2025-01-27 13:57:09 [main] INFO  l.i.u.t.SubmittedApplicationsPageTest - Starting test:'testFillNewApplication'
2025-01-27 13:57:09 [main] DEBUG l.i.u.t.SubmittedApplicationsPageTest - User logged in with test credentials
2025-01-27 13:57:10 [main] DEBUG l.i.u.t.SubmittedApplicationsPageTest - Opened 'Application Processing' menu.
2025-01-27 13:57:10 [main] DEBUG l.i.u.t.SubmittedApplicationsPageTest - Clicked on 'Application Forms' menu.
2025-01-27 13:57:10 [main] DEBUG l.i.u.t.SubmittedApplicationsPageTest - Retrieved last description code text: 'TST-VUI-67'.
2025-01-27 13:57:11 [main] DEBUG l.i.u.t.SubmittedApplicationsPageTest - Clicked on 'Invitation' menu.
2025-01-27 13:57:11 [main] DEBUG l.i.u.t.SubmittedApplicationsPageTest - Selected application section by code: 'TST-VUI-67'.
2025-01-27 13:57:12 [main] DEBUG l.i.u.t.SubmittedApplicationsPageTest - Clicked 'Search' button.
2025-01-27 13:57:12 [main] DEBUG l.i.u.t.SubmittedApplicationsPageTest - Retrieved invitation code: ''.
2025-01-27 13:57:12 [main] DEBUG l.i.u.t.SubmittedApplicationsPageTest - Clicked on 'Submitted Applications' menu.
2025-01-27 13:57:12 [main] DEBUG l.i.u.t.SubmittedApplicationsPageTest - Selected invitation by code: 'TST-VUI-67'.
2025-01-27 13:57:13 [main] DEBUG l.i.u.t.SubmittedApplicationsPageTest - Clicked on 'Action Application' button.
2025-01-27 13:57:13 [main] DEBUG l.i.u.t.SubmittedApplicationsPageTest - Clicked on 'New Application' button.
2025-01-27 13:57:13 [main] DEBUG l.i.u.t.SubmittedApplicationsPageTest - Clicked on 'RadioButtonFA' button.
2025-01-27 13:57:14 [main] DEBUG l.i.u.t.SubmittedApplicationsPageTest - Entered phone number into the input field.
2025-01-27 13:57:14 [main] DEBUG l.i.u.t.SubmittedApplicationsPageTest - Entered eMail into the input field.
2025-01-27 13:57:14 [main] INFO  l.i.u.p.SubmittedApplicationsPage - Located the dropdown button.
2025-01-27 13:57:34 [main] INFO  l.i.u.p.SubmittedApplicationsPage - Found 1741 options in the dropdown.
2025-01-27 13:57:34 [main] INFO  l.i.u.p.SubmittedApplicationsPage - Successfully selected the value: '01.11 - Grūdinių (išskyrus ryžius), ankštinių ir aliejingų sėklų augalų auginimas'
2025-01-27 13:57:45 [main] ERROR l.i.u.p.SubmittedApplicationsPage - Failed to close the dropdown with aria-expanded = 'false'. Attempting manual close.
2025-01-27 13:57:45 [main] INFO  l.i.u.p.SubmittedApplicationsPage - Manual close attempt for the dropdown using body click.
2025-01-27 13:57:45 [main] DEBUG l.i.u.t.SubmittedApplicationsPageTest - Entered Address into the input field.
2025-01-27 13:57:45 [main] DEBUG l.i.u.t.SubmittedApplicationsPageTest - Entered Address into the input field.
2025-01-27 13:57:46 [main] INFO  l.i.u.p.SubmittedApplicationsPage - Located the dropdown button.
2025-01-27 13:57:47 [main] INFO  l.i.u.p.SubmittedApplicationsPage - Successfully selected the value: 'Administratoriai'
2025-01-27 13:57:57 [main] ERROR l.i.u.p.SubmittedApplicationsPage - Timeout while waiting for dropdown to close with aria-expanded = 'false'.
2025-01-27 13:57:57 [main] DEBUG l.i.u.t.SubmittedApplicationsPageTest - Selected the value: 'Administratoriai'
2025-01-27 13:57:58 [main] INFO  l.i.u.p.SubmittedApplicationsPage - Located the dropdown button.
2025-01-27 13:57:58 [main] INFO  l.i.u.p.SubmittedApplicationsPage - Successfully selected the value: 'Kita'
2025-01-27 13:58:09 [main] ERROR l.i.u.p.SubmittedApplicationsPage - Timeout while waiting for dropdown to close with aria-expanded = 'false'.
2025-01-27 13:58:09 [main] DEBUG l.i.u.t.SubmittedApplicationsPageTest - Selected the value: 'Kita'
2025-01-27 13:58:09 [main] DEBUG l.i.u.t.SubmittedApplicationsPageTest - Selected the value: '6 val. per dieną ir 4 d. per savaitę'
2025-01-27 13:58:19 [main] ERROR l.i.u.t.SubmittedApplicationsPageTest - Test 'testFillNewApplication' failed with error: no such element: Unable to locate element: {"method":"xpath","selector":"//div[contains(@class, 'mat-mdc-form-field-infix')]//common-textarea//textarea[2]"}
  (Session info: chrome=131.0.6778.265)
For documentation on this error, please visit: https://www.selenium.dev/documentation/webdriver/troubleshooting/errors#no-such-element-exception
Build info: version: '4.27.0', revision: 'd6e718d134'
System info: os.name: 'Windows 11', os.arch: 'amd64', os.version: '10.0', java.version: '21.0.3'
Driver info: org.openqa.selenium.chrome.ChromeDriver
Command: [d7351b6a4bc3b338538569e5c5132a99, findElement {using=xpath, value=//div[contains(@class, 'mat-mdc-form-field-infix')]//common-textarea//textarea[2]}]
Capabilities {acceptInsecureCerts: false, browserName: chrome, browserVersion: 131.0.6778.265, chrome: {chromedriverVersion: 131.0.6778.264 (2d05e315153..., userDataDir: C:\Users\INGRID~1.ZAD\AppDa...}, fedcm:accounts: true, goog:chromeOptions: {debuggerAddress: localhost:56551}, networkConnectionEnabled: false, pageLoadStrategy: normal, platformName: windows, proxy: Proxy(), se:cdp: ws://localhost:56551/devtoo..., se:cdpVersion: 131.0.6778.265, setWindowRect: true, strictFileInteractability: false, timeouts: {implicit: 0, pageLoad: 300000, script: 30000}, unhandledPromptBehavior: dismiss and notify, webauthn:extension:credBlob: true, webauthn:extension:largeBlob: true, webauthn:extension:minPinLength: true, webauthn:extension:prf: true, webauthn:virtualAuthenticators: true}
Session ID: d7351b6a4bc3b338538569e5c5132a99
org.openqa.selenium.NoSuchElementException: no such element: Unable to locate element: {"method":"xpath","selector":"//div[contains(@class, 'mat-mdc-form-field-infix')]//common-textarea//textarea[2]"}
  (Session info: chrome=131.0.6778.265)
For documentation on this error, please visit: https://www.selenium.dev/documentation/webdriver/troubleshooting/errors#no-such-element-exception
Build info: version: '4.27.0', revision: 'd6e718d134'
System info: os.name: 'Windows 11', os.arch: 'amd64', os.version: '10.0', java.version: '21.0.3'
Driver info: org.openqa.selenium.chrome.ChromeDriver
Command: [d7351b6a4bc3b338538569e5c5132a99, findElement {using=xpath, value=//div[contains(@class, 'mat-mdc-form-field-infix')]//common-textarea//textarea[2]}]
Capabilities {acceptInsecureCerts: false, browserName: chrome, browserVersion: 131.0.6778.265, chrome: {chromedriverVersion: 131.0.6778.264 (2d05e315153..., userDataDir: C:\Users\INGRID~1.ZAD\AppDa...}, fedcm:accounts: true, goog:chromeOptions: {debuggerAddress: localhost:56551}, networkConnectionEnabled: false, pageLoadStrategy: normal, platformName: windows, proxy: Proxy(), se:cdp: ws://localhost:56551/devtoo..., se:cdpVersion: 131.0.6778.265, setWindowRect: true, strictFileInteractability: false, timeouts: {implicit: 0, pageLoad: 300000, script: 30000}, unhandledPromptBehavior: dismiss and notify, webauthn:extension:credBlob: true, webauthn:extension:largeBlob: true, webauthn:extension:minPinLength: true, webauthn:extension:prf: true, webauthn:virtualAuthenticators: true}
Session ID: d7351b6a4bc3b338538569e5c5132a99
	at java.base/jdk.internal.reflect.DirectConstructorHandleAccessor.newInstance(DirectConstructorHandleAccessor.java:62)
	at java.base/java.lang.reflect.Constructor.newInstanceWithCaller(Constructor.java:502)
	at java.base/java.lang.reflect.Constructor.newInstance(Constructor.java:486)
	at org.openqa.selenium.remote.ErrorCodec.decode(ErrorCodec.java:167)
	at org.openqa.selenium.remote.codec.w3c.W3CHttpResponseCodec.decode(W3CHttpResponseCodec.java:138)
	at org.openqa.selenium.remote.codec.w3c.W3CHttpResponseCodec.decode(W3CHttpResponseCodec.java:50)
	at org.openqa.selenium.remote.HttpCommandExecutor.execute(HttpCommandExecutor.java:190)
	at org.openqa.selenium.remote.service.DriverCommandExecutor.invokeExecute(DriverCommandExecutor.java:216)
	at org.openqa.selenium.remote.service.DriverCommandExecutor.execute(DriverCommandExecutor.java:174)
	at org.openqa.selenium.remote.RemoteWebDriver.execute(RemoteWebDriver.java:545)
	at org.openqa.selenium.remote.ElementLocation$ElementFinder$2.findElement(ElementLocation.java:165)
	at org.openqa.selenium.remote.ElementLocation.findElement(ElementLocation.java:59)
	at org.openqa.selenium.remote.RemoteWebDriver.findElement(RemoteWebDriver.java:368)
	at org.openqa.selenium.remote.RemoteWebDriver.findElement(RemoteWebDriver.java:362)
	at org.openqa.selenium.support.pagefactory.DefaultElementLocator.findElement(DefaultElementLocator.java:68)
	at org.openqa.selenium.support.pagefactory.internal.LocatingElementHandler.invoke(LocatingElementHandler.java:38)
	at jdk.proxy2/jdk.proxy2.$Proxy14.clear(Unknown Source)
	at lt.insoft.uztis.pages.SubmittedApplicationsPage.enterQualification(SubmittedApplicationsPage.java:431)
	at lt.insoft.uztis.tests.SubmittedApplicationsPageTest.testFillNewApplication(SubmittedApplicationsPageTest.java:195)
	at java.base/jdk.internal.reflect.DirectMethodHandleAccessor.invoke(DirectMethodHandleAccessor.java:103)
	at java.base/java.lang.reflect.Method.invoke(Method.java:580)
	at org.junit.platform.commons.util.ReflectionUtils.invokeMethod(ReflectionUtils.java:728)
	at org.junit.jupiter.engine.execution.MethodInvocation.proceed(MethodInvocation.java:60)
	at org.junit.jupiter.engine.execution.InvocationInterceptorChain$ValidatingInvocation.proceed(InvocationInterceptorChain.java:131)
	at org.junit.jupiter.engine.extension.TimeoutExtension.intercept(TimeoutExtension.java:156)
	at org.junit.jupiter.engine.extension.TimeoutExtension.interceptTestableMethod(TimeoutExtension.java:147)
	at org.junit.jupiter.engine.extension.TimeoutExtension.interceptTestMethod(TimeoutExtension.java:86)
	at org.junit.jupiter.engine.execution.InterceptingExecutableInvoker$ReflectiveInterceptorCall.lambda$ofVoidMethod$0(InterceptingExecutableInvoker.java:103)
	at org.junit.jupiter.engine.execution.InterceptingExecutableInvoker.lambda$invoke$0(InterceptingExecutableInvoker.java:93)
	at org.junit.jupiter.engine.execution.InvocationInterceptorChain$InterceptedInvocation.proceed(InvocationInterceptorChain.java:106)
	at org.junit.jupiter.engine.execution.InvocationInterceptorChain.proceed(InvocationInterceptorChain.java:64)
	at org.junit.jupiter.engine.execution.InvocationInterceptorChain.chainAndInvoke(InvocationInterceptorChain.java:45)
	at org.junit.jupiter.engine.execution.InvocationInterceptorChain.invoke(InvocationInterceptorChain.java:37)
	at org.junit.jupiter.engine.execution.InterceptingExecutableInvoker.invoke(InterceptingExecutableInvoker.java:92)
	at org.junit.jupiter.engine.execution.InterceptingExecutableInvoker.invoke(InterceptingExecutableInvoker.java:86)
	at org.junit.jupiter.engine.descriptor.TestMethodTestDescriptor.lambda$invokeTestMethod$7(TestMethodTestDescriptor.java:218)
	at org.junit.platform.engine.support.hierarchical.ThrowableCollector.execute(ThrowableCollector.java:73)
	at org.junit.jupiter.engine.descriptor.TestMethodTestDescriptor.invokeTestMethod(TestMethodTestDescriptor.java:214)
	at org.junit.jupiter.engine.descriptor.TestMethodTestDescriptor.execute(TestMethodTestDescriptor.java:139)
	at org.junit.jupiter.engine.descriptor.TestMethodTestDescriptor.execute(TestMethodTestDescriptor.java:69)
	at org.junit.platform.engine.support.hierarchical.NodeTestTask.lambda$executeRecursively$6(NodeTestTask.java:151)
	at org.junit.platform.engine.support.hierarchical.ThrowableCollector.execute(ThrowableCollector.java:73)
	at org.junit.platform.engine.support.hierarchical.NodeTestTask.lambda$executeRecursively$8(NodeTestTask.java:141)
	at org.junit.platform.engine.support.hierarchical.Node.around(Node.java:137)
	at org.junit.platform.engine.support.hierarchical.NodeTestTask.lambda$executeRecursively$9(NodeTestTask.java:139)
	at org.junit.platform.engine.support.hierarchical.ThrowableCollector.execute(ThrowableCollector.java:73)
	at org.junit.platform.engine.support.hierarchical.NodeTestTask.executeRecursively(NodeTestTask.java:138)
	at org.junit.platform.engine.support.hierarchical.NodeTestTask.execute(NodeTestTask.java:95)
	at java.base/java.util.ArrayList.forEach(ArrayList.java:1596)
	at org.junit.platform.engine.support.hierarchical.SameThreadHierarchicalTestExecutorService.invokeAll(SameThreadHierarchicalTestExecutorService.java:41)
	at org.junit.platform.engine.support.hierarchical.NodeTestTask.lambda$executeRecursively$6(NodeTestTask.java:155)
	at org.junit.platform.engine.support.hierarchical.ThrowableCollector.execute(ThrowableCollector.java:73)
	at org.junit.platform.engine.support.hierarchical.NodeTestTask.lambda$executeRecursively$8(NodeTestTask.java:141)
	at org.junit.platform.engine.support.hierarchical.Node.around(Node.java:137)
	at org.junit.platform.engine.support.hierarchical.NodeTestTask.lambda$executeRecursively$9(NodeTestTask.java:139)
	at org.junit.platform.engine.support.hierarchical.ThrowableCollector.execute(ThrowableCollector.java:73)
	at org.junit.platform.engine.support.hierarchical.NodeTestTask.executeRecursively(NodeTestTask.java:138)
	at org.junit.platform.engine.support.hierarchical.NodeTestTask.execute(NodeTestTask.java:95)
	at java.base/java.util.ArrayList.forEach(ArrayList.java:1596)
	at org.junit.platform.engine.support.hierarchical.SameThreadHierarchicalTestExecutorService.invokeAll(SameThreadHierarchicalTestExecutorService.java:41)
	at org.junit.platform.engine.support.hierarchical.NodeTestTask.lambda$executeRecursively$6(NodeTestTask.java:155)
	at org.junit.platform.engine.support.hierarchical.ThrowableCollector.execute(ThrowableCollector.java:73)
	at org.junit.platform.engine.support.hierarchical.NodeTestTask.lambda$executeRecursively$8(NodeTestTask.java:141)
	at org.junit.platform.engine.support.hierarchical.Node.around(Node.java:137)
	at org.junit.platform.engine.support.hierarchical.NodeTestTask.lambda$executeRecursively$9(NodeTestTask.java:139)
	at org.junit.platform.engine.support.hierarchical.ThrowableCollector.execute(ThrowableCollector.java:73)
	at org.junit.platform.engine.support.hierarchical.NodeTestTask.executeRecursively(NodeTestTask.java:138)
	at org.junit.platform.engine.support.hierarchical.NodeTestTask.execute(NodeTestTask.java:95)
	at org.junit.platform.engine.support.hierarchical.SameThreadHierarchicalTestExecutorService.submit(SameThreadHierarchicalTestExecutorService.java:35)
	at org.junit.platform.engine.support.hierarchical.HierarchicalTestExecutor.execute(HierarchicalTestExecutor.java:57)
	at org.junit.platform.engine.support.hierarchical.HierarchicalTestEngine.execute(HierarchicalTestEngine.java:54)
	at org.junit.platform.launcher.core.EngineExecutionOrchestrator.execute(EngineExecutionOrchestrator.java:198)
	at org.junit.platform.launcher.core.EngineExecutionOrchestrator.execute(EngineExecutionOrchestrator.java:169)
	at org.junit.platform.launcher.core.EngineExecutionOrchestrator.execute(EngineExecutionOrchestrator.java:93)
	at org.junit.platform.launcher.core.EngineExecutionOrchestrator.lambda$execute$0(EngineExecutionOrchestrator.java:58)
	at org.junit.platform.launcher.core.EngineExecutionOrchestrator.withInterceptedStreams(EngineExecutionOrchestrator.java:141)
	at org.junit.platform.launcher.core.EngineExecutionOrchestrator.execute(EngineExecutionOrchestrator.java:57)
	at org.junit.platform.launcher.core.DefaultLauncher.execute(DefaultLauncher.java:103)
	at org.junit.platform.launcher.core.DefaultLauncher.execute(DefaultLauncher.java:85)
	at org.junit.platform.launcher.core.DelegatingLauncher.execute(DelegatingLauncher.java:47)
	at org.junit.platform.launcher.core.SessionPerRequestLauncher.execute(SessionPerRequestLauncher.java:63)
	at com.intellij.junit5.JUnit5IdeaTestRunner.startRunnerWithArgs(JUnit5IdeaTestRunner.java:57)
	at com.intellij.rt.junit.IdeaTestRunner$Repeater$1.execute(IdeaTestRunner.java:38)
	at com.intellij.rt.execution.junit.TestsRepeater.repeat(TestsRepeater.java:11)
	at com.intellij.rt.junit.IdeaTestRunner$Repeater.startRunnerWithArgs(IdeaTestRunner.java:35)
	at com.intellij.rt.junit.JUnitStarter.prepareStreamsAndStart(JUnitStarter.java:232)
	at com.intellij.rt.junit.JUnitStarter.main(JUnitStarter.java:55)
2025-01-27 13:58:19 [main] INFO  l.insoft.uztis.tests.utils.TestUtils - Screenshot moved to C:\Users\ingrida.zadorozniene\Desktop\Asm\UZTIS\UZTIS_tests\test-output\screenshots\20250127\135819587_testFillNewApplication().png
2025-01-27 14:00:15 [main] INFO  lt.insoft.uztis.tests.UztisPageTest - Navigated to https://uztisdev.asseco.lt/home
2025-01-27 14:00:15 [main] INFO  l.i.u.t.SubmittedApplicationsPageTest - Starting test:'testFillNewApplication'
2025-01-27 14:00:16 [main] DEBUG l.i.u.t.SubmittedApplicationsPageTest - User logged in with test credentials
2025-01-27 14:00:16 [main] DEBUG l.i.u.t.SubmittedApplicationsPageTest - Opened 'Application Processing' menu.
2025-01-27 14:00:16 [main] DEBUG l.i.u.t.SubmittedApplicationsPageTest - Clicked on 'Application Forms' menu.
2025-01-27 14:00:17 [main] DEBUG l.i.u.t.SubmittedApplicationsPageTest - Retrieved last description code text: 'TST-VUI-67'.
2025-01-27 14:00:17 [main] DEBUG l.i.u.t.SubmittedApplicationsPageTest - Clicked on 'Invitation' menu.
2025-01-27 14:00:18 [main] DEBUG l.i.u.t.SubmittedApplicationsPageTest - Selected application section by code: 'TST-VUI-67'.
2025-01-27 14:00:18 [main] DEBUG l.i.u.t.SubmittedApplicationsPageTest - Clicked 'Search' button.
2025-01-27 14:00:18 [main] DEBUG l.i.u.t.SubmittedApplicationsPageTest - Retrieved invitation code: ''.
2025-01-27 14:00:18 [main] DEBUG l.i.u.t.SubmittedApplicationsPageTest - Clicked on 'Submitted Applications' menu.
2025-01-27 14:00:19 [main] DEBUG l.i.u.t.SubmittedApplicationsPageTest - Selected invitation by code: 'TST-VUI-67'.
2025-01-27 14:00:19 [main] DEBUG l.i.u.t.SubmittedApplicationsPageTest - Clicked on 'Action Application' button.
2025-01-27 14:00:19 [main] DEBUG l.i.u.t.SubmittedApplicationsPageTest - Clicked on 'New Application' button.
2025-01-27 14:00:20 [main] DEBUG l.i.u.t.SubmittedApplicationsPageTest - Clicked on 'RadioButtonFA' button.
2025-01-27 14:00:20 [main] DEBUG l.i.u.t.SubmittedApplicationsPageTest - Entered phone number into the input field.
2025-01-27 14:00:20 [main] DEBUG l.i.u.t.SubmittedApplicationsPageTest - Entered eMail into the input field.
2025-01-27 14:00:20 [main] INFO  l.i.u.p.SubmittedApplicationsPage - Located the dropdown button.
2025-01-27 14:00:39 [main] INFO  l.i.u.p.SubmittedApplicationsPage - Found 1741 options in the dropdown.
2025-01-27 14:00:40 [main] INFO  l.i.u.p.SubmittedApplicationsPage - Successfully selected the value: '01.11 - Grūdinių (išskyrus ryžius), ankštinių ir aliejingų sėklų augalų auginimas'
2025-01-27 14:00:50 [main] ERROR l.i.u.p.SubmittedApplicationsPage - Failed to close the dropdown with aria-expanded = 'false'. Attempting manual close.
2025-01-27 14:00:50 [main] INFO  l.i.u.p.SubmittedApplicationsPage - Manual close attempt for the dropdown using body click.
2025-01-27 14:00:50 [main] DEBUG l.i.u.t.SubmittedApplicationsPageTest - Entered Address into the input field.
2025-01-27 14:00:51 [main] DEBUG l.i.u.t.SubmittedApplicationsPageTest - Entered Address into the input field.
2025-01-27 14:00:51 [main] INFO  l.i.u.p.SubmittedApplicationsPage - Located the dropdown button.
2025-01-27 14:00:52 [main] INFO  l.i.u.p.SubmittedApplicationsPage - Successfully selected the value: 'Administratoriai'
2025-01-27 14:01:02 [main] ERROR l.i.u.p.SubmittedApplicationsPage - Timeout while waiting for dropdown to close with aria-expanded = 'false'.
2025-01-27 14:01:02 [main] DEBUG l.i.u.t.SubmittedApplicationsPageTest - Selected the value: 'Administratoriai'
2025-01-27 14:01:03 [main] INFO  l.i.u.p.SubmittedApplicationsPage - Located the dropdown button.
2025-01-27 14:01:03 [main] INFO  l.i.u.p.SubmittedApplicationsPage - Successfully selected the value: 'Kita'
2025-01-27 14:01:14 [main] ERROR l.i.u.p.SubmittedApplicationsPage - Timeout while waiting for dropdown to close with aria-expanded = 'false'.
2025-01-27 14:01:14 [main] DEBUG l.i.u.t.SubmittedApplicationsPageTest - Selected the value: 'Kita'
2025-01-27 14:01:14 [main] DEBUG l.i.u.t.SubmittedApplicationsPageTest - Selected the value: '6 val. per dieną ir 4 d. per savaitę'
2025-01-27 14:01:14 [main] DEBUG l.i.u.t.SubmittedApplicationsPageTest - Entered Address into the input field.
2025-01-27 14:01:25 [main] ERROR l.i.u.t.SubmittedApplicationsPageTest - Test 'testFillNewApplication' failed with error: no such element: Unable to locate element: {"method":"xpath","selector":"//div[contains(@class, 'mat-mdc-form-field-infix')]//common-textarea[@id='common-textarea-2']//textarea[2]"}
  (Session info: chrome=131.0.6778.265)
For documentation on this error, please visit: https://www.selenium.dev/documentation/webdriver/troubleshooting/errors#no-such-element-exception
Build info: version: '4.27.0', revision: 'd6e718d134'
System info: os.name: 'Windows 11', os.arch: 'amd64', os.version: '10.0', java.version: '21.0.3'
Driver info: org.openqa.selenium.chrome.ChromeDriver
Command: [d09f466da492b5ce1f2aab32e6aa3ec4, findElement {value=//div[contains(@class, 'mat-mdc-form-field-infix')]//common-textarea[@id='common-textarea-2']//textarea[2], using=xpath}]
Capabilities {acceptInsecureCerts: false, browserName: chrome, browserVersion: 131.0.6778.265, chrome: {chromedriverVersion: 131.0.6778.264 (2d05e315153..., userDataDir: C:\Users\INGRID~1.ZAD\AppDa...}, fedcm:accounts: true, goog:chromeOptions: {debuggerAddress: localhost:56665}, networkConnectionEnabled: false, pageLoadStrategy: normal, platformName: windows, proxy: Proxy(), se:cdp: ws://localhost:56665/devtoo..., se:cdpVersion: 131.0.6778.265, setWindowRect: true, strictFileInteractability: false, timeouts: {implicit: 0, pageLoad: 300000, script: 30000}, unhandledPromptBehavior: dismiss and notify, webauthn:extension:credBlob: true, webauthn:extension:largeBlob: true, webauthn:extension:minPinLength: true, webauthn:extension:prf: true, webauthn:virtualAuthenticators: true}
Session ID: d09f466da492b5ce1f2aab32e6aa3ec4
org.openqa.selenium.NoSuchElementException: no such element: Unable to locate element: {"method":"xpath","selector":"//div[contains(@class, 'mat-mdc-form-field-infix')]//common-textarea[@id='common-textarea-2']//textarea[2]"}
  (Session info: chrome=131.0.6778.265)
For documentation on this error, please visit: https://www.selenium.dev/documentation/webdriver/troubleshooting/errors#no-such-element-exception
Build info: version: '4.27.0', revision: 'd6e718d134'
System info: os.name: 'Windows 11', os.arch: 'amd64', os.version: '10.0', java.version: '21.0.3'
Driver info: org.openqa.selenium.chrome.ChromeDriver
Command: [d09f466da492b5ce1f2aab32e6aa3ec4, findElement {value=//div[contains(@class, 'mat-mdc-form-field-infix')]//common-textarea[@id='common-textarea-2']//textarea[2], using=xpath}]
Capabilities {acceptInsecureCerts: false, browserName: chrome, browserVersion: 131.0.6778.265, chrome: {chromedriverVersion: 131.0.6778.264 (2d05e315153..., userDataDir: C:\Users\INGRID~1.ZAD\AppDa...}, fedcm:accounts: true, goog:chromeOptions: {debuggerAddress: localhost:56665}, networkConnectionEnabled: false, pageLoadStrategy: normal, platformName: windows, proxy: Proxy(), se:cdp: ws://localhost:56665/devtoo..., se:cdpVersion: 131.0.6778.265, setWindowRect: true, strictFileInteractability: false, timeouts: {implicit: 0, pageLoad: 300000, script: 30000}, unhandledPromptBehavior: dismiss and notify, webauthn:extension:credBlob: true, webauthn:extension:largeBlob: true, webauthn:extension:minPinLength: true, webauthn:extension:prf: true, webauthn:virtualAuthenticators: true}
Session ID: d09f466da492b5ce1f2aab32e6aa3ec4
	at java.base/jdk.internal.reflect.DirectConstructorHandleAccessor.newInstance(DirectConstructorHandleAccessor.java:62)
	at java.base/java.lang.reflect.Constructor.newInstanceWithCaller(Constructor.java:502)
	at java.base/java.lang.reflect.Constructor.newInstance(Constructor.java:486)
	at org.openqa.selenium.remote.ErrorCodec.decode(ErrorCodec.java:167)
	at org.openqa.selenium.remote.codec.w3c.W3CHttpResponseCodec.decode(W3CHttpResponseCodec.java:138)
	at org.openqa.selenium.remote.codec.w3c.W3CHttpResponseCodec.decode(W3CHttpResponseCodec.java:50)
	at org.openqa.selenium.remote.HttpCommandExecutor.execute(HttpCommandExecutor.java:190)
	at org.openqa.selenium.remote.service.DriverCommandExecutor.invokeExecute(DriverCommandExecutor.java:216)
	at org.openqa.selenium.remote.service.DriverCommandExecutor.execute(DriverCommandExecutor.java:174)
	at org.openqa.selenium.remote.RemoteWebDriver.execute(RemoteWebDriver.java:545)
	at org.openqa.selenium.remote.ElementLocation$ElementFinder$2.findElement(ElementLocation.java:165)
	at org.openqa.selenium.remote.ElementLocation.findElement(ElementLocation.java:59)
	at org.openqa.selenium.remote.RemoteWebDriver.findElement(RemoteWebDriver.java:368)
	at org.openqa.selenium.remote.RemoteWebDriver.findElement(RemoteWebDriver.java:362)
	at org.openqa.selenium.support.pagefactory.DefaultElementLocator.findElement(DefaultElementLocator.java:68)
	at org.openqa.selenium.support.pagefactory.internal.LocatingElementHandler.invoke(LocatingElementHandler.java:38)
	at jdk.proxy2/jdk.proxy2.$Proxy14.clear(Unknown Source)
	at lt.insoft.uztis.pages.SubmittedApplicationsPage.enterJobDescription(SubmittedApplicationsPage.java:458)
	at lt.insoft.uztis.tests.SubmittedApplicationsPageTest.testFillNewApplication(SubmittedApplicationsPageTest.java:204)
	at java.base/jdk.internal.reflect.DirectMethodHandleAccessor.invoke(DirectMethodHandleAccessor.java:103)
	at java.base/java.lang.reflect.Method.invoke(Method.java:580)
	at org.junit.platform.commons.util.ReflectionUtils.invokeMethod(ReflectionUtils.java:728)
	at org.junit.jupiter.engine.execution.MethodInvocation.proceed(MethodInvocation.java:60)
	at org.junit.jupiter.engine.execution.InvocationInterceptorChain$ValidatingInvocation.proceed(InvocationInterceptorChain.java:131)
	at org.junit.jupiter.engine.extension.TimeoutExtension.intercept(TimeoutExtension.java:156)
	at org.junit.jupiter.engine.extension.TimeoutExtension.interceptTestableMethod(TimeoutExtension.java:147)
	at org.junit.jupiter.engine.extension.TimeoutExtension.interceptTestMethod(TimeoutExtension.java:86)
	at org.junit.jupiter.engine.execution.InterceptingExecutableInvoker$ReflectiveInterceptorCall.lambda$ofVoidMethod$0(InterceptingExecutableInvoker.java:103)
	at org.junit.jupiter.engine.execution.InterceptingExecutableInvoker.lambda$invoke$0(InterceptingExecutableInvoker.java:93)
	at org.junit.jupiter.engine.execution.InvocationInterceptorChain$InterceptedInvocation.proceed(InvocationInterceptorChain.java:106)
	at org.junit.jupiter.engine.execution.InvocationInterceptorChain.proceed(InvocationInterceptorChain.java:64)
	at org.junit.jupiter.engine.execution.InvocationInterceptorChain.chainAndInvoke(InvocationInterceptorChain.java:45)
	at org.junit.jupiter.engine.execution.InvocationInterceptorChain.invoke(InvocationInterceptorChain.java:37)
	at org.junit.jupiter.engine.execution.InterceptingExecutableInvoker.invoke(InterceptingExecutableInvoker.java:92)
	at org.junit.jupiter.engine.execution.InterceptingExecutableInvoker.invoke(InterceptingExecutableInvoker.java:86)
	at org.junit.jupiter.engine.descriptor.TestMethodTestDescriptor.lambda$invokeTestMethod$7(TestMethodTestDescriptor.java:218)
	at org.junit.platform.engine.support.hierarchical.ThrowableCollector.execute(ThrowableCollector.java:73)
	at org.junit.jupiter.engine.descriptor.TestMethodTestDescriptor.invokeTestMethod(TestMethodTestDescriptor.java:214)
	at org.junit.jupiter.engine.descriptor.TestMethodTestDescriptor.execute(TestMethodTestDescriptor.java:139)
	at org.junit.jupiter.engine.descriptor.TestMethodTestDescriptor.execute(TestMethodTestDescriptor.java:69)
	at org.junit.platform.engine.support.hierarchical.NodeTestTask.lambda$executeRecursively$6(NodeTestTask.java:151)
	at org.junit.platform.engine.support.hierarchical.ThrowableCollector.execute(ThrowableCollector.java:73)
	at org.junit.platform.engine.support.hierarchical.NodeTestTask.lambda$executeRecursively$8(NodeTestTask.java:141)
	at org.junit.platform.engine.support.hierarchical.Node.around(Node.java:137)
	at org.junit.platform.engine.support.hierarchical.NodeTestTask.lambda$executeRecursively$9(NodeTestTask.java:139)
	at org.junit.platform.engine.support.hierarchical.ThrowableCollector.execute(ThrowableCollector.java:73)
	at org.junit.platform.engine.support.hierarchical.NodeTestTask.executeRecursively(NodeTestTask.java:138)
	at org.junit.platform.engine.support.hierarchical.NodeTestTask.execute(NodeTestTask.java:95)
	at java.base/java.util.ArrayList.forEach(ArrayList.java:1596)
	at org.junit.platform.engine.support.hierarchical.SameThreadHierarchicalTestExecutorService.invokeAll(SameThreadHierarchicalTestExecutorService.java:41)
	at org.junit.platform.engine.support.hierarchical.NodeTestTask.lambda$executeRecursively$6(NodeTestTask.java:155)
	at org.junit.platform.engine.support.hierarchical.ThrowableCollector.execute(ThrowableCollector.java:73)
	at org.junit.platform.engine.support.hierarchical.NodeTestTask.lambda$executeRecursively$8(NodeTestTask.java:141)
	at org.junit.platform.engine.support.hierarchical.Node.around(Node.java:137)
	at org.junit.platform.engine.support.hierarchical.NodeTestTask.lambda$executeRecursively$9(NodeTestTask.java:139)
	at org.junit.platform.engine.support.hierarchical.ThrowableCollector.execute(ThrowableCollector.java:73)
	at org.junit.platform.engine.support.hierarchical.NodeTestTask.executeRecursively(NodeTestTask.java:138)
	at org.junit.platform.engine.support.hierarchical.NodeTestTask.execute(NodeTestTask.java:95)
	at java.base/java.util.ArrayList.forEach(ArrayList.java:1596)
	at org.junit.platform.engine.support.hierarchical.SameThreadHierarchicalTestExecutorService.invokeAll(SameThreadHierarchicalTestExecutorService.java:41)
	at org.junit.platform.engine.support.hierarchical.NodeTestTask.lambda$executeRecursively$6(NodeTestTask.java:155)
	at org.junit.platform.engine.support.hierarchical.ThrowableCollector.execute(ThrowableCollector.java:73)
	at org.junit.platform.engine.support.hierarchical.NodeTestTask.lambda$executeRecursively$8(NodeTestTask.java:141)
	at org.junit.platform.engine.support.hierarchical.Node.around(Node.java:137)
	at org.junit.platform.engine.support.hierarchical.NodeTestTask.lambda$executeRecursively$9(NodeTestTask.java:139)
	at org.junit.platform.engine.support.hierarchical.ThrowableCollector.execute(ThrowableCollector.java:73)
	at org.junit.platform.engine.support.hierarchical.NodeTestTask.executeRecursively(NodeTestTask.java:138)
	at org.junit.platform.engine.support.hierarchical.NodeTestTask.execute(NodeTestTask.java:95)
	at org.junit.platform.engine.support.hierarchical.SameThreadHierarchicalTestExecutorService.submit(SameThreadHierarchicalTestExecutorService.java:35)
	at org.junit.platform.engine.support.hierarchical.HierarchicalTestExecutor.execute(HierarchicalTestExecutor.java:57)
	at org.junit.platform.engine.support.hierarchical.HierarchicalTestEngine.execute(HierarchicalTestEngine.java:54)
	at org.junit.platform.launcher.core.EngineExecutionOrchestrator.execute(EngineExecutionOrchestrator.java:198)
	at org.junit.platform.launcher.core.EngineExecutionOrchestrator.execute(EngineExecutionOrchestrator.java:169)
	at org.junit.platform.launcher.core.EngineExecutionOrchestrator.execute(EngineExecutionOrchestrator.java:93)
	at org.junit.platform.launcher.core.EngineExecutionOrchestrator.lambda$execute$0(EngineExecutionOrchestrator.java:58)
	at org.junit.platform.launcher.core.EngineExecutionOrchestrator.withInterceptedStreams(EngineExecutionOrchestrator.java:141)
	at org.junit.platform.launcher.core.EngineExecutionOrchestrator.execute(EngineExecutionOrchestrator.java:57)
	at org.junit.platform.launcher.core.DefaultLauncher.execute(DefaultLauncher.java:103)
	at org.junit.platform.launcher.core.DefaultLauncher.execute(DefaultLauncher.java:85)
	at org.junit.platform.launcher.core.DelegatingLauncher.execute(DelegatingLauncher.java:47)
	at org.junit.platform.launcher.core.SessionPerRequestLauncher.execute(SessionPerRequestLauncher.java:63)
	at com.intellij.junit5.JUnit5IdeaTestRunner.startRunnerWithArgs(JUnit5IdeaTestRunner.java:57)
	at com.intellij.rt.junit.IdeaTestRunner$Repeater$1.execute(IdeaTestRunner.java:38)
	at com.intellij.rt.execution.junit.TestsRepeater.repeat(TestsRepeater.java:11)
	at com.intellij.rt.junit.IdeaTestRunner$Repeater.startRunnerWithArgs(IdeaTestRunner.java:35)
	at com.intellij.rt.junit.JUnitStarter.prepareStreamsAndStart(JUnitStarter.java:232)
	at com.intellij.rt.junit.JUnitStarter.main(JUnitStarter.java:55)
2025-01-27 14:01:25 [main] INFO  l.insoft.uztis.tests.utils.TestUtils - Screenshot moved to C:\Users\ingrida.zadorozniene\Desktop\Asm\UZTIS\UZTIS_tests\test-output\screenshots\20250127\140125162_testFillNewApplication().png
2025-01-27 14:12:59 [main] INFO  lt.insoft.uztis.tests.UztisPageTest - Navigated to https://uztisdev.asseco.lt/home
2025-01-27 14:12:59 [main] INFO  l.i.u.t.SubmittedApplicationsPageTest - Starting test:'testFillNewApplication'
2025-01-27 14:13:00 [main] DEBUG l.i.u.t.SubmittedApplicationsPageTest - User logged in with test credentials
2025-01-27 14:13:00 [main] DEBUG l.i.u.t.SubmittedApplicationsPageTest - Opened 'Application Processing' menu.
2025-01-27 14:13:00 [main] DEBUG l.i.u.t.SubmittedApplicationsPageTest - Clicked on 'Application Forms' menu.
2025-01-27 14:13:00 [main] DEBUG l.i.u.t.SubmittedApplicationsPageTest - Retrieved last description code text: 'TST-VUI-67'.
2025-01-27 14:13:01 [main] DEBUG l.i.u.t.SubmittedApplicationsPageTest - Clicked on 'Invitation' menu.
2025-01-27 14:13:01 [main] DEBUG l.i.u.t.SubmittedApplicationsPageTest - Selected application section by code: 'TST-VUI-67'.
2025-01-27 14:13:01 [main] DEBUG l.i.u.t.SubmittedApplicationsPageTest - Clicked 'Search' button.
2025-01-27 14:13:01 [main] DEBUG l.i.u.t.SubmittedApplicationsPageTest - Retrieved invitation code: ''.
2025-01-27 14:13:02 [main] DEBUG l.i.u.t.SubmittedApplicationsPageTest - Clicked on 'Submitted Applications' menu.
2025-01-27 14:13:02 [main] DEBUG l.i.u.t.SubmittedApplicationsPageTest - Selected invitation by code: 'TST-VUI-67'.
2025-01-27 14:13:02 [main] DEBUG l.i.u.t.SubmittedApplicationsPageTest - Clicked on 'Action Application' button.
2025-01-27 14:13:03 [main] DEBUG l.i.u.t.SubmittedApplicationsPageTest - Clicked on 'New Application' button.
2025-01-27 14:13:03 [main] DEBUG l.i.u.t.SubmittedApplicationsPageTest - Clicked on 'RadioButtonFA' button.
2025-01-27 14:13:03 [main] DEBUG l.i.u.t.SubmittedApplicationsPageTest - Entered phone number into the input field.
2025-01-27 14:13:03 [main] DEBUG l.i.u.t.SubmittedApplicationsPageTest - Entered eMail into the input field.
2025-01-27 14:13:03 [main] INFO  l.i.u.p.SubmittedApplicationsPage - Located the dropdown button.
2025-01-27 14:13:22 [main] INFO  l.i.u.p.SubmittedApplicationsPage - Found 1741 options in the dropdown.
2025-01-27 14:13:22 [main] INFO  l.i.u.p.SubmittedApplicationsPage - Successfully selected the value: '01.11 - Grūdinių (išskyrus ryžius), ankštinių ir aliejingų sėklų augalų auginimas'
2025-01-27 14:13:33 [main] ERROR l.i.u.p.SubmittedApplicationsPage - Failed to close the dropdown with aria-expanded = 'false'. Attempting manual close.
2025-01-27 14:13:33 [main] INFO  l.i.u.p.SubmittedApplicationsPage - Manual close attempt for the dropdown using body click.
2025-01-27 14:13:33 [main] DEBUG l.i.u.t.SubmittedApplicationsPageTest - Entered Address into the input field.
2025-01-27 14:13:33 [main] DEBUG l.i.u.t.SubmittedApplicationsPageTest - Entered Address into the input field.
2025-01-27 14:13:34 [main] INFO  l.i.u.p.SubmittedApplicationsPage - Located the dropdown button.
2025-01-27 14:13:35 [main] INFO  l.i.u.p.SubmittedApplicationsPage - Successfully selected the value: 'Administratoriai'
2025-01-27 14:13:45 [main] ERROR l.i.u.p.SubmittedApplicationsPage - Timeout while waiting for dropdown to close with aria-expanded = 'false'.
2025-01-27 14:13:45 [main] DEBUG l.i.u.t.SubmittedApplicationsPageTest - Selected the value: 'Administratoriai'
2025-01-27 14:13:46 [main] INFO  l.i.u.p.SubmittedApplicationsPage - Located the dropdown button.
2025-01-27 14:13:46 [main] INFO  l.i.u.p.SubmittedApplicationsPage - Successfully selected the value: 'Kita'
2025-01-27 14:13:57 [main] ERROR l.i.u.p.SubmittedApplicationsPage - Timeout while waiting for dropdown to close with aria-expanded = 'false'.
2025-01-27 14:13:57 [main] DEBUG l.i.u.t.SubmittedApplicationsPageTest - Selected the value: 'Kita'
2025-01-27 14:13:57 [main] DEBUG l.i.u.t.SubmittedApplicationsPageTest - Selected the value: '6 val. per dieną ir 4 d. per savaitę'
2025-01-27 14:13:57 [main] DEBUG l.i.u.t.SubmittedApplicationsPageTest - Entered Address into the input field.
2025-01-27 14:14:07 [main] ERROR l.i.u.t.SubmittedApplicationsPageTest - Test 'testFillNewApplication' failed with error: element not interactable
  (Session info: chrome=131.0.6778.265)
Build info: version: '4.27.0', revision: 'd6e718d134'
System info: os.name: 'Windows 11', os.arch: 'amd64', os.version: '10.0', java.version: '21.0.3'
Driver info: org.openqa.selenium.chrome.ChromeDriver
Command: [3510d66d1d526ca9f46e3232d658152f, clickElement {id=f.A96941F41C71F6CBCDCC8A1614276137.d.1A6AC0BDF829E34DA1020187C54FD95D.e.159}]
Capabilities {acceptInsecureCerts: false, browserName: chrome, browserVersion: 131.0.6778.265, chrome: {chromedriverVersion: 131.0.6778.264 (2d05e315153..., userDataDir: C:\Users\INGRID~1.ZAD\AppDa...}, fedcm:accounts: true, goog:chromeOptions: {debuggerAddress: localhost:57090}, networkConnectionEnabled: false, pageLoadStrategy: normal, platformName: windows, proxy: Proxy(), se:cdp: ws://localhost:57090/devtoo..., se:cdpVersion: 131.0.6778.265, setWindowRect: true, strictFileInteractability: false, timeouts: {implicit: 0, pageLoad: 300000, script: 30000}, unhandledPromptBehavior: dismiss and notify, webauthn:extension:credBlob: true, webauthn:extension:largeBlob: true, webauthn:extension:minPinLength: true, webauthn:extension:prf: true, webauthn:virtualAuthenticators: true}
Element: [[ChromeDriver: chrome on windows (3510d66d1d526ca9f46e3232d658152f)] -> xpath: //input[contains(@class, 'mdc-radio__native-control')]]
Session ID: 3510d66d1d526ca9f46e3232d658152f
org.openqa.selenium.ElementNotInteractableException: element not interactable
  (Session info: chrome=131.0.6778.265)
Build info: version: '4.27.0', revision: 'd6e718d134'
System info: os.name: 'Windows 11', os.arch: 'amd64', os.version: '10.0', java.version: '21.0.3'
Driver info: org.openqa.selenium.chrome.ChromeDriver
Command: [3510d66d1d526ca9f46e3232d658152f, clickElement {id=f.A96941F41C71F6CBCDCC8A1614276137.d.1A6AC0BDF829E34DA1020187C54FD95D.e.159}]
Capabilities {acceptInsecureCerts: false, browserName: chrome, browserVersion: 131.0.6778.265, chrome: {chromedriverVersion: 131.0.6778.264 (2d05e315153..., userDataDir: C:\Users\INGRID~1.ZAD\AppDa...}, fedcm:accounts: true, goog:chromeOptions: {debuggerAddress: localhost:57090}, networkConnectionEnabled: false, pageLoadStrategy: normal, platformName: windows, proxy: Proxy(), se:cdp: ws://localhost:57090/devtoo..., se:cdpVersion: 131.0.6778.265, setWindowRect: true, strictFileInteractability: false, timeouts: {implicit: 0, pageLoad: 300000, script: 30000}, unhandledPromptBehavior: dismiss and notify, webauthn:extension:credBlob: true, webauthn:extension:largeBlob: true, webauthn:extension:minPinLength: true, webauthn:extension:prf: true, webauthn:virtualAuthenticators: true}
Element: [[ChromeDriver: chrome on windows (3510d66d1d526ca9f46e3232d658152f)] -> xpath: //input[contains(@class, 'mdc-radio__native-control')]]
Session ID: 3510d66d1d526ca9f46e3232d658152f
	at java.base/jdk.internal.reflect.DirectConstructorHandleAccessor.newInstance(DirectConstructorHandleAccessor.java:62)
	at java.base/java.lang.reflect.Constructor.newInstanceWithCaller(Constructor.java:502)
	at java.base/java.lang.reflect.Constructor.newInstance(Constructor.java:486)
	at org.openqa.selenium.remote.ErrorCodec.decode(ErrorCodec.java:167)
	at org.openqa.selenium.remote.codec.w3c.W3CHttpResponseCodec.decode(W3CHttpResponseCodec.java:138)
	at org.openqa.selenium.remote.codec.w3c.W3CHttpResponseCodec.decode(W3CHttpResponseCodec.java:50)
	at org.openqa.selenium.remote.HttpCommandExecutor.execute(HttpCommandExecutor.java:190)
	at org.openqa.selenium.remote.service.DriverCommandExecutor.invokeExecute(DriverCommandExecutor.java:216)
	at org.openqa.selenium.remote.service.DriverCommandExecutor.execute(DriverCommandExecutor.java:174)
	at org.openqa.selenium.remote.RemoteWebDriver.execute(RemoteWebDriver.java:545)
	at org.openqa.selenium.remote.RemoteWebElement.execute(RemoteWebElement.java:223)
	at org.openqa.selenium.remote.RemoteWebElement.click(RemoteWebElement.java:76)
	at java.base/jdk.internal.reflect.DirectMethodHandleAccessor.invoke(DirectMethodHandleAccessor.java:103)
	at java.base/java.lang.reflect.Method.invoke(Method.java:580)
	at org.openqa.selenium.support.pagefactory.internal.LocatingElementHandler.invoke(LocatingElementHandler.java:51)
	at jdk.proxy2/jdk.proxy2.$Proxy14.click(Unknown Source)
	at lt.insoft.uztis.pages.SubmittedApplicationsPage.clickRadioButtonSeasonJob(SubmittedApplicationsPage.java:469)
	at lt.insoft.uztis.tests.SubmittedApplicationsPageTest.testFillNewApplication(SubmittedApplicationsPageTest.java:205)
	at java.base/jdk.internal.reflect.DirectMethodHandleAccessor.invoke(DirectMethodHandleAccessor.java:103)
	at java.base/java.lang.reflect.Method.invoke(Method.java:580)
	at org.junit.platform.commons.util.ReflectionUtils.invokeMethod(ReflectionUtils.java:728)
	at org.junit.jupiter.engine.execution.MethodInvocation.proceed(MethodInvocation.java:60)
	at org.junit.jupiter.engine.execution.InvocationInterceptorChain$ValidatingInvocation.proceed(InvocationInterceptorChain.java:131)
	at org.junit.jupiter.engine.extension.TimeoutExtension.intercept(TimeoutExtension.java:156)
	at org.junit.jupiter.engine.extension.TimeoutExtension.interceptTestableMethod(TimeoutExtension.java:147)
	at org.junit.jupiter.engine.extension.TimeoutExtension.interceptTestMethod(TimeoutExtension.java:86)
	at org.junit.jupiter.engine.execution.InterceptingExecutableInvoker$ReflectiveInterceptorCall.lambda$ofVoidMethod$0(InterceptingExecutableInvoker.java:103)
	at org.junit.jupiter.engine.execution.InterceptingExecutableInvoker.lambda$invoke$0(InterceptingExecutableInvoker.java:93)
	at org.junit.jupiter.engine.execution.InvocationInterceptorChain$InterceptedInvocation.proceed(InvocationInterceptorChain.java:106)
	at org.junit.jupiter.engine.execution.InvocationInterceptorChain.proceed(InvocationInterceptorChain.java:64)
	at org.junit.jupiter.engine.execution.InvocationInterceptorChain.chainAndInvoke(InvocationInterceptorChain.java:45)
	at org.junit.jupiter.engine.execution.InvocationInterceptorChain.invoke(InvocationInterceptorChain.java:37)
	at org.junit.jupiter.engine.execution.InterceptingExecutableInvoker.invoke(InterceptingExecutableInvoker.java:92)
	at org.junit.jupiter.engine.execution.InterceptingExecutableInvoker.invoke(InterceptingExecutableInvoker.java:86)
	at org.junit.jupiter.engine.descriptor.TestMethodTestDescriptor.lambda$invokeTestMethod$7(TestMethodTestDescriptor.java:218)
	at org.junit.platform.engine.support.hierarchical.ThrowableCollector.execute(ThrowableCollector.java:73)
	at org.junit.jupiter.engine.descriptor.TestMethodTestDescriptor.invokeTestMethod(TestMethodTestDescriptor.java:214)
	at org.junit.jupiter.engine.descriptor.TestMethodTestDescriptor.execute(TestMethodTestDescriptor.java:139)
	at org.junit.jupiter.engine.descriptor.TestMethodTestDescriptor.execute(TestMethodTestDescriptor.java:69)
	at org.junit.platform.engine.support.hierarchical.NodeTestTask.lambda$executeRecursively$6(NodeTestTask.java:151)
	at org.junit.platform.engine.support.hierarchical.ThrowableCollector.execute(ThrowableCollector.java:73)
	at org.junit.platform.engine.support.hierarchical.NodeTestTask.lambda$executeRecursively$8(NodeTestTask.java:141)
	at org.junit.platform.engine.support.hierarchical.Node.around(Node.java:137)
	at org.junit.platform.engine.support.hierarchical.NodeTestTask.lambda$executeRecursively$9(NodeTestTask.java:139)
	at org.junit.platform.engine.support.hierarchical.ThrowableCollector.execute(ThrowableCollector.java:73)
	at org.junit.platform.engine.support.hierarchical.NodeTestTask.executeRecursively(NodeTestTask.java:138)
	at org.junit.platform.engine.support.hierarchical.NodeTestTask.execute(NodeTestTask.java:95)
	at java.base/java.util.ArrayList.forEach(ArrayList.java:1596)
	at org.junit.platform.engine.support.hierarchical.SameThreadHierarchicalTestExecutorService.invokeAll(SameThreadHierarchicalTestExecutorService.java:41)
	at org.junit.platform.engine.support.hierarchical.NodeTestTask.lambda$executeRecursively$6(NodeTestTask.java:155)
	at org.junit.platform.engine.support.hierarchical.ThrowableCollector.execute(ThrowableCollector.java:73)
	at org.junit.platform.engine.support.hierarchical.NodeTestTask.lambda$executeRecursively$8(NodeTestTask.java:141)
	at org.junit.platform.engine.support.hierarchical.Node.around(Node.java:137)
	at org.junit.platform.engine.support.hierarchical.NodeTestTask.lambda$executeRecursively$9(NodeTestTask.java:139)
	at org.junit.platform.engine.support.hierarchical.ThrowableCollector.execute(ThrowableCollector.java:73)
	at org.junit.platform.engine.support.hierarchical.NodeTestTask.executeRecursively(NodeTestTask.java:138)
	at org.junit.platform.engine.support.hierarchical.NodeTestTask.execute(NodeTestTask.java:95)
	at java.base/java.util.ArrayList.forEach(ArrayList.java:1596)
	at org.junit.platform.engine.support.hierarchical.SameThreadHierarchicalTestExecutorService.invokeAll(SameThreadHierarchicalTestExecutorService.java:41)
	at org.junit.platform.engine.support.hierarchical.NodeTestTask.lambda$executeRecursively$6(NodeTestTask.java:155)
	at org.junit.platform.engine.support.hierarchical.ThrowableCollector.execute(ThrowableCollector.java:73)
	at org.junit.platform.engine.support.hierarchical.NodeTestTask.lambda$executeRecursively$8(NodeTestTask.java:141)
	at org.junit.platform.engine.support.hierarchical.Node.around(Node.java:137)
	at org.junit.platform.engine.support.hierarchical.NodeTestTask.lambda$executeRecursively$9(NodeTestTask.java:139)
	at org.junit.platform.engine.support.hierarchical.ThrowableCollector.execute(ThrowableCollector.java:73)
	at org.junit.platform.engine.support.hierarchical.NodeTestTask.executeRecursively(NodeTestTask.java:138)
	at org.junit.platform.engine.support.hierarchical.NodeTestTask.execute(NodeTestTask.java:95)
	at org.junit.platform.engine.support.hierarchical.SameThreadHierarchicalTestExecutorService.submit(SameThreadHierarchicalTestExecutorService.java:35)
	at org.junit.platform.engine.support.hierarchical.HierarchicalTestExecutor.execute(HierarchicalTestExecutor.java:57)
	at org.junit.platform.engine.support.hierarchical.HierarchicalTestEngine.execute(HierarchicalTestEngine.java:54)
	at org.junit.platform.launcher.core.EngineExecutionOrchestrator.execute(EngineExecutionOrchestrator.java:198)
	at org.junit.platform.launcher.core.EngineExecutionOrchestrator.execute(EngineExecutionOrchestrator.java:169)
	at org.junit.platform.launcher.core.EngineExecutionOrchestrator.execute(EngineExecutionOrchestrator.java:93)
	at org.junit.platform.launcher.core.EngineExecutionOrchestrator.lambda$execute$0(EngineExecutionOrchestrator.java:58)
	at org.junit.platform.launcher.core.EngineExecutionOrchestrator.withInterceptedStreams(EngineExecutionOrchestrator.java:141)
	at org.junit.platform.launcher.core.EngineExecutionOrchestrator.execute(EngineExecutionOrchestrator.java:57)
	at org.junit.platform.launcher.core.DefaultLauncher.execute(DefaultLauncher.java:103)
	at org.junit.platform.launcher.core.DefaultLauncher.execute(DefaultLauncher.java:85)
	at org.junit.platform.launcher.core.DelegatingLauncher.execute(DelegatingLauncher.java:47)
	at org.junit.platform.launcher.core.SessionPerRequestLauncher.execute(SessionPerRequestLauncher.java:63)
	at com.intellij.junit5.JUnit5IdeaTestRunner.startRunnerWithArgs(JUnit5IdeaTestRunner.java:57)
	at com.intellij.rt.junit.IdeaTestRunner$Repeater$1.execute(IdeaTestRunner.java:38)
	at com.intellij.rt.execution.junit.TestsRepeater.repeat(TestsRepeater.java:11)
	at com.intellij.rt.junit.IdeaTestRunner$Repeater.startRunnerWithArgs(IdeaTestRunner.java:35)
	at com.intellij.rt.junit.JUnitStarter.prepareStreamsAndStart(JUnitStarter.java:232)
	at com.intellij.rt.junit.JUnitStarter.main(JUnitStarter.java:55)
2025-01-27 14:14:08 [main] INFO  l.insoft.uztis.tests.utils.TestUtils - Screenshot moved to C:\Users\ingrida.zadorozniene\Desktop\Asm\UZTIS\UZTIS_tests\test-output\screenshots\20250127\141408014_testFillNewApplication().png
2025-01-27 14:22:36 [main] INFO  lt.insoft.uztis.tests.UztisPageTest - Navigated to https://uztisdev.asseco.lt/home
2025-01-27 14:22:36 [main] INFO  l.i.u.t.SubmittedApplicationsPageTest - Starting test:'testFillNewApplication'
2025-01-27 14:22:37 [main] DEBUG l.i.u.t.SubmittedApplicationsPageTest - User logged in with test credentials
2025-01-27 14:22:37 [main] DEBUG l.i.u.t.SubmittedApplicationsPageTest - Opened 'Application Processing' menu.
2025-01-27 14:22:37 [main] DEBUG l.i.u.t.SubmittedApplicationsPageTest - Clicked on 'Application Forms' menu.
2025-01-27 14:22:37 [main] DEBUG l.i.u.t.SubmittedApplicationsPageTest - Retrieved last description code text: 'TST-VUI-67'.
2025-01-27 14:22:38 [main] DEBUG l.i.u.t.SubmittedApplicationsPageTest - Clicked on 'Invitation' menu.
2025-01-27 14:22:38 [main] DEBUG l.i.u.t.SubmittedApplicationsPageTest - Selected application section by code: 'TST-VUI-67'.
2025-01-27 14:22:38 [main] DEBUG l.i.u.t.SubmittedApplicationsPageTest - Clicked 'Search' button.
2025-01-27 14:22:38 [main] DEBUG l.i.u.t.SubmittedApplicationsPageTest - Retrieved invitation code: ''.
2025-01-27 14:22:38 [main] DEBUG l.i.u.t.SubmittedApplicationsPageTest - Clicked on 'Submitted Applications' menu.
2025-01-27 14:22:39 [main] ERROR l.i.u.p.SubmittedApplicationsPage - Failed to select value in dropdown: Option with text 'TST-VUI-67' not found in dropdown!
2025-01-27 14:22:39 [main] ERROR l.i.u.t.SubmittedApplicationsPageTest - Test 'testFillNewApplication' failed with error: Option with text 'TST-VUI-67' not found in dropdown!
java.lang.RuntimeException: Option with text 'TST-VUI-67' not found in dropdown!
	at lt.insoft.uztis.pages.SubmittedApplicationsPage.lambda$selectValueFromInvitation$1(SubmittedApplicationsPage.java:145)
	at java.base/java.util.Optional.orElseThrow(Optional.java:403)
	at lt.insoft.uztis.pages.SubmittedApplicationsPage.selectValueFromInvitation(SubmittedApplicationsPage.java:145)
	at lt.insoft.uztis.tests.SubmittedApplicationsPageTest.getAndInsertInvitationCodeText(SubmittedApplicationsPageTest.java:61)
	at lt.insoft.uztis.tests.SubmittedApplicationsPageTest.testFillNewApplication(SubmittedApplicationsPageTest.java:135)
	at java.base/jdk.internal.reflect.DirectMethodHandleAccessor.invoke(DirectMethodHandleAccessor.java:103)
	at java.base/java.lang.reflect.Method.invoke(Method.java:580)
	at org.junit.platform.commons.util.ReflectionUtils.invokeMethod(ReflectionUtils.java:728)
	at org.junit.jupiter.engine.execution.MethodInvocation.proceed(MethodInvocation.java:60)
	at org.junit.jupiter.engine.execution.InvocationInterceptorChain$ValidatingInvocation.proceed(InvocationInterceptorChain.java:131)
	at org.junit.jupiter.engine.extension.TimeoutExtension.intercept(TimeoutExtension.java:156)
	at org.junit.jupiter.engine.extension.TimeoutExtension.interceptTestableMethod(TimeoutExtension.java:147)
	at org.junit.jupiter.engine.extension.TimeoutExtension.interceptTestMethod(TimeoutExtension.java:86)
	at org.junit.jupiter.engine.execution.InterceptingExecutableInvoker$ReflectiveInterceptorCall.lambda$ofVoidMethod$0(InterceptingExecutableInvoker.java:103)
	at org.junit.jupiter.engine.execution.InterceptingExecutableInvoker.lambda$invoke$0(InterceptingExecutableInvoker.java:93)
	at org.junit.jupiter.engine.execution.InvocationInterceptorChain$InterceptedInvocation.proceed(InvocationInterceptorChain.java:106)
	at org.junit.jupiter.engine.execution.InvocationInterceptorChain.proceed(InvocationInterceptorChain.java:64)
	at org.junit.jupiter.engine.execution.InvocationInterceptorChain.chainAndInvoke(InvocationInterceptorChain.java:45)
	at org.junit.jupiter.engine.execution.InvocationInterceptorChain.invoke(InvocationInterceptorChain.java:37)
	at org.junit.jupiter.engine.execution.InterceptingExecutableInvoker.invoke(InterceptingExecutableInvoker.java:92)
	at org.junit.jupiter.engine.execution.InterceptingExecutableInvoker.invoke(InterceptingExecutableInvoker.java:86)
	at org.junit.jupiter.engine.descriptor.TestMethodTestDescriptor.lambda$invokeTestMethod$7(TestMethodTestDescriptor.java:218)
	at org.junit.platform.engine.support.hierarchical.ThrowableCollector.execute(ThrowableCollector.java:73)
	at org.junit.jupiter.engine.descriptor.TestMethodTestDescriptor.invokeTestMethod(TestMethodTestDescriptor.java:214)
	at org.junit.jupiter.engine.descriptor.TestMethodTestDescriptor.execute(TestMethodTestDescriptor.java:139)
	at org.junit.jupiter.engine.descriptor.TestMethodTestDescriptor.execute(TestMethodTestDescriptor.java:69)
	at org.junit.platform.engine.support.hierarchical.NodeTestTask.lambda$executeRecursively$6(NodeTestTask.java:151)
	at org.junit.platform.engine.support.hierarchical.ThrowableCollector.execute(ThrowableCollector.java:73)
	at org.junit.platform.engine.support.hierarchical.NodeTestTask.lambda$executeRecursively$8(NodeTestTask.java:141)
	at org.junit.platform.engine.support.hierarchical.Node.around(Node.java:137)
	at org.junit.platform.engine.support.hierarchical.NodeTestTask.lambda$executeRecursively$9(NodeTestTask.java:139)
	at org.junit.platform.engine.support.hierarchical.ThrowableCollector.execute(ThrowableCollector.java:73)
	at org.junit.platform.engine.support.hierarchical.NodeTestTask.executeRecursively(NodeTestTask.java:138)
	at org.junit.platform.engine.support.hierarchical.NodeTestTask.execute(NodeTestTask.java:95)
	at java.base/java.util.ArrayList.forEach(ArrayList.java:1596)
	at org.junit.platform.engine.support.hierarchical.SameThreadHierarchicalTestExecutorService.invokeAll(SameThreadHierarchicalTestExecutorService.java:41)
	at org.junit.platform.engine.support.hierarchical.NodeTestTask.lambda$executeRecursively$6(NodeTestTask.java:155)
	at org.junit.platform.engine.support.hierarchical.ThrowableCollector.execute(ThrowableCollector.java:73)
	at org.junit.platform.engine.support.hierarchical.NodeTestTask.lambda$executeRecursively$8(NodeTestTask.java:141)
	at org.junit.platform.engine.support.hierarchical.Node.around(Node.java:137)
	at org.junit.platform.engine.support.hierarchical.NodeTestTask.lambda$executeRecursively$9(NodeTestTask.java:139)
	at org.junit.platform.engine.support.hierarchical.ThrowableCollector.execute(ThrowableCollector.java:73)
	at org.junit.platform.engine.support.hierarchical.NodeTestTask.executeRecursively(NodeTestTask.java:138)
	at org.junit.platform.engine.support.hierarchical.NodeTestTask.execute(NodeTestTask.java:95)
	at java.base/java.util.ArrayList.forEach(ArrayList.java:1596)
	at org.junit.platform.engine.support.hierarchical.SameThreadHierarchicalTestExecutorService.invokeAll(SameThreadHierarchicalTestExecutorService.java:41)
	at org.junit.platform.engine.support.hierarchical.NodeTestTask.lambda$executeRecursively$6(NodeTestTask.java:155)
	at org.junit.platform.engine.support.hierarchical.ThrowableCollector.execute(ThrowableCollector.java:73)
	at org.junit.platform.engine.support.hierarchical.NodeTestTask.lambda$executeRecursively$8(NodeTestTask.java:141)
	at org.junit.platform.engine.support.hierarchical.Node.around(Node.java:137)
	at org.junit.platform.engine.support.hierarchical.NodeTestTask.lambda$executeRecursively$9(NodeTestTask.java:139)
	at org.junit.platform.engine.support.hierarchical.ThrowableCollector.execute(ThrowableCollector.java:73)
	at org.junit.platform.engine.support.hierarchical.NodeTestTask.executeRecursively(NodeTestTask.java:138)
	at org.junit.platform.engine.support.hierarchical.NodeTestTask.execute(NodeTestTask.java:95)
	at org.junit.platform.engine.support.hierarchical.SameThreadHierarchicalTestExecutorService.submit(SameThreadHierarchicalTestExecutorService.java:35)
	at org.junit.platform.engine.support.hierarchical.HierarchicalTestExecutor.execute(HierarchicalTestExecutor.java:57)
	at org.junit.platform.engine.support.hierarchical.HierarchicalTestEngine.execute(HierarchicalTestEngine.java:54)
	at org.junit.platform.launcher.core.EngineExecutionOrchestrator.execute(EngineExecutionOrchestrator.java:198)
	at org.junit.platform.launcher.core.EngineExecutionOrchestrator.execute(EngineExecutionOrchestrator.java:169)
	at org.junit.platform.launcher.core.EngineExecutionOrchestrator.execute(EngineExecutionOrchestrator.java:93)
	at org.junit.platform.launcher.core.EngineExecutionOrchestrator.lambda$execute$0(EngineExecutionOrchestrator.java:58)
	at org.junit.platform.launcher.core.EngineExecutionOrchestrator.withInterceptedStreams(EngineExecutionOrchestrator.java:141)
	at org.junit.platform.launcher.core.EngineExecutionOrchestrator.execute(EngineExecutionOrchestrator.java:57)
	at org.junit.platform.launcher.core.DefaultLauncher.execute(DefaultLauncher.java:103)
	at org.junit.platform.launcher.core.DefaultLauncher.execute(DefaultLauncher.java:85)
	at org.junit.platform.launcher.core.DelegatingLauncher.execute(DelegatingLauncher.java:47)
	at org.junit.platform.launcher.core.SessionPerRequestLauncher.execute(SessionPerRequestLauncher.java:63)
	at com.intellij.junit5.JUnit5IdeaTestRunner.startRunnerWithArgs(JUnit5IdeaTestRunner.java:57)
	at com.intellij.rt.junit.IdeaTestRunner$Repeater$1.execute(IdeaTestRunner.java:38)
	at com.intellij.rt.execution.junit.TestsRepeater.repeat(TestsRepeater.java:11)
	at com.intellij.rt.junit.IdeaTestRunner$Repeater.startRunnerWithArgs(IdeaTestRunner.java:35)
	at com.intellij.rt.junit.JUnitStarter.prepareStreamsAndStart(JUnitStarter.java:232)
	at com.intellij.rt.junit.JUnitStarter.main(JUnitStarter.java:55)
2025-01-27 14:22:39 [main] INFO  l.insoft.uztis.tests.utils.TestUtils - Screenshot moved to C:\Users\ingrida.zadorozniene\Desktop\Asm\UZTIS\UZTIS_tests\test-output\screenshots\20250127\142239292_testFillNewApplication().png
2025-01-27 14:22:51 [main] INFO  lt.insoft.uztis.tests.UztisPageTest - Navigated to https://uztisdev.asseco.lt/home
2025-01-27 14:22:51 [main] INFO  l.i.u.t.SubmittedApplicationsPageTest - Starting test:'testFillNewApplication'
2025-01-27 14:22:52 [main] DEBUG l.i.u.t.SubmittedApplicationsPageTest - User logged in with test credentials
2025-01-27 14:22:52 [main] DEBUG l.i.u.t.SubmittedApplicationsPageTest - Opened 'Application Processing' menu.
2025-01-27 14:22:52 [main] DEBUG l.i.u.t.SubmittedApplicationsPageTest - Clicked on 'Application Forms' menu.
2025-01-27 14:22:53 [main] DEBUG l.i.u.t.SubmittedApplicationsPageTest - Retrieved last description code text: 'TST-VUI-67'.
2025-01-27 14:22:53 [main] DEBUG l.i.u.t.SubmittedApplicationsPageTest - Clicked on 'Invitation' menu.
2025-01-27 14:22:54 [main] DEBUG l.i.u.t.SubmittedApplicationsPageTest - Selected application section by code: 'TST-VUI-67'.
2025-01-27 14:22:54 [main] DEBUG l.i.u.t.SubmittedApplicationsPageTest - Clicked 'Search' button.
2025-01-27 14:22:54 [main] DEBUG l.i.u.t.SubmittedApplicationsPageTest - Retrieved invitation code: ''.
2025-01-27 14:22:54 [main] DEBUG l.i.u.t.SubmittedApplicationsPageTest - Clicked on 'Submitted Applications' menu.
2025-01-27 14:22:55 [main] DEBUG l.i.u.t.SubmittedApplicationsPageTest - Selected invitation by code: 'TST-VUI-67'.
2025-01-27 14:22:55 [main] DEBUG l.i.u.t.SubmittedApplicationsPageTest - Clicked on 'Action Application' button.
2025-01-27 14:22:55 [main] DEBUG l.i.u.t.SubmittedApplicationsPageTest - Clicked on 'New Application' button.
2025-01-27 14:22:55 [main] DEBUG l.i.u.t.SubmittedApplicationsPageTest - Clicked on 'RadioButtonFA' button.
2025-01-27 14:22:56 [main] DEBUG l.i.u.t.SubmittedApplicationsPageTest - Entered phone number into the input field.
2025-01-27 14:22:56 [main] DEBUG l.i.u.t.SubmittedApplicationsPageTest - Entered eMail into the input field.
2025-01-27 14:22:56 [main] INFO  l.i.u.p.SubmittedApplicationsPage - Located the dropdown button.
2025-01-27 14:23:16 [main] INFO  l.i.u.p.SubmittedApplicationsPage - Found 1741 options in the dropdown.
2025-01-27 14:23:16 [main] INFO  l.i.u.p.SubmittedApplicationsPage - Successfully selected the value: '01.11 - Grūdinių (išskyrus ryžius), ankštinių ir aliejingų sėklų augalų auginimas'
2025-01-27 14:23:26 [main] ERROR l.i.u.p.SubmittedApplicationsPage - Failed to close the dropdown with aria-expanded = 'false'. Attempting manual close.
2025-01-27 14:23:27 [main] INFO  l.i.u.p.SubmittedApplicationsPage - Manual close attempt for the dropdown using body click.
2025-01-27 14:23:27 [main] DEBUG l.i.u.t.SubmittedApplicationsPageTest - Entered Address into the input field.
2025-01-27 14:23:27 [main] DEBUG l.i.u.t.SubmittedApplicationsPageTest - Entered Address into the input field.
2025-01-27 14:23:27 [main] INFO  l.i.u.p.SubmittedApplicationsPage - Located the dropdown button.
2025-01-27 14:23:29 [main] ERROR l.i.u.t.SubmittedApplicationsPageTest - Test 'testFillNewApplication' failed with error: element click intercepted: Element <mat-label>...</mat-label> is not clickable at point (1051, 152). Other element would receive the click: ...<span class="mat-mdc-select-placeholder mat-mdc-select-min-line ng-tns-c1073613477-33 ng-star-inserted"></span>
  (Session info: chrome=131.0.6778.265)
Build info: version: '4.27.0', revision: 'd6e718d134'
System info: os.name: 'Windows 11', os.arch: 'amd64', os.version: '10.0', java.version: '21.0.3'
Driver info: org.openqa.selenium.chrome.ChromeDriver
Command: [e74821bc9f8b35bde5252180500d653f, clickElement {id=f.6FE814CC13DEA08965A1E9CD62EAEC01.d.642914582395E6C02E4C74A6609A576F.e.2058}]
Capabilities {acceptInsecureCerts: false, browserName: chrome, browserVersion: 131.0.6778.265, chrome: {chromedriverVersion: 131.0.6778.264 (2d05e315153..., userDataDir: C:\Users\INGRID~1.ZAD\AppDa...}, fedcm:accounts: true, goog:chromeOptions: {debuggerAddress: localhost:57440}, networkConnectionEnabled: false, pageLoadStrategy: normal, platformName: windows, proxy: Proxy(), se:cdp: ws://localhost:57440/devtoo..., se:cdpVersion: 131.0.6778.265, setWindowRect: true, strictFileInteractability: false, timeouts: {implicit: 0, pageLoad: 300000, script: 30000}, unhandledPromptBehavior: dismiss and notify, webauthn:extension:credBlob: true, webauthn:extension:largeBlob: true, webauthn:extension:minPinLength: true, webauthn:extension:prf: true, webauthn:virtualAuthenticators: true}
Element: [[ChromeDriver: chrome on windows (e74821bc9f8b35bde5252180500d653f)] -> xpath: //mat-label[contains(text(), 'Darbo vietos pavadinimas')]]
Session ID: e74821bc9f8b35bde5252180500d653f
org.openqa.selenium.ElementClickInterceptedException: element click intercepted: Element <mat-label>...</mat-label> is not clickable at point (1051, 152). Other element would receive the click: ...<span class="mat-mdc-select-placeholder mat-mdc-select-min-line ng-tns-c1073613477-33 ng-star-inserted"></span>
  (Session info: chrome=131.0.6778.265)
Build info: version: '4.27.0', revision: 'd6e718d134'
System info: os.name: 'Windows 11', os.arch: 'amd64', os.version: '10.0', java.version: '21.0.3'
Driver info: org.openqa.selenium.chrome.ChromeDriver
Command: [e74821bc9f8b35bde5252180500d653f, clickElement {id=f.6FE814CC13DEA08965A1E9CD62EAEC01.d.642914582395E6C02E4C74A6609A576F.e.2058}]
Capabilities {acceptInsecureCerts: false, browserName: chrome, browserVersion: 131.0.6778.265, chrome: {chromedriverVersion: 131.0.6778.264 (2d05e315153..., userDataDir: C:\Users\INGRID~1.ZAD\AppDa...}, fedcm:accounts: true, goog:chromeOptions: {debuggerAddress: localhost:57440}, networkConnectionEnabled: false, pageLoadStrategy: normal, platformName: windows, proxy: Proxy(), se:cdp: ws://localhost:57440/devtoo..., se:cdpVersion: 131.0.6778.265, setWindowRect: true, strictFileInteractability: false, timeouts: {implicit: 0, pageLoad: 300000, script: 30000}, unhandledPromptBehavior: dismiss and notify, webauthn:extension:credBlob: true, webauthn:extension:largeBlob: true, webauthn:extension:minPinLength: true, webauthn:extension:prf: true, webauthn:virtualAuthenticators: true}
Element: [[ChromeDriver: chrome on windows (e74821bc9f8b35bde5252180500d653f)] -> xpath: //mat-label[contains(text(), 'Darbo vietos pavadinimas')]]
Session ID: e74821bc9f8b35bde5252180500d653f
	at java.base/jdk.internal.reflect.DirectConstructorHandleAccessor.newInstance(DirectConstructorHandleAccessor.java:62)
	at java.base/java.lang.reflect.Constructor.newInstanceWithCaller(Constructor.java:502)
	at java.base/java.lang.reflect.Constructor.newInstance(Constructor.java:486)
	at org.openqa.selenium.remote.ErrorCodec.decode(ErrorCodec.java:167)
	at org.openqa.selenium.remote.codec.w3c.W3CHttpResponseCodec.decode(W3CHttpResponseCodec.java:138)
	at org.openqa.selenium.remote.codec.w3c.W3CHttpResponseCodec.decode(W3CHttpResponseCodec.java:50)
	at org.openqa.selenium.remote.HttpCommandExecutor.execute(HttpCommandExecutor.java:190)
	at org.openqa.selenium.remote.service.DriverCommandExecutor.invokeExecute(DriverCommandExecutor.java:216)
	at org.openqa.selenium.remote.service.DriverCommandExecutor.execute(DriverCommandExecutor.java:174)
	at org.openqa.selenium.remote.RemoteWebDriver.execute(RemoteWebDriver.java:545)
	at org.openqa.selenium.remote.RemoteWebElement.execute(RemoteWebElement.java:223)
	at org.openqa.selenium.remote.RemoteWebElement.click(RemoteWebElement.java:76)
	at java.base/jdk.internal.reflect.DirectMethodHandleAccessor.invoke(DirectMethodHandleAccessor.java:103)
	at java.base/java.lang.reflect.Method.invoke(Method.java:580)
	at org.openqa.selenium.support.pagefactory.internal.LocatingElementHandler.invoke(LocatingElementHandler.java:51)
	at jdk.proxy2/jdk.proxy2.$Proxy14.click(Unknown Source)
	at lt.insoft.uztis.pages.SubmittedApplicationsPage.selectDropdownJobName(SubmittedApplicationsPage.java:288)
	at lt.insoft.uztis.tests.SubmittedApplicationsPageTest.testFillNewApplication(SubmittedApplicationsPageTest.java:174)
	at java.base/jdk.internal.reflect.DirectMethodHandleAccessor.invoke(DirectMethodHandleAccessor.java:103)
	at java.base/java.lang.reflect.Method.invoke(Method.java:580)
	at org.junit.platform.commons.util.ReflectionUtils.invokeMethod(ReflectionUtils.java:728)
	at org.junit.jupiter.engine.execution.MethodInvocation.proceed(MethodInvocation.java:60)
	at org.junit.jupiter.engine.execution.InvocationInterceptorChain$ValidatingInvocation.proceed(InvocationInterceptorChain.java:131)
	at org.junit.jupiter.engine.extension.TimeoutExtension.intercept(TimeoutExtension.java:156)
	at org.junit.jupiter.engine.extension.TimeoutExtension.interceptTestableMethod(TimeoutExtension.java:147)
	at org.junit.jupiter.engine.extension.TimeoutExtension.interceptTestMethod(TimeoutExtension.java:86)
	at org.junit.jupiter.engine.execution.InterceptingExecutableInvoker$ReflectiveInterceptorCall.lambda$ofVoidMethod$0(InterceptingExecutableInvoker.java:103)
	at org.junit.jupiter.engine.execution.InterceptingExecutableInvoker.lambda$invoke$0(InterceptingExecutableInvoker.java:93)
	at org.junit.jupiter.engine.execution.InvocationInterceptorChain$InterceptedInvocation.proceed(InvocationInterceptorChain.java:106)
	at org.junit.jupiter.engine.execution.InvocationInterceptorChain.proceed(InvocationInterceptorChain.java:64)
	at org.junit.jupiter.engine.execution.InvocationInterceptorChain.chainAndInvoke(InvocationInterceptorChain.java:45)
	at org.junit.jupiter.engine.execution.InvocationInterceptorChain.invoke(InvocationInterceptorChain.java:37)
	at org.junit.jupiter.engine.execution.InterceptingExecutableInvoker.invoke(InterceptingExecutableInvoker.java:92)
	at org.junit.jupiter.engine.execution.InterceptingExecutableInvoker.invoke(InterceptingExecutableInvoker.java:86)
	at org.junit.jupiter.engine.descriptor.TestMethodTestDescriptor.lambda$invokeTestMethod$7(TestMethodTestDescriptor.java:218)
	at org.junit.platform.engine.support.hierarchical.ThrowableCollector.execute(ThrowableCollector.java:73)
	at org.junit.jupiter.engine.descriptor.TestMethodTestDescriptor.invokeTestMethod(TestMethodTestDescriptor.java:214)
	at org.junit.jupiter.engine.descriptor.TestMethodTestDescriptor.execute(TestMethodTestDescriptor.java:139)
	at org.junit.jupiter.engine.descriptor.TestMethodTestDescriptor.execute(TestMethodTestDescriptor.java:69)
	at org.junit.platform.engine.support.hierarchical.NodeTestTask.lambda$executeRecursively$6(NodeTestTask.java:151)
	at org.junit.platform.engine.support.hierarchical.ThrowableCollector.execute(ThrowableCollector.java:73)
	at org.junit.platform.engine.support.hierarchical.NodeTestTask.lambda$executeRecursively$8(NodeTestTask.java:141)
	at org.junit.platform.engine.support.hierarchical.Node.around(Node.java:137)
	at org.junit.platform.engine.support.hierarchical.NodeTestTask.lambda$executeRecursively$9(NodeTestTask.java:139)
	at org.junit.platform.engine.support.hierarchical.ThrowableCollector.execute(ThrowableCollector.java:73)
	at org.junit.platform.engine.support.hierarchical.NodeTestTask.executeRecursively(NodeTestTask.java:138)
	at org.junit.platform.engine.support.hierarchical.NodeTestTask.execute(NodeTestTask.java:95)
	at java.base/java.util.ArrayList.forEach(ArrayList.java:1596)
	at org.junit.platform.engine.support.hierarchical.SameThreadHierarchicalTestExecutorService.invokeAll(SameThreadHierarchicalTestExecutorService.java:41)
	at org.junit.platform.engine.support.hierarchical.NodeTestTask.lambda$executeRecursively$6(NodeTestTask.java:155)
	at org.junit.platform.engine.support.hierarchical.ThrowableCollector.execute(ThrowableCollector.java:73)
	at org.junit.platform.engine.support.hierarchical.NodeTestTask.lambda$executeRecursively$8(NodeTestTask.java:141)
	at org.junit.platform.engine.support.hierarchical.Node.around(Node.java:137)
	at org.junit.platform.engine.support.hierarchical.NodeTestTask.lambda$executeRecursively$9(NodeTestTask.java:139)
	at org.junit.platform.engine.support.hierarchical.ThrowableCollector.execute(ThrowableCollector.java:73)
	at org.junit.platform.engine.support.hierarchical.NodeTestTask.executeRecursively(NodeTestTask.java:138)
	at org.junit.platform.engine.support.hierarchical.NodeTestTask.execute(NodeTestTask.java:95)
	at java.base/java.util.ArrayList.forEach(ArrayList.java:1596)
	at org.junit.platform.engine.support.hierarchical.SameThreadHierarchicalTestExecutorService.invokeAll(SameThreadHierarchicalTestExecutorService.java:41)
	at org.junit.platform.engine.support.hierarchical.NodeTestTask.lambda$executeRecursively$6(NodeTestTask.java:155)
	at org.junit.platform.engine.support.hierarchical.ThrowableCollector.execute(ThrowableCollector.java:73)
	at org.junit.platform.engine.support.hierarchical.NodeTestTask.lambda$executeRecursively$8(NodeTestTask.java:141)
	at org.junit.platform.engine.support.hierarchical.Node.around(Node.java:137)
	at org.junit.platform.engine.support.hierarchical.NodeTestTask.lambda$executeRecursively$9(NodeTestTask.java:139)
	at org.junit.platform.engine.support.hierarchical.ThrowableCollector.execute(ThrowableCollector.java:73)
	at org.junit.platform.engine.support.hierarchical.NodeTestTask.executeRecursively(NodeTestTask.java:138)
	at org.junit.platform.engine.support.hierarchical.NodeTestTask.execute(NodeTestTask.java:95)
	at org.junit.platform.engine.support.hierarchical.SameThreadHierarchicalTestExecutorService.submit(SameThreadHierarchicalTestExecutorService.java:35)
	at org.junit.platform.engine.support.hierarchical.HierarchicalTestExecutor.execute(HierarchicalTestExecutor.java:57)
	at org.junit.platform.engine.support.hierarchical.HierarchicalTestEngine.execute(HierarchicalTestEngine.java:54)
	at org.junit.platform.launcher.core.EngineExecutionOrchestrator.execute(EngineExecutionOrchestrator.java:198)
	at org.junit.platform.launcher.core.EngineExecutionOrchestrator.execute(EngineExecutionOrchestrator.java:169)
	at org.junit.platform.launcher.core.EngineExecutionOrchestrator.execute(EngineExecutionOrchestrator.java:93)
	at org.junit.platform.launcher.core.EngineExecutionOrchestrator.lambda$execute$0(EngineExecutionOrchestrator.java:58)
	at org.junit.platform.launcher.core.EngineExecutionOrchestrator.withInterceptedStreams(EngineExecutionOrchestrator.java:141)
	at org.junit.platform.launcher.core.EngineExecutionOrchestrator.execute(EngineExecutionOrchestrator.java:57)
	at org.junit.platform.launcher.core.DefaultLauncher.execute(DefaultLauncher.java:103)
	at org.junit.platform.launcher.core.DefaultLauncher.execute(DefaultLauncher.java:85)
	at org.junit.platform.launcher.core.DelegatingLauncher.execute(DelegatingLauncher.java:47)
	at org.junit.platform.launcher.core.SessionPerRequestLauncher.execute(SessionPerRequestLauncher.java:63)
	at com.intellij.junit5.JUnit5IdeaTestRunner.startRunnerWithArgs(JUnit5IdeaTestRunner.java:57)
	at com.intellij.rt.junit.IdeaTestRunner$Repeater$1.execute(IdeaTestRunner.java:38)
	at com.intellij.rt.execution.junit.TestsRepeater.repeat(TestsRepeater.java:11)
	at com.intellij.rt.junit.IdeaTestRunner$Repeater.startRunnerWithArgs(IdeaTestRunner.java:35)
	at com.intellij.rt.junit.JUnitStarter.prepareStreamsAndStart(JUnitStarter.java:232)
	at com.intellij.rt.junit.JUnitStarter.main(JUnitStarter.java:55)
2025-01-27 14:23:29 [main] INFO  l.insoft.uztis.tests.utils.TestUtils - Screenshot moved to C:\Users\ingrida.zadorozniene\Desktop\Asm\UZTIS\UZTIS_tests\test-output\screenshots\20250127\142329388_testFillNewApplication().png
2025-01-27 14:23:49 [main] INFO  lt.insoft.uztis.tests.UztisPageTest - Navigated to https://uztisdev.asseco.lt/home
2025-01-27 14:23:49 [main] INFO  l.i.u.t.SubmittedApplicationsPageTest - Starting test:'testFillNewApplication'
2025-01-27 14:23:50 [main] DEBUG l.i.u.t.SubmittedApplicationsPageTest - User logged in with test credentials
2025-01-27 14:23:50 [main] DEBUG l.i.u.t.SubmittedApplicationsPageTest - Opened 'Application Processing' menu.
2025-01-27 14:23:50 [main] DEBUG l.i.u.t.SubmittedApplicationsPageTest - Clicked on 'Application Forms' menu.
2025-01-27 14:23:51 [main] DEBUG l.i.u.t.SubmittedApplicationsPageTest - Retrieved last description code text: 'TST-VUI-67'.
2025-01-27 14:23:51 [main] DEBUG l.i.u.t.SubmittedApplicationsPageTest - Clicked on 'Invitation' menu.
2025-01-27 14:23:52 [main] DEBUG l.i.u.t.SubmittedApplicationsPageTest - Selected application section by code: 'TST-VUI-67'.
2025-01-27 14:23:52 [main] DEBUG l.i.u.t.SubmittedApplicationsPageTest - Clicked 'Search' button.
2025-01-27 14:23:52 [main] DEBUG l.i.u.t.SubmittedApplicationsPageTest - Retrieved invitation code: ''.
2025-01-27 14:23:52 [main] DEBUG l.i.u.t.SubmittedApplicationsPageTest - Clicked on 'Submitted Applications' menu.
2025-01-27 14:23:53 [main] DEBUG l.i.u.t.SubmittedApplicationsPageTest - Selected invitation by code: 'TST-VUI-67'.
2025-01-27 14:23:53 [main] DEBUG l.i.u.t.SubmittedApplicationsPageTest - Clicked on 'Action Application' button.
2025-01-27 14:23:53 [main] DEBUG l.i.u.t.SubmittedApplicationsPageTest - Clicked on 'New Application' button.
2025-01-27 14:23:53 [main] DEBUG l.i.u.t.SubmittedApplicationsPageTest - Clicked on 'RadioButtonFA' button.
2025-01-27 14:23:54 [main] DEBUG l.i.u.t.SubmittedApplicationsPageTest - Entered phone number into the input field.
2025-01-27 14:23:54 [main] DEBUG l.i.u.t.SubmittedApplicationsPageTest - Entered eMail into the input field.
2025-01-27 14:23:54 [main] INFO  l.i.u.p.SubmittedApplicationsPage - Located the dropdown button.
2025-01-27 14:24:14 [main] INFO  l.i.u.p.SubmittedApplicationsPage - Found 1741 options in the dropdown.
2025-01-27 14:24:15 [main] INFO  l.i.u.p.SubmittedApplicationsPage - Successfully selected the value: '01.11 - Grūdinių (išskyrus ryžius), ankštinių ir aliejingų sėklų augalų auginimas'
2025-01-27 14:24:25 [main] ERROR l.i.u.p.SubmittedApplicationsPage - Failed to close the dropdown with aria-expanded = 'false'. Attempting manual close.
2025-01-27 14:24:25 [main] INFO  l.i.u.p.SubmittedApplicationsPage - Manual close attempt for the dropdown using body click.
2025-01-27 14:24:25 [main] DEBUG l.i.u.t.SubmittedApplicationsPageTest - Entered Address into the input field.
2025-01-27 14:24:26 [main] DEBUG l.i.u.t.SubmittedApplicationsPageTest - Entered Address into the input field.
2025-01-27 14:24:26 [main] INFO  l.i.u.p.SubmittedApplicationsPage - Located the dropdown button.
2025-01-27 14:24:27 [main] INFO  l.i.u.p.SubmittedApplicationsPage - Successfully selected the value: 'Administratoriai'
2025-01-27 14:24:37 [main] ERROR l.i.u.p.SubmittedApplicationsPage - Timeout while waiting for dropdown to close with aria-expanded = 'false'.
2025-01-27 14:24:37 [main] DEBUG l.i.u.t.SubmittedApplicationsPageTest - Selected the value: 'Administratoriai'
2025-01-27 14:24:38 [main] INFO  l.i.u.p.SubmittedApplicationsPage - Located the dropdown button.
2025-01-27 14:24:39 [main] INFO  l.i.u.p.SubmittedApplicationsPage - Successfully selected the value: 'Kita'
2025-01-27 14:24:49 [main] ERROR l.i.u.p.SubmittedApplicationsPage - Timeout while waiting for dropdown to close with aria-expanded = 'false'.
2025-01-27 14:24:49 [main] DEBUG l.i.u.t.SubmittedApplicationsPageTest - Selected the value: 'Kita'
2025-01-27 14:24:49 [main] DEBUG l.i.u.t.SubmittedApplicationsPageTest - Selected the value: '6 val. per dieną ir 4 d. per savaitę'
2025-01-27 14:24:50 [main] DEBUG l.i.u.t.SubmittedApplicationsPageTest - Entered Address into the input field.
2025-01-27 14:25:00 [main] ERROR l.i.u.t.SubmittedApplicationsPageTest - Test 'testFillNewApplication' failed with error: no such element: Unable to locate element: {"method":"xpath","selector":"//div[contains(@class, 'mat-mdc-form-field-infix')]//common-textarea[@id='common-textarea-2']//textarea[2]"}
  (Session info: chrome=131.0.6778.265)
For documentation on this error, please visit: https://www.selenium.dev/documentation/webdriver/troubleshooting/errors#no-such-element-exception
Build info: version: '4.27.0', revision: 'd6e718d134'
System info: os.name: 'Windows 11', os.arch: 'amd64', os.version: '10.0', java.version: '21.0.3'
Driver info: org.openqa.selenium.chrome.ChromeDriver
Command: [8ef8fe76ad2104b16b299d46da5a76cf, findElement {using=xpath, value=//div[contains(@class, 'mat-mdc-form-field-infix')]//common-textarea[@id='common-textarea-2']//textarea[2]}]
Capabilities {acceptInsecureCerts: false, browserName: chrome, browserVersion: 131.0.6778.265, chrome: {chromedriverVersion: 131.0.6778.264 (2d05e315153..., userDataDir: C:\Users\INGRID~1.ZAD\AppDa...}, fedcm:accounts: true, goog:chromeOptions: {debuggerAddress: localhost:57496}, networkConnectionEnabled: false, pageLoadStrategy: normal, platformName: windows, proxy: Proxy(), se:cdp: ws://localhost:57496/devtoo..., se:cdpVersion: 131.0.6778.265, setWindowRect: true, strictFileInteractability: false, timeouts: {implicit: 0, pageLoad: 300000, script: 30000}, unhandledPromptBehavior: dismiss and notify, webauthn:extension:credBlob: true, webauthn:extension:largeBlob: true, webauthn:extension:minPinLength: true, webauthn:extension:prf: true, webauthn:virtualAuthenticators: true}
Session ID: 8ef8fe76ad2104b16b299d46da5a76cf
org.openqa.selenium.NoSuchElementException: no such element: Unable to locate element: {"method":"xpath","selector":"//div[contains(@class, 'mat-mdc-form-field-infix')]//common-textarea[@id='common-textarea-2']//textarea[2]"}
  (Session info: chrome=131.0.6778.265)
For documentation on this error, please visit: https://www.selenium.dev/documentation/webdriver/troubleshooting/errors#no-such-element-exception
Build info: version: '4.27.0', revision: 'd6e718d134'
System info: os.name: 'Windows 11', os.arch: 'amd64', os.version: '10.0', java.version: '21.0.3'
Driver info: org.openqa.selenium.chrome.ChromeDriver
Command: [8ef8fe76ad2104b16b299d46da5a76cf, findElement {using=xpath, value=//div[contains(@class, 'mat-mdc-form-field-infix')]//common-textarea[@id='common-textarea-2']//textarea[2]}]
Capabilities {acceptInsecureCerts: false, browserName: chrome, browserVersion: 131.0.6778.265, chrome: {chromedriverVersion: 131.0.6778.264 (2d05e315153..., userDataDir: C:\Users\INGRID~1.ZAD\AppDa...}, fedcm:accounts: true, goog:chromeOptions: {debuggerAddress: localhost:57496}, networkConnectionEnabled: false, pageLoadStrategy: normal, platformName: windows, proxy: Proxy(), se:cdp: ws://localhost:57496/devtoo..., se:cdpVersion: 131.0.6778.265, setWindowRect: true, strictFileInteractability: false, timeouts: {implicit: 0, pageLoad: 300000, script: 30000}, unhandledPromptBehavior: dismiss and notify, webauthn:extension:credBlob: true, webauthn:extension:largeBlob: true, webauthn:extension:minPinLength: true, webauthn:extension:prf: true, webauthn:virtualAuthenticators: true}
Session ID: 8ef8fe76ad2104b16b299d46da5a76cf
	at java.base/jdk.internal.reflect.DirectConstructorHandleAccessor.newInstance(DirectConstructorHandleAccessor.java:62)
	at java.base/java.lang.reflect.Constructor.newInstanceWithCaller(Constructor.java:502)
	at java.base/java.lang.reflect.Constructor.newInstance(Constructor.java:486)
	at org.openqa.selenium.remote.ErrorCodec.decode(ErrorCodec.java:167)
	at org.openqa.selenium.remote.codec.w3c.W3CHttpResponseCodec.decode(W3CHttpResponseCodec.java:138)
	at org.openqa.selenium.remote.codec.w3c.W3CHttpResponseCodec.decode(W3CHttpResponseCodec.java:50)
	at org.openqa.selenium.remote.HttpCommandExecutor.execute(HttpCommandExecutor.java:190)
	at org.openqa.selenium.remote.service.DriverCommandExecutor.invokeExecute(DriverCommandExecutor.java:216)
	at org.openqa.selenium.remote.service.DriverCommandExecutor.execute(DriverCommandExecutor.java:174)
	at org.openqa.selenium.remote.RemoteWebDriver.execute(RemoteWebDriver.java:545)
	at org.openqa.selenium.remote.ElementLocation$ElementFinder$2.findElement(ElementLocation.java:165)
	at org.openqa.selenium.remote.ElementLocation.findElement(ElementLocation.java:59)
	at org.openqa.selenium.remote.RemoteWebDriver.findElement(RemoteWebDriver.java:368)
	at org.openqa.selenium.remote.RemoteWebDriver.findElement(RemoteWebDriver.java:362)
	at org.openqa.selenium.support.pagefactory.DefaultElementLocator.findElement(DefaultElementLocator.java:68)
	at org.openqa.selenium.support.pagefactory.internal.LocatingElementHandler.invoke(LocatingElementHandler.java:38)
	at jdk.proxy2/jdk.proxy2.$Proxy14.clear(Unknown Source)
	at lt.insoft.uztis.pages.SubmittedApplicationsPage.enterJobDescription(SubmittedApplicationsPage.java:478)
	at lt.insoft.uztis.tests.SubmittedApplicationsPageTest.testFillNewApplication(SubmittedApplicationsPageTest.java:208)
	at java.base/jdk.internal.reflect.DirectMethodHandleAccessor.invoke(DirectMethodHandleAccessor.java:103)
	at java.base/java.lang.reflect.Method.invoke(Method.java:580)
	at org.junit.platform.commons.util.ReflectionUtils.invokeMethod(ReflectionUtils.java:728)
	at org.junit.jupiter.engine.execution.MethodInvocation.proceed(MethodInvocation.java:60)
	at org.junit.jupiter.engine.execution.InvocationInterceptorChain$ValidatingInvocation.proceed(InvocationInterceptorChain.java:131)
	at org.junit.jupiter.engine.extension.TimeoutExtension.intercept(TimeoutExtension.java:156)
	at org.junit.jupiter.engine.extension.TimeoutExtension.interceptTestableMethod(TimeoutExtension.java:147)
	at org.junit.jupiter.engine.extension.TimeoutExtension.interceptTestMethod(TimeoutExtension.java:86)
	at org.junit.jupiter.engine.execution.InterceptingExecutableInvoker$ReflectiveInterceptorCall.lambda$ofVoidMethod$0(InterceptingExecutableInvoker.java:103)
	at org.junit.jupiter.engine.execution.InterceptingExecutableInvoker.lambda$invoke$0(InterceptingExecutableInvoker.java:93)
	at org.junit.jupiter.engine.execution.InvocationInterceptorChain$InterceptedInvocation.proceed(InvocationInterceptorChain.java:106)
	at org.junit.jupiter.engine.execution.InvocationInterceptorChain.proceed(InvocationInterceptorChain.java:64)
	at org.junit.jupiter.engine.execution.InvocationInterceptorChain.chainAndInvoke(InvocationInterceptorChain.java:45)
	at org.junit.jupiter.engine.execution.InvocationInterceptorChain.invoke(InvocationInterceptorChain.java:37)
	at org.junit.jupiter.engine.execution.InterceptingExecutableInvoker.invoke(InterceptingExecutableInvoker.java:92)
	at org.junit.jupiter.engine.execution.InterceptingExecutableInvoker.invoke(InterceptingExecutableInvoker.java:86)
	at org.junit.jupiter.engine.descriptor.TestMethodTestDescriptor.lambda$invokeTestMethod$7(TestMethodTestDescriptor.java:218)
	at org.junit.platform.engine.support.hierarchical.ThrowableCollector.execute(ThrowableCollector.java:73)
	at org.junit.jupiter.engine.descriptor.TestMethodTestDescriptor.invokeTestMethod(TestMethodTestDescriptor.java:214)
	at org.junit.jupiter.engine.descriptor.TestMethodTestDescriptor.execute(TestMethodTestDescriptor.java:139)
	at org.junit.jupiter.engine.descriptor.TestMethodTestDescriptor.execute(TestMethodTestDescriptor.java:69)
	at org.junit.platform.engine.support.hierarchical.NodeTestTask.lambda$executeRecursively$6(NodeTestTask.java:151)
	at org.junit.platform.engine.support.hierarchical.ThrowableCollector.execute(ThrowableCollector.java:73)
	at org.junit.platform.engine.support.hierarchical.NodeTestTask.lambda$executeRecursively$8(NodeTestTask.java:141)
	at org.junit.platform.engine.support.hierarchical.Node.around(Node.java:137)
	at org.junit.platform.engine.support.hierarchical.NodeTestTask.lambda$executeRecursively$9(NodeTestTask.java:139)
	at org.junit.platform.engine.support.hierarchical.ThrowableCollector.execute(ThrowableCollector.java:73)
	at org.junit.platform.engine.support.hierarchical.NodeTestTask.executeRecursively(NodeTestTask.java:138)
	at org.junit.platform.engine.support.hierarchical.NodeTestTask.execute(NodeTestTask.java:95)
	at java.base/java.util.ArrayList.forEach(ArrayList.java:1596)
	at org.junit.platform.engine.support.hierarchical.SameThreadHierarchicalTestExecutorService.invokeAll(SameThreadHierarchicalTestExecutorService.java:41)
	at org.junit.platform.engine.support.hierarchical.NodeTestTask.lambda$executeRecursively$6(NodeTestTask.java:155)
	at org.junit.platform.engine.support.hierarchical.ThrowableCollector.execute(ThrowableCollector.java:73)
	at org.junit.platform.engine.support.hierarchical.NodeTestTask.lambda$executeRecursively$8(NodeTestTask.java:141)
	at org.junit.platform.engine.support.hierarchical.Node.around(Node.java:137)
	at org.junit.platform.engine.support.hierarchical.NodeTestTask.lambda$executeRecursively$9(NodeTestTask.java:139)
	at org.junit.platform.engine.support.hierarchical.ThrowableCollector.execute(ThrowableCollector.java:73)
	at org.junit.platform.engine.support.hierarchical.NodeTestTask.executeRecursively(NodeTestTask.java:138)
	at org.junit.platform.engine.support.hierarchical.NodeTestTask.execute(NodeTestTask.java:95)
	at java.base/java.util.ArrayList.forEach(ArrayList.java:1596)
	at org.junit.platform.engine.support.hierarchical.SameThreadHierarchicalTestExecutorService.invokeAll(SameThreadHierarchicalTestExecutorService.java:41)
	at org.junit.platform.engine.support.hierarchical.NodeTestTask.lambda$executeRecursively$6(NodeTestTask.java:155)
	at org.junit.platform.engine.support.hierarchical.ThrowableCollector.execute(ThrowableCollector.java:73)
	at org.junit.platform.engine.support.hierarchical.NodeTestTask.lambda$executeRecursively$8(NodeTestTask.java:141)
	at org.junit.platform.engine.support.hierarchical.Node.around(Node.java:137)
	at org.junit.platform.engine.support.hierarchical.NodeTestTask.lambda$executeRecursively$9(NodeTestTask.java:139)
	at org.junit.platform.engine.support.hierarchical.ThrowableCollector.execute(ThrowableCollector.java:73)
	at org.junit.platform.engine.support.hierarchical.NodeTestTask.executeRecursively(NodeTestTask.java:138)
	at org.junit.platform.engine.support.hierarchical.NodeTestTask.execute(NodeTestTask.java:95)
	at org.junit.platform.engine.support.hierarchical.SameThreadHierarchicalTestExecutorService.submit(SameThreadHierarchicalTestExecutorService.java:35)
	at org.junit.platform.engine.support.hierarchical.HierarchicalTestExecutor.execute(HierarchicalTestExecutor.java:57)
	at org.junit.platform.engine.support.hierarchical.HierarchicalTestEngine.execute(HierarchicalTestEngine.java:54)
	at org.junit.platform.launcher.core.EngineExecutionOrchestrator.execute(EngineExecutionOrchestrator.java:198)
	at org.junit.platform.launcher.core.EngineExecutionOrchestrator.execute(EngineExecutionOrchestrator.java:169)
	at org.junit.platform.launcher.core.EngineExecutionOrchestrator.execute(EngineExecutionOrchestrator.java:93)
	at org.junit.platform.launcher.core.EngineExecutionOrchestrator.lambda$execute$0(EngineExecutionOrchestrator.java:58)
	at org.junit.platform.launcher.core.EngineExecutionOrchestrator.withInterceptedStreams(EngineExecutionOrchestrator.java:141)
	at org.junit.platform.launcher.core.EngineExecutionOrchestrator.execute(EngineExecutionOrchestrator.java:57)
	at org.junit.platform.launcher.core.DefaultLauncher.execute(DefaultLauncher.java:103)
	at org.junit.platform.launcher.core.DefaultLauncher.execute(DefaultLauncher.java:85)
	at org.junit.platform.launcher.core.DelegatingLauncher.execute(DelegatingLauncher.java:47)
	at org.junit.platform.launcher.core.SessionPerRequestLauncher.execute(SessionPerRequestLauncher.java:63)
	at com.intellij.junit5.JUnit5IdeaTestRunner.startRunnerWithArgs(JUnit5IdeaTestRunner.java:57)
	at com.intellij.rt.junit.IdeaTestRunner$Repeater$1.execute(IdeaTestRunner.java:38)
	at com.intellij.rt.execution.junit.TestsRepeater.repeat(TestsRepeater.java:11)
	at com.intellij.rt.junit.IdeaTestRunner$Repeater.startRunnerWithArgs(IdeaTestRunner.java:35)
	at com.intellij.rt.junit.JUnitStarter.prepareStreamsAndStart(JUnitStarter.java:232)
	at com.intellij.rt.junit.JUnitStarter.main(JUnitStarter.java:55)
2025-01-27 14:25:00 [main] INFO  l.insoft.uztis.tests.utils.TestUtils - Screenshot moved to C:\Users\ingrida.zadorozniene\Desktop\Asm\UZTIS\UZTIS_tests\test-output\screenshots\20250127\142500684_testFillNewApplication().png
2025-01-27 14:27:47 [main] INFO  lt.insoft.uztis.tests.UztisPageTest - Navigated to https://uztisdev.asseco.lt/home
2025-01-27 14:27:47 [main] INFO  l.i.u.t.SubmittedApplicationsPageTest - Starting test:'testFillNewApplication'
2025-01-27 14:27:47 [main] DEBUG l.i.u.t.SubmittedApplicationsPageTest - User logged in with test credentials
2025-01-27 14:27:47 [main] DEBUG l.i.u.t.SubmittedApplicationsPageTest - Opened 'Application Processing' menu.
2025-01-27 14:27:47 [main] DEBUG l.i.u.t.SubmittedApplicationsPageTest - Clicked on 'Application Forms' menu.
2025-01-27 14:27:48 [main] DEBUG l.i.u.t.SubmittedApplicationsPageTest - Retrieved last description code text: 'TST-VUI-67'.
2025-01-27 14:27:48 [main] DEBUG l.i.u.t.SubmittedApplicationsPageTest - Clicked on 'Invitation' menu.
2025-01-27 14:27:49 [main] DEBUG l.i.u.t.SubmittedApplicationsPageTest - Selected application section by code: 'TST-VUI-67'.
2025-01-27 14:27:49 [main] DEBUG l.i.u.t.SubmittedApplicationsPageTest - Clicked 'Search' button.
2025-01-27 14:27:49 [main] DEBUG l.i.u.t.SubmittedApplicationsPageTest - Retrieved invitation code: ''.
2025-01-27 14:27:49 [main] DEBUG l.i.u.t.SubmittedApplicationsPageTest - Clicked on 'Submitted Applications' menu.
2025-01-27 14:27:50 [main] DEBUG l.i.u.t.SubmittedApplicationsPageTest - Selected invitation by code: 'TST-VUI-67'.
2025-01-27 14:27:50 [main] DEBUG l.i.u.t.SubmittedApplicationsPageTest - Clicked on 'Action Application' button.
2025-01-27 14:27:50 [main] DEBUG l.i.u.t.SubmittedApplicationsPageTest - Clicked on 'New Application' button.
2025-01-27 14:27:51 [main] DEBUG l.i.u.t.SubmittedApplicationsPageTest - Clicked on 'RadioButtonFA' button.
2025-01-27 14:27:51 [main] DEBUG l.i.u.t.SubmittedApplicationsPageTest - Entered phone number into the input field.
2025-01-27 14:27:51 [main] DEBUG l.i.u.t.SubmittedApplicationsPageTest - Entered eMail into the input field.
2025-01-27 14:27:51 [main] INFO  l.i.u.p.SubmittedApplicationsPage - Located the dropdown button.
2025-01-27 14:28:08 [main] INFO  l.i.u.p.SubmittedApplicationsPage - Found 1741 options in the dropdown.
2025-01-27 14:28:08 [main] INFO  l.i.u.p.SubmittedApplicationsPage - Successfully selected the value: '01.11 - Grūdinių (išskyrus ryžius), ankštinių ir aliejingų sėklų augalų auginimas'
2025-01-27 14:28:18 [main] ERROR l.i.u.p.SubmittedApplicationsPage - Failed to close the dropdown with aria-expanded = 'false'. Attempting manual close.
2025-01-27 14:28:19 [main] INFO  l.i.u.p.SubmittedApplicationsPage - Manual close attempt for the dropdown using body click.
2025-01-27 14:28:19 [main] DEBUG l.i.u.t.SubmittedApplicationsPageTest - Entered Address into the input field.
2025-01-27 14:28:19 [main] DEBUG l.i.u.t.SubmittedApplicationsPageTest - Entered Address into the input field.
2025-01-27 14:28:20 [main] INFO  l.i.u.p.SubmittedApplicationsPage - Located the dropdown button.
2025-01-27 14:28:21 [main] INFO  l.i.u.p.SubmittedApplicationsPage - Successfully selected the value: 'Administratoriai'
2025-01-27 14:28:31 [main] ERROR l.i.u.p.SubmittedApplicationsPage - Timeout while waiting for dropdown to close with aria-expanded = 'false'.
2025-01-27 14:28:31 [main] DEBUG l.i.u.t.SubmittedApplicationsPageTest - Selected the value: 'Administratoriai'
2025-01-27 14:28:31 [main] INFO  l.i.u.p.SubmittedApplicationsPage - Located the dropdown button.
2025-01-27 14:28:32 [main] INFO  l.i.u.p.SubmittedApplicationsPage - Successfully selected the value: 'Kita'
2025-01-27 14:28:42 [main] ERROR l.i.u.p.SubmittedApplicationsPage - Timeout while waiting for dropdown to close with aria-expanded = 'false'.
2025-01-27 14:28:42 [main] DEBUG l.i.u.t.SubmittedApplicationsPageTest - Selected the value: 'Kita'
2025-01-27 14:28:43 [main] DEBUG l.i.u.t.SubmittedApplicationsPageTest - Selected the value: '6 val. per dieną ir 4 d. per savaitę'
2025-01-27 14:28:43 [main] DEBUG l.i.u.t.SubmittedApplicationsPageTest - Entered Address into the input field.
2025-01-27 14:28:53 [main] ERROR l.i.u.t.SubmittedApplicationsPageTest - Test 'testFillNewApplication' failed with error: no such element: Unable to locate element: {"method":"xpath","selector":"//div[contains(@class, 'mat-mdc-form-field-infix')]//common-textarea[@id='common-textarea-2']//textarea[2]"}
  (Session info: chrome=131.0.6778.265)
For documentation on this error, please visit: https://www.selenium.dev/documentation/webdriver/troubleshooting/errors#no-such-element-exception
Build info: version: '4.27.0', revision: 'd6e718d134'
System info: os.name: 'Windows 11', os.arch: 'amd64', os.version: '10.0', java.version: '21.0.3'
Driver info: org.openqa.selenium.chrome.ChromeDriver
Command: [01d380b7e5a1501f265e2ab0b6981580, findElement {value=//div[contains(@class, 'mat-mdc-form-field-infix')]//common-textarea[@id='common-textarea-2']//textarea[2], using=xpath}]
Capabilities {acceptInsecureCerts: false, browserName: chrome, browserVersion: 131.0.6778.265, chrome: {chromedriverVersion: 131.0.6778.264 (2d05e315153..., userDataDir: C:\Users\INGRID~1.ZAD\AppDa...}, fedcm:accounts: true, goog:chromeOptions: {debuggerAddress: localhost:57643}, networkConnectionEnabled: false, pageLoadStrategy: normal, platformName: windows, proxy: Proxy(), se:cdp: ws://localhost:57643/devtoo..., se:cdpVersion: 131.0.6778.265, setWindowRect: true, strictFileInteractability: false, timeouts: {implicit: 0, pageLoad: 300000, script: 30000}, unhandledPromptBehavior: dismiss and notify, webauthn:extension:credBlob: true, webauthn:extension:largeBlob: true, webauthn:extension:minPinLength: true, webauthn:extension:prf: true, webauthn:virtualAuthenticators: true}
Session ID: 01d380b7e5a1501f265e2ab0b6981580
org.openqa.selenium.NoSuchElementException: no such element: Unable to locate element: {"method":"xpath","selector":"//div[contains(@class, 'mat-mdc-form-field-infix')]//common-textarea[@id='common-textarea-2']//textarea[2]"}
  (Session info: chrome=131.0.6778.265)
For documentation on this error, please visit: https://www.selenium.dev/documentation/webdriver/troubleshooting/errors#no-such-element-exception
Build info: version: '4.27.0', revision: 'd6e718d134'
System info: os.name: 'Windows 11', os.arch: 'amd64', os.version: '10.0', java.version: '21.0.3'
Driver info: org.openqa.selenium.chrome.ChromeDriver
Command: [01d380b7e5a1501f265e2ab0b6981580, findElement {value=//div[contains(@class, 'mat-mdc-form-field-infix')]//common-textarea[@id='common-textarea-2']//textarea[2], using=xpath}]
Capabilities {acceptInsecureCerts: false, browserName: chrome, browserVersion: 131.0.6778.265, chrome: {chromedriverVersion: 131.0.6778.264 (2d05e315153..., userDataDir: C:\Users\INGRID~1.ZAD\AppDa...}, fedcm:accounts: true, goog:chromeOptions: {debuggerAddress: localhost:57643}, networkConnectionEnabled: false, pageLoadStrategy: normal, platformName: windows, proxy: Proxy(), se:cdp: ws://localhost:57643/devtoo..., se:cdpVersion: 131.0.6778.265, setWindowRect: true, strictFileInteractability: false, timeouts: {implicit: 0, pageLoad: 300000, script: 30000}, unhandledPromptBehavior: dismiss and notify, webauthn:extension:credBlob: true, webauthn:extension:largeBlob: true, webauthn:extension:minPinLength: true, webauthn:extension:prf: true, webauthn:virtualAuthenticators: true}
Session ID: 01d380b7e5a1501f265e2ab0b6981580
	at java.base/jdk.internal.reflect.DirectConstructorHandleAccessor.newInstance(DirectConstructorHandleAccessor.java:62)
	at java.base/java.lang.reflect.Constructor.newInstanceWithCaller(Constructor.java:502)
	at java.base/java.lang.reflect.Constructor.newInstance(Constructor.java:486)
	at org.openqa.selenium.remote.ErrorCodec.decode(ErrorCodec.java:167)
	at org.openqa.selenium.remote.codec.w3c.W3CHttpResponseCodec.decode(W3CHttpResponseCodec.java:138)
	at org.openqa.selenium.remote.codec.w3c.W3CHttpResponseCodec.decode(W3CHttpResponseCodec.java:50)
	at org.openqa.selenium.remote.HttpCommandExecutor.execute(HttpCommandExecutor.java:190)
	at org.openqa.selenium.remote.service.DriverCommandExecutor.invokeExecute(DriverCommandExecutor.java:216)
	at org.openqa.selenium.remote.service.DriverCommandExecutor.execute(DriverCommandExecutor.java:174)
	at org.openqa.selenium.remote.RemoteWebDriver.execute(RemoteWebDriver.java:545)
	at org.openqa.selenium.remote.ElementLocation$ElementFinder$2.findElement(ElementLocation.java:165)
	at org.openqa.selenium.remote.ElementLocation.findElement(ElementLocation.java:59)
	at org.openqa.selenium.remote.RemoteWebDriver.findElement(RemoteWebDriver.java:368)
	at org.openqa.selenium.remote.RemoteWebDriver.findElement(RemoteWebDriver.java:362)
	at org.openqa.selenium.support.pagefactory.DefaultElementLocator.findElement(DefaultElementLocator.java:68)
	at org.openqa.selenium.support.pagefactory.internal.LocatingElementHandler.invoke(LocatingElementHandler.java:38)
	at jdk.proxy2/jdk.proxy2.$Proxy14.clear(Unknown Source)
	at lt.insoft.uztis.pages.SubmittedApplicationsPage.enterJobDescription(SubmittedApplicationsPage.java:479)
	at lt.insoft.uztis.tests.SubmittedApplicationsPageTest.testFillNewApplication(SubmittedApplicationsPageTest.java:208)
	at java.base/jdk.internal.reflect.DirectMethodHandleAccessor.invoke(DirectMethodHandleAccessor.java:103)
	at java.base/java.lang.reflect.Method.invoke(Method.java:580)
	at org.junit.platform.commons.util.ReflectionUtils.invokeMethod(ReflectionUtils.java:728)
	at org.junit.jupiter.engine.execution.MethodInvocation.proceed(MethodInvocation.java:60)
	at org.junit.jupiter.engine.execution.InvocationInterceptorChain$ValidatingInvocation.proceed(InvocationInterceptorChain.java:131)
	at org.junit.jupiter.engine.extension.TimeoutExtension.intercept(TimeoutExtension.java:156)
	at org.junit.jupiter.engine.extension.TimeoutExtension.interceptTestableMethod(TimeoutExtension.java:147)
	at org.junit.jupiter.engine.extension.TimeoutExtension.interceptTestMethod(TimeoutExtension.java:86)
	at org.junit.jupiter.engine.execution.InterceptingExecutableInvoker$ReflectiveInterceptorCall.lambda$ofVoidMethod$0(InterceptingExecutableInvoker.java:103)
	at org.junit.jupiter.engine.execution.InterceptingExecutableInvoker.lambda$invoke$0(InterceptingExecutableInvoker.java:93)
	at org.junit.jupiter.engine.execution.InvocationInterceptorChain$InterceptedInvocation.proceed(InvocationInterceptorChain.java:106)
	at org.junit.jupiter.engine.execution.InvocationInterceptorChain.proceed(InvocationInterceptorChain.java:64)
	at org.junit.jupiter.engine.execution.InvocationInterceptorChain.chainAndInvoke(InvocationInterceptorChain.java:45)
	at org.junit.jupiter.engine.execution.InvocationInterceptorChain.invoke(InvocationInterceptorChain.java:37)
	at org.junit.jupiter.engine.execution.InterceptingExecutableInvoker.invoke(InterceptingExecutableInvoker.java:92)
	at org.junit.jupiter.engine.execution.InterceptingExecutableInvoker.invoke(InterceptingExecutableInvoker.java:86)
	at org.junit.jupiter.engine.descriptor.TestMethodTestDescriptor.lambda$invokeTestMethod$7(TestMethodTestDescriptor.java:218)
	at org.junit.platform.engine.support.hierarchical.ThrowableCollector.execute(ThrowableCollector.java:73)
	at org.junit.jupiter.engine.descriptor.TestMethodTestDescriptor.invokeTestMethod(TestMethodTestDescriptor.java:214)
	at org.junit.jupiter.engine.descriptor.TestMethodTestDescriptor.execute(TestMethodTestDescriptor.java:139)
	at org.junit.jupiter.engine.descriptor.TestMethodTestDescriptor.execute(TestMethodTestDescriptor.java:69)
	at org.junit.platform.engine.support.hierarchical.NodeTestTask.lambda$executeRecursively$6(NodeTestTask.java:151)
	at org.junit.platform.engine.support.hierarchical.ThrowableCollector.execute(ThrowableCollector.java:73)
	at org.junit.platform.engine.support.hierarchical.NodeTestTask.lambda$executeRecursively$8(NodeTestTask.java:141)
	at org.junit.platform.engine.support.hierarchical.Node.around(Node.java:137)
	at org.junit.platform.engine.support.hierarchical.NodeTestTask.lambda$executeRecursively$9(NodeTestTask.java:139)
	at org.junit.platform.engine.support.hierarchical.ThrowableCollector.execute(ThrowableCollector.java:73)
	at org.junit.platform.engine.support.hierarchical.NodeTestTask.executeRecursively(NodeTestTask.java:138)
	at org.junit.platform.engine.support.hierarchical.NodeTestTask.execute(NodeTestTask.java:95)
	at java.base/java.util.ArrayList.forEach(ArrayList.java:1596)
	at org.junit.platform.engine.support.hierarchical.SameThreadHierarchicalTestExecutorService.invokeAll(SameThreadHierarchicalTestExecutorService.java:41)
	at org.junit.platform.engine.support.hierarchical.NodeTestTask.lambda$executeRecursively$6(NodeTestTask.java:155)
	at org.junit.platform.engine.support.hierarchical.ThrowableCollector.execute(ThrowableCollector.java:73)
	at org.junit.platform.engine.support.hierarchical.NodeTestTask.lambda$executeRecursively$8(NodeTestTask.java:141)
	at org.junit.platform.engine.support.hierarchical.Node.around(Node.java:137)
	at org.junit.platform.engine.support.hierarchical.NodeTestTask.lambda$executeRecursively$9(NodeTestTask.java:139)
	at org.junit.platform.engine.support.hierarchical.ThrowableCollector.execute(ThrowableCollector.java:73)
	at org.junit.platform.engine.support.hierarchical.NodeTestTask.executeRecursively(NodeTestTask.java:138)
	at org.junit.platform.engine.support.hierarchical.NodeTestTask.execute(NodeTestTask.java:95)
	at java.base/java.util.ArrayList.forEach(ArrayList.java:1596)
	at org.junit.platform.engine.support.hierarchical.SameThreadHierarchicalTestExecutorService.invokeAll(SameThreadHierarchicalTestExecutorService.java:41)
	at org.junit.platform.engine.support.hierarchical.NodeTestTask.lambda$executeRecursively$6(NodeTestTask.java:155)
	at org.junit.platform.engine.support.hierarchical.ThrowableCollector.execute(ThrowableCollector.java:73)
	at org.junit.platform.engine.support.hierarchical.NodeTestTask.lambda$executeRecursively$8(NodeTestTask.java:141)
	at org.junit.platform.engine.support.hierarchical.Node.around(Node.java:137)
	at org.junit.platform.engine.support.hierarchical.NodeTestTask.lambda$executeRecursively$9(NodeTestTask.java:139)
	at org.junit.platform.engine.support.hierarchical.ThrowableCollector.execute(ThrowableCollector.java:73)
	at org.junit.platform.engine.support.hierarchical.NodeTestTask.executeRecursively(NodeTestTask.java:138)
	at org.junit.platform.engine.support.hierarchical.NodeTestTask.execute(NodeTestTask.java:95)
	at org.junit.platform.engine.support.hierarchical.SameThreadHierarchicalTestExecutorService.submit(SameThreadHierarchicalTestExecutorService.java:35)
	at org.junit.platform.engine.support.hierarchical.HierarchicalTestExecutor.execute(HierarchicalTestExecutor.java:57)
	at org.junit.platform.engine.support.hierarchical.HierarchicalTestEngine.execute(HierarchicalTestEngine.java:54)
	at org.junit.platform.launcher.core.EngineExecutionOrchestrator.execute(EngineExecutionOrchestrator.java:198)
	at org.junit.platform.launcher.core.EngineExecutionOrchestrator.execute(EngineExecutionOrchestrator.java:169)
	at org.junit.platform.launcher.core.EngineExecutionOrchestrator.execute(EngineExecutionOrchestrator.java:93)
	at org.junit.platform.launcher.core.EngineExecutionOrchestrator.lambda$execute$0(EngineExecutionOrchestrator.java:58)
	at org.junit.platform.launcher.core.EngineExecutionOrchestrator.withInterceptedStreams(EngineExecutionOrchestrator.java:141)
	at org.junit.platform.launcher.core.EngineExecutionOrchestrator.execute(EngineExecutionOrchestrator.java:57)
	at org.junit.platform.launcher.core.DefaultLauncher.execute(DefaultLauncher.java:103)
	at org.junit.platform.launcher.core.DefaultLauncher.execute(DefaultLauncher.java:85)
	at org.junit.platform.launcher.core.DelegatingLauncher.execute(DelegatingLauncher.java:47)
	at org.junit.platform.launcher.core.SessionPerRequestLauncher.execute(SessionPerRequestLauncher.java:63)
	at com.intellij.junit5.JUnit5IdeaTestRunner.startRunnerWithArgs(JUnit5IdeaTestRunner.java:57)
	at com.intellij.rt.junit.IdeaTestRunner$Repeater$1.execute(IdeaTestRunner.java:38)
	at com.intellij.rt.execution.junit.TestsRepeater.repeat(TestsRepeater.java:11)
	at com.intellij.rt.junit.IdeaTestRunner$Repeater.startRunnerWithArgs(IdeaTestRunner.java:35)
	at com.intellij.rt.junit.JUnitStarter.prepareStreamsAndStart(JUnitStarter.java:232)
	at com.intellij.rt.junit.JUnitStarter.main(JUnitStarter.java:55)
2025-01-27 14:28:53 [main] INFO  l.insoft.uztis.tests.utils.TestUtils - Screenshot moved to C:\Users\ingrida.zadorozniene\Desktop\Asm\UZTIS\UZTIS_tests\test-output\screenshots\20250127\142853925_testFillNewApplication().png
2025-01-27 14:32:50 [main] INFO  lt.insoft.uztis.tests.UztisPageTest - Navigated to https://uztisdev.asseco.lt/home
2025-01-27 14:32:50 [main] INFO  l.i.u.t.SubmittedApplicationsPageTest - Starting test:'testFillNewApplication'
2025-01-27 14:32:50 [main] DEBUG l.i.u.t.SubmittedApplicationsPageTest - User logged in with test credentials
2025-01-27 14:32:51 [main] DEBUG l.i.u.t.SubmittedApplicationsPageTest - Opened 'Application Processing' menu.
2025-01-27 14:32:51 [main] DEBUG l.i.u.t.SubmittedApplicationsPageTest - Clicked on 'Application Forms' menu.
2025-01-27 14:32:51 [main] DEBUG l.i.u.t.SubmittedApplicationsPageTest - Retrieved last description code text: 'TST-VUI-67'.
2025-01-27 14:32:51 [main] DEBUG l.i.u.t.SubmittedApplicationsPageTest - Clicked on 'Invitation' menu.
2025-01-27 14:32:52 [main] DEBUG l.i.u.t.SubmittedApplicationsPageTest - Selected application section by code: 'TST-VUI-67'.
2025-01-27 14:32:52 [main] DEBUG l.i.u.t.SubmittedApplicationsPageTest - Clicked 'Search' button.
2025-01-27 14:32:52 [main] DEBUG l.i.u.t.SubmittedApplicationsPageTest - Retrieved invitation code: ''.
2025-01-27 14:32:52 [main] DEBUG l.i.u.t.SubmittedApplicationsPageTest - Clicked on 'Submitted Applications' menu.
2025-01-27 14:32:53 [main] DEBUG l.i.u.t.SubmittedApplicationsPageTest - Selected invitation by code: 'TST-VUI-67'.
2025-01-27 14:32:53 [main] DEBUG l.i.u.t.SubmittedApplicationsPageTest - Clicked on 'Action Application' button.
2025-01-27 14:32:53 [main] DEBUG l.i.u.t.SubmittedApplicationsPageTest - Clicked on 'New Application' button.
2025-01-27 14:32:54 [main] DEBUG l.i.u.t.SubmittedApplicationsPageTest - Clicked on 'RadioButtonFA' button.
2025-01-27 14:32:54 [main] DEBUG l.i.u.t.SubmittedApplicationsPageTest - Entered phone number into the input field.
2025-01-27 14:32:54 [main] DEBUG l.i.u.t.SubmittedApplicationsPageTest - Entered eMail into the input field.
2025-01-27 14:32:54 [main] INFO  l.i.u.p.SubmittedApplicationsPage - Located the dropdown button.
2025-01-27 14:33:14 [main] INFO  l.i.u.p.SubmittedApplicationsPage - Found 1741 options in the dropdown.
2025-01-27 14:33:14 [main] INFO  l.i.u.p.SubmittedApplicationsPage - Successfully selected the value: '01.11 - Grūdinių (išskyrus ryžius), ankštinių ir aliejingų sėklų augalų auginimas'
2025-01-27 14:33:25 [main] ERROR l.i.u.p.SubmittedApplicationsPage - Failed to close the dropdown with aria-expanded = 'false'. Attempting manual close.
2025-01-27 14:33:25 [main] INFO  l.i.u.p.SubmittedApplicationsPage - Manual close attempt for the dropdown using body click.
2025-01-27 14:33:25 [main] DEBUG l.i.u.t.SubmittedApplicationsPageTest - Entered Address into the input field.
2025-01-27 14:33:25 [main] DEBUG l.i.u.t.SubmittedApplicationsPageTest - Entered Address into the input field.
2025-01-27 14:33:26 [main] INFO  l.i.u.p.SubmittedApplicationsPage - Located the dropdown button.
2025-01-27 14:33:27 [main] INFO  l.i.u.p.SubmittedApplicationsPage - Successfully selected the value: 'Administratoriai'
2025-01-27 14:33:37 [main] ERROR l.i.u.p.SubmittedApplicationsPage - Timeout while waiting for dropdown to close with aria-expanded = 'false'.
2025-01-27 14:33:37 [main] DEBUG l.i.u.t.SubmittedApplicationsPageTest - Selected the value: 'Administratoriai'
2025-01-27 14:33:37 [main] INFO  l.i.u.p.SubmittedApplicationsPage - Located the dropdown button.
2025-01-27 14:33:38 [main] INFO  l.i.u.p.SubmittedApplicationsPage - Successfully selected the value: 'Kita'
2025-01-27 14:33:48 [main] ERROR l.i.u.p.SubmittedApplicationsPage - Timeout while waiting for dropdown to close with aria-expanded = 'false'.
2025-01-27 14:33:48 [main] DEBUG l.i.u.t.SubmittedApplicationsPageTest - Selected the value: 'Kita'
2025-01-27 14:33:48 [main] DEBUG l.i.u.t.SubmittedApplicationsPageTest - Selected the value: '6 val. per dieną ir 4 d. per savaitę'
2025-01-27 14:33:49 [main] DEBUG l.i.u.t.SubmittedApplicationsPageTest - Entered Address into the input field.
2025-01-27 14:33:59 [main] ERROR l.i.u.t.SubmittedApplicationsPageTest - Test 'testFillNewApplication' failed with error: no such element: Unable to locate element: {"method":"xpath","selector":"//div[contains(@class, 'mat-mdc-form-field-infix')]//common-textarea//textarea[3]"}
  (Session info: chrome=131.0.6778.265)
For documentation on this error, please visit: https://www.selenium.dev/documentation/webdriver/troubleshooting/errors#no-such-element-exception
Build info: version: '4.27.0', revision: 'd6e718d134'
System info: os.name: 'Windows 11', os.arch: 'amd64', os.version: '10.0', java.version: '21.0.3'
Driver info: org.openqa.selenium.chrome.ChromeDriver
Command: [fdffd8d2616cc3763d8c18285c25aae7, findElement {using=xpath, value=//div[contains(@class, 'mat-mdc-form-field-infix')]//common-textarea//textarea[3]}]
Capabilities {acceptInsecureCerts: false, browserName: chrome, browserVersion: 131.0.6778.265, chrome: {chromedriverVersion: 131.0.6778.264 (2d05e315153..., userDataDir: C:\Users\INGRID~1.ZAD\AppDa...}, fedcm:accounts: true, goog:chromeOptions: {debuggerAddress: localhost:57815}, networkConnectionEnabled: false, pageLoadStrategy: normal, platformName: windows, proxy: Proxy(), se:cdp: ws://localhost:57815/devtoo..., se:cdpVersion: 131.0.6778.265, setWindowRect: true, strictFileInteractability: false, timeouts: {implicit: 0, pageLoad: 300000, script: 30000}, unhandledPromptBehavior: dismiss and notify, webauthn:extension:credBlob: true, webauthn:extension:largeBlob: true, webauthn:extension:minPinLength: true, webauthn:extension:prf: true, webauthn:virtualAuthenticators: true}
Session ID: fdffd8d2616cc3763d8c18285c25aae7
org.openqa.selenium.NoSuchElementException: no such element: Unable to locate element: {"method":"xpath","selector":"//div[contains(@class, 'mat-mdc-form-field-infix')]//common-textarea//textarea[3]"}
  (Session info: chrome=131.0.6778.265)
For documentation on this error, please visit: https://www.selenium.dev/documentation/webdriver/troubleshooting/errors#no-such-element-exception
Build info: version: '4.27.0', revision: 'd6e718d134'
System info: os.name: 'Windows 11', os.arch: 'amd64', os.version: '10.0', java.version: '21.0.3'
Driver info: org.openqa.selenium.chrome.ChromeDriver
Command: [fdffd8d2616cc3763d8c18285c25aae7, findElement {using=xpath, value=//div[contains(@class, 'mat-mdc-form-field-infix')]//common-textarea//textarea[3]}]
Capabilities {acceptInsecureCerts: false, browserName: chrome, browserVersion: 131.0.6778.265, chrome: {chromedriverVersion: 131.0.6778.264 (2d05e315153..., userDataDir: C:\Users\INGRID~1.ZAD\AppDa...}, fedcm:accounts: true, goog:chromeOptions: {debuggerAddress: localhost:57815}, networkConnectionEnabled: false, pageLoadStrategy: normal, platformName: windows, proxy: Proxy(), se:cdp: ws://localhost:57815/devtoo..., se:cdpVersion: 131.0.6778.265, setWindowRect: true, strictFileInteractability: false, timeouts: {implicit: 0, pageLoad: 300000, script: 30000}, unhandledPromptBehavior: dismiss and notify, webauthn:extension:credBlob: true, webauthn:extension:largeBlob: true, webauthn:extension:minPinLength: true, webauthn:extension:prf: true, webauthn:virtualAuthenticators: true}
Session ID: fdffd8d2616cc3763d8c18285c25aae7
	at java.base/jdk.internal.reflect.DirectConstructorHandleAccessor.newInstance(DirectConstructorHandleAccessor.java:62)
	at java.base/java.lang.reflect.Constructor.newInstanceWithCaller(Constructor.java:502)
	at java.base/java.lang.reflect.Constructor.newInstance(Constructor.java:486)
	at org.openqa.selenium.remote.ErrorCodec.decode(ErrorCodec.java:167)
	at org.openqa.selenium.remote.codec.w3c.W3CHttpResponseCodec.decode(W3CHttpResponseCodec.java:138)
	at org.openqa.selenium.remote.codec.w3c.W3CHttpResponseCodec.decode(W3CHttpResponseCodec.java:50)
	at org.openqa.selenium.remote.HttpCommandExecutor.execute(HttpCommandExecutor.java:190)
	at org.openqa.selenium.remote.service.DriverCommandExecutor.invokeExecute(DriverCommandExecutor.java:216)
	at org.openqa.selenium.remote.service.DriverCommandExecutor.execute(DriverCommandExecutor.java:174)
	at org.openqa.selenium.remote.RemoteWebDriver.execute(RemoteWebDriver.java:545)
	at org.openqa.selenium.remote.ElementLocation$ElementFinder$2.findElement(ElementLocation.java:165)
	at org.openqa.selenium.remote.ElementLocation.findElement(ElementLocation.java:59)
	at org.openqa.selenium.remote.RemoteWebDriver.findElement(RemoteWebDriver.java:368)
	at org.openqa.selenium.remote.RemoteWebDriver.findElement(RemoteWebDriver.java:362)
	at org.openqa.selenium.support.pagefactory.DefaultElementLocator.findElement(DefaultElementLocator.java:68)
	at org.openqa.selenium.support.pagefactory.internal.LocatingElementHandler.invoke(LocatingElementHandler.java:38)
	at jdk.proxy2/jdk.proxy2.$Proxy14.clear(Unknown Source)
	at lt.insoft.uztis.pages.SubmittedApplicationsPage.enterJobDescription(SubmittedApplicationsPage.java:481)
	at lt.insoft.uztis.tests.SubmittedApplicationsPageTest.testFillNewApplication(SubmittedApplicationsPageTest.java:208)
	at java.base/jdk.internal.reflect.DirectMethodHandleAccessor.invoke(DirectMethodHandleAccessor.java:103)
	at java.base/java.lang.reflect.Method.invoke(Method.java:580)
	at org.junit.platform.commons.util.ReflectionUtils.invokeMethod(ReflectionUtils.java:728)
	at org.junit.jupiter.engine.execution.MethodInvocation.proceed(MethodInvocation.java:60)
	at org.junit.jupiter.engine.execution.InvocationInterceptorChain$ValidatingInvocation.proceed(InvocationInterceptorChain.java:131)
	at org.junit.jupiter.engine.extension.TimeoutExtension.intercept(TimeoutExtension.java:156)
	at org.junit.jupiter.engine.extension.TimeoutExtension.interceptTestableMethod(TimeoutExtension.java:147)
	at org.junit.jupiter.engine.extension.TimeoutExtension.interceptTestMethod(TimeoutExtension.java:86)
	at org.junit.jupiter.engine.execution.InterceptingExecutableInvoker$ReflectiveInterceptorCall.lambda$ofVoidMethod$0(InterceptingExecutableInvoker.java:103)
	at org.junit.jupiter.engine.execution.InterceptingExecutableInvoker.lambda$invoke$0(InterceptingExecutableInvoker.java:93)
	at org.junit.jupiter.engine.execution.InvocationInterceptorChain$InterceptedInvocation.proceed(InvocationInterceptorChain.java:106)
	at org.junit.jupiter.engine.execution.InvocationInterceptorChain.proceed(InvocationInterceptorChain.java:64)
	at org.junit.jupiter.engine.execution.InvocationInterceptorChain.chainAndInvoke(InvocationInterceptorChain.java:45)
	at org.junit.jupiter.engine.execution.InvocationInterceptorChain.invoke(InvocationInterceptorChain.java:37)
	at org.junit.jupiter.engine.execution.InterceptingExecutableInvoker.invoke(InterceptingExecutableInvoker.java:92)
	at org.junit.jupiter.engine.execution.InterceptingExecutableInvoker.invoke(InterceptingExecutableInvoker.java:86)
	at org.junit.jupiter.engine.descriptor.TestMethodTestDescriptor.lambda$invokeTestMethod$7(TestMethodTestDescriptor.java:218)
	at org.junit.platform.engine.support.hierarchical.ThrowableCollector.execute(ThrowableCollector.java:73)
	at org.junit.jupiter.engine.descriptor.TestMethodTestDescriptor.invokeTestMethod(TestMethodTestDescriptor.java:214)
	at org.junit.jupiter.engine.descriptor.TestMethodTestDescriptor.execute(TestMethodTestDescriptor.java:139)
	at org.junit.jupiter.engine.descriptor.TestMethodTestDescriptor.execute(TestMethodTestDescriptor.java:69)
	at org.junit.platform.engine.support.hierarchical.NodeTestTask.lambda$executeRecursively$6(NodeTestTask.java:151)
	at org.junit.platform.engine.support.hierarchical.ThrowableCollector.execute(ThrowableCollector.java:73)
	at org.junit.platform.engine.support.hierarchical.NodeTestTask.lambda$executeRecursively$8(NodeTestTask.java:141)
	at org.junit.platform.engine.support.hierarchical.Node.around(Node.java:137)
	at org.junit.platform.engine.support.hierarchical.NodeTestTask.lambda$executeRecursively$9(NodeTestTask.java:139)
	at org.junit.platform.engine.support.hierarchical.ThrowableCollector.execute(ThrowableCollector.java:73)
	at org.junit.platform.engine.support.hierarchical.NodeTestTask.executeRecursively(NodeTestTask.java:138)
	at org.junit.platform.engine.support.hierarchical.NodeTestTask.execute(NodeTestTask.java:95)
	at java.base/java.util.ArrayList.forEach(ArrayList.java:1596)
	at org.junit.platform.engine.support.hierarchical.SameThreadHierarchicalTestExecutorService.invokeAll(SameThreadHierarchicalTestExecutorService.java:41)
	at org.junit.platform.engine.support.hierarchical.NodeTestTask.lambda$executeRecursively$6(NodeTestTask.java:155)
	at org.junit.platform.engine.support.hierarchical.ThrowableCollector.execute(ThrowableCollector.java:73)
	at org.junit.platform.engine.support.hierarchical.NodeTestTask.lambda$executeRecursively$8(NodeTestTask.java:141)
	at org.junit.platform.engine.support.hierarchical.Node.around(Node.java:137)
	at org.junit.platform.engine.support.hierarchical.NodeTestTask.lambda$executeRecursively$9(NodeTestTask.java:139)
	at org.junit.platform.engine.support.hierarchical.ThrowableCollector.execute(ThrowableCollector.java:73)
	at org.junit.platform.engine.support.hierarchical.NodeTestTask.executeRecursively(NodeTestTask.java:138)
	at org.junit.platform.engine.support.hierarchical.NodeTestTask.execute(NodeTestTask.java:95)
	at java.base/java.util.ArrayList.forEach(ArrayList.java:1596)
	at org.junit.platform.engine.support.hierarchical.SameThreadHierarchicalTestExecutorService.invokeAll(SameThreadHierarchicalTestExecutorService.java:41)
	at org.junit.platform.engine.support.hierarchical.NodeTestTask.lambda$executeRecursively$6(NodeTestTask.java:155)
	at org.junit.platform.engine.support.hierarchical.ThrowableCollector.execute(ThrowableCollector.java:73)
	at org.junit.platform.engine.support.hierarchical.NodeTestTask.lambda$executeRecursively$8(NodeTestTask.java:141)
	at org.junit.platform.engine.support.hierarchical.Node.around(Node.java:137)
	at org.junit.platform.engine.support.hierarchical.NodeTestTask.lambda$executeRecursively$9(NodeTestTask.java:139)
	at org.junit.platform.engine.support.hierarchical.ThrowableCollector.execute(ThrowableCollector.java:73)
	at org.junit.platform.engine.support.hierarchical.NodeTestTask.executeRecursively(NodeTestTask.java:138)
	at org.junit.platform.engine.support.hierarchical.NodeTestTask.execute(NodeTestTask.java:95)
	at org.junit.platform.engine.support.hierarchical.SameThreadHierarchicalTestExecutorService.submit(SameThreadHierarchicalTestExecutorService.java:35)
	at org.junit.platform.engine.support.hierarchical.HierarchicalTestExecutor.execute(HierarchicalTestExecutor.java:57)
	at org.junit.platform.engine.support.hierarchical.HierarchicalTestEngine.execute(HierarchicalTestEngine.java:54)
	at org.junit.platform.launcher.core.EngineExecutionOrchestrator.execute(EngineExecutionOrchestrator.java:198)
	at org.junit.platform.launcher.core.EngineExecutionOrchestrator.execute(EngineExecutionOrchestrator.java:169)
	at org.junit.platform.launcher.core.EngineExecutionOrchestrator.execute(EngineExecutionOrchestrator.java:93)
	at org.junit.platform.launcher.core.EngineExecutionOrchestrator.lambda$execute$0(EngineExecutionOrchestrator.java:58)
	at org.junit.platform.launcher.core.EngineExecutionOrchestrator.withInterceptedStreams(EngineExecutionOrchestrator.java:141)
	at org.junit.platform.launcher.core.EngineExecutionOrchestrator.execute(EngineExecutionOrchestrator.java:57)
	at org.junit.platform.launcher.core.DefaultLauncher.execute(DefaultLauncher.java:103)
	at org.junit.platform.launcher.core.DefaultLauncher.execute(DefaultLauncher.java:85)
	at org.junit.platform.launcher.core.DelegatingLauncher.execute(DelegatingLauncher.java:47)
	at org.junit.platform.launcher.core.SessionPerRequestLauncher.execute(SessionPerRequestLauncher.java:63)
	at com.intellij.junit5.JUnit5IdeaTestRunner.startRunnerWithArgs(JUnit5IdeaTestRunner.java:57)
	at com.intellij.rt.junit.IdeaTestRunner$Repeater$1.execute(IdeaTestRunner.java:38)
	at com.intellij.rt.execution.junit.TestsRepeater.repeat(TestsRepeater.java:11)
	at com.intellij.rt.junit.IdeaTestRunner$Repeater.startRunnerWithArgs(IdeaTestRunner.java:35)
	at com.intellij.rt.junit.JUnitStarter.prepareStreamsAndStart(JUnitStarter.java:232)
	at com.intellij.rt.junit.JUnitStarter.main(JUnitStarter.java:55)
2025-01-27 14:33:59 [main] INFO  l.insoft.uztis.tests.utils.TestUtils - Screenshot moved to C:\Users\ingrida.zadorozniene\Desktop\Asm\UZTIS\UZTIS_tests\test-output\screenshots\20250127\143359831_testFillNewApplication().png
2025-01-27 14:46:53 [main] INFO  lt.insoft.uztis.tests.UztisPageTest - Navigated to https://uztisdev.asseco.lt/home
2025-01-27 14:46:53 [main] INFO  l.i.u.t.SubmittedApplicationsPageTest - Starting test:'testFillNewApplication'
2025-01-27 14:46:54 [main] DEBUG l.i.u.t.SubmittedApplicationsPageTest - User logged in with test credentials
2025-01-27 14:46:54 [main] DEBUG l.i.u.t.SubmittedApplicationsPageTest - Opened 'Application Processing' menu.
2025-01-27 14:46:54 [main] DEBUG l.i.u.t.SubmittedApplicationsPageTest - Clicked on 'Application Forms' menu.
2025-01-27 14:46:55 [main] DEBUG l.i.u.t.SubmittedApplicationsPageTest - Retrieved last description code text: 'TST-VUI-67'.
2025-01-27 14:46:55 [main] DEBUG l.i.u.t.SubmittedApplicationsPageTest - Clicked on 'Invitation' menu.
2025-01-27 14:46:55 [main] DEBUG l.i.u.t.SubmittedApplicationsPageTest - Selected application section by code: 'TST-VUI-67'.
2025-01-27 14:46:56 [main] DEBUG l.i.u.t.SubmittedApplicationsPageTest - Clicked 'Search' button.
2025-01-27 14:46:56 [main] DEBUG l.i.u.t.SubmittedApplicationsPageTest - Retrieved invitation code: ''.
2025-01-27 14:46:56 [main] DEBUG l.i.u.t.SubmittedApplicationsPageTest - Clicked on 'Submitted Applications' menu.
2025-01-27 14:46:57 [main] DEBUG l.i.u.t.SubmittedApplicationsPageTest - Selected invitation by code: 'TST-VUI-67'.
2025-01-27 14:46:57 [main] DEBUG l.i.u.t.SubmittedApplicationsPageTest - Clicked on 'Action Application' button.
2025-01-27 14:46:57 [main] DEBUG l.i.u.t.SubmittedApplicationsPageTest - Clicked on 'New Application' button.
2025-01-27 14:46:58 [main] DEBUG l.i.u.t.SubmittedApplicationsPageTest - Clicked on 'RadioButtonFA' button.
2025-01-27 14:46:58 [main] DEBUG l.i.u.t.SubmittedApplicationsPageTest - Entered phone number into the input field.
2025-01-27 14:46:58 [main] DEBUG l.i.u.t.SubmittedApplicationsPageTest - Entered eMail into the input field.
2025-01-27 14:46:58 [main] INFO  l.i.u.p.SubmittedApplicationsPage - Located the dropdown button.
2025-01-27 14:47:18 [main] INFO  l.i.u.p.SubmittedApplicationsPage - Found 1741 options in the dropdown.
2025-01-27 14:47:19 [main] INFO  l.i.u.p.SubmittedApplicationsPage - Successfully selected the value: '01.11 - Grūdinių (išskyrus ryžius), ankštinių ir aliejingų sėklų augalų auginimas'
2025-01-27 14:47:29 [main] ERROR l.i.u.p.SubmittedApplicationsPage - Failed to close the dropdown with aria-expanded = 'false'. Attempting manual close.
2025-01-27 14:47:29 [main] INFO  l.i.u.p.SubmittedApplicationsPage - Manual close attempt for the dropdown using body click.
2025-01-27 14:47:29 [main] DEBUG l.i.u.t.SubmittedApplicationsPageTest - Entered Address into the input field.
2025-01-27 14:47:30 [main] DEBUG l.i.u.t.SubmittedApplicationsPageTest - Entered Address into the input field.
2025-01-27 14:47:30 [main] INFO  l.i.u.p.SubmittedApplicationsPage - Located the dropdown button.
2025-01-27 14:47:31 [main] INFO  l.i.u.p.SubmittedApplicationsPage - Successfully selected the value: 'Administratoriai'
2025-01-27 14:47:41 [main] ERROR l.i.u.p.SubmittedApplicationsPage - Timeout while waiting for dropdown to close with aria-expanded = 'false'.
2025-01-27 14:47:41 [main] DEBUG l.i.u.t.SubmittedApplicationsPageTest - Selected the value: 'Administratoriai'
2025-01-27 14:47:42 [main] INFO  l.i.u.p.SubmittedApplicationsPage - Located the dropdown button.
2025-01-27 14:47:42 [main] INFO  l.i.u.p.SubmittedApplicationsPage - Successfully selected the value: 'Kita'
2025-01-27 14:47:53 [main] ERROR l.i.u.p.SubmittedApplicationsPage - Timeout while waiting for dropdown to close with aria-expanded = 'false'.
2025-01-27 14:47:53 [main] DEBUG l.i.u.t.SubmittedApplicationsPageTest - Selected the value: 'Kita'
2025-01-27 14:47:53 [main] DEBUG l.i.u.t.SubmittedApplicationsPageTest - Selected the value: '6 val. per dieną ir 4 d. per savaitę'
2025-01-27 14:47:53 [main] DEBUG l.i.u.t.SubmittedApplicationsPageTest - Entered Address into the input field.
2025-01-27 14:48:04 [main] ERROR l.i.u.t.SubmittedApplicationsPageTest - Test 'testFillNewApplication' failed with error: no such element: Unable to locate element: {"method":"xpath","selector":"//div[contains(@class, 'mat-mdc-form-field-infix')]//common-textarea//textarea[3]"}
  (Session info: chrome=131.0.6778.265)
For documentation on this error, please visit: https://www.selenium.dev/documentation/webdriver/troubleshooting/errors#no-such-element-exception
Build info: version: '4.27.0', revision: 'd6e718d134'
System info: os.name: 'Windows 11', os.arch: 'amd64', os.version: '10.0', java.version: '21.0.3'
Driver info: org.openqa.selenium.chrome.ChromeDriver
Command: [b3cc696c5e18f84cb15d692ab17631a3, findElement {value=//div[contains(@class, 'mat-mdc-form-field-infix')]//common-textarea//textarea[3], using=xpath}]
Capabilities {acceptInsecureCerts: false, browserName: chrome, browserVersion: 131.0.6778.265, chrome: {chromedriverVersion: 131.0.6778.264 (2d05e315153..., userDataDir: C:\Users\INGRID~1.ZAD\AppDa...}, fedcm:accounts: true, goog:chromeOptions: {debuggerAddress: localhost:58243}, networkConnectionEnabled: false, pageLoadStrategy: normal, platformName: windows, proxy: Proxy(), se:cdp: ws://localhost:58243/devtoo..., se:cdpVersion: 131.0.6778.265, setWindowRect: true, strictFileInteractability: false, timeouts: {implicit: 0, pageLoad: 300000, script: 30000}, unhandledPromptBehavior: dismiss and notify, webauthn:extension:credBlob: true, webauthn:extension:largeBlob: true, webauthn:extension:minPinLength: true, webauthn:extension:prf: true, webauthn:virtualAuthenticators: true}
Session ID: b3cc696c5e18f84cb15d692ab17631a3
org.openqa.selenium.NoSuchElementException: no such element: Unable to locate element: {"method":"xpath","selector":"//div[contains(@class, 'mat-mdc-form-field-infix')]//common-textarea//textarea[3]"}
  (Session info: chrome=131.0.6778.265)
For documentation on this error, please visit: https://www.selenium.dev/documentation/webdriver/troubleshooting/errors#no-such-element-exception
Build info: version: '4.27.0', revision: 'd6e718d134'
System info: os.name: 'Windows 11', os.arch: 'amd64', os.version: '10.0', java.version: '21.0.3'
Driver info: org.openqa.selenium.chrome.ChromeDriver
Command: [b3cc696c5e18f84cb15d692ab17631a3, findElement {value=//div[contains(@class, 'mat-mdc-form-field-infix')]//common-textarea//textarea[3], using=xpath}]
Capabilities {acceptInsecureCerts: false, browserName: chrome, browserVersion: 131.0.6778.265, chrome: {chromedriverVersion: 131.0.6778.264 (2d05e315153..., userDataDir: C:\Users\INGRID~1.ZAD\AppDa...}, fedcm:accounts: true, goog:chromeOptions: {debuggerAddress: localhost:58243}, networkConnectionEnabled: false, pageLoadStrategy: normal, platformName: windows, proxy: Proxy(), se:cdp: ws://localhost:58243/devtoo..., se:cdpVersion: 131.0.6778.265, setWindowRect: true, strictFileInteractability: false, timeouts: {implicit: 0, pageLoad: 300000, script: 30000}, unhandledPromptBehavior: dismiss and notify, webauthn:extension:credBlob: true, webauthn:extension:largeBlob: true, webauthn:extension:minPinLength: true, webauthn:extension:prf: true, webauthn:virtualAuthenticators: true}
Session ID: b3cc696c5e18f84cb15d692ab17631a3
	at java.base/jdk.internal.reflect.DirectConstructorHandleAccessor.newInstance(DirectConstructorHandleAccessor.java:62)
	at java.base/java.lang.reflect.Constructor.newInstanceWithCaller(Constructor.java:502)
	at java.base/java.lang.reflect.Constructor.newInstance(Constructor.java:486)
	at org.openqa.selenium.remote.ErrorCodec.decode(ErrorCodec.java:167)
	at org.openqa.selenium.remote.codec.w3c.W3CHttpResponseCodec.decode(W3CHttpResponseCodec.java:138)
	at org.openqa.selenium.remote.codec.w3c.W3CHttpResponseCodec.decode(W3CHttpResponseCodec.java:50)
	at org.openqa.selenium.remote.HttpCommandExecutor.execute(HttpCommandExecutor.java:190)
	at org.openqa.selenium.remote.service.DriverCommandExecutor.invokeExecute(DriverCommandExecutor.java:216)
	at org.openqa.selenium.remote.service.DriverCommandExecutor.execute(DriverCommandExecutor.java:174)
	at org.openqa.selenium.remote.RemoteWebDriver.execute(RemoteWebDriver.java:545)
	at org.openqa.selenium.remote.ElementLocation$ElementFinder$2.findElement(ElementLocation.java:165)
	at org.openqa.selenium.remote.ElementLocation.findElement(ElementLocation.java:59)
	at org.openqa.selenium.remote.RemoteWebDriver.findElement(RemoteWebDriver.java:368)
	at org.openqa.selenium.remote.RemoteWebDriver.findElement(RemoteWebDriver.java:362)
	at org.openqa.selenium.support.pagefactory.DefaultElementLocator.findElement(DefaultElementLocator.java:68)
	at org.openqa.selenium.support.pagefactory.internal.LocatingElementHandler.invoke(LocatingElementHandler.java:38)
	at jdk.proxy2/jdk.proxy2.$Proxy14.clear(Unknown Source)
	at lt.insoft.uztis.pages.SubmittedApplicationsPage.enterJobDescription(SubmittedApplicationsPage.java:483)
	at lt.insoft.uztis.tests.SubmittedApplicationsPageTest.testFillNewApplication(SubmittedApplicationsPageTest.java:208)
	at java.base/jdk.internal.reflect.DirectMethodHandleAccessor.invoke(DirectMethodHandleAccessor.java:103)
	at java.base/java.lang.reflect.Method.invoke(Method.java:580)
	at org.junit.platform.commons.util.ReflectionUtils.invokeMethod(ReflectionUtils.java:728)
	at org.junit.jupiter.engine.execution.MethodInvocation.proceed(MethodInvocation.java:60)
	at org.junit.jupiter.engine.execution.InvocationInterceptorChain$ValidatingInvocation.proceed(InvocationInterceptorChain.java:131)
	at org.junit.jupiter.engine.extension.TimeoutExtension.intercept(TimeoutExtension.java:156)
	at org.junit.jupiter.engine.extension.TimeoutExtension.interceptTestableMethod(TimeoutExtension.java:147)
	at org.junit.jupiter.engine.extension.TimeoutExtension.interceptTestMethod(TimeoutExtension.java:86)
	at org.junit.jupiter.engine.execution.InterceptingExecutableInvoker$ReflectiveInterceptorCall.lambda$ofVoidMethod$0(InterceptingExecutableInvoker.java:103)
	at org.junit.jupiter.engine.execution.InterceptingExecutableInvoker.lambda$invoke$0(InterceptingExecutableInvoker.java:93)
	at org.junit.jupiter.engine.execution.InvocationInterceptorChain$InterceptedInvocation.proceed(InvocationInterceptorChain.java:106)
	at org.junit.jupiter.engine.execution.InvocationInterceptorChain.proceed(InvocationInterceptorChain.java:64)
	at org.junit.jupiter.engine.execution.InvocationInterceptorChain.chainAndInvoke(InvocationInterceptorChain.java:45)
	at org.junit.jupiter.engine.execution.InvocationInterceptorChain.invoke(InvocationInterceptorChain.java:37)
	at org.junit.jupiter.engine.execution.InterceptingExecutableInvoker.invoke(InterceptingExecutableInvoker.java:92)
	at org.junit.jupiter.engine.execution.InterceptingExecutableInvoker.invoke(InterceptingExecutableInvoker.java:86)
	at org.junit.jupiter.engine.descriptor.TestMethodTestDescriptor.lambda$invokeTestMethod$7(TestMethodTestDescriptor.java:218)
	at org.junit.platform.engine.support.hierarchical.ThrowableCollector.execute(ThrowableCollector.java:73)
	at org.junit.jupiter.engine.descriptor.TestMethodTestDescriptor.invokeTestMethod(TestMethodTestDescriptor.java:214)
	at org.junit.jupiter.engine.descriptor.TestMethodTestDescriptor.execute(TestMethodTestDescriptor.java:139)
	at org.junit.jupiter.engine.descriptor.TestMethodTestDescriptor.execute(TestMethodTestDescriptor.java:69)
	at org.junit.platform.engine.support.hierarchical.NodeTestTask.lambda$executeRecursively$6(NodeTestTask.java:151)
	at org.junit.platform.engine.support.hierarchical.ThrowableCollector.execute(ThrowableCollector.java:73)
	at org.junit.platform.engine.support.hierarchical.NodeTestTask.lambda$executeRecursively$8(NodeTestTask.java:141)
	at org.junit.platform.engine.support.hierarchical.Node.around(Node.java:137)
	at org.junit.platform.engine.support.hierarchical.NodeTestTask.lambda$executeRecursively$9(NodeTestTask.java:139)
	at org.junit.platform.engine.support.hierarchical.ThrowableCollector.execute(ThrowableCollector.java:73)
	at org.junit.platform.engine.support.hierarchical.NodeTestTask.executeRecursively(NodeTestTask.java:138)
	at org.junit.platform.engine.support.hierarchical.NodeTestTask.execute(NodeTestTask.java:95)
	at java.base/java.util.ArrayList.forEach(ArrayList.java:1596)
	at org.junit.platform.engine.support.hierarchical.SameThreadHierarchicalTestExecutorService.invokeAll(SameThreadHierarchicalTestExecutorService.java:41)
	at org.junit.platform.engine.support.hierarchical.NodeTestTask.lambda$executeRecursively$6(NodeTestTask.java:155)
	at org.junit.platform.engine.support.hierarchical.ThrowableCollector.execute(ThrowableCollector.java:73)
	at org.junit.platform.engine.support.hierarchical.NodeTestTask.lambda$executeRecursively$8(NodeTestTask.java:141)
	at org.junit.platform.engine.support.hierarchical.Node.around(Node.java:137)
	at org.junit.platform.engine.support.hierarchical.NodeTestTask.lambda$executeRecursively$9(NodeTestTask.java:139)
	at org.junit.platform.engine.support.hierarchical.ThrowableCollector.execute(ThrowableCollector.java:73)
	at org.junit.platform.engine.support.hierarchical.NodeTestTask.executeRecursively(NodeTestTask.java:138)
	at org.junit.platform.engine.support.hierarchical.NodeTestTask.execute(NodeTestTask.java:95)
	at java.base/java.util.ArrayList.forEach(ArrayList.java:1596)
	at org.junit.platform.engine.support.hierarchical.SameThreadHierarchicalTestExecutorService.invokeAll(SameThreadHierarchicalTestExecutorService.java:41)
	at org.junit.platform.engine.support.hierarchical.NodeTestTask.lambda$executeRecursively$6(NodeTestTask.java:155)
	at org.junit.platform.engine.support.hierarchical.ThrowableCollector.execute(ThrowableCollector.java:73)
	at org.junit.platform.engine.support.hierarchical.NodeTestTask.lambda$executeRecursively$8(NodeTestTask.java:141)
	at org.junit.platform.engine.support.hierarchical.Node.around(Node.java:137)
	at org.junit.platform.engine.support.hierarchical.NodeTestTask.lambda$executeRecursively$9(NodeTestTask.java:139)
	at org.junit.platform.engine.support.hierarchical.ThrowableCollector.execute(ThrowableCollector.java:73)
	at org.junit.platform.engine.support.hierarchical.NodeTestTask.executeRecursively(NodeTestTask.java:138)
	at org.junit.platform.engine.support.hierarchical.NodeTestTask.execute(NodeTestTask.java:95)
	at org.junit.platform.engine.support.hierarchical.SameThreadHierarchicalTestExecutorService.submit(SameThreadHierarchicalTestExecutorService.java:35)
	at org.junit.platform.engine.support.hierarchical.HierarchicalTestExecutor.execute(HierarchicalTestExecutor.java:57)
	at org.junit.platform.engine.support.hierarchical.HierarchicalTestEngine.execute(HierarchicalTestEngine.java:54)
	at org.junit.platform.launcher.core.EngineExecutionOrchestrator.execute(EngineExecutionOrchestrator.java:198)
	at org.junit.platform.launcher.core.EngineExecutionOrchestrator.execute(EngineExecutionOrchestrator.java:169)
	at org.junit.platform.launcher.core.EngineExecutionOrchestrator.execute(EngineExecutionOrchestrator.java:93)
	at org.junit.platform.launcher.core.EngineExecutionOrchestrator.lambda$execute$0(EngineExecutionOrchestrator.java:58)
	at org.junit.platform.launcher.core.EngineExecutionOrchestrator.withInterceptedStreams(EngineExecutionOrchestrator.java:141)
	at org.junit.platform.launcher.core.EngineExecutionOrchestrator.execute(EngineExecutionOrchestrator.java:57)
	at org.junit.platform.launcher.core.DefaultLauncher.execute(DefaultLauncher.java:103)
	at org.junit.platform.launcher.core.DefaultLauncher.execute(DefaultLauncher.java:85)
	at org.junit.platform.launcher.core.DelegatingLauncher.execute(DelegatingLauncher.java:47)
	at org.junit.platform.launcher.core.SessionPerRequestLauncher.execute(SessionPerRequestLauncher.java:63)
	at com.intellij.junit5.JUnit5IdeaTestRunner.startRunnerWithArgs(JUnit5IdeaTestRunner.java:57)
	at com.intellij.rt.junit.IdeaTestRunner$Repeater$1.execute(IdeaTestRunner.java:38)
	at com.intellij.rt.execution.junit.TestsRepeater.repeat(TestsRepeater.java:11)
	at com.intellij.rt.junit.IdeaTestRunner$Repeater.startRunnerWithArgs(IdeaTestRunner.java:35)
	at com.intellij.rt.junit.JUnitStarter.prepareStreamsAndStart(JUnitStarter.java:232)
	at com.intellij.rt.junit.JUnitStarter.main(JUnitStarter.java:55)
2025-01-27 14:48:04 [main] INFO  l.insoft.uztis.tests.utils.TestUtils - Screenshot moved to C:\Users\ingrida.zadorozniene\Desktop\Asm\UZTIS\UZTIS_tests\test-output\screenshots\20250127\144804290_testFillNewApplication().png
2025-01-27 14:51:52 [main] INFO  lt.insoft.uztis.tests.UztisPageTest - Navigated to https://uztisdev.asseco.lt/home
2025-01-27 14:51:52 [main] INFO  l.i.u.t.SubmittedApplicationsPageTest - Starting test:'testFillNewApplication'
2025-01-27 14:51:53 [main] DEBUG l.i.u.t.SubmittedApplicationsPageTest - User logged in with test credentials
2025-01-27 14:51:53 [main] DEBUG l.i.u.t.SubmittedApplicationsPageTest - Opened 'Application Processing' menu.
2025-01-27 14:51:53 [main] DEBUG l.i.u.t.SubmittedApplicationsPageTest - Clicked on 'Application Forms' menu.
2025-01-27 14:51:54 [main] DEBUG l.i.u.t.SubmittedApplicationsPageTest - Retrieved last description code text: 'TST-VUI-67'.
2025-01-27 14:51:54 [main] DEBUG l.i.u.t.SubmittedApplicationsPageTest - Clicked on 'Invitation' menu.
2025-01-27 14:51:55 [main] DEBUG l.i.u.t.SubmittedApplicationsPageTest - Selected application section by code: 'TST-VUI-67'.
2025-01-27 14:51:55 [main] DEBUG l.i.u.t.SubmittedApplicationsPageTest - Clicked 'Search' button.
2025-01-27 14:51:55 [main] DEBUG l.i.u.t.SubmittedApplicationsPageTest - Retrieved invitation code: ''.
2025-01-27 14:51:55 [main] DEBUG l.i.u.t.SubmittedApplicationsPageTest - Clicked on 'Submitted Applications' menu.
2025-01-27 14:51:56 [main] DEBUG l.i.u.t.SubmittedApplicationsPageTest - Selected invitation by code: 'TST-VUI-67'.
2025-01-27 14:51:56 [main] DEBUG l.i.u.t.SubmittedApplicationsPageTest - Clicked on 'Action Application' button.
2025-01-27 14:51:56 [main] DEBUG l.i.u.t.SubmittedApplicationsPageTest - Clicked on 'New Application' button.
2025-01-27 14:51:57 [main] DEBUG l.i.u.t.SubmittedApplicationsPageTest - Clicked on 'RadioButtonFA' button.
2025-01-27 14:51:57 [main] DEBUG l.i.u.t.SubmittedApplicationsPageTest - Entered phone number into the input field.
2025-01-27 14:51:57 [main] DEBUG l.i.u.t.SubmittedApplicationsPageTest - Entered eMail into the input field.
2025-01-27 14:51:57 [main] INFO  l.i.u.p.SubmittedApplicationsPage - Located the dropdown button.
2025-01-27 14:52:15 [main] INFO  l.i.u.p.SubmittedApplicationsPage - Found 1741 options in the dropdown.
2025-01-27 14:52:15 [main] INFO  l.i.u.p.SubmittedApplicationsPage - Successfully selected the value: '01.11 - Grūdinių (išskyrus ryžius), ankštinių ir aliejingų sėklų augalų auginimas'
2025-01-27 14:52:26 [main] ERROR l.i.u.p.SubmittedApplicationsPage - Failed to close the dropdown with aria-expanded = 'false'. Attempting manual close.
2025-01-27 14:52:26 [main] INFO  l.i.u.p.SubmittedApplicationsPage - Manual close attempt for the dropdown using body click.
2025-01-27 14:52:26 [main] DEBUG l.i.u.t.SubmittedApplicationsPageTest - Entered Address into the input field.
2025-01-27 14:52:26 [main] DEBUG l.i.u.t.SubmittedApplicationsPageTest - Entered Address into the input field.
2025-01-27 14:52:27 [main] INFO  l.i.u.p.SubmittedApplicationsPage - Located the dropdown button.
2025-01-27 14:52:28 [main] INFO  l.i.u.p.SubmittedApplicationsPage - Successfully selected the value: 'Administratoriai'
2025-01-27 14:52:38 [main] ERROR l.i.u.p.SubmittedApplicationsPage - Timeout while waiting for dropdown to close with aria-expanded = 'false'.
2025-01-27 14:52:38 [main] DEBUG l.i.u.t.SubmittedApplicationsPageTest - Selected the value: 'Administratoriai'
2025-01-27 14:52:39 [main] INFO  l.i.u.p.SubmittedApplicationsPage - Located the dropdown button.
2025-01-27 14:52:39 [main] INFO  l.i.u.p.SubmittedApplicationsPage - Successfully selected the value: 'Kita'
2025-01-27 14:52:50 [main] ERROR l.i.u.p.SubmittedApplicationsPage - Timeout while waiting for dropdown to close with aria-expanded = 'false'.
2025-01-27 14:52:50 [main] DEBUG l.i.u.t.SubmittedApplicationsPageTest - Selected the value: 'Kita'
2025-01-27 14:52:50 [main] DEBUG l.i.u.t.SubmittedApplicationsPageTest - Selected the value: '6 val. per dieną ir 4 d. per savaitę'
2025-01-27 14:52:50 [main] DEBUG l.i.u.t.SubmittedApplicationsPageTest - Entered Address into the input field.
2025-01-27 14:53:00 [main] ERROR l.i.u.t.SubmittedApplicationsPageTest - Test 'testFillNewApplication' failed with error: no such element: Unable to locate element: {"method":"xpath","selector":"//div[contains(@class, 'mat-mdc-form-field-infix')]//common-textarea//textarea[3]"}
  (Session info: chrome=131.0.6778.265)
For documentation on this error, please visit: https://www.selenium.dev/documentation/webdriver/troubleshooting/errors#no-such-element-exception
Build info: version: '4.27.0', revision: 'd6e718d134'
System info: os.name: 'Windows 11', os.arch: 'amd64', os.version: '10.0', java.version: '21.0.3'
Driver info: org.openqa.selenium.chrome.ChromeDriver
Command: [65e04cba9e532b0195829876271f0f81, findElement {value=//div[contains(@class, 'mat-mdc-form-field-infix')]//common-textarea//textarea[3], using=xpath}]
Capabilities {acceptInsecureCerts: false, browserName: chrome, browserVersion: 131.0.6778.265, chrome: {chromedriverVersion: 131.0.6778.264 (2d05e315153..., userDataDir: C:\Users\INGRID~1.ZAD\AppDa...}, fedcm:accounts: true, goog:chromeOptions: {debuggerAddress: localhost:58425}, networkConnectionEnabled: false, pageLoadStrategy: normal, platformName: windows, proxy: Proxy(), se:cdp: ws://localhost:58425/devtoo..., se:cdpVersion: 131.0.6778.265, setWindowRect: true, strictFileInteractability: false, timeouts: {implicit: 0, pageLoad: 300000, script: 30000}, unhandledPromptBehavior: dismiss and notify, webauthn:extension:credBlob: true, webauthn:extension:largeBlob: true, webauthn:extension:minPinLength: true, webauthn:extension:prf: true, webauthn:virtualAuthenticators: true}
Session ID: 65e04cba9e532b0195829876271f0f81
org.openqa.selenium.NoSuchElementException: no such element: Unable to locate element: {"method":"xpath","selector":"//div[contains(@class, 'mat-mdc-form-field-infix')]//common-textarea//textarea[3]"}
  (Session info: chrome=131.0.6778.265)
For documentation on this error, please visit: https://www.selenium.dev/documentation/webdriver/troubleshooting/errors#no-such-element-exception
Build info: version: '4.27.0', revision: 'd6e718d134'
System info: os.name: 'Windows 11', os.arch: 'amd64', os.version: '10.0', java.version: '21.0.3'
Driver info: org.openqa.selenium.chrome.ChromeDriver
Command: [65e04cba9e532b0195829876271f0f81, findElement {value=//div[contains(@class, 'mat-mdc-form-field-infix')]//common-textarea//textarea[3], using=xpath}]
Capabilities {acceptInsecureCerts: false, browserName: chrome, browserVersion: 131.0.6778.265, chrome: {chromedriverVersion: 131.0.6778.264 (2d05e315153..., userDataDir: C:\Users\INGRID~1.ZAD\AppDa...}, fedcm:accounts: true, goog:chromeOptions: {debuggerAddress: localhost:58425}, networkConnectionEnabled: false, pageLoadStrategy: normal, platformName: windows, proxy: Proxy(), se:cdp: ws://localhost:58425/devtoo..., se:cdpVersion: 131.0.6778.265, setWindowRect: true, strictFileInteractability: false, timeouts: {implicit: 0, pageLoad: 300000, script: 30000}, unhandledPromptBehavior: dismiss and notify, webauthn:extension:credBlob: true, webauthn:extension:largeBlob: true, webauthn:extension:minPinLength: true, webauthn:extension:prf: true, webauthn:virtualAuthenticators: true}
Session ID: 65e04cba9e532b0195829876271f0f81
	at java.base/jdk.internal.reflect.DirectConstructorHandleAccessor.newInstance(DirectConstructorHandleAccessor.java:62)
	at java.base/java.lang.reflect.Constructor.newInstanceWithCaller(Constructor.java:502)
	at java.base/java.lang.reflect.Constructor.newInstance(Constructor.java:486)
	at org.openqa.selenium.remote.ErrorCodec.decode(ErrorCodec.java:167)
	at org.openqa.selenium.remote.codec.w3c.W3CHttpResponseCodec.decode(W3CHttpResponseCodec.java:138)
	at org.openqa.selenium.remote.codec.w3c.W3CHttpResponseCodec.decode(W3CHttpResponseCodec.java:50)
	at org.openqa.selenium.remote.HttpCommandExecutor.execute(HttpCommandExecutor.java:190)
	at org.openqa.selenium.remote.service.DriverCommandExecutor.invokeExecute(DriverCommandExecutor.java:216)
	at org.openqa.selenium.remote.service.DriverCommandExecutor.execute(DriverCommandExecutor.java:174)
	at org.openqa.selenium.remote.RemoteWebDriver.execute(RemoteWebDriver.java:545)
	at org.openqa.selenium.remote.ElementLocation$ElementFinder$2.findElement(ElementLocation.java:165)
	at org.openqa.selenium.remote.ElementLocation.findElement(ElementLocation.java:59)
	at org.openqa.selenium.remote.RemoteWebDriver.findElement(RemoteWebDriver.java:368)
	at org.openqa.selenium.remote.RemoteWebDriver.findElement(RemoteWebDriver.java:362)
	at org.openqa.selenium.support.pagefactory.DefaultElementLocator.findElement(DefaultElementLocator.java:68)
	at org.openqa.selenium.support.pagefactory.internal.LocatingElementHandler.invoke(LocatingElementHandler.java:38)
	at jdk.proxy2/jdk.proxy2.$Proxy14.clear(Unknown Source)
	at lt.insoft.uztis.pages.SubmittedApplicationsPage.enterJobDescription(SubmittedApplicationsPage.java:483)
	at lt.insoft.uztis.tests.SubmittedApplicationsPageTest.testFillNewApplication(SubmittedApplicationsPageTest.java:208)
	at java.base/jdk.internal.reflect.DirectMethodHandleAccessor.invoke(DirectMethodHandleAccessor.java:103)
	at java.base/java.lang.reflect.Method.invoke(Method.java:580)
	at org.junit.platform.commons.util.ReflectionUtils.invokeMethod(ReflectionUtils.java:728)
	at org.junit.jupiter.engine.execution.MethodInvocation.proceed(MethodInvocation.java:60)
	at org.junit.jupiter.engine.execution.InvocationInterceptorChain$ValidatingInvocation.proceed(InvocationInterceptorChain.java:131)
	at org.junit.jupiter.engine.extension.TimeoutExtension.intercept(TimeoutExtension.java:156)
	at org.junit.jupiter.engine.extension.TimeoutExtension.interceptTestableMethod(TimeoutExtension.java:147)
	at org.junit.jupiter.engine.extension.TimeoutExtension.interceptTestMethod(TimeoutExtension.java:86)
	at org.junit.jupiter.engine.execution.InterceptingExecutableInvoker$ReflectiveInterceptorCall.lambda$ofVoidMethod$0(InterceptingExecutableInvoker.java:103)
	at org.junit.jupiter.engine.execution.InterceptingExecutableInvoker.lambda$invoke$0(InterceptingExecutableInvoker.java:93)
	at org.junit.jupiter.engine.execution.InvocationInterceptorChain$InterceptedInvocation.proceed(InvocationInterceptorChain.java:106)
	at org.junit.jupiter.engine.execution.InvocationInterceptorChain.proceed(InvocationInterceptorChain.java:64)
	at org.junit.jupiter.engine.execution.InvocationInterceptorChain.chainAndInvoke(InvocationInterceptorChain.java:45)
	at org.junit.jupiter.engine.execution.InvocationInterceptorChain.invoke(InvocationInterceptorChain.java:37)
	at org.junit.jupiter.engine.execution.InterceptingExecutableInvoker.invoke(InterceptingExecutableInvoker.java:92)
	at org.junit.jupiter.engine.execution.InterceptingExecutableInvoker.invoke(InterceptingExecutableInvoker.java:86)
	at org.junit.jupiter.engine.descriptor.TestMethodTestDescriptor.lambda$invokeTestMethod$7(TestMethodTestDescriptor.java:218)
	at org.junit.platform.engine.support.hierarchical.ThrowableCollector.execute(ThrowableCollector.java:73)
	at org.junit.jupiter.engine.descriptor.TestMethodTestDescriptor.invokeTestMethod(TestMethodTestDescriptor.java:214)
	at org.junit.jupiter.engine.descriptor.TestMethodTestDescriptor.execute(TestMethodTestDescriptor.java:139)
	at org.junit.jupiter.engine.descriptor.TestMethodTestDescriptor.execute(TestMethodTestDescriptor.java:69)
	at org.junit.platform.engine.support.hierarchical.NodeTestTask.lambda$executeRecursively$6(NodeTestTask.java:151)
	at org.junit.platform.engine.support.hierarchical.ThrowableCollector.execute(ThrowableCollector.java:73)
	at org.junit.platform.engine.support.hierarchical.NodeTestTask.lambda$executeRecursively$8(NodeTestTask.java:141)
	at org.junit.platform.engine.support.hierarchical.Node.around(Node.java:137)
	at org.junit.platform.engine.support.hierarchical.NodeTestTask.lambda$executeRecursively$9(NodeTestTask.java:139)
	at org.junit.platform.engine.support.hierarchical.ThrowableCollector.execute(ThrowableCollector.java:73)
	at org.junit.platform.engine.support.hierarchical.NodeTestTask.executeRecursively(NodeTestTask.java:138)
	at org.junit.platform.engine.support.hierarchical.NodeTestTask.execute(NodeTestTask.java:95)
	at java.base/java.util.ArrayList.forEach(ArrayList.java:1596)
	at org.junit.platform.engine.support.hierarchical.SameThreadHierarchicalTestExecutorService.invokeAll(SameThreadHierarchicalTestExecutorService.java:41)
	at org.junit.platform.engine.support.hierarchical.NodeTestTask.lambda$executeRecursively$6(NodeTestTask.java:155)
	at org.junit.platform.engine.support.hierarchical.ThrowableCollector.execute(ThrowableCollector.java:73)
	at org.junit.platform.engine.support.hierarchical.NodeTestTask.lambda$executeRecursively$8(NodeTestTask.java:141)
	at org.junit.platform.engine.support.hierarchical.Node.around(Node.java:137)
	at org.junit.platform.engine.support.hierarchical.NodeTestTask.lambda$executeRecursively$9(NodeTestTask.java:139)
	at org.junit.platform.engine.support.hierarchical.ThrowableCollector.execute(ThrowableCollector.java:73)
	at org.junit.platform.engine.support.hierarchical.NodeTestTask.executeRecursively(NodeTestTask.java:138)
	at org.junit.platform.engine.support.hierarchical.NodeTestTask.execute(NodeTestTask.java:95)
	at java.base/java.util.ArrayList.forEach(ArrayList.java:1596)
	at org.junit.platform.engine.support.hierarchical.SameThreadHierarchicalTestExecutorService.invokeAll(SameThreadHierarchicalTestExecutorService.java:41)
	at org.junit.platform.engine.support.hierarchical.NodeTestTask.lambda$executeRecursively$6(NodeTestTask.java:155)
	at org.junit.platform.engine.support.hierarchical.ThrowableCollector.execute(ThrowableCollector.java:73)
	at org.junit.platform.engine.support.hierarchical.NodeTestTask.lambda$executeRecursively$8(NodeTestTask.java:141)
	at org.junit.platform.engine.support.hierarchical.Node.around(Node.java:137)
	at org.junit.platform.engine.support.hierarchical.NodeTestTask.lambda$executeRecursively$9(NodeTestTask.java:139)
	at org.junit.platform.engine.support.hierarchical.ThrowableCollector.execute(ThrowableCollector.java:73)
	at org.junit.platform.engine.support.hierarchical.NodeTestTask.executeRecursively(NodeTestTask.java:138)
	at org.junit.platform.engine.support.hierarchical.NodeTestTask.execute(NodeTestTask.java:95)
	at org.junit.platform.engine.support.hierarchical.SameThreadHierarchicalTestExecutorService.submit(SameThreadHierarchicalTestExecutorService.java:35)
	at org.junit.platform.engine.support.hierarchical.HierarchicalTestExecutor.execute(HierarchicalTestExecutor.java:57)
	at org.junit.platform.engine.support.hierarchical.HierarchicalTestEngine.execute(HierarchicalTestEngine.java:54)
	at org.junit.platform.launcher.core.EngineExecutionOrchestrator.execute(EngineExecutionOrchestrator.java:198)
	at org.junit.platform.launcher.core.EngineExecutionOrchestrator.execute(EngineExecutionOrchestrator.java:169)
	at org.junit.platform.launcher.core.EngineExecutionOrchestrator.execute(EngineExecutionOrchestrator.java:93)
	at org.junit.platform.launcher.core.EngineExecutionOrchestrator.lambda$execute$0(EngineExecutionOrchestrator.java:58)
	at org.junit.platform.launcher.core.EngineExecutionOrchestrator.withInterceptedStreams(EngineExecutionOrchestrator.java:141)
	at org.junit.platform.launcher.core.EngineExecutionOrchestrator.execute(EngineExecutionOrchestrator.java:57)
	at org.junit.platform.launcher.core.DefaultLauncher.execute(DefaultLauncher.java:103)
	at org.junit.platform.launcher.core.DefaultLauncher.execute(DefaultLauncher.java:85)
	at org.junit.platform.launcher.core.DelegatingLauncher.execute(DelegatingLauncher.java:47)
	at org.junit.platform.launcher.core.SessionPerRequestLauncher.execute(SessionPerRequestLauncher.java:63)
	at com.intellij.junit5.JUnit5IdeaTestRunner.startRunnerWithArgs(JUnit5IdeaTestRunner.java:57)
	at com.intellij.rt.junit.IdeaTestRunner$Repeater$1.execute(IdeaTestRunner.java:38)
	at com.intellij.rt.execution.junit.TestsRepeater.repeat(TestsRepeater.java:11)
	at com.intellij.rt.junit.IdeaTestRunner$Repeater.startRunnerWithArgs(IdeaTestRunner.java:35)
	at com.intellij.rt.junit.JUnitStarter.prepareStreamsAndStart(JUnitStarter.java:232)
	at com.intellij.rt.junit.JUnitStarter.main(JUnitStarter.java:55)
2025-01-27 14:53:01 [main] INFO  l.insoft.uztis.tests.utils.TestUtils - Screenshot moved to C:\Users\ingrida.zadorozniene\Desktop\Asm\UZTIS\UZTIS_tests\test-output\screenshots\20250127\145301126_testFillNewApplication().png
2025-01-27 14:53:43 [main] INFO  lt.insoft.uztis.tests.UztisPageTest - Navigated to https://uztisdev.asseco.lt/home
2025-01-27 14:53:43 [main] INFO  l.i.u.t.SubmittedApplicationsPageTest - Starting test:'testFillNewApplication'
2025-01-27 14:53:43 [main] DEBUG l.i.u.t.SubmittedApplicationsPageTest - User logged in with test credentials
2025-01-27 14:53:43 [main] DEBUG l.i.u.t.SubmittedApplicationsPageTest - Opened 'Application Processing' menu.
2025-01-27 14:53:44 [main] DEBUG l.i.u.t.SubmittedApplicationsPageTest - Clicked on 'Application Forms' menu.
2025-01-27 14:53:44 [main] DEBUG l.i.u.t.SubmittedApplicationsPageTest - Retrieved last description code text: 'TST-VUI-67'.
2025-01-27 14:53:44 [main] DEBUG l.i.u.t.SubmittedApplicationsPageTest - Clicked on 'Invitation' menu.
2025-01-27 14:53:45 [main] DEBUG l.i.u.t.SubmittedApplicationsPageTest - Selected application section by code: 'TST-VUI-67'.
2025-01-27 14:53:45 [main] DEBUG l.i.u.t.SubmittedApplicationsPageTest - Clicked 'Search' button.
2025-01-27 14:53:45 [main] DEBUG l.i.u.t.SubmittedApplicationsPageTest - Retrieved invitation code: ''.
2025-01-27 14:53:45 [main] DEBUG l.i.u.t.SubmittedApplicationsPageTest - Clicked on 'Submitted Applications' menu.
2025-01-27 14:53:46 [main] DEBUG l.i.u.t.SubmittedApplicationsPageTest - Selected invitation by code: 'TST-VUI-67'.
2025-01-27 14:53:46 [main] DEBUG l.i.u.t.SubmittedApplicationsPageTest - Clicked on 'Action Application' button.
2025-01-27 14:53:46 [main] DEBUG l.i.u.t.SubmittedApplicationsPageTest - Clicked on 'New Application' button.
2025-01-27 14:53:47 [main] DEBUG l.i.u.t.SubmittedApplicationsPageTest - Clicked on 'RadioButtonFA' button.
2025-01-27 14:53:47 [main] DEBUG l.i.u.t.SubmittedApplicationsPageTest - Entered phone number into the input field.
2025-01-27 14:53:47 [main] DEBUG l.i.u.t.SubmittedApplicationsPageTest - Entered eMail into the input field.
2025-01-27 14:53:47 [main] INFO  l.i.u.p.SubmittedApplicationsPage - Located the dropdown button.
2025-01-27 14:54:08 [main] INFO  l.i.u.p.SubmittedApplicationsPage - Found 1741 options in the dropdown.
2025-01-27 14:54:08 [main] INFO  l.i.u.p.SubmittedApplicationsPage - Successfully selected the value: '01.11 - Grūdinių (išskyrus ryžius), ankštinių ir aliejingų sėklų augalų auginimas'
2025-01-27 14:54:18 [main] ERROR l.i.u.p.SubmittedApplicationsPage - Failed to close the dropdown with aria-expanded = 'false'. Attempting manual close.
2025-01-27 14:54:19 [main] INFO  l.i.u.p.SubmittedApplicationsPage - Manual close attempt for the dropdown using body click.
2025-01-27 14:54:19 [main] DEBUG l.i.u.t.SubmittedApplicationsPageTest - Entered Address into the input field.
2025-01-27 14:54:19 [main] DEBUG l.i.u.t.SubmittedApplicationsPageTest - Entered Address into the input field.
2025-01-27 14:54:19 [main] INFO  l.i.u.p.SubmittedApplicationsPage - Located the dropdown button.
2025-01-27 14:54:21 [main] INFO  l.i.u.p.SubmittedApplicationsPage - Successfully selected the value: 'Administratoriai'
2025-01-27 14:54:31 [main] ERROR l.i.u.p.SubmittedApplicationsPage - Timeout while waiting for dropdown to close with aria-expanded = 'false'.
2025-01-27 14:54:31 [main] DEBUG l.i.u.t.SubmittedApplicationsPageTest - Selected the value: 'Administratoriai'
2025-01-27 14:54:31 [main] INFO  l.i.u.p.SubmittedApplicationsPage - Located the dropdown button.
2025-01-27 14:54:32 [main] INFO  l.i.u.p.SubmittedApplicationsPage - Successfully selected the value: 'Kita'
2025-01-27 14:54:42 [main] ERROR l.i.u.p.SubmittedApplicationsPage - Timeout while waiting for dropdown to close with aria-expanded = 'false'.
2025-01-27 14:54:42 [main] DEBUG l.i.u.t.SubmittedApplicationsPageTest - Selected the value: 'Kita'
2025-01-27 14:54:43 [main] DEBUG l.i.u.t.SubmittedApplicationsPageTest - Selected the value: '6 val. per dieną ir 4 d. per savaitę'
2025-01-27 14:54:43 [main] DEBUG l.i.u.t.SubmittedApplicationsPageTest - Entered Address into the input field.
2025-01-27 14:54:53 [main] ERROR l.i.u.t.SubmittedApplicationsPageTest - Test 'testFillNewApplication' failed with error: no such element: Unable to locate element: {"method":"xpath","selector":"//div[contains(@class, 'mat-mdc-form-field-infix')]//common-textarea//textarea[3]"}
  (Session info: chrome=131.0.6778.265)
For documentation on this error, please visit: https://www.selenium.dev/documentation/webdriver/troubleshooting/errors#no-such-element-exception
Build info: version: '4.27.0', revision: 'd6e718d134'
System info: os.name: 'Windows 11', os.arch: 'amd64', os.version: '10.0', java.version: '21.0.3'
Driver info: org.openqa.selenium.chrome.ChromeDriver
Command: [8bac8d5585ddc4c4424a39d790f6ae98, findElement {using=xpath, value=//div[contains(@class, 'mat-mdc-form-field-infix')]//common-textarea//textarea[3]}]
Capabilities {acceptInsecureCerts: false, browserName: chrome, browserVersion: 131.0.6778.265, chrome: {chromedriverVersion: 131.0.6778.264 (2d05e315153..., userDataDir: C:\Users\INGRID~1.ZAD\AppDa...}, fedcm:accounts: true, goog:chromeOptions: {debuggerAddress: localhost:58502}, networkConnectionEnabled: false, pageLoadStrategy: normal, platformName: windows, proxy: Proxy(), se:cdp: ws://localhost:58502/devtoo..., se:cdpVersion: 131.0.6778.265, setWindowRect: true, strictFileInteractability: false, timeouts: {implicit: 0, pageLoad: 300000, script: 30000}, unhandledPromptBehavior: dismiss and notify, webauthn:extension:credBlob: true, webauthn:extension:largeBlob: true, webauthn:extension:minPinLength: true, webauthn:extension:prf: true, webauthn:virtualAuthenticators: true}
Session ID: 8bac8d5585ddc4c4424a39d790f6ae98
org.openqa.selenium.NoSuchElementException: no such element: Unable to locate element: {"method":"xpath","selector":"//div[contains(@class, 'mat-mdc-form-field-infix')]//common-textarea//textarea[3]"}
  (Session info: chrome=131.0.6778.265)
For documentation on this error, please visit: https://www.selenium.dev/documentation/webdriver/troubleshooting/errors#no-such-element-exception
Build info: version: '4.27.0', revision: 'd6e718d134'
System info: os.name: 'Windows 11', os.arch: 'amd64', os.version: '10.0', java.version: '21.0.3'
Driver info: org.openqa.selenium.chrome.ChromeDriver
Command: [8bac8d5585ddc4c4424a39d790f6ae98, findElement {using=xpath, value=//div[contains(@class, 'mat-mdc-form-field-infix')]//common-textarea//textarea[3]}]
Capabilities {acceptInsecureCerts: false, browserName: chrome, browserVersion: 131.0.6778.265, chrome: {chromedriverVersion: 131.0.6778.264 (2d05e315153..., userDataDir: C:\Users\INGRID~1.ZAD\AppDa...}, fedcm:accounts: true, goog:chromeOptions: {debuggerAddress: localhost:58502}, networkConnectionEnabled: false, pageLoadStrategy: normal, platformName: windows, proxy: Proxy(), se:cdp: ws://localhost:58502/devtoo..., se:cdpVersion: 131.0.6778.265, setWindowRect: true, strictFileInteractability: false, timeouts: {implicit: 0, pageLoad: 300000, script: 30000}, unhandledPromptBehavior: dismiss and notify, webauthn:extension:credBlob: true, webauthn:extension:largeBlob: true, webauthn:extension:minPinLength: true, webauthn:extension:prf: true, webauthn:virtualAuthenticators: true}
Session ID: 8bac8d5585ddc4c4424a39d790f6ae98
	at java.base/jdk.internal.reflect.DirectConstructorHandleAccessor.newInstance(DirectConstructorHandleAccessor.java:62)
	at java.base/java.lang.reflect.Constructor.newInstanceWithCaller(Constructor.java:502)
	at java.base/java.lang.reflect.Constructor.newInstance(Constructor.java:486)
	at org.openqa.selenium.remote.ErrorCodec.decode(ErrorCodec.java:167)
	at org.openqa.selenium.remote.codec.w3c.W3CHttpResponseCodec.decode(W3CHttpResponseCodec.java:138)
	at org.openqa.selenium.remote.codec.w3c.W3CHttpResponseCodec.decode(W3CHttpResponseCodec.java:50)
	at org.openqa.selenium.remote.HttpCommandExecutor.execute(HttpCommandExecutor.java:190)
	at org.openqa.selenium.remote.service.DriverCommandExecutor.invokeExecute(DriverCommandExecutor.java:216)
	at org.openqa.selenium.remote.service.DriverCommandExecutor.execute(DriverCommandExecutor.java:174)
	at org.openqa.selenium.remote.RemoteWebDriver.execute(RemoteWebDriver.java:545)
	at org.openqa.selenium.remote.ElementLocation$ElementFinder$2.findElement(ElementLocation.java:165)
	at org.openqa.selenium.remote.ElementLocation.findElement(ElementLocation.java:59)
	at org.openqa.selenium.remote.RemoteWebDriver.findElement(RemoteWebDriver.java:368)
	at org.openqa.selenium.remote.RemoteWebDriver.findElement(RemoteWebDriver.java:362)
	at org.openqa.selenium.support.pagefactory.DefaultElementLocator.findElement(DefaultElementLocator.java:68)
	at org.openqa.selenium.support.pagefactory.internal.LocatingElementHandler.invoke(LocatingElementHandler.java:38)
	at jdk.proxy2/jdk.proxy2.$Proxy14.clear(Unknown Source)
	at lt.insoft.uztis.pages.SubmittedApplicationsPage.enterJobDescription(SubmittedApplicationsPage.java:483)
	at lt.insoft.uztis.tests.SubmittedApplicationsPageTest.testFillNewApplication(SubmittedApplicationsPageTest.java:208)
	at java.base/jdk.internal.reflect.DirectMethodHandleAccessor.invoke(DirectMethodHandleAccessor.java:103)
	at java.base/java.lang.reflect.Method.invoke(Method.java:580)
	at org.junit.platform.commons.util.ReflectionUtils.invokeMethod(ReflectionUtils.java:728)
	at org.junit.jupiter.engine.execution.MethodInvocation.proceed(MethodInvocation.java:60)
	at org.junit.jupiter.engine.execution.InvocationInterceptorChain$ValidatingInvocation.proceed(InvocationInterceptorChain.java:131)
	at org.junit.jupiter.engine.extension.TimeoutExtension.intercept(TimeoutExtension.java:156)
	at org.junit.jupiter.engine.extension.TimeoutExtension.interceptTestableMethod(TimeoutExtension.java:147)
	at org.junit.jupiter.engine.extension.TimeoutExtension.interceptTestMethod(TimeoutExtension.java:86)
	at org.junit.jupiter.engine.execution.InterceptingExecutableInvoker$ReflectiveInterceptorCall.lambda$ofVoidMethod$0(InterceptingExecutableInvoker.java:103)
	at org.junit.jupiter.engine.execution.InterceptingExecutableInvoker.lambda$invoke$0(InterceptingExecutableInvoker.java:93)
	at org.junit.jupiter.engine.execution.InvocationInterceptorChain$InterceptedInvocation.proceed(InvocationInterceptorChain.java:106)
	at org.junit.jupiter.engine.execution.InvocationInterceptorChain.proceed(InvocationInterceptorChain.java:64)
	at org.junit.jupiter.engine.execution.InvocationInterceptorChain.chainAndInvoke(InvocationInterceptorChain.java:45)
	at org.junit.jupiter.engine.execution.InvocationInterceptorChain.invoke(InvocationInterceptorChain.java:37)
	at org.junit.jupiter.engine.execution.InterceptingExecutableInvoker.invoke(InterceptingExecutableInvoker.java:92)
	at org.junit.jupiter.engine.execution.InterceptingExecutableInvoker.invoke(InterceptingExecutableInvoker.java:86)
	at org.junit.jupiter.engine.descriptor.TestMethodTestDescriptor.lambda$invokeTestMethod$7(TestMethodTestDescriptor.java:218)
	at org.junit.platform.engine.support.hierarchical.ThrowableCollector.execute(ThrowableCollector.java:73)
	at org.junit.jupiter.engine.descriptor.TestMethodTestDescriptor.invokeTestMethod(TestMethodTestDescriptor.java:214)
	at org.junit.jupiter.engine.descriptor.TestMethodTestDescriptor.execute(TestMethodTestDescriptor.java:139)
	at org.junit.jupiter.engine.descriptor.TestMethodTestDescriptor.execute(TestMethodTestDescriptor.java:69)
	at org.junit.platform.engine.support.hierarchical.NodeTestTask.lambda$executeRecursively$6(NodeTestTask.java:151)
	at org.junit.platform.engine.support.hierarchical.ThrowableCollector.execute(ThrowableCollector.java:73)
	at org.junit.platform.engine.support.hierarchical.NodeTestTask.lambda$executeRecursively$8(NodeTestTask.java:141)
	at org.junit.platform.engine.support.hierarchical.Node.around(Node.java:137)
	at org.junit.platform.engine.support.hierarchical.NodeTestTask.lambda$executeRecursively$9(NodeTestTask.java:139)
	at org.junit.platform.engine.support.hierarchical.ThrowableCollector.execute(ThrowableCollector.java:73)
	at org.junit.platform.engine.support.hierarchical.NodeTestTask.executeRecursively(NodeTestTask.java:138)
	at org.junit.platform.engine.support.hierarchical.NodeTestTask.execute(NodeTestTask.java:95)
	at java.base/java.util.ArrayList.forEach(ArrayList.java:1596)
	at org.junit.platform.engine.support.hierarchical.SameThreadHierarchicalTestExecutorService.invokeAll(SameThreadHierarchicalTestExecutorService.java:41)
	at org.junit.platform.engine.support.hierarchical.NodeTestTask.lambda$executeRecursively$6(NodeTestTask.java:155)
	at org.junit.platform.engine.support.hierarchical.ThrowableCollector.execute(ThrowableCollector.java:73)
	at org.junit.platform.engine.support.hierarchical.NodeTestTask.lambda$executeRecursively$8(NodeTestTask.java:141)
	at org.junit.platform.engine.support.hierarchical.Node.around(Node.java:137)
	at org.junit.platform.engine.support.hierarchical.NodeTestTask.lambda$executeRecursively$9(NodeTestTask.java:139)
	at org.junit.platform.engine.support.hierarchical.ThrowableCollector.execute(ThrowableCollector.java:73)
	at org.junit.platform.engine.support.hierarchical.NodeTestTask.executeRecursively(NodeTestTask.java:138)
	at org.junit.platform.engine.support.hierarchical.NodeTestTask.execute(NodeTestTask.java:95)
	at java.base/java.util.ArrayList.forEach(ArrayList.java:1596)
	at org.junit.platform.engine.support.hierarchical.SameThreadHierarchicalTestExecutorService.invokeAll(SameThreadHierarchicalTestExecutorService.java:41)
	at org.junit.platform.engine.support.hierarchical.NodeTestTask.lambda$executeRecursively$6(NodeTestTask.java:155)
	at org.junit.platform.engine.support.hierarchical.ThrowableCollector.execute(ThrowableCollector.java:73)
	at org.junit.platform.engine.support.hierarchical.NodeTestTask.lambda$executeRecursively$8(NodeTestTask.java:141)
	at org.junit.platform.engine.support.hierarchical.Node.around(Node.java:137)
	at org.junit.platform.engine.support.hierarchical.NodeTestTask.lambda$executeRecursively$9(NodeTestTask.java:139)
	at org.junit.platform.engine.support.hierarchical.ThrowableCollector.execute(ThrowableCollector.java:73)
	at org.junit.platform.engine.support.hierarchical.NodeTestTask.executeRecursively(NodeTestTask.java:138)
	at org.junit.platform.engine.support.hierarchical.NodeTestTask.execute(NodeTestTask.java:95)
	at org.junit.platform.engine.support.hierarchical.SameThreadHierarchicalTestExecutorService.submit(SameThreadHierarchicalTestExecutorService.java:35)
	at org.junit.platform.engine.support.hierarchical.HierarchicalTestExecutor.execute(HierarchicalTestExecutor.java:57)
	at org.junit.platform.engine.support.hierarchical.HierarchicalTestEngine.execute(HierarchicalTestEngine.java:54)
	at org.junit.platform.launcher.core.EngineExecutionOrchestrator.execute(EngineExecutionOrchestrator.java:198)
	at org.junit.platform.launcher.core.EngineExecutionOrchestrator.execute(EngineExecutionOrchestrator.java:169)
	at org.junit.platform.launcher.core.EngineExecutionOrchestrator.execute(EngineExecutionOrchestrator.java:93)
	at org.junit.platform.launcher.core.EngineExecutionOrchestrator.lambda$execute$0(EngineExecutionOrchestrator.java:58)
	at org.junit.platform.launcher.core.EngineExecutionOrchestrator.withInterceptedStreams(EngineExecutionOrchestrator.java:141)
	at org.junit.platform.launcher.core.EngineExecutionOrchestrator.execute(EngineExecutionOrchestrator.java:57)
	at org.junit.platform.launcher.core.DefaultLauncher.execute(DefaultLauncher.java:103)
	at org.junit.platform.launcher.core.DefaultLauncher.execute(DefaultLauncher.java:85)
	at org.junit.platform.launcher.core.DelegatingLauncher.execute(DelegatingLauncher.java:47)
	at org.junit.platform.launcher.core.SessionPerRequestLauncher.execute(SessionPerRequestLauncher.java:63)
	at com.intellij.junit5.JUnit5IdeaTestRunner.startRunnerWithArgs(JUnit5IdeaTestRunner.java:57)
	at com.intellij.rt.junit.IdeaTestRunner$Repeater$1.execute(IdeaTestRunner.java:38)
	at com.intellij.rt.execution.junit.TestsRepeater.repeat(TestsRepeater.java:11)
	at com.intellij.rt.junit.IdeaTestRunner$Repeater.startRunnerWithArgs(IdeaTestRunner.java:35)
	at com.intellij.rt.junit.JUnitStarter.prepareStreamsAndStart(JUnitStarter.java:232)
	at com.intellij.rt.junit.JUnitStarter.main(JUnitStarter.java:55)
2025-01-27 14:54:53 [main] INFO  l.insoft.uztis.tests.utils.TestUtils - Screenshot moved to C:\Users\ingrida.zadorozniene\Desktop\Asm\UZTIS\UZTIS_tests\test-output\screenshots\20250127\145453931_testFillNewApplication().png
2025-01-27 14:55:21 [main] INFO  lt.insoft.uztis.tests.UztisPageTest - Navigated to https://uztisdev.asseco.lt/home
2025-01-27 14:55:21 [main] INFO  l.i.u.t.SubmittedApplicationsPageTest - Starting test:'testFillNewApplication'
2025-01-27 14:55:21 [main] DEBUG l.i.u.t.SubmittedApplicationsPageTest - User logged in with test credentials
2025-01-27 14:55:22 [main] DEBUG l.i.u.t.SubmittedApplicationsPageTest - Opened 'Application Processing' menu.
2025-01-27 14:55:22 [main] DEBUG l.i.u.t.SubmittedApplicationsPageTest - Clicked on 'Application Forms' menu.
2025-01-27 14:55:22 [main] DEBUG l.i.u.t.SubmittedApplicationsPageTest - Retrieved last description code text: 'TST-VUI-67'.
2025-01-27 14:55:22 [main] DEBUG l.i.u.t.SubmittedApplicationsPageTest - Clicked on 'Invitation' menu.
2025-01-27 14:55:23 [main] DEBUG l.i.u.t.SubmittedApplicationsPageTest - Selected application section by code: 'TST-VUI-67'.
2025-01-27 14:55:23 [main] DEBUG l.i.u.t.SubmittedApplicationsPageTest - Clicked 'Search' button.
2025-01-27 14:55:23 [main] DEBUG l.i.u.t.SubmittedApplicationsPageTest - Retrieved invitation code: ''.
2025-01-27 14:55:23 [main] DEBUG l.i.u.t.SubmittedApplicationsPageTest - Clicked on 'Submitted Applications' menu.
2025-01-27 14:55:24 [main] DEBUG l.i.u.t.SubmittedApplicationsPageTest - Selected invitation by code: 'TST-VUI-67'.
2025-01-27 14:55:24 [main] DEBUG l.i.u.t.SubmittedApplicationsPageTest - Clicked on 'Action Application' button.
2025-01-27 14:55:24 [main] DEBUG l.i.u.t.SubmittedApplicationsPageTest - Clicked on 'New Application' button.
2025-01-27 14:55:25 [main] DEBUG l.i.u.t.SubmittedApplicationsPageTest - Clicked on 'RadioButtonFA' button.
2025-01-27 14:55:25 [main] DEBUG l.i.u.t.SubmittedApplicationsPageTest - Entered phone number into the input field.
2025-01-27 14:55:25 [main] DEBUG l.i.u.t.SubmittedApplicationsPageTest - Entered eMail into the input field.
2025-01-27 14:55:25 [main] INFO  l.i.u.p.SubmittedApplicationsPage - Located the dropdown button.
2025-01-27 14:55:45 [main] INFO  l.i.u.p.SubmittedApplicationsPage - Found 1741 options in the dropdown.
2025-01-27 14:55:45 [main] INFO  l.i.u.p.SubmittedApplicationsPage - Successfully selected the value: '01.11 - Grūdinių (išskyrus ryžius), ankštinių ir aliejingų sėklų augalų auginimas'
2025-01-27 14:55:56 [main] ERROR l.i.u.p.SubmittedApplicationsPage - Failed to close the dropdown with aria-expanded = 'false'. Attempting manual close.
2025-01-27 14:55:56 [main] INFO  l.i.u.p.SubmittedApplicationsPage - Manual close attempt for the dropdown using body click.
2025-01-27 14:55:56 [main] DEBUG l.i.u.t.SubmittedApplicationsPageTest - Entered Address into the input field.
2025-01-27 14:55:57 [main] DEBUG l.i.u.t.SubmittedApplicationsPageTest - Entered Address into the input field.
2025-01-27 14:55:57 [main] INFO  l.i.u.p.SubmittedApplicationsPage - Located the dropdown button.
2025-01-27 14:55:58 [main] INFO  l.i.u.p.SubmittedApplicationsPage - Successfully selected the value: 'Administratoriai'
2025-01-27 14:56:08 [main] ERROR l.i.u.p.SubmittedApplicationsPage - Timeout while waiting for dropdown to close with aria-expanded = 'false'.
2025-01-27 14:56:08 [main] DEBUG l.i.u.t.SubmittedApplicationsPageTest - Selected the value: 'Administratoriai'
2025-01-27 14:56:09 [main] INFO  l.i.u.p.SubmittedApplicationsPage - Located the dropdown button.
2025-01-27 14:56:09 [main] INFO  l.i.u.p.SubmittedApplicationsPage - Successfully selected the value: 'Kita'
2025-01-27 14:56:20 [main] ERROR l.i.u.p.SubmittedApplicationsPage - Timeout while waiting for dropdown to close with aria-expanded = 'false'.
2025-01-27 14:56:20 [main] DEBUG l.i.u.t.SubmittedApplicationsPageTest - Selected the value: 'Kita'
2025-01-27 14:56:20 [main] DEBUG l.i.u.t.SubmittedApplicationsPageTest - Selected the value: '6 val. per dieną ir 4 d. per savaitę'
2025-01-27 14:56:21 [main] DEBUG l.i.u.t.SubmittedApplicationsPageTest - Entered Address into the input field.
2025-01-27 14:56:31 [main] ERROR l.i.u.t.SubmittedApplicationsPageTest - Test 'testFillNewApplication' failed with error: no such element: Unable to locate element: {"method":"xpath","selector":"//div[contains(@class, 'mat-mdc-form-field-infix')]//common-textarea//textarea[3]"}
  (Session info: chrome=131.0.6778.265)
For documentation on this error, please visit: https://www.selenium.dev/documentation/webdriver/troubleshooting/errors#no-such-element-exception
Build info: version: '4.27.0', revision: 'd6e718d134'
System info: os.name: 'Windows 11', os.arch: 'amd64', os.version: '10.0', java.version: '21.0.3'
Driver info: org.openqa.selenium.chrome.ChromeDriver
Command: [d37a1bd1474541087195eec8de01a13a, findElement {using=xpath, value=//div[contains(@class, 'mat-mdc-form-field-infix')]//common-textarea//textarea[3]}]
Capabilities {acceptInsecureCerts: false, browserName: chrome, browserVersion: 131.0.6778.265, chrome: {chromedriverVersion: 131.0.6778.264 (2d05e315153..., userDataDir: C:\Users\INGRID~1.ZAD\AppDa...}, fedcm:accounts: true, goog:chromeOptions: {debuggerAddress: localhost:58568}, networkConnectionEnabled: false, pageLoadStrategy: normal, platformName: windows, proxy: Proxy(), se:cdp: ws://localhost:58568/devtoo..., se:cdpVersion: 131.0.6778.265, setWindowRect: true, strictFileInteractability: false, timeouts: {implicit: 0, pageLoad: 300000, script: 30000}, unhandledPromptBehavior: dismiss and notify, webauthn:extension:credBlob: true, webauthn:extension:largeBlob: true, webauthn:extension:minPinLength: true, webauthn:extension:prf: true, webauthn:virtualAuthenticators: true}
Session ID: d37a1bd1474541087195eec8de01a13a
org.openqa.selenium.NoSuchElementException: no such element: Unable to locate element: {"method":"xpath","selector":"//div[contains(@class, 'mat-mdc-form-field-infix')]//common-textarea//textarea[3]"}
  (Session info: chrome=131.0.6778.265)
For documentation on this error, please visit: https://www.selenium.dev/documentation/webdriver/troubleshooting/errors#no-such-element-exception
Build info: version: '4.27.0', revision: 'd6e718d134'
System info: os.name: 'Windows 11', os.arch: 'amd64', os.version: '10.0', java.version: '21.0.3'
Driver info: org.openqa.selenium.chrome.ChromeDriver
Command: [d37a1bd1474541087195eec8de01a13a, findElement {using=xpath, value=//div[contains(@class, 'mat-mdc-form-field-infix')]//common-textarea//textarea[3]}]
Capabilities {acceptInsecureCerts: false, browserName: chrome, browserVersion: 131.0.6778.265, chrome: {chromedriverVersion: 131.0.6778.264 (2d05e315153..., userDataDir: C:\Users\INGRID~1.ZAD\AppDa...}, fedcm:accounts: true, goog:chromeOptions: {debuggerAddress: localhost:58568}, networkConnectionEnabled: false, pageLoadStrategy: normal, platformName: windows, proxy: Proxy(), se:cdp: ws://localhost:58568/devtoo..., se:cdpVersion: 131.0.6778.265, setWindowRect: true, strictFileInteractability: false, timeouts: {implicit: 0, pageLoad: 300000, script: 30000}, unhandledPromptBehavior: dismiss and notify, webauthn:extension:credBlob: true, webauthn:extension:largeBlob: true, webauthn:extension:minPinLength: true, webauthn:extension:prf: true, webauthn:virtualAuthenticators: true}
Session ID: d37a1bd1474541087195eec8de01a13a
	at java.base/jdk.internal.reflect.DirectConstructorHandleAccessor.newInstance(DirectConstructorHandleAccessor.java:62)
	at java.base/java.lang.reflect.Constructor.newInstanceWithCaller(Constructor.java:502)
	at java.base/java.lang.reflect.Constructor.newInstance(Constructor.java:486)
	at org.openqa.selenium.remote.ErrorCodec.decode(ErrorCodec.java:167)
	at org.openqa.selenium.remote.codec.w3c.W3CHttpResponseCodec.decode(W3CHttpResponseCodec.java:138)
	at org.openqa.selenium.remote.codec.w3c.W3CHttpResponseCodec.decode(W3CHttpResponseCodec.java:50)
	at org.openqa.selenium.remote.HttpCommandExecutor.execute(HttpCommandExecutor.java:190)
	at org.openqa.selenium.remote.service.DriverCommandExecutor.invokeExecute(DriverCommandExecutor.java:216)
	at org.openqa.selenium.remote.service.DriverCommandExecutor.execute(DriverCommandExecutor.java:174)
	at org.openqa.selenium.remote.RemoteWebDriver.execute(RemoteWebDriver.java:545)
	at org.openqa.selenium.remote.ElementLocation$ElementFinder$2.findElement(ElementLocation.java:165)
	at org.openqa.selenium.remote.ElementLocation.findElement(ElementLocation.java:59)
	at org.openqa.selenium.remote.RemoteWebDriver.findElement(RemoteWebDriver.java:368)
	at org.openqa.selenium.remote.RemoteWebDriver.findElement(RemoteWebDriver.java:362)
	at org.openqa.selenium.support.pagefactory.DefaultElementLocator.findElement(DefaultElementLocator.java:68)
	at org.openqa.selenium.support.pagefactory.internal.LocatingElementHandler.invoke(LocatingElementHandler.java:38)
	at jdk.proxy2/jdk.proxy2.$Proxy14.clear(Unknown Source)
	at lt.insoft.uztis.pages.SubmittedApplicationsPage.enterJobDescription(SubmittedApplicationsPage.java:483)
	at lt.insoft.uztis.tests.SubmittedApplicationsPageTest.testFillNewApplication(SubmittedApplicationsPageTest.java:208)
	at java.base/jdk.internal.reflect.DirectMethodHandleAccessor.invoke(DirectMethodHandleAccessor.java:103)
	at java.base/java.lang.reflect.Method.invoke(Method.java:580)
	at org.junit.platform.commons.util.ReflectionUtils.invokeMethod(ReflectionUtils.java:728)
	at org.junit.jupiter.engine.execution.MethodInvocation.proceed(MethodInvocation.java:60)
	at org.junit.jupiter.engine.execution.InvocationInterceptorChain$ValidatingInvocation.proceed(InvocationInterceptorChain.java:131)
	at org.junit.jupiter.engine.extension.TimeoutExtension.intercept(TimeoutExtension.java:156)
	at org.junit.jupiter.engine.extension.TimeoutExtension.interceptTestableMethod(TimeoutExtension.java:147)
	at org.junit.jupiter.engine.extension.TimeoutExtension.interceptTestMethod(TimeoutExtension.java:86)
	at org.junit.jupiter.engine.execution.InterceptingExecutableInvoker$ReflectiveInterceptorCall.lambda$ofVoidMethod$0(InterceptingExecutableInvoker.java:103)
	at org.junit.jupiter.engine.execution.InterceptingExecutableInvoker.lambda$invoke$0(InterceptingExecutableInvoker.java:93)
	at org.junit.jupiter.engine.execution.InvocationInterceptorChain$InterceptedInvocation.proceed(InvocationInterceptorChain.java:106)
	at org.junit.jupiter.engine.execution.InvocationInterceptorChain.proceed(InvocationInterceptorChain.java:64)
	at org.junit.jupiter.engine.execution.InvocationInterceptorChain.chainAndInvoke(InvocationInterceptorChain.java:45)
	at org.junit.jupiter.engine.execution.InvocationInterceptorChain.invoke(InvocationInterceptorChain.java:37)
	at org.junit.jupiter.engine.execution.InterceptingExecutableInvoker.invoke(InterceptingExecutableInvoker.java:92)
	at org.junit.jupiter.engine.execution.InterceptingExecutableInvoker.invoke(InterceptingExecutableInvoker.java:86)
	at org.junit.jupiter.engine.descriptor.TestMethodTestDescriptor.lambda$invokeTestMethod$7(TestMethodTestDescriptor.java:218)
	at org.junit.platform.engine.support.hierarchical.ThrowableCollector.execute(ThrowableCollector.java:73)
	at org.junit.jupiter.engine.descriptor.TestMethodTestDescriptor.invokeTestMethod(TestMethodTestDescriptor.java:214)
	at org.junit.jupiter.engine.descriptor.TestMethodTestDescriptor.execute(TestMethodTestDescriptor.java:139)
	at org.junit.jupiter.engine.descriptor.TestMethodTestDescriptor.execute(TestMethodTestDescriptor.java:69)
	at org.junit.platform.engine.support.hierarchical.NodeTestTask.lambda$executeRecursively$6(NodeTestTask.java:151)
	at org.junit.platform.engine.support.hierarchical.ThrowableCollector.execute(ThrowableCollector.java:73)
	at org.junit.platform.engine.support.hierarchical.NodeTestTask.lambda$executeRecursively$8(NodeTestTask.java:141)
	at org.junit.platform.engine.support.hierarchical.Node.around(Node.java:137)
	at org.junit.platform.engine.support.hierarchical.NodeTestTask.lambda$executeRecursively$9(NodeTestTask.java:139)
	at org.junit.platform.engine.support.hierarchical.ThrowableCollector.execute(ThrowableCollector.java:73)
	at org.junit.platform.engine.support.hierarchical.NodeTestTask.executeRecursively(NodeTestTask.java:138)
	at org.junit.platform.engine.support.hierarchical.NodeTestTask.execute(NodeTestTask.java:95)
	at java.base/java.util.ArrayList.forEach(ArrayList.java:1596)
	at org.junit.platform.engine.support.hierarchical.SameThreadHierarchicalTestExecutorService.invokeAll(SameThreadHierarchicalTestExecutorService.java:41)
	at org.junit.platform.engine.support.hierarchical.NodeTestTask.lambda$executeRecursively$6(NodeTestTask.java:155)
	at org.junit.platform.engine.support.hierarchical.ThrowableCollector.execute(ThrowableCollector.java:73)
	at org.junit.platform.engine.support.hierarchical.NodeTestTask.lambda$executeRecursively$8(NodeTestTask.java:141)
	at org.junit.platform.engine.support.hierarchical.Node.around(Node.java:137)
	at org.junit.platform.engine.support.hierarchical.NodeTestTask.lambda$executeRecursively$9(NodeTestTask.java:139)
	at org.junit.platform.engine.support.hierarchical.ThrowableCollector.execute(ThrowableCollector.java:73)
	at org.junit.platform.engine.support.hierarchical.NodeTestTask.executeRecursively(NodeTestTask.java:138)
	at org.junit.platform.engine.support.hierarchical.NodeTestTask.execute(NodeTestTask.java:95)
	at java.base/java.util.ArrayList.forEach(ArrayList.java:1596)
	at org.junit.platform.engine.support.hierarchical.SameThreadHierarchicalTestExecutorService.invokeAll(SameThreadHierarchicalTestExecutorService.java:41)
	at org.junit.platform.engine.support.hierarchical.NodeTestTask.lambda$executeRecursively$6(NodeTestTask.java:155)
	at org.junit.platform.engine.support.hierarchical.ThrowableCollector.execute(ThrowableCollector.java:73)
	at org.junit.platform.engine.support.hierarchical.NodeTestTask.lambda$executeRecursively$8(NodeTestTask.java:141)
	at org.junit.platform.engine.support.hierarchical.Node.around(Node.java:137)
	at org.junit.platform.engine.support.hierarchical.NodeTestTask.lambda$executeRecursively$9(NodeTestTask.java:139)
	at org.junit.platform.engine.support.hierarchical.ThrowableCollector.execute(ThrowableCollector.java:73)
	at org.junit.platform.engine.support.hierarchical.NodeTestTask.executeRecursively(NodeTestTask.java:138)
	at org.junit.platform.engine.support.hierarchical.NodeTestTask.execute(NodeTestTask.java:95)
	at org.junit.platform.engine.support.hierarchical.SameThreadHierarchicalTestExecutorService.submit(SameThreadHierarchicalTestExecutorService.java:35)
	at org.junit.platform.engine.support.hierarchical.HierarchicalTestExecutor.execute(HierarchicalTestExecutor.java:57)
	at org.junit.platform.engine.support.hierarchical.HierarchicalTestEngine.execute(HierarchicalTestEngine.java:54)
	at org.junit.platform.launcher.core.EngineExecutionOrchestrator.execute(EngineExecutionOrchestrator.java:198)
	at org.junit.platform.launcher.core.EngineExecutionOrchestrator.execute(EngineExecutionOrchestrator.java:169)
	at org.junit.platform.launcher.core.EngineExecutionOrchestrator.execute(EngineExecutionOrchestrator.java:93)
	at org.junit.platform.launcher.core.EngineExecutionOrchestrator.lambda$execute$0(EngineExecutionOrchestrator.java:58)
	at org.junit.platform.launcher.core.EngineExecutionOrchestrator.withInterceptedStreams(EngineExecutionOrchestrator.java:141)
	at org.junit.platform.launcher.core.EngineExecutionOrchestrator.execute(EngineExecutionOrchestrator.java:57)
	at org.junit.platform.launcher.core.DefaultLauncher.execute(DefaultLauncher.java:103)
	at org.junit.platform.launcher.core.DefaultLauncher.execute(DefaultLauncher.java:85)
	at org.junit.platform.launcher.core.DelegatingLauncher.execute(DelegatingLauncher.java:47)
	at org.junit.platform.launcher.core.SessionPerRequestLauncher.execute(SessionPerRequestLauncher.java:63)
	at com.intellij.junit5.JUnit5IdeaTestRunner.startRunnerWithArgs(JUnit5IdeaTestRunner.java:57)
	at com.intellij.rt.junit.IdeaTestRunner$Repeater$1.execute(IdeaTestRunner.java:38)
	at com.intellij.rt.execution.junit.TestsRepeater.repeat(TestsRepeater.java:11)
	at com.intellij.rt.junit.IdeaTestRunner$Repeater.startRunnerWithArgs(IdeaTestRunner.java:35)
	at com.intellij.rt.junit.JUnitStarter.prepareStreamsAndStart(JUnitStarter.java:232)
	at com.intellij.rt.junit.JUnitStarter.main(JUnitStarter.java:55)
2025-01-27 14:56:31 [main] INFO  l.insoft.uztis.tests.utils.TestUtils - Screenshot moved to C:\Users\ingrida.zadorozniene\Desktop\Asm\UZTIS\UZTIS_tests\test-output\screenshots\20250127\145631355_testFillNewApplication().png
2025-01-27 15:00:53 [main] INFO  lt.insoft.uztis.tests.UztisPageTest - Navigated to https://uztisdev.asseco.lt/home
2025-01-27 15:00:53 [main] INFO  l.i.u.t.SubmittedApplicationsPageTest - Starting test:'testFillNewApplication'
2025-01-27 15:00:54 [main] DEBUG l.i.u.t.SubmittedApplicationsPageTest - User logged in with test credentials
2025-01-27 15:00:54 [main] DEBUG l.i.u.t.SubmittedApplicationsPageTest - Opened 'Application Processing' menu.
2025-01-27 15:00:54 [main] DEBUG l.i.u.t.SubmittedApplicationsPageTest - Clicked on 'Application Forms' menu.
2025-01-27 15:00:55 [main] DEBUG l.i.u.t.SubmittedApplicationsPageTest - Retrieved last description code text: 'TST-VUI-67'.
2025-01-27 15:00:55 [main] DEBUG l.i.u.t.SubmittedApplicationsPageTest - Clicked on 'Invitation' menu.
2025-01-27 15:00:56 [main] DEBUG l.i.u.t.SubmittedApplicationsPageTest - Selected application section by code: 'TST-VUI-67'.
2025-01-27 15:00:56 [main] DEBUG l.i.u.t.SubmittedApplicationsPageTest - Clicked 'Search' button.
2025-01-27 15:00:56 [main] DEBUG l.i.u.t.SubmittedApplicationsPageTest - Retrieved invitation code: ''.
2025-01-27 15:00:56 [main] DEBUG l.i.u.t.SubmittedApplicationsPageTest - Clicked on 'Submitted Applications' menu.
2025-01-27 15:00:56 [main] DEBUG l.i.u.t.SubmittedApplicationsPageTest - Selected invitation by code: 'TST-VUI-67'.
2025-01-27 15:00:57 [main] DEBUG l.i.u.t.SubmittedApplicationsPageTest - Clicked on 'Action Application' button.
2025-01-27 15:00:57 [main] DEBUG l.i.u.t.SubmittedApplicationsPageTest - Clicked on 'New Application' button.
2025-01-27 15:00:57 [main] DEBUG l.i.u.t.SubmittedApplicationsPageTest - Clicked on 'RadioButtonFA' button.
2025-01-27 15:00:58 [main] DEBUG l.i.u.t.SubmittedApplicationsPageTest - Entered phone number into the input field.
2025-01-27 15:00:58 [main] DEBUG l.i.u.t.SubmittedApplicationsPageTest - Entered eMail into the input field.
2025-01-27 15:00:58 [main] INFO  l.i.u.p.SubmittedApplicationsPage - Located the dropdown button.
2025-01-27 15:01:16 [main] INFO  l.i.u.p.SubmittedApplicationsPage - Found 1741 options in the dropdown.
2025-01-27 15:01:16 [main] INFO  l.i.u.p.SubmittedApplicationsPage - Successfully selected the value: '01.11 - Grūdinių (išskyrus ryžius), ankštinių ir aliejingų sėklų augalų auginimas'
2025-01-27 15:01:27 [main] ERROR l.i.u.p.SubmittedApplicationsPage - Failed to close the dropdown with aria-expanded = 'false'. Attempting manual close.
2025-01-27 15:01:27 [main] INFO  l.i.u.p.SubmittedApplicationsPage - Manual close attempt for the dropdown using body click.
2025-01-27 15:01:27 [main] DEBUG l.i.u.t.SubmittedApplicationsPageTest - Entered Address into the input field.
2025-01-27 15:01:28 [main] DEBUG l.i.u.t.SubmittedApplicationsPageTest - Entered Address into the input field.
2025-01-27 15:01:28 [main] INFO  l.i.u.p.SubmittedApplicationsPage - Located the dropdown button.
2025-01-27 15:01:29 [main] INFO  l.i.u.p.SubmittedApplicationsPage - Successfully selected the value: 'Administratoriai'
2025-01-27 15:01:39 [main] ERROR l.i.u.p.SubmittedApplicationsPage - Timeout while waiting for dropdown to close with aria-expanded = 'false'.
2025-01-27 15:01:39 [main] DEBUG l.i.u.t.SubmittedApplicationsPageTest - Selected the value: 'Administratoriai'
2025-01-27 15:01:40 [main] INFO  l.i.u.p.SubmittedApplicationsPage - Located the dropdown button.
2025-01-27 15:01:40 [main] INFO  l.i.u.p.SubmittedApplicationsPage - Successfully selected the value: 'Kita'
2025-01-27 15:01:51 [main] ERROR l.i.u.p.SubmittedApplicationsPage - Timeout while waiting for dropdown to close with aria-expanded = 'false'.
2025-01-27 15:01:51 [main] DEBUG l.i.u.t.SubmittedApplicationsPageTest - Selected the value: 'Kita'
2025-01-27 15:01:51 [main] DEBUG l.i.u.t.SubmittedApplicationsPageTest - Selected the value: '6 val. per dieną ir 4 d. per savaitę'
2025-01-27 15:01:51 [main] DEBUG l.i.u.t.SubmittedApplicationsPageTest - Entered Address into the input field.
2025-01-27 15:02:02 [main] ERROR l.i.u.t.SubmittedApplicationsPageTest - Test 'testFillNewApplication' failed with error: no such element: Unable to locate element: {"method":"xpath","selector":"//label[contains(text(), 'Darbo vieta steigiama laikiniems darbams?')]/ancestor::mat-form-field//mat-radio-button//label[text()='Ne']/preceding-sibling::input[@type='radio']"}
  (Session info: chrome=131.0.6778.265)
For documentation on this error, please visit: https://www.selenium.dev/documentation/webdriver/troubleshooting/errors#no-such-element-exception
Build info: version: '4.27.0', revision: 'd6e718d134'
System info: os.name: 'Windows 11', os.arch: 'amd64', os.version: '10.0', java.version: '21.0.3'
Driver info: org.openqa.selenium.chrome.ChromeDriver
Command: [14eeaa56f27b6fdb51d96aa418b3aa77, findElement {value=//label[contains(text(), 'Darbo vieta steigiama laikiniems darbams?')]/ancestor::mat-form-field//mat-radio-button//label[text()='Ne']/preceding-sibling::input[@type='radio'], using=xpath}]
Capabilities {acceptInsecureCerts: false, browserName: chrome, browserVersion: 131.0.6778.265, chrome: {chromedriverVersion: 131.0.6778.264 (2d05e315153..., userDataDir: C:\Users\INGRID~1.ZAD\AppDa...}, fedcm:accounts: true, goog:chromeOptions: {debuggerAddress: localhost:58779}, networkConnectionEnabled: false, pageLoadStrategy: normal, platformName: windows, proxy: Proxy(), se:cdp: ws://localhost:58779/devtoo..., se:cdpVersion: 131.0.6778.265, setWindowRect: true, strictFileInteractability: false, timeouts: {implicit: 0, pageLoad: 300000, script: 30000}, unhandledPromptBehavior: dismiss and notify, webauthn:extension:credBlob: true, webauthn:extension:largeBlob: true, webauthn:extension:minPinLength: true, webauthn:extension:prf: true, webauthn:virtualAuthenticators: true}
Session ID: 14eeaa56f27b6fdb51d96aa418b3aa77
org.openqa.selenium.NoSuchElementException: no such element: Unable to locate element: {"method":"xpath","selector":"//label[contains(text(), 'Darbo vieta steigiama laikiniems darbams?')]/ancestor::mat-form-field//mat-radio-button//label[text()='Ne']/preceding-sibling::input[@type='radio']"}
  (Session info: chrome=131.0.6778.265)
For documentation on this error, please visit: https://www.selenium.dev/documentation/webdriver/troubleshooting/errors#no-such-element-exception
Build info: version: '4.27.0', revision: 'd6e718d134'
System info: os.name: 'Windows 11', os.arch: 'amd64', os.version: '10.0', java.version: '21.0.3'
Driver info: org.openqa.selenium.chrome.ChromeDriver
Command: [14eeaa56f27b6fdb51d96aa418b3aa77, findElement {value=//label[contains(text(), 'Darbo vieta steigiama laikiniems darbams?')]/ancestor::mat-form-field//mat-radio-button//label[text()='Ne']/preceding-sibling::input[@type='radio'], using=xpath}]
Capabilities {acceptInsecureCerts: false, browserName: chrome, browserVersion: 131.0.6778.265, chrome: {chromedriverVersion: 131.0.6778.264 (2d05e315153..., userDataDir: C:\Users\INGRID~1.ZAD\AppDa...}, fedcm:accounts: true, goog:chromeOptions: {debuggerAddress: localhost:58779}, networkConnectionEnabled: false, pageLoadStrategy: normal, platformName: windows, proxy: Proxy(), se:cdp: ws://localhost:58779/devtoo..., se:cdpVersion: 131.0.6778.265, setWindowRect: true, strictFileInteractability: false, timeouts: {implicit: 0, pageLoad: 300000, script: 30000}, unhandledPromptBehavior: dismiss and notify, webauthn:extension:credBlob: true, webauthn:extension:largeBlob: true, webauthn:extension:minPinLength: true, webauthn:extension:prf: true, webauthn:virtualAuthenticators: true}
Session ID: 14eeaa56f27b6fdb51d96aa418b3aa77
	at java.base/jdk.internal.reflect.DirectConstructorHandleAccessor.newInstance(DirectConstructorHandleAccessor.java:62)
	at java.base/java.lang.reflect.Constructor.newInstanceWithCaller(Constructor.java:502)
	at java.base/java.lang.reflect.Constructor.newInstance(Constructor.java:486)
	at org.openqa.selenium.remote.ErrorCodec.decode(ErrorCodec.java:167)
	at org.openqa.selenium.remote.codec.w3c.W3CHttpResponseCodec.decode(W3CHttpResponseCodec.java:138)
	at org.openqa.selenium.remote.codec.w3c.W3CHttpResponseCodec.decode(W3CHttpResponseCodec.java:50)
	at org.openqa.selenium.remote.HttpCommandExecutor.execute(HttpCommandExecutor.java:190)
	at org.openqa.selenium.remote.service.DriverCommandExecutor.invokeExecute(DriverCommandExecutor.java:216)
	at org.openqa.selenium.remote.service.DriverCommandExecutor.execute(DriverCommandExecutor.java:174)
	at org.openqa.selenium.remote.RemoteWebDriver.execute(RemoteWebDriver.java:545)
	at org.openqa.selenium.remote.ElementLocation$ElementFinder$2.findElement(ElementLocation.java:165)
	at org.openqa.selenium.remote.ElementLocation.findElement(ElementLocation.java:59)
	at org.openqa.selenium.remote.RemoteWebDriver.findElement(RemoteWebDriver.java:368)
	at org.openqa.selenium.remote.RemoteWebDriver.findElement(RemoteWebDriver.java:362)
	at org.openqa.selenium.support.pagefactory.DefaultElementLocator.findElement(DefaultElementLocator.java:68)
	at org.openqa.selenium.support.pagefactory.internal.LocatingElementHandler.invoke(LocatingElementHandler.java:38)
	at jdk.proxy2/jdk.proxy2.$Proxy14.isSelected(Unknown Source)
	at lt.insoft.uztis.pages.SubmittedApplicationsPage.clickRadioButtonTemporaryJob(SubmittedApplicationsPage.java:468)
	at lt.insoft.uztis.tests.SubmittedApplicationsPageTest.testFillNewApplication(SubmittedApplicationsPageTest.java:203)
	at java.base/jdk.internal.reflect.DirectMethodHandleAccessor.invoke(DirectMethodHandleAccessor.java:103)
	at java.base/java.lang.reflect.Method.invoke(Method.java:580)
	at org.junit.platform.commons.util.ReflectionUtils.invokeMethod(ReflectionUtils.java:728)
	at org.junit.jupiter.engine.execution.MethodInvocation.proceed(MethodInvocation.java:60)
	at org.junit.jupiter.engine.execution.InvocationInterceptorChain$ValidatingInvocation.proceed(InvocationInterceptorChain.java:131)
	at org.junit.jupiter.engine.extension.TimeoutExtension.intercept(TimeoutExtension.java:156)
	at org.junit.jupiter.engine.extension.TimeoutExtension.interceptTestableMethod(TimeoutExtension.java:147)
	at org.junit.jupiter.engine.extension.TimeoutExtension.interceptTestMethod(TimeoutExtension.java:86)
	at org.junit.jupiter.engine.execution.InterceptingExecutableInvoker$ReflectiveInterceptorCall.lambda$ofVoidMethod$0(InterceptingExecutableInvoker.java:103)
	at org.junit.jupiter.engine.execution.InterceptingExecutableInvoker.lambda$invoke$0(InterceptingExecutableInvoker.java:93)
	at org.junit.jupiter.engine.execution.InvocationInterceptorChain$InterceptedInvocation.proceed(InvocationInterceptorChain.java:106)
	at org.junit.jupiter.engine.execution.InvocationInterceptorChain.proceed(InvocationInterceptorChain.java:64)
	at org.junit.jupiter.engine.execution.InvocationInterceptorChain.chainAndInvoke(InvocationInterceptorChain.java:45)
	at org.junit.jupiter.engine.execution.InvocationInterceptorChain.invoke(InvocationInterceptorChain.java:37)
	at org.junit.jupiter.engine.execution.InterceptingExecutableInvoker.invoke(InterceptingExecutableInvoker.java:92)
	at org.junit.jupiter.engine.execution.InterceptingExecutableInvoker.invoke(InterceptingExecutableInvoker.java:86)
	at org.junit.jupiter.engine.descriptor.TestMethodTestDescriptor.lambda$invokeTestMethod$7(TestMethodTestDescriptor.java:218)
	at org.junit.platform.engine.support.hierarchical.ThrowableCollector.execute(ThrowableCollector.java:73)
	at org.junit.jupiter.engine.descriptor.TestMethodTestDescriptor.invokeTestMethod(TestMethodTestDescriptor.java:214)
	at org.junit.jupiter.engine.descriptor.TestMethodTestDescriptor.execute(TestMethodTestDescriptor.java:139)
	at org.junit.jupiter.engine.descriptor.TestMethodTestDescriptor.execute(TestMethodTestDescriptor.java:69)
	at org.junit.platform.engine.support.hierarchical.NodeTestTask.lambda$executeRecursively$6(NodeTestTask.java:151)
	at org.junit.platform.engine.support.hierarchical.ThrowableCollector.execute(ThrowableCollector.java:73)
	at org.junit.platform.engine.support.hierarchical.NodeTestTask.lambda$executeRecursively$8(NodeTestTask.java:141)
	at org.junit.platform.engine.support.hierarchical.Node.around(Node.java:137)
	at org.junit.platform.engine.support.hierarchical.NodeTestTask.lambda$executeRecursively$9(NodeTestTask.java:139)
	at org.junit.platform.engine.support.hierarchical.ThrowableCollector.execute(ThrowableCollector.java:73)
	at org.junit.platform.engine.support.hierarchical.NodeTestTask.executeRecursively(NodeTestTask.java:138)
	at org.junit.platform.engine.support.hierarchical.NodeTestTask.execute(NodeTestTask.java:95)
	at java.base/java.util.ArrayList.forEach(ArrayList.java:1596)
	at org.junit.platform.engine.support.hierarchical.SameThreadHierarchicalTestExecutorService.invokeAll(SameThreadHierarchicalTestExecutorService.java:41)
	at org.junit.platform.engine.support.hierarchical.NodeTestTask.lambda$executeRecursively$6(NodeTestTask.java:155)
	at org.junit.platform.engine.support.hierarchical.ThrowableCollector.execute(ThrowableCollector.java:73)
	at org.junit.platform.engine.support.hierarchical.NodeTestTask.lambda$executeRecursively$8(NodeTestTask.java:141)
	at org.junit.platform.engine.support.hierarchical.Node.around(Node.java:137)
	at org.junit.platform.engine.support.hierarchical.NodeTestTask.lambda$executeRecursively$9(NodeTestTask.java:139)
	at org.junit.platform.engine.support.hierarchical.ThrowableCollector.execute(ThrowableCollector.java:73)
	at org.junit.platform.engine.support.hierarchical.NodeTestTask.executeRecursively(NodeTestTask.java:138)
	at org.junit.platform.engine.support.hierarchical.NodeTestTask.execute(NodeTestTask.java:95)
	at java.base/java.util.ArrayList.forEach(ArrayList.java:1596)
	at org.junit.platform.engine.support.hierarchical.SameThreadHierarchicalTestExecutorService.invokeAll(SameThreadHierarchicalTestExecutorService.java:41)
	at org.junit.platform.engine.support.hierarchical.NodeTestTask.lambda$executeRecursively$6(NodeTestTask.java:155)
	at org.junit.platform.engine.support.hierarchical.ThrowableCollector.execute(ThrowableCollector.java:73)
	at org.junit.platform.engine.support.hierarchical.NodeTestTask.lambda$executeRecursively$8(NodeTestTask.java:141)
	at org.junit.platform.engine.support.hierarchical.Node.around(Node.java:137)
	at org.junit.platform.engine.support.hierarchical.NodeTestTask.lambda$executeRecursively$9(NodeTestTask.java:139)
	at org.junit.platform.engine.support.hierarchical.ThrowableCollector.execute(ThrowableCollector.java:73)
	at org.junit.platform.engine.support.hierarchical.NodeTestTask.executeRecursively(NodeTestTask.java:138)
	at org.junit.platform.engine.support.hierarchical.NodeTestTask.execute(NodeTestTask.java:95)
	at org.junit.platform.engine.support.hierarchical.SameThreadHierarchicalTestExecutorService.submit(SameThreadHierarchicalTestExecutorService.java:35)
	at org.junit.platform.engine.support.hierarchical.HierarchicalTestExecutor.execute(HierarchicalTestExecutor.java:57)
	at org.junit.platform.engine.support.hierarchical.HierarchicalTestEngine.execute(HierarchicalTestEngine.java:54)
	at org.junit.platform.launcher.core.EngineExecutionOrchestrator.execute(EngineExecutionOrchestrator.java:198)
	at org.junit.platform.launcher.core.EngineExecutionOrchestrator.execute(EngineExecutionOrchestrator.java:169)
	at org.junit.platform.launcher.core.EngineExecutionOrchestrator.execute(EngineExecutionOrchestrator.java:93)
	at org.junit.platform.launcher.core.EngineExecutionOrchestrator.lambda$execute$0(EngineExecutionOrchestrator.java:58)
	at org.junit.platform.launcher.core.EngineExecutionOrchestrator.withInterceptedStreams(EngineExecutionOrchestrator.java:141)
	at org.junit.platform.launcher.core.EngineExecutionOrchestrator.execute(EngineExecutionOrchestrator.java:57)
	at org.junit.platform.launcher.core.DefaultLauncher.execute(DefaultLauncher.java:103)
	at org.junit.platform.launcher.core.DefaultLauncher.execute(DefaultLauncher.java:85)
	at org.junit.platform.launcher.core.DelegatingLauncher.execute(DelegatingLauncher.java:47)
	at org.junit.platform.launcher.core.SessionPerRequestLauncher.execute(SessionPerRequestLauncher.java:63)
	at com.intellij.junit5.JUnit5IdeaTestRunner.startRunnerWithArgs(JUnit5IdeaTestRunner.java:57)
	at com.intellij.rt.junit.IdeaTestRunner$Repeater$1.execute(IdeaTestRunner.java:38)
	at com.intellij.rt.execution.junit.TestsRepeater.repeat(TestsRepeater.java:11)
	at com.intellij.rt.junit.IdeaTestRunner$Repeater.startRunnerWithArgs(IdeaTestRunner.java:35)
	at com.intellij.rt.junit.JUnitStarter.prepareStreamsAndStart(JUnitStarter.java:232)
	at com.intellij.rt.junit.JUnitStarter.main(JUnitStarter.java:55)
2025-01-27 15:02:02 [main] INFO  l.insoft.uztis.tests.utils.TestUtils - Screenshot moved to C:\Users\ingrida.zadorozniene\Desktop\Asm\UZTIS\UZTIS_tests\test-output\screenshots\20250127\150202168_testFillNewApplication().png
2025-01-27 15:12:22 [main] INFO  lt.insoft.uztis.tests.UztisPageTest - Navigated to https://uztisdev.asseco.lt/home
2025-01-27 15:12:22 [main] INFO  l.i.u.t.SubmittedApplicationsPageTest - Starting test:'testFillNewApplication'
2025-01-27 15:12:23 [main] DEBUG l.i.u.t.SubmittedApplicationsPageTest - User logged in with test credentials
2025-01-27 15:12:24 [main] DEBUG l.i.u.t.SubmittedApplicationsPageTest - Opened 'Application Processing' menu.
2025-01-27 15:12:24 [main] DEBUG l.i.u.t.SubmittedApplicationsPageTest - Clicked on 'Application Forms' menu.
2025-01-27 15:12:25 [main] DEBUG l.i.u.t.SubmittedApplicationsPageTest - Retrieved last description code text: 'TST-VUI-67'.
2025-01-27 15:12:25 [main] DEBUG l.i.u.t.SubmittedApplicationsPageTest - Clicked on 'Invitation' menu.
2025-01-27 15:12:26 [main] DEBUG l.i.u.t.SubmittedApplicationsPageTest - Selected application section by code: 'TST-VUI-67'.
2025-01-27 15:12:26 [main] DEBUG l.i.u.t.SubmittedApplicationsPageTest - Clicked 'Search' button.
2025-01-27 15:12:26 [main] DEBUG l.i.u.t.SubmittedApplicationsPageTest - Retrieved invitation code: ''.
2025-01-27 15:12:26 [main] DEBUG l.i.u.t.SubmittedApplicationsPageTest - Clicked on 'Submitted Applications' menu.
2025-01-27 15:12:26 [main] DEBUG l.i.u.t.SubmittedApplicationsPageTest - Selected invitation by code: 'TST-VUI-67'.
2025-01-27 15:12:27 [main] DEBUG l.i.u.t.SubmittedApplicationsPageTest - Clicked on 'Action Application' button.
2025-01-27 15:12:27 [main] DEBUG l.i.u.t.SubmittedApplicationsPageTest - Clicked on 'New Application' button.
2025-01-27 15:12:27 [main] DEBUG l.i.u.t.SubmittedApplicationsPageTest - Clicked on 'RadioButtonFA' button.
2025-01-27 15:12:27 [main] DEBUG l.i.u.t.SubmittedApplicationsPageTest - Entered phone number into the input field.
2025-01-27 15:12:28 [main] DEBUG l.i.u.t.SubmittedApplicationsPageTest - Entered eMail into the input field.
2025-01-27 15:12:28 [main] INFO  l.i.u.p.SubmittedApplicationsPage - Located the dropdown button.
2025-01-27 15:12:46 [main] INFO  l.i.u.p.SubmittedApplicationsPage - Found 1741 options in the dropdown.
2025-01-27 15:12:46 [main] INFO  l.i.u.p.SubmittedApplicationsPage - Successfully selected the value: '01.11 - Grūdinių (išskyrus ryžius), ankštinių ir aliejingų sėklų augalų auginimas'
2025-01-27 15:12:57 [main] ERROR l.i.u.p.SubmittedApplicationsPage - Failed to close the dropdown with aria-expanded = 'false'. Attempting manual close.
2025-01-27 15:12:57 [main] INFO  l.i.u.p.SubmittedApplicationsPage - Manual close attempt for the dropdown using body click.
2025-01-27 15:12:57 [main] DEBUG l.i.u.t.SubmittedApplicationsPageTest - Entered Address into the input field.
2025-01-27 15:12:58 [main] DEBUG l.i.u.t.SubmittedApplicationsPageTest - Entered Address into the input field.
2025-01-27 15:12:58 [main] INFO  l.i.u.p.SubmittedApplicationsPage - Located the dropdown button.
2025-01-27 15:12:59 [main] INFO  l.i.u.p.SubmittedApplicationsPage - Successfully selected the value: 'Administratoriai'
2025-01-27 15:13:10 [main] ERROR l.i.u.p.SubmittedApplicationsPage - Timeout while waiting for dropdown to close with aria-expanded = 'false'.
2025-01-27 15:13:10 [main] DEBUG l.i.u.t.SubmittedApplicationsPageTest - Selected the value: 'Administratoriai'
2025-01-27 15:13:10 [main] INFO  l.i.u.p.SubmittedApplicationsPage - Located the dropdown button.
2025-01-27 15:13:10 [main] INFO  l.i.u.p.SubmittedApplicationsPage - Successfully selected the value: 'Kita'
2025-01-27 15:13:21 [main] ERROR l.i.u.p.SubmittedApplicationsPage - Timeout while waiting for dropdown to close with aria-expanded = 'false'.
2025-01-27 15:13:21 [main] DEBUG l.i.u.t.SubmittedApplicationsPageTest - Selected the value: 'Kita'
2025-01-27 15:13:21 [main] DEBUG l.i.u.t.SubmittedApplicationsPageTest - Selected the value: '6 val. per dieną ir 4 d. per savaitę'
2025-01-27 15:13:22 [main] DEBUG l.i.u.t.SubmittedApplicationsPageTest - Entered Address into the input field.
2025-01-27 15:13:32 [main] ERROR l.i.u.t.SubmittedApplicationsPageTest - Test 'testFillNewApplication' failed with error: no such element: Unable to locate element: {"method":"xpath","selector":"//label[contains(text(), 'Darbo vieta steigiama laikiniems darbams?')]/ancestor::mat-form-field//mat-radio-button//label[text()='Ne']/preceding-sibling::input[@type='radio']"}
  (Session info: chrome=131.0.6778.265)
For documentation on this error, please visit: https://www.selenium.dev/documentation/webdriver/troubleshooting/errors#no-such-element-exception
Build info: version: '4.27.0', revision: 'd6e718d134'
System info: os.name: 'Windows 11', os.arch: 'amd64', os.version: '10.0', java.version: '21.0.3'
Driver info: org.openqa.selenium.chrome.ChromeDriver
Command: [536bfce81f59ca23a11c3dd63b90dd81, findElement {using=xpath, value=//label[contains(text(), 'Darbo vieta steigiama laikiniems darbams?')]/ancestor::mat-form-field//mat-radio-button//label[text()='Ne']/preceding-sibling::input[@type='radio']}]
Capabilities {acceptInsecureCerts: false, browserName: chrome, browserVersion: 131.0.6778.265, chrome: {chromedriverVersion: 131.0.6778.264 (2d05e315153..., userDataDir: C:\Users\INGRID~1.ZAD\AppDa...}, fedcm:accounts: true, goog:chromeOptions: {debuggerAddress: localhost:59171}, networkConnectionEnabled: false, pageLoadStrategy: normal, platformName: windows, proxy: Proxy(), se:cdp: ws://localhost:59171/devtoo..., se:cdpVersion: 131.0.6778.265, setWindowRect: true, strictFileInteractability: false, timeouts: {implicit: 0, pageLoad: 300000, script: 30000}, unhandledPromptBehavior: dismiss and notify, webauthn:extension:credBlob: true, webauthn:extension:largeBlob: true, webauthn:extension:minPinLength: true, webauthn:extension:prf: true, webauthn:virtualAuthenticators: true}
Session ID: 536bfce81f59ca23a11c3dd63b90dd81
org.openqa.selenium.NoSuchElementException: no such element: Unable to locate element: {"method":"xpath","selector":"//label[contains(text(), 'Darbo vieta steigiama laikiniems darbams?')]/ancestor::mat-form-field//mat-radio-button//label[text()='Ne']/preceding-sibling::input[@type='radio']"}
  (Session info: chrome=131.0.6778.265)
For documentation on this error, please visit: https://www.selenium.dev/documentation/webdriver/troubleshooting/errors#no-such-element-exception
Build info: version: '4.27.0', revision: 'd6e718d134'
System info: os.name: 'Windows 11', os.arch: 'amd64', os.version: '10.0', java.version: '21.0.3'
Driver info: org.openqa.selenium.chrome.ChromeDriver
Command: [536bfce81f59ca23a11c3dd63b90dd81, findElement {using=xpath, value=//label[contains(text(), 'Darbo vieta steigiama laikiniems darbams?')]/ancestor::mat-form-field//mat-radio-button//label[text()='Ne']/preceding-sibling::input[@type='radio']}]
Capabilities {acceptInsecureCerts: false, browserName: chrome, browserVersion: 131.0.6778.265, chrome: {chromedriverVersion: 131.0.6778.264 (2d05e315153..., userDataDir: C:\Users\INGRID~1.ZAD\AppDa...}, fedcm:accounts: true, goog:chromeOptions: {debuggerAddress: localhost:59171}, networkConnectionEnabled: false, pageLoadStrategy: normal, platformName: windows, proxy: Proxy(), se:cdp: ws://localhost:59171/devtoo..., se:cdpVersion: 131.0.6778.265, setWindowRect: true, strictFileInteractability: false, timeouts: {implicit: 0, pageLoad: 300000, script: 30000}, unhandledPromptBehavior: dismiss and notify, webauthn:extension:credBlob: true, webauthn:extension:largeBlob: true, webauthn:extension:minPinLength: true, webauthn:extension:prf: true, webauthn:virtualAuthenticators: true}
Session ID: 536bfce81f59ca23a11c3dd63b90dd81
	at java.base/jdk.internal.reflect.DirectConstructorHandleAccessor.newInstance(DirectConstructorHandleAccessor.java:62)
	at java.base/java.lang.reflect.Constructor.newInstanceWithCaller(Constructor.java:502)
	at java.base/java.lang.reflect.Constructor.newInstance(Constructor.java:486)
	at org.openqa.selenium.remote.ErrorCodec.decode(ErrorCodec.java:167)
	at org.openqa.selenium.remote.codec.w3c.W3CHttpResponseCodec.decode(W3CHttpResponseCodec.java:138)
	at org.openqa.selenium.remote.codec.w3c.W3CHttpResponseCodec.decode(W3CHttpResponseCodec.java:50)
	at org.openqa.selenium.remote.HttpCommandExecutor.execute(HttpCommandExecutor.java:190)
	at org.openqa.selenium.remote.service.DriverCommandExecutor.invokeExecute(DriverCommandExecutor.java:216)
	at org.openqa.selenium.remote.service.DriverCommandExecutor.execute(DriverCommandExecutor.java:174)
	at org.openqa.selenium.remote.RemoteWebDriver.execute(RemoteWebDriver.java:545)
	at org.openqa.selenium.remote.ElementLocation$ElementFinder$2.findElement(ElementLocation.java:165)
	at org.openqa.selenium.remote.ElementLocation.findElement(ElementLocation.java:59)
	at org.openqa.selenium.remote.RemoteWebDriver.findElement(RemoteWebDriver.java:368)
	at org.openqa.selenium.remote.RemoteWebDriver.findElement(RemoteWebDriver.java:362)
	at org.openqa.selenium.support.pagefactory.DefaultElementLocator.findElement(DefaultElementLocator.java:68)
	at org.openqa.selenium.support.pagefactory.internal.LocatingElementHandler.invoke(LocatingElementHandler.java:38)
	at jdk.proxy2/jdk.proxy2.$Proxy14.isSelected(Unknown Source)
	at lt.insoft.uztis.pages.SubmittedApplicationsPage.clickRadioButtonTemporaryJob(SubmittedApplicationsPage.java:468)
	at lt.insoft.uztis.tests.SubmittedApplicationsPageTest.testFillNewApplication(SubmittedApplicationsPageTest.java:203)
	at java.base/jdk.internal.reflect.DirectMethodHandleAccessor.invoke(DirectMethodHandleAccessor.java:103)
	at java.base/java.lang.reflect.Method.invoke(Method.java:580)
	at org.junit.platform.commons.util.ReflectionUtils.invokeMethod(ReflectionUtils.java:728)
	at org.junit.jupiter.engine.execution.MethodInvocation.proceed(MethodInvocation.java:60)
	at org.junit.jupiter.engine.execution.InvocationInterceptorChain$ValidatingInvocation.proceed(InvocationInterceptorChain.java:131)
	at org.junit.jupiter.engine.extension.TimeoutExtension.intercept(TimeoutExtension.java:156)
	at org.junit.jupiter.engine.extension.TimeoutExtension.interceptTestableMethod(TimeoutExtension.java:147)
	at org.junit.jupiter.engine.extension.TimeoutExtension.interceptTestMethod(TimeoutExtension.java:86)
	at org.junit.jupiter.engine.execution.InterceptingExecutableInvoker$ReflectiveInterceptorCall.lambda$ofVoidMethod$0(InterceptingExecutableInvoker.java:103)
	at org.junit.jupiter.engine.execution.InterceptingExecutableInvoker.lambda$invoke$0(InterceptingExecutableInvoker.java:93)
	at org.junit.jupiter.engine.execution.InvocationInterceptorChain$InterceptedInvocation.proceed(InvocationInterceptorChain.java:106)
	at org.junit.jupiter.engine.execution.InvocationInterceptorChain.proceed(InvocationInterceptorChain.java:64)
	at org.junit.jupiter.engine.execution.InvocationInterceptorChain.chainAndInvoke(InvocationInterceptorChain.java:45)
	at org.junit.jupiter.engine.execution.InvocationInterceptorChain.invoke(InvocationInterceptorChain.java:37)
	at org.junit.jupiter.engine.execution.InterceptingExecutableInvoker.invoke(InterceptingExecutableInvoker.java:92)
	at org.junit.jupiter.engine.execution.InterceptingExecutableInvoker.invoke(InterceptingExecutableInvoker.java:86)
	at org.junit.jupiter.engine.descriptor.TestMethodTestDescriptor.lambda$invokeTestMethod$7(TestMethodTestDescriptor.java:218)
	at org.junit.platform.engine.support.hierarchical.ThrowableCollector.execute(ThrowableCollector.java:73)
	at org.junit.jupiter.engine.descriptor.TestMethodTestDescriptor.invokeTestMethod(TestMethodTestDescriptor.java:214)
	at org.junit.jupiter.engine.descriptor.TestMethodTestDescriptor.execute(TestMethodTestDescriptor.java:139)
	at org.junit.jupiter.engine.descriptor.TestMethodTestDescriptor.execute(TestMethodTestDescriptor.java:69)
	at org.junit.platform.engine.support.hierarchical.NodeTestTask.lambda$executeRecursively$6(NodeTestTask.java:151)
	at org.junit.platform.engine.support.hierarchical.ThrowableCollector.execute(ThrowableCollector.java:73)
	at org.junit.platform.engine.support.hierarchical.NodeTestTask.lambda$executeRecursively$8(NodeTestTask.java:141)
	at org.junit.platform.engine.support.hierarchical.Node.around(Node.java:137)
	at org.junit.platform.engine.support.hierarchical.NodeTestTask.lambda$executeRecursively$9(NodeTestTask.java:139)
	at org.junit.platform.engine.support.hierarchical.ThrowableCollector.execute(ThrowableCollector.java:73)
	at org.junit.platform.engine.support.hierarchical.NodeTestTask.executeRecursively(NodeTestTask.java:138)
	at org.junit.platform.engine.support.hierarchical.NodeTestTask.execute(NodeTestTask.java:95)
	at java.base/java.util.ArrayList.forEach(ArrayList.java:1596)
	at org.junit.platform.engine.support.hierarchical.SameThreadHierarchicalTestExecutorService.invokeAll(SameThreadHierarchicalTestExecutorService.java:41)
	at org.junit.platform.engine.support.hierarchical.NodeTestTask.lambda$executeRecursively$6(NodeTestTask.java:155)
	at org.junit.platform.engine.support.hierarchical.ThrowableCollector.execute(ThrowableCollector.java:73)
	at org.junit.platform.engine.support.hierarchical.NodeTestTask.lambda$executeRecursively$8(NodeTestTask.java:141)
	at org.junit.platform.engine.support.hierarchical.Node.around(Node.java:137)
	at org.junit.platform.engine.support.hierarchical.NodeTestTask.lambda$executeRecursively$9(NodeTestTask.java:139)
	at org.junit.platform.engine.support.hierarchical.ThrowableCollector.execute(ThrowableCollector.java:73)
	at org.junit.platform.engine.support.hierarchical.NodeTestTask.executeRecursively(NodeTestTask.java:138)
	at org.junit.platform.engine.support.hierarchical.NodeTestTask.execute(NodeTestTask.java:95)
	at java.base/java.util.ArrayList.forEach(ArrayList.java:1596)
	at org.junit.platform.engine.support.hierarchical.SameThreadHierarchicalTestExecutorService.invokeAll(SameThreadHierarchicalTestExecutorService.java:41)
	at org.junit.platform.engine.support.hierarchical.NodeTestTask.lambda$executeRecursively$6(NodeTestTask.java:155)
	at org.junit.platform.engine.support.hierarchical.ThrowableCollector.execute(ThrowableCollector.java:73)
	at org.junit.platform.engine.support.hierarchical.NodeTestTask.lambda$executeRecursively$8(NodeTestTask.java:141)
	at org.junit.platform.engine.support.hierarchical.Node.around(Node.java:137)
	at org.junit.platform.engine.support.hierarchical.NodeTestTask.lambda$executeRecursively$9(NodeTestTask.java:139)
	at org.junit.platform.engine.support.hierarchical.ThrowableCollector.execute(ThrowableCollector.java:73)
	at org.junit.platform.engine.support.hierarchical.NodeTestTask.executeRecursively(NodeTestTask.java:138)
	at org.junit.platform.engine.support.hierarchical.NodeTestTask.execute(NodeTestTask.java:95)
	at org.junit.platform.engine.support.hierarchical.SameThreadHierarchicalTestExecutorService.submit(SameThreadHierarchicalTestExecutorService.java:35)
	at org.junit.platform.engine.support.hierarchical.HierarchicalTestExecutor.execute(HierarchicalTestExecutor.java:57)
	at org.junit.platform.engine.support.hierarchical.HierarchicalTestEngine.execute(HierarchicalTestEngine.java:54)
	at org.junit.platform.launcher.core.EngineExecutionOrchestrator.execute(EngineExecutionOrchestrator.java:198)
	at org.junit.platform.launcher.core.EngineExecutionOrchestrator.execute(EngineExecutionOrchestrator.java:169)
	at org.junit.platform.launcher.core.EngineExecutionOrchestrator.execute(EngineExecutionOrchestrator.java:93)
	at org.junit.platform.launcher.core.EngineExecutionOrchestrator.lambda$execute$0(EngineExecutionOrchestrator.java:58)
	at org.junit.platform.launcher.core.EngineExecutionOrchestrator.withInterceptedStreams(EngineExecutionOrchestrator.java:141)
	at org.junit.platform.launcher.core.EngineExecutionOrchestrator.execute(EngineExecutionOrchestrator.java:57)
	at org.junit.platform.launcher.core.DefaultLauncher.execute(DefaultLauncher.java:103)
	at org.junit.platform.launcher.core.DefaultLauncher.execute(DefaultLauncher.java:85)
	at org.junit.platform.launcher.core.DelegatingLauncher.execute(DelegatingLauncher.java:47)
	at org.junit.platform.launcher.core.SessionPerRequestLauncher.execute(SessionPerRequestLauncher.java:63)
	at com.intellij.junit5.JUnit5IdeaTestRunner.startRunnerWithArgs(JUnit5IdeaTestRunner.java:57)
	at com.intellij.rt.junit.IdeaTestRunner$Repeater$1.execute(IdeaTestRunner.java:38)
	at com.intellij.rt.execution.junit.TestsRepeater.repeat(TestsRepeater.java:11)
	at com.intellij.rt.junit.IdeaTestRunner$Repeater.startRunnerWithArgs(IdeaTestRunner.java:35)
	at com.intellij.rt.junit.JUnitStarter.prepareStreamsAndStart(JUnitStarter.java:232)
	at com.intellij.rt.junit.JUnitStarter.main(JUnitStarter.java:55)
2025-01-27 15:13:32 [main] INFO  l.insoft.uztis.tests.utils.TestUtils - Screenshot moved to C:\Users\ingrida.zadorozniene\Desktop\Asm\UZTIS\UZTIS_tests\test-output\screenshots\20250127\151332264_testFillNewApplication().png
2025-01-27 15:20:14 [main] INFO  lt.insoft.uztis.tests.UztisPageTest - Navigated to https://uztisdev.asseco.lt/home
2025-01-27 15:20:14 [main] INFO  l.i.u.t.SubmittedApplicationsPageTest - Starting test:'testFillNewApplication'
2025-01-27 15:20:14 [main] DEBUG l.i.u.t.SubmittedApplicationsPageTest - User logged in with test credentials
2025-01-27 15:20:15 [main] DEBUG l.i.u.t.SubmittedApplicationsPageTest - Opened 'Application Processing' menu.
2025-01-27 15:20:15 [main] DEBUG l.i.u.t.SubmittedApplicationsPageTest - Clicked on 'Application Forms' menu.
2025-01-27 15:20:15 [main] DEBUG l.i.u.t.SubmittedApplicationsPageTest - Retrieved last description code text: 'TST-VUI-67'.
2025-01-27 15:20:15 [main] DEBUG l.i.u.t.SubmittedApplicationsPageTest - Clicked on 'Invitation' menu.
2025-01-27 15:20:16 [main] DEBUG l.i.u.t.SubmittedApplicationsPageTest - Selected application section by code: 'TST-VUI-67'.
2025-01-27 15:20:16 [main] DEBUG l.i.u.t.SubmittedApplicationsPageTest - Clicked 'Search' button.
2025-01-27 15:20:16 [main] DEBUG l.i.u.t.SubmittedApplicationsPageTest - Retrieved invitation code: ''.
2025-01-27 15:20:16 [main] DEBUG l.i.u.t.SubmittedApplicationsPageTest - Clicked on 'Submitted Applications' menu.
2025-01-27 15:20:17 [main] DEBUG l.i.u.t.SubmittedApplicationsPageTest - Selected invitation by code: 'TST-VUI-67'.
2025-01-27 15:20:17 [main] DEBUG l.i.u.t.SubmittedApplicationsPageTest - Clicked on 'Action Application' button.
2025-01-27 15:20:17 [main] DEBUG l.i.u.t.SubmittedApplicationsPageTest - Clicked on 'New Application' button.
2025-01-27 15:20:18 [main] DEBUG l.i.u.t.SubmittedApplicationsPageTest - Clicked on 'RadioButtonFA' button.
2025-01-27 15:20:18 [main] DEBUG l.i.u.t.SubmittedApplicationsPageTest - Entered phone number into the input field.
2025-01-27 15:20:18 [main] DEBUG l.i.u.t.SubmittedApplicationsPageTest - Entered eMail into the input field.
2025-01-27 15:20:18 [main] INFO  l.i.u.p.SubmittedApplicationsPage - Located the dropdown button.
2025-01-27 15:20:38 [main] INFO  l.i.u.p.SubmittedApplicationsPage - Found 1741 options in the dropdown.
2025-01-27 15:20:39 [main] INFO  l.i.u.p.SubmittedApplicationsPage - Successfully selected the value: '01.11 - Grūdinių (išskyrus ryžius), ankštinių ir aliejingų sėklų augalų auginimas'
2025-01-27 15:20:49 [main] ERROR l.i.u.p.SubmittedApplicationsPage - Failed to close the dropdown with aria-expanded = 'false'. Attempting manual close.
2025-01-27 15:20:49 [main] INFO  l.i.u.p.SubmittedApplicationsPage - Manual close attempt for the dropdown using body click.
2025-01-27 15:20:49 [main] DEBUG l.i.u.t.SubmittedApplicationsPageTest - Entered Address into the input field.
2025-01-27 15:20:50 [main] DEBUG l.i.u.t.SubmittedApplicationsPageTest - Entered Address into the input field.
2025-01-27 15:20:50 [main] INFO  l.i.u.p.SubmittedApplicationsPage - Located the dropdown button.
2025-01-27 15:20:52 [main] INFO  l.i.u.p.SubmittedApplicationsPage - Successfully selected the value: 'Administratoriai'
2025-01-27 15:21:02 [main] ERROR l.i.u.p.SubmittedApplicationsPage - Timeout while waiting for dropdown to close with aria-expanded = 'false'.
2025-01-27 15:21:02 [main] DEBUG l.i.u.t.SubmittedApplicationsPageTest - Selected the value: 'Administratoriai'
2025-01-27 15:21:02 [main] INFO  l.i.u.p.SubmittedApplicationsPage - Located the dropdown button.
2025-01-27 15:21:03 [main] INFO  l.i.u.p.SubmittedApplicationsPage - Successfully selected the value: 'Kita'
2025-01-27 15:21:13 [main] ERROR l.i.u.p.SubmittedApplicationsPage - Timeout while waiting for dropdown to close with aria-expanded = 'false'.
2025-01-27 15:21:13 [main] DEBUG l.i.u.t.SubmittedApplicationsPageTest - Selected the value: 'Kita'
2025-01-27 15:21:13 [main] DEBUG l.i.u.t.SubmittedApplicationsPageTest - Selected the value: '6 val. per dieną ir 4 d. per savaitę'
2025-01-27 15:21:14 [main] DEBUG l.i.u.t.SubmittedApplicationsPageTest - Entered Address into the input field.
2025-01-27 15:21:24 [main] ERROR l.i.u.t.SubmittedApplicationsPageTest - Test 'testFillNewApplication' failed with error: no such element: Unable to locate element: {"method":"xpath","selector":"//div[contains(@class, 'mat-mdc-form-field-infix')]//common-textarea//textarea[3]"}
  (Session info: chrome=131.0.6778.265)
For documentation on this error, please visit: https://www.selenium.dev/documentation/webdriver/troubleshooting/errors#no-such-element-exception
Build info: version: '4.27.0', revision: 'd6e718d134'
System info: os.name: 'Windows 11', os.arch: 'amd64', os.version: '10.0', java.version: '21.0.3'
Driver info: org.openqa.selenium.chrome.ChromeDriver
Command: [1467ea93d793cbfec6cd4796e86c6dee, findElement {using=xpath, value=//div[contains(@class, 'mat-mdc-form-field-infix')]//common-textarea//textarea[3]}]
Capabilities {acceptInsecureCerts: false, browserName: chrome, browserVersion: 131.0.6778.265, chrome: {chromedriverVersion: 131.0.6778.264 (2d05e315153..., userDataDir: C:\Users\INGRID~1.ZAD\AppDa...}, fedcm:accounts: true, goog:chromeOptions: {debuggerAddress: localhost:59430}, networkConnectionEnabled: false, pageLoadStrategy: normal, platformName: windows, proxy: Proxy(), se:cdp: ws://localhost:59430/devtoo..., se:cdpVersion: 131.0.6778.265, setWindowRect: true, strictFileInteractability: false, timeouts: {implicit: 0, pageLoad: 300000, script: 30000}, unhandledPromptBehavior: dismiss and notify, webauthn:extension:credBlob: true, webauthn:extension:largeBlob: true, webauthn:extension:minPinLength: true, webauthn:extension:prf: true, webauthn:virtualAuthenticators: true}
Session ID: 1467ea93d793cbfec6cd4796e86c6dee
org.openqa.selenium.NoSuchElementException: no such element: Unable to locate element: {"method":"xpath","selector":"//div[contains(@class, 'mat-mdc-form-field-infix')]//common-textarea//textarea[3]"}
  (Session info: chrome=131.0.6778.265)
For documentation on this error, please visit: https://www.selenium.dev/documentation/webdriver/troubleshooting/errors#no-such-element-exception
Build info: version: '4.27.0', revision: 'd6e718d134'
System info: os.name: 'Windows 11', os.arch: 'amd64', os.version: '10.0', java.version: '21.0.3'
Driver info: org.openqa.selenium.chrome.ChromeDriver
Command: [1467ea93d793cbfec6cd4796e86c6dee, findElement {using=xpath, value=//div[contains(@class, 'mat-mdc-form-field-infix')]//common-textarea//textarea[3]}]
Capabilities {acceptInsecureCerts: false, browserName: chrome, browserVersion: 131.0.6778.265, chrome: {chromedriverVersion: 131.0.6778.264 (2d05e315153..., userDataDir: C:\Users\INGRID~1.ZAD\AppDa...}, fedcm:accounts: true, goog:chromeOptions: {debuggerAddress: localhost:59430}, networkConnectionEnabled: false, pageLoadStrategy: normal, platformName: windows, proxy: Proxy(), se:cdp: ws://localhost:59430/devtoo..., se:cdpVersion: 131.0.6778.265, setWindowRect: true, strictFileInteractability: false, timeouts: {implicit: 0, pageLoad: 300000, script: 30000}, unhandledPromptBehavior: dismiss and notify, webauthn:extension:credBlob: true, webauthn:extension:largeBlob: true, webauthn:extension:minPinLength: true, webauthn:extension:prf: true, webauthn:virtualAuthenticators: true}
Session ID: 1467ea93d793cbfec6cd4796e86c6dee
	at java.base/jdk.internal.reflect.DirectConstructorHandleAccessor.newInstance(DirectConstructorHandleAccessor.java:62)
	at java.base/java.lang.reflect.Constructor.newInstanceWithCaller(Constructor.java:502)
	at java.base/java.lang.reflect.Constructor.newInstance(Constructor.java:486)
	at org.openqa.selenium.remote.ErrorCodec.decode(ErrorCodec.java:167)
	at org.openqa.selenium.remote.codec.w3c.W3CHttpResponseCodec.decode(W3CHttpResponseCodec.java:138)
	at org.openqa.selenium.remote.codec.w3c.W3CHttpResponseCodec.decode(W3CHttpResponseCodec.java:50)
	at org.openqa.selenium.remote.HttpCommandExecutor.execute(HttpCommandExecutor.java:190)
	at org.openqa.selenium.remote.service.DriverCommandExecutor.invokeExecute(DriverCommandExecutor.java:216)
	at org.openqa.selenium.remote.service.DriverCommandExecutor.execute(DriverCommandExecutor.java:174)
	at org.openqa.selenium.remote.RemoteWebDriver.execute(RemoteWebDriver.java:545)
	at org.openqa.selenium.remote.ElementLocation$ElementFinder$2.findElement(ElementLocation.java:165)
	at org.openqa.selenium.remote.ElementLocation.findElement(ElementLocation.java:59)
	at org.openqa.selenium.remote.RemoteWebDriver.findElement(RemoteWebDriver.java:368)
	at org.openqa.selenium.remote.RemoteWebDriver.findElement(RemoteWebDriver.java:362)
	at org.openqa.selenium.support.pagefactory.DefaultElementLocator.findElement(DefaultElementLocator.java:68)
	at org.openqa.selenium.support.pagefactory.internal.LocatingElementHandler.invoke(LocatingElementHandler.java:38)
	at jdk.proxy2/jdk.proxy2.$Proxy14.clear(Unknown Source)
	at lt.insoft.uztis.pages.SubmittedApplicationsPage.enterJobDescription(SubmittedApplicationsPage.java:484)
	at lt.insoft.uztis.tests.SubmittedApplicationsPageTest.testFillNewApplication(SubmittedApplicationsPageTest.java:208)
	at java.base/jdk.internal.reflect.DirectMethodHandleAccessor.invoke(DirectMethodHandleAccessor.java:103)
	at java.base/java.lang.reflect.Method.invoke(Method.java:580)
	at org.junit.platform.commons.util.ReflectionUtils.invokeMethod(ReflectionUtils.java:728)
	at org.junit.jupiter.engine.execution.MethodInvocation.proceed(MethodInvocation.java:60)
	at org.junit.jupiter.engine.execution.InvocationInterceptorChain$ValidatingInvocation.proceed(InvocationInterceptorChain.java:131)
	at org.junit.jupiter.engine.extension.TimeoutExtension.intercept(TimeoutExtension.java:156)
	at org.junit.jupiter.engine.extension.TimeoutExtension.interceptTestableMethod(TimeoutExtension.java:147)
	at org.junit.jupiter.engine.extension.TimeoutExtension.interceptTestMethod(TimeoutExtension.java:86)
	at org.junit.jupiter.engine.execution.InterceptingExecutableInvoker$ReflectiveInterceptorCall.lambda$ofVoidMethod$0(InterceptingExecutableInvoker.java:103)
	at org.junit.jupiter.engine.execution.InterceptingExecutableInvoker.lambda$invoke$0(InterceptingExecutableInvoker.java:93)
	at org.junit.jupiter.engine.execution.InvocationInterceptorChain$InterceptedInvocation.proceed(InvocationInterceptorChain.java:106)
	at org.junit.jupiter.engine.execution.InvocationInterceptorChain.proceed(InvocationInterceptorChain.java:64)
	at org.junit.jupiter.engine.execution.InvocationInterceptorChain.chainAndInvoke(InvocationInterceptorChain.java:45)
	at org.junit.jupiter.engine.execution.InvocationInterceptorChain.invoke(InvocationInterceptorChain.java:37)
	at org.junit.jupiter.engine.execution.InterceptingExecutableInvoker.invoke(InterceptingExecutableInvoker.java:92)
	at org.junit.jupiter.engine.execution.InterceptingExecutableInvoker.invoke(InterceptingExecutableInvoker.java:86)
	at org.junit.jupiter.engine.descriptor.TestMethodTestDescriptor.lambda$invokeTestMethod$7(TestMethodTestDescriptor.java:218)
	at org.junit.platform.engine.support.hierarchical.ThrowableCollector.execute(ThrowableCollector.java:73)
	at org.junit.jupiter.engine.descriptor.TestMethodTestDescriptor.invokeTestMethod(TestMethodTestDescriptor.java:214)
	at org.junit.jupiter.engine.descriptor.TestMethodTestDescriptor.execute(TestMethodTestDescriptor.java:139)
	at org.junit.jupiter.engine.descriptor.TestMethodTestDescriptor.execute(TestMethodTestDescriptor.java:69)
	at org.junit.platform.engine.support.hierarchical.NodeTestTask.lambda$executeRecursively$6(NodeTestTask.java:151)
	at org.junit.platform.engine.support.hierarchical.ThrowableCollector.execute(ThrowableCollector.java:73)
	at org.junit.platform.engine.support.hierarchical.NodeTestTask.lambda$executeRecursively$8(NodeTestTask.java:141)
	at org.junit.platform.engine.support.hierarchical.Node.around(Node.java:137)
	at org.junit.platform.engine.support.hierarchical.NodeTestTask.lambda$executeRecursively$9(NodeTestTask.java:139)
	at org.junit.platform.engine.support.hierarchical.ThrowableCollector.execute(ThrowableCollector.java:73)
	at org.junit.platform.engine.support.hierarchical.NodeTestTask.executeRecursively(NodeTestTask.java:138)
	at org.junit.platform.engine.support.hierarchical.NodeTestTask.execute(NodeTestTask.java:95)
	at java.base/java.util.ArrayList.forEach(ArrayList.java:1596)
	at org.junit.platform.engine.support.hierarchical.SameThreadHierarchicalTestExecutorService.invokeAll(SameThreadHierarchicalTestExecutorService.java:41)
	at org.junit.platform.engine.support.hierarchical.NodeTestTask.lambda$executeRecursively$6(NodeTestTask.java:155)
	at org.junit.platform.engine.support.hierarchical.ThrowableCollector.execute(ThrowableCollector.java:73)
	at org.junit.platform.engine.support.hierarchical.NodeTestTask.lambda$executeRecursively$8(NodeTestTask.java:141)
	at org.junit.platform.engine.support.hierarchical.Node.around(Node.java:137)
	at org.junit.platform.engine.support.hierarchical.NodeTestTask.lambda$executeRecursively$9(NodeTestTask.java:139)
	at org.junit.platform.engine.support.hierarchical.ThrowableCollector.execute(ThrowableCollector.java:73)
	at org.junit.platform.engine.support.hierarchical.NodeTestTask.executeRecursively(NodeTestTask.java:138)
	at org.junit.platform.engine.support.hierarchical.NodeTestTask.execute(NodeTestTask.java:95)
	at java.base/java.util.ArrayList.forEach(ArrayList.java:1596)
	at org.junit.platform.engine.support.hierarchical.SameThreadHierarchicalTestExecutorService.invokeAll(SameThreadHierarchicalTestExecutorService.java:41)
	at org.junit.platform.engine.support.hierarchical.NodeTestTask.lambda$executeRecursively$6(NodeTestTask.java:155)
	at org.junit.platform.engine.support.hierarchical.ThrowableCollector.execute(ThrowableCollector.java:73)
	at org.junit.platform.engine.support.hierarchical.NodeTestTask.lambda$executeRecursively$8(NodeTestTask.java:141)
	at org.junit.platform.engine.support.hierarchical.Node.around(Node.java:137)
	at org.junit.platform.engine.support.hierarchical.NodeTestTask.lambda$executeRecursively$9(NodeTestTask.java:139)
	at org.junit.platform.engine.support.hierarchical.ThrowableCollector.execute(ThrowableCollector.java:73)
	at org.junit.platform.engine.support.hierarchical.NodeTestTask.executeRecursively(NodeTestTask.java:138)
	at org.junit.platform.engine.support.hierarchical.NodeTestTask.execute(NodeTestTask.java:95)
	at org.junit.platform.engine.support.hierarchical.SameThreadHierarchicalTestExecutorService.submit(SameThreadHierarchicalTestExecutorService.java:35)
	at org.junit.platform.engine.support.hierarchical.HierarchicalTestExecutor.execute(HierarchicalTestExecutor.java:57)
	at org.junit.platform.engine.support.hierarchical.HierarchicalTestEngine.execute(HierarchicalTestEngine.java:54)
	at org.junit.platform.launcher.core.EngineExecutionOrchestrator.execute(EngineExecutionOrchestrator.java:198)
	at org.junit.platform.launcher.core.EngineExecutionOrchestrator.execute(EngineExecutionOrchestrator.java:169)
	at org.junit.platform.launcher.core.EngineExecutionOrchestrator.execute(EngineExecutionOrchestrator.java:93)
	at org.junit.platform.launcher.core.EngineExecutionOrchestrator.lambda$execute$0(EngineExecutionOrchestrator.java:58)
	at org.junit.platform.launcher.core.EngineExecutionOrchestrator.withInterceptedStreams(EngineExecutionOrchestrator.java:141)
	at org.junit.platform.launcher.core.EngineExecutionOrchestrator.execute(EngineExecutionOrchestrator.java:57)
	at org.junit.platform.launcher.core.DefaultLauncher.execute(DefaultLauncher.java:103)
	at org.junit.platform.launcher.core.DefaultLauncher.execute(DefaultLauncher.java:85)
	at org.junit.platform.launcher.core.DelegatingLauncher.execute(DelegatingLauncher.java:47)
	at org.junit.platform.launcher.core.SessionPerRequestLauncher.execute(SessionPerRequestLauncher.java:63)
	at com.intellij.junit5.JUnit5IdeaTestRunner.startRunnerWithArgs(JUnit5IdeaTestRunner.java:57)
	at com.intellij.rt.junit.IdeaTestRunner$Repeater$1.execute(IdeaTestRunner.java:38)
	at com.intellij.rt.execution.junit.TestsRepeater.repeat(TestsRepeater.java:11)
	at com.intellij.rt.junit.IdeaTestRunner$Repeater.startRunnerWithArgs(IdeaTestRunner.java:35)
	at com.intellij.rt.junit.JUnitStarter.prepareStreamsAndStart(JUnitStarter.java:232)
	at com.intellij.rt.junit.JUnitStarter.main(JUnitStarter.java:55)
2025-01-27 15:21:24 [main] INFO  l.insoft.uztis.tests.utils.TestUtils - Screenshot moved to C:\Users\ingrida.zadorozniene\Desktop\Asm\UZTIS\UZTIS_tests\test-output\screenshots\20250127\152124733_testFillNewApplication().png
2025-01-27 15:22:04 [main] INFO  lt.insoft.uztis.tests.UztisPageTest - Navigated to https://uztisdev.asseco.lt/home
2025-01-27 15:22:04 [main] INFO  l.i.u.t.SubmittedApplicationsPageTest - Starting test:'testFillNewApplication'
2025-01-27 15:22:04 [main] DEBUG l.i.u.t.SubmittedApplicationsPageTest - User logged in with test credentials
2025-01-27 15:22:05 [main] DEBUG l.i.u.t.SubmittedApplicationsPageTest - Opened 'Application Processing' menu.
2025-01-27 15:22:05 [main] DEBUG l.i.u.t.SubmittedApplicationsPageTest - Clicked on 'Application Forms' menu.
2025-01-27 15:22:05 [main] DEBUG l.i.u.t.SubmittedApplicationsPageTest - Retrieved last description code text: 'TST-VUI-67'.
2025-01-27 15:22:05 [main] DEBUG l.i.u.t.SubmittedApplicationsPageTest - Clicked on 'Invitation' menu.
2025-01-27 15:22:06 [main] DEBUG l.i.u.t.SubmittedApplicationsPageTest - Selected application section by code: 'TST-VUI-67'.
2025-01-27 15:22:06 [main] DEBUG l.i.u.t.SubmittedApplicationsPageTest - Clicked 'Search' button.
2025-01-27 15:22:06 [main] DEBUG l.i.u.t.SubmittedApplicationsPageTest - Retrieved invitation code: ''.
2025-01-27 15:22:06 [main] DEBUG l.i.u.t.SubmittedApplicationsPageTest - Clicked on 'Submitted Applications' menu.
2025-01-27 15:22:07 [main] DEBUG l.i.u.t.SubmittedApplicationsPageTest - Selected invitation by code: 'TST-VUI-67'.
2025-01-27 15:22:07 [main] DEBUG l.i.u.t.SubmittedApplicationsPageTest - Clicked on 'Action Application' button.
2025-01-27 15:22:07 [main] DEBUG l.i.u.t.SubmittedApplicationsPageTest - Clicked on 'New Application' button.
2025-01-27 15:22:08 [main] DEBUG l.i.u.t.SubmittedApplicationsPageTest - Clicked on 'RadioButtonFA' button.
2025-01-27 15:22:08 [main] DEBUG l.i.u.t.SubmittedApplicationsPageTest - Entered phone number into the input field.
2025-01-27 15:22:08 [main] DEBUG l.i.u.t.SubmittedApplicationsPageTest - Entered eMail into the input field.
2025-01-27 15:22:08 [main] INFO  l.i.u.p.SubmittedApplicationsPage - Located the dropdown button.
2025-01-27 15:22:28 [main] INFO  l.i.u.p.SubmittedApplicationsPage - Found 1741 options in the dropdown.
2025-01-27 15:22:28 [main] INFO  l.i.u.p.SubmittedApplicationsPage - Successfully selected the value: '01.11 - Grūdinių (išskyrus ryžius), ankštinių ir aliejingų sėklų augalų auginimas'
2025-01-27 15:22:38 [main] ERROR l.i.u.p.SubmittedApplicationsPage - Failed to close the dropdown with aria-expanded = 'false'. Attempting manual close.
2025-01-27 15:22:38 [main] INFO  l.i.u.p.SubmittedApplicationsPage - Manual close attempt for the dropdown using body click.
2025-01-27 15:22:39 [main] DEBUG l.i.u.t.SubmittedApplicationsPageTest - Entered Address into the input field.
2025-01-27 15:22:39 [main] DEBUG l.i.u.t.SubmittedApplicationsPageTest - Entered Address into the input field.
2025-01-27 15:22:39 [main] INFO  l.i.u.p.SubmittedApplicationsPage - Located the dropdown button.
2025-01-27 15:22:41 [main] INFO  l.i.u.p.SubmittedApplicationsPage - Successfully selected the value: 'Administratoriai'
2025-01-27 15:22:51 [main] ERROR l.i.u.p.SubmittedApplicationsPage - Timeout while waiting for dropdown to close with aria-expanded = 'false'.
2025-01-27 15:22:51 [main] DEBUG l.i.u.t.SubmittedApplicationsPageTest - Selected the value: 'Administratoriai'
2025-01-27 15:22:51 [main] INFO  l.i.u.p.SubmittedApplicationsPage - Located the dropdown button.
2025-01-27 15:22:52 [main] INFO  l.i.u.p.SubmittedApplicationsPage - Successfully selected the value: 'Kita'
2025-01-27 15:23:02 [main] ERROR l.i.u.p.SubmittedApplicationsPage - Timeout while waiting for dropdown to close with aria-expanded = 'false'.
2025-01-27 15:23:02 [main] DEBUG l.i.u.t.SubmittedApplicationsPageTest - Selected the value: 'Kita'
2025-01-27 15:23:02 [main] DEBUG l.i.u.t.SubmittedApplicationsPageTest - Selected the value: '6 val. per dieną ir 4 d. per savaitę'
2025-01-27 15:23:03 [main] DEBUG l.i.u.t.SubmittedApplicationsPageTest - Entered Address into the input field.
2025-01-27 15:23:13 [main] ERROR l.i.u.t.SubmittedApplicationsPageTest - Test 'testFillNewApplication' failed with error: no such element: Unable to locate element: {"method":"xpath","selector":"//div[contains(@class, 'mat-mdc-form-field-infix')]//common-textarea//textarea[3]"}
  (Session info: chrome=131.0.6778.265)
For documentation on this error, please visit: https://www.selenium.dev/documentation/webdriver/troubleshooting/errors#no-such-element-exception
Build info: version: '4.27.0', revision: 'd6e718d134'
System info: os.name: 'Windows 11', os.arch: 'amd64', os.version: '10.0', java.version: '21.0.3'
Driver info: org.openqa.selenium.chrome.ChromeDriver
Command: [276add1866377988e0e94b8e9614867a, findElement {using=xpath, value=//div[contains(@class, 'mat-mdc-form-field-infix')]//common-textarea//textarea[3]}]
Capabilities {acceptInsecureCerts: false, browserName: chrome, browserVersion: 131.0.6778.265, chrome: {chromedriverVersion: 131.0.6778.264 (2d05e315153..., userDataDir: C:\Users\INGRID~1.ZAD\AppDa...}, fedcm:accounts: true, goog:chromeOptions: {debuggerAddress: localhost:59507}, networkConnectionEnabled: false, pageLoadStrategy: normal, platformName: windows, proxy: Proxy(), se:cdp: ws://localhost:59507/devtoo..., se:cdpVersion: 131.0.6778.265, setWindowRect: true, strictFileInteractability: false, timeouts: {implicit: 0, pageLoad: 300000, script: 30000}, unhandledPromptBehavior: dismiss and notify, webauthn:extension:credBlob: true, webauthn:extension:largeBlob: true, webauthn:extension:minPinLength: true, webauthn:extension:prf: true, webauthn:virtualAuthenticators: true}
Session ID: 276add1866377988e0e94b8e9614867a
org.openqa.selenium.NoSuchElementException: no such element: Unable to locate element: {"method":"xpath","selector":"//div[contains(@class, 'mat-mdc-form-field-infix')]//common-textarea//textarea[3]"}
  (Session info: chrome=131.0.6778.265)
For documentation on this error, please visit: https://www.selenium.dev/documentation/webdriver/troubleshooting/errors#no-such-element-exception
Build info: version: '4.27.0', revision: 'd6e718d134'
System info: os.name: 'Windows 11', os.arch: 'amd64', os.version: '10.0', java.version: '21.0.3'
Driver info: org.openqa.selenium.chrome.ChromeDriver
Command: [276add1866377988e0e94b8e9614867a, findElement {using=xpath, value=//div[contains(@class, 'mat-mdc-form-field-infix')]//common-textarea//textarea[3]}]
Capabilities {acceptInsecureCerts: false, browserName: chrome, browserVersion: 131.0.6778.265, chrome: {chromedriverVersion: 131.0.6778.264 (2d05e315153..., userDataDir: C:\Users\INGRID~1.ZAD\AppDa...}, fedcm:accounts: true, goog:chromeOptions: {debuggerAddress: localhost:59507}, networkConnectionEnabled: false, pageLoadStrategy: normal, platformName: windows, proxy: Proxy(), se:cdp: ws://localhost:59507/devtoo..., se:cdpVersion: 131.0.6778.265, setWindowRect: true, strictFileInteractability: false, timeouts: {implicit: 0, pageLoad: 300000, script: 30000}, unhandledPromptBehavior: dismiss and notify, webauthn:extension:credBlob: true, webauthn:extension:largeBlob: true, webauthn:extension:minPinLength: true, webauthn:extension:prf: true, webauthn:virtualAuthenticators: true}
Session ID: 276add1866377988e0e94b8e9614867a
	at java.base/jdk.internal.reflect.DirectConstructorHandleAccessor.newInstance(DirectConstructorHandleAccessor.java:62)
	at java.base/java.lang.reflect.Constructor.newInstanceWithCaller(Constructor.java:502)
	at java.base/java.lang.reflect.Constructor.newInstance(Constructor.java:486)
	at org.openqa.selenium.remote.ErrorCodec.decode(ErrorCodec.java:167)
	at org.openqa.selenium.remote.codec.w3c.W3CHttpResponseCodec.decode(W3CHttpResponseCodec.java:138)
	at org.openqa.selenium.remote.codec.w3c.W3CHttpResponseCodec.decode(W3CHttpResponseCodec.java:50)
	at org.openqa.selenium.remote.HttpCommandExecutor.execute(HttpCommandExecutor.java:190)
	at org.openqa.selenium.remote.service.DriverCommandExecutor.invokeExecute(DriverCommandExecutor.java:216)
	at org.openqa.selenium.remote.service.DriverCommandExecutor.execute(DriverCommandExecutor.java:174)
	at org.openqa.selenium.remote.RemoteWebDriver.execute(RemoteWebDriver.java:545)
	at org.openqa.selenium.remote.ElementLocation$ElementFinder$2.findElement(ElementLocation.java:165)
	at org.openqa.selenium.remote.ElementLocation.findElement(ElementLocation.java:59)
	at org.openqa.selenium.remote.RemoteWebDriver.findElement(RemoteWebDriver.java:368)
	at org.openqa.selenium.remote.RemoteWebDriver.findElement(RemoteWebDriver.java:362)
	at org.openqa.selenium.support.pagefactory.DefaultElementLocator.findElement(DefaultElementLocator.java:68)
	at org.openqa.selenium.support.pagefactory.internal.LocatingElementHandler.invoke(LocatingElementHandler.java:38)
	at jdk.proxy2/jdk.proxy2.$Proxy14.clear(Unknown Source)
	at lt.insoft.uztis.pages.SubmittedApplicationsPage.enterJobDescription(SubmittedApplicationsPage.java:484)
	at lt.insoft.uztis.tests.SubmittedApplicationsPageTest.testFillNewApplication(SubmittedApplicationsPageTest.java:208)
	at java.base/jdk.internal.reflect.DirectMethodHandleAccessor.invoke(DirectMethodHandleAccessor.java:103)
	at java.base/java.lang.reflect.Method.invoke(Method.java:580)
	at org.junit.platform.commons.util.ReflectionUtils.invokeMethod(ReflectionUtils.java:728)
	at org.junit.jupiter.engine.execution.MethodInvocation.proceed(MethodInvocation.java:60)
	at org.junit.jupiter.engine.execution.InvocationInterceptorChain$ValidatingInvocation.proceed(InvocationInterceptorChain.java:131)
	at org.junit.jupiter.engine.extension.TimeoutExtension.intercept(TimeoutExtension.java:156)
	at org.junit.jupiter.engine.extension.TimeoutExtension.interceptTestableMethod(TimeoutExtension.java:147)
	at org.junit.jupiter.engine.extension.TimeoutExtension.interceptTestMethod(TimeoutExtension.java:86)
	at org.junit.jupiter.engine.execution.InterceptingExecutableInvoker$ReflectiveInterceptorCall.lambda$ofVoidMethod$0(InterceptingExecutableInvoker.java:103)
	at org.junit.jupiter.engine.execution.InterceptingExecutableInvoker.lambda$invoke$0(InterceptingExecutableInvoker.java:93)
	at org.junit.jupiter.engine.execution.InvocationInterceptorChain$InterceptedInvocation.proceed(InvocationInterceptorChain.java:106)
	at org.junit.jupiter.engine.execution.InvocationInterceptorChain.proceed(InvocationInterceptorChain.java:64)
	at org.junit.jupiter.engine.execution.InvocationInterceptorChain.chainAndInvoke(InvocationInterceptorChain.java:45)
	at org.junit.jupiter.engine.execution.InvocationInterceptorChain.invoke(InvocationInterceptorChain.java:37)
	at org.junit.jupiter.engine.execution.InterceptingExecutableInvoker.invoke(InterceptingExecutableInvoker.java:92)
	at org.junit.jupiter.engine.execution.InterceptingExecutableInvoker.invoke(InterceptingExecutableInvoker.java:86)
	at org.junit.jupiter.engine.descriptor.TestMethodTestDescriptor.lambda$invokeTestMethod$7(TestMethodTestDescriptor.java:218)
	at org.junit.platform.engine.support.hierarchical.ThrowableCollector.execute(ThrowableCollector.java:73)
	at org.junit.jupiter.engine.descriptor.TestMethodTestDescriptor.invokeTestMethod(TestMethodTestDescriptor.java:214)
	at org.junit.jupiter.engine.descriptor.TestMethodTestDescriptor.execute(TestMethodTestDescriptor.java:139)
	at org.junit.jupiter.engine.descriptor.TestMethodTestDescriptor.execute(TestMethodTestDescriptor.java:69)
	at org.junit.platform.engine.support.hierarchical.NodeTestTask.lambda$executeRecursively$6(NodeTestTask.java:151)
	at org.junit.platform.engine.support.hierarchical.ThrowableCollector.execute(ThrowableCollector.java:73)
	at org.junit.platform.engine.support.hierarchical.NodeTestTask.lambda$executeRecursively$8(NodeTestTask.java:141)
	at org.junit.platform.engine.support.hierarchical.Node.around(Node.java:137)
	at org.junit.platform.engine.support.hierarchical.NodeTestTask.lambda$executeRecursively$9(NodeTestTask.java:139)
	at org.junit.platform.engine.support.hierarchical.ThrowableCollector.execute(ThrowableCollector.java:73)
	at org.junit.platform.engine.support.hierarchical.NodeTestTask.executeRecursively(NodeTestTask.java:138)
	at org.junit.platform.engine.support.hierarchical.NodeTestTask.execute(NodeTestTask.java:95)
	at java.base/java.util.ArrayList.forEach(ArrayList.java:1596)
	at org.junit.platform.engine.support.hierarchical.SameThreadHierarchicalTestExecutorService.invokeAll(SameThreadHierarchicalTestExecutorService.java:41)
	at org.junit.platform.engine.support.hierarchical.NodeTestTask.lambda$executeRecursively$6(NodeTestTask.java:155)
	at org.junit.platform.engine.support.hierarchical.ThrowableCollector.execute(ThrowableCollector.java:73)
	at org.junit.platform.engine.support.hierarchical.NodeTestTask.lambda$executeRecursively$8(NodeTestTask.java:141)
	at org.junit.platform.engine.support.hierarchical.Node.around(Node.java:137)
	at org.junit.platform.engine.support.hierarchical.NodeTestTask.lambda$executeRecursively$9(NodeTestTask.java:139)
	at org.junit.platform.engine.support.hierarchical.ThrowableCollector.execute(ThrowableCollector.java:73)
	at org.junit.platform.engine.support.hierarchical.NodeTestTask.executeRecursively(NodeTestTask.java:138)
	at org.junit.platform.engine.support.hierarchical.NodeTestTask.execute(NodeTestTask.java:95)
	at java.base/java.util.ArrayList.forEach(ArrayList.java:1596)
	at org.junit.platform.engine.support.hierarchical.SameThreadHierarchicalTestExecutorService.invokeAll(SameThreadHierarchicalTestExecutorService.java:41)
	at org.junit.platform.engine.support.hierarchical.NodeTestTask.lambda$executeRecursively$6(NodeTestTask.java:155)
	at org.junit.platform.engine.support.hierarchical.ThrowableCollector.execute(ThrowableCollector.java:73)
	at org.junit.platform.engine.support.hierarchical.NodeTestTask.lambda$executeRecursively$8(NodeTestTask.java:141)
	at org.junit.platform.engine.support.hierarchical.Node.around(Node.java:137)
	at org.junit.platform.engine.support.hierarchical.NodeTestTask.lambda$executeRecursively$9(NodeTestTask.java:139)
	at org.junit.platform.engine.support.hierarchical.ThrowableCollector.execute(ThrowableCollector.java:73)
	at org.junit.platform.engine.support.hierarchical.NodeTestTask.executeRecursively(NodeTestTask.java:138)
	at org.junit.platform.engine.support.hierarchical.NodeTestTask.execute(NodeTestTask.java:95)
	at org.junit.platform.engine.support.hierarchical.SameThreadHierarchicalTestExecutorService.submit(SameThreadHierarchicalTestExecutorService.java:35)
	at org.junit.platform.engine.support.hierarchical.HierarchicalTestExecutor.execute(HierarchicalTestExecutor.java:57)
	at org.junit.platform.engine.support.hierarchical.HierarchicalTestEngine.execute(HierarchicalTestEngine.java:54)
	at org.junit.platform.launcher.core.EngineExecutionOrchestrator.execute(EngineExecutionOrchestrator.java:198)
	at org.junit.platform.launcher.core.EngineExecutionOrchestrator.execute(EngineExecutionOrchestrator.java:169)
	at org.junit.platform.launcher.core.EngineExecutionOrchestrator.execute(EngineExecutionOrchestrator.java:93)
	at org.junit.platform.launcher.core.EngineExecutionOrchestrator.lambda$execute$0(EngineExecutionOrchestrator.java:58)
	at org.junit.platform.launcher.core.EngineExecutionOrchestrator.withInterceptedStreams(EngineExecutionOrchestrator.java:141)
	at org.junit.platform.launcher.core.EngineExecutionOrchestrator.execute(EngineExecutionOrchestrator.java:57)
	at org.junit.platform.launcher.core.DefaultLauncher.execute(DefaultLauncher.java:103)
	at org.junit.platform.launcher.core.DefaultLauncher.execute(DefaultLauncher.java:85)
	at org.junit.platform.launcher.core.DelegatingLauncher.execute(DelegatingLauncher.java:47)
	at org.junit.platform.launcher.core.SessionPerRequestLauncher.execute(SessionPerRequestLauncher.java:63)
	at com.intellij.junit5.JUnit5IdeaTestRunner.startRunnerWithArgs(JUnit5IdeaTestRunner.java:57)
	at com.intellij.rt.junit.IdeaTestRunner$Repeater$1.execute(IdeaTestRunner.java:38)
	at com.intellij.rt.execution.junit.TestsRepeater.repeat(TestsRepeater.java:11)
	at com.intellij.rt.junit.IdeaTestRunner$Repeater.startRunnerWithArgs(IdeaTestRunner.java:35)
	at com.intellij.rt.junit.JUnitStarter.prepareStreamsAndStart(JUnitStarter.java:232)
	at com.intellij.rt.junit.JUnitStarter.main(JUnitStarter.java:55)
2025-01-27 15:23:13 [main] INFO  l.insoft.uztis.tests.utils.TestUtils - Screenshot moved to C:\Users\ingrida.zadorozniene\Desktop\Asm\UZTIS\UZTIS_tests\test-output\screenshots\20250127\152313890_testFillNewApplication().png
2025-01-28 12:41:55 [main] INFO  lt.insoft.uztis.tests.UztisPageTest - Navigated to https://uztisdev.asseco.lt/home
2025-01-28 12:41:55 [main] INFO  l.i.u.tests.ApplicationFormsPageTest - Setup complete. ApplicationFormsPage initialized.
2025-01-28 12:41:55 [main] INFO  l.i.u.tests.ApplicationFormsPageTest - Starting test:'testCreateNewVuiApplication'
2025-01-28 12:41:55 [main] DEBUG l.i.u.tests.ApplicationFormsPageTest - User logged in with test credentials
2025-01-28 12:41:55 [main] DEBUG l.i.u.tests.ApplicationFormsPageTest - Opened 'Application Processing' menu.
2025-01-28 12:41:56 [main] DEBUG l.i.u.tests.ApplicationFormsPageTest - Clicked on 'Application Forms' menu.
2025-01-28 12:41:56 [main] DEBUG l.i.u.tests.ApplicationFormsPageTest - Clicked to create a new application form.
2025-01-28 12:41:56 [main] DEBUG l.i.u.tests.ApplicationFormsPageTest - Entered random application code: TST-VUI-41
2025-01-28 12:41:56 [main] DEBUG l.i.u.tests.ApplicationFormsPageTest - Selected 'Section' radio button.
2025-01-28 12:41:56 [main] INFO  l.i.uztis.pages.ApplicationFormsPage - Located the dropdown button.
2025-01-28 12:41:57 [main] INFO  l.i.uztis.pages.ApplicationFormsPage - Successfully selected the value: 'Skyrius 1'
2025-01-28 12:42:07 [main] ERROR l.i.uztis.pages.ApplicationFormsPage - Failed to close the dropdown with aria-expanded = 'false'.
2025-01-28 12:42:07 [main] DEBUG l.i.u.tests.ApplicationFormsPageTest - Selected a value from the 'Section' dropdown: 'Skyrius 1'
2025-01-28 12:42:07 [main] DEBUG l.i.u.tests.ApplicationFormsPageTest - Selected 'Budget by Municipality' option.
2025-01-28 12:42:07 [main] DEBUG l.i.u.tests.ApplicationFormsPageTest - Selected 'Financed Without Queue' option.
2025-01-28 12:42:08 [main] DEBUG l.i.u.tests.ApplicationFormsPageTest - Clicked 'Add' button.
2025-01-28 12:42:08 [main] INFO  l.i.uztis.pages.ApplicationFormsPage - Located the dropdown button.
2025-01-28 12:42:08 [main] INFO  l.i.uztis.pages.ApplicationFormsPage - Successfully selected the value: 'VUI paraiškos vertinimo forma - I etapas'
2025-01-28 12:42:19 [main] ERROR l.i.uztis.pages.ApplicationFormsPage - Failed to close the dropdown with aria-expanded = 'false'.
2025-01-28 12:42:19 [main] DEBUG l.i.u.tests.ApplicationFormsPageTest - Selected a value from the 'EvaluationOne' dropdown: 'VUI paraiškos vertinimo forma - I etapas'
2025-01-28 12:42:19 [main] INFO  l.i.uztis.pages.ApplicationFormsPage - Located the dropdown button.
2025-01-28 12:42:19 [main] INFO  l.i.uztis.pages.ApplicationFormsPage - Successfully selected the value: 'VUI paraiškos vertinimo forma - II etapas'
2025-01-28 12:42:30 [main] ERROR l.i.uztis.pages.ApplicationFormsPage - Failed to close the dropdown with aria-expanded = 'false'.
2025-01-28 12:42:30 [main] DEBUG l.i.u.tests.ApplicationFormsPageTest - Selected a value from the 'EvaluationTwon' dropdown: 'VUI paraiškos vertinimo forma - II etapas'
2025-01-28 12:42:30 [main] INFO  l.i.uztis.pages.ApplicationFormsPage - Located the dropdown button.
2025-01-28 12:42:31 [main] INFO  l.i.uztis.pages.ApplicationFormsPage - Successfully selected the value: 'VUI paraiškos vertinimo forma - III etapas'
2025-01-28 12:42:41 [main] ERROR l.i.uztis.pages.ApplicationFormsPage - Failed to close the dropdown with aria-expanded = 'false'.
2025-01-28 12:42:41 [main] DEBUG l.i.u.tests.ApplicationFormsPageTest - Selected a value from the 'EvaluationThree' dropdown: 'VUI paraiškos vertinimo forma - III etapas'
2025-01-28 12:42:41 [main] DEBUG l.i.u.tests.ApplicationFormsPageTest - Clicked 'Plus' button.
2025-01-28 12:42:42 [main] DEBUG l.i.u.tests.ApplicationFormsPageTest - Clicked 'Add' button seven times.
2025-01-28 12:42:42 [main] INFO  l.i.uztis.pages.ApplicationFormsPage - Processing dropdown index: 0
2025-01-28 12:42:52 [main] ERROR l.i.uztis.pages.ApplicationFormsPage - Timeout while waiting for dropdown to close at index: 0 with aria-expanded = 'false'
2025-01-28 12:42:52 [main] INFO  l.i.uztis.pages.ApplicationFormsPage - Processing dropdown index: 1
2025-01-28 12:43:03 [main] ERROR l.i.uztis.pages.ApplicationFormsPage - Timeout while waiting for dropdown to close at index: 1 with aria-expanded = 'false'
2025-01-28 12:43:03 [main] INFO  l.i.uztis.pages.ApplicationFormsPage - Processing dropdown index: 2
2025-01-28 12:43:14 [main] ERROR l.i.uztis.pages.ApplicationFormsPage - Timeout while waiting for dropdown to close at index: 2 with aria-expanded = 'false'
2025-01-28 12:43:14 [main] INFO  l.i.uztis.pages.ApplicationFormsPage - Processing dropdown index: 3
2025-01-28 12:43:25 [main] ERROR l.i.uztis.pages.ApplicationFormsPage - Timeout while waiting for dropdown to close at index: 3 with aria-expanded = 'false'
2025-01-28 12:43:25 [main] INFO  l.i.uztis.pages.ApplicationFormsPage - Processing dropdown index: 4
2025-01-28 12:43:36 [main] ERROR l.i.uztis.pages.ApplicationFormsPage - Timeout while waiting for dropdown to close at index: 4 with aria-expanded = 'false'
2025-01-28 12:43:36 [main] INFO  l.i.uztis.pages.ApplicationFormsPage - Processing dropdown index: 5
2025-01-28 12:43:47 [main] ERROR l.i.uztis.pages.ApplicationFormsPage - Timeout while waiting for dropdown to close at index: 5 with aria-expanded = 'false'
2025-01-28 12:43:47 [main] INFO  l.i.uztis.pages.ApplicationFormsPage - Processing dropdown index: 6
2025-01-28 12:43:58 [main] ERROR l.i.uztis.pages.ApplicationFormsPage - Timeout while waiting for dropdown to close at index: 6 with aria-expanded = 'false'
2025-01-28 12:43:58 [main] INFO  l.i.uztis.pages.ApplicationFormsPage - Processing dropdown index: 7
2025-01-28 12:44:09 [main] ERROR l.i.uztis.pages.ApplicationFormsPage - Timeout while waiting for dropdown to close at index: 7 with aria-expanded = 'false'
2025-01-28 12:44:09 [main] INFO  l.i.uztis.pages.ApplicationFormsPage - Processing input field index: 0
2025-01-28 12:44:09 [main] INFO  l.i.uztis.pages.ApplicationFormsPage - Entered value '50' into field index: 0
2025-01-28 12:44:09 [main] INFO  l.i.uztis.pages.ApplicationFormsPage - Processing input field index: 1
2025-01-28 12:44:09 [main] INFO  l.i.uztis.pages.ApplicationFormsPage - Entered value '924' into field index: 1
2025-01-28 12:44:09 [main] INFO  l.i.uztis.pages.ApplicationFormsPage - Processing input field index: 2
2025-01-28 12:44:10 [main] INFO  l.i.uztis.pages.ApplicationFormsPage - Entered value '31' into field index: 2
2025-01-28 12:44:10 [main] INFO  l.i.uztis.pages.ApplicationFormsPage - Processing input field index: 3
2025-01-28 12:44:10 [main] INFO  l.i.uztis.pages.ApplicationFormsPage - Entered value '4.7' into field index: 3
2025-01-28 12:44:10 [main] INFO  l.i.uztis.pages.ApplicationFormsPage - Processing input field index: 4
2025-01-28 12:44:10 [main] INFO  l.i.uztis.pages.ApplicationFormsPage - Entered value '35' into field index: 4
2025-01-28 12:44:10 [main] INFO  l.i.uztis.pages.ApplicationFormsPage - Processing input field index: 5
2025-01-28 12:44:10 [main] INFO  l.i.uztis.pages.ApplicationFormsPage - Entered value '20' into field index: 5
2025-01-28 12:44:10 [main] INFO  l.i.uztis.pages.ApplicationFormsPage - Processing input field index: 6
2025-01-28 12:44:10 [main] INFO  l.i.uztis.pages.ApplicationFormsPage - Entered value '30' into field index: 6
2025-01-28 12:44:10 [main] INFO  l.i.uztis.pages.ApplicationFormsPage - Processing input field index: 7
2025-01-28 12:44:10 [main] INFO  l.i.uztis.pages.ApplicationFormsPage - Entered value '60' into field index: 7
2025-01-28 12:44:10 [main] DEBUG l.i.u.tests.ApplicationFormsPageTest - Entered additional values and text.
2025-01-28 12:44:10 [main] DEBUG l.i.u.tests.ApplicationFormsPageTest - Entered application name: VUI paraiška
2025-01-28 12:44:10 [main] DEBUG l.i.u.tests.ApplicationFormsPageTest - Clicked the 'Save' button.
2025-01-28 12:44:11 [main] INFO  l.i.u.tests.ApplicationFormsPageTest - Verified success message text: 'Duomenys sėkmingai išsaugoti.'
2025-01-28 12:44:11 [main] INFO  l.i.u.tests.ApplicationFormsPageTest - Verified that the 'Save Form' button is displayed.
2025-01-28 12:44:11 [main] INFO  l.i.u.tests.ApplicationFormsPageTest - Test 'testCreateNewVuiApplication' completed successfully.
2025-01-28 12:47:41 [main] INFO  lt.insoft.uztis.tests.UztisPageTest - Navigated to https://uztisdev.asseco.lt/home
2025-01-28 12:47:41 [main] INFO  l.i.u.tests.ApplicationFormsPageTest - Setup complete. ApplicationFormsPage initialized.
2025-01-28 12:47:41 [main] INFO  l.i.u.tests.ApplicationFormsPageTest - Starting test:'testEditAndSaveVuiApplication'
2025-01-28 12:47:41 [main] DEBUG l.i.u.tests.ApplicationFormsPageTest - User logged in with test credentials
2025-01-28 12:47:41 [main] DEBUG l.i.u.tests.ApplicationFormsPageTest - Opened 'Application Processing' menu.
2025-01-28 12:47:41 [main] DEBUG l.i.u.tests.ApplicationFormsPageTest - Clicked on 'Application Forms' menu.
2025-01-28 12:47:42 [main] DEBUG l.i.u.tests.ApplicationFormsPageTest - Selected the last application description.
2025-01-28 12:47:42 [main] DEBUG l.i.u.tests.ApplicationFormsPageTest - Clicked the 'Edit' button.
2025-01-28 12:47:43 [main] DEBUG l.i.u.tests.ApplicationFormsPageTest - Selected 'Municipality' radio button.
2025-01-28 12:47:43 [main] INFO  l.i.uztis.pages.ApplicationFormsPage - Located the dropdown button.
2025-01-28 12:47:43 [main] INFO  l.i.uztis.pages.ApplicationFormsPage - Successfully selected the value: 'Kauno departamentas'
2025-01-28 12:47:53 [main] ERROR l.i.uztis.pages.ApplicationFormsPage - Failed to close the dropdown with aria-expanded = 'false'.
2025-01-28 12:47:53 [main] DEBUG l.i.u.tests.ApplicationFormsPageTest - Selected a value from the 'Municipality' dropdown: 'Kauno departamentas'
2025-01-28 12:47:53 [main] DEBUG l.i.u.tests.ApplicationFormsPageTest - Selected 'Budget By Country' radio button.
2025-01-28 12:47:53 [main] DEBUG l.i.u.tests.ApplicationFormsPageTest - Selected 'Financed By Queue' radio button.
2025-01-28 12:47:53 [main] DEBUG l.i.u.tests.ApplicationFormsPageTest - Entered new application name: _paredaguota
2025-01-28 12:47:54 [main] DEBUG l.i.u.tests.ApplicationFormsPageTest - Clicked the 'Save' button.
2025-01-28 12:47:54 [main] INFO  l.i.u.tests.ApplicationFormsPageTest - Verified success message: 'Duomenys sėkmingai išsaugoti.'
2025-01-28 12:47:54 [main] INFO  l.i.u.tests.ApplicationFormsPageTest - Test 'testEditAndSaveVuiApplication' completed successfully.
2025-01-28 12:48:25 [main] INFO  lt.insoft.uztis.tests.UztisPageTest - Navigated to https://uztisdev.asseco.lt/home
2025-01-28 12:48:25 [main] INFO  l.i.uztis.tests.InvitationsPageTest - Starting test:'testEditAndPublishVuiInvitationDraft'
2025-01-28 12:48:25 [main] DEBUG l.i.uztis.tests.InvitationsPageTest - User logged in with test credentials
2025-01-28 12:48:26 [main] DEBUG l.i.uztis.tests.InvitationsPageTest - Opened 'Application Processing' menu.
2025-01-28 12:48:26 [main] DEBUG l.i.uztis.tests.InvitationsPageTest - Clicked on 'Application Forms' menu.
2025-01-28 12:48:26 [main] DEBUG l.i.uztis.tests.InvitationsPageTest - Navigating to application forms menu.
2025-01-28 12:48:26 [main] DEBUG l.i.uztis.tests.InvitationsPageTest - Retrieved last description code text: 'TST-VUI-41'.
2025-01-28 12:48:26 [main] DEBUG l.i.uztis.tests.InvitationsPageTest - Clicked on 'Invitation' menu.
2025-01-28 12:48:27 [main] DEBUG l.i.uztis.tests.InvitationsPageTest - Selected section by code: 'TST-VUI-41'.
2025-01-28 12:48:27 [main] DEBUG l.i.uztis.tests.InvitationsPageTest - Clicked 'Search'.
2025-01-28 12:48:27 [main] DEBUG l.i.uztis.tests.InvitationsPageTest - Getting and inserting application code text.
2025-01-28 12:48:38 [main] ERROR l.i.uztis.tests.InvitationsPageTest - Test 'testEditAndPublishVuiInvitationDraft' failed with error: invalid session id: session deleted as the browser has closed the connection
from disconnected: unable to send message to renderer
  (Session info: chrome=132.0.6834.111)
Build info: version: '4.27.0', revision: 'd6e718d134'
System info: os.name: 'Windows 11', os.arch: 'amd64', os.version: '10.0', java.version: '21.0.3'
Driver info: org.openqa.selenium.chrome.ChromeDriver
Command: [b7e5fa044069be052f4eae8e3eb24096, findElement {value=//tr[td/span[contains(text(), 'Ruošinys')]], using=xpath}]
Capabilities {acceptInsecureCerts: false, browserName: chrome, browserVersion: 132.0.6834.111, chrome: {chromedriverVersion: 132.0.6834.110 (df453a35f09..., userDataDir: C:\Users\INGRID~1.ZAD\AppDa...}, fedcm:accounts: true, goog:chromeOptions: {debuggerAddress: localhost:52942}, networkConnectionEnabled: false, pageLoadStrategy: normal, platformName: windows, proxy: Proxy(), se:cdp: ws://localhost:52942/devtoo..., se:cdpVersion: 132.0.6834.111, setWindowRect: true, strictFileInteractability: false, timeouts: {implicit: 0, pageLoad: 300000, script: 30000}, unhandledPromptBehavior: dismiss and notify, webauthn:extension:credBlob: true, webauthn:extension:largeBlob: true, webauthn:extension:minPinLength: true, webauthn:extension:prf: true, webauthn:virtualAuthenticators: true}
Session ID: b7e5fa044069be052f4eae8e3eb24096
org.openqa.selenium.NoSuchSessionException: invalid session id: session deleted as the browser has closed the connection
from disconnected: unable to send message to renderer
  (Session info: chrome=132.0.6834.111)
Build info: version: '4.27.0', revision: 'd6e718d134'
System info: os.name: 'Windows 11', os.arch: 'amd64', os.version: '10.0', java.version: '21.0.3'
Driver info: org.openqa.selenium.chrome.ChromeDriver
Command: [b7e5fa044069be052f4eae8e3eb24096, findElement {value=//tr[td/span[contains(text(), 'Ruošinys')]], using=xpath}]
Capabilities {acceptInsecureCerts: false, browserName: chrome, browserVersion: 132.0.6834.111, chrome: {chromedriverVersion: 132.0.6834.110 (df453a35f09..., userDataDir: C:\Users\INGRID~1.ZAD\AppDa...}, fedcm:accounts: true, goog:chromeOptions: {debuggerAddress: localhost:52942}, networkConnectionEnabled: false, pageLoadStrategy: normal, platformName: windows, proxy: Proxy(), se:cdp: ws://localhost:52942/devtoo..., se:cdpVersion: 132.0.6834.111, setWindowRect: true, strictFileInteractability: false, timeouts: {implicit: 0, pageLoad: 300000, script: 30000}, unhandledPromptBehavior: dismiss and notify, webauthn:extension:credBlob: true, webauthn:extension:largeBlob: true, webauthn:extension:minPinLength: true, webauthn:extension:prf: true, webauthn:virtualAuthenticators: true}
Session ID: b7e5fa044069be052f4eae8e3eb24096
	at java.base/jdk.internal.reflect.DirectConstructorHandleAccessor.newInstance(DirectConstructorHandleAccessor.java:62)
	at java.base/java.lang.reflect.Constructor.newInstanceWithCaller(Constructor.java:502)
	at java.base/java.lang.reflect.Constructor.newInstance(Constructor.java:486)
	at org.openqa.selenium.remote.ErrorCodec.decode(ErrorCodec.java:167)
	at org.openqa.selenium.remote.codec.w3c.W3CHttpResponseCodec.decode(W3CHttpResponseCodec.java:138)
	at org.openqa.selenium.remote.codec.w3c.W3CHttpResponseCodec.decode(W3CHttpResponseCodec.java:50)
	at org.openqa.selenium.remote.HttpCommandExecutor.execute(HttpCommandExecutor.java:190)
	at org.openqa.selenium.remote.service.DriverCommandExecutor.invokeExecute(DriverCommandExecutor.java:216)
	at org.openqa.selenium.remote.service.DriverCommandExecutor.execute(DriverCommandExecutor.java:174)
	at org.openqa.selenium.remote.RemoteWebDriver.execute(RemoteWebDriver.java:545)
	at org.openqa.selenium.remote.ElementLocation$ElementFinder$2.findElement(ElementLocation.java:165)
	at org.openqa.selenium.remote.ElementLocation.findElement(ElementLocation.java:59)
	at org.openqa.selenium.remote.RemoteWebDriver.findElement(RemoteWebDriver.java:368)
	at org.openqa.selenium.remote.RemoteWebDriver.findElement(RemoteWebDriver.java:362)
	at org.openqa.selenium.support.pagefactory.DefaultElementLocator.findElement(DefaultElementLocator.java:68)
	at org.openqa.selenium.support.pagefactory.internal.LocatingElementHandler.invoke(LocatingElementHandler.java:38)
	at jdk.proxy2/jdk.proxy2.$Proxy14.toString(Unknown Source)
	at java.base/java.lang.String.valueOf(String.java:4465)
	at org.openqa.selenium.support.ui.ExpectedConditions$23.toString(ExpectedConditions.java:669)
	at java.base/java.lang.String.valueOf(String.java:4465)
	at org.openqa.selenium.support.ui.FluentWait.until(FluentWait.java:225)
	at lt.insoft.uztis.pages.InvitationsPage.clickInvitationRowDraft(InvitationsPage.java:564)
	at lt.insoft.uztis.tests.InvitationsPageTest.testEditAndPublishVuiInvitationDraft(InvitationsPageTest.java:170)
	at java.base/jdk.internal.reflect.DirectMethodHandleAccessor.invoke(DirectMethodHandleAccessor.java:103)
	at java.base/java.lang.reflect.Method.invoke(Method.java:580)
	at org.junit.platform.commons.util.ReflectionUtils.invokeMethod(ReflectionUtils.java:728)
	at org.junit.jupiter.engine.execution.MethodInvocation.proceed(MethodInvocation.java:60)
	at org.junit.jupiter.engine.execution.InvocationInterceptorChain$ValidatingInvocation.proceed(InvocationInterceptorChain.java:131)
	at org.junit.jupiter.engine.extension.TimeoutExtension.intercept(TimeoutExtension.java:156)
	at org.junit.jupiter.engine.extension.TimeoutExtension.interceptTestableMethod(TimeoutExtension.java:147)
	at org.junit.jupiter.engine.extension.TimeoutExtension.interceptTestMethod(TimeoutExtension.java:86)
	at org.junit.jupiter.engine.execution.InterceptingExecutableInvoker$ReflectiveInterceptorCall.lambda$ofVoidMethod$0(InterceptingExecutableInvoker.java:103)
	at org.junit.jupiter.engine.execution.InterceptingExecutableInvoker.lambda$invoke$0(InterceptingExecutableInvoker.java:93)
	at org.junit.jupiter.engine.execution.InvocationInterceptorChain$InterceptedInvocation.proceed(InvocationInterceptorChain.java:106)
	at org.junit.jupiter.engine.execution.InvocationInterceptorChain.proceed(InvocationInterceptorChain.java:64)
	at org.junit.jupiter.engine.execution.InvocationInterceptorChain.chainAndInvoke(InvocationInterceptorChain.java:45)
	at org.junit.jupiter.engine.execution.InvocationInterceptorChain.invoke(InvocationInterceptorChain.java:37)
	at org.junit.jupiter.engine.execution.InterceptingExecutableInvoker.invoke(InterceptingExecutableInvoker.java:92)
	at org.junit.jupiter.engine.execution.InterceptingExecutableInvoker.invoke(InterceptingExecutableInvoker.java:86)
	at org.junit.jupiter.engine.descriptor.TestMethodTestDescriptor.lambda$invokeTestMethod$7(TestMethodTestDescriptor.java:218)
	at org.junit.platform.engine.support.hierarchical.ThrowableCollector.execute(ThrowableCollector.java:73)
	at org.junit.jupiter.engine.descriptor.TestMethodTestDescriptor.invokeTestMethod(TestMethodTestDescriptor.java:214)
	at org.junit.jupiter.engine.descriptor.TestMethodTestDescriptor.execute(TestMethodTestDescriptor.java:139)
	at org.junit.jupiter.engine.descriptor.TestMethodTestDescriptor.execute(TestMethodTestDescriptor.java:69)
	at org.junit.platform.engine.support.hierarchical.NodeTestTask.lambda$executeRecursively$6(NodeTestTask.java:151)
	at org.junit.platform.engine.support.hierarchical.ThrowableCollector.execute(ThrowableCollector.java:73)
	at org.junit.platform.engine.support.hierarchical.NodeTestTask.lambda$executeRecursively$8(NodeTestTask.java:141)
	at org.junit.platform.engine.support.hierarchical.Node.around(Node.java:137)
	at org.junit.platform.engine.support.hierarchical.NodeTestTask.lambda$executeRecursively$9(NodeTestTask.java:139)
	at org.junit.platform.engine.support.hierarchical.ThrowableCollector.execute(ThrowableCollector.java:73)
	at org.junit.platform.engine.support.hierarchical.NodeTestTask.executeRecursively(NodeTestTask.java:138)
	at org.junit.platform.engine.support.hierarchical.NodeTestTask.execute(NodeTestTask.java:95)
	at java.base/java.util.ArrayList.forEach(ArrayList.java:1596)
	at org.junit.platform.engine.support.hierarchical.SameThreadHierarchicalTestExecutorService.invokeAll(SameThreadHierarchicalTestExecutorService.java:41)
	at org.junit.platform.engine.support.hierarchical.NodeTestTask.lambda$executeRecursively$6(NodeTestTask.java:155)
	at org.junit.platform.engine.support.hierarchical.ThrowableCollector.execute(ThrowableCollector.java:73)
	at org.junit.platform.engine.support.hierarchical.NodeTestTask.lambda$executeRecursively$8(NodeTestTask.java:141)
	at org.junit.platform.engine.support.hierarchical.Node.around(Node.java:137)
	at org.junit.platform.engine.support.hierarchical.NodeTestTask.lambda$executeRecursively$9(NodeTestTask.java:139)
	at org.junit.platform.engine.support.hierarchical.ThrowableCollector.execute(ThrowableCollector.java:73)
	at org.junit.platform.engine.support.hierarchical.NodeTestTask.executeRecursively(NodeTestTask.java:138)
	at org.junit.platform.engine.support.hierarchical.NodeTestTask.execute(NodeTestTask.java:95)
	at java.base/java.util.ArrayList.forEach(ArrayList.java:1596)
	at org.junit.platform.engine.support.hierarchical.SameThreadHierarchicalTestExecutorService.invokeAll(SameThreadHierarchicalTestExecutorService.java:41)
	at org.junit.platform.engine.support.hierarchical.NodeTestTask.lambda$executeRecursively$6(NodeTestTask.java:155)
	at org.junit.platform.engine.support.hierarchical.ThrowableCollector.execute(ThrowableCollector.java:73)
	at org.junit.platform.engine.support.hierarchical.NodeTestTask.lambda$executeRecursively$8(NodeTestTask.java:141)
	at org.junit.platform.engine.support.hierarchical.Node.around(Node.java:137)
	at org.junit.platform.engine.support.hierarchical.NodeTestTask.lambda$executeRecursively$9(NodeTestTask.java:139)
	at org.junit.platform.engine.support.hierarchical.ThrowableCollector.execute(ThrowableCollector.java:73)
	at org.junit.platform.engine.support.hierarchical.NodeTestTask.executeRecursively(NodeTestTask.java:138)
	at org.junit.platform.engine.support.hierarchical.NodeTestTask.execute(NodeTestTask.java:95)
	at org.junit.platform.engine.support.hierarchical.SameThreadHierarchicalTestExecutorService.submit(SameThreadHierarchicalTestExecutorService.java:35)
	at org.junit.platform.engine.support.hierarchical.HierarchicalTestExecutor.execute(HierarchicalTestExecutor.java:57)
	at org.junit.platform.engine.support.hierarchical.HierarchicalTestEngine.execute(HierarchicalTestEngine.java:54)
	at org.junit.platform.launcher.core.EngineExecutionOrchestrator.execute(EngineExecutionOrchestrator.java:198)
	at org.junit.platform.launcher.core.EngineExecutionOrchestrator.execute(EngineExecutionOrchestrator.java:169)
	at org.junit.platform.launcher.core.EngineExecutionOrchestrator.execute(EngineExecutionOrchestrator.java:93)
	at org.junit.platform.launcher.core.EngineExecutionOrchestrator.lambda$execute$0(EngineExecutionOrchestrator.java:58)
	at org.junit.platform.launcher.core.EngineExecutionOrchestrator.withInterceptedStreams(EngineExecutionOrchestrator.java:141)
	at org.junit.platform.launcher.core.EngineExecutionOrchestrator.execute(EngineExecutionOrchestrator.java:57)
	at org.junit.platform.launcher.core.DefaultLauncher.execute(DefaultLauncher.java:103)
	at org.junit.platform.launcher.core.DefaultLauncher.execute(DefaultLauncher.java:85)
	at org.junit.platform.launcher.core.DelegatingLauncher.execute(DelegatingLauncher.java:47)
	at org.junit.platform.launcher.core.SessionPerRequestLauncher.execute(SessionPerRequestLauncher.java:63)
	at com.intellij.junit5.JUnit5IdeaTestRunner.startRunnerWithArgs(JUnit5IdeaTestRunner.java:57)
	at com.intellij.rt.junit.IdeaTestRunner$Repeater$1.execute(IdeaTestRunner.java:38)
	at com.intellij.rt.execution.junit.TestsRepeater.repeat(TestsRepeater.java:11)
	at com.intellij.rt.junit.IdeaTestRunner$Repeater.startRunnerWithArgs(IdeaTestRunner.java:35)
	at com.intellij.rt.junit.JUnitStarter.prepareStreamsAndStart(JUnitStarter.java:232)
	at com.intellij.rt.junit.JUnitStarter.main(JUnitStarter.java:55)
2025-01-28 12:48:50 [main] INFO  lt.insoft.uztis.tests.UztisPageTest - Navigated to https://uztisdev.asseco.lt/home
2025-01-28 12:48:50 [main] INFO  l.i.uztis.tests.InvitationsPageTest - Starting test:'testCreateNewVuiInvitationDraft'
2025-01-28 12:48:51 [main] DEBUG l.i.uztis.tests.InvitationsPageTest - User logged in with test credentials
2025-01-28 12:48:51 [main] DEBUG l.i.uztis.tests.InvitationsPageTest - Opened 'Application Processing' menu.
2025-01-28 12:48:51 [main] DEBUG l.i.uztis.tests.InvitationsPageTest - Clicked on 'Application Forms' menu.
2025-01-28 12:48:51 [main] DEBUG l.i.uztis.tests.InvitationsPageTest - Navigating to application forms menu.
2025-01-28 12:48:52 [main] DEBUG l.i.uztis.tests.InvitationsPageTest - Retrieved last description code text: 'TST-VUI-41'.
2025-01-28 12:48:52 [main] DEBUG l.i.uztis.tests.InvitationsPageTest - Clicked on 'Invitation' menu.
2025-01-28 12:48:52 [main] DEBUG l.i.uztis.tests.InvitationsPageTest - Clicked 'Create New Application Form'.
2025-01-28 12:48:53 [main] DEBUG l.i.uztis.tests.InvitationsPageTest - Selected section by code: 'TST-VUI-41'.
2025-01-28 12:48:54 [main] DEBUG l.i.uztis.tests.InvitationsPageTest - Selected invitation number from the list.
2025-01-28 12:48:54 [main] DEBUG l.i.uztis.tests.InvitationsPageTest - Entered current date.
2025-01-28 12:48:55 [main] DEBUG l.i.uztis.tests.InvitationsPageTest - Entered start time: 00:00.
2025-01-28 12:48:55 [main] DEBUG l.i.uztis.tests.InvitationsPageTest - Entered end date.
2025-01-28 12:48:55 [main] DEBUG l.i.uztis.tests.InvitationsPageTest - Entered end time: 11:11.
2025-01-28 12:48:55 [main] DEBUG l.i.uztis.tests.InvitationsPageTest - Draft saved.
2025-01-28 12:48:56 [main] DEBUG l.i.uztis.tests.InvitationsPageTest - Verified success message: 'Duomenys sėkmingai išsaugoti.'
2025-01-28 12:48:56 [main] INFO  l.i.uztis.tests.InvitationsPageTest - Test 'testCreateNewVuiInvitationDraft' completed successfully.
2025-01-28 12:49:07 [main] INFO  lt.insoft.uztis.tests.UztisPageTest - Navigated to https://uztisdev.asseco.lt/home
2025-01-28 12:49:07 [main] INFO  l.i.uztis.tests.InvitationsPageTest - Starting test:'testEditAndPublishVuiInvitationDraft'
2025-01-28 12:49:07 [main] DEBUG l.i.uztis.tests.InvitationsPageTest - User logged in with test credentials
2025-01-28 12:49:08 [main] DEBUG l.i.uztis.tests.InvitationsPageTest - Opened 'Application Processing' menu.
2025-01-28 12:49:08 [main] DEBUG l.i.uztis.tests.InvitationsPageTest - Clicked on 'Application Forms' menu.
2025-01-28 12:49:08 [main] DEBUG l.i.uztis.tests.InvitationsPageTest - Navigating to application forms menu.
2025-01-28 12:49:08 [main] DEBUG l.i.uztis.tests.InvitationsPageTest - Retrieved last description code text: 'TST-VUI-41'.
2025-01-28 12:49:08 [main] DEBUG l.i.uztis.tests.InvitationsPageTest - Clicked on 'Invitation' menu.
2025-01-28 12:49:09 [main] DEBUG l.i.uztis.tests.InvitationsPageTest - Selected section by code: 'TST-VUI-41'.
2025-01-28 12:49:09 [main] DEBUG l.i.uztis.tests.InvitationsPageTest - Clicked 'Search'.
2025-01-28 12:49:09 [main] DEBUG l.i.uztis.tests.InvitationsPageTest - Getting and inserting application code text.
2025-01-28 12:49:09 [main] DEBUG l.i.uztis.tests.InvitationsPageTest - Clicked 'InvitationDraft'.
2025-01-28 12:49:10 [main] DEBUG l.i.uztis.tests.InvitationsPageTest - Clicked 'Edit'.
2025-01-28 12:49:10 [main] DEBUG l.i.uztis.tests.InvitationsPageTest - Entered publication end date.
2025-01-28 12:49:11 [main] DEBUG l.i.uztis.tests.InvitationsPageTest - Added additional values.
2025-01-28 12:49:11 [main] INFO  l.insoft.uztis.pages.InvitationsPage - Located the dropdown button.
2025-01-28 12:49:11 [main] DEBUG l.i.uztis.tests.InvitationsPageTest - Selected the value: 'Didžiausia galima paramos suma aplinkos darbo vietai, Eur'
2025-01-28 12:49:11 [main] INFO  l.insoft.uztis.pages.InvitationsPage - Located the dropdown button.
2025-01-28 12:49:12 [main] DEBUG l.i.uztis.tests.InvitationsPageTest - Selected the value: 'Didžiausia galima paramos suma, Eur'
2025-01-28 12:49:12 [main] INFO  l.insoft.uztis.pages.InvitationsPage - Located the dropdown button.
2025-01-28 12:49:13 [main] DEBUG l.i.uztis.tests.InvitationsPageTest - Selected the value: 'Didžiausia galima paramos suma vienai darbo vietai, Eur'
2025-01-28 12:49:13 [main] DEBUG l.i.uztis.tests.InvitationsPageTest - Entered value: 11000
2025-01-28 12:49:13 [main] DEBUG l.i.uztis.tests.InvitationsPageTest - Entered value: 12000
2025-01-28 12:49:13 [main] DEBUG l.i.uztis.tests.InvitationsPageTest - Entered value: 13000
2025-01-28 12:49:14 [main] DEBUG l.i.uztis.tests.InvitationsPageTest - Checked 'Legal Entities' checkbox.
2025-01-28 12:49:14 [main] DEBUG l.i.uztis.tests.InvitationsPageTest - Unchecked 'Persons Registered with Employment Service' checkbox.
2025-01-28 12:49:14 [main] DEBUG l.i.uztis.tests.InvitationsPageTest - Checked 'Persons Registered as Employers' checkbox.
2025-01-28 12:49:14 [main] DEBUG l.i.uztis.tests.InvitationsPageTest - Entered second evaluation grade: '5'.
2025-01-28 12:49:14 [main] DEBUG l.i.uztis.tests.InvitationsPageTest - Entered third evaluation grade: '6'.
2025-01-28 12:49:14 [main] DEBUG l.i.uztis.tests.InvitationsPageTest - Entered second evaluation grade weight: '0,45'.
2025-01-28 12:49:14 [main] DEBUG l.i.uztis.tests.InvitationsPageTest - Entered third evaluation grade weight: '0,55'.
2025-01-28 12:49:14 [main] DEBUG l.i.uztis.tests.InvitationsPageTest - Entered budget: '2000'.
2025-01-28 12:49:15 [main] DEBUG l.i.uztis.tests.InvitationsPageTest - Entered description text: 'Aprašo tekstas'.
2025-01-28 12:49:15 [main] DEBUG l.i.uztis.tests.InvitationsPageTest - Entered applicants text: 'Pareiškėjų tekstas'.
2025-01-28 12:49:15 [main] DEBUG l.i.uztis.tests.InvitationsPageTest - Entered expenditures text: 'Išlaidų tekstas'.
2025-01-28 12:49:15 [main] DEBUG l.i.uztis.tests.InvitationsPageTest - Entered legislation text: 'Teisės aktų tekstas'.
2025-01-28 12:49:15 [main] DEBUG l.i.uztis.tests.InvitationsPageTest - Entered education text: 'Mokymų tekstas'.
2025-01-28 12:49:15 [main] DEBUG l.i.uztis.tests.InvitationsPageTest - File uploaded.
2025-01-28 12:49:15 [main] DEBUG l.i.uztis.tests.InvitationsPageTest - Clicked 'Publish'.
2025-01-28 12:49:16 [main] DEBUG l.i.uztis.tests.InvitationsPageTest - Publication confirmed.
2025-01-28 12:49:17 [main] DEBUG l.i.uztis.tests.InvitationsPageTest - Verified success message: 'Funkcija sėkmingai atlikta.'
2025-01-28 12:49:17 [main] INFO  l.i.uztis.tests.InvitationsPageTest - Test 'testEditAndPublishVuiInvitationDraft' completed successfully.
2025-01-28 12:49:29 [main] INFO  lt.insoft.uztis.tests.UztisPageTest - Navigated to https://uztisdev.asseco.lt/home
2025-01-28 12:49:29 [main] INFO  l.i.uztis.tests.InvitationsPageTest - Starting test:'testInsertVuiStatisticInformation'
2025-01-28 12:49:30 [main] DEBUG l.i.uztis.tests.InvitationsPageTest - User logged in with test credentials
2025-01-28 12:49:30 [main] DEBUG l.i.uztis.tests.InvitationsPageTest - Opened 'Application Processing' menu.
2025-01-28 12:49:30 [main] DEBUG l.i.uztis.tests.InvitationsPageTest - Clicked on 'Application Forms' menu.
2025-01-28 12:49:30 [main] DEBUG l.i.uztis.tests.InvitationsPageTest - Navigating to invitation forms menu.
2025-01-28 12:49:31 [main] DEBUG l.i.uztis.tests.InvitationsPageTest - Retrieved last description code text: 'TST-VUI-41'.
2025-01-28 12:49:31 [main] DEBUG l.i.uztis.tests.InvitationsPageTest - Clicked on 'Invitation' menu.
2025-01-28 12:49:32 [main] DEBUG l.i.uztis.tests.InvitationsPageTest - Selected section by code: 'TST-VUI-41'.
2025-01-28 12:49:32 [main] DEBUG l.i.uztis.tests.InvitationsPageTest - Clicked 'Search'.
2025-01-28 12:49:32 [main] DEBUG l.i.uztis.tests.InvitationsPageTest - Getting and inserting application code text.
2025-01-28 12:49:32 [main] DEBUG l.i.uztis.tests.InvitationsPageTest - Clicked 'Publishing'.
2025-01-28 12:49:33 [main] DEBUG l.i.uztis.tests.InvitationsPageTest - Clicked 'Statistic Information' tab.
2025-01-28 12:49:33 [main] DEBUG l.i.uztis.tests.InvitationsPageTest - Clicked 'Edit' button.
2025-01-28 12:49:33 [main] DEBUG l.i.uztis.tests.InvitationsPageTest - Entered current date.
2025-01-28 12:49:33 [main] DEBUG l.i.uztis.tests.InvitationsPageTest - Entered value: 8.7
2025-01-28 12:49:33 [main] DEBUG l.i.uztis.tests.InvitationsPageTest - Entered average salary: 2237.9
2025-01-28 12:49:33 [main] DEBUG l.i.uztis.tests.InvitationsPageTest - File uploaded.
2025-01-28 12:49:34 [main] DEBUG l.i.uztis.tests.InvitationsPageTest - Clicked 'Save' button.
2025-01-28 12:49:35 [main] DEBUG l.i.uztis.tests.InvitationsPageTest - Verified success message: 'Funkcija sėkmingai atlikta.'
2025-01-28 12:49:35 [main] INFO  l.i.uztis.tests.InvitationsPageTest - Test 'testInsertVuiStatisticInformation' completed successfully.
2025-01-28 14:55:57 [main] INFO  lt.insoft.uztis.tests.UztisPageTest - Navigated to https://uztisdev.asseco.lt/home
2025-01-28 14:55:57 [main] INFO  l.i.u.tests.ApplicationFormsPageTest - Setup complete. ApplicationFormsPage initialized.
2025-01-28 14:55:57 [main] INFO  l.i.u.tests.ApplicationFormsPageTest - Starting test:'testCreateNewPvkApplication'
2025-01-28 14:55:58 [main] DEBUG l.i.u.tests.ApplicationFormsPageTest - User logged in with test credentials
2025-01-28 14:55:58 [main] DEBUG l.i.u.tests.ApplicationFormsPageTest - Opened 'Application Processing' menu.
2025-01-28 14:55:58 [main] DEBUG l.i.u.tests.ApplicationFormsPageTest - Clicked on 'Application Forms' menu.
2025-01-28 14:55:59 [main] DEBUG l.i.u.tests.ApplicationFormsPageTest - Clicked to create a new application form.
2025-01-28 14:55:59 [main] DEBUG l.i.u.tests.ApplicationFormsPageTest - Entered random application code: TST-PVK-29
2025-01-28 14:55:59 [main] DEBUG l.i.u.tests.ApplicationFormsPageTest - Selected 'Municipality' radio button.
2025-01-28 14:55:59 [main] INFO  l.i.uztis.pages.ApplicationFormsPage - Located the dropdown button.
2025-01-28 14:55:59 [main] WARN  l.i.uztis.pages.ApplicationFormsPage - The value 'Kauno departamentas' was not found among the options.
2025-01-28 14:56:10 [main] ERROR l.i.uztis.pages.ApplicationFormsPage - Failed to close the dropdown with aria-expanded = 'false'.
2025-01-28 14:56:10 [main] DEBUG l.i.u.tests.ApplicationFormsPageTest - Selected a value from the 'Municipality' dropdown: 'Kauno departamentas'
2025-01-28 14:56:11 [main] ERROR l.i.u.tests.ApplicationFormsPageTest - Test 'testCreateNewPvkApplication' failed with error: element click intercepted: Element <input type="radio" class="mdc-radio__native-control" id="mat-radio-4-input" name="mat-radio-group-1" value="REGIONAL" tabindex="0"> is not clickable at point (360, 505). Other element would receive the click: <div class="cdk-overlay-backdrop cdk-overlay-transparent-backdrop cdk-overlay-backdrop-showing"></div>
  (Session info: chrome=132.0.6834.111)
Build info: version: '4.27.0', revision: 'd6e718d134'
System info: os.name: 'Windows 11', os.arch: 'amd64', os.version: '10.0', java.version: '21.0.3'
Driver info: org.openqa.selenium.chrome.ChromeDriver
Command: [256f3da67489a79ea7cfe9ba337b579c, clickElement {id=f.EE4CB8EFB8145F956B10AB9DDE485703.d.ADFF6871E6CE3141BCC6BC2DBCF5E483.e.41}]
Capabilities {acceptInsecureCerts: false, browserName: chrome, browserVersion: 132.0.6834.111, chrome: {chromedriverVersion: 132.0.6834.110 (df453a35f09..., userDataDir: C:\Users\INGRID~1.ZAD\AppDa...}, fedcm:accounts: true, goog:chromeOptions: {debuggerAddress: localhost:57351}, networkConnectionEnabled: false, pageLoadStrategy: normal, platformName: windows, proxy: Proxy(), se:cdp: ws://localhost:57351/devtoo..., se:cdpVersion: 132.0.6834.111, setWindowRect: true, strictFileInteractability: false, timeouts: {implicit: 0, pageLoad: 300000, script: 30000}, unhandledPromptBehavior: dismiss and notify, webauthn:extension:credBlob: true, webauthn:extension:largeBlob: true, webauthn:extension:minPinLength: true, webauthn:extension:prf: true, webauthn:virtualAuthenticators: true}
Element: [[ChromeDriver: chrome on windows (256f3da67489a79ea7cfe9ba337b579c)] -> xpath: (//input[@type='radio' and @value='REGIONAL'])[2]]
Session ID: 256f3da67489a79ea7cfe9ba337b579c
org.openqa.selenium.ElementClickInterceptedException: element click intercepted: Element <input type="radio" class="mdc-radio__native-control" id="mat-radio-4-input" name="mat-radio-group-1" value="REGIONAL" tabindex="0"> is not clickable at point (360, 505). Other element would receive the click: <div class="cdk-overlay-backdrop cdk-overlay-transparent-backdrop cdk-overlay-backdrop-showing"></div>
  (Session info: chrome=132.0.6834.111)
Build info: version: '4.27.0', revision: 'd6e718d134'
System info: os.name: 'Windows 11', os.arch: 'amd64', os.version: '10.0', java.version: '21.0.3'
Driver info: org.openqa.selenium.chrome.ChromeDriver
Command: [256f3da67489a79ea7cfe9ba337b579c, clickElement {id=f.EE4CB8EFB8145F956B10AB9DDE485703.d.ADFF6871E6CE3141BCC6BC2DBCF5E483.e.41}]
Capabilities {acceptInsecureCerts: false, browserName: chrome, browserVersion: 132.0.6834.111, chrome: {chromedriverVersion: 132.0.6834.110 (df453a35f09..., userDataDir: C:\Users\INGRID~1.ZAD\AppDa...}, fedcm:accounts: true, goog:chromeOptions: {debuggerAddress: localhost:57351}, networkConnectionEnabled: false, pageLoadStrategy: normal, platformName: windows, proxy: Proxy(), se:cdp: ws://localhost:57351/devtoo..., se:cdpVersion: 132.0.6834.111, setWindowRect: true, strictFileInteractability: false, timeouts: {implicit: 0, pageLoad: 300000, script: 30000}, unhandledPromptBehavior: dismiss and notify, webauthn:extension:credBlob: true, webauthn:extension:largeBlob: true, webauthn:extension:minPinLength: true, webauthn:extension:prf: true, webauthn:virtualAuthenticators: true}
Element: [[ChromeDriver: chrome on windows (256f3da67489a79ea7cfe9ba337b579c)] -> xpath: (//input[@type='radio' and @value='REGIONAL'])[2]]
Session ID: 256f3da67489a79ea7cfe9ba337b579c
	at java.base/jdk.internal.reflect.DirectConstructorHandleAccessor.newInstance(DirectConstructorHandleAccessor.java:62)
	at java.base/java.lang.reflect.Constructor.newInstanceWithCaller(Constructor.java:502)
	at java.base/java.lang.reflect.Constructor.newInstance(Constructor.java:486)
	at org.openqa.selenium.remote.ErrorCodec.decode(ErrorCodec.java:167)
	at org.openqa.selenium.remote.codec.w3c.W3CHttpResponseCodec.decode(W3CHttpResponseCodec.java:138)
	at org.openqa.selenium.remote.codec.w3c.W3CHttpResponseCodec.decode(W3CHttpResponseCodec.java:50)
	at org.openqa.selenium.remote.HttpCommandExecutor.execute(HttpCommandExecutor.java:190)
	at org.openqa.selenium.remote.service.DriverCommandExecutor.invokeExecute(DriverCommandExecutor.java:216)
	at org.openqa.selenium.remote.service.DriverCommandExecutor.execute(DriverCommandExecutor.java:174)
	at org.openqa.selenium.remote.RemoteWebDriver.execute(RemoteWebDriver.java:545)
	at org.openqa.selenium.remote.RemoteWebElement.execute(RemoteWebElement.java:223)
	at org.openqa.selenium.remote.RemoteWebElement.click(RemoteWebElement.java:76)
	at java.base/jdk.internal.reflect.DirectMethodHandleAccessor.invoke(DirectMethodHandleAccessor.java:103)
	at java.base/java.lang.reflect.Method.invoke(Method.java:580)
	at org.openqa.selenium.support.pagefactory.internal.LocatingElementHandler.invoke(LocatingElementHandler.java:51)
	at jdk.proxy2/jdk.proxy2.$Proxy14.click(Unknown Source)
	at lt.insoft.uztis.pages.ApplicationFormsPage.clickRadioButtonBudgetByMunicipality(ApplicationFormsPage.java:255)
	at lt.insoft.uztis.tests.ApplicationFormsPageTest.testCreateNewPvkApplication(ApplicationFormsPageTest.java:363)
	at java.base/jdk.internal.reflect.DirectMethodHandleAccessor.invoke(DirectMethodHandleAccessor.java:103)
	at java.base/java.lang.reflect.Method.invoke(Method.java:580)
	at org.junit.platform.commons.util.ReflectionUtils.invokeMethod(ReflectionUtils.java:728)
	at org.junit.jupiter.engine.execution.MethodInvocation.proceed(MethodInvocation.java:60)
	at org.junit.jupiter.engine.execution.InvocationInterceptorChain$ValidatingInvocation.proceed(InvocationInterceptorChain.java:131)
	at org.junit.jupiter.engine.extension.TimeoutExtension.intercept(TimeoutExtension.java:156)
	at org.junit.jupiter.engine.extension.TimeoutExtension.interceptTestableMethod(TimeoutExtension.java:147)
	at org.junit.jupiter.engine.extension.TimeoutExtension.interceptTestMethod(TimeoutExtension.java:86)
	at org.junit.jupiter.engine.execution.InterceptingExecutableInvoker$ReflectiveInterceptorCall.lambda$ofVoidMethod$0(InterceptingExecutableInvoker.java:103)
	at org.junit.jupiter.engine.execution.InterceptingExecutableInvoker.lambda$invoke$0(InterceptingExecutableInvoker.java:93)
	at org.junit.jupiter.engine.execution.InvocationInterceptorChain$InterceptedInvocation.proceed(InvocationInterceptorChain.java:106)
	at org.junit.jupiter.engine.execution.InvocationInterceptorChain.proceed(InvocationInterceptorChain.java:64)
	at org.junit.jupiter.engine.execution.InvocationInterceptorChain.chainAndInvoke(InvocationInterceptorChain.java:45)
	at org.junit.jupiter.engine.execution.InvocationInterceptorChain.invoke(InvocationInterceptorChain.java:37)
	at org.junit.jupiter.engine.execution.InterceptingExecutableInvoker.invoke(InterceptingExecutableInvoker.java:92)
	at org.junit.jupiter.engine.execution.InterceptingExecutableInvoker.invoke(InterceptingExecutableInvoker.java:86)
	at org.junit.jupiter.engine.descriptor.TestMethodTestDescriptor.lambda$invokeTestMethod$7(TestMethodTestDescriptor.java:218)
	at org.junit.platform.engine.support.hierarchical.ThrowableCollector.execute(ThrowableCollector.java:73)
	at org.junit.jupiter.engine.descriptor.TestMethodTestDescriptor.invokeTestMethod(TestMethodTestDescriptor.java:214)
	at org.junit.jupiter.engine.descriptor.TestMethodTestDescriptor.execute(TestMethodTestDescriptor.java:139)
	at org.junit.jupiter.engine.descriptor.TestMethodTestDescriptor.execute(TestMethodTestDescriptor.java:69)
	at org.junit.platform.engine.support.hierarchical.NodeTestTask.lambda$executeRecursively$6(NodeTestTask.java:151)
	at org.junit.platform.engine.support.hierarchical.ThrowableCollector.execute(ThrowableCollector.java:73)
	at org.junit.platform.engine.support.hierarchical.NodeTestTask.lambda$executeRecursively$8(NodeTestTask.java:141)
	at org.junit.platform.engine.support.hierarchical.Node.around(Node.java:137)
	at org.junit.platform.engine.support.hierarchical.NodeTestTask.lambda$executeRecursively$9(NodeTestTask.java:139)
	at org.junit.platform.engine.support.hierarchical.ThrowableCollector.execute(ThrowableCollector.java:73)
	at org.junit.platform.engine.support.hierarchical.NodeTestTask.executeRecursively(NodeTestTask.java:138)
	at org.junit.platform.engine.support.hierarchical.NodeTestTask.execute(NodeTestTask.java:95)
	at java.base/java.util.ArrayList.forEach(ArrayList.java:1596)
	at org.junit.platform.engine.support.hierarchical.SameThreadHierarchicalTestExecutorService.invokeAll(SameThreadHierarchicalTestExecutorService.java:41)
	at org.junit.platform.engine.support.hierarchical.NodeTestTask.lambda$executeRecursively$6(NodeTestTask.java:155)
	at org.junit.platform.engine.support.hierarchical.ThrowableCollector.execute(ThrowableCollector.java:73)
	at org.junit.platform.engine.support.hierarchical.NodeTestTask.lambda$executeRecursively$8(NodeTestTask.java:141)
	at org.junit.platform.engine.support.hierarchical.Node.around(Node.java:137)
	at org.junit.platform.engine.support.hierarchical.NodeTestTask.lambda$executeRecursively$9(NodeTestTask.java:139)
	at org.junit.platform.engine.support.hierarchical.ThrowableCollector.execute(ThrowableCollector.java:73)
	at org.junit.platform.engine.support.hierarchical.NodeTestTask.executeRecursively(NodeTestTask.java:138)
	at org.junit.platform.engine.support.hierarchical.NodeTestTask.execute(NodeTestTask.java:95)
	at java.base/java.util.ArrayList.forEach(ArrayList.java:1596)
	at org.junit.platform.engine.support.hierarchical.SameThreadHierarchicalTestExecutorService.invokeAll(SameThreadHierarchicalTestExecutorService.java:41)
	at org.junit.platform.engine.support.hierarchical.NodeTestTask.lambda$executeRecursively$6(NodeTestTask.java:155)
	at org.junit.platform.engine.support.hierarchical.ThrowableCollector.execute(ThrowableCollector.java:73)
	at org.junit.platform.engine.support.hierarchical.NodeTestTask.lambda$executeRecursively$8(NodeTestTask.java:141)
	at org.junit.platform.engine.support.hierarchical.Node.around(Node.java:137)
	at org.junit.platform.engine.support.hierarchical.NodeTestTask.lambda$executeRecursively$9(NodeTestTask.java:139)
	at org.junit.platform.engine.support.hierarchical.ThrowableCollector.execute(ThrowableCollector.java:73)
	at org.junit.platform.engine.support.hierarchical.NodeTestTask.executeRecursively(NodeTestTask.java:138)
	at org.junit.platform.engine.support.hierarchical.NodeTestTask.execute(NodeTestTask.java:95)
	at org.junit.platform.engine.support.hierarchical.SameThreadHierarchicalTestExecutorService.submit(SameThreadHierarchicalTestExecutorService.java:35)
	at org.junit.platform.engine.support.hierarchical.HierarchicalTestExecutor.execute(HierarchicalTestExecutor.java:57)
	at org.junit.platform.engine.support.hierarchical.HierarchicalTestEngine.execute(HierarchicalTestEngine.java:54)
	at org.junit.platform.launcher.core.EngineExecutionOrchestrator.execute(EngineExecutionOrchestrator.java:198)
	at org.junit.platform.launcher.core.EngineExecutionOrchestrator.execute(EngineExecutionOrchestrator.java:169)
	at org.junit.platform.launcher.core.EngineExecutionOrchestrator.execute(EngineExecutionOrchestrator.java:93)
	at org.junit.platform.launcher.core.EngineExecutionOrchestrator.lambda$execute$0(EngineExecutionOrchestrator.java:58)
	at org.junit.platform.launcher.core.EngineExecutionOrchestrator.withInterceptedStreams(EngineExecutionOrchestrator.java:141)
	at org.junit.platform.launcher.core.EngineExecutionOrchestrator.execute(EngineExecutionOrchestrator.java:57)
	at org.junit.platform.launcher.core.DefaultLauncher.execute(DefaultLauncher.java:103)
	at org.junit.platform.launcher.core.DefaultLauncher.execute(DefaultLauncher.java:85)
	at org.junit.platform.launcher.core.DelegatingLauncher.execute(DelegatingLauncher.java:47)
	at org.junit.platform.launcher.core.SessionPerRequestLauncher.execute(SessionPerRequestLauncher.java:63)
	at com.intellij.junit5.JUnit5IdeaTestRunner.startRunnerWithArgs(JUnit5IdeaTestRunner.java:57)
	at com.intellij.rt.junit.IdeaTestRunner$Repeater$1.execute(IdeaTestRunner.java:38)
	at com.intellij.rt.execution.junit.TestsRepeater.repeat(TestsRepeater.java:11)
	at com.intellij.rt.junit.IdeaTestRunner$Repeater.startRunnerWithArgs(IdeaTestRunner.java:35)
	at com.intellij.rt.junit.JUnitStarter.prepareStreamsAndStart(JUnitStarter.java:232)
	at com.intellij.rt.junit.JUnitStarter.main(JUnitStarter.java:55)
2025-01-28 14:56:11 [main] INFO  l.insoft.uztis.tests.utils.TestUtils - Screenshot moved to C:\Users\ingrida.zadorozniene\Desktop\Asm\UZTIS\UZTIS_tests\test-output\screenshots\20250128\145611657_testCreateNewPvkApplication().png
2025-01-28 14:58:01 [main] INFO  lt.insoft.uztis.tests.UztisPageTest - Navigated to https://uztisdev.asseco.lt/home
2025-01-28 14:58:01 [main] INFO  l.i.u.tests.ApplicationFormsPageTest - Setup complete. ApplicationFormsPage initialized.
2025-01-28 14:58:01 [main] INFO  l.i.u.tests.ApplicationFormsPageTest - Starting test:'testCreateNewPvkApplication'
2025-01-28 14:58:01 [main] DEBUG l.i.u.tests.ApplicationFormsPageTest - User logged in with test credentials
2025-01-28 14:58:01 [main] DEBUG l.i.u.tests.ApplicationFormsPageTest - Opened 'Application Processing' menu.
2025-01-28 14:58:02 [main] DEBUG l.i.u.tests.ApplicationFormsPageTest - Clicked on 'Application Forms' menu.
2025-01-28 14:58:02 [main] DEBUG l.i.u.tests.ApplicationFormsPageTest - Clicked to create a new application form.
2025-01-28 14:58:02 [main] DEBUG l.i.u.tests.ApplicationFormsPageTest - Entered random application code: TST-PVK-68
2025-01-28 14:58:02 [main] DEBUG l.i.u.tests.ApplicationFormsPageTest - Selected 'Municipality' radio button.
2025-01-28 14:58:02 [main] INFO  l.i.uztis.pages.ApplicationFormsPage - Located the dropdown button.
2025-01-28 14:58:03 [main] INFO  l.i.uztis.pages.ApplicationFormsPage - Successfully selected the value: 'Kauno departamentas'
2025-01-28 14:58:13 [main] ERROR l.i.uztis.pages.ApplicationFormsPage - Failed to close the dropdown with aria-expanded = 'false'.
2025-01-28 14:58:13 [main] DEBUG l.i.u.tests.ApplicationFormsPageTest - Selected a value from the 'Municipality' dropdown: 'Kauno departamentas'
2025-01-28 14:58:13 [main] DEBUG l.i.u.tests.ApplicationFormsPageTest - Selected 'Budget by Municipality' option.
2025-01-28 14:58:13 [main] DEBUG l.i.u.tests.ApplicationFormsPageTest - Selected 'Financed By Queue' radio button.
2025-01-28 14:58:14 [main] DEBUG l.i.u.tests.ApplicationFormsPageTest - Clicked 'Add' button.
2025-01-28 14:58:14 [main] INFO  l.i.uztis.pages.ApplicationFormsPage - Located the dropdown button.
2025-01-28 14:58:14 [main] INFO  l.i.uztis.pages.ApplicationFormsPage - Successfully selected the value: 'PVK paraiškos vertinimo forma - I etapas'
2025-01-28 14:58:25 [main] ERROR l.i.uztis.pages.ApplicationFormsPage - Failed to close the dropdown with aria-expanded = 'false'.
2025-01-28 14:58:25 [main] DEBUG l.i.u.tests.ApplicationFormsPageTest - Selected a value from the 'EvaluationOne' dropdown: 'PVK paraiškos vertinimo forma - I etapas'
2025-01-28 14:58:25 [main] INFO  l.i.uztis.pages.ApplicationFormsPage - Located the dropdown button.
2025-01-28 14:58:26 [main] INFO  l.i.uztis.pages.ApplicationFormsPage - Successfully selected the value: 'PVK paraiškos vertinimo forma - II etapas'
2025-01-28 14:58:36 [main] ERROR l.i.uztis.pages.ApplicationFormsPage - Failed to close the dropdown with aria-expanded = 'false'.
2025-01-28 14:58:36 [main] DEBUG l.i.u.tests.ApplicationFormsPageTest - Selected a value from the 'EvaluationTwon' dropdown: 'PVK paraiškos vertinimo forma - II etapas'
2025-01-28 14:58:36 [main] INFO  l.i.uztis.pages.ApplicationFormsPage - Located the dropdown button.
2025-01-28 14:58:36 [main] INFO  l.i.uztis.pages.ApplicationFormsPage - Successfully selected the value: 'PVK paraiškos vertinimo forma - III etapas'
2025-01-28 14:58:47 [main] ERROR l.i.uztis.pages.ApplicationFormsPage - Failed to close the dropdown with aria-expanded = 'false'.
2025-01-28 14:58:47 [main] DEBUG l.i.u.tests.ApplicationFormsPageTest - Selected a value from the 'EvaluationThree' dropdown: 'PVK paraiškos vertinimo forma - III etapas'
2025-01-28 14:58:47 [main] DEBUG l.i.u.tests.ApplicationFormsPageTest - Clicked 'Plus' button.
2025-01-28 14:58:47 [main] DEBUG l.i.u.tests.ApplicationFormsPageTest - Clicked 'Add' button seven times.
2025-01-28 14:58:47 [main] INFO  l.i.uztis.pages.ApplicationFormsPage - Processing dropdown index: 0
2025-01-28 14:58:58 [main] ERROR l.i.uztis.pages.ApplicationFormsPage - Timeout while waiting for dropdown to close at index: 0 with aria-expanded = 'false'
2025-01-28 14:58:58 [main] INFO  l.i.uztis.pages.ApplicationFormsPage - Processing dropdown index: 1
2025-01-28 14:59:09 [main] ERROR l.i.uztis.pages.ApplicationFormsPage - Timeout while waiting for dropdown to close at index: 1 with aria-expanded = 'false'
2025-01-28 14:59:09 [main] INFO  l.i.uztis.pages.ApplicationFormsPage - Processing dropdown index: 2
2025-01-28 14:59:19 [main] ERROR l.i.uztis.pages.ApplicationFormsPage - Timeout while waiting for dropdown to close at index: 2 with aria-expanded = 'false'
2025-01-28 14:59:19 [main] INFO  l.i.uztis.pages.ApplicationFormsPage - Processing dropdown index: 3
2025-01-28 14:59:30 [main] ERROR l.i.uztis.pages.ApplicationFormsPage - Timeout while waiting for dropdown to close at index: 3 with aria-expanded = 'false'
2025-01-28 14:59:30 [main] INFO  l.i.uztis.pages.ApplicationFormsPage - Processing dropdown index: 4
2025-01-28 14:59:40 [main] ERROR l.i.uztis.pages.ApplicationFormsPage - Timeout while waiting for dropdown to close at index: 4 with aria-expanded = 'false'
2025-01-28 14:59:40 [main] INFO  l.i.uztis.pages.ApplicationFormsPage - Processing dropdown index: 5
2025-01-28 14:59:50 [main] ERROR l.i.uztis.pages.ApplicationFormsPage - Timeout while waiting for dropdown to close at index: 5 with aria-expanded = 'false'
2025-01-28 14:59:50 [main] INFO  l.i.uztis.pages.ApplicationFormsPage - Processing dropdown index: 6
2025-01-28 15:00:01 [main] ERROR l.i.uztis.pages.ApplicationFormsPage - Timeout while waiting for dropdown to close at index: 6 with aria-expanded = 'false'
2025-01-28 15:00:01 [main] INFO  l.i.uztis.pages.ApplicationFormsPage - Processing dropdown index: 7
2025-01-28 15:00:11 [main] ERROR l.i.uztis.pages.ApplicationFormsPage - Timeout while waiting for dropdown to close at index: 7 with aria-expanded = 'false'
2025-01-28 15:00:11 [main] INFO  l.i.uztis.pages.ApplicationFormsPage - Processing input field index: 0
2025-01-28 15:00:11 [main] INFO  l.i.uztis.pages.ApplicationFormsPage - Entered value '50' into field index: 0
2025-01-28 15:00:11 [main] INFO  l.i.uztis.pages.ApplicationFormsPage - Processing input field index: 1
2025-01-28 15:00:11 [main] INFO  l.i.uztis.pages.ApplicationFormsPage - Entered value '924' into field index: 1
2025-01-28 15:00:11 [main] INFO  l.i.uztis.pages.ApplicationFormsPage - Processing input field index: 2
2025-01-28 15:00:11 [main] INFO  l.i.uztis.pages.ApplicationFormsPage - Entered value '31' into field index: 2
2025-01-28 15:00:11 [main] INFO  l.i.uztis.pages.ApplicationFormsPage - Processing input field index: 3
2025-01-28 15:00:12 [main] INFO  l.i.uztis.pages.ApplicationFormsPage - Entered value '4.7' into field index: 3
2025-01-28 15:00:12 [main] INFO  l.i.uztis.pages.ApplicationFormsPage - Processing input field index: 4
2025-01-28 15:00:12 [main] INFO  l.i.uztis.pages.ApplicationFormsPage - Entered value '35' into field index: 4
2025-01-28 15:00:12 [main] INFO  l.i.uztis.pages.ApplicationFormsPage - Processing input field index: 5
2025-01-28 15:00:12 [main] INFO  l.i.uztis.pages.ApplicationFormsPage - Entered value '20' into field index: 5
2025-01-28 15:00:12 [main] INFO  l.i.uztis.pages.ApplicationFormsPage - Processing input field index: 6
2025-01-28 15:00:12 [main] INFO  l.i.uztis.pages.ApplicationFormsPage - Entered value '30' into field index: 6
2025-01-28 15:00:12 [main] INFO  l.i.uztis.pages.ApplicationFormsPage - Processing input field index: 7
2025-01-28 15:00:12 [main] INFO  l.i.uztis.pages.ApplicationFormsPage - Entered value '60' into field index: 7
2025-01-28 15:00:12 [main] DEBUG l.i.u.tests.ApplicationFormsPageTest - Entered additional values and text.
2025-01-28 15:00:12 [main] DEBUG l.i.u.tests.ApplicationFormsPageTest - Entered application name: PVK paraiška
2025-01-28 15:00:12 [main] DEBUG l.i.u.tests.ApplicationFormsPageTest - Clicked the 'Save' button.
2025-01-28 15:00:13 [main] INFO  l.i.u.tests.ApplicationFormsPageTest - Verified success message: 'Duomenys sėkmingai išsaugoti.'
2025-01-28 15:00:13 [main] INFO  l.i.u.tests.ApplicationFormsPageTest - Verified that the 'Save Form' button is displayed.
2025-01-28 15:00:13 [main] INFO  l.i.u.tests.ApplicationFormsPageTest - Test 'testCreateNewPvkApplication' completed successfully.
2025-01-28 15:01:23 [main] INFO  lt.insoft.uztis.tests.UztisPageTest - Navigated to https://uztisdev.asseco.lt/home
2025-01-28 15:01:23 [main] INFO  l.i.uztis.tests.InvitationsPageTest - Starting test:'testCreateNewPvkInvitation'
2025-01-28 15:01:24 [main] DEBUG l.i.uztis.tests.InvitationsPageTest - User logged in with test credentials
2025-01-28 15:01:24 [main] DEBUG l.i.uztis.tests.InvitationsPageTest - Opened 'Application Processing' menu.
2025-01-28 15:01:24 [main] DEBUG l.i.uztis.tests.InvitationsPageTest - Clicked on 'Application Forms' menu.
2025-01-28 15:01:24 [main] DEBUG l.i.uztis.tests.InvitationsPageTest - Navigating to application forms menu.
2025-01-28 15:01:25 [main] DEBUG l.i.uztis.tests.InvitationsPageTest - Retrieved last description code text: 'TST-PVK-68'.
2025-01-28 15:01:25 [main] DEBUG l.i.uztis.tests.InvitationsPageTest - Clicked on 'Invitation' menu.
2025-01-28 15:01:25 [main] DEBUG l.i.uztis.tests.InvitationsPageTest - Clicked 'Create New Application Form'.
2025-01-28 15:01:26 [main] DEBUG l.i.uztis.tests.InvitationsPageTest - Selected section by code: 'TST-PVK-68'.
2025-01-28 15:01:26 [main] DEBUG l.i.uztis.tests.InvitationsPageTest - Selected invitation number from the list.
2025-01-28 15:01:27 [main] DEBUG l.i.uztis.tests.InvitationsPageTest - Entered current date.
2025-01-28 15:01:27 [main] DEBUG l.i.uztis.tests.InvitationsPageTest - Entered start time: 00:00.
2025-01-28 15:01:27 [main] DEBUG l.i.uztis.tests.InvitationsPageTest - Entered end date.
2025-01-28 15:01:28 [main] DEBUG l.i.uztis.tests.InvitationsPageTest - Entered end time: 11:11.
2025-01-28 15:01:28 [main] DEBUG l.i.uztis.tests.InvitationsPageTest - Entered publication end date.
2025-01-28 15:01:28 [main] DEBUG l.i.uztis.tests.InvitationsPageTest - Added additional values.
2025-01-28 15:01:28 [main] INFO  l.insoft.uztis.pages.InvitationsPage - Located the dropdown button.
2025-01-28 15:01:29 [main] DEBUG l.i.uztis.tests.InvitationsPageTest - Selected the value: 'Didžiausia galima paramos suma aplinkos darbo vietai, Eur'
2025-01-28 15:01:29 [main] INFO  l.insoft.uztis.pages.InvitationsPage - Located the dropdown button.
2025-01-28 15:01:30 [main] DEBUG l.i.uztis.tests.InvitationsPageTest - Selected the value: 'Didžiausia galima paramos suma, Eur'
2025-01-28 15:01:30 [main] INFO  l.insoft.uztis.pages.InvitationsPage - Located the dropdown button.
2025-01-28 15:01:31 [main] DEBUG l.i.uztis.tests.InvitationsPageTest - Selected the value: 'Didžiausia galima paramos suma vienai darbo vietai, Eur'
2025-01-28 15:01:31 [main] DEBUG l.i.uztis.tests.InvitationsPageTest - Entered value: 11000
2025-01-28 15:01:31 [main] DEBUG l.i.uztis.tests.InvitationsPageTest - Entered value: 12000
2025-01-28 15:01:31 [main] DEBUG l.i.uztis.tests.InvitationsPageTest - Entered value: 13000
2025-01-28 15:01:32 [main] DEBUG l.i.uztis.tests.InvitationsPageTest - Checked 'Legal Entities' checkbox.
2025-01-28 15:01:32 [main] DEBUG l.i.uztis.tests.InvitationsPageTest - Unchecked 'Persons Registered with Employment Service' checkbox.
2025-01-28 15:01:32 [main] DEBUG l.i.uztis.tests.InvitationsPageTest - Checked 'Persons Registered as Employers' checkbox.
2025-01-28 15:01:32 [main] DEBUG l.i.uztis.tests.InvitationsPageTest - Entered second evaluation grade: '5'.
2025-01-28 15:01:32 [main] DEBUG l.i.uztis.tests.InvitationsPageTest - Entered third evaluation grade: '6'.
2025-01-28 15:01:32 [main] DEBUG l.i.uztis.tests.InvitationsPageTest - Entered second evaluation grade weight: '0,45'.
2025-01-28 15:01:32 [main] DEBUG l.i.uztis.tests.InvitationsPageTest - Entered third evaluation grade weight: '0,55'.
2025-01-28 15:01:32 [main] DEBUG l.i.uztis.tests.InvitationsPageTest - Entered budget: '2000'.
2025-01-28 15:01:32 [main] DEBUG l.i.uztis.tests.InvitationsPageTest - Entered budget: '2000'.
2025-01-28 15:01:32 [main] DEBUG l.i.uztis.tests.InvitationsPageTest - Entered budget: '2000'.
2025-01-28 15:01:33 [main] DEBUG l.i.uztis.tests.InvitationsPageTest - Entered budget: '2000'.
2025-01-28 15:01:33 [main] DEBUG l.i.uztis.tests.InvitationsPageTest - Entered budget: '2000'.
2025-01-28 15:01:33 [main] DEBUG l.i.uztis.tests.InvitationsPageTest - Entered description text: 'Aprašo tekstas'.
2025-01-28 15:01:33 [main] DEBUG l.i.uztis.tests.InvitationsPageTest - Entered applicants text: 'Pareiškėjų tekstas'.
2025-01-28 15:01:33 [main] DEBUG l.i.uztis.tests.InvitationsPageTest - Entered expenditures text: 'Išlaidų tekstas'.
2025-01-28 15:01:33 [main] DEBUG l.i.uztis.tests.InvitationsPageTest - Entered legislation text: 'Teisės aktų tekstas'.
2025-01-28 15:01:33 [main] DEBUG l.i.uztis.tests.InvitationsPageTest - Entered education text: 'Mokymų tekstas'.
2025-01-28 15:01:33 [main] DEBUG l.i.uztis.tests.InvitationsPageTest - File uploaded.
2025-01-28 15:01:34 [main] DEBUG l.i.uztis.tests.InvitationsPageTest - Clicked 'Publish'.
2025-01-28 15:01:34 [main] DEBUG l.i.uztis.tests.InvitationsPageTest - Publication confirmed.
2025-01-28 15:01:35 [main] DEBUG l.i.uztis.tests.InvitationsPageTest - Verified success message: 'Funkcija sėkmingai atlikta.'
2025-01-28 15:01:35 [main] INFO  l.i.uztis.tests.InvitationsPageTest - Test 'testCreateNewPvkInvitation' completed successfully.
2025-01-28 15:01:49 [main] INFO  lt.insoft.uztis.tests.UztisPageTest - Navigated to https://uztisdev.asseco.lt/home
2025-01-28 15:01:49 [main] INFO  l.i.uztis.tests.InvitationsPageTest - Starting test:'testInsertVuiStatisticInformation'
2025-01-28 15:01:50 [main] DEBUG l.i.uztis.tests.InvitationsPageTest - User logged in with test credentials
2025-01-28 15:01:50 [main] DEBUG l.i.uztis.tests.InvitationsPageTest - Opened 'Application Processing' menu.
2025-01-28 15:01:50 [main] DEBUG l.i.uztis.tests.InvitationsPageTest - Clicked on 'Application Forms' menu.
2025-01-28 15:01:50 [main] DEBUG l.i.uztis.tests.InvitationsPageTest - Navigating to invitation forms menu.
2025-01-28 15:01:51 [main] DEBUG l.i.uztis.tests.InvitationsPageTest - Retrieved last description code text: 'TST-PVK-68'.
2025-01-28 15:01:51 [main] DEBUG l.i.uztis.tests.InvitationsPageTest - Clicked on 'Invitation' menu.
2025-01-28 15:01:52 [main] DEBUG l.i.uztis.tests.InvitationsPageTest - Selected section by code: 'TST-PVK-68'.
2025-01-28 15:01:52 [main] DEBUG l.i.uztis.tests.InvitationsPageTest - Clicked 'Search'.
2025-01-28 15:01:52 [main] DEBUG l.i.uztis.tests.InvitationsPageTest - Getting and inserting application code text.
2025-01-28 15:01:52 [main] DEBUG l.i.uztis.tests.InvitationsPageTest - Clicked 'Publishing'.
2025-01-28 15:01:53 [main] DEBUG l.i.uztis.tests.InvitationsPageTest - Clicked 'Statistic Information' tab.
2025-01-28 15:01:53 [main] DEBUG l.i.uztis.tests.InvitationsPageTest - Clicked 'Edit' button.
2025-01-28 15:01:54 [main] DEBUG l.i.uztis.tests.InvitationsPageTest - Entered current date.
2025-01-28 15:01:54 [main] DEBUG l.i.uztis.tests.InvitationsPageTest - Entered value: 8.7
2025-01-28 15:01:54 [main] DEBUG l.i.uztis.tests.InvitationsPageTest - Entered average salary: 2237.9
2025-01-28 15:01:54 [main] DEBUG l.i.uztis.tests.InvitationsPageTest - File uploaded.
2025-01-28 15:01:54 [main] DEBUG l.i.uztis.tests.InvitationsPageTest - Clicked 'Save' button.
2025-01-28 15:01:55 [main] DEBUG l.i.uztis.tests.InvitationsPageTest - Verified success message: 'Funkcija sėkmingai atlikta.'
2025-01-28 15:01:55 [main] INFO  l.i.uztis.tests.InvitationsPageTest - Test 'testInsertVuiStatisticInformation' completed successfully.
2025-01-28 15:04:27 [main] INFO  lt.insoft.uztis.tests.UztisPageTest - Navigated to https://uztisdev.asseco.lt/home
2025-01-28 15:04:27 [main] INFO  l.i.uztis.tests.InvitationsPageTest - Starting test:'testCreateNewPvkInvitation'
2025-01-28 15:04:27 [main] DEBUG l.i.uztis.tests.InvitationsPageTest - User logged in with test credentials
2025-01-28 15:04:28 [main] DEBUG l.i.uztis.tests.InvitationsPageTest - Opened 'Application Processing' menu.
2025-01-28 15:04:28 [main] DEBUG l.i.uztis.tests.InvitationsPageTest - Clicked on 'Application Forms' menu.
2025-01-28 15:04:28 [main] DEBUG l.i.uztis.tests.InvitationsPageTest - Navigating to application forms menu.
2025-01-28 15:04:28 [main] DEBUG l.i.uztis.tests.InvitationsPageTest - Retrieved last description code text: 'TST-PVK-68'.
2025-01-28 15:04:28 [main] DEBUG l.i.uztis.tests.InvitationsPageTest - Clicked on 'Invitation' menu.
2025-01-28 15:04:28 [main] DEBUG l.i.uztis.tests.InvitationsPageTest - Clicked 'Create New Application Form'.
2025-01-28 15:04:29 [main] DEBUG l.i.uztis.tests.InvitationsPageTest - Selected section by code: 'TST-PVK-68'.
2025-01-28 15:04:30 [main] DEBUG l.i.uztis.tests.InvitationsPageTest - Selected invitation number from the list.
2025-01-28 15:04:30 [main] DEBUG l.i.uztis.tests.InvitationsPageTest - Entered current date.
2025-01-28 15:04:30 [main] DEBUG l.i.uztis.tests.InvitationsPageTest - Entered start time: 00:00.
2025-01-28 15:04:30 [main] DEBUG l.i.uztis.tests.InvitationsPageTest - Entered end date.
2025-01-28 15:04:31 [main] DEBUG l.i.uztis.tests.InvitationsPageTest - Entered end time: 11:11.
2025-01-28 15:04:31 [main] DEBUG l.i.uztis.tests.InvitationsPageTest - Entered publication end date.
2025-01-28 15:04:31 [main] DEBUG l.i.uztis.tests.InvitationsPageTest - Added additional values.
2025-01-28 15:04:31 [main] INFO  l.insoft.uztis.pages.InvitationsPage - Located the dropdown button.
2025-01-28 15:04:32 [main] DEBUG l.i.uztis.tests.InvitationsPageTest - Selected the value: 'Didžiausia galima paramos suma aplinkos darbo vietai, Eur'
2025-01-28 15:04:32 [main] INFO  l.insoft.uztis.pages.InvitationsPage - Located the dropdown button.
2025-01-28 15:04:33 [main] DEBUG l.i.uztis.tests.InvitationsPageTest - Selected the value: 'Didžiausia galima paramos suma, Eur'
2025-01-28 15:04:33 [main] INFO  l.insoft.uztis.pages.InvitationsPage - Located the dropdown button.
2025-01-28 15:04:34 [main] DEBUG l.i.uztis.tests.InvitationsPageTest - Selected the value: 'Didžiausia galima paramos suma vienai darbo vietai, Eur'
2025-01-28 15:04:34 [main] DEBUG l.i.uztis.tests.InvitationsPageTest - Entered value: 11000
2025-01-28 15:04:34 [main] DEBUG l.i.uztis.tests.InvitationsPageTest - Entered value: 12000
2025-01-28 15:04:34 [main] DEBUG l.i.uztis.tests.InvitationsPageTest - Entered value: 13000
2025-01-28 15:04:35 [main] DEBUG l.i.uztis.tests.InvitationsPageTest - Checked 'Legal Entities' checkbox.
2025-01-28 15:04:35 [main] DEBUG l.i.uztis.tests.InvitationsPageTest - Unchecked 'Persons Registered with Employment Service' checkbox.
2025-01-28 15:04:35 [main] DEBUG l.i.uztis.tests.InvitationsPageTest - Checked 'Persons Registered as Employers' checkbox.
2025-01-28 15:04:35 [main] DEBUG l.i.uztis.tests.InvitationsPageTest - Entered second evaluation grade: '5'.
2025-01-28 15:04:35 [main] DEBUG l.i.uztis.tests.InvitationsPageTest - Entered third evaluation grade: '6'.
2025-01-28 15:04:35 [main] DEBUG l.i.uztis.tests.InvitationsPageTest - Entered second evaluation grade weight: '0,45'.
2025-01-28 15:04:35 [main] DEBUG l.i.uztis.tests.InvitationsPageTest - Entered third evaluation grade weight: '0,55'.
2025-01-28 15:04:35 [main] DEBUG l.i.uztis.tests.InvitationsPageTest - Entered budget: '2000'.
2025-01-28 15:04:35 [main] DEBUG l.i.uztis.tests.InvitationsPageTest - Entered budget: '2000'.
2025-01-28 15:04:35 [main] DEBUG l.i.uztis.tests.InvitationsPageTest - Entered budget: '2000'.
2025-01-28 15:04:36 [main] DEBUG l.i.uztis.tests.InvitationsPageTest - Entered budget: '2000'.
2025-01-28 15:04:36 [main] DEBUG l.i.uztis.tests.InvitationsPageTest - Entered budget: '2000'.
2025-01-28 15:04:36 [main] DEBUG l.i.uztis.tests.InvitationsPageTest - Entered description text: 'Aprašo tekstas'.
2025-01-28 15:04:36 [main] DEBUG l.i.uztis.tests.InvitationsPageTest - Entered applicants text: 'Pareiškėjų tekstas'.
2025-01-28 15:04:36 [main] DEBUG l.i.uztis.tests.InvitationsPageTest - Entered expenditures text: 'Išlaidų tekstas'.
2025-01-28 15:04:36 [main] DEBUG l.i.uztis.tests.InvitationsPageTest - Entered legislation text: 'Teisės aktų tekstas'.
2025-01-28 15:04:36 [main] DEBUG l.i.uztis.tests.InvitationsPageTest - Entered education text: 'Mokymų tekstas'.
2025-01-28 15:04:36 [main] DEBUG l.i.uztis.tests.InvitationsPageTest - File uploaded.
2025-01-28 15:04:37 [main] DEBUG l.i.uztis.tests.InvitationsPageTest - Clicked 'Publish'.
2025-01-28 15:04:37 [main] DEBUG l.i.uztis.tests.InvitationsPageTest - Publication confirmed.
2025-01-28 15:04:37 [main] DEBUG l.i.uztis.tests.InvitationsPageTest - Verified success message: 'Funkcija sėkmingai atlikta.'
2025-01-28 15:04:37 [main] INFO  l.i.uztis.tests.InvitationsPageTest - Test 'testCreateNewPvkInvitation' completed successfully.
2025-01-28 15:04:58 [main] INFO  lt.insoft.uztis.tests.UztisPageTest - Navigated to https://uztisdev.asseco.lt/home
2025-01-28 15:04:58 [main] INFO  l.i.uztis.tests.InvitationsPageTest - Starting test:'testInsertVuiStatisticInformation'
2025-01-28 15:04:59 [main] DEBUG l.i.uztis.tests.InvitationsPageTest - User logged in with test credentials
2025-01-28 15:04:59 [main] DEBUG l.i.uztis.tests.InvitationsPageTest - Opened 'Application Processing' menu.
2025-01-28 15:04:59 [main] DEBUG l.i.uztis.tests.InvitationsPageTest - Clicked on 'Application Forms' menu.
2025-01-28 15:04:59 [main] DEBUG l.i.uztis.tests.InvitationsPageTest - Navigating to invitation forms menu.
2025-01-28 15:05:00 [main] DEBUG l.i.uztis.tests.InvitationsPageTest - Retrieved last description code text: 'TST-PVK-68'.
2025-01-28 15:05:00 [main] DEBUG l.i.uztis.tests.InvitationsPageTest - Clicked on 'Invitation' menu.
2025-01-28 15:05:01 [main] DEBUG l.i.uztis.tests.InvitationsPageTest - Selected section by code: 'TST-PVK-68'.
2025-01-28 15:05:01 [main] DEBUG l.i.uztis.tests.InvitationsPageTest - Clicked 'Search'.
2025-01-28 15:05:01 [main] DEBUG l.i.uztis.tests.InvitationsPageTest - Getting and inserting application code text.
2025-01-28 15:05:01 [main] DEBUG l.i.uztis.tests.InvitationsPageTest - Clicked 'Publishing'.
2025-01-28 15:05:02 [main] DEBUG l.i.uztis.tests.InvitationsPageTest - Clicked 'Statistic Information' tab.
2025-01-28 15:05:02 [main] DEBUG l.i.uztis.tests.InvitationsPageTest - Clicked 'Edit' button.
2025-01-28 15:05:02 [main] DEBUG l.i.uztis.tests.InvitationsPageTest - Entered current date.
2025-01-28 15:05:02 [main] DEBUG l.i.uztis.tests.InvitationsPageTest - Entered value: 8.7
2025-01-28 15:05:02 [main] DEBUG l.i.uztis.tests.InvitationsPageTest - Entered average salary: 2237.9
2025-01-28 15:05:03 [main] DEBUG l.i.uztis.tests.InvitationsPageTest - File uploaded.
2025-01-28 15:05:03 [main] DEBUG l.i.uztis.tests.InvitationsPageTest - Clicked 'Save' button.
2025-01-28 15:05:03 [main] DEBUG l.i.uztis.tests.InvitationsPageTest - Verified success message: 'Funkcija sėkmingai atlikta.'
2025-01-28 15:05:03 [main] INFO  l.i.uztis.tests.InvitationsPageTest - Test 'testInsertVuiStatisticInformation' completed successfully.
2025-01-28 15:09:37 [main] INFO  lt.insoft.uztis.tests.UztisPageTest - Navigated to https://uztisdev.asseco.lt/home
2025-01-28 15:09:37 [main] INFO  l.i.uztis.tests.InvitationsPageTest - Starting test:'testCreateNewPvkInvitation'
2025-01-28 15:09:37 [main] DEBUG l.i.uztis.tests.InvitationsPageTest - User logged in with test credentials
2025-01-28 15:09:37 [main] DEBUG l.i.uztis.tests.InvitationsPageTest - Opened 'Application Processing' menu.
2025-01-28 15:09:37 [main] DEBUG l.i.uztis.tests.InvitationsPageTest - Clicked on 'Application Forms' menu.
2025-01-28 15:09:37 [main] DEBUG l.i.uztis.tests.InvitationsPageTest - Navigating to application forms menu.
2025-01-28 15:09:38 [main] DEBUG l.i.uztis.tests.InvitationsPageTest - Retrieved last description code text: 'TST-PVK-68'.
2025-01-28 15:09:38 [main] DEBUG l.i.uztis.tests.InvitationsPageTest - Clicked on 'Invitation' menu.
2025-01-28 15:09:38 [main] DEBUG l.i.uztis.tests.InvitationsPageTest - Clicked 'Create New Application Form'.
2025-01-28 15:09:39 [main] DEBUG l.i.uztis.tests.InvitationsPageTest - Selected section by code: 'TST-PVK-68'.
2025-01-28 15:09:40 [main] DEBUG l.i.uztis.tests.InvitationsPageTest - Selected invitation number from the list.
2025-01-28 15:09:40 [main] DEBUG l.i.uztis.tests.InvitationsPageTest - Entered current date.
2025-01-28 15:09:41 [main] DEBUG l.i.uztis.tests.InvitationsPageTest - Entered start time: 00:00.
2025-01-28 15:09:41 [main] DEBUG l.i.uztis.tests.InvitationsPageTest - Entered end date.
2025-01-28 15:09:41 [main] DEBUG l.i.uztis.tests.InvitationsPageTest - Entered end time: 11:11.
2025-01-28 15:09:42 [main] DEBUG l.i.uztis.tests.InvitationsPageTest - Entered publication end date.
2025-01-28 15:09:42 [main] DEBUG l.i.uztis.tests.InvitationsPageTest - Added additional values.
2025-01-28 15:09:42 [main] INFO  l.insoft.uztis.pages.InvitationsPage - Located the dropdown button.
2025-01-28 15:09:42 [main] DEBUG l.i.uztis.tests.InvitationsPageTest - Selected the value: 'Didžiausia galima paramos suma aplinkos darbo vietai, Eur'
2025-01-28 15:09:42 [main] INFO  l.insoft.uztis.pages.InvitationsPage - Located the dropdown button.
2025-01-28 15:09:43 [main] DEBUG l.i.uztis.tests.InvitationsPageTest - Selected the value: 'Didžiausia galima paramos suma, Eur'
2025-01-28 15:09:43 [main] INFO  l.insoft.uztis.pages.InvitationsPage - Located the dropdown button.
2025-01-28 15:09:44 [main] DEBUG l.i.uztis.tests.InvitationsPageTest - Selected the value: 'Didžiausia galima paramos suma vienai darbo vietai, Eur'
2025-01-28 15:09:44 [main] DEBUG l.i.uztis.tests.InvitationsPageTest - Entered value: 11000
2025-01-28 15:09:44 [main] DEBUG l.i.uztis.tests.InvitationsPageTest - Entered value: 12000
2025-01-28 15:09:44 [main] DEBUG l.i.uztis.tests.InvitationsPageTest - Entered value: 13000
2025-01-28 15:09:44 [main] DEBUG l.i.uztis.tests.InvitationsPageTest - Checked 'Legal Entities' checkbox.
2025-01-28 15:09:45 [main] DEBUG l.i.uztis.tests.InvitationsPageTest - Unchecked 'Persons Registered with Employment Service' checkbox.
2025-01-28 15:09:45 [main] DEBUG l.i.uztis.tests.InvitationsPageTest - Checked 'Persons Registered as Employers' checkbox.
2025-01-28 15:09:45 [main] DEBUG l.i.uztis.tests.InvitationsPageTest - Entered second evaluation grade: '5'.
2025-01-28 15:09:45 [main] DEBUG l.i.uztis.tests.InvitationsPageTest - Entered third evaluation grade: '6'.
2025-01-28 15:09:45 [main] DEBUG l.i.uztis.tests.InvitationsPageTest - Entered second evaluation grade weight: '0,45'.
2025-01-28 15:09:45 [main] DEBUG l.i.uztis.tests.InvitationsPageTest - Entered third evaluation grade weight: '0,55'.
2025-01-28 15:09:45 [main] DEBUG l.i.uztis.tests.InvitationsPageTest - Entered budget: '2000'.
2025-01-28 15:09:45 [main] DEBUG l.i.uztis.tests.InvitationsPageTest - Entered budget: '2000'.
2025-01-28 15:09:45 [main] DEBUG l.i.uztis.tests.InvitationsPageTest - Entered budget: '2000'.
2025-01-28 15:09:45 [main] DEBUG l.i.uztis.tests.InvitationsPageTest - Entered budget: '2000'.
2025-01-28 15:09:46 [main] DEBUG l.i.uztis.tests.InvitationsPageTest - Entered budget: '2000'.
2025-01-28 15:09:46 [main] DEBUG l.i.uztis.tests.InvitationsPageTest - Entered description text: 'Aprašo tekstas'.
2025-01-28 15:09:46 [main] DEBUG l.i.uztis.tests.InvitationsPageTest - Entered applicants text: 'Pareiškėjų tekstas'.
2025-01-28 15:09:46 [main] DEBUG l.i.uztis.tests.InvitationsPageTest - Entered expenditures text: 'Išlaidų tekstas'.
2025-01-28 15:09:46 [main] DEBUG l.i.uztis.tests.InvitationsPageTest - Entered legislation text: 'Teisės aktų tekstas'.
2025-01-28 15:09:46 [main] DEBUG l.i.uztis.tests.InvitationsPageTest - Entered education text: 'Mokymų tekstas'.
2025-01-28 15:09:46 [main] DEBUG l.i.uztis.tests.InvitationsPageTest - File uploaded.
2025-01-28 15:09:47 [main] DEBUG l.i.uztis.tests.InvitationsPageTest - Clicked 'Publish'.
2025-01-28 15:09:47 [main] DEBUG l.i.uztis.tests.InvitationsPageTest - Publication confirmed.
2025-01-28 15:09:47 [main] DEBUG l.i.uztis.tests.InvitationsPageTest - Verified success message: 'Funkcija sėkmingai atlikta.'
2025-01-28 15:09:47 [main] INFO  l.i.uztis.tests.InvitationsPageTest - Test 'testCreateNewPvkInvitation' completed successfully.
2025-01-28 15:10:13 [main] INFO  lt.insoft.uztis.tests.UztisPageTest - Navigated to https://uztisdev.asseco.lt/home
2025-01-28 15:10:13 [main] INFO  l.i.uztis.tests.InvitationsPageTest - Starting test:'testInsertVuiStatisticInformation'
2025-01-28 15:10:14 [main] DEBUG l.i.uztis.tests.InvitationsPageTest - User logged in with test credentials
2025-01-28 15:10:15 [main] DEBUG l.i.uztis.tests.InvitationsPageTest - Opened 'Application Processing' menu.
2025-01-28 15:10:15 [main] DEBUG l.i.uztis.tests.InvitationsPageTest - Clicked on 'Application Forms' menu.
2025-01-28 15:10:15 [main] DEBUG l.i.uztis.tests.InvitationsPageTest - Navigating to invitation forms menu.
2025-01-28 15:10:16 [main] DEBUG l.i.uztis.tests.InvitationsPageTest - Retrieved last description code text: 'TST-PVK-68'.
2025-01-28 15:10:16 [main] DEBUG l.i.uztis.tests.InvitationsPageTest - Clicked on 'Invitation' menu.
2025-01-28 15:10:16 [main] DEBUG l.i.uztis.tests.InvitationsPageTest - Selected section by code: 'TST-PVK-68'.
2025-01-28 15:10:16 [main] DEBUG l.i.uztis.tests.InvitationsPageTest - Clicked 'Search'.
2025-01-28 15:10:16 [main] DEBUG l.i.uztis.tests.InvitationsPageTest - Getting and inserting application code text.
2025-01-28 15:10:17 [main] DEBUG l.i.uztis.tests.InvitationsPageTest - Clicked 'Publishing'.
2025-01-28 15:10:17 [main] DEBUG l.i.uztis.tests.InvitationsPageTest - Clicked 'Statistic Information' tab.
2025-01-28 15:10:17 [main] DEBUG l.i.uztis.tests.InvitationsPageTest - Clicked 'Edit' button.
2025-01-28 15:10:18 [main] DEBUG l.i.uztis.tests.InvitationsPageTest - Entered current date.
2025-01-28 15:10:18 [main] DEBUG l.i.uztis.tests.InvitationsPageTest - Entered value: 8.7
2025-01-28 15:10:18 [main] DEBUG l.i.uztis.tests.InvitationsPageTest - Entered average salary: 2237.9
2025-01-28 15:10:18 [main] DEBUG l.i.uztis.tests.InvitationsPageTest - File uploaded.
2025-01-28 15:10:18 [main] DEBUG l.i.uztis.tests.InvitationsPageTest - Clicked 'Save' button.
2025-01-28 15:10:18 [main] DEBUG l.i.uztis.tests.InvitationsPageTest - Verified success message: 'Funkcija sėkmingai atlikta.'
2025-01-28 15:10:18 [main] INFO  l.i.uztis.tests.InvitationsPageTest - Test 'testInsertVuiStatisticInformation' completed successfully.
2025-01-29 12:45:50 [main] INFO  lt.insoft.uztis.tests.UztisPageTest - Navigated to https://uztisdev.asseco.lt/home
2025-01-29 12:45:50 [main] INFO  l.i.u.tests.ApplicationFormsPageTest - Setup complete. ApplicationFormsPage initialized.
2025-01-29 12:45:50 [main] INFO  l.i.u.tests.ApplicationFormsPageTest - Starting test:'testCreateNewVuiApplication'
2025-01-29 12:45:51 [main] DEBUG l.i.u.tests.ApplicationFormsPageTest - User logged in with test credentials
2025-01-29 12:45:51 [main] DEBUG l.i.u.tests.ApplicationFormsPageTest - Opened 'Application Processing' menu.
2025-01-29 12:45:51 [main] DEBUG l.i.u.tests.ApplicationFormsPageTest - Clicked on 'Application Forms' menu.
2025-01-29 12:45:52 [main] DEBUG l.i.u.tests.ApplicationFormsPageTest - Clicked to create a new application form.
2025-01-29 12:45:52 [main] DEBUG l.i.u.tests.ApplicationFormsPageTest - Entered random application code: TST-VUI-27
2025-01-29 12:45:52 [main] DEBUG l.i.u.tests.ApplicationFormsPageTest - Selected 'Section' radio button.
2025-01-29 12:45:52 [main] INFO  l.i.uztis.pages.ApplicationFormsPage - Located the dropdown button.
2025-01-29 12:45:52 [main] INFO  l.i.uztis.pages.ApplicationFormsPage - Successfully selected the value: 'Skyrius 1'
2025-01-29 12:46:02 [main] ERROR l.i.uztis.pages.ApplicationFormsPage - Failed to close the dropdown with aria-expanded = 'false'.
2025-01-29 12:46:02 [main] DEBUG l.i.u.tests.ApplicationFormsPageTest - Selected a value from the 'Section' dropdown: 'Skyrius 1'
2025-01-29 12:46:02 [main] DEBUG l.i.u.tests.ApplicationFormsPageTest - Selected 'Budget by Municipality' option.
2025-01-29 12:46:03 [main] DEBUG l.i.u.tests.ApplicationFormsPageTest - Selected 'Financed Without Queue' option.
2025-01-29 12:46:03 [main] DEBUG l.i.u.tests.ApplicationFormsPageTest - Clicked 'Add' button.
2025-01-29 12:46:03 [main] INFO  l.i.uztis.pages.ApplicationFormsPage - Located the dropdown button.
2025-01-29 12:46:04 [main] INFO  l.i.uztis.pages.ApplicationFormsPage - Successfully selected the value: 'VUI paraiškos vertinimo forma - I etapas'
2025-01-29 12:46:14 [main] ERROR l.i.uztis.pages.ApplicationFormsPage - Failed to close the dropdown with aria-expanded = 'false'.
2025-01-29 12:46:14 [main] DEBUG l.i.u.tests.ApplicationFormsPageTest - Selected a value from the 'EvaluationOne' dropdown: 'VUI paraiškos vertinimo forma - I etapas'
2025-01-29 12:46:14 [main] INFO  l.i.uztis.pages.ApplicationFormsPage - Located the dropdown button.
2025-01-29 12:46:15 [main] INFO  l.i.uztis.pages.ApplicationFormsPage - Successfully selected the value: 'VUI paraiškos vertinimo forma - II etapas'
2025-01-29 12:46:25 [main] ERROR l.i.uztis.pages.ApplicationFormsPage - Failed to close the dropdown with aria-expanded = 'false'.
2025-01-29 12:46:25 [main] DEBUG l.i.u.tests.ApplicationFormsPageTest - Selected a value from the 'EvaluationTwon' dropdown: 'VUI paraiškos vertinimo forma - II etapas'
2025-01-29 12:46:25 [main] INFO  l.i.uztis.pages.ApplicationFormsPage - Located the dropdown button.
2025-01-29 12:46:25 [main] INFO  l.i.uztis.pages.ApplicationFormsPage - Successfully selected the value: 'VUI paraiškos vertinimo forma - III etapas'
2025-01-29 12:46:36 [main] ERROR l.i.uztis.pages.ApplicationFormsPage - Failed to close the dropdown with aria-expanded = 'false'.
2025-01-29 12:46:36 [main] DEBUG l.i.u.tests.ApplicationFormsPageTest - Selected a value from the 'EvaluationThree' dropdown: 'VUI paraiškos vertinimo forma - III etapas'
2025-01-29 12:46:36 [main] DEBUG l.i.u.tests.ApplicationFormsPageTest - Clicked 'Plus' button.
2025-01-29 12:46:36 [main] DEBUG l.i.u.tests.ApplicationFormsPageTest - Clicked 'Add' button seven times.
2025-01-29 12:46:36 [main] INFO  l.i.uztis.pages.ApplicationFormsPage - Processing dropdown index: 0
2025-01-29 12:46:47 [main] ERROR l.i.uztis.pages.ApplicationFormsPage - Timeout while waiting for dropdown to close at index: 0 with aria-expanded = 'false'
2025-01-29 12:46:47 [main] INFO  l.i.uztis.pages.ApplicationFormsPage - Processing dropdown index: 1
2025-01-29 12:46:58 [main] ERROR l.i.uztis.pages.ApplicationFormsPage - Timeout while waiting for dropdown to close at index: 1 with aria-expanded = 'false'
2025-01-29 12:46:58 [main] INFO  l.i.uztis.pages.ApplicationFormsPage - Processing dropdown index: 2
2025-01-29 12:47:09 [main] ERROR l.i.uztis.pages.ApplicationFormsPage - Timeout while waiting for dropdown to close at index: 2 with aria-expanded = 'false'
2025-01-29 12:47:09 [main] INFO  l.i.uztis.pages.ApplicationFormsPage - Processing dropdown index: 3
2025-01-29 12:47:19 [main] ERROR l.i.uztis.pages.ApplicationFormsPage - Timeout while waiting for dropdown to close at index: 3 with aria-expanded = 'false'
2025-01-29 12:47:19 [main] INFO  l.i.uztis.pages.ApplicationFormsPage - Processing dropdown index: 4
2025-01-29 12:47:30 [main] ERROR l.i.uztis.pages.ApplicationFormsPage - Timeout while waiting for dropdown to close at index: 4 with aria-expanded = 'false'
2025-01-29 12:47:30 [main] INFO  l.i.uztis.pages.ApplicationFormsPage - Processing dropdown index: 5
2025-01-29 12:47:41 [main] ERROR l.i.uztis.pages.ApplicationFormsPage - Timeout while waiting for dropdown to close at index: 5 with aria-expanded = 'false'
2025-01-29 12:47:41 [main] INFO  l.i.uztis.pages.ApplicationFormsPage - Processing dropdown index: 6
2025-01-29 12:47:52 [main] ERROR l.i.uztis.pages.ApplicationFormsPage - Timeout while waiting for dropdown to close at index: 6 with aria-expanded = 'false'
2025-01-29 12:47:52 [main] INFO  l.i.uztis.pages.ApplicationFormsPage - Processing dropdown index: 7
2025-01-29 12:48:03 [main] ERROR l.i.uztis.pages.ApplicationFormsPage - Timeout while waiting for dropdown to close at index: 7 with aria-expanded = 'false'
2025-01-29 12:48:03 [main] INFO  l.i.uztis.pages.ApplicationFormsPage - Processing input field index: 0
2025-01-29 12:48:03 [main] INFO  l.i.uztis.pages.ApplicationFormsPage - Entered value '50' into field index: 0
2025-01-29 12:48:03 [main] INFO  l.i.uztis.pages.ApplicationFormsPage - Processing input field index: 1
2025-01-29 12:48:03 [main] INFO  l.i.uztis.pages.ApplicationFormsPage - Entered value '924' into field index: 1
2025-01-29 12:48:03 [main] INFO  l.i.uztis.pages.ApplicationFormsPage - Processing input field index: 2
2025-01-29 12:48:03 [main] INFO  l.i.uztis.pages.ApplicationFormsPage - Entered value '31' into field index: 2
2025-01-29 12:48:03 [main] INFO  l.i.uztis.pages.ApplicationFormsPage - Processing input field index: 3
2025-01-29 12:48:04 [main] INFO  l.i.uztis.pages.ApplicationFormsPage - Entered value '4.7' into field index: 3
2025-01-29 12:48:04 [main] INFO  l.i.uztis.pages.ApplicationFormsPage - Processing input field index: 4
2025-01-29 12:48:04 [main] INFO  l.i.uztis.pages.ApplicationFormsPage - Entered value '35' into field index: 4
2025-01-29 12:48:04 [main] INFO  l.i.uztis.pages.ApplicationFormsPage - Processing input field index: 5
2025-01-29 12:48:04 [main] INFO  l.i.uztis.pages.ApplicationFormsPage - Entered value '20' into field index: 5
2025-01-29 12:48:04 [main] INFO  l.i.uztis.pages.ApplicationFormsPage - Processing input field index: 6
2025-01-29 12:48:04 [main] INFO  l.i.uztis.pages.ApplicationFormsPage - Entered value '30' into field index: 6
2025-01-29 12:48:04 [main] INFO  l.i.uztis.pages.ApplicationFormsPage - Processing input field index: 7
2025-01-29 12:48:04 [main] INFO  l.i.uztis.pages.ApplicationFormsPage - Entered value '60' into field index: 7
2025-01-29 12:48:04 [main] DEBUG l.i.u.tests.ApplicationFormsPageTest - Entered additional values and text.
2025-01-29 12:48:04 [main] DEBUG l.i.u.tests.ApplicationFormsPageTest - Entered application name: VUI paraiška
2025-01-29 12:48:04 [main] DEBUG l.i.u.tests.ApplicationFormsPageTest - Clicked the 'Save' button.
2025-01-29 12:48:05 [main] INFO  l.i.u.tests.ApplicationFormsPageTest - Verified success message text: 'Duomenys sėkmingai išsaugoti.'
2025-01-29 12:48:05 [main] INFO  l.i.u.tests.ApplicationFormsPageTest - Verified that the 'Save Form' button is displayed.
2025-01-29 12:48:05 [main] INFO  l.i.u.tests.ApplicationFormsPageTest - Test 'testCreateNewVuiApplication' completed successfully.
2025-01-29 12:49:03 [main] INFO  lt.insoft.uztis.tests.UztisPageTest - Navigated to https://uztisdev.asseco.lt/home
2025-01-29 12:49:03 [main] INFO  l.i.u.tests.ApplicationFormsPageTest - Setup complete. ApplicationFormsPage initialized.
2025-01-29 12:49:03 [main] INFO  l.i.u.tests.ApplicationFormsPageTest - Starting test:'testEditAndSaveVuiApplication'
2025-01-29 12:49:03 [main] DEBUG l.i.u.tests.ApplicationFormsPageTest - User logged in with test credentials
2025-01-29 12:49:04 [main] DEBUG l.i.u.tests.ApplicationFormsPageTest - Opened 'Application Processing' menu.
2025-01-29 12:49:04 [main] DEBUG l.i.u.tests.ApplicationFormsPageTest - Clicked on 'Application Forms' menu.
2025-01-29 12:49:05 [main] DEBUG l.i.u.tests.ApplicationFormsPageTest - Selected the last application description.
2025-01-29 12:49:05 [main] DEBUG l.i.u.tests.ApplicationFormsPageTest - Clicked the 'Edit' button.
2025-01-29 12:49:05 [main] DEBUG l.i.u.tests.ApplicationFormsPageTest - Selected 'Municipality' radio button.
2025-01-29 12:49:05 [main] INFO  l.i.uztis.pages.ApplicationFormsPage - Located the dropdown button.
2025-01-29 12:49:06 [main] INFO  l.i.uztis.pages.ApplicationFormsPage - Successfully selected the value: 'Kauno departamentas'
2025-01-29 12:49:16 [main] ERROR l.i.uztis.pages.ApplicationFormsPage - Failed to close the dropdown with aria-expanded = 'false'.
2025-01-29 12:49:16 [main] DEBUG l.i.u.tests.ApplicationFormsPageTest - Selected a value from the 'Municipality' dropdown: 'Kauno departamentas'
2025-01-29 12:49:16 [main] DEBUG l.i.u.tests.ApplicationFormsPageTest - Selected 'Budget By Country' radio button.
2025-01-29 12:49:16 [main] DEBUG l.i.u.tests.ApplicationFormsPageTest - Selected 'Financed By Queue' radio button.
2025-01-29 12:49:16 [main] DEBUG l.i.u.tests.ApplicationFormsPageTest - Entered new application name: _paredaguota
2025-01-29 12:49:16 [main] DEBUG l.i.u.tests.ApplicationFormsPageTest - Clicked the 'Save' button.
2025-01-29 12:49:17 [main] INFO  l.i.u.tests.ApplicationFormsPageTest - Verified success message: 'Duomenys sėkmingai išsaugoti.'
2025-01-29 12:49:17 [main] INFO  l.i.u.tests.ApplicationFormsPageTest - Test 'testEditAndSaveVuiApplication' completed successfully.
2025-01-29 12:50:33 [main] INFO  lt.insoft.uztis.tests.UztisPageTest - Navigated to https://uztisdev.asseco.lt/home
2025-01-29 12:50:33 [main] INFO  l.i.uztis.tests.InvitationsPageTest - Starting test:'testCreateNewVuiInvitationDraft'
2025-01-29 12:50:34 [main] DEBUG l.i.uztis.tests.InvitationsPageTest - User logged in with test credentials
2025-01-29 12:50:34 [main] DEBUG l.i.uztis.tests.InvitationsPageTest - Opened 'Application Processing' menu.
2025-01-29 12:50:34 [main] DEBUG l.i.uztis.tests.InvitationsPageTest - Clicked on 'Application Forms' menu.
2025-01-29 12:50:34 [main] DEBUG l.i.uztis.tests.InvitationsPageTest - Navigating to application forms menu.
2025-01-29 12:50:36 [main] DEBUG l.i.uztis.tests.InvitationsPageTest - Retrieved last description code text: 'TST-VUI-27'.
2025-01-29 12:50:36 [main] DEBUG l.i.uztis.tests.InvitationsPageTest - Clicked on 'Invitation' menu.
2025-01-29 12:50:36 [main] DEBUG l.i.uztis.tests.InvitationsPageTest - Clicked 'Create New Application Form'.
2025-01-29 12:50:36 [main] DEBUG l.i.uztis.tests.InvitationsPageTest - Selected section by code: 'TST-VUI-27'.
2025-01-29 12:50:38 [main] DEBUG l.i.uztis.tests.InvitationsPageTest - Selected invitation number from the list.
2025-01-29 12:50:38 [main] DEBUG l.i.uztis.tests.InvitationsPageTest - Entered current date.
2025-01-29 12:50:38 [main] DEBUG l.i.uztis.tests.InvitationsPageTest - Entered start time: 00:00.
2025-01-29 12:50:39 [main] DEBUG l.i.uztis.tests.InvitationsPageTest - Entered end date.
2025-01-29 12:50:39 [main] DEBUG l.i.uztis.tests.InvitationsPageTest - Entered end time: 11:11.
2025-01-29 12:50:39 [main] DEBUG l.i.uztis.tests.InvitationsPageTest - Draft saved.
2025-01-29 12:50:39 [main] DEBUG l.i.uztis.tests.InvitationsPageTest - Verified success message: 'Duomenys sėkmingai išsaugoti.'
2025-01-29 12:50:39 [main] INFO  l.i.uztis.tests.InvitationsPageTest - Test 'testCreateNewVuiInvitationDraft' completed successfully.
2025-01-29 12:50:51 [main] INFO  lt.insoft.uztis.tests.UztisPageTest - Navigated to https://uztisdev.asseco.lt/home
2025-01-29 12:50:51 [main] INFO  l.i.uztis.tests.InvitationsPageTest - Starting test:'testEditAndPublishVuiInvitationDraft'
2025-01-29 12:50:51 [main] DEBUG l.i.uztis.tests.InvitationsPageTest - User logged in with test credentials
2025-01-29 12:50:52 [main] DEBUG l.i.uztis.tests.InvitationsPageTest - Opened 'Application Processing' menu.
2025-01-29 12:50:52 [main] DEBUG l.i.uztis.tests.InvitationsPageTest - Clicked on 'Application Forms' menu.
2025-01-29 12:50:52 [main] DEBUG l.i.uztis.tests.InvitationsPageTest - Navigating to application forms menu.
2025-01-29 12:50:53 [main] DEBUG l.i.uztis.tests.InvitationsPageTest - Retrieved last description code text: 'TST-VUI-27'.
2025-01-29 12:50:54 [main] DEBUG l.i.uztis.tests.InvitationsPageTest - Clicked on 'Invitation' menu.
2025-01-29 12:50:54 [main] DEBUG l.i.uztis.tests.InvitationsPageTest - Selected section by code: 'TST-VUI-27'.
2025-01-29 12:50:54 [main] DEBUG l.i.uztis.tests.InvitationsPageTest - Clicked 'Search'.
2025-01-29 12:50:54 [main] DEBUG l.i.uztis.tests.InvitationsPageTest - Getting and inserting application code text.
2025-01-29 12:50:56 [main] DEBUG l.i.uztis.tests.InvitationsPageTest - Clicked 'InvitationDraft'.
2025-01-29 12:50:56 [main] DEBUG l.i.uztis.tests.InvitationsPageTest - Clicked 'Edit'.
2025-01-29 12:50:57 [main] DEBUG l.i.uztis.tests.InvitationsPageTest - Entered publication end date.
2025-01-29 12:50:57 [main] DEBUG l.i.uztis.tests.InvitationsPageTest - Added additional values.
2025-01-29 12:50:57 [main] INFO  l.insoft.uztis.pages.InvitationsPage - Located the dropdown button.
2025-01-29 12:50:57 [main] DEBUG l.i.uztis.tests.InvitationsPageTest - Selected the value: 'Didžiausia galima paramos suma aplinkos darbo vietai, Eur'
2025-01-29 12:50:57 [main] INFO  l.insoft.uztis.pages.InvitationsPage - Located the dropdown button.
2025-01-29 12:50:58 [main] DEBUG l.i.uztis.tests.InvitationsPageTest - Selected the value: 'Didžiausia galima paramos suma, Eur'
2025-01-29 12:50:58 [main] INFO  l.insoft.uztis.pages.InvitationsPage - Located the dropdown button.
2025-01-29 12:50:58 [main] DEBUG l.i.uztis.tests.InvitationsPageTest - Selected the value: 'Didžiausia galima paramos suma vienai darbo vietai, Eur'
2025-01-29 12:50:58 [main] DEBUG l.i.uztis.tests.InvitationsPageTest - Entered value: 11000
2025-01-29 12:50:58 [main] DEBUG l.i.uztis.tests.InvitationsPageTest - Entered value: 12000
2025-01-29 12:50:59 [main] DEBUG l.i.uztis.tests.InvitationsPageTest - Entered value: 13000
2025-01-29 12:50:59 [main] DEBUG l.i.uztis.tests.InvitationsPageTest - Checked 'Legal Entities' checkbox.
2025-01-29 12:50:59 [main] DEBUG l.i.uztis.tests.InvitationsPageTest - Unchecked 'Persons Registered with Employment Service' checkbox.
2025-01-29 12:50:59 [main] DEBUG l.i.uztis.tests.InvitationsPageTest - Checked 'Persons Registered as Employers' checkbox.
2025-01-29 12:50:59 [main] DEBUG l.i.uztis.tests.InvitationsPageTest - Entered second evaluation grade: '5'.
2025-01-29 12:50:59 [main] DEBUG l.i.uztis.tests.InvitationsPageTest - Entered third evaluation grade: '6'.
2025-01-29 12:50:59 [main] DEBUG l.i.uztis.tests.InvitationsPageTest - Entered second evaluation grade weight: '0,45'.
2025-01-29 12:51:00 [main] DEBUG l.i.uztis.tests.InvitationsPageTest - Entered third evaluation grade weight: '0,55'.
2025-01-29 12:51:00 [main] DEBUG l.i.uztis.tests.InvitationsPageTest - Entered budget: '2000'.
2025-01-29 12:51:00 [main] DEBUG l.i.uztis.tests.InvitationsPageTest - Entered description text: 'Aprašo tekstas'.
2025-01-29 12:51:00 [main] DEBUG l.i.uztis.tests.InvitationsPageTest - Entered applicants text: 'Pareiškėjų tekstas'.
2025-01-29 12:51:00 [main] DEBUG l.i.uztis.tests.InvitationsPageTest - Entered expenditures text: 'Išlaidų tekstas'.
2025-01-29 12:51:00 [main] DEBUG l.i.uztis.tests.InvitationsPageTest - Entered legislation text: 'Teisės aktų tekstas'.
2025-01-29 12:51:01 [main] DEBUG l.i.uztis.tests.InvitationsPageTest - Entered education text: 'Mokymų tekstas'.
2025-01-29 12:51:01 [main] DEBUG l.i.uztis.tests.InvitationsPageTest - File uploaded.
2025-01-29 12:51:01 [main] DEBUG l.i.uztis.tests.InvitationsPageTest - Clicked 'Publish'.
2025-01-29 12:51:01 [main] DEBUG l.i.uztis.tests.InvitationsPageTest - Publication confirmed.
2025-01-29 12:51:02 [main] DEBUG l.i.uztis.tests.InvitationsPageTest - Verified success message: 'Funkcija sėkmingai atlikta.'
2025-01-29 12:51:02 [main] INFO  l.i.uztis.tests.InvitationsPageTest - Test 'testEditAndPublishVuiInvitationDraft' completed successfully.
2025-01-29 12:51:18 [main] INFO  lt.insoft.uztis.tests.UztisPageTest - Navigated to https://uztisdev.asseco.lt/home
2025-01-29 12:51:18 [main] INFO  l.i.uztis.tests.InvitationsPageTest - Starting test:'testInsertVuiStatisticInformation'
2025-01-29 12:51:18 [main] DEBUG l.i.uztis.tests.InvitationsPageTest - User logged in with test credentials
2025-01-29 12:51:19 [main] DEBUG l.i.uztis.tests.InvitationsPageTest - Opened 'Application Processing' menu.
2025-01-29 12:51:19 [main] DEBUG l.i.uztis.tests.InvitationsPageTest - Clicked on 'Application Forms' menu.
2025-01-29 12:51:19 [main] DEBUG l.i.uztis.tests.InvitationsPageTest - Navigating to invitation forms menu.
2025-01-29 12:51:19 [main] DEBUG l.i.uztis.tests.InvitationsPageTest - Retrieved last description code text: 'TST-VUI-27'.
2025-01-29 12:51:19 [main] DEBUG l.i.uztis.tests.InvitationsPageTest - Clicked on 'Invitation' menu.
2025-01-29 12:51:20 [main] DEBUG l.i.uztis.tests.InvitationsPageTest - Selected section by code: 'TST-VUI-27'.
2025-01-29 12:51:20 [main] DEBUG l.i.uztis.tests.InvitationsPageTest - Clicked 'Search'.
2025-01-29 12:51:20 [main] DEBUG l.i.uztis.tests.InvitationsPageTest - Getting and inserting application code text.
2025-01-29 12:51:20 [main] DEBUG l.i.uztis.tests.InvitationsPageTest - Clicked 'Publishing'.
2025-01-29 12:51:31 [main] ERROR l.i.uztis.tests.InvitationsPageTest - Test 'testInsertVuiStatisticInformation' failed with error: no such element: Unable to locate element: {"method":"xpath","selector":"//span[contains(@class, 'mdc-tab__text-label') and text()='Statistinė informacija balų skaičiavimui']"}
  (Session info: chrome=132.0.6834.111)
For documentation on this error, please visit: https://www.selenium.dev/documentation/webdriver/troubleshooting/errors#no-such-element-exception
Build info: version: '4.27.0', revision: 'd6e718d134'
System info: os.name: 'Windows 11', os.arch: 'amd64', os.version: '10.0', java.version: '21.0.3'
Driver info: org.openqa.selenium.chrome.ChromeDriver
Command: [04996af097c0c91cede02ce49933f771, findElement {using=xpath, value=//span[contains(@class, 'mdc-tab__text-label') and text()='Statistinė informacija balų skaičiavimui']}]
Capabilities {acceptInsecureCerts: false, browserName: chrome, browserVersion: 132.0.6834.111, chrome: {chromedriverVersion: 132.0.6834.159 (2d77d3fc445..., userDataDir: C:\Users\INGRID~1.ZAD\AppDa...}, fedcm:accounts: true, goog:chromeOptions: {debuggerAddress: localhost:56895}, networkConnectionEnabled: false, pageLoadStrategy: normal, platformName: windows, proxy: Proxy(), se:cdp: ws://localhost:56895/devtoo..., se:cdpVersion: 132.0.6834.111, setWindowRect: true, strictFileInteractability: false, timeouts: {implicit: 0, pageLoad: 300000, script: 30000}, unhandledPromptBehavior: dismiss and notify, webauthn:extension:credBlob: true, webauthn:extension:largeBlob: true, webauthn:extension:minPinLength: true, webauthn:extension:prf: true, webauthn:virtualAuthenticators: true}
Session ID: 04996af097c0c91cede02ce49933f771
org.openqa.selenium.NoSuchElementException: no such element: Unable to locate element: {"method":"xpath","selector":"//span[contains(@class, 'mdc-tab__text-label') and text()='Statistinė informacija balų skaičiavimui']"}
  (Session info: chrome=132.0.6834.111)
For documentation on this error, please visit: https://www.selenium.dev/documentation/webdriver/troubleshooting/errors#no-such-element-exception
Build info: version: '4.27.0', revision: 'd6e718d134'
System info: os.name: 'Windows 11', os.arch: 'amd64', os.version: '10.0', java.version: '21.0.3'
Driver info: org.openqa.selenium.chrome.ChromeDriver
Command: [04996af097c0c91cede02ce49933f771, findElement {using=xpath, value=//span[contains(@class, 'mdc-tab__text-label') and text()='Statistinė informacija balų skaičiavimui']}]
Capabilities {acceptInsecureCerts: false, browserName: chrome, browserVersion: 132.0.6834.111, chrome: {chromedriverVersion: 132.0.6834.159 (2d77d3fc445..., userDataDir: C:\Users\INGRID~1.ZAD\AppDa...}, fedcm:accounts: true, goog:chromeOptions: {debuggerAddress: localhost:56895}, networkConnectionEnabled: false, pageLoadStrategy: normal, platformName: windows, proxy: Proxy(), se:cdp: ws://localhost:56895/devtoo..., se:cdpVersion: 132.0.6834.111, setWindowRect: true, strictFileInteractability: false, timeouts: {implicit: 0, pageLoad: 300000, script: 30000}, unhandledPromptBehavior: dismiss and notify, webauthn:extension:credBlob: true, webauthn:extension:largeBlob: true, webauthn:extension:minPinLength: true, webauthn:extension:prf: true, webauthn:virtualAuthenticators: true}
Session ID: 04996af097c0c91cede02ce49933f771
	at java.base/jdk.internal.reflect.DirectConstructorHandleAccessor.newInstance(DirectConstructorHandleAccessor.java:62)
	at java.base/java.lang.reflect.Constructor.newInstanceWithCaller(Constructor.java:502)
	at java.base/java.lang.reflect.Constructor.newInstance(Constructor.java:486)
	at org.openqa.selenium.remote.ErrorCodec.decode(ErrorCodec.java:167)
	at org.openqa.selenium.remote.codec.w3c.W3CHttpResponseCodec.decode(W3CHttpResponseCodec.java:138)
	at org.openqa.selenium.remote.codec.w3c.W3CHttpResponseCodec.decode(W3CHttpResponseCodec.java:50)
	at org.openqa.selenium.remote.HttpCommandExecutor.execute(HttpCommandExecutor.java:190)
	at org.openqa.selenium.remote.service.DriverCommandExecutor.invokeExecute(DriverCommandExecutor.java:216)
	at org.openqa.selenium.remote.service.DriverCommandExecutor.execute(DriverCommandExecutor.java:174)
	at org.openqa.selenium.remote.RemoteWebDriver.execute(RemoteWebDriver.java:545)
	at org.openqa.selenium.remote.ElementLocation$ElementFinder$2.findElement(ElementLocation.java:165)
	at org.openqa.selenium.remote.ElementLocation.findElement(ElementLocation.java:59)
	at org.openqa.selenium.remote.RemoteWebDriver.findElement(RemoteWebDriver.java:368)
	at org.openqa.selenium.remote.RemoteWebDriver.findElement(RemoteWebDriver.java:362)
	at org.openqa.selenium.support.pagefactory.DefaultElementLocator.findElement(DefaultElementLocator.java:68)
	at org.openqa.selenium.support.pagefactory.internal.LocatingElementHandler.invoke(LocatingElementHandler.java:38)
	at jdk.proxy2/jdk.proxy2.$Proxy14.click(Unknown Source)
	at lt.insoft.uztis.pages.InvitationsPage.clickTabStatisticInformation(InvitationsPage.java:665)
	at lt.insoft.uztis.tests.InvitationsPageTest.testInsertVuiStatisticInformation(InvitationsPageTest.java:292)
	at java.base/jdk.internal.reflect.DirectMethodHandleAccessor.invoke(DirectMethodHandleAccessor.java:103)
	at java.base/java.lang.reflect.Method.invoke(Method.java:580)
	at org.junit.platform.commons.util.ReflectionUtils.invokeMethod(ReflectionUtils.java:728)
	at org.junit.jupiter.engine.execution.MethodInvocation.proceed(MethodInvocation.java:60)
	at org.junit.jupiter.engine.execution.InvocationInterceptorChain$ValidatingInvocation.proceed(InvocationInterceptorChain.java:131)
	at org.junit.jupiter.engine.extension.TimeoutExtension.intercept(TimeoutExtension.java:156)
	at org.junit.jupiter.engine.extension.TimeoutExtension.interceptTestableMethod(TimeoutExtension.java:147)
	at org.junit.jupiter.engine.extension.TimeoutExtension.interceptTestMethod(TimeoutExtension.java:86)
	at org.junit.jupiter.engine.execution.InterceptingExecutableInvoker$ReflectiveInterceptorCall.lambda$ofVoidMethod$0(InterceptingExecutableInvoker.java:103)
	at org.junit.jupiter.engine.execution.InterceptingExecutableInvoker.lambda$invoke$0(InterceptingExecutableInvoker.java:93)
	at org.junit.jupiter.engine.execution.InvocationInterceptorChain$InterceptedInvocation.proceed(InvocationInterceptorChain.java:106)
	at org.junit.jupiter.engine.execution.InvocationInterceptorChain.proceed(InvocationInterceptorChain.java:64)
	at org.junit.jupiter.engine.execution.InvocationInterceptorChain.chainAndInvoke(InvocationInterceptorChain.java:45)
	at org.junit.jupiter.engine.execution.InvocationInterceptorChain.invoke(InvocationInterceptorChain.java:37)
	at org.junit.jupiter.engine.execution.InterceptingExecutableInvoker.invoke(InterceptingExecutableInvoker.java:92)
	at org.junit.jupiter.engine.execution.InterceptingExecutableInvoker.invoke(InterceptingExecutableInvoker.java:86)
	at org.junit.jupiter.engine.descriptor.TestMethodTestDescriptor.lambda$invokeTestMethod$7(TestMethodTestDescriptor.java:218)
	at org.junit.platform.engine.support.hierarchical.ThrowableCollector.execute(ThrowableCollector.java:73)
	at org.junit.jupiter.engine.descriptor.TestMethodTestDescriptor.invokeTestMethod(TestMethodTestDescriptor.java:214)
	at org.junit.jupiter.engine.descriptor.TestMethodTestDescriptor.execute(TestMethodTestDescriptor.java:139)
	at org.junit.jupiter.engine.descriptor.TestMethodTestDescriptor.execute(TestMethodTestDescriptor.java:69)
	at org.junit.platform.engine.support.hierarchical.NodeTestTask.lambda$executeRecursively$6(NodeTestTask.java:151)
	at org.junit.platform.engine.support.hierarchical.ThrowableCollector.execute(ThrowableCollector.java:73)
	at org.junit.platform.engine.support.hierarchical.NodeTestTask.lambda$executeRecursively$8(NodeTestTask.java:141)
	at org.junit.platform.engine.support.hierarchical.Node.around(Node.java:137)
	at org.junit.platform.engine.support.hierarchical.NodeTestTask.lambda$executeRecursively$9(NodeTestTask.java:139)
	at org.junit.platform.engine.support.hierarchical.ThrowableCollector.execute(ThrowableCollector.java:73)
	at org.junit.platform.engine.support.hierarchical.NodeTestTask.executeRecursively(NodeTestTask.java:138)
	at org.junit.platform.engine.support.hierarchical.NodeTestTask.execute(NodeTestTask.java:95)
	at java.base/java.util.ArrayList.forEach(ArrayList.java:1596)
	at org.junit.platform.engine.support.hierarchical.SameThreadHierarchicalTestExecutorService.invokeAll(SameThreadHierarchicalTestExecutorService.java:41)
	at org.junit.platform.engine.support.hierarchical.NodeTestTask.lambda$executeRecursively$6(NodeTestTask.java:155)
	at org.junit.platform.engine.support.hierarchical.ThrowableCollector.execute(ThrowableCollector.java:73)
	at org.junit.platform.engine.support.hierarchical.NodeTestTask.lambda$executeRecursively$8(NodeTestTask.java:141)
	at org.junit.platform.engine.support.hierarchical.Node.around(Node.java:137)
	at org.junit.platform.engine.support.hierarchical.NodeTestTask.lambda$executeRecursively$9(NodeTestTask.java:139)
	at org.junit.platform.engine.support.hierarchical.ThrowableCollector.execute(ThrowableCollector.java:73)
	at org.junit.platform.engine.support.hierarchical.NodeTestTask.executeRecursively(NodeTestTask.java:138)
	at org.junit.platform.engine.support.hierarchical.NodeTestTask.execute(NodeTestTask.java:95)
	at java.base/java.util.ArrayList.forEach(ArrayList.java:1596)
	at org.junit.platform.engine.support.hierarchical.SameThreadHierarchicalTestExecutorService.invokeAll(SameThreadHierarchicalTestExecutorService.java:41)
	at org.junit.platform.engine.support.hierarchical.NodeTestTask.lambda$executeRecursively$6(NodeTestTask.java:155)
	at org.junit.platform.engine.support.hierarchical.ThrowableCollector.execute(ThrowableCollector.java:73)
	at org.junit.platform.engine.support.hierarchical.NodeTestTask.lambda$executeRecursively$8(NodeTestTask.java:141)
	at org.junit.platform.engine.support.hierarchical.Node.around(Node.java:137)
	at org.junit.platform.engine.support.hierarchical.NodeTestTask.lambda$executeRecursively$9(NodeTestTask.java:139)
	at org.junit.platform.engine.support.hierarchical.ThrowableCollector.execute(ThrowableCollector.java:73)
	at org.junit.platform.engine.support.hierarchical.NodeTestTask.executeRecursively(NodeTestTask.java:138)
	at org.junit.platform.engine.support.hierarchical.NodeTestTask.execute(NodeTestTask.java:95)
	at org.junit.platform.engine.support.hierarchical.SameThreadHierarchicalTestExecutorService.submit(SameThreadHierarchicalTestExecutorService.java:35)
	at org.junit.platform.engine.support.hierarchical.HierarchicalTestExecutor.execute(HierarchicalTestExecutor.java:57)
	at org.junit.platform.engine.support.hierarchical.HierarchicalTestEngine.execute(HierarchicalTestEngine.java:54)
	at org.junit.platform.launcher.core.EngineExecutionOrchestrator.execute(EngineExecutionOrchestrator.java:198)
	at org.junit.platform.launcher.core.EngineExecutionOrchestrator.execute(EngineExecutionOrchestrator.java:169)
	at org.junit.platform.launcher.core.EngineExecutionOrchestrator.execute(EngineExecutionOrchestrator.java:93)
	at org.junit.platform.launcher.core.EngineExecutionOrchestrator.lambda$execute$0(EngineExecutionOrchestrator.java:58)
	at org.junit.platform.launcher.core.EngineExecutionOrchestrator.withInterceptedStreams(EngineExecutionOrchestrator.java:141)
	at org.junit.platform.launcher.core.EngineExecutionOrchestrator.execute(EngineExecutionOrchestrator.java:57)
	at org.junit.platform.launcher.core.DefaultLauncher.execute(DefaultLauncher.java:103)
	at org.junit.platform.launcher.core.DefaultLauncher.execute(DefaultLauncher.java:85)
	at org.junit.platform.launcher.core.DelegatingLauncher.execute(DelegatingLauncher.java:47)
	at org.junit.platform.launcher.core.SessionPerRequestLauncher.execute(SessionPerRequestLauncher.java:63)
	at com.intellij.junit5.JUnit5IdeaTestRunner.startRunnerWithArgs(JUnit5IdeaTestRunner.java:57)
	at com.intellij.rt.junit.IdeaTestRunner$Repeater$1.execute(IdeaTestRunner.java:38)
	at com.intellij.rt.execution.junit.TestsRepeater.repeat(TestsRepeater.java:11)
	at com.intellij.rt.junit.IdeaTestRunner$Repeater.startRunnerWithArgs(IdeaTestRunner.java:35)
	at com.intellij.rt.junit.JUnitStarter.prepareStreamsAndStart(JUnitStarter.java:232)
	at com.intellij.rt.junit.JUnitStarter.main(JUnitStarter.java:55)
2025-01-29 12:51:31 [main] INFO  l.insoft.uztis.tests.utils.TestUtils - Screenshot moved to C:\Users\ingrida.zadorozniene\Desktop\Asm\UZTIS\UZTIS_tests\test-output\screenshots\20250129\125131194_testInsertVuiStatisticInformation().png
2025-01-29 12:51:45 [main] INFO  lt.insoft.uztis.tests.UztisPageTest - Navigated to https://uztisdev.asseco.lt/home
2025-01-29 12:51:45 [main] INFO  l.i.uztis.tests.InvitationsPageTest - Starting test:'testInsertVuiStatisticInformation'
2025-01-29 12:51:45 [main] DEBUG l.i.uztis.tests.InvitationsPageTest - User logged in with test credentials
2025-01-29 12:51:46 [main] DEBUG l.i.uztis.tests.InvitationsPageTest - Opened 'Application Processing' menu.
2025-01-29 12:51:46 [main] DEBUG l.i.uztis.tests.InvitationsPageTest - Clicked on 'Application Forms' menu.
2025-01-29 12:51:46 [main] DEBUG l.i.uztis.tests.InvitationsPageTest - Navigating to invitation forms menu.
2025-01-29 12:51:46 [main] DEBUG l.i.uztis.tests.InvitationsPageTest - Retrieved last description code text: 'TST-VUI-27'.
2025-01-29 12:51:47 [main] DEBUG l.i.uztis.tests.InvitationsPageTest - Clicked on 'Invitation' menu.
2025-01-29 12:51:47 [main] DEBUG l.i.uztis.tests.InvitationsPageTest - Selected section by code: 'TST-VUI-27'.
2025-01-29 12:51:47 [main] DEBUG l.i.uztis.tests.InvitationsPageTest - Clicked 'Search'.
2025-01-29 12:51:47 [main] DEBUG l.i.uztis.tests.InvitationsPageTest - Getting and inserting application code text.
2025-01-29 12:51:48 [main] DEBUG l.i.uztis.tests.InvitationsPageTest - Clicked 'Publishing'.
2025-01-29 12:51:48 [main] DEBUG l.i.uztis.tests.InvitationsPageTest - Clicked 'Statistic Information' tab.
2025-01-29 12:51:48 [main] DEBUG l.i.uztis.tests.InvitationsPageTest - Clicked 'Edit' button.
2025-01-29 12:51:49 [main] DEBUG l.i.uztis.tests.InvitationsPageTest - Entered current date.
2025-01-29 12:51:49 [main] DEBUG l.i.uztis.tests.InvitationsPageTest - Entered value: 8.7
2025-01-29 12:51:49 [main] DEBUG l.i.uztis.tests.InvitationsPageTest - Entered average salary: 2237.9
2025-01-29 12:51:49 [main] DEBUG l.i.uztis.tests.InvitationsPageTest - File uploaded.
2025-01-29 12:51:49 [main] DEBUG l.i.uztis.tests.InvitationsPageTest - Clicked 'Save' button.
2025-01-29 12:51:50 [main] DEBUG l.i.uztis.tests.InvitationsPageTest - Verified success message: 'Funkcija sėkmingai atlikta.'
2025-01-29 12:51:50 [main] INFO  l.i.uztis.tests.InvitationsPageTest - Test 'testInsertVuiStatisticInformation' completed successfully.
2025-01-29 13:00:51 [main] INFO  lt.insoft.uztis.tests.UztisPageTest - Navigated to https://uztisdev.asseco.lt/home
2025-01-29 13:00:51 [main] INFO  l.i.u.tests.ApplicationFormsPageTest - Setup complete. ApplicationFormsPage initialized.
2025-01-29 13:00:51 [main] INFO  l.i.u.tests.ApplicationFormsPageTest - Starting test:'testCreateNewPvkApplication'
2025-01-29 13:00:52 [main] DEBUG l.i.u.tests.ApplicationFormsPageTest - User logged in with test credentials
2025-01-29 13:00:52 [main] DEBUG l.i.u.tests.ApplicationFormsPageTest - Opened 'Application Processing' menu.
2025-01-29 13:00:52 [main] DEBUG l.i.u.tests.ApplicationFormsPageTest - Clicked on 'Application Forms' menu.
2025-01-29 13:00:53 [main] DEBUG l.i.u.tests.ApplicationFormsPageTest - Clicked to create a new application form.
2025-01-29 13:00:53 [main] DEBUG l.i.u.tests.ApplicationFormsPageTest - Entered random application code: TST-PVK-13
2025-01-29 13:00:53 [main] DEBUG l.i.u.tests.ApplicationFormsPageTest - Selected 'Municipality' radio button.
2025-01-29 13:00:53 [main] INFO  l.i.uztis.pages.ApplicationFormsPage - Located the dropdown button.
2025-01-29 13:00:54 [main] INFO  l.i.uztis.pages.ApplicationFormsPage - Successfully selected the value: 'Kauno departamentas'
2025-01-29 13:01:04 [main] ERROR l.i.uztis.pages.ApplicationFormsPage - Failed to close the dropdown with aria-expanded = 'false'.
2025-01-29 13:01:04 [main] DEBUG l.i.u.tests.ApplicationFormsPageTest - Selected a value from the 'Municipality' dropdown: 'Kauno departamentas'
2025-01-29 13:01:04 [main] DEBUG l.i.u.tests.ApplicationFormsPageTest - Selected 'Budget by Municipality' option.
2025-01-29 13:01:05 [main] DEBUG l.i.u.tests.ApplicationFormsPageTest - Selected 'Financed By Queue' radio button.
2025-01-29 13:01:05 [main] DEBUG l.i.u.tests.ApplicationFormsPageTest - Clicked 'Add' button.
2025-01-29 13:01:05 [main] INFO  l.i.uztis.pages.ApplicationFormsPage - Located the dropdown button.
2025-01-29 13:01:06 [main] INFO  l.i.uztis.pages.ApplicationFormsPage - Successfully selected the value: 'PVK paraiškos vertinimo forma - I etapas'
2025-01-29 13:01:16 [main] ERROR l.i.uztis.pages.ApplicationFormsPage - Failed to close the dropdown with aria-expanded = 'false'.
2025-01-29 13:01:16 [main] DEBUG l.i.u.tests.ApplicationFormsPageTest - Selected a value from the 'EvaluationOne' dropdown: 'PVK paraiškos vertinimo forma - I etapas'
2025-01-29 13:01:16 [main] INFO  l.i.uztis.pages.ApplicationFormsPage - Located the dropdown button.
2025-01-29 13:01:17 [main] INFO  l.i.uztis.pages.ApplicationFormsPage - Successfully selected the value: 'PVK paraiškos vertinimo forma - II etapas'
2025-01-29 13:01:27 [main] ERROR l.i.uztis.pages.ApplicationFormsPage - Failed to close the dropdown with aria-expanded = 'false'.
2025-01-29 13:01:27 [main] DEBUG l.i.u.tests.ApplicationFormsPageTest - Selected a value from the 'EvaluationTwon' dropdown: 'PVK paraiškos vertinimo forma - II etapas'
2025-01-29 13:01:27 [main] INFO  l.i.uztis.pages.ApplicationFormsPage - Located the dropdown button.
2025-01-29 13:01:28 [main] INFO  l.i.uztis.pages.ApplicationFormsPage - Successfully selected the value: 'PVK paraiškos vertinimo forma - III etapas'
2025-01-29 13:01:38 [main] ERROR l.i.uztis.pages.ApplicationFormsPage - Failed to close the dropdown with aria-expanded = 'false'.
2025-01-29 13:01:38 [main] DEBUG l.i.u.tests.ApplicationFormsPageTest - Selected a value from the 'EvaluationThree' dropdown: 'PVK paraiškos vertinimo forma - III etapas'
2025-01-29 13:01:38 [main] DEBUG l.i.u.tests.ApplicationFormsPageTest - Clicked 'Plus' button.
2025-01-29 13:01:39 [main] DEBUG l.i.u.tests.ApplicationFormsPageTest - Clicked 'Add' button seven times.
2025-01-29 13:01:39 [main] INFO  l.i.uztis.pages.ApplicationFormsPage - Processing dropdown index: 0
2025-01-29 13:01:50 [main] ERROR l.i.uztis.pages.ApplicationFormsPage - Timeout while waiting for dropdown to close at index: 0 with aria-expanded = 'false'
2025-01-29 13:01:50 [main] INFO  l.i.uztis.pages.ApplicationFormsPage - Processing dropdown index: 1
2025-01-29 13:02:00 [main] ERROR l.i.uztis.pages.ApplicationFormsPage - Timeout while waiting for dropdown to close at index: 1 with aria-expanded = 'false'
2025-01-29 13:02:00 [main] INFO  l.i.uztis.pages.ApplicationFormsPage - Processing dropdown index: 2
2025-01-29 13:02:11 [main] ERROR l.i.uztis.pages.ApplicationFormsPage - Timeout while waiting for dropdown to close at index: 2 with aria-expanded = 'false'
2025-01-29 13:02:11 [main] INFO  l.i.uztis.pages.ApplicationFormsPage - Processing dropdown index: 3
2025-01-29 13:02:23 [main] ERROR l.i.uztis.pages.ApplicationFormsPage - Timeout while waiting for dropdown to close at index: 3 with aria-expanded = 'false'
2025-01-29 13:02:23 [main] INFO  l.i.uztis.pages.ApplicationFormsPage - Processing dropdown index: 4
2025-01-29 13:02:34 [main] ERROR l.i.uztis.pages.ApplicationFormsPage - Timeout while waiting for dropdown to close at index: 4 with aria-expanded = 'false'
2025-01-29 13:02:34 [main] INFO  l.i.uztis.pages.ApplicationFormsPage - Processing dropdown index: 5
2025-01-29 13:02:45 [main] ERROR l.i.uztis.pages.ApplicationFormsPage - Timeout while waiting for dropdown to close at index: 5 with aria-expanded = 'false'
2025-01-29 13:02:45 [main] INFO  l.i.uztis.pages.ApplicationFormsPage - Processing dropdown index: 6
2025-01-29 13:02:56 [main] ERROR l.i.uztis.pages.ApplicationFormsPage - Timeout while waiting for dropdown to close at index: 6 with aria-expanded = 'false'
2025-01-29 13:02:56 [main] INFO  l.i.uztis.pages.ApplicationFormsPage - Processing dropdown index: 7
2025-01-29 13:03:07 [main] ERROR l.i.uztis.pages.ApplicationFormsPage - Timeout while waiting for dropdown to close at index: 7 with aria-expanded = 'false'
2025-01-29 13:03:07 [main] INFO  l.i.uztis.pages.ApplicationFormsPage - Processing input field index: 0
2025-01-29 13:03:07 [main] INFO  l.i.uztis.pages.ApplicationFormsPage - Entered value '50' into field index: 0
2025-01-29 13:03:07 [main] INFO  l.i.uztis.pages.ApplicationFormsPage - Processing input field index: 1
2025-01-29 13:03:07 [main] INFO  l.i.uztis.pages.ApplicationFormsPage - Entered value '924' into field index: 1
2025-01-29 13:03:07 [main] INFO  l.i.uztis.pages.ApplicationFormsPage - Processing input field index: 2
2025-01-29 13:03:07 [main] INFO  l.i.uztis.pages.ApplicationFormsPage - Entered value '31' into field index: 2
2025-01-29 13:03:07 [main] INFO  l.i.uztis.pages.ApplicationFormsPage - Processing input field index: 3
2025-01-29 13:03:07 [main] INFO  l.i.uztis.pages.ApplicationFormsPage - Entered value '4.7' into field index: 3
2025-01-29 13:03:07 [main] INFO  l.i.uztis.pages.ApplicationFormsPage - Processing input field index: 4
2025-01-29 13:03:07 [main] INFO  l.i.uztis.pages.ApplicationFormsPage - Entered value '35' into field index: 4
2025-01-29 13:03:07 [main] INFO  l.i.uztis.pages.ApplicationFormsPage - Processing input field index: 5
2025-01-29 13:03:08 [main] INFO  l.i.uztis.pages.ApplicationFormsPage - Entered value '20' into field index: 5
2025-01-29 13:03:08 [main] INFO  l.i.uztis.pages.ApplicationFormsPage - Processing input field index: 6
2025-01-29 13:03:08 [main] INFO  l.i.uztis.pages.ApplicationFormsPage - Entered value '30' into field index: 6
2025-01-29 13:03:08 [main] INFO  l.i.uztis.pages.ApplicationFormsPage - Processing input field index: 7
2025-01-29 13:03:08 [main] INFO  l.i.uztis.pages.ApplicationFormsPage - Entered value '60' into field index: 7
2025-01-29 13:03:08 [main] DEBUG l.i.u.tests.ApplicationFormsPageTest - Entered additional values and text.
2025-01-29 13:03:08 [main] DEBUG l.i.u.tests.ApplicationFormsPageTest - Entered application name: PVK paraiška
2025-01-29 13:03:08 [main] DEBUG l.i.u.tests.ApplicationFormsPageTest - Clicked the 'Save' button.
2025-01-29 13:03:08 [main] INFO  l.i.u.tests.ApplicationFormsPageTest - Verified success message: 'Duomenys sėkmingai išsaugoti.'
2025-01-29 13:03:08 [main] INFO  l.i.u.tests.ApplicationFormsPageTest - Verified that the 'Save Form' button is displayed.
2025-01-29 13:03:08 [main] INFO  l.i.u.tests.ApplicationFormsPageTest - Test 'testCreateNewPvkApplication' completed successfully.
2025-01-29 13:03:51 [main] INFO  lt.insoft.uztis.tests.UztisPageTest - Navigated to https://uztisdev.asseco.lt/home
2025-01-29 13:03:51 [main] INFO  l.i.uztis.tests.InvitationsPageTest - Starting test:'testCreateNewPvkInvitation'
2025-01-29 13:03:52 [main] DEBUG l.i.uztis.tests.InvitationsPageTest - User logged in with test credentials
2025-01-29 13:03:52 [main] DEBUG l.i.uztis.tests.InvitationsPageTest - Opened 'Application Processing' menu.
2025-01-29 13:03:52 [main] DEBUG l.i.uztis.tests.InvitationsPageTest - Clicked on 'Application Forms' menu.
2025-01-29 13:03:52 [main] DEBUG l.i.uztis.tests.InvitationsPageTest - Navigating to application forms menu.
2025-01-29 13:03:52 [main] DEBUG l.i.uztis.tests.InvitationsPageTest - Retrieved last description code text: 'TST-PVK-13'.
2025-01-29 13:03:52 [main] DEBUG l.i.uztis.tests.InvitationsPageTest - Clicked on 'Invitation' menu.
2025-01-29 13:03:53 [main] DEBUG l.i.uztis.tests.InvitationsPageTest - Clicked 'Create New Application Form'.
2025-01-29 13:03:53 [main] DEBUG l.i.uztis.tests.InvitationsPageTest - Selected section by code: 'TST-PVK-13'.
2025-01-29 13:03:54 [main] DEBUG l.i.uztis.tests.InvitationsPageTest - Selected invitation number from the list.
2025-01-29 13:03:55 [main] DEBUG l.i.uztis.tests.InvitationsPageTest - Entered current date.
2025-01-29 13:03:55 [main] DEBUG l.i.uztis.tests.InvitationsPageTest - Entered start time: 00:00.
2025-01-29 13:03:55 [main] DEBUG l.i.uztis.tests.InvitationsPageTest - Entered end date.
2025-01-29 13:03:56 [main] DEBUG l.i.uztis.tests.InvitationsPageTest - Entered end time: 11:11.
2025-01-29 13:03:56 [main] DEBUG l.i.uztis.tests.InvitationsPageTest - Entered publication end date.
2025-01-29 13:03:56 [main] DEBUG l.i.uztis.tests.InvitationsPageTest - Added additional values.
2025-01-29 13:03:56 [main] INFO  l.insoft.uztis.pages.InvitationsPage - Located the dropdown button.
2025-01-29 13:03:57 [main] DEBUG l.i.uztis.tests.InvitationsPageTest - Selected the value: 'Didžiausia galima paramos suma aplinkos darbo vietai, Eur'
2025-01-29 13:03:57 [main] INFO  l.insoft.uztis.pages.InvitationsPage - Located the dropdown button.
2025-01-29 13:03:58 [main] DEBUG l.i.uztis.tests.InvitationsPageTest - Selected the value: 'Didžiausia galima paramos suma, Eur'
2025-01-29 13:03:58 [main] INFO  l.insoft.uztis.pages.InvitationsPage - Located the dropdown button.
2025-01-29 13:03:58 [main] DEBUG l.i.uztis.tests.InvitationsPageTest - Selected the value: 'Didžiausia galima paramos suma vienai darbo vietai, Eur'
2025-01-29 13:03:58 [main] DEBUG l.i.uztis.tests.InvitationsPageTest - Entered value: 11000
2025-01-29 13:03:59 [main] DEBUG l.i.uztis.tests.InvitationsPageTest - Entered value: 12000
2025-01-29 13:03:59 [main] DEBUG l.i.uztis.tests.InvitationsPageTest - Entered value: 13000
2025-01-29 13:03:59 [main] DEBUG l.i.uztis.tests.InvitationsPageTest - Checked 'Legal Entities' checkbox.
2025-01-29 13:03:59 [main] DEBUG l.i.uztis.tests.InvitationsPageTest - Unchecked 'Persons Registered with Employment Service' checkbox.
2025-01-29 13:03:59 [main] DEBUG l.i.uztis.tests.InvitationsPageTest - Checked 'Persons Registered as Employers' checkbox.
2025-01-29 13:03:59 [main] DEBUG l.i.uztis.tests.InvitationsPageTest - Entered second evaluation grade: '5'.
2025-01-29 13:03:59 [main] DEBUG l.i.uztis.tests.InvitationsPageTest - Entered third evaluation grade: '6'.
2025-01-29 13:03:59 [main] DEBUG l.i.uztis.tests.InvitationsPageTest - Entered second evaluation grade weight: '0,45'.
2025-01-29 13:03:59 [main] DEBUG l.i.uztis.tests.InvitationsPageTest - Entered third evaluation grade weight: '0,55'.
2025-01-29 13:04:00 [main] DEBUG l.i.uztis.tests.InvitationsPageTest - Entered budget: '2000'.
2025-01-29 13:04:00 [main] DEBUG l.i.uztis.tests.InvitationsPageTest - Entered budget: '2000'.
2025-01-29 13:04:00 [main] DEBUG l.i.uztis.tests.InvitationsPageTest - Entered budget: '2000'.
2025-01-29 13:04:00 [main] DEBUG l.i.uztis.tests.InvitationsPageTest - Entered budget: '2000'.
2025-01-29 13:04:00 [main] DEBUG l.i.uztis.tests.InvitationsPageTest - Entered budget: '2000'.
2025-01-29 13:04:00 [main] DEBUG l.i.uztis.tests.InvitationsPageTest - Entered description text: 'Aprašo tekstas'.
2025-01-29 13:04:00 [main] DEBUG l.i.uztis.tests.InvitationsPageTest - Entered applicants text: 'Pareiškėjų tekstas'.
2025-01-29 13:04:00 [main] DEBUG l.i.uztis.tests.InvitationsPageTest - Entered expenditures text: 'Išlaidų tekstas'.
2025-01-29 13:04:01 [main] DEBUG l.i.uztis.tests.InvitationsPageTest - Entered legislation text: 'Teisės aktų tekstas'.
2025-01-29 13:04:01 [main] DEBUG l.i.uztis.tests.InvitationsPageTest - Entered education text: 'Mokymų tekstas'.
2025-01-29 13:04:01 [main] DEBUG l.i.uztis.tests.InvitationsPageTest - File uploaded.
2025-01-29 13:04:01 [main] DEBUG l.i.uztis.tests.InvitationsPageTest - Clicked 'Publish'.
2025-01-29 13:04:01 [main] DEBUG l.i.uztis.tests.InvitationsPageTest - Publication confirmed.
2025-01-29 13:04:01 [main] DEBUG l.i.uztis.tests.InvitationsPageTest - Verified success message: 'Funkcija sėkmingai atlikta.'
2025-01-29 13:04:01 [main] INFO  l.i.uztis.tests.InvitationsPageTest - Test 'testCreateNewPvkInvitation' completed successfully.
2025-01-29 13:04:18 [main] INFO  lt.insoft.uztis.tests.UztisPageTest - Navigated to https://uztisdev.asseco.lt/home
2025-01-29 13:04:18 [main] INFO  l.i.uztis.tests.InvitationsPageTest - Starting test:'testInsertVuiStatisticInformation'
2025-01-29 13:04:19 [main] DEBUG l.i.uztis.tests.InvitationsPageTest - User logged in with test credentials
2025-01-29 13:04:19 [main] DEBUG l.i.uztis.tests.InvitationsPageTest - Opened 'Application Processing' menu.
2025-01-29 13:04:19 [main] DEBUG l.i.uztis.tests.InvitationsPageTest - Clicked on 'Application Forms' menu.
2025-01-29 13:04:19 [main] DEBUG l.i.uztis.tests.InvitationsPageTest - Navigating to invitation forms menu.
2025-01-29 13:04:20 [main] DEBUG l.i.uztis.tests.InvitationsPageTest - Retrieved last description code text: 'TST-PVK-13'.
2025-01-29 13:04:20 [main] DEBUG l.i.uztis.tests.InvitationsPageTest - Clicked on 'Invitation' menu.
2025-01-29 13:04:20 [main] DEBUG l.i.uztis.tests.InvitationsPageTest - Selected section by code: 'TST-PVK-13'.
2025-01-29 13:04:20 [main] DEBUG l.i.uztis.tests.InvitationsPageTest - Clicked 'Search'.
2025-01-29 13:04:20 [main] DEBUG l.i.uztis.tests.InvitationsPageTest - Getting and inserting application code text.
2025-01-29 13:04:21 [main] DEBUG l.i.uztis.tests.InvitationsPageTest - Clicked 'Publishing'.
2025-01-29 13:04:21 [main] DEBUG l.i.uztis.tests.InvitationsPageTest - Clicked 'Statistic Information' tab.
2025-01-29 13:04:21 [main] DEBUG l.i.uztis.tests.InvitationsPageTest - Clicked 'Edit' button.
2025-01-29 13:04:22 [main] DEBUG l.i.uztis.tests.InvitationsPageTest - Entered current date.
2025-01-29 13:04:22 [main] DEBUG l.i.uztis.tests.InvitationsPageTest - Entered value: 8.7
2025-01-29 13:04:22 [main] DEBUG l.i.uztis.tests.InvitationsPageTest - Entered average salary: 2237.9
2025-01-29 13:04:22 [main] DEBUG l.i.uztis.tests.InvitationsPageTest - File uploaded.
2025-01-29 13:04:22 [main] DEBUG l.i.uztis.tests.InvitationsPageTest - Clicked 'Save' button.
2025-01-29 13:04:23 [main] DEBUG l.i.uztis.tests.InvitationsPageTest - Verified success message: 'Funkcija sėkmingai atlikta.'
2025-01-29 13:04:23 [main] INFO  l.i.uztis.tests.InvitationsPageTest - Test 'testInsertVuiStatisticInformation' completed successfully.
2025-01-29 13:18:31 [main] INFO  lt.insoft.uztis.tests.UztisPageTest - Navigated to https://uztisdev.asseco.lt/home
2025-01-29 13:18:31 [main] INFO  l.i.u.tests.ApplicationFormsPageTest - Setup complete. ApplicationFormsPage initialized.
2025-01-29 13:18:31 [main] INFO  l.i.u.tests.ApplicationFormsPageTest - Starting test:'testCreateNewDvpApplication'
2025-01-29 13:18:31 [main] DEBUG l.i.u.tests.ApplicationFormsPageTest - User logged in with test credentials
2025-01-29 13:18:32 [main] DEBUG l.i.u.tests.ApplicationFormsPageTest - Opened 'Application Processing' menu.
2025-01-29 13:18:32 [main] DEBUG l.i.u.tests.ApplicationFormsPageTest - Clicked on 'Application Forms' menu.
2025-01-29 13:18:33 [main] DEBUG l.i.u.tests.ApplicationFormsPageTest - Clicked to create a new application form.
2025-01-29 13:18:33 [main] DEBUG l.i.u.tests.ApplicationFormsPageTest - Entered random application code: TST-DVP-05
2025-01-29 13:18:33 [main] DEBUG l.i.u.tests.ApplicationFormsPageTest - Selected 'Municipality' radio button.
2025-01-29 13:18:33 [main] INFO  l.i.uztis.pages.ApplicationFormsPage - Located the dropdown button.
2025-01-29 13:18:33 [main] INFO  l.i.uztis.pages.ApplicationFormsPage - Successfully selected the value: 'Kauno departamentas'
2025-01-29 13:18:44 [main] ERROR l.i.uztis.pages.ApplicationFormsPage - Failed to close the dropdown with aria-expanded = 'false'.
2025-01-29 13:18:44 [main] DEBUG l.i.u.tests.ApplicationFormsPageTest - Selected a value from the 'Municipality' dropdown: 'Kauno departamentas'
2025-01-29 13:18:44 [main] DEBUG l.i.u.tests.ApplicationFormsPageTest - Selected 'Budget By Country' radio button.
2025-01-29 13:18:44 [main] DEBUG l.i.u.tests.ApplicationFormsPageTest - Selected 'Financed Without Queue' option.
2025-01-29 13:18:44 [main] INFO  l.i.uztis.pages.ApplicationFormsPage - Located the dropdown button.
2025-01-29 13:18:45 [main] INFO  l.i.uztis.pages.ApplicationFormsPage - Successfully selected the value: 'DVP paraiškos vertinimo forma - I etapas'
2025-01-29 13:18:55 [main] ERROR l.i.uztis.pages.ApplicationFormsPage - Failed to close the dropdown with aria-expanded = 'false'.
2025-01-29 13:18:55 [main] DEBUG l.i.u.tests.ApplicationFormsPageTest - Selected a value from the 'EvaluationOne' dropdown: 'DVP paraiškos vertinimo forma - I etapas'
2025-01-29 13:18:55 [main] DEBUG l.i.u.tests.ApplicationFormsPageTest - Clicked 'Plus' button.
2025-01-29 13:18:56 [main] DEBUG l.i.u.tests.ApplicationFormsPageTest - Clicked 'Add' button seven times.
2025-01-29 13:18:56 [main] INFO  l.i.uztis.pages.ApplicationFormsPage - Processing dropdown index: 0
2025-01-29 13:19:06 [main] ERROR l.i.uztis.pages.ApplicationFormsPage - Timeout while waiting for dropdown to close at index: 0 with aria-expanded = 'false'
2025-01-29 13:19:07 [main] INFO  l.i.uztis.pages.ApplicationFormsPage - Processing dropdown index: 1
2025-01-29 13:19:17 [main] ERROR l.i.uztis.pages.ApplicationFormsPage - Timeout while waiting for dropdown to close at index: 1 with aria-expanded = 'false'
2025-01-29 13:19:17 [main] INFO  l.i.uztis.pages.ApplicationFormsPage - Processing dropdown index: 2
2025-01-29 13:19:28 [main] ERROR l.i.uztis.pages.ApplicationFormsPage - Timeout while waiting for dropdown to close at index: 2 with aria-expanded = 'false'
2025-01-29 13:19:28 [main] INFO  l.i.uztis.pages.ApplicationFormsPage - Processing dropdown index: 3
2025-01-29 13:19:39 [main] ERROR l.i.uztis.pages.ApplicationFormsPage - Timeout while waiting for dropdown to close at index: 3 with aria-expanded = 'false'
2025-01-29 13:19:39 [main] INFO  l.i.uztis.pages.ApplicationFormsPage - Processing dropdown index: 4
2025-01-29 13:19:50 [main] ERROR l.i.uztis.pages.ApplicationFormsPage - Timeout while waiting for dropdown to close at index: 4 with aria-expanded = 'false'
2025-01-29 13:19:50 [main] INFO  l.i.uztis.pages.ApplicationFormsPage - Processing dropdown index: 5
2025-01-29 13:20:01 [main] ERROR l.i.uztis.pages.ApplicationFormsPage - Timeout while waiting for dropdown to close at index: 5 with aria-expanded = 'false'
2025-01-29 13:20:01 [main] INFO  l.i.uztis.pages.ApplicationFormsPage - Processing dropdown index: 6
2025-01-29 13:20:12 [main] ERROR l.i.uztis.pages.ApplicationFormsPage - Timeout while waiting for dropdown to close at index: 6 with aria-expanded = 'false'
2025-01-29 13:20:12 [main] INFO  l.i.uztis.pages.ApplicationFormsPage - Processing dropdown index: 7
2025-01-29 13:20:24 [main] ERROR l.i.uztis.pages.ApplicationFormsPage - Timeout while waiting for dropdown to close at index: 7 with aria-expanded = 'false'
2025-01-29 13:20:24 [main] INFO  l.i.uztis.pages.ApplicationFormsPage - Processing input field index: 0
2025-01-29 13:20:24 [main] INFO  l.i.uztis.pages.ApplicationFormsPage - Entered value '50' into field index: 0
2025-01-29 13:20:24 [main] INFO  l.i.uztis.pages.ApplicationFormsPage - Processing input field index: 1
2025-01-29 13:20:24 [main] INFO  l.i.uztis.pages.ApplicationFormsPage - Entered value '924' into field index: 1
2025-01-29 13:20:24 [main] INFO  l.i.uztis.pages.ApplicationFormsPage - Processing input field index: 2
2025-01-29 13:20:24 [main] INFO  l.i.uztis.pages.ApplicationFormsPage - Entered value '31' into field index: 2
2025-01-29 13:20:24 [main] INFO  l.i.uztis.pages.ApplicationFormsPage - Processing input field index: 3
2025-01-29 13:20:24 [main] INFO  l.i.uztis.pages.ApplicationFormsPage - Entered value '4.7' into field index: 3
2025-01-29 13:20:24 [main] INFO  l.i.uztis.pages.ApplicationFormsPage - Processing input field index: 4
2025-01-29 13:20:24 [main] INFO  l.i.uztis.pages.ApplicationFormsPage - Entered value '35' into field index: 4
2025-01-29 13:20:24 [main] INFO  l.i.uztis.pages.ApplicationFormsPage - Processing input field index: 5
2025-01-29 13:20:25 [main] INFO  l.i.uztis.pages.ApplicationFormsPage - Entered value '20' into field index: 5
2025-01-29 13:20:25 [main] INFO  l.i.uztis.pages.ApplicationFormsPage - Processing input field index: 6
2025-01-29 13:20:25 [main] INFO  l.i.uztis.pages.ApplicationFormsPage - Entered value '30' into field index: 6
2025-01-29 13:20:25 [main] INFO  l.i.uztis.pages.ApplicationFormsPage - Processing input field index: 7
2025-01-29 13:20:25 [main] INFO  l.i.uztis.pages.ApplicationFormsPage - Entered value '60' into field index: 7
2025-01-29 13:20:25 [main] DEBUG l.i.u.tests.ApplicationFormsPageTest - Entered additional values and text.
2025-01-29 13:20:25 [main] DEBUG l.i.u.tests.ApplicationFormsPageTest - Entered application name: DVP paraiška
2025-01-29 13:20:25 [main] DEBUG l.i.u.tests.ApplicationFormsPageTest - Clicked the 'Save' button.
2025-01-29 13:20:25 [main] INFO  l.i.u.tests.ApplicationFormsPageTest - Verified success message: 'Duomenys sėkmingai išsaugoti.'
2025-01-29 13:20:25 [main] INFO  l.i.u.tests.ApplicationFormsPageTest - Verified that the 'Save Form' button is displayed.
2025-01-29 13:20:25 [main] INFO  l.i.u.tests.ApplicationFormsPageTest - Test 'testCreateNewDvpApplication' completed successfully.
2025-01-29 13:21:47 [main] INFO  lt.insoft.uztis.tests.UztisPageTest - Navigated to https://uztisdev.asseco.lt/home
2025-01-29 13:21:48 [main] INFO  l.i.uztis.tests.InvitationsPageTest - Starting test:'testCreateNewDvpInvitation'
2025-01-29 13:21:48 [main] DEBUG l.i.uztis.tests.InvitationsPageTest - User logged in with test credentials
2025-01-29 13:21:48 [main] DEBUG l.i.uztis.tests.InvitationsPageTest - Opened 'Application Processing' menu.
2025-01-29 13:21:48 [main] DEBUG l.i.uztis.tests.InvitationsPageTest - Clicked on 'Application Forms' menu.
2025-01-29 13:21:48 [main] DEBUG l.i.uztis.tests.InvitationsPageTest - Navigating to application forms menu.
2025-01-29 13:21:49 [main] DEBUG l.i.uztis.tests.InvitationsPageTest - Retrieved last description code text: 'TST-DVP-05'.
2025-01-29 13:21:49 [main] DEBUG l.i.uztis.tests.InvitationsPageTest - Clicked on 'Invitation' menu.
2025-01-29 13:21:49 [main] DEBUG l.i.uztis.tests.InvitationsPageTest - Clicked 'Create New Application Form'.
2025-01-29 13:22:15 [main] ERROR l.insoft.uztis.pages.InvitationsPage - Failed to select value in dropdown: invalid session id: session deleted as the browser has closed the connection
from disconnected: unable to send message to renderer
  (Session info: chrome=132.0.6834.111)
Build info: version: '4.27.0', revision: 'd6e718d134'
System info: os.name: 'Windows 11', os.arch: 'amd64', os.version: '10.0', java.version: '21.0.3'
Driver info: org.openqa.selenium.chrome.ChromeDriver
Command: [a77fb248999ae35b6a024a724de2fd82, findElements {value=mat-option, using=css selector}]
Capabilities {acceptInsecureCerts: false, browserName: chrome, browserVersion: 132.0.6834.111, chrome: {chromedriverVersion: 132.0.6834.159 (2d77d3fc445..., userDataDir: C:\Users\INGRID~1.ZAD\AppDa...}, fedcm:accounts: true, goog:chromeOptions: {debuggerAddress: localhost:58070}, networkConnectionEnabled: false, pageLoadStrategy: normal, platformName: windows, proxy: Proxy(), se:cdp: ws://localhost:58070/devtoo..., se:cdpVersion: 132.0.6834.111, setWindowRect: true, strictFileInteractability: false, timeouts: {implicit: 0, pageLoad: 300000, script: 30000}, unhandledPromptBehavior: dismiss and notify, webauthn:extension:credBlob: true, webauthn:extension:largeBlob: true, webauthn:extension:minPinLength: true, webauthn:extension:prf: true, webauthn:virtualAuthenticators: true}
Session ID: a77fb248999ae35b6a024a724de2fd82
2025-01-29 13:22:15 [main] ERROR l.i.uztis.tests.InvitationsPageTest - Test 'testCreateNewDvpInvitation' failed with error: invalid session id: session deleted as the browser has closed the connection
from disconnected: unable to send message to renderer
  (Session info: chrome=132.0.6834.111)
Build info: version: '4.27.0', revision: 'd6e718d134'
System info: os.name: 'Windows 11', os.arch: 'amd64', os.version: '10.0', java.version: '21.0.3'
Driver info: org.openqa.selenium.chrome.ChromeDriver
Command: [a77fb248999ae35b6a024a724de2fd82, findElements {value=mat-option, using=css selector}]
Capabilities {acceptInsecureCerts: false, browserName: chrome, browserVersion: 132.0.6834.111, chrome: {chromedriverVersion: 132.0.6834.159 (2d77d3fc445..., userDataDir: C:\Users\INGRID~1.ZAD\AppDa...}, fedcm:accounts: true, goog:chromeOptions: {debuggerAddress: localhost:58070}, networkConnectionEnabled: false, pageLoadStrategy: normal, platformName: windows, proxy: Proxy(), se:cdp: ws://localhost:58070/devtoo..., se:cdpVersion: 132.0.6834.111, setWindowRect: true, strictFileInteractability: false, timeouts: {implicit: 0, pageLoad: 300000, script: 30000}, unhandledPromptBehavior: dismiss and notify, webauthn:extension:credBlob: true, webauthn:extension:largeBlob: true, webauthn:extension:minPinLength: true, webauthn:extension:prf: true, webauthn:virtualAuthenticators: true}
Session ID: a77fb248999ae35b6a024a724de2fd82
org.openqa.selenium.NoSuchSessionException: invalid session id: session deleted as the browser has closed the connection
from disconnected: unable to send message to renderer
  (Session info: chrome=132.0.6834.111)
Build info: version: '4.27.0', revision: 'd6e718d134'
System info: os.name: 'Windows 11', os.arch: 'amd64', os.version: '10.0', java.version: '21.0.3'
Driver info: org.openqa.selenium.chrome.ChromeDriver
Command: [a77fb248999ae35b6a024a724de2fd82, findElements {value=mat-option, using=css selector}]
Capabilities {acceptInsecureCerts: false, browserName: chrome, browserVersion: 132.0.6834.111, chrome: {chromedriverVersion: 132.0.6834.159 (2d77d3fc445..., userDataDir: C:\Users\INGRID~1.ZAD\AppDa...}, fedcm:accounts: true, goog:chromeOptions: {debuggerAddress: localhost:58070}, networkConnectionEnabled: false, pageLoadStrategy: normal, platformName: windows, proxy: Proxy(), se:cdp: ws://localhost:58070/devtoo..., se:cdpVersion: 132.0.6834.111, setWindowRect: true, strictFileInteractability: false, timeouts: {implicit: 0, pageLoad: 300000, script: 30000}, unhandledPromptBehavior: dismiss and notify, webauthn:extension:credBlob: true, webauthn:extension:largeBlob: true, webauthn:extension:minPinLength: true, webauthn:extension:prf: true, webauthn:virtualAuthenticators: true}
Session ID: a77fb248999ae35b6a024a724de2fd82
	at java.base/jdk.internal.reflect.DirectConstructorHandleAccessor.newInstance(DirectConstructorHandleAccessor.java:62)
	at java.base/java.lang.reflect.Constructor.newInstanceWithCaller(Constructor.java:502)
	at java.base/java.lang.reflect.Constructor.newInstance(Constructor.java:486)
	at org.openqa.selenium.remote.ErrorCodec.decode(ErrorCodec.java:167)
	at org.openqa.selenium.remote.codec.w3c.W3CHttpResponseCodec.decode(W3CHttpResponseCodec.java:138)
	at org.openqa.selenium.remote.codec.w3c.W3CHttpResponseCodec.decode(W3CHttpResponseCodec.java:50)
	at org.openqa.selenium.remote.HttpCommandExecutor.execute(HttpCommandExecutor.java:190)
	at org.openqa.selenium.remote.service.DriverCommandExecutor.invokeExecute(DriverCommandExecutor.java:216)
	at org.openqa.selenium.remote.service.DriverCommandExecutor.execute(DriverCommandExecutor.java:174)
	at org.openqa.selenium.remote.RemoteWebDriver.execute(RemoteWebDriver.java:545)
	at org.openqa.selenium.remote.ElementLocation$ElementFinder$2.findElements(ElementLocation.java:182)
	at org.openqa.selenium.remote.ElementLocation.findElements(ElementLocation.java:103)
	at org.openqa.selenium.remote.RemoteWebDriver.findElements(RemoteWebDriver.java:381)
	at org.openqa.selenium.remote.RemoteWebDriver.findElements(RemoteWebDriver.java:375)
	at org.openqa.selenium.support.pagefactory.DefaultElementLocator.findElements(DefaultElementLocator.java:83)
	at org.openqa.selenium.support.pagefactory.internal.LocatingElementListHandler.invoke(LocatingElementListHandler.java:36)
	at jdk.proxy2/jdk.proxy2.$Proxy15.toString(Unknown Source)
	at java.base/java.lang.String.valueOf(String.java:4465)
	at org.openqa.selenium.support.ui.ExpectedConditions$9.toString(ExpectedConditions.java:273)
	at java.base/java.lang.String.valueOf(String.java:4465)
	at org.openqa.selenium.support.ui.FluentWait.until(FluentWait.java:225)
	at lt.insoft.uztis.pages.InvitationsPage.selectValueFromApplication(InvitationsPage.java:220)
	at lt.insoft.uztis.tests.InvitationsPageTest.testCreateNewDvpInvitation(InvitationsPageTest.java:476)
	at java.base/jdk.internal.reflect.DirectMethodHandleAccessor.invoke(DirectMethodHandleAccessor.java:103)
	at java.base/java.lang.reflect.Method.invoke(Method.java:580)
	at org.junit.platform.commons.util.ReflectionUtils.invokeMethod(ReflectionUtils.java:728)
	at org.junit.jupiter.engine.execution.MethodInvocation.proceed(MethodInvocation.java:60)
	at org.junit.jupiter.engine.execution.InvocationInterceptorChain$ValidatingInvocation.proceed(InvocationInterceptorChain.java:131)
	at org.junit.jupiter.engine.extension.TimeoutExtension.intercept(TimeoutExtension.java:156)
	at org.junit.jupiter.engine.extension.TimeoutExtension.interceptTestableMethod(TimeoutExtension.java:147)
	at org.junit.jupiter.engine.extension.TimeoutExtension.interceptTestMethod(TimeoutExtension.java:86)
	at org.junit.jupiter.engine.execution.InterceptingExecutableInvoker$ReflectiveInterceptorCall.lambda$ofVoidMethod$0(InterceptingExecutableInvoker.java:103)
	at org.junit.jupiter.engine.execution.InterceptingExecutableInvoker.lambda$invoke$0(InterceptingExecutableInvoker.java:93)
	at org.junit.jupiter.engine.execution.InvocationInterceptorChain$InterceptedInvocation.proceed(InvocationInterceptorChain.java:106)
	at org.junit.jupiter.engine.execution.InvocationInterceptorChain.proceed(InvocationInterceptorChain.java:64)
	at org.junit.jupiter.engine.execution.InvocationInterceptorChain.chainAndInvoke(InvocationInterceptorChain.java:45)
	at org.junit.jupiter.engine.execution.InvocationInterceptorChain.invoke(InvocationInterceptorChain.java:37)
	at org.junit.jupiter.engine.execution.InterceptingExecutableInvoker.invoke(InterceptingExecutableInvoker.java:92)
	at org.junit.jupiter.engine.execution.InterceptingExecutableInvoker.invoke(InterceptingExecutableInvoker.java:86)
	at org.junit.jupiter.engine.descriptor.TestMethodTestDescriptor.lambda$invokeTestMethod$7(TestMethodTestDescriptor.java:218)
	at org.junit.platform.engine.support.hierarchical.ThrowableCollector.execute(ThrowableCollector.java:73)
	at org.junit.jupiter.engine.descriptor.TestMethodTestDescriptor.invokeTestMethod(TestMethodTestDescriptor.java:214)
	at org.junit.jupiter.engine.descriptor.TestMethodTestDescriptor.execute(TestMethodTestDescriptor.java:139)
	at org.junit.jupiter.engine.descriptor.TestMethodTestDescriptor.execute(TestMethodTestDescriptor.java:69)
	at org.junit.platform.engine.support.hierarchical.NodeTestTask.lambda$executeRecursively$6(NodeTestTask.java:151)
	at org.junit.platform.engine.support.hierarchical.ThrowableCollector.execute(ThrowableCollector.java:73)
	at org.junit.platform.engine.support.hierarchical.NodeTestTask.lambda$executeRecursively$8(NodeTestTask.java:141)
	at org.junit.platform.engine.support.hierarchical.Node.around(Node.java:137)
	at org.junit.platform.engine.support.hierarchical.NodeTestTask.lambda$executeRecursively$9(NodeTestTask.java:139)
	at org.junit.platform.engine.support.hierarchical.ThrowableCollector.execute(ThrowableCollector.java:73)
	at org.junit.platform.engine.support.hierarchical.NodeTestTask.executeRecursively(NodeTestTask.java:138)
	at org.junit.platform.engine.support.hierarchical.NodeTestTask.execute(NodeTestTask.java:95)
	at java.base/java.util.ArrayList.forEach(ArrayList.java:1596)
	at org.junit.platform.engine.support.hierarchical.SameThreadHierarchicalTestExecutorService.invokeAll(SameThreadHierarchicalTestExecutorService.java:41)
	at org.junit.platform.engine.support.hierarchical.NodeTestTask.lambda$executeRecursively$6(NodeTestTask.java:155)
	at org.junit.platform.engine.support.hierarchical.ThrowableCollector.execute(ThrowableCollector.java:73)
	at org.junit.platform.engine.support.hierarchical.NodeTestTask.lambda$executeRecursively$8(NodeTestTask.java:141)
	at org.junit.platform.engine.support.hierarchical.Node.around(Node.java:137)
	at org.junit.platform.engine.support.hierarchical.NodeTestTask.lambda$executeRecursively$9(NodeTestTask.java:139)
	at org.junit.platform.engine.support.hierarchical.ThrowableCollector.execute(ThrowableCollector.java:73)
	at org.junit.platform.engine.support.hierarchical.NodeTestTask.executeRecursively(NodeTestTask.java:138)
	at org.junit.platform.engine.support.hierarchical.NodeTestTask.execute(NodeTestTask.java:95)
	at java.base/java.util.ArrayList.forEach(ArrayList.java:1596)
	at org.junit.platform.engine.support.hierarchical.SameThreadHierarchicalTestExecutorService.invokeAll(SameThreadHierarchicalTestExecutorService.java:41)
	at org.junit.platform.engine.support.hierarchical.NodeTestTask.lambda$executeRecursively$6(NodeTestTask.java:155)
	at org.junit.platform.engine.support.hierarchical.ThrowableCollector.execute(ThrowableCollector.java:73)
	at org.junit.platform.engine.support.hierarchical.NodeTestTask.lambda$executeRecursively$8(NodeTestTask.java:141)
	at org.junit.platform.engine.support.hierarchical.Node.around(Node.java:137)
	at org.junit.platform.engine.support.hierarchical.NodeTestTask.lambda$executeRecursively$9(NodeTestTask.java:139)
	at org.junit.platform.engine.support.hierarchical.ThrowableCollector.execute(ThrowableCollector.java:73)
	at org.junit.platform.engine.support.hierarchical.NodeTestTask.executeRecursively(NodeTestTask.java:138)
	at org.junit.platform.engine.support.hierarchical.NodeTestTask.execute(NodeTestTask.java:95)
	at org.junit.platform.engine.support.hierarchical.SameThreadHierarchicalTestExecutorService.submit(SameThreadHierarchicalTestExecutorService.java:35)
	at org.junit.platform.engine.support.hierarchical.HierarchicalTestExecutor.execute(HierarchicalTestExecutor.java:57)
	at org.junit.platform.engine.support.hierarchical.HierarchicalTestEngine.execute(HierarchicalTestEngine.java:54)
	at org.junit.platform.launcher.core.EngineExecutionOrchestrator.execute(EngineExecutionOrchestrator.java:198)
	at org.junit.platform.launcher.core.EngineExecutionOrchestrator.execute(EngineExecutionOrchestrator.java:169)
	at org.junit.platform.launcher.core.EngineExecutionOrchestrator.execute(EngineExecutionOrchestrator.java:93)
	at org.junit.platform.launcher.core.EngineExecutionOrchestrator.lambda$execute$0(EngineExecutionOrchestrator.java:58)
	at org.junit.platform.launcher.core.EngineExecutionOrchestrator.withInterceptedStreams(EngineExecutionOrchestrator.java:141)
	at org.junit.platform.launcher.core.EngineExecutionOrchestrator.execute(EngineExecutionOrchestrator.java:57)
	at org.junit.platform.launcher.core.DefaultLauncher.execute(DefaultLauncher.java:103)
	at org.junit.platform.launcher.core.DefaultLauncher.execute(DefaultLauncher.java:85)
	at org.junit.platform.launcher.core.DelegatingLauncher.execute(DelegatingLauncher.java:47)
	at org.junit.platform.launcher.core.SessionPerRequestLauncher.execute(SessionPerRequestLauncher.java:63)
	at com.intellij.junit5.JUnit5IdeaTestRunner.startRunnerWithArgs(JUnit5IdeaTestRunner.java:57)
	at com.intellij.rt.junit.IdeaTestRunner$Repeater$1.execute(IdeaTestRunner.java:38)
	at com.intellij.rt.execution.junit.TestsRepeater.repeat(TestsRepeater.java:11)
	at com.intellij.rt.junit.IdeaTestRunner$Repeater.startRunnerWithArgs(IdeaTestRunner.java:35)
	at com.intellij.rt.junit.JUnitStarter.prepareStreamsAndStart(JUnitStarter.java:232)
	at com.intellij.rt.junit.JUnitStarter.main(JUnitStarter.java:55)
2025-01-29 13:22:29 [main] INFO  lt.insoft.uztis.tests.UztisPageTest - Navigated to https://uztisdev.asseco.lt/home
2025-01-29 13:22:29 [main] INFO  l.i.uztis.tests.InvitationsPageTest - Starting test:'testCreateNewDvpInvitation'
2025-01-29 13:22:30 [main] DEBUG l.i.uztis.tests.InvitationsPageTest - User logged in with test credentials
2025-01-29 13:22:30 [main] DEBUG l.i.uztis.tests.InvitationsPageTest - Opened 'Application Processing' menu.
2025-01-29 13:22:30 [main] DEBUG l.i.uztis.tests.InvitationsPageTest - Clicked on 'Application Forms' menu.
2025-01-29 13:22:30 [main] DEBUG l.i.uztis.tests.InvitationsPageTest - Navigating to application forms menu.
2025-01-29 13:22:31 [main] DEBUG l.i.uztis.tests.InvitationsPageTest - Retrieved last description code text: 'TST-DVP-05'.
2025-01-29 13:22:31 [main] DEBUG l.i.uztis.tests.InvitationsPageTest - Clicked on 'Invitation' menu.
2025-01-29 13:22:31 [main] DEBUG l.i.uztis.tests.InvitationsPageTest - Clicked 'Create New Application Form'.
2025-01-29 13:22:31 [main] DEBUG l.i.uztis.tests.InvitationsPageTest - Selected section by code: 'TST-DVP-05'.
2025-01-29 13:22:33 [main] DEBUG l.i.uztis.tests.InvitationsPageTest - Selected invitation number from the list.
2025-01-29 13:22:33 [main] DEBUG l.i.uztis.tests.InvitationsPageTest - Entered current date.
2025-01-29 13:22:33 [main] DEBUG l.i.uztis.tests.InvitationsPageTest - Entered start time: 00:00.
2025-01-29 13:22:33 [main] DEBUG l.i.uztis.tests.InvitationsPageTest - Entered end date.
2025-01-29 13:22:34 [main] DEBUG l.i.uztis.tests.InvitationsPageTest - Entered end time: 11:11.
2025-01-29 13:22:34 [main] DEBUG l.i.uztis.tests.InvitationsPageTest - Entered publication end date.
2025-01-29 13:22:34 [main] DEBUG l.i.uztis.tests.InvitationsPageTest - Added additional values.
2025-01-29 13:22:34 [main] INFO  l.insoft.uztis.pages.InvitationsPage - Located the dropdown button.
2025-01-29 13:22:35 [main] DEBUG l.i.uztis.tests.InvitationsPageTest - Selected the value: 'Didžiausia galima paramos suma aplinkos darbo vietai, Eur'
2025-01-29 13:22:35 [main] INFO  l.insoft.uztis.pages.InvitationsPage - Located the dropdown button.
2025-01-29 13:22:35 [main] DEBUG l.i.uztis.tests.InvitationsPageTest - Selected the value: 'Didžiausia galima paramos suma, Eur'
2025-01-29 13:22:35 [main] INFO  l.insoft.uztis.pages.InvitationsPage - Located the dropdown button.
2025-01-29 13:22:36 [main] DEBUG l.i.uztis.tests.InvitationsPageTest - Selected the value: 'Didžiausia galima paramos suma vienai darbo vietai, Eur'
2025-01-29 13:22:36 [main] DEBUG l.i.uztis.tests.InvitationsPageTest - Entered value: 11000
2025-01-29 13:22:37 [main] DEBUG l.i.uztis.tests.InvitationsPageTest - Entered value: 12000
2025-01-29 13:22:37 [main] DEBUG l.i.uztis.tests.InvitationsPageTest - Entered value: 13000
2025-01-29 13:22:37 [main] DEBUG l.i.uztis.tests.InvitationsPageTest - Checked 'Legal Entities' checkbox.
2025-01-29 13:22:37 [main] DEBUG l.i.uztis.tests.InvitationsPageTest - Unchecked 'Persons Registered with Employment Service' checkbox.
2025-01-29 13:22:37 [main] DEBUG l.i.uztis.tests.InvitationsPageTest - Checked 'Persons Registered as Employers' checkbox.
2025-01-29 13:22:37 [main] DEBUG l.i.uztis.tests.InvitationsPageTest - Entered budget: '2000'.
2025-01-29 13:22:37 [main] DEBUG l.i.uztis.tests.InvitationsPageTest - Entered description text: 'Aprašo tekstas'.
2025-01-29 13:22:37 [main] DEBUG l.i.uztis.tests.InvitationsPageTest - Entered applicants text: 'Pareiškėjų tekstas'.
2025-01-29 13:22:38 [main] DEBUG l.i.uztis.tests.InvitationsPageTest - Entered expenditures text: 'Išlaidų tekstas'.
2025-01-29 13:22:38 [main] DEBUG l.i.uztis.tests.InvitationsPageTest - Entered legislation text: 'Teisės aktų tekstas'.
2025-01-29 13:22:38 [main] DEBUG l.i.uztis.tests.InvitationsPageTest - Entered education text: 'Mokymų tekstas'.
2025-01-29 13:22:38 [main] DEBUG l.i.uztis.tests.InvitationsPageTest - File uploaded.
2025-01-29 13:22:38 [main] DEBUG l.i.uztis.tests.InvitationsPageTest - Clicked 'Publish'.
2025-01-29 13:22:38 [main] DEBUG l.i.uztis.tests.InvitationsPageTest - Publication confirmed.
2025-01-29 13:22:39 [main] DEBUG l.i.uztis.tests.InvitationsPageTest - Verified success message: 'Funkcija sėkmingai atlikta.'
2025-01-29 13:22:39 [main] INFO  l.i.uztis.tests.InvitationsPageTest - Test 'testCreateNewDvpInvitation' completed successfully.
2025-01-29 14:12:10 [main] INFO  lt.insoft.uztis.tests.UztisPageTest - Navigated to https://uztisdev.asseco.lt/home
2025-01-29 14:12:10 [main] INFO  l.i.uztis.tests.InvitationsPageTest - Starting test:'testCreateNewDvpInvitation'
2025-01-29 14:12:11 [main] DEBUG l.i.uztis.tests.InvitationsPageTest - User logged in with test credentials
2025-01-29 14:12:11 [main] DEBUG l.i.uztis.tests.InvitationsPageTest - Opened 'Application Processing' menu.
2025-01-29 14:12:11 [main] DEBUG l.i.uztis.tests.InvitationsPageTest - Clicked on 'Application Forms' menu.
2025-01-29 14:12:11 [main] DEBUG l.i.uztis.tests.InvitationsPageTest - Navigating to application forms menu.
2025-01-29 14:12:13 [main] DEBUG l.i.uztis.tests.InvitationsPageTest - Retrieved last description code text: 'TST-DVP-05'.
2025-01-29 14:12:13 [main] DEBUG l.i.uztis.tests.InvitationsPageTest - Clicked on 'Invitation' menu.
2025-01-29 14:12:13 [main] DEBUG l.i.uztis.tests.InvitationsPageTest - Clicked 'Create New Application Form'.
2025-01-29 14:12:14 [main] DEBUG l.i.uztis.tests.InvitationsPageTest - Selected section by code: 'TST-DVP-05'.
2025-01-29 14:12:15 [main] DEBUG l.i.uztis.tests.InvitationsPageTest - Selected invitation number from the list.
2025-01-29 14:12:15 [main] DEBUG l.i.uztis.tests.InvitationsPageTest - Entered current date.
2025-01-29 14:12:15 [main] DEBUG l.i.uztis.tests.InvitationsPageTest - Entered start time: 00:00.
2025-01-29 14:12:16 [main] DEBUG l.i.uztis.tests.InvitationsPageTest - Entered end date.
2025-01-29 14:12:16 [main] DEBUG l.i.uztis.tests.InvitationsPageTest - Entered end time: 11:11.
2025-01-29 14:12:16 [main] DEBUG l.i.uztis.tests.InvitationsPageTest - Entered publication end date.
2025-01-29 14:12:16 [main] DEBUG l.i.uztis.tests.InvitationsPageTest - Added additional values.
2025-01-29 14:12:16 [main] INFO  l.insoft.uztis.pages.InvitationsPage - Located the dropdown button.
2025-01-29 14:12:17 [main] DEBUG l.i.uztis.tests.InvitationsPageTest - Selected the value: 'Didžiausia galima paramos suma aplinkos darbo vietai, Eur'
2025-01-29 14:12:17 [main] INFO  l.insoft.uztis.pages.InvitationsPage - Located the dropdown button.
2025-01-29 14:12:18 [main] DEBUG l.i.uztis.tests.InvitationsPageTest - Selected the value: 'Didžiausia galima paramos suma, Eur'
2025-01-29 14:12:18 [main] INFO  l.insoft.uztis.pages.InvitationsPage - Located the dropdown button.
2025-01-29 14:12:19 [main] DEBUG l.i.uztis.tests.InvitationsPageTest - Selected the value: 'Didžiausia galima paramos suma vienai darbo vietai, Eur'
2025-01-29 14:12:19 [main] DEBUG l.i.uztis.tests.InvitationsPageTest - Entered value: 11000
2025-01-29 14:12:19 [main] DEBUG l.i.uztis.tests.InvitationsPageTest - Entered value: 12000
2025-01-29 14:12:20 [main] DEBUG l.i.uztis.tests.InvitationsPageTest - Entered value: 13000
2025-01-29 14:12:20 [main] DEBUG l.i.uztis.tests.InvitationsPageTest - Checked 'Legal Entities' checkbox.
2025-01-29 14:12:20 [main] DEBUG l.i.uztis.tests.InvitationsPageTest - Unchecked 'Persons Registered with Employment Service' checkbox.
2025-01-29 14:12:20 [main] DEBUG l.i.uztis.tests.InvitationsPageTest - Checked 'Persons Registered as Employers' checkbox.
2025-01-29 14:12:20 [main] DEBUG l.i.uztis.tests.InvitationsPageTest - Entered budget: '2000'.
2025-01-29 14:12:20 [main] DEBUG l.i.uztis.tests.InvitationsPageTest - Entered description text: 'Aprašo tekstas'.
2025-01-29 14:12:20 [main] DEBUG l.i.uztis.tests.InvitationsPageTest - Entered applicants text: 'Pareiškėjų tekstas'.
2025-01-29 14:12:21 [main] DEBUG l.i.uztis.tests.InvitationsPageTest - Entered expenditures text: 'Išlaidų tekstas'.
2025-01-29 14:12:21 [main] DEBUG l.i.uztis.tests.InvitationsPageTest - Entered legislation text: 'Teisės aktų tekstas'.
2025-01-29 14:12:21 [main] DEBUG l.i.uztis.tests.InvitationsPageTest - Entered education text: 'Mokymų tekstas'.
2025-01-29 14:12:21 [main] DEBUG l.i.uztis.tests.InvitationsPageTest - File uploaded.
2025-01-29 14:12:21 [main] DEBUG l.i.uztis.tests.InvitationsPageTest - Clicked 'Publish'.
2025-01-29 14:12:21 [main] DEBUG l.i.uztis.tests.InvitationsPageTest - Publication confirmed.
2025-01-29 14:12:22 [main] DEBUG l.i.uztis.tests.InvitationsPageTest - Verified success message: 'Funkcija sėkmingai atlikta.'
2025-01-29 14:12:22 [main] INFO  l.i.uztis.tests.InvitationsPageTest - Test 'testCreateNewDvpInvitation' completed successfully.
2025-01-29 14:14:57 [main] INFO  lt.insoft.uztis.tests.UztisPageTest - Navigated to https://uztisdev.asseco.lt/home
2025-01-29 14:14:57 [main] INFO  l.i.uztis.tests.InvitationsPageTest - Starting test:'testCreateNewPvkInvitation'
2025-01-29 14:14:57 [main] DEBUG l.i.uztis.tests.InvitationsPageTest - User logged in with test credentials
2025-01-29 14:14:57 [main] DEBUG l.i.uztis.tests.InvitationsPageTest - Opened 'Application Processing' menu.
2025-01-29 14:14:58 [main] DEBUG l.i.uztis.tests.InvitationsPageTest - Clicked on 'Application Forms' menu.
2025-01-29 14:14:58 [main] DEBUG l.i.uztis.tests.InvitationsPageTest - Navigating to application forms menu.
2025-01-29 14:14:58 [main] DEBUG l.i.uztis.tests.InvitationsPageTest - Retrieved last description code text: 'TST-PVK-13'.
2025-01-29 14:14:58 [main] DEBUG l.i.uztis.tests.InvitationsPageTest - Clicked on 'Invitation' menu.
2025-01-29 14:14:58 [main] DEBUG l.i.uztis.tests.InvitationsPageTest - Clicked 'Create New Application Form'.
2025-01-29 14:14:59 [main] DEBUG l.i.uztis.tests.InvitationsPageTest - Selected section by code: 'TST-PVK-13'.
2025-01-29 14:15:01 [main] DEBUG l.i.uztis.tests.InvitationsPageTest - Selected invitation number from the list.
2025-01-29 14:15:01 [main] DEBUG l.i.uztis.tests.InvitationsPageTest - Entered current date.
2025-01-29 14:15:01 [main] DEBUG l.i.uztis.tests.InvitationsPageTest - Entered start time: 00:00.
2025-01-29 14:15:01 [main] DEBUG l.i.uztis.tests.InvitationsPageTest - Entered end date.
2025-01-29 14:15:02 [main] DEBUG l.i.uztis.tests.InvitationsPageTest - Entered end time: 11:11.
2025-01-29 14:15:02 [main] DEBUG l.i.uztis.tests.InvitationsPageTest - Entered publication end date.
2025-01-29 14:15:02 [main] DEBUG l.i.uztis.tests.InvitationsPageTest - Added additional values.
2025-01-29 14:15:02 [main] INFO  l.insoft.uztis.pages.InvitationsPage - Located the dropdown button.
2025-01-29 14:15:02 [main] DEBUG l.i.uztis.tests.InvitationsPageTest - Selected the value: 'Didžiausia galima paramos suma aplinkos darbo vietai, Eur'
2025-01-29 14:15:02 [main] INFO  l.insoft.uztis.pages.InvitationsPage - Located the dropdown button.
2025-01-29 14:15:03 [main] DEBUG l.i.uztis.tests.InvitationsPageTest - Selected the value: 'Didžiausia galima paramos suma, Eur'
2025-01-29 14:15:03 [main] INFO  l.insoft.uztis.pages.InvitationsPage - Located the dropdown button.
2025-01-29 14:15:04 [main] DEBUG l.i.uztis.tests.InvitationsPageTest - Selected the value: 'Didžiausia galima paramos suma vienai darbo vietai, Eur'
2025-01-29 14:15:04 [main] DEBUG l.i.uztis.tests.InvitationsPageTest - Entered value: 11000
2025-01-29 14:15:04 [main] DEBUG l.i.uztis.tests.InvitationsPageTest - Entered value: 12000
2025-01-29 14:15:04 [main] DEBUG l.i.uztis.tests.InvitationsPageTest - Entered value: 13000
2025-01-29 14:15:04 [main] DEBUG l.i.uztis.tests.InvitationsPageTest - Checked 'Legal Entities' checkbox.
2025-01-29 14:15:05 [main] DEBUG l.i.uztis.tests.InvitationsPageTest - Unchecked 'Persons Registered with Employment Service' checkbox.
2025-01-29 14:15:05 [main] DEBUG l.i.uztis.tests.InvitationsPageTest - Checked 'Persons Registered as Employers' checkbox.
2025-01-29 14:15:05 [main] DEBUG l.i.uztis.tests.InvitationsPageTest - Entered second evaluation grade: '5'.
2025-01-29 14:15:05 [main] DEBUG l.i.uztis.tests.InvitationsPageTest - Entered third evaluation grade: '6'.
2025-01-29 14:15:05 [main] DEBUG l.i.uztis.tests.InvitationsPageTest - Entered second evaluation grade weight: '0,45'.
2025-01-29 14:15:05 [main] DEBUG l.i.uztis.tests.InvitationsPageTest - Entered third evaluation grade weight: '0,55'.
2025-01-29 14:15:05 [main] DEBUG l.i.uztis.tests.InvitationsPageTest - Entered budget: '2000'.
2025-01-29 14:15:05 [main] DEBUG l.i.uztis.tests.InvitationsPageTest - Entered budget: '2000'.
2025-01-29 14:15:05 [main] DEBUG l.i.uztis.tests.InvitationsPageTest - Entered budget: '2000'.
2025-01-29 14:15:05 [main] DEBUG l.i.uztis.tests.InvitationsPageTest - Entered budget: '2000'.
2025-01-29 14:15:05 [main] DEBUG l.i.uztis.tests.InvitationsPageTest - Entered budget: '2000'.
2025-01-29 14:15:06 [main] DEBUG l.i.uztis.tests.InvitationsPageTest - Entered description text: 'Aprašo tekstas'.
2025-01-29 14:15:06 [main] DEBUG l.i.uztis.tests.InvitationsPageTest - Entered applicants text: 'Pareiškėjų tekstas'.
2025-01-29 14:15:06 [main] DEBUG l.i.uztis.tests.InvitationsPageTest - Entered expenditures text: 'Išlaidų tekstas'.
2025-01-29 14:15:06 [main] DEBUG l.i.uztis.tests.InvitationsPageTest - Entered legislation text: 'Teisės aktų tekstas'.
2025-01-29 14:15:06 [main] DEBUG l.i.uztis.tests.InvitationsPageTest - Entered education text: 'Mokymų tekstas'.
2025-01-29 14:15:06 [main] DEBUG l.i.uztis.tests.InvitationsPageTest - File uploaded.
2025-01-29 14:15:06 [main] DEBUG l.i.uztis.tests.InvitationsPageTest - Clicked 'Publish'.
2025-01-29 14:15:06 [main] DEBUG l.i.uztis.tests.InvitationsPageTest - Publication confirmed.
2025-01-29 14:15:07 [main] DEBUG l.i.uztis.tests.InvitationsPageTest - Verified success message: 'Funkcija sėkmingai atlikta.'
2025-01-29 14:15:07 [main] INFO  l.i.uztis.tests.InvitationsPageTest - Test 'testCreateNewPvkInvitation' completed successfully.
2025-01-29 14:18:21 [main] INFO  lt.insoft.uztis.tests.UztisPageTest - Navigated to https://uztisdev.asseco.lt/home
2025-01-29 14:18:21 [main] INFO  l.i.uztis.tests.InvitationsPageTest - Starting test:'testInsertVuiStatisticInformation'
2025-01-29 14:18:22 [main] DEBUG l.i.uztis.tests.InvitationsPageTest - User logged in with test credentials
2025-01-29 14:18:22 [main] DEBUG l.i.uztis.tests.InvitationsPageTest - Opened 'Application Processing' menu.
2025-01-29 14:18:22 [main] DEBUG l.i.uztis.tests.InvitationsPageTest - Clicked on 'Application Forms' menu.
2025-01-29 14:18:22 [main] DEBUG l.i.uztis.tests.InvitationsPageTest - Navigating to invitation forms menu.
2025-01-29 14:18:23 [main] DEBUG l.i.uztis.tests.InvitationsPageTest - Retrieved last description code text: 'TST-PVK-13'.
2025-01-29 14:18:23 [main] DEBUG l.i.uztis.tests.InvitationsPageTest - Clicked on 'Invitation' menu.
2025-01-29 14:18:24 [main] DEBUG l.i.uztis.tests.InvitationsPageTest - Selected section by code: 'TST-PVK-13'.
2025-01-29 14:18:24 [main] DEBUG l.i.uztis.tests.InvitationsPageTest - Clicked 'Search'.
2025-01-29 14:18:24 [main] DEBUG l.i.uztis.tests.InvitationsPageTest - Getting and inserting application code text.
2025-01-29 14:18:24 [main] DEBUG l.i.uztis.tests.InvitationsPageTest - Clicked 'Publishing'.
2025-01-29 14:18:24 [main] DEBUG l.i.uztis.tests.InvitationsPageTest - Clicked 'Statistic Information' tab.
2025-01-29 14:18:25 [main] DEBUG l.i.uztis.tests.InvitationsPageTest - Clicked 'Edit' button.
2025-01-29 14:18:25 [main] DEBUG l.i.uztis.tests.InvitationsPageTest - Entered current date.
2025-01-29 14:18:25 [main] DEBUG l.i.uztis.tests.InvitationsPageTest - Entered value: 8.7
2025-01-29 14:18:25 [main] DEBUG l.i.uztis.tests.InvitationsPageTest - Entered average salary: 2237.9
2025-01-29 14:18:25 [main] DEBUG l.i.uztis.tests.InvitationsPageTest - File uploaded.
2025-01-29 14:18:26 [main] ERROR l.i.uztis.tests.InvitationsPageTest - Test 'testInsertVuiStatisticInformation' failed with error: element click intercepted: Element <button type="submit" class="btn btn--primary">...</button> is not clickable at point (1823, 1006). Other element would receive the click: <div class="cdk-overlay-backdrop cdk-overlay-dark-backdrop cdk-overlay-backdrop-showing"></div>
  (Session info: chrome=132.0.6834.111)
Build info: version: '4.27.0', revision: 'd6e718d134'
System info: os.name: 'Windows 11', os.arch: 'amd64', os.version: '10.0', java.version: '21.0.3'
Driver info: org.openqa.selenium.chrome.ChromeDriver
Command: [2dde92a1ff15218e2e84d9a8c34b9f4c, clickElement {id=f.B3F9F846A1570F3C40693FF615582F98.d.22F852E8850BF991710FC6D073A737C3.e.333}]
Capabilities {acceptInsecureCerts: false, browserName: chrome, browserVersion: 132.0.6834.111, chrome: {chromedriverVersion: 132.0.6834.159 (2d77d3fc445..., userDataDir: C:\Users\INGRID~1.ZAD\AppDa...}, fedcm:accounts: true, goog:chromeOptions: {debuggerAddress: localhost:60002}, networkConnectionEnabled: false, pageLoadStrategy: normal, platformName: windows, proxy: Proxy(), se:cdp: ws://localhost:60002/devtoo..., se:cdpVersion: 132.0.6834.111, setWindowRect: true, strictFileInteractability: false, timeouts: {implicit: 0, pageLoad: 300000, script: 30000}, unhandledPromptBehavior: dismiss and notify, webauthn:extension:credBlob: true, webauthn:extension:largeBlob: true, webauthn:extension:minPinLength: true, webauthn:extension:prf: true, webauthn:virtualAuthenticators: true}
Element: [[ChromeDriver: chrome on windows (2dde92a1ff15218e2e84d9a8c34b9f4c)] -> css selector: common-button:nth-of-type(2) > .btn.btn--primary]
Session ID: 2dde92a1ff15218e2e84d9a8c34b9f4c
org.openqa.selenium.ElementClickInterceptedException: element click intercepted: Element <button type="submit" class="btn btn--primary">...</button> is not clickable at point (1823, 1006). Other element would receive the click: <div class="cdk-overlay-backdrop cdk-overlay-dark-backdrop cdk-overlay-backdrop-showing"></div>
  (Session info: chrome=132.0.6834.111)
Build info: version: '4.27.0', revision: 'd6e718d134'
System info: os.name: 'Windows 11', os.arch: 'amd64', os.version: '10.0', java.version: '21.0.3'
Driver info: org.openqa.selenium.chrome.ChromeDriver
Command: [2dde92a1ff15218e2e84d9a8c34b9f4c, clickElement {id=f.B3F9F846A1570F3C40693FF615582F98.d.22F852E8850BF991710FC6D073A737C3.e.333}]
Capabilities {acceptInsecureCerts: false, browserName: chrome, browserVersion: 132.0.6834.111, chrome: {chromedriverVersion: 132.0.6834.159 (2d77d3fc445..., userDataDir: C:\Users\INGRID~1.ZAD\AppDa...}, fedcm:accounts: true, goog:chromeOptions: {debuggerAddress: localhost:60002}, networkConnectionEnabled: false, pageLoadStrategy: normal, platformName: windows, proxy: Proxy(), se:cdp: ws://localhost:60002/devtoo..., se:cdpVersion: 132.0.6834.111, setWindowRect: true, strictFileInteractability: false, timeouts: {implicit: 0, pageLoad: 300000, script: 30000}, unhandledPromptBehavior: dismiss and notify, webauthn:extension:credBlob: true, webauthn:extension:largeBlob: true, webauthn:extension:minPinLength: true, webauthn:extension:prf: true, webauthn:virtualAuthenticators: true}
Element: [[ChromeDriver: chrome on windows (2dde92a1ff15218e2e84d9a8c34b9f4c)] -> css selector: common-button:nth-of-type(2) > .btn.btn--primary]
Session ID: 2dde92a1ff15218e2e84d9a8c34b9f4c
	at java.base/jdk.internal.reflect.DirectConstructorHandleAccessor.newInstance(DirectConstructorHandleAccessor.java:62)
	at java.base/java.lang.reflect.Constructor.newInstanceWithCaller(Constructor.java:502)
	at java.base/java.lang.reflect.Constructor.newInstance(Constructor.java:486)
	at org.openqa.selenium.remote.ErrorCodec.decode(ErrorCodec.java:167)
	at org.openqa.selenium.remote.codec.w3c.W3CHttpResponseCodec.decode(W3CHttpResponseCodec.java:138)
	at org.openqa.selenium.remote.codec.w3c.W3CHttpResponseCodec.decode(W3CHttpResponseCodec.java:50)
	at org.openqa.selenium.remote.HttpCommandExecutor.execute(HttpCommandExecutor.java:190)
	at org.openqa.selenium.remote.service.DriverCommandExecutor.invokeExecute(DriverCommandExecutor.java:216)
	at org.openqa.selenium.remote.service.DriverCommandExecutor.execute(DriverCommandExecutor.java:174)
	at org.openqa.selenium.remote.RemoteWebDriver.execute(RemoteWebDriver.java:545)
	at org.openqa.selenium.remote.RemoteWebElement.execute(RemoteWebElement.java:223)
	at org.openqa.selenium.remote.RemoteWebElement.click(RemoteWebElement.java:76)
	at java.base/jdk.internal.reflect.DirectMethodHandleAccessor.invoke(DirectMethodHandleAccessor.java:103)
	at java.base/java.lang.reflect.Method.invoke(Method.java:580)
	at org.openqa.selenium.support.pagefactory.internal.LocatingElementHandler.invoke(LocatingElementHandler.java:51)
	at jdk.proxy2/jdk.proxy2.$Proxy14.click(Unknown Source)
	at lt.insoft.uztis.pages.InvitationsPage.clickButtonSave(InvitationsPage.java:536)
	at lt.insoft.uztis.tests.InvitationsPageTest.testInsertVuiStatisticInformation(InvitationsPageTest.java:312)
	at java.base/jdk.internal.reflect.DirectMethodHandleAccessor.invoke(DirectMethodHandleAccessor.java:103)
	at java.base/java.lang.reflect.Method.invoke(Method.java:580)
	at org.junit.platform.commons.util.ReflectionUtils.invokeMethod(ReflectionUtils.java:728)
	at org.junit.jupiter.engine.execution.MethodInvocation.proceed(MethodInvocation.java:60)
	at org.junit.jupiter.engine.execution.InvocationInterceptorChain$ValidatingInvocation.proceed(InvocationInterceptorChain.java:131)
	at org.junit.jupiter.engine.extension.TimeoutExtension.intercept(TimeoutExtension.java:156)
	at org.junit.jupiter.engine.extension.TimeoutExtension.interceptTestableMethod(TimeoutExtension.java:147)
	at org.junit.jupiter.engine.extension.TimeoutExtension.interceptTestMethod(TimeoutExtension.java:86)
	at org.junit.jupiter.engine.execution.InterceptingExecutableInvoker$ReflectiveInterceptorCall.lambda$ofVoidMethod$0(InterceptingExecutableInvoker.java:103)
	at org.junit.jupiter.engine.execution.InterceptingExecutableInvoker.lambda$invoke$0(InterceptingExecutableInvoker.java:93)
	at org.junit.jupiter.engine.execution.InvocationInterceptorChain$InterceptedInvocation.proceed(InvocationInterceptorChain.java:106)
	at org.junit.jupiter.engine.execution.InvocationInterceptorChain.proceed(InvocationInterceptorChain.java:64)
	at org.junit.jupiter.engine.execution.InvocationInterceptorChain.chainAndInvoke(InvocationInterceptorChain.java:45)
	at org.junit.jupiter.engine.execution.InvocationInterceptorChain.invoke(InvocationInterceptorChain.java:37)
	at org.junit.jupiter.engine.execution.InterceptingExecutableInvoker.invoke(InterceptingExecutableInvoker.java:92)
	at org.junit.jupiter.engine.execution.InterceptingExecutableInvoker.invoke(InterceptingExecutableInvoker.java:86)
	at org.junit.jupiter.engine.descriptor.TestMethodTestDescriptor.lambda$invokeTestMethod$7(TestMethodTestDescriptor.java:218)
	at org.junit.platform.engine.support.hierarchical.ThrowableCollector.execute(ThrowableCollector.java:73)
	at org.junit.jupiter.engine.descriptor.TestMethodTestDescriptor.invokeTestMethod(TestMethodTestDescriptor.java:214)
	at org.junit.jupiter.engine.descriptor.TestMethodTestDescriptor.execute(TestMethodTestDescriptor.java:139)
	at org.junit.jupiter.engine.descriptor.TestMethodTestDescriptor.execute(TestMethodTestDescriptor.java:69)
	at org.junit.platform.engine.support.hierarchical.NodeTestTask.lambda$executeRecursively$6(NodeTestTask.java:151)
	at org.junit.platform.engine.support.hierarchical.ThrowableCollector.execute(ThrowableCollector.java:73)
	at org.junit.platform.engine.support.hierarchical.NodeTestTask.lambda$executeRecursively$8(NodeTestTask.java:141)
	at org.junit.platform.engine.support.hierarchical.Node.around(Node.java:137)
	at org.junit.platform.engine.support.hierarchical.NodeTestTask.lambda$executeRecursively$9(NodeTestTask.java:139)
	at org.junit.platform.engine.support.hierarchical.ThrowableCollector.execute(ThrowableCollector.java:73)
	at org.junit.platform.engine.support.hierarchical.NodeTestTask.executeRecursively(NodeTestTask.java:138)
	at org.junit.platform.engine.support.hierarchical.NodeTestTask.execute(NodeTestTask.java:95)
	at java.base/java.util.ArrayList.forEach(ArrayList.java:1596)
	at org.junit.platform.engine.support.hierarchical.SameThreadHierarchicalTestExecutorService.invokeAll(SameThreadHierarchicalTestExecutorService.java:41)
	at org.junit.platform.engine.support.hierarchical.NodeTestTask.lambda$executeRecursively$6(NodeTestTask.java:155)
	at org.junit.platform.engine.support.hierarchical.ThrowableCollector.execute(ThrowableCollector.java:73)
	at org.junit.platform.engine.support.hierarchical.NodeTestTask.lambda$executeRecursively$8(NodeTestTask.java:141)
	at org.junit.platform.engine.support.hierarchical.Node.around(Node.java:137)
	at org.junit.platform.engine.support.hierarchical.NodeTestTask.lambda$executeRecursively$9(NodeTestTask.java:139)
	at org.junit.platform.engine.support.hierarchical.ThrowableCollector.execute(ThrowableCollector.java:73)
	at org.junit.platform.engine.support.hierarchical.NodeTestTask.executeRecursively(NodeTestTask.java:138)
	at org.junit.platform.engine.support.hierarchical.NodeTestTask.execute(NodeTestTask.java:95)
	at java.base/java.util.ArrayList.forEach(ArrayList.java:1596)
	at org.junit.platform.engine.support.hierarchical.SameThreadHierarchicalTestExecutorService.invokeAll(SameThreadHierarchicalTestExecutorService.java:41)
	at org.junit.platform.engine.support.hierarchical.NodeTestTask.lambda$executeRecursively$6(NodeTestTask.java:155)
	at org.junit.platform.engine.support.hierarchical.ThrowableCollector.execute(ThrowableCollector.java:73)
	at org.junit.platform.engine.support.hierarchical.NodeTestTask.lambda$executeRecursively$8(NodeTestTask.java:141)
	at org.junit.platform.engine.support.hierarchical.Node.around(Node.java:137)
	at org.junit.platform.engine.support.hierarchical.NodeTestTask.lambda$executeRecursively$9(NodeTestTask.java:139)
	at org.junit.platform.engine.support.hierarchical.ThrowableCollector.execute(ThrowableCollector.java:73)
	at org.junit.platform.engine.support.hierarchical.NodeTestTask.executeRecursively(NodeTestTask.java:138)
	at org.junit.platform.engine.support.hierarchical.NodeTestTask.execute(NodeTestTask.java:95)
	at org.junit.platform.engine.support.hierarchical.SameThreadHierarchicalTestExecutorService.submit(SameThreadHierarchicalTestExecutorService.java:35)
	at org.junit.platform.engine.support.hierarchical.HierarchicalTestExecutor.execute(HierarchicalTestExecutor.java:57)
	at org.junit.platform.engine.support.hierarchical.HierarchicalTestEngine.execute(HierarchicalTestEngine.java:54)
	at org.junit.platform.launcher.core.EngineExecutionOrchestrator.execute(EngineExecutionOrchestrator.java:198)
	at org.junit.platform.launcher.core.EngineExecutionOrchestrator.execute(EngineExecutionOrchestrator.java:169)
	at org.junit.platform.launcher.core.EngineExecutionOrchestrator.execute(EngineExecutionOrchestrator.java:93)
	at org.junit.platform.launcher.core.EngineExecutionOrchestrator.lambda$execute$0(EngineExecutionOrchestrator.java:58)
	at org.junit.platform.launcher.core.EngineExecutionOrchestrator.withInterceptedStreams(EngineExecutionOrchestrator.java:141)
	at org.junit.platform.launcher.core.EngineExecutionOrchestrator.execute(EngineExecutionOrchestrator.java:57)
	at org.junit.platform.launcher.core.DefaultLauncher.execute(DefaultLauncher.java:103)
	at org.junit.platform.launcher.core.DefaultLauncher.execute(DefaultLauncher.java:85)
	at org.junit.platform.launcher.core.DelegatingLauncher.execute(DelegatingLauncher.java:47)
	at org.junit.platform.launcher.core.SessionPerRequestLauncher.execute(SessionPerRequestLauncher.java:63)
	at com.intellij.junit5.JUnit5IdeaTestRunner.startRunnerWithArgs(JUnit5IdeaTestRunner.java:57)
	at com.intellij.rt.junit.IdeaTestRunner$Repeater$1.execute(IdeaTestRunner.java:38)
	at com.intellij.rt.execution.junit.TestsRepeater.repeat(TestsRepeater.java:11)
	at com.intellij.rt.junit.IdeaTestRunner$Repeater.startRunnerWithArgs(IdeaTestRunner.java:35)
	at com.intellij.rt.junit.JUnitStarter.prepareStreamsAndStart(JUnitStarter.java:232)
	at com.intellij.rt.junit.JUnitStarter.main(JUnitStarter.java:55)
2025-01-29 14:18:26 [main] INFO  l.insoft.uztis.tests.utils.TestUtils - Screenshot moved to C:\Users\ingrida.zadorozniene\Desktop\Asm\UZTIS\UZTIS_tests\test-output\screenshots\20250129\141826952_testInsertVuiStatisticInformation().png
2025-01-29 14:19:02 [main] INFO  lt.insoft.uztis.tests.UztisPageTest - Navigated to https://uztisdev.asseco.lt/home
2025-01-29 14:19:02 [main] INFO  l.i.uztis.tests.InvitationsPageTest - Starting test:'testInsertVuiStatisticInformation'
2025-01-29 14:19:02 [main] DEBUG l.i.uztis.tests.InvitationsPageTest - User logged in with test credentials
2025-01-29 14:19:03 [main] DEBUG l.i.uztis.tests.InvitationsPageTest - Opened 'Application Processing' menu.
2025-01-29 14:19:03 [main] DEBUG l.i.uztis.tests.InvitationsPageTest - Clicked on 'Application Forms' menu.
2025-01-29 14:19:03 [main] DEBUG l.i.uztis.tests.InvitationsPageTest - Navigating to invitation forms menu.
2025-01-29 14:19:03 [main] DEBUG l.i.uztis.tests.InvitationsPageTest - Retrieved last description code text: 'TST-PVK-13'.
2025-01-29 14:19:03 [main] DEBUG l.i.uztis.tests.InvitationsPageTest - Clicked on 'Invitation' menu.
2025-01-29 14:19:04 [main] DEBUG l.i.uztis.tests.InvitationsPageTest - Selected section by code: 'TST-PVK-13'.
2025-01-29 14:19:04 [main] DEBUG l.i.uztis.tests.InvitationsPageTest - Clicked 'Search'.
2025-01-29 14:19:04 [main] DEBUG l.i.uztis.tests.InvitationsPageTest - Getting and inserting application code text.
2025-01-29 14:19:04 [main] DEBUG l.i.uztis.tests.InvitationsPageTest - Clicked 'Publishing'.
2025-01-29 14:19:05 [main] DEBUG l.i.uztis.tests.InvitationsPageTest - Clicked 'Statistic Information' tab.
2025-01-29 14:19:05 [main] DEBUG l.i.uztis.tests.InvitationsPageTest - Clicked 'Edit' button.
2025-01-29 14:19:06 [main] DEBUG l.i.uztis.tests.InvitationsPageTest - Entered current date.
2025-01-29 14:19:06 [main] DEBUG l.i.uztis.tests.InvitationsPageTest - Entered value: 8.7
2025-01-29 14:19:06 [main] DEBUG l.i.uztis.tests.InvitationsPageTest - Entered average salary: 2237.9
2025-01-29 14:19:06 [main] DEBUG l.i.uztis.tests.InvitationsPageTest - File uploaded.
2025-01-29 14:19:07 [main] ERROR l.i.uztis.tests.InvitationsPageTest - Test 'testInsertVuiStatisticInformation' failed with error: element click intercepted: Element <button type="submit" class="btn btn--primary">...</button> is not clickable at point (1823, 1006). Other element would receive the click: <div class="cdk-overlay-backdrop cdk-overlay-dark-backdrop cdk-overlay-backdrop-showing"></div>
  (Session info: chrome=132.0.6834.111)
Build info: version: '4.27.0', revision: 'd6e718d134'
System info: os.name: 'Windows 11', os.arch: 'amd64', os.version: '10.0', java.version: '21.0.3'
Driver info: org.openqa.selenium.chrome.ChromeDriver
Command: [308b8bb648200476a7bd41ea94fa7597, clickElement {id=f.0EF44FF7AF6CC0E4D2A8A5A87CEC698A.d.9BBDBAF87ED56627ACF359A3616602CA.e.324}]
Capabilities {acceptInsecureCerts: false, browserName: chrome, browserVersion: 132.0.6834.111, chrome: {chromedriverVersion: 132.0.6834.159 (2d77d3fc445..., userDataDir: C:\Users\INGRID~1.ZAD\AppDa...}, fedcm:accounts: true, goog:chromeOptions: {debuggerAddress: localhost:60024}, networkConnectionEnabled: false, pageLoadStrategy: normal, platformName: windows, proxy: Proxy(), se:cdp: ws://localhost:60024/devtoo..., se:cdpVersion: 132.0.6834.111, setWindowRect: true, strictFileInteractability: false, timeouts: {implicit: 0, pageLoad: 300000, script: 30000}, unhandledPromptBehavior: dismiss and notify, webauthn:extension:credBlob: true, webauthn:extension:largeBlob: true, webauthn:extension:minPinLength: true, webauthn:extension:prf: true, webauthn:virtualAuthenticators: true}
Element: [[ChromeDriver: chrome on windows (308b8bb648200476a7bd41ea94fa7597)] -> css selector: common-button:nth-of-type(2) > .btn.btn--primary]
Session ID: 308b8bb648200476a7bd41ea94fa7597
org.openqa.selenium.ElementClickInterceptedException: element click intercepted: Element <button type="submit" class="btn btn--primary">...</button> is not clickable at point (1823, 1006). Other element would receive the click: <div class="cdk-overlay-backdrop cdk-overlay-dark-backdrop cdk-overlay-backdrop-showing"></div>
  (Session info: chrome=132.0.6834.111)
Build info: version: '4.27.0', revision: 'd6e718d134'
System info: os.name: 'Windows 11', os.arch: 'amd64', os.version: '10.0', java.version: '21.0.3'
Driver info: org.openqa.selenium.chrome.ChromeDriver
Command: [308b8bb648200476a7bd41ea94fa7597, clickElement {id=f.0EF44FF7AF6CC0E4D2A8A5A87CEC698A.d.9BBDBAF87ED56627ACF359A3616602CA.e.324}]
Capabilities {acceptInsecureCerts: false, browserName: chrome, browserVersion: 132.0.6834.111, chrome: {chromedriverVersion: 132.0.6834.159 (2d77d3fc445..., userDataDir: C:\Users\INGRID~1.ZAD\AppDa...}, fedcm:accounts: true, goog:chromeOptions: {debuggerAddress: localhost:60024}, networkConnectionEnabled: false, pageLoadStrategy: normal, platformName: windows, proxy: Proxy(), se:cdp: ws://localhost:60024/devtoo..., se:cdpVersion: 132.0.6834.111, setWindowRect: true, strictFileInteractability: false, timeouts: {implicit: 0, pageLoad: 300000, script: 30000}, unhandledPromptBehavior: dismiss and notify, webauthn:extension:credBlob: true, webauthn:extension:largeBlob: true, webauthn:extension:minPinLength: true, webauthn:extension:prf: true, webauthn:virtualAuthenticators: true}
Element: [[ChromeDriver: chrome on windows (308b8bb648200476a7bd41ea94fa7597)] -> css selector: common-button:nth-of-type(2) > .btn.btn--primary]
Session ID: 308b8bb648200476a7bd41ea94fa7597
	at java.base/jdk.internal.reflect.DirectConstructorHandleAccessor.newInstance(DirectConstructorHandleAccessor.java:62)
	at java.base/java.lang.reflect.Constructor.newInstanceWithCaller(Constructor.java:502)
	at java.base/java.lang.reflect.Constructor.newInstance(Constructor.java:486)
	at org.openqa.selenium.remote.ErrorCodec.decode(ErrorCodec.java:167)
	at org.openqa.selenium.remote.codec.w3c.W3CHttpResponseCodec.decode(W3CHttpResponseCodec.java:138)
	at org.openqa.selenium.remote.codec.w3c.W3CHttpResponseCodec.decode(W3CHttpResponseCodec.java:50)
	at org.openqa.selenium.remote.HttpCommandExecutor.execute(HttpCommandExecutor.java:190)
	at org.openqa.selenium.remote.service.DriverCommandExecutor.invokeExecute(DriverCommandExecutor.java:216)
	at org.openqa.selenium.remote.service.DriverCommandExecutor.execute(DriverCommandExecutor.java:174)
	at org.openqa.selenium.remote.RemoteWebDriver.execute(RemoteWebDriver.java:545)
	at org.openqa.selenium.remote.RemoteWebElement.execute(RemoteWebElement.java:223)
	at org.openqa.selenium.remote.RemoteWebElement.click(RemoteWebElement.java:76)
	at java.base/jdk.internal.reflect.DirectMethodHandleAccessor.invoke(DirectMethodHandleAccessor.java:103)
	at java.base/java.lang.reflect.Method.invoke(Method.java:580)
	at org.openqa.selenium.support.pagefactory.internal.LocatingElementHandler.invoke(LocatingElementHandler.java:51)
	at jdk.proxy2/jdk.proxy2.$Proxy14.click(Unknown Source)
	at lt.insoft.uztis.pages.InvitationsPage.clickButtonSave(InvitationsPage.java:536)
	at lt.insoft.uztis.tests.InvitationsPageTest.testInsertVuiStatisticInformation(InvitationsPageTest.java:312)
	at java.base/jdk.internal.reflect.DirectMethodHandleAccessor.invoke(DirectMethodHandleAccessor.java:103)
	at java.base/java.lang.reflect.Method.invoke(Method.java:580)
	at org.junit.platform.commons.util.ReflectionUtils.invokeMethod(ReflectionUtils.java:728)
	at org.junit.jupiter.engine.execution.MethodInvocation.proceed(MethodInvocation.java:60)
	at org.junit.jupiter.engine.execution.InvocationInterceptorChain$ValidatingInvocation.proceed(InvocationInterceptorChain.java:131)
	at org.junit.jupiter.engine.extension.TimeoutExtension.intercept(TimeoutExtension.java:156)
	at org.junit.jupiter.engine.extension.TimeoutExtension.interceptTestableMethod(TimeoutExtension.java:147)
	at org.junit.jupiter.engine.extension.TimeoutExtension.interceptTestMethod(TimeoutExtension.java:86)
	at org.junit.jupiter.engine.execution.InterceptingExecutableInvoker$ReflectiveInterceptorCall.lambda$ofVoidMethod$0(InterceptingExecutableInvoker.java:103)
	at org.junit.jupiter.engine.execution.InterceptingExecutableInvoker.lambda$invoke$0(InterceptingExecutableInvoker.java:93)
	at org.junit.jupiter.engine.execution.InvocationInterceptorChain$InterceptedInvocation.proceed(InvocationInterceptorChain.java:106)
	at org.junit.jupiter.engine.execution.InvocationInterceptorChain.proceed(InvocationInterceptorChain.java:64)
	at org.junit.jupiter.engine.execution.InvocationInterceptorChain.chainAndInvoke(InvocationInterceptorChain.java:45)
	at org.junit.jupiter.engine.execution.InvocationInterceptorChain.invoke(InvocationInterceptorChain.java:37)
	at org.junit.jupiter.engine.execution.InterceptingExecutableInvoker.invoke(InterceptingExecutableInvoker.java:92)
	at org.junit.jupiter.engine.execution.InterceptingExecutableInvoker.invoke(InterceptingExecutableInvoker.java:86)
	at org.junit.jupiter.engine.descriptor.TestMethodTestDescriptor.lambda$invokeTestMethod$7(TestMethodTestDescriptor.java:218)
	at org.junit.platform.engine.support.hierarchical.ThrowableCollector.execute(ThrowableCollector.java:73)
	at org.junit.jupiter.engine.descriptor.TestMethodTestDescriptor.invokeTestMethod(TestMethodTestDescriptor.java:214)
	at org.junit.jupiter.engine.descriptor.TestMethodTestDescriptor.execute(TestMethodTestDescriptor.java:139)
	at org.junit.jupiter.engine.descriptor.TestMethodTestDescriptor.execute(TestMethodTestDescriptor.java:69)
	at org.junit.platform.engine.support.hierarchical.NodeTestTask.lambda$executeRecursively$6(NodeTestTask.java:151)
	at org.junit.platform.engine.support.hierarchical.ThrowableCollector.execute(ThrowableCollector.java:73)
	at org.junit.platform.engine.support.hierarchical.NodeTestTask.lambda$executeRecursively$8(NodeTestTask.java:141)
	at org.junit.platform.engine.support.hierarchical.Node.around(Node.java:137)
	at org.junit.platform.engine.support.hierarchical.NodeTestTask.lambda$executeRecursively$9(NodeTestTask.java:139)
	at org.junit.platform.engine.support.hierarchical.ThrowableCollector.execute(ThrowableCollector.java:73)
	at org.junit.platform.engine.support.hierarchical.NodeTestTask.executeRecursively(NodeTestTask.java:138)
	at org.junit.platform.engine.support.hierarchical.NodeTestTask.execute(NodeTestTask.java:95)
	at java.base/java.util.ArrayList.forEach(ArrayList.java:1596)
	at org.junit.platform.engine.support.hierarchical.SameThreadHierarchicalTestExecutorService.invokeAll(SameThreadHierarchicalTestExecutorService.java:41)
	at org.junit.platform.engine.support.hierarchical.NodeTestTask.lambda$executeRecursively$6(NodeTestTask.java:155)
	at org.junit.platform.engine.support.hierarchical.ThrowableCollector.execute(ThrowableCollector.java:73)
	at org.junit.platform.engine.support.hierarchical.NodeTestTask.lambda$executeRecursively$8(NodeTestTask.java:141)
	at org.junit.platform.engine.support.hierarchical.Node.around(Node.java:137)
	at org.junit.platform.engine.support.hierarchical.NodeTestTask.lambda$executeRecursively$9(NodeTestTask.java:139)
	at org.junit.platform.engine.support.hierarchical.ThrowableCollector.execute(ThrowableCollector.java:73)
	at org.junit.platform.engine.support.hierarchical.NodeTestTask.executeRecursively(NodeTestTask.java:138)
	at org.junit.platform.engine.support.hierarchical.NodeTestTask.execute(NodeTestTask.java:95)
	at java.base/java.util.ArrayList.forEach(ArrayList.java:1596)
	at org.junit.platform.engine.support.hierarchical.SameThreadHierarchicalTestExecutorService.invokeAll(SameThreadHierarchicalTestExecutorService.java:41)
	at org.junit.platform.engine.support.hierarchical.NodeTestTask.lambda$executeRecursively$6(NodeTestTask.java:155)
	at org.junit.platform.engine.support.hierarchical.ThrowableCollector.execute(ThrowableCollector.java:73)
	at org.junit.platform.engine.support.hierarchical.NodeTestTask.lambda$executeRecursively$8(NodeTestTask.java:141)
	at org.junit.platform.engine.support.hierarchical.Node.around(Node.java:137)
	at org.junit.platform.engine.support.hierarchical.NodeTestTask.lambda$executeRecursively$9(NodeTestTask.java:139)
	at org.junit.platform.engine.support.hierarchical.ThrowableCollector.execute(ThrowableCollector.java:73)
	at org.junit.platform.engine.support.hierarchical.NodeTestTask.executeRecursively(NodeTestTask.java:138)
	at org.junit.platform.engine.support.hierarchical.NodeTestTask.execute(NodeTestTask.java:95)
	at org.junit.platform.engine.support.hierarchical.SameThreadHierarchicalTestExecutorService.submit(SameThreadHierarchicalTestExecutorService.java:35)
	at org.junit.platform.engine.support.hierarchical.HierarchicalTestExecutor.execute(HierarchicalTestExecutor.java:57)
	at org.junit.platform.engine.support.hierarchical.HierarchicalTestEngine.execute(HierarchicalTestEngine.java:54)
	at org.junit.platform.launcher.core.EngineExecutionOrchestrator.execute(EngineExecutionOrchestrator.java:198)
	at org.junit.platform.launcher.core.EngineExecutionOrchestrator.execute(EngineExecutionOrchestrator.java:169)
	at org.junit.platform.launcher.core.EngineExecutionOrchestrator.execute(EngineExecutionOrchestrator.java:93)
	at org.junit.platform.launcher.core.EngineExecutionOrchestrator.lambda$execute$0(EngineExecutionOrchestrator.java:58)
	at org.junit.platform.launcher.core.EngineExecutionOrchestrator.withInterceptedStreams(EngineExecutionOrchestrator.java:141)
	at org.junit.platform.launcher.core.EngineExecutionOrchestrator.execute(EngineExecutionOrchestrator.java:57)
	at org.junit.platform.launcher.core.DefaultLauncher.execute(DefaultLauncher.java:103)
	at org.junit.platform.launcher.core.DefaultLauncher.execute(DefaultLauncher.java:85)
	at org.junit.platform.launcher.core.DelegatingLauncher.execute(DelegatingLauncher.java:47)
	at org.junit.platform.launcher.core.SessionPerRequestLauncher.execute(SessionPerRequestLauncher.java:63)
	at com.intellij.junit5.JUnit5IdeaTestRunner.startRunnerWithArgs(JUnit5IdeaTestRunner.java:57)
	at com.intellij.rt.junit.IdeaTestRunner$Repeater$1.execute(IdeaTestRunner.java:38)
	at com.intellij.rt.execution.junit.TestsRepeater.repeat(TestsRepeater.java:11)
	at com.intellij.rt.junit.IdeaTestRunner$Repeater.startRunnerWithArgs(IdeaTestRunner.java:35)
	at com.intellij.rt.junit.JUnitStarter.prepareStreamsAndStart(JUnitStarter.java:232)
	at com.intellij.rt.junit.JUnitStarter.main(JUnitStarter.java:55)
2025-01-29 14:19:08 [main] INFO  l.insoft.uztis.tests.utils.TestUtils - Screenshot moved to C:\Users\ingrida.zadorozniene\Desktop\Asm\UZTIS\UZTIS_tests\test-output\screenshots\20250129\141908093_testInsertVuiStatisticInformation().png
2025-01-30 08:46:50 [main] INFO  lt.insoft.uztis.tests.UztisPageTest - Navigated to https://uztisdev.asseco.lt/home
2025-01-30 08:46:50 [main] INFO  l.i.uztis.tests.InvitationsPageTest - Starting test:'testCreateNewPvkInvitation'
2025-01-30 08:46:51 [main] DEBUG l.i.uztis.tests.InvitationsPageTest - User logged in with test credentials
2025-01-30 08:46:51 [main] DEBUG l.i.uztis.tests.InvitationsPageTest - Opened 'Application Processing' menu.
2025-01-30 08:46:51 [main] DEBUG l.i.uztis.tests.InvitationsPageTest - Clicked on 'Application Forms' menu.
2025-01-30 08:46:51 [main] DEBUG l.i.uztis.tests.InvitationsPageTest - Navigating to application forms menu.
2025-01-30 08:46:51 [main] DEBUG l.i.uztis.tests.InvitationsPageTest - Retrieved last description code text: 'TST-PVK-13'.
2025-01-30 08:46:52 [main] DEBUG l.i.uztis.tests.InvitationsPageTest - Clicked on 'Invitation' menu.
2025-01-30 08:46:52 [main] DEBUG l.i.uztis.tests.InvitationsPageTest - Clicked 'Create New Application Form'.
2025-01-30 08:46:52 [main] DEBUG l.i.uztis.tests.InvitationsPageTest - Selected section by code: 'TST-PVK-13'.
2025-01-30 08:46:53 [main] DEBUG l.i.uztis.tests.InvitationsPageTest - Selected invitation number from the list.
2025-01-30 08:46:53 [main] DEBUG l.i.uztis.tests.InvitationsPageTest - Entered current date.
2025-01-30 08:46:54 [main] DEBUG l.i.uztis.tests.InvitationsPageTest - Entered start time: 00:00.
2025-01-30 08:46:54 [main] DEBUG l.i.uztis.tests.InvitationsPageTest - Entered end date.
2025-01-30 08:46:54 [main] DEBUG l.i.uztis.tests.InvitationsPageTest - Entered end time: 11:11.
2025-01-30 08:46:55 [main] DEBUG l.i.uztis.tests.InvitationsPageTest - Entered publication end date.
2025-01-30 08:46:55 [main] DEBUG l.i.uztis.tests.InvitationsPageTest - Added additional values.
2025-01-30 08:46:55 [main] INFO  l.insoft.uztis.pages.InvitationsPage - Located the dropdown button.
2025-01-30 08:46:56 [main] DEBUG l.i.uztis.tests.InvitationsPageTest - Selected the value: 'Didžiausia galima paramos suma aplinkos darbo vietai, Eur'
2025-01-30 08:46:56 [main] INFO  l.insoft.uztis.pages.InvitationsPage - Located the dropdown button.
2025-01-30 08:46:56 [main] DEBUG l.i.uztis.tests.InvitationsPageTest - Selected the value: 'Didžiausia galima paramos suma, Eur'
2025-01-30 08:46:56 [main] INFO  l.insoft.uztis.pages.InvitationsPage - Located the dropdown button.
2025-01-30 08:46:57 [main] DEBUG l.i.uztis.tests.InvitationsPageTest - Selected the value: 'Didžiausia galima paramos suma vienai darbo vietai, Eur'
2025-01-30 08:46:57 [main] DEBUG l.i.uztis.tests.InvitationsPageTest - Entered value: 11000
2025-01-30 08:46:57 [main] DEBUG l.i.uztis.tests.InvitationsPageTest - Entered value: 12000
2025-01-30 08:46:58 [main] DEBUG l.i.uztis.tests.InvitationsPageTest - Entered value: 13000
2025-01-30 08:46:58 [main] DEBUG l.i.uztis.tests.InvitationsPageTest - Checked 'Legal Entities' checkbox.
2025-01-30 08:46:58 [main] DEBUG l.i.uztis.tests.InvitationsPageTest - Unchecked 'Persons Registered with Employment Service' checkbox.
2025-01-30 08:46:58 [main] DEBUG l.i.uztis.tests.InvitationsPageTest - Checked 'Persons Registered as Employers' checkbox.
2025-01-30 08:46:58 [main] DEBUG l.i.uztis.tests.InvitationsPageTest - Entered second evaluation grade: '5'.
2025-01-30 08:46:58 [main] DEBUG l.i.uztis.tests.InvitationsPageTest - Entered third evaluation grade: '6'.
2025-01-30 08:46:58 [main] DEBUG l.i.uztis.tests.InvitationsPageTest - Entered second evaluation grade weight: '0,45'.
2025-01-30 08:46:58 [main] DEBUG l.i.uztis.tests.InvitationsPageTest - Entered third evaluation grade weight: '0,55'.
2025-01-30 08:46:59 [main] DEBUG l.i.uztis.tests.InvitationsPageTest - Entered budget: '2000'.
2025-01-30 08:46:59 [main] DEBUG l.i.uztis.tests.InvitationsPageTest - Entered budget: '2000'.
2025-01-30 08:46:59 [main] DEBUG l.i.uztis.tests.InvitationsPageTest - Entered budget: '2000'.
2025-01-30 08:46:59 [main] DEBUG l.i.uztis.tests.InvitationsPageTest - Entered budget: '2000'.
2025-01-30 08:46:59 [main] DEBUG l.i.uztis.tests.InvitationsPageTest - Entered budget: '2000'.
2025-01-30 08:46:59 [main] DEBUG l.i.uztis.tests.InvitationsPageTest - Entered description text: 'Aprašo tekstas'.
2025-01-30 08:46:59 [main] DEBUG l.i.uztis.tests.InvitationsPageTest - Entered applicants text: 'Pareiškėjų tekstas'.
2025-01-30 08:46:59 [main] DEBUG l.i.uztis.tests.InvitationsPageTest - Entered expenditures text: 'Išlaidų tekstas'.
2025-01-30 08:47:00 [main] DEBUG l.i.uztis.tests.InvitationsPageTest - Entered legislation text: 'Teisės aktų tekstas'.
2025-01-30 08:47:00 [main] DEBUG l.i.uztis.tests.InvitationsPageTest - Entered education text: 'Mokymų tekstas'.
2025-01-30 08:47:00 [main] DEBUG l.i.uztis.tests.InvitationsPageTest - File uploaded.
2025-01-30 08:47:00 [main] DEBUG l.i.uztis.tests.InvitationsPageTest - Clicked 'Publish'.
2025-01-30 08:47:00 [main] DEBUG l.i.uztis.tests.InvitationsPageTest - Publication confirmed.
2025-01-30 08:47:02 [main] DEBUG l.i.uztis.tests.InvitationsPageTest - Verified success message: 'Funkcija sėkmingai atlikta.'
2025-01-30 08:47:02 [main] INFO  l.i.uztis.tests.InvitationsPageTest - Test 'testCreateNewPvkInvitation' completed successfully.
2025-01-30 10:47:49 [main] INFO  lt.insoft.uztis.tests.UztisPageTest - Navigated to https://uztisdev.asseco.lt/home
2025-01-30 10:47:49 [main] INFO  l.i.uztis.tests.InvitationsPageTest - Starting test:'testCreateNewPvkInvitation'
2025-01-30 10:47:50 [main] DEBUG l.i.uztis.tests.InvitationsPageTest - User logged in with test credentials
2025-01-30 10:47:50 [main] DEBUG l.i.uztis.tests.InvitationsPageTest - Opened 'Application Processing' menu.
2025-01-30 10:47:50 [main] DEBUG l.i.uztis.tests.InvitationsPageTest - Clicked on 'Application Forms' menu.
2025-01-30 10:47:50 [main] DEBUG l.i.uztis.tests.InvitationsPageTest - Navigating to application forms menu.
2025-01-30 10:47:50 [main] DEBUG l.i.uztis.tests.InvitationsPageTest - Retrieved last description code text: 'TST-PVK-13'.
2025-01-30 10:47:51 [main] DEBUG l.i.uztis.tests.InvitationsPageTest - Clicked on 'Invitation' menu.
2025-01-30 10:47:51 [main] DEBUG l.i.uztis.tests.InvitationsPageTest - Clicked 'Create New Application Form'.
2025-01-30 10:47:51 [main] DEBUG l.i.uztis.tests.InvitationsPageTest - Selected section by code: 'TST-PVK-13'.
2025-01-30 10:47:51 [main] INFO  l.insoft.uztis.pages.InvitationsPage - Located the dropdown button.
2025-01-30 10:48:03 [main] ERROR l.insoft.uztis.pages.InvitationsPage - Timeout while waiting for dropdown to close with aria-expanded = 'false'.
2025-01-30 10:48:03 [main] DEBUG l.i.uztis.tests.InvitationsPageTest - Selected invitation number from the list.
2025-01-30 10:48:03 [main] DEBUG l.i.uztis.tests.InvitationsPageTest - Entered current date.
2025-01-30 10:48:04 [main] DEBUG l.i.uztis.tests.InvitationsPageTest - Entered start time: 00:00.
2025-01-30 10:48:04 [main] DEBUG l.i.uztis.tests.InvitationsPageTest - Entered end date.
2025-01-30 10:48:04 [main] DEBUG l.i.uztis.tests.InvitationsPageTest - Entered end time: 11:11.
2025-01-30 10:48:05 [main] DEBUG l.i.uztis.tests.InvitationsPageTest - Entered publication end date.
2025-01-30 10:48:05 [main] DEBUG l.i.uztis.tests.InvitationsPageTest - Added additional values.
2025-01-30 10:48:05 [main] INFO  l.insoft.uztis.pages.InvitationsPage - Located the dropdown button.
2025-01-30 10:48:06 [main] DEBUG l.i.uztis.tests.InvitationsPageTest - Selected the value: 'Didžiausia galima paramos suma aplinkos darbo vietai, Eur'
2025-01-30 10:48:06 [main] INFO  l.insoft.uztis.pages.InvitationsPage - Located the dropdown button.
2025-01-30 10:48:07 [main] DEBUG l.i.uztis.tests.InvitationsPageTest - Selected the value: 'Didžiausia galima paramos suma, Eur'
2025-01-30 10:48:07 [main] INFO  l.insoft.uztis.pages.InvitationsPage - Located the dropdown button.
2025-01-30 10:48:07 [main] DEBUG l.i.uztis.tests.InvitationsPageTest - Selected the value: 'Didžiausia galima paramos suma vienai darbo vietai, Eur'
2025-01-30 10:48:08 [main] DEBUG l.i.uztis.tests.InvitationsPageTest - Entered value: 11000
2025-01-30 10:48:08 [main] DEBUG l.i.uztis.tests.InvitationsPageTest - Entered value: 12000
2025-01-30 10:48:08 [main] DEBUG l.i.uztis.tests.InvitationsPageTest - Entered value: 13000
2025-01-30 10:48:08 [main] DEBUG l.i.uztis.tests.InvitationsPageTest - Checked 'Legal Entities' checkbox.
2025-01-30 10:48:08 [main] DEBUG l.i.uztis.tests.InvitationsPageTest - Unchecked 'Persons Registered with Employment Service' checkbox.
2025-01-30 10:48:08 [main] DEBUG l.i.uztis.tests.InvitationsPageTest - Checked 'Persons Registered as Employers' checkbox.
2025-01-30 10:48:08 [main] DEBUG l.i.uztis.tests.InvitationsPageTest - Entered second evaluation grade: '5'.
2025-01-30 10:48:08 [main] DEBUG l.i.uztis.tests.InvitationsPageTest - Entered third evaluation grade: '6'.
2025-01-30 10:48:09 [main] DEBUG l.i.uztis.tests.InvitationsPageTest - Entered second evaluation grade weight: '0,45'.
2025-01-30 10:48:09 [main] DEBUG l.i.uztis.tests.InvitationsPageTest - Entered third evaluation grade weight: '0,55'.
2025-01-30 10:48:09 [main] DEBUG l.i.uztis.tests.InvitationsPageTest - Entered budget: '2000'.
2025-01-30 10:48:09 [main] DEBUG l.i.uztis.tests.InvitationsPageTest - Entered budget: '2000'.
2025-01-30 10:48:09 [main] DEBUG l.i.uztis.tests.InvitationsPageTest - Entered budget: '2000'.
2025-01-30 10:48:09 [main] DEBUG l.i.uztis.tests.InvitationsPageTest - Entered budget: '2000'.
2025-01-30 10:48:09 [main] DEBUG l.i.uztis.tests.InvitationsPageTest - Entered budget: '2000'.
2025-01-30 10:48:09 [main] DEBUG l.i.uztis.tests.InvitationsPageTest - Entered description text: 'Aprašo tekstas'.
2025-01-30 10:48:09 [main] DEBUG l.i.uztis.tests.InvitationsPageTest - Entered applicants text: 'Pareiškėjų tekstas'.
2025-01-30 10:48:10 [main] DEBUG l.i.uztis.tests.InvitationsPageTest - Entered expenditures text: 'Išlaidų tekstas'.
2025-01-30 10:48:10 [main] DEBUG l.i.uztis.tests.InvitationsPageTest - Entered legislation text: 'Teisės aktų tekstas'.
2025-01-30 10:48:10 [main] DEBUG l.i.uztis.tests.InvitationsPageTest - Entered education text: 'Mokymų tekstas'.
2025-01-30 10:48:10 [main] DEBUG l.i.uztis.tests.InvitationsPageTest - File uploaded.
2025-01-30 10:48:10 [main] DEBUG l.i.uztis.tests.InvitationsPageTest - Clicked 'Publish'.
2025-01-30 10:48:10 [main] DEBUG l.i.uztis.tests.InvitationsPageTest - Publication confirmed.
2025-01-30 10:48:12 [main] DEBUG l.i.uztis.tests.InvitationsPageTest - Verified success message: 'Funkcija sėkmingai atlikta.'
2025-01-30 10:48:12 [main] INFO  l.i.uztis.tests.InvitationsPageTest - Test 'testCreateNewPvkInvitation' completed successfully.
2025-01-30 12:19:45 [main] INFO  lt.insoft.uztis.tests.UztisPageTest - Navigated to https://uztisdev.asseco.lt/home
2025-01-30 12:19:45 [main] INFO  l.i.u.t.SubmittedApplicationsPageTest - Starting test:'testFillNewApplication'
2025-01-30 12:19:45 [main] DEBUG l.i.u.t.SubmittedApplicationsPageTest - User logged in with test credentials
2025-01-30 12:19:46 [main] DEBUG l.i.u.t.SubmittedApplicationsPageTest - Opened 'Application Processing' menu.
2025-01-30 12:19:46 [main] DEBUG l.i.u.t.SubmittedApplicationsPageTest - Clicked on 'Application Forms' menu.
2025-01-30 12:19:46 [main] DEBUG l.i.u.t.SubmittedApplicationsPageTest - Retrieved last description code text: 'TST-VUI-27'.
2025-01-30 12:19:46 [main] DEBUG l.i.u.t.SubmittedApplicationsPageTest - Clicked on 'Invitation' menu.
2025-01-30 12:19:47 [main] DEBUG l.i.u.t.SubmittedApplicationsPageTest - Selected application section by code: 'TST-VUI-27'.
2025-01-30 12:19:47 [main] DEBUG l.i.u.t.SubmittedApplicationsPageTest - Clicked 'Search' button.
2025-01-30 12:19:47 [main] DEBUG l.i.u.t.SubmittedApplicationsPageTest - Retrieved invitation code: ''.
2025-01-30 12:19:47 [main] DEBUG l.i.u.t.SubmittedApplicationsPageTest - Clicked on 'Submitted Applications' menu.
2025-01-30 12:19:48 [main] DEBUG l.i.u.t.SubmittedApplicationsPageTest - Selected invitation by code: 'TST-VUI-27'.
2025-01-30 12:19:48 [main] DEBUG l.i.u.t.SubmittedApplicationsPageTest - Clicked on 'Action Application' button.
2025-01-30 12:19:48 [main] DEBUG l.i.u.t.SubmittedApplicationsPageTest - Clicked on 'New Application' button.
2025-01-30 12:19:49 [main] DEBUG l.i.u.t.SubmittedApplicationsPageTest - Clicked on 'RadioButtonFA' button.
2025-01-30 12:19:49 [main] DEBUG l.i.u.t.SubmittedApplicationsPageTest - Entered phone number into the input field.
2025-01-30 12:19:49 [main] DEBUG l.i.u.t.SubmittedApplicationsPageTest - Entered eMail into the input field.
2025-01-30 12:19:49 [main] INFO  l.i.u.p.SubmittedApplicationsPage - Located the dropdown button.
2025-01-30 12:20:05 [main] INFO  l.i.u.p.SubmittedApplicationsPage - Found 1741 options in the dropdown.
2025-01-30 12:20:05 [main] INFO  l.i.u.p.SubmittedApplicationsPage - Successfully selected the value: '01.11 - Grūdinių (išskyrus ryžius), ankštinių ir aliejingų sėklų augalų auginimas'
2025-01-30 12:20:16 [main] ERROR l.i.u.p.SubmittedApplicationsPage - Failed to close the dropdown with aria-expanded = 'false'. Attempting manual close.
2025-01-30 12:20:16 [main] INFO  l.i.u.p.SubmittedApplicationsPage - Manual close attempt for the dropdown using body click.
2025-01-30 12:20:16 [main] DEBUG l.i.u.t.SubmittedApplicationsPageTest - Entered Address into the input field.
2025-01-30 12:20:16 [main] DEBUG l.i.u.t.SubmittedApplicationsPageTest - Entered Address into the input field.
2025-01-30 12:20:17 [main] INFO  l.i.u.p.SubmittedApplicationsPage - Located the dropdown button.
2025-01-30 12:20:18 [main] INFO  l.i.u.p.SubmittedApplicationsPage - Successfully selected the value: 'Administratoriai'
2025-01-30 12:20:28 [main] ERROR l.i.u.p.SubmittedApplicationsPage - Timeout while waiting for dropdown to close with aria-expanded = 'false'.
2025-01-30 12:20:28 [main] DEBUG l.i.u.t.SubmittedApplicationsPageTest - Selected the value: 'Administratoriai'
2025-01-30 12:20:28 [main] INFO  l.i.u.p.SubmittedApplicationsPage - Located the dropdown button.
2025-01-30 12:20:29 [main] INFO  l.i.u.p.SubmittedApplicationsPage - Successfully selected the value: 'Kita'
2025-01-30 12:20:39 [main] ERROR l.i.u.p.SubmittedApplicationsPage - Timeout while waiting for dropdown to close with aria-expanded = 'false'.
2025-01-30 12:20:39 [main] DEBUG l.i.u.t.SubmittedApplicationsPageTest - Selected the value: 'Kita'
2025-01-30 12:20:39 [main] DEBUG l.i.u.t.SubmittedApplicationsPageTest - Selected the value: '6 val. per dieną ir 4 d. per savaitę'
2025-01-30 12:20:40 [main] DEBUG l.i.u.t.SubmittedApplicationsPageTest - Entered Address into the input field.
2025-01-30 12:20:50 [main] ERROR l.i.u.t.SubmittedApplicationsPageTest - Test 'testFillNewApplication' failed with error: no such element: Unable to locate element: {"method":"xpath","selector":"//div[contains(@class, 'mat-mdc-form-field-infix')]//common-textarea//textarea[6]"}
  (Session info: chrome=132.0.6834.111)
For documentation on this error, please visit: https://www.selenium.dev/documentation/webdriver/troubleshooting/errors#no-such-element-exception
Build info: version: '4.27.0', revision: 'd6e718d134'
System info: os.name: 'Windows 11', os.arch: 'amd64', os.version: '10.0', java.version: '21.0.3'
Driver info: org.openqa.selenium.chrome.ChromeDriver
Command: [5321d6e18054e5f6a85e7f5ea93f9457, findElement {using=xpath, value=//div[contains(@class, 'mat-mdc-form-field-infix')]//common-textarea//textarea[6]}]
Capabilities {acceptInsecureCerts: false, browserName: chrome, browserVersion: 132.0.6834.111, chrome: {chromedriverVersion: 132.0.6834.159 (2d77d3fc445..., userDataDir: C:\Users\INGRID~1.ZAD\AppDa...}, fedcm:accounts: true, goog:chromeOptions: {debuggerAddress: localhost:63727}, networkConnectionEnabled: false, pageLoadStrategy: normal, platformName: windows, proxy: Proxy(), se:cdp: ws://localhost:63727/devtoo..., se:cdpVersion: 132.0.6834.111, setWindowRect: true, strictFileInteractability: false, timeouts: {implicit: 0, pageLoad: 300000, script: 30000}, unhandledPromptBehavior: dismiss and notify, webauthn:extension:credBlob: true, webauthn:extension:largeBlob: true, webauthn:extension:minPinLength: true, webauthn:extension:prf: true, webauthn:virtualAuthenticators: true}
Session ID: 5321d6e18054e5f6a85e7f5ea93f9457
org.openqa.selenium.NoSuchElementException: no such element: Unable to locate element: {"method":"xpath","selector":"//div[contains(@class, 'mat-mdc-form-field-infix')]//common-textarea//textarea[6]"}
  (Session info: chrome=132.0.6834.111)
For documentation on this error, please visit: https://www.selenium.dev/documentation/webdriver/troubleshooting/errors#no-such-element-exception
Build info: version: '4.27.0', revision: 'd6e718d134'
System info: os.name: 'Windows 11', os.arch: 'amd64', os.version: '10.0', java.version: '21.0.3'
Driver info: org.openqa.selenium.chrome.ChromeDriver
Command: [5321d6e18054e5f6a85e7f5ea93f9457, findElement {using=xpath, value=//div[contains(@class, 'mat-mdc-form-field-infix')]//common-textarea//textarea[6]}]
Capabilities {acceptInsecureCerts: false, browserName: chrome, browserVersion: 132.0.6834.111, chrome: {chromedriverVersion: 132.0.6834.159 (2d77d3fc445..., userDataDir: C:\Users\INGRID~1.ZAD\AppDa...}, fedcm:accounts: true, goog:chromeOptions: {debuggerAddress: localhost:63727}, networkConnectionEnabled: false, pageLoadStrategy: normal, platformName: windows, proxy: Proxy(), se:cdp: ws://localhost:63727/devtoo..., se:cdpVersion: 132.0.6834.111, setWindowRect: true, strictFileInteractability: false, timeouts: {implicit: 0, pageLoad: 300000, script: 30000}, unhandledPromptBehavior: dismiss and notify, webauthn:extension:credBlob: true, webauthn:extension:largeBlob: true, webauthn:extension:minPinLength: true, webauthn:extension:prf: true, webauthn:virtualAuthenticators: true}
Session ID: 5321d6e18054e5f6a85e7f5ea93f9457
	at java.base/jdk.internal.reflect.DirectConstructorHandleAccessor.newInstance(DirectConstructorHandleAccessor.java:62)
	at java.base/java.lang.reflect.Constructor.newInstanceWithCaller(Constructor.java:502)
	at java.base/java.lang.reflect.Constructor.newInstance(Constructor.java:486)
	at org.openqa.selenium.remote.ErrorCodec.decode(ErrorCodec.java:167)
	at org.openqa.selenium.remote.codec.w3c.W3CHttpResponseCodec.decode(W3CHttpResponseCodec.java:138)
	at org.openqa.selenium.remote.codec.w3c.W3CHttpResponseCodec.decode(W3CHttpResponseCodec.java:50)
	at org.openqa.selenium.remote.HttpCommandExecutor.execute(HttpCommandExecutor.java:190)
	at org.openqa.selenium.remote.service.DriverCommandExecutor.invokeExecute(DriverCommandExecutor.java:216)
	at org.openqa.selenium.remote.service.DriverCommandExecutor.execute(DriverCommandExecutor.java:174)
	at org.openqa.selenium.remote.RemoteWebDriver.execute(RemoteWebDriver.java:545)
	at org.openqa.selenium.remote.ElementLocation$ElementFinder$2.findElement(ElementLocation.java:165)
	at org.openqa.selenium.remote.ElementLocation.findElement(ElementLocation.java:59)
	at org.openqa.selenium.remote.RemoteWebDriver.findElement(RemoteWebDriver.java:368)
	at org.openqa.selenium.remote.RemoteWebDriver.findElement(RemoteWebDriver.java:362)
	at org.openqa.selenium.support.pagefactory.DefaultElementLocator.findElement(DefaultElementLocator.java:68)
	at org.openqa.selenium.support.pagefactory.internal.LocatingElementHandler.invoke(LocatingElementHandler.java:38)
	at jdk.proxy2/jdk.proxy2.$Proxy14.clear(Unknown Source)
	at lt.insoft.uztis.pages.SubmittedApplicationsPage.enterJobDescription(SubmittedApplicationsPage.java:484)
	at lt.insoft.uztis.tests.SubmittedApplicationsPageTest.testFillNewApplication(SubmittedApplicationsPageTest.java:208)
	at java.base/jdk.internal.reflect.DirectMethodHandleAccessor.invoke(DirectMethodHandleAccessor.java:103)
	at java.base/java.lang.reflect.Method.invoke(Method.java:580)
	at org.junit.platform.commons.util.ReflectionUtils.invokeMethod(ReflectionUtils.java:728)
	at org.junit.jupiter.engine.execution.MethodInvocation.proceed(MethodInvocation.java:60)
	at org.junit.jupiter.engine.execution.InvocationInterceptorChain$ValidatingInvocation.proceed(InvocationInterceptorChain.java:131)
	at org.junit.jupiter.engine.extension.TimeoutExtension.intercept(TimeoutExtension.java:156)
	at org.junit.jupiter.engine.extension.TimeoutExtension.interceptTestableMethod(TimeoutExtension.java:147)
	at org.junit.jupiter.engine.extension.TimeoutExtension.interceptTestMethod(TimeoutExtension.java:86)
	at org.junit.jupiter.engine.execution.InterceptingExecutableInvoker$ReflectiveInterceptorCall.lambda$ofVoidMethod$0(InterceptingExecutableInvoker.java:103)
	at org.junit.jupiter.engine.execution.InterceptingExecutableInvoker.lambda$invoke$0(InterceptingExecutableInvoker.java:93)
	at org.junit.jupiter.engine.execution.InvocationInterceptorChain$InterceptedInvocation.proceed(InvocationInterceptorChain.java:106)
	at org.junit.jupiter.engine.execution.InvocationInterceptorChain.proceed(InvocationInterceptorChain.java:64)
	at org.junit.jupiter.engine.execution.InvocationInterceptorChain.chainAndInvoke(InvocationInterceptorChain.java:45)
	at org.junit.jupiter.engine.execution.InvocationInterceptorChain.invoke(InvocationInterceptorChain.java:37)
	at org.junit.jupiter.engine.execution.InterceptingExecutableInvoker.invoke(InterceptingExecutableInvoker.java:92)
	at org.junit.jupiter.engine.execution.InterceptingExecutableInvoker.invoke(InterceptingExecutableInvoker.java:86)
	at org.junit.jupiter.engine.descriptor.TestMethodTestDescriptor.lambda$invokeTestMethod$7(TestMethodTestDescriptor.java:218)
	at org.junit.platform.engine.support.hierarchical.ThrowableCollector.execute(ThrowableCollector.java:73)
	at org.junit.jupiter.engine.descriptor.TestMethodTestDescriptor.invokeTestMethod(TestMethodTestDescriptor.java:214)
	at org.junit.jupiter.engine.descriptor.TestMethodTestDescriptor.execute(TestMethodTestDescriptor.java:139)
	at org.junit.jupiter.engine.descriptor.TestMethodTestDescriptor.execute(TestMethodTestDescriptor.java:69)
	at org.junit.platform.engine.support.hierarchical.NodeTestTask.lambda$executeRecursively$6(NodeTestTask.java:151)
	at org.junit.platform.engine.support.hierarchical.ThrowableCollector.execute(ThrowableCollector.java:73)
	at org.junit.platform.engine.support.hierarchical.NodeTestTask.lambda$executeRecursively$8(NodeTestTask.java:141)
	at org.junit.platform.engine.support.hierarchical.Node.around(Node.java:137)
	at org.junit.platform.engine.support.hierarchical.NodeTestTask.lambda$executeRecursively$9(NodeTestTask.java:139)
	at org.junit.platform.engine.support.hierarchical.ThrowableCollector.execute(ThrowableCollector.java:73)
	at org.junit.platform.engine.support.hierarchical.NodeTestTask.executeRecursively(NodeTestTask.java:138)
	at org.junit.platform.engine.support.hierarchical.NodeTestTask.execute(NodeTestTask.java:95)
	at java.base/java.util.ArrayList.forEach(ArrayList.java:1596)
	at org.junit.platform.engine.support.hierarchical.SameThreadHierarchicalTestExecutorService.invokeAll(SameThreadHierarchicalTestExecutorService.java:41)
	at org.junit.platform.engine.support.hierarchical.NodeTestTask.lambda$executeRecursively$6(NodeTestTask.java:155)
	at org.junit.platform.engine.support.hierarchical.ThrowableCollector.execute(ThrowableCollector.java:73)
	at org.junit.platform.engine.support.hierarchical.NodeTestTask.lambda$executeRecursively$8(NodeTestTask.java:141)
	at org.junit.platform.engine.support.hierarchical.Node.around(Node.java:137)
	at org.junit.platform.engine.support.hierarchical.NodeTestTask.lambda$executeRecursively$9(NodeTestTask.java:139)
	at org.junit.platform.engine.support.hierarchical.ThrowableCollector.execute(ThrowableCollector.java:73)
	at org.junit.platform.engine.support.hierarchical.NodeTestTask.executeRecursively(NodeTestTask.java:138)
	at org.junit.platform.engine.support.hierarchical.NodeTestTask.execute(NodeTestTask.java:95)
	at java.base/java.util.ArrayList.forEach(ArrayList.java:1596)
	at org.junit.platform.engine.support.hierarchical.SameThreadHierarchicalTestExecutorService.invokeAll(SameThreadHierarchicalTestExecutorService.java:41)
	at org.junit.platform.engine.support.hierarchical.NodeTestTask.lambda$executeRecursively$6(NodeTestTask.java:155)
	at org.junit.platform.engine.support.hierarchical.ThrowableCollector.execute(ThrowableCollector.java:73)
	at org.junit.platform.engine.support.hierarchical.NodeTestTask.lambda$executeRecursively$8(NodeTestTask.java:141)
	at org.junit.platform.engine.support.hierarchical.Node.around(Node.java:137)
	at org.junit.platform.engine.support.hierarchical.NodeTestTask.lambda$executeRecursively$9(NodeTestTask.java:139)
	at org.junit.platform.engine.support.hierarchical.ThrowableCollector.execute(ThrowableCollector.java:73)
	at org.junit.platform.engine.support.hierarchical.NodeTestTask.executeRecursively(NodeTestTask.java:138)
	at org.junit.platform.engine.support.hierarchical.NodeTestTask.execute(NodeTestTask.java:95)
	at org.junit.platform.engine.support.hierarchical.SameThreadHierarchicalTestExecutorService.submit(SameThreadHierarchicalTestExecutorService.java:35)
	at org.junit.platform.engine.support.hierarchical.HierarchicalTestExecutor.execute(HierarchicalTestExecutor.java:57)
	at org.junit.platform.engine.support.hierarchical.HierarchicalTestEngine.execute(HierarchicalTestEngine.java:54)
	at org.junit.platform.launcher.core.EngineExecutionOrchestrator.execute(EngineExecutionOrchestrator.java:198)
	at org.junit.platform.launcher.core.EngineExecutionOrchestrator.execute(EngineExecutionOrchestrator.java:169)
	at org.junit.platform.launcher.core.EngineExecutionOrchestrator.execute(EngineExecutionOrchestrator.java:93)
	at org.junit.platform.launcher.core.EngineExecutionOrchestrator.lambda$execute$0(EngineExecutionOrchestrator.java:58)
	at org.junit.platform.launcher.core.EngineExecutionOrchestrator.withInterceptedStreams(EngineExecutionOrchestrator.java:141)
	at org.junit.platform.launcher.core.EngineExecutionOrchestrator.execute(EngineExecutionOrchestrator.java:57)
	at org.junit.platform.launcher.core.DefaultLauncher.execute(DefaultLauncher.java:103)
	at org.junit.platform.launcher.core.DefaultLauncher.execute(DefaultLauncher.java:85)
	at org.junit.platform.launcher.core.DelegatingLauncher.execute(DelegatingLauncher.java:47)
	at org.junit.platform.launcher.core.SessionPerRequestLauncher.execute(SessionPerRequestLauncher.java:63)
	at com.intellij.junit5.JUnit5IdeaTestRunner.startRunnerWithArgs(JUnit5IdeaTestRunner.java:57)
	at com.intellij.rt.junit.IdeaTestRunner$Repeater$1.execute(IdeaTestRunner.java:38)
	at com.intellij.rt.execution.junit.TestsRepeater.repeat(TestsRepeater.java:11)
	at com.intellij.rt.junit.IdeaTestRunner$Repeater.startRunnerWithArgs(IdeaTestRunner.java:35)
	at com.intellij.rt.junit.JUnitStarter.prepareStreamsAndStart(JUnitStarter.java:232)
	at com.intellij.rt.junit.JUnitStarter.main(JUnitStarter.java:55)
2025-01-30 12:20:50 [main] INFO  l.insoft.uztis.tests.utils.TestUtils - Screenshot moved to C:\Users\ingrida.zadorozniene\Desktop\Asm\UZTIS\UZTIS_tests\test-output\screenshots\20250130\122050845_testFillNewApplication().png
2025-01-30 12:23:06 [main] INFO  lt.insoft.uztis.tests.UztisPageTest - Navigated to https://uztisdev.asseco.lt/home
2025-01-30 12:23:07 [main] INFO  l.i.u.t.SubmittedApplicationsPageTest - Starting test:'testFillNewApplication'
2025-01-30 12:23:07 [main] DEBUG l.i.u.t.SubmittedApplicationsPageTest - User logged in with test credentials
2025-01-30 12:23:07 [main] DEBUG l.i.u.t.SubmittedApplicationsPageTest - Opened 'Application Processing' menu.
2025-01-30 12:23:07 [main] DEBUG l.i.u.t.SubmittedApplicationsPageTest - Clicked on 'Application Forms' menu.
2025-01-30 12:23:08 [main] DEBUG l.i.u.t.SubmittedApplicationsPageTest - Retrieved last description code text: 'TST-VUI-27'.
2025-01-30 12:23:08 [main] DEBUG l.i.u.t.SubmittedApplicationsPageTest - Clicked on 'Invitation' menu.
2025-01-30 12:23:09 [main] DEBUG l.i.u.t.SubmittedApplicationsPageTest - Selected application section by code: 'TST-VUI-27'.
2025-01-30 12:23:09 [main] DEBUG l.i.u.t.SubmittedApplicationsPageTest - Clicked 'Search' button.
2025-01-30 12:23:09 [main] DEBUG l.i.u.t.SubmittedApplicationsPageTest - Retrieved invitation code: ''.
2025-01-30 12:23:09 [main] DEBUG l.i.u.t.SubmittedApplicationsPageTest - Clicked on 'Submitted Applications' menu.
2025-01-30 12:23:10 [main] DEBUG l.i.u.t.SubmittedApplicationsPageTest - Selected invitation by code: 'TST-VUI-27'.
2025-01-30 12:23:10 [main] DEBUG l.i.u.t.SubmittedApplicationsPageTest - Clicked on 'Action Application' button.
2025-01-30 12:23:10 [main] DEBUG l.i.u.t.SubmittedApplicationsPageTest - Clicked on 'New Application' button.
2025-01-30 12:23:11 [main] DEBUG l.i.u.t.SubmittedApplicationsPageTest - Clicked on 'RadioButtonFA' button.
2025-01-30 12:23:11 [main] DEBUG l.i.u.t.SubmittedApplicationsPageTest - Entered phone number into the input field.
2025-01-30 12:23:11 [main] DEBUG l.i.u.t.SubmittedApplicationsPageTest - Entered eMail into the input field.
2025-01-30 12:23:11 [main] INFO  l.i.u.p.SubmittedApplicationsPage - Located the dropdown button.
2025-01-30 12:23:30 [main] INFO  l.i.u.p.SubmittedApplicationsPage - Found 1741 options in the dropdown.
2025-01-30 12:23:30 [main] INFO  l.i.u.p.SubmittedApplicationsPage - Successfully selected the value: '01.11 - Grūdinių (išskyrus ryžius), ankštinių ir aliejingų sėklų augalų auginimas'
2025-01-30 12:23:41 [main] ERROR l.i.u.p.SubmittedApplicationsPage - Failed to close the dropdown with aria-expanded = 'false'. Attempting manual close.
2025-01-30 12:23:41 [main] INFO  l.i.u.p.SubmittedApplicationsPage - Manual close attempt for the dropdown using body click.
2025-01-30 12:23:41 [main] DEBUG l.i.u.t.SubmittedApplicationsPageTest - Entered Address into the input field.
2025-01-30 12:23:41 [main] DEBUG l.i.u.t.SubmittedApplicationsPageTest - Entered Address into the input field.
2025-01-30 12:23:42 [main] INFO  l.i.u.p.SubmittedApplicationsPage - Located the dropdown button.
2025-01-30 12:23:43 [main] ERROR l.i.u.t.SubmittedApplicationsPageTest - Test 'testFillNewApplication' failed with error: element click intercepted: Element <mat-label>...</mat-label> is not clickable at point (1051, 155). Other element would receive the click: ...<span class="mat-mdc-select-placeholder mat-mdc-select-min-line ng-tns-c1073613477-34 ng-star-inserted"></span>
  (Session info: chrome=132.0.6834.111)
Build info: version: '4.27.0', revision: 'd6e718d134'
System info: os.name: 'Windows 11', os.arch: 'amd64', os.version: '10.0', java.version: '21.0.3'
Driver info: org.openqa.selenium.chrome.ChromeDriver
Command: [913e9ea87ced88b314fe11590acdd2f3, clickElement {id=f.AEE42BA88838D7D668BDA412DE83C9B1.d.F41AF2F2861D970867CAAC5126D9B91A.e.2072}]
Capabilities {acceptInsecureCerts: false, browserName: chrome, browserVersion: 132.0.6834.111, chrome: {chromedriverVersion: 132.0.6834.159 (2d77d3fc445..., userDataDir: C:\Users\INGRID~1.ZAD\AppDa...}, fedcm:accounts: true, goog:chromeOptions: {debuggerAddress: localhost:63856}, networkConnectionEnabled: false, pageLoadStrategy: normal, platformName: windows, proxy: Proxy(), se:cdp: ws://localhost:63856/devtoo..., se:cdpVersion: 132.0.6834.111, setWindowRect: true, strictFileInteractability: false, timeouts: {implicit: 0, pageLoad: 300000, script: 30000}, unhandledPromptBehavior: dismiss and notify, webauthn:extension:credBlob: true, webauthn:extension:largeBlob: true, webauthn:extension:minPinLength: true, webauthn:extension:prf: true, webauthn:virtualAuthenticators: true}
Element: [[ChromeDriver: chrome on windows (913e9ea87ced88b314fe11590acdd2f3)] -> xpath: //mat-label[contains(text(), 'Darbo vietos pavadinimas')]]
Session ID: 913e9ea87ced88b314fe11590acdd2f3
org.openqa.selenium.ElementClickInterceptedException: element click intercepted: Element <mat-label>...</mat-label> is not clickable at point (1051, 155). Other element would receive the click: ...<span class="mat-mdc-select-placeholder mat-mdc-select-min-line ng-tns-c1073613477-34 ng-star-inserted"></span>
  (Session info: chrome=132.0.6834.111)
Build info: version: '4.27.0', revision: 'd6e718d134'
System info: os.name: 'Windows 11', os.arch: 'amd64', os.version: '10.0', java.version: '21.0.3'
Driver info: org.openqa.selenium.chrome.ChromeDriver
Command: [913e9ea87ced88b314fe11590acdd2f3, clickElement {id=f.AEE42BA88838D7D668BDA412DE83C9B1.d.F41AF2F2861D970867CAAC5126D9B91A.e.2072}]
Capabilities {acceptInsecureCerts: false, browserName: chrome, browserVersion: 132.0.6834.111, chrome: {chromedriverVersion: 132.0.6834.159 (2d77d3fc445..., userDataDir: C:\Users\INGRID~1.ZAD\AppDa...}, fedcm:accounts: true, goog:chromeOptions: {debuggerAddress: localhost:63856}, networkConnectionEnabled: false, pageLoadStrategy: normal, platformName: windows, proxy: Proxy(), se:cdp: ws://localhost:63856/devtoo..., se:cdpVersion: 132.0.6834.111, setWindowRect: true, strictFileInteractability: false, timeouts: {implicit: 0, pageLoad: 300000, script: 30000}, unhandledPromptBehavior: dismiss and notify, webauthn:extension:credBlob: true, webauthn:extension:largeBlob: true, webauthn:extension:minPinLength: true, webauthn:extension:prf: true, webauthn:virtualAuthenticators: true}
Element: [[ChromeDriver: chrome on windows (913e9ea87ced88b314fe11590acdd2f3)] -> xpath: //mat-label[contains(text(), 'Darbo vietos pavadinimas')]]
Session ID: 913e9ea87ced88b314fe11590acdd2f3
	at java.base/jdk.internal.reflect.DirectConstructorHandleAccessor.newInstance(DirectConstructorHandleAccessor.java:62)
	at java.base/java.lang.reflect.Constructor.newInstanceWithCaller(Constructor.java:502)
	at java.base/java.lang.reflect.Constructor.newInstance(Constructor.java:486)
	at org.openqa.selenium.remote.ErrorCodec.decode(ErrorCodec.java:167)
	at org.openqa.selenium.remote.codec.w3c.W3CHttpResponseCodec.decode(W3CHttpResponseCodec.java:138)
	at org.openqa.selenium.remote.codec.w3c.W3CHttpResponseCodec.decode(W3CHttpResponseCodec.java:50)
	at org.openqa.selenium.remote.HttpCommandExecutor.execute(HttpCommandExecutor.java:190)
	at org.openqa.selenium.remote.service.DriverCommandExecutor.invokeExecute(DriverCommandExecutor.java:216)
	at org.openqa.selenium.remote.service.DriverCommandExecutor.execute(DriverCommandExecutor.java:174)
	at org.openqa.selenium.remote.RemoteWebDriver.execute(RemoteWebDriver.java:545)
	at org.openqa.selenium.remote.RemoteWebElement.execute(RemoteWebElement.java:223)
	at org.openqa.selenium.remote.RemoteWebElement.click(RemoteWebElement.java:76)
	at java.base/jdk.internal.reflect.DirectMethodHandleAccessor.invoke(DirectMethodHandleAccessor.java:103)
	at java.base/java.lang.reflect.Method.invoke(Method.java:580)
	at org.openqa.selenium.support.pagefactory.internal.LocatingElementHandler.invoke(LocatingElementHandler.java:51)
	at jdk.proxy2/jdk.proxy2.$Proxy14.click(Unknown Source)
	at lt.insoft.uztis.pages.SubmittedApplicationsPage.selectDropdownJobName(SubmittedApplicationsPage.java:294)
	at lt.insoft.uztis.tests.SubmittedApplicationsPageTest.testFillNewApplication(SubmittedApplicationsPageTest.java:174)
	at java.base/jdk.internal.reflect.DirectMethodHandleAccessor.invoke(DirectMethodHandleAccessor.java:103)
	at java.base/java.lang.reflect.Method.invoke(Method.java:580)
	at org.junit.platform.commons.util.ReflectionUtils.invokeMethod(ReflectionUtils.java:728)
	at org.junit.jupiter.engine.execution.MethodInvocation.proceed(MethodInvocation.java:60)
	at org.junit.jupiter.engine.execution.InvocationInterceptorChain$ValidatingInvocation.proceed(InvocationInterceptorChain.java:131)
	at org.junit.jupiter.engine.extension.TimeoutExtension.intercept(TimeoutExtension.java:156)
	at org.junit.jupiter.engine.extension.TimeoutExtension.interceptTestableMethod(TimeoutExtension.java:147)
	at org.junit.jupiter.engine.extension.TimeoutExtension.interceptTestMethod(TimeoutExtension.java:86)
	at org.junit.jupiter.engine.execution.InterceptingExecutableInvoker$ReflectiveInterceptorCall.lambda$ofVoidMethod$0(InterceptingExecutableInvoker.java:103)
	at org.junit.jupiter.engine.execution.InterceptingExecutableInvoker.lambda$invoke$0(InterceptingExecutableInvoker.java:93)
	at org.junit.jupiter.engine.execution.InvocationInterceptorChain$InterceptedInvocation.proceed(InvocationInterceptorChain.java:106)
	at org.junit.jupiter.engine.execution.InvocationInterceptorChain.proceed(InvocationInterceptorChain.java:64)
	at org.junit.jupiter.engine.execution.InvocationInterceptorChain.chainAndInvoke(InvocationInterceptorChain.java:45)
	at org.junit.jupiter.engine.execution.InvocationInterceptorChain.invoke(InvocationInterceptorChain.java:37)
	at org.junit.jupiter.engine.execution.InterceptingExecutableInvoker.invoke(InterceptingExecutableInvoker.java:92)
	at org.junit.jupiter.engine.execution.InterceptingExecutableInvoker.invoke(InterceptingExecutableInvoker.java:86)
	at org.junit.jupiter.engine.descriptor.TestMethodTestDescriptor.lambda$invokeTestMethod$7(TestMethodTestDescriptor.java:218)
	at org.junit.platform.engine.support.hierarchical.ThrowableCollector.execute(ThrowableCollector.java:73)
	at org.junit.jupiter.engine.descriptor.TestMethodTestDescriptor.invokeTestMethod(TestMethodTestDescriptor.java:214)
	at org.junit.jupiter.engine.descriptor.TestMethodTestDescriptor.execute(TestMethodTestDescriptor.java:139)
	at org.junit.jupiter.engine.descriptor.TestMethodTestDescriptor.execute(TestMethodTestDescriptor.java:69)
	at org.junit.platform.engine.support.hierarchical.NodeTestTask.lambda$executeRecursively$6(NodeTestTask.java:151)
	at org.junit.platform.engine.support.hierarchical.ThrowableCollector.execute(ThrowableCollector.java:73)
	at org.junit.platform.engine.support.hierarchical.NodeTestTask.lambda$executeRecursively$8(NodeTestTask.java:141)
	at org.junit.platform.engine.support.hierarchical.Node.around(Node.java:137)
	at org.junit.platform.engine.support.hierarchical.NodeTestTask.lambda$executeRecursively$9(NodeTestTask.java:139)
	at org.junit.platform.engine.support.hierarchical.ThrowableCollector.execute(ThrowableCollector.java:73)
	at org.junit.platform.engine.support.hierarchical.NodeTestTask.executeRecursively(NodeTestTask.java:138)
	at org.junit.platform.engine.support.hierarchical.NodeTestTask.execute(NodeTestTask.java:95)
	at java.base/java.util.ArrayList.forEach(ArrayList.java:1596)
	at org.junit.platform.engine.support.hierarchical.SameThreadHierarchicalTestExecutorService.invokeAll(SameThreadHierarchicalTestExecutorService.java:41)
	at org.junit.platform.engine.support.hierarchical.NodeTestTask.lambda$executeRecursively$6(NodeTestTask.java:155)
	at org.junit.platform.engine.support.hierarchical.ThrowableCollector.execute(ThrowableCollector.java:73)
	at org.junit.platform.engine.support.hierarchical.NodeTestTask.lambda$executeRecursively$8(NodeTestTask.java:141)
	at org.junit.platform.engine.support.hierarchical.Node.around(Node.java:137)
	at org.junit.platform.engine.support.hierarchical.NodeTestTask.lambda$executeRecursively$9(NodeTestTask.java:139)
	at org.junit.platform.engine.support.hierarchical.ThrowableCollector.execute(ThrowableCollector.java:73)
	at org.junit.platform.engine.support.hierarchical.NodeTestTask.executeRecursively(NodeTestTask.java:138)
	at org.junit.platform.engine.support.hierarchical.NodeTestTask.execute(NodeTestTask.java:95)
	at java.base/java.util.ArrayList.forEach(ArrayList.java:1596)
	at org.junit.platform.engine.support.hierarchical.SameThreadHierarchicalTestExecutorService.invokeAll(SameThreadHierarchicalTestExecutorService.java:41)
	at org.junit.platform.engine.support.hierarchical.NodeTestTask.lambda$executeRecursively$6(NodeTestTask.java:155)
	at org.junit.platform.engine.support.hierarchical.ThrowableCollector.execute(ThrowableCollector.java:73)
	at org.junit.platform.engine.support.hierarchical.NodeTestTask.lambda$executeRecursively$8(NodeTestTask.java:141)
	at org.junit.platform.engine.support.hierarchical.Node.around(Node.java:137)
	at org.junit.platform.engine.support.hierarchical.NodeTestTask.lambda$executeRecursively$9(NodeTestTask.java:139)
	at org.junit.platform.engine.support.hierarchical.ThrowableCollector.execute(ThrowableCollector.java:73)
	at org.junit.platform.engine.support.hierarchical.NodeTestTask.executeRecursively(NodeTestTask.java:138)
	at org.junit.platform.engine.support.hierarchical.NodeTestTask.execute(NodeTestTask.java:95)
	at org.junit.platform.engine.support.hierarchical.SameThreadHierarchicalTestExecutorService.submit(SameThreadHierarchicalTestExecutorService.java:35)
	at org.junit.platform.engine.support.hierarchical.HierarchicalTestExecutor.execute(HierarchicalTestExecutor.java:57)
	at org.junit.platform.engine.support.hierarchical.HierarchicalTestEngine.execute(HierarchicalTestEngine.java:54)
	at org.junit.platform.launcher.core.EngineExecutionOrchestrator.execute(EngineExecutionOrchestrator.java:198)
	at org.junit.platform.launcher.core.EngineExecutionOrchestrator.execute(EngineExecutionOrchestrator.java:169)
	at org.junit.platform.launcher.core.EngineExecutionOrchestrator.execute(EngineExecutionOrchestrator.java:93)
	at org.junit.platform.launcher.core.EngineExecutionOrchestrator.lambda$execute$0(EngineExecutionOrchestrator.java:58)
	at org.junit.platform.launcher.core.EngineExecutionOrchestrator.withInterceptedStreams(EngineExecutionOrchestrator.java:141)
	at org.junit.platform.launcher.core.EngineExecutionOrchestrator.execute(EngineExecutionOrchestrator.java:57)
	at org.junit.platform.launcher.core.DefaultLauncher.execute(DefaultLauncher.java:103)
	at org.junit.platform.launcher.core.DefaultLauncher.execute(DefaultLauncher.java:85)
	at org.junit.platform.launcher.core.DelegatingLauncher.execute(DelegatingLauncher.java:47)
	at org.junit.platform.launcher.core.SessionPerRequestLauncher.execute(SessionPerRequestLauncher.java:63)
	at com.intellij.junit5.JUnit5IdeaTestRunner.startRunnerWithArgs(JUnit5IdeaTestRunner.java:57)
	at com.intellij.rt.junit.IdeaTestRunner$Repeater$1.execute(IdeaTestRunner.java:38)
	at com.intellij.rt.execution.junit.TestsRepeater.repeat(TestsRepeater.java:11)
	at com.intellij.rt.junit.IdeaTestRunner$Repeater.startRunnerWithArgs(IdeaTestRunner.java:35)
	at com.intellij.rt.junit.JUnitStarter.prepareStreamsAndStart(JUnitStarter.java:232)
	at com.intellij.rt.junit.JUnitStarter.main(JUnitStarter.java:55)
2025-01-30 12:23:43 [main] INFO  l.insoft.uztis.tests.utils.TestUtils - Screenshot moved to C:\Users\ingrida.zadorozniene\Desktop\Asm\UZTIS\UZTIS_tests\test-output\screenshots\20250130\122343532_testFillNewApplication().png
2025-01-30 12:24:09 [main] INFO  lt.insoft.uztis.tests.UztisPageTest - Navigated to https://uztisdev.asseco.lt/home
2025-01-30 12:24:10 [main] INFO  l.i.u.t.SubmittedApplicationsPageTest - Starting test:'testFillNewApplication'
2025-01-30 12:24:10 [main] DEBUG l.i.u.t.SubmittedApplicationsPageTest - User logged in with test credentials
2025-01-30 12:24:10 [main] DEBUG l.i.u.t.SubmittedApplicationsPageTest - Opened 'Application Processing' menu.
2025-01-30 12:24:10 [main] DEBUG l.i.u.t.SubmittedApplicationsPageTest - Clicked on 'Application Forms' menu.
2025-01-30 12:24:11 [main] DEBUG l.i.u.t.SubmittedApplicationsPageTest - Retrieved last description code text: 'TST-VUI-27'.
2025-01-30 12:24:11 [main] DEBUG l.i.u.t.SubmittedApplicationsPageTest - Clicked on 'Invitation' menu.
2025-01-30 12:24:12 [main] DEBUG l.i.u.t.SubmittedApplicationsPageTest - Selected application section by code: 'TST-VUI-27'.
2025-01-30 12:24:12 [main] DEBUG l.i.u.t.SubmittedApplicationsPageTest - Clicked 'Search' button.
2025-01-30 12:24:12 [main] DEBUG l.i.u.t.SubmittedApplicationsPageTest - Retrieved invitation code: ''.
2025-01-30 12:24:12 [main] DEBUG l.i.u.t.SubmittedApplicationsPageTest - Clicked on 'Submitted Applications' menu.
2025-01-30 12:24:13 [main] DEBUG l.i.u.t.SubmittedApplicationsPageTest - Selected invitation by code: 'TST-VUI-27'.
2025-01-30 12:24:13 [main] DEBUG l.i.u.t.SubmittedApplicationsPageTest - Clicked on 'Action Application' button.
2025-01-30 12:24:13 [main] DEBUG l.i.u.t.SubmittedApplicationsPageTest - Clicked on 'New Application' button.
2025-01-30 12:24:14 [main] DEBUG l.i.u.t.SubmittedApplicationsPageTest - Clicked on 'RadioButtonFA' button.
2025-01-30 12:24:14 [main] DEBUG l.i.u.t.SubmittedApplicationsPageTest - Entered phone number into the input field.
2025-01-30 12:24:14 [main] DEBUG l.i.u.t.SubmittedApplicationsPageTest - Entered eMail into the input field.
2025-01-30 12:24:14 [main] INFO  l.i.u.p.SubmittedApplicationsPage - Located the dropdown button.
2025-01-30 12:24:31 [main] INFO  l.i.u.p.SubmittedApplicationsPage - Found 1741 options in the dropdown.
2025-01-30 12:24:31 [main] INFO  l.i.u.p.SubmittedApplicationsPage - Successfully selected the value: '01.11 - Grūdinių (išskyrus ryžius), ankštinių ir aliejingų sėklų augalų auginimas'
2025-01-30 12:24:42 [main] ERROR l.i.u.p.SubmittedApplicationsPage - Failed to close the dropdown with aria-expanded = 'false'. Attempting manual close.
2025-01-30 12:24:42 [main] INFO  l.i.u.p.SubmittedApplicationsPage - Manual close attempt for the dropdown using body click.
2025-01-30 12:24:42 [main] DEBUG l.i.u.t.SubmittedApplicationsPageTest - Entered Address into the input field.
2025-01-30 12:24:43 [main] DEBUG l.i.u.t.SubmittedApplicationsPageTest - Entered Address into the input field.
2025-01-30 12:24:43 [main] INFO  l.i.u.p.SubmittedApplicationsPage - Located the dropdown button.
2025-01-30 12:24:44 [main] INFO  l.i.u.p.SubmittedApplicationsPage - Successfully selected the value: 'Administratoriai'
2025-01-30 12:24:54 [main] ERROR l.i.u.p.SubmittedApplicationsPage - Timeout while waiting for dropdown to close with aria-expanded = 'false'.
2025-01-30 12:24:54 [main] DEBUG l.i.u.t.SubmittedApplicationsPageTest - Selected the value: 'Administratoriai'
2025-01-30 12:24:55 [main] INFO  l.i.u.p.SubmittedApplicationsPage - Located the dropdown button.
2025-01-30 12:24:55 [main] INFO  l.i.u.p.SubmittedApplicationsPage - Successfully selected the value: 'Kita'
2025-01-30 12:25:06 [main] ERROR l.i.u.p.SubmittedApplicationsPage - Timeout while waiting for dropdown to close with aria-expanded = 'false'.
2025-01-30 12:25:06 [main] DEBUG l.i.u.t.SubmittedApplicationsPageTest - Selected the value: 'Kita'
2025-01-30 12:25:06 [main] DEBUG l.i.u.t.SubmittedApplicationsPageTest - Selected the value: '6 val. per dieną ir 4 d. per savaitę'
2025-01-30 12:25:06 [main] DEBUG l.i.u.t.SubmittedApplicationsPageTest - Entered Address into the input field.
2025-01-30 12:25:17 [main] ERROR l.i.u.t.SubmittedApplicationsPageTest - Test 'testFillNewApplication' failed with error: no such element: Unable to locate element: {"method":"xpath","selector":"//div[contains(@class, 'mat-mdc-form-field-infix')]//common-textarea//textarea[6]"}
  (Session info: chrome=132.0.6834.111)
For documentation on this error, please visit: https://www.selenium.dev/documentation/webdriver/troubleshooting/errors#no-such-element-exception
Build info: version: '4.27.0', revision: 'd6e718d134'
System info: os.name: 'Windows 11', os.arch: 'amd64', os.version: '10.0', java.version: '21.0.3'
Driver info: org.openqa.selenium.chrome.ChromeDriver
Command: [4e2ad0f791ae3bf9a27fd548113bc3ab, findElement {value=//div[contains(@class, 'mat-mdc-form-field-infix')]//common-textarea//textarea[6], using=xpath}]
Capabilities {acceptInsecureCerts: false, browserName: chrome, browserVersion: 132.0.6834.111, chrome: {chromedriverVersion: 132.0.6834.159 (2d77d3fc445..., userDataDir: C:\Users\INGRID~1.ZAD\AppDa...}, fedcm:accounts: true, goog:chromeOptions: {debuggerAddress: localhost:63908}, networkConnectionEnabled: false, pageLoadStrategy: normal, platformName: windows, proxy: Proxy(), se:cdp: ws://localhost:63908/devtoo..., se:cdpVersion: 132.0.6834.111, setWindowRect: true, strictFileInteractability: false, timeouts: {implicit: 0, pageLoad: 300000, script: 30000}, unhandledPromptBehavior: dismiss and notify, webauthn:extension:credBlob: true, webauthn:extension:largeBlob: true, webauthn:extension:minPinLength: true, webauthn:extension:prf: true, webauthn:virtualAuthenticators: true}
Session ID: 4e2ad0f791ae3bf9a27fd548113bc3ab
org.openqa.selenium.NoSuchElementException: no such element: Unable to locate element: {"method":"xpath","selector":"//div[contains(@class, 'mat-mdc-form-field-infix')]//common-textarea//textarea[6]"}
  (Session info: chrome=132.0.6834.111)
For documentation on this error, please visit: https://www.selenium.dev/documentation/webdriver/troubleshooting/errors#no-such-element-exception
Build info: version: '4.27.0', revision: 'd6e718d134'
System info: os.name: 'Windows 11', os.arch: 'amd64', os.version: '10.0', java.version: '21.0.3'
Driver info: org.openqa.selenium.chrome.ChromeDriver
Command: [4e2ad0f791ae3bf9a27fd548113bc3ab, findElement {value=//div[contains(@class, 'mat-mdc-form-field-infix')]//common-textarea//textarea[6], using=xpath}]
Capabilities {acceptInsecureCerts: false, browserName: chrome, browserVersion: 132.0.6834.111, chrome: {chromedriverVersion: 132.0.6834.159 (2d77d3fc445..., userDataDir: C:\Users\INGRID~1.ZAD\AppDa...}, fedcm:accounts: true, goog:chromeOptions: {debuggerAddress: localhost:63908}, networkConnectionEnabled: false, pageLoadStrategy: normal, platformName: windows, proxy: Proxy(), se:cdp: ws://localhost:63908/devtoo..., se:cdpVersion: 132.0.6834.111, setWindowRect: true, strictFileInteractability: false, timeouts: {implicit: 0, pageLoad: 300000, script: 30000}, unhandledPromptBehavior: dismiss and notify, webauthn:extension:credBlob: true, webauthn:extension:largeBlob: true, webauthn:extension:minPinLength: true, webauthn:extension:prf: true, webauthn:virtualAuthenticators: true}
Session ID: 4e2ad0f791ae3bf9a27fd548113bc3ab
	at java.base/jdk.internal.reflect.DirectConstructorHandleAccessor.newInstance(DirectConstructorHandleAccessor.java:62)
	at java.base/java.lang.reflect.Constructor.newInstanceWithCaller(Constructor.java:502)
	at java.base/java.lang.reflect.Constructor.newInstance(Constructor.java:486)
	at org.openqa.selenium.remote.ErrorCodec.decode(ErrorCodec.java:167)
	at org.openqa.selenium.remote.codec.w3c.W3CHttpResponseCodec.decode(W3CHttpResponseCodec.java:138)
	at org.openqa.selenium.remote.codec.w3c.W3CHttpResponseCodec.decode(W3CHttpResponseCodec.java:50)
	at org.openqa.selenium.remote.HttpCommandExecutor.execute(HttpCommandExecutor.java:190)
	at org.openqa.selenium.remote.service.DriverCommandExecutor.invokeExecute(DriverCommandExecutor.java:216)
	at org.openqa.selenium.remote.service.DriverCommandExecutor.execute(DriverCommandExecutor.java:174)
	at org.openqa.selenium.remote.RemoteWebDriver.execute(RemoteWebDriver.java:545)
	at org.openqa.selenium.remote.ElementLocation$ElementFinder$2.findElement(ElementLocation.java:165)
	at org.openqa.selenium.remote.ElementLocation.findElement(ElementLocation.java:59)
	at org.openqa.selenium.remote.RemoteWebDriver.findElement(RemoteWebDriver.java:368)
	at org.openqa.selenium.remote.RemoteWebDriver.findElement(RemoteWebDriver.java:362)
	at org.openqa.selenium.support.pagefactory.DefaultElementLocator.findElement(DefaultElementLocator.java:68)
	at org.openqa.selenium.support.pagefactory.internal.LocatingElementHandler.invoke(LocatingElementHandler.java:38)
	at jdk.proxy2/jdk.proxy2.$Proxy14.clear(Unknown Source)
	at lt.insoft.uztis.pages.SubmittedApplicationsPage.enterJobDescription(SubmittedApplicationsPage.java:484)
	at lt.insoft.uztis.tests.SubmittedApplicationsPageTest.testFillNewApplication(SubmittedApplicationsPageTest.java:208)
	at java.base/jdk.internal.reflect.DirectMethodHandleAccessor.invoke(DirectMethodHandleAccessor.java:103)
	at java.base/java.lang.reflect.Method.invoke(Method.java:580)
	at org.junit.platform.commons.util.ReflectionUtils.invokeMethod(ReflectionUtils.java:728)
	at org.junit.jupiter.engine.execution.MethodInvocation.proceed(MethodInvocation.java:60)
	at org.junit.jupiter.engine.execution.InvocationInterceptorChain$ValidatingInvocation.proceed(InvocationInterceptorChain.java:131)
	at org.junit.jupiter.engine.extension.TimeoutExtension.intercept(TimeoutExtension.java:156)
	at org.junit.jupiter.engine.extension.TimeoutExtension.interceptTestableMethod(TimeoutExtension.java:147)
	at org.junit.jupiter.engine.extension.TimeoutExtension.interceptTestMethod(TimeoutExtension.java:86)
	at org.junit.jupiter.engine.execution.InterceptingExecutableInvoker$ReflectiveInterceptorCall.lambda$ofVoidMethod$0(InterceptingExecutableInvoker.java:103)
	at org.junit.jupiter.engine.execution.InterceptingExecutableInvoker.lambda$invoke$0(InterceptingExecutableInvoker.java:93)
	at org.junit.jupiter.engine.execution.InvocationInterceptorChain$InterceptedInvocation.proceed(InvocationInterceptorChain.java:106)
	at org.junit.jupiter.engine.execution.InvocationInterceptorChain.proceed(InvocationInterceptorChain.java:64)
	at org.junit.jupiter.engine.execution.InvocationInterceptorChain.chainAndInvoke(InvocationInterceptorChain.java:45)
	at org.junit.jupiter.engine.execution.InvocationInterceptorChain.invoke(InvocationInterceptorChain.java:37)
	at org.junit.jupiter.engine.execution.InterceptingExecutableInvoker.invoke(InterceptingExecutableInvoker.java:92)
	at org.junit.jupiter.engine.execution.InterceptingExecutableInvoker.invoke(InterceptingExecutableInvoker.java:86)
	at org.junit.jupiter.engine.descriptor.TestMethodTestDescriptor.lambda$invokeTestMethod$7(TestMethodTestDescriptor.java:218)
	at org.junit.platform.engine.support.hierarchical.ThrowableCollector.execute(ThrowableCollector.java:73)
	at org.junit.jupiter.engine.descriptor.TestMethodTestDescriptor.invokeTestMethod(TestMethodTestDescriptor.java:214)
	at org.junit.jupiter.engine.descriptor.TestMethodTestDescriptor.execute(TestMethodTestDescriptor.java:139)
	at org.junit.jupiter.engine.descriptor.TestMethodTestDescriptor.execute(TestMethodTestDescriptor.java:69)
	at org.junit.platform.engine.support.hierarchical.NodeTestTask.lambda$executeRecursively$6(NodeTestTask.java:151)
	at org.junit.platform.engine.support.hierarchical.ThrowableCollector.execute(ThrowableCollector.java:73)
	at org.junit.platform.engine.support.hierarchical.NodeTestTask.lambda$executeRecursively$8(NodeTestTask.java:141)
	at org.junit.platform.engine.support.hierarchical.Node.around(Node.java:137)
	at org.junit.platform.engine.support.hierarchical.NodeTestTask.lambda$executeRecursively$9(NodeTestTask.java:139)
	at org.junit.platform.engine.support.hierarchical.ThrowableCollector.execute(ThrowableCollector.java:73)
	at org.junit.platform.engine.support.hierarchical.NodeTestTask.executeRecursively(NodeTestTask.java:138)
	at org.junit.platform.engine.support.hierarchical.NodeTestTask.execute(NodeTestTask.java:95)
	at java.base/java.util.ArrayList.forEach(ArrayList.java:1596)
	at org.junit.platform.engine.support.hierarchical.SameThreadHierarchicalTestExecutorService.invokeAll(SameThreadHierarchicalTestExecutorService.java:41)
	at org.junit.platform.engine.support.hierarchical.NodeTestTask.lambda$executeRecursively$6(NodeTestTask.java:155)
	at org.junit.platform.engine.support.hierarchical.ThrowableCollector.execute(ThrowableCollector.java:73)
	at org.junit.platform.engine.support.hierarchical.NodeTestTask.lambda$executeRecursively$8(NodeTestTask.java:141)
	at org.junit.platform.engine.support.hierarchical.Node.around(Node.java:137)
	at org.junit.platform.engine.support.hierarchical.NodeTestTask.lambda$executeRecursively$9(NodeTestTask.java:139)
	at org.junit.platform.engine.support.hierarchical.ThrowableCollector.execute(ThrowableCollector.java:73)
	at org.junit.platform.engine.support.hierarchical.NodeTestTask.executeRecursively(NodeTestTask.java:138)
	at org.junit.platform.engine.support.hierarchical.NodeTestTask.execute(NodeTestTask.java:95)
	at java.base/java.util.ArrayList.forEach(ArrayList.java:1596)
	at org.junit.platform.engine.support.hierarchical.SameThreadHierarchicalTestExecutorService.invokeAll(SameThreadHierarchicalTestExecutorService.java:41)
	at org.junit.platform.engine.support.hierarchical.NodeTestTask.lambda$executeRecursively$6(NodeTestTask.java:155)
	at org.junit.platform.engine.support.hierarchical.ThrowableCollector.execute(ThrowableCollector.java:73)
	at org.junit.platform.engine.support.hierarchical.NodeTestTask.lambda$executeRecursively$8(NodeTestTask.java:141)
	at org.junit.platform.engine.support.hierarchical.Node.around(Node.java:137)
	at org.junit.platform.engine.support.hierarchical.NodeTestTask.lambda$executeRecursively$9(NodeTestTask.java:139)
	at org.junit.platform.engine.support.hierarchical.ThrowableCollector.execute(ThrowableCollector.java:73)
	at org.junit.platform.engine.support.hierarchical.NodeTestTask.executeRecursively(NodeTestTask.java:138)
	at org.junit.platform.engine.support.hierarchical.NodeTestTask.execute(NodeTestTask.java:95)
	at org.junit.platform.engine.support.hierarchical.SameThreadHierarchicalTestExecutorService.submit(SameThreadHierarchicalTestExecutorService.java:35)
	at org.junit.platform.engine.support.hierarchical.HierarchicalTestExecutor.execute(HierarchicalTestExecutor.java:57)
	at org.junit.platform.engine.support.hierarchical.HierarchicalTestEngine.execute(HierarchicalTestEngine.java:54)
	at org.junit.platform.launcher.core.EngineExecutionOrchestrator.execute(EngineExecutionOrchestrator.java:198)
	at org.junit.platform.launcher.core.EngineExecutionOrchestrator.execute(EngineExecutionOrchestrator.java:169)
	at org.junit.platform.launcher.core.EngineExecutionOrchestrator.execute(EngineExecutionOrchestrator.java:93)
	at org.junit.platform.launcher.core.EngineExecutionOrchestrator.lambda$execute$0(EngineExecutionOrchestrator.java:58)
	at org.junit.platform.launcher.core.EngineExecutionOrchestrator.withInterceptedStreams(EngineExecutionOrchestrator.java:141)
	at org.junit.platform.launcher.core.EngineExecutionOrchestrator.execute(EngineExecutionOrchestrator.java:57)
	at org.junit.platform.launcher.core.DefaultLauncher.execute(DefaultLauncher.java:103)
	at org.junit.platform.launcher.core.DefaultLauncher.execute(DefaultLauncher.java:85)
	at org.junit.platform.launcher.core.DelegatingLauncher.execute(DelegatingLauncher.java:47)
	at org.junit.platform.launcher.core.SessionPerRequestLauncher.execute(SessionPerRequestLauncher.java:63)
	at com.intellij.junit5.JUnit5IdeaTestRunner.startRunnerWithArgs(JUnit5IdeaTestRunner.java:57)
	at com.intellij.rt.junit.IdeaTestRunner$Repeater$1.execute(IdeaTestRunner.java:38)
	at com.intellij.rt.execution.junit.TestsRepeater.repeat(TestsRepeater.java:11)
	at com.intellij.rt.junit.IdeaTestRunner$Repeater.startRunnerWithArgs(IdeaTestRunner.java:35)
	at com.intellij.rt.junit.JUnitStarter.prepareStreamsAndStart(JUnitStarter.java:232)
	at com.intellij.rt.junit.JUnitStarter.main(JUnitStarter.java:55)
2025-01-30 12:25:17 [main] INFO  l.insoft.uztis.tests.utils.TestUtils - Screenshot moved to C:\Users\ingrida.zadorozniene\Desktop\Asm\UZTIS\UZTIS_tests\test-output\screenshots\20250130\122517291_testFillNewApplication().png
2025-01-30 12:30:00 [main] INFO  lt.insoft.uztis.tests.UztisPageTest - Navigated to https://uztisdev.asseco.lt/home
2025-01-30 12:30:00 [main] INFO  l.i.u.t.SubmittedApplicationsPageTest - Starting test:'testFillNewApplication'
2025-01-30 12:30:01 [main] DEBUG l.i.u.t.SubmittedApplicationsPageTest - User logged in with test credentials
2025-01-30 12:30:01 [main] DEBUG l.i.u.t.SubmittedApplicationsPageTest - Opened 'Application Processing' menu.
2025-01-30 12:30:01 [main] DEBUG l.i.u.t.SubmittedApplicationsPageTest - Clicked on 'Application Forms' menu.
2025-01-30 12:30:01 [main] DEBUG l.i.u.t.SubmittedApplicationsPageTest - Retrieved last description code text: 'TST-VUI-27'.
2025-01-30 12:30:01 [main] DEBUG l.i.u.t.SubmittedApplicationsPageTest - Clicked on 'Invitation' menu.
2025-01-30 12:30:02 [main] DEBUG l.i.u.t.SubmittedApplicationsPageTest - Selected application section by code: 'TST-VUI-27'.
2025-01-30 12:30:02 [main] DEBUG l.i.u.t.SubmittedApplicationsPageTest - Clicked 'Search' button.
2025-01-30 12:30:02 [main] DEBUG l.i.u.t.SubmittedApplicationsPageTest - Retrieved invitation code: ''.
2025-01-30 12:30:02 [main] DEBUG l.i.u.t.SubmittedApplicationsPageTest - Clicked on 'Submitted Applications' menu.
2025-01-30 12:30:03 [main] DEBUG l.i.u.t.SubmittedApplicationsPageTest - Selected invitation by code: 'TST-VUI-27'.
2025-01-30 12:30:03 [main] DEBUG l.i.u.t.SubmittedApplicationsPageTest - Clicked on 'Action Application' button.
2025-01-30 12:30:04 [main] DEBUG l.i.u.t.SubmittedApplicationsPageTest - Clicked on 'New Application' button.
2025-01-30 12:30:04 [main] DEBUG l.i.u.t.SubmittedApplicationsPageTest - Clicked on 'RadioButtonFA' button.
2025-01-30 12:30:04 [main] DEBUG l.i.u.t.SubmittedApplicationsPageTest - Entered phone number into the input field.
2025-01-30 12:30:04 [main] DEBUG l.i.u.t.SubmittedApplicationsPageTest - Entered eMail into the input field.
2025-01-30 12:30:04 [main] INFO  l.i.u.p.SubmittedApplicationsPage - Located the dropdown button.
2025-01-30 12:30:23 [main] INFO  l.i.u.p.SubmittedApplicationsPage - Found 1741 options in the dropdown.
2025-01-30 12:30:23 [main] INFO  l.i.u.p.SubmittedApplicationsPage - Successfully selected the value: '01.11 - Grūdinių (išskyrus ryžius), ankštinių ir aliejingų sėklų augalų auginimas'
2025-01-30 12:30:34 [main] ERROR l.i.u.p.SubmittedApplicationsPage - Failed to close the dropdown with aria-expanded = 'false'. Attempting manual close.
2025-01-30 12:30:34 [main] INFO  l.i.u.p.SubmittedApplicationsPage - Manual close attempt for the dropdown using body click.
2025-01-30 12:30:34 [main] DEBUG l.i.u.t.SubmittedApplicationsPageTest - Entered Address into the input field.
2025-01-30 12:30:34 [main] DEBUG l.i.u.t.SubmittedApplicationsPageTest - Entered Address into the input field.
2025-01-30 12:30:35 [main] INFO  l.i.u.p.SubmittedApplicationsPage - Located the dropdown button.
2025-01-30 12:30:36 [main] INFO  l.i.u.p.SubmittedApplicationsPage - Successfully selected the value: 'Administratoriai'
2025-01-30 12:30:46 [main] ERROR l.i.u.p.SubmittedApplicationsPage - Timeout while waiting for dropdown to close with aria-expanded = 'false'.
2025-01-30 12:30:46 [main] DEBUG l.i.u.t.SubmittedApplicationsPageTest - Selected the value: 'Administratoriai'
2025-01-30 12:30:46 [main] INFO  l.i.u.p.SubmittedApplicationsPage - Located the dropdown button.
2025-01-30 12:30:47 [main] INFO  l.i.u.p.SubmittedApplicationsPage - Successfully selected the value: 'Kita'
2025-01-30 12:30:57 [main] ERROR l.i.u.p.SubmittedApplicationsPage - Timeout while waiting for dropdown to close with aria-expanded = 'false'.
2025-01-30 12:30:57 [main] DEBUG l.i.u.t.SubmittedApplicationsPageTest - Selected the value: 'Kita'
2025-01-30 12:30:57 [main] DEBUG l.i.u.t.SubmittedApplicationsPageTest - Selected the value: '6 val. per dieną ir 4 d. per savaitę'
2025-01-30 12:30:58 [main] DEBUG l.i.u.t.SubmittedApplicationsPageTest - Entered Address into the input field.
2025-01-30 12:31:08 [main] ERROR l.i.u.t.SubmittedApplicationsPageTest - Test 'testFillNewApplication' failed with error: no such element: Unable to locate element: {"method":"xpath","selector":"//div[contains(@class, 'mat-mdc-form-field-infix')]//common-textarea//textarea[6]"}
  (Session info: chrome=132.0.6834.111)
For documentation on this error, please visit: https://www.selenium.dev/documentation/webdriver/troubleshooting/errors#no-such-element-exception
Build info: version: '4.27.0', revision: 'd6e718d134'
System info: os.name: 'Windows 11', os.arch: 'amd64', os.version: '10.0', java.version: '21.0.3'
Driver info: org.openqa.selenium.chrome.ChromeDriver
Command: [921e1da655a9b40686d9f5b20b7fe8c3, findElement {using=xpath, value=//div[contains(@class, 'mat-mdc-form-field-infix')]//common-textarea//textarea[6]}]
Capabilities {acceptInsecureCerts: false, browserName: chrome, browserVersion: 132.0.6834.111, chrome: {chromedriverVersion: 132.0.6834.159 (2d77d3fc445..., userDataDir: C:\Users\INGRID~1.ZAD\AppDa...}, fedcm:accounts: true, goog:chromeOptions: {debuggerAddress: localhost:64111}, networkConnectionEnabled: false, pageLoadStrategy: normal, platformName: windows, proxy: Proxy(), se:cdp: ws://localhost:64111/devtoo..., se:cdpVersion: 132.0.6834.111, setWindowRect: true, strictFileInteractability: false, timeouts: {implicit: 0, pageLoad: 300000, script: 30000}, unhandledPromptBehavior: dismiss and notify, webauthn:extension:credBlob: true, webauthn:extension:largeBlob: true, webauthn:extension:minPinLength: true, webauthn:extension:prf: true, webauthn:virtualAuthenticators: true}
Session ID: 921e1da655a9b40686d9f5b20b7fe8c3
org.openqa.selenium.NoSuchElementException: no such element: Unable to locate element: {"method":"xpath","selector":"//div[contains(@class, 'mat-mdc-form-field-infix')]//common-textarea//textarea[6]"}
  (Session info: chrome=132.0.6834.111)
For documentation on this error, please visit: https://www.selenium.dev/documentation/webdriver/troubleshooting/errors#no-such-element-exception
Build info: version: '4.27.0', revision: 'd6e718d134'
System info: os.name: 'Windows 11', os.arch: 'amd64', os.version: '10.0', java.version: '21.0.3'
Driver info: org.openqa.selenium.chrome.ChromeDriver
Command: [921e1da655a9b40686d9f5b20b7fe8c3, findElement {using=xpath, value=//div[contains(@class, 'mat-mdc-form-field-infix')]//common-textarea//textarea[6]}]
Capabilities {acceptInsecureCerts: false, browserName: chrome, browserVersion: 132.0.6834.111, chrome: {chromedriverVersion: 132.0.6834.159 (2d77d3fc445..., userDataDir: C:\Users\INGRID~1.ZAD\AppDa...}, fedcm:accounts: true, goog:chromeOptions: {debuggerAddress: localhost:64111}, networkConnectionEnabled: false, pageLoadStrategy: normal, platformName: windows, proxy: Proxy(), se:cdp: ws://localhost:64111/devtoo..., se:cdpVersion: 132.0.6834.111, setWindowRect: true, strictFileInteractability: false, timeouts: {implicit: 0, pageLoad: 300000, script: 30000}, unhandledPromptBehavior: dismiss and notify, webauthn:extension:credBlob: true, webauthn:extension:largeBlob: true, webauthn:extension:minPinLength: true, webauthn:extension:prf: true, webauthn:virtualAuthenticators: true}
Session ID: 921e1da655a9b40686d9f5b20b7fe8c3
	at java.base/jdk.internal.reflect.DirectConstructorHandleAccessor.newInstance(DirectConstructorHandleAccessor.java:62)
	at java.base/java.lang.reflect.Constructor.newInstanceWithCaller(Constructor.java:502)
	at java.base/java.lang.reflect.Constructor.newInstance(Constructor.java:486)
	at org.openqa.selenium.remote.ErrorCodec.decode(ErrorCodec.java:167)
	at org.openqa.selenium.remote.codec.w3c.W3CHttpResponseCodec.decode(W3CHttpResponseCodec.java:138)
	at org.openqa.selenium.remote.codec.w3c.W3CHttpResponseCodec.decode(W3CHttpResponseCodec.java:50)
	at org.openqa.selenium.remote.HttpCommandExecutor.execute(HttpCommandExecutor.java:190)
	at org.openqa.selenium.remote.service.DriverCommandExecutor.invokeExecute(DriverCommandExecutor.java:216)
	at org.openqa.selenium.remote.service.DriverCommandExecutor.execute(DriverCommandExecutor.java:174)
	at org.openqa.selenium.remote.RemoteWebDriver.execute(RemoteWebDriver.java:545)
	at org.openqa.selenium.remote.ElementLocation$ElementFinder$2.findElement(ElementLocation.java:165)
	at org.openqa.selenium.remote.ElementLocation.findElement(ElementLocation.java:59)
	at org.openqa.selenium.remote.RemoteWebDriver.findElement(RemoteWebDriver.java:368)
	at org.openqa.selenium.remote.RemoteWebDriver.findElement(RemoteWebDriver.java:362)
	at org.openqa.selenium.support.pagefactory.DefaultElementLocator.findElement(DefaultElementLocator.java:68)
	at org.openqa.selenium.support.pagefactory.internal.LocatingElementHandler.invoke(LocatingElementHandler.java:38)
	at jdk.proxy2/jdk.proxy2.$Proxy14.clear(Unknown Source)
	at lt.insoft.uztis.pages.SubmittedApplicationsPage.enterJobDescription(SubmittedApplicationsPage.java:484)
	at lt.insoft.uztis.tests.SubmittedApplicationsPageTest.testFillNewApplication(SubmittedApplicationsPageTest.java:208)
	at java.base/jdk.internal.reflect.DirectMethodHandleAccessor.invoke(DirectMethodHandleAccessor.java:103)
	at java.base/java.lang.reflect.Method.invoke(Method.java:580)
	at org.junit.platform.commons.util.ReflectionUtils.invokeMethod(ReflectionUtils.java:728)
	at org.junit.jupiter.engine.execution.MethodInvocation.proceed(MethodInvocation.java:60)
	at org.junit.jupiter.engine.execution.InvocationInterceptorChain$ValidatingInvocation.proceed(InvocationInterceptorChain.java:131)
	at org.junit.jupiter.engine.extension.TimeoutExtension.intercept(TimeoutExtension.java:156)
	at org.junit.jupiter.engine.extension.TimeoutExtension.interceptTestableMethod(TimeoutExtension.java:147)
	at org.junit.jupiter.engine.extension.TimeoutExtension.interceptTestMethod(TimeoutExtension.java:86)
	at org.junit.jupiter.engine.execution.InterceptingExecutableInvoker$ReflectiveInterceptorCall.lambda$ofVoidMethod$0(InterceptingExecutableInvoker.java:103)
	at org.junit.jupiter.engine.execution.InterceptingExecutableInvoker.lambda$invoke$0(InterceptingExecutableInvoker.java:93)
	at org.junit.jupiter.engine.execution.InvocationInterceptorChain$InterceptedInvocation.proceed(InvocationInterceptorChain.java:106)
	at org.junit.jupiter.engine.execution.InvocationInterceptorChain.proceed(InvocationInterceptorChain.java:64)
	at org.junit.jupiter.engine.execution.InvocationInterceptorChain.chainAndInvoke(InvocationInterceptorChain.java:45)
	at org.junit.jupiter.engine.execution.InvocationInterceptorChain.invoke(InvocationInterceptorChain.java:37)
	at org.junit.jupiter.engine.execution.InterceptingExecutableInvoker.invoke(InterceptingExecutableInvoker.java:92)
	at org.junit.jupiter.engine.execution.InterceptingExecutableInvoker.invoke(InterceptingExecutableInvoker.java:86)
	at org.junit.jupiter.engine.descriptor.TestMethodTestDescriptor.lambda$invokeTestMethod$7(TestMethodTestDescriptor.java:218)
	at org.junit.platform.engine.support.hierarchical.ThrowableCollector.execute(ThrowableCollector.java:73)
	at org.junit.jupiter.engine.descriptor.TestMethodTestDescriptor.invokeTestMethod(TestMethodTestDescriptor.java:214)
	at org.junit.jupiter.engine.descriptor.TestMethodTestDescriptor.execute(TestMethodTestDescriptor.java:139)
	at org.junit.jupiter.engine.descriptor.TestMethodTestDescriptor.execute(TestMethodTestDescriptor.java:69)
	at org.junit.platform.engine.support.hierarchical.NodeTestTask.lambda$executeRecursively$6(NodeTestTask.java:151)
	at org.junit.platform.engine.support.hierarchical.ThrowableCollector.execute(ThrowableCollector.java:73)
	at org.junit.platform.engine.support.hierarchical.NodeTestTask.lambda$executeRecursively$8(NodeTestTask.java:141)
	at org.junit.platform.engine.support.hierarchical.Node.around(Node.java:137)
	at org.junit.platform.engine.support.hierarchical.NodeTestTask.lambda$executeRecursively$9(NodeTestTask.java:139)
	at org.junit.platform.engine.support.hierarchical.ThrowableCollector.execute(ThrowableCollector.java:73)
	at org.junit.platform.engine.support.hierarchical.NodeTestTask.executeRecursively(NodeTestTask.java:138)
	at org.junit.platform.engine.support.hierarchical.NodeTestTask.execute(NodeTestTask.java:95)
	at java.base/java.util.ArrayList.forEach(ArrayList.java:1596)
	at org.junit.platform.engine.support.hierarchical.SameThreadHierarchicalTestExecutorService.invokeAll(SameThreadHierarchicalTestExecutorService.java:41)
	at org.junit.platform.engine.support.hierarchical.NodeTestTask.lambda$executeRecursively$6(NodeTestTask.java:155)
	at org.junit.platform.engine.support.hierarchical.ThrowableCollector.execute(ThrowableCollector.java:73)
	at org.junit.platform.engine.support.hierarchical.NodeTestTask.lambda$executeRecursively$8(NodeTestTask.java:141)
	at org.junit.platform.engine.support.hierarchical.Node.around(Node.java:137)
	at org.junit.platform.engine.support.hierarchical.NodeTestTask.lambda$executeRecursively$9(NodeTestTask.java:139)
	at org.junit.platform.engine.support.hierarchical.ThrowableCollector.execute(ThrowableCollector.java:73)
	at org.junit.platform.engine.support.hierarchical.NodeTestTask.executeRecursively(NodeTestTask.java:138)
	at org.junit.platform.engine.support.hierarchical.NodeTestTask.execute(NodeTestTask.java:95)
	at java.base/java.util.ArrayList.forEach(ArrayList.java:1596)
	at org.junit.platform.engine.support.hierarchical.SameThreadHierarchicalTestExecutorService.invokeAll(SameThreadHierarchicalTestExecutorService.java:41)
	at org.junit.platform.engine.support.hierarchical.NodeTestTask.lambda$executeRecursively$6(NodeTestTask.java:155)
	at org.junit.platform.engine.support.hierarchical.ThrowableCollector.execute(ThrowableCollector.java:73)
	at org.junit.platform.engine.support.hierarchical.NodeTestTask.lambda$executeRecursively$8(NodeTestTask.java:141)
	at org.junit.platform.engine.support.hierarchical.Node.around(Node.java:137)
	at org.junit.platform.engine.support.hierarchical.NodeTestTask.lambda$executeRecursively$9(NodeTestTask.java:139)
	at org.junit.platform.engine.support.hierarchical.ThrowableCollector.execute(ThrowableCollector.java:73)
	at org.junit.platform.engine.support.hierarchical.NodeTestTask.executeRecursively(NodeTestTask.java:138)
	at org.junit.platform.engine.support.hierarchical.NodeTestTask.execute(NodeTestTask.java:95)
	at org.junit.platform.engine.support.hierarchical.SameThreadHierarchicalTestExecutorService.submit(SameThreadHierarchicalTestExecutorService.java:35)
	at org.junit.platform.engine.support.hierarchical.HierarchicalTestExecutor.execute(HierarchicalTestExecutor.java:57)
	at org.junit.platform.engine.support.hierarchical.HierarchicalTestEngine.execute(HierarchicalTestEngine.java:54)
	at org.junit.platform.launcher.core.EngineExecutionOrchestrator.execute(EngineExecutionOrchestrator.java:198)
	at org.junit.platform.launcher.core.EngineExecutionOrchestrator.execute(EngineExecutionOrchestrator.java:169)
	at org.junit.platform.launcher.core.EngineExecutionOrchestrator.execute(EngineExecutionOrchestrator.java:93)
	at org.junit.platform.launcher.core.EngineExecutionOrchestrator.lambda$execute$0(EngineExecutionOrchestrator.java:58)
	at org.junit.platform.launcher.core.EngineExecutionOrchestrator.withInterceptedStreams(EngineExecutionOrchestrator.java:141)
	at org.junit.platform.launcher.core.EngineExecutionOrchestrator.execute(EngineExecutionOrchestrator.java:57)
	at org.junit.platform.launcher.core.DefaultLauncher.execute(DefaultLauncher.java:103)
	at org.junit.platform.launcher.core.DefaultLauncher.execute(DefaultLauncher.java:85)
	at org.junit.platform.launcher.core.DelegatingLauncher.execute(DelegatingLauncher.java:47)
	at org.junit.platform.launcher.core.SessionPerRequestLauncher.execute(SessionPerRequestLauncher.java:63)
	at com.intellij.junit5.JUnit5IdeaTestRunner.startRunnerWithArgs(JUnit5IdeaTestRunner.java:57)
	at com.intellij.rt.junit.IdeaTestRunner$Repeater$1.execute(IdeaTestRunner.java:38)
	at com.intellij.rt.execution.junit.TestsRepeater.repeat(TestsRepeater.java:11)
	at com.intellij.rt.junit.IdeaTestRunner$Repeater.startRunnerWithArgs(IdeaTestRunner.java:35)
	at com.intellij.rt.junit.JUnitStarter.prepareStreamsAndStart(JUnitStarter.java:232)
	at com.intellij.rt.junit.JUnitStarter.main(JUnitStarter.java:55)
2025-01-30 12:31:08 [main] INFO  l.insoft.uztis.tests.utils.TestUtils - Screenshot moved to C:\Users\ingrida.zadorozniene\Desktop\Asm\UZTIS\UZTIS_tests\test-output\screenshots\20250130\123108780_testFillNewApplication().png
2025-01-30 12:32:02 [main] INFO  lt.insoft.uztis.tests.UztisPageTest - Navigated to https://uztisdev.asseco.lt/home
2025-01-30 12:32:02 [main] INFO  l.i.u.t.SubmittedApplicationsPageTest - Starting test:'testFillNewApplication'
2025-01-30 12:32:03 [main] DEBUG l.i.u.t.SubmittedApplicationsPageTest - User logged in with test credentials
2025-01-30 12:32:03 [main] DEBUG l.i.u.t.SubmittedApplicationsPageTest - Opened 'Application Processing' menu.
2025-01-30 12:32:03 [main] DEBUG l.i.u.t.SubmittedApplicationsPageTest - Clicked on 'Application Forms' menu.
2025-01-30 12:32:04 [main] DEBUG l.i.u.t.SubmittedApplicationsPageTest - Retrieved last description code text: 'TST-VUI-27'.
2025-01-30 12:32:04 [main] DEBUG l.i.u.t.SubmittedApplicationsPageTest - Clicked on 'Invitation' menu.
2025-01-30 12:32:05 [main] DEBUG l.i.u.t.SubmittedApplicationsPageTest - Selected application section by code: 'TST-VUI-27'.
2025-01-30 12:32:05 [main] DEBUG l.i.u.t.SubmittedApplicationsPageTest - Clicked 'Search' button.
2025-01-30 12:32:05 [main] DEBUG l.i.u.t.SubmittedApplicationsPageTest - Retrieved invitation code: ''.
2025-01-30 12:32:05 [main] DEBUG l.i.u.t.SubmittedApplicationsPageTest - Clicked on 'Submitted Applications' menu.
2025-01-30 12:32:06 [main] DEBUG l.i.u.t.SubmittedApplicationsPageTest - Selected invitation by code: 'TST-VUI-27'.
2025-01-30 12:32:06 [main] DEBUG l.i.u.t.SubmittedApplicationsPageTest - Clicked on 'Action Application' button.
2025-01-30 12:32:07 [main] DEBUG l.i.u.t.SubmittedApplicationsPageTest - Clicked on 'New Application' button.
2025-01-30 12:32:07 [main] DEBUG l.i.u.t.SubmittedApplicationsPageTest - Clicked on 'RadioButtonFA' button.
2025-01-30 12:32:07 [main] DEBUG l.i.u.t.SubmittedApplicationsPageTest - Entered phone number into the input field.
2025-01-30 12:32:08 [main] DEBUG l.i.u.t.SubmittedApplicationsPageTest - Entered eMail into the input field.
2025-01-30 12:32:08 [main] INFO  l.i.u.p.SubmittedApplicationsPage - Located the dropdown button.
2025-01-30 12:32:27 [main] INFO  l.i.u.p.SubmittedApplicationsPage - Found 1741 options in the dropdown.
2025-01-30 12:32:27 [main] INFO  l.i.u.p.SubmittedApplicationsPage - Successfully selected the value: '01.11 - Grūdinių (išskyrus ryžius), ankštinių ir aliejingų sėklų augalų auginimas'
2025-01-30 12:32:38 [main] ERROR l.i.u.p.SubmittedApplicationsPage - Failed to close the dropdown with aria-expanded = 'false'. Attempting manual close.
2025-01-30 12:32:38 [main] INFO  l.i.u.p.SubmittedApplicationsPage - Manual close attempt for the dropdown using body click.
2025-01-30 12:32:38 [main] DEBUG l.i.u.t.SubmittedApplicationsPageTest - Entered Address into the input field.
2025-01-30 12:32:39 [main] DEBUG l.i.u.t.SubmittedApplicationsPageTest - Entered Address into the input field.
2025-01-30 12:32:39 [main] INFO  l.i.u.p.SubmittedApplicationsPage - Located the dropdown button.
2025-01-30 12:32:40 [main] INFO  l.i.u.p.SubmittedApplicationsPage - Successfully selected the value: 'Administratoriai'
2025-01-30 12:32:50 [main] ERROR l.i.u.p.SubmittedApplicationsPage - Timeout while waiting for dropdown to close with aria-expanded = 'false'.
2025-01-30 12:32:50 [main] DEBUG l.i.u.t.SubmittedApplicationsPageTest - Selected the value: 'Administratoriai'
2025-01-30 12:32:51 [main] INFO  l.i.u.p.SubmittedApplicationsPage - Located the dropdown button.
2025-01-30 12:32:51 [main] INFO  l.i.u.p.SubmittedApplicationsPage - Successfully selected the value: 'Kita'
2025-01-30 12:33:02 [main] ERROR l.i.u.p.SubmittedApplicationsPage - Timeout while waiting for dropdown to close with aria-expanded = 'false'.
2025-01-30 12:33:02 [main] DEBUG l.i.u.t.SubmittedApplicationsPageTest - Selected the value: 'Kita'
2025-01-30 12:33:02 [main] DEBUG l.i.u.t.SubmittedApplicationsPageTest - Selected the value: '6 val. per dieną ir 4 d. per savaitę'
2025-01-30 12:33:03 [main] DEBUG l.i.u.t.SubmittedApplicationsPageTest - Entered Address into the input field.
2025-01-30 12:33:13 [main] ERROR l.i.u.t.SubmittedApplicationsPageTest - Test 'testFillNewApplication' failed with error: no such element: Unable to locate element: {"method":"xpath","selector":"//div[contains(@class, 'mat-mdc-form-field-infix')]//common-textarea//textarea[6]"}
  (Session info: chrome=132.0.6834.111)
For documentation on this error, please visit: https://www.selenium.dev/documentation/webdriver/troubleshooting/errors#no-such-element-exception
Build info: version: '4.27.0', revision: 'd6e718d134'
System info: os.name: 'Windows 11', os.arch: 'amd64', os.version: '10.0', java.version: '21.0.3'
Driver info: org.openqa.selenium.chrome.ChromeDriver
Command: [85e1c719bffa9dbec6c509cb3193c819, findElement {using=xpath, value=//div[contains(@class, 'mat-mdc-form-field-infix')]//common-textarea//textarea[6]}]
Capabilities {acceptInsecureCerts: false, browserName: chrome, browserVersion: 132.0.6834.111, chrome: {chromedriverVersion: 132.0.6834.159 (2d77d3fc445..., userDataDir: C:\Users\INGRID~1.ZAD\AppDa...}, fedcm:accounts: true, goog:chromeOptions: {debuggerAddress: localhost:64200}, networkConnectionEnabled: false, pageLoadStrategy: normal, platformName: windows, proxy: Proxy(), se:cdp: ws://localhost:64200/devtoo..., se:cdpVersion: 132.0.6834.111, setWindowRect: true, strictFileInteractability: false, timeouts: {implicit: 0, pageLoad: 300000, script: 30000}, unhandledPromptBehavior: dismiss and notify, webauthn:extension:credBlob: true, webauthn:extension:largeBlob: true, webauthn:extension:minPinLength: true, webauthn:extension:prf: true, webauthn:virtualAuthenticators: true}
Session ID: 85e1c719bffa9dbec6c509cb3193c819
org.openqa.selenium.NoSuchElementException: no such element: Unable to locate element: {"method":"xpath","selector":"//div[contains(@class, 'mat-mdc-form-field-infix')]//common-textarea//textarea[6]"}
  (Session info: chrome=132.0.6834.111)
For documentation on this error, please visit: https://www.selenium.dev/documentation/webdriver/troubleshooting/errors#no-such-element-exception
Build info: version: '4.27.0', revision: 'd6e718d134'
System info: os.name: 'Windows 11', os.arch: 'amd64', os.version: '10.0', java.version: '21.0.3'
Driver info: org.openqa.selenium.chrome.ChromeDriver
Command: [85e1c719bffa9dbec6c509cb3193c819, findElement {using=xpath, value=//div[contains(@class, 'mat-mdc-form-field-infix')]//common-textarea//textarea[6]}]
Capabilities {acceptInsecureCerts: false, browserName: chrome, browserVersion: 132.0.6834.111, chrome: {chromedriverVersion: 132.0.6834.159 (2d77d3fc445..., userDataDir: C:\Users\INGRID~1.ZAD\AppDa...}, fedcm:accounts: true, goog:chromeOptions: {debuggerAddress: localhost:64200}, networkConnectionEnabled: false, pageLoadStrategy: normal, platformName: windows, proxy: Proxy(), se:cdp: ws://localhost:64200/devtoo..., se:cdpVersion: 132.0.6834.111, setWindowRect: true, strictFileInteractability: false, timeouts: {implicit: 0, pageLoad: 300000, script: 30000}, unhandledPromptBehavior: dismiss and notify, webauthn:extension:credBlob: true, webauthn:extension:largeBlob: true, webauthn:extension:minPinLength: true, webauthn:extension:prf: true, webauthn:virtualAuthenticators: true}
Session ID: 85e1c719bffa9dbec6c509cb3193c819
	at java.base/jdk.internal.reflect.DirectConstructorHandleAccessor.newInstance(DirectConstructorHandleAccessor.java:62)
	at java.base/java.lang.reflect.Constructor.newInstanceWithCaller(Constructor.java:502)
	at java.base/java.lang.reflect.Constructor.newInstance(Constructor.java:486)
	at org.openqa.selenium.remote.ErrorCodec.decode(ErrorCodec.java:167)
	at org.openqa.selenium.remote.codec.w3c.W3CHttpResponseCodec.decode(W3CHttpResponseCodec.java:138)
	at org.openqa.selenium.remote.codec.w3c.W3CHttpResponseCodec.decode(W3CHttpResponseCodec.java:50)
	at org.openqa.selenium.remote.HttpCommandExecutor.execute(HttpCommandExecutor.java:190)
	at org.openqa.selenium.remote.service.DriverCommandExecutor.invokeExecute(DriverCommandExecutor.java:216)
	at org.openqa.selenium.remote.service.DriverCommandExecutor.execute(DriverCommandExecutor.java:174)
	at org.openqa.selenium.remote.RemoteWebDriver.execute(RemoteWebDriver.java:545)
	at org.openqa.selenium.remote.ElementLocation$ElementFinder$2.findElement(ElementLocation.java:165)
	at org.openqa.selenium.remote.ElementLocation.findElement(ElementLocation.java:59)
	at org.openqa.selenium.remote.RemoteWebDriver.findElement(RemoteWebDriver.java:368)
	at org.openqa.selenium.remote.RemoteWebDriver.findElement(RemoteWebDriver.java:362)
	at org.openqa.selenium.support.pagefactory.DefaultElementLocator.findElement(DefaultElementLocator.java:68)
	at org.openqa.selenium.support.pagefactory.internal.LocatingElementHandler.invoke(LocatingElementHandler.java:38)
	at jdk.proxy2/jdk.proxy2.$Proxy14.clear(Unknown Source)
	at lt.insoft.uztis.pages.SubmittedApplicationsPage.enterJobDescription(SubmittedApplicationsPage.java:484)
	at lt.insoft.uztis.tests.SubmittedApplicationsPageTest.testFillNewApplication(SubmittedApplicationsPageTest.java:208)
	at java.base/jdk.internal.reflect.DirectMethodHandleAccessor.invoke(DirectMethodHandleAccessor.java:103)
	at java.base/java.lang.reflect.Method.invoke(Method.java:580)
	at org.junit.platform.commons.util.ReflectionUtils.invokeMethod(ReflectionUtils.java:728)
	at org.junit.jupiter.engine.execution.MethodInvocation.proceed(MethodInvocation.java:60)
	at org.junit.jupiter.engine.execution.InvocationInterceptorChain$ValidatingInvocation.proceed(InvocationInterceptorChain.java:131)
	at org.junit.jupiter.engine.extension.TimeoutExtension.intercept(TimeoutExtension.java:156)
	at org.junit.jupiter.engine.extension.TimeoutExtension.interceptTestableMethod(TimeoutExtension.java:147)
	at org.junit.jupiter.engine.extension.TimeoutExtension.interceptTestMethod(TimeoutExtension.java:86)
	at org.junit.jupiter.engine.execution.InterceptingExecutableInvoker$ReflectiveInterceptorCall.lambda$ofVoidMethod$0(InterceptingExecutableInvoker.java:103)
	at org.junit.jupiter.engine.execution.InterceptingExecutableInvoker.lambda$invoke$0(InterceptingExecutableInvoker.java:93)
	at org.junit.jupiter.engine.execution.InvocationInterceptorChain$InterceptedInvocation.proceed(InvocationInterceptorChain.java:106)
	at org.junit.jupiter.engine.execution.InvocationInterceptorChain.proceed(InvocationInterceptorChain.java:64)
	at org.junit.jupiter.engine.execution.InvocationInterceptorChain.chainAndInvoke(InvocationInterceptorChain.java:45)
	at org.junit.jupiter.engine.execution.InvocationInterceptorChain.invoke(InvocationInterceptorChain.java:37)
	at org.junit.jupiter.engine.execution.InterceptingExecutableInvoker.invoke(InterceptingExecutableInvoker.java:92)
	at org.junit.jupiter.engine.execution.InterceptingExecutableInvoker.invoke(InterceptingExecutableInvoker.java:86)
	at org.junit.jupiter.engine.descriptor.TestMethodTestDescriptor.lambda$invokeTestMethod$7(TestMethodTestDescriptor.java:218)
	at org.junit.platform.engine.support.hierarchical.ThrowableCollector.execute(ThrowableCollector.java:73)
	at org.junit.jupiter.engine.descriptor.TestMethodTestDescriptor.invokeTestMethod(TestMethodTestDescriptor.java:214)
	at org.junit.jupiter.engine.descriptor.TestMethodTestDescriptor.execute(TestMethodTestDescriptor.java:139)
	at org.junit.jupiter.engine.descriptor.TestMethodTestDescriptor.execute(TestMethodTestDescriptor.java:69)
	at org.junit.platform.engine.support.hierarchical.NodeTestTask.lambda$executeRecursively$6(NodeTestTask.java:151)
	at org.junit.platform.engine.support.hierarchical.ThrowableCollector.execute(ThrowableCollector.java:73)
	at org.junit.platform.engine.support.hierarchical.NodeTestTask.lambda$executeRecursively$8(NodeTestTask.java:141)
	at org.junit.platform.engine.support.hierarchical.Node.around(Node.java:137)
	at org.junit.platform.engine.support.hierarchical.NodeTestTask.lambda$executeRecursively$9(NodeTestTask.java:139)
	at org.junit.platform.engine.support.hierarchical.ThrowableCollector.execute(ThrowableCollector.java:73)
	at org.junit.platform.engine.support.hierarchical.NodeTestTask.executeRecursively(NodeTestTask.java:138)
	at org.junit.platform.engine.support.hierarchical.NodeTestTask.execute(NodeTestTask.java:95)
	at java.base/java.util.ArrayList.forEach(ArrayList.java:1596)
	at org.junit.platform.engine.support.hierarchical.SameThreadHierarchicalTestExecutorService.invokeAll(SameThreadHierarchicalTestExecutorService.java:41)
	at org.junit.platform.engine.support.hierarchical.NodeTestTask.lambda$executeRecursively$6(NodeTestTask.java:155)
	at org.junit.platform.engine.support.hierarchical.ThrowableCollector.execute(ThrowableCollector.java:73)
	at org.junit.platform.engine.support.hierarchical.NodeTestTask.lambda$executeRecursively$8(NodeTestTask.java:141)
	at org.junit.platform.engine.support.hierarchical.Node.around(Node.java:137)
	at org.junit.platform.engine.support.hierarchical.NodeTestTask.lambda$executeRecursively$9(NodeTestTask.java:139)
	at org.junit.platform.engine.support.hierarchical.ThrowableCollector.execute(ThrowableCollector.java:73)
	at org.junit.platform.engine.support.hierarchical.NodeTestTask.executeRecursively(NodeTestTask.java:138)
	at org.junit.platform.engine.support.hierarchical.NodeTestTask.execute(NodeTestTask.java:95)
	at java.base/java.util.ArrayList.forEach(ArrayList.java:1596)
	at org.junit.platform.engine.support.hierarchical.SameThreadHierarchicalTestExecutorService.invokeAll(SameThreadHierarchicalTestExecutorService.java:41)
	at org.junit.platform.engine.support.hierarchical.NodeTestTask.lambda$executeRecursively$6(NodeTestTask.java:155)
	at org.junit.platform.engine.support.hierarchical.ThrowableCollector.execute(ThrowableCollector.java:73)
	at org.junit.platform.engine.support.hierarchical.NodeTestTask.lambda$executeRecursively$8(NodeTestTask.java:141)
	at org.junit.platform.engine.support.hierarchical.Node.around(Node.java:137)
	at org.junit.platform.engine.support.hierarchical.NodeTestTask.lambda$executeRecursively$9(NodeTestTask.java:139)
	at org.junit.platform.engine.support.hierarchical.ThrowableCollector.execute(ThrowableCollector.java:73)
	at org.junit.platform.engine.support.hierarchical.NodeTestTask.executeRecursively(NodeTestTask.java:138)
	at org.junit.platform.engine.support.hierarchical.NodeTestTask.execute(NodeTestTask.java:95)
	at org.junit.platform.engine.support.hierarchical.SameThreadHierarchicalTestExecutorService.submit(SameThreadHierarchicalTestExecutorService.java:35)
	at org.junit.platform.engine.support.hierarchical.HierarchicalTestExecutor.execute(HierarchicalTestExecutor.java:57)
	at org.junit.platform.engine.support.hierarchical.HierarchicalTestEngine.execute(HierarchicalTestEngine.java:54)
	at org.junit.platform.launcher.core.EngineExecutionOrchestrator.execute(EngineExecutionOrchestrator.java:198)
	at org.junit.platform.launcher.core.EngineExecutionOrchestrator.execute(EngineExecutionOrchestrator.java:169)
	at org.junit.platform.launcher.core.EngineExecutionOrchestrator.execute(EngineExecutionOrchestrator.java:93)
	at org.junit.platform.launcher.core.EngineExecutionOrchestrator.lambda$execute$0(EngineExecutionOrchestrator.java:58)
	at org.junit.platform.launcher.core.EngineExecutionOrchestrator.withInterceptedStreams(EngineExecutionOrchestrator.java:141)
	at org.junit.platform.launcher.core.EngineExecutionOrchestrator.execute(EngineExecutionOrchestrator.java:57)
	at org.junit.platform.launcher.core.DefaultLauncher.execute(DefaultLauncher.java:103)
	at org.junit.platform.launcher.core.DefaultLauncher.execute(DefaultLauncher.java:85)
	at org.junit.platform.launcher.core.DelegatingLauncher.execute(DelegatingLauncher.java:47)
	at org.junit.platform.launcher.core.SessionPerRequestLauncher.execute(SessionPerRequestLauncher.java:63)
	at com.intellij.junit5.JUnit5IdeaTestRunner.startRunnerWithArgs(JUnit5IdeaTestRunner.java:57)
	at com.intellij.rt.junit.IdeaTestRunner$Repeater$1.execute(IdeaTestRunner.java:38)
	at com.intellij.rt.execution.junit.TestsRepeater.repeat(TestsRepeater.java:11)
	at com.intellij.rt.junit.IdeaTestRunner$Repeater.startRunnerWithArgs(IdeaTestRunner.java:35)
	at com.intellij.rt.junit.JUnitStarter.prepareStreamsAndStart(JUnitStarter.java:232)
	at com.intellij.rt.junit.JUnitStarter.main(JUnitStarter.java:55)
2025-01-30 12:33:13 [main] INFO  l.insoft.uztis.tests.utils.TestUtils - Screenshot moved to C:\Users\ingrida.zadorozniene\Desktop\Asm\UZTIS\UZTIS_tests\test-output\screenshots\20250130\123313497_testFillNewApplication().png
2025-01-30 12:33:56 [main] INFO  lt.insoft.uztis.tests.UztisPageTest - Navigated to https://uztisdev.asseco.lt/home
2025-01-30 12:33:57 [main] INFO  l.i.u.t.SubmittedApplicationsPageTest - Starting test:'testFillNewApplication'
2025-01-30 12:33:57 [main] DEBUG l.i.u.t.SubmittedApplicationsPageTest - User logged in with test credentials
2025-01-30 12:33:57 [main] DEBUG l.i.u.t.SubmittedApplicationsPageTest - Opened 'Application Processing' menu.
2025-01-30 12:33:58 [main] DEBUG l.i.u.t.SubmittedApplicationsPageTest - Clicked on 'Application Forms' menu.
2025-01-30 12:33:58 [main] DEBUG l.i.u.t.SubmittedApplicationsPageTest - Retrieved last description code text: 'TST-VUI-27'.
2025-01-30 12:33:58 [main] DEBUG l.i.u.t.SubmittedApplicationsPageTest - Clicked on 'Invitation' menu.
2025-01-30 12:33:59 [main] DEBUG l.i.u.t.SubmittedApplicationsPageTest - Selected application section by code: 'TST-VUI-27'.
2025-01-30 12:33:59 [main] DEBUG l.i.u.t.SubmittedApplicationsPageTest - Clicked 'Search' button.
2025-01-30 12:33:59 [main] DEBUG l.i.u.t.SubmittedApplicationsPageTest - Retrieved invitation code: ''.
2025-01-30 12:33:59 [main] DEBUG l.i.u.t.SubmittedApplicationsPageTest - Clicked on 'Submitted Applications' menu.
2025-01-30 12:34:00 [main] DEBUG l.i.u.t.SubmittedApplicationsPageTest - Selected invitation by code: 'TST-VUI-27'.
2025-01-30 12:34:00 [main] DEBUG l.i.u.t.SubmittedApplicationsPageTest - Clicked on 'Action Application' button.
2025-01-30 12:34:01 [main] DEBUG l.i.u.t.SubmittedApplicationsPageTest - Clicked on 'New Application' button.
2025-01-30 12:34:01 [main] DEBUG l.i.u.t.SubmittedApplicationsPageTest - Clicked on 'RadioButtonFA' button.
2025-01-30 12:34:01 [main] DEBUG l.i.u.t.SubmittedApplicationsPageTest - Entered phone number into the input field.
2025-01-30 12:34:02 [main] DEBUG l.i.u.t.SubmittedApplicationsPageTest - Entered eMail into the input field.
2025-01-30 12:34:02 [main] INFO  l.i.u.p.SubmittedApplicationsPage - Located the dropdown button.
2025-01-30 12:34:22 [main] INFO  l.i.u.p.SubmittedApplicationsPage - Found 1741 options in the dropdown.
2025-01-30 12:34:22 [main] INFO  l.i.u.p.SubmittedApplicationsPage - Successfully selected the value: '01.11 - Grūdinių (išskyrus ryžius), ankštinių ir aliejingų sėklų augalų auginimas'
2025-01-30 12:34:33 [main] ERROR l.i.u.p.SubmittedApplicationsPage - Failed to close the dropdown with aria-expanded = 'false'. Attempting manual close.
2025-01-30 12:34:33 [main] INFO  l.i.u.p.SubmittedApplicationsPage - Manual close attempt for the dropdown using body click.
2025-01-30 12:34:33 [main] DEBUG l.i.u.t.SubmittedApplicationsPageTest - Entered Address into the input field.
2025-01-30 12:34:33 [main] DEBUG l.i.u.t.SubmittedApplicationsPageTest - Entered Address into the input field.
2025-01-30 12:34:34 [main] INFO  l.i.u.p.SubmittedApplicationsPage - Located the dropdown button.
2025-01-30 12:34:35 [main] INFO  l.i.u.p.SubmittedApplicationsPage - Successfully selected the value: 'Administratoriai'
2025-01-30 12:34:45 [main] ERROR l.i.u.p.SubmittedApplicationsPage - Timeout while waiting for dropdown to close with aria-expanded = 'false'.
2025-01-30 12:34:45 [main] DEBUG l.i.u.t.SubmittedApplicationsPageTest - Selected the value: 'Administratoriai'
2025-01-30 12:34:45 [main] INFO  l.i.u.p.SubmittedApplicationsPage - Located the dropdown button.
2025-01-30 12:34:46 [main] INFO  l.i.u.p.SubmittedApplicationsPage - Successfully selected the value: 'Kita'
2025-01-30 12:34:56 [main] ERROR l.i.u.p.SubmittedApplicationsPage - Timeout while waiting for dropdown to close with aria-expanded = 'false'.
2025-01-30 12:34:56 [main] DEBUG l.i.u.t.SubmittedApplicationsPageTest - Selected the value: 'Kita'
2025-01-30 12:34:57 [main] DEBUG l.i.u.t.SubmittedApplicationsPageTest - Selected the value: '6 val. per dieną ir 4 d. per savaitę'
2025-01-30 12:34:57 [main] DEBUG l.i.u.t.SubmittedApplicationsPageTest - Entered Address into the input field.
2025-01-30 12:35:07 [main] ERROR l.i.u.t.SubmittedApplicationsPageTest - Test 'testFillNewApplication' failed with error: no such element: Unable to locate element: {"method":"xpath","selector":"//div[contains(@class, 'mat-mdc-form-field-infix')]//common-textarea//textarea[6]"}
  (Session info: chrome=132.0.6834.111)
For documentation on this error, please visit: https://www.selenium.dev/documentation/webdriver/troubleshooting/errors#no-such-element-exception
Build info: version: '4.27.0', revision: 'd6e718d134'
System info: os.name: 'Windows 11', os.arch: 'amd64', os.version: '10.0', java.version: '21.0.3'
Driver info: org.openqa.selenium.chrome.ChromeDriver
Command: [1debe54b42e8517bb2e5d4ea324d8f09, findElement {value=//div[contains(@class, 'mat-mdc-form-field-infix')]//common-textarea//textarea[6], using=xpath}]
Capabilities {acceptInsecureCerts: false, browserName: chrome, browserVersion: 132.0.6834.111, chrome: {chromedriverVersion: 132.0.6834.159 (2d77d3fc445..., userDataDir: C:\Users\INGRID~1.ZAD\AppDa...}, fedcm:accounts: true, goog:chromeOptions: {debuggerAddress: localhost:64280}, networkConnectionEnabled: false, pageLoadStrategy: normal, platformName: windows, proxy: Proxy(), se:cdp: ws://localhost:64280/devtoo..., se:cdpVersion: 132.0.6834.111, setWindowRect: true, strictFileInteractability: false, timeouts: {implicit: 0, pageLoad: 300000, script: 30000}, unhandledPromptBehavior: dismiss and notify, webauthn:extension:credBlob: true, webauthn:extension:largeBlob: true, webauthn:extension:minPinLength: true, webauthn:extension:prf: true, webauthn:virtualAuthenticators: true}
Session ID: 1debe54b42e8517bb2e5d4ea324d8f09
org.openqa.selenium.NoSuchElementException: no such element: Unable to locate element: {"method":"xpath","selector":"//div[contains(@class, 'mat-mdc-form-field-infix')]//common-textarea//textarea[6]"}
  (Session info: chrome=132.0.6834.111)
For documentation on this error, please visit: https://www.selenium.dev/documentation/webdriver/troubleshooting/errors#no-such-element-exception
Build info: version: '4.27.0', revision: 'd6e718d134'
System info: os.name: 'Windows 11', os.arch: 'amd64', os.version: '10.0', java.version: '21.0.3'
Driver info: org.openqa.selenium.chrome.ChromeDriver
Command: [1debe54b42e8517bb2e5d4ea324d8f09, findElement {value=//div[contains(@class, 'mat-mdc-form-field-infix')]//common-textarea//textarea[6], using=xpath}]
Capabilities {acceptInsecureCerts: false, browserName: chrome, browserVersion: 132.0.6834.111, chrome: {chromedriverVersion: 132.0.6834.159 (2d77d3fc445..., userDataDir: C:\Users\INGRID~1.ZAD\AppDa...}, fedcm:accounts: true, goog:chromeOptions: {debuggerAddress: localhost:64280}, networkConnectionEnabled: false, pageLoadStrategy: normal, platformName: windows, proxy: Proxy(), se:cdp: ws://localhost:64280/devtoo..., se:cdpVersion: 132.0.6834.111, setWindowRect: true, strictFileInteractability: false, timeouts: {implicit: 0, pageLoad: 300000, script: 30000}, unhandledPromptBehavior: dismiss and notify, webauthn:extension:credBlob: true, webauthn:extension:largeBlob: true, webauthn:extension:minPinLength: true, webauthn:extension:prf: true, webauthn:virtualAuthenticators: true}
Session ID: 1debe54b42e8517bb2e5d4ea324d8f09
	at java.base/jdk.internal.reflect.DirectConstructorHandleAccessor.newInstance(DirectConstructorHandleAccessor.java:62)
	at java.base/java.lang.reflect.Constructor.newInstanceWithCaller(Constructor.java:502)
	at java.base/java.lang.reflect.Constructor.newInstance(Constructor.java:486)
	at org.openqa.selenium.remote.ErrorCodec.decode(ErrorCodec.java:167)
	at org.openqa.selenium.remote.codec.w3c.W3CHttpResponseCodec.decode(W3CHttpResponseCodec.java:138)
	at org.openqa.selenium.remote.codec.w3c.W3CHttpResponseCodec.decode(W3CHttpResponseCodec.java:50)
	at org.openqa.selenium.remote.HttpCommandExecutor.execute(HttpCommandExecutor.java:190)
	at org.openqa.selenium.remote.service.DriverCommandExecutor.invokeExecute(DriverCommandExecutor.java:216)
	at org.openqa.selenium.remote.service.DriverCommandExecutor.execute(DriverCommandExecutor.java:174)
	at org.openqa.selenium.remote.RemoteWebDriver.execute(RemoteWebDriver.java:545)
	at org.openqa.selenium.remote.ElementLocation$ElementFinder$2.findElement(ElementLocation.java:165)
	at org.openqa.selenium.remote.ElementLocation.findElement(ElementLocation.java:59)
	at org.openqa.selenium.remote.RemoteWebDriver.findElement(RemoteWebDriver.java:368)
	at org.openqa.selenium.remote.RemoteWebDriver.findElement(RemoteWebDriver.java:362)
	at org.openqa.selenium.support.pagefactory.DefaultElementLocator.findElement(DefaultElementLocator.java:68)
	at org.openqa.selenium.support.pagefactory.internal.LocatingElementHandler.invoke(LocatingElementHandler.java:38)
	at jdk.proxy2/jdk.proxy2.$Proxy14.clear(Unknown Source)
	at lt.insoft.uztis.pages.SubmittedApplicationsPage.enterJobDescription(SubmittedApplicationsPage.java:484)
	at lt.insoft.uztis.tests.SubmittedApplicationsPageTest.testFillNewApplication(SubmittedApplicationsPageTest.java:208)
	at java.base/jdk.internal.reflect.DirectMethodHandleAccessor.invoke(DirectMethodHandleAccessor.java:103)
	at java.base/java.lang.reflect.Method.invoke(Method.java:580)
	at org.junit.platform.commons.util.ReflectionUtils.invokeMethod(ReflectionUtils.java:728)
	at org.junit.jupiter.engine.execution.MethodInvocation.proceed(MethodInvocation.java:60)
	at org.junit.jupiter.engine.execution.InvocationInterceptorChain$ValidatingInvocation.proceed(InvocationInterceptorChain.java:131)
	at org.junit.jupiter.engine.extension.TimeoutExtension.intercept(TimeoutExtension.java:156)
	at org.junit.jupiter.engine.extension.TimeoutExtension.interceptTestableMethod(TimeoutExtension.java:147)
	at org.junit.jupiter.engine.extension.TimeoutExtension.interceptTestMethod(TimeoutExtension.java:86)
	at org.junit.jupiter.engine.execution.InterceptingExecutableInvoker$ReflectiveInterceptorCall.lambda$ofVoidMethod$0(InterceptingExecutableInvoker.java:103)
	at org.junit.jupiter.engine.execution.InterceptingExecutableInvoker.lambda$invoke$0(InterceptingExecutableInvoker.java:93)
	at org.junit.jupiter.engine.execution.InvocationInterceptorChain$InterceptedInvocation.proceed(InvocationInterceptorChain.java:106)
	at org.junit.jupiter.engine.execution.InvocationInterceptorChain.proceed(InvocationInterceptorChain.java:64)
	at org.junit.jupiter.engine.execution.InvocationInterceptorChain.chainAndInvoke(InvocationInterceptorChain.java:45)
	at org.junit.jupiter.engine.execution.InvocationInterceptorChain.invoke(InvocationInterceptorChain.java:37)
	at org.junit.jupiter.engine.execution.InterceptingExecutableInvoker.invoke(InterceptingExecutableInvoker.java:92)
	at org.junit.jupiter.engine.execution.InterceptingExecutableInvoker.invoke(InterceptingExecutableInvoker.java:86)
	at org.junit.jupiter.engine.descriptor.TestMethodTestDescriptor.lambda$invokeTestMethod$7(TestMethodTestDescriptor.java:218)
	at org.junit.platform.engine.support.hierarchical.ThrowableCollector.execute(ThrowableCollector.java:73)
	at org.junit.jupiter.engine.descriptor.TestMethodTestDescriptor.invokeTestMethod(TestMethodTestDescriptor.java:214)
	at org.junit.jupiter.engine.descriptor.TestMethodTestDescriptor.execute(TestMethodTestDescriptor.java:139)
	at org.junit.jupiter.engine.descriptor.TestMethodTestDescriptor.execute(TestMethodTestDescriptor.java:69)
	at org.junit.platform.engine.support.hierarchical.NodeTestTask.lambda$executeRecursively$6(NodeTestTask.java:151)
	at org.junit.platform.engine.support.hierarchical.ThrowableCollector.execute(ThrowableCollector.java:73)
	at org.junit.platform.engine.support.hierarchical.NodeTestTask.lambda$executeRecursively$8(NodeTestTask.java:141)
	at org.junit.platform.engine.support.hierarchical.Node.around(Node.java:137)
	at org.junit.platform.engine.support.hierarchical.NodeTestTask.lambda$executeRecursively$9(NodeTestTask.java:139)
	at org.junit.platform.engine.support.hierarchical.ThrowableCollector.execute(ThrowableCollector.java:73)
	at org.junit.platform.engine.support.hierarchical.NodeTestTask.executeRecursively(NodeTestTask.java:138)
	at org.junit.platform.engine.support.hierarchical.NodeTestTask.execute(NodeTestTask.java:95)
	at java.base/java.util.ArrayList.forEach(ArrayList.java:1596)
	at org.junit.platform.engine.support.hierarchical.SameThreadHierarchicalTestExecutorService.invokeAll(SameThreadHierarchicalTestExecutorService.java:41)
	at org.junit.platform.engine.support.hierarchical.NodeTestTask.lambda$executeRecursively$6(NodeTestTask.java:155)
	at org.junit.platform.engine.support.hierarchical.ThrowableCollector.execute(ThrowableCollector.java:73)
	at org.junit.platform.engine.support.hierarchical.NodeTestTask.lambda$executeRecursively$8(NodeTestTask.java:141)
	at org.junit.platform.engine.support.hierarchical.Node.around(Node.java:137)
	at org.junit.platform.engine.support.hierarchical.NodeTestTask.lambda$executeRecursively$9(NodeTestTask.java:139)
	at org.junit.platform.engine.support.hierarchical.ThrowableCollector.execute(ThrowableCollector.java:73)
	at org.junit.platform.engine.support.hierarchical.NodeTestTask.executeRecursively(NodeTestTask.java:138)
	at org.junit.platform.engine.support.hierarchical.NodeTestTask.execute(NodeTestTask.java:95)
	at java.base/java.util.ArrayList.forEach(ArrayList.java:1596)
	at org.junit.platform.engine.support.hierarchical.SameThreadHierarchicalTestExecutorService.invokeAll(SameThreadHierarchicalTestExecutorService.java:41)
	at org.junit.platform.engine.support.hierarchical.NodeTestTask.lambda$executeRecursively$6(NodeTestTask.java:155)
	at org.junit.platform.engine.support.hierarchical.ThrowableCollector.execute(ThrowableCollector.java:73)
	at org.junit.platform.engine.support.hierarchical.NodeTestTask.lambda$executeRecursively$8(NodeTestTask.java:141)
	at org.junit.platform.engine.support.hierarchical.Node.around(Node.java:137)
	at org.junit.platform.engine.support.hierarchical.NodeTestTask.lambda$executeRecursively$9(NodeTestTask.java:139)
	at org.junit.platform.engine.support.hierarchical.ThrowableCollector.execute(ThrowableCollector.java:73)
	at org.junit.platform.engine.support.hierarchical.NodeTestTask.executeRecursively(NodeTestTask.java:138)
	at org.junit.platform.engine.support.hierarchical.NodeTestTask.execute(NodeTestTask.java:95)
	at org.junit.platform.engine.support.hierarchical.SameThreadHierarchicalTestExecutorService.submit(SameThreadHierarchicalTestExecutorService.java:35)
	at org.junit.platform.engine.support.hierarchical.HierarchicalTestExecutor.execute(HierarchicalTestExecutor.java:57)
	at org.junit.platform.engine.support.hierarchical.HierarchicalTestEngine.execute(HierarchicalTestEngine.java:54)
	at org.junit.platform.launcher.core.EngineExecutionOrchestrator.execute(EngineExecutionOrchestrator.java:198)
	at org.junit.platform.launcher.core.EngineExecutionOrchestrator.execute(EngineExecutionOrchestrator.java:169)
	at org.junit.platform.launcher.core.EngineExecutionOrchestrator.execute(EngineExecutionOrchestrator.java:93)
	at org.junit.platform.launcher.core.EngineExecutionOrchestrator.lambda$execute$0(EngineExecutionOrchestrator.java:58)
	at org.junit.platform.launcher.core.EngineExecutionOrchestrator.withInterceptedStreams(EngineExecutionOrchestrator.java:141)
	at org.junit.platform.launcher.core.EngineExecutionOrchestrator.execute(EngineExecutionOrchestrator.java:57)
	at org.junit.platform.launcher.core.DefaultLauncher.execute(DefaultLauncher.java:103)
	at org.junit.platform.launcher.core.DefaultLauncher.execute(DefaultLauncher.java:85)
	at org.junit.platform.launcher.core.DelegatingLauncher.execute(DelegatingLauncher.java:47)
	at org.junit.platform.launcher.core.SessionPerRequestLauncher.execute(SessionPerRequestLauncher.java:63)
	at com.intellij.junit5.JUnit5IdeaTestRunner.startRunnerWithArgs(JUnit5IdeaTestRunner.java:57)
	at com.intellij.rt.junit.IdeaTestRunner$Repeater$1.execute(IdeaTestRunner.java:38)
	at com.intellij.rt.execution.junit.TestsRepeater.repeat(TestsRepeater.java:11)
	at com.intellij.rt.junit.IdeaTestRunner$Repeater.startRunnerWithArgs(IdeaTestRunner.java:35)
	at com.intellij.rt.junit.JUnitStarter.prepareStreamsAndStart(JUnitStarter.java:232)
	at com.intellij.rt.junit.JUnitStarter.main(JUnitStarter.java:55)
2025-01-30 12:35:08 [main] INFO  l.insoft.uztis.tests.utils.TestUtils - Screenshot moved to C:\Users\ingrida.zadorozniene\Desktop\Asm\UZTIS\UZTIS_tests\test-output\screenshots\20250130\123508081_testFillNewApplication().png
2025-01-30 12:42:56 [main] INFO  lt.insoft.uztis.tests.UztisPageTest - Navigated to https://uztisdev.asseco.lt/home
2025-01-30 12:42:56 [main] INFO  l.i.u.t.SubmittedApplicationsPageTest - Starting test:'testFillNewApplication'
2025-01-30 12:42:57 [main] DEBUG l.i.u.t.SubmittedApplicationsPageTest - User logged in with test credentials
2025-01-30 12:42:57 [main] DEBUG l.i.u.t.SubmittedApplicationsPageTest - Opened 'Application Processing' menu.
2025-01-30 12:42:57 [main] DEBUG l.i.u.t.SubmittedApplicationsPageTest - Clicked on 'Application Forms' menu.
2025-01-30 12:42:57 [main] DEBUG l.i.u.t.SubmittedApplicationsPageTest - Retrieved last description code text: 'TST-VUI-27'.
2025-01-30 12:42:58 [main] DEBUG l.i.u.t.SubmittedApplicationsPageTest - Clicked on 'Invitation' menu.
2025-01-30 12:42:58 [main] DEBUG l.i.u.t.SubmittedApplicationsPageTest - Selected application section by code: 'TST-VUI-27'.
2025-01-30 12:42:59 [main] DEBUG l.i.u.t.SubmittedApplicationsPageTest - Clicked 'Search' button.
2025-01-30 12:42:59 [main] DEBUG l.i.u.t.SubmittedApplicationsPageTest - Retrieved invitation code: ''.
2025-01-30 12:42:59 [main] DEBUG l.i.u.t.SubmittedApplicationsPageTest - Clicked on 'Submitted Applications' menu.
2025-01-30 12:43:00 [main] DEBUG l.i.u.t.SubmittedApplicationsPageTest - Selected invitation by code: 'TST-VUI-27'.
2025-01-30 12:43:00 [main] DEBUG l.i.u.t.SubmittedApplicationsPageTest - Clicked on 'Action Application' button.
2025-01-30 12:43:00 [main] DEBUG l.i.u.t.SubmittedApplicationsPageTest - Clicked on 'New Application' button.
2025-01-30 12:43:00 [main] DEBUG l.i.u.t.SubmittedApplicationsPageTest - Clicked on 'RadioButtonFA' button.
2025-01-30 12:43:01 [main] DEBUG l.i.u.t.SubmittedApplicationsPageTest - Entered phone number into the input field.
2025-01-30 12:43:01 [main] DEBUG l.i.u.t.SubmittedApplicationsPageTest - Entered eMail into the input field.
2025-01-30 12:43:01 [main] INFO  l.i.u.p.SubmittedApplicationsPage - Located the dropdown button.
2025-01-30 12:43:19 [main] INFO  l.i.u.p.SubmittedApplicationsPage - Found 1741 options in the dropdown.
2025-01-30 12:43:19 [main] INFO  l.i.u.p.SubmittedApplicationsPage - Successfully selected the value: '01.11 - Grūdinių (išskyrus ryžius), ankštinių ir aliejingų sėklų augalų auginimas'
2025-01-30 12:43:30 [main] ERROR l.i.u.p.SubmittedApplicationsPage - Failed to close the dropdown with aria-expanded = 'false'. Attempting manual close.
2025-01-30 12:43:30 [main] INFO  l.i.u.p.SubmittedApplicationsPage - Manual close attempt for the dropdown using body click.
2025-01-30 12:43:30 [main] DEBUG l.i.u.t.SubmittedApplicationsPageTest - Entered Address into the input field.
2025-01-30 12:43:30 [main] DEBUG l.i.u.t.SubmittedApplicationsPageTest - Entered Address into the input field.
2025-01-30 12:43:32 [main] ERROR l.i.u.t.SubmittedApplicationsPageTest - Test 'testFillNewApplication' failed with error: element click intercepted: Element <input type="radio" class="mdc-radio__native-control" id="mat-radio-3-input" name="mat-radio-group-1" value="false" tabindex="0"> is not clickable at point (1060, 363). Other element would receive the click: <mat-radio-group role="radiogroup" class="mat-mdc-radio-group ng-untouched ng-pristine ng-valid">...</mat-radio-group>
  (Session info: chrome=132.0.6834.111)
Build info: version: '4.27.0', revision: 'd6e718d134'
System info: os.name: 'Windows 11', os.arch: 'amd64', os.version: '10.0', java.version: '21.0.3'
Driver info: org.openqa.selenium.chrome.ChromeDriver
Command: [e2db602ad11841c52f8cb90f969d2bac, clickElement {id=f.32B5C5285CA11E4FB7249F8EE09BBB63.d.4AFAD9FAF6D5CF7A4EFFD1A04195B5B4.e.2003}]
Capabilities {acceptInsecureCerts: false, browserName: chrome, browserVersion: 132.0.6834.111, chrome: {chromedriverVersion: 132.0.6834.159 (2d77d3fc445..., userDataDir: C:\Users\INGRID~1.ZAD\AppDa...}, fedcm:accounts: true, goog:chromeOptions: {debuggerAddress: localhost:64581}, networkConnectionEnabled: false, pageLoadStrategy: normal, platformName: windows, proxy: Proxy(), se:cdp: ws://localhost:64581/devtoo..., se:cdpVersion: 132.0.6834.111, setWindowRect: true, strictFileInteractability: false, timeouts: {implicit: 0, pageLoad: 300000, script: 30000}, unhandledPromptBehavior: dismiss and notify, webauthn:extension:credBlob: true, webauthn:extension:largeBlob: true, webauthn:extension:minPinLength: true, webauthn:extension:prf: true, webauthn:virtualAuthenticators: true}
Element: [[ChromeDriver: chrome on windows (e2db602ad11841c52f8cb90f969d2bac)] -> xpath: (//input[@type='radio' and @value='false'])[1]]
Session ID: e2db602ad11841c52f8cb90f969d2bac
org.openqa.selenium.ElementClickInterceptedException: element click intercepted: Element <input type="radio" class="mdc-radio__native-control" id="mat-radio-3-input" name="mat-radio-group-1" value="false" tabindex="0"> is not clickable at point (1060, 363). Other element would receive the click: <mat-radio-group role="radiogroup" class="mat-mdc-radio-group ng-untouched ng-pristine ng-valid">...</mat-radio-group>
  (Session info: chrome=132.0.6834.111)
Build info: version: '4.27.0', revision: 'd6e718d134'
System info: os.name: 'Windows 11', os.arch: 'amd64', os.version: '10.0', java.version: '21.0.3'
Driver info: org.openqa.selenium.chrome.ChromeDriver
Command: [e2db602ad11841c52f8cb90f969d2bac, clickElement {id=f.32B5C5285CA11E4FB7249F8EE09BBB63.d.4AFAD9FAF6D5CF7A4EFFD1A04195B5B4.e.2003}]
Capabilities {acceptInsecureCerts: false, browserName: chrome, browserVersion: 132.0.6834.111, chrome: {chromedriverVersion: 132.0.6834.159 (2d77d3fc445..., userDataDir: C:\Users\INGRID~1.ZAD\AppDa...}, fedcm:accounts: true, goog:chromeOptions: {debuggerAddress: localhost:64581}, networkConnectionEnabled: false, pageLoadStrategy: normal, platformName: windows, proxy: Proxy(), se:cdp: ws://localhost:64581/devtoo..., se:cdpVersion: 132.0.6834.111, setWindowRect: true, strictFileInteractability: false, timeouts: {implicit: 0, pageLoad: 300000, script: 30000}, unhandledPromptBehavior: dismiss and notify, webauthn:extension:credBlob: true, webauthn:extension:largeBlob: true, webauthn:extension:minPinLength: true, webauthn:extension:prf: true, webauthn:virtualAuthenticators: true}
Element: [[ChromeDriver: chrome on windows (e2db602ad11841c52f8cb90f969d2bac)] -> xpath: (//input[@type='radio' and @value='false'])[1]]
Session ID: e2db602ad11841c52f8cb90f969d2bac
	at java.base/jdk.internal.reflect.DirectConstructorHandleAccessor.newInstance(DirectConstructorHandleAccessor.java:62)
	at java.base/java.lang.reflect.Constructor.newInstanceWithCaller(Constructor.java:502)
	at java.base/java.lang.reflect.Constructor.newInstance(Constructor.java:486)
	at org.openqa.selenium.remote.ErrorCodec.decode(ErrorCodec.java:167)
	at org.openqa.selenium.remote.codec.w3c.W3CHttpResponseCodec.decode(W3CHttpResponseCodec.java:138)
	at org.openqa.selenium.remote.codec.w3c.W3CHttpResponseCodec.decode(W3CHttpResponseCodec.java:50)
	at org.openqa.selenium.remote.HttpCommandExecutor.execute(HttpCommandExecutor.java:190)
	at org.openqa.selenium.remote.service.DriverCommandExecutor.invokeExecute(DriverCommandExecutor.java:216)
	at org.openqa.selenium.remote.service.DriverCommandExecutor.execute(DriverCommandExecutor.java:174)
	at org.openqa.selenium.remote.RemoteWebDriver.execute(RemoteWebDriver.java:545)
	at org.openqa.selenium.remote.RemoteWebElement.execute(RemoteWebElement.java:223)
	at org.openqa.selenium.remote.RemoteWebElement.click(RemoteWebElement.java:76)
	at java.base/jdk.internal.reflect.DirectMethodHandleAccessor.invoke(DirectMethodHandleAccessor.java:103)
	at java.base/java.lang.reflect.Method.invoke(Method.java:580)
	at org.openqa.selenium.support.pagefactory.internal.LocatingElementHandler.invoke(LocatingElementHandler.java:51)
	at jdk.proxy2/jdk.proxy2.$Proxy14.click(Unknown Source)
	at lt.insoft.uztis.pages.SubmittedApplicationsPage.clickRadioButtonWithDisabilities(SubmittedApplicationsPage.java:346)
	at lt.insoft.uztis.tests.SubmittedApplicationsPageTest.testFillNewApplication(SubmittedApplicationsPageTest.java:180)
	at java.base/jdk.internal.reflect.DirectMethodHandleAccessor.invoke(DirectMethodHandleAccessor.java:103)
	at java.base/java.lang.reflect.Method.invoke(Method.java:580)
	at org.junit.platform.commons.util.ReflectionUtils.invokeMethod(ReflectionUtils.java:728)
	at org.junit.jupiter.engine.execution.MethodInvocation.proceed(MethodInvocation.java:60)
	at org.junit.jupiter.engine.execution.InvocationInterceptorChain$ValidatingInvocation.proceed(InvocationInterceptorChain.java:131)
	at org.junit.jupiter.engine.extension.TimeoutExtension.intercept(TimeoutExtension.java:156)
	at org.junit.jupiter.engine.extension.TimeoutExtension.interceptTestableMethod(TimeoutExtension.java:147)
	at org.junit.jupiter.engine.extension.TimeoutExtension.interceptTestMethod(TimeoutExtension.java:86)
	at org.junit.jupiter.engine.execution.InterceptingExecutableInvoker$ReflectiveInterceptorCall.lambda$ofVoidMethod$0(InterceptingExecutableInvoker.java:103)
	at org.junit.jupiter.engine.execution.InterceptingExecutableInvoker.lambda$invoke$0(InterceptingExecutableInvoker.java:93)
	at org.junit.jupiter.engine.execution.InvocationInterceptorChain$InterceptedInvocation.proceed(InvocationInterceptorChain.java:106)
	at org.junit.jupiter.engine.execution.InvocationInterceptorChain.proceed(InvocationInterceptorChain.java:64)
	at org.junit.jupiter.engine.execution.InvocationInterceptorChain.chainAndInvoke(InvocationInterceptorChain.java:45)
	at org.junit.jupiter.engine.execution.InvocationInterceptorChain.invoke(InvocationInterceptorChain.java:37)
	at org.junit.jupiter.engine.execution.InterceptingExecutableInvoker.invoke(InterceptingExecutableInvoker.java:92)
	at org.junit.jupiter.engine.execution.InterceptingExecutableInvoker.invoke(InterceptingExecutableInvoker.java:86)
	at org.junit.jupiter.engine.descriptor.TestMethodTestDescriptor.lambda$invokeTestMethod$7(TestMethodTestDescriptor.java:218)
	at org.junit.platform.engine.support.hierarchical.ThrowableCollector.execute(ThrowableCollector.java:73)
	at org.junit.jupiter.engine.descriptor.TestMethodTestDescriptor.invokeTestMethod(TestMethodTestDescriptor.java:214)
	at org.junit.jupiter.engine.descriptor.TestMethodTestDescriptor.execute(TestMethodTestDescriptor.java:139)
	at org.junit.jupiter.engine.descriptor.TestMethodTestDescriptor.execute(TestMethodTestDescriptor.java:69)
	at org.junit.platform.engine.support.hierarchical.NodeTestTask.lambda$executeRecursively$6(NodeTestTask.java:151)
	at org.junit.platform.engine.support.hierarchical.ThrowableCollector.execute(ThrowableCollector.java:73)
	at org.junit.platform.engine.support.hierarchical.NodeTestTask.lambda$executeRecursively$8(NodeTestTask.java:141)
	at org.junit.platform.engine.support.hierarchical.Node.around(Node.java:137)
	at org.junit.platform.engine.support.hierarchical.NodeTestTask.lambda$executeRecursively$9(NodeTestTask.java:139)
	at org.junit.platform.engine.support.hierarchical.ThrowableCollector.execute(ThrowableCollector.java:73)
	at org.junit.platform.engine.support.hierarchical.NodeTestTask.executeRecursively(NodeTestTask.java:138)
	at org.junit.platform.engine.support.hierarchical.NodeTestTask.execute(NodeTestTask.java:95)
	at java.base/java.util.ArrayList.forEach(ArrayList.java:1596)
	at org.junit.platform.engine.support.hierarchical.SameThreadHierarchicalTestExecutorService.invokeAll(SameThreadHierarchicalTestExecutorService.java:41)
	at org.junit.platform.engine.support.hierarchical.NodeTestTask.lambda$executeRecursively$6(NodeTestTask.java:155)
	at org.junit.platform.engine.support.hierarchical.ThrowableCollector.execute(ThrowableCollector.java:73)
	at org.junit.platform.engine.support.hierarchical.NodeTestTask.lambda$executeRecursively$8(NodeTestTask.java:141)
	at org.junit.platform.engine.support.hierarchical.Node.around(Node.java:137)
	at org.junit.platform.engine.support.hierarchical.NodeTestTask.lambda$executeRecursively$9(NodeTestTask.java:139)
	at org.junit.platform.engine.support.hierarchical.ThrowableCollector.execute(ThrowableCollector.java:73)
	at org.junit.platform.engine.support.hierarchical.NodeTestTask.executeRecursively(NodeTestTask.java:138)
	at org.junit.platform.engine.support.hierarchical.NodeTestTask.execute(NodeTestTask.java:95)
	at java.base/java.util.ArrayList.forEach(ArrayList.java:1596)
	at org.junit.platform.engine.support.hierarchical.SameThreadHierarchicalTestExecutorService.invokeAll(SameThreadHierarchicalTestExecutorService.java:41)
	at org.junit.platform.engine.support.hierarchical.NodeTestTask.lambda$executeRecursively$6(NodeTestTask.java:155)
	at org.junit.platform.engine.support.hierarchical.ThrowableCollector.execute(ThrowableCollector.java:73)
	at org.junit.platform.engine.support.hierarchical.NodeTestTask.lambda$executeRecursively$8(NodeTestTask.java:141)
	at org.junit.platform.engine.support.hierarchical.Node.around(Node.java:137)
	at org.junit.platform.engine.support.hierarchical.NodeTestTask.lambda$executeRecursively$9(NodeTestTask.java:139)
	at org.junit.platform.engine.support.hierarchical.ThrowableCollector.execute(ThrowableCollector.java:73)
	at org.junit.platform.engine.support.hierarchical.NodeTestTask.executeRecursively(NodeTestTask.java:138)
	at org.junit.platform.engine.support.hierarchical.NodeTestTask.execute(NodeTestTask.java:95)
	at org.junit.platform.engine.support.hierarchical.SameThreadHierarchicalTestExecutorService.submit(SameThreadHierarchicalTestExecutorService.java:35)
	at org.junit.platform.engine.support.hierarchical.HierarchicalTestExecutor.execute(HierarchicalTestExecutor.java:57)
	at org.junit.platform.engine.support.hierarchical.HierarchicalTestEngine.execute(HierarchicalTestEngine.java:54)
	at org.junit.platform.launcher.core.EngineExecutionOrchestrator.execute(EngineExecutionOrchestrator.java:198)
	at org.junit.platform.launcher.core.EngineExecutionOrchestrator.execute(EngineExecutionOrchestrator.java:169)
	at org.junit.platform.launcher.core.EngineExecutionOrchestrator.execute(EngineExecutionOrchestrator.java:93)
	at org.junit.platform.launcher.core.EngineExecutionOrchestrator.lambda$execute$0(EngineExecutionOrchestrator.java:58)
	at org.junit.platform.launcher.core.EngineExecutionOrchestrator.withInterceptedStreams(EngineExecutionOrchestrator.java:141)
	at org.junit.platform.launcher.core.EngineExecutionOrchestrator.execute(EngineExecutionOrchestrator.java:57)
	at org.junit.platform.launcher.core.DefaultLauncher.execute(DefaultLauncher.java:103)
	at org.junit.platform.launcher.core.DefaultLauncher.execute(DefaultLauncher.java:85)
	at org.junit.platform.launcher.core.DelegatingLauncher.execute(DelegatingLauncher.java:47)
	at org.junit.platform.launcher.core.SessionPerRequestLauncher.execute(SessionPerRequestLauncher.java:63)
	at com.intellij.junit5.JUnit5IdeaTestRunner.startRunnerWithArgs(JUnit5IdeaTestRunner.java:57)
	at com.intellij.rt.junit.IdeaTestRunner$Repeater$1.execute(IdeaTestRunner.java:38)
	at com.intellij.rt.execution.junit.TestsRepeater.repeat(TestsRepeater.java:11)
	at com.intellij.rt.junit.IdeaTestRunner$Repeater.startRunnerWithArgs(IdeaTestRunner.java:35)
	at com.intellij.rt.junit.JUnitStarter.prepareStreamsAndStart(JUnitStarter.java:232)
	at com.intellij.rt.junit.JUnitStarter.main(JUnitStarter.java:55)
2025-01-30 12:43:32 [main] INFO  l.insoft.uztis.tests.utils.TestUtils - Screenshot moved to C:\Users\ingrida.zadorozniene\Desktop\Asm\UZTIS\UZTIS_tests\test-output\screenshots\20250130\124332777_testFillNewApplication().png
2025-01-30 12:43:59 [main] INFO  lt.insoft.uztis.tests.UztisPageTest - Navigated to https://uztisdev.asseco.lt/home
2025-01-30 12:43:59 [main] INFO  l.i.u.t.SubmittedApplicationsPageTest - Starting test:'testFillNewApplication'
2025-01-30 12:43:59 [main] DEBUG l.i.u.t.SubmittedApplicationsPageTest - User logged in with test credentials
2025-01-30 12:44:00 [main] DEBUG l.i.u.t.SubmittedApplicationsPageTest - Opened 'Application Processing' menu.
2025-01-30 12:44:00 [main] DEBUG l.i.u.t.SubmittedApplicationsPageTest - Clicked on 'Application Forms' menu.
2025-01-30 12:44:00 [main] DEBUG l.i.u.t.SubmittedApplicationsPageTest - Retrieved last description code text: 'TST-VUI-27'.
2025-01-30 12:44:00 [main] DEBUG l.i.u.t.SubmittedApplicationsPageTest - Clicked on 'Invitation' menu.
2025-01-30 12:44:01 [main] DEBUG l.i.u.t.SubmittedApplicationsPageTest - Selected application section by code: 'TST-VUI-27'.
2025-01-30 12:44:01 [main] DEBUG l.i.u.t.SubmittedApplicationsPageTest - Clicked 'Search' button.
2025-01-30 12:44:01 [main] DEBUG l.i.u.t.SubmittedApplicationsPageTest - Retrieved invitation code: ''.
2025-01-30 12:44:01 [main] DEBUG l.i.u.t.SubmittedApplicationsPageTest - Clicked on 'Submitted Applications' menu.
2025-01-30 12:44:02 [main] DEBUG l.i.u.t.SubmittedApplicationsPageTest - Selected invitation by code: 'TST-VUI-27'.
2025-01-30 12:44:03 [main] DEBUG l.i.u.t.SubmittedApplicationsPageTest - Clicked on 'Action Application' button.
2025-01-30 12:44:03 [main] DEBUG l.i.u.t.SubmittedApplicationsPageTest - Clicked on 'New Application' button.
2025-01-30 12:44:03 [main] DEBUG l.i.u.t.SubmittedApplicationsPageTest - Clicked on 'RadioButtonFA' button.
2025-01-30 12:44:04 [main] DEBUG l.i.u.t.SubmittedApplicationsPageTest - Entered phone number into the input field.
2025-01-30 12:44:04 [main] DEBUG l.i.u.t.SubmittedApplicationsPageTest - Entered eMail into the input field.
2025-01-30 12:44:04 [main] INFO  l.i.u.p.SubmittedApplicationsPage - Located the dropdown button.
2025-01-30 12:44:24 [main] INFO  l.i.u.p.SubmittedApplicationsPage - Found 1741 options in the dropdown.
2025-01-30 12:44:24 [main] INFO  l.i.u.p.SubmittedApplicationsPage - Successfully selected the value: '01.11 - Grūdinių (išskyrus ryžius), ankštinių ir aliejingų sėklų augalų auginimas'
2025-01-30 12:44:35 [main] ERROR l.i.u.p.SubmittedApplicationsPage - Failed to close the dropdown with aria-expanded = 'false'. Attempting manual close.
2025-01-30 12:44:35 [main] INFO  l.i.u.p.SubmittedApplicationsPage - Manual close attempt for the dropdown using body click.
2025-01-30 12:44:35 [main] DEBUG l.i.u.t.SubmittedApplicationsPageTest - Entered Address into the input field.
2025-01-30 12:44:36 [main] DEBUG l.i.u.t.SubmittedApplicationsPageTest - Entered Address into the input field.
2025-01-30 12:44:46 [main] ERROR l.i.u.t.SubmittedApplicationsPageTest - Test 'testFillNewApplication' failed with error: no such element: Unable to locate element: {"method":"xpath","selector":"//mat-label[contains(text(), 'Darbo vieta steigiama laikiniems darbams?')]//input[@value='false']"}
  (Session info: chrome=132.0.6834.111)
For documentation on this error, please visit: https://www.selenium.dev/documentation/webdriver/troubleshooting/errors#no-such-element-exception
Build info: version: '4.27.0', revision: 'd6e718d134'
System info: os.name: 'Windows 11', os.arch: 'amd64', os.version: '10.0', java.version: '21.0.3'
Driver info: org.openqa.selenium.chrome.ChromeDriver
Command: [d1443da56399ee4fdedcea5b06353e8e, findElement {using=xpath, value=//mat-label[contains(text(), 'Darbo vieta steigiama laikiniems darbams?')]//input[@value='false']}]
Capabilities {acceptInsecureCerts: false, browserName: chrome, browserVersion: 132.0.6834.111, chrome: {chromedriverVersion: 132.0.6834.159 (2d77d3fc445..., userDataDir: C:\Users\INGRID~1.ZAD\AppDa...}, fedcm:accounts: true, goog:chromeOptions: {debuggerAddress: localhost:64651}, networkConnectionEnabled: false, pageLoadStrategy: normal, platformName: windows, proxy: Proxy(), se:cdp: ws://localhost:64651/devtoo..., se:cdpVersion: 132.0.6834.111, setWindowRect: true, strictFileInteractability: false, timeouts: {implicit: 0, pageLoad: 300000, script: 30000}, unhandledPromptBehavior: dismiss and notify, webauthn:extension:credBlob: true, webauthn:extension:largeBlob: true, webauthn:extension:minPinLength: true, webauthn:extension:prf: true, webauthn:virtualAuthenticators: true}
Session ID: d1443da56399ee4fdedcea5b06353e8e
org.openqa.selenium.NoSuchElementException: no such element: Unable to locate element: {"method":"xpath","selector":"//mat-label[contains(text(), 'Darbo vieta steigiama laikiniems darbams?')]//input[@value='false']"}
  (Session info: chrome=132.0.6834.111)
For documentation on this error, please visit: https://www.selenium.dev/documentation/webdriver/troubleshooting/errors#no-such-element-exception
Build info: version: '4.27.0', revision: 'd6e718d134'
System info: os.name: 'Windows 11', os.arch: 'amd64', os.version: '10.0', java.version: '21.0.3'
Driver info: org.openqa.selenium.chrome.ChromeDriver
Command: [d1443da56399ee4fdedcea5b06353e8e, findElement {using=xpath, value=//mat-label[contains(text(), 'Darbo vieta steigiama laikiniems darbams?')]//input[@value='false']}]
Capabilities {acceptInsecureCerts: false, browserName: chrome, browserVersion: 132.0.6834.111, chrome: {chromedriverVersion: 132.0.6834.159 (2d77d3fc445..., userDataDir: C:\Users\INGRID~1.ZAD\AppDa...}, fedcm:accounts: true, goog:chromeOptions: {debuggerAddress: localhost:64651}, networkConnectionEnabled: false, pageLoadStrategy: normal, platformName: windows, proxy: Proxy(), se:cdp: ws://localhost:64651/devtoo..., se:cdpVersion: 132.0.6834.111, setWindowRect: true, strictFileInteractability: false, timeouts: {implicit: 0, pageLoad: 300000, script: 30000}, unhandledPromptBehavior: dismiss and notify, webauthn:extension:credBlob: true, webauthn:extension:largeBlob: true, webauthn:extension:minPinLength: true, webauthn:extension:prf: true, webauthn:virtualAuthenticators: true}
Session ID: d1443da56399ee4fdedcea5b06353e8e
	at java.base/jdk.internal.reflect.DirectConstructorHandleAccessor.newInstance(DirectConstructorHandleAccessor.java:62)
	at java.base/java.lang.reflect.Constructor.newInstanceWithCaller(Constructor.java:502)
	at java.base/java.lang.reflect.Constructor.newInstance(Constructor.java:486)
	at org.openqa.selenium.remote.ErrorCodec.decode(ErrorCodec.java:167)
	at org.openqa.selenium.remote.codec.w3c.W3CHttpResponseCodec.decode(W3CHttpResponseCodec.java:138)
	at org.openqa.selenium.remote.codec.w3c.W3CHttpResponseCodec.decode(W3CHttpResponseCodec.java:50)
	at org.openqa.selenium.remote.HttpCommandExecutor.execute(HttpCommandExecutor.java:190)
	at org.openqa.selenium.remote.service.DriverCommandExecutor.invokeExecute(DriverCommandExecutor.java:216)
	at org.openqa.selenium.remote.service.DriverCommandExecutor.execute(DriverCommandExecutor.java:174)
	at org.openqa.selenium.remote.RemoteWebDriver.execute(RemoteWebDriver.java:545)
	at org.openqa.selenium.remote.ElementLocation$ElementFinder$2.findElement(ElementLocation.java:165)
	at org.openqa.selenium.remote.ElementLocation.findElement(ElementLocation.java:59)
	at org.openqa.selenium.remote.RemoteWebDriver.findElement(RemoteWebDriver.java:368)
	at org.openqa.selenium.remote.RemoteWebDriver.findElement(RemoteWebDriver.java:362)
	at org.openqa.selenium.support.pagefactory.DefaultElementLocator.findElement(DefaultElementLocator.java:68)
	at org.openqa.selenium.support.pagefactory.internal.LocatingElementHandler.invoke(LocatingElementHandler.java:38)
	at jdk.proxy2/jdk.proxy2.$Proxy14.isSelected(Unknown Source)
	at lt.insoft.uztis.pages.SubmittedApplicationsPage.clickRadioButtonTemporaryJob(SubmittedApplicationsPage.java:478)
	at lt.insoft.uztis.tests.SubmittedApplicationsPageTest.testFillNewApplication(SubmittedApplicationsPageTest.java:203)
	at java.base/jdk.internal.reflect.DirectMethodHandleAccessor.invoke(DirectMethodHandleAccessor.java:103)
	at java.base/java.lang.reflect.Method.invoke(Method.java:580)
	at org.junit.platform.commons.util.ReflectionUtils.invokeMethod(ReflectionUtils.java:728)
	at org.junit.jupiter.engine.execution.MethodInvocation.proceed(MethodInvocation.java:60)
	at org.junit.jupiter.engine.execution.InvocationInterceptorChain$ValidatingInvocation.proceed(InvocationInterceptorChain.java:131)
	at org.junit.jupiter.engine.extension.TimeoutExtension.intercept(TimeoutExtension.java:156)
	at org.junit.jupiter.engine.extension.TimeoutExtension.interceptTestableMethod(TimeoutExtension.java:147)
	at org.junit.jupiter.engine.extension.TimeoutExtension.interceptTestMethod(TimeoutExtension.java:86)
	at org.junit.jupiter.engine.execution.InterceptingExecutableInvoker$ReflectiveInterceptorCall.lambda$ofVoidMethod$0(InterceptingExecutableInvoker.java:103)
	at org.junit.jupiter.engine.execution.InterceptingExecutableInvoker.lambda$invoke$0(InterceptingExecutableInvoker.java:93)
	at org.junit.jupiter.engine.execution.InvocationInterceptorChain$InterceptedInvocation.proceed(InvocationInterceptorChain.java:106)
	at org.junit.jupiter.engine.execution.InvocationInterceptorChain.proceed(InvocationInterceptorChain.java:64)
	at org.junit.jupiter.engine.execution.InvocationInterceptorChain.chainAndInvoke(InvocationInterceptorChain.java:45)
	at org.junit.jupiter.engine.execution.InvocationInterceptorChain.invoke(InvocationInterceptorChain.java:37)
	at org.junit.jupiter.engine.execution.InterceptingExecutableInvoker.invoke(InterceptingExecutableInvoker.java:92)
	at org.junit.jupiter.engine.execution.InterceptingExecutableInvoker.invoke(InterceptingExecutableInvoker.java:86)
	at org.junit.jupiter.engine.descriptor.TestMethodTestDescriptor.lambda$invokeTestMethod$7(TestMethodTestDescriptor.java:218)
	at org.junit.platform.engine.support.hierarchical.ThrowableCollector.execute(ThrowableCollector.java:73)
	at org.junit.jupiter.engine.descriptor.TestMethodTestDescriptor.invokeTestMethod(TestMethodTestDescriptor.java:214)
	at org.junit.jupiter.engine.descriptor.TestMethodTestDescriptor.execute(TestMethodTestDescriptor.java:139)
	at org.junit.jupiter.engine.descriptor.TestMethodTestDescriptor.execute(TestMethodTestDescriptor.java:69)
	at org.junit.platform.engine.support.hierarchical.NodeTestTask.lambda$executeRecursively$6(NodeTestTask.java:151)
	at org.junit.platform.engine.support.hierarchical.ThrowableCollector.execute(ThrowableCollector.java:73)
	at org.junit.platform.engine.support.hierarchical.NodeTestTask.lambda$executeRecursively$8(NodeTestTask.java:141)
	at org.junit.platform.engine.support.hierarchical.Node.around(Node.java:137)
	at org.junit.platform.engine.support.hierarchical.NodeTestTask.lambda$executeRecursively$9(NodeTestTask.java:139)
	at org.junit.platform.engine.support.hierarchical.ThrowableCollector.execute(ThrowableCollector.java:73)
	at org.junit.platform.engine.support.hierarchical.NodeTestTask.executeRecursively(NodeTestTask.java:138)
	at org.junit.platform.engine.support.hierarchical.NodeTestTask.execute(NodeTestTask.java:95)
	at java.base/java.util.ArrayList.forEach(ArrayList.java:1596)
	at org.junit.platform.engine.support.hierarchical.SameThreadHierarchicalTestExecutorService.invokeAll(SameThreadHierarchicalTestExecutorService.java:41)
	at org.junit.platform.engine.support.hierarchical.NodeTestTask.lambda$executeRecursively$6(NodeTestTask.java:155)
	at org.junit.platform.engine.support.hierarchical.ThrowableCollector.execute(ThrowableCollector.java:73)
	at org.junit.platform.engine.support.hierarchical.NodeTestTask.lambda$executeRecursively$8(NodeTestTask.java:141)
	at org.junit.platform.engine.support.hierarchical.Node.around(Node.java:137)
	at org.junit.platform.engine.support.hierarchical.NodeTestTask.lambda$executeRecursively$9(NodeTestTask.java:139)
	at org.junit.platform.engine.support.hierarchical.ThrowableCollector.execute(ThrowableCollector.java:73)
	at org.junit.platform.engine.support.hierarchical.NodeTestTask.executeRecursively(NodeTestTask.java:138)
	at org.junit.platform.engine.support.hierarchical.NodeTestTask.execute(NodeTestTask.java:95)
	at java.base/java.util.ArrayList.forEach(ArrayList.java:1596)
	at org.junit.platform.engine.support.hierarchical.SameThreadHierarchicalTestExecutorService.invokeAll(SameThreadHierarchicalTestExecutorService.java:41)
	at org.junit.platform.engine.support.hierarchical.NodeTestTask.lambda$executeRecursively$6(NodeTestTask.java:155)
	at org.junit.platform.engine.support.hierarchical.ThrowableCollector.execute(ThrowableCollector.java:73)
	at org.junit.platform.engine.support.hierarchical.NodeTestTask.lambda$executeRecursively$8(NodeTestTask.java:141)
	at org.junit.platform.engine.support.hierarchical.Node.around(Node.java:137)
	at org.junit.platform.engine.support.hierarchical.NodeTestTask.lambda$executeRecursively$9(NodeTestTask.java:139)
	at org.junit.platform.engine.support.hierarchical.ThrowableCollector.execute(ThrowableCollector.java:73)
	at org.junit.platform.engine.support.hierarchical.NodeTestTask.executeRecursively(NodeTestTask.java:138)
	at org.junit.platform.engine.support.hierarchical.NodeTestTask.execute(NodeTestTask.java:95)
	at org.junit.platform.engine.support.hierarchical.SameThreadHierarchicalTestExecutorService.submit(SameThreadHierarchicalTestExecutorService.java:35)
	at org.junit.platform.engine.support.hierarchical.HierarchicalTestExecutor.execute(HierarchicalTestExecutor.java:57)
	at org.junit.platform.engine.support.hierarchical.HierarchicalTestEngine.execute(HierarchicalTestEngine.java:54)
	at org.junit.platform.launcher.core.EngineExecutionOrchestrator.execute(EngineExecutionOrchestrator.java:198)
	at org.junit.platform.launcher.core.EngineExecutionOrchestrator.execute(EngineExecutionOrchestrator.java:169)
	at org.junit.platform.launcher.core.EngineExecutionOrchestrator.execute(EngineExecutionOrchestrator.java:93)
	at org.junit.platform.launcher.core.EngineExecutionOrchestrator.lambda$execute$0(EngineExecutionOrchestrator.java:58)
	at org.junit.platform.launcher.core.EngineExecutionOrchestrator.withInterceptedStreams(EngineExecutionOrchestrator.java:141)
	at org.junit.platform.launcher.core.EngineExecutionOrchestrator.execute(EngineExecutionOrchestrator.java:57)
	at org.junit.platform.launcher.core.DefaultLauncher.execute(DefaultLauncher.java:103)
	at org.junit.platform.launcher.core.DefaultLauncher.execute(DefaultLauncher.java:85)
	at org.junit.platform.launcher.core.DelegatingLauncher.execute(DelegatingLauncher.java:47)
	at org.junit.platform.launcher.core.SessionPerRequestLauncher.execute(SessionPerRequestLauncher.java:63)
	at com.intellij.junit5.JUnit5IdeaTestRunner.startRunnerWithArgs(JUnit5IdeaTestRunner.java:57)
	at com.intellij.rt.junit.IdeaTestRunner$Repeater$1.execute(IdeaTestRunner.java:38)
	at com.intellij.rt.execution.junit.TestsRepeater.repeat(TestsRepeater.java:11)
	at com.intellij.rt.junit.IdeaTestRunner$Repeater.startRunnerWithArgs(IdeaTestRunner.java:35)
	at com.intellij.rt.junit.JUnitStarter.prepareStreamsAndStart(JUnitStarter.java:232)
	at com.intellij.rt.junit.JUnitStarter.main(JUnitStarter.java:55)
2025-01-30 12:44:46 [main] INFO  l.insoft.uztis.tests.utils.TestUtils - Screenshot moved to C:\Users\ingrida.zadorozniene\Desktop\Asm\UZTIS\UZTIS_tests\test-output\screenshots\20250130\124446698_testFillNewApplication().png
2025-01-30 12:45:34 [main] INFO  lt.insoft.uztis.tests.UztisPageTest - Navigated to https://uztisdev.asseco.lt/home
2025-01-30 12:45:34 [main] INFO  l.i.u.t.SubmittedApplicationsPageTest - Starting test:'testFillNewApplication'
2025-01-30 12:45:34 [main] DEBUG l.i.u.t.SubmittedApplicationsPageTest - User logged in with test credentials
2025-01-30 12:45:34 [main] DEBUG l.i.u.t.SubmittedApplicationsPageTest - Opened 'Application Processing' menu.
2025-01-30 12:45:35 [main] DEBUG l.i.u.t.SubmittedApplicationsPageTest - Clicked on 'Application Forms' menu.
2025-01-30 12:45:41 [main] DEBUG l.i.u.t.SubmittedApplicationsPageTest - Retrieved last description code text: 'TST-VUI-27'.
2025-01-30 12:45:41 [main] DEBUG l.i.u.t.SubmittedApplicationsPageTest - Clicked on 'Invitation' menu.
2025-01-30 12:45:42 [main] DEBUG l.i.u.t.SubmittedApplicationsPageTest - Selected application section by code: 'TST-VUI-27'.
2025-01-30 12:45:42 [main] DEBUG l.i.u.t.SubmittedApplicationsPageTest - Clicked 'Search' button.
2025-01-30 12:45:42 [main] DEBUG l.i.u.t.SubmittedApplicationsPageTest - Retrieved invitation code: ''.
2025-01-30 12:45:42 [main] DEBUG l.i.u.t.SubmittedApplicationsPageTest - Clicked on 'Submitted Applications' menu.
2025-01-30 12:45:43 [main] DEBUG l.i.u.t.SubmittedApplicationsPageTest - Selected invitation by code: 'TST-VUI-27'.
2025-01-30 12:45:43 [main] DEBUG l.i.u.t.SubmittedApplicationsPageTest - Clicked on 'Action Application' button.
2025-01-30 12:45:43 [main] DEBUG l.i.u.t.SubmittedApplicationsPageTest - Clicked on 'New Application' button.
2025-01-30 12:45:45 [main] DEBUG l.i.u.t.SubmittedApplicationsPageTest - Clicked on 'RadioButtonFA' button.
2025-01-30 12:45:45 [main] DEBUG l.i.u.t.SubmittedApplicationsPageTest - Entered phone number into the input field.
2025-01-30 12:45:45 [main] DEBUG l.i.u.t.SubmittedApplicationsPageTest - Entered eMail into the input field.
2025-01-30 12:45:45 [main] INFO  l.i.u.p.SubmittedApplicationsPage - Located the dropdown button.
2025-01-30 12:46:07 [main] INFO  l.i.u.p.SubmittedApplicationsPage - Found 1741 options in the dropdown.
2025-01-30 12:46:07 [main] INFO  l.i.u.p.SubmittedApplicationsPage - Successfully selected the value: '01.11 - Grūdinių (išskyrus ryžius), ankštinių ir aliejingų sėklų augalų auginimas'
2025-01-30 12:46:17 [main] ERROR l.i.u.p.SubmittedApplicationsPage - Failed to close the dropdown with aria-expanded = 'false'. Attempting manual close.
2025-01-30 12:46:17 [main] INFO  l.i.u.p.SubmittedApplicationsPage - Manual close attempt for the dropdown using body click.
2025-01-30 12:46:18 [main] DEBUG l.i.u.t.SubmittedApplicationsPageTest - Entered Address into the input field.
2025-01-30 12:46:18 [main] DEBUG l.i.u.t.SubmittedApplicationsPageTest - Entered Address into the input field.
2025-01-30 12:46:18 [main] INFO  l.i.u.p.SubmittedApplicationsPage - Located the dropdown button.
2025-01-30 12:46:19 [main] INFO  l.i.u.p.SubmittedApplicationsPage - Successfully selected the value: 'Administratoriai'
2025-01-30 12:46:30 [main] ERROR l.i.u.p.SubmittedApplicationsPage - Timeout while waiting for dropdown to close with aria-expanded = 'false'.
2025-01-30 12:46:30 [main] DEBUG l.i.u.t.SubmittedApplicationsPageTest - Selected the value: 'Administratoriai'
2025-01-30 12:46:30 [main] INFO  l.i.u.p.SubmittedApplicationsPage - Clicking on the dropdown button.
2025-01-30 12:46:50 [main] ERROR l.i.u.p.SubmittedApplicationsPage - Error occurred while selecting value: Expected condition failed: waiting for element to be clickable: Proxy element for: DefaultElementLocator 'By.xpath: //mat-label[contains(text(), 'Papildomai remiamo asmens tipas')]' (tried for 10 second(s) with 500 milliseconds interval)
2025-01-30 12:46:50 [main] ERROR l.i.u.t.SubmittedApplicationsPageTest - Test 'testFillNewApplication' failed with error: Failed to select value from dropdown.
java.lang.RuntimeException: Failed to select value from dropdown.
	at lt.insoft.uztis.pages.SubmittedApplicationsPage.selectValueByListDisabilitiesType(SubmittedApplicationsPage.java:404)
	at lt.insoft.uztis.tests.SubmittedApplicationsPageTest.testFillNewApplication(SubmittedApplicationsPageTest.java:183)
	at java.base/jdk.internal.reflect.DirectMethodHandleAccessor.invoke(DirectMethodHandleAccessor.java:103)
	at java.base/java.lang.reflect.Method.invoke(Method.java:580)
	at org.junit.platform.commons.util.ReflectionUtils.invokeMethod(ReflectionUtils.java:728)
	at org.junit.jupiter.engine.execution.MethodInvocation.proceed(MethodInvocation.java:60)
	at org.junit.jupiter.engine.execution.InvocationInterceptorChain$ValidatingInvocation.proceed(InvocationInterceptorChain.java:131)
	at org.junit.jupiter.engine.extension.TimeoutExtension.intercept(TimeoutExtension.java:156)
	at org.junit.jupiter.engine.extension.TimeoutExtension.interceptTestableMethod(TimeoutExtension.java:147)
	at org.junit.jupiter.engine.extension.TimeoutExtension.interceptTestMethod(TimeoutExtension.java:86)
	at org.junit.jupiter.engine.execution.InterceptingExecutableInvoker$ReflectiveInterceptorCall.lambda$ofVoidMethod$0(InterceptingExecutableInvoker.java:103)
	at org.junit.jupiter.engine.execution.InterceptingExecutableInvoker.lambda$invoke$0(InterceptingExecutableInvoker.java:93)
	at org.junit.jupiter.engine.execution.InvocationInterceptorChain$InterceptedInvocation.proceed(InvocationInterceptorChain.java:106)
	at org.junit.jupiter.engine.execution.InvocationInterceptorChain.proceed(InvocationInterceptorChain.java:64)
	at org.junit.jupiter.engine.execution.InvocationInterceptorChain.chainAndInvoke(InvocationInterceptorChain.java:45)
	at org.junit.jupiter.engine.execution.InvocationInterceptorChain.invoke(InvocationInterceptorChain.java:37)
	at org.junit.jupiter.engine.execution.InterceptingExecutableInvoker.invoke(InterceptingExecutableInvoker.java:92)
	at org.junit.jupiter.engine.execution.InterceptingExecutableInvoker.invoke(InterceptingExecutableInvoker.java:86)
	at org.junit.jupiter.engine.descriptor.TestMethodTestDescriptor.lambda$invokeTestMethod$7(TestMethodTestDescriptor.java:218)
	at org.junit.platform.engine.support.hierarchical.ThrowableCollector.execute(ThrowableCollector.java:73)
	at org.junit.jupiter.engine.descriptor.TestMethodTestDescriptor.invokeTestMethod(TestMethodTestDescriptor.java:214)
	at org.junit.jupiter.engine.descriptor.TestMethodTestDescriptor.execute(TestMethodTestDescriptor.java:139)
	at org.junit.jupiter.engine.descriptor.TestMethodTestDescriptor.execute(TestMethodTestDescriptor.java:69)
	at org.junit.platform.engine.support.hierarchical.NodeTestTask.lambda$executeRecursively$6(NodeTestTask.java:151)
	at org.junit.platform.engine.support.hierarchical.ThrowableCollector.execute(ThrowableCollector.java:73)
	at org.junit.platform.engine.support.hierarchical.NodeTestTask.lambda$executeRecursively$8(NodeTestTask.java:141)
	at org.junit.platform.engine.support.hierarchical.Node.around(Node.java:137)
	at org.junit.platform.engine.support.hierarchical.NodeTestTask.lambda$executeRecursively$9(NodeTestTask.java:139)
	at org.junit.platform.engine.support.hierarchical.ThrowableCollector.execute(ThrowableCollector.java:73)
	at org.junit.platform.engine.support.hierarchical.NodeTestTask.executeRecursively(NodeTestTask.java:138)
	at org.junit.platform.engine.support.hierarchical.NodeTestTask.execute(NodeTestTask.java:95)
	at java.base/java.util.ArrayList.forEach(ArrayList.java:1596)
	at org.junit.platform.engine.support.hierarchical.SameThreadHierarchicalTestExecutorService.invokeAll(SameThreadHierarchicalTestExecutorService.java:41)
	at org.junit.platform.engine.support.hierarchical.NodeTestTask.lambda$executeRecursively$6(NodeTestTask.java:155)
	at org.junit.platform.engine.support.hierarchical.ThrowableCollector.execute(ThrowableCollector.java:73)
	at org.junit.platform.engine.support.hierarchical.NodeTestTask.lambda$executeRecursively$8(NodeTestTask.java:141)
	at org.junit.platform.engine.support.hierarchical.Node.around(Node.java:137)
	at org.junit.platform.engine.support.hierarchical.NodeTestTask.lambda$executeRecursively$9(NodeTestTask.java:139)
	at org.junit.platform.engine.support.hierarchical.ThrowableCollector.execute(ThrowableCollector.java:73)
	at org.junit.platform.engine.support.hierarchical.NodeTestTask.executeRecursively(NodeTestTask.java:138)
	at org.junit.platform.engine.support.hierarchical.NodeTestTask.execute(NodeTestTask.java:95)
	at java.base/java.util.ArrayList.forEach(ArrayList.java:1596)
	at org.junit.platform.engine.support.hierarchical.SameThreadHierarchicalTestExecutorService.invokeAll(SameThreadHierarchicalTestExecutorService.java:41)
	at org.junit.platform.engine.support.hierarchical.NodeTestTask.lambda$executeRecursively$6(NodeTestTask.java:155)
	at org.junit.platform.engine.support.hierarchical.ThrowableCollector.execute(ThrowableCollector.java:73)
	at org.junit.platform.engine.support.hierarchical.NodeTestTask.lambda$executeRecursively$8(NodeTestTask.java:141)
	at org.junit.platform.engine.support.hierarchical.Node.around(Node.java:137)
	at org.junit.platform.engine.support.hierarchical.NodeTestTask.lambda$executeRecursively$9(NodeTestTask.java:139)
	at org.junit.platform.engine.support.hierarchical.ThrowableCollector.execute(ThrowableCollector.java:73)
	at org.junit.platform.engine.support.hierarchical.NodeTestTask.executeRecursively(NodeTestTask.java:138)
	at org.junit.platform.engine.support.hierarchical.NodeTestTask.execute(NodeTestTask.java:95)
	at org.junit.platform.engine.support.hierarchical.SameThreadHierarchicalTestExecutorService.submit(SameThreadHierarchicalTestExecutorService.java:35)
	at org.junit.platform.engine.support.hierarchical.HierarchicalTestExecutor.execute(HierarchicalTestExecutor.java:57)
	at org.junit.platform.engine.support.hierarchical.HierarchicalTestEngine.execute(HierarchicalTestEngine.java:54)
	at org.junit.platform.launcher.core.EngineExecutionOrchestrator.execute(EngineExecutionOrchestrator.java:198)
	at org.junit.platform.launcher.core.EngineExecutionOrchestrator.execute(EngineExecutionOrchestrator.java:169)
	at org.junit.platform.launcher.core.EngineExecutionOrchestrator.execute(EngineExecutionOrchestrator.java:93)
	at org.junit.platform.launcher.core.EngineExecutionOrchestrator.lambda$execute$0(EngineExecutionOrchestrator.java:58)
	at org.junit.platform.launcher.core.EngineExecutionOrchestrator.withInterceptedStreams(EngineExecutionOrchestrator.java:141)
	at org.junit.platform.launcher.core.EngineExecutionOrchestrator.execute(EngineExecutionOrchestrator.java:57)
	at org.junit.platform.launcher.core.DefaultLauncher.execute(DefaultLauncher.java:103)
	at org.junit.platform.launcher.core.DefaultLauncher.execute(DefaultLauncher.java:85)
	at org.junit.platform.launcher.core.DelegatingLauncher.execute(DelegatingLauncher.java:47)
	at org.junit.platform.launcher.core.SessionPerRequestLauncher.execute(SessionPerRequestLauncher.java:63)
	at com.intellij.junit5.JUnit5IdeaTestRunner.startRunnerWithArgs(JUnit5IdeaTestRunner.java:57)
	at com.intellij.rt.junit.IdeaTestRunner$Repeater$1.execute(IdeaTestRunner.java:38)
	at com.intellij.rt.execution.junit.TestsRepeater.repeat(TestsRepeater.java:11)
	at com.intellij.rt.junit.IdeaTestRunner$Repeater.startRunnerWithArgs(IdeaTestRunner.java:35)
	at com.intellij.rt.junit.JUnitStarter.prepareStreamsAndStart(JUnitStarter.java:232)
	at com.intellij.rt.junit.JUnitStarter.main(JUnitStarter.java:55)
Caused by: org.openqa.selenium.TimeoutException: Expected condition failed: waiting for element to be clickable: Proxy element for: DefaultElementLocator 'By.xpath: //mat-label[contains(text(), 'Papildomai remiamo asmens tipas')]' (tried for 10 second(s) with 500 milliseconds interval)
	at org.openqa.selenium.support.ui.WebDriverWait.timeoutException(WebDriverWait.java:84)
	at org.openqa.selenium.support.ui.FluentWait.until(FluentWait.java:228)
	at lt.insoft.uztis.pages.SubmittedApplicationsPage.selectValueByListDisabilitiesType(SubmittedApplicationsPage.java:355)
	... 69 common frames omitted
Caused by: org.openqa.selenium.NoSuchElementException: no such element: Unable to locate element: {"method":"xpath","selector":"//mat-label[contains(text(), 'Papildomai remiamo asmens tipas')]"}
  (Session info: chrome=132.0.6834.111)
For documentation on this error, please visit: https://www.selenium.dev/documentation/webdriver/troubleshooting/errors#no-such-element-exception
Build info: version: '4.27.0', revision: 'd6e718d134'
System info: os.name: 'Windows 11', os.arch: 'amd64', os.version: '10.0', java.version: '21.0.3'
Driver info: org.openqa.selenium.chrome.ChromeDriver
Command: [f640fad1339b069a4a57984f415f8f11, findElement {using=xpath, value=//mat-label[contains(text(), 'Papildomai remiamo asmens tipas')]}]
Capabilities {acceptInsecureCerts: false, browserName: chrome, browserVersion: 132.0.6834.111, chrome: {chromedriverVersion: 132.0.6834.159 (2d77d3fc445..., userDataDir: C:\Users\INGRID~1.ZAD\AppDa...}, fedcm:accounts: true, goog:chromeOptions: {debuggerAddress: localhost:64718}, networkConnectionEnabled: false, pageLoadStrategy: normal, platformName: windows, proxy: Proxy(), se:cdp: ws://localhost:64718/devtoo..., se:cdpVersion: 132.0.6834.111, setWindowRect: true, strictFileInteractability: false, timeouts: {implicit: 0, pageLoad: 300000, script: 30000}, unhandledPromptBehavior: dismiss and notify, webauthn:extension:credBlob: true, webauthn:extension:largeBlob: true, webauthn:extension:minPinLength: true, webauthn:extension:prf: true, webauthn:virtualAuthenticators: true}
Session ID: f640fad1339b069a4a57984f415f8f11
	at java.base/jdk.internal.reflect.DirectConstructorHandleAccessor.newInstance(DirectConstructorHandleAccessor.java:62)
	at java.base/java.lang.reflect.Constructor.newInstanceWithCaller(Constructor.java:502)
	at java.base/java.lang.reflect.Constructor.newInstance(Constructor.java:486)
	at org.openqa.selenium.remote.ErrorCodec.decode(ErrorCodec.java:167)
	at org.openqa.selenium.remote.codec.w3c.W3CHttpResponseCodec.decode(W3CHttpResponseCodec.java:138)
	at org.openqa.selenium.remote.codec.w3c.W3CHttpResponseCodec.decode(W3CHttpResponseCodec.java:50)
	at org.openqa.selenium.remote.HttpCommandExecutor.execute(HttpCommandExecutor.java:190)
	at org.openqa.selenium.remote.service.DriverCommandExecutor.invokeExecute(DriverCommandExecutor.java:216)
	at org.openqa.selenium.remote.service.DriverCommandExecutor.execute(DriverCommandExecutor.java:174)
	at org.openqa.selenium.remote.RemoteWebDriver.execute(RemoteWebDriver.java:545)
	at org.openqa.selenium.remote.ElementLocation$ElementFinder$2.findElement(ElementLocation.java:165)
	at org.openqa.selenium.remote.ElementLocation.findElement(ElementLocation.java:59)
	at org.openqa.selenium.remote.RemoteWebDriver.findElement(RemoteWebDriver.java:368)
	at org.openqa.selenium.remote.RemoteWebDriver.findElement(RemoteWebDriver.java:362)
	at org.openqa.selenium.support.pagefactory.DefaultElementLocator.findElement(DefaultElementLocator.java:68)
	at org.openqa.selenium.support.pagefactory.internal.LocatingElementHandler.invoke(LocatingElementHandler.java:38)
	at jdk.proxy2/jdk.proxy2.$Proxy14.isDisplayed(Unknown Source)
	at org.openqa.selenium.support.ui.ExpectedConditions.elementIfVisible(ExpectedConditions.java:304)
	at org.openqa.selenium.support.ui.ExpectedConditions$10.apply(ExpectedConditions.java:290)
	at org.openqa.selenium.support.ui.ExpectedConditions$10.apply(ExpectedConditions.java:287)
	at org.openqa.selenium.support.ui.ExpectedConditions$23.apply(ExpectedConditions.java:656)
	at org.openqa.selenium.support.ui.ExpectedConditions$23.apply(ExpectedConditions.java:652)
	at org.openqa.selenium.support.ui.FluentWait.until(FluentWait.java:203)
	... 70 common frames omitted
2025-01-30 12:46:50 [main] INFO  l.insoft.uztis.tests.utils.TestUtils - Screenshot moved to C:\Users\ingrida.zadorozniene\Desktop\Asm\UZTIS\UZTIS_tests\test-output\screenshots\20250130\124650696_testFillNewApplication().png
2025-01-30 12:49:37 [main] INFO  lt.insoft.uztis.tests.UztisPageTest - Navigated to https://uztisdev.asseco.lt/home
2025-01-30 12:49:38 [main] INFO  l.i.u.t.SubmittedApplicationsPageTest - Starting test:'testFillNewApplication'
2025-01-30 12:49:38 [main] DEBUG l.i.u.t.SubmittedApplicationsPageTest - User logged in with test credentials
2025-01-30 12:49:38 [main] DEBUG l.i.u.t.SubmittedApplicationsPageTest - Opened 'Application Processing' menu.
2025-01-30 12:49:38 [main] DEBUG l.i.u.t.SubmittedApplicationsPageTest - Clicked on 'Application Forms' menu.
2025-01-30 12:49:39 [main] DEBUG l.i.u.t.SubmittedApplicationsPageTest - Retrieved last description code text: 'TST-VUI-27'.
2025-01-30 12:49:39 [main] DEBUG l.i.u.t.SubmittedApplicationsPageTest - Clicked on 'Invitation' menu.
2025-01-30 12:49:40 [main] DEBUG l.i.u.t.SubmittedApplicationsPageTest - Selected application section by code: 'TST-VUI-27'.
2025-01-30 12:49:40 [main] DEBUG l.i.u.t.SubmittedApplicationsPageTest - Clicked 'Search' button.
2025-01-30 12:49:40 [main] DEBUG l.i.u.t.SubmittedApplicationsPageTest - Retrieved invitation code: ''.
2025-01-30 12:49:40 [main] DEBUG l.i.u.t.SubmittedApplicationsPageTest - Clicked on 'Submitted Applications' menu.
2025-01-30 12:49:41 [main] DEBUG l.i.u.t.SubmittedApplicationsPageTest - Selected invitation by code: 'TST-VUI-27'.
2025-01-30 12:49:41 [main] DEBUG l.i.u.t.SubmittedApplicationsPageTest - Clicked on 'Action Application' button.
2025-01-30 12:49:41 [main] DEBUG l.i.u.t.SubmittedApplicationsPageTest - Clicked on 'New Application' button.
2025-01-30 12:49:42 [main] DEBUG l.i.u.t.SubmittedApplicationsPageTest - Clicked on 'RadioButtonFA' button.
2025-01-30 12:49:42 [main] DEBUG l.i.u.t.SubmittedApplicationsPageTest - Entered phone number into the input field.
2025-01-30 12:49:42 [main] DEBUG l.i.u.t.SubmittedApplicationsPageTest - Entered eMail into the input field.
2025-01-30 12:49:42 [main] INFO  l.i.u.p.SubmittedApplicationsPage - Located the dropdown button.
2025-01-30 12:50:00 [main] INFO  l.i.u.p.SubmittedApplicationsPage - Found 1741 options in the dropdown.
2025-01-30 12:50:01 [main] INFO  l.i.u.p.SubmittedApplicationsPage - Successfully selected the value: '01.11 - Grūdinių (išskyrus ryžius), ankštinių ir aliejingų sėklų augalų auginimas'
2025-01-30 12:50:11 [main] ERROR l.i.u.p.SubmittedApplicationsPage - Failed to close the dropdown with aria-expanded = 'false'. Attempting manual close.
2025-01-30 12:50:11 [main] INFO  l.i.u.p.SubmittedApplicationsPage - Manual close attempt for the dropdown using body click.
2025-01-30 12:50:11 [main] DEBUG l.i.u.t.SubmittedApplicationsPageTest - Entered Address into the input field.
2025-01-30 12:50:12 [main] DEBUG l.i.u.t.SubmittedApplicationsPageTest - Entered Address into the input field.
2025-01-30 12:50:12 [main] INFO  l.i.u.p.SubmittedApplicationsPage - Located the dropdown button.
2025-01-30 12:50:14 [main] INFO  l.i.u.p.SubmittedApplicationsPage - Successfully selected the value: 'Administratoriai'
2025-01-30 12:50:24 [main] ERROR l.i.u.p.SubmittedApplicationsPage - Timeout while waiting for dropdown to close with aria-expanded = 'false'.
2025-01-30 12:50:24 [main] DEBUG l.i.u.t.SubmittedApplicationsPageTest - Selected the value: 'Administratoriai'
2025-01-30 12:50:24 [main] INFO  l.i.u.p.SubmittedApplicationsPage - Located the dropdown button.
2025-01-30 12:50:25 [main] INFO  l.i.u.p.SubmittedApplicationsPage - Successfully selected the value: 'Kita'
2025-01-30 12:50:35 [main] ERROR l.i.u.p.SubmittedApplicationsPage - Timeout while waiting for dropdown to close with aria-expanded = 'false'.
2025-01-30 12:50:35 [main] DEBUG l.i.u.t.SubmittedApplicationsPageTest - Selected the value: 'Kita'
2025-01-30 12:50:35 [main] DEBUG l.i.u.t.SubmittedApplicationsPageTest - Selected the value: '6 val. per dieną ir 4 d. per savaitę'
2025-01-30 12:50:36 [main] DEBUG l.i.u.t.SubmittedApplicationsPageTest - Entered Address into the input field.
2025-01-30 12:50:46 [main] ERROR l.i.u.t.SubmittedApplicationsPageTest - Test 'testFillNewApplication' failed with error: no such element: Unable to locate element: {"method":"xpath","selector":"//mat-label[contains(text(), 'Darbo vieta steigiama laikiniems darbams?')]//input[@value='false']"}
  (Session info: chrome=132.0.6834.111)
For documentation on this error, please visit: https://www.selenium.dev/documentation/webdriver/troubleshooting/errors#no-such-element-exception
Build info: version: '4.27.0', revision: 'd6e718d134'
System info: os.name: 'Windows 11', os.arch: 'amd64', os.version: '10.0', java.version: '21.0.3'
Driver info: org.openqa.selenium.chrome.ChromeDriver
Command: [c87c0adc84a0c8ca9d5b52be80e1aaad, findElement {using=xpath, value=//mat-label[contains(text(), 'Darbo vieta steigiama laikiniems darbams?')]//input[@value='false']}]
Capabilities {acceptInsecureCerts: false, browserName: chrome, browserVersion: 132.0.6834.111, chrome: {chromedriverVersion: 132.0.6834.159 (2d77d3fc445..., userDataDir: C:\Users\INGRID~1.ZAD\AppDa...}, fedcm:accounts: true, goog:chromeOptions: {debuggerAddress: localhost:64869}, networkConnectionEnabled: false, pageLoadStrategy: normal, platformName: windows, proxy: Proxy(), se:cdp: ws://localhost:64869/devtoo..., se:cdpVersion: 132.0.6834.111, setWindowRect: true, strictFileInteractability: false, timeouts: {implicit: 0, pageLoad: 300000, script: 30000}, unhandledPromptBehavior: dismiss and notify, webauthn:extension:credBlob: true, webauthn:extension:largeBlob: true, webauthn:extension:minPinLength: true, webauthn:extension:prf: true, webauthn:virtualAuthenticators: true}
Session ID: c87c0adc84a0c8ca9d5b52be80e1aaad
org.openqa.selenium.NoSuchElementException: no such element: Unable to locate element: {"method":"xpath","selector":"//mat-label[contains(text(), 'Darbo vieta steigiama laikiniems darbams?')]//input[@value='false']"}
  (Session info: chrome=132.0.6834.111)
For documentation on this error, please visit: https://www.selenium.dev/documentation/webdriver/troubleshooting/errors#no-such-element-exception
Build info: version: '4.27.0', revision: 'd6e718d134'
System info: os.name: 'Windows 11', os.arch: 'amd64', os.version: '10.0', java.version: '21.0.3'
Driver info: org.openqa.selenium.chrome.ChromeDriver
Command: [c87c0adc84a0c8ca9d5b52be80e1aaad, findElement {using=xpath, value=//mat-label[contains(text(), 'Darbo vieta steigiama laikiniems darbams?')]//input[@value='false']}]
Capabilities {acceptInsecureCerts: false, browserName: chrome, browserVersion: 132.0.6834.111, chrome: {chromedriverVersion: 132.0.6834.159 (2d77d3fc445..., userDataDir: C:\Users\INGRID~1.ZAD\AppDa...}, fedcm:accounts: true, goog:chromeOptions: {debuggerAddress: localhost:64869}, networkConnectionEnabled: false, pageLoadStrategy: normal, platformName: windows, proxy: Proxy(), se:cdp: ws://localhost:64869/devtoo..., se:cdpVersion: 132.0.6834.111, setWindowRect: true, strictFileInteractability: false, timeouts: {implicit: 0, pageLoad: 300000, script: 30000}, unhandledPromptBehavior: dismiss and notify, webauthn:extension:credBlob: true, webauthn:extension:largeBlob: true, webauthn:extension:minPinLength: true, webauthn:extension:prf: true, webauthn:virtualAuthenticators: true}
Session ID: c87c0adc84a0c8ca9d5b52be80e1aaad
	at java.base/jdk.internal.reflect.DirectConstructorHandleAccessor.newInstance(DirectConstructorHandleAccessor.java:62)
	at java.base/java.lang.reflect.Constructor.newInstanceWithCaller(Constructor.java:502)
	at java.base/java.lang.reflect.Constructor.newInstance(Constructor.java:486)
	at org.openqa.selenium.remote.ErrorCodec.decode(ErrorCodec.java:167)
	at org.openqa.selenium.remote.codec.w3c.W3CHttpResponseCodec.decode(W3CHttpResponseCodec.java:138)
	at org.openqa.selenium.remote.codec.w3c.W3CHttpResponseCodec.decode(W3CHttpResponseCodec.java:50)
	at org.openqa.selenium.remote.HttpCommandExecutor.execute(HttpCommandExecutor.java:190)
	at org.openqa.selenium.remote.service.DriverCommandExecutor.invokeExecute(DriverCommandExecutor.java:216)
	at org.openqa.selenium.remote.service.DriverCommandExecutor.execute(DriverCommandExecutor.java:174)
	at org.openqa.selenium.remote.RemoteWebDriver.execute(RemoteWebDriver.java:545)
	at org.openqa.selenium.remote.ElementLocation$ElementFinder$2.findElement(ElementLocation.java:165)
	at org.openqa.selenium.remote.ElementLocation.findElement(ElementLocation.java:59)
	at org.openqa.selenium.remote.RemoteWebDriver.findElement(RemoteWebDriver.java:368)
	at org.openqa.selenium.remote.RemoteWebDriver.findElement(RemoteWebDriver.java:362)
	at org.openqa.selenium.support.pagefactory.DefaultElementLocator.findElement(DefaultElementLocator.java:68)
	at org.openqa.selenium.support.pagefactory.internal.LocatingElementHandler.invoke(LocatingElementHandler.java:38)
	at jdk.proxy2/jdk.proxy2.$Proxy14.isSelected(Unknown Source)
	at lt.insoft.uztis.pages.SubmittedApplicationsPage.clickRadioButtonTemporaryJob(SubmittedApplicationsPage.java:478)
	at lt.insoft.uztis.tests.SubmittedApplicationsPageTest.testFillNewApplication(SubmittedApplicationsPageTest.java:203)
	at java.base/jdk.internal.reflect.DirectMethodHandleAccessor.invoke(DirectMethodHandleAccessor.java:103)
	at java.base/java.lang.reflect.Method.invoke(Method.java:580)
	at org.junit.platform.commons.util.ReflectionUtils.invokeMethod(ReflectionUtils.java:728)
	at org.junit.jupiter.engine.execution.MethodInvocation.proceed(MethodInvocation.java:60)
	at org.junit.jupiter.engine.execution.InvocationInterceptorChain$ValidatingInvocation.proceed(InvocationInterceptorChain.java:131)
	at org.junit.jupiter.engine.extension.TimeoutExtension.intercept(TimeoutExtension.java:156)
	at org.junit.jupiter.engine.extension.TimeoutExtension.interceptTestableMethod(TimeoutExtension.java:147)
	at org.junit.jupiter.engine.extension.TimeoutExtension.interceptTestMethod(TimeoutExtension.java:86)
	at org.junit.jupiter.engine.execution.InterceptingExecutableInvoker$ReflectiveInterceptorCall.lambda$ofVoidMethod$0(InterceptingExecutableInvoker.java:103)
	at org.junit.jupiter.engine.execution.InterceptingExecutableInvoker.lambda$invoke$0(InterceptingExecutableInvoker.java:93)
	at org.junit.jupiter.engine.execution.InvocationInterceptorChain$InterceptedInvocation.proceed(InvocationInterceptorChain.java:106)
	at org.junit.jupiter.engine.execution.InvocationInterceptorChain.proceed(InvocationInterceptorChain.java:64)
	at org.junit.jupiter.engine.execution.InvocationInterceptorChain.chainAndInvoke(InvocationInterceptorChain.java:45)
	at org.junit.jupiter.engine.execution.InvocationInterceptorChain.invoke(InvocationInterceptorChain.java:37)
	at org.junit.jupiter.engine.execution.InterceptingExecutableInvoker.invoke(InterceptingExecutableInvoker.java:92)
	at org.junit.jupiter.engine.execution.InterceptingExecutableInvoker.invoke(InterceptingExecutableInvoker.java:86)
	at org.junit.jupiter.engine.descriptor.TestMethodTestDescriptor.lambda$invokeTestMethod$7(TestMethodTestDescriptor.java:218)
	at org.junit.platform.engine.support.hierarchical.ThrowableCollector.execute(ThrowableCollector.java:73)
	at org.junit.jupiter.engine.descriptor.TestMethodTestDescriptor.invokeTestMethod(TestMethodTestDescriptor.java:214)
	at org.junit.jupiter.engine.descriptor.TestMethodTestDescriptor.execute(TestMethodTestDescriptor.java:139)
	at org.junit.jupiter.engine.descriptor.TestMethodTestDescriptor.execute(TestMethodTestDescriptor.java:69)
	at org.junit.platform.engine.support.hierarchical.NodeTestTask.lambda$executeRecursively$6(NodeTestTask.java:151)
	at org.junit.platform.engine.support.hierarchical.ThrowableCollector.execute(ThrowableCollector.java:73)
	at org.junit.platform.engine.support.hierarchical.NodeTestTask.lambda$executeRecursively$8(NodeTestTask.java:141)
	at org.junit.platform.engine.support.hierarchical.Node.around(Node.java:137)
	at org.junit.platform.engine.support.hierarchical.NodeTestTask.lambda$executeRecursively$9(NodeTestTask.java:139)
	at org.junit.platform.engine.support.hierarchical.ThrowableCollector.execute(ThrowableCollector.java:73)
	at org.junit.platform.engine.support.hierarchical.NodeTestTask.executeRecursively(NodeTestTask.java:138)
	at org.junit.platform.engine.support.hierarchical.NodeTestTask.execute(NodeTestTask.java:95)
	at java.base/java.util.ArrayList.forEach(ArrayList.java:1596)
	at org.junit.platform.engine.support.hierarchical.SameThreadHierarchicalTestExecutorService.invokeAll(SameThreadHierarchicalTestExecutorService.java:41)
	at org.junit.platform.engine.support.hierarchical.NodeTestTask.lambda$executeRecursively$6(NodeTestTask.java:155)
	at org.junit.platform.engine.support.hierarchical.ThrowableCollector.execute(ThrowableCollector.java:73)
	at org.junit.platform.engine.support.hierarchical.NodeTestTask.lambda$executeRecursively$8(NodeTestTask.java:141)
	at org.junit.platform.engine.support.hierarchical.Node.around(Node.java:137)
	at org.junit.platform.engine.support.hierarchical.NodeTestTask.lambda$executeRecursively$9(NodeTestTask.java:139)
	at org.junit.platform.engine.support.hierarchical.ThrowableCollector.execute(ThrowableCollector.java:73)
	at org.junit.platform.engine.support.hierarchical.NodeTestTask.executeRecursively(NodeTestTask.java:138)
	at org.junit.platform.engine.support.hierarchical.NodeTestTask.execute(NodeTestTask.java:95)
	at java.base/java.util.ArrayList.forEach(ArrayList.java:1596)
	at org.junit.platform.engine.support.hierarchical.SameThreadHierarchicalTestExecutorService.invokeAll(SameThreadHierarchicalTestExecutorService.java:41)
	at org.junit.platform.engine.support.hierarchical.NodeTestTask.lambda$executeRecursively$6(NodeTestTask.java:155)
	at org.junit.platform.engine.support.hierarchical.ThrowableCollector.execute(ThrowableCollector.java:73)
	at org.junit.platform.engine.support.hierarchical.NodeTestTask.lambda$executeRecursively$8(NodeTestTask.java:141)
	at org.junit.platform.engine.support.hierarchical.Node.around(Node.java:137)
	at org.junit.platform.engine.support.hierarchical.NodeTestTask.lambda$executeRecursively$9(NodeTestTask.java:139)
	at org.junit.platform.engine.support.hierarchical.ThrowableCollector.execute(ThrowableCollector.java:73)
	at org.junit.platform.engine.support.hierarchical.NodeTestTask.executeRecursively(NodeTestTask.java:138)
	at org.junit.platform.engine.support.hierarchical.NodeTestTask.execute(NodeTestTask.java:95)
	at org.junit.platform.engine.support.hierarchical.SameThreadHierarchicalTestExecutorService.submit(SameThreadHierarchicalTestExecutorService.java:35)
	at org.junit.platform.engine.support.hierarchical.HierarchicalTestExecutor.execute(HierarchicalTestExecutor.java:57)
	at org.junit.platform.engine.support.hierarchical.HierarchicalTestEngine.execute(HierarchicalTestEngine.java:54)
	at org.junit.platform.launcher.core.EngineExecutionOrchestrator.execute(EngineExecutionOrchestrator.java:198)
	at org.junit.platform.launcher.core.EngineExecutionOrchestrator.execute(EngineExecutionOrchestrator.java:169)
	at org.junit.platform.launcher.core.EngineExecutionOrchestrator.execute(EngineExecutionOrchestrator.java:93)
	at org.junit.platform.launcher.core.EngineExecutionOrchestrator.lambda$execute$0(EngineExecutionOrchestrator.java:58)
	at org.junit.platform.launcher.core.EngineExecutionOrchestrator.withInterceptedStreams(EngineExecutionOrchestrator.java:141)
	at org.junit.platform.launcher.core.EngineExecutionOrchestrator.execute(EngineExecutionOrchestrator.java:57)
	at org.junit.platform.launcher.core.DefaultLauncher.execute(DefaultLauncher.java:103)
	at org.junit.platform.launcher.core.DefaultLauncher.execute(DefaultLauncher.java:85)
	at org.junit.platform.launcher.core.DelegatingLauncher.execute(DelegatingLauncher.java:47)
	at org.junit.platform.launcher.core.SessionPerRequestLauncher.execute(SessionPerRequestLauncher.java:63)
	at com.intellij.junit5.JUnit5IdeaTestRunner.startRunnerWithArgs(JUnit5IdeaTestRunner.java:57)
	at com.intellij.rt.junit.IdeaTestRunner$Repeater$1.execute(IdeaTestRunner.java:38)
	at com.intellij.rt.execution.junit.TestsRepeater.repeat(TestsRepeater.java:11)
	at com.intellij.rt.junit.IdeaTestRunner$Repeater.startRunnerWithArgs(IdeaTestRunner.java:35)
	at com.intellij.rt.junit.JUnitStarter.prepareStreamsAndStart(JUnitStarter.java:232)
	at com.intellij.rt.junit.JUnitStarter.main(JUnitStarter.java:55)
2025-01-30 12:50:46 [main] INFO  l.insoft.uztis.tests.utils.TestUtils - Screenshot moved to C:\Users\ingrida.zadorozniene\Desktop\Asm\UZTIS\UZTIS_tests\test-output\screenshots\20250130\125046411_testFillNewApplication().png
2025-01-30 12:51:40 [main] INFO  lt.insoft.uztis.tests.UztisPageTest - Navigated to https://uztisdev.asseco.lt/home
2025-01-30 12:51:40 [main] INFO  l.i.u.t.SubmittedApplicationsPageTest - Starting test:'testFillNewApplication'
2025-01-30 12:51:40 [main] DEBUG l.i.u.t.SubmittedApplicationsPageTest - User logged in with test credentials
2025-01-30 12:51:41 [main] DEBUG l.i.u.t.SubmittedApplicationsPageTest - Opened 'Application Processing' menu.
2025-01-30 12:51:41 [main] DEBUG l.i.u.t.SubmittedApplicationsPageTest - Clicked on 'Application Forms' menu.
2025-01-30 12:51:41 [main] DEBUG l.i.u.t.SubmittedApplicationsPageTest - Retrieved last description code text: 'TST-VUI-27'.
2025-01-30 12:51:41 [main] DEBUG l.i.u.t.SubmittedApplicationsPageTest - Clicked on 'Invitation' menu.
2025-01-30 12:51:42 [main] DEBUG l.i.u.t.SubmittedApplicationsPageTest - Selected application section by code: 'TST-VUI-27'.
2025-01-30 12:51:42 [main] DEBUG l.i.u.t.SubmittedApplicationsPageTest - Clicked 'Search' button.
2025-01-30 12:51:42 [main] DEBUG l.i.u.t.SubmittedApplicationsPageTest - Retrieved invitation code: ''.
2025-01-30 12:51:42 [main] DEBUG l.i.u.t.SubmittedApplicationsPageTest - Clicked on 'Submitted Applications' menu.
2025-01-30 12:51:43 [main] DEBUG l.i.u.t.SubmittedApplicationsPageTest - Selected invitation by code: 'TST-VUI-27'.
2025-01-30 12:51:43 [main] DEBUG l.i.u.t.SubmittedApplicationsPageTest - Clicked on 'Action Application' button.
2025-01-30 12:51:44 [main] DEBUG l.i.u.t.SubmittedApplicationsPageTest - Clicked on 'New Application' button.
2025-01-30 12:51:44 [main] DEBUG l.i.u.t.SubmittedApplicationsPageTest - Clicked on 'RadioButtonFA' button.
2025-01-30 12:51:44 [main] DEBUG l.i.u.t.SubmittedApplicationsPageTest - Entered phone number into the input field.
2025-01-30 12:51:44 [main] DEBUG l.i.u.t.SubmittedApplicationsPageTest - Entered eMail into the input field.
2025-01-30 12:51:44 [main] INFO  l.i.u.p.SubmittedApplicationsPage - Located the dropdown button.
2025-01-30 12:52:01 [main] INFO  l.i.u.p.SubmittedApplicationsPage - Found 1741 options in the dropdown.
2025-01-30 12:52:01 [main] INFO  l.i.u.p.SubmittedApplicationsPage - Successfully selected the value: '01.11 - Grūdinių (išskyrus ryžius), ankštinių ir aliejingų sėklų augalų auginimas'
2025-01-30 12:52:11 [main] ERROR l.i.u.p.SubmittedApplicationsPage - Failed to close the dropdown with aria-expanded = 'false'. Attempting manual close.
2025-01-30 12:52:11 [main] INFO  l.i.u.p.SubmittedApplicationsPage - Manual close attempt for the dropdown using body click.
2025-01-30 12:52:12 [main] DEBUG l.i.u.t.SubmittedApplicationsPageTest - Entered Address into the input field.
2025-01-30 12:52:12 [main] DEBUG l.i.u.t.SubmittedApplicationsPageTest - Entered Address into the input field.
2025-01-30 12:52:12 [main] INFO  l.i.u.p.SubmittedApplicationsPage - Located the dropdown button.
2025-01-30 12:52:13 [main] INFO  l.i.u.p.SubmittedApplicationsPage - Successfully selected the value: 'Administratoriai'
2025-01-30 12:52:23 [main] ERROR l.i.u.p.SubmittedApplicationsPage - Timeout while waiting for dropdown to close with aria-expanded = 'false'.
2025-01-30 12:52:23 [main] DEBUG l.i.u.t.SubmittedApplicationsPageTest - Selected the value: 'Administratoriai'
2025-01-30 12:52:24 [main] INFO  l.i.u.p.SubmittedApplicationsPage - Located the dropdown button.
2025-01-30 12:52:24 [main] INFO  l.i.u.p.SubmittedApplicationsPage - Successfully selected the value: 'Kita'
2025-01-30 12:52:35 [main] ERROR l.i.u.p.SubmittedApplicationsPage - Timeout while waiting for dropdown to close with aria-expanded = 'false'.
2025-01-30 12:52:35 [main] DEBUG l.i.u.t.SubmittedApplicationsPageTest - Selected the value: 'Kita'
2025-01-30 12:52:35 [main] DEBUG l.i.u.t.SubmittedApplicationsPageTest - Selected the value: '6 val. per dieną ir 4 d. per savaitę'
2025-01-30 12:52:35 [main] DEBUG l.i.u.t.SubmittedApplicationsPageTest - Entered Address into the input field.
2025-01-30 12:52:45 [main] ERROR l.i.u.t.SubmittedApplicationsPageTest - Test 'testFillNewApplication' failed with error: no such element: Unable to locate element: {"method":"xpath","selector":"//mat-label[contains(text(), 'Darbo vieta steigiama laikiniems darbams?')]//mat-radio-button//label[contains(text(), 'Ne')]"}
  (Session info: chrome=132.0.6834.111)
For documentation on this error, please visit: https://www.selenium.dev/documentation/webdriver/troubleshooting/errors#no-such-element-exception
Build info: version: '4.27.0', revision: 'd6e718d134'
System info: os.name: 'Windows 11', os.arch: 'amd64', os.version: '10.0', java.version: '21.0.3'
Driver info: org.openqa.selenium.chrome.ChromeDriver
Command: [46570ff4f4cdae38306b0d64a589a16a, findElement {using=xpath, value=//mat-label[contains(text(), 'Darbo vieta steigiama laikiniems darbams?')]//mat-radio-button//label[contains(text(), 'Ne')]}]
Capabilities {acceptInsecureCerts: false, browserName: chrome, browserVersion: 132.0.6834.111, chrome: {chromedriverVersion: 132.0.6834.159 (2d77d3fc445..., userDataDir: C:\Users\INGRID~1.ZAD\AppDa...}, fedcm:accounts: true, goog:chromeOptions: {debuggerAddress: localhost:64949}, networkConnectionEnabled: false, pageLoadStrategy: normal, platformName: windows, proxy: Proxy(), se:cdp: ws://localhost:64949/devtoo..., se:cdpVersion: 132.0.6834.111, setWindowRect: true, strictFileInteractability: false, timeouts: {implicit: 0, pageLoad: 300000, script: 30000}, unhandledPromptBehavior: dismiss and notify, webauthn:extension:credBlob: true, webauthn:extension:largeBlob: true, webauthn:extension:minPinLength: true, webauthn:extension:prf: true, webauthn:virtualAuthenticators: true}
Session ID: 46570ff4f4cdae38306b0d64a589a16a
org.openqa.selenium.NoSuchElementException: no such element: Unable to locate element: {"method":"xpath","selector":"//mat-label[contains(text(), 'Darbo vieta steigiama laikiniems darbams?')]//mat-radio-button//label[contains(text(), 'Ne')]"}
  (Session info: chrome=132.0.6834.111)
For documentation on this error, please visit: https://www.selenium.dev/documentation/webdriver/troubleshooting/errors#no-such-element-exception
Build info: version: '4.27.0', revision: 'd6e718d134'
System info: os.name: 'Windows 11', os.arch: 'amd64', os.version: '10.0', java.version: '21.0.3'
Driver info: org.openqa.selenium.chrome.ChromeDriver
Command: [46570ff4f4cdae38306b0d64a589a16a, findElement {using=xpath, value=//mat-label[contains(text(), 'Darbo vieta steigiama laikiniems darbams?')]//mat-radio-button//label[contains(text(), 'Ne')]}]
Capabilities {acceptInsecureCerts: false, browserName: chrome, browserVersion: 132.0.6834.111, chrome: {chromedriverVersion: 132.0.6834.159 (2d77d3fc445..., userDataDir: C:\Users\INGRID~1.ZAD\AppDa...}, fedcm:accounts: true, goog:chromeOptions: {debuggerAddress: localhost:64949}, networkConnectionEnabled: false, pageLoadStrategy: normal, platformName: windows, proxy: Proxy(), se:cdp: ws://localhost:64949/devtoo..., se:cdpVersion: 132.0.6834.111, setWindowRect: true, strictFileInteractability: false, timeouts: {implicit: 0, pageLoad: 300000, script: 30000}, unhandledPromptBehavior: dismiss and notify, webauthn:extension:credBlob: true, webauthn:extension:largeBlob: true, webauthn:extension:minPinLength: true, webauthn:extension:prf: true, webauthn:virtualAuthenticators: true}
Session ID: 46570ff4f4cdae38306b0d64a589a16a
	at java.base/jdk.internal.reflect.DirectConstructorHandleAccessor.newInstance(DirectConstructorHandleAccessor.java:62)
	at java.base/java.lang.reflect.Constructor.newInstanceWithCaller(Constructor.java:502)
	at java.base/java.lang.reflect.Constructor.newInstance(Constructor.java:486)
	at org.openqa.selenium.remote.ErrorCodec.decode(ErrorCodec.java:167)
	at org.openqa.selenium.remote.codec.w3c.W3CHttpResponseCodec.decode(W3CHttpResponseCodec.java:138)
	at org.openqa.selenium.remote.codec.w3c.W3CHttpResponseCodec.decode(W3CHttpResponseCodec.java:50)
	at org.openqa.selenium.remote.HttpCommandExecutor.execute(HttpCommandExecutor.java:190)
	at org.openqa.selenium.remote.service.DriverCommandExecutor.invokeExecute(DriverCommandExecutor.java:216)
	at org.openqa.selenium.remote.service.DriverCommandExecutor.execute(DriverCommandExecutor.java:174)
	at org.openqa.selenium.remote.RemoteWebDriver.execute(RemoteWebDriver.java:545)
	at org.openqa.selenium.remote.ElementLocation$ElementFinder$2.findElement(ElementLocation.java:165)
	at org.openqa.selenium.remote.ElementLocation.findElement(ElementLocation.java:59)
	at org.openqa.selenium.remote.RemoteWebDriver.findElement(RemoteWebDriver.java:368)
	at org.openqa.selenium.remote.RemoteWebDriver.findElement(RemoteWebDriver.java:362)
	at org.openqa.selenium.support.pagefactory.DefaultElementLocator.findElement(DefaultElementLocator.java:68)
	at org.openqa.selenium.support.pagefactory.internal.LocatingElementHandler.invoke(LocatingElementHandler.java:38)
	at jdk.proxy2/jdk.proxy2.$Proxy14.isSelected(Unknown Source)
	at lt.insoft.uztis.pages.SubmittedApplicationsPage.clickRadioButtonTemporaryJob(SubmittedApplicationsPage.java:478)
	at lt.insoft.uztis.tests.SubmittedApplicationsPageTest.testFillNewApplication(SubmittedApplicationsPageTest.java:203)
	at java.base/jdk.internal.reflect.DirectMethodHandleAccessor.invoke(DirectMethodHandleAccessor.java:103)
	at java.base/java.lang.reflect.Method.invoke(Method.java:580)
	at org.junit.platform.commons.util.ReflectionUtils.invokeMethod(ReflectionUtils.java:728)
	at org.junit.jupiter.engine.execution.MethodInvocation.proceed(MethodInvocation.java:60)
	at org.junit.jupiter.engine.execution.InvocationInterceptorChain$ValidatingInvocation.proceed(InvocationInterceptorChain.java:131)
	at org.junit.jupiter.engine.extension.TimeoutExtension.intercept(TimeoutExtension.java:156)
	at org.junit.jupiter.engine.extension.TimeoutExtension.interceptTestableMethod(TimeoutExtension.java:147)
	at org.junit.jupiter.engine.extension.TimeoutExtension.interceptTestMethod(TimeoutExtension.java:86)
	at org.junit.jupiter.engine.execution.InterceptingExecutableInvoker$ReflectiveInterceptorCall.lambda$ofVoidMethod$0(InterceptingExecutableInvoker.java:103)
	at org.junit.jupiter.engine.execution.InterceptingExecutableInvoker.lambda$invoke$0(InterceptingExecutableInvoker.java:93)
	at org.junit.jupiter.engine.execution.InvocationInterceptorChain$InterceptedInvocation.proceed(InvocationInterceptorChain.java:106)
	at org.junit.jupiter.engine.execution.InvocationInterceptorChain.proceed(InvocationInterceptorChain.java:64)
	at org.junit.jupiter.engine.execution.InvocationInterceptorChain.chainAndInvoke(InvocationInterceptorChain.java:45)
	at org.junit.jupiter.engine.execution.InvocationInterceptorChain.invoke(InvocationInterceptorChain.java:37)
	at org.junit.jupiter.engine.execution.InterceptingExecutableInvoker.invoke(InterceptingExecutableInvoker.java:92)
	at org.junit.jupiter.engine.execution.InterceptingExecutableInvoker.invoke(InterceptingExecutableInvoker.java:86)
	at org.junit.jupiter.engine.descriptor.TestMethodTestDescriptor.lambda$invokeTestMethod$7(TestMethodTestDescriptor.java:218)
	at org.junit.platform.engine.support.hierarchical.ThrowableCollector.execute(ThrowableCollector.java:73)
	at org.junit.jupiter.engine.descriptor.TestMethodTestDescriptor.invokeTestMethod(TestMethodTestDescriptor.java:214)
	at org.junit.jupiter.engine.descriptor.TestMethodTestDescriptor.execute(TestMethodTestDescriptor.java:139)
	at org.junit.jupiter.engine.descriptor.TestMethodTestDescriptor.execute(TestMethodTestDescriptor.java:69)
	at org.junit.platform.engine.support.hierarchical.NodeTestTask.lambda$executeRecursively$6(NodeTestTask.java:151)
	at org.junit.platform.engine.support.hierarchical.ThrowableCollector.execute(ThrowableCollector.java:73)
	at org.junit.platform.engine.support.hierarchical.NodeTestTask.lambda$executeRecursively$8(NodeTestTask.java:141)
	at org.junit.platform.engine.support.hierarchical.Node.around(Node.java:137)
	at org.junit.platform.engine.support.hierarchical.NodeTestTask.lambda$executeRecursively$9(NodeTestTask.java:139)
	at org.junit.platform.engine.support.hierarchical.ThrowableCollector.execute(ThrowableCollector.java:73)
	at org.junit.platform.engine.support.hierarchical.NodeTestTask.executeRecursively(NodeTestTask.java:138)
	at org.junit.platform.engine.support.hierarchical.NodeTestTask.execute(NodeTestTask.java:95)
	at java.base/java.util.ArrayList.forEach(ArrayList.java:1596)
	at org.junit.platform.engine.support.hierarchical.SameThreadHierarchicalTestExecutorService.invokeAll(SameThreadHierarchicalTestExecutorService.java:41)
	at org.junit.platform.engine.support.hierarchical.NodeTestTask.lambda$executeRecursively$6(NodeTestTask.java:155)
	at org.junit.platform.engine.support.hierarchical.ThrowableCollector.execute(ThrowableCollector.java:73)
	at org.junit.platform.engine.support.hierarchical.NodeTestTask.lambda$executeRecursively$8(NodeTestTask.java:141)
	at org.junit.platform.engine.support.hierarchical.Node.around(Node.java:137)
	at org.junit.platform.engine.support.hierarchical.NodeTestTask.lambda$executeRecursively$9(NodeTestTask.java:139)
	at org.junit.platform.engine.support.hierarchical.ThrowableCollector.execute(ThrowableCollector.java:73)
	at org.junit.platform.engine.support.hierarchical.NodeTestTask.executeRecursively(NodeTestTask.java:138)
	at org.junit.platform.engine.support.hierarchical.NodeTestTask.execute(NodeTestTask.java:95)
	at java.base/java.util.ArrayList.forEach(ArrayList.java:1596)
	at org.junit.platform.engine.support.hierarchical.SameThreadHierarchicalTestExecutorService.invokeAll(SameThreadHierarchicalTestExecutorService.java:41)
	at org.junit.platform.engine.support.hierarchical.NodeTestTask.lambda$executeRecursively$6(NodeTestTask.java:155)
	at org.junit.platform.engine.support.hierarchical.ThrowableCollector.execute(ThrowableCollector.java:73)
	at org.junit.platform.engine.support.hierarchical.NodeTestTask.lambda$executeRecursively$8(NodeTestTask.java:141)
	at org.junit.platform.engine.support.hierarchical.Node.around(Node.java:137)
	at org.junit.platform.engine.support.hierarchical.NodeTestTask.lambda$executeRecursively$9(NodeTestTask.java:139)
	at org.junit.platform.engine.support.hierarchical.ThrowableCollector.execute(ThrowableCollector.java:73)
	at org.junit.platform.engine.support.hierarchical.NodeTestTask.executeRecursively(NodeTestTask.java:138)
	at org.junit.platform.engine.support.hierarchical.NodeTestTask.execute(NodeTestTask.java:95)
	at org.junit.platform.engine.support.hierarchical.SameThreadHierarchicalTestExecutorService.submit(SameThreadHierarchicalTestExecutorService.java:35)
	at org.junit.platform.engine.support.hierarchical.HierarchicalTestExecutor.execute(HierarchicalTestExecutor.java:57)
	at org.junit.platform.engine.support.hierarchical.HierarchicalTestEngine.execute(HierarchicalTestEngine.java:54)
	at org.junit.platform.launcher.core.EngineExecutionOrchestrator.execute(EngineExecutionOrchestrator.java:198)
	at org.junit.platform.launcher.core.EngineExecutionOrchestrator.execute(EngineExecutionOrchestrator.java:169)
	at org.junit.platform.launcher.core.EngineExecutionOrchestrator.execute(EngineExecutionOrchestrator.java:93)
	at org.junit.platform.launcher.core.EngineExecutionOrchestrator.lambda$execute$0(EngineExecutionOrchestrator.java:58)
	at org.junit.platform.launcher.core.EngineExecutionOrchestrator.withInterceptedStreams(EngineExecutionOrchestrator.java:141)
	at org.junit.platform.launcher.core.EngineExecutionOrchestrator.execute(EngineExecutionOrchestrator.java:57)
	at org.junit.platform.launcher.core.DefaultLauncher.execute(DefaultLauncher.java:103)
	at org.junit.platform.launcher.core.DefaultLauncher.execute(DefaultLauncher.java:85)
	at org.junit.platform.launcher.core.DelegatingLauncher.execute(DelegatingLauncher.java:47)
	at org.junit.platform.launcher.core.SessionPerRequestLauncher.execute(SessionPerRequestLauncher.java:63)
	at com.intellij.junit5.JUnit5IdeaTestRunner.startRunnerWithArgs(JUnit5IdeaTestRunner.java:57)
	at com.intellij.rt.junit.IdeaTestRunner$Repeater$1.execute(IdeaTestRunner.java:38)
	at com.intellij.rt.execution.junit.TestsRepeater.repeat(TestsRepeater.java:11)
	at com.intellij.rt.junit.IdeaTestRunner$Repeater.startRunnerWithArgs(IdeaTestRunner.java:35)
	at com.intellij.rt.junit.JUnitStarter.prepareStreamsAndStart(JUnitStarter.java:232)
	at com.intellij.rt.junit.JUnitStarter.main(JUnitStarter.java:55)
2025-01-30 12:52:46 [main] INFO  l.insoft.uztis.tests.utils.TestUtils - Screenshot moved to C:\Users\ingrida.zadorozniene\Desktop\Asm\UZTIS\UZTIS_tests\test-output\screenshots\20250130\125246145_testFillNewApplication().png
2025-01-30 12:54:56 [main] INFO  lt.insoft.uztis.tests.UztisPageTest - Navigated to https://uztisdev.asseco.lt/home
2025-01-30 12:54:56 [main] INFO  l.i.u.t.SubmittedApplicationsPageTest - Starting test:'testFillNewApplication'
2025-01-30 12:54:56 [main] DEBUG l.i.u.t.SubmittedApplicationsPageTest - User logged in with test credentials
2025-01-30 12:54:57 [main] DEBUG l.i.u.t.SubmittedApplicationsPageTest - Opened 'Application Processing' menu.
2025-01-30 12:54:57 [main] DEBUG l.i.u.t.SubmittedApplicationsPageTest - Clicked on 'Application Forms' menu.
2025-01-30 12:54:57 [main] DEBUG l.i.u.t.SubmittedApplicationsPageTest - Retrieved last description code text: 'TST-VUI-27'.
2025-01-30 12:54:57 [main] DEBUG l.i.u.t.SubmittedApplicationsPageTest - Clicked on 'Invitation' menu.
2025-01-30 12:54:58 [main] DEBUG l.i.u.t.SubmittedApplicationsPageTest - Selected application section by code: 'TST-VUI-27'.
2025-01-30 12:54:58 [main] DEBUG l.i.u.t.SubmittedApplicationsPageTest - Clicked 'Search' button.
2025-01-30 12:54:58 [main] DEBUG l.i.u.t.SubmittedApplicationsPageTest - Retrieved invitation code: ''.
2025-01-30 12:54:58 [main] DEBUG l.i.u.t.SubmittedApplicationsPageTest - Clicked on 'Submitted Applications' menu.
2025-01-30 12:54:59 [main] DEBUG l.i.u.t.SubmittedApplicationsPageTest - Selected invitation by code: 'TST-VUI-27'.
2025-01-30 12:54:59 [main] DEBUG l.i.u.t.SubmittedApplicationsPageTest - Clicked on 'Action Application' button.
2025-01-30 12:55:00 [main] DEBUG l.i.u.t.SubmittedApplicationsPageTest - Clicked on 'New Application' button.
2025-01-30 12:55:00 [main] DEBUG l.i.u.t.SubmittedApplicationsPageTest - Clicked on 'RadioButtonFA' button.
2025-01-30 12:55:00 [main] DEBUG l.i.u.t.SubmittedApplicationsPageTest - Entered phone number into the input field.
2025-01-30 12:55:00 [main] DEBUG l.i.u.t.SubmittedApplicationsPageTest - Entered eMail into the input field.
2025-01-30 12:55:00 [main] INFO  l.i.u.p.SubmittedApplicationsPage - Located the dropdown button.
2025-01-30 12:55:19 [main] INFO  l.i.u.p.SubmittedApplicationsPage - Found 1741 options in the dropdown.
2025-01-30 12:55:19 [main] INFO  l.i.u.p.SubmittedApplicationsPage - Successfully selected the value: '01.11 - Grūdinių (išskyrus ryžius), ankštinių ir aliejingų sėklų augalų auginimas'
2025-01-30 12:55:30 [main] ERROR l.i.u.p.SubmittedApplicationsPage - Failed to close the dropdown with aria-expanded = 'false'. Attempting manual close.
2025-01-30 12:55:30 [main] INFO  l.i.u.p.SubmittedApplicationsPage - Manual close attempt for the dropdown using body click.
2025-01-30 12:55:30 [main] DEBUG l.i.u.t.SubmittedApplicationsPageTest - Entered Address into the input field.
2025-01-30 12:55:30 [main] DEBUG l.i.u.t.SubmittedApplicationsPageTest - Entered Address into the input field.
2025-01-30 12:55:31 [main] INFO  l.i.u.p.SubmittedApplicationsPage - Located the dropdown button.
2025-01-30 12:55:31 [main] INFO  l.i.u.p.SubmittedApplicationsPage - Successfully selected the value: 'Administratoriai'
2025-01-30 12:55:42 [main] ERROR l.i.u.p.SubmittedApplicationsPage - Timeout while waiting for dropdown to close with aria-expanded = 'false'.
2025-01-30 12:55:42 [main] DEBUG l.i.u.t.SubmittedApplicationsPageTest - Selected the value: 'Administratoriai'
2025-01-30 12:55:42 [main] INFO  l.i.u.p.SubmittedApplicationsPage - Located the dropdown button.
2025-01-30 12:55:43 [main] INFO  l.i.u.p.SubmittedApplicationsPage - Successfully selected the value: 'Kita'
2025-01-30 12:55:53 [main] ERROR l.i.u.p.SubmittedApplicationsPage - Timeout while waiting for dropdown to close with aria-expanded = 'false'.
2025-01-30 12:55:53 [main] DEBUG l.i.u.t.SubmittedApplicationsPageTest - Selected the value: 'Kita'
2025-01-30 12:55:53 [main] DEBUG l.i.u.t.SubmittedApplicationsPageTest - Selected the value: '6 val. per dieną ir 4 d. per savaitę'
2025-01-30 12:55:54 [main] DEBUG l.i.u.t.SubmittedApplicationsPageTest - Entered Address into the input field.
2025-01-30 12:56:04 [main] ERROR l.i.u.t.SubmittedApplicationsPageTest - Test 'testFillNewApplication' failed with error: no such element: Unable to locate element: {"method":"xpath","selector":"//mat-label[contains(text(), 'Darbo vieta steigiama laikiniems darbams?')]//input[@type='radio' and @value='false']"}
  (Session info: chrome=132.0.6834.111)
For documentation on this error, please visit: https://www.selenium.dev/documentation/webdriver/troubleshooting/errors#no-such-element-exception
Build info: version: '4.27.0', revision: 'd6e718d134'
System info: os.name: 'Windows 11', os.arch: 'amd64', os.version: '10.0', java.version: '21.0.3'
Driver info: org.openqa.selenium.chrome.ChromeDriver
Command: [10377780c2f82c38c0d2eb8c0b482d43, findElement {using=xpath, value=//mat-label[contains(text(), 'Darbo vieta steigiama laikiniems darbams?')]//input[@type='radio' and @value='false']}]
Capabilities {acceptInsecureCerts: false, browserName: chrome, browserVersion: 132.0.6834.111, chrome: {chromedriverVersion: 132.0.6834.159 (2d77d3fc445..., userDataDir: C:\Users\INGRID~1.ZAD\AppDa...}, fedcm:accounts: true, goog:chromeOptions: {debuggerAddress: localhost:65071}, networkConnectionEnabled: false, pageLoadStrategy: normal, platformName: windows, proxy: Proxy(), se:cdp: ws://localhost:65071/devtoo..., se:cdpVersion: 132.0.6834.111, setWindowRect: true, strictFileInteractability: false, timeouts: {implicit: 0, pageLoad: 300000, script: 30000}, unhandledPromptBehavior: dismiss and notify, webauthn:extension:credBlob: true, webauthn:extension:largeBlob: true, webauthn:extension:minPinLength: true, webauthn:extension:prf: true, webauthn:virtualAuthenticators: true}
Session ID: 10377780c2f82c38c0d2eb8c0b482d43
org.openqa.selenium.NoSuchElementException: no such element: Unable to locate element: {"method":"xpath","selector":"//mat-label[contains(text(), 'Darbo vieta steigiama laikiniems darbams?')]//input[@type='radio' and @value='false']"}
  (Session info: chrome=132.0.6834.111)
For documentation on this error, please visit: https://www.selenium.dev/documentation/webdriver/troubleshooting/errors#no-such-element-exception
Build info: version: '4.27.0', revision: 'd6e718d134'
System info: os.name: 'Windows 11', os.arch: 'amd64', os.version: '10.0', java.version: '21.0.3'
Driver info: org.openqa.selenium.chrome.ChromeDriver
Command: [10377780c2f82c38c0d2eb8c0b482d43, findElement {using=xpath, value=//mat-label[contains(text(), 'Darbo vieta steigiama laikiniems darbams?')]//input[@type='radio' and @value='false']}]
Capabilities {acceptInsecureCerts: false, browserName: chrome, browserVersion: 132.0.6834.111, chrome: {chromedriverVersion: 132.0.6834.159 (2d77d3fc445..., userDataDir: C:\Users\INGRID~1.ZAD\AppDa...}, fedcm:accounts: true, goog:chromeOptions: {debuggerAddress: localhost:65071}, networkConnectionEnabled: false, pageLoadStrategy: normal, platformName: windows, proxy: Proxy(), se:cdp: ws://localhost:65071/devtoo..., se:cdpVersion: 132.0.6834.111, setWindowRect: true, strictFileInteractability: false, timeouts: {implicit: 0, pageLoad: 300000, script: 30000}, unhandledPromptBehavior: dismiss and notify, webauthn:extension:credBlob: true, webauthn:extension:largeBlob: true, webauthn:extension:minPinLength: true, webauthn:extension:prf: true, webauthn:virtualAuthenticators: true}
Session ID: 10377780c2f82c38c0d2eb8c0b482d43
	at java.base/jdk.internal.reflect.DirectConstructorHandleAccessor.newInstance(DirectConstructorHandleAccessor.java:62)
	at java.base/java.lang.reflect.Constructor.newInstanceWithCaller(Constructor.java:502)
	at java.base/java.lang.reflect.Constructor.newInstance(Constructor.java:486)
	at org.openqa.selenium.remote.ErrorCodec.decode(ErrorCodec.java:167)
	at org.openqa.selenium.remote.codec.w3c.W3CHttpResponseCodec.decode(W3CHttpResponseCodec.java:138)
	at org.openqa.selenium.remote.codec.w3c.W3CHttpResponseCodec.decode(W3CHttpResponseCodec.java:50)
	at org.openqa.selenium.remote.HttpCommandExecutor.execute(HttpCommandExecutor.java:190)
	at org.openqa.selenium.remote.service.DriverCommandExecutor.invokeExecute(DriverCommandExecutor.java:216)
	at org.openqa.selenium.remote.service.DriverCommandExecutor.execute(DriverCommandExecutor.java:174)
	at org.openqa.selenium.remote.RemoteWebDriver.execute(RemoteWebDriver.java:545)
	at org.openqa.selenium.remote.ElementLocation$ElementFinder$2.findElement(ElementLocation.java:165)
	at org.openqa.selenium.remote.ElementLocation.findElement(ElementLocation.java:59)
	at org.openqa.selenium.remote.RemoteWebDriver.findElement(RemoteWebDriver.java:368)
	at org.openqa.selenium.remote.RemoteWebDriver.findElement(RemoteWebDriver.java:362)
	at org.openqa.selenium.support.pagefactory.DefaultElementLocator.findElement(DefaultElementLocator.java:68)
	at org.openqa.selenium.support.pagefactory.internal.LocatingElementHandler.invoke(LocatingElementHandler.java:38)
	at jdk.proxy2/jdk.proxy2.$Proxy14.isSelected(Unknown Source)
	at lt.insoft.uztis.pages.SubmittedApplicationsPage.clickRadioButtonTemporaryJob(SubmittedApplicationsPage.java:481)
	at lt.insoft.uztis.tests.SubmittedApplicationsPageTest.testFillNewApplication(SubmittedApplicationsPageTest.java:203)
	at java.base/jdk.internal.reflect.DirectMethodHandleAccessor.invoke(DirectMethodHandleAccessor.java:103)
	at java.base/java.lang.reflect.Method.invoke(Method.java:580)
	at org.junit.platform.commons.util.ReflectionUtils.invokeMethod(ReflectionUtils.java:728)
	at org.junit.jupiter.engine.execution.MethodInvocation.proceed(MethodInvocation.java:60)
	at org.junit.jupiter.engine.execution.InvocationInterceptorChain$ValidatingInvocation.proceed(InvocationInterceptorChain.java:131)
	at org.junit.jupiter.engine.extension.TimeoutExtension.intercept(TimeoutExtension.java:156)
	at org.junit.jupiter.engine.extension.TimeoutExtension.interceptTestableMethod(TimeoutExtension.java:147)
	at org.junit.jupiter.engine.extension.TimeoutExtension.interceptTestMethod(TimeoutExtension.java:86)
	at org.junit.jupiter.engine.execution.InterceptingExecutableInvoker$ReflectiveInterceptorCall.lambda$ofVoidMethod$0(InterceptingExecutableInvoker.java:103)
	at org.junit.jupiter.engine.execution.InterceptingExecutableInvoker.lambda$invoke$0(InterceptingExecutableInvoker.java:93)
	at org.junit.jupiter.engine.execution.InvocationInterceptorChain$InterceptedInvocation.proceed(InvocationInterceptorChain.java:106)
	at org.junit.jupiter.engine.execution.InvocationInterceptorChain.proceed(InvocationInterceptorChain.java:64)
	at org.junit.jupiter.engine.execution.InvocationInterceptorChain.chainAndInvoke(InvocationInterceptorChain.java:45)
	at org.junit.jupiter.engine.execution.InvocationInterceptorChain.invoke(InvocationInterceptorChain.java:37)
	at org.junit.jupiter.engine.execution.InterceptingExecutableInvoker.invoke(InterceptingExecutableInvoker.java:92)
	at org.junit.jupiter.engine.execution.InterceptingExecutableInvoker.invoke(InterceptingExecutableInvoker.java:86)
	at org.junit.jupiter.engine.descriptor.TestMethodTestDescriptor.lambda$invokeTestMethod$7(TestMethodTestDescriptor.java:218)
	at org.junit.platform.engine.support.hierarchical.ThrowableCollector.execute(ThrowableCollector.java:73)
	at org.junit.jupiter.engine.descriptor.TestMethodTestDescriptor.invokeTestMethod(TestMethodTestDescriptor.java:214)
	at org.junit.jupiter.engine.descriptor.TestMethodTestDescriptor.execute(TestMethodTestDescriptor.java:139)
	at org.junit.jupiter.engine.descriptor.TestMethodTestDescriptor.execute(TestMethodTestDescriptor.java:69)
	at org.junit.platform.engine.support.hierarchical.NodeTestTask.lambda$executeRecursively$6(NodeTestTask.java:151)
	at org.junit.platform.engine.support.hierarchical.ThrowableCollector.execute(ThrowableCollector.java:73)
	at org.junit.platform.engine.support.hierarchical.NodeTestTask.lambda$executeRecursively$8(NodeTestTask.java:141)
	at org.junit.platform.engine.support.hierarchical.Node.around(Node.java:137)
	at org.junit.platform.engine.support.hierarchical.NodeTestTask.lambda$executeRecursively$9(NodeTestTask.java:139)
	at org.junit.platform.engine.support.hierarchical.ThrowableCollector.execute(ThrowableCollector.java:73)
	at org.junit.platform.engine.support.hierarchical.NodeTestTask.executeRecursively(NodeTestTask.java:138)
	at org.junit.platform.engine.support.hierarchical.NodeTestTask.execute(NodeTestTask.java:95)
	at java.base/java.util.ArrayList.forEach(ArrayList.java:1596)
	at org.junit.platform.engine.support.hierarchical.SameThreadHierarchicalTestExecutorService.invokeAll(SameThreadHierarchicalTestExecutorService.java:41)
	at org.junit.platform.engine.support.hierarchical.NodeTestTask.lambda$executeRecursively$6(NodeTestTask.java:155)
	at org.junit.platform.engine.support.hierarchical.ThrowableCollector.execute(ThrowableCollector.java:73)
	at org.junit.platform.engine.support.hierarchical.NodeTestTask.lambda$executeRecursively$8(NodeTestTask.java:141)
	at org.junit.platform.engine.support.hierarchical.Node.around(Node.java:137)
	at org.junit.platform.engine.support.hierarchical.NodeTestTask.lambda$executeRecursively$9(NodeTestTask.java:139)
	at org.junit.platform.engine.support.hierarchical.ThrowableCollector.execute(ThrowableCollector.java:73)
	at org.junit.platform.engine.support.hierarchical.NodeTestTask.executeRecursively(NodeTestTask.java:138)
	at org.junit.platform.engine.support.hierarchical.NodeTestTask.execute(NodeTestTask.java:95)
	at java.base/java.util.ArrayList.forEach(ArrayList.java:1596)
	at org.junit.platform.engine.support.hierarchical.SameThreadHierarchicalTestExecutorService.invokeAll(SameThreadHierarchicalTestExecutorService.java:41)
	at org.junit.platform.engine.support.hierarchical.NodeTestTask.lambda$executeRecursively$6(NodeTestTask.java:155)
	at org.junit.platform.engine.support.hierarchical.ThrowableCollector.execute(ThrowableCollector.java:73)
	at org.junit.platform.engine.support.hierarchical.NodeTestTask.lambda$executeRecursively$8(NodeTestTask.java:141)
	at org.junit.platform.engine.support.hierarchical.Node.around(Node.java:137)
	at org.junit.platform.engine.support.hierarchical.NodeTestTask.lambda$executeRecursively$9(NodeTestTask.java:139)
	at org.junit.platform.engine.support.hierarchical.ThrowableCollector.execute(ThrowableCollector.java:73)
	at org.junit.platform.engine.support.hierarchical.NodeTestTask.executeRecursively(NodeTestTask.java:138)
	at org.junit.platform.engine.support.hierarchical.NodeTestTask.execute(NodeTestTask.java:95)
	at org.junit.platform.engine.support.hierarchical.SameThreadHierarchicalTestExecutorService.submit(SameThreadHierarchicalTestExecutorService.java:35)
	at org.junit.platform.engine.support.hierarchical.HierarchicalTestExecutor.execute(HierarchicalTestExecutor.java:57)
	at org.junit.platform.engine.support.hierarchical.HierarchicalTestEngine.execute(HierarchicalTestEngine.java:54)
	at org.junit.platform.launcher.core.EngineExecutionOrchestrator.execute(EngineExecutionOrchestrator.java:198)
	at org.junit.platform.launcher.core.EngineExecutionOrchestrator.execute(EngineExecutionOrchestrator.java:169)
	at org.junit.platform.launcher.core.EngineExecutionOrchestrator.execute(EngineExecutionOrchestrator.java:93)
	at org.junit.platform.launcher.core.EngineExecutionOrchestrator.lambda$execute$0(EngineExecutionOrchestrator.java:58)
	at org.junit.platform.launcher.core.EngineExecutionOrchestrator.withInterceptedStreams(EngineExecutionOrchestrator.java:141)
	at org.junit.platform.launcher.core.EngineExecutionOrchestrator.execute(EngineExecutionOrchestrator.java:57)
	at org.junit.platform.launcher.core.DefaultLauncher.execute(DefaultLauncher.java:103)
	at org.junit.platform.launcher.core.DefaultLauncher.execute(DefaultLauncher.java:85)
	at org.junit.platform.launcher.core.DelegatingLauncher.execute(DelegatingLauncher.java:47)
	at org.junit.platform.launcher.core.SessionPerRequestLauncher.execute(SessionPerRequestLauncher.java:63)
	at com.intellij.junit5.JUnit5IdeaTestRunner.startRunnerWithArgs(JUnit5IdeaTestRunner.java:57)
	at com.intellij.rt.junit.IdeaTestRunner$Repeater$1.execute(IdeaTestRunner.java:38)
	at com.intellij.rt.execution.junit.TestsRepeater.repeat(TestsRepeater.java:11)
	at com.intellij.rt.junit.IdeaTestRunner$Repeater.startRunnerWithArgs(IdeaTestRunner.java:35)
	at com.intellij.rt.junit.JUnitStarter.prepareStreamsAndStart(JUnitStarter.java:232)
	at com.intellij.rt.junit.JUnitStarter.main(JUnitStarter.java:55)
2025-01-30 12:56:04 [main] INFO  l.insoft.uztis.tests.utils.TestUtils - Screenshot moved to C:\Users\ingrida.zadorozniene\Desktop\Asm\UZTIS\UZTIS_tests\test-output\screenshots\20250130\125604483_testFillNewApplication().png
2025-01-30 13:03:12 [main] INFO  lt.insoft.uztis.tests.UztisPageTest - Navigated to https://uztisdev.asseco.lt/home
2025-01-30 13:03:12 [main] INFO  l.i.u.t.SubmittedApplicationsPageTest - Starting test:'testFillNewApplication'
2025-01-30 13:03:12 [main] DEBUG l.i.u.t.SubmittedApplicationsPageTest - User logged in with test credentials
2025-01-30 13:03:13 [main] DEBUG l.i.u.t.SubmittedApplicationsPageTest - Opened 'Application Processing' menu.
2025-01-30 13:03:13 [main] DEBUG l.i.u.t.SubmittedApplicationsPageTest - Clicked on 'Application Forms' menu.
2025-01-30 13:03:13 [main] DEBUG l.i.u.t.SubmittedApplicationsPageTest - Retrieved last description code text: 'TST-VUI-27'.
2025-01-30 13:03:13 [main] DEBUG l.i.u.t.SubmittedApplicationsPageTest - Clicked on 'Invitation' menu.
2025-01-30 13:03:14 [main] DEBUG l.i.u.t.SubmittedApplicationsPageTest - Selected application section by code: 'TST-VUI-27'.
2025-01-30 13:03:14 [main] DEBUG l.i.u.t.SubmittedApplicationsPageTest - Clicked 'Search' button.
2025-01-30 13:03:14 [main] DEBUG l.i.u.t.SubmittedApplicationsPageTest - Retrieved invitation code: ''.
2025-01-30 13:03:14 [main] DEBUG l.i.u.t.SubmittedApplicationsPageTest - Clicked on 'Submitted Applications' menu.
2025-01-30 13:03:15 [main] DEBUG l.i.u.t.SubmittedApplicationsPageTest - Selected invitation by code: 'TST-VUI-27'.
2025-01-30 13:03:16 [main] DEBUG l.i.u.t.SubmittedApplicationsPageTest - Clicked on 'Action Application' button.
2025-01-30 13:03:16 [main] DEBUG l.i.u.t.SubmittedApplicationsPageTest - Clicked on 'New Application' button.
2025-01-30 13:03:16 [main] DEBUG l.i.u.t.SubmittedApplicationsPageTest - Clicked on 'RadioButtonFA' button.
2025-01-30 13:03:16 [main] DEBUG l.i.u.t.SubmittedApplicationsPageTest - Entered phone number into the input field.
2025-01-30 13:03:17 [main] DEBUG l.i.u.t.SubmittedApplicationsPageTest - Entered eMail into the input field.
2025-01-30 13:03:17 [main] INFO  l.i.u.p.SubmittedApplicationsPage - Located the dropdown button.
2025-01-30 13:03:35 [main] INFO  l.i.u.p.SubmittedApplicationsPage - Found 1741 options in the dropdown.
2025-01-30 13:03:35 [main] INFO  l.i.u.p.SubmittedApplicationsPage - Successfully selected the value: '01.11 - Grūdinių (išskyrus ryžius), ankštinių ir aliejingų sėklų augalų auginimas'
2025-01-30 13:03:46 [main] ERROR l.i.u.p.SubmittedApplicationsPage - Failed to close the dropdown with aria-expanded = 'false'. Attempting manual close.
2025-01-30 13:03:46 [main] INFO  l.i.u.p.SubmittedApplicationsPage - Manual close attempt for the dropdown using body click.
2025-01-30 13:03:46 [main] DEBUG l.i.u.t.SubmittedApplicationsPageTest - Entered Address into the input field.
2025-01-30 13:03:46 [main] DEBUG l.i.u.t.SubmittedApplicationsPageTest - Entered Address into the input field.
2025-01-30 13:03:47 [main] INFO  l.i.u.p.SubmittedApplicationsPage - Located the dropdown button.
2025-01-30 13:03:48 [main] INFO  l.i.u.p.SubmittedApplicationsPage - Successfully selected the value: 'Administratoriai'
2025-01-30 13:03:58 [main] ERROR l.i.u.p.SubmittedApplicationsPage - Timeout while waiting for dropdown to close with aria-expanded = 'false'.
2025-01-30 13:03:58 [main] DEBUG l.i.u.t.SubmittedApplicationsPageTest - Selected the value: 'Administratoriai'
2025-01-30 13:03:59 [main] INFO  l.i.u.p.SubmittedApplicationsPage - Located the dropdown button.
2025-01-30 13:03:59 [main] INFO  l.i.u.p.SubmittedApplicationsPage - Successfully selected the value: 'Kita'
2025-01-30 13:04:10 [main] ERROR l.i.u.p.SubmittedApplicationsPage - Timeout while waiting for dropdown to close with aria-expanded = 'false'.
2025-01-30 13:04:10 [main] DEBUG l.i.u.t.SubmittedApplicationsPageTest - Selected the value: 'Kita'
2025-01-30 13:04:10 [main] DEBUG l.i.u.t.SubmittedApplicationsPageTest - Selected the value: '6 val. per dieną ir 4 d. per savaitę'
2025-01-30 13:04:10 [main] DEBUG l.i.u.t.SubmittedApplicationsPageTest - Entered Address into the input field.
2025-01-30 13:04:31 [main] ERROR l.i.u.t.SubmittedApplicationsPageTest - Test 'testFillNewApplication' failed with error: no such element: Unable to locate element: {"method":"css selector","selector":"*[name='radioButtonSeasonJob']"}
  (Session info: chrome=132.0.6834.111)
For documentation on this error, please visit: https://www.selenium.dev/documentation/webdriver/troubleshooting/errors#no-such-element-exception
Build info: version: '4.27.0', revision: 'd6e718d134'
System info: os.name: 'Windows 11', os.arch: 'amd64', os.version: '10.0', java.version: '21.0.3'
Driver info: org.openqa.selenium.chrome.ChromeDriver
Command: [c4e045bbe81bfdd9ac06170e378d720d, findElement {using=css selector, value=*[name='radioButtonSeasonJob']}]
Capabilities {acceptInsecureCerts: false, browserName: chrome, browserVersion: 132.0.6834.111, chrome: {chromedriverVersion: 132.0.6834.159 (2d77d3fc445..., userDataDir: C:\Users\INGRID~1.ZAD\AppDa...}, fedcm:accounts: true, goog:chromeOptions: {debuggerAddress: localhost:65342}, networkConnectionEnabled: false, pageLoadStrategy: normal, platformName: windows, proxy: Proxy(), se:cdp: ws://localhost:65342/devtoo..., se:cdpVersion: 132.0.6834.111, setWindowRect: true, strictFileInteractability: false, timeouts: {implicit: 0, pageLoad: 300000, script: 30000}, unhandledPromptBehavior: dismiss and notify, webauthn:extension:credBlob: true, webauthn:extension:largeBlob: true, webauthn:extension:minPinLength: true, webauthn:extension:prf: true, webauthn:virtualAuthenticators: true}
Session ID: c4e045bbe81bfdd9ac06170e378d720d
org.openqa.selenium.NoSuchElementException: no such element: Unable to locate element: {"method":"css selector","selector":"*[name='radioButtonSeasonJob']"}
  (Session info: chrome=132.0.6834.111)
For documentation on this error, please visit: https://www.selenium.dev/documentation/webdriver/troubleshooting/errors#no-such-element-exception
Build info: version: '4.27.0', revision: 'd6e718d134'
System info: os.name: 'Windows 11', os.arch: 'amd64', os.version: '10.0', java.version: '21.0.3'
Driver info: org.openqa.selenium.chrome.ChromeDriver
Command: [c4e045bbe81bfdd9ac06170e378d720d, findElement {using=css selector, value=*[name='radioButtonSeasonJob']}]
Capabilities {acceptInsecureCerts: false, browserName: chrome, browserVersion: 132.0.6834.111, chrome: {chromedriverVersion: 132.0.6834.159 (2d77d3fc445..., userDataDir: C:\Users\INGRID~1.ZAD\AppDa...}, fedcm:accounts: true, goog:chromeOptions: {debuggerAddress: localhost:65342}, networkConnectionEnabled: false, pageLoadStrategy: normal, platformName: windows, proxy: Proxy(), se:cdp: ws://localhost:65342/devtoo..., se:cdpVersion: 132.0.6834.111, setWindowRect: true, strictFileInteractability: false, timeouts: {implicit: 0, pageLoad: 300000, script: 30000}, unhandledPromptBehavior: dismiss and notify, webauthn:extension:credBlob: true, webauthn:extension:largeBlob: true, webauthn:extension:minPinLength: true, webauthn:extension:prf: true, webauthn:virtualAuthenticators: true}
Session ID: c4e045bbe81bfdd9ac06170e378d720d
	at java.base/jdk.internal.reflect.DirectConstructorHandleAccessor.newInstance(DirectConstructorHandleAccessor.java:62)
	at java.base/java.lang.reflect.Constructor.newInstanceWithCaller(Constructor.java:502)
	at java.base/java.lang.reflect.Constructor.newInstance(Constructor.java:486)
	at org.openqa.selenium.remote.ErrorCodec.decode(ErrorCodec.java:167)
	at org.openqa.selenium.remote.codec.w3c.W3CHttpResponseCodec.decode(W3CHttpResponseCodec.java:138)
	at org.openqa.selenium.remote.codec.w3c.W3CHttpResponseCodec.decode(W3CHttpResponseCodec.java:50)
	at org.openqa.selenium.remote.HttpCommandExecutor.execute(HttpCommandExecutor.java:190)
	at org.openqa.selenium.remote.service.DriverCommandExecutor.invokeExecute(DriverCommandExecutor.java:216)
	at org.openqa.selenium.remote.service.DriverCommandExecutor.execute(DriverCommandExecutor.java:174)
	at org.openqa.selenium.remote.RemoteWebDriver.execute(RemoteWebDriver.java:545)
	at org.openqa.selenium.remote.ElementLocation$ElementFinder$2.findElement(ElementLocation.java:165)
	at org.openqa.selenium.remote.ElementLocation.findElement(ElementLocation.java:59)
	at org.openqa.selenium.remote.RemoteWebDriver.findElement(RemoteWebDriver.java:368)
	at org.openqa.selenium.remote.RemoteWebDriver.findElement(RemoteWebDriver.java:362)
	at org.openqa.selenium.By$PreW3CLocator.findElement(By.java:430)
	at org.openqa.selenium.By$ByName.findElement(By.java:237)
	at org.openqa.selenium.support.ByIdOrName.findElement(ByIdOrName.java:49)
	at org.openqa.selenium.remote.ElementLocation$ElementFinder$1.findElement(ElementLocation.java:139)
	at org.openqa.selenium.remote.ElementLocation.findElement(ElementLocation.java:81)
	at org.openqa.selenium.remote.RemoteWebDriver.findElement(RemoteWebDriver.java:368)
	at org.openqa.selenium.remote.RemoteWebDriver.findElement(RemoteWebDriver.java:362)
	at org.openqa.selenium.support.pagefactory.DefaultElementLocator.findElement(DefaultElementLocator.java:68)
	at org.openqa.selenium.support.pagefactory.internal.LocatingElementHandler.invoke(LocatingElementHandler.java:38)
	at jdk.proxy2/jdk.proxy2.$Proxy14.isSelected(Unknown Source)
	at lt.insoft.uztis.pages.SubmittedApplicationsPage.clickRadioButtonSeasonJob(SubmittedApplicationsPage.java:485)
	at lt.insoft.uztis.tests.SubmittedApplicationsPageTest.testFillNewApplication(SubmittedApplicationsPageTest.java:205)
	at java.base/jdk.internal.reflect.DirectMethodHandleAccessor.invoke(DirectMethodHandleAccessor.java:103)
	at java.base/java.lang.reflect.Method.invoke(Method.java:580)
	at org.junit.platform.commons.util.ReflectionUtils.invokeMethod(ReflectionUtils.java:728)
	at org.junit.jupiter.engine.execution.MethodInvocation.proceed(MethodInvocation.java:60)
	at org.junit.jupiter.engine.execution.InvocationInterceptorChain$ValidatingInvocation.proceed(InvocationInterceptorChain.java:131)
	at org.junit.jupiter.engine.extension.TimeoutExtension.intercept(TimeoutExtension.java:156)
	at org.junit.jupiter.engine.extension.TimeoutExtension.interceptTestableMethod(TimeoutExtension.java:147)
	at org.junit.jupiter.engine.extension.TimeoutExtension.interceptTestMethod(TimeoutExtension.java:86)
	at org.junit.jupiter.engine.execution.InterceptingExecutableInvoker$ReflectiveInterceptorCall.lambda$ofVoidMethod$0(InterceptingExecutableInvoker.java:103)
	at org.junit.jupiter.engine.execution.InterceptingExecutableInvoker.lambda$invoke$0(InterceptingExecutableInvoker.java:93)
	at org.junit.jupiter.engine.execution.InvocationInterceptorChain$InterceptedInvocation.proceed(InvocationInterceptorChain.java:106)
	at org.junit.jupiter.engine.execution.InvocationInterceptorChain.proceed(InvocationInterceptorChain.java:64)
	at org.junit.jupiter.engine.execution.InvocationInterceptorChain.chainAndInvoke(InvocationInterceptorChain.java:45)
	at org.junit.jupiter.engine.execution.InvocationInterceptorChain.invoke(InvocationInterceptorChain.java:37)
	at org.junit.jupiter.engine.execution.InterceptingExecutableInvoker.invoke(InterceptingExecutableInvoker.java:92)
	at org.junit.jupiter.engine.execution.InterceptingExecutableInvoker.invoke(InterceptingExecutableInvoker.java:86)
	at org.junit.jupiter.engine.descriptor.TestMethodTestDescriptor.lambda$invokeTestMethod$7(TestMethodTestDescriptor.java:218)
	at org.junit.platform.engine.support.hierarchical.ThrowableCollector.execute(ThrowableCollector.java:73)
	at org.junit.jupiter.engine.descriptor.TestMethodTestDescriptor.invokeTestMethod(TestMethodTestDescriptor.java:214)
	at org.junit.jupiter.engine.descriptor.TestMethodTestDescriptor.execute(TestMethodTestDescriptor.java:139)
	at org.junit.jupiter.engine.descriptor.TestMethodTestDescriptor.execute(TestMethodTestDescriptor.java:69)
	at org.junit.platform.engine.support.hierarchical.NodeTestTask.lambda$executeRecursively$6(NodeTestTask.java:151)
	at org.junit.platform.engine.support.hierarchical.ThrowableCollector.execute(ThrowableCollector.java:73)
	at org.junit.platform.engine.support.hierarchical.NodeTestTask.lambda$executeRecursively$8(NodeTestTask.java:141)
	at org.junit.platform.engine.support.hierarchical.Node.around(Node.java:137)
	at org.junit.platform.engine.support.hierarchical.NodeTestTask.lambda$executeRecursively$9(NodeTestTask.java:139)
	at org.junit.platform.engine.support.hierarchical.ThrowableCollector.execute(ThrowableCollector.java:73)
	at org.junit.platform.engine.support.hierarchical.NodeTestTask.executeRecursively(NodeTestTask.java:138)
	at org.junit.platform.engine.support.hierarchical.NodeTestTask.execute(NodeTestTask.java:95)
	at java.base/java.util.ArrayList.forEach(ArrayList.java:1596)
	at org.junit.platform.engine.support.hierarchical.SameThreadHierarchicalTestExecutorService.invokeAll(SameThreadHierarchicalTestExecutorService.java:41)
	at org.junit.platform.engine.support.hierarchical.NodeTestTask.lambda$executeRecursively$6(NodeTestTask.java:155)
	at org.junit.platform.engine.support.hierarchical.ThrowableCollector.execute(ThrowableCollector.java:73)
	at org.junit.platform.engine.support.hierarchical.NodeTestTask.lambda$executeRecursively$8(NodeTestTask.java:141)
	at org.junit.platform.engine.support.hierarchical.Node.around(Node.java:137)
	at org.junit.platform.engine.support.hierarchical.NodeTestTask.lambda$executeRecursively$9(NodeTestTask.java:139)
	at org.junit.platform.engine.support.hierarchical.ThrowableCollector.execute(ThrowableCollector.java:73)
	at org.junit.platform.engine.support.hierarchical.NodeTestTask.executeRecursively(NodeTestTask.java:138)
	at org.junit.platform.engine.support.hierarchical.NodeTestTask.execute(NodeTestTask.java:95)
	at java.base/java.util.ArrayList.forEach(ArrayList.java:1596)
	at org.junit.platform.engine.support.hierarchical.SameThreadHierarchicalTestExecutorService.invokeAll(SameThreadHierarchicalTestExecutorService.java:41)
	at org.junit.platform.engine.support.hierarchical.NodeTestTask.lambda$executeRecursively$6(NodeTestTask.java:155)
	at org.junit.platform.engine.support.hierarchical.ThrowableCollector.execute(ThrowableCollector.java:73)
	at org.junit.platform.engine.support.hierarchical.NodeTestTask.lambda$executeRecursively$8(NodeTestTask.java:141)
	at org.junit.platform.engine.support.hierarchical.Node.around(Node.java:137)
	at org.junit.platform.engine.support.hierarchical.NodeTestTask.lambda$executeRecursively$9(NodeTestTask.java:139)
	at org.junit.platform.engine.support.hierarchical.ThrowableCollector.execute(ThrowableCollector.java:73)
	at org.junit.platform.engine.support.hierarchical.NodeTestTask.executeRecursively(NodeTestTask.java:138)
	at org.junit.platform.engine.support.hierarchical.NodeTestTask.execute(NodeTestTask.java:95)
	at org.junit.platform.engine.support.hierarchical.SameThreadHierarchicalTestExecutorService.submit(SameThreadHierarchicalTestExecutorService.java:35)
	at org.junit.platform.engine.support.hierarchical.HierarchicalTestExecutor.execute(HierarchicalTestExecutor.java:57)
	at org.junit.platform.engine.support.hierarchical.HierarchicalTestEngine.execute(HierarchicalTestEngine.java:54)
	at org.junit.platform.launcher.core.EngineExecutionOrchestrator.execute(EngineExecutionOrchestrator.java:198)
	at org.junit.platform.launcher.core.EngineExecutionOrchestrator.execute(EngineExecutionOrchestrator.java:169)
	at org.junit.platform.launcher.core.EngineExecutionOrchestrator.execute(EngineExecutionOrchestrator.java:93)
	at org.junit.platform.launcher.core.EngineExecutionOrchestrator.lambda$execute$0(EngineExecutionOrchestrator.java:58)
	at org.junit.platform.launcher.core.EngineExecutionOrchestrator.withInterceptedStreams(EngineExecutionOrchestrator.java:141)
	at org.junit.platform.launcher.core.EngineExecutionOrchestrator.execute(EngineExecutionOrchestrator.java:57)
	at org.junit.platform.launcher.core.DefaultLauncher.execute(DefaultLauncher.java:103)
	at org.junit.platform.launcher.core.DefaultLauncher.execute(DefaultLauncher.java:85)
	at org.junit.platform.launcher.core.DelegatingLauncher.execute(DelegatingLauncher.java:47)
	at org.junit.platform.launcher.core.SessionPerRequestLauncher.execute(SessionPerRequestLauncher.java:63)
	at com.intellij.junit5.JUnit5IdeaTestRunner.startRunnerWithArgs(JUnit5IdeaTestRunner.java:57)
	at com.intellij.rt.junit.IdeaTestRunner$Repeater$1.execute(IdeaTestRunner.java:38)
	at com.intellij.rt.execution.junit.TestsRepeater.repeat(TestsRepeater.java:11)
	at com.intellij.rt.junit.IdeaTestRunner$Repeater.startRunnerWithArgs(IdeaTestRunner.java:35)
	at com.intellij.rt.junit.JUnitStarter.prepareStreamsAndStart(JUnitStarter.java:232)
	at com.intellij.rt.junit.JUnitStarter.main(JUnitStarter.java:55)
2025-01-30 13:04:31 [main] INFO  l.insoft.uztis.tests.utils.TestUtils - Screenshot moved to C:\Users\ingrida.zadorozniene\Desktop\Asm\UZTIS\UZTIS_tests\test-output\screenshots\20250130\130431330_testFillNewApplication().png
2025-01-30 13:09:43 [main] INFO  lt.insoft.uztis.tests.UztisPageTest - Navigated to https://uztisdev.asseco.lt/home
2025-01-30 13:09:43 [main] INFO  l.i.u.t.SubmittedApplicationsPageTest - Starting test:'testFillNewApplication'
2025-01-30 13:09:44 [main] DEBUG l.i.u.t.SubmittedApplicationsPageTest - User logged in with test credentials
2025-01-30 13:09:44 [main] DEBUG l.i.u.t.SubmittedApplicationsPageTest - Opened 'Application Processing' menu.
2025-01-30 13:09:44 [main] DEBUG l.i.u.t.SubmittedApplicationsPageTest - Clicked on 'Application Forms' menu.
2025-01-30 13:09:44 [main] DEBUG l.i.u.t.SubmittedApplicationsPageTest - Retrieved last description code text: 'TST-VUI-27'.
2025-01-30 13:09:45 [main] DEBUG l.i.u.t.SubmittedApplicationsPageTest - Clicked on 'Invitation' menu.
2025-01-30 13:09:45 [main] DEBUG l.i.u.t.SubmittedApplicationsPageTest - Selected application section by code: 'TST-VUI-27'.
2025-01-30 13:09:45 [main] DEBUG l.i.u.t.SubmittedApplicationsPageTest - Clicked 'Search' button.
2025-01-30 13:09:46 [main] DEBUG l.i.u.t.SubmittedApplicationsPageTest - Retrieved invitation code: ''.
2025-01-30 13:09:46 [main] DEBUG l.i.u.t.SubmittedApplicationsPageTest - Clicked on 'Submitted Applications' menu.
2025-01-30 13:09:47 [main] DEBUG l.i.u.t.SubmittedApplicationsPageTest - Selected invitation by code: 'TST-VUI-27'.
2025-01-30 13:09:47 [main] DEBUG l.i.u.t.SubmittedApplicationsPageTest - Clicked on 'Action Application' button.
2025-01-30 13:09:47 [main] DEBUG l.i.u.t.SubmittedApplicationsPageTest - Clicked on 'New Application' button.
2025-01-30 13:09:47 [main] DEBUG l.i.u.t.SubmittedApplicationsPageTest - Clicked on 'RadioButtonFA' button.
2025-01-30 13:09:48 [main] DEBUG l.i.u.t.SubmittedApplicationsPageTest - Entered phone number into the input field.
2025-01-30 13:09:48 [main] DEBUG l.i.u.t.SubmittedApplicationsPageTest - Entered eMail into the input field.
2025-01-30 13:09:48 [main] INFO  l.i.u.p.SubmittedApplicationsPage - Located the dropdown button.
2025-01-30 13:10:08 [main] INFO  l.i.u.p.SubmittedApplicationsPage - Found 1741 options in the dropdown.
2025-01-30 13:10:08 [main] INFO  l.i.u.p.SubmittedApplicationsPage - Successfully selected the value: '01.11 - Grūdinių (išskyrus ryžius), ankštinių ir aliejingų sėklų augalų auginimas'
2025-01-30 13:10:19 [main] ERROR l.i.u.p.SubmittedApplicationsPage - Failed to close the dropdown with aria-expanded = 'false'. Attempting manual close.
2025-01-30 13:10:19 [main] INFO  l.i.u.p.SubmittedApplicationsPage - Manual close attempt for the dropdown using body click.
2025-01-30 13:10:19 [main] DEBUG l.i.u.t.SubmittedApplicationsPageTest - Entered Address into the input field.
2025-01-30 13:10:19 [main] DEBUG l.i.u.t.SubmittedApplicationsPageTest - Entered Address into the input field.
2025-01-30 13:10:20 [main] INFO  l.i.u.p.SubmittedApplicationsPage - Located the dropdown button.
2025-01-30 13:10:21 [main] INFO  l.i.u.p.SubmittedApplicationsPage - Successfully selected the value: 'Administratoriai'
2025-01-30 13:10:31 [main] ERROR l.i.u.p.SubmittedApplicationsPage - Timeout while waiting for dropdown to close with aria-expanded = 'false'.
2025-01-30 13:10:31 [main] DEBUG l.i.u.t.SubmittedApplicationsPageTest - Selected the value: 'Administratoriai'
2025-01-30 13:10:32 [main] INFO  l.i.u.p.SubmittedApplicationsPage - Located the dropdown button.
2025-01-30 13:10:32 [main] INFO  l.i.u.p.SubmittedApplicationsPage - Successfully selected the value: 'Kita'
2025-01-30 13:10:42 [main] ERROR l.i.u.p.SubmittedApplicationsPage - Timeout while waiting for dropdown to close with aria-expanded = 'false'.
2025-01-30 13:10:42 [main] DEBUG l.i.u.t.SubmittedApplicationsPageTest - Selected the value: 'Kita'
2025-01-30 13:10:43 [main] DEBUG l.i.u.t.SubmittedApplicationsPageTest - Selected the value: '6 val. per dieną ir 4 d. per savaitę'
2025-01-30 13:10:43 [main] DEBUG l.i.u.t.SubmittedApplicationsPageTest - Entered Address into the input field.
2025-01-30 13:10:53 [main] ERROR l.i.u.t.SubmittedApplicationsPageTest - Test 'testFillNewApplication' failed with error: no such element: Unable to locate element: {"method":"xpath","selector":"//div[contains(@class, 'mat-mdc-form-field-infix')]//common-textarea//textarea[6]"}
  (Session info: chrome=132.0.6834.111)
For documentation on this error, please visit: https://www.selenium.dev/documentation/webdriver/troubleshooting/errors#no-such-element-exception
Build info: version: '4.27.0', revision: 'd6e718d134'
System info: os.name: 'Windows 11', os.arch: 'amd64', os.version: '10.0', java.version: '21.0.3'
Driver info: org.openqa.selenium.chrome.ChromeDriver
Command: [13bafe9c3f081780f2c1e1732ad3a2cc, findElement {value=//div[contains(@class, 'mat-mdc-form-field-infix')]//common-textarea//textarea[6], using=xpath}]
Capabilities {acceptInsecureCerts: false, browserName: chrome, browserVersion: 132.0.6834.111, chrome: {chromedriverVersion: 132.0.6834.159 (2d77d3fc445..., userDataDir: C:\Users\INGRID~1.ZAD\AppDa...}, fedcm:accounts: true, goog:chromeOptions: {debuggerAddress: localhost:49195}, networkConnectionEnabled: false, pageLoadStrategy: normal, platformName: windows, proxy: Proxy(), se:cdp: ws://localhost:49195/devtoo..., se:cdpVersion: 132.0.6834.111, setWindowRect: true, strictFileInteractability: false, timeouts: {implicit: 0, pageLoad: 300000, script: 30000}, unhandledPromptBehavior: dismiss and notify, webauthn:extension:credBlob: true, webauthn:extension:largeBlob: true, webauthn:extension:minPinLength: true, webauthn:extension:prf: true, webauthn:virtualAuthenticators: true}
Session ID: 13bafe9c3f081780f2c1e1732ad3a2cc
org.openqa.selenium.NoSuchElementException: no such element: Unable to locate element: {"method":"xpath","selector":"//div[contains(@class, 'mat-mdc-form-field-infix')]//common-textarea//textarea[6]"}
  (Session info: chrome=132.0.6834.111)
For documentation on this error, please visit: https://www.selenium.dev/documentation/webdriver/troubleshooting/errors#no-such-element-exception
Build info: version: '4.27.0', revision: 'd6e718d134'
System info: os.name: 'Windows 11', os.arch: 'amd64', os.version: '10.0', java.version: '21.0.3'
Driver info: org.openqa.selenium.chrome.ChromeDriver
Command: [13bafe9c3f081780f2c1e1732ad3a2cc, findElement {value=//div[contains(@class, 'mat-mdc-form-field-infix')]//common-textarea//textarea[6], using=xpath}]
Capabilities {acceptInsecureCerts: false, browserName: chrome, browserVersion: 132.0.6834.111, chrome: {chromedriverVersion: 132.0.6834.159 (2d77d3fc445..., userDataDir: C:\Users\INGRID~1.ZAD\AppDa...}, fedcm:accounts: true, goog:chromeOptions: {debuggerAddress: localhost:49195}, networkConnectionEnabled: false, pageLoadStrategy: normal, platformName: windows, proxy: Proxy(), se:cdp: ws://localhost:49195/devtoo..., se:cdpVersion: 132.0.6834.111, setWindowRect: true, strictFileInteractability: false, timeouts: {implicit: 0, pageLoad: 300000, script: 30000}, unhandledPromptBehavior: dismiss and notify, webauthn:extension:credBlob: true, webauthn:extension:largeBlob: true, webauthn:extension:minPinLength: true, webauthn:extension:prf: true, webauthn:virtualAuthenticators: true}
Session ID: 13bafe9c3f081780f2c1e1732ad3a2cc
	at java.base/jdk.internal.reflect.DirectConstructorHandleAccessor.newInstance(DirectConstructorHandleAccessor.java:62)
	at java.base/java.lang.reflect.Constructor.newInstanceWithCaller(Constructor.java:502)
	at java.base/java.lang.reflect.Constructor.newInstance(Constructor.java:486)
	at org.openqa.selenium.remote.ErrorCodec.decode(ErrorCodec.java:167)
	at org.openqa.selenium.remote.codec.w3c.W3CHttpResponseCodec.decode(W3CHttpResponseCodec.java:138)
	at org.openqa.selenium.remote.codec.w3c.W3CHttpResponseCodec.decode(W3CHttpResponseCodec.java:50)
	at org.openqa.selenium.remote.HttpCommandExecutor.execute(HttpCommandExecutor.java:190)
	at org.openqa.selenium.remote.service.DriverCommandExecutor.invokeExecute(DriverCommandExecutor.java:216)
	at org.openqa.selenium.remote.service.DriverCommandExecutor.execute(DriverCommandExecutor.java:174)
	at org.openqa.selenium.remote.RemoteWebDriver.execute(RemoteWebDriver.java:545)
	at org.openqa.selenium.remote.ElementLocation$ElementFinder$2.findElement(ElementLocation.java:165)
	at org.openqa.selenium.remote.ElementLocation.findElement(ElementLocation.java:59)
	at org.openqa.selenium.remote.RemoteWebDriver.findElement(RemoteWebDriver.java:368)
	at org.openqa.selenium.remote.RemoteWebDriver.findElement(RemoteWebDriver.java:362)
	at org.openqa.selenium.support.pagefactory.DefaultElementLocator.findElement(DefaultElementLocator.java:68)
	at org.openqa.selenium.support.pagefactory.internal.LocatingElementHandler.invoke(LocatingElementHandler.java:38)
	at jdk.proxy2/jdk.proxy2.$Proxy14.clear(Unknown Source)
	at lt.insoft.uztis.pages.SubmittedApplicationsPage.enterJobDescription(SubmittedApplicationsPage.java:498)
	at lt.insoft.uztis.tests.SubmittedApplicationsPageTest.testFillNewApplication(SubmittedApplicationsPageTest.java:208)
	at java.base/jdk.internal.reflect.DirectMethodHandleAccessor.invoke(DirectMethodHandleAccessor.java:103)
	at java.base/java.lang.reflect.Method.invoke(Method.java:580)
	at org.junit.platform.commons.util.ReflectionUtils.invokeMethod(ReflectionUtils.java:728)
	at org.junit.jupiter.engine.execution.MethodInvocation.proceed(MethodInvocation.java:60)
	at org.junit.jupiter.engine.execution.InvocationInterceptorChain$ValidatingInvocation.proceed(InvocationInterceptorChain.java:131)
	at org.junit.jupiter.engine.extension.TimeoutExtension.intercept(TimeoutExtension.java:156)
	at org.junit.jupiter.engine.extension.TimeoutExtension.interceptTestableMethod(TimeoutExtension.java:147)
	at org.junit.jupiter.engine.extension.TimeoutExtension.interceptTestMethod(TimeoutExtension.java:86)
	at org.junit.jupiter.engine.execution.InterceptingExecutableInvoker$ReflectiveInterceptorCall.lambda$ofVoidMethod$0(InterceptingExecutableInvoker.java:103)
	at org.junit.jupiter.engine.execution.InterceptingExecutableInvoker.lambda$invoke$0(InterceptingExecutableInvoker.java:93)
	at org.junit.jupiter.engine.execution.InvocationInterceptorChain$InterceptedInvocation.proceed(InvocationInterceptorChain.java:106)
	at org.junit.jupiter.engine.execution.InvocationInterceptorChain.proceed(InvocationInterceptorChain.java:64)
	at org.junit.jupiter.engine.execution.InvocationInterceptorChain.chainAndInvoke(InvocationInterceptorChain.java:45)
	at org.junit.jupiter.engine.execution.InvocationInterceptorChain.invoke(InvocationInterceptorChain.java:37)
	at org.junit.jupiter.engine.execution.InterceptingExecutableInvoker.invoke(InterceptingExecutableInvoker.java:92)
	at org.junit.jupiter.engine.execution.InterceptingExecutableInvoker.invoke(InterceptingExecutableInvoker.java:86)
	at org.junit.jupiter.engine.descriptor.TestMethodTestDescriptor.lambda$invokeTestMethod$7(TestMethodTestDescriptor.java:218)
	at org.junit.platform.engine.support.hierarchical.ThrowableCollector.execute(ThrowableCollector.java:73)
	at org.junit.jupiter.engine.descriptor.TestMethodTestDescriptor.invokeTestMethod(TestMethodTestDescriptor.java:214)
	at org.junit.jupiter.engine.descriptor.TestMethodTestDescriptor.execute(TestMethodTestDescriptor.java:139)
	at org.junit.jupiter.engine.descriptor.TestMethodTestDescriptor.execute(TestMethodTestDescriptor.java:69)
	at org.junit.platform.engine.support.hierarchical.NodeTestTask.lambda$executeRecursively$6(NodeTestTask.java:151)
	at org.junit.platform.engine.support.hierarchical.ThrowableCollector.execute(ThrowableCollector.java:73)
	at org.junit.platform.engine.support.hierarchical.NodeTestTask.lambda$executeRecursively$8(NodeTestTask.java:141)
	at org.junit.platform.engine.support.hierarchical.Node.around(Node.java:137)
	at org.junit.platform.engine.support.hierarchical.NodeTestTask.lambda$executeRecursively$9(NodeTestTask.java:139)
	at org.junit.platform.engine.support.hierarchical.ThrowableCollector.execute(ThrowableCollector.java:73)
	at org.junit.platform.engine.support.hierarchical.NodeTestTask.executeRecursively(NodeTestTask.java:138)
	at org.junit.platform.engine.support.hierarchical.NodeTestTask.execute(NodeTestTask.java:95)
	at java.base/java.util.ArrayList.forEach(ArrayList.java:1596)
	at org.junit.platform.engine.support.hierarchical.SameThreadHierarchicalTestExecutorService.invokeAll(SameThreadHierarchicalTestExecutorService.java:41)
	at org.junit.platform.engine.support.hierarchical.NodeTestTask.lambda$executeRecursively$6(NodeTestTask.java:155)
	at org.junit.platform.engine.support.hierarchical.ThrowableCollector.execute(ThrowableCollector.java:73)
	at org.junit.platform.engine.support.hierarchical.NodeTestTask.lambda$executeRecursively$8(NodeTestTask.java:141)
	at org.junit.platform.engine.support.hierarchical.Node.around(Node.java:137)
	at org.junit.platform.engine.support.hierarchical.NodeTestTask.lambda$executeRecursively$9(NodeTestTask.java:139)
	at org.junit.platform.engine.support.hierarchical.ThrowableCollector.execute(ThrowableCollector.java:73)
	at org.junit.platform.engine.support.hierarchical.NodeTestTask.executeRecursively(NodeTestTask.java:138)
	at org.junit.platform.engine.support.hierarchical.NodeTestTask.execute(NodeTestTask.java:95)
	at java.base/java.util.ArrayList.forEach(ArrayList.java:1596)
	at org.junit.platform.engine.support.hierarchical.SameThreadHierarchicalTestExecutorService.invokeAll(SameThreadHierarchicalTestExecutorService.java:41)
	at org.junit.platform.engine.support.hierarchical.NodeTestTask.lambda$executeRecursively$6(NodeTestTask.java:155)
	at org.junit.platform.engine.support.hierarchical.ThrowableCollector.execute(ThrowableCollector.java:73)
	at org.junit.platform.engine.support.hierarchical.NodeTestTask.lambda$executeRecursively$8(NodeTestTask.java:141)
	at org.junit.platform.engine.support.hierarchical.Node.around(Node.java:137)
	at org.junit.platform.engine.support.hierarchical.NodeTestTask.lambda$executeRecursively$9(NodeTestTask.java:139)
	at org.junit.platform.engine.support.hierarchical.ThrowableCollector.execute(ThrowableCollector.java:73)
	at org.junit.platform.engine.support.hierarchical.NodeTestTask.executeRecursively(NodeTestTask.java:138)
	at org.junit.platform.engine.support.hierarchical.NodeTestTask.execute(NodeTestTask.java:95)
	at org.junit.platform.engine.support.hierarchical.SameThreadHierarchicalTestExecutorService.submit(SameThreadHierarchicalTestExecutorService.java:35)
	at org.junit.platform.engine.support.hierarchical.HierarchicalTestExecutor.execute(HierarchicalTestExecutor.java:57)
	at org.junit.platform.engine.support.hierarchical.HierarchicalTestEngine.execute(HierarchicalTestEngine.java:54)
	at org.junit.platform.launcher.core.EngineExecutionOrchestrator.execute(EngineExecutionOrchestrator.java:198)
	at org.junit.platform.launcher.core.EngineExecutionOrchestrator.execute(EngineExecutionOrchestrator.java:169)
	at org.junit.platform.launcher.core.EngineExecutionOrchestrator.execute(EngineExecutionOrchestrator.java:93)
	at org.junit.platform.launcher.core.EngineExecutionOrchestrator.lambda$execute$0(EngineExecutionOrchestrator.java:58)
	at org.junit.platform.launcher.core.EngineExecutionOrchestrator.withInterceptedStreams(EngineExecutionOrchestrator.java:141)
	at org.junit.platform.launcher.core.EngineExecutionOrchestrator.execute(EngineExecutionOrchestrator.java:57)
	at org.junit.platform.launcher.core.DefaultLauncher.execute(DefaultLauncher.java:103)
	at org.junit.platform.launcher.core.DefaultLauncher.execute(DefaultLauncher.java:85)
	at org.junit.platform.launcher.core.DelegatingLauncher.execute(DelegatingLauncher.java:47)
	at org.junit.platform.launcher.core.SessionPerRequestLauncher.execute(SessionPerRequestLauncher.java:63)
	at com.intellij.junit5.JUnit5IdeaTestRunner.startRunnerWithArgs(JUnit5IdeaTestRunner.java:57)
	at com.intellij.rt.junit.IdeaTestRunner$Repeater$1.execute(IdeaTestRunner.java:38)
	at com.intellij.rt.execution.junit.TestsRepeater.repeat(TestsRepeater.java:11)
	at com.intellij.rt.junit.IdeaTestRunner$Repeater.startRunnerWithArgs(IdeaTestRunner.java:35)
	at com.intellij.rt.junit.JUnitStarter.prepareStreamsAndStart(JUnitStarter.java:232)
	at com.intellij.rt.junit.JUnitStarter.main(JUnitStarter.java:55)
2025-01-30 13:10:54 [main] INFO  l.insoft.uztis.tests.utils.TestUtils - Screenshot moved to C:\Users\ingrida.zadorozniene\Desktop\Asm\UZTIS\UZTIS_tests\test-output\screenshots\20250130\131054114_testFillNewApplication().png
2025-01-30 13:16:09 [main] INFO  lt.insoft.uztis.tests.UztisPageTest - Navigated to https://uztisdev.asseco.lt/home
2025-01-30 13:16:09 [main] INFO  l.i.u.t.SubmittedApplicationsPageTest - Starting test:'testFillNewApplication'
2025-01-30 13:16:10 [main] DEBUG l.i.u.t.SubmittedApplicationsPageTest - User logged in with test credentials
2025-01-30 13:16:10 [main] DEBUG l.i.u.t.SubmittedApplicationsPageTest - Opened 'Application Processing' menu.
2025-01-30 13:16:10 [main] DEBUG l.i.u.t.SubmittedApplicationsPageTest - Clicked on 'Application Forms' menu.
2025-01-30 13:16:11 [main] DEBUG l.i.u.t.SubmittedApplicationsPageTest - Retrieved last description code text: 'TST-VUI-27'.
2025-01-30 13:16:11 [main] DEBUG l.i.u.t.SubmittedApplicationsPageTest - Clicked on 'Invitation' menu.
2025-01-30 13:16:12 [main] DEBUG l.i.u.t.SubmittedApplicationsPageTest - Selected application section by code: 'TST-VUI-27'.
2025-01-30 13:16:12 [main] DEBUG l.i.u.t.SubmittedApplicationsPageTest - Clicked 'Search' button.
2025-01-30 13:16:12 [main] DEBUG l.i.u.t.SubmittedApplicationsPageTest - Retrieved invitation code: ''.
2025-01-30 13:16:12 [main] DEBUG l.i.u.t.SubmittedApplicationsPageTest - Clicked on 'Submitted Applications' menu.
2025-01-30 13:16:13 [main] DEBUG l.i.u.t.SubmittedApplicationsPageTest - Selected invitation by code: 'TST-VUI-27'.
2025-01-30 13:16:13 [main] DEBUG l.i.u.t.SubmittedApplicationsPageTest - Clicked on 'Action Application' button.
2025-01-30 13:16:14 [main] DEBUG l.i.u.t.SubmittedApplicationsPageTest - Clicked on 'New Application' button.
2025-01-30 13:16:14 [main] DEBUG l.i.u.t.SubmittedApplicationsPageTest - Clicked on 'RadioButtonFA' button.
2025-01-30 13:16:14 [main] DEBUG l.i.u.t.SubmittedApplicationsPageTest - Entered phone number into the input field.
2025-01-30 13:16:15 [main] DEBUG l.i.u.t.SubmittedApplicationsPageTest - Entered eMail into the input field.
2025-01-30 13:16:15 [main] INFO  l.i.u.p.SubmittedApplicationsPage - Located the dropdown button.
2025-01-30 13:16:34 [main] INFO  l.i.u.p.SubmittedApplicationsPage - Found 1741 options in the dropdown.
2025-01-30 13:16:34 [main] INFO  l.i.u.p.SubmittedApplicationsPage - Successfully selected the value: '01.11 - Grūdinių (išskyrus ryžius), ankštinių ir aliejingų sėklų augalų auginimas'
2025-01-30 13:16:45 [main] ERROR l.i.u.p.SubmittedApplicationsPage - Failed to close the dropdown with aria-expanded = 'false'. Attempting manual close.
2025-01-30 13:16:45 [main] INFO  l.i.u.p.SubmittedApplicationsPage - Manual close attempt for the dropdown using body click.
2025-01-30 13:16:45 [main] DEBUG l.i.u.t.SubmittedApplicationsPageTest - Entered Address into the input field.
2025-01-30 13:16:45 [main] DEBUG l.i.u.t.SubmittedApplicationsPageTest - Entered Address into the input field.
2025-01-30 13:16:46 [main] INFO  l.i.u.p.SubmittedApplicationsPage - Located the dropdown button.
2025-01-30 13:16:47 [main] INFO  l.i.u.p.SubmittedApplicationsPage - Successfully selected the value: 'Administratoriai'
2025-01-30 13:16:57 [main] ERROR l.i.u.p.SubmittedApplicationsPage - Timeout while waiting for dropdown to close with aria-expanded = 'false'.
2025-01-30 13:16:57 [main] DEBUG l.i.u.t.SubmittedApplicationsPageTest - Selected the value: 'Administratoriai'
2025-01-30 13:16:58 [main] INFO  l.i.u.p.SubmittedApplicationsPage - Located the dropdown button.
2025-01-30 13:16:58 [main] INFO  l.i.u.p.SubmittedApplicationsPage - Successfully selected the value: 'Kita'
2025-01-30 13:17:08 [main] ERROR l.i.u.p.SubmittedApplicationsPage - Timeout while waiting for dropdown to close with aria-expanded = 'false'.
2025-01-30 13:17:08 [main] DEBUG l.i.u.t.SubmittedApplicationsPageTest - Selected the value: 'Kita'
2025-01-30 13:17:09 [main] DEBUG l.i.u.t.SubmittedApplicationsPageTest - Selected the value: '6 val. per dieną ir 4 d. per savaitę'
2025-01-30 13:17:09 [main] DEBUG l.i.u.t.SubmittedApplicationsPageTest - Entered Address into the input field.
2025-01-30 13:17:19 [main] ERROR l.i.u.t.SubmittedApplicationsPageTest - Test 'testFillNewApplication' failed with error: Expected condition failed: waiting for element to be clickable: [[ChromeDriver: chrome on windows (6dbae07d22daf32a4054c5c4fe671d28)] -> xpath: (//input[@type='radio' and @value='false'])[position() = 3]] (tried for 10 second(s) with 500 milliseconds interval)
Build info: version: '4.27.0', revision: 'd6e718d134'
System info: os.name: 'Windows 11', os.arch: 'amd64', os.version: '10.0', java.version: '21.0.3'
Driver info: org.openqa.selenium.chrome.ChromeDriver
Capabilities {acceptInsecureCerts: false, browserName: chrome, browserVersion: 132.0.6834.111, chrome: {chromedriverVersion: 132.0.6834.159 (2d77d3fc445..., userDataDir: C:\Users\INGRID~1.ZAD\AppDa...}, fedcm:accounts: true, goog:chromeOptions: {debuggerAddress: localhost:49408}, networkConnectionEnabled: false, pageLoadStrategy: normal, platformName: windows, proxy: Proxy(), se:cdp: ws://localhost:49408/devtoo..., se:cdpVersion: 132.0.6834.111, setWindowRect: true, strictFileInteractability: false, timeouts: {implicit: 0, pageLoad: 300000, script: 30000}, unhandledPromptBehavior: dismiss and notify, webauthn:extension:credBlob: true, webauthn:extension:largeBlob: true, webauthn:extension:minPinLength: true, webauthn:extension:prf: true, webauthn:virtualAuthenticators: true}
Session ID: 6dbae07d22daf32a4054c5c4fe671d28
org.openqa.selenium.TimeoutException: Expected condition failed: waiting for element to be clickable: [[ChromeDriver: chrome on windows (6dbae07d22daf32a4054c5c4fe671d28)] -> xpath: (//input[@type='radio' and @value='false'])[position() = 3]] (tried for 10 second(s) with 500 milliseconds interval)
Build info: version: '4.27.0', revision: 'd6e718d134'
System info: os.name: 'Windows 11', os.arch: 'amd64', os.version: '10.0', java.version: '21.0.3'
Driver info: org.openqa.selenium.chrome.ChromeDriver
Capabilities {acceptInsecureCerts: false, browserName: chrome, browserVersion: 132.0.6834.111, chrome: {chromedriverVersion: 132.0.6834.159 (2d77d3fc445..., userDataDir: C:\Users\INGRID~1.ZAD\AppDa...}, fedcm:accounts: true, goog:chromeOptions: {debuggerAddress: localhost:49408}, networkConnectionEnabled: false, pageLoadStrategy: normal, platformName: windows, proxy: Proxy(), se:cdp: ws://localhost:49408/devtoo..., se:cdpVersion: 132.0.6834.111, setWindowRect: true, strictFileInteractability: false, timeouts: {implicit: 0, pageLoad: 300000, script: 30000}, unhandledPromptBehavior: dismiss and notify, webauthn:extension:credBlob: true, webauthn:extension:largeBlob: true, webauthn:extension:minPinLength: true, webauthn:extension:prf: true, webauthn:virtualAuthenticators: true}
Session ID: 6dbae07d22daf32a4054c5c4fe671d28
	at org.openqa.selenium.support.ui.WebDriverWait.timeoutException(WebDriverWait.java:84)
	at org.openqa.selenium.support.ui.FluentWait.until(FluentWait.java:228)
	at lt.insoft.uztis.pages.SubmittedApplicationsPage.clickRadioButtonSeasonJob(SubmittedApplicationsPage.java:491)
	at lt.insoft.uztis.tests.SubmittedApplicationsPageTest.testFillNewApplication(SubmittedApplicationsPageTest.java:205)
	at java.base/jdk.internal.reflect.DirectMethodHandleAccessor.invoke(DirectMethodHandleAccessor.java:103)
	at java.base/java.lang.reflect.Method.invoke(Method.java:580)
	at org.junit.platform.commons.util.ReflectionUtils.invokeMethod(ReflectionUtils.java:728)
	at org.junit.jupiter.engine.execution.MethodInvocation.proceed(MethodInvocation.java:60)
	at org.junit.jupiter.engine.execution.InvocationInterceptorChain$ValidatingInvocation.proceed(InvocationInterceptorChain.java:131)
	at org.junit.jupiter.engine.extension.TimeoutExtension.intercept(TimeoutExtension.java:156)
	at org.junit.jupiter.engine.extension.TimeoutExtension.interceptTestableMethod(TimeoutExtension.java:147)
	at org.junit.jupiter.engine.extension.TimeoutExtension.interceptTestMethod(TimeoutExtension.java:86)
	at org.junit.jupiter.engine.execution.InterceptingExecutableInvoker$ReflectiveInterceptorCall.lambda$ofVoidMethod$0(InterceptingExecutableInvoker.java:103)
	at org.junit.jupiter.engine.execution.InterceptingExecutableInvoker.lambda$invoke$0(InterceptingExecutableInvoker.java:93)
	at org.junit.jupiter.engine.execution.InvocationInterceptorChain$InterceptedInvocation.proceed(InvocationInterceptorChain.java:106)
	at org.junit.jupiter.engine.execution.InvocationInterceptorChain.proceed(InvocationInterceptorChain.java:64)
	at org.junit.jupiter.engine.execution.InvocationInterceptorChain.chainAndInvoke(InvocationInterceptorChain.java:45)
	at org.junit.jupiter.engine.execution.InvocationInterceptorChain.invoke(InvocationInterceptorChain.java:37)
	at org.junit.jupiter.engine.execution.InterceptingExecutableInvoker.invoke(InterceptingExecutableInvoker.java:92)
	at org.junit.jupiter.engine.execution.InterceptingExecutableInvoker.invoke(InterceptingExecutableInvoker.java:86)
	at org.junit.jupiter.engine.descriptor.TestMethodTestDescriptor.lambda$invokeTestMethod$7(TestMethodTestDescriptor.java:218)
	at org.junit.platform.engine.support.hierarchical.ThrowableCollector.execute(ThrowableCollector.java:73)
	at org.junit.jupiter.engine.descriptor.TestMethodTestDescriptor.invokeTestMethod(TestMethodTestDescriptor.java:214)
	at org.junit.jupiter.engine.descriptor.TestMethodTestDescriptor.execute(TestMethodTestDescriptor.java:139)
	at org.junit.jupiter.engine.descriptor.TestMethodTestDescriptor.execute(TestMethodTestDescriptor.java:69)
	at org.junit.platform.engine.support.hierarchical.NodeTestTask.lambda$executeRecursively$6(NodeTestTask.java:151)
	at org.junit.platform.engine.support.hierarchical.ThrowableCollector.execute(ThrowableCollector.java:73)
	at org.junit.platform.engine.support.hierarchical.NodeTestTask.lambda$executeRecursively$8(NodeTestTask.java:141)
	at org.junit.platform.engine.support.hierarchical.Node.around(Node.java:137)
	at org.junit.platform.engine.support.hierarchical.NodeTestTask.lambda$executeRecursively$9(NodeTestTask.java:139)
	at org.junit.platform.engine.support.hierarchical.ThrowableCollector.execute(ThrowableCollector.java:73)
	at org.junit.platform.engine.support.hierarchical.NodeTestTask.executeRecursively(NodeTestTask.java:138)
	at org.junit.platform.engine.support.hierarchical.NodeTestTask.execute(NodeTestTask.java:95)
	at java.base/java.util.ArrayList.forEach(ArrayList.java:1596)
	at org.junit.platform.engine.support.hierarchical.SameThreadHierarchicalTestExecutorService.invokeAll(SameThreadHierarchicalTestExecutorService.java:41)
	at org.junit.platform.engine.support.hierarchical.NodeTestTask.lambda$executeRecursively$6(NodeTestTask.java:155)
	at org.junit.platform.engine.support.hierarchical.ThrowableCollector.execute(ThrowableCollector.java:73)
	at org.junit.platform.engine.support.hierarchical.NodeTestTask.lambda$executeRecursively$8(NodeTestTask.java:141)
	at org.junit.platform.engine.support.hierarchical.Node.around(Node.java:137)
	at org.junit.platform.engine.support.hierarchical.NodeTestTask.lambda$executeRecursively$9(NodeTestTask.java:139)
	at org.junit.platform.engine.support.hierarchical.ThrowableCollector.execute(ThrowableCollector.java:73)
	at org.junit.platform.engine.support.hierarchical.NodeTestTask.executeRecursively(NodeTestTask.java:138)
	at org.junit.platform.engine.support.hierarchical.NodeTestTask.execute(NodeTestTask.java:95)
	at java.base/java.util.ArrayList.forEach(ArrayList.java:1596)
	at org.junit.platform.engine.support.hierarchical.SameThreadHierarchicalTestExecutorService.invokeAll(SameThreadHierarchicalTestExecutorService.java:41)
	at org.junit.platform.engine.support.hierarchical.NodeTestTask.lambda$executeRecursively$6(NodeTestTask.java:155)
	at org.junit.platform.engine.support.hierarchical.ThrowableCollector.execute(ThrowableCollector.java:73)
	at org.junit.platform.engine.support.hierarchical.NodeTestTask.lambda$executeRecursively$8(NodeTestTask.java:141)
	at org.junit.platform.engine.support.hierarchical.Node.around(Node.java:137)
	at org.junit.platform.engine.support.hierarchical.NodeTestTask.lambda$executeRecursively$9(NodeTestTask.java:139)
	at org.junit.platform.engine.support.hierarchical.ThrowableCollector.execute(ThrowableCollector.java:73)
	at org.junit.platform.engine.support.hierarchical.NodeTestTask.executeRecursively(NodeTestTask.java:138)
	at org.junit.platform.engine.support.hierarchical.NodeTestTask.execute(NodeTestTask.java:95)
	at org.junit.platform.engine.support.hierarchical.SameThreadHierarchicalTestExecutorService.submit(SameThreadHierarchicalTestExecutorService.java:35)
	at org.junit.platform.engine.support.hierarchical.HierarchicalTestExecutor.execute(HierarchicalTestExecutor.java:57)
	at org.junit.platform.engine.support.hierarchical.HierarchicalTestEngine.execute(HierarchicalTestEngine.java:54)
	at org.junit.platform.launcher.core.EngineExecutionOrchestrator.execute(EngineExecutionOrchestrator.java:198)
	at org.junit.platform.launcher.core.EngineExecutionOrchestrator.execute(EngineExecutionOrchestrator.java:169)
	at org.junit.platform.launcher.core.EngineExecutionOrchestrator.execute(EngineExecutionOrchestrator.java:93)
	at org.junit.platform.launcher.core.EngineExecutionOrchestrator.lambda$execute$0(EngineExecutionOrchestrator.java:58)
	at org.junit.platform.launcher.core.EngineExecutionOrchestrator.withInterceptedStreams(EngineExecutionOrchestrator.java:141)
	at org.junit.platform.launcher.core.EngineExecutionOrchestrator.execute(EngineExecutionOrchestrator.java:57)
	at org.junit.platform.launcher.core.DefaultLauncher.execute(DefaultLauncher.java:103)
	at org.junit.platform.launcher.core.DefaultLauncher.execute(DefaultLauncher.java:85)
	at org.junit.platform.launcher.core.DelegatingLauncher.execute(DelegatingLauncher.java:47)
	at org.junit.platform.launcher.core.SessionPerRequestLauncher.execute(SessionPerRequestLauncher.java:63)
	at com.intellij.junit5.JUnit5IdeaTestRunner.startRunnerWithArgs(JUnit5IdeaTestRunner.java:57)
	at com.intellij.rt.junit.IdeaTestRunner$Repeater$1.execute(IdeaTestRunner.java:38)
	at com.intellij.rt.execution.junit.TestsRepeater.repeat(TestsRepeater.java:11)
	at com.intellij.rt.junit.IdeaTestRunner$Repeater.startRunnerWithArgs(IdeaTestRunner.java:35)
	at com.intellij.rt.junit.JUnitStarter.prepareStreamsAndStart(JUnitStarter.java:232)
	at com.intellij.rt.junit.JUnitStarter.main(JUnitStarter.java:55)
2025-01-30 13:17:20 [main] INFO  l.insoft.uztis.tests.utils.TestUtils - Screenshot moved to C:\Users\ingrida.zadorozniene\Desktop\Asm\UZTIS\UZTIS_tests\test-output\screenshots\20250130\131719996_testFillNewApplication().png
2025-01-30 13:19:53 [main] INFO  lt.insoft.uztis.tests.UztisPageTest - Navigated to https://uztisdev.asseco.lt/home
2025-01-30 13:19:53 [main] INFO  l.i.u.t.SubmittedApplicationsPageTest - Starting test:'testFillNewApplication'
2025-01-30 13:19:54 [main] DEBUG l.i.u.t.SubmittedApplicationsPageTest - User logged in with test credentials
2025-01-30 13:19:54 [main] DEBUG l.i.u.t.SubmittedApplicationsPageTest - Opened 'Application Processing' menu.
2025-01-30 13:19:54 [main] DEBUG l.i.u.t.SubmittedApplicationsPageTest - Clicked on 'Application Forms' menu.
2025-01-30 13:19:55 [main] DEBUG l.i.u.t.SubmittedApplicationsPageTest - Retrieved last description code text: 'TST-VUI-27'.
2025-01-30 13:19:55 [main] DEBUG l.i.u.t.SubmittedApplicationsPageTest - Clicked on 'Invitation' menu.
2025-01-30 13:19:56 [main] DEBUG l.i.u.t.SubmittedApplicationsPageTest - Selected application section by code: 'TST-VUI-27'.
2025-01-30 13:19:56 [main] DEBUG l.i.u.t.SubmittedApplicationsPageTest - Clicked 'Search' button.
2025-01-30 13:19:56 [main] DEBUG l.i.u.t.SubmittedApplicationsPageTest - Retrieved invitation code: ''.
2025-01-30 13:19:56 [main] DEBUG l.i.u.t.SubmittedApplicationsPageTest - Clicked on 'Submitted Applications' menu.
2025-01-30 13:19:57 [main] DEBUG l.i.u.t.SubmittedApplicationsPageTest - Selected invitation by code: 'TST-VUI-27'.
2025-01-30 13:19:57 [main] DEBUG l.i.u.t.SubmittedApplicationsPageTest - Clicked on 'Action Application' button.
2025-01-30 13:19:57 [main] DEBUG l.i.u.t.SubmittedApplicationsPageTest - Clicked on 'New Application' button.
2025-01-30 13:19:58 [main] DEBUG l.i.u.t.SubmittedApplicationsPageTest - Clicked on 'RadioButtonFA' button.
2025-01-30 13:19:58 [main] DEBUG l.i.u.t.SubmittedApplicationsPageTest - Entered phone number into the input field.
2025-01-30 13:19:58 [main] DEBUG l.i.u.t.SubmittedApplicationsPageTest - Entered eMail into the input field.
2025-01-30 13:19:58 [main] INFO  l.i.u.p.SubmittedApplicationsPage - Located the dropdown button.
2025-01-30 13:20:18 [main] INFO  l.i.u.p.SubmittedApplicationsPage - Found 1741 options in the dropdown.
2025-01-30 13:20:18 [main] INFO  l.i.u.p.SubmittedApplicationsPage - Successfully selected the value: '01.11 - Grūdinių (išskyrus ryžius), ankštinių ir aliejingų sėklų augalų auginimas'
2025-01-30 13:20:29 [main] ERROR l.i.u.p.SubmittedApplicationsPage - Failed to close the dropdown with aria-expanded = 'false'. Attempting manual close.
2025-01-30 13:20:29 [main] INFO  l.i.u.p.SubmittedApplicationsPage - Manual close attempt for the dropdown using body click.
2025-01-30 13:20:29 [main] DEBUG l.i.u.t.SubmittedApplicationsPageTest - Entered Address into the input field.
2025-01-30 13:20:30 [main] DEBUG l.i.u.t.SubmittedApplicationsPageTest - Entered Address into the input field.
2025-01-30 13:20:30 [main] INFO  l.i.u.p.SubmittedApplicationsPage - Located the dropdown button.
2025-01-30 13:20:31 [main] INFO  l.i.u.p.SubmittedApplicationsPage - Successfully selected the value: 'Administratoriai'
2025-01-30 13:20:42 [main] ERROR l.i.u.p.SubmittedApplicationsPage - Timeout while waiting for dropdown to close with aria-expanded = 'false'.
2025-01-30 13:20:42 [main] DEBUG l.i.u.t.SubmittedApplicationsPageTest - Selected the value: 'Administratoriai'
2025-01-30 13:20:42 [main] INFO  l.i.u.p.SubmittedApplicationsPage - Located the dropdown button.
2025-01-30 13:20:42 [main] INFO  l.i.u.p.SubmittedApplicationsPage - Successfully selected the value: 'Kita'
2025-01-30 13:20:53 [main] ERROR l.i.u.p.SubmittedApplicationsPage - Timeout while waiting for dropdown to close with aria-expanded = 'false'.
2025-01-30 13:20:53 [main] DEBUG l.i.u.t.SubmittedApplicationsPageTest - Selected the value: 'Kita'
2025-01-30 13:20:53 [main] DEBUG l.i.u.t.SubmittedApplicationsPageTest - Selected the value: '6 val. per dieną ir 4 d. per savaitę'
2025-01-30 13:20:54 [main] DEBUG l.i.u.t.SubmittedApplicationsPageTest - Entered Address into the input field.
2025-01-30 13:21:04 [main] ERROR l.i.u.t.SubmittedApplicationsPageTest - Test 'testFillNewApplication' failed with error: Expected condition failed: waiting for visibility of [[ChromeDriver: chrome on windows (c4f58661dd75334976b1fc7791dd1002)] -> xpath: (//input[@type='radio' and @value='false'])[position() = 3]] (tried for 10 second(s) with 500 milliseconds interval)
Build info: version: '4.27.0', revision: 'd6e718d134'
System info: os.name: 'Windows 11', os.arch: 'amd64', os.version: '10.0', java.version: '21.0.3'
Driver info: org.openqa.selenium.chrome.ChromeDriver
Capabilities {acceptInsecureCerts: false, browserName: chrome, browserVersion: 132.0.6834.111, chrome: {chromedriverVersion: 132.0.6834.159 (2d77d3fc445..., userDataDir: C:\Users\INGRID~1.ZAD\AppDa...}, fedcm:accounts: true, goog:chromeOptions: {debuggerAddress: localhost:49555}, networkConnectionEnabled: false, pageLoadStrategy: normal, platformName: windows, proxy: Proxy(), se:cdp: ws://localhost:49555/devtoo..., se:cdpVersion: 132.0.6834.111, setWindowRect: true, strictFileInteractability: false, timeouts: {implicit: 0, pageLoad: 300000, script: 30000}, unhandledPromptBehavior: dismiss and notify, webauthn:extension:credBlob: true, webauthn:extension:largeBlob: true, webauthn:extension:minPinLength: true, webauthn:extension:prf: true, webauthn:virtualAuthenticators: true}
Session ID: c4f58661dd75334976b1fc7791dd1002
org.openqa.selenium.TimeoutException: Expected condition failed: waiting for visibility of [[ChromeDriver: chrome on windows (c4f58661dd75334976b1fc7791dd1002)] -> xpath: (//input[@type='radio' and @value='false'])[position() = 3]] (tried for 10 second(s) with 500 milliseconds interval)
Build info: version: '4.27.0', revision: 'd6e718d134'
System info: os.name: 'Windows 11', os.arch: 'amd64', os.version: '10.0', java.version: '21.0.3'
Driver info: org.openqa.selenium.chrome.ChromeDriver
Capabilities {acceptInsecureCerts: false, browserName: chrome, browserVersion: 132.0.6834.111, chrome: {chromedriverVersion: 132.0.6834.159 (2d77d3fc445..., userDataDir: C:\Users\INGRID~1.ZAD\AppDa...}, fedcm:accounts: true, goog:chromeOptions: {debuggerAddress: localhost:49555}, networkConnectionEnabled: false, pageLoadStrategy: normal, platformName: windows, proxy: Proxy(), se:cdp: ws://localhost:49555/devtoo..., se:cdpVersion: 132.0.6834.111, setWindowRect: true, strictFileInteractability: false, timeouts: {implicit: 0, pageLoad: 300000, script: 30000}, unhandledPromptBehavior: dismiss and notify, webauthn:extension:credBlob: true, webauthn:extension:largeBlob: true, webauthn:extension:minPinLength: true, webauthn:extension:prf: true, webauthn:virtualAuthenticators: true}
Session ID: c4f58661dd75334976b1fc7791dd1002
	at org.openqa.selenium.support.ui.WebDriverWait.timeoutException(WebDriverWait.java:84)
	at org.openqa.selenium.support.ui.FluentWait.until(FluentWait.java:228)
	at lt.insoft.uztis.pages.SubmittedApplicationsPage.clickRadioButtonSeasonJob(SubmittedApplicationsPage.java:492)
	at lt.insoft.uztis.tests.SubmittedApplicationsPageTest.testFillNewApplication(SubmittedApplicationsPageTest.java:205)
	at java.base/jdk.internal.reflect.DirectMethodHandleAccessor.invoke(DirectMethodHandleAccessor.java:103)
	at java.base/java.lang.reflect.Method.invoke(Method.java:580)
	at org.junit.platform.commons.util.ReflectionUtils.invokeMethod(ReflectionUtils.java:728)
	at org.junit.jupiter.engine.execution.MethodInvocation.proceed(MethodInvocation.java:60)
	at org.junit.jupiter.engine.execution.InvocationInterceptorChain$ValidatingInvocation.proceed(InvocationInterceptorChain.java:131)
	at org.junit.jupiter.engine.extension.TimeoutExtension.intercept(TimeoutExtension.java:156)
	at org.junit.jupiter.engine.extension.TimeoutExtension.interceptTestableMethod(TimeoutExtension.java:147)
	at org.junit.jupiter.engine.extension.TimeoutExtension.interceptTestMethod(TimeoutExtension.java:86)
	at org.junit.jupiter.engine.execution.InterceptingExecutableInvoker$ReflectiveInterceptorCall.lambda$ofVoidMethod$0(InterceptingExecutableInvoker.java:103)
	at org.junit.jupiter.engine.execution.InterceptingExecutableInvoker.lambda$invoke$0(InterceptingExecutableInvoker.java:93)
	at org.junit.jupiter.engine.execution.InvocationInterceptorChain$InterceptedInvocation.proceed(InvocationInterceptorChain.java:106)
	at org.junit.jupiter.engine.execution.InvocationInterceptorChain.proceed(InvocationInterceptorChain.java:64)
	at org.junit.jupiter.engine.execution.InvocationInterceptorChain.chainAndInvoke(InvocationInterceptorChain.java:45)
	at org.junit.jupiter.engine.execution.InvocationInterceptorChain.invoke(InvocationInterceptorChain.java:37)
	at org.junit.jupiter.engine.execution.InterceptingExecutableInvoker.invoke(InterceptingExecutableInvoker.java:92)
	at org.junit.jupiter.engine.execution.InterceptingExecutableInvoker.invoke(InterceptingExecutableInvoker.java:86)
	at org.junit.jupiter.engine.descriptor.TestMethodTestDescriptor.lambda$invokeTestMethod$7(TestMethodTestDescriptor.java:218)
	at org.junit.platform.engine.support.hierarchical.ThrowableCollector.execute(ThrowableCollector.java:73)
	at org.junit.jupiter.engine.descriptor.TestMethodTestDescriptor.invokeTestMethod(TestMethodTestDescriptor.java:214)
	at org.junit.jupiter.engine.descriptor.TestMethodTestDescriptor.execute(TestMethodTestDescriptor.java:139)
	at org.junit.jupiter.engine.descriptor.TestMethodTestDescriptor.execute(TestMethodTestDescriptor.java:69)
	at org.junit.platform.engine.support.hierarchical.NodeTestTask.lambda$executeRecursively$6(NodeTestTask.java:151)
	at org.junit.platform.engine.support.hierarchical.ThrowableCollector.execute(ThrowableCollector.java:73)
	at org.junit.platform.engine.support.hierarchical.NodeTestTask.lambda$executeRecursively$8(NodeTestTask.java:141)
	at org.junit.platform.engine.support.hierarchical.Node.around(Node.java:137)
	at org.junit.platform.engine.support.hierarchical.NodeTestTask.lambda$executeRecursively$9(NodeTestTask.java:139)
	at org.junit.platform.engine.support.hierarchical.ThrowableCollector.execute(ThrowableCollector.java:73)
	at org.junit.platform.engine.support.hierarchical.NodeTestTask.executeRecursively(NodeTestTask.java:138)
	at org.junit.platform.engine.support.hierarchical.NodeTestTask.execute(NodeTestTask.java:95)
	at java.base/java.util.ArrayList.forEach(ArrayList.java:1596)
	at org.junit.platform.engine.support.hierarchical.SameThreadHierarchicalTestExecutorService.invokeAll(SameThreadHierarchicalTestExecutorService.java:41)
	at org.junit.platform.engine.support.hierarchical.NodeTestTask.lambda$executeRecursively$6(NodeTestTask.java:155)
	at org.junit.platform.engine.support.hierarchical.ThrowableCollector.execute(ThrowableCollector.java:73)
	at org.junit.platform.engine.support.hierarchical.NodeTestTask.lambda$executeRecursively$8(NodeTestTask.java:141)
	at org.junit.platform.engine.support.hierarchical.Node.around(Node.java:137)
	at org.junit.platform.engine.support.hierarchical.NodeTestTask.lambda$executeRecursively$9(NodeTestTask.java:139)
	at org.junit.platform.engine.support.hierarchical.ThrowableCollector.execute(ThrowableCollector.java:73)
	at org.junit.platform.engine.support.hierarchical.NodeTestTask.executeRecursively(NodeTestTask.java:138)
	at org.junit.platform.engine.support.hierarchical.NodeTestTask.execute(NodeTestTask.java:95)
	at java.base/java.util.ArrayList.forEach(ArrayList.java:1596)
	at org.junit.platform.engine.support.hierarchical.SameThreadHierarchicalTestExecutorService.invokeAll(SameThreadHierarchicalTestExecutorService.java:41)
	at org.junit.platform.engine.support.hierarchical.NodeTestTask.lambda$executeRecursively$6(NodeTestTask.java:155)
	at org.junit.platform.engine.support.hierarchical.ThrowableCollector.execute(ThrowableCollector.java:73)
	at org.junit.platform.engine.support.hierarchical.NodeTestTask.lambda$executeRecursively$8(NodeTestTask.java:141)
	at org.junit.platform.engine.support.hierarchical.Node.around(Node.java:137)
	at org.junit.platform.engine.support.hierarchical.NodeTestTask.lambda$executeRecursively$9(NodeTestTask.java:139)
	at org.junit.platform.engine.support.hierarchical.ThrowableCollector.execute(ThrowableCollector.java:73)
	at org.junit.platform.engine.support.hierarchical.NodeTestTask.executeRecursively(NodeTestTask.java:138)
	at org.junit.platform.engine.support.hierarchical.NodeTestTask.execute(NodeTestTask.java:95)
	at org.junit.platform.engine.support.hierarchical.SameThreadHierarchicalTestExecutorService.submit(SameThreadHierarchicalTestExecutorService.java:35)
	at org.junit.platform.engine.support.hierarchical.HierarchicalTestExecutor.execute(HierarchicalTestExecutor.java:57)
	at org.junit.platform.engine.support.hierarchical.HierarchicalTestEngine.execute(HierarchicalTestEngine.java:54)
	at org.junit.platform.launcher.core.EngineExecutionOrchestrator.execute(EngineExecutionOrchestrator.java:198)
	at org.junit.platform.launcher.core.EngineExecutionOrchestrator.execute(EngineExecutionOrchestrator.java:169)
	at org.junit.platform.launcher.core.EngineExecutionOrchestrator.execute(EngineExecutionOrchestrator.java:93)
	at org.junit.platform.launcher.core.EngineExecutionOrchestrator.lambda$execute$0(EngineExecutionOrchestrator.java:58)
	at org.junit.platform.launcher.core.EngineExecutionOrchestrator.withInterceptedStreams(EngineExecutionOrchestrator.java:141)
	at org.junit.platform.launcher.core.EngineExecutionOrchestrator.execute(EngineExecutionOrchestrator.java:57)
	at org.junit.platform.launcher.core.DefaultLauncher.execute(DefaultLauncher.java:103)
	at org.junit.platform.launcher.core.DefaultLauncher.execute(DefaultLauncher.java:85)
	at org.junit.platform.launcher.core.DelegatingLauncher.execute(DelegatingLauncher.java:47)
	at org.junit.platform.launcher.core.SessionPerRequestLauncher.execute(SessionPerRequestLauncher.java:63)
	at com.intellij.junit5.JUnit5IdeaTestRunner.startRunnerWithArgs(JUnit5IdeaTestRunner.java:57)
	at com.intellij.rt.junit.IdeaTestRunner$Repeater$1.execute(IdeaTestRunner.java:38)
	at com.intellij.rt.execution.junit.TestsRepeater.repeat(TestsRepeater.java:11)
	at com.intellij.rt.junit.IdeaTestRunner$Repeater.startRunnerWithArgs(IdeaTestRunner.java:35)
	at com.intellij.rt.junit.JUnitStarter.prepareStreamsAndStart(JUnitStarter.java:232)
	at com.intellij.rt.junit.JUnitStarter.main(JUnitStarter.java:55)
2025-01-30 13:21:04 [main] INFO  l.insoft.uztis.tests.utils.TestUtils - Screenshot moved to C:\Users\ingrida.zadorozniene\Desktop\Asm\UZTIS\UZTIS_tests\test-output\screenshots\20250130\132104432_testFillNewApplication().png
2025-01-30 13:22:58 [main] INFO  lt.insoft.uztis.tests.UztisPageTest - Navigated to https://uztisdev.asseco.lt/home
2025-01-30 13:22:58 [main] INFO  l.i.u.t.SubmittedApplicationsPageTest - Starting test:'testFillNewApplication'
2025-01-30 13:22:59 [main] DEBUG l.i.u.t.SubmittedApplicationsPageTest - User logged in with test credentials
2025-01-30 13:22:59 [main] DEBUG l.i.u.t.SubmittedApplicationsPageTest - Opened 'Application Processing' menu.
2025-01-30 13:22:59 [main] DEBUG l.i.u.t.SubmittedApplicationsPageTest - Clicked on 'Application Forms' menu.
2025-01-30 13:23:00 [main] DEBUG l.i.u.t.SubmittedApplicationsPageTest - Retrieved last description code text: 'TST-VUI-27'.
2025-01-30 13:23:00 [main] DEBUG l.i.u.t.SubmittedApplicationsPageTest - Clicked on 'Invitation' menu.
2025-01-30 13:23:01 [main] DEBUG l.i.u.t.SubmittedApplicationsPageTest - Selected application section by code: 'TST-VUI-27'.
2025-01-30 13:23:01 [main] DEBUG l.i.u.t.SubmittedApplicationsPageTest - Clicked 'Search' button.
2025-01-30 13:23:01 [main] DEBUG l.i.u.t.SubmittedApplicationsPageTest - Retrieved invitation code: ''.
2025-01-30 13:23:01 [main] DEBUG l.i.u.t.SubmittedApplicationsPageTest - Clicked on 'Submitted Applications' menu.
2025-01-30 13:23:02 [main] DEBUG l.i.u.t.SubmittedApplicationsPageTest - Selected invitation by code: 'TST-VUI-27'.
2025-01-30 13:23:02 [main] DEBUG l.i.u.t.SubmittedApplicationsPageTest - Clicked on 'Action Application' button.
2025-01-30 13:23:02 [main] DEBUG l.i.u.t.SubmittedApplicationsPageTest - Clicked on 'New Application' button.
2025-01-30 13:23:03 [main] DEBUG l.i.u.t.SubmittedApplicationsPageTest - Clicked on 'RadioButtonFA' button.
2025-01-30 13:23:03 [main] DEBUG l.i.u.t.SubmittedApplicationsPageTest - Entered phone number into the input field.
2025-01-30 13:23:03 [main] DEBUG l.i.u.t.SubmittedApplicationsPageTest - Entered eMail into the input field.
2025-01-30 13:23:03 [main] INFO  l.i.u.p.SubmittedApplicationsPage - Located the dropdown button.
2025-01-30 13:23:23 [main] INFO  l.i.u.p.SubmittedApplicationsPage - Found 1741 options in the dropdown.
2025-01-30 13:23:23 [main] INFO  l.i.u.p.SubmittedApplicationsPage - Successfully selected the value: '01.11 - Grūdinių (išskyrus ryžius), ankštinių ir aliejingų sėklų augalų auginimas'
2025-01-30 13:23:34 [main] ERROR l.i.u.p.SubmittedApplicationsPage - Failed to close the dropdown with aria-expanded = 'false'. Attempting manual close.
2025-01-30 13:23:34 [main] INFO  l.i.u.p.SubmittedApplicationsPage - Manual close attempt for the dropdown using body click.
2025-01-30 13:23:34 [main] DEBUG l.i.u.t.SubmittedApplicationsPageTest - Entered Address into the input field.
2025-01-30 13:23:34 [main] DEBUG l.i.u.t.SubmittedApplicationsPageTest - Entered Address into the input field.
2025-01-30 13:23:35 [main] INFO  l.i.u.p.SubmittedApplicationsPage - Located the dropdown button.
2025-01-30 13:23:36 [main] ERROR l.i.u.t.SubmittedApplicationsPageTest - Test 'testFillNewApplication' failed with error: element click intercepted: Element <mat-label>...</mat-label> is not clickable at point (1050, 179). Other element would receive the click: ...<span class="mat-mdc-select-placeholder mat-mdc-select-min-line ng-tns-c1073613477-34 ng-star-inserted"></span>
  (Session info: chrome=132.0.6834.111)
Build info: version: '4.27.0', revision: 'd6e718d134'
System info: os.name: 'Windows 11', os.arch: 'amd64', os.version: '10.0', java.version: '21.0.3'
Driver info: org.openqa.selenium.chrome.ChromeDriver
Command: [1c28ca08701299fd0811f40f34e7ae49, clickElement {id=f.3CDADDC7BA5FE120CD0C063D5E8A172C.d.F406CC29ED964A3668E28FC05CEB32F8.e.2073}]
Capabilities {acceptInsecureCerts: false, browserName: chrome, browserVersion: 132.0.6834.111, chrome: {chromedriverVersion: 132.0.6834.159 (2d77d3fc445..., userDataDir: C:\Users\INGRID~1.ZAD\AppDa...}, fedcm:accounts: true, goog:chromeOptions: {debuggerAddress: localhost:49679}, networkConnectionEnabled: false, pageLoadStrategy: normal, platformName: windows, proxy: Proxy(), se:cdp: ws://localhost:49679/devtoo..., se:cdpVersion: 132.0.6834.111, setWindowRect: true, strictFileInteractability: false, timeouts: {implicit: 0, pageLoad: 300000, script: 30000}, unhandledPromptBehavior: dismiss and notify, webauthn:extension:credBlob: true, webauthn:extension:largeBlob: true, webauthn:extension:minPinLength: true, webauthn:extension:prf: true, webauthn:virtualAuthenticators: true}
Element: [[ChromeDriver: chrome on windows (1c28ca08701299fd0811f40f34e7ae49)] -> xpath: //mat-label[contains(text(), 'Darbo vietos pavadinimas')]]
Session ID: 1c28ca08701299fd0811f40f34e7ae49
org.openqa.selenium.ElementClickInterceptedException: element click intercepted: Element <mat-label>...</mat-label> is not clickable at point (1050, 179). Other element would receive the click: ...<span class="mat-mdc-select-placeholder mat-mdc-select-min-line ng-tns-c1073613477-34 ng-star-inserted"></span>
  (Session info: chrome=132.0.6834.111)
Build info: version: '4.27.0', revision: 'd6e718d134'
System info: os.name: 'Windows 11', os.arch: 'amd64', os.version: '10.0', java.version: '21.0.3'
Driver info: org.openqa.selenium.chrome.ChromeDriver
Command: [1c28ca08701299fd0811f40f34e7ae49, clickElement {id=f.3CDADDC7BA5FE120CD0C063D5E8A172C.d.F406CC29ED964A3668E28FC05CEB32F8.e.2073}]
Capabilities {acceptInsecureCerts: false, browserName: chrome, browserVersion: 132.0.6834.111, chrome: {chromedriverVersion: 132.0.6834.159 (2d77d3fc445..., userDataDir: C:\Users\INGRID~1.ZAD\AppDa...}, fedcm:accounts: true, goog:chromeOptions: {debuggerAddress: localhost:49679}, networkConnectionEnabled: false, pageLoadStrategy: normal, platformName: windows, proxy: Proxy(), se:cdp: ws://localhost:49679/devtoo..., se:cdpVersion: 132.0.6834.111, setWindowRect: true, strictFileInteractability: false, timeouts: {implicit: 0, pageLoad: 300000, script: 30000}, unhandledPromptBehavior: dismiss and notify, webauthn:extension:credBlob: true, webauthn:extension:largeBlob: true, webauthn:extension:minPinLength: true, webauthn:extension:prf: true, webauthn:virtualAuthenticators: true}
Element: [[ChromeDriver: chrome on windows (1c28ca08701299fd0811f40f34e7ae49)] -> xpath: //mat-label[contains(text(), 'Darbo vietos pavadinimas')]]
Session ID: 1c28ca08701299fd0811f40f34e7ae49
	at java.base/jdk.internal.reflect.DirectConstructorHandleAccessor.newInstance(DirectConstructorHandleAccessor.java:62)
	at java.base/java.lang.reflect.Constructor.newInstanceWithCaller(Constructor.java:502)
	at java.base/java.lang.reflect.Constructor.newInstance(Constructor.java:486)
	at org.openqa.selenium.remote.ErrorCodec.decode(ErrorCodec.java:167)
	at org.openqa.selenium.remote.codec.w3c.W3CHttpResponseCodec.decode(W3CHttpResponseCodec.java:138)
	at org.openqa.selenium.remote.codec.w3c.W3CHttpResponseCodec.decode(W3CHttpResponseCodec.java:50)
	at org.openqa.selenium.remote.HttpCommandExecutor.execute(HttpCommandExecutor.java:190)
	at org.openqa.selenium.remote.service.DriverCommandExecutor.invokeExecute(DriverCommandExecutor.java:216)
	at org.openqa.selenium.remote.service.DriverCommandExecutor.execute(DriverCommandExecutor.java:174)
	at org.openqa.selenium.remote.RemoteWebDriver.execute(RemoteWebDriver.java:545)
	at org.openqa.selenium.remote.RemoteWebElement.execute(RemoteWebElement.java:223)
	at org.openqa.selenium.remote.RemoteWebElement.click(RemoteWebElement.java:76)
	at java.base/jdk.internal.reflect.DirectMethodHandleAccessor.invoke(DirectMethodHandleAccessor.java:103)
	at java.base/java.lang.reflect.Method.invoke(Method.java:580)
	at org.openqa.selenium.support.pagefactory.internal.LocatingElementHandler.invoke(LocatingElementHandler.java:51)
	at jdk.proxy2/jdk.proxy2.$Proxy14.click(Unknown Source)
	at lt.insoft.uztis.pages.SubmittedApplicationsPage.selectDropdownJobName(SubmittedApplicationsPage.java:309)
	at lt.insoft.uztis.tests.SubmittedApplicationsPageTest.testFillNewApplication(SubmittedApplicationsPageTest.java:174)
	at java.base/jdk.internal.reflect.DirectMethodHandleAccessor.invoke(DirectMethodHandleAccessor.java:103)
	at java.base/java.lang.reflect.Method.invoke(Method.java:580)
	at org.junit.platform.commons.util.ReflectionUtils.invokeMethod(ReflectionUtils.java:728)
	at org.junit.jupiter.engine.execution.MethodInvocation.proceed(MethodInvocation.java:60)
	at org.junit.jupiter.engine.execution.InvocationInterceptorChain$ValidatingInvocation.proceed(InvocationInterceptorChain.java:131)
	at org.junit.jupiter.engine.extension.TimeoutExtension.intercept(TimeoutExtension.java:156)
	at org.junit.jupiter.engine.extension.TimeoutExtension.interceptTestableMethod(TimeoutExtension.java:147)
	at org.junit.jupiter.engine.extension.TimeoutExtension.interceptTestMethod(TimeoutExtension.java:86)
	at org.junit.jupiter.engine.execution.InterceptingExecutableInvoker$ReflectiveInterceptorCall.lambda$ofVoidMethod$0(InterceptingExecutableInvoker.java:103)
	at org.junit.jupiter.engine.execution.InterceptingExecutableInvoker.lambda$invoke$0(InterceptingExecutableInvoker.java:93)
	at org.junit.jupiter.engine.execution.InvocationInterceptorChain$InterceptedInvocation.proceed(InvocationInterceptorChain.java:106)
	at org.junit.jupiter.engine.execution.InvocationInterceptorChain.proceed(InvocationInterceptorChain.java:64)
	at org.junit.jupiter.engine.execution.InvocationInterceptorChain.chainAndInvoke(InvocationInterceptorChain.java:45)
	at org.junit.jupiter.engine.execution.InvocationInterceptorChain.invoke(InvocationInterceptorChain.java:37)
	at org.junit.jupiter.engine.execution.InterceptingExecutableInvoker.invoke(InterceptingExecutableInvoker.java:92)
	at org.junit.jupiter.engine.execution.InterceptingExecutableInvoker.invoke(InterceptingExecutableInvoker.java:86)
	at org.junit.jupiter.engine.descriptor.TestMethodTestDescriptor.lambda$invokeTestMethod$7(TestMethodTestDescriptor.java:218)
	at org.junit.platform.engine.support.hierarchical.ThrowableCollector.execute(ThrowableCollector.java:73)
	at org.junit.jupiter.engine.descriptor.TestMethodTestDescriptor.invokeTestMethod(TestMethodTestDescriptor.java:214)
	at org.junit.jupiter.engine.descriptor.TestMethodTestDescriptor.execute(TestMethodTestDescriptor.java:139)
	at org.junit.jupiter.engine.descriptor.TestMethodTestDescriptor.execute(TestMethodTestDescriptor.java:69)
	at org.junit.platform.engine.support.hierarchical.NodeTestTask.lambda$executeRecursively$6(NodeTestTask.java:151)
	at org.junit.platform.engine.support.hierarchical.ThrowableCollector.execute(ThrowableCollector.java:73)
	at org.junit.platform.engine.support.hierarchical.NodeTestTask.lambda$executeRecursively$8(NodeTestTask.java:141)
	at org.junit.platform.engine.support.hierarchical.Node.around(Node.java:137)
	at org.junit.platform.engine.support.hierarchical.NodeTestTask.lambda$executeRecursively$9(NodeTestTask.java:139)
	at org.junit.platform.engine.support.hierarchical.ThrowableCollector.execute(ThrowableCollector.java:73)
	at org.junit.platform.engine.support.hierarchical.NodeTestTask.executeRecursively(NodeTestTask.java:138)
	at org.junit.platform.engine.support.hierarchical.NodeTestTask.execute(NodeTestTask.java:95)
	at java.base/java.util.ArrayList.forEach(ArrayList.java:1596)
	at org.junit.platform.engine.support.hierarchical.SameThreadHierarchicalTestExecutorService.invokeAll(SameThreadHierarchicalTestExecutorService.java:41)
	at org.junit.platform.engine.support.hierarchical.NodeTestTask.lambda$executeRecursively$6(NodeTestTask.java:155)
	at org.junit.platform.engine.support.hierarchical.ThrowableCollector.execute(ThrowableCollector.java:73)
	at org.junit.platform.engine.support.hierarchical.NodeTestTask.lambda$executeRecursively$8(NodeTestTask.java:141)
	at org.junit.platform.engine.support.hierarchical.Node.around(Node.java:137)
	at org.junit.platform.engine.support.hierarchical.NodeTestTask.lambda$executeRecursively$9(NodeTestTask.java:139)
	at org.junit.platform.engine.support.hierarchical.ThrowableCollector.execute(ThrowableCollector.java:73)
	at org.junit.platform.engine.support.hierarchical.NodeTestTask.executeRecursively(NodeTestTask.java:138)
	at org.junit.platform.engine.support.hierarchical.NodeTestTask.execute(NodeTestTask.java:95)
	at java.base/java.util.ArrayList.forEach(ArrayList.java:1596)
	at org.junit.platform.engine.support.hierarchical.SameThreadHierarchicalTestExecutorService.invokeAll(SameThreadHierarchicalTestExecutorService.java:41)
	at org.junit.platform.engine.support.hierarchical.NodeTestTask.lambda$executeRecursively$6(NodeTestTask.java:155)
	at org.junit.platform.engine.support.hierarchical.ThrowableCollector.execute(ThrowableCollector.java:73)
	at org.junit.platform.engine.support.hierarchical.NodeTestTask.lambda$executeRecursively$8(NodeTestTask.java:141)
	at org.junit.platform.engine.support.hierarchical.Node.around(Node.java:137)
	at org.junit.platform.engine.support.hierarchical.NodeTestTask.lambda$executeRecursively$9(NodeTestTask.java:139)
	at org.junit.platform.engine.support.hierarchical.ThrowableCollector.execute(ThrowableCollector.java:73)
	at org.junit.platform.engine.support.hierarchical.NodeTestTask.executeRecursively(NodeTestTask.java:138)
	at org.junit.platform.engine.support.hierarchical.NodeTestTask.execute(NodeTestTask.java:95)
	at org.junit.platform.engine.support.hierarchical.SameThreadHierarchicalTestExecutorService.submit(SameThreadHierarchicalTestExecutorService.java:35)
	at org.junit.platform.engine.support.hierarchical.HierarchicalTestExecutor.execute(HierarchicalTestExecutor.java:57)
	at org.junit.platform.engine.support.hierarchical.HierarchicalTestEngine.execute(HierarchicalTestEngine.java:54)
	at org.junit.platform.launcher.core.EngineExecutionOrchestrator.execute(EngineExecutionOrchestrator.java:198)
	at org.junit.platform.launcher.core.EngineExecutionOrchestrator.execute(EngineExecutionOrchestrator.java:169)
	at org.junit.platform.launcher.core.EngineExecutionOrchestrator.execute(EngineExecutionOrchestrator.java:93)
	at org.junit.platform.launcher.core.EngineExecutionOrchestrator.lambda$execute$0(EngineExecutionOrchestrator.java:58)
	at org.junit.platform.launcher.core.EngineExecutionOrchestrator.withInterceptedStreams(EngineExecutionOrchestrator.java:141)
	at org.junit.platform.launcher.core.EngineExecutionOrchestrator.execute(EngineExecutionOrchestrator.java:57)
	at org.junit.platform.launcher.core.DefaultLauncher.execute(DefaultLauncher.java:103)
	at org.junit.platform.launcher.core.DefaultLauncher.execute(DefaultLauncher.java:85)
	at org.junit.platform.launcher.core.DelegatingLauncher.execute(DelegatingLauncher.java:47)
	at org.junit.platform.launcher.core.SessionPerRequestLauncher.execute(SessionPerRequestLauncher.java:63)
	at com.intellij.junit5.JUnit5IdeaTestRunner.startRunnerWithArgs(JUnit5IdeaTestRunner.java:57)
	at com.intellij.rt.junit.IdeaTestRunner$Repeater$1.execute(IdeaTestRunner.java:38)
	at com.intellij.rt.execution.junit.TestsRepeater.repeat(TestsRepeater.java:11)
	at com.intellij.rt.junit.IdeaTestRunner$Repeater.startRunnerWithArgs(IdeaTestRunner.java:35)
	at com.intellij.rt.junit.JUnitStarter.prepareStreamsAndStart(JUnitStarter.java:232)
	at com.intellij.rt.junit.JUnitStarter.main(JUnitStarter.java:55)
2025-01-30 13:23:36 [main] INFO  l.insoft.uztis.tests.utils.TestUtils - Screenshot moved to C:\Users\ingrida.zadorozniene\Desktop\Asm\UZTIS\UZTIS_tests\test-output\screenshots\20250130\132336510_testFillNewApplication().png
2025-01-30 13:23:53 [main] INFO  lt.insoft.uztis.tests.UztisPageTest - Navigated to https://uztisdev.asseco.lt/home
2025-01-30 13:23:53 [main] INFO  l.i.u.t.SubmittedApplicationsPageTest - Starting test:'testFillNewApplication'
2025-01-30 13:23:53 [main] DEBUG l.i.u.t.SubmittedApplicationsPageTest - User logged in with test credentials
2025-01-30 13:23:53 [main] DEBUG l.i.u.t.SubmittedApplicationsPageTest - Opened 'Application Processing' menu.
2025-01-30 13:23:54 [main] DEBUG l.i.u.t.SubmittedApplicationsPageTest - Clicked on 'Application Forms' menu.
2025-01-30 13:23:54 [main] DEBUG l.i.u.t.SubmittedApplicationsPageTest - Retrieved last description code text: 'TST-VUI-27'.
2025-01-30 13:23:54 [main] DEBUG l.i.u.t.SubmittedApplicationsPageTest - Clicked on 'Invitation' menu.
2025-01-30 13:23:55 [main] DEBUG l.i.u.t.SubmittedApplicationsPageTest - Selected application section by code: 'TST-VUI-27'.
2025-01-30 13:23:55 [main] DEBUG l.i.u.t.SubmittedApplicationsPageTest - Clicked 'Search' button.
2025-01-30 13:23:55 [main] DEBUG l.i.u.t.SubmittedApplicationsPageTest - Retrieved invitation code: ''.
2025-01-30 13:23:55 [main] DEBUG l.i.u.t.SubmittedApplicationsPageTest - Clicked on 'Submitted Applications' menu.
2025-01-30 13:23:56 [main] DEBUG l.i.u.t.SubmittedApplicationsPageTest - Selected invitation by code: 'TST-VUI-27'.
2025-01-30 13:23:56 [main] DEBUG l.i.u.t.SubmittedApplicationsPageTest - Clicked on 'Action Application' button.
2025-01-30 13:23:56 [main] DEBUG l.i.u.t.SubmittedApplicationsPageTest - Clicked on 'New Application' button.
2025-01-30 13:23:57 [main] DEBUG l.i.u.t.SubmittedApplicationsPageTest - Clicked on 'RadioButtonFA' button.
2025-01-30 13:23:57 [main] DEBUG l.i.u.t.SubmittedApplicationsPageTest - Entered phone number into the input field.
2025-01-30 13:23:57 [main] DEBUG l.i.u.t.SubmittedApplicationsPageTest - Entered eMail into the input field.
2025-01-30 13:23:57 [main] INFO  l.i.u.p.SubmittedApplicationsPage - Located the dropdown button.
2025-01-30 13:24:18 [main] INFO  l.i.u.p.SubmittedApplicationsPage - Found 1741 options in the dropdown.
2025-01-30 13:24:18 [main] INFO  l.i.u.p.SubmittedApplicationsPage - Successfully selected the value: '01.11 - Grūdinių (išskyrus ryžius), ankštinių ir aliejingų sėklų augalų auginimas'
2025-01-30 13:24:29 [main] ERROR l.i.u.p.SubmittedApplicationsPage - Failed to close the dropdown with aria-expanded = 'false'. Attempting manual close.
2025-01-30 13:24:29 [main] INFO  l.i.u.p.SubmittedApplicationsPage - Manual close attempt for the dropdown using body click.
2025-01-30 13:24:29 [main] DEBUG l.i.u.t.SubmittedApplicationsPageTest - Entered Address into the input field.
2025-01-30 13:24:29 [main] DEBUG l.i.u.t.SubmittedApplicationsPageTest - Entered Address into the input field.
2025-01-30 13:24:30 [main] INFO  l.i.u.p.SubmittedApplicationsPage - Located the dropdown button.
2025-01-30 13:24:31 [main] INFO  l.i.u.p.SubmittedApplicationsPage - Successfully selected the value: 'Administratoriai'
2025-01-30 13:24:41 [main] ERROR l.i.u.p.SubmittedApplicationsPage - Timeout while waiting for dropdown to close with aria-expanded = 'false'.
2025-01-30 13:24:41 [main] DEBUG l.i.u.t.SubmittedApplicationsPageTest - Selected the value: 'Administratoriai'
2025-01-30 13:24:42 [main] INFO  l.i.u.p.SubmittedApplicationsPage - Located the dropdown button.
2025-01-30 13:24:42 [main] INFO  l.i.u.p.SubmittedApplicationsPage - Successfully selected the value: 'Kita'
2025-01-30 13:24:53 [main] ERROR l.i.u.p.SubmittedApplicationsPage - Timeout while waiting for dropdown to close with aria-expanded = 'false'.
2025-01-30 13:24:53 [main] DEBUG l.i.u.t.SubmittedApplicationsPageTest - Selected the value: 'Kita'
2025-01-30 13:24:53 [main] DEBUG l.i.u.t.SubmittedApplicationsPageTest - Selected the value: '6 val. per dieną ir 4 d. per savaitę'
2025-01-30 13:24:54 [main] DEBUG l.i.u.t.SubmittedApplicationsPageTest - Entered Address into the input field.
2025-01-30 13:25:04 [main] ERROR l.i.u.t.SubmittedApplicationsPageTest - Test 'testFillNewApplication' failed with error: Expected condition failed: waiting for visibility of [[ChromeDriver: chrome on windows (cdefdd7cc31c0f9bce81b0735016831d)] -> xpath: (//input[@type='radio' and @value='false'])[3]] (tried for 10 second(s) with 500 milliseconds interval)
Build info: version: '4.27.0', revision: 'd6e718d134'
System info: os.name: 'Windows 11', os.arch: 'amd64', os.version: '10.0', java.version: '21.0.3'
Driver info: org.openqa.selenium.chrome.ChromeDriver
Capabilities {acceptInsecureCerts: false, browserName: chrome, browserVersion: 132.0.6834.111, chrome: {chromedriverVersion: 132.0.6834.159 (2d77d3fc445..., userDataDir: C:\Users\INGRID~1.ZAD\AppDa...}, fedcm:accounts: true, goog:chromeOptions: {debuggerAddress: localhost:49722}, networkConnectionEnabled: false, pageLoadStrategy: normal, platformName: windows, proxy: Proxy(), se:cdp: ws://localhost:49722/devtoo..., se:cdpVersion: 132.0.6834.111, setWindowRect: true, strictFileInteractability: false, timeouts: {implicit: 0, pageLoad: 300000, script: 30000}, unhandledPromptBehavior: dismiss and notify, webauthn:extension:credBlob: true, webauthn:extension:largeBlob: true, webauthn:extension:minPinLength: true, webauthn:extension:prf: true, webauthn:virtualAuthenticators: true}
Session ID: cdefdd7cc31c0f9bce81b0735016831d
org.openqa.selenium.TimeoutException: Expected condition failed: waiting for visibility of [[ChromeDriver: chrome on windows (cdefdd7cc31c0f9bce81b0735016831d)] -> xpath: (//input[@type='radio' and @value='false'])[3]] (tried for 10 second(s) with 500 milliseconds interval)
Build info: version: '4.27.0', revision: 'd6e718d134'
System info: os.name: 'Windows 11', os.arch: 'amd64', os.version: '10.0', java.version: '21.0.3'
Driver info: org.openqa.selenium.chrome.ChromeDriver
Capabilities {acceptInsecureCerts: false, browserName: chrome, browserVersion: 132.0.6834.111, chrome: {chromedriverVersion: 132.0.6834.159 (2d77d3fc445..., userDataDir: C:\Users\INGRID~1.ZAD\AppDa...}, fedcm:accounts: true, goog:chromeOptions: {debuggerAddress: localhost:49722}, networkConnectionEnabled: false, pageLoadStrategy: normal, platformName: windows, proxy: Proxy(), se:cdp: ws://localhost:49722/devtoo..., se:cdpVersion: 132.0.6834.111, setWindowRect: true, strictFileInteractability: false, timeouts: {implicit: 0, pageLoad: 300000, script: 30000}, unhandledPromptBehavior: dismiss and notify, webauthn:extension:credBlob: true, webauthn:extension:largeBlob: true, webauthn:extension:minPinLength: true, webauthn:extension:prf: true, webauthn:virtualAuthenticators: true}
Session ID: cdefdd7cc31c0f9bce81b0735016831d
	at org.openqa.selenium.support.ui.WebDriverWait.timeoutException(WebDriverWait.java:84)
	at org.openqa.selenium.support.ui.FluentWait.until(FluentWait.java:228)
	at lt.insoft.uztis.pages.SubmittedApplicationsPage.clickRadioButtonSeasonJob(SubmittedApplicationsPage.java:492)
	at lt.insoft.uztis.tests.SubmittedApplicationsPageTest.testFillNewApplication(SubmittedApplicationsPageTest.java:205)
	at java.base/jdk.internal.reflect.DirectMethodHandleAccessor.invoke(DirectMethodHandleAccessor.java:103)
	at java.base/java.lang.reflect.Method.invoke(Method.java:580)
	at org.junit.platform.commons.util.ReflectionUtils.invokeMethod(ReflectionUtils.java:728)
	at org.junit.jupiter.engine.execution.MethodInvocation.proceed(MethodInvocation.java:60)
	at org.junit.jupiter.engine.execution.InvocationInterceptorChain$ValidatingInvocation.proceed(InvocationInterceptorChain.java:131)
	at org.junit.jupiter.engine.extension.TimeoutExtension.intercept(TimeoutExtension.java:156)
	at org.junit.jupiter.engine.extension.TimeoutExtension.interceptTestableMethod(TimeoutExtension.java:147)
	at org.junit.jupiter.engine.extension.TimeoutExtension.interceptTestMethod(TimeoutExtension.java:86)
	at org.junit.jupiter.engine.execution.InterceptingExecutableInvoker$ReflectiveInterceptorCall.lambda$ofVoidMethod$0(InterceptingExecutableInvoker.java:103)
	at org.junit.jupiter.engine.execution.InterceptingExecutableInvoker.lambda$invoke$0(InterceptingExecutableInvoker.java:93)
	at org.junit.jupiter.engine.execution.InvocationInterceptorChain$InterceptedInvocation.proceed(InvocationInterceptorChain.java:106)
	at org.junit.jupiter.engine.execution.InvocationInterceptorChain.proceed(InvocationInterceptorChain.java:64)
	at org.junit.jupiter.engine.execution.InvocationInterceptorChain.chainAndInvoke(InvocationInterceptorChain.java:45)
	at org.junit.jupiter.engine.execution.InvocationInterceptorChain.invoke(InvocationInterceptorChain.java:37)
	at org.junit.jupiter.engine.execution.InterceptingExecutableInvoker.invoke(InterceptingExecutableInvoker.java:92)
	at org.junit.jupiter.engine.execution.InterceptingExecutableInvoker.invoke(InterceptingExecutableInvoker.java:86)
	at org.junit.jupiter.engine.descriptor.TestMethodTestDescriptor.lambda$invokeTestMethod$7(TestMethodTestDescriptor.java:218)
	at org.junit.platform.engine.support.hierarchical.ThrowableCollector.execute(ThrowableCollector.java:73)
	at org.junit.jupiter.engine.descriptor.TestMethodTestDescriptor.invokeTestMethod(TestMethodTestDescriptor.java:214)
	at org.junit.jupiter.engine.descriptor.TestMethodTestDescriptor.execute(TestMethodTestDescriptor.java:139)
	at org.junit.jupiter.engine.descriptor.TestMethodTestDescriptor.execute(TestMethodTestDescriptor.java:69)
	at org.junit.platform.engine.support.hierarchical.NodeTestTask.lambda$executeRecursively$6(NodeTestTask.java:151)
	at org.junit.platform.engine.support.hierarchical.ThrowableCollector.execute(ThrowableCollector.java:73)
	at org.junit.platform.engine.support.hierarchical.NodeTestTask.lambda$executeRecursively$8(NodeTestTask.java:141)
	at org.junit.platform.engine.support.hierarchical.Node.around(Node.java:137)
	at org.junit.platform.engine.support.hierarchical.NodeTestTask.lambda$executeRecursively$9(NodeTestTask.java:139)
	at org.junit.platform.engine.support.hierarchical.ThrowableCollector.execute(ThrowableCollector.java:73)
	at org.junit.platform.engine.support.hierarchical.NodeTestTask.executeRecursively(NodeTestTask.java:138)
	at org.junit.platform.engine.support.hierarchical.NodeTestTask.execute(NodeTestTask.java:95)
	at java.base/java.util.ArrayList.forEach(ArrayList.java:1596)
	at org.junit.platform.engine.support.hierarchical.SameThreadHierarchicalTestExecutorService.invokeAll(SameThreadHierarchicalTestExecutorService.java:41)
	at org.junit.platform.engine.support.hierarchical.NodeTestTask.lambda$executeRecursively$6(NodeTestTask.java:155)
	at org.junit.platform.engine.support.hierarchical.ThrowableCollector.execute(ThrowableCollector.java:73)
	at org.junit.platform.engine.support.hierarchical.NodeTestTask.lambda$executeRecursively$8(NodeTestTask.java:141)
	at org.junit.platform.engine.support.hierarchical.Node.around(Node.java:137)
	at org.junit.platform.engine.support.hierarchical.NodeTestTask.lambda$executeRecursively$9(NodeTestTask.java:139)
	at org.junit.platform.engine.support.hierarchical.ThrowableCollector.execute(ThrowableCollector.java:73)
	at org.junit.platform.engine.support.hierarchical.NodeTestTask.executeRecursively(NodeTestTask.java:138)
	at org.junit.platform.engine.support.hierarchical.NodeTestTask.execute(NodeTestTask.java:95)
	at java.base/java.util.ArrayList.forEach(ArrayList.java:1596)
	at org.junit.platform.engine.support.hierarchical.SameThreadHierarchicalTestExecutorService.invokeAll(SameThreadHierarchicalTestExecutorService.java:41)
	at org.junit.platform.engine.support.hierarchical.NodeTestTask.lambda$executeRecursively$6(NodeTestTask.java:155)
	at org.junit.platform.engine.support.hierarchical.ThrowableCollector.execute(ThrowableCollector.java:73)
	at org.junit.platform.engine.support.hierarchical.NodeTestTask.lambda$executeRecursively$8(NodeTestTask.java:141)
	at org.junit.platform.engine.support.hierarchical.Node.around(Node.java:137)
	at org.junit.platform.engine.support.hierarchical.NodeTestTask.lambda$executeRecursively$9(NodeTestTask.java:139)
	at org.junit.platform.engine.support.hierarchical.ThrowableCollector.execute(ThrowableCollector.java:73)
	at org.junit.platform.engine.support.hierarchical.NodeTestTask.executeRecursively(NodeTestTask.java:138)
	at org.junit.platform.engine.support.hierarchical.NodeTestTask.execute(NodeTestTask.java:95)
	at org.junit.platform.engine.support.hierarchical.SameThreadHierarchicalTestExecutorService.submit(SameThreadHierarchicalTestExecutorService.java:35)
	at org.junit.platform.engine.support.hierarchical.HierarchicalTestExecutor.execute(HierarchicalTestExecutor.java:57)
	at org.junit.platform.engine.support.hierarchical.HierarchicalTestEngine.execute(HierarchicalTestEngine.java:54)
	at org.junit.platform.launcher.core.EngineExecutionOrchestrator.execute(EngineExecutionOrchestrator.java:198)
	at org.junit.platform.launcher.core.EngineExecutionOrchestrator.execute(EngineExecutionOrchestrator.java:169)
	at org.junit.platform.launcher.core.EngineExecutionOrchestrator.execute(EngineExecutionOrchestrator.java:93)
	at org.junit.platform.launcher.core.EngineExecutionOrchestrator.lambda$execute$0(EngineExecutionOrchestrator.java:58)
	at org.junit.platform.launcher.core.EngineExecutionOrchestrator.withInterceptedStreams(EngineExecutionOrchestrator.java:141)
	at org.junit.platform.launcher.core.EngineExecutionOrchestrator.execute(EngineExecutionOrchestrator.java:57)
	at org.junit.platform.launcher.core.DefaultLauncher.execute(DefaultLauncher.java:103)
	at org.junit.platform.launcher.core.DefaultLauncher.execute(DefaultLauncher.java:85)
	at org.junit.platform.launcher.core.DelegatingLauncher.execute(DelegatingLauncher.java:47)
	at org.junit.platform.launcher.core.SessionPerRequestLauncher.execute(SessionPerRequestLauncher.java:63)
	at com.intellij.junit5.JUnit5IdeaTestRunner.startRunnerWithArgs(JUnit5IdeaTestRunner.java:57)
	at com.intellij.rt.junit.IdeaTestRunner$Repeater$1.execute(IdeaTestRunner.java:38)
	at com.intellij.rt.execution.junit.TestsRepeater.repeat(TestsRepeater.java:11)
	at com.intellij.rt.junit.IdeaTestRunner$Repeater.startRunnerWithArgs(IdeaTestRunner.java:35)
	at com.intellij.rt.junit.JUnitStarter.prepareStreamsAndStart(JUnitStarter.java:232)
	at com.intellij.rt.junit.JUnitStarter.main(JUnitStarter.java:55)
2025-01-30 13:25:04 [main] INFO  l.insoft.uztis.tests.utils.TestUtils - Screenshot moved to C:\Users\ingrida.zadorozniene\Desktop\Asm\UZTIS\UZTIS_tests\test-output\screenshots\20250130\132504386_testFillNewApplication().png
2025-01-30 13:48:15 [main] INFO  lt.insoft.uztis.tests.UztisPageTest - Navigated to https://uztisdev.asseco.lt/home
2025-01-30 13:48:16 [main] INFO  l.i.u.t.SubmittedApplicationsPageTest - Starting test:'testGoToSubmitApplication'
2025-01-30 13:48:16 [main] DEBUG l.i.u.t.SubmittedApplicationsPageTest - User logged in with test credentials
2025-01-30 13:48:16 [main] DEBUG l.i.u.t.SubmittedApplicationsPageTest - Opened 'Application Processing' menu.
2025-01-30 13:48:16 [main] DEBUG l.i.u.t.SubmittedApplicationsPageTest - Clicked on 'Application Forms' menu.
2025-01-30 13:48:17 [main] DEBUG l.i.u.t.SubmittedApplicationsPageTest - Retrieved last description code text: 'TST-VUI-27'.
2025-01-30 13:48:17 [main] DEBUG l.i.u.t.SubmittedApplicationsPageTest - Clicked on 'Invitation' menu.
2025-01-30 13:48:27 [main] ERROR l.insoft.uztis.pages.InvitationsPage - Failed to select value in dropdown: no such window: target window already closed
from unknown error: web view not found
  (Session info: chrome=132.0.6834.111)
Build info: version: '4.27.0', revision: 'd6e718d134'
System info: os.name: 'Windows 11', os.arch: 'amd64', os.version: '10.0', java.version: '21.0.3'
Driver info: org.openqa.selenium.chrome.ChromeDriver
Command: [cd5e1478c063986e052bbdc85edde559, findElements {value=mat-option, using=css selector}]
Capabilities {acceptInsecureCerts: false, browserName: chrome, browserVersion: 132.0.6834.111, chrome: {chromedriverVersion: 132.0.6834.159 (2d77d3fc445..., userDataDir: C:\Users\INGRID~1.ZAD\AppDa...}, fedcm:accounts: true, goog:chromeOptions: {debuggerAddress: localhost:50530}, networkConnectionEnabled: false, pageLoadStrategy: normal, platformName: windows, proxy: Proxy(), se:cdp: ws://localhost:50530/devtoo..., se:cdpVersion: 132.0.6834.111, setWindowRect: true, strictFileInteractability: false, timeouts: {implicit: 0, pageLoad: 300000, script: 30000}, unhandledPromptBehavior: dismiss and notify, webauthn:extension:credBlob: true, webauthn:extension:largeBlob: true, webauthn:extension:minPinLength: true, webauthn:extension:prf: true, webauthn:virtualAuthenticators: true}
Session ID: cd5e1478c063986e052bbdc85edde559
2025-01-30 13:48:27 [main] ERROR l.i.u.t.SubmittedApplicationsPageTest - Test 'testGoToSubmitApplication' failed with error: no such window: target window already closed
from unknown error: web view not found
  (Session info: chrome=132.0.6834.111)
Build info: version: '4.27.0', revision: 'd6e718d134'
System info: os.name: 'Windows 11', os.arch: 'amd64', os.version: '10.0', java.version: '21.0.3'
Driver info: org.openqa.selenium.chrome.ChromeDriver
Command: [cd5e1478c063986e052bbdc85edde559, findElements {value=mat-option, using=css selector}]
Capabilities {acceptInsecureCerts: false, browserName: chrome, browserVersion: 132.0.6834.111, chrome: {chromedriverVersion: 132.0.6834.159 (2d77d3fc445..., userDataDir: C:\Users\INGRID~1.ZAD\AppDa...}, fedcm:accounts: true, goog:chromeOptions: {debuggerAddress: localhost:50530}, networkConnectionEnabled: false, pageLoadStrategy: normal, platformName: windows, proxy: Proxy(), se:cdp: ws://localhost:50530/devtoo..., se:cdpVersion: 132.0.6834.111, setWindowRect: true, strictFileInteractability: false, timeouts: {implicit: 0, pageLoad: 300000, script: 30000}, unhandledPromptBehavior: dismiss and notify, webauthn:extension:credBlob: true, webauthn:extension:largeBlob: true, webauthn:extension:minPinLength: true, webauthn:extension:prf: true, webauthn:virtualAuthenticators: true}
Session ID: cd5e1478c063986e052bbdc85edde559
org.openqa.selenium.NoSuchWindowException: no such window: target window already closed
from unknown error: web view not found
  (Session info: chrome=132.0.6834.111)
Build info: version: '4.27.0', revision: 'd6e718d134'
System info: os.name: 'Windows 11', os.arch: 'amd64', os.version: '10.0', java.version: '21.0.3'
Driver info: org.openqa.selenium.chrome.ChromeDriver
Command: [cd5e1478c063986e052bbdc85edde559, findElements {value=mat-option, using=css selector}]
Capabilities {acceptInsecureCerts: false, browserName: chrome, browserVersion: 132.0.6834.111, chrome: {chromedriverVersion: 132.0.6834.159 (2d77d3fc445..., userDataDir: C:\Users\INGRID~1.ZAD\AppDa...}, fedcm:accounts: true, goog:chromeOptions: {debuggerAddress: localhost:50530}, networkConnectionEnabled: false, pageLoadStrategy: normal, platformName: windows, proxy: Proxy(), se:cdp: ws://localhost:50530/devtoo..., se:cdpVersion: 132.0.6834.111, setWindowRect: true, strictFileInteractability: false, timeouts: {implicit: 0, pageLoad: 300000, script: 30000}, unhandledPromptBehavior: dismiss and notify, webauthn:extension:credBlob: true, webauthn:extension:largeBlob: true, webauthn:extension:minPinLength: true, webauthn:extension:prf: true, webauthn:virtualAuthenticators: true}
Session ID: cd5e1478c063986e052bbdc85edde559
	at java.base/jdk.internal.reflect.DirectConstructorHandleAccessor.newInstance(DirectConstructorHandleAccessor.java:62)
	at java.base/java.lang.reflect.Constructor.newInstanceWithCaller(Constructor.java:502)
	at java.base/java.lang.reflect.Constructor.newInstance(Constructor.java:486)
	at org.openqa.selenium.remote.ErrorCodec.decode(ErrorCodec.java:167)
	at org.openqa.selenium.remote.codec.w3c.W3CHttpResponseCodec.decode(W3CHttpResponseCodec.java:138)
	at org.openqa.selenium.remote.codec.w3c.W3CHttpResponseCodec.decode(W3CHttpResponseCodec.java:50)
	at org.openqa.selenium.remote.HttpCommandExecutor.execute(HttpCommandExecutor.java:190)
	at org.openqa.selenium.remote.service.DriverCommandExecutor.invokeExecute(DriverCommandExecutor.java:216)
	at org.openqa.selenium.remote.service.DriverCommandExecutor.execute(DriverCommandExecutor.java:174)
	at org.openqa.selenium.remote.RemoteWebDriver.execute(RemoteWebDriver.java:545)
	at org.openqa.selenium.remote.ElementLocation$ElementFinder$2.findElements(ElementLocation.java:182)
	at org.openqa.selenium.remote.ElementLocation.findElements(ElementLocation.java:103)
	at org.openqa.selenium.remote.RemoteWebDriver.findElements(RemoteWebDriver.java:381)
	at org.openqa.selenium.remote.RemoteWebDriver.findElements(RemoteWebDriver.java:375)
	at org.openqa.selenium.support.pagefactory.DefaultElementLocator.findElements(DefaultElementLocator.java:83)
	at org.openqa.selenium.support.pagefactory.internal.LocatingElementListHandler.invoke(LocatingElementListHandler.java:36)
	at jdk.proxy2/jdk.proxy2.$Proxy15.toString(Unknown Source)
	at java.base/java.lang.String.valueOf(String.java:4465)
	at org.openqa.selenium.support.ui.ExpectedConditions$9.toString(ExpectedConditions.java:273)
	at java.base/java.lang.String.valueOf(String.java:4465)
	at org.openqa.selenium.support.ui.FluentWait.until(FluentWait.java:225)
	at lt.insoft.uztis.pages.InvitationsPage.selectValueFromApplication(InvitationsPage.java:220)
	at lt.insoft.uztis.tests.SubmittedApplicationsPageTest.getAndInsertInvitationCodeText(SubmittedApplicationsPageTest.java:49)
	at lt.insoft.uztis.tests.SubmittedApplicationsPageTest.testGoToSubmitApplication(SubmittedApplicationsPageTest.java:107)
	at java.base/jdk.internal.reflect.DirectMethodHandleAccessor.invoke(DirectMethodHandleAccessor.java:103)
	at java.base/java.lang.reflect.Method.invoke(Method.java:580)
	at org.junit.platform.commons.util.ReflectionUtils.invokeMethod(ReflectionUtils.java:728)
	at org.junit.jupiter.engine.execution.MethodInvocation.proceed(MethodInvocation.java:60)
	at org.junit.jupiter.engine.execution.InvocationInterceptorChain$ValidatingInvocation.proceed(InvocationInterceptorChain.java:131)
	at org.junit.jupiter.engine.extension.TimeoutExtension.intercept(TimeoutExtension.java:156)
	at org.junit.jupiter.engine.extension.TimeoutExtension.interceptTestableMethod(TimeoutExtension.java:147)
	at org.junit.jupiter.engine.extension.TimeoutExtension.interceptTestMethod(TimeoutExtension.java:86)
	at org.junit.jupiter.engine.execution.InterceptingExecutableInvoker$ReflectiveInterceptorCall.lambda$ofVoidMethod$0(InterceptingExecutableInvoker.java:103)
	at org.junit.jupiter.engine.execution.InterceptingExecutableInvoker.lambda$invoke$0(InterceptingExecutableInvoker.java:93)
	at org.junit.jupiter.engine.execution.InvocationInterceptorChain$InterceptedInvocation.proceed(InvocationInterceptorChain.java:106)
	at org.junit.jupiter.engine.execution.InvocationInterceptorChain.proceed(InvocationInterceptorChain.java:64)
	at org.junit.jupiter.engine.execution.InvocationInterceptorChain.chainAndInvoke(InvocationInterceptorChain.java:45)
	at org.junit.jupiter.engine.execution.InvocationInterceptorChain.invoke(InvocationInterceptorChain.java:37)
	at org.junit.jupiter.engine.execution.InterceptingExecutableInvoker.invoke(InterceptingExecutableInvoker.java:92)
	at org.junit.jupiter.engine.execution.InterceptingExecutableInvoker.invoke(InterceptingExecutableInvoker.java:86)
	at org.junit.jupiter.engine.descriptor.TestMethodTestDescriptor.lambda$invokeTestMethod$7(TestMethodTestDescriptor.java:218)
	at org.junit.platform.engine.support.hierarchical.ThrowableCollector.execute(ThrowableCollector.java:73)
	at org.junit.jupiter.engine.descriptor.TestMethodTestDescriptor.invokeTestMethod(TestMethodTestDescriptor.java:214)
	at org.junit.jupiter.engine.descriptor.TestMethodTestDescriptor.execute(TestMethodTestDescriptor.java:139)
	at org.junit.jupiter.engine.descriptor.TestMethodTestDescriptor.execute(TestMethodTestDescriptor.java:69)
	at org.junit.platform.engine.support.hierarchical.NodeTestTask.lambda$executeRecursively$6(NodeTestTask.java:151)
	at org.junit.platform.engine.support.hierarchical.ThrowableCollector.execute(ThrowableCollector.java:73)
	at org.junit.platform.engine.support.hierarchical.NodeTestTask.lambda$executeRecursively$8(NodeTestTask.java:141)
	at org.junit.platform.engine.support.hierarchical.Node.around(Node.java:137)
	at org.junit.platform.engine.support.hierarchical.NodeTestTask.lambda$executeRecursively$9(NodeTestTask.java:139)
	at org.junit.platform.engine.support.hierarchical.ThrowableCollector.execute(ThrowableCollector.java:73)
	at org.junit.platform.engine.support.hierarchical.NodeTestTask.executeRecursively(NodeTestTask.java:138)
	at org.junit.platform.engine.support.hierarchical.NodeTestTask.execute(NodeTestTask.java:95)
	at java.base/java.util.ArrayList.forEach(ArrayList.java:1596)
	at org.junit.platform.engine.support.hierarchical.SameThreadHierarchicalTestExecutorService.invokeAll(SameThreadHierarchicalTestExecutorService.java:41)
	at org.junit.platform.engine.support.hierarchical.NodeTestTask.lambda$executeRecursively$6(NodeTestTask.java:155)
	at org.junit.platform.engine.support.hierarchical.ThrowableCollector.execute(ThrowableCollector.java:73)
	at org.junit.platform.engine.support.hierarchical.NodeTestTask.lambda$executeRecursively$8(NodeTestTask.java:141)
	at org.junit.platform.engine.support.hierarchical.Node.around(Node.java:137)
	at org.junit.platform.engine.support.hierarchical.NodeTestTask.lambda$executeRecursively$9(NodeTestTask.java:139)
	at org.junit.platform.engine.support.hierarchical.ThrowableCollector.execute(ThrowableCollector.java:73)
	at org.junit.platform.engine.support.hierarchical.NodeTestTask.executeRecursively(NodeTestTask.java:138)
	at org.junit.platform.engine.support.hierarchical.NodeTestTask.execute(NodeTestTask.java:95)
	at java.base/java.util.ArrayList.forEach(ArrayList.java:1596)
	at org.junit.platform.engine.support.hierarchical.SameThreadHierarchicalTestExecutorService.invokeAll(SameThreadHierarchicalTestExecutorService.java:41)
	at org.junit.platform.engine.support.hierarchical.NodeTestTask.lambda$executeRecursively$6(NodeTestTask.java:155)
	at org.junit.platform.engine.support.hierarchical.ThrowableCollector.execute(ThrowableCollector.java:73)
	at org.junit.platform.engine.support.hierarchical.NodeTestTask.lambda$executeRecursively$8(NodeTestTask.java:141)
	at org.junit.platform.engine.support.hierarchical.Node.around(Node.java:137)
	at org.junit.platform.engine.support.hierarchical.NodeTestTask.lambda$executeRecursively$9(NodeTestTask.java:139)
	at org.junit.platform.engine.support.hierarchical.ThrowableCollector.execute(ThrowableCollector.java:73)
	at org.junit.platform.engine.support.hierarchical.NodeTestTask.executeRecursively(NodeTestTask.java:138)
	at org.junit.platform.engine.support.hierarchical.NodeTestTask.execute(NodeTestTask.java:95)
	at org.junit.platform.engine.support.hierarchical.SameThreadHierarchicalTestExecutorService.submit(SameThreadHierarchicalTestExecutorService.java:35)
	at org.junit.platform.engine.support.hierarchical.HierarchicalTestExecutor.execute(HierarchicalTestExecutor.java:57)
	at org.junit.platform.engine.support.hierarchical.HierarchicalTestEngine.execute(HierarchicalTestEngine.java:54)
	at org.junit.platform.launcher.core.EngineExecutionOrchestrator.execute(EngineExecutionOrchestrator.java:198)
	at org.junit.platform.launcher.core.EngineExecutionOrchestrator.execute(EngineExecutionOrchestrator.java:169)
	at org.junit.platform.launcher.core.EngineExecutionOrchestrator.execute(EngineExecutionOrchestrator.java:93)
	at org.junit.platform.launcher.core.EngineExecutionOrchestrator.lambda$execute$0(EngineExecutionOrchestrator.java:58)
	at org.junit.platform.launcher.core.EngineExecutionOrchestrator.withInterceptedStreams(EngineExecutionOrchestrator.java:141)
	at org.junit.platform.launcher.core.EngineExecutionOrchestrator.execute(EngineExecutionOrchestrator.java:57)
	at org.junit.platform.launcher.core.DefaultLauncher.execute(DefaultLauncher.java:103)
	at org.junit.platform.launcher.core.DefaultLauncher.execute(DefaultLauncher.java:85)
	at org.junit.platform.launcher.core.DelegatingLauncher.execute(DelegatingLauncher.java:47)
	at org.junit.platform.launcher.core.SessionPerRequestLauncher.execute(SessionPerRequestLauncher.java:63)
	at com.intellij.junit5.JUnit5IdeaTestRunner.startRunnerWithArgs(JUnit5IdeaTestRunner.java:57)
	at com.intellij.rt.junit.IdeaTestRunner$Repeater$1.execute(IdeaTestRunner.java:38)
	at com.intellij.rt.execution.junit.TestsRepeater.repeat(TestsRepeater.java:11)
	at com.intellij.rt.junit.IdeaTestRunner$Repeater.startRunnerWithArgs(IdeaTestRunner.java:35)
	at com.intellij.rt.junit.JUnitStarter.prepareStreamsAndStart(JUnitStarter.java:232)
	at com.intellij.rt.junit.JUnitStarter.main(JUnitStarter.java:55)
2025-01-30 13:49:03 [main] INFO  lt.insoft.uztis.tests.UztisPageTest - Navigated to https://uztisdev.asseco.lt/home
2025-01-30 13:49:03 [main] INFO  l.i.u.t.SubmittedApplicationsPageTest - Starting test:'testFillNewApplication'
2025-01-30 13:49:04 [main] DEBUG l.i.u.t.SubmittedApplicationsPageTest - User logged in with test credentials
2025-01-30 13:49:04 [main] DEBUG l.i.u.t.SubmittedApplicationsPageTest - Opened 'Application Processing' menu.
2025-01-30 13:49:04 [main] DEBUG l.i.u.t.SubmittedApplicationsPageTest - Clicked on 'Application Forms' menu.
2025-01-30 13:49:04 [main] DEBUG l.i.u.t.SubmittedApplicationsPageTest - Retrieved last description code text: 'TST-VUI-27'.
2025-01-30 13:49:04 [main] DEBUG l.i.u.t.SubmittedApplicationsPageTest - Clicked on 'Invitation' menu.
2025-01-30 13:49:05 [main] DEBUG l.i.u.t.SubmittedApplicationsPageTest - Selected application section by code: 'TST-VUI-27'.
2025-01-30 13:49:05 [main] DEBUG l.i.u.t.SubmittedApplicationsPageTest - Clicked 'Search' button.
2025-01-30 13:49:05 [main] DEBUG l.i.u.t.SubmittedApplicationsPageTest - Retrieved invitation code: ''.
2025-01-30 13:49:05 [main] DEBUG l.i.u.t.SubmittedApplicationsPageTest - Clicked on 'Submitted Applications' menu.
2025-01-30 13:49:06 [main] DEBUG l.i.u.t.SubmittedApplicationsPageTest - Selected invitation by code: 'TST-VUI-27'.
2025-01-30 13:49:06 [main] DEBUG l.i.u.t.SubmittedApplicationsPageTest - Clicked on 'Action Application' button.
2025-01-30 13:49:07 [main] DEBUG l.i.u.t.SubmittedApplicationsPageTest - Clicked on 'New Application' button.
2025-01-30 13:49:07 [main] DEBUG l.i.u.t.SubmittedApplicationsPageTest - Clicked on 'RadioButtonFA' button.
2025-01-30 13:49:07 [main] DEBUG l.i.u.t.SubmittedApplicationsPageTest - Entered phone number into the input field.
2025-01-30 13:49:07 [main] DEBUG l.i.u.t.SubmittedApplicationsPageTest - Entered eMail into the input field.
2025-01-30 13:49:07 [main] INFO  l.i.u.p.SubmittedApplicationsPage - Located the dropdown button.
2025-01-30 13:49:25 [main] INFO  l.i.u.p.SubmittedApplicationsPage - Found 1741 options in the dropdown.
2025-01-30 13:49:25 [main] INFO  l.i.u.p.SubmittedApplicationsPage - Successfully selected the value: '01.11 - Grūdinių (išskyrus ryžius), ankštinių ir aliejingų sėklų augalų auginimas'
2025-01-30 13:49:35 [main] ERROR l.i.u.p.SubmittedApplicationsPage - Failed to close the dropdown with aria-expanded = 'false'. Attempting manual close.
2025-01-30 13:49:36 [main] INFO  l.i.u.p.SubmittedApplicationsPage - Manual close attempt for the dropdown using body click.
2025-01-30 13:49:36 [main] DEBUG l.i.u.t.SubmittedApplicationsPageTest - Entered Address into the input field.
2025-01-30 13:49:36 [main] DEBUG l.i.u.t.SubmittedApplicationsPageTest - Entered Address into the input field.
2025-01-30 13:49:36 [main] INFO  l.i.u.p.SubmittedApplicationsPage - Located the dropdown button.
2025-01-30 13:49:38 [main] INFO  l.i.u.p.SubmittedApplicationsPage - Successfully selected the value: 'Administratoriai'
2025-01-30 13:49:48 [main] ERROR l.i.u.p.SubmittedApplicationsPage - Timeout while waiting for dropdown to close with aria-expanded = 'false'.
2025-01-30 13:49:48 [main] DEBUG l.i.u.t.SubmittedApplicationsPageTest - Selected the value: 'Administratoriai'
2025-01-30 13:49:48 [main] INFO  l.i.u.p.SubmittedApplicationsPage - Located the dropdown button.
2025-01-30 13:49:49 [main] INFO  l.i.u.p.SubmittedApplicationsPage - Successfully selected the value: 'Kita'
2025-01-30 13:50:00 [main] ERROR l.i.u.p.SubmittedApplicationsPage - Timeout while waiting for dropdown to close with aria-expanded = 'false'.
2025-01-30 13:50:00 [main] DEBUG l.i.u.t.SubmittedApplicationsPageTest - Selected the value: 'Kita'
2025-01-30 13:50:00 [main] DEBUG l.i.u.t.SubmittedApplicationsPageTest - Selected the value: '6 val. per dieną ir 4 d. per savaitę'
2025-01-30 13:50:00 [main] DEBUG l.i.u.t.SubmittedApplicationsPageTest - Entered Address into the input field.
2025-01-30 13:50:10 [main] ERROR l.i.u.t.SubmittedApplicationsPageTest - Test 'testFillNewApplication' failed with error: Expected condition failed: waiting for visibility of [[ChromeDriver: chrome on windows (2b4a3b4b437d3a115437e7f32cae4418)] -> xpath: (//input[@type='radio' and @value='false'])[3]] (tried for 10 second(s) with 500 milliseconds interval)
Build info: version: '4.27.0', revision: 'd6e718d134'
System info: os.name: 'Windows 11', os.arch: 'amd64', os.version: '10.0', java.version: '21.0.3'
Driver info: org.openqa.selenium.chrome.ChromeDriver
Capabilities {acceptInsecureCerts: false, browserName: chrome, browserVersion: 132.0.6834.111, chrome: {chromedriverVersion: 132.0.6834.159 (2d77d3fc445..., userDataDir: C:\Users\INGRID~1.ZAD\AppDa...}, fedcm:accounts: true, goog:chromeOptions: {debuggerAddress: localhost:50584}, networkConnectionEnabled: false, pageLoadStrategy: normal, platformName: windows, proxy: Proxy(), se:cdp: ws://localhost:50584/devtoo..., se:cdpVersion: 132.0.6834.111, setWindowRect: true, strictFileInteractability: false, timeouts: {implicit: 0, pageLoad: 300000, script: 30000}, unhandledPromptBehavior: dismiss and notify, webauthn:extension:credBlob: true, webauthn:extension:largeBlob: true, webauthn:extension:minPinLength: true, webauthn:extension:prf: true, webauthn:virtualAuthenticators: true}
Session ID: 2b4a3b4b437d3a115437e7f32cae4418
org.openqa.selenium.TimeoutException: Expected condition failed: waiting for visibility of [[ChromeDriver: chrome on windows (2b4a3b4b437d3a115437e7f32cae4418)] -> xpath: (//input[@type='radio' and @value='false'])[3]] (tried for 10 second(s) with 500 milliseconds interval)
Build info: version: '4.27.0', revision: 'd6e718d134'
System info: os.name: 'Windows 11', os.arch: 'amd64', os.version: '10.0', java.version: '21.0.3'
Driver info: org.openqa.selenium.chrome.ChromeDriver
Capabilities {acceptInsecureCerts: false, browserName: chrome, browserVersion: 132.0.6834.111, chrome: {chromedriverVersion: 132.0.6834.159 (2d77d3fc445..., userDataDir: C:\Users\INGRID~1.ZAD\AppDa...}, fedcm:accounts: true, goog:chromeOptions: {debuggerAddress: localhost:50584}, networkConnectionEnabled: false, pageLoadStrategy: normal, platformName: windows, proxy: Proxy(), se:cdp: ws://localhost:50584/devtoo..., se:cdpVersion: 132.0.6834.111, setWindowRect: true, strictFileInteractability: false, timeouts: {implicit: 0, pageLoad: 300000, script: 30000}, unhandledPromptBehavior: dismiss and notify, webauthn:extension:credBlob: true, webauthn:extension:largeBlob: true, webauthn:extension:minPinLength: true, webauthn:extension:prf: true, webauthn:virtualAuthenticators: true}
Session ID: 2b4a3b4b437d3a115437e7f32cae4418
	at org.openqa.selenium.support.ui.WebDriverWait.timeoutException(WebDriverWait.java:84)
	at org.openqa.selenium.support.ui.FluentWait.until(FluentWait.java:228)
	at lt.insoft.uztis.pages.SubmittedApplicationsPage.clickRadioButtonSeasonJob(SubmittedApplicationsPage.java:492)
	at lt.insoft.uztis.tests.SubmittedApplicationsPageTest.testFillNewApplication(SubmittedApplicationsPageTest.java:205)
	at java.base/jdk.internal.reflect.DirectMethodHandleAccessor.invoke(DirectMethodHandleAccessor.java:103)
	at java.base/java.lang.reflect.Method.invoke(Method.java:580)
	at org.junit.platform.commons.util.ReflectionUtils.invokeMethod(ReflectionUtils.java:728)
	at org.junit.jupiter.engine.execution.MethodInvocation.proceed(MethodInvocation.java:60)
	at org.junit.jupiter.engine.execution.InvocationInterceptorChain$ValidatingInvocation.proceed(InvocationInterceptorChain.java:131)
	at org.junit.jupiter.engine.extension.TimeoutExtension.intercept(TimeoutExtension.java:156)
	at org.junit.jupiter.engine.extension.TimeoutExtension.interceptTestableMethod(TimeoutExtension.java:147)
	at org.junit.jupiter.engine.extension.TimeoutExtension.interceptTestMethod(TimeoutExtension.java:86)
	at org.junit.jupiter.engine.execution.InterceptingExecutableInvoker$ReflectiveInterceptorCall.lambda$ofVoidMethod$0(InterceptingExecutableInvoker.java:103)
	at org.junit.jupiter.engine.execution.InterceptingExecutableInvoker.lambda$invoke$0(InterceptingExecutableInvoker.java:93)
	at org.junit.jupiter.engine.execution.InvocationInterceptorChain$InterceptedInvocation.proceed(InvocationInterceptorChain.java:106)
	at org.junit.jupiter.engine.execution.InvocationInterceptorChain.proceed(InvocationInterceptorChain.java:64)
	at org.junit.jupiter.engine.execution.InvocationInterceptorChain.chainAndInvoke(InvocationInterceptorChain.java:45)
	at org.junit.jupiter.engine.execution.InvocationInterceptorChain.invoke(InvocationInterceptorChain.java:37)
	at org.junit.jupiter.engine.execution.InterceptingExecutableInvoker.invoke(InterceptingExecutableInvoker.java:92)
	at org.junit.jupiter.engine.execution.InterceptingExecutableInvoker.invoke(InterceptingExecutableInvoker.java:86)
	at org.junit.jupiter.engine.descriptor.TestMethodTestDescriptor.lambda$invokeTestMethod$7(TestMethodTestDescriptor.java:218)
	at org.junit.platform.engine.support.hierarchical.ThrowableCollector.execute(ThrowableCollector.java:73)
	at org.junit.jupiter.engine.descriptor.TestMethodTestDescriptor.invokeTestMethod(TestMethodTestDescriptor.java:214)
	at org.junit.jupiter.engine.descriptor.TestMethodTestDescriptor.execute(TestMethodTestDescriptor.java:139)
	at org.junit.jupiter.engine.descriptor.TestMethodTestDescriptor.execute(TestMethodTestDescriptor.java:69)
	at org.junit.platform.engine.support.hierarchical.NodeTestTask.lambda$executeRecursively$6(NodeTestTask.java:151)
	at org.junit.platform.engine.support.hierarchical.ThrowableCollector.execute(ThrowableCollector.java:73)
	at org.junit.platform.engine.support.hierarchical.NodeTestTask.lambda$executeRecursively$8(NodeTestTask.java:141)
	at org.junit.platform.engine.support.hierarchical.Node.around(Node.java:137)
	at org.junit.platform.engine.support.hierarchical.NodeTestTask.lambda$executeRecursively$9(NodeTestTask.java:139)
	at org.junit.platform.engine.support.hierarchical.ThrowableCollector.execute(ThrowableCollector.java:73)
	at org.junit.platform.engine.support.hierarchical.NodeTestTask.executeRecursively(NodeTestTask.java:138)
	at org.junit.platform.engine.support.hierarchical.NodeTestTask.execute(NodeTestTask.java:95)
	at java.base/java.util.ArrayList.forEach(ArrayList.java:1596)
	at org.junit.platform.engine.support.hierarchical.SameThreadHierarchicalTestExecutorService.invokeAll(SameThreadHierarchicalTestExecutorService.java:41)
	at org.junit.platform.engine.support.hierarchical.NodeTestTask.lambda$executeRecursively$6(NodeTestTask.java:155)
	at org.junit.platform.engine.support.hierarchical.ThrowableCollector.execute(ThrowableCollector.java:73)
	at org.junit.platform.engine.support.hierarchical.NodeTestTask.lambda$executeRecursively$8(NodeTestTask.java:141)
	at org.junit.platform.engine.support.hierarchical.Node.around(Node.java:137)
	at org.junit.platform.engine.support.hierarchical.NodeTestTask.lambda$executeRecursively$9(NodeTestTask.java:139)
	at org.junit.platform.engine.support.hierarchical.ThrowableCollector.execute(ThrowableCollector.java:73)
	at org.junit.platform.engine.support.hierarchical.NodeTestTask.executeRecursively(NodeTestTask.java:138)
	at org.junit.platform.engine.support.hierarchical.NodeTestTask.execute(NodeTestTask.java:95)
	at java.base/java.util.ArrayList.forEach(ArrayList.java:1596)
	at org.junit.platform.engine.support.hierarchical.SameThreadHierarchicalTestExecutorService.invokeAll(SameThreadHierarchicalTestExecutorService.java:41)
	at org.junit.platform.engine.support.hierarchical.NodeTestTask.lambda$executeRecursively$6(NodeTestTask.java:155)
	at org.junit.platform.engine.support.hierarchical.ThrowableCollector.execute(ThrowableCollector.java:73)
	at org.junit.platform.engine.support.hierarchical.NodeTestTask.lambda$executeRecursively$8(NodeTestTask.java:141)
	at org.junit.platform.engine.support.hierarchical.Node.around(Node.java:137)
	at org.junit.platform.engine.support.hierarchical.NodeTestTask.lambda$executeRecursively$9(NodeTestTask.java:139)
	at org.junit.platform.engine.support.hierarchical.ThrowableCollector.execute(ThrowableCollector.java:73)
	at org.junit.platform.engine.support.hierarchical.NodeTestTask.executeRecursively(NodeTestTask.java:138)
	at org.junit.platform.engine.support.hierarchical.NodeTestTask.execute(NodeTestTask.java:95)
	at org.junit.platform.engine.support.hierarchical.SameThreadHierarchicalTestExecutorService.submit(SameThreadHierarchicalTestExecutorService.java:35)
	at org.junit.platform.engine.support.hierarchical.HierarchicalTestExecutor.execute(HierarchicalTestExecutor.java:57)
	at org.junit.platform.engine.support.hierarchical.HierarchicalTestEngine.execute(HierarchicalTestEngine.java:54)
	at org.junit.platform.launcher.core.EngineExecutionOrchestrator.execute(EngineExecutionOrchestrator.java:198)
	at org.junit.platform.launcher.core.EngineExecutionOrchestrator.execute(EngineExecutionOrchestrator.java:169)
	at org.junit.platform.launcher.core.EngineExecutionOrchestrator.execute(EngineExecutionOrchestrator.java:93)
	at org.junit.platform.launcher.core.EngineExecutionOrchestrator.lambda$execute$0(EngineExecutionOrchestrator.java:58)
	at org.junit.platform.launcher.core.EngineExecutionOrchestrator.withInterceptedStreams(EngineExecutionOrchestrator.java:141)
	at org.junit.platform.launcher.core.EngineExecutionOrchestrator.execute(EngineExecutionOrchestrator.java:57)
	at org.junit.platform.launcher.core.DefaultLauncher.execute(DefaultLauncher.java:103)
	at org.junit.platform.launcher.core.DefaultLauncher.execute(DefaultLauncher.java:85)
	at org.junit.platform.launcher.core.DelegatingLauncher.execute(DelegatingLauncher.java:47)
	at org.junit.platform.launcher.core.SessionPerRequestLauncher.execute(SessionPerRequestLauncher.java:63)
	at com.intellij.junit5.JUnit5IdeaTestRunner.startRunnerWithArgs(JUnit5IdeaTestRunner.java:57)
	at com.intellij.rt.junit.IdeaTestRunner$Repeater$1.execute(IdeaTestRunner.java:38)
	at com.intellij.rt.execution.junit.TestsRepeater.repeat(TestsRepeater.java:11)
	at com.intellij.rt.junit.IdeaTestRunner$Repeater.startRunnerWithArgs(IdeaTestRunner.java:35)
	at com.intellij.rt.junit.JUnitStarter.prepareStreamsAndStart(JUnitStarter.java:232)
	at com.intellij.rt.junit.JUnitStarter.main(JUnitStarter.java:55)
2025-01-30 13:50:11 [main] INFO  l.insoft.uztis.tests.utils.TestUtils - Screenshot moved to C:\Users\ingrida.zadorozniene\Desktop\Asm\UZTIS\UZTIS_tests\test-output\screenshots\20250130\135011066_testFillNewApplication().png
2025-01-30 13:53:10 [main] INFO  lt.insoft.uztis.tests.UztisPageTest - Navigated to https://uztisdev.asseco.lt/home
2025-01-30 13:53:10 [main] INFO  l.i.u.t.SubmittedApplicationsPageTest - Starting test:'testFillNewApplication'
2025-01-30 13:53:11 [main] DEBUG l.i.u.t.SubmittedApplicationsPageTest - User logged in with test credentials
2025-01-30 13:53:11 [main] DEBUG l.i.u.t.SubmittedApplicationsPageTest - Opened 'Application Processing' menu.
2025-01-30 13:53:11 [main] DEBUG l.i.u.t.SubmittedApplicationsPageTest - Clicked on 'Application Forms' menu.
2025-01-30 13:53:12 [main] DEBUG l.i.u.t.SubmittedApplicationsPageTest - Retrieved last description code text: 'TST-VUI-27'.
2025-01-30 13:53:12 [main] DEBUG l.i.u.t.SubmittedApplicationsPageTest - Clicked on 'Invitation' menu.
2025-01-30 13:53:12 [main] DEBUG l.i.u.t.SubmittedApplicationsPageTest - Selected application section by code: 'TST-VUI-27'.
2025-01-30 13:53:13 [main] DEBUG l.i.u.t.SubmittedApplicationsPageTest - Clicked 'Search' button.
2025-01-30 13:53:13 [main] DEBUG l.i.u.t.SubmittedApplicationsPageTest - Retrieved invitation code: ''.
2025-01-30 13:53:13 [main] DEBUG l.i.u.t.SubmittedApplicationsPageTest - Clicked on 'Submitted Applications' menu.
2025-01-30 13:53:14 [main] DEBUG l.i.u.t.SubmittedApplicationsPageTest - Selected invitation by code: 'TST-VUI-27'.
2025-01-30 13:53:14 [main] DEBUG l.i.u.t.SubmittedApplicationsPageTest - Clicked on 'Action Application' button.
2025-01-30 13:53:14 [main] DEBUG l.i.u.t.SubmittedApplicationsPageTest - Clicked on 'New Application' button.
2025-01-30 13:53:14 [main] DEBUG l.i.u.t.SubmittedApplicationsPageTest - Clicked on 'RadioButtonFA' button.
2025-01-30 13:53:15 [main] DEBUG l.i.u.t.SubmittedApplicationsPageTest - Entered phone number into the input field.
2025-01-30 13:53:15 [main] DEBUG l.i.u.t.SubmittedApplicationsPageTest - Entered eMail into the input field.
2025-01-30 13:53:15 [main] INFO  l.i.u.p.SubmittedApplicationsPage - Located the dropdown button.
2025-01-30 13:53:33 [main] INFO  l.i.u.p.SubmittedApplicationsPage - Found 1741 options in the dropdown.
2025-01-30 13:53:33 [main] INFO  l.i.u.p.SubmittedApplicationsPage - Successfully selected the value: '01.11 - Grūdinių (išskyrus ryžius), ankštinių ir aliejingų sėklų augalų auginimas'
2025-01-30 13:53:43 [main] ERROR l.i.u.p.SubmittedApplicationsPage - Failed to close the dropdown with aria-expanded = 'false'. Attempting manual close.
2025-01-30 13:53:43 [main] INFO  l.i.u.p.SubmittedApplicationsPage - Manual close attempt for the dropdown using body click.
2025-01-30 13:53:44 [main] DEBUG l.i.u.t.SubmittedApplicationsPageTest - Entered Address into the input field.
2025-01-30 13:53:44 [main] DEBUG l.i.u.t.SubmittedApplicationsPageTest - Entered Address into the input field.
2025-01-30 13:53:44 [main] INFO  l.i.u.p.SubmittedApplicationsPage - Located the dropdown button.
2025-01-30 13:53:45 [main] INFO  l.i.u.p.SubmittedApplicationsPage - Successfully selected the value: 'Administratoriai'
2025-01-30 13:53:55 [main] ERROR l.i.u.p.SubmittedApplicationsPage - Timeout while waiting for dropdown to close with aria-expanded = 'false'.
2025-01-30 13:53:55 [main] DEBUG l.i.u.t.SubmittedApplicationsPageTest - Selected the value: 'Administratoriai'
2025-01-30 13:53:56 [main] INFO  l.i.u.p.SubmittedApplicationsPage - Located the dropdown button.
2025-01-30 13:53:56 [main] INFO  l.i.u.p.SubmittedApplicationsPage - Successfully selected the value: 'Kita'
2025-01-30 13:54:06 [main] ERROR l.i.u.p.SubmittedApplicationsPage - Timeout while waiting for dropdown to close with aria-expanded = 'false'.
2025-01-30 13:54:06 [main] DEBUG l.i.u.t.SubmittedApplicationsPageTest - Selected the value: 'Kita'
2025-01-30 13:54:07 [main] DEBUG l.i.u.t.SubmittedApplicationsPageTest - Selected the value: '6 val. per dieną ir 4 d. per savaitę'
2025-01-30 13:54:07 [main] DEBUG l.i.u.t.SubmittedApplicationsPageTest - Entered Address into the input field.
2025-01-30 13:54:27 [main] ERROR l.i.u.t.SubmittedApplicationsPageTest - Test 'testFillNewApplication' failed with error: Expected condition failed: waiting for visibility of [[ChromeDriver: chrome on windows (91bff1b61e9111f227c107dd0888530e)] -> xpath: (//input[@type='radio' and @value='false'])[3]] (tried for 20 second(s) with 500 milliseconds interval)
Build info: version: '4.27.0', revision: 'd6e718d134'
System info: os.name: 'Windows 11', os.arch: 'amd64', os.version: '10.0', java.version: '21.0.3'
Driver info: org.openqa.selenium.chrome.ChromeDriver
Capabilities {acceptInsecureCerts: false, browserName: chrome, browserVersion: 132.0.6834.111, chrome: {chromedriverVersion: 132.0.6834.159 (2d77d3fc445..., userDataDir: C:\Users\INGRID~1.ZAD\AppDa...}, fedcm:accounts: true, goog:chromeOptions: {debuggerAddress: localhost:50747}, networkConnectionEnabled: false, pageLoadStrategy: normal, platformName: windows, proxy: Proxy(), se:cdp: ws://localhost:50747/devtoo..., se:cdpVersion: 132.0.6834.111, setWindowRect: true, strictFileInteractability: false, timeouts: {implicit: 0, pageLoad: 300000, script: 30000}, unhandledPromptBehavior: dismiss and notify, webauthn:extension:credBlob: true, webauthn:extension:largeBlob: true, webauthn:extension:minPinLength: true, webauthn:extension:prf: true, webauthn:virtualAuthenticators: true}
Session ID: 91bff1b61e9111f227c107dd0888530e
org.openqa.selenium.TimeoutException: Expected condition failed: waiting for visibility of [[ChromeDriver: chrome on windows (91bff1b61e9111f227c107dd0888530e)] -> xpath: (//input[@type='radio' and @value='false'])[3]] (tried for 20 second(s) with 500 milliseconds interval)
Build info: version: '4.27.0', revision: 'd6e718d134'
System info: os.name: 'Windows 11', os.arch: 'amd64', os.version: '10.0', java.version: '21.0.3'
Driver info: org.openqa.selenium.chrome.ChromeDriver
Capabilities {acceptInsecureCerts: false, browserName: chrome, browserVersion: 132.0.6834.111, chrome: {chromedriverVersion: 132.0.6834.159 (2d77d3fc445..., userDataDir: C:\Users\INGRID~1.ZAD\AppDa...}, fedcm:accounts: true, goog:chromeOptions: {debuggerAddress: localhost:50747}, networkConnectionEnabled: false, pageLoadStrategy: normal, platformName: windows, proxy: Proxy(), se:cdp: ws://localhost:50747/devtoo..., se:cdpVersion: 132.0.6834.111, setWindowRect: true, strictFileInteractability: false, timeouts: {implicit: 0, pageLoad: 300000, script: 30000}, unhandledPromptBehavior: dismiss and notify, webauthn:extension:credBlob: true, webauthn:extension:largeBlob: true, webauthn:extension:minPinLength: true, webauthn:extension:prf: true, webauthn:virtualAuthenticators: true}
Session ID: 91bff1b61e9111f227c107dd0888530e
	at org.openqa.selenium.support.ui.WebDriverWait.timeoutException(WebDriverWait.java:84)
	at org.openqa.selenium.support.ui.FluentWait.until(FluentWait.java:228)
	at lt.insoft.uztis.pages.SubmittedApplicationsPage.clickRadioButtonSeasonJob(SubmittedApplicationsPage.java:492)
	at lt.insoft.uztis.tests.SubmittedApplicationsPageTest.testFillNewApplication(SubmittedApplicationsPageTest.java:205)
	at java.base/jdk.internal.reflect.DirectMethodHandleAccessor.invoke(DirectMethodHandleAccessor.java:103)
	at java.base/java.lang.reflect.Method.invoke(Method.java:580)
	at org.junit.platform.commons.util.ReflectionUtils.invokeMethod(ReflectionUtils.java:728)
	at org.junit.jupiter.engine.execution.MethodInvocation.proceed(MethodInvocation.java:60)
	at org.junit.jupiter.engine.execution.InvocationInterceptorChain$ValidatingInvocation.proceed(InvocationInterceptorChain.java:131)
	at org.junit.jupiter.engine.extension.TimeoutExtension.intercept(TimeoutExtension.java:156)
	at org.junit.jupiter.engine.extension.TimeoutExtension.interceptTestableMethod(TimeoutExtension.java:147)
	at org.junit.jupiter.engine.extension.TimeoutExtension.interceptTestMethod(TimeoutExtension.java:86)
	at org.junit.jupiter.engine.execution.InterceptingExecutableInvoker$ReflectiveInterceptorCall.lambda$ofVoidMethod$0(InterceptingExecutableInvoker.java:103)
	at org.junit.jupiter.engine.execution.InterceptingExecutableInvoker.lambda$invoke$0(InterceptingExecutableInvoker.java:93)
	at org.junit.jupiter.engine.execution.InvocationInterceptorChain$InterceptedInvocation.proceed(InvocationInterceptorChain.java:106)
	at org.junit.jupiter.engine.execution.InvocationInterceptorChain.proceed(InvocationInterceptorChain.java:64)
	at org.junit.jupiter.engine.execution.InvocationInterceptorChain.chainAndInvoke(InvocationInterceptorChain.java:45)
	at org.junit.jupiter.engine.execution.InvocationInterceptorChain.invoke(InvocationInterceptorChain.java:37)
	at org.junit.jupiter.engine.execution.InterceptingExecutableInvoker.invoke(InterceptingExecutableInvoker.java:92)
	at org.junit.jupiter.engine.execution.InterceptingExecutableInvoker.invoke(InterceptingExecutableInvoker.java:86)
	at org.junit.jupiter.engine.descriptor.TestMethodTestDescriptor.lambda$invokeTestMethod$7(TestMethodTestDescriptor.java:218)
	at org.junit.platform.engine.support.hierarchical.ThrowableCollector.execute(ThrowableCollector.java:73)
	at org.junit.jupiter.engine.descriptor.TestMethodTestDescriptor.invokeTestMethod(TestMethodTestDescriptor.java:214)
	at org.junit.jupiter.engine.descriptor.TestMethodTestDescriptor.execute(TestMethodTestDescriptor.java:139)
	at org.junit.jupiter.engine.descriptor.TestMethodTestDescriptor.execute(TestMethodTestDescriptor.java:69)
	at org.junit.platform.engine.support.hierarchical.NodeTestTask.lambda$executeRecursively$6(NodeTestTask.java:151)
	at org.junit.platform.engine.support.hierarchical.ThrowableCollector.execute(ThrowableCollector.java:73)
	at org.junit.platform.engine.support.hierarchical.NodeTestTask.lambda$executeRecursively$8(NodeTestTask.java:141)
	at org.junit.platform.engine.support.hierarchical.Node.around(Node.java:137)
	at org.junit.platform.engine.support.hierarchical.NodeTestTask.lambda$executeRecursively$9(NodeTestTask.java:139)
	at org.junit.platform.engine.support.hierarchical.ThrowableCollector.execute(ThrowableCollector.java:73)
	at org.junit.platform.engine.support.hierarchical.NodeTestTask.executeRecursively(NodeTestTask.java:138)
	at org.junit.platform.engine.support.hierarchical.NodeTestTask.execute(NodeTestTask.java:95)
	at java.base/java.util.ArrayList.forEach(ArrayList.java:1596)
	at org.junit.platform.engine.support.hierarchical.SameThreadHierarchicalTestExecutorService.invokeAll(SameThreadHierarchicalTestExecutorService.java:41)
	at org.junit.platform.engine.support.hierarchical.NodeTestTask.lambda$executeRecursively$6(NodeTestTask.java:155)
	at org.junit.platform.engine.support.hierarchical.ThrowableCollector.execute(ThrowableCollector.java:73)
	at org.junit.platform.engine.support.hierarchical.NodeTestTask.lambda$executeRecursively$8(NodeTestTask.java:141)
	at org.junit.platform.engine.support.hierarchical.Node.around(Node.java:137)
	at org.junit.platform.engine.support.hierarchical.NodeTestTask.lambda$executeRecursively$9(NodeTestTask.java:139)
	at org.junit.platform.engine.support.hierarchical.ThrowableCollector.execute(ThrowableCollector.java:73)
	at org.junit.platform.engine.support.hierarchical.NodeTestTask.executeRecursively(NodeTestTask.java:138)
	at org.junit.platform.engine.support.hierarchical.NodeTestTask.execute(NodeTestTask.java:95)
	at java.base/java.util.ArrayList.forEach(ArrayList.java:1596)
	at org.junit.platform.engine.support.hierarchical.SameThreadHierarchicalTestExecutorService.invokeAll(SameThreadHierarchicalTestExecutorService.java:41)
	at org.junit.platform.engine.support.hierarchical.NodeTestTask.lambda$executeRecursively$6(NodeTestTask.java:155)
	at org.junit.platform.engine.support.hierarchical.ThrowableCollector.execute(ThrowableCollector.java:73)
	at org.junit.platform.engine.support.hierarchical.NodeTestTask.lambda$executeRecursively$8(NodeTestTask.java:141)
	at org.junit.platform.engine.support.hierarchical.Node.around(Node.java:137)
	at org.junit.platform.engine.support.hierarchical.NodeTestTask.lambda$executeRecursively$9(NodeTestTask.java:139)
	at org.junit.platform.engine.support.hierarchical.ThrowableCollector.execute(ThrowableCollector.java:73)
	at org.junit.platform.engine.support.hierarchical.NodeTestTask.executeRecursively(NodeTestTask.java:138)
	at org.junit.platform.engine.support.hierarchical.NodeTestTask.execute(NodeTestTask.java:95)
	at org.junit.platform.engine.support.hierarchical.SameThreadHierarchicalTestExecutorService.submit(SameThreadHierarchicalTestExecutorService.java:35)
	at org.junit.platform.engine.support.hierarchical.HierarchicalTestExecutor.execute(HierarchicalTestExecutor.java:57)
	at org.junit.platform.engine.support.hierarchical.HierarchicalTestEngine.execute(HierarchicalTestEngine.java:54)
	at org.junit.platform.launcher.core.EngineExecutionOrchestrator.execute(EngineExecutionOrchestrator.java:198)
	at org.junit.platform.launcher.core.EngineExecutionOrchestrator.execute(EngineExecutionOrchestrator.java:169)
	at org.junit.platform.launcher.core.EngineExecutionOrchestrator.execute(EngineExecutionOrchestrator.java:93)
	at org.junit.platform.launcher.core.EngineExecutionOrchestrator.lambda$execute$0(EngineExecutionOrchestrator.java:58)
	at org.junit.platform.launcher.core.EngineExecutionOrchestrator.withInterceptedStreams(EngineExecutionOrchestrator.java:141)
	at org.junit.platform.launcher.core.EngineExecutionOrchestrator.execute(EngineExecutionOrchestrator.java:57)
	at org.junit.platform.launcher.core.DefaultLauncher.execute(DefaultLauncher.java:103)
	at org.junit.platform.launcher.core.DefaultLauncher.execute(DefaultLauncher.java:85)
	at org.junit.platform.launcher.core.DelegatingLauncher.execute(DelegatingLauncher.java:47)
	at org.junit.platform.launcher.core.SessionPerRequestLauncher.execute(SessionPerRequestLauncher.java:63)
	at com.intellij.junit5.JUnit5IdeaTestRunner.startRunnerWithArgs(JUnit5IdeaTestRunner.java:57)
	at com.intellij.rt.junit.IdeaTestRunner$Repeater$1.execute(IdeaTestRunner.java:38)
	at com.intellij.rt.execution.junit.TestsRepeater.repeat(TestsRepeater.java:11)
	at com.intellij.rt.junit.IdeaTestRunner$Repeater.startRunnerWithArgs(IdeaTestRunner.java:35)
	at com.intellij.rt.junit.JUnitStarter.prepareStreamsAndStart(JUnitStarter.java:232)
	at com.intellij.rt.junit.JUnitStarter.main(JUnitStarter.java:55)
2025-01-30 13:54:28 [main] INFO  l.insoft.uztis.tests.utils.TestUtils - Screenshot moved to C:\Users\ingrida.zadorozniene\Desktop\Asm\UZTIS\UZTIS_tests\test-output\screenshots\20250130\135428056_testFillNewApplication().png
2025-01-30 13:56:55 [main] INFO  lt.insoft.uztis.tests.UztisPageTest - Navigated to https://uztisdev.asseco.lt/home
2025-01-30 13:56:55 [main] INFO  l.i.u.t.SubmittedApplicationsPageTest - Starting test:'testFillNewApplication'
2025-01-30 13:56:55 [main] DEBUG l.i.u.t.SubmittedApplicationsPageTest - User logged in with test credentials
2025-01-30 13:56:55 [main] DEBUG l.i.u.t.SubmittedApplicationsPageTest - Opened 'Application Processing' menu.
2025-01-30 13:56:56 [main] DEBUG l.i.u.t.SubmittedApplicationsPageTest - Clicked on 'Application Forms' menu.
2025-01-30 13:56:56 [main] DEBUG l.i.u.t.SubmittedApplicationsPageTest - Retrieved last description code text: 'TST-VUI-27'.
2025-01-30 13:56:56 [main] DEBUG l.i.u.t.SubmittedApplicationsPageTest - Clicked on 'Invitation' menu.
2025-01-30 13:56:57 [main] DEBUG l.i.u.t.SubmittedApplicationsPageTest - Selected application section by code: 'TST-VUI-27'.
2025-01-30 13:56:57 [main] DEBUG l.i.u.t.SubmittedApplicationsPageTest - Clicked 'Search' button.
2025-01-30 13:56:57 [main] DEBUG l.i.u.t.SubmittedApplicationsPageTest - Retrieved invitation code: ''.
2025-01-30 13:56:57 [main] DEBUG l.i.u.t.SubmittedApplicationsPageTest - Clicked on 'Submitted Applications' menu.
2025-01-30 13:56:58 [main] DEBUG l.i.u.t.SubmittedApplicationsPageTest - Selected invitation by code: 'TST-VUI-27'.
2025-01-30 13:56:58 [main] DEBUG l.i.u.t.SubmittedApplicationsPageTest - Clicked on 'Action Application' button.
2025-01-30 13:56:58 [main] DEBUG l.i.u.t.SubmittedApplicationsPageTest - Clicked on 'New Application' button.
2025-01-30 13:56:59 [main] DEBUG l.i.u.t.SubmittedApplicationsPageTest - Clicked on 'RadioButtonFA' button.
2025-01-30 13:56:59 [main] DEBUG l.i.u.t.SubmittedApplicationsPageTest - Entered phone number into the input field.
2025-01-30 13:56:59 [main] DEBUG l.i.u.t.SubmittedApplicationsPageTest - Entered eMail into the input field.
2025-01-30 13:56:59 [main] INFO  l.i.u.p.SubmittedApplicationsPage - Located the dropdown button.
2025-01-30 13:57:16 [main] INFO  l.i.u.p.SubmittedApplicationsPage - Found 1741 options in the dropdown.
2025-01-30 13:57:17 [main] INFO  l.i.u.p.SubmittedApplicationsPage - Successfully selected the value: '01.11 - Grūdinių (išskyrus ryžius), ankštinių ir aliejingų sėklų augalų auginimas'
2025-01-30 13:57:27 [main] ERROR l.i.u.p.SubmittedApplicationsPage - Failed to close the dropdown with aria-expanded = 'false'. Attempting manual close.
2025-01-30 13:57:27 [main] INFO  l.i.u.p.SubmittedApplicationsPage - Manual close attempt for the dropdown using body click.
2025-01-30 13:57:27 [main] DEBUG l.i.u.t.SubmittedApplicationsPageTest - Entered Address into the input field.
2025-01-30 13:57:28 [main] DEBUG l.i.u.t.SubmittedApplicationsPageTest - Entered Address into the input field.
2025-01-30 13:57:28 [main] INFO  l.i.u.p.SubmittedApplicationsPage - Located the dropdown button.
2025-01-30 13:57:29 [main] INFO  l.i.u.p.SubmittedApplicationsPage - Successfully selected the value: 'Administratoriai'
2025-01-30 13:57:39 [main] ERROR l.i.u.p.SubmittedApplicationsPage - Timeout while waiting for dropdown to close with aria-expanded = 'false'.
2025-01-30 13:57:39 [main] DEBUG l.i.u.t.SubmittedApplicationsPageTest - Selected the value: 'Administratoriai'
2025-01-30 13:57:40 [main] INFO  l.i.u.p.SubmittedApplicationsPage - Located the dropdown button.
2025-01-30 13:57:41 [main] INFO  l.i.u.p.SubmittedApplicationsPage - Successfully selected the value: 'Kita'
2025-01-30 13:57:51 [main] ERROR l.i.u.p.SubmittedApplicationsPage - Timeout while waiting for dropdown to close with aria-expanded = 'false'.
2025-01-30 13:57:51 [main] DEBUG l.i.u.t.SubmittedApplicationsPageTest - Selected the value: 'Kita'
2025-01-30 13:57:51 [main] DEBUG l.i.u.t.SubmittedApplicationsPageTest - Selected the value: '6 val. per dieną ir 4 d. per savaitę'
2025-01-30 13:57:52 [main] DEBUG l.i.u.t.SubmittedApplicationsPageTest - Entered Address into the input field.
2025-01-30 13:58:12 [main] ERROR l.i.u.t.SubmittedApplicationsPageTest - Test 'testFillNewApplication' failed with error: Expected condition failed: waiting for visibility of [[ChromeDriver: chrome on windows (ee52a633841bb9be793466803ac09a32)] -> xpath: //mat-label[contains(text(), 'Darbo vieta steigiama sezoniniams darbams?')]/ancestor::common-form-group//input[@type='radio' and @value='false']] (tried for 20 second(s) with 500 milliseconds interval)
Build info: version: '4.27.0', revision: 'd6e718d134'
System info: os.name: 'Windows 11', os.arch: 'amd64', os.version: '10.0', java.version: '21.0.3'
Driver info: org.openqa.selenium.chrome.ChromeDriver
Capabilities {acceptInsecureCerts: false, browserName: chrome, browserVersion: 132.0.6834.111, chrome: {chromedriverVersion: 132.0.6834.159 (2d77d3fc445..., userDataDir: C:\Users\INGRID~1.ZAD\AppDa...}, fedcm:accounts: true, goog:chromeOptions: {debuggerAddress: localhost:50896}, networkConnectionEnabled: false, pageLoadStrategy: normal, platformName: windows, proxy: Proxy(), se:cdp: ws://localhost:50896/devtoo..., se:cdpVersion: 132.0.6834.111, setWindowRect: true, strictFileInteractability: false, timeouts: {implicit: 0, pageLoad: 300000, script: 30000}, unhandledPromptBehavior: dismiss and notify, webauthn:extension:credBlob: true, webauthn:extension:largeBlob: true, webauthn:extension:minPinLength: true, webauthn:extension:prf: true, webauthn:virtualAuthenticators: true}
Session ID: ee52a633841bb9be793466803ac09a32
org.openqa.selenium.TimeoutException: Expected condition failed: waiting for visibility of [[ChromeDriver: chrome on windows (ee52a633841bb9be793466803ac09a32)] -> xpath: //mat-label[contains(text(), 'Darbo vieta steigiama sezoniniams darbams?')]/ancestor::common-form-group//input[@type='radio' and @value='false']] (tried for 20 second(s) with 500 milliseconds interval)
Build info: version: '4.27.0', revision: 'd6e718d134'
System info: os.name: 'Windows 11', os.arch: 'amd64', os.version: '10.0', java.version: '21.0.3'
Driver info: org.openqa.selenium.chrome.ChromeDriver
Capabilities {acceptInsecureCerts: false, browserName: chrome, browserVersion: 132.0.6834.111, chrome: {chromedriverVersion: 132.0.6834.159 (2d77d3fc445..., userDataDir: C:\Users\INGRID~1.ZAD\AppDa...}, fedcm:accounts: true, goog:chromeOptions: {debuggerAddress: localhost:50896}, networkConnectionEnabled: false, pageLoadStrategy: normal, platformName: windows, proxy: Proxy(), se:cdp: ws://localhost:50896/devtoo..., se:cdpVersion: 132.0.6834.111, setWindowRect: true, strictFileInteractability: false, timeouts: {implicit: 0, pageLoad: 300000, script: 30000}, unhandledPromptBehavior: dismiss and notify, webauthn:extension:credBlob: true, webauthn:extension:largeBlob: true, webauthn:extension:minPinLength: true, webauthn:extension:prf: true, webauthn:virtualAuthenticators: true}
Session ID: ee52a633841bb9be793466803ac09a32
	at org.openqa.selenium.support.ui.WebDriverWait.timeoutException(WebDriverWait.java:84)
	at org.openqa.selenium.support.ui.FluentWait.until(FluentWait.java:228)
	at lt.insoft.uztis.pages.SubmittedApplicationsPage.clickRadioButtonSeasonJob(SubmittedApplicationsPage.java:492)
	at lt.insoft.uztis.tests.SubmittedApplicationsPageTest.testFillNewApplication(SubmittedApplicationsPageTest.java:205)
	at java.base/jdk.internal.reflect.DirectMethodHandleAccessor.invoke(DirectMethodHandleAccessor.java:103)
	at java.base/java.lang.reflect.Method.invoke(Method.java:580)
	at org.junit.platform.commons.util.ReflectionUtils.invokeMethod(ReflectionUtils.java:728)
	at org.junit.jupiter.engine.execution.MethodInvocation.proceed(MethodInvocation.java:60)
	at org.junit.jupiter.engine.execution.InvocationInterceptorChain$ValidatingInvocation.proceed(InvocationInterceptorChain.java:131)
	at org.junit.jupiter.engine.extension.TimeoutExtension.intercept(TimeoutExtension.java:156)
	at org.junit.jupiter.engine.extension.TimeoutExtension.interceptTestableMethod(TimeoutExtension.java:147)
	at org.junit.jupiter.engine.extension.TimeoutExtension.interceptTestMethod(TimeoutExtension.java:86)
	at org.junit.jupiter.engine.execution.InterceptingExecutableInvoker$ReflectiveInterceptorCall.lambda$ofVoidMethod$0(InterceptingExecutableInvoker.java:103)
	at org.junit.jupiter.engine.execution.InterceptingExecutableInvoker.lambda$invoke$0(InterceptingExecutableInvoker.java:93)
	at org.junit.jupiter.engine.execution.InvocationInterceptorChain$InterceptedInvocation.proceed(InvocationInterceptorChain.java:106)
	at org.junit.jupiter.engine.execution.InvocationInterceptorChain.proceed(InvocationInterceptorChain.java:64)
	at org.junit.jupiter.engine.execution.InvocationInterceptorChain.chainAndInvoke(InvocationInterceptorChain.java:45)
	at org.junit.jupiter.engine.execution.InvocationInterceptorChain.invoke(InvocationInterceptorChain.java:37)
	at org.junit.jupiter.engine.execution.InterceptingExecutableInvoker.invoke(InterceptingExecutableInvoker.java:92)
	at org.junit.jupiter.engine.execution.InterceptingExecutableInvoker.invoke(InterceptingExecutableInvoker.java:86)
	at org.junit.jupiter.engine.descriptor.TestMethodTestDescriptor.lambda$invokeTestMethod$7(TestMethodTestDescriptor.java:218)
	at org.junit.platform.engine.support.hierarchical.ThrowableCollector.execute(ThrowableCollector.java:73)
	at org.junit.jupiter.engine.descriptor.TestMethodTestDescriptor.invokeTestMethod(TestMethodTestDescriptor.java:214)
	at org.junit.jupiter.engine.descriptor.TestMethodTestDescriptor.execute(TestMethodTestDescriptor.java:139)
	at org.junit.jupiter.engine.descriptor.TestMethodTestDescriptor.execute(TestMethodTestDescriptor.java:69)
	at org.junit.platform.engine.support.hierarchical.NodeTestTask.lambda$executeRecursively$6(NodeTestTask.java:151)
	at org.junit.platform.engine.support.hierarchical.ThrowableCollector.execute(ThrowableCollector.java:73)
	at org.junit.platform.engine.support.hierarchical.NodeTestTask.lambda$executeRecursively$8(NodeTestTask.java:141)
	at org.junit.platform.engine.support.hierarchical.Node.around(Node.java:137)
	at org.junit.platform.engine.support.hierarchical.NodeTestTask.lambda$executeRecursively$9(NodeTestTask.java:139)
	at org.junit.platform.engine.support.hierarchical.ThrowableCollector.execute(ThrowableCollector.java:73)
	at org.junit.platform.engine.support.hierarchical.NodeTestTask.executeRecursively(NodeTestTask.java:138)
	at org.junit.platform.engine.support.hierarchical.NodeTestTask.execute(NodeTestTask.java:95)
	at java.base/java.util.ArrayList.forEach(ArrayList.java:1596)
	at org.junit.platform.engine.support.hierarchical.SameThreadHierarchicalTestExecutorService.invokeAll(SameThreadHierarchicalTestExecutorService.java:41)
	at org.junit.platform.engine.support.hierarchical.NodeTestTask.lambda$executeRecursively$6(NodeTestTask.java:155)
	at org.junit.platform.engine.support.hierarchical.ThrowableCollector.execute(ThrowableCollector.java:73)
	at org.junit.platform.engine.support.hierarchical.NodeTestTask.lambda$executeRecursively$8(NodeTestTask.java:141)
	at org.junit.platform.engine.support.hierarchical.Node.around(Node.java:137)
	at org.junit.platform.engine.support.hierarchical.NodeTestTask.lambda$executeRecursively$9(NodeTestTask.java:139)
	at org.junit.platform.engine.support.hierarchical.ThrowableCollector.execute(ThrowableCollector.java:73)
	at org.junit.platform.engine.support.hierarchical.NodeTestTask.executeRecursively(NodeTestTask.java:138)
	at org.junit.platform.engine.support.hierarchical.NodeTestTask.execute(NodeTestTask.java:95)
	at java.base/java.util.ArrayList.forEach(ArrayList.java:1596)
	at org.junit.platform.engine.support.hierarchical.SameThreadHierarchicalTestExecutorService.invokeAll(SameThreadHierarchicalTestExecutorService.java:41)
	at org.junit.platform.engine.support.hierarchical.NodeTestTask.lambda$executeRecursively$6(NodeTestTask.java:155)
	at org.junit.platform.engine.support.hierarchical.ThrowableCollector.execute(ThrowableCollector.java:73)
	at org.junit.platform.engine.support.hierarchical.NodeTestTask.lambda$executeRecursively$8(NodeTestTask.java:141)
	at org.junit.platform.engine.support.hierarchical.Node.around(Node.java:137)
	at org.junit.platform.engine.support.hierarchical.NodeTestTask.lambda$executeRecursively$9(NodeTestTask.java:139)
	at org.junit.platform.engine.support.hierarchical.ThrowableCollector.execute(ThrowableCollector.java:73)
	at org.junit.platform.engine.support.hierarchical.NodeTestTask.executeRecursively(NodeTestTask.java:138)
	at org.junit.platform.engine.support.hierarchical.NodeTestTask.execute(NodeTestTask.java:95)
	at org.junit.platform.engine.support.hierarchical.SameThreadHierarchicalTestExecutorService.submit(SameThreadHierarchicalTestExecutorService.java:35)
	at org.junit.platform.engine.support.hierarchical.HierarchicalTestExecutor.execute(HierarchicalTestExecutor.java:57)
	at org.junit.platform.engine.support.hierarchical.HierarchicalTestEngine.execute(HierarchicalTestEngine.java:54)
	at org.junit.platform.launcher.core.EngineExecutionOrchestrator.execute(EngineExecutionOrchestrator.java:198)
	at org.junit.platform.launcher.core.EngineExecutionOrchestrator.execute(EngineExecutionOrchestrator.java:169)
	at org.junit.platform.launcher.core.EngineExecutionOrchestrator.execute(EngineExecutionOrchestrator.java:93)
	at org.junit.platform.launcher.core.EngineExecutionOrchestrator.lambda$execute$0(EngineExecutionOrchestrator.java:58)
	at org.junit.platform.launcher.core.EngineExecutionOrchestrator.withInterceptedStreams(EngineExecutionOrchestrator.java:141)
	at org.junit.platform.launcher.core.EngineExecutionOrchestrator.execute(EngineExecutionOrchestrator.java:57)
	at org.junit.platform.launcher.core.DefaultLauncher.execute(DefaultLauncher.java:103)
	at org.junit.platform.launcher.core.DefaultLauncher.execute(DefaultLauncher.java:85)
	at org.junit.platform.launcher.core.DelegatingLauncher.execute(DelegatingLauncher.java:47)
	at org.junit.platform.launcher.core.SessionPerRequestLauncher.execute(SessionPerRequestLauncher.java:63)
	at com.intellij.junit5.JUnit5IdeaTestRunner.startRunnerWithArgs(JUnit5IdeaTestRunner.java:57)
	at com.intellij.rt.junit.IdeaTestRunner$Repeater$1.execute(IdeaTestRunner.java:38)
	at com.intellij.rt.execution.junit.TestsRepeater.repeat(TestsRepeater.java:11)
	at com.intellij.rt.junit.IdeaTestRunner$Repeater.startRunnerWithArgs(IdeaTestRunner.java:35)
	at com.intellij.rt.junit.JUnitStarter.prepareStreamsAndStart(JUnitStarter.java:232)
	at com.intellij.rt.junit.JUnitStarter.main(JUnitStarter.java:55)
2025-01-30 13:58:12 [main] INFO  l.insoft.uztis.tests.utils.TestUtils - Screenshot moved to C:\Users\ingrida.zadorozniene\Desktop\Asm\UZTIS\UZTIS_tests\test-output\screenshots\20250130\135812470_testFillNewApplication().png
2025-01-30 13:58:52 [main] INFO  lt.insoft.uztis.tests.UztisPageTest - Navigated to https://uztisdev.asseco.lt/home
2025-01-30 13:58:52 [main] INFO  l.i.u.t.SubmittedApplicationsPageTest - Starting test:'testFillNewApplication'
2025-01-30 13:58:53 [main] DEBUG l.i.u.t.SubmittedApplicationsPageTest - User logged in with test credentials
2025-01-30 13:58:53 [main] DEBUG l.i.u.t.SubmittedApplicationsPageTest - Opened 'Application Processing' menu.
2025-01-30 13:58:53 [main] DEBUG l.i.u.t.SubmittedApplicationsPageTest - Clicked on 'Application Forms' menu.
2025-01-30 13:58:53 [main] DEBUG l.i.u.t.SubmittedApplicationsPageTest - Retrieved last description code text: 'TST-VUI-27'.
2025-01-30 13:58:53 [main] DEBUG l.i.u.t.SubmittedApplicationsPageTest - Clicked on 'Invitation' menu.
2025-01-30 13:58:54 [main] DEBUG l.i.u.t.SubmittedApplicationsPageTest - Selected application section by code: 'TST-VUI-27'.
2025-01-30 13:58:54 [main] DEBUG l.i.u.t.SubmittedApplicationsPageTest - Clicked 'Search' button.
2025-01-30 13:58:54 [main] DEBUG l.i.u.t.SubmittedApplicationsPageTest - Retrieved invitation code: ''.
2025-01-30 13:58:54 [main] DEBUG l.i.u.t.SubmittedApplicationsPageTest - Clicked on 'Submitted Applications' menu.
2025-01-30 13:58:55 [main] DEBUG l.i.u.t.SubmittedApplicationsPageTest - Selected invitation by code: 'TST-VUI-27'.
2025-01-30 13:58:55 [main] DEBUG l.i.u.t.SubmittedApplicationsPageTest - Clicked on 'Action Application' button.
2025-01-30 13:58:56 [main] DEBUG l.i.u.t.SubmittedApplicationsPageTest - Clicked on 'New Application' button.
2025-01-30 13:58:56 [main] DEBUG l.i.u.t.SubmittedApplicationsPageTest - Clicked on 'RadioButtonFA' button.
2025-01-30 13:58:56 [main] DEBUG l.i.u.t.SubmittedApplicationsPageTest - Entered phone number into the input field.
2025-01-30 13:58:57 [main] DEBUG l.i.u.t.SubmittedApplicationsPageTest - Entered eMail into the input field.
2025-01-30 13:58:57 [main] INFO  l.i.u.p.SubmittedApplicationsPage - Located the dropdown button.
2025-01-30 13:59:16 [main] INFO  l.i.u.p.SubmittedApplicationsPage - Found 1741 options in the dropdown.
2025-01-30 13:59:16 [main] INFO  l.i.u.p.SubmittedApplicationsPage - Successfully selected the value: '01.11 - Grūdinių (išskyrus ryžius), ankštinių ir aliejingų sėklų augalų auginimas'
2025-01-30 13:59:27 [main] ERROR l.i.u.p.SubmittedApplicationsPage - Failed to close the dropdown with aria-expanded = 'false'. Attempting manual close.
2025-01-30 13:59:27 [main] INFO  l.i.u.p.SubmittedApplicationsPage - Manual close attempt for the dropdown using body click.
2025-01-30 13:59:27 [main] DEBUG l.i.u.t.SubmittedApplicationsPageTest - Entered Address into the input field.
2025-01-30 13:59:28 [main] DEBUG l.i.u.t.SubmittedApplicationsPageTest - Entered Address into the input field.
2025-01-30 13:59:28 [main] INFO  l.i.u.p.SubmittedApplicationsPage - Located the dropdown button.
2025-01-30 13:59:29 [main] INFO  l.i.u.p.SubmittedApplicationsPage - Successfully selected the value: 'Administratoriai'
2025-01-30 13:59:40 [main] ERROR l.i.u.p.SubmittedApplicationsPage - Timeout while waiting for dropdown to close with aria-expanded = 'false'.
2025-01-30 13:59:40 [main] DEBUG l.i.u.t.SubmittedApplicationsPageTest - Selected the value: 'Administratoriai'
2025-01-30 13:59:40 [main] INFO  l.i.u.p.SubmittedApplicationsPage - Located the dropdown button.
2025-01-30 13:59:40 [main] INFO  l.i.u.p.SubmittedApplicationsPage - Successfully selected the value: 'Kita'
2025-01-30 13:59:51 [main] ERROR l.i.u.p.SubmittedApplicationsPage - Timeout while waiting for dropdown to close with aria-expanded = 'false'.
2025-01-30 13:59:51 [main] DEBUG l.i.u.t.SubmittedApplicationsPageTest - Selected the value: 'Kita'
2025-01-30 13:59:51 [main] DEBUG l.i.u.t.SubmittedApplicationsPageTest - Selected the value: '6 val. per dieną ir 4 d. per savaitę'
2025-01-30 13:59:52 [main] DEBUG l.i.u.t.SubmittedApplicationsPageTest - Entered Address into the input field.
2025-01-30 14:00:22 [main] ERROR l.i.u.t.SubmittedApplicationsPageTest - Test 'testFillNewApplication' failed with error: Expected condition failed: waiting for visibility of Proxy element for: DefaultElementLocator 'By.xpath: //mat-label[contains(text(), 'Darbo vieta steigiama sezoniniams darbams?')]//input[@type='radio' and @value='false']' (tried for 20 second(s) with 500 milliseconds interval)
org.openqa.selenium.TimeoutException: Expected condition failed: waiting for visibility of Proxy element for: DefaultElementLocator 'By.xpath: //mat-label[contains(text(), 'Darbo vieta steigiama sezoniniams darbams?')]//input[@type='radio' and @value='false']' (tried for 20 second(s) with 500 milliseconds interval)
	at org.openqa.selenium.support.ui.WebDriverWait.timeoutException(WebDriverWait.java:84)
	at org.openqa.selenium.support.ui.FluentWait.until(FluentWait.java:228)
	at lt.insoft.uztis.pages.SubmittedApplicationsPage.clickRadioButtonSeasonJob(SubmittedApplicationsPage.java:492)
	at lt.insoft.uztis.tests.SubmittedApplicationsPageTest.testFillNewApplication(SubmittedApplicationsPageTest.java:205)
	at java.base/jdk.internal.reflect.DirectMethodHandleAccessor.invoke(DirectMethodHandleAccessor.java:103)
	at java.base/java.lang.reflect.Method.invoke(Method.java:580)
	at org.junit.platform.commons.util.ReflectionUtils.invokeMethod(ReflectionUtils.java:728)
	at org.junit.jupiter.engine.execution.MethodInvocation.proceed(MethodInvocation.java:60)
	at org.junit.jupiter.engine.execution.InvocationInterceptorChain$ValidatingInvocation.proceed(InvocationInterceptorChain.java:131)
	at org.junit.jupiter.engine.extension.TimeoutExtension.intercept(TimeoutExtension.java:156)
	at org.junit.jupiter.engine.extension.TimeoutExtension.interceptTestableMethod(TimeoutExtension.java:147)
	at org.junit.jupiter.engine.extension.TimeoutExtension.interceptTestMethod(TimeoutExtension.java:86)
	at org.junit.jupiter.engine.execution.InterceptingExecutableInvoker$ReflectiveInterceptorCall.lambda$ofVoidMethod$0(InterceptingExecutableInvoker.java:103)
	at org.junit.jupiter.engine.execution.InterceptingExecutableInvoker.lambda$invoke$0(InterceptingExecutableInvoker.java:93)
	at org.junit.jupiter.engine.execution.InvocationInterceptorChain$InterceptedInvocation.proceed(InvocationInterceptorChain.java:106)
	at org.junit.jupiter.engine.execution.InvocationInterceptorChain.proceed(InvocationInterceptorChain.java:64)
	at org.junit.jupiter.engine.execution.InvocationInterceptorChain.chainAndInvoke(InvocationInterceptorChain.java:45)
	at org.junit.jupiter.engine.execution.InvocationInterceptorChain.invoke(InvocationInterceptorChain.java:37)
	at org.junit.jupiter.engine.execution.InterceptingExecutableInvoker.invoke(InterceptingExecutableInvoker.java:92)
	at org.junit.jupiter.engine.execution.InterceptingExecutableInvoker.invoke(InterceptingExecutableInvoker.java:86)
	at org.junit.jupiter.engine.descriptor.TestMethodTestDescriptor.lambda$invokeTestMethod$7(TestMethodTestDescriptor.java:218)
	at org.junit.platform.engine.support.hierarchical.ThrowableCollector.execute(ThrowableCollector.java:73)
	at org.junit.jupiter.engine.descriptor.TestMethodTestDescriptor.invokeTestMethod(TestMethodTestDescriptor.java:214)
	at org.junit.jupiter.engine.descriptor.TestMethodTestDescriptor.execute(TestMethodTestDescriptor.java:139)
	at org.junit.jupiter.engine.descriptor.TestMethodTestDescriptor.execute(TestMethodTestDescriptor.java:69)
	at org.junit.platform.engine.support.hierarchical.NodeTestTask.lambda$executeRecursively$6(NodeTestTask.java:151)
	at org.junit.platform.engine.support.hierarchical.ThrowableCollector.execute(ThrowableCollector.java:73)
	at org.junit.platform.engine.support.hierarchical.NodeTestTask.lambda$executeRecursively$8(NodeTestTask.java:141)
	at org.junit.platform.engine.support.hierarchical.Node.around(Node.java:137)
	at org.junit.platform.engine.support.hierarchical.NodeTestTask.lambda$executeRecursively$9(NodeTestTask.java:139)
	at org.junit.platform.engine.support.hierarchical.ThrowableCollector.execute(ThrowableCollector.java:73)
	at org.junit.platform.engine.support.hierarchical.NodeTestTask.executeRecursively(NodeTestTask.java:138)
	at org.junit.platform.engine.support.hierarchical.NodeTestTask.execute(NodeTestTask.java:95)
	at java.base/java.util.ArrayList.forEach(ArrayList.java:1596)
	at org.junit.platform.engine.support.hierarchical.SameThreadHierarchicalTestExecutorService.invokeAll(SameThreadHierarchicalTestExecutorService.java:41)
	at org.junit.platform.engine.support.hierarchical.NodeTestTask.lambda$executeRecursively$6(NodeTestTask.java:155)
	at org.junit.platform.engine.support.hierarchical.ThrowableCollector.execute(ThrowableCollector.java:73)
	at org.junit.platform.engine.support.hierarchical.NodeTestTask.lambda$executeRecursively$8(NodeTestTask.java:141)
	at org.junit.platform.engine.support.hierarchical.Node.around(Node.java:137)
	at org.junit.platform.engine.support.hierarchical.NodeTestTask.lambda$executeRecursively$9(NodeTestTask.java:139)
	at org.junit.platform.engine.support.hierarchical.ThrowableCollector.execute(ThrowableCollector.java:73)
	at org.junit.platform.engine.support.hierarchical.NodeTestTask.executeRecursively(NodeTestTask.java:138)
	at org.junit.platform.engine.support.hierarchical.NodeTestTask.execute(NodeTestTask.java:95)
	at java.base/java.util.ArrayList.forEach(ArrayList.java:1596)
	at org.junit.platform.engine.support.hierarchical.SameThreadHierarchicalTestExecutorService.invokeAll(SameThreadHierarchicalTestExecutorService.java:41)
	at org.junit.platform.engine.support.hierarchical.NodeTestTask.lambda$executeRecursively$6(NodeTestTask.java:155)
	at org.junit.platform.engine.support.hierarchical.ThrowableCollector.execute(ThrowableCollector.java:73)
	at org.junit.platform.engine.support.hierarchical.NodeTestTask.lambda$executeRecursively$8(NodeTestTask.java:141)
	at org.junit.platform.engine.support.hierarchical.Node.around(Node.java:137)
	at org.junit.platform.engine.support.hierarchical.NodeTestTask.lambda$executeRecursively$9(NodeTestTask.java:139)
	at org.junit.platform.engine.support.hierarchical.ThrowableCollector.execute(ThrowableCollector.java:73)
	at org.junit.platform.engine.support.hierarchical.NodeTestTask.executeRecursively(NodeTestTask.java:138)
	at org.junit.platform.engine.support.hierarchical.NodeTestTask.execute(NodeTestTask.java:95)
	at org.junit.platform.engine.support.hierarchical.SameThreadHierarchicalTestExecutorService.submit(SameThreadHierarchicalTestExecutorService.java:35)
	at org.junit.platform.engine.support.hierarchical.HierarchicalTestExecutor.execute(HierarchicalTestExecutor.java:57)
	at org.junit.platform.engine.support.hierarchical.HierarchicalTestEngine.execute(HierarchicalTestEngine.java:54)
	at org.junit.platform.launcher.core.EngineExecutionOrchestrator.execute(EngineExecutionOrchestrator.java:198)
	at org.junit.platform.launcher.core.EngineExecutionOrchestrator.execute(EngineExecutionOrchestrator.java:169)
	at org.junit.platform.launcher.core.EngineExecutionOrchestrator.execute(EngineExecutionOrchestrator.java:93)
	at org.junit.platform.launcher.core.EngineExecutionOrchestrator.lambda$execute$0(EngineExecutionOrchestrator.java:58)
	at org.junit.platform.launcher.core.EngineExecutionOrchestrator.withInterceptedStreams(EngineExecutionOrchestrator.java:141)
	at org.junit.platform.launcher.core.EngineExecutionOrchestrator.execute(EngineExecutionOrchestrator.java:57)
	at org.junit.platform.launcher.core.DefaultLauncher.execute(DefaultLauncher.java:103)
	at org.junit.platform.launcher.core.DefaultLauncher.execute(DefaultLauncher.java:85)
	at org.junit.platform.launcher.core.DelegatingLauncher.execute(DelegatingLauncher.java:47)
	at org.junit.platform.launcher.core.SessionPerRequestLauncher.execute(SessionPerRequestLauncher.java:63)
	at com.intellij.junit5.JUnit5IdeaTestRunner.startRunnerWithArgs(JUnit5IdeaTestRunner.java:57)
	at com.intellij.rt.junit.IdeaTestRunner$Repeater$1.execute(IdeaTestRunner.java:38)
	at com.intellij.rt.execution.junit.TestsRepeater.repeat(TestsRepeater.java:11)
	at com.intellij.rt.junit.IdeaTestRunner$Repeater.startRunnerWithArgs(IdeaTestRunner.java:35)
	at com.intellij.rt.junit.JUnitStarter.prepareStreamsAndStart(JUnitStarter.java:232)
	at com.intellij.rt.junit.JUnitStarter.main(JUnitStarter.java:55)
Caused by: org.openqa.selenium.NoSuchElementException: no such element: Unable to locate element: {"method":"xpath","selector":"//mat-label[contains(text(), 'Darbo vieta steigiama sezoniniams darbams?')]//input[@type='radio' and @value='false']"}
  (Session info: chrome=132.0.6834.111)
For documentation on this error, please visit: https://www.selenium.dev/documentation/webdriver/troubleshooting/errors#no-such-element-exception
Build info: version: '4.27.0', revision: 'd6e718d134'
System info: os.name: 'Windows 11', os.arch: 'amd64', os.version: '10.0', java.version: '21.0.3'
Driver info: org.openqa.selenium.chrome.ChromeDriver
Command: [af890e7d59fc18eac04ebcaa8c076f43, findElement {using=xpath, value=//mat-label[contains(text(), 'Darbo vieta steigiama sezoniniams darbams?')]//input[@type='radio' and @value='false']}]
Capabilities {acceptInsecureCerts: false, browserName: chrome, browserVersion: 132.0.6834.111, chrome: {chromedriverVersion: 132.0.6834.159 (2d77d3fc445..., userDataDir: C:\Users\INGRID~1.ZAD\AppDa...}, fedcm:accounts: true, goog:chromeOptions: {debuggerAddress: localhost:50982}, networkConnectionEnabled: false, pageLoadStrategy: normal, platformName: windows, proxy: Proxy(), se:cdp: ws://localhost:50982/devtoo..., se:cdpVersion: 132.0.6834.111, setWindowRect: true, strictFileInteractability: false, timeouts: {implicit: 0, pageLoad: 300000, script: 30000}, unhandledPromptBehavior: dismiss and notify, webauthn:extension:credBlob: true, webauthn:extension:largeBlob: true, webauthn:extension:minPinLength: true, webauthn:extension:prf: true, webauthn:virtualAuthenticators: true}
Session ID: af890e7d59fc18eac04ebcaa8c076f43
	at java.base/jdk.internal.reflect.DirectConstructorHandleAccessor.newInstance(DirectConstructorHandleAccessor.java:62)
	at java.base/java.lang.reflect.Constructor.newInstanceWithCaller(Constructor.java:502)
	at java.base/java.lang.reflect.Constructor.newInstance(Constructor.java:486)
	at org.openqa.selenium.remote.ErrorCodec.decode(ErrorCodec.java:167)
	at org.openqa.selenium.remote.codec.w3c.W3CHttpResponseCodec.decode(W3CHttpResponseCodec.java:138)
	at org.openqa.selenium.remote.codec.w3c.W3CHttpResponseCodec.decode(W3CHttpResponseCodec.java:50)
	at org.openqa.selenium.remote.HttpCommandExecutor.execute(HttpCommandExecutor.java:190)
	at org.openqa.selenium.remote.service.DriverCommandExecutor.invokeExecute(DriverCommandExecutor.java:216)
	at org.openqa.selenium.remote.service.DriverCommandExecutor.execute(DriverCommandExecutor.java:174)
	at org.openqa.selenium.remote.RemoteWebDriver.execute(RemoteWebDriver.java:545)
	at org.openqa.selenium.remote.ElementLocation$ElementFinder$2.findElement(ElementLocation.java:165)
	at org.openqa.selenium.remote.ElementLocation.findElement(ElementLocation.java:59)
	at org.openqa.selenium.remote.RemoteWebDriver.findElement(RemoteWebDriver.java:368)
	at org.openqa.selenium.remote.RemoteWebDriver.findElement(RemoteWebDriver.java:362)
	at org.openqa.selenium.support.pagefactory.DefaultElementLocator.findElement(DefaultElementLocator.java:68)
	at org.openqa.selenium.support.pagefactory.internal.LocatingElementHandler.invoke(LocatingElementHandler.java:38)
	at jdk.proxy2/jdk.proxy2.$Proxy14.isDisplayed(Unknown Source)
	at org.openqa.selenium.support.ui.ExpectedConditions.elementIfVisible(ExpectedConditions.java:304)
	at org.openqa.selenium.support.ui.ExpectedConditions$10.apply(ExpectedConditions.java:290)
	at org.openqa.selenium.support.ui.ExpectedConditions$10.apply(ExpectedConditions.java:287)
	at org.openqa.selenium.support.ui.FluentWait.until(FluentWait.java:203)
	... 70 common frames omitted
2025-01-30 14:00:22 [main] INFO  l.insoft.uztis.tests.utils.TestUtils - Screenshot moved to C:\Users\ingrida.zadorozniene\Desktop\Asm\UZTIS\UZTIS_tests\test-output\screenshots\20250130\140022988_testFillNewApplication().png
2025-01-30 14:01:09 [main] INFO  lt.insoft.uztis.tests.UztisPageTest - Navigated to https://uztisdev.asseco.lt/home
2025-01-30 14:01:09 [main] INFO  l.i.u.t.SubmittedApplicationsPageTest - Starting test:'testFillNewApplication'
2025-01-30 14:01:09 [main] DEBUG l.i.u.t.SubmittedApplicationsPageTest - User logged in with test credentials
2025-01-30 14:01:10 [main] DEBUG l.i.u.t.SubmittedApplicationsPageTest - Opened 'Application Processing' menu.
2025-01-30 14:01:10 [main] DEBUG l.i.u.t.SubmittedApplicationsPageTest - Clicked on 'Application Forms' menu.
2025-01-30 14:01:10 [main] DEBUG l.i.u.t.SubmittedApplicationsPageTest - Retrieved last description code text: 'TST-VUI-27'.
2025-01-30 14:01:10 [main] DEBUG l.i.u.t.SubmittedApplicationsPageTest - Clicked on 'Invitation' menu.
2025-01-30 14:01:11 [main] DEBUG l.i.u.t.SubmittedApplicationsPageTest - Selected application section by code: 'TST-VUI-27'.
2025-01-30 14:01:11 [main] DEBUG l.i.u.t.SubmittedApplicationsPageTest - Clicked 'Search' button.
2025-01-30 14:01:11 [main] DEBUG l.i.u.t.SubmittedApplicationsPageTest - Retrieved invitation code: ''.
2025-01-30 14:01:11 [main] DEBUG l.i.u.t.SubmittedApplicationsPageTest - Clicked on 'Submitted Applications' menu.
2025-01-30 14:01:12 [main] DEBUG l.i.u.t.SubmittedApplicationsPageTest - Selected invitation by code: 'TST-VUI-27'.
2025-01-30 14:01:12 [main] DEBUG l.i.u.t.SubmittedApplicationsPageTest - Clicked on 'Action Application' button.
2025-01-30 14:01:13 [main] DEBUG l.i.u.t.SubmittedApplicationsPageTest - Clicked on 'New Application' button.
2025-01-30 14:01:13 [main] DEBUG l.i.u.t.SubmittedApplicationsPageTest - Clicked on 'RadioButtonFA' button.
2025-01-30 14:01:13 [main] DEBUG l.i.u.t.SubmittedApplicationsPageTest - Entered phone number into the input field.
2025-01-30 14:01:14 [main] DEBUG l.i.u.t.SubmittedApplicationsPageTest - Entered eMail into the input field.
2025-01-30 14:01:14 [main] INFO  l.i.u.p.SubmittedApplicationsPage - Located the dropdown button.
2025-01-30 14:01:33 [main] INFO  l.i.u.p.SubmittedApplicationsPage - Found 1741 options in the dropdown.
2025-01-30 14:01:33 [main] INFO  l.i.u.p.SubmittedApplicationsPage - Successfully selected the value: '01.11 - Grūdinių (išskyrus ryžius), ankštinių ir aliejingų sėklų augalų auginimas'
2025-01-30 14:01:43 [main] ERROR l.i.u.p.SubmittedApplicationsPage - Failed to close the dropdown with aria-expanded = 'false'. Attempting manual close.
2025-01-30 14:01:43 [main] INFO  l.i.u.p.SubmittedApplicationsPage - Manual close attempt for the dropdown using body click.
2025-01-30 14:01:44 [main] DEBUG l.i.u.t.SubmittedApplicationsPageTest - Entered Address into the input field.
2025-01-30 14:01:44 [main] DEBUG l.i.u.t.SubmittedApplicationsPageTest - Entered Address into the input field.
2025-01-30 14:01:44 [main] INFO  l.i.u.p.SubmittedApplicationsPage - Located the dropdown button.
2025-01-30 14:01:46 [main] INFO  l.i.u.p.SubmittedApplicationsPage - Successfully selected the value: 'Administratoriai'
2025-01-30 14:01:56 [main] ERROR l.i.u.p.SubmittedApplicationsPage - Timeout while waiting for dropdown to close with aria-expanded = 'false'.
2025-01-30 14:01:56 [main] DEBUG l.i.u.t.SubmittedApplicationsPageTest - Selected the value: 'Administratoriai'
2025-01-30 14:01:56 [main] INFO  l.i.u.p.SubmittedApplicationsPage - Located the dropdown button.
2025-01-30 14:01:57 [main] INFO  l.i.u.p.SubmittedApplicationsPage - Successfully selected the value: 'Kita'
2025-01-30 14:02:07 [main] ERROR l.i.u.p.SubmittedApplicationsPage - Timeout while waiting for dropdown to close with aria-expanded = 'false'.
2025-01-30 14:02:07 [main] DEBUG l.i.u.t.SubmittedApplicationsPageTest - Selected the value: 'Kita'
2025-01-30 14:02:07 [main] DEBUG l.i.u.t.SubmittedApplicationsPageTest - Selected the value: '6 val. per dieną ir 4 d. per savaitę'
2025-01-30 14:02:08 [main] DEBUG l.i.u.t.SubmittedApplicationsPageTest - Entered Address into the input field.
2025-01-30 14:03:10 [main] ERROR l.i.u.t.SubmittedApplicationsPageTest - Test 'testFillNewApplication' failed with error: Expected condition failed: waiting for visibility of Proxy element for: DefaultElementLocator 'By.xpath: //mat-label[contains(text(), 'Darbo vieta steigiama sezoniniams darbams?')]//input[@type='radio' and @value='false']' (tried for 50 second(s) with 500 milliseconds interval)
org.openqa.selenium.TimeoutException: Expected condition failed: waiting for visibility of Proxy element for: DefaultElementLocator 'By.xpath: //mat-label[contains(text(), 'Darbo vieta steigiama sezoniniams darbams?')]//input[@type='radio' and @value='false']' (tried for 50 second(s) with 500 milliseconds interval)
	at org.openqa.selenium.support.ui.WebDriverWait.timeoutException(WebDriverWait.java:84)
	at org.openqa.selenium.support.ui.FluentWait.until(FluentWait.java:228)
	at lt.insoft.uztis.pages.SubmittedApplicationsPage.clickRadioButtonSeasonJob(SubmittedApplicationsPage.java:492)
	at lt.insoft.uztis.tests.SubmittedApplicationsPageTest.testFillNewApplication(SubmittedApplicationsPageTest.java:205)
	at java.base/jdk.internal.reflect.DirectMethodHandleAccessor.invoke(DirectMethodHandleAccessor.java:103)
	at java.base/java.lang.reflect.Method.invoke(Method.java:580)
	at org.junit.platform.commons.util.ReflectionUtils.invokeMethod(ReflectionUtils.java:728)
	at org.junit.jupiter.engine.execution.MethodInvocation.proceed(MethodInvocation.java:60)
	at org.junit.jupiter.engine.execution.InvocationInterceptorChain$ValidatingInvocation.proceed(InvocationInterceptorChain.java:131)
	at org.junit.jupiter.engine.extension.TimeoutExtension.intercept(TimeoutExtension.java:156)
	at org.junit.jupiter.engine.extension.TimeoutExtension.interceptTestableMethod(TimeoutExtension.java:147)
	at org.junit.jupiter.engine.extension.TimeoutExtension.interceptTestMethod(TimeoutExtension.java:86)
	at org.junit.jupiter.engine.execution.InterceptingExecutableInvoker$ReflectiveInterceptorCall.lambda$ofVoidMethod$0(InterceptingExecutableInvoker.java:103)
	at org.junit.jupiter.engine.execution.InterceptingExecutableInvoker.lambda$invoke$0(InterceptingExecutableInvoker.java:93)
	at org.junit.jupiter.engine.execution.InvocationInterceptorChain$InterceptedInvocation.proceed(InvocationInterceptorChain.java:106)
	at org.junit.jupiter.engine.execution.InvocationInterceptorChain.proceed(InvocationInterceptorChain.java:64)
	at org.junit.jupiter.engine.execution.InvocationInterceptorChain.chainAndInvoke(InvocationInterceptorChain.java:45)
	at org.junit.jupiter.engine.execution.InvocationInterceptorChain.invoke(InvocationInterceptorChain.java:37)
	at org.junit.jupiter.engine.execution.InterceptingExecutableInvoker.invoke(InterceptingExecutableInvoker.java:92)
	at org.junit.jupiter.engine.execution.InterceptingExecutableInvoker.invoke(InterceptingExecutableInvoker.java:86)
	at org.junit.jupiter.engine.descriptor.TestMethodTestDescriptor.lambda$invokeTestMethod$7(TestMethodTestDescriptor.java:218)
	at org.junit.platform.engine.support.hierarchical.ThrowableCollector.execute(ThrowableCollector.java:73)
	at org.junit.jupiter.engine.descriptor.TestMethodTestDescriptor.invokeTestMethod(TestMethodTestDescriptor.java:214)
	at org.junit.jupiter.engine.descriptor.TestMethodTestDescriptor.execute(TestMethodTestDescriptor.java:139)
	at org.junit.jupiter.engine.descriptor.TestMethodTestDescriptor.execute(TestMethodTestDescriptor.java:69)
	at org.junit.platform.engine.support.hierarchical.NodeTestTask.lambda$executeRecursively$6(NodeTestTask.java:151)
	at org.junit.platform.engine.support.hierarchical.ThrowableCollector.execute(ThrowableCollector.java:73)
	at org.junit.platform.engine.support.hierarchical.NodeTestTask.lambda$executeRecursively$8(NodeTestTask.java:141)
	at org.junit.platform.engine.support.hierarchical.Node.around(Node.java:137)
	at org.junit.platform.engine.support.hierarchical.NodeTestTask.lambda$executeRecursively$9(NodeTestTask.java:139)
	at org.junit.platform.engine.support.hierarchical.ThrowableCollector.execute(ThrowableCollector.java:73)
	at org.junit.platform.engine.support.hierarchical.NodeTestTask.executeRecursively(NodeTestTask.java:138)
	at org.junit.platform.engine.support.hierarchical.NodeTestTask.execute(NodeTestTask.java:95)
	at java.base/java.util.ArrayList.forEach(ArrayList.java:1596)
	at org.junit.platform.engine.support.hierarchical.SameThreadHierarchicalTestExecutorService.invokeAll(SameThreadHierarchicalTestExecutorService.java:41)
	at org.junit.platform.engine.support.hierarchical.NodeTestTask.lambda$executeRecursively$6(NodeTestTask.java:155)
	at org.junit.platform.engine.support.hierarchical.ThrowableCollector.execute(ThrowableCollector.java:73)
	at org.junit.platform.engine.support.hierarchical.NodeTestTask.lambda$executeRecursively$8(NodeTestTask.java:141)
	at org.junit.platform.engine.support.hierarchical.Node.around(Node.java:137)
	at org.junit.platform.engine.support.hierarchical.NodeTestTask.lambda$executeRecursively$9(NodeTestTask.java:139)
	at org.junit.platform.engine.support.hierarchical.ThrowableCollector.execute(ThrowableCollector.java:73)
	at org.junit.platform.engine.support.hierarchical.NodeTestTask.executeRecursively(NodeTestTask.java:138)
	at org.junit.platform.engine.support.hierarchical.NodeTestTask.execute(NodeTestTask.java:95)
	at java.base/java.util.ArrayList.forEach(ArrayList.java:1596)
	at org.junit.platform.engine.support.hierarchical.SameThreadHierarchicalTestExecutorService.invokeAll(SameThreadHierarchicalTestExecutorService.java:41)
	at org.junit.platform.engine.support.hierarchical.NodeTestTask.lambda$executeRecursively$6(NodeTestTask.java:155)
	at org.junit.platform.engine.support.hierarchical.ThrowableCollector.execute(ThrowableCollector.java:73)
	at org.junit.platform.engine.support.hierarchical.NodeTestTask.lambda$executeRecursively$8(NodeTestTask.java:141)
	at org.junit.platform.engine.support.hierarchical.Node.around(Node.java:137)
	at org.junit.platform.engine.support.hierarchical.NodeTestTask.lambda$executeRecursively$9(NodeTestTask.java:139)
	at org.junit.platform.engine.support.hierarchical.ThrowableCollector.execute(ThrowableCollector.java:73)
	at org.junit.platform.engine.support.hierarchical.NodeTestTask.executeRecursively(NodeTestTask.java:138)
	at org.junit.platform.engine.support.hierarchical.NodeTestTask.execute(NodeTestTask.java:95)
	at org.junit.platform.engine.support.hierarchical.SameThreadHierarchicalTestExecutorService.submit(SameThreadHierarchicalTestExecutorService.java:35)
	at org.junit.platform.engine.support.hierarchical.HierarchicalTestExecutor.execute(HierarchicalTestExecutor.java:57)
	at org.junit.platform.engine.support.hierarchical.HierarchicalTestEngine.execute(HierarchicalTestEngine.java:54)
	at org.junit.platform.launcher.core.EngineExecutionOrchestrator.execute(EngineExecutionOrchestrator.java:198)
	at org.junit.platform.launcher.core.EngineExecutionOrchestrator.execute(EngineExecutionOrchestrator.java:169)
	at org.junit.platform.launcher.core.EngineExecutionOrchestrator.execute(EngineExecutionOrchestrator.java:93)
	at org.junit.platform.launcher.core.EngineExecutionOrchestrator.lambda$execute$0(EngineExecutionOrchestrator.java:58)
	at org.junit.platform.launcher.core.EngineExecutionOrchestrator.withInterceptedStreams(EngineExecutionOrchestrator.java:141)
	at org.junit.platform.launcher.core.EngineExecutionOrchestrator.execute(EngineExecutionOrchestrator.java:57)
	at org.junit.platform.launcher.core.DefaultLauncher.execute(DefaultLauncher.java:103)
	at org.junit.platform.launcher.core.DefaultLauncher.execute(DefaultLauncher.java:85)
	at org.junit.platform.launcher.core.DelegatingLauncher.execute(DelegatingLauncher.java:47)
	at org.junit.platform.launcher.core.SessionPerRequestLauncher.execute(SessionPerRequestLauncher.java:63)
	at com.intellij.junit5.JUnit5IdeaTestRunner.startRunnerWithArgs(JUnit5IdeaTestRunner.java:57)
	at com.intellij.rt.junit.IdeaTestRunner$Repeater$1.execute(IdeaTestRunner.java:38)
	at com.intellij.rt.execution.junit.TestsRepeater.repeat(TestsRepeater.java:11)
	at com.intellij.rt.junit.IdeaTestRunner$Repeater.startRunnerWithArgs(IdeaTestRunner.java:35)
	at com.intellij.rt.junit.JUnitStarter.prepareStreamsAndStart(JUnitStarter.java:232)
	at com.intellij.rt.junit.JUnitStarter.main(JUnitStarter.java:55)
Caused by: org.openqa.selenium.NoSuchElementException: no such element: Unable to locate element: {"method":"xpath","selector":"//mat-label[contains(text(), 'Darbo vieta steigiama sezoniniams darbams?')]//input[@type='radio' and @value='false']"}
  (Session info: chrome=132.0.6834.111)
For documentation on this error, please visit: https://www.selenium.dev/documentation/webdriver/troubleshooting/errors#no-such-element-exception
Build info: version: '4.27.0', revision: 'd6e718d134'
System info: os.name: 'Windows 11', os.arch: 'amd64', os.version: '10.0', java.version: '21.0.3'
Driver info: org.openqa.selenium.chrome.ChromeDriver
Command: [1c08d7ec671d16a745031b6bd9b2af73, findElement {value=//mat-label[contains(text(), 'Darbo vieta steigiama sezoniniams darbams?')]//input[@type='radio' and @value='false'], using=xpath}]
Capabilities {acceptInsecureCerts: false, browserName: chrome, browserVersion: 132.0.6834.111, chrome: {chromedriverVersion: 132.0.6834.159 (2d77d3fc445..., userDataDir: C:\Users\INGRID~1.ZAD\AppDa...}, fedcm:accounts: true, goog:chromeOptions: {debuggerAddress: localhost:51073}, networkConnectionEnabled: false, pageLoadStrategy: normal, platformName: windows, proxy: Proxy(), se:cdp: ws://localhost:51073/devtoo..., se:cdpVersion: 132.0.6834.111, setWindowRect: true, strictFileInteractability: false, timeouts: {implicit: 0, pageLoad: 300000, script: 30000}, unhandledPromptBehavior: dismiss and notify, webauthn:extension:credBlob: true, webauthn:extension:largeBlob: true, webauthn:extension:minPinLength: true, webauthn:extension:prf: true, webauthn:virtualAuthenticators: true}
Session ID: 1c08d7ec671d16a745031b6bd9b2af73
	at java.base/jdk.internal.reflect.DirectConstructorHandleAccessor.newInstance(DirectConstructorHandleAccessor.java:62)
	at java.base/java.lang.reflect.Constructor.newInstanceWithCaller(Constructor.java:502)
	at java.base/java.lang.reflect.Constructor.newInstance(Constructor.java:486)
	at org.openqa.selenium.remote.ErrorCodec.decode(ErrorCodec.java:167)
	at org.openqa.selenium.remote.codec.w3c.W3CHttpResponseCodec.decode(W3CHttpResponseCodec.java:138)
	at org.openqa.selenium.remote.codec.w3c.W3CHttpResponseCodec.decode(W3CHttpResponseCodec.java:50)
	at org.openqa.selenium.remote.HttpCommandExecutor.execute(HttpCommandExecutor.java:190)
	at org.openqa.selenium.remote.service.DriverCommandExecutor.invokeExecute(DriverCommandExecutor.java:216)
	at org.openqa.selenium.remote.service.DriverCommandExecutor.execute(DriverCommandExecutor.java:174)
	at org.openqa.selenium.remote.RemoteWebDriver.execute(RemoteWebDriver.java:545)
	at org.openqa.selenium.remote.ElementLocation$ElementFinder$2.findElement(ElementLocation.java:165)
	at org.openqa.selenium.remote.ElementLocation.findElement(ElementLocation.java:59)
	at org.openqa.selenium.remote.RemoteWebDriver.findElement(RemoteWebDriver.java:368)
	at org.openqa.selenium.remote.RemoteWebDriver.findElement(RemoteWebDriver.java:362)
	at org.openqa.selenium.support.pagefactory.DefaultElementLocator.findElement(DefaultElementLocator.java:68)
	at org.openqa.selenium.support.pagefactory.internal.LocatingElementHandler.invoke(LocatingElementHandler.java:38)
	at jdk.proxy2/jdk.proxy2.$Proxy14.isDisplayed(Unknown Source)
	at org.openqa.selenium.support.ui.ExpectedConditions.elementIfVisible(ExpectedConditions.java:304)
	at org.openqa.selenium.support.ui.ExpectedConditions$10.apply(ExpectedConditions.java:290)
	at org.openqa.selenium.support.ui.ExpectedConditions$10.apply(ExpectedConditions.java:287)
	at org.openqa.selenium.support.ui.FluentWait.until(FluentWait.java:203)
	... 70 common frames omitted
2025-01-30 14:03:11 [main] INFO  l.insoft.uztis.tests.utils.TestUtils - Screenshot moved to C:\Users\ingrida.zadorozniene\Desktop\Asm\UZTIS\UZTIS_tests\test-output\screenshots\20250130\140311031_testFillNewApplication().png
2025-01-30 14:12:35 [main] INFO  lt.insoft.uztis.tests.UztisPageTest - Navigated to https://uztisdev.asseco.lt/home
2025-01-30 14:12:35 [main] INFO  l.i.uztis.tests.InvitationsPageTest - Starting test:'testCreateNewPvkInvitation'
2025-01-30 14:12:36 [main] DEBUG l.i.uztis.tests.InvitationsPageTest - User logged in with test credentials
2025-01-30 14:12:36 [main] DEBUG l.i.uztis.tests.InvitationsPageTest - Opened 'Application Processing' menu.
2025-01-30 14:12:36 [main] DEBUG l.i.uztis.tests.InvitationsPageTest - Clicked on 'Application Forms' menu.
2025-01-30 14:12:36 [main] DEBUG l.i.uztis.tests.InvitationsPageTest - Navigating to application forms menu.
2025-01-30 14:12:36 [main] DEBUG l.i.uztis.tests.InvitationsPageTest - Retrieved last description code text: 'TST-PVK-13'.
2025-01-30 14:12:37 [main] DEBUG l.i.uztis.tests.InvitationsPageTest - Clicked on 'Invitation' menu.
2025-01-30 14:12:37 [main] DEBUG l.i.uztis.tests.InvitationsPageTest - Clicked 'Create New Application Form'.
2025-01-30 14:12:37 [main] DEBUG l.i.uztis.tests.InvitationsPageTest - Selected section by code: 'TST-PVK-13'.
2025-01-30 14:12:37 [main] INFO  l.insoft.uztis.pages.InvitationsPage - Located the dropdown button.
2025-01-30 14:12:48 [main] ERROR l.insoft.uztis.pages.InvitationsPage - Timeout while waiting for dropdown to close with aria-expanded = 'false'.
2025-01-30 14:12:48 [main] DEBUG l.i.uztis.tests.InvitationsPageTest - Selected invitation number from the list.
2025-01-30 14:12:48 [main] ERROR l.i.uztis.tests.InvitationsPageTest - Test 'testCreateNewPvkInvitation' failed with error: no such window: target window already closed
from unknown error: web view not found
  (Session info: chrome=132.0.6834.111)
Build info: version: '4.27.0', revision: 'd6e718d134'
System info: os.name: 'Windows 11', os.arch: 'amd64', os.version: '10.0', java.version: '21.0.3'
Driver info: org.openqa.selenium.chrome.ChromeDriver
Command: [0b97a04a54e928a07558a75b5ed15acf, findElement {value=//input[contains(@class, 'mat-datepicker-input')], using=xpath}]
Capabilities {acceptInsecureCerts: false, browserName: chrome, browserVersion: 132.0.6834.111, chrome: {chromedriverVersion: 132.0.6834.159 (2d77d3fc445..., userDataDir: C:\Users\INGRID~1.ZAD\AppDa...}, fedcm:accounts: true, goog:chromeOptions: {debuggerAddress: localhost:51475}, networkConnectionEnabled: false, pageLoadStrategy: normal, platformName: windows, proxy: Proxy(), se:cdp: ws://localhost:51475/devtoo..., se:cdpVersion: 132.0.6834.111, setWindowRect: true, strictFileInteractability: false, timeouts: {implicit: 0, pageLoad: 300000, script: 30000}, unhandledPromptBehavior: dismiss and notify, webauthn:extension:credBlob: true, webauthn:extension:largeBlob: true, webauthn:extension:minPinLength: true, webauthn:extension:prf: true, webauthn:virtualAuthenticators: true}
Session ID: 0b97a04a54e928a07558a75b5ed15acf
org.openqa.selenium.NoSuchWindowException: no such window: target window already closed
from unknown error: web view not found
  (Session info: chrome=132.0.6834.111)
Build info: version: '4.27.0', revision: 'd6e718d134'
System info: os.name: 'Windows 11', os.arch: 'amd64', os.version: '10.0', java.version: '21.0.3'
Driver info: org.openqa.selenium.chrome.ChromeDriver
Command: [0b97a04a54e928a07558a75b5ed15acf, findElement {value=//input[contains(@class, 'mat-datepicker-input')], using=xpath}]
Capabilities {acceptInsecureCerts: false, browserName: chrome, browserVersion: 132.0.6834.111, chrome: {chromedriverVersion: 132.0.6834.159 (2d77d3fc445..., userDataDir: C:\Users\INGRID~1.ZAD\AppDa...}, fedcm:accounts: true, goog:chromeOptions: {debuggerAddress: localhost:51475}, networkConnectionEnabled: false, pageLoadStrategy: normal, platformName: windows, proxy: Proxy(), se:cdp: ws://localhost:51475/devtoo..., se:cdpVersion: 132.0.6834.111, setWindowRect: true, strictFileInteractability: false, timeouts: {implicit: 0, pageLoad: 300000, script: 30000}, unhandledPromptBehavior: dismiss and notify, webauthn:extension:credBlob: true, webauthn:extension:largeBlob: true, webauthn:extension:minPinLength: true, webauthn:extension:prf: true, webauthn:virtualAuthenticators: true}
Session ID: 0b97a04a54e928a07558a75b5ed15acf
	at java.base/jdk.internal.reflect.DirectConstructorHandleAccessor.newInstance(DirectConstructorHandleAccessor.java:62)
	at java.base/java.lang.reflect.Constructor.newInstanceWithCaller(Constructor.java:502)
	at java.base/java.lang.reflect.Constructor.newInstance(Constructor.java:486)
	at org.openqa.selenium.remote.ErrorCodec.decode(ErrorCodec.java:167)
	at org.openqa.selenium.remote.codec.w3c.W3CHttpResponseCodec.decode(W3CHttpResponseCodec.java:138)
	at org.openqa.selenium.remote.codec.w3c.W3CHttpResponseCodec.decode(W3CHttpResponseCodec.java:50)
	at org.openqa.selenium.remote.HttpCommandExecutor.execute(HttpCommandExecutor.java:190)
	at org.openqa.selenium.remote.service.DriverCommandExecutor.invokeExecute(DriverCommandExecutor.java:216)
	at org.openqa.selenium.remote.service.DriverCommandExecutor.execute(DriverCommandExecutor.java:174)
	at org.openqa.selenium.remote.RemoteWebDriver.execute(RemoteWebDriver.java:545)
	at org.openqa.selenium.remote.ElementLocation$ElementFinder$2.findElement(ElementLocation.java:165)
	at org.openqa.selenium.remote.ElementLocation.findElement(ElementLocation.java:59)
	at org.openqa.selenium.remote.RemoteWebDriver.findElement(RemoteWebDriver.java:368)
	at org.openqa.selenium.remote.RemoteWebDriver.findElement(RemoteWebDriver.java:362)
	at org.openqa.selenium.support.pagefactory.DefaultElementLocator.findElement(DefaultElementLocator.java:68)
	at org.openqa.selenium.support.pagefactory.internal.LocatingElementHandler.invoke(LocatingElementHandler.java:38)
	at jdk.proxy2/jdk.proxy2.$Proxy14.isDisplayed(Unknown Source)
	at lt.insoft.uztis.pages.InvitationsPage.enterCurrentDate(InvitationsPage.java:280)
	at lt.insoft.uztis.tests.InvitationsPageTest.testCreateNewPvkInvitation(InvitationsPageTest.java:611)
	at java.base/jdk.internal.reflect.DirectMethodHandleAccessor.invoke(DirectMethodHandleAccessor.java:103)
	at java.base/java.lang.reflect.Method.invoke(Method.java:580)
	at org.junit.platform.commons.util.ReflectionUtils.invokeMethod(ReflectionUtils.java:728)
	at org.junit.jupiter.engine.execution.MethodInvocation.proceed(MethodInvocation.java:60)
	at org.junit.jupiter.engine.execution.InvocationInterceptorChain$ValidatingInvocation.proceed(InvocationInterceptorChain.java:131)
	at org.junit.jupiter.engine.extension.TimeoutExtension.intercept(TimeoutExtension.java:156)
	at org.junit.jupiter.engine.extension.TimeoutExtension.interceptTestableMethod(TimeoutExtension.java:147)
	at org.junit.jupiter.engine.extension.TimeoutExtension.interceptTestMethod(TimeoutExtension.java:86)
	at org.junit.jupiter.engine.execution.InterceptingExecutableInvoker$ReflectiveInterceptorCall.lambda$ofVoidMethod$0(InterceptingExecutableInvoker.java:103)
	at org.junit.jupiter.engine.execution.InterceptingExecutableInvoker.lambda$invoke$0(InterceptingExecutableInvoker.java:93)
	at org.junit.jupiter.engine.execution.InvocationInterceptorChain$InterceptedInvocation.proceed(InvocationInterceptorChain.java:106)
	at org.junit.jupiter.engine.execution.InvocationInterceptorChain.proceed(InvocationInterceptorChain.java:64)
	at org.junit.jupiter.engine.execution.InvocationInterceptorChain.chainAndInvoke(InvocationInterceptorChain.java:45)
	at org.junit.jupiter.engine.execution.InvocationInterceptorChain.invoke(InvocationInterceptorChain.java:37)
	at org.junit.jupiter.engine.execution.InterceptingExecutableInvoker.invoke(InterceptingExecutableInvoker.java:92)
	at org.junit.jupiter.engine.execution.InterceptingExecutableInvoker.invoke(InterceptingExecutableInvoker.java:86)
	at org.junit.jupiter.engine.descriptor.TestMethodTestDescriptor.lambda$invokeTestMethod$7(TestMethodTestDescriptor.java:218)
	at org.junit.platform.engine.support.hierarchical.ThrowableCollector.execute(ThrowableCollector.java:73)
	at org.junit.jupiter.engine.descriptor.TestMethodTestDescriptor.invokeTestMethod(TestMethodTestDescriptor.java:214)
	at org.junit.jupiter.engine.descriptor.TestMethodTestDescriptor.execute(TestMethodTestDescriptor.java:139)
	at org.junit.jupiter.engine.descriptor.TestMethodTestDescriptor.execute(TestMethodTestDescriptor.java:69)
	at org.junit.platform.engine.support.hierarchical.NodeTestTask.lambda$executeRecursively$6(NodeTestTask.java:151)
	at org.junit.platform.engine.support.hierarchical.ThrowableCollector.execute(ThrowableCollector.java:73)
	at org.junit.platform.engine.support.hierarchical.NodeTestTask.lambda$executeRecursively$8(NodeTestTask.java:141)
	at org.junit.platform.engine.support.hierarchical.Node.around(Node.java:137)
	at org.junit.platform.engine.support.hierarchical.NodeTestTask.lambda$executeRecursively$9(NodeTestTask.java:139)
	at org.junit.platform.engine.support.hierarchical.ThrowableCollector.execute(ThrowableCollector.java:73)
	at org.junit.platform.engine.support.hierarchical.NodeTestTask.executeRecursively(NodeTestTask.java:138)
	at org.junit.platform.engine.support.hierarchical.NodeTestTask.execute(NodeTestTask.java:95)
	at java.base/java.util.ArrayList.forEach(ArrayList.java:1596)
	at org.junit.platform.engine.support.hierarchical.SameThreadHierarchicalTestExecutorService.invokeAll(SameThreadHierarchicalTestExecutorService.java:41)
	at org.junit.platform.engine.support.hierarchical.NodeTestTask.lambda$executeRecursively$6(NodeTestTask.java:155)
	at org.junit.platform.engine.support.hierarchical.ThrowableCollector.execute(ThrowableCollector.java:73)
	at org.junit.platform.engine.support.hierarchical.NodeTestTask.lambda$executeRecursively$8(NodeTestTask.java:141)
	at org.junit.platform.engine.support.hierarchical.Node.around(Node.java:137)
	at org.junit.platform.engine.support.hierarchical.NodeTestTask.lambda$executeRecursively$9(NodeTestTask.java:139)
	at org.junit.platform.engine.support.hierarchical.ThrowableCollector.execute(ThrowableCollector.java:73)
	at org.junit.platform.engine.support.hierarchical.NodeTestTask.executeRecursively(NodeTestTask.java:138)
	at org.junit.platform.engine.support.hierarchical.NodeTestTask.execute(NodeTestTask.java:95)
	at java.base/java.util.ArrayList.forEach(ArrayList.java:1596)
	at org.junit.platform.engine.support.hierarchical.SameThreadHierarchicalTestExecutorService.invokeAll(SameThreadHierarchicalTestExecutorService.java:41)
	at org.junit.platform.engine.support.hierarchical.NodeTestTask.lambda$executeRecursively$6(NodeTestTask.java:155)
	at org.junit.platform.engine.support.hierarchical.ThrowableCollector.execute(ThrowableCollector.java:73)
	at org.junit.platform.engine.support.hierarchical.NodeTestTask.lambda$executeRecursively$8(NodeTestTask.java:141)
	at org.junit.platform.engine.support.hierarchical.Node.around(Node.java:137)
	at org.junit.platform.engine.support.hierarchical.NodeTestTask.lambda$executeRecursively$9(NodeTestTask.java:139)
	at org.junit.platform.engine.support.hierarchical.ThrowableCollector.execute(ThrowableCollector.java:73)
	at org.junit.platform.engine.support.hierarchical.NodeTestTask.executeRecursively(NodeTestTask.java:138)
	at org.junit.platform.engine.support.hierarchical.NodeTestTask.execute(NodeTestTask.java:95)
	at org.junit.platform.engine.support.hierarchical.SameThreadHierarchicalTestExecutorService.submit(SameThreadHierarchicalTestExecutorService.java:35)
	at org.junit.platform.engine.support.hierarchical.HierarchicalTestExecutor.execute(HierarchicalTestExecutor.java:57)
	at org.junit.platform.engine.support.hierarchical.HierarchicalTestEngine.execute(HierarchicalTestEngine.java:54)
	at org.junit.platform.launcher.core.EngineExecutionOrchestrator.execute(EngineExecutionOrchestrator.java:198)
	at org.junit.platform.launcher.core.EngineExecutionOrchestrator.execute(EngineExecutionOrchestrator.java:169)
	at org.junit.platform.launcher.core.EngineExecutionOrchestrator.execute(EngineExecutionOrchestrator.java:93)
	at org.junit.platform.launcher.core.EngineExecutionOrchestrator.lambda$execute$0(EngineExecutionOrchestrator.java:58)
	at org.junit.platform.launcher.core.EngineExecutionOrchestrator.withInterceptedStreams(EngineExecutionOrchestrator.java:141)
	at org.junit.platform.launcher.core.EngineExecutionOrchestrator.execute(EngineExecutionOrchestrator.java:57)
	at org.junit.platform.launcher.core.DefaultLauncher.execute(DefaultLauncher.java:103)
	at org.junit.platform.launcher.core.DefaultLauncher.execute(DefaultLauncher.java:85)
	at org.junit.platform.launcher.core.DelegatingLauncher.execute(DelegatingLauncher.java:47)
	at org.junit.platform.launcher.core.SessionPerRequestLauncher.execute(SessionPerRequestLauncher.java:63)
	at com.intellij.junit5.JUnit5IdeaTestRunner.startRunnerWithArgs(JUnit5IdeaTestRunner.java:57)
	at com.intellij.rt.junit.IdeaTestRunner$Repeater$1.execute(IdeaTestRunner.java:38)
	at com.intellij.rt.execution.junit.TestsRepeater.repeat(TestsRepeater.java:11)
	at com.intellij.rt.junit.IdeaTestRunner$Repeater.startRunnerWithArgs(IdeaTestRunner.java:35)
	at com.intellij.rt.junit.JUnitStarter.prepareStreamsAndStart(JUnitStarter.java:232)
	at com.intellij.rt.junit.JUnitStarter.main(JUnitStarter.java:55)
2025-01-30 14:13:03 [main] INFO  lt.insoft.uztis.tests.UztisPageTest - Navigated to https://uztisdev.asseco.lt/home
2025-01-30 14:13:03 [main] INFO  l.i.uztis.tests.InvitationsPageTest - Starting test:'testCreateNewPvkInvitation'
2025-01-30 14:13:03 [main] DEBUG l.i.uztis.tests.InvitationsPageTest - User logged in with test credentials
2025-01-30 14:13:03 [main] DEBUG l.i.uztis.tests.InvitationsPageTest - Opened 'Application Processing' menu.
2025-01-30 14:13:04 [main] DEBUG l.i.uztis.tests.InvitationsPageTest - Clicked on 'Application Forms' menu.
2025-01-30 14:13:04 [main] DEBUG l.i.uztis.tests.InvitationsPageTest - Navigating to application forms menu.
2025-01-30 14:13:04 [main] DEBUG l.i.uztis.tests.InvitationsPageTest - Retrieved last description code text: 'TST-PVK-13'.
2025-01-30 14:13:04 [main] DEBUG l.i.uztis.tests.InvitationsPageTest - Clicked on 'Invitation' menu.
2025-01-30 14:13:04 [main] DEBUG l.i.uztis.tests.InvitationsPageTest - Clicked 'Create New Application Form'.
2025-01-30 14:13:05 [main] DEBUG l.i.uztis.tests.InvitationsPageTest - Selected section by code: 'TST-PVK-13'.
2025-01-30 14:13:05 [main] INFO  l.insoft.uztis.pages.InvitationsPage - Located the dropdown button.
2025-01-30 14:13:16 [main] ERROR l.insoft.uztis.pages.InvitationsPage - Timeout while waiting for dropdown to close with aria-expanded = 'false'.
2025-01-30 14:13:16 [main] DEBUG l.i.uztis.tests.InvitationsPageTest - Selected invitation number from the list.
2025-01-30 14:13:16 [main] DEBUG l.i.uztis.tests.InvitationsPageTest - Entered current date.
2025-01-30 14:13:17 [main] DEBUG l.i.uztis.tests.InvitationsPageTest - Entered start time: 00:00.
2025-01-30 14:13:17 [main] DEBUG l.i.uztis.tests.InvitationsPageTest - Entered end date.
2025-01-30 14:13:17 [main] DEBUG l.i.uztis.tests.InvitationsPageTest - Entered end time: 11:11.
2025-01-30 14:13:18 [main] DEBUG l.i.uztis.tests.InvitationsPageTest - Entered publication end date.
2025-01-30 14:13:18 [main] DEBUG l.i.uztis.tests.InvitationsPageTest - Added additional values.
2025-01-30 14:13:18 [main] INFO  l.insoft.uztis.pages.InvitationsPage - Located the dropdown button.
2025-01-30 14:13:19 [main] DEBUG l.i.uztis.tests.InvitationsPageTest - Selected the value: 'Didžiausia galima paramos suma aplinkos darbo vietai, Eur'
2025-01-30 14:13:19 [main] INFO  l.insoft.uztis.pages.InvitationsPage - Located the dropdown button.
2025-01-30 14:13:20 [main] DEBUG l.i.uztis.tests.InvitationsPageTest - Selected the value: 'Didžiausia galima paramos suma, Eur'
2025-01-30 14:13:20 [main] INFO  l.insoft.uztis.pages.InvitationsPage - Located the dropdown button.
2025-01-30 14:13:20 [main] DEBUG l.i.uztis.tests.InvitationsPageTest - Selected the value: 'Didžiausia galima paramos suma vienai darbo vietai, Eur'
2025-01-30 14:13:21 [main] DEBUG l.i.uztis.tests.InvitationsPageTest - Entered value: 11000
2025-01-30 14:13:21 [main] DEBUG l.i.uztis.tests.InvitationsPageTest - Entered value: 12000
2025-01-30 14:13:21 [main] DEBUG l.i.uztis.tests.InvitationsPageTest - Entered value: 13000
2025-01-30 14:13:21 [main] DEBUG l.i.uztis.tests.InvitationsPageTest - Checked 'Legal Entities' checkbox.
2025-01-30 14:13:21 [main] DEBUG l.i.uztis.tests.InvitationsPageTest - Unchecked 'Persons Registered with Employment Service' checkbox.
2025-01-30 14:13:21 [main] DEBUG l.i.uztis.tests.InvitationsPageTest - Checked 'Persons Registered as Employers' checkbox.
2025-01-30 14:13:21 [main] DEBUG l.i.uztis.tests.InvitationsPageTest - Entered second evaluation grade: '5'.
2025-01-30 14:13:21 [main] DEBUG l.i.uztis.tests.InvitationsPageTest - Entered third evaluation grade: '6'.
2025-01-30 14:13:22 [main] DEBUG l.i.uztis.tests.InvitationsPageTest - Entered second evaluation grade weight: '0,45'.
2025-01-30 14:13:22 [main] DEBUG l.i.uztis.tests.InvitationsPageTest - Entered third evaluation grade weight: '0,55'.
2025-01-30 14:13:22 [main] DEBUG l.i.uztis.tests.InvitationsPageTest - Entered budget: '2000'.
2025-01-30 14:13:22 [main] DEBUG l.i.uztis.tests.InvitationsPageTest - Entered budget: '2000'.
2025-01-30 14:13:22 [main] DEBUG l.i.uztis.tests.InvitationsPageTest - Entered budget: '2000'.
2025-01-30 14:13:22 [main] DEBUG l.i.uztis.tests.InvitationsPageTest - Entered budget: '2000'.
2025-01-30 14:13:22 [main] DEBUG l.i.uztis.tests.InvitationsPageTest - Entered budget: '2000'.
2025-01-30 14:13:22 [main] DEBUG l.i.uztis.tests.InvitationsPageTest - Entered description text: 'Aprašo tekstas'.
2025-01-30 14:13:22 [main] DEBUG l.i.uztis.tests.InvitationsPageTest - Entered applicants text: 'Pareiškėjų tekstas'.
2025-01-30 14:13:23 [main] DEBUG l.i.uztis.tests.InvitationsPageTest - Entered expenditures text: 'Išlaidų tekstas'.
2025-01-30 14:13:23 [main] DEBUG l.i.uztis.tests.InvitationsPageTest - Entered legislation text: 'Teisės aktų tekstas'.
2025-01-30 14:13:23 [main] DEBUG l.i.uztis.tests.InvitationsPageTest - Entered education text: 'Mokymų tekstas'.
2025-01-30 14:13:23 [main] DEBUG l.i.uztis.tests.InvitationsPageTest - File uploaded.
2025-01-30 14:13:23 [main] DEBUG l.i.uztis.tests.InvitationsPageTest - Clicked 'Publish'.
2025-01-30 14:13:23 [main] DEBUG l.i.uztis.tests.InvitationsPageTest - Publication confirmed.
2025-01-30 14:13:24 [main] DEBUG l.i.uztis.tests.InvitationsPageTest - Verified success message: 'Funkcija sėkmingai atlikta.'
2025-01-30 14:13:24 [main] INFO  l.i.uztis.tests.InvitationsPageTest - Test 'testCreateNewPvkInvitation' completed successfully.
2025-01-30 14:20:22 [main] INFO  lt.insoft.uztis.tests.UztisPageTest - Navigated to https://uztisdev.asseco.lt/home
2025-01-30 14:20:22 [main] INFO  l.i.uztis.tests.InvitationsPageTest - Starting test:'testCreateNewPvkInvitation'
2025-01-30 14:20:22 [main] DEBUG l.i.uztis.tests.InvitationsPageTest - User logged in with test credentials
2025-01-30 14:20:23 [main] DEBUG l.i.uztis.tests.InvitationsPageTest - Opened 'Application Processing' menu.
2025-01-30 14:20:23 [main] DEBUG l.i.uztis.tests.InvitationsPageTest - Clicked on 'Application Forms' menu.
2025-01-30 14:20:23 [main] DEBUG l.i.uztis.tests.InvitationsPageTest - Navigating to application forms menu.
2025-01-30 14:20:23 [main] DEBUG l.i.uztis.tests.InvitationsPageTest - Retrieved last description code text: 'TST-PVK-13'.
2025-01-30 14:20:23 [main] DEBUG l.i.uztis.tests.InvitationsPageTest - Clicked on 'Invitation' menu.
2025-01-30 14:20:23 [main] DEBUG l.i.uztis.tests.InvitationsPageTest - Clicked 'Create New Application Form'.
2025-01-30 14:20:24 [main] DEBUG l.i.uztis.tests.InvitationsPageTest - Selected section by code: 'TST-PVK-13'.
2025-01-30 14:20:24 [main] INFO  l.insoft.uztis.pages.InvitationsPage - Located the dropdown button.
2025-01-30 14:20:35 [main] ERROR l.insoft.uztis.pages.InvitationsPage - Timeout while waiting for dropdown to close with aria-expanded = 'false'.
2025-01-30 14:20:35 [main] DEBUG l.i.uztis.tests.InvitationsPageTest - Selected invitation number from the list.
2025-01-30 14:20:35 [main] ERROR l.i.uztis.tests.InvitationsPageTest - Test 'testCreateNewPvkInvitation' failed with error: no such window: target window already closed
from unknown error: web view not found
  (Session info: chrome=132.0.6834.111)
Build info: version: '4.27.0', revision: 'd6e718d134'
System info: os.name: 'Windows 11', os.arch: 'amd64', os.version: '10.0', java.version: '21.0.3'
Driver info: org.openqa.selenium.chrome.ChromeDriver
Command: [47fe1c2fc2d93144bfe65a48b8a4a823, findElement {value=//input[contains(@class, 'mat-datepicker-input')], using=xpath}]
Capabilities {acceptInsecureCerts: false, browserName: chrome, browserVersion: 132.0.6834.111, chrome: {chromedriverVersion: 132.0.6834.159 (2d77d3fc445..., userDataDir: C:\Users\INGRID~1.ZAD\AppDa...}, fedcm:accounts: true, goog:chromeOptions: {debuggerAddress: localhost:51787}, networkConnectionEnabled: false, pageLoadStrategy: normal, platformName: windows, proxy: Proxy(), se:cdp: ws://localhost:51787/devtoo..., se:cdpVersion: 132.0.6834.111, setWindowRect: true, strictFileInteractability: false, timeouts: {implicit: 0, pageLoad: 300000, script: 30000}, unhandledPromptBehavior: dismiss and notify, webauthn:extension:credBlob: true, webauthn:extension:largeBlob: true, webauthn:extension:minPinLength: true, webauthn:extension:prf: true, webauthn:virtualAuthenticators: true}
Session ID: 47fe1c2fc2d93144bfe65a48b8a4a823
org.openqa.selenium.NoSuchWindowException: no such window: target window already closed
from unknown error: web view not found
  (Session info: chrome=132.0.6834.111)
Build info: version: '4.27.0', revision: 'd6e718d134'
System info: os.name: 'Windows 11', os.arch: 'amd64', os.version: '10.0', java.version: '21.0.3'
Driver info: org.openqa.selenium.chrome.ChromeDriver
Command: [47fe1c2fc2d93144bfe65a48b8a4a823, findElement {value=//input[contains(@class, 'mat-datepicker-input')], using=xpath}]
Capabilities {acceptInsecureCerts: false, browserName: chrome, browserVersion: 132.0.6834.111, chrome: {chromedriverVersion: 132.0.6834.159 (2d77d3fc445..., userDataDir: C:\Users\INGRID~1.ZAD\AppDa...}, fedcm:accounts: true, goog:chromeOptions: {debuggerAddress: localhost:51787}, networkConnectionEnabled: false, pageLoadStrategy: normal, platformName: windows, proxy: Proxy(), se:cdp: ws://localhost:51787/devtoo..., se:cdpVersion: 132.0.6834.111, setWindowRect: true, strictFileInteractability: false, timeouts: {implicit: 0, pageLoad: 300000, script: 30000}, unhandledPromptBehavior: dismiss and notify, webauthn:extension:credBlob: true, webauthn:extension:largeBlob: true, webauthn:extension:minPinLength: true, webauthn:extension:prf: true, webauthn:virtualAuthenticators: true}
Session ID: 47fe1c2fc2d93144bfe65a48b8a4a823
	at java.base/jdk.internal.reflect.DirectConstructorHandleAccessor.newInstance(DirectConstructorHandleAccessor.java:62)
	at java.base/java.lang.reflect.Constructor.newInstanceWithCaller(Constructor.java:502)
	at java.base/java.lang.reflect.Constructor.newInstance(Constructor.java:486)
	at org.openqa.selenium.remote.ErrorCodec.decode(ErrorCodec.java:167)
	at org.openqa.selenium.remote.codec.w3c.W3CHttpResponseCodec.decode(W3CHttpResponseCodec.java:138)
	at org.openqa.selenium.remote.codec.w3c.W3CHttpResponseCodec.decode(W3CHttpResponseCodec.java:50)
	at org.openqa.selenium.remote.HttpCommandExecutor.execute(HttpCommandExecutor.java:190)
	at org.openqa.selenium.remote.service.DriverCommandExecutor.invokeExecute(DriverCommandExecutor.java:216)
	at org.openqa.selenium.remote.service.DriverCommandExecutor.execute(DriverCommandExecutor.java:174)
	at org.openqa.selenium.remote.RemoteWebDriver.execute(RemoteWebDriver.java:545)
	at org.openqa.selenium.remote.ElementLocation$ElementFinder$2.findElement(ElementLocation.java:165)
	at org.openqa.selenium.remote.ElementLocation.findElement(ElementLocation.java:59)
	at org.openqa.selenium.remote.RemoteWebDriver.findElement(RemoteWebDriver.java:368)
	at org.openqa.selenium.remote.RemoteWebDriver.findElement(RemoteWebDriver.java:362)
	at org.openqa.selenium.support.pagefactory.DefaultElementLocator.findElement(DefaultElementLocator.java:68)
	at org.openqa.selenium.support.pagefactory.internal.LocatingElementHandler.invoke(LocatingElementHandler.java:38)
	at jdk.proxy2/jdk.proxy2.$Proxy14.isDisplayed(Unknown Source)
	at lt.insoft.uztis.pages.InvitationsPage.enterCurrentDate(InvitationsPage.java:280)
	at lt.insoft.uztis.tests.InvitationsPageTest.testCreateNewPvkInvitation(InvitationsPageTest.java:611)
	at java.base/jdk.internal.reflect.DirectMethodHandleAccessor.invoke(DirectMethodHandleAccessor.java:103)
	at java.base/java.lang.reflect.Method.invoke(Method.java:580)
	at org.junit.platform.commons.util.ReflectionUtils.invokeMethod(ReflectionUtils.java:728)
	at org.junit.jupiter.engine.execution.MethodInvocation.proceed(MethodInvocation.java:60)
	at org.junit.jupiter.engine.execution.InvocationInterceptorChain$ValidatingInvocation.proceed(InvocationInterceptorChain.java:131)
	at org.junit.jupiter.engine.extension.TimeoutExtension.intercept(TimeoutExtension.java:156)
	at org.junit.jupiter.engine.extension.TimeoutExtension.interceptTestableMethod(TimeoutExtension.java:147)
	at org.junit.jupiter.engine.extension.TimeoutExtension.interceptTestMethod(TimeoutExtension.java:86)
	at org.junit.jupiter.engine.execution.InterceptingExecutableInvoker$ReflectiveInterceptorCall.lambda$ofVoidMethod$0(InterceptingExecutableInvoker.java:103)
	at org.junit.jupiter.engine.execution.InterceptingExecutableInvoker.lambda$invoke$0(InterceptingExecutableInvoker.java:93)
	at org.junit.jupiter.engine.execution.InvocationInterceptorChain$InterceptedInvocation.proceed(InvocationInterceptorChain.java:106)
	at org.junit.jupiter.engine.execution.InvocationInterceptorChain.proceed(InvocationInterceptorChain.java:64)
	at org.junit.jupiter.engine.execution.InvocationInterceptorChain.chainAndInvoke(InvocationInterceptorChain.java:45)
	at org.junit.jupiter.engine.execution.InvocationInterceptorChain.invoke(InvocationInterceptorChain.java:37)
	at org.junit.jupiter.engine.execution.InterceptingExecutableInvoker.invoke(InterceptingExecutableInvoker.java:92)
	at org.junit.jupiter.engine.execution.InterceptingExecutableInvoker.invoke(InterceptingExecutableInvoker.java:86)
	at org.junit.jupiter.engine.descriptor.TestMethodTestDescriptor.lambda$invokeTestMethod$7(TestMethodTestDescriptor.java:218)
	at org.junit.platform.engine.support.hierarchical.ThrowableCollector.execute(ThrowableCollector.java:73)
	at org.junit.jupiter.engine.descriptor.TestMethodTestDescriptor.invokeTestMethod(TestMethodTestDescriptor.java:214)
	at org.junit.jupiter.engine.descriptor.TestMethodTestDescriptor.execute(TestMethodTestDescriptor.java:139)
	at org.junit.jupiter.engine.descriptor.TestMethodTestDescriptor.execute(TestMethodTestDescriptor.java:69)
	at org.junit.platform.engine.support.hierarchical.NodeTestTask.lambda$executeRecursively$6(NodeTestTask.java:151)
	at org.junit.platform.engine.support.hierarchical.ThrowableCollector.execute(ThrowableCollector.java:73)
	at org.junit.platform.engine.support.hierarchical.NodeTestTask.lambda$executeRecursively$8(NodeTestTask.java:141)
	at org.junit.platform.engine.support.hierarchical.Node.around(Node.java:137)
	at org.junit.platform.engine.support.hierarchical.NodeTestTask.lambda$executeRecursively$9(NodeTestTask.java:139)
	at org.junit.platform.engine.support.hierarchical.ThrowableCollector.execute(ThrowableCollector.java:73)
	at org.junit.platform.engine.support.hierarchical.NodeTestTask.executeRecursively(NodeTestTask.java:138)
	at org.junit.platform.engine.support.hierarchical.NodeTestTask.execute(NodeTestTask.java:95)
	at java.base/java.util.ArrayList.forEach(ArrayList.java:1596)
	at org.junit.platform.engine.support.hierarchical.SameThreadHierarchicalTestExecutorService.invokeAll(SameThreadHierarchicalTestExecutorService.java:41)
	at org.junit.platform.engine.support.hierarchical.NodeTestTask.lambda$executeRecursively$6(NodeTestTask.java:155)
	at org.junit.platform.engine.support.hierarchical.ThrowableCollector.execute(ThrowableCollector.java:73)
	at org.junit.platform.engine.support.hierarchical.NodeTestTask.lambda$executeRecursively$8(NodeTestTask.java:141)
	at org.junit.platform.engine.support.hierarchical.Node.around(Node.java:137)
	at org.junit.platform.engine.support.hierarchical.NodeTestTask.lambda$executeRecursively$9(NodeTestTask.java:139)
	at org.junit.platform.engine.support.hierarchical.ThrowableCollector.execute(ThrowableCollector.java:73)
	at org.junit.platform.engine.support.hierarchical.NodeTestTask.executeRecursively(NodeTestTask.java:138)
	at org.junit.platform.engine.support.hierarchical.NodeTestTask.execute(NodeTestTask.java:95)
	at java.base/java.util.ArrayList.forEach(ArrayList.java:1596)
	at org.junit.platform.engine.support.hierarchical.SameThreadHierarchicalTestExecutorService.invokeAll(SameThreadHierarchicalTestExecutorService.java:41)
	at org.junit.platform.engine.support.hierarchical.NodeTestTask.lambda$executeRecursively$6(NodeTestTask.java:155)
	at org.junit.platform.engine.support.hierarchical.ThrowableCollector.execute(ThrowableCollector.java:73)
	at org.junit.platform.engine.support.hierarchical.NodeTestTask.lambda$executeRecursively$8(NodeTestTask.java:141)
	at org.junit.platform.engine.support.hierarchical.Node.around(Node.java:137)
	at org.junit.platform.engine.support.hierarchical.NodeTestTask.lambda$executeRecursively$9(NodeTestTask.java:139)
	at org.junit.platform.engine.support.hierarchical.ThrowableCollector.execute(ThrowableCollector.java:73)
	at org.junit.platform.engine.support.hierarchical.NodeTestTask.executeRecursively(NodeTestTask.java:138)
	at org.junit.platform.engine.support.hierarchical.NodeTestTask.execute(NodeTestTask.java:95)
	at org.junit.platform.engine.support.hierarchical.SameThreadHierarchicalTestExecutorService.submit(SameThreadHierarchicalTestExecutorService.java:35)
	at org.junit.platform.engine.support.hierarchical.HierarchicalTestExecutor.execute(HierarchicalTestExecutor.java:57)
	at org.junit.platform.engine.support.hierarchical.HierarchicalTestEngine.execute(HierarchicalTestEngine.java:54)
	at org.junit.platform.launcher.core.EngineExecutionOrchestrator.execute(EngineExecutionOrchestrator.java:198)
	at org.junit.platform.launcher.core.EngineExecutionOrchestrator.execute(EngineExecutionOrchestrator.java:169)
	at org.junit.platform.launcher.core.EngineExecutionOrchestrator.execute(EngineExecutionOrchestrator.java:93)
	at org.junit.platform.launcher.core.EngineExecutionOrchestrator.lambda$execute$0(EngineExecutionOrchestrator.java:58)
	at org.junit.platform.launcher.core.EngineExecutionOrchestrator.withInterceptedStreams(EngineExecutionOrchestrator.java:141)
	at org.junit.platform.launcher.core.EngineExecutionOrchestrator.execute(EngineExecutionOrchestrator.java:57)
	at org.junit.platform.launcher.core.DefaultLauncher.execute(DefaultLauncher.java:103)
	at org.junit.platform.launcher.core.DefaultLauncher.execute(DefaultLauncher.java:85)
	at org.junit.platform.launcher.core.DelegatingLauncher.execute(DelegatingLauncher.java:47)
	at org.junit.platform.launcher.core.SessionPerRequestLauncher.execute(SessionPerRequestLauncher.java:63)
	at com.intellij.junit5.JUnit5IdeaTestRunner.startRunnerWithArgs(JUnit5IdeaTestRunner.java:57)
	at com.intellij.rt.junit.IdeaTestRunner$Repeater$1.execute(IdeaTestRunner.java:38)
	at com.intellij.rt.execution.junit.TestsRepeater.repeat(TestsRepeater.java:11)
	at com.intellij.rt.junit.IdeaTestRunner$Repeater.startRunnerWithArgs(IdeaTestRunner.java:35)
	at com.intellij.rt.junit.JUnitStarter.prepareStreamsAndStart(JUnitStarter.java:232)
	at com.intellij.rt.junit.JUnitStarter.main(JUnitStarter.java:55)
2025-01-30 14:20:43 [main] INFO  lt.insoft.uztis.tests.UztisPageTest - Navigated to https://uztisdev.asseco.lt/home
2025-01-30 14:20:43 [main] INFO  l.i.u.t.SubmittedApplicationsPageTest - Starting test:'testFillNewApplication'
2025-01-30 14:20:44 [main] DEBUG l.i.u.t.SubmittedApplicationsPageTest - User logged in with test credentials
2025-01-30 14:20:44 [main] DEBUG l.i.u.t.SubmittedApplicationsPageTest - Opened 'Application Processing' menu.
2025-01-30 14:20:44 [main] DEBUG l.i.u.t.SubmittedApplicationsPageTest - Clicked on 'Application Forms' menu.
2025-01-30 14:20:45 [main] DEBUG l.i.u.t.SubmittedApplicationsPageTest - Retrieved last description code text: 'TST-PVK-13'.
2025-01-30 14:20:45 [main] DEBUG l.i.u.t.SubmittedApplicationsPageTest - Clicked on 'Invitation' menu.
2025-01-30 14:20:46 [main] DEBUG l.i.u.t.SubmittedApplicationsPageTest - Selected application section by code: 'TST-PVK-13'.
2025-01-30 14:20:46 [main] DEBUG l.i.u.t.SubmittedApplicationsPageTest - Clicked 'Search' button.
2025-01-30 14:20:46 [main] DEBUG l.i.u.t.SubmittedApplicationsPageTest - Retrieved invitation code: ''.
2025-01-30 14:20:46 [main] DEBUG l.i.u.t.SubmittedApplicationsPageTest - Clicked on 'Submitted Applications' menu.
2025-01-30 14:20:47 [main] DEBUG l.i.u.t.SubmittedApplicationsPageTest - Selected invitation by code: 'TST-PVK-13'.
2025-01-30 14:20:47 [main] DEBUG l.i.u.t.SubmittedApplicationsPageTest - Clicked on 'Action Application' button.
2025-01-30 14:20:47 [main] DEBUG l.i.u.t.SubmittedApplicationsPageTest - Clicked on 'New Application' button.
2025-01-30 14:20:48 [main] DEBUG l.i.u.t.SubmittedApplicationsPageTest - Clicked on 'RadioButtonFA' button.
2025-01-30 14:20:48 [main] DEBUG l.i.u.t.SubmittedApplicationsPageTest - Entered phone number into the input field.
2025-01-30 14:20:48 [main] DEBUG l.i.u.t.SubmittedApplicationsPageTest - Entered eMail into the input field.
2025-01-30 14:20:48 [main] INFO  l.i.u.p.SubmittedApplicationsPage - Located the dropdown button.
2025-01-30 14:21:04 [main] ERROR l.i.u.p.SubmittedApplicationsPage - Error selecting value from the list: invalid session id: session deleted as the browser has closed the connection
from disconnected: unable to send message to renderer
  (Session info: chrome=132.0.6834.111)
Build info: version: '4.27.0', revision: 'd6e718d134'
System info: os.name: 'Windows 11', os.arch: 'amd64', os.version: '10.0', java.version: '21.0.3'
Driver info: org.openqa.selenium.chrome.ChromeDriver
Command: [956278f654a0094612cf133c5395598b, findElement {value=//mat-label[contains(text(), 'Projekto teikėjo planuojama vykdyti veikla, kuriai prašoma subsidija, kodas pagal EVRK')], using=xpath}]
Capabilities {acceptInsecureCerts: false, browserName: chrome, browserVersion: 132.0.6834.111, chrome: {chromedriverVersion: 132.0.6834.159 (2d77d3fc445..., userDataDir: C:\Users\INGRID~1.ZAD\AppDa...}, fedcm:accounts: true, goog:chromeOptions: {debuggerAddress: localhost:51821}, networkConnectionEnabled: false, pageLoadStrategy: normal, platformName: windows, proxy: Proxy(), se:cdp: ws://localhost:51821/devtoo..., se:cdpVersion: 132.0.6834.111, setWindowRect: true, strictFileInteractability: false, timeouts: {implicit: 0, pageLoad: 300000, script: 30000}, unhandledPromptBehavior: dismiss and notify, webauthn:extension:credBlob: true, webauthn:extension:largeBlob: true, webauthn:extension:minPinLength: true, webauthn:extension:prf: true, webauthn:virtualAuthenticators: true}
Session ID: 956278f654a0094612cf133c5395598b
2025-01-30 14:21:04 [main] ERROR l.i.u.t.SubmittedApplicationsPageTest - Test 'testFillNewApplication' failed with error: Failed to select from the list
java.lang.RuntimeException: Failed to select from the list
	at lt.insoft.uztis.pages.SubmittedApplicationsPage.selectValueByListEVRK(SubmittedApplicationsPage.java:266)
	at lt.insoft.uztis.tests.SubmittedApplicationsPageTest.testFillNewApplication(SubmittedApplicationsPageTest.java:156)
	at java.base/jdk.internal.reflect.DirectMethodHandleAccessor.invoke(DirectMethodHandleAccessor.java:103)
	at java.base/java.lang.reflect.Method.invoke(Method.java:580)
	at org.junit.platform.commons.util.ReflectionUtils.invokeMethod(ReflectionUtils.java:728)
	at org.junit.jupiter.engine.execution.MethodInvocation.proceed(MethodInvocation.java:60)
	at org.junit.jupiter.engine.execution.InvocationInterceptorChain$ValidatingInvocation.proceed(InvocationInterceptorChain.java:131)
	at org.junit.jupiter.engine.extension.TimeoutExtension.intercept(TimeoutExtension.java:156)
	at org.junit.jupiter.engine.extension.TimeoutExtension.interceptTestableMethod(TimeoutExtension.java:147)
	at org.junit.jupiter.engine.extension.TimeoutExtension.interceptTestMethod(TimeoutExtension.java:86)
	at org.junit.jupiter.engine.execution.InterceptingExecutableInvoker$ReflectiveInterceptorCall.lambda$ofVoidMethod$0(InterceptingExecutableInvoker.java:103)
	at org.junit.jupiter.engine.execution.InterceptingExecutableInvoker.lambda$invoke$0(InterceptingExecutableInvoker.java:93)
	at org.junit.jupiter.engine.execution.InvocationInterceptorChain$InterceptedInvocation.proceed(InvocationInterceptorChain.java:106)
	at org.junit.jupiter.engine.execution.InvocationInterceptorChain.proceed(InvocationInterceptorChain.java:64)
	at org.junit.jupiter.engine.execution.InvocationInterceptorChain.chainAndInvoke(InvocationInterceptorChain.java:45)
	at org.junit.jupiter.engine.execution.InvocationInterceptorChain.invoke(InvocationInterceptorChain.java:37)
	at org.junit.jupiter.engine.execution.InterceptingExecutableInvoker.invoke(InterceptingExecutableInvoker.java:92)
	at org.junit.jupiter.engine.execution.InterceptingExecutableInvoker.invoke(InterceptingExecutableInvoker.java:86)
	at org.junit.jupiter.engine.descriptor.TestMethodTestDescriptor.lambda$invokeTestMethod$7(TestMethodTestDescriptor.java:218)
	at org.junit.platform.engine.support.hierarchical.ThrowableCollector.execute(ThrowableCollector.java:73)
	at org.junit.jupiter.engine.descriptor.TestMethodTestDescriptor.invokeTestMethod(TestMethodTestDescriptor.java:214)
	at org.junit.jupiter.engine.descriptor.TestMethodTestDescriptor.execute(TestMethodTestDescriptor.java:139)
	at org.junit.jupiter.engine.descriptor.TestMethodTestDescriptor.execute(TestMethodTestDescriptor.java:69)
	at org.junit.platform.engine.support.hierarchical.NodeTestTask.lambda$executeRecursively$6(NodeTestTask.java:151)
	at org.junit.platform.engine.support.hierarchical.ThrowableCollector.execute(ThrowableCollector.java:73)
	at org.junit.platform.engine.support.hierarchical.NodeTestTask.lambda$executeRecursively$8(NodeTestTask.java:141)
	at org.junit.platform.engine.support.hierarchical.Node.around(Node.java:137)
	at org.junit.platform.engine.support.hierarchical.NodeTestTask.lambda$executeRecursively$9(NodeTestTask.java:139)
	at org.junit.platform.engine.support.hierarchical.ThrowableCollector.execute(ThrowableCollector.java:73)
	at org.junit.platform.engine.support.hierarchical.NodeTestTask.executeRecursively(NodeTestTask.java:138)
	at org.junit.platform.engine.support.hierarchical.NodeTestTask.execute(NodeTestTask.java:95)
	at java.base/java.util.ArrayList.forEach(ArrayList.java:1596)
	at org.junit.platform.engine.support.hierarchical.SameThreadHierarchicalTestExecutorService.invokeAll(SameThreadHierarchicalTestExecutorService.java:41)
	at org.junit.platform.engine.support.hierarchical.NodeTestTask.lambda$executeRecursively$6(NodeTestTask.java:155)
	at org.junit.platform.engine.support.hierarchical.ThrowableCollector.execute(ThrowableCollector.java:73)
	at org.junit.platform.engine.support.hierarchical.NodeTestTask.lambda$executeRecursively$8(NodeTestTask.java:141)
	at org.junit.platform.engine.support.hierarchical.Node.around(Node.java:137)
	at org.junit.platform.engine.support.hierarchical.NodeTestTask.lambda$executeRecursively$9(NodeTestTask.java:139)
	at org.junit.platform.engine.support.hierarchical.ThrowableCollector.execute(ThrowableCollector.java:73)
	at org.junit.platform.engine.support.hierarchical.NodeTestTask.executeRecursively(NodeTestTask.java:138)
	at org.junit.platform.engine.support.hierarchical.NodeTestTask.execute(NodeTestTask.java:95)
	at java.base/java.util.ArrayList.forEach(ArrayList.java:1596)
	at org.junit.platform.engine.support.hierarchical.SameThreadHierarchicalTestExecutorService.invokeAll(SameThreadHierarchicalTestExecutorService.java:41)
	at org.junit.platform.engine.support.hierarchical.NodeTestTask.lambda$executeRecursively$6(NodeTestTask.java:155)
	at org.junit.platform.engine.support.hierarchical.ThrowableCollector.execute(ThrowableCollector.java:73)
	at org.junit.platform.engine.support.hierarchical.NodeTestTask.lambda$executeRecursively$8(NodeTestTask.java:141)
	at org.junit.platform.engine.support.hierarchical.Node.around(Node.java:137)
	at org.junit.platform.engine.support.hierarchical.NodeTestTask.lambda$executeRecursively$9(NodeTestTask.java:139)
	at org.junit.platform.engine.support.hierarchical.ThrowableCollector.execute(ThrowableCollector.java:73)
	at org.junit.platform.engine.support.hierarchical.NodeTestTask.executeRecursively(NodeTestTask.java:138)
	at org.junit.platform.engine.support.hierarchical.NodeTestTask.execute(NodeTestTask.java:95)
	at org.junit.platform.engine.support.hierarchical.SameThreadHierarchicalTestExecutorService.submit(SameThreadHierarchicalTestExecutorService.java:35)
	at org.junit.platform.engine.support.hierarchical.HierarchicalTestExecutor.execute(HierarchicalTestExecutor.java:57)
	at org.junit.platform.engine.support.hierarchical.HierarchicalTestEngine.execute(HierarchicalTestEngine.java:54)
	at org.junit.platform.launcher.core.EngineExecutionOrchestrator.execute(EngineExecutionOrchestrator.java:198)
	at org.junit.platform.launcher.core.EngineExecutionOrchestrator.execute(EngineExecutionOrchestrator.java:169)
	at org.junit.platform.launcher.core.EngineExecutionOrchestrator.execute(EngineExecutionOrchestrator.java:93)
	at org.junit.platform.launcher.core.EngineExecutionOrchestrator.lambda$execute$0(EngineExecutionOrchestrator.java:58)
	at org.junit.platform.launcher.core.EngineExecutionOrchestrator.withInterceptedStreams(EngineExecutionOrchestrator.java:141)
	at org.junit.platform.launcher.core.EngineExecutionOrchestrator.execute(EngineExecutionOrchestrator.java:57)
	at org.junit.platform.launcher.core.DefaultLauncher.execute(DefaultLauncher.java:103)
	at org.junit.platform.launcher.core.DefaultLauncher.execute(DefaultLauncher.java:85)
	at org.junit.platform.launcher.core.DelegatingLauncher.execute(DelegatingLauncher.java:47)
	at org.junit.platform.launcher.core.SessionPerRequestLauncher.execute(SessionPerRequestLauncher.java:63)
	at com.intellij.junit5.JUnit5IdeaTestRunner.startRunnerWithArgs(JUnit5IdeaTestRunner.java:57)
	at com.intellij.rt.junit.IdeaTestRunner$Repeater$1.execute(IdeaTestRunner.java:38)
	at com.intellij.rt.execution.junit.TestsRepeater.repeat(TestsRepeater.java:11)
	at com.intellij.rt.junit.IdeaTestRunner$Repeater.startRunnerWithArgs(IdeaTestRunner.java:35)
	at com.intellij.rt.junit.JUnitStarter.prepareStreamsAndStart(JUnitStarter.java:232)
	at com.intellij.rt.junit.JUnitStarter.main(JUnitStarter.java:55)
Caused by: org.openqa.selenium.NoSuchSessionException: invalid session id: session deleted as the browser has closed the connection
from disconnected: unable to send message to renderer
  (Session info: chrome=132.0.6834.111)
Build info: version: '4.27.0', revision: 'd6e718d134'
System info: os.name: 'Windows 11', os.arch: 'amd64', os.version: '10.0', java.version: '21.0.3'
Driver info: org.openqa.selenium.chrome.ChromeDriver
Command: [956278f654a0094612cf133c5395598b, findElement {value=//mat-label[contains(text(), 'Projekto teikėjo planuojama vykdyti veikla, kuriai prašoma subsidija, kodas pagal EVRK')], using=xpath}]
Capabilities {acceptInsecureCerts: false, browserName: chrome, browserVersion: 132.0.6834.111, chrome: {chromedriverVersion: 132.0.6834.159 (2d77d3fc445..., userDataDir: C:\Users\INGRID~1.ZAD\AppDa...}, fedcm:accounts: true, goog:chromeOptions: {debuggerAddress: localhost:51821}, networkConnectionEnabled: false, pageLoadStrategy: normal, platformName: windows, proxy: Proxy(), se:cdp: ws://localhost:51821/devtoo..., se:cdpVersion: 132.0.6834.111, setWindowRect: true, strictFileInteractability: false, timeouts: {implicit: 0, pageLoad: 300000, script: 30000}, unhandledPromptBehavior: dismiss and notify, webauthn:extension:credBlob: true, webauthn:extension:largeBlob: true, webauthn:extension:minPinLength: true, webauthn:extension:prf: true, webauthn:virtualAuthenticators: true}
Session ID: 956278f654a0094612cf133c5395598b
	at java.base/jdk.internal.reflect.DirectConstructorHandleAccessor.newInstance(DirectConstructorHandleAccessor.java:62)
	at java.base/java.lang.reflect.Constructor.newInstanceWithCaller(Constructor.java:502)
	at java.base/java.lang.reflect.Constructor.newInstance(Constructor.java:486)
	at org.openqa.selenium.remote.ErrorCodec.decode(ErrorCodec.java:167)
	at org.openqa.selenium.remote.codec.w3c.W3CHttpResponseCodec.decode(W3CHttpResponseCodec.java:138)
	at org.openqa.selenium.remote.codec.w3c.W3CHttpResponseCodec.decode(W3CHttpResponseCodec.java:50)
	at org.openqa.selenium.remote.HttpCommandExecutor.execute(HttpCommandExecutor.java:190)
	at org.openqa.selenium.remote.service.DriverCommandExecutor.invokeExecute(DriverCommandExecutor.java:216)
	at org.openqa.selenium.remote.service.DriverCommandExecutor.execute(DriverCommandExecutor.java:174)
	at org.openqa.selenium.remote.RemoteWebDriver.execute(RemoteWebDriver.java:545)
	at org.openqa.selenium.remote.ElementLocation$ElementFinder$2.findElement(ElementLocation.java:165)
	at org.openqa.selenium.remote.ElementLocation.findElement(ElementLocation.java:59)
	at org.openqa.selenium.remote.RemoteWebDriver.findElement(RemoteWebDriver.java:368)
	at org.openqa.selenium.remote.RemoteWebDriver.findElement(RemoteWebDriver.java:362)
	at org.openqa.selenium.support.pagefactory.DefaultElementLocator.findElement(DefaultElementLocator.java:68)
	at org.openqa.selenium.support.pagefactory.internal.LocatingElementHandler.invoke(LocatingElementHandler.java:38)
	at jdk.proxy2/jdk.proxy2.$Proxy14.toString(Unknown Source)
	at java.base/java.lang.String.valueOf(String.java:4465)
	at org.openqa.selenium.support.ui.ExpectedConditions$23.toString(ExpectedConditions.java:669)
	at java.base/java.lang.String.valueOf(String.java:4465)
	at org.openqa.selenium.support.ui.FluentWait.until(FluentWait.java:225)
	at lt.insoft.uztis.pages.SubmittedApplicationsPage.selectValueByListEVRK(SubmittedApplicationsPage.java:219)
	... 69 common frames omitted
2025-01-30 14:21:28 [main] INFO  lt.insoft.uztis.tests.UztisPageTest - Navigated to https://uztisdev.asseco.lt/home
2025-01-30 14:21:28 [main] INFO  l.i.u.t.SubmittedApplicationsPageTest - Starting test:'testFillNewApplication'
2025-01-30 14:21:29 [main] DEBUG l.i.u.t.SubmittedApplicationsPageTest - User logged in with test credentials
2025-01-30 14:21:29 [main] DEBUG l.i.u.t.SubmittedApplicationsPageTest - Opened 'Application Processing' menu.
2025-01-30 14:21:29 [main] DEBUG l.i.u.t.SubmittedApplicationsPageTest - Clicked on 'Application Forms' menu.
2025-01-30 14:21:30 [main] DEBUG l.i.u.t.SubmittedApplicationsPageTest - Retrieved last description code text: 'TST-VUI-27'.
2025-01-30 14:21:31 [main] DEBUG l.i.u.t.SubmittedApplicationsPageTest - Clicked on 'Invitation' menu.
2025-01-30 14:21:31 [main] DEBUG l.i.u.t.SubmittedApplicationsPageTest - Selected application section by code: 'TST-VUI-27'.
2025-01-30 14:21:31 [main] DEBUG l.i.u.t.SubmittedApplicationsPageTest - Clicked 'Search' button.
2025-01-30 14:21:31 [main] DEBUG l.i.u.t.SubmittedApplicationsPageTest - Retrieved invitation code: ''.
2025-01-30 14:21:32 [main] DEBUG l.i.u.t.SubmittedApplicationsPageTest - Clicked on 'Submitted Applications' menu.
2025-01-30 14:21:32 [main] DEBUG l.i.u.t.SubmittedApplicationsPageTest - Selected invitation by code: 'TST-VUI-27'.
2025-01-30 14:21:33 [main] DEBUG l.i.u.t.SubmittedApplicationsPageTest - Clicked on 'Action Application' button.
2025-01-30 14:21:33 [main] DEBUG l.i.u.t.SubmittedApplicationsPageTest - Clicked on 'New Application' button.
2025-01-30 14:21:33 [main] DEBUG l.i.u.t.SubmittedApplicationsPageTest - Clicked on 'RadioButtonFA' button.
2025-01-30 14:21:34 [main] DEBUG l.i.u.t.SubmittedApplicationsPageTest - Entered phone number into the input field.
2025-01-30 14:21:34 [main] DEBUG l.i.u.t.SubmittedApplicationsPageTest - Entered eMail into the input field.
2025-01-30 14:21:34 [main] INFO  l.i.u.p.SubmittedApplicationsPage - Located the dropdown button.
2025-01-30 14:21:54 [main] INFO  l.i.u.p.SubmittedApplicationsPage - Found 1741 options in the dropdown.
2025-01-30 14:21:54 [main] INFO  l.i.u.p.SubmittedApplicationsPage - Successfully selected the value: '01.11 - Grūdinių (išskyrus ryžius), ankštinių ir aliejingų sėklų augalų auginimas'
2025-01-30 14:22:05 [main] ERROR l.i.u.p.SubmittedApplicationsPage - Failed to close the dropdown with aria-expanded = 'false'. Attempting manual close.
2025-01-30 14:22:05 [main] INFO  l.i.u.p.SubmittedApplicationsPage - Manual close attempt for the dropdown using body click.
2025-01-30 14:22:05 [main] DEBUG l.i.u.t.SubmittedApplicationsPageTest - Entered Address into the input field.
2025-01-30 14:22:05 [main] DEBUG l.i.u.t.SubmittedApplicationsPageTest - Entered Address into the input field.
2025-01-30 14:22:06 [main] INFO  l.i.u.p.SubmittedApplicationsPage - Located the dropdown button.
2025-01-30 14:22:07 [main] ERROR l.i.u.t.SubmittedApplicationsPageTest - Test 'testFillNewApplication' failed with error: element click intercepted: Element <mat-label>...</mat-label> is not clickable at point (1051, 178). Other element would receive the click: ...<span class="mat-mdc-select-placeholder mat-mdc-select-min-line ng-tns-c1073613477-34 ng-star-inserted"></span>
  (Session info: chrome=132.0.6834.111)
Build info: version: '4.27.0', revision: 'd6e718d134'
System info: os.name: 'Windows 11', os.arch: 'amd64', os.version: '10.0', java.version: '21.0.3'
Driver info: org.openqa.selenium.chrome.ChromeDriver
Command: [1434f11d04653dac0ef4895737bfcc44, clickElement {id=f.74F60E19FEF8D757F41B78B7BF787ACB.d.8710EBC9EB8FC4D456559F2AE1131574.e.2075}]
Capabilities {acceptInsecureCerts: false, browserName: chrome, browserVersion: 132.0.6834.111, chrome: {chromedriverVersion: 132.0.6834.159 (2d77d3fc445..., userDataDir: C:\Users\INGRID~1.ZAD\AppDa...}, fedcm:accounts: true, goog:chromeOptions: {debuggerAddress: localhost:51863}, networkConnectionEnabled: false, pageLoadStrategy: normal, platformName: windows, proxy: Proxy(), se:cdp: ws://localhost:51863/devtoo..., se:cdpVersion: 132.0.6834.111, setWindowRect: true, strictFileInteractability: false, timeouts: {implicit: 0, pageLoad: 300000, script: 30000}, unhandledPromptBehavior: dismiss and notify, webauthn:extension:credBlob: true, webauthn:extension:largeBlob: true, webauthn:extension:minPinLength: true, webauthn:extension:prf: true, webauthn:virtualAuthenticators: true}
Element: [[ChromeDriver: chrome on windows (1434f11d04653dac0ef4895737bfcc44)] -> xpath: //mat-label[contains(text(), 'Darbo vietos pavadinimas')]]
Session ID: 1434f11d04653dac0ef4895737bfcc44
org.openqa.selenium.ElementClickInterceptedException: element click intercepted: Element <mat-label>...</mat-label> is not clickable at point (1051, 178). Other element would receive the click: ...<span class="mat-mdc-select-placeholder mat-mdc-select-min-line ng-tns-c1073613477-34 ng-star-inserted"></span>
  (Session info: chrome=132.0.6834.111)
Build info: version: '4.27.0', revision: 'd6e718d134'
System info: os.name: 'Windows 11', os.arch: 'amd64', os.version: '10.0', java.version: '21.0.3'
Driver info: org.openqa.selenium.chrome.ChromeDriver
Command: [1434f11d04653dac0ef4895737bfcc44, clickElement {id=f.74F60E19FEF8D757F41B78B7BF787ACB.d.8710EBC9EB8FC4D456559F2AE1131574.e.2075}]
Capabilities {acceptInsecureCerts: false, browserName: chrome, browserVersion: 132.0.6834.111, chrome: {chromedriverVersion: 132.0.6834.159 (2d77d3fc445..., userDataDir: C:\Users\INGRID~1.ZAD\AppDa...}, fedcm:accounts: true, goog:chromeOptions: {debuggerAddress: localhost:51863}, networkConnectionEnabled: false, pageLoadStrategy: normal, platformName: windows, proxy: Proxy(), se:cdp: ws://localhost:51863/devtoo..., se:cdpVersion: 132.0.6834.111, setWindowRect: true, strictFileInteractability: false, timeouts: {implicit: 0, pageLoad: 300000, script: 30000}, unhandledPromptBehavior: dismiss and notify, webauthn:extension:credBlob: true, webauthn:extension:largeBlob: true, webauthn:extension:minPinLength: true, webauthn:extension:prf: true, webauthn:virtualAuthenticators: true}
Element: [[ChromeDriver: chrome on windows (1434f11d04653dac0ef4895737bfcc44)] -> xpath: //mat-label[contains(text(), 'Darbo vietos pavadinimas')]]
Session ID: 1434f11d04653dac0ef4895737bfcc44
	at java.base/jdk.internal.reflect.DirectConstructorHandleAccessor.newInstance(DirectConstructorHandleAccessor.java:62)
	at java.base/java.lang.reflect.Constructor.newInstanceWithCaller(Constructor.java:502)
	at java.base/java.lang.reflect.Constructor.newInstance(Constructor.java:486)
	at org.openqa.selenium.remote.ErrorCodec.decode(ErrorCodec.java:167)
	at org.openqa.selenium.remote.codec.w3c.W3CHttpResponseCodec.decode(W3CHttpResponseCodec.java:138)
	at org.openqa.selenium.remote.codec.w3c.W3CHttpResponseCodec.decode(W3CHttpResponseCodec.java:50)
	at org.openqa.selenium.remote.HttpCommandExecutor.execute(HttpCommandExecutor.java:190)
	at org.openqa.selenium.remote.service.DriverCommandExecutor.invokeExecute(DriverCommandExecutor.java:216)
	at org.openqa.selenium.remote.service.DriverCommandExecutor.execute(DriverCommandExecutor.java:174)
	at org.openqa.selenium.remote.RemoteWebDriver.execute(RemoteWebDriver.java:545)
	at org.openqa.selenium.remote.RemoteWebElement.execute(RemoteWebElement.java:223)
	at org.openqa.selenium.remote.RemoteWebElement.click(RemoteWebElement.java:76)
	at java.base/jdk.internal.reflect.DirectMethodHandleAccessor.invoke(DirectMethodHandleAccessor.java:103)
	at java.base/java.lang.reflect.Method.invoke(Method.java:580)
	at org.openqa.selenium.support.pagefactory.internal.LocatingElementHandler.invoke(LocatingElementHandler.java:51)
	at jdk.proxy2/jdk.proxy2.$Proxy14.click(Unknown Source)
	at lt.insoft.uztis.pages.SubmittedApplicationsPage.selectDropdownJobName(SubmittedApplicationsPage.java:310)
	at lt.insoft.uztis.tests.SubmittedApplicationsPageTest.testFillNewApplication(SubmittedApplicationsPageTest.java:174)
	at java.base/jdk.internal.reflect.DirectMethodHandleAccessor.invoke(DirectMethodHandleAccessor.java:103)
	at java.base/java.lang.reflect.Method.invoke(Method.java:580)
	at org.junit.platform.commons.util.ReflectionUtils.invokeMethod(ReflectionUtils.java:728)
	at org.junit.jupiter.engine.execution.MethodInvocation.proceed(MethodInvocation.java:60)
	at org.junit.jupiter.engine.execution.InvocationInterceptorChain$ValidatingInvocation.proceed(InvocationInterceptorChain.java:131)
	at org.junit.jupiter.engine.extension.TimeoutExtension.intercept(TimeoutExtension.java:156)
	at org.junit.jupiter.engine.extension.TimeoutExtension.interceptTestableMethod(TimeoutExtension.java:147)
	at org.junit.jupiter.engine.extension.TimeoutExtension.interceptTestMethod(TimeoutExtension.java:86)
	at org.junit.jupiter.engine.execution.InterceptingExecutableInvoker$ReflectiveInterceptorCall.lambda$ofVoidMethod$0(InterceptingExecutableInvoker.java:103)
	at org.junit.jupiter.engine.execution.InterceptingExecutableInvoker.lambda$invoke$0(InterceptingExecutableInvoker.java:93)
	at org.junit.jupiter.engine.execution.InvocationInterceptorChain$InterceptedInvocation.proceed(InvocationInterceptorChain.java:106)
	at org.junit.jupiter.engine.execution.InvocationInterceptorChain.proceed(InvocationInterceptorChain.java:64)
	at org.junit.jupiter.engine.execution.InvocationInterceptorChain.chainAndInvoke(InvocationInterceptorChain.java:45)
	at org.junit.jupiter.engine.execution.InvocationInterceptorChain.invoke(InvocationInterceptorChain.java:37)
	at org.junit.jupiter.engine.execution.InterceptingExecutableInvoker.invoke(InterceptingExecutableInvoker.java:92)
	at org.junit.jupiter.engine.execution.InterceptingExecutableInvoker.invoke(InterceptingExecutableInvoker.java:86)
	at org.junit.jupiter.engine.descriptor.TestMethodTestDescriptor.lambda$invokeTestMethod$7(TestMethodTestDescriptor.java:218)
	at org.junit.platform.engine.support.hierarchical.ThrowableCollector.execute(ThrowableCollector.java:73)
	at org.junit.jupiter.engine.descriptor.TestMethodTestDescriptor.invokeTestMethod(TestMethodTestDescriptor.java:214)
	at org.junit.jupiter.engine.descriptor.TestMethodTestDescriptor.execute(TestMethodTestDescriptor.java:139)
	at org.junit.jupiter.engine.descriptor.TestMethodTestDescriptor.execute(TestMethodTestDescriptor.java:69)
	at org.junit.platform.engine.support.hierarchical.NodeTestTask.lambda$executeRecursively$6(NodeTestTask.java:151)
	at org.junit.platform.engine.support.hierarchical.ThrowableCollector.execute(ThrowableCollector.java:73)
	at org.junit.platform.engine.support.hierarchical.NodeTestTask.lambda$executeRecursively$8(NodeTestTask.java:141)
	at org.junit.platform.engine.support.hierarchical.Node.around(Node.java:137)
	at org.junit.platform.engine.support.hierarchical.NodeTestTask.lambda$executeRecursively$9(NodeTestTask.java:139)
	at org.junit.platform.engine.support.hierarchical.ThrowableCollector.execute(ThrowableCollector.java:73)
	at org.junit.platform.engine.support.hierarchical.NodeTestTask.executeRecursively(NodeTestTask.java:138)
	at org.junit.platform.engine.support.hierarchical.NodeTestTask.execute(NodeTestTask.java:95)
	at java.base/java.util.ArrayList.forEach(ArrayList.java:1596)
	at org.junit.platform.engine.support.hierarchical.SameThreadHierarchicalTestExecutorService.invokeAll(SameThreadHierarchicalTestExecutorService.java:41)
	at org.junit.platform.engine.support.hierarchical.NodeTestTask.lambda$executeRecursively$6(NodeTestTask.java:155)
	at org.junit.platform.engine.support.hierarchical.ThrowableCollector.execute(ThrowableCollector.java:73)
	at org.junit.platform.engine.support.hierarchical.NodeTestTask.lambda$executeRecursively$8(NodeTestTask.java:141)
	at org.junit.platform.engine.support.hierarchical.Node.around(Node.java:137)
	at org.junit.platform.engine.support.hierarchical.NodeTestTask.lambda$executeRecursively$9(NodeTestTask.java:139)
	at org.junit.platform.engine.support.hierarchical.ThrowableCollector.execute(ThrowableCollector.java:73)
	at org.junit.platform.engine.support.hierarchical.NodeTestTask.executeRecursively(NodeTestTask.java:138)
	at org.junit.platform.engine.support.hierarchical.NodeTestTask.execute(NodeTestTask.java:95)
	at java.base/java.util.ArrayList.forEach(ArrayList.java:1596)
	at org.junit.platform.engine.support.hierarchical.SameThreadHierarchicalTestExecutorService.invokeAll(SameThreadHierarchicalTestExecutorService.java:41)
	at org.junit.platform.engine.support.hierarchical.NodeTestTask.lambda$executeRecursively$6(NodeTestTask.java:155)
	at org.junit.platform.engine.support.hierarchical.ThrowableCollector.execute(ThrowableCollector.java:73)
	at org.junit.platform.engine.support.hierarchical.NodeTestTask.lambda$executeRecursively$8(NodeTestTask.java:141)
	at org.junit.platform.engine.support.hierarchical.Node.around(Node.java:137)
	at org.junit.platform.engine.support.hierarchical.NodeTestTask.lambda$executeRecursively$9(NodeTestTask.java:139)
	at org.junit.platform.engine.support.hierarchical.ThrowableCollector.execute(ThrowableCollector.java:73)
	at org.junit.platform.engine.support.hierarchical.NodeTestTask.executeRecursively(NodeTestTask.java:138)
	at org.junit.platform.engine.support.hierarchical.NodeTestTask.execute(NodeTestTask.java:95)
	at org.junit.platform.engine.support.hierarchical.SameThreadHierarchicalTestExecutorService.submit(SameThreadHierarchicalTestExecutorService.java:35)
	at org.junit.platform.engine.support.hierarchical.HierarchicalTestExecutor.execute(HierarchicalTestExecutor.java:57)
	at org.junit.platform.engine.support.hierarchical.HierarchicalTestEngine.execute(HierarchicalTestEngine.java:54)
	at org.junit.platform.launcher.core.EngineExecutionOrchestrator.execute(EngineExecutionOrchestrator.java:198)
	at org.junit.platform.launcher.core.EngineExecutionOrchestrator.execute(EngineExecutionOrchestrator.java:169)
	at org.junit.platform.launcher.core.EngineExecutionOrchestrator.execute(EngineExecutionOrchestrator.java:93)
	at org.junit.platform.launcher.core.EngineExecutionOrchestrator.lambda$execute$0(EngineExecutionOrchestrator.java:58)
	at org.junit.platform.launcher.core.EngineExecutionOrchestrator.withInterceptedStreams(EngineExecutionOrchestrator.java:141)
	at org.junit.platform.launcher.core.EngineExecutionOrchestrator.execute(EngineExecutionOrchestrator.java:57)
	at org.junit.platform.launcher.core.DefaultLauncher.execute(DefaultLauncher.java:103)
	at org.junit.platform.launcher.core.DefaultLauncher.execute(DefaultLauncher.java:85)
	at org.junit.platform.launcher.core.DelegatingLauncher.execute(DelegatingLauncher.java:47)
	at org.junit.platform.launcher.core.SessionPerRequestLauncher.execute(SessionPerRequestLauncher.java:63)
	at com.intellij.junit5.JUnit5IdeaTestRunner.startRunnerWithArgs(JUnit5IdeaTestRunner.java:57)
	at com.intellij.rt.junit.IdeaTestRunner$Repeater$1.execute(IdeaTestRunner.java:38)
	at com.intellij.rt.execution.junit.TestsRepeater.repeat(TestsRepeater.java:11)
	at com.intellij.rt.junit.IdeaTestRunner$Repeater.startRunnerWithArgs(IdeaTestRunner.java:35)
	at com.intellij.rt.junit.JUnitStarter.prepareStreamsAndStart(JUnitStarter.java:232)
	at com.intellij.rt.junit.JUnitStarter.main(JUnitStarter.java:55)
2025-01-30 14:22:07 [main] INFO  l.insoft.uztis.tests.utils.TestUtils - Screenshot moved to C:\Users\ingrida.zadorozniene\Desktop\Asm\UZTIS\UZTIS_tests\test-output\screenshots\20250130\142207455_testFillNewApplication().png
2025-01-30 14:22:34 [main] INFO  lt.insoft.uztis.tests.UztisPageTest - Navigated to https://uztisdev.asseco.lt/home
2025-01-30 14:22:34 [main] INFO  l.i.u.t.SubmittedApplicationsPageTest - Starting test:'testFillNewApplication'
2025-01-30 14:22:34 [main] DEBUG l.i.u.t.SubmittedApplicationsPageTest - User logged in with test credentials
2025-01-30 14:22:35 [main] DEBUG l.i.u.t.SubmittedApplicationsPageTest - Opened 'Application Processing' menu.
2025-01-30 14:22:35 [main] DEBUG l.i.u.t.SubmittedApplicationsPageTest - Clicked on 'Application Forms' menu.
2025-01-30 14:22:35 [main] DEBUG l.i.u.t.SubmittedApplicationsPageTest - Retrieved last description code text: 'TST-VUI-27'.
2025-01-30 14:22:36 [main] DEBUG l.i.u.t.SubmittedApplicationsPageTest - Clicked on 'Invitation' menu.
2025-01-30 14:22:36 [main] DEBUG l.i.u.t.SubmittedApplicationsPageTest - Selected application section by code: 'TST-VUI-27'.
2025-01-30 14:22:36 [main] DEBUG l.i.u.t.SubmittedApplicationsPageTest - Clicked 'Search' button.
2025-01-30 14:22:36 [main] DEBUG l.i.u.t.SubmittedApplicationsPageTest - Retrieved invitation code: ''.
2025-01-30 14:22:37 [main] DEBUG l.i.u.t.SubmittedApplicationsPageTest - Clicked on 'Submitted Applications' menu.
2025-01-30 14:22:38 [main] DEBUG l.i.u.t.SubmittedApplicationsPageTest - Selected invitation by code: 'TST-VUI-27'.
2025-01-30 14:22:38 [main] DEBUG l.i.u.t.SubmittedApplicationsPageTest - Clicked on 'Action Application' button.
2025-01-30 14:22:38 [main] DEBUG l.i.u.t.SubmittedApplicationsPageTest - Clicked on 'New Application' button.
2025-01-30 14:22:39 [main] DEBUG l.i.u.t.SubmittedApplicationsPageTest - Clicked on 'RadioButtonFA' button.
2025-01-30 14:22:39 [main] DEBUG l.i.u.t.SubmittedApplicationsPageTest - Entered phone number into the input field.
2025-01-30 14:22:39 [main] DEBUG l.i.u.t.SubmittedApplicationsPageTest - Entered eMail into the input field.
2025-01-30 14:22:39 [main] INFO  l.i.u.p.SubmittedApplicationsPage - Located the dropdown button.
2025-01-30 14:22:59 [main] INFO  l.i.u.p.SubmittedApplicationsPage - Found 1741 options in the dropdown.
2025-01-30 14:22:59 [main] INFO  l.i.u.p.SubmittedApplicationsPage - Successfully selected the value: '01.11 - Grūdinių (išskyrus ryžius), ankštinių ir aliejingų sėklų augalų auginimas'
2025-01-30 14:23:09 [main] ERROR l.i.u.p.SubmittedApplicationsPage - Failed to close the dropdown with aria-expanded = 'false'. Attempting manual close.
2025-01-30 14:23:09 [main] INFO  l.i.u.p.SubmittedApplicationsPage - Manual close attempt for the dropdown using body click.
2025-01-30 14:23:10 [main] DEBUG l.i.u.t.SubmittedApplicationsPageTest - Entered Address into the input field.
2025-01-30 14:23:10 [main] DEBUG l.i.u.t.SubmittedApplicationsPageTest - Entered Address into the input field.
2025-01-30 14:23:10 [main] INFO  l.i.u.p.SubmittedApplicationsPage - Located the dropdown button.
2025-01-30 14:23:12 [main] INFO  l.i.u.p.SubmittedApplicationsPage - Successfully selected the value: 'Administratoriai'
2025-01-30 14:23:32 [main] ERROR l.i.u.p.SubmittedApplicationsPage - Timeout while waiting for dropdown to close with aria-expanded = 'false'.
2025-01-30 14:23:32 [main] DEBUG l.i.u.t.SubmittedApplicationsPageTest - Selected the value: 'Administratoriai'
2025-01-30 14:23:32 [main] INFO  l.i.u.p.SubmittedApplicationsPage - Located the dropdown button.
2025-01-30 14:23:33 [main] INFO  l.i.u.p.SubmittedApplicationsPage - Successfully selected the value: 'Kita'
2025-01-30 14:23:43 [main] ERROR l.i.u.p.SubmittedApplicationsPage - Timeout while waiting for dropdown to close with aria-expanded = 'false'.
2025-01-30 14:23:43 [main] DEBUG l.i.u.t.SubmittedApplicationsPageTest - Selected the value: 'Kita'
2025-01-30 14:23:43 [main] DEBUG l.i.u.t.SubmittedApplicationsPageTest - Selected the value: '6 val. per dieną ir 4 d. per savaitę'
2025-01-30 14:23:44 [main] DEBUG l.i.u.t.SubmittedApplicationsPageTest - Entered Address into the input field.
2025-01-30 14:24:46 [main] ERROR l.i.u.t.SubmittedApplicationsPageTest - Test 'testFillNewApplication' failed with error: Expected condition failed: waiting for visibility of Proxy element for: DefaultElementLocator 'By.xpath: //mat-label[contains(text(), 'Darbo vieta steigiama sezoniniams darbams?')]//input[@type='radio' and @value='false']' (tried for 50 second(s) with 500 milliseconds interval)
org.openqa.selenium.TimeoutException: Expected condition failed: waiting for visibility of Proxy element for: DefaultElementLocator 'By.xpath: //mat-label[contains(text(), 'Darbo vieta steigiama sezoniniams darbams?')]//input[@type='radio' and @value='false']' (tried for 50 second(s) with 500 milliseconds interval)
	at org.openqa.selenium.support.ui.WebDriverWait.timeoutException(WebDriverWait.java:84)
	at org.openqa.selenium.support.ui.FluentWait.until(FluentWait.java:228)
	at lt.insoft.uztis.pages.SubmittedApplicationsPage.clickRadioButtonSeasonJob(SubmittedApplicationsPage.java:493)
	at lt.insoft.uztis.tests.SubmittedApplicationsPageTest.testFillNewApplication(SubmittedApplicationsPageTest.java:205)
	at java.base/jdk.internal.reflect.DirectMethodHandleAccessor.invoke(DirectMethodHandleAccessor.java:103)
	at java.base/java.lang.reflect.Method.invoke(Method.java:580)
	at org.junit.platform.commons.util.ReflectionUtils.invokeMethod(ReflectionUtils.java:728)
	at org.junit.jupiter.engine.execution.MethodInvocation.proceed(MethodInvocation.java:60)
	at org.junit.jupiter.engine.execution.InvocationInterceptorChain$ValidatingInvocation.proceed(InvocationInterceptorChain.java:131)
	at org.junit.jupiter.engine.extension.TimeoutExtension.intercept(TimeoutExtension.java:156)
	at org.junit.jupiter.engine.extension.TimeoutExtension.interceptTestableMethod(TimeoutExtension.java:147)
	at org.junit.jupiter.engine.extension.TimeoutExtension.interceptTestMethod(TimeoutExtension.java:86)
	at org.junit.jupiter.engine.execution.InterceptingExecutableInvoker$ReflectiveInterceptorCall.lambda$ofVoidMethod$0(InterceptingExecutableInvoker.java:103)
	at org.junit.jupiter.engine.execution.InterceptingExecutableInvoker.lambda$invoke$0(InterceptingExecutableInvoker.java:93)
	at org.junit.jupiter.engine.execution.InvocationInterceptorChain$InterceptedInvocation.proceed(InvocationInterceptorChain.java:106)
	at org.junit.jupiter.engine.execution.InvocationInterceptorChain.proceed(InvocationInterceptorChain.java:64)
	at org.junit.jupiter.engine.execution.InvocationInterceptorChain.chainAndInvoke(InvocationInterceptorChain.java:45)
	at org.junit.jupiter.engine.execution.InvocationInterceptorChain.invoke(InvocationInterceptorChain.java:37)
	at org.junit.jupiter.engine.execution.InterceptingExecutableInvoker.invoke(InterceptingExecutableInvoker.java:92)
	at org.junit.jupiter.engine.execution.InterceptingExecutableInvoker.invoke(InterceptingExecutableInvoker.java:86)
	at org.junit.jupiter.engine.descriptor.TestMethodTestDescriptor.lambda$invokeTestMethod$7(TestMethodTestDescriptor.java:218)
	at org.junit.platform.engine.support.hierarchical.ThrowableCollector.execute(ThrowableCollector.java:73)
	at org.junit.jupiter.engine.descriptor.TestMethodTestDescriptor.invokeTestMethod(TestMethodTestDescriptor.java:214)
	at org.junit.jupiter.engine.descriptor.TestMethodTestDescriptor.execute(TestMethodTestDescriptor.java:139)
	at org.junit.jupiter.engine.descriptor.TestMethodTestDescriptor.execute(TestMethodTestDescriptor.java:69)
	at org.junit.platform.engine.support.hierarchical.NodeTestTask.lambda$executeRecursively$6(NodeTestTask.java:151)
	at org.junit.platform.engine.support.hierarchical.ThrowableCollector.execute(ThrowableCollector.java:73)
	at org.junit.platform.engine.support.hierarchical.NodeTestTask.lambda$executeRecursively$8(NodeTestTask.java:141)
	at org.junit.platform.engine.support.hierarchical.Node.around(Node.java:137)
	at org.junit.platform.engine.support.hierarchical.NodeTestTask.lambda$executeRecursively$9(NodeTestTask.java:139)
	at org.junit.platform.engine.support.hierarchical.ThrowableCollector.execute(ThrowableCollector.java:73)
	at org.junit.platform.engine.support.hierarchical.NodeTestTask.executeRecursively(NodeTestTask.java:138)
	at org.junit.platform.engine.support.hierarchical.NodeTestTask.execute(NodeTestTask.java:95)
	at java.base/java.util.ArrayList.forEach(ArrayList.java:1596)
	at org.junit.platform.engine.support.hierarchical.SameThreadHierarchicalTestExecutorService.invokeAll(SameThreadHierarchicalTestExecutorService.java:41)
	at org.junit.platform.engine.support.hierarchical.NodeTestTask.lambda$executeRecursively$6(NodeTestTask.java:155)
	at org.junit.platform.engine.support.hierarchical.ThrowableCollector.execute(ThrowableCollector.java:73)
	at org.junit.platform.engine.support.hierarchical.NodeTestTask.lambda$executeRecursively$8(NodeTestTask.java:141)
	at org.junit.platform.engine.support.hierarchical.Node.around(Node.java:137)
	at org.junit.platform.engine.support.hierarchical.NodeTestTask.lambda$executeRecursively$9(NodeTestTask.java:139)
	at org.junit.platform.engine.support.hierarchical.ThrowableCollector.execute(ThrowableCollector.java:73)
	at org.junit.platform.engine.support.hierarchical.NodeTestTask.executeRecursively(NodeTestTask.java:138)
	at org.junit.platform.engine.support.hierarchical.NodeTestTask.execute(NodeTestTask.java:95)
	at java.base/java.util.ArrayList.forEach(ArrayList.java:1596)
	at org.junit.platform.engine.support.hierarchical.SameThreadHierarchicalTestExecutorService.invokeAll(SameThreadHierarchicalTestExecutorService.java:41)
	at org.junit.platform.engine.support.hierarchical.NodeTestTask.lambda$executeRecursively$6(NodeTestTask.java:155)
	at org.junit.platform.engine.support.hierarchical.ThrowableCollector.execute(ThrowableCollector.java:73)
	at org.junit.platform.engine.support.hierarchical.NodeTestTask.lambda$executeRecursively$8(NodeTestTask.java:141)
	at org.junit.platform.engine.support.hierarchical.Node.around(Node.java:137)
	at org.junit.platform.engine.support.hierarchical.NodeTestTask.lambda$executeRecursively$9(NodeTestTask.java:139)
	at org.junit.platform.engine.support.hierarchical.ThrowableCollector.execute(ThrowableCollector.java:73)
	at org.junit.platform.engine.support.hierarchical.NodeTestTask.executeRecursively(NodeTestTask.java:138)
	at org.junit.platform.engine.support.hierarchical.NodeTestTask.execute(NodeTestTask.java:95)
	at org.junit.platform.engine.support.hierarchical.SameThreadHierarchicalTestExecutorService.submit(SameThreadHierarchicalTestExecutorService.java:35)
	at org.junit.platform.engine.support.hierarchical.HierarchicalTestExecutor.execute(HierarchicalTestExecutor.java:57)
	at org.junit.platform.engine.support.hierarchical.HierarchicalTestEngine.execute(HierarchicalTestEngine.java:54)
	at org.junit.platform.launcher.core.EngineExecutionOrchestrator.execute(EngineExecutionOrchestrator.java:198)
	at org.junit.platform.launcher.core.EngineExecutionOrchestrator.execute(EngineExecutionOrchestrator.java:169)
	at org.junit.platform.launcher.core.EngineExecutionOrchestrator.execute(EngineExecutionOrchestrator.java:93)
	at org.junit.platform.launcher.core.EngineExecutionOrchestrator.lambda$execute$0(EngineExecutionOrchestrator.java:58)
	at org.junit.platform.launcher.core.EngineExecutionOrchestrator.withInterceptedStreams(EngineExecutionOrchestrator.java:141)
	at org.junit.platform.launcher.core.EngineExecutionOrchestrator.execute(EngineExecutionOrchestrator.java:57)
	at org.junit.platform.launcher.core.DefaultLauncher.execute(DefaultLauncher.java:103)
	at org.junit.platform.launcher.core.DefaultLauncher.execute(DefaultLauncher.java:85)
	at org.junit.platform.launcher.core.DelegatingLauncher.execute(DelegatingLauncher.java:47)
	at org.junit.platform.launcher.core.SessionPerRequestLauncher.execute(SessionPerRequestLauncher.java:63)
	at com.intellij.junit5.JUnit5IdeaTestRunner.startRunnerWithArgs(JUnit5IdeaTestRunner.java:57)
	at com.intellij.rt.junit.IdeaTestRunner$Repeater$1.execute(IdeaTestRunner.java:38)
	at com.intellij.rt.execution.junit.TestsRepeater.repeat(TestsRepeater.java:11)
	at com.intellij.rt.junit.IdeaTestRunner$Repeater.startRunnerWithArgs(IdeaTestRunner.java:35)
	at com.intellij.rt.junit.JUnitStarter.prepareStreamsAndStart(JUnitStarter.java:232)
	at com.intellij.rt.junit.JUnitStarter.main(JUnitStarter.java:55)
Caused by: org.openqa.selenium.NoSuchElementException: no such element: Unable to locate element: {"method":"xpath","selector":"//mat-label[contains(text(), 'Darbo vieta steigiama sezoniniams darbams?')]//input[@type='radio' and @value='false']"}
  (Session info: chrome=132.0.6834.111)
For documentation on this error, please visit: https://www.selenium.dev/documentation/webdriver/troubleshooting/errors#no-such-element-exception
Build info: version: '4.27.0', revision: 'd6e718d134'
System info: os.name: 'Windows 11', os.arch: 'amd64', os.version: '10.0', java.version: '21.0.3'
Driver info: org.openqa.selenium.chrome.ChromeDriver
Command: [6aa106476ac27bfd76420b05a808ef3c, findElement {value=//mat-label[contains(text(), 'Darbo vieta steigiama sezoniniams darbams?')]//input[@type='radio' and @value='false'], using=xpath}]
Capabilities {acceptInsecureCerts: false, browserName: chrome, browserVersion: 132.0.6834.111, chrome: {chromedriverVersion: 132.0.6834.159 (2d77d3fc445..., userDataDir: C:\Users\INGRID~1.ZAD\AppDa...}, fedcm:accounts: true, goog:chromeOptions: {debuggerAddress: localhost:51921}, networkConnectionEnabled: false, pageLoadStrategy: normal, platformName: windows, proxy: Proxy(), se:cdp: ws://localhost:51921/devtoo..., se:cdpVersion: 132.0.6834.111, setWindowRect: true, strictFileInteractability: false, timeouts: {implicit: 0, pageLoad: 300000, script: 30000}, unhandledPromptBehavior: dismiss and notify, webauthn:extension:credBlob: true, webauthn:extension:largeBlob: true, webauthn:extension:minPinLength: true, webauthn:extension:prf: true, webauthn:virtualAuthenticators: true}
Session ID: 6aa106476ac27bfd76420b05a808ef3c
	at java.base/jdk.internal.reflect.DirectConstructorHandleAccessor.newInstance(DirectConstructorHandleAccessor.java:62)
	at java.base/java.lang.reflect.Constructor.newInstanceWithCaller(Constructor.java:502)
	at java.base/java.lang.reflect.Constructor.newInstance(Constructor.java:486)
	at org.openqa.selenium.remote.ErrorCodec.decode(ErrorCodec.java:167)
	at org.openqa.selenium.remote.codec.w3c.W3CHttpResponseCodec.decode(W3CHttpResponseCodec.java:138)
	at org.openqa.selenium.remote.codec.w3c.W3CHttpResponseCodec.decode(W3CHttpResponseCodec.java:50)
	at org.openqa.selenium.remote.HttpCommandExecutor.execute(HttpCommandExecutor.java:190)
	at org.openqa.selenium.remote.service.DriverCommandExecutor.invokeExecute(DriverCommandExecutor.java:216)
	at org.openqa.selenium.remote.service.DriverCommandExecutor.execute(DriverCommandExecutor.java:174)
	at org.openqa.selenium.remote.RemoteWebDriver.execute(RemoteWebDriver.java:545)
	at org.openqa.selenium.remote.ElementLocation$ElementFinder$2.findElement(ElementLocation.java:165)
	at org.openqa.selenium.remote.ElementLocation.findElement(ElementLocation.java:59)
	at org.openqa.selenium.remote.RemoteWebDriver.findElement(RemoteWebDriver.java:368)
	at org.openqa.selenium.remote.RemoteWebDriver.findElement(RemoteWebDriver.java:362)
	at org.openqa.selenium.support.pagefactory.DefaultElementLocator.findElement(DefaultElementLocator.java:68)
	at org.openqa.selenium.support.pagefactory.internal.LocatingElementHandler.invoke(LocatingElementHandler.java:38)
	at jdk.proxy2/jdk.proxy2.$Proxy14.isDisplayed(Unknown Source)
	at org.openqa.selenium.support.ui.ExpectedConditions.elementIfVisible(ExpectedConditions.java:304)
	at org.openqa.selenium.support.ui.ExpectedConditions$10.apply(ExpectedConditions.java:290)
	at org.openqa.selenium.support.ui.ExpectedConditions$10.apply(ExpectedConditions.java:287)
	at org.openqa.selenium.support.ui.FluentWait.until(FluentWait.java:203)
	... 70 common frames omitted
2025-01-30 14:24:46 [main] INFO  l.insoft.uztis.tests.utils.TestUtils - Screenshot moved to C:\Users\ingrida.zadorozniene\Desktop\Asm\UZTIS\UZTIS_tests\test-output\screenshots\20250130\142446985_testFillNewApplication().png
2025-01-30 14:27:09 [main] INFO  lt.insoft.uztis.tests.UztisPageTest - Navigated to https://uztisdev.asseco.lt/home
2025-01-30 14:27:09 [main] INFO  l.i.u.t.SubmittedApplicationsPageTest - Starting test:'testFillNewApplication'
2025-01-30 14:27:10 [main] DEBUG l.i.u.t.SubmittedApplicationsPageTest - User logged in with test credentials
2025-01-30 14:27:10 [main] DEBUG l.i.u.t.SubmittedApplicationsPageTest - Opened 'Application Processing' menu.
2025-01-30 14:27:10 [main] DEBUG l.i.u.t.SubmittedApplicationsPageTest - Clicked on 'Application Forms' menu.
2025-01-30 14:27:11 [main] DEBUG l.i.u.t.SubmittedApplicationsPageTest - Retrieved last description code text: 'TST-VUI-27'.
2025-01-30 14:27:12 [main] DEBUG l.i.u.t.SubmittedApplicationsPageTest - Clicked on 'Invitation' menu.
2025-01-30 14:27:12 [main] DEBUG l.i.u.t.SubmittedApplicationsPageTest - Selected application section by code: 'TST-VUI-27'.
2025-01-30 14:27:12 [main] DEBUG l.i.u.t.SubmittedApplicationsPageTest - Clicked 'Search' button.
2025-01-30 14:27:13 [main] DEBUG l.i.u.t.SubmittedApplicationsPageTest - Retrieved invitation code: ''.
2025-01-30 14:27:13 [main] DEBUG l.i.u.t.SubmittedApplicationsPageTest - Clicked on 'Submitted Applications' menu.
2025-01-30 14:27:14 [main] DEBUG l.i.u.t.SubmittedApplicationsPageTest - Selected invitation by code: 'TST-VUI-27'.
2025-01-30 14:27:14 [main] DEBUG l.i.u.t.SubmittedApplicationsPageTest - Clicked on 'Action Application' button.
2025-01-30 14:27:14 [main] DEBUG l.i.u.t.SubmittedApplicationsPageTest - Clicked on 'New Application' button.
2025-01-30 14:27:15 [main] DEBUG l.i.u.t.SubmittedApplicationsPageTest - Clicked on 'RadioButtonFA' button.
2025-01-30 14:27:15 [main] DEBUG l.i.u.t.SubmittedApplicationsPageTest - Entered phone number into the input field.
2025-01-30 14:27:15 [main] DEBUG l.i.u.t.SubmittedApplicationsPageTest - Entered eMail into the input field.
2025-01-30 14:27:15 [main] INFO  l.i.u.p.SubmittedApplicationsPage - Located the dropdown button.
2025-01-30 14:27:35 [main] INFO  l.i.u.p.SubmittedApplicationsPage - Found 1741 options in the dropdown.
2025-01-30 14:27:35 [main] INFO  l.i.u.p.SubmittedApplicationsPage - Successfully selected the value: '01.11 - Grūdinių (išskyrus ryžius), ankštinių ir aliejingų sėklų augalų auginimas'
2025-01-30 14:27:46 [main] ERROR l.i.u.p.SubmittedApplicationsPage - Failed to close the dropdown with aria-expanded = 'false'. Attempting manual close.
2025-01-30 14:27:46 [main] INFO  l.i.u.p.SubmittedApplicationsPage - Manual close attempt for the dropdown using body click.
2025-01-30 14:27:46 [main] DEBUG l.i.u.t.SubmittedApplicationsPageTest - Entered Address into the input field.
2025-01-30 14:27:46 [main] DEBUG l.i.u.t.SubmittedApplicationsPageTest - Entered Address into the input field.
2025-01-30 14:27:47 [main] INFO  l.i.u.p.SubmittedApplicationsPage - Located the dropdown button.
2025-01-30 14:27:48 [main] INFO  l.i.u.p.SubmittedApplicationsPage - Successfully selected the value: 'Administratoriai'
2025-01-30 14:28:08 [main] ERROR l.i.u.p.SubmittedApplicationsPage - Timeout while waiting for dropdown to close with aria-expanded = 'false'.
2025-01-30 14:28:08 [main] DEBUG l.i.u.t.SubmittedApplicationsPageTest - Selected the value: 'Administratoriai'
2025-01-30 14:28:09 [main] INFO  l.i.u.p.SubmittedApplicationsPage - Located the dropdown button.
2025-01-30 14:28:09 [main] INFO  l.i.u.p.SubmittedApplicationsPage - Successfully selected the value: 'Kita'
2025-01-30 14:28:19 [main] ERROR l.i.u.p.SubmittedApplicationsPage - Timeout while waiting for dropdown to close with aria-expanded = 'false'.
2025-01-30 14:28:19 [main] DEBUG l.i.u.t.SubmittedApplicationsPageTest - Selected the value: 'Kita'
2025-01-30 14:28:20 [main] DEBUG l.i.u.t.SubmittedApplicationsPageTest - Selected the value: '6 val. per dieną ir 4 d. per savaitę'
2025-01-30 14:28:20 [main] DEBUG l.i.u.t.SubmittedApplicationsPageTest - Entered Address into the input field.
2025-01-30 14:29:11 [main] ERROR l.i.u.t.SubmittedApplicationsPageTest - Test 'testFillNewApplication' failed with error: Expected condition failed: waiting for visibility of [[ChromeDriver: chrome on windows (a0ee3e633bb25281d2f69ee9c1bd7aee)] -> xpath: (//input[@type='radio' and @value='false'])[3]] (tried for 50 second(s) with 500 milliseconds interval)
Build info: version: '4.27.0', revision: 'd6e718d134'
System info: os.name: 'Windows 11', os.arch: 'amd64', os.version: '10.0', java.version: '21.0.3'
Driver info: org.openqa.selenium.chrome.ChromeDriver
Capabilities {acceptInsecureCerts: false, browserName: chrome, browserVersion: 132.0.6834.111, chrome: {chromedriverVersion: 132.0.6834.159 (2d77d3fc445..., userDataDir: C:\Users\INGRID~1.ZAD\AppDa...}, fedcm:accounts: true, goog:chromeOptions: {debuggerAddress: localhost:52084}, networkConnectionEnabled: false, pageLoadStrategy: normal, platformName: windows, proxy: Proxy(), se:cdp: ws://localhost:52084/devtoo..., se:cdpVersion: 132.0.6834.111, setWindowRect: true, strictFileInteractability: false, timeouts: {implicit: 0, pageLoad: 300000, script: 30000}, unhandledPromptBehavior: dismiss and notify, webauthn:extension:credBlob: true, webauthn:extension:largeBlob: true, webauthn:extension:minPinLength: true, webauthn:extension:prf: true, webauthn:virtualAuthenticators: true}
Session ID: a0ee3e633bb25281d2f69ee9c1bd7aee
org.openqa.selenium.TimeoutException: Expected condition failed: waiting for visibility of [[ChromeDriver: chrome on windows (a0ee3e633bb25281d2f69ee9c1bd7aee)] -> xpath: (//input[@type='radio' and @value='false'])[3]] (tried for 50 second(s) with 500 milliseconds interval)
Build info: version: '4.27.0', revision: 'd6e718d134'
System info: os.name: 'Windows 11', os.arch: 'amd64', os.version: '10.0', java.version: '21.0.3'
Driver info: org.openqa.selenium.chrome.ChromeDriver
Capabilities {acceptInsecureCerts: false, browserName: chrome, browserVersion: 132.0.6834.111, chrome: {chromedriverVersion: 132.0.6834.159 (2d77d3fc445..., userDataDir: C:\Users\INGRID~1.ZAD\AppDa...}, fedcm:accounts: true, goog:chromeOptions: {debuggerAddress: localhost:52084}, networkConnectionEnabled: false, pageLoadStrategy: normal, platformName: windows, proxy: Proxy(), se:cdp: ws://localhost:52084/devtoo..., se:cdpVersion: 132.0.6834.111, setWindowRect: true, strictFileInteractability: false, timeouts: {implicit: 0, pageLoad: 300000, script: 30000}, unhandledPromptBehavior: dismiss and notify, webauthn:extension:credBlob: true, webauthn:extension:largeBlob: true, webauthn:extension:minPinLength: true, webauthn:extension:prf: true, webauthn:virtualAuthenticators: true}
Session ID: a0ee3e633bb25281d2f69ee9c1bd7aee
	at org.openqa.selenium.support.ui.WebDriverWait.timeoutException(WebDriverWait.java:84)
	at org.openqa.selenium.support.ui.FluentWait.until(FluentWait.java:228)
	at lt.insoft.uztis.pages.SubmittedApplicationsPage.clickRadioButtonSeasonJob(SubmittedApplicationsPage.java:493)
	at lt.insoft.uztis.tests.SubmittedApplicationsPageTest.testFillNewApplication(SubmittedApplicationsPageTest.java:205)
	at java.base/jdk.internal.reflect.DirectMethodHandleAccessor.invoke(DirectMethodHandleAccessor.java:103)
	at java.base/java.lang.reflect.Method.invoke(Method.java:580)
	at org.junit.platform.commons.util.ReflectionUtils.invokeMethod(ReflectionUtils.java:728)
	at org.junit.jupiter.engine.execution.MethodInvocation.proceed(MethodInvocation.java:60)
	at org.junit.jupiter.engine.execution.InvocationInterceptorChain$ValidatingInvocation.proceed(InvocationInterceptorChain.java:131)
	at org.junit.jupiter.engine.extension.TimeoutExtension.intercept(TimeoutExtension.java:156)
	at org.junit.jupiter.engine.extension.TimeoutExtension.interceptTestableMethod(TimeoutExtension.java:147)
	at org.junit.jupiter.engine.extension.TimeoutExtension.interceptTestMethod(TimeoutExtension.java:86)
	at org.junit.jupiter.engine.execution.InterceptingExecutableInvoker$ReflectiveInterceptorCall.lambda$ofVoidMethod$0(InterceptingExecutableInvoker.java:103)
	at org.junit.jupiter.engine.execution.InterceptingExecutableInvoker.lambda$invoke$0(InterceptingExecutableInvoker.java:93)
	at org.junit.jupiter.engine.execution.InvocationInterceptorChain$InterceptedInvocation.proceed(InvocationInterceptorChain.java:106)
	at org.junit.jupiter.engine.execution.InvocationInterceptorChain.proceed(InvocationInterceptorChain.java:64)
	at org.junit.jupiter.engine.execution.InvocationInterceptorChain.chainAndInvoke(InvocationInterceptorChain.java:45)
	at org.junit.jupiter.engine.execution.InvocationInterceptorChain.invoke(InvocationInterceptorChain.java:37)
	at org.junit.jupiter.engine.execution.InterceptingExecutableInvoker.invoke(InterceptingExecutableInvoker.java:92)
	at org.junit.jupiter.engine.execution.InterceptingExecutableInvoker.invoke(InterceptingExecutableInvoker.java:86)
	at org.junit.jupiter.engine.descriptor.TestMethodTestDescriptor.lambda$invokeTestMethod$7(TestMethodTestDescriptor.java:218)
	at org.junit.platform.engine.support.hierarchical.ThrowableCollector.execute(ThrowableCollector.java:73)
	at org.junit.jupiter.engine.descriptor.TestMethodTestDescriptor.invokeTestMethod(TestMethodTestDescriptor.java:214)
	at org.junit.jupiter.engine.descriptor.TestMethodTestDescriptor.execute(TestMethodTestDescriptor.java:139)
	at org.junit.jupiter.engine.descriptor.TestMethodTestDescriptor.execute(TestMethodTestDescriptor.java:69)
	at org.junit.platform.engine.support.hierarchical.NodeTestTask.lambda$executeRecursively$6(NodeTestTask.java:151)
	at org.junit.platform.engine.support.hierarchical.ThrowableCollector.execute(ThrowableCollector.java:73)
	at org.junit.platform.engine.support.hierarchical.NodeTestTask.lambda$executeRecursively$8(NodeTestTask.java:141)
	at org.junit.platform.engine.support.hierarchical.Node.around(Node.java:137)
	at org.junit.platform.engine.support.hierarchical.NodeTestTask.lambda$executeRecursively$9(NodeTestTask.java:139)
	at org.junit.platform.engine.support.hierarchical.ThrowableCollector.execute(ThrowableCollector.java:73)
	at org.junit.platform.engine.support.hierarchical.NodeTestTask.executeRecursively(NodeTestTask.java:138)
	at org.junit.platform.engine.support.hierarchical.NodeTestTask.execute(NodeTestTask.java:95)
	at java.base/java.util.ArrayList.forEach(ArrayList.java:1596)
	at org.junit.platform.engine.support.hierarchical.SameThreadHierarchicalTestExecutorService.invokeAll(SameThreadHierarchicalTestExecutorService.java:41)
	at org.junit.platform.engine.support.hierarchical.NodeTestTask.lambda$executeRecursively$6(NodeTestTask.java:155)
	at org.junit.platform.engine.support.hierarchical.ThrowableCollector.execute(ThrowableCollector.java:73)
	at org.junit.platform.engine.support.hierarchical.NodeTestTask.lambda$executeRecursively$8(NodeTestTask.java:141)
	at org.junit.platform.engine.support.hierarchical.Node.around(Node.java:137)
	at org.junit.platform.engine.support.hierarchical.NodeTestTask.lambda$executeRecursively$9(NodeTestTask.java:139)
	at org.junit.platform.engine.support.hierarchical.ThrowableCollector.execute(ThrowableCollector.java:73)
	at org.junit.platform.engine.support.hierarchical.NodeTestTask.executeRecursively(NodeTestTask.java:138)
	at org.junit.platform.engine.support.hierarchical.NodeTestTask.execute(NodeTestTask.java:95)
	at java.base/java.util.ArrayList.forEach(ArrayList.java:1596)
	at org.junit.platform.engine.support.hierarchical.SameThreadHierarchicalTestExecutorService.invokeAll(SameThreadHierarchicalTestExecutorService.java:41)
	at org.junit.platform.engine.support.hierarchical.NodeTestTask.lambda$executeRecursively$6(NodeTestTask.java:155)
	at org.junit.platform.engine.support.hierarchical.ThrowableCollector.execute(ThrowableCollector.java:73)
	at org.junit.platform.engine.support.hierarchical.NodeTestTask.lambda$executeRecursively$8(NodeTestTask.java:141)
	at org.junit.platform.engine.support.hierarchical.Node.around(Node.java:137)
	at org.junit.platform.engine.support.hierarchical.NodeTestTask.lambda$executeRecursively$9(NodeTestTask.java:139)
	at org.junit.platform.engine.support.hierarchical.ThrowableCollector.execute(ThrowableCollector.java:73)
	at org.junit.platform.engine.support.hierarchical.NodeTestTask.executeRecursively(NodeTestTask.java:138)
	at org.junit.platform.engine.support.hierarchical.NodeTestTask.execute(NodeTestTask.java:95)
	at org.junit.platform.engine.support.hierarchical.SameThreadHierarchicalTestExecutorService.submit(SameThreadHierarchicalTestExecutorService.java:35)
	at org.junit.platform.engine.support.hierarchical.HierarchicalTestExecutor.execute(HierarchicalTestExecutor.java:57)
	at org.junit.platform.engine.support.hierarchical.HierarchicalTestEngine.execute(HierarchicalTestEngine.java:54)
	at org.junit.platform.launcher.core.EngineExecutionOrchestrator.execute(EngineExecutionOrchestrator.java:198)
	at org.junit.platform.launcher.core.EngineExecutionOrchestrator.execute(EngineExecutionOrchestrator.java:169)
	at org.junit.platform.launcher.core.EngineExecutionOrchestrator.execute(EngineExecutionOrchestrator.java:93)
	at org.junit.platform.launcher.core.EngineExecutionOrchestrator.lambda$execute$0(EngineExecutionOrchestrator.java:58)
	at org.junit.platform.launcher.core.EngineExecutionOrchestrator.withInterceptedStreams(EngineExecutionOrchestrator.java:141)
	at org.junit.platform.launcher.core.EngineExecutionOrchestrator.execute(EngineExecutionOrchestrator.java:57)
	at org.junit.platform.launcher.core.DefaultLauncher.execute(DefaultLauncher.java:103)
	at org.junit.platform.launcher.core.DefaultLauncher.execute(DefaultLauncher.java:85)
	at org.junit.platform.launcher.core.DelegatingLauncher.execute(DelegatingLauncher.java:47)
	at org.junit.platform.launcher.core.SessionPerRequestLauncher.execute(SessionPerRequestLauncher.java:63)
	at com.intellij.junit5.JUnit5IdeaTestRunner.startRunnerWithArgs(JUnit5IdeaTestRunner.java:57)
	at com.intellij.rt.junit.IdeaTestRunner$Repeater$1.execute(IdeaTestRunner.java:38)
	at com.intellij.rt.execution.junit.TestsRepeater.repeat(TestsRepeater.java:11)
	at com.intellij.rt.junit.IdeaTestRunner$Repeater.startRunnerWithArgs(IdeaTestRunner.java:35)
	at com.intellij.rt.junit.JUnitStarter.prepareStreamsAndStart(JUnitStarter.java:232)
	at com.intellij.rt.junit.JUnitStarter.main(JUnitStarter.java:55)
2025-01-30 14:29:11 [main] INFO  l.insoft.uztis.tests.utils.TestUtils - Screenshot moved to C:\Users\ingrida.zadorozniene\Desktop\Asm\UZTIS\UZTIS_tests\test-output\screenshots\20250130\142911228_testFillNewApplication().png
2025-01-30 14:34:00 [main] INFO  lt.insoft.uztis.tests.UztisPageTest - Navigated to https://uztisdev.asseco.lt/home
2025-01-30 14:34:00 [main] INFO  l.i.u.t.SubmittedApplicationsPageTest - Starting test:'testFillNewApplication'
2025-01-30 14:34:00 [main] DEBUG l.i.u.t.SubmittedApplicationsPageTest - User logged in with test credentials
2025-01-30 14:34:00 [main] DEBUG l.i.u.t.SubmittedApplicationsPageTest - Opened 'Application Processing' menu.
2025-01-30 14:34:01 [main] DEBUG l.i.u.t.SubmittedApplicationsPageTest - Clicked on 'Application Forms' menu.
2025-01-30 14:34:01 [main] DEBUG l.i.u.t.SubmittedApplicationsPageTest - Retrieved last description code text: 'TST-VUI-27'.
2025-01-30 14:34:01 [main] DEBUG l.i.u.t.SubmittedApplicationsPageTest - Clicked on 'Invitation' menu.
2025-01-30 14:34:02 [main] DEBUG l.i.u.t.SubmittedApplicationsPageTest - Selected application section by code: 'TST-VUI-27'.
2025-01-30 14:34:02 [main] DEBUG l.i.u.t.SubmittedApplicationsPageTest - Clicked 'Search' button.
2025-01-30 14:34:02 [main] DEBUG l.i.u.t.SubmittedApplicationsPageTest - Retrieved invitation code: ''.
2025-01-30 14:34:02 [main] DEBUG l.i.u.t.SubmittedApplicationsPageTest - Clicked on 'Submitted Applications' menu.
2025-01-30 14:34:03 [main] DEBUG l.i.u.t.SubmittedApplicationsPageTest - Selected invitation by code: 'TST-VUI-27'.
2025-01-30 14:34:03 [main] DEBUG l.i.u.t.SubmittedApplicationsPageTest - Clicked on 'Action Application' button.
2025-01-30 14:34:03 [main] DEBUG l.i.u.t.SubmittedApplicationsPageTest - Clicked on 'New Application' button.
2025-01-30 14:34:04 [main] DEBUG l.i.u.t.SubmittedApplicationsPageTest - Clicked on 'RadioButtonFA' button.
2025-01-30 14:34:04 [main] DEBUG l.i.u.t.SubmittedApplicationsPageTest - Entered phone number into the input field.
2025-01-30 14:34:04 [main] DEBUG l.i.u.t.SubmittedApplicationsPageTest - Entered eMail into the input field.
2025-01-30 14:34:04 [main] INFO  l.i.u.p.SubmittedApplicationsPage - Located the dropdown button.
2025-01-30 14:34:25 [main] INFO  l.i.u.p.SubmittedApplicationsPage - Found 1741 options in the dropdown.
2025-01-30 14:34:25 [main] INFO  l.i.u.p.SubmittedApplicationsPage - Successfully selected the value: '01.11 - Grūdinių (išskyrus ryžius), ankštinių ir aliejingų sėklų augalų auginimas'
2025-01-30 14:34:36 [main] ERROR l.i.u.p.SubmittedApplicationsPage - Failed to close the dropdown with aria-expanded = 'false'. Attempting manual close.
2025-01-30 14:34:36 [main] INFO  l.i.u.p.SubmittedApplicationsPage - Manual close attempt for the dropdown using body click.
2025-01-30 14:34:36 [main] DEBUG l.i.u.t.SubmittedApplicationsPageTest - Entered Address into the input field.
2025-01-30 14:34:36 [main] DEBUG l.i.u.t.SubmittedApplicationsPageTest - Entered Address into the input field.
2025-01-30 14:34:37 [main] INFO  l.i.u.p.SubmittedApplicationsPage - Located the dropdown button.
2025-01-30 14:34:38 [main] INFO  l.i.u.p.SubmittedApplicationsPage - Successfully selected the value: 'Administratoriai'
2025-01-30 14:34:58 [main] ERROR l.i.u.p.SubmittedApplicationsPage - Timeout while waiting for dropdown to close with aria-expanded = 'false'.
2025-01-30 14:34:58 [main] DEBUG l.i.u.t.SubmittedApplicationsPageTest - Selected the value: 'Administratoriai'
2025-01-30 14:34:59 [main] INFO  l.i.u.p.SubmittedApplicationsPage - Located the dropdown button.
2025-01-30 14:34:59 [main] INFO  l.i.u.p.SubmittedApplicationsPage - Successfully selected the value: 'Kita'
2025-01-30 14:35:10 [main] ERROR l.i.u.p.SubmittedApplicationsPage - Timeout while waiting for dropdown to close with aria-expanded = 'false'.
2025-01-30 14:35:10 [main] DEBUG l.i.u.t.SubmittedApplicationsPageTest - Selected the value: 'Kita'
2025-01-30 14:35:10 [main] DEBUG l.i.u.t.SubmittedApplicationsPageTest - Selected the value: '6 val. per dieną ir 4 d. per savaitę'
2025-01-30 14:35:11 [main] DEBUG l.i.u.t.SubmittedApplicationsPageTest - Entered Address into the input field.
2025-01-30 14:35:21 [main] ERROR l.i.u.t.SubmittedApplicationsPageTest - Test 'testFillNewApplication' failed with error: no such element: Unable to locate element: {"method":"xpath","selector":"//div[contains(@class, 'mat-mdc-form-field-infix')]//common-textarea[@id='common-textarea-2']//textarea[2]"}
  (Session info: chrome=132.0.6834.111)
For documentation on this error, please visit: https://www.selenium.dev/documentation/webdriver/troubleshooting/errors#no-such-element-exception
Build info: version: '4.27.0', revision: 'd6e718d134'
System info: os.name: 'Windows 11', os.arch: 'amd64', os.version: '10.0', java.version: '21.0.3'
Driver info: org.openqa.selenium.chrome.ChromeDriver
Command: [2d14c701711848784e35d61be4d16bad, findElement {value=//div[contains(@class, 'mat-mdc-form-field-infix')]//common-textarea[@id='common-textarea-2']//textarea[2], using=xpath}]
Capabilities {acceptInsecureCerts: false, browserName: chrome, browserVersion: 132.0.6834.111, chrome: {chromedriverVersion: 132.0.6834.159 (2d77d3fc445..., userDataDir: C:\Users\INGRID~1.ZAD\AppDa...}, fedcm:accounts: true, goog:chromeOptions: {debuggerAddress: localhost:52359}, networkConnectionEnabled: false, pageLoadStrategy: normal, platformName: windows, proxy: Proxy(), se:cdp: ws://localhost:52359/devtoo..., se:cdpVersion: 132.0.6834.111, setWindowRect: true, strictFileInteractability: false, timeouts: {implicit: 0, pageLoad: 300000, script: 30000}, unhandledPromptBehavior: dismiss and notify, webauthn:extension:credBlob: true, webauthn:extension:largeBlob: true, webauthn:extension:minPinLength: true, webauthn:extension:prf: true, webauthn:virtualAuthenticators: true}
Session ID: 2d14c701711848784e35d61be4d16bad
org.openqa.selenium.NoSuchElementException: no such element: Unable to locate element: {"method":"xpath","selector":"//div[contains(@class, 'mat-mdc-form-field-infix')]//common-textarea[@id='common-textarea-2']//textarea[2]"}
  (Session info: chrome=132.0.6834.111)
For documentation on this error, please visit: https://www.selenium.dev/documentation/webdriver/troubleshooting/errors#no-such-element-exception
Build info: version: '4.27.0', revision: 'd6e718d134'
System info: os.name: 'Windows 11', os.arch: 'amd64', os.version: '10.0', java.version: '21.0.3'
Driver info: org.openqa.selenium.chrome.ChromeDriver
Command: [2d14c701711848784e35d61be4d16bad, findElement {value=//div[contains(@class, 'mat-mdc-form-field-infix')]//common-textarea[@id='common-textarea-2']//textarea[2], using=xpath}]
Capabilities {acceptInsecureCerts: false, browserName: chrome, browserVersion: 132.0.6834.111, chrome: {chromedriverVersion: 132.0.6834.159 (2d77d3fc445..., userDataDir: C:\Users\INGRID~1.ZAD\AppDa...}, fedcm:accounts: true, goog:chromeOptions: {debuggerAddress: localhost:52359}, networkConnectionEnabled: false, pageLoadStrategy: normal, platformName: windows, proxy: Proxy(), se:cdp: ws://localhost:52359/devtoo..., se:cdpVersion: 132.0.6834.111, setWindowRect: true, strictFileInteractability: false, timeouts: {implicit: 0, pageLoad: 300000, script: 30000}, unhandledPromptBehavior: dismiss and notify, webauthn:extension:credBlob: true, webauthn:extension:largeBlob: true, webauthn:extension:minPinLength: true, webauthn:extension:prf: true, webauthn:virtualAuthenticators: true}
Session ID: 2d14c701711848784e35d61be4d16bad
	at java.base/jdk.internal.reflect.DirectConstructorHandleAccessor.newInstance(DirectConstructorHandleAccessor.java:62)
	at java.base/java.lang.reflect.Constructor.newInstanceWithCaller(Constructor.java:502)
	at java.base/java.lang.reflect.Constructor.newInstance(Constructor.java:486)
	at org.openqa.selenium.remote.ErrorCodec.decode(ErrorCodec.java:167)
	at org.openqa.selenium.remote.codec.w3c.W3CHttpResponseCodec.decode(W3CHttpResponseCodec.java:138)
	at org.openqa.selenium.remote.codec.w3c.W3CHttpResponseCodec.decode(W3CHttpResponseCodec.java:50)
	at org.openqa.selenium.remote.HttpCommandExecutor.execute(HttpCommandExecutor.java:190)
	at org.openqa.selenium.remote.service.DriverCommandExecutor.invokeExecute(DriverCommandExecutor.java:216)
	at org.openqa.selenium.remote.service.DriverCommandExecutor.execute(DriverCommandExecutor.java:174)
	at org.openqa.selenium.remote.RemoteWebDriver.execute(RemoteWebDriver.java:545)
	at org.openqa.selenium.remote.ElementLocation$ElementFinder$2.findElement(ElementLocation.java:165)
	at org.openqa.selenium.remote.ElementLocation.findElement(ElementLocation.java:59)
	at org.openqa.selenium.remote.RemoteWebDriver.findElement(RemoteWebDriver.java:368)
	at org.openqa.selenium.remote.RemoteWebDriver.findElement(RemoteWebDriver.java:362)
	at org.openqa.selenium.support.pagefactory.DefaultElementLocator.findElement(DefaultElementLocator.java:68)
	at org.openqa.selenium.support.pagefactory.internal.LocatingElementHandler.invoke(LocatingElementHandler.java:38)
	at jdk.proxy2/jdk.proxy2.$Proxy14.clear(Unknown Source)
	at lt.insoft.uztis.pages.SubmittedApplicationsPage.enterJobDescription(SubmittedApplicationsPage.java:512)
	at lt.insoft.uztis.tests.SubmittedApplicationsPageTest.testFillNewApplication(SubmittedApplicationsPageTest.java:208)
	at java.base/jdk.internal.reflect.DirectMethodHandleAccessor.invoke(DirectMethodHandleAccessor.java:103)
	at java.base/java.lang.reflect.Method.invoke(Method.java:580)
	at org.junit.platform.commons.util.ReflectionUtils.invokeMethod(ReflectionUtils.java:728)
	at org.junit.jupiter.engine.execution.MethodInvocation.proceed(MethodInvocation.java:60)
	at org.junit.jupiter.engine.execution.InvocationInterceptorChain$ValidatingInvocation.proceed(InvocationInterceptorChain.java:131)
	at org.junit.jupiter.engine.extension.TimeoutExtension.intercept(TimeoutExtension.java:156)
	at org.junit.jupiter.engine.extension.TimeoutExtension.interceptTestableMethod(TimeoutExtension.java:147)
	at org.junit.jupiter.engine.extension.TimeoutExtension.interceptTestMethod(TimeoutExtension.java:86)
	at org.junit.jupiter.engine.execution.InterceptingExecutableInvoker$ReflectiveInterceptorCall.lambda$ofVoidMethod$0(InterceptingExecutableInvoker.java:103)
	at org.junit.jupiter.engine.execution.InterceptingExecutableInvoker.lambda$invoke$0(InterceptingExecutableInvoker.java:93)
	at org.junit.jupiter.engine.execution.InvocationInterceptorChain$InterceptedInvocation.proceed(InvocationInterceptorChain.java:106)
	at org.junit.jupiter.engine.execution.InvocationInterceptorChain.proceed(InvocationInterceptorChain.java:64)
	at org.junit.jupiter.engine.execution.InvocationInterceptorChain.chainAndInvoke(InvocationInterceptorChain.java:45)
	at org.junit.jupiter.engine.execution.InvocationInterceptorChain.invoke(InvocationInterceptorChain.java:37)
	at org.junit.jupiter.engine.execution.InterceptingExecutableInvoker.invoke(InterceptingExecutableInvoker.java:92)
	at org.junit.jupiter.engine.execution.InterceptingExecutableInvoker.invoke(InterceptingExecutableInvoker.java:86)
	at org.junit.jupiter.engine.descriptor.TestMethodTestDescriptor.lambda$invokeTestMethod$7(TestMethodTestDescriptor.java:218)
	at org.junit.platform.engine.support.hierarchical.ThrowableCollector.execute(ThrowableCollector.java:73)
	at org.junit.jupiter.engine.descriptor.TestMethodTestDescriptor.invokeTestMethod(TestMethodTestDescriptor.java:214)
	at org.junit.jupiter.engine.descriptor.TestMethodTestDescriptor.execute(TestMethodTestDescriptor.java:139)
	at org.junit.jupiter.engine.descriptor.TestMethodTestDescriptor.execute(TestMethodTestDescriptor.java:69)
	at org.junit.platform.engine.support.hierarchical.NodeTestTask.lambda$executeRecursively$6(NodeTestTask.java:151)
	at org.junit.platform.engine.support.hierarchical.ThrowableCollector.execute(ThrowableCollector.java:73)
	at org.junit.platform.engine.support.hierarchical.NodeTestTask.lambda$executeRecursively$8(NodeTestTask.java:141)
	at org.junit.platform.engine.support.hierarchical.Node.around(Node.java:137)
	at org.junit.platform.engine.support.hierarchical.NodeTestTask.lambda$executeRecursively$9(NodeTestTask.java:139)
	at org.junit.platform.engine.support.hierarchical.ThrowableCollector.execute(ThrowableCollector.java:73)
	at org.junit.platform.engine.support.hierarchical.NodeTestTask.executeRecursively(NodeTestTask.java:138)
	at org.junit.platform.engine.support.hierarchical.NodeTestTask.execute(NodeTestTask.java:95)
	at java.base/java.util.ArrayList.forEach(ArrayList.java:1596)
	at org.junit.platform.engine.support.hierarchical.SameThreadHierarchicalTestExecutorService.invokeAll(SameThreadHierarchicalTestExecutorService.java:41)
	at org.junit.platform.engine.support.hierarchical.NodeTestTask.lambda$executeRecursively$6(NodeTestTask.java:155)
	at org.junit.platform.engine.support.hierarchical.ThrowableCollector.execute(ThrowableCollector.java:73)
	at org.junit.platform.engine.support.hierarchical.NodeTestTask.lambda$executeRecursively$8(NodeTestTask.java:141)
	at org.junit.platform.engine.support.hierarchical.Node.around(Node.java:137)
	at org.junit.platform.engine.support.hierarchical.NodeTestTask.lambda$executeRecursively$9(NodeTestTask.java:139)
	at org.junit.platform.engine.support.hierarchical.ThrowableCollector.execute(ThrowableCollector.java:73)
	at org.junit.platform.engine.support.hierarchical.NodeTestTask.executeRecursively(NodeTestTask.java:138)
	at org.junit.platform.engine.support.hierarchical.NodeTestTask.execute(NodeTestTask.java:95)
	at java.base/java.util.ArrayList.forEach(ArrayList.java:1596)
	at org.junit.platform.engine.support.hierarchical.SameThreadHierarchicalTestExecutorService.invokeAll(SameThreadHierarchicalTestExecutorService.java:41)
	at org.junit.platform.engine.support.hierarchical.NodeTestTask.lambda$executeRecursively$6(NodeTestTask.java:155)
	at org.junit.platform.engine.support.hierarchical.ThrowableCollector.execute(ThrowableCollector.java:73)
	at org.junit.platform.engine.support.hierarchical.NodeTestTask.lambda$executeRecursively$8(NodeTestTask.java:141)
	at org.junit.platform.engine.support.hierarchical.Node.around(Node.java:137)
	at org.junit.platform.engine.support.hierarchical.NodeTestTask.lambda$executeRecursively$9(NodeTestTask.java:139)
	at org.junit.platform.engine.support.hierarchical.ThrowableCollector.execute(ThrowableCollector.java:73)
	at org.junit.platform.engine.support.hierarchical.NodeTestTask.executeRecursively(NodeTestTask.java:138)
	at org.junit.platform.engine.support.hierarchical.NodeTestTask.execute(NodeTestTask.java:95)
	at org.junit.platform.engine.support.hierarchical.SameThreadHierarchicalTestExecutorService.submit(SameThreadHierarchicalTestExecutorService.java:35)
	at org.junit.platform.engine.support.hierarchical.HierarchicalTestExecutor.execute(HierarchicalTestExecutor.java:57)
	at org.junit.platform.engine.support.hierarchical.HierarchicalTestEngine.execute(HierarchicalTestEngine.java:54)
	at org.junit.platform.launcher.core.EngineExecutionOrchestrator.execute(EngineExecutionOrchestrator.java:198)
	at org.junit.platform.launcher.core.EngineExecutionOrchestrator.execute(EngineExecutionOrchestrator.java:169)
	at org.junit.platform.launcher.core.EngineExecutionOrchestrator.execute(EngineExecutionOrchestrator.java:93)
	at org.junit.platform.launcher.core.EngineExecutionOrchestrator.lambda$execute$0(EngineExecutionOrchestrator.java:58)
	at org.junit.platform.launcher.core.EngineExecutionOrchestrator.withInterceptedStreams(EngineExecutionOrchestrator.java:141)
	at org.junit.platform.launcher.core.EngineExecutionOrchestrator.execute(EngineExecutionOrchestrator.java:57)
	at org.junit.platform.launcher.core.DefaultLauncher.execute(DefaultLauncher.java:103)
	at org.junit.platform.launcher.core.DefaultLauncher.execute(DefaultLauncher.java:85)
	at org.junit.platform.launcher.core.DelegatingLauncher.execute(DelegatingLauncher.java:47)
	at org.junit.platform.launcher.core.SessionPerRequestLauncher.execute(SessionPerRequestLauncher.java:63)
	at com.intellij.junit5.JUnit5IdeaTestRunner.startRunnerWithArgs(JUnit5IdeaTestRunner.java:57)
	at com.intellij.rt.junit.IdeaTestRunner$Repeater$1.execute(IdeaTestRunner.java:38)
	at com.intellij.rt.execution.junit.TestsRepeater.repeat(TestsRepeater.java:11)
	at com.intellij.rt.junit.IdeaTestRunner$Repeater.startRunnerWithArgs(IdeaTestRunner.java:35)
	at com.intellij.rt.junit.JUnitStarter.prepareStreamsAndStart(JUnitStarter.java:232)
	at com.intellij.rt.junit.JUnitStarter.main(JUnitStarter.java:55)
2025-01-30 14:35:21 [main] INFO  l.insoft.uztis.tests.utils.TestUtils - Screenshot moved to C:\Users\ingrida.zadorozniene\Desktop\Asm\UZTIS\UZTIS_tests\test-output\screenshots\20250130\143521584_testFillNewApplication().png
2025-01-30 14:42:49 [main] INFO  lt.insoft.uztis.tests.UztisPageTest - Navigated to https://uztisdev.asseco.lt/home
2025-01-30 14:42:49 [main] INFO  l.i.u.t.SubmittedApplicationsPageTest - Starting test:'testFillNewApplication'
2025-01-30 14:42:49 [main] DEBUG l.i.u.t.SubmittedApplicationsPageTest - User logged in with test credentials
2025-01-30 14:42:50 [main] DEBUG l.i.u.t.SubmittedApplicationsPageTest - Opened 'Application Processing' menu.
2025-01-30 14:42:50 [main] DEBUG l.i.u.t.SubmittedApplicationsPageTest - Clicked on 'Application Forms' menu.
2025-01-30 14:42:50 [main] DEBUG l.i.u.t.SubmittedApplicationsPageTest - Retrieved last description code text: 'TST-VUI-27'.
2025-01-30 14:42:50 [main] DEBUG l.i.u.t.SubmittedApplicationsPageTest - Clicked on 'Invitation' menu.
2025-01-30 14:42:51 [main] DEBUG l.i.u.t.SubmittedApplicationsPageTest - Selected application section by code: 'TST-VUI-27'.
2025-01-30 14:42:51 [main] DEBUG l.i.u.t.SubmittedApplicationsPageTest - Clicked 'Search' button.
2025-01-30 14:42:51 [main] DEBUG l.i.u.t.SubmittedApplicationsPageTest - Retrieved invitation code: ''.
2025-01-30 14:42:51 [main] DEBUG l.i.u.t.SubmittedApplicationsPageTest - Clicked on 'Submitted Applications' menu.
2025-01-30 14:42:52 [main] DEBUG l.i.u.t.SubmittedApplicationsPageTest - Selected invitation by code: 'TST-VUI-27'.
2025-01-30 14:42:52 [main] DEBUG l.i.u.t.SubmittedApplicationsPageTest - Clicked on 'Action Application' button.
2025-01-30 14:42:53 [main] DEBUG l.i.u.t.SubmittedApplicationsPageTest - Clicked on 'New Application' button.
2025-01-30 14:42:53 [main] DEBUG l.i.u.t.SubmittedApplicationsPageTest - Clicked on 'RadioButtonFA' button.
2025-01-30 14:42:53 [main] DEBUG l.i.u.t.SubmittedApplicationsPageTest - Entered phone number into the input field.
2025-01-30 14:42:54 [main] DEBUG l.i.u.t.SubmittedApplicationsPageTest - Entered eMail into the input field.
2025-01-30 14:42:54 [main] INFO  l.i.u.p.SubmittedApplicationsPage - Located the dropdown button.
2025-01-30 14:43:13 [main] INFO  l.i.u.p.SubmittedApplicationsPage - Found 1741 options in the dropdown.
2025-01-30 14:43:13 [main] INFO  l.i.u.p.SubmittedApplicationsPage - Successfully selected the value: '01.11 - Grūdinių (išskyrus ryžius), ankštinių ir aliejingų sėklų augalų auginimas'
2025-01-30 14:43:24 [main] ERROR l.i.u.p.SubmittedApplicationsPage - Failed to close the dropdown with aria-expanded = 'false'. Attempting manual close.
2025-01-30 14:43:24 [main] INFO  l.i.u.p.SubmittedApplicationsPage - Manual close attempt for the dropdown using body click.
2025-01-30 14:43:24 [main] DEBUG l.i.u.t.SubmittedApplicationsPageTest - Entered Address into the input field.
2025-01-30 14:43:24 [main] DEBUG l.i.u.t.SubmittedApplicationsPageTest - Entered Address into the input field.
2025-01-30 14:43:25 [main] INFO  l.i.u.p.SubmittedApplicationsPage - Located the dropdown button.
2025-01-30 14:43:26 [main] INFO  l.i.u.p.SubmittedApplicationsPage - Successfully selected the value: 'Administratoriai'
2025-01-30 14:43:46 [main] ERROR l.i.u.p.SubmittedApplicationsPage - Timeout while waiting for dropdown to close with aria-expanded = 'false'.
2025-01-30 14:43:46 [main] DEBUG l.i.u.t.SubmittedApplicationsPageTest - Selected the value: 'Administratoriai'
2025-01-30 14:43:56 [main] ERROR l.i.u.t.SubmittedApplicationsPageTest - Test 'testFillNewApplication' failed with error: no such element: Unable to locate element: {"method":"xpath","selector":"//div[contains(@class, 'mat-mdc-form-field-infix')]//common-textarea[@id='common-textarea-0']//textarea[0]"}
  (Session info: chrome=132.0.6834.111)
For documentation on this error, please visit: https://www.selenium.dev/documentation/webdriver/troubleshooting/errors#no-such-element-exception
Build info: version: '4.27.0', revision: 'd6e718d134'
System info: os.name: 'Windows 11', os.arch: 'amd64', os.version: '10.0', java.version: '21.0.3'
Driver info: org.openqa.selenium.chrome.ChromeDriver
Command: [973ca1cc5bc4ce9dc87465c052200c35, findElement {using=xpath, value=//div[contains(@class, 'mat-mdc-form-field-infix')]//common-textarea[@id='common-textarea-0']//textarea[0]}]
Capabilities {acceptInsecureCerts: false, browserName: chrome, browserVersion: 132.0.6834.111, chrome: {chromedriverVersion: 132.0.6834.159 (2d77d3fc445..., userDataDir: C:\Users\INGRID~1.ZAD\AppDa...}, fedcm:accounts: true, goog:chromeOptions: {debuggerAddress: localhost:52645}, networkConnectionEnabled: false, pageLoadStrategy: normal, platformName: windows, proxy: Proxy(), se:cdp: ws://localhost:52645/devtoo..., se:cdpVersion: 132.0.6834.111, setWindowRect: true, strictFileInteractability: false, timeouts: {implicit: 0, pageLoad: 300000, script: 30000}, unhandledPromptBehavior: dismiss and notify, webauthn:extension:credBlob: true, webauthn:extension:largeBlob: true, webauthn:extension:minPinLength: true, webauthn:extension:prf: true, webauthn:virtualAuthenticators: true}
Session ID: 973ca1cc5bc4ce9dc87465c052200c35
org.openqa.selenium.NoSuchElementException: no such element: Unable to locate element: {"method":"xpath","selector":"//div[contains(@class, 'mat-mdc-form-field-infix')]//common-textarea[@id='common-textarea-0']//textarea[0]"}
  (Session info: chrome=132.0.6834.111)
For documentation on this error, please visit: https://www.selenium.dev/documentation/webdriver/troubleshooting/errors#no-such-element-exception
Build info: version: '4.27.0', revision: 'd6e718d134'
System info: os.name: 'Windows 11', os.arch: 'amd64', os.version: '10.0', java.version: '21.0.3'
Driver info: org.openqa.selenium.chrome.ChromeDriver
Command: [973ca1cc5bc4ce9dc87465c052200c35, findElement {using=xpath, value=//div[contains(@class, 'mat-mdc-form-field-infix')]//common-textarea[@id='common-textarea-0']//textarea[0]}]
Capabilities {acceptInsecureCerts: false, browserName: chrome, browserVersion: 132.0.6834.111, chrome: {chromedriverVersion: 132.0.6834.159 (2d77d3fc445..., userDataDir: C:\Users\INGRID~1.ZAD\AppDa...}, fedcm:accounts: true, goog:chromeOptions: {debuggerAddress: localhost:52645}, networkConnectionEnabled: false, pageLoadStrategy: normal, platformName: windows, proxy: Proxy(), se:cdp: ws://localhost:52645/devtoo..., se:cdpVersion: 132.0.6834.111, setWindowRect: true, strictFileInteractability: false, timeouts: {implicit: 0, pageLoad: 300000, script: 30000}, unhandledPromptBehavior: dismiss and notify, webauthn:extension:credBlob: true, webauthn:extension:largeBlob: true, webauthn:extension:minPinLength: true, webauthn:extension:prf: true, webauthn:virtualAuthenticators: true}
Session ID: 973ca1cc5bc4ce9dc87465c052200c35
	at java.base/jdk.internal.reflect.DirectConstructorHandleAccessor.newInstance(DirectConstructorHandleAccessor.java:62)
	at java.base/java.lang.reflect.Constructor.newInstanceWithCaller(Constructor.java:502)
	at java.base/java.lang.reflect.Constructor.newInstance(Constructor.java:486)
	at org.openqa.selenium.remote.ErrorCodec.decode(ErrorCodec.java:167)
	at org.openqa.selenium.remote.codec.w3c.W3CHttpResponseCodec.decode(W3CHttpResponseCodec.java:138)
	at org.openqa.selenium.remote.codec.w3c.W3CHttpResponseCodec.decode(W3CHttpResponseCodec.java:50)
	at org.openqa.selenium.remote.HttpCommandExecutor.execute(HttpCommandExecutor.java:190)
	at org.openqa.selenium.remote.service.DriverCommandExecutor.invokeExecute(DriverCommandExecutor.java:216)
	at org.openqa.selenium.remote.service.DriverCommandExecutor.execute(DriverCommandExecutor.java:174)
	at org.openqa.selenium.remote.RemoteWebDriver.execute(RemoteWebDriver.java:545)
	at org.openqa.selenium.remote.ElementLocation$ElementFinder$2.findElement(ElementLocation.java:165)
	at org.openqa.selenium.remote.ElementLocation.findElement(ElementLocation.java:59)
	at org.openqa.selenium.remote.RemoteWebDriver.findElement(RemoteWebDriver.java:368)
	at org.openqa.selenium.remote.RemoteWebDriver.findElement(RemoteWebDriver.java:362)
	at org.openqa.selenium.support.pagefactory.DefaultElementLocator.findElement(DefaultElementLocator.java:68)
	at org.openqa.selenium.support.pagefactory.internal.LocatingElementHandler.invoke(LocatingElementHandler.java:38)
	at jdk.proxy2/jdk.proxy2.$Proxy14.clear(Unknown Source)
	at lt.insoft.uztis.pages.SubmittedApplicationsPage.enterInputJobFunction(SubmittedApplicationsPage.java:346)
	at lt.insoft.uztis.tests.SubmittedApplicationsPageTest.testFillNewApplication(SubmittedApplicationsPageTest.java:178)
	at java.base/jdk.internal.reflect.DirectMethodHandleAccessor.invoke(DirectMethodHandleAccessor.java:103)
	at java.base/java.lang.reflect.Method.invoke(Method.java:580)
	at org.junit.platform.commons.util.ReflectionUtils.invokeMethod(ReflectionUtils.java:728)
	at org.junit.jupiter.engine.execution.MethodInvocation.proceed(MethodInvocation.java:60)
	at org.junit.jupiter.engine.execution.InvocationInterceptorChain$ValidatingInvocation.proceed(InvocationInterceptorChain.java:131)
	at org.junit.jupiter.engine.extension.TimeoutExtension.intercept(TimeoutExtension.java:156)
	at org.junit.jupiter.engine.extension.TimeoutExtension.interceptTestableMethod(TimeoutExtension.java:147)
	at org.junit.jupiter.engine.extension.TimeoutExtension.interceptTestMethod(TimeoutExtension.java:86)
	at org.junit.jupiter.engine.execution.InterceptingExecutableInvoker$ReflectiveInterceptorCall.lambda$ofVoidMethod$0(InterceptingExecutableInvoker.java:103)
	at org.junit.jupiter.engine.execution.InterceptingExecutableInvoker.lambda$invoke$0(InterceptingExecutableInvoker.java:93)
	at org.junit.jupiter.engine.execution.InvocationInterceptorChain$InterceptedInvocation.proceed(InvocationInterceptorChain.java:106)
	at org.junit.jupiter.engine.execution.InvocationInterceptorChain.proceed(InvocationInterceptorChain.java:64)
	at org.junit.jupiter.engine.execution.InvocationInterceptorChain.chainAndInvoke(InvocationInterceptorChain.java:45)
	at org.junit.jupiter.engine.execution.InvocationInterceptorChain.invoke(InvocationInterceptorChain.java:37)
	at org.junit.jupiter.engine.execution.InterceptingExecutableInvoker.invoke(InterceptingExecutableInvoker.java:92)
	at org.junit.jupiter.engine.execution.InterceptingExecutableInvoker.invoke(InterceptingExecutableInvoker.java:86)
	at org.junit.jupiter.engine.descriptor.TestMethodTestDescriptor.lambda$invokeTestMethod$7(TestMethodTestDescriptor.java:218)
	at org.junit.platform.engine.support.hierarchical.ThrowableCollector.execute(ThrowableCollector.java:73)
	at org.junit.jupiter.engine.descriptor.TestMethodTestDescriptor.invokeTestMethod(TestMethodTestDescriptor.java:214)
	at org.junit.jupiter.engine.descriptor.TestMethodTestDescriptor.execute(TestMethodTestDescriptor.java:139)
	at org.junit.jupiter.engine.descriptor.TestMethodTestDescriptor.execute(TestMethodTestDescriptor.java:69)
	at org.junit.platform.engine.support.hierarchical.NodeTestTask.lambda$executeRecursively$6(NodeTestTask.java:151)
	at org.junit.platform.engine.support.hierarchical.ThrowableCollector.execute(ThrowableCollector.java:73)
	at org.junit.platform.engine.support.hierarchical.NodeTestTask.lambda$executeRecursively$8(NodeTestTask.java:141)
	at org.junit.platform.engine.support.hierarchical.Node.around(Node.java:137)
	at org.junit.platform.engine.support.hierarchical.NodeTestTask.lambda$executeRecursively$9(NodeTestTask.java:139)
	at org.junit.platform.engine.support.hierarchical.ThrowableCollector.execute(ThrowableCollector.java:73)
	at org.junit.platform.engine.support.hierarchical.NodeTestTask.executeRecursively(NodeTestTask.java:138)
	at org.junit.platform.engine.support.hierarchical.NodeTestTask.execute(NodeTestTask.java:95)
	at java.base/java.util.ArrayList.forEach(ArrayList.java:1596)
	at org.junit.platform.engine.support.hierarchical.SameThreadHierarchicalTestExecutorService.invokeAll(SameThreadHierarchicalTestExecutorService.java:41)
	at org.junit.platform.engine.support.hierarchical.NodeTestTask.lambda$executeRecursively$6(NodeTestTask.java:155)
	at org.junit.platform.engine.support.hierarchical.ThrowableCollector.execute(ThrowableCollector.java:73)
	at org.junit.platform.engine.support.hierarchical.NodeTestTask.lambda$executeRecursively$8(NodeTestTask.java:141)
	at org.junit.platform.engine.support.hierarchical.Node.around(Node.java:137)
	at org.junit.platform.engine.support.hierarchical.NodeTestTask.lambda$executeRecursively$9(NodeTestTask.java:139)
	at org.junit.platform.engine.support.hierarchical.ThrowableCollector.execute(ThrowableCollector.java:73)
	at org.junit.platform.engine.support.hierarchical.NodeTestTask.executeRecursively(NodeTestTask.java:138)
	at org.junit.platform.engine.support.hierarchical.NodeTestTask.execute(NodeTestTask.java:95)
	at java.base/java.util.ArrayList.forEach(ArrayList.java:1596)
	at org.junit.platform.engine.support.hierarchical.SameThreadHierarchicalTestExecutorService.invokeAll(SameThreadHierarchicalTestExecutorService.java:41)
	at org.junit.platform.engine.support.hierarchical.NodeTestTask.lambda$executeRecursively$6(NodeTestTask.java:155)
	at org.junit.platform.engine.support.hierarchical.ThrowableCollector.execute(ThrowableCollector.java:73)
	at org.junit.platform.engine.support.hierarchical.NodeTestTask.lambda$executeRecursively$8(NodeTestTask.java:141)
	at org.junit.platform.engine.support.hierarchical.Node.around(Node.java:137)
	at org.junit.platform.engine.support.hierarchical.NodeTestTask.lambda$executeRecursively$9(NodeTestTask.java:139)
	at org.junit.platform.engine.support.hierarchical.ThrowableCollector.execute(ThrowableCollector.java:73)
	at org.junit.platform.engine.support.hierarchical.NodeTestTask.executeRecursively(NodeTestTask.java:138)
	at org.junit.platform.engine.support.hierarchical.NodeTestTask.execute(NodeTestTask.java:95)
	at org.junit.platform.engine.support.hierarchical.SameThreadHierarchicalTestExecutorService.submit(SameThreadHierarchicalTestExecutorService.java:35)
	at org.junit.platform.engine.support.hierarchical.HierarchicalTestExecutor.execute(HierarchicalTestExecutor.java:57)
	at org.junit.platform.engine.support.hierarchical.HierarchicalTestEngine.execute(HierarchicalTestEngine.java:54)
	at org.junit.platform.launcher.core.EngineExecutionOrchestrator.execute(EngineExecutionOrchestrator.java:198)
	at org.junit.platform.launcher.core.EngineExecutionOrchestrator.execute(EngineExecutionOrchestrator.java:169)
	at org.junit.platform.launcher.core.EngineExecutionOrchestrator.execute(EngineExecutionOrchestrator.java:93)
	at org.junit.platform.launcher.core.EngineExecutionOrchestrator.lambda$execute$0(EngineExecutionOrchestrator.java:58)
	at org.junit.platform.launcher.core.EngineExecutionOrchestrator.withInterceptedStreams(EngineExecutionOrchestrator.java:141)
	at org.junit.platform.launcher.core.EngineExecutionOrchestrator.execute(EngineExecutionOrchestrator.java:57)
	at org.junit.platform.launcher.core.DefaultLauncher.execute(DefaultLauncher.java:103)
	at org.junit.platform.launcher.core.DefaultLauncher.execute(DefaultLauncher.java:85)
	at org.junit.platform.launcher.core.DelegatingLauncher.execute(DelegatingLauncher.java:47)
	at org.junit.platform.launcher.core.SessionPerRequestLauncher.execute(SessionPerRequestLauncher.java:63)
	at com.intellij.junit5.JUnit5IdeaTestRunner.startRunnerWithArgs(JUnit5IdeaTestRunner.java:57)
	at com.intellij.rt.junit.IdeaTestRunner$Repeater$1.execute(IdeaTestRunner.java:38)
	at com.intellij.rt.execution.junit.TestsRepeater.repeat(TestsRepeater.java:11)
	at com.intellij.rt.junit.IdeaTestRunner$Repeater.startRunnerWithArgs(IdeaTestRunner.java:35)
	at com.intellij.rt.junit.JUnitStarter.prepareStreamsAndStart(JUnitStarter.java:232)
	at com.intellij.rt.junit.JUnitStarter.main(JUnitStarter.java:55)
2025-01-30 14:43:57 [main] INFO  l.insoft.uztis.tests.utils.TestUtils - Screenshot moved to C:\Users\ingrida.zadorozniene\Desktop\Asm\UZTIS\UZTIS_tests\test-output\screenshots\20250130\144356998_testFillNewApplication().png
2025-01-30 14:47:48 [main] INFO  lt.insoft.uztis.tests.UztisPageTest - Navigated to https://uztisdev.asseco.lt/home
2025-01-30 14:47:48 [main] INFO  l.i.u.t.SubmittedApplicationsPageTest - Starting test:'testGoToSubmitApplication'
2025-01-30 14:47:49 [main] DEBUG l.i.u.t.SubmittedApplicationsPageTest - User logged in with test credentials
2025-01-30 14:47:49 [main] DEBUG l.i.u.t.SubmittedApplicationsPageTest - Opened 'Application Processing' menu.
2025-01-30 14:47:49 [main] DEBUG l.i.u.t.SubmittedApplicationsPageTest - Clicked on 'Application Forms' menu.
2025-01-30 14:47:50 [main] DEBUG l.i.u.t.SubmittedApplicationsPageTest - Retrieved last description code text: 'TST-VUI-27'.
2025-01-30 14:47:50 [main] DEBUG l.i.u.t.SubmittedApplicationsPageTest - Clicked on 'Invitation' menu.
2025-01-30 14:47:50 [main] DEBUG l.i.u.t.SubmittedApplicationsPageTest - Selected application section by code: 'TST-VUI-27'.
2025-01-30 14:47:51 [main] DEBUG l.i.u.t.SubmittedApplicationsPageTest - Clicked 'Search' button.
2025-01-30 14:47:51 [main] DEBUG l.i.u.t.SubmittedApplicationsPageTest - Retrieved invitation code: ''.
2025-01-30 14:47:51 [main] DEBUG l.i.u.t.SubmittedApplicationsPageTest - Clicked on 'Submitted Applications' menu.
2025-01-30 14:47:52 [main] DEBUG l.i.u.t.SubmittedApplicationsPageTest - Selected invitation by code: 'TST-VUI-27'.
2025-01-30 14:47:52 [main] DEBUG l.i.u.t.SubmittedApplicationsPageTest - Clicked on 'Action Application' button.
2025-01-30 14:47:52 [main] DEBUG l.i.u.t.SubmittedApplicationsPageTest - Clicked on 'New Application' button.
2025-01-30 14:47:53 [main] INFO  l.i.u.t.SubmittedApplicationsPageTest - Verified that the 'Next' button is displayed.
2025-01-30 14:47:53 [main] INFO  l.i.u.t.SubmittedApplicationsPageTest - Test 'testGoToSubmitApplication' completed successfully.
2025-01-30 14:48:04 [main] INFO  lt.insoft.uztis.tests.UztisPageTest - Navigated to https://uztisdev.asseco.lt/home
2025-01-30 14:48:04 [main] INFO  l.i.u.t.SubmittedApplicationsPageTest - Starting test:'testFillNewApplication'
2025-01-30 14:48:05 [main] DEBUG l.i.u.t.SubmittedApplicationsPageTest - User logged in with test credentials
2025-01-30 14:48:05 [main] DEBUG l.i.u.t.SubmittedApplicationsPageTest - Opened 'Application Processing' menu.
2025-01-30 14:48:05 [main] DEBUG l.i.u.t.SubmittedApplicationsPageTest - Clicked on 'Application Forms' menu.
2025-01-30 14:48:05 [main] DEBUG l.i.u.t.SubmittedApplicationsPageTest - Retrieved last description code text: 'TST-VUI-27'.
2025-01-30 14:48:06 [main] DEBUG l.i.u.t.SubmittedApplicationsPageTest - Clicked on 'Invitation' menu.
2025-01-30 14:48:06 [main] DEBUG l.i.u.t.SubmittedApplicationsPageTest - Selected application section by code: 'TST-VUI-27'.
2025-01-30 14:48:07 [main] DEBUG l.i.u.t.SubmittedApplicationsPageTest - Clicked 'Search' button.
2025-01-30 14:48:07 [main] DEBUG l.i.u.t.SubmittedApplicationsPageTest - Retrieved invitation code: ''.
2025-01-30 14:48:07 [main] DEBUG l.i.u.t.SubmittedApplicationsPageTest - Clicked on 'Submitted Applications' menu.
2025-01-30 14:48:08 [main] DEBUG l.i.u.t.SubmittedApplicationsPageTest - Selected invitation by code: 'TST-VUI-27'.
2025-01-30 14:48:08 [main] DEBUG l.i.u.t.SubmittedApplicationsPageTest - Clicked on 'Action Application' button.
2025-01-30 14:48:08 [main] DEBUG l.i.u.t.SubmittedApplicationsPageTest - Clicked on 'New Application' button.
2025-01-30 14:48:09 [main] DEBUG l.i.u.t.SubmittedApplicationsPageTest - Clicked on 'RadioButtonFA' button.
2025-01-30 14:48:09 [main] DEBUG l.i.u.t.SubmittedApplicationsPageTest - Entered phone number into the input field.
2025-01-30 14:48:09 [main] DEBUG l.i.u.t.SubmittedApplicationsPageTest - Entered eMail into the input field.
2025-01-30 14:48:09 [main] INFO  l.i.u.p.SubmittedApplicationsPage - Located the dropdown button.
2025-01-30 14:48:29 [main] INFO  l.i.u.p.SubmittedApplicationsPage - Found 1741 options in the dropdown.
2025-01-30 14:48:29 [main] INFO  l.i.u.p.SubmittedApplicationsPage - Successfully selected the value: '01.11 - Grūdinių (išskyrus ryžius), ankštinių ir aliejingų sėklų augalų auginimas'
2025-01-30 14:48:39 [main] ERROR l.i.u.p.SubmittedApplicationsPage - Failed to close the dropdown with aria-expanded = 'false'. Attempting manual close.
2025-01-30 14:48:39 [main] INFO  l.i.u.p.SubmittedApplicationsPage - Manual close attempt for the dropdown using body click.
2025-01-30 14:48:40 [main] DEBUG l.i.u.t.SubmittedApplicationsPageTest - Entered Address into the input field.
2025-01-30 14:48:40 [main] DEBUG l.i.u.t.SubmittedApplicationsPageTest - Entered Address into the input field.
2025-01-30 14:48:40 [main] INFO  l.i.u.p.SubmittedApplicationsPage - Located the dropdown button.
2025-01-30 14:48:41 [main] INFO  l.i.u.p.SubmittedApplicationsPage - Successfully selected the value: 'Administratoriai'
2025-01-30 14:49:01 [main] ERROR l.i.u.p.SubmittedApplicationsPage - Timeout while waiting for dropdown to close with aria-expanded = 'false'.
2025-01-30 14:49:01 [main] DEBUG l.i.u.t.SubmittedApplicationsPageTest - Selected the value: 'Administratoriai'
2025-01-30 14:49:11 [main] ERROR l.i.u.t.SubmittedApplicationsPageTest - Test 'testFillNewApplication' failed with error: no such element: Unable to locate element: {"method":"xpath","selector":"//textarea[@id='common-textarea-0']"}
  (Session info: chrome=132.0.6834.111)
For documentation on this error, please visit: https://www.selenium.dev/documentation/webdriver/troubleshooting/errors#no-such-element-exception
Build info: version: '4.27.0', revision: 'd6e718d134'
System info: os.name: 'Windows 11', os.arch: 'amd64', os.version: '10.0', java.version: '21.0.3'
Driver info: org.openqa.selenium.chrome.ChromeDriver
Command: [fcbd8df17ab27aa1a7404f7094bc8f10, findElement {using=xpath, value=//textarea[@id='common-textarea-0']}]
Capabilities {acceptInsecureCerts: false, browserName: chrome, browserVersion: 132.0.6834.111, chrome: {chromedriverVersion: 132.0.6834.159 (2d77d3fc445..., userDataDir: C:\Users\INGRID~1.ZAD\AppDa...}, fedcm:accounts: true, goog:chromeOptions: {debuggerAddress: localhost:52856}, networkConnectionEnabled: false, pageLoadStrategy: normal, platformName: windows, proxy: Proxy(), se:cdp: ws://localhost:52856/devtoo..., se:cdpVersion: 132.0.6834.111, setWindowRect: true, strictFileInteractability: false, timeouts: {implicit: 0, pageLoad: 300000, script: 30000}, unhandledPromptBehavior: dismiss and notify, webauthn:extension:credBlob: true, webauthn:extension:largeBlob: true, webauthn:extension:minPinLength: true, webauthn:extension:prf: true, webauthn:virtualAuthenticators: true}
Session ID: fcbd8df17ab27aa1a7404f7094bc8f10
org.openqa.selenium.NoSuchElementException: no such element: Unable to locate element: {"method":"xpath","selector":"//textarea[@id='common-textarea-0']"}
  (Session info: chrome=132.0.6834.111)
For documentation on this error, please visit: https://www.selenium.dev/documentation/webdriver/troubleshooting/errors#no-such-element-exception
Build info: version: '4.27.0', revision: 'd6e718d134'
System info: os.name: 'Windows 11', os.arch: 'amd64', os.version: '10.0', java.version: '21.0.3'
Driver info: org.openqa.selenium.chrome.ChromeDriver
Command: [fcbd8df17ab27aa1a7404f7094bc8f10, findElement {using=xpath, value=//textarea[@id='common-textarea-0']}]
Capabilities {acceptInsecureCerts: false, browserName: chrome, browserVersion: 132.0.6834.111, chrome: {chromedriverVersion: 132.0.6834.159 (2d77d3fc445..., userDataDir: C:\Users\INGRID~1.ZAD\AppDa...}, fedcm:accounts: true, goog:chromeOptions: {debuggerAddress: localhost:52856}, networkConnectionEnabled: false, pageLoadStrategy: normal, platformName: windows, proxy: Proxy(), se:cdp: ws://localhost:52856/devtoo..., se:cdpVersion: 132.0.6834.111, setWindowRect: true, strictFileInteractability: false, timeouts: {implicit: 0, pageLoad: 300000, script: 30000}, unhandledPromptBehavior: dismiss and notify, webauthn:extension:credBlob: true, webauthn:extension:largeBlob: true, webauthn:extension:minPinLength: true, webauthn:extension:prf: true, webauthn:virtualAuthenticators: true}
Session ID: fcbd8df17ab27aa1a7404f7094bc8f10
	at java.base/jdk.internal.reflect.DirectConstructorHandleAccessor.newInstance(DirectConstructorHandleAccessor.java:62)
	at java.base/java.lang.reflect.Constructor.newInstanceWithCaller(Constructor.java:502)
	at java.base/java.lang.reflect.Constructor.newInstance(Constructor.java:486)
	at org.openqa.selenium.remote.ErrorCodec.decode(ErrorCodec.java:167)
	at org.openqa.selenium.remote.codec.w3c.W3CHttpResponseCodec.decode(W3CHttpResponseCodec.java:138)
	at org.openqa.selenium.remote.codec.w3c.W3CHttpResponseCodec.decode(W3CHttpResponseCodec.java:50)
	at org.openqa.selenium.remote.HttpCommandExecutor.execute(HttpCommandExecutor.java:190)
	at org.openqa.selenium.remote.service.DriverCommandExecutor.invokeExecute(DriverCommandExecutor.java:216)
	at org.openqa.selenium.remote.service.DriverCommandExecutor.execute(DriverCommandExecutor.java:174)
	at org.openqa.selenium.remote.RemoteWebDriver.execute(RemoteWebDriver.java:545)
	at org.openqa.selenium.remote.ElementLocation$ElementFinder$2.findElement(ElementLocation.java:165)
	at org.openqa.selenium.remote.ElementLocation.findElement(ElementLocation.java:59)
	at org.openqa.selenium.remote.RemoteWebDriver.findElement(RemoteWebDriver.java:368)
	at org.openqa.selenium.remote.RemoteWebDriver.findElement(RemoteWebDriver.java:362)
	at org.openqa.selenium.support.pagefactory.DefaultElementLocator.findElement(DefaultElementLocator.java:68)
	at org.openqa.selenium.support.pagefactory.internal.LocatingElementHandler.invoke(LocatingElementHandler.java:38)
	at jdk.proxy2/jdk.proxy2.$Proxy14.clear(Unknown Source)
	at lt.insoft.uztis.pages.SubmittedApplicationsPage.enterInputJobFunction(SubmittedApplicationsPage.java:347)
	at lt.insoft.uztis.tests.SubmittedApplicationsPageTest.testFillNewApplication(SubmittedApplicationsPageTest.java:178)
	at java.base/jdk.internal.reflect.DirectMethodHandleAccessor.invoke(DirectMethodHandleAccessor.java:103)
	at java.base/java.lang.reflect.Method.invoke(Method.java:580)
	at org.junit.platform.commons.util.ReflectionUtils.invokeMethod(ReflectionUtils.java:728)
	at org.junit.jupiter.engine.execution.MethodInvocation.proceed(MethodInvocation.java:60)
	at org.junit.jupiter.engine.execution.InvocationInterceptorChain$ValidatingInvocation.proceed(InvocationInterceptorChain.java:131)
	at org.junit.jupiter.engine.extension.TimeoutExtension.intercept(TimeoutExtension.java:156)
	at org.junit.jupiter.engine.extension.TimeoutExtension.interceptTestableMethod(TimeoutExtension.java:147)
	at org.junit.jupiter.engine.extension.TimeoutExtension.interceptTestMethod(TimeoutExtension.java:86)
	at org.junit.jupiter.engine.execution.InterceptingExecutableInvoker$ReflectiveInterceptorCall.lambda$ofVoidMethod$0(InterceptingExecutableInvoker.java:103)
	at org.junit.jupiter.engine.execution.InterceptingExecutableInvoker.lambda$invoke$0(InterceptingExecutableInvoker.java:93)
	at org.junit.jupiter.engine.execution.InvocationInterceptorChain$InterceptedInvocation.proceed(InvocationInterceptorChain.java:106)
	at org.junit.jupiter.engine.execution.InvocationInterceptorChain.proceed(InvocationInterceptorChain.java:64)
	at org.junit.jupiter.engine.execution.InvocationInterceptorChain.chainAndInvoke(InvocationInterceptorChain.java:45)
	at org.junit.jupiter.engine.execution.InvocationInterceptorChain.invoke(InvocationInterceptorChain.java:37)
	at org.junit.jupiter.engine.execution.InterceptingExecutableInvoker.invoke(InterceptingExecutableInvoker.java:92)
	at org.junit.jupiter.engine.execution.InterceptingExecutableInvoker.invoke(InterceptingExecutableInvoker.java:86)
	at org.junit.jupiter.engine.descriptor.TestMethodTestDescriptor.lambda$invokeTestMethod$7(TestMethodTestDescriptor.java:218)
	at org.junit.platform.engine.support.hierarchical.ThrowableCollector.execute(ThrowableCollector.java:73)
	at org.junit.jupiter.engine.descriptor.TestMethodTestDescriptor.invokeTestMethod(TestMethodTestDescriptor.java:214)
	at org.junit.jupiter.engine.descriptor.TestMethodTestDescriptor.execute(TestMethodTestDescriptor.java:139)
	at org.junit.jupiter.engine.descriptor.TestMethodTestDescriptor.execute(TestMethodTestDescriptor.java:69)
	at org.junit.platform.engine.support.hierarchical.NodeTestTask.lambda$executeRecursively$6(NodeTestTask.java:151)
	at org.junit.platform.engine.support.hierarchical.ThrowableCollector.execute(ThrowableCollector.java:73)
	at org.junit.platform.engine.support.hierarchical.NodeTestTask.lambda$executeRecursively$8(NodeTestTask.java:141)
	at org.junit.platform.engine.support.hierarchical.Node.around(Node.java:137)
	at org.junit.platform.engine.support.hierarchical.NodeTestTask.lambda$executeRecursively$9(NodeTestTask.java:139)
	at org.junit.platform.engine.support.hierarchical.ThrowableCollector.execute(ThrowableCollector.java:73)
	at org.junit.platform.engine.support.hierarchical.NodeTestTask.executeRecursively(NodeTestTask.java:138)
	at org.junit.platform.engine.support.hierarchical.NodeTestTask.execute(NodeTestTask.java:95)
	at java.base/java.util.ArrayList.forEach(ArrayList.java:1596)
	at org.junit.platform.engine.support.hierarchical.SameThreadHierarchicalTestExecutorService.invokeAll(SameThreadHierarchicalTestExecutorService.java:41)
	at org.junit.platform.engine.support.hierarchical.NodeTestTask.lambda$executeRecursively$6(NodeTestTask.java:155)
	at org.junit.platform.engine.support.hierarchical.ThrowableCollector.execute(ThrowableCollector.java:73)
	at org.junit.platform.engine.support.hierarchical.NodeTestTask.lambda$executeRecursively$8(NodeTestTask.java:141)
	at org.junit.platform.engine.support.hierarchical.Node.around(Node.java:137)
	at org.junit.platform.engine.support.hierarchical.NodeTestTask.lambda$executeRecursively$9(NodeTestTask.java:139)
	at org.junit.platform.engine.support.hierarchical.ThrowableCollector.execute(ThrowableCollector.java:73)
	at org.junit.platform.engine.support.hierarchical.NodeTestTask.executeRecursively(NodeTestTask.java:138)
	at org.junit.platform.engine.support.hierarchical.NodeTestTask.execute(NodeTestTask.java:95)
	at java.base/java.util.ArrayList.forEach(ArrayList.java:1596)
	at org.junit.platform.engine.support.hierarchical.SameThreadHierarchicalTestExecutorService.invokeAll(SameThreadHierarchicalTestExecutorService.java:41)
	at org.junit.platform.engine.support.hierarchical.NodeTestTask.lambda$executeRecursively$6(NodeTestTask.java:155)
	at org.junit.platform.engine.support.hierarchical.ThrowableCollector.execute(ThrowableCollector.java:73)
	at org.junit.platform.engine.support.hierarchical.NodeTestTask.lambda$executeRecursively$8(NodeTestTask.java:141)
	at org.junit.platform.engine.support.hierarchical.Node.around(Node.java:137)
	at org.junit.platform.engine.support.hierarchical.NodeTestTask.lambda$executeRecursively$9(NodeTestTask.java:139)
	at org.junit.platform.engine.support.hierarchical.ThrowableCollector.execute(ThrowableCollector.java:73)
	at org.junit.platform.engine.support.hierarchical.NodeTestTask.executeRecursively(NodeTestTask.java:138)
	at org.junit.platform.engine.support.hierarchical.NodeTestTask.execute(NodeTestTask.java:95)
	at org.junit.platform.engine.support.hierarchical.SameThreadHierarchicalTestExecutorService.submit(SameThreadHierarchicalTestExecutorService.java:35)
	at org.junit.platform.engine.support.hierarchical.HierarchicalTestExecutor.execute(HierarchicalTestExecutor.java:57)
	at org.junit.platform.engine.support.hierarchical.HierarchicalTestEngine.execute(HierarchicalTestEngine.java:54)
	at org.junit.platform.launcher.core.EngineExecutionOrchestrator.execute(EngineExecutionOrchestrator.java:198)
	at org.junit.platform.launcher.core.EngineExecutionOrchestrator.execute(EngineExecutionOrchestrator.java:169)
	at org.junit.platform.launcher.core.EngineExecutionOrchestrator.execute(EngineExecutionOrchestrator.java:93)
	at org.junit.platform.launcher.core.EngineExecutionOrchestrator.lambda$execute$0(EngineExecutionOrchestrator.java:58)
	at org.junit.platform.launcher.core.EngineExecutionOrchestrator.withInterceptedStreams(EngineExecutionOrchestrator.java:141)
	at org.junit.platform.launcher.core.EngineExecutionOrchestrator.execute(EngineExecutionOrchestrator.java:57)
	at org.junit.platform.launcher.core.DefaultLauncher.execute(DefaultLauncher.java:103)
	at org.junit.platform.launcher.core.DefaultLauncher.execute(DefaultLauncher.java:85)
	at org.junit.platform.launcher.core.DelegatingLauncher.execute(DelegatingLauncher.java:47)
	at org.junit.platform.launcher.core.SessionPerRequestLauncher.execute(SessionPerRequestLauncher.java:63)
	at com.intellij.junit5.JUnit5IdeaTestRunner.startRunnerWithArgs(JUnit5IdeaTestRunner.java:57)
	at com.intellij.rt.junit.IdeaTestRunner$Repeater$1.execute(IdeaTestRunner.java:38)
	at com.intellij.rt.execution.junit.TestsRepeater.repeat(TestsRepeater.java:11)
	at com.intellij.rt.junit.IdeaTestRunner$Repeater.startRunnerWithArgs(IdeaTestRunner.java:35)
	at com.intellij.rt.junit.JUnitStarter.prepareStreamsAndStart(JUnitStarter.java:232)
	at com.intellij.rt.junit.JUnitStarter.main(JUnitStarter.java:55)
2025-01-30 14:49:11 [main] INFO  l.insoft.uztis.tests.utils.TestUtils - Screenshot moved to C:\Users\ingrida.zadorozniene\Desktop\Asm\UZTIS\UZTIS_tests\test-output\screenshots\20250130\144911893_testFillNewApplication().png
2025-01-30 14:50:49 [main] INFO  lt.insoft.uztis.tests.UztisPageTest - Navigated to https://uztisdev.asseco.lt/home
2025-01-30 14:50:49 [main] INFO  l.i.u.t.SubmittedApplicationsPageTest - Starting test:'testFillNewApplication'
2025-01-30 14:50:49 [main] DEBUG l.i.u.t.SubmittedApplicationsPageTest - User logged in with test credentials
2025-01-30 14:50:50 [main] DEBUG l.i.u.t.SubmittedApplicationsPageTest - Opened 'Application Processing' menu.
2025-01-30 14:50:50 [main] DEBUG l.i.u.t.SubmittedApplicationsPageTest - Clicked on 'Application Forms' menu.
2025-01-30 14:50:50 [main] DEBUG l.i.u.t.SubmittedApplicationsPageTest - Retrieved last description code text: 'TST-VUI-27'.
2025-01-30 14:50:50 [main] DEBUG l.i.u.t.SubmittedApplicationsPageTest - Clicked on 'Invitation' menu.
2025-01-30 14:50:51 [main] DEBUG l.i.u.t.SubmittedApplicationsPageTest - Selected application section by code: 'TST-VUI-27'.
2025-01-30 14:50:51 [main] DEBUG l.i.u.t.SubmittedApplicationsPageTest - Clicked 'Search' button.
2025-01-30 14:50:51 [main] DEBUG l.i.u.t.SubmittedApplicationsPageTest - Retrieved invitation code: ''.
2025-01-30 14:50:51 [main] DEBUG l.i.u.t.SubmittedApplicationsPageTest - Clicked on 'Submitted Applications' menu.
2025-01-30 14:50:52 [main] DEBUG l.i.u.t.SubmittedApplicationsPageTest - Selected invitation by code: 'TST-VUI-27'.
2025-01-30 14:50:53 [main] DEBUG l.i.u.t.SubmittedApplicationsPageTest - Clicked on 'Action Application' button.
2025-01-30 14:50:53 [main] DEBUG l.i.u.t.SubmittedApplicationsPageTest - Clicked on 'New Application' button.
2025-01-30 14:50:53 [main] DEBUG l.i.u.t.SubmittedApplicationsPageTest - Clicked on 'RadioButtonFA' button.
2025-01-30 14:50:53 [main] DEBUG l.i.u.t.SubmittedApplicationsPageTest - Entered phone number into the input field.
2025-01-30 14:50:54 [main] DEBUG l.i.u.t.SubmittedApplicationsPageTest - Entered eMail into the input field.
2025-01-30 14:50:54 [main] INFO  l.i.u.p.SubmittedApplicationsPage - Located the dropdown button.
2025-01-30 14:51:14 [main] INFO  l.i.u.p.SubmittedApplicationsPage - Found 1741 options in the dropdown.
2025-01-30 14:51:14 [main] INFO  l.i.u.p.SubmittedApplicationsPage - Successfully selected the value: '01.11 - Grūdinių (išskyrus ryžius), ankštinių ir aliejingų sėklų augalų auginimas'
2025-01-30 14:51:24 [main] ERROR l.i.u.p.SubmittedApplicationsPage - Failed to close the dropdown with aria-expanded = 'false'. Attempting manual close.
2025-01-30 14:51:24 [main] INFO  l.i.u.p.SubmittedApplicationsPage - Manual close attempt for the dropdown using body click.
2025-01-30 14:51:25 [main] DEBUG l.i.u.t.SubmittedApplicationsPageTest - Entered Address into the input field.
2025-01-30 14:51:25 [main] DEBUG l.i.u.t.SubmittedApplicationsPageTest - Entered Address into the input field.
2025-01-30 14:51:25 [main] INFO  l.i.u.p.SubmittedApplicationsPage - Located the dropdown button.
2025-01-30 14:51:27 [main] INFO  l.i.u.p.SubmittedApplicationsPage - Successfully selected the value: 'Administratoriai'
2025-01-30 14:51:47 [main] ERROR l.i.u.p.SubmittedApplicationsPage - Timeout while waiting for dropdown to close with aria-expanded = 'false'.
2025-01-30 14:51:47 [main] DEBUG l.i.u.t.SubmittedApplicationsPageTest - Selected the value: 'Administratoriai'
2025-01-30 14:51:57 [main] ERROR l.i.u.t.SubmittedApplicationsPageTest - Test 'testFillNewApplication' failed with error: no such element: Unable to locate element: {"method":"xpath","selector":"//div[contains(@class, 'mat-mdc-form-field-infix')]//common-textarea//textarea[0]"}
  (Session info: chrome=132.0.6834.111)
For documentation on this error, please visit: https://www.selenium.dev/documentation/webdriver/troubleshooting/errors#no-such-element-exception
Build info: version: '4.27.0', revision: 'd6e718d134'
System info: os.name: 'Windows 11', os.arch: 'amd64', os.version: '10.0', java.version: '21.0.3'
Driver info: org.openqa.selenium.chrome.ChromeDriver
Command: [b0886148dd413a4587202a6572ed0c75, findElement {using=xpath, value=//div[contains(@class, 'mat-mdc-form-field-infix')]//common-textarea//textarea[0]}]
Capabilities {acceptInsecureCerts: false, browserName: chrome, browserVersion: 132.0.6834.111, chrome: {chromedriverVersion: 132.0.6834.159 (2d77d3fc445..., userDataDir: C:\Users\INGRID~1.ZAD\AppDa...}, fedcm:accounts: true, goog:chromeOptions: {debuggerAddress: localhost:52969}, networkConnectionEnabled: false, pageLoadStrategy: normal, platformName: windows, proxy: Proxy(), se:cdp: ws://localhost:52969/devtoo..., se:cdpVersion: 132.0.6834.111, setWindowRect: true, strictFileInteractability: false, timeouts: {implicit: 0, pageLoad: 300000, script: 30000}, unhandledPromptBehavior: dismiss and notify, webauthn:extension:credBlob: true, webauthn:extension:largeBlob: true, webauthn:extension:minPinLength: true, webauthn:extension:prf: true, webauthn:virtualAuthenticators: true}
Session ID: b0886148dd413a4587202a6572ed0c75
org.openqa.selenium.NoSuchElementException: no such element: Unable to locate element: {"method":"xpath","selector":"//div[contains(@class, 'mat-mdc-form-field-infix')]//common-textarea//textarea[0]"}
  (Session info: chrome=132.0.6834.111)
For documentation on this error, please visit: https://www.selenium.dev/documentation/webdriver/troubleshooting/errors#no-such-element-exception
Build info: version: '4.27.0', revision: 'd6e718d134'
System info: os.name: 'Windows 11', os.arch: 'amd64', os.version: '10.0', java.version: '21.0.3'
Driver info: org.openqa.selenium.chrome.ChromeDriver
Command: [b0886148dd413a4587202a6572ed0c75, findElement {using=xpath, value=//div[contains(@class, 'mat-mdc-form-field-infix')]//common-textarea//textarea[0]}]
Capabilities {acceptInsecureCerts: false, browserName: chrome, browserVersion: 132.0.6834.111, chrome: {chromedriverVersion: 132.0.6834.159 (2d77d3fc445..., userDataDir: C:\Users\INGRID~1.ZAD\AppDa...}, fedcm:accounts: true, goog:chromeOptions: {debuggerAddress: localhost:52969}, networkConnectionEnabled: false, pageLoadStrategy: normal, platformName: windows, proxy: Proxy(), se:cdp: ws://localhost:52969/devtoo..., se:cdpVersion: 132.0.6834.111, setWindowRect: true, strictFileInteractability: false, timeouts: {implicit: 0, pageLoad: 300000, script: 30000}, unhandledPromptBehavior: dismiss and notify, webauthn:extension:credBlob: true, webauthn:extension:largeBlob: true, webauthn:extension:minPinLength: true, webauthn:extension:prf: true, webauthn:virtualAuthenticators: true}
Session ID: b0886148dd413a4587202a6572ed0c75
	at java.base/jdk.internal.reflect.DirectConstructorHandleAccessor.newInstance(DirectConstructorHandleAccessor.java:62)
	at java.base/java.lang.reflect.Constructor.newInstanceWithCaller(Constructor.java:502)
	at java.base/java.lang.reflect.Constructor.newInstance(Constructor.java:486)
	at org.openqa.selenium.remote.ErrorCodec.decode(ErrorCodec.java:167)
	at org.openqa.selenium.remote.codec.w3c.W3CHttpResponseCodec.decode(W3CHttpResponseCodec.java:138)
	at org.openqa.selenium.remote.codec.w3c.W3CHttpResponseCodec.decode(W3CHttpResponseCodec.java:50)
	at org.openqa.selenium.remote.HttpCommandExecutor.execute(HttpCommandExecutor.java:190)
	at org.openqa.selenium.remote.service.DriverCommandExecutor.invokeExecute(DriverCommandExecutor.java:216)
	at org.openqa.selenium.remote.service.DriverCommandExecutor.execute(DriverCommandExecutor.java:174)
	at org.openqa.selenium.remote.RemoteWebDriver.execute(RemoteWebDriver.java:545)
	at org.openqa.selenium.remote.ElementLocation$ElementFinder$2.findElement(ElementLocation.java:165)
	at org.openqa.selenium.remote.ElementLocation.findElement(ElementLocation.java:59)
	at org.openqa.selenium.remote.RemoteWebDriver.findElement(RemoteWebDriver.java:368)
	at org.openqa.selenium.remote.RemoteWebDriver.findElement(RemoteWebDriver.java:362)
	at org.openqa.selenium.support.pagefactory.DefaultElementLocator.findElement(DefaultElementLocator.java:68)
	at org.openqa.selenium.support.pagefactory.internal.LocatingElementHandler.invoke(LocatingElementHandler.java:38)
	at jdk.proxy2/jdk.proxy2.$Proxy14.clear(Unknown Source)
	at lt.insoft.uztis.pages.SubmittedApplicationsPage.enterInputJobFunction(SubmittedApplicationsPage.java:346)
	at lt.insoft.uztis.tests.SubmittedApplicationsPageTest.testFillNewApplication(SubmittedApplicationsPageTest.java:178)
	at java.base/jdk.internal.reflect.DirectMethodHandleAccessor.invoke(DirectMethodHandleAccessor.java:103)
	at java.base/java.lang.reflect.Method.invoke(Method.java:580)
	at org.junit.platform.commons.util.ReflectionUtils.invokeMethod(ReflectionUtils.java:728)
	at org.junit.jupiter.engine.execution.MethodInvocation.proceed(MethodInvocation.java:60)
	at org.junit.jupiter.engine.execution.InvocationInterceptorChain$ValidatingInvocation.proceed(InvocationInterceptorChain.java:131)
	at org.junit.jupiter.engine.extension.TimeoutExtension.intercept(TimeoutExtension.java:156)
	at org.junit.jupiter.engine.extension.TimeoutExtension.interceptTestableMethod(TimeoutExtension.java:147)
	at org.junit.jupiter.engine.extension.TimeoutExtension.interceptTestMethod(TimeoutExtension.java:86)
	at org.junit.jupiter.engine.execution.InterceptingExecutableInvoker$ReflectiveInterceptorCall.lambda$ofVoidMethod$0(InterceptingExecutableInvoker.java:103)
	at org.junit.jupiter.engine.execution.InterceptingExecutableInvoker.lambda$invoke$0(InterceptingExecutableInvoker.java:93)
	at org.junit.jupiter.engine.execution.InvocationInterceptorChain$InterceptedInvocation.proceed(InvocationInterceptorChain.java:106)
	at org.junit.jupiter.engine.execution.InvocationInterceptorChain.proceed(InvocationInterceptorChain.java:64)
	at org.junit.jupiter.engine.execution.InvocationInterceptorChain.chainAndInvoke(InvocationInterceptorChain.java:45)
	at org.junit.jupiter.engine.execution.InvocationInterceptorChain.invoke(InvocationInterceptorChain.java:37)
	at org.junit.jupiter.engine.execution.InterceptingExecutableInvoker.invoke(InterceptingExecutableInvoker.java:92)
	at org.junit.jupiter.engine.execution.InterceptingExecutableInvoker.invoke(InterceptingExecutableInvoker.java:86)
	at org.junit.jupiter.engine.descriptor.TestMethodTestDescriptor.lambda$invokeTestMethod$7(TestMethodTestDescriptor.java:218)
	at org.junit.platform.engine.support.hierarchical.ThrowableCollector.execute(ThrowableCollector.java:73)
	at org.junit.jupiter.engine.descriptor.TestMethodTestDescriptor.invokeTestMethod(TestMethodTestDescriptor.java:214)
	at org.junit.jupiter.engine.descriptor.TestMethodTestDescriptor.execute(TestMethodTestDescriptor.java:139)
	at org.junit.jupiter.engine.descriptor.TestMethodTestDescriptor.execute(TestMethodTestDescriptor.java:69)
	at org.junit.platform.engine.support.hierarchical.NodeTestTask.lambda$executeRecursively$6(NodeTestTask.java:151)
	at org.junit.platform.engine.support.hierarchical.ThrowableCollector.execute(ThrowableCollector.java:73)
	at org.junit.platform.engine.support.hierarchical.NodeTestTask.lambda$executeRecursively$8(NodeTestTask.java:141)
	at org.junit.platform.engine.support.hierarchical.Node.around(Node.java:137)
	at org.junit.platform.engine.support.hierarchical.NodeTestTask.lambda$executeRecursively$9(NodeTestTask.java:139)
	at org.junit.platform.engine.support.hierarchical.ThrowableCollector.execute(ThrowableCollector.java:73)
	at org.junit.platform.engine.support.hierarchical.NodeTestTask.executeRecursively(NodeTestTask.java:138)
	at org.junit.platform.engine.support.hierarchical.NodeTestTask.execute(NodeTestTask.java:95)
	at java.base/java.util.ArrayList.forEach(ArrayList.java:1596)
	at org.junit.platform.engine.support.hierarchical.SameThreadHierarchicalTestExecutorService.invokeAll(SameThreadHierarchicalTestExecutorService.java:41)
	at org.junit.platform.engine.support.hierarchical.NodeTestTask.lambda$executeRecursively$6(NodeTestTask.java:155)
	at org.junit.platform.engine.support.hierarchical.ThrowableCollector.execute(ThrowableCollector.java:73)
	at org.junit.platform.engine.support.hierarchical.NodeTestTask.lambda$executeRecursively$8(NodeTestTask.java:141)
	at org.junit.platform.engine.support.hierarchical.Node.around(Node.java:137)
	at org.junit.platform.engine.support.hierarchical.NodeTestTask.lambda$executeRecursively$9(NodeTestTask.java:139)
	at org.junit.platform.engine.support.hierarchical.ThrowableCollector.execute(ThrowableCollector.java:73)
	at org.junit.platform.engine.support.hierarchical.NodeTestTask.executeRecursively(NodeTestTask.java:138)
	at org.junit.platform.engine.support.hierarchical.NodeTestTask.execute(NodeTestTask.java:95)
	at java.base/java.util.ArrayList.forEach(ArrayList.java:1596)
	at org.junit.platform.engine.support.hierarchical.SameThreadHierarchicalTestExecutorService.invokeAll(SameThreadHierarchicalTestExecutorService.java:41)
	at org.junit.platform.engine.support.hierarchical.NodeTestTask.lambda$executeRecursively$6(NodeTestTask.java:155)
	at org.junit.platform.engine.support.hierarchical.ThrowableCollector.execute(ThrowableCollector.java:73)
	at org.junit.platform.engine.support.hierarchical.NodeTestTask.lambda$executeRecursively$8(NodeTestTask.java:141)
	at org.junit.platform.engine.support.hierarchical.Node.around(Node.java:137)
	at org.junit.platform.engine.support.hierarchical.NodeTestTask.lambda$executeRecursively$9(NodeTestTask.java:139)
	at org.junit.platform.engine.support.hierarchical.ThrowableCollector.execute(ThrowableCollector.java:73)
	at org.junit.platform.engine.support.hierarchical.NodeTestTask.executeRecursively(NodeTestTask.java:138)
	at org.junit.platform.engine.support.hierarchical.NodeTestTask.execute(NodeTestTask.java:95)
	at org.junit.platform.engine.support.hierarchical.SameThreadHierarchicalTestExecutorService.submit(SameThreadHierarchicalTestExecutorService.java:35)
	at org.junit.platform.engine.support.hierarchical.HierarchicalTestExecutor.execute(HierarchicalTestExecutor.java:57)
	at org.junit.platform.engine.support.hierarchical.HierarchicalTestEngine.execute(HierarchicalTestEngine.java:54)
	at org.junit.platform.launcher.core.EngineExecutionOrchestrator.execute(EngineExecutionOrchestrator.java:198)
	at org.junit.platform.launcher.core.EngineExecutionOrchestrator.execute(EngineExecutionOrchestrator.java:169)
	at org.junit.platform.launcher.core.EngineExecutionOrchestrator.execute(EngineExecutionOrchestrator.java:93)
	at org.junit.platform.launcher.core.EngineExecutionOrchestrator.lambda$execute$0(EngineExecutionOrchestrator.java:58)
	at org.junit.platform.launcher.core.EngineExecutionOrchestrator.withInterceptedStreams(EngineExecutionOrchestrator.java:141)
	at org.junit.platform.launcher.core.EngineExecutionOrchestrator.execute(EngineExecutionOrchestrator.java:57)
	at org.junit.platform.launcher.core.DefaultLauncher.execute(DefaultLauncher.java:103)
	at org.junit.platform.launcher.core.DefaultLauncher.execute(DefaultLauncher.java:85)
	at org.junit.platform.launcher.core.DelegatingLauncher.execute(DelegatingLauncher.java:47)
	at org.junit.platform.launcher.core.SessionPerRequestLauncher.execute(SessionPerRequestLauncher.java:63)
	at com.intellij.junit5.JUnit5IdeaTestRunner.startRunnerWithArgs(JUnit5IdeaTestRunner.java:57)
	at com.intellij.rt.junit.IdeaTestRunner$Repeater$1.execute(IdeaTestRunner.java:38)
	at com.intellij.rt.execution.junit.TestsRepeater.repeat(TestsRepeater.java:11)
	at com.intellij.rt.junit.IdeaTestRunner$Repeater.startRunnerWithArgs(IdeaTestRunner.java:35)
	at com.intellij.rt.junit.JUnitStarter.prepareStreamsAndStart(JUnitStarter.java:232)
	at com.intellij.rt.junit.JUnitStarter.main(JUnitStarter.java:55)
2025-01-30 14:51:57 [main] INFO  l.insoft.uztis.tests.utils.TestUtils - Screenshot moved to C:\Users\ingrida.zadorozniene\Desktop\Asm\UZTIS\UZTIS_tests\test-output\screenshots\20250130\145157374_testFillNewApplication().png
2025-01-30 14:52:42 [main] INFO  lt.insoft.uztis.tests.UztisPageTest - Navigated to https://uztisdev.asseco.lt/home
2025-01-30 14:52:42 [main] INFO  l.i.u.t.SubmittedApplicationsPageTest - Starting test:'testFillNewApplication'
2025-01-30 14:52:43 [main] DEBUG l.i.u.t.SubmittedApplicationsPageTest - User logged in with test credentials
2025-01-30 14:52:43 [main] DEBUG l.i.u.t.SubmittedApplicationsPageTest - Opened 'Application Processing' menu.
2025-01-30 14:52:43 [main] DEBUG l.i.u.t.SubmittedApplicationsPageTest - Clicked on 'Application Forms' menu.
2025-01-30 14:52:44 [main] DEBUG l.i.u.t.SubmittedApplicationsPageTest - Retrieved last description code text: 'TST-VUI-27'.
2025-01-30 14:52:44 [main] DEBUG l.i.u.t.SubmittedApplicationsPageTest - Clicked on 'Invitation' menu.
2025-01-30 14:52:45 [main] DEBUG l.i.u.t.SubmittedApplicationsPageTest - Selected application section by code: 'TST-VUI-27'.
2025-01-30 14:52:45 [main] DEBUG l.i.u.t.SubmittedApplicationsPageTest - Clicked 'Search' button.
2025-01-30 14:52:45 [main] DEBUG l.i.u.t.SubmittedApplicationsPageTest - Retrieved invitation code: ''.
2025-01-30 14:52:45 [main] DEBUG l.i.u.t.SubmittedApplicationsPageTest - Clicked on 'Submitted Applications' menu.
2025-01-30 14:52:46 [main] DEBUG l.i.u.t.SubmittedApplicationsPageTest - Selected invitation by code: 'TST-VUI-27'.
2025-01-30 14:52:46 [main] DEBUG l.i.u.t.SubmittedApplicationsPageTest - Clicked on 'Action Application' button.
2025-01-30 14:52:46 [main] DEBUG l.i.u.t.SubmittedApplicationsPageTest - Clicked on 'New Application' button.
2025-01-30 14:52:47 [main] DEBUG l.i.u.t.SubmittedApplicationsPageTest - Clicked on 'RadioButtonFA' button.
2025-01-30 14:52:47 [main] DEBUG l.i.u.t.SubmittedApplicationsPageTest - Entered phone number into the input field.
2025-01-30 14:52:47 [main] DEBUG l.i.u.t.SubmittedApplicationsPageTest - Entered eMail into the input field.
2025-01-30 14:52:47 [main] INFO  l.i.u.p.SubmittedApplicationsPage - Located the dropdown button.
2025-01-30 14:53:06 [main] INFO  l.i.u.p.SubmittedApplicationsPage - Found 1741 options in the dropdown.
2025-01-30 14:53:07 [main] INFO  l.i.u.p.SubmittedApplicationsPage - Successfully selected the value: '01.11 - Grūdinių (išskyrus ryžius), ankštinių ir aliejingų sėklų augalų auginimas'
2025-01-30 14:53:17 [main] ERROR l.i.u.p.SubmittedApplicationsPage - Failed to close the dropdown with aria-expanded = 'false'. Attempting manual close.
2025-01-30 14:53:17 [main] INFO  l.i.u.p.SubmittedApplicationsPage - Manual close attempt for the dropdown using body click.
2025-01-30 14:53:17 [main] DEBUG l.i.u.t.SubmittedApplicationsPageTest - Entered Address into the input field.
2025-01-30 14:53:18 [main] DEBUG l.i.u.t.SubmittedApplicationsPageTest - Entered Address into the input field.
2025-01-30 14:53:18 [main] INFO  l.i.u.p.SubmittedApplicationsPage - Located the dropdown button.
2025-01-30 14:53:19 [main] INFO  l.i.u.p.SubmittedApplicationsPage - Successfully selected the value: 'Administratoriai'
2025-01-30 14:53:39 [main] ERROR l.i.u.p.SubmittedApplicationsPage - Timeout while waiting for dropdown to close with aria-expanded = 'false'.
2025-01-30 14:53:39 [main] DEBUG l.i.u.t.SubmittedApplicationsPageTest - Selected the value: 'Administratoriai'
2025-01-30 14:53:39 [main] INFO  l.i.u.p.SubmittedApplicationsPage - Located the dropdown button.
2025-01-30 14:53:40 [main] INFO  l.i.u.p.SubmittedApplicationsPage - Successfully selected the value: 'Kita'
2025-01-30 14:53:50 [main] ERROR l.i.u.p.SubmittedApplicationsPage - Timeout while waiting for dropdown to close with aria-expanded = 'false'.
2025-01-30 14:53:50 [main] DEBUG l.i.u.t.SubmittedApplicationsPageTest - Selected the value: 'Kita'
2025-01-30 14:53:50 [main] DEBUG l.i.u.t.SubmittedApplicationsPageTest - Selected the value: '6 val. per dieną ir 4 d. per savaitę'
2025-01-30 14:53:51 [main] DEBUG l.i.u.t.SubmittedApplicationsPageTest - Entered Address into the input field.
2025-01-30 14:54:01 [main] ERROR l.i.u.t.SubmittedApplicationsPageTest - Test 'testFillNewApplication' failed with error: no such element: Unable to locate element: {"method":"xpath","selector":"//div[contains(@class, 'mat-mdc-form-field-infix')]//common-textarea[@id='common-textarea-3']//textarea[3]"}
  (Session info: chrome=132.0.6834.111)
For documentation on this error, please visit: https://www.selenium.dev/documentation/webdriver/troubleshooting/errors#no-such-element-exception
Build info: version: '4.27.0', revision: 'd6e718d134'
System info: os.name: 'Windows 11', os.arch: 'amd64', os.version: '10.0', java.version: '21.0.3'
Driver info: org.openqa.selenium.chrome.ChromeDriver
Command: [4515908951691fb5ae42e6c22bfb35fb, findElement {value=//div[contains(@class, 'mat-mdc-form-field-infix')]//common-textarea[@id='common-textarea-3']//textarea[3], using=xpath}]
Capabilities {acceptInsecureCerts: false, browserName: chrome, browserVersion: 132.0.6834.111, chrome: {chromedriverVersion: 132.0.6834.159 (2d77d3fc445..., userDataDir: C:\Users\INGRID~1.ZAD\AppDa...}, fedcm:accounts: true, goog:chromeOptions: {debuggerAddress: localhost:53053}, networkConnectionEnabled: false, pageLoadStrategy: normal, platformName: windows, proxy: Proxy(), se:cdp: ws://localhost:53053/devtoo..., se:cdpVersion: 132.0.6834.111, setWindowRect: true, strictFileInteractability: false, timeouts: {implicit: 0, pageLoad: 300000, script: 30000}, unhandledPromptBehavior: dismiss and notify, webauthn:extension:credBlob: true, webauthn:extension:largeBlob: true, webauthn:extension:minPinLength: true, webauthn:extension:prf: true, webauthn:virtualAuthenticators: true}
Session ID: 4515908951691fb5ae42e6c22bfb35fb
org.openqa.selenium.NoSuchElementException: no such element: Unable to locate element: {"method":"xpath","selector":"//div[contains(@class, 'mat-mdc-form-field-infix')]//common-textarea[@id='common-textarea-3']//textarea[3]"}
  (Session info: chrome=132.0.6834.111)
For documentation on this error, please visit: https://www.selenium.dev/documentation/webdriver/troubleshooting/errors#no-such-element-exception
Build info: version: '4.27.0', revision: 'd6e718d134'
System info: os.name: 'Windows 11', os.arch: 'amd64', os.version: '10.0', java.version: '21.0.3'
Driver info: org.openqa.selenium.chrome.ChromeDriver
Command: [4515908951691fb5ae42e6c22bfb35fb, findElement {value=//div[contains(@class, 'mat-mdc-form-field-infix')]//common-textarea[@id='common-textarea-3']//textarea[3], using=xpath}]
Capabilities {acceptInsecureCerts: false, browserName: chrome, browserVersion: 132.0.6834.111, chrome: {chromedriverVersion: 132.0.6834.159 (2d77d3fc445..., userDataDir: C:\Users\INGRID~1.ZAD\AppDa...}, fedcm:accounts: true, goog:chromeOptions: {debuggerAddress: localhost:53053}, networkConnectionEnabled: false, pageLoadStrategy: normal, platformName: windows, proxy: Proxy(), se:cdp: ws://localhost:53053/devtoo..., se:cdpVersion: 132.0.6834.111, setWindowRect: true, strictFileInteractability: false, timeouts: {implicit: 0, pageLoad: 300000, script: 30000}, unhandledPromptBehavior: dismiss and notify, webauthn:extension:credBlob: true, webauthn:extension:largeBlob: true, webauthn:extension:minPinLength: true, webauthn:extension:prf: true, webauthn:virtualAuthenticators: true}
Session ID: 4515908951691fb5ae42e6c22bfb35fb
	at java.base/jdk.internal.reflect.DirectConstructorHandleAccessor.newInstance(DirectConstructorHandleAccessor.java:62)
	at java.base/java.lang.reflect.Constructor.newInstanceWithCaller(Constructor.java:502)
	at java.base/java.lang.reflect.Constructor.newInstance(Constructor.java:486)
	at org.openqa.selenium.remote.ErrorCodec.decode(ErrorCodec.java:167)
	at org.openqa.selenium.remote.codec.w3c.W3CHttpResponseCodec.decode(W3CHttpResponseCodec.java:138)
	at org.openqa.selenium.remote.codec.w3c.W3CHttpResponseCodec.decode(W3CHttpResponseCodec.java:50)
	at org.openqa.selenium.remote.HttpCommandExecutor.execute(HttpCommandExecutor.java:190)
	at org.openqa.selenium.remote.service.DriverCommandExecutor.invokeExecute(DriverCommandExecutor.java:216)
	at org.openqa.selenium.remote.service.DriverCommandExecutor.execute(DriverCommandExecutor.java:174)
	at org.openqa.selenium.remote.RemoteWebDriver.execute(RemoteWebDriver.java:545)
	at org.openqa.selenium.remote.ElementLocation$ElementFinder$2.findElement(ElementLocation.java:165)
	at org.openqa.selenium.remote.ElementLocation.findElement(ElementLocation.java:59)
	at org.openqa.selenium.remote.RemoteWebDriver.findElement(RemoteWebDriver.java:368)
	at org.openqa.selenium.remote.RemoteWebDriver.findElement(RemoteWebDriver.java:362)
	at org.openqa.selenium.support.pagefactory.DefaultElementLocator.findElement(DefaultElementLocator.java:68)
	at org.openqa.selenium.support.pagefactory.internal.LocatingElementHandler.invoke(LocatingElementHandler.java:38)
	at jdk.proxy2/jdk.proxy2.$Proxy14.clear(Unknown Source)
	at lt.insoft.uztis.pages.SubmittedApplicationsPage.enterJobDescription(SubmittedApplicationsPage.java:513)
	at lt.insoft.uztis.tests.SubmittedApplicationsPageTest.testFillNewApplication(SubmittedApplicationsPageTest.java:208)
	at java.base/jdk.internal.reflect.DirectMethodHandleAccessor.invoke(DirectMethodHandleAccessor.java:103)
	at java.base/java.lang.reflect.Method.invoke(Method.java:580)
	at org.junit.platform.commons.util.ReflectionUtils.invokeMethod(ReflectionUtils.java:728)
	at org.junit.jupiter.engine.execution.MethodInvocation.proceed(MethodInvocation.java:60)
	at org.junit.jupiter.engine.execution.InvocationInterceptorChain$ValidatingInvocation.proceed(InvocationInterceptorChain.java:131)
	at org.junit.jupiter.engine.extension.TimeoutExtension.intercept(TimeoutExtension.java:156)
	at org.junit.jupiter.engine.extension.TimeoutExtension.interceptTestableMethod(TimeoutExtension.java:147)
	at org.junit.jupiter.engine.extension.TimeoutExtension.interceptTestMethod(TimeoutExtension.java:86)
	at org.junit.jupiter.engine.execution.InterceptingExecutableInvoker$ReflectiveInterceptorCall.lambda$ofVoidMethod$0(InterceptingExecutableInvoker.java:103)
	at org.junit.jupiter.engine.execution.InterceptingExecutableInvoker.lambda$invoke$0(InterceptingExecutableInvoker.java:93)
	at org.junit.jupiter.engine.execution.InvocationInterceptorChain$InterceptedInvocation.proceed(InvocationInterceptorChain.java:106)
	at org.junit.jupiter.engine.execution.InvocationInterceptorChain.proceed(InvocationInterceptorChain.java:64)
	at org.junit.jupiter.engine.execution.InvocationInterceptorChain.chainAndInvoke(InvocationInterceptorChain.java:45)
	at org.junit.jupiter.engine.execution.InvocationInterceptorChain.invoke(InvocationInterceptorChain.java:37)
	at org.junit.jupiter.engine.execution.InterceptingExecutableInvoker.invoke(InterceptingExecutableInvoker.java:92)
	at org.junit.jupiter.engine.execution.InterceptingExecutableInvoker.invoke(InterceptingExecutableInvoker.java:86)
	at org.junit.jupiter.engine.descriptor.TestMethodTestDescriptor.lambda$invokeTestMethod$7(TestMethodTestDescriptor.java:218)
	at org.junit.platform.engine.support.hierarchical.ThrowableCollector.execute(ThrowableCollector.java:73)
	at org.junit.jupiter.engine.descriptor.TestMethodTestDescriptor.invokeTestMethod(TestMethodTestDescriptor.java:214)
	at org.junit.jupiter.engine.descriptor.TestMethodTestDescriptor.execute(TestMethodTestDescriptor.java:139)
	at org.junit.jupiter.engine.descriptor.TestMethodTestDescriptor.execute(TestMethodTestDescriptor.java:69)
	at org.junit.platform.engine.support.hierarchical.NodeTestTask.lambda$executeRecursively$6(NodeTestTask.java:151)
	at org.junit.platform.engine.support.hierarchical.ThrowableCollector.execute(ThrowableCollector.java:73)
	at org.junit.platform.engine.support.hierarchical.NodeTestTask.lambda$executeRecursively$8(NodeTestTask.java:141)
	at org.junit.platform.engine.support.hierarchical.Node.around(Node.java:137)
	at org.junit.platform.engine.support.hierarchical.NodeTestTask.lambda$executeRecursively$9(NodeTestTask.java:139)
	at org.junit.platform.engine.support.hierarchical.ThrowableCollector.execute(ThrowableCollector.java:73)
	at org.junit.platform.engine.support.hierarchical.NodeTestTask.executeRecursively(NodeTestTask.java:138)
	at org.junit.platform.engine.support.hierarchical.NodeTestTask.execute(NodeTestTask.java:95)
	at java.base/java.util.ArrayList.forEach(ArrayList.java:1596)
	at org.junit.platform.engine.support.hierarchical.SameThreadHierarchicalTestExecutorService.invokeAll(SameThreadHierarchicalTestExecutorService.java:41)
	at org.junit.platform.engine.support.hierarchical.NodeTestTask.lambda$executeRecursively$6(NodeTestTask.java:155)
	at org.junit.platform.engine.support.hierarchical.ThrowableCollector.execute(ThrowableCollector.java:73)
	at org.junit.platform.engine.support.hierarchical.NodeTestTask.lambda$executeRecursively$8(NodeTestTask.java:141)
	at org.junit.platform.engine.support.hierarchical.Node.around(Node.java:137)
	at org.junit.platform.engine.support.hierarchical.NodeTestTask.lambda$executeRecursively$9(NodeTestTask.java:139)
	at org.junit.platform.engine.support.hierarchical.ThrowableCollector.execute(ThrowableCollector.java:73)
	at org.junit.platform.engine.support.hierarchical.NodeTestTask.executeRecursively(NodeTestTask.java:138)
	at org.junit.platform.engine.support.hierarchical.NodeTestTask.execute(NodeTestTask.java:95)
	at java.base/java.util.ArrayList.forEach(ArrayList.java:1596)
	at org.junit.platform.engine.support.hierarchical.SameThreadHierarchicalTestExecutorService.invokeAll(SameThreadHierarchicalTestExecutorService.java:41)
	at org.junit.platform.engine.support.hierarchical.NodeTestTask.lambda$executeRecursively$6(NodeTestTask.java:155)
	at org.junit.platform.engine.support.hierarchical.ThrowableCollector.execute(ThrowableCollector.java:73)
	at org.junit.platform.engine.support.hierarchical.NodeTestTask.lambda$executeRecursively$8(NodeTestTask.java:141)
	at org.junit.platform.engine.support.hierarchical.Node.around(Node.java:137)
	at org.junit.platform.engine.support.hierarchical.NodeTestTask.lambda$executeRecursively$9(NodeTestTask.java:139)
	at org.junit.platform.engine.support.hierarchical.ThrowableCollector.execute(ThrowableCollector.java:73)
	at org.junit.platform.engine.support.hierarchical.NodeTestTask.executeRecursively(NodeTestTask.java:138)
	at org.junit.platform.engine.support.hierarchical.NodeTestTask.execute(NodeTestTask.java:95)
	at org.junit.platform.engine.support.hierarchical.SameThreadHierarchicalTestExecutorService.submit(SameThreadHierarchicalTestExecutorService.java:35)
	at org.junit.platform.engine.support.hierarchical.HierarchicalTestExecutor.execute(HierarchicalTestExecutor.java:57)
	at org.junit.platform.engine.support.hierarchical.HierarchicalTestEngine.execute(HierarchicalTestEngine.java:54)
	at org.junit.platform.launcher.core.EngineExecutionOrchestrator.execute(EngineExecutionOrchestrator.java:198)
	at org.junit.platform.launcher.core.EngineExecutionOrchestrator.execute(EngineExecutionOrchestrator.java:169)
	at org.junit.platform.launcher.core.EngineExecutionOrchestrator.execute(EngineExecutionOrchestrator.java:93)
	at org.junit.platform.launcher.core.EngineExecutionOrchestrator.lambda$execute$0(EngineExecutionOrchestrator.java:58)
	at org.junit.platform.launcher.core.EngineExecutionOrchestrator.withInterceptedStreams(EngineExecutionOrchestrator.java:141)
	at org.junit.platform.launcher.core.EngineExecutionOrchestrator.execute(EngineExecutionOrchestrator.java:57)
	at org.junit.platform.launcher.core.DefaultLauncher.execute(DefaultLauncher.java:103)
	at org.junit.platform.launcher.core.DefaultLauncher.execute(DefaultLauncher.java:85)
	at org.junit.platform.launcher.core.DelegatingLauncher.execute(DelegatingLauncher.java:47)
	at org.junit.platform.launcher.core.SessionPerRequestLauncher.execute(SessionPerRequestLauncher.java:63)
	at com.intellij.junit5.JUnit5IdeaTestRunner.startRunnerWithArgs(JUnit5IdeaTestRunner.java:57)
	at com.intellij.rt.junit.IdeaTestRunner$Repeater$1.execute(IdeaTestRunner.java:38)
	at com.intellij.rt.execution.junit.TestsRepeater.repeat(TestsRepeater.java:11)
	at com.intellij.rt.junit.IdeaTestRunner$Repeater.startRunnerWithArgs(IdeaTestRunner.java:35)
	at com.intellij.rt.junit.JUnitStarter.prepareStreamsAndStart(JUnitStarter.java:232)
	at com.intellij.rt.junit.JUnitStarter.main(JUnitStarter.java:55)
2025-01-30 14:54:01 [main] INFO  l.insoft.uztis.tests.utils.TestUtils - Screenshot moved to C:\Users\ingrida.zadorozniene\Desktop\Asm\UZTIS\UZTIS_tests\test-output\screenshots\20250130\145401687_testFillNewApplication().png
2025-01-30 14:58:43 [main] INFO  lt.insoft.uztis.tests.UztisPageTest - Navigated to https://uztisdev.asseco.lt/home
2025-01-30 14:58:43 [main] INFO  l.i.u.t.SubmittedApplicationsPageTest - Starting test:'testFillNewApplication'
2025-01-30 14:58:43 [main] DEBUG l.i.u.t.SubmittedApplicationsPageTest - User logged in with test credentials
2025-01-30 14:58:44 [main] DEBUG l.i.u.t.SubmittedApplicationsPageTest - Opened 'Application Processing' menu.
2025-01-30 14:58:44 [main] DEBUG l.i.u.t.SubmittedApplicationsPageTest - Clicked on 'Application Forms' menu.
2025-01-30 14:58:44 [main] DEBUG l.i.u.t.SubmittedApplicationsPageTest - Retrieved last description code text: 'TST-VUI-27'.
2025-01-30 14:58:44 [main] DEBUG l.i.u.t.SubmittedApplicationsPageTest - Clicked on 'Invitation' menu.
2025-01-30 14:58:45 [main] DEBUG l.i.u.t.SubmittedApplicationsPageTest - Selected application section by code: 'TST-VUI-27'.
2025-01-30 14:58:45 [main] DEBUG l.i.u.t.SubmittedApplicationsPageTest - Clicked 'Search' button.
2025-01-30 14:58:45 [main] DEBUG l.i.u.t.SubmittedApplicationsPageTest - Retrieved invitation code: ''.
2025-01-30 14:58:45 [main] DEBUG l.i.u.t.SubmittedApplicationsPageTest - Clicked on 'Submitted Applications' menu.
2025-01-30 14:58:46 [main] DEBUG l.i.u.t.SubmittedApplicationsPageTest - Selected invitation by code: 'TST-VUI-27'.
2025-01-30 14:58:46 [main] DEBUG l.i.u.t.SubmittedApplicationsPageTest - Clicked on 'Action Application' button.
2025-01-30 14:58:47 [main] DEBUG l.i.u.t.SubmittedApplicationsPageTest - Clicked on 'New Application' button.
2025-01-30 14:58:47 [main] DEBUG l.i.u.t.SubmittedApplicationsPageTest - Clicked on 'RadioButtonFA' button.
2025-01-30 14:58:47 [main] DEBUG l.i.u.t.SubmittedApplicationsPageTest - Entered phone number into the input field.
2025-01-30 14:58:47 [main] DEBUG l.i.u.t.SubmittedApplicationsPageTest - Entered eMail into the input field.
2025-01-30 14:58:47 [main] INFO  l.i.u.p.SubmittedApplicationsPage - Located the dropdown button.
2025-01-30 14:59:05 [main] INFO  l.i.u.p.SubmittedApplicationsPage - Found 1741 options in the dropdown.
2025-01-30 14:59:05 [main] INFO  l.i.u.p.SubmittedApplicationsPage - Successfully selected the value: '01.11 - Grūdinių (išskyrus ryžius), ankštinių ir aliejingų sėklų augalų auginimas'
2025-01-30 14:59:15 [main] ERROR l.i.u.p.SubmittedApplicationsPage - Failed to close the dropdown with aria-expanded = 'false'. Attempting manual close.
2025-01-30 14:59:16 [main] INFO  l.i.u.p.SubmittedApplicationsPage - Manual close attempt for the dropdown using body click.
2025-01-30 14:59:16 [main] DEBUG l.i.u.t.SubmittedApplicationsPageTest - Entered Address into the input field.
2025-01-30 14:59:16 [main] DEBUG l.i.u.t.SubmittedApplicationsPageTest - Entered Address into the input field.
2025-01-30 14:59:16 [main] INFO  l.i.u.p.SubmittedApplicationsPage - Located the dropdown button.
2025-01-30 14:59:18 [main] INFO  l.i.u.p.SubmittedApplicationsPage - Successfully selected the value: 'Administratoriai'
2025-01-30 14:59:38 [main] ERROR l.i.u.p.SubmittedApplicationsPage - Timeout while waiting for dropdown to close with aria-expanded = 'false'.
2025-01-30 14:59:38 [main] DEBUG l.i.u.t.SubmittedApplicationsPageTest - Selected the value: 'Administratoriai'
2025-01-30 14:59:38 [main] INFO  l.i.u.p.SubmittedApplicationsPage - Located the dropdown button.
2025-01-30 14:59:39 [main] INFO  l.i.u.p.SubmittedApplicationsPage - Successfully selected the value: 'Kita'
2025-01-30 14:59:50 [main] ERROR l.i.u.p.SubmittedApplicationsPage - Timeout while waiting for dropdown to close with aria-expanded = 'false'.
2025-01-30 14:59:50 [main] DEBUG l.i.u.t.SubmittedApplicationsPageTest - Selected the value: 'Kita'
2025-01-30 14:59:50 [main] DEBUG l.i.u.t.SubmittedApplicationsPageTest - Selected the value: '6 val. per dieną ir 4 d. per savaitę'
2025-01-30 14:59:50 [main] DEBUG l.i.u.t.SubmittedApplicationsPageTest - Entered Address into the input field.
2025-01-30 15:00:01 [main] ERROR l.i.u.t.SubmittedApplicationsPageTest - Test 'testFillNewApplication' failed with error: no such element: Unable to locate element: {"method":"xpath","selector":"//div[contains(@class, 'mat-mdc-form-field-infix')]//common-textarea[@id='common-textarea-3']//textarea[2]"}
  (Session info: chrome=132.0.6834.111)
For documentation on this error, please visit: https://www.selenium.dev/documentation/webdriver/troubleshooting/errors#no-such-element-exception
Build info: version: '4.27.0', revision: 'd6e718d134'
System info: os.name: 'Windows 11', os.arch: 'amd64', os.version: '10.0', java.version: '21.0.3'
Driver info: org.openqa.selenium.chrome.ChromeDriver
Command: [27ff5cf995a76d34a81725e00474ad99, findElement {value=//div[contains(@class, 'mat-mdc-form-field-infix')]//common-textarea[@id='common-textarea-3']//textarea[2], using=xpath}]
Capabilities {acceptInsecureCerts: false, browserName: chrome, browserVersion: 132.0.6834.111, chrome: {chromedriverVersion: 132.0.6834.159 (2d77d3fc445..., userDataDir: C:\Users\INGRID~1.ZAD\AppDa...}, fedcm:accounts: true, goog:chromeOptions: {debuggerAddress: localhost:53255}, networkConnectionEnabled: false, pageLoadStrategy: normal, platformName: windows, proxy: Proxy(), se:cdp: ws://localhost:53255/devtoo..., se:cdpVersion: 132.0.6834.111, setWindowRect: true, strictFileInteractability: false, timeouts: {implicit: 0, pageLoad: 300000, script: 30000}, unhandledPromptBehavior: dismiss and notify, webauthn:extension:credBlob: true, webauthn:extension:largeBlob: true, webauthn:extension:minPinLength: true, webauthn:extension:prf: true, webauthn:virtualAuthenticators: true}
Session ID: 27ff5cf995a76d34a81725e00474ad99
org.openqa.selenium.NoSuchElementException: no such element: Unable to locate element: {"method":"xpath","selector":"//div[contains(@class, 'mat-mdc-form-field-infix')]//common-textarea[@id='common-textarea-3']//textarea[2]"}
  (Session info: chrome=132.0.6834.111)
For documentation on this error, please visit: https://www.selenium.dev/documentation/webdriver/troubleshooting/errors#no-such-element-exception
Build info: version: '4.27.0', revision: 'd6e718d134'
System info: os.name: 'Windows 11', os.arch: 'amd64', os.version: '10.0', java.version: '21.0.3'
Driver info: org.openqa.selenium.chrome.ChromeDriver
Command: [27ff5cf995a76d34a81725e00474ad99, findElement {value=//div[contains(@class, 'mat-mdc-form-field-infix')]//common-textarea[@id='common-textarea-3']//textarea[2], using=xpath}]
Capabilities {acceptInsecureCerts: false, browserName: chrome, browserVersion: 132.0.6834.111, chrome: {chromedriverVersion: 132.0.6834.159 (2d77d3fc445..., userDataDir: C:\Users\INGRID~1.ZAD\AppDa...}, fedcm:accounts: true, goog:chromeOptions: {debuggerAddress: localhost:53255}, networkConnectionEnabled: false, pageLoadStrategy: normal, platformName: windows, proxy: Proxy(), se:cdp: ws://localhost:53255/devtoo..., se:cdpVersion: 132.0.6834.111, setWindowRect: true, strictFileInteractability: false, timeouts: {implicit: 0, pageLoad: 300000, script: 30000}, unhandledPromptBehavior: dismiss and notify, webauthn:extension:credBlob: true, webauthn:extension:largeBlob: true, webauthn:extension:minPinLength: true, webauthn:extension:prf: true, webauthn:virtualAuthenticators: true}
Session ID: 27ff5cf995a76d34a81725e00474ad99
	at java.base/jdk.internal.reflect.DirectConstructorHandleAccessor.newInstance(DirectConstructorHandleAccessor.java:62)
	at java.base/java.lang.reflect.Constructor.newInstanceWithCaller(Constructor.java:502)
	at java.base/java.lang.reflect.Constructor.newInstance(Constructor.java:486)
	at org.openqa.selenium.remote.ErrorCodec.decode(ErrorCodec.java:167)
	at org.openqa.selenium.remote.codec.w3c.W3CHttpResponseCodec.decode(W3CHttpResponseCodec.java:138)
	at org.openqa.selenium.remote.codec.w3c.W3CHttpResponseCodec.decode(W3CHttpResponseCodec.java:50)
	at org.openqa.selenium.remote.HttpCommandExecutor.execute(HttpCommandExecutor.java:190)
	at org.openqa.selenium.remote.service.DriverCommandExecutor.invokeExecute(DriverCommandExecutor.java:216)
	at org.openqa.selenium.remote.service.DriverCommandExecutor.execute(DriverCommandExecutor.java:174)
	at org.openqa.selenium.remote.RemoteWebDriver.execute(RemoteWebDriver.java:545)
	at org.openqa.selenium.remote.ElementLocation$ElementFinder$2.findElement(ElementLocation.java:165)
	at org.openqa.selenium.remote.ElementLocation.findElement(ElementLocation.java:59)
	at org.openqa.selenium.remote.RemoteWebDriver.findElement(RemoteWebDriver.java:368)
	at org.openqa.selenium.remote.RemoteWebDriver.findElement(RemoteWebDriver.java:362)
	at org.openqa.selenium.support.pagefactory.DefaultElementLocator.findElement(DefaultElementLocator.java:68)
	at org.openqa.selenium.support.pagefactory.internal.LocatingElementHandler.invoke(LocatingElementHandler.java:38)
	at jdk.proxy2/jdk.proxy2.$Proxy14.clear(Unknown Source)
	at lt.insoft.uztis.pages.SubmittedApplicationsPage.enterJobDescription(SubmittedApplicationsPage.java:489)
	at lt.insoft.uztis.tests.SubmittedApplicationsPageTest.testFillNewApplication(SubmittedApplicationsPageTest.java:208)
	at java.base/jdk.internal.reflect.DirectMethodHandleAccessor.invoke(DirectMethodHandleAccessor.java:103)
	at java.base/java.lang.reflect.Method.invoke(Method.java:580)
	at org.junit.platform.commons.util.ReflectionUtils.invokeMethod(ReflectionUtils.java:728)
	at org.junit.jupiter.engine.execution.MethodInvocation.proceed(MethodInvocation.java:60)
	at org.junit.jupiter.engine.execution.InvocationInterceptorChain$ValidatingInvocation.proceed(InvocationInterceptorChain.java:131)
	at org.junit.jupiter.engine.extension.TimeoutExtension.intercept(TimeoutExtension.java:156)
	at org.junit.jupiter.engine.extension.TimeoutExtension.interceptTestableMethod(TimeoutExtension.java:147)
	at org.junit.jupiter.engine.extension.TimeoutExtension.interceptTestMethod(TimeoutExtension.java:86)
	at org.junit.jupiter.engine.execution.InterceptingExecutableInvoker$ReflectiveInterceptorCall.lambda$ofVoidMethod$0(InterceptingExecutableInvoker.java:103)
	at org.junit.jupiter.engine.execution.InterceptingExecutableInvoker.lambda$invoke$0(InterceptingExecutableInvoker.java:93)
	at org.junit.jupiter.engine.execution.InvocationInterceptorChain$InterceptedInvocation.proceed(InvocationInterceptorChain.java:106)
	at org.junit.jupiter.engine.execution.InvocationInterceptorChain.proceed(InvocationInterceptorChain.java:64)
	at org.junit.jupiter.engine.execution.InvocationInterceptorChain.chainAndInvoke(InvocationInterceptorChain.java:45)
	at org.junit.jupiter.engine.execution.InvocationInterceptorChain.invoke(InvocationInterceptorChain.java:37)
	at org.junit.jupiter.engine.execution.InterceptingExecutableInvoker.invoke(InterceptingExecutableInvoker.java:92)
	at org.junit.jupiter.engine.execution.InterceptingExecutableInvoker.invoke(InterceptingExecutableInvoker.java:86)
	at org.junit.jupiter.engine.descriptor.TestMethodTestDescriptor.lambda$invokeTestMethod$7(TestMethodTestDescriptor.java:218)
	at org.junit.platform.engine.support.hierarchical.ThrowableCollector.execute(ThrowableCollector.java:73)
	at org.junit.jupiter.engine.descriptor.TestMethodTestDescriptor.invokeTestMethod(TestMethodTestDescriptor.java:214)
	at org.junit.jupiter.engine.descriptor.TestMethodTestDescriptor.execute(TestMethodTestDescriptor.java:139)
	at org.junit.jupiter.engine.descriptor.TestMethodTestDescriptor.execute(TestMethodTestDescriptor.java:69)
	at org.junit.platform.engine.support.hierarchical.NodeTestTask.lambda$executeRecursively$6(NodeTestTask.java:151)
	at org.junit.platform.engine.support.hierarchical.ThrowableCollector.execute(ThrowableCollector.java:73)
	at org.junit.platform.engine.support.hierarchical.NodeTestTask.lambda$executeRecursively$8(NodeTestTask.java:141)
	at org.junit.platform.engine.support.hierarchical.Node.around(Node.java:137)
	at org.junit.platform.engine.support.hierarchical.NodeTestTask.lambda$executeRecursively$9(NodeTestTask.java:139)
	at org.junit.platform.engine.support.hierarchical.ThrowableCollector.execute(ThrowableCollector.java:73)
	at org.junit.platform.engine.support.hierarchical.NodeTestTask.executeRecursively(NodeTestTask.java:138)
	at org.junit.platform.engine.support.hierarchical.NodeTestTask.execute(NodeTestTask.java:95)
	at java.base/java.util.ArrayList.forEach(ArrayList.java:1596)
	at org.junit.platform.engine.support.hierarchical.SameThreadHierarchicalTestExecutorService.invokeAll(SameThreadHierarchicalTestExecutorService.java:41)
	at org.junit.platform.engine.support.hierarchical.NodeTestTask.lambda$executeRecursively$6(NodeTestTask.java:155)
	at org.junit.platform.engine.support.hierarchical.ThrowableCollector.execute(ThrowableCollector.java:73)
	at org.junit.platform.engine.support.hierarchical.NodeTestTask.lambda$executeRecursively$8(NodeTestTask.java:141)
	at org.junit.platform.engine.support.hierarchical.Node.around(Node.java:137)
	at org.junit.platform.engine.support.hierarchical.NodeTestTask.lambda$executeRecursively$9(NodeTestTask.java:139)
	at org.junit.platform.engine.support.hierarchical.ThrowableCollector.execute(ThrowableCollector.java:73)
	at org.junit.platform.engine.support.hierarchical.NodeTestTask.executeRecursively(NodeTestTask.java:138)
	at org.junit.platform.engine.support.hierarchical.NodeTestTask.execute(NodeTestTask.java:95)
	at java.base/java.util.ArrayList.forEach(ArrayList.java:1596)
	at org.junit.platform.engine.support.hierarchical.SameThreadHierarchicalTestExecutorService.invokeAll(SameThreadHierarchicalTestExecutorService.java:41)
	at org.junit.platform.engine.support.hierarchical.NodeTestTask.lambda$executeRecursively$6(NodeTestTask.java:155)
	at org.junit.platform.engine.support.hierarchical.ThrowableCollector.execute(ThrowableCollector.java:73)
	at org.junit.platform.engine.support.hierarchical.NodeTestTask.lambda$executeRecursively$8(NodeTestTask.java:141)
	at org.junit.platform.engine.support.hierarchical.Node.around(Node.java:137)
	at org.junit.platform.engine.support.hierarchical.NodeTestTask.lambda$executeRecursively$9(NodeTestTask.java:139)
	at org.junit.platform.engine.support.hierarchical.ThrowableCollector.execute(ThrowableCollector.java:73)
	at org.junit.platform.engine.support.hierarchical.NodeTestTask.executeRecursively(NodeTestTask.java:138)
	at org.junit.platform.engine.support.hierarchical.NodeTestTask.execute(NodeTestTask.java:95)
	at org.junit.platform.engine.support.hierarchical.SameThreadHierarchicalTestExecutorService.submit(SameThreadHierarchicalTestExecutorService.java:35)
	at org.junit.platform.engine.support.hierarchical.HierarchicalTestExecutor.execute(HierarchicalTestExecutor.java:57)
	at org.junit.platform.engine.support.hierarchical.HierarchicalTestEngine.execute(HierarchicalTestEngine.java:54)
	at org.junit.platform.launcher.core.EngineExecutionOrchestrator.execute(EngineExecutionOrchestrator.java:198)
	at org.junit.platform.launcher.core.EngineExecutionOrchestrator.execute(EngineExecutionOrchestrator.java:169)
	at org.junit.platform.launcher.core.EngineExecutionOrchestrator.execute(EngineExecutionOrchestrator.java:93)
	at org.junit.platform.launcher.core.EngineExecutionOrchestrator.lambda$execute$0(EngineExecutionOrchestrator.java:58)
	at org.junit.platform.launcher.core.EngineExecutionOrchestrator.withInterceptedStreams(EngineExecutionOrchestrator.java:141)
	at org.junit.platform.launcher.core.EngineExecutionOrchestrator.execute(EngineExecutionOrchestrator.java:57)
	at org.junit.platform.launcher.core.DefaultLauncher.execute(DefaultLauncher.java:103)
	at org.junit.platform.launcher.core.DefaultLauncher.execute(DefaultLauncher.java:85)
	at org.junit.platform.launcher.core.DelegatingLauncher.execute(DelegatingLauncher.java:47)
	at org.junit.platform.launcher.core.SessionPerRequestLauncher.execute(SessionPerRequestLauncher.java:63)
	at com.intellij.junit5.JUnit5IdeaTestRunner.startRunnerWithArgs(JUnit5IdeaTestRunner.java:57)
	at com.intellij.rt.junit.IdeaTestRunner$Repeater$1.execute(IdeaTestRunner.java:38)
	at com.intellij.rt.execution.junit.TestsRepeater.repeat(TestsRepeater.java:11)
	at com.intellij.rt.junit.IdeaTestRunner$Repeater.startRunnerWithArgs(IdeaTestRunner.java:35)
	at com.intellij.rt.junit.JUnitStarter.prepareStreamsAndStart(JUnitStarter.java:232)
	at com.intellij.rt.junit.JUnitStarter.main(JUnitStarter.java:55)
2025-01-30 15:00:01 [main] INFO  l.insoft.uztis.tests.utils.TestUtils - Screenshot moved to C:\Users\ingrida.zadorozniene\Desktop\Asm\UZTIS\UZTIS_tests\test-output\screenshots\20250130\150001288_testFillNewApplication().png
2025-01-30 15:00:44 [main] INFO  lt.insoft.uztis.tests.UztisPageTest - Navigated to https://uztisdev.asseco.lt/home
2025-01-30 15:00:45 [main] INFO  l.i.u.t.SubmittedApplicationsPageTest - Starting test:'testFillNewApplication'
2025-01-30 15:00:45 [main] DEBUG l.i.u.t.SubmittedApplicationsPageTest - User logged in with test credentials
2025-01-30 15:00:46 [main] DEBUG l.i.u.t.SubmittedApplicationsPageTest - Opened 'Application Processing' menu.
2025-01-30 15:00:46 [main] DEBUG l.i.u.t.SubmittedApplicationsPageTest - Clicked on 'Application Forms' menu.
2025-01-30 15:00:46 [main] DEBUG l.i.u.t.SubmittedApplicationsPageTest - Retrieved last description code text: 'TST-VUI-27'.
2025-01-30 15:00:46 [main] DEBUG l.i.u.t.SubmittedApplicationsPageTest - Clicked on 'Invitation' menu.
2025-01-30 15:00:47 [main] DEBUG l.i.u.t.SubmittedApplicationsPageTest - Selected application section by code: 'TST-VUI-27'.
2025-01-30 15:00:47 [main] DEBUG l.i.u.t.SubmittedApplicationsPageTest - Clicked 'Search' button.
2025-01-30 15:00:47 [main] DEBUG l.i.u.t.SubmittedApplicationsPageTest - Retrieved invitation code: ''.
2025-01-30 15:00:47 [main] DEBUG l.i.u.t.SubmittedApplicationsPageTest - Clicked on 'Submitted Applications' menu.
2025-01-30 15:00:48 [main] DEBUG l.i.u.t.SubmittedApplicationsPageTest - Selected invitation by code: 'TST-VUI-27'.
2025-01-30 15:00:48 [main] DEBUG l.i.u.t.SubmittedApplicationsPageTest - Clicked on 'Action Application' button.
2025-01-30 15:00:49 [main] DEBUG l.i.u.t.SubmittedApplicationsPageTest - Clicked on 'New Application' button.
2025-01-30 15:00:50 [main] DEBUG l.i.u.t.SubmittedApplicationsPageTest - Clicked on 'RadioButtonFA' button.
2025-01-30 15:00:51 [main] DEBUG l.i.u.t.SubmittedApplicationsPageTest - Entered phone number into the input field.
2025-01-30 15:00:51 [main] DEBUG l.i.u.t.SubmittedApplicationsPageTest - Entered eMail into the input field.
2025-01-30 15:00:51 [main] INFO  l.i.u.p.SubmittedApplicationsPage - Located the dropdown button.
2025-01-30 15:01:10 [main] INFO  l.i.u.p.SubmittedApplicationsPage - Found 1741 options in the dropdown.
2025-01-30 15:01:11 [main] INFO  l.i.u.p.SubmittedApplicationsPage - Successfully selected the value: '01.11 - Grūdinių (išskyrus ryžius), ankštinių ir aliejingų sėklų augalų auginimas'
2025-01-30 15:01:21 [main] ERROR l.i.u.p.SubmittedApplicationsPage - Failed to close the dropdown with aria-expanded = 'false'. Attempting manual close.
2025-01-30 15:01:21 [main] INFO  l.i.u.p.SubmittedApplicationsPage - Manual close attempt for the dropdown using body click.
2025-01-30 15:01:21 [main] DEBUG l.i.u.t.SubmittedApplicationsPageTest - Entered Address into the input field.
2025-01-30 15:01:22 [main] DEBUG l.i.u.t.SubmittedApplicationsPageTest - Entered Address into the input field.
2025-01-30 15:01:22 [main] INFO  l.i.u.p.SubmittedApplicationsPage - Located the dropdown button.
2025-01-30 15:01:23 [main] INFO  l.i.u.p.SubmittedApplicationsPage - Successfully selected the value: 'Administratoriai'
2025-01-30 15:01:43 [main] ERROR l.i.u.p.SubmittedApplicationsPage - Timeout while waiting for dropdown to close with aria-expanded = 'false'.
2025-01-30 15:01:43 [main] DEBUG l.i.u.t.SubmittedApplicationsPageTest - Selected the value: 'Administratoriai'
2025-01-30 15:01:44 [main] INFO  l.i.u.p.SubmittedApplicationsPage - Located the dropdown button.
2025-01-30 15:01:44 [main] INFO  l.i.u.p.SubmittedApplicationsPage - Successfully selected the value: 'Kita'
2025-01-30 15:01:54 [main] ERROR l.i.u.p.SubmittedApplicationsPage - Timeout while waiting for dropdown to close with aria-expanded = 'false'.
2025-01-30 15:01:54 [main] DEBUG l.i.u.t.SubmittedApplicationsPageTest - Selected the value: 'Kita'
2025-01-30 15:01:54 [main] DEBUG l.i.u.t.SubmittedApplicationsPageTest - Selected the value: '6 val. per dieną ir 4 d. per savaitę'
2025-01-30 15:01:55 [main] DEBUG l.i.u.t.SubmittedApplicationsPageTest - Entered Address into the input field.
2025-01-30 15:02:05 [main] ERROR l.i.u.t.SubmittedApplicationsPageTest - Test 'testFillNewApplication' failed with error: no such element: Unable to locate element: {"method":"xpath","selector":"//div[contains(@class, 'mat-mdc-form-field-infix')]//common-textarea[@id='common-textarea-2']//textarea[2]"}
  (Session info: chrome=132.0.6834.111)
For documentation on this error, please visit: https://www.selenium.dev/documentation/webdriver/troubleshooting/errors#no-such-element-exception
Build info: version: '4.27.0', revision: 'd6e718d134'
System info: os.name: 'Windows 11', os.arch: 'amd64', os.version: '10.0', java.version: '21.0.3'
Driver info: org.openqa.selenium.chrome.ChromeDriver
Command: [95f0c20a0cbeb9cbc56d1d2302ab442d, findElement {using=xpath, value=//div[contains(@class, 'mat-mdc-form-field-infix')]//common-textarea[@id='common-textarea-2']//textarea[2]}]
Capabilities {acceptInsecureCerts: false, browserName: chrome, browserVersion: 132.0.6834.111, chrome: {chromedriverVersion: 132.0.6834.159 (2d77d3fc445..., userDataDir: C:\Users\INGRID~1.ZAD\AppDa...}, fedcm:accounts: true, goog:chromeOptions: {debuggerAddress: localhost:53346}, networkConnectionEnabled: false, pageLoadStrategy: normal, platformName: windows, proxy: Proxy(), se:cdp: ws://localhost:53346/devtoo..., se:cdpVersion: 132.0.6834.111, setWindowRect: true, strictFileInteractability: false, timeouts: {implicit: 0, pageLoad: 300000, script: 30000}, unhandledPromptBehavior: dismiss and notify, webauthn:extension:credBlob: true, webauthn:extension:largeBlob: true, webauthn:extension:minPinLength: true, webauthn:extension:prf: true, webauthn:virtualAuthenticators: true}
Session ID: 95f0c20a0cbeb9cbc56d1d2302ab442d
org.openqa.selenium.NoSuchElementException: no such element: Unable to locate element: {"method":"xpath","selector":"//div[contains(@class, 'mat-mdc-form-field-infix')]//common-textarea[@id='common-textarea-2']//textarea[2]"}
  (Session info: chrome=132.0.6834.111)
For documentation on this error, please visit: https://www.selenium.dev/documentation/webdriver/troubleshooting/errors#no-such-element-exception
Build info: version: '4.27.0', revision: 'd6e718d134'
System info: os.name: 'Windows 11', os.arch: 'amd64', os.version: '10.0', java.version: '21.0.3'
Driver info: org.openqa.selenium.chrome.ChromeDriver
Command: [95f0c20a0cbeb9cbc56d1d2302ab442d, findElement {using=xpath, value=//div[contains(@class, 'mat-mdc-form-field-infix')]//common-textarea[@id='common-textarea-2']//textarea[2]}]
Capabilities {acceptInsecureCerts: false, browserName: chrome, browserVersion: 132.0.6834.111, chrome: {chromedriverVersion: 132.0.6834.159 (2d77d3fc445..., userDataDir: C:\Users\INGRID~1.ZAD\AppDa...}, fedcm:accounts: true, goog:chromeOptions: {debuggerAddress: localhost:53346}, networkConnectionEnabled: false, pageLoadStrategy: normal, platformName: windows, proxy: Proxy(), se:cdp: ws://localhost:53346/devtoo..., se:cdpVersion: 132.0.6834.111, setWindowRect: true, strictFileInteractability: false, timeouts: {implicit: 0, pageLoad: 300000, script: 30000}, unhandledPromptBehavior: dismiss and notify, webauthn:extension:credBlob: true, webauthn:extension:largeBlob: true, webauthn:extension:minPinLength: true, webauthn:extension:prf: true, webauthn:virtualAuthenticators: true}
Session ID: 95f0c20a0cbeb9cbc56d1d2302ab442d
	at java.base/jdk.internal.reflect.DirectConstructorHandleAccessor.newInstance(DirectConstructorHandleAccessor.java:62)
	at java.base/java.lang.reflect.Constructor.newInstanceWithCaller(Constructor.java:502)
	at java.base/java.lang.reflect.Constructor.newInstance(Constructor.java:486)
	at org.openqa.selenium.remote.ErrorCodec.decode(ErrorCodec.java:167)
	at org.openqa.selenium.remote.codec.w3c.W3CHttpResponseCodec.decode(W3CHttpResponseCodec.java:138)
	at org.openqa.selenium.remote.codec.w3c.W3CHttpResponseCodec.decode(W3CHttpResponseCodec.java:50)
	at org.openqa.selenium.remote.HttpCommandExecutor.execute(HttpCommandExecutor.java:190)
	at org.openqa.selenium.remote.service.DriverCommandExecutor.invokeExecute(DriverCommandExecutor.java:216)
	at org.openqa.selenium.remote.service.DriverCommandExecutor.execute(DriverCommandExecutor.java:174)
	at org.openqa.selenium.remote.RemoteWebDriver.execute(RemoteWebDriver.java:545)
	at org.openqa.selenium.remote.ElementLocation$ElementFinder$2.findElement(ElementLocation.java:165)
	at org.openqa.selenium.remote.ElementLocation.findElement(ElementLocation.java:59)
	at org.openqa.selenium.remote.RemoteWebDriver.findElement(RemoteWebDriver.java:368)
	at org.openqa.selenium.remote.RemoteWebDriver.findElement(RemoteWebDriver.java:362)
	at org.openqa.selenium.support.pagefactory.DefaultElementLocator.findElement(DefaultElementLocator.java:68)
	at org.openqa.selenium.support.pagefactory.internal.LocatingElementHandler.invoke(LocatingElementHandler.java:38)
	at jdk.proxy2/jdk.proxy2.$Proxy14.clear(Unknown Source)
	at lt.insoft.uztis.pages.SubmittedApplicationsPage.enterJobDescription(SubmittedApplicationsPage.java:489)
	at lt.insoft.uztis.tests.SubmittedApplicationsPageTest.testFillNewApplication(SubmittedApplicationsPageTest.java:208)
	at java.base/jdk.internal.reflect.DirectMethodHandleAccessor.invoke(DirectMethodHandleAccessor.java:103)
	at java.base/java.lang.reflect.Method.invoke(Method.java:580)
	at org.junit.platform.commons.util.ReflectionUtils.invokeMethod(ReflectionUtils.java:728)
	at org.junit.jupiter.engine.execution.MethodInvocation.proceed(MethodInvocation.java:60)
	at org.junit.jupiter.engine.execution.InvocationInterceptorChain$ValidatingInvocation.proceed(InvocationInterceptorChain.java:131)
	at org.junit.jupiter.engine.extension.TimeoutExtension.intercept(TimeoutExtension.java:156)
	at org.junit.jupiter.engine.extension.TimeoutExtension.interceptTestableMethod(TimeoutExtension.java:147)
	at org.junit.jupiter.engine.extension.TimeoutExtension.interceptTestMethod(TimeoutExtension.java:86)
	at org.junit.jupiter.engine.execution.InterceptingExecutableInvoker$ReflectiveInterceptorCall.lambda$ofVoidMethod$0(InterceptingExecutableInvoker.java:103)
	at org.junit.jupiter.engine.execution.InterceptingExecutableInvoker.lambda$invoke$0(InterceptingExecutableInvoker.java:93)
	at org.junit.jupiter.engine.execution.InvocationInterceptorChain$InterceptedInvocation.proceed(InvocationInterceptorChain.java:106)
	at org.junit.jupiter.engine.execution.InvocationInterceptorChain.proceed(InvocationInterceptorChain.java:64)
	at org.junit.jupiter.engine.execution.InvocationInterceptorChain.chainAndInvoke(InvocationInterceptorChain.java:45)
	at org.junit.jupiter.engine.execution.InvocationInterceptorChain.invoke(InvocationInterceptorChain.java:37)
	at org.junit.jupiter.engine.execution.InterceptingExecutableInvoker.invoke(InterceptingExecutableInvoker.java:92)
	at org.junit.jupiter.engine.execution.InterceptingExecutableInvoker.invoke(InterceptingExecutableInvoker.java:86)
	at org.junit.jupiter.engine.descriptor.TestMethodTestDescriptor.lambda$invokeTestMethod$7(TestMethodTestDescriptor.java:218)
	at org.junit.platform.engine.support.hierarchical.ThrowableCollector.execute(ThrowableCollector.java:73)
	at org.junit.jupiter.engine.descriptor.TestMethodTestDescriptor.invokeTestMethod(TestMethodTestDescriptor.java:214)
	at org.junit.jupiter.engine.descriptor.TestMethodTestDescriptor.execute(TestMethodTestDescriptor.java:139)
	at org.junit.jupiter.engine.descriptor.TestMethodTestDescriptor.execute(TestMethodTestDescriptor.java:69)
	at org.junit.platform.engine.support.hierarchical.NodeTestTask.lambda$executeRecursively$6(NodeTestTask.java:151)
	at org.junit.platform.engine.support.hierarchical.ThrowableCollector.execute(ThrowableCollector.java:73)
	at org.junit.platform.engine.support.hierarchical.NodeTestTask.lambda$executeRecursively$8(NodeTestTask.java:141)
	at org.junit.platform.engine.support.hierarchical.Node.around(Node.java:137)
	at org.junit.platform.engine.support.hierarchical.NodeTestTask.lambda$executeRecursively$9(NodeTestTask.java:139)
	at org.junit.platform.engine.support.hierarchical.ThrowableCollector.execute(ThrowableCollector.java:73)
	at org.junit.platform.engine.support.hierarchical.NodeTestTask.executeRecursively(NodeTestTask.java:138)
	at org.junit.platform.engine.support.hierarchical.NodeTestTask.execute(NodeTestTask.java:95)
	at java.base/java.util.ArrayList.forEach(ArrayList.java:1596)
	at org.junit.platform.engine.support.hierarchical.SameThreadHierarchicalTestExecutorService.invokeAll(SameThreadHierarchicalTestExecutorService.java:41)
	at org.junit.platform.engine.support.hierarchical.NodeTestTask.lambda$executeRecursively$6(NodeTestTask.java:155)
	at org.junit.platform.engine.support.hierarchical.ThrowableCollector.execute(ThrowableCollector.java:73)
	at org.junit.platform.engine.support.hierarchical.NodeTestTask.lambda$executeRecursively$8(NodeTestTask.java:141)
	at org.junit.platform.engine.support.hierarchical.Node.around(Node.java:137)
	at org.junit.platform.engine.support.hierarchical.NodeTestTask.lambda$executeRecursively$9(NodeTestTask.java:139)
	at org.junit.platform.engine.support.hierarchical.ThrowableCollector.execute(ThrowableCollector.java:73)
	at org.junit.platform.engine.support.hierarchical.NodeTestTask.executeRecursively(NodeTestTask.java:138)
	at org.junit.platform.engine.support.hierarchical.NodeTestTask.execute(NodeTestTask.java:95)
	at java.base/java.util.ArrayList.forEach(ArrayList.java:1596)
	at org.junit.platform.engine.support.hierarchical.SameThreadHierarchicalTestExecutorService.invokeAll(SameThreadHierarchicalTestExecutorService.java:41)
	at org.junit.platform.engine.support.hierarchical.NodeTestTask.lambda$executeRecursively$6(NodeTestTask.java:155)
	at org.junit.platform.engine.support.hierarchical.ThrowableCollector.execute(ThrowableCollector.java:73)
	at org.junit.platform.engine.support.hierarchical.NodeTestTask.lambda$executeRecursively$8(NodeTestTask.java:141)
	at org.junit.platform.engine.support.hierarchical.Node.around(Node.java:137)
	at org.junit.platform.engine.support.hierarchical.NodeTestTask.lambda$executeRecursively$9(NodeTestTask.java:139)
	at org.junit.platform.engine.support.hierarchical.ThrowableCollector.execute(ThrowableCollector.java:73)
	at org.junit.platform.engine.support.hierarchical.NodeTestTask.executeRecursively(NodeTestTask.java:138)
	at org.junit.platform.engine.support.hierarchical.NodeTestTask.execute(NodeTestTask.java:95)
	at org.junit.platform.engine.support.hierarchical.SameThreadHierarchicalTestExecutorService.submit(SameThreadHierarchicalTestExecutorService.java:35)
	at org.junit.platform.engine.support.hierarchical.HierarchicalTestExecutor.execute(HierarchicalTestExecutor.java:57)
	at org.junit.platform.engine.support.hierarchical.HierarchicalTestEngine.execute(HierarchicalTestEngine.java:54)
	at org.junit.platform.launcher.core.EngineExecutionOrchestrator.execute(EngineExecutionOrchestrator.java:198)
	at org.junit.platform.launcher.core.EngineExecutionOrchestrator.execute(EngineExecutionOrchestrator.java:169)
	at org.junit.platform.launcher.core.EngineExecutionOrchestrator.execute(EngineExecutionOrchestrator.java:93)
	at org.junit.platform.launcher.core.EngineExecutionOrchestrator.lambda$execute$0(EngineExecutionOrchestrator.java:58)
	at org.junit.platform.launcher.core.EngineExecutionOrchestrator.withInterceptedStreams(EngineExecutionOrchestrator.java:141)
	at org.junit.platform.launcher.core.EngineExecutionOrchestrator.execute(EngineExecutionOrchestrator.java:57)
	at org.junit.platform.launcher.core.DefaultLauncher.execute(DefaultLauncher.java:103)
	at org.junit.platform.launcher.core.DefaultLauncher.execute(DefaultLauncher.java:85)
	at org.junit.platform.launcher.core.DelegatingLauncher.execute(DelegatingLauncher.java:47)
	at org.junit.platform.launcher.core.SessionPerRequestLauncher.execute(SessionPerRequestLauncher.java:63)
	at com.intellij.junit5.JUnit5IdeaTestRunner.startRunnerWithArgs(JUnit5IdeaTestRunner.java:57)
	at com.intellij.rt.junit.IdeaTestRunner$Repeater$1.execute(IdeaTestRunner.java:38)
	at com.intellij.rt.execution.junit.TestsRepeater.repeat(TestsRepeater.java:11)
	at com.intellij.rt.junit.IdeaTestRunner$Repeater.startRunnerWithArgs(IdeaTestRunner.java:35)
	at com.intellij.rt.junit.JUnitStarter.prepareStreamsAndStart(JUnitStarter.java:232)
	at com.intellij.rt.junit.JUnitStarter.main(JUnitStarter.java:55)
2025-01-30 15:02:06 [main] INFO  l.insoft.uztis.tests.utils.TestUtils - Screenshot moved to C:\Users\ingrida.zadorozniene\Desktop\Asm\UZTIS\UZTIS_tests\test-output\screenshots\20250130\150206029_testFillNewApplication().png
2025-01-30 15:06:36 [main] INFO  lt.insoft.uztis.tests.UztisPageTest - Navigated to https://uztisdev.asseco.lt/home
2025-01-30 15:06:36 [main] INFO  l.i.u.t.SubmittedApplicationsPageTest - Starting test:'testFillNewApplication'
2025-01-30 15:06:36 [main] DEBUG l.i.u.t.SubmittedApplicationsPageTest - User logged in with test credentials
2025-01-30 15:06:37 [main] DEBUG l.i.u.t.SubmittedApplicationsPageTest - Opened 'Application Processing' menu.
2025-01-30 15:06:37 [main] DEBUG l.i.u.t.SubmittedApplicationsPageTest - Clicked on 'Application Forms' menu.
2025-01-30 15:06:37 [main] DEBUG l.i.u.t.SubmittedApplicationsPageTest - Retrieved last description code text: 'TST-VUI-27'.
2025-01-30 15:06:37 [main] DEBUG l.i.u.t.SubmittedApplicationsPageTest - Clicked on 'Invitation' menu.
2025-01-30 15:06:38 [main] DEBUG l.i.u.t.SubmittedApplicationsPageTest - Selected application section by code: 'TST-VUI-27'.
2025-01-30 15:06:38 [main] DEBUG l.i.u.t.SubmittedApplicationsPageTest - Clicked 'Search' button.
2025-01-30 15:06:38 [main] DEBUG l.i.u.t.SubmittedApplicationsPageTest - Retrieved invitation code: ''.
2025-01-30 15:06:38 [main] DEBUG l.i.u.t.SubmittedApplicationsPageTest - Clicked on 'Submitted Applications' menu.
2025-01-30 15:06:39 [main] DEBUG l.i.u.t.SubmittedApplicationsPageTest - Selected invitation by code: 'TST-VUI-27'.
2025-01-30 15:06:40 [main] DEBUG l.i.u.t.SubmittedApplicationsPageTest - Clicked on 'Action Application' button.
2025-01-30 15:06:40 [main] DEBUG l.i.u.t.SubmittedApplicationsPageTest - Clicked on 'New Application' button.
2025-01-30 15:06:40 [main] DEBUG l.i.u.t.SubmittedApplicationsPageTest - Clicked on 'RadioButtonFA' button.
2025-01-30 15:06:41 [main] DEBUG l.i.u.t.SubmittedApplicationsPageTest - Entered phone number into the input field.
2025-01-30 15:06:41 [main] DEBUG l.i.u.t.SubmittedApplicationsPageTest - Entered eMail into the input field.
2025-01-30 15:06:41 [main] INFO  l.i.u.p.SubmittedApplicationsPage - Located the dropdown button.
2025-01-30 15:07:00 [main] INFO  l.i.u.p.SubmittedApplicationsPage - Found 1741 options in the dropdown.
2025-01-30 15:07:00 [main] INFO  l.i.u.p.SubmittedApplicationsPage - Successfully selected the value: '01.11 - Grūdinių (išskyrus ryžius), ankštinių ir aliejingų sėklų augalų auginimas'
2025-01-30 15:07:11 [main] ERROR l.i.u.p.SubmittedApplicationsPage - Failed to close the dropdown with aria-expanded = 'false'. Attempting manual close.
2025-01-30 15:07:11 [main] INFO  l.i.u.p.SubmittedApplicationsPage - Manual close attempt for the dropdown using body click.
2025-01-30 15:07:11 [main] DEBUG l.i.u.t.SubmittedApplicationsPageTest - Entered Address into the input field.
2025-01-30 15:07:12 [main] DEBUG l.i.u.t.SubmittedApplicationsPageTest - Entered Address into the input field.
2025-01-30 15:07:12 [main] INFO  l.i.u.p.SubmittedApplicationsPage - Located the dropdown button.
2025-01-30 15:07:13 [main] INFO  l.i.u.p.SubmittedApplicationsPage - Successfully selected the value: 'Administratoriai'
2025-01-30 15:07:33 [main] ERROR l.i.u.p.SubmittedApplicationsPage - Timeout while waiting for dropdown to close with aria-expanded = 'false'.
2025-01-30 15:07:33 [main] DEBUG l.i.u.t.SubmittedApplicationsPageTest - Selected the value: 'Administratoriai'
2025-01-30 15:07:34 [main] INFO  l.i.u.p.SubmittedApplicationsPage - Located the dropdown button.
2025-01-30 15:07:34 [main] INFO  l.i.u.p.SubmittedApplicationsPage - Successfully selected the value: 'Kita'
2025-01-30 15:07:44 [main] ERROR l.i.u.p.SubmittedApplicationsPage - Timeout while waiting for dropdown to close with aria-expanded = 'false'.
2025-01-30 15:07:44 [main] DEBUG l.i.u.t.SubmittedApplicationsPageTest - Selected the value: 'Kita'
2025-01-30 15:07:45 [main] DEBUG l.i.u.t.SubmittedApplicationsPageTest - Selected the value: '6 val. per dieną ir 4 d. per savaitę'
2025-01-30 15:07:45 [main] DEBUG l.i.u.t.SubmittedApplicationsPageTest - Entered Address into the input field.
2025-01-30 15:07:56 [main] ERROR l.i.u.t.SubmittedApplicationsPageTest - Test 'testFillNewApplication' failed with error: Error communicating with the remote browser. It may have died.
Build info: version: '4.27.0', revision: 'd6e718d134'
System info: os.name: 'Windows 11', os.arch: 'amd64', os.version: '10.0', java.version: '21.0.3'
Driver info: org.openqa.selenium.chrome.ChromeDriver
Command: [3d0c2b730aa8681a92f8c0cbeb0917cf, findElement [using, value]]
Capabilities {acceptInsecureCerts: false, browserName: chrome, browserVersion: 132.0.6834.111, chrome: {chromedriverVersion: 132.0.6834.159 (2d77d3fc445..., userDataDir: C:\Users\INGRID~1.ZAD\AppDa...}, fedcm:accounts: true, goog:chromeOptions: {debuggerAddress: localhost:53567}, networkConnectionEnabled: false, pageLoadStrategy: normal, platformName: windows, proxy: Proxy(), se:cdp: ws://localhost:53567/devtoo..., se:cdpVersion: 132.0.6834.111, setWindowRect: true, strictFileInteractability: false, timeouts: {implicit: 0, pageLoad: 300000, script: 30000}, unhandledPromptBehavior: dismiss and notify, webauthn:extension:credBlob: true, webauthn:extension:largeBlob: true, webauthn:extension:minPinLength: true, webauthn:extension:prf: true, webauthn:virtualAuthenticators: true}
Session ID: 3d0c2b730aa8681a92f8c0cbeb0917cf
org.openqa.selenium.remote.UnreachableBrowserException: Error communicating with the remote browser. It may have died.
Build info: version: '4.27.0', revision: 'd6e718d134'
System info: os.name: 'Windows 11', os.arch: 'amd64', os.version: '10.0', java.version: '21.0.3'
Driver info: org.openqa.selenium.chrome.ChromeDriver
Command: [3d0c2b730aa8681a92f8c0cbeb0917cf, findElement [using, value]]
Capabilities {acceptInsecureCerts: false, browserName: chrome, browserVersion: 132.0.6834.111, chrome: {chromedriverVersion: 132.0.6834.159 (2d77d3fc445..., userDataDir: C:\Users\INGRID~1.ZAD\AppDa...}, fedcm:accounts: true, goog:chromeOptions: {debuggerAddress: localhost:53567}, networkConnectionEnabled: false, pageLoadStrategy: normal, platformName: windows, proxy: Proxy(), se:cdp: ws://localhost:53567/devtoo..., se:cdpVersion: 132.0.6834.111, setWindowRect: true, strictFileInteractability: false, timeouts: {implicit: 0, pageLoad: 300000, script: 30000}, unhandledPromptBehavior: dismiss and notify, webauthn:extension:credBlob: true, webauthn:extension:largeBlob: true, webauthn:extension:minPinLength: true, webauthn:extension:prf: true, webauthn:virtualAuthenticators: true}
Session ID: 3d0c2b730aa8681a92f8c0cbeb0917cf
	at org.openqa.selenium.remote.RemoteWebDriver.execute(RemoteWebDriver.java:572)
	at org.openqa.selenium.remote.ElementLocation$ElementFinder$2.findElement(ElementLocation.java:165)
	at org.openqa.selenium.remote.ElementLocation.findElement(ElementLocation.java:59)
	at org.openqa.selenium.remote.RemoteWebDriver.findElement(RemoteWebDriver.java:368)
	at org.openqa.selenium.remote.RemoteWebDriver.findElement(RemoteWebDriver.java:362)
	at org.openqa.selenium.support.pagefactory.DefaultElementLocator.findElement(DefaultElementLocator.java:68)
	at org.openqa.selenium.support.pagefactory.internal.LocatingElementHandler.invoke(LocatingElementHandler.java:38)
	at jdk.proxy2/jdk.proxy2.$Proxy14.clear(Unknown Source)
	at lt.insoft.uztis.pages.SubmittedApplicationsPage.enterProsesDescription(SubmittedApplicationsPage.java:489)
	at lt.insoft.uztis.tests.SubmittedApplicationsPageTest.testFillNewApplication(SubmittedApplicationsPageTest.java:211)
	at java.base/jdk.internal.reflect.DirectMethodHandleAccessor.invoke(DirectMethodHandleAccessor.java:103)
	at java.base/java.lang.reflect.Method.invoke(Method.java:580)
	at org.junit.platform.commons.util.ReflectionUtils.invokeMethod(ReflectionUtils.java:728)
	at org.junit.jupiter.engine.execution.MethodInvocation.proceed(MethodInvocation.java:60)
	at org.junit.jupiter.engine.execution.InvocationInterceptorChain$ValidatingInvocation.proceed(InvocationInterceptorChain.java:131)
	at org.junit.jupiter.engine.extension.TimeoutExtension.intercept(TimeoutExtension.java:156)
	at org.junit.jupiter.engine.extension.TimeoutExtension.interceptTestableMethod(TimeoutExtension.java:147)
	at org.junit.jupiter.engine.extension.TimeoutExtension.interceptTestMethod(TimeoutExtension.java:86)
	at org.junit.jupiter.engine.execution.InterceptingExecutableInvoker$ReflectiveInterceptorCall.lambda$ofVoidMethod$0(InterceptingExecutableInvoker.java:103)
	at org.junit.jupiter.engine.execution.InterceptingExecutableInvoker.lambda$invoke$0(InterceptingExecutableInvoker.java:93)
	at org.junit.jupiter.engine.execution.InvocationInterceptorChain$InterceptedInvocation.proceed(InvocationInterceptorChain.java:106)
	at org.junit.jupiter.engine.execution.InvocationInterceptorChain.proceed(InvocationInterceptorChain.java:64)
	at org.junit.jupiter.engine.execution.InvocationInterceptorChain.chainAndInvoke(InvocationInterceptorChain.java:45)
	at org.junit.jupiter.engine.execution.InvocationInterceptorChain.invoke(InvocationInterceptorChain.java:37)
	at org.junit.jupiter.engine.execution.InterceptingExecutableInvoker.invoke(InterceptingExecutableInvoker.java:92)
	at org.junit.jupiter.engine.execution.InterceptingExecutableInvoker.invoke(InterceptingExecutableInvoker.java:86)
	at org.junit.jupiter.engine.descriptor.TestMethodTestDescriptor.lambda$invokeTestMethod$7(TestMethodTestDescriptor.java:218)
	at org.junit.platform.engine.support.hierarchical.ThrowableCollector.execute(ThrowableCollector.java:73)
	at org.junit.jupiter.engine.descriptor.TestMethodTestDescriptor.invokeTestMethod(TestMethodTestDescriptor.java:214)
	at org.junit.jupiter.engine.descriptor.TestMethodTestDescriptor.execute(TestMethodTestDescriptor.java:139)
	at org.junit.jupiter.engine.descriptor.TestMethodTestDescriptor.execute(TestMethodTestDescriptor.java:69)
	at org.junit.platform.engine.support.hierarchical.NodeTestTask.lambda$executeRecursively$6(NodeTestTask.java:151)
	at org.junit.platform.engine.support.hierarchical.ThrowableCollector.execute(ThrowableCollector.java:73)
	at org.junit.platform.engine.support.hierarchical.NodeTestTask.lambda$executeRecursively$8(NodeTestTask.java:141)
	at org.junit.platform.engine.support.hierarchical.Node.around(Node.java:137)
	at org.junit.platform.engine.support.hierarchical.NodeTestTask.lambda$executeRecursively$9(NodeTestTask.java:139)
	at org.junit.platform.engine.support.hierarchical.ThrowableCollector.execute(ThrowableCollector.java:73)
	at org.junit.platform.engine.support.hierarchical.NodeTestTask.executeRecursively(NodeTestTask.java:138)
	at org.junit.platform.engine.support.hierarchical.NodeTestTask.execute(NodeTestTask.java:95)
	at java.base/java.util.ArrayList.forEach(ArrayList.java:1596)
	at org.junit.platform.engine.support.hierarchical.SameThreadHierarchicalTestExecutorService.invokeAll(SameThreadHierarchicalTestExecutorService.java:41)
	at org.junit.platform.engine.support.hierarchical.NodeTestTask.lambda$executeRecursively$6(NodeTestTask.java:155)
	at org.junit.platform.engine.support.hierarchical.ThrowableCollector.execute(ThrowableCollector.java:73)
	at org.junit.platform.engine.support.hierarchical.NodeTestTask.lambda$executeRecursively$8(NodeTestTask.java:141)
	at org.junit.platform.engine.support.hierarchical.Node.around(Node.java:137)
	at org.junit.platform.engine.support.hierarchical.NodeTestTask.lambda$executeRecursively$9(NodeTestTask.java:139)
	at org.junit.platform.engine.support.hierarchical.ThrowableCollector.execute(ThrowableCollector.java:73)
	at org.junit.platform.engine.support.hierarchical.NodeTestTask.executeRecursively(NodeTestTask.java:138)
	at org.junit.platform.engine.support.hierarchical.NodeTestTask.execute(NodeTestTask.java:95)
	at java.base/java.util.ArrayList.forEach(ArrayList.java:1596)
	at org.junit.platform.engine.support.hierarchical.SameThreadHierarchicalTestExecutorService.invokeAll(SameThreadHierarchicalTestExecutorService.java:41)
	at org.junit.platform.engine.support.hierarchical.NodeTestTask.lambda$executeRecursively$6(NodeTestTask.java:155)
	at org.junit.platform.engine.support.hierarchical.ThrowableCollector.execute(ThrowableCollector.java:73)
	at org.junit.platform.engine.support.hierarchical.NodeTestTask.lambda$executeRecursively$8(NodeTestTask.java:141)
	at org.junit.platform.engine.support.hierarchical.Node.around(Node.java:137)
	at org.junit.platform.engine.support.hierarchical.NodeTestTask.lambda$executeRecursively$9(NodeTestTask.java:139)
	at org.junit.platform.engine.support.hierarchical.ThrowableCollector.execute(ThrowableCollector.java:73)
	at org.junit.platform.engine.support.hierarchical.NodeTestTask.executeRecursively(NodeTestTask.java:138)
	at org.junit.platform.engine.support.hierarchical.NodeTestTask.execute(NodeTestTask.java:95)
	at org.junit.platform.engine.support.hierarchical.SameThreadHierarchicalTestExecutorService.submit(SameThreadHierarchicalTestExecutorService.java:35)
	at org.junit.platform.engine.support.hierarchical.HierarchicalTestExecutor.execute(HierarchicalTestExecutor.java:57)
	at org.junit.platform.engine.support.hierarchical.HierarchicalTestEngine.execute(HierarchicalTestEngine.java:54)
	at org.junit.platform.launcher.core.EngineExecutionOrchestrator.execute(EngineExecutionOrchestrator.java:198)
	at org.junit.platform.launcher.core.EngineExecutionOrchestrator.execute(EngineExecutionOrchestrator.java:169)
	at org.junit.platform.launcher.core.EngineExecutionOrchestrator.execute(EngineExecutionOrchestrator.java:93)
	at org.junit.platform.launcher.core.EngineExecutionOrchestrator.lambda$execute$0(EngineExecutionOrchestrator.java:58)
	at org.junit.platform.launcher.core.EngineExecutionOrchestrator.withInterceptedStreams(EngineExecutionOrchestrator.java:141)
	at org.junit.platform.launcher.core.EngineExecutionOrchestrator.execute(EngineExecutionOrchestrator.java:57)
	at org.junit.platform.launcher.core.DefaultLauncher.execute(DefaultLauncher.java:103)
	at org.junit.platform.launcher.core.DefaultLauncher.execute(DefaultLauncher.java:85)
	at org.junit.platform.launcher.core.DelegatingLauncher.execute(DelegatingLauncher.java:47)
	at org.junit.platform.launcher.core.SessionPerRequestLauncher.execute(SessionPerRequestLauncher.java:63)
	at com.intellij.junit5.JUnit5IdeaTestRunner.startRunnerWithArgs(JUnit5IdeaTestRunner.java:57)
	at com.intellij.rt.junit.IdeaTestRunner$Repeater$1.execute(IdeaTestRunner.java:38)
	at com.intellij.rt.execution.junit.TestsRepeater.repeat(TestsRepeater.java:11)
	at com.intellij.rt.junit.IdeaTestRunner$Repeater.startRunnerWithArgs(IdeaTestRunner.java:35)
	at com.intellij.rt.junit.JUnitStarter.prepareStreamsAndStart(JUnitStarter.java:232)
	at com.intellij.rt.junit.JUnitStarter.main(JUnitStarter.java:55)
Caused by: java.io.UncheckedIOException: java.io.IOException: HTTP/1.1 header parser received no bytes
	at org.openqa.selenium.remote.http.jdk.JdkHttpClient.execute0(JdkHttpClient.java:496)
	at org.openqa.selenium.remote.http.AddSeleniumUserAgent.lambda$apply$0(AddSeleniumUserAgent.java:42)
	at org.openqa.selenium.remote.http.Filter.lambda$andFinally$1(Filter.java:55)
	at org.openqa.selenium.remote.http.jdk.JdkHttpClient.lambda$executeAsync$1(JdkHttpClient.java:383)
	at java.base/java.util.concurrent.Executors$RunnableAdapter.call(Executors.java:572)
	at java.base/java.util.concurrent.FutureTask.run(FutureTask.java:317)
	at java.base/java.util.concurrent.ThreadPoolExecutor.runWorker(ThreadPoolExecutor.java:1144)
	at java.base/java.util.concurrent.ThreadPoolExecutor$Worker.run(ThreadPoolExecutor.java:642)
	at java.base/java.lang.Thread.run(Thread.java:1583)
Caused by: java.io.IOException: HTTP/1.1 header parser received no bytes
	at java.net.http/jdk.internal.net.http.HttpClientImpl.send(HttpClientImpl.java:964)
	at java.net.http/jdk.internal.net.http.HttpClientFacade.send(HttpClientFacade.java:133)
	at org.openqa.selenium.remote.http.jdk.JdkHttpClient.execute0(JdkHttpClient.java:455)
	... 8 common frames omitted
Caused by: java.io.IOException: HTTP/1.1 header parser received no bytes
	at java.net.http/jdk.internal.net.http.common.Utils.wrapWithExtraDetail(Utils.java:388)
	at java.net.http/jdk.internal.net.http.Http1Response$HeadersReader.onReadError(Http1Response.java:590)
	at java.net.http/jdk.internal.net.http.Http1AsyncReceiver.checkForErrors(Http1AsyncReceiver.java:302)
	at java.net.http/jdk.internal.net.http.Http1AsyncReceiver.flush(Http1AsyncReceiver.java:268)
	at java.net.http/jdk.internal.net.http.common.SequentialScheduler$LockingRestartableTask.run(SequentialScheduler.java:182)
	at java.net.http/jdk.internal.net.http.common.SequentialScheduler$CompleteRestartableTask.run(SequentialScheduler.java:149)
	at java.net.http/jdk.internal.net.http.common.SequentialScheduler$SchedulableTask.run(SequentialScheduler.java:207)
	... 3 common frames omitted
Caused by: java.net.SocketException: Connection reset
	at java.base/sun.nio.ch.SocketChannelImpl.throwConnectionReset(SocketChannelImpl.java:401)
	at java.base/sun.nio.ch.SocketChannelImpl.read(SocketChannelImpl.java:434)
	at java.net.http/jdk.internal.net.http.SocketTube.readAvailable(SocketTube.java:1178)
	at java.net.http/jdk.internal.net.http.SocketTube$InternalReadPublisher$InternalReadSubscription.read(SocketTube.java:841)
	at java.net.http/jdk.internal.net.http.SocketTube$SocketFlowTask.run(SocketTube.java:181)
	at java.net.http/jdk.internal.net.http.common.SequentialScheduler$SchedulableTask.run(SequentialScheduler.java:207)
	at java.net.http/jdk.internal.net.http.common.SequentialScheduler.runOrSchedule(SequentialScheduler.java:280)
	at java.net.http/jdk.internal.net.http.common.SequentialScheduler.runOrSchedule(SequentialScheduler.java:233)
	at java.net.http/jdk.internal.net.http.SocketTube$InternalReadPublisher$InternalReadSubscription.signalReadable(SocketTube.java:782)
	at java.net.http/jdk.internal.net.http.SocketTube$InternalReadPublisher$ReadEvent.signalEvent(SocketTube.java:965)
	at java.net.http/jdk.internal.net.http.SocketTube$SocketFlowEvent.handle(SocketTube.java:253)
	at java.net.http/jdk.internal.net.http.HttpClientImpl$SelectorManager.handleEvent(HttpClientImpl.java:1467)
	at java.net.http/jdk.internal.net.http.HttpClientImpl$SelectorManager.lambda$run$3(HttpClientImpl.java:1412)
	at java.base/java.util.ArrayList.forEach(ArrayList.java:1596)
	at java.net.http/jdk.internal.net.http.HttpClientImpl$SelectorManager.run(HttpClientImpl.java:1412)
2025-01-30 15:09:35 [main] INFO  lt.insoft.uztis.tests.UztisPageTest - Navigated to https://uztisdev.asseco.lt/home
2025-01-30 15:09:35 [main] INFO  l.i.u.t.SubmittedApplicationsPageTest - Starting test:'testFillNewApplication'
2025-01-30 15:09:35 [main] DEBUG l.i.u.t.SubmittedApplicationsPageTest - User logged in with test credentials
2025-01-30 15:09:35 [main] DEBUG l.i.u.t.SubmittedApplicationsPageTest - Opened 'Application Processing' menu.
2025-01-30 15:09:36 [main] DEBUG l.i.u.t.SubmittedApplicationsPageTest - Clicked on 'Application Forms' menu.
2025-01-30 15:09:36 [main] DEBUG l.i.u.t.SubmittedApplicationsPageTest - Retrieved last description code text: 'TST-VUI-27'.
2025-01-30 15:09:36 [main] DEBUG l.i.u.t.SubmittedApplicationsPageTest - Clicked on 'Invitation' menu.
2025-01-30 15:09:37 [main] DEBUG l.i.u.t.SubmittedApplicationsPageTest - Selected application section by code: 'TST-VUI-27'.
2025-01-30 15:09:37 [main] DEBUG l.i.u.t.SubmittedApplicationsPageTest - Clicked 'Search' button.
2025-01-30 15:09:37 [main] DEBUG l.i.u.t.SubmittedApplicationsPageTest - Retrieved invitation code: ''.
2025-01-30 15:09:37 [main] DEBUG l.i.u.t.SubmittedApplicationsPageTest - Clicked on 'Submitted Applications' menu.
2025-01-30 15:09:38 [main] DEBUG l.i.u.t.SubmittedApplicationsPageTest - Selected invitation by code: 'TST-VUI-27'.
2025-01-30 15:09:38 [main] DEBUG l.i.u.t.SubmittedApplicationsPageTest - Clicked on 'Action Application' button.
2025-01-30 15:09:39 [main] DEBUG l.i.u.t.SubmittedApplicationsPageTest - Clicked on 'New Application' button.
2025-01-30 15:09:39 [main] DEBUG l.i.u.t.SubmittedApplicationsPageTest - Clicked on 'RadioButtonFA' button.
2025-01-30 15:09:39 [main] DEBUG l.i.u.t.SubmittedApplicationsPageTest - Entered phone number into the input field.
2025-01-30 15:09:39 [main] DEBUG l.i.u.t.SubmittedApplicationsPageTest - Entered eMail into the input field.
2025-01-30 15:09:39 [main] INFO  l.i.u.p.SubmittedApplicationsPage - Located the dropdown button.
2025-01-30 15:09:58 [main] INFO  l.i.u.p.SubmittedApplicationsPage - Found 1741 options in the dropdown.
2025-01-30 15:09:58 [main] INFO  l.i.u.p.SubmittedApplicationsPage - Successfully selected the value: '01.11 - Grūdinių (išskyrus ryžius), ankštinių ir aliejingų sėklų augalų auginimas'
2025-01-30 15:10:08 [main] ERROR l.i.u.p.SubmittedApplicationsPage - Failed to close the dropdown with aria-expanded = 'false'. Attempting manual close.
2025-01-30 15:10:09 [main] INFO  l.i.u.p.SubmittedApplicationsPage - Manual close attempt for the dropdown using body click.
2025-01-30 15:10:09 [main] DEBUG l.i.u.t.SubmittedApplicationsPageTest - Entered Address into the input field.
2025-01-30 15:10:09 [main] DEBUG l.i.u.t.SubmittedApplicationsPageTest - Entered Address into the input field.
2025-01-30 15:10:09 [main] INFO  l.i.u.p.SubmittedApplicationsPage - Located the dropdown button.
2025-01-30 15:10:11 [main] INFO  l.i.u.p.SubmittedApplicationsPage - Successfully selected the value: 'Administratoriai'
2025-01-30 15:10:31 [main] ERROR l.i.u.p.SubmittedApplicationsPage - Timeout while waiting for dropdown to close with aria-expanded = 'false'.
2025-01-30 15:10:31 [main] DEBUG l.i.u.t.SubmittedApplicationsPageTest - Selected the value: 'Administratoriai'
2025-01-30 15:10:31 [main] INFO  l.i.u.p.SubmittedApplicationsPage - Located the dropdown button.
2025-01-30 15:10:32 [main] INFO  l.i.u.p.SubmittedApplicationsPage - Successfully selected the value: 'Kita'
2025-01-30 15:10:43 [main] ERROR l.i.u.p.SubmittedApplicationsPage - Timeout while waiting for dropdown to close with aria-expanded = 'false'.
2025-01-30 15:10:43 [main] DEBUG l.i.u.t.SubmittedApplicationsPageTest - Selected the value: 'Kita'
2025-01-30 15:10:43 [main] DEBUG l.i.u.t.SubmittedApplicationsPageTest - Selected the value: '6 val. per dieną ir 4 d. per savaitę'
2025-01-30 15:10:43 [main] DEBUG l.i.u.t.SubmittedApplicationsPageTest - Entered Address into the input field.
2025-01-30 15:10:53 [main] ERROR l.i.u.t.SubmittedApplicationsPageTest - Test 'testFillNewApplication' failed with error: invalid session id: session deleted as the browser has closed the connection
from disconnected: unable to send message to renderer
  (Session info: chrome=132.0.6834.111)
Build info: version: '4.27.0', revision: 'd6e718d134'
System info: os.name: 'Windows 11', os.arch: 'amd64', os.version: '10.0', java.version: '21.0.3'
Driver info: org.openqa.selenium.chrome.ChromeDriver
Command: [326f048fc97a98dcd5a1420854af7d7d, findElement {value=//div[contains(@class, 'mat-mdc-form-field-infix')]//common-textarea[@id='common-textarea-3']//textarea[3], using=xpath}]
Capabilities {acceptInsecureCerts: false, browserName: chrome, browserVersion: 132.0.6834.111, chrome: {chromedriverVersion: 132.0.6834.159 (2d77d3fc445..., userDataDir: C:\Users\INGRID~1.ZAD\AppDa...}, fedcm:accounts: true, goog:chromeOptions: {debuggerAddress: localhost:53685}, networkConnectionEnabled: false, pageLoadStrategy: normal, platformName: windows, proxy: Proxy(), se:cdp: ws://localhost:53685/devtoo..., se:cdpVersion: 132.0.6834.111, setWindowRect: true, strictFileInteractability: false, timeouts: {implicit: 0, pageLoad: 300000, script: 30000}, unhandledPromptBehavior: dismiss and notify, webauthn:extension:credBlob: true, webauthn:extension:largeBlob: true, webauthn:extension:minPinLength: true, webauthn:extension:prf: true, webauthn:virtualAuthenticators: true}
Session ID: 326f048fc97a98dcd5a1420854af7d7d
org.openqa.selenium.NoSuchSessionException: invalid session id: session deleted as the browser has closed the connection
from disconnected: unable to send message to renderer
  (Session info: chrome=132.0.6834.111)
Build info: version: '4.27.0', revision: 'd6e718d134'
System info: os.name: 'Windows 11', os.arch: 'amd64', os.version: '10.0', java.version: '21.0.3'
Driver info: org.openqa.selenium.chrome.ChromeDriver
Command: [326f048fc97a98dcd5a1420854af7d7d, findElement {value=//div[contains(@class, 'mat-mdc-form-field-infix')]//common-textarea[@id='common-textarea-3']//textarea[3], using=xpath}]
Capabilities {acceptInsecureCerts: false, browserName: chrome, browserVersion: 132.0.6834.111, chrome: {chromedriverVersion: 132.0.6834.159 (2d77d3fc445..., userDataDir: C:\Users\INGRID~1.ZAD\AppDa...}, fedcm:accounts: true, goog:chromeOptions: {debuggerAddress: localhost:53685}, networkConnectionEnabled: false, pageLoadStrategy: normal, platformName: windows, proxy: Proxy(), se:cdp: ws://localhost:53685/devtoo..., se:cdpVersion: 132.0.6834.111, setWindowRect: true, strictFileInteractability: false, timeouts: {implicit: 0, pageLoad: 300000, script: 30000}, unhandledPromptBehavior: dismiss and notify, webauthn:extension:credBlob: true, webauthn:extension:largeBlob: true, webauthn:extension:minPinLength: true, webauthn:extension:prf: true, webauthn:virtualAuthenticators: true}
Session ID: 326f048fc97a98dcd5a1420854af7d7d
	at java.base/jdk.internal.reflect.DirectConstructorHandleAccessor.newInstance(DirectConstructorHandleAccessor.java:62)
	at java.base/java.lang.reflect.Constructor.newInstanceWithCaller(Constructor.java:502)
	at java.base/java.lang.reflect.Constructor.newInstance(Constructor.java:486)
	at org.openqa.selenium.remote.ErrorCodec.decode(ErrorCodec.java:167)
	at org.openqa.selenium.remote.codec.w3c.W3CHttpResponseCodec.decode(W3CHttpResponseCodec.java:138)
	at org.openqa.selenium.remote.codec.w3c.W3CHttpResponseCodec.decode(W3CHttpResponseCodec.java:50)
	at org.openqa.selenium.remote.HttpCommandExecutor.execute(HttpCommandExecutor.java:190)
	at org.openqa.selenium.remote.service.DriverCommandExecutor.invokeExecute(DriverCommandExecutor.java:216)
	at org.openqa.selenium.remote.service.DriverCommandExecutor.execute(DriverCommandExecutor.java:174)
	at org.openqa.selenium.remote.RemoteWebDriver.execute(RemoteWebDriver.java:545)
	at org.openqa.selenium.remote.ElementLocation$ElementFinder$2.findElement(ElementLocation.java:165)
	at org.openqa.selenium.remote.ElementLocation.findElement(ElementLocation.java:59)
	at org.openqa.selenium.remote.RemoteWebDriver.findElement(RemoteWebDriver.java:368)
	at org.openqa.selenium.remote.RemoteWebDriver.findElement(RemoteWebDriver.java:362)
	at org.openqa.selenium.support.pagefactory.DefaultElementLocator.findElement(DefaultElementLocator.java:68)
	at org.openqa.selenium.support.pagefactory.internal.LocatingElementHandler.invoke(LocatingElementHandler.java:38)
	at jdk.proxy2/jdk.proxy2.$Proxy14.clear(Unknown Source)
	at lt.insoft.uztis.pages.SubmittedApplicationsPage.enterProsesDescription(SubmittedApplicationsPage.java:489)
	at lt.insoft.uztis.tests.SubmittedApplicationsPageTest.testFillNewApplication(SubmittedApplicationsPageTest.java:211)
	at java.base/jdk.internal.reflect.DirectMethodHandleAccessor.invoke(DirectMethodHandleAccessor.java:103)
	at java.base/java.lang.reflect.Method.invoke(Method.java:580)
	at org.junit.platform.commons.util.ReflectionUtils.invokeMethod(ReflectionUtils.java:728)
	at org.junit.jupiter.engine.execution.MethodInvocation.proceed(MethodInvocation.java:60)
	at org.junit.jupiter.engine.execution.InvocationInterceptorChain$ValidatingInvocation.proceed(InvocationInterceptorChain.java:131)
	at org.junit.jupiter.engine.extension.TimeoutExtension.intercept(TimeoutExtension.java:156)
	at org.junit.jupiter.engine.extension.TimeoutExtension.interceptTestableMethod(TimeoutExtension.java:147)
	at org.junit.jupiter.engine.extension.TimeoutExtension.interceptTestMethod(TimeoutExtension.java:86)
	at org.junit.jupiter.engine.execution.InterceptingExecutableInvoker$ReflectiveInterceptorCall.lambda$ofVoidMethod$0(InterceptingExecutableInvoker.java:103)
	at org.junit.jupiter.engine.execution.InterceptingExecutableInvoker.lambda$invoke$0(InterceptingExecutableInvoker.java:93)
	at org.junit.jupiter.engine.execution.InvocationInterceptorChain$InterceptedInvocation.proceed(InvocationInterceptorChain.java:106)
	at org.junit.jupiter.engine.execution.InvocationInterceptorChain.proceed(InvocationInterceptorChain.java:64)
	at org.junit.jupiter.engine.execution.InvocationInterceptorChain.chainAndInvoke(InvocationInterceptorChain.java:45)
	at org.junit.jupiter.engine.execution.InvocationInterceptorChain.invoke(InvocationInterceptorChain.java:37)
	at org.junit.jupiter.engine.execution.InterceptingExecutableInvoker.invoke(InterceptingExecutableInvoker.java:92)
	at org.junit.jupiter.engine.execution.InterceptingExecutableInvoker.invoke(InterceptingExecutableInvoker.java:86)
	at org.junit.jupiter.engine.descriptor.TestMethodTestDescriptor.lambda$invokeTestMethod$7(TestMethodTestDescriptor.java:218)
	at org.junit.platform.engine.support.hierarchical.ThrowableCollector.execute(ThrowableCollector.java:73)
	at org.junit.jupiter.engine.descriptor.TestMethodTestDescriptor.invokeTestMethod(TestMethodTestDescriptor.java:214)
	at org.junit.jupiter.engine.descriptor.TestMethodTestDescriptor.execute(TestMethodTestDescriptor.java:139)
	at org.junit.jupiter.engine.descriptor.TestMethodTestDescriptor.execute(TestMethodTestDescriptor.java:69)
	at org.junit.platform.engine.support.hierarchical.NodeTestTask.lambda$executeRecursively$6(NodeTestTask.java:151)
	at org.junit.platform.engine.support.hierarchical.ThrowableCollector.execute(ThrowableCollector.java:73)
	at org.junit.platform.engine.support.hierarchical.NodeTestTask.lambda$executeRecursively$8(NodeTestTask.java:141)
	at org.junit.platform.engine.support.hierarchical.Node.around(Node.java:137)
	at org.junit.platform.engine.support.hierarchical.NodeTestTask.lambda$executeRecursively$9(NodeTestTask.java:139)
	at org.junit.platform.engine.support.hierarchical.ThrowableCollector.execute(ThrowableCollector.java:73)
	at org.junit.platform.engine.support.hierarchical.NodeTestTask.executeRecursively(NodeTestTask.java:138)
	at org.junit.platform.engine.support.hierarchical.NodeTestTask.execute(NodeTestTask.java:95)
	at java.base/java.util.ArrayList.forEach(ArrayList.java:1596)
	at org.junit.platform.engine.support.hierarchical.SameThreadHierarchicalTestExecutorService.invokeAll(SameThreadHierarchicalTestExecutorService.java:41)
	at org.junit.platform.engine.support.hierarchical.NodeTestTask.lambda$executeRecursively$6(NodeTestTask.java:155)
	at org.junit.platform.engine.support.hierarchical.ThrowableCollector.execute(ThrowableCollector.java:73)
	at org.junit.platform.engine.support.hierarchical.NodeTestTask.lambda$executeRecursively$8(NodeTestTask.java:141)
	at org.junit.platform.engine.support.hierarchical.Node.around(Node.java:137)
	at org.junit.platform.engine.support.hierarchical.NodeTestTask.lambda$executeRecursively$9(NodeTestTask.java:139)
	at org.junit.platform.engine.support.hierarchical.ThrowableCollector.execute(ThrowableCollector.java:73)
	at org.junit.platform.engine.support.hierarchical.NodeTestTask.executeRecursively(NodeTestTask.java:138)
	at org.junit.platform.engine.support.hierarchical.NodeTestTask.execute(NodeTestTask.java:95)
	at java.base/java.util.ArrayList.forEach(ArrayList.java:1596)
	at org.junit.platform.engine.support.hierarchical.SameThreadHierarchicalTestExecutorService.invokeAll(SameThreadHierarchicalTestExecutorService.java:41)
	at org.junit.platform.engine.support.hierarchical.NodeTestTask.lambda$executeRecursively$6(NodeTestTask.java:155)
	at org.junit.platform.engine.support.hierarchical.ThrowableCollector.execute(ThrowableCollector.java:73)
	at org.junit.platform.engine.support.hierarchical.NodeTestTask.lambda$executeRecursively$8(NodeTestTask.java:141)
	at org.junit.platform.engine.support.hierarchical.Node.around(Node.java:137)
	at org.junit.platform.engine.support.hierarchical.NodeTestTask.lambda$executeRecursively$9(NodeTestTask.java:139)
	at org.junit.platform.engine.support.hierarchical.ThrowableCollector.execute(ThrowableCollector.java:73)
	at org.junit.platform.engine.support.hierarchical.NodeTestTask.executeRecursively(NodeTestTask.java:138)
	at org.junit.platform.engine.support.hierarchical.NodeTestTask.execute(NodeTestTask.java:95)
	at org.junit.platform.engine.support.hierarchical.SameThreadHierarchicalTestExecutorService.submit(SameThreadHierarchicalTestExecutorService.java:35)
	at org.junit.platform.engine.support.hierarchical.HierarchicalTestExecutor.execute(HierarchicalTestExecutor.java:57)
	at org.junit.platform.engine.support.hierarchical.HierarchicalTestEngine.execute(HierarchicalTestEngine.java:54)
	at org.junit.platform.launcher.core.EngineExecutionOrchestrator.execute(EngineExecutionOrchestrator.java:198)
	at org.junit.platform.launcher.core.EngineExecutionOrchestrator.execute(EngineExecutionOrchestrator.java:169)
	at org.junit.platform.launcher.core.EngineExecutionOrchestrator.execute(EngineExecutionOrchestrator.java:93)
	at org.junit.platform.launcher.core.EngineExecutionOrchestrator.lambda$execute$0(EngineExecutionOrchestrator.java:58)
	at org.junit.platform.launcher.core.EngineExecutionOrchestrator.withInterceptedStreams(EngineExecutionOrchestrator.java:141)
	at org.junit.platform.launcher.core.EngineExecutionOrchestrator.execute(EngineExecutionOrchestrator.java:57)
	at org.junit.platform.launcher.core.DefaultLauncher.execute(DefaultLauncher.java:103)
	at org.junit.platform.launcher.core.DefaultLauncher.execute(DefaultLauncher.java:85)
	at org.junit.platform.launcher.core.DelegatingLauncher.execute(DelegatingLauncher.java:47)
	at org.junit.platform.launcher.core.SessionPerRequestLauncher.execute(SessionPerRequestLauncher.java:63)
	at com.intellij.junit5.JUnit5IdeaTestRunner.startRunnerWithArgs(JUnit5IdeaTestRunner.java:57)
	at com.intellij.rt.junit.IdeaTestRunner$Repeater$1.execute(IdeaTestRunner.java:38)
	at com.intellij.rt.execution.junit.TestsRepeater.repeat(TestsRepeater.java:11)
	at com.intellij.rt.junit.IdeaTestRunner$Repeater.startRunnerWithArgs(IdeaTestRunner.java:35)
	at com.intellij.rt.junit.JUnitStarter.prepareStreamsAndStart(JUnitStarter.java:232)
	at com.intellij.rt.junit.JUnitStarter.main(JUnitStarter.java:55)
2025-01-30 15:11:09 [main] INFO  lt.insoft.uztis.tests.UztisPageTest - Navigated to https://uztisdev.asseco.lt/home
2025-01-30 15:11:09 [main] INFO  l.i.u.t.SubmittedApplicationsPageTest - Starting test:'testFillNewApplication'
2025-01-30 15:11:10 [main] DEBUG l.i.u.t.SubmittedApplicationsPageTest - User logged in with test credentials
2025-01-30 15:11:10 [main] DEBUG l.i.u.t.SubmittedApplicationsPageTest - Opened 'Application Processing' menu.
2025-01-30 15:11:10 [main] DEBUG l.i.u.t.SubmittedApplicationsPageTest - Clicked on 'Application Forms' menu.
2025-01-30 15:11:11 [main] DEBUG l.i.u.t.SubmittedApplicationsPageTest - Retrieved last description code text: 'TST-VUI-27'.
2025-01-30 15:11:11 [main] DEBUG l.i.u.t.SubmittedApplicationsPageTest - Clicked on 'Invitation' menu.
2025-01-30 15:11:11 [main] DEBUG l.i.u.t.SubmittedApplicationsPageTest - Selected application section by code: 'TST-VUI-27'.
2025-01-30 15:11:12 [main] DEBUG l.i.u.t.SubmittedApplicationsPageTest - Clicked 'Search' button.
2025-01-30 15:11:12 [main] DEBUG l.i.u.t.SubmittedApplicationsPageTest - Retrieved invitation code: ''.
2025-01-30 15:11:12 [main] DEBUG l.i.u.t.SubmittedApplicationsPageTest - Clicked on 'Submitted Applications' menu.
2025-01-30 15:11:13 [main] DEBUG l.i.u.t.SubmittedApplicationsPageTest - Selected invitation by code: 'TST-VUI-27'.
2025-01-30 15:11:13 [main] DEBUG l.i.u.t.SubmittedApplicationsPageTest - Clicked on 'Action Application' button.
2025-01-30 15:11:13 [main] DEBUG l.i.u.t.SubmittedApplicationsPageTest - Clicked on 'New Application' button.
2025-01-30 15:11:14 [main] DEBUG l.i.u.t.SubmittedApplicationsPageTest - Clicked on 'RadioButtonFA' button.
2025-01-30 15:11:14 [main] DEBUG l.i.u.t.SubmittedApplicationsPageTest - Entered phone number into the input field.
2025-01-30 15:11:14 [main] DEBUG l.i.u.t.SubmittedApplicationsPageTest - Entered eMail into the input field.
2025-01-30 15:11:14 [main] INFO  l.i.u.p.SubmittedApplicationsPage - Located the dropdown button.
2025-01-30 15:11:34 [main] INFO  l.i.u.p.SubmittedApplicationsPage - Found 1741 options in the dropdown.
2025-01-30 15:11:34 [main] INFO  l.i.u.p.SubmittedApplicationsPage - Successfully selected the value: '01.11 - Grūdinių (išskyrus ryžius), ankštinių ir aliejingų sėklų augalų auginimas'
2025-01-30 15:11:45 [main] ERROR l.i.u.p.SubmittedApplicationsPage - Failed to close the dropdown with aria-expanded = 'false'. Attempting manual close.
2025-01-30 15:11:45 [main] INFO  l.i.u.p.SubmittedApplicationsPage - Manual close attempt for the dropdown using body click.
2025-01-30 15:11:45 [main] DEBUG l.i.u.t.SubmittedApplicationsPageTest - Entered Address into the input field.
2025-01-30 15:11:45 [main] DEBUG l.i.u.t.SubmittedApplicationsPageTest - Entered Address into the input field.
2025-01-30 15:11:46 [main] INFO  l.i.u.p.SubmittedApplicationsPage - Located the dropdown button.
2025-01-30 15:11:47 [main] INFO  l.i.u.p.SubmittedApplicationsPage - Successfully selected the value: 'Administratoriai'
2025-01-30 15:12:07 [main] ERROR l.i.u.p.SubmittedApplicationsPage - Timeout while waiting for dropdown to close with aria-expanded = 'false'.
2025-01-30 15:12:07 [main] DEBUG l.i.u.t.SubmittedApplicationsPageTest - Selected the value: 'Administratoriai'
2025-01-30 15:12:07 [main] INFO  l.i.u.p.SubmittedApplicationsPage - Located the dropdown button.
2025-01-30 15:12:08 [main] INFO  l.i.u.p.SubmittedApplicationsPage - Successfully selected the value: 'Kita'
2025-01-30 15:12:18 [main] ERROR l.i.u.p.SubmittedApplicationsPage - Timeout while waiting for dropdown to close with aria-expanded = 'false'.
2025-01-30 15:12:18 [main] DEBUG l.i.u.t.SubmittedApplicationsPageTest - Selected the value: 'Kita'
2025-01-30 15:12:18 [main] DEBUG l.i.u.t.SubmittedApplicationsPageTest - Selected the value: '6 val. per dieną ir 4 d. per savaitę'
2025-01-30 15:12:19 [main] DEBUG l.i.u.t.SubmittedApplicationsPageTest - Entered Address into the input field.
2025-01-30 15:12:29 [main] ERROR l.i.u.t.SubmittedApplicationsPageTest - Test 'testFillNewApplication' failed with error: no such element: Unable to locate element: {"method":"xpath","selector":"//div[contains(@class, 'mat-mdc-form-field-infix')]//common-textarea[@id='common-textarea-3']//textarea[3]"}
  (Session info: chrome=132.0.6834.111)
For documentation on this error, please visit: https://www.selenium.dev/documentation/webdriver/troubleshooting/errors#no-such-element-exception
Build info: version: '4.27.0', revision: 'd6e718d134'
System info: os.name: 'Windows 11', os.arch: 'amd64', os.version: '10.0', java.version: '21.0.3'
Driver info: org.openqa.selenium.chrome.ChromeDriver
Command: [4b44d855b39f464bd7a0bf55bb607325, findElement {value=//div[contains(@class, 'mat-mdc-form-field-infix')]//common-textarea[@id='common-textarea-3']//textarea[3], using=xpath}]
Capabilities {acceptInsecureCerts: false, browserName: chrome, browserVersion: 132.0.6834.111, chrome: {chromedriverVersion: 132.0.6834.159 (2d77d3fc445..., userDataDir: C:\Users\INGRID~1.ZAD\AppDa...}, fedcm:accounts: true, goog:chromeOptions: {debuggerAddress: localhost:53753}, networkConnectionEnabled: false, pageLoadStrategy: normal, platformName: windows, proxy: Proxy(), se:cdp: ws://localhost:53753/devtoo..., se:cdpVersion: 132.0.6834.111, setWindowRect: true, strictFileInteractability: false, timeouts: {implicit: 0, pageLoad: 300000, script: 30000}, unhandledPromptBehavior: dismiss and notify, webauthn:extension:credBlob: true, webauthn:extension:largeBlob: true, webauthn:extension:minPinLength: true, webauthn:extension:prf: true, webauthn:virtualAuthenticators: true}
Session ID: 4b44d855b39f464bd7a0bf55bb607325
org.openqa.selenium.NoSuchElementException: no such element: Unable to locate element: {"method":"xpath","selector":"//div[contains(@class, 'mat-mdc-form-field-infix')]//common-textarea[@id='common-textarea-3']//textarea[3]"}
  (Session info: chrome=132.0.6834.111)
For documentation on this error, please visit: https://www.selenium.dev/documentation/webdriver/troubleshooting/errors#no-such-element-exception
Build info: version: '4.27.0', revision: 'd6e718d134'
System info: os.name: 'Windows 11', os.arch: 'amd64', os.version: '10.0', java.version: '21.0.3'
Driver info: org.openqa.selenium.chrome.ChromeDriver
Command: [4b44d855b39f464bd7a0bf55bb607325, findElement {value=//div[contains(@class, 'mat-mdc-form-field-infix')]//common-textarea[@id='common-textarea-3']//textarea[3], using=xpath}]
Capabilities {acceptInsecureCerts: false, browserName: chrome, browserVersion: 132.0.6834.111, chrome: {chromedriverVersion: 132.0.6834.159 (2d77d3fc445..., userDataDir: C:\Users\INGRID~1.ZAD\AppDa...}, fedcm:accounts: true, goog:chromeOptions: {debuggerAddress: localhost:53753}, networkConnectionEnabled: false, pageLoadStrategy: normal, platformName: windows, proxy: Proxy(), se:cdp: ws://localhost:53753/devtoo..., se:cdpVersion: 132.0.6834.111, setWindowRect: true, strictFileInteractability: false, timeouts: {implicit: 0, pageLoad: 300000, script: 30000}, unhandledPromptBehavior: dismiss and notify, webauthn:extension:credBlob: true, webauthn:extension:largeBlob: true, webauthn:extension:minPinLength: true, webauthn:extension:prf: true, webauthn:virtualAuthenticators: true}
Session ID: 4b44d855b39f464bd7a0bf55bb607325
	at java.base/jdk.internal.reflect.DirectConstructorHandleAccessor.newInstance(DirectConstructorHandleAccessor.java:62)
	at java.base/java.lang.reflect.Constructor.newInstanceWithCaller(Constructor.java:502)
	at java.base/java.lang.reflect.Constructor.newInstance(Constructor.java:486)
	at org.openqa.selenium.remote.ErrorCodec.decode(ErrorCodec.java:167)
	at org.openqa.selenium.remote.codec.w3c.W3CHttpResponseCodec.decode(W3CHttpResponseCodec.java:138)
	at org.openqa.selenium.remote.codec.w3c.W3CHttpResponseCodec.decode(W3CHttpResponseCodec.java:50)
	at org.openqa.selenium.remote.HttpCommandExecutor.execute(HttpCommandExecutor.java:190)
	at org.openqa.selenium.remote.service.DriverCommandExecutor.invokeExecute(DriverCommandExecutor.java:216)
	at org.openqa.selenium.remote.service.DriverCommandExecutor.execute(DriverCommandExecutor.java:174)
	at org.openqa.selenium.remote.RemoteWebDriver.execute(RemoteWebDriver.java:545)
	at org.openqa.selenium.remote.ElementLocation$ElementFinder$2.findElement(ElementLocation.java:165)
	at org.openqa.selenium.remote.ElementLocation.findElement(ElementLocation.java:59)
	at org.openqa.selenium.remote.RemoteWebDriver.findElement(RemoteWebDriver.java:368)
	at org.openqa.selenium.remote.RemoteWebDriver.findElement(RemoteWebDriver.java:362)
	at org.openqa.selenium.support.pagefactory.DefaultElementLocator.findElement(DefaultElementLocator.java:68)
	at org.openqa.selenium.support.pagefactory.internal.LocatingElementHandler.invoke(LocatingElementHandler.java:38)
	at jdk.proxy2/jdk.proxy2.$Proxy14.clear(Unknown Source)
	at lt.insoft.uztis.pages.SubmittedApplicationsPage.enterProsesDescription(SubmittedApplicationsPage.java:489)
	at lt.insoft.uztis.tests.SubmittedApplicationsPageTest.testFillNewApplication(SubmittedApplicationsPageTest.java:211)
	at java.base/jdk.internal.reflect.DirectMethodHandleAccessor.invoke(DirectMethodHandleAccessor.java:103)
	at java.base/java.lang.reflect.Method.invoke(Method.java:580)
	at org.junit.platform.commons.util.ReflectionUtils.invokeMethod(ReflectionUtils.java:728)
	at org.junit.jupiter.engine.execution.MethodInvocation.proceed(MethodInvocation.java:60)
	at org.junit.jupiter.engine.execution.InvocationInterceptorChain$ValidatingInvocation.proceed(InvocationInterceptorChain.java:131)
	at org.junit.jupiter.engine.extension.TimeoutExtension.intercept(TimeoutExtension.java:156)
	at org.junit.jupiter.engine.extension.TimeoutExtension.interceptTestableMethod(TimeoutExtension.java:147)
	at org.junit.jupiter.engine.extension.TimeoutExtension.interceptTestMethod(TimeoutExtension.java:86)
	at org.junit.jupiter.engine.execution.InterceptingExecutableInvoker$ReflectiveInterceptorCall.lambda$ofVoidMethod$0(InterceptingExecutableInvoker.java:103)
	at org.junit.jupiter.engine.execution.InterceptingExecutableInvoker.lambda$invoke$0(InterceptingExecutableInvoker.java:93)
	at org.junit.jupiter.engine.execution.InvocationInterceptorChain$InterceptedInvocation.proceed(InvocationInterceptorChain.java:106)
	at org.junit.jupiter.engine.execution.InvocationInterceptorChain.proceed(InvocationInterceptorChain.java:64)
	at org.junit.jupiter.engine.execution.InvocationInterceptorChain.chainAndInvoke(InvocationInterceptorChain.java:45)
	at org.junit.jupiter.engine.execution.InvocationInterceptorChain.invoke(InvocationInterceptorChain.java:37)
	at org.junit.jupiter.engine.execution.InterceptingExecutableInvoker.invoke(InterceptingExecutableInvoker.java:92)
	at org.junit.jupiter.engine.execution.InterceptingExecutableInvoker.invoke(InterceptingExecutableInvoker.java:86)
	at org.junit.jupiter.engine.descriptor.TestMethodTestDescriptor.lambda$invokeTestMethod$7(TestMethodTestDescriptor.java:218)
	at org.junit.platform.engine.support.hierarchical.ThrowableCollector.execute(ThrowableCollector.java:73)
	at org.junit.jupiter.engine.descriptor.TestMethodTestDescriptor.invokeTestMethod(TestMethodTestDescriptor.java:214)
	at org.junit.jupiter.engine.descriptor.TestMethodTestDescriptor.execute(TestMethodTestDescriptor.java:139)
	at org.junit.jupiter.engine.descriptor.TestMethodTestDescriptor.execute(TestMethodTestDescriptor.java:69)
	at org.junit.platform.engine.support.hierarchical.NodeTestTask.lambda$executeRecursively$6(NodeTestTask.java:151)
	at org.junit.platform.engine.support.hierarchical.ThrowableCollector.execute(ThrowableCollector.java:73)
	at org.junit.platform.engine.support.hierarchical.NodeTestTask.lambda$executeRecursively$8(NodeTestTask.java:141)
	at org.junit.platform.engine.support.hierarchical.Node.around(Node.java:137)
	at org.junit.platform.engine.support.hierarchical.NodeTestTask.lambda$executeRecursively$9(NodeTestTask.java:139)
	at org.junit.platform.engine.support.hierarchical.ThrowableCollector.execute(ThrowableCollector.java:73)
	at org.junit.platform.engine.support.hierarchical.NodeTestTask.executeRecursively(NodeTestTask.java:138)
	at org.junit.platform.engine.support.hierarchical.NodeTestTask.execute(NodeTestTask.java:95)
	at java.base/java.util.ArrayList.forEach(ArrayList.java:1596)
	at org.junit.platform.engine.support.hierarchical.SameThreadHierarchicalTestExecutorService.invokeAll(SameThreadHierarchicalTestExecutorService.java:41)
	at org.junit.platform.engine.support.hierarchical.NodeTestTask.lambda$executeRecursively$6(NodeTestTask.java:155)
	at org.junit.platform.engine.support.hierarchical.ThrowableCollector.execute(ThrowableCollector.java:73)
	at org.junit.platform.engine.support.hierarchical.NodeTestTask.lambda$executeRecursively$8(NodeTestTask.java:141)
	at org.junit.platform.engine.support.hierarchical.Node.around(Node.java:137)
	at org.junit.platform.engine.support.hierarchical.NodeTestTask.lambda$executeRecursively$9(NodeTestTask.java:139)
	at org.junit.platform.engine.support.hierarchical.ThrowableCollector.execute(ThrowableCollector.java:73)
	at org.junit.platform.engine.support.hierarchical.NodeTestTask.executeRecursively(NodeTestTask.java:138)
	at org.junit.platform.engine.support.hierarchical.NodeTestTask.execute(NodeTestTask.java:95)
	at java.base/java.util.ArrayList.forEach(ArrayList.java:1596)
	at org.junit.platform.engine.support.hierarchical.SameThreadHierarchicalTestExecutorService.invokeAll(SameThreadHierarchicalTestExecutorService.java:41)
	at org.junit.platform.engine.support.hierarchical.NodeTestTask.lambda$executeRecursively$6(NodeTestTask.java:155)
	at org.junit.platform.engine.support.hierarchical.ThrowableCollector.execute(ThrowableCollector.java:73)
	at org.junit.platform.engine.support.hierarchical.NodeTestTask.lambda$executeRecursively$8(NodeTestTask.java:141)
	at org.junit.platform.engine.support.hierarchical.Node.around(Node.java:137)
	at org.junit.platform.engine.support.hierarchical.NodeTestTask.lambda$executeRecursively$9(NodeTestTask.java:139)
	at org.junit.platform.engine.support.hierarchical.ThrowableCollector.execute(ThrowableCollector.java:73)
	at org.junit.platform.engine.support.hierarchical.NodeTestTask.executeRecursively(NodeTestTask.java:138)
	at org.junit.platform.engine.support.hierarchical.NodeTestTask.execute(NodeTestTask.java:95)
	at org.junit.platform.engine.support.hierarchical.SameThreadHierarchicalTestExecutorService.submit(SameThreadHierarchicalTestExecutorService.java:35)
	at org.junit.platform.engine.support.hierarchical.HierarchicalTestExecutor.execute(HierarchicalTestExecutor.java:57)
	at org.junit.platform.engine.support.hierarchical.HierarchicalTestEngine.execute(HierarchicalTestEngine.java:54)
	at org.junit.platform.launcher.core.EngineExecutionOrchestrator.execute(EngineExecutionOrchestrator.java:198)
	at org.junit.platform.launcher.core.EngineExecutionOrchestrator.execute(EngineExecutionOrchestrator.java:169)
	at org.junit.platform.launcher.core.EngineExecutionOrchestrator.execute(EngineExecutionOrchestrator.java:93)
	at org.junit.platform.launcher.core.EngineExecutionOrchestrator.lambda$execute$0(EngineExecutionOrchestrator.java:58)
	at org.junit.platform.launcher.core.EngineExecutionOrchestrator.withInterceptedStreams(EngineExecutionOrchestrator.java:141)
	at org.junit.platform.launcher.core.EngineExecutionOrchestrator.execute(EngineExecutionOrchestrator.java:57)
	at org.junit.platform.launcher.core.DefaultLauncher.execute(DefaultLauncher.java:103)
	at org.junit.platform.launcher.core.DefaultLauncher.execute(DefaultLauncher.java:85)
	at org.junit.platform.launcher.core.DelegatingLauncher.execute(DelegatingLauncher.java:47)
	at org.junit.platform.launcher.core.SessionPerRequestLauncher.execute(SessionPerRequestLauncher.java:63)
	at com.intellij.junit5.JUnit5IdeaTestRunner.startRunnerWithArgs(JUnit5IdeaTestRunner.java:57)
	at com.intellij.rt.junit.IdeaTestRunner$Repeater$1.execute(IdeaTestRunner.java:38)
	at com.intellij.rt.execution.junit.TestsRepeater.repeat(TestsRepeater.java:11)
	at com.intellij.rt.junit.IdeaTestRunner$Repeater.startRunnerWithArgs(IdeaTestRunner.java:35)
	at com.intellij.rt.junit.JUnitStarter.prepareStreamsAndStart(JUnitStarter.java:232)
	at com.intellij.rt.junit.JUnitStarter.main(JUnitStarter.java:55)
2025-01-30 15:12:29 [main] INFO  l.insoft.uztis.tests.utils.TestUtils - Screenshot moved to C:\Users\ingrida.zadorozniene\Desktop\Asm\UZTIS\UZTIS_tests\test-output\screenshots\20250130\151229894_testFillNewApplication().png
2025-01-30 15:14:24 [main] INFO  lt.insoft.uztis.tests.UztisPageTest - Navigated to https://uztisdev.asseco.lt/home
2025-01-30 15:14:24 [main] INFO  l.i.u.t.SubmittedApplicationsPageTest - Starting test:'testFillNewApplication'
2025-01-30 15:14:24 [main] DEBUG l.i.u.t.SubmittedApplicationsPageTest - User logged in with test credentials
2025-01-30 15:14:25 [main] DEBUG l.i.u.t.SubmittedApplicationsPageTest - Opened 'Application Processing' menu.
2025-01-30 15:14:25 [main] DEBUG l.i.u.t.SubmittedApplicationsPageTest - Clicked on 'Application Forms' menu.
2025-01-30 15:14:25 [main] DEBUG l.i.u.t.SubmittedApplicationsPageTest - Retrieved last description code text: 'TST-VUI-27'.
2025-01-30 15:14:25 [main] DEBUG l.i.u.t.SubmittedApplicationsPageTest - Clicked on 'Invitation' menu.
2025-01-30 15:14:26 [main] DEBUG l.i.u.t.SubmittedApplicationsPageTest - Selected application section by code: 'TST-VUI-27'.
2025-01-30 15:14:26 [main] DEBUG l.i.u.t.SubmittedApplicationsPageTest - Clicked 'Search' button.
2025-01-30 15:14:26 [main] DEBUG l.i.u.t.SubmittedApplicationsPageTest - Retrieved invitation code: ''.
2025-01-30 15:14:26 [main] DEBUG l.i.u.t.SubmittedApplicationsPageTest - Clicked on 'Submitted Applications' menu.
2025-01-30 15:14:27 [main] DEBUG l.i.u.t.SubmittedApplicationsPageTest - Selected invitation by code: 'TST-VUI-27'.
2025-01-30 15:14:28 [main] DEBUG l.i.u.t.SubmittedApplicationsPageTest - Clicked on 'Action Application' button.
2025-01-30 15:14:28 [main] DEBUG l.i.u.t.SubmittedApplicationsPageTest - Clicked on 'New Application' button.
2025-01-30 15:14:28 [main] DEBUG l.i.u.t.SubmittedApplicationsPageTest - Clicked on 'RadioButtonFA' button.
2025-01-30 15:14:28 [main] DEBUG l.i.u.t.SubmittedApplicationsPageTest - Entered phone number into the input field.
2025-01-30 15:14:29 [main] DEBUG l.i.u.t.SubmittedApplicationsPageTest - Entered eMail into the input field.
2025-01-30 15:14:29 [main] INFO  l.i.u.p.SubmittedApplicationsPage - Located the dropdown button.
2025-01-30 15:14:49 [main] INFO  l.i.u.p.SubmittedApplicationsPage - Found 1741 options in the dropdown.
2025-01-30 15:14:49 [main] INFO  l.i.u.p.SubmittedApplicationsPage - Successfully selected the value: '01.11 - Grūdinių (išskyrus ryžius), ankštinių ir aliejingų sėklų augalų auginimas'
2025-01-30 15:15:00 [main] ERROR l.i.u.p.SubmittedApplicationsPage - Failed to close the dropdown with aria-expanded = 'false'. Attempting manual close.
2025-01-30 15:15:00 [main] INFO  l.i.u.p.SubmittedApplicationsPage - Manual close attempt for the dropdown using body click.
2025-01-30 15:15:00 [main] DEBUG l.i.u.t.SubmittedApplicationsPageTest - Entered Address into the input field.
2025-01-30 15:15:00 [main] DEBUG l.i.u.t.SubmittedApplicationsPageTest - Entered Address into the input field.
2025-01-30 15:15:01 [main] INFO  l.i.u.p.SubmittedApplicationsPage - Located the dropdown button.
2025-01-30 15:15:02 [main] INFO  l.i.u.p.SubmittedApplicationsPage - Successfully selected the value: 'Administratoriai'
2025-01-30 15:15:22 [main] ERROR l.i.u.p.SubmittedApplicationsPage - Timeout while waiting for dropdown to close with aria-expanded = 'false'.
2025-01-30 15:15:22 [main] DEBUG l.i.u.t.SubmittedApplicationsPageTest - Selected the value: 'Administratoriai'
2025-01-30 15:15:22 [main] INFO  l.i.u.p.SubmittedApplicationsPage - Located the dropdown button.
2025-01-30 15:15:23 [main] INFO  l.i.u.p.SubmittedApplicationsPage - Successfully selected the value: 'Kita'
2025-01-30 15:15:33 [main] ERROR l.i.u.p.SubmittedApplicationsPage - Timeout while waiting for dropdown to close with aria-expanded = 'false'.
2025-01-30 15:15:33 [main] DEBUG l.i.u.t.SubmittedApplicationsPageTest - Selected the value: 'Kita'
2025-01-30 15:15:33 [main] DEBUG l.i.u.t.SubmittedApplicationsPageTest - Selected the value: '6 val. per dieną ir 4 d. per savaitę'
2025-01-30 15:15:34 [main] DEBUG l.i.u.t.SubmittedApplicationsPageTest - Entered Address into the input field.
2025-01-30 15:15:44 [main] ERROR l.i.u.t.SubmittedApplicationsPageTest - Test 'testFillNewApplication' failed with error: no such element: Unable to locate element: {"method":"xpath","selector":"//div[contains(@class, 'mat-mdc-form-field-infix')]//common-textarea[@id='common-textarea-3']//textarea[3]"}
  (Session info: chrome=132.0.6834.111)
For documentation on this error, please visit: https://www.selenium.dev/documentation/webdriver/troubleshooting/errors#no-such-element-exception
Build info: version: '4.27.0', revision: 'd6e718d134'
System info: os.name: 'Windows 11', os.arch: 'amd64', os.version: '10.0', java.version: '21.0.3'
Driver info: org.openqa.selenium.chrome.ChromeDriver
Command: [d0e8874aa523d51cd7100459f58137f1, findElement {value=//div[contains(@class, 'mat-mdc-form-field-infix')]//common-textarea[@id='common-textarea-3']//textarea[3], using=xpath}]
Capabilities {acceptInsecureCerts: false, browserName: chrome, browserVersion: 132.0.6834.111, chrome: {chromedriverVersion: 132.0.6834.159 (2d77d3fc445..., userDataDir: C:\Users\INGRID~1.ZAD\AppDa...}, fedcm:accounts: true, goog:chromeOptions: {debuggerAddress: localhost:53873}, networkConnectionEnabled: false, pageLoadStrategy: normal, platformName: windows, proxy: Proxy(), se:cdp: ws://localhost:53873/devtoo..., se:cdpVersion: 132.0.6834.111, setWindowRect: true, strictFileInteractability: false, timeouts: {implicit: 0, pageLoad: 300000, script: 30000}, unhandledPromptBehavior: dismiss and notify, webauthn:extension:credBlob: true, webauthn:extension:largeBlob: true, webauthn:extension:minPinLength: true, webauthn:extension:prf: true, webauthn:virtualAuthenticators: true}
Session ID: d0e8874aa523d51cd7100459f58137f1
org.openqa.selenium.NoSuchElementException: no such element: Unable to locate element: {"method":"xpath","selector":"//div[contains(@class, 'mat-mdc-form-field-infix')]//common-textarea[@id='common-textarea-3']//textarea[3]"}
  (Session info: chrome=132.0.6834.111)
For documentation on this error, please visit: https://www.selenium.dev/documentation/webdriver/troubleshooting/errors#no-such-element-exception
Build info: version: '4.27.0', revision: 'd6e718d134'
System info: os.name: 'Windows 11', os.arch: 'amd64', os.version: '10.0', java.version: '21.0.3'
Driver info: org.openqa.selenium.chrome.ChromeDriver
Command: [d0e8874aa523d51cd7100459f58137f1, findElement {value=//div[contains(@class, 'mat-mdc-form-field-infix')]//common-textarea[@id='common-textarea-3']//textarea[3], using=xpath}]
Capabilities {acceptInsecureCerts: false, browserName: chrome, browserVersion: 132.0.6834.111, chrome: {chromedriverVersion: 132.0.6834.159 (2d77d3fc445..., userDataDir: C:\Users\INGRID~1.ZAD\AppDa...}, fedcm:accounts: true, goog:chromeOptions: {debuggerAddress: localhost:53873}, networkConnectionEnabled: false, pageLoadStrategy: normal, platformName: windows, proxy: Proxy(), se:cdp: ws://localhost:53873/devtoo..., se:cdpVersion: 132.0.6834.111, setWindowRect: true, strictFileInteractability: false, timeouts: {implicit: 0, pageLoad: 300000, script: 30000}, unhandledPromptBehavior: dismiss and notify, webauthn:extension:credBlob: true, webauthn:extension:largeBlob: true, webauthn:extension:minPinLength: true, webauthn:extension:prf: true, webauthn:virtualAuthenticators: true}
Session ID: d0e8874aa523d51cd7100459f58137f1
	at java.base/jdk.internal.reflect.DirectConstructorHandleAccessor.newInstance(DirectConstructorHandleAccessor.java:62)
	at java.base/java.lang.reflect.Constructor.newInstanceWithCaller(Constructor.java:502)
	at java.base/java.lang.reflect.Constructor.newInstance(Constructor.java:486)
	at org.openqa.selenium.remote.ErrorCodec.decode(ErrorCodec.java:167)
	at org.openqa.selenium.remote.codec.w3c.W3CHttpResponseCodec.decode(W3CHttpResponseCodec.java:138)
	at org.openqa.selenium.remote.codec.w3c.W3CHttpResponseCodec.decode(W3CHttpResponseCodec.java:50)
	at org.openqa.selenium.remote.HttpCommandExecutor.execute(HttpCommandExecutor.java:190)
	at org.openqa.selenium.remote.service.DriverCommandExecutor.invokeExecute(DriverCommandExecutor.java:216)
	at org.openqa.selenium.remote.service.DriverCommandExecutor.execute(DriverCommandExecutor.java:174)
	at org.openqa.selenium.remote.RemoteWebDriver.execute(RemoteWebDriver.java:545)
	at org.openqa.selenium.remote.ElementLocation$ElementFinder$2.findElement(ElementLocation.java:165)
	at org.openqa.selenium.remote.ElementLocation.findElement(ElementLocation.java:59)
	at org.openqa.selenium.remote.RemoteWebDriver.findElement(RemoteWebDriver.java:368)
	at org.openqa.selenium.remote.RemoteWebDriver.findElement(RemoteWebDriver.java:362)
	at org.openqa.selenium.support.pagefactory.DefaultElementLocator.findElement(DefaultElementLocator.java:68)
	at org.openqa.selenium.support.pagefactory.internal.LocatingElementHandler.invoke(LocatingElementHandler.java:38)
	at jdk.proxy2/jdk.proxy2.$Proxy14.clear(Unknown Source)
	at lt.insoft.uztis.pages.SubmittedApplicationsPage.enterProsesDescription(SubmittedApplicationsPage.java:489)
	at lt.insoft.uztis.tests.SubmittedApplicationsPageTest.testFillNewApplication(SubmittedApplicationsPageTest.java:211)
	at java.base/jdk.internal.reflect.DirectMethodHandleAccessor.invoke(DirectMethodHandleAccessor.java:103)
	at java.base/java.lang.reflect.Method.invoke(Method.java:580)
	at org.junit.platform.commons.util.ReflectionUtils.invokeMethod(ReflectionUtils.java:728)
	at org.junit.jupiter.engine.execution.MethodInvocation.proceed(MethodInvocation.java:60)
	at org.junit.jupiter.engine.execution.InvocationInterceptorChain$ValidatingInvocation.proceed(InvocationInterceptorChain.java:131)
	at org.junit.jupiter.engine.extension.TimeoutExtension.intercept(TimeoutExtension.java:156)
	at org.junit.jupiter.engine.extension.TimeoutExtension.interceptTestableMethod(TimeoutExtension.java:147)
	at org.junit.jupiter.engine.extension.TimeoutExtension.interceptTestMethod(TimeoutExtension.java:86)
	at org.junit.jupiter.engine.execution.InterceptingExecutableInvoker$ReflectiveInterceptorCall.lambda$ofVoidMethod$0(InterceptingExecutableInvoker.java:103)
	at org.junit.jupiter.engine.execution.InterceptingExecutableInvoker.lambda$invoke$0(InterceptingExecutableInvoker.java:93)
	at org.junit.jupiter.engine.execution.InvocationInterceptorChain$InterceptedInvocation.proceed(InvocationInterceptorChain.java:106)
	at org.junit.jupiter.engine.execution.InvocationInterceptorChain.proceed(InvocationInterceptorChain.java:64)
	at org.junit.jupiter.engine.execution.InvocationInterceptorChain.chainAndInvoke(InvocationInterceptorChain.java:45)
	at org.junit.jupiter.engine.execution.InvocationInterceptorChain.invoke(InvocationInterceptorChain.java:37)
	at org.junit.jupiter.engine.execution.InterceptingExecutableInvoker.invoke(InterceptingExecutableInvoker.java:92)
	at org.junit.jupiter.engine.execution.InterceptingExecutableInvoker.invoke(InterceptingExecutableInvoker.java:86)
	at org.junit.jupiter.engine.descriptor.TestMethodTestDescriptor.lambda$invokeTestMethod$7(TestMethodTestDescriptor.java:218)
	at org.junit.platform.engine.support.hierarchical.ThrowableCollector.execute(ThrowableCollector.java:73)
	at org.junit.jupiter.engine.descriptor.TestMethodTestDescriptor.invokeTestMethod(TestMethodTestDescriptor.java:214)
	at org.junit.jupiter.engine.descriptor.TestMethodTestDescriptor.execute(TestMethodTestDescriptor.java:139)
	at org.junit.jupiter.engine.descriptor.TestMethodTestDescriptor.execute(TestMethodTestDescriptor.java:69)
	at org.junit.platform.engine.support.hierarchical.NodeTestTask.lambda$executeRecursively$6(NodeTestTask.java:151)
	at org.junit.platform.engine.support.hierarchical.ThrowableCollector.execute(ThrowableCollector.java:73)
	at org.junit.platform.engine.support.hierarchical.NodeTestTask.lambda$executeRecursively$8(NodeTestTask.java:141)
	at org.junit.platform.engine.support.hierarchical.Node.around(Node.java:137)
	at org.junit.platform.engine.support.hierarchical.NodeTestTask.lambda$executeRecursively$9(NodeTestTask.java:139)
	at org.junit.platform.engine.support.hierarchical.ThrowableCollector.execute(ThrowableCollector.java:73)
	at org.junit.platform.engine.support.hierarchical.NodeTestTask.executeRecursively(NodeTestTask.java:138)
	at org.junit.platform.engine.support.hierarchical.NodeTestTask.execute(NodeTestTask.java:95)
	at java.base/java.util.ArrayList.forEach(ArrayList.java:1596)
	at org.junit.platform.engine.support.hierarchical.SameThreadHierarchicalTestExecutorService.invokeAll(SameThreadHierarchicalTestExecutorService.java:41)
	at org.junit.platform.engine.support.hierarchical.NodeTestTask.lambda$executeRecursively$6(NodeTestTask.java:155)
	at org.junit.platform.engine.support.hierarchical.ThrowableCollector.execute(ThrowableCollector.java:73)
	at org.junit.platform.engine.support.hierarchical.NodeTestTask.lambda$executeRecursively$8(NodeTestTask.java:141)
	at org.junit.platform.engine.support.hierarchical.Node.around(Node.java:137)
	at org.junit.platform.engine.support.hierarchical.NodeTestTask.lambda$executeRecursively$9(NodeTestTask.java:139)
	at org.junit.platform.engine.support.hierarchical.ThrowableCollector.execute(ThrowableCollector.java:73)
	at org.junit.platform.engine.support.hierarchical.NodeTestTask.executeRecursively(NodeTestTask.java:138)
	at org.junit.platform.engine.support.hierarchical.NodeTestTask.execute(NodeTestTask.java:95)
	at java.base/java.util.ArrayList.forEach(ArrayList.java:1596)
	at org.junit.platform.engine.support.hierarchical.SameThreadHierarchicalTestExecutorService.invokeAll(SameThreadHierarchicalTestExecutorService.java:41)
	at org.junit.platform.engine.support.hierarchical.NodeTestTask.lambda$executeRecursively$6(NodeTestTask.java:155)
	at org.junit.platform.engine.support.hierarchical.ThrowableCollector.execute(ThrowableCollector.java:73)
	at org.junit.platform.engine.support.hierarchical.NodeTestTask.lambda$executeRecursively$8(NodeTestTask.java:141)
	at org.junit.platform.engine.support.hierarchical.Node.around(Node.java:137)
	at org.junit.platform.engine.support.hierarchical.NodeTestTask.lambda$executeRecursively$9(NodeTestTask.java:139)
	at org.junit.platform.engine.support.hierarchical.ThrowableCollector.execute(ThrowableCollector.java:73)
	at org.junit.platform.engine.support.hierarchical.NodeTestTask.executeRecursively(NodeTestTask.java:138)
	at org.junit.platform.engine.support.hierarchical.NodeTestTask.execute(NodeTestTask.java:95)
	at org.junit.platform.engine.support.hierarchical.SameThreadHierarchicalTestExecutorService.submit(SameThreadHierarchicalTestExecutorService.java:35)
	at org.junit.platform.engine.support.hierarchical.HierarchicalTestExecutor.execute(HierarchicalTestExecutor.java:57)
	at org.junit.platform.engine.support.hierarchical.HierarchicalTestEngine.execute(HierarchicalTestEngine.java:54)
	at org.junit.platform.launcher.core.EngineExecutionOrchestrator.execute(EngineExecutionOrchestrator.java:198)
	at org.junit.platform.launcher.core.EngineExecutionOrchestrator.execute(EngineExecutionOrchestrator.java:169)
	at org.junit.platform.launcher.core.EngineExecutionOrchestrator.execute(EngineExecutionOrchestrator.java:93)
	at org.junit.platform.launcher.core.EngineExecutionOrchestrator.lambda$execute$0(EngineExecutionOrchestrator.java:58)
	at org.junit.platform.launcher.core.EngineExecutionOrchestrator.withInterceptedStreams(EngineExecutionOrchestrator.java:141)
	at org.junit.platform.launcher.core.EngineExecutionOrchestrator.execute(EngineExecutionOrchestrator.java:57)
	at org.junit.platform.launcher.core.DefaultLauncher.execute(DefaultLauncher.java:103)
	at org.junit.platform.launcher.core.DefaultLauncher.execute(DefaultLauncher.java:85)
	at org.junit.platform.launcher.core.DelegatingLauncher.execute(DelegatingLauncher.java:47)
	at org.junit.platform.launcher.core.SessionPerRequestLauncher.execute(SessionPerRequestLauncher.java:63)
	at com.intellij.junit5.JUnit5IdeaTestRunner.startRunnerWithArgs(JUnit5IdeaTestRunner.java:57)
	at com.intellij.rt.junit.IdeaTestRunner$Repeater$1.execute(IdeaTestRunner.java:38)
	at com.intellij.rt.execution.junit.TestsRepeater.repeat(TestsRepeater.java:11)
	at com.intellij.rt.junit.IdeaTestRunner$Repeater.startRunnerWithArgs(IdeaTestRunner.java:35)
	at com.intellij.rt.junit.JUnitStarter.prepareStreamsAndStart(JUnitStarter.java:232)
	at com.intellij.rt.junit.JUnitStarter.main(JUnitStarter.java:55)
2025-01-30 15:15:45 [main] INFO  l.insoft.uztis.tests.utils.TestUtils - Screenshot moved to C:\Users\ingrida.zadorozniene\Desktop\Asm\UZTIS\UZTIS_tests\test-output\screenshots\20250130\151545011_testFillNewApplication().png
2025-01-30 15:25:40 [main] INFO  lt.insoft.uztis.tests.UztisPageTest - Navigated to https://uztisdev.asseco.lt/home
2025-01-30 15:25:40 [main] INFO  l.i.u.t.SubmittedApplicationsPageTest - Starting test:'testFillNewApplication'
2025-01-30 15:25:41 [main] DEBUG l.i.u.t.SubmittedApplicationsPageTest - User logged in with test credentials
2025-01-30 15:25:41 [main] DEBUG l.i.u.t.SubmittedApplicationsPageTest - Opened 'Application Processing' menu.
2025-01-30 15:25:41 [main] DEBUG l.i.u.t.SubmittedApplicationsPageTest - Clicked on 'Application Forms' menu.
2025-01-30 15:25:42 [main] DEBUG l.i.u.t.SubmittedApplicationsPageTest - Retrieved last description code text: 'TST-VUI-27'.
2025-01-30 15:25:42 [main] DEBUG l.i.u.t.SubmittedApplicationsPageTest - Clicked on 'Invitation' menu.
2025-01-30 15:25:43 [main] DEBUG l.i.u.t.SubmittedApplicationsPageTest - Selected application section by code: 'TST-VUI-27'.
2025-01-30 15:25:43 [main] DEBUG l.i.u.t.SubmittedApplicationsPageTest - Clicked 'Search' button.
2025-01-30 15:25:43 [main] DEBUG l.i.u.t.SubmittedApplicationsPageTest - Retrieved invitation code: ''.
2025-01-30 15:25:43 [main] DEBUG l.i.u.t.SubmittedApplicationsPageTest - Clicked on 'Submitted Applications' menu.
2025-01-30 15:25:44 [main] DEBUG l.i.u.t.SubmittedApplicationsPageTest - Selected invitation by code: 'TST-VUI-27'.
2025-01-30 15:25:44 [main] DEBUG l.i.u.t.SubmittedApplicationsPageTest - Clicked on 'Action Application' button.
2025-01-30 15:25:44 [main] DEBUG l.i.u.t.SubmittedApplicationsPageTest - Clicked on 'New Application' button.
2025-01-30 15:25:45 [main] DEBUG l.i.u.t.SubmittedApplicationsPageTest - Clicked on 'RadioButtonFA' button.
2025-01-30 15:25:45 [main] DEBUG l.i.u.t.SubmittedApplicationsPageTest - Entered phone number into the input field.
2025-01-30 15:25:45 [main] DEBUG l.i.u.t.SubmittedApplicationsPageTest - Entered eMail into the input field.
2025-01-30 15:25:45 [main] INFO  l.i.u.p.SubmittedApplicationsPage - Located the dropdown button.
2025-01-30 15:26:05 [main] INFO  l.i.u.p.SubmittedApplicationsPage - Found 1741 options in the dropdown.
2025-01-30 15:26:05 [main] INFO  l.i.u.p.SubmittedApplicationsPage - Successfully selected the value: '01.11 - Grūdinių (išskyrus ryžius), ankštinių ir aliejingų sėklų augalų auginimas'
2025-01-30 15:26:16 [main] ERROR l.i.u.p.SubmittedApplicationsPage - Failed to close the dropdown with aria-expanded = 'false'. Attempting manual close.
2025-01-30 15:26:16 [main] INFO  l.i.u.p.SubmittedApplicationsPage - Manual close attempt for the dropdown using body click.
2025-01-30 15:26:16 [main] DEBUG l.i.u.t.SubmittedApplicationsPageTest - Entered Address into the input field.
2025-01-30 15:26:16 [main] DEBUG l.i.u.t.SubmittedApplicationsPageTest - Entered Address into the input field.
2025-01-30 15:26:17 [main] INFO  l.i.u.p.SubmittedApplicationsPage - Located the dropdown button.
2025-01-30 15:26:18 [main] INFO  l.i.u.p.SubmittedApplicationsPage - Successfully selected the value: 'Administratoriai'
2025-01-30 15:26:38 [main] ERROR l.i.u.p.SubmittedApplicationsPage - Timeout while waiting for dropdown to close with aria-expanded = 'false'.
2025-01-30 15:26:38 [main] DEBUG l.i.u.t.SubmittedApplicationsPageTest - Selected the value: 'Administratoriai'
2025-01-30 15:26:38 [main] INFO  l.i.u.p.SubmittedApplicationsPage - Located the dropdown button.
2025-01-30 15:26:39 [main] INFO  l.i.u.p.SubmittedApplicationsPage - Successfully selected the value: 'Kita'
2025-01-30 15:26:49 [main] ERROR l.i.u.p.SubmittedApplicationsPage - Timeout while waiting for dropdown to close with aria-expanded = 'false'.
2025-01-30 15:26:49 [main] DEBUG l.i.u.t.SubmittedApplicationsPageTest - Selected the value: 'Kita'
2025-01-30 15:26:49 [main] DEBUG l.i.u.t.SubmittedApplicationsPageTest - Selected the value: '6 val. per dieną ir 4 d. per savaitę'
2025-01-30 15:26:50 [main] DEBUG l.i.u.t.SubmittedApplicationsPageTest - Entered Address into the input field.
2025-01-30 15:26:51 [main] INFO  l.i.u.t.SubmittedApplicationsPageTest - Test 'testFillNewApplication' completed successfully.
2025-01-30 15:32:24 [main] INFO  lt.insoft.uztis.tests.UztisPageTest - Navigated to https://uztisdev.asseco.lt/home
2025-01-30 15:32:24 [main] INFO  l.i.u.t.SubmittedApplicationsPageTest - Starting test:'testFillNewApplication'
2025-01-30 15:32:25 [main] DEBUG l.i.u.t.SubmittedApplicationsPageTest - User logged in with test credentials
2025-01-30 15:32:25 [main] DEBUG l.i.u.t.SubmittedApplicationsPageTest - Opened 'Application Processing' menu.
2025-01-30 15:32:25 [main] DEBUG l.i.u.t.SubmittedApplicationsPageTest - Clicked on 'Application Forms' menu.
2025-01-30 15:32:26 [main] DEBUG l.i.u.t.SubmittedApplicationsPageTest - Retrieved last description code text: 'TST-VUI-27'.
2025-01-30 15:32:26 [main] DEBUG l.i.u.t.SubmittedApplicationsPageTest - Clicked on 'Invitation' menu.
2025-01-30 15:32:27 [main] DEBUG l.i.u.t.SubmittedApplicationsPageTest - Selected application section by code: 'TST-VUI-27'.
2025-01-30 15:32:27 [main] DEBUG l.i.u.t.SubmittedApplicationsPageTest - Clicked 'Search' button.
2025-01-30 15:32:27 [main] DEBUG l.i.u.t.SubmittedApplicationsPageTest - Retrieved invitation code: ''.
2025-01-30 15:32:27 [main] DEBUG l.i.u.t.SubmittedApplicationsPageTest - Clicked on 'Submitted Applications' menu.
2025-01-30 15:32:28 [main] DEBUG l.i.u.t.SubmittedApplicationsPageTest - Selected invitation by code: 'TST-VUI-27'.
2025-01-30 15:32:28 [main] DEBUG l.i.u.t.SubmittedApplicationsPageTest - Clicked on 'Action Application' button.
2025-01-30 15:32:28 [main] DEBUG l.i.u.t.SubmittedApplicationsPageTest - Clicked on 'New Application' button.
2025-01-30 15:32:29 [main] DEBUG l.i.u.t.SubmittedApplicationsPageTest - Clicked on 'RadioButtonFA' button.
2025-01-30 15:32:29 [main] DEBUG l.i.u.t.SubmittedApplicationsPageTest - Entered phone number into the input field.
2025-01-30 15:32:29 [main] DEBUG l.i.u.t.SubmittedApplicationsPageTest - Entered eMail into the input field.
2025-01-30 15:32:29 [main] INFO  l.i.u.p.SubmittedApplicationsPage - Located the dropdown button.
2025-01-30 15:32:50 [main] INFO  l.i.u.p.SubmittedApplicationsPage - Found 1741 options in the dropdown.
2025-01-30 15:32:50 [main] INFO  l.i.u.p.SubmittedApplicationsPage - Successfully selected the value: '01.11 - Grūdinių (išskyrus ryžius), ankštinių ir aliejingų sėklų augalų auginimas'
2025-01-30 15:33:01 [main] ERROR l.i.u.p.SubmittedApplicationsPage - Failed to close the dropdown with aria-expanded = 'false'. Attempting manual close.
2025-01-30 15:33:01 [main] INFO  l.i.u.p.SubmittedApplicationsPage - Manual close attempt for the dropdown using body click.
2025-01-30 15:33:01 [main] DEBUG l.i.u.t.SubmittedApplicationsPageTest - Entered Address into the input field.
2025-01-30 15:33:02 [main] DEBUG l.i.u.t.SubmittedApplicationsPageTest - Entered Address into the input field.
2025-01-30 15:33:02 [main] INFO  l.i.u.p.SubmittedApplicationsPage - Located the dropdown button.
2025-01-30 15:33:03 [main] INFO  l.i.u.p.SubmittedApplicationsPage - Successfully selected the value: 'Administratoriai'
2025-01-30 15:33:23 [main] ERROR l.i.u.p.SubmittedApplicationsPage - Timeout while waiting for dropdown to close with aria-expanded = 'false'.
2025-01-30 15:33:23 [main] DEBUG l.i.u.t.SubmittedApplicationsPageTest - Selected the value: 'Administratoriai'
2025-01-30 15:33:23 [main] INFO  l.i.u.p.SubmittedApplicationsPage - Located the dropdown button.
2025-01-30 15:33:24 [main] INFO  l.i.u.p.SubmittedApplicationsPage - Successfully selected the value: 'Kita'
2025-01-30 15:33:34 [main] ERROR l.i.u.p.SubmittedApplicationsPage - Timeout while waiting for dropdown to close with aria-expanded = 'false'.
2025-01-30 15:33:34 [main] DEBUG l.i.u.t.SubmittedApplicationsPageTest - Selected the value: 'Kita'
2025-01-30 15:33:34 [main] DEBUG l.i.u.t.SubmittedApplicationsPageTest - Selected the value: '6 val. per dieną ir 4 d. per savaitę'
2025-01-30 15:33:35 [main] DEBUG l.i.u.t.SubmittedApplicationsPageTest - Entered Address into the input field.
2025-01-30 15:33:36 [main] INFO  l.i.u.t.SubmittedApplicationsPageTest - Test 'testFillNewApplication' completed successfully.
2025-01-30 15:35:18 [main] INFO  lt.insoft.uztis.tests.UztisPageTest - Navigated to https://uztisdev.asseco.lt/home
2025-01-30 15:35:18 [main] INFO  l.i.u.t.SubmittedApplicationsPageTest - Starting test:'testFillNewApplication'
2025-01-30 15:35:18 [main] DEBUG l.i.u.t.SubmittedApplicationsPageTest - User logged in with test credentials
2025-01-30 15:35:19 [main] DEBUG l.i.u.t.SubmittedApplicationsPageTest - Opened 'Application Processing' menu.
2025-01-30 15:35:19 [main] DEBUG l.i.u.t.SubmittedApplicationsPageTest - Clicked on 'Application Forms' menu.
2025-01-30 15:35:19 [main] DEBUG l.i.u.t.SubmittedApplicationsPageTest - Retrieved last description code text: 'TST-VUI-27'.
2025-01-30 15:35:19 [main] DEBUG l.i.u.t.SubmittedApplicationsPageTest - Clicked on 'Invitation' menu.
2025-01-30 15:35:20 [main] DEBUG l.i.u.t.SubmittedApplicationsPageTest - Selected application section by code: 'TST-VUI-27'.
2025-01-30 15:35:20 [main] DEBUG l.i.u.t.SubmittedApplicationsPageTest - Clicked 'Search' button.
2025-01-30 15:35:20 [main] DEBUG l.i.u.t.SubmittedApplicationsPageTest - Retrieved invitation code: ''.
2025-01-30 15:35:20 [main] DEBUG l.i.u.t.SubmittedApplicationsPageTest - Clicked on 'Submitted Applications' menu.
2025-01-30 15:35:21 [main] DEBUG l.i.u.t.SubmittedApplicationsPageTest - Selected invitation by code: 'TST-VUI-27'.
2025-01-30 15:35:22 [main] DEBUG l.i.u.t.SubmittedApplicationsPageTest - Clicked on 'Action Application' button.
2025-01-30 15:35:22 [main] DEBUG l.i.u.t.SubmittedApplicationsPageTest - Clicked on 'New Application' button.
2025-01-30 15:35:22 [main] DEBUG l.i.u.t.SubmittedApplicationsPageTest - Clicked on 'RadioButtonFA' button.
2025-01-30 15:35:23 [main] DEBUG l.i.u.t.SubmittedApplicationsPageTest - Entered phone number into the input field.
2025-01-30 15:35:23 [main] DEBUG l.i.u.t.SubmittedApplicationsPageTest - Entered eMail into the input field.
2025-01-30 15:35:23 [main] INFO  l.i.u.p.SubmittedApplicationsPage - Located the dropdown button.
2025-01-30 15:35:45 [main] INFO  l.i.u.p.SubmittedApplicationsPage - Found 1741 options in the dropdown.
2025-01-30 15:35:45 [main] INFO  l.i.u.p.SubmittedApplicationsPage - Successfully selected the value: '01.11 - Grūdinių (išskyrus ryžius), ankštinių ir aliejingų sėklų augalų auginimas'
2025-01-30 15:35:55 [main] ERROR l.i.u.p.SubmittedApplicationsPage - Failed to close the dropdown with aria-expanded = 'false'. Attempting manual close.
2025-01-30 15:35:55 [main] INFO  l.i.u.p.SubmittedApplicationsPage - Manual close attempt for the dropdown using body click.
2025-01-30 15:35:56 [main] DEBUG l.i.u.t.SubmittedApplicationsPageTest - Entered Address into the input field.
2025-01-30 15:35:56 [main] DEBUG l.i.u.t.SubmittedApplicationsPageTest - Entered Address into the input field.
2025-01-30 15:35:57 [main] INFO  l.i.u.p.SubmittedApplicationsPage - Located the dropdown button.
2025-01-30 15:35:58 [main] INFO  l.i.u.p.SubmittedApplicationsPage - Successfully selected the value: 'Administratoriai'
2025-01-30 15:36:18 [main] ERROR l.i.u.p.SubmittedApplicationsPage - Timeout while waiting for dropdown to close with aria-expanded = 'false'.
2025-01-30 15:36:18 [main] DEBUG l.i.u.t.SubmittedApplicationsPageTest - Selected the value: 'Administratoriai'
2025-01-30 15:36:19 [main] INFO  l.i.u.p.SubmittedApplicationsPage - Located the dropdown button.
2025-01-30 15:36:19 [main] INFO  l.i.u.p.SubmittedApplicationsPage - Successfully selected the value: 'Kita'
2025-01-30 15:36:29 [main] ERROR l.i.u.p.SubmittedApplicationsPage - Timeout while waiting for dropdown to close with aria-expanded = 'false'.
2025-01-30 15:36:29 [main] DEBUG l.i.u.t.SubmittedApplicationsPageTest - Selected the value: 'Kita'
2025-01-30 15:36:30 [main] DEBUG l.i.u.t.SubmittedApplicationsPageTest - Selected the value: '6 val. per dieną ir 4 d. per savaitę'
2025-01-30 15:36:30 [main] DEBUG l.i.u.t.SubmittedApplicationsPageTest - Entered Address into the input field.
2025-01-30 15:36:32 [main] INFO  l.i.u.t.SubmittedApplicationsPageTest - Test 'testFillNewApplication' completed successfully.
2025-01-30 15:40:39 [main] INFO  lt.insoft.uztis.tests.UztisPageTest - Navigated to https://uztisdev.asseco.lt/home
2025-01-30 15:40:39 [main] INFO  l.i.u.t.SubmittedApplicationsPageTest - Starting test:'testFillNewApplication'
2025-01-30 15:40:40 [main] DEBUG l.i.u.t.SubmittedApplicationsPageTest - User logged in with test credentials
2025-01-30 15:40:40 [main] DEBUG l.i.u.t.SubmittedApplicationsPageTest - Opened 'Application Processing' menu.
2025-01-30 15:40:41 [main] DEBUG l.i.u.t.SubmittedApplicationsPageTest - Clicked on 'Application Forms' menu.
2025-01-30 15:40:41 [main] DEBUG l.i.u.t.SubmittedApplicationsPageTest - Retrieved last description code text: 'TST-VUI-27'.
2025-01-30 15:40:41 [main] DEBUG l.i.u.t.SubmittedApplicationsPageTest - Clicked on 'Invitation' menu.
2025-01-30 15:40:42 [main] DEBUG l.i.u.t.SubmittedApplicationsPageTest - Selected application section by code: 'TST-VUI-27'.
2025-01-30 15:40:42 [main] DEBUG l.i.u.t.SubmittedApplicationsPageTest - Clicked 'Search' button.
2025-01-30 15:40:43 [main] DEBUG l.i.u.t.SubmittedApplicationsPageTest - Retrieved invitation code: ''.
2025-01-30 15:40:43 [main] DEBUG l.i.u.t.SubmittedApplicationsPageTest - Clicked on 'Submitted Applications' menu.
2025-01-30 15:40:44 [main] DEBUG l.i.u.t.SubmittedApplicationsPageTest - Selected invitation by code: 'TST-VUI-27'.
2025-01-30 15:40:44 [main] DEBUG l.i.u.t.SubmittedApplicationsPageTest - Clicked on 'Action Application' button.
2025-01-30 15:40:44 [main] DEBUG l.i.u.t.SubmittedApplicationsPageTest - Clicked on 'New Application' button.
2025-01-30 15:40:45 [main] DEBUG l.i.u.t.SubmittedApplicationsPageTest - Clicked on 'RadioButtonFA' button.
2025-01-30 15:40:45 [main] DEBUG l.i.u.t.SubmittedApplicationsPageTest - Entered phone number into the input field.
2025-01-30 15:40:45 [main] DEBUG l.i.u.t.SubmittedApplicationsPageTest - Entered eMail into the input field.
2025-01-30 15:40:45 [main] INFO  l.i.u.p.SubmittedApplicationsPage - Located the dropdown button.
2025-01-30 15:41:09 [main] INFO  l.i.u.p.SubmittedApplicationsPage - Found 1741 options in the dropdown.
2025-01-30 15:41:09 [main] INFO  l.i.u.p.SubmittedApplicationsPage - Successfully selected the value: '01.11 - Grūdinių (išskyrus ryžius), ankštinių ir aliejingų sėklų augalų auginimas'
2025-01-30 15:41:19 [main] ERROR l.i.u.p.SubmittedApplicationsPage - Failed to close the dropdown with aria-expanded = 'false'. Attempting manual close.
2025-01-30 15:41:19 [main] INFO  l.i.u.p.SubmittedApplicationsPage - Manual close attempt for the dropdown using body click.
2025-01-30 15:41:20 [main] DEBUG l.i.u.t.SubmittedApplicationsPageTest - Entered Address into the input field.
2025-01-30 15:41:20 [main] DEBUG l.i.u.t.SubmittedApplicationsPageTest - Entered Address into the input field.
2025-01-30 15:41:20 [main] INFO  l.i.u.p.SubmittedApplicationsPage - Located the dropdown button.
2025-01-30 15:41:22 [main] INFO  l.i.u.p.SubmittedApplicationsPage - Successfully selected the value: 'Administratoriai'
2025-01-30 15:41:42 [main] ERROR l.i.u.p.SubmittedApplicationsPage - Timeout while waiting for dropdown to close with aria-expanded = 'false'.
2025-01-30 15:41:42 [main] DEBUG l.i.u.t.SubmittedApplicationsPageTest - Selected the value: 'Administratoriai'
2025-01-30 15:41:42 [main] INFO  l.i.u.p.SubmittedApplicationsPage - Located the dropdown button.
2025-01-30 15:41:43 [main] INFO  l.i.u.p.SubmittedApplicationsPage - Successfully selected the value: 'Kita'
2025-01-30 15:41:54 [main] ERROR l.i.u.p.SubmittedApplicationsPage - Timeout while waiting for dropdown to close with aria-expanded = 'false'.
2025-01-30 15:41:54 [main] DEBUG l.i.u.t.SubmittedApplicationsPageTest - Selected the value: 'Kita'
2025-01-30 15:41:54 [main] DEBUG l.i.u.t.SubmittedApplicationsPageTest - Selected the value: '6 val. per dieną ir 4 d. per savaitę'
2025-01-30 15:41:55 [main] DEBUG l.i.u.t.SubmittedApplicationsPageTest - Entered Address into the input field.
2025-01-30 15:41:56 [main] INFO  l.i.u.t.SubmittedApplicationsPageTest - Test 'testFillNewApplication' completed successfully.
2025-01-31 10:52:27 [main] INFO  lt.insoft.uztis.tests.UztisPageTest - Navigated to https://uztisdev.asseco.lt/home
2025-01-31 10:52:27 [main] INFO  l.i.uztis.tests.InvitationsPageTest - Starting test:'testCreateNewPvkInvitation'
2025-01-31 10:52:28 [main] DEBUG l.i.uztis.tests.InvitationsPageTest - User logged in with test credentials
2025-01-31 10:52:28 [main] DEBUG l.i.uztis.tests.InvitationsPageTest - Opened 'Application Processing' menu.
2025-01-31 10:52:28 [main] DEBUG l.i.uztis.tests.InvitationsPageTest - Clicked on 'Application Forms' menu.
2025-01-31 10:52:28 [main] DEBUG l.i.uztis.tests.InvitationsPageTest - Navigating to application forms menu.
2025-01-31 10:52:29 [main] DEBUG l.i.uztis.tests.InvitationsPageTest - Retrieved last description code text: 'TST-PVK-13'.
2025-01-31 10:52:29 [main] DEBUG l.i.uztis.tests.InvitationsPageTest - Clicked on 'Invitation' menu.
2025-01-31 10:52:29 [main] DEBUG l.i.uztis.tests.InvitationsPageTest - Clicked 'Create New Application Form'.
2025-01-31 10:52:30 [main] DEBUG l.i.uztis.tests.InvitationsPageTest - Selected section by code: 'TST-PVK-13'.
2025-01-31 10:52:30 [main] INFO  l.insoft.uztis.pages.InvitationsPage - Located the dropdown button.
2025-01-31 10:52:41 [main] ERROR l.insoft.uztis.pages.InvitationsPage - Timeout while waiting for dropdown to close with aria-expanded = 'false'.
2025-01-31 10:52:41 [main] DEBUG l.i.uztis.tests.InvitationsPageTest - Selected invitation number from the list.
2025-01-31 10:52:41 [main] ERROR l.i.uztis.tests.InvitationsPageTest - Test 'testCreateNewPvkInvitation' failed with error: no such window: target window already closed
from unknown error: web view not found
  (Session info: chrome=132.0.6834.160)
Build info: version: '4.27.0', revision: 'd6e718d134'
System info: os.name: 'Windows 11', os.arch: 'amd64', os.version: '10.0', java.version: '21.0.3'
Driver info: org.openqa.selenium.chrome.ChromeDriver
Command: [5713431aa36397b222e8e4deb5dc5f59, findElement {using=xpath, value=//input[contains(@class, 'mat-datepicker-input')]}]
Capabilities {acceptInsecureCerts: false, browserName: chrome, browserVersion: 132.0.6834.160, chrome: {chromedriverVersion: 132.0.6834.159 (2d77d3fc445..., userDataDir: C:\Users\INGRID~1.ZAD\AppDa...}, fedcm:accounts: true, goog:chromeOptions: {debuggerAddress: localhost:60115}, networkConnectionEnabled: false, pageLoadStrategy: normal, platformName: windows, proxy: Proxy(), se:cdp: ws://localhost:60115/devtoo..., se:cdpVersion: 132.0.6834.160, setWindowRect: true, strictFileInteractability: false, timeouts: {implicit: 0, pageLoad: 300000, script: 30000}, unhandledPromptBehavior: dismiss and notify, webauthn:extension:credBlob: true, webauthn:extension:largeBlob: true, webauthn:extension:minPinLength: true, webauthn:extension:prf: true, webauthn:virtualAuthenticators: true}
Session ID: 5713431aa36397b222e8e4deb5dc5f59
org.openqa.selenium.NoSuchWindowException: no such window: target window already closed
from unknown error: web view not found
  (Session info: chrome=132.0.6834.160)
Build info: version: '4.27.0', revision: 'd6e718d134'
System info: os.name: 'Windows 11', os.arch: 'amd64', os.version: '10.0', java.version: '21.0.3'
Driver info: org.openqa.selenium.chrome.ChromeDriver
Command: [5713431aa36397b222e8e4deb5dc5f59, findElement {using=xpath, value=//input[contains(@class, 'mat-datepicker-input')]}]
Capabilities {acceptInsecureCerts: false, browserName: chrome, browserVersion: 132.0.6834.160, chrome: {chromedriverVersion: 132.0.6834.159 (2d77d3fc445..., userDataDir: C:\Users\INGRID~1.ZAD\AppDa...}, fedcm:accounts: true, goog:chromeOptions: {debuggerAddress: localhost:60115}, networkConnectionEnabled: false, pageLoadStrategy: normal, platformName: windows, proxy: Proxy(), se:cdp: ws://localhost:60115/devtoo..., se:cdpVersion: 132.0.6834.160, setWindowRect: true, strictFileInteractability: false, timeouts: {implicit: 0, pageLoad: 300000, script: 30000}, unhandledPromptBehavior: dismiss and notify, webauthn:extension:credBlob: true, webauthn:extension:largeBlob: true, webauthn:extension:minPinLength: true, webauthn:extension:prf: true, webauthn:virtualAuthenticators: true}
Session ID: 5713431aa36397b222e8e4deb5dc5f59
	at java.base/jdk.internal.reflect.DirectConstructorHandleAccessor.newInstance(DirectConstructorHandleAccessor.java:62)
	at java.base/java.lang.reflect.Constructor.newInstanceWithCaller(Constructor.java:502)
	at java.base/java.lang.reflect.Constructor.newInstance(Constructor.java:486)
	at org.openqa.selenium.remote.ErrorCodec.decode(ErrorCodec.java:167)
	at org.openqa.selenium.remote.codec.w3c.W3CHttpResponseCodec.decode(W3CHttpResponseCodec.java:138)
	at org.openqa.selenium.remote.codec.w3c.W3CHttpResponseCodec.decode(W3CHttpResponseCodec.java:50)
	at org.openqa.selenium.remote.HttpCommandExecutor.execute(HttpCommandExecutor.java:190)
	at org.openqa.selenium.remote.service.DriverCommandExecutor.invokeExecute(DriverCommandExecutor.java:216)
	at org.openqa.selenium.remote.service.DriverCommandExecutor.execute(DriverCommandExecutor.java:174)
	at org.openqa.selenium.remote.RemoteWebDriver.execute(RemoteWebDriver.java:545)
	at org.openqa.selenium.remote.ElementLocation$ElementFinder$2.findElement(ElementLocation.java:165)
	at org.openqa.selenium.remote.ElementLocation.findElement(ElementLocation.java:59)
	at org.openqa.selenium.remote.RemoteWebDriver.findElement(RemoteWebDriver.java:368)
	at org.openqa.selenium.remote.RemoteWebDriver.findElement(RemoteWebDriver.java:362)
	at org.openqa.selenium.support.pagefactory.DefaultElementLocator.findElement(DefaultElementLocator.java:68)
	at org.openqa.selenium.support.pagefactory.internal.LocatingElementHandler.invoke(LocatingElementHandler.java:38)
	at jdk.proxy2/jdk.proxy2.$Proxy14.isDisplayed(Unknown Source)
	at lt.insoft.uztis.pages.InvitationsPage.enterCurrentDate(InvitationsPage.java:280)
	at lt.insoft.uztis.tests.InvitationsPageTest.testCreateNewPvkInvitation(InvitationsPageTest.java:611)
	at java.base/jdk.internal.reflect.DirectMethodHandleAccessor.invoke(DirectMethodHandleAccessor.java:103)
	at java.base/java.lang.reflect.Method.invoke(Method.java:580)
	at org.junit.platform.commons.util.ReflectionUtils.invokeMethod(ReflectionUtils.java:728)
	at org.junit.jupiter.engine.execution.MethodInvocation.proceed(MethodInvocation.java:60)
	at org.junit.jupiter.engine.execution.InvocationInterceptorChain$ValidatingInvocation.proceed(InvocationInterceptorChain.java:131)
	at org.junit.jupiter.engine.extension.TimeoutExtension.intercept(TimeoutExtension.java:156)
	at org.junit.jupiter.engine.extension.TimeoutExtension.interceptTestableMethod(TimeoutExtension.java:147)
	at org.junit.jupiter.engine.extension.TimeoutExtension.interceptTestMethod(TimeoutExtension.java:86)
	at org.junit.jupiter.engine.execution.InterceptingExecutableInvoker$ReflectiveInterceptorCall.lambda$ofVoidMethod$0(InterceptingExecutableInvoker.java:103)
	at org.junit.jupiter.engine.execution.InterceptingExecutableInvoker.lambda$invoke$0(InterceptingExecutableInvoker.java:93)
	at org.junit.jupiter.engine.execution.InvocationInterceptorChain$InterceptedInvocation.proceed(InvocationInterceptorChain.java:106)
	at org.junit.jupiter.engine.execution.InvocationInterceptorChain.proceed(InvocationInterceptorChain.java:64)
	at org.junit.jupiter.engine.execution.InvocationInterceptorChain.chainAndInvoke(InvocationInterceptorChain.java:45)
	at org.junit.jupiter.engine.execution.InvocationInterceptorChain.invoke(InvocationInterceptorChain.java:37)
	at org.junit.jupiter.engine.execution.InterceptingExecutableInvoker.invoke(InterceptingExecutableInvoker.java:92)
	at org.junit.jupiter.engine.execution.InterceptingExecutableInvoker.invoke(InterceptingExecutableInvoker.java:86)
	at org.junit.jupiter.engine.descriptor.TestMethodTestDescriptor.lambda$invokeTestMethod$7(TestMethodTestDescriptor.java:218)
	at org.junit.platform.engine.support.hierarchical.ThrowableCollector.execute(ThrowableCollector.java:73)
	at org.junit.jupiter.engine.descriptor.TestMethodTestDescriptor.invokeTestMethod(TestMethodTestDescriptor.java:214)
	at org.junit.jupiter.engine.descriptor.TestMethodTestDescriptor.execute(TestMethodTestDescriptor.java:139)
	at org.junit.jupiter.engine.descriptor.TestMethodTestDescriptor.execute(TestMethodTestDescriptor.java:69)
	at org.junit.platform.engine.support.hierarchical.NodeTestTask.lambda$executeRecursively$6(NodeTestTask.java:151)
	at org.junit.platform.engine.support.hierarchical.ThrowableCollector.execute(ThrowableCollector.java:73)
	at org.junit.platform.engine.support.hierarchical.NodeTestTask.lambda$executeRecursively$8(NodeTestTask.java:141)
	at org.junit.platform.engine.support.hierarchical.Node.around(Node.java:137)
	at org.junit.platform.engine.support.hierarchical.NodeTestTask.lambda$executeRecursively$9(NodeTestTask.java:139)
	at org.junit.platform.engine.support.hierarchical.ThrowableCollector.execute(ThrowableCollector.java:73)
	at org.junit.platform.engine.support.hierarchical.NodeTestTask.executeRecursively(NodeTestTask.java:138)
	at org.junit.platform.engine.support.hierarchical.NodeTestTask.execute(NodeTestTask.java:95)
	at java.base/java.util.ArrayList.forEach(ArrayList.java:1596)
	at org.junit.platform.engine.support.hierarchical.SameThreadHierarchicalTestExecutorService.invokeAll(SameThreadHierarchicalTestExecutorService.java:41)
	at org.junit.platform.engine.support.hierarchical.NodeTestTask.lambda$executeRecursively$6(NodeTestTask.java:155)
	at org.junit.platform.engine.support.hierarchical.ThrowableCollector.execute(ThrowableCollector.java:73)
	at org.junit.platform.engine.support.hierarchical.NodeTestTask.lambda$executeRecursively$8(NodeTestTask.java:141)
	at org.junit.platform.engine.support.hierarchical.Node.around(Node.java:137)
	at org.junit.platform.engine.support.hierarchical.NodeTestTask.lambda$executeRecursively$9(NodeTestTask.java:139)
	at org.junit.platform.engine.support.hierarchical.ThrowableCollector.execute(ThrowableCollector.java:73)
	at org.junit.platform.engine.support.hierarchical.NodeTestTask.executeRecursively(NodeTestTask.java:138)
	at org.junit.platform.engine.support.hierarchical.NodeTestTask.execute(NodeTestTask.java:95)
	at java.base/java.util.ArrayList.forEach(ArrayList.java:1596)
	at org.junit.platform.engine.support.hierarchical.SameThreadHierarchicalTestExecutorService.invokeAll(SameThreadHierarchicalTestExecutorService.java:41)
	at org.junit.platform.engine.support.hierarchical.NodeTestTask.lambda$executeRecursively$6(NodeTestTask.java:155)
	at org.junit.platform.engine.support.hierarchical.ThrowableCollector.execute(ThrowableCollector.java:73)
	at org.junit.platform.engine.support.hierarchical.NodeTestTask.lambda$executeRecursively$8(NodeTestTask.java:141)
	at org.junit.platform.engine.support.hierarchical.Node.around(Node.java:137)
	at org.junit.platform.engine.support.hierarchical.NodeTestTask.lambda$executeRecursively$9(NodeTestTask.java:139)
	at org.junit.platform.engine.support.hierarchical.ThrowableCollector.execute(ThrowableCollector.java:73)
	at org.junit.platform.engine.support.hierarchical.NodeTestTask.executeRecursively(NodeTestTask.java:138)
	at org.junit.platform.engine.support.hierarchical.NodeTestTask.execute(NodeTestTask.java:95)
	at org.junit.platform.engine.support.hierarchical.SameThreadHierarchicalTestExecutorService.submit(SameThreadHierarchicalTestExecutorService.java:35)
	at org.junit.platform.engine.support.hierarchical.HierarchicalTestExecutor.execute(HierarchicalTestExecutor.java:57)
	at org.junit.platform.engine.support.hierarchical.HierarchicalTestEngine.execute(HierarchicalTestEngine.java:54)
	at org.junit.platform.launcher.core.EngineExecutionOrchestrator.execute(EngineExecutionOrchestrator.java:198)
	at org.junit.platform.launcher.core.EngineExecutionOrchestrator.execute(EngineExecutionOrchestrator.java:169)
	at org.junit.platform.launcher.core.EngineExecutionOrchestrator.execute(EngineExecutionOrchestrator.java:93)
	at org.junit.platform.launcher.core.EngineExecutionOrchestrator.lambda$execute$0(EngineExecutionOrchestrator.java:58)
	at org.junit.platform.launcher.core.EngineExecutionOrchestrator.withInterceptedStreams(EngineExecutionOrchestrator.java:141)
	at org.junit.platform.launcher.core.EngineExecutionOrchestrator.execute(EngineExecutionOrchestrator.java:57)
	at org.junit.platform.launcher.core.DefaultLauncher.execute(DefaultLauncher.java:103)
	at org.junit.platform.launcher.core.DefaultLauncher.execute(DefaultLauncher.java:85)
	at org.junit.platform.launcher.core.DelegatingLauncher.execute(DelegatingLauncher.java:47)
	at org.junit.platform.launcher.core.SessionPerRequestLauncher.execute(SessionPerRequestLauncher.java:63)
	at com.intellij.junit5.JUnit5IdeaTestRunner.startRunnerWithArgs(JUnit5IdeaTestRunner.java:57)
	at com.intellij.rt.junit.IdeaTestRunner$Repeater$1.execute(IdeaTestRunner.java:38)
	at com.intellij.rt.execution.junit.TestsRepeater.repeat(TestsRepeater.java:11)
	at com.intellij.rt.junit.IdeaTestRunner$Repeater.startRunnerWithArgs(IdeaTestRunner.java:35)
	at com.intellij.rt.junit.JUnitStarter.prepareStreamsAndStart(JUnitStarter.java:232)
	at com.intellij.rt.junit.JUnitStarter.main(JUnitStarter.java:55)
2025-01-31 10:52:55 [main] INFO  lt.insoft.uztis.tests.UztisPageTest - Navigated to https://uztisdev.asseco.lt/home
2025-01-31 10:52:55 [main] INFO  l.i.u.tests.ApplicationFormsPageTest - Setup complete. ApplicationFormsPage initialized.
2025-01-31 10:52:55 [main] INFO  l.i.u.tests.ApplicationFormsPageTest - Starting test:'testCreateNewPvkApplication'
2025-01-31 10:52:56 [main] DEBUG l.i.u.tests.ApplicationFormsPageTest - User logged in with test credentials
2025-01-31 10:52:56 [main] DEBUG l.i.u.tests.ApplicationFormsPageTest - Opened 'Application Processing' menu.
2025-01-31 10:52:56 [main] DEBUG l.i.u.tests.ApplicationFormsPageTest - Clicked on 'Application Forms' menu.
2025-01-31 10:52:56 [main] DEBUG l.i.u.tests.ApplicationFormsPageTest - Clicked to create a new application form.
2025-01-31 10:52:57 [main] DEBUG l.i.u.tests.ApplicationFormsPageTest - Entered random application code: TST-PVK-99
2025-01-31 10:52:57 [main] DEBUG l.i.u.tests.ApplicationFormsPageTest - Selected 'Municipality' radio button.
2025-01-31 10:52:57 [main] INFO  l.i.uztis.pages.ApplicationFormsPage - Located the dropdown button.
2025-01-31 10:52:57 [main] INFO  l.i.uztis.pages.ApplicationFormsPage - Successfully selected the value: 'Kauno departamentas'
2025-01-31 10:53:08 [main] ERROR l.i.uztis.pages.ApplicationFormsPage - Failed to close the dropdown with aria-expanded = 'false'.
2025-01-31 10:53:08 [main] DEBUG l.i.u.tests.ApplicationFormsPageTest - Selected a value from the 'Municipality' dropdown: 'Kauno departamentas'
2025-01-31 10:53:08 [main] DEBUG l.i.u.tests.ApplicationFormsPageTest - Selected 'Budget by Municipality' option.
2025-01-31 10:53:08 [main] DEBUG l.i.u.tests.ApplicationFormsPageTest - Selected 'Financed By Queue' radio button.
2025-01-31 10:53:08 [main] DEBUG l.i.u.tests.ApplicationFormsPageTest - Clicked 'Add' button.
2025-01-31 10:53:08 [main] INFO  l.i.uztis.pages.ApplicationFormsPage - Located the dropdown button.
2025-01-31 10:53:09 [main] INFO  l.i.uztis.pages.ApplicationFormsPage - Successfully selected the value: 'PVK paraiškos vertinimo forma - I etapas'
2025-01-31 10:53:19 [main] ERROR l.i.uztis.pages.ApplicationFormsPage - Failed to close the dropdown with aria-expanded = 'false'.
2025-01-31 10:53:19 [main] DEBUG l.i.u.tests.ApplicationFormsPageTest - Selected a value from the 'EvaluationOne' dropdown: 'PVK paraiškos vertinimo forma - I etapas'
2025-01-31 10:53:19 [main] INFO  l.i.uztis.pages.ApplicationFormsPage - Located the dropdown button.
2025-01-31 10:53:20 [main] INFO  l.i.uztis.pages.ApplicationFormsPage - Successfully selected the value: 'PVK paraiškos vertinimo forma - II etapas'
2025-01-31 10:53:31 [main] ERROR l.i.uztis.pages.ApplicationFormsPage - Failed to close the dropdown with aria-expanded = 'false'.
2025-01-31 10:53:31 [main] DEBUG l.i.u.tests.ApplicationFormsPageTest - Selected a value from the 'EvaluationTwon' dropdown: 'PVK paraiškos vertinimo forma - II etapas'
2025-01-31 10:53:31 [main] INFO  l.i.uztis.pages.ApplicationFormsPage - Located the dropdown button.
2025-01-31 10:53:31 [main] INFO  l.i.uztis.pages.ApplicationFormsPage - Successfully selected the value: 'PVK paraiškos vertinimo forma - III etapas'
2025-01-31 10:53:41 [main] ERROR l.i.uztis.pages.ApplicationFormsPage - Failed to close the dropdown with aria-expanded = 'false'.
2025-01-31 10:53:41 [main] DEBUG l.i.u.tests.ApplicationFormsPageTest - Selected a value from the 'EvaluationThree' dropdown: 'PVK paraiškos vertinimo forma - III etapas'
2025-01-31 10:53:41 [main] DEBUG l.i.u.tests.ApplicationFormsPageTest - Clicked 'Plus' button.
2025-01-31 10:53:42 [main] DEBUG l.i.u.tests.ApplicationFormsPageTest - Clicked 'Add' button seven times.
2025-01-31 10:53:42 [main] INFO  l.i.uztis.pages.ApplicationFormsPage - Processing dropdown index: 0
2025-01-31 10:53:53 [main] ERROR l.i.uztis.pages.ApplicationFormsPage - Timeout while waiting for dropdown to close at index: 0 with aria-expanded = 'false'
2025-01-31 10:53:53 [main] INFO  l.i.uztis.pages.ApplicationFormsPage - Processing dropdown index: 1
2025-01-31 10:54:03 [main] ERROR l.i.uztis.pages.ApplicationFormsPage - Timeout while waiting for dropdown to close at index: 1 with aria-expanded = 'false'
2025-01-31 10:54:03 [main] INFO  l.i.uztis.pages.ApplicationFormsPage - Processing dropdown index: 2
2025-01-31 10:54:14 [main] ERROR l.i.uztis.pages.ApplicationFormsPage - Timeout while waiting for dropdown to close at index: 2 with aria-expanded = 'false'
2025-01-31 10:54:14 [main] INFO  l.i.uztis.pages.ApplicationFormsPage - Processing dropdown index: 3
2025-01-31 10:54:26 [main] ERROR l.i.uztis.pages.ApplicationFormsPage - Timeout while waiting for dropdown to close at index: 3 with aria-expanded = 'false'
2025-01-31 10:54:26 [main] INFO  l.i.uztis.pages.ApplicationFormsPage - Processing dropdown index: 4
2025-01-31 10:54:37 [main] ERROR l.i.uztis.pages.ApplicationFormsPage - Timeout while waiting for dropdown to close at index: 4 with aria-expanded = 'false'
2025-01-31 10:54:37 [main] INFO  l.i.uztis.pages.ApplicationFormsPage - Processing dropdown index: 5
2025-01-31 10:54:48 [main] ERROR l.i.uztis.pages.ApplicationFormsPage - Timeout while waiting for dropdown to close at index: 5 with aria-expanded = 'false'
2025-01-31 10:54:48 [main] INFO  l.i.uztis.pages.ApplicationFormsPage - Processing dropdown index: 6
2025-01-31 10:54:58 [main] ERROR l.i.uztis.pages.ApplicationFormsPage - Timeout while waiting for dropdown to close at index: 6 with aria-expanded = 'false'
2025-01-31 10:54:58 [main] INFO  l.i.uztis.pages.ApplicationFormsPage - Processing dropdown index: 7
2025-01-31 10:55:10 [main] ERROR l.i.uztis.pages.ApplicationFormsPage - Timeout while waiting for dropdown to close at index: 7 with aria-expanded = 'false'
2025-01-31 10:55:10 [main] INFO  l.i.uztis.pages.ApplicationFormsPage - Processing input field index: 0
2025-01-31 10:55:10 [main] INFO  l.i.uztis.pages.ApplicationFormsPage - Entered value '50' into field index: 0
2025-01-31 10:55:10 [main] INFO  l.i.uztis.pages.ApplicationFormsPage - Processing input field index: 1
2025-01-31 10:55:10 [main] INFO  l.i.uztis.pages.ApplicationFormsPage - Entered value '924' into field index: 1
2025-01-31 10:55:10 [main] INFO  l.i.uztis.pages.ApplicationFormsPage - Processing input field index: 2
2025-01-31 10:55:10 [main] INFO  l.i.uztis.pages.ApplicationFormsPage - Entered value '31' into field index: 2
2025-01-31 10:55:10 [main] INFO  l.i.uztis.pages.ApplicationFormsPage - Processing input field index: 3
2025-01-31 10:55:10 [main] INFO  l.i.uztis.pages.ApplicationFormsPage - Entered value '4.7' into field index: 3
2025-01-31 10:55:10 [main] INFO  l.i.uztis.pages.ApplicationFormsPage - Processing input field index: 4
2025-01-31 10:55:10 [main] INFO  l.i.uztis.pages.ApplicationFormsPage - Entered value '35' into field index: 4
2025-01-31 10:55:10 [main] INFO  l.i.uztis.pages.ApplicationFormsPage - Processing input field index: 5
2025-01-31 10:55:11 [main] INFO  l.i.uztis.pages.ApplicationFormsPage - Entered value '20' into field index: 5
2025-01-31 10:55:11 [main] INFO  l.i.uztis.pages.ApplicationFormsPage - Processing input field index: 6
2025-01-31 10:55:11 [main] INFO  l.i.uztis.pages.ApplicationFormsPage - Entered value '30' into field index: 6
2025-01-31 10:55:11 [main] INFO  l.i.uztis.pages.ApplicationFormsPage - Processing input field index: 7
2025-01-31 10:55:11 [main] INFO  l.i.uztis.pages.ApplicationFormsPage - Entered value '60' into field index: 7
2025-01-31 10:55:11 [main] DEBUG l.i.u.tests.ApplicationFormsPageTest - Entered additional values and text.
2025-01-31 10:55:11 [main] DEBUG l.i.u.tests.ApplicationFormsPageTest - Entered application name: PVK paraiška
2025-01-31 10:55:11 [main] DEBUG l.i.u.tests.ApplicationFormsPageTest - Clicked the 'Save' button.
2025-01-31 10:55:11 [main] INFO  l.i.u.tests.ApplicationFormsPageTest - Verified success message: 'Duomenys sėkmingai išsaugoti.'
2025-01-31 10:55:11 [main] INFO  l.i.u.tests.ApplicationFormsPageTest - Verified that the 'Save Form' button is displayed.
2025-01-31 10:55:11 [main] INFO  l.i.u.tests.ApplicationFormsPageTest - Test 'testCreateNewPvkApplication' completed successfully.
2025-01-31 11:02:07 [main] INFO  lt.insoft.uztis.tests.UztisPageTest - Navigated to https://uztisdev.asseco.lt/home
2025-01-31 11:02:07 [main] INFO  l.i.uztis.tests.InvitationsPageTest - Starting test:'testCreateNewPvkInvitation'
2025-01-31 11:02:08 [main] DEBUG l.i.uztis.tests.InvitationsPageTest - User logged in with test credentials
2025-01-31 11:02:08 [main] DEBUG l.i.uztis.tests.InvitationsPageTest - Opened 'Application Processing' menu.
2025-01-31 11:02:08 [main] DEBUG l.i.uztis.tests.InvitationsPageTest - Clicked on 'Application Forms' menu.
2025-01-31 11:02:08 [main] DEBUG l.i.uztis.tests.InvitationsPageTest - Navigating to application forms menu.
2025-01-31 11:02:09 [main] DEBUG l.i.uztis.tests.InvitationsPageTest - Retrieved last description code text: 'TST-PVK-99'.
2025-01-31 11:02:09 [main] DEBUG l.i.uztis.tests.InvitationsPageTest - Clicked on 'Invitation' menu.
2025-01-31 11:02:09 [main] DEBUG l.i.uztis.tests.InvitationsPageTest - Clicked 'Create New Application Form'.
2025-01-31 11:02:10 [main] DEBUG l.i.uztis.tests.InvitationsPageTest - Selected section by code: 'TST-PVK-99'.
2025-01-31 11:02:10 [main] INFO  l.insoft.uztis.pages.InvitationsPage - Located the dropdown button.
2025-01-31 11:02:20 [main] ERROR l.insoft.uztis.pages.InvitationsPage - Timeout while waiting for dropdown to close with aria-expanded = 'false'.
2025-01-31 11:02:20 [main] DEBUG l.i.uztis.tests.InvitationsPageTest - Selected invitation number from the list.
2025-01-31 11:02:21 [main] DEBUG l.i.uztis.tests.InvitationsPageTest - Entered current date.
2025-01-31 11:02:21 [main] DEBUG l.i.uztis.tests.InvitationsPageTest - Entered start time: 00:00.
2025-01-31 11:02:21 [main] DEBUG l.i.uztis.tests.InvitationsPageTest - Entered end date.
2025-01-31 11:02:22 [main] DEBUG l.i.uztis.tests.InvitationsPageTest - Entered end time: 11:11.
2025-01-31 11:02:22 [main] DEBUG l.i.uztis.tests.InvitationsPageTest - Entered publication end date.
2025-01-31 11:02:22 [main] DEBUG l.i.uztis.tests.InvitationsPageTest - Added additional values.
2025-01-31 11:02:22 [main] INFO  l.insoft.uztis.pages.InvitationsPage - Located the dropdown button.
2025-01-31 11:02:23 [main] DEBUG l.i.uztis.tests.InvitationsPageTest - Selected the value: 'Didžiausia galima paramos suma aplinkos darbo vietai, Eur'
2025-01-31 11:02:23 [main] INFO  l.insoft.uztis.pages.InvitationsPage - Located the dropdown button.
2025-01-31 11:02:23 [main] DEBUG l.i.uztis.tests.InvitationsPageTest - Selected the value: 'Didžiausia galima paramos suma, Eur'
2025-01-31 11:02:23 [main] INFO  l.insoft.uztis.pages.InvitationsPage - Located the dropdown button.
2025-01-31 11:02:24 [main] DEBUG l.i.uztis.tests.InvitationsPageTest - Selected the value: 'Didžiausia galima paramos suma vienai darbo vietai, Eur'
2025-01-31 11:02:24 [main] DEBUG l.i.uztis.tests.InvitationsPageTest - Entered value: 11000
2025-01-31 11:02:25 [main] DEBUG l.i.uztis.tests.InvitationsPageTest - Entered value: 12000
2025-01-31 11:02:25 [main] DEBUG l.i.uztis.tests.InvitationsPageTest - Entered value: 13000
2025-01-31 11:02:25 [main] DEBUG l.i.uztis.tests.InvitationsPageTest - Checked 'Legal Entities' checkbox.
2025-01-31 11:02:25 [main] DEBUG l.i.uztis.tests.InvitationsPageTest - Unchecked 'Persons Registered with Employment Service' checkbox.
2025-01-31 11:02:25 [main] DEBUG l.i.uztis.tests.InvitationsPageTest - Checked 'Persons Registered as Employers' checkbox.
2025-01-31 11:02:25 [main] DEBUG l.i.uztis.tests.InvitationsPageTest - Entered second evaluation grade: '5'.
2025-01-31 11:02:25 [main] DEBUG l.i.uztis.tests.InvitationsPageTest - Entered third evaluation grade: '6'.
2025-01-31 11:02:25 [main] DEBUG l.i.uztis.tests.InvitationsPageTest - Entered second evaluation grade weight: '0,45'.
2025-01-31 11:02:25 [main] DEBUG l.i.uztis.tests.InvitationsPageTest - Entered third evaluation grade weight: '0,55'.
2025-01-31 11:02:26 [main] DEBUG l.i.uztis.tests.InvitationsPageTest - Entered budget: '2000'.
2025-01-31 11:02:26 [main] DEBUG l.i.uztis.tests.InvitationsPageTest - Entered budget: '2000'.
2025-01-31 11:02:26 [main] DEBUG l.i.uztis.tests.InvitationsPageTest - Entered budget: '2000'.
2025-01-31 11:02:26 [main] DEBUG l.i.uztis.tests.InvitationsPageTest - Entered budget: '2000'.
2025-01-31 11:02:26 [main] DEBUG l.i.uztis.tests.InvitationsPageTest - Entered budget: '2000'.
2025-01-31 11:02:26 [main] DEBUG l.i.uztis.tests.InvitationsPageTest - Entered description text: 'Aprašo tekstas'.
2025-01-31 11:02:26 [main] DEBUG l.i.uztis.tests.InvitationsPageTest - Entered applicants text: 'Pareiškėjų tekstas'.
2025-01-31 11:02:26 [main] DEBUG l.i.uztis.tests.InvitationsPageTest - Entered expenditures text: 'Išlaidų tekstas'.
2025-01-31 11:02:27 [main] DEBUG l.i.uztis.tests.InvitationsPageTest - Entered legislation text: 'Teisės aktų tekstas'.
2025-01-31 11:02:27 [main] DEBUG l.i.uztis.tests.InvitationsPageTest - Entered education text: 'Mokymų tekstas'.
2025-01-31 11:02:27 [main] DEBUG l.i.uztis.tests.InvitationsPageTest - File uploaded.
2025-01-31 11:02:27 [main] DEBUG l.i.uztis.tests.InvitationsPageTest - Clicked 'Publish'.
2025-01-31 11:02:27 [main] DEBUG l.i.uztis.tests.InvitationsPageTest - Publication confirmed.
2025-01-31 11:02:28 [main] DEBUG l.i.uztis.tests.InvitationsPageTest - Verified success message: 'Funkcija sėkmingai atlikta.'
2025-01-31 11:02:28 [main] INFO  l.i.uztis.tests.InvitationsPageTest - Test 'testCreateNewPvkInvitation' completed successfully.
2025-01-31 11:02:48 [main] INFO  lt.insoft.uztis.tests.UztisPageTest - Navigated to https://uztisdev.asseco.lt/home
2025-01-31 11:02:48 [main] INFO  l.i.uztis.tests.InvitationsPageTest - Starting test:'testInsertVuiStatisticInformation'
2025-01-31 11:02:48 [main] DEBUG l.i.uztis.tests.InvitationsPageTest - User logged in with test credentials
2025-01-31 11:02:48 [main] DEBUG l.i.uztis.tests.InvitationsPageTest - Opened 'Application Processing' menu.
2025-01-31 11:02:49 [main] DEBUG l.i.uztis.tests.InvitationsPageTest - Clicked on 'Application Forms' menu.
2025-01-31 11:02:49 [main] DEBUG l.i.uztis.tests.InvitationsPageTest - Navigating to invitation forms menu.
2025-01-31 11:02:50 [main] DEBUG l.i.uztis.tests.InvitationsPageTest - Retrieved last description code text: 'TST-PVK-99'.
2025-01-31 11:02:50 [main] DEBUG l.i.uztis.tests.InvitationsPageTest - Clicked on 'Invitation' menu.
2025-01-31 11:02:51 [main] DEBUG l.i.uztis.tests.InvitationsPageTest - Selected section by code: 'TST-PVK-99'.
2025-01-31 11:02:51 [main] DEBUG l.i.uztis.tests.InvitationsPageTest - Clicked 'Search'.
2025-01-31 11:02:51 [main] DEBUG l.i.uztis.tests.InvitationsPageTest - Getting and inserting application code text.
2025-01-31 11:02:51 [main] DEBUG l.i.uztis.tests.InvitationsPageTest - Clicked 'Publishing'.
2025-01-31 11:02:52 [main] DEBUG l.i.uztis.tests.InvitationsPageTest - Clicked 'Statistic Information' tab.
2025-01-31 11:02:52 [main] DEBUG l.i.uztis.tests.InvitationsPageTest - Clicked 'Edit' button.
2025-01-31 11:02:52 [main] DEBUG l.i.uztis.tests.InvitationsPageTest - Entered current date.
2025-01-31 11:02:52 [main] DEBUG l.i.uztis.tests.InvitationsPageTest - Entered value: 8.7
2025-01-31 11:02:52 [main] DEBUG l.i.uztis.tests.InvitationsPageTest - Entered average salary: 2237.9
2025-01-31 11:02:52 [main] DEBUG l.i.uztis.tests.InvitationsPageTest - File uploaded.
2025-01-31 11:02:52 [main] DEBUG l.i.uztis.tests.InvitationsPageTest - Clicked 'Save' button.
2025-01-31 11:02:54 [main] DEBUG l.i.uztis.tests.InvitationsPageTest - Verified success message: 'Funkcija sėkmingai atlikta.'
2025-01-31 11:02:54 [main] INFO  l.i.uztis.tests.InvitationsPageTest - Test 'testInsertVuiStatisticInformation' completed successfully.
2025-01-31 12:02:51 [main] INFO  lt.insoft.uztis.tests.UztisPageTest - Navigated to https://uztisdev.asseco.lt/home
2025-01-31 12:02:51 [main] INFO  l.i.uztis.tests.InvitationsPageTest - Starting test:'testCreateNewPvkInvitation'
2025-01-31 12:02:52 [main] DEBUG l.i.uztis.tests.InvitationsPageTest - User logged in with test credentials
2025-01-31 12:02:52 [main] DEBUG l.i.uztis.tests.InvitationsPageTest - Opened 'Application Processing' menu.
2025-01-31 12:02:52 [main] DEBUG l.i.uztis.tests.InvitationsPageTest - Clicked on 'Application Forms' menu.
2025-01-31 12:02:52 [main] DEBUG l.i.uztis.tests.InvitationsPageTest - Navigating to application forms menu.
2025-01-31 12:02:52 [main] DEBUG l.i.uztis.tests.InvitationsPageTest - Retrieved last description code text: 'TST-PVK-99'.
2025-01-31 12:02:52 [main] DEBUG l.i.uztis.tests.InvitationsPageTest - Clicked on 'Invitation' menu.
2025-01-31 12:02:52 [main] DEBUG l.i.uztis.tests.InvitationsPageTest - Clicked 'Create New Application Form'.
2025-01-31 12:02:53 [main] DEBUG l.i.uztis.tests.InvitationsPageTest - Selected section by code: 'TST-PVK-99'.
2025-01-31 12:02:53 [main] INFO  l.insoft.uztis.pages.InvitationsPage - Located the dropdown button.
2025-01-31 12:03:05 [main] ERROR l.insoft.uztis.pages.InvitationsPage - Timeout while waiting for dropdown to close with aria-expanded = 'false'.
2025-01-31 12:03:05 [main] DEBUG l.i.uztis.tests.InvitationsPageTest - Selected invitation number from the list.
2025-01-31 12:03:05 [main] DEBUG l.i.uztis.tests.InvitationsPageTest - Entered current date.
2025-01-31 12:03:06 [main] DEBUG l.i.uztis.tests.InvitationsPageTest - Entered start time: 00:00.
2025-01-31 12:03:06 [main] DEBUG l.i.uztis.tests.InvitationsPageTest - Entered end date.
2025-01-31 12:03:06 [main] DEBUG l.i.uztis.tests.InvitationsPageTest - Entered end time: 11:11.
2025-01-31 12:03:06 [main] DEBUG l.i.uztis.tests.InvitationsPageTest - Entered publication end date.
2025-01-31 12:03:07 [main] DEBUG l.i.uztis.tests.InvitationsPageTest - Added additional values.
2025-01-31 12:03:07 [main] INFO  l.insoft.uztis.pages.InvitationsPage - Located the dropdown button.
2025-01-31 12:03:07 [main] DEBUG l.i.uztis.tests.InvitationsPageTest - Selected the value: 'Didžiausia galima paramos suma aplinkos darbo vietai, Eur'
2025-01-31 12:03:07 [main] INFO  l.insoft.uztis.pages.InvitationsPage - Located the dropdown button.
2025-01-31 12:03:07 [main] DEBUG l.i.uztis.tests.InvitationsPageTest - Selected the value: 'Didžiausia galima paramos suma, Eur'
2025-01-31 12:03:07 [main] INFO  l.insoft.uztis.pages.InvitationsPage - Located the dropdown button.
2025-01-31 12:03:08 [main] DEBUG l.i.uztis.tests.InvitationsPageTest - Selected the value: 'Didžiausia galima paramos suma vienai darbo vietai, Eur'
2025-01-31 12:03:08 [main] DEBUG l.i.uztis.tests.InvitationsPageTest - Entered value: 11000
2025-01-31 12:03:08 [main] DEBUG l.i.uztis.tests.InvitationsPageTest - Entered value: 12000
2025-01-31 12:03:08 [main] DEBUG l.i.uztis.tests.InvitationsPageTest - Entered value: 13000
2025-01-31 12:03:08 [main] DEBUG l.i.uztis.tests.InvitationsPageTest - Checked 'Legal Entities' checkbox.
2025-01-31 12:03:08 [main] DEBUG l.i.uztis.tests.InvitationsPageTest - Unchecked 'Persons Registered with Employment Service' checkbox.
2025-01-31 12:03:08 [main] DEBUG l.i.uztis.tests.InvitationsPageTest - Checked 'Persons Registered as Employers' checkbox.
2025-01-31 12:03:09 [main] DEBUG l.i.uztis.tests.InvitationsPageTest - Entered second evaluation grade: '5'.
2025-01-31 12:03:09 [main] DEBUG l.i.uztis.tests.InvitationsPageTest - Entered third evaluation grade: '6'.
2025-01-31 12:03:09 [main] DEBUG l.i.uztis.tests.InvitationsPageTest - Entered second evaluation grade weight: '0,45'.
2025-01-31 12:03:09 [main] DEBUG l.i.uztis.tests.InvitationsPageTest - Entered third evaluation grade weight: '0,55'.
2025-01-31 12:03:09 [main] DEBUG l.i.uztis.tests.InvitationsPageTest - Entered budget: '2000'.
2025-01-31 12:03:09 [main] DEBUG l.i.uztis.tests.InvitationsPageTest - Entered budget: '2000'.
2025-01-31 12:03:09 [main] DEBUG l.i.uztis.tests.InvitationsPageTest - Entered budget: '2000'.
2025-01-31 12:03:09 [main] DEBUG l.i.uztis.tests.InvitationsPageTest - Entered budget: '2000'.
2025-01-31 12:03:09 [main] DEBUG l.i.uztis.tests.InvitationsPageTest - Entered budget: '2000'.
2025-01-31 12:03:09 [main] DEBUG l.i.uztis.tests.InvitationsPageTest - Entered description text: 'Aprašo tekstas'.
2025-01-31 12:03:10 [main] DEBUG l.i.uztis.tests.InvitationsPageTest - Entered applicants text: 'Pareiškėjų tekstas'.
2025-01-31 12:03:10 [main] DEBUG l.i.uztis.tests.InvitationsPageTest - Entered expenditures text: 'Išlaidų tekstas'.
2025-01-31 12:03:10 [main] DEBUG l.i.uztis.tests.InvitationsPageTest - Entered legislation text: 'Teisės aktų tekstas'.
2025-01-31 12:03:10 [main] DEBUG l.i.uztis.tests.InvitationsPageTest - Entered education text: 'Mokymų tekstas'.
2025-01-31 12:03:10 [main] DEBUG l.i.uztis.tests.InvitationsPageTest - File uploaded.
2025-01-31 12:03:10 [main] DEBUG l.i.uztis.tests.InvitationsPageTest - Clicked 'Publish'.
2025-01-31 12:03:10 [main] DEBUG l.i.uztis.tests.InvitationsPageTest - Publication confirmed.
2025-01-31 12:03:12 [main] DEBUG l.i.uztis.tests.InvitationsPageTest - Verified success message: 'Funkcija sėkmingai atlikta.'
2025-01-31 12:03:12 [main] INFO  l.i.uztis.tests.InvitationsPageTest - Test 'testCreateNewPvkInvitation' completed successfully.
2025-01-31 14:41:58 [main] INFO  lt.insoft.uztis.tests.UztisPageTest - Navigated to https://uztisdev.asseco.lt/home
2025-01-31 14:41:58 [main] INFO  l.i.u.t.SubmittedApplicationsPageTest - Starting test:'testFillNewApplication'
2025-01-31 14:41:58 [main] DEBUG l.i.u.t.SubmittedApplicationsPageTest - User logged in with test credentials
2025-01-31 14:41:59 [main] DEBUG l.i.u.t.SubmittedApplicationsPageTest - Opened 'Application Processing' menu.
2025-01-31 14:41:59 [main] DEBUG l.i.u.t.SubmittedApplicationsPageTest - Clicked on 'Application Forms' menu.
2025-01-31 14:41:59 [main] DEBUG l.i.u.t.SubmittedApplicationsPageTest - Retrieved last description code text: 'TST-PVK-99'.
2025-01-31 14:41:59 [main] DEBUG l.i.u.t.SubmittedApplicationsPageTest - Clicked on 'Invitation' menu.
2025-01-31 14:42:00 [main] DEBUG l.i.u.t.SubmittedApplicationsPageTest - Selected application section by code: 'TST-PVK-99'.
2025-01-31 14:42:00 [main] DEBUG l.i.u.t.SubmittedApplicationsPageTest - Clicked 'Search' button.
2025-01-31 14:42:00 [main] DEBUG l.i.u.t.SubmittedApplicationsPageTest - Retrieved invitation code: ''.
2025-01-31 14:42:00 [main] DEBUG l.i.u.t.SubmittedApplicationsPageTest - Clicked on 'Submitted Applications' menu.
2025-01-31 14:42:01 [main] DEBUG l.i.u.t.SubmittedApplicationsPageTest - Selected invitation by code: 'TST-PVK-99'.
2025-01-31 14:42:01 [main] DEBUG l.i.u.t.SubmittedApplicationsPageTest - Clicked on 'Action Application' button.
2025-01-31 14:42:02 [main] DEBUG l.i.u.t.SubmittedApplicationsPageTest - Clicked on 'New Application' button.
2025-01-31 14:42:02 [main] DEBUG l.i.u.t.SubmittedApplicationsPageTest - Clicked on 'RadioButtonFA' button.
2025-01-31 14:42:03 [main] DEBUG l.i.u.t.SubmittedApplicationsPageTest - Entered phone number into the input field.
2025-01-31 14:42:03 [main] DEBUG l.i.u.t.SubmittedApplicationsPageTest - Entered eMail into the input field.
2025-01-31 14:42:03 [main] INFO  l.i.u.p.SubmittedApplicationsPage - Located the dropdown button.
2025-01-31 14:42:23 [main] ERROR l.i.u.p.SubmittedApplicationsPage - Error selecting value from the list: Expected condition failed: waiting for element to be clickable: Proxy element for: DefaultElementLocator 'By.xpath: //mat-label[contains(text(), 'Projekto teikėjo planuojama vykdyti veikla, kuriai prašoma subsidija, kodas pagal EVRK')]' (tried for 10 second(s) with 500 milliseconds interval)
2025-01-31 14:42:23 [main] ERROR l.i.u.t.SubmittedApplicationsPageTest - Test 'testFillNewApplication' failed with error: Failed to select from the list
java.lang.RuntimeException: Failed to select from the list
	at lt.insoft.uztis.pages.SubmittedApplicationsPage.selectValueByListEVRK(SubmittedApplicationsPage.java:248)
	at lt.insoft.uztis.tests.SubmittedApplicationsPageTest.testFillNewApplication(SubmittedApplicationsPageTest.java:156)
	at java.base/jdk.internal.reflect.DirectMethodHandleAccessor.invoke(DirectMethodHandleAccessor.java:103)
	at java.base/java.lang.reflect.Method.invoke(Method.java:580)
	at org.junit.platform.commons.util.ReflectionUtils.invokeMethod(ReflectionUtils.java:728)
	at org.junit.jupiter.engine.execution.MethodInvocation.proceed(MethodInvocation.java:60)
	at org.junit.jupiter.engine.execution.InvocationInterceptorChain$ValidatingInvocation.proceed(InvocationInterceptorChain.java:131)
	at org.junit.jupiter.engine.extension.TimeoutExtension.intercept(TimeoutExtension.java:156)
	at org.junit.jupiter.engine.extension.TimeoutExtension.interceptTestableMethod(TimeoutExtension.java:147)
	at org.junit.jupiter.engine.extension.TimeoutExtension.interceptTestMethod(TimeoutExtension.java:86)
	at org.junit.jupiter.engine.execution.InterceptingExecutableInvoker$ReflectiveInterceptorCall.lambda$ofVoidMethod$0(InterceptingExecutableInvoker.java:103)
	at org.junit.jupiter.engine.execution.InterceptingExecutableInvoker.lambda$invoke$0(InterceptingExecutableInvoker.java:93)
	at org.junit.jupiter.engine.execution.InvocationInterceptorChain$InterceptedInvocation.proceed(InvocationInterceptorChain.java:106)
	at org.junit.jupiter.engine.execution.InvocationInterceptorChain.proceed(InvocationInterceptorChain.java:64)
	at org.junit.jupiter.engine.execution.InvocationInterceptorChain.chainAndInvoke(InvocationInterceptorChain.java:45)
	at org.junit.jupiter.engine.execution.InvocationInterceptorChain.invoke(InvocationInterceptorChain.java:37)
	at org.junit.jupiter.engine.execution.InterceptingExecutableInvoker.invoke(InterceptingExecutableInvoker.java:92)
	at org.junit.jupiter.engine.execution.InterceptingExecutableInvoker.invoke(InterceptingExecutableInvoker.java:86)
	at org.junit.jupiter.engine.descriptor.TestMethodTestDescriptor.lambda$invokeTestMethod$7(TestMethodTestDescriptor.java:218)
	at org.junit.platform.engine.support.hierarchical.ThrowableCollector.execute(ThrowableCollector.java:73)
	at org.junit.jupiter.engine.descriptor.TestMethodTestDescriptor.invokeTestMethod(TestMethodTestDescriptor.java:214)
	at org.junit.jupiter.engine.descriptor.TestMethodTestDescriptor.execute(TestMethodTestDescriptor.java:139)
	at org.junit.jupiter.engine.descriptor.TestMethodTestDescriptor.execute(TestMethodTestDescriptor.java:69)
	at org.junit.platform.engine.support.hierarchical.NodeTestTask.lambda$executeRecursively$6(NodeTestTask.java:151)
	at org.junit.platform.engine.support.hierarchical.ThrowableCollector.execute(ThrowableCollector.java:73)
	at org.junit.platform.engine.support.hierarchical.NodeTestTask.lambda$executeRecursively$8(NodeTestTask.java:141)
	at org.junit.platform.engine.support.hierarchical.Node.around(Node.java:137)
	at org.junit.platform.engine.support.hierarchical.NodeTestTask.lambda$executeRecursively$9(NodeTestTask.java:139)
	at org.junit.platform.engine.support.hierarchical.ThrowableCollector.execute(ThrowableCollector.java:73)
	at org.junit.platform.engine.support.hierarchical.NodeTestTask.executeRecursively(NodeTestTask.java:138)
	at org.junit.platform.engine.support.hierarchical.NodeTestTask.execute(NodeTestTask.java:95)
	at java.base/java.util.ArrayList.forEach(ArrayList.java:1596)
	at org.junit.platform.engine.support.hierarchical.SameThreadHierarchicalTestExecutorService.invokeAll(SameThreadHierarchicalTestExecutorService.java:41)
	at org.junit.platform.engine.support.hierarchical.NodeTestTask.lambda$executeRecursively$6(NodeTestTask.java:155)
	at org.junit.platform.engine.support.hierarchical.ThrowableCollector.execute(ThrowableCollector.java:73)
	at org.junit.platform.engine.support.hierarchical.NodeTestTask.lambda$executeRecursively$8(NodeTestTask.java:141)
	at org.junit.platform.engine.support.hierarchical.Node.around(Node.java:137)
	at org.junit.platform.engine.support.hierarchical.NodeTestTask.lambda$executeRecursively$9(NodeTestTask.java:139)
	at org.junit.platform.engine.support.hierarchical.ThrowableCollector.execute(ThrowableCollector.java:73)
	at org.junit.platform.engine.support.hierarchical.NodeTestTask.executeRecursively(NodeTestTask.java:138)
	at org.junit.platform.engine.support.hierarchical.NodeTestTask.execute(NodeTestTask.java:95)
	at java.base/java.util.ArrayList.forEach(ArrayList.java:1596)
	at org.junit.platform.engine.support.hierarchical.SameThreadHierarchicalTestExecutorService.invokeAll(SameThreadHierarchicalTestExecutorService.java:41)
	at org.junit.platform.engine.support.hierarchical.NodeTestTask.lambda$executeRecursively$6(NodeTestTask.java:155)
	at org.junit.platform.engine.support.hierarchical.ThrowableCollector.execute(ThrowableCollector.java:73)
	at org.junit.platform.engine.support.hierarchical.NodeTestTask.lambda$executeRecursively$8(NodeTestTask.java:141)
	at org.junit.platform.engine.support.hierarchical.Node.around(Node.java:137)
	at org.junit.platform.engine.support.hierarchical.NodeTestTask.lambda$executeRecursively$9(NodeTestTask.java:139)
	at org.junit.platform.engine.support.hierarchical.ThrowableCollector.execute(ThrowableCollector.java:73)
	at org.junit.platform.engine.support.hierarchical.NodeTestTask.executeRecursively(NodeTestTask.java:138)
	at org.junit.platform.engine.support.hierarchical.NodeTestTask.execute(NodeTestTask.java:95)
	at org.junit.platform.engine.support.hierarchical.SameThreadHierarchicalTestExecutorService.submit(SameThreadHierarchicalTestExecutorService.java:35)
	at org.junit.platform.engine.support.hierarchical.HierarchicalTestExecutor.execute(HierarchicalTestExecutor.java:57)
	at org.junit.platform.engine.support.hierarchical.HierarchicalTestEngine.execute(HierarchicalTestEngine.java:54)
	at org.junit.platform.launcher.core.EngineExecutionOrchestrator.execute(EngineExecutionOrchestrator.java:198)
	at org.junit.platform.launcher.core.EngineExecutionOrchestrator.execute(EngineExecutionOrchestrator.java:169)
	at org.junit.platform.launcher.core.EngineExecutionOrchestrator.execute(EngineExecutionOrchestrator.java:93)
	at org.junit.platform.launcher.core.EngineExecutionOrchestrator.lambda$execute$0(EngineExecutionOrchestrator.java:58)
	at org.junit.platform.launcher.core.EngineExecutionOrchestrator.withInterceptedStreams(EngineExecutionOrchestrator.java:141)
	at org.junit.platform.launcher.core.EngineExecutionOrchestrator.execute(EngineExecutionOrchestrator.java:57)
	at org.junit.platform.launcher.core.DefaultLauncher.execute(DefaultLauncher.java:103)
	at org.junit.platform.launcher.core.DefaultLauncher.execute(DefaultLauncher.java:85)
	at org.junit.platform.launcher.core.DelegatingLauncher.execute(DelegatingLauncher.java:47)
	at org.junit.platform.launcher.core.SessionPerRequestLauncher.execute(SessionPerRequestLauncher.java:63)
	at com.intellij.junit5.JUnit5IdeaTestRunner.startRunnerWithArgs(JUnit5IdeaTestRunner.java:57)
	at com.intellij.rt.junit.IdeaTestRunner$Repeater$1.execute(IdeaTestRunner.java:38)
	at com.intellij.rt.execution.junit.TestsRepeater.repeat(TestsRepeater.java:11)
	at com.intellij.rt.junit.IdeaTestRunner$Repeater.startRunnerWithArgs(IdeaTestRunner.java:35)
	at com.intellij.rt.junit.JUnitStarter.prepareStreamsAndStart(JUnitStarter.java:232)
	at com.intellij.rt.junit.JUnitStarter.main(JUnitStarter.java:55)
Caused by: org.openqa.selenium.TimeoutException: Expected condition failed: waiting for element to be clickable: Proxy element for: DefaultElementLocator 'By.xpath: //mat-label[contains(text(), 'Projekto teikėjo planuojama vykdyti veikla, kuriai prašoma subsidija, kodas pagal EVRK')]' (tried for 10 second(s) with 500 milliseconds interval)
	at org.openqa.selenium.support.ui.WebDriverWait.timeoutException(WebDriverWait.java:84)
	at org.openqa.selenium.support.ui.FluentWait.until(FluentWait.java:228)
	at lt.insoft.uztis.pages.SubmittedApplicationsPage.selectValueByListEVRK(SubmittedApplicationsPage.java:201)
	... 69 common frames omitted
Caused by: org.openqa.selenium.NoSuchElementException: no such element: Unable to locate element: {"method":"xpath","selector":"//mat-label[contains(text(), 'Projekto teikėjo planuojama vykdyti veikla, kuriai prašoma subsidija, kodas pagal EVRK')]"}
  (Session info: chrome=132.0.6834.160)
For documentation on this error, please visit: https://www.selenium.dev/documentation/webdriver/troubleshooting/errors#no-such-element-exception
Build info: version: '4.27.0', revision: 'd6e718d134'
System info: os.name: 'Windows 11', os.arch: 'amd64', os.version: '10.0', java.version: '21.0.3'
Driver info: org.openqa.selenium.chrome.ChromeDriver
Command: [766960586aa8c1ddcb309cb127d4fe87, findElement {value=//mat-label[contains(text(), 'Projekto teikėjo planuojama vykdyti veikla, kuriai prašoma subsidija, kodas pagal EVRK')], using=xpath}]
Capabilities {acceptInsecureCerts: false, browserName: chrome, browserVersion: 132.0.6834.160, chrome: {chromedriverVersion: 132.0.6834.159 (2d77d3fc445..., userDataDir: C:\Users\INGRID~1.ZAD\AppDa...}, fedcm:accounts: true, goog:chromeOptions: {debuggerAddress: localhost:51593}, networkConnectionEnabled: false, pageLoadStrategy: normal, platformName: windows, proxy: Proxy(), se:cdp: ws://localhost:51593/devtoo..., se:cdpVersion: 132.0.6834.160, setWindowRect: true, strictFileInteractability: false, timeouts: {implicit: 0, pageLoad: 300000, script: 30000}, unhandledPromptBehavior: dismiss and notify, webauthn:extension:credBlob: true, webauthn:extension:largeBlob: true, webauthn:extension:minPinLength: true, webauthn:extension:prf: true, webauthn:virtualAuthenticators: true}
Session ID: 766960586aa8c1ddcb309cb127d4fe87
	at java.base/jdk.internal.reflect.DirectConstructorHandleAccessor.newInstance(DirectConstructorHandleAccessor.java:62)
	at java.base/java.lang.reflect.Constructor.newInstanceWithCaller(Constructor.java:502)
	at java.base/java.lang.reflect.Constructor.newInstance(Constructor.java:486)
	at org.openqa.selenium.remote.ErrorCodec.decode(ErrorCodec.java:167)
	at org.openqa.selenium.remote.codec.w3c.W3CHttpResponseCodec.decode(W3CHttpResponseCodec.java:138)
	at org.openqa.selenium.remote.codec.w3c.W3CHttpResponseCodec.decode(W3CHttpResponseCodec.java:50)
	at org.openqa.selenium.remote.HttpCommandExecutor.execute(HttpCommandExecutor.java:190)
	at org.openqa.selenium.remote.service.DriverCommandExecutor.invokeExecute(DriverCommandExecutor.java:216)
	at org.openqa.selenium.remote.service.DriverCommandExecutor.execute(DriverCommandExecutor.java:174)
	at org.openqa.selenium.remote.RemoteWebDriver.execute(RemoteWebDriver.java:545)
	at org.openqa.selenium.remote.ElementLocation$ElementFinder$2.findElement(ElementLocation.java:165)
	at org.openqa.selenium.remote.ElementLocation.findElement(ElementLocation.java:59)
	at org.openqa.selenium.remote.RemoteWebDriver.findElement(RemoteWebDriver.java:368)
	at org.openqa.selenium.remote.RemoteWebDriver.findElement(RemoteWebDriver.java:362)
	at org.openqa.selenium.support.pagefactory.DefaultElementLocator.findElement(DefaultElementLocator.java:68)
	at org.openqa.selenium.support.pagefactory.internal.LocatingElementHandler.invoke(LocatingElementHandler.java:38)
	at jdk.proxy2/jdk.proxy2.$Proxy14.isDisplayed(Unknown Source)
	at org.openqa.selenium.support.ui.ExpectedConditions.elementIfVisible(ExpectedConditions.java:304)
	at org.openqa.selenium.support.ui.ExpectedConditions$10.apply(ExpectedConditions.java:290)
	at org.openqa.selenium.support.ui.ExpectedConditions$10.apply(ExpectedConditions.java:287)
	at org.openqa.selenium.support.ui.ExpectedConditions$23.apply(ExpectedConditions.java:656)
	at org.openqa.selenium.support.ui.ExpectedConditions$23.apply(ExpectedConditions.java:652)
	at org.openqa.selenium.support.ui.FluentWait.until(FluentWait.java:203)
	... 70 common frames omitted
2025-01-31 14:42:23 [main] INFO  l.insoft.uztis.tests.utils.TestUtils - Screenshot moved to C:\Users\ingrida.zadorozniene\Desktop\Asm\UZTIS\UZTIS_tests\test-output\screenshots\20250131\144223563_testFillNewApplication().png
2025-01-31 14:55:13 [main] INFO  lt.insoft.uztis.tests.UztisPageTest - Navigated to https://uztisdev.asseco.lt/home
2025-01-31 14:55:13 [main] INFO  l.i.u.t.SubmittedApplicationsPageTest - Starting test:'testFillNewApplication'
2025-01-31 14:55:14 [main] DEBUG l.i.u.t.SubmittedApplicationsPageTest - User logged in with test credentials
2025-01-31 14:55:14 [main] DEBUG l.i.u.t.SubmittedApplicationsPageTest - Opened 'Application Processing' menu.
2025-01-31 14:55:14 [main] DEBUG l.i.u.t.SubmittedApplicationsPageTest - Clicked on 'Application Forms' menu.
2025-01-31 14:55:15 [main] DEBUG l.i.u.t.SubmittedApplicationsPageTest - Retrieved last description code text: 'TST-PVK-99'.
2025-01-31 14:55:15 [main] DEBUG l.i.u.t.SubmittedApplicationsPageTest - Clicked on 'Invitation' menu.
2025-01-31 14:55:16 [main] DEBUG l.i.u.t.SubmittedApplicationsPageTest - Selected application section by code: 'TST-PVK-99'.
2025-01-31 14:55:16 [main] DEBUG l.i.u.t.SubmittedApplicationsPageTest - Clicked 'Search' button.
2025-01-31 14:55:16 [main] DEBUG l.i.u.t.SubmittedApplicationsPageTest - Retrieved invitation code: ''.
2025-01-31 14:55:16 [main] DEBUG l.i.u.t.SubmittedApplicationsPageTest - Clicked on 'Submitted Applications' menu.
2025-01-31 14:55:17 [main] DEBUG l.i.u.t.SubmittedApplicationsPageTest - Selected invitation by code: 'TST-PVK-99'.
2025-01-31 14:55:17 [main] DEBUG l.i.u.t.SubmittedApplicationsPageTest - Clicked on 'Action Application' button.
2025-01-31 14:55:17 [main] DEBUG l.i.u.t.SubmittedApplicationsPageTest - Clicked on 'New Application' button.
2025-01-31 14:55:18 [main] DEBUG l.i.u.t.SubmittedApplicationsPageTest - Clicked on 'RadioButtonFA' button.
2025-01-31 14:55:18 [main] DEBUG l.i.u.t.SubmittedApplicationsPageTest - Entered phone number into the input field.
2025-01-31 14:55:18 [main] DEBUG l.i.u.t.SubmittedApplicationsPageTest - Entered eMail into the input field.
2025-01-31 14:55:18 [main] INFO  l.i.u.p.SubmittedApplicationsPage - Located the dropdown button.
2025-01-31 14:55:28 [main] ERROR l.i.u.p.SubmittedApplicationsPage - Error selecting value from the list: Error communicating with the remote browser. It may have died.
Build info: version: '4.27.0', revision: 'd6e718d134'
System info: os.name: 'Windows 11', os.arch: 'amd64', os.version: '10.0', java.version: '21.0.3'
Driver info: org.openqa.selenium.chrome.ChromeDriver
Command: [e0cebf4a38de30f6e81da84bf3e49f3d, findElement [using, value]]
Capabilities {acceptInsecureCerts: false, browserName: chrome, browserVersion: 132.0.6834.160, chrome: {chromedriverVersion: 132.0.6834.159 (2d77d3fc445..., userDataDir: C:\Users\INGRID~1.ZAD\AppDa...}, fedcm:accounts: true, goog:chromeOptions: {debuggerAddress: localhost:52113}, networkConnectionEnabled: false, pageLoadStrategy: normal, platformName: windows, proxy: Proxy(), se:cdp: ws://localhost:52113/devtoo..., se:cdpVersion: 132.0.6834.160, setWindowRect: true, strictFileInteractability: false, timeouts: {implicit: 0, pageLoad: 300000, script: 30000}, unhandledPromptBehavior: dismiss and notify, webauthn:extension:credBlob: true, webauthn:extension:largeBlob: true, webauthn:extension:minPinLength: true, webauthn:extension:prf: true, webauthn:virtualAuthenticators: true}
Session ID: e0cebf4a38de30f6e81da84bf3e49f3d
2025-01-31 14:55:28 [main] ERROR l.i.u.t.SubmittedApplicationsPageTest - Test 'testFillNewApplication' failed with error: Failed to select from the list
java.lang.RuntimeException: Failed to select from the list
	at lt.insoft.uztis.pages.SubmittedApplicationsPage.selectValueByListEVRK(SubmittedApplicationsPage.java:248)
	at lt.insoft.uztis.tests.SubmittedApplicationsPageTest.testFillNewApplication(SubmittedApplicationsPageTest.java:156)
	at java.base/jdk.internal.reflect.DirectMethodHandleAccessor.invoke(DirectMethodHandleAccessor.java:103)
	at java.base/java.lang.reflect.Method.invoke(Method.java:580)
	at org.junit.platform.commons.util.ReflectionUtils.invokeMethod(ReflectionUtils.java:728)
	at org.junit.jupiter.engine.execution.MethodInvocation.proceed(MethodInvocation.java:60)
	at org.junit.jupiter.engine.execution.InvocationInterceptorChain$ValidatingInvocation.proceed(InvocationInterceptorChain.java:131)
	at org.junit.jupiter.engine.extension.TimeoutExtension.intercept(TimeoutExtension.java:156)
	at org.junit.jupiter.engine.extension.TimeoutExtension.interceptTestableMethod(TimeoutExtension.java:147)
	at org.junit.jupiter.engine.extension.TimeoutExtension.interceptTestMethod(TimeoutExtension.java:86)
	at org.junit.jupiter.engine.execution.InterceptingExecutableInvoker$ReflectiveInterceptorCall.lambda$ofVoidMethod$0(InterceptingExecutableInvoker.java:103)
	at org.junit.jupiter.engine.execution.InterceptingExecutableInvoker.lambda$invoke$0(InterceptingExecutableInvoker.java:93)
	at org.junit.jupiter.engine.execution.InvocationInterceptorChain$InterceptedInvocation.proceed(InvocationInterceptorChain.java:106)
	at org.junit.jupiter.engine.execution.InvocationInterceptorChain.proceed(InvocationInterceptorChain.java:64)
	at org.junit.jupiter.engine.execution.InvocationInterceptorChain.chainAndInvoke(InvocationInterceptorChain.java:45)
	at org.junit.jupiter.engine.execution.InvocationInterceptorChain.invoke(InvocationInterceptorChain.java:37)
	at org.junit.jupiter.engine.execution.InterceptingExecutableInvoker.invoke(InterceptingExecutableInvoker.java:92)
	at org.junit.jupiter.engine.execution.InterceptingExecutableInvoker.invoke(InterceptingExecutableInvoker.java:86)
	at org.junit.jupiter.engine.descriptor.TestMethodTestDescriptor.lambda$invokeTestMethod$7(TestMethodTestDescriptor.java:218)
	at org.junit.platform.engine.support.hierarchical.ThrowableCollector.execute(ThrowableCollector.java:73)
	at org.junit.jupiter.engine.descriptor.TestMethodTestDescriptor.invokeTestMethod(TestMethodTestDescriptor.java:214)
	at org.junit.jupiter.engine.descriptor.TestMethodTestDescriptor.execute(TestMethodTestDescriptor.java:139)
	at org.junit.jupiter.engine.descriptor.TestMethodTestDescriptor.execute(TestMethodTestDescriptor.java:69)
	at org.junit.platform.engine.support.hierarchical.NodeTestTask.lambda$executeRecursively$6(NodeTestTask.java:151)
	at org.junit.platform.engine.support.hierarchical.ThrowableCollector.execute(ThrowableCollector.java:73)
	at org.junit.platform.engine.support.hierarchical.NodeTestTask.lambda$executeRecursively$8(NodeTestTask.java:141)
	at org.junit.platform.engine.support.hierarchical.Node.around(Node.java:137)
	at org.junit.platform.engine.support.hierarchical.NodeTestTask.lambda$executeRecursively$9(NodeTestTask.java:139)
	at org.junit.platform.engine.support.hierarchical.ThrowableCollector.execute(ThrowableCollector.java:73)
	at org.junit.platform.engine.support.hierarchical.NodeTestTask.executeRecursively(NodeTestTask.java:138)
	at org.junit.platform.engine.support.hierarchical.NodeTestTask.execute(NodeTestTask.java:95)
	at java.base/java.util.ArrayList.forEach(ArrayList.java:1596)
	at org.junit.platform.engine.support.hierarchical.SameThreadHierarchicalTestExecutorService.invokeAll(SameThreadHierarchicalTestExecutorService.java:41)
	at org.junit.platform.engine.support.hierarchical.NodeTestTask.lambda$executeRecursively$6(NodeTestTask.java:155)
	at org.junit.platform.engine.support.hierarchical.ThrowableCollector.execute(ThrowableCollector.java:73)
	at org.junit.platform.engine.support.hierarchical.NodeTestTask.lambda$executeRecursively$8(NodeTestTask.java:141)
	at org.junit.platform.engine.support.hierarchical.Node.around(Node.java:137)
	at org.junit.platform.engine.support.hierarchical.NodeTestTask.lambda$executeRecursively$9(NodeTestTask.java:139)
	at org.junit.platform.engine.support.hierarchical.ThrowableCollector.execute(ThrowableCollector.java:73)
	at org.junit.platform.engine.support.hierarchical.NodeTestTask.executeRecursively(NodeTestTask.java:138)
	at org.junit.platform.engine.support.hierarchical.NodeTestTask.execute(NodeTestTask.java:95)
	at java.base/java.util.ArrayList.forEach(ArrayList.java:1596)
	at org.junit.platform.engine.support.hierarchical.SameThreadHierarchicalTestExecutorService.invokeAll(SameThreadHierarchicalTestExecutorService.java:41)
	at org.junit.platform.engine.support.hierarchical.NodeTestTask.lambda$executeRecursively$6(NodeTestTask.java:155)
	at org.junit.platform.engine.support.hierarchical.ThrowableCollector.execute(ThrowableCollector.java:73)
	at org.junit.platform.engine.support.hierarchical.NodeTestTask.lambda$executeRecursively$8(NodeTestTask.java:141)
	at org.junit.platform.engine.support.hierarchical.Node.around(Node.java:137)
	at org.junit.platform.engine.support.hierarchical.NodeTestTask.lambda$executeRecursively$9(NodeTestTask.java:139)
	at org.junit.platform.engine.support.hierarchical.ThrowableCollector.execute(ThrowableCollector.java:73)
	at org.junit.platform.engine.support.hierarchical.NodeTestTask.executeRecursively(NodeTestTask.java:138)
	at org.junit.platform.engine.support.hierarchical.NodeTestTask.execute(NodeTestTask.java:95)
	at org.junit.platform.engine.support.hierarchical.SameThreadHierarchicalTestExecutorService.submit(SameThreadHierarchicalTestExecutorService.java:35)
	at org.junit.platform.engine.support.hierarchical.HierarchicalTestExecutor.execute(HierarchicalTestExecutor.java:57)
	at org.junit.platform.engine.support.hierarchical.HierarchicalTestEngine.execute(HierarchicalTestEngine.java:54)
	at org.junit.platform.launcher.core.EngineExecutionOrchestrator.execute(EngineExecutionOrchestrator.java:198)
	at org.junit.platform.launcher.core.EngineExecutionOrchestrator.execute(EngineExecutionOrchestrator.java:169)
	at org.junit.platform.launcher.core.EngineExecutionOrchestrator.execute(EngineExecutionOrchestrator.java:93)
	at org.junit.platform.launcher.core.EngineExecutionOrchestrator.lambda$execute$0(EngineExecutionOrchestrator.java:58)
	at org.junit.platform.launcher.core.EngineExecutionOrchestrator.withInterceptedStreams(EngineExecutionOrchestrator.java:141)
	at org.junit.platform.launcher.core.EngineExecutionOrchestrator.execute(EngineExecutionOrchestrator.java:57)
	at org.junit.platform.launcher.core.DefaultLauncher.execute(DefaultLauncher.java:103)
	at org.junit.platform.launcher.core.DefaultLauncher.execute(DefaultLauncher.java:85)
	at org.junit.platform.launcher.core.DelegatingLauncher.execute(DelegatingLauncher.java:47)
	at org.junit.platform.launcher.core.SessionPerRequestLauncher.execute(SessionPerRequestLauncher.java:63)
	at com.intellij.junit5.JUnit5IdeaTestRunner.startRunnerWithArgs(JUnit5IdeaTestRunner.java:57)
	at com.intellij.rt.junit.IdeaTestRunner$Repeater$1.execute(IdeaTestRunner.java:38)
	at com.intellij.rt.execution.junit.TestsRepeater.repeat(TestsRepeater.java:11)
	at com.intellij.rt.junit.IdeaTestRunner$Repeater.startRunnerWithArgs(IdeaTestRunner.java:35)
	at com.intellij.rt.junit.JUnitStarter.prepareStreamsAndStart(JUnitStarter.java:232)
	at com.intellij.rt.junit.JUnitStarter.main(JUnitStarter.java:55)
Caused by: org.openqa.selenium.remote.UnreachableBrowserException: Error communicating with the remote browser. It may have died.
Build info: version: '4.27.0', revision: 'd6e718d134'
System info: os.name: 'Windows 11', os.arch: 'amd64', os.version: '10.0', java.version: '21.0.3'
Driver info: org.openqa.selenium.chrome.ChromeDriver
Command: [e0cebf4a38de30f6e81da84bf3e49f3d, findElement [using, value]]
Capabilities {acceptInsecureCerts: false, browserName: chrome, browserVersion: 132.0.6834.160, chrome: {chromedriverVersion: 132.0.6834.159 (2d77d3fc445..., userDataDir: C:\Users\INGRID~1.ZAD\AppDa...}, fedcm:accounts: true, goog:chromeOptions: {debuggerAddress: localhost:52113}, networkConnectionEnabled: false, pageLoadStrategy: normal, platformName: windows, proxy: Proxy(), se:cdp: ws://localhost:52113/devtoo..., se:cdpVersion: 132.0.6834.160, setWindowRect: true, strictFileInteractability: false, timeouts: {implicit: 0, pageLoad: 300000, script: 30000}, unhandledPromptBehavior: dismiss and notify, webauthn:extension:credBlob: true, webauthn:extension:largeBlob: true, webauthn:extension:minPinLength: true, webauthn:extension:prf: true, webauthn:virtualAuthenticators: true}
Session ID: e0cebf4a38de30f6e81da84bf3e49f3d
	at org.openqa.selenium.remote.RemoteWebDriver.execute(RemoteWebDriver.java:572)
	at org.openqa.selenium.remote.ElementLocation$ElementFinder$2.findElement(ElementLocation.java:165)
	at org.openqa.selenium.remote.ElementLocation.findElement(ElementLocation.java:59)
	at org.openqa.selenium.remote.RemoteWebDriver.findElement(RemoteWebDriver.java:368)
	at org.openqa.selenium.remote.RemoteWebDriver.findElement(RemoteWebDriver.java:362)
	at org.openqa.selenium.support.pagefactory.DefaultElementLocator.findElement(DefaultElementLocator.java:68)
	at org.openqa.selenium.support.pagefactory.internal.LocatingElementHandler.invoke(LocatingElementHandler.java:38)
	at jdk.proxy2/jdk.proxy2.$Proxy14.isDisplayed(Unknown Source)
	at org.openqa.selenium.support.ui.ExpectedConditions.elementIfVisible(ExpectedConditions.java:304)
	at org.openqa.selenium.support.ui.ExpectedConditions$10.apply(ExpectedConditions.java:290)
	at org.openqa.selenium.support.ui.ExpectedConditions$10.apply(ExpectedConditions.java:287)
	at org.openqa.selenium.support.ui.ExpectedConditions$23.apply(ExpectedConditions.java:656)
	at org.openqa.selenium.support.ui.ExpectedConditions$23.apply(ExpectedConditions.java:652)
	at org.openqa.selenium.support.ui.FluentWait.until(FluentWait.java:203)
	at lt.insoft.uztis.pages.SubmittedApplicationsPage.selectValueByListEVRK(SubmittedApplicationsPage.java:201)
	... 69 common frames omitted
Caused by: java.io.UncheckedIOException: java.io.IOException: HTTP/1.1 header parser received no bytes
	at org.openqa.selenium.remote.http.jdk.JdkHttpClient.execute0(JdkHttpClient.java:496)
	at org.openqa.selenium.remote.http.AddSeleniumUserAgent.lambda$apply$0(AddSeleniumUserAgent.java:42)
	at org.openqa.selenium.remote.http.Filter.lambda$andFinally$1(Filter.java:55)
	at org.openqa.selenium.remote.http.jdk.JdkHttpClient.lambda$executeAsync$1(JdkHttpClient.java:383)
	at java.base/java.util.concurrent.Executors$RunnableAdapter.call(Executors.java:572)
	at java.base/java.util.concurrent.FutureTask.run(FutureTask.java:317)
	at java.base/java.util.concurrent.ThreadPoolExecutor.runWorker(ThreadPoolExecutor.java:1144)
	at java.base/java.util.concurrent.ThreadPoolExecutor$Worker.run(ThreadPoolExecutor.java:642)
	at java.base/java.lang.Thread.run(Thread.java:1583)
Caused by: java.io.IOException: HTTP/1.1 header parser received no bytes
	at java.net.http/jdk.internal.net.http.HttpClientImpl.send(HttpClientImpl.java:964)
	at java.net.http/jdk.internal.net.http.HttpClientFacade.send(HttpClientFacade.java:133)
	at org.openqa.selenium.remote.http.jdk.JdkHttpClient.execute0(JdkHttpClient.java:455)
	... 8 common frames omitted
Caused by: java.io.IOException: HTTP/1.1 header parser received no bytes
	at java.net.http/jdk.internal.net.http.common.Utils.wrapWithExtraDetail(Utils.java:388)
	at java.net.http/jdk.internal.net.http.Http1Response$HeadersReader.onReadError(Http1Response.java:590)
	at java.net.http/jdk.internal.net.http.Http1AsyncReceiver.checkForErrors(Http1AsyncReceiver.java:302)
	at java.net.http/jdk.internal.net.http.Http1AsyncReceiver.flush(Http1AsyncReceiver.java:268)
	at java.net.http/jdk.internal.net.http.common.SequentialScheduler$LockingRestartableTask.run(SequentialScheduler.java:182)
	at java.net.http/jdk.internal.net.http.common.SequentialScheduler$CompleteRestartableTask.run(SequentialScheduler.java:149)
	at java.net.http/jdk.internal.net.http.common.SequentialScheduler$SchedulableTask.run(SequentialScheduler.java:207)
	... 3 common frames omitted
Caused by: java.net.SocketException: Connection reset
	at java.base/sun.nio.ch.SocketChannelImpl.throwConnectionReset(SocketChannelImpl.java:401)
	at java.base/sun.nio.ch.SocketChannelImpl.read(SocketChannelImpl.java:434)
	at java.net.http/jdk.internal.net.http.SocketTube.readAvailable(SocketTube.java:1178)
	at java.net.http/jdk.internal.net.http.SocketTube$InternalReadPublisher$InternalReadSubscription.read(SocketTube.java:841)
	at java.net.http/jdk.internal.net.http.SocketTube$SocketFlowTask.run(SocketTube.java:181)
	at java.net.http/jdk.internal.net.http.common.SequentialScheduler$SchedulableTask.run(SequentialScheduler.java:207)
	at java.net.http/jdk.internal.net.http.common.SequentialScheduler.runOrSchedule(SequentialScheduler.java:280)
	at java.net.http/jdk.internal.net.http.common.SequentialScheduler.runOrSchedule(SequentialScheduler.java:233)
	at java.net.http/jdk.internal.net.http.SocketTube$InternalReadPublisher$InternalReadSubscription.signalReadable(SocketTube.java:782)
	at java.net.http/jdk.internal.net.http.SocketTube$InternalReadPublisher$ReadEvent.signalEvent(SocketTube.java:965)
	at java.net.http/jdk.internal.net.http.SocketTube$SocketFlowEvent.handle(SocketTube.java:253)
	at java.net.http/jdk.internal.net.http.HttpClientImpl$SelectorManager.handleEvent(HttpClientImpl.java:1467)
	at java.net.http/jdk.internal.net.http.HttpClientImpl$SelectorManager.lambda$run$3(HttpClientImpl.java:1412)
	at java.base/java.util.ArrayList.forEach(ArrayList.java:1596)
	at java.net.http/jdk.internal.net.http.HttpClientImpl$SelectorManager.run(HttpClientImpl.java:1412)
2025-01-31 14:56:04 [main] INFO  lt.insoft.uztis.tests.UztisPageTest - Navigated to https://uztisdev.asseco.lt/home
2025-01-31 14:56:04 [main] INFO  l.i.u.t.SubmittedApplicationsPageTest - Starting test:'testFillNewApplication'
2025-01-31 14:56:05 [main] DEBUG l.i.u.t.SubmittedApplicationsPageTest - User logged in with test credentials
2025-01-31 14:56:05 [main] DEBUG l.i.u.t.SubmittedApplicationsPageTest - Opened 'Application Processing' menu.
2025-01-31 14:56:05 [main] DEBUG l.i.u.t.SubmittedApplicationsPageTest - Clicked on 'Application Forms' menu.
2025-01-31 14:56:05 [main] DEBUG l.i.u.t.SubmittedApplicationsPageTest - Retrieved last description code text: 'TST-VUI-27'.
2025-01-31 14:56:05 [main] DEBUG l.i.u.t.SubmittedApplicationsPageTest - Clicked on 'Invitation' menu.
2025-01-31 14:56:06 [main] DEBUG l.i.u.t.SubmittedApplicationsPageTest - Selected application section by code: 'TST-VUI-27'.
2025-01-31 14:56:06 [main] DEBUG l.i.u.t.SubmittedApplicationsPageTest - Clicked 'Search' button.
2025-01-31 14:56:06 [main] DEBUG l.i.u.t.SubmittedApplicationsPageTest - Retrieved invitation code: ''.
2025-01-31 14:56:06 [main] DEBUG l.i.u.t.SubmittedApplicationsPageTest - Clicked on 'Submitted Applications' menu.
2025-01-31 14:56:07 [main] DEBUG l.i.u.t.SubmittedApplicationsPageTest - Selected invitation by code: 'TST-VUI-27'.
2025-01-31 14:56:08 [main] DEBUG l.i.u.t.SubmittedApplicationsPageTest - Clicked on 'Action Application' button.
2025-01-31 14:56:08 [main] DEBUG l.i.u.t.SubmittedApplicationsPageTest - Clicked on 'New Application' button.
2025-01-31 14:56:08 [main] DEBUG l.i.u.t.SubmittedApplicationsPageTest - Clicked on 'RadioButtonFA' button.
2025-01-31 14:56:09 [main] DEBUG l.i.u.t.SubmittedApplicationsPageTest - Entered phone number into the input field.
2025-01-31 14:56:09 [main] DEBUG l.i.u.t.SubmittedApplicationsPageTest - Entered eMail into the input field.
2025-01-31 14:56:09 [main] INFO  l.i.u.p.SubmittedApplicationsPage - Located the dropdown button.
2025-01-31 14:56:28 [main] INFO  l.i.u.p.SubmittedApplicationsPage - Found 1741 options in the dropdown.
2025-01-31 14:56:28 [main] INFO  l.i.u.p.SubmittedApplicationsPage - Successfully selected the value: '01.11 - Grūdinių (išskyrus ryžius), ankštinių ir aliejingų sėklų augalų auginimas'
2025-01-31 14:56:38 [main] ERROR l.i.u.p.SubmittedApplicationsPage - Failed to close the dropdown with aria-expanded = 'false'. Attempting manual close.
2025-01-31 14:56:38 [main] INFO  l.i.u.p.SubmittedApplicationsPage - Manual close attempt for the dropdown using body click.
2025-01-31 14:56:39 [main] DEBUG l.i.u.t.SubmittedApplicationsPageTest - Entered Address into the input field.
2025-01-31 14:56:39 [main] DEBUG l.i.u.t.SubmittedApplicationsPageTest - Entered Address into the input field.
2025-01-31 14:56:39 [main] INFO  l.i.u.p.SubmittedApplicationsPage - Located the dropdown button.
2025-01-31 14:56:40 [main] ERROR l.i.u.t.SubmittedApplicationsPageTest - Test 'testFillNewApplication' failed with error: element click intercepted: Element <mat-label>...</mat-label> is not clickable at point (1053, 133). Other element would receive the click: ...<span class="mat-mdc-select-placeholder mat-mdc-select-min-line ng-tns-c1073613477-34 ng-star-inserted"></span>
  (Session info: chrome=132.0.6834.160)
Build info: version: '4.27.0', revision: 'd6e718d134'
System info: os.name: 'Windows 11', os.arch: 'amd64', os.version: '10.0', java.version: '21.0.3'
Driver info: org.openqa.selenium.chrome.ChromeDriver
Command: [c277c3424843d9cdbd7e28445e0ff0e2, clickElement {id=f.88A3EFD2F183D61AA6EF48A454D1ECF0.d.2FF9B98CBED5D7E7A66324844822E56E.e.2079}]
Capabilities {acceptInsecureCerts: false, browserName: chrome, browserVersion: 132.0.6834.160, chrome: {chromedriverVersion: 132.0.6834.159 (2d77d3fc445..., userDataDir: C:\Users\INGRID~1.ZAD\AppDa...}, fedcm:accounts: true, goog:chromeOptions: {debuggerAddress: localhost:52169}, networkConnectionEnabled: false, pageLoadStrategy: normal, platformName: windows, proxy: Proxy(), se:cdp: ws://localhost:52169/devtoo..., se:cdpVersion: 132.0.6834.160, setWindowRect: true, strictFileInteractability: false, timeouts: {implicit: 0, pageLoad: 300000, script: 30000}, unhandledPromptBehavior: dismiss and notify, webauthn:extension:credBlob: true, webauthn:extension:largeBlob: true, webauthn:extension:minPinLength: true, webauthn:extension:prf: true, webauthn:virtualAuthenticators: true}
Element: [[ChromeDriver: chrome on windows (c277c3424843d9cdbd7e28445e0ff0e2)] -> xpath: //mat-label[contains(text(), 'Darbo vietos pavadinimas')]]
Session ID: c277c3424843d9cdbd7e28445e0ff0e2
org.openqa.selenium.ElementClickInterceptedException: element click intercepted: Element <mat-label>...</mat-label> is not clickable at point (1053, 133). Other element would receive the click: ...<span class="mat-mdc-select-placeholder mat-mdc-select-min-line ng-tns-c1073613477-34 ng-star-inserted"></span>
  (Session info: chrome=132.0.6834.160)
Build info: version: '4.27.0', revision: 'd6e718d134'
System info: os.name: 'Windows 11', os.arch: 'amd64', os.version: '10.0', java.version: '21.0.3'
Driver info: org.openqa.selenium.chrome.ChromeDriver
Command: [c277c3424843d9cdbd7e28445e0ff0e2, clickElement {id=f.88A3EFD2F183D61AA6EF48A454D1ECF0.d.2FF9B98CBED5D7E7A66324844822E56E.e.2079}]
Capabilities {acceptInsecureCerts: false, browserName: chrome, browserVersion: 132.0.6834.160, chrome: {chromedriverVersion: 132.0.6834.159 (2d77d3fc445..., userDataDir: C:\Users\INGRID~1.ZAD\AppDa...}, fedcm:accounts: true, goog:chromeOptions: {debuggerAddress: localhost:52169}, networkConnectionEnabled: false, pageLoadStrategy: normal, platformName: windows, proxy: Proxy(), se:cdp: ws://localhost:52169/devtoo..., se:cdpVersion: 132.0.6834.160, setWindowRect: true, strictFileInteractability: false, timeouts: {implicit: 0, pageLoad: 300000, script: 30000}, unhandledPromptBehavior: dismiss and notify, webauthn:extension:credBlob: true, webauthn:extension:largeBlob: true, webauthn:extension:minPinLength: true, webauthn:extension:prf: true, webauthn:virtualAuthenticators: true}
Element: [[ChromeDriver: chrome on windows (c277c3424843d9cdbd7e28445e0ff0e2)] -> xpath: //mat-label[contains(text(), 'Darbo vietos pavadinimas')]]
Session ID: c277c3424843d9cdbd7e28445e0ff0e2
	at java.base/jdk.internal.reflect.DirectConstructorHandleAccessor.newInstance(DirectConstructorHandleAccessor.java:62)
	at java.base/java.lang.reflect.Constructor.newInstanceWithCaller(Constructor.java:502)
	at java.base/java.lang.reflect.Constructor.newInstance(Constructor.java:486)
	at org.openqa.selenium.remote.ErrorCodec.decode(ErrorCodec.java:167)
	at org.openqa.selenium.remote.codec.w3c.W3CHttpResponseCodec.decode(W3CHttpResponseCodec.java:138)
	at org.openqa.selenium.remote.codec.w3c.W3CHttpResponseCodec.decode(W3CHttpResponseCodec.java:50)
	at org.openqa.selenium.remote.HttpCommandExecutor.execute(HttpCommandExecutor.java:190)
	at org.openqa.selenium.remote.service.DriverCommandExecutor.invokeExecute(DriverCommandExecutor.java:216)
	at org.openqa.selenium.remote.service.DriverCommandExecutor.execute(DriverCommandExecutor.java:174)
	at org.openqa.selenium.remote.RemoteWebDriver.execute(RemoteWebDriver.java:545)
	at org.openqa.selenium.remote.RemoteWebElement.execute(RemoteWebElement.java:223)
	at org.openqa.selenium.remote.RemoteWebElement.click(RemoteWebElement.java:76)
	at java.base/jdk.internal.reflect.DirectMethodHandleAccessor.invoke(DirectMethodHandleAccessor.java:103)
	at java.base/java.lang.reflect.Method.invoke(Method.java:580)
	at org.openqa.selenium.support.pagefactory.internal.LocatingElementHandler.invoke(LocatingElementHandler.java:51)
	at jdk.proxy2/jdk.proxy2.$Proxy14.click(Unknown Source)
	at lt.insoft.uztis.pages.SubmittedApplicationsPage.selectDropdownJobName(SubmittedApplicationsPage.java:292)
	at lt.insoft.uztis.tests.SubmittedApplicationsPageTest.testFillNewApplication(SubmittedApplicationsPageTest.java:174)
	at java.base/jdk.internal.reflect.DirectMethodHandleAccessor.invoke(DirectMethodHandleAccessor.java:103)
	at java.base/java.lang.reflect.Method.invoke(Method.java:580)
	at org.junit.platform.commons.util.ReflectionUtils.invokeMethod(ReflectionUtils.java:728)
	at org.junit.jupiter.engine.execution.MethodInvocation.proceed(MethodInvocation.java:60)
	at org.junit.jupiter.engine.execution.InvocationInterceptorChain$ValidatingInvocation.proceed(InvocationInterceptorChain.java:131)
	at org.junit.jupiter.engine.extension.TimeoutExtension.intercept(TimeoutExtension.java:156)
	at org.junit.jupiter.engine.extension.TimeoutExtension.interceptTestableMethod(TimeoutExtension.java:147)
	at org.junit.jupiter.engine.extension.TimeoutExtension.interceptTestMethod(TimeoutExtension.java:86)
	at org.junit.jupiter.engine.execution.InterceptingExecutableInvoker$ReflectiveInterceptorCall.lambda$ofVoidMethod$0(InterceptingExecutableInvoker.java:103)
	at org.junit.jupiter.engine.execution.InterceptingExecutableInvoker.lambda$invoke$0(InterceptingExecutableInvoker.java:93)
	at org.junit.jupiter.engine.execution.InvocationInterceptorChain$InterceptedInvocation.proceed(InvocationInterceptorChain.java:106)
	at org.junit.jupiter.engine.execution.InvocationInterceptorChain.proceed(InvocationInterceptorChain.java:64)
	at org.junit.jupiter.engine.execution.InvocationInterceptorChain.chainAndInvoke(InvocationInterceptorChain.java:45)
	at org.junit.jupiter.engine.execution.InvocationInterceptorChain.invoke(InvocationInterceptorChain.java:37)
	at org.junit.jupiter.engine.execution.InterceptingExecutableInvoker.invoke(InterceptingExecutableInvoker.java:92)
	at org.junit.jupiter.engine.execution.InterceptingExecutableInvoker.invoke(InterceptingExecutableInvoker.java:86)
	at org.junit.jupiter.engine.descriptor.TestMethodTestDescriptor.lambda$invokeTestMethod$7(TestMethodTestDescriptor.java:218)
	at org.junit.platform.engine.support.hierarchical.ThrowableCollector.execute(ThrowableCollector.java:73)
	at org.junit.jupiter.engine.descriptor.TestMethodTestDescriptor.invokeTestMethod(TestMethodTestDescriptor.java:214)
	at org.junit.jupiter.engine.descriptor.TestMethodTestDescriptor.execute(TestMethodTestDescriptor.java:139)
	at org.junit.jupiter.engine.descriptor.TestMethodTestDescriptor.execute(TestMethodTestDescriptor.java:69)
	at org.junit.platform.engine.support.hierarchical.NodeTestTask.lambda$executeRecursively$6(NodeTestTask.java:151)
	at org.junit.platform.engine.support.hierarchical.ThrowableCollector.execute(ThrowableCollector.java:73)
	at org.junit.platform.engine.support.hierarchical.NodeTestTask.lambda$executeRecursively$8(NodeTestTask.java:141)
	at org.junit.platform.engine.support.hierarchical.Node.around(Node.java:137)
	at org.junit.platform.engine.support.hierarchical.NodeTestTask.lambda$executeRecursively$9(NodeTestTask.java:139)
	at org.junit.platform.engine.support.hierarchical.ThrowableCollector.execute(ThrowableCollector.java:73)
	at org.junit.platform.engine.support.hierarchical.NodeTestTask.executeRecursively(NodeTestTask.java:138)
	at org.junit.platform.engine.support.hierarchical.NodeTestTask.execute(NodeTestTask.java:95)
	at java.base/java.util.ArrayList.forEach(ArrayList.java:1596)
	at org.junit.platform.engine.support.hierarchical.SameThreadHierarchicalTestExecutorService.invokeAll(SameThreadHierarchicalTestExecutorService.java:41)
	at org.junit.platform.engine.support.hierarchical.NodeTestTask.lambda$executeRecursively$6(NodeTestTask.java:155)
	at org.junit.platform.engine.support.hierarchical.ThrowableCollector.execute(ThrowableCollector.java:73)
	at org.junit.platform.engine.support.hierarchical.NodeTestTask.lambda$executeRecursively$8(NodeTestTask.java:141)
	at org.junit.platform.engine.support.hierarchical.Node.around(Node.java:137)
	at org.junit.platform.engine.support.hierarchical.NodeTestTask.lambda$executeRecursively$9(NodeTestTask.java:139)
	at org.junit.platform.engine.support.hierarchical.ThrowableCollector.execute(ThrowableCollector.java:73)
	at org.junit.platform.engine.support.hierarchical.NodeTestTask.executeRecursively(NodeTestTask.java:138)
	at org.junit.platform.engine.support.hierarchical.NodeTestTask.execute(NodeTestTask.java:95)
	at java.base/java.util.ArrayList.forEach(ArrayList.java:1596)
	at org.junit.platform.engine.support.hierarchical.SameThreadHierarchicalTestExecutorService.invokeAll(SameThreadHierarchicalTestExecutorService.java:41)
	at org.junit.platform.engine.support.hierarchical.NodeTestTask.lambda$executeRecursively$6(NodeTestTask.java:155)
	at org.junit.platform.engine.support.hierarchical.ThrowableCollector.execute(ThrowableCollector.java:73)
	at org.junit.platform.engine.support.hierarchical.NodeTestTask.lambda$executeRecursively$8(NodeTestTask.java:141)
	at org.junit.platform.engine.support.hierarchical.Node.around(Node.java:137)
	at org.junit.platform.engine.support.hierarchical.NodeTestTask.lambda$executeRecursively$9(NodeTestTask.java:139)
	at org.junit.platform.engine.support.hierarchical.ThrowableCollector.execute(ThrowableCollector.java:73)
	at org.junit.platform.engine.support.hierarchical.NodeTestTask.executeRecursively(NodeTestTask.java:138)
	at org.junit.platform.engine.support.hierarchical.NodeTestTask.execute(NodeTestTask.java:95)
	at org.junit.platform.engine.support.hierarchical.SameThreadHierarchicalTestExecutorService.submit(SameThreadHierarchicalTestExecutorService.java:35)
	at org.junit.platform.engine.support.hierarchical.HierarchicalTestExecutor.execute(HierarchicalTestExecutor.java:57)
	at org.junit.platform.engine.support.hierarchical.HierarchicalTestEngine.execute(HierarchicalTestEngine.java:54)
	at org.junit.platform.launcher.core.EngineExecutionOrchestrator.execute(EngineExecutionOrchestrator.java:198)
	at org.junit.platform.launcher.core.EngineExecutionOrchestrator.execute(EngineExecutionOrchestrator.java:169)
	at org.junit.platform.launcher.core.EngineExecutionOrchestrator.execute(EngineExecutionOrchestrator.java:93)
	at org.junit.platform.launcher.core.EngineExecutionOrchestrator.lambda$execute$0(EngineExecutionOrchestrator.java:58)
	at org.junit.platform.launcher.core.EngineExecutionOrchestrator.withInterceptedStreams(EngineExecutionOrchestrator.java:141)
	at org.junit.platform.launcher.core.EngineExecutionOrchestrator.execute(EngineExecutionOrchestrator.java:57)
	at org.junit.platform.launcher.core.DefaultLauncher.execute(DefaultLauncher.java:103)
	at org.junit.platform.launcher.core.DefaultLauncher.execute(DefaultLauncher.java:85)
	at org.junit.platform.launcher.core.DelegatingLauncher.execute(DelegatingLauncher.java:47)
	at org.junit.platform.launcher.core.SessionPerRequestLauncher.execute(SessionPerRequestLauncher.java:63)
	at com.intellij.junit5.JUnit5IdeaTestRunner.startRunnerWithArgs(JUnit5IdeaTestRunner.java:57)
	at com.intellij.rt.junit.IdeaTestRunner$Repeater$1.execute(IdeaTestRunner.java:38)
	at com.intellij.rt.execution.junit.TestsRepeater.repeat(TestsRepeater.java:11)
	at com.intellij.rt.junit.IdeaTestRunner$Repeater.startRunnerWithArgs(IdeaTestRunner.java:35)
	at com.intellij.rt.junit.JUnitStarter.prepareStreamsAndStart(JUnitStarter.java:232)
	at com.intellij.rt.junit.JUnitStarter.main(JUnitStarter.java:55)
2025-01-31 14:56:41 [main] INFO  l.insoft.uztis.tests.utils.TestUtils - Screenshot moved to C:\Users\ingrida.zadorozniene\Desktop\Asm\UZTIS\UZTIS_tests\test-output\screenshots\20250131\145641085_testFillNewApplication().png
2025-01-31 14:56:54 [main] INFO  lt.insoft.uztis.tests.UztisPageTest - Navigated to https://uztisdev.asseco.lt/home
2025-01-31 14:56:54 [main] INFO  l.i.u.t.SubmittedApplicationsPageTest - Starting test:'testFillNewApplication'
2025-01-31 14:56:54 [main] DEBUG l.i.u.t.SubmittedApplicationsPageTest - User logged in with test credentials
2025-01-31 14:56:55 [main] DEBUG l.i.u.t.SubmittedApplicationsPageTest - Opened 'Application Processing' menu.
2025-01-31 14:56:55 [main] DEBUG l.i.u.t.SubmittedApplicationsPageTest - Clicked on 'Application Forms' menu.
2025-01-31 14:56:56 [main] DEBUG l.i.u.t.SubmittedApplicationsPageTest - Retrieved last description code text: 'TST-VUI-27'.
2025-01-31 14:56:56 [main] DEBUG l.i.u.t.SubmittedApplicationsPageTest - Clicked on 'Invitation' menu.
2025-01-31 14:56:57 [main] DEBUG l.i.u.t.SubmittedApplicationsPageTest - Selected application section by code: 'TST-VUI-27'.
2025-01-31 14:56:57 [main] DEBUG l.i.u.t.SubmittedApplicationsPageTest - Clicked 'Search' button.
2025-01-31 14:56:57 [main] DEBUG l.i.u.t.SubmittedApplicationsPageTest - Retrieved invitation code: ''.
2025-01-31 14:56:57 [main] DEBUG l.i.u.t.SubmittedApplicationsPageTest - Clicked on 'Submitted Applications' menu.
2025-01-31 14:56:58 [main] DEBUG l.i.u.t.SubmittedApplicationsPageTest - Selected invitation by code: 'TST-VUI-27'.
2025-01-31 14:56:58 [main] DEBUG l.i.u.t.SubmittedApplicationsPageTest - Clicked on 'Action Application' button.
2025-01-31 14:56:59 [main] DEBUG l.i.u.t.SubmittedApplicationsPageTest - Clicked on 'New Application' button.
2025-01-31 14:56:59 [main] DEBUG l.i.u.t.SubmittedApplicationsPageTest - Clicked on 'RadioButtonFA' button.
2025-01-31 14:56:59 [main] DEBUG l.i.u.t.SubmittedApplicationsPageTest - Entered phone number into the input field.
2025-01-31 14:56:59 [main] DEBUG l.i.u.t.SubmittedApplicationsPageTest - Entered eMail into the input field.
2025-01-31 14:56:59 [main] INFO  l.i.u.p.SubmittedApplicationsPage - Located the dropdown button.
2025-01-31 14:57:19 [main] INFO  l.i.u.p.SubmittedApplicationsPage - Found 1741 options in the dropdown.
2025-01-31 14:57:19 [main] INFO  l.i.u.p.SubmittedApplicationsPage - Successfully selected the value: '01.11 - Grūdinių (išskyrus ryžius), ankštinių ir aliejingų sėklų augalų auginimas'
2025-01-31 14:57:30 [main] ERROR l.i.u.p.SubmittedApplicationsPage - Failed to close the dropdown with aria-expanded = 'false'. Attempting manual close.
2025-01-31 14:57:30 [main] INFO  l.i.u.p.SubmittedApplicationsPage - Manual close attempt for the dropdown using body click.
2025-01-31 14:57:30 [main] DEBUG l.i.u.t.SubmittedApplicationsPageTest - Entered Address into the input field.
2025-01-31 14:57:31 [main] DEBUG l.i.u.t.SubmittedApplicationsPageTest - Entered Address into the input field.
2025-01-31 14:57:31 [main] INFO  l.i.u.p.SubmittedApplicationsPage - Located the dropdown button.
2025-01-31 14:57:32 [main] INFO  l.i.u.p.SubmittedApplicationsPage - Successfully selected the value: 'Administratoriai'
2025-01-31 14:57:52 [main] ERROR l.i.u.p.SubmittedApplicationsPage - Timeout while waiting for dropdown to close with aria-expanded = 'false'.
2025-01-31 14:57:52 [main] DEBUG l.i.u.t.SubmittedApplicationsPageTest - Selected the value: 'Administratoriai'
2025-01-31 14:57:53 [main] INFO  l.i.u.p.SubmittedApplicationsPage - Clicking on the dropdown button.
2025-01-31 14:57:53 [main] INFO  l.i.u.p.SubmittedApplicationsPage - Found 34 options in the dropdown.
2025-01-31 14:57:53 [main] DEBUG l.i.u.p.SubmittedApplicationsPage - Checking option: 'Asmenys, kuriems suteiktas pabėgėlio statusas ar perkeliamojo asmens statusas, arba asmenys, kuriems suteikta papildoma ar laikinoji apsauga, ir asmenys, turintys teisę gauti laikinąją apsaugą, iki sprendimo dėl laikinosios apsaugos suteikimo (nesuteikimo) priėmimo, tačiau ne ilgiau kaip laikinosios apsaugos laikotarpiu'
2025-01-31 14:57:53 [main] DEBUG l.i.u.p.SubmittedApplicationsPage - Checking option: 'Asmenys, kuriems suteiktas pabėgėlio statusas ar perkeliamojo asmens statusas, arba asmenys, kuriems suteikta papildoma ar laikinoji apsauga, ir asmenys, turintys teisę gauti laikinąją apsaugą, iki sprendimo dėl laikinosios apsaugos suteikimo (nesuteikimo) priėmimo, tačiau ne ilgiau kaip laikinosios apsaugos laikotarpiu'
2025-01-31 14:57:53 [main] DEBUG l.i.u.p.SubmittedApplicationsPage - Checking option: 'Asmenys, turintys teisę į papildomas užimtumo garantijas pagal Lietuvos Respublikos valstybės įmonės Ignalinos atominės elektrinės darbuotojų papildomų užimtumo ir socialinių garantijų įstatymą'
2025-01-31 14:57:53 [main] DEBUG l.i.u.p.SubmittedApplicationsPage - Checking option: 'Asmenys, turintys teisę į papildomas užimtumo garantijas pagal Lietuvos Respublikos valstybės įmonės Ignalinos atominės elektrinės darbuotojų papildomų užimtumo ir socialinių garantijų įstatymą'
2025-01-31 14:57:53 [main] DEBUG l.i.u.p.SubmittedApplicationsPage - Checking option: 'Bedarbiai iki 29 metų'
2025-01-31 14:57:53 [main] DEBUG l.i.u.p.SubmittedApplicationsPage - Checking option: 'Bedarbiai iki 29 metų'
2025-01-31 14:57:53 [main] DEBUG l.i.u.p.SubmittedApplicationsPage - Checking option: 'Bedarbiai, kurie yra darbingo amžiaus neįgalieji, kuriems nustatytas 30–40 procentų darbingumo lygis arba vidutinis neįgalumo lygis'
2025-01-31 14:57:53 [main] DEBUG l.i.u.p.SubmittedApplicationsPage - Checking option: 'Bedarbiai, kurie yra darbingo amžiaus neįgalieji, kuriems nustatytas 30–40 procentų darbingumo lygis arba vidutinis neįgalumo lygis'
2025-01-31 14:57:53 [main] DEBUG l.i.u.p.SubmittedApplicationsPage - Checking option: 'Bedarbiai, kurie yra darbingo amžiaus neįgalieji, kuriems nustatytas 45–55 procentų darbingumo lygis arba lengvas neįgalumo lygis'
2025-01-31 14:57:53 [main] DEBUG l.i.u.p.SubmittedApplicationsPage - Checking option: 'Bedarbiai, kurie yra darbingo amžiaus neįgalieji, kuriems nustatytas 45–55 procentų darbingumo lygis arba lengvas neįgalumo lygis'
2025-01-31 14:57:53 [main] DEBUG l.i.u.p.SubmittedApplicationsPage - Checking option: 'Bedarbiai, kurie yra darbingo amžiaus neįgalieji, kuriems nustatytas iki 25 procentų darbingumo lygis arba sunkus neįgalumo lygis'
2025-01-31 14:57:53 [main] INFO  l.i.u.p.SubmittedApplicationsPage - Successfully selected the value: 'Bedarbiai, kurie yra darbingo amžiaus neįgalieji, kuriems nustatytas iki 25 procentų darbingumo lygis arba sunkus neįgalumo lygis'
2025-01-31 14:57:53 [main] INFO  l.i.u.p.SubmittedApplicationsPage - Attempting to close the dropdown.
2025-01-31 14:57:53 [main] INFO  l.i.u.p.SubmittedApplicationsPage - Dropdown overlay is no longer visible.
2025-01-31 14:57:53 [main] INFO  l.i.u.p.SubmittedApplicationsPage - Located the dropdown button.
2025-01-31 14:57:54 [main] ERROR l.i.u.t.SubmittedApplicationsPageTest - Test 'testFillNewApplication' failed with error: element click intercepted: Element <mat-label>...</mat-label> is not clickable at point (489, 605). Other element would receive the click: <mat-option role="option" class="mat-mdc-option mdc-list-item mat-mdc-option-multiple ng-tns-c1073613477-79 ng-star-inserted" id="mat-option-1005" aria-selected="false" aria-disabled="false" style="">...</mat-option>
  (Session info: chrome=132.0.6834.160)
Build info: version: '4.27.0', revision: 'd6e718d134'
System info: os.name: 'Windows 11', os.arch: 'amd64', os.version: '10.0', java.version: '21.0.3'
Driver info: org.openqa.selenium.chrome.ChromeDriver
Command: [d3a7f20833d875c2c8c87a14a7b2f15e, clickElement {id=f.A947F3DC7AF0969A8ABD703C9D042A19.d.9B0EFA010ED147ABB7F66F992A7F7022.e.2159}]
Capabilities {acceptInsecureCerts: false, browserName: chrome, browserVersion: 132.0.6834.160, chrome: {chromedriverVersion: 132.0.6834.159 (2d77d3fc445..., userDataDir: C:\Users\INGRID~1.ZAD\AppDa...}, fedcm:accounts: true, goog:chromeOptions: {debuggerAddress: localhost:52213}, networkConnectionEnabled: false, pageLoadStrategy: normal, platformName: windows, proxy: Proxy(), se:cdp: ws://localhost:52213/devtoo..., se:cdpVersion: 132.0.6834.160, setWindowRect: true, strictFileInteractability: false, timeouts: {implicit: 0, pageLoad: 300000, script: 30000}, unhandledPromptBehavior: dismiss and notify, webauthn:extension:credBlob: true, webauthn:extension:largeBlob: true, webauthn:extension:minPinLength: true, webauthn:extension:prf: true, webauthn:virtualAuthenticators: true}
Element: [[ChromeDriver: chrome on windows (d3a7f20833d875c2c8c87a14a7b2f15e)] -> xpath: //mat-label[contains(text(), 'Darbo laiko norma ir darbo laiko režimas')]]
Session ID: d3a7f20833d875c2c8c87a14a7b2f15e
org.openqa.selenium.ElementClickInterceptedException: element click intercepted: Element <mat-label>...</mat-label> is not clickable at point (489, 605). Other element would receive the click: <mat-option role="option" class="mat-mdc-option mdc-list-item mat-mdc-option-multiple ng-tns-c1073613477-79 ng-star-inserted" id="mat-option-1005" aria-selected="false" aria-disabled="false" style="">...</mat-option>
  (Session info: chrome=132.0.6834.160)
Build info: version: '4.27.0', revision: 'd6e718d134'
System info: os.name: 'Windows 11', os.arch: 'amd64', os.version: '10.0', java.version: '21.0.3'
Driver info: org.openqa.selenium.chrome.ChromeDriver
Command: [d3a7f20833d875c2c8c87a14a7b2f15e, clickElement {id=f.A947F3DC7AF0969A8ABD703C9D042A19.d.9B0EFA010ED147ABB7F66F992A7F7022.e.2159}]
Capabilities {acceptInsecureCerts: false, browserName: chrome, browserVersion: 132.0.6834.160, chrome: {chromedriverVersion: 132.0.6834.159 (2d77d3fc445..., userDataDir: C:\Users\INGRID~1.ZAD\AppDa...}, fedcm:accounts: true, goog:chromeOptions: {debuggerAddress: localhost:52213}, networkConnectionEnabled: false, pageLoadStrategy: normal, platformName: windows, proxy: Proxy(), se:cdp: ws://localhost:52213/devtoo..., se:cdpVersion: 132.0.6834.160, setWindowRect: true, strictFileInteractability: false, timeouts: {implicit: 0, pageLoad: 300000, script: 30000}, unhandledPromptBehavior: dismiss and notify, webauthn:extension:credBlob: true, webauthn:extension:largeBlob: true, webauthn:extension:minPinLength: true, webauthn:extension:prf: true, webauthn:virtualAuthenticators: true}
Element: [[ChromeDriver: chrome on windows (d3a7f20833d875c2c8c87a14a7b2f15e)] -> xpath: //mat-label[contains(text(), 'Darbo laiko norma ir darbo laiko režimas')]]
Session ID: d3a7f20833d875c2c8c87a14a7b2f15e
	at java.base/jdk.internal.reflect.DirectConstructorHandleAccessor.newInstance(DirectConstructorHandleAccessor.java:62)
	at java.base/java.lang.reflect.Constructor.newInstanceWithCaller(Constructor.java:502)
	at java.base/java.lang.reflect.Constructor.newInstance(Constructor.java:486)
	at org.openqa.selenium.remote.ErrorCodec.decode(ErrorCodec.java:167)
	at org.openqa.selenium.remote.codec.w3c.W3CHttpResponseCodec.decode(W3CHttpResponseCodec.java:138)
	at org.openqa.selenium.remote.codec.w3c.W3CHttpResponseCodec.decode(W3CHttpResponseCodec.java:50)
	at org.openqa.selenium.remote.HttpCommandExecutor.execute(HttpCommandExecutor.java:190)
	at org.openqa.selenium.remote.service.DriverCommandExecutor.invokeExecute(DriverCommandExecutor.java:216)
	at org.openqa.selenium.remote.service.DriverCommandExecutor.execute(DriverCommandExecutor.java:174)
	at org.openqa.selenium.remote.RemoteWebDriver.execute(RemoteWebDriver.java:545)
	at org.openqa.selenium.remote.RemoteWebElement.execute(RemoteWebElement.java:223)
	at org.openqa.selenium.remote.RemoteWebElement.click(RemoteWebElement.java:76)
	at java.base/jdk.internal.reflect.DirectMethodHandleAccessor.invoke(DirectMethodHandleAccessor.java:103)
	at java.base/java.lang.reflect.Method.invoke(Method.java:580)
	at org.openqa.selenium.support.pagefactory.internal.LocatingElementHandler.invoke(LocatingElementHandler.java:51)
	at jdk.proxy2/jdk.proxy2.$Proxy14.click(Unknown Source)
	at lt.insoft.uztis.pages.SubmittedApplicationsPage.selectDropdownTimeMode(SubmittedApplicationsPage.java:383)
	at lt.insoft.uztis.tests.SubmittedApplicationsPageTest.testFillNewApplication(SubmittedApplicationsPageTest.java:187)
	at java.base/jdk.internal.reflect.DirectMethodHandleAccessor.invoke(DirectMethodHandleAccessor.java:103)
	at java.base/java.lang.reflect.Method.invoke(Method.java:580)
	at org.junit.platform.commons.util.ReflectionUtils.invokeMethod(ReflectionUtils.java:728)
	at org.junit.jupiter.engine.execution.MethodInvocation.proceed(MethodInvocation.java:60)
	at org.junit.jupiter.engine.execution.InvocationInterceptorChain$ValidatingInvocation.proceed(InvocationInterceptorChain.java:131)
	at org.junit.jupiter.engine.extension.TimeoutExtension.intercept(TimeoutExtension.java:156)
	at org.junit.jupiter.engine.extension.TimeoutExtension.interceptTestableMethod(TimeoutExtension.java:147)
	at org.junit.jupiter.engine.extension.TimeoutExtension.interceptTestMethod(TimeoutExtension.java:86)
	at org.junit.jupiter.engine.execution.InterceptingExecutableInvoker$ReflectiveInterceptorCall.lambda$ofVoidMethod$0(InterceptingExecutableInvoker.java:103)
	at org.junit.jupiter.engine.execution.InterceptingExecutableInvoker.lambda$invoke$0(InterceptingExecutableInvoker.java:93)
	at org.junit.jupiter.engine.execution.InvocationInterceptorChain$InterceptedInvocation.proceed(InvocationInterceptorChain.java:106)
	at org.junit.jupiter.engine.execution.InvocationInterceptorChain.proceed(InvocationInterceptorChain.java:64)
	at org.junit.jupiter.engine.execution.InvocationInterceptorChain.chainAndInvoke(InvocationInterceptorChain.java:45)
	at org.junit.jupiter.engine.execution.InvocationInterceptorChain.invoke(InvocationInterceptorChain.java:37)
	at org.junit.jupiter.engine.execution.InterceptingExecutableInvoker.invoke(InterceptingExecutableInvoker.java:92)
	at org.junit.jupiter.engine.execution.InterceptingExecutableInvoker.invoke(InterceptingExecutableInvoker.java:86)
	at org.junit.jupiter.engine.descriptor.TestMethodTestDescriptor.lambda$invokeTestMethod$7(TestMethodTestDescriptor.java:218)
	at org.junit.platform.engine.support.hierarchical.ThrowableCollector.execute(ThrowableCollector.java:73)
	at org.junit.jupiter.engine.descriptor.TestMethodTestDescriptor.invokeTestMethod(TestMethodTestDescriptor.java:214)
	at org.junit.jupiter.engine.descriptor.TestMethodTestDescriptor.execute(TestMethodTestDescriptor.java:139)
	at org.junit.jupiter.engine.descriptor.TestMethodTestDescriptor.execute(TestMethodTestDescriptor.java:69)
	at org.junit.platform.engine.support.hierarchical.NodeTestTask.lambda$executeRecursively$6(NodeTestTask.java:151)
	at org.junit.platform.engine.support.hierarchical.ThrowableCollector.execute(ThrowableCollector.java:73)
	at org.junit.platform.engine.support.hierarchical.NodeTestTask.lambda$executeRecursively$8(NodeTestTask.java:141)
	at org.junit.platform.engine.support.hierarchical.Node.around(Node.java:137)
	at org.junit.platform.engine.support.hierarchical.NodeTestTask.lambda$executeRecursively$9(NodeTestTask.java:139)
	at org.junit.platform.engine.support.hierarchical.ThrowableCollector.execute(ThrowableCollector.java:73)
	at org.junit.platform.engine.support.hierarchical.NodeTestTask.executeRecursively(NodeTestTask.java:138)
	at org.junit.platform.engine.support.hierarchical.NodeTestTask.execute(NodeTestTask.java:95)
	at java.base/java.util.ArrayList.forEach(ArrayList.java:1596)
	at org.junit.platform.engine.support.hierarchical.SameThreadHierarchicalTestExecutorService.invokeAll(SameThreadHierarchicalTestExecutorService.java:41)
	at org.junit.platform.engine.support.hierarchical.NodeTestTask.lambda$executeRecursively$6(NodeTestTask.java:155)
	at org.junit.platform.engine.support.hierarchical.ThrowableCollector.execute(ThrowableCollector.java:73)
	at org.junit.platform.engine.support.hierarchical.NodeTestTask.lambda$executeRecursively$8(NodeTestTask.java:141)
	at org.junit.platform.engine.support.hierarchical.Node.around(Node.java:137)
	at org.junit.platform.engine.support.hierarchical.NodeTestTask.lambda$executeRecursively$9(NodeTestTask.java:139)
	at org.junit.platform.engine.support.hierarchical.ThrowableCollector.execute(ThrowableCollector.java:73)
	at org.junit.platform.engine.support.hierarchical.NodeTestTask.executeRecursively(NodeTestTask.java:138)
	at org.junit.platform.engine.support.hierarchical.NodeTestTask.execute(NodeTestTask.java:95)
	at java.base/java.util.ArrayList.forEach(ArrayList.java:1596)
	at org.junit.platform.engine.support.hierarchical.SameThreadHierarchicalTestExecutorService.invokeAll(SameThreadHierarchicalTestExecutorService.java:41)
	at org.junit.platform.engine.support.hierarchical.NodeTestTask.lambda$executeRecursively$6(NodeTestTask.java:155)
	at org.junit.platform.engine.support.hierarchical.ThrowableCollector.execute(ThrowableCollector.java:73)
	at org.junit.platform.engine.support.hierarchical.NodeTestTask.lambda$executeRecursively$8(NodeTestTask.java:141)
	at org.junit.platform.engine.support.hierarchical.Node.around(Node.java:137)
	at org.junit.platform.engine.support.hierarchical.NodeTestTask.lambda$executeRecursively$9(NodeTestTask.java:139)
	at org.junit.platform.engine.support.hierarchical.ThrowableCollector.execute(ThrowableCollector.java:73)
	at org.junit.platform.engine.support.hierarchical.NodeTestTask.executeRecursively(NodeTestTask.java:138)
	at org.junit.platform.engine.support.hierarchical.NodeTestTask.execute(NodeTestTask.java:95)
	at org.junit.platform.engine.support.hierarchical.SameThreadHierarchicalTestExecutorService.submit(SameThreadHierarchicalTestExecutorService.java:35)
	at org.junit.platform.engine.support.hierarchical.HierarchicalTestExecutor.execute(HierarchicalTestExecutor.java:57)
	at org.junit.platform.engine.support.hierarchical.HierarchicalTestEngine.execute(HierarchicalTestEngine.java:54)
	at org.junit.platform.launcher.core.EngineExecutionOrchestrator.execute(EngineExecutionOrchestrator.java:198)
	at org.junit.platform.launcher.core.EngineExecutionOrchestrator.execute(EngineExecutionOrchestrator.java:169)
	at org.junit.platform.launcher.core.EngineExecutionOrchestrator.execute(EngineExecutionOrchestrator.java:93)
	at org.junit.platform.launcher.core.EngineExecutionOrchestrator.lambda$execute$0(EngineExecutionOrchestrator.java:58)
	at org.junit.platform.launcher.core.EngineExecutionOrchestrator.withInterceptedStreams(EngineExecutionOrchestrator.java:141)
	at org.junit.platform.launcher.core.EngineExecutionOrchestrator.execute(EngineExecutionOrchestrator.java:57)
	at org.junit.platform.launcher.core.DefaultLauncher.execute(DefaultLauncher.java:103)
	at org.junit.platform.launcher.core.DefaultLauncher.execute(DefaultLauncher.java:85)
	at org.junit.platform.launcher.core.DelegatingLauncher.execute(DelegatingLauncher.java:47)
	at org.junit.platform.launcher.core.SessionPerRequestLauncher.execute(SessionPerRequestLauncher.java:63)
	at com.intellij.junit5.JUnit5IdeaTestRunner.startRunnerWithArgs(JUnit5IdeaTestRunner.java:57)
	at com.intellij.rt.junit.IdeaTestRunner$Repeater$1.execute(IdeaTestRunner.java:38)
	at com.intellij.rt.execution.junit.TestsRepeater.repeat(TestsRepeater.java:11)
	at com.intellij.rt.junit.IdeaTestRunner$Repeater.startRunnerWithArgs(IdeaTestRunner.java:35)
	at com.intellij.rt.junit.JUnitStarter.prepareStreamsAndStart(JUnitStarter.java:232)
	at com.intellij.rt.junit.JUnitStarter.main(JUnitStarter.java:55)
2025-01-31 14:57:55 [main] INFO  l.insoft.uztis.tests.utils.TestUtils - Screenshot moved to C:\Users\ingrida.zadorozniene\Desktop\Asm\UZTIS\UZTIS_tests\test-output\screenshots\20250131\145755030_testFillNewApplication().png
2025-01-31 15:04:33 [main] INFO  lt.insoft.uztis.tests.UztisPageTest - Navigated to https://uztisdev.asseco.lt/home
2025-01-31 15:04:33 [main] INFO  l.i.u.t.SubmittedApplicationsPageTest - Starting test:'testFillNewApplication'
2025-01-31 15:04:33 [main] DEBUG l.i.u.t.SubmittedApplicationsPageTest - User logged in with test credentials
2025-01-31 15:04:34 [main] DEBUG l.i.u.t.SubmittedApplicationsPageTest - Opened 'Application Processing' menu.
2025-01-31 15:04:34 [main] DEBUG l.i.u.t.SubmittedApplicationsPageTest - Clicked on 'Application Forms' menu.
2025-01-31 15:04:34 [main] DEBUG l.i.u.t.SubmittedApplicationsPageTest - Retrieved last description code text: 'TST-VUI-27'.
2025-01-31 15:04:34 [main] DEBUG l.i.u.t.SubmittedApplicationsPageTest - Clicked on 'Invitation' menu.
2025-01-31 15:04:35 [main] DEBUG l.i.u.t.SubmittedApplicationsPageTest - Selected application section by code: 'TST-VUI-27'.
2025-01-31 15:04:35 [main] DEBUG l.i.u.t.SubmittedApplicationsPageTest - Clicked 'Search' button.
2025-01-31 15:04:35 [main] DEBUG l.i.u.t.SubmittedApplicationsPageTest - Retrieved invitation code: ''.
2025-01-31 15:04:35 [main] DEBUG l.i.u.t.SubmittedApplicationsPageTest - Clicked on 'Submitted Applications' menu.
2025-01-31 15:04:36 [main] DEBUG l.i.u.t.SubmittedApplicationsPageTest - Selected invitation by code: 'TST-VUI-27'.
2025-01-31 15:04:36 [main] DEBUG l.i.u.t.SubmittedApplicationsPageTest - Clicked on 'Action Application' button.
2025-01-31 15:04:36 [main] DEBUG l.i.u.t.SubmittedApplicationsPageTest - Clicked on 'New Application' button.
2025-01-31 15:04:37 [main] DEBUG l.i.u.t.SubmittedApplicationsPageTest - Clicked on 'RadioButtonFA' button.
2025-01-31 15:04:37 [main] DEBUG l.i.u.t.SubmittedApplicationsPageTest - Entered phone number into the input field.
2025-01-31 15:04:37 [main] DEBUG l.i.u.t.SubmittedApplicationsPageTest - Entered eMail into the input field.
2025-01-31 15:04:37 [main] INFO  l.i.u.p.SubmittedApplicationsPage - Located the dropdown button.
2025-01-31 15:04:56 [main] INFO  l.i.u.p.SubmittedApplicationsPage - Found 1741 options in the dropdown.
2025-01-31 15:04:56 [main] INFO  l.i.u.p.SubmittedApplicationsPage - Successfully selected the value: '01.11 - Grūdinių (išskyrus ryžius), ankštinių ir aliejingų sėklų augalų auginimas'
2025-01-31 15:05:06 [main] ERROR l.i.u.p.SubmittedApplicationsPage - Failed to close the dropdown with aria-expanded = 'false'. Attempting manual close.
2025-01-31 15:05:07 [main] INFO  l.i.u.p.SubmittedApplicationsPage - Manual close attempt for the dropdown using body click.
2025-01-31 15:05:07 [main] DEBUG l.i.u.t.SubmittedApplicationsPageTest - Entered Address into the input field.
2025-01-31 15:05:07 [main] DEBUG l.i.u.t.SubmittedApplicationsPageTest - Entered Address into the input field.
2025-01-31 15:05:07 [main] INFO  l.i.u.p.SubmittedApplicationsPage - Located the dropdown button.
2025-01-31 15:05:09 [main] INFO  l.i.u.p.SubmittedApplicationsPage - Successfully selected the value: 'Administratoriai'
2025-01-31 15:05:29 [main] ERROR l.i.u.p.SubmittedApplicationsPage - Timeout while waiting for dropdown to close with aria-expanded = 'false'.
2025-01-31 15:05:29 [main] DEBUG l.i.u.t.SubmittedApplicationsPageTest - Selected the value: 'Administratoriai'
2025-01-31 15:05:29 [main] INFO  l.i.u.p.SubmittedApplicationsPage - Clicking on the dropdown button.
2025-01-31 15:05:30 [main] INFO  l.i.u.p.SubmittedApplicationsPage - Found 34 options in the dropdown.
2025-01-31 15:05:30 [main] DEBUG l.i.u.p.SubmittedApplicationsPage - Checking option: 'Asmenys, kuriems suteiktas pabėgėlio statusas ar perkeliamojo asmens statusas, arba asmenys, kuriems suteikta papildoma ar laikinoji apsauga, ir asmenys, turintys teisę gauti laikinąją apsaugą, iki sprendimo dėl laikinosios apsaugos suteikimo (nesuteikimo) priėmimo, tačiau ne ilgiau kaip laikinosios apsaugos laikotarpiu'
2025-01-31 15:05:30 [main] DEBUG l.i.u.p.SubmittedApplicationsPage - Checking option: 'Asmenys, kuriems suteiktas pabėgėlio statusas ar perkeliamojo asmens statusas, arba asmenys, kuriems suteikta papildoma ar laikinoji apsauga, ir asmenys, turintys teisę gauti laikinąją apsaugą, iki sprendimo dėl laikinosios apsaugos suteikimo (nesuteikimo) priėmimo, tačiau ne ilgiau kaip laikinosios apsaugos laikotarpiu'
2025-01-31 15:05:30 [main] DEBUG l.i.u.p.SubmittedApplicationsPage - Checking option: 'Asmenys, turintys teisę į papildomas užimtumo garantijas pagal Lietuvos Respublikos valstybės įmonės Ignalinos atominės elektrinės darbuotojų papildomų užimtumo ir socialinių garantijų įstatymą'
2025-01-31 15:05:30 [main] DEBUG l.i.u.p.SubmittedApplicationsPage - Checking option: 'Asmenys, turintys teisę į papildomas užimtumo garantijas pagal Lietuvos Respublikos valstybės įmonės Ignalinos atominės elektrinės darbuotojų papildomų užimtumo ir socialinių garantijų įstatymą'
2025-01-31 15:05:30 [main] DEBUG l.i.u.p.SubmittedApplicationsPage - Checking option: 'Bedarbiai iki 29 metų'
2025-01-31 15:05:30 [main] DEBUG l.i.u.p.SubmittedApplicationsPage - Checking option: 'Bedarbiai iki 29 metų'
2025-01-31 15:05:30 [main] DEBUG l.i.u.p.SubmittedApplicationsPage - Checking option: 'Bedarbiai, kurie yra darbingo amžiaus neįgalieji, kuriems nustatytas 30–40 procentų darbingumo lygis arba vidutinis neįgalumo lygis'
2025-01-31 15:05:30 [main] DEBUG l.i.u.p.SubmittedApplicationsPage - Checking option: 'Bedarbiai, kurie yra darbingo amžiaus neįgalieji, kuriems nustatytas 30–40 procentų darbingumo lygis arba vidutinis neįgalumo lygis'
2025-01-31 15:05:30 [main] DEBUG l.i.u.p.SubmittedApplicationsPage - Checking option: 'Bedarbiai, kurie yra darbingo amžiaus neįgalieji, kuriems nustatytas 45–55 procentų darbingumo lygis arba lengvas neįgalumo lygis'
2025-01-31 15:05:30 [main] DEBUG l.i.u.p.SubmittedApplicationsPage - Checking option: 'Bedarbiai, kurie yra darbingo amžiaus neįgalieji, kuriems nustatytas 45–55 procentų darbingumo lygis arba lengvas neįgalumo lygis'
2025-01-31 15:05:30 [main] DEBUG l.i.u.p.SubmittedApplicationsPage - Checking option: 'Bedarbiai, kurie yra darbingo amžiaus neįgalieji, kuriems nustatytas iki 25 procentų darbingumo lygis arba sunkus neįgalumo lygis'
2025-01-31 15:05:30 [main] INFO  l.i.u.p.SubmittedApplicationsPage - Successfully selected the value: 'Bedarbiai, kurie yra darbingo amžiaus neįgalieji, kuriems nustatytas iki 25 procentų darbingumo lygis arba sunkus neįgalumo lygis'
2025-01-31 15:05:30 [main] INFO  l.i.u.p.SubmittedApplicationsPage - Attempting to close the dropdown.
2025-01-31 15:05:30 [main] INFO  l.i.u.p.SubmittedApplicationsPage - Dropdown overlay is no longer visible.
2025-01-31 15:05:30 [main] INFO  l.i.u.p.SubmittedApplicationsPage - Located the dropdown button.
2025-01-31 15:05:31 [main] ERROR l.i.u.t.SubmittedApplicationsPageTest - Test 'testFillNewApplication' failed with error: element click intercepted: Element <mat-label>...</mat-label> is not clickable at point (489, 629). Other element would receive the click: <mat-option role="option" class="mat-mdc-option mdc-list-item mat-mdc-option-multiple ng-tns-c1073613477-79 ng-star-inserted" id="mat-option-1005" aria-selected="false" aria-disabled="false" style="">...</mat-option>
  (Session info: chrome=132.0.6834.160)
Build info: version: '4.27.0', revision: 'd6e718d134'
System info: os.name: 'Windows 11', os.arch: 'amd64', os.version: '10.0', java.version: '21.0.3'
Driver info: org.openqa.selenium.chrome.ChromeDriver
Command: [3a530b394f1e2323daffb674ca7e9289, clickElement {id=f.301C614B76042032C8FC02EB1BD8E116.d.2211A6BD69E3CF3B9072F88DB6F7E826.e.2159}]
Capabilities {acceptInsecureCerts: false, browserName: chrome, browserVersion: 132.0.6834.160, chrome: {chromedriverVersion: 132.0.6834.159 (2d77d3fc445..., userDataDir: C:\Users\INGRID~1.ZAD\AppDa...}, fedcm:accounts: true, goog:chromeOptions: {debuggerAddress: localhost:52675}, networkConnectionEnabled: false, pageLoadStrategy: normal, platformName: windows, proxy: Proxy(), se:cdp: ws://localhost:52675/devtoo..., se:cdpVersion: 132.0.6834.160, setWindowRect: true, strictFileInteractability: false, timeouts: {implicit: 0, pageLoad: 300000, script: 30000}, unhandledPromptBehavior: dismiss and notify, webauthn:extension:credBlob: true, webauthn:extension:largeBlob: true, webauthn:extension:minPinLength: true, webauthn:extension:prf: true, webauthn:virtualAuthenticators: true}
Element: [[ChromeDriver: chrome on windows (3a530b394f1e2323daffb674ca7e9289)] -> xpath: //mat-label[contains(text(), 'Darbo laiko norma ir darbo laiko režimas')]]
Session ID: 3a530b394f1e2323daffb674ca7e9289
org.openqa.selenium.ElementClickInterceptedException: element click intercepted: Element <mat-label>...</mat-label> is not clickable at point (489, 629). Other element would receive the click: <mat-option role="option" class="mat-mdc-option mdc-list-item mat-mdc-option-multiple ng-tns-c1073613477-79 ng-star-inserted" id="mat-option-1005" aria-selected="false" aria-disabled="false" style="">...</mat-option>
  (Session info: chrome=132.0.6834.160)
Build info: version: '4.27.0', revision: 'd6e718d134'
System info: os.name: 'Windows 11', os.arch: 'amd64', os.version: '10.0', java.version: '21.0.3'
Driver info: org.openqa.selenium.chrome.ChromeDriver
Command: [3a530b394f1e2323daffb674ca7e9289, clickElement {id=f.301C614B76042032C8FC02EB1BD8E116.d.2211A6BD69E3CF3B9072F88DB6F7E826.e.2159}]
Capabilities {acceptInsecureCerts: false, browserName: chrome, browserVersion: 132.0.6834.160, chrome: {chromedriverVersion: 132.0.6834.159 (2d77d3fc445..., userDataDir: C:\Users\INGRID~1.ZAD\AppDa...}, fedcm:accounts: true, goog:chromeOptions: {debuggerAddress: localhost:52675}, networkConnectionEnabled: false, pageLoadStrategy: normal, platformName: windows, proxy: Proxy(), se:cdp: ws://localhost:52675/devtoo..., se:cdpVersion: 132.0.6834.160, setWindowRect: true, strictFileInteractability: false, timeouts: {implicit: 0, pageLoad: 300000, script: 30000}, unhandledPromptBehavior: dismiss and notify, webauthn:extension:credBlob: true, webauthn:extension:largeBlob: true, webauthn:extension:minPinLength: true, webauthn:extension:prf: true, webauthn:virtualAuthenticators: true}
Element: [[ChromeDriver: chrome on windows (3a530b394f1e2323daffb674ca7e9289)] -> xpath: //mat-label[contains(text(), 'Darbo laiko norma ir darbo laiko režimas')]]
Session ID: 3a530b394f1e2323daffb674ca7e9289
	at java.base/jdk.internal.reflect.DirectConstructorHandleAccessor.newInstance(DirectConstructorHandleAccessor.java:62)
	at java.base/java.lang.reflect.Constructor.newInstanceWithCaller(Constructor.java:502)
	at java.base/java.lang.reflect.Constructor.newInstance(Constructor.java:486)
	at org.openqa.selenium.remote.ErrorCodec.decode(ErrorCodec.java:167)
	at org.openqa.selenium.remote.codec.w3c.W3CHttpResponseCodec.decode(W3CHttpResponseCodec.java:138)
	at org.openqa.selenium.remote.codec.w3c.W3CHttpResponseCodec.decode(W3CHttpResponseCodec.java:50)
	at org.openqa.selenium.remote.HttpCommandExecutor.execute(HttpCommandExecutor.java:190)
	at org.openqa.selenium.remote.service.DriverCommandExecutor.invokeExecute(DriverCommandExecutor.java:216)
	at org.openqa.selenium.remote.service.DriverCommandExecutor.execute(DriverCommandExecutor.java:174)
	at org.openqa.selenium.remote.RemoteWebDriver.execute(RemoteWebDriver.java:545)
	at org.openqa.selenium.remote.RemoteWebElement.execute(RemoteWebElement.java:223)
	at org.openqa.selenium.remote.RemoteWebElement.click(RemoteWebElement.java:76)
	at java.base/jdk.internal.reflect.DirectMethodHandleAccessor.invoke(DirectMethodHandleAccessor.java:103)
	at java.base/java.lang.reflect.Method.invoke(Method.java:580)
	at org.openqa.selenium.support.pagefactory.internal.LocatingElementHandler.invoke(LocatingElementHandler.java:51)
	at jdk.proxy2/jdk.proxy2.$Proxy14.click(Unknown Source)
	at lt.insoft.uztis.pages.SubmittedApplicationsPage.selectDropdownTimeMode(SubmittedApplicationsPage.java:444)
	at lt.insoft.uztis.tests.SubmittedApplicationsPageTest.testFillNewApplication(SubmittedApplicationsPageTest.java:187)
	at java.base/jdk.internal.reflect.DirectMethodHandleAccessor.invoke(DirectMethodHandleAccessor.java:103)
	at java.base/java.lang.reflect.Method.invoke(Method.java:580)
	at org.junit.platform.commons.util.ReflectionUtils.invokeMethod(ReflectionUtils.java:728)
	at org.junit.jupiter.engine.execution.MethodInvocation.proceed(MethodInvocation.java:60)
	at org.junit.jupiter.engine.execution.InvocationInterceptorChain$ValidatingInvocation.proceed(InvocationInterceptorChain.java:131)
	at org.junit.jupiter.engine.extension.TimeoutExtension.intercept(TimeoutExtension.java:156)
	at org.junit.jupiter.engine.extension.TimeoutExtension.interceptTestableMethod(TimeoutExtension.java:147)
	at org.junit.jupiter.engine.extension.TimeoutExtension.interceptTestMethod(TimeoutExtension.java:86)
	at org.junit.jupiter.engine.execution.InterceptingExecutableInvoker$ReflectiveInterceptorCall.lambda$ofVoidMethod$0(InterceptingExecutableInvoker.java:103)
	at org.junit.jupiter.engine.execution.InterceptingExecutableInvoker.lambda$invoke$0(InterceptingExecutableInvoker.java:93)
	at org.junit.jupiter.engine.execution.InvocationInterceptorChain$InterceptedInvocation.proceed(InvocationInterceptorChain.java:106)
	at org.junit.jupiter.engine.execution.InvocationInterceptorChain.proceed(InvocationInterceptorChain.java:64)
	at org.junit.jupiter.engine.execution.InvocationInterceptorChain.chainAndInvoke(InvocationInterceptorChain.java:45)
	at org.junit.jupiter.engine.execution.InvocationInterceptorChain.invoke(InvocationInterceptorChain.java:37)
	at org.junit.jupiter.engine.execution.InterceptingExecutableInvoker.invoke(InterceptingExecutableInvoker.java:92)
	at org.junit.jupiter.engine.execution.InterceptingExecutableInvoker.invoke(InterceptingExecutableInvoker.java:86)
	at org.junit.jupiter.engine.descriptor.TestMethodTestDescriptor.lambda$invokeTestMethod$7(TestMethodTestDescriptor.java:218)
	at org.junit.platform.engine.support.hierarchical.ThrowableCollector.execute(ThrowableCollector.java:73)
	at org.junit.jupiter.engine.descriptor.TestMethodTestDescriptor.invokeTestMethod(TestMethodTestDescriptor.java:214)
	at org.junit.jupiter.engine.descriptor.TestMethodTestDescriptor.execute(TestMethodTestDescriptor.java:139)
	at org.junit.jupiter.engine.descriptor.TestMethodTestDescriptor.execute(TestMethodTestDescriptor.java:69)
	at org.junit.platform.engine.support.hierarchical.NodeTestTask.lambda$executeRecursively$6(NodeTestTask.java:151)
	at org.junit.platform.engine.support.hierarchical.ThrowableCollector.execute(ThrowableCollector.java:73)
	at org.junit.platform.engine.support.hierarchical.NodeTestTask.lambda$executeRecursively$8(NodeTestTask.java:141)
	at org.junit.platform.engine.support.hierarchical.Node.around(Node.java:137)
	at org.junit.platform.engine.support.hierarchical.NodeTestTask.lambda$executeRecursively$9(NodeTestTask.java:139)
	at org.junit.platform.engine.support.hierarchical.ThrowableCollector.execute(ThrowableCollector.java:73)
	at org.junit.platform.engine.support.hierarchical.NodeTestTask.executeRecursively(NodeTestTask.java:138)
	at org.junit.platform.engine.support.hierarchical.NodeTestTask.execute(NodeTestTask.java:95)
	at java.base/java.util.ArrayList.forEach(ArrayList.java:1596)
	at org.junit.platform.engine.support.hierarchical.SameThreadHierarchicalTestExecutorService.invokeAll(SameThreadHierarchicalTestExecutorService.java:41)
	at org.junit.platform.engine.support.hierarchical.NodeTestTask.lambda$executeRecursively$6(NodeTestTask.java:155)
	at org.junit.platform.engine.support.hierarchical.ThrowableCollector.execute(ThrowableCollector.java:73)
	at org.junit.platform.engine.support.hierarchical.NodeTestTask.lambda$executeRecursively$8(NodeTestTask.java:141)
	at org.junit.platform.engine.support.hierarchical.Node.around(Node.java:137)
	at org.junit.platform.engine.support.hierarchical.NodeTestTask.lambda$executeRecursively$9(NodeTestTask.java:139)
	at org.junit.platform.engine.support.hierarchical.ThrowableCollector.execute(ThrowableCollector.java:73)
	at org.junit.platform.engine.support.hierarchical.NodeTestTask.executeRecursively(NodeTestTask.java:138)
	at org.junit.platform.engine.support.hierarchical.NodeTestTask.execute(NodeTestTask.java:95)
	at java.base/java.util.ArrayList.forEach(ArrayList.java:1596)
	at org.junit.platform.engine.support.hierarchical.SameThreadHierarchicalTestExecutorService.invokeAll(SameThreadHierarchicalTestExecutorService.java:41)
	at org.junit.platform.engine.support.hierarchical.NodeTestTask.lambda$executeRecursively$6(NodeTestTask.java:155)
	at org.junit.platform.engine.support.hierarchical.ThrowableCollector.execute(ThrowableCollector.java:73)
	at org.junit.platform.engine.support.hierarchical.NodeTestTask.lambda$executeRecursively$8(NodeTestTask.java:141)
	at org.junit.platform.engine.support.hierarchical.Node.around(Node.java:137)
	at org.junit.platform.engine.support.hierarchical.NodeTestTask.lambda$executeRecursively$9(NodeTestTask.java:139)
	at org.junit.platform.engine.support.hierarchical.ThrowableCollector.execute(ThrowableCollector.java:73)
	at org.junit.platform.engine.support.hierarchical.NodeTestTask.executeRecursively(NodeTestTask.java:138)
	at org.junit.platform.engine.support.hierarchical.NodeTestTask.execute(NodeTestTask.java:95)
	at org.junit.platform.engine.support.hierarchical.SameThreadHierarchicalTestExecutorService.submit(SameThreadHierarchicalTestExecutorService.java:35)
	at org.junit.platform.engine.support.hierarchical.HierarchicalTestExecutor.execute(HierarchicalTestExecutor.java:57)
	at org.junit.platform.engine.support.hierarchical.HierarchicalTestEngine.execute(HierarchicalTestEngine.java:54)
	at org.junit.platform.launcher.core.EngineExecutionOrchestrator.execute(EngineExecutionOrchestrator.java:198)
	at org.junit.platform.launcher.core.EngineExecutionOrchestrator.execute(EngineExecutionOrchestrator.java:169)
	at org.junit.platform.launcher.core.EngineExecutionOrchestrator.execute(EngineExecutionOrchestrator.java:93)
	at org.junit.platform.launcher.core.EngineExecutionOrchestrator.lambda$execute$0(EngineExecutionOrchestrator.java:58)
	at org.junit.platform.launcher.core.EngineExecutionOrchestrator.withInterceptedStreams(EngineExecutionOrchestrator.java:141)
	at org.junit.platform.launcher.core.EngineExecutionOrchestrator.execute(EngineExecutionOrchestrator.java:57)
	at org.junit.platform.launcher.core.DefaultLauncher.execute(DefaultLauncher.java:103)
	at org.junit.platform.launcher.core.DefaultLauncher.execute(DefaultLauncher.java:85)
	at org.junit.platform.launcher.core.DelegatingLauncher.execute(DelegatingLauncher.java:47)
	at org.junit.platform.launcher.core.SessionPerRequestLauncher.execute(SessionPerRequestLauncher.java:63)
	at com.intellij.junit5.JUnit5IdeaTestRunner.startRunnerWithArgs(JUnit5IdeaTestRunner.java:57)
	at com.intellij.rt.junit.IdeaTestRunner$Repeater$1.execute(IdeaTestRunner.java:38)
	at com.intellij.rt.execution.junit.TestsRepeater.repeat(TestsRepeater.java:11)
	at com.intellij.rt.junit.IdeaTestRunner$Repeater.startRunnerWithArgs(IdeaTestRunner.java:35)
	at com.intellij.rt.junit.JUnitStarter.prepareStreamsAndStart(JUnitStarter.java:232)
	at com.intellij.rt.junit.JUnitStarter.main(JUnitStarter.java:55)
2025-01-31 15:05:31 [main] INFO  l.insoft.uztis.tests.utils.TestUtils - Screenshot moved to C:\Users\ingrida.zadorozniene\Desktop\Asm\UZTIS\UZTIS_tests\test-output\screenshots\20250131\150531686_testFillNewApplication().png
2025-01-31 15:08:50 [main] INFO  lt.insoft.uztis.tests.UztisPageTest - Navigated to https://uztisdev.asseco.lt/home
2025-01-31 15:08:50 [main] INFO  l.i.u.t.SubmittedApplicationsPageTest - Starting test:'testFillNewApplication'
2025-01-31 15:08:51 [main] DEBUG l.i.u.t.SubmittedApplicationsPageTest - User logged in with test credentials
2025-01-31 15:08:51 [main] DEBUG l.i.u.t.SubmittedApplicationsPageTest - Opened 'Application Processing' menu.
2025-01-31 15:08:51 [main] DEBUG l.i.u.t.SubmittedApplicationsPageTest - Clicked on 'Application Forms' menu.
2025-01-31 15:08:51 [main] DEBUG l.i.u.t.SubmittedApplicationsPageTest - Retrieved last description code text: 'TST-VUI-27'.
2025-01-31 15:08:51 [main] DEBUG l.i.u.t.SubmittedApplicationsPageTest - Clicked on 'Invitation' menu.
2025-01-31 15:08:52 [main] DEBUG l.i.u.t.SubmittedApplicationsPageTest - Selected application section by code: 'TST-VUI-27'.
2025-01-31 15:08:52 [main] DEBUG l.i.u.t.SubmittedApplicationsPageTest - Clicked 'Search' button.
2025-01-31 15:08:52 [main] DEBUG l.i.u.t.SubmittedApplicationsPageTest - Retrieved invitation code: ''.
2025-01-31 15:08:52 [main] DEBUG l.i.u.t.SubmittedApplicationsPageTest - Clicked on 'Submitted Applications' menu.
2025-01-31 15:08:53 [main] DEBUG l.i.u.t.SubmittedApplicationsPageTest - Selected invitation by code: 'TST-VUI-27'.
2025-01-31 15:08:54 [main] DEBUG l.i.u.t.SubmittedApplicationsPageTest - Clicked on 'Action Application' button.
2025-01-31 15:08:54 [main] DEBUG l.i.u.t.SubmittedApplicationsPageTest - Clicked on 'New Application' button.
2025-01-31 15:08:54 [main] DEBUG l.i.u.t.SubmittedApplicationsPageTest - Clicked on 'RadioButtonFA' button.
2025-01-31 15:08:54 [main] DEBUG l.i.u.t.SubmittedApplicationsPageTest - Entered phone number into the input field.
2025-01-31 15:08:55 [main] DEBUG l.i.u.t.SubmittedApplicationsPageTest - Entered eMail into the input field.
2025-01-31 15:08:55 [main] INFO  l.i.u.p.SubmittedApplicationsPage - Located the dropdown button.
2025-01-31 15:09:14 [main] INFO  l.i.u.p.SubmittedApplicationsPage - Found 1741 options in the dropdown.
2025-01-31 15:09:14 [main] INFO  l.i.u.p.SubmittedApplicationsPage - Successfully selected the value: '01.11 - Grūdinių (išskyrus ryžius), ankštinių ir aliejingų sėklų augalų auginimas'
2025-01-31 15:09:25 [main] ERROR l.i.u.p.SubmittedApplicationsPage - Failed to close the dropdown with aria-expanded = 'false'. Attempting manual close.
2025-01-31 15:09:25 [main] INFO  l.i.u.p.SubmittedApplicationsPage - Manual close attempt for the dropdown using body click.
2025-01-31 15:09:25 [main] DEBUG l.i.u.t.SubmittedApplicationsPageTest - Entered Address into the input field.
2025-01-31 15:09:25 [main] DEBUG l.i.u.t.SubmittedApplicationsPageTest - Entered Address into the input field.
2025-01-31 15:09:26 [main] INFO  l.i.u.p.SubmittedApplicationsPage - Located the dropdown button.
2025-01-31 15:09:27 [main] INFO  l.i.u.p.SubmittedApplicationsPage - Successfully selected the value: 'Administratoriai'
2025-01-31 15:09:47 [main] ERROR l.i.u.p.SubmittedApplicationsPage - Timeout while waiting for dropdown to close with aria-expanded = 'false'.
2025-01-31 15:09:47 [main] DEBUG l.i.u.t.SubmittedApplicationsPageTest - Selected the value: 'Administratoriai'
2025-01-31 15:09:47 [main] INFO  l.i.u.p.SubmittedApplicationsPage - Clicking on the dropdown button.
2025-01-31 15:09:48 [main] INFO  l.i.u.p.SubmittedApplicationsPage - Found 34 options in the dropdown.
2025-01-31 15:09:48 [main] DEBUG l.i.u.p.SubmittedApplicationsPage - Checking option: 'Asmenys, kuriems suteiktas pabėgėlio statusas ar perkeliamojo asmens statusas, arba asmenys, kuriems suteikta papildoma ar laikinoji apsauga, ir asmenys, turintys teisę gauti laikinąją apsaugą, iki sprendimo dėl laikinosios apsaugos suteikimo (nesuteikimo) priėmimo, tačiau ne ilgiau kaip laikinosios apsaugos laikotarpiu'
2025-01-31 15:09:48 [main] DEBUG l.i.u.p.SubmittedApplicationsPage - Checking option: 'Asmenys, kuriems suteiktas pabėgėlio statusas ar perkeliamojo asmens statusas, arba asmenys, kuriems suteikta papildoma ar laikinoji apsauga, ir asmenys, turintys teisę gauti laikinąją apsaugą, iki sprendimo dėl laikinosios apsaugos suteikimo (nesuteikimo) priėmimo, tačiau ne ilgiau kaip laikinosios apsaugos laikotarpiu'
2025-01-31 15:09:48 [main] DEBUG l.i.u.p.SubmittedApplicationsPage - Checking option: 'Asmenys, turintys teisę į papildomas užimtumo garantijas pagal Lietuvos Respublikos valstybės įmonės Ignalinos atominės elektrinės darbuotojų papildomų užimtumo ir socialinių garantijų įstatymą'
2025-01-31 15:09:48 [main] DEBUG l.i.u.p.SubmittedApplicationsPage - Checking option: 'Asmenys, turintys teisę į papildomas užimtumo garantijas pagal Lietuvos Respublikos valstybės įmonės Ignalinos atominės elektrinės darbuotojų papildomų užimtumo ir socialinių garantijų įstatymą'
2025-01-31 15:09:48 [main] DEBUG l.i.u.p.SubmittedApplicationsPage - Checking option: 'Bedarbiai iki 29 metų'
2025-01-31 15:09:48 [main] DEBUG l.i.u.p.SubmittedApplicationsPage - Checking option: 'Bedarbiai iki 29 metų'
2025-01-31 15:09:48 [main] DEBUG l.i.u.p.SubmittedApplicationsPage - Checking option: 'Bedarbiai, kurie yra darbingo amžiaus neįgalieji, kuriems nustatytas 30–40 procentų darbingumo lygis arba vidutinis neįgalumo lygis'
2025-01-31 15:09:48 [main] DEBUG l.i.u.p.SubmittedApplicationsPage - Checking option: 'Bedarbiai, kurie yra darbingo amžiaus neįgalieji, kuriems nustatytas 30–40 procentų darbingumo lygis arba vidutinis neįgalumo lygis'
2025-01-31 15:09:48 [main] DEBUG l.i.u.p.SubmittedApplicationsPage - Checking option: 'Bedarbiai, kurie yra darbingo amžiaus neįgalieji, kuriems nustatytas 45–55 procentų darbingumo lygis arba lengvas neįgalumo lygis'
2025-01-31 15:09:48 [main] DEBUG l.i.u.p.SubmittedApplicationsPage - Checking option: 'Bedarbiai, kurie yra darbingo amžiaus neįgalieji, kuriems nustatytas 45–55 procentų darbingumo lygis arba lengvas neįgalumo lygis'
2025-01-31 15:09:48 [main] DEBUG l.i.u.p.SubmittedApplicationsPage - Checking option: 'Bedarbiai, kurie yra darbingo amžiaus neįgalieji, kuriems nustatytas iki 25 procentų darbingumo lygis arba sunkus neįgalumo lygis'
2025-01-31 15:09:48 [main] INFO  l.i.u.p.SubmittedApplicationsPage - Successfully selected the value: 'Bedarbiai, kurie yra darbingo amžiaus neįgalieji, kuriems nustatytas iki 25 procentų darbingumo lygis arba sunkus neįgalumo lygis'
2025-01-31 15:09:48 [main] INFO  l.i.u.p.SubmittedApplicationsPage - Attempting to close the dropdown.
2025-01-31 15:09:48 [main] INFO  l.i.u.p.SubmittedApplicationsPage - Dropdown overlay is no longer visible.
2025-01-31 15:09:48 [main] INFO  l.i.u.p.SubmittedApplicationsPage - Located the dropdown button.
2025-01-31 15:09:49 [main] ERROR l.i.u.t.SubmittedApplicationsPageTest - Test 'testFillNewApplication' failed with error: element click intercepted: Element <mat-label>...</mat-label> is not clickable at point (489, 629). Other element would receive the click: <mat-option role="option" class="mat-mdc-option mdc-list-item mat-mdc-option-multiple ng-tns-c1073613477-79 ng-star-inserted" id="mat-option-1005" aria-selected="false" aria-disabled="false" style="">...</mat-option>
  (Session info: chrome=132.0.6834.160)
Build info: version: '4.27.0', revision: 'd6e718d134'
System info: os.name: 'Windows 11', os.arch: 'amd64', os.version: '10.0', java.version: '21.0.3'
Driver info: org.openqa.selenium.chrome.ChromeDriver
Command: [2d60e41d59d67e26b8724ef41a80dfff, clickElement {id=f.211A295111F8CEE05975308E3D7913A4.d.6A8A3B35AD729360B1385237FD17CA63.e.2158}]
Capabilities {acceptInsecureCerts: false, browserName: chrome, browserVersion: 132.0.6834.160, chrome: {chromedriverVersion: 132.0.6834.159 (2d77d3fc445..., userDataDir: C:\Users\INGRID~1.ZAD\AppDa...}, fedcm:accounts: true, goog:chromeOptions: {debuggerAddress: localhost:52881}, networkConnectionEnabled: false, pageLoadStrategy: normal, platformName: windows, proxy: Proxy(), se:cdp: ws://localhost:52881/devtoo..., se:cdpVersion: 132.0.6834.160, setWindowRect: true, strictFileInteractability: false, timeouts: {implicit: 0, pageLoad: 300000, script: 30000}, unhandledPromptBehavior: dismiss and notify, webauthn:extension:credBlob: true, webauthn:extension:largeBlob: true, webauthn:extension:minPinLength: true, webauthn:extension:prf: true, webauthn:virtualAuthenticators: true}
Element: [[ChromeDriver: chrome on windows (2d60e41d59d67e26b8724ef41a80dfff)] -> xpath: //mat-label[contains(text(), 'Darbo laiko norma ir darbo laiko režimas')]]
Session ID: 2d60e41d59d67e26b8724ef41a80dfff
org.openqa.selenium.ElementClickInterceptedException: element click intercepted: Element <mat-label>...</mat-label> is not clickable at point (489, 629). Other element would receive the click: <mat-option role="option" class="mat-mdc-option mdc-list-item mat-mdc-option-multiple ng-tns-c1073613477-79 ng-star-inserted" id="mat-option-1005" aria-selected="false" aria-disabled="false" style="">...</mat-option>
  (Session info: chrome=132.0.6834.160)
Build info: version: '4.27.0', revision: 'd6e718d134'
System info: os.name: 'Windows 11', os.arch: 'amd64', os.version: '10.0', java.version: '21.0.3'
Driver info: org.openqa.selenium.chrome.ChromeDriver
Command: [2d60e41d59d67e26b8724ef41a80dfff, clickElement {id=f.211A295111F8CEE05975308E3D7913A4.d.6A8A3B35AD729360B1385237FD17CA63.e.2158}]
Capabilities {acceptInsecureCerts: false, browserName: chrome, browserVersion: 132.0.6834.160, chrome: {chromedriverVersion: 132.0.6834.159 (2d77d3fc445..., userDataDir: C:\Users\INGRID~1.ZAD\AppDa...}, fedcm:accounts: true, goog:chromeOptions: {debuggerAddress: localhost:52881}, networkConnectionEnabled: false, pageLoadStrategy: normal, platformName: windows, proxy: Proxy(), se:cdp: ws://localhost:52881/devtoo..., se:cdpVersion: 132.0.6834.160, setWindowRect: true, strictFileInteractability: false, timeouts: {implicit: 0, pageLoad: 300000, script: 30000}, unhandledPromptBehavior: dismiss and notify, webauthn:extension:credBlob: true, webauthn:extension:largeBlob: true, webauthn:extension:minPinLength: true, webauthn:extension:prf: true, webauthn:virtualAuthenticators: true}
Element: [[ChromeDriver: chrome on windows (2d60e41d59d67e26b8724ef41a80dfff)] -> xpath: //mat-label[contains(text(), 'Darbo laiko norma ir darbo laiko režimas')]]
Session ID: 2d60e41d59d67e26b8724ef41a80dfff
	at java.base/jdk.internal.reflect.DirectConstructorHandleAccessor.newInstance(DirectConstructorHandleAccessor.java:62)
	at java.base/java.lang.reflect.Constructor.newInstanceWithCaller(Constructor.java:502)
	at java.base/java.lang.reflect.Constructor.newInstance(Constructor.java:486)
	at org.openqa.selenium.remote.ErrorCodec.decode(ErrorCodec.java:167)
	at org.openqa.selenium.remote.codec.w3c.W3CHttpResponseCodec.decode(W3CHttpResponseCodec.java:138)
	at org.openqa.selenium.remote.codec.w3c.W3CHttpResponseCodec.decode(W3CHttpResponseCodec.java:50)
	at org.openqa.selenium.remote.HttpCommandExecutor.execute(HttpCommandExecutor.java:190)
	at org.openqa.selenium.remote.service.DriverCommandExecutor.invokeExecute(DriverCommandExecutor.java:216)
	at org.openqa.selenium.remote.service.DriverCommandExecutor.execute(DriverCommandExecutor.java:174)
	at org.openqa.selenium.remote.RemoteWebDriver.execute(RemoteWebDriver.java:545)
	at org.openqa.selenium.remote.RemoteWebElement.execute(RemoteWebElement.java:223)
	at org.openqa.selenium.remote.RemoteWebElement.click(RemoteWebElement.java:76)
	at java.base/jdk.internal.reflect.DirectMethodHandleAccessor.invoke(DirectMethodHandleAccessor.java:103)
	at java.base/java.lang.reflect.Method.invoke(Method.java:580)
	at org.openqa.selenium.support.pagefactory.internal.LocatingElementHandler.invoke(LocatingElementHandler.java:51)
	at jdk.proxy2/jdk.proxy2.$Proxy14.click(Unknown Source)
	at lt.insoft.uztis.pages.SubmittedApplicationsPage.selectDropdownTimeMode(SubmittedApplicationsPage.java:467)
	at lt.insoft.uztis.tests.SubmittedApplicationsPageTest.testFillNewApplication(SubmittedApplicationsPageTest.java:187)
	at java.base/jdk.internal.reflect.DirectMethodHandleAccessor.invoke(DirectMethodHandleAccessor.java:103)
	at java.base/java.lang.reflect.Method.invoke(Method.java:580)
	at org.junit.platform.commons.util.ReflectionUtils.invokeMethod(ReflectionUtils.java:728)
	at org.junit.jupiter.engine.execution.MethodInvocation.proceed(MethodInvocation.java:60)
	at org.junit.jupiter.engine.execution.InvocationInterceptorChain$ValidatingInvocation.proceed(InvocationInterceptorChain.java:131)
	at org.junit.jupiter.engine.extension.TimeoutExtension.intercept(TimeoutExtension.java:156)
	at org.junit.jupiter.engine.extension.TimeoutExtension.interceptTestableMethod(TimeoutExtension.java:147)
	at org.junit.jupiter.engine.extension.TimeoutExtension.interceptTestMethod(TimeoutExtension.java:86)
	at org.junit.jupiter.engine.execution.InterceptingExecutableInvoker$ReflectiveInterceptorCall.lambda$ofVoidMethod$0(InterceptingExecutableInvoker.java:103)
	at org.junit.jupiter.engine.execution.InterceptingExecutableInvoker.lambda$invoke$0(InterceptingExecutableInvoker.java:93)
	at org.junit.jupiter.engine.execution.InvocationInterceptorChain$InterceptedInvocation.proceed(InvocationInterceptorChain.java:106)
	at org.junit.jupiter.engine.execution.InvocationInterceptorChain.proceed(InvocationInterceptorChain.java:64)
	at org.junit.jupiter.engine.execution.InvocationInterceptorChain.chainAndInvoke(InvocationInterceptorChain.java:45)
	at org.junit.jupiter.engine.execution.InvocationInterceptorChain.invoke(InvocationInterceptorChain.java:37)
	at org.junit.jupiter.engine.execution.InterceptingExecutableInvoker.invoke(InterceptingExecutableInvoker.java:92)
	at org.junit.jupiter.engine.execution.InterceptingExecutableInvoker.invoke(InterceptingExecutableInvoker.java:86)
	at org.junit.jupiter.engine.descriptor.TestMethodTestDescriptor.lambda$invokeTestMethod$7(TestMethodTestDescriptor.java:218)
	at org.junit.platform.engine.support.hierarchical.ThrowableCollector.execute(ThrowableCollector.java:73)
	at org.junit.jupiter.engine.descriptor.TestMethodTestDescriptor.invokeTestMethod(TestMethodTestDescriptor.java:214)
	at org.junit.jupiter.engine.descriptor.TestMethodTestDescriptor.execute(TestMethodTestDescriptor.java:139)
	at org.junit.jupiter.engine.descriptor.TestMethodTestDescriptor.execute(TestMethodTestDescriptor.java:69)
	at org.junit.platform.engine.support.hierarchical.NodeTestTask.lambda$executeRecursively$6(NodeTestTask.java:151)
	at org.junit.platform.engine.support.hierarchical.ThrowableCollector.execute(ThrowableCollector.java:73)
	at org.junit.platform.engine.support.hierarchical.NodeTestTask.lambda$executeRecursively$8(NodeTestTask.java:141)
	at org.junit.platform.engine.support.hierarchical.Node.around(Node.java:137)
	at org.junit.platform.engine.support.hierarchical.NodeTestTask.lambda$executeRecursively$9(NodeTestTask.java:139)
	at org.junit.platform.engine.support.hierarchical.ThrowableCollector.execute(ThrowableCollector.java:73)
	at org.junit.platform.engine.support.hierarchical.NodeTestTask.executeRecursively(NodeTestTask.java:138)
	at org.junit.platform.engine.support.hierarchical.NodeTestTask.execute(NodeTestTask.java:95)
	at java.base/java.util.ArrayList.forEach(ArrayList.java:1596)
	at org.junit.platform.engine.support.hierarchical.SameThreadHierarchicalTestExecutorService.invokeAll(SameThreadHierarchicalTestExecutorService.java:41)
	at org.junit.platform.engine.support.hierarchical.NodeTestTask.lambda$executeRecursively$6(NodeTestTask.java:155)
	at org.junit.platform.engine.support.hierarchical.ThrowableCollector.execute(ThrowableCollector.java:73)
	at org.junit.platform.engine.support.hierarchical.NodeTestTask.lambda$executeRecursively$8(NodeTestTask.java:141)
	at org.junit.platform.engine.support.hierarchical.Node.around(Node.java:137)
	at org.junit.platform.engine.support.hierarchical.NodeTestTask.lambda$executeRecursively$9(NodeTestTask.java:139)
	at org.junit.platform.engine.support.hierarchical.ThrowableCollector.execute(ThrowableCollector.java:73)
	at org.junit.platform.engine.support.hierarchical.NodeTestTask.executeRecursively(NodeTestTask.java:138)
	at org.junit.platform.engine.support.hierarchical.NodeTestTask.execute(NodeTestTask.java:95)
	at java.base/java.util.ArrayList.forEach(ArrayList.java:1596)
	at org.junit.platform.engine.support.hierarchical.SameThreadHierarchicalTestExecutorService.invokeAll(SameThreadHierarchicalTestExecutorService.java:41)
	at org.junit.platform.engine.support.hierarchical.NodeTestTask.lambda$executeRecursively$6(NodeTestTask.java:155)
	at org.junit.platform.engine.support.hierarchical.ThrowableCollector.execute(ThrowableCollector.java:73)
	at org.junit.platform.engine.support.hierarchical.NodeTestTask.lambda$executeRecursively$8(NodeTestTask.java:141)
	at org.junit.platform.engine.support.hierarchical.Node.around(Node.java:137)
	at org.junit.platform.engine.support.hierarchical.NodeTestTask.lambda$executeRecursively$9(NodeTestTask.java:139)
	at org.junit.platform.engine.support.hierarchical.ThrowableCollector.execute(ThrowableCollector.java:73)
	at org.junit.platform.engine.support.hierarchical.NodeTestTask.executeRecursively(NodeTestTask.java:138)
	at org.junit.platform.engine.support.hierarchical.NodeTestTask.execute(NodeTestTask.java:95)
	at org.junit.platform.engine.support.hierarchical.SameThreadHierarchicalTestExecutorService.submit(SameThreadHierarchicalTestExecutorService.java:35)
	at org.junit.platform.engine.support.hierarchical.HierarchicalTestExecutor.execute(HierarchicalTestExecutor.java:57)
	at org.junit.platform.engine.support.hierarchical.HierarchicalTestEngine.execute(HierarchicalTestEngine.java:54)
	at org.junit.platform.launcher.core.EngineExecutionOrchestrator.execute(EngineExecutionOrchestrator.java:198)
	at org.junit.platform.launcher.core.EngineExecutionOrchestrator.execute(EngineExecutionOrchestrator.java:169)
	at org.junit.platform.launcher.core.EngineExecutionOrchestrator.execute(EngineExecutionOrchestrator.java:93)
	at org.junit.platform.launcher.core.EngineExecutionOrchestrator.lambda$execute$0(EngineExecutionOrchestrator.java:58)
	at org.junit.platform.launcher.core.EngineExecutionOrchestrator.withInterceptedStreams(EngineExecutionOrchestrator.java:141)
	at org.junit.platform.launcher.core.EngineExecutionOrchestrator.execute(EngineExecutionOrchestrator.java:57)
	at org.junit.platform.launcher.core.DefaultLauncher.execute(DefaultLauncher.java:103)
	at org.junit.platform.launcher.core.DefaultLauncher.execute(DefaultLauncher.java:85)
	at org.junit.platform.launcher.core.DelegatingLauncher.execute(DelegatingLauncher.java:47)
	at org.junit.platform.launcher.core.SessionPerRequestLauncher.execute(SessionPerRequestLauncher.java:63)
	at com.intellij.junit5.JUnit5IdeaTestRunner.startRunnerWithArgs(JUnit5IdeaTestRunner.java:57)
	at com.intellij.rt.junit.IdeaTestRunner$Repeater$1.execute(IdeaTestRunner.java:38)
	at com.intellij.rt.execution.junit.TestsRepeater.repeat(TestsRepeater.java:11)
	at com.intellij.rt.junit.IdeaTestRunner$Repeater.startRunnerWithArgs(IdeaTestRunner.java:35)
	at com.intellij.rt.junit.JUnitStarter.prepareStreamsAndStart(JUnitStarter.java:232)
	at com.intellij.rt.junit.JUnitStarter.main(JUnitStarter.java:55)
2025-01-31 15:09:49 [main] INFO  l.insoft.uztis.tests.utils.TestUtils - Screenshot moved to C:\Users\ingrida.zadorozniene\Desktop\Asm\UZTIS\UZTIS_tests\test-output\screenshots\20250131\150949603_testFillNewApplication().png
2025-01-31 15:12:53 [main] INFO  lt.insoft.uztis.tests.UztisPageTest - Navigated to https://uztisdev.asseco.lt/home
2025-01-31 15:12:53 [main] INFO  l.i.u.t.SubmittedApplicationsPageTest - Starting test:'testFillNewApplication'
2025-01-31 15:12:54 [main] DEBUG l.i.u.t.SubmittedApplicationsPageTest - User logged in with test credentials
2025-01-31 15:12:54 [main] DEBUG l.i.u.t.SubmittedApplicationsPageTest - Opened 'Application Processing' menu.
2025-01-31 15:12:54 [main] DEBUG l.i.u.t.SubmittedApplicationsPageTest - Clicked on 'Application Forms' menu.
2025-01-31 15:12:54 [main] DEBUG l.i.u.t.SubmittedApplicationsPageTest - Retrieved last description code text: 'TST-VUI-27'.
2025-01-31 15:12:55 [main] DEBUG l.i.u.t.SubmittedApplicationsPageTest - Clicked on 'Invitation' menu.
2025-01-31 15:12:55 [main] DEBUG l.i.u.t.SubmittedApplicationsPageTest - Selected application section by code: 'TST-VUI-27'.
2025-01-31 15:12:55 [main] DEBUG l.i.u.t.SubmittedApplicationsPageTest - Clicked 'Search' button.
2025-01-31 15:12:55 [main] DEBUG l.i.u.t.SubmittedApplicationsPageTest - Retrieved invitation code: ''.
2025-01-31 15:12:56 [main] DEBUG l.i.u.t.SubmittedApplicationsPageTest - Clicked on 'Submitted Applications' menu.
2025-01-31 15:12:56 [main] DEBUG l.i.u.t.SubmittedApplicationsPageTest - Selected invitation by code: 'TST-VUI-27'.
2025-01-31 15:12:57 [main] DEBUG l.i.u.t.SubmittedApplicationsPageTest - Clicked on 'Action Application' button.
2025-01-31 15:12:57 [main] DEBUG l.i.u.t.SubmittedApplicationsPageTest - Clicked on 'New Application' button.
2025-01-31 15:12:57 [main] DEBUG l.i.u.t.SubmittedApplicationsPageTest - Clicked on 'RadioButtonFA' button.
2025-01-31 15:12:57 [main] DEBUG l.i.u.t.SubmittedApplicationsPageTest - Entered phone number into the input field.
2025-01-31 15:12:58 [main] DEBUG l.i.u.t.SubmittedApplicationsPageTest - Entered eMail into the input field.
2025-01-31 15:12:58 [main] INFO  l.i.u.p.SubmittedApplicationsPage - Located the dropdown button.
2025-01-31 15:13:15 [main] INFO  l.i.u.p.SubmittedApplicationsPage - Found 1741 options in the dropdown.
2025-01-31 15:13:15 [main] INFO  l.i.u.p.SubmittedApplicationsPage - Successfully selected the value: '01.11 - Grūdinių (išskyrus ryžius), ankštinių ir aliejingų sėklų augalų auginimas'
2025-01-31 15:13:26 [main] ERROR l.i.u.p.SubmittedApplicationsPage - Failed to close the dropdown with aria-expanded = 'false'. Attempting manual close.
2025-01-31 15:13:26 [main] INFO  l.i.u.p.SubmittedApplicationsPage - Manual close attempt for the dropdown using body click.
2025-01-31 15:13:26 [main] DEBUG l.i.u.t.SubmittedApplicationsPageTest - Entered Address into the input field.
2025-01-31 15:13:26 [main] DEBUG l.i.u.t.SubmittedApplicationsPageTest - Entered Address into the input field.
2025-01-31 15:13:27 [main] INFO  l.i.u.p.SubmittedApplicationsPage - Located the dropdown button.
2025-01-31 15:13:28 [main] INFO  l.i.u.p.SubmittedApplicationsPage - Successfully selected the value: 'Administratoriai'
2025-01-31 15:13:48 [main] ERROR l.i.u.p.SubmittedApplicationsPage - Timeout while waiting for dropdown to close with aria-expanded = 'false'.
2025-01-31 15:13:48 [main] DEBUG l.i.u.t.SubmittedApplicationsPageTest - Selected the value: 'Administratoriai'
2025-01-31 15:13:49 [main] INFO  l.i.u.p.SubmittedApplicationsPage - Clicking on the dropdown button.
2025-01-31 15:13:49 [main] INFO  l.i.u.p.SubmittedApplicationsPage - Found 34 options in the dropdown.
2025-01-31 15:13:49 [main] DEBUG l.i.u.p.SubmittedApplicationsPage - Checking option: 'Asmenys, kuriems suteiktas pabėgėlio statusas ar perkeliamojo asmens statusas, arba asmenys, kuriems suteikta papildoma ar laikinoji apsauga, ir asmenys, turintys teisę gauti laikinąją apsaugą, iki sprendimo dėl laikinosios apsaugos suteikimo (nesuteikimo) priėmimo, tačiau ne ilgiau kaip laikinosios apsaugos laikotarpiu'
2025-01-31 15:13:49 [main] DEBUG l.i.u.p.SubmittedApplicationsPage - Checking option: 'Asmenys, kuriems suteiktas pabėgėlio statusas ar perkeliamojo asmens statusas, arba asmenys, kuriems suteikta papildoma ar laikinoji apsauga, ir asmenys, turintys teisę gauti laikinąją apsaugą, iki sprendimo dėl laikinosios apsaugos suteikimo (nesuteikimo) priėmimo, tačiau ne ilgiau kaip laikinosios apsaugos laikotarpiu'
2025-01-31 15:13:49 [main] DEBUG l.i.u.p.SubmittedApplicationsPage - Checking option: 'Asmenys, turintys teisę į papildomas užimtumo garantijas pagal Lietuvos Respublikos valstybės įmonės Ignalinos atominės elektrinės darbuotojų papildomų užimtumo ir socialinių garantijų įstatymą'
2025-01-31 15:13:49 [main] DEBUG l.i.u.p.SubmittedApplicationsPage - Checking option: 'Asmenys, turintys teisę į papildomas užimtumo garantijas pagal Lietuvos Respublikos valstybės įmonės Ignalinos atominės elektrinės darbuotojų papildomų užimtumo ir socialinių garantijų įstatymą'
2025-01-31 15:13:49 [main] DEBUG l.i.u.p.SubmittedApplicationsPage - Checking option: 'Bedarbiai iki 29 metų'
2025-01-31 15:13:49 [main] DEBUG l.i.u.p.SubmittedApplicationsPage - Checking option: 'Bedarbiai iki 29 metų'
2025-01-31 15:13:49 [main] DEBUG l.i.u.p.SubmittedApplicationsPage - Checking option: 'Bedarbiai, kurie yra darbingo amžiaus neįgalieji, kuriems nustatytas 30–40 procentų darbingumo lygis arba vidutinis neįgalumo lygis'
2025-01-31 15:13:49 [main] DEBUG l.i.u.p.SubmittedApplicationsPage - Checking option: 'Bedarbiai, kurie yra darbingo amžiaus neįgalieji, kuriems nustatytas 30–40 procentų darbingumo lygis arba vidutinis neįgalumo lygis'
2025-01-31 15:13:49 [main] DEBUG l.i.u.p.SubmittedApplicationsPage - Checking option: 'Bedarbiai, kurie yra darbingo amžiaus neįgalieji, kuriems nustatytas 45–55 procentų darbingumo lygis arba lengvas neįgalumo lygis'
2025-01-31 15:13:49 [main] DEBUG l.i.u.p.SubmittedApplicationsPage - Checking option: 'Bedarbiai, kurie yra darbingo amžiaus neįgalieji, kuriems nustatytas 45–55 procentų darbingumo lygis arba lengvas neįgalumo lygis'
2025-01-31 15:13:49 [main] DEBUG l.i.u.p.SubmittedApplicationsPage - Checking option: 'Bedarbiai, kurie yra darbingo amžiaus neįgalieji, kuriems nustatytas iki 25 procentų darbingumo lygis arba sunkus neįgalumo lygis'
2025-01-31 15:13:49 [main] INFO  l.i.u.p.SubmittedApplicationsPage - Successfully selected the value: 'Bedarbiai, kurie yra darbingo amžiaus neįgalieji, kuriems nustatytas iki 25 procentų darbingumo lygis arba sunkus neįgalumo lygis'
2025-01-31 15:13:49 [main] INFO  l.i.u.p.SubmittedApplicationsPage - Attempting to close the dropdown.
2025-01-31 15:13:49 [main] INFO  l.i.u.p.SubmittedApplicationsPage - Dropdown overlay is no longer visible.
2025-01-31 15:13:49 [main] INFO  l.i.u.p.SubmittedApplicationsPage - Located the dropdown button.
2025-01-31 15:13:50 [main] ERROR l.i.u.t.SubmittedApplicationsPageTest - Test 'testFillNewApplication' failed with error: element click intercepted: Element <mat-label>...</mat-label> is not clickable at point (489, 629). Other element would receive the click: <mat-option role="option" class="mat-mdc-option mdc-list-item mat-mdc-option-multiple ng-tns-c1073613477-79 ng-star-inserted" id="mat-option-1005" aria-selected="false" aria-disabled="false" style="">...</mat-option>
  (Session info: chrome=132.0.6834.160)
Build info: version: '4.27.0', revision: 'd6e718d134'
System info: os.name: 'Windows 11', os.arch: 'amd64', os.version: '10.0', java.version: '21.0.3'
Driver info: org.openqa.selenium.chrome.ChromeDriver
Command: [7dde7ebec04a674a1a177371f058257a, clickElement {id=f.30AC9C39E33BBDF46154715E60D6EC19.d.7595A550DC5B6BAF62EC9E0A8E507024.e.2160}]
Capabilities {acceptInsecureCerts: false, browserName: chrome, browserVersion: 132.0.6834.160, chrome: {chromedriverVersion: 132.0.6834.159 (2d77d3fc445..., userDataDir: C:\Users\INGRID~1.ZAD\AppDa...}, fedcm:accounts: true, goog:chromeOptions: {debuggerAddress: localhost:53025}, networkConnectionEnabled: false, pageLoadStrategy: normal, platformName: windows, proxy: Proxy(), se:cdp: ws://localhost:53025/devtoo..., se:cdpVersion: 132.0.6834.160, setWindowRect: true, strictFileInteractability: false, timeouts: {implicit: 0, pageLoad: 300000, script: 30000}, unhandledPromptBehavior: dismiss and notify, webauthn:extension:credBlob: true, webauthn:extension:largeBlob: true, webauthn:extension:minPinLength: true, webauthn:extension:prf: true, webauthn:virtualAuthenticators: true}
Element: [[ChromeDriver: chrome on windows (7dde7ebec04a674a1a177371f058257a)] -> xpath: //mat-label[contains(text(), 'Darbo laiko norma ir darbo laiko režimas')]]
Session ID: 7dde7ebec04a674a1a177371f058257a
org.openqa.selenium.ElementClickInterceptedException: element click intercepted: Element <mat-label>...</mat-label> is not clickable at point (489, 629). Other element would receive the click: <mat-option role="option" class="mat-mdc-option mdc-list-item mat-mdc-option-multiple ng-tns-c1073613477-79 ng-star-inserted" id="mat-option-1005" aria-selected="false" aria-disabled="false" style="">...</mat-option>
  (Session info: chrome=132.0.6834.160)
Build info: version: '4.27.0', revision: 'd6e718d134'
System info: os.name: 'Windows 11', os.arch: 'amd64', os.version: '10.0', java.version: '21.0.3'
Driver info: org.openqa.selenium.chrome.ChromeDriver
Command: [7dde7ebec04a674a1a177371f058257a, clickElement {id=f.30AC9C39E33BBDF46154715E60D6EC19.d.7595A550DC5B6BAF62EC9E0A8E507024.e.2160}]
Capabilities {acceptInsecureCerts: false, browserName: chrome, browserVersion: 132.0.6834.160, chrome: {chromedriverVersion: 132.0.6834.159 (2d77d3fc445..., userDataDir: C:\Users\INGRID~1.ZAD\AppDa...}, fedcm:accounts: true, goog:chromeOptions: {debuggerAddress: localhost:53025}, networkConnectionEnabled: false, pageLoadStrategy: normal, platformName: windows, proxy: Proxy(), se:cdp: ws://localhost:53025/devtoo..., se:cdpVersion: 132.0.6834.160, setWindowRect: true, strictFileInteractability: false, timeouts: {implicit: 0, pageLoad: 300000, script: 30000}, unhandledPromptBehavior: dismiss and notify, webauthn:extension:credBlob: true, webauthn:extension:largeBlob: true, webauthn:extension:minPinLength: true, webauthn:extension:prf: true, webauthn:virtualAuthenticators: true}
Element: [[ChromeDriver: chrome on windows (7dde7ebec04a674a1a177371f058257a)] -> xpath: //mat-label[contains(text(), 'Darbo laiko norma ir darbo laiko režimas')]]
Session ID: 7dde7ebec04a674a1a177371f058257a
	at java.base/jdk.internal.reflect.DirectConstructorHandleAccessor.newInstance(DirectConstructorHandleAccessor.java:62)
	at java.base/java.lang.reflect.Constructor.newInstanceWithCaller(Constructor.java:502)
	at java.base/java.lang.reflect.Constructor.newInstance(Constructor.java:486)
	at org.openqa.selenium.remote.ErrorCodec.decode(ErrorCodec.java:167)
	at org.openqa.selenium.remote.codec.w3c.W3CHttpResponseCodec.decode(W3CHttpResponseCodec.java:138)
	at org.openqa.selenium.remote.codec.w3c.W3CHttpResponseCodec.decode(W3CHttpResponseCodec.java:50)
	at org.openqa.selenium.remote.HttpCommandExecutor.execute(HttpCommandExecutor.java:190)
	at org.openqa.selenium.remote.service.DriverCommandExecutor.invokeExecute(DriverCommandExecutor.java:216)
	at org.openqa.selenium.remote.service.DriverCommandExecutor.execute(DriverCommandExecutor.java:174)
	at org.openqa.selenium.remote.RemoteWebDriver.execute(RemoteWebDriver.java:545)
	at org.openqa.selenium.remote.RemoteWebElement.execute(RemoteWebElement.java:223)
	at org.openqa.selenium.remote.RemoteWebElement.click(RemoteWebElement.java:76)
	at java.base/jdk.internal.reflect.DirectMethodHandleAccessor.invoke(DirectMethodHandleAccessor.java:103)
	at java.base/java.lang.reflect.Method.invoke(Method.java:580)
	at org.openqa.selenium.support.pagefactory.internal.LocatingElementHandler.invoke(LocatingElementHandler.java:51)
	at jdk.proxy2/jdk.proxy2.$Proxy14.click(Unknown Source)
	at lt.insoft.uztis.pages.SubmittedApplicationsPage.selectDropdownTimeMode(SubmittedApplicationsPage.java:450)
	at lt.insoft.uztis.tests.SubmittedApplicationsPageTest.testFillNewApplication(SubmittedApplicationsPageTest.java:187)
	at java.base/jdk.internal.reflect.DirectMethodHandleAccessor.invoke(DirectMethodHandleAccessor.java:103)
	at java.base/java.lang.reflect.Method.invoke(Method.java:580)
	at org.junit.platform.commons.util.ReflectionUtils.invokeMethod(ReflectionUtils.java:728)
	at org.junit.jupiter.engine.execution.MethodInvocation.proceed(MethodInvocation.java:60)
	at org.junit.jupiter.engine.execution.InvocationInterceptorChain$ValidatingInvocation.proceed(InvocationInterceptorChain.java:131)
	at org.junit.jupiter.engine.extension.TimeoutExtension.intercept(TimeoutExtension.java:156)
	at org.junit.jupiter.engine.extension.TimeoutExtension.interceptTestableMethod(TimeoutExtension.java:147)
	at org.junit.jupiter.engine.extension.TimeoutExtension.interceptTestMethod(TimeoutExtension.java:86)
	at org.junit.jupiter.engine.execution.InterceptingExecutableInvoker$ReflectiveInterceptorCall.lambda$ofVoidMethod$0(InterceptingExecutableInvoker.java:103)
	at org.junit.jupiter.engine.execution.InterceptingExecutableInvoker.lambda$invoke$0(InterceptingExecutableInvoker.java:93)
	at org.junit.jupiter.engine.execution.InvocationInterceptorChain$InterceptedInvocation.proceed(InvocationInterceptorChain.java:106)
	at org.junit.jupiter.engine.execution.InvocationInterceptorChain.proceed(InvocationInterceptorChain.java:64)
	at org.junit.jupiter.engine.execution.InvocationInterceptorChain.chainAndInvoke(InvocationInterceptorChain.java:45)
	at org.junit.jupiter.engine.execution.InvocationInterceptorChain.invoke(InvocationInterceptorChain.java:37)
	at org.junit.jupiter.engine.execution.InterceptingExecutableInvoker.invoke(InterceptingExecutableInvoker.java:92)
	at org.junit.jupiter.engine.execution.InterceptingExecutableInvoker.invoke(InterceptingExecutableInvoker.java:86)
	at org.junit.jupiter.engine.descriptor.TestMethodTestDescriptor.lambda$invokeTestMethod$7(TestMethodTestDescriptor.java:218)
	at org.junit.platform.engine.support.hierarchical.ThrowableCollector.execute(ThrowableCollector.java:73)
	at org.junit.jupiter.engine.descriptor.TestMethodTestDescriptor.invokeTestMethod(TestMethodTestDescriptor.java:214)
	at org.junit.jupiter.engine.descriptor.TestMethodTestDescriptor.execute(TestMethodTestDescriptor.java:139)
	at org.junit.jupiter.engine.descriptor.TestMethodTestDescriptor.execute(TestMethodTestDescriptor.java:69)
	at org.junit.platform.engine.support.hierarchical.NodeTestTask.lambda$executeRecursively$6(NodeTestTask.java:151)
	at org.junit.platform.engine.support.hierarchical.ThrowableCollector.execute(ThrowableCollector.java:73)
	at org.junit.platform.engine.support.hierarchical.NodeTestTask.lambda$executeRecursively$8(NodeTestTask.java:141)
	at org.junit.platform.engine.support.hierarchical.Node.around(Node.java:137)
	at org.junit.platform.engine.support.hierarchical.NodeTestTask.lambda$executeRecursively$9(NodeTestTask.java:139)
	at org.junit.platform.engine.support.hierarchical.ThrowableCollector.execute(ThrowableCollector.java:73)
	at org.junit.platform.engine.support.hierarchical.NodeTestTask.executeRecursively(NodeTestTask.java:138)
	at org.junit.platform.engine.support.hierarchical.NodeTestTask.execute(NodeTestTask.java:95)
	at java.base/java.util.ArrayList.forEach(ArrayList.java:1596)
	at org.junit.platform.engine.support.hierarchical.SameThreadHierarchicalTestExecutorService.invokeAll(SameThreadHierarchicalTestExecutorService.java:41)
	at org.junit.platform.engine.support.hierarchical.NodeTestTask.lambda$executeRecursively$6(NodeTestTask.java:155)
	at org.junit.platform.engine.support.hierarchical.ThrowableCollector.execute(ThrowableCollector.java:73)
	at org.junit.platform.engine.support.hierarchical.NodeTestTask.lambda$executeRecursively$8(NodeTestTask.java:141)
	at org.junit.platform.engine.support.hierarchical.Node.around(Node.java:137)
	at org.junit.platform.engine.support.hierarchical.NodeTestTask.lambda$executeRecursively$9(NodeTestTask.java:139)
	at org.junit.platform.engine.support.hierarchical.ThrowableCollector.execute(ThrowableCollector.java:73)
	at org.junit.platform.engine.support.hierarchical.NodeTestTask.executeRecursively(NodeTestTask.java:138)
	at org.junit.platform.engine.support.hierarchical.NodeTestTask.execute(NodeTestTask.java:95)
	at java.base/java.util.ArrayList.forEach(ArrayList.java:1596)
	at org.junit.platform.engine.support.hierarchical.SameThreadHierarchicalTestExecutorService.invokeAll(SameThreadHierarchicalTestExecutorService.java:41)
	at org.junit.platform.engine.support.hierarchical.NodeTestTask.lambda$executeRecursively$6(NodeTestTask.java:155)
	at org.junit.platform.engine.support.hierarchical.ThrowableCollector.execute(ThrowableCollector.java:73)
	at org.junit.platform.engine.support.hierarchical.NodeTestTask.lambda$executeRecursively$8(NodeTestTask.java:141)
	at org.junit.platform.engine.support.hierarchical.Node.around(Node.java:137)
	at org.junit.platform.engine.support.hierarchical.NodeTestTask.lambda$executeRecursively$9(NodeTestTask.java:139)
	at org.junit.platform.engine.support.hierarchical.ThrowableCollector.execute(ThrowableCollector.java:73)
	at org.junit.platform.engine.support.hierarchical.NodeTestTask.executeRecursively(NodeTestTask.java:138)
	at org.junit.platform.engine.support.hierarchical.NodeTestTask.execute(NodeTestTask.java:95)
	at org.junit.platform.engine.support.hierarchical.SameThreadHierarchicalTestExecutorService.submit(SameThreadHierarchicalTestExecutorService.java:35)
	at org.junit.platform.engine.support.hierarchical.HierarchicalTestExecutor.execute(HierarchicalTestExecutor.java:57)
	at org.junit.platform.engine.support.hierarchical.HierarchicalTestEngine.execute(HierarchicalTestEngine.java:54)
	at org.junit.platform.launcher.core.EngineExecutionOrchestrator.execute(EngineExecutionOrchestrator.java:198)
	at org.junit.platform.launcher.core.EngineExecutionOrchestrator.execute(EngineExecutionOrchestrator.java:169)
	at org.junit.platform.launcher.core.EngineExecutionOrchestrator.execute(EngineExecutionOrchestrator.java:93)
	at org.junit.platform.launcher.core.EngineExecutionOrchestrator.lambda$execute$0(EngineExecutionOrchestrator.java:58)
	at org.junit.platform.launcher.core.EngineExecutionOrchestrator.withInterceptedStreams(EngineExecutionOrchestrator.java:141)
	at org.junit.platform.launcher.core.EngineExecutionOrchestrator.execute(EngineExecutionOrchestrator.java:57)
	at org.junit.platform.launcher.core.DefaultLauncher.execute(DefaultLauncher.java:103)
	at org.junit.platform.launcher.core.DefaultLauncher.execute(DefaultLauncher.java:85)
	at org.junit.platform.launcher.core.DelegatingLauncher.execute(DelegatingLauncher.java:47)
	at org.junit.platform.launcher.core.SessionPerRequestLauncher.execute(SessionPerRequestLauncher.java:63)
	at com.intellij.junit5.JUnit5IdeaTestRunner.startRunnerWithArgs(JUnit5IdeaTestRunner.java:57)
	at com.intellij.rt.junit.IdeaTestRunner$Repeater$1.execute(IdeaTestRunner.java:38)
	at com.intellij.rt.execution.junit.TestsRepeater.repeat(TestsRepeater.java:11)
	at com.intellij.rt.junit.IdeaTestRunner$Repeater.startRunnerWithArgs(IdeaTestRunner.java:35)
	at com.intellij.rt.junit.JUnitStarter.prepareStreamsAndStart(JUnitStarter.java:232)
	at com.intellij.rt.junit.JUnitStarter.main(JUnitStarter.java:55)
2025-01-31 15:13:51 [main] INFO  l.insoft.uztis.tests.utils.TestUtils - Screenshot moved to C:\Users\ingrida.zadorozniene\Desktop\Asm\UZTIS\UZTIS_tests\test-output\screenshots\20250131\151351057_testFillNewApplication().png
2025-01-31 15:16:13 [main] INFO  lt.insoft.uztis.tests.UztisPageTest - Navigated to https://uztisdev.asseco.lt/home
2025-01-31 15:16:13 [main] INFO  l.i.u.t.SubmittedApplicationsPageTest - Starting test:'testFillNewApplication'
2025-01-31 15:16:15 [main] DEBUG l.i.u.t.SubmittedApplicationsPageTest - User logged in with test credentials
2025-01-31 15:16:15 [main] DEBUG l.i.u.t.SubmittedApplicationsPageTest - Opened 'Application Processing' menu.
2025-01-31 15:16:15 [main] DEBUG l.i.u.t.SubmittedApplicationsPageTest - Clicked on 'Application Forms' menu.
2025-01-31 15:16:15 [main] DEBUG l.i.u.t.SubmittedApplicationsPageTest - Retrieved last description code text: 'TST-VUI-27'.
2025-01-31 15:16:15 [main] DEBUG l.i.u.t.SubmittedApplicationsPageTest - Clicked on 'Invitation' menu.
2025-01-31 15:16:16 [main] DEBUG l.i.u.t.SubmittedApplicationsPageTest - Selected application section by code: 'TST-VUI-27'.
2025-01-31 15:16:16 [main] DEBUG l.i.u.t.SubmittedApplicationsPageTest - Clicked 'Search' button.
2025-01-31 15:16:16 [main] DEBUG l.i.u.t.SubmittedApplicationsPageTest - Retrieved invitation code: ''.
2025-01-31 15:16:16 [main] DEBUG l.i.u.t.SubmittedApplicationsPageTest - Clicked on 'Submitted Applications' menu.
2025-01-31 15:16:17 [main] DEBUG l.i.u.t.SubmittedApplicationsPageTest - Selected invitation by code: 'TST-VUI-27'.
2025-01-31 15:16:18 [main] DEBUG l.i.u.t.SubmittedApplicationsPageTest - Clicked on 'Action Application' button.
2025-01-31 15:16:18 [main] DEBUG l.i.u.t.SubmittedApplicationsPageTest - Clicked on 'New Application' button.
2025-01-31 15:16:18 [main] DEBUG l.i.u.t.SubmittedApplicationsPageTest - Clicked on 'RadioButtonFA' button.
2025-01-31 15:16:18 [main] DEBUG l.i.u.t.SubmittedApplicationsPageTest - Entered phone number into the input field.
2025-01-31 15:16:19 [main] DEBUG l.i.u.t.SubmittedApplicationsPageTest - Entered eMail into the input field.
2025-01-31 15:16:19 [main] INFO  l.i.u.p.SubmittedApplicationsPage - Located the dropdown button.
2025-01-31 15:16:37 [main] INFO  l.i.u.p.SubmittedApplicationsPage - Found 1741 options in the dropdown.
2025-01-31 15:16:37 [main] INFO  l.i.u.p.SubmittedApplicationsPage - Successfully selected the value: '01.11 - Grūdinių (išskyrus ryžius), ankštinių ir aliejingų sėklų augalų auginimas'
2025-01-31 15:16:48 [main] ERROR l.i.u.p.SubmittedApplicationsPage - Failed to close the dropdown with aria-expanded = 'false'. Attempting manual close.
2025-01-31 15:16:48 [main] INFO  l.i.u.p.SubmittedApplicationsPage - Manual close attempt for the dropdown using body click.
2025-01-31 15:16:48 [main] DEBUG l.i.u.t.SubmittedApplicationsPageTest - Entered Address into the input field.
2025-01-31 15:16:48 [main] DEBUG l.i.u.t.SubmittedApplicationsPageTest - Entered Address into the input field.
2025-01-31 15:16:49 [main] INFO  l.i.u.p.SubmittedApplicationsPage - Located the dropdown button.
2025-01-31 15:16:50 [main] ERROR l.i.u.t.SubmittedApplicationsPageTest - Test 'testFillNewApplication' failed with error: element click intercepted: Element <mat-label>...</mat-label> is not clickable at point (1051, 179). Other element would receive the click: ...<span class="mat-mdc-select-placeholder mat-mdc-select-min-line ng-tns-c1073613477-34 ng-star-inserted"></span>
  (Session info: chrome=132.0.6834.160)
Build info: version: '4.27.0', revision: 'd6e718d134'
System info: os.name: 'Windows 11', os.arch: 'amd64', os.version: '10.0', java.version: '21.0.3'
Driver info: org.openqa.selenium.chrome.ChromeDriver
Command: [1c99b7531f1b2d21732aedb33dd493e2, clickElement {id=f.7859CE4A3AB72999826D0862D785CA9B.d.92E139D9B16EDD43818319918BC7653E.e.2078}]
Capabilities {acceptInsecureCerts: false, browserName: chrome, browserVersion: 132.0.6834.160, chrome: {chromedriverVersion: 132.0.6834.159 (2d77d3fc445..., userDataDir: C:\Users\INGRID~1.ZAD\AppDa...}, fedcm:accounts: true, goog:chromeOptions: {debuggerAddress: localhost:53153}, networkConnectionEnabled: false, pageLoadStrategy: normal, platformName: windows, proxy: Proxy(), se:cdp: ws://localhost:53153/devtoo..., se:cdpVersion: 132.0.6834.160, setWindowRect: true, strictFileInteractability: false, timeouts: {implicit: 0, pageLoad: 300000, script: 30000}, unhandledPromptBehavior: dismiss and notify, webauthn:extension:credBlob: true, webauthn:extension:largeBlob: true, webauthn:extension:minPinLength: true, webauthn:extension:prf: true, webauthn:virtualAuthenticators: true}
Element: [[ChromeDriver: chrome on windows (1c99b7531f1b2d21732aedb33dd493e2)] -> xpath: //mat-label[contains(text(), 'Darbo vietos pavadinimas')]]
Session ID: 1c99b7531f1b2d21732aedb33dd493e2
org.openqa.selenium.ElementClickInterceptedException: element click intercepted: Element <mat-label>...</mat-label> is not clickable at point (1051, 179). Other element would receive the click: ...<span class="mat-mdc-select-placeholder mat-mdc-select-min-line ng-tns-c1073613477-34 ng-star-inserted"></span>
  (Session info: chrome=132.0.6834.160)
Build info: version: '4.27.0', revision: 'd6e718d134'
System info: os.name: 'Windows 11', os.arch: 'amd64', os.version: '10.0', java.version: '21.0.3'
Driver info: org.openqa.selenium.chrome.ChromeDriver
Command: [1c99b7531f1b2d21732aedb33dd493e2, clickElement {id=f.7859CE4A3AB72999826D0862D785CA9B.d.92E139D9B16EDD43818319918BC7653E.e.2078}]
Capabilities {acceptInsecureCerts: false, browserName: chrome, browserVersion: 132.0.6834.160, chrome: {chromedriverVersion: 132.0.6834.159 (2d77d3fc445..., userDataDir: C:\Users\INGRID~1.ZAD\AppDa...}, fedcm:accounts: true, goog:chromeOptions: {debuggerAddress: localhost:53153}, networkConnectionEnabled: false, pageLoadStrategy: normal, platformName: windows, proxy: Proxy(), se:cdp: ws://localhost:53153/devtoo..., se:cdpVersion: 132.0.6834.160, setWindowRect: true, strictFileInteractability: false, timeouts: {implicit: 0, pageLoad: 300000, script: 30000}, unhandledPromptBehavior: dismiss and notify, webauthn:extension:credBlob: true, webauthn:extension:largeBlob: true, webauthn:extension:minPinLength: true, webauthn:extension:prf: true, webauthn:virtualAuthenticators: true}
Element: [[ChromeDriver: chrome on windows (1c99b7531f1b2d21732aedb33dd493e2)] -> xpath: //mat-label[contains(text(), 'Darbo vietos pavadinimas')]]
Session ID: 1c99b7531f1b2d21732aedb33dd493e2
	at java.base/jdk.internal.reflect.DirectConstructorHandleAccessor.newInstance(DirectConstructorHandleAccessor.java:62)
	at java.base/java.lang.reflect.Constructor.newInstanceWithCaller(Constructor.java:502)
	at java.base/java.lang.reflect.Constructor.newInstance(Constructor.java:486)
	at org.openqa.selenium.remote.ErrorCodec.decode(ErrorCodec.java:167)
	at org.openqa.selenium.remote.codec.w3c.W3CHttpResponseCodec.decode(W3CHttpResponseCodec.java:138)
	at org.openqa.selenium.remote.codec.w3c.W3CHttpResponseCodec.decode(W3CHttpResponseCodec.java:50)
	at org.openqa.selenium.remote.HttpCommandExecutor.execute(HttpCommandExecutor.java:190)
	at org.openqa.selenium.remote.service.DriverCommandExecutor.invokeExecute(DriverCommandExecutor.java:216)
	at org.openqa.selenium.remote.service.DriverCommandExecutor.execute(DriverCommandExecutor.java:174)
	at org.openqa.selenium.remote.RemoteWebDriver.execute(RemoteWebDriver.java:545)
	at org.openqa.selenium.remote.RemoteWebElement.execute(RemoteWebElement.java:223)
	at org.openqa.selenium.remote.RemoteWebElement.click(RemoteWebElement.java:76)
	at java.base/jdk.internal.reflect.DirectMethodHandleAccessor.invoke(DirectMethodHandleAccessor.java:103)
	at java.base/java.lang.reflect.Method.invoke(Method.java:580)
	at org.openqa.selenium.support.pagefactory.internal.LocatingElementHandler.invoke(LocatingElementHandler.java:51)
	at jdk.proxy2/jdk.proxy2.$Proxy14.click(Unknown Source)
	at lt.insoft.uztis.pages.SubmittedApplicationsPage.selectDropdownJobName(SubmittedApplicationsPage.java:293)
	at lt.insoft.uztis.tests.SubmittedApplicationsPageTest.testFillNewApplication(SubmittedApplicationsPageTest.java:174)
	at java.base/jdk.internal.reflect.DirectMethodHandleAccessor.invoke(DirectMethodHandleAccessor.java:103)
	at java.base/java.lang.reflect.Method.invoke(Method.java:580)
	at org.junit.platform.commons.util.ReflectionUtils.invokeMethod(ReflectionUtils.java:728)
	at org.junit.jupiter.engine.execution.MethodInvocation.proceed(MethodInvocation.java:60)
	at org.junit.jupiter.engine.execution.InvocationInterceptorChain$ValidatingInvocation.proceed(InvocationInterceptorChain.java:131)
	at org.junit.jupiter.engine.extension.TimeoutExtension.intercept(TimeoutExtension.java:156)
	at org.junit.jupiter.engine.extension.TimeoutExtension.interceptTestableMethod(TimeoutExtension.java:147)
	at org.junit.jupiter.engine.extension.TimeoutExtension.interceptTestMethod(TimeoutExtension.java:86)
	at org.junit.jupiter.engine.execution.InterceptingExecutableInvoker$ReflectiveInterceptorCall.lambda$ofVoidMethod$0(InterceptingExecutableInvoker.java:103)
	at org.junit.jupiter.engine.execution.InterceptingExecutableInvoker.lambda$invoke$0(InterceptingExecutableInvoker.java:93)
	at org.junit.jupiter.engine.execution.InvocationInterceptorChain$InterceptedInvocation.proceed(InvocationInterceptorChain.java:106)
	at org.junit.jupiter.engine.execution.InvocationInterceptorChain.proceed(InvocationInterceptorChain.java:64)
	at org.junit.jupiter.engine.execution.InvocationInterceptorChain.chainAndInvoke(InvocationInterceptorChain.java:45)
	at org.junit.jupiter.engine.execution.InvocationInterceptorChain.invoke(InvocationInterceptorChain.java:37)
	at org.junit.jupiter.engine.execution.InterceptingExecutableInvoker.invoke(InterceptingExecutableInvoker.java:92)
	at org.junit.jupiter.engine.execution.InterceptingExecutableInvoker.invoke(InterceptingExecutableInvoker.java:86)
	at org.junit.jupiter.engine.descriptor.TestMethodTestDescriptor.lambda$invokeTestMethod$7(TestMethodTestDescriptor.java:218)
	at org.junit.platform.engine.support.hierarchical.ThrowableCollector.execute(ThrowableCollector.java:73)
	at org.junit.jupiter.engine.descriptor.TestMethodTestDescriptor.invokeTestMethod(TestMethodTestDescriptor.java:214)
	at org.junit.jupiter.engine.descriptor.TestMethodTestDescriptor.execute(TestMethodTestDescriptor.java:139)
	at org.junit.jupiter.engine.descriptor.TestMethodTestDescriptor.execute(TestMethodTestDescriptor.java:69)
	at org.junit.platform.engine.support.hierarchical.NodeTestTask.lambda$executeRecursively$6(NodeTestTask.java:151)
	at org.junit.platform.engine.support.hierarchical.ThrowableCollector.execute(ThrowableCollector.java:73)
	at org.junit.platform.engine.support.hierarchical.NodeTestTask.lambda$executeRecursively$8(NodeTestTask.java:141)
	at org.junit.platform.engine.support.hierarchical.Node.around(Node.java:137)
	at org.junit.platform.engine.support.hierarchical.NodeTestTask.lambda$executeRecursively$9(NodeTestTask.java:139)
	at org.junit.platform.engine.support.hierarchical.ThrowableCollector.execute(ThrowableCollector.java:73)
	at org.junit.platform.engine.support.hierarchical.NodeTestTask.executeRecursively(NodeTestTask.java:138)
	at org.junit.platform.engine.support.hierarchical.NodeTestTask.execute(NodeTestTask.java:95)
	at java.base/java.util.ArrayList.forEach(ArrayList.java:1596)
	at org.junit.platform.engine.support.hierarchical.SameThreadHierarchicalTestExecutorService.invokeAll(SameThreadHierarchicalTestExecutorService.java:41)
	at org.junit.platform.engine.support.hierarchical.NodeTestTask.lambda$executeRecursively$6(NodeTestTask.java:155)
	at org.junit.platform.engine.support.hierarchical.ThrowableCollector.execute(ThrowableCollector.java:73)
	at org.junit.platform.engine.support.hierarchical.NodeTestTask.lambda$executeRecursively$8(NodeTestTask.java:141)
	at org.junit.platform.engine.support.hierarchical.Node.around(Node.java:137)
	at org.junit.platform.engine.support.hierarchical.NodeTestTask.lambda$executeRecursively$9(NodeTestTask.java:139)
	at org.junit.platform.engine.support.hierarchical.ThrowableCollector.execute(ThrowableCollector.java:73)
	at org.junit.platform.engine.support.hierarchical.NodeTestTask.executeRecursively(NodeTestTask.java:138)
	at org.junit.platform.engine.support.hierarchical.NodeTestTask.execute(NodeTestTask.java:95)
	at java.base/java.util.ArrayList.forEach(ArrayList.java:1596)
	at org.junit.platform.engine.support.hierarchical.SameThreadHierarchicalTestExecutorService.invokeAll(SameThreadHierarchicalTestExecutorService.java:41)
	at org.junit.platform.engine.support.hierarchical.NodeTestTask.lambda$executeRecursively$6(NodeTestTask.java:155)
	at org.junit.platform.engine.support.hierarchical.ThrowableCollector.execute(ThrowableCollector.java:73)
	at org.junit.platform.engine.support.hierarchical.NodeTestTask.lambda$executeRecursively$8(NodeTestTask.java:141)
	at org.junit.platform.engine.support.hierarchical.Node.around(Node.java:137)
	at org.junit.platform.engine.support.hierarchical.NodeTestTask.lambda$executeRecursively$9(NodeTestTask.java:139)
	at org.junit.platform.engine.support.hierarchical.ThrowableCollector.execute(ThrowableCollector.java:73)
	at org.junit.platform.engine.support.hierarchical.NodeTestTask.executeRecursively(NodeTestTask.java:138)
	at org.junit.platform.engine.support.hierarchical.NodeTestTask.execute(NodeTestTask.java:95)
	at org.junit.platform.engine.support.hierarchical.SameThreadHierarchicalTestExecutorService.submit(SameThreadHierarchicalTestExecutorService.java:35)
	at org.junit.platform.engine.support.hierarchical.HierarchicalTestExecutor.execute(HierarchicalTestExecutor.java:57)
	at org.junit.platform.engine.support.hierarchical.HierarchicalTestEngine.execute(HierarchicalTestEngine.java:54)
	at org.junit.platform.launcher.core.EngineExecutionOrchestrator.execute(EngineExecutionOrchestrator.java:198)
	at org.junit.platform.launcher.core.EngineExecutionOrchestrator.execute(EngineExecutionOrchestrator.java:169)
	at org.junit.platform.launcher.core.EngineExecutionOrchestrator.execute(EngineExecutionOrchestrator.java:93)
	at org.junit.platform.launcher.core.EngineExecutionOrchestrator.lambda$execute$0(EngineExecutionOrchestrator.java:58)
	at org.junit.platform.launcher.core.EngineExecutionOrchestrator.withInterceptedStreams(EngineExecutionOrchestrator.java:141)
	at org.junit.platform.launcher.core.EngineExecutionOrchestrator.execute(EngineExecutionOrchestrator.java:57)
	at org.junit.platform.launcher.core.DefaultLauncher.execute(DefaultLauncher.java:103)
	at org.junit.platform.launcher.core.DefaultLauncher.execute(DefaultLauncher.java:85)
	at org.junit.platform.launcher.core.DelegatingLauncher.execute(DelegatingLauncher.java:47)
	at org.junit.platform.launcher.core.SessionPerRequestLauncher.execute(SessionPerRequestLauncher.java:63)
	at com.intellij.junit5.JUnit5IdeaTestRunner.startRunnerWithArgs(JUnit5IdeaTestRunner.java:57)
	at com.intellij.rt.junit.IdeaTestRunner$Repeater$1.execute(IdeaTestRunner.java:38)
	at com.intellij.rt.execution.junit.TestsRepeater.repeat(TestsRepeater.java:11)
	at com.intellij.rt.junit.IdeaTestRunner$Repeater.startRunnerWithArgs(IdeaTestRunner.java:35)
	at com.intellij.rt.junit.JUnitStarter.prepareStreamsAndStart(JUnitStarter.java:232)
	at com.intellij.rt.junit.JUnitStarter.main(JUnitStarter.java:55)
2025-01-31 15:16:50 [main] INFO  l.insoft.uztis.tests.utils.TestUtils - Screenshot moved to C:\Users\ingrida.zadorozniene\Desktop\Asm\UZTIS\UZTIS_tests\test-output\screenshots\20250131\151650525_testFillNewApplication().png
2025-01-31 15:16:59 [main] INFO  lt.insoft.uztis.tests.UztisPageTest - Navigated to https://uztisdev.asseco.lt/home
2025-01-31 15:16:59 [main] INFO  l.i.u.t.SubmittedApplicationsPageTest - Starting test:'testFillNewApplication'
2025-01-31 15:17:00 [main] DEBUG l.i.u.t.SubmittedApplicationsPageTest - User logged in with test credentials
2025-01-31 15:17:01 [main] DEBUG l.i.u.t.SubmittedApplicationsPageTest - Opened 'Application Processing' menu.
2025-01-31 15:17:01 [main] DEBUG l.i.u.t.SubmittedApplicationsPageTest - Clicked on 'Application Forms' menu.
2025-01-31 15:17:01 [main] DEBUG l.i.u.t.SubmittedApplicationsPageTest - Retrieved last description code text: 'TST-VUI-27'.
2025-01-31 15:17:01 [main] DEBUG l.i.u.t.SubmittedApplicationsPageTest - Clicked on 'Invitation' menu.
2025-01-31 15:17:02 [main] DEBUG l.i.u.t.SubmittedApplicationsPageTest - Selected application section by code: 'TST-VUI-27'.
2025-01-31 15:17:02 [main] DEBUG l.i.u.t.SubmittedApplicationsPageTest - Clicked 'Search' button.
2025-01-31 15:17:02 [main] DEBUG l.i.u.t.SubmittedApplicationsPageTest - Retrieved invitation code: ''.
2025-01-31 15:17:03 [main] DEBUG l.i.u.t.SubmittedApplicationsPageTest - Clicked on 'Submitted Applications' menu.
2025-01-31 15:17:03 [main] DEBUG l.i.u.t.SubmittedApplicationsPageTest - Selected invitation by code: 'TST-VUI-27'.
2025-01-31 15:17:04 [main] DEBUG l.i.u.t.SubmittedApplicationsPageTest - Clicked on 'Action Application' button.
2025-01-31 15:17:04 [main] DEBUG l.i.u.t.SubmittedApplicationsPageTest - Clicked on 'New Application' button.
2025-01-31 15:17:05 [main] DEBUG l.i.u.t.SubmittedApplicationsPageTest - Clicked on 'RadioButtonFA' button.
2025-01-31 15:17:05 [main] DEBUG l.i.u.t.SubmittedApplicationsPageTest - Entered phone number into the input field.
2025-01-31 15:17:05 [main] DEBUG l.i.u.t.SubmittedApplicationsPageTest - Entered eMail into the input field.
2025-01-31 15:17:05 [main] INFO  l.i.u.p.SubmittedApplicationsPage - Located the dropdown button.
2025-01-31 15:17:24 [main] INFO  l.i.u.p.SubmittedApplicationsPage - Found 1741 options in the dropdown.
2025-01-31 15:17:24 [main] INFO  l.i.u.p.SubmittedApplicationsPage - Successfully selected the value: '01.11 - Grūdinių (išskyrus ryžius), ankštinių ir aliejingų sėklų augalų auginimas'
2025-01-31 15:17:35 [main] ERROR l.i.u.p.SubmittedApplicationsPage - Failed to close the dropdown with aria-expanded = 'false'. Attempting manual close.
2025-01-31 15:17:35 [main] INFO  l.i.u.p.SubmittedApplicationsPage - Manual close attempt for the dropdown using body click.
2025-01-31 15:17:35 [main] DEBUG l.i.u.t.SubmittedApplicationsPageTest - Entered Address into the input field.
2025-01-31 15:17:35 [main] DEBUG l.i.u.t.SubmittedApplicationsPageTest - Entered Address into the input field.
2025-01-31 15:17:36 [main] INFO  l.i.u.p.SubmittedApplicationsPage - Located the dropdown button.
2025-01-31 15:17:37 [main] INFO  l.i.u.p.SubmittedApplicationsPage - Successfully selected the value: 'Administratoriai'
2025-01-31 15:17:57 [main] ERROR l.i.u.p.SubmittedApplicationsPage - Timeout while waiting for dropdown to close with aria-expanded = 'false'.
2025-01-31 15:17:57 [main] DEBUG l.i.u.t.SubmittedApplicationsPageTest - Selected the value: 'Administratoriai'
2025-01-31 15:17:57 [main] INFO  l.i.u.p.SubmittedApplicationsPage - Clicking on the dropdown button.
2025-01-31 15:17:58 [main] INFO  l.i.u.p.SubmittedApplicationsPage - Found 34 options in the dropdown.
2025-01-31 15:17:58 [main] DEBUG l.i.u.p.SubmittedApplicationsPage - Checking option: 'Asmenys, kuriems suteiktas pabėgėlio statusas ar perkeliamojo asmens statusas, arba asmenys, kuriems suteikta papildoma ar laikinoji apsauga, ir asmenys, turintys teisę gauti laikinąją apsaugą, iki sprendimo dėl laikinosios apsaugos suteikimo (nesuteikimo) priėmimo, tačiau ne ilgiau kaip laikinosios apsaugos laikotarpiu'
2025-01-31 15:17:58 [main] DEBUG l.i.u.p.SubmittedApplicationsPage - Checking option: 'Asmenys, kuriems suteiktas pabėgėlio statusas ar perkeliamojo asmens statusas, arba asmenys, kuriems suteikta papildoma ar laikinoji apsauga, ir asmenys, turintys teisę gauti laikinąją apsaugą, iki sprendimo dėl laikinosios apsaugos suteikimo (nesuteikimo) priėmimo, tačiau ne ilgiau kaip laikinosios apsaugos laikotarpiu'
2025-01-31 15:17:58 [main] DEBUG l.i.u.p.SubmittedApplicationsPage - Checking option: 'Asmenys, turintys teisę į papildomas užimtumo garantijas pagal Lietuvos Respublikos valstybės įmonės Ignalinos atominės elektrinės darbuotojų papildomų užimtumo ir socialinių garantijų įstatymą'
2025-01-31 15:17:58 [main] DEBUG l.i.u.p.SubmittedApplicationsPage - Checking option: 'Asmenys, turintys teisę į papildomas užimtumo garantijas pagal Lietuvos Respublikos valstybės įmonės Ignalinos atominės elektrinės darbuotojų papildomų užimtumo ir socialinių garantijų įstatymą'
2025-01-31 15:17:58 [main] DEBUG l.i.u.p.SubmittedApplicationsPage - Checking option: 'Bedarbiai iki 29 metų'
2025-01-31 15:17:58 [main] DEBUG l.i.u.p.SubmittedApplicationsPage - Checking option: 'Bedarbiai iki 29 metų'
2025-01-31 15:17:58 [main] DEBUG l.i.u.p.SubmittedApplicationsPage - Checking option: 'Bedarbiai, kurie yra darbingo amžiaus neįgalieji, kuriems nustatytas 30–40 procentų darbingumo lygis arba vidutinis neįgalumo lygis'
2025-01-31 15:17:58 [main] DEBUG l.i.u.p.SubmittedApplicationsPage - Checking option: 'Bedarbiai, kurie yra darbingo amžiaus neįgalieji, kuriems nustatytas 30–40 procentų darbingumo lygis arba vidutinis neįgalumo lygis'
2025-01-31 15:17:58 [main] DEBUG l.i.u.p.SubmittedApplicationsPage - Checking option: 'Bedarbiai, kurie yra darbingo amžiaus neįgalieji, kuriems nustatytas 45–55 procentų darbingumo lygis arba lengvas neįgalumo lygis'
2025-01-31 15:17:58 [main] DEBUG l.i.u.p.SubmittedApplicationsPage - Checking option: 'Bedarbiai, kurie yra darbingo amžiaus neįgalieji, kuriems nustatytas 45–55 procentų darbingumo lygis arba lengvas neįgalumo lygis'
2025-01-31 15:17:58 [main] DEBUG l.i.u.p.SubmittedApplicationsPage - Checking option: 'Bedarbiai, kurie yra darbingo amžiaus neįgalieji, kuriems nustatytas iki 25 procentų darbingumo lygis arba sunkus neįgalumo lygis'
2025-01-31 15:17:59 [main] INFO  l.i.u.p.SubmittedApplicationsPage - Successfully selected the value: 'Bedarbiai, kurie yra darbingo amžiaus neįgalieji, kuriems nustatytas iki 25 procentų darbingumo lygis arba sunkus neįgalumo lygis'
2025-01-31 15:17:59 [main] INFO  l.i.u.p.SubmittedApplicationsPage - Attempting to close the dropdown.
2025-01-31 15:17:59 [main] INFO  l.i.u.p.SubmittedApplicationsPage - Dropdown overlay is no longer visible.
2025-01-31 15:17:59 [main] INFO  l.i.u.p.SubmittedApplicationsPage - Located the dropdown button.
2025-01-31 15:18:00 [main] ERROR l.i.u.t.SubmittedApplicationsPageTest - Test 'testFillNewApplication' failed with error: element click intercepted: Element <mat-label>...</mat-label> is not clickable at point (489, 629). Other element would receive the click: <mat-option role="option" class="mat-mdc-option mdc-list-item mat-mdc-option-multiple ng-tns-c1073613477-79 ng-star-inserted" id="mat-option-1005" aria-selected="false" aria-disabled="false" style="">...</mat-option>
  (Session info: chrome=132.0.6834.160)
Build info: version: '4.27.0', revision: 'd6e718d134'
System info: os.name: 'Windows 11', os.arch: 'amd64', os.version: '10.0', java.version: '21.0.3'
Driver info: org.openqa.selenium.chrome.ChromeDriver
Command: [6ebb6286a43ef8d8003d69cd60349b88, clickElement {id=f.A22EB6055488A8CF9944C522E973422C.d.88219992D968FFC69B5730B3FE55A147.e.2160}]
Capabilities {acceptInsecureCerts: false, browserName: chrome, browserVersion: 132.0.6834.160, chrome: {chromedriverVersion: 132.0.6834.159 (2d77d3fc445..., userDataDir: C:\Users\INGRID~1.ZAD\AppDa...}, fedcm:accounts: true, goog:chromeOptions: {debuggerAddress: localhost:53199}, networkConnectionEnabled: false, pageLoadStrategy: normal, platformName: windows, proxy: Proxy(), se:cdp: ws://localhost:53199/devtoo..., se:cdpVersion: 132.0.6834.160, setWindowRect: true, strictFileInteractability: false, timeouts: {implicit: 0, pageLoad: 300000, script: 30000}, unhandledPromptBehavior: dismiss and notify, webauthn:extension:credBlob: true, webauthn:extension:largeBlob: true, webauthn:extension:minPinLength: true, webauthn:extension:prf: true, webauthn:virtualAuthenticators: true}
Element: [[ChromeDriver: chrome on windows (6ebb6286a43ef8d8003d69cd60349b88)] -> xpath: //mat-label[contains(text(), 'Darbo laiko norma ir darbo laiko režimas')]]
Session ID: 6ebb6286a43ef8d8003d69cd60349b88
org.openqa.selenium.ElementClickInterceptedException: element click intercepted: Element <mat-label>...</mat-label> is not clickable at point (489, 629). Other element would receive the click: <mat-option role="option" class="mat-mdc-option mdc-list-item mat-mdc-option-multiple ng-tns-c1073613477-79 ng-star-inserted" id="mat-option-1005" aria-selected="false" aria-disabled="false" style="">...</mat-option>
  (Session info: chrome=132.0.6834.160)
Build info: version: '4.27.0', revision: 'd6e718d134'
System info: os.name: 'Windows 11', os.arch: 'amd64', os.version: '10.0', java.version: '21.0.3'
Driver info: org.openqa.selenium.chrome.ChromeDriver
Command: [6ebb6286a43ef8d8003d69cd60349b88, clickElement {id=f.A22EB6055488A8CF9944C522E973422C.d.88219992D968FFC69B5730B3FE55A147.e.2160}]
Capabilities {acceptInsecureCerts: false, browserName: chrome, browserVersion: 132.0.6834.160, chrome: {chromedriverVersion: 132.0.6834.159 (2d77d3fc445..., userDataDir: C:\Users\INGRID~1.ZAD\AppDa...}, fedcm:accounts: true, goog:chromeOptions: {debuggerAddress: localhost:53199}, networkConnectionEnabled: false, pageLoadStrategy: normal, platformName: windows, proxy: Proxy(), se:cdp: ws://localhost:53199/devtoo..., se:cdpVersion: 132.0.6834.160, setWindowRect: true, strictFileInteractability: false, timeouts: {implicit: 0, pageLoad: 300000, script: 30000}, unhandledPromptBehavior: dismiss and notify, webauthn:extension:credBlob: true, webauthn:extension:largeBlob: true, webauthn:extension:minPinLength: true, webauthn:extension:prf: true, webauthn:virtualAuthenticators: true}
Element: [[ChromeDriver: chrome on windows (6ebb6286a43ef8d8003d69cd60349b88)] -> xpath: //mat-label[contains(text(), 'Darbo laiko norma ir darbo laiko režimas')]]
Session ID: 6ebb6286a43ef8d8003d69cd60349b88
	at java.base/jdk.internal.reflect.DirectConstructorHandleAccessor.newInstance(DirectConstructorHandleAccessor.java:62)
	at java.base/java.lang.reflect.Constructor.newInstanceWithCaller(Constructor.java:502)
	at java.base/java.lang.reflect.Constructor.newInstance(Constructor.java:486)
	at org.openqa.selenium.remote.ErrorCodec.decode(ErrorCodec.java:167)
	at org.openqa.selenium.remote.codec.w3c.W3CHttpResponseCodec.decode(W3CHttpResponseCodec.java:138)
	at org.openqa.selenium.remote.codec.w3c.W3CHttpResponseCodec.decode(W3CHttpResponseCodec.java:50)
	at org.openqa.selenium.remote.HttpCommandExecutor.execute(HttpCommandExecutor.java:190)
	at org.openqa.selenium.remote.service.DriverCommandExecutor.invokeExecute(DriverCommandExecutor.java:216)
	at org.openqa.selenium.remote.service.DriverCommandExecutor.execute(DriverCommandExecutor.java:174)
	at org.openqa.selenium.remote.RemoteWebDriver.execute(RemoteWebDriver.java:545)
	at org.openqa.selenium.remote.RemoteWebElement.execute(RemoteWebElement.java:223)
	at org.openqa.selenium.remote.RemoteWebElement.click(RemoteWebElement.java:76)
	at java.base/jdk.internal.reflect.DirectMethodHandleAccessor.invoke(DirectMethodHandleAccessor.java:103)
	at java.base/java.lang.reflect.Method.invoke(Method.java:580)
	at org.openqa.selenium.support.pagefactory.internal.LocatingElementHandler.invoke(LocatingElementHandler.java:51)
	at jdk.proxy2/jdk.proxy2.$Proxy14.click(Unknown Source)
	at lt.insoft.uztis.pages.SubmittedApplicationsPage.selectDropdownTimeMode(SubmittedApplicationsPage.java:453)
	at lt.insoft.uztis.tests.SubmittedApplicationsPageTest.testFillNewApplication(SubmittedApplicationsPageTest.java:187)
	at java.base/jdk.internal.reflect.DirectMethodHandleAccessor.invoke(DirectMethodHandleAccessor.java:103)
	at java.base/java.lang.reflect.Method.invoke(Method.java:580)
	at org.junit.platform.commons.util.ReflectionUtils.invokeMethod(ReflectionUtils.java:728)
	at org.junit.jupiter.engine.execution.MethodInvocation.proceed(MethodInvocation.java:60)
	at org.junit.jupiter.engine.execution.InvocationInterceptorChain$ValidatingInvocation.proceed(InvocationInterceptorChain.java:131)
	at org.junit.jupiter.engine.extension.TimeoutExtension.intercept(TimeoutExtension.java:156)
	at org.junit.jupiter.engine.extension.TimeoutExtension.interceptTestableMethod(TimeoutExtension.java:147)
	at org.junit.jupiter.engine.extension.TimeoutExtension.interceptTestMethod(TimeoutExtension.java:86)
	at org.junit.jupiter.engine.execution.InterceptingExecutableInvoker$ReflectiveInterceptorCall.lambda$ofVoidMethod$0(InterceptingExecutableInvoker.java:103)
	at org.junit.jupiter.engine.execution.InterceptingExecutableInvoker.lambda$invoke$0(InterceptingExecutableInvoker.java:93)
	at org.junit.jupiter.engine.execution.InvocationInterceptorChain$InterceptedInvocation.proceed(InvocationInterceptorChain.java:106)
	at org.junit.jupiter.engine.execution.InvocationInterceptorChain.proceed(InvocationInterceptorChain.java:64)
	at org.junit.jupiter.engine.execution.InvocationInterceptorChain.chainAndInvoke(InvocationInterceptorChain.java:45)
	at org.junit.jupiter.engine.execution.InvocationInterceptorChain.invoke(InvocationInterceptorChain.java:37)
	at org.junit.jupiter.engine.execution.InterceptingExecutableInvoker.invoke(InterceptingExecutableInvoker.java:92)
	at org.junit.jupiter.engine.execution.InterceptingExecutableInvoker.invoke(InterceptingExecutableInvoker.java:86)
	at org.junit.jupiter.engine.descriptor.TestMethodTestDescriptor.lambda$invokeTestMethod$7(TestMethodTestDescriptor.java:218)
	at org.junit.platform.engine.support.hierarchical.ThrowableCollector.execute(ThrowableCollector.java:73)
	at org.junit.jupiter.engine.descriptor.TestMethodTestDescriptor.invokeTestMethod(TestMethodTestDescriptor.java:214)
	at org.junit.jupiter.engine.descriptor.TestMethodTestDescriptor.execute(TestMethodTestDescriptor.java:139)
	at org.junit.jupiter.engine.descriptor.TestMethodTestDescriptor.execute(TestMethodTestDescriptor.java:69)
	at org.junit.platform.engine.support.hierarchical.NodeTestTask.lambda$executeRecursively$6(NodeTestTask.java:151)
	at org.junit.platform.engine.support.hierarchical.ThrowableCollector.execute(ThrowableCollector.java:73)
	at org.junit.platform.engine.support.hierarchical.NodeTestTask.lambda$executeRecursively$8(NodeTestTask.java:141)
	at org.junit.platform.engine.support.hierarchical.Node.around(Node.java:137)
	at org.junit.platform.engine.support.hierarchical.NodeTestTask.lambda$executeRecursively$9(NodeTestTask.java:139)
	at org.junit.platform.engine.support.hierarchical.ThrowableCollector.execute(ThrowableCollector.java:73)
	at org.junit.platform.engine.support.hierarchical.NodeTestTask.executeRecursively(NodeTestTask.java:138)
	at org.junit.platform.engine.support.hierarchical.NodeTestTask.execute(NodeTestTask.java:95)
	at java.base/java.util.ArrayList.forEach(ArrayList.java:1596)
	at org.junit.platform.engine.support.hierarchical.SameThreadHierarchicalTestExecutorService.invokeAll(SameThreadHierarchicalTestExecutorService.java:41)
	at org.junit.platform.engine.support.hierarchical.NodeTestTask.lambda$executeRecursively$6(NodeTestTask.java:155)
	at org.junit.platform.engine.support.hierarchical.ThrowableCollector.execute(ThrowableCollector.java:73)
	at org.junit.platform.engine.support.hierarchical.NodeTestTask.lambda$executeRecursively$8(NodeTestTask.java:141)
	at org.junit.platform.engine.support.hierarchical.Node.around(Node.java:137)
	at org.junit.platform.engine.support.hierarchical.NodeTestTask.lambda$executeRecursively$9(NodeTestTask.java:139)
	at org.junit.platform.engine.support.hierarchical.ThrowableCollector.execute(ThrowableCollector.java:73)
	at org.junit.platform.engine.support.hierarchical.NodeTestTask.executeRecursively(NodeTestTask.java:138)
	at org.junit.platform.engine.support.hierarchical.NodeTestTask.execute(NodeTestTask.java:95)
	at java.base/java.util.ArrayList.forEach(ArrayList.java:1596)
	at org.junit.platform.engine.support.hierarchical.SameThreadHierarchicalTestExecutorService.invokeAll(SameThreadHierarchicalTestExecutorService.java:41)
	at org.junit.platform.engine.support.hierarchical.NodeTestTask.lambda$executeRecursively$6(NodeTestTask.java:155)
	at org.junit.platform.engine.support.hierarchical.ThrowableCollector.execute(ThrowableCollector.java:73)
	at org.junit.platform.engine.support.hierarchical.NodeTestTask.lambda$executeRecursively$8(NodeTestTask.java:141)
	at org.junit.platform.engine.support.hierarchical.Node.around(Node.java:137)
	at org.junit.platform.engine.support.hierarchical.NodeTestTask.lambda$executeRecursively$9(NodeTestTask.java:139)
	at org.junit.platform.engine.support.hierarchical.ThrowableCollector.execute(ThrowableCollector.java:73)
	at org.junit.platform.engine.support.hierarchical.NodeTestTask.executeRecursively(NodeTestTask.java:138)
	at org.junit.platform.engine.support.hierarchical.NodeTestTask.execute(NodeTestTask.java:95)
	at org.junit.platform.engine.support.hierarchical.SameThreadHierarchicalTestExecutorService.submit(SameThreadHierarchicalTestExecutorService.java:35)
	at org.junit.platform.engine.support.hierarchical.HierarchicalTestExecutor.execute(HierarchicalTestExecutor.java:57)
	at org.junit.platform.engine.support.hierarchical.HierarchicalTestEngine.execute(HierarchicalTestEngine.java:54)
	at org.junit.platform.launcher.core.EngineExecutionOrchestrator.execute(EngineExecutionOrchestrator.java:198)
	at org.junit.platform.launcher.core.EngineExecutionOrchestrator.execute(EngineExecutionOrchestrator.java:169)
	at org.junit.platform.launcher.core.EngineExecutionOrchestrator.execute(EngineExecutionOrchestrator.java:93)
	at org.junit.platform.launcher.core.EngineExecutionOrchestrator.lambda$execute$0(EngineExecutionOrchestrator.java:58)
	at org.junit.platform.launcher.core.EngineExecutionOrchestrator.withInterceptedStreams(EngineExecutionOrchestrator.java:141)
	at org.junit.platform.launcher.core.EngineExecutionOrchestrator.execute(EngineExecutionOrchestrator.java:57)
	at org.junit.platform.launcher.core.DefaultLauncher.execute(DefaultLauncher.java:103)
	at org.junit.platform.launcher.core.DefaultLauncher.execute(DefaultLauncher.java:85)
	at org.junit.platform.launcher.core.DelegatingLauncher.execute(DelegatingLauncher.java:47)
	at org.junit.platform.launcher.core.SessionPerRequestLauncher.execute(SessionPerRequestLauncher.java:63)
	at com.intellij.junit5.JUnit5IdeaTestRunner.startRunnerWithArgs(JUnit5IdeaTestRunner.java:57)
	at com.intellij.rt.junit.IdeaTestRunner$Repeater$1.execute(IdeaTestRunner.java:38)
	at com.intellij.rt.execution.junit.TestsRepeater.repeat(TestsRepeater.java:11)
	at com.intellij.rt.junit.IdeaTestRunner$Repeater.startRunnerWithArgs(IdeaTestRunner.java:35)
	at com.intellij.rt.junit.JUnitStarter.prepareStreamsAndStart(JUnitStarter.java:232)
	at com.intellij.rt.junit.JUnitStarter.main(JUnitStarter.java:55)
2025-01-31 15:18:00 [main] INFO  l.insoft.uztis.tests.utils.TestUtils - Screenshot moved to C:\Users\ingrida.zadorozniene\Desktop\Asm\UZTIS\UZTIS_tests\test-output\screenshots\20250131\151800340_testFillNewApplication().png
2025-01-31 15:21:01 [main] INFO  lt.insoft.uztis.tests.UztisPageTest - Navigated to https://uztisdev.asseco.lt/home
2025-01-31 15:21:01 [main] INFO  l.i.u.t.SubmittedApplicationsPageTest - Starting test:'testFillNewApplication'
2025-01-31 15:21:02 [main] DEBUG l.i.u.t.SubmittedApplicationsPageTest - User logged in with test credentials
2025-01-31 15:21:02 [main] DEBUG l.i.u.t.SubmittedApplicationsPageTest - Opened 'Application Processing' menu.
2025-01-31 15:21:02 [main] DEBUG l.i.u.t.SubmittedApplicationsPageTest - Clicked on 'Application Forms' menu.
2025-01-31 15:21:03 [main] DEBUG l.i.u.t.SubmittedApplicationsPageTest - Retrieved last description code text: 'TST-VUI-27'.
2025-01-31 15:21:03 [main] DEBUG l.i.u.t.SubmittedApplicationsPageTest - Clicked on 'Invitation' menu.
2025-01-31 15:21:04 [main] DEBUG l.i.u.t.SubmittedApplicationsPageTest - Selected application section by code: 'TST-VUI-27'.
2025-01-31 15:21:04 [main] DEBUG l.i.u.t.SubmittedApplicationsPageTest - Clicked 'Search' button.
2025-01-31 15:21:04 [main] DEBUG l.i.u.t.SubmittedApplicationsPageTest - Retrieved invitation code: ''.
2025-01-31 15:21:04 [main] DEBUG l.i.u.t.SubmittedApplicationsPageTest - Clicked on 'Submitted Applications' menu.
2025-01-31 15:21:04 [main] ERROR l.i.u.p.SubmittedApplicationsPage - Failed to select value in dropdown: Option with text 'TST-VUI-27' not found in dropdown!
2025-01-31 15:21:04 [main] ERROR l.i.u.t.SubmittedApplicationsPageTest - Test 'testFillNewApplication' failed with error: Option with text 'TST-VUI-27' not found in dropdown!
java.lang.RuntimeException: Option with text 'TST-VUI-27' not found in dropdown!
	at lt.insoft.uztis.pages.SubmittedApplicationsPage.lambda$selectValueFromInvitation$1(SubmittedApplicationsPage.java:150)
	at java.base/java.util.Optional.orElseThrow(Optional.java:403)
	at lt.insoft.uztis.pages.SubmittedApplicationsPage.selectValueFromInvitation(SubmittedApplicationsPage.java:150)
	at lt.insoft.uztis.tests.SubmittedApplicationsPageTest.getAndInsertInvitationCodeText(SubmittedApplicationsPageTest.java:61)
	at lt.insoft.uztis.tests.SubmittedApplicationsPageTest.testFillNewApplication(SubmittedApplicationsPageTest.java:135)
	at java.base/jdk.internal.reflect.DirectMethodHandleAccessor.invoke(DirectMethodHandleAccessor.java:103)
	at java.base/java.lang.reflect.Method.invoke(Method.java:580)
	at org.junit.platform.commons.util.ReflectionUtils.invokeMethod(ReflectionUtils.java:728)
	at org.junit.jupiter.engine.execution.MethodInvocation.proceed(MethodInvocation.java:60)
	at org.junit.jupiter.engine.execution.InvocationInterceptorChain$ValidatingInvocation.proceed(InvocationInterceptorChain.java:131)
	at org.junit.jupiter.engine.extension.TimeoutExtension.intercept(TimeoutExtension.java:156)
	at org.junit.jupiter.engine.extension.TimeoutExtension.interceptTestableMethod(TimeoutExtension.java:147)
	at org.junit.jupiter.engine.extension.TimeoutExtension.interceptTestMethod(TimeoutExtension.java:86)
	at org.junit.jupiter.engine.execution.InterceptingExecutableInvoker$ReflectiveInterceptorCall.lambda$ofVoidMethod$0(InterceptingExecutableInvoker.java:103)
	at org.junit.jupiter.engine.execution.InterceptingExecutableInvoker.lambda$invoke$0(InterceptingExecutableInvoker.java:93)
	at org.junit.jupiter.engine.execution.InvocationInterceptorChain$InterceptedInvocation.proceed(InvocationInterceptorChain.java:106)
	at org.junit.jupiter.engine.execution.InvocationInterceptorChain.proceed(InvocationInterceptorChain.java:64)
	at org.junit.jupiter.engine.execution.InvocationInterceptorChain.chainAndInvoke(InvocationInterceptorChain.java:45)
	at org.junit.jupiter.engine.execution.InvocationInterceptorChain.invoke(InvocationInterceptorChain.java:37)
	at org.junit.jupiter.engine.execution.InterceptingExecutableInvoker.invoke(InterceptingExecutableInvoker.java:92)
	at org.junit.jupiter.engine.execution.InterceptingExecutableInvoker.invoke(InterceptingExecutableInvoker.java:86)
	at org.junit.jupiter.engine.descriptor.TestMethodTestDescriptor.lambda$invokeTestMethod$7(TestMethodTestDescriptor.java:218)
	at org.junit.platform.engine.support.hierarchical.ThrowableCollector.execute(ThrowableCollector.java:73)
	at org.junit.jupiter.engine.descriptor.TestMethodTestDescriptor.invokeTestMethod(TestMethodTestDescriptor.java:214)
	at org.junit.jupiter.engine.descriptor.TestMethodTestDescriptor.execute(TestMethodTestDescriptor.java:139)
	at org.junit.jupiter.engine.descriptor.TestMethodTestDescriptor.execute(TestMethodTestDescriptor.java:69)
	at org.junit.platform.engine.support.hierarchical.NodeTestTask.lambda$executeRecursively$6(NodeTestTask.java:151)
	at org.junit.platform.engine.support.hierarchical.ThrowableCollector.execute(ThrowableCollector.java:73)
	at org.junit.platform.engine.support.hierarchical.NodeTestTask.lambda$executeRecursively$8(NodeTestTask.java:141)
	at org.junit.platform.engine.support.hierarchical.Node.around(Node.java:137)
	at org.junit.platform.engine.support.hierarchical.NodeTestTask.lambda$executeRecursively$9(NodeTestTask.java:139)
	at org.junit.platform.engine.support.hierarchical.ThrowableCollector.execute(ThrowableCollector.java:73)
	at org.junit.platform.engine.support.hierarchical.NodeTestTask.executeRecursively(NodeTestTask.java:138)
	at org.junit.platform.engine.support.hierarchical.NodeTestTask.execute(NodeTestTask.java:95)
	at java.base/java.util.ArrayList.forEach(ArrayList.java:1596)
	at org.junit.platform.engine.support.hierarchical.SameThreadHierarchicalTestExecutorService.invokeAll(SameThreadHierarchicalTestExecutorService.java:41)
	at org.junit.platform.engine.support.hierarchical.NodeTestTask.lambda$executeRecursively$6(NodeTestTask.java:155)
	at org.junit.platform.engine.support.hierarchical.ThrowableCollector.execute(ThrowableCollector.java:73)
	at org.junit.platform.engine.support.hierarchical.NodeTestTask.lambda$executeRecursively$8(NodeTestTask.java:141)
	at org.junit.platform.engine.support.hierarchical.Node.around(Node.java:137)
	at org.junit.platform.engine.support.hierarchical.NodeTestTask.lambda$executeRecursively$9(NodeTestTask.java:139)
	at org.junit.platform.engine.support.hierarchical.ThrowableCollector.execute(ThrowableCollector.java:73)
	at org.junit.platform.engine.support.hierarchical.NodeTestTask.executeRecursively(NodeTestTask.java:138)
	at org.junit.platform.engine.support.hierarchical.NodeTestTask.execute(NodeTestTask.java:95)
	at java.base/java.util.ArrayList.forEach(ArrayList.java:1596)
	at org.junit.platform.engine.support.hierarchical.SameThreadHierarchicalTestExecutorService.invokeAll(SameThreadHierarchicalTestExecutorService.java:41)
	at org.junit.platform.engine.support.hierarchical.NodeTestTask.lambda$executeRecursively$6(NodeTestTask.java:155)
	at org.junit.platform.engine.support.hierarchical.ThrowableCollector.execute(ThrowableCollector.java:73)
	at org.junit.platform.engine.support.hierarchical.NodeTestTask.lambda$executeRecursively$8(NodeTestTask.java:141)
	at org.junit.platform.engine.support.hierarchical.Node.around(Node.java:137)
	at org.junit.platform.engine.support.hierarchical.NodeTestTask.lambda$executeRecursively$9(NodeTestTask.java:139)
	at org.junit.platform.engine.support.hierarchical.ThrowableCollector.execute(ThrowableCollector.java:73)
	at org.junit.platform.engine.support.hierarchical.NodeTestTask.executeRecursively(NodeTestTask.java:138)
	at org.junit.platform.engine.support.hierarchical.NodeTestTask.execute(NodeTestTask.java:95)
	at org.junit.platform.engine.support.hierarchical.SameThreadHierarchicalTestExecutorService.submit(SameThreadHierarchicalTestExecutorService.java:35)
	at org.junit.platform.engine.support.hierarchical.HierarchicalTestExecutor.execute(HierarchicalTestExecutor.java:57)
	at org.junit.platform.engine.support.hierarchical.HierarchicalTestEngine.execute(HierarchicalTestEngine.java:54)
	at org.junit.platform.launcher.core.EngineExecutionOrchestrator.execute(EngineExecutionOrchestrator.java:198)
	at org.junit.platform.launcher.core.EngineExecutionOrchestrator.execute(EngineExecutionOrchestrator.java:169)
	at org.junit.platform.launcher.core.EngineExecutionOrchestrator.execute(EngineExecutionOrchestrator.java:93)
	at org.junit.platform.launcher.core.EngineExecutionOrchestrator.lambda$execute$0(EngineExecutionOrchestrator.java:58)
	at org.junit.platform.launcher.core.EngineExecutionOrchestrator.withInterceptedStreams(EngineExecutionOrchestrator.java:141)
	at org.junit.platform.launcher.core.EngineExecutionOrchestrator.execute(EngineExecutionOrchestrator.java:57)
	at org.junit.platform.launcher.core.DefaultLauncher.execute(DefaultLauncher.java:103)
	at org.junit.platform.launcher.core.DefaultLauncher.execute(DefaultLauncher.java:85)
	at org.junit.platform.launcher.core.DelegatingLauncher.execute(DelegatingLauncher.java:47)
	at org.junit.platform.launcher.core.SessionPerRequestLauncher.execute(SessionPerRequestLauncher.java:63)
	at com.intellij.junit5.JUnit5IdeaTestRunner.startRunnerWithArgs(JUnit5IdeaTestRunner.java:57)
	at com.intellij.rt.junit.IdeaTestRunner$Repeater$1.execute(IdeaTestRunner.java:38)
	at com.intellij.rt.execution.junit.TestsRepeater.repeat(TestsRepeater.java:11)
	at com.intellij.rt.junit.IdeaTestRunner$Repeater.startRunnerWithArgs(IdeaTestRunner.java:35)
	at com.intellij.rt.junit.JUnitStarter.prepareStreamsAndStart(JUnitStarter.java:232)
	at com.intellij.rt.junit.JUnitStarter.main(JUnitStarter.java:55)
2025-01-31 15:21:04 [main] INFO  l.insoft.uztis.tests.utils.TestUtils - Screenshot moved to C:\Users\ingrida.zadorozniene\Desktop\Asm\UZTIS\UZTIS_tests\test-output\screenshots\20250131\152104958_testFillNewApplication().png
2025-01-31 15:21:20 [main] INFO  lt.insoft.uztis.tests.UztisPageTest - Navigated to https://uztisdev.asseco.lt/home
2025-01-31 15:21:20 [main] INFO  l.i.u.t.SubmittedApplicationsPageTest - Starting test:'testFillNewApplication'
2025-01-31 15:21:20 [main] DEBUG l.i.u.t.SubmittedApplicationsPageTest - User logged in with test credentials
2025-01-31 15:21:21 [main] DEBUG l.i.u.t.SubmittedApplicationsPageTest - Opened 'Application Processing' menu.
2025-01-31 15:21:21 [main] DEBUG l.i.u.t.SubmittedApplicationsPageTest - Clicked on 'Application Forms' menu.
2025-01-31 15:21:21 [main] DEBUG l.i.u.t.SubmittedApplicationsPageTest - Retrieved last description code text: 'TST-VUI-27'.
2025-01-31 15:21:21 [main] DEBUG l.i.u.t.SubmittedApplicationsPageTest - Clicked on 'Invitation' menu.
2025-01-31 15:21:22 [main] DEBUG l.i.u.t.SubmittedApplicationsPageTest - Selected application section by code: 'TST-VUI-27'.
2025-01-31 15:21:22 [main] DEBUG l.i.u.t.SubmittedApplicationsPageTest - Clicked 'Search' button.
2025-01-31 15:21:22 [main] DEBUG l.i.u.t.SubmittedApplicationsPageTest - Retrieved invitation code: ''.
2025-01-31 15:21:22 [main] DEBUG l.i.u.t.SubmittedApplicationsPageTest - Clicked on 'Submitted Applications' menu.
2025-01-31 15:21:23 [main] DEBUG l.i.u.t.SubmittedApplicationsPageTest - Selected invitation by code: 'TST-VUI-27'.
2025-01-31 15:21:23 [main] DEBUG l.i.u.t.SubmittedApplicationsPageTest - Clicked on 'Action Application' button.
2025-01-31 15:21:24 [main] DEBUG l.i.u.t.SubmittedApplicationsPageTest - Clicked on 'New Application' button.
2025-01-31 15:21:24 [main] DEBUG l.i.u.t.SubmittedApplicationsPageTest - Clicked on 'RadioButtonFA' button.
2025-01-31 15:21:24 [main] DEBUG l.i.u.t.SubmittedApplicationsPageTest - Entered phone number into the input field.
2025-01-31 15:21:24 [main] DEBUG l.i.u.t.SubmittedApplicationsPageTest - Entered eMail into the input field.
2025-01-31 15:21:24 [main] INFO  l.i.u.p.SubmittedApplicationsPage - Located the dropdown button.
2025-01-31 15:21:42 [main] INFO  l.i.u.p.SubmittedApplicationsPage - Found 1741 options in the dropdown.
2025-01-31 15:21:42 [main] INFO  l.i.u.p.SubmittedApplicationsPage - Successfully selected the value: '01.11 - Grūdinių (išskyrus ryžius), ankštinių ir aliejingų sėklų augalų auginimas'
2025-01-31 15:21:53 [main] ERROR l.i.u.p.SubmittedApplicationsPage - Failed to close the dropdown with aria-expanded = 'false'. Attempting manual close.
2025-01-31 15:21:53 [main] INFO  l.i.u.p.SubmittedApplicationsPage - Manual close attempt for the dropdown using body click.
2025-01-31 15:21:53 [main] DEBUG l.i.u.t.SubmittedApplicationsPageTest - Entered Address into the input field.
2025-01-31 15:21:54 [main] DEBUG l.i.u.t.SubmittedApplicationsPageTest - Entered Address into the input field.
2025-01-31 15:21:54 [main] INFO  l.i.u.p.SubmittedApplicationsPage - Located the dropdown button.
2025-01-31 15:21:55 [main] ERROR l.i.u.t.SubmittedApplicationsPageTest - Test 'testFillNewApplication' failed with error: element click intercepted: Element <mat-label>...</mat-label> is not clickable at point (1051, 155). Other element would receive the click: ...<span class="mat-mdc-select-placeholder mat-mdc-select-min-line ng-tns-c1073613477-34 ng-star-inserted"></span>
  (Session info: chrome=132.0.6834.160)
Build info: version: '4.27.0', revision: 'd6e718d134'
System info: os.name: 'Windows 11', os.arch: 'amd64', os.version: '10.0', java.version: '21.0.3'
Driver info: org.openqa.selenium.chrome.ChromeDriver
Command: [2b0c765fadc80afc0e7415867f7e7ee2, clickElement {id=f.E5EAAA2441FFEF5D5E48BC83F5C75FB5.d.2B787D356799B666EB98D1BA52B96C8B.e.2077}]
Capabilities {acceptInsecureCerts: false, browserName: chrome, browserVersion: 132.0.6834.160, chrome: {chromedriverVersion: 132.0.6834.159 (2d77d3fc445..., userDataDir: C:\Users\INGRID~1.ZAD\AppDa...}, fedcm:accounts: true, goog:chromeOptions: {debuggerAddress: localhost:53375}, networkConnectionEnabled: false, pageLoadStrategy: normal, platformName: windows, proxy: Proxy(), se:cdp: ws://localhost:53375/devtoo..., se:cdpVersion: 132.0.6834.160, setWindowRect: true, strictFileInteractability: false, timeouts: {implicit: 0, pageLoad: 300000, script: 30000}, unhandledPromptBehavior: dismiss and notify, webauthn:extension:credBlob: true, webauthn:extension:largeBlob: true, webauthn:extension:minPinLength: true, webauthn:extension:prf: true, webauthn:virtualAuthenticators: true}
Element: [[ChromeDriver: chrome on windows (2b0c765fadc80afc0e7415867f7e7ee2)] -> xpath: //mat-label[contains(text(), 'Darbo vietos pavadinimas')]]
Session ID: 2b0c765fadc80afc0e7415867f7e7ee2
org.openqa.selenium.ElementClickInterceptedException: element click intercepted: Element <mat-label>...</mat-label> is not clickable at point (1051, 155). Other element would receive the click: ...<span class="mat-mdc-select-placeholder mat-mdc-select-min-line ng-tns-c1073613477-34 ng-star-inserted"></span>
  (Session info: chrome=132.0.6834.160)
Build info: version: '4.27.0', revision: 'd6e718d134'
System info: os.name: 'Windows 11', os.arch: 'amd64', os.version: '10.0', java.version: '21.0.3'
Driver info: org.openqa.selenium.chrome.ChromeDriver
Command: [2b0c765fadc80afc0e7415867f7e7ee2, clickElement {id=f.E5EAAA2441FFEF5D5E48BC83F5C75FB5.d.2B787D356799B666EB98D1BA52B96C8B.e.2077}]
Capabilities {acceptInsecureCerts: false, browserName: chrome, browserVersion: 132.0.6834.160, chrome: {chromedriverVersion: 132.0.6834.159 (2d77d3fc445..., userDataDir: C:\Users\INGRID~1.ZAD\AppDa...}, fedcm:accounts: true, goog:chromeOptions: {debuggerAddress: localhost:53375}, networkConnectionEnabled: false, pageLoadStrategy: normal, platformName: windows, proxy: Proxy(), se:cdp: ws://localhost:53375/devtoo..., se:cdpVersion: 132.0.6834.160, setWindowRect: true, strictFileInteractability: false, timeouts: {implicit: 0, pageLoad: 300000, script: 30000}, unhandledPromptBehavior: dismiss and notify, webauthn:extension:credBlob: true, webauthn:extension:largeBlob: true, webauthn:extension:minPinLength: true, webauthn:extension:prf: true, webauthn:virtualAuthenticators: true}
Element: [[ChromeDriver: chrome on windows (2b0c765fadc80afc0e7415867f7e7ee2)] -> xpath: //mat-label[contains(text(), 'Darbo vietos pavadinimas')]]
Session ID: 2b0c765fadc80afc0e7415867f7e7ee2
	at java.base/jdk.internal.reflect.DirectConstructorHandleAccessor.newInstance(DirectConstructorHandleAccessor.java:62)
	at java.base/java.lang.reflect.Constructor.newInstanceWithCaller(Constructor.java:502)
	at java.base/java.lang.reflect.Constructor.newInstance(Constructor.java:486)
	at org.openqa.selenium.remote.ErrorCodec.decode(ErrorCodec.java:167)
	at org.openqa.selenium.remote.codec.w3c.W3CHttpResponseCodec.decode(W3CHttpResponseCodec.java:138)
	at org.openqa.selenium.remote.codec.w3c.W3CHttpResponseCodec.decode(W3CHttpResponseCodec.java:50)
	at org.openqa.selenium.remote.HttpCommandExecutor.execute(HttpCommandExecutor.java:190)
	at org.openqa.selenium.remote.service.DriverCommandExecutor.invokeExecute(DriverCommandExecutor.java:216)
	at org.openqa.selenium.remote.service.DriverCommandExecutor.execute(DriverCommandExecutor.java:174)
	at org.openqa.selenium.remote.RemoteWebDriver.execute(RemoteWebDriver.java:545)
	at org.openqa.selenium.remote.RemoteWebElement.execute(RemoteWebElement.java:223)
	at org.openqa.selenium.remote.RemoteWebElement.click(RemoteWebElement.java:76)
	at java.base/jdk.internal.reflect.DirectMethodHandleAccessor.invoke(DirectMethodHandleAccessor.java:103)
	at java.base/java.lang.reflect.Method.invoke(Method.java:580)
	at org.openqa.selenium.support.pagefactory.internal.LocatingElementHandler.invoke(LocatingElementHandler.java:51)
	at jdk.proxy2/jdk.proxy2.$Proxy14.click(Unknown Source)
	at lt.insoft.uztis.pages.SubmittedApplicationsPage.selectDropdownJobName(SubmittedApplicationsPage.java:293)
	at lt.insoft.uztis.tests.SubmittedApplicationsPageTest.testFillNewApplication(SubmittedApplicationsPageTest.java:174)
	at java.base/jdk.internal.reflect.DirectMethodHandleAccessor.invoke(DirectMethodHandleAccessor.java:103)
	at java.base/java.lang.reflect.Method.invoke(Method.java:580)
	at org.junit.platform.commons.util.ReflectionUtils.invokeMethod(ReflectionUtils.java:728)
	at org.junit.jupiter.engine.execution.MethodInvocation.proceed(MethodInvocation.java:60)
	at org.junit.jupiter.engine.execution.InvocationInterceptorChain$ValidatingInvocation.proceed(InvocationInterceptorChain.java:131)
	at org.junit.jupiter.engine.extension.TimeoutExtension.intercept(TimeoutExtension.java:156)
	at org.junit.jupiter.engine.extension.TimeoutExtension.interceptTestableMethod(TimeoutExtension.java:147)
	at org.junit.jupiter.engine.extension.TimeoutExtension.interceptTestMethod(TimeoutExtension.java:86)
	at org.junit.jupiter.engine.execution.InterceptingExecutableInvoker$ReflectiveInterceptorCall.lambda$ofVoidMethod$0(InterceptingExecutableInvoker.java:103)
	at org.junit.jupiter.engine.execution.InterceptingExecutableInvoker.lambda$invoke$0(InterceptingExecutableInvoker.java:93)
	at org.junit.jupiter.engine.execution.InvocationInterceptorChain$InterceptedInvocation.proceed(InvocationInterceptorChain.java:106)
	at org.junit.jupiter.engine.execution.InvocationInterceptorChain.proceed(InvocationInterceptorChain.java:64)
	at org.junit.jupiter.engine.execution.InvocationInterceptorChain.chainAndInvoke(InvocationInterceptorChain.java:45)
	at org.junit.jupiter.engine.execution.InvocationInterceptorChain.invoke(InvocationInterceptorChain.java:37)
	at org.junit.jupiter.engine.execution.InterceptingExecutableInvoker.invoke(InterceptingExecutableInvoker.java:92)
	at org.junit.jupiter.engine.execution.InterceptingExecutableInvoker.invoke(InterceptingExecutableInvoker.java:86)
	at org.junit.jupiter.engine.descriptor.TestMethodTestDescriptor.lambda$invokeTestMethod$7(TestMethodTestDescriptor.java:218)
	at org.junit.platform.engine.support.hierarchical.ThrowableCollector.execute(ThrowableCollector.java:73)
	at org.junit.jupiter.engine.descriptor.TestMethodTestDescriptor.invokeTestMethod(TestMethodTestDescriptor.java:214)
	at org.junit.jupiter.engine.descriptor.TestMethodTestDescriptor.execute(TestMethodTestDescriptor.java:139)
	at org.junit.jupiter.engine.descriptor.TestMethodTestDescriptor.execute(TestMethodTestDescriptor.java:69)
	at org.junit.platform.engine.support.hierarchical.NodeTestTask.lambda$executeRecursively$6(NodeTestTask.java:151)
	at org.junit.platform.engine.support.hierarchical.ThrowableCollector.execute(ThrowableCollector.java:73)
	at org.junit.platform.engine.support.hierarchical.NodeTestTask.lambda$executeRecursively$8(NodeTestTask.java:141)
	at org.junit.platform.engine.support.hierarchical.Node.around(Node.java:137)
	at org.junit.platform.engine.support.hierarchical.NodeTestTask.lambda$executeRecursively$9(NodeTestTask.java:139)
	at org.junit.platform.engine.support.hierarchical.ThrowableCollector.execute(ThrowableCollector.java:73)
	at org.junit.platform.engine.support.hierarchical.NodeTestTask.executeRecursively(NodeTestTask.java:138)
	at org.junit.platform.engine.support.hierarchical.NodeTestTask.execute(NodeTestTask.java:95)
	at java.base/java.util.ArrayList.forEach(ArrayList.java:1596)
	at org.junit.platform.engine.support.hierarchical.SameThreadHierarchicalTestExecutorService.invokeAll(SameThreadHierarchicalTestExecutorService.java:41)
	at org.junit.platform.engine.support.hierarchical.NodeTestTask.lambda$executeRecursively$6(NodeTestTask.java:155)
	at org.junit.platform.engine.support.hierarchical.ThrowableCollector.execute(ThrowableCollector.java:73)
	at org.junit.platform.engine.support.hierarchical.NodeTestTask.lambda$executeRecursively$8(NodeTestTask.java:141)
	at org.junit.platform.engine.support.hierarchical.Node.around(Node.java:137)
	at org.junit.platform.engine.support.hierarchical.NodeTestTask.lambda$executeRecursively$9(NodeTestTask.java:139)
	at org.junit.platform.engine.support.hierarchical.ThrowableCollector.execute(ThrowableCollector.java:73)
	at org.junit.platform.engine.support.hierarchical.NodeTestTask.executeRecursively(NodeTestTask.java:138)
	at org.junit.platform.engine.support.hierarchical.NodeTestTask.execute(NodeTestTask.java:95)
	at java.base/java.util.ArrayList.forEach(ArrayList.java:1596)
	at org.junit.platform.engine.support.hierarchical.SameThreadHierarchicalTestExecutorService.invokeAll(SameThreadHierarchicalTestExecutorService.java:41)
	at org.junit.platform.engine.support.hierarchical.NodeTestTask.lambda$executeRecursively$6(NodeTestTask.java:155)
	at org.junit.platform.engine.support.hierarchical.ThrowableCollector.execute(ThrowableCollector.java:73)
	at org.junit.platform.engine.support.hierarchical.NodeTestTask.lambda$executeRecursively$8(NodeTestTask.java:141)
	at org.junit.platform.engine.support.hierarchical.Node.around(Node.java:137)
	at org.junit.platform.engine.support.hierarchical.NodeTestTask.lambda$executeRecursively$9(NodeTestTask.java:139)
	at org.junit.platform.engine.support.hierarchical.ThrowableCollector.execute(ThrowableCollector.java:73)
	at org.junit.platform.engine.support.hierarchical.NodeTestTask.executeRecursively(NodeTestTask.java:138)
	at org.junit.platform.engine.support.hierarchical.NodeTestTask.execute(NodeTestTask.java:95)
	at org.junit.platform.engine.support.hierarchical.SameThreadHierarchicalTestExecutorService.submit(SameThreadHierarchicalTestExecutorService.java:35)
	at org.junit.platform.engine.support.hierarchical.HierarchicalTestExecutor.execute(HierarchicalTestExecutor.java:57)
	at org.junit.platform.engine.support.hierarchical.HierarchicalTestEngine.execute(HierarchicalTestEngine.java:54)
	at org.junit.platform.launcher.core.EngineExecutionOrchestrator.execute(EngineExecutionOrchestrator.java:198)
	at org.junit.platform.launcher.core.EngineExecutionOrchestrator.execute(EngineExecutionOrchestrator.java:169)
	at org.junit.platform.launcher.core.EngineExecutionOrchestrator.execute(EngineExecutionOrchestrator.java:93)
	at org.junit.platform.launcher.core.EngineExecutionOrchestrator.lambda$execute$0(EngineExecutionOrchestrator.java:58)
	at org.junit.platform.launcher.core.EngineExecutionOrchestrator.withInterceptedStreams(EngineExecutionOrchestrator.java:141)
	at org.junit.platform.launcher.core.EngineExecutionOrchestrator.execute(EngineExecutionOrchestrator.java:57)
	at org.junit.platform.launcher.core.DefaultLauncher.execute(DefaultLauncher.java:103)
	at org.junit.platform.launcher.core.DefaultLauncher.execute(DefaultLauncher.java:85)
	at org.junit.platform.launcher.core.DelegatingLauncher.execute(DelegatingLauncher.java:47)
	at org.junit.platform.launcher.core.SessionPerRequestLauncher.execute(SessionPerRequestLauncher.java:63)
	at com.intellij.junit5.JUnit5IdeaTestRunner.startRunnerWithArgs(JUnit5IdeaTestRunner.java:57)
	at com.intellij.rt.junit.IdeaTestRunner$Repeater$1.execute(IdeaTestRunner.java:38)
	at com.intellij.rt.execution.junit.TestsRepeater.repeat(TestsRepeater.java:11)
	at com.intellij.rt.junit.IdeaTestRunner$Repeater.startRunnerWithArgs(IdeaTestRunner.java:35)
	at com.intellij.rt.junit.JUnitStarter.prepareStreamsAndStart(JUnitStarter.java:232)
	at com.intellij.rt.junit.JUnitStarter.main(JUnitStarter.java:55)
2025-01-31 15:21:55 [main] INFO  l.insoft.uztis.tests.utils.TestUtils - Screenshot moved to C:\Users\ingrida.zadorozniene\Desktop\Asm\UZTIS\UZTIS_tests\test-output\screenshots\20250131\152155807_testFillNewApplication().png
2025-01-31 15:22:07 [main] INFO  lt.insoft.uztis.tests.UztisPageTest - Navigated to https://uztisdev.asseco.lt/home
2025-01-31 15:22:07 [main] INFO  l.i.u.t.SubmittedApplicationsPageTest - Starting test:'testFillNewApplication'
2025-01-31 15:22:08 [main] DEBUG l.i.u.t.SubmittedApplicationsPageTest - User logged in with test credentials
2025-01-31 15:22:08 [main] DEBUG l.i.u.t.SubmittedApplicationsPageTest - Opened 'Application Processing' menu.
2025-01-31 15:22:08 [main] DEBUG l.i.u.t.SubmittedApplicationsPageTest - Clicked on 'Application Forms' menu.
2025-01-31 15:22:09 [main] DEBUG l.i.u.t.SubmittedApplicationsPageTest - Retrieved last description code text: 'TST-VUI-27'.
2025-01-31 15:22:09 [main] DEBUG l.i.u.t.SubmittedApplicationsPageTest - Clicked on 'Invitation' menu.
2025-01-31 15:22:10 [main] DEBUG l.i.u.t.SubmittedApplicationsPageTest - Selected application section by code: 'TST-VUI-27'.
2025-01-31 15:22:10 [main] DEBUG l.i.u.t.SubmittedApplicationsPageTest - Clicked 'Search' button.
2025-01-31 15:22:10 [main] DEBUG l.i.u.t.SubmittedApplicationsPageTest - Retrieved invitation code: ''.
2025-01-31 15:22:10 [main] DEBUG l.i.u.t.SubmittedApplicationsPageTest - Clicked on 'Submitted Applications' menu.
2025-01-31 15:22:11 [main] DEBUG l.i.u.t.SubmittedApplicationsPageTest - Selected invitation by code: 'TST-VUI-27'.
2025-01-31 15:22:11 [main] DEBUG l.i.u.t.SubmittedApplicationsPageTest - Clicked on 'Action Application' button.
2025-01-31 15:22:11 [main] DEBUG l.i.u.t.SubmittedApplicationsPageTest - Clicked on 'New Application' button.
2025-01-31 15:22:12 [main] DEBUG l.i.u.t.SubmittedApplicationsPageTest - Clicked on 'RadioButtonFA' button.
2025-01-31 15:22:12 [main] DEBUG l.i.u.t.SubmittedApplicationsPageTest - Entered phone number into the input field.
2025-01-31 15:22:12 [main] DEBUG l.i.u.t.SubmittedApplicationsPageTest - Entered eMail into the input field.
2025-01-31 15:22:12 [main] INFO  l.i.u.p.SubmittedApplicationsPage - Located the dropdown button.
2025-01-31 15:22:31 [main] INFO  l.i.u.p.SubmittedApplicationsPage - Found 1741 options in the dropdown.
2025-01-31 15:22:32 [main] INFO  l.i.u.p.SubmittedApplicationsPage - Successfully selected the value: '01.11 - Grūdinių (išskyrus ryžius), ankštinių ir aliejingų sėklų augalų auginimas'
2025-01-31 15:22:42 [main] ERROR l.i.u.p.SubmittedApplicationsPage - Failed to close the dropdown with aria-expanded = 'false'. Attempting manual close.
2025-01-31 15:22:42 [main] INFO  l.i.u.p.SubmittedApplicationsPage - Manual close attempt for the dropdown using body click.
2025-01-31 15:22:42 [main] DEBUG l.i.u.t.SubmittedApplicationsPageTest - Entered Address into the input field.
2025-01-31 15:22:43 [main] DEBUG l.i.u.t.SubmittedApplicationsPageTest - Entered Address into the input field.
2025-01-31 15:22:43 [main] INFO  l.i.u.p.SubmittedApplicationsPage - Located the dropdown button.
2025-01-31 15:22:44 [main] INFO  l.i.u.p.SubmittedApplicationsPage - Successfully selected the value: 'Administratoriai'
2025-01-31 15:23:04 [main] ERROR l.i.u.p.SubmittedApplicationsPage - Timeout while waiting for dropdown to close with aria-expanded = 'false'.
2025-01-31 15:23:04 [main] DEBUG l.i.u.t.SubmittedApplicationsPageTest - Selected the value: 'Administratoriai'
2025-01-31 15:23:04 [main] INFO  l.i.u.p.SubmittedApplicationsPage - Clicking on the dropdown button.
2025-01-31 15:23:05 [main] INFO  l.i.u.p.SubmittedApplicationsPage - Found 34 options in the dropdown.
2025-01-31 15:23:05 [main] DEBUG l.i.u.p.SubmittedApplicationsPage - Checking option: 'Asmenys, kuriems suteiktas pabėgėlio statusas ar perkeliamojo asmens statusas, arba asmenys, kuriems suteikta papildoma ar laikinoji apsauga, ir asmenys, turintys teisę gauti laikinąją apsaugą, iki sprendimo dėl laikinosios apsaugos suteikimo (nesuteikimo) priėmimo, tačiau ne ilgiau kaip laikinosios apsaugos laikotarpiu'
2025-01-31 15:23:05 [main] DEBUG l.i.u.p.SubmittedApplicationsPage - Checking option: 'Asmenys, kuriems suteiktas pabėgėlio statusas ar perkeliamojo asmens statusas, arba asmenys, kuriems suteikta papildoma ar laikinoji apsauga, ir asmenys, turintys teisę gauti laikinąją apsaugą, iki sprendimo dėl laikinosios apsaugos suteikimo (nesuteikimo) priėmimo, tačiau ne ilgiau kaip laikinosios apsaugos laikotarpiu'
2025-01-31 15:23:05 [main] DEBUG l.i.u.p.SubmittedApplicationsPage - Checking option: 'Asmenys, turintys teisę į papildomas užimtumo garantijas pagal Lietuvos Respublikos valstybės įmonės Ignalinos atominės elektrinės darbuotojų papildomų užimtumo ir socialinių garantijų įstatymą'
2025-01-31 15:23:05 [main] DEBUG l.i.u.p.SubmittedApplicationsPage - Checking option: 'Asmenys, turintys teisę į papildomas užimtumo garantijas pagal Lietuvos Respublikos valstybės įmonės Ignalinos atominės elektrinės darbuotojų papildomų užimtumo ir socialinių garantijų įstatymą'
2025-01-31 15:23:06 [main] DEBUG l.i.u.p.SubmittedApplicationsPage - Checking option: 'Bedarbiai iki 29 metų'
2025-01-31 15:23:06 [main] DEBUG l.i.u.p.SubmittedApplicationsPage - Checking option: 'Bedarbiai iki 29 metų'
2025-01-31 15:23:06 [main] DEBUG l.i.u.p.SubmittedApplicationsPage - Checking option: 'Bedarbiai, kurie yra darbingo amžiaus neįgalieji, kuriems nustatytas 30–40 procentų darbingumo lygis arba vidutinis neįgalumo lygis'
2025-01-31 15:23:06 [main] DEBUG l.i.u.p.SubmittedApplicationsPage - Checking option: 'Bedarbiai, kurie yra darbingo amžiaus neįgalieji, kuriems nustatytas 30–40 procentų darbingumo lygis arba vidutinis neįgalumo lygis'
2025-01-31 15:23:06 [main] DEBUG l.i.u.p.SubmittedApplicationsPage - Checking option: 'Bedarbiai, kurie yra darbingo amžiaus neįgalieji, kuriems nustatytas 45–55 procentų darbingumo lygis arba lengvas neįgalumo lygis'
2025-01-31 15:23:06 [main] DEBUG l.i.u.p.SubmittedApplicationsPage - Checking option: 'Bedarbiai, kurie yra darbingo amžiaus neįgalieji, kuriems nustatytas 45–55 procentų darbingumo lygis arba lengvas neįgalumo lygis'
2025-01-31 15:23:06 [main] DEBUG l.i.u.p.SubmittedApplicationsPage - Checking option: 'Bedarbiai, kurie yra darbingo amžiaus neįgalieji, kuriems nustatytas iki 25 procentų darbingumo lygis arba sunkus neįgalumo lygis'
2025-01-31 15:23:06 [main] INFO  l.i.u.p.SubmittedApplicationsPage - Successfully selected the value: 'Bedarbiai, kurie yra darbingo amžiaus neįgalieji, kuriems nustatytas iki 25 procentų darbingumo lygis arba sunkus neįgalumo lygis'
2025-01-31 15:23:06 [main] INFO  l.i.u.p.SubmittedApplicationsPage - Attempting to close the dropdown.
2025-01-31 15:23:06 [main] INFO  l.i.u.p.SubmittedApplicationsPage - Body classes: ng-tns-0-22
2025-01-31 15:23:07 [main] INFO  l.i.u.p.SubmittedApplicationsPage - Clicked on backdrop with mousedown/mouseup.
2025-01-31 15:23:07 [main] INFO  l.i.u.p.SubmittedApplicationsPage - Dropdown should be closed now.
2025-01-31 15:23:07 [main] INFO  l.i.u.p.SubmittedApplicationsPage - Located the dropdown button.
2025-01-31 15:23:08 [main] ERROR l.i.u.t.SubmittedApplicationsPageTest - Test 'testFillNewApplication' failed with error: element click intercepted: Element <mat-label>...</mat-label> is not clickable at point (489, 653). Other element would receive the click: <mat-option role="option" class="mat-mdc-option mdc-list-item mat-mdc-option-multiple ng-tns-c1073613477-79 ng-star-inserted" id="mat-option-1005" aria-selected="false" aria-disabled="false" style="">...</mat-option>
  (Session info: chrome=132.0.6834.160)
Build info: version: '4.27.0', revision: 'd6e718d134'
System info: os.name: 'Windows 11', os.arch: 'amd64', os.version: '10.0', java.version: '21.0.3'
Driver info: org.openqa.selenium.chrome.ChromeDriver
Command: [8e6dc56dc2292755cd708b73c4e8d596, clickElement {id=f.CBF925C9525B262C25CF7366619D0E76.d.F750D1D2DC2D161B6EDDF9DC04C423EC.e.2160}]
Capabilities {acceptInsecureCerts: false, browserName: chrome, browserVersion: 132.0.6834.160, chrome: {chromedriverVersion: 132.0.6834.159 (2d77d3fc445..., userDataDir: C:\Users\INGRID~1.ZAD\AppDa...}, fedcm:accounts: true, goog:chromeOptions: {debuggerAddress: localhost:53420}, networkConnectionEnabled: false, pageLoadStrategy: normal, platformName: windows, proxy: Proxy(), se:cdp: ws://localhost:53420/devtoo..., se:cdpVersion: 132.0.6834.160, setWindowRect: true, strictFileInteractability: false, timeouts: {implicit: 0, pageLoad: 300000, script: 30000}, unhandledPromptBehavior: dismiss and notify, webauthn:extension:credBlob: true, webauthn:extension:largeBlob: true, webauthn:extension:minPinLength: true, webauthn:extension:prf: true, webauthn:virtualAuthenticators: true}
Element: [[ChromeDriver: chrome on windows (8e6dc56dc2292755cd708b73c4e8d596)] -> xpath: //mat-label[contains(text(), 'Darbo laiko norma ir darbo laiko režimas')]]
Session ID: 8e6dc56dc2292755cd708b73c4e8d596
org.openqa.selenium.ElementClickInterceptedException: element click intercepted: Element <mat-label>...</mat-label> is not clickable at point (489, 653). Other element would receive the click: <mat-option role="option" class="mat-mdc-option mdc-list-item mat-mdc-option-multiple ng-tns-c1073613477-79 ng-star-inserted" id="mat-option-1005" aria-selected="false" aria-disabled="false" style="">...</mat-option>
  (Session info: chrome=132.0.6834.160)
Build info: version: '4.27.0', revision: 'd6e718d134'
System info: os.name: 'Windows 11', os.arch: 'amd64', os.version: '10.0', java.version: '21.0.3'
Driver info: org.openqa.selenium.chrome.ChromeDriver
Command: [8e6dc56dc2292755cd708b73c4e8d596, clickElement {id=f.CBF925C9525B262C25CF7366619D0E76.d.F750D1D2DC2D161B6EDDF9DC04C423EC.e.2160}]
Capabilities {acceptInsecureCerts: false, browserName: chrome, browserVersion: 132.0.6834.160, chrome: {chromedriverVersion: 132.0.6834.159 (2d77d3fc445..., userDataDir: C:\Users\INGRID~1.ZAD\AppDa...}, fedcm:accounts: true, goog:chromeOptions: {debuggerAddress: localhost:53420}, networkConnectionEnabled: false, pageLoadStrategy: normal, platformName: windows, proxy: Proxy(), se:cdp: ws://localhost:53420/devtoo..., se:cdpVersion: 132.0.6834.160, setWindowRect: true, strictFileInteractability: false, timeouts: {implicit: 0, pageLoad: 300000, script: 30000}, unhandledPromptBehavior: dismiss and notify, webauthn:extension:credBlob: true, webauthn:extension:largeBlob: true, webauthn:extension:minPinLength: true, webauthn:extension:prf: true, webauthn:virtualAuthenticators: true}
Element: [[ChromeDriver: chrome on windows (8e6dc56dc2292755cd708b73c4e8d596)] -> xpath: //mat-label[contains(text(), 'Darbo laiko norma ir darbo laiko režimas')]]
Session ID: 8e6dc56dc2292755cd708b73c4e8d596
	at java.base/jdk.internal.reflect.DirectConstructorHandleAccessor.newInstance(DirectConstructorHandleAccessor.java:62)
	at java.base/java.lang.reflect.Constructor.newInstanceWithCaller(Constructor.java:502)
	at java.base/java.lang.reflect.Constructor.newInstance(Constructor.java:486)
	at org.openqa.selenium.remote.ErrorCodec.decode(ErrorCodec.java:167)
	at org.openqa.selenium.remote.codec.w3c.W3CHttpResponseCodec.decode(W3CHttpResponseCodec.java:138)
	at org.openqa.selenium.remote.codec.w3c.W3CHttpResponseCodec.decode(W3CHttpResponseCodec.java:50)
	at org.openqa.selenium.remote.HttpCommandExecutor.execute(HttpCommandExecutor.java:190)
	at org.openqa.selenium.remote.service.DriverCommandExecutor.invokeExecute(DriverCommandExecutor.java:216)
	at org.openqa.selenium.remote.service.DriverCommandExecutor.execute(DriverCommandExecutor.java:174)
	at org.openqa.selenium.remote.RemoteWebDriver.execute(RemoteWebDriver.java:545)
	at org.openqa.selenium.remote.RemoteWebElement.execute(RemoteWebElement.java:223)
	at org.openqa.selenium.remote.RemoteWebElement.click(RemoteWebElement.java:76)
	at java.base/jdk.internal.reflect.DirectMethodHandleAccessor.invoke(DirectMethodHandleAccessor.java:103)
	at java.base/java.lang.reflect.Method.invoke(Method.java:580)
	at org.openqa.selenium.support.pagefactory.internal.LocatingElementHandler.invoke(LocatingElementHandler.java:51)
	at jdk.proxy2/jdk.proxy2.$Proxy14.click(Unknown Source)
	at lt.insoft.uztis.pages.SubmittedApplicationsPage.selectDropdownTimeMode(SubmittedApplicationsPage.java:448)
	at lt.insoft.uztis.tests.SubmittedApplicationsPageTest.testFillNewApplication(SubmittedApplicationsPageTest.java:187)
	at java.base/jdk.internal.reflect.DirectMethodHandleAccessor.invoke(DirectMethodHandleAccessor.java:103)
	at java.base/java.lang.reflect.Method.invoke(Method.java:580)
	at org.junit.platform.commons.util.ReflectionUtils.invokeMethod(ReflectionUtils.java:728)
	at org.junit.jupiter.engine.execution.MethodInvocation.proceed(MethodInvocation.java:60)
	at org.junit.jupiter.engine.execution.InvocationInterceptorChain$ValidatingInvocation.proceed(InvocationInterceptorChain.java:131)
	at org.junit.jupiter.engine.extension.TimeoutExtension.intercept(TimeoutExtension.java:156)
	at org.junit.jupiter.engine.extension.TimeoutExtension.interceptTestableMethod(TimeoutExtension.java:147)
	at org.junit.jupiter.engine.extension.TimeoutExtension.interceptTestMethod(TimeoutExtension.java:86)
	at org.junit.jupiter.engine.execution.InterceptingExecutableInvoker$ReflectiveInterceptorCall.lambda$ofVoidMethod$0(InterceptingExecutableInvoker.java:103)
	at org.junit.jupiter.engine.execution.InterceptingExecutableInvoker.lambda$invoke$0(InterceptingExecutableInvoker.java:93)
	at org.junit.jupiter.engine.execution.InvocationInterceptorChain$InterceptedInvocation.proceed(InvocationInterceptorChain.java:106)
	at org.junit.jupiter.engine.execution.InvocationInterceptorChain.proceed(InvocationInterceptorChain.java:64)
	at org.junit.jupiter.engine.execution.InvocationInterceptorChain.chainAndInvoke(InvocationInterceptorChain.java:45)
	at org.junit.jupiter.engine.execution.InvocationInterceptorChain.invoke(InvocationInterceptorChain.java:37)
	at org.junit.jupiter.engine.execution.InterceptingExecutableInvoker.invoke(InterceptingExecutableInvoker.java:92)
	at org.junit.jupiter.engine.execution.InterceptingExecutableInvoker.invoke(InterceptingExecutableInvoker.java:86)
	at org.junit.jupiter.engine.descriptor.TestMethodTestDescriptor.lambda$invokeTestMethod$7(TestMethodTestDescriptor.java:218)
	at org.junit.platform.engine.support.hierarchical.ThrowableCollector.execute(ThrowableCollector.java:73)
	at org.junit.jupiter.engine.descriptor.TestMethodTestDescriptor.invokeTestMethod(TestMethodTestDescriptor.java:214)
	at org.junit.jupiter.engine.descriptor.TestMethodTestDescriptor.execute(TestMethodTestDescriptor.java:139)
	at org.junit.jupiter.engine.descriptor.TestMethodTestDescriptor.execute(TestMethodTestDescriptor.java:69)
	at org.junit.platform.engine.support.hierarchical.NodeTestTask.lambda$executeRecursively$6(NodeTestTask.java:151)
	at org.junit.platform.engine.support.hierarchical.ThrowableCollector.execute(ThrowableCollector.java:73)
	at org.junit.platform.engine.support.hierarchical.NodeTestTask.lambda$executeRecursively$8(NodeTestTask.java:141)
	at org.junit.platform.engine.support.hierarchical.Node.around(Node.java:137)
	at org.junit.platform.engine.support.hierarchical.NodeTestTask.lambda$executeRecursively$9(NodeTestTask.java:139)
	at org.junit.platform.engine.support.hierarchical.ThrowableCollector.execute(ThrowableCollector.java:73)
	at org.junit.platform.engine.support.hierarchical.NodeTestTask.executeRecursively(NodeTestTask.java:138)
	at org.junit.platform.engine.support.hierarchical.NodeTestTask.execute(NodeTestTask.java:95)
	at java.base/java.util.ArrayList.forEach(ArrayList.java:1596)
	at org.junit.platform.engine.support.hierarchical.SameThreadHierarchicalTestExecutorService.invokeAll(SameThreadHierarchicalTestExecutorService.java:41)
	at org.junit.platform.engine.support.hierarchical.NodeTestTask.lambda$executeRecursively$6(NodeTestTask.java:155)
	at org.junit.platform.engine.support.hierarchical.ThrowableCollector.execute(ThrowableCollector.java:73)
	at org.junit.platform.engine.support.hierarchical.NodeTestTask.lambda$executeRecursively$8(NodeTestTask.java:141)
	at org.junit.platform.engine.support.hierarchical.Node.around(Node.java:137)
	at org.junit.platform.engine.support.hierarchical.NodeTestTask.lambda$executeRecursively$9(NodeTestTask.java:139)
	at org.junit.platform.engine.support.hierarchical.ThrowableCollector.execute(ThrowableCollector.java:73)
	at org.junit.platform.engine.support.hierarchical.NodeTestTask.executeRecursively(NodeTestTask.java:138)
	at org.junit.platform.engine.support.hierarchical.NodeTestTask.execute(NodeTestTask.java:95)
	at java.base/java.util.ArrayList.forEach(ArrayList.java:1596)
	at org.junit.platform.engine.support.hierarchical.SameThreadHierarchicalTestExecutorService.invokeAll(SameThreadHierarchicalTestExecutorService.java:41)
	at org.junit.platform.engine.support.hierarchical.NodeTestTask.lambda$executeRecursively$6(NodeTestTask.java:155)
	at org.junit.platform.engine.support.hierarchical.ThrowableCollector.execute(ThrowableCollector.java:73)
	at org.junit.platform.engine.support.hierarchical.NodeTestTask.lambda$executeRecursively$8(NodeTestTask.java:141)
	at org.junit.platform.engine.support.hierarchical.Node.around(Node.java:137)
	at org.junit.platform.engine.support.hierarchical.NodeTestTask.lambda$executeRecursively$9(NodeTestTask.java:139)
	at org.junit.platform.engine.support.hierarchical.ThrowableCollector.execute(ThrowableCollector.java:73)
	at org.junit.platform.engine.support.hierarchical.NodeTestTask.executeRecursively(NodeTestTask.java:138)
	at org.junit.platform.engine.support.hierarchical.NodeTestTask.execute(NodeTestTask.java:95)
	at org.junit.platform.engine.support.hierarchical.SameThreadHierarchicalTestExecutorService.submit(SameThreadHierarchicalTestExecutorService.java:35)
	at org.junit.platform.engine.support.hierarchical.HierarchicalTestExecutor.execute(HierarchicalTestExecutor.java:57)
	at org.junit.platform.engine.support.hierarchical.HierarchicalTestEngine.execute(HierarchicalTestEngine.java:54)
	at org.junit.platform.launcher.core.EngineExecutionOrchestrator.execute(EngineExecutionOrchestrator.java:198)
	at org.junit.platform.launcher.core.EngineExecutionOrchestrator.execute(EngineExecutionOrchestrator.java:169)
	at org.junit.platform.launcher.core.EngineExecutionOrchestrator.execute(EngineExecutionOrchestrator.java:93)
	at org.junit.platform.launcher.core.EngineExecutionOrchestrator.lambda$execute$0(EngineExecutionOrchestrator.java:58)
	at org.junit.platform.launcher.core.EngineExecutionOrchestrator.withInterceptedStreams(EngineExecutionOrchestrator.java:141)
	at org.junit.platform.launcher.core.EngineExecutionOrchestrator.execute(EngineExecutionOrchestrator.java:57)
	at org.junit.platform.launcher.core.DefaultLauncher.execute(DefaultLauncher.java:103)
	at org.junit.platform.launcher.core.DefaultLauncher.execute(DefaultLauncher.java:85)
	at org.junit.platform.launcher.core.DelegatingLauncher.execute(DelegatingLauncher.java:47)
	at org.junit.platform.launcher.core.SessionPerRequestLauncher.execute(SessionPerRequestLauncher.java:63)
	at com.intellij.junit5.JUnit5IdeaTestRunner.startRunnerWithArgs(JUnit5IdeaTestRunner.java:57)
	at com.intellij.rt.junit.IdeaTestRunner$Repeater$1.execute(IdeaTestRunner.java:38)
	at com.intellij.rt.execution.junit.TestsRepeater.repeat(TestsRepeater.java:11)
	at com.intellij.rt.junit.IdeaTestRunner$Repeater.startRunnerWithArgs(IdeaTestRunner.java:35)
	at com.intellij.rt.junit.JUnitStarter.prepareStreamsAndStart(JUnitStarter.java:232)
	at com.intellij.rt.junit.JUnitStarter.main(JUnitStarter.java:55)
2025-01-31 15:23:08 [main] INFO  l.insoft.uztis.tests.utils.TestUtils - Screenshot moved to C:\Users\ingrida.zadorozniene\Desktop\Asm\UZTIS\UZTIS_tests\test-output\screenshots\20250131\152308386_testFillNewApplication().png
2025-01-31 15:25:38 [main] INFO  lt.insoft.uztis.tests.UztisPageTest - Navigated to https://uztisdev.asseco.lt/home
2025-01-31 15:25:39 [main] INFO  l.i.u.t.SubmittedApplicationsPageTest - Starting test:'testFillNewApplication'
2025-01-31 15:25:39 [main] DEBUG l.i.u.t.SubmittedApplicationsPageTest - User logged in with test credentials
2025-01-31 15:25:39 [main] DEBUG l.i.u.t.SubmittedApplicationsPageTest - Opened 'Application Processing' menu.
2025-01-31 15:25:39 [main] DEBUG l.i.u.t.SubmittedApplicationsPageTest - Clicked on 'Application Forms' menu.
2025-01-31 15:25:40 [main] DEBUG l.i.u.t.SubmittedApplicationsPageTest - Retrieved last description code text: 'TST-VUI-27'.
2025-01-31 15:25:40 [main] DEBUG l.i.u.t.SubmittedApplicationsPageTest - Clicked on 'Invitation' menu.
2025-01-31 15:25:41 [main] DEBUG l.i.u.t.SubmittedApplicationsPageTest - Selected application section by code: 'TST-VUI-27'.
2025-01-31 15:25:41 [main] DEBUG l.i.u.t.SubmittedApplicationsPageTest - Clicked 'Search' button.
2025-01-31 15:25:41 [main] DEBUG l.i.u.t.SubmittedApplicationsPageTest - Retrieved invitation code: ''.
2025-01-31 15:25:41 [main] DEBUG l.i.u.t.SubmittedApplicationsPageTest - Clicked on 'Submitted Applications' menu.
2025-01-31 15:25:42 [main] DEBUG l.i.u.t.SubmittedApplicationsPageTest - Selected invitation by code: 'TST-VUI-27'.
2025-01-31 15:25:42 [main] DEBUG l.i.u.t.SubmittedApplicationsPageTest - Clicked on 'Action Application' button.
2025-01-31 15:25:42 [main] DEBUG l.i.u.t.SubmittedApplicationsPageTest - Clicked on 'New Application' button.
2025-01-31 15:25:43 [main] DEBUG l.i.u.t.SubmittedApplicationsPageTest - Clicked on 'RadioButtonFA' button.
2025-01-31 15:25:43 [main] DEBUG l.i.u.t.SubmittedApplicationsPageTest - Entered phone number into the input field.
2025-01-31 15:25:43 [main] DEBUG l.i.u.t.SubmittedApplicationsPageTest - Entered eMail into the input field.
2025-01-31 15:25:43 [main] INFO  l.i.u.p.SubmittedApplicationsPage - Located the dropdown button.
2025-01-31 15:26:00 [main] INFO  l.i.u.p.SubmittedApplicationsPage - Found 1741 options in the dropdown.
2025-01-31 15:26:00 [main] INFO  l.i.u.p.SubmittedApplicationsPage - Successfully selected the value: '01.11 - Grūdinių (išskyrus ryžius), ankštinių ir aliejingų sėklų augalų auginimas'
2025-01-31 15:26:11 [main] ERROR l.i.u.p.SubmittedApplicationsPage - Failed to close the dropdown with aria-expanded = 'false'. Attempting manual close.
2025-01-31 15:26:11 [main] INFO  l.i.u.p.SubmittedApplicationsPage - Manual close attempt for the dropdown using body click.
2025-01-31 15:26:11 [main] DEBUG l.i.u.t.SubmittedApplicationsPageTest - Entered Address into the input field.
2025-01-31 15:26:11 [main] DEBUG l.i.u.t.SubmittedApplicationsPageTest - Entered Address into the input field.
2025-01-31 15:26:12 [main] INFO  l.i.u.p.SubmittedApplicationsPage - Located the dropdown button.
2025-01-31 15:26:13 [main] INFO  l.i.u.p.SubmittedApplicationsPage - Successfully selected the value: 'Administratoriai'
2025-01-31 15:26:33 [main] ERROR l.i.u.p.SubmittedApplicationsPage - Timeout while waiting for dropdown to close with aria-expanded = 'false'.
2025-01-31 15:26:33 [main] DEBUG l.i.u.t.SubmittedApplicationsPageTest - Selected the value: 'Administratoriai'
2025-01-31 15:26:33 [main] INFO  l.i.u.p.SubmittedApplicationsPage - Clicking on the dropdown button.
2025-01-31 15:26:34 [main] INFO  l.i.u.p.SubmittedApplicationsPage - Found 34 options in the dropdown.
2025-01-31 15:26:34 [main] DEBUG l.i.u.p.SubmittedApplicationsPage - Checking option: 'Asmenys, kuriems suteiktas pabėgėlio statusas ar perkeliamojo asmens statusas, arba asmenys, kuriems suteikta papildoma ar laikinoji apsauga, ir asmenys, turintys teisę gauti laikinąją apsaugą, iki sprendimo dėl laikinosios apsaugos suteikimo (nesuteikimo) priėmimo, tačiau ne ilgiau kaip laikinosios apsaugos laikotarpiu'
2025-01-31 15:26:34 [main] DEBUG l.i.u.p.SubmittedApplicationsPage - Checking option: 'Asmenys, kuriems suteiktas pabėgėlio statusas ar perkeliamojo asmens statusas, arba asmenys, kuriems suteikta papildoma ar laikinoji apsauga, ir asmenys, turintys teisę gauti laikinąją apsaugą, iki sprendimo dėl laikinosios apsaugos suteikimo (nesuteikimo) priėmimo, tačiau ne ilgiau kaip laikinosios apsaugos laikotarpiu'
2025-01-31 15:26:34 [main] DEBUG l.i.u.p.SubmittedApplicationsPage - Checking option: 'Asmenys, turintys teisę į papildomas užimtumo garantijas pagal Lietuvos Respublikos valstybės įmonės Ignalinos atominės elektrinės darbuotojų papildomų užimtumo ir socialinių garantijų įstatymą'
2025-01-31 15:26:34 [main] DEBUG l.i.u.p.SubmittedApplicationsPage - Checking option: 'Asmenys, turintys teisę į papildomas užimtumo garantijas pagal Lietuvos Respublikos valstybės įmonės Ignalinos atominės elektrinės darbuotojų papildomų užimtumo ir socialinių garantijų įstatymą'
2025-01-31 15:26:34 [main] DEBUG l.i.u.p.SubmittedApplicationsPage - Checking option: 'Bedarbiai iki 29 metų'
2025-01-31 15:26:34 [main] DEBUG l.i.u.p.SubmittedApplicationsPage - Checking option: 'Bedarbiai iki 29 metų'
2025-01-31 15:26:34 [main] DEBUG l.i.u.p.SubmittedApplicationsPage - Checking option: 'Bedarbiai, kurie yra darbingo amžiaus neįgalieji, kuriems nustatytas 30–40 procentų darbingumo lygis arba vidutinis neįgalumo lygis'
2025-01-31 15:26:34 [main] DEBUG l.i.u.p.SubmittedApplicationsPage - Checking option: 'Bedarbiai, kurie yra darbingo amžiaus neįgalieji, kuriems nustatytas 30–40 procentų darbingumo lygis arba vidutinis neįgalumo lygis'
2025-01-31 15:26:34 [main] DEBUG l.i.u.p.SubmittedApplicationsPage - Checking option: 'Bedarbiai, kurie yra darbingo amžiaus neįgalieji, kuriems nustatytas 45–55 procentų darbingumo lygis arba lengvas neįgalumo lygis'
2025-01-31 15:26:34 [main] DEBUG l.i.u.p.SubmittedApplicationsPage - Checking option: 'Bedarbiai, kurie yra darbingo amžiaus neįgalieji, kuriems nustatytas 45–55 procentų darbingumo lygis arba lengvas neįgalumo lygis'
2025-01-31 15:26:34 [main] DEBUG l.i.u.p.SubmittedApplicationsPage - Checking option: 'Bedarbiai, kurie yra darbingo amžiaus neįgalieji, kuriems nustatytas iki 25 procentų darbingumo lygis arba sunkus neįgalumo lygis'
2025-01-31 15:26:34 [main] INFO  l.i.u.p.SubmittedApplicationsPage - Successfully selected the value: 'Bedarbiai, kurie yra darbingo amžiaus neįgalieji, kuriems nustatytas iki 25 procentų darbingumo lygis arba sunkus neįgalumo lygis'
2025-01-31 15:26:34 [main] INFO  l.i.u.p.SubmittedApplicationsPage - Attempting to close the dropdown.
2025-01-31 15:26:34 [main] ERROR l.i.u.p.SubmittedApplicationsPage - Error occurred while selecting value: move target out of bounds
  (Session info: chrome=132.0.6834.160)
Build info: version: '4.27.0', revision: 'd6e718d134'
System info: os.name: 'Windows 11', os.arch: 'amd64', os.version: '10.0', java.version: '21.0.3'
Driver info: org.openqa.selenium.chrome.ChromeDriver
Command: [0a3a1b1647f7a5a767d157ca7969d8de, actions {actions=[org.openqa.selenium.interactions.Sequence@631990cc]}]
Capabilities {acceptInsecureCerts: false, browserName: chrome, browserVersion: 132.0.6834.160, chrome: {chromedriverVersion: 132.0.6834.159 (2d77d3fc445..., userDataDir: C:\Users\INGRID~1.ZAD\AppDa...}, fedcm:accounts: true, goog:chromeOptions: {debuggerAddress: localhost:53568}, networkConnectionEnabled: false, pageLoadStrategy: normal, platformName: windows, proxy: Proxy(), se:cdp: ws://localhost:53568/devtoo..., se:cdpVersion: 132.0.6834.160, setWindowRect: true, strictFileInteractability: false, timeouts: {implicit: 0, pageLoad: 300000, script: 30000}, unhandledPromptBehavior: dismiss and notify, webauthn:extension:credBlob: true, webauthn:extension:largeBlob: true, webauthn:extension:minPinLength: true, webauthn:extension:prf: true, webauthn:virtualAuthenticators: true}
Session ID: 0a3a1b1647f7a5a767d157ca7969d8de
2025-01-31 15:26:34 [main] ERROR l.i.u.t.SubmittedApplicationsPageTest - Test 'testFillNewApplication' failed with error: Failed to select value from dropdown.
java.lang.RuntimeException: Failed to select value from dropdown.
	at lt.insoft.uztis.pages.SubmittedApplicationsPage.selectValueByListDisabilitiesType(SubmittedApplicationsPage.java:423)
	at lt.insoft.uztis.tests.SubmittedApplicationsPageTest.testFillNewApplication(SubmittedApplicationsPageTest.java:183)
	at java.base/jdk.internal.reflect.DirectMethodHandleAccessor.invoke(DirectMethodHandleAccessor.java:103)
	at java.base/java.lang.reflect.Method.invoke(Method.java:580)
	at org.junit.platform.commons.util.ReflectionUtils.invokeMethod(ReflectionUtils.java:728)
	at org.junit.jupiter.engine.execution.MethodInvocation.proceed(MethodInvocation.java:60)
	at org.junit.jupiter.engine.execution.InvocationInterceptorChain$ValidatingInvocation.proceed(InvocationInterceptorChain.java:131)
	at org.junit.jupiter.engine.extension.TimeoutExtension.intercept(TimeoutExtension.java:156)
	at org.junit.jupiter.engine.extension.TimeoutExtension.interceptTestableMethod(TimeoutExtension.java:147)
	at org.junit.jupiter.engine.extension.TimeoutExtension.interceptTestMethod(TimeoutExtension.java:86)
	at org.junit.jupiter.engine.execution.InterceptingExecutableInvoker$ReflectiveInterceptorCall.lambda$ofVoidMethod$0(InterceptingExecutableInvoker.java:103)
	at org.junit.jupiter.engine.execution.InterceptingExecutableInvoker.lambda$invoke$0(InterceptingExecutableInvoker.java:93)
	at org.junit.jupiter.engine.execution.InvocationInterceptorChain$InterceptedInvocation.proceed(InvocationInterceptorChain.java:106)
	at org.junit.jupiter.engine.execution.InvocationInterceptorChain.proceed(InvocationInterceptorChain.java:64)
	at org.junit.jupiter.engine.execution.InvocationInterceptorChain.chainAndInvoke(InvocationInterceptorChain.java:45)
	at org.junit.jupiter.engine.execution.InvocationInterceptorChain.invoke(InvocationInterceptorChain.java:37)
	at org.junit.jupiter.engine.execution.InterceptingExecutableInvoker.invoke(InterceptingExecutableInvoker.java:92)
	at org.junit.jupiter.engine.execution.InterceptingExecutableInvoker.invoke(InterceptingExecutableInvoker.java:86)
	at org.junit.jupiter.engine.descriptor.TestMethodTestDescriptor.lambda$invokeTestMethod$7(TestMethodTestDescriptor.java:218)
	at org.junit.platform.engine.support.hierarchical.ThrowableCollector.execute(ThrowableCollector.java:73)
	at org.junit.jupiter.engine.descriptor.TestMethodTestDescriptor.invokeTestMethod(TestMethodTestDescriptor.java:214)
	at org.junit.jupiter.engine.descriptor.TestMethodTestDescriptor.execute(TestMethodTestDescriptor.java:139)
	at org.junit.jupiter.engine.descriptor.TestMethodTestDescriptor.execute(TestMethodTestDescriptor.java:69)
	at org.junit.platform.engine.support.hierarchical.NodeTestTask.lambda$executeRecursively$6(NodeTestTask.java:151)
	at org.junit.platform.engine.support.hierarchical.ThrowableCollector.execute(ThrowableCollector.java:73)
	at org.junit.platform.engine.support.hierarchical.NodeTestTask.lambda$executeRecursively$8(NodeTestTask.java:141)
	at org.junit.platform.engine.support.hierarchical.Node.around(Node.java:137)
	at org.junit.platform.engine.support.hierarchical.NodeTestTask.lambda$executeRecursively$9(NodeTestTask.java:139)
	at org.junit.platform.engine.support.hierarchical.ThrowableCollector.execute(ThrowableCollector.java:73)
	at org.junit.platform.engine.support.hierarchical.NodeTestTask.executeRecursively(NodeTestTask.java:138)
	at org.junit.platform.engine.support.hierarchical.NodeTestTask.execute(NodeTestTask.java:95)
	at java.base/java.util.ArrayList.forEach(ArrayList.java:1596)
	at org.junit.platform.engine.support.hierarchical.SameThreadHierarchicalTestExecutorService.invokeAll(SameThreadHierarchicalTestExecutorService.java:41)
	at org.junit.platform.engine.support.hierarchical.NodeTestTask.lambda$executeRecursively$6(NodeTestTask.java:155)
	at org.junit.platform.engine.support.hierarchical.ThrowableCollector.execute(ThrowableCollector.java:73)
	at org.junit.platform.engine.support.hierarchical.NodeTestTask.lambda$executeRecursively$8(NodeTestTask.java:141)
	at org.junit.platform.engine.support.hierarchical.Node.around(Node.java:137)
	at org.junit.platform.engine.support.hierarchical.NodeTestTask.lambda$executeRecursively$9(NodeTestTask.java:139)
	at org.junit.platform.engine.support.hierarchical.ThrowableCollector.execute(ThrowableCollector.java:73)
	at org.junit.platform.engine.support.hierarchical.NodeTestTask.executeRecursively(NodeTestTask.java:138)
	at org.junit.platform.engine.support.hierarchical.NodeTestTask.execute(NodeTestTask.java:95)
	at java.base/java.util.ArrayList.forEach(ArrayList.java:1596)
	at org.junit.platform.engine.support.hierarchical.SameThreadHierarchicalTestExecutorService.invokeAll(SameThreadHierarchicalTestExecutorService.java:41)
	at org.junit.platform.engine.support.hierarchical.NodeTestTask.lambda$executeRecursively$6(NodeTestTask.java:155)
	at org.junit.platform.engine.support.hierarchical.ThrowableCollector.execute(ThrowableCollector.java:73)
	at org.junit.platform.engine.support.hierarchical.NodeTestTask.lambda$executeRecursively$8(NodeTestTask.java:141)
	at org.junit.platform.engine.support.hierarchical.Node.around(Node.java:137)
	at org.junit.platform.engine.support.hierarchical.NodeTestTask.lambda$executeRecursively$9(NodeTestTask.java:139)
	at org.junit.platform.engine.support.hierarchical.ThrowableCollector.execute(ThrowableCollector.java:73)
	at org.junit.platform.engine.support.hierarchical.NodeTestTask.executeRecursively(NodeTestTask.java:138)
	at org.junit.platform.engine.support.hierarchical.NodeTestTask.execute(NodeTestTask.java:95)
	at org.junit.platform.engine.support.hierarchical.SameThreadHierarchicalTestExecutorService.submit(SameThreadHierarchicalTestExecutorService.java:35)
	at org.junit.platform.engine.support.hierarchical.HierarchicalTestExecutor.execute(HierarchicalTestExecutor.java:57)
	at org.junit.platform.engine.support.hierarchical.HierarchicalTestEngine.execute(HierarchicalTestEngine.java:54)
	at org.junit.platform.launcher.core.EngineExecutionOrchestrator.execute(EngineExecutionOrchestrator.java:198)
	at org.junit.platform.launcher.core.EngineExecutionOrchestrator.execute(EngineExecutionOrchestrator.java:169)
	at org.junit.platform.launcher.core.EngineExecutionOrchestrator.execute(EngineExecutionOrchestrator.java:93)
	at org.junit.platform.launcher.core.EngineExecutionOrchestrator.lambda$execute$0(EngineExecutionOrchestrator.java:58)
	at org.junit.platform.launcher.core.EngineExecutionOrchestrator.withInterceptedStreams(EngineExecutionOrchestrator.java:141)
	at org.junit.platform.launcher.core.EngineExecutionOrchestrator.execute(EngineExecutionOrchestrator.java:57)
	at org.junit.platform.launcher.core.DefaultLauncher.execute(DefaultLauncher.java:103)
	at org.junit.platform.launcher.core.DefaultLauncher.execute(DefaultLauncher.java:85)
	at org.junit.platform.launcher.core.DelegatingLauncher.execute(DelegatingLauncher.java:47)
	at org.junit.platform.launcher.core.SessionPerRequestLauncher.execute(SessionPerRequestLauncher.java:63)
	at com.intellij.junit5.JUnit5IdeaTestRunner.startRunnerWithArgs(JUnit5IdeaTestRunner.java:57)
	at com.intellij.rt.junit.IdeaTestRunner$Repeater$1.execute(IdeaTestRunner.java:38)
	at com.intellij.rt.execution.junit.TestsRepeater.repeat(TestsRepeater.java:11)
	at com.intellij.rt.junit.IdeaTestRunner$Repeater.startRunnerWithArgs(IdeaTestRunner.java:35)
	at com.intellij.rt.junit.JUnitStarter.prepareStreamsAndStart(JUnitStarter.java:232)
	at com.intellij.rt.junit.JUnitStarter.main(JUnitStarter.java:55)
Caused by: org.openqa.selenium.interactions.MoveTargetOutOfBoundsException: move target out of bounds
  (Session info: chrome=132.0.6834.160)
Build info: version: '4.27.0', revision: 'd6e718d134'
System info: os.name: 'Windows 11', os.arch: 'amd64', os.version: '10.0', java.version: '21.0.3'
Driver info: org.openqa.selenium.chrome.ChromeDriver
Command: [0a3a1b1647f7a5a767d157ca7969d8de, actions {actions=[org.openqa.selenium.interactions.Sequence@631990cc]}]
Capabilities {acceptInsecureCerts: false, browserName: chrome, browserVersion: 132.0.6834.160, chrome: {chromedriverVersion: 132.0.6834.159 (2d77d3fc445..., userDataDir: C:\Users\INGRID~1.ZAD\AppDa...}, fedcm:accounts: true, goog:chromeOptions: {debuggerAddress: localhost:53568}, networkConnectionEnabled: false, pageLoadStrategy: normal, platformName: windows, proxy: Proxy(), se:cdp: ws://localhost:53568/devtoo..., se:cdpVersion: 132.0.6834.160, setWindowRect: true, strictFileInteractability: false, timeouts: {implicit: 0, pageLoad: 300000, script: 30000}, unhandledPromptBehavior: dismiss and notify, webauthn:extension:credBlob: true, webauthn:extension:largeBlob: true, webauthn:extension:minPinLength: true, webauthn:extension:prf: true, webauthn:virtualAuthenticators: true}
Session ID: 0a3a1b1647f7a5a767d157ca7969d8de
	at java.base/jdk.internal.reflect.DirectConstructorHandleAccessor.newInstance(DirectConstructorHandleAccessor.java:62)
	at java.base/java.lang.reflect.Constructor.newInstanceWithCaller(Constructor.java:502)
	at java.base/java.lang.reflect.Constructor.newInstance(Constructor.java:486)
	at org.openqa.selenium.remote.ErrorCodec.decode(ErrorCodec.java:167)
	at org.openqa.selenium.remote.codec.w3c.W3CHttpResponseCodec.decode(W3CHttpResponseCodec.java:138)
	at org.openqa.selenium.remote.codec.w3c.W3CHttpResponseCodec.decode(W3CHttpResponseCodec.java:50)
	at org.openqa.selenium.remote.HttpCommandExecutor.execute(HttpCommandExecutor.java:190)
	at org.openqa.selenium.remote.service.DriverCommandExecutor.invokeExecute(DriverCommandExecutor.java:216)
	at org.openqa.selenium.remote.service.DriverCommandExecutor.execute(DriverCommandExecutor.java:174)
	at org.openqa.selenium.remote.RemoteWebDriver.execute(RemoteWebDriver.java:545)
	at org.openqa.selenium.remote.RemoteWebDriver.perform(RemoteWebDriver.java:631)
	at org.openqa.selenium.interactions.Actions$BuiltAction.perform(Actions.java:613)
	at org.openqa.selenium.interactions.Actions.perform(Actions.java:578)
	at lt.insoft.uztis.pages.SubmittedApplicationsPage.selectValueByListDisabilitiesType(SubmittedApplicationsPage.java:416)
	... 69 common frames omitted
2025-01-31 15:26:34 [main] INFO  l.insoft.uztis.tests.utils.TestUtils - Screenshot moved to C:\Users\ingrida.zadorozniene\Desktop\Asm\UZTIS\UZTIS_tests\test-output\screenshots\20250131\152634807_testFillNewApplication().png
2025-01-31 15:31:05 [main] INFO  lt.insoft.uztis.tests.UztisPageTest - Navigated to https://uztisdev.asseco.lt/home
2025-01-31 15:31:05 [main] INFO  l.i.u.t.SubmittedApplicationsPageTest - Starting test:'testFillNewApplication'
2025-01-31 15:31:05 [main] DEBUG l.i.u.t.SubmittedApplicationsPageTest - User logged in with test credentials
2025-01-31 15:31:06 [main] DEBUG l.i.u.t.SubmittedApplicationsPageTest - Opened 'Application Processing' menu.
2025-01-31 15:31:06 [main] DEBUG l.i.u.t.SubmittedApplicationsPageTest - Clicked on 'Application Forms' menu.
2025-01-31 15:31:06 [main] DEBUG l.i.u.t.SubmittedApplicationsPageTest - Retrieved last description code text: 'TST-VUI-27'.
2025-01-31 15:31:06 [main] DEBUG l.i.u.t.SubmittedApplicationsPageTest - Clicked on 'Invitation' menu.
2025-01-31 15:31:07 [main] DEBUG l.i.u.t.SubmittedApplicationsPageTest - Selected application section by code: 'TST-VUI-27'.
2025-01-31 15:31:07 [main] DEBUG l.i.u.t.SubmittedApplicationsPageTest - Clicked 'Search' button.
2025-01-31 15:31:07 [main] DEBUG l.i.u.t.SubmittedApplicationsPageTest - Retrieved invitation code: ''.
2025-01-31 15:31:07 [main] DEBUG l.i.u.t.SubmittedApplicationsPageTest - Clicked on 'Submitted Applications' menu.
2025-01-31 15:31:08 [main] DEBUG l.i.u.t.SubmittedApplicationsPageTest - Selected invitation by code: 'TST-VUI-27'.
2025-01-31 15:31:08 [main] DEBUG l.i.u.t.SubmittedApplicationsPageTest - Clicked on 'Action Application' button.
2025-01-31 15:31:08 [main] DEBUG l.i.u.t.SubmittedApplicationsPageTest - Clicked on 'New Application' button.
2025-01-31 15:31:09 [main] DEBUG l.i.u.t.SubmittedApplicationsPageTest - Clicked on 'RadioButtonFA' button.
2025-01-31 15:31:09 [main] DEBUG l.i.u.t.SubmittedApplicationsPageTest - Entered phone number into the input field.
2025-01-31 15:31:09 [main] DEBUG l.i.u.t.SubmittedApplicationsPageTest - Entered eMail into the input field.
2025-01-31 15:31:09 [main] INFO  l.i.u.p.SubmittedApplicationsPage - Located the dropdown button.
2025-01-31 15:31:28 [main] INFO  l.i.u.p.SubmittedApplicationsPage - Found 1741 options in the dropdown.
2025-01-31 15:31:28 [main] INFO  l.i.u.p.SubmittedApplicationsPage - Successfully selected the value: '01.11 - Grūdinių (išskyrus ryžius), ankštinių ir aliejingų sėklų augalų auginimas'
2025-01-31 15:31:38 [main] ERROR l.i.u.p.SubmittedApplicationsPage - Failed to close the dropdown with aria-expanded = 'false'. Attempting manual close.
2025-01-31 15:31:38 [main] INFO  l.i.u.p.SubmittedApplicationsPage - Manual close attempt for the dropdown using body click.
2025-01-31 15:31:39 [main] DEBUG l.i.u.t.SubmittedApplicationsPageTest - Entered Address into the input field.
2025-01-31 15:31:39 [main] DEBUG l.i.u.t.SubmittedApplicationsPageTest - Entered Address into the input field.
2025-01-31 15:31:39 [main] INFO  l.i.u.p.SubmittedApplicationsPage - Located the dropdown button.
2025-01-31 15:31:40 [main] INFO  l.i.u.p.SubmittedApplicationsPage - Successfully selected the value: 'Administratoriai'
2025-01-31 15:32:00 [main] ERROR l.i.u.p.SubmittedApplicationsPage - Timeout while waiting for dropdown to close with aria-expanded = 'false'.
2025-01-31 15:32:00 [main] DEBUG l.i.u.t.SubmittedApplicationsPageTest - Selected the value: 'Administratoriai'
2025-01-31 15:32:01 [main] INFO  l.i.u.p.SubmittedApplicationsPage - Clicking on the dropdown button.
2025-01-31 15:32:01 [main] INFO  l.i.u.p.SubmittedApplicationsPage - Found 34 options in the dropdown.
2025-01-31 15:32:01 [main] DEBUG l.i.u.p.SubmittedApplicationsPage - Checking option: 'Asmenys, kuriems suteiktas pabėgėlio statusas ar perkeliamojo asmens statusas, arba asmenys, kuriems suteikta papildoma ar laikinoji apsauga, ir asmenys, turintys teisę gauti laikinąją apsaugą, iki sprendimo dėl laikinosios apsaugos suteikimo (nesuteikimo) priėmimo, tačiau ne ilgiau kaip laikinosios apsaugos laikotarpiu'
2025-01-31 15:32:01 [main] DEBUG l.i.u.p.SubmittedApplicationsPage - Checking option: 'Asmenys, kuriems suteiktas pabėgėlio statusas ar perkeliamojo asmens statusas, arba asmenys, kuriems suteikta papildoma ar laikinoji apsauga, ir asmenys, turintys teisę gauti laikinąją apsaugą, iki sprendimo dėl laikinosios apsaugos suteikimo (nesuteikimo) priėmimo, tačiau ne ilgiau kaip laikinosios apsaugos laikotarpiu'
2025-01-31 15:32:01 [main] DEBUG l.i.u.p.SubmittedApplicationsPage - Checking option: 'Asmenys, turintys teisę į papildomas užimtumo garantijas pagal Lietuvos Respublikos valstybės įmonės Ignalinos atominės elektrinės darbuotojų papildomų užimtumo ir socialinių garantijų įstatymą'
2025-01-31 15:32:01 [main] DEBUG l.i.u.p.SubmittedApplicationsPage - Checking option: 'Asmenys, turintys teisę į papildomas užimtumo garantijas pagal Lietuvos Respublikos valstybės įmonės Ignalinos atominės elektrinės darbuotojų papildomų užimtumo ir socialinių garantijų įstatymą'
2025-01-31 15:32:01 [main] DEBUG l.i.u.p.SubmittedApplicationsPage - Checking option: 'Bedarbiai iki 29 metų'
2025-01-31 15:32:01 [main] DEBUG l.i.u.p.SubmittedApplicationsPage - Checking option: 'Bedarbiai iki 29 metų'
2025-01-31 15:32:01 [main] DEBUG l.i.u.p.SubmittedApplicationsPage - Checking option: 'Bedarbiai, kurie yra darbingo amžiaus neįgalieji, kuriems nustatytas 30–40 procentų darbingumo lygis arba vidutinis neįgalumo lygis'
2025-01-31 15:32:01 [main] DEBUG l.i.u.p.SubmittedApplicationsPage - Checking option: 'Bedarbiai, kurie yra darbingo amžiaus neįgalieji, kuriems nustatytas 30–40 procentų darbingumo lygis arba vidutinis neįgalumo lygis'
2025-01-31 15:32:01 [main] DEBUG l.i.u.p.SubmittedApplicationsPage - Checking option: 'Bedarbiai, kurie yra darbingo amžiaus neįgalieji, kuriems nustatytas 45–55 procentų darbingumo lygis arba lengvas neįgalumo lygis'
2025-01-31 15:32:01 [main] DEBUG l.i.u.p.SubmittedApplicationsPage - Checking option: 'Bedarbiai, kurie yra darbingo amžiaus neįgalieji, kuriems nustatytas 45–55 procentų darbingumo lygis arba lengvas neįgalumo lygis'
2025-01-31 15:32:01 [main] DEBUG l.i.u.p.SubmittedApplicationsPage - Checking option: 'Bedarbiai, kurie yra darbingo amžiaus neįgalieji, kuriems nustatytas iki 25 procentų darbingumo lygis arba sunkus neįgalumo lygis'
2025-01-31 15:32:02 [main] INFO  l.i.u.p.SubmittedApplicationsPage - Successfully clicked on option: 'Bedarbiai, kurie yra darbingo amžiaus neįgalieji, kuriems nustatytas iki 25 procentų darbingumo lygis arba sunkus neįgalumo lygis'
2025-01-31 15:32:02 [main] INFO  l.i.u.p.SubmittedApplicationsPage - Option selected status: true
2025-01-31 15:32:02 [main] INFO  l.i.u.p.SubmittedApplicationsPage - Dropdown overlay is now closed.
2025-01-31 15:32:02 [main] ERROR l.i.u.p.SubmittedApplicationsPage - Dropdown value did not update! Expected 'Bedarbiai, kurie yra darbingo amžiaus neįgalieji, kuriems nustatytas iki 25 procentų darbingumo lygis arba sunkus neįgalumo lygis', but found 'Papildomai remiamo asmens tipas'
2025-01-31 15:32:02 [main] ERROR l.i.u.p.SubmittedApplicationsPage - Error occurred while selecting value: Dropdown value did not update properly.
2025-01-31 15:32:02 [main] ERROR l.i.u.t.SubmittedApplicationsPageTest - Test 'testFillNewApplication' failed with error: Failed to select value from dropdown.
java.lang.RuntimeException: Failed to select value from dropdown.
	at lt.insoft.uztis.pages.SubmittedApplicationsPage.selectValueByListDisabilitiesType(SubmittedApplicationsPage.java:483)
	at lt.insoft.uztis.tests.SubmittedApplicationsPageTest.testFillNewApplication(SubmittedApplicationsPageTest.java:183)
	at java.base/jdk.internal.reflect.DirectMethodHandleAccessor.invoke(DirectMethodHandleAccessor.java:103)
	at java.base/java.lang.reflect.Method.invoke(Method.java:580)
	at org.junit.platform.commons.util.ReflectionUtils.invokeMethod(ReflectionUtils.java:728)
	at org.junit.jupiter.engine.execution.MethodInvocation.proceed(MethodInvocation.java:60)
	at org.junit.jupiter.engine.execution.InvocationInterceptorChain$ValidatingInvocation.proceed(InvocationInterceptorChain.java:131)
	at org.junit.jupiter.engine.extension.TimeoutExtension.intercept(TimeoutExtension.java:156)
	at org.junit.jupiter.engine.extension.TimeoutExtension.interceptTestableMethod(TimeoutExtension.java:147)
	at org.junit.jupiter.engine.extension.TimeoutExtension.interceptTestMethod(TimeoutExtension.java:86)
	at org.junit.jupiter.engine.execution.InterceptingExecutableInvoker$ReflectiveInterceptorCall.lambda$ofVoidMethod$0(InterceptingExecutableInvoker.java:103)
	at org.junit.jupiter.engine.execution.InterceptingExecutableInvoker.lambda$invoke$0(InterceptingExecutableInvoker.java:93)
	at org.junit.jupiter.engine.execution.InvocationInterceptorChain$InterceptedInvocation.proceed(InvocationInterceptorChain.java:106)
	at org.junit.jupiter.engine.execution.InvocationInterceptorChain.proceed(InvocationInterceptorChain.java:64)
	at org.junit.jupiter.engine.execution.InvocationInterceptorChain.chainAndInvoke(InvocationInterceptorChain.java:45)
	at org.junit.jupiter.engine.execution.InvocationInterceptorChain.invoke(InvocationInterceptorChain.java:37)
	at org.junit.jupiter.engine.execution.InterceptingExecutableInvoker.invoke(InterceptingExecutableInvoker.java:92)
	at org.junit.jupiter.engine.execution.InterceptingExecutableInvoker.invoke(InterceptingExecutableInvoker.java:86)
	at org.junit.jupiter.engine.descriptor.TestMethodTestDescriptor.lambda$invokeTestMethod$7(TestMethodTestDescriptor.java:218)
	at org.junit.platform.engine.support.hierarchical.ThrowableCollector.execute(ThrowableCollector.java:73)
	at org.junit.jupiter.engine.descriptor.TestMethodTestDescriptor.invokeTestMethod(TestMethodTestDescriptor.java:214)
	at org.junit.jupiter.engine.descriptor.TestMethodTestDescriptor.execute(TestMethodTestDescriptor.java:139)
	at org.junit.jupiter.engine.descriptor.TestMethodTestDescriptor.execute(TestMethodTestDescriptor.java:69)
	at org.junit.platform.engine.support.hierarchical.NodeTestTask.lambda$executeRecursively$6(NodeTestTask.java:151)
	at org.junit.platform.engine.support.hierarchical.ThrowableCollector.execute(ThrowableCollector.java:73)
	at org.junit.platform.engine.support.hierarchical.NodeTestTask.lambda$executeRecursively$8(NodeTestTask.java:141)
	at org.junit.platform.engine.support.hierarchical.Node.around(Node.java:137)
	at org.junit.platform.engine.support.hierarchical.NodeTestTask.lambda$executeRecursively$9(NodeTestTask.java:139)
	at org.junit.platform.engine.support.hierarchical.ThrowableCollector.execute(ThrowableCollector.java:73)
	at org.junit.platform.engine.support.hierarchical.NodeTestTask.executeRecursively(NodeTestTask.java:138)
	at org.junit.platform.engine.support.hierarchical.NodeTestTask.execute(NodeTestTask.java:95)
	at java.base/java.util.ArrayList.forEach(ArrayList.java:1596)
	at org.junit.platform.engine.support.hierarchical.SameThreadHierarchicalTestExecutorService.invokeAll(SameThreadHierarchicalTestExecutorService.java:41)
	at org.junit.platform.engine.support.hierarchical.NodeTestTask.lambda$executeRecursively$6(NodeTestTask.java:155)
	at org.junit.platform.engine.support.hierarchical.ThrowableCollector.execute(ThrowableCollector.java:73)
	at org.junit.platform.engine.support.hierarchical.NodeTestTask.lambda$executeRecursively$8(NodeTestTask.java:141)
	at org.junit.platform.engine.support.hierarchical.Node.around(Node.java:137)
	at org.junit.platform.engine.support.hierarchical.NodeTestTask.lambda$executeRecursively$9(NodeTestTask.java:139)
	at org.junit.platform.engine.support.hierarchical.ThrowableCollector.execute(ThrowableCollector.java:73)
	at org.junit.platform.engine.support.hierarchical.NodeTestTask.executeRecursively(NodeTestTask.java:138)
	at org.junit.platform.engine.support.hierarchical.NodeTestTask.execute(NodeTestTask.java:95)
	at java.base/java.util.ArrayList.forEach(ArrayList.java:1596)
	at org.junit.platform.engine.support.hierarchical.SameThreadHierarchicalTestExecutorService.invokeAll(SameThreadHierarchicalTestExecutorService.java:41)
	at org.junit.platform.engine.support.hierarchical.NodeTestTask.lambda$executeRecursively$6(NodeTestTask.java:155)
	at org.junit.platform.engine.support.hierarchical.ThrowableCollector.execute(ThrowableCollector.java:73)
	at org.junit.platform.engine.support.hierarchical.NodeTestTask.lambda$executeRecursively$8(NodeTestTask.java:141)
	at org.junit.platform.engine.support.hierarchical.Node.around(Node.java:137)
	at org.junit.platform.engine.support.hierarchical.NodeTestTask.lambda$executeRecursively$9(NodeTestTask.java:139)
	at org.junit.platform.engine.support.hierarchical.ThrowableCollector.execute(ThrowableCollector.java:73)
	at org.junit.platform.engine.support.hierarchical.NodeTestTask.executeRecursively(NodeTestTask.java:138)
	at org.junit.platform.engine.support.hierarchical.NodeTestTask.execute(NodeTestTask.java:95)
	at org.junit.platform.engine.support.hierarchical.SameThreadHierarchicalTestExecutorService.submit(SameThreadHierarchicalTestExecutorService.java:35)
	at org.junit.platform.engine.support.hierarchical.HierarchicalTestExecutor.execute(HierarchicalTestExecutor.java:57)
	at org.junit.platform.engine.support.hierarchical.HierarchicalTestEngine.execute(HierarchicalTestEngine.java:54)
	at org.junit.platform.launcher.core.EngineExecutionOrchestrator.execute(EngineExecutionOrchestrator.java:198)
	at org.junit.platform.launcher.core.EngineExecutionOrchestrator.execute(EngineExecutionOrchestrator.java:169)
	at org.junit.platform.launcher.core.EngineExecutionOrchestrator.execute(EngineExecutionOrchestrator.java:93)
	at org.junit.platform.launcher.core.EngineExecutionOrchestrator.lambda$execute$0(EngineExecutionOrchestrator.java:58)
	at org.junit.platform.launcher.core.EngineExecutionOrchestrator.withInterceptedStreams(EngineExecutionOrchestrator.java:141)
	at org.junit.platform.launcher.core.EngineExecutionOrchestrator.execute(EngineExecutionOrchestrator.java:57)
	at org.junit.platform.launcher.core.DefaultLauncher.execute(DefaultLauncher.java:103)
	at org.junit.platform.launcher.core.DefaultLauncher.execute(DefaultLauncher.java:85)
	at org.junit.platform.launcher.core.DelegatingLauncher.execute(DelegatingLauncher.java:47)
	at org.junit.platform.launcher.core.SessionPerRequestLauncher.execute(SessionPerRequestLauncher.java:63)
	at com.intellij.junit5.JUnit5IdeaTestRunner.startRunnerWithArgs(JUnit5IdeaTestRunner.java:57)
	at com.intellij.rt.junit.IdeaTestRunner$Repeater$1.execute(IdeaTestRunner.java:38)
	at com.intellij.rt.execution.junit.TestsRepeater.repeat(TestsRepeater.java:11)
	at com.intellij.rt.junit.IdeaTestRunner$Repeater.startRunnerWithArgs(IdeaTestRunner.java:35)
	at com.intellij.rt.junit.JUnitStarter.prepareStreamsAndStart(JUnitStarter.java:232)
	at com.intellij.rt.junit.JUnitStarter.main(JUnitStarter.java:55)
Caused by: java.lang.RuntimeException: Dropdown value did not update properly.
	at lt.insoft.uztis.pages.SubmittedApplicationsPage.selectValueByListDisabilitiesType(SubmittedApplicationsPage.java:476)
	... 69 common frames omitted
2025-01-31 15:32:02 [main] INFO  l.insoft.uztis.tests.utils.TestUtils - Screenshot moved to C:\Users\ingrida.zadorozniene\Desktop\Asm\UZTIS\UZTIS_tests\test-output\screenshots\20250131\153202327_testFillNewApplication().png
2025-01-31 15:32:43 [main] INFO  lt.insoft.uztis.tests.UztisPageTest - Navigated to https://uztisdev.asseco.lt/home
2025-01-31 15:32:43 [main] INFO  l.i.u.t.SubmittedApplicationsPageTest - Starting test:'testFillNewApplication'
2025-01-31 15:32:44 [main] DEBUG l.i.u.t.SubmittedApplicationsPageTest - User logged in with test credentials
2025-01-31 15:32:44 [main] DEBUG l.i.u.t.SubmittedApplicationsPageTest - Opened 'Application Processing' menu.
2025-01-31 15:32:44 [main] DEBUG l.i.u.t.SubmittedApplicationsPageTest - Clicked on 'Application Forms' menu.
2025-01-31 15:32:44 [main] DEBUG l.i.u.t.SubmittedApplicationsPageTest - Retrieved last description code text: 'TST-VUI-27'.
2025-01-31 15:32:44 [main] DEBUG l.i.u.t.SubmittedApplicationsPageTest - Clicked on 'Invitation' menu.
2025-01-31 15:32:45 [main] DEBUG l.i.u.t.SubmittedApplicationsPageTest - Selected application section by code: 'TST-VUI-27'.
2025-01-31 15:32:45 [main] DEBUG l.i.u.t.SubmittedApplicationsPageTest - Clicked 'Search' button.
2025-01-31 15:32:45 [main] DEBUG l.i.u.t.SubmittedApplicationsPageTest - Retrieved invitation code: ''.
2025-01-31 15:32:45 [main] DEBUG l.i.u.t.SubmittedApplicationsPageTest - Clicked on 'Submitted Applications' menu.
2025-01-31 15:32:46 [main] DEBUG l.i.u.t.SubmittedApplicationsPageTest - Selected invitation by code: 'TST-VUI-27'.
2025-01-31 15:32:47 [main] DEBUG l.i.u.t.SubmittedApplicationsPageTest - Clicked on 'Action Application' button.
2025-01-31 15:32:47 [main] DEBUG l.i.u.t.SubmittedApplicationsPageTest - Clicked on 'New Application' button.
2025-01-31 15:32:47 [main] DEBUG l.i.u.t.SubmittedApplicationsPageTest - Clicked on 'RadioButtonFA' button.
2025-01-31 15:32:48 [main] DEBUG l.i.u.t.SubmittedApplicationsPageTest - Entered phone number into the input field.
2025-01-31 15:32:48 [main] DEBUG l.i.u.t.SubmittedApplicationsPageTest - Entered eMail into the input field.
2025-01-31 15:32:48 [main] INFO  l.i.u.p.SubmittedApplicationsPage - Located the dropdown button.
2025-01-31 15:33:08 [main] INFO  l.i.u.p.SubmittedApplicationsPage - Found 1741 options in the dropdown.
2025-01-31 15:33:08 [main] INFO  l.i.u.p.SubmittedApplicationsPage - Successfully selected the value: '01.11 - Grūdinių (išskyrus ryžius), ankštinių ir aliejingų sėklų augalų auginimas'
2025-01-31 15:33:19 [main] ERROR l.i.u.p.SubmittedApplicationsPage - Failed to close the dropdown with aria-expanded = 'false'. Attempting manual close.
2025-01-31 15:33:19 [main] INFO  l.i.u.p.SubmittedApplicationsPage - Manual close attempt for the dropdown using body click.
2025-01-31 15:33:19 [main] DEBUG l.i.u.t.SubmittedApplicationsPageTest - Entered Address into the input field.
2025-01-31 15:33:19 [main] DEBUG l.i.u.t.SubmittedApplicationsPageTest - Entered Address into the input field.
2025-01-31 15:33:20 [main] INFO  l.i.u.p.SubmittedApplicationsPage - Located the dropdown button.
2025-01-31 15:33:21 [main] INFO  l.i.u.p.SubmittedApplicationsPage - Successfully selected the value: 'Administratoriai'
2025-01-31 15:33:41 [main] ERROR l.i.u.p.SubmittedApplicationsPage - Timeout while waiting for dropdown to close with aria-expanded = 'false'.
2025-01-31 15:33:41 [main] DEBUG l.i.u.t.SubmittedApplicationsPageTest - Selected the value: 'Administratoriai'
2025-01-31 15:33:42 [main] INFO  l.i.u.p.SubmittedApplicationsPage - Clicking on the dropdown button.
2025-01-31 15:33:43 [main] INFO  l.i.u.p.SubmittedApplicationsPage - Found 34 options in the dropdown.
2025-01-31 15:33:43 [main] DEBUG l.i.u.p.SubmittedApplicationsPage - Checking option: 'Asmenys, kuriems suteiktas pabėgėlio statusas ar perkeliamojo asmens statusas, arba asmenys, kuriems suteikta papildoma ar laikinoji apsauga, ir asmenys, turintys teisę gauti laikinąją apsaugą, iki sprendimo dėl laikinosios apsaugos suteikimo (nesuteikimo) priėmimo, tačiau ne ilgiau kaip laikinosios apsaugos laikotarpiu'
2025-01-31 15:33:43 [main] DEBUG l.i.u.p.SubmittedApplicationsPage - Checking option: 'Asmenys, kuriems suteiktas pabėgėlio statusas ar perkeliamojo asmens statusas, arba asmenys, kuriems suteikta papildoma ar laikinoji apsauga, ir asmenys, turintys teisę gauti laikinąją apsaugą, iki sprendimo dėl laikinosios apsaugos suteikimo (nesuteikimo) priėmimo, tačiau ne ilgiau kaip laikinosios apsaugos laikotarpiu'
2025-01-31 15:33:43 [main] DEBUG l.i.u.p.SubmittedApplicationsPage - Checking option: 'Asmenys, turintys teisę į papildomas užimtumo garantijas pagal Lietuvos Respublikos valstybės įmonės Ignalinos atominės elektrinės darbuotojų papildomų užimtumo ir socialinių garantijų įstatymą'
2025-01-31 15:33:43 [main] DEBUG l.i.u.p.SubmittedApplicationsPage - Checking option: 'Asmenys, turintys teisę į papildomas užimtumo garantijas pagal Lietuvos Respublikos valstybės įmonės Ignalinos atominės elektrinės darbuotojų papildomų užimtumo ir socialinių garantijų įstatymą'
2025-01-31 15:33:43 [main] DEBUG l.i.u.p.SubmittedApplicationsPage - Checking option: 'Bedarbiai iki 29 metų'
2025-01-31 15:33:43 [main] DEBUG l.i.u.p.SubmittedApplicationsPage - Checking option: 'Bedarbiai iki 29 metų'
2025-01-31 15:33:43 [main] DEBUG l.i.u.p.SubmittedApplicationsPage - Checking option: 'Bedarbiai, kurie yra darbingo amžiaus neįgalieji, kuriems nustatytas 30–40 procentų darbingumo lygis arba vidutinis neįgalumo lygis'
2025-01-31 15:33:43 [main] DEBUG l.i.u.p.SubmittedApplicationsPage - Checking option: 'Bedarbiai, kurie yra darbingo amžiaus neįgalieji, kuriems nustatytas 30–40 procentų darbingumo lygis arba vidutinis neįgalumo lygis'
2025-01-31 15:33:43 [main] DEBUG l.i.u.p.SubmittedApplicationsPage - Checking option: 'Bedarbiai, kurie yra darbingo amžiaus neįgalieji, kuriems nustatytas 45–55 procentų darbingumo lygis arba lengvas neįgalumo lygis'
2025-01-31 15:33:43 [main] DEBUG l.i.u.p.SubmittedApplicationsPage - Checking option: 'Bedarbiai, kurie yra darbingo amžiaus neįgalieji, kuriems nustatytas 45–55 procentų darbingumo lygis arba lengvas neįgalumo lygis'
2025-01-31 15:33:43 [main] DEBUG l.i.u.p.SubmittedApplicationsPage - Checking option: 'Bedarbiai, kurie yra darbingo amžiaus neįgalieji, kuriems nustatytas iki 25 procentų darbingumo lygis arba sunkus neįgalumo lygis'
2025-01-31 15:33:43 [main] INFO  l.i.u.p.SubmittedApplicationsPage - Successfully selected the value: 'Bedarbiai, kurie yra darbingo amžiaus neįgalieji, kuriems nustatytas iki 25 procentų darbingumo lygis arba sunkus neįgalumo lygis'
2025-01-31 15:33:43 [main] INFO  l.i.u.p.SubmittedApplicationsPage - Attempting to close the dropdown.
2025-01-31 15:33:43 [main] ERROR l.i.u.p.SubmittedApplicationsPage - Error occurred while selecting value: move target out of bounds
  (Session info: chrome=132.0.6834.160)
Build info: version: '4.27.0', revision: 'd6e718d134'
System info: os.name: 'Windows 11', os.arch: 'amd64', os.version: '10.0', java.version: '21.0.3'
Driver info: org.openqa.selenium.chrome.ChromeDriver
Command: [88f6dc8023a6c6f2adb4cb3d62c417a4, actions {actions=[org.openqa.selenium.interactions.Sequence@60bc259a]}]
Capabilities {acceptInsecureCerts: false, browserName: chrome, browserVersion: 132.0.6834.160, chrome: {chromedriverVersion: 132.0.6834.159 (2d77d3fc445..., userDataDir: C:\Users\INGRID~1.ZAD\AppDa...}, fedcm:accounts: true, goog:chromeOptions: {debuggerAddress: localhost:53829}, networkConnectionEnabled: false, pageLoadStrategy: normal, platformName: windows, proxy: Proxy(), se:cdp: ws://localhost:53829/devtoo..., se:cdpVersion: 132.0.6834.160, setWindowRect: true, strictFileInteractability: false, timeouts: {implicit: 0, pageLoad: 300000, script: 30000}, unhandledPromptBehavior: dismiss and notify, webauthn:extension:credBlob: true, webauthn:extension:largeBlob: true, webauthn:extension:minPinLength: true, webauthn:extension:prf: true, webauthn:virtualAuthenticators: true}
Session ID: 88f6dc8023a6c6f2adb4cb3d62c417a4
2025-01-31 15:33:43 [main] ERROR l.i.u.t.SubmittedApplicationsPageTest - Test 'testFillNewApplication' failed with error: Failed to select value from dropdown.
java.lang.RuntimeException: Failed to select value from dropdown.
	at lt.insoft.uztis.pages.SubmittedApplicationsPage.selectValueByListDisabilitiesType(SubmittedApplicationsPage.java:423)
	at lt.insoft.uztis.tests.SubmittedApplicationsPageTest.testFillNewApplication(SubmittedApplicationsPageTest.java:183)
	at java.base/jdk.internal.reflect.DirectMethodHandleAccessor.invoke(DirectMethodHandleAccessor.java:103)
	at java.base/java.lang.reflect.Method.invoke(Method.java:580)
	at org.junit.platform.commons.util.ReflectionUtils.invokeMethod(ReflectionUtils.java:728)
	at org.junit.jupiter.engine.execution.MethodInvocation.proceed(MethodInvocation.java:60)
	at org.junit.jupiter.engine.execution.InvocationInterceptorChain$ValidatingInvocation.proceed(InvocationInterceptorChain.java:131)
	at org.junit.jupiter.engine.extension.TimeoutExtension.intercept(TimeoutExtension.java:156)
	at org.junit.jupiter.engine.extension.TimeoutExtension.interceptTestableMethod(TimeoutExtension.java:147)
	at org.junit.jupiter.engine.extension.TimeoutExtension.interceptTestMethod(TimeoutExtension.java:86)
	at org.junit.jupiter.engine.execution.InterceptingExecutableInvoker$ReflectiveInterceptorCall.lambda$ofVoidMethod$0(InterceptingExecutableInvoker.java:103)
	at org.junit.jupiter.engine.execution.InterceptingExecutableInvoker.lambda$invoke$0(InterceptingExecutableInvoker.java:93)
	at org.junit.jupiter.engine.execution.InvocationInterceptorChain$InterceptedInvocation.proceed(InvocationInterceptorChain.java:106)
	at org.junit.jupiter.engine.execution.InvocationInterceptorChain.proceed(InvocationInterceptorChain.java:64)
	at org.junit.jupiter.engine.execution.InvocationInterceptorChain.chainAndInvoke(InvocationInterceptorChain.java:45)
	at org.junit.jupiter.engine.execution.InvocationInterceptorChain.invoke(InvocationInterceptorChain.java:37)
	at org.junit.jupiter.engine.execution.InterceptingExecutableInvoker.invoke(InterceptingExecutableInvoker.java:92)
	at org.junit.jupiter.engine.execution.InterceptingExecutableInvoker.invoke(InterceptingExecutableInvoker.java:86)
	at org.junit.jupiter.engine.descriptor.TestMethodTestDescriptor.lambda$invokeTestMethod$7(TestMethodTestDescriptor.java:218)
	at org.junit.platform.engine.support.hierarchical.ThrowableCollector.execute(ThrowableCollector.java:73)
	at org.junit.jupiter.engine.descriptor.TestMethodTestDescriptor.invokeTestMethod(TestMethodTestDescriptor.java:214)
	at org.junit.jupiter.engine.descriptor.TestMethodTestDescriptor.execute(TestMethodTestDescriptor.java:139)
	at org.junit.jupiter.engine.descriptor.TestMethodTestDescriptor.execute(TestMethodTestDescriptor.java:69)
	at org.junit.platform.engine.support.hierarchical.NodeTestTask.lambda$executeRecursively$6(NodeTestTask.java:151)
	at org.junit.platform.engine.support.hierarchical.ThrowableCollector.execute(ThrowableCollector.java:73)
	at org.junit.platform.engine.support.hierarchical.NodeTestTask.lambda$executeRecursively$8(NodeTestTask.java:141)
	at org.junit.platform.engine.support.hierarchical.Node.around(Node.java:137)
	at org.junit.platform.engine.support.hierarchical.NodeTestTask.lambda$executeRecursively$9(NodeTestTask.java:139)
	at org.junit.platform.engine.support.hierarchical.ThrowableCollector.execute(ThrowableCollector.java:73)
	at org.junit.platform.engine.support.hierarchical.NodeTestTask.executeRecursively(NodeTestTask.java:138)
	at org.junit.platform.engine.support.hierarchical.NodeTestTask.execute(NodeTestTask.java:95)
	at java.base/java.util.ArrayList.forEach(ArrayList.java:1596)
	at org.junit.platform.engine.support.hierarchical.SameThreadHierarchicalTestExecutorService.invokeAll(SameThreadHierarchicalTestExecutorService.java:41)
	at org.junit.platform.engine.support.hierarchical.NodeTestTask.lambda$executeRecursively$6(NodeTestTask.java:155)
	at org.junit.platform.engine.support.hierarchical.ThrowableCollector.execute(ThrowableCollector.java:73)
	at org.junit.platform.engine.support.hierarchical.NodeTestTask.lambda$executeRecursively$8(NodeTestTask.java:141)
	at org.junit.platform.engine.support.hierarchical.Node.around(Node.java:137)
	at org.junit.platform.engine.support.hierarchical.NodeTestTask.lambda$executeRecursively$9(NodeTestTask.java:139)
	at org.junit.platform.engine.support.hierarchical.ThrowableCollector.execute(ThrowableCollector.java:73)
	at org.junit.platform.engine.support.hierarchical.NodeTestTask.executeRecursively(NodeTestTask.java:138)
	at org.junit.platform.engine.support.hierarchical.NodeTestTask.execute(NodeTestTask.java:95)
	at java.base/java.util.ArrayList.forEach(ArrayList.java:1596)
	at org.junit.platform.engine.support.hierarchical.SameThreadHierarchicalTestExecutorService.invokeAll(SameThreadHierarchicalTestExecutorService.java:41)
	at org.junit.platform.engine.support.hierarchical.NodeTestTask.lambda$executeRecursively$6(NodeTestTask.java:155)
	at org.junit.platform.engine.support.hierarchical.ThrowableCollector.execute(ThrowableCollector.java:73)
	at org.junit.platform.engine.support.hierarchical.NodeTestTask.lambda$executeRecursively$8(NodeTestTask.java:141)
	at org.junit.platform.engine.support.hierarchical.Node.around(Node.java:137)
	at org.junit.platform.engine.support.hierarchical.NodeTestTask.lambda$executeRecursively$9(NodeTestTask.java:139)
	at org.junit.platform.engine.support.hierarchical.ThrowableCollector.execute(ThrowableCollector.java:73)
	at org.junit.platform.engine.support.hierarchical.NodeTestTask.executeRecursively(NodeTestTask.java:138)
	at org.junit.platform.engine.support.hierarchical.NodeTestTask.execute(NodeTestTask.java:95)
	at org.junit.platform.engine.support.hierarchical.SameThreadHierarchicalTestExecutorService.submit(SameThreadHierarchicalTestExecutorService.java:35)
	at org.junit.platform.engine.support.hierarchical.HierarchicalTestExecutor.execute(HierarchicalTestExecutor.java:57)
	at org.junit.platform.engine.support.hierarchical.HierarchicalTestEngine.execute(HierarchicalTestEngine.java:54)
	at org.junit.platform.launcher.core.EngineExecutionOrchestrator.execute(EngineExecutionOrchestrator.java:198)
	at org.junit.platform.launcher.core.EngineExecutionOrchestrator.execute(EngineExecutionOrchestrator.java:169)
	at org.junit.platform.launcher.core.EngineExecutionOrchestrator.execute(EngineExecutionOrchestrator.java:93)
	at org.junit.platform.launcher.core.EngineExecutionOrchestrator.lambda$execute$0(EngineExecutionOrchestrator.java:58)
	at org.junit.platform.launcher.core.EngineExecutionOrchestrator.withInterceptedStreams(EngineExecutionOrchestrator.java:141)
	at org.junit.platform.launcher.core.EngineExecutionOrchestrator.execute(EngineExecutionOrchestrator.java:57)
	at org.junit.platform.launcher.core.DefaultLauncher.execute(DefaultLauncher.java:103)
	at org.junit.platform.launcher.core.DefaultLauncher.execute(DefaultLauncher.java:85)
	at org.junit.platform.launcher.core.DelegatingLauncher.execute(DelegatingLauncher.java:47)
	at org.junit.platform.launcher.core.SessionPerRequestLauncher.execute(SessionPerRequestLauncher.java:63)
	at com.intellij.junit5.JUnit5IdeaTestRunner.startRunnerWithArgs(JUnit5IdeaTestRunner.java:57)
	at com.intellij.rt.junit.IdeaTestRunner$Repeater$1.execute(IdeaTestRunner.java:38)
	at com.intellij.rt.execution.junit.TestsRepeater.repeat(TestsRepeater.java:11)
	at com.intellij.rt.junit.IdeaTestRunner$Repeater.startRunnerWithArgs(IdeaTestRunner.java:35)
	at com.intellij.rt.junit.JUnitStarter.prepareStreamsAndStart(JUnitStarter.java:232)
	at com.intellij.rt.junit.JUnitStarter.main(JUnitStarter.java:55)
Caused by: org.openqa.selenium.interactions.MoveTargetOutOfBoundsException: move target out of bounds
  (Session info: chrome=132.0.6834.160)
Build info: version: '4.27.0', revision: 'd6e718d134'
System info: os.name: 'Windows 11', os.arch: 'amd64', os.version: '10.0', java.version: '21.0.3'
Driver info: org.openqa.selenium.chrome.ChromeDriver
Command: [88f6dc8023a6c6f2adb4cb3d62c417a4, actions {actions=[org.openqa.selenium.interactions.Sequence@60bc259a]}]
Capabilities {acceptInsecureCerts: false, browserName: chrome, browserVersion: 132.0.6834.160, chrome: {chromedriverVersion: 132.0.6834.159 (2d77d3fc445..., userDataDir: C:\Users\INGRID~1.ZAD\AppDa...}, fedcm:accounts: true, goog:chromeOptions: {debuggerAddress: localhost:53829}, networkConnectionEnabled: false, pageLoadStrategy: normal, platformName: windows, proxy: Proxy(), se:cdp: ws://localhost:53829/devtoo..., se:cdpVersion: 132.0.6834.160, setWindowRect: true, strictFileInteractability: false, timeouts: {implicit: 0, pageLoad: 300000, script: 30000}, unhandledPromptBehavior: dismiss and notify, webauthn:extension:credBlob: true, webauthn:extension:largeBlob: true, webauthn:extension:minPinLength: true, webauthn:extension:prf: true, webauthn:virtualAuthenticators: true}
Session ID: 88f6dc8023a6c6f2adb4cb3d62c417a4
	at java.base/jdk.internal.reflect.DirectConstructorHandleAccessor.newInstance(DirectConstructorHandleAccessor.java:62)
	at java.base/java.lang.reflect.Constructor.newInstanceWithCaller(Constructor.java:502)
	at java.base/java.lang.reflect.Constructor.newInstance(Constructor.java:486)
	at org.openqa.selenium.remote.ErrorCodec.decode(ErrorCodec.java:167)
	at org.openqa.selenium.remote.codec.w3c.W3CHttpResponseCodec.decode(W3CHttpResponseCodec.java:138)
	at org.openqa.selenium.remote.codec.w3c.W3CHttpResponseCodec.decode(W3CHttpResponseCodec.java:50)
	at org.openqa.selenium.remote.HttpCommandExecutor.execute(HttpCommandExecutor.java:190)
	at org.openqa.selenium.remote.service.DriverCommandExecutor.invokeExecute(DriverCommandExecutor.java:216)
	at org.openqa.selenium.remote.service.DriverCommandExecutor.execute(DriverCommandExecutor.java:174)
	at org.openqa.selenium.remote.RemoteWebDriver.execute(RemoteWebDriver.java:545)
	at org.openqa.selenium.remote.RemoteWebDriver.perform(RemoteWebDriver.java:631)
	at org.openqa.selenium.interactions.Actions$BuiltAction.perform(Actions.java:613)
	at org.openqa.selenium.interactions.Actions.perform(Actions.java:578)
	at lt.insoft.uztis.pages.SubmittedApplicationsPage.selectValueByListDisabilitiesType(SubmittedApplicationsPage.java:416)
	... 69 common frames omitted
2025-01-31 15:33:43 [main] INFO  l.insoft.uztis.tests.utils.TestUtils - Screenshot moved to C:\Users\ingrida.zadorozniene\Desktop\Asm\UZTIS\UZTIS_tests\test-output\screenshots\20250131\153343848_testFillNewApplication().png
2025-01-31 15:40:22 [main] INFO  lt.insoft.uztis.tests.UztisPageTest - Navigated to https://uztisdev.asseco.lt/home
2025-01-31 15:40:22 [main] INFO  l.i.u.t.SubmittedApplicationsPageTest - Starting test:'testFillNewApplication'
2025-01-31 15:40:23 [main] DEBUG l.i.u.t.SubmittedApplicationsPageTest - User logged in with test credentials
2025-01-31 15:40:23 [main] DEBUG l.i.u.t.SubmittedApplicationsPageTest - Opened 'Application Processing' menu.
2025-01-31 15:40:23 [main] DEBUG l.i.u.t.SubmittedApplicationsPageTest - Clicked on 'Application Forms' menu.
2025-01-31 15:40:24 [main] DEBUG l.i.u.t.SubmittedApplicationsPageTest - Retrieved last description code text: 'TST-VUI-27'.
2025-01-31 15:40:24 [main] DEBUG l.i.u.t.SubmittedApplicationsPageTest - Clicked on 'Invitation' menu.
2025-01-31 15:40:25 [main] DEBUG l.i.u.t.SubmittedApplicationsPageTest - Selected application section by code: 'TST-VUI-27'.
2025-01-31 15:40:25 [main] DEBUG l.i.u.t.SubmittedApplicationsPageTest - Clicked 'Search' button.
2025-01-31 15:40:25 [main] DEBUG l.i.u.t.SubmittedApplicationsPageTest - Retrieved invitation code: ''.
2025-01-31 15:40:25 [main] DEBUG l.i.u.t.SubmittedApplicationsPageTest - Clicked on 'Submitted Applications' menu.
2025-01-31 15:40:26 [main] DEBUG l.i.u.t.SubmittedApplicationsPageTest - Selected invitation by code: 'TST-VUI-27'.
2025-01-31 15:40:26 [main] DEBUG l.i.u.t.SubmittedApplicationsPageTest - Clicked on 'Action Application' button.
2025-01-31 15:40:26 [main] DEBUG l.i.u.t.SubmittedApplicationsPageTest - Clicked on 'New Application' button.
2025-01-31 15:40:27 [main] DEBUG l.i.u.t.SubmittedApplicationsPageTest - Clicked on 'RadioButtonFA' button.
2025-01-31 15:40:27 [main] DEBUG l.i.u.t.SubmittedApplicationsPageTest - Entered phone number into the input field.
2025-01-31 15:40:27 [main] DEBUG l.i.u.t.SubmittedApplicationsPageTest - Entered eMail into the input field.
2025-01-31 15:40:27 [main] INFO  l.i.u.p.SubmittedApplicationsPage - Located the dropdown button.
2025-01-31 15:40:44 [main] INFO  l.i.u.p.SubmittedApplicationsPage - Found 1741 options in the dropdown.
2025-01-31 15:40:44 [main] INFO  l.i.u.p.SubmittedApplicationsPage - Successfully selected the value: '01.11 - Grūdinių (išskyrus ryžius), ankštinių ir aliejingų sėklų augalų auginimas'
2025-01-31 15:40:54 [main] ERROR l.i.u.p.SubmittedApplicationsPage - Failed to close the dropdown with aria-expanded = 'false'. Attempting manual close.
2025-01-31 15:40:54 [main] INFO  l.i.u.p.SubmittedApplicationsPage - Manual close attempt for the dropdown using body click.
2025-01-31 15:40:55 [main] DEBUG l.i.u.t.SubmittedApplicationsPageTest - Entered Address into the input field.
2025-01-31 15:40:55 [main] DEBUG l.i.u.t.SubmittedApplicationsPageTest - Entered Address into the input field.
2025-01-31 15:40:55 [main] INFO  l.i.u.p.SubmittedApplicationsPage - Located the dropdown button.
2025-01-31 15:40:57 [main] ERROR l.i.u.t.SubmittedApplicationsPageTest - Test 'testFillNewApplication' failed with error: element click intercepted: Element <mat-label>...</mat-label> is not clickable at point (1051, 179). Other element would receive the click: ...<span class="mat-mdc-select-placeholder mat-mdc-select-min-line ng-tns-c1073613477-34 ng-star-inserted"></span>
  (Session info: chrome=132.0.6834.160)
Build info: version: '4.27.0', revision: 'd6e718d134'
System info: os.name: 'Windows 11', os.arch: 'amd64', os.version: '10.0', java.version: '21.0.3'
Driver info: org.openqa.selenium.chrome.ChromeDriver
Command: [2e6202fb2650fd3b7240b519a138d608, clickElement {id=f.35A0C19F57C63295B626387B0CFD7FE2.d.D69FD30E5B7EFDE2501B953D71359EFB.e.2077}]
Capabilities {acceptInsecureCerts: false, browserName: chrome, browserVersion: 132.0.6834.160, chrome: {chromedriverVersion: 132.0.6834.159 (2d77d3fc445..., userDataDir: C:\Users\INGRID~1.ZAD\AppDa...}, fedcm:accounts: true, goog:chromeOptions: {debuggerAddress: localhost:54074}, networkConnectionEnabled: false, pageLoadStrategy: normal, platformName: windows, proxy: Proxy(), se:cdp: ws://localhost:54074/devtoo..., se:cdpVersion: 132.0.6834.160, setWindowRect: true, strictFileInteractability: false, timeouts: {implicit: 0, pageLoad: 300000, script: 30000}, unhandledPromptBehavior: dismiss and notify, webauthn:extension:credBlob: true, webauthn:extension:largeBlob: true, webauthn:extension:minPinLength: true, webauthn:extension:prf: true, webauthn:virtualAuthenticators: true}
Element: [[ChromeDriver: chrome on windows (2e6202fb2650fd3b7240b519a138d608)] -> xpath: //mat-label[contains(text(), 'Darbo vietos pavadinimas')]]
Session ID: 2e6202fb2650fd3b7240b519a138d608
org.openqa.selenium.ElementClickInterceptedException: element click intercepted: Element <mat-label>...</mat-label> is not clickable at point (1051, 179). Other element would receive the click: ...<span class="mat-mdc-select-placeholder mat-mdc-select-min-line ng-tns-c1073613477-34 ng-star-inserted"></span>
  (Session info: chrome=132.0.6834.160)
Build info: version: '4.27.0', revision: 'd6e718d134'
System info: os.name: 'Windows 11', os.arch: 'amd64', os.version: '10.0', java.version: '21.0.3'
Driver info: org.openqa.selenium.chrome.ChromeDriver
Command: [2e6202fb2650fd3b7240b519a138d608, clickElement {id=f.35A0C19F57C63295B626387B0CFD7FE2.d.D69FD30E5B7EFDE2501B953D71359EFB.e.2077}]
Capabilities {acceptInsecureCerts: false, browserName: chrome, browserVersion: 132.0.6834.160, chrome: {chromedriverVersion: 132.0.6834.159 (2d77d3fc445..., userDataDir: C:\Users\INGRID~1.ZAD\AppDa...}, fedcm:accounts: true, goog:chromeOptions: {debuggerAddress: localhost:54074}, networkConnectionEnabled: false, pageLoadStrategy: normal, platformName: windows, proxy: Proxy(), se:cdp: ws://localhost:54074/devtoo..., se:cdpVersion: 132.0.6834.160, setWindowRect: true, strictFileInteractability: false, timeouts: {implicit: 0, pageLoad: 300000, script: 30000}, unhandledPromptBehavior: dismiss and notify, webauthn:extension:credBlob: true, webauthn:extension:largeBlob: true, webauthn:extension:minPinLength: true, webauthn:extension:prf: true, webauthn:virtualAuthenticators: true}
Element: [[ChromeDriver: chrome on windows (2e6202fb2650fd3b7240b519a138d608)] -> xpath: //mat-label[contains(text(), 'Darbo vietos pavadinimas')]]
Session ID: 2e6202fb2650fd3b7240b519a138d608
	at java.base/jdk.internal.reflect.DirectConstructorHandleAccessor.newInstance(DirectConstructorHandleAccessor.java:62)
	at java.base/java.lang.reflect.Constructor.newInstanceWithCaller(Constructor.java:502)
	at java.base/java.lang.reflect.Constructor.newInstance(Constructor.java:486)
	at org.openqa.selenium.remote.ErrorCodec.decode(ErrorCodec.java:167)
	at org.openqa.selenium.remote.codec.w3c.W3CHttpResponseCodec.decode(W3CHttpResponseCodec.java:138)
	at org.openqa.selenium.remote.codec.w3c.W3CHttpResponseCodec.decode(W3CHttpResponseCodec.java:50)
	at org.openqa.selenium.remote.HttpCommandExecutor.execute(HttpCommandExecutor.java:190)
	at org.openqa.selenium.remote.service.DriverCommandExecutor.invokeExecute(DriverCommandExecutor.java:216)
	at org.openqa.selenium.remote.service.DriverCommandExecutor.execute(DriverCommandExecutor.java:174)
	at org.openqa.selenium.remote.RemoteWebDriver.execute(RemoteWebDriver.java:545)
	at org.openqa.selenium.remote.RemoteWebElement.execute(RemoteWebElement.java:223)
	at org.openqa.selenium.remote.RemoteWebElement.click(RemoteWebElement.java:76)
	at java.base/jdk.internal.reflect.DirectMethodHandleAccessor.invoke(DirectMethodHandleAccessor.java:103)
	at java.base/java.lang.reflect.Method.invoke(Method.java:580)
	at org.openqa.selenium.support.pagefactory.internal.LocatingElementHandler.invoke(LocatingElementHandler.java:51)
	at jdk.proxy2/jdk.proxy2.$Proxy14.click(Unknown Source)
	at lt.insoft.uztis.pages.SubmittedApplicationsPage.selectDropdownJobName(SubmittedApplicationsPage.java:293)
	at lt.insoft.uztis.tests.SubmittedApplicationsPageTest.testFillNewApplication(SubmittedApplicationsPageTest.java:174)
	at java.base/jdk.internal.reflect.DirectMethodHandleAccessor.invoke(DirectMethodHandleAccessor.java:103)
	at java.base/java.lang.reflect.Method.invoke(Method.java:580)
	at org.junit.platform.commons.util.ReflectionUtils.invokeMethod(ReflectionUtils.java:728)
	at org.junit.jupiter.engine.execution.MethodInvocation.proceed(MethodInvocation.java:60)
	at org.junit.jupiter.engine.execution.InvocationInterceptorChain$ValidatingInvocation.proceed(InvocationInterceptorChain.java:131)
	at org.junit.jupiter.engine.extension.TimeoutExtension.intercept(TimeoutExtension.java:156)
	at org.junit.jupiter.engine.extension.TimeoutExtension.interceptTestableMethod(TimeoutExtension.java:147)
	at org.junit.jupiter.engine.extension.TimeoutExtension.interceptTestMethod(TimeoutExtension.java:86)
	at org.junit.jupiter.engine.execution.InterceptingExecutableInvoker$ReflectiveInterceptorCall.lambda$ofVoidMethod$0(InterceptingExecutableInvoker.java:103)
	at org.junit.jupiter.engine.execution.InterceptingExecutableInvoker.lambda$invoke$0(InterceptingExecutableInvoker.java:93)
	at org.junit.jupiter.engine.execution.InvocationInterceptorChain$InterceptedInvocation.proceed(InvocationInterceptorChain.java:106)
	at org.junit.jupiter.engine.execution.InvocationInterceptorChain.proceed(InvocationInterceptorChain.java:64)
	at org.junit.jupiter.engine.execution.InvocationInterceptorChain.chainAndInvoke(InvocationInterceptorChain.java:45)
	at org.junit.jupiter.engine.execution.InvocationInterceptorChain.invoke(InvocationInterceptorChain.java:37)
	at org.junit.jupiter.engine.execution.InterceptingExecutableInvoker.invoke(InterceptingExecutableInvoker.java:92)
	at org.junit.jupiter.engine.execution.InterceptingExecutableInvoker.invoke(InterceptingExecutableInvoker.java:86)
	at org.junit.jupiter.engine.descriptor.TestMethodTestDescriptor.lambda$invokeTestMethod$7(TestMethodTestDescriptor.java:218)
	at org.junit.platform.engine.support.hierarchical.ThrowableCollector.execute(ThrowableCollector.java:73)
	at org.junit.jupiter.engine.descriptor.TestMethodTestDescriptor.invokeTestMethod(TestMethodTestDescriptor.java:214)
	at org.junit.jupiter.engine.descriptor.TestMethodTestDescriptor.execute(TestMethodTestDescriptor.java:139)
	at org.junit.jupiter.engine.descriptor.TestMethodTestDescriptor.execute(TestMethodTestDescriptor.java:69)
	at org.junit.platform.engine.support.hierarchical.NodeTestTask.lambda$executeRecursively$6(NodeTestTask.java:151)
	at org.junit.platform.engine.support.hierarchical.ThrowableCollector.execute(ThrowableCollector.java:73)
	at org.junit.platform.engine.support.hierarchical.NodeTestTask.lambda$executeRecursively$8(NodeTestTask.java:141)
	at org.junit.platform.engine.support.hierarchical.Node.around(Node.java:137)
	at org.junit.platform.engine.support.hierarchical.NodeTestTask.lambda$executeRecursively$9(NodeTestTask.java:139)
	at org.junit.platform.engine.support.hierarchical.ThrowableCollector.execute(ThrowableCollector.java:73)
	at org.junit.platform.engine.support.hierarchical.NodeTestTask.executeRecursively(NodeTestTask.java:138)
	at org.junit.platform.engine.support.hierarchical.NodeTestTask.execute(NodeTestTask.java:95)
	at java.base/java.util.ArrayList.forEach(ArrayList.java:1596)
	at org.junit.platform.engine.support.hierarchical.SameThreadHierarchicalTestExecutorService.invokeAll(SameThreadHierarchicalTestExecutorService.java:41)
	at org.junit.platform.engine.support.hierarchical.NodeTestTask.lambda$executeRecursively$6(NodeTestTask.java:155)
	at org.junit.platform.engine.support.hierarchical.ThrowableCollector.execute(ThrowableCollector.java:73)
	at org.junit.platform.engine.support.hierarchical.NodeTestTask.lambda$executeRecursively$8(NodeTestTask.java:141)
	at org.junit.platform.engine.support.hierarchical.Node.around(Node.java:137)
	at org.junit.platform.engine.support.hierarchical.NodeTestTask.lambda$executeRecursively$9(NodeTestTask.java:139)
	at org.junit.platform.engine.support.hierarchical.ThrowableCollector.execute(ThrowableCollector.java:73)
	at org.junit.platform.engine.support.hierarchical.NodeTestTask.executeRecursively(NodeTestTask.java:138)
	at org.junit.platform.engine.support.hierarchical.NodeTestTask.execute(NodeTestTask.java:95)
	at java.base/java.util.ArrayList.forEach(ArrayList.java:1596)
	at org.junit.platform.engine.support.hierarchical.SameThreadHierarchicalTestExecutorService.invokeAll(SameThreadHierarchicalTestExecutorService.java:41)
	at org.junit.platform.engine.support.hierarchical.NodeTestTask.lambda$executeRecursively$6(NodeTestTask.java:155)
	at org.junit.platform.engine.support.hierarchical.ThrowableCollector.execute(ThrowableCollector.java:73)
	at org.junit.platform.engine.support.hierarchical.NodeTestTask.lambda$executeRecursively$8(NodeTestTask.java:141)
	at org.junit.platform.engine.support.hierarchical.Node.around(Node.java:137)
	at org.junit.platform.engine.support.hierarchical.NodeTestTask.lambda$executeRecursively$9(NodeTestTask.java:139)
	at org.junit.platform.engine.support.hierarchical.ThrowableCollector.execute(ThrowableCollector.java:73)
	at org.junit.platform.engine.support.hierarchical.NodeTestTask.executeRecursively(NodeTestTask.java:138)
	at org.junit.platform.engine.support.hierarchical.NodeTestTask.execute(NodeTestTask.java:95)
	at org.junit.platform.engine.support.hierarchical.SameThreadHierarchicalTestExecutorService.submit(SameThreadHierarchicalTestExecutorService.java:35)
	at org.junit.platform.engine.support.hierarchical.HierarchicalTestExecutor.execute(HierarchicalTestExecutor.java:57)
	at org.junit.platform.engine.support.hierarchical.HierarchicalTestEngine.execute(HierarchicalTestEngine.java:54)
	at org.junit.platform.launcher.core.EngineExecutionOrchestrator.execute(EngineExecutionOrchestrator.java:198)
	at org.junit.platform.launcher.core.EngineExecutionOrchestrator.execute(EngineExecutionOrchestrator.java:169)
	at org.junit.platform.launcher.core.EngineExecutionOrchestrator.execute(EngineExecutionOrchestrator.java:93)
	at org.junit.platform.launcher.core.EngineExecutionOrchestrator.lambda$execute$0(EngineExecutionOrchestrator.java:58)
	at org.junit.platform.launcher.core.EngineExecutionOrchestrator.withInterceptedStreams(EngineExecutionOrchestrator.java:141)
	at org.junit.platform.launcher.core.EngineExecutionOrchestrator.execute(EngineExecutionOrchestrator.java:57)
	at org.junit.platform.launcher.core.DefaultLauncher.execute(DefaultLauncher.java:103)
	at org.junit.platform.launcher.core.DefaultLauncher.execute(DefaultLauncher.java:85)
	at org.junit.platform.launcher.core.DelegatingLauncher.execute(DelegatingLauncher.java:47)
	at org.junit.platform.launcher.core.SessionPerRequestLauncher.execute(SessionPerRequestLauncher.java:63)
	at com.intellij.junit5.JUnit5IdeaTestRunner.startRunnerWithArgs(JUnit5IdeaTestRunner.java:57)
	at com.intellij.rt.junit.IdeaTestRunner$Repeater$1.execute(IdeaTestRunner.java:38)
	at com.intellij.rt.execution.junit.TestsRepeater.repeat(TestsRepeater.java:11)
	at com.intellij.rt.junit.IdeaTestRunner$Repeater.startRunnerWithArgs(IdeaTestRunner.java:35)
	at com.intellij.rt.junit.JUnitStarter.prepareStreamsAndStart(JUnitStarter.java:232)
	at com.intellij.rt.junit.JUnitStarter.main(JUnitStarter.java:55)
2025-01-31 15:40:57 [main] INFO  l.insoft.uztis.tests.utils.TestUtils - Screenshot moved to C:\Users\ingrida.zadorozniene\Desktop\Asm\UZTIS\UZTIS_tests\test-output\screenshots\20250131\154057239_testFillNewApplication().png
2025-01-31 15:41:07 [main] INFO  lt.insoft.uztis.tests.UztisPageTest - Navigated to https://uztisdev.asseco.lt/home
2025-01-31 15:41:07 [main] INFO  l.i.u.t.SubmittedApplicationsPageTest - Starting test:'testFillNewApplication'
2025-01-31 15:41:07 [main] DEBUG l.i.u.t.SubmittedApplicationsPageTest - User logged in with test credentials
2025-01-31 15:41:08 [main] DEBUG l.i.u.t.SubmittedApplicationsPageTest - Opened 'Application Processing' menu.
2025-01-31 15:41:08 [main] DEBUG l.i.u.t.SubmittedApplicationsPageTest - Clicked on 'Application Forms' menu.
2025-01-31 15:41:08 [main] DEBUG l.i.u.t.SubmittedApplicationsPageTest - Retrieved last description code text: 'TST-VUI-27'.
2025-01-31 15:41:08 [main] DEBUG l.i.u.t.SubmittedApplicationsPageTest - Clicked on 'Invitation' menu.
2025-01-31 15:41:09 [main] DEBUG l.i.u.t.SubmittedApplicationsPageTest - Selected application section by code: 'TST-VUI-27'.
2025-01-31 15:41:09 [main] DEBUG l.i.u.t.SubmittedApplicationsPageTest - Clicked 'Search' button.
2025-01-31 15:41:09 [main] DEBUG l.i.u.t.SubmittedApplicationsPageTest - Retrieved invitation code: ''.
2025-01-31 15:41:10 [main] DEBUG l.i.u.t.SubmittedApplicationsPageTest - Clicked on 'Submitted Applications' menu.
2025-01-31 15:41:11 [main] DEBUG l.i.u.t.SubmittedApplicationsPageTest - Selected invitation by code: 'TST-VUI-27'.
2025-01-31 15:41:11 [main] DEBUG l.i.u.t.SubmittedApplicationsPageTest - Clicked on 'Action Application' button.
2025-01-31 15:41:11 [main] DEBUG l.i.u.t.SubmittedApplicationsPageTest - Clicked on 'New Application' button.
2025-01-31 15:41:11 [main] DEBUG l.i.u.t.SubmittedApplicationsPageTest - Clicked on 'RadioButtonFA' button.
2025-01-31 15:41:12 [main] DEBUG l.i.u.t.SubmittedApplicationsPageTest - Entered phone number into the input field.
2025-01-31 15:41:12 [main] DEBUG l.i.u.t.SubmittedApplicationsPageTest - Entered eMail into the input field.
2025-01-31 15:41:12 [main] INFO  l.i.u.p.SubmittedApplicationsPage - Located the dropdown button.
2025-01-31 15:41:31 [main] INFO  l.i.u.p.SubmittedApplicationsPage - Found 1741 options in the dropdown.
2025-01-31 15:41:31 [main] INFO  l.i.u.p.SubmittedApplicationsPage - Successfully selected the value: '01.11 - Grūdinių (išskyrus ryžius), ankštinių ir aliejingų sėklų augalų auginimas'
2025-01-31 15:41:42 [main] ERROR l.i.u.p.SubmittedApplicationsPage - Failed to close the dropdown with aria-expanded = 'false'. Attempting manual close.
2025-01-31 15:41:42 [main] INFO  l.i.u.p.SubmittedApplicationsPage - Manual close attempt for the dropdown using body click.
2025-01-31 15:41:42 [main] DEBUG l.i.u.t.SubmittedApplicationsPageTest - Entered Address into the input field.
2025-01-31 15:41:43 [main] DEBUG l.i.u.t.SubmittedApplicationsPageTest - Entered Address into the input field.
2025-01-31 15:41:43 [main] INFO  l.i.u.p.SubmittedApplicationsPage - Located the dropdown button.
2025-01-31 15:41:44 [main] INFO  l.i.u.p.SubmittedApplicationsPage - Successfully selected the value: 'Administratoriai'
2025-01-31 15:42:04 [main] ERROR l.i.u.p.SubmittedApplicationsPage - Timeout while waiting for dropdown to close with aria-expanded = 'false'.
2025-01-31 15:42:04 [main] DEBUG l.i.u.t.SubmittedApplicationsPageTest - Selected the value: 'Administratoriai'
2025-01-31 15:42:04 [main] INFO  l.i.u.p.SubmittedApplicationsPage - Clicking on the dropdown button.
2025-01-31 15:42:05 [main] INFO  l.i.u.p.SubmittedApplicationsPage - Found 34 options in the dropdown.
2025-01-31 15:42:05 [main] DEBUG l.i.u.p.SubmittedApplicationsPage - Checking option: 'Asmenys, kuriems suteiktas pabėgėlio statusas ar perkeliamojo asmens statusas, arba asmenys, kuriems suteikta papildoma ar laikinoji apsauga, ir asmenys, turintys teisę gauti laikinąją apsaugą, iki sprendimo dėl laikinosios apsaugos suteikimo (nesuteikimo) priėmimo, tačiau ne ilgiau kaip laikinosios apsaugos laikotarpiu'
2025-01-31 15:42:05 [main] DEBUG l.i.u.p.SubmittedApplicationsPage - Checking option: 'Asmenys, kuriems suteiktas pabėgėlio statusas ar perkeliamojo asmens statusas, arba asmenys, kuriems suteikta papildoma ar laikinoji apsauga, ir asmenys, turintys teisę gauti laikinąją apsaugą, iki sprendimo dėl laikinosios apsaugos suteikimo (nesuteikimo) priėmimo, tačiau ne ilgiau kaip laikinosios apsaugos laikotarpiu'
2025-01-31 15:42:05 [main] DEBUG l.i.u.p.SubmittedApplicationsPage - Checking option: 'Asmenys, turintys teisę į papildomas užimtumo garantijas pagal Lietuvos Respublikos valstybės įmonės Ignalinos atominės elektrinės darbuotojų papildomų užimtumo ir socialinių garantijų įstatymą'
2025-01-31 15:42:05 [main] DEBUG l.i.u.p.SubmittedApplicationsPage - Checking option: 'Asmenys, turintys teisę į papildomas užimtumo garantijas pagal Lietuvos Respublikos valstybės įmonės Ignalinos atominės elektrinės darbuotojų papildomų užimtumo ir socialinių garantijų įstatymą'
2025-01-31 15:42:05 [main] DEBUG l.i.u.p.SubmittedApplicationsPage - Checking option: 'Bedarbiai iki 29 metų'
2025-01-31 15:42:05 [main] DEBUG l.i.u.p.SubmittedApplicationsPage - Checking option: 'Bedarbiai iki 29 metų'
2025-01-31 15:42:05 [main] DEBUG l.i.u.p.SubmittedApplicationsPage - Checking option: 'Bedarbiai, kurie yra darbingo amžiaus neįgalieji, kuriems nustatytas 30–40 procentų darbingumo lygis arba vidutinis neįgalumo lygis'
2025-01-31 15:42:05 [main] DEBUG l.i.u.p.SubmittedApplicationsPage - Checking option: 'Bedarbiai, kurie yra darbingo amžiaus neįgalieji, kuriems nustatytas 30–40 procentų darbingumo lygis arba vidutinis neįgalumo lygis'
2025-01-31 15:42:05 [main] DEBUG l.i.u.p.SubmittedApplicationsPage - Checking option: 'Bedarbiai, kurie yra darbingo amžiaus neįgalieji, kuriems nustatytas 45–55 procentų darbingumo lygis arba lengvas neįgalumo lygis'
2025-01-31 15:42:05 [main] DEBUG l.i.u.p.SubmittedApplicationsPage - Checking option: 'Bedarbiai, kurie yra darbingo amžiaus neįgalieji, kuriems nustatytas 45–55 procentų darbingumo lygis arba lengvas neįgalumo lygis'
2025-01-31 15:42:05 [main] DEBUG l.i.u.p.SubmittedApplicationsPage - Checking option: 'Bedarbiai, kurie yra darbingo amžiaus neįgalieji, kuriems nustatytas iki 25 procentų darbingumo lygis arba sunkus neįgalumo lygis'
2025-01-31 15:42:05 [main] INFO  l.i.u.p.SubmittedApplicationsPage - Successfully selected the value: 'Bedarbiai, kurie yra darbingo amžiaus neįgalieji, kuriems nustatytas iki 25 procentų darbingumo lygis arba sunkus neįgalumo lygis'
2025-01-31 15:42:05 [main] INFO  l.i.u.p.SubmittedApplicationsPage - Attempting to close the dropdown.
2025-01-31 15:42:06 [main] ERROR l.i.u.p.SubmittedApplicationsPage - Error occurred while selecting value: move target out of bounds
  (Session info: chrome=132.0.6834.160)
Build info: version: '4.27.0', revision: 'd6e718d134'
System info: os.name: 'Windows 11', os.arch: 'amd64', os.version: '10.0', java.version: '21.0.3'
Driver info: org.openqa.selenium.chrome.ChromeDriver
Command: [470b377da47ff3e5e58fdc3a6bb1d6bc, actions {actions=[org.openqa.selenium.interactions.Sequence@631990cc]}]
Capabilities {acceptInsecureCerts: false, browserName: chrome, browserVersion: 132.0.6834.160, chrome: {chromedriverVersion: 132.0.6834.159 (2d77d3fc445..., userDataDir: C:\Users\INGRID~1.ZAD\AppDa...}, fedcm:accounts: true, goog:chromeOptions: {debuggerAddress: localhost:54113}, networkConnectionEnabled: false, pageLoadStrategy: normal, platformName: windows, proxy: Proxy(), se:cdp: ws://localhost:54113/devtoo..., se:cdpVersion: 132.0.6834.160, setWindowRect: true, strictFileInteractability: false, timeouts: {implicit: 0, pageLoad: 300000, script: 30000}, unhandledPromptBehavior: dismiss and notify, webauthn:extension:credBlob: true, webauthn:extension:largeBlob: true, webauthn:extension:minPinLength: true, webauthn:extension:prf: true, webauthn:virtualAuthenticators: true}
Session ID: 470b377da47ff3e5e58fdc3a6bb1d6bc
2025-01-31 15:42:06 [main] ERROR l.i.u.t.SubmittedApplicationsPageTest - Test 'testFillNewApplication' failed with error: Failed to select value from dropdown.
java.lang.RuntimeException: Failed to select value from dropdown.
	at lt.insoft.uztis.pages.SubmittedApplicationsPage.selectValueByListDisabilitiesType(SubmittedApplicationsPage.java:476)
	at lt.insoft.uztis.tests.SubmittedApplicationsPageTest.testFillNewApplication(SubmittedApplicationsPageTest.java:183)
	at java.base/jdk.internal.reflect.DirectMethodHandleAccessor.invoke(DirectMethodHandleAccessor.java:103)
	at java.base/java.lang.reflect.Method.invoke(Method.java:580)
	at org.junit.platform.commons.util.ReflectionUtils.invokeMethod(ReflectionUtils.java:728)
	at org.junit.jupiter.engine.execution.MethodInvocation.proceed(MethodInvocation.java:60)
	at org.junit.jupiter.engine.execution.InvocationInterceptorChain$ValidatingInvocation.proceed(InvocationInterceptorChain.java:131)
	at org.junit.jupiter.engine.extension.TimeoutExtension.intercept(TimeoutExtension.java:156)
	at org.junit.jupiter.engine.extension.TimeoutExtension.interceptTestableMethod(TimeoutExtension.java:147)
	at org.junit.jupiter.engine.extension.TimeoutExtension.interceptTestMethod(TimeoutExtension.java:86)
	at org.junit.jupiter.engine.execution.InterceptingExecutableInvoker$ReflectiveInterceptorCall.lambda$ofVoidMethod$0(InterceptingExecutableInvoker.java:103)
	at org.junit.jupiter.engine.execution.InterceptingExecutableInvoker.lambda$invoke$0(InterceptingExecutableInvoker.java:93)
	at org.junit.jupiter.engine.execution.InvocationInterceptorChain$InterceptedInvocation.proceed(InvocationInterceptorChain.java:106)
	at org.junit.jupiter.engine.execution.InvocationInterceptorChain.proceed(InvocationInterceptorChain.java:64)
	at org.junit.jupiter.engine.execution.InvocationInterceptorChain.chainAndInvoke(InvocationInterceptorChain.java:45)
	at org.junit.jupiter.engine.execution.InvocationInterceptorChain.invoke(InvocationInterceptorChain.java:37)
	at org.junit.jupiter.engine.execution.InterceptingExecutableInvoker.invoke(InterceptingExecutableInvoker.java:92)
	at org.junit.jupiter.engine.execution.InterceptingExecutableInvoker.invoke(InterceptingExecutableInvoker.java:86)
	at org.junit.jupiter.engine.descriptor.TestMethodTestDescriptor.lambda$invokeTestMethod$7(TestMethodTestDescriptor.java:218)
	at org.junit.platform.engine.support.hierarchical.ThrowableCollector.execute(ThrowableCollector.java:73)
	at org.junit.jupiter.engine.descriptor.TestMethodTestDescriptor.invokeTestMethod(TestMethodTestDescriptor.java:214)
	at org.junit.jupiter.engine.descriptor.TestMethodTestDescriptor.execute(TestMethodTestDescriptor.java:139)
	at org.junit.jupiter.engine.descriptor.TestMethodTestDescriptor.execute(TestMethodTestDescriptor.java:69)
	at org.junit.platform.engine.support.hierarchical.NodeTestTask.lambda$executeRecursively$6(NodeTestTask.java:151)
	at org.junit.platform.engine.support.hierarchical.ThrowableCollector.execute(ThrowableCollector.java:73)
	at org.junit.platform.engine.support.hierarchical.NodeTestTask.lambda$executeRecursively$8(NodeTestTask.java:141)
	at org.junit.platform.engine.support.hierarchical.Node.around(Node.java:137)
	at org.junit.platform.engine.support.hierarchical.NodeTestTask.lambda$executeRecursively$9(NodeTestTask.java:139)
	at org.junit.platform.engine.support.hierarchical.ThrowableCollector.execute(ThrowableCollector.java:73)
	at org.junit.platform.engine.support.hierarchical.NodeTestTask.executeRecursively(NodeTestTask.java:138)
	at org.junit.platform.engine.support.hierarchical.NodeTestTask.execute(NodeTestTask.java:95)
	at java.base/java.util.ArrayList.forEach(ArrayList.java:1596)
	at org.junit.platform.engine.support.hierarchical.SameThreadHierarchicalTestExecutorService.invokeAll(SameThreadHierarchicalTestExecutorService.java:41)
	at org.junit.platform.engine.support.hierarchical.NodeTestTask.lambda$executeRecursively$6(NodeTestTask.java:155)
	at org.junit.platform.engine.support.hierarchical.ThrowableCollector.execute(ThrowableCollector.java:73)
	at org.junit.platform.engine.support.hierarchical.NodeTestTask.lambda$executeRecursively$8(NodeTestTask.java:141)
	at org.junit.platform.engine.support.hierarchical.Node.around(Node.java:137)
	at org.junit.platform.engine.support.hierarchical.NodeTestTask.lambda$executeRecursively$9(NodeTestTask.java:139)
	at org.junit.platform.engine.support.hierarchical.ThrowableCollector.execute(ThrowableCollector.java:73)
	at org.junit.platform.engine.support.hierarchical.NodeTestTask.executeRecursively(NodeTestTask.java:138)
	at org.junit.platform.engine.support.hierarchical.NodeTestTask.execute(NodeTestTask.java:95)
	at java.base/java.util.ArrayList.forEach(ArrayList.java:1596)
	at org.junit.platform.engine.support.hierarchical.SameThreadHierarchicalTestExecutorService.invokeAll(SameThreadHierarchicalTestExecutorService.java:41)
	at org.junit.platform.engine.support.hierarchical.NodeTestTask.lambda$executeRecursively$6(NodeTestTask.java:155)
	at org.junit.platform.engine.support.hierarchical.ThrowableCollector.execute(ThrowableCollector.java:73)
	at org.junit.platform.engine.support.hierarchical.NodeTestTask.lambda$executeRecursively$8(NodeTestTask.java:141)
	at org.junit.platform.engine.support.hierarchical.Node.around(Node.java:137)
	at org.junit.platform.engine.support.hierarchical.NodeTestTask.lambda$executeRecursively$9(NodeTestTask.java:139)
	at org.junit.platform.engine.support.hierarchical.ThrowableCollector.execute(ThrowableCollector.java:73)
	at org.junit.platform.engine.support.hierarchical.NodeTestTask.executeRecursively(NodeTestTask.java:138)
	at org.junit.platform.engine.support.hierarchical.NodeTestTask.execute(NodeTestTask.java:95)
	at org.junit.platform.engine.support.hierarchical.SameThreadHierarchicalTestExecutorService.submit(SameThreadHierarchicalTestExecutorService.java:35)
	at org.junit.platform.engine.support.hierarchical.HierarchicalTestExecutor.execute(HierarchicalTestExecutor.java:57)
	at org.junit.platform.engine.support.hierarchical.HierarchicalTestEngine.execute(HierarchicalTestEngine.java:54)
	at org.junit.platform.launcher.core.EngineExecutionOrchestrator.execute(EngineExecutionOrchestrator.java:198)
	at org.junit.platform.launcher.core.EngineExecutionOrchestrator.execute(EngineExecutionOrchestrator.java:169)
	at org.junit.platform.launcher.core.EngineExecutionOrchestrator.execute(EngineExecutionOrchestrator.java:93)
	at org.junit.platform.launcher.core.EngineExecutionOrchestrator.lambda$execute$0(EngineExecutionOrchestrator.java:58)
	at org.junit.platform.launcher.core.EngineExecutionOrchestrator.withInterceptedStreams(EngineExecutionOrchestrator.java:141)
	at org.junit.platform.launcher.core.EngineExecutionOrchestrator.execute(EngineExecutionOrchestrator.java:57)
	at org.junit.platform.launcher.core.DefaultLauncher.execute(DefaultLauncher.java:103)
	at org.junit.platform.launcher.core.DefaultLauncher.execute(DefaultLauncher.java:85)
	at org.junit.platform.launcher.core.DelegatingLauncher.execute(DelegatingLauncher.java:47)
	at org.junit.platform.launcher.core.SessionPerRequestLauncher.execute(SessionPerRequestLauncher.java:63)
	at com.intellij.junit5.JUnit5IdeaTestRunner.startRunnerWithArgs(JUnit5IdeaTestRunner.java:57)
	at com.intellij.rt.junit.IdeaTestRunner$Repeater$1.execute(IdeaTestRunner.java:38)
	at com.intellij.rt.execution.junit.TestsRepeater.repeat(TestsRepeater.java:11)
	at com.intellij.rt.junit.IdeaTestRunner$Repeater.startRunnerWithArgs(IdeaTestRunner.java:35)
	at com.intellij.rt.junit.JUnitStarter.prepareStreamsAndStart(JUnitStarter.java:232)
	at com.intellij.rt.junit.JUnitStarter.main(JUnitStarter.java:55)
Caused by: org.openqa.selenium.interactions.MoveTargetOutOfBoundsException: move target out of bounds
  (Session info: chrome=132.0.6834.160)
Build info: version: '4.27.0', revision: 'd6e718d134'
System info: os.name: 'Windows 11', os.arch: 'amd64', os.version: '10.0', java.version: '21.0.3'
Driver info: org.openqa.selenium.chrome.ChromeDriver
Command: [470b377da47ff3e5e58fdc3a6bb1d6bc, actions {actions=[org.openqa.selenium.interactions.Sequence@631990cc]}]
Capabilities {acceptInsecureCerts: false, browserName: chrome, browserVersion: 132.0.6834.160, chrome: {chromedriverVersion: 132.0.6834.159 (2d77d3fc445..., userDataDir: C:\Users\INGRID~1.ZAD\AppDa...}, fedcm:accounts: true, goog:chromeOptions: {debuggerAddress: localhost:54113}, networkConnectionEnabled: false, pageLoadStrategy: normal, platformName: windows, proxy: Proxy(), se:cdp: ws://localhost:54113/devtoo..., se:cdpVersion: 132.0.6834.160, setWindowRect: true, strictFileInteractability: false, timeouts: {implicit: 0, pageLoad: 300000, script: 30000}, unhandledPromptBehavior: dismiss and notify, webauthn:extension:credBlob: true, webauthn:extension:largeBlob: true, webauthn:extension:minPinLength: true, webauthn:extension:prf: true, webauthn:virtualAuthenticators: true}
Session ID: 470b377da47ff3e5e58fdc3a6bb1d6bc
	at java.base/jdk.internal.reflect.DirectConstructorHandleAccessor.newInstance(DirectConstructorHandleAccessor.java:62)
	at java.base/java.lang.reflect.Constructor.newInstanceWithCaller(Constructor.java:502)
	at java.base/java.lang.reflect.Constructor.newInstance(Constructor.java:486)
	at org.openqa.selenium.remote.ErrorCodec.decode(ErrorCodec.java:167)
	at org.openqa.selenium.remote.codec.w3c.W3CHttpResponseCodec.decode(W3CHttpResponseCodec.java:138)
	at org.openqa.selenium.remote.codec.w3c.W3CHttpResponseCodec.decode(W3CHttpResponseCodec.java:50)
	at org.openqa.selenium.remote.HttpCommandExecutor.execute(HttpCommandExecutor.java:190)
	at org.openqa.selenium.remote.service.DriverCommandExecutor.invokeExecute(DriverCommandExecutor.java:216)
	at org.openqa.selenium.remote.service.DriverCommandExecutor.execute(DriverCommandExecutor.java:174)
	at org.openqa.selenium.remote.RemoteWebDriver.execute(RemoteWebDriver.java:545)
	at org.openqa.selenium.remote.RemoteWebDriver.perform(RemoteWebDriver.java:631)
	at org.openqa.selenium.interactions.Actions$BuiltAction.perform(Actions.java:613)
	at org.openqa.selenium.interactions.Actions.perform(Actions.java:578)
	at lt.insoft.uztis.pages.SubmittedApplicationsPage.selectValueByListDisabilitiesType(SubmittedApplicationsPage.java:468)
	... 69 common frames omitted
2025-01-31 15:42:06 [main] INFO  l.insoft.uztis.tests.utils.TestUtils - Screenshot moved to C:\Users\ingrida.zadorozniene\Desktop\Asm\UZTIS\UZTIS_tests\test-output\screenshots\20250131\154206459_testFillNewApplication().png
2025-01-31 15:46:53 [main] INFO  lt.insoft.uztis.tests.UztisPageTest - Navigated to https://uztisdev.asseco.lt/home
2025-01-31 15:46:53 [main] INFO  l.i.u.t.SubmittedApplicationsPageTest - Starting test:'testFillNewApplication'
2025-01-31 15:46:53 [main] DEBUG l.i.u.t.SubmittedApplicationsPageTest - User logged in with test credentials
2025-01-31 15:46:53 [main] DEBUG l.i.u.t.SubmittedApplicationsPageTest - Opened 'Application Processing' menu.
2025-01-31 15:46:54 [main] DEBUG l.i.u.t.SubmittedApplicationsPageTest - Clicked on 'Application Forms' menu.
2025-01-31 15:46:54 [main] DEBUG l.i.u.t.SubmittedApplicationsPageTest - Retrieved last description code text: 'TST-VUI-27'.
2025-01-31 15:46:54 [main] DEBUG l.i.u.t.SubmittedApplicationsPageTest - Clicked on 'Invitation' menu.
2025-01-31 15:46:55 [main] DEBUG l.i.u.t.SubmittedApplicationsPageTest - Selected application section by code: 'TST-VUI-27'.
2025-01-31 15:46:55 [main] DEBUG l.i.u.t.SubmittedApplicationsPageTest - Clicked 'Search' button.
2025-01-31 15:46:55 [main] DEBUG l.i.u.t.SubmittedApplicationsPageTest - Retrieved invitation code: ''.
2025-01-31 15:46:55 [main] DEBUG l.i.u.t.SubmittedApplicationsPageTest - Clicked on 'Submitted Applications' menu.
2025-01-31 15:46:56 [main] DEBUG l.i.u.t.SubmittedApplicationsPageTest - Selected invitation by code: 'TST-VUI-27'.
2025-01-31 15:46:56 [main] DEBUG l.i.u.t.SubmittedApplicationsPageTest - Clicked on 'Action Application' button.
2025-01-31 15:46:56 [main] DEBUG l.i.u.t.SubmittedApplicationsPageTest - Clicked on 'New Application' button.
2025-01-31 15:46:57 [main] DEBUG l.i.u.t.SubmittedApplicationsPageTest - Clicked on 'RadioButtonFA' button.
2025-01-31 15:46:57 [main] DEBUG l.i.u.t.SubmittedApplicationsPageTest - Entered phone number into the input field.
2025-01-31 15:46:57 [main] DEBUG l.i.u.t.SubmittedApplicationsPageTest - Entered eMail into the input field.
2025-01-31 15:46:57 [main] INFO  l.i.u.p.SubmittedApplicationsPage - Located the dropdown button.
2025-01-31 15:47:16 [main] INFO  l.i.u.p.SubmittedApplicationsPage - Found 1741 options in the dropdown.
2025-01-31 15:47:16 [main] INFO  l.i.u.p.SubmittedApplicationsPage - Successfully selected the value: '01.11 - Grūdinių (išskyrus ryžius), ankštinių ir aliejingų sėklų augalų auginimas'
2025-01-31 15:47:27 [main] ERROR l.i.u.p.SubmittedApplicationsPage - Failed to close the dropdown with aria-expanded = 'false'. Attempting manual close.
2025-01-31 15:47:27 [main] INFO  l.i.u.p.SubmittedApplicationsPage - Manual close attempt for the dropdown using body click.
2025-01-31 15:47:27 [main] DEBUG l.i.u.t.SubmittedApplicationsPageTest - Entered Address into the input field.
2025-01-31 15:47:27 [main] DEBUG l.i.u.t.SubmittedApplicationsPageTest - Entered Address into the input field.
2025-01-31 15:47:28 [main] INFO  l.i.u.p.SubmittedApplicationsPage - Located the dropdown button.
2025-01-31 15:47:29 [main] INFO  l.i.u.p.SubmittedApplicationsPage - Successfully selected the value: 'Administratoriai'
2025-01-31 15:47:49 [main] ERROR l.i.u.p.SubmittedApplicationsPage - Timeout while waiting for dropdown to close with aria-expanded = 'false'.
2025-01-31 15:47:49 [main] DEBUG l.i.u.t.SubmittedApplicationsPageTest - Selected the value: 'Administratoriai'
2025-01-31 15:47:49 [main] INFO  l.i.u.p.SubmittedApplicationsPage - Clicking on the dropdown button.
2025-01-31 15:47:50 [main] INFO  l.i.u.p.SubmittedApplicationsPage - Found 34 options in the dropdown.
2025-01-31 15:47:50 [main] DEBUG l.i.u.p.SubmittedApplicationsPage - Checking option: 'Asmenys, kuriems suteiktas pabėgėlio statusas ar perkeliamojo asmens statusas, arba asmenys, kuriems suteikta papildoma ar laikinoji apsauga, ir asmenys, turintys teisę gauti laikinąją apsaugą, iki sprendimo dėl laikinosios apsaugos suteikimo (nesuteikimo) priėmimo, tačiau ne ilgiau kaip laikinosios apsaugos laikotarpiu'
2025-01-31 15:47:50 [main] DEBUG l.i.u.p.SubmittedApplicationsPage - Checking option: 'Asmenys, kuriems suteiktas pabėgėlio statusas ar perkeliamojo asmens statusas, arba asmenys, kuriems suteikta papildoma ar laikinoji apsauga, ir asmenys, turintys teisę gauti laikinąją apsaugą, iki sprendimo dėl laikinosios apsaugos suteikimo (nesuteikimo) priėmimo, tačiau ne ilgiau kaip laikinosios apsaugos laikotarpiu'
2025-01-31 15:47:50 [main] DEBUG l.i.u.p.SubmittedApplicationsPage - Checking option: 'Asmenys, turintys teisę į papildomas užimtumo garantijas pagal Lietuvos Respublikos valstybės įmonės Ignalinos atominės elektrinės darbuotojų papildomų užimtumo ir socialinių garantijų įstatymą'
2025-01-31 15:47:50 [main] DEBUG l.i.u.p.SubmittedApplicationsPage - Checking option: 'Asmenys, turintys teisę į papildomas užimtumo garantijas pagal Lietuvos Respublikos valstybės įmonės Ignalinos atominės elektrinės darbuotojų papildomų užimtumo ir socialinių garantijų įstatymą'
2025-01-31 15:47:50 [main] DEBUG l.i.u.p.SubmittedApplicationsPage - Checking option: 'Bedarbiai iki 29 metų'
2025-01-31 15:47:50 [main] DEBUG l.i.u.p.SubmittedApplicationsPage - Checking option: 'Bedarbiai iki 29 metų'
2025-01-31 15:47:50 [main] DEBUG l.i.u.p.SubmittedApplicationsPage - Checking option: 'Bedarbiai, kurie yra darbingo amžiaus neįgalieji, kuriems nustatytas 30–40 procentų darbingumo lygis arba vidutinis neįgalumo lygis'
2025-01-31 15:47:50 [main] DEBUG l.i.u.p.SubmittedApplicationsPage - Checking option: 'Bedarbiai, kurie yra darbingo amžiaus neįgalieji, kuriems nustatytas 30–40 procentų darbingumo lygis arba vidutinis neįgalumo lygis'
2025-01-31 15:47:50 [main] DEBUG l.i.u.p.SubmittedApplicationsPage - Checking option: 'Bedarbiai, kurie yra darbingo amžiaus neįgalieji, kuriems nustatytas 45–55 procentų darbingumo lygis arba lengvas neįgalumo lygis'
2025-01-31 15:47:50 [main] DEBUG l.i.u.p.SubmittedApplicationsPage - Checking option: 'Bedarbiai, kurie yra darbingo amžiaus neįgalieji, kuriems nustatytas 45–55 procentų darbingumo lygis arba lengvas neįgalumo lygis'
2025-01-31 15:47:50 [main] DEBUG l.i.u.p.SubmittedApplicationsPage - Checking option: 'Bedarbiai, kurie yra darbingo amžiaus neįgalieji, kuriems nustatytas iki 25 procentų darbingumo lygis arba sunkus neįgalumo lygis'
2025-01-31 15:47:50 [main] INFO  l.i.u.p.SubmittedApplicationsPage - Successfully selected the value: 'Bedarbiai, kurie yra darbingo amžiaus neįgalieji, kuriems nustatytas iki 25 procentų darbingumo lygis arba sunkus neįgalumo lygis'
2025-01-31 15:47:50 [main] INFO  l.i.u.p.SubmittedApplicationsPage - Attempting to close the dropdown.
2025-01-31 15:48:01 [main] INFO  l.i.u.p.SubmittedApplicationsPage - Dropdown should be closed now.
2025-01-31 15:48:01 [main] INFO  l.i.u.p.SubmittedApplicationsPage - Located the dropdown button.
2025-01-31 15:48:01 [main] INFO  l.i.u.p.SubmittedApplicationsPage - Successfully selected the value: 'Kita'
2025-01-31 15:48:11 [main] ERROR l.i.u.p.SubmittedApplicationsPage - Timeout while waiting for dropdown to close with aria-expanded = 'false'.
2025-01-31 15:48:11 [main] DEBUG l.i.u.t.SubmittedApplicationsPageTest - Selected the value: 'Kita'
2025-01-31 15:48:12 [main] DEBUG l.i.u.t.SubmittedApplicationsPageTest - Selected the value: '6 val. per dieną ir 4 d. per savaitę'
2025-01-31 15:48:12 [main] DEBUG l.i.u.t.SubmittedApplicationsPageTest - Entered Address into the input field.
2025-01-31 15:48:13 [main] INFO  l.i.u.t.SubmittedApplicationsPageTest - Test 'testFillNewApplication' completed successfully.
2025-02-03 09:30:35 [main] INFO  lt.insoft.uztis.tests.UztisPageTest - Navigated to https://uztisdev.asseco.lt/home
2025-02-03 09:30:35 [main] INFO  l.i.u.t.SubmittedApplicationsPageTest - Starting test:'testFillNewApplication'
2025-02-03 09:30:36 [main] DEBUG l.i.u.t.SubmittedApplicationsPageTest - User logged in with test credentials
2025-02-03 09:30:36 [main] DEBUG l.i.u.t.SubmittedApplicationsPageTest - Opened 'Application Processing' menu.
2025-02-03 09:30:36 [main] DEBUG l.i.u.t.SubmittedApplicationsPageTest - Clicked on 'Application Forms' menu.
2025-02-03 09:30:37 [main] DEBUG l.i.u.t.SubmittedApplicationsPageTest - Retrieved last description code text: 'BLANK'.
2025-02-03 09:30:37 [main] DEBUG l.i.u.t.SubmittedApplicationsPageTest - Clicked on 'Invitation' menu.
2025-02-03 09:30:38 [main] DEBUG l.i.u.t.SubmittedApplicationsPageTest - Selected application section by code: 'BLANK'.
2025-02-03 09:30:38 [main] DEBUG l.i.u.t.SubmittedApplicationsPageTest - Clicked 'Search' button.
2025-02-03 09:30:38 [main] DEBUG l.i.u.t.SubmittedApplicationsPageTest - Retrieved invitation code: ''.
2025-02-03 09:30:38 [main] DEBUG l.i.u.t.SubmittedApplicationsPageTest - Clicked on 'Submitted Applications' menu.
2025-02-03 09:30:38 [main] DEBUG l.i.u.t.SubmittedApplicationsPageTest - Selected invitation by code: 'BLANK'.
2025-02-03 09:30:39 [main] DEBUG l.i.u.t.SubmittedApplicationsPageTest - Clicked on 'Action Application' button.
2025-02-03 09:30:39 [main] DEBUG l.i.u.t.SubmittedApplicationsPageTest - Clicked on 'New Application' button.
2025-02-03 09:30:46 [main] ERROR l.i.u.t.SubmittedApplicationsPageTest - Test 'testFillNewApplication' failed with error: invalid session id: session deleted as the browser has closed the connection
from disconnected: unable to send message to renderer
  (Session info: chrome=132.0.6834.160)
Build info: version: '4.27.0', revision: 'd6e718d134'
System info: os.name: 'Windows 11', os.arch: 'amd64', os.version: '10.0', java.version: '21.0.3'
Driver info: org.openqa.selenium.chrome.ChromeDriver
Command: [05a3fc957f6c8d3cff0abd7b57a9e6b9, findElement {value=//input[@name='mat-radio-group-0' and @value='FA'], using=xpath}]
Capabilities {acceptInsecureCerts: false, browserName: chrome, browserVersion: 132.0.6834.160, chrome: {chromedriverVersion: 132.0.6834.159 (2d77d3fc445..., userDataDir: C:\Users\INGRID~1.ZAD\AppDa...}, fedcm:accounts: true, goog:chromeOptions: {debuggerAddress: localhost:57920}, networkConnectionEnabled: false, pageLoadStrategy: normal, platformName: windows, proxy: Proxy(), se:cdp: ws://localhost:57920/devtoo..., se:cdpVersion: 132.0.6834.160, setWindowRect: true, strictFileInteractability: false, timeouts: {implicit: 0, pageLoad: 300000, script: 30000}, unhandledPromptBehavior: dismiss and notify, webauthn:extension:credBlob: true, webauthn:extension:largeBlob: true, webauthn:extension:minPinLength: true, webauthn:extension:prf: true, webauthn:virtualAuthenticators: true}
Session ID: 05a3fc957f6c8d3cff0abd7b57a9e6b9
org.openqa.selenium.NoSuchSessionException: invalid session id: session deleted as the browser has closed the connection
from disconnected: unable to send message to renderer
  (Session info: chrome=132.0.6834.160)
Build info: version: '4.27.0', revision: 'd6e718d134'
System info: os.name: 'Windows 11', os.arch: 'amd64', os.version: '10.0', java.version: '21.0.3'
Driver info: org.openqa.selenium.chrome.ChromeDriver
Command: [05a3fc957f6c8d3cff0abd7b57a9e6b9, findElement {value=//input[@name='mat-radio-group-0' and @value='FA'], using=xpath}]
Capabilities {acceptInsecureCerts: false, browserName: chrome, browserVersion: 132.0.6834.160, chrome: {chromedriverVersion: 132.0.6834.159 (2d77d3fc445..., userDataDir: C:\Users\INGRID~1.ZAD\AppDa...}, fedcm:accounts: true, goog:chromeOptions: {debuggerAddress: localhost:57920}, networkConnectionEnabled: false, pageLoadStrategy: normal, platformName: windows, proxy: Proxy(), se:cdp: ws://localhost:57920/devtoo..., se:cdpVersion: 132.0.6834.160, setWindowRect: true, strictFileInteractability: false, timeouts: {implicit: 0, pageLoad: 300000, script: 30000}, unhandledPromptBehavior: dismiss and notify, webauthn:extension:credBlob: true, webauthn:extension:largeBlob: true, webauthn:extension:minPinLength: true, webauthn:extension:prf: true, webauthn:virtualAuthenticators: true}
Session ID: 05a3fc957f6c8d3cff0abd7b57a9e6b9
	at java.base/jdk.internal.reflect.DirectConstructorHandleAccessor.newInstance(DirectConstructorHandleAccessor.java:62)
	at java.base/java.lang.reflect.Constructor.newInstanceWithCaller(Constructor.java:502)
	at java.base/java.lang.reflect.Constructor.newInstance(Constructor.java:486)
	at org.openqa.selenium.remote.ErrorCodec.decode(ErrorCodec.java:167)
	at org.openqa.selenium.remote.codec.w3c.W3CHttpResponseCodec.decode(W3CHttpResponseCodec.java:138)
	at org.openqa.selenium.remote.codec.w3c.W3CHttpResponseCodec.decode(W3CHttpResponseCodec.java:50)
	at org.openqa.selenium.remote.HttpCommandExecutor.execute(HttpCommandExecutor.java:190)
	at org.openqa.selenium.remote.service.DriverCommandExecutor.invokeExecute(DriverCommandExecutor.java:216)
	at org.openqa.selenium.remote.service.DriverCommandExecutor.execute(DriverCommandExecutor.java:174)
	at org.openqa.selenium.remote.RemoteWebDriver.execute(RemoteWebDriver.java:545)
	at org.openqa.selenium.remote.ElementLocation$ElementFinder$2.findElement(ElementLocation.java:165)
	at org.openqa.selenium.remote.ElementLocation.findElement(ElementLocation.java:59)
	at org.openqa.selenium.remote.RemoteWebDriver.findElement(RemoteWebDriver.java:368)
	at org.openqa.selenium.remote.RemoteWebDriver.findElement(RemoteWebDriver.java:362)
	at org.openqa.selenium.support.pagefactory.DefaultElementLocator.findElement(DefaultElementLocator.java:68)
	at org.openqa.selenium.support.pagefactory.internal.LocatingElementHandler.invoke(LocatingElementHandler.java:38)
	at jdk.proxy2/jdk.proxy2.$Proxy14.isSelected(Unknown Source)
	at lt.insoft.uztis.pages.SubmittedApplicationsPage.clickRadioButtonFA(SubmittedApplicationsPage.java:177)
	at lt.insoft.uztis.tests.SubmittedApplicationsPageTest.testFillNewApplication(SubmittedApplicationsPageTest.java:143)
	at java.base/jdk.internal.reflect.DirectMethodHandleAccessor.invoke(DirectMethodHandleAccessor.java:103)
	at java.base/java.lang.reflect.Method.invoke(Method.java:580)
	at org.junit.platform.commons.util.ReflectionUtils.invokeMethod(ReflectionUtils.java:728)
	at org.junit.jupiter.engine.execution.MethodInvocation.proceed(MethodInvocation.java:60)
	at org.junit.jupiter.engine.execution.InvocationInterceptorChain$ValidatingInvocation.proceed(InvocationInterceptorChain.java:131)
	at org.junit.jupiter.engine.extension.TimeoutExtension.intercept(TimeoutExtension.java:156)
	at org.junit.jupiter.engine.extension.TimeoutExtension.interceptTestableMethod(TimeoutExtension.java:147)
	at org.junit.jupiter.engine.extension.TimeoutExtension.interceptTestMethod(TimeoutExtension.java:86)
	at org.junit.jupiter.engine.execution.InterceptingExecutableInvoker$ReflectiveInterceptorCall.lambda$ofVoidMethod$0(InterceptingExecutableInvoker.java:103)
	at org.junit.jupiter.engine.execution.InterceptingExecutableInvoker.lambda$invoke$0(InterceptingExecutableInvoker.java:93)
	at org.junit.jupiter.engine.execution.InvocationInterceptorChain$InterceptedInvocation.proceed(InvocationInterceptorChain.java:106)
	at org.junit.jupiter.engine.execution.InvocationInterceptorChain.proceed(InvocationInterceptorChain.java:64)
	at org.junit.jupiter.engine.execution.InvocationInterceptorChain.chainAndInvoke(InvocationInterceptorChain.java:45)
	at org.junit.jupiter.engine.execution.InvocationInterceptorChain.invoke(InvocationInterceptorChain.java:37)
	at org.junit.jupiter.engine.execution.InterceptingExecutableInvoker.invoke(InterceptingExecutableInvoker.java:92)
	at org.junit.jupiter.engine.execution.InterceptingExecutableInvoker.invoke(InterceptingExecutableInvoker.java:86)
	at org.junit.jupiter.engine.descriptor.TestMethodTestDescriptor.lambda$invokeTestMethod$7(TestMethodTestDescriptor.java:218)
	at org.junit.platform.engine.support.hierarchical.ThrowableCollector.execute(ThrowableCollector.java:73)
	at org.junit.jupiter.engine.descriptor.TestMethodTestDescriptor.invokeTestMethod(TestMethodTestDescriptor.java:214)
	at org.junit.jupiter.engine.descriptor.TestMethodTestDescriptor.execute(TestMethodTestDescriptor.java:139)
	at org.junit.jupiter.engine.descriptor.TestMethodTestDescriptor.execute(TestMethodTestDescriptor.java:69)
	at org.junit.platform.engine.support.hierarchical.NodeTestTask.lambda$executeRecursively$6(NodeTestTask.java:151)
	at org.junit.platform.engine.support.hierarchical.ThrowableCollector.execute(ThrowableCollector.java:73)
	at org.junit.platform.engine.support.hierarchical.NodeTestTask.lambda$executeRecursively$8(NodeTestTask.java:141)
	at org.junit.platform.engine.support.hierarchical.Node.around(Node.java:137)
	at org.junit.platform.engine.support.hierarchical.NodeTestTask.lambda$executeRecursively$9(NodeTestTask.java:139)
	at org.junit.platform.engine.support.hierarchical.ThrowableCollector.execute(ThrowableCollector.java:73)
	at org.junit.platform.engine.support.hierarchical.NodeTestTask.executeRecursively(NodeTestTask.java:138)
	at org.junit.platform.engine.support.hierarchical.NodeTestTask.execute(NodeTestTask.java:95)
	at java.base/java.util.ArrayList.forEach(ArrayList.java:1596)
	at org.junit.platform.engine.support.hierarchical.SameThreadHierarchicalTestExecutorService.invokeAll(SameThreadHierarchicalTestExecutorService.java:41)
	at org.junit.platform.engine.support.hierarchical.NodeTestTask.lambda$executeRecursively$6(NodeTestTask.java:155)
	at org.junit.platform.engine.support.hierarchical.ThrowableCollector.execute(ThrowableCollector.java:73)
	at org.junit.platform.engine.support.hierarchical.NodeTestTask.lambda$executeRecursively$8(NodeTestTask.java:141)
	at org.junit.platform.engine.support.hierarchical.Node.around(Node.java:137)
	at org.junit.platform.engine.support.hierarchical.NodeTestTask.lambda$executeRecursively$9(NodeTestTask.java:139)
	at org.junit.platform.engine.support.hierarchical.ThrowableCollector.execute(ThrowableCollector.java:73)
	at org.junit.platform.engine.support.hierarchical.NodeTestTask.executeRecursively(NodeTestTask.java:138)
	at org.junit.platform.engine.support.hierarchical.NodeTestTask.execute(NodeTestTask.java:95)
	at java.base/java.util.ArrayList.forEach(ArrayList.java:1596)
	at org.junit.platform.engine.support.hierarchical.SameThreadHierarchicalTestExecutorService.invokeAll(SameThreadHierarchicalTestExecutorService.java:41)
	at org.junit.platform.engine.support.hierarchical.NodeTestTask.lambda$executeRecursively$6(NodeTestTask.java:155)
	at org.junit.platform.engine.support.hierarchical.ThrowableCollector.execute(ThrowableCollector.java:73)
	at org.junit.platform.engine.support.hierarchical.NodeTestTask.lambda$executeRecursively$8(NodeTestTask.java:141)
	at org.junit.platform.engine.support.hierarchical.Node.around(Node.java:137)
	at org.junit.platform.engine.support.hierarchical.NodeTestTask.lambda$executeRecursively$9(NodeTestTask.java:139)
	at org.junit.platform.engine.support.hierarchical.ThrowableCollector.execute(ThrowableCollector.java:73)
	at org.junit.platform.engine.support.hierarchical.NodeTestTask.executeRecursively(NodeTestTask.java:138)
	at org.junit.platform.engine.support.hierarchical.NodeTestTask.execute(NodeTestTask.java:95)
	at org.junit.platform.engine.support.hierarchical.SameThreadHierarchicalTestExecutorService.submit(SameThreadHierarchicalTestExecutorService.java:35)
	at org.junit.platform.engine.support.hierarchical.HierarchicalTestExecutor.execute(HierarchicalTestExecutor.java:57)
	at org.junit.platform.engine.support.hierarchical.HierarchicalTestEngine.execute(HierarchicalTestEngine.java:54)
	at org.junit.platform.launcher.core.EngineExecutionOrchestrator.execute(EngineExecutionOrchestrator.java:198)
	at org.junit.platform.launcher.core.EngineExecutionOrchestrator.execute(EngineExecutionOrchestrator.java:169)
	at org.junit.platform.launcher.core.EngineExecutionOrchestrator.execute(EngineExecutionOrchestrator.java:93)
	at org.junit.platform.launcher.core.EngineExecutionOrchestrator.lambda$execute$0(EngineExecutionOrchestrator.java:58)
	at org.junit.platform.launcher.core.EngineExecutionOrchestrator.withInterceptedStreams(EngineExecutionOrchestrator.java:141)
	at org.junit.platform.launcher.core.EngineExecutionOrchestrator.execute(EngineExecutionOrchestrator.java:57)
	at org.junit.platform.launcher.core.DefaultLauncher.execute(DefaultLauncher.java:103)
	at org.junit.platform.launcher.core.DefaultLauncher.execute(DefaultLauncher.java:85)
	at org.junit.platform.launcher.core.DelegatingLauncher.execute(DelegatingLauncher.java:47)
	at org.junit.platform.launcher.core.SessionPerRequestLauncher.execute(SessionPerRequestLauncher.java:63)
	at com.intellij.junit5.JUnit5IdeaTestRunner.startRunnerWithArgs(JUnit5IdeaTestRunner.java:57)
	at com.intellij.rt.junit.IdeaTestRunner$Repeater$1.execute(IdeaTestRunner.java:38)
	at com.intellij.rt.execution.junit.TestsRepeater.repeat(TestsRepeater.java:11)
	at com.intellij.rt.junit.IdeaTestRunner$Repeater.startRunnerWithArgs(IdeaTestRunner.java:35)
	at com.intellij.rt.junit.JUnitStarter.prepareStreamsAndStart(JUnitStarter.java:232)
	at com.intellij.rt.junit.JUnitStarter.main(JUnitStarter.java:55)
2025-02-03 09:32:54 [main] INFO  lt.insoft.uztis.tests.UztisPageTest - Navigated to https://uztisdev.asseco.lt/home
2025-02-03 09:32:54 [main] INFO  l.i.u.t.SubmittedApplicationsPageTest - Starting test:'testFillNewApplication'
2025-02-03 09:32:55 [main] DEBUG l.i.u.t.SubmittedApplicationsPageTest - User logged in with test credentials
2025-02-03 09:32:55 [main] DEBUG l.i.u.t.SubmittedApplicationsPageTest - Opened 'Application Processing' menu.
2025-02-03 09:32:55 [main] DEBUG l.i.u.t.SubmittedApplicationsPageTest - Clicked on 'Application Forms' menu.
2025-02-03 09:32:56 [main] DEBUG l.i.u.t.SubmittedApplicationsPageTest - Retrieved last description code text: 'TST-VUI-27'.
2025-02-03 09:32:56 [main] DEBUG l.i.u.t.SubmittedApplicationsPageTest - Clicked on 'Invitation' menu.
2025-02-03 09:32:57 [main] DEBUG l.i.u.t.SubmittedApplicationsPageTest - Selected application section by code: 'TST-VUI-27'.
2025-02-03 09:32:57 [main] DEBUG l.i.u.t.SubmittedApplicationsPageTest - Clicked 'Search' button.
2025-02-03 09:32:57 [main] DEBUG l.i.u.t.SubmittedApplicationsPageTest - Retrieved invitation code: ''.
2025-02-03 09:32:57 [main] DEBUG l.i.u.t.SubmittedApplicationsPageTest - Clicked on 'Submitted Applications' menu.
2025-02-03 09:32:58 [main] DEBUG l.i.u.t.SubmittedApplicationsPageTest - Selected invitation by code: 'TST-VUI-27'.
2025-02-03 09:32:58 [main] DEBUG l.i.u.t.SubmittedApplicationsPageTest - Clicked on 'Action Application' button.
2025-02-03 09:32:59 [main] DEBUG l.i.u.t.SubmittedApplicationsPageTest - Clicked on 'New Application' button.
2025-02-03 09:32:59 [main] DEBUG l.i.u.t.SubmittedApplicationsPageTest - Clicked on 'RadioButtonFA' button.
2025-02-03 09:32:59 [main] DEBUG l.i.u.t.SubmittedApplicationsPageTest - Entered phone number into the input field.
2025-02-03 09:33:00 [main] DEBUG l.i.u.t.SubmittedApplicationsPageTest - Entered eMail into the input field.
2025-02-03 09:33:00 [main] INFO  l.i.u.p.SubmittedApplicationsPage - Located the dropdown button.
2025-02-03 09:33:20 [main] INFO  l.i.u.p.SubmittedApplicationsPage - Found 1741 options in the dropdown.
2025-02-03 09:33:20 [main] INFO  l.i.u.p.SubmittedApplicationsPage - Successfully selected the value: '01.11 - Grūdinių (išskyrus ryžius), ankštinių ir aliejingų sėklų augalų auginimas'
2025-02-03 09:33:30 [main] ERROR l.i.u.p.SubmittedApplicationsPage - Failed to close the dropdown with aria-expanded = 'false'. Attempting manual close.
2025-02-03 09:33:30 [main] INFO  l.i.u.p.SubmittedApplicationsPage - Manual close attempt for the dropdown using body click.
2025-02-03 09:33:31 [main] DEBUG l.i.u.t.SubmittedApplicationsPageTest - Entered Address into the input field.
2025-02-03 09:33:31 [main] DEBUG l.i.u.t.SubmittedApplicationsPageTest - Entered Address into the input field.
2025-02-03 09:33:31 [main] INFO  l.i.u.p.SubmittedApplicationsPage - Located the dropdown button.
2025-02-03 09:33:32 [main] INFO  l.i.u.p.SubmittedApplicationsPage - Successfully selected the value: 'Administratoriai'
2025-02-03 09:33:52 [main] ERROR l.i.u.p.SubmittedApplicationsPage - Timeout while waiting for dropdown to close with aria-expanded = 'false'.
2025-02-03 09:33:52 [main] DEBUG l.i.u.t.SubmittedApplicationsPageTest - Selected the value: 'Administratoriai'
2025-02-03 09:33:53 [main] INFO  l.i.u.p.SubmittedApplicationsPage - Clicking on the dropdown button.
2025-02-03 09:33:53 [main] INFO  l.i.u.p.SubmittedApplicationsPage - Found 34 options in the dropdown.
2025-02-03 09:33:53 [main] DEBUG l.i.u.p.SubmittedApplicationsPage - Checking option: 'Asmenys, kuriems suteiktas pabėgėlio statusas ar perkeliamojo asmens statusas, arba asmenys, kuriems suteikta papildoma ar laikinoji apsauga, ir asmenys, turintys teisę gauti laikinąją apsaugą, iki sprendimo dėl laikinosios apsaugos suteikimo (nesuteikimo) priėmimo, tačiau ne ilgiau kaip laikinosios apsaugos laikotarpiu'
2025-02-03 09:33:53 [main] DEBUG l.i.u.p.SubmittedApplicationsPage - Checking option: 'Asmenys, kuriems suteiktas pabėgėlio statusas ar perkeliamojo asmens statusas, arba asmenys, kuriems suteikta papildoma ar laikinoji apsauga, ir asmenys, turintys teisę gauti laikinąją apsaugą, iki sprendimo dėl laikinosios apsaugos suteikimo (nesuteikimo) priėmimo, tačiau ne ilgiau kaip laikinosios apsaugos laikotarpiu'
2025-02-03 09:33:53 [main] DEBUG l.i.u.p.SubmittedApplicationsPage - Checking option: 'Asmenys, turintys teisę į papildomas užimtumo garantijas pagal Lietuvos Respublikos valstybės įmonės Ignalinos atominės elektrinės darbuotojų papildomų užimtumo ir socialinių garantijų įstatymą'
2025-02-03 09:33:53 [main] DEBUG l.i.u.p.SubmittedApplicationsPage - Checking option: 'Asmenys, turintys teisę į papildomas užimtumo garantijas pagal Lietuvos Respublikos valstybės įmonės Ignalinos atominės elektrinės darbuotojų papildomų užimtumo ir socialinių garantijų įstatymą'
2025-02-03 09:33:53 [main] DEBUG l.i.u.p.SubmittedApplicationsPage - Checking option: 'Bedarbiai iki 29 metų'
2025-02-03 09:33:53 [main] DEBUG l.i.u.p.SubmittedApplicationsPage - Checking option: 'Bedarbiai iki 29 metų'
2025-02-03 09:33:53 [main] DEBUG l.i.u.p.SubmittedApplicationsPage - Checking option: 'Bedarbiai, kurie yra darbingo amžiaus neįgalieji, kuriems nustatytas 30–40 procentų darbingumo lygis arba vidutinis neįgalumo lygis'
2025-02-03 09:33:53 [main] DEBUG l.i.u.p.SubmittedApplicationsPage - Checking option: 'Bedarbiai, kurie yra darbingo amžiaus neįgalieji, kuriems nustatytas 30–40 procentų darbingumo lygis arba vidutinis neįgalumo lygis'
2025-02-03 09:33:53 [main] DEBUG l.i.u.p.SubmittedApplicationsPage - Checking option: 'Bedarbiai, kurie yra darbingo amžiaus neįgalieji, kuriems nustatytas 45–55 procentų darbingumo lygis arba lengvas neįgalumo lygis'
2025-02-03 09:33:53 [main] DEBUG l.i.u.p.SubmittedApplicationsPage - Checking option: 'Bedarbiai, kurie yra darbingo amžiaus neįgalieji, kuriems nustatytas 45–55 procentų darbingumo lygis arba lengvas neįgalumo lygis'
2025-02-03 09:33:53 [main] DEBUG l.i.u.p.SubmittedApplicationsPage - Checking option: 'Bedarbiai, kurie yra darbingo amžiaus neįgalieji, kuriems nustatytas iki 25 procentų darbingumo lygis arba sunkus neįgalumo lygis'
2025-02-03 09:33:53 [main] INFO  l.i.u.p.SubmittedApplicationsPage - Successfully selected the value: 'Bedarbiai, kurie yra darbingo amžiaus neįgalieji, kuriems nustatytas iki 25 procentų darbingumo lygis arba sunkus neįgalumo lygis'
2025-02-03 09:33:53 [main] INFO  l.i.u.p.SubmittedApplicationsPage - Attempting to close the dropdown.
2025-02-03 09:34:04 [main] INFO  l.i.u.p.SubmittedApplicationsPage - Dropdown should be closed now.
2025-02-03 09:34:04 [main] INFO  l.i.u.p.SubmittedApplicationsPage - Located the dropdown button.
2025-02-03 09:34:04 [main] INFO  l.i.u.p.SubmittedApplicationsPage - Successfully selected the value: 'Kita'
2025-02-03 09:34:15 [main] ERROR l.i.u.p.SubmittedApplicationsPage - Timeout while waiting for dropdown to close with aria-expanded = 'false'.
2025-02-03 09:34:15 [main] DEBUG l.i.u.t.SubmittedApplicationsPageTest - Selected the value: 'Kita'
2025-02-03 09:34:15 [main] DEBUG l.i.u.t.SubmittedApplicationsPageTest - Selected the value: '6 val. per dieną ir 4 d. per savaitę'
2025-02-03 09:34:16 [main] DEBUG l.i.u.t.SubmittedApplicationsPageTest - Entered Address into the input field.
2025-02-03 09:34:17 [main] INFO  l.i.u.t.SubmittedApplicationsPageTest - Test 'testFillNewApplication' completed successfully.
2025-02-03 09:51:37 [main] INFO  lt.insoft.uztis.tests.UztisPageTest - Navigated to https://uztisdev.asseco.lt/home
2025-02-03 09:51:37 [main] INFO  l.i.u.t.SubmittedApplicationsPageTest - Starting test:'testFillNewApplication'
2025-02-03 09:51:38 [main] DEBUG l.i.u.t.SubmittedApplicationsPageTest - User logged in with test credentials
2025-02-03 09:51:38 [main] DEBUG l.i.u.t.SubmittedApplicationsPageTest - Opened 'Application Processing' menu.
2025-02-03 09:51:38 [main] DEBUG l.i.u.t.SubmittedApplicationsPageTest - Clicked on 'Application Forms' menu.
2025-02-03 09:51:40 [main] DEBUG l.i.u.t.SubmittedApplicationsPageTest - Retrieved last description code text: 'TST-VUI-27'.
2025-02-03 09:51:40 [main] DEBUG l.i.u.t.SubmittedApplicationsPageTest - Clicked on 'Invitation' menu.
2025-02-03 09:51:41 [main] DEBUG l.i.u.t.SubmittedApplicationsPageTest - Selected application section by code: 'TST-VUI-27'.
2025-02-03 09:51:41 [main] DEBUG l.i.u.t.SubmittedApplicationsPageTest - Clicked 'Search' button.
2025-02-03 09:51:41 [main] DEBUG l.i.u.t.SubmittedApplicationsPageTest - Retrieved invitation code: ''.
2025-02-03 09:51:41 [main] DEBUG l.i.u.t.SubmittedApplicationsPageTest - Clicked on 'Submitted Applications' menu.
2025-02-03 09:51:42 [main] DEBUG l.i.u.t.SubmittedApplicationsPageTest - Selected invitation by code: 'TST-VUI-27'.
2025-02-03 09:51:42 [main] DEBUG l.i.u.t.SubmittedApplicationsPageTest - Clicked on 'Action Application' button.
2025-02-03 09:51:42 [main] DEBUG l.i.u.t.SubmittedApplicationsPageTest - Clicked on 'New Application' button.
2025-02-03 09:51:43 [main] DEBUG l.i.u.t.SubmittedApplicationsPageTest - Clicked on 'RadioButtonFA' button.
2025-02-03 09:51:43 [main] DEBUG l.i.u.t.SubmittedApplicationsPageTest - Entered phone number into the input field.
2025-02-03 09:51:43 [main] DEBUG l.i.u.t.SubmittedApplicationsPageTest - Entered eMail into the input field.
2025-02-03 09:51:43 [main] INFO  l.i.u.p.SubmittedApplicationsPage - Located the dropdown button.
2025-02-03 09:52:03 [main] INFO  l.i.u.p.SubmittedApplicationsPage - Found 1741 options in the dropdown.
2025-02-03 09:52:03 [main] INFO  l.i.u.p.SubmittedApplicationsPage - Successfully selected the value: '01.11 - Grūdinių (išskyrus ryžius), ankštinių ir aliejingų sėklų augalų auginimas'
2025-02-03 09:52:14 [main] ERROR l.i.u.p.SubmittedApplicationsPage - Failed to close the dropdown with aria-expanded = 'false'. Attempting manual close.
2025-02-03 09:52:14 [main] INFO  l.i.u.p.SubmittedApplicationsPage - Manual close attempt for the dropdown using body click.
2025-02-03 09:52:14 [main] DEBUG l.i.u.t.SubmittedApplicationsPageTest - Entered Address into the input field.
2025-02-03 09:52:14 [main] DEBUG l.i.u.t.SubmittedApplicationsPageTest - Entered Address into the input field.
2025-02-03 09:52:15 [main] INFO  l.i.u.p.SubmittedApplicationsPage - Located the dropdown button.
2025-02-03 09:52:16 [main] INFO  l.i.u.p.SubmittedApplicationsPage - Successfully selected the value: 'Administratoriai'
2025-02-03 09:52:36 [main] ERROR l.i.u.p.SubmittedApplicationsPage - Timeout while waiting for dropdown to close with aria-expanded = 'false'.
2025-02-03 09:52:36 [main] DEBUG l.i.u.t.SubmittedApplicationsPageTest - Selected the value: 'Administratoriai'
2025-02-03 09:52:36 [main] INFO  l.i.u.p.SubmittedApplicationsPage - Clicking on the dropdown button.
2025-02-03 09:52:37 [main] INFO  l.i.u.p.SubmittedApplicationsPage - Found 34 options in the dropdown.
2025-02-03 09:52:37 [main] DEBUG l.i.u.p.SubmittedApplicationsPage - Checking option: 'Asmenys, kuriems suteiktas pabėgėlio statusas ar perkeliamojo asmens statusas, arba asmenys, kuriems suteikta papildoma ar laikinoji apsauga, ir asmenys, turintys teisę gauti laikinąją apsaugą, iki sprendimo dėl laikinosios apsaugos suteikimo (nesuteikimo) priėmimo, tačiau ne ilgiau kaip laikinosios apsaugos laikotarpiu'
2025-02-03 09:52:37 [main] DEBUG l.i.u.p.SubmittedApplicationsPage - Checking option: 'Asmenys, kuriems suteiktas pabėgėlio statusas ar perkeliamojo asmens statusas, arba asmenys, kuriems suteikta papildoma ar laikinoji apsauga, ir asmenys, turintys teisę gauti laikinąją apsaugą, iki sprendimo dėl laikinosios apsaugos suteikimo (nesuteikimo) priėmimo, tačiau ne ilgiau kaip laikinosios apsaugos laikotarpiu'
2025-02-03 09:52:37 [main] DEBUG l.i.u.p.SubmittedApplicationsPage - Checking option: 'Asmenys, turintys teisę į papildomas užimtumo garantijas pagal Lietuvos Respublikos valstybės įmonės Ignalinos atominės elektrinės darbuotojų papildomų užimtumo ir socialinių garantijų įstatymą'
2025-02-03 09:52:37 [main] DEBUG l.i.u.p.SubmittedApplicationsPage - Checking option: 'Asmenys, turintys teisę į papildomas užimtumo garantijas pagal Lietuvos Respublikos valstybės įmonės Ignalinos atominės elektrinės darbuotojų papildomų užimtumo ir socialinių garantijų įstatymą'
2025-02-03 09:52:37 [main] DEBUG l.i.u.p.SubmittedApplicationsPage - Checking option: 'Bedarbiai iki 29 metų'
2025-02-03 09:52:37 [main] DEBUG l.i.u.p.SubmittedApplicationsPage - Checking option: 'Bedarbiai iki 29 metų'
2025-02-03 09:52:37 [main] DEBUG l.i.u.p.SubmittedApplicationsPage - Checking option: 'Bedarbiai, kurie yra darbingo amžiaus neįgalieji, kuriems nustatytas 30–40 procentų darbingumo lygis arba vidutinis neįgalumo lygis'
2025-02-03 09:52:37 [main] DEBUG l.i.u.p.SubmittedApplicationsPage - Checking option: 'Bedarbiai, kurie yra darbingo amžiaus neįgalieji, kuriems nustatytas 30–40 procentų darbingumo lygis arba vidutinis neįgalumo lygis'
2025-02-03 09:52:37 [main] DEBUG l.i.u.p.SubmittedApplicationsPage - Checking option: 'Bedarbiai, kurie yra darbingo amžiaus neįgalieji, kuriems nustatytas 45–55 procentų darbingumo lygis arba lengvas neįgalumo lygis'
2025-02-03 09:52:37 [main] DEBUG l.i.u.p.SubmittedApplicationsPage - Checking option: 'Bedarbiai, kurie yra darbingo amžiaus neįgalieji, kuriems nustatytas 45–55 procentų darbingumo lygis arba lengvas neįgalumo lygis'
2025-02-03 09:52:37 [main] DEBUG l.i.u.p.SubmittedApplicationsPage - Checking option: 'Bedarbiai, kurie yra darbingo amžiaus neįgalieji, kuriems nustatytas iki 25 procentų darbingumo lygis arba sunkus neįgalumo lygis'
2025-02-03 09:52:37 [main] INFO  l.i.u.p.SubmittedApplicationsPage - Successfully selected the value: 'Bedarbiai, kurie yra darbingo amžiaus neįgalieji, kuriems nustatytas iki 25 procentų darbingumo lygis arba sunkus neįgalumo lygis'
2025-02-03 09:52:37 [main] INFO  l.i.u.p.SubmittedApplicationsPage - Attempting to close the dropdown.
2025-02-03 09:52:47 [main] INFO  l.i.u.p.SubmittedApplicationsPage - Dropdown should be closed now.
2025-02-03 09:52:48 [main] INFO  l.i.u.p.SubmittedApplicationsPage - Located the dropdown button.
2025-02-03 09:52:48 [main] INFO  l.i.u.p.SubmittedApplicationsPage - Successfully selected the value: 'Kita'
2025-02-03 09:52:58 [main] ERROR l.i.u.p.SubmittedApplicationsPage - Timeout while waiting for dropdown to close with aria-expanded = 'false'.
2025-02-03 09:52:58 [main] DEBUG l.i.u.t.SubmittedApplicationsPageTest - Selected the value: 'Kita'
2025-02-03 09:52:59 [main] DEBUG l.i.u.t.SubmittedApplicationsPageTest - Selected the value: '6 val. per dieną ir 4 d. per savaitę'
2025-02-03 09:52:59 [main] DEBUG l.i.u.t.SubmittedApplicationsPageTest - Entered Address into the input field.
2025-02-03 09:53:00 [main] INFO  l.i.u.t.SubmittedApplicationsPageTest - Test 'testFillNewApplication' completed successfully.
2025-02-03 09:57:27 [main] INFO  lt.insoft.uztis.tests.UztisPageTest - Navigated to https://uztisdev.asseco.lt/home
2025-02-03 09:57:27 [main] INFO  l.i.u.t.SubmittedApplicationsPageTest - Starting test:'testFillNewApplication'
2025-02-03 09:57:28 [main] DEBUG l.i.u.t.SubmittedApplicationsPageTest - User logged in with test credentials
2025-02-03 09:57:28 [main] DEBUG l.i.u.t.SubmittedApplicationsPageTest - Opened 'Application Processing' menu.
2025-02-03 09:57:28 [main] DEBUG l.i.u.t.SubmittedApplicationsPageTest - Clicked on 'Application Forms' menu.
2025-02-03 09:57:30 [main] DEBUG l.i.u.t.SubmittedApplicationsPageTest - Retrieved last description code text: 'TST-VUI-27'.
2025-02-03 09:57:30 [main] DEBUG l.i.u.t.SubmittedApplicationsPageTest - Clicked on 'Invitation' menu.
2025-02-03 09:57:31 [main] DEBUG l.i.u.t.SubmittedApplicationsPageTest - Selected application section by code: 'TST-VUI-27'.
2025-02-03 09:57:31 [main] DEBUG l.i.u.t.SubmittedApplicationsPageTest - Clicked 'Search' button.
2025-02-03 09:57:31 [main] DEBUG l.i.u.t.SubmittedApplicationsPageTest - Retrieved invitation code: ''.
2025-02-03 09:57:31 [main] DEBUG l.i.u.t.SubmittedApplicationsPageTest - Clicked on 'Submitted Applications' menu.
2025-02-03 09:57:32 [main] DEBUG l.i.u.t.SubmittedApplicationsPageTest - Selected invitation by code: 'TST-VUI-27'.
2025-02-03 09:57:32 [main] DEBUG l.i.u.t.SubmittedApplicationsPageTest - Clicked on 'Action Application' button.
2025-02-03 09:57:32 [main] DEBUG l.i.u.t.SubmittedApplicationsPageTest - Clicked on 'New Application' button.
2025-02-03 09:57:33 [main] DEBUG l.i.u.t.SubmittedApplicationsPageTest - Clicked on 'RadioButtonFA' button.
2025-02-03 09:57:33 [main] DEBUG l.i.u.t.SubmittedApplicationsPageTest - Entered phone number into the input field.
2025-02-03 09:57:33 [main] DEBUG l.i.u.t.SubmittedApplicationsPageTest - Entered eMail into the input field.
2025-02-03 09:57:33 [main] INFO  l.i.u.p.SubmittedApplicationsPage - Located the dropdown button.
2025-02-03 09:57:52 [main] INFO  l.i.u.p.SubmittedApplicationsPage - Found 1741 options in the dropdown.
2025-02-03 09:57:52 [main] INFO  l.i.u.p.SubmittedApplicationsPage - Successfully selected the value: '01.11 - Grūdinių (išskyrus ryžius), ankštinių ir aliejingų sėklų augalų auginimas'
2025-02-03 09:58:03 [main] ERROR l.i.u.p.SubmittedApplicationsPage - Failed to close the dropdown with aria-expanded = 'false'. Attempting manual close.
2025-02-03 09:58:03 [main] INFO  l.i.u.p.SubmittedApplicationsPage - Manual close attempt for the dropdown using body click.
2025-02-03 09:58:03 [main] DEBUG l.i.u.t.SubmittedApplicationsPageTest - Entered Address into the input field.
2025-02-03 09:58:04 [main] DEBUG l.i.u.t.SubmittedApplicationsPageTest - Entered Address into the input field.
2025-02-03 09:58:04 [main] INFO  l.i.u.p.SubmittedApplicationsPage - Located the dropdown button.
2025-02-03 09:58:05 [main] INFO  l.i.u.p.SubmittedApplicationsPage - Successfully selected the value: 'Administratoriai'
2025-02-03 09:58:25 [main] ERROR l.i.u.p.SubmittedApplicationsPage - Timeout while waiting for dropdown to close with aria-expanded = 'false'.
2025-02-03 09:58:25 [main] DEBUG l.i.u.t.SubmittedApplicationsPageTest - Selected the value: 'Administratoriai'
2025-02-03 09:58:26 [main] INFO  l.i.u.p.SubmittedApplicationsPage - Clicking on the dropdown button.
2025-02-03 09:58:26 [main] INFO  l.i.u.p.SubmittedApplicationsPage - Found 34 options in the dropdown.
2025-02-03 09:58:26 [main] DEBUG l.i.u.p.SubmittedApplicationsPage - Checking option: 'Asmenys, kuriems suteiktas pabėgėlio statusas ar perkeliamojo asmens statusas, arba asmenys, kuriems suteikta papildoma ar laikinoji apsauga, ir asmenys, turintys teisę gauti laikinąją apsaugą, iki sprendimo dėl laikinosios apsaugos suteikimo (nesuteikimo) priėmimo, tačiau ne ilgiau kaip laikinosios apsaugos laikotarpiu'
2025-02-03 09:58:26 [main] DEBUG l.i.u.p.SubmittedApplicationsPage - Checking option: 'Asmenys, kuriems suteiktas pabėgėlio statusas ar perkeliamojo asmens statusas, arba asmenys, kuriems suteikta papildoma ar laikinoji apsauga, ir asmenys, turintys teisę gauti laikinąją apsaugą, iki sprendimo dėl laikinosios apsaugos suteikimo (nesuteikimo) priėmimo, tačiau ne ilgiau kaip laikinosios apsaugos laikotarpiu'
2025-02-03 09:58:26 [main] DEBUG l.i.u.p.SubmittedApplicationsPage - Checking option: 'Asmenys, turintys teisę į papildomas užimtumo garantijas pagal Lietuvos Respublikos valstybės įmonės Ignalinos atominės elektrinės darbuotojų papildomų užimtumo ir socialinių garantijų įstatymą'
2025-02-03 09:58:26 [main] DEBUG l.i.u.p.SubmittedApplicationsPage - Checking option: 'Asmenys, turintys teisę į papildomas užimtumo garantijas pagal Lietuvos Respublikos valstybės įmonės Ignalinos atominės elektrinės darbuotojų papildomų užimtumo ir socialinių garantijų įstatymą'
2025-02-03 09:58:26 [main] DEBUG l.i.u.p.SubmittedApplicationsPage - Checking option: 'Bedarbiai iki 29 metų'
2025-02-03 09:58:26 [main] DEBUG l.i.u.p.SubmittedApplicationsPage - Checking option: 'Bedarbiai iki 29 metų'
2025-02-03 09:58:26 [main] DEBUG l.i.u.p.SubmittedApplicationsPage - Checking option: 'Bedarbiai, kurie yra darbingo amžiaus neįgalieji, kuriems nustatytas 30–40 procentų darbingumo lygis arba vidutinis neįgalumo lygis'
2025-02-03 09:58:26 [main] DEBUG l.i.u.p.SubmittedApplicationsPage - Checking option: 'Bedarbiai, kurie yra darbingo amžiaus neįgalieji, kuriems nustatytas 30–40 procentų darbingumo lygis arba vidutinis neįgalumo lygis'
2025-02-03 09:58:26 [main] DEBUG l.i.u.p.SubmittedApplicationsPage - Checking option: 'Bedarbiai, kurie yra darbingo amžiaus neįgalieji, kuriems nustatytas 45–55 procentų darbingumo lygis arba lengvas neįgalumo lygis'
2025-02-03 09:58:26 [main] DEBUG l.i.u.p.SubmittedApplicationsPage - Checking option: 'Bedarbiai, kurie yra darbingo amžiaus neįgalieji, kuriems nustatytas 45–55 procentų darbingumo lygis arba lengvas neįgalumo lygis'
2025-02-03 09:58:26 [main] DEBUG l.i.u.p.SubmittedApplicationsPage - Checking option: 'Bedarbiai, kurie yra darbingo amžiaus neįgalieji, kuriems nustatytas iki 25 procentų darbingumo lygis arba sunkus neįgalumo lygis'
2025-02-03 09:58:26 [main] INFO  l.i.u.p.SubmittedApplicationsPage - Successfully selected the value: 'Bedarbiai, kurie yra darbingo amžiaus neįgalieji, kuriems nustatytas iki 25 procentų darbingumo lygis arba sunkus neįgalumo lygis'
2025-02-03 09:58:26 [main] INFO  l.i.u.p.SubmittedApplicationsPage - Attempting to close the dropdown.
2025-02-03 09:58:37 [main] INFO  l.i.u.p.SubmittedApplicationsPage - Dropdown should be closed now.
2025-02-03 09:58:37 [main] INFO  l.i.u.p.SubmittedApplicationsPage - Located the dropdown button.
2025-02-03 09:58:38 [main] INFO  l.i.u.p.SubmittedApplicationsPage - Successfully selected the value: 'Kita'
2025-02-03 09:58:49 [main] ERROR l.i.u.p.SubmittedApplicationsPage - Timeout while waiting for dropdown to close with aria-expanded = 'false'.
2025-02-03 09:58:49 [main] DEBUG l.i.u.t.SubmittedApplicationsPageTest - Selected the value: 'Kita'
2025-02-03 09:58:49 [main] DEBUG l.i.u.t.SubmittedApplicationsPageTest - Selected the value: '6 val. per dieną ir 4 d. per savaitę'
2025-02-03 09:58:49 [main] DEBUG l.i.u.t.SubmittedApplicationsPageTest - Entered Address into the input field.
2025-02-03 09:59:10 [main] ERROR l.i.u.t.SubmittedApplicationsPageTest - Test 'testFillNewApplication' failed with error: no such element: Unable to locate element: {"method":"css selector","selector":"*[name='inputRepairInformation']"}
  (Session info: chrome=132.0.6834.160)
For documentation on this error, please visit: https://www.selenium.dev/documentation/webdriver/troubleshooting/errors#no-such-element-exception
Build info: version: '4.27.0', revision: 'd6e718d134'
System info: os.name: 'Windows 11', os.arch: 'amd64', os.version: '10.0', java.version: '21.0.3'
Driver info: org.openqa.selenium.chrome.ChromeDriver
Command: [534bcd3c191f050c682c6ed32016a886, findElement {using=css selector, value=*[name='inputRepairInformation']}]
Capabilities {acceptInsecureCerts: false, browserName: chrome, browserVersion: 132.0.6834.160, chrome: {chromedriverVersion: 132.0.6834.159 (2d77d3fc445..., userDataDir: C:\Users\INGRID~1.ZAD\AppDa...}, fedcm:accounts: true, goog:chromeOptions: {debuggerAddress: localhost:58818}, networkConnectionEnabled: false, pageLoadStrategy: normal, platformName: windows, proxy: Proxy(), se:cdp: ws://localhost:58818/devtoo..., se:cdpVersion: 132.0.6834.160, setWindowRect: true, strictFileInteractability: false, timeouts: {implicit: 0, pageLoad: 300000, script: 30000}, unhandledPromptBehavior: dismiss and notify, webauthn:extension:credBlob: true, webauthn:extension:largeBlob: true, webauthn:extension:minPinLength: true, webauthn:extension:prf: true, webauthn:virtualAuthenticators: true}
Session ID: 534bcd3c191f050c682c6ed32016a886
org.openqa.selenium.NoSuchElementException: no such element: Unable to locate element: {"method":"css selector","selector":"*[name='inputRepairInformation']"}
  (Session info: chrome=132.0.6834.160)
For documentation on this error, please visit: https://www.selenium.dev/documentation/webdriver/troubleshooting/errors#no-such-element-exception
Build info: version: '4.27.0', revision: 'd6e718d134'
System info: os.name: 'Windows 11', os.arch: 'amd64', os.version: '10.0', java.version: '21.0.3'
Driver info: org.openqa.selenium.chrome.ChromeDriver
Command: [534bcd3c191f050c682c6ed32016a886, findElement {using=css selector, value=*[name='inputRepairInformation']}]
Capabilities {acceptInsecureCerts: false, browserName: chrome, browserVersion: 132.0.6834.160, chrome: {chromedriverVersion: 132.0.6834.159 (2d77d3fc445..., userDataDir: C:\Users\INGRID~1.ZAD\AppDa...}, fedcm:accounts: true, goog:chromeOptions: {debuggerAddress: localhost:58818}, networkConnectionEnabled: false, pageLoadStrategy: normal, platformName: windows, proxy: Proxy(), se:cdp: ws://localhost:58818/devtoo..., se:cdpVersion: 132.0.6834.160, setWindowRect: true, strictFileInteractability: false, timeouts: {implicit: 0, pageLoad: 300000, script: 30000}, unhandledPromptBehavior: dismiss and notify, webauthn:extension:credBlob: true, webauthn:extension:largeBlob: true, webauthn:extension:minPinLength: true, webauthn:extension:prf: true, webauthn:virtualAuthenticators: true}
Session ID: 534bcd3c191f050c682c6ed32016a886
	at java.base/jdk.internal.reflect.DirectConstructorHandleAccessor.newInstance(DirectConstructorHandleAccessor.java:62)
	at java.base/java.lang.reflect.Constructor.newInstanceWithCaller(Constructor.java:502)
	at java.base/java.lang.reflect.Constructor.newInstance(Constructor.java:486)
	at org.openqa.selenium.remote.ErrorCodec.decode(ErrorCodec.java:167)
	at org.openqa.selenium.remote.codec.w3c.W3CHttpResponseCodec.decode(W3CHttpResponseCodec.java:138)
	at org.openqa.selenium.remote.codec.w3c.W3CHttpResponseCodec.decode(W3CHttpResponseCodec.java:50)
	at org.openqa.selenium.remote.HttpCommandExecutor.execute(HttpCommandExecutor.java:190)
	at org.openqa.selenium.remote.service.DriverCommandExecutor.invokeExecute(DriverCommandExecutor.java:216)
	at org.openqa.selenium.remote.service.DriverCommandExecutor.execute(DriverCommandExecutor.java:174)
	at org.openqa.selenium.remote.RemoteWebDriver.execute(RemoteWebDriver.java:545)
	at org.openqa.selenium.remote.ElementLocation$ElementFinder$2.findElement(ElementLocation.java:165)
	at org.openqa.selenium.remote.ElementLocation.findElement(ElementLocation.java:59)
	at org.openqa.selenium.remote.RemoteWebDriver.findElement(RemoteWebDriver.java:368)
	at org.openqa.selenium.remote.RemoteWebDriver.findElement(RemoteWebDriver.java:362)
	at org.openqa.selenium.By$PreW3CLocator.findElement(By.java:430)
	at org.openqa.selenium.By$ByName.findElement(By.java:237)
	at org.openqa.selenium.support.ByIdOrName.findElement(ByIdOrName.java:49)
	at org.openqa.selenium.remote.ElementLocation$ElementFinder$1.findElement(ElementLocation.java:139)
	at org.openqa.selenium.remote.ElementLocation.findElement(ElementLocation.java:81)
	at org.openqa.selenium.remote.RemoteWebDriver.findElement(RemoteWebDriver.java:368)
	at org.openqa.selenium.remote.RemoteWebDriver.findElement(RemoteWebDriver.java:362)
	at org.openqa.selenium.support.pagefactory.DefaultElementLocator.findElement(DefaultElementLocator.java:68)
	at org.openqa.selenium.support.pagefactory.internal.LocatingElementHandler.invoke(LocatingElementHandler.java:38)
	at jdk.proxy2/jdk.proxy2.$Proxy14.clear(Unknown Source)
	at lt.insoft.uztis.pages.SubmittedApplicationsPage.enterRepairInformation(SubmittedApplicationsPage.java:491)
	at lt.insoft.uztis.tests.SubmittedApplicationsPageTest.testFillNewApplication(SubmittedApplicationsPageTest.java:223)
	at java.base/jdk.internal.reflect.DirectMethodHandleAccessor.invoke(DirectMethodHandleAccessor.java:103)
	at java.base/java.lang.reflect.Method.invoke(Method.java:580)
	at org.junit.platform.commons.util.ReflectionUtils.invokeMethod(ReflectionUtils.java:728)
	at org.junit.jupiter.engine.execution.MethodInvocation.proceed(MethodInvocation.java:60)
	at org.junit.jupiter.engine.execution.InvocationInterceptorChain$ValidatingInvocation.proceed(InvocationInterceptorChain.java:131)
	at org.junit.jupiter.engine.extension.TimeoutExtension.intercept(TimeoutExtension.java:156)
	at org.junit.jupiter.engine.extension.TimeoutExtension.interceptTestableMethod(TimeoutExtension.java:147)
	at org.junit.jupiter.engine.extension.TimeoutExtension.interceptTestMethod(TimeoutExtension.java:86)
	at org.junit.jupiter.engine.execution.InterceptingExecutableInvoker$ReflectiveInterceptorCall.lambda$ofVoidMethod$0(InterceptingExecutableInvoker.java:103)
	at org.junit.jupiter.engine.execution.InterceptingExecutableInvoker.lambda$invoke$0(InterceptingExecutableInvoker.java:93)
	at org.junit.jupiter.engine.execution.InvocationInterceptorChain$InterceptedInvocation.proceed(InvocationInterceptorChain.java:106)
	at org.junit.jupiter.engine.execution.InvocationInterceptorChain.proceed(InvocationInterceptorChain.java:64)
	at org.junit.jupiter.engine.execution.InvocationInterceptorChain.chainAndInvoke(InvocationInterceptorChain.java:45)
	at org.junit.jupiter.engine.execution.InvocationInterceptorChain.invoke(InvocationInterceptorChain.java:37)
	at org.junit.jupiter.engine.execution.InterceptingExecutableInvoker.invoke(InterceptingExecutableInvoker.java:92)
	at org.junit.jupiter.engine.execution.InterceptingExecutableInvoker.invoke(InterceptingExecutableInvoker.java:86)
	at org.junit.jupiter.engine.descriptor.TestMethodTestDescriptor.lambda$invokeTestMethod$7(TestMethodTestDescriptor.java:218)
	at org.junit.platform.engine.support.hierarchical.ThrowableCollector.execute(ThrowableCollector.java:73)
	at org.junit.jupiter.engine.descriptor.TestMethodTestDescriptor.invokeTestMethod(TestMethodTestDescriptor.java:214)
	at org.junit.jupiter.engine.descriptor.TestMethodTestDescriptor.execute(TestMethodTestDescriptor.java:139)
	at org.junit.jupiter.engine.descriptor.TestMethodTestDescriptor.execute(TestMethodTestDescriptor.java:69)
	at org.junit.platform.engine.support.hierarchical.NodeTestTask.lambda$executeRecursively$6(NodeTestTask.java:151)
	at org.junit.platform.engine.support.hierarchical.ThrowableCollector.execute(ThrowableCollector.java:73)
	at org.junit.platform.engine.support.hierarchical.NodeTestTask.lambda$executeRecursively$8(NodeTestTask.java:141)
	at org.junit.platform.engine.support.hierarchical.Node.around(Node.java:137)
	at org.junit.platform.engine.support.hierarchical.NodeTestTask.lambda$executeRecursively$9(NodeTestTask.java:139)
	at org.junit.platform.engine.support.hierarchical.ThrowableCollector.execute(ThrowableCollector.java:73)
	at org.junit.platform.engine.support.hierarchical.NodeTestTask.executeRecursively(NodeTestTask.java:138)
	at org.junit.platform.engine.support.hierarchical.NodeTestTask.execute(NodeTestTask.java:95)
	at java.base/java.util.ArrayList.forEach(ArrayList.java:1596)
	at org.junit.platform.engine.support.hierarchical.SameThreadHierarchicalTestExecutorService.invokeAll(SameThreadHierarchicalTestExecutorService.java:41)
	at org.junit.platform.engine.support.hierarchical.NodeTestTask.lambda$executeRecursively$6(NodeTestTask.java:155)
	at org.junit.platform.engine.support.hierarchical.ThrowableCollector.execute(ThrowableCollector.java:73)
	at org.junit.platform.engine.support.hierarchical.NodeTestTask.lambda$executeRecursively$8(NodeTestTask.java:141)
	at org.junit.platform.engine.support.hierarchical.Node.around(Node.java:137)
	at org.junit.platform.engine.support.hierarchical.NodeTestTask.lambda$executeRecursively$9(NodeTestTask.java:139)
	at org.junit.platform.engine.support.hierarchical.ThrowableCollector.execute(ThrowableCollector.java:73)
	at org.junit.platform.engine.support.hierarchical.NodeTestTask.executeRecursively(NodeTestTask.java:138)
	at org.junit.platform.engine.support.hierarchical.NodeTestTask.execute(NodeTestTask.java:95)
	at java.base/java.util.ArrayList.forEach(ArrayList.java:1596)
	at org.junit.platform.engine.support.hierarchical.SameThreadHierarchicalTestExecutorService.invokeAll(SameThreadHierarchicalTestExecutorService.java:41)
	at org.junit.platform.engine.support.hierarchical.NodeTestTask.lambda$executeRecursively$6(NodeTestTask.java:155)
	at org.junit.platform.engine.support.hierarchical.ThrowableCollector.execute(ThrowableCollector.java:73)
	at org.junit.platform.engine.support.hierarchical.NodeTestTask.lambda$executeRecursively$8(NodeTestTask.java:141)
	at org.junit.platform.engine.support.hierarchical.Node.around(Node.java:137)
	at org.junit.platform.engine.support.hierarchical.NodeTestTask.lambda$executeRecursively$9(NodeTestTask.java:139)
	at org.junit.platform.engine.support.hierarchical.ThrowableCollector.execute(ThrowableCollector.java:73)
	at org.junit.platform.engine.support.hierarchical.NodeTestTask.executeRecursively(NodeTestTask.java:138)
	at org.junit.platform.engine.support.hierarchical.NodeTestTask.execute(NodeTestTask.java:95)
	at org.junit.platform.engine.support.hierarchical.SameThreadHierarchicalTestExecutorService.submit(SameThreadHierarchicalTestExecutorService.java:35)
	at org.junit.platform.engine.support.hierarchical.HierarchicalTestExecutor.execute(HierarchicalTestExecutor.java:57)
	at org.junit.platform.engine.support.hierarchical.HierarchicalTestEngine.execute(HierarchicalTestEngine.java:54)
	at org.junit.platform.launcher.core.EngineExecutionOrchestrator.execute(EngineExecutionOrchestrator.java:198)
	at org.junit.platform.launcher.core.EngineExecutionOrchestrator.execute(EngineExecutionOrchestrator.java:169)
	at org.junit.platform.launcher.core.EngineExecutionOrchestrator.execute(EngineExecutionOrchestrator.java:93)
	at org.junit.platform.launcher.core.EngineExecutionOrchestrator.lambda$execute$0(EngineExecutionOrchestrator.java:58)
	at org.junit.platform.launcher.core.EngineExecutionOrchestrator.withInterceptedStreams(EngineExecutionOrchestrator.java:141)
	at org.junit.platform.launcher.core.EngineExecutionOrchestrator.execute(EngineExecutionOrchestrator.java:57)
	at org.junit.platform.launcher.core.DefaultLauncher.execute(DefaultLauncher.java:103)
	at org.junit.platform.launcher.core.DefaultLauncher.execute(DefaultLauncher.java:85)
	at org.junit.platform.launcher.core.DelegatingLauncher.execute(DelegatingLauncher.java:47)
	at org.junit.platform.launcher.core.SessionPerRequestLauncher.execute(SessionPerRequestLauncher.java:63)
	at com.intellij.junit5.JUnit5IdeaTestRunner.startRunnerWithArgs(JUnit5IdeaTestRunner.java:57)
	at com.intellij.rt.junit.IdeaTestRunner$Repeater$1.execute(IdeaTestRunner.java:38)
	at com.intellij.rt.execution.junit.TestsRepeater.repeat(TestsRepeater.java:11)
	at com.intellij.rt.junit.IdeaTestRunner$Repeater.startRunnerWithArgs(IdeaTestRunner.java:35)
	at com.intellij.rt.junit.JUnitStarter.prepareStreamsAndStart(JUnitStarter.java:232)
	at com.intellij.rt.junit.JUnitStarter.main(JUnitStarter.java:55)
2025-02-03 09:59:11 [main] INFO  l.insoft.uztis.tests.utils.TestUtils - Screenshot moved to C:\Users\ingrida.zadorozniene\Desktop\Asm\UZTIS\UZTIS_tests\test-output\screenshots\20250203\095911061_testFillNewApplication().png
2025-02-03 10:07:35 [main] INFO  lt.insoft.uztis.tests.UztisPageTest - Navigated to https://uztisdev.asseco.lt/home
2025-02-03 10:07:35 [main] INFO  l.i.u.t.SubmittedApplicationsPageTest - Starting test:'testFillNewApplication'
2025-02-03 10:07:36 [main] DEBUG l.i.u.t.SubmittedApplicationsPageTest - User logged in with test credentials
2025-02-03 10:07:36 [main] DEBUG l.i.u.t.SubmittedApplicationsPageTest - Opened 'Application Processing' menu.
2025-02-03 10:07:36 [main] DEBUG l.i.u.t.SubmittedApplicationsPageTest - Clicked on 'Application Forms' menu.
2025-02-03 10:07:37 [main] DEBUG l.i.u.t.SubmittedApplicationsPageTest - Retrieved last description code text: 'TST-VUI-27'.
2025-02-03 10:07:37 [main] DEBUG l.i.u.t.SubmittedApplicationsPageTest - Clicked on 'Invitation' menu.
2025-02-03 10:07:38 [main] DEBUG l.i.u.t.SubmittedApplicationsPageTest - Selected application section by code: 'TST-VUI-27'.
2025-02-03 10:07:38 [main] DEBUG l.i.u.t.SubmittedApplicationsPageTest - Clicked 'Search' button.
2025-02-03 10:07:38 [main] DEBUG l.i.u.t.SubmittedApplicationsPageTest - Retrieved invitation code: ''.
2025-02-03 10:07:38 [main] DEBUG l.i.u.t.SubmittedApplicationsPageTest - Clicked on 'Submitted Applications' menu.
2025-02-03 10:07:39 [main] DEBUG l.i.u.t.SubmittedApplicationsPageTest - Selected invitation by code: 'TST-VUI-27'.
2025-02-03 10:07:39 [main] DEBUG l.i.u.t.SubmittedApplicationsPageTest - Clicked on 'Action Application' button.
2025-02-03 10:07:40 [main] DEBUG l.i.u.t.SubmittedApplicationsPageTest - Clicked on 'New Application' button.
2025-02-03 10:07:40 [main] DEBUG l.i.u.t.SubmittedApplicationsPageTest - Clicked on 'RadioButtonFA' button.
2025-02-03 10:07:40 [main] DEBUG l.i.u.t.SubmittedApplicationsPageTest - Entered phone number into the input field.
2025-02-03 10:07:40 [main] DEBUG l.i.u.t.SubmittedApplicationsPageTest - Entered eMail into the input field.
2025-02-03 10:07:40 [main] INFO  l.i.u.p.SubmittedApplicationsPage - Located the dropdown button.
2025-02-03 10:08:00 [main] INFO  l.i.u.p.SubmittedApplicationsPage - Found 1741 options in the dropdown.
2025-02-03 10:08:01 [main] INFO  l.i.u.p.SubmittedApplicationsPage - Successfully selected the value: '01.11 - Grūdinių (išskyrus ryžius), ankštinių ir aliejingų sėklų augalų auginimas'
2025-02-03 10:08:11 [main] ERROR l.i.u.p.SubmittedApplicationsPage - Failed to close the dropdown with aria-expanded = 'false'. Attempting manual close.
2025-02-03 10:08:11 [main] INFO  l.i.u.p.SubmittedApplicationsPage - Manual close attempt for the dropdown using body click.
2025-02-03 10:08:11 [main] DEBUG l.i.u.t.SubmittedApplicationsPageTest - Entered Address into the input field.
2025-02-03 10:08:12 [main] DEBUG l.i.u.t.SubmittedApplicationsPageTest - Entered Address into the input field.
2025-02-03 10:08:12 [main] INFO  l.i.u.p.SubmittedApplicationsPage - Located the dropdown button.
2025-02-03 10:08:13 [main] INFO  l.i.u.p.SubmittedApplicationsPage - Successfully selected the value: 'Administratoriai'
2025-02-03 10:08:33 [main] ERROR l.i.u.p.SubmittedApplicationsPage - Timeout while waiting for dropdown to close with aria-expanded = 'false'.
2025-02-03 10:08:33 [main] DEBUG l.i.u.t.SubmittedApplicationsPageTest - Selected the value: 'Administratoriai'
2025-02-03 10:08:34 [main] INFO  l.i.u.p.SubmittedApplicationsPage - Clicking on the dropdown button.
2025-02-03 10:08:34 [main] INFO  l.i.u.p.SubmittedApplicationsPage - Found 34 options in the dropdown.
2025-02-03 10:08:34 [main] DEBUG l.i.u.p.SubmittedApplicationsPage - Checking option: 'Asmenys, kuriems suteiktas pabėgėlio statusas ar perkeliamojo asmens statusas, arba asmenys, kuriems suteikta papildoma ar laikinoji apsauga, ir asmenys, turintys teisę gauti laikinąją apsaugą, iki sprendimo dėl laikinosios apsaugos suteikimo (nesuteikimo) priėmimo, tačiau ne ilgiau kaip laikinosios apsaugos laikotarpiu'
2025-02-03 10:08:34 [main] DEBUG l.i.u.p.SubmittedApplicationsPage - Checking option: 'Asmenys, kuriems suteiktas pabėgėlio statusas ar perkeliamojo asmens statusas, arba asmenys, kuriems suteikta papildoma ar laikinoji apsauga, ir asmenys, turintys teisę gauti laikinąją apsaugą, iki sprendimo dėl laikinosios apsaugos suteikimo (nesuteikimo) priėmimo, tačiau ne ilgiau kaip laikinosios apsaugos laikotarpiu'
2025-02-03 10:08:34 [main] DEBUG l.i.u.p.SubmittedApplicationsPage - Checking option: 'Asmenys, turintys teisę į papildomas užimtumo garantijas pagal Lietuvos Respublikos valstybės įmonės Ignalinos atominės elektrinės darbuotojų papildomų užimtumo ir socialinių garantijų įstatymą'
2025-02-03 10:08:34 [main] DEBUG l.i.u.p.SubmittedApplicationsPage - Checking option: 'Asmenys, turintys teisę į papildomas užimtumo garantijas pagal Lietuvos Respublikos valstybės įmonės Ignalinos atominės elektrinės darbuotojų papildomų užimtumo ir socialinių garantijų įstatymą'
2025-02-03 10:08:34 [main] DEBUG l.i.u.p.SubmittedApplicationsPage - Checking option: 'Bedarbiai iki 29 metų'
2025-02-03 10:08:34 [main] DEBUG l.i.u.p.SubmittedApplicationsPage - Checking option: 'Bedarbiai iki 29 metų'
2025-02-03 10:08:34 [main] DEBUG l.i.u.p.SubmittedApplicationsPage - Checking option: 'Bedarbiai, kurie yra darbingo amžiaus neįgalieji, kuriems nustatytas 30–40 procentų darbingumo lygis arba vidutinis neįgalumo lygis'
2025-02-03 10:08:34 [main] DEBUG l.i.u.p.SubmittedApplicationsPage - Checking option: 'Bedarbiai, kurie yra darbingo amžiaus neįgalieji, kuriems nustatytas 30–40 procentų darbingumo lygis arba vidutinis neįgalumo lygis'
2025-02-03 10:08:34 [main] DEBUG l.i.u.p.SubmittedApplicationsPage - Checking option: 'Bedarbiai, kurie yra darbingo amžiaus neįgalieji, kuriems nustatytas 45–55 procentų darbingumo lygis arba lengvas neįgalumo lygis'
2025-02-03 10:08:34 [main] DEBUG l.i.u.p.SubmittedApplicationsPage - Checking option: 'Bedarbiai, kurie yra darbingo amžiaus neįgalieji, kuriems nustatytas 45–55 procentų darbingumo lygis arba lengvas neįgalumo lygis'
2025-02-03 10:08:34 [main] DEBUG l.i.u.p.SubmittedApplicationsPage - Checking option: 'Bedarbiai, kurie yra darbingo amžiaus neįgalieji, kuriems nustatytas iki 25 procentų darbingumo lygis arba sunkus neįgalumo lygis'
2025-02-03 10:08:34 [main] INFO  l.i.u.p.SubmittedApplicationsPage - Successfully selected the value: 'Bedarbiai, kurie yra darbingo amžiaus neįgalieji, kuriems nustatytas iki 25 procentų darbingumo lygis arba sunkus neįgalumo lygis'
2025-02-03 10:08:34 [main] INFO  l.i.u.p.SubmittedApplicationsPage - Attempting to close the dropdown.
2025-02-03 10:08:45 [main] INFO  l.i.u.p.SubmittedApplicationsPage - Dropdown should be closed now.
2025-02-03 10:08:45 [main] INFO  l.i.u.p.SubmittedApplicationsPage - Located the dropdown button.
2025-02-03 10:08:46 [main] INFO  l.i.u.p.SubmittedApplicationsPage - Successfully selected the value: 'Kita'
2025-02-03 10:08:56 [main] ERROR l.i.u.p.SubmittedApplicationsPage - Timeout while waiting for dropdown to close with aria-expanded = 'false'.
2025-02-03 10:08:56 [main] DEBUG l.i.u.t.SubmittedApplicationsPageTest - Selected the value: 'Kita'
2025-02-03 10:08:56 [main] DEBUG l.i.u.t.SubmittedApplicationsPageTest - Selected the value: '6 val. per dieną ir 4 d. per savaitę'
2025-02-03 10:08:57 [main] DEBUG l.i.u.t.SubmittedApplicationsPageTest - Entered Address into the input field.
2025-02-03 10:08:58 [main] INFO  l.i.u.t.SubmittedApplicationsPageTest - Test 'testFillNewApplication' completed successfully.
2025-02-03 10:15:56 [main] INFO  lt.insoft.uztis.tests.UztisPageTest - Navigated to https://uztisdev.asseco.lt/home
2025-02-03 10:15:56 [main] INFO  l.i.u.t.SubmittedApplicationsPageTest - Starting test:'testFillNewApplication'
2025-02-03 10:15:56 [main] DEBUG l.i.u.t.SubmittedApplicationsPageTest - User logged in with test credentials
2025-02-03 10:15:57 [main] DEBUG l.i.u.t.SubmittedApplicationsPageTest - Opened 'Application Processing' menu.
2025-02-03 10:15:57 [main] DEBUG l.i.u.t.SubmittedApplicationsPageTest - Clicked on 'Application Forms' menu.
2025-02-03 10:15:57 [main] DEBUG l.i.u.t.SubmittedApplicationsPageTest - Retrieved last description code text: 'TST-VUI-27'.
2025-02-03 10:15:57 [main] DEBUG l.i.u.t.SubmittedApplicationsPageTest - Clicked on 'Invitation' menu.
2025-02-03 10:15:58 [main] DEBUG l.i.u.t.SubmittedApplicationsPageTest - Selected application section by code: 'TST-VUI-27'.
2025-02-03 10:15:58 [main] DEBUG l.i.u.t.SubmittedApplicationsPageTest - Clicked 'Search' button.
2025-02-03 10:15:58 [main] DEBUG l.i.u.t.SubmittedApplicationsPageTest - Retrieved invitation code: ''.
2025-02-03 10:15:58 [main] DEBUG l.i.u.t.SubmittedApplicationsPageTest - Clicked on 'Submitted Applications' menu.
2025-02-03 10:15:59 [main] DEBUG l.i.u.t.SubmittedApplicationsPageTest - Selected invitation by code: 'TST-VUI-27'.
2025-02-03 10:16:00 [main] DEBUG l.i.u.t.SubmittedApplicationsPageTest - Clicked on 'Action Application' button.
2025-02-03 10:16:00 [main] DEBUG l.i.u.t.SubmittedApplicationsPageTest - Clicked on 'New Application' button.
2025-02-03 10:16:01 [main] DEBUG l.i.u.t.SubmittedApplicationsPageTest - Clicked on 'RadioButtonFA' button.
2025-02-03 10:16:01 [main] DEBUG l.i.u.t.SubmittedApplicationsPageTest - Entered phone number into the input field.
2025-02-03 10:16:02 [main] DEBUG l.i.u.t.SubmittedApplicationsPageTest - Entered eMail into the input field.
2025-02-03 10:16:02 [main] INFO  l.i.u.p.SubmittedApplicationsPage - Located the dropdown button.
2025-02-03 10:16:21 [main] INFO  l.i.u.p.SubmittedApplicationsPage - Found 1741 options in the dropdown.
2025-02-03 10:16:22 [main] INFO  l.i.u.p.SubmittedApplicationsPage - Successfully selected the value: '01.11 - Grūdinių (išskyrus ryžius), ankštinių ir aliejingų sėklų augalų auginimas'
2025-02-03 10:16:32 [main] ERROR l.i.u.p.SubmittedApplicationsPage - Failed to close the dropdown with aria-expanded = 'false'. Attempting manual close.
2025-02-03 10:16:32 [main] INFO  l.i.u.p.SubmittedApplicationsPage - Manual close attempt for the dropdown using body click.
2025-02-03 10:16:33 [main] DEBUG l.i.u.t.SubmittedApplicationsPageTest - Entered Address into the input field.
2025-02-03 10:16:33 [main] DEBUG l.i.u.t.SubmittedApplicationsPageTest - Entered Address into the input field.
2025-02-03 10:16:33 [main] INFO  l.i.u.p.SubmittedApplicationsPage - Located the dropdown button.
2025-02-03 10:16:34 [main] INFO  l.i.u.p.SubmittedApplicationsPage - Successfully selected the value: 'Administratoriai'
2025-02-03 10:16:54 [main] ERROR l.i.u.p.SubmittedApplicationsPage - Timeout while waiting for dropdown to close with aria-expanded = 'false'.
2025-02-03 10:16:54 [main] DEBUG l.i.u.t.SubmittedApplicationsPageTest - Selected the value: 'Administratoriai'
2025-02-03 10:16:54 [main] INFO  l.i.u.p.SubmittedApplicationsPage - Clicking on the dropdown button.
2025-02-03 10:16:55 [main] INFO  l.i.u.p.SubmittedApplicationsPage - Found 34 options in the dropdown.
2025-02-03 10:16:55 [main] DEBUG l.i.u.p.SubmittedApplicationsPage - Checking option: 'Asmenys, kuriems suteiktas pabėgėlio statusas ar perkeliamojo asmens statusas, arba asmenys, kuriems suteikta papildoma ar laikinoji apsauga, ir asmenys, turintys teisę gauti laikinąją apsaugą, iki sprendimo dėl laikinosios apsaugos suteikimo (nesuteikimo) priėmimo, tačiau ne ilgiau kaip laikinosios apsaugos laikotarpiu'
2025-02-03 10:16:55 [main] DEBUG l.i.u.p.SubmittedApplicationsPage - Checking option: 'Asmenys, kuriems suteiktas pabėgėlio statusas ar perkeliamojo asmens statusas, arba asmenys, kuriems suteikta papildoma ar laikinoji apsauga, ir asmenys, turintys teisę gauti laikinąją apsaugą, iki sprendimo dėl laikinosios apsaugos suteikimo (nesuteikimo) priėmimo, tačiau ne ilgiau kaip laikinosios apsaugos laikotarpiu'
2025-02-03 10:16:55 [main] DEBUG l.i.u.p.SubmittedApplicationsPage - Checking option: 'Asmenys, turintys teisę į papildomas užimtumo garantijas pagal Lietuvos Respublikos valstybės įmonės Ignalinos atominės elektrinės darbuotojų papildomų užimtumo ir socialinių garantijų įstatymą'
2025-02-03 10:16:55 [main] DEBUG l.i.u.p.SubmittedApplicationsPage - Checking option: 'Asmenys, turintys teisę į papildomas užimtumo garantijas pagal Lietuvos Respublikos valstybės įmonės Ignalinos atominės elektrinės darbuotojų papildomų užimtumo ir socialinių garantijų įstatymą'
2025-02-03 10:16:55 [main] DEBUG l.i.u.p.SubmittedApplicationsPage - Checking option: 'Bedarbiai iki 29 metų'
2025-02-03 10:16:55 [main] DEBUG l.i.u.p.SubmittedApplicationsPage - Checking option: 'Bedarbiai iki 29 metų'
2025-02-03 10:16:55 [main] DEBUG l.i.u.p.SubmittedApplicationsPage - Checking option: 'Bedarbiai, kurie yra darbingo amžiaus neįgalieji, kuriems nustatytas 30–40 procentų darbingumo lygis arba vidutinis neįgalumo lygis'
2025-02-03 10:16:56 [main] DEBUG l.i.u.p.SubmittedApplicationsPage - Checking option: 'Bedarbiai, kurie yra darbingo amžiaus neįgalieji, kuriems nustatytas 30–40 procentų darbingumo lygis arba vidutinis neįgalumo lygis'
2025-02-03 10:16:56 [main] DEBUG l.i.u.p.SubmittedApplicationsPage - Checking option: 'Bedarbiai, kurie yra darbingo amžiaus neįgalieji, kuriems nustatytas 45–55 procentų darbingumo lygis arba lengvas neįgalumo lygis'
2025-02-03 10:16:56 [main] DEBUG l.i.u.p.SubmittedApplicationsPage - Checking option: 'Bedarbiai, kurie yra darbingo amžiaus neįgalieji, kuriems nustatytas 45–55 procentų darbingumo lygis arba lengvas neįgalumo lygis'
2025-02-03 10:16:56 [main] DEBUG l.i.u.p.SubmittedApplicationsPage - Checking option: 'Bedarbiai, kurie yra darbingo amžiaus neįgalieji, kuriems nustatytas iki 25 procentų darbingumo lygis arba sunkus neįgalumo lygis'
2025-02-03 10:16:56 [main] INFO  l.i.u.p.SubmittedApplicationsPage - Successfully selected the value: 'Bedarbiai, kurie yra darbingo amžiaus neįgalieji, kuriems nustatytas iki 25 procentų darbingumo lygis arba sunkus neįgalumo lygis'
2025-02-03 10:16:56 [main] INFO  l.i.u.p.SubmittedApplicationsPage - Attempting to close the dropdown.
2025-02-03 10:17:06 [main] INFO  l.i.u.p.SubmittedApplicationsPage - Dropdown should be closed now.
2025-02-03 10:17:06 [main] INFO  l.i.u.p.SubmittedApplicationsPage - Located the dropdown button.
2025-02-03 10:17:07 [main] INFO  l.i.u.p.SubmittedApplicationsPage - Successfully selected the value: 'Kita'
2025-02-03 10:17:18 [main] ERROR l.i.u.p.SubmittedApplicationsPage - Timeout while waiting for dropdown to close with aria-expanded = 'false'.
2025-02-03 10:17:18 [main] DEBUG l.i.u.t.SubmittedApplicationsPageTest - Selected the value: 'Kita'
2025-02-03 10:17:18 [main] DEBUG l.i.u.t.SubmittedApplicationsPageTest - Selected the value: '6 val. per dieną ir 4 d. per savaitę'
2025-02-03 10:17:18 [main] DEBUG l.i.u.t.SubmittedApplicationsPageTest - Entered Address into the input field.
2025-02-03 10:17:20 [main] INFO  l.i.u.t.SubmittedApplicationsPageTest - Test 'testFillNewApplication' completed successfully.
2025-02-03 10:18:49 [main] INFO  lt.insoft.uztis.tests.UztisPageTest - Navigated to https://uztisdev.asseco.lt/home
2025-02-03 10:18:49 [main] INFO  l.i.u.t.SubmittedApplicationsPageTest - Starting test:'testFillNewApplication'
2025-02-03 10:18:50 [main] DEBUG l.i.u.t.SubmittedApplicationsPageTest - User logged in with test credentials
2025-02-03 10:18:50 [main] DEBUG l.i.u.t.SubmittedApplicationsPageTest - Opened 'Application Processing' menu.
2025-02-03 10:18:50 [main] DEBUG l.i.u.t.SubmittedApplicationsPageTest - Clicked on 'Application Forms' menu.
2025-02-03 10:18:50 [main] DEBUG l.i.u.t.SubmittedApplicationsPageTest - Retrieved last description code text: 'TST-VUI-27'.
2025-02-03 10:18:51 [main] DEBUG l.i.u.t.SubmittedApplicationsPageTest - Clicked on 'Invitation' menu.
2025-02-03 10:18:51 [main] DEBUG l.i.u.t.SubmittedApplicationsPageTest - Selected application section by code: 'TST-VUI-27'.
2025-02-03 10:18:51 [main] DEBUG l.i.u.t.SubmittedApplicationsPageTest - Clicked 'Search' button.
2025-02-03 10:18:51 [main] DEBUG l.i.u.t.SubmittedApplicationsPageTest - Retrieved invitation code: ''.
2025-02-03 10:18:52 [main] DEBUG l.i.u.t.SubmittedApplicationsPageTest - Clicked on 'Submitted Applications' menu.
2025-02-03 10:18:52 [main] DEBUG l.i.u.t.SubmittedApplicationsPageTest - Selected invitation by code: 'TST-VUI-27'.
2025-02-03 10:18:53 [main] DEBUG l.i.u.t.SubmittedApplicationsPageTest - Clicked on 'Action Application' button.
2025-02-03 10:18:53 [main] DEBUG l.i.u.t.SubmittedApplicationsPageTest - Clicked on 'New Application' button.
2025-02-03 10:18:53 [main] DEBUG l.i.u.t.SubmittedApplicationsPageTest - Clicked on 'RadioButtonFA' button.
2025-02-03 10:18:54 [main] DEBUG l.i.u.t.SubmittedApplicationsPageTest - Entered phone number into the input field.
2025-02-03 10:18:54 [main] DEBUG l.i.u.t.SubmittedApplicationsPageTest - Entered eMail into the input field.
2025-02-03 10:18:54 [main] INFO  l.i.u.p.SubmittedApplicationsPage - Located the dropdown button.
2025-02-03 10:19:11 [main] INFO  l.i.u.p.SubmittedApplicationsPage - Found 1741 options in the dropdown.
2025-02-03 10:19:11 [main] INFO  l.i.u.p.SubmittedApplicationsPage - Successfully selected the value: '01.11 - Grūdinių (išskyrus ryžius), ankštinių ir aliejingų sėklų augalų auginimas'
2025-02-03 10:19:22 [main] ERROR l.i.u.p.SubmittedApplicationsPage - Failed to close the dropdown with aria-expanded = 'false'. Attempting manual close.
2025-02-03 10:19:22 [main] INFO  l.i.u.p.SubmittedApplicationsPage - Manual close attempt for the dropdown using body click.
2025-02-03 10:19:22 [main] DEBUG l.i.u.t.SubmittedApplicationsPageTest - Entered Address into the input field.
2025-02-03 10:19:22 [main] DEBUG l.i.u.t.SubmittedApplicationsPageTest - Entered Address into the input field.
2025-02-03 10:19:23 [main] INFO  l.i.u.p.SubmittedApplicationsPage - Located the dropdown button.
2025-02-03 10:19:24 [main] INFO  l.i.u.p.SubmittedApplicationsPage - Successfully selected the value: 'Administratoriai'
2025-02-03 10:19:44 [main] ERROR l.i.u.p.SubmittedApplicationsPage - Timeout while waiting for dropdown to close with aria-expanded = 'false'.
2025-02-03 10:19:44 [main] DEBUG l.i.u.t.SubmittedApplicationsPageTest - Selected the value: 'Administratoriai'
2025-02-03 10:19:44 [main] INFO  l.i.u.p.SubmittedApplicationsPage - Clicking on the dropdown button.
2025-02-03 10:19:44 [main] INFO  l.i.u.p.SubmittedApplicationsPage - Found 34 options in the dropdown.
2025-02-03 10:19:44 [main] DEBUG l.i.u.p.SubmittedApplicationsPage - Checking option: 'Asmenys, kuriems suteiktas pabėgėlio statusas ar perkeliamojo asmens statusas, arba asmenys, kuriems suteikta papildoma ar laikinoji apsauga, ir asmenys, turintys teisę gauti laikinąją apsaugą, iki sprendimo dėl laikinosios apsaugos suteikimo (nesuteikimo) priėmimo, tačiau ne ilgiau kaip laikinosios apsaugos laikotarpiu'
2025-02-03 10:19:44 [main] DEBUG l.i.u.p.SubmittedApplicationsPage - Checking option: 'Asmenys, kuriems suteiktas pabėgėlio statusas ar perkeliamojo asmens statusas, arba asmenys, kuriems suteikta papildoma ar laikinoji apsauga, ir asmenys, turintys teisę gauti laikinąją apsaugą, iki sprendimo dėl laikinosios apsaugos suteikimo (nesuteikimo) priėmimo, tačiau ne ilgiau kaip laikinosios apsaugos laikotarpiu'
2025-02-03 10:19:44 [main] DEBUG l.i.u.p.SubmittedApplicationsPage - Checking option: 'Asmenys, turintys teisę į papildomas užimtumo garantijas pagal Lietuvos Respublikos valstybės įmonės Ignalinos atominės elektrinės darbuotojų papildomų užimtumo ir socialinių garantijų įstatymą'
2025-02-03 10:19:44 [main] DEBUG l.i.u.p.SubmittedApplicationsPage - Checking option: 'Asmenys, turintys teisę į papildomas užimtumo garantijas pagal Lietuvos Respublikos valstybės įmonės Ignalinos atominės elektrinės darbuotojų papildomų užimtumo ir socialinių garantijų įstatymą'
2025-02-03 10:19:44 [main] DEBUG l.i.u.p.SubmittedApplicationsPage - Checking option: 'Bedarbiai iki 29 metų'
2025-02-03 10:19:44 [main] DEBUG l.i.u.p.SubmittedApplicationsPage - Checking option: 'Bedarbiai iki 29 metų'
2025-02-03 10:19:44 [main] DEBUG l.i.u.p.SubmittedApplicationsPage - Checking option: 'Bedarbiai, kurie yra darbingo amžiaus neįgalieji, kuriems nustatytas 30–40 procentų darbingumo lygis arba vidutinis neįgalumo lygis'
2025-02-03 10:19:44 [main] DEBUG l.i.u.p.SubmittedApplicationsPage - Checking option: 'Bedarbiai, kurie yra darbingo amžiaus neįgalieji, kuriems nustatytas 30–40 procentų darbingumo lygis arba vidutinis neįgalumo lygis'
2025-02-03 10:19:44 [main] DEBUG l.i.u.p.SubmittedApplicationsPage - Checking option: 'Bedarbiai, kurie yra darbingo amžiaus neįgalieji, kuriems nustatytas 45–55 procentų darbingumo lygis arba lengvas neįgalumo lygis'
2025-02-03 10:19:44 [main] DEBUG l.i.u.p.SubmittedApplicationsPage - Checking option: 'Bedarbiai, kurie yra darbingo amžiaus neįgalieji, kuriems nustatytas 45–55 procentų darbingumo lygis arba lengvas neįgalumo lygis'
2025-02-03 10:19:44 [main] DEBUG l.i.u.p.SubmittedApplicationsPage - Checking option: 'Bedarbiai, kurie yra darbingo amžiaus neįgalieji, kuriems nustatytas iki 25 procentų darbingumo lygis arba sunkus neįgalumo lygis'
2025-02-03 10:19:45 [main] INFO  l.i.u.p.SubmittedApplicationsPage - Successfully selected the value: 'Bedarbiai, kurie yra darbingo amžiaus neįgalieji, kuriems nustatytas iki 25 procentų darbingumo lygis arba sunkus neįgalumo lygis'
2025-02-03 10:19:45 [main] INFO  l.i.u.p.SubmittedApplicationsPage - Attempting to close the dropdown.
2025-02-03 10:19:55 [main] INFO  l.i.u.p.SubmittedApplicationsPage - Dropdown should be closed now.
2025-02-03 10:19:55 [main] INFO  l.i.u.p.SubmittedApplicationsPage - Located the dropdown button.
2025-02-03 10:19:56 [main] INFO  l.i.u.p.SubmittedApplicationsPage - Successfully selected the value: 'Kita'
2025-02-03 10:20:06 [main] ERROR l.i.u.p.SubmittedApplicationsPage - Timeout while waiting for dropdown to close with aria-expanded = 'false'.
2025-02-03 10:20:06 [main] DEBUG l.i.u.t.SubmittedApplicationsPageTest - Selected the value: 'Kita'
2025-02-03 10:20:06 [main] DEBUG l.i.u.t.SubmittedApplicationsPageTest - Selected the value: '6 val. per dieną ir 4 d. per savaitę'
2025-02-03 10:20:07 [main] DEBUG l.i.u.t.SubmittedApplicationsPageTest - Entered Address into the input field.
2025-02-03 10:20:08 [main] INFO  l.i.u.t.SubmittedApplicationsPageTest - Test 'testFillNewApplication' completed successfully.
2025-02-03 10:27:58 [main] INFO  lt.insoft.uztis.tests.UztisPageTest - Navigated to https://uztisdev.asseco.lt/home
2025-02-03 10:27:58 [main] INFO  l.i.u.t.SubmittedApplicationsPageTest - Starting test:'testFillNewApplication'
2025-02-03 10:27:58 [main] DEBUG l.i.u.t.SubmittedApplicationsPageTest - User logged in with test credentials
2025-02-03 10:27:59 [main] DEBUG l.i.u.t.SubmittedApplicationsPageTest - Opened 'Application Processing' menu.
2025-02-03 10:27:59 [main] DEBUG l.i.u.t.SubmittedApplicationsPageTest - Clicked on 'Application Forms' menu.
2025-02-03 10:27:59 [main] DEBUG l.i.u.t.SubmittedApplicationsPageTest - Retrieved last description code text: 'TST-VUI-27'.
2025-02-03 10:28:00 [main] DEBUG l.i.u.t.SubmittedApplicationsPageTest - Clicked on 'Invitation' menu.
2025-02-03 10:28:00 [main] DEBUG l.i.u.t.SubmittedApplicationsPageTest - Selected application section by code: 'TST-VUI-27'.
2025-02-03 10:28:01 [main] DEBUG l.i.u.t.SubmittedApplicationsPageTest - Clicked 'Search' button.
2025-02-03 10:28:01 [main] DEBUG l.i.u.t.SubmittedApplicationsPageTest - Retrieved invitation code: ''.
2025-02-03 10:28:01 [main] DEBUG l.i.u.t.SubmittedApplicationsPageTest - Clicked on 'Submitted Applications' menu.
2025-02-03 10:28:02 [main] DEBUG l.i.u.t.SubmittedApplicationsPageTest - Selected invitation by code: 'TST-VUI-27'.
2025-02-03 10:28:02 [main] DEBUG l.i.u.t.SubmittedApplicationsPageTest - Clicked on 'Action Application' button.
2025-02-03 10:28:02 [main] DEBUG l.i.u.t.SubmittedApplicationsPageTest - Clicked on 'New Application' button.
2025-02-03 10:28:02 [main] DEBUG l.i.u.t.SubmittedApplicationsPageTest - Clicked on 'RadioButtonFA' button.
2025-02-03 10:28:03 [main] DEBUG l.i.u.t.SubmittedApplicationsPageTest - Entered phone number into the input field.
2025-02-03 10:28:03 [main] DEBUG l.i.u.t.SubmittedApplicationsPageTest - Entered eMail into the input field.
2025-02-03 10:28:03 [main] INFO  l.i.u.p.SubmittedApplicationsPage - Located the dropdown button.
2025-02-03 10:28:23 [main] INFO  l.i.u.p.SubmittedApplicationsPage - Found 1741 options in the dropdown.
2025-02-03 10:28:23 [main] INFO  l.i.u.p.SubmittedApplicationsPage - Successfully selected the value: '01.11 - Grūdinių (išskyrus ryžius), ankštinių ir aliejingų sėklų augalų auginimas'
2025-02-03 10:28:34 [main] ERROR l.i.u.p.SubmittedApplicationsPage - Failed to close the dropdown with aria-expanded = 'false'. Attempting manual close.
2025-02-03 10:28:34 [main] INFO  l.i.u.p.SubmittedApplicationsPage - Manual close attempt for the dropdown using body click.
2025-02-03 10:28:34 [main] DEBUG l.i.u.t.SubmittedApplicationsPageTest - Entered Address into the input field.
2025-02-03 10:28:34 [main] DEBUG l.i.u.t.SubmittedApplicationsPageTest - Entered Address into the input field.
2025-02-03 10:28:35 [main] INFO  l.i.u.p.SubmittedApplicationsPage - Located the dropdown button.
2025-02-03 10:28:36 [main] ERROR l.i.u.t.SubmittedApplicationsPageTest - Test 'testFillNewApplication' failed with error: element click intercepted: Element <mat-label>...</mat-label> is not clickable at point (1053, 179). Other element would receive the click: ...<span class="mat-mdc-select-placeholder mat-mdc-select-min-line ng-tns-c1073613477-34 ng-star-inserted"></span>
  (Session info: chrome=132.0.6834.160)
Build info: version: '4.27.0', revision: 'd6e718d134'
System info: os.name: 'Windows 11', os.arch: 'amd64', os.version: '10.0', java.version: '21.0.3'
Driver info: org.openqa.selenium.chrome.ChromeDriver
Command: [ed6c5829c61f6c431fee8641249ddd1e, clickElement {id=f.03F41E6DE3BA0C2A4E0781FCA38EE5FC.d.D30DF652ACCF7C056CB4EC7E92A9979D.e.2076}]
Capabilities {acceptInsecureCerts: false, browserName: chrome, browserVersion: 132.0.6834.160, chrome: {chromedriverVersion: 132.0.6834.159 (2d77d3fc445..., userDataDir: C:\Users\INGRID~1.ZAD\AppDa...}, fedcm:accounts: true, goog:chromeOptions: {debuggerAddress: localhost:59883}, networkConnectionEnabled: false, pageLoadStrategy: normal, platformName: windows, proxy: Proxy(), se:cdp: ws://localhost:59883/devtoo..., se:cdpVersion: 132.0.6834.160, setWindowRect: true, strictFileInteractability: false, timeouts: {implicit: 0, pageLoad: 300000, script: 30000}, unhandledPromptBehavior: dismiss and notify, webauthn:extension:credBlob: true, webauthn:extension:largeBlob: true, webauthn:extension:minPinLength: true, webauthn:extension:prf: true, webauthn:virtualAuthenticators: true}
Element: [[ChromeDriver: chrome on windows (ed6c5829c61f6c431fee8641249ddd1e)] -> xpath: //mat-label[contains(text(), 'Darbo vietos pavadinimas')]]
Session ID: ed6c5829c61f6c431fee8641249ddd1e
org.openqa.selenium.ElementClickInterceptedException: element click intercepted: Element <mat-label>...</mat-label> is not clickable at point (1053, 179). Other element would receive the click: ...<span class="mat-mdc-select-placeholder mat-mdc-select-min-line ng-tns-c1073613477-34 ng-star-inserted"></span>
  (Session info: chrome=132.0.6834.160)
Build info: version: '4.27.0', revision: 'd6e718d134'
System info: os.name: 'Windows 11', os.arch: 'amd64', os.version: '10.0', java.version: '21.0.3'
Driver info: org.openqa.selenium.chrome.ChromeDriver
Command: [ed6c5829c61f6c431fee8641249ddd1e, clickElement {id=f.03F41E6DE3BA0C2A4E0781FCA38EE5FC.d.D30DF652ACCF7C056CB4EC7E92A9979D.e.2076}]
Capabilities {acceptInsecureCerts: false, browserName: chrome, browserVersion: 132.0.6834.160, chrome: {chromedriverVersion: 132.0.6834.159 (2d77d3fc445..., userDataDir: C:\Users\INGRID~1.ZAD\AppDa...}, fedcm:accounts: true, goog:chromeOptions: {debuggerAddress: localhost:59883}, networkConnectionEnabled: false, pageLoadStrategy: normal, platformName: windows, proxy: Proxy(), se:cdp: ws://localhost:59883/devtoo..., se:cdpVersion: 132.0.6834.160, setWindowRect: true, strictFileInteractability: false, timeouts: {implicit: 0, pageLoad: 300000, script: 30000}, unhandledPromptBehavior: dismiss and notify, webauthn:extension:credBlob: true, webauthn:extension:largeBlob: true, webauthn:extension:minPinLength: true, webauthn:extension:prf: true, webauthn:virtualAuthenticators: true}
Element: [[ChromeDriver: chrome on windows (ed6c5829c61f6c431fee8641249ddd1e)] -> xpath: //mat-label[contains(text(), 'Darbo vietos pavadinimas')]]
Session ID: ed6c5829c61f6c431fee8641249ddd1e
	at java.base/jdk.internal.reflect.DirectConstructorHandleAccessor.newInstance(DirectConstructorHandleAccessor.java:62)
	at java.base/java.lang.reflect.Constructor.newInstanceWithCaller(Constructor.java:502)
	at java.base/java.lang.reflect.Constructor.newInstance(Constructor.java:486)
	at org.openqa.selenium.remote.ErrorCodec.decode(ErrorCodec.java:167)
	at org.openqa.selenium.remote.codec.w3c.W3CHttpResponseCodec.decode(W3CHttpResponseCodec.java:138)
	at org.openqa.selenium.remote.codec.w3c.W3CHttpResponseCodec.decode(W3CHttpResponseCodec.java:50)
	at org.openqa.selenium.remote.HttpCommandExecutor.execute(HttpCommandExecutor.java:190)
	at org.openqa.selenium.remote.service.DriverCommandExecutor.invokeExecute(DriverCommandExecutor.java:216)
	at org.openqa.selenium.remote.service.DriverCommandExecutor.execute(DriverCommandExecutor.java:174)
	at org.openqa.selenium.remote.RemoteWebDriver.execute(RemoteWebDriver.java:545)
	at org.openqa.selenium.remote.RemoteWebElement.execute(RemoteWebElement.java:223)
	at org.openqa.selenium.remote.RemoteWebElement.click(RemoteWebElement.java:76)
	at java.base/jdk.internal.reflect.DirectMethodHandleAccessor.invoke(DirectMethodHandleAccessor.java:103)
	at java.base/java.lang.reflect.Method.invoke(Method.java:580)
	at org.openqa.selenium.support.pagefactory.internal.LocatingElementHandler.invoke(LocatingElementHandler.java:51)
	at jdk.proxy2/jdk.proxy2.$Proxy14.click(Unknown Source)
	at lt.insoft.uztis.pages.SubmittedApplicationsPage.selectDropdownJobName(SubmittedApplicationsPage.java:310)
	at lt.insoft.uztis.tests.SubmittedApplicationsPageTest.testFillNewApplication(SubmittedApplicationsPageTest.java:173)
	at java.base/jdk.internal.reflect.DirectMethodHandleAccessor.invoke(DirectMethodHandleAccessor.java:103)
	at java.base/java.lang.reflect.Method.invoke(Method.java:580)
	at org.junit.platform.commons.util.ReflectionUtils.invokeMethod(ReflectionUtils.java:728)
	at org.junit.jupiter.engine.execution.MethodInvocation.proceed(MethodInvocation.java:60)
	at org.junit.jupiter.engine.execution.InvocationInterceptorChain$ValidatingInvocation.proceed(InvocationInterceptorChain.java:131)
	at org.junit.jupiter.engine.extension.TimeoutExtension.intercept(TimeoutExtension.java:156)
	at org.junit.jupiter.engine.extension.TimeoutExtension.interceptTestableMethod(TimeoutExtension.java:147)
	at org.junit.jupiter.engine.extension.TimeoutExtension.interceptTestMethod(TimeoutExtension.java:86)
	at org.junit.jupiter.engine.execution.InterceptingExecutableInvoker$ReflectiveInterceptorCall.lambda$ofVoidMethod$0(InterceptingExecutableInvoker.java:103)
	at org.junit.jupiter.engine.execution.InterceptingExecutableInvoker.lambda$invoke$0(InterceptingExecutableInvoker.java:93)
	at org.junit.jupiter.engine.execution.InvocationInterceptorChain$InterceptedInvocation.proceed(InvocationInterceptorChain.java:106)
	at org.junit.jupiter.engine.execution.InvocationInterceptorChain.proceed(InvocationInterceptorChain.java:64)
	at org.junit.jupiter.engine.execution.InvocationInterceptorChain.chainAndInvoke(InvocationInterceptorChain.java:45)
	at org.junit.jupiter.engine.execution.InvocationInterceptorChain.invoke(InvocationInterceptorChain.java:37)
	at org.junit.jupiter.engine.execution.InterceptingExecutableInvoker.invoke(InterceptingExecutableInvoker.java:92)
	at org.junit.jupiter.engine.execution.InterceptingExecutableInvoker.invoke(InterceptingExecutableInvoker.java:86)
	at org.junit.jupiter.engine.descriptor.TestMethodTestDescriptor.lambda$invokeTestMethod$7(TestMethodTestDescriptor.java:218)
	at org.junit.platform.engine.support.hierarchical.ThrowableCollector.execute(ThrowableCollector.java:73)
	at org.junit.jupiter.engine.descriptor.TestMethodTestDescriptor.invokeTestMethod(TestMethodTestDescriptor.java:214)
	at org.junit.jupiter.engine.descriptor.TestMethodTestDescriptor.execute(TestMethodTestDescriptor.java:139)
	at org.junit.jupiter.engine.descriptor.TestMethodTestDescriptor.execute(TestMethodTestDescriptor.java:69)
	at org.junit.platform.engine.support.hierarchical.NodeTestTask.lambda$executeRecursively$6(NodeTestTask.java:151)
	at org.junit.platform.engine.support.hierarchical.ThrowableCollector.execute(ThrowableCollector.java:73)
	at org.junit.platform.engine.support.hierarchical.NodeTestTask.lambda$executeRecursively$8(NodeTestTask.java:141)
	at org.junit.platform.engine.support.hierarchical.Node.around(Node.java:137)
	at org.junit.platform.engine.support.hierarchical.NodeTestTask.lambda$executeRecursively$9(NodeTestTask.java:139)
	at org.junit.platform.engine.support.hierarchical.ThrowableCollector.execute(ThrowableCollector.java:73)
	at org.junit.platform.engine.support.hierarchical.NodeTestTask.executeRecursively(NodeTestTask.java:138)
	at org.junit.platform.engine.support.hierarchical.NodeTestTask.execute(NodeTestTask.java:95)
	at java.base/java.util.ArrayList.forEach(ArrayList.java:1596)
	at org.junit.platform.engine.support.hierarchical.SameThreadHierarchicalTestExecutorService.invokeAll(SameThreadHierarchicalTestExecutorService.java:41)
	at org.junit.platform.engine.support.hierarchical.NodeTestTask.lambda$executeRecursively$6(NodeTestTask.java:155)
	at org.junit.platform.engine.support.hierarchical.ThrowableCollector.execute(ThrowableCollector.java:73)
	at org.junit.platform.engine.support.hierarchical.NodeTestTask.lambda$executeRecursively$8(NodeTestTask.java:141)
	at org.junit.platform.engine.support.hierarchical.Node.around(Node.java:137)
	at org.junit.platform.engine.support.hierarchical.NodeTestTask.lambda$executeRecursively$9(NodeTestTask.java:139)
	at org.junit.platform.engine.support.hierarchical.ThrowableCollector.execute(ThrowableCollector.java:73)
	at org.junit.platform.engine.support.hierarchical.NodeTestTask.executeRecursively(NodeTestTask.java:138)
	at org.junit.platform.engine.support.hierarchical.NodeTestTask.execute(NodeTestTask.java:95)
	at java.base/java.util.ArrayList.forEach(ArrayList.java:1596)
	at org.junit.platform.engine.support.hierarchical.SameThreadHierarchicalTestExecutorService.invokeAll(SameThreadHierarchicalTestExecutorService.java:41)
	at org.junit.platform.engine.support.hierarchical.NodeTestTask.lambda$executeRecursively$6(NodeTestTask.java:155)
	at org.junit.platform.engine.support.hierarchical.ThrowableCollector.execute(ThrowableCollector.java:73)
	at org.junit.platform.engine.support.hierarchical.NodeTestTask.lambda$executeRecursively$8(NodeTestTask.java:141)
	at org.junit.platform.engine.support.hierarchical.Node.around(Node.java:137)
	at org.junit.platform.engine.support.hierarchical.NodeTestTask.lambda$executeRecursively$9(NodeTestTask.java:139)
	at org.junit.platform.engine.support.hierarchical.ThrowableCollector.execute(ThrowableCollector.java:73)
	at org.junit.platform.engine.support.hierarchical.NodeTestTask.executeRecursively(NodeTestTask.java:138)
	at org.junit.platform.engine.support.hierarchical.NodeTestTask.execute(NodeTestTask.java:95)
	at org.junit.platform.engine.support.hierarchical.SameThreadHierarchicalTestExecutorService.submit(SameThreadHierarchicalTestExecutorService.java:35)
	at org.junit.platform.engine.support.hierarchical.HierarchicalTestExecutor.execute(HierarchicalTestExecutor.java:57)
	at org.junit.platform.engine.support.hierarchical.HierarchicalTestEngine.execute(HierarchicalTestEngine.java:54)
	at org.junit.platform.launcher.core.EngineExecutionOrchestrator.execute(EngineExecutionOrchestrator.java:198)
	at org.junit.platform.launcher.core.EngineExecutionOrchestrator.execute(EngineExecutionOrchestrator.java:169)
	at org.junit.platform.launcher.core.EngineExecutionOrchestrator.execute(EngineExecutionOrchestrator.java:93)
	at org.junit.platform.launcher.core.EngineExecutionOrchestrator.lambda$execute$0(EngineExecutionOrchestrator.java:58)
	at org.junit.platform.launcher.core.EngineExecutionOrchestrator.withInterceptedStreams(EngineExecutionOrchestrator.java:141)
	at org.junit.platform.launcher.core.EngineExecutionOrchestrator.execute(EngineExecutionOrchestrator.java:57)
	at org.junit.platform.launcher.core.DefaultLauncher.execute(DefaultLauncher.java:103)
	at org.junit.platform.launcher.core.DefaultLauncher.execute(DefaultLauncher.java:85)
	at org.junit.platform.launcher.core.DelegatingLauncher.execute(DelegatingLauncher.java:47)
	at org.junit.platform.launcher.core.SessionPerRequestLauncher.execute(SessionPerRequestLauncher.java:63)
	at com.intellij.junit5.JUnit5IdeaTestRunner.startRunnerWithArgs(JUnit5IdeaTestRunner.java:57)
	at com.intellij.rt.junit.IdeaTestRunner$Repeater$1.execute(IdeaTestRunner.java:38)
	at com.intellij.rt.execution.junit.TestsRepeater.repeat(TestsRepeater.java:11)
	at com.intellij.rt.junit.IdeaTestRunner$Repeater.startRunnerWithArgs(IdeaTestRunner.java:35)
	at com.intellij.rt.junit.JUnitStarter.prepareStreamsAndStart(JUnitStarter.java:232)
	at com.intellij.rt.junit.JUnitStarter.main(JUnitStarter.java:55)
2025-02-03 10:28:36 [main] INFO  l.insoft.uztis.tests.utils.TestUtils - Screenshot moved to C:\Users\ingrida.zadorozniene\Desktop\Asm\UZTIS\UZTIS_tests\test-output\screenshots\20250203\102836564_testFillNewApplication().png
2025-02-03 10:38:24 [main] INFO  lt.insoft.uztis.tests.UztisPageTest - Navigated to https://uztisdev.asseco.lt/home
2025-02-03 10:38:24 [main] INFO  l.i.u.t.SubmittedApplicationsPageTest - Starting test:'testFillNewApplication'
2025-02-03 10:38:25 [main] DEBUG l.i.u.t.SubmittedApplicationsPageTest - User logged in with test credentials
2025-02-03 10:38:26 [main] DEBUG l.i.u.t.SubmittedApplicationsPageTest - Opened 'Application Processing' menu.
2025-02-03 10:38:26 [main] DEBUG l.i.u.t.SubmittedApplicationsPageTest - Clicked on 'Application Forms' menu.
2025-02-03 10:38:26 [main] DEBUG l.i.u.t.SubmittedApplicationsPageTest - Retrieved last description code text: 'TST-VUI-27'.
2025-02-03 10:38:27 [main] DEBUG l.i.u.t.SubmittedApplicationsPageTest - Clicked on 'Invitation' menu.
2025-02-03 10:38:27 [main] DEBUG l.i.u.t.SubmittedApplicationsPageTest - Selected application section by code: 'TST-VUI-27'.
2025-02-03 10:38:27 [main] DEBUG l.i.u.t.SubmittedApplicationsPageTest - Clicked 'Search' button.
2025-02-03 10:38:28 [main] DEBUG l.i.u.t.SubmittedApplicationsPageTest - Retrieved invitation code: ''.
2025-02-03 10:38:28 [main] DEBUG l.i.u.t.SubmittedApplicationsPageTest - Clicked on 'Submitted Applications' menu.
2025-02-03 10:38:29 [main] DEBUG l.i.u.t.SubmittedApplicationsPageTest - Selected invitation by code: 'TST-VUI-27'.
2025-02-03 10:38:29 [main] DEBUG l.i.u.t.SubmittedApplicationsPageTest - Clicked on 'Action Application' button.
2025-02-03 10:38:29 [main] DEBUG l.i.u.t.SubmittedApplicationsPageTest - Clicked on 'New Application' button.
2025-02-03 10:38:29 [main] DEBUG l.i.u.t.SubmittedApplicationsPageTest - Clicked on 'RadioButtonFA' button.
2025-02-03 10:38:30 [main] DEBUG l.i.u.t.SubmittedApplicationsPageTest - Entered phone number into the input field.
2025-02-03 10:38:30 [main] DEBUG l.i.u.t.SubmittedApplicationsPageTest - Entered eMail into the input field.
2025-02-03 10:38:30 [main] INFO  l.i.u.p.SubmittedApplicationsPage - Located the dropdown button.
2025-02-03 10:38:47 [main] INFO  l.i.u.p.SubmittedApplicationsPage - Found 1741 options in the dropdown.
2025-02-03 10:38:47 [main] INFO  l.i.u.p.SubmittedApplicationsPage - Successfully selected the value: '01.11 - Grūdinių (išskyrus ryžius), ankštinių ir aliejingų sėklų augalų auginimas'
2025-02-03 10:38:58 [main] ERROR l.i.u.p.SubmittedApplicationsPage - Failed to close the dropdown with aria-expanded = 'false'. Attempting manual close.
2025-02-03 10:38:58 [main] INFO  l.i.u.p.SubmittedApplicationsPage - Manual close attempt for the dropdown using body click.
2025-02-03 10:38:58 [main] DEBUG l.i.u.t.SubmittedApplicationsPageTest - Entered Address into the input field.
2025-02-03 10:38:58 [main] DEBUG l.i.u.t.SubmittedApplicationsPageTest - Entered Address into the input field.
2025-02-03 10:38:59 [main] INFO  l.i.u.p.SubmittedApplicationsPage - Located the dropdown button.
2025-02-03 10:39:00 [main] INFO  l.i.u.p.SubmittedApplicationsPage - Successfully selected the value: 'Administratoriai'
2025-02-03 10:39:20 [main] ERROR l.i.u.p.SubmittedApplicationsPage - Timeout while waiting for dropdown to close with aria-expanded = 'false'.
2025-02-03 10:39:20 [main] DEBUG l.i.u.t.SubmittedApplicationsPageTest - Selected the value: 'Administratoriai'
2025-02-03 10:39:21 [main] INFO  l.i.u.p.SubmittedApplicationsPage - Clicking on the dropdown button.
2025-02-03 10:39:22 [main] INFO  l.i.u.p.SubmittedApplicationsPage - Found 34 options in the dropdown.
2025-02-03 10:39:22 [main] DEBUG l.i.u.p.SubmittedApplicationsPage - Checking option: 'Asmenys, kuriems suteiktas pabėgėlio statusas ar perkeliamojo asmens statusas, arba asmenys, kuriems suteikta papildoma ar laikinoji apsauga, ir asmenys, turintys teisę gauti laikinąją apsaugą, iki sprendimo dėl laikinosios apsaugos suteikimo (nesuteikimo) priėmimo, tačiau ne ilgiau kaip laikinosios apsaugos laikotarpiu'
2025-02-03 10:39:22 [main] DEBUG l.i.u.p.SubmittedApplicationsPage - Checking option: 'Asmenys, kuriems suteiktas pabėgėlio statusas ar perkeliamojo asmens statusas, arba asmenys, kuriems suteikta papildoma ar laikinoji apsauga, ir asmenys, turintys teisę gauti laikinąją apsaugą, iki sprendimo dėl laikinosios apsaugos suteikimo (nesuteikimo) priėmimo, tačiau ne ilgiau kaip laikinosios apsaugos laikotarpiu'
2025-02-03 10:39:22 [main] DEBUG l.i.u.p.SubmittedApplicationsPage - Checking option: 'Asmenys, turintys teisę į papildomas užimtumo garantijas pagal Lietuvos Respublikos valstybės įmonės Ignalinos atominės elektrinės darbuotojų papildomų užimtumo ir socialinių garantijų įstatymą'
2025-02-03 10:39:22 [main] DEBUG l.i.u.p.SubmittedApplicationsPage - Checking option: 'Asmenys, turintys teisę į papildomas užimtumo garantijas pagal Lietuvos Respublikos valstybės įmonės Ignalinos atominės elektrinės darbuotojų papildomų užimtumo ir socialinių garantijų įstatymą'
2025-02-03 10:39:22 [main] DEBUG l.i.u.p.SubmittedApplicationsPage - Checking option: 'Bedarbiai iki 29 metų'
2025-02-03 10:39:22 [main] DEBUG l.i.u.p.SubmittedApplicationsPage - Checking option: 'Bedarbiai iki 29 metų'
2025-02-03 10:39:22 [main] DEBUG l.i.u.p.SubmittedApplicationsPage - Checking option: 'Bedarbiai, kurie yra darbingo amžiaus neįgalieji, kuriems nustatytas 30–40 procentų darbingumo lygis arba vidutinis neįgalumo lygis'
2025-02-03 10:39:22 [main] DEBUG l.i.u.p.SubmittedApplicationsPage - Checking option: 'Bedarbiai, kurie yra darbingo amžiaus neįgalieji, kuriems nustatytas 30–40 procentų darbingumo lygis arba vidutinis neįgalumo lygis'
2025-02-03 10:39:22 [main] DEBUG l.i.u.p.SubmittedApplicationsPage - Checking option: 'Bedarbiai, kurie yra darbingo amžiaus neįgalieji, kuriems nustatytas 45–55 procentų darbingumo lygis arba lengvas neįgalumo lygis'
2025-02-03 10:39:22 [main] DEBUG l.i.u.p.SubmittedApplicationsPage - Checking option: 'Bedarbiai, kurie yra darbingo amžiaus neįgalieji, kuriems nustatytas 45–55 procentų darbingumo lygis arba lengvas neįgalumo lygis'
2025-02-03 10:39:22 [main] DEBUG l.i.u.p.SubmittedApplicationsPage - Checking option: 'Bedarbiai, kurie yra darbingo amžiaus neįgalieji, kuriems nustatytas iki 25 procentų darbingumo lygis arba sunkus neįgalumo lygis'
2025-02-03 10:39:22 [main] INFO  l.i.u.p.SubmittedApplicationsPage - Successfully selected the value: 'Bedarbiai, kurie yra darbingo amžiaus neįgalieji, kuriems nustatytas iki 25 procentų darbingumo lygis arba sunkus neįgalumo lygis'
2025-02-03 10:39:22 [main] INFO  l.i.u.p.SubmittedApplicationsPage - Attempting to close the dropdown.
2025-02-03 10:39:33 [main] INFO  l.i.u.p.SubmittedApplicationsPage - Dropdown should be closed now.
2025-02-03 10:39:33 [main] INFO  l.i.u.p.SubmittedApplicationsPage - Located the dropdown button.
2025-02-03 10:39:33 [main] INFO  l.i.u.p.SubmittedApplicationsPage - Successfully selected the value: 'Kita'
2025-02-03 10:39:43 [main] ERROR l.i.u.p.SubmittedApplicationsPage - Timeout while waiting for dropdown to close with aria-expanded = 'false'.
2025-02-03 10:39:43 [main] DEBUG l.i.u.t.SubmittedApplicationsPageTest - Selected the value: 'Kita'
2025-02-03 10:39:44 [main] DEBUG l.i.u.t.SubmittedApplicationsPageTest - Selected the value: '6 val. per dieną ir 4 d. per savaitę'
2025-02-03 10:39:44 [main] DEBUG l.i.u.t.SubmittedApplicationsPageTest - Entered Address into the input field.
2025-02-03 10:39:45 [main] INFO  l.i.u.p.SubmittedApplicationsPage - Located the dropdown button.
2025-02-03 10:39:46 [main] WARN  l.i.u.p.SubmittedApplicationsPage - Dropdown value 'Įsigyti' not found.
2025-02-03 10:40:06 [main] ERROR l.i.u.p.SubmittedApplicationsPage - Timeout while waiting for dropdown to close with aria-expanded = 'false'.
2025-02-03 10:40:06 [main] DEBUG l.i.u.t.SubmittedApplicationsPageTest - Selected the value: 'Įsigyti'
2025-02-03 10:40:06 [main] INFO  l.i.u.t.SubmittedApplicationsPageTest - Test 'testFillNewApplication' completed successfully.
2025-02-03 10:40:49 [main] INFO  lt.insoft.uztis.tests.UztisPageTest - Navigated to https://uztisdev.asseco.lt/home
2025-02-03 10:40:49 [main] INFO  l.i.u.t.SubmittedApplicationsPageTest - Starting test:'testFillNewApplication'
2025-02-03 10:40:49 [main] DEBUG l.i.u.t.SubmittedApplicationsPageTest - User logged in with test credentials
2025-02-03 10:40:50 [main] DEBUG l.i.u.t.SubmittedApplicationsPageTest - Opened 'Application Processing' menu.
2025-02-03 10:40:50 [main] DEBUG l.i.u.t.SubmittedApplicationsPageTest - Clicked on 'Application Forms' menu.
2025-02-03 10:40:50 [main] DEBUG l.i.u.t.SubmittedApplicationsPageTest - Retrieved last description code text: 'TST-VUI-27'.
2025-02-03 10:40:51 [main] DEBUG l.i.u.t.SubmittedApplicationsPageTest - Clicked on 'Invitation' menu.
2025-02-03 10:40:51 [main] DEBUG l.i.u.t.SubmittedApplicationsPageTest - Selected application section by code: 'TST-VUI-27'.
2025-02-03 10:40:52 [main] DEBUG l.i.u.t.SubmittedApplicationsPageTest - Clicked 'Search' button.
2025-02-03 10:40:52 [main] DEBUG l.i.u.t.SubmittedApplicationsPageTest - Retrieved invitation code: ''.
2025-02-03 10:40:52 [main] DEBUG l.i.u.t.SubmittedApplicationsPageTest - Clicked on 'Submitted Applications' menu.
2025-02-03 10:40:53 [main] DEBUG l.i.u.t.SubmittedApplicationsPageTest - Selected invitation by code: 'TST-VUI-27'.
2025-02-03 10:40:53 [main] DEBUG l.i.u.t.SubmittedApplicationsPageTest - Clicked on 'Action Application' button.
2025-02-03 10:40:53 [main] DEBUG l.i.u.t.SubmittedApplicationsPageTest - Clicked on 'New Application' button.
2025-02-03 10:40:53 [main] DEBUG l.i.u.t.SubmittedApplicationsPageTest - Clicked on 'RadioButtonFA' button.
2025-02-03 10:40:54 [main] DEBUG l.i.u.t.SubmittedApplicationsPageTest - Entered phone number into the input field.
2025-02-03 10:40:54 [main] DEBUG l.i.u.t.SubmittedApplicationsPageTest - Entered eMail into the input field.
2025-02-03 10:40:54 [main] INFO  l.i.u.p.SubmittedApplicationsPage - Located the dropdown button.
2025-02-03 10:41:12 [main] INFO  l.i.u.p.SubmittedApplicationsPage - Found 1741 options in the dropdown.
2025-02-03 10:41:12 [main] INFO  l.i.u.p.SubmittedApplicationsPage - Successfully selected the value: '01.11 - Grūdinių (išskyrus ryžius), ankštinių ir aliejingų sėklų augalų auginimas'
2025-02-03 10:41:22 [main] ERROR l.i.u.p.SubmittedApplicationsPage - Failed to close the dropdown with aria-expanded = 'false'. Attempting manual close.
2025-02-03 10:41:22 [main] INFO  l.i.u.p.SubmittedApplicationsPage - Manual close attempt for the dropdown using body click.
2025-02-03 10:41:23 [main] DEBUG l.i.u.t.SubmittedApplicationsPageTest - Entered Address into the input field.
2025-02-03 10:41:23 [main] DEBUG l.i.u.t.SubmittedApplicationsPageTest - Entered Address into the input field.
2025-02-03 10:41:23 [main] INFO  l.i.u.p.SubmittedApplicationsPage - Located the dropdown button.
2025-02-03 10:41:44 [main] ERROR l.i.u.t.SubmittedApplicationsPageTest - Test 'testFillNewApplication' failed with error: Expected condition failed: waiting for visibility of all elements located by By.xpath: //mat-option/span (tried for 20 second(s) with 500 milliseconds interval)
Build info: version: '4.27.0', revision: 'd6e718d134'
System info: os.name: 'Windows 11', os.arch: 'amd64', os.version: '10.0', java.version: '21.0.3'
Driver info: org.openqa.selenium.chrome.ChromeDriver
Capabilities {acceptInsecureCerts: false, browserName: chrome, browserVersion: 132.0.6834.160, chrome: {chromedriverVersion: 132.0.6834.159 (2d77d3fc445..., userDataDir: C:\Users\INGRID~1.ZAD\AppDa...}, fedcm:accounts: true, goog:chromeOptions: {debuggerAddress: localhost:60317}, networkConnectionEnabled: false, pageLoadStrategy: normal, platformName: windows, proxy: Proxy(), se:cdp: ws://localhost:60317/devtoo..., se:cdpVersion: 132.0.6834.160, setWindowRect: true, strictFileInteractability: false, timeouts: {implicit: 0, pageLoad: 300000, script: 30000}, unhandledPromptBehavior: dismiss and notify, webauthn:extension:credBlob: true, webauthn:extension:largeBlob: true, webauthn:extension:minPinLength: true, webauthn:extension:prf: true, webauthn:virtualAuthenticators: true}
Session ID: 3ac5f9b393d134d2501e9d1c4a0c7a97
org.openqa.selenium.TimeoutException: Expected condition failed: waiting for visibility of all elements located by By.xpath: //mat-option/span (tried for 20 second(s) with 500 milliseconds interval)
Build info: version: '4.27.0', revision: 'd6e718d134'
System info: os.name: 'Windows 11', os.arch: 'amd64', os.version: '10.0', java.version: '21.0.3'
Driver info: org.openqa.selenium.chrome.ChromeDriver
Capabilities {acceptInsecureCerts: false, browserName: chrome, browserVersion: 132.0.6834.160, chrome: {chromedriverVersion: 132.0.6834.159 (2d77d3fc445..., userDataDir: C:\Users\INGRID~1.ZAD\AppDa...}, fedcm:accounts: true, goog:chromeOptions: {debuggerAddress: localhost:60317}, networkConnectionEnabled: false, pageLoadStrategy: normal, platformName: windows, proxy: Proxy(), se:cdp: ws://localhost:60317/devtoo..., se:cdpVersion: 132.0.6834.160, setWindowRect: true, strictFileInteractability: false, timeouts: {implicit: 0, pageLoad: 300000, script: 30000}, unhandledPromptBehavior: dismiss and notify, webauthn:extension:credBlob: true, webauthn:extension:largeBlob: true, webauthn:extension:minPinLength: true, webauthn:extension:prf: true, webauthn:virtualAuthenticators: true}
Session ID: 3ac5f9b393d134d2501e9d1c4a0c7a97
	at org.openqa.selenium.support.ui.WebDriverWait.timeoutException(WebDriverWait.java:84)
	at org.openqa.selenium.support.ui.FluentWait.until(FluentWait.java:228)
	at lt.insoft.uztis.pages.SubmittedApplicationsPage.selectDropdownJobName(SubmittedApplicationsPage.java:312)
	at lt.insoft.uztis.tests.SubmittedApplicationsPageTest.testFillNewApplication(SubmittedApplicationsPageTest.java:173)
	at java.base/jdk.internal.reflect.DirectMethodHandleAccessor.invoke(DirectMethodHandleAccessor.java:103)
	at java.base/java.lang.reflect.Method.invoke(Method.java:580)
	at org.junit.platform.commons.util.ReflectionUtils.invokeMethod(ReflectionUtils.java:728)
	at org.junit.jupiter.engine.execution.MethodInvocation.proceed(MethodInvocation.java:60)
	at org.junit.jupiter.engine.execution.InvocationInterceptorChain$ValidatingInvocation.proceed(InvocationInterceptorChain.java:131)
	at org.junit.jupiter.engine.extension.TimeoutExtension.intercept(TimeoutExtension.java:156)
	at org.junit.jupiter.engine.extension.TimeoutExtension.interceptTestableMethod(TimeoutExtension.java:147)
	at org.junit.jupiter.engine.extension.TimeoutExtension.interceptTestMethod(TimeoutExtension.java:86)
	at org.junit.jupiter.engine.execution.InterceptingExecutableInvoker$ReflectiveInterceptorCall.lambda$ofVoidMethod$0(InterceptingExecutableInvoker.java:103)
	at org.junit.jupiter.engine.execution.InterceptingExecutableInvoker.lambda$invoke$0(InterceptingExecutableInvoker.java:93)
	at org.junit.jupiter.engine.execution.InvocationInterceptorChain$InterceptedInvocation.proceed(InvocationInterceptorChain.java:106)
	at org.junit.jupiter.engine.execution.InvocationInterceptorChain.proceed(InvocationInterceptorChain.java:64)
	at org.junit.jupiter.engine.execution.InvocationInterceptorChain.chainAndInvoke(InvocationInterceptorChain.java:45)
	at org.junit.jupiter.engine.execution.InvocationInterceptorChain.invoke(InvocationInterceptorChain.java:37)
	at org.junit.jupiter.engine.execution.InterceptingExecutableInvoker.invoke(InterceptingExecutableInvoker.java:92)
	at org.junit.jupiter.engine.execution.InterceptingExecutableInvoker.invoke(InterceptingExecutableInvoker.java:86)
	at org.junit.jupiter.engine.descriptor.TestMethodTestDescriptor.lambda$invokeTestMethod$7(TestMethodTestDescriptor.java:218)
	at org.junit.platform.engine.support.hierarchical.ThrowableCollector.execute(ThrowableCollector.java:73)
	at org.junit.jupiter.engine.descriptor.TestMethodTestDescriptor.invokeTestMethod(TestMethodTestDescriptor.java:214)
	at org.junit.jupiter.engine.descriptor.TestMethodTestDescriptor.execute(TestMethodTestDescriptor.java:139)
	at org.junit.jupiter.engine.descriptor.TestMethodTestDescriptor.execute(TestMethodTestDescriptor.java:69)
	at org.junit.platform.engine.support.hierarchical.NodeTestTask.lambda$executeRecursively$6(NodeTestTask.java:151)
	at org.junit.platform.engine.support.hierarchical.ThrowableCollector.execute(ThrowableCollector.java:73)
	at org.junit.platform.engine.support.hierarchical.NodeTestTask.lambda$executeRecursively$8(NodeTestTask.java:141)
	at org.junit.platform.engine.support.hierarchical.Node.around(Node.java:137)
	at org.junit.platform.engine.support.hierarchical.NodeTestTask.lambda$executeRecursively$9(NodeTestTask.java:139)
	at org.junit.platform.engine.support.hierarchical.ThrowableCollector.execute(ThrowableCollector.java:73)
	at org.junit.platform.engine.support.hierarchical.NodeTestTask.executeRecursively(NodeTestTask.java:138)
	at org.junit.platform.engine.support.hierarchical.NodeTestTask.execute(NodeTestTask.java:95)
	at java.base/java.util.ArrayList.forEach(ArrayList.java:1596)
	at org.junit.platform.engine.support.hierarchical.SameThreadHierarchicalTestExecutorService.invokeAll(SameThreadHierarchicalTestExecutorService.java:41)
	at org.junit.platform.engine.support.hierarchical.NodeTestTask.lambda$executeRecursively$6(NodeTestTask.java:155)
	at org.junit.platform.engine.support.hierarchical.ThrowableCollector.execute(ThrowableCollector.java:73)
	at org.junit.platform.engine.support.hierarchical.NodeTestTask.lambda$executeRecursively$8(NodeTestTask.java:141)
	at org.junit.platform.engine.support.hierarchical.Node.around(Node.java:137)
	at org.junit.platform.engine.support.hierarchical.NodeTestTask.lambda$executeRecursively$9(NodeTestTask.java:139)
	at org.junit.platform.engine.support.hierarchical.ThrowableCollector.execute(ThrowableCollector.java:73)
	at org.junit.platform.engine.support.hierarchical.NodeTestTask.executeRecursively(NodeTestTask.java:138)
	at org.junit.platform.engine.support.hierarchical.NodeTestTask.execute(NodeTestTask.java:95)
	at java.base/java.util.ArrayList.forEach(ArrayList.java:1596)
	at org.junit.platform.engine.support.hierarchical.SameThreadHierarchicalTestExecutorService.invokeAll(SameThreadHierarchicalTestExecutorService.java:41)
	at org.junit.platform.engine.support.hierarchical.NodeTestTask.lambda$executeRecursively$6(NodeTestTask.java:155)
	at org.junit.platform.engine.support.hierarchical.ThrowableCollector.execute(ThrowableCollector.java:73)
	at org.junit.platform.engine.support.hierarchical.NodeTestTask.lambda$executeRecursively$8(NodeTestTask.java:141)
	at org.junit.platform.engine.support.hierarchical.Node.around(Node.java:137)
	at org.junit.platform.engine.support.hierarchical.NodeTestTask.lambda$executeRecursively$9(NodeTestTask.java:139)
	at org.junit.platform.engine.support.hierarchical.ThrowableCollector.execute(ThrowableCollector.java:73)
	at org.junit.platform.engine.support.hierarchical.NodeTestTask.executeRecursively(NodeTestTask.java:138)
	at org.junit.platform.engine.support.hierarchical.NodeTestTask.execute(NodeTestTask.java:95)
	at org.junit.platform.engine.support.hierarchical.SameThreadHierarchicalTestExecutorService.submit(SameThreadHierarchicalTestExecutorService.java:35)
	at org.junit.platform.engine.support.hierarchical.HierarchicalTestExecutor.execute(HierarchicalTestExecutor.java:57)
	at org.junit.platform.engine.support.hierarchical.HierarchicalTestEngine.execute(HierarchicalTestEngine.java:54)
	at org.junit.platform.launcher.core.EngineExecutionOrchestrator.execute(EngineExecutionOrchestrator.java:198)
	at org.junit.platform.launcher.core.EngineExecutionOrchestrator.execute(EngineExecutionOrchestrator.java:169)
	at org.junit.platform.launcher.core.EngineExecutionOrchestrator.execute(EngineExecutionOrchestrator.java:93)
	at org.junit.platform.launcher.core.EngineExecutionOrchestrator.lambda$execute$0(EngineExecutionOrchestrator.java:58)
	at org.junit.platform.launcher.core.EngineExecutionOrchestrator.withInterceptedStreams(EngineExecutionOrchestrator.java:141)
	at org.junit.platform.launcher.core.EngineExecutionOrchestrator.execute(EngineExecutionOrchestrator.java:57)
	at org.junit.platform.launcher.core.DefaultLauncher.execute(DefaultLauncher.java:103)
	at org.junit.platform.launcher.core.DefaultLauncher.execute(DefaultLauncher.java:85)
	at org.junit.platform.launcher.core.DelegatingLauncher.execute(DelegatingLauncher.java:47)
	at org.junit.platform.launcher.core.SessionPerRequestLauncher.execute(SessionPerRequestLauncher.java:63)
	at com.intellij.junit5.JUnit5IdeaTestRunner.startRunnerWithArgs(JUnit5IdeaTestRunner.java:57)
	at com.intellij.rt.junit.IdeaTestRunner$Repeater$1.execute(IdeaTestRunner.java:38)
	at com.intellij.rt.execution.junit.TestsRepeater.repeat(TestsRepeater.java:11)
	at com.intellij.rt.junit.IdeaTestRunner$Repeater.startRunnerWithArgs(IdeaTestRunner.java:35)
	at com.intellij.rt.junit.JUnitStarter.prepareStreamsAndStart(JUnitStarter.java:232)
	at com.intellij.rt.junit.JUnitStarter.main(JUnitStarter.java:55)
2025-02-03 10:41:44 [main] INFO  l.insoft.uztis.tests.utils.TestUtils - Screenshot moved to C:\Users\ingrida.zadorozniene\Desktop\Asm\UZTIS\UZTIS_tests\test-output\screenshots\20250203\104144725_testFillNewApplication().png
2025-02-03 10:42:09 [main] INFO  lt.insoft.uztis.tests.UztisPageTest - Navigated to https://uztisdev.asseco.lt/home
2025-02-03 10:42:09 [main] INFO  l.i.u.t.SubmittedApplicationsPageTest - Starting test:'testFillNewApplication'
2025-02-03 10:42:09 [main] DEBUG l.i.u.t.SubmittedApplicationsPageTest - User logged in with test credentials
2025-02-03 10:42:10 [main] DEBUG l.i.u.t.SubmittedApplicationsPageTest - Opened 'Application Processing' menu.
2025-02-03 10:42:10 [main] DEBUG l.i.u.t.SubmittedApplicationsPageTest - Clicked on 'Application Forms' menu.
2025-02-03 10:42:10 [main] DEBUG l.i.u.t.SubmittedApplicationsPageTest - Retrieved last description code text: 'TST-VUI-27'.
2025-02-03 10:42:10 [main] DEBUG l.i.u.t.SubmittedApplicationsPageTest - Clicked on 'Invitation' menu.
2025-02-03 10:42:11 [main] DEBUG l.i.u.t.SubmittedApplicationsPageTest - Selected application section by code: 'TST-VUI-27'.
2025-02-03 10:42:11 [main] DEBUG l.i.u.t.SubmittedApplicationsPageTest - Clicked 'Search' button.
2025-02-03 10:42:11 [main] DEBUG l.i.u.t.SubmittedApplicationsPageTest - Retrieved invitation code: ''.
2025-02-03 10:42:12 [main] DEBUG l.i.u.t.SubmittedApplicationsPageTest - Clicked on 'Submitted Applications' menu.
2025-02-03 10:42:13 [main] DEBUG l.i.u.t.SubmittedApplicationsPageTest - Selected invitation by code: 'TST-VUI-27'.
2025-02-03 10:42:13 [main] DEBUG l.i.u.t.SubmittedApplicationsPageTest - Clicked on 'Action Application' button.
2025-02-03 10:42:13 [main] DEBUG l.i.u.t.SubmittedApplicationsPageTest - Clicked on 'New Application' button.
2025-02-03 10:42:14 [main] DEBUG l.i.u.t.SubmittedApplicationsPageTest - Clicked on 'RadioButtonFA' button.
2025-02-03 10:42:14 [main] DEBUG l.i.u.t.SubmittedApplicationsPageTest - Entered phone number into the input field.
2025-02-03 10:42:14 [main] DEBUG l.i.u.t.SubmittedApplicationsPageTest - Entered eMail into the input field.
2025-02-03 10:42:14 [main] INFO  l.i.u.p.SubmittedApplicationsPage - Located the dropdown button.
2025-02-03 10:42:34 [main] INFO  l.i.u.p.SubmittedApplicationsPage - Found 1741 options in the dropdown.
2025-02-03 10:42:34 [main] INFO  l.i.u.p.SubmittedApplicationsPage - Successfully selected the value: '01.11 - Grūdinių (išskyrus ryžius), ankštinių ir aliejingų sėklų augalų auginimas'
2025-02-03 10:42:45 [main] ERROR l.i.u.p.SubmittedApplicationsPage - Failed to close the dropdown with aria-expanded = 'false'. Attempting manual close.
2025-02-03 10:42:45 [main] INFO  l.i.u.p.SubmittedApplicationsPage - Manual close attempt for the dropdown using body click.
2025-02-03 10:42:45 [main] DEBUG l.i.u.t.SubmittedApplicationsPageTest - Entered Address into the input field.
2025-02-03 10:42:45 [main] DEBUG l.i.u.t.SubmittedApplicationsPageTest - Entered Address into the input field.
2025-02-03 10:42:46 [main] INFO  l.i.u.p.SubmittedApplicationsPage - Located the dropdown button.
2025-02-03 10:42:47 [main] INFO  l.i.u.p.SubmittedApplicationsPage - Successfully selected the value: 'Administratoriai'
2025-02-03 10:43:07 [main] ERROR l.i.u.p.SubmittedApplicationsPage - Timeout while waiting for dropdown to close with aria-expanded = 'false'.
2025-02-03 10:43:07 [main] DEBUG l.i.u.t.SubmittedApplicationsPageTest - Selected the value: 'Administratoriai'
2025-02-03 10:43:07 [main] INFO  l.i.u.p.SubmittedApplicationsPage - Clicking on the dropdown button.
2025-02-03 10:43:08 [main] INFO  l.i.u.p.SubmittedApplicationsPage - Found 34 options in the dropdown.
2025-02-03 10:43:08 [main] DEBUG l.i.u.p.SubmittedApplicationsPage - Checking option: 'Asmenys, kuriems suteiktas pabėgėlio statusas ar perkeliamojo asmens statusas, arba asmenys, kuriems suteikta papildoma ar laikinoji apsauga, ir asmenys, turintys teisę gauti laikinąją apsaugą, iki sprendimo dėl laikinosios apsaugos suteikimo (nesuteikimo) priėmimo, tačiau ne ilgiau kaip laikinosios apsaugos laikotarpiu'
2025-02-03 10:43:08 [main] DEBUG l.i.u.p.SubmittedApplicationsPage - Checking option: 'Asmenys, kuriems suteiktas pabėgėlio statusas ar perkeliamojo asmens statusas, arba asmenys, kuriems suteikta papildoma ar laikinoji apsauga, ir asmenys, turintys teisę gauti laikinąją apsaugą, iki sprendimo dėl laikinosios apsaugos suteikimo (nesuteikimo) priėmimo, tačiau ne ilgiau kaip laikinosios apsaugos laikotarpiu'
2025-02-03 10:43:08 [main] DEBUG l.i.u.p.SubmittedApplicationsPage - Checking option: 'Asmenys, turintys teisę į papildomas užimtumo garantijas pagal Lietuvos Respublikos valstybės įmonės Ignalinos atominės elektrinės darbuotojų papildomų užimtumo ir socialinių garantijų įstatymą'
2025-02-03 10:43:08 [main] DEBUG l.i.u.p.SubmittedApplicationsPage - Checking option: 'Asmenys, turintys teisę į papildomas užimtumo garantijas pagal Lietuvos Respublikos valstybės įmonės Ignalinos atominės elektrinės darbuotojų papildomų užimtumo ir socialinių garantijų įstatymą'
2025-02-03 10:43:08 [main] DEBUG l.i.u.p.SubmittedApplicationsPage - Checking option: 'Bedarbiai iki 29 metų'
2025-02-03 10:43:08 [main] DEBUG l.i.u.p.SubmittedApplicationsPage - Checking option: 'Bedarbiai iki 29 metų'
2025-02-03 10:43:08 [main] DEBUG l.i.u.p.SubmittedApplicationsPage - Checking option: 'Bedarbiai, kurie yra darbingo amžiaus neįgalieji, kuriems nustatytas 30–40 procentų darbingumo lygis arba vidutinis neįgalumo lygis'
2025-02-03 10:43:08 [main] DEBUG l.i.u.p.SubmittedApplicationsPage - Checking option: 'Bedarbiai, kurie yra darbingo amžiaus neįgalieji, kuriems nustatytas 30–40 procentų darbingumo lygis arba vidutinis neįgalumo lygis'
2025-02-03 10:43:08 [main] DEBUG l.i.u.p.SubmittedApplicationsPage - Checking option: 'Bedarbiai, kurie yra darbingo amžiaus neįgalieji, kuriems nustatytas 45–55 procentų darbingumo lygis arba lengvas neįgalumo lygis'
2025-02-03 10:43:08 [main] DEBUG l.i.u.p.SubmittedApplicationsPage - Checking option: 'Bedarbiai, kurie yra darbingo amžiaus neįgalieji, kuriems nustatytas 45–55 procentų darbingumo lygis arba lengvas neįgalumo lygis'
2025-02-03 10:43:08 [main] DEBUG l.i.u.p.SubmittedApplicationsPage - Checking option: 'Bedarbiai, kurie yra darbingo amžiaus neįgalieji, kuriems nustatytas iki 25 procentų darbingumo lygis arba sunkus neįgalumo lygis'
2025-02-03 10:43:08 [main] INFO  l.i.u.p.SubmittedApplicationsPage - Successfully selected the value: 'Bedarbiai, kurie yra darbingo amžiaus neįgalieji, kuriems nustatytas iki 25 procentų darbingumo lygis arba sunkus neįgalumo lygis'
2025-02-03 10:43:08 [main] INFO  l.i.u.p.SubmittedApplicationsPage - Attempting to close the dropdown.
2025-02-03 10:43:19 [main] INFO  l.i.u.p.SubmittedApplicationsPage - Dropdown should be closed now.
2025-02-03 10:43:19 [main] INFO  l.i.u.p.SubmittedApplicationsPage - Located the dropdown button.
2025-02-03 10:43:19 [main] INFO  l.i.u.p.SubmittedApplicationsPage - Successfully selected the value: 'Kita'
2025-02-03 10:43:29 [main] ERROR l.i.u.p.SubmittedApplicationsPage - Timeout while waiting for dropdown to close with aria-expanded = 'false'.
2025-02-03 10:43:29 [main] DEBUG l.i.u.t.SubmittedApplicationsPageTest - Selected the value: 'Kita'
2025-02-03 10:43:30 [main] DEBUG l.i.u.t.SubmittedApplicationsPageTest - Selected the value: '6 val. per dieną ir 4 d. per savaitę'
2025-02-03 10:43:30 [main] DEBUG l.i.u.t.SubmittedApplicationsPageTest - Entered Address into the input field.
2025-02-03 10:43:32 [main] INFO  l.i.u.p.SubmittedApplicationsPage - Located the dropdown button.
2025-02-03 10:43:32 [main] INFO  l.i.u.p.SubmittedApplicationsPage - Successfully selected the value: 'Įsigyti'
2025-02-03 10:43:53 [main] ERROR l.i.u.p.SubmittedApplicationsPage - Timeout while waiting for dropdown to close with aria-expanded = 'false'.
2025-02-03 10:43:53 [main] DEBUG l.i.u.t.SubmittedApplicationsPageTest - Selected the value: 'Įsigyti'
2025-02-03 10:43:53 [main] INFO  l.i.u.t.SubmittedApplicationsPageTest - Test 'testFillNewApplication' completed successfully.
2025-02-03 11:48:22 [main] INFO  lt.insoft.uztis.tests.UztisPageTest - Navigated to https://uztisdev.asseco.lt/home
2025-02-03 11:48:22 [main] INFO  l.i.u.t.SubmittedApplicationsPageTest - Starting test:'testFillNewApplication'
2025-02-03 11:48:23 [main] DEBUG l.i.u.t.SubmittedApplicationsPageTest - User logged in with test credentials
2025-02-03 11:48:23 [main] DEBUG l.i.u.t.SubmittedApplicationsPageTest - Opened 'Application Processing' menu.
2025-02-03 11:48:23 [main] DEBUG l.i.u.t.SubmittedApplicationsPageTest - Clicked on 'Application Forms' menu.
2025-02-03 11:48:24 [main] DEBUG l.i.u.t.SubmittedApplicationsPageTest - Retrieved last description code text: 'TST-VUI-27'.
2025-02-03 11:48:24 [main] DEBUG l.i.u.t.SubmittedApplicationsPageTest - Clicked on 'Invitation' menu.
2025-02-03 11:48:25 [main] DEBUG l.i.u.t.SubmittedApplicationsPageTest - Selected application section by code: 'TST-VUI-27'.
2025-02-03 11:48:25 [main] DEBUG l.i.u.t.SubmittedApplicationsPageTest - Clicked 'Search' button.
2025-02-03 11:48:25 [main] DEBUG l.i.u.t.SubmittedApplicationsPageTest - Retrieved invitation code: ''.
2025-02-03 11:48:25 [main] DEBUG l.i.u.t.SubmittedApplicationsPageTest - Clicked on 'Submitted Applications' menu.
2025-02-03 11:48:26 [main] DEBUG l.i.u.t.SubmittedApplicationsPageTest - Selected invitation by code: 'TST-VUI-27'.
2025-02-03 11:48:26 [main] DEBUG l.i.u.t.SubmittedApplicationsPageTest - Clicked on 'Action Application' button.
2025-02-03 11:48:26 [main] DEBUG l.i.u.t.SubmittedApplicationsPageTest - Clicked on 'New Application' button.
2025-02-03 11:48:27 [main] DEBUG l.i.u.t.SubmittedApplicationsPageTest - Clicked on 'RadioButtonFA' button.
2025-02-03 11:48:27 [main] DEBUG l.i.u.t.SubmittedApplicationsPageTest - Entered phone number into the input field.
2025-02-03 11:48:27 [main] DEBUG l.i.u.t.SubmittedApplicationsPageTest - Entered eMail into the input field.
2025-02-03 11:48:27 [main] INFO  l.i.u.p.SubmittedApplicationsPage - Located the dropdown button.
2025-02-03 11:48:44 [main] INFO  l.i.u.p.SubmittedApplicationsPage - Found 1741 options in the dropdown.
2025-02-03 11:48:44 [main] INFO  l.i.u.p.SubmittedApplicationsPage - Successfully selected the value: '01.11 - Grūdinių (išskyrus ryžius), ankštinių ir aliejingų sėklų augalų auginimas'
2025-02-03 11:48:54 [main] ERROR l.i.u.p.SubmittedApplicationsPage - Failed to close the dropdown with aria-expanded = 'false'. Attempting manual close.
2025-02-03 11:48:54 [main] INFO  l.i.u.p.SubmittedApplicationsPage - Manual close attempt for the dropdown using body click.
2025-02-03 11:48:54 [main] DEBUG l.i.u.t.SubmittedApplicationsPageTest - Entered Address into the input field.
2025-02-03 11:48:55 [main] DEBUG l.i.u.t.SubmittedApplicationsPageTest - Entered Address into the input field.
2025-02-03 11:48:55 [main] INFO  l.i.u.p.SubmittedApplicationsPage - Located the dropdown button.
2025-02-03 11:48:56 [main] INFO  l.i.u.p.SubmittedApplicationsPage - Successfully selected the value: 'Administratoriai'
2025-02-03 11:49:17 [main] ERROR l.i.u.p.SubmittedApplicationsPage - Timeout while waiting for dropdown to close with aria-expanded = 'false'.
2025-02-03 11:49:17 [main] DEBUG l.i.u.t.SubmittedApplicationsPageTest - Selected the value: 'Administratoriai'
2025-02-03 11:49:17 [main] INFO  l.i.u.p.SubmittedApplicationsPage - Clicking on the dropdown button.
2025-02-03 11:49:18 [main] INFO  l.i.u.p.SubmittedApplicationsPage - Found 34 options in the dropdown.
2025-02-03 11:49:18 [main] DEBUG l.i.u.p.SubmittedApplicationsPage - Checking option: 'Asmenys, kuriems suteiktas pabėgėlio statusas ar perkeliamojo asmens statusas, arba asmenys, kuriems suteikta papildoma ar laikinoji apsauga, ir asmenys, turintys teisę gauti laikinąją apsaugą, iki sprendimo dėl laikinosios apsaugos suteikimo (nesuteikimo) priėmimo, tačiau ne ilgiau kaip laikinosios apsaugos laikotarpiu'
2025-02-03 11:49:18 [main] DEBUG l.i.u.p.SubmittedApplicationsPage - Checking option: 'Asmenys, kuriems suteiktas pabėgėlio statusas ar perkeliamojo asmens statusas, arba asmenys, kuriems suteikta papildoma ar laikinoji apsauga, ir asmenys, turintys teisę gauti laikinąją apsaugą, iki sprendimo dėl laikinosios apsaugos suteikimo (nesuteikimo) priėmimo, tačiau ne ilgiau kaip laikinosios apsaugos laikotarpiu'
2025-02-03 11:49:18 [main] DEBUG l.i.u.p.SubmittedApplicationsPage - Checking option: 'Asmenys, turintys teisę į papildomas užimtumo garantijas pagal Lietuvos Respublikos valstybės įmonės Ignalinos atominės elektrinės darbuotojų papildomų užimtumo ir socialinių garantijų įstatymą'
2025-02-03 11:49:18 [main] DEBUG l.i.u.p.SubmittedApplicationsPage - Checking option: 'Asmenys, turintys teisę į papildomas užimtumo garantijas pagal Lietuvos Respublikos valstybės įmonės Ignalinos atominės elektrinės darbuotojų papildomų užimtumo ir socialinių garantijų įstatymą'
2025-02-03 11:49:18 [main] DEBUG l.i.u.p.SubmittedApplicationsPage - Checking option: 'Bedarbiai iki 29 metų'
2025-02-03 11:49:18 [main] DEBUG l.i.u.p.SubmittedApplicationsPage - Checking option: 'Bedarbiai iki 29 metų'
2025-02-03 11:49:18 [main] DEBUG l.i.u.p.SubmittedApplicationsPage - Checking option: 'Bedarbiai, kurie yra darbingo amžiaus neįgalieji, kuriems nustatytas 30–40 procentų darbingumo lygis arba vidutinis neįgalumo lygis'
2025-02-03 11:49:18 [main] DEBUG l.i.u.p.SubmittedApplicationsPage - Checking option: 'Bedarbiai, kurie yra darbingo amžiaus neįgalieji, kuriems nustatytas 30–40 procentų darbingumo lygis arba vidutinis neįgalumo lygis'
2025-02-03 11:49:18 [main] DEBUG l.i.u.p.SubmittedApplicationsPage - Checking option: 'Bedarbiai, kurie yra darbingo amžiaus neįgalieji, kuriems nustatytas 45–55 procentų darbingumo lygis arba lengvas neįgalumo lygis'
2025-02-03 11:49:18 [main] DEBUG l.i.u.p.SubmittedApplicationsPage - Checking option: 'Bedarbiai, kurie yra darbingo amžiaus neįgalieji, kuriems nustatytas 45–55 procentų darbingumo lygis arba lengvas neįgalumo lygis'
2025-02-03 11:49:18 [main] DEBUG l.i.u.p.SubmittedApplicationsPage - Checking option: 'Bedarbiai, kurie yra darbingo amžiaus neįgalieji, kuriems nustatytas iki 25 procentų darbingumo lygis arba sunkus neįgalumo lygis'
2025-02-03 11:49:18 [main] INFO  l.i.u.p.SubmittedApplicationsPage - Successfully selected the value: 'Bedarbiai, kurie yra darbingo amžiaus neįgalieji, kuriems nustatytas iki 25 procentų darbingumo lygis arba sunkus neįgalumo lygis'
2025-02-03 11:49:18 [main] INFO  l.i.u.p.SubmittedApplicationsPage - Attempting to close the dropdown.
2025-02-03 11:49:29 [main] INFO  l.i.u.p.SubmittedApplicationsPage - Dropdown should be closed now.
2025-02-03 11:49:29 [main] INFO  l.i.u.p.SubmittedApplicationsPage - Located the dropdown button.
2025-02-03 11:49:29 [main] INFO  l.i.u.p.SubmittedApplicationsPage - Successfully selected the value: 'Kita'
2025-02-03 11:49:40 [main] ERROR l.i.u.p.SubmittedApplicationsPage - Timeout while waiting for dropdown to close with aria-expanded = 'false'.
2025-02-03 11:49:40 [main] DEBUG l.i.u.t.SubmittedApplicationsPageTest - Selected the value: 'Kita'
2025-02-03 11:49:40 [main] DEBUG l.i.u.t.SubmittedApplicationsPageTest - Selected the value: '6 val. per dieną ir 4 d. per savaitę'
2025-02-03 11:49:40 [main] DEBUG l.i.u.t.SubmittedApplicationsPageTest - Entered Address into the input field.
2025-02-03 11:49:42 [main] INFO  l.i.u.p.SubmittedApplicationsPage - Located the dropdown button.
2025-02-03 11:49:43 [main] INFO  l.i.u.p.SubmittedApplicationsPage - Successfully selected the value: 'Įsigyti'
2025-02-03 11:50:03 [main] ERROR l.i.u.p.SubmittedApplicationsPage - Timeout while waiting for dropdown to close with aria-expanded = 'false'.
2025-02-03 11:50:03 [main] DEBUG l.i.u.t.SubmittedApplicationsPageTest - Selected the value: 'Įsigyti'
2025-02-03 11:50:03 [main] DEBUG l.i.u.t.SubmittedApplicationsPageTest - Entered Address into the input field.
2025-02-03 11:50:03 [main] DEBUG l.i.u.t.SubmittedApplicationsPageTest - Entered Address into the input field.
2025-02-03 11:50:03 [main] DEBUG l.i.u.t.SubmittedApplicationsPageTest - Entered Address into the input field.
2025-02-03 11:50:03 [main] DEBUG l.i.u.t.SubmittedApplicationsPageTest - Entered Address into the input field.
2025-02-03 11:50:04 [main] DEBUG l.i.u.t.SubmittedApplicationsPageTest - Entered Address into the input field.
2025-02-03 11:50:04 [main] DEBUG l.i.u.t.SubmittedApplicationsPageTest - Entered Address into the input field.
2025-02-03 11:50:04 [main] DEBUG l.i.u.t.SubmittedApplicationsPageTest - Entered Address into the input field.
2025-02-03 11:50:04 [main] INFO  l.i.u.t.SubmittedApplicationsPageTest - Test 'testFillNewApplication' completed successfully.
2025-02-03 12:03:10 [main] INFO  lt.insoft.uztis.tests.UztisPageTest - Navigated to https://uztisdev.asseco.lt/home
2025-02-03 12:03:10 [main] INFO  l.i.u.t.SubmittedApplicationsPageTest - Starting test:'testFillNewApplication'
2025-02-03 12:03:10 [main] DEBUG l.i.u.t.SubmittedApplicationsPageTest - User logged in with test credentials
2025-02-03 12:03:10 [main] DEBUG l.i.u.t.SubmittedApplicationsPageTest - Opened 'Application Processing' menu.
2025-02-03 12:03:11 [main] DEBUG l.i.u.t.SubmittedApplicationsPageTest - Clicked on 'Application Forms' menu.
2025-02-03 12:03:11 [main] DEBUG l.i.u.t.SubmittedApplicationsPageTest - Retrieved last description code text: 'TST-VUI-27'.
2025-02-03 12:03:11 [main] DEBUG l.i.u.t.SubmittedApplicationsPageTest - Clicked on 'Invitation' menu.
2025-02-03 12:03:12 [main] DEBUG l.i.u.t.SubmittedApplicationsPageTest - Selected application section by code: 'TST-VUI-27'.
2025-02-03 12:03:12 [main] DEBUG l.i.u.t.SubmittedApplicationsPageTest - Clicked 'Search' button.
2025-02-03 12:03:12 [main] DEBUG l.i.u.t.SubmittedApplicationsPageTest - Retrieved invitation code: ''.
2025-02-03 12:03:12 [main] DEBUG l.i.u.t.SubmittedApplicationsPageTest - Clicked on 'Submitted Applications' menu.
2025-02-03 12:03:13 [main] DEBUG l.i.u.t.SubmittedApplicationsPageTest - Selected invitation by code: 'TST-VUI-27'.
2025-02-03 12:03:13 [main] DEBUG l.i.u.t.SubmittedApplicationsPageTest - Clicked on 'Action Application' button.
2025-02-03 12:03:14 [main] DEBUG l.i.u.t.SubmittedApplicationsPageTest - Clicked on 'New Application' button.
2025-02-03 12:03:14 [main] DEBUG l.i.u.t.SubmittedApplicationsPageTest - Clicked on 'RadioButtonFA' button.
2025-02-03 12:03:14 [main] DEBUG l.i.u.t.SubmittedApplicationsPageTest - Entered phone number into the input field.
2025-02-03 12:03:14 [main] DEBUG l.i.u.t.SubmittedApplicationsPageTest - Entered eMail into the input field.
2025-02-03 12:03:14 [main] INFO  l.i.u.p.SubmittedApplicationsPage - Located the dropdown button.
2025-02-03 12:03:34 [main] INFO  l.i.u.p.SubmittedApplicationsPage - Found 1741 options in the dropdown.
2025-02-03 12:03:34 [main] INFO  l.i.u.p.SubmittedApplicationsPage - Successfully selected the value: '01.11 - Grūdinių (išskyrus ryžius), ankštinių ir aliejingų sėklų augalų auginimas'
2025-02-03 12:03:44 [main] ERROR l.i.u.p.SubmittedApplicationsPage - Failed to close the dropdown with aria-expanded = 'false'. Attempting manual close.
2025-02-03 12:03:44 [main] INFO  l.i.u.p.SubmittedApplicationsPage - Manual close attempt for the dropdown using body click.
2025-02-03 12:03:45 [main] DEBUG l.i.u.t.SubmittedApplicationsPageTest - Entered Address into the input field.
2025-02-03 12:03:45 [main] DEBUG l.i.u.t.SubmittedApplicationsPageTest - Entered Address into the input field.
2025-02-03 12:03:45 [main] INFO  l.i.u.p.SubmittedApplicationsPage - Located the dropdown button.
2025-02-03 12:03:47 [main] INFO  l.i.u.p.SubmittedApplicationsPage - Successfully selected the value: 'Administratoriai'
2025-02-03 12:04:07 [main] ERROR l.i.u.p.SubmittedApplicationsPage - Timeout while waiting for dropdown to close with aria-expanded = 'false'.
2025-02-03 12:04:07 [main] DEBUG l.i.u.t.SubmittedApplicationsPageTest - Selected the value: 'Administratoriai'
2025-02-03 12:04:07 [main] INFO  l.i.u.p.SubmittedApplicationsPage - Clicking on the dropdown button.
2025-02-03 12:04:08 [main] INFO  l.i.u.p.SubmittedApplicationsPage - Found 34 options in the dropdown.
2025-02-03 12:04:08 [main] DEBUG l.i.u.p.SubmittedApplicationsPage - Checking option: 'Asmenys, kuriems suteiktas pabėgėlio statusas ar perkeliamojo asmens statusas, arba asmenys, kuriems suteikta papildoma ar laikinoji apsauga, ir asmenys, turintys teisę gauti laikinąją apsaugą, iki sprendimo dėl laikinosios apsaugos suteikimo (nesuteikimo) priėmimo, tačiau ne ilgiau kaip laikinosios apsaugos laikotarpiu'
2025-02-03 12:04:08 [main] DEBUG l.i.u.p.SubmittedApplicationsPage - Checking option: 'Asmenys, kuriems suteiktas pabėgėlio statusas ar perkeliamojo asmens statusas, arba asmenys, kuriems suteikta papildoma ar laikinoji apsauga, ir asmenys, turintys teisę gauti laikinąją apsaugą, iki sprendimo dėl laikinosios apsaugos suteikimo (nesuteikimo) priėmimo, tačiau ne ilgiau kaip laikinosios apsaugos laikotarpiu'
2025-02-03 12:04:08 [main] DEBUG l.i.u.p.SubmittedApplicationsPage - Checking option: 'Asmenys, turintys teisę į papildomas užimtumo garantijas pagal Lietuvos Respublikos valstybės įmonės Ignalinos atominės elektrinės darbuotojų papildomų užimtumo ir socialinių garantijų įstatymą'
2025-02-03 12:04:08 [main] DEBUG l.i.u.p.SubmittedApplicationsPage - Checking option: 'Asmenys, turintys teisę į papildomas užimtumo garantijas pagal Lietuvos Respublikos valstybės įmonės Ignalinos atominės elektrinės darbuotojų papildomų užimtumo ir socialinių garantijų įstatymą'
2025-02-03 12:04:08 [main] DEBUG l.i.u.p.SubmittedApplicationsPage - Checking option: 'Bedarbiai iki 29 metų'
2025-02-03 12:04:08 [main] DEBUG l.i.u.p.SubmittedApplicationsPage - Checking option: 'Bedarbiai iki 29 metų'
2025-02-03 12:04:08 [main] DEBUG l.i.u.p.SubmittedApplicationsPage - Checking option: 'Bedarbiai, kurie yra darbingo amžiaus neįgalieji, kuriems nustatytas 30–40 procentų darbingumo lygis arba vidutinis neįgalumo lygis'
2025-02-03 12:04:08 [main] DEBUG l.i.u.p.SubmittedApplicationsPage - Checking option: 'Bedarbiai, kurie yra darbingo amžiaus neįgalieji, kuriems nustatytas 30–40 procentų darbingumo lygis arba vidutinis neįgalumo lygis'
2025-02-03 12:04:08 [main] DEBUG l.i.u.p.SubmittedApplicationsPage - Checking option: 'Bedarbiai, kurie yra darbingo amžiaus neįgalieji, kuriems nustatytas 45–55 procentų darbingumo lygis arba lengvas neįgalumo lygis'
2025-02-03 12:04:08 [main] DEBUG l.i.u.p.SubmittedApplicationsPage - Checking option: 'Bedarbiai, kurie yra darbingo amžiaus neįgalieji, kuriems nustatytas 45–55 procentų darbingumo lygis arba lengvas neįgalumo lygis'
2025-02-03 12:04:08 [main] DEBUG l.i.u.p.SubmittedApplicationsPage - Checking option: 'Bedarbiai, kurie yra darbingo amžiaus neįgalieji, kuriems nustatytas iki 25 procentų darbingumo lygis arba sunkus neįgalumo lygis'
2025-02-03 12:04:08 [main] INFO  l.i.u.p.SubmittedApplicationsPage - Successfully selected the value: 'Bedarbiai, kurie yra darbingo amžiaus neįgalieji, kuriems nustatytas iki 25 procentų darbingumo lygis arba sunkus neįgalumo lygis'
2025-02-03 12:04:08 [main] INFO  l.i.u.p.SubmittedApplicationsPage - Attempting to close the dropdown.
2025-02-03 12:04:19 [main] INFO  l.i.u.p.SubmittedApplicationsPage - Dropdown should be closed now.
2025-02-03 12:04:19 [main] INFO  l.i.u.p.SubmittedApplicationsPage - Located the dropdown button.
2025-02-03 12:04:20 [main] INFO  l.i.u.p.SubmittedApplicationsPage - Successfully selected the value: 'Kita'
2025-02-03 12:04:30 [main] ERROR l.i.u.p.SubmittedApplicationsPage - Timeout while waiting for dropdown to close with aria-expanded = 'false'.
2025-02-03 12:04:30 [main] DEBUG l.i.u.t.SubmittedApplicationsPageTest - Selected the value: 'Kita'
2025-02-03 12:04:30 [main] DEBUG l.i.u.t.SubmittedApplicationsPageTest - Selected the value: '6 val. per dieną ir 4 d. per savaitę'
2025-02-03 12:04:31 [main] DEBUG l.i.u.t.SubmittedApplicationsPageTest - Entered Address into the input field.
2025-02-03 12:04:32 [main] INFO  l.i.u.p.SubmittedApplicationsPage - Located the dropdown button.
2025-02-03 12:04:33 [main] INFO  l.i.u.p.SubmittedApplicationsPage - Successfully selected the value: 'Įsigyti'
2025-02-03 12:04:53 [main] ERROR l.i.u.p.SubmittedApplicationsPage - Timeout while waiting for dropdown to close with aria-expanded = 'false'.
2025-02-03 12:04:53 [main] DEBUG l.i.u.t.SubmittedApplicationsPageTest - Selected the value: 'Įsigyti'
2025-02-03 12:04:53 [main] DEBUG l.i.u.t.SubmittedApplicationsPageTest - Selected the value: 'Darbo priemonė 1'
2025-02-03 12:04:53 [main] DEBUG l.i.u.t.SubmittedApplicationsPageTest - Selected the value: 'Darbo priemonės 1 parametras 1'
2025-02-03 12:04:54 [main] DEBUG l.i.u.t.SubmittedApplicationsPageTest - Selected the value: 'Darbo priemonės 1 parametras 2'
2025-02-03 12:04:54 [main] DEBUG l.i.u.t.SubmittedApplicationsPageTest - Selected the value: 'Darbo priemonės 1 parametras 3'
2025-02-03 12:04:54 [main] DEBUG l.i.u.t.SubmittedApplicationsPageTest - Entered Address into the input field.
2025-02-03 12:04:54 [main] DEBUG l.i.u.t.SubmittedApplicationsPageTest - Entered Address into the input field.
2025-02-03 12:04:54 [main] DEBUG l.i.u.t.SubmittedApplicationsPageTest - Entered Address into the input field.
2025-02-03 12:04:55 [main] DEBUG l.i.u.t.SubmittedApplicationsPageTest - Entered Address into the input field.
2025-02-03 12:04:55 [main] DEBUG l.i.u.t.SubmittedApplicationsPageTest - Entered Address into the input field.
2025-02-03 12:04:55 [main] DEBUG l.i.u.t.SubmittedApplicationsPageTest - Entered Address into the input field.
2025-02-03 12:04:56 [main] DEBUG l.i.u.t.SubmittedApplicationsPageTest - Entered Address into the input field.
2025-02-03 12:04:56 [main] INFO  l.i.u.t.SubmittedApplicationsPageTest - Test 'testFillNewApplication' completed successfully.
2025-02-03 12:11:26 [main] INFO  lt.insoft.uztis.tests.UztisPageTest - Navigated to https://uztisdev.asseco.lt/home
2025-02-03 12:11:26 [main] INFO  l.i.u.t.SubmittedApplicationsPageTest - Starting test:'testFillNewApplication'
2025-02-03 12:11:27 [main] DEBUG l.i.u.t.SubmittedApplicationsPageTest - User logged in with test credentials
2025-02-03 12:11:27 [main] DEBUG l.i.u.t.SubmittedApplicationsPageTest - Opened 'Application Processing' menu.
2025-02-03 12:11:27 [main] DEBUG l.i.u.t.SubmittedApplicationsPageTest - Clicked on 'Application Forms' menu.
2025-02-03 12:11:27 [main] DEBUG l.i.u.t.SubmittedApplicationsPageTest - Retrieved last description code text: 'TST-VUI-27'.
2025-02-03 12:11:27 [main] DEBUG l.i.u.t.SubmittedApplicationsPageTest - Clicked on 'Invitation' menu.
2025-02-03 12:11:28 [main] DEBUG l.i.u.t.SubmittedApplicationsPageTest - Selected application section by code: 'TST-VUI-27'.
2025-02-03 12:11:28 [main] DEBUG l.i.u.t.SubmittedApplicationsPageTest - Clicked 'Search' button.
2025-02-03 12:11:28 [main] DEBUG l.i.u.t.SubmittedApplicationsPageTest - Retrieved invitation code: ''.
2025-02-03 12:11:28 [main] DEBUG l.i.u.t.SubmittedApplicationsPageTest - Clicked on 'Submitted Applications' menu.
2025-02-03 12:11:29 [main] DEBUG l.i.u.t.SubmittedApplicationsPageTest - Selected invitation by code: 'TST-VUI-27'.
2025-02-03 12:11:30 [main] DEBUG l.i.u.t.SubmittedApplicationsPageTest - Clicked on 'Action Application' button.
2025-02-03 12:11:30 [main] DEBUG l.i.u.t.SubmittedApplicationsPageTest - Clicked on 'New Application' button.
2025-02-03 12:11:30 [main] DEBUG l.i.u.t.SubmittedApplicationsPageTest - Clicked on 'RadioButtonFA' button.
2025-02-03 12:11:30 [main] DEBUG l.i.u.t.SubmittedApplicationsPageTest - Entered phone number into the input field.
2025-02-03 12:11:31 [main] DEBUG l.i.u.t.SubmittedApplicationsPageTest - Entered eMail into the input field.
2025-02-03 12:11:31 [main] INFO  l.i.u.p.SubmittedApplicationsPage - Located the dropdown button.
2025-02-03 12:11:49 [main] INFO  l.i.u.p.SubmittedApplicationsPage - Found 1741 options in the dropdown.
2025-02-03 12:11:49 [main] INFO  l.i.u.p.SubmittedApplicationsPage - Successfully selected the value: '01.11 - Grūdinių (išskyrus ryžius), ankštinių ir aliejingų sėklų augalų auginimas'
2025-02-03 12:11:59 [main] ERROR l.i.u.p.SubmittedApplicationsPage - Failed to close the dropdown with aria-expanded = 'false'. Attempting manual close.
2025-02-03 12:11:59 [main] INFO  l.i.u.p.SubmittedApplicationsPage - Manual close attempt for the dropdown using body click.
2025-02-03 12:12:00 [main] DEBUG l.i.u.t.SubmittedApplicationsPageTest - Entered Address into the input field.
2025-02-03 12:12:00 [main] DEBUG l.i.u.t.SubmittedApplicationsPageTest - Entered Address into the input field.
2025-02-03 12:12:00 [main] INFO  l.i.u.p.SubmittedApplicationsPage - Located the dropdown button.
2025-02-03 12:12:02 [main] INFO  l.i.u.p.SubmittedApplicationsPage - Successfully selected the value: 'Administratoriai'
2025-02-03 12:12:22 [main] ERROR l.i.u.p.SubmittedApplicationsPage - Timeout while waiting for dropdown to close with aria-expanded = 'false'.
2025-02-03 12:12:22 [main] DEBUG l.i.u.t.SubmittedApplicationsPageTest - Selected the value: 'Administratoriai'
2025-02-03 12:12:22 [main] INFO  l.i.u.p.SubmittedApplicationsPage - Clicking on the dropdown button.
2025-02-03 12:12:23 [main] INFO  l.i.u.p.SubmittedApplicationsPage - Found 34 options in the dropdown.
2025-02-03 12:12:23 [main] DEBUG l.i.u.p.SubmittedApplicationsPage - Checking option: 'Asmenys, kuriems suteiktas pabėgėlio statusas ar perkeliamojo asmens statusas, arba asmenys, kuriems suteikta papildoma ar laikinoji apsauga, ir asmenys, turintys teisę gauti laikinąją apsaugą, iki sprendimo dėl laikinosios apsaugos suteikimo (nesuteikimo) priėmimo, tačiau ne ilgiau kaip laikinosios apsaugos laikotarpiu'
2025-02-03 12:12:23 [main] DEBUG l.i.u.p.SubmittedApplicationsPage - Checking option: 'Asmenys, kuriems suteiktas pabėgėlio statusas ar perkeliamojo asmens statusas, arba asmenys, kuriems suteikta papildoma ar laikinoji apsauga, ir asmenys, turintys teisę gauti laikinąją apsaugą, iki sprendimo dėl laikinosios apsaugos suteikimo (nesuteikimo) priėmimo, tačiau ne ilgiau kaip laikinosios apsaugos laikotarpiu'
2025-02-03 12:12:23 [main] DEBUG l.i.u.p.SubmittedApplicationsPage - Checking option: 'Asmenys, turintys teisę į papildomas užimtumo garantijas pagal Lietuvos Respublikos valstybės įmonės Ignalinos atominės elektrinės darbuotojų papildomų užimtumo ir socialinių garantijų įstatymą'
2025-02-03 12:12:23 [main] DEBUG l.i.u.p.SubmittedApplicationsPage - Checking option: 'Asmenys, turintys teisę į papildomas užimtumo garantijas pagal Lietuvos Respublikos valstybės įmonės Ignalinos atominės elektrinės darbuotojų papildomų užimtumo ir socialinių garantijų įstatymą'
2025-02-03 12:12:23 [main] DEBUG l.i.u.p.SubmittedApplicationsPage - Checking option: 'Bedarbiai iki 29 metų'
2025-02-03 12:12:23 [main] DEBUG l.i.u.p.SubmittedApplicationsPage - Checking option: 'Bedarbiai iki 29 metų'
2025-02-03 12:12:23 [main] DEBUG l.i.u.p.SubmittedApplicationsPage - Checking option: 'Bedarbiai, kurie yra darbingo amžiaus neįgalieji, kuriems nustatytas 30–40 procentų darbingumo lygis arba vidutinis neįgalumo lygis'
2025-02-03 12:12:23 [main] DEBUG l.i.u.p.SubmittedApplicationsPage - Checking option: 'Bedarbiai, kurie yra darbingo amžiaus neįgalieji, kuriems nustatytas 30–40 procentų darbingumo lygis arba vidutinis neįgalumo lygis'
2025-02-03 12:12:23 [main] DEBUG l.i.u.p.SubmittedApplicationsPage - Checking option: 'Bedarbiai, kurie yra darbingo amžiaus neįgalieji, kuriems nustatytas 45–55 procentų darbingumo lygis arba lengvas neįgalumo lygis'
2025-02-03 12:12:23 [main] DEBUG l.i.u.p.SubmittedApplicationsPage - Checking option: 'Bedarbiai, kurie yra darbingo amžiaus neįgalieji, kuriems nustatytas 45–55 procentų darbingumo lygis arba lengvas neįgalumo lygis'
2025-02-03 12:12:23 [main] DEBUG l.i.u.p.SubmittedApplicationsPage - Checking option: 'Bedarbiai, kurie yra darbingo amžiaus neįgalieji, kuriems nustatytas iki 25 procentų darbingumo lygis arba sunkus neįgalumo lygis'
2025-02-03 12:12:23 [main] INFO  l.i.u.p.SubmittedApplicationsPage - Successfully selected the value: 'Bedarbiai, kurie yra darbingo amžiaus neįgalieji, kuriems nustatytas iki 25 procentų darbingumo lygis arba sunkus neįgalumo lygis'
2025-02-03 12:12:23 [main] INFO  l.i.u.p.SubmittedApplicationsPage - Attempting to close the dropdown.
2025-02-03 12:12:34 [main] INFO  l.i.u.p.SubmittedApplicationsPage - Dropdown should be closed now.
2025-02-03 12:12:34 [main] INFO  l.i.u.p.SubmittedApplicationsPage - Located the dropdown button.
2025-02-03 12:12:35 [main] INFO  l.i.u.p.SubmittedApplicationsPage - Successfully selected the value: 'Kita'
2025-02-03 12:12:45 [main] ERROR l.i.u.p.SubmittedApplicationsPage - Timeout while waiting for dropdown to close with aria-expanded = 'false'.
2025-02-03 12:12:45 [main] DEBUG l.i.u.t.SubmittedApplicationsPageTest - Selected the value: 'Kita'
2025-02-03 12:12:46 [main] DEBUG l.i.u.t.SubmittedApplicationsPageTest - Selected the value: '6 val. per dieną ir 4 d. per savaitę'
2025-02-03 12:12:46 [main] DEBUG l.i.u.t.SubmittedApplicationsPageTest - Entered Address into the input field.
2025-02-03 12:12:47 [main] INFO  l.i.u.p.SubmittedApplicationsPage - Located the dropdown button.
2025-02-03 12:12:48 [main] INFO  l.i.u.p.SubmittedApplicationsPage - Successfully selected the value: 'Įsigyti'
2025-02-03 12:13:08 [main] ERROR l.i.u.p.SubmittedApplicationsPage - Timeout while waiting for dropdown to close with aria-expanded = 'false'.
2025-02-03 12:13:08 [main] DEBUG l.i.u.t.SubmittedApplicationsPageTest - Selected the value: 'Įsigyti'
2025-02-03 12:13:09 [main] DEBUG l.i.u.t.SubmittedApplicationsPageTest - Selected the value: 'Darbo priemonė 1'
2025-02-03 12:13:09 [main] DEBUG l.i.u.t.SubmittedApplicationsPageTest - Selected the value: 'Darbo priemonės 1 parametras 1'
2025-02-03 12:13:09 [main] DEBUG l.i.u.t.SubmittedApplicationsPageTest - Selected the value: 'Darbo priemonės 1 parametras 2'
2025-02-03 12:13:10 [main] DEBUG l.i.u.t.SubmittedApplicationsPageTest - Selected the value: 'Darbo priemonės 1 parametras 3'
2025-02-03 12:13:10 [main] DEBUG l.i.u.t.SubmittedApplicationsPageTest - Entered Address into the input field.
2025-02-03 12:13:10 [main] DEBUG l.i.u.t.SubmittedApplicationsPageTest - Entered Address into the input field.
2025-02-03 12:13:10 [main] DEBUG l.i.u.t.SubmittedApplicationsPageTest - Entered Address into the input field.
2025-02-03 12:13:10 [main] DEBUG l.i.u.t.SubmittedApplicationsPageTest - Entered Address into the input field.
2025-02-03 12:13:10 [main] DEBUG l.i.u.t.SubmittedApplicationsPageTest - Entered Address into the input field.
2025-02-03 12:13:10 [main] DEBUG l.i.u.t.SubmittedApplicationsPageTest - Entered Address into the input field.
2025-02-03 12:13:11 [main] DEBUG l.i.u.t.SubmittedApplicationsPageTest - Entered Address into the input field.
2025-02-03 12:13:11 [main] DEBUG l.i.u.t.SubmittedApplicationsPageTest - Entered Address into the input field.
2025-02-03 12:13:11 [main] INFO  l.i.u.t.SubmittedApplicationsPageTest - Test 'testFillNewApplication' completed successfully.
2025-02-03 12:15:59 [main] INFO  lt.insoft.uztis.tests.UztisPageTest - Navigated to https://uztisdev.asseco.lt/home
2025-02-03 12:15:59 [main] INFO  l.i.u.t.SubmittedApplicationsPageTest - Starting test:'testFillNewApplication'
2025-02-03 12:15:59 [main] DEBUG l.i.u.t.SubmittedApplicationsPageTest - User logged in with test credentials
2025-02-03 12:16:00 [main] DEBUG l.i.u.t.SubmittedApplicationsPageTest - Opened 'Application Processing' menu.
2025-02-03 12:16:00 [main] DEBUG l.i.u.t.SubmittedApplicationsPageTest - Clicked on 'Application Forms' menu.
2025-02-03 12:16:00 [main] DEBUG l.i.u.t.SubmittedApplicationsPageTest - Retrieved last description code text: 'TST-VUI-27'.
2025-02-03 12:16:00 [main] DEBUG l.i.u.t.SubmittedApplicationsPageTest - Clicked on 'Invitation' menu.
2025-02-03 12:16:01 [main] DEBUG l.i.u.t.SubmittedApplicationsPageTest - Selected application section by code: 'TST-VUI-27'.
2025-02-03 12:16:01 [main] DEBUG l.i.u.t.SubmittedApplicationsPageTest - Clicked 'Search' button.
2025-02-03 12:16:01 [main] DEBUG l.i.u.t.SubmittedApplicationsPageTest - Retrieved invitation code: ''.
2025-02-03 12:16:01 [main] DEBUG l.i.u.t.SubmittedApplicationsPageTest - Clicked on 'Submitted Applications' menu.
2025-02-03 12:16:02 [main] DEBUG l.i.u.t.SubmittedApplicationsPageTest - Selected invitation by code: 'TST-VUI-27'.
2025-02-03 12:16:03 [main] DEBUG l.i.u.t.SubmittedApplicationsPageTest - Clicked on 'Action Application' button.
2025-02-03 12:16:03 [main] DEBUG l.i.u.t.SubmittedApplicationsPageTest - Clicked on 'New Application' button.
2025-02-03 12:16:03 [main] DEBUG l.i.u.t.SubmittedApplicationsPageTest - Clicked on 'RadioButtonFA' button.
2025-02-03 12:16:03 [main] DEBUG l.i.u.t.SubmittedApplicationsPageTest - Entered phone number into the input field.
2025-02-03 12:16:04 [main] DEBUG l.i.u.t.SubmittedApplicationsPageTest - Entered eMail into the input field.
2025-02-03 12:16:04 [main] INFO  l.i.u.p.SubmittedApplicationsPage - Located the dropdown button.
2025-02-03 12:16:24 [main] INFO  l.i.u.p.SubmittedApplicationsPage - Found 1741 options in the dropdown.
2025-02-03 12:16:24 [main] INFO  l.i.u.p.SubmittedApplicationsPage - Successfully selected the value: '01.11 - Grūdinių (išskyrus ryžius), ankštinių ir aliejingų sėklų augalų auginimas'
2025-02-03 12:16:34 [main] ERROR l.i.u.p.SubmittedApplicationsPage - Failed to close the dropdown with aria-expanded = 'false'. Attempting manual close.
2025-02-03 12:16:34 [main] INFO  l.i.u.p.SubmittedApplicationsPage - Manual close attempt for the dropdown using body click.
2025-02-03 12:16:35 [main] DEBUG l.i.u.t.SubmittedApplicationsPageTest - Entered Address into the input field.
2025-02-03 12:16:35 [main] DEBUG l.i.u.t.SubmittedApplicationsPageTest - Entered Address into the input field.
2025-02-03 12:16:35 [main] INFO  l.i.u.p.SubmittedApplicationsPage - Located the dropdown button.
2025-02-03 12:16:37 [main] INFO  l.i.u.p.SubmittedApplicationsPage - Successfully selected the value: 'Administratoriai'
2025-02-03 12:16:57 [main] ERROR l.i.u.p.SubmittedApplicationsPage - Timeout while waiting for dropdown to close with aria-expanded = 'false'.
2025-02-03 12:16:57 [main] DEBUG l.i.u.t.SubmittedApplicationsPageTest - Selected the value: 'Administratoriai'
2025-02-03 12:16:57 [main] INFO  l.i.u.p.SubmittedApplicationsPage - Clicking on the dropdown button.
2025-02-03 12:16:58 [main] INFO  l.i.u.p.SubmittedApplicationsPage - Found 34 options in the dropdown.
2025-02-03 12:16:58 [main] DEBUG l.i.u.p.SubmittedApplicationsPage - Checking option: 'Asmenys, kuriems suteiktas pabėgėlio statusas ar perkeliamojo asmens statusas, arba asmenys, kuriems suteikta papildoma ar laikinoji apsauga, ir asmenys, turintys teisę gauti laikinąją apsaugą, iki sprendimo dėl laikinosios apsaugos suteikimo (nesuteikimo) priėmimo, tačiau ne ilgiau kaip laikinosios apsaugos laikotarpiu'
2025-02-03 12:16:58 [main] DEBUG l.i.u.p.SubmittedApplicationsPage - Checking option: 'Asmenys, kuriems suteiktas pabėgėlio statusas ar perkeliamojo asmens statusas, arba asmenys, kuriems suteikta papildoma ar laikinoji apsauga, ir asmenys, turintys teisę gauti laikinąją apsaugą, iki sprendimo dėl laikinosios apsaugos suteikimo (nesuteikimo) priėmimo, tačiau ne ilgiau kaip laikinosios apsaugos laikotarpiu'
2025-02-03 12:16:58 [main] DEBUG l.i.u.p.SubmittedApplicationsPage - Checking option: 'Asmenys, turintys teisę į papildomas užimtumo garantijas pagal Lietuvos Respublikos valstybės įmonės Ignalinos atominės elektrinės darbuotojų papildomų užimtumo ir socialinių garantijų įstatymą'
2025-02-03 12:16:58 [main] DEBUG l.i.u.p.SubmittedApplicationsPage - Checking option: 'Asmenys, turintys teisę į papildomas užimtumo garantijas pagal Lietuvos Respublikos valstybės įmonės Ignalinos atominės elektrinės darbuotojų papildomų užimtumo ir socialinių garantijų įstatymą'
2025-02-03 12:16:58 [main] DEBUG l.i.u.p.SubmittedApplicationsPage - Checking option: 'Bedarbiai iki 29 metų'
2025-02-03 12:16:58 [main] DEBUG l.i.u.p.SubmittedApplicationsPage - Checking option: 'Bedarbiai iki 29 metų'
2025-02-03 12:16:58 [main] DEBUG l.i.u.p.SubmittedApplicationsPage - Checking option: 'Bedarbiai, kurie yra darbingo amžiaus neįgalieji, kuriems nustatytas 30–40 procentų darbingumo lygis arba vidutinis neįgalumo lygis'
2025-02-03 12:16:58 [main] DEBUG l.i.u.p.SubmittedApplicationsPage - Checking option: 'Bedarbiai, kurie yra darbingo amžiaus neįgalieji, kuriems nustatytas 30–40 procentų darbingumo lygis arba vidutinis neįgalumo lygis'
2025-02-03 12:16:58 [main] DEBUG l.i.u.p.SubmittedApplicationsPage - Checking option: 'Bedarbiai, kurie yra darbingo amžiaus neįgalieji, kuriems nustatytas 45–55 procentų darbingumo lygis arba lengvas neįgalumo lygis'
2025-02-03 12:16:58 [main] DEBUG l.i.u.p.SubmittedApplicationsPage - Checking option: 'Bedarbiai, kurie yra darbingo amžiaus neįgalieji, kuriems nustatytas 45–55 procentų darbingumo lygis arba lengvas neįgalumo lygis'
2025-02-03 12:16:58 [main] DEBUG l.i.u.p.SubmittedApplicationsPage - Checking option: 'Bedarbiai, kurie yra darbingo amžiaus neįgalieji, kuriems nustatytas iki 25 procentų darbingumo lygis arba sunkus neįgalumo lygis'
2025-02-03 12:16:58 [main] INFO  l.i.u.p.SubmittedApplicationsPage - Successfully selected the value: 'Bedarbiai, kurie yra darbingo amžiaus neįgalieji, kuriems nustatytas iki 25 procentų darbingumo lygis arba sunkus neįgalumo lygis'
2025-02-03 12:16:58 [main] INFO  l.i.u.p.SubmittedApplicationsPage - Attempting to close the dropdown.
2025-02-03 12:17:08 [main] INFO  l.i.u.p.SubmittedApplicationsPage - Dropdown should be closed now.
2025-02-03 12:17:09 [main] INFO  l.i.u.p.SubmittedApplicationsPage - Located the dropdown button.
2025-02-03 12:17:09 [main] INFO  l.i.u.p.SubmittedApplicationsPage - Successfully selected the value: 'Kita'
2025-02-03 12:17:19 [main] ERROR l.i.u.p.SubmittedApplicationsPage - Timeout while waiting for dropdown to close with aria-expanded = 'false'.
2025-02-03 12:17:19 [main] DEBUG l.i.u.t.SubmittedApplicationsPageTest - Selected the value: 'Kita'
2025-02-03 12:17:20 [main] DEBUG l.i.u.t.SubmittedApplicationsPageTest - Selected the value: '6 val. per dieną ir 4 d. per savaitę'
2025-02-03 12:17:20 [main] DEBUG l.i.u.t.SubmittedApplicationsPageTest - Entered Address into the input field.
2025-02-03 12:17:22 [main] INFO  l.i.u.p.SubmittedApplicationsPage - Located the dropdown button.
2025-02-03 12:17:22 [main] INFO  l.i.u.p.SubmittedApplicationsPage - Successfully selected the value: 'Įsigyti'
2025-02-03 12:17:43 [main] ERROR l.i.u.p.SubmittedApplicationsPage - Timeout while waiting for dropdown to close with aria-expanded = 'false'.
2025-02-03 12:17:43 [main] DEBUG l.i.u.t.SubmittedApplicationsPageTest - Selected the value: 'Įsigyti'
2025-02-03 12:17:43 [main] DEBUG l.i.u.t.SubmittedApplicationsPageTest - Selected the value: 'Darbo priemonė 1'
2025-02-03 12:17:43 [main] DEBUG l.i.u.t.SubmittedApplicationsPageTest - Selected the value: 'Darbo priemonės 1 parametras 1'
2025-02-03 12:17:43 [main] DEBUG l.i.u.t.SubmittedApplicationsPageTest - Selected the value: 'Darbo priemonės 1 parametras 2'
2025-02-03 12:17:44 [main] DEBUG l.i.u.t.SubmittedApplicationsPageTest - Selected the value: 'Darbo priemonės 1 parametras 3'
2025-02-03 12:17:44 [main] DEBUG l.i.u.t.SubmittedApplicationsPageTest - Entered Address into the input field.
2025-02-03 12:17:44 [main] DEBUG l.i.u.t.SubmittedApplicationsPageTest - Entered Address into the input field.
2025-02-03 12:17:44 [main] DEBUG l.i.u.t.SubmittedApplicationsPageTest - Entered Address into the input field.
2025-02-03 12:17:44 [main] DEBUG l.i.u.t.SubmittedApplicationsPageTest - Entered Address into the input field.
2025-02-03 12:17:44 [main] DEBUG l.i.u.t.SubmittedApplicationsPageTest - Entered Address into the input field.
2025-02-03 12:17:45 [main] DEBUG l.i.u.t.SubmittedApplicationsPageTest - Entered Address into the input field.
2025-02-03 12:17:45 [main] DEBUG l.i.u.t.SubmittedApplicationsPageTest - Entered Address into the input field.
2025-02-03 12:17:45 [main] DEBUG l.i.u.t.SubmittedApplicationsPageTest - Entered Address into the input field.
2025-02-03 12:17:45 [main] INFO  l.i.u.t.SubmittedApplicationsPageTest - Test 'testFillNewApplication' completed successfully.
2025-02-03 12:20:15 [main] INFO  lt.insoft.uztis.tests.UztisPageTest - Navigated to https://uztisdev.asseco.lt/home
2025-02-03 12:20:15 [main] INFO  l.i.u.t.SubmittedApplicationsPageTest - Starting test:'testFillNewApplication'
2025-02-03 12:20:16 [main] DEBUG l.i.u.t.SubmittedApplicationsPageTest - User logged in with test credentials
2025-02-03 12:20:16 [main] DEBUG l.i.u.t.SubmittedApplicationsPageTest - Opened 'Application Processing' menu.
2025-02-03 12:20:16 [main] DEBUG l.i.u.t.SubmittedApplicationsPageTest - Clicked on 'Application Forms' menu.
2025-02-03 12:20:17 [main] DEBUG l.i.u.t.SubmittedApplicationsPageTest - Retrieved last description code text: 'TST-VUI-27'.
2025-02-03 12:20:17 [main] DEBUG l.i.u.t.SubmittedApplicationsPageTest - Clicked on 'Invitation' menu.
2025-02-03 12:20:18 [main] DEBUG l.i.u.t.SubmittedApplicationsPageTest - Selected application section by code: 'TST-VUI-27'.
2025-02-03 12:20:18 [main] DEBUG l.i.u.t.SubmittedApplicationsPageTest - Clicked 'Search' button.
2025-02-03 12:20:18 [main] DEBUG l.i.u.t.SubmittedApplicationsPageTest - Retrieved invitation code: ''.
2025-02-03 12:20:18 [main] DEBUG l.i.u.t.SubmittedApplicationsPageTest - Clicked on 'Submitted Applications' menu.
2025-02-03 12:20:19 [main] DEBUG l.i.u.t.SubmittedApplicationsPageTest - Selected invitation by code: 'TST-VUI-27'.
2025-02-03 12:20:19 [main] DEBUG l.i.u.t.SubmittedApplicationsPageTest - Clicked on 'Action Application' button.
2025-02-03 12:20:19 [main] DEBUG l.i.u.t.SubmittedApplicationsPageTest - Clicked on 'New Application' button.
2025-02-03 12:20:20 [main] DEBUG l.i.u.t.SubmittedApplicationsPageTest - Clicked on 'RadioButtonFA' button.
2025-02-03 12:20:20 [main] DEBUG l.i.u.t.SubmittedApplicationsPageTest - Entered phone number into the input field.
2025-02-03 12:20:20 [main] DEBUG l.i.u.t.SubmittedApplicationsPageTest - Entered eMail into the input field.
2025-02-03 12:20:20 [main] INFO  l.i.u.p.SubmittedApplicationsPage - Located the dropdown button.
2025-02-03 12:20:38 [main] INFO  l.i.u.p.SubmittedApplicationsPage - Found 1741 options in the dropdown.
2025-02-03 12:20:38 [main] INFO  l.i.u.p.SubmittedApplicationsPage - Successfully selected the value: '01.11 - Grūdinių (išskyrus ryžius), ankštinių ir aliejingų sėklų augalų auginimas'
2025-02-03 12:20:48 [main] ERROR l.i.u.p.SubmittedApplicationsPage - Failed to close the dropdown with aria-expanded = 'false'. Attempting manual close.
2025-02-03 12:20:49 [main] INFO  l.i.u.p.SubmittedApplicationsPage - Manual close attempt for the dropdown using body click.
2025-02-03 12:20:49 [main] DEBUG l.i.u.t.SubmittedApplicationsPageTest - Entered Address into the input field.
2025-02-03 12:20:49 [main] DEBUG l.i.u.t.SubmittedApplicationsPageTest - Entered Address into the input field.
2025-02-03 12:20:50 [main] INFO  l.i.u.p.SubmittedApplicationsPage - Located the dropdown button.
2025-02-03 12:20:51 [main] INFO  l.i.u.p.SubmittedApplicationsPage - Successfully selected the value: 'Administratoriai'
2025-02-03 12:21:11 [main] ERROR l.i.u.p.SubmittedApplicationsPage - Timeout while waiting for dropdown to close with aria-expanded = 'false'.
2025-02-03 12:21:11 [main] DEBUG l.i.u.t.SubmittedApplicationsPageTest - Selected the value: 'Administratoriai'
2025-02-03 12:21:11 [main] INFO  l.i.u.p.SubmittedApplicationsPage - Clicking on the dropdown button.
2025-02-03 12:21:12 [main] INFO  l.i.u.p.SubmittedApplicationsPage - Found 34 options in the dropdown.
2025-02-03 12:21:12 [main] DEBUG l.i.u.p.SubmittedApplicationsPage - Checking option: 'Asmenys, kuriems suteiktas pabėgėlio statusas ar perkeliamojo asmens statusas, arba asmenys, kuriems suteikta papildoma ar laikinoji apsauga, ir asmenys, turintys teisę gauti laikinąją apsaugą, iki sprendimo dėl laikinosios apsaugos suteikimo (nesuteikimo) priėmimo, tačiau ne ilgiau kaip laikinosios apsaugos laikotarpiu'
2025-02-03 12:21:12 [main] DEBUG l.i.u.p.SubmittedApplicationsPage - Checking option: 'Asmenys, kuriems suteiktas pabėgėlio statusas ar perkeliamojo asmens statusas, arba asmenys, kuriems suteikta papildoma ar laikinoji apsauga, ir asmenys, turintys teisę gauti laikinąją apsaugą, iki sprendimo dėl laikinosios apsaugos suteikimo (nesuteikimo) priėmimo, tačiau ne ilgiau kaip laikinosios apsaugos laikotarpiu'
2025-02-03 12:21:12 [main] DEBUG l.i.u.p.SubmittedApplicationsPage - Checking option: 'Asmenys, turintys teisę į papildomas užimtumo garantijas pagal Lietuvos Respublikos valstybės įmonės Ignalinos atominės elektrinės darbuotojų papildomų užimtumo ir socialinių garantijų įstatymą'
2025-02-03 12:21:12 [main] DEBUG l.i.u.p.SubmittedApplicationsPage - Checking option: 'Asmenys, turintys teisę į papildomas užimtumo garantijas pagal Lietuvos Respublikos valstybės įmonės Ignalinos atominės elektrinės darbuotojų papildomų užimtumo ir socialinių garantijų įstatymą'
2025-02-03 12:21:12 [main] DEBUG l.i.u.p.SubmittedApplicationsPage - Checking option: 'Bedarbiai iki 29 metų'
2025-02-03 12:21:12 [main] DEBUG l.i.u.p.SubmittedApplicationsPage - Checking option: 'Bedarbiai iki 29 metų'
2025-02-03 12:21:12 [main] DEBUG l.i.u.p.SubmittedApplicationsPage - Checking option: 'Bedarbiai, kurie yra darbingo amžiaus neįgalieji, kuriems nustatytas 30–40 procentų darbingumo lygis arba vidutinis neįgalumo lygis'
2025-02-03 12:21:12 [main] DEBUG l.i.u.p.SubmittedApplicationsPage - Checking option: 'Bedarbiai, kurie yra darbingo amžiaus neįgalieji, kuriems nustatytas 30–40 procentų darbingumo lygis arba vidutinis neįgalumo lygis'
2025-02-03 12:21:12 [main] DEBUG l.i.u.p.SubmittedApplicationsPage - Checking option: 'Bedarbiai, kurie yra darbingo amžiaus neįgalieji, kuriems nustatytas 45–55 procentų darbingumo lygis arba lengvas neįgalumo lygis'
2025-02-03 12:21:12 [main] DEBUG l.i.u.p.SubmittedApplicationsPage - Checking option: 'Bedarbiai, kurie yra darbingo amžiaus neįgalieji, kuriems nustatytas 45–55 procentų darbingumo lygis arba lengvas neįgalumo lygis'
2025-02-03 12:21:12 [main] DEBUG l.i.u.p.SubmittedApplicationsPage - Checking option: 'Bedarbiai, kurie yra darbingo amžiaus neįgalieji, kuriems nustatytas iki 25 procentų darbingumo lygis arba sunkus neįgalumo lygis'
2025-02-03 12:21:12 [main] INFO  l.i.u.p.SubmittedApplicationsPage - Successfully selected the value: 'Bedarbiai, kurie yra darbingo amžiaus neįgalieji, kuriems nustatytas iki 25 procentų darbingumo lygis arba sunkus neįgalumo lygis'
2025-02-03 12:21:12 [main] INFO  l.i.u.p.SubmittedApplicationsPage - Attempting to close the dropdown.
2025-02-03 12:21:23 [main] INFO  l.i.u.p.SubmittedApplicationsPage - Dropdown should be closed now.
2025-02-03 12:21:23 [main] INFO  l.i.u.p.SubmittedApplicationsPage - Located the dropdown button.
2025-02-03 12:21:24 [main] INFO  l.i.u.p.SubmittedApplicationsPage - Successfully selected the value: 'Kita'
2025-02-03 12:21:34 [main] ERROR l.i.u.p.SubmittedApplicationsPage - Timeout while waiting for dropdown to close with aria-expanded = 'false'.
2025-02-03 12:21:34 [main] DEBUG l.i.u.t.SubmittedApplicationsPageTest - Selected the value: 'Kita'
2025-02-03 12:21:34 [main] DEBUG l.i.u.t.SubmittedApplicationsPageTest - Selected the value: '6 val. per dieną ir 4 d. per savaitę'
2025-02-03 12:21:35 [main] DEBUG l.i.u.t.SubmittedApplicationsPageTest - Entered Address into the input field.
2025-02-03 12:21:36 [main] INFO  l.i.u.p.SubmittedApplicationsPage - Located the dropdown button.
2025-02-03 12:21:36 [main] INFO  l.i.u.p.SubmittedApplicationsPage - Successfully selected the value: 'Įsigyti'
2025-02-03 12:21:57 [main] ERROR l.i.u.p.SubmittedApplicationsPage - Timeout while waiting for dropdown to close with aria-expanded = 'false'.
2025-02-03 12:21:57 [main] DEBUG l.i.u.t.SubmittedApplicationsPageTest - Selected the value: 'Įsigyti'
2025-02-03 12:21:57 [main] DEBUG l.i.u.t.SubmittedApplicationsPageTest - Selected the value: 'Darbo priemonė 1'
2025-02-03 12:21:57 [main] DEBUG l.i.u.t.SubmittedApplicationsPageTest - Selected the value: 'Darbo priemonės 1 parametras 1'
2025-02-03 12:21:57 [main] DEBUG l.i.u.t.SubmittedApplicationsPageTest - Selected the value: 'Darbo priemonės 1 parametras 2'
2025-02-03 12:21:57 [main] DEBUG l.i.u.t.SubmittedApplicationsPageTest - Selected the value: 'Darbo priemonės 1 parametras 3'
2025-02-03 12:21:58 [main] DEBUG l.i.u.t.SubmittedApplicationsPageTest - Entered Address into the input field.
2025-02-03 12:21:58 [main] DEBUG l.i.u.t.SubmittedApplicationsPageTest - Entered Address into the input field.
2025-02-03 12:21:58 [main] DEBUG l.i.u.t.SubmittedApplicationsPageTest - Entered Address into the input field.
2025-02-03 12:21:58 [main] DEBUG l.i.u.t.SubmittedApplicationsPageTest - Entered Address into the input field.
2025-02-03 12:21:58 [main] DEBUG l.i.u.t.SubmittedApplicationsPageTest - Entered Address into the input field.
2025-02-03 12:21:58 [main] DEBUG l.i.u.t.SubmittedApplicationsPageTest - Entered Address into the input field.
2025-02-03 12:21:59 [main] DEBUG l.i.u.t.SubmittedApplicationsPageTest - Entered Address into the input field.
2025-02-03 12:21:59 [main] DEBUG l.i.u.t.SubmittedApplicationsPageTest - Entered Address into the input field.
2025-02-03 12:21:59 [main] INFO  l.i.u.t.SubmittedApplicationsPageTest - Test 'testFillNewApplication' completed successfully.
2025-02-03 12:34:44 [main] INFO  lt.insoft.uztis.tests.UztisPageTest - Navigated to https://uztisdev.asseco.lt/home
2025-02-03 12:34:44 [main] INFO  l.i.u.t.SubmittedApplicationsPageTest - Starting test:'testFillNewApplication'
2025-02-03 12:34:44 [main] DEBUG l.i.u.t.SubmittedApplicationsPageTest - User logged in with test credentials
2025-02-03 12:34:45 [main] DEBUG l.i.u.t.SubmittedApplicationsPageTest - Opened 'Application Processing' menu.
2025-02-03 12:34:45 [main] DEBUG l.i.u.t.SubmittedApplicationsPageTest - Clicked on 'Application Forms' menu.
2025-02-03 12:34:45 [main] DEBUG l.i.u.t.SubmittedApplicationsPageTest - Retrieved last description code text: 'TST-VUI-27'.
2025-02-03 12:34:45 [main] DEBUG l.i.u.t.SubmittedApplicationsPageTest - Clicked on 'Invitation' menu.
2025-02-03 12:34:46 [main] DEBUG l.i.u.t.SubmittedApplicationsPageTest - Selected application section by code: 'TST-VUI-27'.
2025-02-03 12:34:46 [main] DEBUG l.i.u.t.SubmittedApplicationsPageTest - Clicked 'Search' button.
2025-02-03 12:34:46 [main] DEBUG l.i.u.t.SubmittedApplicationsPageTest - Retrieved invitation code: ''.
2025-02-03 12:34:46 [main] DEBUG l.i.u.t.SubmittedApplicationsPageTest - Clicked on 'Submitted Applications' menu.
2025-02-03 12:34:47 [main] DEBUG l.i.u.t.SubmittedApplicationsPageTest - Selected invitation by code: 'TST-VUI-27'.
2025-02-03 12:34:47 [main] DEBUG l.i.u.t.SubmittedApplicationsPageTest - Clicked on 'Action Application' button.
2025-02-03 12:34:48 [main] DEBUG l.i.u.t.SubmittedApplicationsPageTest - Clicked on 'New Application' button.
2025-02-03 12:34:48 [main] DEBUG l.i.u.t.SubmittedApplicationsPageTest - Clicked on 'RadioButtonFA' button.
2025-02-03 12:34:48 [main] DEBUG l.i.u.t.SubmittedApplicationsPageTest - Entered phone number into the input field.
2025-02-03 12:34:49 [main] DEBUG l.i.u.t.SubmittedApplicationsPageTest - Entered eMail into the input field.
2025-02-03 12:34:49 [main] INFO  l.i.u.p.SubmittedApplicationsPage - Located the dropdown button.
2025-02-03 12:35:09 [main] INFO  l.i.u.p.SubmittedApplicationsPage - Found 1741 options in the dropdown.
2025-02-03 12:35:09 [main] INFO  l.i.u.p.SubmittedApplicationsPage - Successfully selected the value: '01.11 - Grūdinių (išskyrus ryžius), ankštinių ir aliejingų sėklų augalų auginimas'
2025-02-03 12:35:19 [main] ERROR l.i.u.p.SubmittedApplicationsPage - Failed to close the dropdown with aria-expanded = 'false'. Attempting manual close.
2025-02-03 12:35:19 [main] INFO  l.i.u.p.SubmittedApplicationsPage - Manual close attempt for the dropdown using body click.
2025-02-03 12:35:20 [main] DEBUG l.i.u.t.SubmittedApplicationsPageTest - Entered Address into the input field.
2025-02-03 12:35:20 [main] DEBUG l.i.u.t.SubmittedApplicationsPageTest - Entered Address into the input field.
2025-02-03 12:35:21 [main] INFO  l.i.u.p.SubmittedApplicationsPage - Located the dropdown button.
2025-02-03 12:35:22 [main] INFO  l.i.u.p.SubmittedApplicationsPage - Successfully selected the value: 'Administratoriai'
2025-02-03 12:35:42 [main] ERROR l.i.u.p.SubmittedApplicationsPage - Timeout while waiting for dropdown to close with aria-expanded = 'false'.
2025-02-03 12:35:42 [main] DEBUG l.i.u.t.SubmittedApplicationsPageTest - Selected the value: 'Administratoriai'
2025-02-03 12:35:42 [main] INFO  l.i.u.p.SubmittedApplicationsPage - Clicking on the dropdown button.
2025-02-03 12:35:43 [main] INFO  l.i.u.p.SubmittedApplicationsPage - Found 34 options in the dropdown.
2025-02-03 12:35:43 [main] DEBUG l.i.u.p.SubmittedApplicationsPage - Checking option: 'Asmenys, kuriems suteiktas pabėgėlio statusas ar perkeliamojo asmens statusas, arba asmenys, kuriems suteikta papildoma ar laikinoji apsauga, ir asmenys, turintys teisę gauti laikinąją apsaugą, iki sprendimo dėl laikinosios apsaugos suteikimo (nesuteikimo) priėmimo, tačiau ne ilgiau kaip laikinosios apsaugos laikotarpiu'
2025-02-03 12:35:43 [main] DEBUG l.i.u.p.SubmittedApplicationsPage - Checking option: 'Asmenys, kuriems suteiktas pabėgėlio statusas ar perkeliamojo asmens statusas, arba asmenys, kuriems suteikta papildoma ar laikinoji apsauga, ir asmenys, turintys teisę gauti laikinąją apsaugą, iki sprendimo dėl laikinosios apsaugos suteikimo (nesuteikimo) priėmimo, tačiau ne ilgiau kaip laikinosios apsaugos laikotarpiu'
2025-02-03 12:35:43 [main] DEBUG l.i.u.p.SubmittedApplicationsPage - Checking option: 'Asmenys, turintys teisę į papildomas užimtumo garantijas pagal Lietuvos Respublikos valstybės įmonės Ignalinos atominės elektrinės darbuotojų papildomų užimtumo ir socialinių garantijų įstatymą'
2025-02-03 12:35:43 [main] DEBUG l.i.u.p.SubmittedApplicationsPage - Checking option: 'Asmenys, turintys teisę į papildomas užimtumo garantijas pagal Lietuvos Respublikos valstybės įmonės Ignalinos atominės elektrinės darbuotojų papildomų užimtumo ir socialinių garantijų įstatymą'
2025-02-03 12:35:43 [main] DEBUG l.i.u.p.SubmittedApplicationsPage - Checking option: 'Bedarbiai iki 29 metų'
2025-02-03 12:35:43 [main] DEBUG l.i.u.p.SubmittedApplicationsPage - Checking option: 'Bedarbiai iki 29 metų'
2025-02-03 12:35:43 [main] DEBUG l.i.u.p.SubmittedApplicationsPage - Checking option: 'Bedarbiai, kurie yra darbingo amžiaus neįgalieji, kuriems nustatytas 30–40 procentų darbingumo lygis arba vidutinis neįgalumo lygis'
2025-02-03 12:35:43 [main] DEBUG l.i.u.p.SubmittedApplicationsPage - Checking option: 'Bedarbiai, kurie yra darbingo amžiaus neįgalieji, kuriems nustatytas 30–40 procentų darbingumo lygis arba vidutinis neįgalumo lygis'
2025-02-03 12:35:43 [main] DEBUG l.i.u.p.SubmittedApplicationsPage - Checking option: 'Bedarbiai, kurie yra darbingo amžiaus neįgalieji, kuriems nustatytas 45–55 procentų darbingumo lygis arba lengvas neįgalumo lygis'
2025-02-03 12:35:43 [main] DEBUG l.i.u.p.SubmittedApplicationsPage - Checking option: 'Bedarbiai, kurie yra darbingo amžiaus neįgalieji, kuriems nustatytas 45–55 procentų darbingumo lygis arba lengvas neįgalumo lygis'
2025-02-03 12:35:43 [main] DEBUG l.i.u.p.SubmittedApplicationsPage - Checking option: 'Bedarbiai, kurie yra darbingo amžiaus neįgalieji, kuriems nustatytas iki 25 procentų darbingumo lygis arba sunkus neįgalumo lygis'
2025-02-03 12:35:43 [main] INFO  l.i.u.p.SubmittedApplicationsPage - Successfully selected the value: 'Bedarbiai, kurie yra darbingo amžiaus neįgalieji, kuriems nustatytas iki 25 procentų darbingumo lygis arba sunkus neįgalumo lygis'
2025-02-03 12:35:43 [main] INFO  l.i.u.p.SubmittedApplicationsPage - Attempting to close the dropdown.
2025-02-03 12:35:54 [main] INFO  l.i.u.p.SubmittedApplicationsPage - Dropdown should be closed now.
2025-02-03 12:35:54 [main] INFO  l.i.u.p.SubmittedApplicationsPage - Located the dropdown button.
2025-02-03 12:35:55 [main] INFO  l.i.u.p.SubmittedApplicationsPage - Successfully selected the value: 'Kita'
2025-02-03 12:36:05 [main] ERROR l.i.u.p.SubmittedApplicationsPage - Timeout while waiting for dropdown to close with aria-expanded = 'false'.
2025-02-03 12:36:05 [main] DEBUG l.i.u.t.SubmittedApplicationsPageTest - Selected the value: 'Kita'
2025-02-03 12:36:05 [main] DEBUG l.i.u.t.SubmittedApplicationsPageTest - Selected the value: '6 val. per dieną ir 4 d. per savaitę'
2025-02-03 12:36:06 [main] DEBUG l.i.u.t.SubmittedApplicationsPageTest - Entered Address into the input field.
2025-02-03 12:36:07 [main] INFO  l.i.u.p.SubmittedApplicationsPage - Located the dropdown button.
2025-02-03 12:36:08 [main] INFO  l.i.u.p.SubmittedApplicationsPage - Successfully selected the value: 'Įsigyti'
2025-02-03 12:36:28 [main] ERROR l.i.u.p.SubmittedApplicationsPage - Timeout while waiting for dropdown to close with aria-expanded = 'false'.
2025-02-03 12:36:28 [main] DEBUG l.i.u.t.SubmittedApplicationsPageTest - Selected the value: 'Įsigyti'
2025-02-03 12:36:28 [main] DEBUG l.i.u.t.SubmittedApplicationsPageTest - Selected the value: 'Darbo priemonė 1'
2025-02-03 12:36:28 [main] DEBUG l.i.u.t.SubmittedApplicationsPageTest - Selected the value: 'Darbo priemonės 1 parametras 1'
2025-02-03 12:36:29 [main] DEBUG l.i.u.t.SubmittedApplicationsPageTest - Selected the value: 'Darbo priemonės 1 parametras 2'
2025-02-03 12:36:29 [main] DEBUG l.i.u.t.SubmittedApplicationsPageTest - Selected the value: 'Darbo priemonės 1 parametras 3'
2025-02-03 12:36:29 [main] DEBUG l.i.u.t.SubmittedApplicationsPageTest - Entered Address into the input field.
2025-02-03 12:36:29 [main] DEBUG l.i.u.t.SubmittedApplicationsPageTest - Entered Address into the input field.
2025-02-03 12:36:29 [main] DEBUG l.i.u.t.SubmittedApplicationsPageTest - Entered Address into the input field.
2025-02-03 12:36:30 [main] DEBUG l.i.u.t.SubmittedApplicationsPageTest - Entered Address into the input field.
2025-02-03 12:36:30 [main] DEBUG l.i.u.t.SubmittedApplicationsPageTest - Entered Address into the input field.
2025-02-03 12:36:30 [main] DEBUG l.i.u.t.SubmittedApplicationsPageTest - Entered Address into the input field.
2025-02-03 12:36:30 [main] DEBUG l.i.u.t.SubmittedApplicationsPageTest - Entered Address into the input field.
2025-02-03 12:36:31 [main] DEBUG l.i.u.t.SubmittedApplicationsPageTest - Entered Address into the input field.
2025-02-03 12:36:31 [main] DEBUG l.i.u.t.SubmittedApplicationsPageTest - Checked 'Legal Entities' checkbox.
2025-02-03 12:36:32 [main] DEBUG l.i.u.t.SubmittedApplicationsPageTest - Checked 'Legal Entities' checkbox.
2025-02-03 12:36:32 [main] DEBUG l.i.u.t.SubmittedApplicationsPageTest - Checked 'Legal Entities' checkbox.
2025-02-03 12:36:32 [main] INFO  l.i.u.t.SubmittedApplicationsPageTest - Test 'testFillNewApplication' completed successfully.
2025-02-03 12:58:41 [main] INFO  lt.insoft.uztis.tests.UztisPageTest - Navigated to https://uztisdev.asseco.lt/home
2025-02-03 12:58:41 [main] INFO  l.i.u.t.SubmittedApplicationsPageTest - Starting test:'testFillNewApplication'
2025-02-03 12:58:41 [main] DEBUG l.i.u.t.SubmittedApplicationsPageTest - User logged in with test credentials
2025-02-03 12:58:42 [main] DEBUG l.i.u.t.SubmittedApplicationsPageTest - Opened 'Application Processing' menu.
2025-02-03 12:58:42 [main] DEBUG l.i.u.t.SubmittedApplicationsPageTest - Clicked on 'Application Forms' menu.
2025-02-03 12:58:42 [main] DEBUG l.i.u.t.SubmittedApplicationsPageTest - Retrieved last description code text: 'TST-VUI-27'.
2025-02-03 12:58:42 [main] DEBUG l.i.u.t.SubmittedApplicationsPageTest - Clicked on 'Invitation' menu.
2025-02-03 12:58:43 [main] DEBUG l.i.u.t.SubmittedApplicationsPageTest - Selected application section by code: 'TST-VUI-27'.
2025-02-03 12:58:43 [main] DEBUG l.i.u.t.SubmittedApplicationsPageTest - Clicked 'Search' button.
2025-02-03 12:58:43 [main] DEBUG l.i.u.t.SubmittedApplicationsPageTest - Retrieved invitation code: ''.
2025-02-03 12:58:43 [main] DEBUG l.i.u.t.SubmittedApplicationsPageTest - Clicked on 'Submitted Applications' menu.
2025-02-03 12:58:44 [main] DEBUG l.i.u.t.SubmittedApplicationsPageTest - Selected invitation by code: 'TST-VUI-27'.
2025-02-03 12:58:44 [main] DEBUG l.i.u.t.SubmittedApplicationsPageTest - Clicked on 'Action Application' button.
2025-02-03 12:58:45 [main] DEBUG l.i.u.t.SubmittedApplicationsPageTest - Clicked on 'New Application' button.
2025-02-03 12:58:45 [main] DEBUG l.i.u.t.SubmittedApplicationsPageTest - Clicked on 'RadioButtonFA' button.
2025-02-03 12:58:45 [main] DEBUG l.i.u.t.SubmittedApplicationsPageTest - Entered phone number into the input field.
2025-02-03 12:58:45 [main] DEBUG l.i.u.t.SubmittedApplicationsPageTest - Entered eMail into the input field.
2025-02-03 12:58:45 [main] INFO  l.i.u.p.SubmittedApplicationsPage - Located the dropdown button.
2025-02-03 12:59:04 [main] INFO  l.i.u.p.SubmittedApplicationsPage - Found 1741 options in the dropdown.
2025-02-03 12:59:05 [main] INFO  l.i.u.p.SubmittedApplicationsPage - Successfully selected the value: '01.11 - Grūdinių (išskyrus ryžius), ankštinių ir aliejingų sėklų augalų auginimas'
2025-02-03 12:59:15 [main] ERROR l.i.u.p.SubmittedApplicationsPage - Failed to close the dropdown with aria-expanded = 'false'. Attempting manual close.
2025-02-03 12:59:15 [main] INFO  l.i.u.p.SubmittedApplicationsPage - Manual close attempt for the dropdown using body click.
2025-02-03 12:59:15 [main] DEBUG l.i.u.t.SubmittedApplicationsPageTest - Entered Address into the input field.
2025-02-03 12:59:16 [main] DEBUG l.i.u.t.SubmittedApplicationsPageTest - Entered Address into the input field.
2025-02-03 12:59:16 [main] INFO  l.i.u.p.SubmittedApplicationsPage - Located the dropdown button.
2025-02-03 12:59:17 [main] INFO  l.i.u.p.SubmittedApplicationsPage - Successfully selected the value: 'Administratoriai'
2025-02-03 12:59:37 [main] ERROR l.i.u.p.SubmittedApplicationsPage - Timeout while waiting for dropdown to close with aria-expanded = 'false'.
2025-02-03 12:59:37 [main] DEBUG l.i.u.t.SubmittedApplicationsPageTest - Selected the value: 'Administratoriai'
2025-02-03 12:59:37 [main] INFO  l.i.u.p.SubmittedApplicationsPage - Clicking on the dropdown button.
2025-02-03 12:59:38 [main] INFO  l.i.u.p.SubmittedApplicationsPage - Found 34 options in the dropdown.
2025-02-03 12:59:38 [main] DEBUG l.i.u.p.SubmittedApplicationsPage - Checking option: 'Asmenys, kuriems suteiktas pabėgėlio statusas ar perkeliamojo asmens statusas, arba asmenys, kuriems suteikta papildoma ar laikinoji apsauga, ir asmenys, turintys teisę gauti laikinąją apsaugą, iki sprendimo dėl laikinosios apsaugos suteikimo (nesuteikimo) priėmimo, tačiau ne ilgiau kaip laikinosios apsaugos laikotarpiu'
2025-02-03 12:59:38 [main] DEBUG l.i.u.p.SubmittedApplicationsPage - Checking option: 'Asmenys, kuriems suteiktas pabėgėlio statusas ar perkeliamojo asmens statusas, arba asmenys, kuriems suteikta papildoma ar laikinoji apsauga, ir asmenys, turintys teisę gauti laikinąją apsaugą, iki sprendimo dėl laikinosios apsaugos suteikimo (nesuteikimo) priėmimo, tačiau ne ilgiau kaip laikinosios apsaugos laikotarpiu'
2025-02-03 12:59:38 [main] DEBUG l.i.u.p.SubmittedApplicationsPage - Checking option: 'Asmenys, turintys teisę į papildomas užimtumo garantijas pagal Lietuvos Respublikos valstybės įmonės Ignalinos atominės elektrinės darbuotojų papildomų užimtumo ir socialinių garantijų įstatymą'
2025-02-03 12:59:38 [main] DEBUG l.i.u.p.SubmittedApplicationsPage - Checking option: 'Asmenys, turintys teisę į papildomas užimtumo garantijas pagal Lietuvos Respublikos valstybės įmonės Ignalinos atominės elektrinės darbuotojų papildomų užimtumo ir socialinių garantijų įstatymą'
2025-02-03 12:59:38 [main] DEBUG l.i.u.p.SubmittedApplicationsPage - Checking option: 'Bedarbiai iki 29 metų'
2025-02-03 12:59:38 [main] DEBUG l.i.u.p.SubmittedApplicationsPage - Checking option: 'Bedarbiai iki 29 metų'
2025-02-03 12:59:38 [main] DEBUG l.i.u.p.SubmittedApplicationsPage - Checking option: 'Bedarbiai, kurie yra darbingo amžiaus neįgalieji, kuriems nustatytas 30–40 procentų darbingumo lygis arba vidutinis neįgalumo lygis'
2025-02-03 12:59:38 [main] DEBUG l.i.u.p.SubmittedApplicationsPage - Checking option: 'Bedarbiai, kurie yra darbingo amžiaus neįgalieji, kuriems nustatytas 30–40 procentų darbingumo lygis arba vidutinis neįgalumo lygis'
2025-02-03 12:59:38 [main] DEBUG l.i.u.p.SubmittedApplicationsPage - Checking option: 'Bedarbiai, kurie yra darbingo amžiaus neįgalieji, kuriems nustatytas 45–55 procentų darbingumo lygis arba lengvas neįgalumo lygis'
2025-02-03 12:59:38 [main] DEBUG l.i.u.p.SubmittedApplicationsPage - Checking option: 'Bedarbiai, kurie yra darbingo amžiaus neįgalieji, kuriems nustatytas 45–55 procentų darbingumo lygis arba lengvas neįgalumo lygis'
2025-02-03 12:59:38 [main] DEBUG l.i.u.p.SubmittedApplicationsPage - Checking option: 'Bedarbiai, kurie yra darbingo amžiaus neįgalieji, kuriems nustatytas iki 25 procentų darbingumo lygis arba sunkus neįgalumo lygis'
2025-02-03 12:59:38 [main] INFO  l.i.u.p.SubmittedApplicationsPage - Successfully selected the value: 'Bedarbiai, kurie yra darbingo amžiaus neįgalieji, kuriems nustatytas iki 25 procentų darbingumo lygis arba sunkus neįgalumo lygis'
2025-02-03 12:59:38 [main] INFO  l.i.u.p.SubmittedApplicationsPage - Attempting to close the dropdown.
2025-02-03 12:59:49 [main] INFO  l.i.u.p.SubmittedApplicationsPage - Dropdown should be closed now.
2025-02-03 12:59:49 [main] INFO  l.i.u.p.SubmittedApplicationsPage - Located the dropdown button.
2025-02-03 12:59:50 [main] INFO  l.i.u.p.SubmittedApplicationsPage - Successfully selected the value: 'Kita'
2025-02-03 13:00:00 [main] ERROR l.i.u.p.SubmittedApplicationsPage - Timeout while waiting for dropdown to close with aria-expanded = 'false'.
2025-02-03 13:00:00 [main] DEBUG l.i.u.t.SubmittedApplicationsPageTest - Selected the value: 'Kita'
2025-02-03 13:00:00 [main] DEBUG l.i.u.t.SubmittedApplicationsPageTest - Selected the value: '6 val. per dieną ir 4 d. per savaitę'
2025-02-03 13:00:01 [main] DEBUG l.i.u.t.SubmittedApplicationsPageTest - Entered Address into the input field.
2025-02-03 13:00:02 [main] INFO  l.i.u.p.SubmittedApplicationsPage - Located the dropdown button.
2025-02-03 13:00:03 [main] INFO  l.i.u.p.SubmittedApplicationsPage - Successfully selected the value: 'Įsigyti'
2025-02-03 13:00:23 [main] ERROR l.i.u.p.SubmittedApplicationsPage - Timeout while waiting for dropdown to close with aria-expanded = 'false'.
2025-02-03 13:00:23 [main] DEBUG l.i.u.t.SubmittedApplicationsPageTest - Selected the value: 'Įsigyti'
2025-02-03 13:00:24 [main] DEBUG l.i.u.t.SubmittedApplicationsPageTest - Selected the value: 'Darbo priemonė 1'
2025-02-03 13:00:24 [main] DEBUG l.i.u.t.SubmittedApplicationsPageTest - Selected the value: 'Darbo priemonės 1 parametras 1'
2025-02-03 13:00:24 [main] DEBUG l.i.u.t.SubmittedApplicationsPageTest - Selected the value: 'Darbo priemonės 1 parametras 2'
2025-02-03 13:00:24 [main] DEBUG l.i.u.t.SubmittedApplicationsPageTest - Selected the value: 'Darbo priemonės 1 parametras 3'
2025-02-03 13:00:24 [main] DEBUG l.i.u.t.SubmittedApplicationsPageTest - Entered Address into the input field.
2025-02-03 13:00:25 [main] DEBUG l.i.u.t.SubmittedApplicationsPageTest - Entered Address into the input field.
2025-02-03 13:00:25 [main] DEBUG l.i.u.t.SubmittedApplicationsPageTest - Entered Address into the input field.
2025-02-03 13:00:25 [main] DEBUG l.i.u.t.SubmittedApplicationsPageTest - Entered Address into the input field.
2025-02-03 13:00:25 [main] DEBUG l.i.u.t.SubmittedApplicationsPageTest - Entered Address into the input field.
2025-02-03 13:00:25 [main] DEBUG l.i.u.t.SubmittedApplicationsPageTest - Entered Address into the input field.
2025-02-03 13:00:26 [main] DEBUG l.i.u.t.SubmittedApplicationsPageTest - Entered Address into the input field.
2025-02-03 13:00:26 [main] DEBUG l.i.u.t.SubmittedApplicationsPageTest - Entered Address into the input field.
2025-02-03 13:00:28 [main] ERROR l.i.u.t.SubmittedApplicationsPageTest - Test 'testFillNewApplication' failed with error: element click intercepted: Element <input type="checkbox" class="mdc-checkbox__native-control" id="mat-mdc-checkbox-1-input" tabindex="0"> is not clickable at point (570, 354). Other element would receive the click: <strong>...</strong>
  (Session info: chrome=132.0.6834.160)
Build info: version: '4.27.0', revision: 'd6e718d134'
System info: os.name: 'Windows 11', os.arch: 'amd64', os.version: '10.0', java.version: '21.0.3'
Driver info: org.openqa.selenium.chrome.ChromeDriver
Command: [a24cbe3c39637a0fd6e580eb8332a736, clickElement {id=f.A38E80E4796EECA4CD802B26475B951D.d.52F343CA633D854C561D1B16C3E52BB4.e.2285}]
Capabilities {acceptInsecureCerts: false, browserName: chrome, browserVersion: 132.0.6834.160, chrome: {chromedriverVersion: 132.0.6834.159 (2d77d3fc445..., userDataDir: C:\Users\INGRID~1.ZAD\AppDa...}, fedcm:accounts: true, goog:chromeOptions: {debuggerAddress: localhost:49252}, networkConnectionEnabled: false, pageLoadStrategy: normal, platformName: windows, proxy: Proxy(), se:cdp: ws://localhost:49252/devtoo..., se:cdpVersion: 132.0.6834.160, setWindowRect: true, strictFileInteractability: false, timeouts: {implicit: 0, pageLoad: 300000, script: 30000}, unhandledPromptBehavior: dismiss and notify, webauthn:extension:credBlob: true, webauthn:extension:largeBlob: true, webauthn:extension:minPinLength: true, webauthn:extension:prf: true, webauthn:virtualAuthenticators: true}
Element: [[ChromeDriver: chrome on windows (a24cbe3c39637a0fd6e580eb8332a736)] -> xpath: (//div[contains(@class, 'mdc-checkbox')]//input[@type='checkbox'])[1]]
Session ID: a24cbe3c39637a0fd6e580eb8332a736
org.openqa.selenium.ElementClickInterceptedException: element click intercepted: Element <input type="checkbox" class="mdc-checkbox__native-control" id="mat-mdc-checkbox-1-input" tabindex="0"> is not clickable at point (570, 354). Other element would receive the click: <strong>...</strong>
  (Session info: chrome=132.0.6834.160)
Build info: version: '4.27.0', revision: 'd6e718d134'
System info: os.name: 'Windows 11', os.arch: 'amd64', os.version: '10.0', java.version: '21.0.3'
Driver info: org.openqa.selenium.chrome.ChromeDriver
Command: [a24cbe3c39637a0fd6e580eb8332a736, clickElement {id=f.A38E80E4796EECA4CD802B26475B951D.d.52F343CA633D854C561D1B16C3E52BB4.e.2285}]
Capabilities {acceptInsecureCerts: false, browserName: chrome, browserVersion: 132.0.6834.160, chrome: {chromedriverVersion: 132.0.6834.159 (2d77d3fc445..., userDataDir: C:\Users\INGRID~1.ZAD\AppDa...}, fedcm:accounts: true, goog:chromeOptions: {debuggerAddress: localhost:49252}, networkConnectionEnabled: false, pageLoadStrategy: normal, platformName: windows, proxy: Proxy(), se:cdp: ws://localhost:49252/devtoo..., se:cdpVersion: 132.0.6834.160, setWindowRect: true, strictFileInteractability: false, timeouts: {implicit: 0, pageLoad: 300000, script: 30000}, unhandledPromptBehavior: dismiss and notify, webauthn:extension:credBlob: true, webauthn:extension:largeBlob: true, webauthn:extension:minPinLength: true, webauthn:extension:prf: true, webauthn:virtualAuthenticators: true}
Element: [[ChromeDriver: chrome on windows (a24cbe3c39637a0fd6e580eb8332a736)] -> xpath: (//div[contains(@class, 'mdc-checkbox')]//input[@type='checkbox'])[1]]
Session ID: a24cbe3c39637a0fd6e580eb8332a736
	at java.base/jdk.internal.reflect.DirectConstructorHandleAccessor.newInstance(DirectConstructorHandleAccessor.java:62)
	at java.base/java.lang.reflect.Constructor.newInstanceWithCaller(Constructor.java:502)
	at java.base/java.lang.reflect.Constructor.newInstance(Constructor.java:486)
	at org.openqa.selenium.remote.ErrorCodec.decode(ErrorCodec.java:167)
	at org.openqa.selenium.remote.codec.w3c.W3CHttpResponseCodec.decode(W3CHttpResponseCodec.java:138)
	at org.openqa.selenium.remote.codec.w3c.W3CHttpResponseCodec.decode(W3CHttpResponseCodec.java:50)
	at org.openqa.selenium.remote.HttpCommandExecutor.execute(HttpCommandExecutor.java:190)
	at org.openqa.selenium.remote.service.DriverCommandExecutor.invokeExecute(DriverCommandExecutor.java:216)
	at org.openqa.selenium.remote.service.DriverCommandExecutor.execute(DriverCommandExecutor.java:174)
	at org.openqa.selenium.remote.RemoteWebDriver.execute(RemoteWebDriver.java:545)
	at org.openqa.selenium.remote.RemoteWebElement.execute(RemoteWebElement.java:223)
	at org.openqa.selenium.remote.RemoteWebElement.click(RemoteWebElement.java:76)
	at java.base/jdk.internal.reflect.DirectMethodHandleAccessor.invoke(DirectMethodHandleAccessor.java:103)
	at java.base/java.lang.reflect.Method.invoke(Method.java:580)
	at org.openqa.selenium.support.pagefactory.internal.LocatingElementHandler.invoke(LocatingElementHandler.java:51)
	at jdk.proxy2/jdk.proxy2.$Proxy14.click(Unknown Source)
	at lt.insoft.uztis.pages.SubmittedApplicationsPage.setCheckboxConfirmation(SubmittedApplicationsPage.java:732)
	at lt.insoft.uztis.tests.SubmittedApplicationsPageTest.testFillNewApplication(SubmittedApplicationsPageTest.java:288)
	at java.base/jdk.internal.reflect.DirectMethodHandleAccessor.invoke(DirectMethodHandleAccessor.java:103)
	at java.base/java.lang.reflect.Method.invoke(Method.java:580)
	at org.junit.platform.commons.util.ReflectionUtils.invokeMethod(ReflectionUtils.java:728)
	at org.junit.jupiter.engine.execution.MethodInvocation.proceed(MethodInvocation.java:60)
	at org.junit.jupiter.engine.execution.InvocationInterceptorChain$ValidatingInvocation.proceed(InvocationInterceptorChain.java:131)
	at org.junit.jupiter.engine.extension.TimeoutExtension.intercept(TimeoutExtension.java:156)
	at org.junit.jupiter.engine.extension.TimeoutExtension.interceptTestableMethod(TimeoutExtension.java:147)
	at org.junit.jupiter.engine.extension.TimeoutExtension.interceptTestMethod(TimeoutExtension.java:86)
	at org.junit.jupiter.engine.execution.InterceptingExecutableInvoker$ReflectiveInterceptorCall.lambda$ofVoidMethod$0(InterceptingExecutableInvoker.java:103)
	at org.junit.jupiter.engine.execution.InterceptingExecutableInvoker.lambda$invoke$0(InterceptingExecutableInvoker.java:93)
	at org.junit.jupiter.engine.execution.InvocationInterceptorChain$InterceptedInvocation.proceed(InvocationInterceptorChain.java:106)
	at org.junit.jupiter.engine.execution.InvocationInterceptorChain.proceed(InvocationInterceptorChain.java:64)
	at org.junit.jupiter.engine.execution.InvocationInterceptorChain.chainAndInvoke(InvocationInterceptorChain.java:45)
	at org.junit.jupiter.engine.execution.InvocationInterceptorChain.invoke(InvocationInterceptorChain.java:37)
	at org.junit.jupiter.engine.execution.InterceptingExecutableInvoker.invoke(InterceptingExecutableInvoker.java:92)
	at org.junit.jupiter.engine.execution.InterceptingExecutableInvoker.invoke(InterceptingExecutableInvoker.java:86)
	at org.junit.jupiter.engine.descriptor.TestMethodTestDescriptor.lambda$invokeTestMethod$7(TestMethodTestDescriptor.java:218)
	at org.junit.platform.engine.support.hierarchical.ThrowableCollector.execute(ThrowableCollector.java:73)
	at org.junit.jupiter.engine.descriptor.TestMethodTestDescriptor.invokeTestMethod(TestMethodTestDescriptor.java:214)
	at org.junit.jupiter.engine.descriptor.TestMethodTestDescriptor.execute(TestMethodTestDescriptor.java:139)
	at org.junit.jupiter.engine.descriptor.TestMethodTestDescriptor.execute(TestMethodTestDescriptor.java:69)
	at org.junit.platform.engine.support.hierarchical.NodeTestTask.lambda$executeRecursively$6(NodeTestTask.java:151)
	at org.junit.platform.engine.support.hierarchical.ThrowableCollector.execute(ThrowableCollector.java:73)
	at org.junit.platform.engine.support.hierarchical.NodeTestTask.lambda$executeRecursively$8(NodeTestTask.java:141)
	at org.junit.platform.engine.support.hierarchical.Node.around(Node.java:137)
	at org.junit.platform.engine.support.hierarchical.NodeTestTask.lambda$executeRecursively$9(NodeTestTask.java:139)
	at org.junit.platform.engine.support.hierarchical.ThrowableCollector.execute(ThrowableCollector.java:73)
	at org.junit.platform.engine.support.hierarchical.NodeTestTask.executeRecursively(NodeTestTask.java:138)
	at org.junit.platform.engine.support.hierarchical.NodeTestTask.execute(NodeTestTask.java:95)
	at java.base/java.util.ArrayList.forEach(ArrayList.java:1596)
	at org.junit.platform.engine.support.hierarchical.SameThreadHierarchicalTestExecutorService.invokeAll(SameThreadHierarchicalTestExecutorService.java:41)
	at org.junit.platform.engine.support.hierarchical.NodeTestTask.lambda$executeRecursively$6(NodeTestTask.java:155)
	at org.junit.platform.engine.support.hierarchical.ThrowableCollector.execute(ThrowableCollector.java:73)
	at org.junit.platform.engine.support.hierarchical.NodeTestTask.lambda$executeRecursively$8(NodeTestTask.java:141)
	at org.junit.platform.engine.support.hierarchical.Node.around(Node.java:137)
	at org.junit.platform.engine.support.hierarchical.NodeTestTask.lambda$executeRecursively$9(NodeTestTask.java:139)
	at org.junit.platform.engine.support.hierarchical.ThrowableCollector.execute(ThrowableCollector.java:73)
	at org.junit.platform.engine.support.hierarchical.NodeTestTask.executeRecursively(NodeTestTask.java:138)
	at org.junit.platform.engine.support.hierarchical.NodeTestTask.execute(NodeTestTask.java:95)
	at java.base/java.util.ArrayList.forEach(ArrayList.java:1596)
	at org.junit.platform.engine.support.hierarchical.SameThreadHierarchicalTestExecutorService.invokeAll(SameThreadHierarchicalTestExecutorService.java:41)
	at org.junit.platform.engine.support.hierarchical.NodeTestTask.lambda$executeRecursively$6(NodeTestTask.java:155)
	at org.junit.platform.engine.support.hierarchical.ThrowableCollector.execute(ThrowableCollector.java:73)
	at org.junit.platform.engine.support.hierarchical.NodeTestTask.lambda$executeRecursively$8(NodeTestTask.java:141)
	at org.junit.platform.engine.support.hierarchical.Node.around(Node.java:137)
	at org.junit.platform.engine.support.hierarchical.NodeTestTask.lambda$executeRecursively$9(NodeTestTask.java:139)
	at org.junit.platform.engine.support.hierarchical.ThrowableCollector.execute(ThrowableCollector.java:73)
	at org.junit.platform.engine.support.hierarchical.NodeTestTask.executeRecursively(NodeTestTask.java:138)
	at org.junit.platform.engine.support.hierarchical.NodeTestTask.execute(NodeTestTask.java:95)
	at org.junit.platform.engine.support.hierarchical.SameThreadHierarchicalTestExecutorService.submit(SameThreadHierarchicalTestExecutorService.java:35)
	at org.junit.platform.engine.support.hierarchical.HierarchicalTestExecutor.execute(HierarchicalTestExecutor.java:57)
	at org.junit.platform.engine.support.hierarchical.HierarchicalTestEngine.execute(HierarchicalTestEngine.java:54)
	at org.junit.platform.launcher.core.EngineExecutionOrchestrator.execute(EngineExecutionOrchestrator.java:198)
	at org.junit.platform.launcher.core.EngineExecutionOrchestrator.execute(EngineExecutionOrchestrator.java:169)
	at org.junit.platform.launcher.core.EngineExecutionOrchestrator.execute(EngineExecutionOrchestrator.java:93)
	at org.junit.platform.launcher.core.EngineExecutionOrchestrator.lambda$execute$0(EngineExecutionOrchestrator.java:58)
	at org.junit.platform.launcher.core.EngineExecutionOrchestrator.withInterceptedStreams(EngineExecutionOrchestrator.java:141)
	at org.junit.platform.launcher.core.EngineExecutionOrchestrator.execute(EngineExecutionOrchestrator.java:57)
	at org.junit.platform.launcher.core.DefaultLauncher.execute(DefaultLauncher.java:103)
	at org.junit.platform.launcher.core.DefaultLauncher.execute(DefaultLauncher.java:85)
	at org.junit.platform.launcher.core.DelegatingLauncher.execute(DelegatingLauncher.java:47)
	at org.junit.platform.launcher.core.SessionPerRequestLauncher.execute(SessionPerRequestLauncher.java:63)
	at com.intellij.junit5.JUnit5IdeaTestRunner.startRunnerWithArgs(JUnit5IdeaTestRunner.java:57)
	at com.intellij.rt.junit.IdeaTestRunner$Repeater$1.execute(IdeaTestRunner.java:38)
	at com.intellij.rt.execution.junit.TestsRepeater.repeat(TestsRepeater.java:11)
	at com.intellij.rt.junit.IdeaTestRunner$Repeater.startRunnerWithArgs(IdeaTestRunner.java:35)
	at com.intellij.rt.junit.JUnitStarter.prepareStreamsAndStart(JUnitStarter.java:232)
	at com.intellij.rt.junit.JUnitStarter.main(JUnitStarter.java:55)
2025-02-03 13:00:28 [main] INFO  l.insoft.uztis.tests.utils.TestUtils - Screenshot moved to C:\Users\ingrida.zadorozniene\Desktop\Asm\UZTIS\UZTIS_tests\test-output\screenshots\20250203\130028301_testFillNewApplication().png
2025-02-03 13:02:05 [main] INFO  lt.insoft.uztis.tests.UztisPageTest - Navigated to https://uztisdev.asseco.lt/home
2025-02-03 13:02:05 [main] INFO  l.i.u.t.SubmittedApplicationsPageTest - Starting test:'testFillNewApplication'
2025-02-03 13:02:06 [main] DEBUG l.i.u.t.SubmittedApplicationsPageTest - User logged in with test credentials
2025-02-03 13:02:06 [main] DEBUG l.i.u.t.SubmittedApplicationsPageTest - Opened 'Application Processing' menu.
2025-02-03 13:02:06 [main] DEBUG l.i.u.t.SubmittedApplicationsPageTest - Clicked on 'Application Forms' menu.
2025-02-03 13:02:07 [main] DEBUG l.i.u.t.SubmittedApplicationsPageTest - Retrieved last description code text: 'TST-VUI-27'.
2025-02-03 13:02:07 [main] DEBUG l.i.u.t.SubmittedApplicationsPageTest - Clicked on 'Invitation' menu.
2025-02-03 13:02:08 [main] DEBUG l.i.u.t.SubmittedApplicationsPageTest - Selected application section by code: 'TST-VUI-27'.
2025-02-03 13:02:08 [main] DEBUG l.i.u.t.SubmittedApplicationsPageTest - Clicked 'Search' button.
2025-02-03 13:02:08 [main] DEBUG l.i.u.t.SubmittedApplicationsPageTest - Retrieved invitation code: ''.
2025-02-03 13:02:08 [main] DEBUG l.i.u.t.SubmittedApplicationsPageTest - Clicked on 'Submitted Applications' menu.
2025-02-03 13:02:09 [main] DEBUG l.i.u.t.SubmittedApplicationsPageTest - Selected invitation by code: 'TST-VUI-27'.
2025-02-03 13:02:09 [main] DEBUG l.i.u.t.SubmittedApplicationsPageTest - Clicked on 'Action Application' button.
2025-02-03 13:02:10 [main] DEBUG l.i.u.t.SubmittedApplicationsPageTest - Clicked on 'New Application' button.
2025-02-03 13:02:10 [main] DEBUG l.i.u.t.SubmittedApplicationsPageTest - Clicked on 'RadioButtonFA' button.
2025-02-03 13:02:10 [main] DEBUG l.i.u.t.SubmittedApplicationsPageTest - Entered phone number into the input field.
2025-02-03 13:02:11 [main] DEBUG l.i.u.t.SubmittedApplicationsPageTest - Entered eMail into the input field.
2025-02-03 13:02:11 [main] INFO  l.i.u.p.SubmittedApplicationsPage - Located the dropdown button.
2025-02-03 13:02:31 [main] INFO  l.i.u.p.SubmittedApplicationsPage - Found 1741 options in the dropdown.
2025-02-03 13:02:31 [main] INFO  l.i.u.p.SubmittedApplicationsPage - Successfully selected the value: '01.11 - Grūdinių (išskyrus ryžius), ankštinių ir aliejingų sėklų augalų auginimas'
2025-02-03 13:02:42 [main] ERROR l.i.u.p.SubmittedApplicationsPage - Failed to close the dropdown with aria-expanded = 'false'. Attempting manual close.
2025-02-03 13:02:42 [main] INFO  l.i.u.p.SubmittedApplicationsPage - Manual close attempt for the dropdown using body click.
2025-02-03 13:02:42 [main] DEBUG l.i.u.t.SubmittedApplicationsPageTest - Entered Address into the input field.
2025-02-03 13:02:42 [main] DEBUG l.i.u.t.SubmittedApplicationsPageTest - Entered Address into the input field.
2025-02-03 13:02:43 [main] INFO  l.i.u.p.SubmittedApplicationsPage - Located the dropdown button.
2025-02-03 13:02:44 [main] INFO  l.i.u.p.SubmittedApplicationsPage - Successfully selected the value: 'Administratoriai'
2025-02-03 13:03:04 [main] ERROR l.i.u.p.SubmittedApplicationsPage - Timeout while waiting for dropdown to close with aria-expanded = 'false'.
2025-02-03 13:03:04 [main] DEBUG l.i.u.t.SubmittedApplicationsPageTest - Selected the value: 'Administratoriai'
2025-02-03 13:03:04 [main] INFO  l.i.u.p.SubmittedApplicationsPage - Clicking on the dropdown button.
2025-02-03 13:03:05 [main] INFO  l.i.u.p.SubmittedApplicationsPage - Found 34 options in the dropdown.
2025-02-03 13:03:05 [main] DEBUG l.i.u.p.SubmittedApplicationsPage - Checking option: 'Asmenys, kuriems suteiktas pabėgėlio statusas ar perkeliamojo asmens statusas, arba asmenys, kuriems suteikta papildoma ar laikinoji apsauga, ir asmenys, turintys teisę gauti laikinąją apsaugą, iki sprendimo dėl laikinosios apsaugos suteikimo (nesuteikimo) priėmimo, tačiau ne ilgiau kaip laikinosios apsaugos laikotarpiu'
2025-02-03 13:03:05 [main] DEBUG l.i.u.p.SubmittedApplicationsPage - Checking option: 'Asmenys, kuriems suteiktas pabėgėlio statusas ar perkeliamojo asmens statusas, arba asmenys, kuriems suteikta papildoma ar laikinoji apsauga, ir asmenys, turintys teisę gauti laikinąją apsaugą, iki sprendimo dėl laikinosios apsaugos suteikimo (nesuteikimo) priėmimo, tačiau ne ilgiau kaip laikinosios apsaugos laikotarpiu'
2025-02-03 13:03:05 [main] DEBUG l.i.u.p.SubmittedApplicationsPage - Checking option: 'Asmenys, turintys teisę į papildomas užimtumo garantijas pagal Lietuvos Respublikos valstybės įmonės Ignalinos atominės elektrinės darbuotojų papildomų užimtumo ir socialinių garantijų įstatymą'
2025-02-03 13:03:05 [main] DEBUG l.i.u.p.SubmittedApplicationsPage - Checking option: 'Asmenys, turintys teisę į papildomas užimtumo garantijas pagal Lietuvos Respublikos valstybės įmonės Ignalinos atominės elektrinės darbuotojų papildomų užimtumo ir socialinių garantijų įstatymą'
2025-02-03 13:03:05 [main] DEBUG l.i.u.p.SubmittedApplicationsPage - Checking option: 'Bedarbiai iki 29 metų'
2025-02-03 13:03:05 [main] DEBUG l.i.u.p.SubmittedApplicationsPage - Checking option: 'Bedarbiai iki 29 metų'
2025-02-03 13:03:05 [main] DEBUG l.i.u.p.SubmittedApplicationsPage - Checking option: 'Bedarbiai, kurie yra darbingo amžiaus neįgalieji, kuriems nustatytas 30–40 procentų darbingumo lygis arba vidutinis neįgalumo lygis'
2025-02-03 13:03:05 [main] DEBUG l.i.u.p.SubmittedApplicationsPage - Checking option: 'Bedarbiai, kurie yra darbingo amžiaus neįgalieji, kuriems nustatytas 30–40 procentų darbingumo lygis arba vidutinis neįgalumo lygis'
2025-02-03 13:03:05 [main] DEBUG l.i.u.p.SubmittedApplicationsPage - Checking option: 'Bedarbiai, kurie yra darbingo amžiaus neįgalieji, kuriems nustatytas 45–55 procentų darbingumo lygis arba lengvas neįgalumo lygis'
2025-02-03 13:03:05 [main] DEBUG l.i.u.p.SubmittedApplicationsPage - Checking option: 'Bedarbiai, kurie yra darbingo amžiaus neįgalieji, kuriems nustatytas 45–55 procentų darbingumo lygis arba lengvas neįgalumo lygis'
2025-02-03 13:03:05 [main] DEBUG l.i.u.p.SubmittedApplicationsPage - Checking option: 'Bedarbiai, kurie yra darbingo amžiaus neįgalieji, kuriems nustatytas iki 25 procentų darbingumo lygis arba sunkus neįgalumo lygis'
2025-02-03 13:03:05 [main] INFO  l.i.u.p.SubmittedApplicationsPage - Successfully selected the value: 'Bedarbiai, kurie yra darbingo amžiaus neįgalieji, kuriems nustatytas iki 25 procentų darbingumo lygis arba sunkus neįgalumo lygis'
2025-02-03 13:03:05 [main] INFO  l.i.u.p.SubmittedApplicationsPage - Attempting to close the dropdown.
2025-02-03 13:03:16 [main] INFO  l.i.u.p.SubmittedApplicationsPage - Dropdown should be closed now.
2025-02-03 13:03:16 [main] INFO  l.i.u.p.SubmittedApplicationsPage - Located the dropdown button.
2025-02-03 13:03:17 [main] INFO  l.i.u.p.SubmittedApplicationsPage - Successfully selected the value: 'Kita'
2025-02-03 13:03:27 [main] ERROR l.i.u.p.SubmittedApplicationsPage - Timeout while waiting for dropdown to close with aria-expanded = 'false'.
2025-02-03 13:03:27 [main] DEBUG l.i.u.t.SubmittedApplicationsPageTest - Selected the value: 'Kita'
2025-02-03 13:03:27 [main] DEBUG l.i.u.t.SubmittedApplicationsPageTest - Selected the value: '6 val. per dieną ir 4 d. per savaitę'
2025-02-03 13:03:28 [main] DEBUG l.i.u.t.SubmittedApplicationsPageTest - Entered Address into the input field.
2025-02-03 13:03:29 [main] INFO  l.i.u.p.SubmittedApplicationsPage - Located the dropdown button.
2025-02-03 13:03:30 [main] INFO  l.i.u.p.SubmittedApplicationsPage - Successfully selected the value: 'Įsigyti'
2025-02-03 13:03:50 [main] ERROR l.i.u.p.SubmittedApplicationsPage - Timeout while waiting for dropdown to close with aria-expanded = 'false'.
2025-02-03 13:03:50 [main] DEBUG l.i.u.t.SubmittedApplicationsPageTest - Selected the value: 'Įsigyti'
2025-02-03 13:03:51 [main] DEBUG l.i.u.t.SubmittedApplicationsPageTest - Selected the value: 'Darbo priemonė 1'
2025-02-03 13:03:51 [main] DEBUG l.i.u.t.SubmittedApplicationsPageTest - Selected the value: 'Darbo priemonės 1 parametras 1'
2025-02-03 13:03:51 [main] DEBUG l.i.u.t.SubmittedApplicationsPageTest - Selected the value: 'Darbo priemonės 1 parametras 2'
2025-02-03 13:03:51 [main] DEBUG l.i.u.t.SubmittedApplicationsPageTest - Selected the value: 'Darbo priemonės 1 parametras 3'
2025-02-03 13:03:51 [main] DEBUG l.i.u.t.SubmittedApplicationsPageTest - Entered Address into the input field.
2025-02-03 13:03:51 [main] DEBUG l.i.u.t.SubmittedApplicationsPageTest - Entered Address into the input field.
2025-02-03 13:03:52 [main] DEBUG l.i.u.t.SubmittedApplicationsPageTest - Entered Address into the input field.
2025-02-03 13:03:52 [main] DEBUG l.i.u.t.SubmittedApplicationsPageTest - Entered Address into the input field.
2025-02-03 13:03:52 [main] DEBUG l.i.u.t.SubmittedApplicationsPageTest - Entered Address into the input field.
2025-02-03 13:03:52 [main] DEBUG l.i.u.t.SubmittedApplicationsPageTest - Entered Address into the input field.
2025-02-03 13:03:52 [main] DEBUG l.i.u.t.SubmittedApplicationsPageTest - Entered Address into the input field.
2025-02-03 13:03:53 [main] DEBUG l.i.u.t.SubmittedApplicationsPageTest - Entered Address into the input field.
2025-02-03 13:03:55 [main] ERROR l.i.u.t.SubmittedApplicationsPageTest - Test 'testFillNewApplication' failed with error: element click intercepted: Element <input type="checkbox" class="mdc-checkbox__native-control" id="mat-mdc-checkbox-1-input" tabindex="0"> is not clickable at point (671, 354). Other element would receive the click: <strong>...</strong>
  (Session info: chrome=132.0.6834.160)
Build info: version: '4.27.0', revision: 'd6e718d134'
System info: os.name: 'Windows 11', os.arch: 'amd64', os.version: '10.0', java.version: '21.0.3'
Driver info: org.openqa.selenium.chrome.ChromeDriver
Command: [e73da4bdf947e3bc1cd783b7c58f83da, clickElement {id=f.FCE7F2D8AAAEFCABFFB8FF37550CDD1D.d.79AE112DD898B51B0CE69782CFFC88AF.e.2286}]
Capabilities {acceptInsecureCerts: false, browserName: chrome, browserVersion: 132.0.6834.160, chrome: {chromedriverVersion: 132.0.6834.159 (2d77d3fc445..., userDataDir: C:\Users\INGRID~1.ZAD\AppDa...}, fedcm:accounts: true, goog:chromeOptions: {debuggerAddress: localhost:49381}, networkConnectionEnabled: false, pageLoadStrategy: normal, platformName: windows, proxy: Proxy(), se:cdp: ws://localhost:49381/devtoo..., se:cdpVersion: 132.0.6834.160, setWindowRect: true, strictFileInteractability: false, timeouts: {implicit: 0, pageLoad: 300000, script: 30000}, unhandledPromptBehavior: dismiss and notify, webauthn:extension:credBlob: true, webauthn:extension:largeBlob: true, webauthn:extension:minPinLength: true, webauthn:extension:prf: true, webauthn:virtualAuthenticators: true}
Element: [[ChromeDriver: chrome on windows (e73da4bdf947e3bc1cd783b7c58f83da)] -> xpath: (//div[contains(@class, 'mdc-checkbox')]//input[@type='checkbox'])[1]]
Session ID: e73da4bdf947e3bc1cd783b7c58f83da
org.openqa.selenium.ElementClickInterceptedException: element click intercepted: Element <input type="checkbox" class="mdc-checkbox__native-control" id="mat-mdc-checkbox-1-input" tabindex="0"> is not clickable at point (671, 354). Other element would receive the click: <strong>...</strong>
  (Session info: chrome=132.0.6834.160)
Build info: version: '4.27.0', revision: 'd6e718d134'
System info: os.name: 'Windows 11', os.arch: 'amd64', os.version: '10.0', java.version: '21.0.3'
Driver info: org.openqa.selenium.chrome.ChromeDriver
Command: [e73da4bdf947e3bc1cd783b7c58f83da, clickElement {id=f.FCE7F2D8AAAEFCABFFB8FF37550CDD1D.d.79AE112DD898B51B0CE69782CFFC88AF.e.2286}]
Capabilities {acceptInsecureCerts: false, browserName: chrome, browserVersion: 132.0.6834.160, chrome: {chromedriverVersion: 132.0.6834.159 (2d77d3fc445..., userDataDir: C:\Users\INGRID~1.ZAD\AppDa...}, fedcm:accounts: true, goog:chromeOptions: {debuggerAddress: localhost:49381}, networkConnectionEnabled: false, pageLoadStrategy: normal, platformName: windows, proxy: Proxy(), se:cdp: ws://localhost:49381/devtoo..., se:cdpVersion: 132.0.6834.160, setWindowRect: true, strictFileInteractability: false, timeouts: {implicit: 0, pageLoad: 300000, script: 30000}, unhandledPromptBehavior: dismiss and notify, webauthn:extension:credBlob: true, webauthn:extension:largeBlob: true, webauthn:extension:minPinLength: true, webauthn:extension:prf: true, webauthn:virtualAuthenticators: true}
Element: [[ChromeDriver: chrome on windows (e73da4bdf947e3bc1cd783b7c58f83da)] -> xpath: (//div[contains(@class, 'mdc-checkbox')]//input[@type='checkbox'])[1]]
Session ID: e73da4bdf947e3bc1cd783b7c58f83da
	at java.base/jdk.internal.reflect.DirectConstructorHandleAccessor.newInstance(DirectConstructorHandleAccessor.java:62)
	at java.base/java.lang.reflect.Constructor.newInstanceWithCaller(Constructor.java:502)
	at java.base/java.lang.reflect.Constructor.newInstance(Constructor.java:486)
	at org.openqa.selenium.remote.ErrorCodec.decode(ErrorCodec.java:167)
	at org.openqa.selenium.remote.codec.w3c.W3CHttpResponseCodec.decode(W3CHttpResponseCodec.java:138)
	at org.openqa.selenium.remote.codec.w3c.W3CHttpResponseCodec.decode(W3CHttpResponseCodec.java:50)
	at org.openqa.selenium.remote.HttpCommandExecutor.execute(HttpCommandExecutor.java:190)
	at org.openqa.selenium.remote.service.DriverCommandExecutor.invokeExecute(DriverCommandExecutor.java:216)
	at org.openqa.selenium.remote.service.DriverCommandExecutor.execute(DriverCommandExecutor.java:174)
	at org.openqa.selenium.remote.RemoteWebDriver.execute(RemoteWebDriver.java:545)
	at org.openqa.selenium.remote.RemoteWebElement.execute(RemoteWebElement.java:223)
	at org.openqa.selenium.remote.RemoteWebElement.click(RemoteWebElement.java:76)
	at java.base/jdk.internal.reflect.DirectMethodHandleAccessor.invoke(DirectMethodHandleAccessor.java:103)
	at java.base/java.lang.reflect.Method.invoke(Method.java:580)
	at org.openqa.selenium.support.pagefactory.internal.LocatingElementHandler.invoke(LocatingElementHandler.java:51)
	at jdk.proxy2/jdk.proxy2.$Proxy14.click(Unknown Source)
	at lt.insoft.uztis.pages.SubmittedApplicationsPage.setCheckboxConfirmation(SubmittedApplicationsPage.java:732)
	at lt.insoft.uztis.tests.SubmittedApplicationsPageTest.testFillNewApplication(SubmittedApplicationsPageTest.java:288)
	at java.base/jdk.internal.reflect.DirectMethodHandleAccessor.invoke(DirectMethodHandleAccessor.java:103)
	at java.base/java.lang.reflect.Method.invoke(Method.java:580)
	at org.junit.platform.commons.util.ReflectionUtils.invokeMethod(ReflectionUtils.java:728)
	at org.junit.jupiter.engine.execution.MethodInvocation.proceed(MethodInvocation.java:60)
	at org.junit.jupiter.engine.execution.InvocationInterceptorChain$ValidatingInvocation.proceed(InvocationInterceptorChain.java:131)
	at org.junit.jupiter.engine.extension.TimeoutExtension.intercept(TimeoutExtension.java:156)
	at org.junit.jupiter.engine.extension.TimeoutExtension.interceptTestableMethod(TimeoutExtension.java:147)
	at org.junit.jupiter.engine.extension.TimeoutExtension.interceptTestMethod(TimeoutExtension.java:86)
	at org.junit.jupiter.engine.execution.InterceptingExecutableInvoker$ReflectiveInterceptorCall.lambda$ofVoidMethod$0(InterceptingExecutableInvoker.java:103)
	at org.junit.jupiter.engine.execution.InterceptingExecutableInvoker.lambda$invoke$0(InterceptingExecutableInvoker.java:93)
	at org.junit.jupiter.engine.execution.InvocationInterceptorChain$InterceptedInvocation.proceed(InvocationInterceptorChain.java:106)
	at org.junit.jupiter.engine.execution.InvocationInterceptorChain.proceed(InvocationInterceptorChain.java:64)
	at org.junit.jupiter.engine.execution.InvocationInterceptorChain.chainAndInvoke(InvocationInterceptorChain.java:45)
	at org.junit.jupiter.engine.execution.InvocationInterceptorChain.invoke(InvocationInterceptorChain.java:37)
	at org.junit.jupiter.engine.execution.InterceptingExecutableInvoker.invoke(InterceptingExecutableInvoker.java:92)
	at org.junit.jupiter.engine.execution.InterceptingExecutableInvoker.invoke(InterceptingExecutableInvoker.java:86)
	at org.junit.jupiter.engine.descriptor.TestMethodTestDescriptor.lambda$invokeTestMethod$7(TestMethodTestDescriptor.java:218)
	at org.junit.platform.engine.support.hierarchical.ThrowableCollector.execute(ThrowableCollector.java:73)
	at org.junit.jupiter.engine.descriptor.TestMethodTestDescriptor.invokeTestMethod(TestMethodTestDescriptor.java:214)
	at org.junit.jupiter.engine.descriptor.TestMethodTestDescriptor.execute(TestMethodTestDescriptor.java:139)
	at org.junit.jupiter.engine.descriptor.TestMethodTestDescriptor.execute(TestMethodTestDescriptor.java:69)
	at org.junit.platform.engine.support.hierarchical.NodeTestTask.lambda$executeRecursively$6(NodeTestTask.java:151)
	at org.junit.platform.engine.support.hierarchical.ThrowableCollector.execute(ThrowableCollector.java:73)
	at org.junit.platform.engine.support.hierarchical.NodeTestTask.lambda$executeRecursively$8(NodeTestTask.java:141)
	at org.junit.platform.engine.support.hierarchical.Node.around(Node.java:137)
	at org.junit.platform.engine.support.hierarchical.NodeTestTask.lambda$executeRecursively$9(NodeTestTask.java:139)
	at org.junit.platform.engine.support.hierarchical.ThrowableCollector.execute(ThrowableCollector.java:73)
	at org.junit.platform.engine.support.hierarchical.NodeTestTask.executeRecursively(NodeTestTask.java:138)
	at org.junit.platform.engine.support.hierarchical.NodeTestTask.execute(NodeTestTask.java:95)
	at java.base/java.util.ArrayList.forEach(ArrayList.java:1596)
	at org.junit.platform.engine.support.hierarchical.SameThreadHierarchicalTestExecutorService.invokeAll(SameThreadHierarchicalTestExecutorService.java:41)
	at org.junit.platform.engine.support.hierarchical.NodeTestTask.lambda$executeRecursively$6(NodeTestTask.java:155)
	at org.junit.platform.engine.support.hierarchical.ThrowableCollector.execute(ThrowableCollector.java:73)
	at org.junit.platform.engine.support.hierarchical.NodeTestTask.lambda$executeRecursively$8(NodeTestTask.java:141)
	at org.junit.platform.engine.support.hierarchical.Node.around(Node.java:137)
	at org.junit.platform.engine.support.hierarchical.NodeTestTask.lambda$executeRecursively$9(NodeTestTask.java:139)
	at org.junit.platform.engine.support.hierarchical.ThrowableCollector.execute(ThrowableCollector.java:73)
	at org.junit.platform.engine.support.hierarchical.NodeTestTask.executeRecursively(NodeTestTask.java:138)
	at org.junit.platform.engine.support.hierarchical.NodeTestTask.execute(NodeTestTask.java:95)
	at java.base/java.util.ArrayList.forEach(ArrayList.java:1596)
	at org.junit.platform.engine.support.hierarchical.SameThreadHierarchicalTestExecutorService.invokeAll(SameThreadHierarchicalTestExecutorService.java:41)
	at org.junit.platform.engine.support.hierarchical.NodeTestTask.lambda$executeRecursively$6(NodeTestTask.java:155)
	at org.junit.platform.engine.support.hierarchical.ThrowableCollector.execute(ThrowableCollector.java:73)
	at org.junit.platform.engine.support.hierarchical.NodeTestTask.lambda$executeRecursively$8(NodeTestTask.java:141)
	at org.junit.platform.engine.support.hierarchical.Node.around(Node.java:137)
	at org.junit.platform.engine.support.hierarchical.NodeTestTask.lambda$executeRecursively$9(NodeTestTask.java:139)
	at org.junit.platform.engine.support.hierarchical.ThrowableCollector.execute(ThrowableCollector.java:73)
	at org.junit.platform.engine.support.hierarchical.NodeTestTask.executeRecursively(NodeTestTask.java:138)
	at org.junit.platform.engine.support.hierarchical.NodeTestTask.execute(NodeTestTask.java:95)
	at org.junit.platform.engine.support.hierarchical.SameThreadHierarchicalTestExecutorService.submit(SameThreadHierarchicalTestExecutorService.java:35)
	at org.junit.platform.engine.support.hierarchical.HierarchicalTestExecutor.execute(HierarchicalTestExecutor.java:57)
	at org.junit.platform.engine.support.hierarchical.HierarchicalTestEngine.execute(HierarchicalTestEngine.java:54)
	at org.junit.platform.launcher.core.EngineExecutionOrchestrator.execute(EngineExecutionOrchestrator.java:198)
	at org.junit.platform.launcher.core.EngineExecutionOrchestrator.execute(EngineExecutionOrchestrator.java:169)
	at org.junit.platform.launcher.core.EngineExecutionOrchestrator.execute(EngineExecutionOrchestrator.java:93)
	at org.junit.platform.launcher.core.EngineExecutionOrchestrator.lambda$execute$0(EngineExecutionOrchestrator.java:58)
	at org.junit.platform.launcher.core.EngineExecutionOrchestrator.withInterceptedStreams(EngineExecutionOrchestrator.java:141)
	at org.junit.platform.launcher.core.EngineExecutionOrchestrator.execute(EngineExecutionOrchestrator.java:57)
	at org.junit.platform.launcher.core.DefaultLauncher.execute(DefaultLauncher.java:103)
	at org.junit.platform.launcher.core.DefaultLauncher.execute(DefaultLauncher.java:85)
	at org.junit.platform.launcher.core.DelegatingLauncher.execute(DelegatingLauncher.java:47)
	at org.junit.platform.launcher.core.SessionPerRequestLauncher.execute(SessionPerRequestLauncher.java:63)
	at com.intellij.junit5.JUnit5IdeaTestRunner.startRunnerWithArgs(JUnit5IdeaTestRunner.java:57)
	at com.intellij.rt.junit.IdeaTestRunner$Repeater$1.execute(IdeaTestRunner.java:38)
	at com.intellij.rt.execution.junit.TestsRepeater.repeat(TestsRepeater.java:11)
	at com.intellij.rt.junit.IdeaTestRunner$Repeater.startRunnerWithArgs(IdeaTestRunner.java:35)
	at com.intellij.rt.junit.JUnitStarter.prepareStreamsAndStart(JUnitStarter.java:232)
	at com.intellij.rt.junit.JUnitStarter.main(JUnitStarter.java:55)
2025-02-03 13:03:55 [main] INFO  l.insoft.uztis.tests.utils.TestUtils - Screenshot moved to C:\Users\ingrida.zadorozniene\Desktop\Asm\UZTIS\UZTIS_tests\test-output\screenshots\20250203\130355175_testFillNewApplication().png
2025-02-03 13:08:48 [main] INFO  lt.insoft.uztis.tests.UztisPageTest - Navigated to https://uztisdev.asseco.lt/home
2025-02-03 13:08:48 [main] INFO  l.i.u.t.SubmittedApplicationsPageTest - Starting test:'testFillNewApplication'
2025-02-03 13:08:48 [main] DEBUG l.i.u.t.SubmittedApplicationsPageTest - User logged in with test credentials
2025-02-03 13:08:49 [main] DEBUG l.i.u.t.SubmittedApplicationsPageTest - Opened 'Application Processing' menu.
2025-02-03 13:08:49 [main] DEBUG l.i.u.t.SubmittedApplicationsPageTest - Clicked on 'Application Forms' menu.
2025-02-03 13:08:49 [main] DEBUG l.i.u.t.SubmittedApplicationsPageTest - Retrieved last description code text: 'TST-VUI-27'.
2025-02-03 13:08:49 [main] DEBUG l.i.u.t.SubmittedApplicationsPageTest - Clicked on 'Invitation' menu.
2025-02-03 13:08:50 [main] DEBUG l.i.u.t.SubmittedApplicationsPageTest - Selected application section by code: 'TST-VUI-27'.
2025-02-03 13:08:50 [main] DEBUG l.i.u.t.SubmittedApplicationsPageTest - Clicked 'Search' button.
2025-02-03 13:08:50 [main] DEBUG l.i.u.t.SubmittedApplicationsPageTest - Retrieved invitation code: ''.
2025-02-03 13:08:50 [main] DEBUG l.i.u.t.SubmittedApplicationsPageTest - Clicked on 'Submitted Applications' menu.
2025-02-03 13:08:51 [main] DEBUG l.i.u.t.SubmittedApplicationsPageTest - Selected invitation by code: 'TST-VUI-27'.
2025-02-03 13:08:51 [main] DEBUG l.i.u.t.SubmittedApplicationsPageTest - Clicked on 'Action Application' button.
2025-02-03 13:08:52 [main] DEBUG l.i.u.t.SubmittedApplicationsPageTest - Clicked on 'New Application' button.
2025-02-03 13:08:52 [main] DEBUG l.i.u.t.SubmittedApplicationsPageTest - Clicked on 'RadioButtonFA' button.
2025-02-03 13:08:52 [main] DEBUG l.i.u.t.SubmittedApplicationsPageTest - Entered phone number into the input field.
2025-02-03 13:08:52 [main] DEBUG l.i.u.t.SubmittedApplicationsPageTest - Entered eMail into the input field.
2025-02-03 13:08:52 [main] INFO  l.i.u.p.SubmittedApplicationsPage - Located the dropdown button.
2025-02-03 13:09:13 [main] INFO  l.i.u.p.SubmittedApplicationsPage - Found 1741 options in the dropdown.
2025-02-03 13:09:13 [main] INFO  l.i.u.p.SubmittedApplicationsPage - Successfully selected the value: '01.11 - Grūdinių (išskyrus ryžius), ankštinių ir aliejingų sėklų augalų auginimas'
2025-02-03 13:09:24 [main] ERROR l.i.u.p.SubmittedApplicationsPage - Failed to close the dropdown with aria-expanded = 'false'. Attempting manual close.
2025-02-03 13:09:24 [main] INFO  l.i.u.p.SubmittedApplicationsPage - Manual close attempt for the dropdown using body click.
2025-02-03 13:09:24 [main] DEBUG l.i.u.t.SubmittedApplicationsPageTest - Entered Address into the input field.
2025-02-03 13:09:24 [main] DEBUG l.i.u.t.SubmittedApplicationsPageTest - Entered Address into the input field.
2025-02-03 13:09:25 [main] INFO  l.i.u.p.SubmittedApplicationsPage - Located the dropdown button.
2025-02-03 13:09:26 [main] INFO  l.i.u.p.SubmittedApplicationsPage - Successfully selected the value: 'Administratoriai'
2025-02-03 13:09:46 [main] ERROR l.i.u.p.SubmittedApplicationsPage - Timeout while waiting for dropdown to close with aria-expanded = 'false'.
2025-02-03 13:09:46 [main] DEBUG l.i.u.t.SubmittedApplicationsPageTest - Selected the value: 'Administratoriai'
2025-02-03 13:09:47 [main] INFO  l.i.u.p.SubmittedApplicationsPage - Clicking on the dropdown button.
2025-02-03 13:09:48 [main] INFO  l.i.u.p.SubmittedApplicationsPage - Found 34 options in the dropdown.
2025-02-03 13:09:48 [main] DEBUG l.i.u.p.SubmittedApplicationsPage - Checking option: 'Asmenys, kuriems suteiktas pabėgėlio statusas ar perkeliamojo asmens statusas, arba asmenys, kuriems suteikta papildoma ar laikinoji apsauga, ir asmenys, turintys teisę gauti laikinąją apsaugą, iki sprendimo dėl laikinosios apsaugos suteikimo (nesuteikimo) priėmimo, tačiau ne ilgiau kaip laikinosios apsaugos laikotarpiu'
2025-02-03 13:09:48 [main] DEBUG l.i.u.p.SubmittedApplicationsPage - Checking option: 'Asmenys, kuriems suteiktas pabėgėlio statusas ar perkeliamojo asmens statusas, arba asmenys, kuriems suteikta papildoma ar laikinoji apsauga, ir asmenys, turintys teisę gauti laikinąją apsaugą, iki sprendimo dėl laikinosios apsaugos suteikimo (nesuteikimo) priėmimo, tačiau ne ilgiau kaip laikinosios apsaugos laikotarpiu'
2025-02-03 13:09:48 [main] DEBUG l.i.u.p.SubmittedApplicationsPage - Checking option: 'Asmenys, turintys teisę į papildomas užimtumo garantijas pagal Lietuvos Respublikos valstybės įmonės Ignalinos atominės elektrinės darbuotojų papildomų užimtumo ir socialinių garantijų įstatymą'
2025-02-03 13:09:48 [main] DEBUG l.i.u.p.SubmittedApplicationsPage - Checking option: 'Asmenys, turintys teisę į papildomas užimtumo garantijas pagal Lietuvos Respublikos valstybės įmonės Ignalinos atominės elektrinės darbuotojų papildomų užimtumo ir socialinių garantijų įstatymą'
2025-02-03 13:09:48 [main] DEBUG l.i.u.p.SubmittedApplicationsPage - Checking option: 'Bedarbiai iki 29 metų'
2025-02-03 13:09:48 [main] DEBUG l.i.u.p.SubmittedApplicationsPage - Checking option: 'Bedarbiai iki 29 metų'
2025-02-03 13:09:48 [main] DEBUG l.i.u.p.SubmittedApplicationsPage - Checking option: 'Bedarbiai, kurie yra darbingo amžiaus neįgalieji, kuriems nustatytas 30–40 procentų darbingumo lygis arba vidutinis neįgalumo lygis'
2025-02-03 13:09:48 [main] DEBUG l.i.u.p.SubmittedApplicationsPage - Checking option: 'Bedarbiai, kurie yra darbingo amžiaus neįgalieji, kuriems nustatytas 30–40 procentų darbingumo lygis arba vidutinis neįgalumo lygis'
2025-02-03 13:09:48 [main] DEBUG l.i.u.p.SubmittedApplicationsPage - Checking option: 'Bedarbiai, kurie yra darbingo amžiaus neįgalieji, kuriems nustatytas 45–55 procentų darbingumo lygis arba lengvas neįgalumo lygis'
2025-02-03 13:09:48 [main] DEBUG l.i.u.p.SubmittedApplicationsPage - Checking option: 'Bedarbiai, kurie yra darbingo amžiaus neįgalieji, kuriems nustatytas 45–55 procentų darbingumo lygis arba lengvas neįgalumo lygis'
2025-02-03 13:09:48 [main] DEBUG l.i.u.p.SubmittedApplicationsPage - Checking option: 'Bedarbiai, kurie yra darbingo amžiaus neįgalieji, kuriems nustatytas iki 25 procentų darbingumo lygis arba sunkus neįgalumo lygis'
2025-02-03 13:09:48 [main] INFO  l.i.u.p.SubmittedApplicationsPage - Successfully selected the value: 'Bedarbiai, kurie yra darbingo amžiaus neįgalieji, kuriems nustatytas iki 25 procentų darbingumo lygis arba sunkus neįgalumo lygis'
2025-02-03 13:09:48 [main] INFO  l.i.u.p.SubmittedApplicationsPage - Attempting to close the dropdown.
2025-02-03 13:09:58 [main] INFO  l.i.u.p.SubmittedApplicationsPage - Dropdown should be closed now.
2025-02-03 13:09:59 [main] INFO  l.i.u.p.SubmittedApplicationsPage - Located the dropdown button.
2025-02-03 13:09:59 [main] INFO  l.i.u.p.SubmittedApplicationsPage - Successfully selected the value: 'Kita'
2025-02-03 13:10:09 [main] ERROR l.i.u.p.SubmittedApplicationsPage - Timeout while waiting for dropdown to close with aria-expanded = 'false'.
2025-02-03 13:10:09 [main] DEBUG l.i.u.t.SubmittedApplicationsPageTest - Selected the value: 'Kita'
2025-02-03 13:10:10 [main] DEBUG l.i.u.t.SubmittedApplicationsPageTest - Selected the value: '6 val. per dieną ir 4 d. per savaitę'
2025-02-03 13:10:10 [main] DEBUG l.i.u.t.SubmittedApplicationsPageTest - Entered Address into the input field.
2025-02-03 13:10:12 [main] INFO  l.i.u.p.SubmittedApplicationsPage - Located the dropdown button.
2025-02-03 13:10:12 [main] INFO  l.i.u.p.SubmittedApplicationsPage - Successfully selected the value: 'Įsigyti'
2025-02-03 13:10:32 [main] ERROR l.i.u.p.SubmittedApplicationsPage - Timeout while waiting for dropdown to close with aria-expanded = 'false'.
2025-02-03 13:10:32 [main] DEBUG l.i.u.t.SubmittedApplicationsPageTest - Selected the value: 'Įsigyti'
2025-02-03 13:10:32 [main] DEBUG l.i.u.t.SubmittedApplicationsPageTest - Selected the value: 'Darbo priemonė 1'
2025-02-03 13:10:33 [main] DEBUG l.i.u.t.SubmittedApplicationsPageTest - Selected the value: 'Darbo priemonės 1 parametras 1'
2025-02-03 13:10:33 [main] DEBUG l.i.u.t.SubmittedApplicationsPageTest - Selected the value: 'Darbo priemonės 1 parametras 2'
2025-02-03 13:10:33 [main] DEBUG l.i.u.t.SubmittedApplicationsPageTest - Selected the value: 'Darbo priemonės 1 parametras 3'
2025-02-03 13:10:33 [main] DEBUG l.i.u.t.SubmittedApplicationsPageTest - Entered Address into the input field.
2025-02-03 13:10:33 [main] DEBUG l.i.u.t.SubmittedApplicationsPageTest - Entered Address into the input field.
2025-02-03 13:10:34 [main] DEBUG l.i.u.t.SubmittedApplicationsPageTest - Entered Address into the input field.
2025-02-03 13:10:34 [main] DEBUG l.i.u.t.SubmittedApplicationsPageTest - Entered Address into the input field.
2025-02-03 13:10:34 [main] DEBUG l.i.u.t.SubmittedApplicationsPageTest - Entered Address into the input field.
2025-02-03 13:10:34 [main] DEBUG l.i.u.t.SubmittedApplicationsPageTest - Entered Address into the input field.
2025-02-03 13:10:34 [main] DEBUG l.i.u.t.SubmittedApplicationsPageTest - Entered Address into the input field.
2025-02-03 13:10:35 [main] DEBUG l.i.u.t.SubmittedApplicationsPageTest - Entered Address into the input field.
2025-02-03 13:10:45 [main] ERROR l.i.u.t.SubmittedApplicationsPageTest - Test 'testFillNewApplication' failed with error: Expected condition failed: waiting for element to be clickable: [[ChromeDriver: chrome on windows (afe1ee0c005ea95282fcdf304c393ce5)] -> xpath: (//div[contains(@class, 'mdc-checkbox')]//input[@type='checkbox'])[1]] (tried for 10 second(s) with 500 milliseconds interval)
Build info: version: '4.27.0', revision: 'd6e718d134'
System info: os.name: 'Windows 11', os.arch: 'amd64', os.version: '10.0', java.version: '21.0.3'
Driver info: org.openqa.selenium.chrome.ChromeDriver
Capabilities {acceptInsecureCerts: false, browserName: chrome, browserVersion: 132.0.6834.160, chrome: {chromedriverVersion: 132.0.6834.159 (2d77d3fc445..., userDataDir: C:\Users\INGRID~1.ZAD\AppDa...}, fedcm:accounts: true, goog:chromeOptions: {debuggerAddress: localhost:49683}, networkConnectionEnabled: false, pageLoadStrategy: normal, platformName: windows, proxy: Proxy(), se:cdp: ws://localhost:49683/devtoo..., se:cdpVersion: 132.0.6834.160, setWindowRect: true, strictFileInteractability: false, timeouts: {implicit: 0, pageLoad: 300000, script: 30000}, unhandledPromptBehavior: dismiss and notify, webauthn:extension:credBlob: true, webauthn:extension:largeBlob: true, webauthn:extension:minPinLength: true, webauthn:extension:prf: true, webauthn:virtualAuthenticators: true}
Session ID: afe1ee0c005ea95282fcdf304c393ce5
org.openqa.selenium.TimeoutException: Expected condition failed: waiting for element to be clickable: [[ChromeDriver: chrome on windows (afe1ee0c005ea95282fcdf304c393ce5)] -> xpath: (//div[contains(@class, 'mdc-checkbox')]//input[@type='checkbox'])[1]] (tried for 10 second(s) with 500 milliseconds interval)
Build info: version: '4.27.0', revision: 'd6e718d134'
System info: os.name: 'Windows 11', os.arch: 'amd64', os.version: '10.0', java.version: '21.0.3'
Driver info: org.openqa.selenium.chrome.ChromeDriver
Capabilities {acceptInsecureCerts: false, browserName: chrome, browserVersion: 132.0.6834.160, chrome: {chromedriverVersion: 132.0.6834.159 (2d77d3fc445..., userDataDir: C:\Users\INGRID~1.ZAD\AppDa...}, fedcm:accounts: true, goog:chromeOptions: {debuggerAddress: localhost:49683}, networkConnectionEnabled: false, pageLoadStrategy: normal, platformName: windows, proxy: Proxy(), se:cdp: ws://localhost:49683/devtoo..., se:cdpVersion: 132.0.6834.160, setWindowRect: true, strictFileInteractability: false, timeouts: {implicit: 0, pageLoad: 300000, script: 30000}, unhandledPromptBehavior: dismiss and notify, webauthn:extension:credBlob: true, webauthn:extension:largeBlob: true, webauthn:extension:minPinLength: true, webauthn:extension:prf: true, webauthn:virtualAuthenticators: true}
Session ID: afe1ee0c005ea95282fcdf304c393ce5
	at org.openqa.selenium.support.ui.WebDriverWait.timeoutException(WebDriverWait.java:84)
	at org.openqa.selenium.support.ui.FluentWait.until(FluentWait.java:228)
	at lt.insoft.uztis.pages.SubmittedApplicationsPage.setCheckboxConfirmation(SubmittedApplicationsPage.java:733)
	at lt.insoft.uztis.tests.SubmittedApplicationsPageTest.testFillNewApplication(SubmittedApplicationsPageTest.java:288)
	at java.base/jdk.internal.reflect.DirectMethodHandleAccessor.invoke(DirectMethodHandleAccessor.java:103)
	at java.base/java.lang.reflect.Method.invoke(Method.java:580)
	at org.junit.platform.commons.util.ReflectionUtils.invokeMethod(ReflectionUtils.java:728)
	at org.junit.jupiter.engine.execution.MethodInvocation.proceed(MethodInvocation.java:60)
	at org.junit.jupiter.engine.execution.InvocationInterceptorChain$ValidatingInvocation.proceed(InvocationInterceptorChain.java:131)
	at org.junit.jupiter.engine.extension.TimeoutExtension.intercept(TimeoutExtension.java:156)
	at org.junit.jupiter.engine.extension.TimeoutExtension.interceptTestableMethod(TimeoutExtension.java:147)
	at org.junit.jupiter.engine.extension.TimeoutExtension.interceptTestMethod(TimeoutExtension.java:86)
	at org.junit.jupiter.engine.execution.InterceptingExecutableInvoker$ReflectiveInterceptorCall.lambda$ofVoidMethod$0(InterceptingExecutableInvoker.java:103)
	at org.junit.jupiter.engine.execution.InterceptingExecutableInvoker.lambda$invoke$0(InterceptingExecutableInvoker.java:93)
	at org.junit.jupiter.engine.execution.InvocationInterceptorChain$InterceptedInvocation.proceed(InvocationInterceptorChain.java:106)
	at org.junit.jupiter.engine.execution.InvocationInterceptorChain.proceed(InvocationInterceptorChain.java:64)
	at org.junit.jupiter.engine.execution.InvocationInterceptorChain.chainAndInvoke(InvocationInterceptorChain.java:45)
	at org.junit.jupiter.engine.execution.InvocationInterceptorChain.invoke(InvocationInterceptorChain.java:37)
	at org.junit.jupiter.engine.execution.InterceptingExecutableInvoker.invoke(InterceptingExecutableInvoker.java:92)
	at org.junit.jupiter.engine.execution.InterceptingExecutableInvoker.invoke(InterceptingExecutableInvoker.java:86)
	at org.junit.jupiter.engine.descriptor.TestMethodTestDescriptor.lambda$invokeTestMethod$7(TestMethodTestDescriptor.java:218)
	at org.junit.platform.engine.support.hierarchical.ThrowableCollector.execute(ThrowableCollector.java:73)
	at org.junit.jupiter.engine.descriptor.TestMethodTestDescriptor.invokeTestMethod(TestMethodTestDescriptor.java:214)
	at org.junit.jupiter.engine.descriptor.TestMethodTestDescriptor.execute(TestMethodTestDescriptor.java:139)
	at org.junit.jupiter.engine.descriptor.TestMethodTestDescriptor.execute(TestMethodTestDescriptor.java:69)
	at org.junit.platform.engine.support.hierarchical.NodeTestTask.lambda$executeRecursively$6(NodeTestTask.java:151)
	at org.junit.platform.engine.support.hierarchical.ThrowableCollector.execute(ThrowableCollector.java:73)
	at org.junit.platform.engine.support.hierarchical.NodeTestTask.lambda$executeRecursively$8(NodeTestTask.java:141)
	at org.junit.platform.engine.support.hierarchical.Node.around(Node.java:137)
	at org.junit.platform.engine.support.hierarchical.NodeTestTask.lambda$executeRecursively$9(NodeTestTask.java:139)
	at org.junit.platform.engine.support.hierarchical.ThrowableCollector.execute(ThrowableCollector.java:73)
	at org.junit.platform.engine.support.hierarchical.NodeTestTask.executeRecursively(NodeTestTask.java:138)
	at org.junit.platform.engine.support.hierarchical.NodeTestTask.execute(NodeTestTask.java:95)
	at java.base/java.util.ArrayList.forEach(ArrayList.java:1596)
	at org.junit.platform.engine.support.hierarchical.SameThreadHierarchicalTestExecutorService.invokeAll(SameThreadHierarchicalTestExecutorService.java:41)
	at org.junit.platform.engine.support.hierarchical.NodeTestTask.lambda$executeRecursively$6(NodeTestTask.java:155)
	at org.junit.platform.engine.support.hierarchical.ThrowableCollector.execute(ThrowableCollector.java:73)
	at org.junit.platform.engine.support.hierarchical.NodeTestTask.lambda$executeRecursively$8(NodeTestTask.java:141)
	at org.junit.platform.engine.support.hierarchical.Node.around(Node.java:137)
	at org.junit.platform.engine.support.hierarchical.NodeTestTask.lambda$executeRecursively$9(NodeTestTask.java:139)
	at org.junit.platform.engine.support.hierarchical.ThrowableCollector.execute(ThrowableCollector.java:73)
	at org.junit.platform.engine.support.hierarchical.NodeTestTask.executeRecursively(NodeTestTask.java:138)
	at org.junit.platform.engine.support.hierarchical.NodeTestTask.execute(NodeTestTask.java:95)
	at java.base/java.util.ArrayList.forEach(ArrayList.java:1596)
	at org.junit.platform.engine.support.hierarchical.SameThreadHierarchicalTestExecutorService.invokeAll(SameThreadHierarchicalTestExecutorService.java:41)
	at org.junit.platform.engine.support.hierarchical.NodeTestTask.lambda$executeRecursively$6(NodeTestTask.java:155)
	at org.junit.platform.engine.support.hierarchical.ThrowableCollector.execute(ThrowableCollector.java:73)
	at org.junit.platform.engine.support.hierarchical.NodeTestTask.lambda$executeRecursively$8(NodeTestTask.java:141)
	at org.junit.platform.engine.support.hierarchical.Node.around(Node.java:137)
	at org.junit.platform.engine.support.hierarchical.NodeTestTask.lambda$executeRecursively$9(NodeTestTask.java:139)
	at org.junit.platform.engine.support.hierarchical.ThrowableCollector.execute(ThrowableCollector.java:73)
	at org.junit.platform.engine.support.hierarchical.NodeTestTask.executeRecursively(NodeTestTask.java:138)
	at org.junit.platform.engine.support.hierarchical.NodeTestTask.execute(NodeTestTask.java:95)
	at org.junit.platform.engine.support.hierarchical.SameThreadHierarchicalTestExecutorService.submit(SameThreadHierarchicalTestExecutorService.java:35)
	at org.junit.platform.engine.support.hierarchical.HierarchicalTestExecutor.execute(HierarchicalTestExecutor.java:57)
	at org.junit.platform.engine.support.hierarchical.HierarchicalTestEngine.execute(HierarchicalTestEngine.java:54)
	at org.junit.platform.launcher.core.EngineExecutionOrchestrator.execute(EngineExecutionOrchestrator.java:198)
	at org.junit.platform.launcher.core.EngineExecutionOrchestrator.execute(EngineExecutionOrchestrator.java:169)
	at org.junit.platform.launcher.core.EngineExecutionOrchestrator.execute(EngineExecutionOrchestrator.java:93)
	at org.junit.platform.launcher.core.EngineExecutionOrchestrator.lambda$execute$0(EngineExecutionOrchestrator.java:58)
	at org.junit.platform.launcher.core.EngineExecutionOrchestrator.withInterceptedStreams(EngineExecutionOrchestrator.java:141)
	at org.junit.platform.launcher.core.EngineExecutionOrchestrator.execute(EngineExecutionOrchestrator.java:57)
	at org.junit.platform.launcher.core.DefaultLauncher.execute(DefaultLauncher.java:103)
	at org.junit.platform.launcher.core.DefaultLauncher.execute(DefaultLauncher.java:85)
	at org.junit.platform.launcher.core.DelegatingLauncher.execute(DelegatingLauncher.java:47)
	at org.junit.platform.launcher.core.SessionPerRequestLauncher.execute(SessionPerRequestLauncher.java:63)
	at com.intellij.junit5.JUnit5IdeaTestRunner.startRunnerWithArgs(JUnit5IdeaTestRunner.java:57)
	at com.intellij.rt.junit.IdeaTestRunner$Repeater$1.execute(IdeaTestRunner.java:38)
	at com.intellij.rt.execution.junit.TestsRepeater.repeat(TestsRepeater.java:11)
	at com.intellij.rt.junit.IdeaTestRunner$Repeater.startRunnerWithArgs(IdeaTestRunner.java:35)
	at com.intellij.rt.junit.JUnitStarter.prepareStreamsAndStart(JUnitStarter.java:232)
	at com.intellij.rt.junit.JUnitStarter.main(JUnitStarter.java:55)
2025-02-03 13:10:46 [main] INFO  l.insoft.uztis.tests.utils.TestUtils - Screenshot moved to C:\Users\ingrida.zadorozniene\Desktop\Asm\UZTIS\UZTIS_tests\test-output\screenshots\20250203\131046065_testFillNewApplication().png
2025-02-03 13:14:17 [main] INFO  lt.insoft.uztis.tests.UztisPageTest - Navigated to https://uztisdev.asseco.lt/home
2025-02-03 13:14:17 [main] INFO  l.i.u.t.SubmittedApplicationsPageTest - Starting test:'testFillNewApplication'
2025-02-03 13:14:18 [main] DEBUG l.i.u.t.SubmittedApplicationsPageTest - User logged in with test credentials
2025-02-03 13:14:18 [main] DEBUG l.i.u.t.SubmittedApplicationsPageTest - Opened 'Application Processing' menu.
2025-02-03 13:14:18 [main] DEBUG l.i.u.t.SubmittedApplicationsPageTest - Clicked on 'Application Forms' menu.
2025-02-03 13:14:19 [main] DEBUG l.i.u.t.SubmittedApplicationsPageTest - Retrieved last description code text: 'TST-VUI-27'.
2025-02-03 13:14:19 [main] DEBUG l.i.u.t.SubmittedApplicationsPageTest - Clicked on 'Invitation' menu.
2025-02-03 13:14:20 [main] DEBUG l.i.u.t.SubmittedApplicationsPageTest - Selected application section by code: 'TST-VUI-27'.
2025-02-03 13:14:20 [main] DEBUG l.i.u.t.SubmittedApplicationsPageTest - Clicked 'Search' button.
2025-02-03 13:14:20 [main] DEBUG l.i.u.t.SubmittedApplicationsPageTest - Retrieved invitation code: ''.
2025-02-03 13:14:20 [main] DEBUG l.i.u.t.SubmittedApplicationsPageTest - Clicked on 'Submitted Applications' menu.
2025-02-03 13:14:21 [main] DEBUG l.i.u.t.SubmittedApplicationsPageTest - Selected invitation by code: 'TST-VUI-27'.
2025-02-03 13:14:21 [main] DEBUG l.i.u.t.SubmittedApplicationsPageTest - Clicked on 'Action Application' button.
2025-02-03 13:14:21 [main] DEBUG l.i.u.t.SubmittedApplicationsPageTest - Clicked on 'New Application' button.
2025-02-03 13:14:22 [main] DEBUG l.i.u.t.SubmittedApplicationsPageTest - Clicked on 'RadioButtonFA' button.
2025-02-03 13:14:22 [main] DEBUG l.i.u.t.SubmittedApplicationsPageTest - Entered phone number into the input field.
2025-02-03 13:14:22 [main] DEBUG l.i.u.t.SubmittedApplicationsPageTest - Entered eMail into the input field.
2025-02-03 13:14:22 [main] INFO  l.i.u.p.SubmittedApplicationsPage - Located the dropdown button.
2025-02-03 13:14:41 [main] INFO  l.i.u.p.SubmittedApplicationsPage - Found 1741 options in the dropdown.
2025-02-03 13:14:41 [main] INFO  l.i.u.p.SubmittedApplicationsPage - Successfully selected the value: '01.11 - Grūdinių (išskyrus ryžius), ankštinių ir aliejingų sėklų augalų auginimas'
2025-02-03 13:14:51 [main] ERROR l.i.u.p.SubmittedApplicationsPage - Failed to close the dropdown with aria-expanded = 'false'. Attempting manual close.
2025-02-03 13:14:51 [main] INFO  l.i.u.p.SubmittedApplicationsPage - Manual close attempt for the dropdown using body click.
2025-02-03 13:14:52 [main] DEBUG l.i.u.t.SubmittedApplicationsPageTest - Entered Address into the input field.
2025-02-03 13:14:52 [main] DEBUG l.i.u.t.SubmittedApplicationsPageTest - Entered Address into the input field.
2025-02-03 13:14:52 [main] INFO  l.i.u.p.SubmittedApplicationsPage - Located the dropdown button.
2025-02-03 13:14:53 [main] ERROR l.i.u.t.SubmittedApplicationsPageTest - Test 'testFillNewApplication' failed with error: element click intercepted: Element <mat-label>...</mat-label> is not clickable at point (1051, 179). Other element would receive the click: ...<span class="mat-mdc-select-placeholder mat-mdc-select-min-line ng-tns-c1073613477-34 ng-star-inserted"></span>
  (Session info: chrome=132.0.6834.160)
Build info: version: '4.27.0', revision: 'd6e718d134'
System info: os.name: 'Windows 11', os.arch: 'amd64', os.version: '10.0', java.version: '21.0.3'
Driver info: org.openqa.selenium.chrome.ChromeDriver
Command: [29a3de5b66f46bf91894b99d8e8b66c7, clickElement {id=f.DCA213A6DF29A9292D93464DC2B22877.d.BC4078CC412FBEA0D9E4EE4B750E5FA7.e.2080}]
Capabilities {acceptInsecureCerts: false, browserName: chrome, browserVersion: 132.0.6834.160, chrome: {chromedriverVersion: 132.0.6834.159 (2d77d3fc445..., userDataDir: C:\Users\INGRID~1.ZAD\AppDa...}, fedcm:accounts: true, goog:chromeOptions: {debuggerAddress: localhost:49870}, networkConnectionEnabled: false, pageLoadStrategy: normal, platformName: windows, proxy: Proxy(), se:cdp: ws://localhost:49870/devtoo..., se:cdpVersion: 132.0.6834.160, setWindowRect: true, strictFileInteractability: false, timeouts: {implicit: 0, pageLoad: 300000, script: 30000}, unhandledPromptBehavior: dismiss and notify, webauthn:extension:credBlob: true, webauthn:extension:largeBlob: true, webauthn:extension:minPinLength: true, webauthn:extension:prf: true, webauthn:virtualAuthenticators: true}
Element: [[ChromeDriver: chrome on windows (29a3de5b66f46bf91894b99d8e8b66c7)] -> xpath: //mat-label[contains(text(), 'Darbo vietos pavadinimas')]]
Session ID: 29a3de5b66f46bf91894b99d8e8b66c7
org.openqa.selenium.ElementClickInterceptedException: element click intercepted: Element <mat-label>...</mat-label> is not clickable at point (1051, 179). Other element would receive the click: ...<span class="mat-mdc-select-placeholder mat-mdc-select-min-line ng-tns-c1073613477-34 ng-star-inserted"></span>
  (Session info: chrome=132.0.6834.160)
Build info: version: '4.27.0', revision: 'd6e718d134'
System info: os.name: 'Windows 11', os.arch: 'amd64', os.version: '10.0', java.version: '21.0.3'
Driver info: org.openqa.selenium.chrome.ChromeDriver
Command: [29a3de5b66f46bf91894b99d8e8b66c7, clickElement {id=f.DCA213A6DF29A9292D93464DC2B22877.d.BC4078CC412FBEA0D9E4EE4B750E5FA7.e.2080}]
Capabilities {acceptInsecureCerts: false, browserName: chrome, browserVersion: 132.0.6834.160, chrome: {chromedriverVersion: 132.0.6834.159 (2d77d3fc445..., userDataDir: C:\Users\INGRID~1.ZAD\AppDa...}, fedcm:accounts: true, goog:chromeOptions: {debuggerAddress: localhost:49870}, networkConnectionEnabled: false, pageLoadStrategy: normal, platformName: windows, proxy: Proxy(), se:cdp: ws://localhost:49870/devtoo..., se:cdpVersion: 132.0.6834.160, setWindowRect: true, strictFileInteractability: false, timeouts: {implicit: 0, pageLoad: 300000, script: 30000}, unhandledPromptBehavior: dismiss and notify, webauthn:extension:credBlob: true, webauthn:extension:largeBlob: true, webauthn:extension:minPinLength: true, webauthn:extension:prf: true, webauthn:virtualAuthenticators: true}
Element: [[ChromeDriver: chrome on windows (29a3de5b66f46bf91894b99d8e8b66c7)] -> xpath: //mat-label[contains(text(), 'Darbo vietos pavadinimas')]]
Session ID: 29a3de5b66f46bf91894b99d8e8b66c7
	at java.base/jdk.internal.reflect.DirectConstructorHandleAccessor.newInstance(DirectConstructorHandleAccessor.java:62)
	at java.base/java.lang.reflect.Constructor.newInstanceWithCaller(Constructor.java:502)
	at java.base/java.lang.reflect.Constructor.newInstance(Constructor.java:486)
	at org.openqa.selenium.remote.ErrorCodec.decode(ErrorCodec.java:167)
	at org.openqa.selenium.remote.codec.w3c.W3CHttpResponseCodec.decode(W3CHttpResponseCodec.java:138)
	at org.openqa.selenium.remote.codec.w3c.W3CHttpResponseCodec.decode(W3CHttpResponseCodec.java:50)
	at org.openqa.selenium.remote.HttpCommandExecutor.execute(HttpCommandExecutor.java:190)
	at org.openqa.selenium.remote.service.DriverCommandExecutor.invokeExecute(DriverCommandExecutor.java:216)
	at org.openqa.selenium.remote.service.DriverCommandExecutor.execute(DriverCommandExecutor.java:174)
	at org.openqa.selenium.remote.RemoteWebDriver.execute(RemoteWebDriver.java:545)
	at org.openqa.selenium.remote.RemoteWebElement.execute(RemoteWebElement.java:223)
	at org.openqa.selenium.remote.RemoteWebElement.click(RemoteWebElement.java:76)
	at java.base/jdk.internal.reflect.DirectMethodHandleAccessor.invoke(DirectMethodHandleAccessor.java:103)
	at java.base/java.lang.reflect.Method.invoke(Method.java:580)
	at org.openqa.selenium.support.pagefactory.internal.LocatingElementHandler.invoke(LocatingElementHandler.java:51)
	at jdk.proxy2/jdk.proxy2.$Proxy14.click(Unknown Source)
	at lt.insoft.uztis.pages.SubmittedApplicationsPage.selectDropdownJobName(SubmittedApplicationsPage.java:398)
	at lt.insoft.uztis.tests.SubmittedApplicationsPageTest.testFillNewApplication(SubmittedApplicationsPageTest.java:173)
	at java.base/jdk.internal.reflect.DirectMethodHandleAccessor.invoke(DirectMethodHandleAccessor.java:103)
	at java.base/java.lang.reflect.Method.invoke(Method.java:580)
	at org.junit.platform.commons.util.ReflectionUtils.invokeMethod(ReflectionUtils.java:728)
	at org.junit.jupiter.engine.execution.MethodInvocation.proceed(MethodInvocation.java:60)
	at org.junit.jupiter.engine.execution.InvocationInterceptorChain$ValidatingInvocation.proceed(InvocationInterceptorChain.java:131)
	at org.junit.jupiter.engine.extension.TimeoutExtension.intercept(TimeoutExtension.java:156)
	at org.junit.jupiter.engine.extension.TimeoutExtension.interceptTestableMethod(TimeoutExtension.java:147)
	at org.junit.jupiter.engine.extension.TimeoutExtension.interceptTestMethod(TimeoutExtension.java:86)
	at org.junit.jupiter.engine.execution.InterceptingExecutableInvoker$ReflectiveInterceptorCall.lambda$ofVoidMethod$0(InterceptingExecutableInvoker.java:103)
	at org.junit.jupiter.engine.execution.InterceptingExecutableInvoker.lambda$invoke$0(InterceptingExecutableInvoker.java:93)
	at org.junit.jupiter.engine.execution.InvocationInterceptorChain$InterceptedInvocation.proceed(InvocationInterceptorChain.java:106)
	at org.junit.jupiter.engine.execution.InvocationInterceptorChain.proceed(InvocationInterceptorChain.java:64)
	at org.junit.jupiter.engine.execution.InvocationInterceptorChain.chainAndInvoke(InvocationInterceptorChain.java:45)
	at org.junit.jupiter.engine.execution.InvocationInterceptorChain.invoke(InvocationInterceptorChain.java:37)
	at org.junit.jupiter.engine.execution.InterceptingExecutableInvoker.invoke(InterceptingExecutableInvoker.java:92)
	at org.junit.jupiter.engine.execution.InterceptingExecutableInvoker.invoke(InterceptingExecutableInvoker.java:86)
	at org.junit.jupiter.engine.descriptor.TestMethodTestDescriptor.lambda$invokeTestMethod$7(TestMethodTestDescriptor.java:218)
	at org.junit.platform.engine.support.hierarchical.ThrowableCollector.execute(ThrowableCollector.java:73)
	at org.junit.jupiter.engine.descriptor.TestMethodTestDescriptor.invokeTestMethod(TestMethodTestDescriptor.java:214)
	at org.junit.jupiter.engine.descriptor.TestMethodTestDescriptor.execute(TestMethodTestDescriptor.java:139)
	at org.junit.jupiter.engine.descriptor.TestMethodTestDescriptor.execute(TestMethodTestDescriptor.java:69)
	at org.junit.platform.engine.support.hierarchical.NodeTestTask.lambda$executeRecursively$6(NodeTestTask.java:151)
	at org.junit.platform.engine.support.hierarchical.ThrowableCollector.execute(ThrowableCollector.java:73)
	at org.junit.platform.engine.support.hierarchical.NodeTestTask.lambda$executeRecursively$8(NodeTestTask.java:141)
	at org.junit.platform.engine.support.hierarchical.Node.around(Node.java:137)
	at org.junit.platform.engine.support.hierarchical.NodeTestTask.lambda$executeRecursively$9(NodeTestTask.java:139)
	at org.junit.platform.engine.support.hierarchical.ThrowableCollector.execute(ThrowableCollector.java:73)
	at org.junit.platform.engine.support.hierarchical.NodeTestTask.executeRecursively(NodeTestTask.java:138)
	at org.junit.platform.engine.support.hierarchical.NodeTestTask.execute(NodeTestTask.java:95)
	at java.base/java.util.ArrayList.forEach(ArrayList.java:1596)
	at org.junit.platform.engine.support.hierarchical.SameThreadHierarchicalTestExecutorService.invokeAll(SameThreadHierarchicalTestExecutorService.java:41)
	at org.junit.platform.engine.support.hierarchical.NodeTestTask.lambda$executeRecursively$6(NodeTestTask.java:155)
	at org.junit.platform.engine.support.hierarchical.ThrowableCollector.execute(ThrowableCollector.java:73)
	at org.junit.platform.engine.support.hierarchical.NodeTestTask.lambda$executeRecursively$8(NodeTestTask.java:141)
	at org.junit.platform.engine.support.hierarchical.Node.around(Node.java:137)
	at org.junit.platform.engine.support.hierarchical.NodeTestTask.lambda$executeRecursively$9(NodeTestTask.java:139)
	at org.junit.platform.engine.support.hierarchical.ThrowableCollector.execute(ThrowableCollector.java:73)
	at org.junit.platform.engine.support.hierarchical.NodeTestTask.executeRecursively(NodeTestTask.java:138)
	at org.junit.platform.engine.support.hierarchical.NodeTestTask.execute(NodeTestTask.java:95)
	at java.base/java.util.ArrayList.forEach(ArrayList.java:1596)
	at org.junit.platform.engine.support.hierarchical.SameThreadHierarchicalTestExecutorService.invokeAll(SameThreadHierarchicalTestExecutorService.java:41)
	at org.junit.platform.engine.support.hierarchical.NodeTestTask.lambda$executeRecursively$6(NodeTestTask.java:155)
	at org.junit.platform.engine.support.hierarchical.ThrowableCollector.execute(ThrowableCollector.java:73)
	at org.junit.platform.engine.support.hierarchical.NodeTestTask.lambda$executeRecursively$8(NodeTestTask.java:141)
	at org.junit.platform.engine.support.hierarchical.Node.around(Node.java:137)
	at org.junit.platform.engine.support.hierarchical.NodeTestTask.lambda$executeRecursively$9(NodeTestTask.java:139)
	at org.junit.platform.engine.support.hierarchical.ThrowableCollector.execute(ThrowableCollector.java:73)
	at org.junit.platform.engine.support.hierarchical.NodeTestTask.executeRecursively(NodeTestTask.java:138)
	at org.junit.platform.engine.support.hierarchical.NodeTestTask.execute(NodeTestTask.java:95)
	at org.junit.platform.engine.support.hierarchical.SameThreadHierarchicalTestExecutorService.submit(SameThreadHierarchicalTestExecutorService.java:35)
	at org.junit.platform.engine.support.hierarchical.HierarchicalTestExecutor.execute(HierarchicalTestExecutor.java:57)
	at org.junit.platform.engine.support.hierarchical.HierarchicalTestEngine.execute(HierarchicalTestEngine.java:54)
	at org.junit.platform.launcher.core.EngineExecutionOrchestrator.execute(EngineExecutionOrchestrator.java:198)
	at org.junit.platform.launcher.core.EngineExecutionOrchestrator.execute(EngineExecutionOrchestrator.java:169)
	at org.junit.platform.launcher.core.EngineExecutionOrchestrator.execute(EngineExecutionOrchestrator.java:93)
	at org.junit.platform.launcher.core.EngineExecutionOrchestrator.lambda$execute$0(EngineExecutionOrchestrator.java:58)
	at org.junit.platform.launcher.core.EngineExecutionOrchestrator.withInterceptedStreams(EngineExecutionOrchestrator.java:141)
	at org.junit.platform.launcher.core.EngineExecutionOrchestrator.execute(EngineExecutionOrchestrator.java:57)
	at org.junit.platform.launcher.core.DefaultLauncher.execute(DefaultLauncher.java:103)
	at org.junit.platform.launcher.core.DefaultLauncher.execute(DefaultLauncher.java:85)
	at org.junit.platform.launcher.core.DelegatingLauncher.execute(DelegatingLauncher.java:47)
	at org.junit.platform.launcher.core.SessionPerRequestLauncher.execute(SessionPerRequestLauncher.java:63)
	at com.intellij.junit5.JUnit5IdeaTestRunner.startRunnerWithArgs(JUnit5IdeaTestRunner.java:57)
	at com.intellij.rt.junit.IdeaTestRunner$Repeater$1.execute(IdeaTestRunner.java:38)
	at com.intellij.rt.execution.junit.TestsRepeater.repeat(TestsRepeater.java:11)
	at com.intellij.rt.junit.IdeaTestRunner$Repeater.startRunnerWithArgs(IdeaTestRunner.java:35)
	at com.intellij.rt.junit.JUnitStarter.prepareStreamsAndStart(JUnitStarter.java:232)
	at com.intellij.rt.junit.JUnitStarter.main(JUnitStarter.java:55)
2025-02-03 13:14:54 [main] INFO  l.insoft.uztis.tests.utils.TestUtils - Screenshot moved to C:\Users\ingrida.zadorozniene\Desktop\Asm\UZTIS\UZTIS_tests\test-output\screenshots\20250203\131454081_testFillNewApplication().png
2025-02-03 13:15:07 [main] INFO  lt.insoft.uztis.tests.UztisPageTest - Navigated to https://uztisdev.asseco.lt/home
2025-02-03 13:15:07 [main] INFO  l.i.u.t.SubmittedApplicationsPageTest - Starting test:'testFillNewApplication'
2025-02-03 13:15:08 [main] DEBUG l.i.u.t.SubmittedApplicationsPageTest - User logged in with test credentials
2025-02-03 13:15:08 [main] DEBUG l.i.u.t.SubmittedApplicationsPageTest - Opened 'Application Processing' menu.
2025-02-03 13:15:08 [main] DEBUG l.i.u.t.SubmittedApplicationsPageTest - Clicked on 'Application Forms' menu.
2025-02-03 13:15:09 [main] DEBUG l.i.u.t.SubmittedApplicationsPageTest - Retrieved last description code text: 'TST-VUI-27'.
2025-02-03 13:15:09 [main] DEBUG l.i.u.t.SubmittedApplicationsPageTest - Clicked on 'Invitation' menu.
2025-02-03 13:15:10 [main] DEBUG l.i.u.t.SubmittedApplicationsPageTest - Selected application section by code: 'TST-VUI-27'.
2025-02-03 13:15:10 [main] DEBUG l.i.u.t.SubmittedApplicationsPageTest - Clicked 'Search' button.
2025-02-03 13:15:10 [main] DEBUG l.i.u.t.SubmittedApplicationsPageTest - Retrieved invitation code: ''.
2025-02-03 13:15:10 [main] DEBUG l.i.u.t.SubmittedApplicationsPageTest - Clicked on 'Submitted Applications' menu.
2025-02-03 13:15:11 [main] DEBUG l.i.u.t.SubmittedApplicationsPageTest - Selected invitation by code: 'TST-VUI-27'.
2025-02-03 13:15:11 [main] DEBUG l.i.u.t.SubmittedApplicationsPageTest - Clicked on 'Action Application' button.
2025-02-03 13:15:11 [main] DEBUG l.i.u.t.SubmittedApplicationsPageTest - Clicked on 'New Application' button.
2025-02-03 13:15:12 [main] DEBUG l.i.u.t.SubmittedApplicationsPageTest - Clicked on 'RadioButtonFA' button.
2025-02-03 13:15:12 [main] DEBUG l.i.u.t.SubmittedApplicationsPageTest - Entered phone number into the input field.
2025-02-03 13:15:12 [main] DEBUG l.i.u.t.SubmittedApplicationsPageTest - Entered eMail into the input field.
2025-02-03 13:15:12 [main] INFO  l.i.u.p.SubmittedApplicationsPage - Located the dropdown button.
2025-02-03 13:15:32 [main] INFO  l.i.u.p.SubmittedApplicationsPage - Found 1741 options in the dropdown.
2025-02-03 13:15:32 [main] INFO  l.i.u.p.SubmittedApplicationsPage - Successfully selected the value: '01.11 - Grūdinių (išskyrus ryžius), ankštinių ir aliejingų sėklų augalų auginimas'
2025-02-03 13:15:43 [main] ERROR l.i.u.p.SubmittedApplicationsPage - Failed to close the dropdown with aria-expanded = 'false'. Attempting manual close.
2025-02-03 13:15:43 [main] INFO  l.i.u.p.SubmittedApplicationsPage - Manual close attempt for the dropdown using body click.
2025-02-03 13:15:43 [main] DEBUG l.i.u.t.SubmittedApplicationsPageTest - Entered Address into the input field.
2025-02-03 13:15:44 [main] DEBUG l.i.u.t.SubmittedApplicationsPageTest - Entered Address into the input field.
2025-02-03 13:15:44 [main] INFO  l.i.u.p.SubmittedApplicationsPage - Located the dropdown button.
2025-02-03 13:15:45 [main] INFO  l.i.u.p.SubmittedApplicationsPage - Successfully selected the value: 'Administratoriai'
2025-02-03 13:16:06 [main] ERROR l.i.u.p.SubmittedApplicationsPage - Timeout while waiting for dropdown to close with aria-expanded = 'false'.
2025-02-03 13:16:06 [main] DEBUG l.i.u.t.SubmittedApplicationsPageTest - Selected the value: 'Administratoriai'
2025-02-03 13:16:06 [main] INFO  l.i.u.p.SubmittedApplicationsPage - Clicking on the dropdown button.
2025-02-03 13:16:06 [main] INFO  l.i.u.p.SubmittedApplicationsPage - Found 34 options in the dropdown.
2025-02-03 13:16:06 [main] DEBUG l.i.u.p.SubmittedApplicationsPage - Checking option: 'Asmenys, kuriems suteiktas pabėgėlio statusas ar perkeliamojo asmens statusas, arba asmenys, kuriems suteikta papildoma ar laikinoji apsauga, ir asmenys, turintys teisę gauti laikinąją apsaugą, iki sprendimo dėl laikinosios apsaugos suteikimo (nesuteikimo) priėmimo, tačiau ne ilgiau kaip laikinosios apsaugos laikotarpiu'
2025-02-03 13:16:06 [main] DEBUG l.i.u.p.SubmittedApplicationsPage - Checking option: 'Asmenys, kuriems suteiktas pabėgėlio statusas ar perkeliamojo asmens statusas, arba asmenys, kuriems suteikta papildoma ar laikinoji apsauga, ir asmenys, turintys teisę gauti laikinąją apsaugą, iki sprendimo dėl laikinosios apsaugos suteikimo (nesuteikimo) priėmimo, tačiau ne ilgiau kaip laikinosios apsaugos laikotarpiu'
2025-02-03 13:16:06 [main] DEBUG l.i.u.p.SubmittedApplicationsPage - Checking option: 'Asmenys, turintys teisę į papildomas užimtumo garantijas pagal Lietuvos Respublikos valstybės įmonės Ignalinos atominės elektrinės darbuotojų papildomų užimtumo ir socialinių garantijų įstatymą'
2025-02-03 13:16:06 [main] DEBUG l.i.u.p.SubmittedApplicationsPage - Checking option: 'Asmenys, turintys teisę į papildomas užimtumo garantijas pagal Lietuvos Respublikos valstybės įmonės Ignalinos atominės elektrinės darbuotojų papildomų užimtumo ir socialinių garantijų įstatymą'
2025-02-03 13:16:07 [main] DEBUG l.i.u.p.SubmittedApplicationsPage - Checking option: 'Bedarbiai iki 29 metų'
2025-02-03 13:16:07 [main] DEBUG l.i.u.p.SubmittedApplicationsPage - Checking option: 'Bedarbiai iki 29 metų'
2025-02-03 13:16:07 [main] DEBUG l.i.u.p.SubmittedApplicationsPage - Checking option: 'Bedarbiai, kurie yra darbingo amžiaus neįgalieji, kuriems nustatytas 30–40 procentų darbingumo lygis arba vidutinis neįgalumo lygis'
2025-02-03 13:16:07 [main] DEBUG l.i.u.p.SubmittedApplicationsPage - Checking option: 'Bedarbiai, kurie yra darbingo amžiaus neįgalieji, kuriems nustatytas 30–40 procentų darbingumo lygis arba vidutinis neįgalumo lygis'
2025-02-03 13:16:07 [main] DEBUG l.i.u.p.SubmittedApplicationsPage - Checking option: 'Bedarbiai, kurie yra darbingo amžiaus neįgalieji, kuriems nustatytas 45–55 procentų darbingumo lygis arba lengvas neįgalumo lygis'
2025-02-03 13:16:07 [main] DEBUG l.i.u.p.SubmittedApplicationsPage - Checking option: 'Bedarbiai, kurie yra darbingo amžiaus neįgalieji, kuriems nustatytas 45–55 procentų darbingumo lygis arba lengvas neįgalumo lygis'
2025-02-03 13:16:07 [main] DEBUG l.i.u.p.SubmittedApplicationsPage - Checking option: 'Bedarbiai, kurie yra darbingo amžiaus neįgalieji, kuriems nustatytas iki 25 procentų darbingumo lygis arba sunkus neįgalumo lygis'
2025-02-03 13:16:07 [main] INFO  l.i.u.p.SubmittedApplicationsPage - Successfully selected the value: 'Bedarbiai, kurie yra darbingo amžiaus neįgalieji, kuriems nustatytas iki 25 procentų darbingumo lygis arba sunkus neįgalumo lygis'
2025-02-03 13:16:07 [main] INFO  l.i.u.p.SubmittedApplicationsPage - Attempting to close the dropdown.
2025-02-03 13:16:17 [main] INFO  l.i.u.p.SubmittedApplicationsPage - Dropdown should be closed now.
2025-02-03 13:16:18 [main] INFO  l.i.u.p.SubmittedApplicationsPage - Located the dropdown button.
2025-02-03 13:16:18 [main] INFO  l.i.u.p.SubmittedApplicationsPage - Successfully selected the value: 'Kita'
2025-02-03 13:16:28 [main] ERROR l.i.u.p.SubmittedApplicationsPage - Timeout while waiting for dropdown to close with aria-expanded = 'false'.
2025-02-03 13:16:28 [main] DEBUG l.i.u.t.SubmittedApplicationsPageTest - Selected the value: 'Kita'
2025-02-03 13:16:29 [main] DEBUG l.i.u.t.SubmittedApplicationsPageTest - Selected the value: '6 val. per dieną ir 4 d. per savaitę'
2025-02-03 13:16:29 [main] DEBUG l.i.u.t.SubmittedApplicationsPageTest - Entered Address into the input field.
2025-02-03 13:16:31 [main] INFO  l.i.u.p.SubmittedApplicationsPage - Located the dropdown button.
2025-02-03 13:16:31 [main] INFO  l.i.u.p.SubmittedApplicationsPage - Successfully selected the value: 'Įsigyti'
2025-02-03 13:16:51 [main] ERROR l.i.u.p.SubmittedApplicationsPage - Timeout while waiting for dropdown to close with aria-expanded = 'false'.
2025-02-03 13:16:51 [main] DEBUG l.i.u.t.SubmittedApplicationsPageTest - Selected the value: 'Įsigyti'
2025-02-03 13:16:51 [main] DEBUG l.i.u.t.SubmittedApplicationsPageTest - Selected the value: 'Darbo priemonė 1'
2025-02-03 13:16:52 [main] DEBUG l.i.u.t.SubmittedApplicationsPageTest - Selected the value: 'Darbo priemonės 1 parametras 1'
2025-02-03 13:16:52 [main] DEBUG l.i.u.t.SubmittedApplicationsPageTest - Selected the value: 'Darbo priemonės 1 parametras 2'
2025-02-03 13:16:52 [main] DEBUG l.i.u.t.SubmittedApplicationsPageTest - Selected the value: 'Darbo priemonės 1 parametras 3'
2025-02-03 13:16:52 [main] DEBUG l.i.u.t.SubmittedApplicationsPageTest - Entered Address into the input field.
2025-02-03 13:16:52 [main] DEBUG l.i.u.t.SubmittedApplicationsPageTest - Entered Address into the input field.
2025-02-03 13:16:52 [main] DEBUG l.i.u.t.SubmittedApplicationsPageTest - Entered Address into the input field.
2025-02-03 13:16:53 [main] DEBUG l.i.u.t.SubmittedApplicationsPageTest - Entered Address into the input field.
2025-02-03 13:16:53 [main] DEBUG l.i.u.t.SubmittedApplicationsPageTest - Entered Address into the input field.
2025-02-03 13:16:53 [main] DEBUG l.i.u.t.SubmittedApplicationsPageTest - Entered Address into the input field.
2025-02-03 13:16:53 [main] DEBUG l.i.u.t.SubmittedApplicationsPageTest - Entered Address into the input field.
2025-02-03 13:16:54 [main] DEBUG l.i.u.t.SubmittedApplicationsPageTest - Entered Address into the input field.
2025-02-03 13:17:04 [main] ERROR l.i.u.t.SubmittedApplicationsPageTest - Test 'testFillNewApplication' failed with error: Expected condition failed: waiting for visibility of [[ChromeDriver: chrome on windows (98613f7c7e1f66f9d9d3ba1ef040f4dc)] -> xpath: (//div[contains(@class, 'mdc-checkbox')]//input[@type='checkbox'])[1]] (tried for 10 second(s) with 500 milliseconds interval)
Build info: version: '4.27.0', revision: 'd6e718d134'
System info: os.name: 'Windows 11', os.arch: 'amd64', os.version: '10.0', java.version: '21.0.3'
Driver info: org.openqa.selenium.chrome.ChromeDriver
Capabilities {acceptInsecureCerts: false, browserName: chrome, browserVersion: 132.0.6834.160, chrome: {chromedriverVersion: 132.0.6834.159 (2d77d3fc445..., userDataDir: C:\Users\INGRID~1.ZAD\AppDa...}, fedcm:accounts: true, goog:chromeOptions: {debuggerAddress: localhost:49914}, networkConnectionEnabled: false, pageLoadStrategy: normal, platformName: windows, proxy: Proxy(), se:cdp: ws://localhost:49914/devtoo..., se:cdpVersion: 132.0.6834.160, setWindowRect: true, strictFileInteractability: false, timeouts: {implicit: 0, pageLoad: 300000, script: 30000}, unhandledPromptBehavior: dismiss and notify, webauthn:extension:credBlob: true, webauthn:extension:largeBlob: true, webauthn:extension:minPinLength: true, webauthn:extension:prf: true, webauthn:virtualAuthenticators: true}
Session ID: 98613f7c7e1f66f9d9d3ba1ef040f4dc
org.openqa.selenium.TimeoutException: Expected condition failed: waiting for visibility of [[ChromeDriver: chrome on windows (98613f7c7e1f66f9d9d3ba1ef040f4dc)] -> xpath: (//div[contains(@class, 'mdc-checkbox')]//input[@type='checkbox'])[1]] (tried for 10 second(s) with 500 milliseconds interval)
Build info: version: '4.27.0', revision: 'd6e718d134'
System info: os.name: 'Windows 11', os.arch: 'amd64', os.version: '10.0', java.version: '21.0.3'
Driver info: org.openqa.selenium.chrome.ChromeDriver
Capabilities {acceptInsecureCerts: false, browserName: chrome, browserVersion: 132.0.6834.160, chrome: {chromedriverVersion: 132.0.6834.159 (2d77d3fc445..., userDataDir: C:\Users\INGRID~1.ZAD\AppDa...}, fedcm:accounts: true, goog:chromeOptions: {debuggerAddress: localhost:49914}, networkConnectionEnabled: false, pageLoadStrategy: normal, platformName: windows, proxy: Proxy(), se:cdp: ws://localhost:49914/devtoo..., se:cdpVersion: 132.0.6834.160, setWindowRect: true, strictFileInteractability: false, timeouts: {implicit: 0, pageLoad: 300000, script: 30000}, unhandledPromptBehavior: dismiss and notify, webauthn:extension:credBlob: true, webauthn:extension:largeBlob: true, webauthn:extension:minPinLength: true, webauthn:extension:prf: true, webauthn:virtualAuthenticators: true}
Session ID: 98613f7c7e1f66f9d9d3ba1ef040f4dc
	at org.openqa.selenium.support.ui.WebDriverWait.timeoutException(WebDriverWait.java:84)
	at org.openqa.selenium.support.ui.FluentWait.until(FluentWait.java:228)
	at lt.insoft.uztis.pages.SubmittedApplicationsPage.setCheckboxConfirmation(SubmittedApplicationsPage.java:733)
	at lt.insoft.uztis.tests.SubmittedApplicationsPageTest.testFillNewApplication(SubmittedApplicationsPageTest.java:288)
	at java.base/jdk.internal.reflect.DirectMethodHandleAccessor.invoke(DirectMethodHandleAccessor.java:103)
	at java.base/java.lang.reflect.Method.invoke(Method.java:580)
	at org.junit.platform.commons.util.ReflectionUtils.invokeMethod(ReflectionUtils.java:728)
	at org.junit.jupiter.engine.execution.MethodInvocation.proceed(MethodInvocation.java:60)
	at org.junit.jupiter.engine.execution.InvocationInterceptorChain$ValidatingInvocation.proceed(InvocationInterceptorChain.java:131)
	at org.junit.jupiter.engine.extension.TimeoutExtension.intercept(TimeoutExtension.java:156)
	at org.junit.jupiter.engine.extension.TimeoutExtension.interceptTestableMethod(TimeoutExtension.java:147)
	at org.junit.jupiter.engine.extension.TimeoutExtension.interceptTestMethod(TimeoutExtension.java:86)
	at org.junit.jupiter.engine.execution.InterceptingExecutableInvoker$ReflectiveInterceptorCall.lambda$ofVoidMethod$0(InterceptingExecutableInvoker.java:103)
	at org.junit.jupiter.engine.execution.InterceptingExecutableInvoker.lambda$invoke$0(InterceptingExecutableInvoker.java:93)
	at org.junit.jupiter.engine.execution.InvocationInterceptorChain$InterceptedInvocation.proceed(InvocationInterceptorChain.java:106)
	at org.junit.jupiter.engine.execution.InvocationInterceptorChain.proceed(InvocationInterceptorChain.java:64)
	at org.junit.jupiter.engine.execution.InvocationInterceptorChain.chainAndInvoke(InvocationInterceptorChain.java:45)
	at org.junit.jupiter.engine.execution.InvocationInterceptorChain.invoke(InvocationInterceptorChain.java:37)
	at org.junit.jupiter.engine.execution.InterceptingExecutableInvoker.invoke(InterceptingExecutableInvoker.java:92)
	at org.junit.jupiter.engine.execution.InterceptingExecutableInvoker.invoke(InterceptingExecutableInvoker.java:86)
	at org.junit.jupiter.engine.descriptor.TestMethodTestDescriptor.lambda$invokeTestMethod$7(TestMethodTestDescriptor.java:218)
	at org.junit.platform.engine.support.hierarchical.ThrowableCollector.execute(ThrowableCollector.java:73)
	at org.junit.jupiter.engine.descriptor.TestMethodTestDescriptor.invokeTestMethod(TestMethodTestDescriptor.java:214)
	at org.junit.jupiter.engine.descriptor.TestMethodTestDescriptor.execute(TestMethodTestDescriptor.java:139)
	at org.junit.jupiter.engine.descriptor.TestMethodTestDescriptor.execute(TestMethodTestDescriptor.java:69)
	at org.junit.platform.engine.support.hierarchical.NodeTestTask.lambda$executeRecursively$6(NodeTestTask.java:151)
	at org.junit.platform.engine.support.hierarchical.ThrowableCollector.execute(ThrowableCollector.java:73)
	at org.junit.platform.engine.support.hierarchical.NodeTestTask.lambda$executeRecursively$8(NodeTestTask.java:141)
	at org.junit.platform.engine.support.hierarchical.Node.around(Node.java:137)
	at org.junit.platform.engine.support.hierarchical.NodeTestTask.lambda$executeRecursively$9(NodeTestTask.java:139)
	at org.junit.platform.engine.support.hierarchical.ThrowableCollector.execute(ThrowableCollector.java:73)
	at org.junit.platform.engine.support.hierarchical.NodeTestTask.executeRecursively(NodeTestTask.java:138)
	at org.junit.platform.engine.support.hierarchical.NodeTestTask.execute(NodeTestTask.java:95)
	at java.base/java.util.ArrayList.forEach(ArrayList.java:1596)
	at org.junit.platform.engine.support.hierarchical.SameThreadHierarchicalTestExecutorService.invokeAll(SameThreadHierarchicalTestExecutorService.java:41)
	at org.junit.platform.engine.support.hierarchical.NodeTestTask.lambda$executeRecursively$6(NodeTestTask.java:155)
	at org.junit.platform.engine.support.hierarchical.ThrowableCollector.execute(ThrowableCollector.java:73)
	at org.junit.platform.engine.support.hierarchical.NodeTestTask.lambda$executeRecursively$8(NodeTestTask.java:141)
	at org.junit.platform.engine.support.hierarchical.Node.around(Node.java:137)
	at org.junit.platform.engine.support.hierarchical.NodeTestTask.lambda$executeRecursively$9(NodeTestTask.java:139)
	at org.junit.platform.engine.support.hierarchical.ThrowableCollector.execute(ThrowableCollector.java:73)
	at org.junit.platform.engine.support.hierarchical.NodeTestTask.executeRecursively(NodeTestTask.java:138)
	at org.junit.platform.engine.support.hierarchical.NodeTestTask.execute(NodeTestTask.java:95)
	at java.base/java.util.ArrayList.forEach(ArrayList.java:1596)
	at org.junit.platform.engine.support.hierarchical.SameThreadHierarchicalTestExecutorService.invokeAll(SameThreadHierarchicalTestExecutorService.java:41)
	at org.junit.platform.engine.support.hierarchical.NodeTestTask.lambda$executeRecursively$6(NodeTestTask.java:155)
	at org.junit.platform.engine.support.hierarchical.ThrowableCollector.execute(ThrowableCollector.java:73)
	at org.junit.platform.engine.support.hierarchical.NodeTestTask.lambda$executeRecursively$8(NodeTestTask.java:141)
	at org.junit.platform.engine.support.hierarchical.Node.around(Node.java:137)
	at org.junit.platform.engine.support.hierarchical.NodeTestTask.lambda$executeRecursively$9(NodeTestTask.java:139)
	at org.junit.platform.engine.support.hierarchical.ThrowableCollector.execute(ThrowableCollector.java:73)
	at org.junit.platform.engine.support.hierarchical.NodeTestTask.executeRecursively(NodeTestTask.java:138)
	at org.junit.platform.engine.support.hierarchical.NodeTestTask.execute(NodeTestTask.java:95)
	at org.junit.platform.engine.support.hierarchical.SameThreadHierarchicalTestExecutorService.submit(SameThreadHierarchicalTestExecutorService.java:35)
	at org.junit.platform.engine.support.hierarchical.HierarchicalTestExecutor.execute(HierarchicalTestExecutor.java:57)
	at org.junit.platform.engine.support.hierarchical.HierarchicalTestEngine.execute(HierarchicalTestEngine.java:54)
	at org.junit.platform.launcher.core.EngineExecutionOrchestrator.execute(EngineExecutionOrchestrator.java:198)
	at org.junit.platform.launcher.core.EngineExecutionOrchestrator.execute(EngineExecutionOrchestrator.java:169)
	at org.junit.platform.launcher.core.EngineExecutionOrchestrator.execute(EngineExecutionOrchestrator.java:93)
	at org.junit.platform.launcher.core.EngineExecutionOrchestrator.lambda$execute$0(EngineExecutionOrchestrator.java:58)
	at org.junit.platform.launcher.core.EngineExecutionOrchestrator.withInterceptedStreams(EngineExecutionOrchestrator.java:141)
	at org.junit.platform.launcher.core.EngineExecutionOrchestrator.execute(EngineExecutionOrchestrator.java:57)
	at org.junit.platform.launcher.core.DefaultLauncher.execute(DefaultLauncher.java:103)
	at org.junit.platform.launcher.core.DefaultLauncher.execute(DefaultLauncher.java:85)
	at org.junit.platform.launcher.core.DelegatingLauncher.execute(DelegatingLauncher.java:47)
	at org.junit.platform.launcher.core.SessionPerRequestLauncher.execute(SessionPerRequestLauncher.java:63)
	at com.intellij.junit5.JUnit5IdeaTestRunner.startRunnerWithArgs(JUnit5IdeaTestRunner.java:57)
	at com.intellij.rt.junit.IdeaTestRunner$Repeater$1.execute(IdeaTestRunner.java:38)
	at com.intellij.rt.execution.junit.TestsRepeater.repeat(TestsRepeater.java:11)
	at com.intellij.rt.junit.IdeaTestRunner$Repeater.startRunnerWithArgs(IdeaTestRunner.java:35)
	at com.intellij.rt.junit.JUnitStarter.prepareStreamsAndStart(JUnitStarter.java:232)
	at com.intellij.rt.junit.JUnitStarter.main(JUnitStarter.java:55)
2025-02-03 13:17:05 [main] INFO  l.insoft.uztis.tests.utils.TestUtils - Screenshot moved to C:\Users\ingrida.zadorozniene\Desktop\Asm\UZTIS\UZTIS_tests\test-output\screenshots\20250203\131705087_testFillNewApplication().png
2025-02-03 13:21:46 [main] INFO  lt.insoft.uztis.tests.UztisPageTest - Navigated to https://uztisdev.asseco.lt/home
2025-02-03 13:21:46 [main] INFO  l.i.u.t.SubmittedApplicationsPageTest - Starting test:'testFillNewApplication'
2025-02-03 13:21:46 [main] DEBUG l.i.u.t.SubmittedApplicationsPageTest - User logged in with test credentials
2025-02-03 13:21:47 [main] DEBUG l.i.u.t.SubmittedApplicationsPageTest - Opened 'Application Processing' menu.
2025-02-03 13:21:47 [main] DEBUG l.i.u.t.SubmittedApplicationsPageTest - Clicked on 'Application Forms' menu.
2025-02-03 13:21:47 [main] DEBUG l.i.u.t.SubmittedApplicationsPageTest - Retrieved last description code text: 'TST-VUI-27'.
2025-02-03 13:21:47 [main] DEBUG l.i.u.t.SubmittedApplicationsPageTest - Clicked on 'Invitation' menu.
2025-02-03 13:21:48 [main] DEBUG l.i.u.t.SubmittedApplicationsPageTest - Selected application section by code: 'TST-VUI-27'.
2025-02-03 13:21:48 [main] DEBUG l.i.u.t.SubmittedApplicationsPageTest - Clicked 'Search' button.
2025-02-03 13:21:48 [main] DEBUG l.i.u.t.SubmittedApplicationsPageTest - Retrieved invitation code: ''.
2025-02-03 13:21:48 [main] DEBUG l.i.u.t.SubmittedApplicationsPageTest - Clicked on 'Submitted Applications' menu.
2025-02-03 13:21:49 [main] DEBUG l.i.u.t.SubmittedApplicationsPageTest - Selected invitation by code: 'TST-VUI-27'.
2025-02-03 13:21:49 [main] DEBUG l.i.u.t.SubmittedApplicationsPageTest - Clicked on 'Action Application' button.
2025-02-03 13:21:50 [main] DEBUG l.i.u.t.SubmittedApplicationsPageTest - Clicked on 'New Application' button.
2025-02-03 13:21:50 [main] DEBUG l.i.u.t.SubmittedApplicationsPageTest - Clicked on 'RadioButtonFA' button.
2025-02-03 13:21:50 [main] DEBUG l.i.u.t.SubmittedApplicationsPageTest - Entered phone number into the input field.
2025-02-03 13:21:51 [main] DEBUG l.i.u.t.SubmittedApplicationsPageTest - Entered eMail into the input field.
2025-02-03 13:21:51 [main] INFO  l.i.u.p.SubmittedApplicationsPage - Located the dropdown button.
2025-02-03 13:22:11 [main] INFO  l.i.u.p.SubmittedApplicationsPage - Found 1741 options in the dropdown.
2025-02-03 13:22:11 [main] INFO  l.i.u.p.SubmittedApplicationsPage - Successfully selected the value: '01.11 - Grūdinių (išskyrus ryžius), ankštinių ir aliejingų sėklų augalų auginimas'
2025-02-03 13:22:21 [main] ERROR l.i.u.p.SubmittedApplicationsPage - Failed to close the dropdown with aria-expanded = 'false'. Attempting manual close.
2025-02-03 13:22:21 [main] INFO  l.i.u.p.SubmittedApplicationsPage - Manual close attempt for the dropdown using body click.
2025-02-03 13:22:21 [main] DEBUG l.i.u.t.SubmittedApplicationsPageTest - Entered Address into the input field.
2025-02-03 13:22:22 [main] DEBUG l.i.u.t.SubmittedApplicationsPageTest - Entered Address into the input field.
2025-02-03 13:22:22 [main] INFO  l.i.u.p.SubmittedApplicationsPage - Located the dropdown button.
2025-02-03 13:22:23 [main] INFO  l.i.u.p.SubmittedApplicationsPage - Successfully selected the value: 'Administratoriai'
2025-02-03 13:22:43 [main] ERROR l.i.u.p.SubmittedApplicationsPage - Timeout while waiting for dropdown to close with aria-expanded = 'false'.
2025-02-03 13:22:43 [main] DEBUG l.i.u.t.SubmittedApplicationsPageTest - Selected the value: 'Administratoriai'
2025-02-03 13:22:44 [main] INFO  l.i.u.p.SubmittedApplicationsPage - Clicking on the dropdown button.
2025-02-03 13:22:45 [main] INFO  l.i.u.p.SubmittedApplicationsPage - Found 34 options in the dropdown.
2025-02-03 13:22:45 [main] DEBUG l.i.u.p.SubmittedApplicationsPage - Checking option: 'Asmenys, kuriems suteiktas pabėgėlio statusas ar perkeliamojo asmens statusas, arba asmenys, kuriems suteikta papildoma ar laikinoji apsauga, ir asmenys, turintys teisę gauti laikinąją apsaugą, iki sprendimo dėl laikinosios apsaugos suteikimo (nesuteikimo) priėmimo, tačiau ne ilgiau kaip laikinosios apsaugos laikotarpiu'
2025-02-03 13:22:45 [main] DEBUG l.i.u.p.SubmittedApplicationsPage - Checking option: 'Asmenys, kuriems suteiktas pabėgėlio statusas ar perkeliamojo asmens statusas, arba asmenys, kuriems suteikta papildoma ar laikinoji apsauga, ir asmenys, turintys teisę gauti laikinąją apsaugą, iki sprendimo dėl laikinosios apsaugos suteikimo (nesuteikimo) priėmimo, tačiau ne ilgiau kaip laikinosios apsaugos laikotarpiu'
2025-02-03 13:22:45 [main] DEBUG l.i.u.p.SubmittedApplicationsPage - Checking option: 'Asmenys, turintys teisę į papildomas užimtumo garantijas pagal Lietuvos Respublikos valstybės įmonės Ignalinos atominės elektrinės darbuotojų papildomų užimtumo ir socialinių garantijų įstatymą'
2025-02-03 13:22:45 [main] DEBUG l.i.u.p.SubmittedApplicationsPage - Checking option: 'Asmenys, turintys teisę į papildomas užimtumo garantijas pagal Lietuvos Respublikos valstybės įmonės Ignalinos atominės elektrinės darbuotojų papildomų užimtumo ir socialinių garantijų įstatymą'
2025-02-03 13:22:45 [main] DEBUG l.i.u.p.SubmittedApplicationsPage - Checking option: 'Bedarbiai iki 29 metų'
2025-02-03 13:22:45 [main] DEBUG l.i.u.p.SubmittedApplicationsPage - Checking option: 'Bedarbiai iki 29 metų'
2025-02-03 13:22:45 [main] DEBUG l.i.u.p.SubmittedApplicationsPage - Checking option: 'Bedarbiai, kurie yra darbingo amžiaus neįgalieji, kuriems nustatytas 30–40 procentų darbingumo lygis arba vidutinis neįgalumo lygis'
2025-02-03 13:22:45 [main] DEBUG l.i.u.p.SubmittedApplicationsPage - Checking option: 'Bedarbiai, kurie yra darbingo amžiaus neįgalieji, kuriems nustatytas 30–40 procentų darbingumo lygis arba vidutinis neįgalumo lygis'
2025-02-03 13:22:45 [main] DEBUG l.i.u.p.SubmittedApplicationsPage - Checking option: 'Bedarbiai, kurie yra darbingo amžiaus neįgalieji, kuriems nustatytas 45–55 procentų darbingumo lygis arba lengvas neįgalumo lygis'
2025-02-03 13:22:45 [main] DEBUG l.i.u.p.SubmittedApplicationsPage - Checking option: 'Bedarbiai, kurie yra darbingo amžiaus neįgalieji, kuriems nustatytas 45–55 procentų darbingumo lygis arba lengvas neįgalumo lygis'
2025-02-03 13:22:45 [main] DEBUG l.i.u.p.SubmittedApplicationsPage - Checking option: 'Bedarbiai, kurie yra darbingo amžiaus neįgalieji, kuriems nustatytas iki 25 procentų darbingumo lygis arba sunkus neįgalumo lygis'
2025-02-03 13:22:45 [main] INFO  l.i.u.p.SubmittedApplicationsPage - Successfully selected the value: 'Bedarbiai, kurie yra darbingo amžiaus neįgalieji, kuriems nustatytas iki 25 procentų darbingumo lygis arba sunkus neįgalumo lygis'
2025-02-03 13:22:45 [main] INFO  l.i.u.p.SubmittedApplicationsPage - Attempting to close the dropdown.
2025-02-03 13:22:56 [main] INFO  l.i.u.p.SubmittedApplicationsPage - Dropdown should be closed now.
2025-02-03 13:22:56 [main] INFO  l.i.u.p.SubmittedApplicationsPage - Located the dropdown button.
2025-02-03 13:22:56 [main] INFO  l.i.u.p.SubmittedApplicationsPage - Successfully selected the value: 'Kita'
2025-02-03 13:23:06 [main] ERROR l.i.u.p.SubmittedApplicationsPage - Timeout while waiting for dropdown to close with aria-expanded = 'false'.
2025-02-03 13:23:06 [main] DEBUG l.i.u.t.SubmittedApplicationsPageTest - Selected the value: 'Kita'
2025-02-03 13:23:07 [main] DEBUG l.i.u.t.SubmittedApplicationsPageTest - Selected the value: '6 val. per dieną ir 4 d. per savaitę'
2025-02-03 13:23:07 [main] DEBUG l.i.u.t.SubmittedApplicationsPageTest - Entered Address into the input field.
2025-02-03 13:23:09 [main] INFO  l.i.u.p.SubmittedApplicationsPage - Located the dropdown button.
2025-02-03 13:23:09 [main] INFO  l.i.u.p.SubmittedApplicationsPage - Successfully selected the value: 'Įsigyti'
2025-02-03 13:23:30 [main] ERROR l.i.u.p.SubmittedApplicationsPage - Timeout while waiting for dropdown to close with aria-expanded = 'false'.
2025-02-03 13:23:30 [main] DEBUG l.i.u.t.SubmittedApplicationsPageTest - Selected the value: 'Įsigyti'
2025-02-03 13:23:30 [main] DEBUG l.i.u.t.SubmittedApplicationsPageTest - Selected the value: 'Darbo priemonė 1'
2025-02-03 13:23:30 [main] DEBUG l.i.u.t.SubmittedApplicationsPageTest - Selected the value: 'Darbo priemonės 1 parametras 1'
2025-02-03 13:23:30 [main] DEBUG l.i.u.t.SubmittedApplicationsPageTest - Selected the value: 'Darbo priemonės 1 parametras 2'
2025-02-03 13:23:30 [main] DEBUG l.i.u.t.SubmittedApplicationsPageTest - Selected the value: 'Darbo priemonės 1 parametras 3'
2025-02-03 13:23:30 [main] DEBUG l.i.u.t.SubmittedApplicationsPageTest - Entered Address into the input field.
2025-02-03 13:23:31 [main] DEBUG l.i.u.t.SubmittedApplicationsPageTest - Entered Address into the input field.
2025-02-03 13:23:31 [main] DEBUG l.i.u.t.SubmittedApplicationsPageTest - Entered Address into the input field.
2025-02-03 13:23:31 [main] DEBUG l.i.u.t.SubmittedApplicationsPageTest - Entered Address into the input field.
2025-02-03 13:23:31 [main] DEBUG l.i.u.t.SubmittedApplicationsPageTest - Entered Address into the input field.
2025-02-03 13:23:31 [main] DEBUG l.i.u.t.SubmittedApplicationsPageTest - Entered Address into the input field.
2025-02-03 13:23:32 [main] DEBUG l.i.u.t.SubmittedApplicationsPageTest - Entered Address into the input field.
2025-02-03 13:23:32 [main] DEBUG l.i.u.t.SubmittedApplicationsPageTest - Entered Address into the input field.
2025-02-03 13:23:42 [main] ERROR l.i.u.t.SubmittedApplicationsPageTest - Test 'testFillNewApplication' failed with error: Expected condition failed: waiting for visibility of [[ChromeDriver: chrome on windows (2ebd358a3ca3a9a530e833af69f34686)] -> xpath: (//input[@type='checkbox' and contains(@class, 'mdc-checkbox__native-control')])[1]] (tried for 10 second(s) with 500 milliseconds interval)
Build info: version: '4.27.0', revision: 'd6e718d134'
System info: os.name: 'Windows 11', os.arch: 'amd64', os.version: '10.0', java.version: '21.0.3'
Driver info: org.openqa.selenium.chrome.ChromeDriver
Capabilities {acceptInsecureCerts: false, browserName: chrome, browserVersion: 132.0.6834.160, chrome: {chromedriverVersion: 132.0.6834.159 (2d77d3fc445..., userDataDir: C:\Users\INGRID~1.ZAD\AppDa...}, fedcm:accounts: true, goog:chromeOptions: {debuggerAddress: localhost:50165}, networkConnectionEnabled: false, pageLoadStrategy: normal, platformName: windows, proxy: Proxy(), se:cdp: ws://localhost:50165/devtoo..., se:cdpVersion: 132.0.6834.160, setWindowRect: true, strictFileInteractability: false, timeouts: {implicit: 0, pageLoad: 300000, script: 30000}, unhandledPromptBehavior: dismiss and notify, webauthn:extension:credBlob: true, webauthn:extension:largeBlob: true, webauthn:extension:minPinLength: true, webauthn:extension:prf: true, webauthn:virtualAuthenticators: true}
Session ID: 2ebd358a3ca3a9a530e833af69f34686
org.openqa.selenium.TimeoutException: Expected condition failed: waiting for visibility of [[ChromeDriver: chrome on windows (2ebd358a3ca3a9a530e833af69f34686)] -> xpath: (//input[@type='checkbox' and contains(@class, 'mdc-checkbox__native-control')])[1]] (tried for 10 second(s) with 500 milliseconds interval)
Build info: version: '4.27.0', revision: 'd6e718d134'
System info: os.name: 'Windows 11', os.arch: 'amd64', os.version: '10.0', java.version: '21.0.3'
Driver info: org.openqa.selenium.chrome.ChromeDriver
Capabilities {acceptInsecureCerts: false, browserName: chrome, browserVersion: 132.0.6834.160, chrome: {chromedriverVersion: 132.0.6834.159 (2d77d3fc445..., userDataDir: C:\Users\INGRID~1.ZAD\AppDa...}, fedcm:accounts: true, goog:chromeOptions: {debuggerAddress: localhost:50165}, networkConnectionEnabled: false, pageLoadStrategy: normal, platformName: windows, proxy: Proxy(), se:cdp: ws://localhost:50165/devtoo..., se:cdpVersion: 132.0.6834.160, setWindowRect: true, strictFileInteractability: false, timeouts: {implicit: 0, pageLoad: 300000, script: 30000}, unhandledPromptBehavior: dismiss and notify, webauthn:extension:credBlob: true, webauthn:extension:largeBlob: true, webauthn:extension:minPinLength: true, webauthn:extension:prf: true, webauthn:virtualAuthenticators: true}
Session ID: 2ebd358a3ca3a9a530e833af69f34686
	at org.openqa.selenium.support.ui.WebDriverWait.timeoutException(WebDriverWait.java:84)
	at org.openqa.selenium.support.ui.FluentWait.until(FluentWait.java:228)
	at lt.insoft.uztis.pages.SubmittedApplicationsPage.setCheckboxConfirmation(SubmittedApplicationsPage.java:733)
	at lt.insoft.uztis.tests.SubmittedApplicationsPageTest.testFillNewApplication(SubmittedApplicationsPageTest.java:288)
	at java.base/jdk.internal.reflect.DirectMethodHandleAccessor.invoke(DirectMethodHandleAccessor.java:103)
	at java.base/java.lang.reflect.Method.invoke(Method.java:580)
	at org.junit.platform.commons.util.ReflectionUtils.invokeMethod(ReflectionUtils.java:728)
	at org.junit.jupiter.engine.execution.MethodInvocation.proceed(MethodInvocation.java:60)
	at org.junit.jupiter.engine.execution.InvocationInterceptorChain$ValidatingInvocation.proceed(InvocationInterceptorChain.java:131)
	at org.junit.jupiter.engine.extension.TimeoutExtension.intercept(TimeoutExtension.java:156)
	at org.junit.jupiter.engine.extension.TimeoutExtension.interceptTestableMethod(TimeoutExtension.java:147)
	at org.junit.jupiter.engine.extension.TimeoutExtension.interceptTestMethod(TimeoutExtension.java:86)
	at org.junit.jupiter.engine.execution.InterceptingExecutableInvoker$ReflectiveInterceptorCall.lambda$ofVoidMethod$0(InterceptingExecutableInvoker.java:103)
	at org.junit.jupiter.engine.execution.InterceptingExecutableInvoker.lambda$invoke$0(InterceptingExecutableInvoker.java:93)
	at org.junit.jupiter.engine.execution.InvocationInterceptorChain$InterceptedInvocation.proceed(InvocationInterceptorChain.java:106)
	at org.junit.jupiter.engine.execution.InvocationInterceptorChain.proceed(InvocationInterceptorChain.java:64)
	at org.junit.jupiter.engine.execution.InvocationInterceptorChain.chainAndInvoke(InvocationInterceptorChain.java:45)
	at org.junit.jupiter.engine.execution.InvocationInterceptorChain.invoke(InvocationInterceptorChain.java:37)
	at org.junit.jupiter.engine.execution.InterceptingExecutableInvoker.invoke(InterceptingExecutableInvoker.java:92)
	at org.junit.jupiter.engine.execution.InterceptingExecutableInvoker.invoke(InterceptingExecutableInvoker.java:86)
	at org.junit.jupiter.engine.descriptor.TestMethodTestDescriptor.lambda$invokeTestMethod$7(TestMethodTestDescriptor.java:218)
	at org.junit.platform.engine.support.hierarchical.ThrowableCollector.execute(ThrowableCollector.java:73)
	at org.junit.jupiter.engine.descriptor.TestMethodTestDescriptor.invokeTestMethod(TestMethodTestDescriptor.java:214)
	at org.junit.jupiter.engine.descriptor.TestMethodTestDescriptor.execute(TestMethodTestDescriptor.java:139)
	at org.junit.jupiter.engine.descriptor.TestMethodTestDescriptor.execute(TestMethodTestDescriptor.java:69)
	at org.junit.platform.engine.support.hierarchical.NodeTestTask.lambda$executeRecursively$6(NodeTestTask.java:151)
	at org.junit.platform.engine.support.hierarchical.ThrowableCollector.execute(ThrowableCollector.java:73)
	at org.junit.platform.engine.support.hierarchical.NodeTestTask.lambda$executeRecursively$8(NodeTestTask.java:141)
	at org.junit.platform.engine.support.hierarchical.Node.around(Node.java:137)
	at org.junit.platform.engine.support.hierarchical.NodeTestTask.lambda$executeRecursively$9(NodeTestTask.java:139)
	at org.junit.platform.engine.support.hierarchical.ThrowableCollector.execute(ThrowableCollector.java:73)
	at org.junit.platform.engine.support.hierarchical.NodeTestTask.executeRecursively(NodeTestTask.java:138)
	at org.junit.platform.engine.support.hierarchical.NodeTestTask.execute(NodeTestTask.java:95)
	at java.base/java.util.ArrayList.forEach(ArrayList.java:1596)
	at org.junit.platform.engine.support.hierarchical.SameThreadHierarchicalTestExecutorService.invokeAll(SameThreadHierarchicalTestExecutorService.java:41)
	at org.junit.platform.engine.support.hierarchical.NodeTestTask.lambda$executeRecursively$6(NodeTestTask.java:155)
	at org.junit.platform.engine.support.hierarchical.ThrowableCollector.execute(ThrowableCollector.java:73)
	at org.junit.platform.engine.support.hierarchical.NodeTestTask.lambda$executeRecursively$8(NodeTestTask.java:141)
	at org.junit.platform.engine.support.hierarchical.Node.around(Node.java:137)
	at org.junit.platform.engine.support.hierarchical.NodeTestTask.lambda$executeRecursively$9(NodeTestTask.java:139)
	at org.junit.platform.engine.support.hierarchical.ThrowableCollector.execute(ThrowableCollector.java:73)
	at org.junit.platform.engine.support.hierarchical.NodeTestTask.executeRecursively(NodeTestTask.java:138)
	at org.junit.platform.engine.support.hierarchical.NodeTestTask.execute(NodeTestTask.java:95)
	at java.base/java.util.ArrayList.forEach(ArrayList.java:1596)
	at org.junit.platform.engine.support.hierarchical.SameThreadHierarchicalTestExecutorService.invokeAll(SameThreadHierarchicalTestExecutorService.java:41)
	at org.junit.platform.engine.support.hierarchical.NodeTestTask.lambda$executeRecursively$6(NodeTestTask.java:155)
	at org.junit.platform.engine.support.hierarchical.ThrowableCollector.execute(ThrowableCollector.java:73)
	at org.junit.platform.engine.support.hierarchical.NodeTestTask.lambda$executeRecursively$8(NodeTestTask.java:141)
	at org.junit.platform.engine.support.hierarchical.Node.around(Node.java:137)
	at org.junit.platform.engine.support.hierarchical.NodeTestTask.lambda$executeRecursively$9(NodeTestTask.java:139)
	at org.junit.platform.engine.support.hierarchical.ThrowableCollector.execute(ThrowableCollector.java:73)
	at org.junit.platform.engine.support.hierarchical.NodeTestTask.executeRecursively(NodeTestTask.java:138)
	at org.junit.platform.engine.support.hierarchical.NodeTestTask.execute(NodeTestTask.java:95)
	at org.junit.platform.engine.support.hierarchical.SameThreadHierarchicalTestExecutorService.submit(SameThreadHierarchicalTestExecutorService.java:35)
	at org.junit.platform.engine.support.hierarchical.HierarchicalTestExecutor.execute(HierarchicalTestExecutor.java:57)
	at org.junit.platform.engine.support.hierarchical.HierarchicalTestEngine.execute(HierarchicalTestEngine.java:54)
	at org.junit.platform.launcher.core.EngineExecutionOrchestrator.execute(EngineExecutionOrchestrator.java:198)
	at org.junit.platform.launcher.core.EngineExecutionOrchestrator.execute(EngineExecutionOrchestrator.java:169)
	at org.junit.platform.launcher.core.EngineExecutionOrchestrator.execute(EngineExecutionOrchestrator.java:93)
	at org.junit.platform.launcher.core.EngineExecutionOrchestrator.lambda$execute$0(EngineExecutionOrchestrator.java:58)
	at org.junit.platform.launcher.core.EngineExecutionOrchestrator.withInterceptedStreams(EngineExecutionOrchestrator.java:141)
	at org.junit.platform.launcher.core.EngineExecutionOrchestrator.execute(EngineExecutionOrchestrator.java:57)
	at org.junit.platform.launcher.core.DefaultLauncher.execute(DefaultLauncher.java:103)
	at org.junit.platform.launcher.core.DefaultLauncher.execute(DefaultLauncher.java:85)
	at org.junit.platform.launcher.core.DelegatingLauncher.execute(DelegatingLauncher.java:47)
	at org.junit.platform.launcher.core.SessionPerRequestLauncher.execute(SessionPerRequestLauncher.java:63)
	at com.intellij.junit5.JUnit5IdeaTestRunner.startRunnerWithArgs(JUnit5IdeaTestRunner.java:57)
	at com.intellij.rt.junit.IdeaTestRunner$Repeater$1.execute(IdeaTestRunner.java:38)
	at com.intellij.rt.execution.junit.TestsRepeater.repeat(TestsRepeater.java:11)
	at com.intellij.rt.junit.IdeaTestRunner$Repeater.startRunnerWithArgs(IdeaTestRunner.java:35)
	at com.intellij.rt.junit.JUnitStarter.prepareStreamsAndStart(JUnitStarter.java:232)
	at com.intellij.rt.junit.JUnitStarter.main(JUnitStarter.java:55)
2025-02-03 13:23:43 [main] INFO  l.insoft.uztis.tests.utils.TestUtils - Screenshot moved to C:\Users\ingrida.zadorozniene\Desktop\Asm\UZTIS\UZTIS_tests\test-output\screenshots\20250203\132343015_testFillNewApplication().png
2025-02-03 13:27:23 [main] INFO  lt.insoft.uztis.tests.UztisPageTest - Navigated to https://uztisdev.asseco.lt/home
2025-02-03 13:27:23 [main] INFO  l.i.u.t.SubmittedApplicationsPageTest - Starting test:'testFillNewApplication'
2025-02-03 13:27:23 [main] DEBUG l.i.u.t.SubmittedApplicationsPageTest - User logged in with test credentials
2025-02-03 13:27:24 [main] DEBUG l.i.u.t.SubmittedApplicationsPageTest - Opened 'Application Processing' menu.
2025-02-03 13:27:24 [main] DEBUG l.i.u.t.SubmittedApplicationsPageTest - Clicked on 'Application Forms' menu.
2025-02-03 13:27:24 [main] DEBUG l.i.u.t.SubmittedApplicationsPageTest - Retrieved last description code text: 'TST-VUI-27'.
2025-02-03 13:27:24 [main] DEBUG l.i.u.t.SubmittedApplicationsPageTest - Clicked on 'Invitation' menu.
2025-02-03 13:27:25 [main] DEBUG l.i.u.t.SubmittedApplicationsPageTest - Selected application section by code: 'TST-VUI-27'.
2025-02-03 13:27:25 [main] DEBUG l.i.u.t.SubmittedApplicationsPageTest - Clicked 'Search' button.
2025-02-03 13:27:25 [main] DEBUG l.i.u.t.SubmittedApplicationsPageTest - Retrieved invitation code: ''.
2025-02-03 13:27:25 [main] DEBUG l.i.u.t.SubmittedApplicationsPageTest - Clicked on 'Submitted Applications' menu.
2025-02-03 13:27:26 [main] DEBUG l.i.u.t.SubmittedApplicationsPageTest - Selected invitation by code: 'TST-VUI-27'.
2025-02-03 13:27:26 [main] DEBUG l.i.u.t.SubmittedApplicationsPageTest - Clicked on 'Action Application' button.
2025-02-03 13:27:26 [main] DEBUG l.i.u.t.SubmittedApplicationsPageTest - Clicked on 'New Application' button.
2025-02-03 13:27:27 [main] DEBUG l.i.u.t.SubmittedApplicationsPageTest - Clicked on 'RadioButtonFA' button.
2025-02-03 13:27:27 [main] DEBUG l.i.u.t.SubmittedApplicationsPageTest - Entered phone number into the input field.
2025-02-03 13:27:28 [main] DEBUG l.i.u.t.SubmittedApplicationsPageTest - Entered eMail into the input field.
2025-02-03 13:27:28 [main] INFO  l.i.u.p.SubmittedApplicationsPage - Located the dropdown button.
2025-02-03 13:27:47 [main] INFO  l.i.u.p.SubmittedApplicationsPage - Found 1741 options in the dropdown.
2025-02-03 13:27:47 [main] INFO  l.i.u.p.SubmittedApplicationsPage - Successfully selected the value: '01.11 - Grūdinių (išskyrus ryžius), ankštinių ir aliejingų sėklų augalų auginimas'
2025-02-03 13:27:58 [main] ERROR l.i.u.p.SubmittedApplicationsPage - Failed to close the dropdown with aria-expanded = 'false'. Attempting manual close.
2025-02-03 13:27:58 [main] INFO  l.i.u.p.SubmittedApplicationsPage - Manual close attempt for the dropdown using body click.
2025-02-03 13:27:58 [main] DEBUG l.i.u.t.SubmittedApplicationsPageTest - Entered Address into the input field.
2025-02-03 13:27:59 [main] DEBUG l.i.u.t.SubmittedApplicationsPageTest - Entered Address into the input field.
2025-02-03 13:27:59 [main] INFO  l.i.u.p.SubmittedApplicationsPage - Located the dropdown button.
2025-02-03 13:28:00 [main] INFO  l.i.u.p.SubmittedApplicationsPage - Successfully selected the value: 'Administratoriai'
2025-02-03 13:28:20 [main] ERROR l.i.u.p.SubmittedApplicationsPage - Timeout while waiting for dropdown to close with aria-expanded = 'false'.
2025-02-03 13:28:20 [main] DEBUG l.i.u.t.SubmittedApplicationsPageTest - Selected the value: 'Administratoriai'
2025-02-03 13:28:20 [main] INFO  l.i.u.p.SubmittedApplicationsPage - Clicking on the dropdown button.
2025-02-03 13:28:21 [main] INFO  l.i.u.p.SubmittedApplicationsPage - Found 34 options in the dropdown.
2025-02-03 13:28:21 [main] DEBUG l.i.u.p.SubmittedApplicationsPage - Checking option: 'Asmenys, kuriems suteiktas pabėgėlio statusas ar perkeliamojo asmens statusas, arba asmenys, kuriems suteikta papildoma ar laikinoji apsauga, ir asmenys, turintys teisę gauti laikinąją apsaugą, iki sprendimo dėl laikinosios apsaugos suteikimo (nesuteikimo) priėmimo, tačiau ne ilgiau kaip laikinosios apsaugos laikotarpiu'
2025-02-03 13:28:21 [main] DEBUG l.i.u.p.SubmittedApplicationsPage - Checking option: 'Asmenys, kuriems suteiktas pabėgėlio statusas ar perkeliamojo asmens statusas, arba asmenys, kuriems suteikta papildoma ar laikinoji apsauga, ir asmenys, turintys teisę gauti laikinąją apsaugą, iki sprendimo dėl laikinosios apsaugos suteikimo (nesuteikimo) priėmimo, tačiau ne ilgiau kaip laikinosios apsaugos laikotarpiu'
2025-02-03 13:28:21 [main] DEBUG l.i.u.p.SubmittedApplicationsPage - Checking option: 'Asmenys, turintys teisę į papildomas užimtumo garantijas pagal Lietuvos Respublikos valstybės įmonės Ignalinos atominės elektrinės darbuotojų papildomų užimtumo ir socialinių garantijų įstatymą'
2025-02-03 13:28:21 [main] DEBUG l.i.u.p.SubmittedApplicationsPage - Checking option: 'Asmenys, turintys teisę į papildomas užimtumo garantijas pagal Lietuvos Respublikos valstybės įmonės Ignalinos atominės elektrinės darbuotojų papildomų užimtumo ir socialinių garantijų įstatymą'
2025-02-03 13:28:21 [main] DEBUG l.i.u.p.SubmittedApplicationsPage - Checking option: 'Bedarbiai iki 29 metų'
2025-02-03 13:28:21 [main] DEBUG l.i.u.p.SubmittedApplicationsPage - Checking option: 'Bedarbiai iki 29 metų'
2025-02-03 13:28:21 [main] DEBUG l.i.u.p.SubmittedApplicationsPage - Checking option: 'Bedarbiai, kurie yra darbingo amžiaus neįgalieji, kuriems nustatytas 30–40 procentų darbingumo lygis arba vidutinis neįgalumo lygis'
2025-02-03 13:28:21 [main] DEBUG l.i.u.p.SubmittedApplicationsPage - Checking option: 'Bedarbiai, kurie yra darbingo amžiaus neįgalieji, kuriems nustatytas 30–40 procentų darbingumo lygis arba vidutinis neįgalumo lygis'
2025-02-03 13:28:21 [main] DEBUG l.i.u.p.SubmittedApplicationsPage - Checking option: 'Bedarbiai, kurie yra darbingo amžiaus neįgalieji, kuriems nustatytas 45–55 procentų darbingumo lygis arba lengvas neįgalumo lygis'
2025-02-03 13:28:21 [main] DEBUG l.i.u.p.SubmittedApplicationsPage - Checking option: 'Bedarbiai, kurie yra darbingo amžiaus neįgalieji, kuriems nustatytas 45–55 procentų darbingumo lygis arba lengvas neįgalumo lygis'
2025-02-03 13:28:21 [main] DEBUG l.i.u.p.SubmittedApplicationsPage - Checking option: 'Bedarbiai, kurie yra darbingo amžiaus neįgalieji, kuriems nustatytas iki 25 procentų darbingumo lygis arba sunkus neįgalumo lygis'
2025-02-03 13:28:22 [main] INFO  l.i.u.p.SubmittedApplicationsPage - Successfully selected the value: 'Bedarbiai, kurie yra darbingo amžiaus neįgalieji, kuriems nustatytas iki 25 procentų darbingumo lygis arba sunkus neįgalumo lygis'
2025-02-03 13:28:22 [main] INFO  l.i.u.p.SubmittedApplicationsPage - Attempting to close the dropdown.
2025-02-03 13:28:32 [main] INFO  l.i.u.p.SubmittedApplicationsPage - Dropdown should be closed now.
2025-02-03 13:28:32 [main] INFO  l.i.u.p.SubmittedApplicationsPage - Located the dropdown button.
2025-02-03 13:28:33 [main] INFO  l.i.u.p.SubmittedApplicationsPage - Successfully selected the value: 'Kita'
2025-02-03 13:28:44 [main] ERROR l.i.u.p.SubmittedApplicationsPage - Timeout while waiting for dropdown to close with aria-expanded = 'false'.
2025-02-03 13:28:44 [main] DEBUG l.i.u.t.SubmittedApplicationsPageTest - Selected the value: 'Kita'
2025-02-03 13:28:44 [main] DEBUG l.i.u.t.SubmittedApplicationsPageTest - Selected the value: '6 val. per dieną ir 4 d. per savaitę'
2025-02-03 13:28:45 [main] DEBUG l.i.u.t.SubmittedApplicationsPageTest - Entered Address into the input field.
2025-02-03 13:28:46 [main] INFO  l.i.u.p.SubmittedApplicationsPage - Located the dropdown button.
2025-02-03 13:28:47 [main] INFO  l.i.u.p.SubmittedApplicationsPage - Successfully selected the value: 'Įsigyti'
2025-02-03 13:29:07 [main] ERROR l.i.u.p.SubmittedApplicationsPage - Timeout while waiting for dropdown to close with aria-expanded = 'false'.
2025-02-03 13:29:07 [main] DEBUG l.i.u.t.SubmittedApplicationsPageTest - Selected the value: 'Įsigyti'
2025-02-03 13:29:07 [main] DEBUG l.i.u.t.SubmittedApplicationsPageTest - Selected the value: 'Darbo priemonė 1'
2025-02-03 13:29:08 [main] DEBUG l.i.u.t.SubmittedApplicationsPageTest - Selected the value: 'Darbo priemonės 1 parametras 1'
2025-02-03 13:29:08 [main] DEBUG l.i.u.t.SubmittedApplicationsPageTest - Selected the value: 'Darbo priemonės 1 parametras 2'
2025-02-03 13:29:08 [main] DEBUG l.i.u.t.SubmittedApplicationsPageTest - Selected the value: 'Darbo priemonės 1 parametras 3'
2025-02-03 13:29:08 [main] DEBUG l.i.u.t.SubmittedApplicationsPageTest - Entered Address into the input field.
2025-02-03 13:29:08 [main] DEBUG l.i.u.t.SubmittedApplicationsPageTest - Entered Address into the input field.
2025-02-03 13:29:09 [main] DEBUG l.i.u.t.SubmittedApplicationsPageTest - Entered Address into the input field.
2025-02-03 13:29:09 [main] DEBUG l.i.u.t.SubmittedApplicationsPageTest - Entered Address into the input field.
2025-02-03 13:29:09 [main] DEBUG l.i.u.t.SubmittedApplicationsPageTest - Entered Address into the input field.
2025-02-03 13:29:09 [main] DEBUG l.i.u.t.SubmittedApplicationsPageTest - Entered Address into the input field.
2025-02-03 13:29:09 [main] DEBUG l.i.u.t.SubmittedApplicationsPageTest - Entered Address into the input field.
2025-02-03 13:29:10 [main] DEBUG l.i.u.t.SubmittedApplicationsPageTest - Entered Address into the input field.
2025-02-03 13:29:20 [main] ERROR l.i.u.t.SubmittedApplicationsPageTest - Test 'testFillNewApplication' failed with error: Expected condition failed: waiting for visibility of [[ChromeDriver: chrome on windows (1a5de10bd7bf4cff2a4ddfe6a9e29a99)] -> xpath: (//input[@type='checkbox' and contains(@class, 'mdc-checkbox__native-control')])[1]] (tried for 10 second(s) with 500 milliseconds interval)
Build info: version: '4.27.0', revision: 'd6e718d134'
System info: os.name: 'Windows 11', os.arch: 'amd64', os.version: '10.0', java.version: '21.0.3'
Driver info: org.openqa.selenium.chrome.ChromeDriver
Capabilities {acceptInsecureCerts: false, browserName: chrome, browserVersion: 132.0.6834.160, chrome: {chromedriverVersion: 132.0.6834.159 (2d77d3fc445..., userDataDir: C:\Users\INGRID~1.ZAD\AppDa...}, fedcm:accounts: true, goog:chromeOptions: {debuggerAddress: localhost:50365}, networkConnectionEnabled: false, pageLoadStrategy: normal, platformName: windows, proxy: Proxy(), se:cdp: ws://localhost:50365/devtoo..., se:cdpVersion: 132.0.6834.160, setWindowRect: true, strictFileInteractability: false, timeouts: {implicit: 0, pageLoad: 300000, script: 30000}, unhandledPromptBehavior: dismiss and notify, webauthn:extension:credBlob: true, webauthn:extension:largeBlob: true, webauthn:extension:minPinLength: true, webauthn:extension:prf: true, webauthn:virtualAuthenticators: true}
Session ID: 1a5de10bd7bf4cff2a4ddfe6a9e29a99
org.openqa.selenium.TimeoutException: Expected condition failed: waiting for visibility of [[ChromeDriver: chrome on windows (1a5de10bd7bf4cff2a4ddfe6a9e29a99)] -> xpath: (//input[@type='checkbox' and contains(@class, 'mdc-checkbox__native-control')])[1]] (tried for 10 second(s) with 500 milliseconds interval)
Build info: version: '4.27.0', revision: 'd6e718d134'
System info: os.name: 'Windows 11', os.arch: 'amd64', os.version: '10.0', java.version: '21.0.3'
Driver info: org.openqa.selenium.chrome.ChromeDriver
Capabilities {acceptInsecureCerts: false, browserName: chrome, browserVersion: 132.0.6834.160, chrome: {chromedriverVersion: 132.0.6834.159 (2d77d3fc445..., userDataDir: C:\Users\INGRID~1.ZAD\AppDa...}, fedcm:accounts: true, goog:chromeOptions: {debuggerAddress: localhost:50365}, networkConnectionEnabled: false, pageLoadStrategy: normal, platformName: windows, proxy: Proxy(), se:cdp: ws://localhost:50365/devtoo..., se:cdpVersion: 132.0.6834.160, setWindowRect: true, strictFileInteractability: false, timeouts: {implicit: 0, pageLoad: 300000, script: 30000}, unhandledPromptBehavior: dismiss and notify, webauthn:extension:credBlob: true, webauthn:extension:largeBlob: true, webauthn:extension:minPinLength: true, webauthn:extension:prf: true, webauthn:virtualAuthenticators: true}
Session ID: 1a5de10bd7bf4cff2a4ddfe6a9e29a99
	at org.openqa.selenium.support.ui.WebDriverWait.timeoutException(WebDriverWait.java:84)
	at org.openqa.selenium.support.ui.FluentWait.until(FluentWait.java:228)
	at lt.insoft.uztis.pages.SubmittedApplicationsPage.setCheckboxConfirmation(SubmittedApplicationsPage.java:734)
	at lt.insoft.uztis.tests.SubmittedApplicationsPageTest.testFillNewApplication(SubmittedApplicationsPageTest.java:288)
	at java.base/jdk.internal.reflect.DirectMethodHandleAccessor.invoke(DirectMethodHandleAccessor.java:103)
	at java.base/java.lang.reflect.Method.invoke(Method.java:580)
	at org.junit.platform.commons.util.ReflectionUtils.invokeMethod(ReflectionUtils.java:728)
	at org.junit.jupiter.engine.execution.MethodInvocation.proceed(MethodInvocation.java:60)
	at org.junit.jupiter.engine.execution.InvocationInterceptorChain$ValidatingInvocation.proceed(InvocationInterceptorChain.java:131)
	at org.junit.jupiter.engine.extension.TimeoutExtension.intercept(TimeoutExtension.java:156)
	at org.junit.jupiter.engine.extension.TimeoutExtension.interceptTestableMethod(TimeoutExtension.java:147)
	at org.junit.jupiter.engine.extension.TimeoutExtension.interceptTestMethod(TimeoutExtension.java:86)
	at org.junit.jupiter.engine.execution.InterceptingExecutableInvoker$ReflectiveInterceptorCall.lambda$ofVoidMethod$0(InterceptingExecutableInvoker.java:103)
	at org.junit.jupiter.engine.execution.InterceptingExecutableInvoker.lambda$invoke$0(InterceptingExecutableInvoker.java:93)
	at org.junit.jupiter.engine.execution.InvocationInterceptorChain$InterceptedInvocation.proceed(InvocationInterceptorChain.java:106)
	at org.junit.jupiter.engine.execution.InvocationInterceptorChain.proceed(InvocationInterceptorChain.java:64)
	at org.junit.jupiter.engine.execution.InvocationInterceptorChain.chainAndInvoke(InvocationInterceptorChain.java:45)
	at org.junit.jupiter.engine.execution.InvocationInterceptorChain.invoke(InvocationInterceptorChain.java:37)
	at org.junit.jupiter.engine.execution.InterceptingExecutableInvoker.invoke(InterceptingExecutableInvoker.java:92)
	at org.junit.jupiter.engine.execution.InterceptingExecutableInvoker.invoke(InterceptingExecutableInvoker.java:86)
	at org.junit.jupiter.engine.descriptor.TestMethodTestDescriptor.lambda$invokeTestMethod$7(TestMethodTestDescriptor.java:218)
	at org.junit.platform.engine.support.hierarchical.ThrowableCollector.execute(ThrowableCollector.java:73)
	at org.junit.jupiter.engine.descriptor.TestMethodTestDescriptor.invokeTestMethod(TestMethodTestDescriptor.java:214)
	at org.junit.jupiter.engine.descriptor.TestMethodTestDescriptor.execute(TestMethodTestDescriptor.java:139)
	at org.junit.jupiter.engine.descriptor.TestMethodTestDescriptor.execute(TestMethodTestDescriptor.java:69)
	at org.junit.platform.engine.support.hierarchical.NodeTestTask.lambda$executeRecursively$6(NodeTestTask.java:151)
	at org.junit.platform.engine.support.hierarchical.ThrowableCollector.execute(ThrowableCollector.java:73)
	at org.junit.platform.engine.support.hierarchical.NodeTestTask.lambda$executeRecursively$8(NodeTestTask.java:141)
	at org.junit.platform.engine.support.hierarchical.Node.around(Node.java:137)
	at org.junit.platform.engine.support.hierarchical.NodeTestTask.lambda$executeRecursively$9(NodeTestTask.java:139)
	at org.junit.platform.engine.support.hierarchical.ThrowableCollector.execute(ThrowableCollector.java:73)
	at org.junit.platform.engine.support.hierarchical.NodeTestTask.executeRecursively(NodeTestTask.java:138)
	at org.junit.platform.engine.support.hierarchical.NodeTestTask.execute(NodeTestTask.java:95)
	at java.base/java.util.ArrayList.forEach(ArrayList.java:1596)
	at org.junit.platform.engine.support.hierarchical.SameThreadHierarchicalTestExecutorService.invokeAll(SameThreadHierarchicalTestExecutorService.java:41)
	at org.junit.platform.engine.support.hierarchical.NodeTestTask.lambda$executeRecursively$6(NodeTestTask.java:155)
	at org.junit.platform.engine.support.hierarchical.ThrowableCollector.execute(ThrowableCollector.java:73)
	at org.junit.platform.engine.support.hierarchical.NodeTestTask.lambda$executeRecursively$8(NodeTestTask.java:141)
	at org.junit.platform.engine.support.hierarchical.Node.around(Node.java:137)
	at org.junit.platform.engine.support.hierarchical.NodeTestTask.lambda$executeRecursively$9(NodeTestTask.java:139)
	at org.junit.platform.engine.support.hierarchical.ThrowableCollector.execute(ThrowableCollector.java:73)
	at org.junit.platform.engine.support.hierarchical.NodeTestTask.executeRecursively(NodeTestTask.java:138)
	at org.junit.platform.engine.support.hierarchical.NodeTestTask.execute(NodeTestTask.java:95)
	at java.base/java.util.ArrayList.forEach(ArrayList.java:1596)
	at org.junit.platform.engine.support.hierarchical.SameThreadHierarchicalTestExecutorService.invokeAll(SameThreadHierarchicalTestExecutorService.java:41)
	at org.junit.platform.engine.support.hierarchical.NodeTestTask.lambda$executeRecursively$6(NodeTestTask.java:155)
	at org.junit.platform.engine.support.hierarchical.ThrowableCollector.execute(ThrowableCollector.java:73)
	at org.junit.platform.engine.support.hierarchical.NodeTestTask.lambda$executeRecursively$8(NodeTestTask.java:141)
	at org.junit.platform.engine.support.hierarchical.Node.around(Node.java:137)
	at org.junit.platform.engine.support.hierarchical.NodeTestTask.lambda$executeRecursively$9(NodeTestTask.java:139)
	at org.junit.platform.engine.support.hierarchical.ThrowableCollector.execute(ThrowableCollector.java:73)
	at org.junit.platform.engine.support.hierarchical.NodeTestTask.executeRecursively(NodeTestTask.java:138)
	at org.junit.platform.engine.support.hierarchical.NodeTestTask.execute(NodeTestTask.java:95)
	at org.junit.platform.engine.support.hierarchical.SameThreadHierarchicalTestExecutorService.submit(SameThreadHierarchicalTestExecutorService.java:35)
	at org.junit.platform.engine.support.hierarchical.HierarchicalTestExecutor.execute(HierarchicalTestExecutor.java:57)
	at org.junit.platform.engine.support.hierarchical.HierarchicalTestEngine.execute(HierarchicalTestEngine.java:54)
	at org.junit.platform.launcher.core.EngineExecutionOrchestrator.execute(EngineExecutionOrchestrator.java:198)
	at org.junit.platform.launcher.core.EngineExecutionOrchestrator.execute(EngineExecutionOrchestrator.java:169)
	at org.junit.platform.launcher.core.EngineExecutionOrchestrator.execute(EngineExecutionOrchestrator.java:93)
	at org.junit.platform.launcher.core.EngineExecutionOrchestrator.lambda$execute$0(EngineExecutionOrchestrator.java:58)
	at org.junit.platform.launcher.core.EngineExecutionOrchestrator.withInterceptedStreams(EngineExecutionOrchestrator.java:141)
	at org.junit.platform.launcher.core.EngineExecutionOrchestrator.execute(EngineExecutionOrchestrator.java:57)
	at org.junit.platform.launcher.core.DefaultLauncher.execute(DefaultLauncher.java:103)
	at org.junit.platform.launcher.core.DefaultLauncher.execute(DefaultLauncher.java:85)
	at org.junit.platform.launcher.core.DelegatingLauncher.execute(DelegatingLauncher.java:47)
	at org.junit.platform.launcher.core.SessionPerRequestLauncher.execute(SessionPerRequestLauncher.java:63)
	at com.intellij.junit5.JUnit5IdeaTestRunner.startRunnerWithArgs(JUnit5IdeaTestRunner.java:57)
	at com.intellij.rt.junit.IdeaTestRunner$Repeater$1.execute(IdeaTestRunner.java:38)
	at com.intellij.rt.execution.junit.TestsRepeater.repeat(TestsRepeater.java:11)
	at com.intellij.rt.junit.IdeaTestRunner$Repeater.startRunnerWithArgs(IdeaTestRunner.java:35)
	at com.intellij.rt.junit.JUnitStarter.prepareStreamsAndStart(JUnitStarter.java:232)
	at com.intellij.rt.junit.JUnitStarter.main(JUnitStarter.java:55)
2025-02-03 13:29:20 [main] INFO  l.insoft.uztis.tests.utils.TestUtils - Screenshot moved to C:\Users\ingrida.zadorozniene\Desktop\Asm\UZTIS\UZTIS_tests\test-output\screenshots\20250203\132920882_testFillNewApplication().png
2025-02-03 13:31:51 [main] INFO  lt.insoft.uztis.tests.UztisPageTest - Navigated to https://uztisdev.asseco.lt/home
2025-02-03 13:31:51 [main] INFO  l.i.u.t.SubmittedApplicationsPageTest - Starting test:'testFillNewApplication'
2025-02-03 13:31:51 [main] DEBUG l.i.u.t.SubmittedApplicationsPageTest - User logged in with test credentials
2025-02-03 13:31:51 [main] DEBUG l.i.u.t.SubmittedApplicationsPageTest - Opened 'Application Processing' menu.
2025-02-03 13:31:51 [main] DEBUG l.i.u.t.SubmittedApplicationsPageTest - Clicked on 'Application Forms' menu.
2025-02-03 13:31:52 [main] DEBUG l.i.u.t.SubmittedApplicationsPageTest - Retrieved last description code text: 'TST-VUI-27'.
2025-02-03 13:31:52 [main] DEBUG l.i.u.t.SubmittedApplicationsPageTest - Clicked on 'Invitation' menu.
2025-02-03 13:31:53 [main] DEBUG l.i.u.t.SubmittedApplicationsPageTest - Selected application section by code: 'TST-VUI-27'.
2025-02-03 13:31:53 [main] DEBUG l.i.u.t.SubmittedApplicationsPageTest - Clicked 'Search' button.
2025-02-03 13:31:53 [main] DEBUG l.i.u.t.SubmittedApplicationsPageTest - Retrieved invitation code: ''.
2025-02-03 13:31:53 [main] DEBUG l.i.u.t.SubmittedApplicationsPageTest - Clicked on 'Submitted Applications' menu.
2025-02-03 13:31:54 [main] DEBUG l.i.u.t.SubmittedApplicationsPageTest - Selected invitation by code: 'TST-VUI-27'.
2025-02-03 13:31:55 [main] DEBUG l.i.u.t.SubmittedApplicationsPageTest - Clicked on 'Action Application' button.
2025-02-03 13:31:55 [main] DEBUG l.i.u.t.SubmittedApplicationsPageTest - Clicked on 'New Application' button.
2025-02-03 13:31:55 [main] DEBUG l.i.u.t.SubmittedApplicationsPageTest - Clicked on 'RadioButtonFA' button.
2025-02-03 13:31:56 [main] DEBUG l.i.u.t.SubmittedApplicationsPageTest - Entered phone number into the input field.
2025-02-03 13:31:56 [main] DEBUG l.i.u.t.SubmittedApplicationsPageTest - Entered eMail into the input field.
2025-02-03 13:31:56 [main] INFO  l.i.u.p.SubmittedApplicationsPage - Located the dropdown button.
2025-02-03 13:32:16 [main] INFO  l.i.u.p.SubmittedApplicationsPage - Found 1741 options in the dropdown.
2025-02-03 13:32:16 [main] INFO  l.i.u.p.SubmittedApplicationsPage - Successfully selected the value: '01.11 - Grūdinių (išskyrus ryžius), ankštinių ir aliejingų sėklų augalų auginimas'
2025-02-03 13:32:27 [main] ERROR l.i.u.p.SubmittedApplicationsPage - Failed to close the dropdown with aria-expanded = 'false'. Attempting manual close.
2025-02-03 13:32:27 [main] INFO  l.i.u.p.SubmittedApplicationsPage - Manual close attempt for the dropdown using body click.
2025-02-03 13:32:27 [main] DEBUG l.i.u.t.SubmittedApplicationsPageTest - Entered Address into the input field.
2025-02-03 13:32:27 [main] DEBUG l.i.u.t.SubmittedApplicationsPageTest - Entered Address into the input field.
2025-02-03 13:32:28 [main] INFO  l.i.u.p.SubmittedApplicationsPage - Located the dropdown button.
2025-02-03 13:32:29 [main] INFO  l.i.u.p.SubmittedApplicationsPage - Successfully selected the value: 'Administratoriai'
2025-02-03 13:32:49 [main] ERROR l.i.u.p.SubmittedApplicationsPage - Timeout while waiting for dropdown to close with aria-expanded = 'false'.
2025-02-03 13:32:49 [main] DEBUG l.i.u.t.SubmittedApplicationsPageTest - Selected the value: 'Administratoriai'
2025-02-03 13:32:50 [main] INFO  l.i.u.p.SubmittedApplicationsPage - Clicking on the dropdown button.
2025-02-03 13:32:50 [main] INFO  l.i.u.p.SubmittedApplicationsPage - Found 34 options in the dropdown.
2025-02-03 13:32:50 [main] DEBUG l.i.u.p.SubmittedApplicationsPage - Checking option: 'Asmenys, kuriems suteiktas pabėgėlio statusas ar perkeliamojo asmens statusas, arba asmenys, kuriems suteikta papildoma ar laikinoji apsauga, ir asmenys, turintys teisę gauti laikinąją apsaugą, iki sprendimo dėl laikinosios apsaugos suteikimo (nesuteikimo) priėmimo, tačiau ne ilgiau kaip laikinosios apsaugos laikotarpiu'
2025-02-03 13:32:50 [main] DEBUG l.i.u.p.SubmittedApplicationsPage - Checking option: 'Asmenys, kuriems suteiktas pabėgėlio statusas ar perkeliamojo asmens statusas, arba asmenys, kuriems suteikta papildoma ar laikinoji apsauga, ir asmenys, turintys teisę gauti laikinąją apsaugą, iki sprendimo dėl laikinosios apsaugos suteikimo (nesuteikimo) priėmimo, tačiau ne ilgiau kaip laikinosios apsaugos laikotarpiu'
2025-02-03 13:32:50 [main] DEBUG l.i.u.p.SubmittedApplicationsPage - Checking option: 'Asmenys, turintys teisę į papildomas užimtumo garantijas pagal Lietuvos Respublikos valstybės įmonės Ignalinos atominės elektrinės darbuotojų papildomų užimtumo ir socialinių garantijų įstatymą'
2025-02-03 13:32:50 [main] DEBUG l.i.u.p.SubmittedApplicationsPage - Checking option: 'Asmenys, turintys teisę į papildomas užimtumo garantijas pagal Lietuvos Respublikos valstybės įmonės Ignalinos atominės elektrinės darbuotojų papildomų užimtumo ir socialinių garantijų įstatymą'
2025-02-03 13:32:50 [main] DEBUG l.i.u.p.SubmittedApplicationsPage - Checking option: 'Bedarbiai iki 29 metų'
2025-02-03 13:32:50 [main] DEBUG l.i.u.p.SubmittedApplicationsPage - Checking option: 'Bedarbiai iki 29 metų'
2025-02-03 13:32:50 [main] DEBUG l.i.u.p.SubmittedApplicationsPage - Checking option: 'Bedarbiai, kurie yra darbingo amžiaus neįgalieji, kuriems nustatytas 30–40 procentų darbingumo lygis arba vidutinis neįgalumo lygis'
2025-02-03 13:32:50 [main] DEBUG l.i.u.p.SubmittedApplicationsPage - Checking option: 'Bedarbiai, kurie yra darbingo amžiaus neįgalieji, kuriems nustatytas 30–40 procentų darbingumo lygis arba vidutinis neįgalumo lygis'
2025-02-03 13:32:50 [main] DEBUG l.i.u.p.SubmittedApplicationsPage - Checking option: 'Bedarbiai, kurie yra darbingo amžiaus neįgalieji, kuriems nustatytas 45–55 procentų darbingumo lygis arba lengvas neįgalumo lygis'
2025-02-03 13:32:50 [main] DEBUG l.i.u.p.SubmittedApplicationsPage - Checking option: 'Bedarbiai, kurie yra darbingo amžiaus neįgalieji, kuriems nustatytas 45–55 procentų darbingumo lygis arba lengvas neįgalumo lygis'
2025-02-03 13:32:50 [main] DEBUG l.i.u.p.SubmittedApplicationsPage - Checking option: 'Bedarbiai, kurie yra darbingo amžiaus neįgalieji, kuriems nustatytas iki 25 procentų darbingumo lygis arba sunkus neįgalumo lygis'
2025-02-03 13:32:50 [main] INFO  l.i.u.p.SubmittedApplicationsPage - Successfully selected the value: 'Bedarbiai, kurie yra darbingo amžiaus neįgalieji, kuriems nustatytas iki 25 procentų darbingumo lygis arba sunkus neįgalumo lygis'
2025-02-03 13:32:50 [main] INFO  l.i.u.p.SubmittedApplicationsPage - Attempting to close the dropdown.
2025-02-03 13:33:01 [main] INFO  l.i.u.p.SubmittedApplicationsPage - Dropdown should be closed now.
2025-02-03 13:33:01 [main] INFO  l.i.u.p.SubmittedApplicationsPage - Located the dropdown button.
2025-02-03 13:33:02 [main] INFO  l.i.u.p.SubmittedApplicationsPage - Successfully selected the value: 'Kita'
2025-02-03 13:33:13 [main] ERROR l.i.u.p.SubmittedApplicationsPage - Timeout while waiting for dropdown to close with aria-expanded = 'false'.
2025-02-03 13:33:13 [main] DEBUG l.i.u.t.SubmittedApplicationsPageTest - Selected the value: 'Kita'
2025-02-03 13:33:13 [main] DEBUG l.i.u.t.SubmittedApplicationsPageTest - Selected the value: '6 val. per dieną ir 4 d. per savaitę'
2025-02-03 13:33:13 [main] DEBUG l.i.u.t.SubmittedApplicationsPageTest - Entered Address into the input field.
2025-02-03 13:33:15 [main] INFO  l.i.u.p.SubmittedApplicationsPage - Located the dropdown button.
2025-02-03 13:33:15 [main] INFO  l.i.u.p.SubmittedApplicationsPage - Successfully selected the value: 'Įsigyti'
2025-02-03 13:33:35 [main] ERROR l.i.u.p.SubmittedApplicationsPage - Timeout while waiting for dropdown to close with aria-expanded = 'false'.
2025-02-03 13:33:35 [main] DEBUG l.i.u.t.SubmittedApplicationsPageTest - Selected the value: 'Įsigyti'
2025-02-03 13:33:36 [main] DEBUG l.i.u.t.SubmittedApplicationsPageTest - Selected the value: 'Darbo priemonė 1'
2025-02-03 13:33:36 [main] DEBUG l.i.u.t.SubmittedApplicationsPageTest - Selected the value: 'Darbo priemonės 1 parametras 1'
2025-02-03 13:33:36 [main] DEBUG l.i.u.t.SubmittedApplicationsPageTest - Selected the value: 'Darbo priemonės 1 parametras 2'
2025-02-03 13:33:36 [main] DEBUG l.i.u.t.SubmittedApplicationsPageTest - Selected the value: 'Darbo priemonės 1 parametras 3'
2025-02-03 13:33:36 [main] DEBUG l.i.u.t.SubmittedApplicationsPageTest - Entered Address into the input field.
2025-02-03 13:33:37 [main] DEBUG l.i.u.t.SubmittedApplicationsPageTest - Entered Address into the input field.
2025-02-03 13:33:37 [main] DEBUG l.i.u.t.SubmittedApplicationsPageTest - Entered Address into the input field.
2025-02-03 13:33:37 [main] DEBUG l.i.u.t.SubmittedApplicationsPageTest - Entered Address into the input field.
2025-02-03 13:33:37 [main] DEBUG l.i.u.t.SubmittedApplicationsPageTest - Entered Address into the input field.
2025-02-03 13:33:37 [main] DEBUG l.i.u.t.SubmittedApplicationsPageTest - Entered Address into the input field.
2025-02-03 13:33:38 [main] DEBUG l.i.u.t.SubmittedApplicationsPageTest - Entered Address into the input field.
2025-02-03 13:33:38 [main] DEBUG l.i.u.t.SubmittedApplicationsPageTest - Entered Address into the input field.
2025-02-03 13:33:58 [main] ERROR l.i.u.t.SubmittedApplicationsPageTest - Test 'testFillNewApplication' failed with error: Expected condition failed: waiting for visibility of Proxy element for: DefaultElementLocator 'By.xpath: (//input[@type='checkbox' and contains(@class, 'mdc-checkbox__native-control')])[0]' (tried for 10 second(s) with 500 milliseconds interval)
org.openqa.selenium.TimeoutException: Expected condition failed: waiting for visibility of Proxy element for: DefaultElementLocator 'By.xpath: (//input[@type='checkbox' and contains(@class, 'mdc-checkbox__native-control')])[0]' (tried for 10 second(s) with 500 milliseconds interval)
	at org.openqa.selenium.support.ui.WebDriverWait.timeoutException(WebDriverWait.java:84)
	at org.openqa.selenium.support.ui.FluentWait.until(FluentWait.java:228)
	at lt.insoft.uztis.pages.SubmittedApplicationsPage.setCheckboxConfirmation(SubmittedApplicationsPage.java:734)
	at lt.insoft.uztis.tests.SubmittedApplicationsPageTest.testFillNewApplication(SubmittedApplicationsPageTest.java:288)
	at java.base/jdk.internal.reflect.DirectMethodHandleAccessor.invoke(DirectMethodHandleAccessor.java:103)
	at java.base/java.lang.reflect.Method.invoke(Method.java:580)
	at org.junit.platform.commons.util.ReflectionUtils.invokeMethod(ReflectionUtils.java:728)
	at org.junit.jupiter.engine.execution.MethodInvocation.proceed(MethodInvocation.java:60)
	at org.junit.jupiter.engine.execution.InvocationInterceptorChain$ValidatingInvocation.proceed(InvocationInterceptorChain.java:131)
	at org.junit.jupiter.engine.extension.TimeoutExtension.intercept(TimeoutExtension.java:156)
	at org.junit.jupiter.engine.extension.TimeoutExtension.interceptTestableMethod(TimeoutExtension.java:147)
	at org.junit.jupiter.engine.extension.TimeoutExtension.interceptTestMethod(TimeoutExtension.java:86)
	at org.junit.jupiter.engine.execution.InterceptingExecutableInvoker$ReflectiveInterceptorCall.lambda$ofVoidMethod$0(InterceptingExecutableInvoker.java:103)
	at org.junit.jupiter.engine.execution.InterceptingExecutableInvoker.lambda$invoke$0(InterceptingExecutableInvoker.java:93)
	at org.junit.jupiter.engine.execution.InvocationInterceptorChain$InterceptedInvocation.proceed(InvocationInterceptorChain.java:106)
	at org.junit.jupiter.engine.execution.InvocationInterceptorChain.proceed(InvocationInterceptorChain.java:64)
	at org.junit.jupiter.engine.execution.InvocationInterceptorChain.chainAndInvoke(InvocationInterceptorChain.java:45)
	at org.junit.jupiter.engine.execution.InvocationInterceptorChain.invoke(InvocationInterceptorChain.java:37)
	at org.junit.jupiter.engine.execution.InterceptingExecutableInvoker.invoke(InterceptingExecutableInvoker.java:92)
	at org.junit.jupiter.engine.execution.InterceptingExecutableInvoker.invoke(InterceptingExecutableInvoker.java:86)
	at org.junit.jupiter.engine.descriptor.TestMethodTestDescriptor.lambda$invokeTestMethod$7(TestMethodTestDescriptor.java:218)
	at org.junit.platform.engine.support.hierarchical.ThrowableCollector.execute(ThrowableCollector.java:73)
	at org.junit.jupiter.engine.descriptor.TestMethodTestDescriptor.invokeTestMethod(TestMethodTestDescriptor.java:214)
	at org.junit.jupiter.engine.descriptor.TestMethodTestDescriptor.execute(TestMethodTestDescriptor.java:139)
	at org.junit.jupiter.engine.descriptor.TestMethodTestDescriptor.execute(TestMethodTestDescriptor.java:69)
	at org.junit.platform.engine.support.hierarchical.NodeTestTask.lambda$executeRecursively$6(NodeTestTask.java:151)
	at org.junit.platform.engine.support.hierarchical.ThrowableCollector.execute(ThrowableCollector.java:73)
	at org.junit.platform.engine.support.hierarchical.NodeTestTask.lambda$executeRecursively$8(NodeTestTask.java:141)
	at org.junit.platform.engine.support.hierarchical.Node.around(Node.java:137)
	at org.junit.platform.engine.support.hierarchical.NodeTestTask.lambda$executeRecursively$9(NodeTestTask.java:139)
	at org.junit.platform.engine.support.hierarchical.ThrowableCollector.execute(ThrowableCollector.java:73)
	at org.junit.platform.engine.support.hierarchical.NodeTestTask.executeRecursively(NodeTestTask.java:138)
	at org.junit.platform.engine.support.hierarchical.NodeTestTask.execute(NodeTestTask.java:95)
	at java.base/java.util.ArrayList.forEach(ArrayList.java:1596)
	at org.junit.platform.engine.support.hierarchical.SameThreadHierarchicalTestExecutorService.invokeAll(SameThreadHierarchicalTestExecutorService.java:41)
	at org.junit.platform.engine.support.hierarchical.NodeTestTask.lambda$executeRecursively$6(NodeTestTask.java:155)
	at org.junit.platform.engine.support.hierarchical.ThrowableCollector.execute(ThrowableCollector.java:73)
	at org.junit.platform.engine.support.hierarchical.NodeTestTask.lambda$executeRecursively$8(NodeTestTask.java:141)
	at org.junit.platform.engine.support.hierarchical.Node.around(Node.java:137)
	at org.junit.platform.engine.support.hierarchical.NodeTestTask.lambda$executeRecursively$9(NodeTestTask.java:139)
	at org.junit.platform.engine.support.hierarchical.ThrowableCollector.execute(ThrowableCollector.java:73)
	at org.junit.platform.engine.support.hierarchical.NodeTestTask.executeRecursively(NodeTestTask.java:138)
	at org.junit.platform.engine.support.hierarchical.NodeTestTask.execute(NodeTestTask.java:95)
	at java.base/java.util.ArrayList.forEach(ArrayList.java:1596)
	at org.junit.platform.engine.support.hierarchical.SameThreadHierarchicalTestExecutorService.invokeAll(SameThreadHierarchicalTestExecutorService.java:41)
	at org.junit.platform.engine.support.hierarchical.NodeTestTask.lambda$executeRecursively$6(NodeTestTask.java:155)
	at org.junit.platform.engine.support.hierarchical.ThrowableCollector.execute(ThrowableCollector.java:73)
	at org.junit.platform.engine.support.hierarchical.NodeTestTask.lambda$executeRecursively$8(NodeTestTask.java:141)
	at org.junit.platform.engine.support.hierarchical.Node.around(Node.java:137)
	at org.junit.platform.engine.support.hierarchical.NodeTestTask.lambda$executeRecursively$9(NodeTestTask.java:139)
	at org.junit.platform.engine.support.hierarchical.ThrowableCollector.execute(ThrowableCollector.java:73)
	at org.junit.platform.engine.support.hierarchical.NodeTestTask.executeRecursively(NodeTestTask.java:138)
	at org.junit.platform.engine.support.hierarchical.NodeTestTask.execute(NodeTestTask.java:95)
	at org.junit.platform.engine.support.hierarchical.SameThreadHierarchicalTestExecutorService.submit(SameThreadHierarchicalTestExecutorService.java:35)
	at org.junit.platform.engine.support.hierarchical.HierarchicalTestExecutor.execute(HierarchicalTestExecutor.java:57)
	at org.junit.platform.engine.support.hierarchical.HierarchicalTestEngine.execute(HierarchicalTestEngine.java:54)
	at org.junit.platform.launcher.core.EngineExecutionOrchestrator.execute(EngineExecutionOrchestrator.java:198)
	at org.junit.platform.launcher.core.EngineExecutionOrchestrator.execute(EngineExecutionOrchestrator.java:169)
	at org.junit.platform.launcher.core.EngineExecutionOrchestrator.execute(EngineExecutionOrchestrator.java:93)
	at org.junit.platform.launcher.core.EngineExecutionOrchestrator.lambda$execute$0(EngineExecutionOrchestrator.java:58)
	at org.junit.platform.launcher.core.EngineExecutionOrchestrator.withInterceptedStreams(EngineExecutionOrchestrator.java:141)
	at org.junit.platform.launcher.core.EngineExecutionOrchestrator.execute(EngineExecutionOrchestrator.java:57)
	at org.junit.platform.launcher.core.DefaultLauncher.execute(DefaultLauncher.java:103)
	at org.junit.platform.launcher.core.DefaultLauncher.execute(DefaultLauncher.java:85)
	at org.junit.platform.launcher.core.DelegatingLauncher.execute(DelegatingLauncher.java:47)
	at org.junit.platform.launcher.core.SessionPerRequestLauncher.execute(SessionPerRequestLauncher.java:63)
	at com.intellij.junit5.JUnit5IdeaTestRunner.startRunnerWithArgs(JUnit5IdeaTestRunner.java:57)
	at com.intellij.rt.junit.IdeaTestRunner$Repeater$1.execute(IdeaTestRunner.java:38)
	at com.intellij.rt.execution.junit.TestsRepeater.repeat(TestsRepeater.java:11)
	at com.intellij.rt.junit.IdeaTestRunner$Repeater.startRunnerWithArgs(IdeaTestRunner.java:35)
	at com.intellij.rt.junit.JUnitStarter.prepareStreamsAndStart(JUnitStarter.java:232)
	at com.intellij.rt.junit.JUnitStarter.main(JUnitStarter.java:55)
Caused by: org.openqa.selenium.NoSuchElementException: no such element: Unable to locate element: {"method":"xpath","selector":"(//input[@type='checkbox' and contains(@class, 'mdc-checkbox__native-control')])[0]"}
  (Session info: chrome=132.0.6834.160)
For documentation on this error, please visit: https://www.selenium.dev/documentation/webdriver/troubleshooting/errors#no-such-element-exception
Build info: version: '4.27.0', revision: 'd6e718d134'
System info: os.name: 'Windows 11', os.arch: 'amd64', os.version: '10.0', java.version: '21.0.3'
Driver info: org.openqa.selenium.chrome.ChromeDriver
Command: [b9c4779fc29e586ee6072b7eb0940046, findElement {using=xpath, value=(//input[@type='checkbox' and contains(@class, 'mdc-checkbox__native-control')])[0]}]
Capabilities {acceptInsecureCerts: false, browserName: chrome, browserVersion: 132.0.6834.160, chrome: {chromedriverVersion: 132.0.6834.159 (2d77d3fc445..., userDataDir: C:\Users\INGRID~1.ZAD\AppDa...}, fedcm:accounts: true, goog:chromeOptions: {debuggerAddress: localhost:50523}, networkConnectionEnabled: false, pageLoadStrategy: normal, platformName: windows, proxy: Proxy(), se:cdp: ws://localhost:50523/devtoo..., se:cdpVersion: 132.0.6834.160, setWindowRect: true, strictFileInteractability: false, timeouts: {implicit: 0, pageLoad: 300000, script: 30000}, unhandledPromptBehavior: dismiss and notify, webauthn:extension:credBlob: true, webauthn:extension:largeBlob: true, webauthn:extension:minPinLength: true, webauthn:extension:prf: true, webauthn:virtualAuthenticators: true}
Session ID: b9c4779fc29e586ee6072b7eb0940046
	at java.base/jdk.internal.reflect.DirectConstructorHandleAccessor.newInstance(DirectConstructorHandleAccessor.java:62)
	at java.base/java.lang.reflect.Constructor.newInstanceWithCaller(Constructor.java:502)
	at java.base/java.lang.reflect.Constructor.newInstance(Constructor.java:486)
	at org.openqa.selenium.remote.ErrorCodec.decode(ErrorCodec.java:167)
	at org.openqa.selenium.remote.codec.w3c.W3CHttpResponseCodec.decode(W3CHttpResponseCodec.java:138)
	at org.openqa.selenium.remote.codec.w3c.W3CHttpResponseCodec.decode(W3CHttpResponseCodec.java:50)
	at org.openqa.selenium.remote.HttpCommandExecutor.execute(HttpCommandExecutor.java:190)
	at org.openqa.selenium.remote.service.DriverCommandExecutor.invokeExecute(DriverCommandExecutor.java:216)
	at org.openqa.selenium.remote.service.DriverCommandExecutor.execute(DriverCommandExecutor.java:174)
	at org.openqa.selenium.remote.RemoteWebDriver.execute(RemoteWebDriver.java:545)
	at org.openqa.selenium.remote.ElementLocation$ElementFinder$2.findElement(ElementLocation.java:165)
	at org.openqa.selenium.remote.ElementLocation.findElement(ElementLocation.java:59)
	at org.openqa.selenium.remote.RemoteWebDriver.findElement(RemoteWebDriver.java:368)
	at org.openqa.selenium.remote.RemoteWebDriver.findElement(RemoteWebDriver.java:362)
	at org.openqa.selenium.support.pagefactory.DefaultElementLocator.findElement(DefaultElementLocator.java:68)
	at org.openqa.selenium.support.pagefactory.internal.LocatingElementHandler.invoke(LocatingElementHandler.java:38)
	at jdk.proxy2/jdk.proxy2.$Proxy14.isDisplayed(Unknown Source)
	at org.openqa.selenium.support.ui.ExpectedConditions.elementIfVisible(ExpectedConditions.java:304)
	at org.openqa.selenium.support.ui.ExpectedConditions$10.apply(ExpectedConditions.java:290)
	at org.openqa.selenium.support.ui.ExpectedConditions$10.apply(ExpectedConditions.java:287)
	at org.openqa.selenium.support.ui.FluentWait.until(FluentWait.java:203)
	... 70 common frames omitted
2025-02-03 13:33:59 [main] INFO  l.insoft.uztis.tests.utils.TestUtils - Screenshot moved to C:\Users\ingrida.zadorozniene\Desktop\Asm\UZTIS\UZTIS_tests\test-output\screenshots\20250203\133359121_testFillNewApplication().png
2025-02-03 13:36:33 [main] INFO  lt.insoft.uztis.tests.UztisPageTest - Navigated to https://uztisdev.asseco.lt/home
2025-02-03 13:36:33 [main] INFO  l.i.u.t.SubmittedApplicationsPageTest - Starting test:'testFillNewApplication'
2025-02-03 13:36:34 [main] DEBUG l.i.u.t.SubmittedApplicationsPageTest - User logged in with test credentials
2025-02-03 13:36:34 [main] DEBUG l.i.u.t.SubmittedApplicationsPageTest - Opened 'Application Processing' menu.
2025-02-03 13:36:34 [main] DEBUG l.i.u.t.SubmittedApplicationsPageTest - Clicked on 'Application Forms' menu.
2025-02-03 13:36:35 [main] DEBUG l.i.u.t.SubmittedApplicationsPageTest - Retrieved last description code text: 'TST-VUI-27'.
2025-02-03 13:36:35 [main] DEBUG l.i.u.t.SubmittedApplicationsPageTest - Clicked on 'Invitation' menu.
2025-02-03 13:36:36 [main] DEBUG l.i.u.t.SubmittedApplicationsPageTest - Selected application section by code: 'TST-VUI-27'.
2025-02-03 13:36:36 [main] DEBUG l.i.u.t.SubmittedApplicationsPageTest - Clicked 'Search' button.
2025-02-03 13:36:36 [main] DEBUG l.i.u.t.SubmittedApplicationsPageTest - Retrieved invitation code: ''.
2025-02-03 13:36:36 [main] DEBUG l.i.u.t.SubmittedApplicationsPageTest - Clicked on 'Submitted Applications' menu.
2025-02-03 13:36:37 [main] DEBUG l.i.u.t.SubmittedApplicationsPageTest - Selected invitation by code: 'TST-VUI-27'.
2025-02-03 13:36:37 [main] DEBUG l.i.u.t.SubmittedApplicationsPageTest - Clicked on 'Action Application' button.
2025-02-03 13:36:37 [main] DEBUG l.i.u.t.SubmittedApplicationsPageTest - Clicked on 'New Application' button.
2025-02-03 13:36:38 [main] DEBUG l.i.u.t.SubmittedApplicationsPageTest - Clicked on 'RadioButtonFA' button.
2025-02-03 13:36:38 [main] DEBUG l.i.u.t.SubmittedApplicationsPageTest - Entered phone number into the input field.
2025-02-03 13:36:38 [main] DEBUG l.i.u.t.SubmittedApplicationsPageTest - Entered eMail into the input field.
2025-02-03 13:36:38 [main] INFO  l.i.u.p.SubmittedApplicationsPage - Located the dropdown button.
2025-02-03 13:36:58 [main] INFO  l.i.u.p.SubmittedApplicationsPage - Found 1741 options in the dropdown.
2025-02-03 13:36:58 [main] INFO  l.i.u.p.SubmittedApplicationsPage - Successfully selected the value: '01.11 - Grūdinių (išskyrus ryžius), ankštinių ir aliejingų sėklų augalų auginimas'
2025-02-03 13:37:09 [main] ERROR l.i.u.p.SubmittedApplicationsPage - Failed to close the dropdown with aria-expanded = 'false'. Attempting manual close.
2025-02-03 13:37:09 [main] INFO  l.i.u.p.SubmittedApplicationsPage - Manual close attempt for the dropdown using body click.
2025-02-03 13:37:09 [main] DEBUG l.i.u.t.SubmittedApplicationsPageTest - Entered Address into the input field.
2025-02-03 13:37:09 [main] DEBUG l.i.u.t.SubmittedApplicationsPageTest - Entered Address into the input field.
2025-02-03 13:37:10 [main] INFO  l.i.u.p.SubmittedApplicationsPage - Located the dropdown button.
2025-02-03 13:37:11 [main] INFO  l.i.u.p.SubmittedApplicationsPage - Successfully selected the value: 'Administratoriai'
2025-02-03 13:37:31 [main] ERROR l.i.u.p.SubmittedApplicationsPage - Timeout while waiting for dropdown to close with aria-expanded = 'false'.
2025-02-03 13:37:31 [main] DEBUG l.i.u.t.SubmittedApplicationsPageTest - Selected the value: 'Administratoriai'
2025-02-03 13:37:31 [main] INFO  l.i.u.p.SubmittedApplicationsPage - Clicking on the dropdown button.
2025-02-03 13:37:32 [main] INFO  l.i.u.p.SubmittedApplicationsPage - Found 34 options in the dropdown.
2025-02-03 13:37:32 [main] DEBUG l.i.u.p.SubmittedApplicationsPage - Checking option: 'Asmenys, kuriems suteiktas pabėgėlio statusas ar perkeliamojo asmens statusas, arba asmenys, kuriems suteikta papildoma ar laikinoji apsauga, ir asmenys, turintys teisę gauti laikinąją apsaugą, iki sprendimo dėl laikinosios apsaugos suteikimo (nesuteikimo) priėmimo, tačiau ne ilgiau kaip laikinosios apsaugos laikotarpiu'
2025-02-03 13:37:32 [main] DEBUG l.i.u.p.SubmittedApplicationsPage - Checking option: 'Asmenys, kuriems suteiktas pabėgėlio statusas ar perkeliamojo asmens statusas, arba asmenys, kuriems suteikta papildoma ar laikinoji apsauga, ir asmenys, turintys teisę gauti laikinąją apsaugą, iki sprendimo dėl laikinosios apsaugos suteikimo (nesuteikimo) priėmimo, tačiau ne ilgiau kaip laikinosios apsaugos laikotarpiu'
2025-02-03 13:37:32 [main] DEBUG l.i.u.p.SubmittedApplicationsPage - Checking option: 'Asmenys, turintys teisę į papildomas užimtumo garantijas pagal Lietuvos Respublikos valstybės įmonės Ignalinos atominės elektrinės darbuotojų papildomų užimtumo ir socialinių garantijų įstatymą'
2025-02-03 13:37:32 [main] DEBUG l.i.u.p.SubmittedApplicationsPage - Checking option: 'Asmenys, turintys teisę į papildomas užimtumo garantijas pagal Lietuvos Respublikos valstybės įmonės Ignalinos atominės elektrinės darbuotojų papildomų užimtumo ir socialinių garantijų įstatymą'
2025-02-03 13:37:32 [main] DEBUG l.i.u.p.SubmittedApplicationsPage - Checking option: 'Bedarbiai iki 29 metų'
2025-02-03 13:37:32 [main] DEBUG l.i.u.p.SubmittedApplicationsPage - Checking option: 'Bedarbiai iki 29 metų'
2025-02-03 13:37:32 [main] DEBUG l.i.u.p.SubmittedApplicationsPage - Checking option: 'Bedarbiai, kurie yra darbingo amžiaus neįgalieji, kuriems nustatytas 30–40 procentų darbingumo lygis arba vidutinis neįgalumo lygis'
2025-02-03 13:37:32 [main] DEBUG l.i.u.p.SubmittedApplicationsPage - Checking option: 'Bedarbiai, kurie yra darbingo amžiaus neįgalieji, kuriems nustatytas 30–40 procentų darbingumo lygis arba vidutinis neįgalumo lygis'
2025-02-03 13:37:33 [main] DEBUG l.i.u.p.SubmittedApplicationsPage - Checking option: 'Bedarbiai, kurie yra darbingo amžiaus neįgalieji, kuriems nustatytas 45–55 procentų darbingumo lygis arba lengvas neįgalumo lygis'
2025-02-03 13:37:33 [main] DEBUG l.i.u.p.SubmittedApplicationsPage - Checking option: 'Bedarbiai, kurie yra darbingo amžiaus neįgalieji, kuriems nustatytas 45–55 procentų darbingumo lygis arba lengvas neįgalumo lygis'
2025-02-03 13:37:33 [main] DEBUG l.i.u.p.SubmittedApplicationsPage - Checking option: 'Bedarbiai, kurie yra darbingo amžiaus neįgalieji, kuriems nustatytas iki 25 procentų darbingumo lygis arba sunkus neįgalumo lygis'
2025-02-03 13:37:33 [main] INFO  l.i.u.p.SubmittedApplicationsPage - Successfully selected the value: 'Bedarbiai, kurie yra darbingo amžiaus neįgalieji, kuriems nustatytas iki 25 procentų darbingumo lygis arba sunkus neįgalumo lygis'
2025-02-03 13:37:33 [main] INFO  l.i.u.p.SubmittedApplicationsPage - Attempting to close the dropdown.
2025-02-03 13:37:43 [main] INFO  l.i.u.p.SubmittedApplicationsPage - Dropdown should be closed now.
2025-02-03 13:37:43 [main] INFO  l.i.u.p.SubmittedApplicationsPage - Located the dropdown button.
2025-02-03 13:37:44 [main] INFO  l.i.u.p.SubmittedApplicationsPage - Successfully selected the value: 'Kita'
2025-02-03 13:37:54 [main] ERROR l.i.u.p.SubmittedApplicationsPage - Timeout while waiting for dropdown to close with aria-expanded = 'false'.
2025-02-03 13:37:54 [main] DEBUG l.i.u.t.SubmittedApplicationsPageTest - Selected the value: 'Kita'
2025-02-03 13:37:54 [main] DEBUG l.i.u.t.SubmittedApplicationsPageTest - Selected the value: '6 val. per dieną ir 4 d. per savaitę'
2025-02-03 13:37:55 [main] DEBUG l.i.u.t.SubmittedApplicationsPageTest - Entered Address into the input field.
2025-02-03 13:37:57 [main] INFO  l.i.u.p.SubmittedApplicationsPage - Located the dropdown button.
2025-02-03 13:37:57 [main] INFO  l.i.u.p.SubmittedApplicationsPage - Successfully selected the value: 'Įsigyti'
2025-02-03 13:38:18 [main] ERROR l.i.u.p.SubmittedApplicationsPage - Timeout while waiting for dropdown to close with aria-expanded = 'false'.
2025-02-03 13:38:18 [main] DEBUG l.i.u.t.SubmittedApplicationsPageTest - Selected the value: 'Įsigyti'
2025-02-03 13:38:18 [main] DEBUG l.i.u.t.SubmittedApplicationsPageTest - Selected the value: 'Darbo priemonė 1'
2025-02-03 13:38:18 [main] DEBUG l.i.u.t.SubmittedApplicationsPageTest - Selected the value: 'Darbo priemonės 1 parametras 1'
2025-02-03 13:38:18 [main] DEBUG l.i.u.t.SubmittedApplicationsPageTest - Selected the value: 'Darbo priemonės 1 parametras 2'
2025-02-03 13:38:19 [main] DEBUG l.i.u.t.SubmittedApplicationsPageTest - Selected the value: 'Darbo priemonės 1 parametras 3'
2025-02-03 13:38:19 [main] DEBUG l.i.u.t.SubmittedApplicationsPageTest - Entered Address into the input field.
2025-02-03 13:38:19 [main] DEBUG l.i.u.t.SubmittedApplicationsPageTest - Entered Address into the input field.
2025-02-03 13:38:19 [main] DEBUG l.i.u.t.SubmittedApplicationsPageTest - Entered Address into the input field.
2025-02-03 13:38:19 [main] DEBUG l.i.u.t.SubmittedApplicationsPageTest - Entered Address into the input field.
2025-02-03 13:38:19 [main] DEBUG l.i.u.t.SubmittedApplicationsPageTest - Entered Address into the input field.
2025-02-03 13:38:19 [main] DEBUG l.i.u.t.SubmittedApplicationsPageTest - Entered Address into the input field.
2025-02-03 13:38:20 [main] DEBUG l.i.u.t.SubmittedApplicationsPageTest - Entered Address into the input field.
2025-02-03 13:38:20 [main] DEBUG l.i.u.t.SubmittedApplicationsPageTest - Entered Address into the input field.
2025-02-03 13:38:41 [main] ERROR l.i.u.t.SubmittedApplicationsPageTest - Test 'testFillNewApplication' failed with error: Expected condition failed: waiting for visibility of Proxy element for: DefaultElementLocator 'By.xpath: (//div[contains(@class, 'mdc-checkbox')]//input[@type='checkbox'])[0]' (tried for 10 second(s) with 500 milliseconds interval)
org.openqa.selenium.TimeoutException: Expected condition failed: waiting for visibility of Proxy element for: DefaultElementLocator 'By.xpath: (//div[contains(@class, 'mdc-checkbox')]//input[@type='checkbox'])[0]' (tried for 10 second(s) with 500 milliseconds interval)
	at org.openqa.selenium.support.ui.WebDriverWait.timeoutException(WebDriverWait.java:84)
	at org.openqa.selenium.support.ui.FluentWait.until(FluentWait.java:228)
	at lt.insoft.uztis.pages.SubmittedApplicationsPage.setCheckboxConfirmation(SubmittedApplicationsPage.java:734)
	at lt.insoft.uztis.tests.SubmittedApplicationsPageTest.testFillNewApplication(SubmittedApplicationsPageTest.java:288)
	at java.base/jdk.internal.reflect.DirectMethodHandleAccessor.invoke(DirectMethodHandleAccessor.java:103)
	at java.base/java.lang.reflect.Method.invoke(Method.java:580)
	at org.junit.platform.commons.util.ReflectionUtils.invokeMethod(ReflectionUtils.java:728)
	at org.junit.jupiter.engine.execution.MethodInvocation.proceed(MethodInvocation.java:60)
	at org.junit.jupiter.engine.execution.InvocationInterceptorChain$ValidatingInvocation.proceed(InvocationInterceptorChain.java:131)
	at org.junit.jupiter.engine.extension.TimeoutExtension.intercept(TimeoutExtension.java:156)
	at org.junit.jupiter.engine.extension.TimeoutExtension.interceptTestableMethod(TimeoutExtension.java:147)
	at org.junit.jupiter.engine.extension.TimeoutExtension.interceptTestMethod(TimeoutExtension.java:86)
	at org.junit.jupiter.engine.execution.InterceptingExecutableInvoker$ReflectiveInterceptorCall.lambda$ofVoidMethod$0(InterceptingExecutableInvoker.java:103)
	at org.junit.jupiter.engine.execution.InterceptingExecutableInvoker.lambda$invoke$0(InterceptingExecutableInvoker.java:93)
	at org.junit.jupiter.engine.execution.InvocationInterceptorChain$InterceptedInvocation.proceed(InvocationInterceptorChain.java:106)
	at org.junit.jupiter.engine.execution.InvocationInterceptorChain.proceed(InvocationInterceptorChain.java:64)
	at org.junit.jupiter.engine.execution.InvocationInterceptorChain.chainAndInvoke(InvocationInterceptorChain.java:45)
	at org.junit.jupiter.engine.execution.InvocationInterceptorChain.invoke(InvocationInterceptorChain.java:37)
	at org.junit.jupiter.engine.execution.InterceptingExecutableInvoker.invoke(InterceptingExecutableInvoker.java:92)
	at org.junit.jupiter.engine.execution.InterceptingExecutableInvoker.invoke(InterceptingExecutableInvoker.java:86)
	at org.junit.jupiter.engine.descriptor.TestMethodTestDescriptor.lambda$invokeTestMethod$7(TestMethodTestDescriptor.java:218)
	at org.junit.platform.engine.support.hierarchical.ThrowableCollector.execute(ThrowableCollector.java:73)
	at org.junit.jupiter.engine.descriptor.TestMethodTestDescriptor.invokeTestMethod(TestMethodTestDescriptor.java:214)
	at org.junit.jupiter.engine.descriptor.TestMethodTestDescriptor.execute(TestMethodTestDescriptor.java:139)
	at org.junit.jupiter.engine.descriptor.TestMethodTestDescriptor.execute(TestMethodTestDescriptor.java:69)
	at org.junit.platform.engine.support.hierarchical.NodeTestTask.lambda$executeRecursively$6(NodeTestTask.java:151)
	at org.junit.platform.engine.support.hierarchical.ThrowableCollector.execute(ThrowableCollector.java:73)
	at org.junit.platform.engine.support.hierarchical.NodeTestTask.lambda$executeRecursively$8(NodeTestTask.java:141)
	at org.junit.platform.engine.support.hierarchical.Node.around(Node.java:137)
	at org.junit.platform.engine.support.hierarchical.NodeTestTask.lambda$executeRecursively$9(NodeTestTask.java:139)
	at org.junit.platform.engine.support.hierarchical.ThrowableCollector.execute(ThrowableCollector.java:73)
	at org.junit.platform.engine.support.hierarchical.NodeTestTask.executeRecursively(NodeTestTask.java:138)
	at org.junit.platform.engine.support.hierarchical.NodeTestTask.execute(NodeTestTask.java:95)
	at java.base/java.util.ArrayList.forEach(ArrayList.java:1596)
	at org.junit.platform.engine.support.hierarchical.SameThreadHierarchicalTestExecutorService.invokeAll(SameThreadHierarchicalTestExecutorService.java:41)
	at org.junit.platform.engine.support.hierarchical.NodeTestTask.lambda$executeRecursively$6(NodeTestTask.java:155)
	at org.junit.platform.engine.support.hierarchical.ThrowableCollector.execute(ThrowableCollector.java:73)
	at org.junit.platform.engine.support.hierarchical.NodeTestTask.lambda$executeRecursively$8(NodeTestTask.java:141)
	at org.junit.platform.engine.support.hierarchical.Node.around(Node.java:137)
	at org.junit.platform.engine.support.hierarchical.NodeTestTask.lambda$executeRecursively$9(NodeTestTask.java:139)
	at org.junit.platform.engine.support.hierarchical.ThrowableCollector.execute(ThrowableCollector.java:73)
	at org.junit.platform.engine.support.hierarchical.NodeTestTask.executeRecursively(NodeTestTask.java:138)
	at org.junit.platform.engine.support.hierarchical.NodeTestTask.execute(NodeTestTask.java:95)
	at java.base/java.util.ArrayList.forEach(ArrayList.java:1596)
	at org.junit.platform.engine.support.hierarchical.SameThreadHierarchicalTestExecutorService.invokeAll(SameThreadHierarchicalTestExecutorService.java:41)
	at org.junit.platform.engine.support.hierarchical.NodeTestTask.lambda$executeRecursively$6(NodeTestTask.java:155)
	at org.junit.platform.engine.support.hierarchical.ThrowableCollector.execute(ThrowableCollector.java:73)
	at org.junit.platform.engine.support.hierarchical.NodeTestTask.lambda$executeRecursively$8(NodeTestTask.java:141)
	at org.junit.platform.engine.support.hierarchical.Node.around(Node.java:137)
	at org.junit.platform.engine.support.hierarchical.NodeTestTask.lambda$executeRecursively$9(NodeTestTask.java:139)
	at org.junit.platform.engine.support.hierarchical.ThrowableCollector.execute(ThrowableCollector.java:73)
	at org.junit.platform.engine.support.hierarchical.NodeTestTask.executeRecursively(NodeTestTask.java:138)
	at org.junit.platform.engine.support.hierarchical.NodeTestTask.execute(NodeTestTask.java:95)
	at org.junit.platform.engine.support.hierarchical.SameThreadHierarchicalTestExecutorService.submit(SameThreadHierarchicalTestExecutorService.java:35)
	at org.junit.platform.engine.support.hierarchical.HierarchicalTestExecutor.execute(HierarchicalTestExecutor.java:57)
	at org.junit.platform.engine.support.hierarchical.HierarchicalTestEngine.execute(HierarchicalTestEngine.java:54)
	at org.junit.platform.launcher.core.EngineExecutionOrchestrator.execute(EngineExecutionOrchestrator.java:198)
	at org.junit.platform.launcher.core.EngineExecutionOrchestrator.execute(EngineExecutionOrchestrator.java:169)
	at org.junit.platform.launcher.core.EngineExecutionOrchestrator.execute(EngineExecutionOrchestrator.java:93)
	at org.junit.platform.launcher.core.EngineExecutionOrchestrator.lambda$execute$0(EngineExecutionOrchestrator.java:58)
	at org.junit.platform.launcher.core.EngineExecutionOrchestrator.withInterceptedStreams(EngineExecutionOrchestrator.java:141)
	at org.junit.platform.launcher.core.EngineExecutionOrchestrator.execute(EngineExecutionOrchestrator.java:57)
	at org.junit.platform.launcher.core.DefaultLauncher.execute(DefaultLauncher.java:103)
	at org.junit.platform.launcher.core.DefaultLauncher.execute(DefaultLauncher.java:85)
	at org.junit.platform.launcher.core.DelegatingLauncher.execute(DelegatingLauncher.java:47)
	at org.junit.platform.launcher.core.SessionPerRequestLauncher.execute(SessionPerRequestLauncher.java:63)
	at com.intellij.junit5.JUnit5IdeaTestRunner.startRunnerWithArgs(JUnit5IdeaTestRunner.java:57)
	at com.intellij.rt.junit.IdeaTestRunner$Repeater$1.execute(IdeaTestRunner.java:38)
	at com.intellij.rt.execution.junit.TestsRepeater.repeat(TestsRepeater.java:11)
	at com.intellij.rt.junit.IdeaTestRunner$Repeater.startRunnerWithArgs(IdeaTestRunner.java:35)
	at com.intellij.rt.junit.JUnitStarter.prepareStreamsAndStart(JUnitStarter.java:232)
	at com.intellij.rt.junit.JUnitStarter.main(JUnitStarter.java:55)
Caused by: org.openqa.selenium.NoSuchElementException: no such element: Unable to locate element: {"method":"xpath","selector":"(//div[contains(@class, 'mdc-checkbox')]//input[@type='checkbox'])[0]"}
  (Session info: chrome=132.0.6834.160)
For documentation on this error, please visit: https://www.selenium.dev/documentation/webdriver/troubleshooting/errors#no-such-element-exception
Build info: version: '4.27.0', revision: 'd6e718d134'
System info: os.name: 'Windows 11', os.arch: 'amd64', os.version: '10.0', java.version: '21.0.3'
Driver info: org.openqa.selenium.chrome.ChromeDriver
Command: [71c4de7454067ba88793951e6a08c01d, findElement {value=(//div[contains(@class, 'mdc-checkbox')]//input[@type='checkbox'])[0], using=xpath}]
Capabilities {acceptInsecureCerts: false, browserName: chrome, browserVersion: 132.0.6834.160, chrome: {chromedriverVersion: 132.0.6834.159 (2d77d3fc445..., userDataDir: C:\Users\INGRID~1.ZAD\AppDa...}, fedcm:accounts: true, goog:chromeOptions: {debuggerAddress: localhost:50727}, networkConnectionEnabled: false, pageLoadStrategy: normal, platformName: windows, proxy: Proxy(), se:cdp: ws://localhost:50727/devtoo..., se:cdpVersion: 132.0.6834.160, setWindowRect: true, strictFileInteractability: false, timeouts: {implicit: 0, pageLoad: 300000, script: 30000}, unhandledPromptBehavior: dismiss and notify, webauthn:extension:credBlob: true, webauthn:extension:largeBlob: true, webauthn:extension:minPinLength: true, webauthn:extension:prf: true, webauthn:virtualAuthenticators: true}
Session ID: 71c4de7454067ba88793951e6a08c01d
	at java.base/jdk.internal.reflect.DirectConstructorHandleAccessor.newInstance(DirectConstructorHandleAccessor.java:62)
	at java.base/java.lang.reflect.Constructor.newInstanceWithCaller(Constructor.java:502)
	at java.base/java.lang.reflect.Constructor.newInstance(Constructor.java:486)
	at org.openqa.selenium.remote.ErrorCodec.decode(ErrorCodec.java:167)
	at org.openqa.selenium.remote.codec.w3c.W3CHttpResponseCodec.decode(W3CHttpResponseCodec.java:138)
	at org.openqa.selenium.remote.codec.w3c.W3CHttpResponseCodec.decode(W3CHttpResponseCodec.java:50)
	at org.openqa.selenium.remote.HttpCommandExecutor.execute(HttpCommandExecutor.java:190)
	at org.openqa.selenium.remote.service.DriverCommandExecutor.invokeExecute(DriverCommandExecutor.java:216)
	at org.openqa.selenium.remote.service.DriverCommandExecutor.execute(DriverCommandExecutor.java:174)
	at org.openqa.selenium.remote.RemoteWebDriver.execute(RemoteWebDriver.java:545)
	at org.openqa.selenium.remote.ElementLocation$ElementFinder$2.findElement(ElementLocation.java:165)
	at org.openqa.selenium.remote.ElementLocation.findElement(ElementLocation.java:59)
	at org.openqa.selenium.remote.RemoteWebDriver.findElement(RemoteWebDriver.java:368)
	at org.openqa.selenium.remote.RemoteWebDriver.findElement(RemoteWebDriver.java:362)
	at org.openqa.selenium.support.pagefactory.DefaultElementLocator.findElement(DefaultElementLocator.java:68)
	at org.openqa.selenium.support.pagefactory.internal.LocatingElementHandler.invoke(LocatingElementHandler.java:38)
	at jdk.proxy2/jdk.proxy2.$Proxy14.isDisplayed(Unknown Source)
	at org.openqa.selenium.support.ui.ExpectedConditions.elementIfVisible(ExpectedConditions.java:304)
	at org.openqa.selenium.support.ui.ExpectedConditions$10.apply(ExpectedConditions.java:290)
	at org.openqa.selenium.support.ui.ExpectedConditions$10.apply(ExpectedConditions.java:287)
	at org.openqa.selenium.support.ui.FluentWait.until(FluentWait.java:203)
	... 70 common frames omitted
2025-02-03 13:38:41 [main] INFO  l.insoft.uztis.tests.utils.TestUtils - Screenshot moved to C:\Users\ingrida.zadorozniene\Desktop\Asm\UZTIS\UZTIS_tests\test-output\screenshots\20250203\133841254_testFillNewApplication().png
2025-02-03 13:39:11 [main] INFO  lt.insoft.uztis.tests.UztisPageTest - Navigated to https://uztisdev.asseco.lt/home
2025-02-03 13:39:11 [main] INFO  l.i.u.t.SubmittedApplicationsPageTest - Starting test:'testFillNewApplication'
2025-02-03 13:39:12 [main] DEBUG l.i.u.t.SubmittedApplicationsPageTest - User logged in with test credentials
2025-02-03 13:39:12 [main] DEBUG l.i.u.t.SubmittedApplicationsPageTest - Opened 'Application Processing' menu.
2025-02-03 13:39:12 [main] DEBUG l.i.u.t.SubmittedApplicationsPageTest - Clicked on 'Application Forms' menu.
2025-02-03 13:39:12 [main] DEBUG l.i.u.t.SubmittedApplicationsPageTest - Retrieved last description code text: 'TST-VUI-27'.
2025-02-03 13:39:13 [main] DEBUG l.i.u.t.SubmittedApplicationsPageTest - Clicked on 'Invitation' menu.
2025-02-03 13:39:13 [main] DEBUG l.i.u.t.SubmittedApplicationsPageTest - Selected application section by code: 'TST-VUI-27'.
2025-02-03 13:39:14 [main] DEBUG l.i.u.t.SubmittedApplicationsPageTest - Clicked 'Search' button.
2025-02-03 13:39:14 [main] DEBUG l.i.u.t.SubmittedApplicationsPageTest - Retrieved invitation code: ''.
2025-02-03 13:39:14 [main] DEBUG l.i.u.t.SubmittedApplicationsPageTest - Clicked on 'Submitted Applications' menu.
2025-02-03 13:39:15 [main] DEBUG l.i.u.t.SubmittedApplicationsPageTest - Selected invitation by code: 'TST-VUI-27'.
2025-02-03 13:39:15 [main] DEBUG l.i.u.t.SubmittedApplicationsPageTest - Clicked on 'Action Application' button.
2025-02-03 13:39:15 [main] DEBUG l.i.u.t.SubmittedApplicationsPageTest - Clicked on 'New Application' button.
2025-02-03 13:39:16 [main] DEBUG l.i.u.t.SubmittedApplicationsPageTest - Clicked on 'RadioButtonFA' button.
2025-02-03 13:39:16 [main] DEBUG l.i.u.t.SubmittedApplicationsPageTest - Entered phone number into the input field.
2025-02-03 13:39:16 [main] DEBUG l.i.u.t.SubmittedApplicationsPageTest - Entered eMail into the input field.
2025-02-03 13:39:16 [main] INFO  l.i.u.p.SubmittedApplicationsPage - Located the dropdown button.
2025-02-03 13:39:37 [main] INFO  l.i.u.p.SubmittedApplicationsPage - Found 1741 options in the dropdown.
2025-02-03 13:39:38 [main] INFO  l.i.u.p.SubmittedApplicationsPage - Successfully selected the value: '01.11 - Grūdinių (išskyrus ryžius), ankštinių ir aliejingų sėklų augalų auginimas'
2025-02-03 13:39:48 [main] ERROR l.i.u.p.SubmittedApplicationsPage - Failed to close the dropdown with aria-expanded = 'false'. Attempting manual close.
2025-02-03 13:39:48 [main] INFO  l.i.u.p.SubmittedApplicationsPage - Manual close attempt for the dropdown using body click.
2025-02-03 13:39:49 [main] DEBUG l.i.u.t.SubmittedApplicationsPageTest - Entered Address into the input field.
2025-02-03 13:39:49 [main] DEBUG l.i.u.t.SubmittedApplicationsPageTest - Entered Address into the input field.
2025-02-03 13:39:49 [main] INFO  l.i.u.p.SubmittedApplicationsPage - Located the dropdown button.
2025-02-03 13:39:51 [main] INFO  l.i.u.p.SubmittedApplicationsPage - Successfully selected the value: 'Administratoriai'
2025-02-03 13:40:11 [main] ERROR l.i.u.p.SubmittedApplicationsPage - Timeout while waiting for dropdown to close with aria-expanded = 'false'.
2025-02-03 13:40:11 [main] DEBUG l.i.u.t.SubmittedApplicationsPageTest - Selected the value: 'Administratoriai'
2025-02-03 13:40:11 [main] INFO  l.i.u.p.SubmittedApplicationsPage - Clicking on the dropdown button.
2025-02-03 13:40:12 [main] INFO  l.i.u.p.SubmittedApplicationsPage - Found 34 options in the dropdown.
2025-02-03 13:40:12 [main] DEBUG l.i.u.p.SubmittedApplicationsPage - Checking option: 'Asmenys, kuriems suteiktas pabėgėlio statusas ar perkeliamojo asmens statusas, arba asmenys, kuriems suteikta papildoma ar laikinoji apsauga, ir asmenys, turintys teisę gauti laikinąją apsaugą, iki sprendimo dėl laikinosios apsaugos suteikimo (nesuteikimo) priėmimo, tačiau ne ilgiau kaip laikinosios apsaugos laikotarpiu'
2025-02-03 13:40:12 [main] DEBUG l.i.u.p.SubmittedApplicationsPage - Checking option: 'Asmenys, kuriems suteiktas pabėgėlio statusas ar perkeliamojo asmens statusas, arba asmenys, kuriems suteikta papildoma ar laikinoji apsauga, ir asmenys, turintys teisę gauti laikinąją apsaugą, iki sprendimo dėl laikinosios apsaugos suteikimo (nesuteikimo) priėmimo, tačiau ne ilgiau kaip laikinosios apsaugos laikotarpiu'
2025-02-03 13:40:12 [main] DEBUG l.i.u.p.SubmittedApplicationsPage - Checking option: 'Asmenys, turintys teisę į papildomas užimtumo garantijas pagal Lietuvos Respublikos valstybės įmonės Ignalinos atominės elektrinės darbuotojų papildomų užimtumo ir socialinių garantijų įstatymą'
2025-02-03 13:40:12 [main] DEBUG l.i.u.p.SubmittedApplicationsPage - Checking option: 'Asmenys, turintys teisę į papildomas užimtumo garantijas pagal Lietuvos Respublikos valstybės įmonės Ignalinos atominės elektrinės darbuotojų papildomų užimtumo ir socialinių garantijų įstatymą'
2025-02-03 13:40:12 [main] DEBUG l.i.u.p.SubmittedApplicationsPage - Checking option: 'Bedarbiai iki 29 metų'
2025-02-03 13:40:12 [main] DEBUG l.i.u.p.SubmittedApplicationsPage - Checking option: 'Bedarbiai iki 29 metų'
2025-02-03 13:40:12 [main] DEBUG l.i.u.p.SubmittedApplicationsPage - Checking option: 'Bedarbiai, kurie yra darbingo amžiaus neįgalieji, kuriems nustatytas 30–40 procentų darbingumo lygis arba vidutinis neįgalumo lygis'
2025-02-03 13:40:12 [main] DEBUG l.i.u.p.SubmittedApplicationsPage - Checking option: 'Bedarbiai, kurie yra darbingo amžiaus neįgalieji, kuriems nustatytas 30–40 procentų darbingumo lygis arba vidutinis neįgalumo lygis'
2025-02-03 13:40:12 [main] DEBUG l.i.u.p.SubmittedApplicationsPage - Checking option: 'Bedarbiai, kurie yra darbingo amžiaus neįgalieji, kuriems nustatytas 45–55 procentų darbingumo lygis arba lengvas neįgalumo lygis'
2025-02-03 13:40:12 [main] DEBUG l.i.u.p.SubmittedApplicationsPage - Checking option: 'Bedarbiai, kurie yra darbingo amžiaus neįgalieji, kuriems nustatytas 45–55 procentų darbingumo lygis arba lengvas neįgalumo lygis'
2025-02-03 13:40:12 [main] DEBUG l.i.u.p.SubmittedApplicationsPage - Checking option: 'Bedarbiai, kurie yra darbingo amžiaus neįgalieji, kuriems nustatytas iki 25 procentų darbingumo lygis arba sunkus neįgalumo lygis'
2025-02-03 13:40:12 [main] INFO  l.i.u.p.SubmittedApplicationsPage - Successfully selected the value: 'Bedarbiai, kurie yra darbingo amžiaus neįgalieji, kuriems nustatytas iki 25 procentų darbingumo lygis arba sunkus neįgalumo lygis'
2025-02-03 13:40:12 [main] INFO  l.i.u.p.SubmittedApplicationsPage - Attempting to close the dropdown.
2025-02-03 13:40:22 [main] INFO  l.i.u.p.SubmittedApplicationsPage - Dropdown should be closed now.
2025-02-03 13:40:23 [main] INFO  l.i.u.p.SubmittedApplicationsPage - Located the dropdown button.
2025-02-03 13:40:23 [main] INFO  l.i.u.p.SubmittedApplicationsPage - Successfully selected the value: 'Kita'
2025-02-03 13:40:33 [main] ERROR l.i.u.p.SubmittedApplicationsPage - Timeout while waiting for dropdown to close with aria-expanded = 'false'.
2025-02-03 13:40:33 [main] DEBUG l.i.u.t.SubmittedApplicationsPageTest - Selected the value: 'Kita'
2025-02-03 13:40:34 [main] DEBUG l.i.u.t.SubmittedApplicationsPageTest - Selected the value: '6 val. per dieną ir 4 d. per savaitę'
2025-02-03 13:40:34 [main] DEBUG l.i.u.t.SubmittedApplicationsPageTest - Entered Address into the input field.
2025-02-03 13:40:36 [main] INFO  l.i.u.p.SubmittedApplicationsPage - Located the dropdown button.
2025-02-03 13:40:37 [main] INFO  l.i.u.p.SubmittedApplicationsPage - Successfully selected the value: 'Įsigyti'
2025-02-03 13:40:57 [main] ERROR l.i.u.p.SubmittedApplicationsPage - Timeout while waiting for dropdown to close with aria-expanded = 'false'.
2025-02-03 13:40:57 [main] DEBUG l.i.u.t.SubmittedApplicationsPageTest - Selected the value: 'Įsigyti'
2025-02-03 13:40:57 [main] DEBUG l.i.u.t.SubmittedApplicationsPageTest - Selected the value: 'Darbo priemonė 1'
2025-02-03 13:40:57 [main] DEBUG l.i.u.t.SubmittedApplicationsPageTest - Selected the value: 'Darbo priemonės 1 parametras 1'
2025-02-03 13:40:58 [main] DEBUG l.i.u.t.SubmittedApplicationsPageTest - Selected the value: 'Darbo priemonės 1 parametras 2'
2025-02-03 13:40:58 [main] DEBUG l.i.u.t.SubmittedApplicationsPageTest - Selected the value: 'Darbo priemonės 1 parametras 3'
2025-02-03 13:40:58 [main] DEBUG l.i.u.t.SubmittedApplicationsPageTest - Entered Address into the input field.
2025-02-03 13:40:58 [main] DEBUG l.i.u.t.SubmittedApplicationsPageTest - Entered Address into the input field.
2025-02-03 13:40:58 [main] DEBUG l.i.u.t.SubmittedApplicationsPageTest - Entered Address into the input field.
2025-02-03 13:40:59 [main] DEBUG l.i.u.t.SubmittedApplicationsPageTest - Entered Address into the input field.
2025-02-03 13:40:59 [main] DEBUG l.i.u.t.SubmittedApplicationsPageTest - Entered Address into the input field.
2025-02-03 13:40:59 [main] DEBUG l.i.u.t.SubmittedApplicationsPageTest - Entered Address into the input field.
2025-02-03 13:40:59 [main] DEBUG l.i.u.t.SubmittedApplicationsPageTest - Entered Address into the input field.
2025-02-03 13:41:00 [main] DEBUG l.i.u.t.SubmittedApplicationsPageTest - Entered Address into the input field.
2025-02-03 13:41:10 [main] ERROR l.i.u.t.SubmittedApplicationsPageTest - Test 'testFillNewApplication' failed with error: Expected condition failed: waiting for visibility of [[ChromeDriver: chrome on windows (46eba354cc8b35162d8a91885cf1a47b)] -> xpath: (//div[contains(@class, 'mdc-checkbox')]//input[@type='checkbox'])[1]] (tried for 10 second(s) with 500 milliseconds interval)
Build info: version: '4.27.0', revision: 'd6e718d134'
System info: os.name: 'Windows 11', os.arch: 'amd64', os.version: '10.0', java.version: '21.0.3'
Driver info: org.openqa.selenium.chrome.ChromeDriver
Capabilities {acceptInsecureCerts: false, browserName: chrome, browserVersion: 132.0.6834.160, chrome: {chromedriverVersion: 132.0.6834.159 (2d77d3fc445..., userDataDir: C:\Users\INGRID~1.ZAD\AppDa...}, fedcm:accounts: true, goog:chromeOptions: {debuggerAddress: localhost:50829}, networkConnectionEnabled: false, pageLoadStrategy: normal, platformName: windows, proxy: Proxy(), se:cdp: ws://localhost:50829/devtoo..., se:cdpVersion: 132.0.6834.160, setWindowRect: true, strictFileInteractability: false, timeouts: {implicit: 0, pageLoad: 300000, script: 30000}, unhandledPromptBehavior: dismiss and notify, webauthn:extension:credBlob: true, webauthn:extension:largeBlob: true, webauthn:extension:minPinLength: true, webauthn:extension:prf: true, webauthn:virtualAuthenticators: true}
Session ID: 46eba354cc8b35162d8a91885cf1a47b
org.openqa.selenium.TimeoutException: Expected condition failed: waiting for visibility of [[ChromeDriver: chrome on windows (46eba354cc8b35162d8a91885cf1a47b)] -> xpath: (//div[contains(@class, 'mdc-checkbox')]//input[@type='checkbox'])[1]] (tried for 10 second(s) with 500 milliseconds interval)
Build info: version: '4.27.0', revision: 'd6e718d134'
System info: os.name: 'Windows 11', os.arch: 'amd64', os.version: '10.0', java.version: '21.0.3'
Driver info: org.openqa.selenium.chrome.ChromeDriver
Capabilities {acceptInsecureCerts: false, browserName: chrome, browserVersion: 132.0.6834.160, chrome: {chromedriverVersion: 132.0.6834.159 (2d77d3fc445..., userDataDir: C:\Users\INGRID~1.ZAD\AppDa...}, fedcm:accounts: true, goog:chromeOptions: {debuggerAddress: localhost:50829}, networkConnectionEnabled: false, pageLoadStrategy: normal, platformName: windows, proxy: Proxy(), se:cdp: ws://localhost:50829/devtoo..., se:cdpVersion: 132.0.6834.160, setWindowRect: true, strictFileInteractability: false, timeouts: {implicit: 0, pageLoad: 300000, script: 30000}, unhandledPromptBehavior: dismiss and notify, webauthn:extension:credBlob: true, webauthn:extension:largeBlob: true, webauthn:extension:minPinLength: true, webauthn:extension:prf: true, webauthn:virtualAuthenticators: true}
Session ID: 46eba354cc8b35162d8a91885cf1a47b
	at org.openqa.selenium.support.ui.WebDriverWait.timeoutException(WebDriverWait.java:84)
	at org.openqa.selenium.support.ui.FluentWait.until(FluentWait.java:228)
	at lt.insoft.uztis.pages.SubmittedApplicationsPage.setCheckboxConfirmation(SubmittedApplicationsPage.java:734)
	at lt.insoft.uztis.tests.SubmittedApplicationsPageTest.testFillNewApplication(SubmittedApplicationsPageTest.java:288)
	at java.base/jdk.internal.reflect.DirectMethodHandleAccessor.invoke(DirectMethodHandleAccessor.java:103)
	at java.base/java.lang.reflect.Method.invoke(Method.java:580)
	at org.junit.platform.commons.util.ReflectionUtils.invokeMethod(ReflectionUtils.java:728)
	at org.junit.jupiter.engine.execution.MethodInvocation.proceed(MethodInvocation.java:60)
	at org.junit.jupiter.engine.execution.InvocationInterceptorChain$ValidatingInvocation.proceed(InvocationInterceptorChain.java:131)
	at org.junit.jupiter.engine.extension.TimeoutExtension.intercept(TimeoutExtension.java:156)
	at org.junit.jupiter.engine.extension.TimeoutExtension.interceptTestableMethod(TimeoutExtension.java:147)
	at org.junit.jupiter.engine.extension.TimeoutExtension.interceptTestMethod(TimeoutExtension.java:86)
	at org.junit.jupiter.engine.execution.InterceptingExecutableInvoker$ReflectiveInterceptorCall.lambda$ofVoidMethod$0(InterceptingExecutableInvoker.java:103)
	at org.junit.jupiter.engine.execution.InterceptingExecutableInvoker.lambda$invoke$0(InterceptingExecutableInvoker.java:93)
	at org.junit.jupiter.engine.execution.InvocationInterceptorChain$InterceptedInvocation.proceed(InvocationInterceptorChain.java:106)
	at org.junit.jupiter.engine.execution.InvocationInterceptorChain.proceed(InvocationInterceptorChain.java:64)
	at org.junit.jupiter.engine.execution.InvocationInterceptorChain.chainAndInvoke(InvocationInterceptorChain.java:45)
	at org.junit.jupiter.engine.execution.InvocationInterceptorChain.invoke(InvocationInterceptorChain.java:37)
	at org.junit.jupiter.engine.execution.InterceptingExecutableInvoker.invoke(InterceptingExecutableInvoker.java:92)
	at org.junit.jupiter.engine.execution.InterceptingExecutableInvoker.invoke(InterceptingExecutableInvoker.java:86)
	at org.junit.jupiter.engine.descriptor.TestMethodTestDescriptor.lambda$invokeTestMethod$7(TestMethodTestDescriptor.java:218)
	at org.junit.platform.engine.support.hierarchical.ThrowableCollector.execute(ThrowableCollector.java:73)
	at org.junit.jupiter.engine.descriptor.TestMethodTestDescriptor.invokeTestMethod(TestMethodTestDescriptor.java:214)
	at org.junit.jupiter.engine.descriptor.TestMethodTestDescriptor.execute(TestMethodTestDescriptor.java:139)
	at org.junit.jupiter.engine.descriptor.TestMethodTestDescriptor.execute(TestMethodTestDescriptor.java:69)
	at org.junit.platform.engine.support.hierarchical.NodeTestTask.lambda$executeRecursively$6(NodeTestTask.java:151)
	at org.junit.platform.engine.support.hierarchical.ThrowableCollector.execute(ThrowableCollector.java:73)
	at org.junit.platform.engine.support.hierarchical.NodeTestTask.lambda$executeRecursively$8(NodeTestTask.java:141)
	at org.junit.platform.engine.support.hierarchical.Node.around(Node.java:137)
	at org.junit.platform.engine.support.hierarchical.NodeTestTask.lambda$executeRecursively$9(NodeTestTask.java:139)
	at org.junit.platform.engine.support.hierarchical.ThrowableCollector.execute(ThrowableCollector.java:73)
	at org.junit.platform.engine.support.hierarchical.NodeTestTask.executeRecursively(NodeTestTask.java:138)
	at org.junit.platform.engine.support.hierarchical.NodeTestTask.execute(NodeTestTask.java:95)
	at java.base/java.util.ArrayList.forEach(ArrayList.java:1596)
	at org.junit.platform.engine.support.hierarchical.SameThreadHierarchicalTestExecutorService.invokeAll(SameThreadHierarchicalTestExecutorService.java:41)
	at org.junit.platform.engine.support.hierarchical.NodeTestTask.lambda$executeRecursively$6(NodeTestTask.java:155)
	at org.junit.platform.engine.support.hierarchical.ThrowableCollector.execute(ThrowableCollector.java:73)
	at org.junit.platform.engine.support.hierarchical.NodeTestTask.lambda$executeRecursively$8(NodeTestTask.java:141)
	at org.junit.platform.engine.support.hierarchical.Node.around(Node.java:137)
	at org.junit.platform.engine.support.hierarchical.NodeTestTask.lambda$executeRecursively$9(NodeTestTask.java:139)
	at org.junit.platform.engine.support.hierarchical.ThrowableCollector.execute(ThrowableCollector.java:73)
	at org.junit.platform.engine.support.hierarchical.NodeTestTask.executeRecursively(NodeTestTask.java:138)
	at org.junit.platform.engine.support.hierarchical.NodeTestTask.execute(NodeTestTask.java:95)
	at java.base/java.util.ArrayList.forEach(ArrayList.java:1596)
	at org.junit.platform.engine.support.hierarchical.SameThreadHierarchicalTestExecutorService.invokeAll(SameThreadHierarchicalTestExecutorService.java:41)
	at org.junit.platform.engine.support.hierarchical.NodeTestTask.lambda$executeRecursively$6(NodeTestTask.java:155)
	at org.junit.platform.engine.support.hierarchical.ThrowableCollector.execute(ThrowableCollector.java:73)
	at org.junit.platform.engine.support.hierarchical.NodeTestTask.lambda$executeRecursively$8(NodeTestTask.java:141)
	at org.junit.platform.engine.support.hierarchical.Node.around(Node.java:137)
	at org.junit.platform.engine.support.hierarchical.NodeTestTask.lambda$executeRecursively$9(NodeTestTask.java:139)
	at org.junit.platform.engine.support.hierarchical.ThrowableCollector.execute(ThrowableCollector.java:73)
	at org.junit.platform.engine.support.hierarchical.NodeTestTask.executeRecursively(NodeTestTask.java:138)
	at org.junit.platform.engine.support.hierarchical.NodeTestTask.execute(NodeTestTask.java:95)
	at org.junit.platform.engine.support.hierarchical.SameThreadHierarchicalTestExecutorService.submit(SameThreadHierarchicalTestExecutorService.java:35)
	at org.junit.platform.engine.support.hierarchical.HierarchicalTestExecutor.execute(HierarchicalTestExecutor.java:57)
	at org.junit.platform.engine.support.hierarchical.HierarchicalTestEngine.execute(HierarchicalTestEngine.java:54)
	at org.junit.platform.launcher.core.EngineExecutionOrchestrator.execute(EngineExecutionOrchestrator.java:198)
	at org.junit.platform.launcher.core.EngineExecutionOrchestrator.execute(EngineExecutionOrchestrator.java:169)
	at org.junit.platform.launcher.core.EngineExecutionOrchestrator.execute(EngineExecutionOrchestrator.java:93)
	at org.junit.platform.launcher.core.EngineExecutionOrchestrator.lambda$execute$0(EngineExecutionOrchestrator.java:58)
	at org.junit.platform.launcher.core.EngineExecutionOrchestrator.withInterceptedStreams(EngineExecutionOrchestrator.java:141)
	at org.junit.platform.launcher.core.EngineExecutionOrchestrator.execute(EngineExecutionOrchestrator.java:57)
	at org.junit.platform.launcher.core.DefaultLauncher.execute(DefaultLauncher.java:103)
	at org.junit.platform.launcher.core.DefaultLauncher.execute(DefaultLauncher.java:85)
	at org.junit.platform.launcher.core.DelegatingLauncher.execute(DelegatingLauncher.java:47)
	at org.junit.platform.launcher.core.SessionPerRequestLauncher.execute(SessionPerRequestLauncher.java:63)
	at com.intellij.junit5.JUnit5IdeaTestRunner.startRunnerWithArgs(JUnit5IdeaTestRunner.java:57)
	at com.intellij.rt.junit.IdeaTestRunner$Repeater$1.execute(IdeaTestRunner.java:38)
	at com.intellij.rt.execution.junit.TestsRepeater.repeat(TestsRepeater.java:11)
	at com.intellij.rt.junit.IdeaTestRunner$Repeater.startRunnerWithArgs(IdeaTestRunner.java:35)
	at com.intellij.rt.junit.JUnitStarter.prepareStreamsAndStart(JUnitStarter.java:232)
	at com.intellij.rt.junit.JUnitStarter.main(JUnitStarter.java:55)
2025-02-03 13:41:11 [main] INFO  l.insoft.uztis.tests.utils.TestUtils - Screenshot moved to C:\Users\ingrida.zadorozniene\Desktop\Asm\UZTIS\UZTIS_tests\test-output\screenshots\20250203\134111006_testFillNewApplication().png
2025-02-03 13:45:45 [main] INFO  lt.insoft.uztis.tests.UztisPageTest - Navigated to https://uztisdev.asseco.lt/home
2025-02-03 13:45:45 [main] INFO  l.i.u.t.SubmittedApplicationsPageTest - Starting test:'testFillNewApplication'
2025-02-03 13:45:45 [main] DEBUG l.i.u.t.SubmittedApplicationsPageTest - User logged in with test credentials
2025-02-03 13:45:46 [main] DEBUG l.i.u.t.SubmittedApplicationsPageTest - Opened 'Application Processing' menu.
2025-02-03 13:45:46 [main] DEBUG l.i.u.t.SubmittedApplicationsPageTest - Clicked on 'Application Forms' menu.
2025-02-03 13:45:46 [main] DEBUG l.i.u.t.SubmittedApplicationsPageTest - Retrieved last description code text: 'TST-VUI-27'.
2025-02-03 13:45:46 [main] DEBUG l.i.u.t.SubmittedApplicationsPageTest - Clicked on 'Invitation' menu.
2025-02-03 13:45:47 [main] DEBUG l.i.u.t.SubmittedApplicationsPageTest - Selected application section by code: 'TST-VUI-27'.
2025-02-03 13:45:48 [main] DEBUG l.i.u.t.SubmittedApplicationsPageTest - Clicked 'Search' button.
2025-02-03 13:45:48 [main] DEBUG l.i.u.t.SubmittedApplicationsPageTest - Retrieved invitation code: ''.
2025-02-03 13:45:48 [main] DEBUG l.i.u.t.SubmittedApplicationsPageTest - Clicked on 'Submitted Applications' menu.
2025-02-03 13:45:49 [main] DEBUG l.i.u.t.SubmittedApplicationsPageTest - Selected invitation by code: 'TST-VUI-27'.
2025-02-03 13:45:49 [main] DEBUG l.i.u.t.SubmittedApplicationsPageTest - Clicked on 'Action Application' button.
2025-02-03 13:45:49 [main] DEBUG l.i.u.t.SubmittedApplicationsPageTest - Clicked on 'New Application' button.
2025-02-03 13:45:50 [main] DEBUG l.i.u.t.SubmittedApplicationsPageTest - Clicked on 'RadioButtonFA' button.
2025-02-03 13:45:50 [main] DEBUG l.i.u.t.SubmittedApplicationsPageTest - Entered phone number into the input field.
2025-02-03 13:45:50 [main] DEBUG l.i.u.t.SubmittedApplicationsPageTest - Entered eMail into the input field.
2025-02-03 13:45:50 [main] INFO  l.i.u.p.SubmittedApplicationsPage - Located the dropdown button.
2025-02-03 13:46:12 [main] INFO  l.i.u.p.SubmittedApplicationsPage - Found 1741 options in the dropdown.
2025-02-03 13:46:12 [main] INFO  l.i.u.p.SubmittedApplicationsPage - Successfully selected the value: '01.11 - Grūdinių (išskyrus ryžius), ankštinių ir aliejingų sėklų augalų auginimas'
2025-02-03 13:46:23 [main] ERROR l.i.u.p.SubmittedApplicationsPage - Failed to close the dropdown with aria-expanded = 'false'. Attempting manual close.
2025-02-03 13:46:23 [main] INFO  l.i.u.p.SubmittedApplicationsPage - Manual close attempt for the dropdown using body click.
2025-02-03 13:46:23 [main] DEBUG l.i.u.t.SubmittedApplicationsPageTest - Entered Address into the input field.
2025-02-03 13:46:23 [main] DEBUG l.i.u.t.SubmittedApplicationsPageTest - Entered Address into the input field.
2025-02-03 13:46:24 [main] INFO  l.i.u.p.SubmittedApplicationsPage - Located the dropdown button.
2025-02-03 13:46:25 [main] INFO  l.i.u.p.SubmittedApplicationsPage - Successfully selected the value: 'Administratoriai'
2025-02-03 13:46:45 [main] ERROR l.i.u.p.SubmittedApplicationsPage - Timeout while waiting for dropdown to close with aria-expanded = 'false'.
2025-02-03 13:46:45 [main] DEBUG l.i.u.t.SubmittedApplicationsPageTest - Selected the value: 'Administratoriai'
2025-02-03 13:46:46 [main] INFO  l.i.u.p.SubmittedApplicationsPage - Clicking on the dropdown button.
2025-02-03 13:46:46 [main] INFO  l.i.u.p.SubmittedApplicationsPage - Found 34 options in the dropdown.
2025-02-03 13:46:46 [main] DEBUG l.i.u.p.SubmittedApplicationsPage - Checking option: 'Asmenys, kuriems suteiktas pabėgėlio statusas ar perkeliamojo asmens statusas, arba asmenys, kuriems suteikta papildoma ar laikinoji apsauga, ir asmenys, turintys teisę gauti laikinąją apsaugą, iki sprendimo dėl laikinosios apsaugos suteikimo (nesuteikimo) priėmimo, tačiau ne ilgiau kaip laikinosios apsaugos laikotarpiu'
2025-02-03 13:46:46 [main] DEBUG l.i.u.p.SubmittedApplicationsPage - Checking option: 'Asmenys, kuriems suteiktas pabėgėlio statusas ar perkeliamojo asmens statusas, arba asmenys, kuriems suteikta papildoma ar laikinoji apsauga, ir asmenys, turintys teisę gauti laikinąją apsaugą, iki sprendimo dėl laikinosios apsaugos suteikimo (nesuteikimo) priėmimo, tačiau ne ilgiau kaip laikinosios apsaugos laikotarpiu'
2025-02-03 13:46:46 [main] DEBUG l.i.u.p.SubmittedApplicationsPage - Checking option: 'Asmenys, turintys teisę į papildomas užimtumo garantijas pagal Lietuvos Respublikos valstybės įmonės Ignalinos atominės elektrinės darbuotojų papildomų užimtumo ir socialinių garantijų įstatymą'
2025-02-03 13:46:46 [main] DEBUG l.i.u.p.SubmittedApplicationsPage - Checking option: 'Asmenys, turintys teisę į papildomas užimtumo garantijas pagal Lietuvos Respublikos valstybės įmonės Ignalinos atominės elektrinės darbuotojų papildomų užimtumo ir socialinių garantijų įstatymą'
2025-02-03 13:46:46 [main] DEBUG l.i.u.p.SubmittedApplicationsPage - Checking option: 'Bedarbiai iki 29 metų'
2025-02-03 13:46:46 [main] DEBUG l.i.u.p.SubmittedApplicationsPage - Checking option: 'Bedarbiai iki 29 metų'
2025-02-03 13:46:46 [main] DEBUG l.i.u.p.SubmittedApplicationsPage - Checking option: 'Bedarbiai, kurie yra darbingo amžiaus neįgalieji, kuriems nustatytas 30–40 procentų darbingumo lygis arba vidutinis neįgalumo lygis'
2025-02-03 13:46:46 [main] DEBUG l.i.u.p.SubmittedApplicationsPage - Checking option: 'Bedarbiai, kurie yra darbingo amžiaus neįgalieji, kuriems nustatytas 30–40 procentų darbingumo lygis arba vidutinis neįgalumo lygis'
2025-02-03 13:46:46 [main] DEBUG l.i.u.p.SubmittedApplicationsPage - Checking option: 'Bedarbiai, kurie yra darbingo amžiaus neįgalieji, kuriems nustatytas 45–55 procentų darbingumo lygis arba lengvas neįgalumo lygis'
2025-02-03 13:46:46 [main] DEBUG l.i.u.p.SubmittedApplicationsPage - Checking option: 'Bedarbiai, kurie yra darbingo amžiaus neįgalieji, kuriems nustatytas 45–55 procentų darbingumo lygis arba lengvas neįgalumo lygis'
2025-02-03 13:46:46 [main] DEBUG l.i.u.p.SubmittedApplicationsPage - Checking option: 'Bedarbiai, kurie yra darbingo amžiaus neįgalieji, kuriems nustatytas iki 25 procentų darbingumo lygis arba sunkus neįgalumo lygis'
2025-02-03 13:46:46 [main] INFO  l.i.u.p.SubmittedApplicationsPage - Successfully selected the value: 'Bedarbiai, kurie yra darbingo amžiaus neįgalieji, kuriems nustatytas iki 25 procentų darbingumo lygis arba sunkus neįgalumo lygis'
2025-02-03 13:46:46 [main] INFO  l.i.u.p.SubmittedApplicationsPage - Attempting to close the dropdown.
2025-02-03 13:46:57 [main] INFO  l.i.u.p.SubmittedApplicationsPage - Dropdown should be closed now.
2025-02-03 13:46:57 [main] INFO  l.i.u.p.SubmittedApplicationsPage - Located the dropdown button.
2025-02-03 13:46:57 [main] INFO  l.i.u.p.SubmittedApplicationsPage - Successfully selected the value: 'Kita'
2025-02-03 13:47:08 [main] ERROR l.i.u.p.SubmittedApplicationsPage - Timeout while waiting for dropdown to close with aria-expanded = 'false'.
2025-02-03 13:47:08 [main] DEBUG l.i.u.t.SubmittedApplicationsPageTest - Selected the value: 'Kita'
2025-02-03 13:47:08 [main] DEBUG l.i.u.t.SubmittedApplicationsPageTest - Selected the value: '6 val. per dieną ir 4 d. per savaitę'
2025-02-03 13:47:09 [main] DEBUG l.i.u.t.SubmittedApplicationsPageTest - Entered Address into the input field.
2025-02-03 13:47:10 [main] INFO  l.i.u.p.SubmittedApplicationsPage - Located the dropdown button.
2025-02-03 13:47:11 [main] INFO  l.i.u.p.SubmittedApplicationsPage - Successfully selected the value: 'Įsigyti'
2025-02-03 13:47:32 [main] ERROR l.i.u.p.SubmittedApplicationsPage - Timeout while waiting for dropdown to close with aria-expanded = 'false'.
2025-02-03 13:47:32 [main] DEBUG l.i.u.t.SubmittedApplicationsPageTest - Selected the value: 'Įsigyti'
2025-02-03 13:47:32 [main] DEBUG l.i.u.t.SubmittedApplicationsPageTest - Selected the value: 'Darbo priemonė 1'
2025-02-03 13:47:32 [main] DEBUG l.i.u.t.SubmittedApplicationsPageTest - Selected the value: 'Darbo priemonės 1 parametras 1'
2025-02-03 13:47:32 [main] DEBUG l.i.u.t.SubmittedApplicationsPageTest - Selected the value: 'Darbo priemonės 1 parametras 2'
2025-02-03 13:47:33 [main] DEBUG l.i.u.t.SubmittedApplicationsPageTest - Selected the value: 'Darbo priemonės 1 parametras 3'
2025-02-03 13:47:33 [main] DEBUG l.i.u.t.SubmittedApplicationsPageTest - Entered Address into the input field.
2025-02-03 13:47:33 [main] DEBUG l.i.u.t.SubmittedApplicationsPageTest - Entered Address into the input field.
2025-02-03 13:47:33 [main] DEBUG l.i.u.t.SubmittedApplicationsPageTest - Entered Address into the input field.
2025-02-03 13:47:33 [main] DEBUG l.i.u.t.SubmittedApplicationsPageTest - Entered Address into the input field.
2025-02-03 13:47:34 [main] DEBUG l.i.u.t.SubmittedApplicationsPageTest - Entered Address into the input field.
2025-02-03 13:47:34 [main] DEBUG l.i.u.t.SubmittedApplicationsPageTest - Entered Address into the input field.
2025-02-03 13:47:34 [main] DEBUG l.i.u.t.SubmittedApplicationsPageTest - Entered Address into the input field.
2025-02-03 13:47:35 [main] DEBUG l.i.u.t.SubmittedApplicationsPageTest - Entered Address into the input field.
2025-02-03 13:47:35 [main] DEBUG l.i.u.t.SubmittedApplicationsPageTest - Checked 'Legal Entities' checkbox.
2025-02-03 13:47:36 [main] DEBUG l.i.u.t.SubmittedApplicationsPageTest - Checked 'Legal Entities' checkbox.
2025-02-03 13:47:36 [main] DEBUG l.i.u.t.SubmittedApplicationsPageTest - Checked 'Legal Entities' checkbox.
2025-02-03 13:47:37 [main] INFO  l.i.u.t.SubmittedApplicationsPageTest - Test 'testFillNewApplication' completed successfully.
2025-02-03 13:48:34 [main] INFO  lt.insoft.uztis.tests.UztisPageTest - Navigated to https://uztisdev.asseco.lt/home
2025-02-03 13:48:34 [main] INFO  l.i.u.t.SubmittedApplicationsPageTest - Starting test:'testFillNewApplication'
2025-02-03 13:48:34 [main] DEBUG l.i.u.t.SubmittedApplicationsPageTest - User logged in with test credentials
2025-02-03 13:48:35 [main] DEBUG l.i.u.t.SubmittedApplicationsPageTest - Opened 'Application Processing' menu.
2025-02-03 13:48:35 [main] DEBUG l.i.u.t.SubmittedApplicationsPageTest - Clicked on 'Application Forms' menu.
2025-02-03 13:48:35 [main] DEBUG l.i.u.t.SubmittedApplicationsPageTest - Retrieved last description code text: 'TST-VUI-27'.
2025-02-03 13:48:35 [main] DEBUG l.i.u.t.SubmittedApplicationsPageTest - Clicked on 'Invitation' menu.
2025-02-03 13:48:36 [main] DEBUG l.i.u.t.SubmittedApplicationsPageTest - Selected application section by code: 'TST-VUI-27'.
2025-02-03 13:48:37 [main] DEBUG l.i.u.t.SubmittedApplicationsPageTest - Clicked 'Search' button.
2025-02-03 13:48:37 [main] DEBUG l.i.u.t.SubmittedApplicationsPageTest - Retrieved invitation code: ''.
2025-02-03 13:48:37 [main] DEBUG l.i.u.t.SubmittedApplicationsPageTest - Clicked on 'Submitted Applications' menu.
2025-02-03 13:48:38 [main] DEBUG l.i.u.t.SubmittedApplicationsPageTest - Selected invitation by code: 'TST-VUI-27'.
2025-02-03 13:48:38 [main] DEBUG l.i.u.t.SubmittedApplicationsPageTest - Clicked on 'Action Application' button.
2025-02-03 13:48:38 [main] DEBUG l.i.u.t.SubmittedApplicationsPageTest - Clicked on 'New Application' button.
2025-02-03 13:48:39 [main] DEBUG l.i.u.t.SubmittedApplicationsPageTest - Clicked on 'RadioButtonFA' button.
2025-02-03 13:48:39 [main] DEBUG l.i.u.t.SubmittedApplicationsPageTest - Entered phone number into the input field.
2025-02-03 13:48:40 [main] DEBUG l.i.u.t.SubmittedApplicationsPageTest - Entered eMail into the input field.
2025-02-03 13:48:40 [main] INFO  l.i.u.p.SubmittedApplicationsPage - Located the dropdown button.
2025-02-03 13:49:04 [main] INFO  l.i.u.p.SubmittedApplicationsPage - Found 1741 options in the dropdown.
2025-02-03 13:49:04 [main] INFO  l.i.u.p.SubmittedApplicationsPage - Successfully selected the value: '01.11 - Grūdinių (išskyrus ryžius), ankštinių ir aliejingų sėklų augalų auginimas'
2025-02-03 13:49:14 [main] ERROR l.i.u.p.SubmittedApplicationsPage - Failed to close the dropdown with aria-expanded = 'false'. Attempting manual close.
2025-02-03 13:49:15 [main] INFO  l.i.u.p.SubmittedApplicationsPage - Manual close attempt for the dropdown using body click.
2025-02-03 13:49:15 [main] DEBUG l.i.u.t.SubmittedApplicationsPageTest - Entered Address into the input field.
2025-02-03 13:49:15 [main] DEBUG l.i.u.t.SubmittedApplicationsPageTest - Entered Address into the input field.
2025-02-03 13:49:16 [main] INFO  l.i.u.p.SubmittedApplicationsPage - Located the dropdown button.
2025-02-03 13:49:17 [main] INFO  l.i.u.p.SubmittedApplicationsPage - Successfully selected the value: 'Administratoriai'
2025-02-03 13:49:37 [main] ERROR l.i.u.p.SubmittedApplicationsPage - Timeout while waiting for dropdown to close with aria-expanded = 'false'.
2025-02-03 13:49:37 [main] DEBUG l.i.u.t.SubmittedApplicationsPageTest - Selected the value: 'Administratoriai'
2025-02-03 13:49:38 [main] INFO  l.i.u.p.SubmittedApplicationsPage - Clicking on the dropdown button.
2025-02-03 13:49:38 [main] INFO  l.i.u.p.SubmittedApplicationsPage - Found 34 options in the dropdown.
2025-02-03 13:49:38 [main] DEBUG l.i.u.p.SubmittedApplicationsPage - Checking option: 'Asmenys, kuriems suteiktas pabėgėlio statusas ar perkeliamojo asmens statusas, arba asmenys, kuriems suteikta papildoma ar laikinoji apsauga, ir asmenys, turintys teisę gauti laikinąją apsaugą, iki sprendimo dėl laikinosios apsaugos suteikimo (nesuteikimo) priėmimo, tačiau ne ilgiau kaip laikinosios apsaugos laikotarpiu'
2025-02-03 13:49:38 [main] DEBUG l.i.u.p.SubmittedApplicationsPage - Checking option: 'Asmenys, kuriems suteiktas pabėgėlio statusas ar perkeliamojo asmens statusas, arba asmenys, kuriems suteikta papildoma ar laikinoji apsauga, ir asmenys, turintys teisę gauti laikinąją apsaugą, iki sprendimo dėl laikinosios apsaugos suteikimo (nesuteikimo) priėmimo, tačiau ne ilgiau kaip laikinosios apsaugos laikotarpiu'
2025-02-03 13:49:38 [main] DEBUG l.i.u.p.SubmittedApplicationsPage - Checking option: 'Asmenys, turintys teisę į papildomas užimtumo garantijas pagal Lietuvos Respublikos valstybės įmonės Ignalinos atominės elektrinės darbuotojų papildomų užimtumo ir socialinių garantijų įstatymą'
2025-02-03 13:49:38 [main] DEBUG l.i.u.p.SubmittedApplicationsPage - Checking option: 'Asmenys, turintys teisę į papildomas užimtumo garantijas pagal Lietuvos Respublikos valstybės įmonės Ignalinos atominės elektrinės darbuotojų papildomų užimtumo ir socialinių garantijų įstatymą'
2025-02-03 13:49:38 [main] DEBUG l.i.u.p.SubmittedApplicationsPage - Checking option: 'Bedarbiai iki 29 metų'
2025-02-03 13:49:38 [main] DEBUG l.i.u.p.SubmittedApplicationsPage - Checking option: 'Bedarbiai iki 29 metų'
2025-02-03 13:49:38 [main] DEBUG l.i.u.p.SubmittedApplicationsPage - Checking option: 'Bedarbiai, kurie yra darbingo amžiaus neįgalieji, kuriems nustatytas 30–40 procentų darbingumo lygis arba vidutinis neįgalumo lygis'
2025-02-03 13:49:38 [main] DEBUG l.i.u.p.SubmittedApplicationsPage - Checking option: 'Bedarbiai, kurie yra darbingo amžiaus neįgalieji, kuriems nustatytas 30–40 procentų darbingumo lygis arba vidutinis neįgalumo lygis'
2025-02-03 13:49:38 [main] DEBUG l.i.u.p.SubmittedApplicationsPage - Checking option: 'Bedarbiai, kurie yra darbingo amžiaus neįgalieji, kuriems nustatytas 45–55 procentų darbingumo lygis arba lengvas neįgalumo lygis'
2025-02-03 13:49:38 [main] DEBUG l.i.u.p.SubmittedApplicationsPage - Checking option: 'Bedarbiai, kurie yra darbingo amžiaus neįgalieji, kuriems nustatytas 45–55 procentų darbingumo lygis arba lengvas neįgalumo lygis'
2025-02-03 13:49:38 [main] DEBUG l.i.u.p.SubmittedApplicationsPage - Checking option: 'Bedarbiai, kurie yra darbingo amžiaus neįgalieji, kuriems nustatytas iki 25 procentų darbingumo lygis arba sunkus neįgalumo lygis'
2025-02-03 13:49:38 [main] INFO  l.i.u.p.SubmittedApplicationsPage - Successfully selected the value: 'Bedarbiai, kurie yra darbingo amžiaus neįgalieji, kuriems nustatytas iki 25 procentų darbingumo lygis arba sunkus neįgalumo lygis'
2025-02-03 13:49:38 [main] INFO  l.i.u.p.SubmittedApplicationsPage - Attempting to close the dropdown.
2025-02-03 13:49:49 [main] INFO  l.i.u.p.SubmittedApplicationsPage - Dropdown should be closed now.
2025-02-03 13:49:49 [main] INFO  l.i.u.p.SubmittedApplicationsPage - Located the dropdown button.
2025-02-03 13:49:50 [main] INFO  l.i.u.p.SubmittedApplicationsPage - Successfully selected the value: 'Kita'
2025-02-03 13:50:00 [main] ERROR l.i.u.p.SubmittedApplicationsPage - Timeout while waiting for dropdown to close with aria-expanded = 'false'.
2025-02-03 13:50:00 [main] DEBUG l.i.u.t.SubmittedApplicationsPageTest - Selected the value: 'Kita'
2025-02-03 13:50:01 [main] DEBUG l.i.u.t.SubmittedApplicationsPageTest - Selected the value: '6 val. per dieną ir 4 d. per savaitę'
2025-02-03 13:50:01 [main] DEBUG l.i.u.t.SubmittedApplicationsPageTest - Entered Address into the input field.
2025-02-03 13:50:03 [main] INFO  l.i.u.p.SubmittedApplicationsPage - Located the dropdown button.
2025-02-03 13:50:04 [main] INFO  l.i.u.p.SubmittedApplicationsPage - Successfully selected the value: 'Įsigyti'
2025-02-03 13:50:24 [main] ERROR l.i.u.p.SubmittedApplicationsPage - Timeout while waiting for dropdown to close with aria-expanded = 'false'.
2025-02-03 13:50:24 [main] DEBUG l.i.u.t.SubmittedApplicationsPageTest - Selected the value: 'Įsigyti'
2025-02-03 13:50:24 [main] DEBUG l.i.u.t.SubmittedApplicationsPageTest - Selected the value: 'Darbo priemonė 1'
2025-02-03 13:50:25 [main] DEBUG l.i.u.t.SubmittedApplicationsPageTest - Selected the value: 'Darbo priemonės 1 parametras 1'
2025-02-03 13:50:25 [main] DEBUG l.i.u.t.SubmittedApplicationsPageTest - Selected the value: 'Darbo priemonės 1 parametras 2'
2025-02-03 13:50:25 [main] DEBUG l.i.u.t.SubmittedApplicationsPageTest - Selected the value: 'Darbo priemonės 1 parametras 3'
2025-02-03 13:50:25 [main] DEBUG l.i.u.t.SubmittedApplicationsPageTest - Entered Address into the input field.
2025-02-03 13:50:25 [main] DEBUG l.i.u.t.SubmittedApplicationsPageTest - Entered Address into the input field.
2025-02-03 13:50:26 [main] DEBUG l.i.u.t.SubmittedApplicationsPageTest - Entered Address into the input field.
2025-02-03 13:50:26 [main] DEBUG l.i.u.t.SubmittedApplicationsPageTest - Entered Address into the input field.
2025-02-03 13:50:26 [main] DEBUG l.i.u.t.SubmittedApplicationsPageTest - Entered Address into the input field.
2025-02-03 13:50:26 [main] DEBUG l.i.u.t.SubmittedApplicationsPageTest - Entered Address into the input field.
2025-02-03 13:50:27 [main] DEBUG l.i.u.t.SubmittedApplicationsPageTest - Entered Address into the input field.
2025-02-03 13:50:27 [main] DEBUG l.i.u.t.SubmittedApplicationsPageTest - Entered Address into the input field.
2025-02-03 13:50:28 [main] DEBUG l.i.u.t.SubmittedApplicationsPageTest - Checked 'Legal Entities' checkbox.
2025-02-03 13:50:28 [main] DEBUG l.i.u.t.SubmittedApplicationsPageTest - Checked 'Legal Entities' checkbox.
2025-02-03 13:50:28 [main] DEBUG l.i.u.t.SubmittedApplicationsPageTest - Checked 'Legal Entities' checkbox.
2025-02-03 13:50:29 [main] INFO  l.i.u.t.SubmittedApplicationsPageTest - Test 'testFillNewApplication' completed successfully.
2025-02-03 13:59:19 [main] INFO  lt.insoft.uztis.tests.UztisPageTest - Navigated to https://uztisdev.asseco.lt/home
2025-02-03 13:59:19 [main] INFO  l.i.u.t.SubmittedApplicationsPageTest - Starting test:'testFillNewApplication'
2025-02-03 13:59:19 [main] DEBUG l.i.u.t.SubmittedApplicationsPageTest - User logged in with test credentials
2025-02-03 13:59:20 [main] DEBUG l.i.u.t.SubmittedApplicationsPageTest - Opened 'Application Processing' menu.
2025-02-03 13:59:20 [main] DEBUG l.i.u.t.SubmittedApplicationsPageTest - Clicked on 'Application Forms' menu.
2025-02-03 13:59:20 [main] DEBUG l.i.u.t.SubmittedApplicationsPageTest - Retrieved last description code text: 'TST-VUI-27'.
2025-02-03 13:59:20 [main] DEBUG l.i.u.t.SubmittedApplicationsPageTest - Clicked on 'Invitation' menu.
2025-02-03 13:59:21 [main] DEBUG l.i.u.t.SubmittedApplicationsPageTest - Selected application section by code: 'TST-VUI-27'.
2025-02-03 13:59:21 [main] DEBUG l.i.u.t.SubmittedApplicationsPageTest - Clicked 'Search' button.
2025-02-03 13:59:21 [main] DEBUG l.i.u.t.SubmittedApplicationsPageTest - Retrieved invitation code: ''.
2025-02-03 13:59:22 [main] DEBUG l.i.u.t.SubmittedApplicationsPageTest - Clicked on 'Submitted Applications' menu.
2025-02-03 13:59:23 [main] DEBUG l.i.u.t.SubmittedApplicationsPageTest - Selected invitation by code: 'TST-VUI-27'.
2025-02-03 13:59:23 [main] DEBUG l.i.u.t.SubmittedApplicationsPageTest - Clicked on 'Action Application' button.
2025-02-03 13:59:23 [main] DEBUG l.i.u.t.SubmittedApplicationsPageTest - Clicked on 'New Application' button.
2025-02-03 13:59:23 [main] DEBUG l.i.u.t.SubmittedApplicationsPageTest - Clicked on 'RadioButtonFA' button.
2025-02-03 13:59:24 [main] DEBUG l.i.u.t.SubmittedApplicationsPageTest - Entered phone number into the input field.
2025-02-03 13:59:24 [main] DEBUG l.i.u.t.SubmittedApplicationsPageTest - Entered eMail into the input field.
2025-02-03 13:59:24 [main] INFO  l.i.u.p.SubmittedApplicationsPage - Located the dropdown button.
2025-02-03 13:59:43 [main] INFO  l.i.u.p.SubmittedApplicationsPage - Found 1741 options in the dropdown.
2025-02-03 13:59:43 [main] INFO  l.i.u.p.SubmittedApplicationsPage - Successfully selected the value: '01.11 - Grūdinių (išskyrus ryžius), ankštinių ir aliejingų sėklų augalų auginimas'
2025-02-03 13:59:53 [main] ERROR l.i.u.p.SubmittedApplicationsPage - Failed to close the dropdown with aria-expanded = 'false'. Attempting manual close.
2025-02-03 13:59:53 [main] INFO  l.i.u.p.SubmittedApplicationsPage - Manual close attempt for the dropdown using body click.
2025-02-03 13:59:54 [main] DEBUG l.i.u.t.SubmittedApplicationsPageTest - Entered Address into the input field.
2025-02-03 13:59:54 [main] DEBUG l.i.u.t.SubmittedApplicationsPageTest - Entered Address into the input field.
2025-02-03 13:59:54 [main] INFO  l.i.u.p.SubmittedApplicationsPage - Located the dropdown button.
2025-02-03 13:59:55 [main] INFO  l.i.u.p.SubmittedApplicationsPage - Successfully selected the value: 'Administratoriai'
2025-02-03 14:00:16 [main] ERROR l.i.u.p.SubmittedApplicationsPage - Timeout while waiting for dropdown to close with aria-expanded = 'false'.
2025-02-03 14:00:16 [main] DEBUG l.i.u.t.SubmittedApplicationsPageTest - Selected the value: 'Administratoriai'
2025-02-03 14:00:16 [main] INFO  l.i.u.p.SubmittedApplicationsPage - Clicking on the dropdown button.
2025-02-03 14:00:17 [main] INFO  l.i.u.p.SubmittedApplicationsPage - Found 34 options in the dropdown.
2025-02-03 14:00:17 [main] DEBUG l.i.u.p.SubmittedApplicationsPage - Checking option: 'Asmenys, kuriems suteiktas pabėgėlio statusas ar perkeliamojo asmens statusas, arba asmenys, kuriems suteikta papildoma ar laikinoji apsauga, ir asmenys, turintys teisę gauti laikinąją apsaugą, iki sprendimo dėl laikinosios apsaugos suteikimo (nesuteikimo) priėmimo, tačiau ne ilgiau kaip laikinosios apsaugos laikotarpiu'
2025-02-03 14:00:17 [main] DEBUG l.i.u.p.SubmittedApplicationsPage - Checking option: 'Asmenys, kuriems suteiktas pabėgėlio statusas ar perkeliamojo asmens statusas, arba asmenys, kuriems suteikta papildoma ar laikinoji apsauga, ir asmenys, turintys teisę gauti laikinąją apsaugą, iki sprendimo dėl laikinosios apsaugos suteikimo (nesuteikimo) priėmimo, tačiau ne ilgiau kaip laikinosios apsaugos laikotarpiu'
2025-02-03 14:00:17 [main] DEBUG l.i.u.p.SubmittedApplicationsPage - Checking option: 'Asmenys, turintys teisę į papildomas užimtumo garantijas pagal Lietuvos Respublikos valstybės įmonės Ignalinos atominės elektrinės darbuotojų papildomų užimtumo ir socialinių garantijų įstatymą'
2025-02-03 14:00:17 [main] DEBUG l.i.u.p.SubmittedApplicationsPage - Checking option: 'Asmenys, turintys teisę į papildomas užimtumo garantijas pagal Lietuvos Respublikos valstybės įmonės Ignalinos atominės elektrinės darbuotojų papildomų užimtumo ir socialinių garantijų įstatymą'
2025-02-03 14:00:17 [main] DEBUG l.i.u.p.SubmittedApplicationsPage - Checking option: 'Bedarbiai iki 29 metų'
2025-02-03 14:00:17 [main] DEBUG l.i.u.p.SubmittedApplicationsPage - Checking option: 'Bedarbiai iki 29 metų'
2025-02-03 14:00:17 [main] DEBUG l.i.u.p.SubmittedApplicationsPage - Checking option: 'Bedarbiai, kurie yra darbingo amžiaus neįgalieji, kuriems nustatytas 30–40 procentų darbingumo lygis arba vidutinis neįgalumo lygis'
2025-02-03 14:00:17 [main] DEBUG l.i.u.p.SubmittedApplicationsPage - Checking option: 'Bedarbiai, kurie yra darbingo amžiaus neįgalieji, kuriems nustatytas 30–40 procentų darbingumo lygis arba vidutinis neįgalumo lygis'
2025-02-03 14:00:17 [main] DEBUG l.i.u.p.SubmittedApplicationsPage - Checking option: 'Bedarbiai, kurie yra darbingo amžiaus neįgalieji, kuriems nustatytas 45–55 procentų darbingumo lygis arba lengvas neįgalumo lygis'
2025-02-03 14:00:17 [main] DEBUG l.i.u.p.SubmittedApplicationsPage - Checking option: 'Bedarbiai, kurie yra darbingo amžiaus neįgalieji, kuriems nustatytas 45–55 procentų darbingumo lygis arba lengvas neįgalumo lygis'
2025-02-03 14:00:17 [main] DEBUG l.i.u.p.SubmittedApplicationsPage - Checking option: 'Bedarbiai, kurie yra darbingo amžiaus neįgalieji, kuriems nustatytas iki 25 procentų darbingumo lygis arba sunkus neįgalumo lygis'
2025-02-03 14:00:17 [main] INFO  l.i.u.p.SubmittedApplicationsPage - Successfully selected the value: 'Bedarbiai, kurie yra darbingo amžiaus neįgalieji, kuriems nustatytas iki 25 procentų darbingumo lygis arba sunkus neįgalumo lygis'
2025-02-03 14:00:17 [main] INFO  l.i.u.p.SubmittedApplicationsPage - Attempting to close the dropdown.
2025-02-03 14:00:28 [main] INFO  l.i.u.p.SubmittedApplicationsPage - Dropdown should be closed now.
2025-02-03 14:00:28 [main] INFO  l.i.u.p.SubmittedApplicationsPage - Located the dropdown button.
2025-02-03 14:00:29 [main] INFO  l.i.u.p.SubmittedApplicationsPage - Successfully selected the value: 'Kita'
2025-02-03 14:00:39 [main] ERROR l.i.u.p.SubmittedApplicationsPage - Timeout while waiting for dropdown to close with aria-expanded = 'false'.
2025-02-03 14:00:39 [main] DEBUG l.i.u.t.SubmittedApplicationsPageTest - Selected the value: 'Kita'
2025-02-03 14:00:39 [main] DEBUG l.i.u.t.SubmittedApplicationsPageTest - Selected the value: '6 val. per dieną ir 4 d. per savaitę'
2025-02-03 14:00:40 [main] DEBUG l.i.u.t.SubmittedApplicationsPageTest - Entered Address into the input field.
2025-02-03 14:00:41 [main] INFO  l.i.u.p.SubmittedApplicationsPage - Located the dropdown button.
2025-02-03 14:00:42 [main] INFO  l.i.u.p.SubmittedApplicationsPage - Successfully selected the value: 'Įsigyti'
2025-02-03 14:01:02 [main] ERROR l.i.u.p.SubmittedApplicationsPage - Timeout while waiting for dropdown to close with aria-expanded = 'false'.
2025-02-03 14:01:02 [main] DEBUG l.i.u.t.SubmittedApplicationsPageTest - Selected the value: 'Įsigyti'
2025-02-03 14:01:02 [main] DEBUG l.i.u.t.SubmittedApplicationsPageTest - Selected the value: 'Darbo priemonė 1'
2025-02-03 14:01:03 [main] DEBUG l.i.u.t.SubmittedApplicationsPageTest - Selected the value: 'Darbo priemonės 1 parametras 1'
2025-02-03 14:01:03 [main] DEBUG l.i.u.t.SubmittedApplicationsPageTest - Selected the value: 'Darbo priemonės 1 parametras 2'
2025-02-03 14:01:03 [main] DEBUG l.i.u.t.SubmittedApplicationsPageTest - Selected the value: 'Darbo priemonės 1 parametras 3'
2025-02-03 14:01:03 [main] DEBUG l.i.u.t.SubmittedApplicationsPageTest - Entered Address into the input field.
2025-02-03 14:01:03 [main] DEBUG l.i.u.t.SubmittedApplicationsPageTest - Entered Address into the input field.
2025-02-03 14:01:03 [main] DEBUG l.i.u.t.SubmittedApplicationsPageTest - Entered Address into the input field.
2025-02-03 14:01:04 [main] DEBUG l.i.u.t.SubmittedApplicationsPageTest - Entered Address into the input field.
2025-02-03 14:01:04 [main] DEBUG l.i.u.t.SubmittedApplicationsPageTest - Entered Address into the input field.
2025-02-03 14:01:04 [main] DEBUG l.i.u.t.SubmittedApplicationsPageTest - Entered Address into the input field.
2025-02-03 14:01:04 [main] DEBUG l.i.u.t.SubmittedApplicationsPageTest - Entered Address into the input field.
2025-02-03 14:01:05 [main] DEBUG l.i.u.t.SubmittedApplicationsPageTest - Entered Address into the input field.
2025-02-03 14:01:06 [main] ERROR l.i.u.t.SubmittedApplicationsPageTest - Test 'testFillNewApplication' failed with error: element click intercepted: Element <input type="checkbox" class="mdc-checkbox__native-control" id="mat-mdc-checkbox-1-input" tabindex="0"> is not clickable at point (671, 354). Other element would receive the click: <strong>...</strong>
  (Session info: chrome=132.0.6834.160)
Build info: version: '4.27.0', revision: 'd6e718d134'
System info: os.name: 'Windows 11', os.arch: 'amd64', os.version: '10.0', java.version: '21.0.3'
Driver info: org.openqa.selenium.chrome.ChromeDriver
Command: [eccefe12395ad015db69a665381f13cd, clickElement {id=f.B3521C86B511561CE26B2524292A93DD.d.150D2CEF088350BF79965CA04B1C2B40.e.2287}]
Capabilities {acceptInsecureCerts: false, browserName: chrome, browserVersion: 132.0.6834.160, chrome: {chromedriverVersion: 132.0.6834.159 (2d77d3fc445..., userDataDir: C:\Users\INGRID~1.ZAD\AppDa...}, fedcm:accounts: true, goog:chromeOptions: {debuggerAddress: localhost:51559}, networkConnectionEnabled: false, pageLoadStrategy: normal, platformName: windows, proxy: Proxy(), se:cdp: ws://localhost:51559/devtoo..., se:cdpVersion: 132.0.6834.160, setWindowRect: true, strictFileInteractability: false, timeouts: {implicit: 0, pageLoad: 300000, script: 30000}, unhandledPromptBehavior: dismiss and notify, webauthn:extension:credBlob: true, webauthn:extension:largeBlob: true, webauthn:extension:minPinLength: true, webauthn:extension:prf: true, webauthn:virtualAuthenticators: true}
Element: [[ChromeDriver: chrome on windows (eccefe12395ad015db69a665381f13cd)] -> xpath: (//div[contains(@class, 'mdc-checkbox')]//input[@type='checkbox'])[1]]
Session ID: eccefe12395ad015db69a665381f13cd
org.openqa.selenium.ElementClickInterceptedException: element click intercepted: Element <input type="checkbox" class="mdc-checkbox__native-control" id="mat-mdc-checkbox-1-input" tabindex="0"> is not clickable at point (671, 354). Other element would receive the click: <strong>...</strong>
  (Session info: chrome=132.0.6834.160)
Build info: version: '4.27.0', revision: 'd6e718d134'
System info: os.name: 'Windows 11', os.arch: 'amd64', os.version: '10.0', java.version: '21.0.3'
Driver info: org.openqa.selenium.chrome.ChromeDriver
Command: [eccefe12395ad015db69a665381f13cd, clickElement {id=f.B3521C86B511561CE26B2524292A93DD.d.150D2CEF088350BF79965CA04B1C2B40.e.2287}]
Capabilities {acceptInsecureCerts: false, browserName: chrome, browserVersion: 132.0.6834.160, chrome: {chromedriverVersion: 132.0.6834.159 (2d77d3fc445..., userDataDir: C:\Users\INGRID~1.ZAD\AppDa...}, fedcm:accounts: true, goog:chromeOptions: {debuggerAddress: localhost:51559}, networkConnectionEnabled: false, pageLoadStrategy: normal, platformName: windows, proxy: Proxy(), se:cdp: ws://localhost:51559/devtoo..., se:cdpVersion: 132.0.6834.160, setWindowRect: true, strictFileInteractability: false, timeouts: {implicit: 0, pageLoad: 300000, script: 30000}, unhandledPromptBehavior: dismiss and notify, webauthn:extension:credBlob: true, webauthn:extension:largeBlob: true, webauthn:extension:minPinLength: true, webauthn:extension:prf: true, webauthn:virtualAuthenticators: true}
Element: [[ChromeDriver: chrome on windows (eccefe12395ad015db69a665381f13cd)] -> xpath: (//div[contains(@class, 'mdc-checkbox')]//input[@type='checkbox'])[1]]
Session ID: eccefe12395ad015db69a665381f13cd
	at java.base/jdk.internal.reflect.DirectConstructorHandleAccessor.newInstance(DirectConstructorHandleAccessor.java:62)
	at java.base/java.lang.reflect.Constructor.newInstanceWithCaller(Constructor.java:502)
	at java.base/java.lang.reflect.Constructor.newInstance(Constructor.java:486)
	at org.openqa.selenium.remote.ErrorCodec.decode(ErrorCodec.java:167)
	at org.openqa.selenium.remote.codec.w3c.W3CHttpResponseCodec.decode(W3CHttpResponseCodec.java:138)
	at org.openqa.selenium.remote.codec.w3c.W3CHttpResponseCodec.decode(W3CHttpResponseCodec.java:50)
	at org.openqa.selenium.remote.HttpCommandExecutor.execute(HttpCommandExecutor.java:190)
	at org.openqa.selenium.remote.service.DriverCommandExecutor.invokeExecute(DriverCommandExecutor.java:216)
	at org.openqa.selenium.remote.service.DriverCommandExecutor.execute(DriverCommandExecutor.java:174)
	at org.openqa.selenium.remote.RemoteWebDriver.execute(RemoteWebDriver.java:545)
	at org.openqa.selenium.remote.RemoteWebElement.execute(RemoteWebElement.java:223)
	at org.openqa.selenium.remote.RemoteWebElement.click(RemoteWebElement.java:76)
	at java.base/jdk.internal.reflect.DirectMethodHandleAccessor.invoke(DirectMethodHandleAccessor.java:103)
	at java.base/java.lang.reflect.Method.invoke(Method.java:580)
	at org.openqa.selenium.support.pagefactory.internal.LocatingElementHandler.invoke(LocatingElementHandler.java:51)
	at jdk.proxy2/jdk.proxy2.$Proxy14.click(Unknown Source)
	at lt.insoft.uztis.pages.InvitationsPage.setCheckbox(InvitationsPage.java:474)
	at lt.insoft.uztis.tests.SubmittedApplicationsPageTest.testFillNewApplication(SubmittedApplicationsPageTest.java:288)
	at java.base/jdk.internal.reflect.DirectMethodHandleAccessor.invoke(DirectMethodHandleAccessor.java:103)
	at java.base/java.lang.reflect.Method.invoke(Method.java:580)
	at org.junit.platform.commons.util.ReflectionUtils.invokeMethod(ReflectionUtils.java:728)
	at org.junit.jupiter.engine.execution.MethodInvocation.proceed(MethodInvocation.java:60)
	at org.junit.jupiter.engine.execution.InvocationInterceptorChain$ValidatingInvocation.proceed(InvocationInterceptorChain.java:131)
	at org.junit.jupiter.engine.extension.TimeoutExtension.intercept(TimeoutExtension.java:156)
	at org.junit.jupiter.engine.extension.TimeoutExtension.interceptTestableMethod(TimeoutExtension.java:147)
	at org.junit.jupiter.engine.extension.TimeoutExtension.interceptTestMethod(TimeoutExtension.java:86)
	at org.junit.jupiter.engine.execution.InterceptingExecutableInvoker$ReflectiveInterceptorCall.lambda$ofVoidMethod$0(InterceptingExecutableInvoker.java:103)
	at org.junit.jupiter.engine.execution.InterceptingExecutableInvoker.lambda$invoke$0(InterceptingExecutableInvoker.java:93)
	at org.junit.jupiter.engine.execution.InvocationInterceptorChain$InterceptedInvocation.proceed(InvocationInterceptorChain.java:106)
	at org.junit.jupiter.engine.execution.InvocationInterceptorChain.proceed(InvocationInterceptorChain.java:64)
	at org.junit.jupiter.engine.execution.InvocationInterceptorChain.chainAndInvoke(InvocationInterceptorChain.java:45)
	at org.junit.jupiter.engine.execution.InvocationInterceptorChain.invoke(InvocationInterceptorChain.java:37)
	at org.junit.jupiter.engine.execution.InterceptingExecutableInvoker.invoke(InterceptingExecutableInvoker.java:92)
	at org.junit.jupiter.engine.execution.InterceptingExecutableInvoker.invoke(InterceptingExecutableInvoker.java:86)
	at org.junit.jupiter.engine.descriptor.TestMethodTestDescriptor.lambda$invokeTestMethod$7(TestMethodTestDescriptor.java:218)
	at org.junit.platform.engine.support.hierarchical.ThrowableCollector.execute(ThrowableCollector.java:73)
	at org.junit.jupiter.engine.descriptor.TestMethodTestDescriptor.invokeTestMethod(TestMethodTestDescriptor.java:214)
	at org.junit.jupiter.engine.descriptor.TestMethodTestDescriptor.execute(TestMethodTestDescriptor.java:139)
	at org.junit.jupiter.engine.descriptor.TestMethodTestDescriptor.execute(TestMethodTestDescriptor.java:69)
	at org.junit.platform.engine.support.hierarchical.NodeTestTask.lambda$executeRecursively$6(NodeTestTask.java:151)
	at org.junit.platform.engine.support.hierarchical.ThrowableCollector.execute(ThrowableCollector.java:73)
	at org.junit.platform.engine.support.hierarchical.NodeTestTask.lambda$executeRecursively$8(NodeTestTask.java:141)
	at org.junit.platform.engine.support.hierarchical.Node.around(Node.java:137)
	at org.junit.platform.engine.support.hierarchical.NodeTestTask.lambda$executeRecursively$9(NodeTestTask.java:139)
	at org.junit.platform.engine.support.hierarchical.ThrowableCollector.execute(ThrowableCollector.java:73)
	at org.junit.platform.engine.support.hierarchical.NodeTestTask.executeRecursively(NodeTestTask.java:138)
	at org.junit.platform.engine.support.hierarchical.NodeTestTask.execute(NodeTestTask.java:95)
	at java.base/java.util.ArrayList.forEach(ArrayList.java:1596)
	at org.junit.platform.engine.support.hierarchical.SameThreadHierarchicalTestExecutorService.invokeAll(SameThreadHierarchicalTestExecutorService.java:41)
	at org.junit.platform.engine.support.hierarchical.NodeTestTask.lambda$executeRecursively$6(NodeTestTask.java:155)
	at org.junit.platform.engine.support.hierarchical.ThrowableCollector.execute(ThrowableCollector.java:73)
	at org.junit.platform.engine.support.hierarchical.NodeTestTask.lambda$executeRecursively$8(NodeTestTask.java:141)
	at org.junit.platform.engine.support.hierarchical.Node.around(Node.java:137)
	at org.junit.platform.engine.support.hierarchical.NodeTestTask.lambda$executeRecursively$9(NodeTestTask.java:139)
	at org.junit.platform.engine.support.hierarchical.ThrowableCollector.execute(ThrowableCollector.java:73)
	at org.junit.platform.engine.support.hierarchical.NodeTestTask.executeRecursively(NodeTestTask.java:138)
	at org.junit.platform.engine.support.hierarchical.NodeTestTask.execute(NodeTestTask.java:95)
	at java.base/java.util.ArrayList.forEach(ArrayList.java:1596)
	at org.junit.platform.engine.support.hierarchical.SameThreadHierarchicalTestExecutorService.invokeAll(SameThreadHierarchicalTestExecutorService.java:41)
	at org.junit.platform.engine.support.hierarchical.NodeTestTask.lambda$executeRecursively$6(NodeTestTask.java:155)
	at org.junit.platform.engine.support.hierarchical.ThrowableCollector.execute(ThrowableCollector.java:73)
	at org.junit.platform.engine.support.hierarchical.NodeTestTask.lambda$executeRecursively$8(NodeTestTask.java:141)
	at org.junit.platform.engine.support.hierarchical.Node.around(Node.java:137)
	at org.junit.platform.engine.support.hierarchical.NodeTestTask.lambda$executeRecursively$9(NodeTestTask.java:139)
	at org.junit.platform.engine.support.hierarchical.ThrowableCollector.execute(ThrowableCollector.java:73)
	at org.junit.platform.engine.support.hierarchical.NodeTestTask.executeRecursively(NodeTestTask.java:138)
	at org.junit.platform.engine.support.hierarchical.NodeTestTask.execute(NodeTestTask.java:95)
	at org.junit.platform.engine.support.hierarchical.SameThreadHierarchicalTestExecutorService.submit(SameThreadHierarchicalTestExecutorService.java:35)
	at org.junit.platform.engine.support.hierarchical.HierarchicalTestExecutor.execute(HierarchicalTestExecutor.java:57)
	at org.junit.platform.engine.support.hierarchical.HierarchicalTestEngine.execute(HierarchicalTestEngine.java:54)
	at org.junit.platform.launcher.core.EngineExecutionOrchestrator.execute(EngineExecutionOrchestrator.java:198)
	at org.junit.platform.launcher.core.EngineExecutionOrchestrator.execute(EngineExecutionOrchestrator.java:169)
	at org.junit.platform.launcher.core.EngineExecutionOrchestrator.execute(EngineExecutionOrchestrator.java:93)
	at org.junit.platform.launcher.core.EngineExecutionOrchestrator.lambda$execute$0(EngineExecutionOrchestrator.java:58)
	at org.junit.platform.launcher.core.EngineExecutionOrchestrator.withInterceptedStreams(EngineExecutionOrchestrator.java:141)
	at org.junit.platform.launcher.core.EngineExecutionOrchestrator.execute(EngineExecutionOrchestrator.java:57)
	at org.junit.platform.launcher.core.DefaultLauncher.execute(DefaultLauncher.java:103)
	at org.junit.platform.launcher.core.DefaultLauncher.execute(DefaultLauncher.java:85)
	at org.junit.platform.launcher.core.DelegatingLauncher.execute(DelegatingLauncher.java:47)
	at org.junit.platform.launcher.core.SessionPerRequestLauncher.execute(SessionPerRequestLauncher.java:63)
	at com.intellij.junit5.JUnit5IdeaTestRunner.startRunnerWithArgs(JUnit5IdeaTestRunner.java:57)
	at com.intellij.rt.junit.IdeaTestRunner$Repeater$1.execute(IdeaTestRunner.java:38)
	at com.intellij.rt.execution.junit.TestsRepeater.repeat(TestsRepeater.java:11)
	at com.intellij.rt.junit.IdeaTestRunner$Repeater.startRunnerWithArgs(IdeaTestRunner.java:35)
	at com.intellij.rt.junit.JUnitStarter.prepareStreamsAndStart(JUnitStarter.java:232)
	at com.intellij.rt.junit.JUnitStarter.main(JUnitStarter.java:55)
2025-02-03 14:01:06 [main] INFO  l.insoft.uztis.tests.utils.TestUtils - Screenshot moved to C:\Users\ingrida.zadorozniene\Desktop\Asm\UZTIS\UZTIS_tests\test-output\screenshots\20250203\140106788_testFillNewApplication().png
2025-02-03 14:01:21 [main] INFO  lt.insoft.uztis.tests.UztisPageTest - Navigated to https://uztisdev.asseco.lt/home
2025-02-03 14:01:21 [main] INFO  l.i.u.t.SubmittedApplicationsPageTest - Starting test:'testFillNewApplication'
2025-02-03 14:01:22 [main] DEBUG l.i.u.t.SubmittedApplicationsPageTest - User logged in with test credentials
2025-02-03 14:01:22 [main] DEBUG l.i.u.t.SubmittedApplicationsPageTest - Opened 'Application Processing' menu.
2025-02-03 14:01:22 [main] DEBUG l.i.u.t.SubmittedApplicationsPageTest - Clicked on 'Application Forms' menu.
2025-02-03 14:01:23 [main] DEBUG l.i.u.t.SubmittedApplicationsPageTest - Retrieved last description code text: 'TST-VUI-27'.
2025-02-03 14:01:23 [main] DEBUG l.i.u.t.SubmittedApplicationsPageTest - Clicked on 'Invitation' menu.
2025-02-03 14:01:24 [main] DEBUG l.i.u.t.SubmittedApplicationsPageTest - Selected application section by code: 'TST-VUI-27'.
2025-02-03 14:01:24 [main] DEBUG l.i.u.t.SubmittedApplicationsPageTest - Clicked 'Search' button.
2025-02-03 14:01:24 [main] DEBUG l.i.u.t.SubmittedApplicationsPageTest - Retrieved invitation code: ''.
2025-02-03 14:01:24 [main] DEBUG l.i.u.t.SubmittedApplicationsPageTest - Clicked on 'Submitted Applications' menu.
2025-02-03 14:01:25 [main] DEBUG l.i.u.t.SubmittedApplicationsPageTest - Selected invitation by code: 'TST-VUI-27'.
2025-02-03 14:01:25 [main] DEBUG l.i.u.t.SubmittedApplicationsPageTest - Clicked on 'Action Application' button.
2025-02-03 14:01:25 [main] DEBUG l.i.u.t.SubmittedApplicationsPageTest - Clicked on 'New Application' button.
2025-02-03 14:01:26 [main] DEBUG l.i.u.t.SubmittedApplicationsPageTest - Clicked on 'RadioButtonFA' button.
2025-02-03 14:01:26 [main] DEBUG l.i.u.t.SubmittedApplicationsPageTest - Entered phone number into the input field.
2025-02-03 14:01:26 [main] DEBUG l.i.u.t.SubmittedApplicationsPageTest - Entered eMail into the input field.
2025-02-03 14:01:26 [main] INFO  l.i.u.p.SubmittedApplicationsPage - Located the dropdown button.
2025-02-03 14:01:46 [main] INFO  l.i.u.p.SubmittedApplicationsPage - Found 1741 options in the dropdown.
2025-02-03 14:01:46 [main] INFO  l.i.u.p.SubmittedApplicationsPage - Successfully selected the value: '01.11 - Grūdinių (išskyrus ryžius), ankštinių ir aliejingų sėklų augalų auginimas'
2025-02-03 14:01:57 [main] ERROR l.i.u.p.SubmittedApplicationsPage - Failed to close the dropdown with aria-expanded = 'false'. Attempting manual close.
2025-02-03 14:01:57 [main] INFO  l.i.u.p.SubmittedApplicationsPage - Manual close attempt for the dropdown using body click.
2025-02-03 14:01:57 [main] DEBUG l.i.u.t.SubmittedApplicationsPageTest - Entered Address into the input field.
2025-02-03 14:01:57 [main] DEBUG l.i.u.t.SubmittedApplicationsPageTest - Entered Address into the input field.
2025-02-03 14:01:58 [main] INFO  l.i.u.p.SubmittedApplicationsPage - Located the dropdown button.
2025-02-03 14:01:59 [main] INFO  l.i.u.p.SubmittedApplicationsPage - Successfully selected the value: 'Administratoriai'
2025-02-03 14:02:19 [main] ERROR l.i.u.p.SubmittedApplicationsPage - Timeout while waiting for dropdown to close with aria-expanded = 'false'.
2025-02-03 14:02:19 [main] DEBUG l.i.u.t.SubmittedApplicationsPageTest - Selected the value: 'Administratoriai'
2025-02-03 14:02:19 [main] INFO  l.i.u.p.SubmittedApplicationsPage - Clicking on the dropdown button.
2025-02-03 14:02:20 [main] INFO  l.i.u.p.SubmittedApplicationsPage - Found 34 options in the dropdown.
2025-02-03 14:02:20 [main] DEBUG l.i.u.p.SubmittedApplicationsPage - Checking option: 'Asmenys, kuriems suteiktas pabėgėlio statusas ar perkeliamojo asmens statusas, arba asmenys, kuriems suteikta papildoma ar laikinoji apsauga, ir asmenys, turintys teisę gauti laikinąją apsaugą, iki sprendimo dėl laikinosios apsaugos suteikimo (nesuteikimo) priėmimo, tačiau ne ilgiau kaip laikinosios apsaugos laikotarpiu'
2025-02-03 14:02:20 [main] DEBUG l.i.u.p.SubmittedApplicationsPage - Checking option: 'Asmenys, kuriems suteiktas pabėgėlio statusas ar perkeliamojo asmens statusas, arba asmenys, kuriems suteikta papildoma ar laikinoji apsauga, ir asmenys, turintys teisę gauti laikinąją apsaugą, iki sprendimo dėl laikinosios apsaugos suteikimo (nesuteikimo) priėmimo, tačiau ne ilgiau kaip laikinosios apsaugos laikotarpiu'
2025-02-03 14:02:20 [main] DEBUG l.i.u.p.SubmittedApplicationsPage - Checking option: 'Asmenys, turintys teisę į papildomas užimtumo garantijas pagal Lietuvos Respublikos valstybės įmonės Ignalinos atominės elektrinės darbuotojų papildomų užimtumo ir socialinių garantijų įstatymą'
2025-02-03 14:02:20 [main] DEBUG l.i.u.p.SubmittedApplicationsPage - Checking option: 'Asmenys, turintys teisę į papildomas užimtumo garantijas pagal Lietuvos Respublikos valstybės įmonės Ignalinos atominės elektrinės darbuotojų papildomų užimtumo ir socialinių garantijų įstatymą'
2025-02-03 14:02:20 [main] DEBUG l.i.u.p.SubmittedApplicationsPage - Checking option: 'Bedarbiai iki 29 metų'
2025-02-03 14:02:20 [main] DEBUG l.i.u.p.SubmittedApplicationsPage - Checking option: 'Bedarbiai iki 29 metų'
2025-02-03 14:02:20 [main] DEBUG l.i.u.p.SubmittedApplicationsPage - Checking option: 'Bedarbiai, kurie yra darbingo amžiaus neįgalieji, kuriems nustatytas 30–40 procentų darbingumo lygis arba vidutinis neįgalumo lygis'
2025-02-03 14:02:20 [main] DEBUG l.i.u.p.SubmittedApplicationsPage - Checking option: 'Bedarbiai, kurie yra darbingo amžiaus neįgalieji, kuriems nustatytas 30–40 procentų darbingumo lygis arba vidutinis neįgalumo lygis'
2025-02-03 14:02:20 [main] DEBUG l.i.u.p.SubmittedApplicationsPage - Checking option: 'Bedarbiai, kurie yra darbingo amžiaus neįgalieji, kuriems nustatytas 45–55 procentų darbingumo lygis arba lengvas neįgalumo lygis'
2025-02-03 14:02:20 [main] DEBUG l.i.u.p.SubmittedApplicationsPage - Checking option: 'Bedarbiai, kurie yra darbingo amžiaus neįgalieji, kuriems nustatytas 45–55 procentų darbingumo lygis arba lengvas neįgalumo lygis'
2025-02-03 14:02:20 [main] DEBUG l.i.u.p.SubmittedApplicationsPage - Checking option: 'Bedarbiai, kurie yra darbingo amžiaus neįgalieji, kuriems nustatytas iki 25 procentų darbingumo lygis arba sunkus neįgalumo lygis'
2025-02-03 14:02:20 [main] INFO  l.i.u.p.SubmittedApplicationsPage - Successfully selected the value: 'Bedarbiai, kurie yra darbingo amžiaus neįgalieji, kuriems nustatytas iki 25 procentų darbingumo lygis arba sunkus neįgalumo lygis'
2025-02-03 14:02:20 [main] INFO  l.i.u.p.SubmittedApplicationsPage - Attempting to close the dropdown.
2025-02-03 14:02:31 [main] INFO  l.i.u.p.SubmittedApplicationsPage - Dropdown should be closed now.
2025-02-03 14:02:31 [main] INFO  l.i.u.p.SubmittedApplicationsPage - Located the dropdown button.
2025-02-03 14:02:31 [main] INFO  l.i.u.p.SubmittedApplicationsPage - Successfully selected the value: 'Kita'
2025-02-03 14:02:42 [main] ERROR l.i.u.p.SubmittedApplicationsPage - Timeout while waiting for dropdown to close with aria-expanded = 'false'.
2025-02-03 14:02:42 [main] DEBUG l.i.u.t.SubmittedApplicationsPageTest - Selected the value: 'Kita'
2025-02-03 14:02:42 [main] DEBUG l.i.u.t.SubmittedApplicationsPageTest - Selected the value: '6 val. per dieną ir 4 d. per savaitę'
2025-02-03 14:02:42 [main] DEBUG l.i.u.t.SubmittedApplicationsPageTest - Entered Address into the input field.
2025-02-03 14:02:44 [main] INFO  l.i.u.p.SubmittedApplicationsPage - Located the dropdown button.
2025-02-03 14:02:45 [main] INFO  l.i.u.p.SubmittedApplicationsPage - Successfully selected the value: 'Įsigyti'
2025-02-03 14:03:05 [main] ERROR l.i.u.p.SubmittedApplicationsPage - Timeout while waiting for dropdown to close with aria-expanded = 'false'.
2025-02-03 14:03:05 [main] DEBUG l.i.u.t.SubmittedApplicationsPageTest - Selected the value: 'Įsigyti'
2025-02-03 14:03:05 [main] DEBUG l.i.u.t.SubmittedApplicationsPageTest - Selected the value: 'Darbo priemonė 1'
2025-02-03 14:03:05 [main] DEBUG l.i.u.t.SubmittedApplicationsPageTest - Selected the value: 'Darbo priemonės 1 parametras 1'
2025-02-03 14:03:06 [main] DEBUG l.i.u.t.SubmittedApplicationsPageTest - Selected the value: 'Darbo priemonės 1 parametras 2'
2025-02-03 14:03:06 [main] DEBUG l.i.u.t.SubmittedApplicationsPageTest - Selected the value: 'Darbo priemonės 1 parametras 3'
2025-02-03 14:03:06 [main] DEBUG l.i.u.t.SubmittedApplicationsPageTest - Entered Address into the input field.
2025-02-03 14:03:06 [main] DEBUG l.i.u.t.SubmittedApplicationsPageTest - Entered Address into the input field.
2025-02-03 14:03:06 [main] DEBUG l.i.u.t.SubmittedApplicationsPageTest - Entered Address into the input field.
2025-02-03 14:03:06 [main] DEBUG l.i.u.t.SubmittedApplicationsPageTest - Entered Address into the input field.
2025-02-03 14:03:07 [main] DEBUG l.i.u.t.SubmittedApplicationsPageTest - Entered Address into the input field.
2025-02-03 14:03:07 [main] DEBUG l.i.u.t.SubmittedApplicationsPageTest - Entered Address into the input field.
2025-02-03 14:03:07 [main] DEBUG l.i.u.t.SubmittedApplicationsPageTest - Entered Address into the input field.
2025-02-03 14:03:08 [main] DEBUG l.i.u.t.SubmittedApplicationsPageTest - Entered Address into the input field.
2025-02-03 14:03:09 [main] ERROR l.i.u.t.SubmittedApplicationsPageTest - Test 'testFillNewApplication' failed with error: element click intercepted: Element <input type="checkbox" class="mdc-checkbox__native-control" id="mat-mdc-checkbox-1-input" tabindex="0"> is not clickable at point (616, 354). Other element would receive the click: <strong>...</strong>
  (Session info: chrome=132.0.6834.160)
Build info: version: '4.27.0', revision: 'd6e718d134'
System info: os.name: 'Windows 11', os.arch: 'amd64', os.version: '10.0', java.version: '21.0.3'
Driver info: org.openqa.selenium.chrome.ChromeDriver
Command: [6e97a323088aac1672e8489ca6b28a70, clickElement {id=f.461E5C8B38E6371EC7DA02DE59CCC1BF.d.A13409A577EE603B9790CD9093184DFB.e.2284}]
Capabilities {acceptInsecureCerts: false, browserName: chrome, browserVersion: 132.0.6834.160, chrome: {chromedriverVersion: 132.0.6834.159 (2d77d3fc445..., userDataDir: C:\Users\INGRID~1.ZAD\AppDa...}, fedcm:accounts: true, goog:chromeOptions: {debuggerAddress: localhost:51649}, networkConnectionEnabled: false, pageLoadStrategy: normal, platformName: windows, proxy: Proxy(), se:cdp: ws://localhost:51649/devtoo..., se:cdpVersion: 132.0.6834.160, setWindowRect: true, strictFileInteractability: false, timeouts: {implicit: 0, pageLoad: 300000, script: 30000}, unhandledPromptBehavior: dismiss and notify, webauthn:extension:credBlob: true, webauthn:extension:largeBlob: true, webauthn:extension:minPinLength: true, webauthn:extension:prf: true, webauthn:virtualAuthenticators: true}
Element: [[ChromeDriver: chrome on windows (6e97a323088aac1672e8489ca6b28a70)] -> xpath: (//div[contains(@class, 'mdc-checkbox')]//input[@type='checkbox'])[1]]
Session ID: 6e97a323088aac1672e8489ca6b28a70
org.openqa.selenium.ElementClickInterceptedException: element click intercepted: Element <input type="checkbox" class="mdc-checkbox__native-control" id="mat-mdc-checkbox-1-input" tabindex="0"> is not clickable at point (616, 354). Other element would receive the click: <strong>...</strong>
  (Session info: chrome=132.0.6834.160)
Build info: version: '4.27.0', revision: 'd6e718d134'
System info: os.name: 'Windows 11', os.arch: 'amd64', os.version: '10.0', java.version: '21.0.3'
Driver info: org.openqa.selenium.chrome.ChromeDriver
Command: [6e97a323088aac1672e8489ca6b28a70, clickElement {id=f.461E5C8B38E6371EC7DA02DE59CCC1BF.d.A13409A577EE603B9790CD9093184DFB.e.2284}]
Capabilities {acceptInsecureCerts: false, browserName: chrome, browserVersion: 132.0.6834.160, chrome: {chromedriverVersion: 132.0.6834.159 (2d77d3fc445..., userDataDir: C:\Users\INGRID~1.ZAD\AppDa...}, fedcm:accounts: true, goog:chromeOptions: {debuggerAddress: localhost:51649}, networkConnectionEnabled: false, pageLoadStrategy: normal, platformName: windows, proxy: Proxy(), se:cdp: ws://localhost:51649/devtoo..., se:cdpVersion: 132.0.6834.160, setWindowRect: true, strictFileInteractability: false, timeouts: {implicit: 0, pageLoad: 300000, script: 30000}, unhandledPromptBehavior: dismiss and notify, webauthn:extension:credBlob: true, webauthn:extension:largeBlob: true, webauthn:extension:minPinLength: true, webauthn:extension:prf: true, webauthn:virtualAuthenticators: true}
Element: [[ChromeDriver: chrome on windows (6e97a323088aac1672e8489ca6b28a70)] -> xpath: (//div[contains(@class, 'mdc-checkbox')]//input[@type='checkbox'])[1]]
Session ID: 6e97a323088aac1672e8489ca6b28a70
	at java.base/jdk.internal.reflect.DirectConstructorHandleAccessor.newInstance(DirectConstructorHandleAccessor.java:62)
	at java.base/java.lang.reflect.Constructor.newInstanceWithCaller(Constructor.java:502)
	at java.base/java.lang.reflect.Constructor.newInstance(Constructor.java:486)
	at org.openqa.selenium.remote.ErrorCodec.decode(ErrorCodec.java:167)
	at org.openqa.selenium.remote.codec.w3c.W3CHttpResponseCodec.decode(W3CHttpResponseCodec.java:138)
	at org.openqa.selenium.remote.codec.w3c.W3CHttpResponseCodec.decode(W3CHttpResponseCodec.java:50)
	at org.openqa.selenium.remote.HttpCommandExecutor.execute(HttpCommandExecutor.java:190)
	at org.openqa.selenium.remote.service.DriverCommandExecutor.invokeExecute(DriverCommandExecutor.java:216)
	at org.openqa.selenium.remote.service.DriverCommandExecutor.execute(DriverCommandExecutor.java:174)
	at org.openqa.selenium.remote.RemoteWebDriver.execute(RemoteWebDriver.java:545)
	at org.openqa.selenium.remote.RemoteWebElement.execute(RemoteWebElement.java:223)
	at org.openqa.selenium.remote.RemoteWebElement.click(RemoteWebElement.java:76)
	at java.base/jdk.internal.reflect.DirectMethodHandleAccessor.invoke(DirectMethodHandleAccessor.java:103)
	at java.base/java.lang.reflect.Method.invoke(Method.java:580)
	at org.openqa.selenium.support.pagefactory.internal.LocatingElementHandler.invoke(LocatingElementHandler.java:51)
	at jdk.proxy2/jdk.proxy2.$Proxy14.click(Unknown Source)
	at lt.insoft.uztis.pages.InvitationsPage.setCheckbox(InvitationsPage.java:474)
	at lt.insoft.uztis.tests.SubmittedApplicationsPageTest.testFillNewApplication(SubmittedApplicationsPageTest.java:288)
	at java.base/jdk.internal.reflect.DirectMethodHandleAccessor.invoke(DirectMethodHandleAccessor.java:103)
	at java.base/java.lang.reflect.Method.invoke(Method.java:580)
	at org.junit.platform.commons.util.ReflectionUtils.invokeMethod(ReflectionUtils.java:728)
	at org.junit.jupiter.engine.execution.MethodInvocation.proceed(MethodInvocation.java:60)
	at org.junit.jupiter.engine.execution.InvocationInterceptorChain$ValidatingInvocation.proceed(InvocationInterceptorChain.java:131)
	at org.junit.jupiter.engine.extension.TimeoutExtension.intercept(TimeoutExtension.java:156)
	at org.junit.jupiter.engine.extension.TimeoutExtension.interceptTestableMethod(TimeoutExtension.java:147)
	at org.junit.jupiter.engine.extension.TimeoutExtension.interceptTestMethod(TimeoutExtension.java:86)
	at org.junit.jupiter.engine.execution.InterceptingExecutableInvoker$ReflectiveInterceptorCall.lambda$ofVoidMethod$0(InterceptingExecutableInvoker.java:103)
	at org.junit.jupiter.engine.execution.InterceptingExecutableInvoker.lambda$invoke$0(InterceptingExecutableInvoker.java:93)
	at org.junit.jupiter.engine.execution.InvocationInterceptorChain$InterceptedInvocation.proceed(InvocationInterceptorChain.java:106)
	at org.junit.jupiter.engine.execution.InvocationInterceptorChain.proceed(InvocationInterceptorChain.java:64)
	at org.junit.jupiter.engine.execution.InvocationInterceptorChain.chainAndInvoke(InvocationInterceptorChain.java:45)
	at org.junit.jupiter.engine.execution.InvocationInterceptorChain.invoke(InvocationInterceptorChain.java:37)
	at org.junit.jupiter.engine.execution.InterceptingExecutableInvoker.invoke(InterceptingExecutableInvoker.java:92)
	at org.junit.jupiter.engine.execution.InterceptingExecutableInvoker.invoke(InterceptingExecutableInvoker.java:86)
	at org.junit.jupiter.engine.descriptor.TestMethodTestDescriptor.lambda$invokeTestMethod$7(TestMethodTestDescriptor.java:218)
	at org.junit.platform.engine.support.hierarchical.ThrowableCollector.execute(ThrowableCollector.java:73)
	at org.junit.jupiter.engine.descriptor.TestMethodTestDescriptor.invokeTestMethod(TestMethodTestDescriptor.java:214)
	at org.junit.jupiter.engine.descriptor.TestMethodTestDescriptor.execute(TestMethodTestDescriptor.java:139)
	at org.junit.jupiter.engine.descriptor.TestMethodTestDescriptor.execute(TestMethodTestDescriptor.java:69)
	at org.junit.platform.engine.support.hierarchical.NodeTestTask.lambda$executeRecursively$6(NodeTestTask.java:151)
	at org.junit.platform.engine.support.hierarchical.ThrowableCollector.execute(ThrowableCollector.java:73)
	at org.junit.platform.engine.support.hierarchical.NodeTestTask.lambda$executeRecursively$8(NodeTestTask.java:141)
	at org.junit.platform.engine.support.hierarchical.Node.around(Node.java:137)
	at org.junit.platform.engine.support.hierarchical.NodeTestTask.lambda$executeRecursively$9(NodeTestTask.java:139)
	at org.junit.platform.engine.support.hierarchical.ThrowableCollector.execute(ThrowableCollector.java:73)
	at org.junit.platform.engine.support.hierarchical.NodeTestTask.executeRecursively(NodeTestTask.java:138)
	at org.junit.platform.engine.support.hierarchical.NodeTestTask.execute(NodeTestTask.java:95)
	at java.base/java.util.ArrayList.forEach(ArrayList.java:1596)
	at org.junit.platform.engine.support.hierarchical.SameThreadHierarchicalTestExecutorService.invokeAll(SameThreadHierarchicalTestExecutorService.java:41)
	at org.junit.platform.engine.support.hierarchical.NodeTestTask.lambda$executeRecursively$6(NodeTestTask.java:155)
	at org.junit.platform.engine.support.hierarchical.ThrowableCollector.execute(ThrowableCollector.java:73)
	at org.junit.platform.engine.support.hierarchical.NodeTestTask.lambda$executeRecursively$8(NodeTestTask.java:141)
	at org.junit.platform.engine.support.hierarchical.Node.around(Node.java:137)
	at org.junit.platform.engine.support.hierarchical.NodeTestTask.lambda$executeRecursively$9(NodeTestTask.java:139)
	at org.junit.platform.engine.support.hierarchical.ThrowableCollector.execute(ThrowableCollector.java:73)
	at org.junit.platform.engine.support.hierarchical.NodeTestTask.executeRecursively(NodeTestTask.java:138)
	at org.junit.platform.engine.support.hierarchical.NodeTestTask.execute(NodeTestTask.java:95)
	at java.base/java.util.ArrayList.forEach(ArrayList.java:1596)
	at org.junit.platform.engine.support.hierarchical.SameThreadHierarchicalTestExecutorService.invokeAll(SameThreadHierarchicalTestExecutorService.java:41)
	at org.junit.platform.engine.support.hierarchical.NodeTestTask.lambda$executeRecursively$6(NodeTestTask.java:155)
	at org.junit.platform.engine.support.hierarchical.ThrowableCollector.execute(ThrowableCollector.java:73)
	at org.junit.platform.engine.support.hierarchical.NodeTestTask.lambda$executeRecursively$8(NodeTestTask.java:141)
	at org.junit.platform.engine.support.hierarchical.Node.around(Node.java:137)
	at org.junit.platform.engine.support.hierarchical.NodeTestTask.lambda$executeRecursively$9(NodeTestTask.java:139)
	at org.junit.platform.engine.support.hierarchical.ThrowableCollector.execute(ThrowableCollector.java:73)
	at org.junit.platform.engine.support.hierarchical.NodeTestTask.executeRecursively(NodeTestTask.java:138)
	at org.junit.platform.engine.support.hierarchical.NodeTestTask.execute(NodeTestTask.java:95)
	at org.junit.platform.engine.support.hierarchical.SameThreadHierarchicalTestExecutorService.submit(SameThreadHierarchicalTestExecutorService.java:35)
	at org.junit.platform.engine.support.hierarchical.HierarchicalTestExecutor.execute(HierarchicalTestExecutor.java:57)
	at org.junit.platform.engine.support.hierarchical.HierarchicalTestEngine.execute(HierarchicalTestEngine.java:54)
	at org.junit.platform.launcher.core.EngineExecutionOrchestrator.execute(EngineExecutionOrchestrator.java:198)
	at org.junit.platform.launcher.core.EngineExecutionOrchestrator.execute(EngineExecutionOrchestrator.java:169)
	at org.junit.platform.launcher.core.EngineExecutionOrchestrator.execute(EngineExecutionOrchestrator.java:93)
	at org.junit.platform.launcher.core.EngineExecutionOrchestrator.lambda$execute$0(EngineExecutionOrchestrator.java:58)
	at org.junit.platform.launcher.core.EngineExecutionOrchestrator.withInterceptedStreams(EngineExecutionOrchestrator.java:141)
	at org.junit.platform.launcher.core.EngineExecutionOrchestrator.execute(EngineExecutionOrchestrator.java:57)
	at org.junit.platform.launcher.core.DefaultLauncher.execute(DefaultLauncher.java:103)
	at org.junit.platform.launcher.core.DefaultLauncher.execute(DefaultLauncher.java:85)
	at org.junit.platform.launcher.core.DelegatingLauncher.execute(DelegatingLauncher.java:47)
	at org.junit.platform.launcher.core.SessionPerRequestLauncher.execute(SessionPerRequestLauncher.java:63)
	at com.intellij.junit5.JUnit5IdeaTestRunner.startRunnerWithArgs(JUnit5IdeaTestRunner.java:57)
	at com.intellij.rt.junit.IdeaTestRunner$Repeater$1.execute(IdeaTestRunner.java:38)
	at com.intellij.rt.execution.junit.TestsRepeater.repeat(TestsRepeater.java:11)
	at com.intellij.rt.junit.IdeaTestRunner$Repeater.startRunnerWithArgs(IdeaTestRunner.java:35)
	at com.intellij.rt.junit.JUnitStarter.prepareStreamsAndStart(JUnitStarter.java:232)
	at com.intellij.rt.junit.JUnitStarter.main(JUnitStarter.java:55)
2025-02-03 14:03:09 [main] INFO  l.insoft.uztis.tests.utils.TestUtils - Screenshot moved to C:\Users\ingrida.zadorozniene\Desktop\Asm\UZTIS\UZTIS_tests\test-output\screenshots\20250203\140309959_testFillNewApplication().png
2025-02-03 14:06:00 [main] INFO  lt.insoft.uztis.tests.UztisPageTest - Navigated to https://uztisdev.asseco.lt/home
2025-02-03 14:06:00 [main] INFO  l.i.u.t.SubmittedApplicationsPageTest - Starting test:'testFillNewApplication'
2025-02-03 14:06:00 [main] DEBUG l.i.u.t.SubmittedApplicationsPageTest - User logged in with test credentials
2025-02-03 14:06:00 [main] DEBUG l.i.u.t.SubmittedApplicationsPageTest - Opened 'Application Processing' menu.
2025-02-03 14:06:01 [main] DEBUG l.i.u.t.SubmittedApplicationsPageTest - Clicked on 'Application Forms' menu.
2025-02-03 14:06:01 [main] DEBUG l.i.u.t.SubmittedApplicationsPageTest - Retrieved last description code text: 'TST-VUI-27'.
2025-02-03 14:06:02 [main] DEBUG l.i.u.t.SubmittedApplicationsPageTest - Clicked on 'Invitation' menu.
2025-02-03 14:06:02 [main] DEBUG l.i.u.t.SubmittedApplicationsPageTest - Selected application section by code: 'TST-VUI-27'.
2025-02-03 14:06:03 [main] DEBUG l.i.u.t.SubmittedApplicationsPageTest - Clicked 'Search' button.
2025-02-03 14:06:03 [main] DEBUG l.i.u.t.SubmittedApplicationsPageTest - Retrieved invitation code: ''.
2025-02-03 14:06:03 [main] DEBUG l.i.u.t.SubmittedApplicationsPageTest - Clicked on 'Submitted Applications' menu.
2025-02-03 14:06:04 [main] DEBUG l.i.u.t.SubmittedApplicationsPageTest - Selected invitation by code: 'TST-VUI-27'.
2025-02-03 14:06:04 [main] DEBUG l.i.u.t.SubmittedApplicationsPageTest - Clicked on 'Action Application' button.
2025-02-03 14:06:04 [main] DEBUG l.i.u.t.SubmittedApplicationsPageTest - Clicked on 'New Application' button.
2025-02-03 14:06:05 [main] DEBUG l.i.u.t.SubmittedApplicationsPageTest - Clicked on 'RadioButtonFA' button.
2025-02-03 14:06:05 [main] DEBUG l.i.u.t.SubmittedApplicationsPageTest - Entered phone number into the input field.
2025-02-03 14:06:05 [main] DEBUG l.i.u.t.SubmittedApplicationsPageTest - Entered eMail into the input field.
2025-02-03 14:06:05 [main] INFO  l.i.u.p.SubmittedApplicationsPage - Located the dropdown button.
2025-02-03 14:06:24 [main] INFO  l.i.u.p.SubmittedApplicationsPage - Found 1741 options in the dropdown.
2025-02-03 14:06:24 [main] INFO  l.i.u.p.SubmittedApplicationsPage - Successfully selected the value: '01.11 - Grūdinių (išskyrus ryžius), ankštinių ir aliejingų sėklų augalų auginimas'
2025-02-03 14:06:34 [main] ERROR l.i.u.p.SubmittedApplicationsPage - Failed to close the dropdown with aria-expanded = 'false'. Attempting manual close.
2025-02-03 14:06:34 [main] INFO  l.i.u.p.SubmittedApplicationsPage - Manual close attempt for the dropdown using body click.
2025-02-03 14:06:35 [main] DEBUG l.i.u.t.SubmittedApplicationsPageTest - Entered Address into the input field.
2025-02-03 14:06:35 [main] DEBUG l.i.u.t.SubmittedApplicationsPageTest - Entered Address into the input field.
2025-02-03 14:06:35 [main] INFO  l.i.u.p.SubmittedApplicationsPage - Located the dropdown button.
2025-02-03 14:06:37 [main] INFO  l.i.u.p.SubmittedApplicationsPage - Successfully selected the value: 'Administratoriai'
2025-02-03 14:06:57 [main] ERROR l.i.u.p.SubmittedApplicationsPage - Timeout while waiting for dropdown to close with aria-expanded = 'false'.
2025-02-03 14:06:57 [main] DEBUG l.i.u.t.SubmittedApplicationsPageTest - Selected the value: 'Administratoriai'
2025-02-03 14:06:58 [main] INFO  l.i.u.p.SubmittedApplicationsPage - Clicking on the dropdown button.
2025-02-03 14:06:58 [main] INFO  l.i.u.p.SubmittedApplicationsPage - Found 34 options in the dropdown.
2025-02-03 14:06:58 [main] DEBUG l.i.u.p.SubmittedApplicationsPage - Checking option: 'Asmenys, kuriems suteiktas pabėgėlio statusas ar perkeliamojo asmens statusas, arba asmenys, kuriems suteikta papildoma ar laikinoji apsauga, ir asmenys, turintys teisę gauti laikinąją apsaugą, iki sprendimo dėl laikinosios apsaugos suteikimo (nesuteikimo) priėmimo, tačiau ne ilgiau kaip laikinosios apsaugos laikotarpiu'
2025-02-03 14:06:58 [main] DEBUG l.i.u.p.SubmittedApplicationsPage - Checking option: 'Asmenys, kuriems suteiktas pabėgėlio statusas ar perkeliamojo asmens statusas, arba asmenys, kuriems suteikta papildoma ar laikinoji apsauga, ir asmenys, turintys teisę gauti laikinąją apsaugą, iki sprendimo dėl laikinosios apsaugos suteikimo (nesuteikimo) priėmimo, tačiau ne ilgiau kaip laikinosios apsaugos laikotarpiu'
2025-02-03 14:06:58 [main] DEBUG l.i.u.p.SubmittedApplicationsPage - Checking option: 'Asmenys, turintys teisę į papildomas užimtumo garantijas pagal Lietuvos Respublikos valstybės įmonės Ignalinos atominės elektrinės darbuotojų papildomų užimtumo ir socialinių garantijų įstatymą'
2025-02-03 14:06:58 [main] DEBUG l.i.u.p.SubmittedApplicationsPage - Checking option: 'Asmenys, turintys teisę į papildomas užimtumo garantijas pagal Lietuvos Respublikos valstybės įmonės Ignalinos atominės elektrinės darbuotojų papildomų užimtumo ir socialinių garantijų įstatymą'
2025-02-03 14:06:58 [main] DEBUG l.i.u.p.SubmittedApplicationsPage - Checking option: 'Bedarbiai iki 29 metų'
2025-02-03 14:06:58 [main] DEBUG l.i.u.p.SubmittedApplicationsPage - Checking option: 'Bedarbiai iki 29 metų'
2025-02-03 14:06:58 [main] DEBUG l.i.u.p.SubmittedApplicationsPage - Checking option: 'Bedarbiai, kurie yra darbingo amžiaus neįgalieji, kuriems nustatytas 30–40 procentų darbingumo lygis arba vidutinis neįgalumo lygis'
2025-02-03 14:06:58 [main] DEBUG l.i.u.p.SubmittedApplicationsPage - Checking option: 'Bedarbiai, kurie yra darbingo amžiaus neįgalieji, kuriems nustatytas 30–40 procentų darbingumo lygis arba vidutinis neįgalumo lygis'
2025-02-03 14:06:58 [main] DEBUG l.i.u.p.SubmittedApplicationsPage - Checking option: 'Bedarbiai, kurie yra darbingo amžiaus neįgalieji, kuriems nustatytas 45–55 procentų darbingumo lygis arba lengvas neįgalumo lygis'
2025-02-03 14:06:58 [main] DEBUG l.i.u.p.SubmittedApplicationsPage - Checking option: 'Bedarbiai, kurie yra darbingo amžiaus neįgalieji, kuriems nustatytas 45–55 procentų darbingumo lygis arba lengvas neįgalumo lygis'
2025-02-03 14:06:58 [main] DEBUG l.i.u.p.SubmittedApplicationsPage - Checking option: 'Bedarbiai, kurie yra darbingo amžiaus neįgalieji, kuriems nustatytas iki 25 procentų darbingumo lygis arba sunkus neįgalumo lygis'
2025-02-03 14:06:58 [main] INFO  l.i.u.p.SubmittedApplicationsPage - Successfully selected the value: 'Bedarbiai, kurie yra darbingo amžiaus neįgalieji, kuriems nustatytas iki 25 procentų darbingumo lygis arba sunkus neįgalumo lygis'
2025-02-03 14:06:58 [main] INFO  l.i.u.p.SubmittedApplicationsPage - Attempting to close the dropdown.
2025-02-03 14:07:09 [main] INFO  l.i.u.p.SubmittedApplicationsPage - Dropdown should be closed now.
2025-02-03 14:07:09 [main] INFO  l.i.u.p.SubmittedApplicationsPage - Located the dropdown button.
2025-02-03 14:07:10 [main] INFO  l.i.u.p.SubmittedApplicationsPage - Successfully selected the value: 'Kita'
2025-02-03 14:07:20 [main] ERROR l.i.u.p.SubmittedApplicationsPage - Timeout while waiting for dropdown to close with aria-expanded = 'false'.
2025-02-03 14:07:20 [main] DEBUG l.i.u.t.SubmittedApplicationsPageTest - Selected the value: 'Kita'
2025-02-03 14:07:21 [main] DEBUG l.i.u.t.SubmittedApplicationsPageTest - Selected the value: '6 val. per dieną ir 4 d. per savaitę'
2025-02-03 14:07:21 [main] DEBUG l.i.u.t.SubmittedApplicationsPageTest - Entered Address into the input field.
2025-02-03 14:07:23 [main] INFO  l.i.u.p.SubmittedApplicationsPage - Located the dropdown button.
2025-02-03 14:07:23 [main] INFO  l.i.u.p.SubmittedApplicationsPage - Successfully selected the value: 'Įsigyti'
2025-02-03 14:07:44 [main] ERROR l.i.u.p.SubmittedApplicationsPage - Timeout while waiting for dropdown to close with aria-expanded = 'false'.
2025-02-03 14:07:44 [main] DEBUG l.i.u.t.SubmittedApplicationsPageTest - Selected the value: 'Įsigyti'
2025-02-03 14:07:44 [main] DEBUG l.i.u.t.SubmittedApplicationsPageTest - Selected the value: 'Darbo priemonė 1'
2025-02-03 14:07:44 [main] DEBUG l.i.u.t.SubmittedApplicationsPageTest - Selected the value: 'Darbo priemonės 1 parametras 1'
2025-02-03 14:07:44 [main] DEBUG l.i.u.t.SubmittedApplicationsPageTest - Selected the value: 'Darbo priemonės 1 parametras 2'
2025-02-03 14:07:44 [main] DEBUG l.i.u.t.SubmittedApplicationsPageTest - Selected the value: 'Darbo priemonės 1 parametras 3'
2025-02-03 14:07:45 [main] DEBUG l.i.u.t.SubmittedApplicationsPageTest - Entered Address into the input field.
2025-02-03 14:07:45 [main] DEBUG l.i.u.t.SubmittedApplicationsPageTest - Entered Address into the input field.
2025-02-03 14:07:45 [main] DEBUG l.i.u.t.SubmittedApplicationsPageTest - Entered Address into the input field.
2025-02-03 14:07:45 [main] DEBUG l.i.u.t.SubmittedApplicationsPageTest - Entered Address into the input field.
2025-02-03 14:07:45 [main] DEBUG l.i.u.t.SubmittedApplicationsPageTest - Entered Address into the input field.
2025-02-03 14:07:45 [main] DEBUG l.i.u.t.SubmittedApplicationsPageTest - Entered Address into the input field.
2025-02-03 14:07:46 [main] DEBUG l.i.u.t.SubmittedApplicationsPageTest - Entered Address into the input field.
2025-02-03 14:07:46 [main] DEBUG l.i.u.t.SubmittedApplicationsPageTest - Entered Address into the input field.
2025-02-03 14:07:47 [main] DEBUG l.i.u.t.SubmittedApplicationsPageTest - Checked 'Legal Entities' checkbox.
2025-02-03 14:07:47 [main] DEBUG l.i.u.t.SubmittedApplicationsPageTest - Checked 'Legal Entities' checkbox.
2025-02-03 14:07:47 [main] DEBUG l.i.u.t.SubmittedApplicationsPageTest - Checked 'Legal Entities' checkbox.
2025-02-03 14:07:58 [main] ERROR l.i.u.t.SubmittedApplicationsPageTest - Test 'testFillNewApplication' failed with error: Expected condition failed: waiting for element to be clickable: [[ChromeDriver: chrome on windows (88ca66615989312dcff66d9ae5139972)] -> xpath: //input[@type='radio' and @value='false']] (tried for 10 second(s) with 500 milliseconds interval)
Build info: version: '4.27.0', revision: 'd6e718d134'
System info: os.name: 'Windows 11', os.arch: 'amd64', os.version: '10.0', java.version: '21.0.3'
Driver info: org.openqa.selenium.chrome.ChromeDriver
Capabilities {acceptInsecureCerts: false, browserName: chrome, browserVersion: 132.0.6834.160, chrome: {chromedriverVersion: 132.0.6834.159 (2d77d3fc445..., userDataDir: C:\Users\INGRID~1.ZAD\AppDa...}, fedcm:accounts: true, goog:chromeOptions: {debuggerAddress: localhost:51811}, networkConnectionEnabled: false, pageLoadStrategy: normal, platformName: windows, proxy: Proxy(), se:cdp: ws://localhost:51811/devtoo..., se:cdpVersion: 132.0.6834.160, setWindowRect: true, strictFileInteractability: false, timeouts: {implicit: 0, pageLoad: 300000, script: 30000}, unhandledPromptBehavior: dismiss and notify, webauthn:extension:credBlob: true, webauthn:extension:largeBlob: true, webauthn:extension:minPinLength: true, webauthn:extension:prf: true, webauthn:virtualAuthenticators: true}
Session ID: 88ca66615989312dcff66d9ae5139972
org.openqa.selenium.TimeoutException: Expected condition failed: waiting for element to be clickable: [[ChromeDriver: chrome on windows (88ca66615989312dcff66d9ae5139972)] -> xpath: //input[@type='radio' and @value='false']] (tried for 10 second(s) with 500 milliseconds interval)
Build info: version: '4.27.0', revision: 'd6e718d134'
System info: os.name: 'Windows 11', os.arch: 'amd64', os.version: '10.0', java.version: '21.0.3'
Driver info: org.openqa.selenium.chrome.ChromeDriver
Capabilities {acceptInsecureCerts: false, browserName: chrome, browserVersion: 132.0.6834.160, chrome: {chromedriverVersion: 132.0.6834.159 (2d77d3fc445..., userDataDir: C:\Users\INGRID~1.ZAD\AppDa...}, fedcm:accounts: true, goog:chromeOptions: {debuggerAddress: localhost:51811}, networkConnectionEnabled: false, pageLoadStrategy: normal, platformName: windows, proxy: Proxy(), se:cdp: ws://localhost:51811/devtoo..., se:cdpVersion: 132.0.6834.160, setWindowRect: true, strictFileInteractability: false, timeouts: {implicit: 0, pageLoad: 300000, script: 30000}, unhandledPromptBehavior: dismiss and notify, webauthn:extension:credBlob: true, webauthn:extension:largeBlob: true, webauthn:extension:minPinLength: true, webauthn:extension:prf: true, webauthn:virtualAuthenticators: true}
Session ID: 88ca66615989312dcff66d9ae5139972
	at org.openqa.selenium.support.ui.WebDriverWait.timeoutException(WebDriverWait.java:84)
	at org.openqa.selenium.support.ui.FluentWait.until(FluentWait.java:228)
	at lt.insoft.uztis.pages.SubmittedApplicationsPage.selectRadioButtonFalse(SubmittedApplicationsPage.java:740)
	at lt.insoft.uztis.tests.SubmittedApplicationsPageTest.testFillNewApplication(SubmittedApplicationsPageTest.java:301)
	at java.base/jdk.internal.reflect.DirectMethodHandleAccessor.invoke(DirectMethodHandleAccessor.java:103)
	at java.base/java.lang.reflect.Method.invoke(Method.java:580)
	at org.junit.platform.commons.util.ReflectionUtils.invokeMethod(ReflectionUtils.java:728)
	at org.junit.jupiter.engine.execution.MethodInvocation.proceed(MethodInvocation.java:60)
	at org.junit.jupiter.engine.execution.InvocationInterceptorChain$ValidatingInvocation.proceed(InvocationInterceptorChain.java:131)
	at org.junit.jupiter.engine.extension.TimeoutExtension.intercept(TimeoutExtension.java:156)
	at org.junit.jupiter.engine.extension.TimeoutExtension.interceptTestableMethod(TimeoutExtension.java:147)
	at org.junit.jupiter.engine.extension.TimeoutExtension.interceptTestMethod(TimeoutExtension.java:86)
	at org.junit.jupiter.engine.execution.InterceptingExecutableInvoker$ReflectiveInterceptorCall.lambda$ofVoidMethod$0(InterceptingExecutableInvoker.java:103)
	at org.junit.jupiter.engine.execution.InterceptingExecutableInvoker.lambda$invoke$0(InterceptingExecutableInvoker.java:93)
	at org.junit.jupiter.engine.execution.InvocationInterceptorChain$InterceptedInvocation.proceed(InvocationInterceptorChain.java:106)
	at org.junit.jupiter.engine.execution.InvocationInterceptorChain.proceed(InvocationInterceptorChain.java:64)
	at org.junit.jupiter.engine.execution.InvocationInterceptorChain.chainAndInvoke(InvocationInterceptorChain.java:45)
	at org.junit.jupiter.engine.execution.InvocationInterceptorChain.invoke(InvocationInterceptorChain.java:37)
	at org.junit.jupiter.engine.execution.InterceptingExecutableInvoker.invoke(InterceptingExecutableInvoker.java:92)
	at org.junit.jupiter.engine.execution.InterceptingExecutableInvoker.invoke(InterceptingExecutableInvoker.java:86)
	at org.junit.jupiter.engine.descriptor.TestMethodTestDescriptor.lambda$invokeTestMethod$7(TestMethodTestDescriptor.java:218)
	at org.junit.platform.engine.support.hierarchical.ThrowableCollector.execute(ThrowableCollector.java:73)
	at org.junit.jupiter.engine.descriptor.TestMethodTestDescriptor.invokeTestMethod(TestMethodTestDescriptor.java:214)
	at org.junit.jupiter.engine.descriptor.TestMethodTestDescriptor.execute(TestMethodTestDescriptor.java:139)
	at org.junit.jupiter.engine.descriptor.TestMethodTestDescriptor.execute(TestMethodTestDescriptor.java:69)
	at org.junit.platform.engine.support.hierarchical.NodeTestTask.lambda$executeRecursively$6(NodeTestTask.java:151)
	at org.junit.platform.engine.support.hierarchical.ThrowableCollector.execute(ThrowableCollector.java:73)
	at org.junit.platform.engine.support.hierarchical.NodeTestTask.lambda$executeRecursively$8(NodeTestTask.java:141)
	at org.junit.platform.engine.support.hierarchical.Node.around(Node.java:137)
	at org.junit.platform.engine.support.hierarchical.NodeTestTask.lambda$executeRecursively$9(NodeTestTask.java:139)
	at org.junit.platform.engine.support.hierarchical.ThrowableCollector.execute(ThrowableCollector.java:73)
	at org.junit.platform.engine.support.hierarchical.NodeTestTask.executeRecursively(NodeTestTask.java:138)
	at org.junit.platform.engine.support.hierarchical.NodeTestTask.execute(NodeTestTask.java:95)
	at java.base/java.util.ArrayList.forEach(ArrayList.java:1596)
	at org.junit.platform.engine.support.hierarchical.SameThreadHierarchicalTestExecutorService.invokeAll(SameThreadHierarchicalTestExecutorService.java:41)
	at org.junit.platform.engine.support.hierarchical.NodeTestTask.lambda$executeRecursively$6(NodeTestTask.java:155)
	at org.junit.platform.engine.support.hierarchical.ThrowableCollector.execute(ThrowableCollector.java:73)
	at org.junit.platform.engine.support.hierarchical.NodeTestTask.lambda$executeRecursively$8(NodeTestTask.java:141)
	at org.junit.platform.engine.support.hierarchical.Node.around(Node.java:137)
	at org.junit.platform.engine.support.hierarchical.NodeTestTask.lambda$executeRecursively$9(NodeTestTask.java:139)
	at org.junit.platform.engine.support.hierarchical.ThrowableCollector.execute(ThrowableCollector.java:73)
	at org.junit.platform.engine.support.hierarchical.NodeTestTask.executeRecursively(NodeTestTask.java:138)
	at org.junit.platform.engine.support.hierarchical.NodeTestTask.execute(NodeTestTask.java:95)
	at java.base/java.util.ArrayList.forEach(ArrayList.java:1596)
	at org.junit.platform.engine.support.hierarchical.SameThreadHierarchicalTestExecutorService.invokeAll(SameThreadHierarchicalTestExecutorService.java:41)
	at org.junit.platform.engine.support.hierarchical.NodeTestTask.lambda$executeRecursively$6(NodeTestTask.java:155)
	at org.junit.platform.engine.support.hierarchical.ThrowableCollector.execute(ThrowableCollector.java:73)
	at org.junit.platform.engine.support.hierarchical.NodeTestTask.lambda$executeRecursively$8(NodeTestTask.java:141)
	at org.junit.platform.engine.support.hierarchical.Node.around(Node.java:137)
	at org.junit.platform.engine.support.hierarchical.NodeTestTask.lambda$executeRecursively$9(NodeTestTask.java:139)
	at org.junit.platform.engine.support.hierarchical.ThrowableCollector.execute(ThrowableCollector.java:73)
	at org.junit.platform.engine.support.hierarchical.NodeTestTask.executeRecursively(NodeTestTask.java:138)
	at org.junit.platform.engine.support.hierarchical.NodeTestTask.execute(NodeTestTask.java:95)
	at org.junit.platform.engine.support.hierarchical.SameThreadHierarchicalTestExecutorService.submit(SameThreadHierarchicalTestExecutorService.java:35)
	at org.junit.platform.engine.support.hierarchical.HierarchicalTestExecutor.execute(HierarchicalTestExecutor.java:57)
	at org.junit.platform.engine.support.hierarchical.HierarchicalTestEngine.execute(HierarchicalTestEngine.java:54)
	at org.junit.platform.launcher.core.EngineExecutionOrchestrator.execute(EngineExecutionOrchestrator.java:198)
	at org.junit.platform.launcher.core.EngineExecutionOrchestrator.execute(EngineExecutionOrchestrator.java:169)
	at org.junit.platform.launcher.core.EngineExecutionOrchestrator.execute(EngineExecutionOrchestrator.java:93)
	at org.junit.platform.launcher.core.EngineExecutionOrchestrator.lambda$execute$0(EngineExecutionOrchestrator.java:58)
	at org.junit.platform.launcher.core.EngineExecutionOrchestrator.withInterceptedStreams(EngineExecutionOrchestrator.java:141)
	at org.junit.platform.launcher.core.EngineExecutionOrchestrator.execute(EngineExecutionOrchestrator.java:57)
	at org.junit.platform.launcher.core.DefaultLauncher.execute(DefaultLauncher.java:103)
	at org.junit.platform.launcher.core.DefaultLauncher.execute(DefaultLauncher.java:85)
	at org.junit.platform.launcher.core.DelegatingLauncher.execute(DelegatingLauncher.java:47)
	at org.junit.platform.launcher.core.SessionPerRequestLauncher.execute(SessionPerRequestLauncher.java:63)
	at com.intellij.junit5.JUnit5IdeaTestRunner.startRunnerWithArgs(JUnit5IdeaTestRunner.java:57)
	at com.intellij.rt.junit.IdeaTestRunner$Repeater$1.execute(IdeaTestRunner.java:38)
	at com.intellij.rt.execution.junit.TestsRepeater.repeat(TestsRepeater.java:11)
	at com.intellij.rt.junit.IdeaTestRunner$Repeater.startRunnerWithArgs(IdeaTestRunner.java:35)
	at com.intellij.rt.junit.JUnitStarter.prepareStreamsAndStart(JUnitStarter.java:232)
	at com.intellij.rt.junit.JUnitStarter.main(JUnitStarter.java:55)
2025-02-03 14:07:58 [main] INFO  l.insoft.uztis.tests.utils.TestUtils - Screenshot moved to C:\Users\ingrida.zadorozniene\Desktop\Asm\UZTIS\UZTIS_tests\test-output\screenshots\20250203\140758593_testFillNewApplication().png
2025-02-03 14:16:52 [main] INFO  lt.insoft.uztis.tests.UztisPageTest - Navigated to https://uztisdev.asseco.lt/home
2025-02-03 14:16:52 [main] INFO  l.i.u.t.SubmittedApplicationsPageTest - Starting test:'testFillNewApplication'
2025-02-03 14:16:52 [main] DEBUG l.i.u.t.SubmittedApplicationsPageTest - User logged in with test credentials.
2025-02-03 14:16:52 [main] DEBUG l.i.u.t.SubmittedApplicationsPageTest - Opened 'Application Processing' menu.
2025-02-03 14:16:52 [main] DEBUG l.i.u.t.SubmittedApplicationsPageTest - Clicked on 'Application Forms' menu.
2025-02-03 14:16:53 [main] DEBUG l.i.u.t.SubmittedApplicationsPageTest - Retrieved last description code text: 'TST-VUI-27'.
2025-02-03 14:16:53 [main] DEBUG l.i.u.t.SubmittedApplicationsPageTest - Clicked on 'Invitation' menu.
2025-02-03 14:16:54 [main] DEBUG l.i.u.t.SubmittedApplicationsPageTest - Selected application section by code: 'TST-VUI-27'.
2025-02-03 14:16:54 [main] DEBUG l.i.u.t.SubmittedApplicationsPageTest - Clicked 'Search' button.
2025-02-03 14:16:54 [main] DEBUG l.i.u.t.SubmittedApplicationsPageTest - Retrieved invitation code: ''.
2025-02-03 14:16:54 [main] DEBUG l.i.u.t.SubmittedApplicationsPageTest - Clicked on 'Submitted Applications' menu.
2025-02-03 14:16:55 [main] DEBUG l.i.u.t.SubmittedApplicationsPageTest - Selected invitation by code: 'TST-VUI-27'.
2025-02-03 14:16:55 [main] DEBUG l.i.u.t.SubmittedApplicationsPageTest - Invitation code inserted.
2025-02-03 14:16:55 [main] DEBUG l.i.u.t.SubmittedApplicationsPageTest - Clicked on 'Action Application' button.
2025-02-03 14:16:56 [main] DEBUG l.i.u.t.SubmittedApplicationsPageTest - Clicked on 'New Application' button.
2025-02-03 14:16:56 [main] DEBUG l.i.u.t.SubmittedApplicationsPageTest - Selected the 'RadioButtonFA' option.
2025-02-03 14:16:57 [main] DEBUG l.i.u.t.SubmittedApplicationsPageTest - Entered phone number: '61298745'.
2025-02-03 14:16:57 [main] DEBUG l.i.u.t.SubmittedApplicationsPageTest - Entered email: 'test@autotest.com'.
2025-02-03 14:16:57 [main] INFO  l.i.u.p.SubmittedApplicationsPage - Located the dropdown button.
2025-02-03 14:17:14 [main] INFO  l.i.u.p.SubmittedApplicationsPage - Found 1741 options in the dropdown.
2025-02-03 14:17:14 [main] INFO  l.i.u.p.SubmittedApplicationsPage - Successfully selected the value: '01.11 - Grūdinių (išskyrus ryžius), ankštinių ir aliejingų sėklų augalų auginimas'
2025-02-03 14:17:25 [main] ERROR l.i.u.p.SubmittedApplicationsPage - Failed to close the dropdown with aria-expanded = 'false'. Attempting manual close.
2025-02-03 14:17:25 [main] INFO  l.i.u.p.SubmittedApplicationsPage - Manual close attempt for the dropdown using body click.
2025-02-03 14:17:25 [main] DEBUG l.i.u.t.SubmittedApplicationsPageTest - Selected EVRK value: '01.11 - Grūdinių (išskyrus ryžius), ankštinių ir aliejingų sėklų augalų auginimas'.
2025-02-03 14:17:25 [main] DEBUG l.i.u.t.SubmittedApplicationsPageTest - Entered address: 'Vilniaus m. sav., Vilnius, Testo g. 10T'.
2025-02-03 14:17:25 [main] DEBUG l.i.u.t.SubmittedApplicationsPageTest - Entered project date.
2025-02-03 14:17:25 [main] DEBUG l.i.u.t.SubmittedApplicationsPageTest - Entered job count: '1'.
2025-02-03 14:17:26 [main] DEBUG l.i.u.t.SubmittedApplicationsPageTest - Clicked 'Next' button.
2025-02-03 14:17:26 [main] INFO  l.i.u.p.SubmittedApplicationsPage - Located the dropdown button.
2025-02-03 14:17:27 [main] INFO  l.i.u.p.SubmittedApplicationsPage - Successfully selected the value: 'Administratoriai'
2025-02-03 14:17:47 [main] ERROR l.i.u.p.SubmittedApplicationsPage - Timeout while waiting for dropdown to close with aria-expanded = 'false'.
2025-02-03 14:17:47 [main] DEBUG l.i.u.t.SubmittedApplicationsPageTest - Selected job name: 'Administratoriai'.
2025-02-03 14:17:47 [main] DEBUG l.i.u.t.SubmittedApplicationsPageTest - Entered job function: 'Funkcija 1'.
2025-02-03 14:17:48 [main] DEBUG l.i.u.t.SubmittedApplicationsPageTest - Selected 'RadioButtonWithDisabilities' option.
2025-02-03 14:17:48 [main] INFO  l.i.u.p.SubmittedApplicationsPage - Clicking on the dropdown button.
2025-02-03 14:17:48 [main] INFO  l.i.u.p.SubmittedApplicationsPage - Found 34 options in the dropdown.
2025-02-03 14:17:48 [main] DEBUG l.i.u.p.SubmittedApplicationsPage - Checking option: 'Asmenys, kuriems suteiktas pabėgėlio statusas ar perkeliamojo asmens statusas, arba asmenys, kuriems suteikta papildoma ar laikinoji apsauga, ir asmenys, turintys teisę gauti laikinąją apsaugą, iki sprendimo dėl laikinosios apsaugos suteikimo (nesuteikimo) priėmimo, tačiau ne ilgiau kaip laikinosios apsaugos laikotarpiu'
2025-02-03 14:17:48 [main] DEBUG l.i.u.p.SubmittedApplicationsPage - Checking option: 'Asmenys, kuriems suteiktas pabėgėlio statusas ar perkeliamojo asmens statusas, arba asmenys, kuriems suteikta papildoma ar laikinoji apsauga, ir asmenys, turintys teisę gauti laikinąją apsaugą, iki sprendimo dėl laikinosios apsaugos suteikimo (nesuteikimo) priėmimo, tačiau ne ilgiau kaip laikinosios apsaugos laikotarpiu'
2025-02-03 14:17:48 [main] DEBUG l.i.u.p.SubmittedApplicationsPage - Checking option: 'Asmenys, turintys teisę į papildomas užimtumo garantijas pagal Lietuvos Respublikos valstybės įmonės Ignalinos atominės elektrinės darbuotojų papildomų užimtumo ir socialinių garantijų įstatymą'
2025-02-03 14:17:48 [main] DEBUG l.i.u.p.SubmittedApplicationsPage - Checking option: 'Asmenys, turintys teisę į papildomas užimtumo garantijas pagal Lietuvos Respublikos valstybės įmonės Ignalinos atominės elektrinės darbuotojų papildomų užimtumo ir socialinių garantijų įstatymą'
2025-02-03 14:17:48 [main] DEBUG l.i.u.p.SubmittedApplicationsPage - Checking option: 'Bedarbiai iki 29 metų'
2025-02-03 14:17:48 [main] DEBUG l.i.u.p.SubmittedApplicationsPage - Checking option: 'Bedarbiai iki 29 metų'
2025-02-03 14:17:48 [main] DEBUG l.i.u.p.SubmittedApplicationsPage - Checking option: 'Bedarbiai, kurie yra darbingo amžiaus neįgalieji, kuriems nustatytas 30–40 procentų darbingumo lygis arba vidutinis neįgalumo lygis'
2025-02-03 14:17:48 [main] DEBUG l.i.u.p.SubmittedApplicationsPage - Checking option: 'Bedarbiai, kurie yra darbingo amžiaus neįgalieji, kuriems nustatytas 30–40 procentų darbingumo lygis arba vidutinis neįgalumo lygis'
2025-02-03 14:17:48 [main] DEBUG l.i.u.p.SubmittedApplicationsPage - Checking option: 'Bedarbiai, kurie yra darbingo amžiaus neįgalieji, kuriems nustatytas 45–55 procentų darbingumo lygis arba lengvas neįgalumo lygis'
2025-02-03 14:17:48 [main] DEBUG l.i.u.p.SubmittedApplicationsPage - Checking option: 'Bedarbiai, kurie yra darbingo amžiaus neįgalieji, kuriems nustatytas 45–55 procentų darbingumo lygis arba lengvas neįgalumo lygis'
2025-02-03 14:17:48 [main] DEBUG l.i.u.p.SubmittedApplicationsPage - Checking option: 'Bedarbiai, kurie yra darbingo amžiaus neįgalieji, kuriems nustatytas iki 25 procentų darbingumo lygis arba sunkus neįgalumo lygis'
2025-02-03 14:17:48 [main] INFO  l.i.u.p.SubmittedApplicationsPage - Successfully selected the value: 'Bedarbiai, kurie yra darbingo amžiaus neįgalieji, kuriems nustatytas iki 25 procentų darbingumo lygis arba sunkus neįgalumo lygis'
2025-02-03 14:17:48 [main] INFO  l.i.u.p.SubmittedApplicationsPage - Attempting to close the dropdown.
2025-02-03 14:17:59 [main] INFO  l.i.u.p.SubmittedApplicationsPage - Dropdown should be closed now.
2025-02-03 14:17:59 [main] DEBUG l.i.u.t.SubmittedApplicationsPageTest - Selected disabilities type: 'Bedarbiai, kurie yra darbingo amžiaus neįgalieji, kuriems nustatytas iki 25 procentų darbingumo lygis arba sunkus neįgalumo lygis'.
2025-02-03 14:17:59 [main] DEBUG l.i.u.t.SubmittedApplicationsPageTest - Entered disability information: 'Negalia 1'.
2025-02-03 14:17:59 [main] INFO  l.i.u.p.SubmittedApplicationsPage - Located the dropdown button.
2025-02-03 14:17:59 [main] INFO  l.i.u.p.SubmittedApplicationsPage - Successfully selected the value: 'Kita'
2025-02-03 14:18:10 [main] ERROR l.i.u.p.SubmittedApplicationsPage - Timeout while waiting for dropdown to close with aria-expanded = 'false'.
2025-02-03 14:18:10 [main] DEBUG l.i.u.t.SubmittedApplicationsPageTest - Selected time mode: 'Kita'.
2025-02-03 14:18:10 [main] DEBUG l.i.u.t.SubmittedApplicationsPageTest - Selected time mode other: '6 val. per dieną ir 4 d. per savaitę'.
2025-02-03 14:18:10 [main] DEBUG l.i.u.t.SubmittedApplicationsPageTest - Entered qualification: 'Kvalifikacija 1'.
2025-02-03 14:18:10 [main] DEBUG l.i.u.t.SubmittedApplicationsPageTest - Entered job date.
2025-02-03 14:18:10 [main] DEBUG l.i.u.t.SubmittedApplicationsPageTest - Entered salary amount: '1200'.
2025-02-03 14:18:11 [main] DEBUG l.i.u.t.SubmittedApplicationsPageTest - Selected 'Temporary Job' radio button.
2025-02-03 14:18:11 [main] DEBUG l.i.u.t.SubmittedApplicationsPageTest - Selected 'Season Job' radio button.
2025-02-03 14:18:11 [main] DEBUG l.i.u.t.SubmittedApplicationsPageTest - Selected 'Energy' radio button.
2025-02-03 14:18:11 [main] DEBUG l.i.u.t.SubmittedApplicationsPageTest - Selected 'Repair' radio button.
2025-02-03 14:18:11 [main] DEBUG l.i.u.t.SubmittedApplicationsPageTest - Entered job description: 'Veikla 1'.
2025-02-03 14:18:11 [main] DEBUG l.i.u.t.SubmittedApplicationsPageTest - Entered process description: 'Procesas 1'.
2025-02-03 14:18:12 [main] DEBUG l.i.u.t.SubmittedApplicationsPageTest - Entered energy information: 'Energija 1'.
2025-02-03 14:18:12 [main] DEBUG l.i.u.t.SubmittedApplicationsPageTest - Entered repair information: 'Remontas 1'.
2025-02-03 14:18:12 [main] DEBUG l.i.u.t.SubmittedApplicationsPageTest - Selected 'PVM' radio button.
2025-02-03 14:18:12 [main] INFO  l.i.u.p.SubmittedApplicationsPage - Located the dropdown button.
2025-02-03 14:18:13 [main] INFO  l.i.u.p.SubmittedApplicationsPage - Successfully selected the value: 'Įsigyti'
2025-02-03 14:18:33 [main] ERROR l.i.u.p.SubmittedApplicationsPage - Timeout while waiting for dropdown to close with aria-expanded = 'false'.
2025-02-03 14:18:33 [main] DEBUG l.i.u.t.SubmittedApplicationsPageTest - Selected necessary for job: 'Įsigyti'.
2025-02-03 14:18:33 [main] DEBUG l.i.u.t.SubmittedApplicationsPageTest - Selected tool: 'Darbo priemonė 1'.
2025-02-03 14:18:33 [main] DEBUG l.i.u.t.SubmittedApplicationsPageTest - Selected tool parameter one: 'Darbo priemonės 1 parametras 1'.
2025-02-03 14:18:33 [main] DEBUG l.i.u.t.SubmittedApplicationsPageTest - Selected tool parameter two: 'Darbo priemonės 1 parametras 2'.
2025-02-03 14:18:34 [main] DEBUG l.i.u.t.SubmittedApplicationsPageTest - Selected tool parameter three: 'Darbo priemonės 1 parametras 3'.
2025-02-03 14:18:34 [main] DEBUG l.i.u.t.SubmittedApplicationsPageTest - Entered tool count: '1'.
2025-02-03 14:18:34 [main] DEBUG l.i.u.t.SubmittedApplicationsPageTest - Entered price amount: '1000'.
2025-02-03 14:18:34 [main] DEBUG l.i.u.t.SubmittedApplicationsPageTest - Entered own funds amount: '800'.
2025-02-03 14:18:34 [main] DEBUG l.i.u.t.SubmittedApplicationsPageTest - Entered country percentage: '50'.
2025-02-03 14:18:34 [main] DEBUG l.i.u.t.SubmittedApplicationsPageTest - Entered institution percentage: '50'.
2025-02-03 14:18:35 [main] DEBUG l.i.u.t.SubmittedApplicationsPageTest - Entered municipality percentage: '50'.
2025-02-03 14:18:35 [main] DEBUG l.i.u.t.SubmittedApplicationsPageTest - Selected 'De Minimis' radio button.
2025-02-03 14:18:35 [main] DEBUG l.i.u.t.SubmittedApplicationsPageTest - Entered program name: 'Programa 1'.
2025-02-03 14:18:35 [main] DEBUG l.i.u.t.SubmittedApplicationsPageTest - Entered project date from.
2025-02-03 14:18:35 [main] DEBUG l.i.u.t.SubmittedApplicationsPageTest - Entered project date until.
2025-02-03 14:18:35 [main] DEBUG l.i.u.t.SubmittedApplicationsPageTest - Entered support amount: '2000'.
2025-02-03 14:18:36 [main] DEBUG l.i.u.t.SubmittedApplicationsPageTest - Clicked 'Next' button.
2025-02-03 14:18:37 [main] ERROR l.i.u.t.SubmittedApplicationsPageTest - Test 'testFillNewApplication' failed with error: element click intercepted: Element <input type="checkbox" class="mdc-checkbox__native-control" id="mat-mdc-checkbox-1-input" tabindex="0"> is not clickable at point (732, 354). Other element would receive the click: <strong>...</strong>
  (Session info: chrome=132.0.6834.160)
Build info: version: '4.27.0', revision: 'd6e718d134'
System info: os.name: 'Windows 11', os.arch: 'amd64', os.version: '10.0', java.version: '21.0.3'
Driver info: org.openqa.selenium.chrome.ChromeDriver
Command: [510bd65fed1aacbae9a39e9a31fd8819, clickElement {id=f.116FE8376D50368404A7D74A55A2A341.d.88A3799AD2B773B294149780C3891BC1.e.2293}]
Capabilities {acceptInsecureCerts: false, browserName: chrome, browserVersion: 132.0.6834.160, chrome: {chromedriverVersion: 132.0.6834.159 (2d77d3fc445..., userDataDir: C:\Users\INGRID~1.ZAD\AppDa...}, fedcm:accounts: true, goog:chromeOptions: {debuggerAddress: localhost:52188}, networkConnectionEnabled: false, pageLoadStrategy: normal, platformName: windows, proxy: Proxy(), se:cdp: ws://localhost:52188/devtoo..., se:cdpVersion: 132.0.6834.160, setWindowRect: true, strictFileInteractability: false, timeouts: {implicit: 0, pageLoad: 300000, script: 30000}, unhandledPromptBehavior: dismiss and notify, webauthn:extension:credBlob: true, webauthn:extension:largeBlob: true, webauthn:extension:minPinLength: true, webauthn:extension:prf: true, webauthn:virtualAuthenticators: true}
Element: [[ChromeDriver: chrome on windows (510bd65fed1aacbae9a39e9a31fd8819)] -> xpath: (//div[contains(@class, 'mdc-checkbox')]//input[@type='checkbox'])[1]]
Session ID: 510bd65fed1aacbae9a39e9a31fd8819
org.openqa.selenium.ElementClickInterceptedException: element click intercepted: Element <input type="checkbox" class="mdc-checkbox__native-control" id="mat-mdc-checkbox-1-input" tabindex="0"> is not clickable at point (732, 354). Other element would receive the click: <strong>...</strong>
  (Session info: chrome=132.0.6834.160)
Build info: version: '4.27.0', revision: 'd6e718d134'
System info: os.name: 'Windows 11', os.arch: 'amd64', os.version: '10.0', java.version: '21.0.3'
Driver info: org.openqa.selenium.chrome.ChromeDriver
Command: [510bd65fed1aacbae9a39e9a31fd8819, clickElement {id=f.116FE8376D50368404A7D74A55A2A341.d.88A3799AD2B773B294149780C3891BC1.e.2293}]
Capabilities {acceptInsecureCerts: false, browserName: chrome, browserVersion: 132.0.6834.160, chrome: {chromedriverVersion: 132.0.6834.159 (2d77d3fc445..., userDataDir: C:\Users\INGRID~1.ZAD\AppDa...}, fedcm:accounts: true, goog:chromeOptions: {debuggerAddress: localhost:52188}, networkConnectionEnabled: false, pageLoadStrategy: normal, platformName: windows, proxy: Proxy(), se:cdp: ws://localhost:52188/devtoo..., se:cdpVersion: 132.0.6834.160, setWindowRect: true, strictFileInteractability: false, timeouts: {implicit: 0, pageLoad: 300000, script: 30000}, unhandledPromptBehavior: dismiss and notify, webauthn:extension:credBlob: true, webauthn:extension:largeBlob: true, webauthn:extension:minPinLength: true, webauthn:extension:prf: true, webauthn:virtualAuthenticators: true}
Element: [[ChromeDriver: chrome on windows (510bd65fed1aacbae9a39e9a31fd8819)] -> xpath: (//div[contains(@class, 'mdc-checkbox')]//input[@type='checkbox'])[1]]
Session ID: 510bd65fed1aacbae9a39e9a31fd8819
	at java.base/jdk.internal.reflect.DirectConstructorHandleAccessor.newInstance(DirectConstructorHandleAccessor.java:62)
	at java.base/java.lang.reflect.Constructor.newInstanceWithCaller(Constructor.java:502)
	at java.base/java.lang.reflect.Constructor.newInstance(Constructor.java:486)
	at org.openqa.selenium.remote.ErrorCodec.decode(ErrorCodec.java:167)
	at org.openqa.selenium.remote.codec.w3c.W3CHttpResponseCodec.decode(W3CHttpResponseCodec.java:138)
	at org.openqa.selenium.remote.codec.w3c.W3CHttpResponseCodec.decode(W3CHttpResponseCodec.java:50)
	at org.openqa.selenium.remote.HttpCommandExecutor.execute(HttpCommandExecutor.java:190)
	at org.openqa.selenium.remote.service.DriverCommandExecutor.invokeExecute(DriverCommandExecutor.java:216)
	at org.openqa.selenium.remote.service.DriverCommandExecutor.execute(DriverCommandExecutor.java:174)
	at org.openqa.selenium.remote.RemoteWebDriver.execute(RemoteWebDriver.java:545)
	at org.openqa.selenium.remote.RemoteWebElement.execute(RemoteWebElement.java:223)
	at org.openqa.selenium.remote.RemoteWebElement.click(RemoteWebElement.java:76)
	at java.base/jdk.internal.reflect.DirectMethodHandleAccessor.invoke(DirectMethodHandleAccessor.java:103)
	at java.base/java.lang.reflect.Method.invoke(Method.java:580)
	at org.openqa.selenium.support.pagefactory.internal.LocatingElementHandler.invoke(LocatingElementHandler.java:51)
	at jdk.proxy2/jdk.proxy2.$Proxy14.click(Unknown Source)
	at lt.insoft.uztis.pages.InvitationsPage.setCheckbox(InvitationsPage.java:474)
	at lt.insoft.uztis.tests.SubmittedApplicationsPageTest.testFillNewApplication(SubmittedApplicationsPageTest.java:312)
	at java.base/jdk.internal.reflect.DirectMethodHandleAccessor.invoke(DirectMethodHandleAccessor.java:103)
	at java.base/java.lang.reflect.Method.invoke(Method.java:580)
	at org.junit.platform.commons.util.ReflectionUtils.invokeMethod(ReflectionUtils.java:728)
	at org.junit.jupiter.engine.execution.MethodInvocation.proceed(MethodInvocation.java:60)
	at org.junit.jupiter.engine.execution.InvocationInterceptorChain$ValidatingInvocation.proceed(InvocationInterceptorChain.java:131)
	at org.junit.jupiter.engine.extension.TimeoutExtension.intercept(TimeoutExtension.java:156)
	at org.junit.jupiter.engine.extension.TimeoutExtension.interceptTestableMethod(TimeoutExtension.java:147)
	at org.junit.jupiter.engine.extension.TimeoutExtension.interceptTestMethod(TimeoutExtension.java:86)
	at org.junit.jupiter.engine.execution.InterceptingExecutableInvoker$ReflectiveInterceptorCall.lambda$ofVoidMethod$0(InterceptingExecutableInvoker.java:103)
	at org.junit.jupiter.engine.execution.InterceptingExecutableInvoker.lambda$invoke$0(InterceptingExecutableInvoker.java:93)
	at org.junit.jupiter.engine.execution.InvocationInterceptorChain$InterceptedInvocation.proceed(InvocationInterceptorChain.java:106)
	at org.junit.jupiter.engine.execution.InvocationInterceptorChain.proceed(InvocationInterceptorChain.java:64)
	at org.junit.jupiter.engine.execution.InvocationInterceptorChain.chainAndInvoke(InvocationInterceptorChain.java:45)
	at org.junit.jupiter.engine.execution.InvocationInterceptorChain.invoke(InvocationInterceptorChain.java:37)
	at org.junit.jupiter.engine.execution.InterceptingExecutableInvoker.invoke(InterceptingExecutableInvoker.java:92)
	at org.junit.jupiter.engine.execution.InterceptingExecutableInvoker.invoke(InterceptingExecutableInvoker.java:86)
	at org.junit.jupiter.engine.descriptor.TestMethodTestDescriptor.lambda$invokeTestMethod$7(TestMethodTestDescriptor.java:218)
	at org.junit.platform.engine.support.hierarchical.ThrowableCollector.execute(ThrowableCollector.java:73)
	at org.junit.jupiter.engine.descriptor.TestMethodTestDescriptor.invokeTestMethod(TestMethodTestDescriptor.java:214)
	at org.junit.jupiter.engine.descriptor.TestMethodTestDescriptor.execute(TestMethodTestDescriptor.java:139)
	at org.junit.jupiter.engine.descriptor.TestMethodTestDescriptor.execute(TestMethodTestDescriptor.java:69)
	at org.junit.platform.engine.support.hierarchical.NodeTestTask.lambda$executeRecursively$6(NodeTestTask.java:151)
	at org.junit.platform.engine.support.hierarchical.ThrowableCollector.execute(ThrowableCollector.java:73)
	at org.junit.platform.engine.support.hierarchical.NodeTestTask.lambda$executeRecursively$8(NodeTestTask.java:141)
	at org.junit.platform.engine.support.hierarchical.Node.around(Node.java:137)
	at org.junit.platform.engine.support.hierarchical.NodeTestTask.lambda$executeRecursively$9(NodeTestTask.java:139)
	at org.junit.platform.engine.support.hierarchical.ThrowableCollector.execute(ThrowableCollector.java:73)
	at org.junit.platform.engine.support.hierarchical.NodeTestTask.executeRecursively(NodeTestTask.java:138)
	at org.junit.platform.engine.support.hierarchical.NodeTestTask.execute(NodeTestTask.java:95)
	at java.base/java.util.ArrayList.forEach(ArrayList.java:1596)
	at org.junit.platform.engine.support.hierarchical.SameThreadHierarchicalTestExecutorService.invokeAll(SameThreadHierarchicalTestExecutorService.java:41)
	at org.junit.platform.engine.support.hierarchical.NodeTestTask.lambda$executeRecursively$6(NodeTestTask.java:155)
	at org.junit.platform.engine.support.hierarchical.ThrowableCollector.execute(ThrowableCollector.java:73)
	at org.junit.platform.engine.support.hierarchical.NodeTestTask.lambda$executeRecursively$8(NodeTestTask.java:141)
	at org.junit.platform.engine.support.hierarchical.Node.around(Node.java:137)
	at org.junit.platform.engine.support.hierarchical.NodeTestTask.lambda$executeRecursively$9(NodeTestTask.java:139)
	at org.junit.platform.engine.support.hierarchical.ThrowableCollector.execute(ThrowableCollector.java:73)
	at org.junit.platform.engine.support.hierarchical.NodeTestTask.executeRecursively(NodeTestTask.java:138)
	at org.junit.platform.engine.support.hierarchical.NodeTestTask.execute(NodeTestTask.java:95)
	at java.base/java.util.ArrayList.forEach(ArrayList.java:1596)
	at org.junit.platform.engine.support.hierarchical.SameThreadHierarchicalTestExecutorService.invokeAll(SameThreadHierarchicalTestExecutorService.java:41)
	at org.junit.platform.engine.support.hierarchical.NodeTestTask.lambda$executeRecursively$6(NodeTestTask.java:155)
	at org.junit.platform.engine.support.hierarchical.ThrowableCollector.execute(ThrowableCollector.java:73)
	at org.junit.platform.engine.support.hierarchical.NodeTestTask.lambda$executeRecursively$8(NodeTestTask.java:141)
	at org.junit.platform.engine.support.hierarchical.Node.around(Node.java:137)
	at org.junit.platform.engine.support.hierarchical.NodeTestTask.lambda$executeRecursively$9(NodeTestTask.java:139)
	at org.junit.platform.engine.support.hierarchical.ThrowableCollector.execute(ThrowableCollector.java:73)
	at org.junit.platform.engine.support.hierarchical.NodeTestTask.executeRecursively(NodeTestTask.java:138)
	at org.junit.platform.engine.support.hierarchical.NodeTestTask.execute(NodeTestTask.java:95)
	at org.junit.platform.engine.support.hierarchical.SameThreadHierarchicalTestExecutorService.submit(SameThreadHierarchicalTestExecutorService.java:35)
	at org.junit.platform.engine.support.hierarchical.HierarchicalTestExecutor.execute(HierarchicalTestExecutor.java:57)
	at org.junit.platform.engine.support.hierarchical.HierarchicalTestEngine.execute(HierarchicalTestEngine.java:54)
	at org.junit.platform.launcher.core.EngineExecutionOrchestrator.execute(EngineExecutionOrchestrator.java:198)
	at org.junit.platform.launcher.core.EngineExecutionOrchestrator.execute(EngineExecutionOrchestrator.java:169)
	at org.junit.platform.launcher.core.EngineExecutionOrchestrator.execute(EngineExecutionOrchestrator.java:93)
	at org.junit.platform.launcher.core.EngineExecutionOrchestrator.lambda$execute$0(EngineExecutionOrchestrator.java:58)
	at org.junit.platform.launcher.core.EngineExecutionOrchestrator.withInterceptedStreams(EngineExecutionOrchestrator.java:141)
	at org.junit.platform.launcher.core.EngineExecutionOrchestrator.execute(EngineExecutionOrchestrator.java:57)
	at org.junit.platform.launcher.core.DefaultLauncher.execute(DefaultLauncher.java:103)
	at org.junit.platform.launcher.core.DefaultLauncher.execute(DefaultLauncher.java:85)
	at org.junit.platform.launcher.core.DelegatingLauncher.execute(DelegatingLauncher.java:47)
	at org.junit.platform.launcher.core.SessionPerRequestLauncher.execute(SessionPerRequestLauncher.java:63)
	at com.intellij.junit5.JUnit5IdeaTestRunner.startRunnerWithArgs(JUnit5IdeaTestRunner.java:57)
	at com.intellij.rt.junit.IdeaTestRunner$Repeater$1.execute(IdeaTestRunner.java:38)
	at com.intellij.rt.execution.junit.TestsRepeater.repeat(TestsRepeater.java:11)
	at com.intellij.rt.junit.IdeaTestRunner$Repeater.startRunnerWithArgs(IdeaTestRunner.java:35)
	at com.intellij.rt.junit.JUnitStarter.prepareStreamsAndStart(JUnitStarter.java:232)
	at com.intellij.rt.junit.JUnitStarter.main(JUnitStarter.java:55)
2025-02-03 14:18:37 [main] INFO  l.insoft.uztis.tests.utils.TestUtils - Screenshot moved to C:\Users\ingrida.zadorozniene\Desktop\Asm\UZTIS\UZTIS_tests\test-output\screenshots\20250203\141837616_testFillNewApplication().png
2025-02-03 14:18:54 [main] INFO  lt.insoft.uztis.tests.UztisPageTest - Navigated to https://uztisdev.asseco.lt/home
2025-02-03 14:18:54 [main] INFO  l.i.u.t.SubmittedApplicationsPageTest - Starting test:'testFillNewApplication'
2025-02-03 14:18:54 [main] DEBUG l.i.u.t.SubmittedApplicationsPageTest - User logged in with test credentials.
2025-02-03 14:18:54 [main] DEBUG l.i.u.t.SubmittedApplicationsPageTest - Opened 'Application Processing' menu.
2025-02-03 14:18:54 [main] DEBUG l.i.u.t.SubmittedApplicationsPageTest - Clicked on 'Application Forms' menu.
2025-02-03 14:18:55 [main] DEBUG l.i.u.t.SubmittedApplicationsPageTest - Retrieved last description code text: 'TST-VUI-27'.
2025-02-03 14:18:55 [main] DEBUG l.i.u.t.SubmittedApplicationsPageTest - Clicked on 'Invitation' menu.
2025-02-03 14:18:56 [main] DEBUG l.i.u.t.SubmittedApplicationsPageTest - Selected application section by code: 'TST-VUI-27'.
2025-02-03 14:18:56 [main] DEBUG l.i.u.t.SubmittedApplicationsPageTest - Clicked 'Search' button.
2025-02-03 14:18:56 [main] DEBUG l.i.u.t.SubmittedApplicationsPageTest - Retrieved invitation code: ''.
2025-02-03 14:18:56 [main] DEBUG l.i.u.t.SubmittedApplicationsPageTest - Clicked on 'Submitted Applications' menu.
2025-02-03 14:18:57 [main] DEBUG l.i.u.t.SubmittedApplicationsPageTest - Selected invitation by code: 'TST-VUI-27'.
2025-02-03 14:18:57 [main] DEBUG l.i.u.t.SubmittedApplicationsPageTest - Invitation code inserted.
2025-02-03 14:18:57 [main] DEBUG l.i.u.t.SubmittedApplicationsPageTest - Clicked on 'Action Application' button.
2025-02-03 14:18:57 [main] DEBUG l.i.u.t.SubmittedApplicationsPageTest - Clicked on 'New Application' button.
2025-02-03 14:18:58 [main] DEBUG l.i.u.t.SubmittedApplicationsPageTest - Selected the 'RadioButtonFA' option.
2025-02-03 14:18:58 [main] DEBUG l.i.u.t.SubmittedApplicationsPageTest - Entered phone number: '61298745'.
2025-02-03 14:18:58 [main] DEBUG l.i.u.t.SubmittedApplicationsPageTest - Entered email: 'test@autotest.com'.
2025-02-03 14:18:58 [main] INFO  l.i.u.p.SubmittedApplicationsPage - Located the dropdown button.
2025-02-03 14:19:16 [main] INFO  l.i.u.p.SubmittedApplicationsPage - Found 1741 options in the dropdown.
2025-02-03 14:19:17 [main] INFO  l.i.u.p.SubmittedApplicationsPage - Successfully selected the value: '01.11 - Grūdinių (išskyrus ryžius), ankštinių ir aliejingų sėklų augalų auginimas'
2025-02-03 14:19:27 [main] ERROR l.i.u.p.SubmittedApplicationsPage - Failed to close the dropdown with aria-expanded = 'false'. Attempting manual close.
2025-02-03 14:19:27 [main] INFO  l.i.u.p.SubmittedApplicationsPage - Manual close attempt for the dropdown using body click.
2025-02-03 14:19:27 [main] DEBUG l.i.u.t.SubmittedApplicationsPageTest - Selected EVRK value: '01.11 - Grūdinių (išskyrus ryžius), ankštinių ir aliejingų sėklų augalų auginimas'.
2025-02-03 14:19:27 [main] DEBUG l.i.u.t.SubmittedApplicationsPageTest - Entered address: 'Vilniaus m. sav., Vilnius, Testo g. 10T'.
2025-02-03 14:19:27 [main] DEBUG l.i.u.t.SubmittedApplicationsPageTest - Entered project date.
2025-02-03 14:19:28 [main] DEBUG l.i.u.t.SubmittedApplicationsPageTest - Entered job count: '1'.
2025-02-03 14:19:28 [main] DEBUG l.i.u.t.SubmittedApplicationsPageTest - Clicked 'Next' button.
2025-02-03 14:19:28 [main] INFO  l.i.u.p.SubmittedApplicationsPage - Located the dropdown button.
2025-02-03 14:19:29 [main] INFO  l.i.u.p.SubmittedApplicationsPage - Successfully selected the value: 'Administratoriai'
2025-02-03 14:19:49 [main] ERROR l.i.u.p.SubmittedApplicationsPage - Timeout while waiting for dropdown to close with aria-expanded = 'false'.
2025-02-03 14:19:49 [main] DEBUG l.i.u.t.SubmittedApplicationsPageTest - Selected job name: 'Administratoriai'.
2025-02-03 14:19:49 [main] DEBUG l.i.u.t.SubmittedApplicationsPageTest - Entered job function: 'Funkcija 1'.
2025-02-03 14:19:49 [main] DEBUG l.i.u.t.SubmittedApplicationsPageTest - Selected 'RadioButtonWithDisabilities' option.
2025-02-03 14:19:49 [main] INFO  l.i.u.p.SubmittedApplicationsPage - Clicking on the dropdown button.
2025-02-03 14:19:50 [main] INFO  l.i.u.p.SubmittedApplicationsPage - Found 34 options in the dropdown.
2025-02-03 14:19:50 [main] DEBUG l.i.u.p.SubmittedApplicationsPage - Checking option: 'Asmenys, kuriems suteiktas pabėgėlio statusas ar perkeliamojo asmens statusas, arba asmenys, kuriems suteikta papildoma ar laikinoji apsauga, ir asmenys, turintys teisę gauti laikinąją apsaugą, iki sprendimo dėl laikinosios apsaugos suteikimo (nesuteikimo) priėmimo, tačiau ne ilgiau kaip laikinosios apsaugos laikotarpiu'
2025-02-03 14:19:50 [main] DEBUG l.i.u.p.SubmittedApplicationsPage - Checking option: 'Asmenys, kuriems suteiktas pabėgėlio statusas ar perkeliamojo asmens statusas, arba asmenys, kuriems suteikta papildoma ar laikinoji apsauga, ir asmenys, turintys teisę gauti laikinąją apsaugą, iki sprendimo dėl laikinosios apsaugos suteikimo (nesuteikimo) priėmimo, tačiau ne ilgiau kaip laikinosios apsaugos laikotarpiu'
2025-02-03 14:19:50 [main] DEBUG l.i.u.p.SubmittedApplicationsPage - Checking option: 'Asmenys, turintys teisę į papildomas užimtumo garantijas pagal Lietuvos Respublikos valstybės įmonės Ignalinos atominės elektrinės darbuotojų papildomų užimtumo ir socialinių garantijų įstatymą'
2025-02-03 14:19:50 [main] DEBUG l.i.u.p.SubmittedApplicationsPage - Checking option: 'Asmenys, turintys teisę į papildomas užimtumo garantijas pagal Lietuvos Respublikos valstybės įmonės Ignalinos atominės elektrinės darbuotojų papildomų užimtumo ir socialinių garantijų įstatymą'
2025-02-03 14:19:50 [main] DEBUG l.i.u.p.SubmittedApplicationsPage - Checking option: 'Bedarbiai iki 29 metų'
2025-02-03 14:19:50 [main] DEBUG l.i.u.p.SubmittedApplicationsPage - Checking option: 'Bedarbiai iki 29 metų'
2025-02-03 14:19:50 [main] DEBUG l.i.u.p.SubmittedApplicationsPage - Checking option: 'Bedarbiai, kurie yra darbingo amžiaus neįgalieji, kuriems nustatytas 30–40 procentų darbingumo lygis arba vidutinis neįgalumo lygis'
2025-02-03 14:19:50 [main] DEBUG l.i.u.p.SubmittedApplicationsPage - Checking option: 'Bedarbiai, kurie yra darbingo amžiaus neįgalieji, kuriems nustatytas 30–40 procentų darbingumo lygis arba vidutinis neįgalumo lygis'
2025-02-03 14:19:50 [main] DEBUG l.i.u.p.SubmittedApplicationsPage - Checking option: 'Bedarbiai, kurie yra darbingo amžiaus neįgalieji, kuriems nustatytas 45–55 procentų darbingumo lygis arba lengvas neįgalumo lygis'
2025-02-03 14:19:50 [main] DEBUG l.i.u.p.SubmittedApplicationsPage - Checking option: 'Bedarbiai, kurie yra darbingo amžiaus neįgalieji, kuriems nustatytas 45–55 procentų darbingumo lygis arba lengvas neįgalumo lygis'
2025-02-03 14:19:50 [main] DEBUG l.i.u.p.SubmittedApplicationsPage - Checking option: 'Bedarbiai, kurie yra darbingo amžiaus neįgalieji, kuriems nustatytas iki 25 procentų darbingumo lygis arba sunkus neįgalumo lygis'
2025-02-03 14:19:50 [main] INFO  l.i.u.p.SubmittedApplicationsPage - Successfully selected the value: 'Bedarbiai, kurie yra darbingo amžiaus neįgalieji, kuriems nustatytas iki 25 procentų darbingumo lygis arba sunkus neįgalumo lygis'
2025-02-03 14:19:50 [main] INFO  l.i.u.p.SubmittedApplicationsPage - Attempting to close the dropdown.
2025-02-03 14:20:00 [main] INFO  l.i.u.p.SubmittedApplicationsPage - Dropdown should be closed now.
2025-02-03 14:20:00 [main] DEBUG l.i.u.t.SubmittedApplicationsPageTest - Selected disabilities type: 'Bedarbiai, kurie yra darbingo amžiaus neįgalieji, kuriems nustatytas iki 25 procentų darbingumo lygis arba sunkus neįgalumo lygis'.
2025-02-03 14:20:01 [main] DEBUG l.i.u.t.SubmittedApplicationsPageTest - Entered disability information: 'Negalia 1'.
2025-02-03 14:20:01 [main] INFO  l.i.u.p.SubmittedApplicationsPage - Located the dropdown button.
2025-02-03 14:20:01 [main] INFO  l.i.u.p.SubmittedApplicationsPage - Successfully selected the value: 'Kita'
2025-02-03 14:20:12 [main] ERROR l.i.u.p.SubmittedApplicationsPage - Timeout while waiting for dropdown to close with aria-expanded = 'false'.
2025-02-03 14:20:12 [main] DEBUG l.i.u.t.SubmittedApplicationsPageTest - Selected time mode: 'Kita'.
2025-02-03 14:20:12 [main] DEBUG l.i.u.t.SubmittedApplicationsPageTest - Selected time mode other: '6 val. per dieną ir 4 d. per savaitę'.
2025-02-03 14:20:12 [main] DEBUG l.i.u.t.SubmittedApplicationsPageTest - Entered qualification: 'Kvalifikacija 1'.
2025-02-03 14:20:12 [main] DEBUG l.i.u.t.SubmittedApplicationsPageTest - Entered job date.
2025-02-03 14:20:12 [main] DEBUG l.i.u.t.SubmittedApplicationsPageTest - Entered salary amount: '1200'.
2025-02-03 14:20:13 [main] DEBUG l.i.u.t.SubmittedApplicationsPageTest - Selected 'Temporary Job' radio button.
2025-02-03 14:20:13 [main] DEBUG l.i.u.t.SubmittedApplicationsPageTest - Selected 'Season Job' radio button.
2025-02-03 14:20:13 [main] DEBUG l.i.u.t.SubmittedApplicationsPageTest - Selected 'Energy' radio button.
2025-02-03 14:20:13 [main] DEBUG l.i.u.t.SubmittedApplicationsPageTest - Selected 'Repair' radio button.
2025-02-03 14:20:13 [main] DEBUG l.i.u.t.SubmittedApplicationsPageTest - Entered job description: 'Veikla 1'.
2025-02-03 14:20:13 [main] DEBUG l.i.u.t.SubmittedApplicationsPageTest - Entered process description: 'Procesas 1'.
2025-02-03 14:20:14 [main] DEBUG l.i.u.t.SubmittedApplicationsPageTest - Entered energy information: 'Energija 1'.
2025-02-03 14:20:14 [main] DEBUG l.i.u.t.SubmittedApplicationsPageTest - Entered repair information: 'Remontas 1'.
2025-02-03 14:20:14 [main] DEBUG l.i.u.t.SubmittedApplicationsPageTest - Selected 'PVM' radio button.
2025-02-03 14:20:14 [main] INFO  l.i.u.p.SubmittedApplicationsPage - Located the dropdown button.
2025-02-03 14:20:15 [main] INFO  l.i.u.p.SubmittedApplicationsPage - Successfully selected the value: 'Įsigyti'
2025-02-03 14:20:35 [main] ERROR l.i.u.p.SubmittedApplicationsPage - Timeout while waiting for dropdown to close with aria-expanded = 'false'.
2025-02-03 14:20:35 [main] DEBUG l.i.u.t.SubmittedApplicationsPageTest - Selected necessary for job: 'Įsigyti'.
2025-02-03 14:20:35 [main] DEBUG l.i.u.t.SubmittedApplicationsPageTest - Selected tool: 'Darbo priemonė 1'.
2025-02-03 14:20:35 [main] DEBUG l.i.u.t.SubmittedApplicationsPageTest - Selected tool parameter one: 'Darbo priemonės 1 parametras 1'.
2025-02-03 14:20:35 [main] DEBUG l.i.u.t.SubmittedApplicationsPageTest - Selected tool parameter two: 'Darbo priemonės 1 parametras 2'.
2025-02-03 14:20:36 [main] DEBUG l.i.u.t.SubmittedApplicationsPageTest - Selected tool parameter three: 'Darbo priemonės 1 parametras 3'.
2025-02-03 14:20:36 [main] DEBUG l.i.u.t.SubmittedApplicationsPageTest - Entered tool count: '1'.
2025-02-03 14:20:36 [main] DEBUG l.i.u.t.SubmittedApplicationsPageTest - Entered price amount: '1000'.
2025-02-03 14:20:36 [main] DEBUG l.i.u.t.SubmittedApplicationsPageTest - Entered own funds amount: '800'.
2025-02-03 14:20:36 [main] DEBUG l.i.u.t.SubmittedApplicationsPageTest - Entered country percentage: '50'.
2025-02-03 14:20:36 [main] DEBUG l.i.u.t.SubmittedApplicationsPageTest - Entered institution percentage: '50'.
2025-02-03 14:20:37 [main] DEBUG l.i.u.t.SubmittedApplicationsPageTest - Entered municipality percentage: '50'.
2025-02-03 14:20:37 [main] DEBUG l.i.u.t.SubmittedApplicationsPageTest - Selected 'De Minimis' radio button.
2025-02-03 14:20:37 [main] DEBUG l.i.u.t.SubmittedApplicationsPageTest - Entered program name: 'Programa 1'.
2025-02-03 14:20:37 [main] DEBUG l.i.u.t.SubmittedApplicationsPageTest - Entered project date from.
2025-02-03 14:20:37 [main] DEBUG l.i.u.t.SubmittedApplicationsPageTest - Entered project date until.
2025-02-03 14:20:37 [main] DEBUG l.i.u.t.SubmittedApplicationsPageTest - Entered support amount: '2000'.
2025-02-03 14:20:38 [main] DEBUG l.i.u.t.SubmittedApplicationsPageTest - Clicked 'Next' button.
2025-02-03 14:20:39 [main] ERROR l.i.u.t.SubmittedApplicationsPageTest - Test 'testFillNewApplication' failed with error: element click intercepted: Element <input type="checkbox" class="mdc-checkbox__native-control" id="mat-mdc-checkbox-1-input" tabindex="0"> is not clickable at point (977, 354). Other element would receive the click: <p>...</p>
  (Session info: chrome=132.0.6834.160)
Build info: version: '4.27.0', revision: 'd6e718d134'
System info: os.name: 'Windows 11', os.arch: 'amd64', os.version: '10.0', java.version: '21.0.3'
Driver info: org.openqa.selenium.chrome.ChromeDriver
Command: [3817722159d9bf346f6caddef4117aa4, clickElement {id=f.0BFD60344BC0316DB8EE1B3FB96408E1.d.1C7B868C0BA660760AB4E8997B496636.e.2283}]
Capabilities {acceptInsecureCerts: false, browserName: chrome, browserVersion: 132.0.6834.160, chrome: {chromedriverVersion: 132.0.6834.159 (2d77d3fc445..., userDataDir: C:\Users\INGRID~1.ZAD\AppDa...}, fedcm:accounts: true, goog:chromeOptions: {debuggerAddress: localhost:52274}, networkConnectionEnabled: false, pageLoadStrategy: normal, platformName: windows, proxy: Proxy(), se:cdp: ws://localhost:52274/devtoo..., se:cdpVersion: 132.0.6834.160, setWindowRect: true, strictFileInteractability: false, timeouts: {implicit: 0, pageLoad: 300000, script: 30000}, unhandledPromptBehavior: dismiss and notify, webauthn:extension:credBlob: true, webauthn:extension:largeBlob: true, webauthn:extension:minPinLength: true, webauthn:extension:prf: true, webauthn:virtualAuthenticators: true}
Element: [[ChromeDriver: chrome on windows (3817722159d9bf346f6caddef4117aa4)] -> xpath: (//div[contains(@class, 'mdc-checkbox')]//input[@type='checkbox'])[1]]
Session ID: 3817722159d9bf346f6caddef4117aa4
org.openqa.selenium.ElementClickInterceptedException: element click intercepted: Element <input type="checkbox" class="mdc-checkbox__native-control" id="mat-mdc-checkbox-1-input" tabindex="0"> is not clickable at point (977, 354). Other element would receive the click: <p>...</p>
  (Session info: chrome=132.0.6834.160)
Build info: version: '4.27.0', revision: 'd6e718d134'
System info: os.name: 'Windows 11', os.arch: 'amd64', os.version: '10.0', java.version: '21.0.3'
Driver info: org.openqa.selenium.chrome.ChromeDriver
Command: [3817722159d9bf346f6caddef4117aa4, clickElement {id=f.0BFD60344BC0316DB8EE1B3FB96408E1.d.1C7B868C0BA660760AB4E8997B496636.e.2283}]
Capabilities {acceptInsecureCerts: false, browserName: chrome, browserVersion: 132.0.6834.160, chrome: {chromedriverVersion: 132.0.6834.159 (2d77d3fc445..., userDataDir: C:\Users\INGRID~1.ZAD\AppDa...}, fedcm:accounts: true, goog:chromeOptions: {debuggerAddress: localhost:52274}, networkConnectionEnabled: false, pageLoadStrategy: normal, platformName: windows, proxy: Proxy(), se:cdp: ws://localhost:52274/devtoo..., se:cdpVersion: 132.0.6834.160, setWindowRect: true, strictFileInteractability: false, timeouts: {implicit: 0, pageLoad: 300000, script: 30000}, unhandledPromptBehavior: dismiss and notify, webauthn:extension:credBlob: true, webauthn:extension:largeBlob: true, webauthn:extension:minPinLength: true, webauthn:extension:prf: true, webauthn:virtualAuthenticators: true}
Element: [[ChromeDriver: chrome on windows (3817722159d9bf346f6caddef4117aa4)] -> xpath: (//div[contains(@class, 'mdc-checkbox')]//input[@type='checkbox'])[1]]
Session ID: 3817722159d9bf346f6caddef4117aa4
	at java.base/jdk.internal.reflect.DirectConstructorHandleAccessor.newInstance(DirectConstructorHandleAccessor.java:62)
	at java.base/java.lang.reflect.Constructor.newInstanceWithCaller(Constructor.java:502)
	at java.base/java.lang.reflect.Constructor.newInstance(Constructor.java:486)
	at org.openqa.selenium.remote.ErrorCodec.decode(ErrorCodec.java:167)
	at org.openqa.selenium.remote.codec.w3c.W3CHttpResponseCodec.decode(W3CHttpResponseCodec.java:138)
	at org.openqa.selenium.remote.codec.w3c.W3CHttpResponseCodec.decode(W3CHttpResponseCodec.java:50)
	at org.openqa.selenium.remote.HttpCommandExecutor.execute(HttpCommandExecutor.java:190)
	at org.openqa.selenium.remote.service.DriverCommandExecutor.invokeExecute(DriverCommandExecutor.java:216)
	at org.openqa.selenium.remote.service.DriverCommandExecutor.execute(DriverCommandExecutor.java:174)
	at org.openqa.selenium.remote.RemoteWebDriver.execute(RemoteWebDriver.java:545)
	at org.openqa.selenium.remote.RemoteWebElement.execute(RemoteWebElement.java:223)
	at org.openqa.selenium.remote.RemoteWebElement.click(RemoteWebElement.java:76)
	at java.base/jdk.internal.reflect.DirectMethodHandleAccessor.invoke(DirectMethodHandleAccessor.java:103)
	at java.base/java.lang.reflect.Method.invoke(Method.java:580)
	at org.openqa.selenium.support.pagefactory.internal.LocatingElementHandler.invoke(LocatingElementHandler.java:51)
	at jdk.proxy2/jdk.proxy2.$Proxy14.click(Unknown Source)
	at lt.insoft.uztis.pages.InvitationsPage.setCheckbox(InvitationsPage.java:474)
	at lt.insoft.uztis.tests.SubmittedApplicationsPageTest.testFillNewApplication(SubmittedApplicationsPageTest.java:312)
	at java.base/jdk.internal.reflect.DirectMethodHandleAccessor.invoke(DirectMethodHandleAccessor.java:103)
	at java.base/java.lang.reflect.Method.invoke(Method.java:580)
	at org.junit.platform.commons.util.ReflectionUtils.invokeMethod(ReflectionUtils.java:728)
	at org.junit.jupiter.engine.execution.MethodInvocation.proceed(MethodInvocation.java:60)
	at org.junit.jupiter.engine.execution.InvocationInterceptorChain$ValidatingInvocation.proceed(InvocationInterceptorChain.java:131)
	at org.junit.jupiter.engine.extension.TimeoutExtension.intercept(TimeoutExtension.java:156)
	at org.junit.jupiter.engine.extension.TimeoutExtension.interceptTestableMethod(TimeoutExtension.java:147)
	at org.junit.jupiter.engine.extension.TimeoutExtension.interceptTestMethod(TimeoutExtension.java:86)
	at org.junit.jupiter.engine.execution.InterceptingExecutableInvoker$ReflectiveInterceptorCall.lambda$ofVoidMethod$0(InterceptingExecutableInvoker.java:103)
	at org.junit.jupiter.engine.execution.InterceptingExecutableInvoker.lambda$invoke$0(InterceptingExecutableInvoker.java:93)
	at org.junit.jupiter.engine.execution.InvocationInterceptorChain$InterceptedInvocation.proceed(InvocationInterceptorChain.java:106)
	at org.junit.jupiter.engine.execution.InvocationInterceptorChain.proceed(InvocationInterceptorChain.java:64)
	at org.junit.jupiter.engine.execution.InvocationInterceptorChain.chainAndInvoke(InvocationInterceptorChain.java:45)
	at org.junit.jupiter.engine.execution.InvocationInterceptorChain.invoke(InvocationInterceptorChain.java:37)
	at org.junit.jupiter.engine.execution.InterceptingExecutableInvoker.invoke(InterceptingExecutableInvoker.java:92)
	at org.junit.jupiter.engine.execution.InterceptingExecutableInvoker.invoke(InterceptingExecutableInvoker.java:86)
	at org.junit.jupiter.engine.descriptor.TestMethodTestDescriptor.lambda$invokeTestMethod$7(TestMethodTestDescriptor.java:218)
	at org.junit.platform.engine.support.hierarchical.ThrowableCollector.execute(ThrowableCollector.java:73)
	at org.junit.jupiter.engine.descriptor.TestMethodTestDescriptor.invokeTestMethod(TestMethodTestDescriptor.java:214)
	at org.junit.jupiter.engine.descriptor.TestMethodTestDescriptor.execute(TestMethodTestDescriptor.java:139)
	at org.junit.jupiter.engine.descriptor.TestMethodTestDescriptor.execute(TestMethodTestDescriptor.java:69)
	at org.junit.platform.engine.support.hierarchical.NodeTestTask.lambda$executeRecursively$6(NodeTestTask.java:151)
	at org.junit.platform.engine.support.hierarchical.ThrowableCollector.execute(ThrowableCollector.java:73)
	at org.junit.platform.engine.support.hierarchical.NodeTestTask.lambda$executeRecursively$8(NodeTestTask.java:141)
	at org.junit.platform.engine.support.hierarchical.Node.around(Node.java:137)
	at org.junit.platform.engine.support.hierarchical.NodeTestTask.lambda$executeRecursively$9(NodeTestTask.java:139)
	at org.junit.platform.engine.support.hierarchical.ThrowableCollector.execute(ThrowableCollector.java:73)
	at org.junit.platform.engine.support.hierarchical.NodeTestTask.executeRecursively(NodeTestTask.java:138)
	at org.junit.platform.engine.support.hierarchical.NodeTestTask.execute(NodeTestTask.java:95)
	at java.base/java.util.ArrayList.forEach(ArrayList.java:1596)
	at org.junit.platform.engine.support.hierarchical.SameThreadHierarchicalTestExecutorService.invokeAll(SameThreadHierarchicalTestExecutorService.java:41)
	at org.junit.platform.engine.support.hierarchical.NodeTestTask.lambda$executeRecursively$6(NodeTestTask.java:155)
	at org.junit.platform.engine.support.hierarchical.ThrowableCollector.execute(ThrowableCollector.java:73)
	at org.junit.platform.engine.support.hierarchical.NodeTestTask.lambda$executeRecursively$8(NodeTestTask.java:141)
	at org.junit.platform.engine.support.hierarchical.Node.around(Node.java:137)
	at org.junit.platform.engine.support.hierarchical.NodeTestTask.lambda$executeRecursively$9(NodeTestTask.java:139)
	at org.junit.platform.engine.support.hierarchical.ThrowableCollector.execute(ThrowableCollector.java:73)
	at org.junit.platform.engine.support.hierarchical.NodeTestTask.executeRecursively(NodeTestTask.java:138)
	at org.junit.platform.engine.support.hierarchical.NodeTestTask.execute(NodeTestTask.java:95)
	at java.base/java.util.ArrayList.forEach(ArrayList.java:1596)
	at org.junit.platform.engine.support.hierarchical.SameThreadHierarchicalTestExecutorService.invokeAll(SameThreadHierarchicalTestExecutorService.java:41)
	at org.junit.platform.engine.support.hierarchical.NodeTestTask.lambda$executeRecursively$6(NodeTestTask.java:155)
	at org.junit.platform.engine.support.hierarchical.ThrowableCollector.execute(ThrowableCollector.java:73)
	at org.junit.platform.engine.support.hierarchical.NodeTestTask.lambda$executeRecursively$8(NodeTestTask.java:141)
	at org.junit.platform.engine.support.hierarchical.Node.around(Node.java:137)
	at org.junit.platform.engine.support.hierarchical.NodeTestTask.lambda$executeRecursively$9(NodeTestTask.java:139)
	at org.junit.platform.engine.support.hierarchical.ThrowableCollector.execute(ThrowableCollector.java:73)
	at org.junit.platform.engine.support.hierarchical.NodeTestTask.executeRecursively(NodeTestTask.java:138)
	at org.junit.platform.engine.support.hierarchical.NodeTestTask.execute(NodeTestTask.java:95)
	at org.junit.platform.engine.support.hierarchical.SameThreadHierarchicalTestExecutorService.submit(SameThreadHierarchicalTestExecutorService.java:35)
	at org.junit.platform.engine.support.hierarchical.HierarchicalTestExecutor.execute(HierarchicalTestExecutor.java:57)
	at org.junit.platform.engine.support.hierarchical.HierarchicalTestEngine.execute(HierarchicalTestEngine.java:54)
	at org.junit.platform.launcher.core.EngineExecutionOrchestrator.execute(EngineExecutionOrchestrator.java:198)
	at org.junit.platform.launcher.core.EngineExecutionOrchestrator.execute(EngineExecutionOrchestrator.java:169)
	at org.junit.platform.launcher.core.EngineExecutionOrchestrator.execute(EngineExecutionOrchestrator.java:93)
	at org.junit.platform.launcher.core.EngineExecutionOrchestrator.lambda$execute$0(EngineExecutionOrchestrator.java:58)
	at org.junit.platform.launcher.core.EngineExecutionOrchestrator.withInterceptedStreams(EngineExecutionOrchestrator.java:141)
	at org.junit.platform.launcher.core.EngineExecutionOrchestrator.execute(EngineExecutionOrchestrator.java:57)
	at org.junit.platform.launcher.core.DefaultLauncher.execute(DefaultLauncher.java:103)
	at org.junit.platform.launcher.core.DefaultLauncher.execute(DefaultLauncher.java:85)
	at org.junit.platform.launcher.core.DelegatingLauncher.execute(DelegatingLauncher.java:47)
	at org.junit.platform.launcher.core.SessionPerRequestLauncher.execute(SessionPerRequestLauncher.java:63)
	at com.intellij.junit5.JUnit5IdeaTestRunner.startRunnerWithArgs(JUnit5IdeaTestRunner.java:57)
	at com.intellij.rt.junit.IdeaTestRunner$Repeater$1.execute(IdeaTestRunner.java:38)
	at com.intellij.rt.execution.junit.TestsRepeater.repeat(TestsRepeater.java:11)
	at com.intellij.rt.junit.IdeaTestRunner$Repeater.startRunnerWithArgs(IdeaTestRunner.java:35)
	at com.intellij.rt.junit.JUnitStarter.prepareStreamsAndStart(JUnitStarter.java:232)
	at com.intellij.rt.junit.JUnitStarter.main(JUnitStarter.java:55)
2025-02-03 14:20:39 [main] INFO  l.insoft.uztis.tests.utils.TestUtils - Screenshot moved to C:\Users\ingrida.zadorozniene\Desktop\Asm\UZTIS\UZTIS_tests\test-output\screenshots\20250203\142039398_testFillNewApplication().png
2025-02-03 14:22:44 [main] INFO  lt.insoft.uztis.tests.UztisPageTest - Navigated to https://uztisdev.asseco.lt/home
2025-02-03 14:22:44 [main] INFO  l.i.u.t.SubmittedApplicationsPageTest - Starting test:'testFillNewApplication'
2025-02-03 14:22:45 [main] DEBUG l.i.u.t.SubmittedApplicationsPageTest - User logged in with test credentials.
2025-02-03 14:22:45 [main] DEBUG l.i.u.t.SubmittedApplicationsPageTest - Opened 'Application Processing' menu.
2025-02-03 14:22:45 [main] DEBUG l.i.u.t.SubmittedApplicationsPageTest - Clicked on 'Application Forms' menu.
2025-02-03 14:22:46 [main] DEBUG l.i.u.t.SubmittedApplicationsPageTest - Retrieved last description code text: 'TST-VUI-27'.
2025-02-03 14:22:46 [main] DEBUG l.i.u.t.SubmittedApplicationsPageTest - Clicked on 'Invitation' menu.
2025-02-03 14:22:47 [main] DEBUG l.i.u.t.SubmittedApplicationsPageTest - Selected application section by code: 'TST-VUI-27'.
2025-02-03 14:22:47 [main] DEBUG l.i.u.t.SubmittedApplicationsPageTest - Clicked 'Search' button.
2025-02-03 14:22:47 [main] DEBUG l.i.u.t.SubmittedApplicationsPageTest - Retrieved invitation code: ''.
2025-02-03 14:22:47 [main] DEBUG l.i.u.t.SubmittedApplicationsPageTest - Clicked on 'Submitted Applications' menu.
2025-02-03 14:22:48 [main] DEBUG l.i.u.t.SubmittedApplicationsPageTest - Selected invitation by code: 'TST-VUI-27'.
2025-02-03 14:22:48 [main] DEBUG l.i.u.t.SubmittedApplicationsPageTest - Invitation code inserted.
2025-02-03 14:22:48 [main] DEBUG l.i.u.t.SubmittedApplicationsPageTest - Clicked on 'Action Application' button.
2025-02-03 14:22:49 [main] DEBUG l.i.u.t.SubmittedApplicationsPageTest - Clicked on 'New Application' button.
2025-02-03 14:22:49 [main] DEBUG l.i.u.t.SubmittedApplicationsPageTest - Selected the 'RadioButtonFA' option.
2025-02-03 14:22:49 [main] DEBUG l.i.u.t.SubmittedApplicationsPageTest - Entered phone number: '61298745'.
2025-02-03 14:22:50 [main] DEBUG l.i.u.t.SubmittedApplicationsPageTest - Entered email: 'test@autotest.com'.
2025-02-03 14:22:50 [main] INFO  l.i.u.p.SubmittedApplicationsPage - Located the dropdown button.
2025-02-03 14:23:09 [main] INFO  l.i.u.p.SubmittedApplicationsPage - Found 1741 options in the dropdown.
2025-02-03 14:23:09 [main] INFO  l.i.u.p.SubmittedApplicationsPage - Successfully selected the value: '01.11 - Grūdinių (išskyrus ryžius), ankštinių ir aliejingų sėklų augalų auginimas'
2025-02-03 14:23:19 [main] ERROR l.i.u.p.SubmittedApplicationsPage - Failed to close the dropdown with aria-expanded = 'false'. Attempting manual close.
2025-02-03 14:23:19 [main] INFO  l.i.u.p.SubmittedApplicationsPage - Manual close attempt for the dropdown using body click.
2025-02-03 14:23:19 [main] DEBUG l.i.u.t.SubmittedApplicationsPageTest - Selected EVRK value: '01.11 - Grūdinių (išskyrus ryžius), ankštinių ir aliejingų sėklų augalų auginimas'.
2025-02-03 14:23:20 [main] DEBUG l.i.u.t.SubmittedApplicationsPageTest - Entered address: 'Vilniaus m. sav., Vilnius, Testo g. 10T'.
2025-02-03 14:23:20 [main] DEBUG l.i.u.t.SubmittedApplicationsPageTest - Entered project date.
2025-02-03 14:23:20 [main] DEBUG l.i.u.t.SubmittedApplicationsPageTest - Entered job count: '1'.
2025-02-03 14:23:20 [main] DEBUG l.i.u.t.SubmittedApplicationsPageTest - Clicked 'Next' button.
2025-02-03 14:23:20 [main] INFO  l.i.u.p.SubmittedApplicationsPage - Located the dropdown button.
2025-02-03 14:23:22 [main] INFO  l.i.u.p.SubmittedApplicationsPage - Successfully selected the value: 'Administratoriai'
2025-02-03 14:23:42 [main] ERROR l.i.u.p.SubmittedApplicationsPage - Timeout while waiting for dropdown to close with aria-expanded = 'false'.
2025-02-03 14:23:42 [main] DEBUG l.i.u.t.SubmittedApplicationsPageTest - Selected job name: 'Administratoriai'.
2025-02-03 14:23:42 [main] DEBUG l.i.u.t.SubmittedApplicationsPageTest - Entered job function: 'Funkcija 1'.
2025-02-03 14:23:42 [main] DEBUG l.i.u.t.SubmittedApplicationsPageTest - Selected 'RadioButtonWithDisabilities' option.
2025-02-03 14:23:42 [main] INFO  l.i.u.p.SubmittedApplicationsPage - Clicking on the dropdown button.
2025-02-03 14:23:42 [main] INFO  l.i.u.p.SubmittedApplicationsPage - Found 34 options in the dropdown.
2025-02-03 14:23:42 [main] DEBUG l.i.u.p.SubmittedApplicationsPage - Checking option: 'Asmenys, kuriems suteiktas pabėgėlio statusas ar perkeliamojo asmens statusas, arba asmenys, kuriems suteikta papildoma ar laikinoji apsauga, ir asmenys, turintys teisę gauti laikinąją apsaugą, iki sprendimo dėl laikinosios apsaugos suteikimo (nesuteikimo) priėmimo, tačiau ne ilgiau kaip laikinosios apsaugos laikotarpiu'
2025-02-03 14:23:42 [main] DEBUG l.i.u.p.SubmittedApplicationsPage - Checking option: 'Asmenys, kuriems suteiktas pabėgėlio statusas ar perkeliamojo asmens statusas, arba asmenys, kuriems suteikta papildoma ar laikinoji apsauga, ir asmenys, turintys teisę gauti laikinąją apsaugą, iki sprendimo dėl laikinosios apsaugos suteikimo (nesuteikimo) priėmimo, tačiau ne ilgiau kaip laikinosios apsaugos laikotarpiu'
2025-02-03 14:23:42 [main] DEBUG l.i.u.p.SubmittedApplicationsPage - Checking option: 'Asmenys, turintys teisę į papildomas užimtumo garantijas pagal Lietuvos Respublikos valstybės įmonės Ignalinos atominės elektrinės darbuotojų papildomų užimtumo ir socialinių garantijų įstatymą'
2025-02-03 14:23:42 [main] DEBUG l.i.u.p.SubmittedApplicationsPage - Checking option: 'Asmenys, turintys teisę į papildomas užimtumo garantijas pagal Lietuvos Respublikos valstybės įmonės Ignalinos atominės elektrinės darbuotojų papildomų užimtumo ir socialinių garantijų įstatymą'
2025-02-03 14:23:42 [main] DEBUG l.i.u.p.SubmittedApplicationsPage - Checking option: 'Bedarbiai iki 29 metų'
2025-02-03 14:23:42 [main] DEBUG l.i.u.p.SubmittedApplicationsPage - Checking option: 'Bedarbiai iki 29 metų'
2025-02-03 14:23:42 [main] DEBUG l.i.u.p.SubmittedApplicationsPage - Checking option: 'Bedarbiai, kurie yra darbingo amžiaus neįgalieji, kuriems nustatytas 30–40 procentų darbingumo lygis arba vidutinis neįgalumo lygis'
2025-02-03 14:23:42 [main] DEBUG l.i.u.p.SubmittedApplicationsPage - Checking option: 'Bedarbiai, kurie yra darbingo amžiaus neįgalieji, kuriems nustatytas 30–40 procentų darbingumo lygis arba vidutinis neįgalumo lygis'
2025-02-03 14:23:42 [main] DEBUG l.i.u.p.SubmittedApplicationsPage - Checking option: 'Bedarbiai, kurie yra darbingo amžiaus neįgalieji, kuriems nustatytas 45–55 procentų darbingumo lygis arba lengvas neįgalumo lygis'
2025-02-03 14:23:43 [main] DEBUG l.i.u.p.SubmittedApplicationsPage - Checking option: 'Bedarbiai, kurie yra darbingo amžiaus neįgalieji, kuriems nustatytas 45–55 procentų darbingumo lygis arba lengvas neįgalumo lygis'
2025-02-03 14:23:43 [main] DEBUG l.i.u.p.SubmittedApplicationsPage - Checking option: 'Bedarbiai, kurie yra darbingo amžiaus neįgalieji, kuriems nustatytas iki 25 procentų darbingumo lygis arba sunkus neįgalumo lygis'
2025-02-03 14:23:43 [main] INFO  l.i.u.p.SubmittedApplicationsPage - Successfully selected the value: 'Bedarbiai, kurie yra darbingo amžiaus neįgalieji, kuriems nustatytas iki 25 procentų darbingumo lygis arba sunkus neįgalumo lygis'
2025-02-03 14:23:43 [main] INFO  l.i.u.p.SubmittedApplicationsPage - Attempting to close the dropdown.
2025-02-03 14:23:53 [main] INFO  l.i.u.p.SubmittedApplicationsPage - Dropdown should be closed now.
2025-02-03 14:23:53 [main] DEBUG l.i.u.t.SubmittedApplicationsPageTest - Selected disabilities type: 'Bedarbiai, kurie yra darbingo amžiaus neįgalieji, kuriems nustatytas iki 25 procentų darbingumo lygis arba sunkus neįgalumo lygis'.
2025-02-03 14:23:53 [main] DEBUG l.i.u.t.SubmittedApplicationsPageTest - Entered disability information: 'Negalia 1'.
2025-02-03 14:23:53 [main] INFO  l.i.u.p.SubmittedApplicationsPage - Located the dropdown button.
2025-02-03 14:23:54 [main] INFO  l.i.u.p.SubmittedApplicationsPage - Successfully selected the value: 'Kita'
2025-02-03 14:24:04 [main] ERROR l.i.u.p.SubmittedApplicationsPage - Timeout while waiting for dropdown to close with aria-expanded = 'false'.
2025-02-03 14:24:04 [main] DEBUG l.i.u.t.SubmittedApplicationsPageTest - Selected time mode: 'Kita'.
2025-02-03 14:24:04 [main] DEBUG l.i.u.t.SubmittedApplicationsPageTest - Selected time mode other: '6 val. per dieną ir 4 d. per savaitę'.
2025-02-03 14:24:05 [main] DEBUG l.i.u.t.SubmittedApplicationsPageTest - Entered qualification: 'Kvalifikacija 1'.
2025-02-03 14:24:05 [main] DEBUG l.i.u.t.SubmittedApplicationsPageTest - Entered job date.
2025-02-03 14:24:05 [main] DEBUG l.i.u.t.SubmittedApplicationsPageTest - Entered salary amount: '1200'.
2025-02-03 14:24:05 [main] DEBUG l.i.u.t.SubmittedApplicationsPageTest - Selected 'Temporary Job' radio button.
2025-02-03 14:24:05 [main] DEBUG l.i.u.t.SubmittedApplicationsPageTest - Selected 'Season Job' radio button.
2025-02-03 14:24:05 [main] DEBUG l.i.u.t.SubmittedApplicationsPageTest - Selected 'Energy' radio button.
2025-02-03 14:24:05 [main] DEBUG l.i.u.t.SubmittedApplicationsPageTest - Selected 'Repair' radio button.
2025-02-03 14:24:06 [main] DEBUG l.i.u.t.SubmittedApplicationsPageTest - Entered job description: 'Veikla 1'.
2025-02-03 14:24:06 [main] DEBUG l.i.u.t.SubmittedApplicationsPageTest - Entered process description: 'Procesas 1'.
2025-02-03 14:24:06 [main] DEBUG l.i.u.t.SubmittedApplicationsPageTest - Entered energy information: 'Energija 1'.
2025-02-03 14:24:06 [main] DEBUG l.i.u.t.SubmittedApplicationsPageTest - Entered repair information: 'Remontas 1'.
2025-02-03 14:24:06 [main] DEBUG l.i.u.t.SubmittedApplicationsPageTest - Selected 'PVM' radio button.
2025-02-03 14:24:06 [main] INFO  l.i.u.p.SubmittedApplicationsPage - Located the dropdown button.
2025-02-03 14:24:07 [main] INFO  l.i.u.p.SubmittedApplicationsPage - Successfully selected the value: 'Įsigyti'
2025-02-03 14:24:27 [main] ERROR l.i.u.p.SubmittedApplicationsPage - Timeout while waiting for dropdown to close with aria-expanded = 'false'.
2025-02-03 14:24:27 [main] DEBUG l.i.u.t.SubmittedApplicationsPageTest - Selected necessary for job: 'Įsigyti'.
2025-02-03 14:24:27 [main] DEBUG l.i.u.t.SubmittedApplicationsPageTest - Selected tool: 'Darbo priemonė 1'.
2025-02-03 14:24:27 [main] DEBUG l.i.u.t.SubmittedApplicationsPageTest - Selected tool parameter one: 'Darbo priemonės 1 parametras 1'.
2025-02-03 14:24:28 [main] DEBUG l.i.u.t.SubmittedApplicationsPageTest - Selected tool parameter two: 'Darbo priemonės 1 parametras 2'.
2025-02-03 14:24:28 [main] DEBUG l.i.u.t.SubmittedApplicationsPageTest - Selected tool parameter three: 'Darbo priemonės 1 parametras 3'.
2025-02-03 14:24:28 [main] DEBUG l.i.u.t.SubmittedApplicationsPageTest - Entered tool count: '1'.
2025-02-03 14:24:28 [main] DEBUG l.i.u.t.SubmittedApplicationsPageTest - Entered price amount: '1000'.
2025-02-03 14:24:28 [main] DEBUG l.i.u.t.SubmittedApplicationsPageTest - Entered own funds amount: '800'.
2025-02-03 14:24:28 [main] DEBUG l.i.u.t.SubmittedApplicationsPageTest - Entered country percentage: '50'.
2025-02-03 14:24:29 [main] DEBUG l.i.u.t.SubmittedApplicationsPageTest - Entered institution percentage: '50'.
2025-02-03 14:24:29 [main] DEBUG l.i.u.t.SubmittedApplicationsPageTest - Entered municipality percentage: '50'.
2025-02-03 14:24:29 [main] DEBUG l.i.u.t.SubmittedApplicationsPageTest - Selected 'De Minimis' radio button.
2025-02-03 14:24:29 [main] DEBUG l.i.u.t.SubmittedApplicationsPageTest - Entered program name: 'Programa 1'.
2025-02-03 14:24:29 [main] DEBUG l.i.u.t.SubmittedApplicationsPageTest - Entered project date from.
2025-02-03 14:24:29 [main] DEBUG l.i.u.t.SubmittedApplicationsPageTest - Entered project date until.
2025-02-03 14:24:30 [main] DEBUG l.i.u.t.SubmittedApplicationsPageTest - Entered support amount: '2000'.
2025-02-03 14:24:30 [main] DEBUG l.i.u.t.SubmittedApplicationsPageTest - Clicked 'Next' button.
2025-02-03 14:24:31 [main] ERROR l.i.u.t.SubmittedApplicationsPageTest - Test 'testFillNewApplication' failed with error: element click intercepted: Element <input type="checkbox" class="mdc-checkbox__native-control" id="mat-mdc-checkbox-1-input" tabindex="0"> is not clickable at point (977, 354). Other element would receive the click: <p>...</p>
  (Session info: chrome=132.0.6834.160)
Build info: version: '4.27.0', revision: 'd6e718d134'
System info: os.name: 'Windows 11', os.arch: 'amd64', os.version: '10.0', java.version: '21.0.3'
Driver info: org.openqa.selenium.chrome.ChromeDriver
Command: [4690b487e9bc254e45a8980e8b10cec6, clickElement {id=f.53DFB7038A4232DDF1727573730ED693.d.0B4E76C8206BA61FCFFE097853C2AA82.e.2277}]
Capabilities {acceptInsecureCerts: false, browserName: chrome, browserVersion: 132.0.6834.160, chrome: {chromedriverVersion: 132.0.6834.159 (2d77d3fc445..., userDataDir: C:\Users\INGRID~1.ZAD\AppDa...}, fedcm:accounts: true, goog:chromeOptions: {debuggerAddress: localhost:52438}, networkConnectionEnabled: false, pageLoadStrategy: normal, platformName: windows, proxy: Proxy(), se:cdp: ws://localhost:52438/devtoo..., se:cdpVersion: 132.0.6834.160, setWindowRect: true, strictFileInteractability: false, timeouts: {implicit: 0, pageLoad: 300000, script: 30000}, unhandledPromptBehavior: dismiss and notify, webauthn:extension:credBlob: true, webauthn:extension:largeBlob: true, webauthn:extension:minPinLength: true, webauthn:extension:prf: true, webauthn:virtualAuthenticators: true}
Element: [[ChromeDriver: chrome on windows (4690b487e9bc254e45a8980e8b10cec6)] -> xpath: (//div[contains(@class, 'mdc-checkbox')]//input[@type='checkbox'])[1]]
Session ID: 4690b487e9bc254e45a8980e8b10cec6
org.openqa.selenium.ElementClickInterceptedException: element click intercepted: Element <input type="checkbox" class="mdc-checkbox__native-control" id="mat-mdc-checkbox-1-input" tabindex="0"> is not clickable at point (977, 354). Other element would receive the click: <p>...</p>
  (Session info: chrome=132.0.6834.160)
Build info: version: '4.27.0', revision: 'd6e718d134'
System info: os.name: 'Windows 11', os.arch: 'amd64', os.version: '10.0', java.version: '21.0.3'
Driver info: org.openqa.selenium.chrome.ChromeDriver
Command: [4690b487e9bc254e45a8980e8b10cec6, clickElement {id=f.53DFB7038A4232DDF1727573730ED693.d.0B4E76C8206BA61FCFFE097853C2AA82.e.2277}]
Capabilities {acceptInsecureCerts: false, browserName: chrome, browserVersion: 132.0.6834.160, chrome: {chromedriverVersion: 132.0.6834.159 (2d77d3fc445..., userDataDir: C:\Users\INGRID~1.ZAD\AppDa...}, fedcm:accounts: true, goog:chromeOptions: {debuggerAddress: localhost:52438}, networkConnectionEnabled: false, pageLoadStrategy: normal, platformName: windows, proxy: Proxy(), se:cdp: ws://localhost:52438/devtoo..., se:cdpVersion: 132.0.6834.160, setWindowRect: true, strictFileInteractability: false, timeouts: {implicit: 0, pageLoad: 300000, script: 30000}, unhandledPromptBehavior: dismiss and notify, webauthn:extension:credBlob: true, webauthn:extension:largeBlob: true, webauthn:extension:minPinLength: true, webauthn:extension:prf: true, webauthn:virtualAuthenticators: true}
Element: [[ChromeDriver: chrome on windows (4690b487e9bc254e45a8980e8b10cec6)] -> xpath: (//div[contains(@class, 'mdc-checkbox')]//input[@type='checkbox'])[1]]
Session ID: 4690b487e9bc254e45a8980e8b10cec6
	at java.base/jdk.internal.reflect.DirectConstructorHandleAccessor.newInstance(DirectConstructorHandleAccessor.java:62)
	at java.base/java.lang.reflect.Constructor.newInstanceWithCaller(Constructor.java:502)
	at java.base/java.lang.reflect.Constructor.newInstance(Constructor.java:486)
	at org.openqa.selenium.remote.ErrorCodec.decode(ErrorCodec.java:167)
	at org.openqa.selenium.remote.codec.w3c.W3CHttpResponseCodec.decode(W3CHttpResponseCodec.java:138)
	at org.openqa.selenium.remote.codec.w3c.W3CHttpResponseCodec.decode(W3CHttpResponseCodec.java:50)
	at org.openqa.selenium.remote.HttpCommandExecutor.execute(HttpCommandExecutor.java:190)
	at org.openqa.selenium.remote.service.DriverCommandExecutor.invokeExecute(DriverCommandExecutor.java:216)
	at org.openqa.selenium.remote.service.DriverCommandExecutor.execute(DriverCommandExecutor.java:174)
	at org.openqa.selenium.remote.RemoteWebDriver.execute(RemoteWebDriver.java:545)
	at org.openqa.selenium.remote.RemoteWebElement.execute(RemoteWebElement.java:223)
	at org.openqa.selenium.remote.RemoteWebElement.click(RemoteWebElement.java:76)
	at java.base/jdk.internal.reflect.DirectMethodHandleAccessor.invoke(DirectMethodHandleAccessor.java:103)
	at java.base/java.lang.reflect.Method.invoke(Method.java:580)
	at org.openqa.selenium.support.pagefactory.internal.LocatingElementHandler.invoke(LocatingElementHandler.java:51)
	at jdk.proxy2/jdk.proxy2.$Proxy14.click(Unknown Source)
	at lt.insoft.uztis.pages.InvitationsPage.setCheckbox(InvitationsPage.java:474)
	at lt.insoft.uztis.tests.SubmittedApplicationsPageTest.testFillNewApplication(SubmittedApplicationsPageTest.java:312)
	at java.base/jdk.internal.reflect.DirectMethodHandleAccessor.invoke(DirectMethodHandleAccessor.java:103)
	at java.base/java.lang.reflect.Method.invoke(Method.java:580)
	at org.junit.platform.commons.util.ReflectionUtils.invokeMethod(ReflectionUtils.java:728)
	at org.junit.jupiter.engine.execution.MethodInvocation.proceed(MethodInvocation.java:60)
	at org.junit.jupiter.engine.execution.InvocationInterceptorChain$ValidatingInvocation.proceed(InvocationInterceptorChain.java:131)
	at org.junit.jupiter.engine.extension.TimeoutExtension.intercept(TimeoutExtension.java:156)
	at org.junit.jupiter.engine.extension.TimeoutExtension.interceptTestableMethod(TimeoutExtension.java:147)
	at org.junit.jupiter.engine.extension.TimeoutExtension.interceptTestMethod(TimeoutExtension.java:86)
	at org.junit.jupiter.engine.execution.InterceptingExecutableInvoker$ReflectiveInterceptorCall.lambda$ofVoidMethod$0(InterceptingExecutableInvoker.java:103)
	at org.junit.jupiter.engine.execution.InterceptingExecutableInvoker.lambda$invoke$0(InterceptingExecutableInvoker.java:93)
	at org.junit.jupiter.engine.execution.InvocationInterceptorChain$InterceptedInvocation.proceed(InvocationInterceptorChain.java:106)
	at org.junit.jupiter.engine.execution.InvocationInterceptorChain.proceed(InvocationInterceptorChain.java:64)
	at org.junit.jupiter.engine.execution.InvocationInterceptorChain.chainAndInvoke(InvocationInterceptorChain.java:45)
	at org.junit.jupiter.engine.execution.InvocationInterceptorChain.invoke(InvocationInterceptorChain.java:37)
	at org.junit.jupiter.engine.execution.InterceptingExecutableInvoker.invoke(InterceptingExecutableInvoker.java:92)
	at org.junit.jupiter.engine.execution.InterceptingExecutableInvoker.invoke(InterceptingExecutableInvoker.java:86)
	at org.junit.jupiter.engine.descriptor.TestMethodTestDescriptor.lambda$invokeTestMethod$7(TestMethodTestDescriptor.java:218)
	at org.junit.platform.engine.support.hierarchical.ThrowableCollector.execute(ThrowableCollector.java:73)
	at org.junit.jupiter.engine.descriptor.TestMethodTestDescriptor.invokeTestMethod(TestMethodTestDescriptor.java:214)
	at org.junit.jupiter.engine.descriptor.TestMethodTestDescriptor.execute(TestMethodTestDescriptor.java:139)
	at org.junit.jupiter.engine.descriptor.TestMethodTestDescriptor.execute(TestMethodTestDescriptor.java:69)
	at org.junit.platform.engine.support.hierarchical.NodeTestTask.lambda$executeRecursively$6(NodeTestTask.java:151)
	at org.junit.platform.engine.support.hierarchical.ThrowableCollector.execute(ThrowableCollector.java:73)
	at org.junit.platform.engine.support.hierarchical.NodeTestTask.lambda$executeRecursively$8(NodeTestTask.java:141)
	at org.junit.platform.engine.support.hierarchical.Node.around(Node.java:137)
	at org.junit.platform.engine.support.hierarchical.NodeTestTask.lambda$executeRecursively$9(NodeTestTask.java:139)
	at org.junit.platform.engine.support.hierarchical.ThrowableCollector.execute(ThrowableCollector.java:73)
	at org.junit.platform.engine.support.hierarchical.NodeTestTask.executeRecursively(NodeTestTask.java:138)
	at org.junit.platform.engine.support.hierarchical.NodeTestTask.execute(NodeTestTask.java:95)
	at java.base/java.util.ArrayList.forEach(ArrayList.java:1596)
	at org.junit.platform.engine.support.hierarchical.SameThreadHierarchicalTestExecutorService.invokeAll(SameThreadHierarchicalTestExecutorService.java:41)
	at org.junit.platform.engine.support.hierarchical.NodeTestTask.lambda$executeRecursively$6(NodeTestTask.java:155)
	at org.junit.platform.engine.support.hierarchical.ThrowableCollector.execute(ThrowableCollector.java:73)
	at org.junit.platform.engine.support.hierarchical.NodeTestTask.lambda$executeRecursively$8(NodeTestTask.java:141)
	at org.junit.platform.engine.support.hierarchical.Node.around(Node.java:137)
	at org.junit.platform.engine.support.hierarchical.NodeTestTask.lambda$executeRecursively$9(NodeTestTask.java:139)
	at org.junit.platform.engine.support.hierarchical.ThrowableCollector.execute(ThrowableCollector.java:73)
	at org.junit.platform.engine.support.hierarchical.NodeTestTask.executeRecursively(NodeTestTask.java:138)
	at org.junit.platform.engine.support.hierarchical.NodeTestTask.execute(NodeTestTask.java:95)
	at java.base/java.util.ArrayList.forEach(ArrayList.java:1596)
	at org.junit.platform.engine.support.hierarchical.SameThreadHierarchicalTestExecutorService.invokeAll(SameThreadHierarchicalTestExecutorService.java:41)
	at org.junit.platform.engine.support.hierarchical.NodeTestTask.lambda$executeRecursively$6(NodeTestTask.java:155)
	at org.junit.platform.engine.support.hierarchical.ThrowableCollector.execute(ThrowableCollector.java:73)
	at org.junit.platform.engine.support.hierarchical.NodeTestTask.lambda$executeRecursively$8(NodeTestTask.java:141)
	at org.junit.platform.engine.support.hierarchical.Node.around(Node.java:137)
	at org.junit.platform.engine.support.hierarchical.NodeTestTask.lambda$executeRecursively$9(NodeTestTask.java:139)
	at org.junit.platform.engine.support.hierarchical.ThrowableCollector.execute(ThrowableCollector.java:73)
	at org.junit.platform.engine.support.hierarchical.NodeTestTask.executeRecursively(NodeTestTask.java:138)
	at org.junit.platform.engine.support.hierarchical.NodeTestTask.execute(NodeTestTask.java:95)
	at org.junit.platform.engine.support.hierarchical.SameThreadHierarchicalTestExecutorService.submit(SameThreadHierarchicalTestExecutorService.java:35)
	at org.junit.platform.engine.support.hierarchical.HierarchicalTestExecutor.execute(HierarchicalTestExecutor.java:57)
	at org.junit.platform.engine.support.hierarchical.HierarchicalTestEngine.execute(HierarchicalTestEngine.java:54)
	at org.junit.platform.launcher.core.EngineExecutionOrchestrator.execute(EngineExecutionOrchestrator.java:198)
	at org.junit.platform.launcher.core.EngineExecutionOrchestrator.execute(EngineExecutionOrchestrator.java:169)
	at org.junit.platform.launcher.core.EngineExecutionOrchestrator.execute(EngineExecutionOrchestrator.java:93)
	at org.junit.platform.launcher.core.EngineExecutionOrchestrator.lambda$execute$0(EngineExecutionOrchestrator.java:58)
	at org.junit.platform.launcher.core.EngineExecutionOrchestrator.withInterceptedStreams(EngineExecutionOrchestrator.java:141)
	at org.junit.platform.launcher.core.EngineExecutionOrchestrator.execute(EngineExecutionOrchestrator.java:57)
	at org.junit.platform.launcher.core.DefaultLauncher.execute(DefaultLauncher.java:103)
	at org.junit.platform.launcher.core.DefaultLauncher.execute(DefaultLauncher.java:85)
	at org.junit.platform.launcher.core.DelegatingLauncher.execute(DelegatingLauncher.java:47)
	at org.junit.platform.launcher.core.SessionPerRequestLauncher.execute(SessionPerRequestLauncher.java:63)
	at com.intellij.junit5.JUnit5IdeaTestRunner.startRunnerWithArgs(JUnit5IdeaTestRunner.java:57)
	at com.intellij.rt.junit.IdeaTestRunner$Repeater$1.execute(IdeaTestRunner.java:38)
	at com.intellij.rt.execution.junit.TestsRepeater.repeat(TestsRepeater.java:11)
	at com.intellij.rt.junit.IdeaTestRunner$Repeater.startRunnerWithArgs(IdeaTestRunner.java:35)
	at com.intellij.rt.junit.JUnitStarter.prepareStreamsAndStart(JUnitStarter.java:232)
	at com.intellij.rt.junit.JUnitStarter.main(JUnitStarter.java:55)
2025-02-03 14:24:31 [main] INFO  l.insoft.uztis.tests.utils.TestUtils - Screenshot moved to C:\Users\ingrida.zadorozniene\Desktop\Asm\UZTIS\UZTIS_tests\test-output\screenshots\20250203\142431652_testFillNewApplication().png
2025-02-03 14:34:30 [main] INFO  lt.insoft.uztis.tests.UztisPageTest - Navigated to https://uztisdev.asseco.lt/home
2025-02-03 14:34:30 [main] INFO  l.i.u.t.SubmittedApplicationsPageTest - Starting test:'testFillNewApplication'
2025-02-03 14:34:30 [main] DEBUG l.i.u.t.SubmittedApplicationsPageTest - User logged in with test credentials.
2025-02-03 14:34:30 [main] DEBUG l.i.u.t.SubmittedApplicationsPageTest - Opened 'Application Processing' menu.
2025-02-03 14:34:31 [main] DEBUG l.i.u.t.SubmittedApplicationsPageTest - Clicked on 'Application Forms' menu.
2025-02-03 14:34:31 [main] DEBUG l.i.u.t.SubmittedApplicationsPageTest - Retrieved last description code text: 'TST-VUI-27'.
2025-02-03 14:34:32 [main] DEBUG l.i.u.t.SubmittedApplicationsPageTest - Clicked on 'Invitation' menu.
2025-02-03 14:34:32 [main] DEBUG l.i.u.t.SubmittedApplicationsPageTest - Selected application section by code: 'TST-VUI-27'.
2025-02-03 14:34:32 [main] DEBUG l.i.u.t.SubmittedApplicationsPageTest - Clicked 'Search' button.
2025-02-03 14:34:32 [main] DEBUG l.i.u.t.SubmittedApplicationsPageTest - Retrieved invitation code: ''.
2025-02-03 14:34:33 [main] DEBUG l.i.u.t.SubmittedApplicationsPageTest - Clicked on 'Submitted Applications' menu.
2025-02-03 14:34:34 [main] DEBUG l.i.u.t.SubmittedApplicationsPageTest - Selected invitation by code: 'TST-VUI-27'.
2025-02-03 14:34:34 [main] DEBUG l.i.u.t.SubmittedApplicationsPageTest - Invitation code inserted.
2025-02-03 14:34:34 [main] DEBUG l.i.u.t.SubmittedApplicationsPageTest - Clicked on 'Action Application' button.
2025-02-03 14:34:34 [main] DEBUG l.i.u.t.SubmittedApplicationsPageTest - Clicked on 'New Application' button.
2025-02-03 14:34:34 [main] DEBUG l.i.u.t.SubmittedApplicationsPageTest - Selected the 'RadioButtonFA' option.
2025-02-03 14:34:35 [main] DEBUG l.i.u.t.SubmittedApplicationsPageTest - Entered phone number: '61298745'.
2025-02-03 14:34:35 [main] DEBUG l.i.u.t.SubmittedApplicationsPageTest - Entered email: 'test@autotest.com'.
2025-02-03 14:34:35 [main] INFO  l.i.u.p.SubmittedApplicationsPage - Located the dropdown button.
2025-02-03 14:34:54 [main] INFO  l.i.u.p.SubmittedApplicationsPage - Found 1741 options in the dropdown.
2025-02-03 14:34:54 [main] INFO  l.i.u.p.SubmittedApplicationsPage - Successfully selected the value: '01.11 - Grūdinių (išskyrus ryžius), ankštinių ir aliejingų sėklų augalų auginimas'
2025-02-03 14:35:04 [main] ERROR l.i.u.p.SubmittedApplicationsPage - Failed to close the dropdown with aria-expanded = 'false'. Attempting manual close.
2025-02-03 14:35:04 [main] INFO  l.i.u.p.SubmittedApplicationsPage - Manual close attempt for the dropdown using body click.
2025-02-03 14:35:04 [main] DEBUG l.i.u.t.SubmittedApplicationsPageTest - Selected EVRK value: '01.11 - Grūdinių (išskyrus ryžius), ankštinių ir aliejingų sėklų augalų auginimas'.
2025-02-03 14:35:05 [main] DEBUG l.i.u.t.SubmittedApplicationsPageTest - Entered address: 'Vilniaus m. sav., Vilnius, Testo g. 10T'.
2025-02-03 14:35:05 [main] DEBUG l.i.u.t.SubmittedApplicationsPageTest - Entered project date.
2025-02-03 14:35:05 [main] DEBUG l.i.u.t.SubmittedApplicationsPageTest - Entered job count: '1'.
2025-02-03 14:35:05 [main] DEBUG l.i.u.t.SubmittedApplicationsPageTest - Clicked 'Next' button.
2025-02-03 14:35:05 [main] INFO  l.i.u.p.SubmittedApplicationsPage - Located the dropdown button.
2025-02-03 14:35:07 [main] INFO  l.i.u.p.SubmittedApplicationsPage - Successfully selected the value: 'Administratoriai'
2025-02-03 14:35:27 [main] ERROR l.i.u.p.SubmittedApplicationsPage - Timeout while waiting for dropdown to close with aria-expanded = 'false'.
2025-02-03 14:35:27 [main] DEBUG l.i.u.t.SubmittedApplicationsPageTest - Selected job name: 'Administratoriai'.
2025-02-03 14:35:27 [main] DEBUG l.i.u.t.SubmittedApplicationsPageTest - Entered job function: 'Funkcija 1'.
2025-02-03 14:35:27 [main] DEBUG l.i.u.t.SubmittedApplicationsPageTest - Selected 'RadioButtonWithDisabilities' option.
2025-02-03 14:35:27 [main] INFO  l.i.u.p.SubmittedApplicationsPage - Clicking on the dropdown button.
2025-02-03 14:35:28 [main] INFO  l.i.u.p.SubmittedApplicationsPage - Found 34 options in the dropdown.
2025-02-03 14:35:28 [main] DEBUG l.i.u.p.SubmittedApplicationsPage - Checking option: 'Asmenys, kuriems suteiktas pabėgėlio statusas ar perkeliamojo asmens statusas, arba asmenys, kuriems suteikta papildoma ar laikinoji apsauga, ir asmenys, turintys teisę gauti laikinąją apsaugą, iki sprendimo dėl laikinosios apsaugos suteikimo (nesuteikimo) priėmimo, tačiau ne ilgiau kaip laikinosios apsaugos laikotarpiu'
2025-02-03 14:35:28 [main] DEBUG l.i.u.p.SubmittedApplicationsPage - Checking option: 'Asmenys, kuriems suteiktas pabėgėlio statusas ar perkeliamojo asmens statusas, arba asmenys, kuriems suteikta papildoma ar laikinoji apsauga, ir asmenys, turintys teisę gauti laikinąją apsaugą, iki sprendimo dėl laikinosios apsaugos suteikimo (nesuteikimo) priėmimo, tačiau ne ilgiau kaip laikinosios apsaugos laikotarpiu'
2025-02-03 14:35:28 [main] DEBUG l.i.u.p.SubmittedApplicationsPage - Checking option: 'Asmenys, turintys teisę į papildomas užimtumo garantijas pagal Lietuvos Respublikos valstybės įmonės Ignalinos atominės elektrinės darbuotojų papildomų užimtumo ir socialinių garantijų įstatymą'
2025-02-03 14:35:28 [main] DEBUG l.i.u.p.SubmittedApplicationsPage - Checking option: 'Asmenys, turintys teisę į papildomas užimtumo garantijas pagal Lietuvos Respublikos valstybės įmonės Ignalinos atominės elektrinės darbuotojų papildomų užimtumo ir socialinių garantijų įstatymą'
2025-02-03 14:35:28 [main] DEBUG l.i.u.p.SubmittedApplicationsPage - Checking option: 'Bedarbiai iki 29 metų'
2025-02-03 14:35:28 [main] DEBUG l.i.u.p.SubmittedApplicationsPage - Checking option: 'Bedarbiai iki 29 metų'
2025-02-03 14:35:28 [main] DEBUG l.i.u.p.SubmittedApplicationsPage - Checking option: 'Bedarbiai, kurie yra darbingo amžiaus neįgalieji, kuriems nustatytas 30–40 procentų darbingumo lygis arba vidutinis neįgalumo lygis'
2025-02-03 14:35:28 [main] DEBUG l.i.u.p.SubmittedApplicationsPage - Checking option: 'Bedarbiai, kurie yra darbingo amžiaus neįgalieji, kuriems nustatytas 30–40 procentų darbingumo lygis arba vidutinis neįgalumo lygis'
2025-02-03 14:35:28 [main] DEBUG l.i.u.p.SubmittedApplicationsPage - Checking option: 'Bedarbiai, kurie yra darbingo amžiaus neįgalieji, kuriems nustatytas 45–55 procentų darbingumo lygis arba lengvas neįgalumo lygis'
2025-02-03 14:35:28 [main] DEBUG l.i.u.p.SubmittedApplicationsPage - Checking option: 'Bedarbiai, kurie yra darbingo amžiaus neįgalieji, kuriems nustatytas 45–55 procentų darbingumo lygis arba lengvas neįgalumo lygis'
2025-02-03 14:35:28 [main] DEBUG l.i.u.p.SubmittedApplicationsPage - Checking option: 'Bedarbiai, kurie yra darbingo amžiaus neįgalieji, kuriems nustatytas iki 25 procentų darbingumo lygis arba sunkus neįgalumo lygis'
2025-02-03 14:35:28 [main] INFO  l.i.u.p.SubmittedApplicationsPage - Successfully selected the value: 'Bedarbiai, kurie yra darbingo amžiaus neįgalieji, kuriems nustatytas iki 25 procentų darbingumo lygis arba sunkus neįgalumo lygis'
2025-02-03 14:35:28 [main] INFO  l.i.u.p.SubmittedApplicationsPage - Attempting to close the dropdown.
2025-02-03 14:35:39 [main] INFO  l.i.u.p.SubmittedApplicationsPage - Dropdown should be closed now.
2025-02-03 14:35:39 [main] DEBUG l.i.u.t.SubmittedApplicationsPageTest - Selected disabilities type: 'Bedarbiai, kurie yra darbingo amžiaus neįgalieji, kuriems nustatytas iki 25 procentų darbingumo lygis arba sunkus neįgalumo lygis'.
2025-02-03 14:35:39 [main] DEBUG l.i.u.t.SubmittedApplicationsPageTest - Entered disability information: 'Negalia 1'.
2025-02-03 14:35:39 [main] INFO  l.i.u.p.SubmittedApplicationsPage - Located the dropdown button.
2025-02-03 14:35:39 [main] INFO  l.i.u.p.SubmittedApplicationsPage - Successfully selected the value: 'Kita'
2025-02-03 14:35:50 [main] ERROR l.i.u.p.SubmittedApplicationsPage - Timeout while waiting for dropdown to close with aria-expanded = 'false'.
2025-02-03 14:35:50 [main] DEBUG l.i.u.t.SubmittedApplicationsPageTest - Selected time mode: 'Kita'.
2025-02-03 14:35:50 [main] DEBUG l.i.u.t.SubmittedApplicationsPageTest - Selected time mode other: '6 val. per dieną ir 4 d. per savaitę'.
2025-02-03 14:35:50 [main] DEBUG l.i.u.t.SubmittedApplicationsPageTest - Entered qualification: 'Kvalifikacija 1'.
2025-02-03 14:35:50 [main] DEBUG l.i.u.t.SubmittedApplicationsPageTest - Entered job date.
2025-02-03 14:35:50 [main] DEBUG l.i.u.t.SubmittedApplicationsPageTest - Entered salary amount: '1200'.
2025-02-03 14:35:50 [main] DEBUG l.i.u.t.SubmittedApplicationsPageTest - Selected 'Temporary Job' radio button.
2025-02-03 14:35:51 [main] DEBUG l.i.u.t.SubmittedApplicationsPageTest - Selected 'Season Job' radio button.
2025-02-03 14:35:51 [main] DEBUG l.i.u.t.SubmittedApplicationsPageTest - Selected 'Energy' radio button.
2025-02-03 14:35:51 [main] DEBUG l.i.u.t.SubmittedApplicationsPageTest - Selected 'Repair' radio button.
2025-02-03 14:35:51 [main] DEBUG l.i.u.t.SubmittedApplicationsPageTest - Entered job description: 'Veikla 1'.
2025-02-03 14:35:51 [main] DEBUG l.i.u.t.SubmittedApplicationsPageTest - Entered process description: 'Procesas 1'.
2025-02-03 14:35:51 [main] DEBUG l.i.u.t.SubmittedApplicationsPageTest - Entered energy information: 'Energija 1'.
2025-02-03 14:35:52 [main] DEBUG l.i.u.t.SubmittedApplicationsPageTest - Entered repair information: 'Remontas 1'.
2025-02-03 14:35:52 [main] DEBUG l.i.u.t.SubmittedApplicationsPageTest - Selected 'PVM' radio button.
2025-02-03 14:35:52 [main] INFO  l.i.u.p.SubmittedApplicationsPage - Located the dropdown button.
2025-02-03 14:35:52 [main] INFO  l.i.u.p.SubmittedApplicationsPage - Successfully selected the value: 'Įsigyti'
2025-02-03 14:36:12 [main] ERROR l.i.u.p.SubmittedApplicationsPage - Timeout while waiting for dropdown to close with aria-expanded = 'false'.
2025-02-03 14:36:12 [main] DEBUG l.i.u.t.SubmittedApplicationsPageTest - Selected necessary for job: 'Įsigyti'.
2025-02-03 14:36:12 [main] DEBUG l.i.u.t.SubmittedApplicationsPageTest - Selected tool: 'Darbo priemonė 1'.
2025-02-03 14:36:13 [main] DEBUG l.i.u.t.SubmittedApplicationsPageTest - Selected tool parameter one: 'Darbo priemonės 1 parametras 1'.
2025-02-03 14:36:13 [main] DEBUG l.i.u.t.SubmittedApplicationsPageTest - Selected tool parameter two: 'Darbo priemonės 1 parametras 2'.
2025-02-03 14:36:13 [main] DEBUG l.i.u.t.SubmittedApplicationsPageTest - Selected tool parameter three: 'Darbo priemonės 1 parametras 3'.
2025-02-03 14:36:13 [main] DEBUG l.i.u.t.SubmittedApplicationsPageTest - Entered tool count: '1'.
2025-02-03 14:36:13 [main] DEBUG l.i.u.t.SubmittedApplicationsPageTest - Entered price amount: '1000'.
2025-02-03 14:36:14 [main] DEBUG l.i.u.t.SubmittedApplicationsPageTest - Entered own funds amount: '800'.
2025-02-03 14:36:14 [main] DEBUG l.i.u.t.SubmittedApplicationsPageTest - Entered country percentage: '50'.
2025-02-03 14:36:14 [main] DEBUG l.i.u.t.SubmittedApplicationsPageTest - Entered institution percentage: '50'.
2025-02-03 14:36:14 [main] DEBUG l.i.u.t.SubmittedApplicationsPageTest - Entered municipality percentage: '50'.
2025-02-03 14:36:14 [main] DEBUG l.i.u.t.SubmittedApplicationsPageTest - Selected 'De Minimis' radio button.
2025-02-03 14:36:14 [main] DEBUG l.i.u.t.SubmittedApplicationsPageTest - Entered program name: 'Programa 1'.
2025-02-03 14:36:15 [main] DEBUG l.i.u.t.SubmittedApplicationsPageTest - Entered project date from.
2025-02-03 14:36:15 [main] DEBUG l.i.u.t.SubmittedApplicationsPageTest - Entered project date until.
2025-02-03 14:36:15 [main] DEBUG l.i.u.t.SubmittedApplicationsPageTest - Entered support amount: '2000'.
2025-02-03 14:36:15 [main] DEBUG l.i.u.t.SubmittedApplicationsPageTest - Clicked 'Next' button.
2025-02-03 14:36:25 [main] DEBUG l.i.u.t.SubmittedApplicationsPageTest - Checked 'Legal Entities' checkbox 1.
2025-02-03 14:36:35 [main] DEBUG l.i.u.t.SubmittedApplicationsPageTest - Checked 'Legal Entities' checkbox 2.
2025-02-03 14:36:45 [main] DEBUG l.i.u.t.SubmittedApplicationsPageTest - Checked 'Legal Entities' checkbox 3.
2025-02-03 14:36:45 [main] DEBUG l.i.u.t.SubmittedApplicationsPageTest - Clicked 'Next' button after checkboxes.
2025-02-03 14:36:56 [main] ERROR l.i.u.t.SubmittedApplicationsPageTest - Test 'testFillNewApplication' failed with error: Expected condition failed: waiting for element to be clickable: [[ChromeDriver: chrome on windows (f9d8b57513c9a378cfcb65f46beea197)] -> xpath: //input[@type='radio' and @value='false']] (tried for 10 second(s) with 500 milliseconds interval)
Build info: version: '4.27.0', revision: 'd6e718d134'
System info: os.name: 'Windows 11', os.arch: 'amd64', os.version: '10.0', java.version: '21.0.3'
Driver info: org.openqa.selenium.chrome.ChromeDriver
Capabilities {acceptInsecureCerts: false, browserName: chrome, browserVersion: 132.0.6834.160, chrome: {chromedriverVersion: 132.0.6834.159 (2d77d3fc445..., userDataDir: C:\Users\INGRID~1.ZAD\AppDa...}, fedcm:accounts: true, goog:chromeOptions: {debuggerAddress: localhost:52815}, networkConnectionEnabled: false, pageLoadStrategy: normal, platformName: windows, proxy: Proxy(), se:cdp: ws://localhost:52815/devtoo..., se:cdpVersion: 132.0.6834.160, setWindowRect: true, strictFileInteractability: false, timeouts: {implicit: 0, pageLoad: 300000, script: 30000}, unhandledPromptBehavior: dismiss and notify, webauthn:extension:credBlob: true, webauthn:extension:largeBlob: true, webauthn:extension:minPinLength: true, webauthn:extension:prf: true, webauthn:virtualAuthenticators: true}
Session ID: f9d8b57513c9a378cfcb65f46beea197
org.openqa.selenium.TimeoutException: Expected condition failed: waiting for element to be clickable: [[ChromeDriver: chrome on windows (f9d8b57513c9a378cfcb65f46beea197)] -> xpath: //input[@type='radio' and @value='false']] (tried for 10 second(s) with 500 milliseconds interval)
Build info: version: '4.27.0', revision: 'd6e718d134'
System info: os.name: 'Windows 11', os.arch: 'amd64', os.version: '10.0', java.version: '21.0.3'
Driver info: org.openqa.selenium.chrome.ChromeDriver
Capabilities {acceptInsecureCerts: false, browserName: chrome, browserVersion: 132.0.6834.160, chrome: {chromedriverVersion: 132.0.6834.159 (2d77d3fc445..., userDataDir: C:\Users\INGRID~1.ZAD\AppDa...}, fedcm:accounts: true, goog:chromeOptions: {debuggerAddress: localhost:52815}, networkConnectionEnabled: false, pageLoadStrategy: normal, platformName: windows, proxy: Proxy(), se:cdp: ws://localhost:52815/devtoo..., se:cdpVersion: 132.0.6834.160, setWindowRect: true, strictFileInteractability: false, timeouts: {implicit: 0, pageLoad: 300000, script: 30000}, unhandledPromptBehavior: dismiss and notify, webauthn:extension:credBlob: true, webauthn:extension:largeBlob: true, webauthn:extension:minPinLength: true, webauthn:extension:prf: true, webauthn:virtualAuthenticators: true}
Session ID: f9d8b57513c9a378cfcb65f46beea197
	at org.openqa.selenium.support.ui.WebDriverWait.timeoutException(WebDriverWait.java:84)
	at org.openqa.selenium.support.ui.FluentWait.until(FluentWait.java:228)
	at lt.insoft.uztis.pages.SubmittedApplicationsPage.selectRadioButtonFalse(SubmittedApplicationsPage.java:762)
	at lt.insoft.uztis.tests.SubmittedApplicationsPageTest.testFillNewApplication(SubmittedApplicationsPageTest.java:326)
	at java.base/jdk.internal.reflect.DirectMethodHandleAccessor.invoke(DirectMethodHandleAccessor.java:103)
	at java.base/java.lang.reflect.Method.invoke(Method.java:580)
	at org.junit.platform.commons.util.ReflectionUtils.invokeMethod(ReflectionUtils.java:728)
	at org.junit.jupiter.engine.execution.MethodInvocation.proceed(MethodInvocation.java:60)
	at org.junit.jupiter.engine.execution.InvocationInterceptorChain$ValidatingInvocation.proceed(InvocationInterceptorChain.java:131)
	at org.junit.jupiter.engine.extension.TimeoutExtension.intercept(TimeoutExtension.java:156)
	at org.junit.jupiter.engine.extension.TimeoutExtension.interceptTestableMethod(TimeoutExtension.java:147)
	at org.junit.jupiter.engine.extension.TimeoutExtension.interceptTestMethod(TimeoutExtension.java:86)
	at org.junit.jupiter.engine.execution.InterceptingExecutableInvoker$ReflectiveInterceptorCall.lambda$ofVoidMethod$0(InterceptingExecutableInvoker.java:103)
	at org.junit.jupiter.engine.execution.InterceptingExecutableInvoker.lambda$invoke$0(InterceptingExecutableInvoker.java:93)
	at org.junit.jupiter.engine.execution.InvocationInterceptorChain$InterceptedInvocation.proceed(InvocationInterceptorChain.java:106)
	at org.junit.jupiter.engine.execution.InvocationInterceptorChain.proceed(InvocationInterceptorChain.java:64)
	at org.junit.jupiter.engine.execution.InvocationInterceptorChain.chainAndInvoke(InvocationInterceptorChain.java:45)
	at org.junit.jupiter.engine.execution.InvocationInterceptorChain.invoke(InvocationInterceptorChain.java:37)
	at org.junit.jupiter.engine.execution.InterceptingExecutableInvoker.invoke(InterceptingExecutableInvoker.java:92)
	at org.junit.jupiter.engine.execution.InterceptingExecutableInvoker.invoke(InterceptingExecutableInvoker.java:86)
	at org.junit.jupiter.engine.descriptor.TestMethodTestDescriptor.lambda$invokeTestMethod$7(TestMethodTestDescriptor.java:218)
	at org.junit.platform.engine.support.hierarchical.ThrowableCollector.execute(ThrowableCollector.java:73)
	at org.junit.jupiter.engine.descriptor.TestMethodTestDescriptor.invokeTestMethod(TestMethodTestDescriptor.java:214)
	at org.junit.jupiter.engine.descriptor.TestMethodTestDescriptor.execute(TestMethodTestDescriptor.java:139)
	at org.junit.jupiter.engine.descriptor.TestMethodTestDescriptor.execute(TestMethodTestDescriptor.java:69)
	at org.junit.platform.engine.support.hierarchical.NodeTestTask.lambda$executeRecursively$6(NodeTestTask.java:151)
	at org.junit.platform.engine.support.hierarchical.ThrowableCollector.execute(ThrowableCollector.java:73)
	at org.junit.platform.engine.support.hierarchical.NodeTestTask.lambda$executeRecursively$8(NodeTestTask.java:141)
	at org.junit.platform.engine.support.hierarchical.Node.around(Node.java:137)
	at org.junit.platform.engine.support.hierarchical.NodeTestTask.lambda$executeRecursively$9(NodeTestTask.java:139)
	at org.junit.platform.engine.support.hierarchical.ThrowableCollector.execute(ThrowableCollector.java:73)
	at org.junit.platform.engine.support.hierarchical.NodeTestTask.executeRecursively(NodeTestTask.java:138)
	at org.junit.platform.engine.support.hierarchical.NodeTestTask.execute(NodeTestTask.java:95)
	at java.base/java.util.ArrayList.forEach(ArrayList.java:1596)
	at org.junit.platform.engine.support.hierarchical.SameThreadHierarchicalTestExecutorService.invokeAll(SameThreadHierarchicalTestExecutorService.java:41)
	at org.junit.platform.engine.support.hierarchical.NodeTestTask.lambda$executeRecursively$6(NodeTestTask.java:155)
	at org.junit.platform.engine.support.hierarchical.ThrowableCollector.execute(ThrowableCollector.java:73)
	at org.junit.platform.engine.support.hierarchical.NodeTestTask.lambda$executeRecursively$8(NodeTestTask.java:141)
	at org.junit.platform.engine.support.hierarchical.Node.around(Node.java:137)
	at org.junit.platform.engine.support.hierarchical.NodeTestTask.lambda$executeRecursively$9(NodeTestTask.java:139)
	at org.junit.platform.engine.support.hierarchical.ThrowableCollector.execute(ThrowableCollector.java:73)
	at org.junit.platform.engine.support.hierarchical.NodeTestTask.executeRecursively(NodeTestTask.java:138)
	at org.junit.platform.engine.support.hierarchical.NodeTestTask.execute(NodeTestTask.java:95)
	at java.base/java.util.ArrayList.forEach(ArrayList.java:1596)
	at org.junit.platform.engine.support.hierarchical.SameThreadHierarchicalTestExecutorService.invokeAll(SameThreadHierarchicalTestExecutorService.java:41)
	at org.junit.platform.engine.support.hierarchical.NodeTestTask.lambda$executeRecursively$6(NodeTestTask.java:155)
	at org.junit.platform.engine.support.hierarchical.ThrowableCollector.execute(ThrowableCollector.java:73)
	at org.junit.platform.engine.support.hierarchical.NodeTestTask.lambda$executeRecursively$8(NodeTestTask.java:141)
	at org.junit.platform.engine.support.hierarchical.Node.around(Node.java:137)
	at org.junit.platform.engine.support.hierarchical.NodeTestTask.lambda$executeRecursively$9(NodeTestTask.java:139)
	at org.junit.platform.engine.support.hierarchical.ThrowableCollector.execute(ThrowableCollector.java:73)
	at org.junit.platform.engine.support.hierarchical.NodeTestTask.executeRecursively(NodeTestTask.java:138)
	at org.junit.platform.engine.support.hierarchical.NodeTestTask.execute(NodeTestTask.java:95)
	at org.junit.platform.engine.support.hierarchical.SameThreadHierarchicalTestExecutorService.submit(SameThreadHierarchicalTestExecutorService.java:35)
	at org.junit.platform.engine.support.hierarchical.HierarchicalTestExecutor.execute(HierarchicalTestExecutor.java:57)
	at org.junit.platform.engine.support.hierarchical.HierarchicalTestEngine.execute(HierarchicalTestEngine.java:54)
	at org.junit.platform.launcher.core.EngineExecutionOrchestrator.execute(EngineExecutionOrchestrator.java:198)
	at org.junit.platform.launcher.core.EngineExecutionOrchestrator.execute(EngineExecutionOrchestrator.java:169)
	at org.junit.platform.launcher.core.EngineExecutionOrchestrator.execute(EngineExecutionOrchestrator.java:93)
	at org.junit.platform.launcher.core.EngineExecutionOrchestrator.lambda$execute$0(EngineExecutionOrchestrator.java:58)
	at org.junit.platform.launcher.core.EngineExecutionOrchestrator.withInterceptedStreams(EngineExecutionOrchestrator.java:141)
	at org.junit.platform.launcher.core.EngineExecutionOrchestrator.execute(EngineExecutionOrchestrator.java:57)
	at org.junit.platform.launcher.core.DefaultLauncher.execute(DefaultLauncher.java:103)
	at org.junit.platform.launcher.core.DefaultLauncher.execute(DefaultLauncher.java:85)
	at org.junit.platform.launcher.core.DelegatingLauncher.execute(DelegatingLauncher.java:47)
	at org.junit.platform.launcher.core.SessionPerRequestLauncher.execute(SessionPerRequestLauncher.java:63)
	at com.intellij.junit5.JUnit5IdeaTestRunner.startRunnerWithArgs(JUnit5IdeaTestRunner.java:57)
	at com.intellij.rt.junit.IdeaTestRunner$Repeater$1.execute(IdeaTestRunner.java:38)
	at com.intellij.rt.execution.junit.TestsRepeater.repeat(TestsRepeater.java:11)
	at com.intellij.rt.junit.IdeaTestRunner$Repeater.startRunnerWithArgs(IdeaTestRunner.java:35)
	at com.intellij.rt.junit.JUnitStarter.prepareStreamsAndStart(JUnitStarter.java:232)
	at com.intellij.rt.junit.JUnitStarter.main(JUnitStarter.java:55)
2025-02-03 14:36:56 [main] INFO  l.insoft.uztis.tests.utils.TestUtils - Screenshot moved to C:\Users\ingrida.zadorozniene\Desktop\Asm\UZTIS\UZTIS_tests\test-output\screenshots\20250203\143656428_testFillNewApplication().png
2025-02-03 14:43:32 [main] INFO  lt.insoft.uztis.tests.UztisPageTest - Navigated to https://uztisdev.asseco.lt/home
2025-02-03 14:43:32 [main] INFO  l.i.u.t.SubmittedApplicationsPageTest - Starting test:'testFillNewApplication'
2025-02-03 14:43:33 [main] DEBUG l.i.u.t.SubmittedApplicationsPageTest - User logged in with test credentials.
2025-02-03 14:43:33 [main] DEBUG l.i.u.t.SubmittedApplicationsPageTest - Opened 'Application Processing' menu.
2025-02-03 14:43:33 [main] DEBUG l.i.u.t.SubmittedApplicationsPageTest - Clicked on 'Application Forms' menu.
2025-02-03 14:43:34 [main] DEBUG l.i.u.t.SubmittedApplicationsPageTest - Retrieved last description code text: 'DVP'.
2025-02-03 14:43:34 [main] DEBUG l.i.u.t.SubmittedApplicationsPageTest - Clicked on 'Invitation' menu.
2025-02-03 14:43:35 [main] DEBUG l.i.u.t.SubmittedApplicationsPageTest - Selected application section by code: 'DVP'.
2025-02-03 14:43:35 [main] DEBUG l.i.u.t.SubmittedApplicationsPageTest - Clicked 'Search' button.
2025-02-03 14:43:35 [main] DEBUG l.i.u.t.SubmittedApplicationsPageTest - Retrieved invitation code: ''.
2025-02-03 14:43:35 [main] DEBUG l.i.u.t.SubmittedApplicationsPageTest - Clicked on 'Submitted Applications' menu.
2025-02-03 14:43:36 [main] DEBUG l.i.u.t.SubmittedApplicationsPageTest - Selected invitation by code: 'DVP'.
2025-02-03 14:43:36 [main] DEBUG l.i.u.t.SubmittedApplicationsPageTest - Invitation code inserted.
2025-02-03 14:43:36 [main] DEBUG l.i.u.t.SubmittedApplicationsPageTest - Clicked on 'Action Application' button.
2025-02-03 14:43:46 [main] ERROR l.i.u.t.SubmittedApplicationsPageTest - Test 'testFillNewApplication' failed with error: no such element: Unable to locate element: {"method":"xpath","selector":"//button[contains(@class, 'mat-mdc-menu-item') and .//span[contains(text(), 'Pateikti naują')]]"}
  (Session info: chrome=132.0.6834.160)
For documentation on this error, please visit: https://www.selenium.dev/documentation/webdriver/troubleshooting/errors#no-such-element-exception
Build info: version: '4.27.0', revision: 'd6e718d134'
System info: os.name: 'Windows 11', os.arch: 'amd64', os.version: '10.0', java.version: '21.0.3'
Driver info: org.openqa.selenium.chrome.ChromeDriver
Command: [9396b6ae7bde19c5338921ad701674f9, findElement {value=//button[contains(@class, 'mat-mdc-menu-item') and .//span[contains(text(), 'Pateikti naują')]], using=xpath}]
Capabilities {acceptInsecureCerts: false, browserName: chrome, browserVersion: 132.0.6834.160, chrome: {chromedriverVersion: 132.0.6834.159 (2d77d3fc445..., userDataDir: C:\Users\INGRID~1.ZAD\AppDa...}, fedcm:accounts: true, goog:chromeOptions: {debuggerAddress: localhost:53129}, networkConnectionEnabled: false, pageLoadStrategy: normal, platformName: windows, proxy: Proxy(), se:cdp: ws://localhost:53129/devtoo..., se:cdpVersion: 132.0.6834.160, setWindowRect: true, strictFileInteractability: false, timeouts: {implicit: 0, pageLoad: 300000, script: 30000}, unhandledPromptBehavior: dismiss and notify, webauthn:extension:credBlob: true, webauthn:extension:largeBlob: true, webauthn:extension:minPinLength: true, webauthn:extension:prf: true, webauthn:virtualAuthenticators: true}
Session ID: 9396b6ae7bde19c5338921ad701674f9
org.openqa.selenium.NoSuchElementException: no such element: Unable to locate element: {"method":"xpath","selector":"//button[contains(@class, 'mat-mdc-menu-item') and .//span[contains(text(), 'Pateikti naują')]]"}
  (Session info: chrome=132.0.6834.160)
For documentation on this error, please visit: https://www.selenium.dev/documentation/webdriver/troubleshooting/errors#no-such-element-exception
Build info: version: '4.27.0', revision: 'd6e718d134'
System info: os.name: 'Windows 11', os.arch: 'amd64', os.version: '10.0', java.version: '21.0.3'
Driver info: org.openqa.selenium.chrome.ChromeDriver
Command: [9396b6ae7bde19c5338921ad701674f9, findElement {value=//button[contains(@class, 'mat-mdc-menu-item') and .//span[contains(text(), 'Pateikti naują')]], using=xpath}]
Capabilities {acceptInsecureCerts: false, browserName: chrome, browserVersion: 132.0.6834.160, chrome: {chromedriverVersion: 132.0.6834.159 (2d77d3fc445..., userDataDir: C:\Users\INGRID~1.ZAD\AppDa...}, fedcm:accounts: true, goog:chromeOptions: {debuggerAddress: localhost:53129}, networkConnectionEnabled: false, pageLoadStrategy: normal, platformName: windows, proxy: Proxy(), se:cdp: ws://localhost:53129/devtoo..., se:cdpVersion: 132.0.6834.160, setWindowRect: true, strictFileInteractability: false, timeouts: {implicit: 0, pageLoad: 300000, script: 30000}, unhandledPromptBehavior: dismiss and notify, webauthn:extension:credBlob: true, webauthn:extension:largeBlob: true, webauthn:extension:minPinLength: true, webauthn:extension:prf: true, webauthn:virtualAuthenticators: true}
Session ID: 9396b6ae7bde19c5338921ad701674f9
	at java.base/jdk.internal.reflect.DirectConstructorHandleAccessor.newInstance(DirectConstructorHandleAccessor.java:62)
	at java.base/java.lang.reflect.Constructor.newInstanceWithCaller(Constructor.java:502)
	at java.base/java.lang.reflect.Constructor.newInstance(Constructor.java:486)
	at org.openqa.selenium.remote.ErrorCodec.decode(ErrorCodec.java:167)
	at org.openqa.selenium.remote.codec.w3c.W3CHttpResponseCodec.decode(W3CHttpResponseCodec.java:138)
	at org.openqa.selenium.remote.codec.w3c.W3CHttpResponseCodec.decode(W3CHttpResponseCodec.java:50)
	at org.openqa.selenium.remote.HttpCommandExecutor.execute(HttpCommandExecutor.java:190)
	at org.openqa.selenium.remote.service.DriverCommandExecutor.invokeExecute(DriverCommandExecutor.java:216)
	at org.openqa.selenium.remote.service.DriverCommandExecutor.execute(DriverCommandExecutor.java:174)
	at org.openqa.selenium.remote.RemoteWebDriver.execute(RemoteWebDriver.java:545)
	at org.openqa.selenium.remote.ElementLocation$ElementFinder$2.findElement(ElementLocation.java:165)
	at org.openqa.selenium.remote.ElementLocation.findElement(ElementLocation.java:59)
	at org.openqa.selenium.remote.RemoteWebDriver.findElement(RemoteWebDriver.java:368)
	at org.openqa.selenium.remote.RemoteWebDriver.findElement(RemoteWebDriver.java:362)
	at org.openqa.selenium.support.pagefactory.DefaultElementLocator.findElement(DefaultElementLocator.java:68)
	at org.openqa.selenium.support.pagefactory.internal.LocatingElementHandler.invoke(LocatingElementHandler.java:38)
	at jdk.proxy2/jdk.proxy2.$Proxy14.click(Unknown Source)
	at lt.insoft.uztis.pages.SubmittedApplicationsPage.clickButtonNewApplication(SubmittedApplicationsPage.java:269)
	at lt.insoft.uztis.tests.SubmittedApplicationsPageTest.testFillNewApplication(SubmittedApplicationsPageTest.java:144)
	at java.base/jdk.internal.reflect.DirectMethodHandleAccessor.invoke(DirectMethodHandleAccessor.java:103)
	at java.base/java.lang.reflect.Method.invoke(Method.java:580)
	at org.junit.platform.commons.util.ReflectionUtils.invokeMethod(ReflectionUtils.java:728)
	at org.junit.jupiter.engine.execution.MethodInvocation.proceed(MethodInvocation.java:60)
	at org.junit.jupiter.engine.execution.InvocationInterceptorChain$ValidatingInvocation.proceed(InvocationInterceptorChain.java:131)
	at org.junit.jupiter.engine.extension.TimeoutExtension.intercept(TimeoutExtension.java:156)
	at org.junit.jupiter.engine.extension.TimeoutExtension.interceptTestableMethod(TimeoutExtension.java:147)
	at org.junit.jupiter.engine.extension.TimeoutExtension.interceptTestMethod(TimeoutExtension.java:86)
	at org.junit.jupiter.engine.execution.InterceptingExecutableInvoker$ReflectiveInterceptorCall.lambda$ofVoidMethod$0(InterceptingExecutableInvoker.java:103)
	at org.junit.jupiter.engine.execution.InterceptingExecutableInvoker.lambda$invoke$0(InterceptingExecutableInvoker.java:93)
	at org.junit.jupiter.engine.execution.InvocationInterceptorChain$InterceptedInvocation.proceed(InvocationInterceptorChain.java:106)
	at org.junit.jupiter.engine.execution.InvocationInterceptorChain.proceed(InvocationInterceptorChain.java:64)
	at org.junit.jupiter.engine.execution.InvocationInterceptorChain.chainAndInvoke(InvocationInterceptorChain.java:45)
	at org.junit.jupiter.engine.execution.InvocationInterceptorChain.invoke(InvocationInterceptorChain.java:37)
	at org.junit.jupiter.engine.execution.InterceptingExecutableInvoker.invoke(InterceptingExecutableInvoker.java:92)
	at org.junit.jupiter.engine.execution.InterceptingExecutableInvoker.invoke(InterceptingExecutableInvoker.java:86)
	at org.junit.jupiter.engine.descriptor.TestMethodTestDescriptor.lambda$invokeTestMethod$7(TestMethodTestDescriptor.java:218)
	at org.junit.platform.engine.support.hierarchical.ThrowableCollector.execute(ThrowableCollector.java:73)
	at org.junit.jupiter.engine.descriptor.TestMethodTestDescriptor.invokeTestMethod(TestMethodTestDescriptor.java:214)
	at org.junit.jupiter.engine.descriptor.TestMethodTestDescriptor.execute(TestMethodTestDescriptor.java:139)
	at org.junit.jupiter.engine.descriptor.TestMethodTestDescriptor.execute(TestMethodTestDescriptor.java:69)
	at org.junit.platform.engine.support.hierarchical.NodeTestTask.lambda$executeRecursively$6(NodeTestTask.java:151)
	at org.junit.platform.engine.support.hierarchical.ThrowableCollector.execute(ThrowableCollector.java:73)
	at org.junit.platform.engine.support.hierarchical.NodeTestTask.lambda$executeRecursively$8(NodeTestTask.java:141)
	at org.junit.platform.engine.support.hierarchical.Node.around(Node.java:137)
	at org.junit.platform.engine.support.hierarchical.NodeTestTask.lambda$executeRecursively$9(NodeTestTask.java:139)
	at org.junit.platform.engine.support.hierarchical.ThrowableCollector.execute(ThrowableCollector.java:73)
	at org.junit.platform.engine.support.hierarchical.NodeTestTask.executeRecursively(NodeTestTask.java:138)
	at org.junit.platform.engine.support.hierarchical.NodeTestTask.execute(NodeTestTask.java:95)
	at java.base/java.util.ArrayList.forEach(ArrayList.java:1596)
	at org.junit.platform.engine.support.hierarchical.SameThreadHierarchicalTestExecutorService.invokeAll(SameThreadHierarchicalTestExecutorService.java:41)
	at org.junit.platform.engine.support.hierarchical.NodeTestTask.lambda$executeRecursively$6(NodeTestTask.java:155)
	at org.junit.platform.engine.support.hierarchical.ThrowableCollector.execute(ThrowableCollector.java:73)
	at org.junit.platform.engine.support.hierarchical.NodeTestTask.lambda$executeRecursively$8(NodeTestTask.java:141)
	at org.junit.platform.engine.support.hierarchical.Node.around(Node.java:137)
	at org.junit.platform.engine.support.hierarchical.NodeTestTask.lambda$executeRecursively$9(NodeTestTask.java:139)
	at org.junit.platform.engine.support.hierarchical.ThrowableCollector.execute(ThrowableCollector.java:73)
	at org.junit.platform.engine.support.hierarchical.NodeTestTask.executeRecursively(NodeTestTask.java:138)
	at org.junit.platform.engine.support.hierarchical.NodeTestTask.execute(NodeTestTask.java:95)
	at java.base/java.util.ArrayList.forEach(ArrayList.java:1596)
	at org.junit.platform.engine.support.hierarchical.SameThreadHierarchicalTestExecutorService.invokeAll(SameThreadHierarchicalTestExecutorService.java:41)
	at org.junit.platform.engine.support.hierarchical.NodeTestTask.lambda$executeRecursively$6(NodeTestTask.java:155)
	at org.junit.platform.engine.support.hierarchical.ThrowableCollector.execute(ThrowableCollector.java:73)
	at org.junit.platform.engine.support.hierarchical.NodeTestTask.lambda$executeRecursively$8(NodeTestTask.java:141)
	at org.junit.platform.engine.support.hierarchical.Node.around(Node.java:137)
	at org.junit.platform.engine.support.hierarchical.NodeTestTask.lambda$executeRecursively$9(NodeTestTask.java:139)
	at org.junit.platform.engine.support.hierarchical.ThrowableCollector.execute(ThrowableCollector.java:73)
	at org.junit.platform.engine.support.hierarchical.NodeTestTask.executeRecursively(NodeTestTask.java:138)
	at org.junit.platform.engine.support.hierarchical.NodeTestTask.execute(NodeTestTask.java:95)
	at org.junit.platform.engine.support.hierarchical.SameThreadHierarchicalTestExecutorService.submit(SameThreadHierarchicalTestExecutorService.java:35)
	at org.junit.platform.engine.support.hierarchical.HierarchicalTestExecutor.execute(HierarchicalTestExecutor.java:57)
	at org.junit.platform.engine.support.hierarchical.HierarchicalTestEngine.execute(HierarchicalTestEngine.java:54)
	at org.junit.platform.launcher.core.EngineExecutionOrchestrator.execute(EngineExecutionOrchestrator.java:198)
	at org.junit.platform.launcher.core.EngineExecutionOrchestrator.execute(EngineExecutionOrchestrator.java:169)
	at org.junit.platform.launcher.core.EngineExecutionOrchestrator.execute(EngineExecutionOrchestrator.java:93)
	at org.junit.platform.launcher.core.EngineExecutionOrchestrator.lambda$execute$0(EngineExecutionOrchestrator.java:58)
	at org.junit.platform.launcher.core.EngineExecutionOrchestrator.withInterceptedStreams(EngineExecutionOrchestrator.java:141)
	at org.junit.platform.launcher.core.EngineExecutionOrchestrator.execute(EngineExecutionOrchestrator.java:57)
	at org.junit.platform.launcher.core.DefaultLauncher.execute(DefaultLauncher.java:103)
	at org.junit.platform.launcher.core.DefaultLauncher.execute(DefaultLauncher.java:85)
	at org.junit.platform.launcher.core.DelegatingLauncher.execute(DelegatingLauncher.java:47)
	at org.junit.platform.launcher.core.SessionPerRequestLauncher.execute(SessionPerRequestLauncher.java:63)
	at com.intellij.junit5.JUnit5IdeaTestRunner.startRunnerWithArgs(JUnit5IdeaTestRunner.java:57)
	at com.intellij.rt.junit.IdeaTestRunner$Repeater$1.execute(IdeaTestRunner.java:38)
	at com.intellij.rt.execution.junit.TestsRepeater.repeat(TestsRepeater.java:11)
	at com.intellij.rt.junit.IdeaTestRunner$Repeater.startRunnerWithArgs(IdeaTestRunner.java:35)
	at com.intellij.rt.junit.JUnitStarter.prepareStreamsAndStart(JUnitStarter.java:232)
	at com.intellij.rt.junit.JUnitStarter.main(JUnitStarter.java:55)
2025-02-03 14:43:46 [main] INFO  l.insoft.uztis.tests.utils.TestUtils - Screenshot moved to C:\Users\ingrida.zadorozniene\Desktop\Asm\UZTIS\UZTIS_tests\test-output\screenshots\20250203\144346689_testFillNewApplication().png
2025-02-03 14:46:47 [main] INFO  lt.insoft.uztis.tests.UztisPageTest - Navigated to https://uztisdev.asseco.lt/home
2025-02-03 14:46:47 [main] INFO  l.i.u.t.SubmittedApplicationsPageTest - Starting test:'testFillNewApplication'
2025-02-03 14:46:48 [main] DEBUG l.i.u.t.SubmittedApplicationsPageTest - User logged in with test credentials.
2025-02-03 14:46:48 [main] DEBUG l.i.u.t.SubmittedApplicationsPageTest - Opened 'Application Processing' menu.
2025-02-03 14:46:48 [main] DEBUG l.i.u.t.SubmittedApplicationsPageTest - Clicked on 'Application Forms' menu.
2025-02-03 14:46:49 [main] DEBUG l.i.u.t.SubmittedApplicationsPageTest - Retrieved last description code text: 'TST-VUI-27'.
2025-02-03 14:46:49 [main] DEBUG l.i.u.t.SubmittedApplicationsPageTest - Clicked on 'Invitation' menu.
2025-02-03 14:46:50 [main] DEBUG l.i.u.t.SubmittedApplicationsPageTest - Selected application section by code: 'TST-VUI-27'.
2025-02-03 14:46:50 [main] DEBUG l.i.u.t.SubmittedApplicationsPageTest - Clicked 'Search' button.
2025-02-03 14:46:50 [main] DEBUG l.i.u.t.SubmittedApplicationsPageTest - Retrieved invitation code: ''.
2025-02-03 14:46:50 [main] DEBUG l.i.u.t.SubmittedApplicationsPageTest - Clicked on 'Submitted Applications' menu.
2025-02-03 14:46:51 [main] DEBUG l.i.u.t.SubmittedApplicationsPageTest - Selected invitation by code: 'TST-VUI-27'.
2025-02-03 14:46:51 [main] DEBUG l.i.u.t.SubmittedApplicationsPageTest - Invitation code inserted.
2025-02-03 14:46:51 [main] DEBUG l.i.u.t.SubmittedApplicationsPageTest - Clicked on 'Action Application' button.
2025-02-03 14:46:51 [main] DEBUG l.i.u.t.SubmittedApplicationsPageTest - Clicked on 'New Application' button.
2025-02-03 14:46:52 [main] DEBUG l.i.u.t.SubmittedApplicationsPageTest - Selected the 'RadioButtonFA' option.
2025-02-03 14:46:52 [main] DEBUG l.i.u.t.SubmittedApplicationsPageTest - Entered phone number: '61298745'.
2025-02-03 14:46:52 [main] DEBUG l.i.u.t.SubmittedApplicationsPageTest - Entered email: 'test@autotest.com'.
2025-02-03 14:46:52 [main] INFO  l.i.u.p.SubmittedApplicationsPage - Located the dropdown button.
2025-02-03 14:47:08 [main] INFO  l.i.u.p.SubmittedApplicationsPage - Found 1741 options in the dropdown.
2025-02-03 14:47:08 [main] INFO  l.i.u.p.SubmittedApplicationsPage - Successfully selected the value: '01.11 - Grūdinių (išskyrus ryžius), ankštinių ir aliejingų sėklų augalų auginimas'
2025-02-03 14:47:19 [main] ERROR l.i.u.p.SubmittedApplicationsPage - Failed to close the dropdown with aria-expanded = 'false'. Attempting manual close.
2025-02-03 14:47:19 [main] INFO  l.i.u.p.SubmittedApplicationsPage - Manual close attempt for the dropdown using body click.
2025-02-03 14:47:19 [main] DEBUG l.i.u.t.SubmittedApplicationsPageTest - Selected EVRK value: '01.11 - Grūdinių (išskyrus ryžius), ankštinių ir aliejingų sėklų augalų auginimas'.
2025-02-03 14:47:19 [main] DEBUG l.i.u.t.SubmittedApplicationsPageTest - Entered address: 'Vilniaus m. sav., Vilnius, Testo g. 10T'.
2025-02-03 14:47:19 [main] DEBUG l.i.u.t.SubmittedApplicationsPageTest - Entered project date.
2025-02-03 14:47:19 [main] DEBUG l.i.u.t.SubmittedApplicationsPageTest - Entered job count: '1'.
2025-02-03 14:47:20 [main] DEBUG l.i.u.t.SubmittedApplicationsPageTest - Clicked 'Next' button.
2025-02-03 14:47:20 [main] INFO  l.i.u.p.SubmittedApplicationsPage - Located the dropdown button.
2025-02-03 14:47:41 [main] ERROR l.i.u.t.SubmittedApplicationsPageTest - Test 'testFillNewApplication' failed with error: Expected condition failed: waiting for visibility of all elements located by By.xpath: //mat-option/span (tried for 20 second(s) with 500 milliseconds interval)
Build info: version: '4.27.0', revision: 'd6e718d134'
System info: os.name: 'Windows 11', os.arch: 'amd64', os.version: '10.0', java.version: '21.0.3'
Driver info: org.openqa.selenium.chrome.ChromeDriver
Capabilities {acceptInsecureCerts: false, browserName: chrome, browserVersion: 132.0.6834.160, chrome: {chromedriverVersion: 132.0.6834.159 (2d77d3fc445..., userDataDir: C:\Users\INGRID~1.ZAD\AppDa...}, fedcm:accounts: true, goog:chromeOptions: {debuggerAddress: localhost:53251}, networkConnectionEnabled: false, pageLoadStrategy: normal, platformName: windows, proxy: Proxy(), se:cdp: ws://localhost:53251/devtoo..., se:cdpVersion: 132.0.6834.160, setWindowRect: true, strictFileInteractability: false, timeouts: {implicit: 0, pageLoad: 300000, script: 30000}, unhandledPromptBehavior: dismiss and notify, webauthn:extension:credBlob: true, webauthn:extension:largeBlob: true, webauthn:extension:minPinLength: true, webauthn:extension:prf: true, webauthn:virtualAuthenticators: true}
Session ID: 356147d77c3f001de9d9f5ef23695c87
org.openqa.selenium.TimeoutException: Expected condition failed: waiting for visibility of all elements located by By.xpath: //mat-option/span (tried for 20 second(s) with 500 milliseconds interval)
Build info: version: '4.27.0', revision: 'd6e718d134'
System info: os.name: 'Windows 11', os.arch: 'amd64', os.version: '10.0', java.version: '21.0.3'
Driver info: org.openqa.selenium.chrome.ChromeDriver
Capabilities {acceptInsecureCerts: false, browserName: chrome, browserVersion: 132.0.6834.160, chrome: {chromedriverVersion: 132.0.6834.159 (2d77d3fc445..., userDataDir: C:\Users\INGRID~1.ZAD\AppDa...}, fedcm:accounts: true, goog:chromeOptions: {debuggerAddress: localhost:53251}, networkConnectionEnabled: false, pageLoadStrategy: normal, platformName: windows, proxy: Proxy(), se:cdp: ws://localhost:53251/devtoo..., se:cdpVersion: 132.0.6834.160, setWindowRect: true, strictFileInteractability: false, timeouts: {implicit: 0, pageLoad: 300000, script: 30000}, unhandledPromptBehavior: dismiss and notify, webauthn:extension:credBlob: true, webauthn:extension:largeBlob: true, webauthn:extension:minPinLength: true, webauthn:extension:prf: true, webauthn:virtualAuthenticators: true}
Session ID: 356147d77c3f001de9d9f5ef23695c87
	at org.openqa.selenium.support.ui.WebDriverWait.timeoutException(WebDriverWait.java:84)
	at org.openqa.selenium.support.ui.FluentWait.until(FluentWait.java:228)
	at lt.insoft.uztis.pages.SubmittedApplicationsPage.selectDropdownJobName(SubmittedApplicationsPage.java:400)
	at lt.insoft.uztis.tests.SubmittedApplicationsPageTest.testFillNewApplication(SubmittedApplicationsPageTest.java:178)
	at java.base/jdk.internal.reflect.DirectMethodHandleAccessor.invoke(DirectMethodHandleAccessor.java:103)
	at java.base/java.lang.reflect.Method.invoke(Method.java:580)
	at org.junit.platform.commons.util.ReflectionUtils.invokeMethod(ReflectionUtils.java:728)
	at org.junit.jupiter.engine.execution.MethodInvocation.proceed(MethodInvocation.java:60)
	at org.junit.jupiter.engine.execution.InvocationInterceptorChain$ValidatingInvocation.proceed(InvocationInterceptorChain.java:131)
	at org.junit.jupiter.engine.extension.TimeoutExtension.intercept(TimeoutExtension.java:156)
	at org.junit.jupiter.engine.extension.TimeoutExtension.interceptTestableMethod(TimeoutExtension.java:147)
	at org.junit.jupiter.engine.extension.TimeoutExtension.interceptTestMethod(TimeoutExtension.java:86)
	at org.junit.jupiter.engine.execution.InterceptingExecutableInvoker$ReflectiveInterceptorCall.lambda$ofVoidMethod$0(InterceptingExecutableInvoker.java:103)
	at org.junit.jupiter.engine.execution.InterceptingExecutableInvoker.lambda$invoke$0(InterceptingExecutableInvoker.java:93)
	at org.junit.jupiter.engine.execution.InvocationInterceptorChain$InterceptedInvocation.proceed(InvocationInterceptorChain.java:106)
	at org.junit.jupiter.engine.execution.InvocationInterceptorChain.proceed(InvocationInterceptorChain.java:64)
	at org.junit.jupiter.engine.execution.InvocationInterceptorChain.chainAndInvoke(InvocationInterceptorChain.java:45)
	at org.junit.jupiter.engine.execution.InvocationInterceptorChain.invoke(InvocationInterceptorChain.java:37)
	at org.junit.jupiter.engine.execution.InterceptingExecutableInvoker.invoke(InterceptingExecutableInvoker.java:92)
	at org.junit.jupiter.engine.execution.InterceptingExecutableInvoker.invoke(InterceptingExecutableInvoker.java:86)
	at org.junit.jupiter.engine.descriptor.TestMethodTestDescriptor.lambda$invokeTestMethod$7(TestMethodTestDescriptor.java:218)
	at org.junit.platform.engine.support.hierarchical.ThrowableCollector.execute(ThrowableCollector.java:73)
	at org.junit.jupiter.engine.descriptor.TestMethodTestDescriptor.invokeTestMethod(TestMethodTestDescriptor.java:214)
	at org.junit.jupiter.engine.descriptor.TestMethodTestDescriptor.execute(TestMethodTestDescriptor.java:139)
	at org.junit.jupiter.engine.descriptor.TestMethodTestDescriptor.execute(TestMethodTestDescriptor.java:69)
	at org.junit.platform.engine.support.hierarchical.NodeTestTask.lambda$executeRecursively$6(NodeTestTask.java:151)
	at org.junit.platform.engine.support.hierarchical.ThrowableCollector.execute(ThrowableCollector.java:73)
	at org.junit.platform.engine.support.hierarchical.NodeTestTask.lambda$executeRecursively$8(NodeTestTask.java:141)
	at org.junit.platform.engine.support.hierarchical.Node.around(Node.java:137)
	at org.junit.platform.engine.support.hierarchical.NodeTestTask.lambda$executeRecursively$9(NodeTestTask.java:139)
	at org.junit.platform.engine.support.hierarchical.ThrowableCollector.execute(ThrowableCollector.java:73)
	at org.junit.platform.engine.support.hierarchical.NodeTestTask.executeRecursively(NodeTestTask.java:138)
	at org.junit.platform.engine.support.hierarchical.NodeTestTask.execute(NodeTestTask.java:95)
	at java.base/java.util.ArrayList.forEach(ArrayList.java:1596)
	at org.junit.platform.engine.support.hierarchical.SameThreadHierarchicalTestExecutorService.invokeAll(SameThreadHierarchicalTestExecutorService.java:41)
	at org.junit.platform.engine.support.hierarchical.NodeTestTask.lambda$executeRecursively$6(NodeTestTask.java:155)
	at org.junit.platform.engine.support.hierarchical.ThrowableCollector.execute(ThrowableCollector.java:73)
	at org.junit.platform.engine.support.hierarchical.NodeTestTask.lambda$executeRecursively$8(NodeTestTask.java:141)
	at org.junit.platform.engine.support.hierarchical.Node.around(Node.java:137)
	at org.junit.platform.engine.support.hierarchical.NodeTestTask.lambda$executeRecursively$9(NodeTestTask.java:139)
	at org.junit.platform.engine.support.hierarchical.ThrowableCollector.execute(ThrowableCollector.java:73)
	at org.junit.platform.engine.support.hierarchical.NodeTestTask.executeRecursively(NodeTestTask.java:138)
	at org.junit.platform.engine.support.hierarchical.NodeTestTask.execute(NodeTestTask.java:95)
	at java.base/java.util.ArrayList.forEach(ArrayList.java:1596)
	at org.junit.platform.engine.support.hierarchical.SameThreadHierarchicalTestExecutorService.invokeAll(SameThreadHierarchicalTestExecutorService.java:41)
	at org.junit.platform.engine.support.hierarchical.NodeTestTask.lambda$executeRecursively$6(NodeTestTask.java:155)
	at org.junit.platform.engine.support.hierarchical.ThrowableCollector.execute(ThrowableCollector.java:73)
	at org.junit.platform.engine.support.hierarchical.NodeTestTask.lambda$executeRecursively$8(NodeTestTask.java:141)
	at org.junit.platform.engine.support.hierarchical.Node.around(Node.java:137)
	at org.junit.platform.engine.support.hierarchical.NodeTestTask.lambda$executeRecursively$9(NodeTestTask.java:139)
	at org.junit.platform.engine.support.hierarchical.ThrowableCollector.execute(ThrowableCollector.java:73)
	at org.junit.platform.engine.support.hierarchical.NodeTestTask.executeRecursively(NodeTestTask.java:138)
	at org.junit.platform.engine.support.hierarchical.NodeTestTask.execute(NodeTestTask.java:95)
	at org.junit.platform.engine.support.hierarchical.SameThreadHierarchicalTestExecutorService.submit(SameThreadHierarchicalTestExecutorService.java:35)
	at org.junit.platform.engine.support.hierarchical.HierarchicalTestExecutor.execute(HierarchicalTestExecutor.java:57)
	at org.junit.platform.engine.support.hierarchical.HierarchicalTestEngine.execute(HierarchicalTestEngine.java:54)
	at org.junit.platform.launcher.core.EngineExecutionOrchestrator.execute(EngineExecutionOrchestrator.java:198)
	at org.junit.platform.launcher.core.EngineExecutionOrchestrator.execute(EngineExecutionOrchestrator.java:169)
	at org.junit.platform.launcher.core.EngineExecutionOrchestrator.execute(EngineExecutionOrchestrator.java:93)
	at org.junit.platform.launcher.core.EngineExecutionOrchestrator.lambda$execute$0(EngineExecutionOrchestrator.java:58)
	at org.junit.platform.launcher.core.EngineExecutionOrchestrator.withInterceptedStreams(EngineExecutionOrchestrator.java:141)
	at org.junit.platform.launcher.core.EngineExecutionOrchestrator.execute(EngineExecutionOrchestrator.java:57)
	at org.junit.platform.launcher.core.DefaultLauncher.execute(DefaultLauncher.java:103)
	at org.junit.platform.launcher.core.DefaultLauncher.execute(DefaultLauncher.java:85)
	at org.junit.platform.launcher.core.DelegatingLauncher.execute(DelegatingLauncher.java:47)
	at org.junit.platform.launcher.core.SessionPerRequestLauncher.execute(SessionPerRequestLauncher.java:63)
	at com.intellij.junit5.JUnit5IdeaTestRunner.startRunnerWithArgs(JUnit5IdeaTestRunner.java:57)
	at com.intellij.rt.junit.IdeaTestRunner$Repeater$1.execute(IdeaTestRunner.java:38)
	at com.intellij.rt.execution.junit.TestsRepeater.repeat(TestsRepeater.java:11)
	at com.intellij.rt.junit.IdeaTestRunner$Repeater.startRunnerWithArgs(IdeaTestRunner.java:35)
	at com.intellij.rt.junit.JUnitStarter.prepareStreamsAndStart(JUnitStarter.java:232)
	at com.intellij.rt.junit.JUnitStarter.main(JUnitStarter.java:55)
2025-02-03 14:47:41 [main] INFO  l.insoft.uztis.tests.utils.TestUtils - Screenshot moved to C:\Users\ingrida.zadorozniene\Desktop\Asm\UZTIS\UZTIS_tests\test-output\screenshots\20250203\144741495_testFillNewApplication().png
2025-02-03 14:50:06 [main] INFO  lt.insoft.uztis.tests.UztisPageTest - Navigated to https://uztisdev.asseco.lt/home
2025-02-03 14:50:06 [main] INFO  l.i.u.t.SubmittedApplicationsPageTest - Starting test:'testFillNewApplication'
2025-02-03 14:50:07 [main] DEBUG l.i.u.t.SubmittedApplicationsPageTest - User logged in with test credentials.
2025-02-03 14:50:07 [main] DEBUG l.i.u.t.SubmittedApplicationsPageTest - Opened 'Application Processing' menu.
2025-02-03 14:50:07 [main] DEBUG l.i.u.t.SubmittedApplicationsPageTest - Clicked on 'Application Forms' menu.
2025-02-03 14:50:08 [main] DEBUG l.i.u.t.SubmittedApplicationsPageTest - Retrieved last description code text: 'TST-VUI-27'.
2025-02-03 14:50:08 [main] DEBUG l.i.u.t.SubmittedApplicationsPageTest - Clicked on 'Invitation' menu.
2025-02-03 14:50:09 [main] DEBUG l.i.u.t.SubmittedApplicationsPageTest - Selected application section by code: 'TST-VUI-27'.
2025-02-03 14:50:09 [main] DEBUG l.i.u.t.SubmittedApplicationsPageTest - Clicked 'Search' button.
2025-02-03 14:50:09 [main] DEBUG l.i.u.t.SubmittedApplicationsPageTest - Retrieved invitation code: ''.
2025-02-03 14:50:09 [main] DEBUG l.i.u.t.SubmittedApplicationsPageTest - Clicked on 'Submitted Applications' menu.
2025-02-03 14:50:10 [main] DEBUG l.i.u.t.SubmittedApplicationsPageTest - Selected invitation by code: 'TST-VUI-27'.
2025-02-03 14:50:10 [main] DEBUG l.i.u.t.SubmittedApplicationsPageTest - Invitation code inserted.
2025-02-03 14:50:10 [main] DEBUG l.i.u.t.SubmittedApplicationsPageTest - Clicked on 'Action Application' button.
2025-02-03 14:50:10 [main] DEBUG l.i.u.t.SubmittedApplicationsPageTest - Clicked on 'New Application' button.
2025-02-03 14:50:11 [main] DEBUG l.i.u.t.SubmittedApplicationsPageTest - Selected the 'RadioButtonFA' option.
2025-02-03 14:50:11 [main] DEBUG l.i.u.t.SubmittedApplicationsPageTest - Entered phone number: '61298745'.
2025-02-03 14:50:11 [main] DEBUG l.i.u.t.SubmittedApplicationsPageTest - Entered email: 'test@autotest.com'.
2025-02-03 14:50:11 [main] INFO  l.i.u.p.SubmittedApplicationsPage - Located the dropdown button.
2025-02-03 14:50:32 [main] INFO  l.i.u.p.SubmittedApplicationsPage - Found 1741 options in the dropdown.
2025-02-03 14:50:32 [main] INFO  l.i.u.p.SubmittedApplicationsPage - Successfully selected the value: '01.11 - Grūdinių (išskyrus ryžius), ankštinių ir aliejingų sėklų augalų auginimas'
2025-02-03 14:50:42 [main] ERROR l.i.u.p.SubmittedApplicationsPage - Failed to close the dropdown with aria-expanded = 'false'. Attempting manual close.
2025-02-03 14:50:43 [main] INFO  l.i.u.p.SubmittedApplicationsPage - Manual close attempt for the dropdown using body click.
2025-02-03 14:50:43 [main] DEBUG l.i.u.t.SubmittedApplicationsPageTest - Selected EVRK value: '01.11 - Grūdinių (išskyrus ryžius), ankštinių ir aliejingų sėklų augalų auginimas'.
2025-02-03 14:50:43 [main] DEBUG l.i.u.t.SubmittedApplicationsPageTest - Entered address: 'Vilniaus m. sav., Vilnius, Testo g. 10T'.
2025-02-03 14:50:43 [main] DEBUG l.i.u.t.SubmittedApplicationsPageTest - Entered project date.
2025-02-03 14:50:43 [main] DEBUG l.i.u.t.SubmittedApplicationsPageTest - Entered job count: '1'.
2025-02-03 14:50:44 [main] DEBUG l.i.u.t.SubmittedApplicationsPageTest - Clicked 'Next' button.
2025-02-03 14:50:44 [main] INFO  l.i.u.p.SubmittedApplicationsPage - Located the dropdown button.
2025-02-03 14:50:45 [main] INFO  l.i.u.p.SubmittedApplicationsPage - Successfully selected the value: 'Administratoriai'
2025-02-03 14:51:05 [main] ERROR l.i.u.p.SubmittedApplicationsPage - Timeout while waiting for dropdown to close with aria-expanded = 'false'.
2025-02-03 14:51:05 [main] DEBUG l.i.u.t.SubmittedApplicationsPageTest - Selected job name: 'Administratoriai'.
2025-02-03 14:51:05 [main] DEBUG l.i.u.t.SubmittedApplicationsPageTest - Entered job function: 'Funkcija 1'.
2025-02-03 14:51:05 [main] DEBUG l.i.u.t.SubmittedApplicationsPageTest - Selected 'RadioButtonWithDisabilities' option.
2025-02-03 14:51:05 [main] INFO  l.i.u.p.SubmittedApplicationsPage - Clicking on the dropdown button.
2025-02-03 14:51:06 [main] INFO  l.i.u.p.SubmittedApplicationsPage - Found 34 options in the dropdown.
2025-02-03 14:51:06 [main] DEBUG l.i.u.p.SubmittedApplicationsPage - Checking option: 'Asmenys, kuriems suteiktas pabėgėlio statusas ar perkeliamojo asmens statusas, arba asmenys, kuriems suteikta papildoma ar laikinoji apsauga, ir asmenys, turintys teisę gauti laikinąją apsaugą, iki sprendimo dėl laikinosios apsaugos suteikimo (nesuteikimo) priėmimo, tačiau ne ilgiau kaip laikinosios apsaugos laikotarpiu'
2025-02-03 14:51:06 [main] DEBUG l.i.u.p.SubmittedApplicationsPage - Checking option: 'Asmenys, kuriems suteiktas pabėgėlio statusas ar perkeliamojo asmens statusas, arba asmenys, kuriems suteikta papildoma ar laikinoji apsauga, ir asmenys, turintys teisę gauti laikinąją apsaugą, iki sprendimo dėl laikinosios apsaugos suteikimo (nesuteikimo) priėmimo, tačiau ne ilgiau kaip laikinosios apsaugos laikotarpiu'
2025-02-03 14:51:06 [main] DEBUG l.i.u.p.SubmittedApplicationsPage - Checking option: 'Asmenys, turintys teisę į papildomas užimtumo garantijas pagal Lietuvos Respublikos valstybės įmonės Ignalinos atominės elektrinės darbuotojų papildomų užimtumo ir socialinių garantijų įstatymą'
2025-02-03 14:51:06 [main] DEBUG l.i.u.p.SubmittedApplicationsPage - Checking option: 'Asmenys, turintys teisę į papildomas užimtumo garantijas pagal Lietuvos Respublikos valstybės įmonės Ignalinos atominės elektrinės darbuotojų papildomų užimtumo ir socialinių garantijų įstatymą'
2025-02-03 14:51:06 [main] DEBUG l.i.u.p.SubmittedApplicationsPage - Checking option: 'Bedarbiai iki 29 metų'
2025-02-03 14:51:06 [main] DEBUG l.i.u.p.SubmittedApplicationsPage - Checking option: 'Bedarbiai iki 29 metų'
2025-02-03 14:51:06 [main] DEBUG l.i.u.p.SubmittedApplicationsPage - Checking option: 'Bedarbiai, kurie yra darbingo amžiaus neįgalieji, kuriems nustatytas 30–40 procentų darbingumo lygis arba vidutinis neįgalumo lygis'
2025-02-03 14:51:06 [main] DEBUG l.i.u.p.SubmittedApplicationsPage - Checking option: 'Bedarbiai, kurie yra darbingo amžiaus neįgalieji, kuriems nustatytas 30–40 procentų darbingumo lygis arba vidutinis neįgalumo lygis'
2025-02-03 14:51:06 [main] DEBUG l.i.u.p.SubmittedApplicationsPage - Checking option: 'Bedarbiai, kurie yra darbingo amžiaus neįgalieji, kuriems nustatytas 45–55 procentų darbingumo lygis arba lengvas neįgalumo lygis'
2025-02-03 14:51:06 [main] DEBUG l.i.u.p.SubmittedApplicationsPage - Checking option: 'Bedarbiai, kurie yra darbingo amžiaus neįgalieji, kuriems nustatytas 45–55 procentų darbingumo lygis arba lengvas neįgalumo lygis'
2025-02-03 14:51:06 [main] DEBUG l.i.u.p.SubmittedApplicationsPage - Checking option: 'Bedarbiai, kurie yra darbingo amžiaus neįgalieji, kuriems nustatytas iki 25 procentų darbingumo lygis arba sunkus neįgalumo lygis'
2025-02-03 14:51:06 [main] INFO  l.i.u.p.SubmittedApplicationsPage - Successfully selected the value: 'Bedarbiai, kurie yra darbingo amžiaus neįgalieji, kuriems nustatytas iki 25 procentų darbingumo lygis arba sunkus neįgalumo lygis'
2025-02-03 14:51:06 [main] INFO  l.i.u.p.SubmittedApplicationsPage - Attempting to close the dropdown.
2025-02-03 14:51:17 [main] INFO  l.i.u.p.SubmittedApplicationsPage - Dropdown should be closed now.
2025-02-03 14:51:17 [main] DEBUG l.i.u.t.SubmittedApplicationsPageTest - Selected disabilities type: 'Bedarbiai, kurie yra darbingo amžiaus neįgalieji, kuriems nustatytas iki 25 procentų darbingumo lygis arba sunkus neįgalumo lygis'.
2025-02-03 14:51:17 [main] DEBUG l.i.u.t.SubmittedApplicationsPageTest - Entered disability information: 'Negalia 1'.
2025-02-03 14:51:17 [main] INFO  l.i.u.p.SubmittedApplicationsPage - Located the dropdown button.
2025-02-03 14:51:17 [main] INFO  l.i.u.p.SubmittedApplicationsPage - Successfully selected the value: 'Kita'
2025-02-03 14:51:28 [main] ERROR l.i.u.p.SubmittedApplicationsPage - Timeout while waiting for dropdown to close with aria-expanded = 'false'.
2025-02-03 14:51:28 [main] DEBUG l.i.u.t.SubmittedApplicationsPageTest - Selected time mode: 'Kita'.
2025-02-03 14:51:28 [main] DEBUG l.i.u.t.SubmittedApplicationsPageTest - Selected time mode other: '6 val. per dieną ir 4 d. per savaitę'.
2025-02-03 14:51:28 [main] DEBUG l.i.u.t.SubmittedApplicationsPageTest - Entered qualification: 'Kvalifikacija 1'.
2025-02-03 14:51:28 [main] DEBUG l.i.u.t.SubmittedApplicationsPageTest - Entered job date.
2025-02-03 14:51:28 [main] DEBUG l.i.u.t.SubmittedApplicationsPageTest - Entered salary amount: '1200'.
2025-02-03 14:51:29 [main] DEBUG l.i.u.t.SubmittedApplicationsPageTest - Selected 'Temporary Job' radio button.
2025-02-03 14:51:29 [main] DEBUG l.i.u.t.SubmittedApplicationsPageTest - Selected 'Season Job' radio button.
2025-02-03 14:51:29 [main] DEBUG l.i.u.t.SubmittedApplicationsPageTest - Selected 'Energy' radio button.
2025-02-03 14:51:29 [main] DEBUG l.i.u.t.SubmittedApplicationsPageTest - Selected 'Repair' radio button.
2025-02-03 14:51:29 [main] DEBUG l.i.u.t.SubmittedApplicationsPageTest - Entered job description: 'Veikla 1'.
2025-02-03 14:51:29 [main] DEBUG l.i.u.t.SubmittedApplicationsPageTest - Entered process description: 'Procesas 1'.
2025-02-03 14:51:30 [main] DEBUG l.i.u.t.SubmittedApplicationsPageTest - Entered energy information: 'Energija 1'.
2025-02-03 14:51:30 [main] DEBUG l.i.u.t.SubmittedApplicationsPageTest - Entered repair information: 'Remontas 1'.
2025-02-03 14:51:30 [main] DEBUG l.i.u.t.SubmittedApplicationsPageTest - Selected 'PVM' radio button.
2025-02-03 14:51:30 [main] INFO  l.i.u.p.SubmittedApplicationsPage - Located the dropdown button.
2025-02-03 14:51:31 [main] INFO  l.i.u.p.SubmittedApplicationsPage - Successfully selected the value: 'Įsigyti'
2025-02-03 14:51:51 [main] ERROR l.i.u.p.SubmittedApplicationsPage - Timeout while waiting for dropdown to close with aria-expanded = 'false'.
2025-02-03 14:51:51 [main] DEBUG l.i.u.t.SubmittedApplicationsPageTest - Selected necessary for job: 'Įsigyti'.
2025-02-03 14:51:51 [main] DEBUG l.i.u.t.SubmittedApplicationsPageTest - Selected tool: 'Darbo priemonė 1'.
2025-02-03 14:51:51 [main] DEBUG l.i.u.t.SubmittedApplicationsPageTest - Selected tool parameter one: 'Darbo priemonės 1 parametras 1'.
2025-02-03 14:51:52 [main] DEBUG l.i.u.t.SubmittedApplicationsPageTest - Selected tool parameter two: 'Darbo priemonės 1 parametras 2'.
2025-02-03 14:51:52 [main] DEBUG l.i.u.t.SubmittedApplicationsPageTest - Selected tool parameter three: 'Darbo priemonės 1 parametras 3'.
2025-02-03 14:51:52 [main] DEBUG l.i.u.t.SubmittedApplicationsPageTest - Entered tool count: '1'.
2025-02-03 14:51:52 [main] DEBUG l.i.u.t.SubmittedApplicationsPageTest - Entered price amount: '1000'.
2025-02-03 14:51:52 [main] DEBUG l.i.u.t.SubmittedApplicationsPageTest - Entered own funds amount: '800'.
2025-02-03 14:51:53 [main] DEBUG l.i.u.t.SubmittedApplicationsPageTest - Entered country percentage: '50'.
2025-02-03 14:51:53 [main] DEBUG l.i.u.t.SubmittedApplicationsPageTest - Entered institution percentage: '50'.
2025-02-03 14:51:53 [main] DEBUG l.i.u.t.SubmittedApplicationsPageTest - Entered municipality percentage: '50'.
2025-02-03 14:51:53 [main] DEBUG l.i.u.t.SubmittedApplicationsPageTest - Selected 'De Minimis' radio button.
2025-02-03 14:51:53 [main] DEBUG l.i.u.t.SubmittedApplicationsPageTest - Entered program name: 'Programa 1'.
2025-02-03 14:51:53 [main] DEBUG l.i.u.t.SubmittedApplicationsPageTest - Entered project date from.
2025-02-03 14:51:54 [main] DEBUG l.i.u.t.SubmittedApplicationsPageTest - Entered project date until.
2025-02-03 14:51:54 [main] DEBUG l.i.u.t.SubmittedApplicationsPageTest - Entered support amount: '2000'.
2025-02-03 14:51:54 [main] DEBUG l.i.u.t.SubmittedApplicationsPageTest - Clicked 'Next' button.
2025-02-03 14:52:04 [main] DEBUG l.i.u.t.SubmittedApplicationsPageTest - Checked 'Legal Entities' checkbox 1.
2025-02-03 14:52:14 [main] DEBUG l.i.u.t.SubmittedApplicationsPageTest - Checked 'Legal Entities' checkbox 2.
2025-02-03 14:52:24 [main] DEBUG l.i.u.t.SubmittedApplicationsPageTest - Checked 'Legal Entities' checkbox 3.
2025-02-03 14:52:24 [main] DEBUG l.i.u.t.SubmittedApplicationsPageTest - Clicked 'Next' button after checkboxes.
2025-02-03 14:52:24 [main] INFO  l.i.u.t.SubmittedApplicationsPageTest - Test 'testFillNewApplication' completed successfully.
2025-02-03 15:03:31 [main] INFO  lt.insoft.uztis.tests.UztisPageTest - Navigated to https://uztisdev.asseco.lt/home
2025-02-03 15:03:31 [main] INFO  l.i.u.t.SubmittedApplicationsPageTest - Starting test:'testFillNewApplication'
2025-02-03 15:03:31 [main] DEBUG l.i.u.t.SubmittedApplicationsPageTest - User logged in with test credentials.
2025-02-03 15:03:31 [main] DEBUG l.i.u.t.SubmittedApplicationsPageTest - Opened 'Application Processing' menu.
2025-02-03 15:03:32 [main] DEBUG l.i.u.t.SubmittedApplicationsPageTest - Clicked on 'Application Forms' menu.
2025-02-03 15:03:33 [main] DEBUG l.i.u.t.SubmittedApplicationsPageTest - Retrieved last description code text: 'TST-VUI-27'.
2025-02-03 15:03:33 [main] DEBUG l.i.u.t.SubmittedApplicationsPageTest - Clicked on 'Invitation' menu.
2025-02-03 15:03:34 [main] DEBUG l.i.u.t.SubmittedApplicationsPageTest - Selected application section by code: 'TST-VUI-27'.
2025-02-03 15:03:34 [main] DEBUG l.i.u.t.SubmittedApplicationsPageTest - Clicked 'Search' button.
2025-02-03 15:03:34 [main] DEBUG l.i.u.t.SubmittedApplicationsPageTest - Retrieved invitation code: ''.
2025-02-03 15:03:34 [main] DEBUG l.i.u.t.SubmittedApplicationsPageTest - Clicked on 'Submitted Applications' menu.
2025-02-03 15:03:35 [main] DEBUG l.i.u.t.SubmittedApplicationsPageTest - Selected invitation by code: 'TST-VUI-27'.
2025-02-03 15:03:35 [main] DEBUG l.i.u.t.SubmittedApplicationsPageTest - Invitation code inserted.
2025-02-03 15:03:35 [main] DEBUG l.i.u.t.SubmittedApplicationsPageTest - Clicked on 'Action Application' button.
2025-02-03 15:03:35 [main] DEBUG l.i.u.t.SubmittedApplicationsPageTest - Clicked on 'New Application' button.
2025-02-03 15:03:36 [main] DEBUG l.i.u.t.SubmittedApplicationsPageTest - Selected the 'RadioButtonFA' option.
2025-02-03 15:03:36 [main] DEBUG l.i.u.t.SubmittedApplicationsPageTest - Entered phone number: '61298745'.
2025-02-03 15:03:36 [main] DEBUG l.i.u.t.SubmittedApplicationsPageTest - Entered email: 'test@autotest.com'.
2025-02-03 15:03:36 [main] INFO  l.i.u.p.SubmittedApplicationsPage - Located the dropdown button.
2025-02-03 15:03:56 [main] INFO  l.i.u.p.SubmittedApplicationsPage - Found 1741 options in the dropdown.
2025-02-03 15:03:56 [main] INFO  l.i.u.p.SubmittedApplicationsPage - Successfully selected the value: '01.11 - Grūdinių (išskyrus ryžius), ankštinių ir aliejingų sėklų augalų auginimas'
2025-02-03 15:04:07 [main] ERROR l.i.u.p.SubmittedApplicationsPage - Failed to close the dropdown with aria-expanded = 'false'. Attempting manual close.
2025-02-03 15:04:07 [main] INFO  l.i.u.p.SubmittedApplicationsPage - Manual close attempt for the dropdown using body click.
2025-02-03 15:04:07 [main] DEBUG l.i.u.t.SubmittedApplicationsPageTest - Selected EVRK value: '01.11 - Grūdinių (išskyrus ryžius), ankštinių ir aliejingų sėklų augalų auginimas'.
2025-02-03 15:04:07 [main] DEBUG l.i.u.t.SubmittedApplicationsPageTest - Entered address: 'Vilniaus m. sav., Vilnius, Testo g. 10T'.
2025-02-03 15:04:07 [main] DEBUG l.i.u.t.SubmittedApplicationsPageTest - Entered project date.
2025-02-03 15:04:08 [main] DEBUG l.i.u.t.SubmittedApplicationsPageTest - Entered job count: '1'.
2025-02-03 15:04:08 [main] DEBUG l.i.u.t.SubmittedApplicationsPageTest - Clicked 'Next' button.
2025-02-03 15:04:08 [main] INFO  l.i.u.p.SubmittedApplicationsPage - Located the dropdown button.
2025-02-03 15:04:09 [main] INFO  l.i.u.p.SubmittedApplicationsPage - Successfully selected the value: 'Administratoriai'
2025-02-03 15:04:29 [main] ERROR l.i.u.p.SubmittedApplicationsPage - Timeout while waiting for dropdown to close with aria-expanded = 'false'.
2025-02-03 15:04:29 [main] DEBUG l.i.u.t.SubmittedApplicationsPageTest - Selected job name: 'Administratoriai'.
2025-02-03 15:04:29 [main] DEBUG l.i.u.t.SubmittedApplicationsPageTest - Entered job function: 'Funkcija 1'.
2025-02-03 15:04:29 [main] DEBUG l.i.u.t.SubmittedApplicationsPageTest - Selected 'RadioButtonWithDisabilities' option.
2025-02-03 15:04:29 [main] INFO  l.i.u.p.SubmittedApplicationsPage - Clicking on the dropdown button.
2025-02-03 15:04:30 [main] INFO  l.i.u.p.SubmittedApplicationsPage - Found 34 options in the dropdown.
2025-02-03 15:04:30 [main] DEBUG l.i.u.p.SubmittedApplicationsPage - Checking option: 'Asmenys, kuriems suteiktas pabėgėlio statusas ar perkeliamojo asmens statusas, arba asmenys, kuriems suteikta papildoma ar laikinoji apsauga, ir asmenys, turintys teisę gauti laikinąją apsaugą, iki sprendimo dėl laikinosios apsaugos suteikimo (nesuteikimo) priėmimo, tačiau ne ilgiau kaip laikinosios apsaugos laikotarpiu'
2025-02-03 15:04:30 [main] DEBUG l.i.u.p.SubmittedApplicationsPage - Checking option: 'Asmenys, kuriems suteiktas pabėgėlio statusas ar perkeliamojo asmens statusas, arba asmenys, kuriems suteikta papildoma ar laikinoji apsauga, ir asmenys, turintys teisę gauti laikinąją apsaugą, iki sprendimo dėl laikinosios apsaugos suteikimo (nesuteikimo) priėmimo, tačiau ne ilgiau kaip laikinosios apsaugos laikotarpiu'
2025-02-03 15:04:30 [main] DEBUG l.i.u.p.SubmittedApplicationsPage - Checking option: 'Asmenys, turintys teisę į papildomas užimtumo garantijas pagal Lietuvos Respublikos valstybės įmonės Ignalinos atominės elektrinės darbuotojų papildomų užimtumo ir socialinių garantijų įstatymą'
2025-02-03 15:04:30 [main] DEBUG l.i.u.p.SubmittedApplicationsPage - Checking option: 'Asmenys, turintys teisę į papildomas užimtumo garantijas pagal Lietuvos Respublikos valstybės įmonės Ignalinos atominės elektrinės darbuotojų papildomų užimtumo ir socialinių garantijų įstatymą'
2025-02-03 15:04:30 [main] DEBUG l.i.u.p.SubmittedApplicationsPage - Checking option: 'Bedarbiai iki 29 metų'
2025-02-03 15:04:30 [main] DEBUG l.i.u.p.SubmittedApplicationsPage - Checking option: 'Bedarbiai iki 29 metų'
2025-02-03 15:04:30 [main] DEBUG l.i.u.p.SubmittedApplicationsPage - Checking option: 'Bedarbiai, kurie yra darbingo amžiaus neįgalieji, kuriems nustatytas 30–40 procentų darbingumo lygis arba vidutinis neįgalumo lygis'
2025-02-03 15:04:30 [main] DEBUG l.i.u.p.SubmittedApplicationsPage - Checking option: 'Bedarbiai, kurie yra darbingo amžiaus neįgalieji, kuriems nustatytas 30–40 procentų darbingumo lygis arba vidutinis neįgalumo lygis'
2025-02-03 15:04:30 [main] DEBUG l.i.u.p.SubmittedApplicationsPage - Checking option: 'Bedarbiai, kurie yra darbingo amžiaus neįgalieji, kuriems nustatytas 45–55 procentų darbingumo lygis arba lengvas neįgalumo lygis'
2025-02-03 15:04:30 [main] DEBUG l.i.u.p.SubmittedApplicationsPage - Checking option: 'Bedarbiai, kurie yra darbingo amžiaus neįgalieji, kuriems nustatytas 45–55 procentų darbingumo lygis arba lengvas neįgalumo lygis'
2025-02-03 15:04:30 [main] DEBUG l.i.u.p.SubmittedApplicationsPage - Checking option: 'Bedarbiai, kurie yra darbingo amžiaus neįgalieji, kuriems nustatytas iki 25 procentų darbingumo lygis arba sunkus neįgalumo lygis'
2025-02-03 15:04:30 [main] INFO  l.i.u.p.SubmittedApplicationsPage - Successfully selected the value: 'Bedarbiai, kurie yra darbingo amžiaus neįgalieji, kuriems nustatytas iki 25 procentų darbingumo lygis arba sunkus neįgalumo lygis'
2025-02-03 15:04:30 [main] INFO  l.i.u.p.SubmittedApplicationsPage - Attempting to close the dropdown.
2025-02-03 15:04:41 [main] INFO  l.i.u.p.SubmittedApplicationsPage - Dropdown should be closed now.
2025-02-03 15:04:41 [main] DEBUG l.i.u.t.SubmittedApplicationsPageTest - Selected disabilities type: 'Bedarbiai, kurie yra darbingo amžiaus neįgalieji, kuriems nustatytas iki 25 procentų darbingumo lygis arba sunkus neįgalumo lygis'.
2025-02-03 15:04:41 [main] DEBUG l.i.u.t.SubmittedApplicationsPageTest - Entered disability information: 'Negalia 1'.
2025-02-03 15:04:41 [main] INFO  l.i.u.p.SubmittedApplicationsPage - Located the dropdown button.
2025-02-03 15:04:41 [main] INFO  l.i.u.p.SubmittedApplicationsPage - Successfully selected the value: 'Kita'
2025-02-03 15:04:52 [main] ERROR l.i.u.p.SubmittedApplicationsPage - Timeout while waiting for dropdown to close with aria-expanded = 'false'.
2025-02-03 15:04:52 [main] DEBUG l.i.u.t.SubmittedApplicationsPageTest - Selected time mode: 'Kita'.
2025-02-03 15:04:52 [main] DEBUG l.i.u.t.SubmittedApplicationsPageTest - Selected time mode other: '6 val. per dieną ir 4 d. per savaitę'.
2025-02-03 15:04:52 [main] DEBUG l.i.u.t.SubmittedApplicationsPageTest - Entered qualification: 'Kvalifikacija 1'.
2025-02-03 15:04:52 [main] DEBUG l.i.u.t.SubmittedApplicationsPageTest - Entered job date.
2025-02-03 15:04:52 [main] DEBUG l.i.u.t.SubmittedApplicationsPageTest - Entered salary amount: '1200'.
2025-02-03 15:04:52 [main] DEBUG l.i.u.t.SubmittedApplicationsPageTest - Selected 'Temporary Job' radio button.
2025-02-03 15:04:53 [main] DEBUG l.i.u.t.SubmittedApplicationsPageTest - Selected 'Season Job' radio button.
2025-02-03 15:04:53 [main] DEBUG l.i.u.t.SubmittedApplicationsPageTest - Selected 'Energy' radio button.
2025-02-03 15:04:53 [main] DEBUG l.i.u.t.SubmittedApplicationsPageTest - Selected 'Repair' radio button.
2025-02-03 15:04:53 [main] DEBUG l.i.u.t.SubmittedApplicationsPageTest - Entered job description: 'Veikla 1'.
2025-02-03 15:04:53 [main] DEBUG l.i.u.t.SubmittedApplicationsPageTest - Entered process description: 'Procesas 1'.
2025-02-03 15:04:54 [main] DEBUG l.i.u.t.SubmittedApplicationsPageTest - Entered energy information: 'Energija 1'.
2025-02-03 15:04:54 [main] DEBUG l.i.u.t.SubmittedApplicationsPageTest - Entered repair information: 'Remontas 1'.
2025-02-03 15:04:54 [main] DEBUG l.i.u.t.SubmittedApplicationsPageTest - Selected 'PVM' radio button.
2025-02-03 15:04:54 [main] INFO  l.i.u.p.SubmittedApplicationsPage - Located the dropdown button.
2025-02-03 15:04:55 [main] INFO  l.i.u.p.SubmittedApplicationsPage - Successfully selected the value: 'Įsigyti'
2025-02-03 15:05:15 [main] ERROR l.i.u.p.SubmittedApplicationsPage - Timeout while waiting for dropdown to close with aria-expanded = 'false'.
2025-02-03 15:05:15 [main] DEBUG l.i.u.t.SubmittedApplicationsPageTest - Selected necessary for job: 'Įsigyti'.
2025-02-03 15:05:15 [main] DEBUG l.i.u.t.SubmittedApplicationsPageTest - Selected tool: 'Darbo priemonė 1'.
2025-02-03 15:05:15 [main] DEBUG l.i.u.t.SubmittedApplicationsPageTest - Selected tool parameter one: 'Darbo priemonės 1 parametras 1'.
2025-02-03 15:05:16 [main] DEBUG l.i.u.t.SubmittedApplicationsPageTest - Selected tool parameter two: 'Darbo priemonės 1 parametras 2'.
2025-02-03 15:05:16 [main] DEBUG l.i.u.t.SubmittedApplicationsPageTest - Selected tool parameter three: 'Darbo priemonės 1 parametras 3'.
2025-02-03 15:05:16 [main] DEBUG l.i.u.t.SubmittedApplicationsPageTest - Entered tool count: '1'.
2025-02-03 15:05:16 [main] DEBUG l.i.u.t.SubmittedApplicationsPageTest - Entered price amount: '1000'.
2025-02-03 15:05:16 [main] DEBUG l.i.u.t.SubmittedApplicationsPageTest - Entered own funds amount: '800'.
2025-02-03 15:05:16 [main] DEBUG l.i.u.t.SubmittedApplicationsPageTest - Entered country percentage: '50'.
2025-02-03 15:05:16 [main] DEBUG l.i.u.t.SubmittedApplicationsPageTest - Entered institution percentage: '50'.
2025-02-03 15:05:17 [main] DEBUG l.i.u.t.SubmittedApplicationsPageTest - Entered municipality percentage: '50'.
2025-02-03 15:05:17 [main] DEBUG l.i.u.t.SubmittedApplicationsPageTest - Selected 'De Minimis' radio button.
2025-02-03 15:05:17 [main] DEBUG l.i.u.t.SubmittedApplicationsPageTest - Entered program name: 'Programa 1'.
2025-02-03 15:05:17 [main] DEBUG l.i.u.t.SubmittedApplicationsPageTest - Entered project date from.
2025-02-03 15:05:17 [main] DEBUG l.i.u.t.SubmittedApplicationsPageTest - Entered project date until.
2025-02-03 15:05:18 [main] DEBUG l.i.u.t.SubmittedApplicationsPageTest - Entered support amount: '2000'.
2025-02-03 15:05:18 [main] DEBUG l.i.u.t.SubmittedApplicationsPageTest - Clicked 'Next' button.
2025-02-03 15:05:28 [main] DEBUG l.i.u.t.SubmittedApplicationsPageTest - Checked 'Legal Entities' checkbox 1.
2025-02-03 15:05:38 [main] DEBUG l.i.u.t.SubmittedApplicationsPageTest - Checked 'Legal Entities' checkbox 2.
2025-02-03 15:05:48 [main] DEBUG l.i.u.t.SubmittedApplicationsPageTest - Checked 'Legal Entities' checkbox 3.
2025-02-03 15:05:48 [main] DEBUG l.i.u.t.SubmittedApplicationsPageTest - Clicked 'Next' button after checkboxes.
2025-02-03 15:05:48 [main] INFO  l.i.u.t.SubmittedApplicationsPageTest - Test 'testFillNewApplication' completed successfully.
2025-02-03 15:07:14 [main] INFO  lt.insoft.uztis.tests.UztisPageTest - Navigated to https://uztisdev.asseco.lt/home
2025-02-03 15:07:14 [main] INFO  l.i.u.t.SubmittedApplicationsPageTest - Starting test:'testFillNewApplication'
2025-02-03 15:07:15 [main] DEBUG l.i.u.t.SubmittedApplicationsPageTest - User logged in with test credentials.
2025-02-03 15:07:15 [main] DEBUG l.i.u.t.SubmittedApplicationsPageTest - Opened 'Application Processing' menu.
2025-02-03 15:07:15 [main] DEBUG l.i.u.t.SubmittedApplicationsPageTest - Clicked on 'Application Forms' menu.
2025-02-03 15:07:15 [main] DEBUG l.i.u.t.SubmittedApplicationsPageTest - Retrieved last description code text: 'TST-VUI-27'.
2025-02-03 15:07:15 [main] DEBUG l.i.u.t.SubmittedApplicationsPageTest - Clicked on 'Invitation' menu.
2025-02-03 15:07:16 [main] DEBUG l.i.u.t.SubmittedApplicationsPageTest - Selected application section by code: 'TST-VUI-27'.
2025-02-03 15:07:16 [main] DEBUG l.i.u.t.SubmittedApplicationsPageTest - Clicked 'Search' button.
2025-02-03 15:07:16 [main] DEBUG l.i.u.t.SubmittedApplicationsPageTest - Retrieved invitation code: ''.
2025-02-03 15:07:17 [main] DEBUG l.i.u.t.SubmittedApplicationsPageTest - Clicked on 'Submitted Applications' menu.
2025-02-03 15:07:18 [main] DEBUG l.i.u.t.SubmittedApplicationsPageTest - Selected invitation by code: 'TST-VUI-27'.
2025-02-03 15:07:18 [main] DEBUG l.i.u.t.SubmittedApplicationsPageTest - Invitation code inserted.
2025-02-03 15:07:18 [main] DEBUG l.i.u.t.SubmittedApplicationsPageTest - Clicked on 'Action Application' button.
2025-02-03 15:07:18 [main] DEBUG l.i.u.t.SubmittedApplicationsPageTest - Clicked on 'New Application' button.
2025-02-03 15:07:18 [main] DEBUG l.i.u.t.SubmittedApplicationsPageTest - Selected the 'RadioButtonFA' option.
2025-02-03 15:07:19 [main] DEBUG l.i.u.t.SubmittedApplicationsPageTest - Entered phone number: '61298745'.
2025-02-03 15:07:19 [main] DEBUG l.i.u.t.SubmittedApplicationsPageTest - Entered email: 'test@autotest.com'.
2025-02-03 15:07:19 [main] INFO  l.i.u.p.SubmittedApplicationsPage - Located the dropdown button.
2025-02-03 15:07:40 [main] INFO  l.i.u.p.SubmittedApplicationsPage - Found 1741 options in the dropdown.
2025-02-03 15:07:40 [main] INFO  l.i.u.p.SubmittedApplicationsPage - Successfully selected the value: '01.11 - Grūdinių (išskyrus ryžius), ankštinių ir aliejingų sėklų augalų auginimas'
2025-02-03 15:07:50 [main] ERROR l.i.u.p.SubmittedApplicationsPage - Failed to close the dropdown with aria-expanded = 'false'. Attempting manual close.
2025-02-03 15:07:50 [main] INFO  l.i.u.p.SubmittedApplicationsPage - Manual close attempt for the dropdown using body click.
2025-02-03 15:07:50 [main] DEBUG l.i.u.t.SubmittedApplicationsPageTest - Selected EVRK value: '01.11 - Grūdinių (išskyrus ryžius), ankštinių ir aliejingų sėklų augalų auginimas'.
2025-02-03 15:07:51 [main] DEBUG l.i.u.t.SubmittedApplicationsPageTest - Entered address: 'Vilniaus m. sav., Vilnius, Testo g. 10T'.
2025-02-03 15:07:51 [main] DEBUG l.i.u.t.SubmittedApplicationsPageTest - Entered project date.
2025-02-03 15:07:51 [main] DEBUG l.i.u.t.SubmittedApplicationsPageTest - Entered job count: '1'.
2025-02-03 15:07:51 [main] DEBUG l.i.u.t.SubmittedApplicationsPageTest - Clicked 'Next' button.
2025-02-03 15:07:51 [main] INFO  l.i.u.p.SubmittedApplicationsPage - Located the dropdown button.
2025-02-03 15:07:52 [main] INFO  l.i.u.p.SubmittedApplicationsPage - Successfully selected the value: 'Administratoriai'
2025-02-03 15:08:12 [main] ERROR l.i.u.p.SubmittedApplicationsPage - Timeout while waiting for dropdown to close with aria-expanded = 'false'.
2025-02-03 15:08:12 [main] DEBUG l.i.u.t.SubmittedApplicationsPageTest - Selected job name: 'Administratoriai'.
2025-02-03 15:08:12 [main] DEBUG l.i.u.t.SubmittedApplicationsPageTest - Entered job function: 'Funkcija 1'.
2025-02-03 15:08:13 [main] DEBUG l.i.u.t.SubmittedApplicationsPageTest - Selected 'RadioButtonWithDisabilities' option.
2025-02-03 15:08:13 [main] INFO  l.i.u.p.SubmittedApplicationsPage - Clicking on the dropdown button.
2025-02-03 15:08:13 [main] INFO  l.i.u.p.SubmittedApplicationsPage - Found 34 options in the dropdown.
2025-02-03 15:08:13 [main] DEBUG l.i.u.p.SubmittedApplicationsPage - Checking option: 'Asmenys, kuriems suteiktas pabėgėlio statusas ar perkeliamojo asmens statusas, arba asmenys, kuriems suteikta papildoma ar laikinoji apsauga, ir asmenys, turintys teisę gauti laikinąją apsaugą, iki sprendimo dėl laikinosios apsaugos suteikimo (nesuteikimo) priėmimo, tačiau ne ilgiau kaip laikinosios apsaugos laikotarpiu'
2025-02-03 15:08:13 [main] DEBUG l.i.u.p.SubmittedApplicationsPage - Checking option: 'Asmenys, kuriems suteiktas pabėgėlio statusas ar perkeliamojo asmens statusas, arba asmenys, kuriems suteikta papildoma ar laikinoji apsauga, ir asmenys, turintys teisę gauti laikinąją apsaugą, iki sprendimo dėl laikinosios apsaugos suteikimo (nesuteikimo) priėmimo, tačiau ne ilgiau kaip laikinosios apsaugos laikotarpiu'
2025-02-03 15:08:13 [main] DEBUG l.i.u.p.SubmittedApplicationsPage - Checking option: 'Asmenys, turintys teisę į papildomas užimtumo garantijas pagal Lietuvos Respublikos valstybės įmonės Ignalinos atominės elektrinės darbuotojų papildomų užimtumo ir socialinių garantijų įstatymą'
2025-02-03 15:08:13 [main] DEBUG l.i.u.p.SubmittedApplicationsPage - Checking option: 'Asmenys, turintys teisę į papildomas užimtumo garantijas pagal Lietuvos Respublikos valstybės įmonės Ignalinos atominės elektrinės darbuotojų papildomų užimtumo ir socialinių garantijų įstatymą'
2025-02-03 15:08:13 [main] DEBUG l.i.u.p.SubmittedApplicationsPage - Checking option: 'Bedarbiai iki 29 metų'
2025-02-03 15:08:13 [main] DEBUG l.i.u.p.SubmittedApplicationsPage - Checking option: 'Bedarbiai iki 29 metų'
2025-02-03 15:08:13 [main] DEBUG l.i.u.p.SubmittedApplicationsPage - Checking option: 'Bedarbiai, kurie yra darbingo amžiaus neįgalieji, kuriems nustatytas 30–40 procentų darbingumo lygis arba vidutinis neįgalumo lygis'
2025-02-03 15:08:13 [main] DEBUG l.i.u.p.SubmittedApplicationsPage - Checking option: 'Bedarbiai, kurie yra darbingo amžiaus neįgalieji, kuriems nustatytas 30–40 procentų darbingumo lygis arba vidutinis neįgalumo lygis'
2025-02-03 15:08:13 [main] DEBUG l.i.u.p.SubmittedApplicationsPage - Checking option: 'Bedarbiai, kurie yra darbingo amžiaus neįgalieji, kuriems nustatytas 45–55 procentų darbingumo lygis arba lengvas neįgalumo lygis'
2025-02-03 15:08:13 [main] DEBUG l.i.u.p.SubmittedApplicationsPage - Checking option: 'Bedarbiai, kurie yra darbingo amžiaus neįgalieji, kuriems nustatytas 45–55 procentų darbingumo lygis arba lengvas neįgalumo lygis'
2025-02-03 15:08:13 [main] DEBUG l.i.u.p.SubmittedApplicationsPage - Checking option: 'Bedarbiai, kurie yra darbingo amžiaus neįgalieji, kuriems nustatytas iki 25 procentų darbingumo lygis arba sunkus neįgalumo lygis'
2025-02-03 15:08:13 [main] INFO  l.i.u.p.SubmittedApplicationsPage - Successfully selected the value: 'Bedarbiai, kurie yra darbingo amžiaus neįgalieji, kuriems nustatytas iki 25 procentų darbingumo lygis arba sunkus neįgalumo lygis'
2025-02-03 15:08:13 [main] INFO  l.i.u.p.SubmittedApplicationsPage - Attempting to close the dropdown.
2025-02-03 15:08:24 [main] INFO  l.i.u.p.SubmittedApplicationsPage - Dropdown should be closed now.
2025-02-03 15:08:24 [main] DEBUG l.i.u.t.SubmittedApplicationsPageTest - Selected disabilities type: 'Bedarbiai, kurie yra darbingo amžiaus neįgalieji, kuriems nustatytas iki 25 procentų darbingumo lygis arba sunkus neįgalumo lygis'.
2025-02-03 15:08:24 [main] DEBUG l.i.u.t.SubmittedApplicationsPageTest - Entered disability information: 'Negalia 1'.
2025-02-03 15:08:24 [main] INFO  l.i.u.p.SubmittedApplicationsPage - Located the dropdown button.
2025-02-03 15:08:25 [main] INFO  l.i.u.p.SubmittedApplicationsPage - Successfully selected the value: 'Kita'
2025-02-03 15:08:35 [main] ERROR l.i.u.p.SubmittedApplicationsPage - Timeout while waiting for dropdown to close with aria-expanded = 'false'.
2025-02-03 15:08:35 [main] DEBUG l.i.u.t.SubmittedApplicationsPageTest - Selected time mode: 'Kita'.
2025-02-03 15:08:35 [main] DEBUG l.i.u.t.SubmittedApplicationsPageTest - Selected time mode other: '6 val. per dieną ir 4 d. per savaitę'.
2025-02-03 15:08:35 [main] DEBUG l.i.u.t.SubmittedApplicationsPageTest - Entered qualification: 'Kvalifikacija 1'.
2025-02-03 15:08:36 [main] DEBUG l.i.u.t.SubmittedApplicationsPageTest - Entered job date.
2025-02-03 15:08:36 [main] DEBUG l.i.u.t.SubmittedApplicationsPageTest - Entered salary amount: '1200'.
2025-02-03 15:08:36 [main] DEBUG l.i.u.t.SubmittedApplicationsPageTest - Selected 'Temporary Job' radio button.
2025-02-03 15:08:36 [main] DEBUG l.i.u.t.SubmittedApplicationsPageTest - Selected 'Season Job' radio button.
2025-02-03 15:08:36 [main] DEBUG l.i.u.t.SubmittedApplicationsPageTest - Selected 'Energy' radio button.
2025-02-03 15:08:36 [main] DEBUG l.i.u.t.SubmittedApplicationsPageTest - Selected 'Repair' radio button.
2025-02-03 15:08:37 [main] DEBUG l.i.u.t.SubmittedApplicationsPageTest - Entered job description: 'Veikla 1'.
2025-02-03 15:08:37 [main] DEBUG l.i.u.t.SubmittedApplicationsPageTest - Entered process description: 'Procesas 1'.
2025-02-03 15:08:37 [main] DEBUG l.i.u.t.SubmittedApplicationsPageTest - Entered energy information: 'Energija 1'.
2025-02-03 15:08:37 [main] DEBUG l.i.u.t.SubmittedApplicationsPageTest - Entered repair information: 'Remontas 1'.
2025-02-03 15:08:37 [main] DEBUG l.i.u.t.SubmittedApplicationsPageTest - Selected 'PVM' radio button.
2025-02-03 15:08:37 [main] INFO  l.i.u.p.SubmittedApplicationsPage - Located the dropdown button.
2025-02-03 15:08:38 [main] INFO  l.i.u.p.SubmittedApplicationsPage - Successfully selected the value: 'Įsigyti'
2025-02-03 15:08:58 [main] ERROR l.i.u.p.SubmittedApplicationsPage - Timeout while waiting for dropdown to close with aria-expanded = 'false'.
2025-02-03 15:08:58 [main] DEBUG l.i.u.t.SubmittedApplicationsPageTest - Selected necessary for job: 'Įsigyti'.
2025-02-03 15:08:59 [main] DEBUG l.i.u.t.SubmittedApplicationsPageTest - Selected tool: 'Darbo priemonė 1'.
2025-02-03 15:08:59 [main] DEBUG l.i.u.t.SubmittedApplicationsPageTest - Selected tool parameter one: 'Darbo priemonės 1 parametras 1'.
2025-02-03 15:08:59 [main] DEBUG l.i.u.t.SubmittedApplicationsPageTest - Selected tool parameter two: 'Darbo priemonės 1 parametras 2'.
2025-02-03 15:08:59 [main] DEBUG l.i.u.t.SubmittedApplicationsPageTest - Selected tool parameter three: 'Darbo priemonės 1 parametras 3'.
2025-02-03 15:08:59 [main] DEBUG l.i.u.t.SubmittedApplicationsPageTest - Entered tool count: '1'.
2025-02-03 15:09:00 [main] DEBUG l.i.u.t.SubmittedApplicationsPageTest - Entered price amount: '1000'.
2025-02-03 15:09:00 [main] DEBUG l.i.u.t.SubmittedApplicationsPageTest - Entered own funds amount: '800'.
2025-02-03 15:09:00 [main] DEBUG l.i.u.t.SubmittedApplicationsPageTest - Entered country percentage: '50'.
2025-02-03 15:09:00 [main] DEBUG l.i.u.t.SubmittedApplicationsPageTest - Entered institution percentage: '50'.
2025-02-03 15:09:00 [main] DEBUG l.i.u.t.SubmittedApplicationsPageTest - Entered municipality percentage: '50'.
2025-02-03 15:09:00 [main] DEBUG l.i.u.t.SubmittedApplicationsPageTest - Selected 'De Minimis' radio button.
2025-02-03 15:09:01 [main] DEBUG l.i.u.t.SubmittedApplicationsPageTest - Entered program name: 'Programa 1'.
2025-02-03 15:09:01 [main] DEBUG l.i.u.t.SubmittedApplicationsPageTest - Entered project date from.
2025-02-03 15:09:01 [main] DEBUG l.i.u.t.SubmittedApplicationsPageTest - Entered project date until.
2025-02-03 15:09:01 [main] DEBUG l.i.u.t.SubmittedApplicationsPageTest - Entered support amount: '2000'.
2025-02-03 15:09:01 [main] DEBUG l.i.u.t.SubmittedApplicationsPageTest - Clicked 'Next' button.
2025-02-03 15:09:12 [main] DEBUG l.i.u.t.SubmittedApplicationsPageTest - Checked 'Legal Entities' checkbox 1.
2025-02-03 15:09:22 [main] DEBUG l.i.u.t.SubmittedApplicationsPageTest - Checked 'Legal Entities' checkbox 2.
2025-02-03 15:09:32 [main] DEBUG l.i.u.t.SubmittedApplicationsPageTest - Checked 'Legal Entities' checkbox 3.
2025-02-03 15:09:32 [main] DEBUG l.i.u.t.SubmittedApplicationsPageTest - Clicked 'Next' button after checkboxes.
2025-02-03 15:09:32 [main] INFO  l.i.u.t.SubmittedApplicationsPageTest - Test 'testFillNewApplication' completed successfully.
2025-02-03 15:14:44 [main] INFO  lt.insoft.uztis.tests.UztisPageTest - Navigated to https://uztisdev.asseco.lt/home
2025-02-03 15:14:44 [main] INFO  l.i.u.t.SubmittedApplicationsPageTest - Starting test:'testFillNewApplication'
2025-02-03 15:14:44 [main] DEBUG l.i.u.t.SubmittedApplicationsPageTest - User logged in with test credentials.
2025-02-03 15:14:45 [main] DEBUG l.i.u.t.SubmittedApplicationsPageTest - Opened 'Application Processing' menu.
2025-02-03 15:14:45 [main] DEBUG l.i.u.t.SubmittedApplicationsPageTest - Clicked on 'Application Forms' menu.
2025-02-03 15:14:45 [main] DEBUG l.i.u.t.SubmittedApplicationsPageTest - Retrieved last description code text: 'TST-VUI-27'.
2025-02-03 15:14:46 [main] DEBUG l.i.u.t.SubmittedApplicationsPageTest - Clicked on 'Invitation' menu.
2025-02-03 15:14:46 [main] DEBUG l.i.u.t.SubmittedApplicationsPageTest - Selected application section by code: 'TST-VUI-27'.
2025-02-03 15:14:47 [main] DEBUG l.i.u.t.SubmittedApplicationsPageTest - Clicked 'Search' button.
2025-02-03 15:14:47 [main] DEBUG l.i.u.t.SubmittedApplicationsPageTest - Retrieved invitation code: ''.
2025-02-03 15:14:47 [main] DEBUG l.i.u.t.SubmittedApplicationsPageTest - Clicked on 'Submitted Applications' menu.
2025-02-03 15:14:48 [main] DEBUG l.i.u.t.SubmittedApplicationsPageTest - Selected invitation by code: 'TST-VUI-27'.
2025-02-03 15:14:48 [main] DEBUG l.i.u.t.SubmittedApplicationsPageTest - Invitation code inserted.
2025-02-03 15:14:48 [main] DEBUG l.i.u.t.SubmittedApplicationsPageTest - Clicked on 'Action Application' button.
2025-02-03 15:14:48 [main] DEBUG l.i.u.t.SubmittedApplicationsPageTest - Clicked on 'New Application' button.
2025-02-03 15:14:48 [main] DEBUG l.i.u.t.SubmittedApplicationsPageTest - Selected the 'RadioButtonFA' option.
2025-02-03 15:14:49 [main] DEBUG l.i.u.t.SubmittedApplicationsPageTest - Entered phone number: '61298745'.
2025-02-03 15:14:49 [main] DEBUG l.i.u.t.SubmittedApplicationsPageTest - Entered email: 'test@autotest.com'.
2025-02-03 15:14:49 [main] INFO  l.i.u.p.SubmittedApplicationsPage - Located the dropdown button.
2025-02-03 15:15:09 [main] INFO  l.i.u.p.SubmittedApplicationsPage - Found 1741 options in the dropdown.
2025-02-03 15:15:09 [main] INFO  l.i.u.p.SubmittedApplicationsPage - Successfully selected the value: '01.11 - Grūdinių (išskyrus ryžius), ankštinių ir aliejingų sėklų augalų auginimas'
2025-02-03 15:15:20 [main] ERROR l.i.u.p.SubmittedApplicationsPage - Failed to close the dropdown with aria-expanded = 'false'. Attempting manual close.
2025-02-03 15:15:20 [main] INFO  l.i.u.p.SubmittedApplicationsPage - Manual close attempt for the dropdown using body click.
2025-02-03 15:15:20 [main] DEBUG l.i.u.t.SubmittedApplicationsPageTest - Selected EVRK value: '01.11 - Grūdinių (išskyrus ryžius), ankštinių ir aliejingų sėklų augalų auginimas'.
2025-02-03 15:15:20 [main] DEBUG l.i.u.t.SubmittedApplicationsPageTest - Entered address: 'Vilniaus m. sav., Vilnius, Testo g. 10T'.
2025-02-03 15:15:20 [main] DEBUG l.i.u.t.SubmittedApplicationsPageTest - Entered project date.
2025-02-03 15:15:20 [main] DEBUG l.i.u.t.SubmittedApplicationsPageTest - Entered job count: '1'.
2025-02-03 15:15:21 [main] DEBUG l.i.u.t.SubmittedApplicationsPageTest - Clicked 'Next' button.
2025-02-03 15:15:21 [main] INFO  l.i.u.p.SubmittedApplicationsPage - Located the dropdown button.
2025-02-03 15:15:22 [main] INFO  l.i.u.p.SubmittedApplicationsPage - Successfully selected the value: 'Administratoriai'
2025-02-03 15:15:42 [main] ERROR l.i.u.p.SubmittedApplicationsPage - Timeout while waiting for dropdown to close with aria-expanded = 'false'.
2025-02-03 15:15:42 [main] DEBUG l.i.u.t.SubmittedApplicationsPageTest - Selected job name: 'Administratoriai'.
2025-02-03 15:15:42 [main] DEBUG l.i.u.t.SubmittedApplicationsPageTest - Entered job function: 'Funkcija 1'.
2025-02-03 15:15:42 [main] DEBUG l.i.u.t.SubmittedApplicationsPageTest - Selected 'RadioButtonWithDisabilities' option.
2025-02-03 15:15:42 [main] INFO  l.i.u.p.SubmittedApplicationsPage - Clicking on the dropdown button.
2025-02-03 15:15:43 [main] INFO  l.i.u.p.SubmittedApplicationsPage - Found 34 options in the dropdown.
2025-02-03 15:15:43 [main] DEBUG l.i.u.p.SubmittedApplicationsPage - Checking option: 'Asmenys, kuriems suteiktas pabėgėlio statusas ar perkeliamojo asmens statusas, arba asmenys, kuriems suteikta papildoma ar laikinoji apsauga, ir asmenys, turintys teisę gauti laikinąją apsaugą, iki sprendimo dėl laikinosios apsaugos suteikimo (nesuteikimo) priėmimo, tačiau ne ilgiau kaip laikinosios apsaugos laikotarpiu'
2025-02-03 15:15:43 [main] DEBUG l.i.u.p.SubmittedApplicationsPage - Checking option: 'Asmenys, kuriems suteiktas pabėgėlio statusas ar perkeliamojo asmens statusas, arba asmenys, kuriems suteikta papildoma ar laikinoji apsauga, ir asmenys, turintys teisę gauti laikinąją apsaugą, iki sprendimo dėl laikinosios apsaugos suteikimo (nesuteikimo) priėmimo, tačiau ne ilgiau kaip laikinosios apsaugos laikotarpiu'
2025-02-03 15:15:43 [main] DEBUG l.i.u.p.SubmittedApplicationsPage - Checking option: 'Asmenys, turintys teisę į papildomas užimtumo garantijas pagal Lietuvos Respublikos valstybės įmonės Ignalinos atominės elektrinės darbuotojų papildomų užimtumo ir socialinių garantijų įstatymą'
2025-02-03 15:15:43 [main] DEBUG l.i.u.p.SubmittedApplicationsPage - Checking option: 'Asmenys, turintys teisę į papildomas užimtumo garantijas pagal Lietuvos Respublikos valstybės įmonės Ignalinos atominės elektrinės darbuotojų papildomų užimtumo ir socialinių garantijų įstatymą'
2025-02-03 15:15:43 [main] DEBUG l.i.u.p.SubmittedApplicationsPage - Checking option: 'Bedarbiai iki 29 metų'
2025-02-03 15:15:43 [main] DEBUG l.i.u.p.SubmittedApplicationsPage - Checking option: 'Bedarbiai iki 29 metų'
2025-02-03 15:15:43 [main] DEBUG l.i.u.p.SubmittedApplicationsPage - Checking option: 'Bedarbiai, kurie yra darbingo amžiaus neįgalieji, kuriems nustatytas 30–40 procentų darbingumo lygis arba vidutinis neįgalumo lygis'
2025-02-03 15:15:43 [main] DEBUG l.i.u.p.SubmittedApplicationsPage - Checking option: 'Bedarbiai, kurie yra darbingo amžiaus neįgalieji, kuriems nustatytas 30–40 procentų darbingumo lygis arba vidutinis neįgalumo lygis'
2025-02-03 15:15:43 [main] DEBUG l.i.u.p.SubmittedApplicationsPage - Checking option: 'Bedarbiai, kurie yra darbingo amžiaus neįgalieji, kuriems nustatytas 45–55 procentų darbingumo lygis arba lengvas neįgalumo lygis'
2025-02-03 15:15:43 [main] DEBUG l.i.u.p.SubmittedApplicationsPage - Checking option: 'Bedarbiai, kurie yra darbingo amžiaus neįgalieji, kuriems nustatytas 45–55 procentų darbingumo lygis arba lengvas neįgalumo lygis'
2025-02-03 15:15:43 [main] DEBUG l.i.u.p.SubmittedApplicationsPage - Checking option: 'Bedarbiai, kurie yra darbingo amžiaus neįgalieji, kuriems nustatytas iki 25 procentų darbingumo lygis arba sunkus neįgalumo lygis'
2025-02-03 15:15:43 [main] INFO  l.i.u.p.SubmittedApplicationsPage - Successfully selected the value: 'Bedarbiai, kurie yra darbingo amžiaus neįgalieji, kuriems nustatytas iki 25 procentų darbingumo lygis arba sunkus neįgalumo lygis'
2025-02-03 15:15:43 [main] INFO  l.i.u.p.SubmittedApplicationsPage - Attempting to close the dropdown.
2025-02-03 15:15:54 [main] INFO  l.i.u.p.SubmittedApplicationsPage - Dropdown should be closed now.
2025-02-03 15:15:54 [main] DEBUG l.i.u.t.SubmittedApplicationsPageTest - Selected disabilities type: 'Bedarbiai, kurie yra darbingo amžiaus neįgalieji, kuriems nustatytas iki 25 procentų darbingumo lygis arba sunkus neįgalumo lygis'.
2025-02-03 15:15:54 [main] DEBUG l.i.u.t.SubmittedApplicationsPageTest - Entered disability information: 'Negalia 1'.
2025-02-03 15:15:54 [main] INFO  l.i.u.p.SubmittedApplicationsPage - Located the dropdown button.
2025-02-03 15:15:54 [main] INFO  l.i.u.p.SubmittedApplicationsPage - Successfully selected the value: 'Kita'
2025-02-03 15:16:05 [main] ERROR l.i.u.p.SubmittedApplicationsPage - Timeout while waiting for dropdown to close with aria-expanded = 'false'.
2025-02-03 15:16:05 [main] DEBUG l.i.u.t.SubmittedApplicationsPageTest - Selected time mode: 'Kita'.
2025-02-03 15:16:05 [main] DEBUG l.i.u.t.SubmittedApplicationsPageTest - Selected time mode other: '6 val. per dieną ir 4 d. per savaitę'.
2025-02-03 15:16:05 [main] DEBUG l.i.u.t.SubmittedApplicationsPageTest - Entered qualification: 'Kvalifikacija 1'.
2025-02-03 15:16:05 [main] DEBUG l.i.u.t.SubmittedApplicationsPageTest - Entered job date.
2025-02-03 15:16:05 [main] DEBUG l.i.u.t.SubmittedApplicationsPageTest - Entered salary amount: '1200'.
2025-02-03 15:16:06 [main] DEBUG l.i.u.t.SubmittedApplicationsPageTest - Selected 'Temporary Job' radio button.
2025-02-03 15:16:06 [main] DEBUG l.i.u.t.SubmittedApplicationsPageTest - Selected 'Season Job' radio button.
2025-02-03 15:16:06 [main] DEBUG l.i.u.t.SubmittedApplicationsPageTest - Selected 'Energy' radio button.
2025-02-03 15:16:06 [main] DEBUG l.i.u.t.SubmittedApplicationsPageTest - Selected 'Repair' radio button.
2025-02-03 15:16:06 [main] DEBUG l.i.u.t.SubmittedApplicationsPageTest - Entered job description: 'Veikla 1'.
2025-02-03 15:16:06 [main] DEBUG l.i.u.t.SubmittedApplicationsPageTest - Entered process description: 'Procesas 1'.
2025-02-03 15:16:07 [main] DEBUG l.i.u.t.SubmittedApplicationsPageTest - Entered energy information: 'Energija 1'.
2025-02-03 15:16:07 [main] DEBUG l.i.u.t.SubmittedApplicationsPageTest - Entered repair information: 'Remontas 1'.
2025-02-03 15:16:07 [main] DEBUG l.i.u.t.SubmittedApplicationsPageTest - Selected 'PVM' radio button.
2025-02-03 15:16:07 [main] INFO  l.i.u.p.SubmittedApplicationsPage - Located the dropdown button.
2025-02-03 15:16:07 [main] INFO  l.i.u.p.SubmittedApplicationsPage - Successfully selected the value: 'Įsigyti'
2025-02-03 15:16:27 [main] ERROR l.i.u.p.SubmittedApplicationsPage - Timeout while waiting for dropdown to close with aria-expanded = 'false'.
2025-02-03 15:16:27 [main] DEBUG l.i.u.t.SubmittedApplicationsPageTest - Selected necessary for job: 'Įsigyti'.
2025-02-03 15:16:28 [main] DEBUG l.i.u.t.SubmittedApplicationsPageTest - Selected tool: 'Darbo priemonė 1'.
2025-02-03 15:16:28 [main] DEBUG l.i.u.t.SubmittedApplicationsPageTest - Selected tool parameter one: 'Darbo priemonės 1 parametras 1'.
2025-02-03 15:16:28 [main] DEBUG l.i.u.t.SubmittedApplicationsPageTest - Selected tool parameter two: 'Darbo priemonės 1 parametras 2'.
2025-02-03 15:16:28 [main] DEBUG l.i.u.t.SubmittedApplicationsPageTest - Selected tool parameter three: 'Darbo priemonės 1 parametras 3'.
2025-02-03 15:16:28 [main] DEBUG l.i.u.t.SubmittedApplicationsPageTest - Entered tool count: '1'.
2025-02-03 15:16:29 [main] DEBUG l.i.u.t.SubmittedApplicationsPageTest - Entered price amount: '1000'.
2025-02-03 15:16:29 [main] DEBUG l.i.u.t.SubmittedApplicationsPageTest - Entered own funds amount: '800'.
2025-02-03 15:16:29 [main] DEBUG l.i.u.t.SubmittedApplicationsPageTest - Entered country percentage: '50'.
2025-02-03 15:16:29 [main] DEBUG l.i.u.t.SubmittedApplicationsPageTest - Entered institution percentage: '50'.
2025-02-03 15:16:29 [main] DEBUG l.i.u.t.SubmittedApplicationsPageTest - Entered municipality percentage: '50'.
2025-02-03 15:16:29 [main] DEBUG l.i.u.t.SubmittedApplicationsPageTest - Selected 'De Minimis' radio button.
2025-02-03 15:16:30 [main] DEBUG l.i.u.t.SubmittedApplicationsPageTest - Entered program name: 'Programa 1'.
2025-02-03 15:16:30 [main] DEBUG l.i.u.t.SubmittedApplicationsPageTest - Entered project date from.
2025-02-03 15:16:30 [main] DEBUG l.i.u.t.SubmittedApplicationsPageTest - Entered project date until.
2025-02-03 15:16:30 [main] DEBUG l.i.u.t.SubmittedApplicationsPageTest - Entered support amount: '2000'.
2025-02-03 15:16:30 [main] DEBUG l.i.u.t.SubmittedApplicationsPageTest - Clicked 'Next' button.
2025-02-03 15:17:01 [main] DEBUG l.i.u.t.SubmittedApplicationsPageTest - Checked 'Legal Entities' checkbox 1.
2025-02-03 15:18:01 [main] DEBUG l.i.u.t.SubmittedApplicationsPageTest - Checked 'Legal Entities' checkbox 2.
2025-02-03 15:18:36 [main] ERROR l.i.u.t.SubmittedApplicationsPageTest - Test 'testFillNewApplication' failed with error: invalid session id: session deleted as the browser has closed the connection
from disconnected: unable to send message to renderer
  (Session info: chrome=132.0.6834.160)
Build info: version: '4.27.0', revision: 'd6e718d134'
System info: os.name: 'Windows 11', os.arch: 'amd64', os.version: '10.0', java.version: '21.0.3'
Driver info: org.openqa.selenium.chrome.ChromeDriver
Command: [296e55225cc1b1c5cd7a16541885997b, findElement {using=css selector, value=*[name='checkboxConfirmationThree']}]
Capabilities {acceptInsecureCerts: false, browserName: chrome, browserVersion: 132.0.6834.160, chrome: {chromedriverVersion: 132.0.6834.159 (2d77d3fc445..., userDataDir: C:\Users\INGRID~1.ZAD\AppDa...}, fedcm:accounts: true, goog:chromeOptions: {debuggerAddress: localhost:54275}, networkConnectionEnabled: false, pageLoadStrategy: normal, platformName: windows, proxy: Proxy(), se:cdp: ws://localhost:54275/devtoo..., se:cdpVersion: 132.0.6834.160, setWindowRect: true, strictFileInteractability: false, timeouts: {implicit: 0, pageLoad: 300000, script: 30000}, unhandledPromptBehavior: dismiss and notify, webauthn:extension:credBlob: true, webauthn:extension:largeBlob: true, webauthn:extension:minPinLength: true, webauthn:extension:prf: true, webauthn:virtualAuthenticators: true}
Session ID: 296e55225cc1b1c5cd7a16541885997b
org.openqa.selenium.NoSuchSessionException: invalid session id: session deleted as the browser has closed the connection
from disconnected: unable to send message to renderer
  (Session info: chrome=132.0.6834.160)
Build info: version: '4.27.0', revision: 'd6e718d134'
System info: os.name: 'Windows 11', os.arch: 'amd64', os.version: '10.0', java.version: '21.0.3'
Driver info: org.openqa.selenium.chrome.ChromeDriver
Command: [296e55225cc1b1c5cd7a16541885997b, findElement {using=css selector, value=*[name='checkboxConfirmationThree']}]
Capabilities {acceptInsecureCerts: false, browserName: chrome, browserVersion: 132.0.6834.160, chrome: {chromedriverVersion: 132.0.6834.159 (2d77d3fc445..., userDataDir: C:\Users\INGRID~1.ZAD\AppDa...}, fedcm:accounts: true, goog:chromeOptions: {debuggerAddress: localhost:54275}, networkConnectionEnabled: false, pageLoadStrategy: normal, platformName: windows, proxy: Proxy(), se:cdp: ws://localhost:54275/devtoo..., se:cdpVersion: 132.0.6834.160, setWindowRect: true, strictFileInteractability: false, timeouts: {implicit: 0, pageLoad: 300000, script: 30000}, unhandledPromptBehavior: dismiss and notify, webauthn:extension:credBlob: true, webauthn:extension:largeBlob: true, webauthn:extension:minPinLength: true, webauthn:extension:prf: true, webauthn:virtualAuthenticators: true}
Session ID: 296e55225cc1b1c5cd7a16541885997b
	at java.base/jdk.internal.reflect.DirectConstructorHandleAccessor.newInstance(DirectConstructorHandleAccessor.java:62)
	at java.base/java.lang.reflect.Constructor.newInstanceWithCaller(Constructor.java:502)
	at java.base/java.lang.reflect.Constructor.newInstance(Constructor.java:486)
	at org.openqa.selenium.remote.ErrorCodec.decode(ErrorCodec.java:167)
	at org.openqa.selenium.remote.codec.w3c.W3CHttpResponseCodec.decode(W3CHttpResponseCodec.java:138)
	at org.openqa.selenium.remote.codec.w3c.W3CHttpResponseCodec.decode(W3CHttpResponseCodec.java:50)
	at org.openqa.selenium.remote.HttpCommandExecutor.execute(HttpCommandExecutor.java:190)
	at org.openqa.selenium.remote.service.DriverCommandExecutor.invokeExecute(DriverCommandExecutor.java:216)
	at org.openqa.selenium.remote.service.DriverCommandExecutor.execute(DriverCommandExecutor.java:174)
	at org.openqa.selenium.remote.RemoteWebDriver.execute(RemoteWebDriver.java:545)
	at org.openqa.selenium.remote.ElementLocation$ElementFinder$2.findElement(ElementLocation.java:165)
	at org.openqa.selenium.remote.ElementLocation.findElement(ElementLocation.java:59)
	at org.openqa.selenium.remote.RemoteWebDriver.findElement(RemoteWebDriver.java:368)
	at org.openqa.selenium.remote.RemoteWebDriver.findElement(RemoteWebDriver.java:362)
	at org.openqa.selenium.By$PreW3CLocator.findElement(By.java:430)
	at org.openqa.selenium.By$ByName.findElement(By.java:237)
	at org.openqa.selenium.support.ByIdOrName.findElement(ByIdOrName.java:49)
	at org.openqa.selenium.remote.ElementLocation$ElementFinder$1.findElement(ElementLocation.java:139)
	at org.openqa.selenium.remote.ElementLocation.findElement(ElementLocation.java:59)
	at org.openqa.selenium.remote.RemoteWebDriver.findElement(RemoteWebDriver.java:368)
	at org.openqa.selenium.remote.RemoteWebDriver.findElement(RemoteWebDriver.java:362)
	at org.openqa.selenium.support.pagefactory.DefaultElementLocator.findElement(DefaultElementLocator.java:68)
	at org.openqa.selenium.support.pagefactory.internal.LocatingElementHandler.invoke(LocatingElementHandler.java:38)
	at jdk.proxy2/jdk.proxy2.$Proxy14.toString(Unknown Source)
	at java.base/java.lang.String.valueOf(String.java:4465)
	at org.openqa.selenium.support.ui.ExpectedConditions$10.toString(ExpectedConditions.java:295)
	at java.base/java.lang.String.valueOf(String.java:4465)
	at org.openqa.selenium.support.ui.FluentWait.until(FluentWait.java:225)
	at lt.insoft.uztis.pages.SubmittedApplicationsPage.setConfirmationCheckbox(SubmittedApplicationsPage.java:761)
	at lt.insoft.uztis.tests.SubmittedApplicationsPageTest.testFillNewApplication(SubmittedApplicationsPageTest.java:318)
	at java.base/jdk.internal.reflect.DirectMethodHandleAccessor.invoke(DirectMethodHandleAccessor.java:103)
	at java.base/java.lang.reflect.Method.invoke(Method.java:580)
	at org.junit.platform.commons.util.ReflectionUtils.invokeMethod(ReflectionUtils.java:728)
	at org.junit.jupiter.engine.execution.MethodInvocation.proceed(MethodInvocation.java:60)
	at org.junit.jupiter.engine.execution.InvocationInterceptorChain$ValidatingInvocation.proceed(InvocationInterceptorChain.java:131)
	at org.junit.jupiter.engine.extension.TimeoutExtension.intercept(TimeoutExtension.java:156)
	at org.junit.jupiter.engine.extension.TimeoutExtension.interceptTestableMethod(TimeoutExtension.java:147)
	at org.junit.jupiter.engine.extension.TimeoutExtension.interceptTestMethod(TimeoutExtension.java:86)
	at org.junit.jupiter.engine.execution.InterceptingExecutableInvoker$ReflectiveInterceptorCall.lambda$ofVoidMethod$0(InterceptingExecutableInvoker.java:103)
	at org.junit.jupiter.engine.execution.InterceptingExecutableInvoker.lambda$invoke$0(InterceptingExecutableInvoker.java:93)
	at org.junit.jupiter.engine.execution.InvocationInterceptorChain$InterceptedInvocation.proceed(InvocationInterceptorChain.java:106)
	at org.junit.jupiter.engine.execution.InvocationInterceptorChain.proceed(InvocationInterceptorChain.java:64)
	at org.junit.jupiter.engine.execution.InvocationInterceptorChain.chainAndInvoke(InvocationInterceptorChain.java:45)
	at org.junit.jupiter.engine.execution.InvocationInterceptorChain.invoke(InvocationInterceptorChain.java:37)
	at org.junit.jupiter.engine.execution.InterceptingExecutableInvoker.invoke(InterceptingExecutableInvoker.java:92)
	at org.junit.jupiter.engine.execution.InterceptingExecutableInvoker.invoke(InterceptingExecutableInvoker.java:86)
	at org.junit.jupiter.engine.descriptor.TestMethodTestDescriptor.lambda$invokeTestMethod$7(TestMethodTestDescriptor.java:218)
	at org.junit.platform.engine.support.hierarchical.ThrowableCollector.execute(ThrowableCollector.java:73)
	at org.junit.jupiter.engine.descriptor.TestMethodTestDescriptor.invokeTestMethod(TestMethodTestDescriptor.java:214)
	at org.junit.jupiter.engine.descriptor.TestMethodTestDescriptor.execute(TestMethodTestDescriptor.java:139)
	at org.junit.jupiter.engine.descriptor.TestMethodTestDescriptor.execute(TestMethodTestDescriptor.java:69)
	at org.junit.platform.engine.support.hierarchical.NodeTestTask.lambda$executeRecursively$6(NodeTestTask.java:151)
	at org.junit.platform.engine.support.hierarchical.ThrowableCollector.execute(ThrowableCollector.java:73)
	at org.junit.platform.engine.support.hierarchical.NodeTestTask.lambda$executeRecursively$8(NodeTestTask.java:141)
	at org.junit.platform.engine.support.hierarchical.Node.around(Node.java:137)
	at org.junit.platform.engine.support.hierarchical.NodeTestTask.lambda$executeRecursively$9(NodeTestTask.java:139)
	at org.junit.platform.engine.support.hierarchical.ThrowableCollector.execute(ThrowableCollector.java:73)
	at org.junit.platform.engine.support.hierarchical.NodeTestTask.executeRecursively(NodeTestTask.java:138)
	at org.junit.platform.engine.support.hierarchical.NodeTestTask.execute(NodeTestTask.java:95)
	at java.base/java.util.ArrayList.forEach(ArrayList.java:1596)
	at org.junit.platform.engine.support.hierarchical.SameThreadHierarchicalTestExecutorService.invokeAll(SameThreadHierarchicalTestExecutorService.java:41)
	at org.junit.platform.engine.support.hierarchical.NodeTestTask.lambda$executeRecursively$6(NodeTestTask.java:155)
	at org.junit.platform.engine.support.hierarchical.ThrowableCollector.execute(ThrowableCollector.java:73)
	at org.junit.platform.engine.support.hierarchical.NodeTestTask.lambda$executeRecursively$8(NodeTestTask.java:141)
	at org.junit.platform.engine.support.hierarchical.Node.around(Node.java:137)
	at org.junit.platform.engine.support.hierarchical.NodeTestTask.lambda$executeRecursively$9(NodeTestTask.java:139)
	at org.junit.platform.engine.support.hierarchical.ThrowableCollector.execute(ThrowableCollector.java:73)
	at org.junit.platform.engine.support.hierarchical.NodeTestTask.executeRecursively(NodeTestTask.java:138)
	at org.junit.platform.engine.support.hierarchical.NodeTestTask.execute(NodeTestTask.java:95)
	at java.base/java.util.ArrayList.forEach(ArrayList.java:1596)
	at org.junit.platform.engine.support.hierarchical.SameThreadHierarchicalTestExecutorService.invokeAll(SameThreadHierarchicalTestExecutorService.java:41)
	at org.junit.platform.engine.support.hierarchical.NodeTestTask.lambda$executeRecursively$6(NodeTestTask.java:155)
	at org.junit.platform.engine.support.hierarchical.ThrowableCollector.execute(ThrowableCollector.java:73)
	at org.junit.platform.engine.support.hierarchical.NodeTestTask.lambda$executeRecursively$8(NodeTestTask.java:141)
	at org.junit.platform.engine.support.hierarchical.Node.around(Node.java:137)
	at org.junit.platform.engine.support.hierarchical.NodeTestTask.lambda$executeRecursively$9(NodeTestTask.java:139)
	at org.junit.platform.engine.support.hierarchical.ThrowableCollector.execute(ThrowableCollector.java:73)
	at org.junit.platform.engine.support.hierarchical.NodeTestTask.executeRecursively(NodeTestTask.java:138)
	at org.junit.platform.engine.support.hierarchical.NodeTestTask.execute(NodeTestTask.java:95)
	at org.junit.platform.engine.support.hierarchical.SameThreadHierarchicalTestExecutorService.submit(SameThreadHierarchicalTestExecutorService.java:35)
	at org.junit.platform.engine.support.hierarchical.HierarchicalTestExecutor.execute(HierarchicalTestExecutor.java:57)
	at org.junit.platform.engine.support.hierarchical.HierarchicalTestEngine.execute(HierarchicalTestEngine.java:54)
	at org.junit.platform.launcher.core.EngineExecutionOrchestrator.execute(EngineExecutionOrchestrator.java:198)
	at org.junit.platform.launcher.core.EngineExecutionOrchestrator.execute(EngineExecutionOrchestrator.java:169)
	at org.junit.platform.launcher.core.EngineExecutionOrchestrator.execute(EngineExecutionOrchestrator.java:93)
	at org.junit.platform.launcher.core.EngineExecutionOrchestrator.lambda$execute$0(EngineExecutionOrchestrator.java:58)
	at org.junit.platform.launcher.core.EngineExecutionOrchestrator.withInterceptedStreams(EngineExecutionOrchestrator.java:141)
	at org.junit.platform.launcher.core.EngineExecutionOrchestrator.execute(EngineExecutionOrchestrator.java:57)
	at org.junit.platform.launcher.core.DefaultLauncher.execute(DefaultLauncher.java:103)
	at org.junit.platform.launcher.core.DefaultLauncher.execute(DefaultLauncher.java:85)
	at org.junit.platform.launcher.core.DelegatingLauncher.execute(DelegatingLauncher.java:47)
	at org.junit.platform.launcher.core.SessionPerRequestLauncher.execute(SessionPerRequestLauncher.java:63)
	at com.intellij.junit5.JUnit5IdeaTestRunner.startRunnerWithArgs(JUnit5IdeaTestRunner.java:57)
	at com.intellij.rt.junit.IdeaTestRunner$Repeater$1.execute(IdeaTestRunner.java:38)
	at com.intellij.rt.execution.junit.TestsRepeater.repeat(TestsRepeater.java:11)
	at com.intellij.rt.junit.IdeaTestRunner$Repeater.startRunnerWithArgs(IdeaTestRunner.java:35)
	at com.intellij.rt.junit.JUnitStarter.prepareStreamsAndStart(JUnitStarter.java:232)
	at com.intellij.rt.junit.JUnitStarter.main(JUnitStarter.java:55)
2025-02-03 15:23:45 [main] INFO  lt.insoft.uztis.tests.UztisPageTest - Navigated to https://uztisdev.asseco.lt/home
2025-02-03 15:23:45 [main] INFO  l.i.u.t.SubmittedApplicationsPageTest - Starting test:'testFillNewApplication'
2025-02-03 15:23:46 [main] DEBUG l.i.u.t.SubmittedApplicationsPageTest - User logged in with test credentials.
2025-02-03 15:23:46 [main] DEBUG l.i.u.t.SubmittedApplicationsPageTest - Opened 'Application Processing' menu.
2025-02-03 15:23:46 [main] DEBUG l.i.u.t.SubmittedApplicationsPageTest - Clicked on 'Application Forms' menu.
2025-02-03 15:23:47 [main] DEBUG l.i.u.t.SubmittedApplicationsPageTest - Retrieved last description code text: 'TST-VUI-27'.
2025-02-03 15:23:47 [main] DEBUG l.i.u.t.SubmittedApplicationsPageTest - Clicked on 'Invitation' menu.
2025-02-03 15:23:48 [main] DEBUG l.i.u.t.SubmittedApplicationsPageTest - Selected application section by code: 'TST-VUI-27'.
2025-02-03 15:23:48 [main] DEBUG l.i.u.t.SubmittedApplicationsPageTest - Clicked 'Search' button.
2025-02-03 15:23:48 [main] DEBUG l.i.u.t.SubmittedApplicationsPageTest - Retrieved invitation code: ''.
2025-02-03 15:23:48 [main] DEBUG l.i.u.t.SubmittedApplicationsPageTest - Clicked on 'Submitted Applications' menu.
2025-02-03 15:23:49 [main] DEBUG l.i.u.t.SubmittedApplicationsPageTest - Selected invitation by code: 'TST-VUI-27'.
2025-02-03 15:23:49 [main] DEBUG l.i.u.t.SubmittedApplicationsPageTest - Invitation code inserted.
2025-02-03 15:23:49 [main] DEBUG l.i.u.t.SubmittedApplicationsPageTest - Clicked on 'Action Application' button.
2025-02-03 15:23:49 [main] DEBUG l.i.u.t.SubmittedApplicationsPageTest - Clicked on 'New Application' button.
2025-02-03 15:23:50 [main] DEBUG l.i.u.t.SubmittedApplicationsPageTest - Selected the 'RadioButtonFA' option.
2025-02-03 15:23:50 [main] DEBUG l.i.u.t.SubmittedApplicationsPageTest - Entered phone number: '61298745'.
2025-02-03 15:23:50 [main] DEBUG l.i.u.t.SubmittedApplicationsPageTest - Entered email: 'test@autotest.com'.
2025-02-03 15:23:50 [main] INFO  l.i.u.p.SubmittedApplicationsPage - Located the dropdown button.
2025-02-03 15:24:10 [main] INFO  l.i.u.p.SubmittedApplicationsPage - Found 1741 options in the dropdown.
2025-02-03 15:24:11 [main] INFO  l.i.u.p.SubmittedApplicationsPage - Successfully selected the value: '01.11 - Grūdinių (išskyrus ryžius), ankštinių ir aliejingų sėklų augalų auginimas'
2025-02-03 15:24:21 [main] ERROR l.i.u.p.SubmittedApplicationsPage - Failed to close the dropdown with aria-expanded = 'false'. Attempting manual close.
2025-02-03 15:24:21 [main] INFO  l.i.u.p.SubmittedApplicationsPage - Manual close attempt for the dropdown using body click.
2025-02-03 15:24:21 [main] DEBUG l.i.u.t.SubmittedApplicationsPageTest - Selected EVRK value: '01.11 - Grūdinių (išskyrus ryžius), ankštinių ir aliejingų sėklų augalų auginimas'.
2025-02-03 15:24:21 [main] DEBUG l.i.u.t.SubmittedApplicationsPageTest - Entered address: 'Vilniaus m. sav., Vilnius, Testo g. 10T'.
2025-02-03 15:24:22 [main] DEBUG l.i.u.t.SubmittedApplicationsPageTest - Entered project date.
2025-02-03 15:24:22 [main] DEBUG l.i.u.t.SubmittedApplicationsPageTest - Entered job count: '1'.
2025-02-03 15:24:22 [main] DEBUG l.i.u.t.SubmittedApplicationsPageTest - Clicked 'Next' button.
2025-02-03 15:24:22 [main] INFO  l.i.u.p.SubmittedApplicationsPage - Located the dropdown button.
2025-02-03 15:24:23 [main] INFO  l.i.u.p.SubmittedApplicationsPage - Successfully selected the value: 'Administratoriai'
2025-02-03 15:24:43 [main] ERROR l.i.u.p.SubmittedApplicationsPage - Timeout while waiting for dropdown to close with aria-expanded = 'false'.
2025-02-03 15:24:43 [main] DEBUG l.i.u.t.SubmittedApplicationsPageTest - Selected job name: 'Administratoriai'.
2025-02-03 15:24:43 [main] DEBUG l.i.u.t.SubmittedApplicationsPageTest - Entered job function: 'Funkcija 1'.
2025-02-03 15:24:44 [main] DEBUG l.i.u.t.SubmittedApplicationsPageTest - Selected 'RadioButtonWithDisabilities' option.
2025-02-03 15:24:44 [main] INFO  l.i.u.p.SubmittedApplicationsPage - Clicking on the dropdown button.
2025-02-03 15:24:45 [main] INFO  l.i.u.p.SubmittedApplicationsPage - Found 34 options in the dropdown.
2025-02-03 15:24:45 [main] DEBUG l.i.u.p.SubmittedApplicationsPage - Checking option: 'Asmenys, kuriems suteiktas pabėgėlio statusas ar perkeliamojo asmens statusas, arba asmenys, kuriems suteikta papildoma ar laikinoji apsauga, ir asmenys, turintys teisę gauti laikinąją apsaugą, iki sprendimo dėl laikinosios apsaugos suteikimo (nesuteikimo) priėmimo, tačiau ne ilgiau kaip laikinosios apsaugos laikotarpiu'
2025-02-03 15:24:45 [main] DEBUG l.i.u.p.SubmittedApplicationsPage - Checking option: 'Asmenys, kuriems suteiktas pabėgėlio statusas ar perkeliamojo asmens statusas, arba asmenys, kuriems suteikta papildoma ar laikinoji apsauga, ir asmenys, turintys teisę gauti laikinąją apsaugą, iki sprendimo dėl laikinosios apsaugos suteikimo (nesuteikimo) priėmimo, tačiau ne ilgiau kaip laikinosios apsaugos laikotarpiu'
2025-02-03 15:24:45 [main] DEBUG l.i.u.p.SubmittedApplicationsPage - Checking option: 'Asmenys, turintys teisę į papildomas užimtumo garantijas pagal Lietuvos Respublikos valstybės įmonės Ignalinos atominės elektrinės darbuotojų papildomų užimtumo ir socialinių garantijų įstatymą'
2025-02-03 15:24:45 [main] DEBUG l.i.u.p.SubmittedApplicationsPage - Checking option: 'Asmenys, turintys teisę į papildomas užimtumo garantijas pagal Lietuvos Respublikos valstybės įmonės Ignalinos atominės elektrinės darbuotojų papildomų užimtumo ir socialinių garantijų įstatymą'
2025-02-03 15:24:45 [main] DEBUG l.i.u.p.SubmittedApplicationsPage - Checking option: 'Bedarbiai iki 29 metų'
2025-02-03 15:24:45 [main] DEBUG l.i.u.p.SubmittedApplicationsPage - Checking option: 'Bedarbiai iki 29 metų'
2025-02-03 15:24:45 [main] DEBUG l.i.u.p.SubmittedApplicationsPage - Checking option: 'Bedarbiai, kurie yra darbingo amžiaus neįgalieji, kuriems nustatytas 30–40 procentų darbingumo lygis arba vidutinis neįgalumo lygis'
2025-02-03 15:24:45 [main] DEBUG l.i.u.p.SubmittedApplicationsPage - Checking option: 'Bedarbiai, kurie yra darbingo amžiaus neįgalieji, kuriems nustatytas 30–40 procentų darbingumo lygis arba vidutinis neįgalumo lygis'
2025-02-03 15:24:45 [main] DEBUG l.i.u.p.SubmittedApplicationsPage - Checking option: 'Bedarbiai, kurie yra darbingo amžiaus neįgalieji, kuriems nustatytas 45–55 procentų darbingumo lygis arba lengvas neįgalumo lygis'
2025-02-03 15:24:45 [main] DEBUG l.i.u.p.SubmittedApplicationsPage - Checking option: 'Bedarbiai, kurie yra darbingo amžiaus neįgalieji, kuriems nustatytas 45–55 procentų darbingumo lygis arba lengvas neįgalumo lygis'
2025-02-03 15:24:45 [main] DEBUG l.i.u.p.SubmittedApplicationsPage - Checking option: 'Bedarbiai, kurie yra darbingo amžiaus neįgalieji, kuriems nustatytas iki 25 procentų darbingumo lygis arba sunkus neįgalumo lygis'
2025-02-03 15:24:45 [main] INFO  l.i.u.p.SubmittedApplicationsPage - Successfully selected the value: 'Bedarbiai, kurie yra darbingo amžiaus neįgalieji, kuriems nustatytas iki 25 procentų darbingumo lygis arba sunkus neįgalumo lygis'
2025-02-03 15:24:45 [main] INFO  l.i.u.p.SubmittedApplicationsPage - Attempting to close the dropdown.
2025-02-03 15:24:55 [main] INFO  l.i.u.p.SubmittedApplicationsPage - Dropdown should be closed now.
2025-02-03 15:24:55 [main] DEBUG l.i.u.t.SubmittedApplicationsPageTest - Selected disabilities type: 'Bedarbiai, kurie yra darbingo amžiaus neįgalieji, kuriems nustatytas iki 25 procentų darbingumo lygis arba sunkus neįgalumo lygis'.
2025-02-03 15:24:56 [main] DEBUG l.i.u.t.SubmittedApplicationsPageTest - Entered disability information: 'Negalia 1'.
2025-02-03 15:24:56 [main] INFO  l.i.u.p.SubmittedApplicationsPage - Located the dropdown button.
2025-02-03 15:24:56 [main] INFO  l.i.u.p.SubmittedApplicationsPage - Successfully selected the value: 'Kita'
2025-02-03 15:25:06 [main] ERROR l.i.u.p.SubmittedApplicationsPage - Timeout while waiting for dropdown to close with aria-expanded = 'false'.
2025-02-03 15:25:06 [main] DEBUG l.i.u.t.SubmittedApplicationsPageTest - Selected time mode: 'Kita'.
2025-02-03 15:25:07 [main] DEBUG l.i.u.t.SubmittedApplicationsPageTest - Selected time mode other: '6 val. per dieną ir 4 d. per savaitę'.
2025-02-03 15:25:07 [main] DEBUG l.i.u.t.SubmittedApplicationsPageTest - Entered qualification: 'Kvalifikacija 1'.
2025-02-03 15:25:07 [main] DEBUG l.i.u.t.SubmittedApplicationsPageTest - Entered job date.
2025-02-03 15:25:07 [main] DEBUG l.i.u.t.SubmittedApplicationsPageTest - Entered salary amount: '1200'.
2025-02-03 15:25:07 [main] DEBUG l.i.u.t.SubmittedApplicationsPageTest - Selected 'Temporary Job' radio button.
2025-02-03 15:25:07 [main] DEBUG l.i.u.t.SubmittedApplicationsPageTest - Selected 'Season Job' radio button.
2025-02-03 15:25:08 [main] DEBUG l.i.u.t.SubmittedApplicationsPageTest - Selected 'Energy' radio button.
2025-02-03 15:25:08 [main] DEBUG l.i.u.t.SubmittedApplicationsPageTest - Selected 'Repair' radio button.
2025-02-03 15:25:08 [main] DEBUG l.i.u.t.SubmittedApplicationsPageTest - Entered job description: 'Veikla 1'.
2025-02-03 15:25:08 [main] DEBUG l.i.u.t.SubmittedApplicationsPageTest - Entered process description: 'Procesas 1'.
2025-02-03 15:25:08 [main] DEBUG l.i.u.t.SubmittedApplicationsPageTest - Entered energy information: 'Energija 1'.
2025-02-03 15:25:09 [main] DEBUG l.i.u.t.SubmittedApplicationsPageTest - Entered repair information: 'Remontas 1'.
2025-02-03 15:25:09 [main] DEBUG l.i.u.t.SubmittedApplicationsPageTest - Selected 'PVM' radio button.
2025-02-03 15:25:09 [main] INFO  l.i.u.p.SubmittedApplicationsPage - Located the dropdown button.
2025-02-03 15:25:09 [main] INFO  l.i.u.p.SubmittedApplicationsPage - Successfully selected the value: 'Įsigyti'
2025-02-03 15:25:29 [main] ERROR l.i.u.p.SubmittedApplicationsPage - Timeout while waiting for dropdown to close with aria-expanded = 'false'.
2025-02-03 15:25:29 [main] DEBUG l.i.u.t.SubmittedApplicationsPageTest - Selected necessary for job: 'Įsigyti'.
2025-02-03 15:25:30 [main] DEBUG l.i.u.t.SubmittedApplicationsPageTest - Selected tool: 'Darbo priemonė 1'.
2025-02-03 15:25:30 [main] DEBUG l.i.u.t.SubmittedApplicationsPageTest - Selected tool parameter one: 'Darbo priemonės 1 parametras 1'.
2025-02-03 15:25:30 [main] DEBUG l.i.u.t.SubmittedApplicationsPageTest - Selected tool parameter two: 'Darbo priemonės 1 parametras 2'.
2025-02-03 15:25:30 [main] DEBUG l.i.u.t.SubmittedApplicationsPageTest - Selected tool parameter three: 'Darbo priemonės 1 parametras 3'.
2025-02-03 15:25:30 [main] DEBUG l.i.u.t.SubmittedApplicationsPageTest - Entered tool count: '1'.
2025-02-03 15:25:30 [main] DEBUG l.i.u.t.SubmittedApplicationsPageTest - Entered price amount: '1000'.
2025-02-03 15:25:31 [main] DEBUG l.i.u.t.SubmittedApplicationsPageTest - Entered own funds amount: '800'.
2025-02-03 15:25:31 [main] DEBUG l.i.u.t.SubmittedApplicationsPageTest - Entered country percentage: '50'.
2025-02-03 15:25:31 [main] DEBUG l.i.u.t.SubmittedApplicationsPageTest - Entered institution percentage: '50'.
2025-02-03 15:25:31 [main] DEBUG l.i.u.t.SubmittedApplicationsPageTest - Entered municipality percentage: '50'.
2025-02-03 15:25:31 [main] DEBUG l.i.u.t.SubmittedApplicationsPageTest - Selected 'De Minimis' radio button.
2025-02-03 15:25:31 [main] DEBUG l.i.u.t.SubmittedApplicationsPageTest - Entered program name: 'Programa 1'.
2025-02-03 15:25:32 [main] DEBUG l.i.u.t.SubmittedApplicationsPageTest - Entered project date from.
2025-02-03 15:25:32 [main] DEBUG l.i.u.t.SubmittedApplicationsPageTest - Entered project date until.
2025-02-03 15:25:32 [main] DEBUG l.i.u.t.SubmittedApplicationsPageTest - Entered support amount: '2000'.
2025-02-03 15:25:32 [main] DEBUG l.i.u.t.SubmittedApplicationsPageTest - Clicked 'Next' button.
2025-02-03 15:25:42 [main] DEBUG l.i.u.t.SubmittedApplicationsPageTest - Checked 'Legal Entities' checkbox 1.
2025-02-03 15:26:19 [main] ERROR l.i.u.t.SubmittedApplicationsPageTest - Test 'testFillNewApplication' failed with error: invalid session id: session deleted as the browser has closed the connection
from disconnected: unable to send message to renderer
  (Session info: chrome=132.0.6834.160)
Build info: version: '4.27.0', revision: 'd6e718d134'
System info: os.name: 'Windows 11', os.arch: 'amd64', os.version: '10.0', java.version: '21.0.3'
Driver info: org.openqa.selenium.chrome.ChromeDriver
Command: [86839606278f2077613abffa92db8bf9, findElement {using=css selector, value=*[name='checkboxConfirmationTwo']}]
Capabilities {acceptInsecureCerts: false, browserName: chrome, browserVersion: 132.0.6834.160, chrome: {chromedriverVersion: 132.0.6834.159 (2d77d3fc445..., userDataDir: C:\Users\INGRID~1.ZAD\AppDa...}, fedcm:accounts: true, goog:chromeOptions: {debuggerAddress: localhost:54569}, networkConnectionEnabled: false, pageLoadStrategy: normal, platformName: windows, proxy: Proxy(), se:cdp: ws://localhost:54569/devtoo..., se:cdpVersion: 132.0.6834.160, setWindowRect: true, strictFileInteractability: false, timeouts: {implicit: 0, pageLoad: 300000, script: 30000}, unhandledPromptBehavior: dismiss and notify, webauthn:extension:credBlob: true, webauthn:extension:largeBlob: true, webauthn:extension:minPinLength: true, webauthn:extension:prf: true, webauthn:virtualAuthenticators: true}
Session ID: 86839606278f2077613abffa92db8bf9
org.openqa.selenium.NoSuchSessionException: invalid session id: session deleted as the browser has closed the connection
from disconnected: unable to send message to renderer
  (Session info: chrome=132.0.6834.160)
Build info: version: '4.27.0', revision: 'd6e718d134'
System info: os.name: 'Windows 11', os.arch: 'amd64', os.version: '10.0', java.version: '21.0.3'
Driver info: org.openqa.selenium.chrome.ChromeDriver
Command: [86839606278f2077613abffa92db8bf9, findElement {using=css selector, value=*[name='checkboxConfirmationTwo']}]
Capabilities {acceptInsecureCerts: false, browserName: chrome, browserVersion: 132.0.6834.160, chrome: {chromedriverVersion: 132.0.6834.159 (2d77d3fc445..., userDataDir: C:\Users\INGRID~1.ZAD\AppDa...}, fedcm:accounts: true, goog:chromeOptions: {debuggerAddress: localhost:54569}, networkConnectionEnabled: false, pageLoadStrategy: normal, platformName: windows, proxy: Proxy(), se:cdp: ws://localhost:54569/devtoo..., se:cdpVersion: 132.0.6834.160, setWindowRect: true, strictFileInteractability: false, timeouts: {implicit: 0, pageLoad: 300000, script: 30000}, unhandledPromptBehavior: dismiss and notify, webauthn:extension:credBlob: true, webauthn:extension:largeBlob: true, webauthn:extension:minPinLength: true, webauthn:extension:prf: true, webauthn:virtualAuthenticators: true}
Session ID: 86839606278f2077613abffa92db8bf9
	at java.base/jdk.internal.reflect.DirectConstructorHandleAccessor.newInstance(DirectConstructorHandleAccessor.java:62)
	at java.base/java.lang.reflect.Constructor.newInstanceWithCaller(Constructor.java:502)
	at java.base/java.lang.reflect.Constructor.newInstance(Constructor.java:486)
	at org.openqa.selenium.remote.ErrorCodec.decode(ErrorCodec.java:167)
	at org.openqa.selenium.remote.codec.w3c.W3CHttpResponseCodec.decode(W3CHttpResponseCodec.java:138)
	at org.openqa.selenium.remote.codec.w3c.W3CHttpResponseCodec.decode(W3CHttpResponseCodec.java:50)
	at org.openqa.selenium.remote.HttpCommandExecutor.execute(HttpCommandExecutor.java:190)
	at org.openqa.selenium.remote.service.DriverCommandExecutor.invokeExecute(DriverCommandExecutor.java:216)
	at org.openqa.selenium.remote.service.DriverCommandExecutor.execute(DriverCommandExecutor.java:174)
	at org.openqa.selenium.remote.RemoteWebDriver.execute(RemoteWebDriver.java:545)
	at org.openqa.selenium.remote.ElementLocation$ElementFinder$2.findElement(ElementLocation.java:165)
	at org.openqa.selenium.remote.ElementLocation.findElement(ElementLocation.java:59)
	at org.openqa.selenium.remote.RemoteWebDriver.findElement(RemoteWebDriver.java:368)
	at org.openqa.selenium.remote.RemoteWebDriver.findElement(RemoteWebDriver.java:362)
	at org.openqa.selenium.By$PreW3CLocator.findElement(By.java:430)
	at org.openqa.selenium.By$ByName.findElement(By.java:237)
	at org.openqa.selenium.support.ByIdOrName.findElement(ByIdOrName.java:49)
	at org.openqa.selenium.remote.ElementLocation$ElementFinder$1.findElement(ElementLocation.java:139)
	at org.openqa.selenium.remote.ElementLocation.findElement(ElementLocation.java:59)
	at org.openqa.selenium.remote.RemoteWebDriver.findElement(RemoteWebDriver.java:368)
	at org.openqa.selenium.remote.RemoteWebDriver.findElement(RemoteWebDriver.java:362)
	at org.openqa.selenium.support.pagefactory.DefaultElementLocator.findElement(DefaultElementLocator.java:68)
	at org.openqa.selenium.support.pagefactory.internal.LocatingElementHandler.invoke(LocatingElementHandler.java:38)
	at jdk.proxy2/jdk.proxy2.$Proxy14.toString(Unknown Source)
	at java.base/java.lang.String.valueOf(String.java:4465)
	at org.openqa.selenium.support.ui.ExpectedConditions$10.toString(ExpectedConditions.java:295)
	at java.base/java.lang.String.valueOf(String.java:4465)
	at org.openqa.selenium.support.ui.FluentWait.until(FluentWait.java:225)
	at lt.insoft.uztis.pages.SubmittedApplicationsPage.setConfirmationCheckbox(SubmittedApplicationsPage.java:761)
	at lt.insoft.uztis.tests.SubmittedApplicationsPageTest.testFillNewApplication(SubmittedApplicationsPageTest.java:315)
	at java.base/jdk.internal.reflect.DirectMethodHandleAccessor.invoke(DirectMethodHandleAccessor.java:103)
	at java.base/java.lang.reflect.Method.invoke(Method.java:580)
	at org.junit.platform.commons.util.ReflectionUtils.invokeMethod(ReflectionUtils.java:728)
	at org.junit.jupiter.engine.execution.MethodInvocation.proceed(MethodInvocation.java:60)
	at org.junit.jupiter.engine.execution.InvocationInterceptorChain$ValidatingInvocation.proceed(InvocationInterceptorChain.java:131)
	at org.junit.jupiter.engine.extension.TimeoutExtension.intercept(TimeoutExtension.java:156)
	at org.junit.jupiter.engine.extension.TimeoutExtension.interceptTestableMethod(TimeoutExtension.java:147)
	at org.junit.jupiter.engine.extension.TimeoutExtension.interceptTestMethod(TimeoutExtension.java:86)
	at org.junit.jupiter.engine.execution.InterceptingExecutableInvoker$ReflectiveInterceptorCall.lambda$ofVoidMethod$0(InterceptingExecutableInvoker.java:103)
	at org.junit.jupiter.engine.execution.InterceptingExecutableInvoker.lambda$invoke$0(InterceptingExecutableInvoker.java:93)
	at org.junit.jupiter.engine.execution.InvocationInterceptorChain$InterceptedInvocation.proceed(InvocationInterceptorChain.java:106)
	at org.junit.jupiter.engine.execution.InvocationInterceptorChain.proceed(InvocationInterceptorChain.java:64)
	at org.junit.jupiter.engine.execution.InvocationInterceptorChain.chainAndInvoke(InvocationInterceptorChain.java:45)
	at org.junit.jupiter.engine.execution.InvocationInterceptorChain.invoke(InvocationInterceptorChain.java:37)
	at org.junit.jupiter.engine.execution.InterceptingExecutableInvoker.invoke(InterceptingExecutableInvoker.java:92)
	at org.junit.jupiter.engine.execution.InterceptingExecutableInvoker.invoke(InterceptingExecutableInvoker.java:86)
	at org.junit.jupiter.engine.descriptor.TestMethodTestDescriptor.lambda$invokeTestMethod$7(TestMethodTestDescriptor.java:218)
	at org.junit.platform.engine.support.hierarchical.ThrowableCollector.execute(ThrowableCollector.java:73)
	at org.junit.jupiter.engine.descriptor.TestMethodTestDescriptor.invokeTestMethod(TestMethodTestDescriptor.java:214)
	at org.junit.jupiter.engine.descriptor.TestMethodTestDescriptor.execute(TestMethodTestDescriptor.java:139)
	at org.junit.jupiter.engine.descriptor.TestMethodTestDescriptor.execute(TestMethodTestDescriptor.java:69)
	at org.junit.platform.engine.support.hierarchical.NodeTestTask.lambda$executeRecursively$6(NodeTestTask.java:151)
	at org.junit.platform.engine.support.hierarchical.ThrowableCollector.execute(ThrowableCollector.java:73)
	at org.junit.platform.engine.support.hierarchical.NodeTestTask.lambda$executeRecursively$8(NodeTestTask.java:141)
	at org.junit.platform.engine.support.hierarchical.Node.around(Node.java:137)
	at org.junit.platform.engine.support.hierarchical.NodeTestTask.lambda$executeRecursively$9(NodeTestTask.java:139)
	at org.junit.platform.engine.support.hierarchical.ThrowableCollector.execute(ThrowableCollector.java:73)
	at org.junit.platform.engine.support.hierarchical.NodeTestTask.executeRecursively(NodeTestTask.java:138)
	at org.junit.platform.engine.support.hierarchical.NodeTestTask.execute(NodeTestTask.java:95)
	at java.base/java.util.ArrayList.forEach(ArrayList.java:1596)
	at org.junit.platform.engine.support.hierarchical.SameThreadHierarchicalTestExecutorService.invokeAll(SameThreadHierarchicalTestExecutorService.java:41)
	at org.junit.platform.engine.support.hierarchical.NodeTestTask.lambda$executeRecursively$6(NodeTestTask.java:155)
	at org.junit.platform.engine.support.hierarchical.ThrowableCollector.execute(ThrowableCollector.java:73)
	at org.junit.platform.engine.support.hierarchical.NodeTestTask.lambda$executeRecursively$8(NodeTestTask.java:141)
	at org.junit.platform.engine.support.hierarchical.Node.around(Node.java:137)
	at org.junit.platform.engine.support.hierarchical.NodeTestTask.lambda$executeRecursively$9(NodeTestTask.java:139)
	at org.junit.platform.engine.support.hierarchical.ThrowableCollector.execute(ThrowableCollector.java:73)
	at org.junit.platform.engine.support.hierarchical.NodeTestTask.executeRecursively(NodeTestTask.java:138)
	at org.junit.platform.engine.support.hierarchical.NodeTestTask.execute(NodeTestTask.java:95)
	at java.base/java.util.ArrayList.forEach(ArrayList.java:1596)
	at org.junit.platform.engine.support.hierarchical.SameThreadHierarchicalTestExecutorService.invokeAll(SameThreadHierarchicalTestExecutorService.java:41)
	at org.junit.platform.engine.support.hierarchical.NodeTestTask.lambda$executeRecursively$6(NodeTestTask.java:155)
	at org.junit.platform.engine.support.hierarchical.ThrowableCollector.execute(ThrowableCollector.java:73)
	at org.junit.platform.engine.support.hierarchical.NodeTestTask.lambda$executeRecursively$8(NodeTestTask.java:141)
	at org.junit.platform.engine.support.hierarchical.Node.around(Node.java:137)
	at org.junit.platform.engine.support.hierarchical.NodeTestTask.lambda$executeRecursively$9(NodeTestTask.java:139)
	at org.junit.platform.engine.support.hierarchical.ThrowableCollector.execute(ThrowableCollector.java:73)
	at org.junit.platform.engine.support.hierarchical.NodeTestTask.executeRecursively(NodeTestTask.java:138)
	at org.junit.platform.engine.support.hierarchical.NodeTestTask.execute(NodeTestTask.java:95)
	at org.junit.platform.engine.support.hierarchical.SameThreadHierarchicalTestExecutorService.submit(SameThreadHierarchicalTestExecutorService.java:35)
	at org.junit.platform.engine.support.hierarchical.HierarchicalTestExecutor.execute(HierarchicalTestExecutor.java:57)
	at org.junit.platform.engine.support.hierarchical.HierarchicalTestEngine.execute(HierarchicalTestEngine.java:54)
	at org.junit.platform.launcher.core.EngineExecutionOrchestrator.execute(EngineExecutionOrchestrator.java:198)
	at org.junit.platform.launcher.core.EngineExecutionOrchestrator.execute(EngineExecutionOrchestrator.java:169)
	at org.junit.platform.launcher.core.EngineExecutionOrchestrator.execute(EngineExecutionOrchestrator.java:93)
	at org.junit.platform.launcher.core.EngineExecutionOrchestrator.lambda$execute$0(EngineExecutionOrchestrator.java:58)
	at org.junit.platform.launcher.core.EngineExecutionOrchestrator.withInterceptedStreams(EngineExecutionOrchestrator.java:141)
	at org.junit.platform.launcher.core.EngineExecutionOrchestrator.execute(EngineExecutionOrchestrator.java:57)
	at org.junit.platform.launcher.core.DefaultLauncher.execute(DefaultLauncher.java:103)
	at org.junit.platform.launcher.core.DefaultLauncher.execute(DefaultLauncher.java:85)
	at org.junit.platform.launcher.core.DelegatingLauncher.execute(DelegatingLauncher.java:47)
	at org.junit.platform.launcher.core.SessionPerRequestLauncher.execute(SessionPerRequestLauncher.java:63)
	at com.intellij.junit5.JUnit5IdeaTestRunner.startRunnerWithArgs(JUnit5IdeaTestRunner.java:57)
	at com.intellij.rt.junit.IdeaTestRunner$Repeater$1.execute(IdeaTestRunner.java:38)
	at com.intellij.rt.execution.junit.TestsRepeater.repeat(TestsRepeater.java:11)
	at com.intellij.rt.junit.IdeaTestRunner$Repeater.startRunnerWithArgs(IdeaTestRunner.java:35)
	at com.intellij.rt.junit.JUnitStarter.prepareStreamsAndStart(JUnitStarter.java:232)
	at com.intellij.rt.junit.JUnitStarter.main(JUnitStarter.java:55)
2025-02-04 07:59:24 [main] INFO  lt.insoft.uztis.tests.UztisPageTest - Navigated to https://uztisdev.asseco.lt/home
2025-02-04 07:59:24 [main] INFO  l.i.u.t.SubmittedApplicationsPageTest - Starting test:'testFillNewApplication'
2025-02-04 07:59:24 [main] DEBUG l.i.u.t.SubmittedApplicationsPageTest - User logged in with test credentials.
2025-02-04 07:59:25 [main] DEBUG l.i.u.t.SubmittedApplicationsPageTest - Opened 'Application Processing' menu.
2025-02-04 07:59:25 [main] DEBUG l.i.u.t.SubmittedApplicationsPageTest - Clicked on 'Application Forms' menu.
2025-02-04 07:59:25 [main] DEBUG l.i.u.t.SubmittedApplicationsPageTest - Retrieved last description code text: 'TST-VUI-27'.
2025-02-04 07:59:25 [main] DEBUG l.i.u.t.SubmittedApplicationsPageTest - Clicked on 'Invitation' menu.
2025-02-04 07:59:26 [main] DEBUG l.i.u.t.SubmittedApplicationsPageTest - Selected application section by code: 'TST-VUI-27'.
2025-02-04 07:59:26 [main] DEBUG l.i.u.t.SubmittedApplicationsPageTest - Clicked 'Search' button.
2025-02-04 07:59:26 [main] DEBUG l.i.u.t.SubmittedApplicationsPageTest - Retrieved invitation code: ''.
2025-02-04 07:59:26 [main] DEBUG l.i.u.t.SubmittedApplicationsPageTest - Clicked on 'Submitted Applications' menu.
2025-02-04 07:59:27 [main] DEBUG l.i.u.t.SubmittedApplicationsPageTest - Selected invitation by code: 'TST-VUI-27'.
2025-02-04 07:59:27 [main] DEBUG l.i.u.t.SubmittedApplicationsPageTest - Invitation code inserted.
2025-02-04 07:59:27 [main] DEBUG l.i.u.t.SubmittedApplicationsPageTest - Clicked on 'Action Application' button.
2025-02-04 07:59:28 [main] DEBUG l.i.u.t.SubmittedApplicationsPageTest - Clicked on 'New Application' button.
2025-02-04 07:59:29 [main] DEBUG l.i.u.t.SubmittedApplicationsPageTest - Selected the 'RadioButtonFA' option.
2025-02-04 07:59:29 [main] DEBUG l.i.u.t.SubmittedApplicationsPageTest - Entered phone number: '61298745'.
2025-02-04 07:59:29 [main] DEBUG l.i.u.t.SubmittedApplicationsPageTest - Entered email: 'test@autotest.com'.
2025-02-04 07:59:29 [main] INFO  l.i.u.p.SubmittedApplicationsPage - Located the dropdown button.
2025-02-04 07:59:50 [main] INFO  l.i.u.p.SubmittedApplicationsPage - Found 1741 options in the dropdown.
2025-02-04 07:59:50 [main] INFO  l.i.u.p.SubmittedApplicationsPage - Successfully selected the value: '01.11 - Grūdinių (išskyrus ryžius), ankštinių ir aliejingų sėklų augalų auginimas'
2025-02-04 08:00:01 [main] ERROR l.i.u.p.SubmittedApplicationsPage - Failed to close the dropdown with aria-expanded = 'false'. Attempting manual close.
2025-02-04 08:00:01 [main] INFO  l.i.u.p.SubmittedApplicationsPage - Manual close attempt for the dropdown using body click.
2025-02-04 08:00:01 [main] DEBUG l.i.u.t.SubmittedApplicationsPageTest - Selected EVRK value: '01.11 - Grūdinių (išskyrus ryžius), ankštinių ir aliejingų sėklų augalų auginimas'.
2025-02-04 08:00:01 [main] DEBUG l.i.u.t.SubmittedApplicationsPageTest - Entered address: 'Vilniaus m. sav., Vilnius, Testo g. 10T'.
2025-02-04 08:00:01 [main] DEBUG l.i.u.t.SubmittedApplicationsPageTest - Entered project date.
2025-02-04 08:00:01 [main] DEBUG l.i.u.t.SubmittedApplicationsPageTest - Entered job count: '1'.
2025-02-04 08:00:02 [main] DEBUG l.i.u.t.SubmittedApplicationsPageTest - Clicked 'Next' button.
2025-02-04 08:00:02 [main] INFO  l.i.u.p.SubmittedApplicationsPage - Located the dropdown button.
2025-02-04 08:00:03 [main] INFO  l.i.u.p.SubmittedApplicationsPage - Successfully selected the value: 'Administratoriai'
2025-02-04 08:00:23 [main] ERROR l.i.u.p.SubmittedApplicationsPage - Timeout while waiting for dropdown to close with aria-expanded = 'false'.
2025-02-04 08:00:23 [main] DEBUG l.i.u.t.SubmittedApplicationsPageTest - Selected job name: 'Administratoriai'.
2025-02-04 08:00:23 [main] DEBUG l.i.u.t.SubmittedApplicationsPageTest - Entered job function: 'Funkcija 1'.
2025-02-04 08:00:23 [main] DEBUG l.i.u.t.SubmittedApplicationsPageTest - Selected 'RadioButtonWithDisabilities' option.
2025-02-04 08:00:23 [main] INFO  l.i.u.p.SubmittedApplicationsPage - Clicking on the dropdown button.
2025-02-04 08:00:24 [main] INFO  l.i.u.p.SubmittedApplicationsPage - Found 34 options in the dropdown.
2025-02-04 08:00:24 [main] DEBUG l.i.u.p.SubmittedApplicationsPage - Checking option: 'Asmenys, kuriems suteiktas pabėgėlio statusas ar perkeliamojo asmens statusas, arba asmenys, kuriems suteikta papildoma ar laikinoji apsauga, ir asmenys, turintys teisę gauti laikinąją apsaugą, iki sprendimo dėl laikinosios apsaugos suteikimo (nesuteikimo) priėmimo, tačiau ne ilgiau kaip laikinosios apsaugos laikotarpiu'
2025-02-04 08:00:24 [main] DEBUG l.i.u.p.SubmittedApplicationsPage - Checking option: 'Asmenys, kuriems suteiktas pabėgėlio statusas ar perkeliamojo asmens statusas, arba asmenys, kuriems suteikta papildoma ar laikinoji apsauga, ir asmenys, turintys teisę gauti laikinąją apsaugą, iki sprendimo dėl laikinosios apsaugos suteikimo (nesuteikimo) priėmimo, tačiau ne ilgiau kaip laikinosios apsaugos laikotarpiu'
2025-02-04 08:00:24 [main] DEBUG l.i.u.p.SubmittedApplicationsPage - Checking option: 'Asmenys, turintys teisę į papildomas užimtumo garantijas pagal Lietuvos Respublikos valstybės įmonės Ignalinos atominės elektrinės darbuotojų papildomų užimtumo ir socialinių garantijų įstatymą'
2025-02-04 08:00:24 [main] DEBUG l.i.u.p.SubmittedApplicationsPage - Checking option: 'Asmenys, turintys teisę į papildomas užimtumo garantijas pagal Lietuvos Respublikos valstybės įmonės Ignalinos atominės elektrinės darbuotojų papildomų užimtumo ir socialinių garantijų įstatymą'
2025-02-04 08:00:24 [main] DEBUG l.i.u.p.SubmittedApplicationsPage - Checking option: 'Bedarbiai iki 29 metų'
2025-02-04 08:00:24 [main] DEBUG l.i.u.p.SubmittedApplicationsPage - Checking option: 'Bedarbiai iki 29 metų'
2025-02-04 08:00:24 [main] DEBUG l.i.u.p.SubmittedApplicationsPage - Checking option: 'Bedarbiai, kurie yra darbingo amžiaus neįgalieji, kuriems nustatytas 30–40 procentų darbingumo lygis arba vidutinis neįgalumo lygis'
2025-02-04 08:00:24 [main] DEBUG l.i.u.p.SubmittedApplicationsPage - Checking option: 'Bedarbiai, kurie yra darbingo amžiaus neįgalieji, kuriems nustatytas 30–40 procentų darbingumo lygis arba vidutinis neįgalumo lygis'
2025-02-04 08:00:24 [main] DEBUG l.i.u.p.SubmittedApplicationsPage - Checking option: 'Bedarbiai, kurie yra darbingo amžiaus neįgalieji, kuriems nustatytas 45–55 procentų darbingumo lygis arba lengvas neįgalumo lygis'
2025-02-04 08:00:24 [main] DEBUG l.i.u.p.SubmittedApplicationsPage - Checking option: 'Bedarbiai, kurie yra darbingo amžiaus neįgalieji, kuriems nustatytas 45–55 procentų darbingumo lygis arba lengvas neįgalumo lygis'
2025-02-04 08:00:24 [main] DEBUG l.i.u.p.SubmittedApplicationsPage - Checking option: 'Bedarbiai, kurie yra darbingo amžiaus neįgalieji, kuriems nustatytas iki 25 procentų darbingumo lygis arba sunkus neįgalumo lygis'
2025-02-04 08:00:24 [main] INFO  l.i.u.p.SubmittedApplicationsPage - Successfully selected the value: 'Bedarbiai, kurie yra darbingo amžiaus neįgalieji, kuriems nustatytas iki 25 procentų darbingumo lygis arba sunkus neįgalumo lygis'
2025-02-04 08:00:24 [main] INFO  l.i.u.p.SubmittedApplicationsPage - Attempting to close the dropdown.
2025-02-04 08:00:35 [main] INFO  l.i.u.p.SubmittedApplicationsPage - Dropdown should be closed now.
2025-02-04 08:00:35 [main] DEBUG l.i.u.t.SubmittedApplicationsPageTest - Selected disabilities type: 'Bedarbiai, kurie yra darbingo amžiaus neįgalieji, kuriems nustatytas iki 25 procentų darbingumo lygis arba sunkus neįgalumo lygis'.
2025-02-04 08:00:35 [main] DEBUG l.i.u.t.SubmittedApplicationsPageTest - Entered disability information: 'Negalia 1'.
2025-02-04 08:00:35 [main] INFO  l.i.u.p.SubmittedApplicationsPage - Located the dropdown button.
2025-02-04 08:00:35 [main] INFO  l.i.u.p.SubmittedApplicationsPage - Successfully selected the value: 'Kita'
2025-02-04 08:00:46 [main] ERROR l.i.u.p.SubmittedApplicationsPage - Timeout while waiting for dropdown to close with aria-expanded = 'false'.
2025-02-04 08:00:46 [main] DEBUG l.i.u.t.SubmittedApplicationsPageTest - Selected time mode: 'Kita'.
2025-02-04 08:00:46 [main] DEBUG l.i.u.t.SubmittedApplicationsPageTest - Selected time mode other: '6 val. per dieną ir 4 d. per savaitę'.
2025-02-04 08:00:46 [main] DEBUG l.i.u.t.SubmittedApplicationsPageTest - Entered qualification: 'Kvalifikacija 1'.
2025-02-04 08:00:47 [main] DEBUG l.i.u.t.SubmittedApplicationsPageTest - Entered job date.
2025-02-04 08:00:47 [main] DEBUG l.i.u.t.SubmittedApplicationsPageTest - Entered salary amount: '1200'.
2025-02-04 08:00:47 [main] DEBUG l.i.u.t.SubmittedApplicationsPageTest - Selected 'Temporary Job' radio button.
2025-02-04 08:00:47 [main] DEBUG l.i.u.t.SubmittedApplicationsPageTest - Selected 'Season Job' radio button.
2025-02-04 08:00:47 [main] DEBUG l.i.u.t.SubmittedApplicationsPageTest - Selected 'Energy' radio button.
2025-02-04 08:00:47 [main] DEBUG l.i.u.t.SubmittedApplicationsPageTest - Selected 'Repair' radio button.
2025-02-04 08:00:47 [main] DEBUG l.i.u.t.SubmittedApplicationsPageTest - Entered job description: 'Veikla 1'.
2025-02-04 08:00:48 [main] DEBUG l.i.u.t.SubmittedApplicationsPageTest - Entered process description: 'Procesas 1'.
2025-02-04 08:00:48 [main] DEBUG l.i.u.t.SubmittedApplicationsPageTest - Entered energy information: 'Energija 1'.
2025-02-04 08:00:48 [main] DEBUG l.i.u.t.SubmittedApplicationsPageTest - Entered repair information: 'Remontas 1'.
2025-02-04 08:00:48 [main] DEBUG l.i.u.t.SubmittedApplicationsPageTest - Selected 'PVM' radio button.
2025-02-04 08:00:48 [main] INFO  l.i.u.p.SubmittedApplicationsPage - Located the dropdown button.
2025-02-04 08:00:49 [main] INFO  l.i.u.p.SubmittedApplicationsPage - Successfully selected the value: 'Įsigyti'
2025-02-04 08:01:09 [main] ERROR l.i.u.p.SubmittedApplicationsPage - Timeout while waiting for dropdown to close with aria-expanded = 'false'.
2025-02-04 08:01:09 [main] DEBUG l.i.u.t.SubmittedApplicationsPageTest - Selected necessary for job: 'Įsigyti'.
2025-02-04 08:01:10 [main] DEBUG l.i.u.t.SubmittedApplicationsPageTest - Selected tool: 'Darbo priemonė 1'.
2025-02-04 08:01:10 [main] DEBUG l.i.u.t.SubmittedApplicationsPageTest - Selected tool parameter one: 'Darbo priemonės 1 parametras 1'.
2025-02-04 08:01:10 [main] DEBUG l.i.u.t.SubmittedApplicationsPageTest - Selected tool parameter two: 'Darbo priemonės 1 parametras 2'.
2025-02-04 08:01:10 [main] DEBUG l.i.u.t.SubmittedApplicationsPageTest - Selected tool parameter three: 'Darbo priemonės 1 parametras 3'.
2025-02-04 08:01:10 [main] DEBUG l.i.u.t.SubmittedApplicationsPageTest - Entered tool count: '1'.
2025-02-04 08:01:10 [main] DEBUG l.i.u.t.SubmittedApplicationsPageTest - Entered price amount: '1000'.
2025-02-04 08:01:11 [main] DEBUG l.i.u.t.SubmittedApplicationsPageTest - Entered own funds amount: '800'.
2025-02-04 08:01:11 [main] DEBUG l.i.u.t.SubmittedApplicationsPageTest - Entered country percentage: '50'.
2025-02-04 08:01:11 [main] DEBUG l.i.u.t.SubmittedApplicationsPageTest - Entered institution percentage: '50'.
2025-02-04 08:01:11 [main] DEBUG l.i.u.t.SubmittedApplicationsPageTest - Entered municipality percentage: '50'.
2025-02-04 08:01:11 [main] DEBUG l.i.u.t.SubmittedApplicationsPageTest - Selected 'De Minimis' radio button.
2025-02-04 08:01:12 [main] DEBUG l.i.u.t.SubmittedApplicationsPageTest - Entered program name: 'Programa 1'.
2025-02-04 08:01:12 [main] DEBUG l.i.u.t.SubmittedApplicationsPageTest - Entered project date from.
2025-02-04 08:01:12 [main] DEBUG l.i.u.t.SubmittedApplicationsPageTest - Entered project date until.
2025-02-04 08:01:12 [main] DEBUG l.i.u.t.SubmittedApplicationsPageTest - Entered support amount: '2000'.
2025-02-04 08:01:12 [main] DEBUG l.i.u.t.SubmittedApplicationsPageTest - Clicked 'Next' button.
2025-02-04 08:01:23 [main] DEBUG l.i.u.t.SubmittedApplicationsPageTest - Checked 'Legal Entities' checkbox 1.
2025-02-04 08:02:23 [main] DEBUG l.i.u.t.SubmittedApplicationsPageTest - Checked 'Legal Entities' checkbox 2.
2025-02-04 08:03:00 [main] ERROR l.i.u.t.SubmittedApplicationsPageTest - Test 'testFillNewApplication' failed with error: invalid session id: session deleted as the browser has closed the connection
from disconnected: unable to send message to renderer
  (Session info: chrome=132.0.6834.160)
Build info: version: '4.27.0', revision: 'd6e718d134'
System info: os.name: 'Windows 11', os.arch: 'amd64', os.version: '10.0', java.version: '21.0.3'
Driver info: org.openqa.selenium.chrome.ChromeDriver
Command: [cf6fd193c369f55345dc33b93786a7c0, findElement {using=css selector, value=*[name='checkboxConfirmationThree']}]
Capabilities {acceptInsecureCerts: false, browserName: chrome, browserVersion: 132.0.6834.160, chrome: {chromedriverVersion: 132.0.6834.159 (2d77d3fc445..., userDataDir: C:\Users\INGRID~1.ZAD\AppDa...}, fedcm:accounts: true, goog:chromeOptions: {debuggerAddress: localhost:56703}, networkConnectionEnabled: false, pageLoadStrategy: normal, platformName: windows, proxy: Proxy(), se:cdp: ws://localhost:56703/devtoo..., se:cdpVersion: 132.0.6834.160, setWindowRect: true, strictFileInteractability: false, timeouts: {implicit: 0, pageLoad: 300000, script: 30000}, unhandledPromptBehavior: dismiss and notify, webauthn:extension:credBlob: true, webauthn:extension:largeBlob: true, webauthn:extension:minPinLength: true, webauthn:extension:prf: true, webauthn:virtualAuthenticators: true}
Session ID: cf6fd193c369f55345dc33b93786a7c0
org.openqa.selenium.NoSuchSessionException: invalid session id: session deleted as the browser has closed the connection
from disconnected: unable to send message to renderer
  (Session info: chrome=132.0.6834.160)
Build info: version: '4.27.0', revision: 'd6e718d134'
System info: os.name: 'Windows 11', os.arch: 'amd64', os.version: '10.0', java.version: '21.0.3'
Driver info: org.openqa.selenium.chrome.ChromeDriver
Command: [cf6fd193c369f55345dc33b93786a7c0, findElement {using=css selector, value=*[name='checkboxConfirmationThree']}]
Capabilities {acceptInsecureCerts: false, browserName: chrome, browserVersion: 132.0.6834.160, chrome: {chromedriverVersion: 132.0.6834.159 (2d77d3fc445..., userDataDir: C:\Users\INGRID~1.ZAD\AppDa...}, fedcm:accounts: true, goog:chromeOptions: {debuggerAddress: localhost:56703}, networkConnectionEnabled: false, pageLoadStrategy: normal, platformName: windows, proxy: Proxy(), se:cdp: ws://localhost:56703/devtoo..., se:cdpVersion: 132.0.6834.160, setWindowRect: true, strictFileInteractability: false, timeouts: {implicit: 0, pageLoad: 300000, script: 30000}, unhandledPromptBehavior: dismiss and notify, webauthn:extension:credBlob: true, webauthn:extension:largeBlob: true, webauthn:extension:minPinLength: true, webauthn:extension:prf: true, webauthn:virtualAuthenticators: true}
Session ID: cf6fd193c369f55345dc33b93786a7c0
	at java.base/jdk.internal.reflect.DirectConstructorHandleAccessor.newInstance(DirectConstructorHandleAccessor.java:62)
	at java.base/java.lang.reflect.Constructor.newInstanceWithCaller(Constructor.java:502)
	at java.base/java.lang.reflect.Constructor.newInstance(Constructor.java:486)
	at org.openqa.selenium.remote.ErrorCodec.decode(ErrorCodec.java:167)
	at org.openqa.selenium.remote.codec.w3c.W3CHttpResponseCodec.decode(W3CHttpResponseCodec.java:138)
	at org.openqa.selenium.remote.codec.w3c.W3CHttpResponseCodec.decode(W3CHttpResponseCodec.java:50)
	at org.openqa.selenium.remote.HttpCommandExecutor.execute(HttpCommandExecutor.java:190)
	at org.openqa.selenium.remote.service.DriverCommandExecutor.invokeExecute(DriverCommandExecutor.java:216)
	at org.openqa.selenium.remote.service.DriverCommandExecutor.execute(DriverCommandExecutor.java:174)
	at org.openqa.selenium.remote.RemoteWebDriver.execute(RemoteWebDriver.java:545)
	at org.openqa.selenium.remote.ElementLocation$ElementFinder$2.findElement(ElementLocation.java:165)
	at org.openqa.selenium.remote.ElementLocation.findElement(ElementLocation.java:59)
	at org.openqa.selenium.remote.RemoteWebDriver.findElement(RemoteWebDriver.java:368)
	at org.openqa.selenium.remote.RemoteWebDriver.findElement(RemoteWebDriver.java:362)
	at org.openqa.selenium.By$PreW3CLocator.findElement(By.java:430)
	at org.openqa.selenium.By$ByName.findElement(By.java:237)
	at org.openqa.selenium.support.ByIdOrName.findElement(ByIdOrName.java:49)
	at org.openqa.selenium.remote.ElementLocation$ElementFinder$1.findElement(ElementLocation.java:139)
	at org.openqa.selenium.remote.ElementLocation.findElement(ElementLocation.java:59)
	at org.openqa.selenium.remote.RemoteWebDriver.findElement(RemoteWebDriver.java:368)
	at org.openqa.selenium.remote.RemoteWebDriver.findElement(RemoteWebDriver.java:362)
	at org.openqa.selenium.support.pagefactory.DefaultElementLocator.findElement(DefaultElementLocator.java:68)
	at org.openqa.selenium.support.pagefactory.internal.LocatingElementHandler.invoke(LocatingElementHandler.java:38)
	at jdk.proxy2/jdk.proxy2.$Proxy14.toString(Unknown Source)
	at java.base/java.lang.String.valueOf(String.java:4465)
	at org.openqa.selenium.support.ui.ExpectedConditions$10.toString(ExpectedConditions.java:295)
	at java.base/java.lang.String.valueOf(String.java:4465)
	at org.openqa.selenium.support.ui.FluentWait.until(FluentWait.java:225)
	at lt.insoft.uztis.pages.SubmittedApplicationsPage.setConfirmationCheckbox(SubmittedApplicationsPage.java:761)
	at lt.insoft.uztis.tests.SubmittedApplicationsPageTest.testFillNewApplication(SubmittedApplicationsPageTest.java:318)
	at java.base/jdk.internal.reflect.DirectMethodHandleAccessor.invoke(DirectMethodHandleAccessor.java:103)
	at java.base/java.lang.reflect.Method.invoke(Method.java:580)
	at org.junit.platform.commons.util.ReflectionUtils.invokeMethod(ReflectionUtils.java:728)
	at org.junit.jupiter.engine.execution.MethodInvocation.proceed(MethodInvocation.java:60)
	at org.junit.jupiter.engine.execution.InvocationInterceptorChain$ValidatingInvocation.proceed(InvocationInterceptorChain.java:131)
	at org.junit.jupiter.engine.extension.TimeoutExtension.intercept(TimeoutExtension.java:156)
	at org.junit.jupiter.engine.extension.TimeoutExtension.interceptTestableMethod(TimeoutExtension.java:147)
	at org.junit.jupiter.engine.extension.TimeoutExtension.interceptTestMethod(TimeoutExtension.java:86)
	at org.junit.jupiter.engine.execution.InterceptingExecutableInvoker$ReflectiveInterceptorCall.lambda$ofVoidMethod$0(InterceptingExecutableInvoker.java:103)
	at org.junit.jupiter.engine.execution.InterceptingExecutableInvoker.lambda$invoke$0(InterceptingExecutableInvoker.java:93)
	at org.junit.jupiter.engine.execution.InvocationInterceptorChain$InterceptedInvocation.proceed(InvocationInterceptorChain.java:106)
	at org.junit.jupiter.engine.execution.InvocationInterceptorChain.proceed(InvocationInterceptorChain.java:64)
	at org.junit.jupiter.engine.execution.InvocationInterceptorChain.chainAndInvoke(InvocationInterceptorChain.java:45)
	at org.junit.jupiter.engine.execution.InvocationInterceptorChain.invoke(InvocationInterceptorChain.java:37)
	at org.junit.jupiter.engine.execution.InterceptingExecutableInvoker.invoke(InterceptingExecutableInvoker.java:92)
	at org.junit.jupiter.engine.execution.InterceptingExecutableInvoker.invoke(InterceptingExecutableInvoker.java:86)
	at org.junit.jupiter.engine.descriptor.TestMethodTestDescriptor.lambda$invokeTestMethod$7(TestMethodTestDescriptor.java:218)
	at org.junit.platform.engine.support.hierarchical.ThrowableCollector.execute(ThrowableCollector.java:73)
	at org.junit.jupiter.engine.descriptor.TestMethodTestDescriptor.invokeTestMethod(TestMethodTestDescriptor.java:214)
	at org.junit.jupiter.engine.descriptor.TestMethodTestDescriptor.execute(TestMethodTestDescriptor.java:139)
	at org.junit.jupiter.engine.descriptor.TestMethodTestDescriptor.execute(TestMethodTestDescriptor.java:69)
	at org.junit.platform.engine.support.hierarchical.NodeTestTask.lambda$executeRecursively$6(NodeTestTask.java:151)
	at org.junit.platform.engine.support.hierarchical.ThrowableCollector.execute(ThrowableCollector.java:73)
	at org.junit.platform.engine.support.hierarchical.NodeTestTask.lambda$executeRecursively$8(NodeTestTask.java:141)
	at org.junit.platform.engine.support.hierarchical.Node.around(Node.java:137)
	at org.junit.platform.engine.support.hierarchical.NodeTestTask.lambda$executeRecursively$9(NodeTestTask.java:139)
	at org.junit.platform.engine.support.hierarchical.ThrowableCollector.execute(ThrowableCollector.java:73)
	at org.junit.platform.engine.support.hierarchical.NodeTestTask.executeRecursively(NodeTestTask.java:138)
	at org.junit.platform.engine.support.hierarchical.NodeTestTask.execute(NodeTestTask.java:95)
	at java.base/java.util.ArrayList.forEach(ArrayList.java:1596)
	at org.junit.platform.engine.support.hierarchical.SameThreadHierarchicalTestExecutorService.invokeAll(SameThreadHierarchicalTestExecutorService.java:41)
	at org.junit.platform.engine.support.hierarchical.NodeTestTask.lambda$executeRecursively$6(NodeTestTask.java:155)
	at org.junit.platform.engine.support.hierarchical.ThrowableCollector.execute(ThrowableCollector.java:73)
	at org.junit.platform.engine.support.hierarchical.NodeTestTask.lambda$executeRecursively$8(NodeTestTask.java:141)
	at org.junit.platform.engine.support.hierarchical.Node.around(Node.java:137)
	at org.junit.platform.engine.support.hierarchical.NodeTestTask.lambda$executeRecursively$9(NodeTestTask.java:139)
	at org.junit.platform.engine.support.hierarchical.ThrowableCollector.execute(ThrowableCollector.java:73)
	at org.junit.platform.engine.support.hierarchical.NodeTestTask.executeRecursively(NodeTestTask.java:138)
	at org.junit.platform.engine.support.hierarchical.NodeTestTask.execute(NodeTestTask.java:95)
	at java.base/java.util.ArrayList.forEach(ArrayList.java:1596)
	at org.junit.platform.engine.support.hierarchical.SameThreadHierarchicalTestExecutorService.invokeAll(SameThreadHierarchicalTestExecutorService.java:41)
	at org.junit.platform.engine.support.hierarchical.NodeTestTask.lambda$executeRecursively$6(NodeTestTask.java:155)
	at org.junit.platform.engine.support.hierarchical.ThrowableCollector.execute(ThrowableCollector.java:73)
	at org.junit.platform.engine.support.hierarchical.NodeTestTask.lambda$executeRecursively$8(NodeTestTask.java:141)
	at org.junit.platform.engine.support.hierarchical.Node.around(Node.java:137)
	at org.junit.platform.engine.support.hierarchical.NodeTestTask.lambda$executeRecursively$9(NodeTestTask.java:139)
	at org.junit.platform.engine.support.hierarchical.ThrowableCollector.execute(ThrowableCollector.java:73)
	at org.junit.platform.engine.support.hierarchical.NodeTestTask.executeRecursively(NodeTestTask.java:138)
	at org.junit.platform.engine.support.hierarchical.NodeTestTask.execute(NodeTestTask.java:95)
	at org.junit.platform.engine.support.hierarchical.SameThreadHierarchicalTestExecutorService.submit(SameThreadHierarchicalTestExecutorService.java:35)
	at org.junit.platform.engine.support.hierarchical.HierarchicalTestExecutor.execute(HierarchicalTestExecutor.java:57)
	at org.junit.platform.engine.support.hierarchical.HierarchicalTestEngine.execute(HierarchicalTestEngine.java:54)
	at org.junit.platform.launcher.core.EngineExecutionOrchestrator.execute(EngineExecutionOrchestrator.java:198)
	at org.junit.platform.launcher.core.EngineExecutionOrchestrator.execute(EngineExecutionOrchestrator.java:169)
	at org.junit.platform.launcher.core.EngineExecutionOrchestrator.execute(EngineExecutionOrchestrator.java:93)
	at org.junit.platform.launcher.core.EngineExecutionOrchestrator.lambda$execute$0(EngineExecutionOrchestrator.java:58)
	at org.junit.platform.launcher.core.EngineExecutionOrchestrator.withInterceptedStreams(EngineExecutionOrchestrator.java:141)
	at org.junit.platform.launcher.core.EngineExecutionOrchestrator.execute(EngineExecutionOrchestrator.java:57)
	at org.junit.platform.launcher.core.DefaultLauncher.execute(DefaultLauncher.java:103)
	at org.junit.platform.launcher.core.DefaultLauncher.execute(DefaultLauncher.java:85)
	at org.junit.platform.launcher.core.DelegatingLauncher.execute(DelegatingLauncher.java:47)
	at org.junit.platform.launcher.core.SessionPerRequestLauncher.execute(SessionPerRequestLauncher.java:63)
	at com.intellij.junit5.JUnit5IdeaTestRunner.startRunnerWithArgs(JUnit5IdeaTestRunner.java:57)
	at com.intellij.rt.junit.IdeaTestRunner$Repeater$1.execute(IdeaTestRunner.java:38)
	at com.intellij.rt.execution.junit.TestsRepeater.repeat(TestsRepeater.java:11)
	at com.intellij.rt.junit.IdeaTestRunner$Repeater.startRunnerWithArgs(IdeaTestRunner.java:35)
	at com.intellij.rt.junit.JUnitStarter.prepareStreamsAndStart(JUnitStarter.java:232)
	at com.intellij.rt.junit.JUnitStarter.main(JUnitStarter.java:55)
2025-02-04 08:08:49 [main] INFO  lt.insoft.uztis.tests.UztisPageTest - Navigated to https://uztisdev.asseco.lt/home
2025-02-04 08:08:49 [main] INFO  l.i.u.t.SubmittedApplicationsPageTest - Starting test:'testFillNewApplication'
2025-02-04 08:08:50 [main] DEBUG l.i.u.t.SubmittedApplicationsPageTest - User logged in with test credentials.
2025-02-04 08:08:50 [main] DEBUG l.i.u.t.SubmittedApplicationsPageTest - Opened 'Application Processing' menu.
2025-02-04 08:08:50 [main] DEBUG l.i.u.t.SubmittedApplicationsPageTest - Clicked on 'Application Forms' menu.
2025-02-04 08:08:51 [main] DEBUG l.i.u.t.SubmittedApplicationsPageTest - Retrieved last description code text: 'TST-VUI-27'.
2025-02-04 08:08:51 [main] DEBUG l.i.u.t.SubmittedApplicationsPageTest - Clicked on 'Invitation' menu.
2025-02-04 08:08:52 [main] DEBUG l.i.u.t.SubmittedApplicationsPageTest - Selected application section by code: 'TST-VUI-27'.
2025-02-04 08:08:52 [main] DEBUG l.i.u.t.SubmittedApplicationsPageTest - Clicked 'Search' button.
2025-02-04 08:08:52 [main] DEBUG l.i.u.t.SubmittedApplicationsPageTest - Retrieved invitation code: ''.
2025-02-04 08:08:52 [main] DEBUG l.i.u.t.SubmittedApplicationsPageTest - Clicked on 'Submitted Applications' menu.
2025-02-04 08:08:53 [main] DEBUG l.i.u.t.SubmittedApplicationsPageTest - Selected invitation by code: 'TST-VUI-27'.
2025-02-04 08:08:53 [main] DEBUG l.i.u.t.SubmittedApplicationsPageTest - Invitation code inserted.
2025-02-04 08:08:53 [main] DEBUG l.i.u.t.SubmittedApplicationsPageTest - Clicked on 'Action Application' button.
2025-02-04 08:08:53 [main] DEBUG l.i.u.t.SubmittedApplicationsPageTest - Clicked on 'New Application' button.
2025-02-04 08:08:54 [main] DEBUG l.i.u.t.SubmittedApplicationsPageTest - Selected the 'RadioButtonFA' option.
2025-02-04 08:08:54 [main] DEBUG l.i.u.t.SubmittedApplicationsPageTest - Entered phone number: '61298745'.
2025-02-04 08:08:54 [main] DEBUG l.i.u.t.SubmittedApplicationsPageTest - Entered email: 'test@autotest.com'.
2025-02-04 08:08:54 [main] INFO  l.i.u.p.SubmittedApplicationsPage - Located the dropdown button.
2025-02-04 08:09:11 [main] INFO  l.i.u.p.SubmittedApplicationsPage - Found 1741 options in the dropdown.
2025-02-04 08:09:11 [main] INFO  l.i.u.p.SubmittedApplicationsPage - Successfully selected the value: '01.11 - Grūdinių (išskyrus ryžius), ankštinių ir aliejingų sėklų augalų auginimas'
2025-02-04 08:09:22 [main] ERROR l.i.u.p.SubmittedApplicationsPage - Failed to close the dropdown with aria-expanded = 'false'. Attempting manual close.
2025-02-04 08:09:22 [main] INFO  l.i.u.p.SubmittedApplicationsPage - Manual close attempt for the dropdown using body click.
2025-02-04 08:09:22 [main] DEBUG l.i.u.t.SubmittedApplicationsPageTest - Selected EVRK value: '01.11 - Grūdinių (išskyrus ryžius), ankštinių ir aliejingų sėklų augalų auginimas'.
2025-02-04 08:09:22 [main] DEBUG l.i.u.t.SubmittedApplicationsPageTest - Entered address: 'Vilniaus m. sav., Vilnius, Testo g. 10T'.
2025-02-04 08:09:23 [main] DEBUG l.i.u.t.SubmittedApplicationsPageTest - Entered project date.
2025-02-04 08:09:23 [main] DEBUG l.i.u.t.SubmittedApplicationsPageTest - Entered job count: '1'.
2025-02-04 08:09:23 [main] DEBUG l.i.u.t.SubmittedApplicationsPageTest - Clicked 'Next' button.
2025-02-04 08:09:23 [main] INFO  l.i.u.p.SubmittedApplicationsPage - Located the dropdown button.
2025-02-04 08:09:24 [main] INFO  l.i.u.p.SubmittedApplicationsPage - Successfully selected the value: 'Administratoriai'
2025-02-04 08:09:44 [main] ERROR l.i.u.p.SubmittedApplicationsPage - Timeout while waiting for dropdown to close with aria-expanded = 'false'.
2025-02-04 08:09:44 [main] DEBUG l.i.u.t.SubmittedApplicationsPageTest - Selected job name: 'Administratoriai'.
2025-02-04 08:09:45 [main] DEBUG l.i.u.t.SubmittedApplicationsPageTest - Entered job function: 'Funkcija 1'.
2025-02-04 08:09:45 [main] DEBUG l.i.u.t.SubmittedApplicationsPageTest - Selected 'RadioButtonWithDisabilities' option.
2025-02-04 08:09:45 [main] INFO  l.i.u.p.SubmittedApplicationsPage - Clicking on the dropdown button.
2025-02-04 08:09:46 [main] INFO  l.i.u.p.SubmittedApplicationsPage - Found 34 options in the dropdown.
2025-02-04 08:09:46 [main] DEBUG l.i.u.p.SubmittedApplicationsPage - Checking option: 'Asmenys, kuriems suteiktas pabėgėlio statusas ar perkeliamojo asmens statusas, arba asmenys, kuriems suteikta papildoma ar laikinoji apsauga, ir asmenys, turintys teisę gauti laikinąją apsaugą, iki sprendimo dėl laikinosios apsaugos suteikimo (nesuteikimo) priėmimo, tačiau ne ilgiau kaip laikinosios apsaugos laikotarpiu'
2025-02-04 08:09:46 [main] DEBUG l.i.u.p.SubmittedApplicationsPage - Checking option: 'Asmenys, kuriems suteiktas pabėgėlio statusas ar perkeliamojo asmens statusas, arba asmenys, kuriems suteikta papildoma ar laikinoji apsauga, ir asmenys, turintys teisę gauti laikinąją apsaugą, iki sprendimo dėl laikinosios apsaugos suteikimo (nesuteikimo) priėmimo, tačiau ne ilgiau kaip laikinosios apsaugos laikotarpiu'
2025-02-04 08:09:46 [main] DEBUG l.i.u.p.SubmittedApplicationsPage - Checking option: 'Asmenys, turintys teisę į papildomas užimtumo garantijas pagal Lietuvos Respublikos valstybės įmonės Ignalinos atominės elektrinės darbuotojų papildomų užimtumo ir socialinių garantijų įstatymą'
2025-02-04 08:09:46 [main] DEBUG l.i.u.p.SubmittedApplicationsPage - Checking option: 'Asmenys, turintys teisę į papildomas užimtumo garantijas pagal Lietuvos Respublikos valstybės įmonės Ignalinos atominės elektrinės darbuotojų papildomų užimtumo ir socialinių garantijų įstatymą'
2025-02-04 08:09:46 [main] DEBUG l.i.u.p.SubmittedApplicationsPage - Checking option: 'Bedarbiai iki 29 metų'
2025-02-04 08:09:46 [main] DEBUG l.i.u.p.SubmittedApplicationsPage - Checking option: 'Bedarbiai iki 29 metų'
2025-02-04 08:09:46 [main] DEBUG l.i.u.p.SubmittedApplicationsPage - Checking option: 'Bedarbiai, kurie yra darbingo amžiaus neįgalieji, kuriems nustatytas 30–40 procentų darbingumo lygis arba vidutinis neįgalumo lygis'
2025-02-04 08:09:46 [main] DEBUG l.i.u.p.SubmittedApplicationsPage - Checking option: 'Bedarbiai, kurie yra darbingo amžiaus neįgalieji, kuriems nustatytas 30–40 procentų darbingumo lygis arba vidutinis neįgalumo lygis'
2025-02-04 08:09:46 [main] DEBUG l.i.u.p.SubmittedApplicationsPage - Checking option: 'Bedarbiai, kurie yra darbingo amžiaus neįgalieji, kuriems nustatytas 45–55 procentų darbingumo lygis arba lengvas neįgalumo lygis'
2025-02-04 08:09:46 [main] DEBUG l.i.u.p.SubmittedApplicationsPage - Checking option: 'Bedarbiai, kurie yra darbingo amžiaus neįgalieji, kuriems nustatytas 45–55 procentų darbingumo lygis arba lengvas neįgalumo lygis'
2025-02-04 08:09:46 [main] DEBUG l.i.u.p.SubmittedApplicationsPage - Checking option: 'Bedarbiai, kurie yra darbingo amžiaus neįgalieji, kuriems nustatytas iki 25 procentų darbingumo lygis arba sunkus neįgalumo lygis'
2025-02-04 08:09:46 [main] INFO  l.i.u.p.SubmittedApplicationsPage - Successfully selected the value: 'Bedarbiai, kurie yra darbingo amžiaus neįgalieji, kuriems nustatytas iki 25 procentų darbingumo lygis arba sunkus neįgalumo lygis'
2025-02-04 08:09:46 [main] INFO  l.i.u.p.SubmittedApplicationsPage - Attempting to close the dropdown.
2025-02-04 08:09:57 [main] INFO  l.i.u.p.SubmittedApplicationsPage - Dropdown should be closed now.
2025-02-04 08:09:57 [main] DEBUG l.i.u.t.SubmittedApplicationsPageTest - Selected disabilities type: 'Bedarbiai, kurie yra darbingo amžiaus neįgalieji, kuriems nustatytas iki 25 procentų darbingumo lygis arba sunkus neįgalumo lygis'.
2025-02-04 08:09:57 [main] DEBUG l.i.u.t.SubmittedApplicationsPageTest - Entered disability information: 'Negalia 1'.
2025-02-04 08:09:57 [main] INFO  l.i.u.p.SubmittedApplicationsPage - Located the dropdown button.
2025-02-04 08:09:57 [main] INFO  l.i.u.p.SubmittedApplicationsPage - Successfully selected the value: 'Kita'
2025-02-04 08:10:07 [main] ERROR l.i.u.p.SubmittedApplicationsPage - Timeout while waiting for dropdown to close with aria-expanded = 'false'.
2025-02-04 08:10:07 [main] DEBUG l.i.u.t.SubmittedApplicationsPageTest - Selected time mode: 'Kita'.
2025-02-04 08:10:08 [main] DEBUG l.i.u.t.SubmittedApplicationsPageTest - Selected time mode other: '6 val. per dieną ir 4 d. per savaitę'.
2025-02-04 08:10:08 [main] DEBUG l.i.u.t.SubmittedApplicationsPageTest - Entered qualification: 'Kvalifikacija 1'.
2025-02-04 08:10:08 [main] DEBUG l.i.u.t.SubmittedApplicationsPageTest - Entered job date.
2025-02-04 08:10:08 [main] DEBUG l.i.u.t.SubmittedApplicationsPageTest - Entered salary amount: '1200'.
2025-02-04 08:10:08 [main] DEBUG l.i.u.t.SubmittedApplicationsPageTest - Selected 'Temporary Job' radio button.
2025-02-04 08:10:08 [main] DEBUG l.i.u.t.SubmittedApplicationsPageTest - Selected 'Season Job' radio button.
2025-02-04 08:10:09 [main] DEBUG l.i.u.t.SubmittedApplicationsPageTest - Selected 'Energy' radio button.
2025-02-04 08:10:09 [main] DEBUG l.i.u.t.SubmittedApplicationsPageTest - Selected 'Repair' radio button.
2025-02-04 08:10:09 [main] DEBUG l.i.u.t.SubmittedApplicationsPageTest - Entered job description: 'Veikla 1'.
2025-02-04 08:10:09 [main] DEBUG l.i.u.t.SubmittedApplicationsPageTest - Entered process description: 'Procesas 1'.
2025-02-04 08:10:09 [main] DEBUG l.i.u.t.SubmittedApplicationsPageTest - Entered energy information: 'Energija 1'.
2025-02-04 08:10:10 [main] DEBUG l.i.u.t.SubmittedApplicationsPageTest - Entered repair information: 'Remontas 1'.
2025-02-04 08:10:10 [main] DEBUG l.i.u.t.SubmittedApplicationsPageTest - Selected 'PVM' radio button.
2025-02-04 08:10:10 [main] INFO  l.i.u.p.SubmittedApplicationsPage - Located the dropdown button.
2025-02-04 08:10:10 [main] INFO  l.i.u.p.SubmittedApplicationsPage - Successfully selected the value: 'Įsigyti'
2025-02-04 08:10:31 [main] ERROR l.i.u.p.SubmittedApplicationsPage - Timeout while waiting for dropdown to close with aria-expanded = 'false'.
2025-02-04 08:10:31 [main] DEBUG l.i.u.t.SubmittedApplicationsPageTest - Selected necessary for job: 'Įsigyti'.
2025-02-04 08:10:31 [main] DEBUG l.i.u.t.SubmittedApplicationsPageTest - Selected tool: 'Darbo priemonė 1'.
2025-02-04 08:10:31 [main] DEBUG l.i.u.t.SubmittedApplicationsPageTest - Selected tool parameter one: 'Darbo priemonės 1 parametras 1'.
2025-02-04 08:10:31 [main] DEBUG l.i.u.t.SubmittedApplicationsPageTest - Selected tool parameter two: 'Darbo priemonės 1 parametras 2'.
2025-02-04 08:10:32 [main] DEBUG l.i.u.t.SubmittedApplicationsPageTest - Selected tool parameter three: 'Darbo priemonės 1 parametras 3'.
2025-02-04 08:10:32 [main] DEBUG l.i.u.t.SubmittedApplicationsPageTest - Entered tool count: '1'.
2025-02-04 08:10:32 [main] DEBUG l.i.u.t.SubmittedApplicationsPageTest - Entered price amount: '1000'.
2025-02-04 08:10:32 [main] DEBUG l.i.u.t.SubmittedApplicationsPageTest - Entered own funds amount: '800'.
2025-02-04 08:10:32 [main] DEBUG l.i.u.t.SubmittedApplicationsPageTest - Entered country percentage: '50'.
2025-02-04 08:10:32 [main] DEBUG l.i.u.t.SubmittedApplicationsPageTest - Entered institution percentage: '50'.
2025-02-04 08:10:33 [main] DEBUG l.i.u.t.SubmittedApplicationsPageTest - Entered municipality percentage: '50'.
2025-02-04 08:10:33 [main] DEBUG l.i.u.t.SubmittedApplicationsPageTest - Selected 'De Minimis' radio button.
2025-02-04 08:10:33 [main] DEBUG l.i.u.t.SubmittedApplicationsPageTest - Entered program name: 'Programa 1'.
2025-02-04 08:10:33 [main] DEBUG l.i.u.t.SubmittedApplicationsPageTest - Entered project date from.
2025-02-04 08:10:33 [main] DEBUG l.i.u.t.SubmittedApplicationsPageTest - Entered project date until.
2025-02-04 08:10:34 [main] DEBUG l.i.u.t.SubmittedApplicationsPageTest - Entered support amount: '2000'.
2025-02-04 08:10:34 [main] DEBUG l.i.u.t.SubmittedApplicationsPageTest - Clicked 'Next' button.
2025-02-04 08:10:44 [main] DEBUG l.i.u.t.SubmittedApplicationsPageTest - Checked 'Legal Entities' checkbox 1.
2025-02-04 08:11:44 [main] DEBUG l.i.u.t.SubmittedApplicationsPageTest - Checked 'Legal Entities' checkbox 2.
2025-02-04 08:12:30 [main] ERROR l.i.u.t.SubmittedApplicationsPageTest - Test 'testFillNewApplication' failed with error: invalid session id: session deleted as the browser has closed the connection
from disconnected: unable to send message to renderer
  (Session info: chrome=132.0.6834.160)
Build info: version: '4.27.0', revision: 'd6e718d134'
System info: os.name: 'Windows 11', os.arch: 'amd64', os.version: '10.0', java.version: '21.0.3'
Driver info: org.openqa.selenium.chrome.ChromeDriver
Command: [2f4515f691bbe97e16eac10e04751656, findElement {value=#checkboxConfirmationThree, using=css selector}]
Capabilities {acceptInsecureCerts: false, browserName: chrome, browserVersion: 132.0.6834.160, chrome: {chromedriverVersion: 132.0.6834.159 (2d77d3fc445..., userDataDir: C:\Users\INGRID~1.ZAD\AppDa...}, fedcm:accounts: true, goog:chromeOptions: {debuggerAddress: localhost:57074}, networkConnectionEnabled: false, pageLoadStrategy: normal, platformName: windows, proxy: Proxy(), se:cdp: ws://localhost:57074/devtoo..., se:cdpVersion: 132.0.6834.160, setWindowRect: true, strictFileInteractability: false, timeouts: {implicit: 0, pageLoad: 300000, script: 30000}, unhandledPromptBehavior: dismiss and notify, webauthn:extension:credBlob: true, webauthn:extension:largeBlob: true, webauthn:extension:minPinLength: true, webauthn:extension:prf: true, webauthn:virtualAuthenticators: true}
Session ID: 2f4515f691bbe97e16eac10e04751656
org.openqa.selenium.NoSuchSessionException: invalid session id: session deleted as the browser has closed the connection
from disconnected: unable to send message to renderer
  (Session info: chrome=132.0.6834.160)
Build info: version: '4.27.0', revision: 'd6e718d134'
System info: os.name: 'Windows 11', os.arch: 'amd64', os.version: '10.0', java.version: '21.0.3'
Driver info: org.openqa.selenium.chrome.ChromeDriver
Command: [2f4515f691bbe97e16eac10e04751656, findElement {value=#checkboxConfirmationThree, using=css selector}]
Capabilities {acceptInsecureCerts: false, browserName: chrome, browserVersion: 132.0.6834.160, chrome: {chromedriverVersion: 132.0.6834.159 (2d77d3fc445..., userDataDir: C:\Users\INGRID~1.ZAD\AppDa...}, fedcm:accounts: true, goog:chromeOptions: {debuggerAddress: localhost:57074}, networkConnectionEnabled: false, pageLoadStrategy: normal, platformName: windows, proxy: Proxy(), se:cdp: ws://localhost:57074/devtoo..., se:cdpVersion: 132.0.6834.160, setWindowRect: true, strictFileInteractability: false, timeouts: {implicit: 0, pageLoad: 300000, script: 30000}, unhandledPromptBehavior: dismiss and notify, webauthn:extension:credBlob: true, webauthn:extension:largeBlob: true, webauthn:extension:minPinLength: true, webauthn:extension:prf: true, webauthn:virtualAuthenticators: true}
Session ID: 2f4515f691bbe97e16eac10e04751656
	at java.base/jdk.internal.reflect.DirectConstructorHandleAccessor.newInstance(DirectConstructorHandleAccessor.java:62)
	at java.base/java.lang.reflect.Constructor.newInstanceWithCaller(Constructor.java:502)
	at java.base/java.lang.reflect.Constructor.newInstance(Constructor.java:486)
	at org.openqa.selenium.remote.ErrorCodec.decode(ErrorCodec.java:167)
	at org.openqa.selenium.remote.codec.w3c.W3CHttpResponseCodec.decode(W3CHttpResponseCodec.java:138)
	at org.openqa.selenium.remote.codec.w3c.W3CHttpResponseCodec.decode(W3CHttpResponseCodec.java:50)
	at org.openqa.selenium.remote.HttpCommandExecutor.execute(HttpCommandExecutor.java:190)
	at org.openqa.selenium.remote.service.DriverCommandExecutor.invokeExecute(DriverCommandExecutor.java:216)
	at org.openqa.selenium.remote.service.DriverCommandExecutor.execute(DriverCommandExecutor.java:174)
	at org.openqa.selenium.remote.RemoteWebDriver.execute(RemoteWebDriver.java:545)
	at org.openqa.selenium.remote.ElementLocation$ElementFinder$2.findElement(ElementLocation.java:165)
	at org.openqa.selenium.remote.ElementLocation.findElement(ElementLocation.java:59)
	at org.openqa.selenium.remote.RemoteWebDriver.findElement(RemoteWebDriver.java:368)
	at org.openqa.selenium.remote.RemoteWebDriver.findElement(RemoteWebDriver.java:362)
	at org.openqa.selenium.By$PreW3CLocator.findElement(By.java:430)
	at org.openqa.selenium.By$ById.findElement(By.java:182)
	at org.openqa.selenium.support.ByIdOrName.findElement(ByIdOrName.java:46)
	at org.openqa.selenium.remote.ElementLocation$ElementFinder$1.findElement(ElementLocation.java:139)
	at org.openqa.selenium.remote.ElementLocation.findElement(ElementLocation.java:59)
	at org.openqa.selenium.remote.RemoteWebDriver.findElement(RemoteWebDriver.java:368)
	at org.openqa.selenium.remote.RemoteWebDriver.findElement(RemoteWebDriver.java:362)
	at org.openqa.selenium.support.pagefactory.DefaultElementLocator.findElement(DefaultElementLocator.java:68)
	at org.openqa.selenium.support.pagefactory.internal.LocatingElementHandler.invoke(LocatingElementHandler.java:38)
	at jdk.proxy2/jdk.proxy2.$Proxy14.toString(Unknown Source)
	at java.base/java.lang.String.valueOf(String.java:4465)
	at lt.insoft.uztis.pages.SubmittedApplicationsPage.setConfirmationCheckbox(SubmittedApplicationsPage.java:752)
	at lt.insoft.uztis.tests.SubmittedApplicationsPageTest.testFillNewApplication(SubmittedApplicationsPageTest.java:318)
	at java.base/jdk.internal.reflect.DirectMethodHandleAccessor.invoke(DirectMethodHandleAccessor.java:103)
	at java.base/java.lang.reflect.Method.invoke(Method.java:580)
	at org.junit.platform.commons.util.ReflectionUtils.invokeMethod(ReflectionUtils.java:728)
	at org.junit.jupiter.engine.execution.MethodInvocation.proceed(MethodInvocation.java:60)
	at org.junit.jupiter.engine.execution.InvocationInterceptorChain$ValidatingInvocation.proceed(InvocationInterceptorChain.java:131)
	at org.junit.jupiter.engine.extension.TimeoutExtension.intercept(TimeoutExtension.java:156)
	at org.junit.jupiter.engine.extension.TimeoutExtension.interceptTestableMethod(TimeoutExtension.java:147)
	at org.junit.jupiter.engine.extension.TimeoutExtension.interceptTestMethod(TimeoutExtension.java:86)
	at org.junit.jupiter.engine.execution.InterceptingExecutableInvoker$ReflectiveInterceptorCall.lambda$ofVoidMethod$0(InterceptingExecutableInvoker.java:103)
	at org.junit.jupiter.engine.execution.InterceptingExecutableInvoker.lambda$invoke$0(InterceptingExecutableInvoker.java:93)
	at org.junit.jupiter.engine.execution.InvocationInterceptorChain$InterceptedInvocation.proceed(InvocationInterceptorChain.java:106)
	at org.junit.jupiter.engine.execution.InvocationInterceptorChain.proceed(InvocationInterceptorChain.java:64)
	at org.junit.jupiter.engine.execution.InvocationInterceptorChain.chainAndInvoke(InvocationInterceptorChain.java:45)
	at org.junit.jupiter.engine.execution.InvocationInterceptorChain.invoke(InvocationInterceptorChain.java:37)
	at org.junit.jupiter.engine.execution.InterceptingExecutableInvoker.invoke(InterceptingExecutableInvoker.java:92)
	at org.junit.jupiter.engine.execution.InterceptingExecutableInvoker.invoke(InterceptingExecutableInvoker.java:86)
	at org.junit.jupiter.engine.descriptor.TestMethodTestDescriptor.lambda$invokeTestMethod$7(TestMethodTestDescriptor.java:218)
	at org.junit.platform.engine.support.hierarchical.ThrowableCollector.execute(ThrowableCollector.java:73)
	at org.junit.jupiter.engine.descriptor.TestMethodTestDescriptor.invokeTestMethod(TestMethodTestDescriptor.java:214)
	at org.junit.jupiter.engine.descriptor.TestMethodTestDescriptor.execute(TestMethodTestDescriptor.java:139)
	at org.junit.jupiter.engine.descriptor.TestMethodTestDescriptor.execute(TestMethodTestDescriptor.java:69)
	at org.junit.platform.engine.support.hierarchical.NodeTestTask.lambda$executeRecursively$6(NodeTestTask.java:151)
	at org.junit.platform.engine.support.hierarchical.ThrowableCollector.execute(ThrowableCollector.java:73)
	at org.junit.platform.engine.support.hierarchical.NodeTestTask.lambda$executeRecursively$8(NodeTestTask.java:141)
	at org.junit.platform.engine.support.hierarchical.Node.around(Node.java:137)
	at org.junit.platform.engine.support.hierarchical.NodeTestTask.lambda$executeRecursively$9(NodeTestTask.java:139)
	at org.junit.platform.engine.support.hierarchical.ThrowableCollector.execute(ThrowableCollector.java:73)
	at org.junit.platform.engine.support.hierarchical.NodeTestTask.executeRecursively(NodeTestTask.java:138)
	at org.junit.platform.engine.support.hierarchical.NodeTestTask.execute(NodeTestTask.java:95)
	at java.base/java.util.ArrayList.forEach(ArrayList.java:1596)
	at org.junit.platform.engine.support.hierarchical.SameThreadHierarchicalTestExecutorService.invokeAll(SameThreadHierarchicalTestExecutorService.java:41)
	at org.junit.platform.engine.support.hierarchical.NodeTestTask.lambda$executeRecursively$6(NodeTestTask.java:155)
	at org.junit.platform.engine.support.hierarchical.ThrowableCollector.execute(ThrowableCollector.java:73)
	at org.junit.platform.engine.support.hierarchical.NodeTestTask.lambda$executeRecursively$8(NodeTestTask.java:141)
	at org.junit.platform.engine.support.hierarchical.Node.around(Node.java:137)
	at org.junit.platform.engine.support.hierarchical.NodeTestTask.lambda$executeRecursively$9(NodeTestTask.java:139)
	at org.junit.platform.engine.support.hierarchical.ThrowableCollector.execute(ThrowableCollector.java:73)
	at org.junit.platform.engine.support.hierarchical.NodeTestTask.executeRecursively(NodeTestTask.java:138)
	at org.junit.platform.engine.support.hierarchical.NodeTestTask.execute(NodeTestTask.java:95)
	at java.base/java.util.ArrayList.forEach(ArrayList.java:1596)
	at org.junit.platform.engine.support.hierarchical.SameThreadHierarchicalTestExecutorService.invokeAll(SameThreadHierarchicalTestExecutorService.java:41)
	at org.junit.platform.engine.support.hierarchical.NodeTestTask.lambda$executeRecursively$6(NodeTestTask.java:155)
	at org.junit.platform.engine.support.hierarchical.ThrowableCollector.execute(ThrowableCollector.java:73)
	at org.junit.platform.engine.support.hierarchical.NodeTestTask.lambda$executeRecursively$8(NodeTestTask.java:141)
	at org.junit.platform.engine.support.hierarchical.Node.around(Node.java:137)
	at org.junit.platform.engine.support.hierarchical.NodeTestTask.lambda$executeRecursively$9(NodeTestTask.java:139)
	at org.junit.platform.engine.support.hierarchical.ThrowableCollector.execute(ThrowableCollector.java:73)
	at org.junit.platform.engine.support.hierarchical.NodeTestTask.executeRecursively(NodeTestTask.java:138)
	at org.junit.platform.engine.support.hierarchical.NodeTestTask.execute(NodeTestTask.java:95)
	at org.junit.platform.engine.support.hierarchical.SameThreadHierarchicalTestExecutorService.submit(SameThreadHierarchicalTestExecutorService.java:35)
	at org.junit.platform.engine.support.hierarchical.HierarchicalTestExecutor.execute(HierarchicalTestExecutor.java:57)
	at org.junit.platform.engine.support.hierarchical.HierarchicalTestEngine.execute(HierarchicalTestEngine.java:54)
	at org.junit.platform.launcher.core.EngineExecutionOrchestrator.execute(EngineExecutionOrchestrator.java:198)
	at org.junit.platform.launcher.core.EngineExecutionOrchestrator.execute(EngineExecutionOrchestrator.java:169)
	at org.junit.platform.launcher.core.EngineExecutionOrchestrator.execute(EngineExecutionOrchestrator.java:93)
	at org.junit.platform.launcher.core.EngineExecutionOrchestrator.lambda$execute$0(EngineExecutionOrchestrator.java:58)
	at org.junit.platform.launcher.core.EngineExecutionOrchestrator.withInterceptedStreams(EngineExecutionOrchestrator.java:141)
	at org.junit.platform.launcher.core.EngineExecutionOrchestrator.execute(EngineExecutionOrchestrator.java:57)
	at org.junit.platform.launcher.core.DefaultLauncher.execute(DefaultLauncher.java:103)
	at org.junit.platform.launcher.core.DefaultLauncher.execute(DefaultLauncher.java:85)
	at org.junit.platform.launcher.core.DelegatingLauncher.execute(DelegatingLauncher.java:47)
	at org.junit.platform.launcher.core.SessionPerRequestLauncher.execute(SessionPerRequestLauncher.java:63)
	at com.intellij.junit5.JUnit5IdeaTestRunner.startRunnerWithArgs(JUnit5IdeaTestRunner.java:57)
	at com.intellij.rt.junit.IdeaTestRunner$Repeater$1.execute(IdeaTestRunner.java:38)
	at com.intellij.rt.execution.junit.TestsRepeater.repeat(TestsRepeater.java:11)
	at com.intellij.rt.junit.IdeaTestRunner$Repeater.startRunnerWithArgs(IdeaTestRunner.java:35)
	at com.intellij.rt.junit.JUnitStarter.prepareStreamsAndStart(JUnitStarter.java:232)
	at com.intellij.rt.junit.JUnitStarter.main(JUnitStarter.java:55)
2025-02-04 08:16:05 [main] INFO  lt.insoft.uztis.tests.UztisPageTest - Navigated to https://uztisdev.asseco.lt/home
2025-02-04 08:16:05 [main] INFO  l.i.u.t.SubmittedApplicationsPageTest - Starting test:'testFillNewApplication'
2025-02-04 08:16:05 [main] DEBUG l.i.u.t.SubmittedApplicationsPageTest - User logged in with test credentials.
2025-02-04 08:16:05 [main] DEBUG l.i.u.t.SubmittedApplicationsPageTest - Opened 'Application Processing' menu.
2025-02-04 08:16:06 [main] DEBUG l.i.u.t.SubmittedApplicationsPageTest - Clicked on 'Application Forms' menu.
2025-02-04 08:16:06 [main] DEBUG l.i.u.t.SubmittedApplicationsPageTest - Retrieved last description code text: 'DVP'.
2025-02-04 08:16:06 [main] DEBUG l.i.u.t.SubmittedApplicationsPageTest - Clicked on 'Invitation' menu.
2025-02-04 08:16:07 [main] DEBUG l.i.u.t.SubmittedApplicationsPageTest - Selected application section by code: 'DVP'.
2025-02-04 08:16:07 [main] DEBUG l.i.u.t.SubmittedApplicationsPageTest - Clicked 'Search' button.
2025-02-04 08:16:07 [main] DEBUG l.i.u.t.SubmittedApplicationsPageTest - Retrieved invitation code: ''.
2025-02-04 08:16:07 [main] DEBUG l.i.u.t.SubmittedApplicationsPageTest - Clicked on 'Submitted Applications' menu.
2025-02-04 08:16:08 [main] DEBUG l.i.u.t.SubmittedApplicationsPageTest - Selected invitation by code: 'DVP'.
2025-02-04 08:16:08 [main] DEBUG l.i.u.t.SubmittedApplicationsPageTest - Invitation code inserted.
2025-02-04 08:16:08 [main] DEBUG l.i.u.t.SubmittedApplicationsPageTest - Clicked on 'Action Application' button.
2025-02-04 08:16:11 [main] ERROR l.i.u.t.SubmittedApplicationsPageTest - Test 'testFillNewApplication' failed with error: invalid session id: session deleted as the browser has closed the connection
from disconnected: unable to send message to renderer
  (Session info: chrome=132.0.6834.160)
Build info: version: '4.27.0', revision: 'd6e718d134'
System info: os.name: 'Windows 11', os.arch: 'amd64', os.version: '10.0', java.version: '21.0.3'
Driver info: org.openqa.selenium.chrome.ChromeDriver
Command: [ecf7418e8d907f787578844f806559a5, findElement {value=//button[contains(@class, 'mat-mdc-menu-item') and .//span[contains(text(), 'Pateikti naują')]], using=xpath}]
Capabilities {acceptInsecureCerts: false, browserName: chrome, browserVersion: 132.0.6834.160, chrome: {chromedriverVersion: 132.0.6834.159 (2d77d3fc445..., userDataDir: C:\Users\INGRID~1.ZAD\AppDa...}, fedcm:accounts: true, goog:chromeOptions: {debuggerAddress: localhost:57308}, networkConnectionEnabled: false, pageLoadStrategy: normal, platformName: windows, proxy: Proxy(), se:cdp: ws://localhost:57308/devtoo..., se:cdpVersion: 132.0.6834.160, setWindowRect: true, strictFileInteractability: false, timeouts: {implicit: 0, pageLoad: 300000, script: 30000}, unhandledPromptBehavior: dismiss and notify, webauthn:extension:credBlob: true, webauthn:extension:largeBlob: true, webauthn:extension:minPinLength: true, webauthn:extension:prf: true, webauthn:virtualAuthenticators: true}
Session ID: ecf7418e8d907f787578844f806559a5
org.openqa.selenium.NoSuchSessionException: invalid session id: session deleted as the browser has closed the connection
from disconnected: unable to send message to renderer
  (Session info: chrome=132.0.6834.160)
Build info: version: '4.27.0', revision: 'd6e718d134'
System info: os.name: 'Windows 11', os.arch: 'amd64', os.version: '10.0', java.version: '21.0.3'
Driver info: org.openqa.selenium.chrome.ChromeDriver
Command: [ecf7418e8d907f787578844f806559a5, findElement {value=//button[contains(@class, 'mat-mdc-menu-item') and .//span[contains(text(), 'Pateikti naują')]], using=xpath}]
Capabilities {acceptInsecureCerts: false, browserName: chrome, browserVersion: 132.0.6834.160, chrome: {chromedriverVersion: 132.0.6834.159 (2d77d3fc445..., userDataDir: C:\Users\INGRID~1.ZAD\AppDa...}, fedcm:accounts: true, goog:chromeOptions: {debuggerAddress: localhost:57308}, networkConnectionEnabled: false, pageLoadStrategy: normal, platformName: windows, proxy: Proxy(), se:cdp: ws://localhost:57308/devtoo..., se:cdpVersion: 132.0.6834.160, setWindowRect: true, strictFileInteractability: false, timeouts: {implicit: 0, pageLoad: 300000, script: 30000}, unhandledPromptBehavior: dismiss and notify, webauthn:extension:credBlob: true, webauthn:extension:largeBlob: true, webauthn:extension:minPinLength: true, webauthn:extension:prf: true, webauthn:virtualAuthenticators: true}
Session ID: ecf7418e8d907f787578844f806559a5
	at java.base/jdk.internal.reflect.DirectConstructorHandleAccessor.newInstance(DirectConstructorHandleAccessor.java:62)
	at java.base/java.lang.reflect.Constructor.newInstanceWithCaller(Constructor.java:502)
	at java.base/java.lang.reflect.Constructor.newInstance(Constructor.java:486)
	at org.openqa.selenium.remote.ErrorCodec.decode(ErrorCodec.java:167)
	at org.openqa.selenium.remote.codec.w3c.W3CHttpResponseCodec.decode(W3CHttpResponseCodec.java:138)
	at org.openqa.selenium.remote.codec.w3c.W3CHttpResponseCodec.decode(W3CHttpResponseCodec.java:50)
	at org.openqa.selenium.remote.HttpCommandExecutor.execute(HttpCommandExecutor.java:190)
	at org.openqa.selenium.remote.service.DriverCommandExecutor.invokeExecute(DriverCommandExecutor.java:216)
	at org.openqa.selenium.remote.service.DriverCommandExecutor.execute(DriverCommandExecutor.java:174)
	at org.openqa.selenium.remote.RemoteWebDriver.execute(RemoteWebDriver.java:545)
	at org.openqa.selenium.remote.ElementLocation$ElementFinder$2.findElement(ElementLocation.java:165)
	at org.openqa.selenium.remote.ElementLocation.findElement(ElementLocation.java:59)
	at org.openqa.selenium.remote.RemoteWebDriver.findElement(RemoteWebDriver.java:368)
	at org.openqa.selenium.remote.RemoteWebDriver.findElement(RemoteWebDriver.java:362)
	at org.openqa.selenium.support.pagefactory.DefaultElementLocator.findElement(DefaultElementLocator.java:68)
	at org.openqa.selenium.support.pagefactory.internal.LocatingElementHandler.invoke(LocatingElementHandler.java:38)
	at jdk.proxy2/jdk.proxy2.$Proxy14.click(Unknown Source)
	at lt.insoft.uztis.pages.SubmittedApplicationsPage.clickButtonNewApplication(SubmittedApplicationsPage.java:275)
	at lt.insoft.uztis.tests.SubmittedApplicationsPageTest.testFillNewApplication(SubmittedApplicationsPageTest.java:144)
	at java.base/jdk.internal.reflect.DirectMethodHandleAccessor.invoke(DirectMethodHandleAccessor.java:103)
	at java.base/java.lang.reflect.Method.invoke(Method.java:580)
	at org.junit.platform.commons.util.ReflectionUtils.invokeMethod(ReflectionUtils.java:728)
	at org.junit.jupiter.engine.execution.MethodInvocation.proceed(MethodInvocation.java:60)
	at org.junit.jupiter.engine.execution.InvocationInterceptorChain$ValidatingInvocation.proceed(InvocationInterceptorChain.java:131)
	at org.junit.jupiter.engine.extension.TimeoutExtension.intercept(TimeoutExtension.java:156)
	at org.junit.jupiter.engine.extension.TimeoutExtension.interceptTestableMethod(TimeoutExtension.java:147)
	at org.junit.jupiter.engine.extension.TimeoutExtension.interceptTestMethod(TimeoutExtension.java:86)
	at org.junit.jupiter.engine.execution.InterceptingExecutableInvoker$ReflectiveInterceptorCall.lambda$ofVoidMethod$0(InterceptingExecutableInvoker.java:103)
	at org.junit.jupiter.engine.execution.InterceptingExecutableInvoker.lambda$invoke$0(InterceptingExecutableInvoker.java:93)
	at org.junit.jupiter.engine.execution.InvocationInterceptorChain$InterceptedInvocation.proceed(InvocationInterceptorChain.java:106)
	at org.junit.jupiter.engine.execution.InvocationInterceptorChain.proceed(InvocationInterceptorChain.java:64)
	at org.junit.jupiter.engine.execution.InvocationInterceptorChain.chainAndInvoke(InvocationInterceptorChain.java:45)
	at org.junit.jupiter.engine.execution.InvocationInterceptorChain.invoke(InvocationInterceptorChain.java:37)
	at org.junit.jupiter.engine.execution.InterceptingExecutableInvoker.invoke(InterceptingExecutableInvoker.java:92)
	at org.junit.jupiter.engine.execution.InterceptingExecutableInvoker.invoke(InterceptingExecutableInvoker.java:86)
	at org.junit.jupiter.engine.descriptor.TestMethodTestDescriptor.lambda$invokeTestMethod$7(TestMethodTestDescriptor.java:218)
	at org.junit.platform.engine.support.hierarchical.ThrowableCollector.execute(ThrowableCollector.java:73)
	at org.junit.jupiter.engine.descriptor.TestMethodTestDescriptor.invokeTestMethod(TestMethodTestDescriptor.java:214)
	at org.junit.jupiter.engine.descriptor.TestMethodTestDescriptor.execute(TestMethodTestDescriptor.java:139)
	at org.junit.jupiter.engine.descriptor.TestMethodTestDescriptor.execute(TestMethodTestDescriptor.java:69)
	at org.junit.platform.engine.support.hierarchical.NodeTestTask.lambda$executeRecursively$6(NodeTestTask.java:151)
	at org.junit.platform.engine.support.hierarchical.ThrowableCollector.execute(ThrowableCollector.java:73)
	at org.junit.platform.engine.support.hierarchical.NodeTestTask.lambda$executeRecursively$8(NodeTestTask.java:141)
	at org.junit.platform.engine.support.hierarchical.Node.around(Node.java:137)
	at org.junit.platform.engine.support.hierarchical.NodeTestTask.lambda$executeRecursively$9(NodeTestTask.java:139)
	at org.junit.platform.engine.support.hierarchical.ThrowableCollector.execute(ThrowableCollector.java:73)
	at org.junit.platform.engine.support.hierarchical.NodeTestTask.executeRecursively(NodeTestTask.java:138)
	at org.junit.platform.engine.support.hierarchical.NodeTestTask.execute(NodeTestTask.java:95)
	at java.base/java.util.ArrayList.forEach(ArrayList.java:1596)
	at org.junit.platform.engine.support.hierarchical.SameThreadHierarchicalTestExecutorService.invokeAll(SameThreadHierarchicalTestExecutorService.java:41)
	at org.junit.platform.engine.support.hierarchical.NodeTestTask.lambda$executeRecursively$6(NodeTestTask.java:155)
	at org.junit.platform.engine.support.hierarchical.ThrowableCollector.execute(ThrowableCollector.java:73)
	at org.junit.platform.engine.support.hierarchical.NodeTestTask.lambda$executeRecursively$8(NodeTestTask.java:141)
	at org.junit.platform.engine.support.hierarchical.Node.around(Node.java:137)
	at org.junit.platform.engine.support.hierarchical.NodeTestTask.lambda$executeRecursively$9(NodeTestTask.java:139)
	at org.junit.platform.engine.support.hierarchical.ThrowableCollector.execute(ThrowableCollector.java:73)
	at org.junit.platform.engine.support.hierarchical.NodeTestTask.executeRecursively(NodeTestTask.java:138)
	at org.junit.platform.engine.support.hierarchical.NodeTestTask.execute(NodeTestTask.java:95)
	at java.base/java.util.ArrayList.forEach(ArrayList.java:1596)
	at org.junit.platform.engine.support.hierarchical.SameThreadHierarchicalTestExecutorService.invokeAll(SameThreadHierarchicalTestExecutorService.java:41)
	at org.junit.platform.engine.support.hierarchical.NodeTestTask.lambda$executeRecursively$6(NodeTestTask.java:155)
	at org.junit.platform.engine.support.hierarchical.ThrowableCollector.execute(ThrowableCollector.java:73)
	at org.junit.platform.engine.support.hierarchical.NodeTestTask.lambda$executeRecursively$8(NodeTestTask.java:141)
	at org.junit.platform.engine.support.hierarchical.Node.around(Node.java:137)
	at org.junit.platform.engine.support.hierarchical.NodeTestTask.lambda$executeRecursively$9(NodeTestTask.java:139)
	at org.junit.platform.engine.support.hierarchical.ThrowableCollector.execute(ThrowableCollector.java:73)
	at org.junit.platform.engine.support.hierarchical.NodeTestTask.executeRecursively(NodeTestTask.java:138)
	at org.junit.platform.engine.support.hierarchical.NodeTestTask.execute(NodeTestTask.java:95)
	at org.junit.platform.engine.support.hierarchical.SameThreadHierarchicalTestExecutorService.submit(SameThreadHierarchicalTestExecutorService.java:35)
	at org.junit.platform.engine.support.hierarchical.HierarchicalTestExecutor.execute(HierarchicalTestExecutor.java:57)
	at org.junit.platform.engine.support.hierarchical.HierarchicalTestEngine.execute(HierarchicalTestEngine.java:54)
	at org.junit.platform.launcher.core.EngineExecutionOrchestrator.execute(EngineExecutionOrchestrator.java:198)
	at org.junit.platform.launcher.core.EngineExecutionOrchestrator.execute(EngineExecutionOrchestrator.java:169)
	at org.junit.platform.launcher.core.EngineExecutionOrchestrator.execute(EngineExecutionOrchestrator.java:93)
	at org.junit.platform.launcher.core.EngineExecutionOrchestrator.lambda$execute$0(EngineExecutionOrchestrator.java:58)
	at org.junit.platform.launcher.core.EngineExecutionOrchestrator.withInterceptedStreams(EngineExecutionOrchestrator.java:141)
	at org.junit.platform.launcher.core.EngineExecutionOrchestrator.execute(EngineExecutionOrchestrator.java:57)
	at org.junit.platform.launcher.core.DefaultLauncher.execute(DefaultLauncher.java:103)
	at org.junit.platform.launcher.core.DefaultLauncher.execute(DefaultLauncher.java:85)
	at org.junit.platform.launcher.core.DelegatingLauncher.execute(DelegatingLauncher.java:47)
	at org.junit.platform.launcher.core.SessionPerRequestLauncher.execute(SessionPerRequestLauncher.java:63)
	at com.intellij.junit5.JUnit5IdeaTestRunner.startRunnerWithArgs(JUnit5IdeaTestRunner.java:57)
	at com.intellij.rt.junit.IdeaTestRunner$Repeater$1.execute(IdeaTestRunner.java:38)
	at com.intellij.rt.execution.junit.TestsRepeater.repeat(TestsRepeater.java:11)
	at com.intellij.rt.junit.IdeaTestRunner$Repeater.startRunnerWithArgs(IdeaTestRunner.java:35)
	at com.intellij.rt.junit.JUnitStarter.prepareStreamsAndStart(JUnitStarter.java:232)
	at com.intellij.rt.junit.JUnitStarter.main(JUnitStarter.java:55)
2025-02-04 08:16:45 [main] INFO  lt.insoft.uztis.tests.UztisPageTest - Navigated to https://uztisdev.asseco.lt/home
2025-02-04 08:16:45 [main] INFO  l.i.u.t.SubmittedApplicationsPageTest - Starting test:'testFillNewApplication'
2025-02-04 08:16:46 [main] DEBUG l.i.u.t.SubmittedApplicationsPageTest - User logged in with test credentials.
2025-02-04 08:16:46 [main] DEBUG l.i.u.t.SubmittedApplicationsPageTest - Opened 'Application Processing' menu.
2025-02-04 08:16:46 [main] DEBUG l.i.u.t.SubmittedApplicationsPageTest - Clicked on 'Application Forms' menu.
2025-02-04 08:16:47 [main] DEBUG l.i.u.t.SubmittedApplicationsPageTest - Retrieved last description code text: 'TST-VUI-27'.
2025-02-04 08:16:47 [main] DEBUG l.i.u.t.SubmittedApplicationsPageTest - Clicked on 'Invitation' menu.
2025-02-04 08:16:47 [main] DEBUG l.i.u.t.SubmittedApplicationsPageTest - Selected application section by code: 'TST-VUI-27'.
2025-02-04 08:16:48 [main] DEBUG l.i.u.t.SubmittedApplicationsPageTest - Clicked 'Search' button.
2025-02-04 08:16:48 [main] DEBUG l.i.u.t.SubmittedApplicationsPageTest - Retrieved invitation code: ''.
2025-02-04 08:16:48 [main] DEBUG l.i.u.t.SubmittedApplicationsPageTest - Clicked on 'Submitted Applications' menu.
2025-02-04 08:16:49 [main] DEBUG l.i.u.t.SubmittedApplicationsPageTest - Selected invitation by code: 'TST-VUI-27'.
2025-02-04 08:16:49 [main] DEBUG l.i.u.t.SubmittedApplicationsPageTest - Invitation code inserted.
2025-02-04 08:16:49 [main] DEBUG l.i.u.t.SubmittedApplicationsPageTest - Clicked on 'Action Application' button.
2025-02-04 08:16:49 [main] DEBUG l.i.u.t.SubmittedApplicationsPageTest - Clicked on 'New Application' button.
2025-02-04 08:16:49 [main] DEBUG l.i.u.t.SubmittedApplicationsPageTest - Selected the 'RadioButtonFA' option.
2025-02-04 08:16:50 [main] DEBUG l.i.u.t.SubmittedApplicationsPageTest - Entered phone number: '61298745'.
2025-02-04 08:16:50 [main] DEBUG l.i.u.t.SubmittedApplicationsPageTest - Entered email: 'test@autotest.com'.
2025-02-04 08:16:50 [main] INFO  l.i.u.p.SubmittedApplicationsPage - Located the dropdown button.
2025-02-04 08:17:09 [main] INFO  l.i.u.p.SubmittedApplicationsPage - Found 1741 options in the dropdown.
2025-02-04 08:17:09 [main] INFO  l.i.u.p.SubmittedApplicationsPage - Successfully selected the value: '01.11 - Grūdinių (išskyrus ryžius), ankštinių ir aliejingų sėklų augalų auginimas'
2025-02-04 08:17:20 [main] ERROR l.i.u.p.SubmittedApplicationsPage - Failed to close the dropdown with aria-expanded = 'false'. Attempting manual close.
2025-02-04 08:17:20 [main] INFO  l.i.u.p.SubmittedApplicationsPage - Manual close attempt for the dropdown using body click.
2025-02-04 08:17:20 [main] DEBUG l.i.u.t.SubmittedApplicationsPageTest - Selected EVRK value: '01.11 - Grūdinių (išskyrus ryžius), ankštinių ir aliejingų sėklų augalų auginimas'.
2025-02-04 08:17:20 [main] DEBUG l.i.u.t.SubmittedApplicationsPageTest - Entered address: 'Vilniaus m. sav., Vilnius, Testo g. 10T'.
2025-02-04 08:17:20 [main] DEBUG l.i.u.t.SubmittedApplicationsPageTest - Entered project date.
2025-02-04 08:17:20 [main] DEBUG l.i.u.t.SubmittedApplicationsPageTest - Entered job count: '1'.
2025-02-04 08:17:21 [main] DEBUG l.i.u.t.SubmittedApplicationsPageTest - Clicked 'Next' button.
2025-02-04 08:17:21 [main] INFO  l.i.u.p.SubmittedApplicationsPage - Located the dropdown button.
2025-02-04 08:17:22 [main] INFO  l.i.u.p.SubmittedApplicationsPage - Successfully selected the value: 'Administratoriai'
2025-02-04 08:17:42 [main] ERROR l.i.u.p.SubmittedApplicationsPage - Timeout while waiting for dropdown to close with aria-expanded = 'false'.
2025-02-04 08:17:42 [main] DEBUG l.i.u.t.SubmittedApplicationsPageTest - Selected job name: 'Administratoriai'.
2025-02-04 08:17:42 [main] DEBUG l.i.u.t.SubmittedApplicationsPageTest - Entered job function: 'Funkcija 1'.
2025-02-04 08:17:42 [main] DEBUG l.i.u.t.SubmittedApplicationsPageTest - Selected 'RadioButtonWithDisabilities' option.
2025-02-04 08:17:42 [main] INFO  l.i.u.p.SubmittedApplicationsPage - Clicking on the dropdown button.
2025-02-04 08:17:43 [main] INFO  l.i.u.p.SubmittedApplicationsPage - Found 34 options in the dropdown.
2025-02-04 08:17:43 [main] DEBUG l.i.u.p.SubmittedApplicationsPage - Checking option: 'Asmenys, kuriems suteiktas pabėgėlio statusas ar perkeliamojo asmens statusas, arba asmenys, kuriems suteikta papildoma ar laikinoji apsauga, ir asmenys, turintys teisę gauti laikinąją apsaugą, iki sprendimo dėl laikinosios apsaugos suteikimo (nesuteikimo) priėmimo, tačiau ne ilgiau kaip laikinosios apsaugos laikotarpiu'
2025-02-04 08:17:43 [main] DEBUG l.i.u.p.SubmittedApplicationsPage - Checking option: 'Asmenys, kuriems suteiktas pabėgėlio statusas ar perkeliamojo asmens statusas, arba asmenys, kuriems suteikta papildoma ar laikinoji apsauga, ir asmenys, turintys teisę gauti laikinąją apsaugą, iki sprendimo dėl laikinosios apsaugos suteikimo (nesuteikimo) priėmimo, tačiau ne ilgiau kaip laikinosios apsaugos laikotarpiu'
2025-02-04 08:17:43 [main] DEBUG l.i.u.p.SubmittedApplicationsPage - Checking option: 'Asmenys, turintys teisę į papildomas užimtumo garantijas pagal Lietuvos Respublikos valstybės įmonės Ignalinos atominės elektrinės darbuotojų papildomų užimtumo ir socialinių garantijų įstatymą'
2025-02-04 08:17:43 [main] DEBUG l.i.u.p.SubmittedApplicationsPage - Checking option: 'Asmenys, turintys teisę į papildomas užimtumo garantijas pagal Lietuvos Respublikos valstybės įmonės Ignalinos atominės elektrinės darbuotojų papildomų užimtumo ir socialinių garantijų įstatymą'
2025-02-04 08:17:43 [main] DEBUG l.i.u.p.SubmittedApplicationsPage - Checking option: 'Bedarbiai iki 29 metų'
2025-02-04 08:17:43 [main] DEBUG l.i.u.p.SubmittedApplicationsPage - Checking option: 'Bedarbiai iki 29 metų'
2025-02-04 08:17:43 [main] DEBUG l.i.u.p.SubmittedApplicationsPage - Checking option: 'Bedarbiai, kurie yra darbingo amžiaus neįgalieji, kuriems nustatytas 30–40 procentų darbingumo lygis arba vidutinis neįgalumo lygis'
2025-02-04 08:17:43 [main] DEBUG l.i.u.p.SubmittedApplicationsPage - Checking option: 'Bedarbiai, kurie yra darbingo amžiaus neįgalieji, kuriems nustatytas 30–40 procentų darbingumo lygis arba vidutinis neįgalumo lygis'
2025-02-04 08:17:43 [main] DEBUG l.i.u.p.SubmittedApplicationsPage - Checking option: 'Bedarbiai, kurie yra darbingo amžiaus neįgalieji, kuriems nustatytas 45–55 procentų darbingumo lygis arba lengvas neįgalumo lygis'
2025-02-04 08:17:43 [main] DEBUG l.i.u.p.SubmittedApplicationsPage - Checking option: 'Bedarbiai, kurie yra darbingo amžiaus neįgalieji, kuriems nustatytas 45–55 procentų darbingumo lygis arba lengvas neįgalumo lygis'
2025-02-04 08:17:43 [main] DEBUG l.i.u.p.SubmittedApplicationsPage - Checking option: 'Bedarbiai, kurie yra darbingo amžiaus neįgalieji, kuriems nustatytas iki 25 procentų darbingumo lygis arba sunkus neįgalumo lygis'
2025-02-04 08:17:43 [main] INFO  l.i.u.p.SubmittedApplicationsPage - Successfully selected the value: 'Bedarbiai, kurie yra darbingo amžiaus neįgalieji, kuriems nustatytas iki 25 procentų darbingumo lygis arba sunkus neįgalumo lygis'
2025-02-04 08:17:43 [main] INFO  l.i.u.p.SubmittedApplicationsPage - Attempting to close the dropdown.
2025-02-04 08:17:54 [main] INFO  l.i.u.p.SubmittedApplicationsPage - Dropdown should be closed now.
2025-02-04 08:17:54 [main] DEBUG l.i.u.t.SubmittedApplicationsPageTest - Selected disabilities type: 'Bedarbiai, kurie yra darbingo amžiaus neįgalieji, kuriems nustatytas iki 25 procentų darbingumo lygis arba sunkus neįgalumo lygis'.
2025-02-04 08:17:54 [main] DEBUG l.i.u.t.SubmittedApplicationsPageTest - Entered disability information: 'Negalia 1'.
2025-02-04 08:17:54 [main] INFO  l.i.u.p.SubmittedApplicationsPage - Located the dropdown button.
2025-02-04 08:17:55 [main] INFO  l.i.u.p.SubmittedApplicationsPage - Successfully selected the value: 'Kita'
2025-02-04 08:18:06 [main] ERROR l.i.u.p.SubmittedApplicationsPage - Timeout while waiting for dropdown to close with aria-expanded = 'false'.
2025-02-04 08:18:06 [main] DEBUG l.i.u.t.SubmittedApplicationsPageTest - Selected time mode: 'Kita'.
2025-02-04 08:18:06 [main] DEBUG l.i.u.t.SubmittedApplicationsPageTest - Selected time mode other: '6 val. per dieną ir 4 d. per savaitę'.
2025-02-04 08:18:06 [main] DEBUG l.i.u.t.SubmittedApplicationsPageTest - Entered qualification: 'Kvalifikacija 1'.
2025-02-04 08:18:06 [main] DEBUG l.i.u.t.SubmittedApplicationsPageTest - Entered job date.
2025-02-04 08:18:06 [main] DEBUG l.i.u.t.SubmittedApplicationsPageTest - Entered salary amount: '1200'.
2025-02-04 08:18:06 [main] DEBUG l.i.u.t.SubmittedApplicationsPageTest - Selected 'Temporary Job' radio button.
2025-02-04 08:18:07 [main] DEBUG l.i.u.t.SubmittedApplicationsPageTest - Selected 'Season Job' radio button.
2025-02-04 08:18:07 [main] DEBUG l.i.u.t.SubmittedApplicationsPageTest - Selected 'Energy' radio button.
2025-02-04 08:18:07 [main] DEBUG l.i.u.t.SubmittedApplicationsPageTest - Selected 'Repair' radio button.
2025-02-04 08:18:07 [main] DEBUG l.i.u.t.SubmittedApplicationsPageTest - Entered job description: 'Veikla 1'.
2025-02-04 08:18:07 [main] DEBUG l.i.u.t.SubmittedApplicationsPageTest - Entered process description: 'Procesas 1'.
2025-02-04 08:18:07 [main] DEBUG l.i.u.t.SubmittedApplicationsPageTest - Entered energy information: 'Energija 1'.
2025-02-04 08:18:08 [main] DEBUG l.i.u.t.SubmittedApplicationsPageTest - Entered repair information: 'Remontas 1'.
2025-02-04 08:18:08 [main] DEBUG l.i.u.t.SubmittedApplicationsPageTest - Selected 'PVM' radio button.
2025-02-04 08:18:08 [main] INFO  l.i.u.p.SubmittedApplicationsPage - Located the dropdown button.
2025-02-04 08:18:08 [main] INFO  l.i.u.p.SubmittedApplicationsPage - Successfully selected the value: 'Įsigyti'
2025-02-04 08:18:29 [main] ERROR l.i.u.p.SubmittedApplicationsPage - Timeout while waiting for dropdown to close with aria-expanded = 'false'.
2025-02-04 08:18:29 [main] DEBUG l.i.u.t.SubmittedApplicationsPageTest - Selected necessary for job: 'Įsigyti'.
2025-02-04 08:18:29 [main] DEBUG l.i.u.t.SubmittedApplicationsPageTest - Selected tool: 'Darbo priemonė 1'.
2025-02-04 08:18:29 [main] DEBUG l.i.u.t.SubmittedApplicationsPageTest - Selected tool parameter one: 'Darbo priemonės 1 parametras 1'.
2025-02-04 08:18:29 [main] DEBUG l.i.u.t.SubmittedApplicationsPageTest - Selected tool parameter two: 'Darbo priemonės 1 parametras 2'.
2025-02-04 08:18:30 [main] DEBUG l.i.u.t.SubmittedApplicationsPageTest - Selected tool parameter three: 'Darbo priemonės 1 parametras 3'.
2025-02-04 08:18:30 [main] DEBUG l.i.u.t.SubmittedApplicationsPageTest - Entered tool count: '1'.
2025-02-04 08:18:30 [main] DEBUG l.i.u.t.SubmittedApplicationsPageTest - Entered price amount: '1000'.
2025-02-04 08:18:30 [main] DEBUG l.i.u.t.SubmittedApplicationsPageTest - Entered own funds amount: '800'.
2025-02-04 08:18:30 [main] DEBUG l.i.u.t.SubmittedApplicationsPageTest - Entered country percentage: '50'.
2025-02-04 08:18:30 [main] DEBUG l.i.u.t.SubmittedApplicationsPageTest - Entered institution percentage: '50'.
2025-02-04 08:18:30 [main] DEBUG l.i.u.t.SubmittedApplicationsPageTest - Entered municipality percentage: '50'.
2025-02-04 08:18:31 [main] DEBUG l.i.u.t.SubmittedApplicationsPageTest - Selected 'De Minimis' radio button.
2025-02-04 08:18:31 [main] DEBUG l.i.u.t.SubmittedApplicationsPageTest - Entered program name: 'Programa 1'.
2025-02-04 08:18:31 [main] DEBUG l.i.u.t.SubmittedApplicationsPageTest - Entered project date from.
2025-02-04 08:18:31 [main] DEBUG l.i.u.t.SubmittedApplicationsPageTest - Entered project date until.
2025-02-04 08:18:31 [main] DEBUG l.i.u.t.SubmittedApplicationsPageTest - Entered support amount: '2000'.
2025-02-04 08:18:32 [main] DEBUG l.i.u.t.SubmittedApplicationsPageTest - Clicked 'Next' button.
2025-02-04 08:18:42 [main] DEBUG l.i.u.t.SubmittedApplicationsPageTest - Checked 'Legal Entities' checkbox 1.
2025-02-04 08:18:52 [main] DEBUG l.i.u.t.SubmittedApplicationsPageTest - Checked 'Legal Entities' checkbox 2.
2025-02-04 08:19:02 [main] DEBUG l.i.u.t.SubmittedApplicationsPageTest - Checked 'Legal Entities' checkbox 3.
2025-02-04 08:19:02 [main] DEBUG l.i.u.t.SubmittedApplicationsPageTest - Clicked 'Next' button after checkboxes.
2025-02-04 08:19:02 [main] INFO  l.i.u.t.SubmittedApplicationsPageTest - Test 'testFillNewApplication' completed successfully.
2025-02-04 08:26:36 [main] INFO  lt.insoft.uztis.tests.UztisPageTest - Navigated to https://uztisdev.asseco.lt/home
2025-02-04 08:26:36 [main] INFO  l.i.u.t.SubmittedApplicationsPageTest - Starting test:'testFillNewApplication'
2025-02-04 08:26:36 [main] DEBUG l.i.u.t.SubmittedApplicationsPageTest - User logged in with test credentials.
2025-02-04 08:26:37 [main] DEBUG l.i.u.t.SubmittedApplicationsPageTest - Opened 'Application Processing' menu.
2025-02-04 08:26:37 [main] DEBUG l.i.u.t.SubmittedApplicationsPageTest - Clicked on 'Application Forms' menu.
2025-02-04 08:26:37 [main] DEBUG l.i.u.t.SubmittedApplicationsPageTest - Retrieved last description code text: 'TST-VUI-27'.
2025-02-04 08:26:37 [main] DEBUG l.i.u.t.SubmittedApplicationsPageTest - Clicked on 'Invitation' menu.
2025-02-04 08:26:38 [main] DEBUG l.i.u.t.SubmittedApplicationsPageTest - Selected application section by code: 'TST-VUI-27'.
2025-02-04 08:26:38 [main] DEBUG l.i.u.t.SubmittedApplicationsPageTest - Clicked 'Search' button.
2025-02-04 08:26:38 [main] DEBUG l.i.u.t.SubmittedApplicationsPageTest - Retrieved invitation code: ''.
2025-02-04 08:26:38 [main] DEBUG l.i.u.t.SubmittedApplicationsPageTest - Clicked on 'Submitted Applications' menu.
2025-02-04 08:26:39 [main] DEBUG l.i.u.t.SubmittedApplicationsPageTest - Selected invitation by code: 'TST-VUI-27'.
2025-02-04 08:26:39 [main] DEBUG l.i.u.t.SubmittedApplicationsPageTest - Invitation code inserted.
2025-02-04 08:26:39 [main] DEBUG l.i.u.t.SubmittedApplicationsPageTest - Clicked on 'Action Application' button.
2025-02-04 08:26:40 [main] DEBUG l.i.u.t.SubmittedApplicationsPageTest - Clicked on 'New Application' button.
2025-02-04 08:26:40 [main] DEBUG l.i.u.t.SubmittedApplicationsPageTest - Selected the 'RadioButtonFA' option.
2025-02-04 08:26:40 [main] DEBUG l.i.u.t.SubmittedApplicationsPageTest - Entered phone number: '61298745'.
2025-02-04 08:26:40 [main] DEBUG l.i.u.t.SubmittedApplicationsPageTest - Entered email: 'test@autotest.com'.
2025-02-04 08:26:40 [main] INFO  l.i.u.p.SubmittedApplicationsPage - Located the dropdown button.
2025-02-04 08:26:59 [main] INFO  l.i.u.p.SubmittedApplicationsPage - Found 1741 options in the dropdown.
2025-02-04 08:26:59 [main] INFO  l.i.u.p.SubmittedApplicationsPage - Successfully selected the value: '01.11 - Grūdinių (išskyrus ryžius), ankštinių ir aliejingų sėklų augalų auginimas'
2025-02-04 08:27:10 [main] ERROR l.i.u.p.SubmittedApplicationsPage - Failed to close the dropdown with aria-expanded = 'false'. Attempting manual close.
2025-02-04 08:27:10 [main] INFO  l.i.u.p.SubmittedApplicationsPage - Manual close attempt for the dropdown using body click.
2025-02-04 08:27:10 [main] DEBUG l.i.u.t.SubmittedApplicationsPageTest - Selected EVRK value: '01.11 - Grūdinių (išskyrus ryžius), ankštinių ir aliejingų sėklų augalų auginimas'.
2025-02-04 08:27:10 [main] DEBUG l.i.u.t.SubmittedApplicationsPageTest - Entered address: 'Vilniaus m. sav., Vilnius, Testo g. 10T'.
2025-02-04 08:27:11 [main] DEBUG l.i.u.t.SubmittedApplicationsPageTest - Entered project date.
2025-02-04 08:27:11 [main] DEBUG l.i.u.t.SubmittedApplicationsPageTest - Entered job count: '1'.
2025-02-04 08:27:11 [main] DEBUG l.i.u.t.SubmittedApplicationsPageTest - Clicked 'Next' button.
2025-02-04 08:27:11 [main] INFO  l.i.u.p.SubmittedApplicationsPage - Located the dropdown button.
2025-02-04 08:27:12 [main] ERROR l.i.u.t.SubmittedApplicationsPageTest - Test 'testFillNewApplication' failed with error: element click intercepted: Element <mat-label>...</mat-label> is not clickable at point (1051, 155). Other element would receive the click: ...<span class="mat-mdc-select-placeholder mat-mdc-select-min-line ng-tns-c1073613477-34 ng-star-inserted"></span>
  (Session info: chrome=132.0.6834.160)
Build info: version: '4.27.0', revision: 'd6e718d134'
System info: os.name: 'Windows 11', os.arch: 'amd64', os.version: '10.0', java.version: '21.0.3'
Driver info: org.openqa.selenium.chrome.ChromeDriver
Command: [925235bb9a938c281f79962e7777d2af, clickElement {id=f.D27DC9D2161DCABEF7E7ACFECC85B75D.d.E193762916AD9777ACADA24AAC8BB167.e.2076}]
Capabilities {acceptInsecureCerts: false, browserName: chrome, browserVersion: 132.0.6834.160, chrome: {chromedriverVersion: 132.0.6834.159 (2d77d3fc445..., userDataDir: C:\Users\INGRID~1.ZAD\AppDa...}, fedcm:accounts: true, goog:chromeOptions: {debuggerAddress: localhost:57670}, networkConnectionEnabled: false, pageLoadStrategy: normal, platformName: windows, proxy: Proxy(), se:cdp: ws://localhost:57670/devtoo..., se:cdpVersion: 132.0.6834.160, setWindowRect: true, strictFileInteractability: false, timeouts: {implicit: 0, pageLoad: 300000, script: 30000}, unhandledPromptBehavior: dismiss and notify, webauthn:extension:credBlob: true, webauthn:extension:largeBlob: true, webauthn:extension:minPinLength: true, webauthn:extension:prf: true, webauthn:virtualAuthenticators: true}
Element: [[ChromeDriver: chrome on windows (925235bb9a938c281f79962e7777d2af)] -> xpath: //mat-label[contains(text(), 'Darbo vietos pavadinimas')]]
Session ID: 925235bb9a938c281f79962e7777d2af
org.openqa.selenium.ElementClickInterceptedException: element click intercepted: Element <mat-label>...</mat-label> is not clickable at point (1051, 155). Other element would receive the click: ...<span class="mat-mdc-select-placeholder mat-mdc-select-min-line ng-tns-c1073613477-34 ng-star-inserted"></span>
  (Session info: chrome=132.0.6834.160)
Build info: version: '4.27.0', revision: 'd6e718d134'
System info: os.name: 'Windows 11', os.arch: 'amd64', os.version: '10.0', java.version: '21.0.3'
Driver info: org.openqa.selenium.chrome.ChromeDriver
Command: [925235bb9a938c281f79962e7777d2af, clickElement {id=f.D27DC9D2161DCABEF7E7ACFECC85B75D.d.E193762916AD9777ACADA24AAC8BB167.e.2076}]
Capabilities {acceptInsecureCerts: false, browserName: chrome, browserVersion: 132.0.6834.160, chrome: {chromedriverVersion: 132.0.6834.159 (2d77d3fc445..., userDataDir: C:\Users\INGRID~1.ZAD\AppDa...}, fedcm:accounts: true, goog:chromeOptions: {debuggerAddress: localhost:57670}, networkConnectionEnabled: false, pageLoadStrategy: normal, platformName: windows, proxy: Proxy(), se:cdp: ws://localhost:57670/devtoo..., se:cdpVersion: 132.0.6834.160, setWindowRect: true, strictFileInteractability: false, timeouts: {implicit: 0, pageLoad: 300000, script: 30000}, unhandledPromptBehavior: dismiss and notify, webauthn:extension:credBlob: true, webauthn:extension:largeBlob: true, webauthn:extension:minPinLength: true, webauthn:extension:prf: true, webauthn:virtualAuthenticators: true}
Element: [[ChromeDriver: chrome on windows (925235bb9a938c281f79962e7777d2af)] -> xpath: //mat-label[contains(text(), 'Darbo vietos pavadinimas')]]
Session ID: 925235bb9a938c281f79962e7777d2af
	at java.base/jdk.internal.reflect.DirectConstructorHandleAccessor.newInstance(DirectConstructorHandleAccessor.java:62)
	at java.base/java.lang.reflect.Constructor.newInstanceWithCaller(Constructor.java:502)
	at java.base/java.lang.reflect.Constructor.newInstance(Constructor.java:486)
	at org.openqa.selenium.remote.ErrorCodec.decode(ErrorCodec.java:167)
	at org.openqa.selenium.remote.codec.w3c.W3CHttpResponseCodec.decode(W3CHttpResponseCodec.java:138)
	at org.openqa.selenium.remote.codec.w3c.W3CHttpResponseCodec.decode(W3CHttpResponseCodec.java:50)
	at org.openqa.selenium.remote.HttpCommandExecutor.execute(HttpCommandExecutor.java:190)
	at org.openqa.selenium.remote.service.DriverCommandExecutor.invokeExecute(DriverCommandExecutor.java:216)
	at org.openqa.selenium.remote.service.DriverCommandExecutor.execute(DriverCommandExecutor.java:174)
	at org.openqa.selenium.remote.RemoteWebDriver.execute(RemoteWebDriver.java:545)
	at org.openqa.selenium.remote.RemoteWebElement.execute(RemoteWebElement.java:223)
	at org.openqa.selenium.remote.RemoteWebElement.click(RemoteWebElement.java:76)
	at java.base/jdk.internal.reflect.DirectMethodHandleAccessor.invoke(DirectMethodHandleAccessor.java:103)
	at java.base/java.lang.reflect.Method.invoke(Method.java:580)
	at org.openqa.selenium.support.pagefactory.internal.LocatingElementHandler.invoke(LocatingElementHandler.java:51)
	at jdk.proxy2/jdk.proxy2.$Proxy14.click(Unknown Source)
	at lt.insoft.uztis.pages.SubmittedApplicationsPage.selectDropdownJobName(SubmittedApplicationsPage.java:404)
	at lt.insoft.uztis.tests.SubmittedApplicationsPageTest.testFillNewApplication(SubmittedApplicationsPageTest.java:178)
	at java.base/jdk.internal.reflect.DirectMethodHandleAccessor.invoke(DirectMethodHandleAccessor.java:103)
	at java.base/java.lang.reflect.Method.invoke(Method.java:580)
	at org.junit.platform.commons.util.ReflectionUtils.invokeMethod(ReflectionUtils.java:728)
	at org.junit.jupiter.engine.execution.MethodInvocation.proceed(MethodInvocation.java:60)
	at org.junit.jupiter.engine.execution.InvocationInterceptorChain$ValidatingInvocation.proceed(InvocationInterceptorChain.java:131)
	at org.junit.jupiter.engine.extension.TimeoutExtension.intercept(TimeoutExtension.java:156)
	at org.junit.jupiter.engine.extension.TimeoutExtension.interceptTestableMethod(TimeoutExtension.java:147)
	at org.junit.jupiter.engine.extension.TimeoutExtension.interceptTestMethod(TimeoutExtension.java:86)
	at org.junit.jupiter.engine.execution.InterceptingExecutableInvoker$ReflectiveInterceptorCall.lambda$ofVoidMethod$0(InterceptingExecutableInvoker.java:103)
	at org.junit.jupiter.engine.execution.InterceptingExecutableInvoker.lambda$invoke$0(InterceptingExecutableInvoker.java:93)
	at org.junit.jupiter.engine.execution.InvocationInterceptorChain$InterceptedInvocation.proceed(InvocationInterceptorChain.java:106)
	at org.junit.jupiter.engine.execution.InvocationInterceptorChain.proceed(InvocationInterceptorChain.java:64)
	at org.junit.jupiter.engine.execution.InvocationInterceptorChain.chainAndInvoke(InvocationInterceptorChain.java:45)
	at org.junit.jupiter.engine.execution.InvocationInterceptorChain.invoke(InvocationInterceptorChain.java:37)
	at org.junit.jupiter.engine.execution.InterceptingExecutableInvoker.invoke(InterceptingExecutableInvoker.java:92)
	at org.junit.jupiter.engine.execution.InterceptingExecutableInvoker.invoke(InterceptingExecutableInvoker.java:86)
	at org.junit.jupiter.engine.descriptor.TestMethodTestDescriptor.lambda$invokeTestMethod$7(TestMethodTestDescriptor.java:218)
	at org.junit.platform.engine.support.hierarchical.ThrowableCollector.execute(ThrowableCollector.java:73)
	at org.junit.jupiter.engine.descriptor.TestMethodTestDescriptor.invokeTestMethod(TestMethodTestDescriptor.java:214)
	at org.junit.jupiter.engine.descriptor.TestMethodTestDescriptor.execute(TestMethodTestDescriptor.java:139)
	at org.junit.jupiter.engine.descriptor.TestMethodTestDescriptor.execute(TestMethodTestDescriptor.java:69)
	at org.junit.platform.engine.support.hierarchical.NodeTestTask.lambda$executeRecursively$6(NodeTestTask.java:151)
	at org.junit.platform.engine.support.hierarchical.ThrowableCollector.execute(ThrowableCollector.java:73)
	at org.junit.platform.engine.support.hierarchical.NodeTestTask.lambda$executeRecursively$8(NodeTestTask.java:141)
	at org.junit.platform.engine.support.hierarchical.Node.around(Node.java:137)
	at org.junit.platform.engine.support.hierarchical.NodeTestTask.lambda$executeRecursively$9(NodeTestTask.java:139)
	at org.junit.platform.engine.support.hierarchical.ThrowableCollector.execute(ThrowableCollector.java:73)
	at org.junit.platform.engine.support.hierarchical.NodeTestTask.executeRecursively(NodeTestTask.java:138)
	at org.junit.platform.engine.support.hierarchical.NodeTestTask.execute(NodeTestTask.java:95)
	at java.base/java.util.ArrayList.forEach(ArrayList.java:1596)
	at org.junit.platform.engine.support.hierarchical.SameThreadHierarchicalTestExecutorService.invokeAll(SameThreadHierarchicalTestExecutorService.java:41)
	at org.junit.platform.engine.support.hierarchical.NodeTestTask.lambda$executeRecursively$6(NodeTestTask.java:155)
	at org.junit.platform.engine.support.hierarchical.ThrowableCollector.execute(ThrowableCollector.java:73)
	at org.junit.platform.engine.support.hierarchical.NodeTestTask.lambda$executeRecursively$8(NodeTestTask.java:141)
	at org.junit.platform.engine.support.hierarchical.Node.around(Node.java:137)
	at org.junit.platform.engine.support.hierarchical.NodeTestTask.lambda$executeRecursively$9(NodeTestTask.java:139)
	at org.junit.platform.engine.support.hierarchical.ThrowableCollector.execute(ThrowableCollector.java:73)
	at org.junit.platform.engine.support.hierarchical.NodeTestTask.executeRecursively(NodeTestTask.java:138)
	at org.junit.platform.engine.support.hierarchical.NodeTestTask.execute(NodeTestTask.java:95)
	at java.base/java.util.ArrayList.forEach(ArrayList.java:1596)
	at org.junit.platform.engine.support.hierarchical.SameThreadHierarchicalTestExecutorService.invokeAll(SameThreadHierarchicalTestExecutorService.java:41)
	at org.junit.platform.engine.support.hierarchical.NodeTestTask.lambda$executeRecursively$6(NodeTestTask.java:155)
	at org.junit.platform.engine.support.hierarchical.ThrowableCollector.execute(ThrowableCollector.java:73)
	at org.junit.platform.engine.support.hierarchical.NodeTestTask.lambda$executeRecursively$8(NodeTestTask.java:141)
	at org.junit.platform.engine.support.hierarchical.Node.around(Node.java:137)
	at org.junit.platform.engine.support.hierarchical.NodeTestTask.lambda$executeRecursively$9(NodeTestTask.java:139)
	at org.junit.platform.engine.support.hierarchical.ThrowableCollector.execute(ThrowableCollector.java:73)
	at org.junit.platform.engine.support.hierarchical.NodeTestTask.executeRecursively(NodeTestTask.java:138)
	at org.junit.platform.engine.support.hierarchical.NodeTestTask.execute(NodeTestTask.java:95)
	at org.junit.platform.engine.support.hierarchical.SameThreadHierarchicalTestExecutorService.submit(SameThreadHierarchicalTestExecutorService.java:35)
	at org.junit.platform.engine.support.hierarchical.HierarchicalTestExecutor.execute(HierarchicalTestExecutor.java:57)
	at org.junit.platform.engine.support.hierarchical.HierarchicalTestEngine.execute(HierarchicalTestEngine.java:54)
	at org.junit.platform.launcher.core.EngineExecutionOrchestrator.execute(EngineExecutionOrchestrator.java:198)
	at org.junit.platform.launcher.core.EngineExecutionOrchestrator.execute(EngineExecutionOrchestrator.java:169)
	at org.junit.platform.launcher.core.EngineExecutionOrchestrator.execute(EngineExecutionOrchestrator.java:93)
	at org.junit.platform.launcher.core.EngineExecutionOrchestrator.lambda$execute$0(EngineExecutionOrchestrator.java:58)
	at org.junit.platform.launcher.core.EngineExecutionOrchestrator.withInterceptedStreams(EngineExecutionOrchestrator.java:141)
	at org.junit.platform.launcher.core.EngineExecutionOrchestrator.execute(EngineExecutionOrchestrator.java:57)
	at org.junit.platform.launcher.core.DefaultLauncher.execute(DefaultLauncher.java:103)
	at org.junit.platform.launcher.core.DefaultLauncher.execute(DefaultLauncher.java:85)
	at org.junit.platform.launcher.core.DelegatingLauncher.execute(DelegatingLauncher.java:47)
	at org.junit.platform.launcher.core.SessionPerRequestLauncher.execute(SessionPerRequestLauncher.java:63)
	at com.intellij.junit5.JUnit5IdeaTestRunner.startRunnerWithArgs(JUnit5IdeaTestRunner.java:57)
	at com.intellij.rt.junit.IdeaTestRunner$Repeater$1.execute(IdeaTestRunner.java:38)
	at com.intellij.rt.execution.junit.TestsRepeater.repeat(TestsRepeater.java:11)
	at com.intellij.rt.junit.IdeaTestRunner$Repeater.startRunnerWithArgs(IdeaTestRunner.java:35)
	at com.intellij.rt.junit.JUnitStarter.prepareStreamsAndStart(JUnitStarter.java:232)
	at com.intellij.rt.junit.JUnitStarter.main(JUnitStarter.java:55)
2025-02-04 08:27:12 [main] INFO  l.insoft.uztis.tests.utils.TestUtils - Screenshot moved to C:\Users\ingrida.zadorozniene\Desktop\Asm\UZTIS\UZTIS_tests\test-output\screenshots\20250204\082712924_testFillNewApplication().png
2025-02-04 08:27:26 [main] INFO  lt.insoft.uztis.tests.UztisPageTest - Navigated to https://uztisdev.asseco.lt/home
2025-02-04 08:27:26 [main] INFO  l.i.u.t.SubmittedApplicationsPageTest - Starting test:'testFillNewApplication'
2025-02-04 08:27:26 [main] DEBUG l.i.u.t.SubmittedApplicationsPageTest - User logged in with test credentials.
2025-02-04 08:27:27 [main] DEBUG l.i.u.t.SubmittedApplicationsPageTest - Opened 'Application Processing' menu.
2025-02-04 08:27:27 [main] DEBUG l.i.u.t.SubmittedApplicationsPageTest - Clicked on 'Application Forms' menu.
2025-02-04 08:27:27 [main] DEBUG l.i.u.t.SubmittedApplicationsPageTest - Retrieved last description code text: 'TST-VUI-27'.
2025-02-04 08:27:27 [main] DEBUG l.i.u.t.SubmittedApplicationsPageTest - Clicked on 'Invitation' menu.
2025-02-04 08:27:28 [main] DEBUG l.i.u.t.SubmittedApplicationsPageTest - Selected application section by code: 'TST-VUI-27'.
2025-02-04 08:27:28 [main] DEBUG l.i.u.t.SubmittedApplicationsPageTest - Clicked 'Search' button.
2025-02-04 08:27:28 [main] DEBUG l.i.u.t.SubmittedApplicationsPageTest - Retrieved invitation code: ''.
2025-02-04 08:27:29 [main] DEBUG l.i.u.t.SubmittedApplicationsPageTest - Clicked on 'Submitted Applications' menu.
2025-02-04 08:27:30 [main] DEBUG l.i.u.t.SubmittedApplicationsPageTest - Selected invitation by code: 'TST-VUI-27'.
2025-02-04 08:27:30 [main] DEBUG l.i.u.t.SubmittedApplicationsPageTest - Invitation code inserted.
2025-02-04 08:27:30 [main] DEBUG l.i.u.t.SubmittedApplicationsPageTest - Clicked on 'Action Application' button.
2025-02-04 08:27:30 [main] DEBUG l.i.u.t.SubmittedApplicationsPageTest - Clicked on 'New Application' button.
2025-02-04 08:27:30 [main] DEBUG l.i.u.t.SubmittedApplicationsPageTest - Selected the 'RadioButtonFA' option.
2025-02-04 08:27:31 [main] DEBUG l.i.u.t.SubmittedApplicationsPageTest - Entered phone number: '61298745'.
2025-02-04 08:27:31 [main] DEBUG l.i.u.t.SubmittedApplicationsPageTest - Entered email: 'test@autotest.com'.
2025-02-04 08:27:31 [main] INFO  l.i.u.p.SubmittedApplicationsPage - Located the dropdown button.
2025-02-04 08:27:51 [main] INFO  l.i.u.p.SubmittedApplicationsPage - Found 1741 options in the dropdown.
2025-02-04 08:27:51 [main] INFO  l.i.u.p.SubmittedApplicationsPage - Successfully selected the value: '01.11 - Grūdinių (išskyrus ryžius), ankštinių ir aliejingų sėklų augalų auginimas'
2025-02-04 08:28:02 [main] ERROR l.i.u.p.SubmittedApplicationsPage - Failed to close the dropdown with aria-expanded = 'false'. Attempting manual close.
2025-02-04 08:28:02 [main] INFO  l.i.u.p.SubmittedApplicationsPage - Manual close attempt for the dropdown using body click.
2025-02-04 08:28:02 [main] DEBUG l.i.u.t.SubmittedApplicationsPageTest - Selected EVRK value: '01.11 - Grūdinių (išskyrus ryžius), ankštinių ir aliejingų sėklų augalų auginimas'.
2025-02-04 08:28:02 [main] DEBUG l.i.u.t.SubmittedApplicationsPageTest - Entered address: 'Vilniaus m. sav., Vilnius, Testo g. 10T'.
2025-02-04 08:28:02 [main] DEBUG l.i.u.t.SubmittedApplicationsPageTest - Entered project date.
2025-02-04 08:28:03 [main] DEBUG l.i.u.t.SubmittedApplicationsPageTest - Entered job count: '1'.
2025-02-04 08:28:03 [main] DEBUG l.i.u.t.SubmittedApplicationsPageTest - Clicked 'Next' button.
2025-02-04 08:28:03 [main] INFO  l.i.u.p.SubmittedApplicationsPage - Located the dropdown button.
2025-02-04 08:28:04 [main] ERROR l.i.u.t.SubmittedApplicationsPageTest - Test 'testFillNewApplication' failed with error: element click intercepted: Element <mat-label>...</mat-label> is not clickable at point (1053, 155). Other element would receive the click: ...<span class="mat-mdc-select-placeholder mat-mdc-select-min-line ng-tns-c1073613477-34 ng-star-inserted"></span>
  (Session info: chrome=132.0.6834.160)
Build info: version: '4.27.0', revision: 'd6e718d134'
System info: os.name: 'Windows 11', os.arch: 'amd64', os.version: '10.0', java.version: '21.0.3'
Driver info: org.openqa.selenium.chrome.ChromeDriver
Command: [d8411d040eb0b710b91e120693f1ae9e, clickElement {id=f.981EE770B7DBDD64BF6ADD913BC28730.d.980A4D363A6C375F34907BDF9F827F5C.e.2060}]
Capabilities {acceptInsecureCerts: false, browserName: chrome, browserVersion: 132.0.6834.160, chrome: {chromedriverVersion: 132.0.6834.159 (2d77d3fc445..., userDataDir: C:\Users\INGRID~1.ZAD\AppDa...}, fedcm:accounts: true, goog:chromeOptions: {debuggerAddress: localhost:57714}, networkConnectionEnabled: false, pageLoadStrategy: normal, platformName: windows, proxy: Proxy(), se:cdp: ws://localhost:57714/devtoo..., se:cdpVersion: 132.0.6834.160, setWindowRect: true, strictFileInteractability: false, timeouts: {implicit: 0, pageLoad: 300000, script: 30000}, unhandledPromptBehavior: dismiss and notify, webauthn:extension:credBlob: true, webauthn:extension:largeBlob: true, webauthn:extension:minPinLength: true, webauthn:extension:prf: true, webauthn:virtualAuthenticators: true}
Element: [[ChromeDriver: chrome on windows (d8411d040eb0b710b91e120693f1ae9e)] -> xpath: //mat-label[contains(text(), 'Darbo vietos pavadinimas')]]
Session ID: d8411d040eb0b710b91e120693f1ae9e
org.openqa.selenium.ElementClickInterceptedException: element click intercepted: Element <mat-label>...</mat-label> is not clickable at point (1053, 155). Other element would receive the click: ...<span class="mat-mdc-select-placeholder mat-mdc-select-min-line ng-tns-c1073613477-34 ng-star-inserted"></span>
  (Session info: chrome=132.0.6834.160)
Build info: version: '4.27.0', revision: 'd6e718d134'
System info: os.name: 'Windows 11', os.arch: 'amd64', os.version: '10.0', java.version: '21.0.3'
Driver info: org.openqa.selenium.chrome.ChromeDriver
Command: [d8411d040eb0b710b91e120693f1ae9e, clickElement {id=f.981EE770B7DBDD64BF6ADD913BC28730.d.980A4D363A6C375F34907BDF9F827F5C.e.2060}]
Capabilities {acceptInsecureCerts: false, browserName: chrome, browserVersion: 132.0.6834.160, chrome: {chromedriverVersion: 132.0.6834.159 (2d77d3fc445..., userDataDir: C:\Users\INGRID~1.ZAD\AppDa...}, fedcm:accounts: true, goog:chromeOptions: {debuggerAddress: localhost:57714}, networkConnectionEnabled: false, pageLoadStrategy: normal, platformName: windows, proxy: Proxy(), se:cdp: ws://localhost:57714/devtoo..., se:cdpVersion: 132.0.6834.160, setWindowRect: true, strictFileInteractability: false, timeouts: {implicit: 0, pageLoad: 300000, script: 30000}, unhandledPromptBehavior: dismiss and notify, webauthn:extension:credBlob: true, webauthn:extension:largeBlob: true, webauthn:extension:minPinLength: true, webauthn:extension:prf: true, webauthn:virtualAuthenticators: true}
Element: [[ChromeDriver: chrome on windows (d8411d040eb0b710b91e120693f1ae9e)] -> xpath: //mat-label[contains(text(), 'Darbo vietos pavadinimas')]]
Session ID: d8411d040eb0b710b91e120693f1ae9e
	at java.base/jdk.internal.reflect.DirectConstructorHandleAccessor.newInstance(DirectConstructorHandleAccessor.java:62)
	at java.base/java.lang.reflect.Constructor.newInstanceWithCaller(Constructor.java:502)
	at java.base/java.lang.reflect.Constructor.newInstance(Constructor.java:486)
	at org.openqa.selenium.remote.ErrorCodec.decode(ErrorCodec.java:167)
	at org.openqa.selenium.remote.codec.w3c.W3CHttpResponseCodec.decode(W3CHttpResponseCodec.java:138)
	at org.openqa.selenium.remote.codec.w3c.W3CHttpResponseCodec.decode(W3CHttpResponseCodec.java:50)
	at org.openqa.selenium.remote.HttpCommandExecutor.execute(HttpCommandExecutor.java:190)
	at org.openqa.selenium.remote.service.DriverCommandExecutor.invokeExecute(DriverCommandExecutor.java:216)
	at org.openqa.selenium.remote.service.DriverCommandExecutor.execute(DriverCommandExecutor.java:174)
	at org.openqa.selenium.remote.RemoteWebDriver.execute(RemoteWebDriver.java:545)
	at org.openqa.selenium.remote.RemoteWebElement.execute(RemoteWebElement.java:223)
	at org.openqa.selenium.remote.RemoteWebElement.click(RemoteWebElement.java:76)
	at java.base/jdk.internal.reflect.DirectMethodHandleAccessor.invoke(DirectMethodHandleAccessor.java:103)
	at java.base/java.lang.reflect.Method.invoke(Method.java:580)
	at org.openqa.selenium.support.pagefactory.internal.LocatingElementHandler.invoke(LocatingElementHandler.java:51)
	at jdk.proxy2/jdk.proxy2.$Proxy14.click(Unknown Source)
	at lt.insoft.uztis.pages.SubmittedApplicationsPage.selectDropdownJobName(SubmittedApplicationsPage.java:404)
	at lt.insoft.uztis.tests.SubmittedApplicationsPageTest.testFillNewApplication(SubmittedApplicationsPageTest.java:178)
	at java.base/jdk.internal.reflect.DirectMethodHandleAccessor.invoke(DirectMethodHandleAccessor.java:103)
	at java.base/java.lang.reflect.Method.invoke(Method.java:580)
	at org.junit.platform.commons.util.ReflectionUtils.invokeMethod(ReflectionUtils.java:728)
	at org.junit.jupiter.engine.execution.MethodInvocation.proceed(MethodInvocation.java:60)
	at org.junit.jupiter.engine.execution.InvocationInterceptorChain$ValidatingInvocation.proceed(InvocationInterceptorChain.java:131)
	at org.junit.jupiter.engine.extension.TimeoutExtension.intercept(TimeoutExtension.java:156)
	at org.junit.jupiter.engine.extension.TimeoutExtension.interceptTestableMethod(TimeoutExtension.java:147)
	at org.junit.jupiter.engine.extension.TimeoutExtension.interceptTestMethod(TimeoutExtension.java:86)
	at org.junit.jupiter.engine.execution.InterceptingExecutableInvoker$ReflectiveInterceptorCall.lambda$ofVoidMethod$0(InterceptingExecutableInvoker.java:103)
	at org.junit.jupiter.engine.execution.InterceptingExecutableInvoker.lambda$invoke$0(InterceptingExecutableInvoker.java:93)
	at org.junit.jupiter.engine.execution.InvocationInterceptorChain$InterceptedInvocation.proceed(InvocationInterceptorChain.java:106)
	at org.junit.jupiter.engine.execution.InvocationInterceptorChain.proceed(InvocationInterceptorChain.java:64)
	at org.junit.jupiter.engine.execution.InvocationInterceptorChain.chainAndInvoke(InvocationInterceptorChain.java:45)
	at org.junit.jupiter.engine.execution.InvocationInterceptorChain.invoke(InvocationInterceptorChain.java:37)
	at org.junit.jupiter.engine.execution.InterceptingExecutableInvoker.invoke(InterceptingExecutableInvoker.java:92)
	at org.junit.jupiter.engine.execution.InterceptingExecutableInvoker.invoke(InterceptingExecutableInvoker.java:86)
	at org.junit.jupiter.engine.descriptor.TestMethodTestDescriptor.lambda$invokeTestMethod$7(TestMethodTestDescriptor.java:218)
	at org.junit.platform.engine.support.hierarchical.ThrowableCollector.execute(ThrowableCollector.java:73)
	at org.junit.jupiter.engine.descriptor.TestMethodTestDescriptor.invokeTestMethod(TestMethodTestDescriptor.java:214)
	at org.junit.jupiter.engine.descriptor.TestMethodTestDescriptor.execute(TestMethodTestDescriptor.java:139)
	at org.junit.jupiter.engine.descriptor.TestMethodTestDescriptor.execute(TestMethodTestDescriptor.java:69)
	at org.junit.platform.engine.support.hierarchical.NodeTestTask.lambda$executeRecursively$6(NodeTestTask.java:151)
	at org.junit.platform.engine.support.hierarchical.ThrowableCollector.execute(ThrowableCollector.java:73)
	at org.junit.platform.engine.support.hierarchical.NodeTestTask.lambda$executeRecursively$8(NodeTestTask.java:141)
	at org.junit.platform.engine.support.hierarchical.Node.around(Node.java:137)
	at org.junit.platform.engine.support.hierarchical.NodeTestTask.lambda$executeRecursively$9(NodeTestTask.java:139)
	at org.junit.platform.engine.support.hierarchical.ThrowableCollector.execute(ThrowableCollector.java:73)
	at org.junit.platform.engine.support.hierarchical.NodeTestTask.executeRecursively(NodeTestTask.java:138)
	at org.junit.platform.engine.support.hierarchical.NodeTestTask.execute(NodeTestTask.java:95)
	at java.base/java.util.ArrayList.forEach(ArrayList.java:1596)
	at org.junit.platform.engine.support.hierarchical.SameThreadHierarchicalTestExecutorService.invokeAll(SameThreadHierarchicalTestExecutorService.java:41)
	at org.junit.platform.engine.support.hierarchical.NodeTestTask.lambda$executeRecursively$6(NodeTestTask.java:155)
	at org.junit.platform.engine.support.hierarchical.ThrowableCollector.execute(ThrowableCollector.java:73)
	at org.junit.platform.engine.support.hierarchical.NodeTestTask.lambda$executeRecursively$8(NodeTestTask.java:141)
	at org.junit.platform.engine.support.hierarchical.Node.around(Node.java:137)
	at org.junit.platform.engine.support.hierarchical.NodeTestTask.lambda$executeRecursively$9(NodeTestTask.java:139)
	at org.junit.platform.engine.support.hierarchical.ThrowableCollector.execute(ThrowableCollector.java:73)
	at org.junit.platform.engine.support.hierarchical.NodeTestTask.executeRecursively(NodeTestTask.java:138)
	at org.junit.platform.engine.support.hierarchical.NodeTestTask.execute(NodeTestTask.java:95)
	at java.base/java.util.ArrayList.forEach(ArrayList.java:1596)
	at org.junit.platform.engine.support.hierarchical.SameThreadHierarchicalTestExecutorService.invokeAll(SameThreadHierarchicalTestExecutorService.java:41)
	at org.junit.platform.engine.support.hierarchical.NodeTestTask.lambda$executeRecursively$6(NodeTestTask.java:155)
	at org.junit.platform.engine.support.hierarchical.ThrowableCollector.execute(ThrowableCollector.java:73)
	at org.junit.platform.engine.support.hierarchical.NodeTestTask.lambda$executeRecursively$8(NodeTestTask.java:141)
	at org.junit.platform.engine.support.hierarchical.Node.around(Node.java:137)
	at org.junit.platform.engine.support.hierarchical.NodeTestTask.lambda$executeRecursively$9(NodeTestTask.java:139)
	at org.junit.platform.engine.support.hierarchical.ThrowableCollector.execute(ThrowableCollector.java:73)
	at org.junit.platform.engine.support.hierarchical.NodeTestTask.executeRecursively(NodeTestTask.java:138)
	at org.junit.platform.engine.support.hierarchical.NodeTestTask.execute(NodeTestTask.java:95)
	at org.junit.platform.engine.support.hierarchical.SameThreadHierarchicalTestExecutorService.submit(SameThreadHierarchicalTestExecutorService.java:35)
	at org.junit.platform.engine.support.hierarchical.HierarchicalTestExecutor.execute(HierarchicalTestExecutor.java:57)
	at org.junit.platform.engine.support.hierarchical.HierarchicalTestEngine.execute(HierarchicalTestEngine.java:54)
	at org.junit.platform.launcher.core.EngineExecutionOrchestrator.execute(EngineExecutionOrchestrator.java:198)
	at org.junit.platform.launcher.core.EngineExecutionOrchestrator.execute(EngineExecutionOrchestrator.java:169)
	at org.junit.platform.launcher.core.EngineExecutionOrchestrator.execute(EngineExecutionOrchestrator.java:93)
	at org.junit.platform.launcher.core.EngineExecutionOrchestrator.lambda$execute$0(EngineExecutionOrchestrator.java:58)
	at org.junit.platform.launcher.core.EngineExecutionOrchestrator.withInterceptedStreams(EngineExecutionOrchestrator.java:141)
	at org.junit.platform.launcher.core.EngineExecutionOrchestrator.execute(EngineExecutionOrchestrator.java:57)
	at org.junit.platform.launcher.core.DefaultLauncher.execute(DefaultLauncher.java:103)
	at org.junit.platform.launcher.core.DefaultLauncher.execute(DefaultLauncher.java:85)
	at org.junit.platform.launcher.core.DelegatingLauncher.execute(DelegatingLauncher.java:47)
	at org.junit.platform.launcher.core.SessionPerRequestLauncher.execute(SessionPerRequestLauncher.java:63)
	at com.intellij.junit5.JUnit5IdeaTestRunner.startRunnerWithArgs(JUnit5IdeaTestRunner.java:57)
	at com.intellij.rt.junit.IdeaTestRunner$Repeater$1.execute(IdeaTestRunner.java:38)
	at com.intellij.rt.execution.junit.TestsRepeater.repeat(TestsRepeater.java:11)
	at com.intellij.rt.junit.IdeaTestRunner$Repeater.startRunnerWithArgs(IdeaTestRunner.java:35)
	at com.intellij.rt.junit.JUnitStarter.prepareStreamsAndStart(JUnitStarter.java:232)
	at com.intellij.rt.junit.JUnitStarter.main(JUnitStarter.java:55)
2025-02-04 08:28:04 [main] INFO  l.insoft.uztis.tests.utils.TestUtils - Screenshot moved to C:\Users\ingrida.zadorozniene\Desktop\Asm\UZTIS\UZTIS_tests\test-output\screenshots\20250204\082804819_testFillNewApplication().png
2025-02-04 08:28:16 [main] INFO  lt.insoft.uztis.tests.UztisPageTest - Navigated to https://uztisdev.asseco.lt/home
2025-02-04 08:28:16 [main] INFO  l.i.u.t.SubmittedApplicationsPageTest - Starting test:'testFillNewApplication'
2025-02-04 08:28:16 [main] DEBUG l.i.u.t.SubmittedApplicationsPageTest - User logged in with test credentials.
2025-02-04 08:28:17 [main] DEBUG l.i.u.t.SubmittedApplicationsPageTest - Opened 'Application Processing' menu.
2025-02-04 08:28:17 [main] DEBUG l.i.u.t.SubmittedApplicationsPageTest - Clicked on 'Application Forms' menu.
2025-02-04 08:28:17 [main] DEBUG l.i.u.t.SubmittedApplicationsPageTest - Retrieved last description code text: 'TST-VUI-27'.
2025-02-04 08:28:17 [main] DEBUG l.i.u.t.SubmittedApplicationsPageTest - Clicked on 'Invitation' menu.
2025-02-04 08:28:18 [main] DEBUG l.i.u.t.SubmittedApplicationsPageTest - Selected application section by code: 'TST-VUI-27'.
2025-02-04 08:28:18 [main] DEBUG l.i.u.t.SubmittedApplicationsPageTest - Clicked 'Search' button.
2025-02-04 08:28:18 [main] DEBUG l.i.u.t.SubmittedApplicationsPageTest - Retrieved invitation code: ''.
2025-02-04 08:28:18 [main] DEBUG l.i.u.t.SubmittedApplicationsPageTest - Clicked on 'Submitted Applications' menu.
2025-02-04 08:28:19 [main] DEBUG l.i.u.t.SubmittedApplicationsPageTest - Selected invitation by code: 'TST-VUI-27'.
2025-02-04 08:28:19 [main] DEBUG l.i.u.t.SubmittedApplicationsPageTest - Invitation code inserted.
2025-02-04 08:28:19 [main] DEBUG l.i.u.t.SubmittedApplicationsPageTest - Clicked on 'Action Application' button.
2025-02-04 08:28:20 [main] DEBUG l.i.u.t.SubmittedApplicationsPageTest - Clicked on 'New Application' button.
2025-02-04 08:28:20 [main] DEBUG l.i.u.t.SubmittedApplicationsPageTest - Selected the 'RadioButtonFA' option.
2025-02-04 08:28:21 [main] DEBUG l.i.u.t.SubmittedApplicationsPageTest - Entered phone number: '61298745'.
2025-02-04 08:28:21 [main] DEBUG l.i.u.t.SubmittedApplicationsPageTest - Entered email: 'test@autotest.com'.
2025-02-04 08:28:21 [main] INFO  l.i.u.p.SubmittedApplicationsPage - Located the dropdown button.
2025-02-04 08:28:42 [main] INFO  l.i.u.p.SubmittedApplicationsPage - Found 1741 options in the dropdown.
2025-02-04 08:28:42 [main] INFO  l.i.u.p.SubmittedApplicationsPage - Successfully selected the value: '01.11 - Grūdinių (išskyrus ryžius), ankštinių ir aliejingų sėklų augalų auginimas'
2025-02-04 08:28:52 [main] ERROR l.i.u.p.SubmittedApplicationsPage - Failed to close the dropdown with aria-expanded = 'false'. Attempting manual close.
2025-02-04 08:28:52 [main] INFO  l.i.u.p.SubmittedApplicationsPage - Manual close attempt for the dropdown using body click.
2025-02-04 08:28:52 [main] DEBUG l.i.u.t.SubmittedApplicationsPageTest - Selected EVRK value: '01.11 - Grūdinių (išskyrus ryžius), ankštinių ir aliejingų sėklų augalų auginimas'.
2025-02-04 08:28:53 [main] DEBUG l.i.u.t.SubmittedApplicationsPageTest - Entered address: 'Vilniaus m. sav., Vilnius, Testo g. 10T'.
2025-02-04 08:28:53 [main] DEBUG l.i.u.t.SubmittedApplicationsPageTest - Entered project date.
2025-02-04 08:28:53 [main] DEBUG l.i.u.t.SubmittedApplicationsPageTest - Entered job count: '1'.
2025-02-04 08:28:53 [main] DEBUG l.i.u.t.SubmittedApplicationsPageTest - Clicked 'Next' button.
2025-02-04 08:28:53 [main] INFO  l.i.u.p.SubmittedApplicationsPage - Located the dropdown button.
2025-02-04 08:28:54 [main] INFO  l.i.u.p.SubmittedApplicationsPage - Successfully selected the value: 'Administratoriai'
2025-02-04 08:29:15 [main] ERROR l.i.u.p.SubmittedApplicationsPage - Timeout while waiting for dropdown to close with aria-expanded = 'false'.
2025-02-04 08:29:15 [main] DEBUG l.i.u.t.SubmittedApplicationsPageTest - Selected job name: 'Administratoriai'.
2025-02-04 08:29:15 [main] DEBUG l.i.u.t.SubmittedApplicationsPageTest - Entered job function: 'Funkcija 1'.
2025-02-04 08:29:15 [main] DEBUG l.i.u.t.SubmittedApplicationsPageTest - Selected 'RadioButtonWithDisabilities' option.
2025-02-04 08:29:15 [main] INFO  l.i.u.p.SubmittedApplicationsPage - Clicking on the dropdown button.
2025-02-04 08:29:15 [main] INFO  l.i.u.p.SubmittedApplicationsPage - Found 34 options in the dropdown.
2025-02-04 08:29:15 [main] DEBUG l.i.u.p.SubmittedApplicationsPage - Checking option: 'Asmenys, kuriems suteiktas pabėgėlio statusas ar perkeliamojo asmens statusas, arba asmenys, kuriems suteikta papildoma ar laikinoji apsauga, ir asmenys, turintys teisę gauti laikinąją apsaugą, iki sprendimo dėl laikinosios apsaugos suteikimo (nesuteikimo) priėmimo, tačiau ne ilgiau kaip laikinosios apsaugos laikotarpiu'
2025-02-04 08:29:15 [main] DEBUG l.i.u.p.SubmittedApplicationsPage - Checking option: 'Asmenys, kuriems suteiktas pabėgėlio statusas ar perkeliamojo asmens statusas, arba asmenys, kuriems suteikta papildoma ar laikinoji apsauga, ir asmenys, turintys teisę gauti laikinąją apsaugą, iki sprendimo dėl laikinosios apsaugos suteikimo (nesuteikimo) priėmimo, tačiau ne ilgiau kaip laikinosios apsaugos laikotarpiu'
2025-02-04 08:29:15 [main] DEBUG l.i.u.p.SubmittedApplicationsPage - Checking option: 'Asmenys, turintys teisę į papildomas užimtumo garantijas pagal Lietuvos Respublikos valstybės įmonės Ignalinos atominės elektrinės darbuotojų papildomų užimtumo ir socialinių garantijų įstatymą'
2025-02-04 08:29:15 [main] DEBUG l.i.u.p.SubmittedApplicationsPage - Checking option: 'Asmenys, turintys teisę į papildomas užimtumo garantijas pagal Lietuvos Respublikos valstybės įmonės Ignalinos atominės elektrinės darbuotojų papildomų užimtumo ir socialinių garantijų įstatymą'
2025-02-04 08:29:15 [main] DEBUG l.i.u.p.SubmittedApplicationsPage - Checking option: 'Bedarbiai iki 29 metų'
2025-02-04 08:29:15 [main] DEBUG l.i.u.p.SubmittedApplicationsPage - Checking option: 'Bedarbiai iki 29 metų'
2025-02-04 08:29:15 [main] DEBUG l.i.u.p.SubmittedApplicationsPage - Checking option: 'Bedarbiai, kurie yra darbingo amžiaus neįgalieji, kuriems nustatytas 30–40 procentų darbingumo lygis arba vidutinis neįgalumo lygis'
2025-02-04 08:29:16 [main] DEBUG l.i.u.p.SubmittedApplicationsPage - Checking option: 'Bedarbiai, kurie yra darbingo amžiaus neįgalieji, kuriems nustatytas 30–40 procentų darbingumo lygis arba vidutinis neįgalumo lygis'
2025-02-04 08:29:16 [main] DEBUG l.i.u.p.SubmittedApplicationsPage - Checking option: 'Bedarbiai, kurie yra darbingo amžiaus neįgalieji, kuriems nustatytas 45–55 procentų darbingumo lygis arba lengvas neįgalumo lygis'
2025-02-04 08:29:16 [main] DEBUG l.i.u.p.SubmittedApplicationsPage - Checking option: 'Bedarbiai, kurie yra darbingo amžiaus neįgalieji, kuriems nustatytas 45–55 procentų darbingumo lygis arba lengvas neįgalumo lygis'
2025-02-04 08:29:16 [main] DEBUG l.i.u.p.SubmittedApplicationsPage - Checking option: 'Bedarbiai, kurie yra darbingo amžiaus neįgalieji, kuriems nustatytas iki 25 procentų darbingumo lygis arba sunkus neįgalumo lygis'
2025-02-04 08:29:16 [main] INFO  l.i.u.p.SubmittedApplicationsPage - Successfully selected the value: 'Bedarbiai, kurie yra darbingo amžiaus neįgalieji, kuriems nustatytas iki 25 procentų darbingumo lygis arba sunkus neįgalumo lygis'
2025-02-04 08:29:16 [main] INFO  l.i.u.p.SubmittedApplicationsPage - Attempting to close the dropdown.
2025-02-04 08:29:26 [main] INFO  l.i.u.p.SubmittedApplicationsPage - Dropdown should be closed now.
2025-02-04 08:29:26 [main] DEBUG l.i.u.t.SubmittedApplicationsPageTest - Selected disabilities type: 'Bedarbiai, kurie yra darbingo amžiaus neįgalieji, kuriems nustatytas iki 25 procentų darbingumo lygis arba sunkus neįgalumo lygis'.
2025-02-04 08:29:26 [main] DEBUG l.i.u.t.SubmittedApplicationsPageTest - Entered disability information: 'Negalia 1'.
2025-02-04 08:29:26 [main] INFO  l.i.u.p.SubmittedApplicationsPage - Located the dropdown button.
2025-02-04 08:29:27 [main] INFO  l.i.u.p.SubmittedApplicationsPage - Successfully selected the value: 'Kita'
2025-02-04 08:29:37 [main] ERROR l.i.u.p.SubmittedApplicationsPage - Timeout while waiting for dropdown to close with aria-expanded = 'false'.
2025-02-04 08:29:37 [main] DEBUG l.i.u.t.SubmittedApplicationsPageTest - Selected time mode: 'Kita'.
2025-02-04 08:29:38 [main] DEBUG l.i.u.t.SubmittedApplicationsPageTest - Selected time mode other: '6 val. per dieną ir 4 d. per savaitę'.
2025-02-04 08:29:38 [main] DEBUG l.i.u.t.SubmittedApplicationsPageTest - Entered qualification: 'Kvalifikacija 1'.
2025-02-04 08:29:38 [main] DEBUG l.i.u.t.SubmittedApplicationsPageTest - Entered job date.
2025-02-04 08:29:38 [main] DEBUG l.i.u.t.SubmittedApplicationsPageTest - Entered salary amount: '1200'.
2025-02-04 08:29:38 [main] DEBUG l.i.u.t.SubmittedApplicationsPageTest - Selected 'Temporary Job' radio button.
2025-02-04 08:29:38 [main] DEBUG l.i.u.t.SubmittedApplicationsPageTest - Selected 'Season Job' radio button.
2025-02-04 08:29:38 [main] DEBUG l.i.u.t.SubmittedApplicationsPageTest - Selected 'Energy' radio button.
2025-02-04 08:29:39 [main] DEBUG l.i.u.t.SubmittedApplicationsPageTest - Selected 'Repair' radio button.
2025-02-04 08:29:39 [main] DEBUG l.i.u.t.SubmittedApplicationsPageTest - Entered job description: 'Veikla 1'.
2025-02-04 08:29:39 [main] DEBUG l.i.u.t.SubmittedApplicationsPageTest - Entered process description: 'Procesas 1'.
2025-02-04 08:29:39 [main] DEBUG l.i.u.t.SubmittedApplicationsPageTest - Entered energy information: 'Energija 1'.
2025-02-04 08:29:39 [main] DEBUG l.i.u.t.SubmittedApplicationsPageTest - Entered repair information: 'Remontas 1'.
2025-02-04 08:29:40 [main] DEBUG l.i.u.t.SubmittedApplicationsPageTest - Selected 'PVM' radio button.
2025-02-04 08:29:40 [main] INFO  l.i.u.p.SubmittedApplicationsPage - Located the dropdown button.
2025-02-04 08:29:40 [main] INFO  l.i.u.p.SubmittedApplicationsPage - Successfully selected the value: 'Įsigyti'
2025-02-04 08:30:00 [main] ERROR l.i.u.p.SubmittedApplicationsPage - Timeout while waiting for dropdown to close with aria-expanded = 'false'.
2025-02-04 08:30:00 [main] DEBUG l.i.u.t.SubmittedApplicationsPageTest - Selected necessary for job: 'Įsigyti'.
2025-02-04 08:30:00 [main] DEBUG l.i.u.t.SubmittedApplicationsPageTest - Selected tool: 'Darbo priemonė 1'.
2025-02-04 08:30:01 [main] DEBUG l.i.u.t.SubmittedApplicationsPageTest - Selected tool parameter one: 'Darbo priemonės 1 parametras 1'.
2025-02-04 08:30:01 [main] DEBUG l.i.u.t.SubmittedApplicationsPageTest - Selected tool parameter two: 'Darbo priemonės 1 parametras 2'.
2025-02-04 08:30:01 [main] DEBUG l.i.u.t.SubmittedApplicationsPageTest - Selected tool parameter three: 'Darbo priemonės 1 parametras 3'.
2025-02-04 08:30:01 [main] DEBUG l.i.u.t.SubmittedApplicationsPageTest - Entered tool count: '1'.
2025-02-04 08:30:02 [main] DEBUG l.i.u.t.SubmittedApplicationsPageTest - Entered price amount: '1000'.
2025-02-04 08:30:02 [main] DEBUG l.i.u.t.SubmittedApplicationsPageTest - Entered own funds amount: '800'.
2025-02-04 08:30:02 [main] DEBUG l.i.u.t.SubmittedApplicationsPageTest - Entered country percentage: '50'.
2025-02-04 08:30:02 [main] DEBUG l.i.u.t.SubmittedApplicationsPageTest - Entered institution percentage: '50'.
2025-02-04 08:30:02 [main] DEBUG l.i.u.t.SubmittedApplicationsPageTest - Entered municipality percentage: '50'.
2025-02-04 08:30:02 [main] DEBUG l.i.u.t.SubmittedApplicationsPageTest - Selected 'De Minimis' radio button.
2025-02-04 08:30:03 [main] DEBUG l.i.u.t.SubmittedApplicationsPageTest - Entered program name: 'Programa 1'.
2025-02-04 08:30:03 [main] DEBUG l.i.u.t.SubmittedApplicationsPageTest - Entered project date from.
2025-02-04 08:30:03 [main] DEBUG l.i.u.t.SubmittedApplicationsPageTest - Entered project date until.
2025-02-04 08:30:03 [main] DEBUG l.i.u.t.SubmittedApplicationsPageTest - Entered support amount: '2000'.
2025-02-04 08:30:03 [main] DEBUG l.i.u.t.SubmittedApplicationsPageTest - Clicked 'Next' button.
2025-02-04 08:30:03 [main] INFO  l.i.u.p.SubmittedApplicationsPage - 
2025-02-04 08:30:04 [main] INFO  l.i.u.p.SubmittedApplicationsPage - false
2025-02-04 08:30:14 [main] DEBUG l.i.u.t.SubmittedApplicationsPageTest - Checked 'Legal Entities' checkbox 1.
2025-02-04 08:30:14 [main] INFO  l.i.u.p.SubmittedApplicationsPage - 
2025-02-04 08:30:14 [main] INFO  l.i.u.p.SubmittedApplicationsPage - false
2025-02-04 08:30:24 [main] DEBUG l.i.u.t.SubmittedApplicationsPageTest - Checked 'Legal Entities' checkbox 2.
2025-02-04 08:30:24 [main] INFO  l.i.u.p.SubmittedApplicationsPage - 
2025-02-04 08:30:24 [main] INFO  l.i.u.p.SubmittedApplicationsPage - false
2025-02-04 08:30:35 [main] INFO  lt.insoft.uztis.tests.UztisPageTest - Navigated to https://uztisdev.asseco.lt/home
2025-02-04 08:30:35 [main] INFO  l.i.u.t.SubmittedApplicationsPageTest - Starting test:'testFillNewApplication'
2025-02-04 08:30:36 [main] DEBUG l.i.u.t.SubmittedApplicationsPageTest - User logged in with test credentials.
2025-02-04 08:30:36 [main] DEBUG l.i.u.t.SubmittedApplicationsPageTest - Opened 'Application Processing' menu.
2025-02-04 08:30:36 [main] DEBUG l.i.u.t.SubmittedApplicationsPageTest - Clicked on 'Application Forms' menu.
2025-02-04 08:30:37 [main] DEBUG l.i.u.t.SubmittedApplicationsPageTest - Retrieved last description code text: 'TST-VUI-27'.
2025-02-04 08:30:37 [main] DEBUG l.i.u.t.SubmittedApplicationsPageTest - Clicked on 'Invitation' menu.
2025-02-04 08:30:37 [main] ERROR l.insoft.uztis.pages.InvitationsPage - Failed to select value in dropdown: Option with text 'TST-VUI-27' not found in dropdown!
2025-02-04 08:30:37 [main] ERROR l.i.u.t.SubmittedApplicationsPageTest - Test 'testFillNewApplication' failed with error: Option with text 'TST-VUI-27' not found in dropdown!
java.lang.RuntimeException: Option with text 'TST-VUI-27' not found in dropdown!
	at lt.insoft.uztis.pages.InvitationsPage.lambda$selectValueFromApplication$1(InvitationsPage.java:225)
	at java.base/java.util.Optional.orElseThrow(Optional.java:403)
	at lt.insoft.uztis.pages.InvitationsPage.selectValueFromApplication(InvitationsPage.java:225)
	at lt.insoft.uztis.tests.SubmittedApplicationsPageTest.getAndInsertInvitationCodeText(SubmittedApplicationsPageTest.java:49)
	at lt.insoft.uztis.tests.SubmittedApplicationsPageTest.testFillNewApplication(SubmittedApplicationsPageTest.java:137)
	at java.base/jdk.internal.reflect.DirectMethodHandleAccessor.invoke(DirectMethodHandleAccessor.java:103)
	at java.base/java.lang.reflect.Method.invoke(Method.java:580)
	at org.junit.platform.commons.util.ReflectionUtils.invokeMethod(ReflectionUtils.java:728)
	at org.junit.jupiter.engine.execution.MethodInvocation.proceed(MethodInvocation.java:60)
	at org.junit.jupiter.engine.execution.InvocationInterceptorChain$ValidatingInvocation.proceed(InvocationInterceptorChain.java:131)
	at org.junit.jupiter.engine.extension.TimeoutExtension.intercept(TimeoutExtension.java:156)
	at org.junit.jupiter.engine.extension.TimeoutExtension.interceptTestableMethod(TimeoutExtension.java:147)
	at org.junit.jupiter.engine.extension.TimeoutExtension.interceptTestMethod(TimeoutExtension.java:86)
	at org.junit.jupiter.engine.execution.InterceptingExecutableInvoker$ReflectiveInterceptorCall.lambda$ofVoidMethod$0(InterceptingExecutableInvoker.java:103)
	at org.junit.jupiter.engine.execution.InterceptingExecutableInvoker.lambda$invoke$0(InterceptingExecutableInvoker.java:93)
	at org.junit.jupiter.engine.execution.InvocationInterceptorChain$InterceptedInvocation.proceed(InvocationInterceptorChain.java:106)
	at org.junit.jupiter.engine.execution.InvocationInterceptorChain.proceed(InvocationInterceptorChain.java:64)
	at org.junit.jupiter.engine.execution.InvocationInterceptorChain.chainAndInvoke(InvocationInterceptorChain.java:45)
	at org.junit.jupiter.engine.execution.InvocationInterceptorChain.invoke(InvocationInterceptorChain.java:37)
	at org.junit.jupiter.engine.execution.InterceptingExecutableInvoker.invoke(InterceptingExecutableInvoker.java:92)
	at org.junit.jupiter.engine.execution.InterceptingExecutableInvoker.invoke(InterceptingExecutableInvoker.java:86)
	at org.junit.jupiter.engine.descriptor.TestMethodTestDescriptor.lambda$invokeTestMethod$7(TestMethodTestDescriptor.java:218)
	at org.junit.platform.engine.support.hierarchical.ThrowableCollector.execute(ThrowableCollector.java:73)
	at org.junit.jupiter.engine.descriptor.TestMethodTestDescriptor.invokeTestMethod(TestMethodTestDescriptor.java:214)
	at org.junit.jupiter.engine.descriptor.TestMethodTestDescriptor.execute(TestMethodTestDescriptor.java:139)
	at org.junit.jupiter.engine.descriptor.TestMethodTestDescriptor.execute(TestMethodTestDescriptor.java:69)
	at org.junit.platform.engine.support.hierarchical.NodeTestTask.lambda$executeRecursively$6(NodeTestTask.java:151)
	at org.junit.platform.engine.support.hierarchical.ThrowableCollector.execute(ThrowableCollector.java:73)
	at org.junit.platform.engine.support.hierarchical.NodeTestTask.lambda$executeRecursively$8(NodeTestTask.java:141)
	at org.junit.platform.engine.support.hierarchical.Node.around(Node.java:137)
	at org.junit.platform.engine.support.hierarchical.NodeTestTask.lambda$executeRecursively$9(NodeTestTask.java:139)
	at org.junit.platform.engine.support.hierarchical.ThrowableCollector.execute(ThrowableCollector.java:73)
	at org.junit.platform.engine.support.hierarchical.NodeTestTask.executeRecursively(NodeTestTask.java:138)
	at org.junit.platform.engine.support.hierarchical.NodeTestTask.execute(NodeTestTask.java:95)
	at java.base/java.util.ArrayList.forEach(ArrayList.java:1596)
	at org.junit.platform.engine.support.hierarchical.SameThreadHierarchicalTestExecutorService.invokeAll(SameThreadHierarchicalTestExecutorService.java:41)
	at org.junit.platform.engine.support.hierarchical.NodeTestTask.lambda$executeRecursively$6(NodeTestTask.java:155)
	at org.junit.platform.engine.support.hierarchical.ThrowableCollector.execute(ThrowableCollector.java:73)
	at org.junit.platform.engine.support.hierarchical.NodeTestTask.lambda$executeRecursively$8(NodeTestTask.java:141)
	at org.junit.platform.engine.support.hierarchical.Node.around(Node.java:137)
	at org.junit.platform.engine.support.hierarchical.NodeTestTask.lambda$executeRecursively$9(NodeTestTask.java:139)
	at org.junit.platform.engine.support.hierarchical.ThrowableCollector.execute(ThrowableCollector.java:73)
	at org.junit.platform.engine.support.hierarchical.NodeTestTask.executeRecursively(NodeTestTask.java:138)
	at org.junit.platform.engine.support.hierarchical.NodeTestTask.execute(NodeTestTask.java:95)
	at java.base/java.util.ArrayList.forEach(ArrayList.java:1596)
	at org.junit.platform.engine.support.hierarchical.SameThreadHierarchicalTestExecutorService.invokeAll(SameThreadHierarchicalTestExecutorService.java:41)
	at org.junit.platform.engine.support.hierarchical.NodeTestTask.lambda$executeRecursively$6(NodeTestTask.java:155)
	at org.junit.platform.engine.support.hierarchical.ThrowableCollector.execute(ThrowableCollector.java:73)
	at org.junit.platform.engine.support.hierarchical.NodeTestTask.lambda$executeRecursively$8(NodeTestTask.java:141)
	at org.junit.platform.engine.support.hierarchical.Node.around(Node.java:137)
	at org.junit.platform.engine.support.hierarchical.NodeTestTask.lambda$executeRecursively$9(NodeTestTask.java:139)
	at org.junit.platform.engine.support.hierarchical.ThrowableCollector.execute(ThrowableCollector.java:73)
	at org.junit.platform.engine.support.hierarchical.NodeTestTask.executeRecursively(NodeTestTask.java:138)
	at org.junit.platform.engine.support.hierarchical.NodeTestTask.execute(NodeTestTask.java:95)
	at org.junit.platform.engine.support.hierarchical.SameThreadHierarchicalTestExecutorService.submit(SameThreadHierarchicalTestExecutorService.java:35)
	at org.junit.platform.engine.support.hierarchical.HierarchicalTestExecutor.execute(HierarchicalTestExecutor.java:57)
	at org.junit.platform.engine.support.hierarchical.HierarchicalTestEngine.execute(HierarchicalTestEngine.java:54)
	at org.junit.platform.launcher.core.EngineExecutionOrchestrator.execute(EngineExecutionOrchestrator.java:198)
	at org.junit.platform.launcher.core.EngineExecutionOrchestrator.execute(EngineExecutionOrchestrator.java:169)
	at org.junit.platform.launcher.core.EngineExecutionOrchestrator.execute(EngineExecutionOrchestrator.java:93)
	at org.junit.platform.launcher.core.EngineExecutionOrchestrator.lambda$execute$0(EngineExecutionOrchestrator.java:58)
	at org.junit.platform.launcher.core.EngineExecutionOrchestrator.withInterceptedStreams(EngineExecutionOrchestrator.java:141)
	at org.junit.platform.launcher.core.EngineExecutionOrchestrator.execute(EngineExecutionOrchestrator.java:57)
	at org.junit.platform.launcher.core.DefaultLauncher.execute(DefaultLauncher.java:103)
	at org.junit.platform.launcher.core.DefaultLauncher.execute(DefaultLauncher.java:85)
	at org.junit.platform.launcher.core.DelegatingLauncher.execute(DelegatingLauncher.java:47)
	at org.junit.platform.launcher.core.SessionPerRequestLauncher.execute(SessionPerRequestLauncher.java:63)
	at com.intellij.junit5.JUnit5IdeaTestRunner.startRunnerWithArgs(JUnit5IdeaTestRunner.java:57)
	at com.intellij.rt.junit.IdeaTestRunner$Repeater$1.execute(IdeaTestRunner.java:38)
	at com.intellij.rt.execution.junit.TestsRepeater.repeat(TestsRepeater.java:11)
	at com.intellij.rt.junit.IdeaTestRunner$Repeater.startRunnerWithArgs(IdeaTestRunner.java:35)
	at com.intellij.rt.junit.JUnitStarter.prepareStreamsAndStart(JUnitStarter.java:232)
	at com.intellij.rt.junit.JUnitStarter.main(JUnitStarter.java:55)
2025-02-04 08:30:37 [main] INFO  l.insoft.uztis.tests.utils.TestUtils - Screenshot moved to C:\Users\ingrida.zadorozniene\Desktop\Asm\UZTIS\UZTIS_tests\test-output\screenshots\20250204\083037753_testFillNewApplication().png
2025-02-04 08:30:55 [main] INFO  lt.insoft.uztis.tests.UztisPageTest - Navigated to https://uztisdev.asseco.lt/home
2025-02-04 08:30:55 [main] INFO  l.i.u.t.SubmittedApplicationsPageTest - Starting test:'testFillNewApplication'
2025-02-04 08:30:55 [main] DEBUG l.i.u.t.SubmittedApplicationsPageTest - User logged in with test credentials.
2025-02-04 08:30:56 [main] DEBUG l.i.u.t.SubmittedApplicationsPageTest - Opened 'Application Processing' menu.
2025-02-04 08:30:56 [main] DEBUG l.i.u.t.SubmittedApplicationsPageTest - Clicked on 'Application Forms' menu.
2025-02-04 08:30:56 [main] DEBUG l.i.u.t.SubmittedApplicationsPageTest - Retrieved last description code text: 'TST-VUI-27'.
2025-02-04 08:30:56 [main] DEBUG l.i.u.t.SubmittedApplicationsPageTest - Clicked on 'Invitation' menu.
2025-02-04 08:30:57 [main] DEBUG l.i.u.t.SubmittedApplicationsPageTest - Selected application section by code: 'TST-VUI-27'.
2025-02-04 08:30:57 [main] DEBUG l.i.u.t.SubmittedApplicationsPageTest - Clicked 'Search' button.
2025-02-04 08:30:57 [main] DEBUG l.i.u.t.SubmittedApplicationsPageTest - Retrieved invitation code: ''.
2025-02-04 08:30:57 [main] DEBUG l.i.u.t.SubmittedApplicationsPageTest - Clicked on 'Submitted Applications' menu.
2025-02-04 08:30:58 [main] DEBUG l.i.u.t.SubmittedApplicationsPageTest - Selected invitation by code: 'TST-VUI-27'.
2025-02-04 08:30:58 [main] DEBUG l.i.u.t.SubmittedApplicationsPageTest - Invitation code inserted.
2025-02-04 08:30:59 [main] DEBUG l.i.u.t.SubmittedApplicationsPageTest - Clicked on 'Action Application' button.
2025-02-04 08:30:59 [main] DEBUG l.i.u.t.SubmittedApplicationsPageTest - Clicked on 'New Application' button.
2025-02-04 08:30:59 [main] DEBUG l.i.u.t.SubmittedApplicationsPageTest - Selected the 'RadioButtonFA' option.
2025-02-04 08:30:59 [main] DEBUG l.i.u.t.SubmittedApplicationsPageTest - Entered phone number: '61298745'.
2025-02-04 08:31:00 [main] DEBUG l.i.u.t.SubmittedApplicationsPageTest - Entered email: 'test@autotest.com'.
2025-02-04 08:31:00 [main] INFO  l.i.u.p.SubmittedApplicationsPage - Located the dropdown button.
2025-02-04 08:31:17 [main] INFO  l.i.u.p.SubmittedApplicationsPage - Found 1741 options in the dropdown.
2025-02-04 08:31:17 [main] INFO  l.i.u.p.SubmittedApplicationsPage - Successfully selected the value: '01.11 - Grūdinių (išskyrus ryžius), ankštinių ir aliejingų sėklų augalų auginimas'
2025-02-04 08:31:28 [main] ERROR l.i.u.p.SubmittedApplicationsPage - Failed to close the dropdown with aria-expanded = 'false'. Attempting manual close.
2025-02-04 08:31:28 [main] INFO  l.i.u.p.SubmittedApplicationsPage - Manual close attempt for the dropdown using body click.
2025-02-04 08:31:28 [main] DEBUG l.i.u.t.SubmittedApplicationsPageTest - Selected EVRK value: '01.11 - Grūdinių (išskyrus ryžius), ankštinių ir aliejingų sėklų augalų auginimas'.
2025-02-04 08:31:28 [main] DEBUG l.i.u.t.SubmittedApplicationsPageTest - Entered address: 'Vilniaus m. sav., Vilnius, Testo g. 10T'.
2025-02-04 08:31:29 [main] DEBUG l.i.u.t.SubmittedApplicationsPageTest - Entered project date.
2025-02-04 08:31:29 [main] DEBUG l.i.u.t.SubmittedApplicationsPageTest - Entered job count: '1'.
2025-02-04 08:31:29 [main] DEBUG l.i.u.t.SubmittedApplicationsPageTest - Clicked 'Next' button.
2025-02-04 08:31:29 [main] INFO  l.i.u.p.SubmittedApplicationsPage - Located the dropdown button.
2025-02-04 08:31:30 [main] ERROR l.i.u.t.SubmittedApplicationsPageTest - Test 'testFillNewApplication' failed with error: element click intercepted: Element <mat-label>...</mat-label> is not clickable at point (1051, 179). Other element would receive the click: ...<span class="mat-mdc-select-placeholder mat-mdc-select-min-line ng-tns-c1073613477-34 ng-star-inserted"></span>
  (Session info: chrome=132.0.6834.160)
Build info: version: '4.27.0', revision: 'd6e718d134'
System info: os.name: 'Windows 11', os.arch: 'amd64', os.version: '10.0', java.version: '21.0.3'
Driver info: org.openqa.selenium.chrome.ChromeDriver
Command: [a7a6f92452abcbbbc4490f8879f19438, clickElement {id=f.2B639731A1F4E38DB9704446C81D9299.d.D1E1F1CBB3DD54407C7F94AC0BBD5151.e.2080}]
Capabilities {acceptInsecureCerts: false, browserName: chrome, browserVersion: 132.0.6834.160, chrome: {chromedriverVersion: 132.0.6834.159 (2d77d3fc445..., userDataDir: C:\Users\INGRID~1.ZAD\AppDa...}, fedcm:accounts: true, goog:chromeOptions: {debuggerAddress: localhost:57878}, networkConnectionEnabled: false, pageLoadStrategy: normal, platformName: windows, proxy: Proxy(), se:cdp: ws://localhost:57878/devtoo..., se:cdpVersion: 132.0.6834.160, setWindowRect: true, strictFileInteractability: false, timeouts: {implicit: 0, pageLoad: 300000, script: 30000}, unhandledPromptBehavior: dismiss and notify, webauthn:extension:credBlob: true, webauthn:extension:largeBlob: true, webauthn:extension:minPinLength: true, webauthn:extension:prf: true, webauthn:virtualAuthenticators: true}
Element: [[ChromeDriver: chrome on windows (a7a6f92452abcbbbc4490f8879f19438)] -> xpath: //mat-label[contains(text(), 'Darbo vietos pavadinimas')]]
Session ID: a7a6f92452abcbbbc4490f8879f19438
org.openqa.selenium.ElementClickInterceptedException: element click intercepted: Element <mat-label>...</mat-label> is not clickable at point (1051, 179). Other element would receive the click: ...<span class="mat-mdc-select-placeholder mat-mdc-select-min-line ng-tns-c1073613477-34 ng-star-inserted"></span>
  (Session info: chrome=132.0.6834.160)
Build info: version: '4.27.0', revision: 'd6e718d134'
System info: os.name: 'Windows 11', os.arch: 'amd64', os.version: '10.0', java.version: '21.0.3'
Driver info: org.openqa.selenium.chrome.ChromeDriver
Command: [a7a6f92452abcbbbc4490f8879f19438, clickElement {id=f.2B639731A1F4E38DB9704446C81D9299.d.D1E1F1CBB3DD54407C7F94AC0BBD5151.e.2080}]
Capabilities {acceptInsecureCerts: false, browserName: chrome, browserVersion: 132.0.6834.160, chrome: {chromedriverVersion: 132.0.6834.159 (2d77d3fc445..., userDataDir: C:\Users\INGRID~1.ZAD\AppDa...}, fedcm:accounts: true, goog:chromeOptions: {debuggerAddress: localhost:57878}, networkConnectionEnabled: false, pageLoadStrategy: normal, platformName: windows, proxy: Proxy(), se:cdp: ws://localhost:57878/devtoo..., se:cdpVersion: 132.0.6834.160, setWindowRect: true, strictFileInteractability: false, timeouts: {implicit: 0, pageLoad: 300000, script: 30000}, unhandledPromptBehavior: dismiss and notify, webauthn:extension:credBlob: true, webauthn:extension:largeBlob: true, webauthn:extension:minPinLength: true, webauthn:extension:prf: true, webauthn:virtualAuthenticators: true}
Element: [[ChromeDriver: chrome on windows (a7a6f92452abcbbbc4490f8879f19438)] -> xpath: //mat-label[contains(text(), 'Darbo vietos pavadinimas')]]
Session ID: a7a6f92452abcbbbc4490f8879f19438
	at java.base/jdk.internal.reflect.DirectConstructorHandleAccessor.newInstance(DirectConstructorHandleAccessor.java:62)
	at java.base/java.lang.reflect.Constructor.newInstanceWithCaller(Constructor.java:502)
	at java.base/java.lang.reflect.Constructor.newInstance(Constructor.java:486)
	at org.openqa.selenium.remote.ErrorCodec.decode(ErrorCodec.java:167)
	at org.openqa.selenium.remote.codec.w3c.W3CHttpResponseCodec.decode(W3CHttpResponseCodec.java:138)
	at org.openqa.selenium.remote.codec.w3c.W3CHttpResponseCodec.decode(W3CHttpResponseCodec.java:50)
	at org.openqa.selenium.remote.HttpCommandExecutor.execute(HttpCommandExecutor.java:190)
	at org.openqa.selenium.remote.service.DriverCommandExecutor.invokeExecute(DriverCommandExecutor.java:216)
	at org.openqa.selenium.remote.service.DriverCommandExecutor.execute(DriverCommandExecutor.java:174)
	at org.openqa.selenium.remote.RemoteWebDriver.execute(RemoteWebDriver.java:545)
	at org.openqa.selenium.remote.RemoteWebElement.execute(RemoteWebElement.java:223)
	at org.openqa.selenium.remote.RemoteWebElement.click(RemoteWebElement.java:76)
	at java.base/jdk.internal.reflect.DirectMethodHandleAccessor.invoke(DirectMethodHandleAccessor.java:103)
	at java.base/java.lang.reflect.Method.invoke(Method.java:580)
	at org.openqa.selenium.support.pagefactory.internal.LocatingElementHandler.invoke(LocatingElementHandler.java:51)
	at jdk.proxy2/jdk.proxy2.$Proxy14.click(Unknown Source)
	at lt.insoft.uztis.pages.SubmittedApplicationsPage.selectDropdownJobName(SubmittedApplicationsPage.java:404)
	at lt.insoft.uztis.tests.SubmittedApplicationsPageTest.testFillNewApplication(SubmittedApplicationsPageTest.java:178)
	at java.base/jdk.internal.reflect.DirectMethodHandleAccessor.invoke(DirectMethodHandleAccessor.java:103)
	at java.base/java.lang.reflect.Method.invoke(Method.java:580)
	at org.junit.platform.commons.util.ReflectionUtils.invokeMethod(ReflectionUtils.java:728)
	at org.junit.jupiter.engine.execution.MethodInvocation.proceed(MethodInvocation.java:60)
	at org.junit.jupiter.engine.execution.InvocationInterceptorChain$ValidatingInvocation.proceed(InvocationInterceptorChain.java:131)
	at org.junit.jupiter.engine.extension.TimeoutExtension.intercept(TimeoutExtension.java:156)
	at org.junit.jupiter.engine.extension.TimeoutExtension.interceptTestableMethod(TimeoutExtension.java:147)
	at org.junit.jupiter.engine.extension.TimeoutExtension.interceptTestMethod(TimeoutExtension.java:86)
	at org.junit.jupiter.engine.execution.InterceptingExecutableInvoker$ReflectiveInterceptorCall.lambda$ofVoidMethod$0(InterceptingExecutableInvoker.java:103)
	at org.junit.jupiter.engine.execution.InterceptingExecutableInvoker.lambda$invoke$0(InterceptingExecutableInvoker.java:93)
	at org.junit.jupiter.engine.execution.InvocationInterceptorChain$InterceptedInvocation.proceed(InvocationInterceptorChain.java:106)
	at org.junit.jupiter.engine.execution.InvocationInterceptorChain.proceed(InvocationInterceptorChain.java:64)
	at org.junit.jupiter.engine.execution.InvocationInterceptorChain.chainAndInvoke(InvocationInterceptorChain.java:45)
	at org.junit.jupiter.engine.execution.InvocationInterceptorChain.invoke(InvocationInterceptorChain.java:37)
	at org.junit.jupiter.engine.execution.InterceptingExecutableInvoker.invoke(InterceptingExecutableInvoker.java:92)
	at org.junit.jupiter.engine.execution.InterceptingExecutableInvoker.invoke(InterceptingExecutableInvoker.java:86)
	at org.junit.jupiter.engine.descriptor.TestMethodTestDescriptor.lambda$invokeTestMethod$7(TestMethodTestDescriptor.java:218)
	at org.junit.platform.engine.support.hierarchical.ThrowableCollector.execute(ThrowableCollector.java:73)
	at org.junit.jupiter.engine.descriptor.TestMethodTestDescriptor.invokeTestMethod(TestMethodTestDescriptor.java:214)
	at org.junit.jupiter.engine.descriptor.TestMethodTestDescriptor.execute(TestMethodTestDescriptor.java:139)
	at org.junit.jupiter.engine.descriptor.TestMethodTestDescriptor.execute(TestMethodTestDescriptor.java:69)
	at org.junit.platform.engine.support.hierarchical.NodeTestTask.lambda$executeRecursively$6(NodeTestTask.java:151)
	at org.junit.platform.engine.support.hierarchical.ThrowableCollector.execute(ThrowableCollector.java:73)
	at org.junit.platform.engine.support.hierarchical.NodeTestTask.lambda$executeRecursively$8(NodeTestTask.java:141)
	at org.junit.platform.engine.support.hierarchical.Node.around(Node.java:137)
	at org.junit.platform.engine.support.hierarchical.NodeTestTask.lambda$executeRecursively$9(NodeTestTask.java:139)
	at org.junit.platform.engine.support.hierarchical.ThrowableCollector.execute(ThrowableCollector.java:73)
	at org.junit.platform.engine.support.hierarchical.NodeTestTask.executeRecursively(NodeTestTask.java:138)
	at org.junit.platform.engine.support.hierarchical.NodeTestTask.execute(NodeTestTask.java:95)
	at java.base/java.util.ArrayList.forEach(ArrayList.java:1596)
	at org.junit.platform.engine.support.hierarchical.SameThreadHierarchicalTestExecutorService.invokeAll(SameThreadHierarchicalTestExecutorService.java:41)
	at org.junit.platform.engine.support.hierarchical.NodeTestTask.lambda$executeRecursively$6(NodeTestTask.java:155)
	at org.junit.platform.engine.support.hierarchical.ThrowableCollector.execute(ThrowableCollector.java:73)
	at org.junit.platform.engine.support.hierarchical.NodeTestTask.lambda$executeRecursively$8(NodeTestTask.java:141)
	at org.junit.platform.engine.support.hierarchical.Node.around(Node.java:137)
	at org.junit.platform.engine.support.hierarchical.NodeTestTask.lambda$executeRecursively$9(NodeTestTask.java:139)
	at org.junit.platform.engine.support.hierarchical.ThrowableCollector.execute(ThrowableCollector.java:73)
	at org.junit.platform.engine.support.hierarchical.NodeTestTask.executeRecursively(NodeTestTask.java:138)
	at org.junit.platform.engine.support.hierarchical.NodeTestTask.execute(NodeTestTask.java:95)
	at java.base/java.util.ArrayList.forEach(ArrayList.java:1596)
	at org.junit.platform.engine.support.hierarchical.SameThreadHierarchicalTestExecutorService.invokeAll(SameThreadHierarchicalTestExecutorService.java:41)
	at org.junit.platform.engine.support.hierarchical.NodeTestTask.lambda$executeRecursively$6(NodeTestTask.java:155)
	at org.junit.platform.engine.support.hierarchical.ThrowableCollector.execute(ThrowableCollector.java:73)
	at org.junit.platform.engine.support.hierarchical.NodeTestTask.lambda$executeRecursively$8(NodeTestTask.java:141)
	at org.junit.platform.engine.support.hierarchical.Node.around(Node.java:137)
	at org.junit.platform.engine.support.hierarchical.NodeTestTask.lambda$executeRecursively$9(NodeTestTask.java:139)
	at org.junit.platform.engine.support.hierarchical.ThrowableCollector.execute(ThrowableCollector.java:73)
	at org.junit.platform.engine.support.hierarchical.NodeTestTask.executeRecursively(NodeTestTask.java:138)
	at org.junit.platform.engine.support.hierarchical.NodeTestTask.execute(NodeTestTask.java:95)
	at org.junit.platform.engine.support.hierarchical.SameThreadHierarchicalTestExecutorService.submit(SameThreadHierarchicalTestExecutorService.java:35)
	at org.junit.platform.engine.support.hierarchical.HierarchicalTestExecutor.execute(HierarchicalTestExecutor.java:57)
	at org.junit.platform.engine.support.hierarchical.HierarchicalTestEngine.execute(HierarchicalTestEngine.java:54)
	at org.junit.platform.launcher.core.EngineExecutionOrchestrator.execute(EngineExecutionOrchestrator.java:198)
	at org.junit.platform.launcher.core.EngineExecutionOrchestrator.execute(EngineExecutionOrchestrator.java:169)
	at org.junit.platform.launcher.core.EngineExecutionOrchestrator.execute(EngineExecutionOrchestrator.java:93)
	at org.junit.platform.launcher.core.EngineExecutionOrchestrator.lambda$execute$0(EngineExecutionOrchestrator.java:58)
	at org.junit.platform.launcher.core.EngineExecutionOrchestrator.withInterceptedStreams(EngineExecutionOrchestrator.java:141)
	at org.junit.platform.launcher.core.EngineExecutionOrchestrator.execute(EngineExecutionOrchestrator.java:57)
	at org.junit.platform.launcher.core.DefaultLauncher.execute(DefaultLauncher.java:103)
	at org.junit.platform.launcher.core.DefaultLauncher.execute(DefaultLauncher.java:85)
	at org.junit.platform.launcher.core.DelegatingLauncher.execute(DelegatingLauncher.java:47)
	at org.junit.platform.launcher.core.SessionPerRequestLauncher.execute(SessionPerRequestLauncher.java:63)
	at com.intellij.junit5.JUnit5IdeaTestRunner.startRunnerWithArgs(JUnit5IdeaTestRunner.java:57)
	at com.intellij.rt.junit.IdeaTestRunner$Repeater$1.execute(IdeaTestRunner.java:38)
	at com.intellij.rt.execution.junit.TestsRepeater.repeat(TestsRepeater.java:11)
	at com.intellij.rt.junit.IdeaTestRunner$Repeater.startRunnerWithArgs(IdeaTestRunner.java:35)
	at com.intellij.rt.junit.JUnitStarter.prepareStreamsAndStart(JUnitStarter.java:232)
	at com.intellij.rt.junit.JUnitStarter.main(JUnitStarter.java:55)
2025-02-04 08:31:30 [main] INFO  l.insoft.uztis.tests.utils.TestUtils - Screenshot moved to C:\Users\ingrida.zadorozniene\Desktop\Asm\UZTIS\UZTIS_tests\test-output\screenshots\20250204\083130991_testFillNewApplication().png
2025-02-04 08:33:01 [main] INFO  lt.insoft.uztis.tests.UztisPageTest - Navigated to https://uztisdev.asseco.lt/home
2025-02-04 08:33:01 [main] INFO  l.i.u.t.SubmittedApplicationsPageTest - Starting test:'testFillNewApplication'
2025-02-04 08:33:01 [main] DEBUG l.i.u.t.SubmittedApplicationsPageTest - User logged in with test credentials.
2025-02-04 08:33:02 [main] DEBUG l.i.u.t.SubmittedApplicationsPageTest - Opened 'Application Processing' menu.
2025-02-04 08:33:02 [main] DEBUG l.i.u.t.SubmittedApplicationsPageTest - Clicked on 'Application Forms' menu.
2025-02-04 08:33:02 [main] DEBUG l.i.u.t.SubmittedApplicationsPageTest - Retrieved last description code text: 'TST-VUI-27'.
2025-02-04 08:33:02 [main] DEBUG l.i.u.t.SubmittedApplicationsPageTest - Clicked on 'Invitation' menu.
2025-02-04 08:33:03 [main] DEBUG l.i.u.t.SubmittedApplicationsPageTest - Selected application section by code: 'TST-VUI-27'.
2025-02-04 08:33:03 [main] DEBUG l.i.u.t.SubmittedApplicationsPageTest - Clicked 'Search' button.
2025-02-04 08:33:03 [main] DEBUG l.i.u.t.SubmittedApplicationsPageTest - Retrieved invitation code: ''.
2025-02-04 08:33:03 [main] DEBUG l.i.u.t.SubmittedApplicationsPageTest - Clicked on 'Submitted Applications' menu.
2025-02-04 08:33:04 [main] DEBUG l.i.u.t.SubmittedApplicationsPageTest - Selected invitation by code: 'TST-VUI-27'.
2025-02-04 08:33:04 [main] DEBUG l.i.u.t.SubmittedApplicationsPageTest - Invitation code inserted.
2025-02-04 08:33:05 [main] DEBUG l.i.u.t.SubmittedApplicationsPageTest - Clicked on 'Action Application' button.
2025-02-04 08:33:05 [main] DEBUG l.i.u.t.SubmittedApplicationsPageTest - Clicked on 'New Application' button.
2025-02-04 08:33:05 [main] DEBUG l.i.u.t.SubmittedApplicationsPageTest - Selected the 'RadioButtonFA' option.
2025-02-04 08:33:05 [main] DEBUG l.i.u.t.SubmittedApplicationsPageTest - Entered phone number: '61298745'.
2025-02-04 08:33:06 [main] DEBUG l.i.u.t.SubmittedApplicationsPageTest - Entered email: 'test@autotest.com'.
2025-02-04 08:33:06 [main] INFO  l.i.u.p.SubmittedApplicationsPage - Located the dropdown button.
2025-02-04 08:33:27 [main] INFO  l.i.u.p.SubmittedApplicationsPage - Found 1741 options in the dropdown.
2025-02-04 08:33:27 [main] INFO  l.i.u.p.SubmittedApplicationsPage - Successfully selected the value: '01.11 - Grūdinių (išskyrus ryžius), ankštinių ir aliejingų sėklų augalų auginimas'
2025-02-04 08:33:37 [main] ERROR l.i.u.p.SubmittedApplicationsPage - Failed to close the dropdown with aria-expanded = 'false'. Attempting manual close.
2025-02-04 08:33:38 [main] INFO  l.i.u.p.SubmittedApplicationsPage - Manual close attempt for the dropdown using body click.
2025-02-04 08:33:38 [main] DEBUG l.i.u.t.SubmittedApplicationsPageTest - Selected EVRK value: '01.11 - Grūdinių (išskyrus ryžius), ankštinių ir aliejingų sėklų augalų auginimas'.
2025-02-04 08:33:38 [main] DEBUG l.i.u.t.SubmittedApplicationsPageTest - Entered address: 'Vilniaus m. sav., Vilnius, Testo g. 10T'.
2025-02-04 08:33:38 [main] DEBUG l.i.u.t.SubmittedApplicationsPageTest - Entered project date.
2025-02-04 08:33:38 [main] DEBUG l.i.u.t.SubmittedApplicationsPageTest - Entered job count: '1'.
2025-02-04 08:33:39 [main] DEBUG l.i.u.t.SubmittedApplicationsPageTest - Clicked 'Next' button.
2025-02-04 08:33:39 [main] INFO  l.i.u.p.SubmittedApplicationsPage - Located the dropdown button.
2025-02-04 08:33:40 [main] INFO  l.i.u.p.SubmittedApplicationsPage - Successfully selected the value: 'Administratoriai'
2025-02-04 08:34:00 [main] ERROR l.i.u.p.SubmittedApplicationsPage - Timeout while waiting for dropdown to close with aria-expanded = 'false'.
2025-02-04 08:34:00 [main] DEBUG l.i.u.t.SubmittedApplicationsPageTest - Selected job name: 'Administratoriai'.
2025-02-04 08:34:01 [main] DEBUG l.i.u.t.SubmittedApplicationsPageTest - Entered job function: 'Funkcija 1'.
2025-02-04 08:34:01 [main] DEBUG l.i.u.t.SubmittedApplicationsPageTest - Selected 'RadioButtonWithDisabilities' option.
2025-02-04 08:34:01 [main] INFO  l.i.u.p.SubmittedApplicationsPage - Clicking on the dropdown button.
2025-02-04 08:34:01 [main] INFO  l.i.u.p.SubmittedApplicationsPage - Found 34 options in the dropdown.
2025-02-04 08:34:01 [main] DEBUG l.i.u.p.SubmittedApplicationsPage - Checking option: 'Asmenys, kuriems suteiktas pabėgėlio statusas ar perkeliamojo asmens statusas, arba asmenys, kuriems suteikta papildoma ar laikinoji apsauga, ir asmenys, turintys teisę gauti laikinąją apsaugą, iki sprendimo dėl laikinosios apsaugos suteikimo (nesuteikimo) priėmimo, tačiau ne ilgiau kaip laikinosios apsaugos laikotarpiu'
2025-02-04 08:34:01 [main] DEBUG l.i.u.p.SubmittedApplicationsPage - Checking option: 'Asmenys, kuriems suteiktas pabėgėlio statusas ar perkeliamojo asmens statusas, arba asmenys, kuriems suteikta papildoma ar laikinoji apsauga, ir asmenys, turintys teisę gauti laikinąją apsaugą, iki sprendimo dėl laikinosios apsaugos suteikimo (nesuteikimo) priėmimo, tačiau ne ilgiau kaip laikinosios apsaugos laikotarpiu'
2025-02-04 08:34:01 [main] DEBUG l.i.u.p.SubmittedApplicationsPage - Checking option: 'Asmenys, turintys teisę į papildomas užimtumo garantijas pagal Lietuvos Respublikos valstybės įmonės Ignalinos atominės elektrinės darbuotojų papildomų užimtumo ir socialinių garantijų įstatymą'
2025-02-04 08:34:01 [main] DEBUG l.i.u.p.SubmittedApplicationsPage - Checking option: 'Asmenys, turintys teisę į papildomas užimtumo garantijas pagal Lietuvos Respublikos valstybės įmonės Ignalinos atominės elektrinės darbuotojų papildomų užimtumo ir socialinių garantijų įstatymą'
2025-02-04 08:34:01 [main] DEBUG l.i.u.p.SubmittedApplicationsPage - Checking option: 'Bedarbiai iki 29 metų'
2025-02-04 08:34:01 [main] DEBUG l.i.u.p.SubmittedApplicationsPage - Checking option: 'Bedarbiai iki 29 metų'
2025-02-04 08:34:01 [main] DEBUG l.i.u.p.SubmittedApplicationsPage - Checking option: 'Bedarbiai, kurie yra darbingo amžiaus neįgalieji, kuriems nustatytas 30–40 procentų darbingumo lygis arba vidutinis neįgalumo lygis'
2025-02-04 08:34:01 [main] DEBUG l.i.u.p.SubmittedApplicationsPage - Checking option: 'Bedarbiai, kurie yra darbingo amžiaus neįgalieji, kuriems nustatytas 30–40 procentų darbingumo lygis arba vidutinis neįgalumo lygis'
2025-02-04 08:34:01 [main] DEBUG l.i.u.p.SubmittedApplicationsPage - Checking option: 'Bedarbiai, kurie yra darbingo amžiaus neįgalieji, kuriems nustatytas 45–55 procentų darbingumo lygis arba lengvas neįgalumo lygis'
2025-02-04 08:34:01 [main] DEBUG l.i.u.p.SubmittedApplicationsPage - Checking option: 'Bedarbiai, kurie yra darbingo amžiaus neįgalieji, kuriems nustatytas 45–55 procentų darbingumo lygis arba lengvas neįgalumo lygis'
2025-02-04 08:34:01 [main] DEBUG l.i.u.p.SubmittedApplicationsPage - Checking option: 'Bedarbiai, kurie yra darbingo amžiaus neįgalieji, kuriems nustatytas iki 25 procentų darbingumo lygis arba sunkus neįgalumo lygis'
2025-02-04 08:34:02 [main] INFO  l.i.u.p.SubmittedApplicationsPage - Successfully selected the value: 'Bedarbiai, kurie yra darbingo amžiaus neįgalieji, kuriems nustatytas iki 25 procentų darbingumo lygis arba sunkus neįgalumo lygis'
2025-02-04 08:34:02 [main] INFO  l.i.u.p.SubmittedApplicationsPage - Attempting to close the dropdown.
2025-02-04 08:34:12 [main] INFO  l.i.u.p.SubmittedApplicationsPage - Dropdown should be closed now.
2025-02-04 08:34:12 [main] DEBUG l.i.u.t.SubmittedApplicationsPageTest - Selected disabilities type: 'Bedarbiai, kurie yra darbingo amžiaus neįgalieji, kuriems nustatytas iki 25 procentų darbingumo lygis arba sunkus neįgalumo lygis'.
2025-02-04 08:34:12 [main] DEBUG l.i.u.t.SubmittedApplicationsPageTest - Entered disability information: 'Negalia 1'.
2025-02-04 08:34:12 [main] INFO  l.i.u.p.SubmittedApplicationsPage - Located the dropdown button.
2025-02-04 08:34:13 [main] INFO  l.i.u.p.SubmittedApplicationsPage - Successfully selected the value: 'Kita'
2025-02-04 08:34:23 [main] ERROR l.i.u.p.SubmittedApplicationsPage - Timeout while waiting for dropdown to close with aria-expanded = 'false'.
2025-02-04 08:34:23 [main] DEBUG l.i.u.t.SubmittedApplicationsPageTest - Selected time mode: 'Kita'.
2025-02-04 08:34:24 [main] DEBUG l.i.u.t.SubmittedApplicationsPageTest - Selected time mode other: '6 val. per dieną ir 4 d. per savaitę'.
2025-02-04 08:34:24 [main] DEBUG l.i.u.t.SubmittedApplicationsPageTest - Entered qualification: 'Kvalifikacija 1'.
2025-02-04 08:34:24 [main] DEBUG l.i.u.t.SubmittedApplicationsPageTest - Entered job date.
2025-02-04 08:34:24 [main] DEBUG l.i.u.t.SubmittedApplicationsPageTest - Entered salary amount: '1200'.
2025-02-04 08:34:24 [main] DEBUG l.i.u.t.SubmittedApplicationsPageTest - Selected 'Temporary Job' radio button.
2025-02-04 08:34:24 [main] DEBUG l.i.u.t.SubmittedApplicationsPageTest - Selected 'Season Job' radio button.
2025-02-04 08:34:25 [main] DEBUG l.i.u.t.SubmittedApplicationsPageTest - Selected 'Energy' radio button.
2025-02-04 08:34:25 [main] DEBUG l.i.u.t.SubmittedApplicationsPageTest - Selected 'Repair' radio button.
2025-02-04 08:34:25 [main] DEBUG l.i.u.t.SubmittedApplicationsPageTest - Entered job description: 'Veikla 1'.
2025-02-04 08:34:25 [main] DEBUG l.i.u.t.SubmittedApplicationsPageTest - Entered process description: 'Procesas 1'.
2025-02-04 08:34:25 [main] DEBUG l.i.u.t.SubmittedApplicationsPageTest - Entered energy information: 'Energija 1'.
2025-02-04 08:34:26 [main] DEBUG l.i.u.t.SubmittedApplicationsPageTest - Entered repair information: 'Remontas 1'.
2025-02-04 08:34:26 [main] DEBUG l.i.u.t.SubmittedApplicationsPageTest - Selected 'PVM' radio button.
2025-02-04 08:34:26 [main] INFO  l.i.u.p.SubmittedApplicationsPage - Located the dropdown button.
2025-02-04 08:34:26 [main] INFO  l.i.u.p.SubmittedApplicationsPage - Successfully selected the value: 'Įsigyti'
2025-02-04 08:34:46 [main] ERROR l.i.u.p.SubmittedApplicationsPage - Timeout while waiting for dropdown to close with aria-expanded = 'false'.
2025-02-04 08:34:46 [main] DEBUG l.i.u.t.SubmittedApplicationsPageTest - Selected necessary for job: 'Įsigyti'.
2025-02-04 08:34:47 [main] DEBUG l.i.u.t.SubmittedApplicationsPageTest - Selected tool: 'Darbo priemonė 1'.
2025-02-04 08:34:47 [main] DEBUG l.i.u.t.SubmittedApplicationsPageTest - Selected tool parameter one: 'Darbo priemonės 1 parametras 1'.
2025-02-04 08:34:47 [main] DEBUG l.i.u.t.SubmittedApplicationsPageTest - Selected tool parameter two: 'Darbo priemonės 1 parametras 2'.
2025-02-04 08:34:47 [main] DEBUG l.i.u.t.SubmittedApplicationsPageTest - Selected tool parameter three: 'Darbo priemonės 1 parametras 3'.
2025-02-04 08:34:47 [main] DEBUG l.i.u.t.SubmittedApplicationsPageTest - Entered tool count: '1'.
2025-02-04 08:34:48 [main] DEBUG l.i.u.t.SubmittedApplicationsPageTest - Entered price amount: '1000'.
2025-02-04 08:34:48 [main] DEBUG l.i.u.t.SubmittedApplicationsPageTest - Entered own funds amount: '800'.
2025-02-04 08:34:48 [main] DEBUG l.i.u.t.SubmittedApplicationsPageTest - Entered country percentage: '50'.
2025-02-04 08:34:48 [main] DEBUG l.i.u.t.SubmittedApplicationsPageTest - Entered institution percentage: '50'.
2025-02-04 08:34:48 [main] DEBUG l.i.u.t.SubmittedApplicationsPageTest - Entered municipality percentage: '50'.
2025-02-04 08:34:48 [main] DEBUG l.i.u.t.SubmittedApplicationsPageTest - Selected 'De Minimis' radio button.
2025-02-04 08:34:49 [main] DEBUG l.i.u.t.SubmittedApplicationsPageTest - Entered program name: 'Programa 1'.
2025-02-04 08:34:49 [main] DEBUG l.i.u.t.SubmittedApplicationsPageTest - Entered project date from.
2025-02-04 08:34:49 [main] DEBUG l.i.u.t.SubmittedApplicationsPageTest - Entered project date until.
2025-02-04 08:34:49 [main] DEBUG l.i.u.t.SubmittedApplicationsPageTest - Entered support amount: '2000'.
2025-02-04 08:34:50 [main] DEBUG l.i.u.t.SubmittedApplicationsPageTest - Clicked 'Next' button.
2025-02-04 08:34:50 [main] INFO  l.i.u.p.SubmittedApplicationsPage - 
2025-02-04 08:34:50 [main] INFO  l.i.u.p.SubmittedApplicationsPage - false
2025-02-04 08:35:00 [main] DEBUG l.i.u.t.SubmittedApplicationsPageTest - Checked 'Legal Entities' checkbox 1.
2025-02-04 08:35:00 [main] INFO  l.i.u.p.SubmittedApplicationsPage - 
2025-02-04 08:35:00 [main] INFO  l.i.u.p.SubmittedApplicationsPage - false
2025-02-04 08:35:10 [main] DEBUG l.i.u.t.SubmittedApplicationsPageTest - Checked 'Legal Entities' checkbox 2.
2025-02-04 08:35:10 [main] INFO  l.i.u.p.SubmittedApplicationsPage - 
2025-02-04 08:35:10 [main] INFO  l.i.u.p.SubmittedApplicationsPage - true
2025-02-04 08:35:20 [main] DEBUG l.i.u.t.SubmittedApplicationsPageTest - Checked 'Legal Entities' checkbox 3.
2025-02-04 08:35:20 [main] DEBUG l.i.u.t.SubmittedApplicationsPageTest - Clicked 'Next' button after checkboxes.
2025-02-04 08:35:20 [main] INFO  l.i.u.t.SubmittedApplicationsPageTest - Test 'testFillNewApplication' completed successfully.
2025-02-04 08:46:34 [main] INFO  lt.insoft.uztis.tests.UztisPageTest - Navigated to https://uztisdev.asseco.lt/home
2025-02-04 08:46:34 [main] INFO  l.i.u.t.SubmittedApplicationsPageTest - Starting test:'testFillNewApplication'
2025-02-04 08:46:34 [main] DEBUG l.i.u.t.SubmittedApplicationsPageTest - User logged in with test credentials.
2025-02-04 08:46:35 [main] DEBUG l.i.u.t.SubmittedApplicationsPageTest - Opened 'Application Processing' menu.
2025-02-04 08:46:35 [main] DEBUG l.i.u.t.SubmittedApplicationsPageTest - Clicked on 'Application Forms' menu.
2025-02-04 08:46:35 [main] DEBUG l.i.u.t.SubmittedApplicationsPageTest - Retrieved last description code text: 'TST-VUI-27'.
2025-02-04 08:46:35 [main] DEBUG l.i.u.t.SubmittedApplicationsPageTest - Clicked on 'Invitation' menu.
2025-02-04 08:46:36 [main] DEBUG l.i.u.t.SubmittedApplicationsPageTest - Selected application section by code: 'TST-VUI-27'.
2025-02-04 08:46:36 [main] DEBUG l.i.u.t.SubmittedApplicationsPageTest - Clicked 'Search' button.
2025-02-04 08:46:36 [main] DEBUG l.i.u.t.SubmittedApplicationsPageTest - Retrieved invitation code: ''.
2025-02-04 08:46:36 [main] DEBUG l.i.u.t.SubmittedApplicationsPageTest - Clicked on 'Submitted Applications' menu.
2025-02-04 08:46:37 [main] DEBUG l.i.u.t.SubmittedApplicationsPageTest - Selected invitation by code: 'TST-VUI-27'.
2025-02-04 08:46:37 [main] DEBUG l.i.u.t.SubmittedApplicationsPageTest - Invitation code inserted.
2025-02-04 08:46:37 [main] DEBUG l.i.u.t.SubmittedApplicationsPageTest - Clicked on 'Action Application' button.
2025-02-04 08:46:38 [main] DEBUG l.i.u.t.SubmittedApplicationsPageTest - Clicked on 'New Application' button.
2025-02-04 08:46:38 [main] DEBUG l.i.u.t.SubmittedApplicationsPageTest - Selected the 'RadioButtonFA' option.
2025-02-04 08:46:38 [main] DEBUG l.i.u.t.SubmittedApplicationsPageTest - Entered phone number: '61298745'.
2025-02-04 08:46:38 [main] DEBUG l.i.u.t.SubmittedApplicationsPageTest - Entered email: 'test@autotest.com'.
2025-02-04 08:46:38 [main] INFO  l.i.u.p.SubmittedApplicationsPage - Located the dropdown button.
2025-02-04 08:46:58 [main] INFO  l.i.u.p.SubmittedApplicationsPage - Found 1741 options in the dropdown.
2025-02-04 08:46:59 [main] INFO  l.i.u.p.SubmittedApplicationsPage - Successfully selected the value: '01.11 - Grūdinių (išskyrus ryžius), ankštinių ir aliejingų sėklų augalų auginimas'
2025-02-04 08:47:09 [main] ERROR l.i.u.p.SubmittedApplicationsPage - Failed to close the dropdown with aria-expanded = 'false'. Attempting manual close.
2025-02-04 08:47:09 [main] INFO  l.i.u.p.SubmittedApplicationsPage - Manual close attempt for the dropdown using body click.
2025-02-04 08:47:09 [main] DEBUG l.i.u.t.SubmittedApplicationsPageTest - Selected EVRK value: '01.11 - Grūdinių (išskyrus ryžius), ankštinių ir aliejingų sėklų augalų auginimas'.
2025-02-04 08:47:09 [main] DEBUG l.i.u.t.SubmittedApplicationsPageTest - Entered address: 'Vilniaus m. sav., Vilnius, Testo g. 10T'.
2025-02-04 08:47:10 [main] DEBUG l.i.u.t.SubmittedApplicationsPageTest - Entered project date.
2025-02-04 08:47:10 [main] DEBUG l.i.u.t.SubmittedApplicationsPageTest - Entered job count: '1'.
2025-02-04 08:47:10 [main] DEBUG l.i.u.t.SubmittedApplicationsPageTest - Clicked 'Next' button.
2025-02-04 08:47:10 [main] INFO  l.i.u.p.SubmittedApplicationsPage - Located the dropdown button.
2025-02-04 08:47:11 [main] ERROR l.i.u.t.SubmittedApplicationsPageTest - Test 'testFillNewApplication' failed with error: element click intercepted: Element <mat-label>...</mat-label> is not clickable at point (1051, 179). Other element would receive the click: ...<span class="mat-mdc-select-placeholder mat-mdc-select-min-line ng-tns-c1073613477-34 ng-star-inserted"></span>
  (Session info: chrome=132.0.6834.160)
Build info: version: '4.27.0', revision: 'd6e718d134'
System info: os.name: 'Windows 11', os.arch: 'amd64', os.version: '10.0', java.version: '21.0.3'
Driver info: org.openqa.selenium.chrome.ChromeDriver
Command: [94545e076fc18bd57625edcded849743, clickElement {id=f.5BC4EAEF32873259F97CC94C53600F73.d.D770AAE97F345FD39F8ECE881A336223.e.2081}]
Capabilities {acceptInsecureCerts: false, browserName: chrome, browserVersion: 132.0.6834.160, chrome: {chromedriverVersion: 132.0.6834.159 (2d77d3fc445..., userDataDir: C:\Users\INGRID~1.ZAD\AppDa...}, fedcm:accounts: true, goog:chromeOptions: {debuggerAddress: localhost:58483}, networkConnectionEnabled: false, pageLoadStrategy: normal, platformName: windows, proxy: Proxy(), se:cdp: ws://localhost:58483/devtoo..., se:cdpVersion: 132.0.6834.160, setWindowRect: true, strictFileInteractability: false, timeouts: {implicit: 0, pageLoad: 300000, script: 30000}, unhandledPromptBehavior: dismiss and notify, webauthn:extension:credBlob: true, webauthn:extension:largeBlob: true, webauthn:extension:minPinLength: true, webauthn:extension:prf: true, webauthn:virtualAuthenticators: true}
Element: [[ChromeDriver: chrome on windows (94545e076fc18bd57625edcded849743)] -> xpath: //mat-label[contains(text(), 'Darbo vietos pavadinimas')]]
Session ID: 94545e076fc18bd57625edcded849743
org.openqa.selenium.ElementClickInterceptedException: element click intercepted: Element <mat-label>...</mat-label> is not clickable at point (1051, 179). Other element would receive the click: ...<span class="mat-mdc-select-placeholder mat-mdc-select-min-line ng-tns-c1073613477-34 ng-star-inserted"></span>
  (Session info: chrome=132.0.6834.160)
Build info: version: '4.27.0', revision: 'd6e718d134'
System info: os.name: 'Windows 11', os.arch: 'amd64', os.version: '10.0', java.version: '21.0.3'
Driver info: org.openqa.selenium.chrome.ChromeDriver
Command: [94545e076fc18bd57625edcded849743, clickElement {id=f.5BC4EAEF32873259F97CC94C53600F73.d.D770AAE97F345FD39F8ECE881A336223.e.2081}]
Capabilities {acceptInsecureCerts: false, browserName: chrome, browserVersion: 132.0.6834.160, chrome: {chromedriverVersion: 132.0.6834.159 (2d77d3fc445..., userDataDir: C:\Users\INGRID~1.ZAD\AppDa...}, fedcm:accounts: true, goog:chromeOptions: {debuggerAddress: localhost:58483}, networkConnectionEnabled: false, pageLoadStrategy: normal, platformName: windows, proxy: Proxy(), se:cdp: ws://localhost:58483/devtoo..., se:cdpVersion: 132.0.6834.160, setWindowRect: true, strictFileInteractability: false, timeouts: {implicit: 0, pageLoad: 300000, script: 30000}, unhandledPromptBehavior: dismiss and notify, webauthn:extension:credBlob: true, webauthn:extension:largeBlob: true, webauthn:extension:minPinLength: true, webauthn:extension:prf: true, webauthn:virtualAuthenticators: true}
Element: [[ChromeDriver: chrome on windows (94545e076fc18bd57625edcded849743)] -> xpath: //mat-label[contains(text(), 'Darbo vietos pavadinimas')]]
Session ID: 94545e076fc18bd57625edcded849743
	at java.base/jdk.internal.reflect.DirectConstructorHandleAccessor.newInstance(DirectConstructorHandleAccessor.java:62)
	at java.base/java.lang.reflect.Constructor.newInstanceWithCaller(Constructor.java:502)
	at java.base/java.lang.reflect.Constructor.newInstance(Constructor.java:486)
	at org.openqa.selenium.remote.ErrorCodec.decode(ErrorCodec.java:167)
	at org.openqa.selenium.remote.codec.w3c.W3CHttpResponseCodec.decode(W3CHttpResponseCodec.java:138)
	at org.openqa.selenium.remote.codec.w3c.W3CHttpResponseCodec.decode(W3CHttpResponseCodec.java:50)
	at org.openqa.selenium.remote.HttpCommandExecutor.execute(HttpCommandExecutor.java:190)
	at org.openqa.selenium.remote.service.DriverCommandExecutor.invokeExecute(DriverCommandExecutor.java:216)
	at org.openqa.selenium.remote.service.DriverCommandExecutor.execute(DriverCommandExecutor.java:174)
	at org.openqa.selenium.remote.RemoteWebDriver.execute(RemoteWebDriver.java:545)
	at org.openqa.selenium.remote.RemoteWebElement.execute(RemoteWebElement.java:223)
	at org.openqa.selenium.remote.RemoteWebElement.click(RemoteWebElement.java:76)
	at java.base/jdk.internal.reflect.DirectMethodHandleAccessor.invoke(DirectMethodHandleAccessor.java:103)
	at java.base/java.lang.reflect.Method.invoke(Method.java:580)
	at org.openqa.selenium.support.pagefactory.internal.LocatingElementHandler.invoke(LocatingElementHandler.java:51)
	at jdk.proxy2/jdk.proxy2.$Proxy14.click(Unknown Source)
	at lt.insoft.uztis.pages.SubmittedApplicationsPage.selectDropdownJobName(SubmittedApplicationsPage.java:404)
	at lt.insoft.uztis.tests.SubmittedApplicationsPageTest.testFillNewApplication(SubmittedApplicationsPageTest.java:178)
	at java.base/jdk.internal.reflect.DirectMethodHandleAccessor.invoke(DirectMethodHandleAccessor.java:103)
	at java.base/java.lang.reflect.Method.invoke(Method.java:580)
	at org.junit.platform.commons.util.ReflectionUtils.invokeMethod(ReflectionUtils.java:728)
	at org.junit.jupiter.engine.execution.MethodInvocation.proceed(MethodInvocation.java:60)
	at org.junit.jupiter.engine.execution.InvocationInterceptorChain$ValidatingInvocation.proceed(InvocationInterceptorChain.java:131)
	at org.junit.jupiter.engine.extension.TimeoutExtension.intercept(TimeoutExtension.java:156)
	at org.junit.jupiter.engine.extension.TimeoutExtension.interceptTestableMethod(TimeoutExtension.java:147)
	at org.junit.jupiter.engine.extension.TimeoutExtension.interceptTestMethod(TimeoutExtension.java:86)
	at org.junit.jupiter.engine.execution.InterceptingExecutableInvoker$ReflectiveInterceptorCall.lambda$ofVoidMethod$0(InterceptingExecutableInvoker.java:103)
	at org.junit.jupiter.engine.execution.InterceptingExecutableInvoker.lambda$invoke$0(InterceptingExecutableInvoker.java:93)
	at org.junit.jupiter.engine.execution.InvocationInterceptorChain$InterceptedInvocation.proceed(InvocationInterceptorChain.java:106)
	at org.junit.jupiter.engine.execution.InvocationInterceptorChain.proceed(InvocationInterceptorChain.java:64)
	at org.junit.jupiter.engine.execution.InvocationInterceptorChain.chainAndInvoke(InvocationInterceptorChain.java:45)
	at org.junit.jupiter.engine.execution.InvocationInterceptorChain.invoke(InvocationInterceptorChain.java:37)
	at org.junit.jupiter.engine.execution.InterceptingExecutableInvoker.invoke(InterceptingExecutableInvoker.java:92)
	at org.junit.jupiter.engine.execution.InterceptingExecutableInvoker.invoke(InterceptingExecutableInvoker.java:86)
	at org.junit.jupiter.engine.descriptor.TestMethodTestDescriptor.lambda$invokeTestMethod$7(TestMethodTestDescriptor.java:218)
	at org.junit.platform.engine.support.hierarchical.ThrowableCollector.execute(ThrowableCollector.java:73)
	at org.junit.jupiter.engine.descriptor.TestMethodTestDescriptor.invokeTestMethod(TestMethodTestDescriptor.java:214)
	at org.junit.jupiter.engine.descriptor.TestMethodTestDescriptor.execute(TestMethodTestDescriptor.java:139)
	at org.junit.jupiter.engine.descriptor.TestMethodTestDescriptor.execute(TestMethodTestDescriptor.java:69)
	at org.junit.platform.engine.support.hierarchical.NodeTestTask.lambda$executeRecursively$6(NodeTestTask.java:151)
	at org.junit.platform.engine.support.hierarchical.ThrowableCollector.execute(ThrowableCollector.java:73)
	at org.junit.platform.engine.support.hierarchical.NodeTestTask.lambda$executeRecursively$8(NodeTestTask.java:141)
	at org.junit.platform.engine.support.hierarchical.Node.around(Node.java:137)
	at org.junit.platform.engine.support.hierarchical.NodeTestTask.lambda$executeRecursively$9(NodeTestTask.java:139)
	at org.junit.platform.engine.support.hierarchical.ThrowableCollector.execute(ThrowableCollector.java:73)
	at org.junit.platform.engine.support.hierarchical.NodeTestTask.executeRecursively(NodeTestTask.java:138)
	at org.junit.platform.engine.support.hierarchical.NodeTestTask.execute(NodeTestTask.java:95)
	at java.base/java.util.ArrayList.forEach(ArrayList.java:1596)
	at org.junit.platform.engine.support.hierarchical.SameThreadHierarchicalTestExecutorService.invokeAll(SameThreadHierarchicalTestExecutorService.java:41)
	at org.junit.platform.engine.support.hierarchical.NodeTestTask.lambda$executeRecursively$6(NodeTestTask.java:155)
	at org.junit.platform.engine.support.hierarchical.ThrowableCollector.execute(ThrowableCollector.java:73)
	at org.junit.platform.engine.support.hierarchical.NodeTestTask.lambda$executeRecursively$8(NodeTestTask.java:141)
	at org.junit.platform.engine.support.hierarchical.Node.around(Node.java:137)
	at org.junit.platform.engine.support.hierarchical.NodeTestTask.lambda$executeRecursively$9(NodeTestTask.java:139)
	at org.junit.platform.engine.support.hierarchical.ThrowableCollector.execute(ThrowableCollector.java:73)
	at org.junit.platform.engine.support.hierarchical.NodeTestTask.executeRecursively(NodeTestTask.java:138)
	at org.junit.platform.engine.support.hierarchical.NodeTestTask.execute(NodeTestTask.java:95)
	at java.base/java.util.ArrayList.forEach(ArrayList.java:1596)
	at org.junit.platform.engine.support.hierarchical.SameThreadHierarchicalTestExecutorService.invokeAll(SameThreadHierarchicalTestExecutorService.java:41)
	at org.junit.platform.engine.support.hierarchical.NodeTestTask.lambda$executeRecursively$6(NodeTestTask.java:155)
	at org.junit.platform.engine.support.hierarchical.ThrowableCollector.execute(ThrowableCollector.java:73)
	at org.junit.platform.engine.support.hierarchical.NodeTestTask.lambda$executeRecursively$8(NodeTestTask.java:141)
	at org.junit.platform.engine.support.hierarchical.Node.around(Node.java:137)
	at org.junit.platform.engine.support.hierarchical.NodeTestTask.lambda$executeRecursively$9(NodeTestTask.java:139)
	at org.junit.platform.engine.support.hierarchical.ThrowableCollector.execute(ThrowableCollector.java:73)
	at org.junit.platform.engine.support.hierarchical.NodeTestTask.executeRecursively(NodeTestTask.java:138)
	at org.junit.platform.engine.support.hierarchical.NodeTestTask.execute(NodeTestTask.java:95)
	at org.junit.platform.engine.support.hierarchical.SameThreadHierarchicalTestExecutorService.submit(SameThreadHierarchicalTestExecutorService.java:35)
	at org.junit.platform.engine.support.hierarchical.HierarchicalTestExecutor.execute(HierarchicalTestExecutor.java:57)
	at org.junit.platform.engine.support.hierarchical.HierarchicalTestEngine.execute(HierarchicalTestEngine.java:54)
	at org.junit.platform.launcher.core.EngineExecutionOrchestrator.execute(EngineExecutionOrchestrator.java:198)
	at org.junit.platform.launcher.core.EngineExecutionOrchestrator.execute(EngineExecutionOrchestrator.java:169)
	at org.junit.platform.launcher.core.EngineExecutionOrchestrator.execute(EngineExecutionOrchestrator.java:93)
	at org.junit.platform.launcher.core.EngineExecutionOrchestrator.lambda$execute$0(EngineExecutionOrchestrator.java:58)
	at org.junit.platform.launcher.core.EngineExecutionOrchestrator.withInterceptedStreams(EngineExecutionOrchestrator.java:141)
	at org.junit.platform.launcher.core.EngineExecutionOrchestrator.execute(EngineExecutionOrchestrator.java:57)
	at org.junit.platform.launcher.core.DefaultLauncher.execute(DefaultLauncher.java:103)
	at org.junit.platform.launcher.core.DefaultLauncher.execute(DefaultLauncher.java:85)
	at org.junit.platform.launcher.core.DelegatingLauncher.execute(DelegatingLauncher.java:47)
	at org.junit.platform.launcher.core.SessionPerRequestLauncher.execute(SessionPerRequestLauncher.java:63)
	at com.intellij.junit5.JUnit5IdeaTestRunner.startRunnerWithArgs(JUnit5IdeaTestRunner.java:57)
	at com.intellij.rt.junit.IdeaTestRunner$Repeater$1.execute(IdeaTestRunner.java:38)
	at com.intellij.rt.execution.junit.TestsRepeater.repeat(TestsRepeater.java:11)
	at com.intellij.rt.junit.IdeaTestRunner$Repeater.startRunnerWithArgs(IdeaTestRunner.java:35)
	at com.intellij.rt.junit.JUnitStarter.prepareStreamsAndStart(JUnitStarter.java:232)
	at com.intellij.rt.junit.JUnitStarter.main(JUnitStarter.java:55)
2025-02-04 08:47:12 [main] INFO  l.insoft.uztis.tests.utils.TestUtils - Screenshot moved to C:\Users\ingrida.zadorozniene\Desktop\Asm\UZTIS\UZTIS_tests\test-output\screenshots\20250204\084712025_testFillNewApplication().png
2025-02-04 08:47:31 [main] INFO  lt.insoft.uztis.tests.UztisPageTest - Navigated to https://uztisdev.asseco.lt/home
2025-02-04 08:47:31 [main] INFO  l.i.u.t.SubmittedApplicationsPageTest - Starting test:'testFillNewApplication'
2025-02-04 08:47:32 [main] DEBUG l.i.u.t.SubmittedApplicationsPageTest - User logged in with test credentials.
2025-02-04 08:47:32 [main] DEBUG l.i.u.t.SubmittedApplicationsPageTest - Opened 'Application Processing' menu.
2025-02-04 08:47:32 [main] DEBUG l.i.u.t.SubmittedApplicationsPageTest - Clicked on 'Application Forms' menu.
2025-02-04 08:47:33 [main] DEBUG l.i.u.t.SubmittedApplicationsPageTest - Retrieved last description code text: 'TST-VUI-27'.
2025-02-04 08:47:33 [main] DEBUG l.i.u.t.SubmittedApplicationsPageTest - Clicked on 'Invitation' menu.
2025-02-04 08:47:34 [main] DEBUG l.i.u.t.SubmittedApplicationsPageTest - Selected application section by code: 'TST-VUI-27'.
2025-02-04 08:47:34 [main] DEBUG l.i.u.t.SubmittedApplicationsPageTest - Clicked 'Search' button.
2025-02-04 08:47:34 [main] DEBUG l.i.u.t.SubmittedApplicationsPageTest - Retrieved invitation code: ''.
2025-02-04 08:47:34 [main] DEBUG l.i.u.t.SubmittedApplicationsPageTest - Clicked on 'Submitted Applications' menu.
2025-02-04 08:47:35 [main] DEBUG l.i.u.t.SubmittedApplicationsPageTest - Selected invitation by code: 'TST-VUI-27'.
2025-02-04 08:47:35 [main] DEBUG l.i.u.t.SubmittedApplicationsPageTest - Invitation code inserted.
2025-02-04 08:47:35 [main] DEBUG l.i.u.t.SubmittedApplicationsPageTest - Clicked on 'Action Application' button.
2025-02-04 08:47:35 [main] DEBUG l.i.u.t.SubmittedApplicationsPageTest - Clicked on 'New Application' button.
2025-02-04 08:47:36 [main] DEBUG l.i.u.t.SubmittedApplicationsPageTest - Selected the 'RadioButtonFA' option.
2025-02-04 08:47:36 [main] DEBUG l.i.u.t.SubmittedApplicationsPageTest - Entered phone number: '61298745'.
2025-02-04 08:47:36 [main] DEBUG l.i.u.t.SubmittedApplicationsPageTest - Entered email: 'test@autotest.com'.
2025-02-04 08:47:36 [main] INFO  l.i.u.p.SubmittedApplicationsPage - Located the dropdown button.
2025-02-04 08:47:55 [main] INFO  l.i.u.p.SubmittedApplicationsPage - Found 1741 options in the dropdown.
2025-02-04 08:47:56 [main] INFO  l.i.u.p.SubmittedApplicationsPage - Successfully selected the value: '01.11 - Grūdinių (išskyrus ryžius), ankštinių ir aliejingų sėklų augalų auginimas'
2025-02-04 08:48:06 [main] ERROR l.i.u.p.SubmittedApplicationsPage - Failed to close the dropdown with aria-expanded = 'false'. Attempting manual close.
2025-02-04 08:48:06 [main] INFO  l.i.u.p.SubmittedApplicationsPage - Manual close attempt for the dropdown using body click.
2025-02-04 08:48:06 [main] DEBUG l.i.u.t.SubmittedApplicationsPageTest - Selected EVRK value: '01.11 - Grūdinių (išskyrus ryžius), ankštinių ir aliejingų sėklų augalų auginimas'.
2025-02-04 08:48:06 [main] DEBUG l.i.u.t.SubmittedApplicationsPageTest - Entered address: 'Vilniaus m. sav., Vilnius, Testo g. 10T'.
2025-02-04 08:48:07 [main] DEBUG l.i.u.t.SubmittedApplicationsPageTest - Entered project date.
2025-02-04 08:48:07 [main] DEBUG l.i.u.t.SubmittedApplicationsPageTest - Entered job count: '1'.
2025-02-04 08:48:07 [main] DEBUG l.i.u.t.SubmittedApplicationsPageTest - Clicked 'Next' button.
2025-02-04 08:48:07 [main] INFO  l.i.u.p.SubmittedApplicationsPage - Located the dropdown button.
2025-02-04 08:48:08 [main] INFO  l.i.u.p.SubmittedApplicationsPage - Successfully selected the value: 'Administratoriai'
2025-02-04 08:48:29 [main] ERROR l.i.u.p.SubmittedApplicationsPage - Timeout while waiting for dropdown to close with aria-expanded = 'false'.
2025-02-04 08:48:29 [main] DEBUG l.i.u.t.SubmittedApplicationsPageTest - Selected job name: 'Administratoriai'.
2025-02-04 08:48:29 [main] DEBUG l.i.u.t.SubmittedApplicationsPageTest - Entered job function: 'Funkcija 1'.
2025-02-04 08:48:29 [main] DEBUG l.i.u.t.SubmittedApplicationsPageTest - Selected 'RadioButtonWithDisabilities' option.
2025-02-04 08:48:29 [main] INFO  l.i.u.p.SubmittedApplicationsPage - Clicking on the dropdown button.
2025-02-04 08:48:30 [main] INFO  l.i.u.p.SubmittedApplicationsPage - Found 34 options in the dropdown.
2025-02-04 08:48:30 [main] DEBUG l.i.u.p.SubmittedApplicationsPage - Checking option: 'Asmenys, kuriems suteiktas pabėgėlio statusas ar perkeliamojo asmens statusas, arba asmenys, kuriems suteikta papildoma ar laikinoji apsauga, ir asmenys, turintys teisę gauti laikinąją apsaugą, iki sprendimo dėl laikinosios apsaugos suteikimo (nesuteikimo) priėmimo, tačiau ne ilgiau kaip laikinosios apsaugos laikotarpiu'
2025-02-04 08:48:30 [main] DEBUG l.i.u.p.SubmittedApplicationsPage - Checking option: 'Asmenys, kuriems suteiktas pabėgėlio statusas ar perkeliamojo asmens statusas, arba asmenys, kuriems suteikta papildoma ar laikinoji apsauga, ir asmenys, turintys teisę gauti laikinąją apsaugą, iki sprendimo dėl laikinosios apsaugos suteikimo (nesuteikimo) priėmimo, tačiau ne ilgiau kaip laikinosios apsaugos laikotarpiu'
2025-02-04 08:48:30 [main] DEBUG l.i.u.p.SubmittedApplicationsPage - Checking option: 'Asmenys, turintys teisę į papildomas užimtumo garantijas pagal Lietuvos Respublikos valstybės įmonės Ignalinos atominės elektrinės darbuotojų papildomų užimtumo ir socialinių garantijų įstatymą'
2025-02-04 08:48:30 [main] DEBUG l.i.u.p.SubmittedApplicationsPage - Checking option: 'Asmenys, turintys teisę į papildomas užimtumo garantijas pagal Lietuvos Respublikos valstybės įmonės Ignalinos atominės elektrinės darbuotojų papildomų užimtumo ir socialinių garantijų įstatymą'
2025-02-04 08:48:30 [main] DEBUG l.i.u.p.SubmittedApplicationsPage - Checking option: 'Bedarbiai iki 29 metų'
2025-02-04 08:48:30 [main] DEBUG l.i.u.p.SubmittedApplicationsPage - Checking option: 'Bedarbiai iki 29 metų'
2025-02-04 08:48:30 [main] DEBUG l.i.u.p.SubmittedApplicationsPage - Checking option: 'Bedarbiai, kurie yra darbingo amžiaus neįgalieji, kuriems nustatytas 30–40 procentų darbingumo lygis arba vidutinis neįgalumo lygis'
2025-02-04 08:48:30 [main] DEBUG l.i.u.p.SubmittedApplicationsPage - Checking option: 'Bedarbiai, kurie yra darbingo amžiaus neįgalieji, kuriems nustatytas 30–40 procentų darbingumo lygis arba vidutinis neįgalumo lygis'
2025-02-04 08:48:30 [main] DEBUG l.i.u.p.SubmittedApplicationsPage - Checking option: 'Bedarbiai, kurie yra darbingo amžiaus neįgalieji, kuriems nustatytas 45–55 procentų darbingumo lygis arba lengvas neįgalumo lygis'
2025-02-04 08:48:30 [main] DEBUG l.i.u.p.SubmittedApplicationsPage - Checking option: 'Bedarbiai, kurie yra darbingo amžiaus neįgalieji, kuriems nustatytas 45–55 procentų darbingumo lygis arba lengvas neįgalumo lygis'
2025-02-04 08:48:30 [main] DEBUG l.i.u.p.SubmittedApplicationsPage - Checking option: 'Bedarbiai, kurie yra darbingo amžiaus neįgalieji, kuriems nustatytas iki 25 procentų darbingumo lygis arba sunkus neįgalumo lygis'
2025-02-04 08:48:30 [main] INFO  l.i.u.p.SubmittedApplicationsPage - Successfully selected the value: 'Bedarbiai, kurie yra darbingo amžiaus neįgalieji, kuriems nustatytas iki 25 procentų darbingumo lygis arba sunkus neįgalumo lygis'
2025-02-04 08:48:30 [main] INFO  l.i.u.p.SubmittedApplicationsPage - Attempting to close the dropdown.
2025-02-04 08:48:40 [main] INFO  l.i.u.p.SubmittedApplicationsPage - Dropdown should be closed now.
2025-02-04 08:48:40 [main] DEBUG l.i.u.t.SubmittedApplicationsPageTest - Selected disabilities type: 'Bedarbiai, kurie yra darbingo amžiaus neįgalieji, kuriems nustatytas iki 25 procentų darbingumo lygis arba sunkus neįgalumo lygis'.
2025-02-04 08:48:41 [main] DEBUG l.i.u.t.SubmittedApplicationsPageTest - Entered disability information: 'Negalia 1'.
2025-02-04 08:48:41 [main] INFO  l.i.u.p.SubmittedApplicationsPage - Located the dropdown button.
2025-02-04 08:48:41 [main] INFO  l.i.u.p.SubmittedApplicationsPage - Successfully selected the value: 'Kita'
2025-02-04 08:48:51 [main] ERROR l.i.u.p.SubmittedApplicationsPage - Timeout while waiting for dropdown to close with aria-expanded = 'false'.
2025-02-04 08:48:51 [main] DEBUG l.i.u.t.SubmittedApplicationsPageTest - Selected time mode: 'Kita'.
2025-02-04 08:48:51 [main] DEBUG l.i.u.t.SubmittedApplicationsPageTest - Selected time mode other: '6 val. per dieną ir 4 d. per savaitę'.
2025-02-04 08:48:52 [main] DEBUG l.i.u.t.SubmittedApplicationsPageTest - Entered qualification: 'Kvalifikacija 1'.
2025-02-04 08:48:52 [main] DEBUG l.i.u.t.SubmittedApplicationsPageTest - Entered job date.
2025-02-04 08:48:52 [main] DEBUG l.i.u.t.SubmittedApplicationsPageTest - Entered salary amount: '1200'.
2025-02-04 08:48:52 [main] DEBUG l.i.u.t.SubmittedApplicationsPageTest - Selected 'Temporary Job' radio button.
2025-02-04 08:48:52 [main] DEBUG l.i.u.t.SubmittedApplicationsPageTest - Selected 'Season Job' radio button.
2025-02-04 08:48:52 [main] DEBUG l.i.u.t.SubmittedApplicationsPageTest - Selected 'Energy' radio button.
2025-02-04 08:48:53 [main] DEBUG l.i.u.t.SubmittedApplicationsPageTest - Selected 'Repair' radio button.
2025-02-04 08:48:53 [main] DEBUG l.i.u.t.SubmittedApplicationsPageTest - Entered job description: 'Veikla 1'.
2025-02-04 08:48:53 [main] DEBUG l.i.u.t.SubmittedApplicationsPageTest - Entered process description: 'Procesas 1'.
2025-02-04 08:48:53 [main] DEBUG l.i.u.t.SubmittedApplicationsPageTest - Entered energy information: 'Energija 1'.
2025-02-04 08:48:53 [main] DEBUG l.i.u.t.SubmittedApplicationsPageTest - Entered repair information: 'Remontas 1'.
2025-02-04 08:48:53 [main] DEBUG l.i.u.t.SubmittedApplicationsPageTest - Selected 'PVM' radio button.
2025-02-04 08:48:53 [main] INFO  l.i.u.p.SubmittedApplicationsPage - Located the dropdown button.
2025-02-04 08:48:54 [main] INFO  l.i.u.p.SubmittedApplicationsPage - Successfully selected the value: 'Įsigyti'
2025-02-04 08:49:15 [main] ERROR l.i.u.p.SubmittedApplicationsPage - Timeout while waiting for dropdown to close with aria-expanded = 'false'.
2025-02-04 08:49:15 [main] DEBUG l.i.u.t.SubmittedApplicationsPageTest - Selected necessary for job: 'Įsigyti'.
2025-02-04 08:49:15 [main] DEBUG l.i.u.t.SubmittedApplicationsPageTest - Selected tool: 'Darbo priemonė 1'.
2025-02-04 08:49:15 [main] DEBUG l.i.u.t.SubmittedApplicationsPageTest - Selected tool parameter one: 'Darbo priemonės 1 parametras 1'.
2025-02-04 08:49:15 [main] DEBUG l.i.u.t.SubmittedApplicationsPageTest - Selected tool parameter two: 'Darbo priemonės 1 parametras 2'.
2025-02-04 08:49:15 [main] DEBUG l.i.u.t.SubmittedApplicationsPageTest - Selected tool parameter three: 'Darbo priemonės 1 parametras 3'.
2025-02-04 08:49:15 [main] DEBUG l.i.u.t.SubmittedApplicationsPageTest - Entered tool count: '1'.
2025-02-04 08:49:16 [main] DEBUG l.i.u.t.SubmittedApplicationsPageTest - Entered price amount: '1000'.
2025-02-04 08:49:16 [main] DEBUG l.i.u.t.SubmittedApplicationsPageTest - Entered own funds amount: '800'.
2025-02-04 08:49:16 [main] DEBUG l.i.u.t.SubmittedApplicationsPageTest - Entered country percentage: '50'.
2025-02-04 08:49:16 [main] DEBUG l.i.u.t.SubmittedApplicationsPageTest - Entered institution percentage: '50'.
2025-02-04 08:49:16 [main] DEBUG l.i.u.t.SubmittedApplicationsPageTest - Entered municipality percentage: '50'.
2025-02-04 08:49:16 [main] DEBUG l.i.u.t.SubmittedApplicationsPageTest - Selected 'De Minimis' radio button.
2025-02-04 08:49:17 [main] DEBUG l.i.u.t.SubmittedApplicationsPageTest - Entered program name: 'Programa 1'.
2025-02-04 08:49:17 [main] DEBUG l.i.u.t.SubmittedApplicationsPageTest - Entered project date from.
2025-02-04 08:49:17 [main] DEBUG l.i.u.t.SubmittedApplicationsPageTest - Entered project date until.
2025-02-04 08:49:17 [main] DEBUG l.i.u.t.SubmittedApplicationsPageTest - Entered support amount: '2000'.
2025-02-04 08:49:17 [main] DEBUG l.i.u.t.SubmittedApplicationsPageTest - Clicked 'Next' button.
2025-02-04 08:49:18 [main] DEBUG l.i.u.t.SubmittedApplicationsPageTest - Checked 'Legal Entities' checkbox 1.
2025-02-04 08:49:18 [main] DEBUG l.i.u.t.SubmittedApplicationsPageTest - Checked 'Legal Entities' checkbox 2.
2025-02-04 08:49:18 [main] DEBUG l.i.u.t.SubmittedApplicationsPageTest - Checked 'Legal Entities' checkbox 3.
2025-02-04 08:49:18 [main] DEBUG l.i.u.t.SubmittedApplicationsPageTest - Clicked 'Next' button after checkboxes.
2025-02-04 08:49:18 [main] INFO  l.i.u.t.SubmittedApplicationsPageTest - Test 'testFillNewApplication' completed successfully.
2025-02-04 08:52:27 [main] INFO  lt.insoft.uztis.tests.UztisPageTest - Navigated to https://uztisdev.asseco.lt/home
2025-02-04 08:52:27 [main] INFO  l.i.u.t.SubmittedApplicationsPageTest - Starting test:'testFillNewApplication'
2025-02-04 08:52:27 [main] DEBUG l.i.u.t.SubmittedApplicationsPageTest - User logged in with test credentials.
2025-02-04 08:52:28 [main] DEBUG l.i.u.t.SubmittedApplicationsPageTest - Opened 'Application Processing' menu.
2025-02-04 08:52:28 [main] DEBUG l.i.u.t.SubmittedApplicationsPageTest - Clicked on 'Application Forms' menu.
2025-02-04 08:52:28 [main] DEBUG l.i.u.t.SubmittedApplicationsPageTest - Retrieved last description code text: 'TST-VUI-27'.
2025-02-04 08:52:28 [main] DEBUG l.i.u.t.SubmittedApplicationsPageTest - Clicked on 'Invitation' menu.
2025-02-04 08:52:29 [main] DEBUG l.i.u.t.SubmittedApplicationsPageTest - Selected application section by code: 'TST-VUI-27'.
2025-02-04 08:52:29 [main] DEBUG l.i.u.t.SubmittedApplicationsPageTest - Clicked 'Search' button.
2025-02-04 08:52:29 [main] DEBUG l.i.u.t.SubmittedApplicationsPageTest - Retrieved invitation code: ''.
2025-02-04 08:52:29 [main] DEBUG l.i.u.t.SubmittedApplicationsPageTest - Clicked on 'Submitted Applications' menu.
2025-02-04 08:52:30 [main] DEBUG l.i.u.t.SubmittedApplicationsPageTest - Selected invitation by code: 'TST-VUI-27'.
2025-02-04 08:52:30 [main] DEBUG l.i.u.t.SubmittedApplicationsPageTest - Invitation code inserted.
2025-02-04 08:52:30 [main] DEBUG l.i.u.t.SubmittedApplicationsPageTest - Clicked on 'Action Application' button.
2025-02-04 08:52:31 [main] DEBUG l.i.u.t.SubmittedApplicationsPageTest - Clicked on 'New Application' button.
2025-02-04 08:52:32 [main] DEBUG l.i.u.t.SubmittedApplicationsPageTest - Selected the 'RadioButtonFA' option.
2025-02-04 08:52:32 [main] DEBUG l.i.u.t.SubmittedApplicationsPageTest - Entered phone number: '61298745'.
2025-02-04 08:52:32 [main] DEBUG l.i.u.t.SubmittedApplicationsPageTest - Entered email: 'test@autotest.com'.
2025-02-04 08:52:32 [main] INFO  l.i.u.p.SubmittedApplicationsPage - Located the dropdown button.
2025-02-04 08:52:51 [main] INFO  l.i.u.p.SubmittedApplicationsPage - Found 1741 options in the dropdown.
2025-02-04 08:52:51 [main] INFO  l.i.u.p.SubmittedApplicationsPage - Successfully selected the value: '01.11 - Grūdinių (išskyrus ryžius), ankštinių ir aliejingų sėklų augalų auginimas'
2025-02-04 08:53:01 [main] ERROR l.i.u.p.SubmittedApplicationsPage - Failed to close the dropdown with aria-expanded = 'false'. Attempting manual close.
2025-02-04 08:53:02 [main] INFO  l.i.u.p.SubmittedApplicationsPage - Manual close attempt for the dropdown using body click.
2025-02-04 08:53:02 [main] DEBUG l.i.u.t.SubmittedApplicationsPageTest - Selected EVRK value: '01.11 - Grūdinių (išskyrus ryžius), ankštinių ir aliejingų sėklų augalų auginimas'.
2025-02-04 08:53:02 [main] DEBUG l.i.u.t.SubmittedApplicationsPageTest - Entered address: 'Vilniaus m. sav., Vilnius, Testo g. 10T'.
2025-02-04 08:53:02 [main] DEBUG l.i.u.t.SubmittedApplicationsPageTest - Entered project date.
2025-02-04 08:53:02 [main] DEBUG l.i.u.t.SubmittedApplicationsPageTest - Entered job count: '1'.
2025-02-04 08:53:02 [main] DEBUG l.i.u.t.SubmittedApplicationsPageTest - Clicked 'Next' button.
2025-02-04 08:53:02 [main] INFO  l.i.u.p.SubmittedApplicationsPage - Located the dropdown button.
2025-02-04 08:53:03 [main] INFO  l.i.u.p.SubmittedApplicationsPage - Successfully selected the value: 'Administratoriai'
2025-02-04 08:53:24 [main] ERROR l.i.u.p.SubmittedApplicationsPage - Timeout while waiting for dropdown to close with aria-expanded = 'false'.
2025-02-04 08:53:24 [main] DEBUG l.i.u.t.SubmittedApplicationsPageTest - Selected job name: 'Administratoriai'.
2025-02-04 08:53:24 [main] DEBUG l.i.u.t.SubmittedApplicationsPageTest - Entered job function: 'Funkcija 1'.
2025-02-04 08:53:24 [main] DEBUG l.i.u.t.SubmittedApplicationsPageTest - Selected 'RadioButtonWithDisabilities' option.
2025-02-04 08:53:24 [main] INFO  l.i.u.p.SubmittedApplicationsPage - Clicking on the dropdown button.
2025-02-04 08:53:25 [main] INFO  l.i.u.p.SubmittedApplicationsPage - Found 34 options in the dropdown.
2025-02-04 08:53:25 [main] DEBUG l.i.u.p.SubmittedApplicationsPage - Checking option: 'Asmenys, kuriems suteiktas pabėgėlio statusas ar perkeliamojo asmens statusas, arba asmenys, kuriems suteikta papildoma ar laikinoji apsauga, ir asmenys, turintys teisę gauti laikinąją apsaugą, iki sprendimo dėl laikinosios apsaugos suteikimo (nesuteikimo) priėmimo, tačiau ne ilgiau kaip laikinosios apsaugos laikotarpiu'
2025-02-04 08:53:25 [main] DEBUG l.i.u.p.SubmittedApplicationsPage - Checking option: 'Asmenys, kuriems suteiktas pabėgėlio statusas ar perkeliamojo asmens statusas, arba asmenys, kuriems suteikta papildoma ar laikinoji apsauga, ir asmenys, turintys teisę gauti laikinąją apsaugą, iki sprendimo dėl laikinosios apsaugos suteikimo (nesuteikimo) priėmimo, tačiau ne ilgiau kaip laikinosios apsaugos laikotarpiu'
2025-02-04 08:53:25 [main] DEBUG l.i.u.p.SubmittedApplicationsPage - Checking option: 'Asmenys, turintys teisę į papildomas užimtumo garantijas pagal Lietuvos Respublikos valstybės įmonės Ignalinos atominės elektrinės darbuotojų papildomų užimtumo ir socialinių garantijų įstatymą'
2025-02-04 08:53:25 [main] DEBUG l.i.u.p.SubmittedApplicationsPage - Checking option: 'Asmenys, turintys teisę į papildomas užimtumo garantijas pagal Lietuvos Respublikos valstybės įmonės Ignalinos atominės elektrinės darbuotojų papildomų užimtumo ir socialinių garantijų įstatymą'
2025-02-04 08:53:25 [main] DEBUG l.i.u.p.SubmittedApplicationsPage - Checking option: 'Bedarbiai iki 29 metų'
2025-02-04 08:53:25 [main] DEBUG l.i.u.p.SubmittedApplicationsPage - Checking option: 'Bedarbiai iki 29 metų'
2025-02-04 08:53:25 [main] DEBUG l.i.u.p.SubmittedApplicationsPage - Checking option: 'Bedarbiai, kurie yra darbingo amžiaus neįgalieji, kuriems nustatytas 30–40 procentų darbingumo lygis arba vidutinis neįgalumo lygis'
2025-02-04 08:53:25 [main] DEBUG l.i.u.p.SubmittedApplicationsPage - Checking option: 'Bedarbiai, kurie yra darbingo amžiaus neįgalieji, kuriems nustatytas 30–40 procentų darbingumo lygis arba vidutinis neįgalumo lygis'
2025-02-04 08:53:25 [main] DEBUG l.i.u.p.SubmittedApplicationsPage - Checking option: 'Bedarbiai, kurie yra darbingo amžiaus neįgalieji, kuriems nustatytas 45–55 procentų darbingumo lygis arba lengvas neįgalumo lygis'
2025-02-04 08:53:25 [main] DEBUG l.i.u.p.SubmittedApplicationsPage - Checking option: 'Bedarbiai, kurie yra darbingo amžiaus neįgalieji, kuriems nustatytas 45–55 procentų darbingumo lygis arba lengvas neįgalumo lygis'
2025-02-04 08:53:25 [main] DEBUG l.i.u.p.SubmittedApplicationsPage - Checking option: 'Bedarbiai, kurie yra darbingo amžiaus neįgalieji, kuriems nustatytas iki 25 procentų darbingumo lygis arba sunkus neįgalumo lygis'
2025-02-04 08:53:25 [main] INFO  l.i.u.p.SubmittedApplicationsPage - Successfully selected the value: 'Bedarbiai, kurie yra darbingo amžiaus neįgalieji, kuriems nustatytas iki 25 procentų darbingumo lygis arba sunkus neįgalumo lygis'
2025-02-04 08:53:25 [main] INFO  l.i.u.p.SubmittedApplicationsPage - Attempting to close the dropdown.
2025-02-04 08:53:35 [main] INFO  l.i.u.p.SubmittedApplicationsPage - Dropdown should be closed now.
2025-02-04 08:53:35 [main] DEBUG l.i.u.t.SubmittedApplicationsPageTest - Selected disabilities type: 'Bedarbiai, kurie yra darbingo amžiaus neįgalieji, kuriems nustatytas iki 25 procentų darbingumo lygis arba sunkus neįgalumo lygis'.
2025-02-04 08:53:36 [main] DEBUG l.i.u.t.SubmittedApplicationsPageTest - Entered disability information: 'Negalia 1'.
2025-02-04 08:53:36 [main] INFO  l.i.u.p.SubmittedApplicationsPage - Located the dropdown button.
2025-02-04 08:53:36 [main] INFO  l.i.u.p.SubmittedApplicationsPage - Successfully selected the value: 'Kita'
2025-02-04 08:53:46 [main] ERROR l.i.u.p.SubmittedApplicationsPage - Timeout while waiting for dropdown to close with aria-expanded = 'false'.
2025-02-04 08:53:46 [main] DEBUG l.i.u.t.SubmittedApplicationsPageTest - Selected time mode: 'Kita'.
2025-02-04 08:53:47 [main] DEBUG l.i.u.t.SubmittedApplicationsPageTest - Selected time mode other: '6 val. per dieną ir 4 d. per savaitę'.
2025-02-04 08:53:47 [main] DEBUG l.i.u.t.SubmittedApplicationsPageTest - Entered qualification: 'Kvalifikacija 1'.
2025-02-04 08:53:47 [main] DEBUG l.i.u.t.SubmittedApplicationsPageTest - Entered job date.
2025-02-04 08:53:47 [main] DEBUG l.i.u.t.SubmittedApplicationsPageTest - Entered salary amount: '1200'.
2025-02-04 08:53:47 [main] DEBUG l.i.u.t.SubmittedApplicationsPageTest - Selected 'Temporary Job' radio button.
2025-02-04 08:53:47 [main] DEBUG l.i.u.t.SubmittedApplicationsPageTest - Selected 'Season Job' radio button.
2025-02-04 08:53:47 [main] DEBUG l.i.u.t.SubmittedApplicationsPageTest - Selected 'Energy' radio button.
2025-02-04 08:53:48 [main] DEBUG l.i.u.t.SubmittedApplicationsPageTest - Selected 'Repair' radio button.
2025-02-04 08:53:48 [main] DEBUG l.i.u.t.SubmittedApplicationsPageTest - Entered job description: 'Veikla 1'.
2025-02-04 08:53:48 [main] DEBUG l.i.u.t.SubmittedApplicationsPageTest - Entered process description: 'Procesas 1'.
2025-02-04 08:53:48 [main] DEBUG l.i.u.t.SubmittedApplicationsPageTest - Entered energy information: 'Energija 1'.
2025-02-04 08:53:48 [main] DEBUG l.i.u.t.SubmittedApplicationsPageTest - Entered repair information: 'Remontas 1'.
2025-02-04 08:53:48 [main] DEBUG l.i.u.t.SubmittedApplicationsPageTest - Selected 'PVM' radio button.
2025-02-04 08:53:48 [main] INFO  l.i.u.p.SubmittedApplicationsPage - Located the dropdown button.
2025-02-04 08:53:49 [main] INFO  l.i.u.p.SubmittedApplicationsPage - Successfully selected the value: 'Įsigyti'
2025-02-04 08:54:09 [main] ERROR l.i.u.p.SubmittedApplicationsPage - Timeout while waiting for dropdown to close with aria-expanded = 'false'.
2025-02-04 08:54:09 [main] DEBUG l.i.u.t.SubmittedApplicationsPageTest - Selected necessary for job: 'Įsigyti'.
2025-02-04 08:54:10 [main] DEBUG l.i.u.t.SubmittedApplicationsPageTest - Selected tool: 'Darbo priemonė 1'.
2025-02-04 08:54:10 [main] DEBUG l.i.u.t.SubmittedApplicationsPageTest - Selected tool parameter one: 'Darbo priemonės 1 parametras 1'.
2025-02-04 08:54:10 [main] DEBUG l.i.u.t.SubmittedApplicationsPageTest - Selected tool parameter two: 'Darbo priemonės 1 parametras 2'.
2025-02-04 08:54:10 [main] DEBUG l.i.u.t.SubmittedApplicationsPageTest - Selected tool parameter three: 'Darbo priemonės 1 parametras 3'.
2025-02-04 08:54:10 [main] DEBUG l.i.u.t.SubmittedApplicationsPageTest - Entered tool count: '1'.
2025-02-04 08:54:11 [main] DEBUG l.i.u.t.SubmittedApplicationsPageTest - Entered price amount: '1000'.
2025-02-04 08:54:11 [main] DEBUG l.i.u.t.SubmittedApplicationsPageTest - Entered own funds amount: '800'.
2025-02-04 08:54:11 [main] DEBUG l.i.u.t.SubmittedApplicationsPageTest - Entered country percentage: '50'.
2025-02-04 08:54:11 [main] DEBUG l.i.u.t.SubmittedApplicationsPageTest - Entered institution percentage: '50'.
2025-02-04 08:54:11 [main] DEBUG l.i.u.t.SubmittedApplicationsPageTest - Entered municipality percentage: '50'.
2025-02-04 08:54:11 [main] DEBUG l.i.u.t.SubmittedApplicationsPageTest - Selected 'De Minimis' radio button.
2025-02-04 08:54:11 [main] DEBUG l.i.u.t.SubmittedApplicationsPageTest - Entered program name: 'Programa 1'.
2025-02-04 08:54:12 [main] DEBUG l.i.u.t.SubmittedApplicationsPageTest - Entered project date from.
2025-02-04 08:54:12 [main] DEBUG l.i.u.t.SubmittedApplicationsPageTest - Entered project date until.
2025-02-04 08:54:12 [main] DEBUG l.i.u.t.SubmittedApplicationsPageTest - Entered support amount: '2000'.
2025-02-04 08:54:12 [main] DEBUG l.i.u.t.SubmittedApplicationsPageTest - Clicked 'Next' button.
2025-02-04 08:54:13 [main] ERROR l.i.u.t.SubmittedApplicationsPageTest - Test 'testFillNewApplication' failed with error: element click intercepted: Element <input type="checkbox" class="mdc-checkbox__native-control" id="mat-mdc-checkbox-1-input" tabindex="0"> is not clickable at point (671, 354). Other element would receive the click: <strong>...</strong>
  (Session info: chrome=132.0.6834.160)
Build info: version: '4.27.0', revision: 'd6e718d134'
System info: os.name: 'Windows 11', os.arch: 'amd64', os.version: '10.0', java.version: '21.0.3'
Driver info: org.openqa.selenium.chrome.ChromeDriver
Command: [b8aa23e98ca47d5dc8da598ed552f58f, clickElement {id=f.B70FCDADACF11DA9D19A1434AC25FF7A.d.B6705509F4F6BFCA212B9CD5845F986F.e.2289}]
Capabilities {acceptInsecureCerts: false, browserName: chrome, browserVersion: 132.0.6834.160, chrome: {chromedriverVersion: 132.0.6834.159 (2d77d3fc445..., userDataDir: C:\Users\INGRID~1.ZAD\AppDa...}, fedcm:accounts: true, goog:chromeOptions: {debuggerAddress: localhost:58767}, networkConnectionEnabled: false, pageLoadStrategy: normal, platformName: windows, proxy: Proxy(), se:cdp: ws://localhost:58767/devtoo..., se:cdpVersion: 132.0.6834.160, setWindowRect: true, strictFileInteractability: false, timeouts: {implicit: 0, pageLoad: 300000, script: 30000}, unhandledPromptBehavior: dismiss and notify, webauthn:extension:credBlob: true, webauthn:extension:largeBlob: true, webauthn:extension:minPinLength: true, webauthn:extension:prf: true, webauthn:virtualAuthenticators: true}
Element: [[ChromeDriver: chrome on windows (b8aa23e98ca47d5dc8da598ed552f58f)] -> xpath: (//div[contains(@class, 'mdc-checkbox')]//input[@type='checkbox'])[1]]
Session ID: b8aa23e98ca47d5dc8da598ed552f58f
org.openqa.selenium.ElementClickInterceptedException: element click intercepted: Element <input type="checkbox" class="mdc-checkbox__native-control" id="mat-mdc-checkbox-1-input" tabindex="0"> is not clickable at point (671, 354). Other element would receive the click: <strong>...</strong>
  (Session info: chrome=132.0.6834.160)
Build info: version: '4.27.0', revision: 'd6e718d134'
System info: os.name: 'Windows 11', os.arch: 'amd64', os.version: '10.0', java.version: '21.0.3'
Driver info: org.openqa.selenium.chrome.ChromeDriver
Command: [b8aa23e98ca47d5dc8da598ed552f58f, clickElement {id=f.B70FCDADACF11DA9D19A1434AC25FF7A.d.B6705509F4F6BFCA212B9CD5845F986F.e.2289}]
Capabilities {acceptInsecureCerts: false, browserName: chrome, browserVersion: 132.0.6834.160, chrome: {chromedriverVersion: 132.0.6834.159 (2d77d3fc445..., userDataDir: C:\Users\INGRID~1.ZAD\AppDa...}, fedcm:accounts: true, goog:chromeOptions: {debuggerAddress: localhost:58767}, networkConnectionEnabled: false, pageLoadStrategy: normal, platformName: windows, proxy: Proxy(), se:cdp: ws://localhost:58767/devtoo..., se:cdpVersion: 132.0.6834.160, setWindowRect: true, strictFileInteractability: false, timeouts: {implicit: 0, pageLoad: 300000, script: 30000}, unhandledPromptBehavior: dismiss and notify, webauthn:extension:credBlob: true, webauthn:extension:largeBlob: true, webauthn:extension:minPinLength: true, webauthn:extension:prf: true, webauthn:virtualAuthenticators: true}
Element: [[ChromeDriver: chrome on windows (b8aa23e98ca47d5dc8da598ed552f58f)] -> xpath: (//div[contains(@class, 'mdc-checkbox')]//input[@type='checkbox'])[1]]
Session ID: b8aa23e98ca47d5dc8da598ed552f58f
	at java.base/jdk.internal.reflect.DirectConstructorHandleAccessor.newInstance(DirectConstructorHandleAccessor.java:62)
	at java.base/java.lang.reflect.Constructor.newInstanceWithCaller(Constructor.java:502)
	at java.base/java.lang.reflect.Constructor.newInstance(Constructor.java:486)
	at org.openqa.selenium.remote.ErrorCodec.decode(ErrorCodec.java:167)
	at org.openqa.selenium.remote.codec.w3c.W3CHttpResponseCodec.decode(W3CHttpResponseCodec.java:138)
	at org.openqa.selenium.remote.codec.w3c.W3CHttpResponseCodec.decode(W3CHttpResponseCodec.java:50)
	at org.openqa.selenium.remote.HttpCommandExecutor.execute(HttpCommandExecutor.java:190)
	at org.openqa.selenium.remote.service.DriverCommandExecutor.invokeExecute(DriverCommandExecutor.java:216)
	at org.openqa.selenium.remote.service.DriverCommandExecutor.execute(DriverCommandExecutor.java:174)
	at org.openqa.selenium.remote.RemoteWebDriver.execute(RemoteWebDriver.java:545)
	at org.openqa.selenium.remote.RemoteWebElement.execute(RemoteWebElement.java:223)
	at org.openqa.selenium.remote.RemoteWebElement.click(RemoteWebElement.java:76)
	at java.base/jdk.internal.reflect.DirectMethodHandleAccessor.invoke(DirectMethodHandleAccessor.java:103)
	at java.base/java.lang.reflect.Method.invoke(Method.java:580)
	at org.openqa.selenium.support.pagefactory.internal.LocatingElementHandler.invoke(LocatingElementHandler.java:51)
	at jdk.proxy2/jdk.proxy2.$Proxy14.click(Unknown Source)
	at lt.insoft.uztis.pages.SubmittedApplicationsPage.setConfirmationCheckbox(SubmittedApplicationsPage.java:741)
	at lt.insoft.uztis.tests.SubmittedApplicationsPageTest.testFillNewApplication(SubmittedApplicationsPageTest.java:312)
	at java.base/jdk.internal.reflect.DirectMethodHandleAccessor.invoke(DirectMethodHandleAccessor.java:103)
	at java.base/java.lang.reflect.Method.invoke(Method.java:580)
	at org.junit.platform.commons.util.ReflectionUtils.invokeMethod(ReflectionUtils.java:728)
	at org.junit.jupiter.engine.execution.MethodInvocation.proceed(MethodInvocation.java:60)
	at org.junit.jupiter.engine.execution.InvocationInterceptorChain$ValidatingInvocation.proceed(InvocationInterceptorChain.java:131)
	at org.junit.jupiter.engine.extension.TimeoutExtension.intercept(TimeoutExtension.java:156)
	at org.junit.jupiter.engine.extension.TimeoutExtension.interceptTestableMethod(TimeoutExtension.java:147)
	at org.junit.jupiter.engine.extension.TimeoutExtension.interceptTestMethod(TimeoutExtension.java:86)
	at org.junit.jupiter.engine.execution.InterceptingExecutableInvoker$ReflectiveInterceptorCall.lambda$ofVoidMethod$0(InterceptingExecutableInvoker.java:103)
	at org.junit.jupiter.engine.execution.InterceptingExecutableInvoker.lambda$invoke$0(InterceptingExecutableInvoker.java:93)
	at org.junit.jupiter.engine.execution.InvocationInterceptorChain$InterceptedInvocation.proceed(InvocationInterceptorChain.java:106)
	at org.junit.jupiter.engine.execution.InvocationInterceptorChain.proceed(InvocationInterceptorChain.java:64)
	at org.junit.jupiter.engine.execution.InvocationInterceptorChain.chainAndInvoke(InvocationInterceptorChain.java:45)
	at org.junit.jupiter.engine.execution.InvocationInterceptorChain.invoke(InvocationInterceptorChain.java:37)
	at org.junit.jupiter.engine.execution.InterceptingExecutableInvoker.invoke(InterceptingExecutableInvoker.java:92)
	at org.junit.jupiter.engine.execution.InterceptingExecutableInvoker.invoke(InterceptingExecutableInvoker.java:86)
	at org.junit.jupiter.engine.descriptor.TestMethodTestDescriptor.lambda$invokeTestMethod$7(TestMethodTestDescriptor.java:218)
	at org.junit.platform.engine.support.hierarchical.ThrowableCollector.execute(ThrowableCollector.java:73)
	at org.junit.jupiter.engine.descriptor.TestMethodTestDescriptor.invokeTestMethod(TestMethodTestDescriptor.java:214)
	at org.junit.jupiter.engine.descriptor.TestMethodTestDescriptor.execute(TestMethodTestDescriptor.java:139)
	at org.junit.jupiter.engine.descriptor.TestMethodTestDescriptor.execute(TestMethodTestDescriptor.java:69)
	at org.junit.platform.engine.support.hierarchical.NodeTestTask.lambda$executeRecursively$6(NodeTestTask.java:151)
	at org.junit.platform.engine.support.hierarchical.ThrowableCollector.execute(ThrowableCollector.java:73)
	at org.junit.platform.engine.support.hierarchical.NodeTestTask.lambda$executeRecursively$8(NodeTestTask.java:141)
	at org.junit.platform.engine.support.hierarchical.Node.around(Node.java:137)
	at org.junit.platform.engine.support.hierarchical.NodeTestTask.lambda$executeRecursively$9(NodeTestTask.java:139)
	at org.junit.platform.engine.support.hierarchical.ThrowableCollector.execute(ThrowableCollector.java:73)
	at org.junit.platform.engine.support.hierarchical.NodeTestTask.executeRecursively(NodeTestTask.java:138)
	at org.junit.platform.engine.support.hierarchical.NodeTestTask.execute(NodeTestTask.java:95)
	at java.base/java.util.ArrayList.forEach(ArrayList.java:1596)
	at org.junit.platform.engine.support.hierarchical.SameThreadHierarchicalTestExecutorService.invokeAll(SameThreadHierarchicalTestExecutorService.java:41)
	at org.junit.platform.engine.support.hierarchical.NodeTestTask.lambda$executeRecursively$6(NodeTestTask.java:155)
	at org.junit.platform.engine.support.hierarchical.ThrowableCollector.execute(ThrowableCollector.java:73)
	at org.junit.platform.engine.support.hierarchical.NodeTestTask.lambda$executeRecursively$8(NodeTestTask.java:141)
	at org.junit.platform.engine.support.hierarchical.Node.around(Node.java:137)
	at org.junit.platform.engine.support.hierarchical.NodeTestTask.lambda$executeRecursively$9(NodeTestTask.java:139)
	at org.junit.platform.engine.support.hierarchical.ThrowableCollector.execute(ThrowableCollector.java:73)
	at org.junit.platform.engine.support.hierarchical.NodeTestTask.executeRecursively(NodeTestTask.java:138)
	at org.junit.platform.engine.support.hierarchical.NodeTestTask.execute(NodeTestTask.java:95)
	at java.base/java.util.ArrayList.forEach(ArrayList.java:1596)
	at org.junit.platform.engine.support.hierarchical.SameThreadHierarchicalTestExecutorService.invokeAll(SameThreadHierarchicalTestExecutorService.java:41)
	at org.junit.platform.engine.support.hierarchical.NodeTestTask.lambda$executeRecursively$6(NodeTestTask.java:155)
	at org.junit.platform.engine.support.hierarchical.ThrowableCollector.execute(ThrowableCollector.java:73)
	at org.junit.platform.engine.support.hierarchical.NodeTestTask.lambda$executeRecursively$8(NodeTestTask.java:141)
	at org.junit.platform.engine.support.hierarchical.Node.around(Node.java:137)
	at org.junit.platform.engine.support.hierarchical.NodeTestTask.lambda$executeRecursively$9(NodeTestTask.java:139)
	at org.junit.platform.engine.support.hierarchical.ThrowableCollector.execute(ThrowableCollector.java:73)
	at org.junit.platform.engine.support.hierarchical.NodeTestTask.executeRecursively(NodeTestTask.java:138)
	at org.junit.platform.engine.support.hierarchical.NodeTestTask.execute(NodeTestTask.java:95)
	at org.junit.platform.engine.support.hierarchical.SameThreadHierarchicalTestExecutorService.submit(SameThreadHierarchicalTestExecutorService.java:35)
	at org.junit.platform.engine.support.hierarchical.HierarchicalTestExecutor.execute(HierarchicalTestExecutor.java:57)
	at org.junit.platform.engine.support.hierarchical.HierarchicalTestEngine.execute(HierarchicalTestEngine.java:54)
	at org.junit.platform.launcher.core.EngineExecutionOrchestrator.execute(EngineExecutionOrchestrator.java:198)
	at org.junit.platform.launcher.core.EngineExecutionOrchestrator.execute(EngineExecutionOrchestrator.java:169)
	at org.junit.platform.launcher.core.EngineExecutionOrchestrator.execute(EngineExecutionOrchestrator.java:93)
	at org.junit.platform.launcher.core.EngineExecutionOrchestrator.lambda$execute$0(EngineExecutionOrchestrator.java:58)
	at org.junit.platform.launcher.core.EngineExecutionOrchestrator.withInterceptedStreams(EngineExecutionOrchestrator.java:141)
	at org.junit.platform.launcher.core.EngineExecutionOrchestrator.execute(EngineExecutionOrchestrator.java:57)
	at org.junit.platform.launcher.core.DefaultLauncher.execute(DefaultLauncher.java:103)
	at org.junit.platform.launcher.core.DefaultLauncher.execute(DefaultLauncher.java:85)
	at org.junit.platform.launcher.core.DelegatingLauncher.execute(DelegatingLauncher.java:47)
	at org.junit.platform.launcher.core.SessionPerRequestLauncher.execute(SessionPerRequestLauncher.java:63)
	at com.intellij.junit5.JUnit5IdeaTestRunner.startRunnerWithArgs(JUnit5IdeaTestRunner.java:57)
	at com.intellij.rt.junit.IdeaTestRunner$Repeater$1.execute(IdeaTestRunner.java:38)
	at com.intellij.rt.execution.junit.TestsRepeater.repeat(TestsRepeater.java:11)
	at com.intellij.rt.junit.IdeaTestRunner$Repeater.startRunnerWithArgs(IdeaTestRunner.java:35)
	at com.intellij.rt.junit.JUnitStarter.prepareStreamsAndStart(JUnitStarter.java:232)
	at com.intellij.rt.junit.JUnitStarter.main(JUnitStarter.java:55)
2025-02-04 08:54:14 [main] INFO  l.insoft.uztis.tests.utils.TestUtils - Screenshot moved to C:\Users\ingrida.zadorozniene\Desktop\Asm\UZTIS\UZTIS_tests\test-output\screenshots\20250204\085414125_testFillNewApplication().png
2025-02-04 09:17:14 [main] INFO  lt.insoft.uztis.tests.UztisPageTest - Navigated to https://uztisdev.asseco.lt/home
2025-02-04 09:17:14 [main] INFO  l.i.u.t.SubmittedApplicationsPageTest - Starting test:'testFillNewApplication'
2025-02-04 09:17:15 [main] DEBUG l.i.u.t.SubmittedApplicationsPageTest - User logged in with test credentials.
2025-02-04 09:17:15 [main] DEBUG l.i.u.t.SubmittedApplicationsPageTest - Opened 'Application Processing' menu.
2025-02-04 09:17:15 [main] DEBUG l.i.u.t.SubmittedApplicationsPageTest - Clicked on 'Application Forms' menu.
2025-02-04 09:17:16 [main] DEBUG l.i.u.t.SubmittedApplicationsPageTest - Retrieved last description code text: 'TST-VUI-27'.
2025-02-04 09:17:17 [main] DEBUG l.i.u.t.SubmittedApplicationsPageTest - Clicked on 'Invitation' menu.
2025-02-04 09:17:17 [main] DEBUG l.i.u.t.SubmittedApplicationsPageTest - Selected application section by code: 'TST-VUI-27'.
2025-02-04 09:17:18 [main] DEBUG l.i.u.t.SubmittedApplicationsPageTest - Clicked 'Search' button.
2025-02-04 09:17:18 [main] DEBUG l.i.u.t.SubmittedApplicationsPageTest - Retrieved invitation code: ''.
2025-02-04 09:17:18 [main] DEBUG l.i.u.t.SubmittedApplicationsPageTest - Clicked on 'Submitted Applications' menu.
2025-02-04 09:17:19 [main] DEBUG l.i.u.t.SubmittedApplicationsPageTest - Selected invitation by code: 'TST-VUI-27'.
2025-02-04 09:17:19 [main] DEBUG l.i.u.t.SubmittedApplicationsPageTest - Invitation code inserted.
2025-02-04 09:17:19 [main] DEBUG l.i.u.t.SubmittedApplicationsPageTest - Clicked on 'Action Application' button.
2025-02-04 09:17:19 [main] DEBUG l.i.u.t.SubmittedApplicationsPageTest - Clicked on 'New Application' button.
2025-02-04 09:17:20 [main] DEBUG l.i.u.t.SubmittedApplicationsPageTest - Selected the 'RadioButtonFA' option.
2025-02-04 09:17:20 [main] DEBUG l.i.u.t.SubmittedApplicationsPageTest - Entered phone number: '61298745'.
2025-02-04 09:17:20 [main] DEBUG l.i.u.t.SubmittedApplicationsPageTest - Entered email: 'test@autotest.com'.
2025-02-04 09:17:20 [main] INFO  l.i.u.p.SubmittedApplicationsPage - Located the dropdown button.
2025-02-04 09:17:41 [main] INFO  l.i.u.p.SubmittedApplicationsPage - Found 1741 options in the dropdown.
2025-02-04 09:17:41 [main] INFO  l.i.u.p.SubmittedApplicationsPage - Successfully selected the value: '01.11 - Grūdinių (išskyrus ryžius), ankštinių ir aliejingų sėklų augalų auginimas'
2025-02-04 09:17:51 [main] ERROR l.i.u.p.SubmittedApplicationsPage - Failed to close the dropdown with aria-expanded = 'false'. Attempting manual close.
2025-02-04 09:17:51 [main] INFO  l.i.u.p.SubmittedApplicationsPage - Manual close attempt for the dropdown using body click.
2025-02-04 09:17:51 [main] DEBUG l.i.u.t.SubmittedApplicationsPageTest - Selected EVRK value: '01.11 - Grūdinių (išskyrus ryžius), ankštinių ir aliejingų sėklų augalų auginimas'.
2025-02-04 09:17:52 [main] DEBUG l.i.u.t.SubmittedApplicationsPageTest - Entered address: 'Vilniaus m. sav., Vilnius, Testo g. 10T'.
2025-02-04 09:17:52 [main] DEBUG l.i.u.t.SubmittedApplicationsPageTest - Entered project date.
2025-02-04 09:17:52 [main] DEBUG l.i.u.t.SubmittedApplicationsPageTest - Entered job count: '1'.
2025-02-04 09:17:52 [main] DEBUG l.i.u.t.SubmittedApplicationsPageTest - Clicked 'Next' button.
2025-02-04 09:17:52 [main] INFO  l.i.u.p.SubmittedApplicationsPage - Located the dropdown button.
2025-02-04 09:17:54 [main] INFO  l.i.u.p.SubmittedApplicationsPage - Successfully selected the value: 'Administratoriai'
2025-02-04 09:18:14 [main] ERROR l.i.u.p.SubmittedApplicationsPage - Timeout while waiting for dropdown to close with aria-expanded = 'false'.
2025-02-04 09:18:14 [main] DEBUG l.i.u.t.SubmittedApplicationsPageTest - Selected job name: 'Administratoriai'.
2025-02-04 09:18:14 [main] DEBUG l.i.u.t.SubmittedApplicationsPageTest - Entered job function: 'Funkcija 1'.
2025-02-04 09:18:14 [main] DEBUG l.i.u.t.SubmittedApplicationsPageTest - Selected 'RadioButtonWithDisabilities' option.
2025-02-04 09:18:14 [main] INFO  l.i.u.p.SubmittedApplicationsPage - Clicking on the dropdown button.
2025-02-04 09:18:14 [main] INFO  l.i.u.p.SubmittedApplicationsPage - Found 34 options in the dropdown.
2025-02-04 09:18:14 [main] DEBUG l.i.u.p.SubmittedApplicationsPage - Checking option: 'Asmenys, kuriems suteiktas pabėgėlio statusas ar perkeliamojo asmens statusas, arba asmenys, kuriems suteikta papildoma ar laikinoji apsauga, ir asmenys, turintys teisę gauti laikinąją apsaugą, iki sprendimo dėl laikinosios apsaugos suteikimo (nesuteikimo) priėmimo, tačiau ne ilgiau kaip laikinosios apsaugos laikotarpiu'
2025-02-04 09:18:14 [main] DEBUG l.i.u.p.SubmittedApplicationsPage - Checking option: 'Asmenys, kuriems suteiktas pabėgėlio statusas ar perkeliamojo asmens statusas, arba asmenys, kuriems suteikta papildoma ar laikinoji apsauga, ir asmenys, turintys teisę gauti laikinąją apsaugą, iki sprendimo dėl laikinosios apsaugos suteikimo (nesuteikimo) priėmimo, tačiau ne ilgiau kaip laikinosios apsaugos laikotarpiu'
2025-02-04 09:18:14 [main] DEBUG l.i.u.p.SubmittedApplicationsPage - Checking option: 'Asmenys, turintys teisę į papildomas užimtumo garantijas pagal Lietuvos Respublikos valstybės įmonės Ignalinos atominės elektrinės darbuotojų papildomų užimtumo ir socialinių garantijų įstatymą'
2025-02-04 09:18:14 [main] DEBUG l.i.u.p.SubmittedApplicationsPage - Checking option: 'Asmenys, turintys teisę į papildomas užimtumo garantijas pagal Lietuvos Respublikos valstybės įmonės Ignalinos atominės elektrinės darbuotojų papildomų užimtumo ir socialinių garantijų įstatymą'
2025-02-04 09:18:14 [main] DEBUG l.i.u.p.SubmittedApplicationsPage - Checking option: 'Bedarbiai iki 29 metų'
2025-02-04 09:18:15 [main] DEBUG l.i.u.p.SubmittedApplicationsPage - Checking option: 'Bedarbiai iki 29 metų'
2025-02-04 09:18:15 [main] DEBUG l.i.u.p.SubmittedApplicationsPage - Checking option: 'Bedarbiai, kurie yra darbingo amžiaus neįgalieji, kuriems nustatytas 30–40 procentų darbingumo lygis arba vidutinis neįgalumo lygis'
2025-02-04 09:18:15 [main] DEBUG l.i.u.p.SubmittedApplicationsPage - Checking option: 'Bedarbiai, kurie yra darbingo amžiaus neįgalieji, kuriems nustatytas 30–40 procentų darbingumo lygis arba vidutinis neįgalumo lygis'
2025-02-04 09:18:15 [main] DEBUG l.i.u.p.SubmittedApplicationsPage - Checking option: 'Bedarbiai, kurie yra darbingo amžiaus neįgalieji, kuriems nustatytas 45–55 procentų darbingumo lygis arba lengvas neįgalumo lygis'
2025-02-04 09:18:15 [main] DEBUG l.i.u.p.SubmittedApplicationsPage - Checking option: 'Bedarbiai, kurie yra darbingo amžiaus neįgalieji, kuriems nustatytas 45–55 procentų darbingumo lygis arba lengvas neįgalumo lygis'
2025-02-04 09:18:15 [main] DEBUG l.i.u.p.SubmittedApplicationsPage - Checking option: 'Bedarbiai, kurie yra darbingo amžiaus neįgalieji, kuriems nustatytas iki 25 procentų darbingumo lygis arba sunkus neįgalumo lygis'
2025-02-04 09:18:15 [main] INFO  l.i.u.p.SubmittedApplicationsPage - Successfully selected the value: 'Bedarbiai, kurie yra darbingo amžiaus neįgalieji, kuriems nustatytas iki 25 procentų darbingumo lygis arba sunkus neįgalumo lygis'
2025-02-04 09:18:15 [main] INFO  l.i.u.p.SubmittedApplicationsPage - Attempting to close the dropdown.
2025-02-04 09:18:25 [main] INFO  l.i.u.p.SubmittedApplicationsPage - Dropdown should be closed now.
2025-02-04 09:18:25 [main] DEBUG l.i.u.t.SubmittedApplicationsPageTest - Selected disabilities type: 'Bedarbiai, kurie yra darbingo amžiaus neįgalieji, kuriems nustatytas iki 25 procentų darbingumo lygis arba sunkus neįgalumo lygis'.
2025-02-04 09:18:26 [main] DEBUG l.i.u.t.SubmittedApplicationsPageTest - Entered disability information: 'Negalia 1'.
2025-02-04 09:18:26 [main] INFO  l.i.u.p.SubmittedApplicationsPage - Located the dropdown button.
2025-02-04 09:18:26 [main] INFO  l.i.u.p.SubmittedApplicationsPage - Successfully selected the value: 'Kita'
2025-02-04 09:18:36 [main] ERROR l.i.u.p.SubmittedApplicationsPage - Timeout while waiting for dropdown to close with aria-expanded = 'false'.
2025-02-04 09:18:36 [main] DEBUG l.i.u.t.SubmittedApplicationsPageTest - Selected time mode: 'Kita'.
2025-02-04 09:18:36 [main] DEBUG l.i.u.t.SubmittedApplicationsPageTest - Selected time mode other: '6 val. per dieną ir 4 d. per savaitę'.
2025-02-04 09:18:37 [main] DEBUG l.i.u.t.SubmittedApplicationsPageTest - Entered qualification: 'Kvalifikacija 1'.
2025-02-04 09:18:37 [main] DEBUG l.i.u.t.SubmittedApplicationsPageTest - Entered job date.
2025-02-04 09:18:37 [main] DEBUG l.i.u.t.SubmittedApplicationsPageTest - Entered salary amount: '1200'.
2025-02-04 09:18:37 [main] DEBUG l.i.u.t.SubmittedApplicationsPageTest - Selected 'Temporary Job' radio button.
2025-02-04 09:18:37 [main] DEBUG l.i.u.t.SubmittedApplicationsPageTest - Selected 'Season Job' radio button.
2025-02-04 09:18:37 [main] DEBUG l.i.u.t.SubmittedApplicationsPageTest - Selected 'Energy' radio button.
2025-02-04 09:18:38 [main] DEBUG l.i.u.t.SubmittedApplicationsPageTest - Selected 'Repair' radio button.
2025-02-04 09:18:38 [main] DEBUG l.i.u.t.SubmittedApplicationsPageTest - Entered job description: 'Veikla 1'.
2025-02-04 09:18:38 [main] DEBUG l.i.u.t.SubmittedApplicationsPageTest - Entered process description: 'Procesas 1'.
2025-02-04 09:18:38 [main] DEBUG l.i.u.t.SubmittedApplicationsPageTest - Entered energy information: 'Energija 1'.
2025-02-04 09:18:38 [main] DEBUG l.i.u.t.SubmittedApplicationsPageTest - Entered repair information: 'Remontas 1'.
2025-02-04 09:18:38 [main] DEBUG l.i.u.t.SubmittedApplicationsPageTest - Selected 'PVM' radio button.
2025-02-04 09:18:38 [main] INFO  l.i.u.p.SubmittedApplicationsPage - Located the dropdown button.
2025-02-04 09:18:39 [main] INFO  l.i.u.p.SubmittedApplicationsPage - Successfully selected the value: 'Įsigyti'
2025-02-04 09:18:59 [main] ERROR l.i.u.p.SubmittedApplicationsPage - Timeout while waiting for dropdown to close with aria-expanded = 'false'.
2025-02-04 09:18:59 [main] DEBUG l.i.u.t.SubmittedApplicationsPageTest - Selected necessary for job: 'Įsigyti'.
2025-02-04 09:18:59 [main] DEBUG l.i.u.t.SubmittedApplicationsPageTest - Selected tool: 'Darbo priemonė 1'.
2025-02-04 09:18:59 [main] DEBUG l.i.u.t.SubmittedApplicationsPageTest - Selected tool parameter one: 'Darbo priemonės 1 parametras 1'.
2025-02-04 09:19:00 [main] DEBUG l.i.u.t.SubmittedApplicationsPageTest - Selected tool parameter two: 'Darbo priemonės 1 parametras 2'.
2025-02-04 09:19:00 [main] DEBUG l.i.u.t.SubmittedApplicationsPageTest - Selected tool parameter three: 'Darbo priemonės 1 parametras 3'.
2025-02-04 09:19:00 [main] DEBUG l.i.u.t.SubmittedApplicationsPageTest - Entered tool count: '1'.
2025-02-04 09:19:00 [main] DEBUG l.i.u.t.SubmittedApplicationsPageTest - Entered price amount: '1000'.
2025-02-04 09:19:00 [main] DEBUG l.i.u.t.SubmittedApplicationsPageTest - Entered own funds amount: '800'.
2025-02-04 09:19:01 [main] DEBUG l.i.u.t.SubmittedApplicationsPageTest - Entered country percentage: '50'.
2025-02-04 09:19:01 [main] DEBUG l.i.u.t.SubmittedApplicationsPageTest - Entered institution percentage: '50'.
2025-02-04 09:19:01 [main] DEBUG l.i.u.t.SubmittedApplicationsPageTest - Entered municipality percentage: '50'.
2025-02-04 09:19:01 [main] DEBUG l.i.u.t.SubmittedApplicationsPageTest - Selected 'De Minimis' radio button.
2025-02-04 09:19:01 [main] DEBUG l.i.u.t.SubmittedApplicationsPageTest - Entered program name: 'Programa 1'.
2025-02-04 09:19:01 [main] DEBUG l.i.u.t.SubmittedApplicationsPageTest - Entered project date from.
2025-02-04 09:19:02 [main] DEBUG l.i.u.t.SubmittedApplicationsPageTest - Entered project date until.
2025-02-04 09:19:02 [main] DEBUG l.i.u.t.SubmittedApplicationsPageTest - Entered support amount: '2000'.
2025-02-04 09:19:02 [main] DEBUG l.i.u.t.SubmittedApplicationsPageTest - Clicked 'Next' button.
2025-02-04 09:19:12 [main] DEBUG l.i.u.t.SubmittedApplicationsPageTest - ✅ Checked 'Legal Entities' checkbox 1.
2025-02-04 09:19:22 [main] DEBUG l.i.u.t.SubmittedApplicationsPageTest - ✅ Checked 'Legal Entities' checkbox 2.
2025-02-04 09:19:32 [main] DEBUG l.i.u.t.SubmittedApplicationsPageTest - ✅ Checked 'Legal Entities' checkbox 3.
2025-02-04 09:19:32 [main] DEBUG l.i.u.t.SubmittedApplicationsPageTest - Test finished: All 'Legal Entities' checkboxes checked successfully.
2025-02-04 09:19:33 [main] DEBUG l.i.u.t.SubmittedApplicationsPageTest - Clicked 'Next' button after checkboxes.
2025-02-04 09:19:33 [main] INFO  l.i.u.t.SubmittedApplicationsPageTest - Test 'testFillNewApplication' completed successfully.
2025-02-04 09:49:10 [main] INFO  lt.insoft.uztis.tests.UztisPageTest - Navigated to https://uztisdev.asseco.lt/home
2025-02-04 09:49:10 [main] INFO  l.i.u.t.SubmittedApplicationsPageTest - Starting test:'testFillNewApplication'
2025-02-04 09:49:10 [main] DEBUG l.i.u.t.SubmittedApplicationsPageTest - User logged in with test credentials.
2025-02-04 09:49:11 [main] DEBUG l.i.u.t.SubmittedApplicationsPageTest - Opened 'Application Processing' menu.
2025-02-04 09:49:11 [main] DEBUG l.i.u.t.SubmittedApplicationsPageTest - Clicked on 'Application Forms' menu.
2025-02-04 09:49:12 [main] DEBUG l.i.u.t.SubmittedApplicationsPageTest - Retrieved last description code text: 'TST-VUI-27'.
2025-02-04 09:49:12 [main] DEBUG l.i.u.t.SubmittedApplicationsPageTest - Clicked on 'Invitation' menu.
2025-02-04 09:49:13 [main] DEBUG l.i.u.t.SubmittedApplicationsPageTest - Selected application section by code: 'TST-VUI-27'.
2025-02-04 09:49:13 [main] DEBUG l.i.u.t.SubmittedApplicationsPageTest - Clicked 'Search' button.
2025-02-04 09:49:13 [main] DEBUG l.i.u.t.SubmittedApplicationsPageTest - Retrieved invitation code: ''.
2025-02-04 09:49:13 [main] DEBUG l.i.u.t.SubmittedApplicationsPageTest - Clicked on 'Submitted Applications' menu.
2025-02-04 09:49:14 [main] DEBUG l.i.u.t.SubmittedApplicationsPageTest - Selected invitation by code: 'TST-VUI-27'.
2025-02-04 09:49:14 [main] DEBUG l.i.u.t.SubmittedApplicationsPageTest - Invitation code inserted.
2025-02-04 09:49:14 [main] DEBUG l.i.u.t.SubmittedApplicationsPageTest - Clicked on 'Action Application' button.
2025-02-04 09:49:14 [main] DEBUG l.i.u.t.SubmittedApplicationsPageTest - Clicked on 'New Application' button.
2025-02-04 09:49:15 [main] DEBUG l.i.u.t.SubmittedApplicationsPageTest - Selected the 'RadioButtonFA' option.
2025-02-04 09:49:15 [main] DEBUG l.i.u.t.SubmittedApplicationsPageTest - Entered phone number: '61298745'.
2025-02-04 09:49:15 [main] DEBUG l.i.u.t.SubmittedApplicationsPageTest - Entered email: 'test@autotest.com'.
2025-02-04 09:49:15 [main] INFO  l.i.u.p.SubmittedApplicationsPage - Located the dropdown button.
2025-02-04 09:49:35 [main] INFO  l.i.u.p.SubmittedApplicationsPage - Found 1741 options in the dropdown.
2025-02-04 09:49:35 [main] INFO  l.i.u.p.SubmittedApplicationsPage - Successfully selected the value: '01.11 - Grūdinių (išskyrus ryžius), ankštinių ir aliejingų sėklų augalų auginimas'
2025-02-04 09:49:45 [main] ERROR l.i.u.p.SubmittedApplicationsPage - Failed to close the dropdown with aria-expanded = 'false'. Attempting manual close.
2025-02-04 09:49:46 [main] INFO  l.i.u.p.SubmittedApplicationsPage - Manual close attempt for the dropdown using body click.
2025-02-04 09:49:46 [main] DEBUG l.i.u.t.SubmittedApplicationsPageTest - Selected EVRK value: '01.11 - Grūdinių (išskyrus ryžius), ankštinių ir aliejingų sėklų augalų auginimas'.
2025-02-04 09:49:46 [main] DEBUG l.i.u.t.SubmittedApplicationsPageTest - Entered address: 'Vilniaus m. sav., Vilnius, Testo g. 10T'.
2025-02-04 09:49:46 [main] DEBUG l.i.u.t.SubmittedApplicationsPageTest - Entered project date.
2025-02-04 09:49:46 [main] DEBUG l.i.u.t.SubmittedApplicationsPageTest - Entered job count: '1'.
2025-02-04 09:49:46 [main] DEBUG l.i.u.t.SubmittedApplicationsPageTest - Clicked 'Next' button.
2025-02-04 09:49:46 [main] INFO  l.i.u.p.SubmittedApplicationsPage - Located the dropdown button.
2025-02-04 09:49:47 [main] INFO  l.i.u.p.SubmittedApplicationsPage - Successfully selected the value: 'Administratoriai'
2025-02-04 09:50:07 [main] ERROR l.i.u.p.SubmittedApplicationsPage - Timeout while waiting for dropdown to close with aria-expanded = 'false'.
2025-02-04 09:50:07 [main] DEBUG l.i.u.t.SubmittedApplicationsPageTest - Selected job name: 'Administratoriai'.
2025-02-04 09:50:08 [main] DEBUG l.i.u.t.SubmittedApplicationsPageTest - Entered job function: 'Funkcija 1'.
2025-02-04 09:50:08 [main] DEBUG l.i.u.t.SubmittedApplicationsPageTest - Selected 'RadioButtonWithDisabilities' option.
2025-02-04 09:50:08 [main] INFO  l.i.u.p.SubmittedApplicationsPage - Clicking on the dropdown button.
2025-02-04 09:50:08 [main] INFO  l.i.u.p.SubmittedApplicationsPage - Found 34 options in the dropdown.
2025-02-04 09:50:08 [main] DEBUG l.i.u.p.SubmittedApplicationsPage - Checking option: 'Asmenys, kuriems suteiktas pabėgėlio statusas ar perkeliamojo asmens statusas, arba asmenys, kuriems suteikta papildoma ar laikinoji apsauga, ir asmenys, turintys teisę gauti laikinąją apsaugą, iki sprendimo dėl laikinosios apsaugos suteikimo (nesuteikimo) priėmimo, tačiau ne ilgiau kaip laikinosios apsaugos laikotarpiu'
2025-02-04 09:50:08 [main] DEBUG l.i.u.p.SubmittedApplicationsPage - Checking option: 'Asmenys, kuriems suteiktas pabėgėlio statusas ar perkeliamojo asmens statusas, arba asmenys, kuriems suteikta papildoma ar laikinoji apsauga, ir asmenys, turintys teisę gauti laikinąją apsaugą, iki sprendimo dėl laikinosios apsaugos suteikimo (nesuteikimo) priėmimo, tačiau ne ilgiau kaip laikinosios apsaugos laikotarpiu'
2025-02-04 09:50:08 [main] DEBUG l.i.u.p.SubmittedApplicationsPage - Checking option: 'Asmenys, turintys teisę į papildomas užimtumo garantijas pagal Lietuvos Respublikos valstybės įmonės Ignalinos atominės elektrinės darbuotojų papildomų užimtumo ir socialinių garantijų įstatymą'
2025-02-04 09:50:08 [main] DEBUG l.i.u.p.SubmittedApplicationsPage - Checking option: 'Asmenys, turintys teisę į papildomas užimtumo garantijas pagal Lietuvos Respublikos valstybės įmonės Ignalinos atominės elektrinės darbuotojų papildomų užimtumo ir socialinių garantijų įstatymą'
2025-02-04 09:50:08 [main] DEBUG l.i.u.p.SubmittedApplicationsPage - Checking option: 'Bedarbiai iki 29 metų'
2025-02-04 09:50:08 [main] DEBUG l.i.u.p.SubmittedApplicationsPage - Checking option: 'Bedarbiai iki 29 metų'
2025-02-04 09:50:08 [main] DEBUG l.i.u.p.SubmittedApplicationsPage - Checking option: 'Bedarbiai, kurie yra darbingo amžiaus neįgalieji, kuriems nustatytas 30–40 procentų darbingumo lygis arba vidutinis neįgalumo lygis'
2025-02-04 09:50:08 [main] DEBUG l.i.u.p.SubmittedApplicationsPage - Checking option: 'Bedarbiai, kurie yra darbingo amžiaus neįgalieji, kuriems nustatytas 30–40 procentų darbingumo lygis arba vidutinis neįgalumo lygis'
2025-02-04 09:50:08 [main] DEBUG l.i.u.p.SubmittedApplicationsPage - Checking option: 'Bedarbiai, kurie yra darbingo amžiaus neįgalieji, kuriems nustatytas 45–55 procentų darbingumo lygis arba lengvas neįgalumo lygis'
2025-02-04 09:50:08 [main] DEBUG l.i.u.p.SubmittedApplicationsPage - Checking option: 'Bedarbiai, kurie yra darbingo amžiaus neįgalieji, kuriems nustatytas 45–55 procentų darbingumo lygis arba lengvas neįgalumo lygis'
2025-02-04 09:50:08 [main] DEBUG l.i.u.p.SubmittedApplicationsPage - Checking option: 'Bedarbiai, kurie yra darbingo amžiaus neįgalieji, kuriems nustatytas iki 25 procentų darbingumo lygis arba sunkus neįgalumo lygis'
2025-02-04 09:50:08 [main] INFO  l.i.u.p.SubmittedApplicationsPage - Successfully selected the value: 'Bedarbiai, kurie yra darbingo amžiaus neįgalieji, kuriems nustatytas iki 25 procentų darbingumo lygis arba sunkus neįgalumo lygis'
2025-02-04 09:50:08 [main] INFO  l.i.u.p.SubmittedApplicationsPage - Attempting to close the dropdown.
2025-02-04 09:50:19 [main] INFO  l.i.u.p.SubmittedApplicationsPage - Dropdown should be closed now.
2025-02-04 09:50:19 [main] DEBUG l.i.u.t.SubmittedApplicationsPageTest - Selected disabilities type: 'Bedarbiai, kurie yra darbingo amžiaus neįgalieji, kuriems nustatytas iki 25 procentų darbingumo lygis arba sunkus neįgalumo lygis'.
2025-02-04 09:50:19 [main] DEBUG l.i.u.t.SubmittedApplicationsPageTest - Entered disability information: 'Negalia 1'.
2025-02-04 09:50:19 [main] INFO  l.i.u.p.SubmittedApplicationsPage - Located the dropdown button.
2025-02-04 09:50:20 [main] INFO  l.i.u.p.SubmittedApplicationsPage - Successfully selected the value: 'Kita'
2025-02-04 09:50:30 [main] ERROR l.i.u.p.SubmittedApplicationsPage - Timeout while waiting for dropdown to close with aria-expanded = 'false'.
2025-02-04 09:50:30 [main] DEBUG l.i.u.t.SubmittedApplicationsPageTest - Selected time mode: 'Kita'.
2025-02-04 09:50:30 [main] DEBUG l.i.u.t.SubmittedApplicationsPageTest - Selected time mode other: '6 val. per dieną ir 4 d. per savaitę'.
2025-02-04 09:50:30 [main] DEBUG l.i.u.t.SubmittedApplicationsPageTest - Entered qualification: 'Kvalifikacija 1'.
2025-02-04 09:50:31 [main] DEBUG l.i.u.t.SubmittedApplicationsPageTest - Entered job date.
2025-02-04 09:50:31 [main] DEBUG l.i.u.t.SubmittedApplicationsPageTest - Entered salary amount: '1200'.
2025-02-04 09:50:31 [main] DEBUG l.i.u.t.SubmittedApplicationsPageTest - Selected 'Temporary Job' radio button.
2025-02-04 09:50:31 [main] DEBUG l.i.u.t.SubmittedApplicationsPageTest - Selected 'Season Job' radio button.
2025-02-04 09:50:31 [main] DEBUG l.i.u.t.SubmittedApplicationsPageTest - Selected 'Energy' radio button.
2025-02-04 09:50:31 [main] DEBUG l.i.u.t.SubmittedApplicationsPageTest - Selected 'Repair' radio button.
2025-02-04 09:50:32 [main] DEBUG l.i.u.t.SubmittedApplicationsPageTest - Entered job description: 'Veikla 1'.
2025-02-04 09:50:32 [main] DEBUG l.i.u.t.SubmittedApplicationsPageTest - Entered process description: 'Procesas 1'.
2025-02-04 09:50:32 [main] DEBUG l.i.u.t.SubmittedApplicationsPageTest - Entered energy information: 'Energija 1'.
2025-02-04 09:50:32 [main] DEBUG l.i.u.t.SubmittedApplicationsPageTest - Entered repair information: 'Remontas 1'.
2025-02-04 09:50:32 [main] DEBUG l.i.u.t.SubmittedApplicationsPageTest - Selected 'PVM' radio button.
2025-02-04 09:50:32 [main] INFO  l.i.u.p.SubmittedApplicationsPage - Located the dropdown button.
2025-02-04 09:50:33 [main] INFO  l.i.u.p.SubmittedApplicationsPage - Successfully selected the value: 'Įsigyti'
2025-02-04 09:50:53 [main] ERROR l.i.u.p.SubmittedApplicationsPage - Timeout while waiting for dropdown to close with aria-expanded = 'false'.
2025-02-04 09:50:53 [main] DEBUG l.i.u.t.SubmittedApplicationsPageTest - Selected necessary for job: 'Įsigyti'.
2025-02-04 09:50:53 [main] DEBUG l.i.u.t.SubmittedApplicationsPageTest - Selected tool: 'Darbo priemonė 1'.
2025-02-04 09:50:54 [main] DEBUG l.i.u.t.SubmittedApplicationsPageTest - Selected tool parameter one: 'Darbo priemonės 1 parametras 1'.
2025-02-04 09:50:54 [main] DEBUG l.i.u.t.SubmittedApplicationsPageTest - Selected tool parameter two: 'Darbo priemonės 1 parametras 2'.
2025-02-04 09:50:54 [main] DEBUG l.i.u.t.SubmittedApplicationsPageTest - Selected tool parameter three: 'Darbo priemonės 1 parametras 3'.
2025-02-04 09:50:54 [main] DEBUG l.i.u.t.SubmittedApplicationsPageTest - Entered tool count: '1'.
2025-02-04 09:50:54 [main] DEBUG l.i.u.t.SubmittedApplicationsPageTest - Entered price amount: '1000'.
2025-02-04 09:50:54 [main] DEBUG l.i.u.t.SubmittedApplicationsPageTest - Entered own funds amount: '800'.
2025-02-04 09:50:55 [main] DEBUG l.i.u.t.SubmittedApplicationsPageTest - Entered country percentage: '50'.
2025-02-04 09:50:55 [main] DEBUG l.i.u.t.SubmittedApplicationsPageTest - Entered institution percentage: '50'.
2025-02-04 09:50:55 [main] DEBUG l.i.u.t.SubmittedApplicationsPageTest - Entered municipality percentage: '50'.
2025-02-04 09:50:55 [main] DEBUG l.i.u.t.SubmittedApplicationsPageTest - Selected 'De Minimis' radio button.
2025-02-04 09:50:55 [main] DEBUG l.i.u.t.SubmittedApplicationsPageTest - Entered program name: 'Programa 1'.
2025-02-04 09:50:56 [main] DEBUG l.i.u.t.SubmittedApplicationsPageTest - Entered project date from.
2025-02-04 09:50:56 [main] DEBUG l.i.u.t.SubmittedApplicationsPageTest - Entered project date until.
2025-02-04 09:50:56 [main] DEBUG l.i.u.t.SubmittedApplicationsPageTest - Entered support amount: '2000'.
2025-02-04 09:50:56 [main] DEBUG l.i.u.t.SubmittedApplicationsPageTest - Clicked 'Next' button.
2025-02-04 09:51:06 [main] DEBUG l.i.u.t.SubmittedApplicationsPageTest - Checked 'Legal Entities' checkbox 1.
2025-02-04 09:51:16 [main] DEBUG l.i.u.t.SubmittedApplicationsPageTest - Checked 'Legal Entities' checkbox 2.
2025-02-04 09:51:26 [main] DEBUG l.i.u.t.SubmittedApplicationsPageTest - Checked 'Legal Entities' checkbox 3.
2025-02-04 09:51:26 [main] DEBUG l.i.u.t.SubmittedApplicationsPageTest - Test finished: All 'Legal Entities' checkboxes checked successfully.
2025-02-04 09:51:27 [main] DEBUG l.i.u.t.SubmittedApplicationsPageTest - Clicked 'Next' button after checkboxes.
2025-02-04 09:51:37 [main] ERROR l.i.u.t.SubmittedApplicationsPageTest - Test 'testFillNewApplication' failed with error: no such element: Unable to locate element: {"method":"xpath","selector":"//input[@type='radio' and @value='no1']"}
  (Session info: chrome=132.0.6834.160)
For documentation on this error, please visit: https://www.selenium.dev/documentation/webdriver/troubleshooting/errors#no-such-element-exception
Build info: version: '4.27.0', revision: 'd6e718d134'
System info: os.name: 'Windows 11', os.arch: 'amd64', os.version: '10.0', java.version: '21.0.3'
Driver info: org.openqa.selenium.chrome.ChromeDriver
Command: [0f1a97d230cea750f6a26738028fa8aa, findElement {value=//input[@type='radio' and @value='no1'], using=xpath}]
Capabilities {acceptInsecureCerts: false, browserName: chrome, browserVersion: 132.0.6834.160, chrome: {chromedriverVersion: 132.0.6834.159 (2d77d3fc445..., userDataDir: C:\Users\INGRID~1.ZAD\AppDa...}, fedcm:accounts: true, goog:chromeOptions: {debuggerAddress: localhost:60666}, networkConnectionEnabled: false, pageLoadStrategy: normal, platformName: windows, proxy: Proxy(), se:cdp: ws://localhost:60666/devtoo..., se:cdpVersion: 132.0.6834.160, setWindowRect: true, strictFileInteractability: false, timeouts: {implicit: 0, pageLoad: 300000, script: 30000}, unhandledPromptBehavior: dismiss and notify, webauthn:extension:credBlob: true, webauthn:extension:largeBlob: true, webauthn:extension:minPinLength: true, webauthn:extension:prf: true, webauthn:virtualAuthenticators: true}
Session ID: 0f1a97d230cea750f6a26738028fa8aa
org.openqa.selenium.NoSuchElementException: no such element: Unable to locate element: {"method":"xpath","selector":"//input[@type='radio' and @value='no1']"}
  (Session info: chrome=132.0.6834.160)
For documentation on this error, please visit: https://www.selenium.dev/documentation/webdriver/troubleshooting/errors#no-such-element-exception
Build info: version: '4.27.0', revision: 'd6e718d134'
System info: os.name: 'Windows 11', os.arch: 'amd64', os.version: '10.0', java.version: '21.0.3'
Driver info: org.openqa.selenium.chrome.ChromeDriver
Command: [0f1a97d230cea750f6a26738028fa8aa, findElement {value=//input[@type='radio' and @value='no1'], using=xpath}]
Capabilities {acceptInsecureCerts: false, browserName: chrome, browserVersion: 132.0.6834.160, chrome: {chromedriverVersion: 132.0.6834.159 (2d77d3fc445..., userDataDir: C:\Users\INGRID~1.ZAD\AppDa...}, fedcm:accounts: true, goog:chromeOptions: {debuggerAddress: localhost:60666}, networkConnectionEnabled: false, pageLoadStrategy: normal, platformName: windows, proxy: Proxy(), se:cdp: ws://localhost:60666/devtoo..., se:cdpVersion: 132.0.6834.160, setWindowRect: true, strictFileInteractability: false, timeouts: {implicit: 0, pageLoad: 300000, script: 30000}, unhandledPromptBehavior: dismiss and notify, webauthn:extension:credBlob: true, webauthn:extension:largeBlob: true, webauthn:extension:minPinLength: true, webauthn:extension:prf: true, webauthn:virtualAuthenticators: true}
Session ID: 0f1a97d230cea750f6a26738028fa8aa
	at java.base/jdk.internal.reflect.DirectConstructorHandleAccessor.newInstance(DirectConstructorHandleAccessor.java:62)
	at java.base/java.lang.reflect.Constructor.newInstanceWithCaller(Constructor.java:502)
	at java.base/java.lang.reflect.Constructor.newInstance(Constructor.java:486)
	at org.openqa.selenium.remote.ErrorCodec.decode(ErrorCodec.java:167)
	at org.openqa.selenium.remote.codec.w3c.W3CHttpResponseCodec.decode(W3CHttpResponseCodec.java:138)
	at org.openqa.selenium.remote.codec.w3c.W3CHttpResponseCodec.decode(W3CHttpResponseCodec.java:50)
	at org.openqa.selenium.remote.HttpCommandExecutor.execute(HttpCommandExecutor.java:190)
	at org.openqa.selenium.remote.service.DriverCommandExecutor.invokeExecute(DriverCommandExecutor.java:216)
	at org.openqa.selenium.remote.service.DriverCommandExecutor.execute(DriverCommandExecutor.java:174)
	at org.openqa.selenium.remote.RemoteWebDriver.execute(RemoteWebDriver.java:545)
	at org.openqa.selenium.remote.ElementLocation$ElementFinder$2.findElement(ElementLocation.java:165)
	at org.openqa.selenium.remote.ElementLocation.findElement(ElementLocation.java:59)
	at org.openqa.selenium.remote.RemoteWebDriver.findElement(RemoteWebDriver.java:368)
	at org.openqa.selenium.remote.RemoteWebDriver.findElement(RemoteWebDriver.java:362)
	at lt.insoft.uztis.pages.SubmittedApplicationsPage$RadioButtonHelper.selectRadioButton(SubmittedApplicationsPage.java:799)
	at lt.insoft.uztis.tests.SubmittedApplicationsPageTest.testFillNewApplication(SubmittedApplicationsPageTest.java:328)
	at java.base/jdk.internal.reflect.DirectMethodHandleAccessor.invoke(DirectMethodHandleAccessor.java:103)
	at java.base/java.lang.reflect.Method.invoke(Method.java:580)
	at org.junit.platform.commons.util.ReflectionUtils.invokeMethod(ReflectionUtils.java:728)
	at org.junit.jupiter.engine.execution.MethodInvocation.proceed(MethodInvocation.java:60)
	at org.junit.jupiter.engine.execution.InvocationInterceptorChain$ValidatingInvocation.proceed(InvocationInterceptorChain.java:131)
	at org.junit.jupiter.engine.extension.TimeoutExtension.intercept(TimeoutExtension.java:156)
	at org.junit.jupiter.engine.extension.TimeoutExtension.interceptTestableMethod(TimeoutExtension.java:147)
	at org.junit.jupiter.engine.extension.TimeoutExtension.interceptTestMethod(TimeoutExtension.java:86)
	at org.junit.jupiter.engine.execution.InterceptingExecutableInvoker$ReflectiveInterceptorCall.lambda$ofVoidMethod$0(InterceptingExecutableInvoker.java:103)
	at org.junit.jupiter.engine.execution.InterceptingExecutableInvoker.lambda$invoke$0(InterceptingExecutableInvoker.java:93)
	at org.junit.jupiter.engine.execution.InvocationInterceptorChain$InterceptedInvocation.proceed(InvocationInterceptorChain.java:106)
	at org.junit.jupiter.engine.execution.InvocationInterceptorChain.proceed(InvocationInterceptorChain.java:64)
	at org.junit.jupiter.engine.execution.InvocationInterceptorChain.chainAndInvoke(InvocationInterceptorChain.java:45)
	at org.junit.jupiter.engine.execution.InvocationInterceptorChain.invoke(InvocationInterceptorChain.java:37)
	at org.junit.jupiter.engine.execution.InterceptingExecutableInvoker.invoke(InterceptingExecutableInvoker.java:92)
	at org.junit.jupiter.engine.execution.InterceptingExecutableInvoker.invoke(InterceptingExecutableInvoker.java:86)
	at org.junit.jupiter.engine.descriptor.TestMethodTestDescriptor.lambda$invokeTestMethod$7(TestMethodTestDescriptor.java:218)
	at org.junit.platform.engine.support.hierarchical.ThrowableCollector.execute(ThrowableCollector.java:73)
	at org.junit.jupiter.engine.descriptor.TestMethodTestDescriptor.invokeTestMethod(TestMethodTestDescriptor.java:214)
	at org.junit.jupiter.engine.descriptor.TestMethodTestDescriptor.execute(TestMethodTestDescriptor.java:139)
	at org.junit.jupiter.engine.descriptor.TestMethodTestDescriptor.execute(TestMethodTestDescriptor.java:69)
	at org.junit.platform.engine.support.hierarchical.NodeTestTask.lambda$executeRecursively$6(NodeTestTask.java:151)
	at org.junit.platform.engine.support.hierarchical.ThrowableCollector.execute(ThrowableCollector.java:73)
	at org.junit.platform.engine.support.hierarchical.NodeTestTask.lambda$executeRecursively$8(NodeTestTask.java:141)
	at org.junit.platform.engine.support.hierarchical.Node.around(Node.java:137)
	at org.junit.platform.engine.support.hierarchical.NodeTestTask.lambda$executeRecursively$9(NodeTestTask.java:139)
	at org.junit.platform.engine.support.hierarchical.ThrowableCollector.execute(ThrowableCollector.java:73)
	at org.junit.platform.engine.support.hierarchical.NodeTestTask.executeRecursively(NodeTestTask.java:138)
	at org.junit.platform.engine.support.hierarchical.NodeTestTask.execute(NodeTestTask.java:95)
	at java.base/java.util.ArrayList.forEach(ArrayList.java:1596)
	at org.junit.platform.engine.support.hierarchical.SameThreadHierarchicalTestExecutorService.invokeAll(SameThreadHierarchicalTestExecutorService.java:41)
	at org.junit.platform.engine.support.hierarchical.NodeTestTask.lambda$executeRecursively$6(NodeTestTask.java:155)
	at org.junit.platform.engine.support.hierarchical.ThrowableCollector.execute(ThrowableCollector.java:73)
	at org.junit.platform.engine.support.hierarchical.NodeTestTask.lambda$executeRecursively$8(NodeTestTask.java:141)
	at org.junit.platform.engine.support.hierarchical.Node.around(Node.java:137)
	at org.junit.platform.engine.support.hierarchical.NodeTestTask.lambda$executeRecursively$9(NodeTestTask.java:139)
	at org.junit.platform.engine.support.hierarchical.ThrowableCollector.execute(ThrowableCollector.java:73)
	at org.junit.platform.engine.support.hierarchical.NodeTestTask.executeRecursively(NodeTestTask.java:138)
	at org.junit.platform.engine.support.hierarchical.NodeTestTask.execute(NodeTestTask.java:95)
	at java.base/java.util.ArrayList.forEach(ArrayList.java:1596)
	at org.junit.platform.engine.support.hierarchical.SameThreadHierarchicalTestExecutorService.invokeAll(SameThreadHierarchicalTestExecutorService.java:41)
	at org.junit.platform.engine.support.hierarchical.NodeTestTask.lambda$executeRecursively$6(NodeTestTask.java:155)
	at org.junit.platform.engine.support.hierarchical.ThrowableCollector.execute(ThrowableCollector.java:73)
	at org.junit.platform.engine.support.hierarchical.NodeTestTask.lambda$executeRecursively$8(NodeTestTask.java:141)
	at org.junit.platform.engine.support.hierarchical.Node.around(Node.java:137)
	at org.junit.platform.engine.support.hierarchical.NodeTestTask.lambda$executeRecursively$9(NodeTestTask.java:139)
	at org.junit.platform.engine.support.hierarchical.ThrowableCollector.execute(ThrowableCollector.java:73)
	at org.junit.platform.engine.support.hierarchical.NodeTestTask.executeRecursively(NodeTestTask.java:138)
	at org.junit.platform.engine.support.hierarchical.NodeTestTask.execute(NodeTestTask.java:95)
	at org.junit.platform.engine.support.hierarchical.SameThreadHierarchicalTestExecutorService.submit(SameThreadHierarchicalTestExecutorService.java:35)
	at org.junit.platform.engine.support.hierarchical.HierarchicalTestExecutor.execute(HierarchicalTestExecutor.java:57)
	at org.junit.platform.engine.support.hierarchical.HierarchicalTestEngine.execute(HierarchicalTestEngine.java:54)
	at org.junit.platform.launcher.core.EngineExecutionOrchestrator.execute(EngineExecutionOrchestrator.java:198)
	at org.junit.platform.launcher.core.EngineExecutionOrchestrator.execute(EngineExecutionOrchestrator.java:169)
	at org.junit.platform.launcher.core.EngineExecutionOrchestrator.execute(EngineExecutionOrchestrator.java:93)
	at org.junit.platform.launcher.core.EngineExecutionOrchestrator.lambda$execute$0(EngineExecutionOrchestrator.java:58)
	at org.junit.platform.launcher.core.EngineExecutionOrchestrator.withInterceptedStreams(EngineExecutionOrchestrator.java:141)
	at org.junit.platform.launcher.core.EngineExecutionOrchestrator.execute(EngineExecutionOrchestrator.java:57)
	at org.junit.platform.launcher.core.DefaultLauncher.execute(DefaultLauncher.java:103)
	at org.junit.platform.launcher.core.DefaultLauncher.execute(DefaultLauncher.java:85)
	at org.junit.platform.launcher.core.DelegatingLauncher.execute(DelegatingLauncher.java:47)
	at org.junit.platform.launcher.core.SessionPerRequestLauncher.execute(SessionPerRequestLauncher.java:63)
	at com.intellij.junit5.JUnit5IdeaTestRunner.startRunnerWithArgs(JUnit5IdeaTestRunner.java:57)
	at com.intellij.rt.junit.IdeaTestRunner$Repeater$1.execute(IdeaTestRunner.java:38)
	at com.intellij.rt.execution.junit.TestsRepeater.repeat(TestsRepeater.java:11)
	at com.intellij.rt.junit.IdeaTestRunner$Repeater.startRunnerWithArgs(IdeaTestRunner.java:35)
	at com.intellij.rt.junit.JUnitStarter.prepareStreamsAndStart(JUnitStarter.java:232)
	at com.intellij.rt.junit.JUnitStarter.main(JUnitStarter.java:55)
2025-02-04 09:51:37 [main] INFO  l.insoft.uztis.tests.utils.TestUtils - Screenshot moved to C:\Users\ingrida.zadorozniene\Desktop\Asm\UZTIS\UZTIS_tests\test-output\screenshots\20250204\095137430_testFillNewApplication().png
2025-02-04 09:53:48 [main] INFO  lt.insoft.uztis.tests.UztisPageTest - Navigated to https://uztisdev.asseco.lt/home
2025-02-04 09:53:48 [main] INFO  l.i.u.t.SubmittedApplicationsPageTest - Starting test:'testGoToSubmitApplication'
2025-02-04 09:53:48 [main] DEBUG l.i.u.t.SubmittedApplicationsPageTest - User logged in with test credentials
2025-02-04 09:53:49 [main] DEBUG l.i.u.t.SubmittedApplicationsPageTest - Opened 'Application Processing' menu.
2025-02-04 09:53:49 [main] DEBUG l.i.u.t.SubmittedApplicationsPageTest - Clicked on 'Application Forms' menu.
2025-02-04 09:53:49 [main] DEBUG l.i.u.t.SubmittedApplicationsPageTest - Retrieved last description code text: 'TST-VUI-27'.
2025-02-04 09:53:50 [main] DEBUG l.i.u.t.SubmittedApplicationsPageTest - Clicked on 'Invitation' menu.
2025-02-04 09:53:51 [main] DEBUG l.i.u.t.SubmittedApplicationsPageTest - Selected application section by code: 'TST-VUI-27'.
2025-02-04 09:53:51 [main] DEBUG l.i.u.t.SubmittedApplicationsPageTest - Clicked 'Search' button.
2025-02-04 09:53:51 [main] DEBUG l.i.u.t.SubmittedApplicationsPageTest - Retrieved invitation code: ''.
2025-02-04 09:53:51 [main] DEBUG l.i.u.t.SubmittedApplicationsPageTest - Clicked on 'Submitted Applications' menu.
2025-02-04 09:53:52 [main] DEBUG l.i.u.t.SubmittedApplicationsPageTest - Selected invitation by code: 'TST-VUI-27'.
2025-02-04 09:53:52 [main] DEBUG l.i.u.t.SubmittedApplicationsPageTest - Clicked on 'Action Application' button.
2025-02-04 09:53:52 [main] DEBUG l.i.u.t.SubmittedApplicationsPageTest - Clicked on 'New Application' button.
2025-02-04 09:53:53 [main] INFO  l.i.u.t.SubmittedApplicationsPageTest - Verified that the 'Next' button is displayed.
2025-02-04 09:53:53 [main] INFO  l.i.u.t.SubmittedApplicationsPageTest - Test 'testGoToSubmitApplication' completed successfully.
2025-02-04 09:54:06 [main] INFO  lt.insoft.uztis.tests.UztisPageTest - Navigated to https://uztisdev.asseco.lt/home
2025-02-04 09:54:06 [main] INFO  l.i.u.t.SubmittedApplicationsPageTest - Starting test:'testFillNewApplication'
2025-02-04 09:54:07 [main] DEBUG l.i.u.t.SubmittedApplicationsPageTest - User logged in with test credentials.
2025-02-04 09:54:07 [main] DEBUG l.i.u.t.SubmittedApplicationsPageTest - Opened 'Application Processing' menu.
2025-02-04 09:54:07 [main] DEBUG l.i.u.t.SubmittedApplicationsPageTest - Clicked on 'Application Forms' menu.
2025-02-04 09:54:08 [main] DEBUG l.i.u.t.SubmittedApplicationsPageTest - Retrieved last description code text: 'TST-VUI-27'.
2025-02-04 09:54:08 [main] DEBUG l.i.u.t.SubmittedApplicationsPageTest - Clicked on 'Invitation' menu.
2025-02-04 09:54:09 [main] DEBUG l.i.u.t.SubmittedApplicationsPageTest - Selected application section by code: 'TST-VUI-27'.
2025-02-04 09:54:09 [main] DEBUG l.i.u.t.SubmittedApplicationsPageTest - Clicked 'Search' button.
2025-02-04 09:54:09 [main] DEBUG l.i.u.t.SubmittedApplicationsPageTest - Retrieved invitation code: ''.
2025-02-04 09:54:10 [main] DEBUG l.i.u.t.SubmittedApplicationsPageTest - Clicked on 'Submitted Applications' menu.
2025-02-04 09:54:11 [main] DEBUG l.i.u.t.SubmittedApplicationsPageTest - Selected invitation by code: 'TST-VUI-27'.
2025-02-04 09:54:11 [main] DEBUG l.i.u.t.SubmittedApplicationsPageTest - Invitation code inserted.
2025-02-04 09:54:11 [main] DEBUG l.i.u.t.SubmittedApplicationsPageTest - Clicked on 'Action Application' button.
2025-02-04 09:54:11 [main] DEBUG l.i.u.t.SubmittedApplicationsPageTest - Clicked on 'New Application' button.
2025-02-04 09:54:12 [main] DEBUG l.i.u.t.SubmittedApplicationsPageTest - Selected the 'RadioButtonFA' option.
2025-02-04 09:54:12 [main] DEBUG l.i.u.t.SubmittedApplicationsPageTest - Entered phone number: '61298745'.
2025-02-04 09:54:12 [main] DEBUG l.i.u.t.SubmittedApplicationsPageTest - Entered email: 'test@autotest.com'.
2025-02-04 09:54:12 [main] INFO  l.i.u.p.SubmittedApplicationsPage - Located the dropdown button.
2025-02-04 09:54:33 [main] INFO  l.i.u.p.SubmittedApplicationsPage - Found 1741 options in the dropdown.
2025-02-04 09:54:33 [main] INFO  l.i.u.p.SubmittedApplicationsPage - Successfully selected the value: '01.11 - Grūdinių (išskyrus ryžius), ankštinių ir aliejingų sėklų augalų auginimas'
2025-02-04 09:54:43 [main] ERROR l.i.u.p.SubmittedApplicationsPage - Failed to close the dropdown with aria-expanded = 'false'. Attempting manual close.
2025-02-04 09:54:43 [main] ERROR l.i.u.p.SubmittedApplicationsPage - Failed to manually close the dropdown: no such window: target window already closed
from unknown error: web view not found
  (Session info: chrome=132.0.6834.160)
Build info: version: '4.27.0', revision: 'd6e718d134'
System info: os.name: 'Windows 11', os.arch: 'amd64', os.version: '10.0', java.version: '21.0.3'
Driver info: org.openqa.selenium.chrome.ChromeDriver
Command: [aa755bcba712df2414f3476ef7fc065a, findElement {using=class name, value=cdk-overlay-backdrop}]
Capabilities {acceptInsecureCerts: false, browserName: chrome, browserVersion: 132.0.6834.160, chrome: {chromedriverVersion: 132.0.6834.159 (2d77d3fc445..., userDataDir: C:\Users\INGRID~1.ZAD\AppDa...}, fedcm:accounts: true, goog:chromeOptions: {debuggerAddress: localhost:60866}, networkConnectionEnabled: false, pageLoadStrategy: normal, platformName: windows, proxy: Proxy(), se:cdp: ws://localhost:60866/devtoo..., se:cdpVersion: 132.0.6834.160, setWindowRect: true, strictFileInteractability: false, timeouts: {implicit: 0, pageLoad: 300000, script: 30000}, unhandledPromptBehavior: dismiss and notify, webauthn:extension:credBlob: true, webauthn:extension:largeBlob: true, webauthn:extension:minPinLength: true, webauthn:extension:prf: true, webauthn:virtualAuthenticators: true}
Session ID: aa755bcba712df2414f3476ef7fc065a
2025-02-04 09:54:43 [main] DEBUG l.i.u.t.SubmittedApplicationsPageTest - Selected EVRK value: '01.11 - Grūdinių (išskyrus ryžius), ankštinių ir aliejingų sėklų augalų auginimas'.
2025-02-04 09:54:43 [main] ERROR l.i.u.t.SubmittedApplicationsPageTest - Test 'testFillNewApplication' failed with error: no such window: target window already closed
from unknown error: web view not found
  (Session info: chrome=132.0.6834.160)
Build info: version: '4.27.0', revision: 'd6e718d134'
System info: os.name: 'Windows 11', os.arch: 'amd64', os.version: '10.0', java.version: '21.0.3'
Driver info: org.openqa.selenium.chrome.ChromeDriver
Command: [aa755bcba712df2414f3476ef7fc065a, findElement {using=xpath, value=//mat-form-field[.//label[contains(., 'Planuojamos (-ų) steigti darbo vietos (-ų) adresas')]]//input}]
Capabilities {acceptInsecureCerts: false, browserName: chrome, browserVersion: 132.0.6834.160, chrome: {chromedriverVersion: 132.0.6834.159 (2d77d3fc445..., userDataDir: C:\Users\INGRID~1.ZAD\AppDa...}, fedcm:accounts: true, goog:chromeOptions: {debuggerAddress: localhost:60866}, networkConnectionEnabled: false, pageLoadStrategy: normal, platformName: windows, proxy: Proxy(), se:cdp: ws://localhost:60866/devtoo..., se:cdpVersion: 132.0.6834.160, setWindowRect: true, strictFileInteractability: false, timeouts: {implicit: 0, pageLoad: 300000, script: 30000}, unhandledPromptBehavior: dismiss and notify, webauthn:extension:credBlob: true, webauthn:extension:largeBlob: true, webauthn:extension:minPinLength: true, webauthn:extension:prf: true, webauthn:virtualAuthenticators: true}
Session ID: aa755bcba712df2414f3476ef7fc065a
org.openqa.selenium.NoSuchWindowException: no such window: target window already closed
from unknown error: web view not found
  (Session info: chrome=132.0.6834.160)
Build info: version: '4.27.0', revision: 'd6e718d134'
System info: os.name: 'Windows 11', os.arch: 'amd64', os.version: '10.0', java.version: '21.0.3'
Driver info: org.openqa.selenium.chrome.ChromeDriver
Command: [aa755bcba712df2414f3476ef7fc065a, findElement {using=xpath, value=//mat-form-field[.//label[contains(., 'Planuojamos (-ų) steigti darbo vietos (-ų) adresas')]]//input}]
Capabilities {acceptInsecureCerts: false, browserName: chrome, browserVersion: 132.0.6834.160, chrome: {chromedriverVersion: 132.0.6834.159 (2d77d3fc445..., userDataDir: C:\Users\INGRID~1.ZAD\AppDa...}, fedcm:accounts: true, goog:chromeOptions: {debuggerAddress: localhost:60866}, networkConnectionEnabled: false, pageLoadStrategy: normal, platformName: windows, proxy: Proxy(), se:cdp: ws://localhost:60866/devtoo..., se:cdpVersion: 132.0.6834.160, setWindowRect: true, strictFileInteractability: false, timeouts: {implicit: 0, pageLoad: 300000, script: 30000}, unhandledPromptBehavior: dismiss and notify, webauthn:extension:credBlob: true, webauthn:extension:largeBlob: true, webauthn:extension:minPinLength: true, webauthn:extension:prf: true, webauthn:virtualAuthenticators: true}
Session ID: aa755bcba712df2414f3476ef7fc065a
	at java.base/jdk.internal.reflect.DirectConstructorHandleAccessor.newInstance(DirectConstructorHandleAccessor.java:62)
	at java.base/java.lang.reflect.Constructor.newInstanceWithCaller(Constructor.java:502)
	at java.base/java.lang.reflect.Constructor.newInstance(Constructor.java:486)
	at org.openqa.selenium.remote.ErrorCodec.decode(ErrorCodec.java:167)
	at org.openqa.selenium.remote.codec.w3c.W3CHttpResponseCodec.decode(W3CHttpResponseCodec.java:138)
	at org.openqa.selenium.remote.codec.w3c.W3CHttpResponseCodec.decode(W3CHttpResponseCodec.java:50)
	at org.openqa.selenium.remote.HttpCommandExecutor.execute(HttpCommandExecutor.java:190)
	at org.openqa.selenium.remote.service.DriverCommandExecutor.invokeExecute(DriverCommandExecutor.java:216)
	at org.openqa.selenium.remote.service.DriverCommandExecutor.execute(DriverCommandExecutor.java:174)
	at org.openqa.selenium.remote.RemoteWebDriver.execute(RemoteWebDriver.java:545)
	at org.openqa.selenium.remote.ElementLocation$ElementFinder$2.findElement(ElementLocation.java:165)
	at org.openqa.selenium.remote.ElementLocation.findElement(ElementLocation.java:59)
	at org.openqa.selenium.remote.RemoteWebDriver.findElement(RemoteWebDriver.java:368)
	at org.openqa.selenium.remote.RemoteWebDriver.findElement(RemoteWebDriver.java:362)
	at org.openqa.selenium.support.pagefactory.DefaultElementLocator.findElement(DefaultElementLocator.java:68)
	at org.openqa.selenium.support.pagefactory.internal.LocatingElementHandler.invoke(LocatingElementHandler.java:38)
	at jdk.proxy2/jdk.proxy2.$Proxy14.clear(Unknown Source)
	at lt.insoft.uztis.pages.SubmittedApplicationsPage.enterAddress(SubmittedApplicationsPage.java:366)
	at lt.insoft.uztis.tests.SubmittedApplicationsPageTest.testFillNewApplication(SubmittedApplicationsPageTest.java:163)
	at java.base/jdk.internal.reflect.DirectMethodHandleAccessor.invoke(DirectMethodHandleAccessor.java:103)
	at java.base/java.lang.reflect.Method.invoke(Method.java:580)
	at org.junit.platform.commons.util.ReflectionUtils.invokeMethod(ReflectionUtils.java:728)
	at org.junit.jupiter.engine.execution.MethodInvocation.proceed(MethodInvocation.java:60)
	at org.junit.jupiter.engine.execution.InvocationInterceptorChain$ValidatingInvocation.proceed(InvocationInterceptorChain.java:131)
	at org.junit.jupiter.engine.extension.TimeoutExtension.intercept(TimeoutExtension.java:156)
	at org.junit.jupiter.engine.extension.TimeoutExtension.interceptTestableMethod(TimeoutExtension.java:147)
	at org.junit.jupiter.engine.extension.TimeoutExtension.interceptTestMethod(TimeoutExtension.java:86)
	at org.junit.jupiter.engine.execution.InterceptingExecutableInvoker$ReflectiveInterceptorCall.lambda$ofVoidMethod$0(InterceptingExecutableInvoker.java:103)
	at org.junit.jupiter.engine.execution.InterceptingExecutableInvoker.lambda$invoke$0(InterceptingExecutableInvoker.java:93)
	at org.junit.jupiter.engine.execution.InvocationInterceptorChain$InterceptedInvocation.proceed(InvocationInterceptorChain.java:106)
	at org.junit.jupiter.engine.execution.InvocationInterceptorChain.proceed(InvocationInterceptorChain.java:64)
	at org.junit.jupiter.engine.execution.InvocationInterceptorChain.chainAndInvoke(InvocationInterceptorChain.java:45)
	at org.junit.jupiter.engine.execution.InvocationInterceptorChain.invoke(InvocationInterceptorChain.java:37)
	at org.junit.jupiter.engine.execution.InterceptingExecutableInvoker.invoke(InterceptingExecutableInvoker.java:92)
	at org.junit.jupiter.engine.execution.InterceptingExecutableInvoker.invoke(InterceptingExecutableInvoker.java:86)
	at org.junit.jupiter.engine.descriptor.TestMethodTestDescriptor.lambda$invokeTestMethod$7(TestMethodTestDescriptor.java:218)
	at org.junit.platform.engine.support.hierarchical.ThrowableCollector.execute(ThrowableCollector.java:73)
	at org.junit.jupiter.engine.descriptor.TestMethodTestDescriptor.invokeTestMethod(TestMethodTestDescriptor.java:214)
	at org.junit.jupiter.engine.descriptor.TestMethodTestDescriptor.execute(TestMethodTestDescriptor.java:139)
	at org.junit.jupiter.engine.descriptor.TestMethodTestDescriptor.execute(TestMethodTestDescriptor.java:69)
	at org.junit.platform.engine.support.hierarchical.NodeTestTask.lambda$executeRecursively$6(NodeTestTask.java:151)
	at org.junit.platform.engine.support.hierarchical.ThrowableCollector.execute(ThrowableCollector.java:73)
	at org.junit.platform.engine.support.hierarchical.NodeTestTask.lambda$executeRecursively$8(NodeTestTask.java:141)
	at org.junit.platform.engine.support.hierarchical.Node.around(Node.java:137)
	at org.junit.platform.engine.support.hierarchical.NodeTestTask.lambda$executeRecursively$9(NodeTestTask.java:139)
	at org.junit.platform.engine.support.hierarchical.ThrowableCollector.execute(ThrowableCollector.java:73)
	at org.junit.platform.engine.support.hierarchical.NodeTestTask.executeRecursively(NodeTestTask.java:138)
	at org.junit.platform.engine.support.hierarchical.NodeTestTask.execute(NodeTestTask.java:95)
	at java.base/java.util.ArrayList.forEach(ArrayList.java:1596)
	at org.junit.platform.engine.support.hierarchical.SameThreadHierarchicalTestExecutorService.invokeAll(SameThreadHierarchicalTestExecutorService.java:41)
	at org.junit.platform.engine.support.hierarchical.NodeTestTask.lambda$executeRecursively$6(NodeTestTask.java:155)
	at org.junit.platform.engine.support.hierarchical.ThrowableCollector.execute(ThrowableCollector.java:73)
	at org.junit.platform.engine.support.hierarchical.NodeTestTask.lambda$executeRecursively$8(NodeTestTask.java:141)
	at org.junit.platform.engine.support.hierarchical.Node.around(Node.java:137)
	at org.junit.platform.engine.support.hierarchical.NodeTestTask.lambda$executeRecursively$9(NodeTestTask.java:139)
	at org.junit.platform.engine.support.hierarchical.ThrowableCollector.execute(ThrowableCollector.java:73)
	at org.junit.platform.engine.support.hierarchical.NodeTestTask.executeRecursively(NodeTestTask.java:138)
	at org.junit.platform.engine.support.hierarchical.NodeTestTask.execute(NodeTestTask.java:95)
	at java.base/java.util.ArrayList.forEach(ArrayList.java:1596)
	at org.junit.platform.engine.support.hierarchical.SameThreadHierarchicalTestExecutorService.invokeAll(SameThreadHierarchicalTestExecutorService.java:41)
	at org.junit.platform.engine.support.hierarchical.NodeTestTask.lambda$executeRecursively$6(NodeTestTask.java:155)
	at org.junit.platform.engine.support.hierarchical.ThrowableCollector.execute(ThrowableCollector.java:73)
	at org.junit.platform.engine.support.hierarchical.NodeTestTask.lambda$executeRecursively$8(NodeTestTask.java:141)
	at org.junit.platform.engine.support.hierarchical.Node.around(Node.java:137)
	at org.junit.platform.engine.support.hierarchical.NodeTestTask.lambda$executeRecursively$9(NodeTestTask.java:139)
	at org.junit.platform.engine.support.hierarchical.ThrowableCollector.execute(ThrowableCollector.java:73)
	at org.junit.platform.engine.support.hierarchical.NodeTestTask.executeRecursively(NodeTestTask.java:138)
	at org.junit.platform.engine.support.hierarchical.NodeTestTask.execute(NodeTestTask.java:95)
	at org.junit.platform.engine.support.hierarchical.SameThreadHierarchicalTestExecutorService.submit(SameThreadHierarchicalTestExecutorService.java:35)
	at org.junit.platform.engine.support.hierarchical.HierarchicalTestExecutor.execute(HierarchicalTestExecutor.java:57)
	at org.junit.platform.engine.support.hierarchical.HierarchicalTestEngine.execute(HierarchicalTestEngine.java:54)
	at org.junit.platform.launcher.core.EngineExecutionOrchestrator.execute(EngineExecutionOrchestrator.java:198)
	at org.junit.platform.launcher.core.EngineExecutionOrchestrator.execute(EngineExecutionOrchestrator.java:169)
	at org.junit.platform.launcher.core.EngineExecutionOrchestrator.execute(EngineExecutionOrchestrator.java:93)
	at org.junit.platform.launcher.core.EngineExecutionOrchestrator.lambda$execute$0(EngineExecutionOrchestrator.java:58)
	at org.junit.platform.launcher.core.EngineExecutionOrchestrator.withInterceptedStreams(EngineExecutionOrchestrator.java:141)
	at org.junit.platform.launcher.core.EngineExecutionOrchestrator.execute(EngineExecutionOrchestrator.java:57)
	at org.junit.platform.launcher.core.DefaultLauncher.execute(DefaultLauncher.java:103)
	at org.junit.platform.launcher.core.DefaultLauncher.execute(DefaultLauncher.java:85)
	at org.junit.platform.launcher.core.DelegatingLauncher.execute(DelegatingLauncher.java:47)
	at org.junit.platform.launcher.core.SessionPerRequestLauncher.execute(SessionPerRequestLauncher.java:63)
	at com.intellij.junit5.JUnit5IdeaTestRunner.startRunnerWithArgs(JUnit5IdeaTestRunner.java:57)
	at com.intellij.rt.junit.IdeaTestRunner$Repeater$1.execute(IdeaTestRunner.java:38)
	at com.intellij.rt.execution.junit.TestsRepeater.repeat(TestsRepeater.java:11)
	at com.intellij.rt.junit.IdeaTestRunner$Repeater.startRunnerWithArgs(IdeaTestRunner.java:35)
	at com.intellij.rt.junit.JUnitStarter.prepareStreamsAndStart(JUnitStarter.java:232)
	at com.intellij.rt.junit.JUnitStarter.main(JUnitStarter.java:55)
2025-02-04 09:55:13 [main] INFO  lt.insoft.uztis.tests.UztisPageTest - Navigated to https://uztisdev.asseco.lt/home
2025-02-04 09:55:13 [main] INFO  l.i.u.t.SubmittedApplicationsPageTest - Starting test:'testFillNewApplication'
2025-02-04 09:55:13 [main] DEBUG l.i.u.t.SubmittedApplicationsPageTest - User logged in with test credentials.
2025-02-04 09:55:14 [main] DEBUG l.i.u.t.SubmittedApplicationsPageTest - Opened 'Application Processing' menu.
2025-02-04 09:55:14 [main] DEBUG l.i.u.t.SubmittedApplicationsPageTest - Clicked on 'Application Forms' menu.
2025-02-04 09:55:15 [main] DEBUG l.i.u.t.SubmittedApplicationsPageTest - Retrieved last description code text: 'TST-VUI-27'.
2025-02-04 09:55:15 [main] DEBUG l.i.u.t.SubmittedApplicationsPageTest - Clicked on 'Invitation' menu.
2025-02-04 09:55:16 [main] DEBUG l.i.u.t.SubmittedApplicationsPageTest - Selected application section by code: 'TST-VUI-27'.
2025-02-04 09:55:16 [main] DEBUG l.i.u.t.SubmittedApplicationsPageTest - Clicked 'Search' button.
2025-02-04 09:55:16 [main] DEBUG l.i.u.t.SubmittedApplicationsPageTest - Retrieved invitation code: ''.
2025-02-04 09:55:16 [main] DEBUG l.i.u.t.SubmittedApplicationsPageTest - Clicked on 'Submitted Applications' menu.
2025-02-04 09:55:17 [main] DEBUG l.i.u.t.SubmittedApplicationsPageTest - Selected invitation by code: 'TST-VUI-27'.
2025-02-04 09:55:17 [main] DEBUG l.i.u.t.SubmittedApplicationsPageTest - Invitation code inserted.
2025-02-04 09:55:17 [main] DEBUG l.i.u.t.SubmittedApplicationsPageTest - Clicked on 'Action Application' button.
2025-02-04 09:55:17 [main] DEBUG l.i.u.t.SubmittedApplicationsPageTest - Clicked on 'New Application' button.
2025-02-04 09:55:18 [main] DEBUG l.i.u.t.SubmittedApplicationsPageTest - Selected the 'RadioButtonFA' option.
2025-02-04 09:55:18 [main] DEBUG l.i.u.t.SubmittedApplicationsPageTest - Entered phone number: '61298745'.
2025-02-04 09:55:18 [main] DEBUG l.i.u.t.SubmittedApplicationsPageTest - Entered email: 'test@autotest.com'.
2025-02-04 09:55:18 [main] INFO  l.i.u.p.SubmittedApplicationsPage - Located the dropdown button.
2025-02-04 09:55:38 [main] INFO  l.i.u.p.SubmittedApplicationsPage - Found 1741 options in the dropdown.
2025-02-04 09:55:38 [main] INFO  l.i.u.p.SubmittedApplicationsPage - Successfully selected the value: '01.11 - Grūdinių (išskyrus ryžius), ankštinių ir aliejingų sėklų augalų auginimas'
2025-02-04 09:55:49 [main] ERROR l.i.u.p.SubmittedApplicationsPage - Failed to close the dropdown with aria-expanded = 'false'. Attempting manual close.
2025-02-04 09:55:49 [main] INFO  l.i.u.p.SubmittedApplicationsPage - Manual close attempt for the dropdown using body click.
2025-02-04 09:55:49 [main] DEBUG l.i.u.t.SubmittedApplicationsPageTest - Selected EVRK value: '01.11 - Grūdinių (išskyrus ryžius), ankštinių ir aliejingų sėklų augalų auginimas'.
2025-02-04 09:55:49 [main] DEBUG l.i.u.t.SubmittedApplicationsPageTest - Entered address: 'Vilniaus m. sav., Vilnius, Testo g. 10T'.
2025-02-04 09:55:49 [main] DEBUG l.i.u.t.SubmittedApplicationsPageTest - Entered project date.
2025-02-04 09:55:49 [main] DEBUG l.i.u.t.SubmittedApplicationsPageTest - Entered job count: '1'.
2025-02-04 09:55:50 [main] DEBUG l.i.u.t.SubmittedApplicationsPageTest - Clicked 'Next' button.
2025-02-04 09:55:50 [main] INFO  l.i.u.p.SubmittedApplicationsPage - Located the dropdown button.
2025-02-04 09:55:51 [main] ERROR l.i.u.t.SubmittedApplicationsPageTest - Test 'testFillNewApplication' failed with error: element click intercepted: Element <mat-label>...</mat-label> is not clickable at point (1050, 178). Other element would receive the click: ...<span class="mat-mdc-select-placeholder mat-mdc-select-min-line ng-tns-c1073613477-34 ng-star-inserted"></span>
  (Session info: chrome=132.0.6834.160)
Build info: version: '4.27.0', revision: 'd6e718d134'
System info: os.name: 'Windows 11', os.arch: 'amd64', os.version: '10.0', java.version: '21.0.3'
Driver info: org.openqa.selenium.chrome.ChromeDriver
Command: [914e834cd4d8a7e6d2c72b1a0e178444, clickElement {id=f.D5B29B06F71C6FC860F1852B5866CBB1.d.5FF5BD494A3F6EB9C3F9E949E18E9ABF.e.2081}]
Capabilities {acceptInsecureCerts: false, browserName: chrome, browserVersion: 132.0.6834.160, chrome: {chromedriverVersion: 132.0.6834.159 (2d77d3fc445..., userDataDir: C:\Users\INGRID~1.ZAD\AppDa...}, fedcm:accounts: true, goog:chromeOptions: {debuggerAddress: localhost:60916}, networkConnectionEnabled: false, pageLoadStrategy: normal, platformName: windows, proxy: Proxy(), se:cdp: ws://localhost:60916/devtoo..., se:cdpVersion: 132.0.6834.160, setWindowRect: true, strictFileInteractability: false, timeouts: {implicit: 0, pageLoad: 300000, script: 30000}, unhandledPromptBehavior: dismiss and notify, webauthn:extension:credBlob: true, webauthn:extension:largeBlob: true, webauthn:extension:minPinLength: true, webauthn:extension:prf: true, webauthn:virtualAuthenticators: true}
Element: [[ChromeDriver: chrome on windows (914e834cd4d8a7e6d2c72b1a0e178444)] -> xpath: //mat-label[contains(text(), 'Darbo vietos pavadinimas')]]
Session ID: 914e834cd4d8a7e6d2c72b1a0e178444
org.openqa.selenium.ElementClickInterceptedException: element click intercepted: Element <mat-label>...</mat-label> is not clickable at point (1050, 178). Other element would receive the click: ...<span class="mat-mdc-select-placeholder mat-mdc-select-min-line ng-tns-c1073613477-34 ng-star-inserted"></span>
  (Session info: chrome=132.0.6834.160)
Build info: version: '4.27.0', revision: 'd6e718d134'
System info: os.name: 'Windows 11', os.arch: 'amd64', os.version: '10.0', java.version: '21.0.3'
Driver info: org.openqa.selenium.chrome.ChromeDriver
Command: [914e834cd4d8a7e6d2c72b1a0e178444, clickElement {id=f.D5B29B06F71C6FC860F1852B5866CBB1.d.5FF5BD494A3F6EB9C3F9E949E18E9ABF.e.2081}]
Capabilities {acceptInsecureCerts: false, browserName: chrome, browserVersion: 132.0.6834.160, chrome: {chromedriverVersion: 132.0.6834.159 (2d77d3fc445..., userDataDir: C:\Users\INGRID~1.ZAD\AppDa...}, fedcm:accounts: true, goog:chromeOptions: {debuggerAddress: localhost:60916}, networkConnectionEnabled: false, pageLoadStrategy: normal, platformName: windows, proxy: Proxy(), se:cdp: ws://localhost:60916/devtoo..., se:cdpVersion: 132.0.6834.160, setWindowRect: true, strictFileInteractability: false, timeouts: {implicit: 0, pageLoad: 300000, script: 30000}, unhandledPromptBehavior: dismiss and notify, webauthn:extension:credBlob: true, webauthn:extension:largeBlob: true, webauthn:extension:minPinLength: true, webauthn:extension:prf: true, webauthn:virtualAuthenticators: true}
Element: [[ChromeDriver: chrome on windows (914e834cd4d8a7e6d2c72b1a0e178444)] -> xpath: //mat-label[contains(text(), 'Darbo vietos pavadinimas')]]
Session ID: 914e834cd4d8a7e6d2c72b1a0e178444
	at java.base/jdk.internal.reflect.DirectConstructorHandleAccessor.newInstance(DirectConstructorHandleAccessor.java:62)
	at java.base/java.lang.reflect.Constructor.newInstanceWithCaller(Constructor.java:502)
	at java.base/java.lang.reflect.Constructor.newInstance(Constructor.java:486)
	at org.openqa.selenium.remote.ErrorCodec.decode(ErrorCodec.java:167)
	at org.openqa.selenium.remote.codec.w3c.W3CHttpResponseCodec.decode(W3CHttpResponseCodec.java:138)
	at org.openqa.selenium.remote.codec.w3c.W3CHttpResponseCodec.decode(W3CHttpResponseCodec.java:50)
	at org.openqa.selenium.remote.HttpCommandExecutor.execute(HttpCommandExecutor.java:190)
	at org.openqa.selenium.remote.service.DriverCommandExecutor.invokeExecute(DriverCommandExecutor.java:216)
	at org.openqa.selenium.remote.service.DriverCommandExecutor.execute(DriverCommandExecutor.java:174)
	at org.openqa.selenium.remote.RemoteWebDriver.execute(RemoteWebDriver.java:545)
	at org.openqa.selenium.remote.RemoteWebElement.execute(RemoteWebElement.java:223)
	at org.openqa.selenium.remote.RemoteWebElement.click(RemoteWebElement.java:76)
	at java.base/jdk.internal.reflect.DirectMethodHandleAccessor.invoke(DirectMethodHandleAccessor.java:103)
	at java.base/java.lang.reflect.Method.invoke(Method.java:580)
	at org.openqa.selenium.support.pagefactory.internal.LocatingElementHandler.invoke(LocatingElementHandler.java:51)
	at jdk.proxy2/jdk.proxy2.$Proxy14.click(Unknown Source)
	at lt.insoft.uztis.pages.SubmittedApplicationsPage.selectDropdownJobName(SubmittedApplicationsPage.java:404)
	at lt.insoft.uztis.tests.SubmittedApplicationsPageTest.testFillNewApplication(SubmittedApplicationsPageTest.java:178)
	at java.base/jdk.internal.reflect.DirectMethodHandleAccessor.invoke(DirectMethodHandleAccessor.java:103)
	at java.base/java.lang.reflect.Method.invoke(Method.java:580)
	at org.junit.platform.commons.util.ReflectionUtils.invokeMethod(ReflectionUtils.java:728)
	at org.junit.jupiter.engine.execution.MethodInvocation.proceed(MethodInvocation.java:60)
	at org.junit.jupiter.engine.execution.InvocationInterceptorChain$ValidatingInvocation.proceed(InvocationInterceptorChain.java:131)
	at org.junit.jupiter.engine.extension.TimeoutExtension.intercept(TimeoutExtension.java:156)
	at org.junit.jupiter.engine.extension.TimeoutExtension.interceptTestableMethod(TimeoutExtension.java:147)
	at org.junit.jupiter.engine.extension.TimeoutExtension.interceptTestMethod(TimeoutExtension.java:86)
	at org.junit.jupiter.engine.execution.InterceptingExecutableInvoker$ReflectiveInterceptorCall.lambda$ofVoidMethod$0(InterceptingExecutableInvoker.java:103)
	at org.junit.jupiter.engine.execution.InterceptingExecutableInvoker.lambda$invoke$0(InterceptingExecutableInvoker.java:93)
	at org.junit.jupiter.engine.execution.InvocationInterceptorChain$InterceptedInvocation.proceed(InvocationInterceptorChain.java:106)
	at org.junit.jupiter.engine.execution.InvocationInterceptorChain.proceed(InvocationInterceptorChain.java:64)
	at org.junit.jupiter.engine.execution.InvocationInterceptorChain.chainAndInvoke(InvocationInterceptorChain.java:45)
	at org.junit.jupiter.engine.execution.InvocationInterceptorChain.invoke(InvocationInterceptorChain.java:37)
	at org.junit.jupiter.engine.execution.InterceptingExecutableInvoker.invoke(InterceptingExecutableInvoker.java:92)
	at org.junit.jupiter.engine.execution.InterceptingExecutableInvoker.invoke(InterceptingExecutableInvoker.java:86)
	at org.junit.jupiter.engine.descriptor.TestMethodTestDescriptor.lambda$invokeTestMethod$7(TestMethodTestDescriptor.java:218)
	at org.junit.platform.engine.support.hierarchical.ThrowableCollector.execute(ThrowableCollector.java:73)
	at org.junit.jupiter.engine.descriptor.TestMethodTestDescriptor.invokeTestMethod(TestMethodTestDescriptor.java:214)
	at org.junit.jupiter.engine.descriptor.TestMethodTestDescriptor.execute(TestMethodTestDescriptor.java:139)
	at org.junit.jupiter.engine.descriptor.TestMethodTestDescriptor.execute(TestMethodTestDescriptor.java:69)
	at org.junit.platform.engine.support.hierarchical.NodeTestTask.lambda$executeRecursively$6(NodeTestTask.java:151)
	at org.junit.platform.engine.support.hierarchical.ThrowableCollector.execute(ThrowableCollector.java:73)
	at org.junit.platform.engine.support.hierarchical.NodeTestTask.lambda$executeRecursively$8(NodeTestTask.java:141)
	at org.junit.platform.engine.support.hierarchical.Node.around(Node.java:137)
	at org.junit.platform.engine.support.hierarchical.NodeTestTask.lambda$executeRecursively$9(NodeTestTask.java:139)
	at org.junit.platform.engine.support.hierarchical.ThrowableCollector.execute(ThrowableCollector.java:73)
	at org.junit.platform.engine.support.hierarchical.NodeTestTask.executeRecursively(NodeTestTask.java:138)
	at org.junit.platform.engine.support.hierarchical.NodeTestTask.execute(NodeTestTask.java:95)
	at java.base/java.util.ArrayList.forEach(ArrayList.java:1596)
	at org.junit.platform.engine.support.hierarchical.SameThreadHierarchicalTestExecutorService.invokeAll(SameThreadHierarchicalTestExecutorService.java:41)
	at org.junit.platform.engine.support.hierarchical.NodeTestTask.lambda$executeRecursively$6(NodeTestTask.java:155)
	at org.junit.platform.engine.support.hierarchical.ThrowableCollector.execute(ThrowableCollector.java:73)
	at org.junit.platform.engine.support.hierarchical.NodeTestTask.lambda$executeRecursively$8(NodeTestTask.java:141)
	at org.junit.platform.engine.support.hierarchical.Node.around(Node.java:137)
	at org.junit.platform.engine.support.hierarchical.NodeTestTask.lambda$executeRecursively$9(NodeTestTask.java:139)
	at org.junit.platform.engine.support.hierarchical.ThrowableCollector.execute(ThrowableCollector.java:73)
	at org.junit.platform.engine.support.hierarchical.NodeTestTask.executeRecursively(NodeTestTask.java:138)
	at org.junit.platform.engine.support.hierarchical.NodeTestTask.execute(NodeTestTask.java:95)
	at java.base/java.util.ArrayList.forEach(ArrayList.java:1596)
	at org.junit.platform.engine.support.hierarchical.SameThreadHierarchicalTestExecutorService.invokeAll(SameThreadHierarchicalTestExecutorService.java:41)
	at org.junit.platform.engine.support.hierarchical.NodeTestTask.lambda$executeRecursively$6(NodeTestTask.java:155)
	at org.junit.platform.engine.support.hierarchical.ThrowableCollector.execute(ThrowableCollector.java:73)
	at org.junit.platform.engine.support.hierarchical.NodeTestTask.lambda$executeRecursively$8(NodeTestTask.java:141)
	at org.junit.platform.engine.support.hierarchical.Node.around(Node.java:137)
	at org.junit.platform.engine.support.hierarchical.NodeTestTask.lambda$executeRecursively$9(NodeTestTask.java:139)
	at org.junit.platform.engine.support.hierarchical.ThrowableCollector.execute(ThrowableCollector.java:73)
	at org.junit.platform.engine.support.hierarchical.NodeTestTask.executeRecursively(NodeTestTask.java:138)
	at org.junit.platform.engine.support.hierarchical.NodeTestTask.execute(NodeTestTask.java:95)
	at org.junit.platform.engine.support.hierarchical.SameThreadHierarchicalTestExecutorService.submit(SameThreadHierarchicalTestExecutorService.java:35)
	at org.junit.platform.engine.support.hierarchical.HierarchicalTestExecutor.execute(HierarchicalTestExecutor.java:57)
	at org.junit.platform.engine.support.hierarchical.HierarchicalTestEngine.execute(HierarchicalTestEngine.java:54)
	at org.junit.platform.launcher.core.EngineExecutionOrchestrator.execute(EngineExecutionOrchestrator.java:198)
	at org.junit.platform.launcher.core.EngineExecutionOrchestrator.execute(EngineExecutionOrchestrator.java:169)
	at org.junit.platform.launcher.core.EngineExecutionOrchestrator.execute(EngineExecutionOrchestrator.java:93)
	at org.junit.platform.launcher.core.EngineExecutionOrchestrator.lambda$execute$0(EngineExecutionOrchestrator.java:58)
	at org.junit.platform.launcher.core.EngineExecutionOrchestrator.withInterceptedStreams(EngineExecutionOrchestrator.java:141)
	at org.junit.platform.launcher.core.EngineExecutionOrchestrator.execute(EngineExecutionOrchestrator.java:57)
	at org.junit.platform.launcher.core.DefaultLauncher.execute(DefaultLauncher.java:103)
	at org.junit.platform.launcher.core.DefaultLauncher.execute(DefaultLauncher.java:85)
	at org.junit.platform.launcher.core.DelegatingLauncher.execute(DelegatingLauncher.java:47)
	at org.junit.platform.launcher.core.SessionPerRequestLauncher.execute(SessionPerRequestLauncher.java:63)
	at com.intellij.junit5.JUnit5IdeaTestRunner.startRunnerWithArgs(JUnit5IdeaTestRunner.java:57)
	at com.intellij.rt.junit.IdeaTestRunner$Repeater$1.execute(IdeaTestRunner.java:38)
	at com.intellij.rt.execution.junit.TestsRepeater.repeat(TestsRepeater.java:11)
	at com.intellij.rt.junit.IdeaTestRunner$Repeater.startRunnerWithArgs(IdeaTestRunner.java:35)
	at com.intellij.rt.junit.JUnitStarter.prepareStreamsAndStart(JUnitStarter.java:232)
	at com.intellij.rt.junit.JUnitStarter.main(JUnitStarter.java:55)
2025-02-04 09:55:51 [main] INFO  l.insoft.uztis.tests.utils.TestUtils - Screenshot moved to C:\Users\ingrida.zadorozniene\Desktop\Asm\UZTIS\UZTIS_tests\test-output\screenshots\20250204\095551451_testFillNewApplication().png
2025-02-04 09:57:41 [main] INFO  lt.insoft.uztis.tests.UztisPageTest - Navigated to https://uztisdev.asseco.lt/home
2025-02-04 09:57:41 [main] INFO  l.i.u.t.SubmittedApplicationsPageTest - Starting test:'testFillNewApplication'
2025-02-04 09:57:41 [main] DEBUG l.i.u.t.SubmittedApplicationsPageTest - User logged in with test credentials.
2025-02-04 09:57:42 [main] DEBUG l.i.u.t.SubmittedApplicationsPageTest - Opened 'Application Processing' menu.
2025-02-04 09:57:42 [main] DEBUG l.i.u.t.SubmittedApplicationsPageTest - Clicked on 'Application Forms' menu.
2025-02-04 09:57:42 [main] DEBUG l.i.u.t.SubmittedApplicationsPageTest - Retrieved last description code text: 'TST-VUI-27'.
2025-02-04 09:57:42 [main] DEBUG l.i.u.t.SubmittedApplicationsPageTest - Clicked on 'Invitation' menu.
2025-02-04 09:57:43 [main] DEBUG l.i.u.t.SubmittedApplicationsPageTest - Selected application section by code: 'TST-VUI-27'.
2025-02-04 09:57:43 [main] DEBUG l.i.u.t.SubmittedApplicationsPageTest - Clicked 'Search' button.
2025-02-04 09:57:43 [main] DEBUG l.i.u.t.SubmittedApplicationsPageTest - Retrieved invitation code: ''.
2025-02-04 09:57:43 [main] DEBUG l.i.u.t.SubmittedApplicationsPageTest - Clicked on 'Submitted Applications' menu.
2025-02-04 09:57:44 [main] DEBUG l.i.u.t.SubmittedApplicationsPageTest - Selected invitation by code: 'TST-VUI-27'.
2025-02-04 09:57:44 [main] DEBUG l.i.u.t.SubmittedApplicationsPageTest - Invitation code inserted.
2025-02-04 09:57:44 [main] DEBUG l.i.u.t.SubmittedApplicationsPageTest - Clicked on 'Action Application' button.
2025-02-04 09:57:45 [main] DEBUG l.i.u.t.SubmittedApplicationsPageTest - Clicked on 'New Application' button.
2025-02-04 09:57:45 [main] DEBUG l.i.u.t.SubmittedApplicationsPageTest - Selected the 'RadioButtonFA' option.
2025-02-04 09:57:45 [main] DEBUG l.i.u.t.SubmittedApplicationsPageTest - Entered phone number: '61298745'.
2025-02-04 09:57:46 [main] DEBUG l.i.u.t.SubmittedApplicationsPageTest - Entered email: 'test@autotest.com'.
2025-02-04 09:57:46 [main] INFO  l.i.u.p.SubmittedApplicationsPage - Located the dropdown button.
2025-02-04 09:58:06 [main] INFO  l.i.u.p.SubmittedApplicationsPage - Found 1741 options in the dropdown.
2025-02-04 09:58:06 [main] INFO  l.i.u.p.SubmittedApplicationsPage - Successfully selected the value: '01.11 - Grūdinių (išskyrus ryžius), ankštinių ir aliejingų sėklų augalų auginimas'
2025-02-04 09:58:17 [main] ERROR l.i.u.p.SubmittedApplicationsPage - Failed to close the dropdown with aria-expanded = 'false'. Attempting manual close.
2025-02-04 09:58:17 [main] INFO  l.i.u.p.SubmittedApplicationsPage - Manual close attempt for the dropdown using body click.
2025-02-04 09:58:17 [main] DEBUG l.i.u.t.SubmittedApplicationsPageTest - Selected EVRK value: '01.11 - Grūdinių (išskyrus ryžius), ankštinių ir aliejingų sėklų augalų auginimas'.
2025-02-04 09:58:17 [main] DEBUG l.i.u.t.SubmittedApplicationsPageTest - Entered address: 'Vilniaus m. sav., Vilnius, Testo g. 10T'.
2025-02-04 09:58:17 [main] DEBUG l.i.u.t.SubmittedApplicationsPageTest - Entered project date.
2025-02-04 09:58:17 [main] DEBUG l.i.u.t.SubmittedApplicationsPageTest - Entered job count: '1'.
2025-02-04 09:58:18 [main] DEBUG l.i.u.t.SubmittedApplicationsPageTest - Clicked 'Next' button.
2025-02-04 09:58:18 [main] INFO  l.i.u.p.SubmittedApplicationsPage - Located the dropdown button.
2025-02-04 09:58:18 [main] INFO  l.i.u.p.SubmittedApplicationsPage - Successfully selected the value: 'Administratoriai'
2025-02-04 09:58:49 [main] ERROR l.i.u.p.SubmittedApplicationsPage - Timeout while waiting for dropdown to close with aria-expanded = 'false'.
2025-02-04 09:58:49 [main] DEBUG l.i.u.t.SubmittedApplicationsPageTest - Selected job name: 'Administratoriai'.
2025-02-04 09:58:49 [main] DEBUG l.i.u.t.SubmittedApplicationsPageTest - Entered job function: 'Funkcija 1'.
2025-02-04 09:58:49 [main] DEBUG l.i.u.t.SubmittedApplicationsPageTest - Selected 'RadioButtonWithDisabilities' option.
2025-02-04 09:58:49 [main] INFO  l.i.u.p.SubmittedApplicationsPage - Clicking on the dropdown button.
2025-02-04 09:58:50 [main] INFO  l.i.u.p.SubmittedApplicationsPage - Found 34 options in the dropdown.
2025-02-04 09:58:50 [main] DEBUG l.i.u.p.SubmittedApplicationsPage - Checking option: 'Asmenys, kuriems suteiktas pabėgėlio statusas ar perkeliamojo asmens statusas, arba asmenys, kuriems suteikta papildoma ar laikinoji apsauga, ir asmenys, turintys teisę gauti laikinąją apsaugą, iki sprendimo dėl laikinosios apsaugos suteikimo (nesuteikimo) priėmimo, tačiau ne ilgiau kaip laikinosios apsaugos laikotarpiu'
2025-02-04 09:58:50 [main] DEBUG l.i.u.p.SubmittedApplicationsPage - Checking option: 'Asmenys, kuriems suteiktas pabėgėlio statusas ar perkeliamojo asmens statusas, arba asmenys, kuriems suteikta papildoma ar laikinoji apsauga, ir asmenys, turintys teisę gauti laikinąją apsaugą, iki sprendimo dėl laikinosios apsaugos suteikimo (nesuteikimo) priėmimo, tačiau ne ilgiau kaip laikinosios apsaugos laikotarpiu'
2025-02-04 09:58:50 [main] DEBUG l.i.u.p.SubmittedApplicationsPage - Checking option: 'Asmenys, turintys teisę į papildomas užimtumo garantijas pagal Lietuvos Respublikos valstybės įmonės Ignalinos atominės elektrinės darbuotojų papildomų užimtumo ir socialinių garantijų įstatymą'
2025-02-04 09:58:50 [main] DEBUG l.i.u.p.SubmittedApplicationsPage - Checking option: 'Asmenys, turintys teisę į papildomas užimtumo garantijas pagal Lietuvos Respublikos valstybės įmonės Ignalinos atominės elektrinės darbuotojų papildomų užimtumo ir socialinių garantijų įstatymą'
2025-02-04 09:58:50 [main] DEBUG l.i.u.p.SubmittedApplicationsPage - Checking option: 'Bedarbiai iki 29 metų'
2025-02-04 09:58:50 [main] DEBUG l.i.u.p.SubmittedApplicationsPage - Checking option: 'Bedarbiai iki 29 metų'
2025-02-04 09:58:50 [main] DEBUG l.i.u.p.SubmittedApplicationsPage - Checking option: 'Bedarbiai, kurie yra darbingo amžiaus neįgalieji, kuriems nustatytas 30–40 procentų darbingumo lygis arba vidutinis neįgalumo lygis'
2025-02-04 09:58:50 [main] DEBUG l.i.u.p.SubmittedApplicationsPage - Checking option: 'Bedarbiai, kurie yra darbingo amžiaus neįgalieji, kuriems nustatytas 30–40 procentų darbingumo lygis arba vidutinis neįgalumo lygis'
2025-02-04 09:58:50 [main] DEBUG l.i.u.p.SubmittedApplicationsPage - Checking option: 'Bedarbiai, kurie yra darbingo amžiaus neįgalieji, kuriems nustatytas 45–55 procentų darbingumo lygis arba lengvas neįgalumo lygis'
2025-02-04 09:58:50 [main] DEBUG l.i.u.p.SubmittedApplicationsPage - Checking option: 'Bedarbiai, kurie yra darbingo amžiaus neįgalieji, kuriems nustatytas 45–55 procentų darbingumo lygis arba lengvas neįgalumo lygis'
2025-02-04 09:58:50 [main] DEBUG l.i.u.p.SubmittedApplicationsPage - Checking option: 'Bedarbiai, kurie yra darbingo amžiaus neįgalieji, kuriems nustatytas iki 25 procentų darbingumo lygis arba sunkus neįgalumo lygis'
2025-02-04 09:58:50 [main] INFO  l.i.u.p.SubmittedApplicationsPage - Successfully selected the value: 'Bedarbiai, kurie yra darbingo amžiaus neįgalieji, kuriems nustatytas iki 25 procentų darbingumo lygis arba sunkus neįgalumo lygis'
2025-02-04 09:58:50 [main] INFO  l.i.u.p.SubmittedApplicationsPage - Attempting to close the dropdown.
2025-02-04 09:59:01 [main] INFO  l.i.u.p.SubmittedApplicationsPage - Dropdown should be closed now.
2025-02-04 09:59:01 [main] DEBUG l.i.u.t.SubmittedApplicationsPageTest - Selected disabilities type: 'Bedarbiai, kurie yra darbingo amžiaus neįgalieji, kuriems nustatytas iki 25 procentų darbingumo lygis arba sunkus neįgalumo lygis'.
2025-02-04 09:59:01 [main] DEBUG l.i.u.t.SubmittedApplicationsPageTest - Entered disability information: 'Negalia 1'.
2025-02-04 09:59:01 [main] INFO  l.i.u.p.SubmittedApplicationsPage - Located the dropdown button.
2025-02-04 09:59:01 [main] INFO  l.i.u.p.SubmittedApplicationsPage - Successfully selected the value: 'Kita'
2025-02-04 09:59:12 [main] ERROR l.i.u.p.SubmittedApplicationsPage - Timeout while waiting for dropdown to close with aria-expanded = 'false'.
2025-02-04 09:59:12 [main] DEBUG l.i.u.t.SubmittedApplicationsPageTest - Selected time mode: 'Kita'.
2025-02-04 09:59:12 [main] DEBUG l.i.u.t.SubmittedApplicationsPageTest - Selected time mode other: '6 val. per dieną ir 4 d. per savaitę'.
2025-02-04 09:59:12 [main] DEBUG l.i.u.t.SubmittedApplicationsPageTest - Entered qualification: 'Kvalifikacija 1'.
2025-02-04 09:59:12 [main] DEBUG l.i.u.t.SubmittedApplicationsPageTest - Entered job date.
2025-02-04 09:59:12 [main] DEBUG l.i.u.t.SubmittedApplicationsPageTest - Entered salary amount: '1200'.
2025-02-04 09:59:12 [main] DEBUG l.i.u.t.SubmittedApplicationsPageTest - Selected 'Temporary Job' radio button.
2025-02-04 09:59:13 [main] DEBUG l.i.u.t.SubmittedApplicationsPageTest - Selected 'Season Job' radio button.
2025-02-04 09:59:13 [main] DEBUG l.i.u.t.SubmittedApplicationsPageTest - Selected 'Energy' radio button.
2025-02-04 09:59:13 [main] DEBUG l.i.u.t.SubmittedApplicationsPageTest - Selected 'Repair' radio button.
2025-02-04 09:59:13 [main] DEBUG l.i.u.t.SubmittedApplicationsPageTest - Entered job description: 'Veikla 1'.
2025-02-04 09:59:13 [main] DEBUG l.i.u.t.SubmittedApplicationsPageTest - Entered process description: 'Procesas 1'.
2025-02-04 09:59:13 [main] DEBUG l.i.u.t.SubmittedApplicationsPageTest - Entered energy information: 'Energija 1'.
2025-02-04 09:59:14 [main] DEBUG l.i.u.t.SubmittedApplicationsPageTest - Entered repair information: 'Remontas 1'.
2025-02-04 09:59:14 [main] DEBUG l.i.u.t.SubmittedApplicationsPageTest - Selected 'PVM' radio button.
2025-02-04 09:59:14 [main] INFO  l.i.u.p.SubmittedApplicationsPage - Located the dropdown button.
2025-02-04 09:59:14 [main] INFO  l.i.u.p.SubmittedApplicationsPage - Successfully selected the value: 'Įsigyti'
2025-02-04 09:59:35 [main] ERROR l.i.u.p.SubmittedApplicationsPage - Timeout while waiting for dropdown to close with aria-expanded = 'false'.
2025-02-04 09:59:35 [main] DEBUG l.i.u.t.SubmittedApplicationsPageTest - Selected necessary for job: 'Įsigyti'.
2025-02-04 09:59:35 [main] DEBUG l.i.u.t.SubmittedApplicationsPageTest - Selected tool: 'Darbo priemonė 1'.
2025-02-04 09:59:35 [main] DEBUG l.i.u.t.SubmittedApplicationsPageTest - Selected tool parameter one: 'Darbo priemonės 1 parametras 1'.
2025-02-04 09:59:35 [main] DEBUG l.i.u.t.SubmittedApplicationsPageTest - Selected tool parameter two: 'Darbo priemonės 1 parametras 2'.
2025-02-04 09:59:36 [main] DEBUG l.i.u.t.SubmittedApplicationsPageTest - Selected tool parameter three: 'Darbo priemonės 1 parametras 3'.
2025-02-04 09:59:36 [main] DEBUG l.i.u.t.SubmittedApplicationsPageTest - Entered tool count: '1'.
2025-02-04 09:59:36 [main] DEBUG l.i.u.t.SubmittedApplicationsPageTest - Entered price amount: '1000'.
2025-02-04 09:59:36 [main] DEBUG l.i.u.t.SubmittedApplicationsPageTest - Entered own funds amount: '800'.
2025-02-04 09:59:36 [main] DEBUG l.i.u.t.SubmittedApplicationsPageTest - Entered country percentage: '50'.
2025-02-04 09:59:36 [main] DEBUG l.i.u.t.SubmittedApplicationsPageTest - Entered institution percentage: '50'.
2025-02-04 09:59:37 [main] DEBUG l.i.u.t.SubmittedApplicationsPageTest - Entered municipality percentage: '50'.
2025-02-04 09:59:37 [main] DEBUG l.i.u.t.SubmittedApplicationsPageTest - Selected 'De Minimis' radio button.
2025-02-04 09:59:37 [main] DEBUG l.i.u.t.SubmittedApplicationsPageTest - Entered program name: 'Programa 1'.
2025-02-04 09:59:37 [main] DEBUG l.i.u.t.SubmittedApplicationsPageTest - Entered project date from.
2025-02-04 09:59:37 [main] DEBUG l.i.u.t.SubmittedApplicationsPageTest - Entered project date until.
2025-02-04 09:59:38 [main] DEBUG l.i.u.t.SubmittedApplicationsPageTest - Entered support amount: '2000'.
2025-02-04 09:59:38 [main] DEBUG l.i.u.t.SubmittedApplicationsPageTest - Clicked 'Next' button.
2025-02-04 09:59:48 [main] DEBUG l.i.u.t.SubmittedApplicationsPageTest - Checked 'Legal Entities' checkbox 1.
2025-02-04 09:59:58 [main] DEBUG l.i.u.t.SubmittedApplicationsPageTest - Checked 'Legal Entities' checkbox 2.
2025-02-04 10:00:08 [main] DEBUG l.i.u.t.SubmittedApplicationsPageTest - Checked 'Legal Entities' checkbox 3.
2025-02-04 10:00:08 [main] DEBUG l.i.u.t.SubmittedApplicationsPageTest - Test finished: All 'Legal Entities' checkboxes checked successfully.
2025-02-04 10:00:08 [main] DEBUG l.i.u.t.SubmittedApplicationsPageTest - Clicked 'Next' button after checkboxes.
2025-02-04 10:00:18 [main] ERROR l.i.u.t.SubmittedApplicationsPageTest - Test 'testFillNewApplication' failed with error: element not interactable
  (Session info: chrome=132.0.6834.160)
Build info: version: '4.27.0', revision: 'd6e718d134'
System info: os.name: 'Windows 11', os.arch: 'amd64', os.version: '10.0', java.version: '21.0.3'
Driver info: org.openqa.selenium.chrome.ChromeDriver
Command: [f1e01a157ae396352ead993c3e9e2cc2, clickElement {id=f.29A6D9236CF308086F23C4174C0120A8.d.A6F3DEE7C44C43FD1CE19A41014B0D4A.e.2019}]
Capabilities {acceptInsecureCerts: false, browserName: chrome, browserVersion: 132.0.6834.160, chrome: {chromedriverVersion: 132.0.6834.159 (2d77d3fc445..., userDataDir: C:\Users\INGRID~1.ZAD\AppDa...}, fedcm:accounts: true, goog:chromeOptions: {debuggerAddress: localhost:61014}, networkConnectionEnabled: false, pageLoadStrategy: normal, platformName: windows, proxy: Proxy(), se:cdp: ws://localhost:61014/devtoo..., se:cdpVersion: 132.0.6834.160, setWindowRect: true, strictFileInteractability: false, timeouts: {implicit: 0, pageLoad: 300000, script: 30000}, unhandledPromptBehavior: dismiss and notify, webauthn:extension:credBlob: true, webauthn:extension:largeBlob: true, webauthn:extension:minPinLength: true, webauthn:extension:prf: true, webauthn:virtualAuthenticators: true}
Element: [[ChromeDriver: chrome on windows (f1e01a157ae396352ead993c3e9e2cc2)] -> xpath: (//input[@type='radio' and @value='false'])[1]]
Session ID: f1e01a157ae396352ead993c3e9e2cc2
org.openqa.selenium.ElementNotInteractableException: element not interactable
  (Session info: chrome=132.0.6834.160)
Build info: version: '4.27.0', revision: 'd6e718d134'
System info: os.name: 'Windows 11', os.arch: 'amd64', os.version: '10.0', java.version: '21.0.3'
Driver info: org.openqa.selenium.chrome.ChromeDriver
Command: [f1e01a157ae396352ead993c3e9e2cc2, clickElement {id=f.29A6D9236CF308086F23C4174C0120A8.d.A6F3DEE7C44C43FD1CE19A41014B0D4A.e.2019}]
Capabilities {acceptInsecureCerts: false, browserName: chrome, browserVersion: 132.0.6834.160, chrome: {chromedriverVersion: 132.0.6834.159 (2d77d3fc445..., userDataDir: C:\Users\INGRID~1.ZAD\AppDa...}, fedcm:accounts: true, goog:chromeOptions: {debuggerAddress: localhost:61014}, networkConnectionEnabled: false, pageLoadStrategy: normal, platformName: windows, proxy: Proxy(), se:cdp: ws://localhost:61014/devtoo..., se:cdpVersion: 132.0.6834.160, setWindowRect: true, strictFileInteractability: false, timeouts: {implicit: 0, pageLoad: 300000, script: 30000}, unhandledPromptBehavior: dismiss and notify, webauthn:extension:credBlob: true, webauthn:extension:largeBlob: true, webauthn:extension:minPinLength: true, webauthn:extension:prf: true, webauthn:virtualAuthenticators: true}
Element: [[ChromeDriver: chrome on windows (f1e01a157ae396352ead993c3e9e2cc2)] -> xpath: (//input[@type='radio' and @value='false'])[1]]
Session ID: f1e01a157ae396352ead993c3e9e2cc2
	at java.base/jdk.internal.reflect.DirectConstructorHandleAccessor.newInstance(DirectConstructorHandleAccessor.java:62)
	at java.base/java.lang.reflect.Constructor.newInstanceWithCaller(Constructor.java:502)
	at java.base/java.lang.reflect.Constructor.newInstance(Constructor.java:486)
	at org.openqa.selenium.remote.ErrorCodec.decode(ErrorCodec.java:167)
	at org.openqa.selenium.remote.codec.w3c.W3CHttpResponseCodec.decode(W3CHttpResponseCodec.java:138)
	at org.openqa.selenium.remote.codec.w3c.W3CHttpResponseCodec.decode(W3CHttpResponseCodec.java:50)
	at org.openqa.selenium.remote.HttpCommandExecutor.execute(HttpCommandExecutor.java:190)
	at org.openqa.selenium.remote.service.DriverCommandExecutor.invokeExecute(DriverCommandExecutor.java:216)
	at org.openqa.selenium.remote.service.DriverCommandExecutor.execute(DriverCommandExecutor.java:174)
	at org.openqa.selenium.remote.RemoteWebDriver.execute(RemoteWebDriver.java:545)
	at org.openqa.selenium.remote.RemoteWebElement.execute(RemoteWebElement.java:223)
	at org.openqa.selenium.remote.RemoteWebElement.click(RemoteWebElement.java:76)
	at lt.insoft.uztis.pages.SubmittedApplicationsPage$RadioButtonHelper.selectRadioButton(SubmittedApplicationsPage.java:844)
	at lt.insoft.uztis.tests.SubmittedApplicationsPageTest.testFillNewApplication(SubmittedApplicationsPageTest.java:328)
	at java.base/jdk.internal.reflect.DirectMethodHandleAccessor.invoke(DirectMethodHandleAccessor.java:103)
	at java.base/java.lang.reflect.Method.invoke(Method.java:580)
	at org.junit.platform.commons.util.ReflectionUtils.invokeMethod(ReflectionUtils.java:728)
	at org.junit.jupiter.engine.execution.MethodInvocation.proceed(MethodInvocation.java:60)
	at org.junit.jupiter.engine.execution.InvocationInterceptorChain$ValidatingInvocation.proceed(InvocationInterceptorChain.java:131)
	at org.junit.jupiter.engine.extension.TimeoutExtension.intercept(TimeoutExtension.java:156)
	at org.junit.jupiter.engine.extension.TimeoutExtension.interceptTestableMethod(TimeoutExtension.java:147)
	at org.junit.jupiter.engine.extension.TimeoutExtension.interceptTestMethod(TimeoutExtension.java:86)
	at org.junit.jupiter.engine.execution.InterceptingExecutableInvoker$ReflectiveInterceptorCall.lambda$ofVoidMethod$0(InterceptingExecutableInvoker.java:103)
	at org.junit.jupiter.engine.execution.InterceptingExecutableInvoker.lambda$invoke$0(InterceptingExecutableInvoker.java:93)
	at org.junit.jupiter.engine.execution.InvocationInterceptorChain$InterceptedInvocation.proceed(InvocationInterceptorChain.java:106)
	at org.junit.jupiter.engine.execution.InvocationInterceptorChain.proceed(InvocationInterceptorChain.java:64)
	at org.junit.jupiter.engine.execution.InvocationInterceptorChain.chainAndInvoke(InvocationInterceptorChain.java:45)
	at org.junit.jupiter.engine.execution.InvocationInterceptorChain.invoke(InvocationInterceptorChain.java:37)
	at org.junit.jupiter.engine.execution.InterceptingExecutableInvoker.invoke(InterceptingExecutableInvoker.java:92)
	at org.junit.jupiter.engine.execution.InterceptingExecutableInvoker.invoke(InterceptingExecutableInvoker.java:86)
	at org.junit.jupiter.engine.descriptor.TestMethodTestDescriptor.lambda$invokeTestMethod$7(TestMethodTestDescriptor.java:218)
	at org.junit.platform.engine.support.hierarchical.ThrowableCollector.execute(ThrowableCollector.java:73)
	at org.junit.jupiter.engine.descriptor.TestMethodTestDescriptor.invokeTestMethod(TestMethodTestDescriptor.java:214)
	at org.junit.jupiter.engine.descriptor.TestMethodTestDescriptor.execute(TestMethodTestDescriptor.java:139)
	at org.junit.jupiter.engine.descriptor.TestMethodTestDescriptor.execute(TestMethodTestDescriptor.java:69)
	at org.junit.platform.engine.support.hierarchical.NodeTestTask.lambda$executeRecursively$6(NodeTestTask.java:151)
	at org.junit.platform.engine.support.hierarchical.ThrowableCollector.execute(ThrowableCollector.java:73)
	at org.junit.platform.engine.support.hierarchical.NodeTestTask.lambda$executeRecursively$8(NodeTestTask.java:141)
	at org.junit.platform.engine.support.hierarchical.Node.around(Node.java:137)
	at org.junit.platform.engine.support.hierarchical.NodeTestTask.lambda$executeRecursively$9(NodeTestTask.java:139)
	at org.junit.platform.engine.support.hierarchical.ThrowableCollector.execute(ThrowableCollector.java:73)
	at org.junit.platform.engine.support.hierarchical.NodeTestTask.executeRecursively(NodeTestTask.java:138)
	at org.junit.platform.engine.support.hierarchical.NodeTestTask.execute(NodeTestTask.java:95)
	at java.base/java.util.ArrayList.forEach(ArrayList.java:1596)
	at org.junit.platform.engine.support.hierarchical.SameThreadHierarchicalTestExecutorService.invokeAll(SameThreadHierarchicalTestExecutorService.java:41)
	at org.junit.platform.engine.support.hierarchical.NodeTestTask.lambda$executeRecursively$6(NodeTestTask.java:155)
	at org.junit.platform.engine.support.hierarchical.ThrowableCollector.execute(ThrowableCollector.java:73)
	at org.junit.platform.engine.support.hierarchical.NodeTestTask.lambda$executeRecursively$8(NodeTestTask.java:141)
	at org.junit.platform.engine.support.hierarchical.Node.around(Node.java:137)
	at org.junit.platform.engine.support.hierarchical.NodeTestTask.lambda$executeRecursively$9(NodeTestTask.java:139)
	at org.junit.platform.engine.support.hierarchical.ThrowableCollector.execute(ThrowableCollector.java:73)
	at org.junit.platform.engine.support.hierarchical.NodeTestTask.executeRecursively(NodeTestTask.java:138)
	at org.junit.platform.engine.support.hierarchical.NodeTestTask.execute(NodeTestTask.java:95)
	at java.base/java.util.ArrayList.forEach(ArrayList.java:1596)
	at org.junit.platform.engine.support.hierarchical.SameThreadHierarchicalTestExecutorService.invokeAll(SameThreadHierarchicalTestExecutorService.java:41)
	at org.junit.platform.engine.support.hierarchical.NodeTestTask.lambda$executeRecursively$6(NodeTestTask.java:155)
	at org.junit.platform.engine.support.hierarchical.ThrowableCollector.execute(ThrowableCollector.java:73)
	at org.junit.platform.engine.support.hierarchical.NodeTestTask.lambda$executeRecursively$8(NodeTestTask.java:141)
	at org.junit.platform.engine.support.hierarchical.Node.around(Node.java:137)
	at org.junit.platform.engine.support.hierarchical.NodeTestTask.lambda$executeRecursively$9(NodeTestTask.java:139)
	at org.junit.platform.engine.support.hierarchical.ThrowableCollector.execute(ThrowableCollector.java:73)
	at org.junit.platform.engine.support.hierarchical.NodeTestTask.executeRecursively(NodeTestTask.java:138)
	at org.junit.platform.engine.support.hierarchical.NodeTestTask.execute(NodeTestTask.java:95)
	at org.junit.platform.engine.support.hierarchical.SameThreadHierarchicalTestExecutorService.submit(SameThreadHierarchicalTestExecutorService.java:35)
	at org.junit.platform.engine.support.hierarchical.HierarchicalTestExecutor.execute(HierarchicalTestExecutor.java:57)
	at org.junit.platform.engine.support.hierarchical.HierarchicalTestEngine.execute(HierarchicalTestEngine.java:54)
	at org.junit.platform.launcher.core.EngineExecutionOrchestrator.execute(EngineExecutionOrchestrator.java:198)
	at org.junit.platform.launcher.core.EngineExecutionOrchestrator.execute(EngineExecutionOrchestrator.java:169)
	at org.junit.platform.launcher.core.EngineExecutionOrchestrator.execute(EngineExecutionOrchestrator.java:93)
	at org.junit.platform.launcher.core.EngineExecutionOrchestrator.lambda$execute$0(EngineExecutionOrchestrator.java:58)
	at org.junit.platform.launcher.core.EngineExecutionOrchestrator.withInterceptedStreams(EngineExecutionOrchestrator.java:141)
	at org.junit.platform.launcher.core.EngineExecutionOrchestrator.execute(EngineExecutionOrchestrator.java:57)
	at org.junit.platform.launcher.core.DefaultLauncher.execute(DefaultLauncher.java:103)
	at org.junit.platform.launcher.core.DefaultLauncher.execute(DefaultLauncher.java:85)
	at org.junit.platform.launcher.core.DelegatingLauncher.execute(DelegatingLauncher.java:47)
	at org.junit.platform.launcher.core.SessionPerRequestLauncher.execute(SessionPerRequestLauncher.java:63)
	at com.intellij.junit5.JUnit5IdeaTestRunner.startRunnerWithArgs(JUnit5IdeaTestRunner.java:57)
	at com.intellij.rt.junit.IdeaTestRunner$Repeater$1.execute(IdeaTestRunner.java:38)
	at com.intellij.rt.execution.junit.TestsRepeater.repeat(TestsRepeater.java:11)
	at com.intellij.rt.junit.IdeaTestRunner$Repeater.startRunnerWithArgs(IdeaTestRunner.java:35)
	at com.intellij.rt.junit.JUnitStarter.prepareStreamsAndStart(JUnitStarter.java:232)
	at com.intellij.rt.junit.JUnitStarter.main(JUnitStarter.java:55)
2025-02-04 10:00:19 [main] INFO  l.insoft.uztis.tests.utils.TestUtils - Screenshot moved to C:\Users\ingrida.zadorozniene\Desktop\Asm\UZTIS\UZTIS_tests\test-output\screenshots\20250204\100019136_testFillNewApplication().png
2025-02-04 10:04:44 [main] INFO  lt.insoft.uztis.tests.UztisPageTest - Navigated to https://uztisdev.asseco.lt/home
2025-02-04 10:04:44 [main] INFO  l.i.u.t.SubmittedApplicationsPageTest - Starting test:'testFillNewApplication'
2025-02-04 10:04:45 [main] DEBUG l.i.u.t.SubmittedApplicationsPageTest - User logged in with test credentials.
2025-02-04 10:04:45 [main] DEBUG l.i.u.t.SubmittedApplicationsPageTest - Opened 'Application Processing' menu.
2025-02-04 10:04:45 [main] DEBUG l.i.u.t.SubmittedApplicationsPageTest - Clicked on 'Application Forms' menu.
2025-02-04 10:04:46 [main] DEBUG l.i.u.t.SubmittedApplicationsPageTest - Retrieved last description code text: 'TST-VUI-27'.
2025-02-04 10:04:46 [main] DEBUG l.i.u.t.SubmittedApplicationsPageTest - Clicked on 'Invitation' menu.
2025-02-04 10:04:47 [main] DEBUG l.i.u.t.SubmittedApplicationsPageTest - Selected application section by code: 'TST-VUI-27'.
2025-02-04 10:04:47 [main] DEBUG l.i.u.t.SubmittedApplicationsPageTest - Clicked 'Search' button.
2025-02-04 10:04:47 [main] DEBUG l.i.u.t.SubmittedApplicationsPageTest - Retrieved invitation code: ''.
2025-02-04 10:04:47 [main] DEBUG l.i.u.t.SubmittedApplicationsPageTest - Clicked on 'Submitted Applications' menu.
2025-02-04 10:04:48 [main] DEBUG l.i.u.t.SubmittedApplicationsPageTest - Selected invitation by code: 'TST-VUI-27'.
2025-02-04 10:04:48 [main] DEBUG l.i.u.t.SubmittedApplicationsPageTest - Invitation code inserted.
2025-02-04 10:04:48 [main] DEBUG l.i.u.t.SubmittedApplicationsPageTest - Clicked on 'Action Application' button.
2025-02-04 10:04:48 [main] DEBUG l.i.u.t.SubmittedApplicationsPageTest - Clicked on 'New Application' button.
2025-02-04 10:04:49 [main] DEBUG l.i.u.t.SubmittedApplicationsPageTest - Selected the 'RadioButtonFA' option.
2025-02-04 10:04:49 [main] DEBUG l.i.u.t.SubmittedApplicationsPageTest - Entered phone number: '61298745'.
2025-02-04 10:04:49 [main] DEBUG l.i.u.t.SubmittedApplicationsPageTest - Entered email: 'test@autotest.com'.
2025-02-04 10:04:49 [main] INFO  l.i.u.p.SubmittedApplicationsPage - Located the dropdown button.
2025-02-04 10:05:10 [main] INFO  l.i.u.p.SubmittedApplicationsPage - Found 1741 options in the dropdown.
2025-02-04 10:05:10 [main] INFO  l.i.u.p.SubmittedApplicationsPage - Successfully selected the value: '01.11 - Grūdinių (išskyrus ryžius), ankštinių ir aliejingų sėklų augalų auginimas'
2025-02-04 10:05:21 [main] ERROR l.i.u.p.SubmittedApplicationsPage - Failed to close the dropdown with aria-expanded = 'false'. Attempting manual close.
2025-02-04 10:05:21 [main] INFO  l.i.u.p.SubmittedApplicationsPage - Manual close attempt for the dropdown using body click.
2025-02-04 10:05:21 [main] DEBUG l.i.u.t.SubmittedApplicationsPageTest - Selected EVRK value: '01.11 - Grūdinių (išskyrus ryžius), ankštinių ir aliejingų sėklų augalų auginimas'.
2025-02-04 10:05:21 [main] DEBUG l.i.u.t.SubmittedApplicationsPageTest - Entered address: 'Vilniaus m. sav., Vilnius, Testo g. 10T'.
2025-02-04 10:05:21 [main] DEBUG l.i.u.t.SubmittedApplicationsPageTest - Entered project date.
2025-02-04 10:05:21 [main] DEBUG l.i.u.t.SubmittedApplicationsPageTest - Entered job count: '1'.
2025-02-04 10:05:22 [main] DEBUG l.i.u.t.SubmittedApplicationsPageTest - Clicked 'Next' button.
2025-02-04 10:05:22 [main] INFO  l.i.u.p.SubmittedApplicationsPage - Located the dropdown button.
2025-02-04 10:05:23 [main] INFO  l.i.u.p.SubmittedApplicationsPage - Successfully selected the value: 'Administratoriai'
2025-02-04 10:05:53 [main] ERROR l.i.u.p.SubmittedApplicationsPage - Timeout while waiting for dropdown to close with aria-expanded = 'false'.
2025-02-04 10:05:53 [main] DEBUG l.i.u.t.SubmittedApplicationsPageTest - Selected job name: 'Administratoriai'.
2025-02-04 10:05:53 [main] DEBUG l.i.u.t.SubmittedApplicationsPageTest - Entered job function: 'Funkcija 1'.
2025-02-04 10:05:54 [main] DEBUG l.i.u.t.SubmittedApplicationsPageTest - Selected 'RadioButtonWithDisabilities' option.
2025-02-04 10:05:54 [main] INFO  l.i.u.p.SubmittedApplicationsPage - Clicking on the dropdown button.
2025-02-04 10:05:55 [main] INFO  l.i.u.p.SubmittedApplicationsPage - Found 34 options in the dropdown.
2025-02-04 10:05:55 [main] DEBUG l.i.u.p.SubmittedApplicationsPage - Checking option: 'Asmenys, kuriems suteiktas pabėgėlio statusas ar perkeliamojo asmens statusas, arba asmenys, kuriems suteikta papildoma ar laikinoji apsauga, ir asmenys, turintys teisę gauti laikinąją apsaugą, iki sprendimo dėl laikinosios apsaugos suteikimo (nesuteikimo) priėmimo, tačiau ne ilgiau kaip laikinosios apsaugos laikotarpiu'
2025-02-04 10:05:55 [main] DEBUG l.i.u.p.SubmittedApplicationsPage - Checking option: 'Asmenys, kuriems suteiktas pabėgėlio statusas ar perkeliamojo asmens statusas, arba asmenys, kuriems suteikta papildoma ar laikinoji apsauga, ir asmenys, turintys teisę gauti laikinąją apsaugą, iki sprendimo dėl laikinosios apsaugos suteikimo (nesuteikimo) priėmimo, tačiau ne ilgiau kaip laikinosios apsaugos laikotarpiu'
2025-02-04 10:05:55 [main] DEBUG l.i.u.p.SubmittedApplicationsPage - Checking option: 'Asmenys, turintys teisę į papildomas užimtumo garantijas pagal Lietuvos Respublikos valstybės įmonės Ignalinos atominės elektrinės darbuotojų papildomų užimtumo ir socialinių garantijų įstatymą'
2025-02-04 10:05:55 [main] DEBUG l.i.u.p.SubmittedApplicationsPage - Checking option: 'Asmenys, turintys teisę į papildomas užimtumo garantijas pagal Lietuvos Respublikos valstybės įmonės Ignalinos atominės elektrinės darbuotojų papildomų užimtumo ir socialinių garantijų įstatymą'
2025-02-04 10:05:55 [main] DEBUG l.i.u.p.SubmittedApplicationsPage - Checking option: 'Bedarbiai iki 29 metų'
2025-02-04 10:05:55 [main] DEBUG l.i.u.p.SubmittedApplicationsPage - Checking option: 'Bedarbiai iki 29 metų'
2025-02-04 10:05:55 [main] DEBUG l.i.u.p.SubmittedApplicationsPage - Checking option: 'Bedarbiai, kurie yra darbingo amžiaus neįgalieji, kuriems nustatytas 30–40 procentų darbingumo lygis arba vidutinis neįgalumo lygis'
2025-02-04 10:05:55 [main] DEBUG l.i.u.p.SubmittedApplicationsPage - Checking option: 'Bedarbiai, kurie yra darbingo amžiaus neįgalieji, kuriems nustatytas 30–40 procentų darbingumo lygis arba vidutinis neįgalumo lygis'
2025-02-04 10:05:55 [main] DEBUG l.i.u.p.SubmittedApplicationsPage - Checking option: 'Bedarbiai, kurie yra darbingo amžiaus neįgalieji, kuriems nustatytas 45–55 procentų darbingumo lygis arba lengvas neįgalumo lygis'
2025-02-04 10:05:55 [main] DEBUG l.i.u.p.SubmittedApplicationsPage - Checking option: 'Bedarbiai, kurie yra darbingo amžiaus neįgalieji, kuriems nustatytas 45–55 procentų darbingumo lygis arba lengvas neįgalumo lygis'
2025-02-04 10:05:55 [main] DEBUG l.i.u.p.SubmittedApplicationsPage - Checking option: 'Bedarbiai, kurie yra darbingo amžiaus neįgalieji, kuriems nustatytas iki 25 procentų darbingumo lygis arba sunkus neįgalumo lygis'
2025-02-04 10:05:55 [main] INFO  l.i.u.p.SubmittedApplicationsPage - Successfully selected the value: 'Bedarbiai, kurie yra darbingo amžiaus neįgalieji, kuriems nustatytas iki 25 procentų darbingumo lygis arba sunkus neįgalumo lygis'
2025-02-04 10:05:55 [main] INFO  l.i.u.p.SubmittedApplicationsPage - Attempting to close the dropdown.
2025-02-04 10:06:06 [main] INFO  l.i.u.p.SubmittedApplicationsPage - Dropdown should be closed now.
2025-02-04 10:06:06 [main] DEBUG l.i.u.t.SubmittedApplicationsPageTest - Selected disabilities type: 'Bedarbiai, kurie yra darbingo amžiaus neįgalieji, kuriems nustatytas iki 25 procentų darbingumo lygis arba sunkus neįgalumo lygis'.
2025-02-04 10:06:06 [main] DEBUG l.i.u.t.SubmittedApplicationsPageTest - Entered disability information: 'Negalia 1'.
2025-02-04 10:06:06 [main] INFO  l.i.u.p.SubmittedApplicationsPage - Located the dropdown button.
2025-02-04 10:06:06 [main] INFO  l.i.u.p.SubmittedApplicationsPage - Successfully selected the value: 'Kita'
2025-02-04 10:06:16 [main] ERROR l.i.u.p.SubmittedApplicationsPage - Timeout while waiting for dropdown to close with aria-expanded = 'false'.
2025-02-04 10:06:16 [main] DEBUG l.i.u.t.SubmittedApplicationsPageTest - Selected time mode: 'Kita'.
2025-02-04 10:06:17 [main] DEBUG l.i.u.t.SubmittedApplicationsPageTest - Selected time mode other: '6 val. per dieną ir 4 d. per savaitę'.
2025-02-04 10:06:17 [main] DEBUG l.i.u.t.SubmittedApplicationsPageTest - Entered qualification: 'Kvalifikacija 1'.
2025-02-04 10:06:17 [main] DEBUG l.i.u.t.SubmittedApplicationsPageTest - Entered job date.
2025-02-04 10:06:17 [main] DEBUG l.i.u.t.SubmittedApplicationsPageTest - Entered salary amount: '1200'.
2025-02-04 10:06:17 [main] DEBUG l.i.u.t.SubmittedApplicationsPageTest - Selected 'Temporary Job' radio button.
2025-02-04 10:06:17 [main] DEBUG l.i.u.t.SubmittedApplicationsPageTest - Selected 'Season Job' radio button.
2025-02-04 10:06:18 [main] DEBUG l.i.u.t.SubmittedApplicationsPageTest - Selected 'Energy' radio button.
2025-02-04 10:06:18 [main] DEBUG l.i.u.t.SubmittedApplicationsPageTest - Selected 'Repair' radio button.
2025-02-04 10:06:18 [main] DEBUG l.i.u.t.SubmittedApplicationsPageTest - Entered job description: 'Veikla 1'.
2025-02-04 10:06:18 [main] DEBUG l.i.u.t.SubmittedApplicationsPageTest - Entered process description: 'Procesas 1'.
2025-02-04 10:06:18 [main] DEBUG l.i.u.t.SubmittedApplicationsPageTest - Entered energy information: 'Energija 1'.
2025-02-04 10:06:19 [main] DEBUG l.i.u.t.SubmittedApplicationsPageTest - Entered repair information: 'Remontas 1'.
2025-02-04 10:06:19 [main] DEBUG l.i.u.t.SubmittedApplicationsPageTest - Selected 'PVM' radio button.
2025-02-04 10:06:19 [main] INFO  l.i.u.p.SubmittedApplicationsPage - Located the dropdown button.
2025-02-04 10:06:20 [main] INFO  l.i.u.p.SubmittedApplicationsPage - Successfully selected the value: 'Įsigyti'
2025-02-04 10:06:40 [main] ERROR l.i.u.p.SubmittedApplicationsPage - Timeout while waiting for dropdown to close with aria-expanded = 'false'.
2025-02-04 10:06:40 [main] DEBUG l.i.u.t.SubmittedApplicationsPageTest - Selected necessary for job: 'Įsigyti'.
2025-02-04 10:06:40 [main] DEBUG l.i.u.t.SubmittedApplicationsPageTest - Selected tool: 'Darbo priemonė 1'.
2025-02-04 10:06:40 [main] DEBUG l.i.u.t.SubmittedApplicationsPageTest - Selected tool parameter one: 'Darbo priemonės 1 parametras 1'.
2025-02-04 10:06:40 [main] DEBUG l.i.u.t.SubmittedApplicationsPageTest - Selected tool parameter two: 'Darbo priemonės 1 parametras 2'.
2025-02-04 10:06:41 [main] DEBUG l.i.u.t.SubmittedApplicationsPageTest - Selected tool parameter three: 'Darbo priemonės 1 parametras 3'.
2025-02-04 10:06:41 [main] DEBUG l.i.u.t.SubmittedApplicationsPageTest - Entered tool count: '1'.
2025-02-04 10:06:41 [main] DEBUG l.i.u.t.SubmittedApplicationsPageTest - Entered price amount: '1000'.
2025-02-04 10:06:41 [main] DEBUG l.i.u.t.SubmittedApplicationsPageTest - Entered own funds amount: '800'.
2025-02-04 10:06:41 [main] DEBUG l.i.u.t.SubmittedApplicationsPageTest - Entered country percentage: '50'.
2025-02-04 10:06:42 [main] DEBUG l.i.u.t.SubmittedApplicationsPageTest - Entered institution percentage: '50'.
2025-02-04 10:06:42 [main] DEBUG l.i.u.t.SubmittedApplicationsPageTest - Entered municipality percentage: '50'.
2025-02-04 10:06:42 [main] DEBUG l.i.u.t.SubmittedApplicationsPageTest - Selected 'De Minimis' radio button.
2025-02-04 10:06:42 [main] DEBUG l.i.u.t.SubmittedApplicationsPageTest - Entered program name: 'Programa 1'.
2025-02-04 10:06:42 [main] DEBUG l.i.u.t.SubmittedApplicationsPageTest - Entered project date from.
2025-02-04 10:06:42 [main] DEBUG l.i.u.t.SubmittedApplicationsPageTest - Entered project date until.
2025-02-04 10:06:43 [main] DEBUG l.i.u.t.SubmittedApplicationsPageTest - Entered support amount: '2000'.
2025-02-04 10:06:43 [main] DEBUG l.i.u.t.SubmittedApplicationsPageTest - Clicked 'Next' button.
2025-02-04 10:06:53 [main] DEBUG l.i.u.t.SubmittedApplicationsPageTest - Checked 'Legal Entities' checkbox 1.
2025-02-04 10:07:03 [main] DEBUG l.i.u.t.SubmittedApplicationsPageTest - Checked 'Legal Entities' checkbox 2.
2025-02-04 10:07:13 [main] DEBUG l.i.u.t.SubmittedApplicationsPageTest - Checked 'Legal Entities' checkbox 3.
2025-02-04 10:07:13 [main] DEBUG l.i.u.t.SubmittedApplicationsPageTest - Test finished: All 'Legal Entities' checkboxes checked successfully.
2025-02-04 10:07:13 [main] DEBUG l.i.u.t.SubmittedApplicationsPageTest - Clicked 'Next' button after checkboxes.
2025-02-04 10:07:24 [main] ERROR l.i.u.p.SubmittedApplicationsPage - Error selecting radio button: Expected condition failed: waiting for element to be clickable: By.xpath: (//input[@type='radio' and @value='false'])[1] (tried for 10 second(s) with 500 milliseconds interval)
Build info: version: '4.27.0', revision: 'd6e718d134'
System info: os.name: 'Windows 11', os.arch: 'amd64', os.version: '10.0', java.version: '21.0.3'
Driver info: org.openqa.selenium.chrome.ChromeDriver
Capabilities {acceptInsecureCerts: false, browserName: chrome, browserVersion: 132.0.6834.160, chrome: {chromedriverVersion: 132.0.6834.159 (2d77d3fc445..., userDataDir: C:\Users\INGRID~1.ZAD\AppDa...}, fedcm:accounts: true, goog:chromeOptions: {debuggerAddress: localhost:61260}, networkConnectionEnabled: false, pageLoadStrategy: normal, platformName: windows, proxy: Proxy(), se:cdp: ws://localhost:61260/devtoo..., se:cdpVersion: 132.0.6834.160, setWindowRect: true, strictFileInteractability: false, timeouts: {implicit: 0, pageLoad: 300000, script: 30000}, unhandledPromptBehavior: dismiss and notify, webauthn:extension:credBlob: true, webauthn:extension:largeBlob: true, webauthn:extension:minPinLength: true, webauthn:extension:prf: true, webauthn:virtualAuthenticators: true}
Session ID: c12700ca2c7355b6051ccc02865159b2
2025-02-04 10:07:24 [main] INFO  l.i.u.t.SubmittedApplicationsPageTest - Marking 'Yes' radio button 1
2025-02-04 10:07:34 [main] ERROR l.i.u.p.SubmittedApplicationsPage - Error selecting radio button: Expected condition failed: waiting for element to be clickable: By.xpath: (//input[@type='radio' and @value='false'])[2] (tried for 10 second(s) with 500 milliseconds interval)
Build info: version: '4.27.0', revision: 'd6e718d134'
System info: os.name: 'Windows 11', os.arch: 'amd64', os.version: '10.0', java.version: '21.0.3'
Driver info: org.openqa.selenium.chrome.ChromeDriver
Capabilities {acceptInsecureCerts: false, browserName: chrome, browserVersion: 132.0.6834.160, chrome: {chromedriverVersion: 132.0.6834.159 (2d77d3fc445..., userDataDir: C:\Users\INGRID~1.ZAD\AppDa...}, fedcm:accounts: true, goog:chromeOptions: {debuggerAddress: localhost:61260}, networkConnectionEnabled: false, pageLoadStrategy: normal, platformName: windows, proxy: Proxy(), se:cdp: ws://localhost:61260/devtoo..., se:cdpVersion: 132.0.6834.160, setWindowRect: true, strictFileInteractability: false, timeouts: {implicit: 0, pageLoad: 300000, script: 30000}, unhandledPromptBehavior: dismiss and notify, webauthn:extension:credBlob: true, webauthn:extension:largeBlob: true, webauthn:extension:minPinLength: true, webauthn:extension:prf: true, webauthn:virtualAuthenticators: true}
Session ID: c12700ca2c7355b6051ccc02865159b2
2025-02-04 10:07:34 [main] INFO  l.i.u.t.SubmittedApplicationsPageTest - Marking 'Yes' radio button 2
2025-02-04 10:07:44 [main] ERROR l.i.u.p.SubmittedApplicationsPage - Error selecting radio button: Expected condition failed: waiting for element to be clickable: By.xpath: (//input[@type='radio' and @value='false'])[3] (tried for 10 second(s) with 500 milliseconds interval)
Build info: version: '4.27.0', revision: 'd6e718d134'
System info: os.name: 'Windows 11', os.arch: 'amd64', os.version: '10.0', java.version: '21.0.3'
Driver info: org.openqa.selenium.chrome.ChromeDriver
Capabilities {acceptInsecureCerts: false, browserName: chrome, browserVersion: 132.0.6834.160, chrome: {chromedriverVersion: 132.0.6834.159 (2d77d3fc445..., userDataDir: C:\Users\INGRID~1.ZAD\AppDa...}, fedcm:accounts: true, goog:chromeOptions: {debuggerAddress: localhost:61260}, networkConnectionEnabled: false, pageLoadStrategy: normal, platformName: windows, proxy: Proxy(), se:cdp: ws://localhost:61260/devtoo..., se:cdpVersion: 132.0.6834.160, setWindowRect: true, strictFileInteractability: false, timeouts: {implicit: 0, pageLoad: 300000, script: 30000}, unhandledPromptBehavior: dismiss and notify, webauthn:extension:credBlob: true, webauthn:extension:largeBlob: true, webauthn:extension:minPinLength: true, webauthn:extension:prf: true, webauthn:virtualAuthenticators: true}
Session ID: c12700ca2c7355b6051ccc02865159b2
2025-02-04 10:07:44 [main] INFO  l.i.u.t.SubmittedApplicationsPageTest - Marking 'Yes' radio button 3
2025-02-04 10:07:54 [main] ERROR l.i.u.p.SubmittedApplicationsPage - Error selecting radio button: Expected condition failed: waiting for element to be clickable: By.xpath: (//input[@type='radio' and @value='false'])[4] (tried for 10 second(s) with 500 milliseconds interval)
Build info: version: '4.27.0', revision: 'd6e718d134'
System info: os.name: 'Windows 11', os.arch: 'amd64', os.version: '10.0', java.version: '21.0.3'
Driver info: org.openqa.selenium.chrome.ChromeDriver
Capabilities {acceptInsecureCerts: false, browserName: chrome, browserVersion: 132.0.6834.160, chrome: {chromedriverVersion: 132.0.6834.159 (2d77d3fc445..., userDataDir: C:\Users\INGRID~1.ZAD\AppDa...}, fedcm:accounts: true, goog:chromeOptions: {debuggerAddress: localhost:61260}, networkConnectionEnabled: false, pageLoadStrategy: normal, platformName: windows, proxy: Proxy(), se:cdp: ws://localhost:61260/devtoo..., se:cdpVersion: 132.0.6834.160, setWindowRect: true, strictFileInteractability: false, timeouts: {implicit: 0, pageLoad: 300000, script: 30000}, unhandledPromptBehavior: dismiss and notify, webauthn:extension:credBlob: true, webauthn:extension:largeBlob: true, webauthn:extension:minPinLength: true, webauthn:extension:prf: true, webauthn:virtualAuthenticators: true}
Session ID: c12700ca2c7355b6051ccc02865159b2
2025-02-04 10:07:54 [main] INFO  l.i.u.t.SubmittedApplicationsPageTest - Marking 'Yes' radio button 4
2025-02-04 10:08:04 [main] ERROR l.i.u.p.SubmittedApplicationsPage - Error selecting radio button: Expected condition failed: waiting for element to be clickable: By.xpath: (//input[@type='radio' and @value='false'])[5] (tried for 10 second(s) with 500 milliseconds interval)
Build info: version: '4.27.0', revision: 'd6e718d134'
System info: os.name: 'Windows 11', os.arch: 'amd64', os.version: '10.0', java.version: '21.0.3'
Driver info: org.openqa.selenium.chrome.ChromeDriver
Capabilities {acceptInsecureCerts: false, browserName: chrome, browserVersion: 132.0.6834.160, chrome: {chromedriverVersion: 132.0.6834.159 (2d77d3fc445..., userDataDir: C:\Users\INGRID~1.ZAD\AppDa...}, fedcm:accounts: true, goog:chromeOptions: {debuggerAddress: localhost:61260}, networkConnectionEnabled: false, pageLoadStrategy: normal, platformName: windows, proxy: Proxy(), se:cdp: ws://localhost:61260/devtoo..., se:cdpVersion: 132.0.6834.160, setWindowRect: true, strictFileInteractability: false, timeouts: {implicit: 0, pageLoad: 300000, script: 30000}, unhandledPromptBehavior: dismiss and notify, webauthn:extension:credBlob: true, webauthn:extension:largeBlob: true, webauthn:extension:minPinLength: true, webauthn:extension:prf: true, webauthn:virtualAuthenticators: true}
Session ID: c12700ca2c7355b6051ccc02865159b2
2025-02-04 10:08:04 [main] INFO  l.i.u.t.SubmittedApplicationsPageTest - Marking 'Yes' radio button 5
2025-02-04 10:08:14 [main] ERROR l.i.u.p.SubmittedApplicationsPage - Error selecting radio button: Expected condition failed: waiting for element to be clickable: By.xpath: (//input[@type='radio' and @value='false'])[6] (tried for 10 second(s) with 500 milliseconds interval)
Build info: version: '4.27.0', revision: 'd6e718d134'
System info: os.name: 'Windows 11', os.arch: 'amd64', os.version: '10.0', java.version: '21.0.3'
Driver info: org.openqa.selenium.chrome.ChromeDriver
Capabilities {acceptInsecureCerts: false, browserName: chrome, browserVersion: 132.0.6834.160, chrome: {chromedriverVersion: 132.0.6834.159 (2d77d3fc445..., userDataDir: C:\Users\INGRID~1.ZAD\AppDa...}, fedcm:accounts: true, goog:chromeOptions: {debuggerAddress: localhost:61260}, networkConnectionEnabled: false, pageLoadStrategy: normal, platformName: windows, proxy: Proxy(), se:cdp: ws://localhost:61260/devtoo..., se:cdpVersion: 132.0.6834.160, setWindowRect: true, strictFileInteractability: false, timeouts: {implicit: 0, pageLoad: 300000, script: 30000}, unhandledPromptBehavior: dismiss and notify, webauthn:extension:credBlob: true, webauthn:extension:largeBlob: true, webauthn:extension:minPinLength: true, webauthn:extension:prf: true, webauthn:virtualAuthenticators: true}
Session ID: c12700ca2c7355b6051ccc02865159b2
2025-02-04 10:08:14 [main] INFO  l.i.u.t.SubmittedApplicationsPageTest - Marking 'Yes' radio button 6
2025-02-04 10:08:24 [main] ERROR l.i.u.p.SubmittedApplicationsPage - Error selecting radio button: Expected condition failed: waiting for element to be clickable: By.xpath: (//input[@type='radio' and @value='true'])[7] (tried for 10 second(s) with 500 milliseconds interval)
Build info: version: '4.27.0', revision: 'd6e718d134'
System info: os.name: 'Windows 11', os.arch: 'amd64', os.version: '10.0', java.version: '21.0.3'
Driver info: org.openqa.selenium.chrome.ChromeDriver
Capabilities {acceptInsecureCerts: false, browserName: chrome, browserVersion: 132.0.6834.160, chrome: {chromedriverVersion: 132.0.6834.159 (2d77d3fc445..., userDataDir: C:\Users\INGRID~1.ZAD\AppDa...}, fedcm:accounts: true, goog:chromeOptions: {debuggerAddress: localhost:61260}, networkConnectionEnabled: false, pageLoadStrategy: normal, platformName: windows, proxy: Proxy(), se:cdp: ws://localhost:61260/devtoo..., se:cdpVersion: 132.0.6834.160, setWindowRect: true, strictFileInteractability: false, timeouts: {implicit: 0, pageLoad: 300000, script: 30000}, unhandledPromptBehavior: dismiss and notify, webauthn:extension:credBlob: true, webauthn:extension:largeBlob: true, webauthn:extension:minPinLength: true, webauthn:extension:prf: true, webauthn:virtualAuthenticators: true}
Session ID: c12700ca2c7355b6051ccc02865159b2
2025-02-04 10:08:34 [main] ERROR l.i.u.p.SubmittedApplicationsPage - Error selecting radio button: Expected condition failed: waiting for element to be clickable: By.xpath: (//input[@type='radio' and @value='true'])[8] (tried for 10 second(s) with 500 milliseconds interval)
Build info: version: '4.27.0', revision: 'd6e718d134'
System info: os.name: 'Windows 11', os.arch: 'amd64', os.version: '10.0', java.version: '21.0.3'
Driver info: org.openqa.selenium.chrome.ChromeDriver
Capabilities {acceptInsecureCerts: false, browserName: chrome, browserVersion: 132.0.6834.160, chrome: {chromedriverVersion: 132.0.6834.159 (2d77d3fc445..., userDataDir: C:\Users\INGRID~1.ZAD\AppDa...}, fedcm:accounts: true, goog:chromeOptions: {debuggerAddress: localhost:61260}, networkConnectionEnabled: false, pageLoadStrategy: normal, platformName: windows, proxy: Proxy(), se:cdp: ws://localhost:61260/devtoo..., se:cdpVersion: 132.0.6834.160, setWindowRect: true, strictFileInteractability: false, timeouts: {implicit: 0, pageLoad: 300000, script: 30000}, unhandledPromptBehavior: dismiss and notify, webauthn:extension:credBlob: true, webauthn:extension:largeBlob: true, webauthn:extension:minPinLength: true, webauthn:extension:prf: true, webauthn:virtualAuthenticators: true}
Session ID: c12700ca2c7355b6051ccc02865159b2
2025-02-04 10:08:45 [main] ERROR l.i.u.p.SubmittedApplicationsPage - Error selecting radio button: Expected condition failed: waiting for element to be clickable: By.xpath: (//input[@type='radio' and @value='true'])[9] (tried for 10 second(s) with 500 milliseconds interval)
Build info: version: '4.27.0', revision: 'd6e718d134'
System info: os.name: 'Windows 11', os.arch: 'amd64', os.version: '10.0', java.version: '21.0.3'
Driver info: org.openqa.selenium.chrome.ChromeDriver
Capabilities {acceptInsecureCerts: false, browserName: chrome, browserVersion: 132.0.6834.160, chrome: {chromedriverVersion: 132.0.6834.159 (2d77d3fc445..., userDataDir: C:\Users\INGRID~1.ZAD\AppDa...}, fedcm:accounts: true, goog:chromeOptions: {debuggerAddress: localhost:61260}, networkConnectionEnabled: false, pageLoadStrategy: normal, platformName: windows, proxy: Proxy(), se:cdp: ws://localhost:61260/devtoo..., se:cdpVersion: 132.0.6834.160, setWindowRect: true, strictFileInteractability: false, timeouts: {implicit: 0, pageLoad: 300000, script: 30000}, unhandledPromptBehavior: dismiss and notify, webauthn:extension:credBlob: true, webauthn:extension:largeBlob: true, webauthn:extension:minPinLength: true, webauthn:extension:prf: true, webauthn:virtualAuthenticators: true}
Session ID: c12700ca2c7355b6051ccc02865159b2
2025-02-04 10:08:55 [main] ERROR l.i.u.p.SubmittedApplicationsPage - Error selecting radio button: Expected condition failed: waiting for element to be clickable: By.xpath: (//input[@type='radio' and @value='true'])[10] (tried for 10 second(s) with 500 milliseconds interval)
Build info: version: '4.27.0', revision: 'd6e718d134'
System info: os.name: 'Windows 11', os.arch: 'amd64', os.version: '10.0', java.version: '21.0.3'
Driver info: org.openqa.selenium.chrome.ChromeDriver
Capabilities {acceptInsecureCerts: false, browserName: chrome, browserVersion: 132.0.6834.160, chrome: {chromedriverVersion: 132.0.6834.159 (2d77d3fc445..., userDataDir: C:\Users\INGRID~1.ZAD\AppDa...}, fedcm:accounts: true, goog:chromeOptions: {debuggerAddress: localhost:61260}, networkConnectionEnabled: false, pageLoadStrategy: normal, platformName: windows, proxy: Proxy(), se:cdp: ws://localhost:61260/devtoo..., se:cdpVersion: 132.0.6834.160, setWindowRect: true, strictFileInteractability: false, timeouts: {implicit: 0, pageLoad: 300000, script: 30000}, unhandledPromptBehavior: dismiss and notify, webauthn:extension:credBlob: true, webauthn:extension:largeBlob: true, webauthn:extension:minPinLength: true, webauthn:extension:prf: true, webauthn:virtualAuthenticators: true}
Session ID: c12700ca2c7355b6051ccc02865159b2
2025-02-04 10:09:05 [main] ERROR l.i.u.p.SubmittedApplicationsPage - Error selecting radio button: Expected condition failed: waiting for element to be clickable: By.xpath: (//input[@type='radio' and @value='true'])[11] (tried for 10 second(s) with 500 milliseconds interval)
Build info: version: '4.27.0', revision: 'd6e718d134'
System info: os.name: 'Windows 11', os.arch: 'amd64', os.version: '10.0', java.version: '21.0.3'
Driver info: org.openqa.selenium.chrome.ChromeDriver
Capabilities {acceptInsecureCerts: false, browserName: chrome, browserVersion: 132.0.6834.160, chrome: {chromedriverVersion: 132.0.6834.159 (2d77d3fc445..., userDataDir: C:\Users\INGRID~1.ZAD\AppDa...}, fedcm:accounts: true, goog:chromeOptions: {debuggerAddress: localhost:61260}, networkConnectionEnabled: false, pageLoadStrategy: normal, platformName: windows, proxy: Proxy(), se:cdp: ws://localhost:61260/devtoo..., se:cdpVersion: 132.0.6834.160, setWindowRect: true, strictFileInteractability: false, timeouts: {implicit: 0, pageLoad: 300000, script: 30000}, unhandledPromptBehavior: dismiss and notify, webauthn:extension:credBlob: true, webauthn:extension:largeBlob: true, webauthn:extension:minPinLength: true, webauthn:extension:prf: true, webauthn:virtualAuthenticators: true}
Session ID: c12700ca2c7355b6051ccc02865159b2
2025-02-04 10:09:15 [main] ERROR l.i.u.p.SubmittedApplicationsPage - Error selecting radio button: Expected condition failed: waiting for element to be clickable: By.xpath: (//input[@type='radio' and @value='true'])[12] (tried for 10 second(s) with 500 milliseconds interval)
Build info: version: '4.27.0', revision: 'd6e718d134'
System info: os.name: 'Windows 11', os.arch: 'amd64', os.version: '10.0', java.version: '21.0.3'
Driver info: org.openqa.selenium.chrome.ChromeDriver
Capabilities {acceptInsecureCerts: false, browserName: chrome, browserVersion: 132.0.6834.160, chrome: {chromedriverVersion: 132.0.6834.159 (2d77d3fc445..., userDataDir: C:\Users\INGRID~1.ZAD\AppDa...}, fedcm:accounts: true, goog:chromeOptions: {debuggerAddress: localhost:61260}, networkConnectionEnabled: false, pageLoadStrategy: normal, platformName: windows, proxy: Proxy(), se:cdp: ws://localhost:61260/devtoo..., se:cdpVersion: 132.0.6834.160, setWindowRect: true, strictFileInteractability: false, timeouts: {implicit: 0, pageLoad: 300000, script: 30000}, unhandledPromptBehavior: dismiss and notify, webauthn:extension:credBlob: true, webauthn:extension:largeBlob: true, webauthn:extension:minPinLength: true, webauthn:extension:prf: true, webauthn:virtualAuthenticators: true}
Session ID: c12700ca2c7355b6051ccc02865159b2
2025-02-04 10:09:15 [main] INFO  l.i.u.t.SubmittedApplicationsPageTest - Test 'testFillNewApplication' completed successfully.
2025-02-04 10:13:32 [main] INFO  lt.insoft.uztis.tests.UztisPageTest - Navigated to https://uztisdev.asseco.lt/home
2025-02-04 10:13:32 [main] INFO  l.i.u.t.SubmittedApplicationsPageTest - Starting test:'testFillNewApplication'
2025-02-04 10:13:33 [main] DEBUG l.i.u.t.SubmittedApplicationsPageTest - User logged in with test credentials.
2025-02-04 10:13:33 [main] DEBUG l.i.u.t.SubmittedApplicationsPageTest - Opened 'Application Processing' menu.
2025-02-04 10:13:33 [main] DEBUG l.i.u.t.SubmittedApplicationsPageTest - Clicked on 'Application Forms' menu.
2025-02-04 10:13:34 [main] DEBUG l.i.u.t.SubmittedApplicationsPageTest - Retrieved last description code text: 'TST-VUI-27'.
2025-02-04 10:13:34 [main] DEBUG l.i.u.t.SubmittedApplicationsPageTest - Clicked on 'Invitation' menu.
2025-02-04 10:13:35 [main] DEBUG l.i.u.t.SubmittedApplicationsPageTest - Selected application section by code: 'TST-VUI-27'.
2025-02-04 10:13:35 [main] DEBUG l.i.u.t.SubmittedApplicationsPageTest - Clicked 'Search' button.
2025-02-04 10:13:35 [main] DEBUG l.i.u.t.SubmittedApplicationsPageTest - Retrieved invitation code: ''.
2025-02-04 10:13:35 [main] DEBUG l.i.u.t.SubmittedApplicationsPageTest - Clicked on 'Submitted Applications' menu.
2025-02-04 10:13:36 [main] DEBUG l.i.u.t.SubmittedApplicationsPageTest - Selected invitation by code: 'TST-VUI-27'.
2025-02-04 10:13:36 [main] DEBUG l.i.u.t.SubmittedApplicationsPageTest - Invitation code inserted.
2025-02-04 10:13:36 [main] DEBUG l.i.u.t.SubmittedApplicationsPageTest - Clicked on 'Action Application' button.
2025-02-04 10:13:36 [main] DEBUG l.i.u.t.SubmittedApplicationsPageTest - Clicked on 'New Application' button.
2025-02-04 10:13:37 [main] DEBUG l.i.u.t.SubmittedApplicationsPageTest - Selected the 'RadioButtonFA' option.
2025-02-04 10:13:37 [main] DEBUG l.i.u.t.SubmittedApplicationsPageTest - Entered phone number: '61298745'.
2025-02-04 10:13:37 [main] DEBUG l.i.u.t.SubmittedApplicationsPageTest - Entered email: 'test@autotest.com'.
2025-02-04 10:13:37 [main] INFO  l.i.u.p.SubmittedApplicationsPage - Located the dropdown button.
2025-02-04 10:13:57 [main] INFO  l.i.u.p.SubmittedApplicationsPage - Found 1741 options in the dropdown.
2025-02-04 10:13:57 [main] INFO  l.i.u.p.SubmittedApplicationsPage - Successfully selected the value: '01.11 - Grūdinių (išskyrus ryžius), ankštinių ir aliejingų sėklų augalų auginimas'
2025-02-04 10:14:08 [main] ERROR l.i.u.p.SubmittedApplicationsPage - Failed to close the dropdown with aria-expanded = 'false'. Attempting manual close.
2025-02-04 10:14:08 [main] INFO  l.i.u.p.SubmittedApplicationsPage - Manual close attempt for the dropdown using body click.
2025-02-04 10:14:08 [main] DEBUG l.i.u.t.SubmittedApplicationsPageTest - Selected EVRK value: '01.11 - Grūdinių (išskyrus ryžius), ankštinių ir aliejingų sėklų augalų auginimas'.
2025-02-04 10:14:08 [main] DEBUG l.i.u.t.SubmittedApplicationsPageTest - Entered address: 'Vilniaus m. sav., Vilnius, Testo g. 10T'.
2025-02-04 10:14:08 [main] DEBUG l.i.u.t.SubmittedApplicationsPageTest - Entered project date.
2025-02-04 10:14:09 [main] DEBUG l.i.u.t.SubmittedApplicationsPageTest - Entered job count: '1'.
2025-02-04 10:14:09 [main] DEBUG l.i.u.t.SubmittedApplicationsPageTest - Clicked 'Next' button.
2025-02-04 10:14:09 [main] INFO  l.i.u.p.SubmittedApplicationsPage - Located the dropdown button.
2025-02-04 10:14:10 [main] INFO  l.i.u.p.SubmittedApplicationsPage - Successfully selected the value: 'Administratoriai'
2025-02-04 10:14:41 [main] ERROR l.i.u.p.SubmittedApplicationsPage - Timeout while waiting for dropdown to close with aria-expanded = 'false'.
2025-02-04 10:14:41 [main] DEBUG l.i.u.t.SubmittedApplicationsPageTest - Selected job name: 'Administratoriai'.
2025-02-04 10:14:41 [main] DEBUG l.i.u.t.SubmittedApplicationsPageTest - Entered job function: 'Funkcija 1'.
2025-02-04 10:14:41 [main] DEBUG l.i.u.t.SubmittedApplicationsPageTest - Selected 'RadioButtonWithDisabilities' option.
2025-02-04 10:14:41 [main] INFO  l.i.u.p.SubmittedApplicationsPage - Clicking on the dropdown button.
2025-02-04 10:14:41 [main] INFO  l.i.u.p.SubmittedApplicationsPage - Found 34 options in the dropdown.
2025-02-04 10:14:41 [main] DEBUG l.i.u.p.SubmittedApplicationsPage - Checking option: 'Asmenys, kuriems suteiktas pabėgėlio statusas ar perkeliamojo asmens statusas, arba asmenys, kuriems suteikta papildoma ar laikinoji apsauga, ir asmenys, turintys teisę gauti laikinąją apsaugą, iki sprendimo dėl laikinosios apsaugos suteikimo (nesuteikimo) priėmimo, tačiau ne ilgiau kaip laikinosios apsaugos laikotarpiu'
2025-02-04 10:14:41 [main] DEBUG l.i.u.p.SubmittedApplicationsPage - Checking option: 'Asmenys, kuriems suteiktas pabėgėlio statusas ar perkeliamojo asmens statusas, arba asmenys, kuriems suteikta papildoma ar laikinoji apsauga, ir asmenys, turintys teisę gauti laikinąją apsaugą, iki sprendimo dėl laikinosios apsaugos suteikimo (nesuteikimo) priėmimo, tačiau ne ilgiau kaip laikinosios apsaugos laikotarpiu'
2025-02-04 10:14:41 [main] DEBUG l.i.u.p.SubmittedApplicationsPage - Checking option: 'Asmenys, turintys teisę į papildomas užimtumo garantijas pagal Lietuvos Respublikos valstybės įmonės Ignalinos atominės elektrinės darbuotojų papildomų užimtumo ir socialinių garantijų įstatymą'
2025-02-04 10:14:41 [main] DEBUG l.i.u.p.SubmittedApplicationsPage - Checking option: 'Asmenys, turintys teisę į papildomas užimtumo garantijas pagal Lietuvos Respublikos valstybės įmonės Ignalinos atominės elektrinės darbuotojų papildomų užimtumo ir socialinių garantijų įstatymą'
2025-02-04 10:14:41 [main] DEBUG l.i.u.p.SubmittedApplicationsPage - Checking option: 'Bedarbiai iki 29 metų'
2025-02-04 10:14:41 [main] DEBUG l.i.u.p.SubmittedApplicationsPage - Checking option: 'Bedarbiai iki 29 metų'
2025-02-04 10:14:41 [main] DEBUG l.i.u.p.SubmittedApplicationsPage - Checking option: 'Bedarbiai, kurie yra darbingo amžiaus neįgalieji, kuriems nustatytas 30–40 procentų darbingumo lygis arba vidutinis neįgalumo lygis'
2025-02-04 10:14:41 [main] DEBUG l.i.u.p.SubmittedApplicationsPage - Checking option: 'Bedarbiai, kurie yra darbingo amžiaus neįgalieji, kuriems nustatytas 30–40 procentų darbingumo lygis arba vidutinis neįgalumo lygis'
2025-02-04 10:14:41 [main] DEBUG l.i.u.p.SubmittedApplicationsPage - Checking option: 'Bedarbiai, kurie yra darbingo amžiaus neįgalieji, kuriems nustatytas 45–55 procentų darbingumo lygis arba lengvas neįgalumo lygis'
2025-02-04 10:14:41 [main] DEBUG l.i.u.p.SubmittedApplicationsPage - Checking option: 'Bedarbiai, kurie yra darbingo amžiaus neįgalieji, kuriems nustatytas 45–55 procentų darbingumo lygis arba lengvas neįgalumo lygis'
2025-02-04 10:14:41 [main] DEBUG l.i.u.p.SubmittedApplicationsPage - Checking option: 'Bedarbiai, kurie yra darbingo amžiaus neįgalieji, kuriems nustatytas iki 25 procentų darbingumo lygis arba sunkus neįgalumo lygis'
2025-02-04 10:14:42 [main] INFO  l.i.u.p.SubmittedApplicationsPage - Successfully selected the value: 'Bedarbiai, kurie yra darbingo amžiaus neįgalieji, kuriems nustatytas iki 25 procentų darbingumo lygis arba sunkus neįgalumo lygis'
2025-02-04 10:14:42 [main] INFO  l.i.u.p.SubmittedApplicationsPage - Attempting to close the dropdown.
2025-02-04 10:14:52 [main] INFO  l.i.u.p.SubmittedApplicationsPage - Dropdown should be closed now.
2025-02-04 10:14:52 [main] DEBUG l.i.u.t.SubmittedApplicationsPageTest - Selected disabilities type: 'Bedarbiai, kurie yra darbingo amžiaus neįgalieji, kuriems nustatytas iki 25 procentų darbingumo lygis arba sunkus neįgalumo lygis'.
2025-02-04 10:14:52 [main] DEBUG l.i.u.t.SubmittedApplicationsPageTest - Entered disability information: 'Negalia 1'.
2025-02-04 10:14:52 [main] INFO  l.i.u.p.SubmittedApplicationsPage - Located the dropdown button.
2025-02-04 10:14:53 [main] INFO  l.i.u.p.SubmittedApplicationsPage - Successfully selected the value: 'Kita'
2025-02-04 10:15:03 [main] ERROR l.i.u.p.SubmittedApplicationsPage - Timeout while waiting for dropdown to close with aria-expanded = 'false'.
2025-02-04 10:15:03 [main] DEBUG l.i.u.t.SubmittedApplicationsPageTest - Selected time mode: 'Kita'.
2025-02-04 10:15:03 [main] DEBUG l.i.u.t.SubmittedApplicationsPageTest - Selected time mode other: '6 val. per dieną ir 4 d. per savaitę'.
2025-02-04 10:15:04 [main] DEBUG l.i.u.t.SubmittedApplicationsPageTest - Entered qualification: 'Kvalifikacija 1'.
2025-02-04 10:15:04 [main] DEBUG l.i.u.t.SubmittedApplicationsPageTest - Entered job date.
2025-02-04 10:15:04 [main] DEBUG l.i.u.t.SubmittedApplicationsPageTest - Entered salary amount: '1200'.
2025-02-04 10:15:04 [main] DEBUG l.i.u.t.SubmittedApplicationsPageTest - Selected 'Temporary Job' radio button.
2025-02-04 10:15:04 [main] DEBUG l.i.u.t.SubmittedApplicationsPageTest - Selected 'Season Job' radio button.
2025-02-04 10:15:04 [main] DEBUG l.i.u.t.SubmittedApplicationsPageTest - Selected 'Energy' radio button.
2025-02-04 10:15:04 [main] DEBUG l.i.u.t.SubmittedApplicationsPageTest - Selected 'Repair' radio button.
2025-02-04 10:15:05 [main] DEBUG l.i.u.t.SubmittedApplicationsPageTest - Entered job description: 'Veikla 1'.
2025-02-04 10:15:05 [main] DEBUG l.i.u.t.SubmittedApplicationsPageTest - Entered process description: 'Procesas 1'.
2025-02-04 10:15:05 [main] DEBUG l.i.u.t.SubmittedApplicationsPageTest - Entered energy information: 'Energija 1'.
2025-02-04 10:15:05 [main] DEBUG l.i.u.t.SubmittedApplicationsPageTest - Entered repair information: 'Remontas 1'.
2025-02-04 10:15:05 [main] DEBUG l.i.u.t.SubmittedApplicationsPageTest - Selected 'PVM' radio button.
2025-02-04 10:15:05 [main] INFO  l.i.u.p.SubmittedApplicationsPage - Located the dropdown button.
2025-02-04 10:15:06 [main] INFO  l.i.u.p.SubmittedApplicationsPage - Successfully selected the value: 'Įsigyti'
2025-02-04 10:15:26 [main] ERROR l.i.u.p.SubmittedApplicationsPage - Timeout while waiting for dropdown to close with aria-expanded = 'false'.
2025-02-04 10:15:26 [main] DEBUG l.i.u.t.SubmittedApplicationsPageTest - Selected necessary for job: 'Įsigyti'.
2025-02-04 10:15:27 [main] DEBUG l.i.u.t.SubmittedApplicationsPageTest - Selected tool: 'Darbo priemonė 1'.
2025-02-04 10:15:27 [main] DEBUG l.i.u.t.SubmittedApplicationsPageTest - Selected tool parameter one: 'Darbo priemonės 1 parametras 1'.
2025-02-04 10:15:27 [main] DEBUG l.i.u.t.SubmittedApplicationsPageTest - Selected tool parameter two: 'Darbo priemonės 1 parametras 2'.
2025-02-04 10:15:27 [main] DEBUG l.i.u.t.SubmittedApplicationsPageTest - Selected tool parameter three: 'Darbo priemonės 1 parametras 3'.
2025-02-04 10:15:27 [main] DEBUG l.i.u.t.SubmittedApplicationsPageTest - Entered tool count: '1'.
2025-02-04 10:15:28 [main] DEBUG l.i.u.t.SubmittedApplicationsPageTest - Entered price amount: '1000'.
2025-02-04 10:15:28 [main] DEBUG l.i.u.t.SubmittedApplicationsPageTest - Entered own funds amount: '800'.
2025-02-04 10:15:28 [main] DEBUG l.i.u.t.SubmittedApplicationsPageTest - Entered country percentage: '50'.
2025-02-04 10:15:28 [main] DEBUG l.i.u.t.SubmittedApplicationsPageTest - Entered institution percentage: '50'.
2025-02-04 10:15:28 [main] DEBUG l.i.u.t.SubmittedApplicationsPageTest - Entered municipality percentage: '50'.
2025-02-04 10:15:28 [main] DEBUG l.i.u.t.SubmittedApplicationsPageTest - Selected 'De Minimis' radio button.
2025-02-04 10:15:29 [main] DEBUG l.i.u.t.SubmittedApplicationsPageTest - Entered program name: 'Programa 1'.
2025-02-04 10:15:29 [main] DEBUG l.i.u.t.SubmittedApplicationsPageTest - Entered project date from.
2025-02-04 10:15:29 [main] DEBUG l.i.u.t.SubmittedApplicationsPageTest - Entered project date until.
2025-02-04 10:15:29 [main] DEBUG l.i.u.t.SubmittedApplicationsPageTest - Entered support amount: '2000'.
2025-02-04 10:15:29 [main] DEBUG l.i.u.t.SubmittedApplicationsPageTest - Clicked 'Next' button.
2025-02-04 10:15:39 [main] DEBUG l.i.u.t.SubmittedApplicationsPageTest - Checked 'Legal Entities' checkbox 1.
2025-02-04 10:15:50 [main] DEBUG l.i.u.t.SubmittedApplicationsPageTest - Checked 'Legal Entities' checkbox 2.
2025-02-04 10:16:00 [main] DEBUG l.i.u.t.SubmittedApplicationsPageTest - Checked 'Legal Entities' checkbox 3.
2025-02-04 10:16:00 [main] DEBUG l.i.u.t.SubmittedApplicationsPageTest - Test finished: All 'Legal Entities' checkboxes checked successfully.
2025-02-04 10:16:00 [main] DEBUG l.i.u.t.SubmittedApplicationsPageTest - Clicked 'Next' button after checkboxes.
2025-02-04 10:16:10 [main] ERROR l.i.u.p.SubmittedApplicationsPage - Error selecting radio button: Expected condition failed: waiting for element to be clickable: By.xpath: (//input[@type='radio' and @value='false'])[1] (tried for 10 second(s) with 500 milliseconds interval)
Build info: version: '4.27.0', revision: 'd6e718d134'
System info: os.name: 'Windows 11', os.arch: 'amd64', os.version: '10.0', java.version: '21.0.3'
Driver info: org.openqa.selenium.chrome.ChromeDriver
Capabilities {acceptInsecureCerts: false, browserName: chrome, browserVersion: 132.0.6834.160, chrome: {chromedriverVersion: 132.0.6834.159 (2d77d3fc445..., userDataDir: C:\Users\INGRID~1.ZAD\AppDa...}, fedcm:accounts: true, goog:chromeOptions: {debuggerAddress: localhost:61542}, networkConnectionEnabled: false, pageLoadStrategy: normal, platformName: windows, proxy: Proxy(), se:cdp: ws://localhost:61542/devtoo..., se:cdpVersion: 132.0.6834.160, setWindowRect: true, strictFileInteractability: false, timeouts: {implicit: 0, pageLoad: 300000, script: 30000}, unhandledPromptBehavior: dismiss and notify, webauthn:extension:credBlob: true, webauthn:extension:largeBlob: true, webauthn:extension:minPinLength: true, webauthn:extension:prf: true, webauthn:virtualAuthenticators: true}
Session ID: 356839c226eed6c1535e8f088e932040
2025-02-04 10:16:10 [main] INFO  l.i.u.t.SubmittedApplicationsPageTest - Marking 'Ne' radio button 1
2025-02-04 10:16:20 [main] ERROR l.i.u.p.SubmittedApplicationsPage - Error selecting radio button: Expected condition failed: waiting for element to be clickable: By.xpath: (//input[@type='radio' and @value='false'])[2] (tried for 10 second(s) with 500 milliseconds interval)
Build info: version: '4.27.0', revision: 'd6e718d134'
System info: os.name: 'Windows 11', os.arch: 'amd64', os.version: '10.0', java.version: '21.0.3'
Driver info: org.openqa.selenium.chrome.ChromeDriver
Capabilities {acceptInsecureCerts: false, browserName: chrome, browserVersion: 132.0.6834.160, chrome: {chromedriverVersion: 132.0.6834.159 (2d77d3fc445..., userDataDir: C:\Users\INGRID~1.ZAD\AppDa...}, fedcm:accounts: true, goog:chromeOptions: {debuggerAddress: localhost:61542}, networkConnectionEnabled: false, pageLoadStrategy: normal, platformName: windows, proxy: Proxy(), se:cdp: ws://localhost:61542/devtoo..., se:cdpVersion: 132.0.6834.160, setWindowRect: true, strictFileInteractability: false, timeouts: {implicit: 0, pageLoad: 300000, script: 30000}, unhandledPromptBehavior: dismiss and notify, webauthn:extension:credBlob: true, webauthn:extension:largeBlob: true, webauthn:extension:minPinLength: true, webauthn:extension:prf: true, webauthn:virtualAuthenticators: true}
Session ID: 356839c226eed6c1535e8f088e932040
2025-02-04 10:16:20 [main] INFO  l.i.u.t.SubmittedApplicationsPageTest - Marking 'Ne' radio button 2
2025-02-04 10:16:30 [main] ERROR l.i.u.p.SubmittedApplicationsPage - Error selecting radio button: Expected condition failed: waiting for element to be clickable: By.xpath: (//input[@type='radio' and @value='false'])[3] (tried for 10 second(s) with 500 milliseconds interval)
Build info: version: '4.27.0', revision: 'd6e718d134'
System info: os.name: 'Windows 11', os.arch: 'amd64', os.version: '10.0', java.version: '21.0.3'
Driver info: org.openqa.selenium.chrome.ChromeDriver
Capabilities {acceptInsecureCerts: false, browserName: chrome, browserVersion: 132.0.6834.160, chrome: {chromedriverVersion: 132.0.6834.159 (2d77d3fc445..., userDataDir: C:\Users\INGRID~1.ZAD\AppDa...}, fedcm:accounts: true, goog:chromeOptions: {debuggerAddress: localhost:61542}, networkConnectionEnabled: false, pageLoadStrategy: normal, platformName: windows, proxy: Proxy(), se:cdp: ws://localhost:61542/devtoo..., se:cdpVersion: 132.0.6834.160, setWindowRect: true, strictFileInteractability: false, timeouts: {implicit: 0, pageLoad: 300000, script: 30000}, unhandledPromptBehavior: dismiss and notify, webauthn:extension:credBlob: true, webauthn:extension:largeBlob: true, webauthn:extension:minPinLength: true, webauthn:extension:prf: true, webauthn:virtualAuthenticators: true}
Session ID: 356839c226eed6c1535e8f088e932040
2025-02-04 10:16:30 [main] INFO  l.i.u.t.SubmittedApplicationsPageTest - Marking 'Ne' radio button 3
2025-02-04 10:16:41 [main] ERROR l.i.u.p.SubmittedApplicationsPage - Error selecting radio button: Expected condition failed: waiting for element to be clickable: By.xpath: (//input[@type='radio' and @value='false'])[4] (tried for 10 second(s) with 500 milliseconds interval)
Build info: version: '4.27.0', revision: 'd6e718d134'
System info: os.name: 'Windows 11', os.arch: 'amd64', os.version: '10.0', java.version: '21.0.3'
Driver info: org.openqa.selenium.chrome.ChromeDriver
Capabilities {acceptInsecureCerts: false, browserName: chrome, browserVersion: 132.0.6834.160, chrome: {chromedriverVersion: 132.0.6834.159 (2d77d3fc445..., userDataDir: C:\Users\INGRID~1.ZAD\AppDa...}, fedcm:accounts: true, goog:chromeOptions: {debuggerAddress: localhost:61542}, networkConnectionEnabled: false, pageLoadStrategy: normal, platformName: windows, proxy: Proxy(), se:cdp: ws://localhost:61542/devtoo..., se:cdpVersion: 132.0.6834.160, setWindowRect: true, strictFileInteractability: false, timeouts: {implicit: 0, pageLoad: 300000, script: 30000}, unhandledPromptBehavior: dismiss and notify, webauthn:extension:credBlob: true, webauthn:extension:largeBlob: true, webauthn:extension:minPinLength: true, webauthn:extension:prf: true, webauthn:virtualAuthenticators: true}
Session ID: 356839c226eed6c1535e8f088e932040
2025-02-04 10:16:41 [main] INFO  l.i.u.t.SubmittedApplicationsPageTest - Marking 'Ne' radio button 4
2025-02-04 10:16:51 [main] ERROR l.i.u.p.SubmittedApplicationsPage - Error selecting radio button: Expected condition failed: waiting for element to be clickable: By.xpath: (//input[@type='radio' and @value='false'])[5] (tried for 10 second(s) with 500 milliseconds interval)
Build info: version: '4.27.0', revision: 'd6e718d134'
System info: os.name: 'Windows 11', os.arch: 'amd64', os.version: '10.0', java.version: '21.0.3'
Driver info: org.openqa.selenium.chrome.ChromeDriver
Capabilities {acceptInsecureCerts: false, browserName: chrome, browserVersion: 132.0.6834.160, chrome: {chromedriverVersion: 132.0.6834.159 (2d77d3fc445..., userDataDir: C:\Users\INGRID~1.ZAD\AppDa...}, fedcm:accounts: true, goog:chromeOptions: {debuggerAddress: localhost:61542}, networkConnectionEnabled: false, pageLoadStrategy: normal, platformName: windows, proxy: Proxy(), se:cdp: ws://localhost:61542/devtoo..., se:cdpVersion: 132.0.6834.160, setWindowRect: true, strictFileInteractability: false, timeouts: {implicit: 0, pageLoad: 300000, script: 30000}, unhandledPromptBehavior: dismiss and notify, webauthn:extension:credBlob: true, webauthn:extension:largeBlob: true, webauthn:extension:minPinLength: true, webauthn:extension:prf: true, webauthn:virtualAuthenticators: true}
Session ID: 356839c226eed6c1535e8f088e932040
2025-02-04 10:16:51 [main] INFO  l.i.u.t.SubmittedApplicationsPageTest - Marking 'Ne' radio button 5
2025-02-04 10:17:01 [main] ERROR l.i.u.p.SubmittedApplicationsPage - Error selecting radio button: Expected condition failed: waiting for element to be clickable: By.xpath: (//input[@type='radio' and @value='false'])[6] (tried for 10 second(s) with 500 milliseconds interval)
Build info: version: '4.27.0', revision: 'd6e718d134'
System info: os.name: 'Windows 11', os.arch: 'amd64', os.version: '10.0', java.version: '21.0.3'
Driver info: org.openqa.selenium.chrome.ChromeDriver
Capabilities {acceptInsecureCerts: false, browserName: chrome, browserVersion: 132.0.6834.160, chrome: {chromedriverVersion: 132.0.6834.159 (2d77d3fc445..., userDataDir: C:\Users\INGRID~1.ZAD\AppDa...}, fedcm:accounts: true, goog:chromeOptions: {debuggerAddress: localhost:61542}, networkConnectionEnabled: false, pageLoadStrategy: normal, platformName: windows, proxy: Proxy(), se:cdp: ws://localhost:61542/devtoo..., se:cdpVersion: 132.0.6834.160, setWindowRect: true, strictFileInteractability: false, timeouts: {implicit: 0, pageLoad: 300000, script: 30000}, unhandledPromptBehavior: dismiss and notify, webauthn:extension:credBlob: true, webauthn:extension:largeBlob: true, webauthn:extension:minPinLength: true, webauthn:extension:prf: true, webauthn:virtualAuthenticators: true}
Session ID: 356839c226eed6c1535e8f088e932040
2025-02-04 10:17:01 [main] INFO  l.i.u.t.SubmittedApplicationsPageTest - Marking 'Ne' radio button 6
2025-02-04 10:17:11 [main] ERROR l.i.u.p.SubmittedApplicationsPage - Error selecting radio button: Expected condition failed: waiting for element to be clickable: By.xpath: (//input[@type='radio' and @value='true'])[7] (tried for 10 second(s) with 500 milliseconds interval)
Build info: version: '4.27.0', revision: 'd6e718d134'
System info: os.name: 'Windows 11', os.arch: 'amd64', os.version: '10.0', java.version: '21.0.3'
Driver info: org.openqa.selenium.chrome.ChromeDriver
Capabilities {acceptInsecureCerts: false, browserName: chrome, browserVersion: 132.0.6834.160, chrome: {chromedriverVersion: 132.0.6834.159 (2d77d3fc445..., userDataDir: C:\Users\INGRID~1.ZAD\AppDa...}, fedcm:accounts: true, goog:chromeOptions: {debuggerAddress: localhost:61542}, networkConnectionEnabled: false, pageLoadStrategy: normal, platformName: windows, proxy: Proxy(), se:cdp: ws://localhost:61542/devtoo..., se:cdpVersion: 132.0.6834.160, setWindowRect: true, strictFileInteractability: false, timeouts: {implicit: 0, pageLoad: 300000, script: 30000}, unhandledPromptBehavior: dismiss and notify, webauthn:extension:credBlob: true, webauthn:extension:largeBlob: true, webauthn:extension:minPinLength: true, webauthn:extension:prf: true, webauthn:virtualAuthenticators: true}
Session ID: 356839c226eed6c1535e8f088e932040
2025-02-04 10:17:11 [main] INFO  l.i.u.t.SubmittedApplicationsPageTest - Marking 'Taip' radio button 7
2025-02-04 10:17:21 [main] ERROR l.i.u.p.SubmittedApplicationsPage - Error selecting radio button: Expected condition failed: waiting for element to be clickable: By.xpath: (//input[@type='radio' and @value='true'])[8] (tried for 10 second(s) with 500 milliseconds interval)
Build info: version: '4.27.0', revision: 'd6e718d134'
System info: os.name: 'Windows 11', os.arch: 'amd64', os.version: '10.0', java.version: '21.0.3'
Driver info: org.openqa.selenium.chrome.ChromeDriver
Capabilities {acceptInsecureCerts: false, browserName: chrome, browserVersion: 132.0.6834.160, chrome: {chromedriverVersion: 132.0.6834.159 (2d77d3fc445..., userDataDir: C:\Users\INGRID~1.ZAD\AppDa...}, fedcm:accounts: true, goog:chromeOptions: {debuggerAddress: localhost:61542}, networkConnectionEnabled: false, pageLoadStrategy: normal, platformName: windows, proxy: Proxy(), se:cdp: ws://localhost:61542/devtoo..., se:cdpVersion: 132.0.6834.160, setWindowRect: true, strictFileInteractability: false, timeouts: {implicit: 0, pageLoad: 300000, script: 30000}, unhandledPromptBehavior: dismiss and notify, webauthn:extension:credBlob: true, webauthn:extension:largeBlob: true, webauthn:extension:minPinLength: true, webauthn:extension:prf: true, webauthn:virtualAuthenticators: true}
Session ID: 356839c226eed6c1535e8f088e932040
2025-02-04 10:17:21 [main] INFO  l.i.u.t.SubmittedApplicationsPageTest - Marking 'Taip' radio button 8
2025-02-04 10:17:31 [main] ERROR l.i.u.p.SubmittedApplicationsPage - Error selecting radio button: Expected condition failed: waiting for element to be clickable: By.xpath: (//input[@type='radio' and @value='true'])[9] (tried for 10 second(s) with 500 milliseconds interval)
Build info: version: '4.27.0', revision: 'd6e718d134'
System info: os.name: 'Windows 11', os.arch: 'amd64', os.version: '10.0', java.version: '21.0.3'
Driver info: org.openqa.selenium.chrome.ChromeDriver
Capabilities {acceptInsecureCerts: false, browserName: chrome, browserVersion: 132.0.6834.160, chrome: {chromedriverVersion: 132.0.6834.159 (2d77d3fc445..., userDataDir: C:\Users\INGRID~1.ZAD\AppDa...}, fedcm:accounts: true, goog:chromeOptions: {debuggerAddress: localhost:61542}, networkConnectionEnabled: false, pageLoadStrategy: normal, platformName: windows, proxy: Proxy(), se:cdp: ws://localhost:61542/devtoo..., se:cdpVersion: 132.0.6834.160, setWindowRect: true, strictFileInteractability: false, timeouts: {implicit: 0, pageLoad: 300000, script: 30000}, unhandledPromptBehavior: dismiss and notify, webauthn:extension:credBlob: true, webauthn:extension:largeBlob: true, webauthn:extension:minPinLength: true, webauthn:extension:prf: true, webauthn:virtualAuthenticators: true}
Session ID: 356839c226eed6c1535e8f088e932040
2025-02-04 10:17:31 [main] INFO  l.i.u.t.SubmittedApplicationsPageTest - Marking 'Taip' radio button 9
2025-02-04 10:17:41 [main] ERROR l.i.u.p.SubmittedApplicationsPage - Error selecting radio button: Expected condition failed: waiting for element to be clickable: By.xpath: (//input[@type='radio' and @value='true'])[10] (tried for 10 second(s) with 500 milliseconds interval)
Build info: version: '4.27.0', revision: 'd6e718d134'
System info: os.name: 'Windows 11', os.arch: 'amd64', os.version: '10.0', java.version: '21.0.3'
Driver info: org.openqa.selenium.chrome.ChromeDriver
Capabilities {acceptInsecureCerts: false, browserName: chrome, browserVersion: 132.0.6834.160, chrome: {chromedriverVersion: 132.0.6834.159 (2d77d3fc445..., userDataDir: C:\Users\INGRID~1.ZAD\AppDa...}, fedcm:accounts: true, goog:chromeOptions: {debuggerAddress: localhost:61542}, networkConnectionEnabled: false, pageLoadStrategy: normal, platformName: windows, proxy: Proxy(), se:cdp: ws://localhost:61542/devtoo..., se:cdpVersion: 132.0.6834.160, setWindowRect: true, strictFileInteractability: false, timeouts: {implicit: 0, pageLoad: 300000, script: 30000}, unhandledPromptBehavior: dismiss and notify, webauthn:extension:credBlob: true, webauthn:extension:largeBlob: true, webauthn:extension:minPinLength: true, webauthn:extension:prf: true, webauthn:virtualAuthenticators: true}
Session ID: 356839c226eed6c1535e8f088e932040
2025-02-04 10:17:41 [main] INFO  l.i.u.t.SubmittedApplicationsPageTest - Marking 'Taip' radio button 10
2025-02-04 10:17:51 [main] ERROR l.i.u.p.SubmittedApplicationsPage - Error selecting radio button: Expected condition failed: waiting for element to be clickable: By.xpath: (//input[@type='radio' and @value='true'])[11] (tried for 10 second(s) with 500 milliseconds interval)
Build info: version: '4.27.0', revision: 'd6e718d134'
System info: os.name: 'Windows 11', os.arch: 'amd64', os.version: '10.0', java.version: '21.0.3'
Driver info: org.openqa.selenium.chrome.ChromeDriver
Capabilities {acceptInsecureCerts: false, browserName: chrome, browserVersion: 132.0.6834.160, chrome: {chromedriverVersion: 132.0.6834.159 (2d77d3fc445..., userDataDir: C:\Users\INGRID~1.ZAD\AppDa...}, fedcm:accounts: true, goog:chromeOptions: {debuggerAddress: localhost:61542}, networkConnectionEnabled: false, pageLoadStrategy: normal, platformName: windows, proxy: Proxy(), se:cdp: ws://localhost:61542/devtoo..., se:cdpVersion: 132.0.6834.160, setWindowRect: true, strictFileInteractability: false, timeouts: {implicit: 0, pageLoad: 300000, script: 30000}, unhandledPromptBehavior: dismiss and notify, webauthn:extension:credBlob: true, webauthn:extension:largeBlob: true, webauthn:extension:minPinLength: true, webauthn:extension:prf: true, webauthn:virtualAuthenticators: true}
Session ID: 356839c226eed6c1535e8f088e932040
2025-02-04 10:17:51 [main] INFO  l.i.u.t.SubmittedApplicationsPageTest - Marking 'Taip' radio button 11
2025-02-04 10:18:01 [main] ERROR l.i.u.p.SubmittedApplicationsPage - Error selecting radio button: Expected condition failed: waiting for element to be clickable: By.xpath: (//input[@type='radio' and @value='true'])[12] (tried for 10 second(s) with 500 milliseconds interval)
Build info: version: '4.27.0', revision: 'd6e718d134'
System info: os.name: 'Windows 11', os.arch: 'amd64', os.version: '10.0', java.version: '21.0.3'
Driver info: org.openqa.selenium.chrome.ChromeDriver
Capabilities {acceptInsecureCerts: false, browserName: chrome, browserVersion: 132.0.6834.160, chrome: {chromedriverVersion: 132.0.6834.159 (2d77d3fc445..., userDataDir: C:\Users\INGRID~1.ZAD\AppDa...}, fedcm:accounts: true, goog:chromeOptions: {debuggerAddress: localhost:61542}, networkConnectionEnabled: false, pageLoadStrategy: normal, platformName: windows, proxy: Proxy(), se:cdp: ws://localhost:61542/devtoo..., se:cdpVersion: 132.0.6834.160, setWindowRect: true, strictFileInteractability: false, timeouts: {implicit: 0, pageLoad: 300000, script: 30000}, unhandledPromptBehavior: dismiss and notify, webauthn:extension:credBlob: true, webauthn:extension:largeBlob: true, webauthn:extension:minPinLength: true, webauthn:extension:prf: true, webauthn:virtualAuthenticators: true}
Session ID: 356839c226eed6c1535e8f088e932040
2025-02-04 10:18:01 [main] INFO  l.i.u.t.SubmittedApplicationsPageTest - Marking 'Taip' radio button 12
2025-02-04 10:18:01 [main] INFO  l.i.u.t.SubmittedApplicationsPageTest - Test 'testFillNewApplication' completed successfully.
2025-02-04 10:22:01 [main] INFO  lt.insoft.uztis.tests.UztisPageTest - Navigated to https://uztisdev.asseco.lt/home
2025-02-04 10:22:01 [main] INFO  l.i.u.t.SubmittedApplicationsPageTest - Starting test:'testFillNewApplication'
2025-02-04 10:22:02 [main] DEBUG l.i.u.t.SubmittedApplicationsPageTest - User logged in with test credentials.
2025-02-04 10:22:02 [main] DEBUG l.i.u.t.SubmittedApplicationsPageTest - Opened 'Application Processing' menu.
2025-02-04 10:22:02 [main] DEBUG l.i.u.t.SubmittedApplicationsPageTest - Clicked on 'Application Forms' menu.
2025-02-04 10:22:03 [main] DEBUG l.i.u.t.SubmittedApplicationsPageTest - Retrieved last description code text: 'TST-VUI-27'.
2025-02-04 10:22:03 [main] DEBUG l.i.u.t.SubmittedApplicationsPageTest - Clicked on 'Invitation' menu.
2025-02-04 10:22:04 [main] DEBUG l.i.u.t.SubmittedApplicationsPageTest - Selected application section by code: 'TST-VUI-27'.
2025-02-04 10:22:04 [main] DEBUG l.i.u.t.SubmittedApplicationsPageTest - Clicked 'Search' button.
2025-02-04 10:22:04 [main] DEBUG l.i.u.t.SubmittedApplicationsPageTest - Retrieved invitation code: ''.
2025-02-04 10:22:04 [main] DEBUG l.i.u.t.SubmittedApplicationsPageTest - Clicked on 'Submitted Applications' menu.
2025-02-04 10:22:05 [main] DEBUG l.i.u.t.SubmittedApplicationsPageTest - Selected invitation by code: 'TST-VUI-27'.
2025-02-04 10:22:05 [main] DEBUG l.i.u.t.SubmittedApplicationsPageTest - Invitation code inserted.
2025-02-04 10:22:05 [main] DEBUG l.i.u.t.SubmittedApplicationsPageTest - Clicked on 'Action Application' button.
2025-02-04 10:22:05 [main] DEBUG l.i.u.t.SubmittedApplicationsPageTest - Clicked on 'New Application' button.
2025-02-04 10:22:06 [main] DEBUG l.i.u.t.SubmittedApplicationsPageTest - Selected the 'RadioButtonFA' option.
2025-02-04 10:22:06 [main] DEBUG l.i.u.t.SubmittedApplicationsPageTest - Entered phone number: '61298745'.
2025-02-04 10:22:06 [main] DEBUG l.i.u.t.SubmittedApplicationsPageTest - Entered email: 'test@autotest.com'.
2025-02-04 10:22:06 [main] INFO  l.i.u.p.SubmittedApplicationsPage - Located the dropdown button.
2025-02-04 10:22:26 [main] INFO  l.i.u.p.SubmittedApplicationsPage - Found 1741 options in the dropdown.
2025-02-04 10:22:26 [main] INFO  l.i.u.p.SubmittedApplicationsPage - Successfully selected the value: '01.11 - Grūdinių (išskyrus ryžius), ankštinių ir aliejingų sėklų augalų auginimas'
2025-02-04 10:22:36 [main] ERROR l.i.u.p.SubmittedApplicationsPage - Failed to close the dropdown with aria-expanded = 'false'. Attempting manual close.
2025-02-04 10:22:36 [main] INFO  l.i.u.p.SubmittedApplicationsPage - Manual close attempt for the dropdown using body click.
2025-02-04 10:22:36 [main] DEBUG l.i.u.t.SubmittedApplicationsPageTest - Selected EVRK value: '01.11 - Grūdinių (išskyrus ryžius), ankštinių ir aliejingų sėklų augalų auginimas'.
2025-02-04 10:22:36 [main] DEBUG l.i.u.t.SubmittedApplicationsPageTest - Entered address: 'Vilniaus m. sav., Vilnius, Testo g. 10T'.
2025-02-04 10:22:36 [main] DEBUG l.i.u.t.SubmittedApplicationsPageTest - Entered project date.
2025-02-04 10:22:36 [main] DEBUG l.i.u.t.SubmittedApplicationsPageTest - Entered job count: '1'.
2025-02-04 10:22:37 [main] DEBUG l.i.u.t.SubmittedApplicationsPageTest - Clicked 'Next' button.
2025-02-04 10:22:37 [main] INFO  l.i.u.p.SubmittedApplicationsPage - Located the dropdown button.
2025-02-04 10:22:38 [main] INFO  l.i.u.p.SubmittedApplicationsPage - Successfully selected the value: 'Administratoriai'
2025-02-04 10:23:08 [main] ERROR l.i.u.p.SubmittedApplicationsPage - Timeout while waiting for dropdown to close with aria-expanded = 'false'.
2025-02-04 10:23:08 [main] DEBUG l.i.u.t.SubmittedApplicationsPageTest - Selected job name: 'Administratoriai'.
2025-02-04 10:23:08 [main] DEBUG l.i.u.t.SubmittedApplicationsPageTest - Entered job function: 'Funkcija 1'.
2025-02-04 10:23:09 [main] DEBUG l.i.u.t.SubmittedApplicationsPageTest - Selected 'RadioButtonWithDisabilities' option.
2025-02-04 10:23:09 [main] INFO  l.i.u.p.SubmittedApplicationsPage - Clicking on the dropdown button.
2025-02-04 10:23:09 [main] INFO  l.i.u.p.SubmittedApplicationsPage - Found 34 options in the dropdown.
2025-02-04 10:23:09 [main] DEBUG l.i.u.p.SubmittedApplicationsPage - Checking option: 'Asmenys, kuriems suteiktas pabėgėlio statusas ar perkeliamojo asmens statusas, arba asmenys, kuriems suteikta papildoma ar laikinoji apsauga, ir asmenys, turintys teisę gauti laikinąją apsaugą, iki sprendimo dėl laikinosios apsaugos suteikimo (nesuteikimo) priėmimo, tačiau ne ilgiau kaip laikinosios apsaugos laikotarpiu'
2025-02-04 10:23:09 [main] DEBUG l.i.u.p.SubmittedApplicationsPage - Checking option: 'Asmenys, kuriems suteiktas pabėgėlio statusas ar perkeliamojo asmens statusas, arba asmenys, kuriems suteikta papildoma ar laikinoji apsauga, ir asmenys, turintys teisę gauti laikinąją apsaugą, iki sprendimo dėl laikinosios apsaugos suteikimo (nesuteikimo) priėmimo, tačiau ne ilgiau kaip laikinosios apsaugos laikotarpiu'
2025-02-04 10:23:09 [main] DEBUG l.i.u.p.SubmittedApplicationsPage - Checking option: 'Asmenys, turintys teisę į papildomas užimtumo garantijas pagal Lietuvos Respublikos valstybės įmonės Ignalinos atominės elektrinės darbuotojų papildomų užimtumo ir socialinių garantijų įstatymą'
2025-02-04 10:23:09 [main] DEBUG l.i.u.p.SubmittedApplicationsPage - Checking option: 'Asmenys, turintys teisę į papildomas užimtumo garantijas pagal Lietuvos Respublikos valstybės įmonės Ignalinos atominės elektrinės darbuotojų papildomų užimtumo ir socialinių garantijų įstatymą'
2025-02-04 10:23:09 [main] DEBUG l.i.u.p.SubmittedApplicationsPage - Checking option: 'Bedarbiai iki 29 metų'
2025-02-04 10:23:09 [main] DEBUG l.i.u.p.SubmittedApplicationsPage - Checking option: 'Bedarbiai iki 29 metų'
2025-02-04 10:23:09 [main] DEBUG l.i.u.p.SubmittedApplicationsPage - Checking option: 'Bedarbiai, kurie yra darbingo amžiaus neįgalieji, kuriems nustatytas 30–40 procentų darbingumo lygis arba vidutinis neįgalumo lygis'
2025-02-04 10:23:09 [main] DEBUG l.i.u.p.SubmittedApplicationsPage - Checking option: 'Bedarbiai, kurie yra darbingo amžiaus neįgalieji, kuriems nustatytas 30–40 procentų darbingumo lygis arba vidutinis neįgalumo lygis'
2025-02-04 10:23:09 [main] DEBUG l.i.u.p.SubmittedApplicationsPage - Checking option: 'Bedarbiai, kurie yra darbingo amžiaus neįgalieji, kuriems nustatytas 45–55 procentų darbingumo lygis arba lengvas neįgalumo lygis'
2025-02-04 10:23:09 [main] DEBUG l.i.u.p.SubmittedApplicationsPage - Checking option: 'Bedarbiai, kurie yra darbingo amžiaus neįgalieji, kuriems nustatytas 45–55 procentų darbingumo lygis arba lengvas neįgalumo lygis'
2025-02-04 10:23:09 [main] DEBUG l.i.u.p.SubmittedApplicationsPage - Checking option: 'Bedarbiai, kurie yra darbingo amžiaus neįgalieji, kuriems nustatytas iki 25 procentų darbingumo lygis arba sunkus neįgalumo lygis'
2025-02-04 10:23:09 [main] INFO  l.i.u.p.SubmittedApplicationsPage - Successfully selected the value: 'Bedarbiai, kurie yra darbingo amžiaus neįgalieji, kuriems nustatytas iki 25 procentų darbingumo lygis arba sunkus neįgalumo lygis'
2025-02-04 10:23:09 [main] INFO  l.i.u.p.SubmittedApplicationsPage - Attempting to close the dropdown.
2025-02-04 10:23:20 [main] INFO  l.i.u.p.SubmittedApplicationsPage - Dropdown should be closed now.
2025-02-04 10:23:20 [main] DEBUG l.i.u.t.SubmittedApplicationsPageTest - Selected disabilities type: 'Bedarbiai, kurie yra darbingo amžiaus neįgalieji, kuriems nustatytas iki 25 procentų darbingumo lygis arba sunkus neįgalumo lygis'.
2025-02-04 10:23:20 [main] DEBUG l.i.u.t.SubmittedApplicationsPageTest - Entered disability information: 'Negalia 1'.
2025-02-04 10:23:20 [main] INFO  l.i.u.p.SubmittedApplicationsPage - Located the dropdown button.
2025-02-04 10:23:21 [main] INFO  l.i.u.p.SubmittedApplicationsPage - Successfully selected the value: 'Kita'
2025-02-04 10:23:31 [main] ERROR l.i.u.p.SubmittedApplicationsPage - Timeout while waiting for dropdown to close with aria-expanded = 'false'.
2025-02-04 10:23:31 [main] DEBUG l.i.u.t.SubmittedApplicationsPageTest - Selected time mode: 'Kita'.
2025-02-04 10:23:31 [main] DEBUG l.i.u.t.SubmittedApplicationsPageTest - Selected time mode other: '6 val. per dieną ir 4 d. per savaitę'.
2025-02-04 10:23:31 [main] DEBUG l.i.u.t.SubmittedApplicationsPageTest - Entered qualification: 'Kvalifikacija 1'.
2025-02-04 10:23:32 [main] DEBUG l.i.u.t.SubmittedApplicationsPageTest - Entered job date.
2025-02-04 10:23:32 [main] DEBUG l.i.u.t.SubmittedApplicationsPageTest - Entered salary amount: '1200'.
2025-02-04 10:23:32 [main] DEBUG l.i.u.t.SubmittedApplicationsPageTest - Selected 'Temporary Job' radio button.
2025-02-04 10:23:32 [main] DEBUG l.i.u.t.SubmittedApplicationsPageTest - Selected 'Season Job' radio button.
2025-02-04 10:23:32 [main] DEBUG l.i.u.t.SubmittedApplicationsPageTest - Selected 'Energy' radio button.
2025-02-04 10:23:32 [main] DEBUG l.i.u.t.SubmittedApplicationsPageTest - Selected 'Repair' radio button.
2025-02-04 10:23:33 [main] DEBUG l.i.u.t.SubmittedApplicationsPageTest - Entered job description: 'Veikla 1'.
2025-02-04 10:23:33 [main] DEBUG l.i.u.t.SubmittedApplicationsPageTest - Entered process description: 'Procesas 1'.
2025-02-04 10:23:33 [main] DEBUG l.i.u.t.SubmittedApplicationsPageTest - Entered energy information: 'Energija 1'.
2025-02-04 10:23:33 [main] DEBUG l.i.u.t.SubmittedApplicationsPageTest - Entered repair information: 'Remontas 1'.
2025-02-04 10:23:33 [main] DEBUG l.i.u.t.SubmittedApplicationsPageTest - Selected 'PVM' radio button.
2025-02-04 10:23:33 [main] INFO  l.i.u.p.SubmittedApplicationsPage - Located the dropdown button.
2025-02-04 10:23:34 [main] INFO  l.i.u.p.SubmittedApplicationsPage - Successfully selected the value: 'Įsigyti'
2025-02-04 10:23:54 [main] ERROR l.i.u.p.SubmittedApplicationsPage - Timeout while waiting for dropdown to close with aria-expanded = 'false'.
2025-02-04 10:23:54 [main] DEBUG l.i.u.t.SubmittedApplicationsPageTest - Selected necessary for job: 'Įsigyti'.
2025-02-04 10:23:54 [main] DEBUG l.i.u.t.SubmittedApplicationsPageTest - Selected tool: 'Darbo priemonė 1'.
2025-02-04 10:23:54 [main] DEBUG l.i.u.t.SubmittedApplicationsPageTest - Selected tool parameter one: 'Darbo priemonės 1 parametras 1'.
2025-02-04 10:23:55 [main] DEBUG l.i.u.t.SubmittedApplicationsPageTest - Selected tool parameter two: 'Darbo priemonės 1 parametras 2'.
2025-02-04 10:23:55 [main] DEBUG l.i.u.t.SubmittedApplicationsPageTest - Selected tool parameter three: 'Darbo priemonės 1 parametras 3'.
2025-02-04 10:23:55 [main] DEBUG l.i.u.t.SubmittedApplicationsPageTest - Entered tool count: '1'.
2025-02-04 10:23:55 [main] DEBUG l.i.u.t.SubmittedApplicationsPageTest - Entered price amount: '1000'.
2025-02-04 10:23:55 [main] DEBUG l.i.u.t.SubmittedApplicationsPageTest - Entered own funds amount: '800'.
2025-02-04 10:23:56 [main] DEBUG l.i.u.t.SubmittedApplicationsPageTest - Entered country percentage: '50'.
2025-02-04 10:23:56 [main] DEBUG l.i.u.t.SubmittedApplicationsPageTest - Entered institution percentage: '50'.
2025-02-04 10:23:56 [main] DEBUG l.i.u.t.SubmittedApplicationsPageTest - Entered municipality percentage: '50'.
2025-02-04 10:23:56 [main] DEBUG l.i.u.t.SubmittedApplicationsPageTest - Selected 'De Minimis' radio button.
2025-02-04 10:23:56 [main] DEBUG l.i.u.t.SubmittedApplicationsPageTest - Entered program name: 'Programa 1'.
2025-02-04 10:23:56 [main] DEBUG l.i.u.t.SubmittedApplicationsPageTest - Entered project date from.
2025-02-04 10:23:57 [main] DEBUG l.i.u.t.SubmittedApplicationsPageTest - Entered project date until.
2025-02-04 10:23:57 [main] DEBUG l.i.u.t.SubmittedApplicationsPageTest - Entered support amount: '2000'.
2025-02-04 10:23:57 [main] DEBUG l.i.u.t.SubmittedApplicationsPageTest - Clicked 'Next' button.
2025-02-04 10:24:07 [main] DEBUG l.i.u.t.SubmittedApplicationsPageTest - Checked 'Legal Entities' checkbox 1.
2025-02-04 10:24:17 [main] DEBUG l.i.u.t.SubmittedApplicationsPageTest - Checked 'Legal Entities' checkbox 2.
2025-02-04 10:24:27 [main] DEBUG l.i.u.t.SubmittedApplicationsPageTest - Checked 'Legal Entities' checkbox 3.
2025-02-04 10:24:27 [main] DEBUG l.i.u.t.SubmittedApplicationsPageTest - Test finished: All 'Legal Entities' checkboxes checked successfully.
2025-02-04 10:24:28 [main] DEBUG l.i.u.t.SubmittedApplicationsPageTest - Clicked 'Next' button after checkboxes.
2025-02-04 10:24:38 [main] ERROR l.i.u.p.SubmittedApplicationsPage - Error selecting radio button: Expected condition failed: waiting for element to be clickable: By.xpath: (//input[@type='radio' and @value='false'])[8] (tried for 10 second(s) with 500 milliseconds interval)
Build info: version: '4.27.0', revision: 'd6e718d134'
System info: os.name: 'Windows 11', os.arch: 'amd64', os.version: '10.0', java.version: '21.0.3'
Driver info: org.openqa.selenium.chrome.ChromeDriver
Capabilities {acceptInsecureCerts: false, browserName: chrome, browserVersion: 132.0.6834.160, chrome: {chromedriverVersion: 132.0.6834.159 (2d77d3fc445..., userDataDir: C:\Users\INGRID~1.ZAD\AppDa...}, fedcm:accounts: true, goog:chromeOptions: {debuggerAddress: localhost:61846}, networkConnectionEnabled: false, pageLoadStrategy: normal, platformName: windows, proxy: Proxy(), se:cdp: ws://localhost:61846/devtoo..., se:cdpVersion: 132.0.6834.160, setWindowRect: true, strictFileInteractability: false, timeouts: {implicit: 0, pageLoad: 300000, script: 30000}, unhandledPromptBehavior: dismiss and notify, webauthn:extension:credBlob: true, webauthn:extension:largeBlob: true, webauthn:extension:minPinLength: true, webauthn:extension:prf: true, webauthn:virtualAuthenticators: true}
Session ID: aaba87017265daaa17554cf6716587c7
2025-02-04 10:24:38 [main] INFO  l.i.u.t.SubmittedApplicationsPageTest - Marking 'Ne' radio button 1
2025-02-04 10:24:48 [main] ERROR l.i.u.p.SubmittedApplicationsPage - Error selecting radio button: Expected condition failed: waiting for element to be clickable: By.xpath: (//input[@type='radio' and @value='false'])[9] (tried for 10 second(s) with 500 milliseconds interval)
Build info: version: '4.27.0', revision: 'd6e718d134'
System info: os.name: 'Windows 11', os.arch: 'amd64', os.version: '10.0', java.version: '21.0.3'
Driver info: org.openqa.selenium.chrome.ChromeDriver
Capabilities {acceptInsecureCerts: false, browserName: chrome, browserVersion: 132.0.6834.160, chrome: {chromedriverVersion: 132.0.6834.159 (2d77d3fc445..., userDataDir: C:\Users\INGRID~1.ZAD\AppDa...}, fedcm:accounts: true, goog:chromeOptions: {debuggerAddress: localhost:61846}, networkConnectionEnabled: false, pageLoadStrategy: normal, platformName: windows, proxy: Proxy(), se:cdp: ws://localhost:61846/devtoo..., se:cdpVersion: 132.0.6834.160, setWindowRect: true, strictFileInteractability: false, timeouts: {implicit: 0, pageLoad: 300000, script: 30000}, unhandledPromptBehavior: dismiss and notify, webauthn:extension:credBlob: true, webauthn:extension:largeBlob: true, webauthn:extension:minPinLength: true, webauthn:extension:prf: true, webauthn:virtualAuthenticators: true}
Session ID: aaba87017265daaa17554cf6716587c7
2025-02-04 10:24:48 [main] INFO  l.i.u.t.SubmittedApplicationsPageTest - Marking 'Ne' radio button 2
2025-02-04 10:24:58 [main] ERROR l.i.u.p.SubmittedApplicationsPage - Error selecting radio button: Expected condition failed: waiting for element to be clickable: By.xpath: (//input[@type='radio' and @value='false'])[10] (tried for 10 second(s) with 500 milliseconds interval)
Build info: version: '4.27.0', revision: 'd6e718d134'
System info: os.name: 'Windows 11', os.arch: 'amd64', os.version: '10.0', java.version: '21.0.3'
Driver info: org.openqa.selenium.chrome.ChromeDriver
Capabilities {acceptInsecureCerts: false, browserName: chrome, browserVersion: 132.0.6834.160, chrome: {chromedriverVersion: 132.0.6834.159 (2d77d3fc445..., userDataDir: C:\Users\INGRID~1.ZAD\AppDa...}, fedcm:accounts: true, goog:chromeOptions: {debuggerAddress: localhost:61846}, networkConnectionEnabled: false, pageLoadStrategy: normal, platformName: windows, proxy: Proxy(), se:cdp: ws://localhost:61846/devtoo..., se:cdpVersion: 132.0.6834.160, setWindowRect: true, strictFileInteractability: false, timeouts: {implicit: 0, pageLoad: 300000, script: 30000}, unhandledPromptBehavior: dismiss and notify, webauthn:extension:credBlob: true, webauthn:extension:largeBlob: true, webauthn:extension:minPinLength: true, webauthn:extension:prf: true, webauthn:virtualAuthenticators: true}
Session ID: aaba87017265daaa17554cf6716587c7
2025-02-04 10:24:58 [main] INFO  l.i.u.t.SubmittedApplicationsPageTest - Marking 'Ne' radio button 3
2025-02-04 10:25:08 [main] ERROR l.i.u.p.SubmittedApplicationsPage - Error selecting radio button: Expected condition failed: waiting for element to be clickable: By.xpath: (//input[@type='radio' and @value='false'])[11] (tried for 10 second(s) with 500 milliseconds interval)
Build info: version: '4.27.0', revision: 'd6e718d134'
System info: os.name: 'Windows 11', os.arch: 'amd64', os.version: '10.0', java.version: '21.0.3'
Driver info: org.openqa.selenium.chrome.ChromeDriver
Capabilities {acceptInsecureCerts: false, browserName: chrome, browserVersion: 132.0.6834.160, chrome: {chromedriverVersion: 132.0.6834.159 (2d77d3fc445..., userDataDir: C:\Users\INGRID~1.ZAD\AppDa...}, fedcm:accounts: true, goog:chromeOptions: {debuggerAddress: localhost:61846}, networkConnectionEnabled: false, pageLoadStrategy: normal, platformName: windows, proxy: Proxy(), se:cdp: ws://localhost:61846/devtoo..., se:cdpVersion: 132.0.6834.160, setWindowRect: true, strictFileInteractability: false, timeouts: {implicit: 0, pageLoad: 300000, script: 30000}, unhandledPromptBehavior: dismiss and notify, webauthn:extension:credBlob: true, webauthn:extension:largeBlob: true, webauthn:extension:minPinLength: true, webauthn:extension:prf: true, webauthn:virtualAuthenticators: true}
Session ID: aaba87017265daaa17554cf6716587c7
2025-02-04 10:25:08 [main] INFO  l.i.u.t.SubmittedApplicationsPageTest - Marking 'Ne' radio button 4
2025-02-04 10:25:18 [main] ERROR l.i.u.p.SubmittedApplicationsPage - Error selecting radio button: Expected condition failed: waiting for element to be clickable: By.xpath: (//input[@type='radio' and @value='false'])[12] (tried for 10 second(s) with 500 milliseconds interval)
Build info: version: '4.27.0', revision: 'd6e718d134'
System info: os.name: 'Windows 11', os.arch: 'amd64', os.version: '10.0', java.version: '21.0.3'
Driver info: org.openqa.selenium.chrome.ChromeDriver
Capabilities {acceptInsecureCerts: false, browserName: chrome, browserVersion: 132.0.6834.160, chrome: {chromedriverVersion: 132.0.6834.159 (2d77d3fc445..., userDataDir: C:\Users\INGRID~1.ZAD\AppDa...}, fedcm:accounts: true, goog:chromeOptions: {debuggerAddress: localhost:61846}, networkConnectionEnabled: false, pageLoadStrategy: normal, platformName: windows, proxy: Proxy(), se:cdp: ws://localhost:61846/devtoo..., se:cdpVersion: 132.0.6834.160, setWindowRect: true, strictFileInteractability: false, timeouts: {implicit: 0, pageLoad: 300000, script: 30000}, unhandledPromptBehavior: dismiss and notify, webauthn:extension:credBlob: true, webauthn:extension:largeBlob: true, webauthn:extension:minPinLength: true, webauthn:extension:prf: true, webauthn:virtualAuthenticators: true}
Session ID: aaba87017265daaa17554cf6716587c7
2025-02-04 10:25:18 [main] INFO  l.i.u.t.SubmittedApplicationsPageTest - Marking 'Ne' radio button 5
2025-02-04 10:25:29 [main] ERROR l.i.u.p.SubmittedApplicationsPage - Error selecting radio button: Expected condition failed: waiting for element to be clickable: By.xpath: (//input[@type='radio' and @value='false'])[13] (tried for 10 second(s) with 500 milliseconds interval)
Build info: version: '4.27.0', revision: 'd6e718d134'
System info: os.name: 'Windows 11', os.arch: 'amd64', os.version: '10.0', java.version: '21.0.3'
Driver info: org.openqa.selenium.chrome.ChromeDriver
Capabilities {acceptInsecureCerts: false, browserName: chrome, browserVersion: 132.0.6834.160, chrome: {chromedriverVersion: 132.0.6834.159 (2d77d3fc445..., userDataDir: C:\Users\INGRID~1.ZAD\AppDa...}, fedcm:accounts: true, goog:chromeOptions: {debuggerAddress: localhost:61846}, networkConnectionEnabled: false, pageLoadStrategy: normal, platformName: windows, proxy: Proxy(), se:cdp: ws://localhost:61846/devtoo..., se:cdpVersion: 132.0.6834.160, setWindowRect: true, strictFileInteractability: false, timeouts: {implicit: 0, pageLoad: 300000, script: 30000}, unhandledPromptBehavior: dismiss and notify, webauthn:extension:credBlob: true, webauthn:extension:largeBlob: true, webauthn:extension:minPinLength: true, webauthn:extension:prf: true, webauthn:virtualAuthenticators: true}
Session ID: aaba87017265daaa17554cf6716587c7
2025-02-04 10:25:29 [main] INFO  l.i.u.t.SubmittedApplicationsPageTest - Marking 'Ne' radio button 6
2025-02-04 10:25:39 [main] ERROR l.i.u.p.SubmittedApplicationsPage - Error selecting radio button: Expected condition failed: waiting for element to be clickable: By.xpath: (//input[@type='radio' and @value='true'])[14] (tried for 10 second(s) with 500 milliseconds interval)
Build info: version: '4.27.0', revision: 'd6e718d134'
System info: os.name: 'Windows 11', os.arch: 'amd64', os.version: '10.0', java.version: '21.0.3'
Driver info: org.openqa.selenium.chrome.ChromeDriver
Capabilities {acceptInsecureCerts: false, browserName: chrome, browserVersion: 132.0.6834.160, chrome: {chromedriverVersion: 132.0.6834.159 (2d77d3fc445..., userDataDir: C:\Users\INGRID~1.ZAD\AppDa...}, fedcm:accounts: true, goog:chromeOptions: {debuggerAddress: localhost:61846}, networkConnectionEnabled: false, pageLoadStrategy: normal, platformName: windows, proxy: Proxy(), se:cdp: ws://localhost:61846/devtoo..., se:cdpVersion: 132.0.6834.160, setWindowRect: true, strictFileInteractability: false, timeouts: {implicit: 0, pageLoad: 300000, script: 30000}, unhandledPromptBehavior: dismiss and notify, webauthn:extension:credBlob: true, webauthn:extension:largeBlob: true, webauthn:extension:minPinLength: true, webauthn:extension:prf: true, webauthn:virtualAuthenticators: true}
Session ID: aaba87017265daaa17554cf6716587c7
2025-02-04 10:25:39 [main] INFO  l.i.u.t.SubmittedApplicationsPageTest - Marking 'Taip' radio button 7
2025-02-04 10:25:49 [main] ERROR l.i.u.p.SubmittedApplicationsPage - Error selecting radio button: Expected condition failed: waiting for element to be clickable: By.xpath: (//input[@type='radio' and @value='true'])[15] (tried for 10 second(s) with 500 milliseconds interval)
Build info: version: '4.27.0', revision: 'd6e718d134'
System info: os.name: 'Windows 11', os.arch: 'amd64', os.version: '10.0', java.version: '21.0.3'
Driver info: org.openqa.selenium.chrome.ChromeDriver
Capabilities {acceptInsecureCerts: false, browserName: chrome, browserVersion: 132.0.6834.160, chrome: {chromedriverVersion: 132.0.6834.159 (2d77d3fc445..., userDataDir: C:\Users\INGRID~1.ZAD\AppDa...}, fedcm:accounts: true, goog:chromeOptions: {debuggerAddress: localhost:61846}, networkConnectionEnabled: false, pageLoadStrategy: normal, platformName: windows, proxy: Proxy(), se:cdp: ws://localhost:61846/devtoo..., se:cdpVersion: 132.0.6834.160, setWindowRect: true, strictFileInteractability: false, timeouts: {implicit: 0, pageLoad: 300000, script: 30000}, unhandledPromptBehavior: dismiss and notify, webauthn:extension:credBlob: true, webauthn:extension:largeBlob: true, webauthn:extension:minPinLength: true, webauthn:extension:prf: true, webauthn:virtualAuthenticators: true}
Session ID: aaba87017265daaa17554cf6716587c7
2025-02-04 10:25:49 [main] INFO  l.i.u.t.SubmittedApplicationsPageTest - Marking 'Taip' radio button 8
2025-02-04 10:25:59 [main] ERROR l.i.u.p.SubmittedApplicationsPage - Error selecting radio button: Expected condition failed: waiting for element to be clickable: By.xpath: (//input[@type='radio' and @value='true'])[16] (tried for 10 second(s) with 500 milliseconds interval)
Build info: version: '4.27.0', revision: 'd6e718d134'
System info: os.name: 'Windows 11', os.arch: 'amd64', os.version: '10.0', java.version: '21.0.3'
Driver info: org.openqa.selenium.chrome.ChromeDriver
Capabilities {acceptInsecureCerts: false, browserName: chrome, browserVersion: 132.0.6834.160, chrome: {chromedriverVersion: 132.0.6834.159 (2d77d3fc445..., userDataDir: C:\Users\INGRID~1.ZAD\AppDa...}, fedcm:accounts: true, goog:chromeOptions: {debuggerAddress: localhost:61846}, networkConnectionEnabled: false, pageLoadStrategy: normal, platformName: windows, proxy: Proxy(), se:cdp: ws://localhost:61846/devtoo..., se:cdpVersion: 132.0.6834.160, setWindowRect: true, strictFileInteractability: false, timeouts: {implicit: 0, pageLoad: 300000, script: 30000}, unhandledPromptBehavior: dismiss and notify, webauthn:extension:credBlob: true, webauthn:extension:largeBlob: true, webauthn:extension:minPinLength: true, webauthn:extension:prf: true, webauthn:virtualAuthenticators: true}
Session ID: aaba87017265daaa17554cf6716587c7
2025-02-04 10:25:59 [main] INFO  l.i.u.t.SubmittedApplicationsPageTest - Marking 'Taip' radio button 9
2025-02-04 10:26:09 [main] ERROR l.i.u.p.SubmittedApplicationsPage - Error selecting radio button: Expected condition failed: waiting for element to be clickable: By.xpath: (//input[@type='radio' and @value='true'])[17] (tried for 10 second(s) with 500 milliseconds interval)
Build info: version: '4.27.0', revision: 'd6e718d134'
System info: os.name: 'Windows 11', os.arch: 'amd64', os.version: '10.0', java.version: '21.0.3'
Driver info: org.openqa.selenium.chrome.ChromeDriver
Capabilities {acceptInsecureCerts: false, browserName: chrome, browserVersion: 132.0.6834.160, chrome: {chromedriverVersion: 132.0.6834.159 (2d77d3fc445..., userDataDir: C:\Users\INGRID~1.ZAD\AppDa...}, fedcm:accounts: true, goog:chromeOptions: {debuggerAddress: localhost:61846}, networkConnectionEnabled: false, pageLoadStrategy: normal, platformName: windows, proxy: Proxy(), se:cdp: ws://localhost:61846/devtoo..., se:cdpVersion: 132.0.6834.160, setWindowRect: true, strictFileInteractability: false, timeouts: {implicit: 0, pageLoad: 300000, script: 30000}, unhandledPromptBehavior: dismiss and notify, webauthn:extension:credBlob: true, webauthn:extension:largeBlob: true, webauthn:extension:minPinLength: true, webauthn:extension:prf: true, webauthn:virtualAuthenticators: true}
Session ID: aaba87017265daaa17554cf6716587c7
2025-02-04 10:26:09 [main] INFO  l.i.u.t.SubmittedApplicationsPageTest - Marking 'Taip' radio button 10
2025-02-04 10:26:19 [main] ERROR l.i.u.p.SubmittedApplicationsPage - Error selecting radio button: Expected condition failed: waiting for element to be clickable: By.xpath: (//input[@type='radio' and @value='true'])[18] (tried for 10 second(s) with 500 milliseconds interval)
Build info: version: '4.27.0', revision: 'd6e718d134'
System info: os.name: 'Windows 11', os.arch: 'amd64', os.version: '10.0', java.version: '21.0.3'
Driver info: org.openqa.selenium.chrome.ChromeDriver
Capabilities {acceptInsecureCerts: false, browserName: chrome, browserVersion: 132.0.6834.160, chrome: {chromedriverVersion: 132.0.6834.159 (2d77d3fc445..., userDataDir: C:\Users\INGRID~1.ZAD\AppDa...}, fedcm:accounts: true, goog:chromeOptions: {debuggerAddress: localhost:61846}, networkConnectionEnabled: false, pageLoadStrategy: normal, platformName: windows, proxy: Proxy(), se:cdp: ws://localhost:61846/devtoo..., se:cdpVersion: 132.0.6834.160, setWindowRect: true, strictFileInteractability: false, timeouts: {implicit: 0, pageLoad: 300000, script: 30000}, unhandledPromptBehavior: dismiss and notify, webauthn:extension:credBlob: true, webauthn:extension:largeBlob: true, webauthn:extension:minPinLength: true, webauthn:extension:prf: true, webauthn:virtualAuthenticators: true}
Session ID: aaba87017265daaa17554cf6716587c7
2025-02-04 10:26:19 [main] INFO  l.i.u.t.SubmittedApplicationsPageTest - Marking 'Taip' radio button 11
2025-02-04 10:26:29 [main] ERROR l.i.u.p.SubmittedApplicationsPage - Error selecting radio button: Expected condition failed: waiting for element to be clickable: By.xpath: (//input[@type='radio' and @value='true'])[19] (tried for 10 second(s) with 500 milliseconds interval)
Build info: version: '4.27.0', revision: 'd6e718d134'
System info: os.name: 'Windows 11', os.arch: 'amd64', os.version: '10.0', java.version: '21.0.3'
Driver info: org.openqa.selenium.chrome.ChromeDriver
Capabilities {acceptInsecureCerts: false, browserName: chrome, browserVersion: 132.0.6834.160, chrome: {chromedriverVersion: 132.0.6834.159 (2d77d3fc445..., userDataDir: C:\Users\INGRID~1.ZAD\AppDa...}, fedcm:accounts: true, goog:chromeOptions: {debuggerAddress: localhost:61846}, networkConnectionEnabled: false, pageLoadStrategy: normal, platformName: windows, proxy: Proxy(), se:cdp: ws://localhost:61846/devtoo..., se:cdpVersion: 132.0.6834.160, setWindowRect: true, strictFileInteractability: false, timeouts: {implicit: 0, pageLoad: 300000, script: 30000}, unhandledPromptBehavior: dismiss and notify, webauthn:extension:credBlob: true, webauthn:extension:largeBlob: true, webauthn:extension:minPinLength: true, webauthn:extension:prf: true, webauthn:virtualAuthenticators: true}
Session ID: aaba87017265daaa17554cf6716587c7
2025-02-04 10:26:29 [main] INFO  l.i.u.t.SubmittedApplicationsPageTest - Marking 'Taip' radio button 12
2025-02-04 10:26:29 [main] INFO  l.i.u.t.SubmittedApplicationsPageTest - Test 'testFillNewApplication' completed successfully.
2025-02-04 10:43:18 [main] INFO  lt.insoft.uztis.tests.UztisPageTest - Navigated to https://uztisdev.asseco.lt/home
2025-02-04 10:43:18 [main] INFO  l.i.u.t.SubmittedApplicationsPageTest - Starting test:'testFillNewApplication'
2025-02-04 10:43:19 [main] DEBUG l.i.u.t.SubmittedApplicationsPageTest - User logged in with test credentials.
2025-02-04 10:43:19 [main] DEBUG l.i.u.t.SubmittedApplicationsPageTest - Opened 'Application Processing' menu.
2025-02-04 10:43:19 [main] DEBUG l.i.u.t.SubmittedApplicationsPageTest - Clicked on 'Application Forms' menu.
2025-02-04 10:43:19 [main] DEBUG l.i.u.t.SubmittedApplicationsPageTest - Retrieved last description code text: 'TST-VUI-27'.
2025-02-04 10:43:20 [main] DEBUG l.i.u.t.SubmittedApplicationsPageTest - Clicked on 'Invitation' menu.
2025-02-04 10:43:20 [main] DEBUG l.i.u.t.SubmittedApplicationsPageTest - Selected application section by code: 'TST-VUI-27'.
2025-02-04 10:43:20 [main] DEBUG l.i.u.t.SubmittedApplicationsPageTest - Clicked 'Search' button.
2025-02-04 10:43:20 [main] DEBUG l.i.u.t.SubmittedApplicationsPageTest - Retrieved invitation code: ''.
2025-02-04 10:43:21 [main] DEBUG l.i.u.t.SubmittedApplicationsPageTest - Clicked on 'Submitted Applications' menu.
2025-02-04 10:43:21 [main] DEBUG l.i.u.t.SubmittedApplicationsPageTest - Selected invitation by code: 'TST-VUI-27'.
2025-02-04 10:43:21 [main] DEBUG l.i.u.t.SubmittedApplicationsPageTest - Invitation code inserted.
2025-02-04 10:43:22 [main] DEBUG l.i.u.t.SubmittedApplicationsPageTest - Clicked on 'Action Application' button.
2025-02-04 10:43:22 [main] DEBUG l.i.u.t.SubmittedApplicationsPageTest - Clicked on 'New Application' button.
2025-02-04 10:43:22 [main] DEBUG l.i.u.t.SubmittedApplicationsPageTest - Selected the 'RadioButtonFA' option.
2025-02-04 10:43:22 [main] DEBUG l.i.u.t.SubmittedApplicationsPageTest - Entered phone number: '61298745'.
2025-02-04 10:43:23 [main] DEBUG l.i.u.t.SubmittedApplicationsPageTest - Entered email: 'test@autotest.com'.
2025-02-04 10:43:23 [main] INFO  l.i.u.p.SubmittedApplicationsPage - Located the dropdown button.
2025-02-04 10:43:39 [main] INFO  l.i.u.p.SubmittedApplicationsPage - Found 1741 options in the dropdown.
2025-02-04 10:43:39 [main] INFO  l.i.u.p.SubmittedApplicationsPage - Successfully selected the value: '01.11 - Grūdinių (išskyrus ryžius), ankštinių ir aliejingų sėklų augalų auginimas'
2025-02-04 10:43:49 [main] ERROR l.i.u.p.SubmittedApplicationsPage - Failed to close the dropdown with aria-expanded = 'false'. Attempting manual close.
2025-02-04 10:43:49 [main] INFO  l.i.u.p.SubmittedApplicationsPage - Manual close attempt for the dropdown using body click.
2025-02-04 10:43:49 [main] DEBUG l.i.u.t.SubmittedApplicationsPageTest - Selected EVRK value: '01.11 - Grūdinių (išskyrus ryžius), ankštinių ir aliejingų sėklų augalų auginimas'.
2025-02-04 10:43:49 [main] DEBUG l.i.u.t.SubmittedApplicationsPageTest - Entered address: 'Vilniaus m. sav., Vilnius, Testo g. 10T'.
2025-02-04 10:43:50 [main] DEBUG l.i.u.t.SubmittedApplicationsPageTest - Entered project date.
2025-02-04 10:43:50 [main] DEBUG l.i.u.t.SubmittedApplicationsPageTest - Entered job count: '1'.
2025-02-04 10:43:50 [main] DEBUG l.i.u.t.SubmittedApplicationsPageTest - Clicked 'Next' button.
2025-02-04 10:43:50 [main] INFO  l.i.u.p.SubmittedApplicationsPage - Located the dropdown button.
2025-02-04 10:43:51 [main] INFO  l.i.u.p.SubmittedApplicationsPage - Successfully selected the value: 'Administratoriai'
2025-02-04 10:44:21 [main] ERROR l.i.u.p.SubmittedApplicationsPage - Timeout while waiting for dropdown to close with aria-expanded = 'false'.
2025-02-04 10:44:21 [main] DEBUG l.i.u.t.SubmittedApplicationsPageTest - Selected job name: 'Administratoriai'.
2025-02-04 10:44:21 [main] DEBUG l.i.u.t.SubmittedApplicationsPageTest - Entered job function: 'Funkcija 1'.
2025-02-04 10:44:21 [main] DEBUG l.i.u.t.SubmittedApplicationsPageTest - Selected 'RadioButtonWithDisabilities' option.
2025-02-04 10:44:21 [main] INFO  l.i.u.p.SubmittedApplicationsPage - Clicking on the dropdown button.
2025-02-04 10:44:22 [main] INFO  l.i.u.p.SubmittedApplicationsPage - Found 34 options in the dropdown.
2025-02-04 10:44:22 [main] DEBUG l.i.u.p.SubmittedApplicationsPage - Checking option: 'Asmenys, kuriems suteiktas pabėgėlio statusas ar perkeliamojo asmens statusas, arba asmenys, kuriems suteikta papildoma ar laikinoji apsauga, ir asmenys, turintys teisę gauti laikinąją apsaugą, iki sprendimo dėl laikinosios apsaugos suteikimo (nesuteikimo) priėmimo, tačiau ne ilgiau kaip laikinosios apsaugos laikotarpiu'
2025-02-04 10:44:22 [main] DEBUG l.i.u.p.SubmittedApplicationsPage - Checking option: 'Asmenys, kuriems suteiktas pabėgėlio statusas ar perkeliamojo asmens statusas, arba asmenys, kuriems suteikta papildoma ar laikinoji apsauga, ir asmenys, turintys teisę gauti laikinąją apsaugą, iki sprendimo dėl laikinosios apsaugos suteikimo (nesuteikimo) priėmimo, tačiau ne ilgiau kaip laikinosios apsaugos laikotarpiu'
2025-02-04 10:44:22 [main] DEBUG l.i.u.p.SubmittedApplicationsPage - Checking option: 'Asmenys, turintys teisę į papildomas užimtumo garantijas pagal Lietuvos Respublikos valstybės įmonės Ignalinos atominės elektrinės darbuotojų papildomų užimtumo ir socialinių garantijų įstatymą'
2025-02-04 10:44:22 [main] DEBUG l.i.u.p.SubmittedApplicationsPage - Checking option: 'Asmenys, turintys teisę į papildomas užimtumo garantijas pagal Lietuvos Respublikos valstybės įmonės Ignalinos atominės elektrinės darbuotojų papildomų užimtumo ir socialinių garantijų įstatymą'
2025-02-04 10:44:22 [main] DEBUG l.i.u.p.SubmittedApplicationsPage - Checking option: 'Bedarbiai iki 29 metų'
2025-02-04 10:44:22 [main] DEBUG l.i.u.p.SubmittedApplicationsPage - Checking option: 'Bedarbiai iki 29 metų'
2025-02-04 10:44:22 [main] DEBUG l.i.u.p.SubmittedApplicationsPage - Checking option: 'Bedarbiai, kurie yra darbingo amžiaus neįgalieji, kuriems nustatytas 30–40 procentų darbingumo lygis arba vidutinis neįgalumo lygis'
2025-02-04 10:44:22 [main] DEBUG l.i.u.p.SubmittedApplicationsPage - Checking option: 'Bedarbiai, kurie yra darbingo amžiaus neįgalieji, kuriems nustatytas 30–40 procentų darbingumo lygis arba vidutinis neįgalumo lygis'
2025-02-04 10:44:22 [main] DEBUG l.i.u.p.SubmittedApplicationsPage - Checking option: 'Bedarbiai, kurie yra darbingo amžiaus neįgalieji, kuriems nustatytas 45–55 procentų darbingumo lygis arba lengvas neįgalumo lygis'
2025-02-04 10:44:22 [main] DEBUG l.i.u.p.SubmittedApplicationsPage - Checking option: 'Bedarbiai, kurie yra darbingo amžiaus neįgalieji, kuriems nustatytas 45–55 procentų darbingumo lygis arba lengvas neįgalumo lygis'
2025-02-04 10:44:22 [main] DEBUG l.i.u.p.SubmittedApplicationsPage - Checking option: 'Bedarbiai, kurie yra darbingo amžiaus neįgalieji, kuriems nustatytas iki 25 procentų darbingumo lygis arba sunkus neįgalumo lygis'
2025-02-04 10:44:22 [main] INFO  l.i.u.p.SubmittedApplicationsPage - Successfully selected the value: 'Bedarbiai, kurie yra darbingo amžiaus neįgalieji, kuriems nustatytas iki 25 procentų darbingumo lygis arba sunkus neįgalumo lygis'
2025-02-04 10:44:22 [main] INFO  l.i.u.p.SubmittedApplicationsPage - Attempting to close the dropdown.
2025-02-04 10:44:33 [main] INFO  l.i.u.p.SubmittedApplicationsPage - Dropdown should be closed now.
2025-02-04 10:44:33 [main] DEBUG l.i.u.t.SubmittedApplicationsPageTest - Selected disabilities type: 'Bedarbiai, kurie yra darbingo amžiaus neįgalieji, kuriems nustatytas iki 25 procentų darbingumo lygis arba sunkus neįgalumo lygis'.
2025-02-04 10:44:33 [main] DEBUG l.i.u.t.SubmittedApplicationsPageTest - Entered disability information: 'Negalia 1'.
2025-02-04 10:44:33 [main] INFO  l.i.u.p.SubmittedApplicationsPage - Located the dropdown button.
2025-02-04 10:44:34 [main] INFO  l.i.u.p.SubmittedApplicationsPage - Successfully selected the value: 'Kita'
2025-02-04 10:44:44 [main] ERROR l.i.u.p.SubmittedApplicationsPage - Timeout while waiting for dropdown to close with aria-expanded = 'false'.
2025-02-04 10:44:44 [main] DEBUG l.i.u.t.SubmittedApplicationsPageTest - Selected time mode: 'Kita'.
2025-02-04 10:44:44 [main] DEBUG l.i.u.t.SubmittedApplicationsPageTest - Selected time mode other: '6 val. per dieną ir 4 d. per savaitę'.
2025-02-04 10:44:44 [main] DEBUG l.i.u.t.SubmittedApplicationsPageTest - Entered qualification: 'Kvalifikacija 1'.
2025-02-04 10:44:45 [main] DEBUG l.i.u.t.SubmittedApplicationsPageTest - Entered job date.
2025-02-04 10:44:45 [main] DEBUG l.i.u.t.SubmittedApplicationsPageTest - Entered salary amount: '1200'.
2025-02-04 10:44:45 [main] DEBUG l.i.u.t.SubmittedApplicationsPageTest - Selected 'Temporary Job' radio button.
2025-02-04 10:44:45 [main] DEBUG l.i.u.t.SubmittedApplicationsPageTest - Selected 'Season Job' radio button.
2025-02-04 10:44:45 [main] DEBUG l.i.u.t.SubmittedApplicationsPageTest - Selected 'Energy' radio button.
2025-02-04 10:44:45 [main] DEBUG l.i.u.t.SubmittedApplicationsPageTest - Selected 'Repair' radio button.
2025-02-04 10:44:45 [main] DEBUG l.i.u.t.SubmittedApplicationsPageTest - Entered job description: 'Veikla 1'.
2025-02-04 10:44:45 [main] DEBUG l.i.u.t.SubmittedApplicationsPageTest - Entered process description: 'Procesas 1'.
2025-02-04 10:44:46 [main] DEBUG l.i.u.t.SubmittedApplicationsPageTest - Entered energy information: 'Energija 1'.
2025-02-04 10:44:46 [main] DEBUG l.i.u.t.SubmittedApplicationsPageTest - Entered repair information: 'Remontas 1'.
2025-02-04 10:44:46 [main] DEBUG l.i.u.t.SubmittedApplicationsPageTest - Selected 'PVM' radio button.
2025-02-04 10:44:46 [main] INFO  l.i.u.p.SubmittedApplicationsPage - Located the dropdown button.
2025-02-04 10:44:47 [main] INFO  l.i.u.p.SubmittedApplicationsPage - Successfully selected the value: 'Įsigyti'
2025-02-04 10:45:07 [main] ERROR l.i.u.p.SubmittedApplicationsPage - Timeout while waiting for dropdown to close with aria-expanded = 'false'.
2025-02-04 10:45:07 [main] DEBUG l.i.u.t.SubmittedApplicationsPageTest - Selected necessary for job: 'Įsigyti'.
2025-02-04 10:45:07 [main] DEBUG l.i.u.t.SubmittedApplicationsPageTest - Selected tool: 'Darbo priemonė 1'.
2025-02-04 10:45:07 [main] DEBUG l.i.u.t.SubmittedApplicationsPageTest - Selected tool parameter one: 'Darbo priemonės 1 parametras 1'.
2025-02-04 10:45:07 [main] DEBUG l.i.u.t.SubmittedApplicationsPageTest - Selected tool parameter two: 'Darbo priemonės 1 parametras 2'.
2025-02-04 10:45:08 [main] DEBUG l.i.u.t.SubmittedApplicationsPageTest - Selected tool parameter three: 'Darbo priemonės 1 parametras 3'.
2025-02-04 10:45:08 [main] DEBUG l.i.u.t.SubmittedApplicationsPageTest - Entered tool count: '1'.
2025-02-04 10:45:08 [main] DEBUG l.i.u.t.SubmittedApplicationsPageTest - Entered price amount: '1000'.
2025-02-04 10:45:08 [main] DEBUG l.i.u.t.SubmittedApplicationsPageTest - Entered own funds amount: '800'.
2025-02-04 10:45:08 [main] DEBUG l.i.u.t.SubmittedApplicationsPageTest - Entered country percentage: '50'.
2025-02-04 10:45:08 [main] DEBUG l.i.u.t.SubmittedApplicationsPageTest - Entered institution percentage: '50'.
2025-02-04 10:45:08 [main] DEBUG l.i.u.t.SubmittedApplicationsPageTest - Entered municipality percentage: '50'.
2025-02-04 10:45:09 [main] DEBUG l.i.u.t.SubmittedApplicationsPageTest - Selected 'De Minimis' radio button.
2025-02-04 10:45:09 [main] DEBUG l.i.u.t.SubmittedApplicationsPageTest - Entered program name: 'Programa 1'.
2025-02-04 10:45:09 [main] DEBUG l.i.u.t.SubmittedApplicationsPageTest - Entered project date from.
2025-02-04 10:45:09 [main] DEBUG l.i.u.t.SubmittedApplicationsPageTest - Entered project date until.
2025-02-04 10:45:09 [main] DEBUG l.i.u.t.SubmittedApplicationsPageTest - Entered support amount: '2000'.
2025-02-04 10:45:09 [main] DEBUG l.i.u.t.SubmittedApplicationsPageTest - Clicked 'Next' button.
2025-02-04 10:45:20 [main] DEBUG l.i.u.t.SubmittedApplicationsPageTest - Checked 'Legal Entities' checkbox 1.
2025-02-04 10:45:30 [main] DEBUG l.i.u.t.SubmittedApplicationsPageTest - Checked 'Legal Entities' checkbox 2.
2025-02-04 10:45:40 [main] DEBUG l.i.u.t.SubmittedApplicationsPageTest - Checked 'Legal Entities' checkbox 3.
2025-02-04 10:45:40 [main] DEBUG l.i.u.t.SubmittedApplicationsPageTest - Test finished: All 'Legal Entities' checkboxes checked successfully.
2025-02-04 10:45:40 [main] DEBUG l.i.u.t.SubmittedApplicationsPageTest - Clicked 'Next' button after checkboxes.
2025-02-04 10:45:50 [main] ERROR l.i.u.p.SubmittedApplicationsPage - Error selecting radio button: Expected condition failed: waiting for element to be clickable: By.xpath: (//input[@type='radio' and @value='false'])[8] (tried for 10 second(s) with 500 milliseconds interval)
Build info: version: '4.27.0', revision: 'd6e718d134'
System info: os.name: 'Windows 11', os.arch: 'amd64', os.version: '10.0', java.version: '21.0.3'
Driver info: org.openqa.selenium.chrome.ChromeDriver
Capabilities {acceptInsecureCerts: false, browserName: chrome, browserVersion: 132.0.6834.160, chrome: {chromedriverVersion: 132.0.6834.159 (2d77d3fc445..., userDataDir: C:\Users\INGRID~1.ZAD\AppDa...}, fedcm:accounts: true, goog:chromeOptions: {debuggerAddress: localhost:62553}, networkConnectionEnabled: false, pageLoadStrategy: normal, platformName: windows, proxy: Proxy(), se:cdp: ws://localhost:62553/devtoo..., se:cdpVersion: 132.0.6834.160, setWindowRect: true, strictFileInteractability: false, timeouts: {implicit: 0, pageLoad: 300000, script: 30000}, unhandledPromptBehavior: dismiss and notify, webauthn:extension:credBlob: true, webauthn:extension:largeBlob: true, webauthn:extension:minPinLength: true, webauthn:extension:prf: true, webauthn:virtualAuthenticators: true}
Session ID: 8abf8c12cea9c5cf203f1825e6415a99
2025-02-04 10:45:50 [main] INFO  l.i.u.t.SubmittedApplicationsPageTest - Marking 'Ne' radio button 1
2025-02-04 10:46:00 [main] ERROR l.i.u.p.SubmittedApplicationsPage - Error selecting radio button: Expected condition failed: waiting for element to be clickable: By.xpath: (//input[@type='radio' and @value='false'])[9] (tried for 10 second(s) with 500 milliseconds interval)
Build info: version: '4.27.0', revision: 'd6e718d134'
System info: os.name: 'Windows 11', os.arch: 'amd64', os.version: '10.0', java.version: '21.0.3'
Driver info: org.openqa.selenium.chrome.ChromeDriver
Capabilities {acceptInsecureCerts: false, browserName: chrome, browserVersion: 132.0.6834.160, chrome: {chromedriverVersion: 132.0.6834.159 (2d77d3fc445..., userDataDir: C:\Users\INGRID~1.ZAD\AppDa...}, fedcm:accounts: true, goog:chromeOptions: {debuggerAddress: localhost:62553}, networkConnectionEnabled: false, pageLoadStrategy: normal, platformName: windows, proxy: Proxy(), se:cdp: ws://localhost:62553/devtoo..., se:cdpVersion: 132.0.6834.160, setWindowRect: true, strictFileInteractability: false, timeouts: {implicit: 0, pageLoad: 300000, script: 30000}, unhandledPromptBehavior: dismiss and notify, webauthn:extension:credBlob: true, webauthn:extension:largeBlob: true, webauthn:extension:minPinLength: true, webauthn:extension:prf: true, webauthn:virtualAuthenticators: true}
Session ID: 8abf8c12cea9c5cf203f1825e6415a99
2025-02-04 10:46:00 [main] INFO  l.i.u.t.SubmittedApplicationsPageTest - Marking 'Ne' radio button 2
2025-02-04 10:46:10 [main] ERROR l.i.u.p.SubmittedApplicationsPage - Error selecting radio button: Expected condition failed: waiting for element to be clickable: By.xpath: (//input[@type='radio' and @value='false'])[10] (tried for 10 second(s) with 500 milliseconds interval)
Build info: version: '4.27.0', revision: 'd6e718d134'
System info: os.name: 'Windows 11', os.arch: 'amd64', os.version: '10.0', java.version: '21.0.3'
Driver info: org.openqa.selenium.chrome.ChromeDriver
Capabilities {acceptInsecureCerts: false, browserName: chrome, browserVersion: 132.0.6834.160, chrome: {chromedriverVersion: 132.0.6834.159 (2d77d3fc445..., userDataDir: C:\Users\INGRID~1.ZAD\AppDa...}, fedcm:accounts: true, goog:chromeOptions: {debuggerAddress: localhost:62553}, networkConnectionEnabled: false, pageLoadStrategy: normal, platformName: windows, proxy: Proxy(), se:cdp: ws://localhost:62553/devtoo..., se:cdpVersion: 132.0.6834.160, setWindowRect: true, strictFileInteractability: false, timeouts: {implicit: 0, pageLoad: 300000, script: 30000}, unhandledPromptBehavior: dismiss and notify, webauthn:extension:credBlob: true, webauthn:extension:largeBlob: true, webauthn:extension:minPinLength: true, webauthn:extension:prf: true, webauthn:virtualAuthenticators: true}
Session ID: 8abf8c12cea9c5cf203f1825e6415a99
2025-02-04 10:46:10 [main] INFO  l.i.u.t.SubmittedApplicationsPageTest - Marking 'Ne' radio button 3
2025-02-04 10:46:20 [main] ERROR l.i.u.p.SubmittedApplicationsPage - Error selecting radio button: Expected condition failed: waiting for element to be clickable: By.xpath: (//input[@type='radio' and @value='false'])[11] (tried for 10 second(s) with 500 milliseconds interval)
Build info: version: '4.27.0', revision: 'd6e718d134'
System info: os.name: 'Windows 11', os.arch: 'amd64', os.version: '10.0', java.version: '21.0.3'
Driver info: org.openqa.selenium.chrome.ChromeDriver
Capabilities {acceptInsecureCerts: false, browserName: chrome, browserVersion: 132.0.6834.160, chrome: {chromedriverVersion: 132.0.6834.159 (2d77d3fc445..., userDataDir: C:\Users\INGRID~1.ZAD\AppDa...}, fedcm:accounts: true, goog:chromeOptions: {debuggerAddress: localhost:62553}, networkConnectionEnabled: false, pageLoadStrategy: normal, platformName: windows, proxy: Proxy(), se:cdp: ws://localhost:62553/devtoo..., se:cdpVersion: 132.0.6834.160, setWindowRect: true, strictFileInteractability: false, timeouts: {implicit: 0, pageLoad: 300000, script: 30000}, unhandledPromptBehavior: dismiss and notify, webauthn:extension:credBlob: true, webauthn:extension:largeBlob: true, webauthn:extension:minPinLength: true, webauthn:extension:prf: true, webauthn:virtualAuthenticators: true}
Session ID: 8abf8c12cea9c5cf203f1825e6415a99
2025-02-04 10:46:20 [main] INFO  l.i.u.t.SubmittedApplicationsPageTest - Marking 'Ne' radio button 4
2025-02-04 10:46:31 [main] ERROR l.i.u.p.SubmittedApplicationsPage - Error selecting radio button: Expected condition failed: waiting for element to be clickable: By.xpath: (//input[@type='radio' and @value='false'])[12] (tried for 10 second(s) with 500 milliseconds interval)
Build info: version: '4.27.0', revision: 'd6e718d134'
System info: os.name: 'Windows 11', os.arch: 'amd64', os.version: '10.0', java.version: '21.0.3'
Driver info: org.openqa.selenium.chrome.ChromeDriver
Capabilities {acceptInsecureCerts: false, browserName: chrome, browserVersion: 132.0.6834.160, chrome: {chromedriverVersion: 132.0.6834.159 (2d77d3fc445..., userDataDir: C:\Users\INGRID~1.ZAD\AppDa...}, fedcm:accounts: true, goog:chromeOptions: {debuggerAddress: localhost:62553}, networkConnectionEnabled: false, pageLoadStrategy: normal, platformName: windows, proxy: Proxy(), se:cdp: ws://localhost:62553/devtoo..., se:cdpVersion: 132.0.6834.160, setWindowRect: true, strictFileInteractability: false, timeouts: {implicit: 0, pageLoad: 300000, script: 30000}, unhandledPromptBehavior: dismiss and notify, webauthn:extension:credBlob: true, webauthn:extension:largeBlob: true, webauthn:extension:minPinLength: true, webauthn:extension:prf: true, webauthn:virtualAuthenticators: true}
Session ID: 8abf8c12cea9c5cf203f1825e6415a99
2025-02-04 10:46:31 [main] INFO  l.i.u.t.SubmittedApplicationsPageTest - Marking 'Ne' radio button 5
2025-02-04 10:46:41 [main] ERROR l.i.u.p.SubmittedApplicationsPage - Error selecting radio button: Expected condition failed: waiting for element to be clickable: By.xpath: (//input[@type='radio' and @value='false'])[13] (tried for 10 second(s) with 500 milliseconds interval)
Build info: version: '4.27.0', revision: 'd6e718d134'
System info: os.name: 'Windows 11', os.arch: 'amd64', os.version: '10.0', java.version: '21.0.3'
Driver info: org.openqa.selenium.chrome.ChromeDriver
Capabilities {acceptInsecureCerts: false, browserName: chrome, browserVersion: 132.0.6834.160, chrome: {chromedriverVersion: 132.0.6834.159 (2d77d3fc445..., userDataDir: C:\Users\INGRID~1.ZAD\AppDa...}, fedcm:accounts: true, goog:chromeOptions: {debuggerAddress: localhost:62553}, networkConnectionEnabled: false, pageLoadStrategy: normal, platformName: windows, proxy: Proxy(), se:cdp: ws://localhost:62553/devtoo..., se:cdpVersion: 132.0.6834.160, setWindowRect: true, strictFileInteractability: false, timeouts: {implicit: 0, pageLoad: 300000, script: 30000}, unhandledPromptBehavior: dismiss and notify, webauthn:extension:credBlob: true, webauthn:extension:largeBlob: true, webauthn:extension:minPinLength: true, webauthn:extension:prf: true, webauthn:virtualAuthenticators: true}
Session ID: 8abf8c12cea9c5cf203f1825e6415a99
2025-02-04 10:46:41 [main] INFO  l.i.u.t.SubmittedApplicationsPageTest - Marking 'Ne' radio button 6
2025-02-04 10:46:51 [main] ERROR l.i.u.p.SubmittedApplicationsPage - Error selecting radio button: Expected condition failed: waiting for element to be clickable: By.xpath: (//input[@type='radio' and @value='true'])[14] (tried for 10 second(s) with 500 milliseconds interval)
Build info: version: '4.27.0', revision: 'd6e718d134'
System info: os.name: 'Windows 11', os.arch: 'amd64', os.version: '10.0', java.version: '21.0.3'
Driver info: org.openqa.selenium.chrome.ChromeDriver
Capabilities {acceptInsecureCerts: false, browserName: chrome, browserVersion: 132.0.6834.160, chrome: {chromedriverVersion: 132.0.6834.159 (2d77d3fc445..., userDataDir: C:\Users\INGRID~1.ZAD\AppDa...}, fedcm:accounts: true, goog:chromeOptions: {debuggerAddress: localhost:62553}, networkConnectionEnabled: false, pageLoadStrategy: normal, platformName: windows, proxy: Proxy(), se:cdp: ws://localhost:62553/devtoo..., se:cdpVersion: 132.0.6834.160, setWindowRect: true, strictFileInteractability: false, timeouts: {implicit: 0, pageLoad: 300000, script: 30000}, unhandledPromptBehavior: dismiss and notify, webauthn:extension:credBlob: true, webauthn:extension:largeBlob: true, webauthn:extension:minPinLength: true, webauthn:extension:prf: true, webauthn:virtualAuthenticators: true}
Session ID: 8abf8c12cea9c5cf203f1825e6415a99
2025-02-04 10:46:51 [main] INFO  l.i.u.t.SubmittedApplicationsPageTest - Marking 'Taip' radio button 7
2025-02-04 10:47:01 [main] ERROR l.i.u.p.SubmittedApplicationsPage - Error selecting radio button: Expected condition failed: waiting for element to be clickable: By.xpath: (//input[@type='radio' and @value='true'])[15] (tried for 10 second(s) with 500 milliseconds interval)
Build info: version: '4.27.0', revision: 'd6e718d134'
System info: os.name: 'Windows 11', os.arch: 'amd64', os.version: '10.0', java.version: '21.0.3'
Driver info: org.openqa.selenium.chrome.ChromeDriver
Capabilities {acceptInsecureCerts: false, browserName: chrome, browserVersion: 132.0.6834.160, chrome: {chromedriverVersion: 132.0.6834.159 (2d77d3fc445..., userDataDir: C:\Users\INGRID~1.ZAD\AppDa...}, fedcm:accounts: true, goog:chromeOptions: {debuggerAddress: localhost:62553}, networkConnectionEnabled: false, pageLoadStrategy: normal, platformName: windows, proxy: Proxy(), se:cdp: ws://localhost:62553/devtoo..., se:cdpVersion: 132.0.6834.160, setWindowRect: true, strictFileInteractability: false, timeouts: {implicit: 0, pageLoad: 300000, script: 30000}, unhandledPromptBehavior: dismiss and notify, webauthn:extension:credBlob: true, webauthn:extension:largeBlob: true, webauthn:extension:minPinLength: true, webauthn:extension:prf: true, webauthn:virtualAuthenticators: true}
Session ID: 8abf8c12cea9c5cf203f1825e6415a99
2025-02-04 10:47:01 [main] INFO  l.i.u.t.SubmittedApplicationsPageTest - Marking 'Taip' radio button 8
2025-02-04 10:47:11 [main] ERROR l.i.u.p.SubmittedApplicationsPage - Error selecting radio button: Expected condition failed: waiting for element to be clickable: By.xpath: (//input[@type='radio' and @value='true'])[16] (tried for 10 second(s) with 500 milliseconds interval)
Build info: version: '4.27.0', revision: 'd6e718d134'
System info: os.name: 'Windows 11', os.arch: 'amd64', os.version: '10.0', java.version: '21.0.3'
Driver info: org.openqa.selenium.chrome.ChromeDriver
Capabilities {acceptInsecureCerts: false, browserName: chrome, browserVersion: 132.0.6834.160, chrome: {chromedriverVersion: 132.0.6834.159 (2d77d3fc445..., userDataDir: C:\Users\INGRID~1.ZAD\AppDa...}, fedcm:accounts: true, goog:chromeOptions: {debuggerAddress: localhost:62553}, networkConnectionEnabled: false, pageLoadStrategy: normal, platformName: windows, proxy: Proxy(), se:cdp: ws://localhost:62553/devtoo..., se:cdpVersion: 132.0.6834.160, setWindowRect: true, strictFileInteractability: false, timeouts: {implicit: 0, pageLoad: 300000, script: 30000}, unhandledPromptBehavior: dismiss and notify, webauthn:extension:credBlob: true, webauthn:extension:largeBlob: true, webauthn:extension:minPinLength: true, webauthn:extension:prf: true, webauthn:virtualAuthenticators: true}
Session ID: 8abf8c12cea9c5cf203f1825e6415a99
2025-02-04 10:47:11 [main] INFO  l.i.u.t.SubmittedApplicationsPageTest - Marking 'Taip' radio button 9
2025-02-04 10:47:21 [main] ERROR l.i.u.p.SubmittedApplicationsPage - Error selecting radio button: Expected condition failed: waiting for element to be clickable: By.xpath: (//input[@type='radio' and @value='true'])[17] (tried for 10 second(s) with 500 milliseconds interval)
Build info: version: '4.27.0', revision: 'd6e718d134'
System info: os.name: 'Windows 11', os.arch: 'amd64', os.version: '10.0', java.version: '21.0.3'
Driver info: org.openqa.selenium.chrome.ChromeDriver
Capabilities {acceptInsecureCerts: false, browserName: chrome, browserVersion: 132.0.6834.160, chrome: {chromedriverVersion: 132.0.6834.159 (2d77d3fc445..., userDataDir: C:\Users\INGRID~1.ZAD\AppDa...}, fedcm:accounts: true, goog:chromeOptions: {debuggerAddress: localhost:62553}, networkConnectionEnabled: false, pageLoadStrategy: normal, platformName: windows, proxy: Proxy(), se:cdp: ws://localhost:62553/devtoo..., se:cdpVersion: 132.0.6834.160, setWindowRect: true, strictFileInteractability: false, timeouts: {implicit: 0, pageLoad: 300000, script: 30000}, unhandledPromptBehavior: dismiss and notify, webauthn:extension:credBlob: true, webauthn:extension:largeBlob: true, webauthn:extension:minPinLength: true, webauthn:extension:prf: true, webauthn:virtualAuthenticators: true}
Session ID: 8abf8c12cea9c5cf203f1825e6415a99
2025-02-04 10:47:21 [main] INFO  l.i.u.t.SubmittedApplicationsPageTest - Marking 'Taip' radio button 10
2025-02-04 10:47:31 [main] ERROR l.i.u.p.SubmittedApplicationsPage - Error selecting radio button: Expected condition failed: waiting for element to be clickable: By.xpath: (//input[@type='radio' and @value='true'])[18] (tried for 10 second(s) with 500 milliseconds interval)
Build info: version: '4.27.0', revision: 'd6e718d134'
System info: os.name: 'Windows 11', os.arch: 'amd64', os.version: '10.0', java.version: '21.0.3'
Driver info: org.openqa.selenium.chrome.ChromeDriver
Capabilities {acceptInsecureCerts: false, browserName: chrome, browserVersion: 132.0.6834.160, chrome: {chromedriverVersion: 132.0.6834.159 (2d77d3fc445..., userDataDir: C:\Users\INGRID~1.ZAD\AppDa...}, fedcm:accounts: true, goog:chromeOptions: {debuggerAddress: localhost:62553}, networkConnectionEnabled: false, pageLoadStrategy: normal, platformName: windows, proxy: Proxy(), se:cdp: ws://localhost:62553/devtoo..., se:cdpVersion: 132.0.6834.160, setWindowRect: true, strictFileInteractability: false, timeouts: {implicit: 0, pageLoad: 300000, script: 30000}, unhandledPromptBehavior: dismiss and notify, webauthn:extension:credBlob: true, webauthn:extension:largeBlob: true, webauthn:extension:minPinLength: true, webauthn:extension:prf: true, webauthn:virtualAuthenticators: true}
Session ID: 8abf8c12cea9c5cf203f1825e6415a99
2025-02-04 10:47:31 [main] INFO  l.i.u.t.SubmittedApplicationsPageTest - Marking 'Taip' radio button 11
2025-02-04 10:47:41 [main] ERROR l.i.u.p.SubmittedApplicationsPage - Error selecting radio button: Expected condition failed: waiting for element to be clickable: By.xpath: (//input[@type='radio' and @value='true'])[19] (tried for 10 second(s) with 500 milliseconds interval)
Build info: version: '4.27.0', revision: 'd6e718d134'
System info: os.name: 'Windows 11', os.arch: 'amd64', os.version: '10.0', java.version: '21.0.3'
Driver info: org.openqa.selenium.chrome.ChromeDriver
Capabilities {acceptInsecureCerts: false, browserName: chrome, browserVersion: 132.0.6834.160, chrome: {chromedriverVersion: 132.0.6834.159 (2d77d3fc445..., userDataDir: C:\Users\INGRID~1.ZAD\AppDa...}, fedcm:accounts: true, goog:chromeOptions: {debuggerAddress: localhost:62553}, networkConnectionEnabled: false, pageLoadStrategy: normal, platformName: windows, proxy: Proxy(), se:cdp: ws://localhost:62553/devtoo..., se:cdpVersion: 132.0.6834.160, setWindowRect: true, strictFileInteractability: false, timeouts: {implicit: 0, pageLoad: 300000, script: 30000}, unhandledPromptBehavior: dismiss and notify, webauthn:extension:credBlob: true, webauthn:extension:largeBlob: true, webauthn:extension:minPinLength: true, webauthn:extension:prf: true, webauthn:virtualAuthenticators: true}
Session ID: 8abf8c12cea9c5cf203f1825e6415a99
2025-02-04 10:47:41 [main] INFO  l.i.u.t.SubmittedApplicationsPageTest - Marking 'Taip' radio button 12
2025-02-04 10:47:51 [main] DEBUG l.i.u.t.SubmittedApplicationsPageTest - Checked 'ConfirmationStepFour'
2025-02-04 10:47:51 [main] INFO  l.i.u.t.SubmittedApplicationsPageTest - Test 'testFillNewApplication' completed successfully.
2025-02-04 11:01:37 [main] INFO  lt.insoft.uztis.tests.UztisPageTest - Navigated to https://uztisdev.asseco.lt/home
2025-02-04 11:01:37 [main] INFO  l.i.u.t.SubmittedApplicationsPageTest - Starting test:'testFillNewApplication'
2025-02-04 11:01:38 [main] DEBUG l.i.u.t.SubmittedApplicationsPageTest - User logged in with test credentials.
2025-02-04 11:01:38 [main] DEBUG l.i.u.t.SubmittedApplicationsPageTest - Opened 'Application Processing' menu.
2025-02-04 11:01:38 [main] DEBUG l.i.u.t.SubmittedApplicationsPageTest - Clicked on 'Application Forms' menu.
2025-02-04 11:01:39 [main] DEBUG l.i.u.t.SubmittedApplicationsPageTest - Retrieved last description code text: 'TST-VUI-27'.
2025-02-04 11:01:39 [main] DEBUG l.i.u.t.SubmittedApplicationsPageTest - Clicked on 'Invitation' menu.
2025-02-04 11:01:40 [main] DEBUG l.i.u.t.SubmittedApplicationsPageTest - Selected application section by code: 'TST-VUI-27'.
2025-02-04 11:01:40 [main] DEBUG l.i.u.t.SubmittedApplicationsPageTest - Clicked 'Search' button.
2025-02-04 11:01:40 [main] DEBUG l.i.u.t.SubmittedApplicationsPageTest - Retrieved invitation code: ''.
2025-02-04 11:01:40 [main] DEBUG l.i.u.t.SubmittedApplicationsPageTest - Clicked on 'Submitted Applications' menu.
2025-02-04 11:01:41 [main] DEBUG l.i.u.t.SubmittedApplicationsPageTest - Selected invitation by code: 'TST-VUI-27'.
2025-02-04 11:01:41 [main] DEBUG l.i.u.t.SubmittedApplicationsPageTest - Invitation code inserted.
2025-02-04 11:01:41 [main] DEBUG l.i.u.t.SubmittedApplicationsPageTest - Clicked on 'Action Application' button.
2025-02-04 11:01:41 [main] DEBUG l.i.u.t.SubmittedApplicationsPageTest - Clicked on 'New Application' button.
2025-02-04 11:01:42 [main] DEBUG l.i.u.t.SubmittedApplicationsPageTest - Selected the 'RadioButtonFA' option.
2025-02-04 11:01:42 [main] DEBUG l.i.u.t.SubmittedApplicationsPageTest - Entered phone number: '61298745'.
2025-02-04 11:01:42 [main] DEBUG l.i.u.t.SubmittedApplicationsPageTest - Entered email: 'test@autotest.com'.
2025-02-04 11:01:42 [main] INFO  l.i.u.p.SubmittedApplicationsPage - Located the dropdown button.
2025-02-04 11:02:02 [main] INFO  l.i.u.p.SubmittedApplicationsPage - Found 1741 options in the dropdown.
2025-02-04 11:02:02 [main] INFO  l.i.u.p.SubmittedApplicationsPage - Successfully selected the value: '01.11 - Grūdinių (išskyrus ryžius), ankštinių ir aliejingų sėklų augalų auginimas'
2025-02-04 11:02:12 [main] ERROR l.i.u.p.SubmittedApplicationsPage - Failed to close the dropdown with aria-expanded = 'false'. Attempting manual close.
2025-02-04 11:02:13 [main] INFO  l.i.u.p.SubmittedApplicationsPage - Manual close attempt for the dropdown using body click.
2025-02-04 11:02:13 [main] DEBUG l.i.u.t.SubmittedApplicationsPageTest - Selected EVRK value: '01.11 - Grūdinių (išskyrus ryžius), ankštinių ir aliejingų sėklų augalų auginimas'.
2025-02-04 11:02:13 [main] DEBUG l.i.u.t.SubmittedApplicationsPageTest - Entered address: 'Vilniaus m. sav., Vilnius, Testo g. 10T'.
2025-02-04 11:02:13 [main] DEBUG l.i.u.t.SubmittedApplicationsPageTest - Entered project date.
2025-02-04 11:02:13 [main] DEBUG l.i.u.t.SubmittedApplicationsPageTest - Entered job count: '1'.
2025-02-04 11:02:13 [main] DEBUG l.i.u.t.SubmittedApplicationsPageTest - Clicked 'Next' button.
2025-02-04 11:02:13 [main] INFO  l.i.u.p.SubmittedApplicationsPage - Located the dropdown button.
2025-02-04 11:02:14 [main] INFO  l.i.u.p.SubmittedApplicationsPage - Successfully selected the value: 'Administratoriai'
2025-02-04 11:02:45 [main] ERROR l.i.u.p.SubmittedApplicationsPage - Timeout while waiting for dropdown to close with aria-expanded = 'false'.
2025-02-04 11:02:45 [main] DEBUG l.i.u.t.SubmittedApplicationsPageTest - Selected job name: 'Administratoriai'.
2025-02-04 11:02:45 [main] DEBUG l.i.u.t.SubmittedApplicationsPageTest - Entered job function: 'Funkcija 1'.
2025-02-04 11:02:45 [main] DEBUG l.i.u.t.SubmittedApplicationsPageTest - Selected 'RadioButtonWithDisabilities' option.
2025-02-04 11:02:45 [main] INFO  l.i.u.p.SubmittedApplicationsPage - Clicking on the dropdown button.
2025-02-04 11:02:46 [main] INFO  l.i.u.p.SubmittedApplicationsPage - Found 34 options in the dropdown.
2025-02-04 11:02:46 [main] DEBUG l.i.u.p.SubmittedApplicationsPage - Checking option: 'Asmenys, kuriems suteiktas pabėgėlio statusas ar perkeliamojo asmens statusas, arba asmenys, kuriems suteikta papildoma ar laikinoji apsauga, ir asmenys, turintys teisę gauti laikinąją apsaugą, iki sprendimo dėl laikinosios apsaugos suteikimo (nesuteikimo) priėmimo, tačiau ne ilgiau kaip laikinosios apsaugos laikotarpiu'
2025-02-04 11:02:46 [main] DEBUG l.i.u.p.SubmittedApplicationsPage - Checking option: 'Asmenys, kuriems suteiktas pabėgėlio statusas ar perkeliamojo asmens statusas, arba asmenys, kuriems suteikta papildoma ar laikinoji apsauga, ir asmenys, turintys teisę gauti laikinąją apsaugą, iki sprendimo dėl laikinosios apsaugos suteikimo (nesuteikimo) priėmimo, tačiau ne ilgiau kaip laikinosios apsaugos laikotarpiu'
2025-02-04 11:02:46 [main] DEBUG l.i.u.p.SubmittedApplicationsPage - Checking option: 'Asmenys, turintys teisę į papildomas užimtumo garantijas pagal Lietuvos Respublikos valstybės įmonės Ignalinos atominės elektrinės darbuotojų papildomų užimtumo ir socialinių garantijų įstatymą'
2025-02-04 11:02:46 [main] DEBUG l.i.u.p.SubmittedApplicationsPage - Checking option: 'Asmenys, turintys teisę į papildomas užimtumo garantijas pagal Lietuvos Respublikos valstybės įmonės Ignalinos atominės elektrinės darbuotojų papildomų užimtumo ir socialinių garantijų įstatymą'
2025-02-04 11:02:46 [main] DEBUG l.i.u.p.SubmittedApplicationsPage - Checking option: 'Bedarbiai iki 29 metų'
2025-02-04 11:02:46 [main] DEBUG l.i.u.p.SubmittedApplicationsPage - Checking option: 'Bedarbiai iki 29 metų'
2025-02-04 11:02:46 [main] DEBUG l.i.u.p.SubmittedApplicationsPage - Checking option: 'Bedarbiai, kurie yra darbingo amžiaus neįgalieji, kuriems nustatytas 30–40 procentų darbingumo lygis arba vidutinis neįgalumo lygis'
2025-02-04 11:02:46 [main] DEBUG l.i.u.p.SubmittedApplicationsPage - Checking option: 'Bedarbiai, kurie yra darbingo amžiaus neįgalieji, kuriems nustatytas 30–40 procentų darbingumo lygis arba vidutinis neįgalumo lygis'
2025-02-04 11:02:46 [main] DEBUG l.i.u.p.SubmittedApplicationsPage - Checking option: 'Bedarbiai, kurie yra darbingo amžiaus neįgalieji, kuriems nustatytas 45–55 procentų darbingumo lygis arba lengvas neįgalumo lygis'
2025-02-04 11:02:46 [main] DEBUG l.i.u.p.SubmittedApplicationsPage - Checking option: 'Bedarbiai, kurie yra darbingo amžiaus neįgalieji, kuriems nustatytas 45–55 procentų darbingumo lygis arba lengvas neįgalumo lygis'
2025-02-04 11:02:46 [main] DEBUG l.i.u.p.SubmittedApplicationsPage - Checking option: 'Bedarbiai, kurie yra darbingo amžiaus neįgalieji, kuriems nustatytas iki 25 procentų darbingumo lygis arba sunkus neįgalumo lygis'
2025-02-04 11:02:46 [main] INFO  l.i.u.p.SubmittedApplicationsPage - Successfully selected the value: 'Bedarbiai, kurie yra darbingo amžiaus neįgalieji, kuriems nustatytas iki 25 procentų darbingumo lygis arba sunkus neįgalumo lygis'
2025-02-04 11:02:46 [main] INFO  l.i.u.p.SubmittedApplicationsPage - Attempting to close the dropdown.
2025-02-04 11:02:57 [main] INFO  l.i.u.p.SubmittedApplicationsPage - Dropdown should be closed now.
2025-02-04 11:02:57 [main] DEBUG l.i.u.t.SubmittedApplicationsPageTest - Selected disabilities type: 'Bedarbiai, kurie yra darbingo amžiaus neįgalieji, kuriems nustatytas iki 25 procentų darbingumo lygis arba sunkus neįgalumo lygis'.
2025-02-04 11:02:57 [main] DEBUG l.i.u.t.SubmittedApplicationsPageTest - Entered disability information: 'Negalia 1'.
2025-02-04 11:02:57 [main] INFO  l.i.u.p.SubmittedApplicationsPage - Located the dropdown button.
2025-02-04 11:02:58 [main] INFO  l.i.u.p.SubmittedApplicationsPage - Successfully selected the value: 'Kita'
2025-02-04 11:03:08 [main] ERROR l.i.u.p.SubmittedApplicationsPage - Timeout while waiting for dropdown to close with aria-expanded = 'false'.
2025-02-04 11:03:08 [main] DEBUG l.i.u.t.SubmittedApplicationsPageTest - Selected time mode: 'Kita'.
2025-02-04 11:03:08 [main] DEBUG l.i.u.t.SubmittedApplicationsPageTest - Selected time mode other: '6 val. per dieną ir 4 d. per savaitę'.
2025-02-04 11:03:08 [main] DEBUG l.i.u.t.SubmittedApplicationsPageTest - Entered qualification: 'Kvalifikacija 1'.
2025-02-04 11:03:09 [main] DEBUG l.i.u.t.SubmittedApplicationsPageTest - Entered job date.
2025-02-04 11:03:09 [main] DEBUG l.i.u.t.SubmittedApplicationsPageTest - Entered salary amount: '1200'.
2025-02-04 11:03:09 [main] DEBUG l.i.u.t.SubmittedApplicationsPageTest - Selected 'Temporary Job' radio button.
2025-02-04 11:03:09 [main] DEBUG l.i.u.t.SubmittedApplicationsPageTest - Selected 'Season Job' radio button.
2025-02-04 11:03:09 [main] DEBUG l.i.u.t.SubmittedApplicationsPageTest - Selected 'Energy' radio button.
2025-02-04 11:03:09 [main] DEBUG l.i.u.t.SubmittedApplicationsPageTest - Selected 'Repair' radio button.
2025-02-04 11:03:09 [main] DEBUG l.i.u.t.SubmittedApplicationsPageTest - Entered job description: 'Veikla 1'.
2025-02-04 11:03:10 [main] DEBUG l.i.u.t.SubmittedApplicationsPageTest - Entered process description: 'Procesas 1'.
2025-02-04 11:03:10 [main] DEBUG l.i.u.t.SubmittedApplicationsPageTest - Entered energy information: 'Energija 1'.
2025-02-04 11:03:10 [main] DEBUG l.i.u.t.SubmittedApplicationsPageTest - Entered repair information: 'Remontas 1'.
2025-02-04 11:03:10 [main] DEBUG l.i.u.t.SubmittedApplicationsPageTest - Selected 'PVM' radio button.
2025-02-04 11:03:10 [main] INFO  l.i.u.p.SubmittedApplicationsPage - Located the dropdown button.
2025-02-04 11:03:11 [main] INFO  l.i.u.p.SubmittedApplicationsPage - Successfully selected the value: 'Įsigyti'
2025-02-04 11:03:31 [main] ERROR l.i.u.p.SubmittedApplicationsPage - Timeout while waiting for dropdown to close with aria-expanded = 'false'.
2025-02-04 11:03:31 [main] DEBUG l.i.u.t.SubmittedApplicationsPageTest - Selected necessary for job: 'Įsigyti'.
2025-02-04 11:03:31 [main] DEBUG l.i.u.t.SubmittedApplicationsPageTest - Selected tool: 'Darbo priemonė 1'.
2025-02-04 11:03:32 [main] DEBUG l.i.u.t.SubmittedApplicationsPageTest - Selected tool parameter one: 'Darbo priemonės 1 parametras 1'.
2025-02-04 11:03:32 [main] DEBUG l.i.u.t.SubmittedApplicationsPageTest - Selected tool parameter two: 'Darbo priemonės 1 parametras 2'.
2025-02-04 11:03:32 [main] DEBUG l.i.u.t.SubmittedApplicationsPageTest - Selected tool parameter three: 'Darbo priemonės 1 parametras 3'.
2025-02-04 11:03:32 [main] DEBUG l.i.u.t.SubmittedApplicationsPageTest - Entered tool count: '1'.
2025-02-04 11:03:32 [main] DEBUG l.i.u.t.SubmittedApplicationsPageTest - Entered price amount: '1000'.
2025-02-04 11:03:33 [main] DEBUG l.i.u.t.SubmittedApplicationsPageTest - Entered own funds amount: '800'.
2025-02-04 11:03:33 [main] DEBUG l.i.u.t.SubmittedApplicationsPageTest - Entered country percentage: '50'.
2025-02-04 11:03:33 [main] DEBUG l.i.u.t.SubmittedApplicationsPageTest - Entered institution percentage: '50'.
2025-02-04 11:03:33 [main] DEBUG l.i.u.t.SubmittedApplicationsPageTest - Entered municipality percentage: '50'.
2025-02-04 11:03:33 [main] DEBUG l.i.u.t.SubmittedApplicationsPageTest - Selected 'De Minimis' radio button.
2025-02-04 11:03:33 [main] DEBUG l.i.u.t.SubmittedApplicationsPageTest - Entered program name: 'Programa 1'.
2025-02-04 11:03:34 [main] DEBUG l.i.u.t.SubmittedApplicationsPageTest - Entered project date from.
2025-02-04 11:03:34 [main] DEBUG l.i.u.t.SubmittedApplicationsPageTest - Entered project date until.
2025-02-04 11:03:34 [main] DEBUG l.i.u.t.SubmittedApplicationsPageTest - Entered support amount: '2000'.
2025-02-04 11:03:34 [main] DEBUG l.i.u.t.SubmittedApplicationsPageTest - Clicked 'Next' button.
2025-02-04 11:03:44 [main] DEBUG l.i.u.t.SubmittedApplicationsPageTest - Checked 'Legal Entities' checkbox 1.
2025-02-04 11:03:54 [main] DEBUG l.i.u.t.SubmittedApplicationsPageTest - Checked 'Legal Entities' checkbox 2.
2025-02-04 11:04:05 [main] DEBUG l.i.u.t.SubmittedApplicationsPageTest - Checked 'Legal Entities' checkbox 3.
2025-02-04 11:04:05 [main] DEBUG l.i.u.t.SubmittedApplicationsPageTest - Test finished: All 'Legal Entities' checkboxes checked successfully.
2025-02-04 11:04:05 [main] DEBUG l.i.u.t.SubmittedApplicationsPageTest - Clicked 'Next' button after checkboxes.
2025-02-04 11:04:15 [main] ERROR l.i.u.p.SubmittedApplicationsPage - Error selecting radio button: Expected condition failed: waiting for element to be clickable: By.xpath: (//input[@type='radio' and @value='false'])[8] (tried for 10 second(s) with 500 milliseconds interval)
Build info: version: '4.27.0', revision: 'd6e718d134'
System info: os.name: 'Windows 11', os.arch: 'amd64', os.version: '10.0', java.version: '21.0.3'
Driver info: org.openqa.selenium.chrome.ChromeDriver
Capabilities {acceptInsecureCerts: false, browserName: chrome, browserVersion: 132.0.6834.160, chrome: {chromedriverVersion: 132.0.6834.159 (2d77d3fc445..., userDataDir: C:\Users\INGRID~1.ZAD\AppDa...}, fedcm:accounts: true, goog:chromeOptions: {debuggerAddress: localhost:63176}, networkConnectionEnabled: false, pageLoadStrategy: normal, platformName: windows, proxy: Proxy(), se:cdp: ws://localhost:63176/devtoo..., se:cdpVersion: 132.0.6834.160, setWindowRect: true, strictFileInteractability: false, timeouts: {implicit: 0, pageLoad: 300000, script: 30000}, unhandledPromptBehavior: dismiss and notify, webauthn:extension:credBlob: true, webauthn:extension:largeBlob: true, webauthn:extension:minPinLength: true, webauthn:extension:prf: true, webauthn:virtualAuthenticators: true}
Session ID: 4e2ea62d6df75b2d48ced7c6716c8ac7
2025-02-04 11:04:15 [main] INFO  l.i.u.t.SubmittedApplicationsPageTest - Marking 'Ne' radio button 1
2025-02-04 11:04:25 [main] ERROR l.i.u.p.SubmittedApplicationsPage - Error selecting radio button: Expected condition failed: waiting for element to be clickable: By.xpath: (//input[@type='radio' and @value='false'])[9] (tried for 10 second(s) with 500 milliseconds interval)
Build info: version: '4.27.0', revision: 'd6e718d134'
System info: os.name: 'Windows 11', os.arch: 'amd64', os.version: '10.0', java.version: '21.0.3'
Driver info: org.openqa.selenium.chrome.ChromeDriver
Capabilities {acceptInsecureCerts: false, browserName: chrome, browserVersion: 132.0.6834.160, chrome: {chromedriverVersion: 132.0.6834.159 (2d77d3fc445..., userDataDir: C:\Users\INGRID~1.ZAD\AppDa...}, fedcm:accounts: true, goog:chromeOptions: {debuggerAddress: localhost:63176}, networkConnectionEnabled: false, pageLoadStrategy: normal, platformName: windows, proxy: Proxy(), se:cdp: ws://localhost:63176/devtoo..., se:cdpVersion: 132.0.6834.160, setWindowRect: true, strictFileInteractability: false, timeouts: {implicit: 0, pageLoad: 300000, script: 30000}, unhandledPromptBehavior: dismiss and notify, webauthn:extension:credBlob: true, webauthn:extension:largeBlob: true, webauthn:extension:minPinLength: true, webauthn:extension:prf: true, webauthn:virtualAuthenticators: true}
Session ID: 4e2ea62d6df75b2d48ced7c6716c8ac7
2025-02-04 11:04:25 [main] INFO  l.i.u.t.SubmittedApplicationsPageTest - Marking 'Ne' radio button 2
2025-02-04 11:04:35 [main] ERROR l.i.u.p.SubmittedApplicationsPage - Error selecting radio button: Expected condition failed: waiting for element to be clickable: By.xpath: (//input[@type='radio' and @value='false'])[10] (tried for 10 second(s) with 500 milliseconds interval)
Build info: version: '4.27.0', revision: 'd6e718d134'
System info: os.name: 'Windows 11', os.arch: 'amd64', os.version: '10.0', java.version: '21.0.3'
Driver info: org.openqa.selenium.chrome.ChromeDriver
Capabilities {acceptInsecureCerts: false, browserName: chrome, browserVersion: 132.0.6834.160, chrome: {chromedriverVersion: 132.0.6834.159 (2d77d3fc445..., userDataDir: C:\Users\INGRID~1.ZAD\AppDa...}, fedcm:accounts: true, goog:chromeOptions: {debuggerAddress: localhost:63176}, networkConnectionEnabled: false, pageLoadStrategy: normal, platformName: windows, proxy: Proxy(), se:cdp: ws://localhost:63176/devtoo..., se:cdpVersion: 132.0.6834.160, setWindowRect: true, strictFileInteractability: false, timeouts: {implicit: 0, pageLoad: 300000, script: 30000}, unhandledPromptBehavior: dismiss and notify, webauthn:extension:credBlob: true, webauthn:extension:largeBlob: true, webauthn:extension:minPinLength: true, webauthn:extension:prf: true, webauthn:virtualAuthenticators: true}
Session ID: 4e2ea62d6df75b2d48ced7c6716c8ac7
2025-02-04 11:04:35 [main] INFO  l.i.u.t.SubmittedApplicationsPageTest - Marking 'Ne' radio button 3
2025-02-04 11:04:46 [main] ERROR l.i.u.p.SubmittedApplicationsPage - Error selecting radio button: Expected condition failed: waiting for element to be clickable: By.xpath: (//input[@type='radio' and @value='false'])[11] (tried for 10 second(s) with 500 milliseconds interval)
Build info: version: '4.27.0', revision: 'd6e718d134'
System info: os.name: 'Windows 11', os.arch: 'amd64', os.version: '10.0', java.version: '21.0.3'
Driver info: org.openqa.selenium.chrome.ChromeDriver
Capabilities {acceptInsecureCerts: false, browserName: chrome, browserVersion: 132.0.6834.160, chrome: {chromedriverVersion: 132.0.6834.159 (2d77d3fc445..., userDataDir: C:\Users\INGRID~1.ZAD\AppDa...}, fedcm:accounts: true, goog:chromeOptions: {debuggerAddress: localhost:63176}, networkConnectionEnabled: false, pageLoadStrategy: normal, platformName: windows, proxy: Proxy(), se:cdp: ws://localhost:63176/devtoo..., se:cdpVersion: 132.0.6834.160, setWindowRect: true, strictFileInteractability: false, timeouts: {implicit: 0, pageLoad: 300000, script: 30000}, unhandledPromptBehavior: dismiss and notify, webauthn:extension:credBlob: true, webauthn:extension:largeBlob: true, webauthn:extension:minPinLength: true, webauthn:extension:prf: true, webauthn:virtualAuthenticators: true}
Session ID: 4e2ea62d6df75b2d48ced7c6716c8ac7
2025-02-04 11:04:46 [main] INFO  l.i.u.t.SubmittedApplicationsPageTest - Marking 'Ne' radio button 4
2025-02-04 11:04:56 [main] ERROR l.i.u.p.SubmittedApplicationsPage - Error selecting radio button: Expected condition failed: waiting for element to be clickable: By.xpath: (//input[@type='radio' and @value='false'])[12] (tried for 10 second(s) with 500 milliseconds interval)
Build info: version: '4.27.0', revision: 'd6e718d134'
System info: os.name: 'Windows 11', os.arch: 'amd64', os.version: '10.0', java.version: '21.0.3'
Driver info: org.openqa.selenium.chrome.ChromeDriver
Capabilities {acceptInsecureCerts: false, browserName: chrome, browserVersion: 132.0.6834.160, chrome: {chromedriverVersion: 132.0.6834.159 (2d77d3fc445..., userDataDir: C:\Users\INGRID~1.ZAD\AppDa...}, fedcm:accounts: true, goog:chromeOptions: {debuggerAddress: localhost:63176}, networkConnectionEnabled: false, pageLoadStrategy: normal, platformName: windows, proxy: Proxy(), se:cdp: ws://localhost:63176/devtoo..., se:cdpVersion: 132.0.6834.160, setWindowRect: true, strictFileInteractability: false, timeouts: {implicit: 0, pageLoad: 300000, script: 30000}, unhandledPromptBehavior: dismiss and notify, webauthn:extension:credBlob: true, webauthn:extension:largeBlob: true, webauthn:extension:minPinLength: true, webauthn:extension:prf: true, webauthn:virtualAuthenticators: true}
Session ID: 4e2ea62d6df75b2d48ced7c6716c8ac7
2025-02-04 11:04:56 [main] INFO  l.i.u.t.SubmittedApplicationsPageTest - Marking 'Ne' radio button 5
2025-02-04 11:05:06 [main] ERROR l.i.u.p.SubmittedApplicationsPage - Error selecting radio button: Expected condition failed: waiting for element to be clickable: By.xpath: (//input[@type='radio' and @value='false'])[13] (tried for 10 second(s) with 500 milliseconds interval)
Build info: version: '4.27.0', revision: 'd6e718d134'
System info: os.name: 'Windows 11', os.arch: 'amd64', os.version: '10.0', java.version: '21.0.3'
Driver info: org.openqa.selenium.chrome.ChromeDriver
Capabilities {acceptInsecureCerts: false, browserName: chrome, browserVersion: 132.0.6834.160, chrome: {chromedriverVersion: 132.0.6834.159 (2d77d3fc445..., userDataDir: C:\Users\INGRID~1.ZAD\AppDa...}, fedcm:accounts: true, goog:chromeOptions: {debuggerAddress: localhost:63176}, networkConnectionEnabled: false, pageLoadStrategy: normal, platformName: windows, proxy: Proxy(), se:cdp: ws://localhost:63176/devtoo..., se:cdpVersion: 132.0.6834.160, setWindowRect: true, strictFileInteractability: false, timeouts: {implicit: 0, pageLoad: 300000, script: 30000}, unhandledPromptBehavior: dismiss and notify, webauthn:extension:credBlob: true, webauthn:extension:largeBlob: true, webauthn:extension:minPinLength: true, webauthn:extension:prf: true, webauthn:virtualAuthenticators: true}
Session ID: 4e2ea62d6df75b2d48ced7c6716c8ac7
2025-02-04 11:05:06 [main] INFO  l.i.u.t.SubmittedApplicationsPageTest - Marking 'Ne' radio button 6
2025-02-04 11:05:16 [main] ERROR l.i.u.p.SubmittedApplicationsPage - Error selecting radio button: Expected condition failed: waiting for element to be clickable: By.xpath: (//input[@type='radio' and @value='true'])[14] (tried for 10 second(s) with 500 milliseconds interval)
Build info: version: '4.27.0', revision: 'd6e718d134'
System info: os.name: 'Windows 11', os.arch: 'amd64', os.version: '10.0', java.version: '21.0.3'
Driver info: org.openqa.selenium.chrome.ChromeDriver
Capabilities {acceptInsecureCerts: false, browserName: chrome, browserVersion: 132.0.6834.160, chrome: {chromedriverVersion: 132.0.6834.159 (2d77d3fc445..., userDataDir: C:\Users\INGRID~1.ZAD\AppDa...}, fedcm:accounts: true, goog:chromeOptions: {debuggerAddress: localhost:63176}, networkConnectionEnabled: false, pageLoadStrategy: normal, platformName: windows, proxy: Proxy(), se:cdp: ws://localhost:63176/devtoo..., se:cdpVersion: 132.0.6834.160, setWindowRect: true, strictFileInteractability: false, timeouts: {implicit: 0, pageLoad: 300000, script: 30000}, unhandledPromptBehavior: dismiss and notify, webauthn:extension:credBlob: true, webauthn:extension:largeBlob: true, webauthn:extension:minPinLength: true, webauthn:extension:prf: true, webauthn:virtualAuthenticators: true}
Session ID: 4e2ea62d6df75b2d48ced7c6716c8ac7
2025-02-04 11:05:16 [main] INFO  l.i.u.t.SubmittedApplicationsPageTest - Marking 'Taip' radio button 7
2025-02-04 11:05:26 [main] ERROR l.i.u.p.SubmittedApplicationsPage - Error selecting radio button: Expected condition failed: waiting for element to be clickable: By.xpath: (//input[@type='radio' and @value='true'])[15] (tried for 10 second(s) with 500 milliseconds interval)
Build info: version: '4.27.0', revision: 'd6e718d134'
System info: os.name: 'Windows 11', os.arch: 'amd64', os.version: '10.0', java.version: '21.0.3'
Driver info: org.openqa.selenium.chrome.ChromeDriver
Capabilities {acceptInsecureCerts: false, browserName: chrome, browserVersion: 132.0.6834.160, chrome: {chromedriverVersion: 132.0.6834.159 (2d77d3fc445..., userDataDir: C:\Users\INGRID~1.ZAD\AppDa...}, fedcm:accounts: true, goog:chromeOptions: {debuggerAddress: localhost:63176}, networkConnectionEnabled: false, pageLoadStrategy: normal, platformName: windows, proxy: Proxy(), se:cdp: ws://localhost:63176/devtoo..., se:cdpVersion: 132.0.6834.160, setWindowRect: true, strictFileInteractability: false, timeouts: {implicit: 0, pageLoad: 300000, script: 30000}, unhandledPromptBehavior: dismiss and notify, webauthn:extension:credBlob: true, webauthn:extension:largeBlob: true, webauthn:extension:minPinLength: true, webauthn:extension:prf: true, webauthn:virtualAuthenticators: true}
Session ID: 4e2ea62d6df75b2d48ced7c6716c8ac7
2025-02-04 11:05:26 [main] INFO  l.i.u.t.SubmittedApplicationsPageTest - Marking 'Taip' radio button 8
2025-02-04 11:05:36 [main] ERROR l.i.u.p.SubmittedApplicationsPage - Error selecting radio button: Expected condition failed: waiting for element to be clickable: By.xpath: (//input[@type='radio' and @value='true'])[16] (tried for 10 second(s) with 500 milliseconds interval)
Build info: version: '4.27.0', revision: 'd6e718d134'
System info: os.name: 'Windows 11', os.arch: 'amd64', os.version: '10.0', java.version: '21.0.3'
Driver info: org.openqa.selenium.chrome.ChromeDriver
Capabilities {acceptInsecureCerts: false, browserName: chrome, browserVersion: 132.0.6834.160, chrome: {chromedriverVersion: 132.0.6834.159 (2d77d3fc445..., userDataDir: C:\Users\INGRID~1.ZAD\AppDa...}, fedcm:accounts: true, goog:chromeOptions: {debuggerAddress: localhost:63176}, networkConnectionEnabled: false, pageLoadStrategy: normal, platformName: windows, proxy: Proxy(), se:cdp: ws://localhost:63176/devtoo..., se:cdpVersion: 132.0.6834.160, setWindowRect: true, strictFileInteractability: false, timeouts: {implicit: 0, pageLoad: 300000, script: 30000}, unhandledPromptBehavior: dismiss and notify, webauthn:extension:credBlob: true, webauthn:extension:largeBlob: true, webauthn:extension:minPinLength: true, webauthn:extension:prf: true, webauthn:virtualAuthenticators: true}
Session ID: 4e2ea62d6df75b2d48ced7c6716c8ac7
2025-02-04 11:05:36 [main] INFO  l.i.u.t.SubmittedApplicationsPageTest - Marking 'Taip' radio button 9
2025-02-04 11:05:46 [main] ERROR l.i.u.p.SubmittedApplicationsPage - Error selecting radio button: Expected condition failed: waiting for element to be clickable: By.xpath: (//input[@type='radio' and @value='true'])[17] (tried for 10 second(s) with 500 milliseconds interval)
Build info: version: '4.27.0', revision: 'd6e718d134'
System info: os.name: 'Windows 11', os.arch: 'amd64', os.version: '10.0', java.version: '21.0.3'
Driver info: org.openqa.selenium.chrome.ChromeDriver
Capabilities {acceptInsecureCerts: false, browserName: chrome, browserVersion: 132.0.6834.160, chrome: {chromedriverVersion: 132.0.6834.159 (2d77d3fc445..., userDataDir: C:\Users\INGRID~1.ZAD\AppDa...}, fedcm:accounts: true, goog:chromeOptions: {debuggerAddress: localhost:63176}, networkConnectionEnabled: false, pageLoadStrategy: normal, platformName: windows, proxy: Proxy(), se:cdp: ws://localhost:63176/devtoo..., se:cdpVersion: 132.0.6834.160, setWindowRect: true, strictFileInteractability: false, timeouts: {implicit: 0, pageLoad: 300000, script: 30000}, unhandledPromptBehavior: dismiss and notify, webauthn:extension:credBlob: true, webauthn:extension:largeBlob: true, webauthn:extension:minPinLength: true, webauthn:extension:prf: true, webauthn:virtualAuthenticators: true}
Session ID: 4e2ea62d6df75b2d48ced7c6716c8ac7
2025-02-04 11:05:46 [main] INFO  l.i.u.t.SubmittedApplicationsPageTest - Marking 'Taip' radio button 10
2025-02-04 11:05:56 [main] ERROR l.i.u.p.SubmittedApplicationsPage - Error selecting radio button: Expected condition failed: waiting for element to be clickable: By.xpath: (//input[@type='radio' and @value='true'])[18] (tried for 10 second(s) with 500 milliseconds interval)
Build info: version: '4.27.0', revision: 'd6e718d134'
System info: os.name: 'Windows 11', os.arch: 'amd64', os.version: '10.0', java.version: '21.0.3'
Driver info: org.openqa.selenium.chrome.ChromeDriver
Capabilities {acceptInsecureCerts: false, browserName: chrome, browserVersion: 132.0.6834.160, chrome: {chromedriverVersion: 132.0.6834.159 (2d77d3fc445..., userDataDir: C:\Users\INGRID~1.ZAD\AppDa...}, fedcm:accounts: true, goog:chromeOptions: {debuggerAddress: localhost:63176}, networkConnectionEnabled: false, pageLoadStrategy: normal, platformName: windows, proxy: Proxy(), se:cdp: ws://localhost:63176/devtoo..., se:cdpVersion: 132.0.6834.160, setWindowRect: true, strictFileInteractability: false, timeouts: {implicit: 0, pageLoad: 300000, script: 30000}, unhandledPromptBehavior: dismiss and notify, webauthn:extension:credBlob: true, webauthn:extension:largeBlob: true, webauthn:extension:minPinLength: true, webauthn:extension:prf: true, webauthn:virtualAuthenticators: true}
Session ID: 4e2ea62d6df75b2d48ced7c6716c8ac7
2025-02-04 11:05:56 [main] INFO  l.i.u.t.SubmittedApplicationsPageTest - Marking 'Taip' radio button 11
2025-02-04 11:06:06 [main] ERROR l.i.u.p.SubmittedApplicationsPage - Error selecting radio button: Expected condition failed: waiting for element to be clickable: By.xpath: (//input[@type='radio' and @value='true'])[19] (tried for 10 second(s) with 500 milliseconds interval)
Build info: version: '4.27.0', revision: 'd6e718d134'
System info: os.name: 'Windows 11', os.arch: 'amd64', os.version: '10.0', java.version: '21.0.3'
Driver info: org.openqa.selenium.chrome.ChromeDriver
Capabilities {acceptInsecureCerts: false, browserName: chrome, browserVersion: 132.0.6834.160, chrome: {chromedriverVersion: 132.0.6834.159 (2d77d3fc445..., userDataDir: C:\Users\INGRID~1.ZAD\AppDa...}, fedcm:accounts: true, goog:chromeOptions: {debuggerAddress: localhost:63176}, networkConnectionEnabled: false, pageLoadStrategy: normal, platformName: windows, proxy: Proxy(), se:cdp: ws://localhost:63176/devtoo..., se:cdpVersion: 132.0.6834.160, setWindowRect: true, strictFileInteractability: false, timeouts: {implicit: 0, pageLoad: 300000, script: 30000}, unhandledPromptBehavior: dismiss and notify, webauthn:extension:credBlob: true, webauthn:extension:largeBlob: true, webauthn:extension:minPinLength: true, webauthn:extension:prf: true, webauthn:virtualAuthenticators: true}
Session ID: 4e2ea62d6df75b2d48ced7c6716c8ac7
2025-02-04 11:06:06 [main] INFO  l.i.u.t.SubmittedApplicationsPageTest - Marking 'Taip' radio button 12
2025-02-04 11:06:17 [main] DEBUG l.i.u.t.SubmittedApplicationsPageTest - Checked 'ConfirmationStepFour'
2025-02-04 11:06:17 [main] DEBUG l.i.u.t.SubmittedApplicationsPageTest - Clicked 'Next' button after checkboxes.
2025-02-04 11:06:17 [main] DEBUG l.i.u.t.SubmittedApplicationsPageTest - File uploaded.
2025-02-04 11:06:27 [main] DEBUG l.i.u.t.SubmittedApplicationsPageTest - Checked 'ConfirmationDocument'
2025-02-04 11:06:37 [main] DEBUG l.i.u.t.SubmittedApplicationsPageTest - Checked 'ConfirmationApplication'
2025-02-04 11:06:47 [main] ERROR l.i.u.t.SubmittedApplicationsPageTest - Test 'testFillNewApplication' failed with error: no such element: Unable to locate element: {"method":"xpath","selector":"//button[contains(@class, 'i-forms-stepper-button-next') and normalize-space(text())='Toliau']"}
  (Session info: chrome=132.0.6834.160)
For documentation on this error, please visit: https://www.selenium.dev/documentation/webdriver/troubleshooting/errors#no-such-element-exception
Build info: version: '4.27.0', revision: 'd6e718d134'
System info: os.name: 'Windows 11', os.arch: 'amd64', os.version: '10.0', java.version: '21.0.3'
Driver info: org.openqa.selenium.chrome.ChromeDriver
Command: [4e2ea62d6df75b2d48ced7c6716c8ac7, findElement {value=//button[contains(@class, 'i-forms-stepper-button-next') and normalize-space(text())='Toliau'], using=xpath}]
Capabilities {acceptInsecureCerts: false, browserName: chrome, browserVersion: 132.0.6834.160, chrome: {chromedriverVersion: 132.0.6834.159 (2d77d3fc445..., userDataDir: C:\Users\INGRID~1.ZAD\AppDa...}, fedcm:accounts: true, goog:chromeOptions: {debuggerAddress: localhost:63176}, networkConnectionEnabled: false, pageLoadStrategy: normal, platformName: windows, proxy: Proxy(), se:cdp: ws://localhost:63176/devtoo..., se:cdpVersion: 132.0.6834.160, setWindowRect: true, strictFileInteractability: false, timeouts: {implicit: 0, pageLoad: 300000, script: 30000}, unhandledPromptBehavior: dismiss and notify, webauthn:extension:credBlob: true, webauthn:extension:largeBlob: true, webauthn:extension:minPinLength: true, webauthn:extension:prf: true, webauthn:virtualAuthenticators: true}
Session ID: 4e2ea62d6df75b2d48ced7c6716c8ac7
org.openqa.selenium.NoSuchElementException: no such element: Unable to locate element: {"method":"xpath","selector":"//button[contains(@class, 'i-forms-stepper-button-next') and normalize-space(text())='Toliau']"}
  (Session info: chrome=132.0.6834.160)
For documentation on this error, please visit: https://www.selenium.dev/documentation/webdriver/troubleshooting/errors#no-such-element-exception
Build info: version: '4.27.0', revision: 'd6e718d134'
System info: os.name: 'Windows 11', os.arch: 'amd64', os.version: '10.0', java.version: '21.0.3'
Driver info: org.openqa.selenium.chrome.ChromeDriver
Command: [4e2ea62d6df75b2d48ced7c6716c8ac7, findElement {value=//button[contains(@class, 'i-forms-stepper-button-next') and normalize-space(text())='Toliau'], using=xpath}]
Capabilities {acceptInsecureCerts: false, browserName: chrome, browserVersion: 132.0.6834.160, chrome: {chromedriverVersion: 132.0.6834.159 (2d77d3fc445..., userDataDir: C:\Users\INGRID~1.ZAD\AppDa...}, fedcm:accounts: true, goog:chromeOptions: {debuggerAddress: localhost:63176}, networkConnectionEnabled: false, pageLoadStrategy: normal, platformName: windows, proxy: Proxy(), se:cdp: ws://localhost:63176/devtoo..., se:cdpVersion: 132.0.6834.160, setWindowRect: true, strictFileInteractability: false, timeouts: {implicit: 0, pageLoad: 300000, script: 30000}, unhandledPromptBehavior: dismiss and notify, webauthn:extension:credBlob: true, webauthn:extension:largeBlob: true, webauthn:extension:minPinLength: true, webauthn:extension:prf: true, webauthn:virtualAuthenticators: true}
Session ID: 4e2ea62d6df75b2d48ced7c6716c8ac7
	at java.base/jdk.internal.reflect.DirectConstructorHandleAccessor.newInstance(DirectConstructorHandleAccessor.java:62)
	at java.base/java.lang.reflect.Constructor.newInstanceWithCaller(Constructor.java:502)
	at java.base/java.lang.reflect.Constructor.newInstance(Constructor.java:486)
	at org.openqa.selenium.remote.ErrorCodec.decode(ErrorCodec.java:167)
	at org.openqa.selenium.remote.codec.w3c.W3CHttpResponseCodec.decode(W3CHttpResponseCodec.java:138)
	at org.openqa.selenium.remote.codec.w3c.W3CHttpResponseCodec.decode(W3CHttpResponseCodec.java:50)
	at org.openqa.selenium.remote.HttpCommandExecutor.execute(HttpCommandExecutor.java:190)
	at org.openqa.selenium.remote.service.DriverCommandExecutor.invokeExecute(DriverCommandExecutor.java:216)
	at org.openqa.selenium.remote.service.DriverCommandExecutor.execute(DriverCommandExecutor.java:174)
	at org.openqa.selenium.remote.RemoteWebDriver.execute(RemoteWebDriver.java:545)
	at org.openqa.selenium.remote.ElementLocation$ElementFinder$2.findElement(ElementLocation.java:165)
	at org.openqa.selenium.remote.ElementLocation.findElement(ElementLocation.java:59)
	at org.openqa.selenium.remote.RemoteWebDriver.findElement(RemoteWebDriver.java:368)
	at org.openqa.selenium.remote.RemoteWebDriver.findElement(RemoteWebDriver.java:362)
	at org.openqa.selenium.support.pagefactory.DefaultElementLocator.findElement(DefaultElementLocator.java:68)
	at org.openqa.selenium.support.pagefactory.internal.LocatingElementHandler.invoke(LocatingElementHandler.java:38)
	at jdk.proxy2/jdk.proxy2.$Proxy14.isSelected(Unknown Source)
	at lt.insoft.uztis.pages.SubmittedApplicationsPage.clickButtonNext(SubmittedApplicationsPage.java:356)
	at lt.insoft.uztis.tests.SubmittedApplicationsPageTest.testFillNewApplication(SubmittedApplicationsPageTest.java:370)
	at java.base/jdk.internal.reflect.DirectMethodHandleAccessor.invoke(DirectMethodHandleAccessor.java:103)
	at java.base/java.lang.reflect.Method.invoke(Method.java:580)
	at org.junit.platform.commons.util.ReflectionUtils.invokeMethod(ReflectionUtils.java:728)
	at org.junit.jupiter.engine.execution.MethodInvocation.proceed(MethodInvocation.java:60)
	at org.junit.jupiter.engine.execution.InvocationInterceptorChain$ValidatingInvocation.proceed(InvocationInterceptorChain.java:131)
	at org.junit.jupiter.engine.extension.TimeoutExtension.intercept(TimeoutExtension.java:156)
	at org.junit.jupiter.engine.extension.TimeoutExtension.interceptTestableMethod(TimeoutExtension.java:147)
	at org.junit.jupiter.engine.extension.TimeoutExtension.interceptTestMethod(TimeoutExtension.java:86)
	at org.junit.jupiter.engine.execution.InterceptingExecutableInvoker$ReflectiveInterceptorCall.lambda$ofVoidMethod$0(InterceptingExecutableInvoker.java:103)
	at org.junit.jupiter.engine.execution.InterceptingExecutableInvoker.lambda$invoke$0(InterceptingExecutableInvoker.java:93)
	at org.junit.jupiter.engine.execution.InvocationInterceptorChain$InterceptedInvocation.proceed(InvocationInterceptorChain.java:106)
	at org.junit.jupiter.engine.execution.InvocationInterceptorChain.proceed(InvocationInterceptorChain.java:64)
	at org.junit.jupiter.engine.execution.InvocationInterceptorChain.chainAndInvoke(InvocationInterceptorChain.java:45)
	at org.junit.jupiter.engine.execution.InvocationInterceptorChain.invoke(InvocationInterceptorChain.java:37)
	at org.junit.jupiter.engine.execution.InterceptingExecutableInvoker.invoke(InterceptingExecutableInvoker.java:92)
	at org.junit.jupiter.engine.execution.InterceptingExecutableInvoker.invoke(InterceptingExecutableInvoker.java:86)
	at org.junit.jupiter.engine.descriptor.TestMethodTestDescriptor.lambda$invokeTestMethod$7(TestMethodTestDescriptor.java:218)
	at org.junit.platform.engine.support.hierarchical.ThrowableCollector.execute(ThrowableCollector.java:73)
	at org.junit.jupiter.engine.descriptor.TestMethodTestDescriptor.invokeTestMethod(TestMethodTestDescriptor.java:214)
	at org.junit.jupiter.engine.descriptor.TestMethodTestDescriptor.execute(TestMethodTestDescriptor.java:139)
	at org.junit.jupiter.engine.descriptor.TestMethodTestDescriptor.execute(TestMethodTestDescriptor.java:69)
	at org.junit.platform.engine.support.hierarchical.NodeTestTask.lambda$executeRecursively$6(NodeTestTask.java:151)
	at org.junit.platform.engine.support.hierarchical.ThrowableCollector.execute(ThrowableCollector.java:73)
	at org.junit.platform.engine.support.hierarchical.NodeTestTask.lambda$executeRecursively$8(NodeTestTask.java:141)
	at org.junit.platform.engine.support.hierarchical.Node.around(Node.java:137)
	at org.junit.platform.engine.support.hierarchical.NodeTestTask.lambda$executeRecursively$9(NodeTestTask.java:139)
	at org.junit.platform.engine.support.hierarchical.ThrowableCollector.execute(ThrowableCollector.java:73)
	at org.junit.platform.engine.support.hierarchical.NodeTestTask.executeRecursively(NodeTestTask.java:138)
	at org.junit.platform.engine.support.hierarchical.NodeTestTask.execute(NodeTestTask.java:95)
	at java.base/java.util.ArrayList.forEach(ArrayList.java:1596)
	at org.junit.platform.engine.support.hierarchical.SameThreadHierarchicalTestExecutorService.invokeAll(SameThreadHierarchicalTestExecutorService.java:41)
	at org.junit.platform.engine.support.hierarchical.NodeTestTask.lambda$executeRecursively$6(NodeTestTask.java:155)
	at org.junit.platform.engine.support.hierarchical.ThrowableCollector.execute(ThrowableCollector.java:73)
	at org.junit.platform.engine.support.hierarchical.NodeTestTask.lambda$executeRecursively$8(NodeTestTask.java:141)
	at org.junit.platform.engine.support.hierarchical.Node.around(Node.java:137)
	at org.junit.platform.engine.support.hierarchical.NodeTestTask.lambda$executeRecursively$9(NodeTestTask.java:139)
	at org.junit.platform.engine.support.hierarchical.ThrowableCollector.execute(ThrowableCollector.java:73)
	at org.junit.platform.engine.support.hierarchical.NodeTestTask.executeRecursively(NodeTestTask.java:138)
	at org.junit.platform.engine.support.hierarchical.NodeTestTask.execute(NodeTestTask.java:95)
	at java.base/java.util.ArrayList.forEach(ArrayList.java:1596)
	at org.junit.platform.engine.support.hierarchical.SameThreadHierarchicalTestExecutorService.invokeAll(SameThreadHierarchicalTestExecutorService.java:41)
	at org.junit.platform.engine.support.hierarchical.NodeTestTask.lambda$executeRecursively$6(NodeTestTask.java:155)
	at org.junit.platform.engine.support.hierarchical.ThrowableCollector.execute(ThrowableCollector.java:73)
	at org.junit.platform.engine.support.hierarchical.NodeTestTask.lambda$executeRecursively$8(NodeTestTask.java:141)
	at org.junit.platform.engine.support.hierarchical.Node.around(Node.java:137)
	at org.junit.platform.engine.support.hierarchical.NodeTestTask.lambda$executeRecursively$9(NodeTestTask.java:139)
	at org.junit.platform.engine.support.hierarchical.ThrowableCollector.execute(ThrowableCollector.java:73)
	at org.junit.platform.engine.support.hierarchical.NodeTestTask.executeRecursively(NodeTestTask.java:138)
	at org.junit.platform.engine.support.hierarchical.NodeTestTask.execute(NodeTestTask.java:95)
	at org.junit.platform.engine.support.hierarchical.SameThreadHierarchicalTestExecutorService.submit(SameThreadHierarchicalTestExecutorService.java:35)
	at org.junit.platform.engine.support.hierarchical.HierarchicalTestExecutor.execute(HierarchicalTestExecutor.java:57)
	at org.junit.platform.engine.support.hierarchical.HierarchicalTestEngine.execute(HierarchicalTestEngine.java:54)
	at org.junit.platform.launcher.core.EngineExecutionOrchestrator.execute(EngineExecutionOrchestrator.java:198)
	at org.junit.platform.launcher.core.EngineExecutionOrchestrator.execute(EngineExecutionOrchestrator.java:169)
	at org.junit.platform.launcher.core.EngineExecutionOrchestrator.execute(EngineExecutionOrchestrator.java:93)
	at org.junit.platform.launcher.core.EngineExecutionOrchestrator.lambda$execute$0(EngineExecutionOrchestrator.java:58)
	at org.junit.platform.launcher.core.EngineExecutionOrchestrator.withInterceptedStreams(EngineExecutionOrchestrator.java:141)
	at org.junit.platform.launcher.core.EngineExecutionOrchestrator.execute(EngineExecutionOrchestrator.java:57)
	at org.junit.platform.launcher.core.DefaultLauncher.execute(DefaultLauncher.java:103)
	at org.junit.platform.launcher.core.DefaultLauncher.execute(DefaultLauncher.java:85)
	at org.junit.platform.launcher.core.DelegatingLauncher.execute(DelegatingLauncher.java:47)
	at org.junit.platform.launcher.core.SessionPerRequestLauncher.execute(SessionPerRequestLauncher.java:63)
	at com.intellij.junit5.JUnit5IdeaTestRunner.startRunnerWithArgs(JUnit5IdeaTestRunner.java:57)
	at com.intellij.rt.junit.IdeaTestRunner$Repeater$1.execute(IdeaTestRunner.java:38)
	at com.intellij.rt.execution.junit.TestsRepeater.repeat(TestsRepeater.java:11)
	at com.intellij.rt.junit.IdeaTestRunner$Repeater.startRunnerWithArgs(IdeaTestRunner.java:35)
	at com.intellij.rt.junit.JUnitStarter.prepareStreamsAndStart(JUnitStarter.java:232)
	at com.intellij.rt.junit.JUnitStarter.main(JUnitStarter.java:55)
2025-02-04 11:06:47 [main] INFO  l.insoft.uztis.tests.utils.TestUtils - Screenshot moved to C:\Users\ingrida.zadorozniene\Desktop\Asm\UZTIS\UZTIS_tests\test-output\screenshots\20250204\110647868_testFillNewApplication().png
2025-02-04 11:15:35 [main] INFO  lt.insoft.uztis.tests.UztisPageTest - Navigated to https://uztisdev.asseco.lt/home
2025-02-04 11:15:35 [main] INFO  l.i.u.t.SubmittedApplicationsPageTest - Starting test:'testFillNewApplication'
2025-02-04 11:15:35 [main] DEBUG l.i.u.t.SubmittedApplicationsPageTest - User logged in with test credentials.
2025-02-04 11:15:36 [main] DEBUG l.i.u.t.SubmittedApplicationsPageTest - Opened 'Application Processing' menu.
2025-02-04 11:15:36 [main] DEBUG l.i.u.t.SubmittedApplicationsPageTest - Clicked on 'Application Forms' menu.
2025-02-04 11:15:37 [main] DEBUG l.i.u.t.SubmittedApplicationsPageTest - Retrieved last description code text: 'TST-VUI-27'.
2025-02-04 11:15:37 [main] DEBUG l.i.u.t.SubmittedApplicationsPageTest - Clicked on 'Invitation' menu.
2025-02-04 11:15:38 [main] DEBUG l.i.u.t.SubmittedApplicationsPageTest - Selected application section by code: 'TST-VUI-27'.
2025-02-04 11:15:38 [main] DEBUG l.i.u.t.SubmittedApplicationsPageTest - Clicked 'Search' button.
2025-02-04 11:15:38 [main] DEBUG l.i.u.t.SubmittedApplicationsPageTest - Retrieved invitation code: ''.
2025-02-04 11:15:38 [main] DEBUG l.i.u.t.SubmittedApplicationsPageTest - Clicked on 'Submitted Applications' menu.
2025-02-04 11:15:39 [main] DEBUG l.i.u.t.SubmittedApplicationsPageTest - Selected invitation by code: 'TST-VUI-27'.
2025-02-04 11:15:39 [main] DEBUG l.i.u.t.SubmittedApplicationsPageTest - Invitation code inserted.
2025-02-04 11:15:39 [main] DEBUG l.i.u.t.SubmittedApplicationsPageTest - Clicked on 'Action Application' button.
2025-02-04 11:15:39 [main] DEBUG l.i.u.t.SubmittedApplicationsPageTest - Clicked on 'New Application' button.
2025-02-04 11:15:40 [main] DEBUG l.i.u.t.SubmittedApplicationsPageTest - Selected the 'RadioButtonFA' option.
2025-02-04 11:15:40 [main] DEBUG l.i.u.t.SubmittedApplicationsPageTest - Entered phone number: '61298745'.
2025-02-04 11:15:40 [main] DEBUG l.i.u.t.SubmittedApplicationsPageTest - Entered email: 'test@autotest.com'.
2025-02-04 11:15:40 [main] INFO  l.i.u.p.SubmittedApplicationsPage - Located the dropdown button.
2025-02-04 11:15:58 [main] INFO  l.i.u.p.SubmittedApplicationsPage - Found 1741 options in the dropdown.
2025-02-04 11:15:58 [main] INFO  l.i.u.p.SubmittedApplicationsPage - Successfully selected the value: '01.11 - Grūdinių (išskyrus ryžius), ankštinių ir aliejingų sėklų augalų auginimas'
2025-02-04 11:16:09 [main] ERROR l.i.u.p.SubmittedApplicationsPage - Failed to close the dropdown with aria-expanded = 'false'. Attempting manual close.
2025-02-04 11:16:09 [main] INFO  l.i.u.p.SubmittedApplicationsPage - Manual close attempt for the dropdown using body click.
2025-02-04 11:16:09 [main] DEBUG l.i.u.t.SubmittedApplicationsPageTest - Selected EVRK value: '01.11 - Grūdinių (išskyrus ryžius), ankštinių ir aliejingų sėklų augalų auginimas'.
2025-02-04 11:16:09 [main] DEBUG l.i.u.t.SubmittedApplicationsPageTest - Entered address: 'Vilniaus m. sav., Vilnius, Testo g. 10T'.
2025-02-04 11:16:09 [main] DEBUG l.i.u.t.SubmittedApplicationsPageTest - Entered project date.
2025-02-04 11:16:09 [main] DEBUG l.i.u.t.SubmittedApplicationsPageTest - Entered job count: '1'.
2025-02-04 11:16:10 [main] DEBUG l.i.u.t.SubmittedApplicationsPageTest - Clicked 'Next' button.
2025-02-04 11:16:10 [main] INFO  l.i.u.p.SubmittedApplicationsPage - Located the dropdown button.
2025-02-04 11:16:11 [main] INFO  l.i.u.p.SubmittedApplicationsPage - Successfully selected the value: 'Administratoriai'
2025-02-04 11:16:41 [main] ERROR l.i.u.p.SubmittedApplicationsPage - Timeout while waiting for dropdown to close with aria-expanded = 'false'.
2025-02-04 11:16:41 [main] DEBUG l.i.u.t.SubmittedApplicationsPageTest - Selected job name: 'Administratoriai'.
2025-02-04 11:16:41 [main] DEBUG l.i.u.t.SubmittedApplicationsPageTest - Entered job function: 'Funkcija 1'.
2025-02-04 11:16:41 [main] DEBUG l.i.u.t.SubmittedApplicationsPageTest - Selected 'RadioButtonWithDisabilities' option.
2025-02-04 11:16:41 [main] INFO  l.i.u.p.SubmittedApplicationsPage - Clicking on the dropdown button.
2025-02-04 11:16:42 [main] INFO  l.i.u.p.SubmittedApplicationsPage - Found 34 options in the dropdown.
2025-02-04 11:16:42 [main] DEBUG l.i.u.p.SubmittedApplicationsPage - Checking option: 'Asmenys, kuriems suteiktas pabėgėlio statusas ar perkeliamojo asmens statusas, arba asmenys, kuriems suteikta papildoma ar laikinoji apsauga, ir asmenys, turintys teisę gauti laikinąją apsaugą, iki sprendimo dėl laikinosios apsaugos suteikimo (nesuteikimo) priėmimo, tačiau ne ilgiau kaip laikinosios apsaugos laikotarpiu'
2025-02-04 11:16:42 [main] DEBUG l.i.u.p.SubmittedApplicationsPage - Checking option: 'Asmenys, kuriems suteiktas pabėgėlio statusas ar perkeliamojo asmens statusas, arba asmenys, kuriems suteikta papildoma ar laikinoji apsauga, ir asmenys, turintys teisę gauti laikinąją apsaugą, iki sprendimo dėl laikinosios apsaugos suteikimo (nesuteikimo) priėmimo, tačiau ne ilgiau kaip laikinosios apsaugos laikotarpiu'
2025-02-04 11:16:42 [main] DEBUG l.i.u.p.SubmittedApplicationsPage - Checking option: 'Asmenys, turintys teisę į papildomas užimtumo garantijas pagal Lietuvos Respublikos valstybės įmonės Ignalinos atominės elektrinės darbuotojų papildomų užimtumo ir socialinių garantijų įstatymą'
2025-02-04 11:16:42 [main] DEBUG l.i.u.p.SubmittedApplicationsPage - Checking option: 'Asmenys, turintys teisę į papildomas užimtumo garantijas pagal Lietuvos Respublikos valstybės įmonės Ignalinos atominės elektrinės darbuotojų papildomų užimtumo ir socialinių garantijų įstatymą'
2025-02-04 11:16:42 [main] DEBUG l.i.u.p.SubmittedApplicationsPage - Checking option: 'Bedarbiai iki 29 metų'
2025-02-04 11:16:42 [main] DEBUG l.i.u.p.SubmittedApplicationsPage - Checking option: 'Bedarbiai iki 29 metų'
2025-02-04 11:16:42 [main] DEBUG l.i.u.p.SubmittedApplicationsPage - Checking option: 'Bedarbiai, kurie yra darbingo amžiaus neįgalieji, kuriems nustatytas 30–40 procentų darbingumo lygis arba vidutinis neįgalumo lygis'
2025-02-04 11:16:42 [main] DEBUG l.i.u.p.SubmittedApplicationsPage - Checking option: 'Bedarbiai, kurie yra darbingo amžiaus neįgalieji, kuriems nustatytas 30–40 procentų darbingumo lygis arba vidutinis neįgalumo lygis'
2025-02-04 11:16:42 [main] DEBUG l.i.u.p.SubmittedApplicationsPage - Checking option: 'Bedarbiai, kurie yra darbingo amžiaus neįgalieji, kuriems nustatytas 45–55 procentų darbingumo lygis arba lengvas neįgalumo lygis'
2025-02-04 11:16:42 [main] DEBUG l.i.u.p.SubmittedApplicationsPage - Checking option: 'Bedarbiai, kurie yra darbingo amžiaus neįgalieji, kuriems nustatytas 45–55 procentų darbingumo lygis arba lengvas neįgalumo lygis'
2025-02-04 11:16:42 [main] DEBUG l.i.u.p.SubmittedApplicationsPage - Checking option: 'Bedarbiai, kurie yra darbingo amžiaus neįgalieji, kuriems nustatytas iki 25 procentų darbingumo lygis arba sunkus neįgalumo lygis'
2025-02-04 11:16:42 [main] INFO  l.i.u.p.SubmittedApplicationsPage - Successfully selected the value: 'Bedarbiai, kurie yra darbingo amžiaus neįgalieji, kuriems nustatytas iki 25 procentų darbingumo lygis arba sunkus neįgalumo lygis'
2025-02-04 11:16:42 [main] INFO  l.i.u.p.SubmittedApplicationsPage - Attempting to close the dropdown.
2025-02-04 11:16:53 [main] INFO  l.i.u.p.SubmittedApplicationsPage - Dropdown should be closed now.
2025-02-04 11:16:53 [main] DEBUG l.i.u.t.SubmittedApplicationsPageTest - Selected disabilities type: 'Bedarbiai, kurie yra darbingo amžiaus neįgalieji, kuriems nustatytas iki 25 procentų darbingumo lygis arba sunkus neįgalumo lygis'.
2025-02-04 11:16:53 [main] DEBUG l.i.u.t.SubmittedApplicationsPageTest - Entered disability information: 'Negalia 1'.
2025-02-04 11:16:53 [main] INFO  l.i.u.p.SubmittedApplicationsPage - Located the dropdown button.
2025-02-04 11:16:54 [main] INFO  l.i.u.p.SubmittedApplicationsPage - Successfully selected the value: 'Kita'
2025-02-04 11:17:04 [main] ERROR l.i.u.p.SubmittedApplicationsPage - Timeout while waiting for dropdown to close with aria-expanded = 'false'.
2025-02-04 11:17:04 [main] DEBUG l.i.u.t.SubmittedApplicationsPageTest - Selected time mode: 'Kita'.
2025-02-04 11:17:04 [main] DEBUG l.i.u.t.SubmittedApplicationsPageTest - Selected time mode other: '6 val. per dieną ir 4 d. per savaitę'.
2025-02-04 11:17:04 [main] DEBUG l.i.u.t.SubmittedApplicationsPageTest - Entered qualification: 'Kvalifikacija 1'.
2025-02-04 11:17:05 [main] DEBUG l.i.u.t.SubmittedApplicationsPageTest - Entered job date.
2025-02-04 11:17:05 [main] DEBUG l.i.u.t.SubmittedApplicationsPageTest - Entered salary amount: '1200'.
2025-02-04 11:17:05 [main] DEBUG l.i.u.t.SubmittedApplicationsPageTest - Selected 'Temporary Job' radio button.
2025-02-04 11:17:05 [main] DEBUG l.i.u.t.SubmittedApplicationsPageTest - Selected 'Season Job' radio button.
2025-02-04 11:17:05 [main] DEBUG l.i.u.t.SubmittedApplicationsPageTest - Selected 'Energy' radio button.
2025-02-04 11:17:05 [main] DEBUG l.i.u.t.SubmittedApplicationsPageTest - Selected 'Repair' radio button.
2025-02-04 11:17:05 [main] DEBUG l.i.u.t.SubmittedApplicationsPageTest - Entered job description: 'Veikla 1'.
2025-02-04 11:17:06 [main] DEBUG l.i.u.t.SubmittedApplicationsPageTest - Entered process description: 'Procesas 1'.
2025-02-04 11:17:06 [main] DEBUG l.i.u.t.SubmittedApplicationsPageTest - Entered energy information: 'Energija 1'.
2025-02-04 11:17:06 [main] DEBUG l.i.u.t.SubmittedApplicationsPageTest - Entered repair information: 'Remontas 1'.
2025-02-04 11:17:06 [main] DEBUG l.i.u.t.SubmittedApplicationsPageTest - Selected 'PVM' radio button.
2025-02-04 11:17:06 [main] INFO  l.i.u.p.SubmittedApplicationsPage - Located the dropdown button.
2025-02-04 11:17:07 [main] INFO  l.i.u.p.SubmittedApplicationsPage - Successfully selected the value: 'Įsigyti'
2025-02-04 11:17:27 [main] ERROR l.i.u.p.SubmittedApplicationsPage - Timeout while waiting for dropdown to close with aria-expanded = 'false'.
2025-02-04 11:17:27 [main] DEBUG l.i.u.t.SubmittedApplicationsPageTest - Selected necessary for job: 'Įsigyti'.
2025-02-04 11:17:27 [main] DEBUG l.i.u.t.SubmittedApplicationsPageTest - Selected tool: 'Darbo priemonė 1'.
2025-02-04 11:17:28 [main] DEBUG l.i.u.t.SubmittedApplicationsPageTest - Selected tool parameter one: 'Darbo priemonės 1 parametras 1'.
2025-02-04 11:17:28 [main] DEBUG l.i.u.t.SubmittedApplicationsPageTest - Selected tool parameter two: 'Darbo priemonės 1 parametras 2'.
2025-02-04 11:17:28 [main] DEBUG l.i.u.t.SubmittedApplicationsPageTest - Selected tool parameter three: 'Darbo priemonės 1 parametras 3'.
2025-02-04 11:17:28 [main] DEBUG l.i.u.t.SubmittedApplicationsPageTest - Entered tool count: '1'.
2025-02-04 11:17:28 [main] DEBUG l.i.u.t.SubmittedApplicationsPageTest - Entered price amount: '1000'.
2025-02-04 11:17:28 [main] DEBUG l.i.u.t.SubmittedApplicationsPageTest - Entered own funds amount: '800'.
2025-02-04 11:17:29 [main] DEBUG l.i.u.t.SubmittedApplicationsPageTest - Entered country percentage: '50'.
2025-02-04 11:17:29 [main] DEBUG l.i.u.t.SubmittedApplicationsPageTest - Entered institution percentage: '50'.
2025-02-04 11:17:29 [main] DEBUG l.i.u.t.SubmittedApplicationsPageTest - Entered municipality percentage: '50'.
2025-02-04 11:17:29 [main] DEBUG l.i.u.t.SubmittedApplicationsPageTest - Selected 'De Minimis' radio button.
2025-02-04 11:17:29 [main] DEBUG l.i.u.t.SubmittedApplicationsPageTest - Entered program name: 'Programa 1'.
2025-02-04 11:17:29 [main] DEBUG l.i.u.t.SubmittedApplicationsPageTest - Entered project date from.
2025-02-04 11:17:30 [main] DEBUG l.i.u.t.SubmittedApplicationsPageTest - Entered project date until.
2025-02-04 11:17:30 [main] DEBUG l.i.u.t.SubmittedApplicationsPageTest - Entered support amount: '2000'.
2025-02-04 11:17:30 [main] DEBUG l.i.u.t.SubmittedApplicationsPageTest - Clicked 'Next' button.
2025-02-04 11:17:40 [main] DEBUG l.i.u.t.SubmittedApplicationsPageTest - Checked 'Legal Entities' checkbox 1.
2025-02-04 11:17:50 [main] DEBUG l.i.u.t.SubmittedApplicationsPageTest - Checked 'Legal Entities' checkbox 2.
2025-02-04 11:18:00 [main] DEBUG l.i.u.t.SubmittedApplicationsPageTest - Checked 'Legal Entities' checkbox 3.
2025-02-04 11:18:00 [main] DEBUG l.i.u.t.SubmittedApplicationsPageTest - Test finished: All 'Legal Entities' checkboxes checked successfully.
2025-02-04 11:18:00 [main] DEBUG l.i.u.t.SubmittedApplicationsPageTest - Clicked 'Next' button after checkboxes.
2025-02-04 11:18:11 [main] ERROR l.i.u.p.SubmittedApplicationsPage - Error selecting radio button: Expected condition failed: waiting for element to be clickable: By.xpath: (//input[@type='radio' and @value='false'])[8] (tried for 10 second(s) with 500 milliseconds interval)
Build info: version: '4.27.0', revision: 'd6e718d134'
System info: os.name: 'Windows 11', os.arch: 'amd64', os.version: '10.0', java.version: '21.0.3'
Driver info: org.openqa.selenium.chrome.ChromeDriver
Capabilities {acceptInsecureCerts: false, browserName: chrome, browserVersion: 132.0.6834.160, chrome: {chromedriverVersion: 132.0.6834.159 (2d77d3fc445..., userDataDir: C:\Users\INGRID~1.ZAD\AppDa...}, fedcm:accounts: true, goog:chromeOptions: {debuggerAddress: localhost:63651}, networkConnectionEnabled: false, pageLoadStrategy: normal, platformName: windows, proxy: Proxy(), se:cdp: ws://localhost:63651/devtoo..., se:cdpVersion: 132.0.6834.160, setWindowRect: true, strictFileInteractability: false, timeouts: {implicit: 0, pageLoad: 300000, script: 30000}, unhandledPromptBehavior: dismiss and notify, webauthn:extension:credBlob: true, webauthn:extension:largeBlob: true, webauthn:extension:minPinLength: true, webauthn:extension:prf: true, webauthn:virtualAuthenticators: true}
Session ID: ab76c601082d3f5ac367d5ff7ae4e484
2025-02-04 11:18:11 [main] INFO  l.i.u.t.SubmittedApplicationsPageTest - Marking 'Ne' radio button 1
2025-02-04 11:18:21 [main] ERROR l.i.u.p.SubmittedApplicationsPage - Error selecting radio button: Expected condition failed: waiting for element to be clickable: By.xpath: (//input[@type='radio' and @value='false'])[9] (tried for 10 second(s) with 500 milliseconds interval)
Build info: version: '4.27.0', revision: 'd6e718d134'
System info: os.name: 'Windows 11', os.arch: 'amd64', os.version: '10.0', java.version: '21.0.3'
Driver info: org.openqa.selenium.chrome.ChromeDriver
Capabilities {acceptInsecureCerts: false, browserName: chrome, browserVersion: 132.0.6834.160, chrome: {chromedriverVersion: 132.0.6834.159 (2d77d3fc445..., userDataDir: C:\Users\INGRID~1.ZAD\AppDa...}, fedcm:accounts: true, goog:chromeOptions: {debuggerAddress: localhost:63651}, networkConnectionEnabled: false, pageLoadStrategy: normal, platformName: windows, proxy: Proxy(), se:cdp: ws://localhost:63651/devtoo..., se:cdpVersion: 132.0.6834.160, setWindowRect: true, strictFileInteractability: false, timeouts: {implicit: 0, pageLoad: 300000, script: 30000}, unhandledPromptBehavior: dismiss and notify, webauthn:extension:credBlob: true, webauthn:extension:largeBlob: true, webauthn:extension:minPinLength: true, webauthn:extension:prf: true, webauthn:virtualAuthenticators: true}
Session ID: ab76c601082d3f5ac367d5ff7ae4e484
2025-02-04 11:18:21 [main] INFO  l.i.u.t.SubmittedApplicationsPageTest - Marking 'Ne' radio button 2
2025-02-04 11:18:31 [main] ERROR l.i.u.p.SubmittedApplicationsPage - Error selecting radio button: Expected condition failed: waiting for element to be clickable: By.xpath: (//input[@type='radio' and @value='false'])[10] (tried for 10 second(s) with 500 milliseconds interval)
Build info: version: '4.27.0', revision: 'd6e718d134'
System info: os.name: 'Windows 11', os.arch: 'amd64', os.version: '10.0', java.version: '21.0.3'
Driver info: org.openqa.selenium.chrome.ChromeDriver
Capabilities {acceptInsecureCerts: false, browserName: chrome, browserVersion: 132.0.6834.160, chrome: {chromedriverVersion: 132.0.6834.159 (2d77d3fc445..., userDataDir: C:\Users\INGRID~1.ZAD\AppDa...}, fedcm:accounts: true, goog:chromeOptions: {debuggerAddress: localhost:63651}, networkConnectionEnabled: false, pageLoadStrategy: normal, platformName: windows, proxy: Proxy(), se:cdp: ws://localhost:63651/devtoo..., se:cdpVersion: 132.0.6834.160, setWindowRect: true, strictFileInteractability: false, timeouts: {implicit: 0, pageLoad: 300000, script: 30000}, unhandledPromptBehavior: dismiss and notify, webauthn:extension:credBlob: true, webauthn:extension:largeBlob: true, webauthn:extension:minPinLength: true, webauthn:extension:prf: true, webauthn:virtualAuthenticators: true}
Session ID: ab76c601082d3f5ac367d5ff7ae4e484
2025-02-04 11:18:31 [main] INFO  l.i.u.t.SubmittedApplicationsPageTest - Marking 'Ne' radio button 3
2025-02-04 11:18:41 [main] ERROR l.i.u.p.SubmittedApplicationsPage - Error selecting radio button: Expected condition failed: waiting for element to be clickable: By.xpath: (//input[@type='radio' and @value='false'])[11] (tried for 10 second(s) with 500 milliseconds interval)
Build info: version: '4.27.0', revision: 'd6e718d134'
System info: os.name: 'Windows 11', os.arch: 'amd64', os.version: '10.0', java.version: '21.0.3'
Driver info: org.openqa.selenium.chrome.ChromeDriver
Capabilities {acceptInsecureCerts: false, browserName: chrome, browserVersion: 132.0.6834.160, chrome: {chromedriverVersion: 132.0.6834.159 (2d77d3fc445..., userDataDir: C:\Users\INGRID~1.ZAD\AppDa...}, fedcm:accounts: true, goog:chromeOptions: {debuggerAddress: localhost:63651}, networkConnectionEnabled: false, pageLoadStrategy: normal, platformName: windows, proxy: Proxy(), se:cdp: ws://localhost:63651/devtoo..., se:cdpVersion: 132.0.6834.160, setWindowRect: true, strictFileInteractability: false, timeouts: {implicit: 0, pageLoad: 300000, script: 30000}, unhandledPromptBehavior: dismiss and notify, webauthn:extension:credBlob: true, webauthn:extension:largeBlob: true, webauthn:extension:minPinLength: true, webauthn:extension:prf: true, webauthn:virtualAuthenticators: true}
Session ID: ab76c601082d3f5ac367d5ff7ae4e484
2025-02-04 11:18:41 [main] INFO  l.i.u.t.SubmittedApplicationsPageTest - Marking 'Ne' radio button 4
2025-02-04 11:18:51 [main] ERROR l.i.u.p.SubmittedApplicationsPage - Error selecting radio button: Expected condition failed: waiting for element to be clickable: By.xpath: (//input[@type='radio' and @value='false'])[12] (tried for 10 second(s) with 500 milliseconds interval)
Build info: version: '4.27.0', revision: 'd6e718d134'
System info: os.name: 'Windows 11', os.arch: 'amd64', os.version: '10.0', java.version: '21.0.3'
Driver info: org.openqa.selenium.chrome.ChromeDriver
Capabilities {acceptInsecureCerts: false, browserName: chrome, browserVersion: 132.0.6834.160, chrome: {chromedriverVersion: 132.0.6834.159 (2d77d3fc445..., userDataDir: C:\Users\INGRID~1.ZAD\AppDa...}, fedcm:accounts: true, goog:chromeOptions: {debuggerAddress: localhost:63651}, networkConnectionEnabled: false, pageLoadStrategy: normal, platformName: windows, proxy: Proxy(), se:cdp: ws://localhost:63651/devtoo..., se:cdpVersion: 132.0.6834.160, setWindowRect: true, strictFileInteractability: false, timeouts: {implicit: 0, pageLoad: 300000, script: 30000}, unhandledPromptBehavior: dismiss and notify, webauthn:extension:credBlob: true, webauthn:extension:largeBlob: true, webauthn:extension:minPinLength: true, webauthn:extension:prf: true, webauthn:virtualAuthenticators: true}
Session ID: ab76c601082d3f5ac367d5ff7ae4e484
2025-02-04 11:18:51 [main] INFO  l.i.u.t.SubmittedApplicationsPageTest - Marking 'Ne' radio button 5
2025-02-04 11:19:01 [main] ERROR l.i.u.p.SubmittedApplicationsPage - Error selecting radio button: Expected condition failed: waiting for element to be clickable: By.xpath: (//input[@type='radio' and @value='false'])[13] (tried for 10 second(s) with 500 milliseconds interval)
Build info: version: '4.27.0', revision: 'd6e718d134'
System info: os.name: 'Windows 11', os.arch: 'amd64', os.version: '10.0', java.version: '21.0.3'
Driver info: org.openqa.selenium.chrome.ChromeDriver
Capabilities {acceptInsecureCerts: false, browserName: chrome, browserVersion: 132.0.6834.160, chrome: {chromedriverVersion: 132.0.6834.159 (2d77d3fc445..., userDataDir: C:\Users\INGRID~1.ZAD\AppDa...}, fedcm:accounts: true, goog:chromeOptions: {debuggerAddress: localhost:63651}, networkConnectionEnabled: false, pageLoadStrategy: normal, platformName: windows, proxy: Proxy(), se:cdp: ws://localhost:63651/devtoo..., se:cdpVersion: 132.0.6834.160, setWindowRect: true, strictFileInteractability: false, timeouts: {implicit: 0, pageLoad: 300000, script: 30000}, unhandledPromptBehavior: dismiss and notify, webauthn:extension:credBlob: true, webauthn:extension:largeBlob: true, webauthn:extension:minPinLength: true, webauthn:extension:prf: true, webauthn:virtualAuthenticators: true}
Session ID: ab76c601082d3f5ac367d5ff7ae4e484
2025-02-04 11:19:01 [main] INFO  l.i.u.t.SubmittedApplicationsPageTest - Marking 'Ne' radio button 6
2025-02-04 11:19:11 [main] ERROR l.i.u.p.SubmittedApplicationsPage - Error selecting radio button: Expected condition failed: waiting for element to be clickable: By.xpath: (//input[@type='radio' and @value='true'])[14] (tried for 10 second(s) with 500 milliseconds interval)
Build info: version: '4.27.0', revision: 'd6e718d134'
System info: os.name: 'Windows 11', os.arch: 'amd64', os.version: '10.0', java.version: '21.0.3'
Driver info: org.openqa.selenium.chrome.ChromeDriver
Capabilities {acceptInsecureCerts: false, browserName: chrome, browserVersion: 132.0.6834.160, chrome: {chromedriverVersion: 132.0.6834.159 (2d77d3fc445..., userDataDir: C:\Users\INGRID~1.ZAD\AppDa...}, fedcm:accounts: true, goog:chromeOptions: {debuggerAddress: localhost:63651}, networkConnectionEnabled: false, pageLoadStrategy: normal, platformName: windows, proxy: Proxy(), se:cdp: ws://localhost:63651/devtoo..., se:cdpVersion: 132.0.6834.160, setWindowRect: true, strictFileInteractability: false, timeouts: {implicit: 0, pageLoad: 300000, script: 30000}, unhandledPromptBehavior: dismiss and notify, webauthn:extension:credBlob: true, webauthn:extension:largeBlob: true, webauthn:extension:minPinLength: true, webauthn:extension:prf: true, webauthn:virtualAuthenticators: true}
Session ID: ab76c601082d3f5ac367d5ff7ae4e484
2025-02-04 11:19:11 [main] INFO  l.i.u.t.SubmittedApplicationsPageTest - Marking 'Taip' radio button 7
2025-02-04 11:19:21 [main] ERROR l.i.u.p.SubmittedApplicationsPage - Error selecting radio button: Expected condition failed: waiting for element to be clickable: By.xpath: (//input[@type='radio' and @value='true'])[15] (tried for 10 second(s) with 500 milliseconds interval)
Build info: version: '4.27.0', revision: 'd6e718d134'
System info: os.name: 'Windows 11', os.arch: 'amd64', os.version: '10.0', java.version: '21.0.3'
Driver info: org.openqa.selenium.chrome.ChromeDriver
Capabilities {acceptInsecureCerts: false, browserName: chrome, browserVersion: 132.0.6834.160, chrome: {chromedriverVersion: 132.0.6834.159 (2d77d3fc445..., userDataDir: C:\Users\INGRID~1.ZAD\AppDa...}, fedcm:accounts: true, goog:chromeOptions: {debuggerAddress: localhost:63651}, networkConnectionEnabled: false, pageLoadStrategy: normal, platformName: windows, proxy: Proxy(), se:cdp: ws://localhost:63651/devtoo..., se:cdpVersion: 132.0.6834.160, setWindowRect: true, strictFileInteractability: false, timeouts: {implicit: 0, pageLoad: 300000, script: 30000}, unhandledPromptBehavior: dismiss and notify, webauthn:extension:credBlob: true, webauthn:extension:largeBlob: true, webauthn:extension:minPinLength: true, webauthn:extension:prf: true, webauthn:virtualAuthenticators: true}
Session ID: ab76c601082d3f5ac367d5ff7ae4e484
2025-02-04 11:19:21 [main] INFO  l.i.u.t.SubmittedApplicationsPageTest - Marking 'Taip' radio button 8
2025-02-04 11:19:32 [main] ERROR l.i.u.p.SubmittedApplicationsPage - Error selecting radio button: Expected condition failed: waiting for element to be clickable: By.xpath: (//input[@type='radio' and @value='true'])[16] (tried for 10 second(s) with 500 milliseconds interval)
Build info: version: '4.27.0', revision: 'd6e718d134'
System info: os.name: 'Windows 11', os.arch: 'amd64', os.version: '10.0', java.version: '21.0.3'
Driver info: org.openqa.selenium.chrome.ChromeDriver
Capabilities {acceptInsecureCerts: false, browserName: chrome, browserVersion: 132.0.6834.160, chrome: {chromedriverVersion: 132.0.6834.159 (2d77d3fc445..., userDataDir: C:\Users\INGRID~1.ZAD\AppDa...}, fedcm:accounts: true, goog:chromeOptions: {debuggerAddress: localhost:63651}, networkConnectionEnabled: false, pageLoadStrategy: normal, platformName: windows, proxy: Proxy(), se:cdp: ws://localhost:63651/devtoo..., se:cdpVersion: 132.0.6834.160, setWindowRect: true, strictFileInteractability: false, timeouts: {implicit: 0, pageLoad: 300000, script: 30000}, unhandledPromptBehavior: dismiss and notify, webauthn:extension:credBlob: true, webauthn:extension:largeBlob: true, webauthn:extension:minPinLength: true, webauthn:extension:prf: true, webauthn:virtualAuthenticators: true}
Session ID: ab76c601082d3f5ac367d5ff7ae4e484
2025-02-04 11:19:32 [main] INFO  l.i.u.t.SubmittedApplicationsPageTest - Marking 'Taip' radio button 9
2025-02-04 11:19:42 [main] ERROR l.i.u.p.SubmittedApplicationsPage - Error selecting radio button: Expected condition failed: waiting for element to be clickable: By.xpath: (//input[@type='radio' and @value='true'])[17] (tried for 10 second(s) with 500 milliseconds interval)
Build info: version: '4.27.0', revision: 'd6e718d134'
System info: os.name: 'Windows 11', os.arch: 'amd64', os.version: '10.0', java.version: '21.0.3'
Driver info: org.openqa.selenium.chrome.ChromeDriver
Capabilities {acceptInsecureCerts: false, browserName: chrome, browserVersion: 132.0.6834.160, chrome: {chromedriverVersion: 132.0.6834.159 (2d77d3fc445..., userDataDir: C:\Users\INGRID~1.ZAD\AppDa...}, fedcm:accounts: true, goog:chromeOptions: {debuggerAddress: localhost:63651}, networkConnectionEnabled: false, pageLoadStrategy: normal, platformName: windows, proxy: Proxy(), se:cdp: ws://localhost:63651/devtoo..., se:cdpVersion: 132.0.6834.160, setWindowRect: true, strictFileInteractability: false, timeouts: {implicit: 0, pageLoad: 300000, script: 30000}, unhandledPromptBehavior: dismiss and notify, webauthn:extension:credBlob: true, webauthn:extension:largeBlob: true, webauthn:extension:minPinLength: true, webauthn:extension:prf: true, webauthn:virtualAuthenticators: true}
Session ID: ab76c601082d3f5ac367d5ff7ae4e484
2025-02-04 11:19:42 [main] INFO  l.i.u.t.SubmittedApplicationsPageTest - Marking 'Taip' radio button 10
2025-02-04 11:19:52 [main] ERROR l.i.u.p.SubmittedApplicationsPage - Error selecting radio button: Expected condition failed: waiting for element to be clickable: By.xpath: (//input[@type='radio' and @value='true'])[18] (tried for 10 second(s) with 500 milliseconds interval)
Build info: version: '4.27.0', revision: 'd6e718d134'
System info: os.name: 'Windows 11', os.arch: 'amd64', os.version: '10.0', java.version: '21.0.3'
Driver info: org.openqa.selenium.chrome.ChromeDriver
Capabilities {acceptInsecureCerts: false, browserName: chrome, browserVersion: 132.0.6834.160, chrome: {chromedriverVersion: 132.0.6834.159 (2d77d3fc445..., userDataDir: C:\Users\INGRID~1.ZAD\AppDa...}, fedcm:accounts: true, goog:chromeOptions: {debuggerAddress: localhost:63651}, networkConnectionEnabled: false, pageLoadStrategy: normal, platformName: windows, proxy: Proxy(), se:cdp: ws://localhost:63651/devtoo..., se:cdpVersion: 132.0.6834.160, setWindowRect: true, strictFileInteractability: false, timeouts: {implicit: 0, pageLoad: 300000, script: 30000}, unhandledPromptBehavior: dismiss and notify, webauthn:extension:credBlob: true, webauthn:extension:largeBlob: true, webauthn:extension:minPinLength: true, webauthn:extension:prf: true, webauthn:virtualAuthenticators: true}
Session ID: ab76c601082d3f5ac367d5ff7ae4e484
2025-02-04 11:19:52 [main] INFO  l.i.u.t.SubmittedApplicationsPageTest - Marking 'Taip' radio button 11
2025-02-04 11:20:02 [main] ERROR l.i.u.p.SubmittedApplicationsPage - Error selecting radio button: Expected condition failed: waiting for element to be clickable: By.xpath: (//input[@type='radio' and @value='true'])[19] (tried for 10 second(s) with 500 milliseconds interval)
Build info: version: '4.27.0', revision: 'd6e718d134'
System info: os.name: 'Windows 11', os.arch: 'amd64', os.version: '10.0', java.version: '21.0.3'
Driver info: org.openqa.selenium.chrome.ChromeDriver
Capabilities {acceptInsecureCerts: false, browserName: chrome, browserVersion: 132.0.6834.160, chrome: {chromedriverVersion: 132.0.6834.159 (2d77d3fc445..., userDataDir: C:\Users\INGRID~1.ZAD\AppDa...}, fedcm:accounts: true, goog:chromeOptions: {debuggerAddress: localhost:63651}, networkConnectionEnabled: false, pageLoadStrategy: normal, platformName: windows, proxy: Proxy(), se:cdp: ws://localhost:63651/devtoo..., se:cdpVersion: 132.0.6834.160, setWindowRect: true, strictFileInteractability: false, timeouts: {implicit: 0, pageLoad: 300000, script: 30000}, unhandledPromptBehavior: dismiss and notify, webauthn:extension:credBlob: true, webauthn:extension:largeBlob: true, webauthn:extension:minPinLength: true, webauthn:extension:prf: true, webauthn:virtualAuthenticators: true}
Session ID: ab76c601082d3f5ac367d5ff7ae4e484
2025-02-04 11:20:02 [main] INFO  l.i.u.t.SubmittedApplicationsPageTest - Marking 'Taip' radio button 12
2025-02-04 11:20:12 [main] DEBUG l.i.u.t.SubmittedApplicationsPageTest - Checked 'ConfirmationStepFour'
2025-02-04 11:20:12 [main] DEBUG l.i.u.t.SubmittedApplicationsPageTest - Clicked 'Next' button after checkboxes.
2025-02-04 11:20:12 [main] INFO  l.i.u.p.SubmittedApplicationsPage - File uploaded successfully to an input element.
2025-02-04 11:20:12 [main] INFO  l.i.u.p.SubmittedApplicationsPage - File uploaded successfully to an input element.
2025-02-04 11:20:12 [main] INFO  l.i.u.p.SubmittedApplicationsPage - File uploaded successfully to an input element.
2025-02-04 11:20:12 [main] INFO  l.i.u.p.SubmittedApplicationsPage - File uploaded successfully to an input element.
2025-02-04 11:20:12 [main] INFO  l.i.u.p.SubmittedApplicationsPage - File uploaded successfully to an input element.
2025-02-04 11:20:12 [main] INFO  l.i.u.p.SubmittedApplicationsPage - File uploaded successfully to an input element.
2025-02-04 11:20:13 [main] INFO  l.i.u.p.SubmittedApplicationsPage - File uploaded successfully to an input element.
2025-02-04 11:20:13 [main] INFO  l.i.u.p.SubmittedApplicationsPage - File uploaded successfully to an input element.
2025-02-04 11:20:23 [main] ERROR l.i.u.t.SubmittedApplicationsPageTest - Test 'testFillNewApplication' failed with error: element not interactable
  (Session info: chrome=132.0.6834.160)
Build info: version: '4.27.0', revision: 'd6e718d134'
System info: os.name: 'Windows 11', os.arch: 'amd64', os.version: '10.0', java.version: '21.0.3'
Driver info: org.openqa.selenium.chrome.ChromeDriver
Command: [ab76c601082d3f5ac367d5ff7ae4e484, clearElement {id=f.679692C7505FC738CD092B7FA3F6AD62.d.E883B7100438E963E50FFE2750CB0EFB.e.2251}]
Capabilities {acceptInsecureCerts: false, browserName: chrome, browserVersion: 132.0.6834.160, chrome: {chromedriverVersion: 132.0.6834.159 (2d77d3fc445..., userDataDir: C:\Users\INGRID~1.ZAD\AppDa...}, fedcm:accounts: true, goog:chromeOptions: {debuggerAddress: localhost:63651}, networkConnectionEnabled: false, pageLoadStrategy: normal, platformName: windows, proxy: Proxy(), se:cdp: ws://localhost:63651/devtoo..., se:cdpVersion: 132.0.6834.160, setWindowRect: true, strictFileInteractability: false, timeouts: {implicit: 0, pageLoad: 300000, script: 30000}, unhandledPromptBehavior: dismiss and notify, webauthn:extension:credBlob: true, webauthn:extension:largeBlob: true, webauthn:extension:minPinLength: true, webauthn:extension:prf: true, webauthn:virtualAuthenticators: true}
Element: [[ChromeDriver: chrome on windows (ab76c601082d3f5ac367d5ff7ae4e484)] -> xpath: //mat-form-field[contains(.//label, 'Projekto ir finansuojančios programos pavadinimas')]//input]
Session ID: ab76c601082d3f5ac367d5ff7ae4e484
org.openqa.selenium.ElementNotInteractableException: element not interactable
  (Session info: chrome=132.0.6834.160)
Build info: version: '4.27.0', revision: 'd6e718d134'
System info: os.name: 'Windows 11', os.arch: 'amd64', os.version: '10.0', java.version: '21.0.3'
Driver info: org.openqa.selenium.chrome.ChromeDriver
Command: [ab76c601082d3f5ac367d5ff7ae4e484, clearElement {id=f.679692C7505FC738CD092B7FA3F6AD62.d.E883B7100438E963E50FFE2750CB0EFB.e.2251}]
Capabilities {acceptInsecureCerts: false, browserName: chrome, browserVersion: 132.0.6834.160, chrome: {chromedriverVersion: 132.0.6834.159 (2d77d3fc445..., userDataDir: C:\Users\INGRID~1.ZAD\AppDa...}, fedcm:accounts: true, goog:chromeOptions: {debuggerAddress: localhost:63651}, networkConnectionEnabled: false, pageLoadStrategy: normal, platformName: windows, proxy: Proxy(), se:cdp: ws://localhost:63651/devtoo..., se:cdpVersion: 132.0.6834.160, setWindowRect: true, strictFileInteractability: false, timeouts: {implicit: 0, pageLoad: 300000, script: 30000}, unhandledPromptBehavior: dismiss and notify, webauthn:extension:credBlob: true, webauthn:extension:largeBlob: true, webauthn:extension:minPinLength: true, webauthn:extension:prf: true, webauthn:virtualAuthenticators: true}
Element: [[ChromeDriver: chrome on windows (ab76c601082d3f5ac367d5ff7ae4e484)] -> xpath: //mat-form-field[contains(.//label, 'Projekto ir finansuojančios programos pavadinimas')]//input]
Session ID: ab76c601082d3f5ac367d5ff7ae4e484
	at java.base/jdk.internal.reflect.DirectConstructorHandleAccessor.newInstance(DirectConstructorHandleAccessor.java:62)
	at java.base/java.lang.reflect.Constructor.newInstanceWithCaller(Constructor.java:502)
	at java.base/java.lang.reflect.Constructor.newInstance(Constructor.java:486)
	at org.openqa.selenium.remote.ErrorCodec.decode(ErrorCodec.java:167)
	at org.openqa.selenium.remote.codec.w3c.W3CHttpResponseCodec.decode(W3CHttpResponseCodec.java:138)
	at org.openqa.selenium.remote.codec.w3c.W3CHttpResponseCodec.decode(W3CHttpResponseCodec.java:50)
	at org.openqa.selenium.remote.HttpCommandExecutor.execute(HttpCommandExecutor.java:190)
	at org.openqa.selenium.remote.service.DriverCommandExecutor.invokeExecute(DriverCommandExecutor.java:216)
	at org.openqa.selenium.remote.service.DriverCommandExecutor.execute(DriverCommandExecutor.java:174)
	at org.openqa.selenium.remote.RemoteWebDriver.execute(RemoteWebDriver.java:545)
	at org.openqa.selenium.remote.RemoteWebElement.execute(RemoteWebElement.java:223)
	at org.openqa.selenium.remote.RemoteWebElement.clear(RemoteWebElement.java:129)
	at java.base/jdk.internal.reflect.DirectMethodHandleAccessor.invoke(DirectMethodHandleAccessor.java:103)
	at java.base/java.lang.reflect.Method.invoke(Method.java:580)
	at org.openqa.selenium.support.pagefactory.internal.LocatingElementHandler.invoke(LocatingElementHandler.java:51)
	at jdk.proxy2/jdk.proxy2.$Proxy14.clear(Unknown Source)
	at lt.insoft.uztis.pages.SubmittedApplicationsPage.enterProgramName(SubmittedApplicationsPage.java:685)
	at lt.insoft.uztis.tests.SubmittedApplicationsPageTest.testFillNewApplication(SubmittedApplicationsPageTest.java:368)
	at java.base/jdk.internal.reflect.DirectMethodHandleAccessor.invoke(DirectMethodHandleAccessor.java:103)
	at java.base/java.lang.reflect.Method.invoke(Method.java:580)
	at org.junit.platform.commons.util.ReflectionUtils.invokeMethod(ReflectionUtils.java:728)
	at org.junit.jupiter.engine.execution.MethodInvocation.proceed(MethodInvocation.java:60)
	at org.junit.jupiter.engine.execution.InvocationInterceptorChain$ValidatingInvocation.proceed(InvocationInterceptorChain.java:131)
	at org.junit.jupiter.engine.extension.TimeoutExtension.intercept(TimeoutExtension.java:156)
	at org.junit.jupiter.engine.extension.TimeoutExtension.interceptTestableMethod(TimeoutExtension.java:147)
	at org.junit.jupiter.engine.extension.TimeoutExtension.interceptTestMethod(TimeoutExtension.java:86)
	at org.junit.jupiter.engine.execution.InterceptingExecutableInvoker$ReflectiveInterceptorCall.lambda$ofVoidMethod$0(InterceptingExecutableInvoker.java:103)
	at org.junit.jupiter.engine.execution.InterceptingExecutableInvoker.lambda$invoke$0(InterceptingExecutableInvoker.java:93)
	at org.junit.jupiter.engine.execution.InvocationInterceptorChain$InterceptedInvocation.proceed(InvocationInterceptorChain.java:106)
	at org.junit.jupiter.engine.execution.InvocationInterceptorChain.proceed(InvocationInterceptorChain.java:64)
	at org.junit.jupiter.engine.execution.InvocationInterceptorChain.chainAndInvoke(InvocationInterceptorChain.java:45)
	at org.junit.jupiter.engine.execution.InvocationInterceptorChain.invoke(InvocationInterceptorChain.java:37)
	at org.junit.jupiter.engine.execution.InterceptingExecutableInvoker.invoke(InterceptingExecutableInvoker.java:92)
	at org.junit.jupiter.engine.execution.InterceptingExecutableInvoker.invoke(InterceptingExecutableInvoker.java:86)
	at org.junit.jupiter.engine.descriptor.TestMethodTestDescriptor.lambda$invokeTestMethod$7(TestMethodTestDescriptor.java:218)
	at org.junit.platform.engine.support.hierarchical.ThrowableCollector.execute(ThrowableCollector.java:73)
	at org.junit.jupiter.engine.descriptor.TestMethodTestDescriptor.invokeTestMethod(TestMethodTestDescriptor.java:214)
	at org.junit.jupiter.engine.descriptor.TestMethodTestDescriptor.execute(TestMethodTestDescriptor.java:139)
	at org.junit.jupiter.engine.descriptor.TestMethodTestDescriptor.execute(TestMethodTestDescriptor.java:69)
	at org.junit.platform.engine.support.hierarchical.NodeTestTask.lambda$executeRecursively$6(NodeTestTask.java:151)
	at org.junit.platform.engine.support.hierarchical.ThrowableCollector.execute(ThrowableCollector.java:73)
	at org.junit.platform.engine.support.hierarchical.NodeTestTask.lambda$executeRecursively$8(NodeTestTask.java:141)
	at org.junit.platform.engine.support.hierarchical.Node.around(Node.java:137)
	at org.junit.platform.engine.support.hierarchical.NodeTestTask.lambda$executeRecursively$9(NodeTestTask.java:139)
	at org.junit.platform.engine.support.hierarchical.ThrowableCollector.execute(ThrowableCollector.java:73)
	at org.junit.platform.engine.support.hierarchical.NodeTestTask.executeRecursively(NodeTestTask.java:138)
	at org.junit.platform.engine.support.hierarchical.NodeTestTask.execute(NodeTestTask.java:95)
	at java.base/java.util.ArrayList.forEach(ArrayList.java:1596)
	at org.junit.platform.engine.support.hierarchical.SameThreadHierarchicalTestExecutorService.invokeAll(SameThreadHierarchicalTestExecutorService.java:41)
	at org.junit.platform.engine.support.hierarchical.NodeTestTask.lambda$executeRecursively$6(NodeTestTask.java:155)
	at org.junit.platform.engine.support.hierarchical.ThrowableCollector.execute(ThrowableCollector.java:73)
	at org.junit.platform.engine.support.hierarchical.NodeTestTask.lambda$executeRecursively$8(NodeTestTask.java:141)
	at org.junit.platform.engine.support.hierarchical.Node.around(Node.java:137)
	at org.junit.platform.engine.support.hierarchical.NodeTestTask.lambda$executeRecursively$9(NodeTestTask.java:139)
	at org.junit.platform.engine.support.hierarchical.ThrowableCollector.execute(ThrowableCollector.java:73)
	at org.junit.platform.engine.support.hierarchical.NodeTestTask.executeRecursively(NodeTestTask.java:138)
	at org.junit.platform.engine.support.hierarchical.NodeTestTask.execute(NodeTestTask.java:95)
	at java.base/java.util.ArrayList.forEach(ArrayList.java:1596)
	at org.junit.platform.engine.support.hierarchical.SameThreadHierarchicalTestExecutorService.invokeAll(SameThreadHierarchicalTestExecutorService.java:41)
	at org.junit.platform.engine.support.hierarchical.NodeTestTask.lambda$executeRecursively$6(NodeTestTask.java:155)
	at org.junit.platform.engine.support.hierarchical.ThrowableCollector.execute(ThrowableCollector.java:73)
	at org.junit.platform.engine.support.hierarchical.NodeTestTask.lambda$executeRecursively$8(NodeTestTask.java:141)
	at org.junit.platform.engine.support.hierarchical.Node.around(Node.java:137)
	at org.junit.platform.engine.support.hierarchical.NodeTestTask.lambda$executeRecursively$9(NodeTestTask.java:139)
	at org.junit.platform.engine.support.hierarchical.ThrowableCollector.execute(ThrowableCollector.java:73)
	at org.junit.platform.engine.support.hierarchical.NodeTestTask.executeRecursively(NodeTestTask.java:138)
	at org.junit.platform.engine.support.hierarchical.NodeTestTask.execute(NodeTestTask.java:95)
	at org.junit.platform.engine.support.hierarchical.SameThreadHierarchicalTestExecutorService.submit(SameThreadHierarchicalTestExecutorService.java:35)
	at org.junit.platform.engine.support.hierarchical.HierarchicalTestExecutor.execute(HierarchicalTestExecutor.java:57)
	at org.junit.platform.engine.support.hierarchical.HierarchicalTestEngine.execute(HierarchicalTestEngine.java:54)
	at org.junit.platform.launcher.core.EngineExecutionOrchestrator.execute(EngineExecutionOrchestrator.java:198)
	at org.junit.platform.launcher.core.EngineExecutionOrchestrator.execute(EngineExecutionOrchestrator.java:169)
	at org.junit.platform.launcher.core.EngineExecutionOrchestrator.execute(EngineExecutionOrchestrator.java:93)
	at org.junit.platform.launcher.core.EngineExecutionOrchestrator.lambda$execute$0(EngineExecutionOrchestrator.java:58)
	at org.junit.platform.launcher.core.EngineExecutionOrchestrator.withInterceptedStreams(EngineExecutionOrchestrator.java:141)
	at org.junit.platform.launcher.core.EngineExecutionOrchestrator.execute(EngineExecutionOrchestrator.java:57)
	at org.junit.platform.launcher.core.DefaultLauncher.execute(DefaultLauncher.java:103)
	at org.junit.platform.launcher.core.DefaultLauncher.execute(DefaultLauncher.java:85)
	at org.junit.platform.launcher.core.DelegatingLauncher.execute(DelegatingLauncher.java:47)
	at org.junit.platform.launcher.core.SessionPerRequestLauncher.execute(SessionPerRequestLauncher.java:63)
	at com.intellij.junit5.JUnit5IdeaTestRunner.startRunnerWithArgs(JUnit5IdeaTestRunner.java:57)
	at com.intellij.rt.junit.IdeaTestRunner$Repeater$1.execute(IdeaTestRunner.java:38)
	at com.intellij.rt.execution.junit.TestsRepeater.repeat(TestsRepeater.java:11)
	at com.intellij.rt.junit.IdeaTestRunner$Repeater.startRunnerWithArgs(IdeaTestRunner.java:35)
	at com.intellij.rt.junit.JUnitStarter.prepareStreamsAndStart(JUnitStarter.java:232)
	at com.intellij.rt.junit.JUnitStarter.main(JUnitStarter.java:55)
2025-02-04 11:20:23 [main] INFO  l.insoft.uztis.tests.utils.TestUtils - Screenshot moved to C:\Users\ingrida.zadorozniene\Desktop\Asm\UZTIS\UZTIS_tests\test-output\screenshots\20250204\112023340_testFillNewApplication().png
2025-02-04 11:22:25 [main] INFO  lt.insoft.uztis.tests.UztisPageTest - Navigated to https://uztisdev.asseco.lt/home
2025-02-04 11:22:25 [main] INFO  l.i.u.t.SubmittedApplicationsPageTest - Starting test:'testFillNewApplication'
2025-02-04 11:22:25 [main] DEBUG l.i.u.t.SubmittedApplicationsPageTest - User logged in with test credentials.
2025-02-04 11:22:26 [main] DEBUG l.i.u.t.SubmittedApplicationsPageTest - Opened 'Application Processing' menu.
2025-02-04 11:22:26 [main] DEBUG l.i.u.t.SubmittedApplicationsPageTest - Clicked on 'Application Forms' menu.
2025-02-04 11:22:26 [main] DEBUG l.i.u.t.SubmittedApplicationsPageTest - Retrieved last description code text: 'TST-VUI-27'.
2025-02-04 11:22:26 [main] DEBUG l.i.u.t.SubmittedApplicationsPageTest - Clicked on 'Invitation' menu.
2025-02-04 11:22:27 [main] DEBUG l.i.u.t.SubmittedApplicationsPageTest - Selected application section by code: 'TST-VUI-27'.
2025-02-04 11:22:27 [main] DEBUG l.i.u.t.SubmittedApplicationsPageTest - Clicked 'Search' button.
2025-02-04 11:22:27 [main] DEBUG l.i.u.t.SubmittedApplicationsPageTest - Retrieved invitation code: ''.
2025-02-04 11:22:27 [main] DEBUG l.i.u.t.SubmittedApplicationsPageTest - Clicked on 'Submitted Applications' menu.
2025-02-04 11:22:28 [main] DEBUG l.i.u.t.SubmittedApplicationsPageTest - Selected invitation by code: 'TST-VUI-27'.
2025-02-04 11:22:28 [main] DEBUG l.i.u.t.SubmittedApplicationsPageTest - Invitation code inserted.
2025-02-04 11:22:28 [main] DEBUG l.i.u.t.SubmittedApplicationsPageTest - Clicked on 'Action Application' button.
2025-02-04 11:22:29 [main] DEBUG l.i.u.t.SubmittedApplicationsPageTest - Clicked on 'New Application' button.
2025-02-04 11:22:29 [main] DEBUG l.i.u.t.SubmittedApplicationsPageTest - Selected the 'RadioButtonFA' option.
2025-02-04 11:22:29 [main] DEBUG l.i.u.t.SubmittedApplicationsPageTest - Entered phone number: '61298745'.
2025-02-04 11:22:30 [main] DEBUG l.i.u.t.SubmittedApplicationsPageTest - Entered email: 'test@autotest.com'.
2025-02-04 11:22:30 [main] INFO  l.i.u.p.SubmittedApplicationsPage - Located the dropdown button.
2025-02-04 11:22:47 [main] INFO  l.i.u.p.SubmittedApplicationsPage - Found 1741 options in the dropdown.
2025-02-04 11:22:47 [main] INFO  l.i.u.p.SubmittedApplicationsPage - Successfully selected the value: '01.11 - Grūdinių (išskyrus ryžius), ankštinių ir aliejingų sėklų augalų auginimas'
2025-02-04 11:22:57 [main] ERROR l.i.u.p.SubmittedApplicationsPage - Failed to close the dropdown with aria-expanded = 'false'. Attempting manual close.
2025-02-04 11:22:57 [main] INFO  l.i.u.p.SubmittedApplicationsPage - Manual close attempt for the dropdown using body click.
2025-02-04 11:22:57 [main] DEBUG l.i.u.t.SubmittedApplicationsPageTest - Selected EVRK value: '01.11 - Grūdinių (išskyrus ryžius), ankštinių ir aliejingų sėklų augalų auginimas'.
2025-02-04 11:22:58 [main] DEBUG l.i.u.t.SubmittedApplicationsPageTest - Entered address: 'Vilniaus m. sav., Vilnius, Testo g. 10T'.
2025-02-04 11:22:58 [main] DEBUG l.i.u.t.SubmittedApplicationsPageTest - Entered project date.
2025-02-04 11:22:58 [main] DEBUG l.i.u.t.SubmittedApplicationsPageTest - Entered job count: '1'.
2025-02-04 11:22:58 [main] DEBUG l.i.u.t.SubmittedApplicationsPageTest - Clicked 'Next' button.
2025-02-04 11:22:58 [main] INFO  l.i.u.p.SubmittedApplicationsPage - Located the dropdown button.
2025-02-04 11:22:59 [main] INFO  l.i.u.p.SubmittedApplicationsPage - Successfully selected the value: 'Administratoriai'
2025-02-04 11:23:30 [main] ERROR l.i.u.p.SubmittedApplicationsPage - Timeout while waiting for dropdown to close with aria-expanded = 'false'.
2025-02-04 11:23:30 [main] DEBUG l.i.u.t.SubmittedApplicationsPageTest - Selected job name: 'Administratoriai'.
2025-02-04 11:23:30 [main] DEBUG l.i.u.t.SubmittedApplicationsPageTest - Entered job function: 'Funkcija 1'.
2025-02-04 11:23:30 [main] DEBUG l.i.u.t.SubmittedApplicationsPageTest - Selected 'RadioButtonWithDisabilities' option.
2025-02-04 11:23:30 [main] INFO  l.i.u.p.SubmittedApplicationsPage - Clicking on the dropdown button.
2025-02-04 11:23:30 [main] INFO  l.i.u.p.SubmittedApplicationsPage - Found 34 options in the dropdown.
2025-02-04 11:23:30 [main] DEBUG l.i.u.p.SubmittedApplicationsPage - Checking option: 'Asmenys, kuriems suteiktas pabėgėlio statusas ar perkeliamojo asmens statusas, arba asmenys, kuriems suteikta papildoma ar laikinoji apsauga, ir asmenys, turintys teisę gauti laikinąją apsaugą, iki sprendimo dėl laikinosios apsaugos suteikimo (nesuteikimo) priėmimo, tačiau ne ilgiau kaip laikinosios apsaugos laikotarpiu'
2025-02-04 11:23:30 [main] DEBUG l.i.u.p.SubmittedApplicationsPage - Checking option: 'Asmenys, kuriems suteiktas pabėgėlio statusas ar perkeliamojo asmens statusas, arba asmenys, kuriems suteikta papildoma ar laikinoji apsauga, ir asmenys, turintys teisę gauti laikinąją apsaugą, iki sprendimo dėl laikinosios apsaugos suteikimo (nesuteikimo) priėmimo, tačiau ne ilgiau kaip laikinosios apsaugos laikotarpiu'
2025-02-04 11:23:30 [main] DEBUG l.i.u.p.SubmittedApplicationsPage - Checking option: 'Asmenys, turintys teisę į papildomas užimtumo garantijas pagal Lietuvos Respublikos valstybės įmonės Ignalinos atominės elektrinės darbuotojų papildomų užimtumo ir socialinių garantijų įstatymą'
2025-02-04 11:23:30 [main] DEBUG l.i.u.p.SubmittedApplicationsPage - Checking option: 'Asmenys, turintys teisę į papildomas užimtumo garantijas pagal Lietuvos Respublikos valstybės įmonės Ignalinos atominės elektrinės darbuotojų papildomų užimtumo ir socialinių garantijų įstatymą'
2025-02-04 11:23:30 [main] DEBUG l.i.u.p.SubmittedApplicationsPage - Checking option: 'Bedarbiai iki 29 metų'
2025-02-04 11:23:30 [main] DEBUG l.i.u.p.SubmittedApplicationsPage - Checking option: 'Bedarbiai iki 29 metų'
2025-02-04 11:23:30 [main] DEBUG l.i.u.p.SubmittedApplicationsPage - Checking option: 'Bedarbiai, kurie yra darbingo amžiaus neįgalieji, kuriems nustatytas 30–40 procentų darbingumo lygis arba vidutinis neįgalumo lygis'
2025-02-04 11:23:30 [main] DEBUG l.i.u.p.SubmittedApplicationsPage - Checking option: 'Bedarbiai, kurie yra darbingo amžiaus neįgalieji, kuriems nustatytas 30–40 procentų darbingumo lygis arba vidutinis neįgalumo lygis'
2025-02-04 11:23:30 [main] DEBUG l.i.u.p.SubmittedApplicationsPage - Checking option: 'Bedarbiai, kurie yra darbingo amžiaus neįgalieji, kuriems nustatytas 45–55 procentų darbingumo lygis arba lengvas neįgalumo lygis'
2025-02-04 11:23:30 [main] DEBUG l.i.u.p.SubmittedApplicationsPage - Checking option: 'Bedarbiai, kurie yra darbingo amžiaus neįgalieji, kuriems nustatytas 45–55 procentų darbingumo lygis arba lengvas neįgalumo lygis'
2025-02-04 11:23:30 [main] DEBUG l.i.u.p.SubmittedApplicationsPage - Checking option: 'Bedarbiai, kurie yra darbingo amžiaus neįgalieji, kuriems nustatytas iki 25 procentų darbingumo lygis arba sunkus neįgalumo lygis'
2025-02-04 11:23:31 [main] INFO  l.i.u.p.SubmittedApplicationsPage - Successfully selected the value: 'Bedarbiai, kurie yra darbingo amžiaus neįgalieji, kuriems nustatytas iki 25 procentų darbingumo lygis arba sunkus neįgalumo lygis'
2025-02-04 11:23:31 [main] INFO  l.i.u.p.SubmittedApplicationsPage - Attempting to close the dropdown.
2025-02-04 11:23:41 [main] INFO  l.i.u.p.SubmittedApplicationsPage - Dropdown should be closed now.
2025-02-04 11:23:41 [main] DEBUG l.i.u.t.SubmittedApplicationsPageTest - Selected disabilities type: 'Bedarbiai, kurie yra darbingo amžiaus neįgalieji, kuriems nustatytas iki 25 procentų darbingumo lygis arba sunkus neįgalumo lygis'.
2025-02-04 11:23:41 [main] DEBUG l.i.u.t.SubmittedApplicationsPageTest - Entered disability information: 'Negalia 1'.
2025-02-04 11:23:41 [main] INFO  l.i.u.p.SubmittedApplicationsPage - Located the dropdown button.
2025-02-04 11:23:42 [main] INFO  l.i.u.p.SubmittedApplicationsPage - Successfully selected the value: 'Kita'
2025-02-04 11:23:52 [main] ERROR l.i.u.p.SubmittedApplicationsPage - Timeout while waiting for dropdown to close with aria-expanded = 'false'.
2025-02-04 11:23:52 [main] DEBUG l.i.u.t.SubmittedApplicationsPageTest - Selected time mode: 'Kita'.
2025-02-04 11:23:53 [main] DEBUG l.i.u.t.SubmittedApplicationsPageTest - Selected time mode other: '6 val. per dieną ir 4 d. per savaitę'.
2025-02-04 11:23:53 [main] DEBUG l.i.u.t.SubmittedApplicationsPageTest - Entered qualification: 'Kvalifikacija 1'.
2025-02-04 11:23:53 [main] DEBUG l.i.u.t.SubmittedApplicationsPageTest - Entered job date.
2025-02-04 11:23:53 [main] DEBUG l.i.u.t.SubmittedApplicationsPageTest - Entered salary amount: '1200'.
2025-02-04 11:23:53 [main] DEBUG l.i.u.t.SubmittedApplicationsPageTest - Selected 'Temporary Job' radio button.
2025-02-04 11:23:53 [main] DEBUG l.i.u.t.SubmittedApplicationsPageTest - Selected 'Season Job' radio button.
2025-02-04 11:23:54 [main] DEBUG l.i.u.t.SubmittedApplicationsPageTest - Selected 'Energy' radio button.
2025-02-04 11:23:54 [main] DEBUG l.i.u.t.SubmittedApplicationsPageTest - Selected 'Repair' radio button.
2025-02-04 11:23:54 [main] DEBUG l.i.u.t.SubmittedApplicationsPageTest - Entered job description: 'Veikla 1'.
2025-02-04 11:23:54 [main] DEBUG l.i.u.t.SubmittedApplicationsPageTest - Entered process description: 'Procesas 1'.
2025-02-04 11:23:54 [main] DEBUG l.i.u.t.SubmittedApplicationsPageTest - Entered energy information: 'Energija 1'.
2025-02-04 11:23:54 [main] DEBUG l.i.u.t.SubmittedApplicationsPageTest - Entered repair information: 'Remontas 1'.
2025-02-04 11:23:55 [main] DEBUG l.i.u.t.SubmittedApplicationsPageTest - Selected 'PVM' radio button.
2025-02-04 11:23:55 [main] INFO  l.i.u.p.SubmittedApplicationsPage - Located the dropdown button.
2025-02-04 11:23:55 [main] INFO  l.i.u.p.SubmittedApplicationsPage - Successfully selected the value: 'Įsigyti'
2025-02-04 11:24:16 [main] ERROR l.i.u.p.SubmittedApplicationsPage - Timeout while waiting for dropdown to close with aria-expanded = 'false'.
2025-02-04 11:24:16 [main] DEBUG l.i.u.t.SubmittedApplicationsPageTest - Selected necessary for job: 'Įsigyti'.
2025-02-04 11:24:16 [main] DEBUG l.i.u.t.SubmittedApplicationsPageTest - Selected tool: 'Darbo priemonė 1'.
2025-02-04 11:24:16 [main] DEBUG l.i.u.t.SubmittedApplicationsPageTest - Selected tool parameter one: 'Darbo priemonės 1 parametras 1'.
2025-02-04 11:24:16 [main] DEBUG l.i.u.t.SubmittedApplicationsPageTest - Selected tool parameter two: 'Darbo priemonės 1 parametras 2'.
2025-02-04 11:24:16 [main] DEBUG l.i.u.t.SubmittedApplicationsPageTest - Selected tool parameter three: 'Darbo priemonės 1 parametras 3'.
2025-02-04 11:24:16 [main] DEBUG l.i.u.t.SubmittedApplicationsPageTest - Entered tool count: '1'.
2025-02-04 11:24:17 [main] DEBUG l.i.u.t.SubmittedApplicationsPageTest - Entered price amount: '1000'.
2025-02-04 11:24:17 [main] DEBUG l.i.u.t.SubmittedApplicationsPageTest - Entered own funds amount: '800'.
2025-02-04 11:24:17 [main] DEBUG l.i.u.t.SubmittedApplicationsPageTest - Entered country percentage: '50'.
2025-02-04 11:24:17 [main] DEBUG l.i.u.t.SubmittedApplicationsPageTest - Entered institution percentage: '50'.
2025-02-04 11:24:17 [main] DEBUG l.i.u.t.SubmittedApplicationsPageTest - Entered municipality percentage: '50'.
2025-02-04 11:24:17 [main] DEBUG l.i.u.t.SubmittedApplicationsPageTest - Selected 'De Minimis' radio button.
2025-02-04 11:24:18 [main] DEBUG l.i.u.t.SubmittedApplicationsPageTest - Entered program name: 'Programa 1'.
2025-02-04 11:24:18 [main] DEBUG l.i.u.t.SubmittedApplicationsPageTest - Entered project date from.
2025-02-04 11:24:18 [main] DEBUG l.i.u.t.SubmittedApplicationsPageTest - Entered project date until.
2025-02-04 11:24:18 [main] DEBUG l.i.u.t.SubmittedApplicationsPageTest - Entered support amount: '2000'.
2025-02-04 11:24:18 [main] DEBUG l.i.u.t.SubmittedApplicationsPageTest - Clicked 'Next' button.
2025-02-04 11:24:28 [main] DEBUG l.i.u.t.SubmittedApplicationsPageTest - Checked 'Legal Entities' checkbox 1.
2025-02-04 11:24:38 [main] DEBUG l.i.u.t.SubmittedApplicationsPageTest - Checked 'Legal Entities' checkbox 2.
2025-02-04 11:24:48 [main] DEBUG l.i.u.t.SubmittedApplicationsPageTest - Checked 'Legal Entities' checkbox 3.
2025-02-04 11:24:48 [main] DEBUG l.i.u.t.SubmittedApplicationsPageTest - Test finished: All 'Legal Entities' checkboxes checked successfully.
2025-02-04 11:24:49 [main] DEBUG l.i.u.t.SubmittedApplicationsPageTest - Clicked 'Next' button after checkboxes.
2025-02-04 11:24:59 [main] ERROR l.i.u.p.SubmittedApplicationsPage - Error selecting radio button: Expected condition failed: waiting for element to be clickable: By.xpath: (//input[@type='radio' and @value='false'])[8] (tried for 10 second(s) with 500 milliseconds interval)
Build info: version: '4.27.0', revision: 'd6e718d134'
System info: os.name: 'Windows 11', os.arch: 'amd64', os.version: '10.0', java.version: '21.0.3'
Driver info: org.openqa.selenium.chrome.ChromeDriver
Capabilities {acceptInsecureCerts: false, browserName: chrome, browserVersion: 132.0.6834.160, chrome: {chromedriverVersion: 132.0.6834.159 (2d77d3fc445..., userDataDir: C:\Users\INGRID~1.ZAD\AppDa...}, fedcm:accounts: true, goog:chromeOptions: {debuggerAddress: localhost:63885}, networkConnectionEnabled: false, pageLoadStrategy: normal, platformName: windows, proxy: Proxy(), se:cdp: ws://localhost:63885/devtoo..., se:cdpVersion: 132.0.6834.160, setWindowRect: true, strictFileInteractability: false, timeouts: {implicit: 0, pageLoad: 300000, script: 30000}, unhandledPromptBehavior: dismiss and notify, webauthn:extension:credBlob: true, webauthn:extension:largeBlob: true, webauthn:extension:minPinLength: true, webauthn:extension:prf: true, webauthn:virtualAuthenticators: true}
Session ID: 9168bbec575b116377995633d898a067
2025-02-04 11:24:59 [main] INFO  l.i.u.t.SubmittedApplicationsPageTest - Marking 'Ne' radio button 1
2025-02-04 11:25:09 [main] ERROR l.i.u.p.SubmittedApplicationsPage - Error selecting radio button: Expected condition failed: waiting for element to be clickable: By.xpath: (//input[@type='radio' and @value='false'])[9] (tried for 10 second(s) with 500 milliseconds interval)
Build info: version: '4.27.0', revision: 'd6e718d134'
System info: os.name: 'Windows 11', os.arch: 'amd64', os.version: '10.0', java.version: '21.0.3'
Driver info: org.openqa.selenium.chrome.ChromeDriver
Capabilities {acceptInsecureCerts: false, browserName: chrome, browserVersion: 132.0.6834.160, chrome: {chromedriverVersion: 132.0.6834.159 (2d77d3fc445..., userDataDir: C:\Users\INGRID~1.ZAD\AppDa...}, fedcm:accounts: true, goog:chromeOptions: {debuggerAddress: localhost:63885}, networkConnectionEnabled: false, pageLoadStrategy: normal, platformName: windows, proxy: Proxy(), se:cdp: ws://localhost:63885/devtoo..., se:cdpVersion: 132.0.6834.160, setWindowRect: true, strictFileInteractability: false, timeouts: {implicit: 0, pageLoad: 300000, script: 30000}, unhandledPromptBehavior: dismiss and notify, webauthn:extension:credBlob: true, webauthn:extension:largeBlob: true, webauthn:extension:minPinLength: true, webauthn:extension:prf: true, webauthn:virtualAuthenticators: true}
Session ID: 9168bbec575b116377995633d898a067
2025-02-04 11:25:09 [main] INFO  l.i.u.t.SubmittedApplicationsPageTest - Marking 'Ne' radio button 2
2025-02-04 11:25:19 [main] ERROR l.i.u.p.SubmittedApplicationsPage - Error selecting radio button: Expected condition failed: waiting for element to be clickable: By.xpath: (//input[@type='radio' and @value='false'])[10] (tried for 10 second(s) with 500 milliseconds interval)
Build info: version: '4.27.0', revision: 'd6e718d134'
System info: os.name: 'Windows 11', os.arch: 'amd64', os.version: '10.0', java.version: '21.0.3'
Driver info: org.openqa.selenium.chrome.ChromeDriver
Capabilities {acceptInsecureCerts: false, browserName: chrome, browserVersion: 132.0.6834.160, chrome: {chromedriverVersion: 132.0.6834.159 (2d77d3fc445..., userDataDir: C:\Users\INGRID~1.ZAD\AppDa...}, fedcm:accounts: true, goog:chromeOptions: {debuggerAddress: localhost:63885}, networkConnectionEnabled: false, pageLoadStrategy: normal, platformName: windows, proxy: Proxy(), se:cdp: ws://localhost:63885/devtoo..., se:cdpVersion: 132.0.6834.160, setWindowRect: true, strictFileInteractability: false, timeouts: {implicit: 0, pageLoad: 300000, script: 30000}, unhandledPromptBehavior: dismiss and notify, webauthn:extension:credBlob: true, webauthn:extension:largeBlob: true, webauthn:extension:minPinLength: true, webauthn:extension:prf: true, webauthn:virtualAuthenticators: true}
Session ID: 9168bbec575b116377995633d898a067
2025-02-04 11:25:19 [main] INFO  l.i.u.t.SubmittedApplicationsPageTest - Marking 'Ne' radio button 3
2025-02-04 11:25:29 [main] ERROR l.i.u.p.SubmittedApplicationsPage - Error selecting radio button: Expected condition failed: waiting for element to be clickable: By.xpath: (//input[@type='radio' and @value='false'])[11] (tried for 10 second(s) with 500 milliseconds interval)
Build info: version: '4.27.0', revision: 'd6e718d134'
System info: os.name: 'Windows 11', os.arch: 'amd64', os.version: '10.0', java.version: '21.0.3'
Driver info: org.openqa.selenium.chrome.ChromeDriver
Capabilities {acceptInsecureCerts: false, browserName: chrome, browserVersion: 132.0.6834.160, chrome: {chromedriverVersion: 132.0.6834.159 (2d77d3fc445..., userDataDir: C:\Users\INGRID~1.ZAD\AppDa...}, fedcm:accounts: true, goog:chromeOptions: {debuggerAddress: localhost:63885}, networkConnectionEnabled: false, pageLoadStrategy: normal, platformName: windows, proxy: Proxy(), se:cdp: ws://localhost:63885/devtoo..., se:cdpVersion: 132.0.6834.160, setWindowRect: true, strictFileInteractability: false, timeouts: {implicit: 0, pageLoad: 300000, script: 30000}, unhandledPromptBehavior: dismiss and notify, webauthn:extension:credBlob: true, webauthn:extension:largeBlob: true, webauthn:extension:minPinLength: true, webauthn:extension:prf: true, webauthn:virtualAuthenticators: true}
Session ID: 9168bbec575b116377995633d898a067
2025-02-04 11:25:29 [main] INFO  l.i.u.t.SubmittedApplicationsPageTest - Marking 'Ne' radio button 4
2025-02-04 11:25:39 [main] ERROR l.i.u.p.SubmittedApplicationsPage - Error selecting radio button: Expected condition failed: waiting for element to be clickable: By.xpath: (//input[@type='radio' and @value='false'])[12] (tried for 10 second(s) with 500 milliseconds interval)
Build info: version: '4.27.0', revision: 'd6e718d134'
System info: os.name: 'Windows 11', os.arch: 'amd64', os.version: '10.0', java.version: '21.0.3'
Driver info: org.openqa.selenium.chrome.ChromeDriver
Capabilities {acceptInsecureCerts: false, browserName: chrome, browserVersion: 132.0.6834.160, chrome: {chromedriverVersion: 132.0.6834.159 (2d77d3fc445..., userDataDir: C:\Users\INGRID~1.ZAD\AppDa...}, fedcm:accounts: true, goog:chromeOptions: {debuggerAddress: localhost:63885}, networkConnectionEnabled: false, pageLoadStrategy: normal, platformName: windows, proxy: Proxy(), se:cdp: ws://localhost:63885/devtoo..., se:cdpVersion: 132.0.6834.160, setWindowRect: true, strictFileInteractability: false, timeouts: {implicit: 0, pageLoad: 300000, script: 30000}, unhandledPromptBehavior: dismiss and notify, webauthn:extension:credBlob: true, webauthn:extension:largeBlob: true, webauthn:extension:minPinLength: true, webauthn:extension:prf: true, webauthn:virtualAuthenticators: true}
Session ID: 9168bbec575b116377995633d898a067
2025-02-04 11:25:39 [main] INFO  l.i.u.t.SubmittedApplicationsPageTest - Marking 'Ne' radio button 5
2025-02-04 11:25:49 [main] ERROR l.i.u.p.SubmittedApplicationsPage - Error selecting radio button: Expected condition failed: waiting for element to be clickable: By.xpath: (//input[@type='radio' and @value='false'])[13] (tried for 10 second(s) with 500 milliseconds interval)
Build info: version: '4.27.0', revision: 'd6e718d134'
System info: os.name: 'Windows 11', os.arch: 'amd64', os.version: '10.0', java.version: '21.0.3'
Driver info: org.openqa.selenium.chrome.ChromeDriver
Capabilities {acceptInsecureCerts: false, browserName: chrome, browserVersion: 132.0.6834.160, chrome: {chromedriverVersion: 132.0.6834.159 (2d77d3fc445..., userDataDir: C:\Users\INGRID~1.ZAD\AppDa...}, fedcm:accounts: true, goog:chromeOptions: {debuggerAddress: localhost:63885}, networkConnectionEnabled: false, pageLoadStrategy: normal, platformName: windows, proxy: Proxy(), se:cdp: ws://localhost:63885/devtoo..., se:cdpVersion: 132.0.6834.160, setWindowRect: true, strictFileInteractability: false, timeouts: {implicit: 0, pageLoad: 300000, script: 30000}, unhandledPromptBehavior: dismiss and notify, webauthn:extension:credBlob: true, webauthn:extension:largeBlob: true, webauthn:extension:minPinLength: true, webauthn:extension:prf: true, webauthn:virtualAuthenticators: true}
Session ID: 9168bbec575b116377995633d898a067
2025-02-04 11:25:49 [main] INFO  l.i.u.t.SubmittedApplicationsPageTest - Marking 'Ne' radio button 6
2025-02-04 11:25:59 [main] ERROR l.i.u.p.SubmittedApplicationsPage - Error selecting radio button: Expected condition failed: waiting for element to be clickable: By.xpath: (//input[@type='radio' and @value='true'])[14] (tried for 10 second(s) with 500 milliseconds interval)
Build info: version: '4.27.0', revision: 'd6e718d134'
System info: os.name: 'Windows 11', os.arch: 'amd64', os.version: '10.0', java.version: '21.0.3'
Driver info: org.openqa.selenium.chrome.ChromeDriver
Capabilities {acceptInsecureCerts: false, browserName: chrome, browserVersion: 132.0.6834.160, chrome: {chromedriverVersion: 132.0.6834.159 (2d77d3fc445..., userDataDir: C:\Users\INGRID~1.ZAD\AppDa...}, fedcm:accounts: true, goog:chromeOptions: {debuggerAddress: localhost:63885}, networkConnectionEnabled: false, pageLoadStrategy: normal, platformName: windows, proxy: Proxy(), se:cdp: ws://localhost:63885/devtoo..., se:cdpVersion: 132.0.6834.160, setWindowRect: true, strictFileInteractability: false, timeouts: {implicit: 0, pageLoad: 300000, script: 30000}, unhandledPromptBehavior: dismiss and notify, webauthn:extension:credBlob: true, webauthn:extension:largeBlob: true, webauthn:extension:minPinLength: true, webauthn:extension:prf: true, webauthn:virtualAuthenticators: true}
Session ID: 9168bbec575b116377995633d898a067
2025-02-04 11:26:00 [main] INFO  l.i.u.t.SubmittedApplicationsPageTest - Marking 'Taip' radio button 7
2025-02-04 11:26:10 [main] ERROR l.i.u.p.SubmittedApplicationsPage - Error selecting radio button: Expected condition failed: waiting for element to be clickable: By.xpath: (//input[@type='radio' and @value='true'])[15] (tried for 10 second(s) with 500 milliseconds interval)
Build info: version: '4.27.0', revision: 'd6e718d134'
System info: os.name: 'Windows 11', os.arch: 'amd64', os.version: '10.0', java.version: '21.0.3'
Driver info: org.openqa.selenium.chrome.ChromeDriver
Capabilities {acceptInsecureCerts: false, browserName: chrome, browserVersion: 132.0.6834.160, chrome: {chromedriverVersion: 132.0.6834.159 (2d77d3fc445..., userDataDir: C:\Users\INGRID~1.ZAD\AppDa...}, fedcm:accounts: true, goog:chromeOptions: {debuggerAddress: localhost:63885}, networkConnectionEnabled: false, pageLoadStrategy: normal, platformName: windows, proxy: Proxy(), se:cdp: ws://localhost:63885/devtoo..., se:cdpVersion: 132.0.6834.160, setWindowRect: true, strictFileInteractability: false, timeouts: {implicit: 0, pageLoad: 300000, script: 30000}, unhandledPromptBehavior: dismiss and notify, webauthn:extension:credBlob: true, webauthn:extension:largeBlob: true, webauthn:extension:minPinLength: true, webauthn:extension:prf: true, webauthn:virtualAuthenticators: true}
Session ID: 9168bbec575b116377995633d898a067
2025-02-04 11:26:10 [main] INFO  l.i.u.t.SubmittedApplicationsPageTest - Marking 'Taip' radio button 8
2025-02-04 11:26:20 [main] ERROR l.i.u.p.SubmittedApplicationsPage - Error selecting radio button: Expected condition failed: waiting for element to be clickable: By.xpath: (//input[@type='radio' and @value='true'])[16] (tried for 10 second(s) with 500 milliseconds interval)
Build info: version: '4.27.0', revision: 'd6e718d134'
System info: os.name: 'Windows 11', os.arch: 'amd64', os.version: '10.0', java.version: '21.0.3'
Driver info: org.openqa.selenium.chrome.ChromeDriver
Capabilities {acceptInsecureCerts: false, browserName: chrome, browserVersion: 132.0.6834.160, chrome: {chromedriverVersion: 132.0.6834.159 (2d77d3fc445..., userDataDir: C:\Users\INGRID~1.ZAD\AppDa...}, fedcm:accounts: true, goog:chromeOptions: {debuggerAddress: localhost:63885}, networkConnectionEnabled: false, pageLoadStrategy: normal, platformName: windows, proxy: Proxy(), se:cdp: ws://localhost:63885/devtoo..., se:cdpVersion: 132.0.6834.160, setWindowRect: true, strictFileInteractability: false, timeouts: {implicit: 0, pageLoad: 300000, script: 30000}, unhandledPromptBehavior: dismiss and notify, webauthn:extension:credBlob: true, webauthn:extension:largeBlob: true, webauthn:extension:minPinLength: true, webauthn:extension:prf: true, webauthn:virtualAuthenticators: true}
Session ID: 9168bbec575b116377995633d898a067
2025-02-04 11:26:20 [main] INFO  l.i.u.t.SubmittedApplicationsPageTest - Marking 'Taip' radio button 9
2025-02-04 11:26:30 [main] ERROR l.i.u.p.SubmittedApplicationsPage - Error selecting radio button: Expected condition failed: waiting for element to be clickable: By.xpath: (//input[@type='radio' and @value='true'])[17] (tried for 10 second(s) with 500 milliseconds interval)
Build info: version: '4.27.0', revision: 'd6e718d134'
System info: os.name: 'Windows 11', os.arch: 'amd64', os.version: '10.0', java.version: '21.0.3'
Driver info: org.openqa.selenium.chrome.ChromeDriver
Capabilities {acceptInsecureCerts: false, browserName: chrome, browserVersion: 132.0.6834.160, chrome: {chromedriverVersion: 132.0.6834.159 (2d77d3fc445..., userDataDir: C:\Users\INGRID~1.ZAD\AppDa...}, fedcm:accounts: true, goog:chromeOptions: {debuggerAddress: localhost:63885}, networkConnectionEnabled: false, pageLoadStrategy: normal, platformName: windows, proxy: Proxy(), se:cdp: ws://localhost:63885/devtoo..., se:cdpVersion: 132.0.6834.160, setWindowRect: true, strictFileInteractability: false, timeouts: {implicit: 0, pageLoad: 300000, script: 30000}, unhandledPromptBehavior: dismiss and notify, webauthn:extension:credBlob: true, webauthn:extension:largeBlob: true, webauthn:extension:minPinLength: true, webauthn:extension:prf: true, webauthn:virtualAuthenticators: true}
Session ID: 9168bbec575b116377995633d898a067
2025-02-04 11:26:30 [main] INFO  l.i.u.t.SubmittedApplicationsPageTest - Marking 'Taip' radio button 10
2025-02-04 11:26:40 [main] ERROR l.i.u.p.SubmittedApplicationsPage - Error selecting radio button: Expected condition failed: waiting for element to be clickable: By.xpath: (//input[@type='radio' and @value='true'])[18] (tried for 10 second(s) with 500 milliseconds interval)
Build info: version: '4.27.0', revision: 'd6e718d134'
System info: os.name: 'Windows 11', os.arch: 'amd64', os.version: '10.0', java.version: '21.0.3'
Driver info: org.openqa.selenium.chrome.ChromeDriver
Capabilities {acceptInsecureCerts: false, browserName: chrome, browserVersion: 132.0.6834.160, chrome: {chromedriverVersion: 132.0.6834.159 (2d77d3fc445..., userDataDir: C:\Users\INGRID~1.ZAD\AppDa...}, fedcm:accounts: true, goog:chromeOptions: {debuggerAddress: localhost:63885}, networkConnectionEnabled: false, pageLoadStrategy: normal, platformName: windows, proxy: Proxy(), se:cdp: ws://localhost:63885/devtoo..., se:cdpVersion: 132.0.6834.160, setWindowRect: true, strictFileInteractability: false, timeouts: {implicit: 0, pageLoad: 300000, script: 30000}, unhandledPromptBehavior: dismiss and notify, webauthn:extension:credBlob: true, webauthn:extension:largeBlob: true, webauthn:extension:minPinLength: true, webauthn:extension:prf: true, webauthn:virtualAuthenticators: true}
Session ID: 9168bbec575b116377995633d898a067
2025-02-04 11:26:40 [main] INFO  l.i.u.t.SubmittedApplicationsPageTest - Marking 'Taip' radio button 11
2025-02-04 11:26:50 [main] ERROR l.i.u.p.SubmittedApplicationsPage - Error selecting radio button: Expected condition failed: waiting for element to be clickable: By.xpath: (//input[@type='radio' and @value='true'])[19] (tried for 10 second(s) with 500 milliseconds interval)
Build info: version: '4.27.0', revision: 'd6e718d134'
System info: os.name: 'Windows 11', os.arch: 'amd64', os.version: '10.0', java.version: '21.0.3'
Driver info: org.openqa.selenium.chrome.ChromeDriver
Capabilities {acceptInsecureCerts: false, browserName: chrome, browserVersion: 132.0.6834.160, chrome: {chromedriverVersion: 132.0.6834.159 (2d77d3fc445..., userDataDir: C:\Users\INGRID~1.ZAD\AppDa...}, fedcm:accounts: true, goog:chromeOptions: {debuggerAddress: localhost:63885}, networkConnectionEnabled: false, pageLoadStrategy: normal, platformName: windows, proxy: Proxy(), se:cdp: ws://localhost:63885/devtoo..., se:cdpVersion: 132.0.6834.160, setWindowRect: true, strictFileInteractability: false, timeouts: {implicit: 0, pageLoad: 300000, script: 30000}, unhandledPromptBehavior: dismiss and notify, webauthn:extension:credBlob: true, webauthn:extension:largeBlob: true, webauthn:extension:minPinLength: true, webauthn:extension:prf: true, webauthn:virtualAuthenticators: true}
Session ID: 9168bbec575b116377995633d898a067
2025-02-04 11:26:50 [main] INFO  l.i.u.t.SubmittedApplicationsPageTest - Marking 'Taip' radio button 12
2025-02-04 11:27:00 [main] DEBUG l.i.u.t.SubmittedApplicationsPageTest - Checked 'ConfirmationStepFour'
2025-02-04 11:27:00 [main] DEBUG l.i.u.t.SubmittedApplicationsPageTest - Clicked 'Next' button after checkboxes.
2025-02-04 11:27:00 [main] INFO  l.i.u.p.SubmittedApplicationsPage - File uploaded successfully to an input element.
2025-02-04 11:27:00 [main] INFO  l.i.u.p.SubmittedApplicationsPage - File uploaded successfully to an input element.
2025-02-04 11:27:00 [main] INFO  l.i.u.p.SubmittedApplicationsPage - File uploaded successfully to an input element.
2025-02-04 11:27:01 [main] INFO  l.i.u.p.SubmittedApplicationsPage - File uploaded successfully to an input element.
2025-02-04 11:27:01 [main] INFO  l.i.u.p.SubmittedApplicationsPage - File uploaded successfully to an input element.
2025-02-04 11:27:01 [main] INFO  l.i.u.p.SubmittedApplicationsPage - File uploaded successfully to an input element.
2025-02-04 11:27:01 [main] INFO  l.i.u.p.SubmittedApplicationsPage - File uploaded successfully to an input element.
2025-02-04 11:27:01 [main] INFO  l.i.u.p.SubmittedApplicationsPage - File uploaded successfully to an input element.
2025-02-04 11:27:01 [main] DEBUG l.i.u.t.SubmittedApplicationsPageTest - Entered program name: 'Dokumentas 1'.
2025-02-04 11:27:11 [main] DEBUG l.i.u.t.SubmittedApplicationsPageTest - Checked 'ConfirmationDocument'
2025-02-04 11:27:21 [main] DEBUG l.i.u.t.SubmittedApplicationsPageTest - Checked 'ConfirmationApplication'
2025-02-04 11:27:31 [main] ERROR l.i.u.t.SubmittedApplicationsPageTest - Test 'testFillNewApplication' failed with error: no such element: Unable to locate element: {"method":"xpath","selector":"//button[contains(@class, 'i-forms-stepper-button-next') and normalize-space(text())='Peržiūrėti']"}
  (Session info: chrome=132.0.6834.160)
For documentation on this error, please visit: https://www.selenium.dev/documentation/webdriver/troubleshooting/errors#no-such-element-exception
Build info: version: '4.27.0', revision: 'd6e718d134'
System info: os.name: 'Windows 11', os.arch: 'amd64', os.version: '10.0', java.version: '21.0.3'
Driver info: org.openqa.selenium.chrome.ChromeDriver
Command: [9168bbec575b116377995633d898a067, findElement {using=xpath, value=//button[contains(@class, 'i-forms-stepper-button-next') and normalize-space(text())='Peržiūrėti']}]
Capabilities {acceptInsecureCerts: false, browserName: chrome, browserVersion: 132.0.6834.160, chrome: {chromedriverVersion: 132.0.6834.159 (2d77d3fc445..., userDataDir: C:\Users\INGRID~1.ZAD\AppDa...}, fedcm:accounts: true, goog:chromeOptions: {debuggerAddress: localhost:63885}, networkConnectionEnabled: false, pageLoadStrategy: normal, platformName: windows, proxy: Proxy(), se:cdp: ws://localhost:63885/devtoo..., se:cdpVersion: 132.0.6834.160, setWindowRect: true, strictFileInteractability: false, timeouts: {implicit: 0, pageLoad: 300000, script: 30000}, unhandledPromptBehavior: dismiss and notify, webauthn:extension:credBlob: true, webauthn:extension:largeBlob: true, webauthn:extension:minPinLength: true, webauthn:extension:prf: true, webauthn:virtualAuthenticators: true}
Session ID: 9168bbec575b116377995633d898a067
org.openqa.selenium.NoSuchElementException: no such element: Unable to locate element: {"method":"xpath","selector":"//button[contains(@class, 'i-forms-stepper-button-next') and normalize-space(text())='Peržiūrėti']"}
  (Session info: chrome=132.0.6834.160)
For documentation on this error, please visit: https://www.selenium.dev/documentation/webdriver/troubleshooting/errors#no-such-element-exception
Build info: version: '4.27.0', revision: 'd6e718d134'
System info: os.name: 'Windows 11', os.arch: 'amd64', os.version: '10.0', java.version: '21.0.3'
Driver info: org.openqa.selenium.chrome.ChromeDriver
Command: [9168bbec575b116377995633d898a067, findElement {using=xpath, value=//button[contains(@class, 'i-forms-stepper-button-next') and normalize-space(text())='Peržiūrėti']}]
Capabilities {acceptInsecureCerts: false, browserName: chrome, browserVersion: 132.0.6834.160, chrome: {chromedriverVersion: 132.0.6834.159 (2d77d3fc445..., userDataDir: C:\Users\INGRID~1.ZAD\AppDa...}, fedcm:accounts: true, goog:chromeOptions: {debuggerAddress: localhost:63885}, networkConnectionEnabled: false, pageLoadStrategy: normal, platformName: windows, proxy: Proxy(), se:cdp: ws://localhost:63885/devtoo..., se:cdpVersion: 132.0.6834.160, setWindowRect: true, strictFileInteractability: false, timeouts: {implicit: 0, pageLoad: 300000, script: 30000}, unhandledPromptBehavior: dismiss and notify, webauthn:extension:credBlob: true, webauthn:extension:largeBlob: true, webauthn:extension:minPinLength: true, webauthn:extension:prf: true, webauthn:virtualAuthenticators: true}
Session ID: 9168bbec575b116377995633d898a067
	at java.base/jdk.internal.reflect.DirectConstructorHandleAccessor.newInstance(DirectConstructorHandleAccessor.java:62)
	at java.base/java.lang.reflect.Constructor.newInstanceWithCaller(Constructor.java:502)
	at java.base/java.lang.reflect.Constructor.newInstance(Constructor.java:486)
	at org.openqa.selenium.remote.ErrorCodec.decode(ErrorCodec.java:167)
	at org.openqa.selenium.remote.codec.w3c.W3CHttpResponseCodec.decode(W3CHttpResponseCodec.java:138)
	at org.openqa.selenium.remote.codec.w3c.W3CHttpResponseCodec.decode(W3CHttpResponseCodec.java:50)
	at org.openqa.selenium.remote.HttpCommandExecutor.execute(HttpCommandExecutor.java:190)
	at org.openqa.selenium.remote.service.DriverCommandExecutor.invokeExecute(DriverCommandExecutor.java:216)
	at org.openqa.selenium.remote.service.DriverCommandExecutor.execute(DriverCommandExecutor.java:174)
	at org.openqa.selenium.remote.RemoteWebDriver.execute(RemoteWebDriver.java:545)
	at org.openqa.selenium.remote.ElementLocation$ElementFinder$2.findElement(ElementLocation.java:165)
	at org.openqa.selenium.remote.ElementLocation.findElement(ElementLocation.java:59)
	at org.openqa.selenium.remote.RemoteWebDriver.findElement(RemoteWebDriver.java:368)
	at org.openqa.selenium.remote.RemoteWebDriver.findElement(RemoteWebDriver.java:362)
	at org.openqa.selenium.support.pagefactory.DefaultElementLocator.findElement(DefaultElementLocator.java:68)
	at org.openqa.selenium.support.pagefactory.internal.LocatingElementHandler.invoke(LocatingElementHandler.java:38)
	at jdk.proxy2/jdk.proxy2.$Proxy14.isSelected(Unknown Source)
	at lt.insoft.uztis.pages.SubmittedApplicationsPage.clickButtonReview(SubmittedApplicationsPage.java:365)
	at lt.insoft.uztis.tests.SubmittedApplicationsPageTest.testFillNewApplication(SubmittedApplicationsPageTest.java:373)
	at java.base/jdk.internal.reflect.DirectMethodHandleAccessor.invoke(DirectMethodHandleAccessor.java:103)
	at java.base/java.lang.reflect.Method.invoke(Method.java:580)
	at org.junit.platform.commons.util.ReflectionUtils.invokeMethod(ReflectionUtils.java:728)
	at org.junit.jupiter.engine.execution.MethodInvocation.proceed(MethodInvocation.java:60)
	at org.junit.jupiter.engine.execution.InvocationInterceptorChain$ValidatingInvocation.proceed(InvocationInterceptorChain.java:131)
	at org.junit.jupiter.engine.extension.TimeoutExtension.intercept(TimeoutExtension.java:156)
	at org.junit.jupiter.engine.extension.TimeoutExtension.interceptTestableMethod(TimeoutExtension.java:147)
	at org.junit.jupiter.engine.extension.TimeoutExtension.interceptTestMethod(TimeoutExtension.java:86)
	at org.junit.jupiter.engine.execution.InterceptingExecutableInvoker$ReflectiveInterceptorCall.lambda$ofVoidMethod$0(InterceptingExecutableInvoker.java:103)
	at org.junit.jupiter.engine.execution.InterceptingExecutableInvoker.lambda$invoke$0(InterceptingExecutableInvoker.java:93)
	at org.junit.jupiter.engine.execution.InvocationInterceptorChain$InterceptedInvocation.proceed(InvocationInterceptorChain.java:106)
	at org.junit.jupiter.engine.execution.InvocationInterceptorChain.proceed(InvocationInterceptorChain.java:64)
	at org.junit.jupiter.engine.execution.InvocationInterceptorChain.chainAndInvoke(InvocationInterceptorChain.java:45)
	at org.junit.jupiter.engine.execution.InvocationInterceptorChain.invoke(InvocationInterceptorChain.java:37)
	at org.junit.jupiter.engine.execution.InterceptingExecutableInvoker.invoke(InterceptingExecutableInvoker.java:92)
	at org.junit.jupiter.engine.execution.InterceptingExecutableInvoker.invoke(InterceptingExecutableInvoker.java:86)
	at org.junit.jupiter.engine.descriptor.TestMethodTestDescriptor.lambda$invokeTestMethod$7(TestMethodTestDescriptor.java:218)
	at org.junit.platform.engine.support.hierarchical.ThrowableCollector.execute(ThrowableCollector.java:73)
	at org.junit.jupiter.engine.descriptor.TestMethodTestDescriptor.invokeTestMethod(TestMethodTestDescriptor.java:214)
	at org.junit.jupiter.engine.descriptor.TestMethodTestDescriptor.execute(TestMethodTestDescriptor.java:139)
	at org.junit.jupiter.engine.descriptor.TestMethodTestDescriptor.execute(TestMethodTestDescriptor.java:69)
	at org.junit.platform.engine.support.hierarchical.NodeTestTask.lambda$executeRecursively$6(NodeTestTask.java:151)
	at org.junit.platform.engine.support.hierarchical.ThrowableCollector.execute(ThrowableCollector.java:73)
	at org.junit.platform.engine.support.hierarchical.NodeTestTask.lambda$executeRecursively$8(NodeTestTask.java:141)
	at org.junit.platform.engine.support.hierarchical.Node.around(Node.java:137)
	at org.junit.platform.engine.support.hierarchical.NodeTestTask.lambda$executeRecursively$9(NodeTestTask.java:139)
	at org.junit.platform.engine.support.hierarchical.ThrowableCollector.execute(ThrowableCollector.java:73)
	at org.junit.platform.engine.support.hierarchical.NodeTestTask.executeRecursively(NodeTestTask.java:138)
	at org.junit.platform.engine.support.hierarchical.NodeTestTask.execute(NodeTestTask.java:95)
	at java.base/java.util.ArrayList.forEach(ArrayList.java:1596)
	at org.junit.platform.engine.support.hierarchical.SameThreadHierarchicalTestExecutorService.invokeAll(SameThreadHierarchicalTestExecutorService.java:41)
	at org.junit.platform.engine.support.hierarchical.NodeTestTask.lambda$executeRecursively$6(NodeTestTask.java:155)
	at org.junit.platform.engine.support.hierarchical.ThrowableCollector.execute(ThrowableCollector.java:73)
	at org.junit.platform.engine.support.hierarchical.NodeTestTask.lambda$executeRecursively$8(NodeTestTask.java:141)
	at org.junit.platform.engine.support.hierarchical.Node.around(Node.java:137)
	at org.junit.platform.engine.support.hierarchical.NodeTestTask.lambda$executeRecursively$9(NodeTestTask.java:139)
	at org.junit.platform.engine.support.hierarchical.ThrowableCollector.execute(ThrowableCollector.java:73)
	at org.junit.platform.engine.support.hierarchical.NodeTestTask.executeRecursively(NodeTestTask.java:138)
	at org.junit.platform.engine.support.hierarchical.NodeTestTask.execute(NodeTestTask.java:95)
	at java.base/java.util.ArrayList.forEach(ArrayList.java:1596)
	at org.junit.platform.engine.support.hierarchical.SameThreadHierarchicalTestExecutorService.invokeAll(SameThreadHierarchicalTestExecutorService.java:41)
	at org.junit.platform.engine.support.hierarchical.NodeTestTask.lambda$executeRecursively$6(NodeTestTask.java:155)
	at org.junit.platform.engine.support.hierarchical.ThrowableCollector.execute(ThrowableCollector.java:73)
	at org.junit.platform.engine.support.hierarchical.NodeTestTask.lambda$executeRecursively$8(NodeTestTask.java:141)
	at org.junit.platform.engine.support.hierarchical.Node.around(Node.java:137)
	at org.junit.platform.engine.support.hierarchical.NodeTestTask.lambda$executeRecursively$9(NodeTestTask.java:139)
	at org.junit.platform.engine.support.hierarchical.ThrowableCollector.execute(ThrowableCollector.java:73)
	at org.junit.platform.engine.support.hierarchical.NodeTestTask.executeRecursively(NodeTestTask.java:138)
	at org.junit.platform.engine.support.hierarchical.NodeTestTask.execute(NodeTestTask.java:95)
	at org.junit.platform.engine.support.hierarchical.SameThreadHierarchicalTestExecutorService.submit(SameThreadHierarchicalTestExecutorService.java:35)
	at org.junit.platform.engine.support.hierarchical.HierarchicalTestExecutor.execute(HierarchicalTestExecutor.java:57)
	at org.junit.platform.engine.support.hierarchical.HierarchicalTestEngine.execute(HierarchicalTestEngine.java:54)
	at org.junit.platform.launcher.core.EngineExecutionOrchestrator.execute(EngineExecutionOrchestrator.java:198)
	at org.junit.platform.launcher.core.EngineExecutionOrchestrator.execute(EngineExecutionOrchestrator.java:169)
	at org.junit.platform.launcher.core.EngineExecutionOrchestrator.execute(EngineExecutionOrchestrator.java:93)
	at org.junit.platform.launcher.core.EngineExecutionOrchestrator.lambda$execute$0(EngineExecutionOrchestrator.java:58)
	at org.junit.platform.launcher.core.EngineExecutionOrchestrator.withInterceptedStreams(EngineExecutionOrchestrator.java:141)
	at org.junit.platform.launcher.core.EngineExecutionOrchestrator.execute(EngineExecutionOrchestrator.java:57)
	at org.junit.platform.launcher.core.DefaultLauncher.execute(DefaultLauncher.java:103)
	at org.junit.platform.launcher.core.DefaultLauncher.execute(DefaultLauncher.java:85)
	at org.junit.platform.launcher.core.DelegatingLauncher.execute(DelegatingLauncher.java:47)
	at org.junit.platform.launcher.core.SessionPerRequestLauncher.execute(SessionPerRequestLauncher.java:63)
	at com.intellij.junit5.JUnit5IdeaTestRunner.startRunnerWithArgs(JUnit5IdeaTestRunner.java:57)
	at com.intellij.rt.junit.IdeaTestRunner$Repeater$1.execute(IdeaTestRunner.java:38)
	at com.intellij.rt.execution.junit.TestsRepeater.repeat(TestsRepeater.java:11)
	at com.intellij.rt.junit.IdeaTestRunner$Repeater.startRunnerWithArgs(IdeaTestRunner.java:35)
	at com.intellij.rt.junit.JUnitStarter.prepareStreamsAndStart(JUnitStarter.java:232)
	at com.intellij.rt.junit.JUnitStarter.main(JUnitStarter.java:55)
2025-02-04 11:27:31 [main] INFO  l.insoft.uztis.tests.utils.TestUtils - Screenshot moved to C:\Users\ingrida.zadorozniene\Desktop\Asm\UZTIS\UZTIS_tests\test-output\screenshots\20250204\112731871_testFillNewApplication().png
2025-02-04 12:13:16 [main] INFO  lt.insoft.uztis.tests.UztisPageTest - Navigated to https://uztisdev.asseco.lt/home
2025-02-04 12:13:16 [main] INFO  l.i.u.t.SubmittedApplicationsPageTest - Starting test:'testFillNewApplication'
2025-02-04 12:13:16 [main] DEBUG l.i.u.t.SubmittedApplicationsPageTest - User logged in with test credentials.
2025-02-04 12:13:16 [main] DEBUG l.i.u.t.SubmittedApplicationsPageTest - Opened 'Application Processing' menu.
2025-02-04 12:13:17 [main] DEBUG l.i.u.t.SubmittedApplicationsPageTest - Clicked on 'Application Forms' menu.
2025-02-04 12:13:17 [main] DEBUG l.i.u.t.SubmittedApplicationsPageTest - Retrieved last description code text: 'TST-VUI-27'.
2025-02-04 12:13:17 [main] DEBUG l.i.u.t.SubmittedApplicationsPageTest - Clicked on 'Invitation' menu.
2025-02-04 12:13:18 [main] DEBUG l.i.u.t.SubmittedApplicationsPageTest - Selected application section by code: 'TST-VUI-27'.
2025-02-04 12:13:18 [main] DEBUG l.i.u.t.SubmittedApplicationsPageTest - Clicked 'Search' button.
2025-02-04 12:13:18 [main] DEBUG l.i.u.t.SubmittedApplicationsPageTest - Retrieved invitation code: ''.
2025-02-04 12:13:18 [main] DEBUG l.i.u.t.SubmittedApplicationsPageTest - Clicked on 'Submitted Applications' menu.
2025-02-04 12:13:19 [main] DEBUG l.i.u.t.SubmittedApplicationsPageTest - Selected invitation by code: 'TST-VUI-27'.
2025-02-04 12:13:19 [main] DEBUG l.i.u.t.SubmittedApplicationsPageTest - Invitation code inserted.
2025-02-04 12:13:19 [main] DEBUG l.i.u.t.SubmittedApplicationsPageTest - Clicked on 'Action Application' button.
2025-02-04 12:13:19 [main] DEBUG l.i.u.t.SubmittedApplicationsPageTest - Clicked on 'New Application' button.
2025-02-04 12:13:20 [main] DEBUG l.i.u.t.SubmittedApplicationsPageTest - Selected the 'RadioButtonFA' option.
2025-02-04 12:13:20 [main] DEBUG l.i.u.t.SubmittedApplicationsPageTest - Entered phone number: '61298745'.
2025-02-04 12:13:20 [main] DEBUG l.i.u.t.SubmittedApplicationsPageTest - Entered email: 'test@autotest.com'.
2025-02-04 12:13:20 [main] INFO  l.i.u.p.SubmittedApplicationsPage - Located the dropdown button.
2025-02-04 12:13:39 [main] INFO  l.i.u.p.SubmittedApplicationsPage - Found 1741 options in the dropdown.
2025-02-04 12:13:39 [main] INFO  l.i.u.p.SubmittedApplicationsPage - Successfully selected the value: '01.11 - Grūdinių (išskyrus ryžius), ankštinių ir aliejingų sėklų augalų auginimas'
2025-02-04 12:13:50 [main] ERROR l.i.u.p.SubmittedApplicationsPage - Failed to close the dropdown with aria-expanded = 'false'. Attempting manual close.
2025-02-04 12:13:50 [main] INFO  l.i.u.p.SubmittedApplicationsPage - Manual close attempt for the dropdown using body click.
2025-02-04 12:13:50 [main] DEBUG l.i.u.t.SubmittedApplicationsPageTest - Selected EVRK value: '01.11 - Grūdinių (išskyrus ryžius), ankštinių ir aliejingų sėklų augalų auginimas'.
2025-02-04 12:13:50 [main] DEBUG l.i.u.t.SubmittedApplicationsPageTest - Entered address: 'Vilniaus m. sav., Vilnius, Testo g. 10T'.
2025-02-04 12:13:50 [main] DEBUG l.i.u.t.SubmittedApplicationsPageTest - Entered project date.
2025-02-04 12:13:50 [main] DEBUG l.i.u.t.SubmittedApplicationsPageTest - Entered job count: '1'.
2025-02-04 12:13:51 [main] DEBUG l.i.u.t.SubmittedApplicationsPageTest - Clicked 'Next' button.
2025-02-04 12:13:51 [main] INFO  l.i.u.p.SubmittedApplicationsPage - Located the dropdown button.
2025-02-04 12:13:51 [main] INFO  l.i.u.p.SubmittedApplicationsPage - Successfully selected the value: 'Administratoriai'
2025-02-04 12:14:22 [main] ERROR l.i.u.p.SubmittedApplicationsPage - Timeout while waiting for dropdown to close with aria-expanded = 'false'.
2025-02-04 12:14:22 [main] DEBUG l.i.u.t.SubmittedApplicationsPageTest - Selected job name: 'Administratoriai'.
2025-02-04 12:14:22 [main] DEBUG l.i.u.t.SubmittedApplicationsPageTest - Entered job function: 'Funkcija 1'.
2025-02-04 12:14:22 [main] DEBUG l.i.u.t.SubmittedApplicationsPageTest - Selected 'RadioButtonWithDisabilities' option.
2025-02-04 12:14:22 [main] INFO  l.i.u.p.SubmittedApplicationsPage - Clicking on the dropdown button.
2025-02-04 12:14:23 [main] INFO  l.i.u.p.SubmittedApplicationsPage - Found 34 options in the dropdown.
2025-02-04 12:14:23 [main] DEBUG l.i.u.p.SubmittedApplicationsPage - Checking option: 'Asmenys, kuriems suteiktas pabėgėlio statusas ar perkeliamojo asmens statusas, arba asmenys, kuriems suteikta papildoma ar laikinoji apsauga, ir asmenys, turintys teisę gauti laikinąją apsaugą, iki sprendimo dėl laikinosios apsaugos suteikimo (nesuteikimo) priėmimo, tačiau ne ilgiau kaip laikinosios apsaugos laikotarpiu'
2025-02-04 12:14:23 [main] DEBUG l.i.u.p.SubmittedApplicationsPage - Checking option: 'Asmenys, kuriems suteiktas pabėgėlio statusas ar perkeliamojo asmens statusas, arba asmenys, kuriems suteikta papildoma ar laikinoji apsauga, ir asmenys, turintys teisę gauti laikinąją apsaugą, iki sprendimo dėl laikinosios apsaugos suteikimo (nesuteikimo) priėmimo, tačiau ne ilgiau kaip laikinosios apsaugos laikotarpiu'
2025-02-04 12:14:23 [main] DEBUG l.i.u.p.SubmittedApplicationsPage - Checking option: 'Asmenys, turintys teisę į papildomas užimtumo garantijas pagal Lietuvos Respublikos valstybės įmonės Ignalinos atominės elektrinės darbuotojų papildomų užimtumo ir socialinių garantijų įstatymą'
2025-02-04 12:14:23 [main] DEBUG l.i.u.p.SubmittedApplicationsPage - Checking option: 'Asmenys, turintys teisę į papildomas užimtumo garantijas pagal Lietuvos Respublikos valstybės įmonės Ignalinos atominės elektrinės darbuotojų papildomų užimtumo ir socialinių garantijų įstatymą'
2025-02-04 12:14:23 [main] DEBUG l.i.u.p.SubmittedApplicationsPage - Checking option: 'Bedarbiai iki 29 metų'
2025-02-04 12:14:23 [main] DEBUG l.i.u.p.SubmittedApplicationsPage - Checking option: 'Bedarbiai iki 29 metų'
2025-02-04 12:14:23 [main] DEBUG l.i.u.p.SubmittedApplicationsPage - Checking option: 'Bedarbiai, kurie yra darbingo amžiaus neįgalieji, kuriems nustatytas 30–40 procentų darbingumo lygis arba vidutinis neįgalumo lygis'
2025-02-04 12:14:23 [main] DEBUG l.i.u.p.SubmittedApplicationsPage - Checking option: 'Bedarbiai, kurie yra darbingo amžiaus neįgalieji, kuriems nustatytas 30–40 procentų darbingumo lygis arba vidutinis neįgalumo lygis'
2025-02-04 12:14:23 [main] DEBUG l.i.u.p.SubmittedApplicationsPage - Checking option: 'Bedarbiai, kurie yra darbingo amžiaus neįgalieji, kuriems nustatytas 45–55 procentų darbingumo lygis arba lengvas neįgalumo lygis'
2025-02-04 12:14:23 [main] DEBUG l.i.u.p.SubmittedApplicationsPage - Checking option: 'Bedarbiai, kurie yra darbingo amžiaus neįgalieji, kuriems nustatytas 45–55 procentų darbingumo lygis arba lengvas neįgalumo lygis'
2025-02-04 12:14:23 [main] DEBUG l.i.u.p.SubmittedApplicationsPage - Checking option: 'Bedarbiai, kurie yra darbingo amžiaus neįgalieji, kuriems nustatytas iki 25 procentų darbingumo lygis arba sunkus neįgalumo lygis'
2025-02-04 12:14:23 [main] INFO  l.i.u.p.SubmittedApplicationsPage - Successfully selected the value: 'Bedarbiai, kurie yra darbingo amžiaus neįgalieji, kuriems nustatytas iki 25 procentų darbingumo lygis arba sunkus neįgalumo lygis'
2025-02-04 12:14:23 [main] INFO  l.i.u.p.SubmittedApplicationsPage - Attempting to close the dropdown.
2025-02-04 12:14:33 [main] INFO  l.i.u.p.SubmittedApplicationsPage - Dropdown should be closed now.
2025-02-04 12:14:33 [main] DEBUG l.i.u.t.SubmittedApplicationsPageTest - Selected disabilities type: 'Bedarbiai, kurie yra darbingo amžiaus neįgalieji, kuriems nustatytas iki 25 procentų darbingumo lygis arba sunkus neįgalumo lygis'.
2025-02-04 12:14:34 [main] DEBUG l.i.u.t.SubmittedApplicationsPageTest - Entered disability information: 'Negalia 1'.
2025-02-04 12:14:34 [main] INFO  l.i.u.p.SubmittedApplicationsPage - Located the dropdown button.
2025-02-04 12:14:34 [main] INFO  l.i.u.p.SubmittedApplicationsPage - Successfully selected the value: 'Kita'
2025-02-04 12:14:44 [main] ERROR l.i.u.p.SubmittedApplicationsPage - Timeout while waiting for dropdown to close with aria-expanded = 'false'.
2025-02-04 12:14:44 [main] DEBUG l.i.u.t.SubmittedApplicationsPageTest - Selected time mode: 'Kita'.
2025-02-04 12:14:44 [main] DEBUG l.i.u.t.SubmittedApplicationsPageTest - Selected time mode other: '6 val. per dieną ir 4 d. per savaitę'.
2025-02-04 12:14:45 [main] DEBUG l.i.u.t.SubmittedApplicationsPageTest - Entered qualification: 'Kvalifikacija 1'.
2025-02-04 12:14:45 [main] DEBUG l.i.u.t.SubmittedApplicationsPageTest - Entered job date.
2025-02-04 12:14:45 [main] DEBUG l.i.u.t.SubmittedApplicationsPageTest - Entered salary amount: '1200'.
2025-02-04 12:14:45 [main] DEBUG l.i.u.t.SubmittedApplicationsPageTest - Selected 'Temporary Job' radio button.
2025-02-04 12:14:45 [main] DEBUG l.i.u.t.SubmittedApplicationsPageTest - Selected 'Season Job' radio button.
2025-02-04 12:14:45 [main] DEBUG l.i.u.t.SubmittedApplicationsPageTest - Selected 'Energy' radio button.
2025-02-04 12:14:46 [main] DEBUG l.i.u.t.SubmittedApplicationsPageTest - Selected 'Repair' radio button.
2025-02-04 12:14:46 [main] DEBUG l.i.u.t.SubmittedApplicationsPageTest - Entered job description: 'Veikla 1'.
2025-02-04 12:14:46 [main] DEBUG l.i.u.t.SubmittedApplicationsPageTest - Entered process description: 'Procesas 1'.
2025-02-04 12:14:46 [main] DEBUG l.i.u.t.SubmittedApplicationsPageTest - Entered energy information: 'Energija 1'.
2025-02-04 12:14:46 [main] DEBUG l.i.u.t.SubmittedApplicationsPageTest - Entered repair information: 'Remontas 1'.
2025-02-04 12:14:46 [main] DEBUG l.i.u.t.SubmittedApplicationsPageTest - Selected 'PVM' radio button.
2025-02-04 12:14:46 [main] INFO  l.i.u.p.SubmittedApplicationsPage - Located the dropdown button.
2025-02-04 12:14:47 [main] INFO  l.i.u.p.SubmittedApplicationsPage - Successfully selected the value: 'Įsigyti'
2025-02-04 12:15:07 [main] ERROR l.i.u.p.SubmittedApplicationsPage - Timeout while waiting for dropdown to close with aria-expanded = 'false'.
2025-02-04 12:15:07 [main] DEBUG l.i.u.t.SubmittedApplicationsPageTest - Selected necessary for job: 'Įsigyti'.
2025-02-04 12:15:08 [main] DEBUG l.i.u.t.SubmittedApplicationsPageTest - Selected tool: 'Darbo priemonė 1'.
2025-02-04 12:15:08 [main] DEBUG l.i.u.t.SubmittedApplicationsPageTest - Selected tool parameter one: 'Darbo priemonės 1 parametras 1'.
2025-02-04 12:15:08 [main] DEBUG l.i.u.t.SubmittedApplicationsPageTest - Selected tool parameter two: 'Darbo priemonės 1 parametras 2'.
2025-02-04 12:15:08 [main] DEBUG l.i.u.t.SubmittedApplicationsPageTest - Selected tool parameter three: 'Darbo priemonės 1 parametras 3'.
2025-02-04 12:15:08 [main] DEBUG l.i.u.t.SubmittedApplicationsPageTest - Entered tool count: '1'.
2025-02-04 12:15:09 [main] DEBUG l.i.u.t.SubmittedApplicationsPageTest - Entered price amount: '1000'.
2025-02-04 12:15:09 [main] DEBUG l.i.u.t.SubmittedApplicationsPageTest - Entered own funds amount: '800'.
2025-02-04 12:15:09 [main] DEBUG l.i.u.t.SubmittedApplicationsPageTest - Entered country percentage: '50'.
2025-02-04 12:15:09 [main] DEBUG l.i.u.t.SubmittedApplicationsPageTest - Entered institution percentage: '50'.
2025-02-04 12:15:09 [main] DEBUG l.i.u.t.SubmittedApplicationsPageTest - Entered municipality percentage: '50'.
2025-02-04 12:15:09 [main] DEBUG l.i.u.t.SubmittedApplicationsPageTest - Selected 'De Minimis' radio button.
2025-02-04 12:15:09 [main] DEBUG l.i.u.t.SubmittedApplicationsPageTest - Entered program name: 'Programa 1'.
2025-02-04 12:15:10 [main] DEBUG l.i.u.t.SubmittedApplicationsPageTest - Entered project date from.
2025-02-04 12:15:10 [main] DEBUG l.i.u.t.SubmittedApplicationsPageTest - Entered project date until.
2025-02-04 12:15:10 [main] DEBUG l.i.u.t.SubmittedApplicationsPageTest - Entered support amount: '2000'.
2025-02-04 12:15:10 [main] DEBUG l.i.u.t.SubmittedApplicationsPageTest - Clicked 'Next' button.
2025-02-04 12:15:20 [main] DEBUG l.i.u.t.SubmittedApplicationsPageTest - Checked 'Legal Entities' checkbox 1.
2025-02-04 12:15:30 [main] DEBUG l.i.u.t.SubmittedApplicationsPageTest - Checked 'Legal Entities' checkbox 2.
2025-02-04 12:15:41 [main] DEBUG l.i.u.t.SubmittedApplicationsPageTest - Checked 'Legal Entities' checkbox 3.
2025-02-04 12:15:41 [main] DEBUG l.i.u.t.SubmittedApplicationsPageTest - Test finished: All 'Legal Entities' checkboxes checked successfully.
2025-02-04 12:15:41 [main] DEBUG l.i.u.t.SubmittedApplicationsPageTest - Clicked 'Next' button after checkboxes.
2025-02-04 12:15:51 [main] ERROR l.i.u.p.SubmittedApplicationsPage - Error selecting radio button: Expected condition failed: waiting for element to be clickable: By.xpath: (//input[@type='radio' and @value='false'])[8] (tried for 10 second(s) with 500 milliseconds interval)
Build info: version: '4.27.0', revision: 'd6e718d134'
System info: os.name: 'Windows 11', os.arch: 'amd64', os.version: '10.0', java.version: '21.0.3'
Driver info: org.openqa.selenium.chrome.ChromeDriver
Capabilities {acceptInsecureCerts: false, browserName: chrome, browserVersion: 132.0.6834.160, chrome: {chromedriverVersion: 132.0.6834.159 (2d77d3fc445..., userDataDir: C:\Users\INGRID~1.ZAD\AppDa...}, fedcm:accounts: true, goog:chromeOptions: {debuggerAddress: localhost:65507}, networkConnectionEnabled: false, pageLoadStrategy: normal, platformName: windows, proxy: Proxy(), se:cdp: ws://localhost:65507/devtoo..., se:cdpVersion: 132.0.6834.160, setWindowRect: true, strictFileInteractability: false, timeouts: {implicit: 0, pageLoad: 300000, script: 30000}, unhandledPromptBehavior: dismiss and notify, webauthn:extension:credBlob: true, webauthn:extension:largeBlob: true, webauthn:extension:minPinLength: true, webauthn:extension:prf: true, webauthn:virtualAuthenticators: true}
Session ID: 044216744c8bfaf923701085a7dc63ce
2025-02-04 12:15:51 [main] INFO  l.i.u.t.SubmittedApplicationsPageTest - Marking 'Ne' radio button 1
2025-02-04 12:16:01 [main] ERROR l.i.u.p.SubmittedApplicationsPage - Error selecting radio button: Expected condition failed: waiting for element to be clickable: By.xpath: (//input[@type='radio' and @value='false'])[9] (tried for 10 second(s) with 500 milliseconds interval)
Build info: version: '4.27.0', revision: 'd6e718d134'
System info: os.name: 'Windows 11', os.arch: 'amd64', os.version: '10.0', java.version: '21.0.3'
Driver info: org.openqa.selenium.chrome.ChromeDriver
Capabilities {acceptInsecureCerts: false, browserName: chrome, browserVersion: 132.0.6834.160, chrome: {chromedriverVersion: 132.0.6834.159 (2d77d3fc445..., userDataDir: C:\Users\INGRID~1.ZAD\AppDa...}, fedcm:accounts: true, goog:chromeOptions: {debuggerAddress: localhost:65507}, networkConnectionEnabled: false, pageLoadStrategy: normal, platformName: windows, proxy: Proxy(), se:cdp: ws://localhost:65507/devtoo..., se:cdpVersion: 132.0.6834.160, setWindowRect: true, strictFileInteractability: false, timeouts: {implicit: 0, pageLoad: 300000, script: 30000}, unhandledPromptBehavior: dismiss and notify, webauthn:extension:credBlob: true, webauthn:extension:largeBlob: true, webauthn:extension:minPinLength: true, webauthn:extension:prf: true, webauthn:virtualAuthenticators: true}
Session ID: 044216744c8bfaf923701085a7dc63ce
2025-02-04 12:16:01 [main] INFO  l.i.u.t.SubmittedApplicationsPageTest - Marking 'Ne' radio button 2
2025-02-04 12:16:11 [main] ERROR l.i.u.p.SubmittedApplicationsPage - Error selecting radio button: Expected condition failed: waiting for element to be clickable: By.xpath: (//input[@type='radio' and @value='false'])[10] (tried for 10 second(s) with 500 milliseconds interval)
Build info: version: '4.27.0', revision: 'd6e718d134'
System info: os.name: 'Windows 11', os.arch: 'amd64', os.version: '10.0', java.version: '21.0.3'
Driver info: org.openqa.selenium.chrome.ChromeDriver
Capabilities {acceptInsecureCerts: false, browserName: chrome, browserVersion: 132.0.6834.160, chrome: {chromedriverVersion: 132.0.6834.159 (2d77d3fc445..., userDataDir: C:\Users\INGRID~1.ZAD\AppDa...}, fedcm:accounts: true, goog:chromeOptions: {debuggerAddress: localhost:65507}, networkConnectionEnabled: false, pageLoadStrategy: normal, platformName: windows, proxy: Proxy(), se:cdp: ws://localhost:65507/devtoo..., se:cdpVersion: 132.0.6834.160, setWindowRect: true, strictFileInteractability: false, timeouts: {implicit: 0, pageLoad: 300000, script: 30000}, unhandledPromptBehavior: dismiss and notify, webauthn:extension:credBlob: true, webauthn:extension:largeBlob: true, webauthn:extension:minPinLength: true, webauthn:extension:prf: true, webauthn:virtualAuthenticators: true}
Session ID: 044216744c8bfaf923701085a7dc63ce
2025-02-04 12:16:11 [main] INFO  l.i.u.t.SubmittedApplicationsPageTest - Marking 'Ne' radio button 3
2025-02-04 12:16:21 [main] ERROR l.i.u.p.SubmittedApplicationsPage - Error selecting radio button: Expected condition failed: waiting for element to be clickable: By.xpath: (//input[@type='radio' and @value='false'])[11] (tried for 10 second(s) with 500 milliseconds interval)
Build info: version: '4.27.0', revision: 'd6e718d134'
System info: os.name: 'Windows 11', os.arch: 'amd64', os.version: '10.0', java.version: '21.0.3'
Driver info: org.openqa.selenium.chrome.ChromeDriver
Capabilities {acceptInsecureCerts: false, browserName: chrome, browserVersion: 132.0.6834.160, chrome: {chromedriverVersion: 132.0.6834.159 (2d77d3fc445..., userDataDir: C:\Users\INGRID~1.ZAD\AppDa...}, fedcm:accounts: true, goog:chromeOptions: {debuggerAddress: localhost:65507}, networkConnectionEnabled: false, pageLoadStrategy: normal, platformName: windows, proxy: Proxy(), se:cdp: ws://localhost:65507/devtoo..., se:cdpVersion: 132.0.6834.160, setWindowRect: true, strictFileInteractability: false, timeouts: {implicit: 0, pageLoad: 300000, script: 30000}, unhandledPromptBehavior: dismiss and notify, webauthn:extension:credBlob: true, webauthn:extension:largeBlob: true, webauthn:extension:minPinLength: true, webauthn:extension:prf: true, webauthn:virtualAuthenticators: true}
Session ID: 044216744c8bfaf923701085a7dc63ce
2025-02-04 12:16:21 [main] INFO  l.i.u.t.SubmittedApplicationsPageTest - Marking 'Ne' radio button 4
2025-02-04 12:16:31 [main] ERROR l.i.u.p.SubmittedApplicationsPage - Error selecting radio button: Expected condition failed: waiting for element to be clickable: By.xpath: (//input[@type='radio' and @value='false'])[12] (tried for 10 second(s) with 500 milliseconds interval)
Build info: version: '4.27.0', revision: 'd6e718d134'
System info: os.name: 'Windows 11', os.arch: 'amd64', os.version: '10.0', java.version: '21.0.3'
Driver info: org.openqa.selenium.chrome.ChromeDriver
Capabilities {acceptInsecureCerts: false, browserName: chrome, browserVersion: 132.0.6834.160, chrome: {chromedriverVersion: 132.0.6834.159 (2d77d3fc445..., userDataDir: C:\Users\INGRID~1.ZAD\AppDa...}, fedcm:accounts: true, goog:chromeOptions: {debuggerAddress: localhost:65507}, networkConnectionEnabled: false, pageLoadStrategy: normal, platformName: windows, proxy: Proxy(), se:cdp: ws://localhost:65507/devtoo..., se:cdpVersion: 132.0.6834.160, setWindowRect: true, strictFileInteractability: false, timeouts: {implicit: 0, pageLoad: 300000, script: 30000}, unhandledPromptBehavior: dismiss and notify, webauthn:extension:credBlob: true, webauthn:extension:largeBlob: true, webauthn:extension:minPinLength: true, webauthn:extension:prf: true, webauthn:virtualAuthenticators: true}
Session ID: 044216744c8bfaf923701085a7dc63ce
2025-02-04 12:16:31 [main] INFO  l.i.u.t.SubmittedApplicationsPageTest - Marking 'Ne' radio button 5
2025-02-04 12:16:42 [main] ERROR l.i.u.p.SubmittedApplicationsPage - Error selecting radio button: Expected condition failed: waiting for element to be clickable: By.xpath: (//input[@type='radio' and @value='false'])[13] (tried for 10 second(s) with 500 milliseconds interval)
Build info: version: '4.27.0', revision: 'd6e718d134'
System info: os.name: 'Windows 11', os.arch: 'amd64', os.version: '10.0', java.version: '21.0.3'
Driver info: org.openqa.selenium.chrome.ChromeDriver
Capabilities {acceptInsecureCerts: false, browserName: chrome, browserVersion: 132.0.6834.160, chrome: {chromedriverVersion: 132.0.6834.159 (2d77d3fc445..., userDataDir: C:\Users\INGRID~1.ZAD\AppDa...}, fedcm:accounts: true, goog:chromeOptions: {debuggerAddress: localhost:65507}, networkConnectionEnabled: false, pageLoadStrategy: normal, platformName: windows, proxy: Proxy(), se:cdp: ws://localhost:65507/devtoo..., se:cdpVersion: 132.0.6834.160, setWindowRect: true, strictFileInteractability: false, timeouts: {implicit: 0, pageLoad: 300000, script: 30000}, unhandledPromptBehavior: dismiss and notify, webauthn:extension:credBlob: true, webauthn:extension:largeBlob: true, webauthn:extension:minPinLength: true, webauthn:extension:prf: true, webauthn:virtualAuthenticators: true}
Session ID: 044216744c8bfaf923701085a7dc63ce
2025-02-04 12:16:42 [main] INFO  l.i.u.t.SubmittedApplicationsPageTest - Marking 'Ne' radio button 6
2025-02-04 12:16:52 [main] ERROR l.i.u.p.SubmittedApplicationsPage - Error selecting radio button: Expected condition failed: waiting for element to be clickable: By.xpath: (//input[@type='radio' and @value='true'])[14] (tried for 10 second(s) with 500 milliseconds interval)
Build info: version: '4.27.0', revision: 'd6e718d134'
System info: os.name: 'Windows 11', os.arch: 'amd64', os.version: '10.0', java.version: '21.0.3'
Driver info: org.openqa.selenium.chrome.ChromeDriver
Capabilities {acceptInsecureCerts: false, browserName: chrome, browserVersion: 132.0.6834.160, chrome: {chromedriverVersion: 132.0.6834.159 (2d77d3fc445..., userDataDir: C:\Users\INGRID~1.ZAD\AppDa...}, fedcm:accounts: true, goog:chromeOptions: {debuggerAddress: localhost:65507}, networkConnectionEnabled: false, pageLoadStrategy: normal, platformName: windows, proxy: Proxy(), se:cdp: ws://localhost:65507/devtoo..., se:cdpVersion: 132.0.6834.160, setWindowRect: true, strictFileInteractability: false, timeouts: {implicit: 0, pageLoad: 300000, script: 30000}, unhandledPromptBehavior: dismiss and notify, webauthn:extension:credBlob: true, webauthn:extension:largeBlob: true, webauthn:extension:minPinLength: true, webauthn:extension:prf: true, webauthn:virtualAuthenticators: true}
Session ID: 044216744c8bfaf923701085a7dc63ce
2025-02-04 12:16:52 [main] INFO  l.i.u.t.SubmittedApplicationsPageTest - Marking 'Taip' radio button 7
2025-02-04 12:17:02 [main] ERROR l.i.u.p.SubmittedApplicationsPage - Error selecting radio button: Expected condition failed: waiting for element to be clickable: By.xpath: (//input[@type='radio' and @value='true'])[15] (tried for 10 second(s) with 500 milliseconds interval)
Build info: version: '4.27.0', revision: 'd6e718d134'
System info: os.name: 'Windows 11', os.arch: 'amd64', os.version: '10.0', java.version: '21.0.3'
Driver info: org.openqa.selenium.chrome.ChromeDriver
Capabilities {acceptInsecureCerts: false, browserName: chrome, browserVersion: 132.0.6834.160, chrome: {chromedriverVersion: 132.0.6834.159 (2d77d3fc445..., userDataDir: C:\Users\INGRID~1.ZAD\AppDa...}, fedcm:accounts: true, goog:chromeOptions: {debuggerAddress: localhost:65507}, networkConnectionEnabled: false, pageLoadStrategy: normal, platformName: windows, proxy: Proxy(), se:cdp: ws://localhost:65507/devtoo..., se:cdpVersion: 132.0.6834.160, setWindowRect: true, strictFileInteractability: false, timeouts: {implicit: 0, pageLoad: 300000, script: 30000}, unhandledPromptBehavior: dismiss and notify, webauthn:extension:credBlob: true, webauthn:extension:largeBlob: true, webauthn:extension:minPinLength: true, webauthn:extension:prf: true, webauthn:virtualAuthenticators: true}
Session ID: 044216744c8bfaf923701085a7dc63ce
2025-02-04 12:17:02 [main] INFO  l.i.u.t.SubmittedApplicationsPageTest - Marking 'Taip' radio button 8
2025-02-04 12:17:12 [main] ERROR l.i.u.p.SubmittedApplicationsPage - Error selecting radio button: Expected condition failed: waiting for element to be clickable: By.xpath: (//input[@type='radio' and @value='true'])[16] (tried for 10 second(s) with 500 milliseconds interval)
Build info: version: '4.27.0', revision: 'd6e718d134'
System info: os.name: 'Windows 11', os.arch: 'amd64', os.version: '10.0', java.version: '21.0.3'
Driver info: org.openqa.selenium.chrome.ChromeDriver
Capabilities {acceptInsecureCerts: false, browserName: chrome, browserVersion: 132.0.6834.160, chrome: {chromedriverVersion: 132.0.6834.159 (2d77d3fc445..., userDataDir: C:\Users\INGRID~1.ZAD\AppDa...}, fedcm:accounts: true, goog:chromeOptions: {debuggerAddress: localhost:65507}, networkConnectionEnabled: false, pageLoadStrategy: normal, platformName: windows, proxy: Proxy(), se:cdp: ws://localhost:65507/devtoo..., se:cdpVersion: 132.0.6834.160, setWindowRect: true, strictFileInteractability: false, timeouts: {implicit: 0, pageLoad: 300000, script: 30000}, unhandledPromptBehavior: dismiss and notify, webauthn:extension:credBlob: true, webauthn:extension:largeBlob: true, webauthn:extension:minPinLength: true, webauthn:extension:prf: true, webauthn:virtualAuthenticators: true}
Session ID: 044216744c8bfaf923701085a7dc63ce
2025-02-04 12:17:12 [main] INFO  l.i.u.t.SubmittedApplicationsPageTest - Marking 'Taip' radio button 9
2025-02-04 12:17:22 [main] ERROR l.i.u.p.SubmittedApplicationsPage - Error selecting radio button: Expected condition failed: waiting for element to be clickable: By.xpath: (//input[@type='radio' and @value='true'])[17] (tried for 10 second(s) with 500 milliseconds interval)
Build info: version: '4.27.0', revision: 'd6e718d134'
System info: os.name: 'Windows 11', os.arch: 'amd64', os.version: '10.0', java.version: '21.0.3'
Driver info: org.openqa.selenium.chrome.ChromeDriver
Capabilities {acceptInsecureCerts: false, browserName: chrome, browserVersion: 132.0.6834.160, chrome: {chromedriverVersion: 132.0.6834.159 (2d77d3fc445..., userDataDir: C:\Users\INGRID~1.ZAD\AppDa...}, fedcm:accounts: true, goog:chromeOptions: {debuggerAddress: localhost:65507}, networkConnectionEnabled: false, pageLoadStrategy: normal, platformName: windows, proxy: Proxy(), se:cdp: ws://localhost:65507/devtoo..., se:cdpVersion: 132.0.6834.160, setWindowRect: true, strictFileInteractability: false, timeouts: {implicit: 0, pageLoad: 300000, script: 30000}, unhandledPromptBehavior: dismiss and notify, webauthn:extension:credBlob: true, webauthn:extension:largeBlob: true, webauthn:extension:minPinLength: true, webauthn:extension:prf: true, webauthn:virtualAuthenticators: true}
Session ID: 044216744c8bfaf923701085a7dc63ce
2025-02-04 12:17:22 [main] INFO  l.i.u.t.SubmittedApplicationsPageTest - Marking 'Taip' radio button 10
2025-02-04 12:17:32 [main] ERROR l.i.u.p.SubmittedApplicationsPage - Error selecting radio button: Expected condition failed: waiting for element to be clickable: By.xpath: (//input[@type='radio' and @value='true'])[18] (tried for 10 second(s) with 500 milliseconds interval)
Build info: version: '4.27.0', revision: 'd6e718d134'
System info: os.name: 'Windows 11', os.arch: 'amd64', os.version: '10.0', java.version: '21.0.3'
Driver info: org.openqa.selenium.chrome.ChromeDriver
Capabilities {acceptInsecureCerts: false, browserName: chrome, browserVersion: 132.0.6834.160, chrome: {chromedriverVersion: 132.0.6834.159 (2d77d3fc445..., userDataDir: C:\Users\INGRID~1.ZAD\AppDa...}, fedcm:accounts: true, goog:chromeOptions: {debuggerAddress: localhost:65507}, networkConnectionEnabled: false, pageLoadStrategy: normal, platformName: windows, proxy: Proxy(), se:cdp: ws://localhost:65507/devtoo..., se:cdpVersion: 132.0.6834.160, setWindowRect: true, strictFileInteractability: false, timeouts: {implicit: 0, pageLoad: 300000, script: 30000}, unhandledPromptBehavior: dismiss and notify, webauthn:extension:credBlob: true, webauthn:extension:largeBlob: true, webauthn:extension:minPinLength: true, webauthn:extension:prf: true, webauthn:virtualAuthenticators: true}
Session ID: 044216744c8bfaf923701085a7dc63ce
2025-02-04 12:17:32 [main] INFO  l.i.u.t.SubmittedApplicationsPageTest - Marking 'Taip' radio button 11
2025-02-04 12:17:42 [main] ERROR l.i.u.p.SubmittedApplicationsPage - Error selecting radio button: Expected condition failed: waiting for element to be clickable: By.xpath: (//input[@type='radio' and @value='true'])[19] (tried for 10 second(s) with 500 milliseconds interval)
Build info: version: '4.27.0', revision: 'd6e718d134'
System info: os.name: 'Windows 11', os.arch: 'amd64', os.version: '10.0', java.version: '21.0.3'
Driver info: org.openqa.selenium.chrome.ChromeDriver
Capabilities {acceptInsecureCerts: false, browserName: chrome, browserVersion: 132.0.6834.160, chrome: {chromedriverVersion: 132.0.6834.159 (2d77d3fc445..., userDataDir: C:\Users\INGRID~1.ZAD\AppDa...}, fedcm:accounts: true, goog:chromeOptions: {debuggerAddress: localhost:65507}, networkConnectionEnabled: false, pageLoadStrategy: normal, platformName: windows, proxy: Proxy(), se:cdp: ws://localhost:65507/devtoo..., se:cdpVersion: 132.0.6834.160, setWindowRect: true, strictFileInteractability: false, timeouts: {implicit: 0, pageLoad: 300000, script: 30000}, unhandledPromptBehavior: dismiss and notify, webauthn:extension:credBlob: true, webauthn:extension:largeBlob: true, webauthn:extension:minPinLength: true, webauthn:extension:prf: true, webauthn:virtualAuthenticators: true}
Session ID: 044216744c8bfaf923701085a7dc63ce
2025-02-04 12:17:42 [main] INFO  l.i.u.t.SubmittedApplicationsPageTest - Marking 'Taip' radio button 12
2025-02-04 12:17:52 [main] DEBUG l.i.u.t.SubmittedApplicationsPageTest - Checked 'ConfirmationStepFour'
2025-02-04 12:17:53 [main] DEBUG l.i.u.t.SubmittedApplicationsPageTest - Clicked 'Next' button after checkboxes.
2025-02-04 12:17:53 [main] INFO  l.i.u.p.SubmittedApplicationsPage - File uploaded successfully to an input element.
2025-02-04 12:17:53 [main] INFO  l.i.u.p.SubmittedApplicationsPage - File uploaded successfully to an input element.
2025-02-04 12:17:53 [main] INFO  l.i.u.p.SubmittedApplicationsPage - File uploaded successfully to an input element.
2025-02-04 12:17:53 [main] INFO  l.i.u.p.SubmittedApplicationsPage - File uploaded successfully to an input element.
2025-02-04 12:17:53 [main] INFO  l.i.u.p.SubmittedApplicationsPage - File uploaded successfully to an input element.
2025-02-04 12:17:53 [main] INFO  l.i.u.p.SubmittedApplicationsPage - File uploaded successfully to an input element.
2025-02-04 12:17:53 [main] INFO  l.i.u.p.SubmittedApplicationsPage - File uploaded successfully to an input element.
2025-02-04 12:17:53 [main] INFO  l.i.u.p.SubmittedApplicationsPage - File uploaded successfully to an input element.
2025-02-04 12:17:53 [main] DEBUG l.i.u.t.SubmittedApplicationsPageTest - Entered program name: 'Dokumentas 1'.
2025-02-04 12:17:53 [main] DEBUG l.i.u.t.SubmittedApplicationsPageTest - Entered program name: 'Dokumentas 2'.
2025-02-04 12:17:54 [main] DEBUG l.i.u.t.SubmittedApplicationsPageTest - Entered program name: 'Dokumentas 3'.
2025-02-04 12:17:54 [main] DEBUG l.i.u.t.SubmittedApplicationsPageTest - Entered program name: 'Dokumentas 4'.
2025-02-04 12:18:04 [main] DEBUG l.i.u.t.SubmittedApplicationsPageTest - Checked 'ConfirmationDocument'
2025-02-04 12:18:14 [main] DEBUG l.i.u.t.SubmittedApplicationsPageTest - Checked 'ConfirmationApplication'
2025-02-04 12:18:14 [main] DEBUG l.i.u.t.SubmittedApplicationsPageTest - Clicked 'Review' button after checkboxes.
2025-02-04 12:18:24 [main] ERROR l.i.u.t.SubmittedApplicationsPageTest - Test 'testFillNewApplication' failed with error: no such element: Unable to locate element: {"method":"xpath","selector":"//button[contains(@class, 'btn--primary') and text()='Pateikti']"}
  (Session info: chrome=132.0.6834.160)
For documentation on this error, please visit: https://www.selenium.dev/documentation/webdriver/troubleshooting/errors#no-such-element-exception
Build info: version: '4.27.0', revision: 'd6e718d134'
System info: os.name: 'Windows 11', os.arch: 'amd64', os.version: '10.0', java.version: '21.0.3'
Driver info: org.openqa.selenium.chrome.ChromeDriver
Command: [044216744c8bfaf923701085a7dc63ce, findElement {value=//button[contains(@class, 'btn--primary') and text()='Pateikti'], using=xpath}]
Capabilities {acceptInsecureCerts: false, browserName: chrome, browserVersion: 132.0.6834.160, chrome: {chromedriverVersion: 132.0.6834.159 (2d77d3fc445..., userDataDir: C:\Users\INGRID~1.ZAD\AppDa...}, fedcm:accounts: true, goog:chromeOptions: {debuggerAddress: localhost:65507}, networkConnectionEnabled: false, pageLoadStrategy: normal, platformName: windows, proxy: Proxy(), se:cdp: ws://localhost:65507/devtoo..., se:cdpVersion: 132.0.6834.160, setWindowRect: true, strictFileInteractability: false, timeouts: {implicit: 0, pageLoad: 300000, script: 30000}, unhandledPromptBehavior: dismiss and notify, webauthn:extension:credBlob: true, webauthn:extension:largeBlob: true, webauthn:extension:minPinLength: true, webauthn:extension:prf: true, webauthn:virtualAuthenticators: true}
Session ID: 044216744c8bfaf923701085a7dc63ce
org.openqa.selenium.NoSuchElementException: no such element: Unable to locate element: {"method":"xpath","selector":"//button[contains(@class, 'btn--primary') and text()='Pateikti']"}
  (Session info: chrome=132.0.6834.160)
For documentation on this error, please visit: https://www.selenium.dev/documentation/webdriver/troubleshooting/errors#no-such-element-exception
Build info: version: '4.27.0', revision: 'd6e718d134'
System info: os.name: 'Windows 11', os.arch: 'amd64', os.version: '10.0', java.version: '21.0.3'
Driver info: org.openqa.selenium.chrome.ChromeDriver
Command: [044216744c8bfaf923701085a7dc63ce, findElement {value=//button[contains(@class, 'btn--primary') and text()='Pateikti'], using=xpath}]
Capabilities {acceptInsecureCerts: false, browserName: chrome, browserVersion: 132.0.6834.160, chrome: {chromedriverVersion: 132.0.6834.159 (2d77d3fc445..., userDataDir: C:\Users\INGRID~1.ZAD\AppDa...}, fedcm:accounts: true, goog:chromeOptions: {debuggerAddress: localhost:65507}, networkConnectionEnabled: false, pageLoadStrategy: normal, platformName: windows, proxy: Proxy(), se:cdp: ws://localhost:65507/devtoo..., se:cdpVersion: 132.0.6834.160, setWindowRect: true, strictFileInteractability: false, timeouts: {implicit: 0, pageLoad: 300000, script: 30000}, unhandledPromptBehavior: dismiss and notify, webauthn:extension:credBlob: true, webauthn:extension:largeBlob: true, webauthn:extension:minPinLength: true, webauthn:extension:prf: true, webauthn:virtualAuthenticators: true}
Session ID: 044216744c8bfaf923701085a7dc63ce
	at java.base/jdk.internal.reflect.DirectConstructorHandleAccessor.newInstance(DirectConstructorHandleAccessor.java:62)
	at java.base/java.lang.reflect.Constructor.newInstanceWithCaller(Constructor.java:502)
	at java.base/java.lang.reflect.Constructor.newInstance(Constructor.java:486)
	at org.openqa.selenium.remote.ErrorCodec.decode(ErrorCodec.java:167)
	at org.openqa.selenium.remote.codec.w3c.W3CHttpResponseCodec.decode(W3CHttpResponseCodec.java:138)
	at org.openqa.selenium.remote.codec.w3c.W3CHttpResponseCodec.decode(W3CHttpResponseCodec.java:50)
	at org.openqa.selenium.remote.HttpCommandExecutor.execute(HttpCommandExecutor.java:190)
	at org.openqa.selenium.remote.service.DriverCommandExecutor.invokeExecute(DriverCommandExecutor.java:216)
	at org.openqa.selenium.remote.service.DriverCommandExecutor.execute(DriverCommandExecutor.java:174)
	at org.openqa.selenium.remote.RemoteWebDriver.execute(RemoteWebDriver.java:545)
	at org.openqa.selenium.remote.ElementLocation$ElementFinder$2.findElement(ElementLocation.java:165)
	at org.openqa.selenium.remote.ElementLocation.findElement(ElementLocation.java:59)
	at org.openqa.selenium.remote.RemoteWebDriver.findElement(RemoteWebDriver.java:368)
	at org.openqa.selenium.remote.RemoteWebDriver.findElement(RemoteWebDriver.java:362)
	at org.openqa.selenium.support.pagefactory.DefaultElementLocator.findElement(DefaultElementLocator.java:68)
	at org.openqa.selenium.support.pagefactory.internal.LocatingElementHandler.invoke(LocatingElementHandler.java:38)
	at jdk.proxy2/jdk.proxy2.$Proxy14.isSelected(Unknown Source)
	at lt.insoft.uztis.pages.SubmittedApplicationsPage.clickButtonSubmit(SubmittedApplicationsPage.java:382)
	at lt.insoft.uztis.tests.SubmittedApplicationsPageTest.testFillNewApplication(SubmittedApplicationsPageTest.java:390)
	at java.base/jdk.internal.reflect.DirectMethodHandleAccessor.invoke(DirectMethodHandleAccessor.java:103)
	at java.base/java.lang.reflect.Method.invoke(Method.java:580)
	at org.junit.platform.commons.util.ReflectionUtils.invokeMethod(ReflectionUtils.java:728)
	at org.junit.jupiter.engine.execution.MethodInvocation.proceed(MethodInvocation.java:60)
	at org.junit.jupiter.engine.execution.InvocationInterceptorChain$ValidatingInvocation.proceed(InvocationInterceptorChain.java:131)
	at org.junit.jupiter.engine.extension.TimeoutExtension.intercept(TimeoutExtension.java:156)
	at org.junit.jupiter.engine.extension.TimeoutExtension.interceptTestableMethod(TimeoutExtension.java:147)
	at org.junit.jupiter.engine.extension.TimeoutExtension.interceptTestMethod(TimeoutExtension.java:86)
	at org.junit.jupiter.engine.execution.InterceptingExecutableInvoker$ReflectiveInterceptorCall.lambda$ofVoidMethod$0(InterceptingExecutableInvoker.java:103)
	at org.junit.jupiter.engine.execution.InterceptingExecutableInvoker.lambda$invoke$0(InterceptingExecutableInvoker.java:93)
	at org.junit.jupiter.engine.execution.InvocationInterceptorChain$InterceptedInvocation.proceed(InvocationInterceptorChain.java:106)
	at org.junit.jupiter.engine.execution.InvocationInterceptorChain.proceed(InvocationInterceptorChain.java:64)
	at org.junit.jupiter.engine.execution.InvocationInterceptorChain.chainAndInvoke(InvocationInterceptorChain.java:45)
	at org.junit.jupiter.engine.execution.InvocationInterceptorChain.invoke(InvocationInterceptorChain.java:37)
	at org.junit.jupiter.engine.execution.InterceptingExecutableInvoker.invoke(InterceptingExecutableInvoker.java:92)
	at org.junit.jupiter.engine.execution.InterceptingExecutableInvoker.invoke(InterceptingExecutableInvoker.java:86)
	at org.junit.jupiter.engine.descriptor.TestMethodTestDescriptor.lambda$invokeTestMethod$7(TestMethodTestDescriptor.java:218)
	at org.junit.platform.engine.support.hierarchical.ThrowableCollector.execute(ThrowableCollector.java:73)
	at org.junit.jupiter.engine.descriptor.TestMethodTestDescriptor.invokeTestMethod(TestMethodTestDescriptor.java:214)
	at org.junit.jupiter.engine.descriptor.TestMethodTestDescriptor.execute(TestMethodTestDescriptor.java:139)
	at org.junit.jupiter.engine.descriptor.TestMethodTestDescriptor.execute(TestMethodTestDescriptor.java:69)
	at org.junit.platform.engine.support.hierarchical.NodeTestTask.lambda$executeRecursively$6(NodeTestTask.java:151)
	at org.junit.platform.engine.support.hierarchical.ThrowableCollector.execute(ThrowableCollector.java:73)
	at org.junit.platform.engine.support.hierarchical.NodeTestTask.lambda$executeRecursively$8(NodeTestTask.java:141)
	at org.junit.platform.engine.support.hierarchical.Node.around(Node.java:137)
	at org.junit.platform.engine.support.hierarchical.NodeTestTask.lambda$executeRecursively$9(NodeTestTask.java:139)
	at org.junit.platform.engine.support.hierarchical.ThrowableCollector.execute(ThrowableCollector.java:73)
	at org.junit.platform.engine.support.hierarchical.NodeTestTask.executeRecursively(NodeTestTask.java:138)
	at org.junit.platform.engine.support.hierarchical.NodeTestTask.execute(NodeTestTask.java:95)
	at java.base/java.util.ArrayList.forEach(ArrayList.java:1596)
	at org.junit.platform.engine.support.hierarchical.SameThreadHierarchicalTestExecutorService.invokeAll(SameThreadHierarchicalTestExecutorService.java:41)
	at org.junit.platform.engine.support.hierarchical.NodeTestTask.lambda$executeRecursively$6(NodeTestTask.java:155)
	at org.junit.platform.engine.support.hierarchical.ThrowableCollector.execute(ThrowableCollector.java:73)
	at org.junit.platform.engine.support.hierarchical.NodeTestTask.lambda$executeRecursively$8(NodeTestTask.java:141)
	at org.junit.platform.engine.support.hierarchical.Node.around(Node.java:137)
	at org.junit.platform.engine.support.hierarchical.NodeTestTask.lambda$executeRecursively$9(NodeTestTask.java:139)
	at org.junit.platform.engine.support.hierarchical.ThrowableCollector.execute(ThrowableCollector.java:73)
	at org.junit.platform.engine.support.hierarchical.NodeTestTask.executeRecursively(NodeTestTask.java:138)
	at org.junit.platform.engine.support.hierarchical.NodeTestTask.execute(NodeTestTask.java:95)
	at java.base/java.util.ArrayList.forEach(ArrayList.java:1596)
	at org.junit.platform.engine.support.hierarchical.SameThreadHierarchicalTestExecutorService.invokeAll(SameThreadHierarchicalTestExecutorService.java:41)
	at org.junit.platform.engine.support.hierarchical.NodeTestTask.lambda$executeRecursively$6(NodeTestTask.java:155)
	at org.junit.platform.engine.support.hierarchical.ThrowableCollector.execute(ThrowableCollector.java:73)
	at org.junit.platform.engine.support.hierarchical.NodeTestTask.lambda$executeRecursively$8(NodeTestTask.java:141)
	at org.junit.platform.engine.support.hierarchical.Node.around(Node.java:137)
	at org.junit.platform.engine.support.hierarchical.NodeTestTask.lambda$executeRecursively$9(NodeTestTask.java:139)
	at org.junit.platform.engine.support.hierarchical.ThrowableCollector.execute(ThrowableCollector.java:73)
	at org.junit.platform.engine.support.hierarchical.NodeTestTask.executeRecursively(NodeTestTask.java:138)
	at org.junit.platform.engine.support.hierarchical.NodeTestTask.execute(NodeTestTask.java:95)
	at org.junit.platform.engine.support.hierarchical.SameThreadHierarchicalTestExecutorService.submit(SameThreadHierarchicalTestExecutorService.java:35)
	at org.junit.platform.engine.support.hierarchical.HierarchicalTestExecutor.execute(HierarchicalTestExecutor.java:57)
	at org.junit.platform.engine.support.hierarchical.HierarchicalTestEngine.execute(HierarchicalTestEngine.java:54)
	at org.junit.platform.launcher.core.EngineExecutionOrchestrator.execute(EngineExecutionOrchestrator.java:198)
	at org.junit.platform.launcher.core.EngineExecutionOrchestrator.execute(EngineExecutionOrchestrator.java:169)
	at org.junit.platform.launcher.core.EngineExecutionOrchestrator.execute(EngineExecutionOrchestrator.java:93)
	at org.junit.platform.launcher.core.EngineExecutionOrchestrator.lambda$execute$0(EngineExecutionOrchestrator.java:58)
	at org.junit.platform.launcher.core.EngineExecutionOrchestrator.withInterceptedStreams(EngineExecutionOrchestrator.java:141)
	at org.junit.platform.launcher.core.EngineExecutionOrchestrator.execute(EngineExecutionOrchestrator.java:57)
	at org.junit.platform.launcher.core.DefaultLauncher.execute(DefaultLauncher.java:103)
	at org.junit.platform.launcher.core.DefaultLauncher.execute(DefaultLauncher.java:85)
	at org.junit.platform.launcher.core.DelegatingLauncher.execute(DelegatingLauncher.java:47)
	at org.junit.platform.launcher.core.SessionPerRequestLauncher.execute(SessionPerRequestLauncher.java:63)
	at com.intellij.junit5.JUnit5IdeaTestRunner.startRunnerWithArgs(JUnit5IdeaTestRunner.java:57)
	at com.intellij.rt.junit.IdeaTestRunner$Repeater$1.execute(IdeaTestRunner.java:38)
	at com.intellij.rt.execution.junit.TestsRepeater.repeat(TestsRepeater.java:11)
	at com.intellij.rt.junit.IdeaTestRunner$Repeater.startRunnerWithArgs(IdeaTestRunner.java:35)
	at com.intellij.rt.junit.JUnitStarter.prepareStreamsAndStart(JUnitStarter.java:232)
	at com.intellij.rt.junit.JUnitStarter.main(JUnitStarter.java:55)
2025-02-04 12:18:24 [main] INFO  l.insoft.uztis.tests.utils.TestUtils - Screenshot moved to C:\Users\ingrida.zadorozniene\Desktop\Asm\UZTIS\UZTIS_tests\test-output\screenshots\20250204\121824903_testFillNewApplication().png
2025-02-04 12:24:22 [main] INFO  lt.insoft.uztis.tests.UztisPageTest - Navigated to https://uztisdev.asseco.lt/home
2025-02-04 12:24:22 [main] INFO  l.i.u.t.SubmittedApplicationsPageTest - Starting test:'testFillNewApplication'
2025-02-04 12:24:22 [main] DEBUG l.i.u.t.SubmittedApplicationsPageTest - User logged in with test credentials.
2025-02-04 12:24:22 [main] DEBUG l.i.u.t.SubmittedApplicationsPageTest - Opened 'Application Processing' menu.
2025-02-04 12:24:22 [main] DEBUG l.i.u.t.SubmittedApplicationsPageTest - Clicked on 'Application Forms' menu.
2025-02-04 12:24:23 [main] DEBUG l.i.u.t.SubmittedApplicationsPageTest - Retrieved last description code text: 'TST-VUI-27'.
2025-02-04 12:24:23 [main] DEBUG l.i.u.t.SubmittedApplicationsPageTest - Clicked on 'Invitation' menu.
2025-02-04 12:24:24 [main] DEBUG l.i.u.t.SubmittedApplicationsPageTest - Selected application section by code: 'TST-VUI-27'.
2025-02-04 12:24:24 [main] DEBUG l.i.u.t.SubmittedApplicationsPageTest - Clicked 'Search' button.
2025-02-04 12:24:24 [main] DEBUG l.i.u.t.SubmittedApplicationsPageTest - Retrieved invitation code: ''.
2025-02-04 12:24:24 [main] DEBUG l.i.u.t.SubmittedApplicationsPageTest - Clicked on 'Submitted Applications' menu.
2025-02-04 12:24:25 [main] DEBUG l.i.u.t.SubmittedApplicationsPageTest - Selected invitation by code: 'TST-VUI-27'.
2025-02-04 12:24:25 [main] DEBUG l.i.u.t.SubmittedApplicationsPageTest - Invitation code inserted.
2025-02-04 12:24:25 [main] DEBUG l.i.u.t.SubmittedApplicationsPageTest - Clicked on 'Action Application' button.
2025-02-04 12:24:25 [main] DEBUG l.i.u.t.SubmittedApplicationsPageTest - Clicked on 'New Application' button.
2025-02-04 12:24:26 [main] DEBUG l.i.u.t.SubmittedApplicationsPageTest - Selected the 'RadioButtonFA' option.
2025-02-04 12:24:26 [main] DEBUG l.i.u.t.SubmittedApplicationsPageTest - Entered phone number: '61298745'.
2025-02-04 12:24:26 [main] DEBUG l.i.u.t.SubmittedApplicationsPageTest - Entered email: 'test@autotest.com'.
2025-02-04 12:24:26 [main] INFO  l.i.u.p.SubmittedApplicationsPage - Located the dropdown button.
2025-02-04 12:24:45 [main] INFO  l.i.u.p.SubmittedApplicationsPage - Found 1741 options in the dropdown.
2025-02-04 12:24:45 [main] INFO  l.i.u.p.SubmittedApplicationsPage - Successfully selected the value: '01.11 - Grūdinių (išskyrus ryžius), ankštinių ir aliejingų sėklų augalų auginimas'
2025-02-04 12:24:56 [main] ERROR l.i.u.p.SubmittedApplicationsPage - Failed to close the dropdown with aria-expanded = 'false'. Attempting manual close.
2025-02-04 12:24:56 [main] INFO  l.i.u.p.SubmittedApplicationsPage - Manual close attempt for the dropdown using body click.
2025-02-04 12:24:56 [main] DEBUG l.i.u.t.SubmittedApplicationsPageTest - Selected EVRK value: '01.11 - Grūdinių (išskyrus ryžius), ankštinių ir aliejingų sėklų augalų auginimas'.
2025-02-04 12:24:56 [main] DEBUG l.i.u.t.SubmittedApplicationsPageTest - Entered address: 'Vilniaus m. sav., Vilnius, Testo g. 10T'.
2025-02-04 12:24:56 [main] DEBUG l.i.u.t.SubmittedApplicationsPageTest - Entered project date.
2025-02-04 12:24:56 [main] DEBUG l.i.u.t.SubmittedApplicationsPageTest - Entered job count: '1'.
2025-02-04 12:24:57 [main] DEBUG l.i.u.t.SubmittedApplicationsPageTest - Clicked 'Next' button.
2025-02-04 12:24:57 [main] INFO  l.i.u.p.SubmittedApplicationsPage - Located the dropdown button.
2025-02-04 12:24:58 [main] INFO  l.i.u.p.SubmittedApplicationsPage - Successfully selected the value: 'Administratoriai'
2025-02-04 12:25:28 [main] ERROR l.i.u.p.SubmittedApplicationsPage - Timeout while waiting for dropdown to close with aria-expanded = 'false'.
2025-02-04 12:25:28 [main] DEBUG l.i.u.t.SubmittedApplicationsPageTest - Selected job name: 'Administratoriai'.
2025-02-04 12:25:28 [main] DEBUG l.i.u.t.SubmittedApplicationsPageTest - Entered job function: 'Funkcija 1'.
2025-02-04 12:25:28 [main] DEBUG l.i.u.t.SubmittedApplicationsPageTest - Selected 'RadioButtonWithDisabilities' option.
2025-02-04 12:25:28 [main] INFO  l.i.u.p.SubmittedApplicationsPage - Clicking on the dropdown button.
2025-02-04 12:25:29 [main] INFO  l.i.u.p.SubmittedApplicationsPage - Found 34 options in the dropdown.
2025-02-04 12:25:29 [main] DEBUG l.i.u.p.SubmittedApplicationsPage - Checking option: 'Asmenys, kuriems suteiktas pabėgėlio statusas ar perkeliamojo asmens statusas, arba asmenys, kuriems suteikta papildoma ar laikinoji apsauga, ir asmenys, turintys teisę gauti laikinąją apsaugą, iki sprendimo dėl laikinosios apsaugos suteikimo (nesuteikimo) priėmimo, tačiau ne ilgiau kaip laikinosios apsaugos laikotarpiu'
2025-02-04 12:25:29 [main] DEBUG l.i.u.p.SubmittedApplicationsPage - Checking option: 'Asmenys, kuriems suteiktas pabėgėlio statusas ar perkeliamojo asmens statusas, arba asmenys, kuriems suteikta papildoma ar laikinoji apsauga, ir asmenys, turintys teisę gauti laikinąją apsaugą, iki sprendimo dėl laikinosios apsaugos suteikimo (nesuteikimo) priėmimo, tačiau ne ilgiau kaip laikinosios apsaugos laikotarpiu'
2025-02-04 12:25:29 [main] DEBUG l.i.u.p.SubmittedApplicationsPage - Checking option: 'Asmenys, turintys teisę į papildomas užimtumo garantijas pagal Lietuvos Respublikos valstybės įmonės Ignalinos atominės elektrinės darbuotojų papildomų užimtumo ir socialinių garantijų įstatymą'
2025-02-04 12:25:29 [main] DEBUG l.i.u.p.SubmittedApplicationsPage - Checking option: 'Asmenys, turintys teisę į papildomas užimtumo garantijas pagal Lietuvos Respublikos valstybės įmonės Ignalinos atominės elektrinės darbuotojų papildomų užimtumo ir socialinių garantijų įstatymą'
2025-02-04 12:25:29 [main] DEBUG l.i.u.p.SubmittedApplicationsPage - Checking option: 'Bedarbiai iki 29 metų'
2025-02-04 12:25:29 [main] DEBUG l.i.u.p.SubmittedApplicationsPage - Checking option: 'Bedarbiai iki 29 metų'
2025-02-04 12:25:29 [main] DEBUG l.i.u.p.SubmittedApplicationsPage - Checking option: 'Bedarbiai, kurie yra darbingo amžiaus neįgalieji, kuriems nustatytas 30–40 procentų darbingumo lygis arba vidutinis neįgalumo lygis'
2025-02-04 12:25:29 [main] DEBUG l.i.u.p.SubmittedApplicationsPage - Checking option: 'Bedarbiai, kurie yra darbingo amžiaus neįgalieji, kuriems nustatytas 30–40 procentų darbingumo lygis arba vidutinis neįgalumo lygis'
2025-02-04 12:25:29 [main] DEBUG l.i.u.p.SubmittedApplicationsPage - Checking option: 'Bedarbiai, kurie yra darbingo amžiaus neįgalieji, kuriems nustatytas 45–55 procentų darbingumo lygis arba lengvas neįgalumo lygis'
2025-02-04 12:25:29 [main] DEBUG l.i.u.p.SubmittedApplicationsPage - Checking option: 'Bedarbiai, kurie yra darbingo amžiaus neįgalieji, kuriems nustatytas 45–55 procentų darbingumo lygis arba lengvas neįgalumo lygis'
2025-02-04 12:25:29 [main] DEBUG l.i.u.p.SubmittedApplicationsPage - Checking option: 'Bedarbiai, kurie yra darbingo amžiaus neįgalieji, kuriems nustatytas iki 25 procentų darbingumo lygis arba sunkus neįgalumo lygis'
2025-02-04 12:25:29 [main] INFO  l.i.u.p.SubmittedApplicationsPage - Successfully selected the value: 'Bedarbiai, kurie yra darbingo amžiaus neįgalieji, kuriems nustatytas iki 25 procentų darbingumo lygis arba sunkus neįgalumo lygis'
2025-02-04 12:25:29 [main] INFO  l.i.u.p.SubmittedApplicationsPage - Attempting to close the dropdown.
2025-02-04 12:25:40 [main] INFO  l.i.u.p.SubmittedApplicationsPage - Dropdown should be closed now.
2025-02-04 12:25:40 [main] DEBUG l.i.u.t.SubmittedApplicationsPageTest - Selected disabilities type: 'Bedarbiai, kurie yra darbingo amžiaus neįgalieji, kuriems nustatytas iki 25 procentų darbingumo lygis arba sunkus neįgalumo lygis'.
2025-02-04 12:25:40 [main] DEBUG l.i.u.t.SubmittedApplicationsPageTest - Entered disability information: 'Negalia 1'.
2025-02-04 12:25:40 [main] INFO  l.i.u.p.SubmittedApplicationsPage - Located the dropdown button.
2025-02-04 12:25:41 [main] INFO  l.i.u.p.SubmittedApplicationsPage - Successfully selected the value: 'Kita'
2025-02-04 12:25:52 [main] ERROR l.i.u.p.SubmittedApplicationsPage - Timeout while waiting for dropdown to close with aria-expanded = 'false'.
2025-02-04 12:25:52 [main] DEBUG l.i.u.t.SubmittedApplicationsPageTest - Selected time mode: 'Kita'.
2025-02-04 12:25:52 [main] DEBUG l.i.u.t.SubmittedApplicationsPageTest - Selected time mode other: '6 val. per dieną ir 4 d. per savaitę'.
2025-02-04 12:25:52 [main] DEBUG l.i.u.t.SubmittedApplicationsPageTest - Entered qualification: 'Kvalifikacija 1'.
2025-02-04 12:25:52 [main] DEBUG l.i.u.t.SubmittedApplicationsPageTest - Entered job date.
2025-02-04 12:25:52 [main] DEBUG l.i.u.t.SubmittedApplicationsPageTest - Entered salary amount: '1200'.
2025-02-04 12:25:52 [main] DEBUG l.i.u.t.SubmittedApplicationsPageTest - Selected 'Temporary Job' radio button.
2025-02-04 12:25:53 [main] DEBUG l.i.u.t.SubmittedApplicationsPageTest - Selected 'Season Job' radio button.
2025-02-04 12:25:53 [main] DEBUG l.i.u.t.SubmittedApplicationsPageTest - Selected 'Energy' radio button.
2025-02-04 12:25:53 [main] DEBUG l.i.u.t.SubmittedApplicationsPageTest - Selected 'Repair' radio button.
2025-02-04 12:25:53 [main] DEBUG l.i.u.t.SubmittedApplicationsPageTest - Entered job description: 'Veikla 1'.
2025-02-04 12:25:53 [main] DEBUG l.i.u.t.SubmittedApplicationsPageTest - Entered process description: 'Procesas 1'.
2025-02-04 12:25:53 [main] DEBUG l.i.u.t.SubmittedApplicationsPageTest - Entered energy information: 'Energija 1'.
2025-02-04 12:25:54 [main] DEBUG l.i.u.t.SubmittedApplicationsPageTest - Entered repair information: 'Remontas 1'.
2025-02-04 12:25:54 [main] DEBUG l.i.u.t.SubmittedApplicationsPageTest - Selected 'PVM' radio button.
2025-02-04 12:25:54 [main] INFO  l.i.u.p.SubmittedApplicationsPage - Located the dropdown button.
2025-02-04 12:25:55 [main] INFO  l.i.u.p.SubmittedApplicationsPage - Successfully selected the value: 'Įsigyti'
2025-02-04 12:26:15 [main] ERROR l.i.u.p.SubmittedApplicationsPage - Timeout while waiting for dropdown to close with aria-expanded = 'false'.
2025-02-04 12:26:15 [main] DEBUG l.i.u.t.SubmittedApplicationsPageTest - Selected necessary for job: 'Įsigyti'.
2025-02-04 12:26:15 [main] DEBUG l.i.u.t.SubmittedApplicationsPageTest - Selected tool: 'Darbo priemonė 1'.
2025-02-04 12:26:15 [main] DEBUG l.i.u.t.SubmittedApplicationsPageTest - Selected tool parameter one: 'Darbo priemonės 1 parametras 1'.
2025-02-04 12:26:15 [main] DEBUG l.i.u.t.SubmittedApplicationsPageTest - Selected tool parameter two: 'Darbo priemonės 1 parametras 2'.
2025-02-04 12:26:16 [main] DEBUG l.i.u.t.SubmittedApplicationsPageTest - Selected tool parameter three: 'Darbo priemonės 1 parametras 3'.
2025-02-04 12:26:16 [main] DEBUG l.i.u.t.SubmittedApplicationsPageTest - Entered tool count: '1'.
2025-02-04 12:26:16 [main] DEBUG l.i.u.t.SubmittedApplicationsPageTest - Entered price amount: '1000'.
2025-02-04 12:26:16 [main] DEBUG l.i.u.t.SubmittedApplicationsPageTest - Entered own funds amount: '800'.
2025-02-04 12:26:16 [main] DEBUG l.i.u.t.SubmittedApplicationsPageTest - Entered country percentage: '50'.
2025-02-04 12:26:17 [main] DEBUG l.i.u.t.SubmittedApplicationsPageTest - Entered institution percentage: '50'.
2025-02-04 12:26:17 [main] DEBUG l.i.u.t.SubmittedApplicationsPageTest - Entered municipality percentage: '50'.
2025-02-04 12:26:17 [main] DEBUG l.i.u.t.SubmittedApplicationsPageTest - Selected 'De Minimis' radio button.
2025-02-04 12:26:17 [main] DEBUG l.i.u.t.SubmittedApplicationsPageTest - Entered program name: 'Programa 1'.
2025-02-04 12:26:17 [main] DEBUG l.i.u.t.SubmittedApplicationsPageTest - Entered project date from.
2025-02-04 12:26:17 [main] DEBUG l.i.u.t.SubmittedApplicationsPageTest - Entered project date until.
2025-02-04 12:26:18 [main] DEBUG l.i.u.t.SubmittedApplicationsPageTest - Entered support amount: '2000'.
2025-02-04 12:26:18 [main] DEBUG l.i.u.t.SubmittedApplicationsPageTest - Clicked 'Next' button.
2025-02-04 12:26:28 [main] DEBUG l.i.u.t.SubmittedApplicationsPageTest - Checked 'Legal Entities' checkbox 1.
2025-02-04 12:26:38 [main] DEBUG l.i.u.t.SubmittedApplicationsPageTest - Checked 'Legal Entities' checkbox 2.
2025-02-04 12:26:48 [main] DEBUG l.i.u.t.SubmittedApplicationsPageTest - Checked 'Legal Entities' checkbox 3.
2025-02-04 12:26:48 [main] DEBUG l.i.u.t.SubmittedApplicationsPageTest - Test finished: All 'Legal Entities' checkboxes checked successfully.
2025-02-04 12:26:48 [main] DEBUG l.i.u.t.SubmittedApplicationsPageTest - Clicked 'Next' button after checkboxes.
2025-02-04 12:26:59 [main] ERROR l.i.u.p.SubmittedApplicationsPage - Error selecting radio button: Expected condition failed: waiting for element to be clickable: By.xpath: (//input[@type='radio' and @value='false'])[8] (tried for 10 second(s) with 500 milliseconds interval)
Build info: version: '4.27.0', revision: 'd6e718d134'
System info: os.name: 'Windows 11', os.arch: 'amd64', os.version: '10.0', java.version: '21.0.3'
Driver info: org.openqa.selenium.chrome.ChromeDriver
Capabilities {acceptInsecureCerts: false, browserName: chrome, browserVersion: 132.0.6834.160, chrome: {chromedriverVersion: 132.0.6834.159 (2d77d3fc445..., userDataDir: C:\Users\INGRID~1.ZAD\AppDa...}, fedcm:accounts: true, goog:chromeOptions: {debuggerAddress: localhost:49500}, networkConnectionEnabled: false, pageLoadStrategy: normal, platformName: windows, proxy: Proxy(), se:cdp: ws://localhost:49500/devtoo..., se:cdpVersion: 132.0.6834.160, setWindowRect: true, strictFileInteractability: false, timeouts: {implicit: 0, pageLoad: 300000, script: 30000}, unhandledPromptBehavior: dismiss and notify, webauthn:extension:credBlob: true, webauthn:extension:largeBlob: true, webauthn:extension:minPinLength: true, webauthn:extension:prf: true, webauthn:virtualAuthenticators: true}
Session ID: 9402bfcddc7795de84886e7245dcff64
2025-02-04 12:26:59 [main] INFO  l.i.u.t.SubmittedApplicationsPageTest - Marking 'Ne' radio button 1
2025-02-04 12:27:09 [main] ERROR l.i.u.p.SubmittedApplicationsPage - Error selecting radio button: Expected condition failed: waiting for element to be clickable: By.xpath: (//input[@type='radio' and @value='false'])[9] (tried for 10 second(s) with 500 milliseconds interval)
Build info: version: '4.27.0', revision: 'd6e718d134'
System info: os.name: 'Windows 11', os.arch: 'amd64', os.version: '10.0', java.version: '21.0.3'
Driver info: org.openqa.selenium.chrome.ChromeDriver
Capabilities {acceptInsecureCerts: false, browserName: chrome, browserVersion: 132.0.6834.160, chrome: {chromedriverVersion: 132.0.6834.159 (2d77d3fc445..., userDataDir: C:\Users\INGRID~1.ZAD\AppDa...}, fedcm:accounts: true, goog:chromeOptions: {debuggerAddress: localhost:49500}, networkConnectionEnabled: false, pageLoadStrategy: normal, platformName: windows, proxy: Proxy(), se:cdp: ws://localhost:49500/devtoo..., se:cdpVersion: 132.0.6834.160, setWindowRect: true, strictFileInteractability: false, timeouts: {implicit: 0, pageLoad: 300000, script: 30000}, unhandledPromptBehavior: dismiss and notify, webauthn:extension:credBlob: true, webauthn:extension:largeBlob: true, webauthn:extension:minPinLength: true, webauthn:extension:prf: true, webauthn:virtualAuthenticators: true}
Session ID: 9402bfcddc7795de84886e7245dcff64
2025-02-04 12:27:09 [main] INFO  l.i.u.t.SubmittedApplicationsPageTest - Marking 'Ne' radio button 2
2025-02-04 12:27:19 [main] ERROR l.i.u.p.SubmittedApplicationsPage - Error selecting radio button: Expected condition failed: waiting for element to be clickable: By.xpath: (//input[@type='radio' and @value='false'])[10] (tried for 10 second(s) with 500 milliseconds interval)
Build info: version: '4.27.0', revision: 'd6e718d134'
System info: os.name: 'Windows 11', os.arch: 'amd64', os.version: '10.0', java.version: '21.0.3'
Driver info: org.openqa.selenium.chrome.ChromeDriver
Capabilities {acceptInsecureCerts: false, browserName: chrome, browserVersion: 132.0.6834.160, chrome: {chromedriverVersion: 132.0.6834.159 (2d77d3fc445..., userDataDir: C:\Users\INGRID~1.ZAD\AppDa...}, fedcm:accounts: true, goog:chromeOptions: {debuggerAddress: localhost:49500}, networkConnectionEnabled: false, pageLoadStrategy: normal, platformName: windows, proxy: Proxy(), se:cdp: ws://localhost:49500/devtoo..., se:cdpVersion: 132.0.6834.160, setWindowRect: true, strictFileInteractability: false, timeouts: {implicit: 0, pageLoad: 300000, script: 30000}, unhandledPromptBehavior: dismiss and notify, webauthn:extension:credBlob: true, webauthn:extension:largeBlob: true, webauthn:extension:minPinLength: true, webauthn:extension:prf: true, webauthn:virtualAuthenticators: true}
Session ID: 9402bfcddc7795de84886e7245dcff64
2025-02-04 12:27:19 [main] INFO  l.i.u.t.SubmittedApplicationsPageTest - Marking 'Ne' radio button 3
2025-02-04 12:27:29 [main] ERROR l.i.u.p.SubmittedApplicationsPage - Error selecting radio button: Expected condition failed: waiting for element to be clickable: By.xpath: (//input[@type='radio' and @value='false'])[11] (tried for 10 second(s) with 500 milliseconds interval)
Build info: version: '4.27.0', revision: 'd6e718d134'
System info: os.name: 'Windows 11', os.arch: 'amd64', os.version: '10.0', java.version: '21.0.3'
Driver info: org.openqa.selenium.chrome.ChromeDriver
Capabilities {acceptInsecureCerts: false, browserName: chrome, browserVersion: 132.0.6834.160, chrome: {chromedriverVersion: 132.0.6834.159 (2d77d3fc445..., userDataDir: C:\Users\INGRID~1.ZAD\AppDa...}, fedcm:accounts: true, goog:chromeOptions: {debuggerAddress: localhost:49500}, networkConnectionEnabled: false, pageLoadStrategy: normal, platformName: windows, proxy: Proxy(), se:cdp: ws://localhost:49500/devtoo..., se:cdpVersion: 132.0.6834.160, setWindowRect: true, strictFileInteractability: false, timeouts: {implicit: 0, pageLoad: 300000, script: 30000}, unhandledPromptBehavior: dismiss and notify, webauthn:extension:credBlob: true, webauthn:extension:largeBlob: true, webauthn:extension:minPinLength: true, webauthn:extension:prf: true, webauthn:virtualAuthenticators: true}
Session ID: 9402bfcddc7795de84886e7245dcff64
2025-02-04 12:27:29 [main] INFO  l.i.u.t.SubmittedApplicationsPageTest - Marking 'Ne' radio button 4
2025-02-04 12:27:39 [main] ERROR l.i.u.p.SubmittedApplicationsPage - Error selecting radio button: Expected condition failed: waiting for element to be clickable: By.xpath: (//input[@type='radio' and @value='false'])[12] (tried for 10 second(s) with 500 milliseconds interval)
Build info: version: '4.27.0', revision: 'd6e718d134'
System info: os.name: 'Windows 11', os.arch: 'amd64', os.version: '10.0', java.version: '21.0.3'
Driver info: org.openqa.selenium.chrome.ChromeDriver
Capabilities {acceptInsecureCerts: false, browserName: chrome, browserVersion: 132.0.6834.160, chrome: {chromedriverVersion: 132.0.6834.159 (2d77d3fc445..., userDataDir: C:\Users\INGRID~1.ZAD\AppDa...}, fedcm:accounts: true, goog:chromeOptions: {debuggerAddress: localhost:49500}, networkConnectionEnabled: false, pageLoadStrategy: normal, platformName: windows, proxy: Proxy(), se:cdp: ws://localhost:49500/devtoo..., se:cdpVersion: 132.0.6834.160, setWindowRect: true, strictFileInteractability: false, timeouts: {implicit: 0, pageLoad: 300000, script: 30000}, unhandledPromptBehavior: dismiss and notify, webauthn:extension:credBlob: true, webauthn:extension:largeBlob: true, webauthn:extension:minPinLength: true, webauthn:extension:prf: true, webauthn:virtualAuthenticators: true}
Session ID: 9402bfcddc7795de84886e7245dcff64
2025-02-04 12:27:39 [main] INFO  l.i.u.t.SubmittedApplicationsPageTest - Marking 'Ne' radio button 5
2025-02-04 12:27:49 [main] ERROR l.i.u.p.SubmittedApplicationsPage - Error selecting radio button: Expected condition failed: waiting for element to be clickable: By.xpath: (//input[@type='radio' and @value='false'])[13] (tried for 10 second(s) with 500 milliseconds interval)
Build info: version: '4.27.0', revision: 'd6e718d134'
System info: os.name: 'Windows 11', os.arch: 'amd64', os.version: '10.0', java.version: '21.0.3'
Driver info: org.openqa.selenium.chrome.ChromeDriver
Capabilities {acceptInsecureCerts: false, browserName: chrome, browserVersion: 132.0.6834.160, chrome: {chromedriverVersion: 132.0.6834.159 (2d77d3fc445..., userDataDir: C:\Users\INGRID~1.ZAD\AppDa...}, fedcm:accounts: true, goog:chromeOptions: {debuggerAddress: localhost:49500}, networkConnectionEnabled: false, pageLoadStrategy: normal, platformName: windows, proxy: Proxy(), se:cdp: ws://localhost:49500/devtoo..., se:cdpVersion: 132.0.6834.160, setWindowRect: true, strictFileInteractability: false, timeouts: {implicit: 0, pageLoad: 300000, script: 30000}, unhandledPromptBehavior: dismiss and notify, webauthn:extension:credBlob: true, webauthn:extension:largeBlob: true, webauthn:extension:minPinLength: true, webauthn:extension:prf: true, webauthn:virtualAuthenticators: true}
Session ID: 9402bfcddc7795de84886e7245dcff64
2025-02-04 12:27:49 [main] INFO  l.i.u.t.SubmittedApplicationsPageTest - Marking 'Ne' radio button 6
2025-02-04 12:27:59 [main] ERROR l.i.u.p.SubmittedApplicationsPage - Error selecting radio button: Expected condition failed: waiting for element to be clickable: By.xpath: (//input[@type='radio' and @value='true'])[14] (tried for 10 second(s) with 500 milliseconds interval)
Build info: version: '4.27.0', revision: 'd6e718d134'
System info: os.name: 'Windows 11', os.arch: 'amd64', os.version: '10.0', java.version: '21.0.3'
Driver info: org.openqa.selenium.chrome.ChromeDriver
Capabilities {acceptInsecureCerts: false, browserName: chrome, browserVersion: 132.0.6834.160, chrome: {chromedriverVersion: 132.0.6834.159 (2d77d3fc445..., userDataDir: C:\Users\INGRID~1.ZAD\AppDa...}, fedcm:accounts: true, goog:chromeOptions: {debuggerAddress: localhost:49500}, networkConnectionEnabled: false, pageLoadStrategy: normal, platformName: windows, proxy: Proxy(), se:cdp: ws://localhost:49500/devtoo..., se:cdpVersion: 132.0.6834.160, setWindowRect: true, strictFileInteractability: false, timeouts: {implicit: 0, pageLoad: 300000, script: 30000}, unhandledPromptBehavior: dismiss and notify, webauthn:extension:credBlob: true, webauthn:extension:largeBlob: true, webauthn:extension:minPinLength: true, webauthn:extension:prf: true, webauthn:virtualAuthenticators: true}
Session ID: 9402bfcddc7795de84886e7245dcff64
2025-02-04 12:27:59 [main] INFO  l.i.u.t.SubmittedApplicationsPageTest - Marking 'Taip' radio button 7
2025-02-04 12:28:09 [main] ERROR l.i.u.p.SubmittedApplicationsPage - Error selecting radio button: Expected condition failed: waiting for element to be clickable: By.xpath: (//input[@type='radio' and @value='true'])[15] (tried for 10 second(s) with 500 milliseconds interval)
Build info: version: '4.27.0', revision: 'd6e718d134'
System info: os.name: 'Windows 11', os.arch: 'amd64', os.version: '10.0', java.version: '21.0.3'
Driver info: org.openqa.selenium.chrome.ChromeDriver
Capabilities {acceptInsecureCerts: false, browserName: chrome, browserVersion: 132.0.6834.160, chrome: {chromedriverVersion: 132.0.6834.159 (2d77d3fc445..., userDataDir: C:\Users\INGRID~1.ZAD\AppDa...}, fedcm:accounts: true, goog:chromeOptions: {debuggerAddress: localhost:49500}, networkConnectionEnabled: false, pageLoadStrategy: normal, platformName: windows, proxy: Proxy(), se:cdp: ws://localhost:49500/devtoo..., se:cdpVersion: 132.0.6834.160, setWindowRect: true, strictFileInteractability: false, timeouts: {implicit: 0, pageLoad: 300000, script: 30000}, unhandledPromptBehavior: dismiss and notify, webauthn:extension:credBlob: true, webauthn:extension:largeBlob: true, webauthn:extension:minPinLength: true, webauthn:extension:prf: true, webauthn:virtualAuthenticators: true}
Session ID: 9402bfcddc7795de84886e7245dcff64
2025-02-04 12:28:09 [main] INFO  l.i.u.t.SubmittedApplicationsPageTest - Marking 'Taip' radio button 8
2025-02-04 12:28:19 [main] ERROR l.i.u.p.SubmittedApplicationsPage - Error selecting radio button: Expected condition failed: waiting for element to be clickable: By.xpath: (//input[@type='radio' and @value='true'])[16] (tried for 10 second(s) with 500 milliseconds interval)
Build info: version: '4.27.0', revision: 'd6e718d134'
System info: os.name: 'Windows 11', os.arch: 'amd64', os.version: '10.0', java.version: '21.0.3'
Driver info: org.openqa.selenium.chrome.ChromeDriver
Capabilities {acceptInsecureCerts: false, browserName: chrome, browserVersion: 132.0.6834.160, chrome: {chromedriverVersion: 132.0.6834.159 (2d77d3fc445..., userDataDir: C:\Users\INGRID~1.ZAD\AppDa...}, fedcm:accounts: true, goog:chromeOptions: {debuggerAddress: localhost:49500}, networkConnectionEnabled: false, pageLoadStrategy: normal, platformName: windows, proxy: Proxy(), se:cdp: ws://localhost:49500/devtoo..., se:cdpVersion: 132.0.6834.160, setWindowRect: true, strictFileInteractability: false, timeouts: {implicit: 0, pageLoad: 300000, script: 30000}, unhandledPromptBehavior: dismiss and notify, webauthn:extension:credBlob: true, webauthn:extension:largeBlob: true, webauthn:extension:minPinLength: true, webauthn:extension:prf: true, webauthn:virtualAuthenticators: true}
Session ID: 9402bfcddc7795de84886e7245dcff64
2025-02-04 12:28:20 [main] INFO  l.i.u.t.SubmittedApplicationsPageTest - Marking 'Taip' radio button 9
2025-02-04 12:28:30 [main] ERROR l.i.u.p.SubmittedApplicationsPage - Error selecting radio button: Expected condition failed: waiting for element to be clickable: By.xpath: (//input[@type='radio' and @value='true'])[17] (tried for 10 second(s) with 500 milliseconds interval)
Build info: version: '4.27.0', revision: 'd6e718d134'
System info: os.name: 'Windows 11', os.arch: 'amd64', os.version: '10.0', java.version: '21.0.3'
Driver info: org.openqa.selenium.chrome.ChromeDriver
Capabilities {acceptInsecureCerts: false, browserName: chrome, browserVersion: 132.0.6834.160, chrome: {chromedriverVersion: 132.0.6834.159 (2d77d3fc445..., userDataDir: C:\Users\INGRID~1.ZAD\AppDa...}, fedcm:accounts: true, goog:chromeOptions: {debuggerAddress: localhost:49500}, networkConnectionEnabled: false, pageLoadStrategy: normal, platformName: windows, proxy: Proxy(), se:cdp: ws://localhost:49500/devtoo..., se:cdpVersion: 132.0.6834.160, setWindowRect: true, strictFileInteractability: false, timeouts: {implicit: 0, pageLoad: 300000, script: 30000}, unhandledPromptBehavior: dismiss and notify, webauthn:extension:credBlob: true, webauthn:extension:largeBlob: true, webauthn:extension:minPinLength: true, webauthn:extension:prf: true, webauthn:virtualAuthenticators: true}
Session ID: 9402bfcddc7795de84886e7245dcff64
2025-02-04 12:28:30 [main] INFO  l.i.u.t.SubmittedApplicationsPageTest - Marking 'Taip' radio button 10
2025-02-04 12:28:40 [main] ERROR l.i.u.p.SubmittedApplicationsPage - Error selecting radio button: Expected condition failed: waiting for element to be clickable: By.xpath: (//input[@type='radio' and @value='true'])[18] (tried for 10 second(s) with 500 milliseconds interval)
Build info: version: '4.27.0', revision: 'd6e718d134'
System info: os.name: 'Windows 11', os.arch: 'amd64', os.version: '10.0', java.version: '21.0.3'
Driver info: org.openqa.selenium.chrome.ChromeDriver
Capabilities {acceptInsecureCerts: false, browserName: chrome, browserVersion: 132.0.6834.160, chrome: {chromedriverVersion: 132.0.6834.159 (2d77d3fc445..., userDataDir: C:\Users\INGRID~1.ZAD\AppDa...}, fedcm:accounts: true, goog:chromeOptions: {debuggerAddress: localhost:49500}, networkConnectionEnabled: false, pageLoadStrategy: normal, platformName: windows, proxy: Proxy(), se:cdp: ws://localhost:49500/devtoo..., se:cdpVersion: 132.0.6834.160, setWindowRect: true, strictFileInteractability: false, timeouts: {implicit: 0, pageLoad: 300000, script: 30000}, unhandledPromptBehavior: dismiss and notify, webauthn:extension:credBlob: true, webauthn:extension:largeBlob: true, webauthn:extension:minPinLength: true, webauthn:extension:prf: true, webauthn:virtualAuthenticators: true}
Session ID: 9402bfcddc7795de84886e7245dcff64
2025-02-04 12:28:40 [main] INFO  l.i.u.t.SubmittedApplicationsPageTest - Marking 'Taip' radio button 11
2025-02-04 12:28:50 [main] ERROR l.i.u.p.SubmittedApplicationsPage - Error selecting radio button: Expected condition failed: waiting for element to be clickable: By.xpath: (//input[@type='radio' and @value='true'])[19] (tried for 10 second(s) with 500 milliseconds interval)
Build info: version: '4.27.0', revision: 'd6e718d134'
System info: os.name: 'Windows 11', os.arch: 'amd64', os.version: '10.0', java.version: '21.0.3'
Driver info: org.openqa.selenium.chrome.ChromeDriver
Capabilities {acceptInsecureCerts: false, browserName: chrome, browserVersion: 132.0.6834.160, chrome: {chromedriverVersion: 132.0.6834.159 (2d77d3fc445..., userDataDir: C:\Users\INGRID~1.ZAD\AppDa...}, fedcm:accounts: true, goog:chromeOptions: {debuggerAddress: localhost:49500}, networkConnectionEnabled: false, pageLoadStrategy: normal, platformName: windows, proxy: Proxy(), se:cdp: ws://localhost:49500/devtoo..., se:cdpVersion: 132.0.6834.160, setWindowRect: true, strictFileInteractability: false, timeouts: {implicit: 0, pageLoad: 300000, script: 30000}, unhandledPromptBehavior: dismiss and notify, webauthn:extension:credBlob: true, webauthn:extension:largeBlob: true, webauthn:extension:minPinLength: true, webauthn:extension:prf: true, webauthn:virtualAuthenticators: true}
Session ID: 9402bfcddc7795de84886e7245dcff64
2025-02-04 12:28:50 [main] INFO  l.i.u.t.SubmittedApplicationsPageTest - Marking 'Taip' radio button 12
2025-02-04 12:29:00 [main] DEBUG l.i.u.t.SubmittedApplicationsPageTest - Checked 'ConfirmationStepFour'
2025-02-04 12:29:00 [main] DEBUG l.i.u.t.SubmittedApplicationsPageTest - Clicked 'Next' button after checkboxes.
2025-02-04 12:29:00 [main] INFO  l.i.u.p.SubmittedApplicationsPage - File uploaded successfully to an input element.
2025-02-04 12:29:00 [main] INFO  l.i.u.p.SubmittedApplicationsPage - File uploaded successfully to an input element.
2025-02-04 12:29:00 [main] INFO  l.i.u.p.SubmittedApplicationsPage - File uploaded successfully to an input element.
2025-02-04 12:29:00 [main] INFO  l.i.u.p.SubmittedApplicationsPage - File uploaded successfully to an input element.
2025-02-04 12:29:01 [main] INFO  l.i.u.p.SubmittedApplicationsPage - File uploaded successfully to an input element.
2025-02-04 12:29:01 [main] INFO  l.i.u.p.SubmittedApplicationsPage - File uploaded successfully to an input element.
2025-02-04 12:29:01 [main] INFO  l.i.u.p.SubmittedApplicationsPage - File uploaded successfully to an input element.
2025-02-04 12:29:01 [main] INFO  l.i.u.p.SubmittedApplicationsPage - File uploaded successfully to an input element.
2025-02-04 12:29:01 [main] DEBUG l.i.u.t.SubmittedApplicationsPageTest - Entered program name: 'Dokumentas 1'.
2025-02-04 12:29:01 [main] DEBUG l.i.u.t.SubmittedApplicationsPageTest - Entered program name: 'Dokumentas 2'.
2025-02-04 12:29:01 [main] DEBUG l.i.u.t.SubmittedApplicationsPageTest - Entered program name: 'Dokumentas 3'.
2025-02-04 12:29:01 [main] DEBUG l.i.u.t.SubmittedApplicationsPageTest - Entered program name: 'Dokumentas 4'.
2025-02-04 12:29:02 [main] DEBUG l.i.u.t.SubmittedApplicationsPageTest - Entered program name: 'Dokumentas 5'.
2025-02-04 12:29:02 [main] DEBUG l.i.u.t.SubmittedApplicationsPageTest - Entered program name: 'Dokumentas 6'.
2025-02-04 12:29:02 [main] DEBUG l.i.u.t.SubmittedApplicationsPageTest - Entered program name: 'Dokumentas 4'.
2025-02-04 12:29:02 [main] DEBUG l.i.u.t.SubmittedApplicationsPageTest - Entered program name: 'Dokumentas 8'.
2025-02-04 12:29:12 [main] DEBUG l.i.u.t.SubmittedApplicationsPageTest - Checked 'ConfirmationDocument'
2025-02-04 12:29:22 [main] DEBUG l.i.u.t.SubmittedApplicationsPageTest - Checked 'ConfirmationApplication'
2025-02-04 12:29:22 [main] DEBUG l.i.u.t.SubmittedApplicationsPageTest - Clicked 'Review' button after checkboxes.
2025-02-04 12:29:33 [main] ERROR l.i.u.t.SubmittedApplicationsPageTest - Test 'testFillNewApplication' failed with error: no such element: Unable to locate element: {"method":"xpath","selector":"//button[contains(@class, 'btn--primary') and text()='Pateikti']"}
  (Session info: chrome=132.0.6834.160)
For documentation on this error, please visit: https://www.selenium.dev/documentation/webdriver/troubleshooting/errors#no-such-element-exception
Build info: version: '4.27.0', revision: 'd6e718d134'
System info: os.name: 'Windows 11', os.arch: 'amd64', os.version: '10.0', java.version: '21.0.3'
Driver info: org.openqa.selenium.chrome.ChromeDriver
Command: [9402bfcddc7795de84886e7245dcff64, findElement {using=xpath, value=//button[contains(@class, 'btn--primary') and text()='Pateikti']}]
Capabilities {acceptInsecureCerts: false, browserName: chrome, browserVersion: 132.0.6834.160, chrome: {chromedriverVersion: 132.0.6834.159 (2d77d3fc445..., userDataDir: C:\Users\INGRID~1.ZAD\AppDa...}, fedcm:accounts: true, goog:chromeOptions: {debuggerAddress: localhost:49500}, networkConnectionEnabled: false, pageLoadStrategy: normal, platformName: windows, proxy: Proxy(), se:cdp: ws://localhost:49500/devtoo..., se:cdpVersion: 132.0.6834.160, setWindowRect: true, strictFileInteractability: false, timeouts: {implicit: 0, pageLoad: 300000, script: 30000}, unhandledPromptBehavior: dismiss and notify, webauthn:extension:credBlob: true, webauthn:extension:largeBlob: true, webauthn:extension:minPinLength: true, webauthn:extension:prf: true, webauthn:virtualAuthenticators: true}
Session ID: 9402bfcddc7795de84886e7245dcff64
org.openqa.selenium.NoSuchElementException: no such element: Unable to locate element: {"method":"xpath","selector":"//button[contains(@class, 'btn--primary') and text()='Pateikti']"}
  (Session info: chrome=132.0.6834.160)
For documentation on this error, please visit: https://www.selenium.dev/documentation/webdriver/troubleshooting/errors#no-such-element-exception
Build info: version: '4.27.0', revision: 'd6e718d134'
System info: os.name: 'Windows 11', os.arch: 'amd64', os.version: '10.0', java.version: '21.0.3'
Driver info: org.openqa.selenium.chrome.ChromeDriver
Command: [9402bfcddc7795de84886e7245dcff64, findElement {using=xpath, value=//button[contains(@class, 'btn--primary') and text()='Pateikti']}]
Capabilities {acceptInsecureCerts: false, browserName: chrome, browserVersion: 132.0.6834.160, chrome: {chromedriverVersion: 132.0.6834.159 (2d77d3fc445..., userDataDir: C:\Users\INGRID~1.ZAD\AppDa...}, fedcm:accounts: true, goog:chromeOptions: {debuggerAddress: localhost:49500}, networkConnectionEnabled: false, pageLoadStrategy: normal, platformName: windows, proxy: Proxy(), se:cdp: ws://localhost:49500/devtoo..., se:cdpVersion: 132.0.6834.160, setWindowRect: true, strictFileInteractability: false, timeouts: {implicit: 0, pageLoad: 300000, script: 30000}, unhandledPromptBehavior: dismiss and notify, webauthn:extension:credBlob: true, webauthn:extension:largeBlob: true, webauthn:extension:minPinLength: true, webauthn:extension:prf: true, webauthn:virtualAuthenticators: true}
Session ID: 9402bfcddc7795de84886e7245dcff64
	at java.base/jdk.internal.reflect.DirectConstructorHandleAccessor.newInstance(DirectConstructorHandleAccessor.java:62)
	at java.base/java.lang.reflect.Constructor.newInstanceWithCaller(Constructor.java:502)
	at java.base/java.lang.reflect.Constructor.newInstance(Constructor.java:486)
	at org.openqa.selenium.remote.ErrorCodec.decode(ErrorCodec.java:167)
	at org.openqa.selenium.remote.codec.w3c.W3CHttpResponseCodec.decode(W3CHttpResponseCodec.java:138)
	at org.openqa.selenium.remote.codec.w3c.W3CHttpResponseCodec.decode(W3CHttpResponseCodec.java:50)
	at org.openqa.selenium.remote.HttpCommandExecutor.execute(HttpCommandExecutor.java:190)
	at org.openqa.selenium.remote.service.DriverCommandExecutor.invokeExecute(DriverCommandExecutor.java:216)
	at org.openqa.selenium.remote.service.DriverCommandExecutor.execute(DriverCommandExecutor.java:174)
	at org.openqa.selenium.remote.RemoteWebDriver.execute(RemoteWebDriver.java:545)
	at org.openqa.selenium.remote.ElementLocation$ElementFinder$2.findElement(ElementLocation.java:165)
	at org.openqa.selenium.remote.ElementLocation.findElement(ElementLocation.java:59)
	at org.openqa.selenium.remote.RemoteWebDriver.findElement(RemoteWebDriver.java:368)
	at org.openqa.selenium.remote.RemoteWebDriver.findElement(RemoteWebDriver.java:362)
	at org.openqa.selenium.support.pagefactory.DefaultElementLocator.findElement(DefaultElementLocator.java:68)
	at org.openqa.selenium.support.pagefactory.internal.LocatingElementHandler.invoke(LocatingElementHandler.java:38)
	at jdk.proxy2/jdk.proxy2.$Proxy14.isSelected(Unknown Source)
	at lt.insoft.uztis.pages.SubmittedApplicationsPage.clickButtonSubmit(SubmittedApplicationsPage.java:392)
	at lt.insoft.uztis.tests.SubmittedApplicationsPageTest.testFillNewApplication(SubmittedApplicationsPageTest.java:406)
	at java.base/jdk.internal.reflect.DirectMethodHandleAccessor.invoke(DirectMethodHandleAccessor.java:103)
	at java.base/java.lang.reflect.Method.invoke(Method.java:580)
	at org.junit.platform.commons.util.ReflectionUtils.invokeMethod(ReflectionUtils.java:728)
	at org.junit.jupiter.engine.execution.MethodInvocation.proceed(MethodInvocation.java:60)
	at org.junit.jupiter.engine.execution.InvocationInterceptorChain$ValidatingInvocation.proceed(InvocationInterceptorChain.java:131)
	at org.junit.jupiter.engine.extension.TimeoutExtension.intercept(TimeoutExtension.java:156)
	at org.junit.jupiter.engine.extension.TimeoutExtension.interceptTestableMethod(TimeoutExtension.java:147)
	at org.junit.jupiter.engine.extension.TimeoutExtension.interceptTestMethod(TimeoutExtension.java:86)
	at org.junit.jupiter.engine.execution.InterceptingExecutableInvoker$ReflectiveInterceptorCall.lambda$ofVoidMethod$0(InterceptingExecutableInvoker.java:103)
	at org.junit.jupiter.engine.execution.InterceptingExecutableInvoker.lambda$invoke$0(InterceptingExecutableInvoker.java:93)
	at org.junit.jupiter.engine.execution.InvocationInterceptorChain$InterceptedInvocation.proceed(InvocationInterceptorChain.java:106)
	at org.junit.jupiter.engine.execution.InvocationInterceptorChain.proceed(InvocationInterceptorChain.java:64)
	at org.junit.jupiter.engine.execution.InvocationInterceptorChain.chainAndInvoke(InvocationInterceptorChain.java:45)
	at org.junit.jupiter.engine.execution.InvocationInterceptorChain.invoke(InvocationInterceptorChain.java:37)
	at org.junit.jupiter.engine.execution.InterceptingExecutableInvoker.invoke(InterceptingExecutableInvoker.java:92)
	at org.junit.jupiter.engine.execution.InterceptingExecutableInvoker.invoke(InterceptingExecutableInvoker.java:86)
	at org.junit.jupiter.engine.descriptor.TestMethodTestDescriptor.lambda$invokeTestMethod$7(TestMethodTestDescriptor.java:218)
	at org.junit.platform.engine.support.hierarchical.ThrowableCollector.execute(ThrowableCollector.java:73)
	at org.junit.jupiter.engine.descriptor.TestMethodTestDescriptor.invokeTestMethod(TestMethodTestDescriptor.java:214)
	at org.junit.jupiter.engine.descriptor.TestMethodTestDescriptor.execute(TestMethodTestDescriptor.java:139)
	at org.junit.jupiter.engine.descriptor.TestMethodTestDescriptor.execute(TestMethodTestDescriptor.java:69)
	at org.junit.platform.engine.support.hierarchical.NodeTestTask.lambda$executeRecursively$6(NodeTestTask.java:151)
	at org.junit.platform.engine.support.hierarchical.ThrowableCollector.execute(ThrowableCollector.java:73)
	at org.junit.platform.engine.support.hierarchical.NodeTestTask.lambda$executeRecursively$8(NodeTestTask.java:141)
	at org.junit.platform.engine.support.hierarchical.Node.around(Node.java:137)
	at org.junit.platform.engine.support.hierarchical.NodeTestTask.lambda$executeRecursively$9(NodeTestTask.java:139)
	at org.junit.platform.engine.support.hierarchical.ThrowableCollector.execute(ThrowableCollector.java:73)
	at org.junit.platform.engine.support.hierarchical.NodeTestTask.executeRecursively(NodeTestTask.java:138)
	at org.junit.platform.engine.support.hierarchical.NodeTestTask.execute(NodeTestTask.java:95)
	at java.base/java.util.ArrayList.forEach(ArrayList.java:1596)
	at org.junit.platform.engine.support.hierarchical.SameThreadHierarchicalTestExecutorService.invokeAll(SameThreadHierarchicalTestExecutorService.java:41)
	at org.junit.platform.engine.support.hierarchical.NodeTestTask.lambda$executeRecursively$6(NodeTestTask.java:155)
	at org.junit.platform.engine.support.hierarchical.ThrowableCollector.execute(ThrowableCollector.java:73)
	at org.junit.platform.engine.support.hierarchical.NodeTestTask.lambda$executeRecursively$8(NodeTestTask.java:141)
	at org.junit.platform.engine.support.hierarchical.Node.around(Node.java:137)
	at org.junit.platform.engine.support.hierarchical.NodeTestTask.lambda$executeRecursively$9(NodeTestTask.java:139)
	at org.junit.platform.engine.support.hierarchical.ThrowableCollector.execute(ThrowableCollector.java:73)
	at org.junit.platform.engine.support.hierarchical.NodeTestTask.executeRecursively(NodeTestTask.java:138)
	at org.junit.platform.engine.support.hierarchical.NodeTestTask.execute(NodeTestTask.java:95)
	at java.base/java.util.ArrayList.forEach(ArrayList.java:1596)
	at org.junit.platform.engine.support.hierarchical.SameThreadHierarchicalTestExecutorService.invokeAll(SameThreadHierarchicalTestExecutorService.java:41)
	at org.junit.platform.engine.support.hierarchical.NodeTestTask.lambda$executeRecursively$6(NodeTestTask.java:155)
	at org.junit.platform.engine.support.hierarchical.ThrowableCollector.execute(ThrowableCollector.java:73)
	at org.junit.platform.engine.support.hierarchical.NodeTestTask.lambda$executeRecursively$8(NodeTestTask.java:141)
	at org.junit.platform.engine.support.hierarchical.Node.around(Node.java:137)
	at org.junit.platform.engine.support.hierarchical.NodeTestTask.lambda$executeRecursively$9(NodeTestTask.java:139)
	at org.junit.platform.engine.support.hierarchical.ThrowableCollector.execute(ThrowableCollector.java:73)
	at org.junit.platform.engine.support.hierarchical.NodeTestTask.executeRecursively(NodeTestTask.java:138)
	at org.junit.platform.engine.support.hierarchical.NodeTestTask.execute(NodeTestTask.java:95)
	at org.junit.platform.engine.support.hierarchical.SameThreadHierarchicalTestExecutorService.submit(SameThreadHierarchicalTestExecutorService.java:35)
	at org.junit.platform.engine.support.hierarchical.HierarchicalTestExecutor.execute(HierarchicalTestExecutor.java:57)
	at org.junit.platform.engine.support.hierarchical.HierarchicalTestEngine.execute(HierarchicalTestEngine.java:54)
	at org.junit.platform.launcher.core.EngineExecutionOrchestrator.execute(EngineExecutionOrchestrator.java:198)
	at org.junit.platform.launcher.core.EngineExecutionOrchestrator.execute(EngineExecutionOrchestrator.java:169)
	at org.junit.platform.launcher.core.EngineExecutionOrchestrator.execute(EngineExecutionOrchestrator.java:93)
	at org.junit.platform.launcher.core.EngineExecutionOrchestrator.lambda$execute$0(EngineExecutionOrchestrator.java:58)
	at org.junit.platform.launcher.core.EngineExecutionOrchestrator.withInterceptedStreams(EngineExecutionOrchestrator.java:141)
	at org.junit.platform.launcher.core.EngineExecutionOrchestrator.execute(EngineExecutionOrchestrator.java:57)
	at org.junit.platform.launcher.core.DefaultLauncher.execute(DefaultLauncher.java:103)
	at org.junit.platform.launcher.core.DefaultLauncher.execute(DefaultLauncher.java:85)
	at org.junit.platform.launcher.core.DelegatingLauncher.execute(DelegatingLauncher.java:47)
	at org.junit.platform.launcher.core.SessionPerRequestLauncher.execute(SessionPerRequestLauncher.java:63)
	at com.intellij.junit5.JUnit5IdeaTestRunner.startRunnerWithArgs(JUnit5IdeaTestRunner.java:57)
	at com.intellij.rt.junit.IdeaTestRunner$Repeater$1.execute(IdeaTestRunner.java:38)
	at com.intellij.rt.execution.junit.TestsRepeater.repeat(TestsRepeater.java:11)
	at com.intellij.rt.junit.IdeaTestRunner$Repeater.startRunnerWithArgs(IdeaTestRunner.java:35)
	at com.intellij.rt.junit.JUnitStarter.prepareStreamsAndStart(JUnitStarter.java:232)
	at com.intellij.rt.junit.JUnitStarter.main(JUnitStarter.java:55)
2025-02-04 12:29:33 [main] INFO  l.insoft.uztis.tests.utils.TestUtils - Screenshot moved to C:\Users\ingrida.zadorozniene\Desktop\Asm\UZTIS\UZTIS_tests\test-output\screenshots\20250204\122933238_testFillNewApplication().png
2025-02-04 12:34:05 [main] INFO  lt.insoft.uztis.tests.UztisPageTest - Navigated to https://uztisdev.asseco.lt/home
2025-02-04 12:34:05 [main] INFO  l.i.u.t.SubmittedApplicationsPageTest - Starting test:'testFillNewApplication'
2025-02-04 12:34:05 [main] DEBUG l.i.u.t.SubmittedApplicationsPageTest - User logged in with test credentials.
2025-02-04 12:34:05 [main] DEBUG l.i.u.t.SubmittedApplicationsPageTest - Opened 'Application Processing' menu.
2025-02-04 12:34:05 [main] DEBUG l.i.u.t.SubmittedApplicationsPageTest - Clicked on 'Application Forms' menu.
2025-02-04 12:34:06 [main] DEBUG l.i.u.t.SubmittedApplicationsPageTest - Retrieved last description code text: 'TST-VUI-27'.
2025-02-04 12:34:06 [main] DEBUG l.i.u.t.SubmittedApplicationsPageTest - Clicked on 'Invitation' menu.
2025-02-04 12:34:07 [main] DEBUG l.i.u.t.SubmittedApplicationsPageTest - Selected application section by code: 'TST-VUI-27'.
2025-02-04 12:34:07 [main] DEBUG l.i.u.t.SubmittedApplicationsPageTest - Clicked 'Search' button.
2025-02-04 12:34:07 [main] DEBUG l.i.u.t.SubmittedApplicationsPageTest - Retrieved invitation code: ''.
2025-02-04 12:34:07 [main] DEBUG l.i.u.t.SubmittedApplicationsPageTest - Clicked on 'Submitted Applications' menu.
2025-02-04 12:34:08 [main] DEBUG l.i.u.t.SubmittedApplicationsPageTest - Selected invitation by code: 'TST-VUI-27'.
2025-02-04 12:34:08 [main] DEBUG l.i.u.t.SubmittedApplicationsPageTest - Invitation code inserted.
2025-02-04 12:34:08 [main] DEBUG l.i.u.t.SubmittedApplicationsPageTest - Clicked on 'Action Application' button.
2025-02-04 12:34:08 [main] DEBUG l.i.u.t.SubmittedApplicationsPageTest - Clicked on 'New Application' button.
2025-02-04 12:34:09 [main] DEBUG l.i.u.t.SubmittedApplicationsPageTest - Selected the 'RadioButtonFA' option.
2025-02-04 12:34:09 [main] DEBUG l.i.u.t.SubmittedApplicationsPageTest - Entered phone number: '61298745'.
2025-02-04 12:34:09 [main] DEBUG l.i.u.t.SubmittedApplicationsPageTest - Entered email: 'test@autotest.com'.
2025-02-04 12:34:09 [main] INFO  l.i.u.p.SubmittedApplicationsPage - Located the dropdown button.
2025-02-04 12:34:28 [main] INFO  l.i.u.p.SubmittedApplicationsPage - Found 1741 options in the dropdown.
2025-02-04 12:34:28 [main] INFO  l.i.u.p.SubmittedApplicationsPage - Successfully selected the value: '01.11 - Grūdinių (išskyrus ryžius), ankštinių ir aliejingų sėklų augalų auginimas'
2025-02-04 12:34:38 [main] ERROR l.i.u.p.SubmittedApplicationsPage - Failed to close the dropdown with aria-expanded = 'false'. Attempting manual close.
2025-02-04 12:34:38 [main] INFO  l.i.u.p.SubmittedApplicationsPage - Manual close attempt for the dropdown using body click.
2025-02-04 12:34:38 [main] DEBUG l.i.u.t.SubmittedApplicationsPageTest - Selected EVRK value: '01.11 - Grūdinių (išskyrus ryžius), ankštinių ir aliejingų sėklų augalų auginimas'.
2025-02-04 12:34:39 [main] DEBUG l.i.u.t.SubmittedApplicationsPageTest - Entered address: 'Vilniaus m. sav., Vilnius, Testo g. 10T'.
2025-02-04 12:34:39 [main] DEBUG l.i.u.t.SubmittedApplicationsPageTest - Entered project date.
2025-02-04 12:34:39 [main] DEBUG l.i.u.t.SubmittedApplicationsPageTest - Entered job count: '1'.
2025-02-04 12:34:39 [main] DEBUG l.i.u.t.SubmittedApplicationsPageTest - Clicked 'Next' button.
2025-02-04 12:34:39 [main] INFO  l.i.u.p.SubmittedApplicationsPage - Located the dropdown button.
2025-02-04 12:34:41 [main] INFO  l.i.u.p.SubmittedApplicationsPage - Successfully selected the value: 'Administratoriai'
2025-02-04 12:35:11 [main] ERROR l.i.u.p.SubmittedApplicationsPage - Timeout while waiting for dropdown to close with aria-expanded = 'false'.
2025-02-04 12:35:11 [main] DEBUG l.i.u.t.SubmittedApplicationsPageTest - Selected job name: 'Administratoriai'.
2025-02-04 12:35:11 [main] DEBUG l.i.u.t.SubmittedApplicationsPageTest - Entered job function: 'Funkcija 1'.
2025-02-04 12:35:11 [main] DEBUG l.i.u.t.SubmittedApplicationsPageTest - Selected 'RadioButtonWithDisabilities' option.
2025-02-04 12:35:11 [main] INFO  l.i.u.p.SubmittedApplicationsPage - Clicking on the dropdown button.
2025-02-04 12:35:12 [main] INFO  l.i.u.p.SubmittedApplicationsPage - Found 34 options in the dropdown.
2025-02-04 12:35:12 [main] DEBUG l.i.u.p.SubmittedApplicationsPage - Checking option: 'Asmenys, kuriems suteiktas pabėgėlio statusas ar perkeliamojo asmens statusas, arba asmenys, kuriems suteikta papildoma ar laikinoji apsauga, ir asmenys, turintys teisę gauti laikinąją apsaugą, iki sprendimo dėl laikinosios apsaugos suteikimo (nesuteikimo) priėmimo, tačiau ne ilgiau kaip laikinosios apsaugos laikotarpiu'
2025-02-04 12:35:12 [main] DEBUG l.i.u.p.SubmittedApplicationsPage - Checking option: 'Asmenys, kuriems suteiktas pabėgėlio statusas ar perkeliamojo asmens statusas, arba asmenys, kuriems suteikta papildoma ar laikinoji apsauga, ir asmenys, turintys teisę gauti laikinąją apsaugą, iki sprendimo dėl laikinosios apsaugos suteikimo (nesuteikimo) priėmimo, tačiau ne ilgiau kaip laikinosios apsaugos laikotarpiu'
2025-02-04 12:35:12 [main] DEBUG l.i.u.p.SubmittedApplicationsPage - Checking option: 'Asmenys, turintys teisę į papildomas užimtumo garantijas pagal Lietuvos Respublikos valstybės įmonės Ignalinos atominės elektrinės darbuotojų papildomų užimtumo ir socialinių garantijų įstatymą'
2025-02-04 12:35:12 [main] DEBUG l.i.u.p.SubmittedApplicationsPage - Checking option: 'Asmenys, turintys teisę į papildomas užimtumo garantijas pagal Lietuvos Respublikos valstybės įmonės Ignalinos atominės elektrinės darbuotojų papildomų užimtumo ir socialinių garantijų įstatymą'
2025-02-04 12:35:12 [main] DEBUG l.i.u.p.SubmittedApplicationsPage - Checking option: 'Bedarbiai iki 29 metų'
2025-02-04 12:35:12 [main] DEBUG l.i.u.p.SubmittedApplicationsPage - Checking option: 'Bedarbiai iki 29 metų'
2025-02-04 12:35:12 [main] DEBUG l.i.u.p.SubmittedApplicationsPage - Checking option: 'Bedarbiai, kurie yra darbingo amžiaus neįgalieji, kuriems nustatytas 30–40 procentų darbingumo lygis arba vidutinis neįgalumo lygis'
2025-02-04 12:35:12 [main] DEBUG l.i.u.p.SubmittedApplicationsPage - Checking option: 'Bedarbiai, kurie yra darbingo amžiaus neįgalieji, kuriems nustatytas 30–40 procentų darbingumo lygis arba vidutinis neįgalumo lygis'
2025-02-04 12:35:12 [main] DEBUG l.i.u.p.SubmittedApplicationsPage - Checking option: 'Bedarbiai, kurie yra darbingo amžiaus neįgalieji, kuriems nustatytas 45–55 procentų darbingumo lygis arba lengvas neįgalumo lygis'
2025-02-04 12:35:12 [main] DEBUG l.i.u.p.SubmittedApplicationsPage - Checking option: 'Bedarbiai, kurie yra darbingo amžiaus neįgalieji, kuriems nustatytas 45–55 procentų darbingumo lygis arba lengvas neįgalumo lygis'
2025-02-04 12:35:12 [main] DEBUG l.i.u.p.SubmittedApplicationsPage - Checking option: 'Bedarbiai, kurie yra darbingo amžiaus neįgalieji, kuriems nustatytas iki 25 procentų darbingumo lygis arba sunkus neįgalumo lygis'
2025-02-04 12:35:12 [main] INFO  l.i.u.p.SubmittedApplicationsPage - Successfully selected the value: 'Bedarbiai, kurie yra darbingo amžiaus neįgalieji, kuriems nustatytas iki 25 procentų darbingumo lygis arba sunkus neįgalumo lygis'
2025-02-04 12:35:12 [main] INFO  l.i.u.p.SubmittedApplicationsPage - Attempting to close the dropdown.
2025-02-04 12:35:23 [main] INFO  l.i.u.p.SubmittedApplicationsPage - Dropdown should be closed now.
2025-02-04 12:35:23 [main] DEBUG l.i.u.t.SubmittedApplicationsPageTest - Selected disabilities type: 'Bedarbiai, kurie yra darbingo amžiaus neįgalieji, kuriems nustatytas iki 25 procentų darbingumo lygis arba sunkus neįgalumo lygis'.
2025-02-04 12:35:23 [main] DEBUG l.i.u.t.SubmittedApplicationsPageTest - Entered disability information: 'Negalia 1'.
2025-02-04 12:35:23 [main] INFO  l.i.u.p.SubmittedApplicationsPage - Located the dropdown button.
2025-02-04 12:35:24 [main] INFO  l.i.u.p.SubmittedApplicationsPage - Successfully selected the value: 'Kita'
2025-02-04 12:35:34 [main] ERROR l.i.u.p.SubmittedApplicationsPage - Timeout while waiting for dropdown to close with aria-expanded = 'false'.
2025-02-04 12:35:34 [main] DEBUG l.i.u.t.SubmittedApplicationsPageTest - Selected time mode: 'Kita'.
2025-02-04 12:35:34 [main] DEBUG l.i.u.t.SubmittedApplicationsPageTest - Selected time mode other: '6 val. per dieną ir 4 d. per savaitę'.
2025-02-04 12:35:35 [main] DEBUG l.i.u.t.SubmittedApplicationsPageTest - Entered qualification: 'Kvalifikacija 1'.
2025-02-04 12:35:35 [main] DEBUG l.i.u.t.SubmittedApplicationsPageTest - Entered job date.
2025-02-04 12:35:35 [main] DEBUG l.i.u.t.SubmittedApplicationsPageTest - Entered salary amount: '1200'.
2025-02-04 12:35:35 [main] DEBUG l.i.u.t.SubmittedApplicationsPageTest - Selected 'Temporary Job' radio button.
2025-02-04 12:35:35 [main] DEBUG l.i.u.t.SubmittedApplicationsPageTest - Selected 'Season Job' radio button.
2025-02-04 12:35:36 [main] DEBUG l.i.u.t.SubmittedApplicationsPageTest - Selected 'Energy' radio button.
2025-02-04 12:35:36 [main] DEBUG l.i.u.t.SubmittedApplicationsPageTest - Selected 'Repair' radio button.
2025-02-04 12:35:36 [main] DEBUG l.i.u.t.SubmittedApplicationsPageTest - Entered job description: 'Veikla 1'.
2025-02-04 12:35:36 [main] DEBUG l.i.u.t.SubmittedApplicationsPageTest - Entered process description: 'Procesas 1'.
2025-02-04 12:35:36 [main] DEBUG l.i.u.t.SubmittedApplicationsPageTest - Entered energy information: 'Energija 1'.
2025-02-04 12:35:36 [main] DEBUG l.i.u.t.SubmittedApplicationsPageTest - Entered repair information: 'Remontas 1'.
2025-02-04 12:35:37 [main] DEBUG l.i.u.t.SubmittedApplicationsPageTest - Selected 'PVM' radio button.
2025-02-04 12:35:37 [main] INFO  l.i.u.p.SubmittedApplicationsPage - Located the dropdown button.
2025-02-04 12:35:37 [main] INFO  l.i.u.p.SubmittedApplicationsPage - Successfully selected the value: 'Įsigyti'
2025-02-04 12:35:58 [main] ERROR l.i.u.p.SubmittedApplicationsPage - Timeout while waiting for dropdown to close with aria-expanded = 'false'.
2025-02-04 12:35:58 [main] DEBUG l.i.u.t.SubmittedApplicationsPageTest - Selected necessary for job: 'Įsigyti'.
2025-02-04 12:35:58 [main] DEBUG l.i.u.t.SubmittedApplicationsPageTest - Selected tool: 'Darbo priemonė 1'.
2025-02-04 12:35:58 [main] DEBUG l.i.u.t.SubmittedApplicationsPageTest - Selected tool parameter one: 'Darbo priemonės 1 parametras 1'.
2025-02-04 12:35:58 [main] DEBUG l.i.u.t.SubmittedApplicationsPageTest - Selected tool parameter two: 'Darbo priemonės 1 parametras 2'.
2025-02-04 12:35:58 [main] DEBUG l.i.u.t.SubmittedApplicationsPageTest - Selected tool parameter three: 'Darbo priemonės 1 parametras 3'.
2025-02-04 12:35:59 [main] DEBUG l.i.u.t.SubmittedApplicationsPageTest - Entered tool count: '1'.
2025-02-04 12:35:59 [main] DEBUG l.i.u.t.SubmittedApplicationsPageTest - Entered price amount: '1000'.
2025-02-04 12:35:59 [main] DEBUG l.i.u.t.SubmittedApplicationsPageTest - Entered own funds amount: '800'.
2025-02-04 12:35:59 [main] DEBUG l.i.u.t.SubmittedApplicationsPageTest - Entered country percentage: '50'.
2025-02-04 12:35:59 [main] DEBUG l.i.u.t.SubmittedApplicationsPageTest - Entered institution percentage: '50'.
2025-02-04 12:35:59 [main] DEBUG l.i.u.t.SubmittedApplicationsPageTest - Entered municipality percentage: '50'.
2025-02-04 12:35:59 [main] DEBUG l.i.u.t.SubmittedApplicationsPageTest - Selected 'De Minimis' radio button.
2025-02-04 12:36:00 [main] DEBUG l.i.u.t.SubmittedApplicationsPageTest - Entered program name: 'Programa 1'.
2025-02-04 12:36:00 [main] DEBUG l.i.u.t.SubmittedApplicationsPageTest - Entered project date from.
2025-02-04 12:36:00 [main] DEBUG l.i.u.t.SubmittedApplicationsPageTest - Entered project date until.
2025-02-04 12:36:00 [main] DEBUG l.i.u.t.SubmittedApplicationsPageTest - Entered support amount: '2000'.
2025-02-04 12:36:00 [main] DEBUG l.i.u.t.SubmittedApplicationsPageTest - Clicked 'Next' button.
2025-02-04 12:36:11 [main] DEBUG l.i.u.t.SubmittedApplicationsPageTest - Checked 'Legal Entities' checkbox 1.
2025-02-04 12:36:21 [main] DEBUG l.i.u.t.SubmittedApplicationsPageTest - Checked 'Legal Entities' checkbox 2.
2025-02-04 12:36:31 [main] DEBUG l.i.u.t.SubmittedApplicationsPageTest - Checked 'Legal Entities' checkbox 3.
2025-02-04 12:36:31 [main] DEBUG l.i.u.t.SubmittedApplicationsPageTest - Test finished: All 'Legal Entities' checkboxes checked successfully.
2025-02-04 12:36:31 [main] DEBUG l.i.u.t.SubmittedApplicationsPageTest - Clicked 'Next' button after checkboxes.
2025-02-04 12:36:41 [main] ERROR l.i.u.p.SubmittedApplicationsPage - Error selecting radio button: Expected condition failed: waiting for element to be clickable: By.xpath: (//input[@type='radio' and @value='false'])[8] (tried for 10 second(s) with 500 milliseconds interval)
Build info: version: '4.27.0', revision: 'd6e718d134'
System info: os.name: 'Windows 11', os.arch: 'amd64', os.version: '10.0', java.version: '21.0.3'
Driver info: org.openqa.selenium.chrome.ChromeDriver
Capabilities {acceptInsecureCerts: false, browserName: chrome, browserVersion: 132.0.6834.160, chrome: {chromedriverVersion: 132.0.6834.159 (2d77d3fc445..., userDataDir: C:\Users\INGRID~1.ZAD\AppDa...}, fedcm:accounts: true, goog:chromeOptions: {debuggerAddress: localhost:49845}, networkConnectionEnabled: false, pageLoadStrategy: normal, platformName: windows, proxy: Proxy(), se:cdp: ws://localhost:49845/devtoo..., se:cdpVersion: 132.0.6834.160, setWindowRect: true, strictFileInteractability: false, timeouts: {implicit: 0, pageLoad: 300000, script: 30000}, unhandledPromptBehavior: dismiss and notify, webauthn:extension:credBlob: true, webauthn:extension:largeBlob: true, webauthn:extension:minPinLength: true, webauthn:extension:prf: true, webauthn:virtualAuthenticators: true}
Session ID: 8eca2e8a6ed635622662ccb37545eb8a
2025-02-04 12:36:41 [main] INFO  l.i.u.t.SubmittedApplicationsPageTest - Marking 'Ne' radio button 1
2025-02-04 12:36:51 [main] ERROR l.i.u.p.SubmittedApplicationsPage - Error selecting radio button: Expected condition failed: waiting for element to be clickable: By.xpath: (//input[@type='radio' and @value='false'])[9] (tried for 10 second(s) with 500 milliseconds interval)
Build info: version: '4.27.0', revision: 'd6e718d134'
System info: os.name: 'Windows 11', os.arch: 'amd64', os.version: '10.0', java.version: '21.0.3'
Driver info: org.openqa.selenium.chrome.ChromeDriver
Capabilities {acceptInsecureCerts: false, browserName: chrome, browserVersion: 132.0.6834.160, chrome: {chromedriverVersion: 132.0.6834.159 (2d77d3fc445..., userDataDir: C:\Users\INGRID~1.ZAD\AppDa...}, fedcm:accounts: true, goog:chromeOptions: {debuggerAddress: localhost:49845}, networkConnectionEnabled: false, pageLoadStrategy: normal, platformName: windows, proxy: Proxy(), se:cdp: ws://localhost:49845/devtoo..., se:cdpVersion: 132.0.6834.160, setWindowRect: true, strictFileInteractability: false, timeouts: {implicit: 0, pageLoad: 300000, script: 30000}, unhandledPromptBehavior: dismiss and notify, webauthn:extension:credBlob: true, webauthn:extension:largeBlob: true, webauthn:extension:minPinLength: true, webauthn:extension:prf: true, webauthn:virtualAuthenticators: true}
Session ID: 8eca2e8a6ed635622662ccb37545eb8a
2025-02-04 12:36:51 [main] INFO  l.i.u.t.SubmittedApplicationsPageTest - Marking 'Ne' radio button 2
2025-02-04 12:37:01 [main] ERROR l.i.u.p.SubmittedApplicationsPage - Error selecting radio button: Expected condition failed: waiting for element to be clickable: By.xpath: (//input[@type='radio' and @value='false'])[10] (tried for 10 second(s) with 500 milliseconds interval)
Build info: version: '4.27.0', revision: 'd6e718d134'
System info: os.name: 'Windows 11', os.arch: 'amd64', os.version: '10.0', java.version: '21.0.3'
Driver info: org.openqa.selenium.chrome.ChromeDriver
Capabilities {acceptInsecureCerts: false, browserName: chrome, browserVersion: 132.0.6834.160, chrome: {chromedriverVersion: 132.0.6834.159 (2d77d3fc445..., userDataDir: C:\Users\INGRID~1.ZAD\AppDa...}, fedcm:accounts: true, goog:chromeOptions: {debuggerAddress: localhost:49845}, networkConnectionEnabled: false, pageLoadStrategy: normal, platformName: windows, proxy: Proxy(), se:cdp: ws://localhost:49845/devtoo..., se:cdpVersion: 132.0.6834.160, setWindowRect: true, strictFileInteractability: false, timeouts: {implicit: 0, pageLoad: 300000, script: 30000}, unhandledPromptBehavior: dismiss and notify, webauthn:extension:credBlob: true, webauthn:extension:largeBlob: true, webauthn:extension:minPinLength: true, webauthn:extension:prf: true, webauthn:virtualAuthenticators: true}
Session ID: 8eca2e8a6ed635622662ccb37545eb8a
2025-02-04 12:37:01 [main] INFO  l.i.u.t.SubmittedApplicationsPageTest - Marking 'Ne' radio button 3
2025-02-04 12:37:12 [main] ERROR l.i.u.p.SubmittedApplicationsPage - Error selecting radio button: Expected condition failed: waiting for element to be clickable: By.xpath: (//input[@type='radio' and @value='false'])[11] (tried for 10 second(s) with 500 milliseconds interval)
Build info: version: '4.27.0', revision: 'd6e718d134'
System info: os.name: 'Windows 11', os.arch: 'amd64', os.version: '10.0', java.version: '21.0.3'
Driver info: org.openqa.selenium.chrome.ChromeDriver
Capabilities {acceptInsecureCerts: false, browserName: chrome, browserVersion: 132.0.6834.160, chrome: {chromedriverVersion: 132.0.6834.159 (2d77d3fc445..., userDataDir: C:\Users\INGRID~1.ZAD\AppDa...}, fedcm:accounts: true, goog:chromeOptions: {debuggerAddress: localhost:49845}, networkConnectionEnabled: false, pageLoadStrategy: normal, platformName: windows, proxy: Proxy(), se:cdp: ws://localhost:49845/devtoo..., se:cdpVersion: 132.0.6834.160, setWindowRect: true, strictFileInteractability: false, timeouts: {implicit: 0, pageLoad: 300000, script: 30000}, unhandledPromptBehavior: dismiss and notify, webauthn:extension:credBlob: true, webauthn:extension:largeBlob: true, webauthn:extension:minPinLength: true, webauthn:extension:prf: true, webauthn:virtualAuthenticators: true}
Session ID: 8eca2e8a6ed635622662ccb37545eb8a
2025-02-04 12:37:12 [main] INFO  l.i.u.t.SubmittedApplicationsPageTest - Marking 'Ne' radio button 4
2025-02-04 12:37:22 [main] ERROR l.i.u.p.SubmittedApplicationsPage - Error selecting radio button: Expected condition failed: waiting for element to be clickable: By.xpath: (//input[@type='radio' and @value='false'])[12] (tried for 10 second(s) with 500 milliseconds interval)
Build info: version: '4.27.0', revision: 'd6e718d134'
System info: os.name: 'Windows 11', os.arch: 'amd64', os.version: '10.0', java.version: '21.0.3'
Driver info: org.openqa.selenium.chrome.ChromeDriver
Capabilities {acceptInsecureCerts: false, browserName: chrome, browserVersion: 132.0.6834.160, chrome: {chromedriverVersion: 132.0.6834.159 (2d77d3fc445..., userDataDir: C:\Users\INGRID~1.ZAD\AppDa...}, fedcm:accounts: true, goog:chromeOptions: {debuggerAddress: localhost:49845}, networkConnectionEnabled: false, pageLoadStrategy: normal, platformName: windows, proxy: Proxy(), se:cdp: ws://localhost:49845/devtoo..., se:cdpVersion: 132.0.6834.160, setWindowRect: true, strictFileInteractability: false, timeouts: {implicit: 0, pageLoad: 300000, script: 30000}, unhandledPromptBehavior: dismiss and notify, webauthn:extension:credBlob: true, webauthn:extension:largeBlob: true, webauthn:extension:minPinLength: true, webauthn:extension:prf: true, webauthn:virtualAuthenticators: true}
Session ID: 8eca2e8a6ed635622662ccb37545eb8a
2025-02-04 12:37:22 [main] INFO  l.i.u.t.SubmittedApplicationsPageTest - Marking 'Ne' radio button 5
2025-02-04 12:37:32 [main] ERROR l.i.u.p.SubmittedApplicationsPage - Error selecting radio button: Expected condition failed: waiting for element to be clickable: By.xpath: (//input[@type='radio' and @value='false'])[13] (tried for 10 second(s) with 500 milliseconds interval)
Build info: version: '4.27.0', revision: 'd6e718d134'
System info: os.name: 'Windows 11', os.arch: 'amd64', os.version: '10.0', java.version: '21.0.3'
Driver info: org.openqa.selenium.chrome.ChromeDriver
Capabilities {acceptInsecureCerts: false, browserName: chrome, browserVersion: 132.0.6834.160, chrome: {chromedriverVersion: 132.0.6834.159 (2d77d3fc445..., userDataDir: C:\Users\INGRID~1.ZAD\AppDa...}, fedcm:accounts: true, goog:chromeOptions: {debuggerAddress: localhost:49845}, networkConnectionEnabled: false, pageLoadStrategy: normal, platformName: windows, proxy: Proxy(), se:cdp: ws://localhost:49845/devtoo..., se:cdpVersion: 132.0.6834.160, setWindowRect: true, strictFileInteractability: false, timeouts: {implicit: 0, pageLoad: 300000, script: 30000}, unhandledPromptBehavior: dismiss and notify, webauthn:extension:credBlob: true, webauthn:extension:largeBlob: true, webauthn:extension:minPinLength: true, webauthn:extension:prf: true, webauthn:virtualAuthenticators: true}
Session ID: 8eca2e8a6ed635622662ccb37545eb8a
2025-02-04 12:37:32 [main] INFO  l.i.u.t.SubmittedApplicationsPageTest - Marking 'Ne' radio button 6
2025-02-04 12:37:42 [main] ERROR l.i.u.p.SubmittedApplicationsPage - Error selecting radio button: Expected condition failed: waiting for element to be clickable: By.xpath: (//input[@type='radio' and @value='true'])[14] (tried for 10 second(s) with 500 milliseconds interval)
Build info: version: '4.27.0', revision: 'd6e718d134'
System info: os.name: 'Windows 11', os.arch: 'amd64', os.version: '10.0', java.version: '21.0.3'
Driver info: org.openqa.selenium.chrome.ChromeDriver
Capabilities {acceptInsecureCerts: false, browserName: chrome, browserVersion: 132.0.6834.160, chrome: {chromedriverVersion: 132.0.6834.159 (2d77d3fc445..., userDataDir: C:\Users\INGRID~1.ZAD\AppDa...}, fedcm:accounts: true, goog:chromeOptions: {debuggerAddress: localhost:49845}, networkConnectionEnabled: false, pageLoadStrategy: normal, platformName: windows, proxy: Proxy(), se:cdp: ws://localhost:49845/devtoo..., se:cdpVersion: 132.0.6834.160, setWindowRect: true, strictFileInteractability: false, timeouts: {implicit: 0, pageLoad: 300000, script: 30000}, unhandledPromptBehavior: dismiss and notify, webauthn:extension:credBlob: true, webauthn:extension:largeBlob: true, webauthn:extension:minPinLength: true, webauthn:extension:prf: true, webauthn:virtualAuthenticators: true}
Session ID: 8eca2e8a6ed635622662ccb37545eb8a
2025-02-04 12:37:42 [main] INFO  l.i.u.t.SubmittedApplicationsPageTest - Marking 'Taip' radio button 7
2025-02-04 12:37:52 [main] ERROR l.i.u.p.SubmittedApplicationsPage - Error selecting radio button: Expected condition failed: waiting for element to be clickable: By.xpath: (//input[@type='radio' and @value='true'])[15] (tried for 10 second(s) with 500 milliseconds interval)
Build info: version: '4.27.0', revision: 'd6e718d134'
System info: os.name: 'Windows 11', os.arch: 'amd64', os.version: '10.0', java.version: '21.0.3'
Driver info: org.openqa.selenium.chrome.ChromeDriver
Capabilities {acceptInsecureCerts: false, browserName: chrome, browserVersion: 132.0.6834.160, chrome: {chromedriverVersion: 132.0.6834.159 (2d77d3fc445..., userDataDir: C:\Users\INGRID~1.ZAD\AppDa...}, fedcm:accounts: true, goog:chromeOptions: {debuggerAddress: localhost:49845}, networkConnectionEnabled: false, pageLoadStrategy: normal, platformName: windows, proxy: Proxy(), se:cdp: ws://localhost:49845/devtoo..., se:cdpVersion: 132.0.6834.160, setWindowRect: true, strictFileInteractability: false, timeouts: {implicit: 0, pageLoad: 300000, script: 30000}, unhandledPromptBehavior: dismiss and notify, webauthn:extension:credBlob: true, webauthn:extension:largeBlob: true, webauthn:extension:minPinLength: true, webauthn:extension:prf: true, webauthn:virtualAuthenticators: true}
Session ID: 8eca2e8a6ed635622662ccb37545eb8a
2025-02-04 12:37:52 [main] INFO  l.i.u.t.SubmittedApplicationsPageTest - Marking 'Taip' radio button 8
2025-02-04 12:38:02 [main] ERROR l.i.u.p.SubmittedApplicationsPage - Error selecting radio button: Expected condition failed: waiting for element to be clickable: By.xpath: (//input[@type='radio' and @value='true'])[16] (tried for 10 second(s) with 500 milliseconds interval)
Build info: version: '4.27.0', revision: 'd6e718d134'
System info: os.name: 'Windows 11', os.arch: 'amd64', os.version: '10.0', java.version: '21.0.3'
Driver info: org.openqa.selenium.chrome.ChromeDriver
Capabilities {acceptInsecureCerts: false, browserName: chrome, browserVersion: 132.0.6834.160, chrome: {chromedriverVersion: 132.0.6834.159 (2d77d3fc445..., userDataDir: C:\Users\INGRID~1.ZAD\AppDa...}, fedcm:accounts: true, goog:chromeOptions: {debuggerAddress: localhost:49845}, networkConnectionEnabled: false, pageLoadStrategy: normal, platformName: windows, proxy: Proxy(), se:cdp: ws://localhost:49845/devtoo..., se:cdpVersion: 132.0.6834.160, setWindowRect: true, strictFileInteractability: false, timeouts: {implicit: 0, pageLoad: 300000, script: 30000}, unhandledPromptBehavior: dismiss and notify, webauthn:extension:credBlob: true, webauthn:extension:largeBlob: true, webauthn:extension:minPinLength: true, webauthn:extension:prf: true, webauthn:virtualAuthenticators: true}
Session ID: 8eca2e8a6ed635622662ccb37545eb8a
2025-02-04 12:38:02 [main] INFO  l.i.u.t.SubmittedApplicationsPageTest - Marking 'Taip' radio button 9
2025-02-04 12:38:12 [main] ERROR l.i.u.p.SubmittedApplicationsPage - Error selecting radio button: Expected condition failed: waiting for element to be clickable: By.xpath: (//input[@type='radio' and @value='true'])[17] (tried for 10 second(s) with 500 milliseconds interval)
Build info: version: '4.27.0', revision: 'd6e718d134'
System info: os.name: 'Windows 11', os.arch: 'amd64', os.version: '10.0', java.version: '21.0.3'
Driver info: org.openqa.selenium.chrome.ChromeDriver
Capabilities {acceptInsecureCerts: false, browserName: chrome, browserVersion: 132.0.6834.160, chrome: {chromedriverVersion: 132.0.6834.159 (2d77d3fc445..., userDataDir: C:\Users\INGRID~1.ZAD\AppDa...}, fedcm:accounts: true, goog:chromeOptions: {debuggerAddress: localhost:49845}, networkConnectionEnabled: false, pageLoadStrategy: normal, platformName: windows, proxy: Proxy(), se:cdp: ws://localhost:49845/devtoo..., se:cdpVersion: 132.0.6834.160, setWindowRect: true, strictFileInteractability: false, timeouts: {implicit: 0, pageLoad: 300000, script: 30000}, unhandledPromptBehavior: dismiss and notify, webauthn:extension:credBlob: true, webauthn:extension:largeBlob: true, webauthn:extension:minPinLength: true, webauthn:extension:prf: true, webauthn:virtualAuthenticators: true}
Session ID: 8eca2e8a6ed635622662ccb37545eb8a
2025-02-04 12:38:12 [main] INFO  l.i.u.t.SubmittedApplicationsPageTest - Marking 'Taip' radio button 10
2025-02-04 12:38:22 [main] ERROR l.i.u.p.SubmittedApplicationsPage - Error selecting radio button: Expected condition failed: waiting for element to be clickable: By.xpath: (//input[@type='radio' and @value='true'])[18] (tried for 10 second(s) with 500 milliseconds interval)
Build info: version: '4.27.0', revision: 'd6e718d134'
System info: os.name: 'Windows 11', os.arch: 'amd64', os.version: '10.0', java.version: '21.0.3'
Driver info: org.openqa.selenium.chrome.ChromeDriver
Capabilities {acceptInsecureCerts: false, browserName: chrome, browserVersion: 132.0.6834.160, chrome: {chromedriverVersion: 132.0.6834.159 (2d77d3fc445..., userDataDir: C:\Users\INGRID~1.ZAD\AppDa...}, fedcm:accounts: true, goog:chromeOptions: {debuggerAddress: localhost:49845}, networkConnectionEnabled: false, pageLoadStrategy: normal, platformName: windows, proxy: Proxy(), se:cdp: ws://localhost:49845/devtoo..., se:cdpVersion: 132.0.6834.160, setWindowRect: true, strictFileInteractability: false, timeouts: {implicit: 0, pageLoad: 300000, script: 30000}, unhandledPromptBehavior: dismiss and notify, webauthn:extension:credBlob: true, webauthn:extension:largeBlob: true, webauthn:extension:minPinLength: true, webauthn:extension:prf: true, webauthn:virtualAuthenticators: true}
Session ID: 8eca2e8a6ed635622662ccb37545eb8a
2025-02-04 12:38:22 [main] INFO  l.i.u.t.SubmittedApplicationsPageTest - Marking 'Taip' radio button 11
2025-02-04 12:38:32 [main] ERROR l.i.u.p.SubmittedApplicationsPage - Error selecting radio button: Expected condition failed: waiting for element to be clickable: By.xpath: (//input[@type='radio' and @value='true'])[19] (tried for 10 second(s) with 500 milliseconds interval)
Build info: version: '4.27.0', revision: 'd6e718d134'
System info: os.name: 'Windows 11', os.arch: 'amd64', os.version: '10.0', java.version: '21.0.3'
Driver info: org.openqa.selenium.chrome.ChromeDriver
Capabilities {acceptInsecureCerts: false, browserName: chrome, browserVersion: 132.0.6834.160, chrome: {chromedriverVersion: 132.0.6834.159 (2d77d3fc445..., userDataDir: C:\Users\INGRID~1.ZAD\AppDa...}, fedcm:accounts: true, goog:chromeOptions: {debuggerAddress: localhost:49845}, networkConnectionEnabled: false, pageLoadStrategy: normal, platformName: windows, proxy: Proxy(), se:cdp: ws://localhost:49845/devtoo..., se:cdpVersion: 132.0.6834.160, setWindowRect: true, strictFileInteractability: false, timeouts: {implicit: 0, pageLoad: 300000, script: 30000}, unhandledPromptBehavior: dismiss and notify, webauthn:extension:credBlob: true, webauthn:extension:largeBlob: true, webauthn:extension:minPinLength: true, webauthn:extension:prf: true, webauthn:virtualAuthenticators: true}
Session ID: 8eca2e8a6ed635622662ccb37545eb8a
2025-02-04 12:38:32 [main] INFO  l.i.u.t.SubmittedApplicationsPageTest - Marking 'Taip' radio button 12
2025-02-04 12:38:42 [main] DEBUG l.i.u.t.SubmittedApplicationsPageTest - Checked 'ConfirmationStepFour'
2025-02-04 12:38:43 [main] DEBUG l.i.u.t.SubmittedApplicationsPageTest - Clicked 'Next' button after checkboxes.
2025-02-04 12:38:43 [main] INFO  l.i.u.p.SubmittedApplicationsPage - File uploaded successfully to an input element.
2025-02-04 12:38:43 [main] INFO  l.i.u.p.SubmittedApplicationsPage - File uploaded successfully to an input element.
2025-02-04 12:38:43 [main] INFO  l.i.u.p.SubmittedApplicationsPage - File uploaded successfully to an input element.
2025-02-04 12:38:43 [main] INFO  l.i.u.p.SubmittedApplicationsPage - File uploaded successfully to an input element.
2025-02-04 12:38:43 [main] INFO  l.i.u.p.SubmittedApplicationsPage - File uploaded successfully to an input element.
2025-02-04 12:38:43 [main] INFO  l.i.u.p.SubmittedApplicationsPage - File uploaded successfully to an input element.
2025-02-04 12:38:43 [main] INFO  l.i.u.p.SubmittedApplicationsPage - File uploaded successfully to an input element.
2025-02-04 12:38:43 [main] INFO  l.i.u.p.SubmittedApplicationsPage - File uploaded successfully to an input element.
2025-02-04 12:38:43 [main] DEBUG l.i.u.t.SubmittedApplicationsPageTest - Entered program name: 'Dokumentas 1'.
2025-02-04 12:38:44 [main] DEBUG l.i.u.t.SubmittedApplicationsPageTest - Entered program name: 'Dokumentas 2'.
2025-02-04 12:38:44 [main] DEBUG l.i.u.t.SubmittedApplicationsPageTest - Entered program name: 'Dokumentas 3'.
2025-02-04 12:38:44 [main] DEBUG l.i.u.t.SubmittedApplicationsPageTest - Entered program name: 'Dokumentas 4'.
2025-02-04 12:38:44 [main] DEBUG l.i.u.t.SubmittedApplicationsPageTest - Entered program name: 'Dokumentas 5'.
2025-02-04 12:38:44 [main] DEBUG l.i.u.t.SubmittedApplicationsPageTest - Entered program name: 'Dokumentas 6'.
2025-02-04 12:38:44 [main] DEBUG l.i.u.t.SubmittedApplicationsPageTest - Entered program name: 'Dokumentas 4'.
2025-02-04 12:38:44 [main] DEBUG l.i.u.t.SubmittedApplicationsPageTest - Entered program name: 'Dokumentas 8'.
2025-02-04 12:38:55 [main] DEBUG l.i.u.t.SubmittedApplicationsPageTest - Checked 'ConfirmationDocument'
2025-02-04 12:39:05 [main] DEBUG l.i.u.t.SubmittedApplicationsPageTest - Checked 'ConfirmationApplication'
2025-02-04 12:39:05 [main] DEBUG l.i.u.t.SubmittedApplicationsPageTest - Clicked 'Review' button after checkboxes.
2025-02-04 12:39:15 [main] ERROR l.i.u.t.SubmittedApplicationsPageTest - Test 'testFillNewApplication' failed with error: no such element: Unable to locate element: {"method":"xpath","selector":"//common-button[@btnclass='btn btn--primary']//button[@type='button' and text()='Pateikti']"}
  (Session info: chrome=132.0.6834.160)
For documentation on this error, please visit: https://www.selenium.dev/documentation/webdriver/troubleshooting/errors#no-such-element-exception
Build info: version: '4.27.0', revision: 'd6e718d134'
System info: os.name: 'Windows 11', os.arch: 'amd64', os.version: '10.0', java.version: '21.0.3'
Driver info: org.openqa.selenium.chrome.ChromeDriver
Command: [8eca2e8a6ed635622662ccb37545eb8a, findElement {value=//common-button[@btnclass='btn btn--primary']//button[@type='button' and text()='Pateikti'], using=xpath}]
Capabilities {acceptInsecureCerts: false, browserName: chrome, browserVersion: 132.0.6834.160, chrome: {chromedriverVersion: 132.0.6834.159 (2d77d3fc445..., userDataDir: C:\Users\INGRID~1.ZAD\AppDa...}, fedcm:accounts: true, goog:chromeOptions: {debuggerAddress: localhost:49845}, networkConnectionEnabled: false, pageLoadStrategy: normal, platformName: windows, proxy: Proxy(), se:cdp: ws://localhost:49845/devtoo..., se:cdpVersion: 132.0.6834.160, setWindowRect: true, strictFileInteractability: false, timeouts: {implicit: 0, pageLoad: 300000, script: 30000}, unhandledPromptBehavior: dismiss and notify, webauthn:extension:credBlob: true, webauthn:extension:largeBlob: true, webauthn:extension:minPinLength: true, webauthn:extension:prf: true, webauthn:virtualAuthenticators: true}
Session ID: 8eca2e8a6ed635622662ccb37545eb8a
org.openqa.selenium.NoSuchElementException: no such element: Unable to locate element: {"method":"xpath","selector":"//common-button[@btnclass='btn btn--primary']//button[@type='button' and text()='Pateikti']"}
  (Session info: chrome=132.0.6834.160)
For documentation on this error, please visit: https://www.selenium.dev/documentation/webdriver/troubleshooting/errors#no-such-element-exception
Build info: version: '4.27.0', revision: 'd6e718d134'
System info: os.name: 'Windows 11', os.arch: 'amd64', os.version: '10.0', java.version: '21.0.3'
Driver info: org.openqa.selenium.chrome.ChromeDriver
Command: [8eca2e8a6ed635622662ccb37545eb8a, findElement {value=//common-button[@btnclass='btn btn--primary']//button[@type='button' and text()='Pateikti'], using=xpath}]
Capabilities {acceptInsecureCerts: false, browserName: chrome, browserVersion: 132.0.6834.160, chrome: {chromedriverVersion: 132.0.6834.159 (2d77d3fc445..., userDataDir: C:\Users\INGRID~1.ZAD\AppDa...}, fedcm:accounts: true, goog:chromeOptions: {debuggerAddress: localhost:49845}, networkConnectionEnabled: false, pageLoadStrategy: normal, platformName: windows, proxy: Proxy(), se:cdp: ws://localhost:49845/devtoo..., se:cdpVersion: 132.0.6834.160, setWindowRect: true, strictFileInteractability: false, timeouts: {implicit: 0, pageLoad: 300000, script: 30000}, unhandledPromptBehavior: dismiss and notify, webauthn:extension:credBlob: true, webauthn:extension:largeBlob: true, webauthn:extension:minPinLength: true, webauthn:extension:prf: true, webauthn:virtualAuthenticators: true}
Session ID: 8eca2e8a6ed635622662ccb37545eb8a
	at java.base/jdk.internal.reflect.DirectConstructorHandleAccessor.newInstance(DirectConstructorHandleAccessor.java:62)
	at java.base/java.lang.reflect.Constructor.newInstanceWithCaller(Constructor.java:502)
	at java.base/java.lang.reflect.Constructor.newInstance(Constructor.java:486)
	at org.openqa.selenium.remote.ErrorCodec.decode(ErrorCodec.java:167)
	at org.openqa.selenium.remote.codec.w3c.W3CHttpResponseCodec.decode(W3CHttpResponseCodec.java:138)
	at org.openqa.selenium.remote.codec.w3c.W3CHttpResponseCodec.decode(W3CHttpResponseCodec.java:50)
	at org.openqa.selenium.remote.HttpCommandExecutor.execute(HttpCommandExecutor.java:190)
	at org.openqa.selenium.remote.service.DriverCommandExecutor.invokeExecute(DriverCommandExecutor.java:216)
	at org.openqa.selenium.remote.service.DriverCommandExecutor.execute(DriverCommandExecutor.java:174)
	at org.openqa.selenium.remote.RemoteWebDriver.execute(RemoteWebDriver.java:545)
	at org.openqa.selenium.remote.ElementLocation$ElementFinder$2.findElement(ElementLocation.java:165)
	at org.openqa.selenium.remote.ElementLocation.findElement(ElementLocation.java:59)
	at org.openqa.selenium.remote.RemoteWebDriver.findElement(RemoteWebDriver.java:368)
	at org.openqa.selenium.remote.RemoteWebDriver.findElement(RemoteWebDriver.java:362)
	at org.openqa.selenium.support.pagefactory.DefaultElementLocator.findElement(DefaultElementLocator.java:68)
	at org.openqa.selenium.support.pagefactory.internal.LocatingElementHandler.invoke(LocatingElementHandler.java:38)
	at jdk.proxy2/jdk.proxy2.$Proxy14.isSelected(Unknown Source)
	at lt.insoft.uztis.pages.SubmittedApplicationsPage.clickButtonSubmit(SubmittedApplicationsPage.java:392)
	at lt.insoft.uztis.tests.SubmittedApplicationsPageTest.testFillNewApplication(SubmittedApplicationsPageTest.java:406)
	at java.base/jdk.internal.reflect.DirectMethodHandleAccessor.invoke(DirectMethodHandleAccessor.java:103)
	at java.base/java.lang.reflect.Method.invoke(Method.java:580)
	at org.junit.platform.commons.util.ReflectionUtils.invokeMethod(ReflectionUtils.java:728)
	at org.junit.jupiter.engine.execution.MethodInvocation.proceed(MethodInvocation.java:60)
	at org.junit.jupiter.engine.execution.InvocationInterceptorChain$ValidatingInvocation.proceed(InvocationInterceptorChain.java:131)
	at org.junit.jupiter.engine.extension.TimeoutExtension.intercept(TimeoutExtension.java:156)
	at org.junit.jupiter.engine.extension.TimeoutExtension.interceptTestableMethod(TimeoutExtension.java:147)
	at org.junit.jupiter.engine.extension.TimeoutExtension.interceptTestMethod(TimeoutExtension.java:86)
	at org.junit.jupiter.engine.execution.InterceptingExecutableInvoker$ReflectiveInterceptorCall.lambda$ofVoidMethod$0(InterceptingExecutableInvoker.java:103)
	at org.junit.jupiter.engine.execution.InterceptingExecutableInvoker.lambda$invoke$0(InterceptingExecutableInvoker.java:93)
	at org.junit.jupiter.engine.execution.InvocationInterceptorChain$InterceptedInvocation.proceed(InvocationInterceptorChain.java:106)
	at org.junit.jupiter.engine.execution.InvocationInterceptorChain.proceed(InvocationInterceptorChain.java:64)
	at org.junit.jupiter.engine.execution.InvocationInterceptorChain.chainAndInvoke(InvocationInterceptorChain.java:45)
	at org.junit.jupiter.engine.execution.InvocationInterceptorChain.invoke(InvocationInterceptorChain.java:37)
	at org.junit.jupiter.engine.execution.InterceptingExecutableInvoker.invoke(InterceptingExecutableInvoker.java:92)
	at org.junit.jupiter.engine.execution.InterceptingExecutableInvoker.invoke(InterceptingExecutableInvoker.java:86)
	at org.junit.jupiter.engine.descriptor.TestMethodTestDescriptor.lambda$invokeTestMethod$7(TestMethodTestDescriptor.java:218)
	at org.junit.platform.engine.support.hierarchical.ThrowableCollector.execute(ThrowableCollector.java:73)
	at org.junit.jupiter.engine.descriptor.TestMethodTestDescriptor.invokeTestMethod(TestMethodTestDescriptor.java:214)
	at org.junit.jupiter.engine.descriptor.TestMethodTestDescriptor.execute(TestMethodTestDescriptor.java:139)
	at org.junit.jupiter.engine.descriptor.TestMethodTestDescriptor.execute(TestMethodTestDescriptor.java:69)
	at org.junit.platform.engine.support.hierarchical.NodeTestTask.lambda$executeRecursively$6(NodeTestTask.java:151)
	at org.junit.platform.engine.support.hierarchical.ThrowableCollector.execute(ThrowableCollector.java:73)
	at org.junit.platform.engine.support.hierarchical.NodeTestTask.lambda$executeRecursively$8(NodeTestTask.java:141)
	at org.junit.platform.engine.support.hierarchical.Node.around(Node.java:137)
	at org.junit.platform.engine.support.hierarchical.NodeTestTask.lambda$executeRecursively$9(NodeTestTask.java:139)
	at org.junit.platform.engine.support.hierarchical.ThrowableCollector.execute(ThrowableCollector.java:73)
	at org.junit.platform.engine.support.hierarchical.NodeTestTask.executeRecursively(NodeTestTask.java:138)
	at org.junit.platform.engine.support.hierarchical.NodeTestTask.execute(NodeTestTask.java:95)
	at java.base/java.util.ArrayList.forEach(ArrayList.java:1596)
	at org.junit.platform.engine.support.hierarchical.SameThreadHierarchicalTestExecutorService.invokeAll(SameThreadHierarchicalTestExecutorService.java:41)
	at org.junit.platform.engine.support.hierarchical.NodeTestTask.lambda$executeRecursively$6(NodeTestTask.java:155)
	at org.junit.platform.engine.support.hierarchical.ThrowableCollector.execute(ThrowableCollector.java:73)
	at org.junit.platform.engine.support.hierarchical.NodeTestTask.lambda$executeRecursively$8(NodeTestTask.java:141)
	at org.junit.platform.engine.support.hierarchical.Node.around(Node.java:137)
	at org.junit.platform.engine.support.hierarchical.NodeTestTask.lambda$executeRecursively$9(NodeTestTask.java:139)
	at org.junit.platform.engine.support.hierarchical.ThrowableCollector.execute(ThrowableCollector.java:73)
	at org.junit.platform.engine.support.hierarchical.NodeTestTask.executeRecursively(NodeTestTask.java:138)
	at org.junit.platform.engine.support.hierarchical.NodeTestTask.execute(NodeTestTask.java:95)
	at java.base/java.util.ArrayList.forEach(ArrayList.java:1596)
	at org.junit.platform.engine.support.hierarchical.SameThreadHierarchicalTestExecutorService.invokeAll(SameThreadHierarchicalTestExecutorService.java:41)
	at org.junit.platform.engine.support.hierarchical.NodeTestTask.lambda$executeRecursively$6(NodeTestTask.java:155)
	at org.junit.platform.engine.support.hierarchical.ThrowableCollector.execute(ThrowableCollector.java:73)
	at org.junit.platform.engine.support.hierarchical.NodeTestTask.lambda$executeRecursively$8(NodeTestTask.java:141)
	at org.junit.platform.engine.support.hierarchical.Node.around(Node.java:137)
	at org.junit.platform.engine.support.hierarchical.NodeTestTask.lambda$executeRecursively$9(NodeTestTask.java:139)
	at org.junit.platform.engine.support.hierarchical.ThrowableCollector.execute(ThrowableCollector.java:73)
	at org.junit.platform.engine.support.hierarchical.NodeTestTask.executeRecursively(NodeTestTask.java:138)
	at org.junit.platform.engine.support.hierarchical.NodeTestTask.execute(NodeTestTask.java:95)
	at org.junit.platform.engine.support.hierarchical.SameThreadHierarchicalTestExecutorService.submit(SameThreadHierarchicalTestExecutorService.java:35)
	at org.junit.platform.engine.support.hierarchical.HierarchicalTestExecutor.execute(HierarchicalTestExecutor.java:57)
	at org.junit.platform.engine.support.hierarchical.HierarchicalTestEngine.execute(HierarchicalTestEngine.java:54)
	at org.junit.platform.launcher.core.EngineExecutionOrchestrator.execute(EngineExecutionOrchestrator.java:198)
	at org.junit.platform.launcher.core.EngineExecutionOrchestrator.execute(EngineExecutionOrchestrator.java:169)
	at org.junit.platform.launcher.core.EngineExecutionOrchestrator.execute(EngineExecutionOrchestrator.java:93)
	at org.junit.platform.launcher.core.EngineExecutionOrchestrator.lambda$execute$0(EngineExecutionOrchestrator.java:58)
	at org.junit.platform.launcher.core.EngineExecutionOrchestrator.withInterceptedStreams(EngineExecutionOrchestrator.java:141)
	at org.junit.platform.launcher.core.EngineExecutionOrchestrator.execute(EngineExecutionOrchestrator.java:57)
	at org.junit.platform.launcher.core.DefaultLauncher.execute(DefaultLauncher.java:103)
	at org.junit.platform.launcher.core.DefaultLauncher.execute(DefaultLauncher.java:85)
	at org.junit.platform.launcher.core.DelegatingLauncher.execute(DelegatingLauncher.java:47)
	at org.junit.platform.launcher.core.SessionPerRequestLauncher.execute(SessionPerRequestLauncher.java:63)
	at com.intellij.junit5.JUnit5IdeaTestRunner.startRunnerWithArgs(JUnit5IdeaTestRunner.java:57)
	at com.intellij.rt.junit.IdeaTestRunner$Repeater$1.execute(IdeaTestRunner.java:38)
	at com.intellij.rt.execution.junit.TestsRepeater.repeat(TestsRepeater.java:11)
	at com.intellij.rt.junit.IdeaTestRunner$Repeater.startRunnerWithArgs(IdeaTestRunner.java:35)
	at com.intellij.rt.junit.JUnitStarter.prepareStreamsAndStart(JUnitStarter.java:232)
	at com.intellij.rt.junit.JUnitStarter.main(JUnitStarter.java:55)
2025-02-04 12:39:15 [main] INFO  l.insoft.uztis.tests.utils.TestUtils - Screenshot moved to C:\Users\ingrida.zadorozniene\Desktop\Asm\UZTIS\UZTIS_tests\test-output\screenshots\20250204\123915692_testFillNewApplication().png
2025-02-04 12:41:35 [main] INFO  lt.insoft.uztis.tests.UztisPageTest - Navigated to https://uztisdev.asseco.lt/home
2025-02-04 12:41:35 [main] INFO  l.i.u.t.SubmittedApplicationsPageTest - Starting test:'testFillNewApplication'
2025-02-04 12:41:35 [main] DEBUG l.i.u.t.SubmittedApplicationsPageTest - User logged in with test credentials.
2025-02-04 12:41:36 [main] DEBUG l.i.u.t.SubmittedApplicationsPageTest - Opened 'Application Processing' menu.
2025-02-04 12:41:36 [main] DEBUG l.i.u.t.SubmittedApplicationsPageTest - Clicked on 'Application Forms' menu.
2025-02-04 12:41:37 [main] DEBUG l.i.u.t.SubmittedApplicationsPageTest - Retrieved last description code text: 'TST-VUI-27'.
2025-02-04 12:41:37 [main] DEBUG l.i.u.t.SubmittedApplicationsPageTest - Clicked on 'Invitation' menu.
2025-02-04 12:41:37 [main] ERROR l.insoft.uztis.pages.InvitationsPage - Failed to select value in dropdown: Option with text 'TST-VUI-27' not found in dropdown!
2025-02-04 12:41:37 [main] ERROR l.i.u.t.SubmittedApplicationsPageTest - Test 'testFillNewApplication' failed with error: Option with text 'TST-VUI-27' not found in dropdown!
java.lang.RuntimeException: Option with text 'TST-VUI-27' not found in dropdown!
	at lt.insoft.uztis.pages.InvitationsPage.lambda$selectValueFromApplication$1(InvitationsPage.java:225)
	at java.base/java.util.Optional.orElseThrow(Optional.java:403)
	at lt.insoft.uztis.pages.InvitationsPage.selectValueFromApplication(InvitationsPage.java:225)
	at lt.insoft.uztis.tests.SubmittedApplicationsPageTest.getAndInsertInvitationCodeText(SubmittedApplicationsPageTest.java:49)
	at lt.insoft.uztis.tests.SubmittedApplicationsPageTest.testFillNewApplication(SubmittedApplicationsPageTest.java:137)
	at java.base/jdk.internal.reflect.DirectMethodHandleAccessor.invoke(DirectMethodHandleAccessor.java:103)
	at java.base/java.lang.reflect.Method.invoke(Method.java:580)
	at org.junit.platform.commons.util.ReflectionUtils.invokeMethod(ReflectionUtils.java:728)
	at org.junit.jupiter.engine.execution.MethodInvocation.proceed(MethodInvocation.java:60)
	at org.junit.jupiter.engine.execution.InvocationInterceptorChain$ValidatingInvocation.proceed(InvocationInterceptorChain.java:131)
	at org.junit.jupiter.engine.extension.TimeoutExtension.intercept(TimeoutExtension.java:156)
	at org.junit.jupiter.engine.extension.TimeoutExtension.interceptTestableMethod(TimeoutExtension.java:147)
	at org.junit.jupiter.engine.extension.TimeoutExtension.interceptTestMethod(TimeoutExtension.java:86)
	at org.junit.jupiter.engine.execution.InterceptingExecutableInvoker$ReflectiveInterceptorCall.lambda$ofVoidMethod$0(InterceptingExecutableInvoker.java:103)
	at org.junit.jupiter.engine.execution.InterceptingExecutableInvoker.lambda$invoke$0(InterceptingExecutableInvoker.java:93)
	at org.junit.jupiter.engine.execution.InvocationInterceptorChain$InterceptedInvocation.proceed(InvocationInterceptorChain.java:106)
	at org.junit.jupiter.engine.execution.InvocationInterceptorChain.proceed(InvocationInterceptorChain.java:64)
	at org.junit.jupiter.engine.execution.InvocationInterceptorChain.chainAndInvoke(InvocationInterceptorChain.java:45)
	at org.junit.jupiter.engine.execution.InvocationInterceptorChain.invoke(InvocationInterceptorChain.java:37)
	at org.junit.jupiter.engine.execution.InterceptingExecutableInvoker.invoke(InterceptingExecutableInvoker.java:92)
	at org.junit.jupiter.engine.execution.InterceptingExecutableInvoker.invoke(InterceptingExecutableInvoker.java:86)
	at org.junit.jupiter.engine.descriptor.TestMethodTestDescriptor.lambda$invokeTestMethod$7(TestMethodTestDescriptor.java:218)
	at org.junit.platform.engine.support.hierarchical.ThrowableCollector.execute(ThrowableCollector.java:73)
	at org.junit.jupiter.engine.descriptor.TestMethodTestDescriptor.invokeTestMethod(TestMethodTestDescriptor.java:214)
	at org.junit.jupiter.engine.descriptor.TestMethodTestDescriptor.execute(TestMethodTestDescriptor.java:139)
	at org.junit.jupiter.engine.descriptor.TestMethodTestDescriptor.execute(TestMethodTestDescriptor.java:69)
	at org.junit.platform.engine.support.hierarchical.NodeTestTask.lambda$executeRecursively$6(NodeTestTask.java:151)
	at org.junit.platform.engine.support.hierarchical.ThrowableCollector.execute(ThrowableCollector.java:73)
	at org.junit.platform.engine.support.hierarchical.NodeTestTask.lambda$executeRecursively$8(NodeTestTask.java:141)
	at org.junit.platform.engine.support.hierarchical.Node.around(Node.java:137)
	at org.junit.platform.engine.support.hierarchical.NodeTestTask.lambda$executeRecursively$9(NodeTestTask.java:139)
	at org.junit.platform.engine.support.hierarchical.ThrowableCollector.execute(ThrowableCollector.java:73)
	at org.junit.platform.engine.support.hierarchical.NodeTestTask.executeRecursively(NodeTestTask.java:138)
	at org.junit.platform.engine.support.hierarchical.NodeTestTask.execute(NodeTestTask.java:95)
	at java.base/java.util.ArrayList.forEach(ArrayList.java:1596)
	at org.junit.platform.engine.support.hierarchical.SameThreadHierarchicalTestExecutorService.invokeAll(SameThreadHierarchicalTestExecutorService.java:41)
	at org.junit.platform.engine.support.hierarchical.NodeTestTask.lambda$executeRecursively$6(NodeTestTask.java:155)
	at org.junit.platform.engine.support.hierarchical.ThrowableCollector.execute(ThrowableCollector.java:73)
	at org.junit.platform.engine.support.hierarchical.NodeTestTask.lambda$executeRecursively$8(NodeTestTask.java:141)
	at org.junit.platform.engine.support.hierarchical.Node.around(Node.java:137)
	at org.junit.platform.engine.support.hierarchical.NodeTestTask.lambda$executeRecursively$9(NodeTestTask.java:139)
	at org.junit.platform.engine.support.hierarchical.ThrowableCollector.execute(ThrowableCollector.java:73)
	at org.junit.platform.engine.support.hierarchical.NodeTestTask.executeRecursively(NodeTestTask.java:138)
	at org.junit.platform.engine.support.hierarchical.NodeTestTask.execute(NodeTestTask.java:95)
	at java.base/java.util.ArrayList.forEach(ArrayList.java:1596)
	at org.junit.platform.engine.support.hierarchical.SameThreadHierarchicalTestExecutorService.invokeAll(SameThreadHierarchicalTestExecutorService.java:41)
	at org.junit.platform.engine.support.hierarchical.NodeTestTask.lambda$executeRecursively$6(NodeTestTask.java:155)
	at org.junit.platform.engine.support.hierarchical.ThrowableCollector.execute(ThrowableCollector.java:73)
	at org.junit.platform.engine.support.hierarchical.NodeTestTask.lambda$executeRecursively$8(NodeTestTask.java:141)
	at org.junit.platform.engine.support.hierarchical.Node.around(Node.java:137)
	at org.junit.platform.engine.support.hierarchical.NodeTestTask.lambda$executeRecursively$9(NodeTestTask.java:139)
	at org.junit.platform.engine.support.hierarchical.ThrowableCollector.execute(ThrowableCollector.java:73)
	at org.junit.platform.engine.support.hierarchical.NodeTestTask.executeRecursively(NodeTestTask.java:138)
	at org.junit.platform.engine.support.hierarchical.NodeTestTask.execute(NodeTestTask.java:95)
	at org.junit.platform.engine.support.hierarchical.SameThreadHierarchicalTestExecutorService.submit(SameThreadHierarchicalTestExecutorService.java:35)
	at org.junit.platform.engine.support.hierarchical.HierarchicalTestExecutor.execute(HierarchicalTestExecutor.java:57)
	at org.junit.platform.engine.support.hierarchical.HierarchicalTestEngine.execute(HierarchicalTestEngine.java:54)
	at org.junit.platform.launcher.core.EngineExecutionOrchestrator.execute(EngineExecutionOrchestrator.java:198)
	at org.junit.platform.launcher.core.EngineExecutionOrchestrator.execute(EngineExecutionOrchestrator.java:169)
	at org.junit.platform.launcher.core.EngineExecutionOrchestrator.execute(EngineExecutionOrchestrator.java:93)
	at org.junit.platform.launcher.core.EngineExecutionOrchestrator.lambda$execute$0(EngineExecutionOrchestrator.java:58)
	at org.junit.platform.launcher.core.EngineExecutionOrchestrator.withInterceptedStreams(EngineExecutionOrchestrator.java:141)
	at org.junit.platform.launcher.core.EngineExecutionOrchestrator.execute(EngineExecutionOrchestrator.java:57)
	at org.junit.platform.launcher.core.DefaultLauncher.execute(DefaultLauncher.java:103)
	at org.junit.platform.launcher.core.DefaultLauncher.execute(DefaultLauncher.java:85)
	at org.junit.platform.launcher.core.DelegatingLauncher.execute(DelegatingLauncher.java:47)
	at org.junit.platform.launcher.core.SessionPerRequestLauncher.execute(SessionPerRequestLauncher.java:63)
	at com.intellij.junit5.JUnit5IdeaTestRunner.startRunnerWithArgs(JUnit5IdeaTestRunner.java:57)
	at com.intellij.rt.junit.IdeaTestRunner$Repeater$1.execute(IdeaTestRunner.java:38)
	at com.intellij.rt.execution.junit.TestsRepeater.repeat(TestsRepeater.java:11)
	at com.intellij.rt.junit.IdeaTestRunner$Repeater.startRunnerWithArgs(IdeaTestRunner.java:35)
	at com.intellij.rt.junit.JUnitStarter.prepareStreamsAndStart(JUnitStarter.java:232)
	at com.intellij.rt.junit.JUnitStarter.main(JUnitStarter.java:55)
2025-02-04 12:41:37 [main] INFO  l.insoft.uztis.tests.utils.TestUtils - Screenshot moved to C:\Users\ingrida.zadorozniene\Desktop\Asm\UZTIS\UZTIS_tests\test-output\screenshots\20250204\124137900_testFillNewApplication().png
2025-02-04 12:41:54 [main] INFO  lt.insoft.uztis.tests.UztisPageTest - Navigated to https://uztisdev.asseco.lt/home
2025-02-04 12:41:54 [main] INFO  l.i.u.t.SubmittedApplicationsPageTest - Starting test:'testFillNewApplication'
2025-02-04 12:41:55 [main] DEBUG l.i.u.t.SubmittedApplicationsPageTest - User logged in with test credentials.
2025-02-04 12:41:55 [main] DEBUG l.i.u.t.SubmittedApplicationsPageTest - Opened 'Application Processing' menu.
2025-02-04 12:41:55 [main] DEBUG l.i.u.t.SubmittedApplicationsPageTest - Clicked on 'Application Forms' menu.
2025-02-04 12:41:56 [main] DEBUG l.i.u.t.SubmittedApplicationsPageTest - Retrieved last description code text: 'TST-VUI-27'.
2025-02-04 12:41:56 [main] DEBUG l.i.u.t.SubmittedApplicationsPageTest - Clicked on 'Invitation' menu.
2025-02-04 12:41:57 [main] DEBUG l.i.u.t.SubmittedApplicationsPageTest - Selected application section by code: 'TST-VUI-27'.
2025-02-04 12:41:57 [main] DEBUG l.i.u.t.SubmittedApplicationsPageTest - Clicked 'Search' button.
2025-02-04 12:41:57 [main] DEBUG l.i.u.t.SubmittedApplicationsPageTest - Retrieved invitation code: ''.
2025-02-04 12:41:57 [main] DEBUG l.i.u.t.SubmittedApplicationsPageTest - Clicked on 'Submitted Applications' menu.
2025-02-04 12:41:58 [main] DEBUG l.i.u.t.SubmittedApplicationsPageTest - Selected invitation by code: 'TST-VUI-27'.
2025-02-04 12:41:58 [main] DEBUG l.i.u.t.SubmittedApplicationsPageTest - Invitation code inserted.
2025-02-04 12:41:58 [main] DEBUG l.i.u.t.SubmittedApplicationsPageTest - Clicked on 'Action Application' button.
2025-02-04 12:41:58 [main] DEBUG l.i.u.t.SubmittedApplicationsPageTest - Clicked on 'New Application' button.
2025-02-04 12:41:59 [main] DEBUG l.i.u.t.SubmittedApplicationsPageTest - Selected the 'RadioButtonFA' option.
2025-02-04 12:41:59 [main] DEBUG l.i.u.t.SubmittedApplicationsPageTest - Entered phone number: '61298745'.
2025-02-04 12:41:59 [main] DEBUG l.i.u.t.SubmittedApplicationsPageTest - Entered email: 'test@autotest.com'.
2025-02-04 12:41:59 [main] INFO  l.i.u.p.SubmittedApplicationsPage - Located the dropdown button.
2025-02-04 12:42:18 [main] INFO  l.i.u.p.SubmittedApplicationsPage - Found 1741 options in the dropdown.
2025-02-04 12:42:18 [main] INFO  l.i.u.p.SubmittedApplicationsPage - Successfully selected the value: '01.11 - Grūdinių (išskyrus ryžius), ankštinių ir aliejingų sėklų augalų auginimas'
2025-02-04 12:42:28 [main] ERROR l.i.u.p.SubmittedApplicationsPage - Failed to close the dropdown with aria-expanded = 'false'. Attempting manual close.
2025-02-04 12:42:28 [main] INFO  l.i.u.p.SubmittedApplicationsPage - Manual close attempt for the dropdown using body click.
2025-02-04 12:42:28 [main] DEBUG l.i.u.t.SubmittedApplicationsPageTest - Selected EVRK value: '01.11 - Grūdinių (išskyrus ryžius), ankštinių ir aliejingų sėklų augalų auginimas'.
2025-02-04 12:42:29 [main] DEBUG l.i.u.t.SubmittedApplicationsPageTest - Entered address: 'Vilniaus m. sav., Vilnius, Testo g. 10T'.
2025-02-04 12:42:29 [main] DEBUG l.i.u.t.SubmittedApplicationsPageTest - Entered project date.
2025-02-04 12:42:29 [main] DEBUG l.i.u.t.SubmittedApplicationsPageTest - Entered job count: '1'.
2025-02-04 12:42:29 [main] DEBUG l.i.u.t.SubmittedApplicationsPageTest - Clicked 'Next' button.
2025-02-04 12:42:29 [main] INFO  l.i.u.p.SubmittedApplicationsPage - Located the dropdown button.
2025-02-04 12:42:30 [main] INFO  l.i.u.p.SubmittedApplicationsPage - Successfully selected the value: 'Administratoriai'
2025-02-04 12:43:01 [main] ERROR l.i.u.p.SubmittedApplicationsPage - Timeout while waiting for dropdown to close with aria-expanded = 'false'.
2025-02-04 12:43:01 [main] DEBUG l.i.u.t.SubmittedApplicationsPageTest - Selected job name: 'Administratoriai'.
2025-02-04 12:43:01 [main] DEBUG l.i.u.t.SubmittedApplicationsPageTest - Entered job function: 'Funkcija 1'.
2025-02-04 12:43:01 [main] DEBUG l.i.u.t.SubmittedApplicationsPageTest - Selected 'RadioButtonWithDisabilities' option.
2025-02-04 12:43:01 [main] INFO  l.i.u.p.SubmittedApplicationsPage - Clicking on the dropdown button.
2025-02-04 12:43:02 [main] INFO  l.i.u.p.SubmittedApplicationsPage - Found 34 options in the dropdown.
2025-02-04 12:43:02 [main] DEBUG l.i.u.p.SubmittedApplicationsPage - Checking option: 'Asmenys, kuriems suteiktas pabėgėlio statusas ar perkeliamojo asmens statusas, arba asmenys, kuriems suteikta papildoma ar laikinoji apsauga, ir asmenys, turintys teisę gauti laikinąją apsaugą, iki sprendimo dėl laikinosios apsaugos suteikimo (nesuteikimo) priėmimo, tačiau ne ilgiau kaip laikinosios apsaugos laikotarpiu'
2025-02-04 12:43:02 [main] DEBUG l.i.u.p.SubmittedApplicationsPage - Checking option: 'Asmenys, kuriems suteiktas pabėgėlio statusas ar perkeliamojo asmens statusas, arba asmenys, kuriems suteikta papildoma ar laikinoji apsauga, ir asmenys, turintys teisę gauti laikinąją apsaugą, iki sprendimo dėl laikinosios apsaugos suteikimo (nesuteikimo) priėmimo, tačiau ne ilgiau kaip laikinosios apsaugos laikotarpiu'
2025-02-04 12:43:02 [main] DEBUG l.i.u.p.SubmittedApplicationsPage - Checking option: 'Asmenys, turintys teisę į papildomas užimtumo garantijas pagal Lietuvos Respublikos valstybės įmonės Ignalinos atominės elektrinės darbuotojų papildomų užimtumo ir socialinių garantijų įstatymą'
2025-02-04 12:43:02 [main] DEBUG l.i.u.p.SubmittedApplicationsPage - Checking option: 'Asmenys, turintys teisę į papildomas užimtumo garantijas pagal Lietuvos Respublikos valstybės įmonės Ignalinos atominės elektrinės darbuotojų papildomų užimtumo ir socialinių garantijų įstatymą'
2025-02-04 12:43:02 [main] DEBUG l.i.u.p.SubmittedApplicationsPage - Checking option: 'Bedarbiai iki 29 metų'
2025-02-04 12:43:02 [main] DEBUG l.i.u.p.SubmittedApplicationsPage - Checking option: 'Bedarbiai iki 29 metų'
2025-02-04 12:43:02 [main] DEBUG l.i.u.p.SubmittedApplicationsPage - Checking option: 'Bedarbiai, kurie yra darbingo amžiaus neįgalieji, kuriems nustatytas 30–40 procentų darbingumo lygis arba vidutinis neįgalumo lygis'
2025-02-04 12:43:02 [main] DEBUG l.i.u.p.SubmittedApplicationsPage - Checking option: 'Bedarbiai, kurie yra darbingo amžiaus neįgalieji, kuriems nustatytas 30–40 procentų darbingumo lygis arba vidutinis neįgalumo lygis'
2025-02-04 12:43:02 [main] DEBUG l.i.u.p.SubmittedApplicationsPage - Checking option: 'Bedarbiai, kurie yra darbingo amžiaus neįgalieji, kuriems nustatytas 45–55 procentų darbingumo lygis arba lengvas neįgalumo lygis'
2025-02-04 12:43:02 [main] DEBUG l.i.u.p.SubmittedApplicationsPage - Checking option: 'Bedarbiai, kurie yra darbingo amžiaus neįgalieji, kuriems nustatytas 45–55 procentų darbingumo lygis arba lengvas neįgalumo lygis'
2025-02-04 12:43:02 [main] DEBUG l.i.u.p.SubmittedApplicationsPage - Checking option: 'Bedarbiai, kurie yra darbingo amžiaus neįgalieji, kuriems nustatytas iki 25 procentų darbingumo lygis arba sunkus neįgalumo lygis'
2025-02-04 12:43:02 [main] INFO  l.i.u.p.SubmittedApplicationsPage - Successfully selected the value: 'Bedarbiai, kurie yra darbingo amžiaus neįgalieji, kuriems nustatytas iki 25 procentų darbingumo lygis arba sunkus neįgalumo lygis'
2025-02-04 12:43:02 [main] INFO  l.i.u.p.SubmittedApplicationsPage - Attempting to close the dropdown.
2025-02-04 12:43:13 [main] INFO  l.i.u.p.SubmittedApplicationsPage - Dropdown should be closed now.
2025-02-04 12:43:13 [main] DEBUG l.i.u.t.SubmittedApplicationsPageTest - Selected disabilities type: 'Bedarbiai, kurie yra darbingo amžiaus neįgalieji, kuriems nustatytas iki 25 procentų darbingumo lygis arba sunkus neįgalumo lygis'.
2025-02-04 12:43:13 [main] DEBUG l.i.u.t.SubmittedApplicationsPageTest - Entered disability information: 'Negalia 1'.
2025-02-04 12:43:13 [main] INFO  l.i.u.p.SubmittedApplicationsPage - Located the dropdown button.
2025-02-04 12:43:13 [main] INFO  l.i.u.p.SubmittedApplicationsPage - Successfully selected the value: 'Kita'
2025-02-04 12:43:24 [main] ERROR l.i.u.p.SubmittedApplicationsPage - Timeout while waiting for dropdown to close with aria-expanded = 'false'.
2025-02-04 12:43:24 [main] DEBUG l.i.u.t.SubmittedApplicationsPageTest - Selected time mode: 'Kita'.
2025-02-04 12:43:24 [main] DEBUG l.i.u.t.SubmittedApplicationsPageTest - Selected time mode other: '6 val. per dieną ir 4 d. per savaitę'.
2025-02-04 12:43:24 [main] DEBUG l.i.u.t.SubmittedApplicationsPageTest - Entered qualification: 'Kvalifikacija 1'.
2025-02-04 12:43:24 [main] DEBUG l.i.u.t.SubmittedApplicationsPageTest - Entered job date.
2025-02-04 12:43:24 [main] DEBUG l.i.u.t.SubmittedApplicationsPageTest - Entered salary amount: '1200'.
2025-02-04 12:43:24 [main] DEBUG l.i.u.t.SubmittedApplicationsPageTest - Selected 'Temporary Job' radio button.
2025-02-04 12:43:25 [main] DEBUG l.i.u.t.SubmittedApplicationsPageTest - Selected 'Season Job' radio button.
2025-02-04 12:43:25 [main] DEBUG l.i.u.t.SubmittedApplicationsPageTest - Selected 'Energy' radio button.
2025-02-04 12:43:25 [main] DEBUG l.i.u.t.SubmittedApplicationsPageTest - Selected 'Repair' radio button.
2025-02-04 12:43:25 [main] DEBUG l.i.u.t.SubmittedApplicationsPageTest - Entered job description: 'Veikla 1'.
2025-02-04 12:43:25 [main] DEBUG l.i.u.t.SubmittedApplicationsPageTest - Entered process description: 'Procesas 1'.
2025-02-04 12:43:25 [main] DEBUG l.i.u.t.SubmittedApplicationsPageTest - Entered energy information: 'Energija 1'.
2025-02-04 12:43:26 [main] DEBUG l.i.u.t.SubmittedApplicationsPageTest - Entered repair information: 'Remontas 1'.
2025-02-04 12:43:26 [main] DEBUG l.i.u.t.SubmittedApplicationsPageTest - Selected 'PVM' radio button.
2025-02-04 12:43:26 [main] INFO  l.i.u.p.SubmittedApplicationsPage - Located the dropdown button.
2025-02-04 12:43:26 [main] INFO  l.i.u.p.SubmittedApplicationsPage - Successfully selected the value: 'Įsigyti'
2025-02-04 12:43:47 [main] ERROR l.i.u.p.SubmittedApplicationsPage - Timeout while waiting for dropdown to close with aria-expanded = 'false'.
2025-02-04 12:43:47 [main] DEBUG l.i.u.t.SubmittedApplicationsPageTest - Selected necessary for job: 'Įsigyti'.
2025-02-04 12:43:47 [main] DEBUG l.i.u.t.SubmittedApplicationsPageTest - Selected tool: 'Darbo priemonė 1'.
2025-02-04 12:43:47 [main] DEBUG l.i.u.t.SubmittedApplicationsPageTest - Selected tool parameter one: 'Darbo priemonės 1 parametras 1'.
2025-02-04 12:43:47 [main] DEBUG l.i.u.t.SubmittedApplicationsPageTest - Selected tool parameter two: 'Darbo priemonės 1 parametras 2'.
2025-02-04 12:43:47 [main] DEBUG l.i.u.t.SubmittedApplicationsPageTest - Selected tool parameter three: 'Darbo priemonės 1 parametras 3'.
2025-02-04 12:43:48 [main] DEBUG l.i.u.t.SubmittedApplicationsPageTest - Entered tool count: '1'.
2025-02-04 12:43:48 [main] DEBUG l.i.u.t.SubmittedApplicationsPageTest - Entered price amount: '1000'.
2025-02-04 12:43:48 [main] DEBUG l.i.u.t.SubmittedApplicationsPageTest - Entered own funds amount: '800'.
2025-02-04 12:43:48 [main] DEBUG l.i.u.t.SubmittedApplicationsPageTest - Entered country percentage: '50'.
2025-02-04 12:43:48 [main] DEBUG l.i.u.t.SubmittedApplicationsPageTest - Entered institution percentage: '50'.
2025-02-04 12:43:48 [main] DEBUG l.i.u.t.SubmittedApplicationsPageTest - Entered municipality percentage: '50'.
2025-02-04 12:43:48 [main] DEBUG l.i.u.t.SubmittedApplicationsPageTest - Selected 'De Minimis' radio button.
2025-02-04 12:43:49 [main] DEBUG l.i.u.t.SubmittedApplicationsPageTest - Entered program name: 'Programa 1'.
2025-02-04 12:43:49 [main] DEBUG l.i.u.t.SubmittedApplicationsPageTest - Entered project date from.
2025-02-04 12:43:49 [main] DEBUG l.i.u.t.SubmittedApplicationsPageTest - Entered project date until.
2025-02-04 12:43:49 [main] DEBUG l.i.u.t.SubmittedApplicationsPageTest - Entered support amount: '2000'.
2025-02-04 12:43:49 [main] DEBUG l.i.u.t.SubmittedApplicationsPageTest - Clicked 'Next' button.
2025-02-04 12:44:00 [main] DEBUG l.i.u.t.SubmittedApplicationsPageTest - Checked 'Legal Entities' checkbox 1.
2025-02-04 12:44:10 [main] DEBUG l.i.u.t.SubmittedApplicationsPageTest - Checked 'Legal Entities' checkbox 2.
2025-02-04 12:44:20 [main] DEBUG l.i.u.t.SubmittedApplicationsPageTest - Checked 'Legal Entities' checkbox 3.
2025-02-04 12:44:20 [main] DEBUG l.i.u.t.SubmittedApplicationsPageTest - Test finished: All 'Legal Entities' checkboxes checked successfully.
2025-02-04 12:44:20 [main] DEBUG l.i.u.t.SubmittedApplicationsPageTest - Clicked 'Next' button after checkboxes.
2025-02-04 12:44:30 [main] ERROR l.i.u.p.SubmittedApplicationsPage - Error selecting radio button: Expected condition failed: waiting for element to be clickable: By.xpath: (//input[@type='radio' and @value='false'])[8] (tried for 10 second(s) with 500 milliseconds interval)
Build info: version: '4.27.0', revision: 'd6e718d134'
System info: os.name: 'Windows 11', os.arch: 'amd64', os.version: '10.0', java.version: '21.0.3'
Driver info: org.openqa.selenium.chrome.ChromeDriver
Capabilities {acceptInsecureCerts: false, browserName: chrome, browserVersion: 132.0.6834.160, chrome: {chromedriverVersion: 132.0.6834.159 (2d77d3fc445..., userDataDir: C:\Users\INGRID~1.ZAD\AppDa...}, fedcm:accounts: true, goog:chromeOptions: {debuggerAddress: localhost:50139}, networkConnectionEnabled: false, pageLoadStrategy: normal, platformName: windows, proxy: Proxy(), se:cdp: ws://localhost:50139/devtoo..., se:cdpVersion: 132.0.6834.160, setWindowRect: true, strictFileInteractability: false, timeouts: {implicit: 0, pageLoad: 300000, script: 30000}, unhandledPromptBehavior: dismiss and notify, webauthn:extension:credBlob: true, webauthn:extension:largeBlob: true, webauthn:extension:minPinLength: true, webauthn:extension:prf: true, webauthn:virtualAuthenticators: true}
Session ID: 7703791ec9519be4a0e84db64a66f80e
2025-02-04 12:44:30 [main] INFO  l.i.u.t.SubmittedApplicationsPageTest - Marking 'Ne' radio button 1
2025-02-04 12:44:40 [main] ERROR l.i.u.p.SubmittedApplicationsPage - Error selecting radio button: Expected condition failed: waiting for element to be clickable: By.xpath: (//input[@type='radio' and @value='false'])[9] (tried for 10 second(s) with 500 milliseconds interval)
Build info: version: '4.27.0', revision: 'd6e718d134'
System info: os.name: 'Windows 11', os.arch: 'amd64', os.version: '10.0', java.version: '21.0.3'
Driver info: org.openqa.selenium.chrome.ChromeDriver
Capabilities {acceptInsecureCerts: false, browserName: chrome, browserVersion: 132.0.6834.160, chrome: {chromedriverVersion: 132.0.6834.159 (2d77d3fc445..., userDataDir: C:\Users\INGRID~1.ZAD\AppDa...}, fedcm:accounts: true, goog:chromeOptions: {debuggerAddress: localhost:50139}, networkConnectionEnabled: false, pageLoadStrategy: normal, platformName: windows, proxy: Proxy(), se:cdp: ws://localhost:50139/devtoo..., se:cdpVersion: 132.0.6834.160, setWindowRect: true, strictFileInteractability: false, timeouts: {implicit: 0, pageLoad: 300000, script: 30000}, unhandledPromptBehavior: dismiss and notify, webauthn:extension:credBlob: true, webauthn:extension:largeBlob: true, webauthn:extension:minPinLength: true, webauthn:extension:prf: true, webauthn:virtualAuthenticators: true}
Session ID: 7703791ec9519be4a0e84db64a66f80e
2025-02-04 12:44:40 [main] INFO  l.i.u.t.SubmittedApplicationsPageTest - Marking 'Ne' radio button 2
2025-02-04 12:44:51 [main] ERROR l.i.u.p.SubmittedApplicationsPage - Error selecting radio button: Expected condition failed: waiting for element to be clickable: By.xpath: (//input[@type='radio' and @value='false'])[10] (tried for 10 second(s) with 500 milliseconds interval)
Build info: version: '4.27.0', revision: 'd6e718d134'
System info: os.name: 'Windows 11', os.arch: 'amd64', os.version: '10.0', java.version: '21.0.3'
Driver info: org.openqa.selenium.chrome.ChromeDriver
Capabilities {acceptInsecureCerts: false, browserName: chrome, browserVersion: 132.0.6834.160, chrome: {chromedriverVersion: 132.0.6834.159 (2d77d3fc445..., userDataDir: C:\Users\INGRID~1.ZAD\AppDa...}, fedcm:accounts: true, goog:chromeOptions: {debuggerAddress: localhost:50139}, networkConnectionEnabled: false, pageLoadStrategy: normal, platformName: windows, proxy: Proxy(), se:cdp: ws://localhost:50139/devtoo..., se:cdpVersion: 132.0.6834.160, setWindowRect: true, strictFileInteractability: false, timeouts: {implicit: 0, pageLoad: 300000, script: 30000}, unhandledPromptBehavior: dismiss and notify, webauthn:extension:credBlob: true, webauthn:extension:largeBlob: true, webauthn:extension:minPinLength: true, webauthn:extension:prf: true, webauthn:virtualAuthenticators: true}
Session ID: 7703791ec9519be4a0e84db64a66f80e
2025-02-04 12:44:51 [main] INFO  l.i.u.t.SubmittedApplicationsPageTest - Marking 'Ne' radio button 3
2025-02-04 12:45:01 [main] ERROR l.i.u.p.SubmittedApplicationsPage - Error selecting radio button: Expected condition failed: waiting for element to be clickable: By.xpath: (//input[@type='radio' and @value='false'])[11] (tried for 10 second(s) with 500 milliseconds interval)
Build info: version: '4.27.0', revision: 'd6e718d134'
System info: os.name: 'Windows 11', os.arch: 'amd64', os.version: '10.0', java.version: '21.0.3'
Driver info: org.openqa.selenium.chrome.ChromeDriver
Capabilities {acceptInsecureCerts: false, browserName: chrome, browserVersion: 132.0.6834.160, chrome: {chromedriverVersion: 132.0.6834.159 (2d77d3fc445..., userDataDir: C:\Users\INGRID~1.ZAD\AppDa...}, fedcm:accounts: true, goog:chromeOptions: {debuggerAddress: localhost:50139}, networkConnectionEnabled: false, pageLoadStrategy: normal, platformName: windows, proxy: Proxy(), se:cdp: ws://localhost:50139/devtoo..., se:cdpVersion: 132.0.6834.160, setWindowRect: true, strictFileInteractability: false, timeouts: {implicit: 0, pageLoad: 300000, script: 30000}, unhandledPromptBehavior: dismiss and notify, webauthn:extension:credBlob: true, webauthn:extension:largeBlob: true, webauthn:extension:minPinLength: true, webauthn:extension:prf: true, webauthn:virtualAuthenticators: true}
Session ID: 7703791ec9519be4a0e84db64a66f80e
2025-02-04 12:45:01 [main] INFO  l.i.u.t.SubmittedApplicationsPageTest - Marking 'Ne' radio button 4
2025-02-04 12:45:11 [main] ERROR l.i.u.p.SubmittedApplicationsPage - Error selecting radio button: Expected condition failed: waiting for element to be clickable: By.xpath: (//input[@type='radio' and @value='false'])[12] (tried for 10 second(s) with 500 milliseconds interval)
Build info: version: '4.27.0', revision: 'd6e718d134'
System info: os.name: 'Windows 11', os.arch: 'amd64', os.version: '10.0', java.version: '21.0.3'
Driver info: org.openqa.selenium.chrome.ChromeDriver
Capabilities {acceptInsecureCerts: false, browserName: chrome, browserVersion: 132.0.6834.160, chrome: {chromedriverVersion: 132.0.6834.159 (2d77d3fc445..., userDataDir: C:\Users\INGRID~1.ZAD\AppDa...}, fedcm:accounts: true, goog:chromeOptions: {debuggerAddress: localhost:50139}, networkConnectionEnabled: false, pageLoadStrategy: normal, platformName: windows, proxy: Proxy(), se:cdp: ws://localhost:50139/devtoo..., se:cdpVersion: 132.0.6834.160, setWindowRect: true, strictFileInteractability: false, timeouts: {implicit: 0, pageLoad: 300000, script: 30000}, unhandledPromptBehavior: dismiss and notify, webauthn:extension:credBlob: true, webauthn:extension:largeBlob: true, webauthn:extension:minPinLength: true, webauthn:extension:prf: true, webauthn:virtualAuthenticators: true}
Session ID: 7703791ec9519be4a0e84db64a66f80e
2025-02-04 12:45:11 [main] INFO  l.i.u.t.SubmittedApplicationsPageTest - Marking 'Ne' radio button 5
2025-02-04 12:45:21 [main] ERROR l.i.u.p.SubmittedApplicationsPage - Error selecting radio button: Expected condition failed: waiting for element to be clickable: By.xpath: (//input[@type='radio' and @value='false'])[13] (tried for 10 second(s) with 500 milliseconds interval)
Build info: version: '4.27.0', revision: 'd6e718d134'
System info: os.name: 'Windows 11', os.arch: 'amd64', os.version: '10.0', java.version: '21.0.3'
Driver info: org.openqa.selenium.chrome.ChromeDriver
Capabilities {acceptInsecureCerts: false, browserName: chrome, browserVersion: 132.0.6834.160, chrome: {chromedriverVersion: 132.0.6834.159 (2d77d3fc445..., userDataDir: C:\Users\INGRID~1.ZAD\AppDa...}, fedcm:accounts: true, goog:chromeOptions: {debuggerAddress: localhost:50139}, networkConnectionEnabled: false, pageLoadStrategy: normal, platformName: windows, proxy: Proxy(), se:cdp: ws://localhost:50139/devtoo..., se:cdpVersion: 132.0.6834.160, setWindowRect: true, strictFileInteractability: false, timeouts: {implicit: 0, pageLoad: 300000, script: 30000}, unhandledPromptBehavior: dismiss and notify, webauthn:extension:credBlob: true, webauthn:extension:largeBlob: true, webauthn:extension:minPinLength: true, webauthn:extension:prf: true, webauthn:virtualAuthenticators: true}
Session ID: 7703791ec9519be4a0e84db64a66f80e
2025-02-04 12:45:21 [main] INFO  l.i.u.t.SubmittedApplicationsPageTest - Marking 'Ne' radio button 6
2025-02-04 12:45:31 [main] ERROR l.i.u.p.SubmittedApplicationsPage - Error selecting radio button: Expected condition failed: waiting for element to be clickable: By.xpath: (//input[@type='radio' and @value='true'])[14] (tried for 10 second(s) with 500 milliseconds interval)
Build info: version: '4.27.0', revision: 'd6e718d134'
System info: os.name: 'Windows 11', os.arch: 'amd64', os.version: '10.0', java.version: '21.0.3'
Driver info: org.openqa.selenium.chrome.ChromeDriver
Capabilities {acceptInsecureCerts: false, browserName: chrome, browserVersion: 132.0.6834.160, chrome: {chromedriverVersion: 132.0.6834.159 (2d77d3fc445..., userDataDir: C:\Users\INGRID~1.ZAD\AppDa...}, fedcm:accounts: true, goog:chromeOptions: {debuggerAddress: localhost:50139}, networkConnectionEnabled: false, pageLoadStrategy: normal, platformName: windows, proxy: Proxy(), se:cdp: ws://localhost:50139/devtoo..., se:cdpVersion: 132.0.6834.160, setWindowRect: true, strictFileInteractability: false, timeouts: {implicit: 0, pageLoad: 300000, script: 30000}, unhandledPromptBehavior: dismiss and notify, webauthn:extension:credBlob: true, webauthn:extension:largeBlob: true, webauthn:extension:minPinLength: true, webauthn:extension:prf: true, webauthn:virtualAuthenticators: true}
Session ID: 7703791ec9519be4a0e84db64a66f80e
2025-02-04 12:45:31 [main] INFO  l.i.u.t.SubmittedApplicationsPageTest - Marking 'Taip' radio button 7
2025-02-04 12:45:41 [main] ERROR l.i.u.p.SubmittedApplicationsPage - Error selecting radio button: Expected condition failed: waiting for element to be clickable: By.xpath: (//input[@type='radio' and @value='true'])[15] (tried for 10 second(s) with 500 milliseconds interval)
Build info: version: '4.27.0', revision: 'd6e718d134'
System info: os.name: 'Windows 11', os.arch: 'amd64', os.version: '10.0', java.version: '21.0.3'
Driver info: org.openqa.selenium.chrome.ChromeDriver
Capabilities {acceptInsecureCerts: false, browserName: chrome, browserVersion: 132.0.6834.160, chrome: {chromedriverVersion: 132.0.6834.159 (2d77d3fc445..., userDataDir: C:\Users\INGRID~1.ZAD\AppDa...}, fedcm:accounts: true, goog:chromeOptions: {debuggerAddress: localhost:50139}, networkConnectionEnabled: false, pageLoadStrategy: normal, platformName: windows, proxy: Proxy(), se:cdp: ws://localhost:50139/devtoo..., se:cdpVersion: 132.0.6834.160, setWindowRect: true, strictFileInteractability: false, timeouts: {implicit: 0, pageLoad: 300000, script: 30000}, unhandledPromptBehavior: dismiss and notify, webauthn:extension:credBlob: true, webauthn:extension:largeBlob: true, webauthn:extension:minPinLength: true, webauthn:extension:prf: true, webauthn:virtualAuthenticators: true}
Session ID: 7703791ec9519be4a0e84db64a66f80e
2025-02-04 12:45:41 [main] INFO  l.i.u.t.SubmittedApplicationsPageTest - Marking 'Taip' radio button 8
2025-02-04 12:45:51 [main] ERROR l.i.u.p.SubmittedApplicationsPage - Error selecting radio button: Expected condition failed: waiting for element to be clickable: By.xpath: (//input[@type='radio' and @value='true'])[16] (tried for 10 second(s) with 500 milliseconds interval)
Build info: version: '4.27.0', revision: 'd6e718d134'
System info: os.name: 'Windows 11', os.arch: 'amd64', os.version: '10.0', java.version: '21.0.3'
Driver info: org.openqa.selenium.chrome.ChromeDriver
Capabilities {acceptInsecureCerts: false, browserName: chrome, browserVersion: 132.0.6834.160, chrome: {chromedriverVersion: 132.0.6834.159 (2d77d3fc445..., userDataDir: C:\Users\INGRID~1.ZAD\AppDa...}, fedcm:accounts: true, goog:chromeOptions: {debuggerAddress: localhost:50139}, networkConnectionEnabled: false, pageLoadStrategy: normal, platformName: windows, proxy: Proxy(), se:cdp: ws://localhost:50139/devtoo..., se:cdpVersion: 132.0.6834.160, setWindowRect: true, strictFileInteractability: false, timeouts: {implicit: 0, pageLoad: 300000, script: 30000}, unhandledPromptBehavior: dismiss and notify, webauthn:extension:credBlob: true, webauthn:extension:largeBlob: true, webauthn:extension:minPinLength: true, webauthn:extension:prf: true, webauthn:virtualAuthenticators: true}
Session ID: 7703791ec9519be4a0e84db64a66f80e
2025-02-04 12:45:51 [main] INFO  l.i.u.t.SubmittedApplicationsPageTest - Marking 'Taip' radio button 9
2025-02-04 12:46:01 [main] ERROR l.i.u.p.SubmittedApplicationsPage - Error selecting radio button: Expected condition failed: waiting for element to be clickable: By.xpath: (//input[@type='radio' and @value='true'])[17] (tried for 10 second(s) with 500 milliseconds interval)
Build info: version: '4.27.0', revision: 'd6e718d134'
System info: os.name: 'Windows 11', os.arch: 'amd64', os.version: '10.0', java.version: '21.0.3'
Driver info: org.openqa.selenium.chrome.ChromeDriver
Capabilities {acceptInsecureCerts: false, browserName: chrome, browserVersion: 132.0.6834.160, chrome: {chromedriverVersion: 132.0.6834.159 (2d77d3fc445..., userDataDir: C:\Users\INGRID~1.ZAD\AppDa...}, fedcm:accounts: true, goog:chromeOptions: {debuggerAddress: localhost:50139}, networkConnectionEnabled: false, pageLoadStrategy: normal, platformName: windows, proxy: Proxy(), se:cdp: ws://localhost:50139/devtoo..., se:cdpVersion: 132.0.6834.160, setWindowRect: true, strictFileInteractability: false, timeouts: {implicit: 0, pageLoad: 300000, script: 30000}, unhandledPromptBehavior: dismiss and notify, webauthn:extension:credBlob: true, webauthn:extension:largeBlob: true, webauthn:extension:minPinLength: true, webauthn:extension:prf: true, webauthn:virtualAuthenticators: true}
Session ID: 7703791ec9519be4a0e84db64a66f80e
2025-02-04 12:46:01 [main] INFO  l.i.u.t.SubmittedApplicationsPageTest - Marking 'Taip' radio button 10
2025-02-04 12:46:11 [main] ERROR l.i.u.p.SubmittedApplicationsPage - Error selecting radio button: Expected condition failed: waiting for element to be clickable: By.xpath: (//input[@type='radio' and @value='true'])[18] (tried for 10 second(s) with 500 milliseconds interval)
Build info: version: '4.27.0', revision: 'd6e718d134'
System info: os.name: 'Windows 11', os.arch: 'amd64', os.version: '10.0', java.version: '21.0.3'
Driver info: org.openqa.selenium.chrome.ChromeDriver
Capabilities {acceptInsecureCerts: false, browserName: chrome, browserVersion: 132.0.6834.160, chrome: {chromedriverVersion: 132.0.6834.159 (2d77d3fc445..., userDataDir: C:\Users\INGRID~1.ZAD\AppDa...}, fedcm:accounts: true, goog:chromeOptions: {debuggerAddress: localhost:50139}, networkConnectionEnabled: false, pageLoadStrategy: normal, platformName: windows, proxy: Proxy(), se:cdp: ws://localhost:50139/devtoo..., se:cdpVersion: 132.0.6834.160, setWindowRect: true, strictFileInteractability: false, timeouts: {implicit: 0, pageLoad: 300000, script: 30000}, unhandledPromptBehavior: dismiss and notify, webauthn:extension:credBlob: true, webauthn:extension:largeBlob: true, webauthn:extension:minPinLength: true, webauthn:extension:prf: true, webauthn:virtualAuthenticators: true}
Session ID: 7703791ec9519be4a0e84db64a66f80e
2025-02-04 12:46:11 [main] INFO  l.i.u.t.SubmittedApplicationsPageTest - Marking 'Taip' radio button 11
2025-02-04 12:46:21 [main] ERROR l.i.u.p.SubmittedApplicationsPage - Error selecting radio button: Expected condition failed: waiting for element to be clickable: By.xpath: (//input[@type='radio' and @value='true'])[19] (tried for 10 second(s) with 500 milliseconds interval)
Build info: version: '4.27.0', revision: 'd6e718d134'
System info: os.name: 'Windows 11', os.arch: 'amd64', os.version: '10.0', java.version: '21.0.3'
Driver info: org.openqa.selenium.chrome.ChromeDriver
Capabilities {acceptInsecureCerts: false, browserName: chrome, browserVersion: 132.0.6834.160, chrome: {chromedriverVersion: 132.0.6834.159 (2d77d3fc445..., userDataDir: C:\Users\INGRID~1.ZAD\AppDa...}, fedcm:accounts: true, goog:chromeOptions: {debuggerAddress: localhost:50139}, networkConnectionEnabled: false, pageLoadStrategy: normal, platformName: windows, proxy: Proxy(), se:cdp: ws://localhost:50139/devtoo..., se:cdpVersion: 132.0.6834.160, setWindowRect: true, strictFileInteractability: false, timeouts: {implicit: 0, pageLoad: 300000, script: 30000}, unhandledPromptBehavior: dismiss and notify, webauthn:extension:credBlob: true, webauthn:extension:largeBlob: true, webauthn:extension:minPinLength: true, webauthn:extension:prf: true, webauthn:virtualAuthenticators: true}
Session ID: 7703791ec9519be4a0e84db64a66f80e
2025-02-04 12:46:21 [main] INFO  l.i.u.t.SubmittedApplicationsPageTest - Marking 'Taip' radio button 12
2025-02-04 12:46:32 [main] DEBUG l.i.u.t.SubmittedApplicationsPageTest - Checked 'ConfirmationStepFour'
2025-02-04 12:46:32 [main] DEBUG l.i.u.t.SubmittedApplicationsPageTest - Clicked 'Next' button after checkboxes.
2025-02-04 12:46:32 [main] INFO  l.i.u.p.SubmittedApplicationsPage - File uploaded successfully to an input element.
2025-02-04 12:46:32 [main] INFO  l.i.u.p.SubmittedApplicationsPage - File uploaded successfully to an input element.
2025-02-04 12:46:32 [main] INFO  l.i.u.p.SubmittedApplicationsPage - File uploaded successfully to an input element.
2025-02-04 12:46:32 [main] INFO  l.i.u.p.SubmittedApplicationsPage - File uploaded successfully to an input element.
2025-02-04 12:46:32 [main] INFO  l.i.u.p.SubmittedApplicationsPage - File uploaded successfully to an input element.
2025-02-04 12:46:32 [main] INFO  l.i.u.p.SubmittedApplicationsPage - File uploaded successfully to an input element.
2025-02-04 12:46:32 [main] INFO  l.i.u.p.SubmittedApplicationsPage - File uploaded successfully to an input element.
2025-02-04 12:46:32 [main] INFO  l.i.u.p.SubmittedApplicationsPage - File uploaded successfully to an input element.
2025-02-04 12:46:33 [main] DEBUG l.i.u.t.SubmittedApplicationsPageTest - Entered program name: 'Dokumentas 1'.
2025-02-04 12:46:33 [main] DEBUG l.i.u.t.SubmittedApplicationsPageTest - Entered program name: 'Dokumentas 2'.
2025-02-04 12:46:33 [main] DEBUG l.i.u.t.SubmittedApplicationsPageTest - Entered program name: 'Dokumentas 3'.
2025-02-04 12:46:33 [main] DEBUG l.i.u.t.SubmittedApplicationsPageTest - Entered program name: 'Dokumentas 4'.
2025-02-04 12:46:33 [main] DEBUG l.i.u.t.SubmittedApplicationsPageTest - Entered program name: 'Dokumentas 5'.
2025-02-04 12:46:33 [main] DEBUG l.i.u.t.SubmittedApplicationsPageTest - Entered program name: 'Dokumentas 6'.
2025-02-04 12:46:34 [main] DEBUG l.i.u.t.SubmittedApplicationsPageTest - Entered program name: 'Dokumentas 4'.
2025-02-04 12:46:34 [main] DEBUG l.i.u.t.SubmittedApplicationsPageTest - Entered program name: 'Dokumentas 8'.
2025-02-04 12:46:44 [main] DEBUG l.i.u.t.SubmittedApplicationsPageTest - Checked 'ConfirmationDocument'
2025-02-04 12:46:54 [main] DEBUG l.i.u.t.SubmittedApplicationsPageTest - Checked 'ConfirmationApplication'
2025-02-04 12:46:54 [main] DEBUG l.i.u.t.SubmittedApplicationsPageTest - Clicked 'Review' button after checkboxes.
2025-02-04 12:47:04 [main] ERROR l.i.u.t.SubmittedApplicationsPageTest - Test 'testFillNewApplication' failed with error: no such element: Unable to locate element: {"method":"xpath","selector":"//common-button[@btnclass='btn btn--primary']//button[text()='Pateikti']"}
  (Session info: chrome=132.0.6834.160)
For documentation on this error, please visit: https://www.selenium.dev/documentation/webdriver/troubleshooting/errors#no-such-element-exception
Build info: version: '4.27.0', revision: 'd6e718d134'
System info: os.name: 'Windows 11', os.arch: 'amd64', os.version: '10.0', java.version: '21.0.3'
Driver info: org.openqa.selenium.chrome.ChromeDriver
Command: [7703791ec9519be4a0e84db64a66f80e, findElement {using=xpath, value=//common-button[@btnclass='btn btn--primary']//button[text()='Pateikti']}]
Capabilities {acceptInsecureCerts: false, browserName: chrome, browserVersion: 132.0.6834.160, chrome: {chromedriverVersion: 132.0.6834.159 (2d77d3fc445..., userDataDir: C:\Users\INGRID~1.ZAD\AppDa...}, fedcm:accounts: true, goog:chromeOptions: {debuggerAddress: localhost:50139}, networkConnectionEnabled: false, pageLoadStrategy: normal, platformName: windows, proxy: Proxy(), se:cdp: ws://localhost:50139/devtoo..., se:cdpVersion: 132.0.6834.160, setWindowRect: true, strictFileInteractability: false, timeouts: {implicit: 0, pageLoad: 300000, script: 30000}, unhandledPromptBehavior: dismiss and notify, webauthn:extension:credBlob: true, webauthn:extension:largeBlob: true, webauthn:extension:minPinLength: true, webauthn:extension:prf: true, webauthn:virtualAuthenticators: true}
Session ID: 7703791ec9519be4a0e84db64a66f80e
org.openqa.selenium.NoSuchElementException: no such element: Unable to locate element: {"method":"xpath","selector":"//common-button[@btnclass='btn btn--primary']//button[text()='Pateikti']"}
  (Session info: chrome=132.0.6834.160)
For documentation on this error, please visit: https://www.selenium.dev/documentation/webdriver/troubleshooting/errors#no-such-element-exception
Build info: version: '4.27.0', revision: 'd6e718d134'
System info: os.name: 'Windows 11', os.arch: 'amd64', os.version: '10.0', java.version: '21.0.3'
Driver info: org.openqa.selenium.chrome.ChromeDriver
Command: [7703791ec9519be4a0e84db64a66f80e, findElement {using=xpath, value=//common-button[@btnclass='btn btn--primary']//button[text()='Pateikti']}]
Capabilities {acceptInsecureCerts: false, browserName: chrome, browserVersion: 132.0.6834.160, chrome: {chromedriverVersion: 132.0.6834.159 (2d77d3fc445..., userDataDir: C:\Users\INGRID~1.ZAD\AppDa...}, fedcm:accounts: true, goog:chromeOptions: {debuggerAddress: localhost:50139}, networkConnectionEnabled: false, pageLoadStrategy: normal, platformName: windows, proxy: Proxy(), se:cdp: ws://localhost:50139/devtoo..., se:cdpVersion: 132.0.6834.160, setWindowRect: true, strictFileInteractability: false, timeouts: {implicit: 0, pageLoad: 300000, script: 30000}, unhandledPromptBehavior: dismiss and notify, webauthn:extension:credBlob: true, webauthn:extension:largeBlob: true, webauthn:extension:minPinLength: true, webauthn:extension:prf: true, webauthn:virtualAuthenticators: true}
Session ID: 7703791ec9519be4a0e84db64a66f80e
	at java.base/jdk.internal.reflect.DirectConstructorHandleAccessor.newInstance(DirectConstructorHandleAccessor.java:62)
	at java.base/java.lang.reflect.Constructor.newInstanceWithCaller(Constructor.java:502)
	at java.base/java.lang.reflect.Constructor.newInstance(Constructor.java:486)
	at org.openqa.selenium.remote.ErrorCodec.decode(ErrorCodec.java:167)
	at org.openqa.selenium.remote.codec.w3c.W3CHttpResponseCodec.decode(W3CHttpResponseCodec.java:138)
	at org.openqa.selenium.remote.codec.w3c.W3CHttpResponseCodec.decode(W3CHttpResponseCodec.java:50)
	at org.openqa.selenium.remote.HttpCommandExecutor.execute(HttpCommandExecutor.java:190)
	at org.openqa.selenium.remote.service.DriverCommandExecutor.invokeExecute(DriverCommandExecutor.java:216)
	at org.openqa.selenium.remote.service.DriverCommandExecutor.execute(DriverCommandExecutor.java:174)
	at org.openqa.selenium.remote.RemoteWebDriver.execute(RemoteWebDriver.java:545)
	at org.openqa.selenium.remote.ElementLocation$ElementFinder$2.findElement(ElementLocation.java:165)
	at org.openqa.selenium.remote.ElementLocation.findElement(ElementLocation.java:59)
	at org.openqa.selenium.remote.RemoteWebDriver.findElement(RemoteWebDriver.java:368)
	at org.openqa.selenium.remote.RemoteWebDriver.findElement(RemoteWebDriver.java:362)
	at org.openqa.selenium.support.pagefactory.DefaultElementLocator.findElement(DefaultElementLocator.java:68)
	at org.openqa.selenium.support.pagefactory.internal.LocatingElementHandler.invoke(LocatingElementHandler.java:38)
	at jdk.proxy2/jdk.proxy2.$Proxy14.isSelected(Unknown Source)
	at lt.insoft.uztis.pages.SubmittedApplicationsPage.clickButtonSubmit(SubmittedApplicationsPage.java:392)
	at lt.insoft.uztis.tests.SubmittedApplicationsPageTest.testFillNewApplication(SubmittedApplicationsPageTest.java:406)
	at java.base/jdk.internal.reflect.DirectMethodHandleAccessor.invoke(DirectMethodHandleAccessor.java:103)
	at java.base/java.lang.reflect.Method.invoke(Method.java:580)
	at org.junit.platform.commons.util.ReflectionUtils.invokeMethod(ReflectionUtils.java:728)
	at org.junit.jupiter.engine.execution.MethodInvocation.proceed(MethodInvocation.java:60)
	at org.junit.jupiter.engine.execution.InvocationInterceptorChain$ValidatingInvocation.proceed(InvocationInterceptorChain.java:131)
	at org.junit.jupiter.engine.extension.TimeoutExtension.intercept(TimeoutExtension.java:156)
	at org.junit.jupiter.engine.extension.TimeoutExtension.interceptTestableMethod(TimeoutExtension.java:147)
	at org.junit.jupiter.engine.extension.TimeoutExtension.interceptTestMethod(TimeoutExtension.java:86)
	at org.junit.jupiter.engine.execution.InterceptingExecutableInvoker$ReflectiveInterceptorCall.lambda$ofVoidMethod$0(InterceptingExecutableInvoker.java:103)
	at org.junit.jupiter.engine.execution.InterceptingExecutableInvoker.lambda$invoke$0(InterceptingExecutableInvoker.java:93)
	at org.junit.jupiter.engine.execution.InvocationInterceptorChain$InterceptedInvocation.proceed(InvocationInterceptorChain.java:106)
	at org.junit.jupiter.engine.execution.InvocationInterceptorChain.proceed(InvocationInterceptorChain.java:64)
	at org.junit.jupiter.engine.execution.InvocationInterceptorChain.chainAndInvoke(InvocationInterceptorChain.java:45)
	at org.junit.jupiter.engine.execution.InvocationInterceptorChain.invoke(InvocationInterceptorChain.java:37)
	at org.junit.jupiter.engine.execution.InterceptingExecutableInvoker.invoke(InterceptingExecutableInvoker.java:92)
	at org.junit.jupiter.engine.execution.InterceptingExecutableInvoker.invoke(InterceptingExecutableInvoker.java:86)
	at org.junit.jupiter.engine.descriptor.TestMethodTestDescriptor.lambda$invokeTestMethod$7(TestMethodTestDescriptor.java:218)
	at org.junit.platform.engine.support.hierarchical.ThrowableCollector.execute(ThrowableCollector.java:73)
	at org.junit.jupiter.engine.descriptor.TestMethodTestDescriptor.invokeTestMethod(TestMethodTestDescriptor.java:214)
	at org.junit.jupiter.engine.descriptor.TestMethodTestDescriptor.execute(TestMethodTestDescriptor.java:139)
	at org.junit.jupiter.engine.descriptor.TestMethodTestDescriptor.execute(TestMethodTestDescriptor.java:69)
	at org.junit.platform.engine.support.hierarchical.NodeTestTask.lambda$executeRecursively$6(NodeTestTask.java:151)
	at org.junit.platform.engine.support.hierarchical.ThrowableCollector.execute(ThrowableCollector.java:73)
	at org.junit.platform.engine.support.hierarchical.NodeTestTask.lambda$executeRecursively$8(NodeTestTask.java:141)
	at org.junit.platform.engine.support.hierarchical.Node.around(Node.java:137)
	at org.junit.platform.engine.support.hierarchical.NodeTestTask.lambda$executeRecursively$9(NodeTestTask.java:139)
	at org.junit.platform.engine.support.hierarchical.ThrowableCollector.execute(ThrowableCollector.java:73)
	at org.junit.platform.engine.support.hierarchical.NodeTestTask.executeRecursively(NodeTestTask.java:138)
	at org.junit.platform.engine.support.hierarchical.NodeTestTask.execute(NodeTestTask.java:95)
	at java.base/java.util.ArrayList.forEach(ArrayList.java:1596)
	at org.junit.platform.engine.support.hierarchical.SameThreadHierarchicalTestExecutorService.invokeAll(SameThreadHierarchicalTestExecutorService.java:41)
	at org.junit.platform.engine.support.hierarchical.NodeTestTask.lambda$executeRecursively$6(NodeTestTask.java:155)
	at org.junit.platform.engine.support.hierarchical.ThrowableCollector.execute(ThrowableCollector.java:73)
	at org.junit.platform.engine.support.hierarchical.NodeTestTask.lambda$executeRecursively$8(NodeTestTask.java:141)
	at org.junit.platform.engine.support.hierarchical.Node.around(Node.java:137)
	at org.junit.platform.engine.support.hierarchical.NodeTestTask.lambda$executeRecursively$9(NodeTestTask.java:139)
	at org.junit.platform.engine.support.hierarchical.ThrowableCollector.execute(ThrowableCollector.java:73)
	at org.junit.platform.engine.support.hierarchical.NodeTestTask.executeRecursively(NodeTestTask.java:138)
	at org.junit.platform.engine.support.hierarchical.NodeTestTask.execute(NodeTestTask.java:95)
	at java.base/java.util.ArrayList.forEach(ArrayList.java:1596)
	at org.junit.platform.engine.support.hierarchical.SameThreadHierarchicalTestExecutorService.invokeAll(SameThreadHierarchicalTestExecutorService.java:41)
	at org.junit.platform.engine.support.hierarchical.NodeTestTask.lambda$executeRecursively$6(NodeTestTask.java:155)
	at org.junit.platform.engine.support.hierarchical.ThrowableCollector.execute(ThrowableCollector.java:73)
	at org.junit.platform.engine.support.hierarchical.NodeTestTask.lambda$executeRecursively$8(NodeTestTask.java:141)
	at org.junit.platform.engine.support.hierarchical.Node.around(Node.java:137)
	at org.junit.platform.engine.support.hierarchical.NodeTestTask.lambda$executeRecursively$9(NodeTestTask.java:139)
	at org.junit.platform.engine.support.hierarchical.ThrowableCollector.execute(ThrowableCollector.java:73)
	at org.junit.platform.engine.support.hierarchical.NodeTestTask.executeRecursively(NodeTestTask.java:138)
	at org.junit.platform.engine.support.hierarchical.NodeTestTask.execute(NodeTestTask.java:95)
	at org.junit.platform.engine.support.hierarchical.SameThreadHierarchicalTestExecutorService.submit(SameThreadHierarchicalTestExecutorService.java:35)
	at org.junit.platform.engine.support.hierarchical.HierarchicalTestExecutor.execute(HierarchicalTestExecutor.java:57)
	at org.junit.platform.engine.support.hierarchical.HierarchicalTestEngine.execute(HierarchicalTestEngine.java:54)
	at org.junit.platform.launcher.core.EngineExecutionOrchestrator.execute(EngineExecutionOrchestrator.java:198)
	at org.junit.platform.launcher.core.EngineExecutionOrchestrator.execute(EngineExecutionOrchestrator.java:169)
	at org.junit.platform.launcher.core.EngineExecutionOrchestrator.execute(EngineExecutionOrchestrator.java:93)
	at org.junit.platform.launcher.core.EngineExecutionOrchestrator.lambda$execute$0(EngineExecutionOrchestrator.java:58)
	at org.junit.platform.launcher.core.EngineExecutionOrchestrator.withInterceptedStreams(EngineExecutionOrchestrator.java:141)
	at org.junit.platform.launcher.core.EngineExecutionOrchestrator.execute(EngineExecutionOrchestrator.java:57)
	at org.junit.platform.launcher.core.DefaultLauncher.execute(DefaultLauncher.java:103)
	at org.junit.platform.launcher.core.DefaultLauncher.execute(DefaultLauncher.java:85)
	at org.junit.platform.launcher.core.DelegatingLauncher.execute(DelegatingLauncher.java:47)
	at org.junit.platform.launcher.core.SessionPerRequestLauncher.execute(SessionPerRequestLauncher.java:63)
	at com.intellij.junit5.JUnit5IdeaTestRunner.startRunnerWithArgs(JUnit5IdeaTestRunner.java:57)
	at com.intellij.rt.junit.IdeaTestRunner$Repeater$1.execute(IdeaTestRunner.java:38)
	at com.intellij.rt.execution.junit.TestsRepeater.repeat(TestsRepeater.java:11)
	at com.intellij.rt.junit.IdeaTestRunner$Repeater.startRunnerWithArgs(IdeaTestRunner.java:35)
	at com.intellij.rt.junit.JUnitStarter.prepareStreamsAndStart(JUnitStarter.java:232)
	at com.intellij.rt.junit.JUnitStarter.main(JUnitStarter.java:55)
2025-02-04 12:47:04 [main] INFO  l.insoft.uztis.tests.utils.TestUtils - Screenshot moved to C:\Users\ingrida.zadorozniene\Desktop\Asm\UZTIS\UZTIS_tests\test-output\screenshots\20250204\124704842_testFillNewApplication().png
2025-02-04 12:52:10 [main] INFO  lt.insoft.uztis.tests.UztisPageTest - Navigated to https://uztisdev.asseco.lt/home
2025-02-04 12:52:10 [main] INFO  l.i.u.t.SubmittedApplicationsPageTest - Starting test:'testFillNewApplication'
2025-02-04 12:52:11 [main] DEBUG l.i.u.t.SubmittedApplicationsPageTest - User logged in with test credentials.
2025-02-04 12:52:11 [main] DEBUG l.i.u.t.SubmittedApplicationsPageTest - Opened 'Application Processing' menu.
2025-02-04 12:52:11 [main] DEBUG l.i.u.t.SubmittedApplicationsPageTest - Clicked on 'Application Forms' menu.
2025-02-04 12:52:11 [main] DEBUG l.i.u.t.SubmittedApplicationsPageTest - Retrieved last description code text: 'TST-VUI-27'.
2025-02-04 12:52:12 [main] DEBUG l.i.u.t.SubmittedApplicationsPageTest - Clicked on 'Invitation' menu.
2025-02-04 12:52:12 [main] DEBUG l.i.u.t.SubmittedApplicationsPageTest - Selected application section by code: 'TST-VUI-27'.
2025-02-04 12:52:13 [main] DEBUG l.i.u.t.SubmittedApplicationsPageTest - Clicked 'Search' button.
2025-02-04 12:52:13 [main] DEBUG l.i.u.t.SubmittedApplicationsPageTest - Retrieved invitation code: ''.
2025-02-04 12:52:13 [main] DEBUG l.i.u.t.SubmittedApplicationsPageTest - Clicked on 'Submitted Applications' menu.
2025-02-04 12:52:14 [main] DEBUG l.i.u.t.SubmittedApplicationsPageTest - Selected invitation by code: 'TST-VUI-27'.
2025-02-04 12:52:14 [main] DEBUG l.i.u.t.SubmittedApplicationsPageTest - Invitation code inserted.
2025-02-04 12:52:14 [main] DEBUG l.i.u.t.SubmittedApplicationsPageTest - Clicked on 'Action Application' button.
2025-02-04 12:52:14 [main] DEBUG l.i.u.t.SubmittedApplicationsPageTest - Clicked on 'New Application' button.
2025-02-04 12:52:15 [main] DEBUG l.i.u.t.SubmittedApplicationsPageTest - Selected the 'RadioButtonFA' option.
2025-02-04 12:52:15 [main] DEBUG l.i.u.t.SubmittedApplicationsPageTest - Entered phone number: '61298745'.
2025-02-04 12:52:15 [main] DEBUG l.i.u.t.SubmittedApplicationsPageTest - Entered email: 'test@autotest.com'.
2025-02-04 12:52:15 [main] INFO  l.i.u.p.SubmittedApplicationsPage - Located the dropdown button.
2025-02-04 12:52:32 [main] INFO  l.i.u.p.SubmittedApplicationsPage - Found 1741 options in the dropdown.
2025-02-04 12:52:32 [main] INFO  l.i.u.p.SubmittedApplicationsPage - Successfully selected the value: '01.11 - Grūdinių (išskyrus ryžius), ankštinių ir aliejingų sėklų augalų auginimas'
2025-02-04 12:52:43 [main] ERROR l.i.u.p.SubmittedApplicationsPage - Failed to close the dropdown with aria-expanded = 'false'. Attempting manual close.
2025-02-04 12:52:43 [main] INFO  l.i.u.p.SubmittedApplicationsPage - Manual close attempt for the dropdown using body click.
2025-02-04 12:52:43 [main] DEBUG l.i.u.t.SubmittedApplicationsPageTest - Selected EVRK value: '01.11 - Grūdinių (išskyrus ryžius), ankštinių ir aliejingų sėklų augalų auginimas'.
2025-02-04 12:52:43 [main] DEBUG l.i.u.t.SubmittedApplicationsPageTest - Entered address: 'Vilniaus m. sav., Vilnius, Testo g. 10T'.
2025-02-04 12:52:43 [main] DEBUG l.i.u.t.SubmittedApplicationsPageTest - Entered project date.
2025-02-04 12:52:44 [main] DEBUG l.i.u.t.SubmittedApplicationsPageTest - Entered job count: '1'.
2025-02-04 12:52:44 [main] DEBUG l.i.u.t.SubmittedApplicationsPageTest - Clicked 'Next' button.
2025-02-04 12:52:44 [main] INFO  l.i.u.p.SubmittedApplicationsPage - Located the dropdown button.
2025-02-04 12:52:45 [main] INFO  l.i.u.p.SubmittedApplicationsPage - Successfully selected the value: 'Administratoriai'
2025-02-04 12:53:15 [main] ERROR l.i.u.p.SubmittedApplicationsPage - Timeout while waiting for dropdown to close with aria-expanded = 'false'.
2025-02-04 12:53:15 [main] DEBUG l.i.u.t.SubmittedApplicationsPageTest - Selected job name: 'Administratoriai'.
2025-02-04 12:53:15 [main] DEBUG l.i.u.t.SubmittedApplicationsPageTest - Entered job function: 'Funkcija 1'.
2025-02-04 12:53:15 [main] DEBUG l.i.u.t.SubmittedApplicationsPageTest - Selected 'RadioButtonWithDisabilities' option.
2025-02-04 12:53:15 [main] INFO  l.i.u.p.SubmittedApplicationsPage - Clicking on the dropdown button.
2025-02-04 12:53:16 [main] INFO  l.i.u.p.SubmittedApplicationsPage - Found 34 options in the dropdown.
2025-02-04 12:53:16 [main] DEBUG l.i.u.p.SubmittedApplicationsPage - Checking option: 'Asmenys, kuriems suteiktas pabėgėlio statusas ar perkeliamojo asmens statusas, arba asmenys, kuriems suteikta papildoma ar laikinoji apsauga, ir asmenys, turintys teisę gauti laikinąją apsaugą, iki sprendimo dėl laikinosios apsaugos suteikimo (nesuteikimo) priėmimo, tačiau ne ilgiau kaip laikinosios apsaugos laikotarpiu'
2025-02-04 12:53:16 [main] DEBUG l.i.u.p.SubmittedApplicationsPage - Checking option: 'Asmenys, kuriems suteiktas pabėgėlio statusas ar perkeliamojo asmens statusas, arba asmenys, kuriems suteikta papildoma ar laikinoji apsauga, ir asmenys, turintys teisę gauti laikinąją apsaugą, iki sprendimo dėl laikinosios apsaugos suteikimo (nesuteikimo) priėmimo, tačiau ne ilgiau kaip laikinosios apsaugos laikotarpiu'
2025-02-04 12:53:16 [main] DEBUG l.i.u.p.SubmittedApplicationsPage - Checking option: 'Asmenys, turintys teisę į papildomas užimtumo garantijas pagal Lietuvos Respublikos valstybės įmonės Ignalinos atominės elektrinės darbuotojų papildomų užimtumo ir socialinių garantijų įstatymą'
2025-02-04 12:53:16 [main] DEBUG l.i.u.p.SubmittedApplicationsPage - Checking option: 'Asmenys, turintys teisę į papildomas užimtumo garantijas pagal Lietuvos Respublikos valstybės įmonės Ignalinos atominės elektrinės darbuotojų papildomų užimtumo ir socialinių garantijų įstatymą'
2025-02-04 12:53:16 [main] DEBUG l.i.u.p.SubmittedApplicationsPage - Checking option: 'Bedarbiai iki 29 metų'
2025-02-04 12:53:16 [main] DEBUG l.i.u.p.SubmittedApplicationsPage - Checking option: 'Bedarbiai iki 29 metų'
2025-02-04 12:53:16 [main] DEBUG l.i.u.p.SubmittedApplicationsPage - Checking option: 'Bedarbiai, kurie yra darbingo amžiaus neįgalieji, kuriems nustatytas 30–40 procentų darbingumo lygis arba vidutinis neįgalumo lygis'
2025-02-04 12:53:16 [main] DEBUG l.i.u.p.SubmittedApplicationsPage - Checking option: 'Bedarbiai, kurie yra darbingo amžiaus neįgalieji, kuriems nustatytas 30–40 procentų darbingumo lygis arba vidutinis neįgalumo lygis'
2025-02-04 12:53:16 [main] DEBUG l.i.u.p.SubmittedApplicationsPage - Checking option: 'Bedarbiai, kurie yra darbingo amžiaus neįgalieji, kuriems nustatytas 45–55 procentų darbingumo lygis arba lengvas neįgalumo lygis'
2025-02-04 12:53:16 [main] DEBUG l.i.u.p.SubmittedApplicationsPage - Checking option: 'Bedarbiai, kurie yra darbingo amžiaus neįgalieji, kuriems nustatytas 45–55 procentų darbingumo lygis arba lengvas neįgalumo lygis'
2025-02-04 12:53:16 [main] DEBUG l.i.u.p.SubmittedApplicationsPage - Checking option: 'Bedarbiai, kurie yra darbingo amžiaus neįgalieji, kuriems nustatytas iki 25 procentų darbingumo lygis arba sunkus neįgalumo lygis'
2025-02-04 12:53:16 [main] INFO  l.i.u.p.SubmittedApplicationsPage - Successfully selected the value: 'Bedarbiai, kurie yra darbingo amžiaus neįgalieji, kuriems nustatytas iki 25 procentų darbingumo lygis arba sunkus neįgalumo lygis'
2025-02-04 12:53:16 [main] INFO  l.i.u.p.SubmittedApplicationsPage - Attempting to close the dropdown.
2025-02-04 12:53:27 [main] INFO  l.i.u.p.SubmittedApplicationsPage - Dropdown should be closed now.
2025-02-04 12:53:27 [main] DEBUG l.i.u.t.SubmittedApplicationsPageTest - Selected disabilities type: 'Bedarbiai, kurie yra darbingo amžiaus neįgalieji, kuriems nustatytas iki 25 procentų darbingumo lygis arba sunkus neįgalumo lygis'.
2025-02-04 12:53:27 [main] DEBUG l.i.u.t.SubmittedApplicationsPageTest - Entered disability information: 'Negalia 1'.
2025-02-04 12:53:27 [main] INFO  l.i.u.p.SubmittedApplicationsPage - Located the dropdown button.
2025-02-04 12:53:27 [main] INFO  l.i.u.p.SubmittedApplicationsPage - Successfully selected the value: 'Kita'
2025-02-04 12:53:38 [main] ERROR l.i.u.p.SubmittedApplicationsPage - Timeout while waiting for dropdown to close with aria-expanded = 'false'.
2025-02-04 12:53:38 [main] DEBUG l.i.u.t.SubmittedApplicationsPageTest - Selected time mode: 'Kita'.
2025-02-04 12:53:38 [main] DEBUG l.i.u.t.SubmittedApplicationsPageTest - Selected time mode other: '6 val. per dieną ir 4 d. per savaitę'.
2025-02-04 12:53:38 [main] DEBUG l.i.u.t.SubmittedApplicationsPageTest - Entered qualification: 'Kvalifikacija 1'.
2025-02-04 12:53:38 [main] DEBUG l.i.u.t.SubmittedApplicationsPageTest - Entered job date.
2025-02-04 12:53:38 [main] DEBUG l.i.u.t.SubmittedApplicationsPageTest - Entered salary amount: '1200'.
2025-02-04 12:53:38 [main] DEBUG l.i.u.t.SubmittedApplicationsPageTest - Selected 'Temporary Job' radio button.
2025-02-04 12:53:39 [main] DEBUG l.i.u.t.SubmittedApplicationsPageTest - Selected 'Season Job' radio button.
2025-02-04 12:53:39 [main] DEBUG l.i.u.t.SubmittedApplicationsPageTest - Selected 'Energy' radio button.
2025-02-04 12:53:39 [main] DEBUG l.i.u.t.SubmittedApplicationsPageTest - Selected 'Repair' radio button.
2025-02-04 12:53:39 [main] DEBUG l.i.u.t.SubmittedApplicationsPageTest - Entered job description: 'Veikla 1'.
2025-02-04 12:53:39 [main] DEBUG l.i.u.t.SubmittedApplicationsPageTest - Entered process description: 'Procesas 1'.
2025-02-04 12:53:39 [main] DEBUG l.i.u.t.SubmittedApplicationsPageTest - Entered energy information: 'Energija 1'.
2025-02-04 12:53:40 [main] DEBUG l.i.u.t.SubmittedApplicationsPageTest - Entered repair information: 'Remontas 1'.
2025-02-04 12:53:40 [main] DEBUG l.i.u.t.SubmittedApplicationsPageTest - Selected 'PVM' radio button.
2025-02-04 12:53:40 [main] INFO  l.i.u.p.SubmittedApplicationsPage - Located the dropdown button.
2025-02-04 12:53:40 [main] INFO  l.i.u.p.SubmittedApplicationsPage - Successfully selected the value: 'Įsigyti'
2025-02-04 12:54:01 [main] ERROR l.i.u.p.SubmittedApplicationsPage - Timeout while waiting for dropdown to close with aria-expanded = 'false'.
2025-02-04 12:54:01 [main] DEBUG l.i.u.t.SubmittedApplicationsPageTest - Selected necessary for job: 'Įsigyti'.
2025-02-04 12:54:01 [main] DEBUG l.i.u.t.SubmittedApplicationsPageTest - Selected tool: 'Darbo priemonė 1'.
2025-02-04 12:54:01 [main] DEBUG l.i.u.t.SubmittedApplicationsPageTest - Selected tool parameter one: 'Darbo priemonės 1 parametras 1'.
2025-02-04 12:54:01 [main] DEBUG l.i.u.t.SubmittedApplicationsPageTest - Selected tool parameter two: 'Darbo priemonės 1 parametras 2'.
2025-02-04 12:54:02 [main] DEBUG l.i.u.t.SubmittedApplicationsPageTest - Selected tool parameter three: 'Darbo priemonės 1 parametras 3'.
2025-02-04 12:54:02 [main] DEBUG l.i.u.t.SubmittedApplicationsPageTest - Entered tool count: '1'.
2025-02-04 12:54:02 [main] DEBUG l.i.u.t.SubmittedApplicationsPageTest - Entered price amount: '1000'.
2025-02-04 12:54:02 [main] DEBUG l.i.u.t.SubmittedApplicationsPageTest - Entered own funds amount: '800'.
2025-02-04 12:54:02 [main] DEBUG l.i.u.t.SubmittedApplicationsPageTest - Entered country percentage: '50'.
2025-02-04 12:54:02 [main] DEBUG l.i.u.t.SubmittedApplicationsPageTest - Entered institution percentage: '50'.
2025-02-04 12:54:02 [main] DEBUG l.i.u.t.SubmittedApplicationsPageTest - Entered municipality percentage: '50'.
2025-02-04 12:54:03 [main] DEBUG l.i.u.t.SubmittedApplicationsPageTest - Selected 'De Minimis' radio button.
2025-02-04 12:54:03 [main] DEBUG l.i.u.t.SubmittedApplicationsPageTest - Entered program name: 'Programa 1'.
2025-02-04 12:54:03 [main] DEBUG l.i.u.t.SubmittedApplicationsPageTest - Entered project date from.
2025-02-04 12:54:03 [main] DEBUG l.i.u.t.SubmittedApplicationsPageTest - Entered project date until.
2025-02-04 12:54:03 [main] DEBUG l.i.u.t.SubmittedApplicationsPageTest - Entered support amount: '2000'.
2025-02-04 12:54:03 [main] DEBUG l.i.u.t.SubmittedApplicationsPageTest - Clicked 'Next' button.
2025-02-04 12:54:14 [main] DEBUG l.i.u.t.SubmittedApplicationsPageTest - Checked 'Legal Entities' checkbox 1.
2025-02-04 12:54:24 [main] DEBUG l.i.u.t.SubmittedApplicationsPageTest - Checked 'Legal Entities' checkbox 2.
2025-02-04 12:54:34 [main] DEBUG l.i.u.t.SubmittedApplicationsPageTest - Checked 'Legal Entities' checkbox 3.
2025-02-04 12:54:34 [main] DEBUG l.i.u.t.SubmittedApplicationsPageTest - Test finished: All 'Legal Entities' checkboxes checked successfully.
2025-02-04 12:54:34 [main] DEBUG l.i.u.t.SubmittedApplicationsPageTest - Clicked 'Next' button after checkboxes.
2025-02-04 12:54:44 [main] ERROR l.i.u.p.SubmittedApplicationsPage - Error selecting radio button: Expected condition failed: waiting for element to be clickable: By.xpath: (//input[@type='radio' and @value='false'])[8] (tried for 10 second(s) with 500 milliseconds interval)
Build info: version: '4.27.0', revision: 'd6e718d134'
System info: os.name: 'Windows 11', os.arch: 'amd64', os.version: '10.0', java.version: '21.0.3'
Driver info: org.openqa.selenium.chrome.ChromeDriver
Capabilities {acceptInsecureCerts: false, browserName: chrome, browserVersion: 132.0.6834.160, chrome: {chromedriverVersion: 132.0.6834.159 (2d77d3fc445..., userDataDir: C:\Users\INGRID~1.ZAD\AppDa...}, fedcm:accounts: true, goog:chromeOptions: {debuggerAddress: localhost:50491}, networkConnectionEnabled: false, pageLoadStrategy: normal, platformName: windows, proxy: Proxy(), se:cdp: ws://localhost:50491/devtoo..., se:cdpVersion: 132.0.6834.160, setWindowRect: true, strictFileInteractability: false, timeouts: {implicit: 0, pageLoad: 300000, script: 30000}, unhandledPromptBehavior: dismiss and notify, webauthn:extension:credBlob: true, webauthn:extension:largeBlob: true, webauthn:extension:minPinLength: true, webauthn:extension:prf: true, webauthn:virtualAuthenticators: true}
Session ID: f199ff98df448578cd1add3c9c846384
2025-02-04 12:54:44 [main] INFO  l.i.u.t.SubmittedApplicationsPageTest - Marking 'Ne' radio button 1
2025-02-04 12:54:54 [main] ERROR l.i.u.p.SubmittedApplicationsPage - Error selecting radio button: Expected condition failed: waiting for element to be clickable: By.xpath: (//input[@type='radio' and @value='false'])[9] (tried for 10 second(s) with 500 milliseconds interval)
Build info: version: '4.27.0', revision: 'd6e718d134'
System info: os.name: 'Windows 11', os.arch: 'amd64', os.version: '10.0', java.version: '21.0.3'
Driver info: org.openqa.selenium.chrome.ChromeDriver
Capabilities {acceptInsecureCerts: false, browserName: chrome, browserVersion: 132.0.6834.160, chrome: {chromedriverVersion: 132.0.6834.159 (2d77d3fc445..., userDataDir: C:\Users\INGRID~1.ZAD\AppDa...}, fedcm:accounts: true, goog:chromeOptions: {debuggerAddress: localhost:50491}, networkConnectionEnabled: false, pageLoadStrategy: normal, platformName: windows, proxy: Proxy(), se:cdp: ws://localhost:50491/devtoo..., se:cdpVersion: 132.0.6834.160, setWindowRect: true, strictFileInteractability: false, timeouts: {implicit: 0, pageLoad: 300000, script: 30000}, unhandledPromptBehavior: dismiss and notify, webauthn:extension:credBlob: true, webauthn:extension:largeBlob: true, webauthn:extension:minPinLength: true, webauthn:extension:prf: true, webauthn:virtualAuthenticators: true}
Session ID: f199ff98df448578cd1add3c9c846384
2025-02-04 12:54:54 [main] INFO  l.i.u.t.SubmittedApplicationsPageTest - Marking 'Ne' radio button 2
2025-02-04 12:55:04 [main] ERROR l.i.u.p.SubmittedApplicationsPage - Error selecting radio button: Expected condition failed: waiting for element to be clickable: By.xpath: (//input[@type='radio' and @value='false'])[10] (tried for 10 second(s) with 500 milliseconds interval)
Build info: version: '4.27.0', revision: 'd6e718d134'
System info: os.name: 'Windows 11', os.arch: 'amd64', os.version: '10.0', java.version: '21.0.3'
Driver info: org.openqa.selenium.chrome.ChromeDriver
Capabilities {acceptInsecureCerts: false, browserName: chrome, browserVersion: 132.0.6834.160, chrome: {chromedriverVersion: 132.0.6834.159 (2d77d3fc445..., userDataDir: C:\Users\INGRID~1.ZAD\AppDa...}, fedcm:accounts: true, goog:chromeOptions: {debuggerAddress: localhost:50491}, networkConnectionEnabled: false, pageLoadStrategy: normal, platformName: windows, proxy: Proxy(), se:cdp: ws://localhost:50491/devtoo..., se:cdpVersion: 132.0.6834.160, setWindowRect: true, strictFileInteractability: false, timeouts: {implicit: 0, pageLoad: 300000, script: 30000}, unhandledPromptBehavior: dismiss and notify, webauthn:extension:credBlob: true, webauthn:extension:largeBlob: true, webauthn:extension:minPinLength: true, webauthn:extension:prf: true, webauthn:virtualAuthenticators: true}
Session ID: f199ff98df448578cd1add3c9c846384
2025-02-04 12:55:04 [main] INFO  l.i.u.t.SubmittedApplicationsPageTest - Marking 'Ne' radio button 3
2025-02-04 12:55:15 [main] ERROR l.i.u.p.SubmittedApplicationsPage - Error selecting radio button: Expected condition failed: waiting for element to be clickable: By.xpath: (//input[@type='radio' and @value='false'])[11] (tried for 10 second(s) with 500 milliseconds interval)
Build info: version: '4.27.0', revision: 'd6e718d134'
System info: os.name: 'Windows 11', os.arch: 'amd64', os.version: '10.0', java.version: '21.0.3'
Driver info: org.openqa.selenium.chrome.ChromeDriver
Capabilities {acceptInsecureCerts: false, browserName: chrome, browserVersion: 132.0.6834.160, chrome: {chromedriverVersion: 132.0.6834.159 (2d77d3fc445..., userDataDir: C:\Users\INGRID~1.ZAD\AppDa...}, fedcm:accounts: true, goog:chromeOptions: {debuggerAddress: localhost:50491}, networkConnectionEnabled: false, pageLoadStrategy: normal, platformName: windows, proxy: Proxy(), se:cdp: ws://localhost:50491/devtoo..., se:cdpVersion: 132.0.6834.160, setWindowRect: true, strictFileInteractability: false, timeouts: {implicit: 0, pageLoad: 300000, script: 30000}, unhandledPromptBehavior: dismiss and notify, webauthn:extension:credBlob: true, webauthn:extension:largeBlob: true, webauthn:extension:minPinLength: true, webauthn:extension:prf: true, webauthn:virtualAuthenticators: true}
Session ID: f199ff98df448578cd1add3c9c846384
2025-02-04 12:55:15 [main] INFO  l.i.u.t.SubmittedApplicationsPageTest - Marking 'Ne' radio button 4
2025-02-04 12:55:25 [main] ERROR l.i.u.p.SubmittedApplicationsPage - Error selecting radio button: Expected condition failed: waiting for element to be clickable: By.xpath: (//input[@type='radio' and @value='false'])[12] (tried for 10 second(s) with 500 milliseconds interval)
Build info: version: '4.27.0', revision: 'd6e718d134'
System info: os.name: 'Windows 11', os.arch: 'amd64', os.version: '10.0', java.version: '21.0.3'
Driver info: org.openqa.selenium.chrome.ChromeDriver
Capabilities {acceptInsecureCerts: false, browserName: chrome, browserVersion: 132.0.6834.160, chrome: {chromedriverVersion: 132.0.6834.159 (2d77d3fc445..., userDataDir: C:\Users\INGRID~1.ZAD\AppDa...}, fedcm:accounts: true, goog:chromeOptions: {debuggerAddress: localhost:50491}, networkConnectionEnabled: false, pageLoadStrategy: normal, platformName: windows, proxy: Proxy(), se:cdp: ws://localhost:50491/devtoo..., se:cdpVersion: 132.0.6834.160, setWindowRect: true, strictFileInteractability: false, timeouts: {implicit: 0, pageLoad: 300000, script: 30000}, unhandledPromptBehavior: dismiss and notify, webauthn:extension:credBlob: true, webauthn:extension:largeBlob: true, webauthn:extension:minPinLength: true, webauthn:extension:prf: true, webauthn:virtualAuthenticators: true}
Session ID: f199ff98df448578cd1add3c9c846384
2025-02-04 12:55:25 [main] INFO  l.i.u.t.SubmittedApplicationsPageTest - Marking 'Ne' radio button 5
2025-02-04 12:55:35 [main] ERROR l.i.u.p.SubmittedApplicationsPage - Error selecting radio button: Expected condition failed: waiting for element to be clickable: By.xpath: (//input[@type='radio' and @value='false'])[13] (tried for 10 second(s) with 500 milliseconds interval)
Build info: version: '4.27.0', revision: 'd6e718d134'
System info: os.name: 'Windows 11', os.arch: 'amd64', os.version: '10.0', java.version: '21.0.3'
Driver info: org.openqa.selenium.chrome.ChromeDriver
Capabilities {acceptInsecureCerts: false, browserName: chrome, browserVersion: 132.0.6834.160, chrome: {chromedriverVersion: 132.0.6834.159 (2d77d3fc445..., userDataDir: C:\Users\INGRID~1.ZAD\AppDa...}, fedcm:accounts: true, goog:chromeOptions: {debuggerAddress: localhost:50491}, networkConnectionEnabled: false, pageLoadStrategy: normal, platformName: windows, proxy: Proxy(), se:cdp: ws://localhost:50491/devtoo..., se:cdpVersion: 132.0.6834.160, setWindowRect: true, strictFileInteractability: false, timeouts: {implicit: 0, pageLoad: 300000, script: 30000}, unhandledPromptBehavior: dismiss and notify, webauthn:extension:credBlob: true, webauthn:extension:largeBlob: true, webauthn:extension:minPinLength: true, webauthn:extension:prf: true, webauthn:virtualAuthenticators: true}
Session ID: f199ff98df448578cd1add3c9c846384
2025-02-04 12:55:35 [main] INFO  l.i.u.t.SubmittedApplicationsPageTest - Marking 'Ne' radio button 6
2025-02-04 12:55:45 [main] ERROR l.i.u.p.SubmittedApplicationsPage - Error selecting radio button: Expected condition failed: waiting for element to be clickable: By.xpath: (//input[@type='radio' and @value='true'])[14] (tried for 10 second(s) with 500 milliseconds interval)
Build info: version: '4.27.0', revision: 'd6e718d134'
System info: os.name: 'Windows 11', os.arch: 'amd64', os.version: '10.0', java.version: '21.0.3'
Driver info: org.openqa.selenium.chrome.ChromeDriver
Capabilities {acceptInsecureCerts: false, browserName: chrome, browserVersion: 132.0.6834.160, chrome: {chromedriverVersion: 132.0.6834.159 (2d77d3fc445..., userDataDir: C:\Users\INGRID~1.ZAD\AppDa...}, fedcm:accounts: true, goog:chromeOptions: {debuggerAddress: localhost:50491}, networkConnectionEnabled: false, pageLoadStrategy: normal, platformName: windows, proxy: Proxy(), se:cdp: ws://localhost:50491/devtoo..., se:cdpVersion: 132.0.6834.160, setWindowRect: true, strictFileInteractability: false, timeouts: {implicit: 0, pageLoad: 300000, script: 30000}, unhandledPromptBehavior: dismiss and notify, webauthn:extension:credBlob: true, webauthn:extension:largeBlob: true, webauthn:extension:minPinLength: true, webauthn:extension:prf: true, webauthn:virtualAuthenticators: true}
Session ID: f199ff98df448578cd1add3c9c846384
2025-02-04 12:55:45 [main] INFO  l.i.u.t.SubmittedApplicationsPageTest - Marking 'Taip' radio button 7
2025-02-04 12:55:55 [main] ERROR l.i.u.p.SubmittedApplicationsPage - Error selecting radio button: Expected condition failed: waiting for element to be clickable: By.xpath: (//input[@type='radio' and @value='true'])[15] (tried for 10 second(s) with 500 milliseconds interval)
Build info: version: '4.27.0', revision: 'd6e718d134'
System info: os.name: 'Windows 11', os.arch: 'amd64', os.version: '10.0', java.version: '21.0.3'
Driver info: org.openqa.selenium.chrome.ChromeDriver
Capabilities {acceptInsecureCerts: false, browserName: chrome, browserVersion: 132.0.6834.160, chrome: {chromedriverVersion: 132.0.6834.159 (2d77d3fc445..., userDataDir: C:\Users\INGRID~1.ZAD\AppDa...}, fedcm:accounts: true, goog:chromeOptions: {debuggerAddress: localhost:50491}, networkConnectionEnabled: false, pageLoadStrategy: normal, platformName: windows, proxy: Proxy(), se:cdp: ws://localhost:50491/devtoo..., se:cdpVersion: 132.0.6834.160, setWindowRect: true, strictFileInteractability: false, timeouts: {implicit: 0, pageLoad: 300000, script: 30000}, unhandledPromptBehavior: dismiss and notify, webauthn:extension:credBlob: true, webauthn:extension:largeBlob: true, webauthn:extension:minPinLength: true, webauthn:extension:prf: true, webauthn:virtualAuthenticators: true}
Session ID: f199ff98df448578cd1add3c9c846384
2025-02-04 12:55:55 [main] INFO  l.i.u.t.SubmittedApplicationsPageTest - Marking 'Taip' radio button 8
2025-02-04 12:56:05 [main] ERROR l.i.u.p.SubmittedApplicationsPage - Error selecting radio button: Expected condition failed: waiting for element to be clickable: By.xpath: (//input[@type='radio' and @value='true'])[16] (tried for 10 second(s) with 500 milliseconds interval)
Build info: version: '4.27.0', revision: 'd6e718d134'
System info: os.name: 'Windows 11', os.arch: 'amd64', os.version: '10.0', java.version: '21.0.3'
Driver info: org.openqa.selenium.chrome.ChromeDriver
Capabilities {acceptInsecureCerts: false, browserName: chrome, browserVersion: 132.0.6834.160, chrome: {chromedriverVersion: 132.0.6834.159 (2d77d3fc445..., userDataDir: C:\Users\INGRID~1.ZAD\AppDa...}, fedcm:accounts: true, goog:chromeOptions: {debuggerAddress: localhost:50491}, networkConnectionEnabled: false, pageLoadStrategy: normal, platformName: windows, proxy: Proxy(), se:cdp: ws://localhost:50491/devtoo..., se:cdpVersion: 132.0.6834.160, setWindowRect: true, strictFileInteractability: false, timeouts: {implicit: 0, pageLoad: 300000, script: 30000}, unhandledPromptBehavior: dismiss and notify, webauthn:extension:credBlob: true, webauthn:extension:largeBlob: true, webauthn:extension:minPinLength: true, webauthn:extension:prf: true, webauthn:virtualAuthenticators: true}
Session ID: f199ff98df448578cd1add3c9c846384
2025-02-04 12:56:05 [main] INFO  l.i.u.t.SubmittedApplicationsPageTest - Marking 'Taip' radio button 9
2025-02-04 12:56:15 [main] ERROR l.i.u.p.SubmittedApplicationsPage - Error selecting radio button: Expected condition failed: waiting for element to be clickable: By.xpath: (//input[@type='radio' and @value='true'])[17] (tried for 10 second(s) with 500 milliseconds interval)
Build info: version: '4.27.0', revision: 'd6e718d134'
System info: os.name: 'Windows 11', os.arch: 'amd64', os.version: '10.0', java.version: '21.0.3'
Driver info: org.openqa.selenium.chrome.ChromeDriver
Capabilities {acceptInsecureCerts: false, browserName: chrome, browserVersion: 132.0.6834.160, chrome: {chromedriverVersion: 132.0.6834.159 (2d77d3fc445..., userDataDir: C:\Users\INGRID~1.ZAD\AppDa...}, fedcm:accounts: true, goog:chromeOptions: {debuggerAddress: localhost:50491}, networkConnectionEnabled: false, pageLoadStrategy: normal, platformName: windows, proxy: Proxy(), se:cdp: ws://localhost:50491/devtoo..., se:cdpVersion: 132.0.6834.160, setWindowRect: true, strictFileInteractability: false, timeouts: {implicit: 0, pageLoad: 300000, script: 30000}, unhandledPromptBehavior: dismiss and notify, webauthn:extension:credBlob: true, webauthn:extension:largeBlob: true, webauthn:extension:minPinLength: true, webauthn:extension:prf: true, webauthn:virtualAuthenticators: true}
Session ID: f199ff98df448578cd1add3c9c846384
2025-02-04 12:56:15 [main] INFO  l.i.u.t.SubmittedApplicationsPageTest - Marking 'Taip' radio button 10
2025-02-04 12:56:25 [main] ERROR l.i.u.p.SubmittedApplicationsPage - Error selecting radio button: Expected condition failed: waiting for element to be clickable: By.xpath: (//input[@type='radio' and @value='true'])[18] (tried for 10 second(s) with 500 milliseconds interval)
Build info: version: '4.27.0', revision: 'd6e718d134'
System info: os.name: 'Windows 11', os.arch: 'amd64', os.version: '10.0', java.version: '21.0.3'
Driver info: org.openqa.selenium.chrome.ChromeDriver
Capabilities {acceptInsecureCerts: false, browserName: chrome, browserVersion: 132.0.6834.160, chrome: {chromedriverVersion: 132.0.6834.159 (2d77d3fc445..., userDataDir: C:\Users\INGRID~1.ZAD\AppDa...}, fedcm:accounts: true, goog:chromeOptions: {debuggerAddress: localhost:50491}, networkConnectionEnabled: false, pageLoadStrategy: normal, platformName: windows, proxy: Proxy(), se:cdp: ws://localhost:50491/devtoo..., se:cdpVersion: 132.0.6834.160, setWindowRect: true, strictFileInteractability: false, timeouts: {implicit: 0, pageLoad: 300000, script: 30000}, unhandledPromptBehavior: dismiss and notify, webauthn:extension:credBlob: true, webauthn:extension:largeBlob: true, webauthn:extension:minPinLength: true, webauthn:extension:prf: true, webauthn:virtualAuthenticators: true}
Session ID: f199ff98df448578cd1add3c9c846384
2025-02-04 12:56:25 [main] INFO  l.i.u.t.SubmittedApplicationsPageTest - Marking 'Taip' radio button 11
2025-02-04 12:56:35 [main] ERROR l.i.u.p.SubmittedApplicationsPage - Error selecting radio button: Expected condition failed: waiting for element to be clickable: By.xpath: (//input[@type='radio' and @value='true'])[19] (tried for 10 second(s) with 500 milliseconds interval)
Build info: version: '4.27.0', revision: 'd6e718d134'
System info: os.name: 'Windows 11', os.arch: 'amd64', os.version: '10.0', java.version: '21.0.3'
Driver info: org.openqa.selenium.chrome.ChromeDriver
Capabilities {acceptInsecureCerts: false, browserName: chrome, browserVersion: 132.0.6834.160, chrome: {chromedriverVersion: 132.0.6834.159 (2d77d3fc445..., userDataDir: C:\Users\INGRID~1.ZAD\AppDa...}, fedcm:accounts: true, goog:chromeOptions: {debuggerAddress: localhost:50491}, networkConnectionEnabled: false, pageLoadStrategy: normal, platformName: windows, proxy: Proxy(), se:cdp: ws://localhost:50491/devtoo..., se:cdpVersion: 132.0.6834.160, setWindowRect: true, strictFileInteractability: false, timeouts: {implicit: 0, pageLoad: 300000, script: 30000}, unhandledPromptBehavior: dismiss and notify, webauthn:extension:credBlob: true, webauthn:extension:largeBlob: true, webauthn:extension:minPinLength: true, webauthn:extension:prf: true, webauthn:virtualAuthenticators: true}
Session ID: f199ff98df448578cd1add3c9c846384
2025-02-04 12:56:35 [main] INFO  l.i.u.t.SubmittedApplicationsPageTest - Marking 'Taip' radio button 12
2025-02-04 12:56:45 [main] DEBUG l.i.u.t.SubmittedApplicationsPageTest - Checked 'ConfirmationStepFour'
2025-02-04 12:56:45 [main] DEBUG l.i.u.t.SubmittedApplicationsPageTest - Clicked 'Next' button after checkboxes.
2025-02-04 12:56:46 [main] INFO  l.i.u.p.SubmittedApplicationsPage - File uploaded successfully to an input element.
2025-02-04 12:56:46 [main] INFO  l.i.u.p.SubmittedApplicationsPage - File uploaded successfully to an input element.
2025-02-04 12:56:46 [main] INFO  l.i.u.p.SubmittedApplicationsPage - File uploaded successfully to an input element.
2025-02-04 12:56:46 [main] INFO  l.i.u.p.SubmittedApplicationsPage - File uploaded successfully to an input element.
2025-02-04 12:56:46 [main] INFO  l.i.u.p.SubmittedApplicationsPage - File uploaded successfully to an input element.
2025-02-04 12:56:46 [main] INFO  l.i.u.p.SubmittedApplicationsPage - File uploaded successfully to an input element.
2025-02-04 12:56:46 [main] INFO  l.i.u.p.SubmittedApplicationsPage - File uploaded successfully to an input element.
2025-02-04 12:56:46 [main] INFO  l.i.u.p.SubmittedApplicationsPage - File uploaded successfully to an input element.
2025-02-04 12:56:46 [main] DEBUG l.i.u.t.SubmittedApplicationsPageTest - Entered program name: 'Dokumentas 1'.
2025-02-04 12:56:46 [main] DEBUG l.i.u.t.SubmittedApplicationsPageTest - Entered program name: 'Dokumentas 2'.
2025-02-04 12:56:46 [main] DEBUG l.i.u.t.SubmittedApplicationsPageTest - Entered program name: 'Dokumentas 3'.
2025-02-04 12:56:47 [main] DEBUG l.i.u.t.SubmittedApplicationsPageTest - Entered program name: 'Dokumentas 4'.
2025-02-04 12:56:47 [main] DEBUG l.i.u.t.SubmittedApplicationsPageTest - Entered program name: 'Dokumentas 5'.
2025-02-04 12:56:47 [main] DEBUG l.i.u.t.SubmittedApplicationsPageTest - Entered program name: 'Dokumentas 6'.
2025-02-04 12:56:47 [main] DEBUG l.i.u.t.SubmittedApplicationsPageTest - Entered program name: 'Dokumentas 4'.
2025-02-04 12:56:47 [main] DEBUG l.i.u.t.SubmittedApplicationsPageTest - Entered program name: 'Dokumentas 8'.
2025-02-04 12:56:57 [main] DEBUG l.i.u.t.SubmittedApplicationsPageTest - Checked 'ConfirmationDocument'
2025-02-04 12:57:08 [main] DEBUG l.i.u.t.SubmittedApplicationsPageTest - Checked 'ConfirmationApplication'
2025-02-04 12:57:08 [main] DEBUG l.i.u.t.SubmittedApplicationsPageTest - Clicked 'Review' button after checkboxes.
2025-02-04 12:57:08 [main] DEBUG l.i.u.t.SubmittedApplicationsPageTest - Clicked 'SaveDraft' button after checkboxes.
2025-02-04 12:57:18 [main] ERROR l.i.u.t.SubmittedApplicationsPageTest - Test 'testFillNewApplication' failed with error: no such element: Unable to locate element: {"method":"xpath","selector":"//common-button[@btnclass='btn btn--primary']//button[text()='Pateikti']"}
  (Session info: chrome=132.0.6834.160)
For documentation on this error, please visit: https://www.selenium.dev/documentation/webdriver/troubleshooting/errors#no-such-element-exception
Build info: version: '4.27.0', revision: 'd6e718d134'
System info: os.name: 'Windows 11', os.arch: 'amd64', os.version: '10.0', java.version: '21.0.3'
Driver info: org.openqa.selenium.chrome.ChromeDriver
Command: [f199ff98df448578cd1add3c9c846384, findElement {value=//common-button[@btnclass='btn btn--primary']//button[text()='Pateikti'], using=xpath}]
Capabilities {acceptInsecureCerts: false, browserName: chrome, browserVersion: 132.0.6834.160, chrome: {chromedriverVersion: 132.0.6834.159 (2d77d3fc445..., userDataDir: C:\Users\INGRID~1.ZAD\AppDa...}, fedcm:accounts: true, goog:chromeOptions: {debuggerAddress: localhost:50491}, networkConnectionEnabled: false, pageLoadStrategy: normal, platformName: windows, proxy: Proxy(), se:cdp: ws://localhost:50491/devtoo..., se:cdpVersion: 132.0.6834.160, setWindowRect: true, strictFileInteractability: false, timeouts: {implicit: 0, pageLoad: 300000, script: 30000}, unhandledPromptBehavior: dismiss and notify, webauthn:extension:credBlob: true, webauthn:extension:largeBlob: true, webauthn:extension:minPinLength: true, webauthn:extension:prf: true, webauthn:virtualAuthenticators: true}
Session ID: f199ff98df448578cd1add3c9c846384
org.openqa.selenium.NoSuchElementException: no such element: Unable to locate element: {"method":"xpath","selector":"//common-button[@btnclass='btn btn--primary']//button[text()='Pateikti']"}
  (Session info: chrome=132.0.6834.160)
For documentation on this error, please visit: https://www.selenium.dev/documentation/webdriver/troubleshooting/errors#no-such-element-exception
Build info: version: '4.27.0', revision: 'd6e718d134'
System info: os.name: 'Windows 11', os.arch: 'amd64', os.version: '10.0', java.version: '21.0.3'
Driver info: org.openqa.selenium.chrome.ChromeDriver
Command: [f199ff98df448578cd1add3c9c846384, findElement {value=//common-button[@btnclass='btn btn--primary']//button[text()='Pateikti'], using=xpath}]
Capabilities {acceptInsecureCerts: false, browserName: chrome, browserVersion: 132.0.6834.160, chrome: {chromedriverVersion: 132.0.6834.159 (2d77d3fc445..., userDataDir: C:\Users\INGRID~1.ZAD\AppDa...}, fedcm:accounts: true, goog:chromeOptions: {debuggerAddress: localhost:50491}, networkConnectionEnabled: false, pageLoadStrategy: normal, platformName: windows, proxy: Proxy(), se:cdp: ws://localhost:50491/devtoo..., se:cdpVersion: 132.0.6834.160, setWindowRect: true, strictFileInteractability: false, timeouts: {implicit: 0, pageLoad: 300000, script: 30000}, unhandledPromptBehavior: dismiss and notify, webauthn:extension:credBlob: true, webauthn:extension:largeBlob: true, webauthn:extension:minPinLength: true, webauthn:extension:prf: true, webauthn:virtualAuthenticators: true}
Session ID: f199ff98df448578cd1add3c9c846384
	at java.base/jdk.internal.reflect.DirectConstructorHandleAccessor.newInstance(DirectConstructorHandleAccessor.java:62)
	at java.base/java.lang.reflect.Constructor.newInstanceWithCaller(Constructor.java:502)
	at java.base/java.lang.reflect.Constructor.newInstance(Constructor.java:486)
	at org.openqa.selenium.remote.ErrorCodec.decode(ErrorCodec.java:167)
	at org.openqa.selenium.remote.codec.w3c.W3CHttpResponseCodec.decode(W3CHttpResponseCodec.java:138)
	at org.openqa.selenium.remote.codec.w3c.W3CHttpResponseCodec.decode(W3CHttpResponseCodec.java:50)
	at org.openqa.selenium.remote.HttpCommandExecutor.execute(HttpCommandExecutor.java:190)
	at org.openqa.selenium.remote.service.DriverCommandExecutor.invokeExecute(DriverCommandExecutor.java:216)
	at org.openqa.selenium.remote.service.DriverCommandExecutor.execute(DriverCommandExecutor.java:174)
	at org.openqa.selenium.remote.RemoteWebDriver.execute(RemoteWebDriver.java:545)
	at org.openqa.selenium.remote.ElementLocation$ElementFinder$2.findElement(ElementLocation.java:165)
	at org.openqa.selenium.remote.ElementLocation.findElement(ElementLocation.java:59)
	at org.openqa.selenium.remote.RemoteWebDriver.findElement(RemoteWebDriver.java:368)
	at org.openqa.selenium.remote.RemoteWebDriver.findElement(RemoteWebDriver.java:362)
	at org.openqa.selenium.support.pagefactory.DefaultElementLocator.findElement(DefaultElementLocator.java:68)
	at org.openqa.selenium.support.pagefactory.internal.LocatingElementHandler.invoke(LocatingElementHandler.java:38)
	at jdk.proxy2/jdk.proxy2.$Proxy14.isSelected(Unknown Source)
	at lt.insoft.uztis.pages.SubmittedApplicationsPage.clickButtonSubmit(SubmittedApplicationsPage.java:394)
	at lt.insoft.uztis.tests.SubmittedApplicationsPageTest.testFillNewApplication(SubmittedApplicationsPageTest.java:409)
	at java.base/jdk.internal.reflect.DirectMethodHandleAccessor.invoke(DirectMethodHandleAccessor.java:103)
	at java.base/java.lang.reflect.Method.invoke(Method.java:580)
	at org.junit.platform.commons.util.ReflectionUtils.invokeMethod(ReflectionUtils.java:728)
	at org.junit.jupiter.engine.execution.MethodInvocation.proceed(MethodInvocation.java:60)
	at org.junit.jupiter.engine.execution.InvocationInterceptorChain$ValidatingInvocation.proceed(InvocationInterceptorChain.java:131)
	at org.junit.jupiter.engine.extension.TimeoutExtension.intercept(TimeoutExtension.java:156)
	at org.junit.jupiter.engine.extension.TimeoutExtension.interceptTestableMethod(TimeoutExtension.java:147)
	at org.junit.jupiter.engine.extension.TimeoutExtension.interceptTestMethod(TimeoutExtension.java:86)
	at org.junit.jupiter.engine.execution.InterceptingExecutableInvoker$ReflectiveInterceptorCall.lambda$ofVoidMethod$0(InterceptingExecutableInvoker.java:103)
	at org.junit.jupiter.engine.execution.InterceptingExecutableInvoker.lambda$invoke$0(InterceptingExecutableInvoker.java:93)
	at org.junit.jupiter.engine.execution.InvocationInterceptorChain$InterceptedInvocation.proceed(InvocationInterceptorChain.java:106)
	at org.junit.jupiter.engine.execution.InvocationInterceptorChain.proceed(InvocationInterceptorChain.java:64)
	at org.junit.jupiter.engine.execution.InvocationInterceptorChain.chainAndInvoke(InvocationInterceptorChain.java:45)
	at org.junit.jupiter.engine.execution.InvocationInterceptorChain.invoke(InvocationInterceptorChain.java:37)
	at org.junit.jupiter.engine.execution.InterceptingExecutableInvoker.invoke(InterceptingExecutableInvoker.java:92)
	at org.junit.jupiter.engine.execution.InterceptingExecutableInvoker.invoke(InterceptingExecutableInvoker.java:86)
	at org.junit.jupiter.engine.descriptor.TestMethodTestDescriptor.lambda$invokeTestMethod$7(TestMethodTestDescriptor.java:218)
	at org.junit.platform.engine.support.hierarchical.ThrowableCollector.execute(ThrowableCollector.java:73)
	at org.junit.jupiter.engine.descriptor.TestMethodTestDescriptor.invokeTestMethod(TestMethodTestDescriptor.java:214)
	at org.junit.jupiter.engine.descriptor.TestMethodTestDescriptor.execute(TestMethodTestDescriptor.java:139)
	at org.junit.jupiter.engine.descriptor.TestMethodTestDescriptor.execute(TestMethodTestDescriptor.java:69)
	at org.junit.platform.engine.support.hierarchical.NodeTestTask.lambda$executeRecursively$6(NodeTestTask.java:151)
	at org.junit.platform.engine.support.hierarchical.ThrowableCollector.execute(ThrowableCollector.java:73)
	at org.junit.platform.engine.support.hierarchical.NodeTestTask.lambda$executeRecursively$8(NodeTestTask.java:141)
	at org.junit.platform.engine.support.hierarchical.Node.around(Node.java:137)
	at org.junit.platform.engine.support.hierarchical.NodeTestTask.lambda$executeRecursively$9(NodeTestTask.java:139)
	at org.junit.platform.engine.support.hierarchical.ThrowableCollector.execute(ThrowableCollector.java:73)
	at org.junit.platform.engine.support.hierarchical.NodeTestTask.executeRecursively(NodeTestTask.java:138)
	at org.junit.platform.engine.support.hierarchical.NodeTestTask.execute(NodeTestTask.java:95)
	at java.base/java.util.ArrayList.forEach(ArrayList.java:1596)
	at org.junit.platform.engine.support.hierarchical.SameThreadHierarchicalTestExecutorService.invokeAll(SameThreadHierarchicalTestExecutorService.java:41)
	at org.junit.platform.engine.support.hierarchical.NodeTestTask.lambda$executeRecursively$6(NodeTestTask.java:155)
	at org.junit.platform.engine.support.hierarchical.ThrowableCollector.execute(ThrowableCollector.java:73)
	at org.junit.platform.engine.support.hierarchical.NodeTestTask.lambda$executeRecursively$8(NodeTestTask.java:141)
	at org.junit.platform.engine.support.hierarchical.Node.around(Node.java:137)
	at org.junit.platform.engine.support.hierarchical.NodeTestTask.lambda$executeRecursively$9(NodeTestTask.java:139)
	at org.junit.platform.engine.support.hierarchical.ThrowableCollector.execute(ThrowableCollector.java:73)
	at org.junit.platform.engine.support.hierarchical.NodeTestTask.executeRecursively(NodeTestTask.java:138)
	at org.junit.platform.engine.support.hierarchical.NodeTestTask.execute(NodeTestTask.java:95)
	at java.base/java.util.ArrayList.forEach(ArrayList.java:1596)
	at org.junit.platform.engine.support.hierarchical.SameThreadHierarchicalTestExecutorService.invokeAll(SameThreadHierarchicalTestExecutorService.java:41)
	at org.junit.platform.engine.support.hierarchical.NodeTestTask.lambda$executeRecursively$6(NodeTestTask.java:155)
	at org.junit.platform.engine.support.hierarchical.ThrowableCollector.execute(ThrowableCollector.java:73)
	at org.junit.platform.engine.support.hierarchical.NodeTestTask.lambda$executeRecursively$8(NodeTestTask.java:141)
	at org.junit.platform.engine.support.hierarchical.Node.around(Node.java:137)
	at org.junit.platform.engine.support.hierarchical.NodeTestTask.lambda$executeRecursively$9(NodeTestTask.java:139)
	at org.junit.platform.engine.support.hierarchical.ThrowableCollector.execute(ThrowableCollector.java:73)
	at org.junit.platform.engine.support.hierarchical.NodeTestTask.executeRecursively(NodeTestTask.java:138)
	at org.junit.platform.engine.support.hierarchical.NodeTestTask.execute(NodeTestTask.java:95)
	at org.junit.platform.engine.support.hierarchical.SameThreadHierarchicalTestExecutorService.submit(SameThreadHierarchicalTestExecutorService.java:35)
	at org.junit.platform.engine.support.hierarchical.HierarchicalTestExecutor.execute(HierarchicalTestExecutor.java:57)
	at org.junit.platform.engine.support.hierarchical.HierarchicalTestEngine.execute(HierarchicalTestEngine.java:54)
	at org.junit.platform.launcher.core.EngineExecutionOrchestrator.execute(EngineExecutionOrchestrator.java:198)
	at org.junit.platform.launcher.core.EngineExecutionOrchestrator.execute(EngineExecutionOrchestrator.java:169)
	at org.junit.platform.launcher.core.EngineExecutionOrchestrator.execute(EngineExecutionOrchestrator.java:93)
	at org.junit.platform.launcher.core.EngineExecutionOrchestrator.lambda$execute$0(EngineExecutionOrchestrator.java:58)
	at org.junit.platform.launcher.core.EngineExecutionOrchestrator.withInterceptedStreams(EngineExecutionOrchestrator.java:141)
	at org.junit.platform.launcher.core.EngineExecutionOrchestrator.execute(EngineExecutionOrchestrator.java:57)
	at org.junit.platform.launcher.core.DefaultLauncher.execute(DefaultLauncher.java:103)
	at org.junit.platform.launcher.core.DefaultLauncher.execute(DefaultLauncher.java:85)
	at org.junit.platform.launcher.core.DelegatingLauncher.execute(DelegatingLauncher.java:47)
	at org.junit.platform.launcher.core.SessionPerRequestLauncher.execute(SessionPerRequestLauncher.java:63)
	at com.intellij.junit5.JUnit5IdeaTestRunner.startRunnerWithArgs(JUnit5IdeaTestRunner.java:57)
	at com.intellij.rt.junit.IdeaTestRunner$Repeater$1.execute(IdeaTestRunner.java:38)
	at com.intellij.rt.execution.junit.TestsRepeater.repeat(TestsRepeater.java:11)
	at com.intellij.rt.junit.IdeaTestRunner$Repeater.startRunnerWithArgs(IdeaTestRunner.java:35)
	at com.intellij.rt.junit.JUnitStarter.prepareStreamsAndStart(JUnitStarter.java:232)
	at com.intellij.rt.junit.JUnitStarter.main(JUnitStarter.java:55)
2025-02-04 12:57:18 [main] INFO  l.insoft.uztis.tests.utils.TestUtils - Screenshot moved to C:\Users\ingrida.zadorozniene\Desktop\Asm\UZTIS\UZTIS_tests\test-output\screenshots\20250204\125718617_testFillNewApplication().png
2025-02-04 13:00:19 [main] INFO  lt.insoft.uztis.tests.UztisPageTest - Navigated to https://uztisdev.asseco.lt/home
2025-02-04 13:00:19 [main] INFO  l.i.u.t.SubmittedApplicationsPageTest - Starting test:'testFillNewApplication'
2025-02-04 13:00:20 [main] DEBUG l.i.u.t.SubmittedApplicationsPageTest - User logged in with test credentials.
2025-02-04 13:00:20 [main] DEBUG l.i.u.t.SubmittedApplicationsPageTest - Opened 'Application Processing' menu.
2025-02-04 13:00:20 [main] DEBUG l.i.u.t.SubmittedApplicationsPageTest - Clicked on 'Application Forms' menu.
2025-02-04 13:00:20 [main] DEBUG l.i.u.t.SubmittedApplicationsPageTest - Retrieved last description code text: 'TST-VUI-27'.
2025-02-04 13:00:20 [main] DEBUG l.i.u.t.SubmittedApplicationsPageTest - Clicked on 'Invitation' menu.
2025-02-04 13:00:21 [main] DEBUG l.i.u.t.SubmittedApplicationsPageTest - Selected application section by code: 'TST-VUI-27'.
2025-02-04 13:00:21 [main] DEBUG l.i.u.t.SubmittedApplicationsPageTest - Clicked 'Search' button.
2025-02-04 13:00:21 [main] DEBUG l.i.u.t.SubmittedApplicationsPageTest - Retrieved invitation code: ''.
2025-02-04 13:00:21 [main] DEBUG l.i.u.t.SubmittedApplicationsPageTest - Clicked on 'Submitted Applications' menu.
2025-02-04 13:00:22 [main] DEBUG l.i.u.t.SubmittedApplicationsPageTest - Selected invitation by code: 'TST-VUI-27'.
2025-02-04 13:00:22 [main] DEBUG l.i.u.t.SubmittedApplicationsPageTest - Invitation code inserted.
2025-02-04 13:00:23 [main] DEBUG l.i.u.t.SubmittedApplicationsPageTest - Clicked on 'Action Application' button.
2025-02-04 13:00:23 [main] DEBUG l.i.u.t.SubmittedApplicationsPageTest - Clicked on 'New Application' button.
2025-02-04 13:00:23 [main] DEBUG l.i.u.t.SubmittedApplicationsPageTest - Selected the 'RadioButtonFA' option.
2025-02-04 13:00:23 [main] DEBUG l.i.u.t.SubmittedApplicationsPageTest - Entered phone number: '61298745'.
2025-02-04 13:00:24 [main] DEBUG l.i.u.t.SubmittedApplicationsPageTest - Entered email: 'test@autotest.com'.
2025-02-04 13:00:24 [main] INFO  l.i.u.p.SubmittedApplicationsPage - Located the dropdown button.
2025-02-04 13:00:40 [main] INFO  l.i.u.p.SubmittedApplicationsPage - Found 1741 options in the dropdown.
2025-02-04 13:00:40 [main] INFO  l.i.u.p.SubmittedApplicationsPage - Successfully selected the value: '01.11 - Grūdinių (išskyrus ryžius), ankštinių ir aliejingų sėklų augalų auginimas'
2025-02-04 13:00:51 [main] ERROR l.i.u.p.SubmittedApplicationsPage - Failed to close the dropdown with aria-expanded = 'false'. Attempting manual close.
2025-02-04 13:00:51 [main] INFO  l.i.u.p.SubmittedApplicationsPage - Manual close attempt for the dropdown using body click.
2025-02-04 13:00:51 [main] DEBUG l.i.u.t.SubmittedApplicationsPageTest - Selected EVRK value: '01.11 - Grūdinių (išskyrus ryžius), ankštinių ir aliejingų sėklų augalų auginimas'.
2025-02-04 13:00:51 [main] DEBUG l.i.u.t.SubmittedApplicationsPageTest - Entered address: 'Vilniaus m. sav., Vilnius, Testo g. 10T'.
2025-02-04 13:00:51 [main] DEBUG l.i.u.t.SubmittedApplicationsPageTest - Entered project date.
2025-02-04 13:00:51 [main] DEBUG l.i.u.t.SubmittedApplicationsPageTest - Entered job count: '1'.
2025-02-04 13:00:52 [main] DEBUG l.i.u.t.SubmittedApplicationsPageTest - Clicked 'Next' button.
2025-02-04 13:00:52 [main] INFO  l.i.u.p.SubmittedApplicationsPage - Located the dropdown button.
2025-02-04 13:00:52 [main] INFO  l.i.u.p.SubmittedApplicationsPage - Successfully selected the value: 'Administratoriai'
2025-02-04 13:01:23 [main] ERROR l.i.u.p.SubmittedApplicationsPage - Timeout while waiting for dropdown to close with aria-expanded = 'false'.
2025-02-04 13:01:23 [main] DEBUG l.i.u.t.SubmittedApplicationsPageTest - Selected job name: 'Administratoriai'.
2025-02-04 13:01:23 [main] DEBUG l.i.u.t.SubmittedApplicationsPageTest - Entered job function: 'Funkcija 1'.
2025-02-04 13:01:23 [main] DEBUG l.i.u.t.SubmittedApplicationsPageTest - Selected 'RadioButtonWithDisabilities' option.
2025-02-04 13:01:23 [main] INFO  l.i.u.p.SubmittedApplicationsPage - Clicking on the dropdown button.
2025-02-04 13:01:24 [main] INFO  l.i.u.p.SubmittedApplicationsPage - Found 34 options in the dropdown.
2025-02-04 13:01:24 [main] DEBUG l.i.u.p.SubmittedApplicationsPage - Checking option: 'Asmenys, kuriems suteiktas pabėgėlio statusas ar perkeliamojo asmens statusas, arba asmenys, kuriems suteikta papildoma ar laikinoji apsauga, ir asmenys, turintys teisę gauti laikinąją apsaugą, iki sprendimo dėl laikinosios apsaugos suteikimo (nesuteikimo) priėmimo, tačiau ne ilgiau kaip laikinosios apsaugos laikotarpiu'
2025-02-04 13:01:24 [main] DEBUG l.i.u.p.SubmittedApplicationsPage - Checking option: 'Asmenys, kuriems suteiktas pabėgėlio statusas ar perkeliamojo asmens statusas, arba asmenys, kuriems suteikta papildoma ar laikinoji apsauga, ir asmenys, turintys teisę gauti laikinąją apsaugą, iki sprendimo dėl laikinosios apsaugos suteikimo (nesuteikimo) priėmimo, tačiau ne ilgiau kaip laikinosios apsaugos laikotarpiu'
2025-02-04 13:01:24 [main] DEBUG l.i.u.p.SubmittedApplicationsPage - Checking option: 'Asmenys, turintys teisę į papildomas užimtumo garantijas pagal Lietuvos Respublikos valstybės įmonės Ignalinos atominės elektrinės darbuotojų papildomų užimtumo ir socialinių garantijų įstatymą'
2025-02-04 13:01:24 [main] DEBUG l.i.u.p.SubmittedApplicationsPage - Checking option: 'Asmenys, turintys teisę į papildomas užimtumo garantijas pagal Lietuvos Respublikos valstybės įmonės Ignalinos atominės elektrinės darbuotojų papildomų užimtumo ir socialinių garantijų įstatymą'
2025-02-04 13:01:24 [main] DEBUG l.i.u.p.SubmittedApplicationsPage - Checking option: 'Bedarbiai iki 29 metų'
2025-02-04 13:01:24 [main] DEBUG l.i.u.p.SubmittedApplicationsPage - Checking option: 'Bedarbiai iki 29 metų'
2025-02-04 13:01:24 [main] DEBUG l.i.u.p.SubmittedApplicationsPage - Checking option: 'Bedarbiai, kurie yra darbingo amžiaus neįgalieji, kuriems nustatytas 30–40 procentų darbingumo lygis arba vidutinis neįgalumo lygis'
2025-02-04 13:01:24 [main] DEBUG l.i.u.p.SubmittedApplicationsPage - Checking option: 'Bedarbiai, kurie yra darbingo amžiaus neįgalieji, kuriems nustatytas 30–40 procentų darbingumo lygis arba vidutinis neįgalumo lygis'
2025-02-04 13:01:24 [main] DEBUG l.i.u.p.SubmittedApplicationsPage - Checking option: 'Bedarbiai, kurie yra darbingo amžiaus neįgalieji, kuriems nustatytas 45–55 procentų darbingumo lygis arba lengvas neįgalumo lygis'
2025-02-04 13:01:24 [main] DEBUG l.i.u.p.SubmittedApplicationsPage - Checking option: 'Bedarbiai, kurie yra darbingo amžiaus neįgalieji, kuriems nustatytas 45–55 procentų darbingumo lygis arba lengvas neįgalumo lygis'
2025-02-04 13:01:24 [main] DEBUG l.i.u.p.SubmittedApplicationsPage - Checking option: 'Bedarbiai, kurie yra darbingo amžiaus neįgalieji, kuriems nustatytas iki 25 procentų darbingumo lygis arba sunkus neįgalumo lygis'
2025-02-04 13:01:24 [main] INFO  l.i.u.p.SubmittedApplicationsPage - Successfully selected the value: 'Bedarbiai, kurie yra darbingo amžiaus neįgalieji, kuriems nustatytas iki 25 procentų darbingumo lygis arba sunkus neįgalumo lygis'
2025-02-04 13:01:24 [main] INFO  l.i.u.p.SubmittedApplicationsPage - Attempting to close the dropdown.
2025-02-04 13:01:34 [main] INFO  l.i.u.p.SubmittedApplicationsPage - Dropdown should be closed now.
2025-02-04 13:01:34 [main] DEBUG l.i.u.t.SubmittedApplicationsPageTest - Selected disabilities type: 'Bedarbiai, kurie yra darbingo amžiaus neįgalieji, kuriems nustatytas iki 25 procentų darbingumo lygis arba sunkus neįgalumo lygis'.
2025-02-04 13:01:35 [main] DEBUG l.i.u.t.SubmittedApplicationsPageTest - Entered disability information: 'Negalia 1'.
2025-02-04 13:01:35 [main] INFO  l.i.u.p.SubmittedApplicationsPage - Located the dropdown button.
2025-02-04 13:01:35 [main] INFO  l.i.u.p.SubmittedApplicationsPage - Successfully selected the value: 'Kita'
2025-02-04 13:01:46 [main] ERROR l.i.u.p.SubmittedApplicationsPage - Timeout while waiting for dropdown to close with aria-expanded = 'false'.
2025-02-04 13:01:46 [main] DEBUG l.i.u.t.SubmittedApplicationsPageTest - Selected time mode: 'Kita'.
2025-02-04 13:01:46 [main] DEBUG l.i.u.t.SubmittedApplicationsPageTest - Selected time mode other: '6 val. per dieną ir 4 d. per savaitę'.
2025-02-04 13:01:46 [main] DEBUG l.i.u.t.SubmittedApplicationsPageTest - Entered qualification: 'Kvalifikacija 1'.
2025-02-04 13:01:46 [main] DEBUG l.i.u.t.SubmittedApplicationsPageTest - Entered job date.
2025-02-04 13:01:46 [main] DEBUG l.i.u.t.SubmittedApplicationsPageTest - Entered salary amount: '1200'.
2025-02-04 13:01:47 [main] DEBUG l.i.u.t.SubmittedApplicationsPageTest - Selected 'Temporary Job' radio button.
2025-02-04 13:01:47 [main] DEBUG l.i.u.t.SubmittedApplicationsPageTest - Selected 'Season Job' radio button.
2025-02-04 13:01:47 [main] DEBUG l.i.u.t.SubmittedApplicationsPageTest - Selected 'Energy' radio button.
2025-02-04 13:01:47 [main] DEBUG l.i.u.t.SubmittedApplicationsPageTest - Selected 'Repair' radio button.
2025-02-04 13:01:47 [main] DEBUG l.i.u.t.SubmittedApplicationsPageTest - Entered job description: 'Veikla 1'.
2025-02-04 13:01:47 [main] DEBUG l.i.u.t.SubmittedApplicationsPageTest - Entered process description: 'Procesas 1'.
2025-02-04 13:01:48 [main] DEBUG l.i.u.t.SubmittedApplicationsPageTest - Entered energy information: 'Energija 1'.
2025-02-04 13:01:48 [main] DEBUG l.i.u.t.SubmittedApplicationsPageTest - Entered repair information: 'Remontas 1'.
2025-02-04 13:01:48 [main] DEBUG l.i.u.t.SubmittedApplicationsPageTest - Selected 'PVM' radio button.
2025-02-04 13:01:48 [main] INFO  l.i.u.p.SubmittedApplicationsPage - Located the dropdown button.
2025-02-04 13:01:49 [main] INFO  l.i.u.p.SubmittedApplicationsPage - Successfully selected the value: 'Įsigyti'
2025-02-04 13:02:09 [main] ERROR l.i.u.p.SubmittedApplicationsPage - Timeout while waiting for dropdown to close with aria-expanded = 'false'.
2025-02-04 13:02:09 [main] DEBUG l.i.u.t.SubmittedApplicationsPageTest - Selected necessary for job: 'Įsigyti'.
2025-02-04 13:02:09 [main] DEBUG l.i.u.t.SubmittedApplicationsPageTest - Selected tool: 'Darbo priemonė 1'.
2025-02-04 13:02:09 [main] DEBUG l.i.u.t.SubmittedApplicationsPageTest - Selected tool parameter one: 'Darbo priemonės 1 parametras 1'.
2025-02-04 13:02:09 [main] DEBUG l.i.u.t.SubmittedApplicationsPageTest - Selected tool parameter two: 'Darbo priemonės 1 parametras 2'.
2025-02-04 13:02:10 [main] DEBUG l.i.u.t.SubmittedApplicationsPageTest - Selected tool parameter three: 'Darbo priemonės 1 parametras 3'.
2025-02-04 13:02:10 [main] DEBUG l.i.u.t.SubmittedApplicationsPageTest - Entered tool count: '1'.
2025-02-04 13:02:10 [main] DEBUG l.i.u.t.SubmittedApplicationsPageTest - Entered price amount: '1000'.
2025-02-04 13:02:10 [main] DEBUG l.i.u.t.SubmittedApplicationsPageTest - Entered own funds amount: '800'.
2025-02-04 13:02:10 [main] DEBUG l.i.u.t.SubmittedApplicationsPageTest - Entered country percentage: '50'.
2025-02-04 13:02:10 [main] DEBUG l.i.u.t.SubmittedApplicationsPageTest - Entered institution percentage: '50'.
2025-02-04 13:02:11 [main] DEBUG l.i.u.t.SubmittedApplicationsPageTest - Entered municipality percentage: '50'.
2025-02-04 13:02:11 [main] DEBUG l.i.u.t.SubmittedApplicationsPageTest - Selected 'De Minimis' radio button.
2025-02-04 13:02:11 [main] DEBUG l.i.u.t.SubmittedApplicationsPageTest - Entered program name: 'Programa 1'.
2025-02-04 13:02:11 [main] DEBUG l.i.u.t.SubmittedApplicationsPageTest - Entered project date from.
2025-02-04 13:02:11 [main] DEBUG l.i.u.t.SubmittedApplicationsPageTest - Entered project date until.
2025-02-04 13:02:11 [main] DEBUG l.i.u.t.SubmittedApplicationsPageTest - Entered support amount: '2000'.
2025-02-04 13:02:12 [main] DEBUG l.i.u.t.SubmittedApplicationsPageTest - Clicked 'Next' button.
2025-02-04 13:02:22 [main] DEBUG l.i.u.t.SubmittedApplicationsPageTest - Checked 'Legal Entities' checkbox 1.
2025-02-04 13:02:32 [main] DEBUG l.i.u.t.SubmittedApplicationsPageTest - Checked 'Legal Entities' checkbox 2.
2025-02-04 13:02:42 [main] DEBUG l.i.u.t.SubmittedApplicationsPageTest - Checked 'Legal Entities' checkbox 3.
2025-02-04 13:02:42 [main] DEBUG l.i.u.t.SubmittedApplicationsPageTest - Test finished: All 'Legal Entities' checkboxes checked successfully.
2025-02-04 13:02:42 [main] DEBUG l.i.u.t.SubmittedApplicationsPageTest - Clicked 'Next' button after checkboxes.
2025-02-04 13:02:52 [main] ERROR l.i.u.p.SubmittedApplicationsPage - Error selecting radio button: Expected condition failed: waiting for element to be clickable: By.xpath: (//input[@type='radio' and @value='false'])[8] (tried for 10 second(s) with 500 milliseconds interval)
Build info: version: '4.27.0', revision: 'd6e718d134'
System info: os.name: 'Windows 11', os.arch: 'amd64', os.version: '10.0', java.version: '21.0.3'
Driver info: org.openqa.selenium.chrome.ChromeDriver
Capabilities {acceptInsecureCerts: false, browserName: chrome, browserVersion: 132.0.6834.160, chrome: {chromedriverVersion: 132.0.6834.159 (2d77d3fc445..., userDataDir: C:\Users\INGRID~1.ZAD\AppDa...}, fedcm:accounts: true, goog:chromeOptions: {debuggerAddress: localhost:50763}, networkConnectionEnabled: false, pageLoadStrategy: normal, platformName: windows, proxy: Proxy(), se:cdp: ws://localhost:50763/devtoo..., se:cdpVersion: 132.0.6834.160, setWindowRect: true, strictFileInteractability: false, timeouts: {implicit: 0, pageLoad: 300000, script: 30000}, unhandledPromptBehavior: dismiss and notify, webauthn:extension:credBlob: true, webauthn:extension:largeBlob: true, webauthn:extension:minPinLength: true, webauthn:extension:prf: true, webauthn:virtualAuthenticators: true}
Session ID: d6fb5a13d259bcfd3387b3d975e23982
2025-02-04 13:02:52 [main] INFO  l.i.u.t.SubmittedApplicationsPageTest - Marking 'Ne' radio button 1
2025-02-04 13:03:03 [main] ERROR l.i.u.p.SubmittedApplicationsPage - Error selecting radio button: Expected condition failed: waiting for element to be clickable: By.xpath: (//input[@type='radio' and @value='false'])[9] (tried for 10 second(s) with 500 milliseconds interval)
Build info: version: '4.27.0', revision: 'd6e718d134'
System info: os.name: 'Windows 11', os.arch: 'amd64', os.version: '10.0', java.version: '21.0.3'
Driver info: org.openqa.selenium.chrome.ChromeDriver
Capabilities {acceptInsecureCerts: false, browserName: chrome, browserVersion: 132.0.6834.160, chrome: {chromedriverVersion: 132.0.6834.159 (2d77d3fc445..., userDataDir: C:\Users\INGRID~1.ZAD\AppDa...}, fedcm:accounts: true, goog:chromeOptions: {debuggerAddress: localhost:50763}, networkConnectionEnabled: false, pageLoadStrategy: normal, platformName: windows, proxy: Proxy(), se:cdp: ws://localhost:50763/devtoo..., se:cdpVersion: 132.0.6834.160, setWindowRect: true, strictFileInteractability: false, timeouts: {implicit: 0, pageLoad: 300000, script: 30000}, unhandledPromptBehavior: dismiss and notify, webauthn:extension:credBlob: true, webauthn:extension:largeBlob: true, webauthn:extension:minPinLength: true, webauthn:extension:prf: true, webauthn:virtualAuthenticators: true}
Session ID: d6fb5a13d259bcfd3387b3d975e23982
2025-02-04 13:03:03 [main] INFO  l.i.u.t.SubmittedApplicationsPageTest - Marking 'Ne' radio button 2
2025-02-04 13:03:13 [main] ERROR l.i.u.p.SubmittedApplicationsPage - Error selecting radio button: Expected condition failed: waiting for element to be clickable: By.xpath: (//input[@type='radio' and @value='false'])[10] (tried for 10 second(s) with 500 milliseconds interval)
Build info: version: '4.27.0', revision: 'd6e718d134'
System info: os.name: 'Windows 11', os.arch: 'amd64', os.version: '10.0', java.version: '21.0.3'
Driver info: org.openqa.selenium.chrome.ChromeDriver
Capabilities {acceptInsecureCerts: false, browserName: chrome, browserVersion: 132.0.6834.160, chrome: {chromedriverVersion: 132.0.6834.159 (2d77d3fc445..., userDataDir: C:\Users\INGRID~1.ZAD\AppDa...}, fedcm:accounts: true, goog:chromeOptions: {debuggerAddress: localhost:50763}, networkConnectionEnabled: false, pageLoadStrategy: normal, platformName: windows, proxy: Proxy(), se:cdp: ws://localhost:50763/devtoo..., se:cdpVersion: 132.0.6834.160, setWindowRect: true, strictFileInteractability: false, timeouts: {implicit: 0, pageLoad: 300000, script: 30000}, unhandledPromptBehavior: dismiss and notify, webauthn:extension:credBlob: true, webauthn:extension:largeBlob: true, webauthn:extension:minPinLength: true, webauthn:extension:prf: true, webauthn:virtualAuthenticators: true}
Session ID: d6fb5a13d259bcfd3387b3d975e23982
2025-02-04 13:03:13 [main] INFO  l.i.u.t.SubmittedApplicationsPageTest - Marking 'Ne' radio button 3
2025-02-04 13:03:23 [main] ERROR l.i.u.p.SubmittedApplicationsPage - Error selecting radio button: Expected condition failed: waiting for element to be clickable: By.xpath: (//input[@type='radio' and @value='false'])[11] (tried for 10 second(s) with 500 milliseconds interval)
Build info: version: '4.27.0', revision: 'd6e718d134'
System info: os.name: 'Windows 11', os.arch: 'amd64', os.version: '10.0', java.version: '21.0.3'
Driver info: org.openqa.selenium.chrome.ChromeDriver
Capabilities {acceptInsecureCerts: false, browserName: chrome, browserVersion: 132.0.6834.160, chrome: {chromedriverVersion: 132.0.6834.159 (2d77d3fc445..., userDataDir: C:\Users\INGRID~1.ZAD\AppDa...}, fedcm:accounts: true, goog:chromeOptions: {debuggerAddress: localhost:50763}, networkConnectionEnabled: false, pageLoadStrategy: normal, platformName: windows, proxy: Proxy(), se:cdp: ws://localhost:50763/devtoo..., se:cdpVersion: 132.0.6834.160, setWindowRect: true, strictFileInteractability: false, timeouts: {implicit: 0, pageLoad: 300000, script: 30000}, unhandledPromptBehavior: dismiss and notify, webauthn:extension:credBlob: true, webauthn:extension:largeBlob: true, webauthn:extension:minPinLength: true, webauthn:extension:prf: true, webauthn:virtualAuthenticators: true}
Session ID: d6fb5a13d259bcfd3387b3d975e23982
2025-02-04 13:03:23 [main] INFO  l.i.u.t.SubmittedApplicationsPageTest - Marking 'Ne' radio button 4
2025-02-04 13:03:33 [main] ERROR l.i.u.p.SubmittedApplicationsPage - Error selecting radio button: Expected condition failed: waiting for element to be clickable: By.xpath: (//input[@type='radio' and @value='false'])[12] (tried for 10 second(s) with 500 milliseconds interval)
Build info: version: '4.27.0', revision: 'd6e718d134'
System info: os.name: 'Windows 11', os.arch: 'amd64', os.version: '10.0', java.version: '21.0.3'
Driver info: org.openqa.selenium.chrome.ChromeDriver
Capabilities {acceptInsecureCerts: false, browserName: chrome, browserVersion: 132.0.6834.160, chrome: {chromedriverVersion: 132.0.6834.159 (2d77d3fc445..., userDataDir: C:\Users\INGRID~1.ZAD\AppDa...}, fedcm:accounts: true, goog:chromeOptions: {debuggerAddress: localhost:50763}, networkConnectionEnabled: false, pageLoadStrategy: normal, platformName: windows, proxy: Proxy(), se:cdp: ws://localhost:50763/devtoo..., se:cdpVersion: 132.0.6834.160, setWindowRect: true, strictFileInteractability: false, timeouts: {implicit: 0, pageLoad: 300000, script: 30000}, unhandledPromptBehavior: dismiss and notify, webauthn:extension:credBlob: true, webauthn:extension:largeBlob: true, webauthn:extension:minPinLength: true, webauthn:extension:prf: true, webauthn:virtualAuthenticators: true}
Session ID: d6fb5a13d259bcfd3387b3d975e23982
2025-02-04 13:03:33 [main] INFO  l.i.u.t.SubmittedApplicationsPageTest - Marking 'Ne' radio button 5
2025-02-04 13:03:43 [main] ERROR l.i.u.p.SubmittedApplicationsPage - Error selecting radio button: Expected condition failed: waiting for element to be clickable: By.xpath: (//input[@type='radio' and @value='false'])[13] (tried for 10 second(s) with 500 milliseconds interval)
Build info: version: '4.27.0', revision: 'd6e718d134'
System info: os.name: 'Windows 11', os.arch: 'amd64', os.version: '10.0', java.version: '21.0.3'
Driver info: org.openqa.selenium.chrome.ChromeDriver
Capabilities {acceptInsecureCerts: false, browserName: chrome, browserVersion: 132.0.6834.160, chrome: {chromedriverVersion: 132.0.6834.159 (2d77d3fc445..., userDataDir: C:\Users\INGRID~1.ZAD\AppDa...}, fedcm:accounts: true, goog:chromeOptions: {debuggerAddress: localhost:50763}, networkConnectionEnabled: false, pageLoadStrategy: normal, platformName: windows, proxy: Proxy(), se:cdp: ws://localhost:50763/devtoo..., se:cdpVersion: 132.0.6834.160, setWindowRect: true, strictFileInteractability: false, timeouts: {implicit: 0, pageLoad: 300000, script: 30000}, unhandledPromptBehavior: dismiss and notify, webauthn:extension:credBlob: true, webauthn:extension:largeBlob: true, webauthn:extension:minPinLength: true, webauthn:extension:prf: true, webauthn:virtualAuthenticators: true}
Session ID: d6fb5a13d259bcfd3387b3d975e23982
2025-02-04 13:03:43 [main] INFO  l.i.u.t.SubmittedApplicationsPageTest - Marking 'Ne' radio button 6
2025-02-04 13:03:53 [main] ERROR l.i.u.p.SubmittedApplicationsPage - Error selecting radio button: Expected condition failed: waiting for element to be clickable: By.xpath: (//input[@type='radio' and @value='true'])[14] (tried for 10 second(s) with 500 milliseconds interval)
Build info: version: '4.27.0', revision: 'd6e718d134'
System info: os.name: 'Windows 11', os.arch: 'amd64', os.version: '10.0', java.version: '21.0.3'
Driver info: org.openqa.selenium.chrome.ChromeDriver
Capabilities {acceptInsecureCerts: false, browserName: chrome, browserVersion: 132.0.6834.160, chrome: {chromedriverVersion: 132.0.6834.159 (2d77d3fc445..., userDataDir: C:\Users\INGRID~1.ZAD\AppDa...}, fedcm:accounts: true, goog:chromeOptions: {debuggerAddress: localhost:50763}, networkConnectionEnabled: false, pageLoadStrategy: normal, platformName: windows, proxy: Proxy(), se:cdp: ws://localhost:50763/devtoo..., se:cdpVersion: 132.0.6834.160, setWindowRect: true, strictFileInteractability: false, timeouts: {implicit: 0, pageLoad: 300000, script: 30000}, unhandledPromptBehavior: dismiss and notify, webauthn:extension:credBlob: true, webauthn:extension:largeBlob: true, webauthn:extension:minPinLength: true, webauthn:extension:prf: true, webauthn:virtualAuthenticators: true}
Session ID: d6fb5a13d259bcfd3387b3d975e23982
2025-02-04 13:03:53 [main] INFO  l.i.u.t.SubmittedApplicationsPageTest - Marking 'Taip' radio button 7
2025-02-04 13:04:03 [main] ERROR l.i.u.p.SubmittedApplicationsPage - Error selecting radio button: Expected condition failed: waiting for element to be clickable: By.xpath: (//input[@type='radio' and @value='true'])[15] (tried for 10 second(s) with 500 milliseconds interval)
Build info: version: '4.27.0', revision: 'd6e718d134'
System info: os.name: 'Windows 11', os.arch: 'amd64', os.version: '10.0', java.version: '21.0.3'
Driver info: org.openqa.selenium.chrome.ChromeDriver
Capabilities {acceptInsecureCerts: false, browserName: chrome, browserVersion: 132.0.6834.160, chrome: {chromedriverVersion: 132.0.6834.159 (2d77d3fc445..., userDataDir: C:\Users\INGRID~1.ZAD\AppDa...}, fedcm:accounts: true, goog:chromeOptions: {debuggerAddress: localhost:50763}, networkConnectionEnabled: false, pageLoadStrategy: normal, platformName: windows, proxy: Proxy(), se:cdp: ws://localhost:50763/devtoo..., se:cdpVersion: 132.0.6834.160, setWindowRect: true, strictFileInteractability: false, timeouts: {implicit: 0, pageLoad: 300000, script: 30000}, unhandledPromptBehavior: dismiss and notify, webauthn:extension:credBlob: true, webauthn:extension:largeBlob: true, webauthn:extension:minPinLength: true, webauthn:extension:prf: true, webauthn:virtualAuthenticators: true}
Session ID: d6fb5a13d259bcfd3387b3d975e23982
2025-02-04 13:04:03 [main] INFO  l.i.u.t.SubmittedApplicationsPageTest - Marking 'Taip' radio button 8
2025-02-04 13:04:13 [main] ERROR l.i.u.p.SubmittedApplicationsPage - Error selecting radio button: Expected condition failed: waiting for element to be clickable: By.xpath: (//input[@type='radio' and @value='true'])[16] (tried for 10 second(s) with 500 milliseconds interval)
Build info: version: '4.27.0', revision: 'd6e718d134'
System info: os.name: 'Windows 11', os.arch: 'amd64', os.version: '10.0', java.version: '21.0.3'
Driver info: org.openqa.selenium.chrome.ChromeDriver
Capabilities {acceptInsecureCerts: false, browserName: chrome, browserVersion: 132.0.6834.160, chrome: {chromedriverVersion: 132.0.6834.159 (2d77d3fc445..., userDataDir: C:\Users\INGRID~1.ZAD\AppDa...}, fedcm:accounts: true, goog:chromeOptions: {debuggerAddress: localhost:50763}, networkConnectionEnabled: false, pageLoadStrategy: normal, platformName: windows, proxy: Proxy(), se:cdp: ws://localhost:50763/devtoo..., se:cdpVersion: 132.0.6834.160, setWindowRect: true, strictFileInteractability: false, timeouts: {implicit: 0, pageLoad: 300000, script: 30000}, unhandledPromptBehavior: dismiss and notify, webauthn:extension:credBlob: true, webauthn:extension:largeBlob: true, webauthn:extension:minPinLength: true, webauthn:extension:prf: true, webauthn:virtualAuthenticators: true}
Session ID: d6fb5a13d259bcfd3387b3d975e23982
2025-02-04 13:04:13 [main] INFO  l.i.u.t.SubmittedApplicationsPageTest - Marking 'Taip' radio button 9
2025-02-04 13:04:23 [main] ERROR l.i.u.p.SubmittedApplicationsPage - Error selecting radio button: Expected condition failed: waiting for element to be clickable: By.xpath: (//input[@type='radio' and @value='true'])[17] (tried for 10 second(s) with 500 milliseconds interval)
Build info: version: '4.27.0', revision: 'd6e718d134'
System info: os.name: 'Windows 11', os.arch: 'amd64', os.version: '10.0', java.version: '21.0.3'
Driver info: org.openqa.selenium.chrome.ChromeDriver
Capabilities {acceptInsecureCerts: false, browserName: chrome, browserVersion: 132.0.6834.160, chrome: {chromedriverVersion: 132.0.6834.159 (2d77d3fc445..., userDataDir: C:\Users\INGRID~1.ZAD\AppDa...}, fedcm:accounts: true, goog:chromeOptions: {debuggerAddress: localhost:50763}, networkConnectionEnabled: false, pageLoadStrategy: normal, platformName: windows, proxy: Proxy(), se:cdp: ws://localhost:50763/devtoo..., se:cdpVersion: 132.0.6834.160, setWindowRect: true, strictFileInteractability: false, timeouts: {implicit: 0, pageLoad: 300000, script: 30000}, unhandledPromptBehavior: dismiss and notify, webauthn:extension:credBlob: true, webauthn:extension:largeBlob: true, webauthn:extension:minPinLength: true, webauthn:extension:prf: true, webauthn:virtualAuthenticators: true}
Session ID: d6fb5a13d259bcfd3387b3d975e23982
2025-02-04 13:04:23 [main] INFO  l.i.u.t.SubmittedApplicationsPageTest - Marking 'Taip' radio button 10
2025-02-04 13:04:33 [main] ERROR l.i.u.p.SubmittedApplicationsPage - Error selecting radio button: Expected condition failed: waiting for element to be clickable: By.xpath: (//input[@type='radio' and @value='true'])[18] (tried for 10 second(s) with 500 milliseconds interval)
Build info: version: '4.27.0', revision: 'd6e718d134'
System info: os.name: 'Windows 11', os.arch: 'amd64', os.version: '10.0', java.version: '21.0.3'
Driver info: org.openqa.selenium.chrome.ChromeDriver
Capabilities {acceptInsecureCerts: false, browserName: chrome, browserVersion: 132.0.6834.160, chrome: {chromedriverVersion: 132.0.6834.159 (2d77d3fc445..., userDataDir: C:\Users\INGRID~1.ZAD\AppDa...}, fedcm:accounts: true, goog:chromeOptions: {debuggerAddress: localhost:50763}, networkConnectionEnabled: false, pageLoadStrategy: normal, platformName: windows, proxy: Proxy(), se:cdp: ws://localhost:50763/devtoo..., se:cdpVersion: 132.0.6834.160, setWindowRect: true, strictFileInteractability: false, timeouts: {implicit: 0, pageLoad: 300000, script: 30000}, unhandledPromptBehavior: dismiss and notify, webauthn:extension:credBlob: true, webauthn:extension:largeBlob: true, webauthn:extension:minPinLength: true, webauthn:extension:prf: true, webauthn:virtualAuthenticators: true}
Session ID: d6fb5a13d259bcfd3387b3d975e23982
2025-02-04 13:04:33 [main] INFO  l.i.u.t.SubmittedApplicationsPageTest - Marking 'Taip' radio button 11
2025-02-04 13:04:43 [main] ERROR l.i.u.p.SubmittedApplicationsPage - Error selecting radio button: Expected condition failed: waiting for element to be clickable: By.xpath: (//input[@type='radio' and @value='true'])[19] (tried for 10 second(s) with 500 milliseconds interval)
Build info: version: '4.27.0', revision: 'd6e718d134'
System info: os.name: 'Windows 11', os.arch: 'amd64', os.version: '10.0', java.version: '21.0.3'
Driver info: org.openqa.selenium.chrome.ChromeDriver
Capabilities {acceptInsecureCerts: false, browserName: chrome, browserVersion: 132.0.6834.160, chrome: {chromedriverVersion: 132.0.6834.159 (2d77d3fc445..., userDataDir: C:\Users\INGRID~1.ZAD\AppDa...}, fedcm:accounts: true, goog:chromeOptions: {debuggerAddress: localhost:50763}, networkConnectionEnabled: false, pageLoadStrategy: normal, platformName: windows, proxy: Proxy(), se:cdp: ws://localhost:50763/devtoo..., se:cdpVersion: 132.0.6834.160, setWindowRect: true, strictFileInteractability: false, timeouts: {implicit: 0, pageLoad: 300000, script: 30000}, unhandledPromptBehavior: dismiss and notify, webauthn:extension:credBlob: true, webauthn:extension:largeBlob: true, webauthn:extension:minPinLength: true, webauthn:extension:prf: true, webauthn:virtualAuthenticators: true}
Session ID: d6fb5a13d259bcfd3387b3d975e23982
2025-02-04 13:04:43 [main] INFO  l.i.u.t.SubmittedApplicationsPageTest - Marking 'Taip' radio button 12
2025-02-04 13:04:54 [main] DEBUG l.i.u.t.SubmittedApplicationsPageTest - Checked 'ConfirmationStepFour'
2025-02-04 13:04:54 [main] DEBUG l.i.u.t.SubmittedApplicationsPageTest - Clicked 'Next' button after checkboxes.
2025-02-04 13:04:54 [main] INFO  l.i.u.p.SubmittedApplicationsPage - File uploaded successfully to an input element.
2025-02-04 13:04:54 [main] INFO  l.i.u.p.SubmittedApplicationsPage - File uploaded successfully to an input element.
2025-02-04 13:04:54 [main] INFO  l.i.u.p.SubmittedApplicationsPage - File uploaded successfully to an input element.
2025-02-04 13:04:54 [main] INFO  l.i.u.p.SubmittedApplicationsPage - File uploaded successfully to an input element.
2025-02-04 13:04:54 [main] INFO  l.i.u.p.SubmittedApplicationsPage - File uploaded successfully to an input element.
2025-02-04 13:04:54 [main] INFO  l.i.u.p.SubmittedApplicationsPage - File uploaded successfully to an input element.
2025-02-04 13:04:54 [main] INFO  l.i.u.p.SubmittedApplicationsPage - File uploaded successfully to an input element.
2025-02-04 13:04:54 [main] INFO  l.i.u.p.SubmittedApplicationsPage - File uploaded successfully to an input element.
2025-02-04 13:04:54 [main] DEBUG l.i.u.t.SubmittedApplicationsPageTest - Entered program name: 'Dokumentas 1'.
2025-02-04 13:04:55 [main] DEBUG l.i.u.t.SubmittedApplicationsPageTest - Entered program name: 'Dokumentas 2'.
2025-02-04 13:04:55 [main] DEBUG l.i.u.t.SubmittedApplicationsPageTest - Entered program name: 'Dokumentas 3'.
2025-02-04 13:04:55 [main] DEBUG l.i.u.t.SubmittedApplicationsPageTest - Entered program name: 'Dokumentas 4'.
2025-02-04 13:04:55 [main] DEBUG l.i.u.t.SubmittedApplicationsPageTest - Entered program name: 'Dokumentas 5'.
2025-02-04 13:04:55 [main] DEBUG l.i.u.t.SubmittedApplicationsPageTest - Entered program name: 'Dokumentas 6'.
2025-02-04 13:04:55 [main] DEBUG l.i.u.t.SubmittedApplicationsPageTest - Entered program name: 'Dokumentas 4'.
2025-02-04 13:04:56 [main] DEBUG l.i.u.t.SubmittedApplicationsPageTest - Entered program name: 'Dokumentas 8'.
2025-02-04 13:05:06 [main] DEBUG l.i.u.t.SubmittedApplicationsPageTest - Checked 'ConfirmationDocument'
2025-02-04 13:05:16 [main] DEBUG l.i.u.t.SubmittedApplicationsPageTest - Checked 'ConfirmationApplication'
2025-02-04 13:05:16 [main] DEBUG l.i.u.t.SubmittedApplicationsPageTest - Clicked 'Review' button after checkboxes.
2025-02-04 13:05:16 [main] DEBUG l.i.u.t.SubmittedApplicationsPageTest - Clicked 'SaveDraft' button after checkboxes.
2025-02-04 13:05:26 [main] ERROR l.i.u.t.SubmittedApplicationsPageTest - Test 'testFillNewApplication' failed with error: no such element: Unable to locate element: {"method":"xpath","selector":"//common-button/button[contains(text(), 'Pateikti')]"}
  (Session info: chrome=132.0.6834.160)
For documentation on this error, please visit: https://www.selenium.dev/documentation/webdriver/troubleshooting/errors#no-such-element-exception
Build info: version: '4.27.0', revision: 'd6e718d134'
System info: os.name: 'Windows 11', os.arch: 'amd64', os.version: '10.0', java.version: '21.0.3'
Driver info: org.openqa.selenium.chrome.ChromeDriver
Command: [d6fb5a13d259bcfd3387b3d975e23982, findElement {using=xpath, value=//common-button/button[contains(text(), 'Pateikti')]}]
Capabilities {acceptInsecureCerts: false, browserName: chrome, browserVersion: 132.0.6834.160, chrome: {chromedriverVersion: 132.0.6834.159 (2d77d3fc445..., userDataDir: C:\Users\INGRID~1.ZAD\AppDa...}, fedcm:accounts: true, goog:chromeOptions: {debuggerAddress: localhost:50763}, networkConnectionEnabled: false, pageLoadStrategy: normal, platformName: windows, proxy: Proxy(), se:cdp: ws://localhost:50763/devtoo..., se:cdpVersion: 132.0.6834.160, setWindowRect: true, strictFileInteractability: false, timeouts: {implicit: 0, pageLoad: 300000, script: 30000}, unhandledPromptBehavior: dismiss and notify, webauthn:extension:credBlob: true, webauthn:extension:largeBlob: true, webauthn:extension:minPinLength: true, webauthn:extension:prf: true, webauthn:virtualAuthenticators: true}
Session ID: d6fb5a13d259bcfd3387b3d975e23982
org.openqa.selenium.NoSuchElementException: no such element: Unable to locate element: {"method":"xpath","selector":"//common-button/button[contains(text(), 'Pateikti')]"}
  (Session info: chrome=132.0.6834.160)
For documentation on this error, please visit: https://www.selenium.dev/documentation/webdriver/troubleshooting/errors#no-such-element-exception
Build info: version: '4.27.0', revision: 'd6e718d134'
System info: os.name: 'Windows 11', os.arch: 'amd64', os.version: '10.0', java.version: '21.0.3'
Driver info: org.openqa.selenium.chrome.ChromeDriver
Command: [d6fb5a13d259bcfd3387b3d975e23982, findElement {using=xpath, value=//common-button/button[contains(text(), 'Pateikti')]}]
Capabilities {acceptInsecureCerts: false, browserName: chrome, browserVersion: 132.0.6834.160, chrome: {chromedriverVersion: 132.0.6834.159 (2d77d3fc445..., userDataDir: C:\Users\INGRID~1.ZAD\AppDa...}, fedcm:accounts: true, goog:chromeOptions: {debuggerAddress: localhost:50763}, networkConnectionEnabled: false, pageLoadStrategy: normal, platformName: windows, proxy: Proxy(), se:cdp: ws://localhost:50763/devtoo..., se:cdpVersion: 132.0.6834.160, setWindowRect: true, strictFileInteractability: false, timeouts: {implicit: 0, pageLoad: 300000, script: 30000}, unhandledPromptBehavior: dismiss and notify, webauthn:extension:credBlob: true, webauthn:extension:largeBlob: true, webauthn:extension:minPinLength: true, webauthn:extension:prf: true, webauthn:virtualAuthenticators: true}
Session ID: d6fb5a13d259bcfd3387b3d975e23982
	at java.base/jdk.internal.reflect.DirectConstructorHandleAccessor.newInstance(DirectConstructorHandleAccessor.java:62)
	at java.base/java.lang.reflect.Constructor.newInstanceWithCaller(Constructor.java:502)
	at java.base/java.lang.reflect.Constructor.newInstance(Constructor.java:486)
	at org.openqa.selenium.remote.ErrorCodec.decode(ErrorCodec.java:167)
	at org.openqa.selenium.remote.codec.w3c.W3CHttpResponseCodec.decode(W3CHttpResponseCodec.java:138)
	at org.openqa.selenium.remote.codec.w3c.W3CHttpResponseCodec.decode(W3CHttpResponseCodec.java:50)
	at org.openqa.selenium.remote.HttpCommandExecutor.execute(HttpCommandExecutor.java:190)
	at org.openqa.selenium.remote.service.DriverCommandExecutor.invokeExecute(DriverCommandExecutor.java:216)
	at org.openqa.selenium.remote.service.DriverCommandExecutor.execute(DriverCommandExecutor.java:174)
	at org.openqa.selenium.remote.RemoteWebDriver.execute(RemoteWebDriver.java:545)
	at org.openqa.selenium.remote.ElementLocation$ElementFinder$2.findElement(ElementLocation.java:165)
	at org.openqa.selenium.remote.ElementLocation.findElement(ElementLocation.java:59)
	at org.openqa.selenium.remote.RemoteWebDriver.findElement(RemoteWebDriver.java:368)
	at org.openqa.selenium.remote.RemoteWebDriver.findElement(RemoteWebDriver.java:362)
	at org.openqa.selenium.support.pagefactory.DefaultElementLocator.findElement(DefaultElementLocator.java:68)
	at org.openqa.selenium.support.pagefactory.internal.LocatingElementHandler.invoke(LocatingElementHandler.java:38)
	at jdk.proxy2/jdk.proxy2.$Proxy14.isSelected(Unknown Source)
	at lt.insoft.uztis.pages.SubmittedApplicationsPage.clickButtonSubmit(SubmittedApplicationsPage.java:394)
	at lt.insoft.uztis.tests.SubmittedApplicationsPageTest.testFillNewApplication(SubmittedApplicationsPageTest.java:411)
	at java.base/jdk.internal.reflect.DirectMethodHandleAccessor.invoke(DirectMethodHandleAccessor.java:103)
	at java.base/java.lang.reflect.Method.invoke(Method.java:580)
	at org.junit.platform.commons.util.ReflectionUtils.invokeMethod(ReflectionUtils.java:728)
	at org.junit.jupiter.engine.execution.MethodInvocation.proceed(MethodInvocation.java:60)
	at org.junit.jupiter.engine.execution.InvocationInterceptorChain$ValidatingInvocation.proceed(InvocationInterceptorChain.java:131)
	at org.junit.jupiter.engine.extension.TimeoutExtension.intercept(TimeoutExtension.java:156)
	at org.junit.jupiter.engine.extension.TimeoutExtension.interceptTestableMethod(TimeoutExtension.java:147)
	at org.junit.jupiter.engine.extension.TimeoutExtension.interceptTestMethod(TimeoutExtension.java:86)
	at org.junit.jupiter.engine.execution.InterceptingExecutableInvoker$ReflectiveInterceptorCall.lambda$ofVoidMethod$0(InterceptingExecutableInvoker.java:103)
	at org.junit.jupiter.engine.execution.InterceptingExecutableInvoker.lambda$invoke$0(InterceptingExecutableInvoker.java:93)
	at org.junit.jupiter.engine.execution.InvocationInterceptorChain$InterceptedInvocation.proceed(InvocationInterceptorChain.java:106)
	at org.junit.jupiter.engine.execution.InvocationInterceptorChain.proceed(InvocationInterceptorChain.java:64)
	at org.junit.jupiter.engine.execution.InvocationInterceptorChain.chainAndInvoke(InvocationInterceptorChain.java:45)
	at org.junit.jupiter.engine.execution.InvocationInterceptorChain.invoke(InvocationInterceptorChain.java:37)
	at org.junit.jupiter.engine.execution.InterceptingExecutableInvoker.invoke(InterceptingExecutableInvoker.java:92)
	at org.junit.jupiter.engine.execution.InterceptingExecutableInvoker.invoke(InterceptingExecutableInvoker.java:86)
	at org.junit.jupiter.engine.descriptor.TestMethodTestDescriptor.lambda$invokeTestMethod$7(TestMethodTestDescriptor.java:218)
	at org.junit.platform.engine.support.hierarchical.ThrowableCollector.execute(ThrowableCollector.java:73)
	at org.junit.jupiter.engine.descriptor.TestMethodTestDescriptor.invokeTestMethod(TestMethodTestDescriptor.java:214)
	at org.junit.jupiter.engine.descriptor.TestMethodTestDescriptor.execute(TestMethodTestDescriptor.java:139)
	at org.junit.jupiter.engine.descriptor.TestMethodTestDescriptor.execute(TestMethodTestDescriptor.java:69)
	at org.junit.platform.engine.support.hierarchical.NodeTestTask.lambda$executeRecursively$6(NodeTestTask.java:151)
	at org.junit.platform.engine.support.hierarchical.ThrowableCollector.execute(ThrowableCollector.java:73)
	at org.junit.platform.engine.support.hierarchical.NodeTestTask.lambda$executeRecursively$8(NodeTestTask.java:141)
	at org.junit.platform.engine.support.hierarchical.Node.around(Node.java:137)
	at org.junit.platform.engine.support.hierarchical.NodeTestTask.lambda$executeRecursively$9(NodeTestTask.java:139)
	at org.junit.platform.engine.support.hierarchical.ThrowableCollector.execute(ThrowableCollector.java:73)
	at org.junit.platform.engine.support.hierarchical.NodeTestTask.executeRecursively(NodeTestTask.java:138)
	at org.junit.platform.engine.support.hierarchical.NodeTestTask.execute(NodeTestTask.java:95)
	at java.base/java.util.ArrayList.forEach(ArrayList.java:1596)
	at org.junit.platform.engine.support.hierarchical.SameThreadHierarchicalTestExecutorService.invokeAll(SameThreadHierarchicalTestExecutorService.java:41)
	at org.junit.platform.engine.support.hierarchical.NodeTestTask.lambda$executeRecursively$6(NodeTestTask.java:155)
	at org.junit.platform.engine.support.hierarchical.ThrowableCollector.execute(ThrowableCollector.java:73)
	at org.junit.platform.engine.support.hierarchical.NodeTestTask.lambda$executeRecursively$8(NodeTestTask.java:141)
	at org.junit.platform.engine.support.hierarchical.Node.around(Node.java:137)
	at org.junit.platform.engine.support.hierarchical.NodeTestTask.lambda$executeRecursively$9(NodeTestTask.java:139)
	at org.junit.platform.engine.support.hierarchical.ThrowableCollector.execute(ThrowableCollector.java:73)
	at org.junit.platform.engine.support.hierarchical.NodeTestTask.executeRecursively(NodeTestTask.java:138)
	at org.junit.platform.engine.support.hierarchical.NodeTestTask.execute(NodeTestTask.java:95)
	at java.base/java.util.ArrayList.forEach(ArrayList.java:1596)
	at org.junit.platform.engine.support.hierarchical.SameThreadHierarchicalTestExecutorService.invokeAll(SameThreadHierarchicalTestExecutorService.java:41)
	at org.junit.platform.engine.support.hierarchical.NodeTestTask.lambda$executeRecursively$6(NodeTestTask.java:155)
	at org.junit.platform.engine.support.hierarchical.ThrowableCollector.execute(ThrowableCollector.java:73)
	at org.junit.platform.engine.support.hierarchical.NodeTestTask.lambda$executeRecursively$8(NodeTestTask.java:141)
	at org.junit.platform.engine.support.hierarchical.Node.around(Node.java:137)
	at org.junit.platform.engine.support.hierarchical.NodeTestTask.lambda$executeRecursively$9(NodeTestTask.java:139)
	at org.junit.platform.engine.support.hierarchical.ThrowableCollector.execute(ThrowableCollector.java:73)
	at org.junit.platform.engine.support.hierarchical.NodeTestTask.executeRecursively(NodeTestTask.java:138)
	at org.junit.platform.engine.support.hierarchical.NodeTestTask.execute(NodeTestTask.java:95)
	at org.junit.platform.engine.support.hierarchical.SameThreadHierarchicalTestExecutorService.submit(SameThreadHierarchicalTestExecutorService.java:35)
	at org.junit.platform.engine.support.hierarchical.HierarchicalTestExecutor.execute(HierarchicalTestExecutor.java:57)
	at org.junit.platform.engine.support.hierarchical.HierarchicalTestEngine.execute(HierarchicalTestEngine.java:54)
	at org.junit.platform.launcher.core.EngineExecutionOrchestrator.execute(EngineExecutionOrchestrator.java:198)
	at org.junit.platform.launcher.core.EngineExecutionOrchestrator.execute(EngineExecutionOrchestrator.java:169)
	at org.junit.platform.launcher.core.EngineExecutionOrchestrator.execute(EngineExecutionOrchestrator.java:93)
	at org.junit.platform.launcher.core.EngineExecutionOrchestrator.lambda$execute$0(EngineExecutionOrchestrator.java:58)
	at org.junit.platform.launcher.core.EngineExecutionOrchestrator.withInterceptedStreams(EngineExecutionOrchestrator.java:141)
	at org.junit.platform.launcher.core.EngineExecutionOrchestrator.execute(EngineExecutionOrchestrator.java:57)
	at org.junit.platform.launcher.core.DefaultLauncher.execute(DefaultLauncher.java:103)
	at org.junit.platform.launcher.core.DefaultLauncher.execute(DefaultLauncher.java:85)
	at org.junit.platform.launcher.core.DelegatingLauncher.execute(DelegatingLauncher.java:47)
	at org.junit.platform.launcher.core.SessionPerRequestLauncher.execute(SessionPerRequestLauncher.java:63)
	at com.intellij.junit5.JUnit5IdeaTestRunner.startRunnerWithArgs(JUnit5IdeaTestRunner.java:57)
	at com.intellij.rt.junit.IdeaTestRunner$Repeater$1.execute(IdeaTestRunner.java:38)
	at com.intellij.rt.execution.junit.TestsRepeater.repeat(TestsRepeater.java:11)
	at com.intellij.rt.junit.IdeaTestRunner$Repeater.startRunnerWithArgs(IdeaTestRunner.java:35)
	at com.intellij.rt.junit.JUnitStarter.prepareStreamsAndStart(JUnitStarter.java:232)
	at com.intellij.rt.junit.JUnitStarter.main(JUnitStarter.java:55)
2025-02-04 13:05:26 [main] INFO  l.insoft.uztis.tests.utils.TestUtils - Screenshot moved to C:\Users\ingrida.zadorozniene\Desktop\Asm\UZTIS\UZTIS_tests\test-output\screenshots\20250204\130526823_testFillNewApplication().png
2025-02-04 13:10:48 [main] INFO  lt.insoft.uztis.tests.UztisPageTest - Navigated to https://uztisdev.asseco.lt/home
2025-02-04 13:10:48 [main] INFO  l.i.u.t.SubmittedApplicationsPageTest - Starting test:'testFillNewApplication'
2025-02-04 13:10:49 [main] DEBUG l.i.u.t.SubmittedApplicationsPageTest - User logged in with test credentials.
2025-02-04 13:10:49 [main] DEBUG l.i.u.t.SubmittedApplicationsPageTest - Opened 'Application Processing' menu.
2025-02-04 13:10:49 [main] DEBUG l.i.u.t.SubmittedApplicationsPageTest - Clicked on 'Application Forms' menu.
2025-02-04 13:10:50 [main] DEBUG l.i.u.t.SubmittedApplicationsPageTest - Retrieved last description code text: 'TST-VUI-27'.
2025-02-04 13:10:50 [main] DEBUG l.i.u.t.SubmittedApplicationsPageTest - Clicked on 'Invitation' menu.
2025-02-04 13:10:51 [main] DEBUG l.i.u.t.SubmittedApplicationsPageTest - Selected application section by code: 'TST-VUI-27'.
2025-02-04 13:10:51 [main] DEBUG l.i.u.t.SubmittedApplicationsPageTest - Clicked 'Search' button.
2025-02-04 13:10:51 [main] DEBUG l.i.u.t.SubmittedApplicationsPageTest - Retrieved invitation code: ''.
2025-02-04 13:10:51 [main] DEBUG l.i.u.t.SubmittedApplicationsPageTest - Clicked on 'Submitted Applications' menu.
2025-02-04 13:10:52 [main] DEBUG l.i.u.t.SubmittedApplicationsPageTest - Selected invitation by code: 'TST-VUI-27'.
2025-02-04 13:10:52 [main] DEBUG l.i.u.t.SubmittedApplicationsPageTest - Invitation code inserted.
2025-02-04 13:10:52 [main] DEBUG l.i.u.t.SubmittedApplicationsPageTest - Clicked on 'Action Application' button.
2025-02-04 13:10:52 [main] DEBUG l.i.u.t.SubmittedApplicationsPageTest - Clicked on 'New Application' button.
2025-02-04 13:10:53 [main] DEBUG l.i.u.t.SubmittedApplicationsPageTest - Selected the 'RadioButtonFA' option.
2025-02-04 13:10:53 [main] DEBUG l.i.u.t.SubmittedApplicationsPageTest - Entered phone number: '61298745'.
2025-02-04 13:10:53 [main] DEBUG l.i.u.t.SubmittedApplicationsPageTest - Entered email: 'test@autotest.com'.
2025-02-04 13:10:53 [main] INFO  l.i.u.p.SubmittedApplicationsPage - Located the dropdown button.
2025-02-04 13:11:13 [main] INFO  l.i.u.p.SubmittedApplicationsPage - Found 1741 options in the dropdown.
2025-02-04 13:11:13 [main] INFO  l.i.u.p.SubmittedApplicationsPage - Successfully selected the value: '01.11 - Grūdinių (išskyrus ryžius), ankštinių ir aliejingų sėklų augalų auginimas'
2025-02-04 13:11:23 [main] ERROR l.i.u.p.SubmittedApplicationsPage - Failed to close the dropdown with aria-expanded = 'false'. Attempting manual close.
2025-02-04 13:11:23 [main] INFO  l.i.u.p.SubmittedApplicationsPage - Manual close attempt for the dropdown using body click.
2025-02-04 13:11:23 [main] DEBUG l.i.u.t.SubmittedApplicationsPageTest - Selected EVRK value: '01.11 - Grūdinių (išskyrus ryžius), ankštinių ir aliejingų sėklų augalų auginimas'.
2025-02-04 13:11:24 [main] DEBUG l.i.u.t.SubmittedApplicationsPageTest - Entered address: 'Vilniaus m. sav., Vilnius, Testo g. 10T'.
2025-02-04 13:11:24 [main] DEBUG l.i.u.t.SubmittedApplicationsPageTest - Entered project date.
2025-02-04 13:11:24 [main] DEBUG l.i.u.t.SubmittedApplicationsPageTest - Entered job count: '1'.
2025-02-04 13:11:24 [main] DEBUG l.i.u.t.SubmittedApplicationsPageTest - Clicked 'Next' button.
2025-02-04 13:11:24 [main] INFO  l.i.u.p.SubmittedApplicationsPage - Located the dropdown button.
2025-02-04 13:11:25 [main] INFO  l.i.u.p.SubmittedApplicationsPage - Successfully selected the value: 'Administratoriai'
2025-02-04 13:11:56 [main] ERROR l.i.u.p.SubmittedApplicationsPage - Timeout while waiting for dropdown to close with aria-expanded = 'false'.
2025-02-04 13:11:56 [main] DEBUG l.i.u.t.SubmittedApplicationsPageTest - Selected job name: 'Administratoriai'.
2025-02-04 13:11:56 [main] DEBUG l.i.u.t.SubmittedApplicationsPageTest - Entered job function: 'Funkcija 1'.
2025-02-04 13:11:56 [main] DEBUG l.i.u.t.SubmittedApplicationsPageTest - Selected 'RadioButtonWithDisabilities' option.
2025-02-04 13:11:56 [main] INFO  l.i.u.p.SubmittedApplicationsPage - Clicking on the dropdown button.
2025-02-04 13:11:57 [main] INFO  l.i.u.p.SubmittedApplicationsPage - Found 34 options in the dropdown.
2025-02-04 13:11:57 [main] DEBUG l.i.u.p.SubmittedApplicationsPage - Checking option: 'Asmenys, kuriems suteiktas pabėgėlio statusas ar perkeliamojo asmens statusas, arba asmenys, kuriems suteikta papildoma ar laikinoji apsauga, ir asmenys, turintys teisę gauti laikinąją apsaugą, iki sprendimo dėl laikinosios apsaugos suteikimo (nesuteikimo) priėmimo, tačiau ne ilgiau kaip laikinosios apsaugos laikotarpiu'
2025-02-04 13:11:57 [main] DEBUG l.i.u.p.SubmittedApplicationsPage - Checking option: 'Asmenys, kuriems suteiktas pabėgėlio statusas ar perkeliamojo asmens statusas, arba asmenys, kuriems suteikta papildoma ar laikinoji apsauga, ir asmenys, turintys teisę gauti laikinąją apsaugą, iki sprendimo dėl laikinosios apsaugos suteikimo (nesuteikimo) priėmimo, tačiau ne ilgiau kaip laikinosios apsaugos laikotarpiu'
2025-02-04 13:11:57 [main] DEBUG l.i.u.p.SubmittedApplicationsPage - Checking option: 'Asmenys, turintys teisę į papildomas užimtumo garantijas pagal Lietuvos Respublikos valstybės įmonės Ignalinos atominės elektrinės darbuotojų papildomų užimtumo ir socialinių garantijų įstatymą'
2025-02-04 13:11:57 [main] DEBUG l.i.u.p.SubmittedApplicationsPage - Checking option: 'Asmenys, turintys teisę į papildomas užimtumo garantijas pagal Lietuvos Respublikos valstybės įmonės Ignalinos atominės elektrinės darbuotojų papildomų užimtumo ir socialinių garantijų įstatymą'
2025-02-04 13:11:57 [main] DEBUG l.i.u.p.SubmittedApplicationsPage - Checking option: 'Bedarbiai iki 29 metų'
2025-02-04 13:11:57 [main] DEBUG l.i.u.p.SubmittedApplicationsPage - Checking option: 'Bedarbiai iki 29 metų'
2025-02-04 13:11:57 [main] DEBUG l.i.u.p.SubmittedApplicationsPage - Checking option: 'Bedarbiai, kurie yra darbingo amžiaus neįgalieji, kuriems nustatytas 30–40 procentų darbingumo lygis arba vidutinis neįgalumo lygis'
2025-02-04 13:11:57 [main] DEBUG l.i.u.p.SubmittedApplicationsPage - Checking option: 'Bedarbiai, kurie yra darbingo amžiaus neįgalieji, kuriems nustatytas 30–40 procentų darbingumo lygis arba vidutinis neįgalumo lygis'
2025-02-04 13:11:57 [main] DEBUG l.i.u.p.SubmittedApplicationsPage - Checking option: 'Bedarbiai, kurie yra darbingo amžiaus neįgalieji, kuriems nustatytas 45–55 procentų darbingumo lygis arba lengvas neįgalumo lygis'
2025-02-04 13:11:57 [main] DEBUG l.i.u.p.SubmittedApplicationsPage - Checking option: 'Bedarbiai, kurie yra darbingo amžiaus neįgalieji, kuriems nustatytas 45–55 procentų darbingumo lygis arba lengvas neįgalumo lygis'
2025-02-04 13:11:57 [main] DEBUG l.i.u.p.SubmittedApplicationsPage - Checking option: 'Bedarbiai, kurie yra darbingo amžiaus neįgalieji, kuriems nustatytas iki 25 procentų darbingumo lygis arba sunkus neįgalumo lygis'
2025-02-04 13:11:57 [main] INFO  l.i.u.p.SubmittedApplicationsPage - Successfully selected the value: 'Bedarbiai, kurie yra darbingo amžiaus neįgalieji, kuriems nustatytas iki 25 procentų darbingumo lygis arba sunkus neįgalumo lygis'
2025-02-04 13:11:57 [main] INFO  l.i.u.p.SubmittedApplicationsPage - Attempting to close the dropdown.
2025-02-04 13:12:08 [main] INFO  l.i.u.p.SubmittedApplicationsPage - Dropdown should be closed now.
2025-02-04 13:12:08 [main] DEBUG l.i.u.t.SubmittedApplicationsPageTest - Selected disabilities type: 'Bedarbiai, kurie yra darbingo amžiaus neįgalieji, kuriems nustatytas iki 25 procentų darbingumo lygis arba sunkus neįgalumo lygis'.
2025-02-04 13:12:08 [main] DEBUG l.i.u.t.SubmittedApplicationsPageTest - Entered disability information: 'Negalia 1'.
2025-02-04 13:12:08 [main] INFO  l.i.u.p.SubmittedApplicationsPage - Located the dropdown button.
2025-02-04 13:12:09 [main] INFO  l.i.u.p.SubmittedApplicationsPage - Successfully selected the value: 'Kita'
2025-02-04 13:12:19 [main] ERROR l.i.u.p.SubmittedApplicationsPage - Timeout while waiting for dropdown to close with aria-expanded = 'false'.
2025-02-04 13:12:19 [main] DEBUG l.i.u.t.SubmittedApplicationsPageTest - Selected time mode: 'Kita'.
2025-02-04 13:12:19 [main] DEBUG l.i.u.t.SubmittedApplicationsPageTest - Selected time mode other: '6 val. per dieną ir 4 d. per savaitę'.
2025-02-04 13:12:19 [main] DEBUG l.i.u.t.SubmittedApplicationsPageTest - Entered qualification: 'Kvalifikacija 1'.
2025-02-04 13:12:19 [main] DEBUG l.i.u.t.SubmittedApplicationsPageTest - Entered job date.
2025-02-04 13:12:20 [main] DEBUG l.i.u.t.SubmittedApplicationsPageTest - Entered salary amount: '1200'.
2025-02-04 13:12:20 [main] DEBUG l.i.u.t.SubmittedApplicationsPageTest - Selected 'Temporary Job' radio button.
2025-02-04 13:12:20 [main] DEBUG l.i.u.t.SubmittedApplicationsPageTest - Selected 'Season Job' radio button.
2025-02-04 13:12:20 [main] DEBUG l.i.u.t.SubmittedApplicationsPageTest - Selected 'Energy' radio button.
2025-02-04 13:12:20 [main] DEBUG l.i.u.t.SubmittedApplicationsPageTest - Selected 'Repair' radio button.
2025-02-04 13:12:20 [main] DEBUG l.i.u.t.SubmittedApplicationsPageTest - Entered job description: 'Veikla 1'.
2025-02-04 13:12:21 [main] DEBUG l.i.u.t.SubmittedApplicationsPageTest - Entered process description: 'Procesas 1'.
2025-02-04 13:12:21 [main] DEBUG l.i.u.t.SubmittedApplicationsPageTest - Entered energy information: 'Energija 1'.
2025-02-04 13:12:21 [main] DEBUG l.i.u.t.SubmittedApplicationsPageTest - Entered repair information: 'Remontas 1'.
2025-02-04 13:12:21 [main] DEBUG l.i.u.t.SubmittedApplicationsPageTest - Selected 'PVM' radio button.
2025-02-04 13:12:21 [main] INFO  l.i.u.p.SubmittedApplicationsPage - Located the dropdown button.
2025-02-04 13:12:22 [main] INFO  l.i.u.p.SubmittedApplicationsPage - Successfully selected the value: 'Įsigyti'
2025-02-04 13:12:42 [main] ERROR l.i.u.p.SubmittedApplicationsPage - Timeout while waiting for dropdown to close with aria-expanded = 'false'.
2025-02-04 13:12:42 [main] DEBUG l.i.u.t.SubmittedApplicationsPageTest - Selected necessary for job: 'Įsigyti'.
2025-02-04 13:12:42 [main] DEBUG l.i.u.t.SubmittedApplicationsPageTest - Selected tool: 'Darbo priemonė 1'.
2025-02-04 13:12:42 [main] DEBUG l.i.u.t.SubmittedApplicationsPageTest - Selected tool parameter one: 'Darbo priemonės 1 parametras 1'.
2025-02-04 13:12:43 [main] DEBUG l.i.u.t.SubmittedApplicationsPageTest - Selected tool parameter two: 'Darbo priemonės 1 parametras 2'.
2025-02-04 13:12:43 [main] DEBUG l.i.u.t.SubmittedApplicationsPageTest - Selected tool parameter three: 'Darbo priemonės 1 parametras 3'.
2025-02-04 13:12:43 [main] DEBUG l.i.u.t.SubmittedApplicationsPageTest - Entered tool count: '1'.
2025-02-04 13:12:43 [main] DEBUG l.i.u.t.SubmittedApplicationsPageTest - Entered price amount: '1000'.
2025-02-04 13:12:43 [main] DEBUG l.i.u.t.SubmittedApplicationsPageTest - Entered own funds amount: '800'.
2025-02-04 13:12:43 [main] DEBUG l.i.u.t.SubmittedApplicationsPageTest - Entered country percentage: '50'.
2025-02-04 13:12:44 [main] DEBUG l.i.u.t.SubmittedApplicationsPageTest - Entered institution percentage: '50'.
2025-02-04 13:12:44 [main] DEBUG l.i.u.t.SubmittedApplicationsPageTest - Entered municipality percentage: '50'.
2025-02-04 13:12:44 [main] DEBUG l.i.u.t.SubmittedApplicationsPageTest - Selected 'De Minimis' radio button.
2025-02-04 13:12:44 [main] DEBUG l.i.u.t.SubmittedApplicationsPageTest - Entered program name: 'Programa 1'.
2025-02-04 13:12:44 [main] DEBUG l.i.u.t.SubmittedApplicationsPageTest - Entered project date from.
2025-02-04 13:12:45 [main] DEBUG l.i.u.t.SubmittedApplicationsPageTest - Entered project date until.
2025-02-04 13:12:45 [main] DEBUG l.i.u.t.SubmittedApplicationsPageTest - Entered support amount: '2000'.
2025-02-04 13:12:45 [main] DEBUG l.i.u.t.SubmittedApplicationsPageTest - Clicked 'Next' button.
2025-02-04 13:12:55 [main] DEBUG l.i.u.t.SubmittedApplicationsPageTest - Checked 'Legal Entities' checkbox 1.
2025-02-04 13:13:05 [main] DEBUG l.i.u.t.SubmittedApplicationsPageTest - Checked 'Legal Entities' checkbox 2.
2025-02-04 13:13:15 [main] DEBUG l.i.u.t.SubmittedApplicationsPageTest - Checked 'Legal Entities' checkbox 3.
2025-02-04 13:13:15 [main] DEBUG l.i.u.t.SubmittedApplicationsPageTest - Test finished: All 'Legal Entities' checkboxes checked successfully.
2025-02-04 13:13:15 [main] DEBUG l.i.u.t.SubmittedApplicationsPageTest - Clicked 'Next' button after checkboxes.
2025-02-04 13:13:26 [main] ERROR l.i.u.p.SubmittedApplicationsPage - Error selecting radio button: Expected condition failed: waiting for element to be clickable: By.xpath: (//input[@type='radio' and @value='false'])[8] (tried for 10 second(s) with 500 milliseconds interval)
Build info: version: '4.27.0', revision: 'd6e718d134'
System info: os.name: 'Windows 11', os.arch: 'amd64', os.version: '10.0', java.version: '21.0.3'
Driver info: org.openqa.selenium.chrome.ChromeDriver
Capabilities {acceptInsecureCerts: false, browserName: chrome, browserVersion: 132.0.6834.160, chrome: {chromedriverVersion: 132.0.6834.159 (2d77d3fc445..., userDataDir: C:\Users\INGRID~1.ZAD\AppDa...}, fedcm:accounts: true, goog:chromeOptions: {debuggerAddress: localhost:51126}, networkConnectionEnabled: false, pageLoadStrategy: normal, platformName: windows, proxy: Proxy(), se:cdp: ws://localhost:51126/devtoo..., se:cdpVersion: 132.0.6834.160, setWindowRect: true, strictFileInteractability: false, timeouts: {implicit: 0, pageLoad: 300000, script: 30000}, unhandledPromptBehavior: dismiss and notify, webauthn:extension:credBlob: true, webauthn:extension:largeBlob: true, webauthn:extension:minPinLength: true, webauthn:extension:prf: true, webauthn:virtualAuthenticators: true}
Session ID: a33f7bb1536b592aa9496be90c033887
2025-02-04 13:13:26 [main] INFO  l.i.u.t.SubmittedApplicationsPageTest - Marking 'Ne' radio button 1
2025-02-04 13:13:36 [main] ERROR l.i.u.p.SubmittedApplicationsPage - Error selecting radio button: Expected condition failed: waiting for element to be clickable: By.xpath: (//input[@type='radio' and @value='false'])[9] (tried for 10 second(s) with 500 milliseconds interval)
Build info: version: '4.27.0', revision: 'd6e718d134'
System info: os.name: 'Windows 11', os.arch: 'amd64', os.version: '10.0', java.version: '21.0.3'
Driver info: org.openqa.selenium.chrome.ChromeDriver
Capabilities {acceptInsecureCerts: false, browserName: chrome, browserVersion: 132.0.6834.160, chrome: {chromedriverVersion: 132.0.6834.159 (2d77d3fc445..., userDataDir: C:\Users\INGRID~1.ZAD\AppDa...}, fedcm:accounts: true, goog:chromeOptions: {debuggerAddress: localhost:51126}, networkConnectionEnabled: false, pageLoadStrategy: normal, platformName: windows, proxy: Proxy(), se:cdp: ws://localhost:51126/devtoo..., se:cdpVersion: 132.0.6834.160, setWindowRect: true, strictFileInteractability: false, timeouts: {implicit: 0, pageLoad: 300000, script: 30000}, unhandledPromptBehavior: dismiss and notify, webauthn:extension:credBlob: true, webauthn:extension:largeBlob: true, webauthn:extension:minPinLength: true, webauthn:extension:prf: true, webauthn:virtualAuthenticators: true}
Session ID: a33f7bb1536b592aa9496be90c033887
2025-02-04 13:13:36 [main] INFO  l.i.u.t.SubmittedApplicationsPageTest - Marking 'Ne' radio button 2
2025-02-04 13:13:46 [main] ERROR l.i.u.p.SubmittedApplicationsPage - Error selecting radio button: Expected condition failed: waiting for element to be clickable: By.xpath: (//input[@type='radio' and @value='false'])[10] (tried for 10 second(s) with 500 milliseconds interval)
Build info: version: '4.27.0', revision: 'd6e718d134'
System info: os.name: 'Windows 11', os.arch: 'amd64', os.version: '10.0', java.version: '21.0.3'
Driver info: org.openqa.selenium.chrome.ChromeDriver
Capabilities {acceptInsecureCerts: false, browserName: chrome, browserVersion: 132.0.6834.160, chrome: {chromedriverVersion: 132.0.6834.159 (2d77d3fc445..., userDataDir: C:\Users\INGRID~1.ZAD\AppDa...}, fedcm:accounts: true, goog:chromeOptions: {debuggerAddress: localhost:51126}, networkConnectionEnabled: false, pageLoadStrategy: normal, platformName: windows, proxy: Proxy(), se:cdp: ws://localhost:51126/devtoo..., se:cdpVersion: 132.0.6834.160, setWindowRect: true, strictFileInteractability: false, timeouts: {implicit: 0, pageLoad: 300000, script: 30000}, unhandledPromptBehavior: dismiss and notify, webauthn:extension:credBlob: true, webauthn:extension:largeBlob: true, webauthn:extension:minPinLength: true, webauthn:extension:prf: true, webauthn:virtualAuthenticators: true}
Session ID: a33f7bb1536b592aa9496be90c033887
2025-02-04 13:13:46 [main] INFO  l.i.u.t.SubmittedApplicationsPageTest - Marking 'Ne' radio button 3
2025-02-04 13:13:56 [main] ERROR l.i.u.p.SubmittedApplicationsPage - Error selecting radio button: Expected condition failed: waiting for element to be clickable: By.xpath: (//input[@type='radio' and @value='false'])[11] (tried for 10 second(s) with 500 milliseconds interval)
Build info: version: '4.27.0', revision: 'd6e718d134'
System info: os.name: 'Windows 11', os.arch: 'amd64', os.version: '10.0', java.version: '21.0.3'
Driver info: org.openqa.selenium.chrome.ChromeDriver
Capabilities {acceptInsecureCerts: false, browserName: chrome, browserVersion: 132.0.6834.160, chrome: {chromedriverVersion: 132.0.6834.159 (2d77d3fc445..., userDataDir: C:\Users\INGRID~1.ZAD\AppDa...}, fedcm:accounts: true, goog:chromeOptions: {debuggerAddress: localhost:51126}, networkConnectionEnabled: false, pageLoadStrategy: normal, platformName: windows, proxy: Proxy(), se:cdp: ws://localhost:51126/devtoo..., se:cdpVersion: 132.0.6834.160, setWindowRect: true, strictFileInteractability: false, timeouts: {implicit: 0, pageLoad: 300000, script: 30000}, unhandledPromptBehavior: dismiss and notify, webauthn:extension:credBlob: true, webauthn:extension:largeBlob: true, webauthn:extension:minPinLength: true, webauthn:extension:prf: true, webauthn:virtualAuthenticators: true}
Session ID: a33f7bb1536b592aa9496be90c033887
2025-02-04 13:13:56 [main] INFO  l.i.u.t.SubmittedApplicationsPageTest - Marking 'Ne' radio button 4
2025-02-04 13:14:06 [main] ERROR l.i.u.p.SubmittedApplicationsPage - Error selecting radio button: Expected condition failed: waiting for element to be clickable: By.xpath: (//input[@type='radio' and @value='false'])[12] (tried for 10 second(s) with 500 milliseconds interval)
Build info: version: '4.27.0', revision: 'd6e718d134'
System info: os.name: 'Windows 11', os.arch: 'amd64', os.version: '10.0', java.version: '21.0.3'
Driver info: org.openqa.selenium.chrome.ChromeDriver
Capabilities {acceptInsecureCerts: false, browserName: chrome, browserVersion: 132.0.6834.160, chrome: {chromedriverVersion: 132.0.6834.159 (2d77d3fc445..., userDataDir: C:\Users\INGRID~1.ZAD\AppDa...}, fedcm:accounts: true, goog:chromeOptions: {debuggerAddress: localhost:51126}, networkConnectionEnabled: false, pageLoadStrategy: normal, platformName: windows, proxy: Proxy(), se:cdp: ws://localhost:51126/devtoo..., se:cdpVersion: 132.0.6834.160, setWindowRect: true, strictFileInteractability: false, timeouts: {implicit: 0, pageLoad: 300000, script: 30000}, unhandledPromptBehavior: dismiss and notify, webauthn:extension:credBlob: true, webauthn:extension:largeBlob: true, webauthn:extension:minPinLength: true, webauthn:extension:prf: true, webauthn:virtualAuthenticators: true}
Session ID: a33f7bb1536b592aa9496be90c033887
2025-02-04 13:14:06 [main] INFO  l.i.u.t.SubmittedApplicationsPageTest - Marking 'Ne' radio button 5
2025-02-04 13:14:16 [main] ERROR l.i.u.p.SubmittedApplicationsPage - Error selecting radio button: Expected condition failed: waiting for element to be clickable: By.xpath: (//input[@type='radio' and @value='false'])[13] (tried for 10 second(s) with 500 milliseconds interval)
Build info: version: '4.27.0', revision: 'd6e718d134'
System info: os.name: 'Windows 11', os.arch: 'amd64', os.version: '10.0', java.version: '21.0.3'
Driver info: org.openqa.selenium.chrome.ChromeDriver
Capabilities {acceptInsecureCerts: false, browserName: chrome, browserVersion: 132.0.6834.160, chrome: {chromedriverVersion: 132.0.6834.159 (2d77d3fc445..., userDataDir: C:\Users\INGRID~1.ZAD\AppDa...}, fedcm:accounts: true, goog:chromeOptions: {debuggerAddress: localhost:51126}, networkConnectionEnabled: false, pageLoadStrategy: normal, platformName: windows, proxy: Proxy(), se:cdp: ws://localhost:51126/devtoo..., se:cdpVersion: 132.0.6834.160, setWindowRect: true, strictFileInteractability: false, timeouts: {implicit: 0, pageLoad: 300000, script: 30000}, unhandledPromptBehavior: dismiss and notify, webauthn:extension:credBlob: true, webauthn:extension:largeBlob: true, webauthn:extension:minPinLength: true, webauthn:extension:prf: true, webauthn:virtualAuthenticators: true}
Session ID: a33f7bb1536b592aa9496be90c033887
2025-02-04 13:14:16 [main] INFO  l.i.u.t.SubmittedApplicationsPageTest - Marking 'Ne' radio button 6
2025-02-04 13:14:26 [main] ERROR l.i.u.p.SubmittedApplicationsPage - Error selecting radio button: Expected condition failed: waiting for element to be clickable: By.xpath: (//input[@type='radio' and @value='true'])[14] (tried for 10 second(s) with 500 milliseconds interval)
Build info: version: '4.27.0', revision: 'd6e718d134'
System info: os.name: 'Windows 11', os.arch: 'amd64', os.version: '10.0', java.version: '21.0.3'
Driver info: org.openqa.selenium.chrome.ChromeDriver
Capabilities {acceptInsecureCerts: false, browserName: chrome, browserVersion: 132.0.6834.160, chrome: {chromedriverVersion: 132.0.6834.159 (2d77d3fc445..., userDataDir: C:\Users\INGRID~1.ZAD\AppDa...}, fedcm:accounts: true, goog:chromeOptions: {debuggerAddress: localhost:51126}, networkConnectionEnabled: false, pageLoadStrategy: normal, platformName: windows, proxy: Proxy(), se:cdp: ws://localhost:51126/devtoo..., se:cdpVersion: 132.0.6834.160, setWindowRect: true, strictFileInteractability: false, timeouts: {implicit: 0, pageLoad: 300000, script: 30000}, unhandledPromptBehavior: dismiss and notify, webauthn:extension:credBlob: true, webauthn:extension:largeBlob: true, webauthn:extension:minPinLength: true, webauthn:extension:prf: true, webauthn:virtualAuthenticators: true}
Session ID: a33f7bb1536b592aa9496be90c033887
2025-02-04 13:14:26 [main] INFO  l.i.u.t.SubmittedApplicationsPageTest - Marking 'Taip' radio button 7
2025-02-04 13:14:37 [main] ERROR l.i.u.p.SubmittedApplicationsPage - Error selecting radio button: Expected condition failed: waiting for element to be clickable: By.xpath: (//input[@type='radio' and @value='true'])[15] (tried for 10 second(s) with 500 milliseconds interval)
Build info: version: '4.27.0', revision: 'd6e718d134'
System info: os.name: 'Windows 11', os.arch: 'amd64', os.version: '10.0', java.version: '21.0.3'
Driver info: org.openqa.selenium.chrome.ChromeDriver
Capabilities {acceptInsecureCerts: false, browserName: chrome, browserVersion: 132.0.6834.160, chrome: {chromedriverVersion: 132.0.6834.159 (2d77d3fc445..., userDataDir: C:\Users\INGRID~1.ZAD\AppDa...}, fedcm:accounts: true, goog:chromeOptions: {debuggerAddress: localhost:51126}, networkConnectionEnabled: false, pageLoadStrategy: normal, platformName: windows, proxy: Proxy(), se:cdp: ws://localhost:51126/devtoo..., se:cdpVersion: 132.0.6834.160, setWindowRect: true, strictFileInteractability: false, timeouts: {implicit: 0, pageLoad: 300000, script: 30000}, unhandledPromptBehavior: dismiss and notify, webauthn:extension:credBlob: true, webauthn:extension:largeBlob: true, webauthn:extension:minPinLength: true, webauthn:extension:prf: true, webauthn:virtualAuthenticators: true}
Session ID: a33f7bb1536b592aa9496be90c033887
2025-02-04 13:14:37 [main] INFO  l.i.u.t.SubmittedApplicationsPageTest - Marking 'Taip' radio button 8
2025-02-04 13:14:47 [main] ERROR l.i.u.p.SubmittedApplicationsPage - Error selecting radio button: Expected condition failed: waiting for element to be clickable: By.xpath: (//input[@type='radio' and @value='true'])[16] (tried for 10 second(s) with 500 milliseconds interval)
Build info: version: '4.27.0', revision: 'd6e718d134'
System info: os.name: 'Windows 11', os.arch: 'amd64', os.version: '10.0', java.version: '21.0.3'
Driver info: org.openqa.selenium.chrome.ChromeDriver
Capabilities {acceptInsecureCerts: false, browserName: chrome, browserVersion: 132.0.6834.160, chrome: {chromedriverVersion: 132.0.6834.159 (2d77d3fc445..., userDataDir: C:\Users\INGRID~1.ZAD\AppDa...}, fedcm:accounts: true, goog:chromeOptions: {debuggerAddress: localhost:51126}, networkConnectionEnabled: false, pageLoadStrategy: normal, platformName: windows, proxy: Proxy(), se:cdp: ws://localhost:51126/devtoo..., se:cdpVersion: 132.0.6834.160, setWindowRect: true, strictFileInteractability: false, timeouts: {implicit: 0, pageLoad: 300000, script: 30000}, unhandledPromptBehavior: dismiss and notify, webauthn:extension:credBlob: true, webauthn:extension:largeBlob: true, webauthn:extension:minPinLength: true, webauthn:extension:prf: true, webauthn:virtualAuthenticators: true}
Session ID: a33f7bb1536b592aa9496be90c033887
2025-02-04 13:14:47 [main] INFO  l.i.u.t.SubmittedApplicationsPageTest - Marking 'Taip' radio button 9
2025-02-04 13:14:57 [main] ERROR l.i.u.p.SubmittedApplicationsPage - Error selecting radio button: Expected condition failed: waiting for element to be clickable: By.xpath: (//input[@type='radio' and @value='true'])[17] (tried for 10 second(s) with 500 milliseconds interval)
Build info: version: '4.27.0', revision: 'd6e718d134'
System info: os.name: 'Windows 11', os.arch: 'amd64', os.version: '10.0', java.version: '21.0.3'
Driver info: org.openqa.selenium.chrome.ChromeDriver
Capabilities {acceptInsecureCerts: false, browserName: chrome, browserVersion: 132.0.6834.160, chrome: {chromedriverVersion: 132.0.6834.159 (2d77d3fc445..., userDataDir: C:\Users\INGRID~1.ZAD\AppDa...}, fedcm:accounts: true, goog:chromeOptions: {debuggerAddress: localhost:51126}, networkConnectionEnabled: false, pageLoadStrategy: normal, platformName: windows, proxy: Proxy(), se:cdp: ws://localhost:51126/devtoo..., se:cdpVersion: 132.0.6834.160, setWindowRect: true, strictFileInteractability: false, timeouts: {implicit: 0, pageLoad: 300000, script: 30000}, unhandledPromptBehavior: dismiss and notify, webauthn:extension:credBlob: true, webauthn:extension:largeBlob: true, webauthn:extension:minPinLength: true, webauthn:extension:prf: true, webauthn:virtualAuthenticators: true}
Session ID: a33f7bb1536b592aa9496be90c033887
2025-02-04 13:14:57 [main] INFO  l.i.u.t.SubmittedApplicationsPageTest - Marking 'Taip' radio button 10
2025-02-04 13:15:07 [main] ERROR l.i.u.p.SubmittedApplicationsPage - Error selecting radio button: Expected condition failed: waiting for element to be clickable: By.xpath: (//input[@type='radio' and @value='true'])[18] (tried for 10 second(s) with 500 milliseconds interval)
Build info: version: '4.27.0', revision: 'd6e718d134'
System info: os.name: 'Windows 11', os.arch: 'amd64', os.version: '10.0', java.version: '21.0.3'
Driver info: org.openqa.selenium.chrome.ChromeDriver
Capabilities {acceptInsecureCerts: false, browserName: chrome, browserVersion: 132.0.6834.160, chrome: {chromedriverVersion: 132.0.6834.159 (2d77d3fc445..., userDataDir: C:\Users\INGRID~1.ZAD\AppDa...}, fedcm:accounts: true, goog:chromeOptions: {debuggerAddress: localhost:51126}, networkConnectionEnabled: false, pageLoadStrategy: normal, platformName: windows, proxy: Proxy(), se:cdp: ws://localhost:51126/devtoo..., se:cdpVersion: 132.0.6834.160, setWindowRect: true, strictFileInteractability: false, timeouts: {implicit: 0, pageLoad: 300000, script: 30000}, unhandledPromptBehavior: dismiss and notify, webauthn:extension:credBlob: true, webauthn:extension:largeBlob: true, webauthn:extension:minPinLength: true, webauthn:extension:prf: true, webauthn:virtualAuthenticators: true}
Session ID: a33f7bb1536b592aa9496be90c033887
2025-02-04 13:15:07 [main] INFO  l.i.u.t.SubmittedApplicationsPageTest - Marking 'Taip' radio button 11
2025-02-04 13:15:17 [main] ERROR l.i.u.p.SubmittedApplicationsPage - Error selecting radio button: Expected condition failed: waiting for element to be clickable: By.xpath: (//input[@type='radio' and @value='true'])[19] (tried for 10 second(s) with 500 milliseconds interval)
Build info: version: '4.27.0', revision: 'd6e718d134'
System info: os.name: 'Windows 11', os.arch: 'amd64', os.version: '10.0', java.version: '21.0.3'
Driver info: org.openqa.selenium.chrome.ChromeDriver
Capabilities {acceptInsecureCerts: false, browserName: chrome, browserVersion: 132.0.6834.160, chrome: {chromedriverVersion: 132.0.6834.159 (2d77d3fc445..., userDataDir: C:\Users\INGRID~1.ZAD\AppDa...}, fedcm:accounts: true, goog:chromeOptions: {debuggerAddress: localhost:51126}, networkConnectionEnabled: false, pageLoadStrategy: normal, platformName: windows, proxy: Proxy(), se:cdp: ws://localhost:51126/devtoo..., se:cdpVersion: 132.0.6834.160, setWindowRect: true, strictFileInteractability: false, timeouts: {implicit: 0, pageLoad: 300000, script: 30000}, unhandledPromptBehavior: dismiss and notify, webauthn:extension:credBlob: true, webauthn:extension:largeBlob: true, webauthn:extension:minPinLength: true, webauthn:extension:prf: true, webauthn:virtualAuthenticators: true}
Session ID: a33f7bb1536b592aa9496be90c033887
2025-02-04 13:15:17 [main] INFO  l.i.u.t.SubmittedApplicationsPageTest - Marking 'Taip' radio button 12
2025-02-04 13:15:27 [main] DEBUG l.i.u.t.SubmittedApplicationsPageTest - Checked 'ConfirmationStepFour'
2025-02-04 13:15:27 [main] DEBUG l.i.u.t.SubmittedApplicationsPageTest - Clicked 'Next' button after checkboxes.
2025-02-04 13:15:27 [main] INFO  l.i.u.p.SubmittedApplicationsPage - File uploaded successfully to an input element.
2025-02-04 13:15:27 [main] INFO  l.i.u.p.SubmittedApplicationsPage - File uploaded successfully to an input element.
2025-02-04 13:15:27 [main] INFO  l.i.u.p.SubmittedApplicationsPage - File uploaded successfully to an input element.
2025-02-04 13:15:28 [main] INFO  l.i.u.p.SubmittedApplicationsPage - File uploaded successfully to an input element.
2025-02-04 13:15:28 [main] INFO  l.i.u.p.SubmittedApplicationsPage - File uploaded successfully to an input element.
2025-02-04 13:15:28 [main] INFO  l.i.u.p.SubmittedApplicationsPage - File uploaded successfully to an input element.
2025-02-04 13:15:28 [main] INFO  l.i.u.p.SubmittedApplicationsPage - File uploaded successfully to an input element.
2025-02-04 13:15:28 [main] INFO  l.i.u.p.SubmittedApplicationsPage - File uploaded successfully to an input element.
2025-02-04 13:15:28 [main] DEBUG l.i.u.t.SubmittedApplicationsPageTest - Entered program name: 'Dokumentas 1'.
2025-02-04 13:15:28 [main] DEBUG l.i.u.t.SubmittedApplicationsPageTest - Entered program name: 'Dokumentas 2'.
2025-02-04 13:15:28 [main] DEBUG l.i.u.t.SubmittedApplicationsPageTest - Entered program name: 'Dokumentas 3'.
2025-02-04 13:15:29 [main] DEBUG l.i.u.t.SubmittedApplicationsPageTest - Entered program name: 'Dokumentas 4'.
2025-02-04 13:15:29 [main] DEBUG l.i.u.t.SubmittedApplicationsPageTest - Entered program name: 'Dokumentas 5'.
2025-02-04 13:15:29 [main] DEBUG l.i.u.t.SubmittedApplicationsPageTest - Entered program name: 'Dokumentas 6'.
2025-02-04 13:15:29 [main] DEBUG l.i.u.t.SubmittedApplicationsPageTest - Entered program name: 'Dokumentas 4'.
2025-02-04 13:15:29 [main] DEBUG l.i.u.t.SubmittedApplicationsPageTest - Entered program name: 'Dokumentas 8'.
2025-02-04 13:15:39 [main] DEBUG l.i.u.t.SubmittedApplicationsPageTest - Checked 'ConfirmationDocument'
2025-02-04 13:15:49 [main] DEBUG l.i.u.t.SubmittedApplicationsPageTest - Checked 'ConfirmationApplication'
2025-02-04 13:15:50 [main] DEBUG l.i.u.t.SubmittedApplicationsPageTest - Clicked 'Review' button after checkboxes.
2025-02-04 13:15:50 [main] DEBUG l.i.u.t.SubmittedApplicationsPageTest - Clicked 'SaveDraft' button after checkboxes.
2025-02-04 13:15:50 [main] DEBUG l.i.u.t.SubmittedApplicationsPageTest - Clicked 'Submit' button after checkboxes.
2025-02-04 13:15:50 [main] INFO  l.i.u.t.SubmittedApplicationsPageTest - Test 'testFillNewApplication' completed successfully.
2025-02-04 13:46:49 [main] INFO  lt.insoft.uztis.tests.UztisPageTest - Navigated to https://uztisdev.asseco.lt/home
2025-02-04 13:46:49 [main] INFO  l.i.u.t.SubmittedApplicationsPageTest - Starting test:'testFillNewApplication'
2025-02-04 13:46:50 [main] DEBUG l.i.u.t.SubmittedApplicationsPageTest - User logged in with test credentials.
2025-02-04 13:46:50 [main] DEBUG l.i.u.t.SubmittedApplicationsPageTest - Opened 'Application Processing' menu.
2025-02-04 13:46:50 [main] DEBUG l.i.u.t.SubmittedApplicationsPageTest - Clicked on 'Application Forms' menu.
2025-02-04 13:46:50 [main] DEBUG l.i.u.t.SubmittedApplicationsPageTest - Retrieved last description code text: 'TST-VUI-27'.
2025-02-04 13:46:51 [main] DEBUG l.i.u.t.SubmittedApplicationsPageTest - Clicked on 'Invitation' menu.
2025-02-04 13:46:51 [main] DEBUG l.i.u.t.SubmittedApplicationsPageTest - Selected application section by code: 'TST-VUI-27'.
2025-02-04 13:46:51 [main] DEBUG l.i.u.t.SubmittedApplicationsPageTest - Clicked 'Search' button.
2025-02-04 13:46:51 [main] DEBUG l.i.u.t.SubmittedApplicationsPageTest - Retrieved invitation code: ''.
2025-02-04 13:46:52 [main] DEBUG l.i.u.t.SubmittedApplicationsPageTest - Clicked on 'Submitted Applications' menu.
2025-02-04 13:46:52 [main] DEBUG l.i.u.t.SubmittedApplicationsPageTest - Selected invitation by code: 'TST-VUI-27'.
2025-02-04 13:46:52 [main] DEBUG l.i.u.t.SubmittedApplicationsPageTest - Invitation code inserted.
2025-02-04 13:46:53 [main] DEBUG l.i.u.t.SubmittedApplicationsPageTest - Clicked on 'Action Application' button.
2025-02-04 13:46:53 [main] DEBUG l.i.u.t.SubmittedApplicationsPageTest - Clicked on 'New Application' button.
2025-02-04 13:46:53 [main] DEBUG l.i.u.t.SubmittedApplicationsPageTest - Selected the 'RadioButtonFA' option.
2025-02-04 13:46:54 [main] DEBUG l.i.u.t.SubmittedApplicationsPageTest - Entered phone number: '61298745'.
2025-02-04 13:46:54 [main] DEBUG l.i.u.t.SubmittedApplicationsPageTest - Entered email: 'test@autotest.com'.
2025-02-04 13:46:54 [main] INFO  l.i.u.p.SubmittedApplicationsPage - Located the dropdown button.
2025-02-04 13:47:13 [main] INFO  l.i.u.p.SubmittedApplicationsPage - Found 1741 options in the dropdown.
2025-02-04 13:47:14 [main] INFO  l.i.u.p.SubmittedApplicationsPage - Successfully selected the value: '01.11 - Grūdinių (išskyrus ryžius), ankštinių ir aliejingų sėklų augalų auginimas'
2025-02-04 13:47:24 [main] ERROR l.i.u.p.SubmittedApplicationsPage - Failed to close the dropdown with aria-expanded = 'false'. Attempting manual close.
2025-02-04 13:47:24 [main] INFO  l.i.u.p.SubmittedApplicationsPage - Manual close attempt for the dropdown using body click.
2025-02-04 13:47:24 [main] DEBUG l.i.u.t.SubmittedApplicationsPageTest - Selected EVRK value: '01.11 - Grūdinių (išskyrus ryžius), ankštinių ir aliejingų sėklų augalų auginimas'.
2025-02-04 13:47:24 [main] DEBUG l.i.u.t.SubmittedApplicationsPageTest - Entered address: 'Vilniaus m. sav., Vilnius, Testo g. 10T'.
2025-02-04 13:47:25 [main] DEBUG l.i.u.t.SubmittedApplicationsPageTest - Entered project date.
2025-02-04 13:47:25 [main] DEBUG l.i.u.t.SubmittedApplicationsPageTest - Entered job count: '1'.
2025-02-04 13:47:25 [main] DEBUG l.i.u.t.SubmittedApplicationsPageTest - Clicked 'Next' button.
2025-02-04 13:47:25 [main] INFO  l.i.u.p.SubmittedApplicationsPage - Located the dropdown button.
2025-02-04 13:47:26 [main] INFO  l.i.u.p.SubmittedApplicationsPage - Successfully selected the value: 'Administratoriai'
2025-02-04 13:47:57 [main] ERROR l.i.u.p.SubmittedApplicationsPage - Timeout while waiting for dropdown to close with aria-expanded = 'false'.
2025-02-04 13:47:57 [main] DEBUG l.i.u.t.SubmittedApplicationsPageTest - Selected job name: 'Administratoriai'.
2025-02-04 13:47:57 [main] DEBUG l.i.u.t.SubmittedApplicationsPageTest - Entered job function: 'Funkcija 1'.
2025-02-04 13:47:57 [main] DEBUG l.i.u.t.SubmittedApplicationsPageTest - Selected 'RadioButtonWithDisabilities' option.
2025-02-04 13:47:57 [main] INFO  l.i.u.p.SubmittedApplicationsPage - Clicking on the dropdown button.
2025-02-04 13:47:58 [main] INFO  l.i.u.p.SubmittedApplicationsPage - Found 34 options in the dropdown.
2025-02-04 13:47:58 [main] DEBUG l.i.u.p.SubmittedApplicationsPage - Checking option: 'Asmenys, kuriems suteiktas pabėgėlio statusas ar perkeliamojo asmens statusas, arba asmenys, kuriems suteikta papildoma ar laikinoji apsauga, ir asmenys, turintys teisę gauti laikinąją apsaugą, iki sprendimo dėl laikinosios apsaugos suteikimo (nesuteikimo) priėmimo, tačiau ne ilgiau kaip laikinosios apsaugos laikotarpiu'
2025-02-04 13:47:58 [main] DEBUG l.i.u.p.SubmittedApplicationsPage - Checking option: 'Asmenys, kuriems suteiktas pabėgėlio statusas ar perkeliamojo asmens statusas, arba asmenys, kuriems suteikta papildoma ar laikinoji apsauga, ir asmenys, turintys teisę gauti laikinąją apsaugą, iki sprendimo dėl laikinosios apsaugos suteikimo (nesuteikimo) priėmimo, tačiau ne ilgiau kaip laikinosios apsaugos laikotarpiu'
2025-02-04 13:47:58 [main] DEBUG l.i.u.p.SubmittedApplicationsPage - Checking option: 'Asmenys, turintys teisę į papildomas užimtumo garantijas pagal Lietuvos Respublikos valstybės įmonės Ignalinos atominės elektrinės darbuotojų papildomų užimtumo ir socialinių garantijų įstatymą'
2025-02-04 13:47:58 [main] DEBUG l.i.u.p.SubmittedApplicationsPage - Checking option: 'Asmenys, turintys teisę į papildomas užimtumo garantijas pagal Lietuvos Respublikos valstybės įmonės Ignalinos atominės elektrinės darbuotojų papildomų užimtumo ir socialinių garantijų įstatymą'
2025-02-04 13:47:58 [main] DEBUG l.i.u.p.SubmittedApplicationsPage - Checking option: 'Bedarbiai iki 29 metų'
2025-02-04 13:47:58 [main] DEBUG l.i.u.p.SubmittedApplicationsPage - Checking option: 'Bedarbiai iki 29 metų'
2025-02-04 13:47:58 [main] DEBUG l.i.u.p.SubmittedApplicationsPage - Checking option: 'Bedarbiai, kurie yra darbingo amžiaus neįgalieji, kuriems nustatytas 30–40 procentų darbingumo lygis arba vidutinis neįgalumo lygis'
2025-02-04 13:47:58 [main] DEBUG l.i.u.p.SubmittedApplicationsPage - Checking option: 'Bedarbiai, kurie yra darbingo amžiaus neįgalieji, kuriems nustatytas 30–40 procentų darbingumo lygis arba vidutinis neįgalumo lygis'
2025-02-04 13:47:58 [main] DEBUG l.i.u.p.SubmittedApplicationsPage - Checking option: 'Bedarbiai, kurie yra darbingo amžiaus neįgalieji, kuriems nustatytas 45–55 procentų darbingumo lygis arba lengvas neįgalumo lygis'
2025-02-04 13:47:58 [main] DEBUG l.i.u.p.SubmittedApplicationsPage - Checking option: 'Bedarbiai, kurie yra darbingo amžiaus neįgalieji, kuriems nustatytas 45–55 procentų darbingumo lygis arba lengvas neįgalumo lygis'
2025-02-04 13:47:58 [main] DEBUG l.i.u.p.SubmittedApplicationsPage - Checking option: 'Bedarbiai, kurie yra darbingo amžiaus neįgalieji, kuriems nustatytas iki 25 procentų darbingumo lygis arba sunkus neįgalumo lygis'
2025-02-04 13:47:58 [main] INFO  l.i.u.p.SubmittedApplicationsPage - Successfully selected the value: 'Bedarbiai, kurie yra darbingo amžiaus neįgalieji, kuriems nustatytas iki 25 procentų darbingumo lygis arba sunkus neįgalumo lygis'
2025-02-04 13:47:58 [main] INFO  l.i.u.p.SubmittedApplicationsPage - Attempting to close the dropdown.
2025-02-04 13:48:08 [main] INFO  l.i.u.p.SubmittedApplicationsPage - Dropdown should be closed now.
2025-02-04 13:48:08 [main] DEBUG l.i.u.t.SubmittedApplicationsPageTest - Selected disabilities type: 'Bedarbiai, kurie yra darbingo amžiaus neįgalieji, kuriems nustatytas iki 25 procentų darbingumo lygis arba sunkus neįgalumo lygis'.
2025-02-04 13:48:09 [main] DEBUG l.i.u.t.SubmittedApplicationsPageTest - Entered disability information: 'Negalia 1'.
2025-02-04 13:48:09 [main] INFO  l.i.u.p.SubmittedApplicationsPage - Located the dropdown button.
2025-02-04 13:48:09 [main] INFO  l.i.u.p.SubmittedApplicationsPage - Successfully selected the value: 'Kita'
2025-02-04 13:48:19 [main] ERROR l.i.u.p.SubmittedApplicationsPage - Timeout while waiting for dropdown to close with aria-expanded = 'false'.
2025-02-04 13:48:19 [main] DEBUG l.i.u.t.SubmittedApplicationsPageTest - Selected time mode: 'Kita'.
2025-02-04 13:48:20 [main] DEBUG l.i.u.t.SubmittedApplicationsPageTest - Selected time mode other: '6 val. per dieną ir 4 d. per savaitę'.
2025-02-04 13:48:20 [main] DEBUG l.i.u.t.SubmittedApplicationsPageTest - Entered qualification: 'Kvalifikacija 1'.
2025-02-04 13:48:20 [main] DEBUG l.i.u.t.SubmittedApplicationsPageTest - Entered job date.
2025-02-04 13:48:20 [main] DEBUG l.i.u.t.SubmittedApplicationsPageTest - Entered salary amount: '1200'.
2025-02-04 13:48:20 [main] DEBUG l.i.u.t.SubmittedApplicationsPageTest - Selected 'Temporary Job' radio button.
2025-02-04 13:48:20 [main] DEBUG l.i.u.t.SubmittedApplicationsPageTest - Selected 'Season Job' radio button.
2025-02-04 13:48:20 [main] DEBUG l.i.u.t.SubmittedApplicationsPageTest - Selected 'Energy' radio button.
2025-02-04 13:48:21 [main] DEBUG l.i.u.t.SubmittedApplicationsPageTest - Selected 'Repair' radio button.
2025-02-04 13:48:21 [main] DEBUG l.i.u.t.SubmittedApplicationsPageTest - Entered job description: 'Veikla 1'.
2025-02-04 13:48:21 [main] DEBUG l.i.u.t.SubmittedApplicationsPageTest - Entered process description: 'Procesas 1'.
2025-02-04 13:48:21 [main] DEBUG l.i.u.t.SubmittedApplicationsPageTest - Entered energy information: 'Energija 1'.
2025-02-04 13:48:21 [main] DEBUG l.i.u.t.SubmittedApplicationsPageTest - Entered repair information: 'Remontas 1'.
2025-02-04 13:48:21 [main] DEBUG l.i.u.t.SubmittedApplicationsPageTest - Selected 'PVM' radio button.
2025-02-04 13:48:21 [main] INFO  l.i.u.p.SubmittedApplicationsPage - Located the dropdown button.
2025-02-04 13:48:22 [main] INFO  l.i.u.p.SubmittedApplicationsPage - Successfully selected the value: 'Įsigyti'
2025-02-04 13:48:43 [main] ERROR l.i.u.p.SubmittedApplicationsPage - Timeout while waiting for dropdown to close with aria-expanded = 'false'.
2025-02-04 13:48:43 [main] DEBUG l.i.u.t.SubmittedApplicationsPageTest - Selected necessary for job: 'Įsigyti'.
2025-02-04 13:48:43 [main] DEBUG l.i.u.t.SubmittedApplicationsPageTest - Selected tool: 'Darbo priemonė 1'.
2025-02-04 13:48:43 [main] DEBUG l.i.u.t.SubmittedApplicationsPageTest - Selected tool parameter one: 'Darbo priemonės 1 parametras 1'.
2025-02-04 13:48:43 [main] DEBUG l.i.u.t.SubmittedApplicationsPageTest - Selected tool parameter two: 'Darbo priemonės 1 parametras 2'.
2025-02-04 13:48:43 [main] DEBUG l.i.u.t.SubmittedApplicationsPageTest - Selected tool parameter three: 'Darbo priemonės 1 parametras 3'.
2025-02-04 13:48:43 [main] DEBUG l.i.u.t.SubmittedApplicationsPageTest - Entered tool count: '1'.
2025-02-04 13:48:44 [main] DEBUG l.i.u.t.SubmittedApplicationsPageTest - Entered price amount: '1000'.
2025-02-04 13:48:44 [main] DEBUG l.i.u.t.SubmittedApplicationsPageTest - Entered own funds amount: '800'.
2025-02-04 13:48:44 [main] DEBUG l.i.u.t.SubmittedApplicationsPageTest - Entered country percentage: '50'.
2025-02-04 13:48:44 [main] DEBUG l.i.u.t.SubmittedApplicationsPageTest - Entered institution percentage: '50'.
2025-02-04 13:48:44 [main] DEBUG l.i.u.t.SubmittedApplicationsPageTest - Entered municipality percentage: '50'.
2025-02-04 13:48:44 [main] DEBUG l.i.u.t.SubmittedApplicationsPageTest - Selected 'De Minimis' radio button.
2025-02-04 13:48:45 [main] DEBUG l.i.u.t.SubmittedApplicationsPageTest - Entered program name: 'Programa 1'.
2025-02-04 13:48:45 [main] DEBUG l.i.u.t.SubmittedApplicationsPageTest - Entered project date from.
2025-02-04 13:48:45 [main] DEBUG l.i.u.t.SubmittedApplicationsPageTest - Entered project date until.
2025-02-04 13:48:45 [main] DEBUG l.i.u.t.SubmittedApplicationsPageTest - Entered support amount: '2000'.
2025-02-04 13:48:45 [main] DEBUG l.i.u.t.SubmittedApplicationsPageTest - Clicked 'Next' button.
2025-02-04 13:48:55 [main] DEBUG l.i.u.t.SubmittedApplicationsPageTest - Checked 'Legal Entities' checkbox 1.
2025-02-04 13:49:06 [main] DEBUG l.i.u.t.SubmittedApplicationsPageTest - Checked 'Legal Entities' checkbox 2.
2025-02-04 13:49:16 [main] DEBUG l.i.u.t.SubmittedApplicationsPageTest - Checked 'Legal Entities' checkbox 3.
2025-02-04 13:49:16 [main] DEBUG l.i.u.t.SubmittedApplicationsPageTest - Test finished: All 'Legal Entities' checkboxes checked successfully.
2025-02-04 13:49:16 [main] DEBUG l.i.u.t.SubmittedApplicationsPageTest - Clicked 'Next' button after checkboxes.
2025-02-04 13:49:26 [main] ERROR l.i.u.p.SubmittedApplicationsPage - Error selecting radio button: Expected condition failed: waiting for element to be clickable: By.xpath: (//input[@type='radio' and @value='false'])[8] (tried for 10 second(s) with 500 milliseconds interval)
Build info: version: '4.27.0', revision: 'd6e718d134'
System info: os.name: 'Windows 11', os.arch: 'amd64', os.version: '10.0', java.version: '21.0.3'
Driver info: org.openqa.selenium.chrome.ChromeDriver
Capabilities {acceptInsecureCerts: false, browserName: chrome, browserVersion: 132.0.6834.160, chrome: {chromedriverVersion: 132.0.6834.159 (2d77d3fc445..., userDataDir: C:\Users\INGRID~1.ZAD\AppDa...}, fedcm:accounts: true, goog:chromeOptions: {debuggerAddress: localhost:53003}, networkConnectionEnabled: false, pageLoadStrategy: normal, platformName: windows, proxy: Proxy(), se:cdp: ws://localhost:53003/devtoo..., se:cdpVersion: 132.0.6834.160, setWindowRect: true, strictFileInteractability: false, timeouts: {implicit: 0, pageLoad: 300000, script: 30000}, unhandledPromptBehavior: dismiss and notify, webauthn:extension:credBlob: true, webauthn:extension:largeBlob: true, webauthn:extension:minPinLength: true, webauthn:extension:prf: true, webauthn:virtualAuthenticators: true}
Session ID: 2866b2fbf05babdfeec78e23ba0d77a9
2025-02-04 13:49:26 [main] INFO  l.i.u.t.SubmittedApplicationsPageTest - Marking 'Ne' radio button 1
2025-02-04 13:49:36 [main] ERROR l.i.u.p.SubmittedApplicationsPage - Error selecting radio button: Expected condition failed: waiting for element to be clickable: By.xpath: (//input[@type='radio' and @value='false'])[9] (tried for 10 second(s) with 500 milliseconds interval)
Build info: version: '4.27.0', revision: 'd6e718d134'
System info: os.name: 'Windows 11', os.arch: 'amd64', os.version: '10.0', java.version: '21.0.3'
Driver info: org.openqa.selenium.chrome.ChromeDriver
Capabilities {acceptInsecureCerts: false, browserName: chrome, browserVersion: 132.0.6834.160, chrome: {chromedriverVersion: 132.0.6834.159 (2d77d3fc445..., userDataDir: C:\Users\INGRID~1.ZAD\AppDa...}, fedcm:accounts: true, goog:chromeOptions: {debuggerAddress: localhost:53003}, networkConnectionEnabled: false, pageLoadStrategy: normal, platformName: windows, proxy: Proxy(), se:cdp: ws://localhost:53003/devtoo..., se:cdpVersion: 132.0.6834.160, setWindowRect: true, strictFileInteractability: false, timeouts: {implicit: 0, pageLoad: 300000, script: 30000}, unhandledPromptBehavior: dismiss and notify, webauthn:extension:credBlob: true, webauthn:extension:largeBlob: true, webauthn:extension:minPinLength: true, webauthn:extension:prf: true, webauthn:virtualAuthenticators: true}
Session ID: 2866b2fbf05babdfeec78e23ba0d77a9
2025-02-04 13:49:36 [main] INFO  l.i.u.t.SubmittedApplicationsPageTest - Marking 'Ne' radio button 2
2025-02-04 13:49:46 [main] ERROR l.i.u.p.SubmittedApplicationsPage - Error selecting radio button: Expected condition failed: waiting for element to be clickable: By.xpath: (//input[@type='radio' and @value='false'])[10] (tried for 10 second(s) with 500 milliseconds interval)
Build info: version: '4.27.0', revision: 'd6e718d134'
System info: os.name: 'Windows 11', os.arch: 'amd64', os.version: '10.0', java.version: '21.0.3'
Driver info: org.openqa.selenium.chrome.ChromeDriver
Capabilities {acceptInsecureCerts: false, browserName: chrome, browserVersion: 132.0.6834.160, chrome: {chromedriverVersion: 132.0.6834.159 (2d77d3fc445..., userDataDir: C:\Users\INGRID~1.ZAD\AppDa...}, fedcm:accounts: true, goog:chromeOptions: {debuggerAddress: localhost:53003}, networkConnectionEnabled: false, pageLoadStrategy: normal, platformName: windows, proxy: Proxy(), se:cdp: ws://localhost:53003/devtoo..., se:cdpVersion: 132.0.6834.160, setWindowRect: true, strictFileInteractability: false, timeouts: {implicit: 0, pageLoad: 300000, script: 30000}, unhandledPromptBehavior: dismiss and notify, webauthn:extension:credBlob: true, webauthn:extension:largeBlob: true, webauthn:extension:minPinLength: true, webauthn:extension:prf: true, webauthn:virtualAuthenticators: true}
Session ID: 2866b2fbf05babdfeec78e23ba0d77a9
2025-02-04 13:49:46 [main] INFO  l.i.u.t.SubmittedApplicationsPageTest - Marking 'Ne' radio button 3
2025-02-04 13:49:56 [main] ERROR l.i.u.p.SubmittedApplicationsPage - Error selecting radio button: Expected condition failed: waiting for element to be clickable: By.xpath: (//input[@type='radio' and @value='false'])[11] (tried for 10 second(s) with 500 milliseconds interval)
Build info: version: '4.27.0', revision: 'd6e718d134'
System info: os.name: 'Windows 11', os.arch: 'amd64', os.version: '10.0', java.version: '21.0.3'
Driver info: org.openqa.selenium.chrome.ChromeDriver
Capabilities {acceptInsecureCerts: false, browserName: chrome, browserVersion: 132.0.6834.160, chrome: {chromedriverVersion: 132.0.6834.159 (2d77d3fc445..., userDataDir: C:\Users\INGRID~1.ZAD\AppDa...}, fedcm:accounts: true, goog:chromeOptions: {debuggerAddress: localhost:53003}, networkConnectionEnabled: false, pageLoadStrategy: normal, platformName: windows, proxy: Proxy(), se:cdp: ws://localhost:53003/devtoo..., se:cdpVersion: 132.0.6834.160, setWindowRect: true, strictFileInteractability: false, timeouts: {implicit: 0, pageLoad: 300000, script: 30000}, unhandledPromptBehavior: dismiss and notify, webauthn:extension:credBlob: true, webauthn:extension:largeBlob: true, webauthn:extension:minPinLength: true, webauthn:extension:prf: true, webauthn:virtualAuthenticators: true}
Session ID: 2866b2fbf05babdfeec78e23ba0d77a9
2025-02-04 13:49:57 [main] INFO  l.i.u.t.SubmittedApplicationsPageTest - Marking 'Ne' radio button 4
2025-02-04 13:50:07 [main] ERROR l.i.u.p.SubmittedApplicationsPage - Error selecting radio button: Expected condition failed: waiting for element to be clickable: By.xpath: (//input[@type='radio' and @value='false'])[12] (tried for 10 second(s) with 500 milliseconds interval)
Build info: version: '4.27.0', revision: 'd6e718d134'
System info: os.name: 'Windows 11', os.arch: 'amd64', os.version: '10.0', java.version: '21.0.3'
Driver info: org.openqa.selenium.chrome.ChromeDriver
Capabilities {acceptInsecureCerts: false, browserName: chrome, browserVersion: 132.0.6834.160, chrome: {chromedriverVersion: 132.0.6834.159 (2d77d3fc445..., userDataDir: C:\Users\INGRID~1.ZAD\AppDa...}, fedcm:accounts: true, goog:chromeOptions: {debuggerAddress: localhost:53003}, networkConnectionEnabled: false, pageLoadStrategy: normal, platformName: windows, proxy: Proxy(), se:cdp: ws://localhost:53003/devtoo..., se:cdpVersion: 132.0.6834.160, setWindowRect: true, strictFileInteractability: false, timeouts: {implicit: 0, pageLoad: 300000, script: 30000}, unhandledPromptBehavior: dismiss and notify, webauthn:extension:credBlob: true, webauthn:extension:largeBlob: true, webauthn:extension:minPinLength: true, webauthn:extension:prf: true, webauthn:virtualAuthenticators: true}
Session ID: 2866b2fbf05babdfeec78e23ba0d77a9
2025-02-04 13:50:07 [main] INFO  l.i.u.t.SubmittedApplicationsPageTest - Marking 'Ne' radio button 5
2025-02-04 13:50:17 [main] ERROR l.i.u.p.SubmittedApplicationsPage - Error selecting radio button: Expected condition failed: waiting for element to be clickable: By.xpath: (//input[@type='radio' and @value='false'])[13] (tried for 10 second(s) with 500 milliseconds interval)
Build info: version: '4.27.0', revision: 'd6e718d134'
System info: os.name: 'Windows 11', os.arch: 'amd64', os.version: '10.0', java.version: '21.0.3'
Driver info: org.openqa.selenium.chrome.ChromeDriver
Capabilities {acceptInsecureCerts: false, browserName: chrome, browserVersion: 132.0.6834.160, chrome: {chromedriverVersion: 132.0.6834.159 (2d77d3fc445..., userDataDir: C:\Users\INGRID~1.ZAD\AppDa...}, fedcm:accounts: true, goog:chromeOptions: {debuggerAddress: localhost:53003}, networkConnectionEnabled: false, pageLoadStrategy: normal, platformName: windows, proxy: Proxy(), se:cdp: ws://localhost:53003/devtoo..., se:cdpVersion: 132.0.6834.160, setWindowRect: true, strictFileInteractability: false, timeouts: {implicit: 0, pageLoad: 300000, script: 30000}, unhandledPromptBehavior: dismiss and notify, webauthn:extension:credBlob: true, webauthn:extension:largeBlob: true, webauthn:extension:minPinLength: true, webauthn:extension:prf: true, webauthn:virtualAuthenticators: true}
Session ID: 2866b2fbf05babdfeec78e23ba0d77a9
2025-02-04 13:50:17 [main] INFO  l.i.u.t.SubmittedApplicationsPageTest - Marking 'Ne' radio button 6
2025-02-04 13:50:27 [main] ERROR l.i.u.p.SubmittedApplicationsPage - Error selecting radio button: Expected condition failed: waiting for element to be clickable: By.xpath: (//input[@type='radio' and @value='true'])[14] (tried for 10 second(s) with 500 milliseconds interval)
Build info: version: '4.27.0', revision: 'd6e718d134'
System info: os.name: 'Windows 11', os.arch: 'amd64', os.version: '10.0', java.version: '21.0.3'
Driver info: org.openqa.selenium.chrome.ChromeDriver
Capabilities {acceptInsecureCerts: false, browserName: chrome, browserVersion: 132.0.6834.160, chrome: {chromedriverVersion: 132.0.6834.159 (2d77d3fc445..., userDataDir: C:\Users\INGRID~1.ZAD\AppDa...}, fedcm:accounts: true, goog:chromeOptions: {debuggerAddress: localhost:53003}, networkConnectionEnabled: false, pageLoadStrategy: normal, platformName: windows, proxy: Proxy(), se:cdp: ws://localhost:53003/devtoo..., se:cdpVersion: 132.0.6834.160, setWindowRect: true, strictFileInteractability: false, timeouts: {implicit: 0, pageLoad: 300000, script: 30000}, unhandledPromptBehavior: dismiss and notify, webauthn:extension:credBlob: true, webauthn:extension:largeBlob: true, webauthn:extension:minPinLength: true, webauthn:extension:prf: true, webauthn:virtualAuthenticators: true}
Session ID: 2866b2fbf05babdfeec78e23ba0d77a9
2025-02-04 13:50:27 [main] INFO  l.i.u.t.SubmittedApplicationsPageTest - Marking 'Taip' radio button 7
2025-02-04 13:50:37 [main] ERROR l.i.u.p.SubmittedApplicationsPage - Error selecting radio button: Expected condition failed: waiting for element to be clickable: By.xpath: (//input[@type='radio' and @value='true'])[15] (tried for 10 second(s) with 500 milliseconds interval)
Build info: version: '4.27.0', revision: 'd6e718d134'
System info: os.name: 'Windows 11', os.arch: 'amd64', os.version: '10.0', java.version: '21.0.3'
Driver info: org.openqa.selenium.chrome.ChromeDriver
Capabilities {acceptInsecureCerts: false, browserName: chrome, browserVersion: 132.0.6834.160, chrome: {chromedriverVersion: 132.0.6834.159 (2d77d3fc445..., userDataDir: C:\Users\INGRID~1.ZAD\AppDa...}, fedcm:accounts: true, goog:chromeOptions: {debuggerAddress: localhost:53003}, networkConnectionEnabled: false, pageLoadStrategy: normal, platformName: windows, proxy: Proxy(), se:cdp: ws://localhost:53003/devtoo..., se:cdpVersion: 132.0.6834.160, setWindowRect: true, strictFileInteractability: false, timeouts: {implicit: 0, pageLoad: 300000, script: 30000}, unhandledPromptBehavior: dismiss and notify, webauthn:extension:credBlob: true, webauthn:extension:largeBlob: true, webauthn:extension:minPinLength: true, webauthn:extension:prf: true, webauthn:virtualAuthenticators: true}
Session ID: 2866b2fbf05babdfeec78e23ba0d77a9
2025-02-04 13:50:37 [main] INFO  l.i.u.t.SubmittedApplicationsPageTest - Marking 'Taip' radio button 8
2025-02-04 13:50:47 [main] ERROR l.i.u.p.SubmittedApplicationsPage - Error selecting radio button: Expected condition failed: waiting for element to be clickable: By.xpath: (//input[@type='radio' and @value='true'])[16] (tried for 10 second(s) with 500 milliseconds interval)
Build info: version: '4.27.0', revision: 'd6e718d134'
System info: os.name: 'Windows 11', os.arch: 'amd64', os.version: '10.0', java.version: '21.0.3'
Driver info: org.openqa.selenium.chrome.ChromeDriver
Capabilities {acceptInsecureCerts: false, browserName: chrome, browserVersion: 132.0.6834.160, chrome: {chromedriverVersion: 132.0.6834.159 (2d77d3fc445..., userDataDir: C:\Users\INGRID~1.ZAD\AppDa...}, fedcm:accounts: true, goog:chromeOptions: {debuggerAddress: localhost:53003}, networkConnectionEnabled: false, pageLoadStrategy: normal, platformName: windows, proxy: Proxy(), se:cdp: ws://localhost:53003/devtoo..., se:cdpVersion: 132.0.6834.160, setWindowRect: true, strictFileInteractability: false, timeouts: {implicit: 0, pageLoad: 300000, script: 30000}, unhandledPromptBehavior: dismiss and notify, webauthn:extension:credBlob: true, webauthn:extension:largeBlob: true, webauthn:extension:minPinLength: true, webauthn:extension:prf: true, webauthn:virtualAuthenticators: true}
Session ID: 2866b2fbf05babdfeec78e23ba0d77a9
2025-02-04 13:50:47 [main] INFO  l.i.u.t.SubmittedApplicationsPageTest - Marking 'Taip' radio button 9
2025-02-04 13:50:57 [main] ERROR l.i.u.p.SubmittedApplicationsPage - Error selecting radio button: Expected condition failed: waiting for element to be clickable: By.xpath: (//input[@type='radio' and @value='true'])[17] (tried for 10 second(s) with 500 milliseconds interval)
Build info: version: '4.27.0', revision: 'd6e718d134'
System info: os.name: 'Windows 11', os.arch: 'amd64', os.version: '10.0', java.version: '21.0.3'
Driver info: org.openqa.selenium.chrome.ChromeDriver
Capabilities {acceptInsecureCerts: false, browserName: chrome, browserVersion: 132.0.6834.160, chrome: {chromedriverVersion: 132.0.6834.159 (2d77d3fc445..., userDataDir: C:\Users\INGRID~1.ZAD\AppDa...}, fedcm:accounts: true, goog:chromeOptions: {debuggerAddress: localhost:53003}, networkConnectionEnabled: false, pageLoadStrategy: normal, platformName: windows, proxy: Proxy(), se:cdp: ws://localhost:53003/devtoo..., se:cdpVersion: 132.0.6834.160, setWindowRect: true, strictFileInteractability: false, timeouts: {implicit: 0, pageLoad: 300000, script: 30000}, unhandledPromptBehavior: dismiss and notify, webauthn:extension:credBlob: true, webauthn:extension:largeBlob: true, webauthn:extension:minPinLength: true, webauthn:extension:prf: true, webauthn:virtualAuthenticators: true}
Session ID: 2866b2fbf05babdfeec78e23ba0d77a9
2025-02-04 13:50:57 [main] INFO  l.i.u.t.SubmittedApplicationsPageTest - Marking 'Taip' radio button 10
2025-02-04 13:51:07 [main] ERROR l.i.u.p.SubmittedApplicationsPage - Error selecting radio button: Expected condition failed: waiting for element to be clickable: By.xpath: (//input[@type='radio' and @value='true'])[18] (tried for 10 second(s) with 500 milliseconds interval)
Build info: version: '4.27.0', revision: 'd6e718d134'
System info: os.name: 'Windows 11', os.arch: 'amd64', os.version: '10.0', java.version: '21.0.3'
Driver info: org.openqa.selenium.chrome.ChromeDriver
Capabilities {acceptInsecureCerts: false, browserName: chrome, browserVersion: 132.0.6834.160, chrome: {chromedriverVersion: 132.0.6834.159 (2d77d3fc445..., userDataDir: C:\Users\INGRID~1.ZAD\AppDa...}, fedcm:accounts: true, goog:chromeOptions: {debuggerAddress: localhost:53003}, networkConnectionEnabled: false, pageLoadStrategy: normal, platformName: windows, proxy: Proxy(), se:cdp: ws://localhost:53003/devtoo..., se:cdpVersion: 132.0.6834.160, setWindowRect: true, strictFileInteractability: false, timeouts: {implicit: 0, pageLoad: 300000, script: 30000}, unhandledPromptBehavior: dismiss and notify, webauthn:extension:credBlob: true, webauthn:extension:largeBlob: true, webauthn:extension:minPinLength: true, webauthn:extension:prf: true, webauthn:virtualAuthenticators: true}
Session ID: 2866b2fbf05babdfeec78e23ba0d77a9
2025-02-04 13:51:07 [main] INFO  l.i.u.t.SubmittedApplicationsPageTest - Marking 'Taip' radio button 11
2025-02-04 13:51:17 [main] ERROR l.i.u.p.SubmittedApplicationsPage - Error selecting radio button: Expected condition failed: waiting for element to be clickable: By.xpath: (//input[@type='radio' and @value='true'])[19] (tried for 10 second(s) with 500 milliseconds interval)
Build info: version: '4.27.0', revision: 'd6e718d134'
System info: os.name: 'Windows 11', os.arch: 'amd64', os.version: '10.0', java.version: '21.0.3'
Driver info: org.openqa.selenium.chrome.ChromeDriver
Capabilities {acceptInsecureCerts: false, browserName: chrome, browserVersion: 132.0.6834.160, chrome: {chromedriverVersion: 132.0.6834.159 (2d77d3fc445..., userDataDir: C:\Users\INGRID~1.ZAD\AppDa...}, fedcm:accounts: true, goog:chromeOptions: {debuggerAddress: localhost:53003}, networkConnectionEnabled: false, pageLoadStrategy: normal, platformName: windows, proxy: Proxy(), se:cdp: ws://localhost:53003/devtoo..., se:cdpVersion: 132.0.6834.160, setWindowRect: true, strictFileInteractability: false, timeouts: {implicit: 0, pageLoad: 300000, script: 30000}, unhandledPromptBehavior: dismiss and notify, webauthn:extension:credBlob: true, webauthn:extension:largeBlob: true, webauthn:extension:minPinLength: true, webauthn:extension:prf: true, webauthn:virtualAuthenticators: true}
Session ID: 2866b2fbf05babdfeec78e23ba0d77a9
2025-02-04 13:51:17 [main] INFO  l.i.u.t.SubmittedApplicationsPageTest - Marking 'Taip' radio button 12
2025-02-04 13:51:27 [main] DEBUG l.i.u.t.SubmittedApplicationsPageTest - Checked 'ConfirmationStepFour'
2025-02-04 13:51:28 [main] DEBUG l.i.u.t.SubmittedApplicationsPageTest - Clicked 'Next' button after checkboxes.
2025-02-04 13:51:28 [main] INFO  l.i.u.p.SubmittedApplicationsPage - File uploaded successfully to an input element.
2025-02-04 13:51:28 [main] INFO  l.i.u.p.SubmittedApplicationsPage - File uploaded successfully to an input element.
2025-02-04 13:51:28 [main] INFO  l.i.u.p.SubmittedApplicationsPage - File uploaded successfully to an input element.
2025-02-04 13:51:28 [main] INFO  l.i.u.p.SubmittedApplicationsPage - File uploaded successfully to an input element.
2025-02-04 13:51:28 [main] INFO  l.i.u.p.SubmittedApplicationsPage - File uploaded successfully to an input element.
2025-02-04 13:51:28 [main] INFO  l.i.u.p.SubmittedApplicationsPage - File uploaded successfully to an input element.
2025-02-04 13:51:28 [main] INFO  l.i.u.p.SubmittedApplicationsPage - File uploaded successfully to an input element.
2025-02-04 13:51:28 [main] INFO  l.i.u.p.SubmittedApplicationsPage - File uploaded successfully to an input element.
2025-02-04 13:51:28 [main] DEBUG l.i.u.t.SubmittedApplicationsPageTest - Entered program name: 'Dokumentas 1'.
2025-02-04 13:51:29 [main] DEBUG l.i.u.t.SubmittedApplicationsPageTest - Entered program name: 'Dokumentas 2'.
2025-02-04 13:51:29 [main] DEBUG l.i.u.t.SubmittedApplicationsPageTest - Entered program name: 'Dokumentas 3'.
2025-02-04 13:51:29 [main] DEBUG l.i.u.t.SubmittedApplicationsPageTest - Entered program name: 'Dokumentas 4'.
2025-02-04 13:51:29 [main] DEBUG l.i.u.t.SubmittedApplicationsPageTest - Entered program name: 'Dokumentas 5'.
2025-02-04 13:51:29 [main] DEBUG l.i.u.t.SubmittedApplicationsPageTest - Entered program name: 'Dokumentas 6'.
2025-02-04 13:51:29 [main] DEBUG l.i.u.t.SubmittedApplicationsPageTest - Entered program name: 'Dokumentas 4'.
2025-02-04 13:51:30 [main] DEBUG l.i.u.t.SubmittedApplicationsPageTest - Entered program name: 'Dokumentas 8'.
2025-02-04 13:51:40 [main] DEBUG l.i.u.t.SubmittedApplicationsPageTest - Checked 'ConfirmationDocument'
2025-02-04 13:51:50 [main] DEBUG l.i.u.t.SubmittedApplicationsPageTest - Checked 'ConfirmationApplication'
2025-02-04 13:51:50 [main] DEBUG l.i.u.t.SubmittedApplicationsPageTest - Clicked 'Review' button after checkboxes.
2025-02-04 13:51:50 [main] DEBUG l.i.u.t.SubmittedApplicationsPageTest - Clicked 'SaveDraft' button after checkboxes.
2025-02-04 13:51:50 [main] DEBUG l.i.u.t.SubmittedApplicationsPageTest - Verified success message: 'Ruošinys sėkmingai išsaugotas.'
2025-02-04 13:51:50 [main] DEBUG l.i.u.t.SubmittedApplicationsPageTest - Clicked 'Submit' button after checkboxes.
2025-02-04 13:51:50 [main] DEBUG l.i.u.t.SubmittedApplicationsPageTest - Clicked 'SubmitConfirmation' button after checkboxes.
2025-02-04 13:51:50 [main] ERROR l.i.u.t.SubmittedApplicationsPageTest - Test 'testFillNewApplication' failed with error: Expected message not found: Paraiška sėkmingai pateikta ir užregistruota.. ==> expected: <true> but was: <false>
org.opentest4j.AssertionFailedError: Expected message not found: Paraiška sėkmingai pateikta ir užregistruota.. ==> expected: <true> but was: <false>
	at org.junit.jupiter.api.AssertionFailureBuilder.build(AssertionFailureBuilder.java:151)
	at org.junit.jupiter.api.AssertionFailureBuilder.buildAndThrow(AssertionFailureBuilder.java:132)
	at org.junit.jupiter.api.AssertTrue.failNotTrue(AssertTrue.java:63)
	at org.junit.jupiter.api.AssertTrue.assertTrue(AssertTrue.java:36)
	at org.junit.jupiter.api.Assertions.assertTrue(Assertions.java:210)
	at lt.insoft.uztis.tests.SubmittedApplicationsPageTest.verifySuccessMessage(SubmittedApplicationsPageTest.java:72)
	at lt.insoft.uztis.tests.SubmittedApplicationsPageTest.testFillNewApplication(SubmittedApplicationsPageTest.java:424)
	at java.base/jdk.internal.reflect.DirectMethodHandleAccessor.invoke(DirectMethodHandleAccessor.java:103)
	at java.base/java.lang.reflect.Method.invoke(Method.java:580)
	at org.junit.platform.commons.util.ReflectionUtils.invokeMethod(ReflectionUtils.java:728)
	at org.junit.jupiter.engine.execution.MethodInvocation.proceed(MethodInvocation.java:60)
	at org.junit.jupiter.engine.execution.InvocationInterceptorChain$ValidatingInvocation.proceed(InvocationInterceptorChain.java:131)
	at org.junit.jupiter.engine.extension.TimeoutExtension.intercept(TimeoutExtension.java:156)
	at org.junit.jupiter.engine.extension.TimeoutExtension.interceptTestableMethod(TimeoutExtension.java:147)
	at org.junit.jupiter.engine.extension.TimeoutExtension.interceptTestMethod(TimeoutExtension.java:86)
	at org.junit.jupiter.engine.execution.InterceptingExecutableInvoker$ReflectiveInterceptorCall.lambda$ofVoidMethod$0(InterceptingExecutableInvoker.java:103)
	at org.junit.jupiter.engine.execution.InterceptingExecutableInvoker.lambda$invoke$0(InterceptingExecutableInvoker.java:93)
	at org.junit.jupiter.engine.execution.InvocationInterceptorChain$InterceptedInvocation.proceed(InvocationInterceptorChain.java:106)
	at org.junit.jupiter.engine.execution.InvocationInterceptorChain.proceed(InvocationInterceptorChain.java:64)
	at org.junit.jupiter.engine.execution.InvocationInterceptorChain.chainAndInvoke(InvocationInterceptorChain.java:45)
	at org.junit.jupiter.engine.execution.InvocationInterceptorChain.invoke(InvocationInterceptorChain.java:37)
	at org.junit.jupiter.engine.execution.InterceptingExecutableInvoker.invoke(InterceptingExecutableInvoker.java:92)
	at org.junit.jupiter.engine.execution.InterceptingExecutableInvoker.invoke(InterceptingExecutableInvoker.java:86)
	at org.junit.jupiter.engine.descriptor.TestMethodTestDescriptor.lambda$invokeTestMethod$7(TestMethodTestDescriptor.java:218)
	at org.junit.platform.engine.support.hierarchical.ThrowableCollector.execute(ThrowableCollector.java:73)
	at org.junit.jupiter.engine.descriptor.TestMethodTestDescriptor.invokeTestMethod(TestMethodTestDescriptor.java:214)
	at org.junit.jupiter.engine.descriptor.TestMethodTestDescriptor.execute(TestMethodTestDescriptor.java:139)
	at org.junit.jupiter.engine.descriptor.TestMethodTestDescriptor.execute(TestMethodTestDescriptor.java:69)
	at org.junit.platform.engine.support.hierarchical.NodeTestTask.lambda$executeRecursively$6(NodeTestTask.java:151)
	at org.junit.platform.engine.support.hierarchical.ThrowableCollector.execute(ThrowableCollector.java:73)
	at org.junit.platform.engine.support.hierarchical.NodeTestTask.lambda$executeRecursively$8(NodeTestTask.java:141)
	at org.junit.platform.engine.support.hierarchical.Node.around(Node.java:137)
	at org.junit.platform.engine.support.hierarchical.NodeTestTask.lambda$executeRecursively$9(NodeTestTask.java:139)
	at org.junit.platform.engine.support.hierarchical.ThrowableCollector.execute(ThrowableCollector.java:73)
	at org.junit.platform.engine.support.hierarchical.NodeTestTask.executeRecursively(NodeTestTask.java:138)
	at org.junit.platform.engine.support.hierarchical.NodeTestTask.execute(NodeTestTask.java:95)
	at java.base/java.util.ArrayList.forEach(ArrayList.java:1596)
	at org.junit.platform.engine.support.hierarchical.SameThreadHierarchicalTestExecutorService.invokeAll(SameThreadHierarchicalTestExecutorService.java:41)
	at org.junit.platform.engine.support.hierarchical.NodeTestTask.lambda$executeRecursively$6(NodeTestTask.java:155)
	at org.junit.platform.engine.support.hierarchical.ThrowableCollector.execute(ThrowableCollector.java:73)
	at org.junit.platform.engine.support.hierarchical.NodeTestTask.lambda$executeRecursively$8(NodeTestTask.java:141)
	at org.junit.platform.engine.support.hierarchical.Node.around(Node.java:137)
	at org.junit.platform.engine.support.hierarchical.NodeTestTask.lambda$executeRecursively$9(NodeTestTask.java:139)
	at org.junit.platform.engine.support.hierarchical.ThrowableCollector.execute(ThrowableCollector.java:73)
	at org.junit.platform.engine.support.hierarchical.NodeTestTask.executeRecursively(NodeTestTask.java:138)
	at org.junit.platform.engine.support.hierarchical.NodeTestTask.execute(NodeTestTask.java:95)
	at java.base/java.util.ArrayList.forEach(ArrayList.java:1596)
	at org.junit.platform.engine.support.hierarchical.SameThreadHierarchicalTestExecutorService.invokeAll(SameThreadHierarchicalTestExecutorService.java:41)
	at org.junit.platform.engine.support.hierarchical.NodeTestTask.lambda$executeRecursively$6(NodeTestTask.java:155)
	at org.junit.platform.engine.support.hierarchical.ThrowableCollector.execute(ThrowableCollector.java:73)
	at org.junit.platform.engine.support.hierarchical.NodeTestTask.lambda$executeRecursively$8(NodeTestTask.java:141)
	at org.junit.platform.engine.support.hierarchical.Node.around(Node.java:137)
	at org.junit.platform.engine.support.hierarchical.NodeTestTask.lambda$executeRecursively$9(NodeTestTask.java:139)
	at org.junit.platform.engine.support.hierarchical.ThrowableCollector.execute(ThrowableCollector.java:73)
	at org.junit.platform.engine.support.hierarchical.NodeTestTask.executeRecursively(NodeTestTask.java:138)
	at org.junit.platform.engine.support.hierarchical.NodeTestTask.execute(NodeTestTask.java:95)
	at org.junit.platform.engine.support.hierarchical.SameThreadHierarchicalTestExecutorService.submit(SameThreadHierarchicalTestExecutorService.java:35)
	at org.junit.platform.engine.support.hierarchical.HierarchicalTestExecutor.execute(HierarchicalTestExecutor.java:57)
	at org.junit.platform.engine.support.hierarchical.HierarchicalTestEngine.execute(HierarchicalTestEngine.java:54)
	at org.junit.platform.launcher.core.EngineExecutionOrchestrator.execute(EngineExecutionOrchestrator.java:198)
	at org.junit.platform.launcher.core.EngineExecutionOrchestrator.execute(EngineExecutionOrchestrator.java:169)
	at org.junit.platform.launcher.core.EngineExecutionOrchestrator.execute(EngineExecutionOrchestrator.java:93)
	at org.junit.platform.launcher.core.EngineExecutionOrchestrator.lambda$execute$0(EngineExecutionOrchestrator.java:58)
	at org.junit.platform.launcher.core.EngineExecutionOrchestrator.withInterceptedStreams(EngineExecutionOrchestrator.java:141)
	at org.junit.platform.launcher.core.EngineExecutionOrchestrator.execute(EngineExecutionOrchestrator.java:57)
	at org.junit.platform.launcher.core.DefaultLauncher.execute(DefaultLauncher.java:103)
	at org.junit.platform.launcher.core.DefaultLauncher.execute(DefaultLauncher.java:85)
	at org.junit.platform.launcher.core.DelegatingLauncher.execute(DelegatingLauncher.java:47)
	at org.junit.platform.launcher.core.SessionPerRequestLauncher.execute(SessionPerRequestLauncher.java:63)
	at com.intellij.junit5.JUnit5IdeaTestRunner.startRunnerWithArgs(JUnit5IdeaTestRunner.java:57)
	at com.intellij.rt.junit.IdeaTestRunner$Repeater$1.execute(IdeaTestRunner.java:38)
	at com.intellij.rt.execution.junit.TestsRepeater.repeat(TestsRepeater.java:11)
	at com.intellij.rt.junit.IdeaTestRunner$Repeater.startRunnerWithArgs(IdeaTestRunner.java:35)
	at com.intellij.rt.junit.JUnitStarter.prepareStreamsAndStart(JUnitStarter.java:232)
	at com.intellij.rt.junit.JUnitStarter.main(JUnitStarter.java:55)
2025-02-04 13:51:51 [main] INFO  l.insoft.uztis.tests.utils.TestUtils - Screenshot moved to C:\Users\ingrida.zadorozniene\Desktop\Asm\UZTIS\UZTIS_tests\test-output\screenshots\20250204\135151207_testFillNewApplication().png
2025-02-04 14:19:24 [main] INFO  lt.insoft.uztis.tests.UztisPageTest - Navigated to https://uztisdev.asseco.lt/home
2025-02-04 14:19:24 [main] INFO  l.i.u.tests.ApplicationFormsPageTest - Setup complete. ApplicationFormsPage initialized.
2025-02-04 14:19:24 [main] INFO  l.i.u.tests.ApplicationFormsPageTest - Starting test:'testCreateNewDvpApplication'
2025-02-04 14:19:24 [main] DEBUG l.i.u.tests.ApplicationFormsPageTest - User logged in with test credentials
2025-02-04 14:19:25 [main] DEBUG l.i.u.tests.ApplicationFormsPageTest - Opened 'Application Processing' menu.
2025-02-04 14:19:25 [main] DEBUG l.i.u.tests.ApplicationFormsPageTest - Clicked on 'Application Forms' menu.
2025-02-04 14:19:26 [main] DEBUG l.i.u.tests.ApplicationFormsPageTest - Clicked to create a new application form.
2025-02-04 14:19:26 [main] DEBUG l.i.u.tests.ApplicationFormsPageTest - Entered random application code: TST-DVP-73
2025-02-04 14:19:26 [main] DEBUG l.i.u.tests.ApplicationFormsPageTest - Selected 'Municipality' radio button.
2025-02-04 14:19:26 [main] INFO  l.i.uztis.pages.ApplicationFormsPage - Located the dropdown button.
2025-02-04 14:19:26 [main] INFO  l.i.uztis.pages.ApplicationFormsPage - Successfully selected the value: 'Kauno departamentas'
2025-02-04 14:19:37 [main] ERROR l.i.uztis.pages.ApplicationFormsPage - Failed to close the dropdown with aria-expanded = 'false'.
2025-02-04 14:19:37 [main] DEBUG l.i.u.tests.ApplicationFormsPageTest - Selected a value from the 'Municipality' dropdown: 'Kauno departamentas'
2025-02-04 14:19:37 [main] DEBUG l.i.u.tests.ApplicationFormsPageTest - Selected 'Budget By Country' radio button.
2025-02-04 14:19:37 [main] DEBUG l.i.u.tests.ApplicationFormsPageTest - Selected 'Financed Without Queue' option.
2025-02-04 14:19:37 [main] INFO  l.i.uztis.pages.ApplicationFormsPage - Located the dropdown button.
2025-02-04 14:19:38 [main] INFO  l.i.uztis.pages.ApplicationFormsPage - Successfully selected the value: 'DVP paraiškos vertinimo forma - I etapas'
2025-02-04 14:19:48 [main] ERROR l.i.uztis.pages.ApplicationFormsPage - Failed to close the dropdown with aria-expanded = 'false'.
2025-02-04 14:19:48 [main] DEBUG l.i.u.tests.ApplicationFormsPageTest - Selected a value from the 'EvaluationOne' dropdown: 'DVP paraiškos vertinimo forma - I etapas'
2025-02-04 14:19:48 [main] DEBUG l.i.u.tests.ApplicationFormsPageTest - Clicked 'Plus' button.
2025-02-04 14:19:49 [main] DEBUG l.i.u.tests.ApplicationFormsPageTest - Clicked 'Add' button seven times.
2025-02-04 14:19:49 [main] INFO  l.i.uztis.pages.ApplicationFormsPage - Processing dropdown index: 0
2025-02-04 14:19:59 [main] ERROR l.i.uztis.pages.ApplicationFormsPage - Timeout while waiting for dropdown to close at index: 0 with aria-expanded = 'false'
2025-02-04 14:19:59 [main] INFO  l.i.uztis.pages.ApplicationFormsPage - Processing dropdown index: 1
2025-02-04 14:20:10 [main] ERROR l.i.uztis.pages.ApplicationFormsPage - Timeout while waiting for dropdown to close at index: 1 with aria-expanded = 'false'
2025-02-04 14:20:10 [main] INFO  l.i.uztis.pages.ApplicationFormsPage - Processing dropdown index: 2
2025-02-04 14:20:20 [main] ERROR l.i.uztis.pages.ApplicationFormsPage - Timeout while waiting for dropdown to close at index: 2 with aria-expanded = 'false'
2025-02-04 14:20:20 [main] INFO  l.i.uztis.pages.ApplicationFormsPage - Processing dropdown index: 3
2025-02-04 14:20:30 [main] ERROR l.i.uztis.pages.ApplicationFormsPage - Timeout while waiting for dropdown to close at index: 3 with aria-expanded = 'false'
2025-02-04 14:20:30 [main] INFO  l.i.uztis.pages.ApplicationFormsPage - Processing dropdown index: 4
2025-02-04 14:20:41 [main] ERROR l.i.uztis.pages.ApplicationFormsPage - Timeout while waiting for dropdown to close at index: 4 with aria-expanded = 'false'
2025-02-04 14:20:41 [main] INFO  l.i.uztis.pages.ApplicationFormsPage - Processing dropdown index: 5
2025-02-04 14:20:52 [main] ERROR l.i.uztis.pages.ApplicationFormsPage - Timeout while waiting for dropdown to close at index: 5 with aria-expanded = 'false'
2025-02-04 14:20:52 [main] INFO  l.i.uztis.pages.ApplicationFormsPage - Processing dropdown index: 6
2025-02-04 14:21:02 [main] ERROR l.i.uztis.pages.ApplicationFormsPage - Timeout while waiting for dropdown to close at index: 6 with aria-expanded = 'false'
2025-02-04 14:21:02 [main] INFO  l.i.uztis.pages.ApplicationFormsPage - Processing dropdown index: 7
2025-02-04 14:21:14 [main] ERROR l.i.uztis.pages.ApplicationFormsPage - Timeout while waiting for dropdown to close at index: 7 with aria-expanded = 'false'
2025-02-04 14:21:14 [main] INFO  l.i.uztis.pages.ApplicationFormsPage - Processing input field index: 0
2025-02-04 14:21:14 [main] INFO  l.i.uztis.pages.ApplicationFormsPage - Entered value '50' into field index: 0
2025-02-04 14:21:14 [main] INFO  l.i.uztis.pages.ApplicationFormsPage - Processing input field index: 1
2025-02-04 14:21:14 [main] INFO  l.i.uztis.pages.ApplicationFormsPage - Entered value '924' into field index: 1
2025-02-04 14:21:14 [main] INFO  l.i.uztis.pages.ApplicationFormsPage - Processing input field index: 2
2025-02-04 14:21:14 [main] INFO  l.i.uztis.pages.ApplicationFormsPage - Entered value '31' into field index: 2
2025-02-04 14:21:14 [main] INFO  l.i.uztis.pages.ApplicationFormsPage - Processing input field index: 3
2025-02-04 14:21:14 [main] INFO  l.i.uztis.pages.ApplicationFormsPage - Entered value '4.7' into field index: 3
2025-02-04 14:21:14 [main] INFO  l.i.uztis.pages.ApplicationFormsPage - Processing input field index: 4
2025-02-04 14:21:14 [main] INFO  l.i.uztis.pages.ApplicationFormsPage - Entered value '35' into field index: 4
2025-02-04 14:21:14 [main] INFO  l.i.uztis.pages.ApplicationFormsPage - Processing input field index: 5
2025-02-04 14:21:14 [main] INFO  l.i.uztis.pages.ApplicationFormsPage - Entered value '20' into field index: 5
2025-02-04 14:21:14 [main] INFO  l.i.uztis.pages.ApplicationFormsPage - Processing input field index: 6
2025-02-04 14:21:15 [main] INFO  l.i.uztis.pages.ApplicationFormsPage - Entered value '30' into field index: 6
2025-02-04 14:21:15 [main] INFO  l.i.uztis.pages.ApplicationFormsPage - Processing input field index: 7
2025-02-04 14:21:15 [main] INFO  l.i.uztis.pages.ApplicationFormsPage - Entered value '60' into field index: 7
2025-02-04 14:21:15 [main] DEBUG l.i.u.tests.ApplicationFormsPageTest - Entered additional values and text.
2025-02-04 14:21:15 [main] DEBUG l.i.u.tests.ApplicationFormsPageTest - Entered application name: DVP paraiška
2025-02-04 14:21:15 [main] DEBUG l.i.u.tests.ApplicationFormsPageTest - Clicked the 'Save' button.
2025-02-04 14:21:15 [main] INFO  l.i.u.tests.ApplicationFormsPageTest - Verified success message: 'Duomenys sėkmingai išsaugoti.'
2025-02-04 14:21:15 [main] INFO  l.i.u.tests.ApplicationFormsPageTest - Verified that the 'Save Form' button is displayed.
2025-02-04 14:21:15 [main] INFO  l.i.u.tests.ApplicationFormsPageTest - Test 'testCreateNewDvpApplication' completed successfully.
2025-02-04 14:26:16 [main] INFO  lt.insoft.uztis.tests.UztisPageTest - Navigated to https://uztisdev.asseco.lt/home
2025-02-04 14:26:16 [main] INFO  l.i.uztis.tests.InvitationsPageTest - Starting test:'testCreateNewDvpInvitation'
2025-02-04 14:26:16 [main] DEBUG l.i.uztis.tests.InvitationsPageTest - User logged in with test credentials
2025-02-04 14:26:17 [main] DEBUG l.i.uztis.tests.InvitationsPageTest - Opened 'Application Processing' menu.
2025-02-04 14:26:17 [main] DEBUG l.i.uztis.tests.InvitationsPageTest - Clicked on 'Application Forms' menu.
2025-02-04 14:26:17 [main] DEBUG l.i.uztis.tests.InvitationsPageTest - Navigating to application forms menu.
2025-02-04 14:26:18 [main] DEBUG l.i.uztis.tests.InvitationsPageTest - Retrieved last description code text: 'TST-DVP-73'.
2025-02-04 14:26:18 [main] DEBUG l.i.uztis.tests.InvitationsPageTest - Clicked on 'Invitation' menu.
2025-02-04 14:26:18 [main] DEBUG l.i.uztis.tests.InvitationsPageTest - Clicked 'Create New Application Form'.
2025-02-04 14:26:19 [main] DEBUG l.i.uztis.tests.InvitationsPageTest - Selected section by code: 'TST-DVP-73'.
2025-02-04 14:26:19 [main] INFO  l.insoft.uztis.pages.InvitationsPage - Located the dropdown button.
2025-02-04 14:26:30 [main] ERROR l.insoft.uztis.pages.InvitationsPage - Timeout while waiting for dropdown to close with aria-expanded = 'false'.
2025-02-04 14:26:30 [main] DEBUG l.i.uztis.tests.InvitationsPageTest - Selected invitation number from the list.
2025-02-04 14:26:30 [main] DEBUG l.i.uztis.tests.InvitationsPageTest - Entered current date.
2025-02-04 14:26:31 [main] DEBUG l.i.uztis.tests.InvitationsPageTest - Entered start time: 00:00.
2025-02-04 14:26:31 [main] DEBUG l.i.uztis.tests.InvitationsPageTest - Entered end date.
2025-02-04 14:26:31 [main] DEBUG l.i.uztis.tests.InvitationsPageTest - Entered end time: 11:11.
2025-02-04 14:26:32 [main] DEBUG l.i.uztis.tests.InvitationsPageTest - Entered publication end date.
2025-02-04 14:26:32 [main] DEBUG l.i.uztis.tests.InvitationsPageTest - Added additional values.
2025-02-04 14:26:32 [main] INFO  l.insoft.uztis.pages.InvitationsPage - Located the dropdown button.
2025-02-04 14:26:32 [main] DEBUG l.i.uztis.tests.InvitationsPageTest - Selected the value: 'Didžiausia galima paramos suma aplinkos darbo vietai, Eur'
2025-02-04 14:26:32 [main] INFO  l.insoft.uztis.pages.InvitationsPage - Located the dropdown button.
2025-02-04 14:26:33 [main] DEBUG l.i.uztis.tests.InvitationsPageTest - Selected the value: 'Didžiausia galima paramos suma, Eur'
2025-02-04 14:26:33 [main] INFO  l.insoft.uztis.pages.InvitationsPage - Located the dropdown button.
2025-02-04 14:26:33 [main] DEBUG l.i.uztis.tests.InvitationsPageTest - Selected the value: 'Didžiausia galima paramos suma vienai darbo vietai, Eur'
2025-02-04 14:26:34 [main] DEBUG l.i.uztis.tests.InvitationsPageTest - Entered value: 11000
2025-02-04 14:26:34 [main] DEBUG l.i.uztis.tests.InvitationsPageTest - Entered value: 12000
2025-02-04 14:26:34 [main] DEBUG l.i.uztis.tests.InvitationsPageTest - Entered value: 13000
2025-02-04 14:26:34 [main] DEBUG l.i.uztis.tests.InvitationsPageTest - Checked 'Legal Entities' checkbox.
2025-02-04 14:26:34 [main] DEBUG l.i.uztis.tests.InvitationsPageTest - Unchecked 'Persons Registered with Employment Service' checkbox.
2025-02-04 14:26:34 [main] DEBUG l.i.uztis.tests.InvitationsPageTest - Checked 'Persons Registered as Employers' checkbox.
2025-02-04 14:26:34 [main] DEBUG l.i.uztis.tests.InvitationsPageTest - Entered budget: '2000'.
2025-02-04 14:26:35 [main] DEBUG l.i.uztis.tests.InvitationsPageTest - Entered description text: 'Aprašo tekstas'.
2025-02-04 14:26:35 [main] DEBUG l.i.uztis.tests.InvitationsPageTest - Entered applicants text: 'Pareiškėjų tekstas'.
2025-02-04 14:26:35 [main] DEBUG l.i.uztis.tests.InvitationsPageTest - Entered expenditures text: 'Išlaidų tekstas'.
2025-02-04 14:26:35 [main] DEBUG l.i.uztis.tests.InvitationsPageTest - Entered legislation text: 'Teisės aktų tekstas'.
2025-02-04 14:26:35 [main] DEBUG l.i.uztis.tests.InvitationsPageTest - Entered education text: 'Mokymų tekstas'.
2025-02-04 14:26:35 [main] DEBUG l.i.uztis.tests.InvitationsPageTest - File uploaded.
2025-02-04 14:26:35 [main] DEBUG l.i.uztis.tests.InvitationsPageTest - Clicked 'Publish'.
2025-02-04 14:26:35 [main] DEBUG l.i.uztis.tests.InvitationsPageTest - Publication confirmed.
2025-02-04 14:26:37 [main] DEBUG l.insoft.uztis.pages.InvitationsPage - Verified success message: 'Funkcija sėkmingai atlikta.'
2025-02-04 14:26:37 [main] INFO  l.i.uztis.tests.InvitationsPageTest - Test 'testCreateNewDvpInvitation' completed successfully.
2025-02-04 15:07:14 [main] INFO  lt.insoft.uztis.tests.UztisPageTest - Navigated to https://uztisdev.asseco.lt/home
2025-02-04 15:07:14 [main] INFO  l.i.u.t.SubmittedApplicationsPageTest - Starting test:'testFillNewDVPApplication'
2025-02-04 15:07:14 [main] DEBUG l.i.u.t.SubmittedApplicationsPageTest - User logged in with test credentials.
2025-02-04 15:07:15 [main] DEBUG l.i.u.t.SubmittedApplicationsPageTest - Opened 'Application Processing' menu.
2025-02-04 15:07:15 [main] DEBUG l.i.u.t.SubmittedApplicationsPageTest - Clicked on 'Application Forms' menu.
2025-02-04 15:07:15 [main] DEBUG l.i.u.t.SubmittedApplicationsPageTest - Retrieved last description code text: 'TST-DVP-73'.
2025-02-04 15:07:15 [main] DEBUG l.i.u.t.SubmittedApplicationsPageTest - Clicked on 'Invitation' menu.
2025-02-04 15:07:16 [main] DEBUG l.i.u.t.SubmittedApplicationsPageTest - Selected application section by code: 'TST-DVP-73'.
2025-02-04 15:07:16 [main] DEBUG l.i.u.t.SubmittedApplicationsPageTest - Clicked 'Search' button.
2025-02-04 15:07:16 [main] DEBUG l.i.u.t.SubmittedApplicationsPageTest - Retrieved invitation code: ''.
2025-02-04 15:07:16 [main] DEBUG l.i.u.t.SubmittedApplicationsPageTest - Clicked on 'Submitted Applications' menu.
2025-02-04 15:07:17 [main] DEBUG l.i.u.t.SubmittedApplicationsPageTest - Selected invitation by code: 'TST-DVP-73'.
2025-02-04 15:07:17 [main] DEBUG l.i.u.t.SubmittedApplicationsPageTest - Invitation code inserted.
2025-02-04 15:07:17 [main] DEBUG l.i.u.t.SubmittedApplicationsPageTest - Clicked on 'Action Application' button.
2025-02-04 15:07:18 [main] DEBUG l.i.u.t.SubmittedApplicationsPageTest - Clicked on 'New Application' button.
2025-02-04 15:07:18 [main] DEBUG l.i.u.t.SubmittedApplicationsPageTest - Selected the 'RadioButtonFA' option.
2025-02-04 15:07:18 [main] DEBUG l.i.u.t.SubmittedApplicationsPageTest - Entered phone number: '61298745'.
2025-02-04 15:07:18 [main] DEBUG l.i.u.t.SubmittedApplicationsPageTest - Entered email: 'test@autotest.com'.
2025-02-04 15:07:29 [main] DEBUG l.i.u.t.SubmittedApplicationsPageTest - Checked 'For workplace adaptation' checkbox 1.
2025-02-04 15:07:39 [main] DEBUG l.i.u.t.SubmittedApplicationsPageTest - Checked 'For environmental adaptation' checkbox 2.
2025-02-04 15:07:39 [main] INFO  l.i.u.p.SubmittedApplicationsPage - Located the dropdown button.
2025-02-04 15:07:59 [main] ERROR l.i.u.p.SubmittedApplicationsPage - Error selecting value from the list: Expected condition failed: waiting for element to be clickable: Proxy element for: DefaultElementLocator 'By.xpath: //mat-label[contains(text(), 'Projekto teikėjo planuojama vykdyti veikla, kuriai prašoma subsidija, kodas pagal EVRK')]' (tried for 10 second(s) with 500 milliseconds interval)
2025-02-04 15:07:59 [main] ERROR l.i.u.t.SubmittedApplicationsPageTest - Test 'testFillNewDVPApplication' failed with error: Failed to select from the list
java.lang.RuntimeException: Failed to select from the list
	at lt.insoft.uztis.pages.SubmittedApplicationsPage.selectValueByListEVRK(SubmittedApplicationsPage.java:365)
	at lt.insoft.uztis.tests.SubmittedApplicationsPageTest.testFillNewDVPApplication(SubmittedApplicationsPageTest.java:475)
	at java.base/jdk.internal.reflect.DirectMethodHandleAccessor.invoke(DirectMethodHandleAccessor.java:103)
	at java.base/java.lang.reflect.Method.invoke(Method.java:580)
	at org.junit.platform.commons.util.ReflectionUtils.invokeMethod(ReflectionUtils.java:728)
	at org.junit.jupiter.engine.execution.MethodInvocation.proceed(MethodInvocation.java:60)
	at org.junit.jupiter.engine.execution.InvocationInterceptorChain$ValidatingInvocation.proceed(InvocationInterceptorChain.java:131)
	at org.junit.jupiter.engine.extension.TimeoutExtension.intercept(TimeoutExtension.java:156)
	at org.junit.jupiter.engine.extension.TimeoutExtension.interceptTestableMethod(TimeoutExtension.java:147)
	at org.junit.jupiter.engine.extension.TimeoutExtension.interceptTestMethod(TimeoutExtension.java:86)
	at org.junit.jupiter.engine.execution.InterceptingExecutableInvoker$ReflectiveInterceptorCall.lambda$ofVoidMethod$0(InterceptingExecutableInvoker.java:103)
	at org.junit.jupiter.engine.execution.InterceptingExecutableInvoker.lambda$invoke$0(InterceptingExecutableInvoker.java:93)
	at org.junit.jupiter.engine.execution.InvocationInterceptorChain$InterceptedInvocation.proceed(InvocationInterceptorChain.java:106)
	at org.junit.jupiter.engine.execution.InvocationInterceptorChain.proceed(InvocationInterceptorChain.java:64)
	at org.junit.jupiter.engine.execution.InvocationInterceptorChain.chainAndInvoke(InvocationInterceptorChain.java:45)
	at org.junit.jupiter.engine.execution.InvocationInterceptorChain.invoke(InvocationInterceptorChain.java:37)
	at org.junit.jupiter.engine.execution.InterceptingExecutableInvoker.invoke(InterceptingExecutableInvoker.java:92)
	at org.junit.jupiter.engine.execution.InterceptingExecutableInvoker.invoke(InterceptingExecutableInvoker.java:86)
	at org.junit.jupiter.engine.descriptor.TestMethodTestDescriptor.lambda$invokeTestMethod$7(TestMethodTestDescriptor.java:218)
	at org.junit.platform.engine.support.hierarchical.ThrowableCollector.execute(ThrowableCollector.java:73)
	at org.junit.jupiter.engine.descriptor.TestMethodTestDescriptor.invokeTestMethod(TestMethodTestDescriptor.java:214)
	at org.junit.jupiter.engine.descriptor.TestMethodTestDescriptor.execute(TestMethodTestDescriptor.java:139)
	at org.junit.jupiter.engine.descriptor.TestMethodTestDescriptor.execute(TestMethodTestDescriptor.java:69)
	at org.junit.platform.engine.support.hierarchical.NodeTestTask.lambda$executeRecursively$6(NodeTestTask.java:151)
	at org.junit.platform.engine.support.hierarchical.ThrowableCollector.execute(ThrowableCollector.java:73)
	at org.junit.platform.engine.support.hierarchical.NodeTestTask.lambda$executeRecursively$8(NodeTestTask.java:141)
	at org.junit.platform.engine.support.hierarchical.Node.around(Node.java:137)
	at org.junit.platform.engine.support.hierarchical.NodeTestTask.lambda$executeRecursively$9(NodeTestTask.java:139)
	at org.junit.platform.engine.support.hierarchical.ThrowableCollector.execute(ThrowableCollector.java:73)
	at org.junit.platform.engine.support.hierarchical.NodeTestTask.executeRecursively(NodeTestTask.java:138)
	at org.junit.platform.engine.support.hierarchical.NodeTestTask.execute(NodeTestTask.java:95)
	at java.base/java.util.ArrayList.forEach(ArrayList.java:1596)
	at org.junit.platform.engine.support.hierarchical.SameThreadHierarchicalTestExecutorService.invokeAll(SameThreadHierarchicalTestExecutorService.java:41)
	at org.junit.platform.engine.support.hierarchical.NodeTestTask.lambda$executeRecursively$6(NodeTestTask.java:155)
	at org.junit.platform.engine.support.hierarchical.ThrowableCollector.execute(ThrowableCollector.java:73)
	at org.junit.platform.engine.support.hierarchical.NodeTestTask.lambda$executeRecursively$8(NodeTestTask.java:141)
	at org.junit.platform.engine.support.hierarchical.Node.around(Node.java:137)
	at org.junit.platform.engine.support.hierarchical.NodeTestTask.lambda$executeRecursively$9(NodeTestTask.java:139)
	at org.junit.platform.engine.support.hierarchical.ThrowableCollector.execute(ThrowableCollector.java:73)
	at org.junit.platform.engine.support.hierarchical.NodeTestTask.executeRecursively(NodeTestTask.java:138)
	at org.junit.platform.engine.support.hierarchical.NodeTestTask.execute(NodeTestTask.java:95)
	at java.base/java.util.ArrayList.forEach(ArrayList.java:1596)
	at org.junit.platform.engine.support.hierarchical.SameThreadHierarchicalTestExecutorService.invokeAll(SameThreadHierarchicalTestExecutorService.java:41)
	at org.junit.platform.engine.support.hierarchical.NodeTestTask.lambda$executeRecursively$6(NodeTestTask.java:155)
	at org.junit.platform.engine.support.hierarchical.ThrowableCollector.execute(ThrowableCollector.java:73)
	at org.junit.platform.engine.support.hierarchical.NodeTestTask.lambda$executeRecursively$8(NodeTestTask.java:141)
	at org.junit.platform.engine.support.hierarchical.Node.around(Node.java:137)
	at org.junit.platform.engine.support.hierarchical.NodeTestTask.lambda$executeRecursively$9(NodeTestTask.java:139)
	at org.junit.platform.engine.support.hierarchical.ThrowableCollector.execute(ThrowableCollector.java:73)
	at org.junit.platform.engine.support.hierarchical.NodeTestTask.executeRecursively(NodeTestTask.java:138)
	at org.junit.platform.engine.support.hierarchical.NodeTestTask.execute(NodeTestTask.java:95)
	at org.junit.platform.engine.support.hierarchical.SameThreadHierarchicalTestExecutorService.submit(SameThreadHierarchicalTestExecutorService.java:35)
	at org.junit.platform.engine.support.hierarchical.HierarchicalTestExecutor.execute(HierarchicalTestExecutor.java:57)
	at org.junit.platform.engine.support.hierarchical.HierarchicalTestEngine.execute(HierarchicalTestEngine.java:54)
	at org.junit.platform.launcher.core.EngineExecutionOrchestrator.execute(EngineExecutionOrchestrator.java:198)
	at org.junit.platform.launcher.core.EngineExecutionOrchestrator.execute(EngineExecutionOrchestrator.java:169)
	at org.junit.platform.launcher.core.EngineExecutionOrchestrator.execute(EngineExecutionOrchestrator.java:93)
	at org.junit.platform.launcher.core.EngineExecutionOrchestrator.lambda$execute$0(EngineExecutionOrchestrator.java:58)
	at org.junit.platform.launcher.core.EngineExecutionOrchestrator.withInterceptedStreams(EngineExecutionOrchestrator.java:141)
	at org.junit.platform.launcher.core.EngineExecutionOrchestrator.execute(EngineExecutionOrchestrator.java:57)
	at org.junit.platform.launcher.core.DefaultLauncher.execute(DefaultLauncher.java:103)
	at org.junit.platform.launcher.core.DefaultLauncher.execute(DefaultLauncher.java:85)
	at org.junit.platform.launcher.core.DelegatingLauncher.execute(DelegatingLauncher.java:47)
	at org.junit.platform.launcher.core.SessionPerRequestLauncher.execute(SessionPerRequestLauncher.java:63)
	at com.intellij.junit5.JUnit5IdeaTestRunner.startRunnerWithArgs(JUnit5IdeaTestRunner.java:57)
	at com.intellij.rt.junit.IdeaTestRunner$Repeater$1.execute(IdeaTestRunner.java:38)
	at com.intellij.rt.execution.junit.TestsRepeater.repeat(TestsRepeater.java:11)
	at com.intellij.rt.junit.IdeaTestRunner$Repeater.startRunnerWithArgs(IdeaTestRunner.java:35)
	at com.intellij.rt.junit.JUnitStarter.prepareStreamsAndStart(JUnitStarter.java:232)
	at com.intellij.rt.junit.JUnitStarter.main(JUnitStarter.java:55)
Caused by: org.openqa.selenium.TimeoutException: Expected condition failed: waiting for element to be clickable: Proxy element for: DefaultElementLocator 'By.xpath: //mat-label[contains(text(), 'Projekto teikėjo planuojama vykdyti veikla, kuriai prašoma subsidija, kodas pagal EVRK')]' (tried for 10 second(s) with 500 milliseconds interval)
	at org.openqa.selenium.support.ui.WebDriverWait.timeoutException(WebDriverWait.java:84)
	at org.openqa.selenium.support.ui.FluentWait.until(FluentWait.java:228)
	at lt.insoft.uztis.pages.SubmittedApplicationsPage.selectValueByListEVRK(SubmittedApplicationsPage.java:318)
	... 69 common frames omitted
Caused by: org.openqa.selenium.NoSuchElementException: no such element: Unable to locate element: {"method":"xpath","selector":"//mat-label[contains(text(), 'Projekto teikėjo planuojama vykdyti veikla, kuriai prašoma subsidija, kodas pagal EVRK')]"}
  (Session info: chrome=132.0.6834.160)
For documentation on this error, please visit: https://www.selenium.dev/documentation/webdriver/troubleshooting/errors#no-such-element-exception
Build info: version: '4.27.0', revision: 'd6e718d134'
System info: os.name: 'Windows 11', os.arch: 'amd64', os.version: '10.0', java.version: '21.0.3'
Driver info: org.openqa.selenium.chrome.ChromeDriver
Command: [36f4bc79dc813d19a7e2f999c38965c8, findElement {value=//mat-label[contains(text(), 'Projekto teikėjo planuojama vykdyti veikla, kuriai prašoma subsidija, kodas pagal EVRK')], using=xpath}]
Capabilities {acceptInsecureCerts: false, browserName: chrome, browserVersion: 132.0.6834.160, chrome: {chromedriverVersion: 132.0.6834.159 (2d77d3fc445..., userDataDir: C:\Users\INGRID~1.ZAD\AppDa...}, fedcm:accounts: true, goog:chromeOptions: {debuggerAddress: localhost:56690}, networkConnectionEnabled: false, pageLoadStrategy: normal, platformName: windows, proxy: Proxy(), se:cdp: ws://localhost:56690/devtoo..., se:cdpVersion: 132.0.6834.160, setWindowRect: true, strictFileInteractability: false, timeouts: {implicit: 0, pageLoad: 300000, script: 30000}, unhandledPromptBehavior: dismiss and notify, webauthn:extension:credBlob: true, webauthn:extension:largeBlob: true, webauthn:extension:minPinLength: true, webauthn:extension:prf: true, webauthn:virtualAuthenticators: true}
Session ID: 36f4bc79dc813d19a7e2f999c38965c8
	at java.base/jdk.internal.reflect.DirectConstructorHandleAccessor.newInstance(DirectConstructorHandleAccessor.java:62)
	at java.base/java.lang.reflect.Constructor.newInstanceWithCaller(Constructor.java:502)
	at java.base/java.lang.reflect.Constructor.newInstance(Constructor.java:486)
	at org.openqa.selenium.remote.ErrorCodec.decode(ErrorCodec.java:167)
	at org.openqa.selenium.remote.codec.w3c.W3CHttpResponseCodec.decode(W3CHttpResponseCodec.java:138)
	at org.openqa.selenium.remote.codec.w3c.W3CHttpResponseCodec.decode(W3CHttpResponseCodec.java:50)
	at org.openqa.selenium.remote.HttpCommandExecutor.execute(HttpCommandExecutor.java:190)
	at org.openqa.selenium.remote.service.DriverCommandExecutor.invokeExecute(DriverCommandExecutor.java:216)
	at org.openqa.selenium.remote.service.DriverCommandExecutor.execute(DriverCommandExecutor.java:174)
	at org.openqa.selenium.remote.RemoteWebDriver.execute(RemoteWebDriver.java:545)
	at org.openqa.selenium.remote.ElementLocation$ElementFinder$2.findElement(ElementLocation.java:165)
	at org.openqa.selenium.remote.ElementLocation.findElement(ElementLocation.java:59)
	at org.openqa.selenium.remote.RemoteWebDriver.findElement(RemoteWebDriver.java:368)
	at org.openqa.selenium.remote.RemoteWebDriver.findElement(RemoteWebDriver.java:362)
	at org.openqa.selenium.support.pagefactory.DefaultElementLocator.findElement(DefaultElementLocator.java:68)
	at org.openqa.selenium.support.pagefactory.internal.LocatingElementHandler.invoke(LocatingElementHandler.java:38)
	at jdk.proxy2/jdk.proxy2.$Proxy14.isDisplayed(Unknown Source)
	at org.openqa.selenium.support.ui.ExpectedConditions.elementIfVisible(ExpectedConditions.java:304)
	at org.openqa.selenium.support.ui.ExpectedConditions$10.apply(ExpectedConditions.java:290)
	at org.openqa.selenium.support.ui.ExpectedConditions$10.apply(ExpectedConditions.java:287)
	at org.openqa.selenium.support.ui.ExpectedConditions$23.apply(ExpectedConditions.java:656)
	at org.openqa.selenium.support.ui.ExpectedConditions$23.apply(ExpectedConditions.java:652)
	at org.openqa.selenium.support.ui.FluentWait.until(FluentWait.java:203)
	... 70 common frames omitted
2025-02-04 15:07:59 [main] INFO  l.insoft.uztis.tests.utils.TestUtils - Screenshot moved to C:\Users\ingrida.zadorozniene\Desktop\Asm\UZTIS\UZTIS_tests\test-output\screenshots\20250204\150759467_testFillNewDVPApplication().png
2025-02-04 15:14:23 [main] INFO  lt.insoft.uztis.tests.UztisPageTest - Navigated to https://uztisdev.asseco.lt/home
2025-02-04 15:14:23 [main] INFO  l.i.u.t.SubmittedApplicationsPageTest - Starting test:'testFillNewDVPApplication'
2025-02-04 15:14:23 [main] DEBUG l.i.u.t.SubmittedApplicationsPageTest - User logged in with test credentials.
2025-02-04 15:14:23 [main] DEBUG l.i.u.t.SubmittedApplicationsPageTest - Opened 'Application Processing' menu.
2025-02-04 15:14:23 [main] DEBUG l.i.u.t.SubmittedApplicationsPageTest - Clicked on 'Application Forms' menu.
2025-02-04 15:14:24 [main] DEBUG l.i.u.t.SubmittedApplicationsPageTest - Retrieved last description code text: 'TST-DVP-73'.
2025-02-04 15:14:24 [main] DEBUG l.i.u.t.SubmittedApplicationsPageTest - Clicked on 'Invitation' menu.
2025-02-04 15:14:25 [main] DEBUG l.i.u.t.SubmittedApplicationsPageTest - Selected application section by code: 'TST-DVP-73'.
2025-02-04 15:14:25 [main] DEBUG l.i.u.t.SubmittedApplicationsPageTest - Clicked 'Search' button.
2025-02-04 15:14:25 [main] DEBUG l.i.u.t.SubmittedApplicationsPageTest - Retrieved invitation code: ''.
2025-02-04 15:14:25 [main] DEBUG l.i.u.t.SubmittedApplicationsPageTest - Clicked on 'Submitted Applications' menu.
2025-02-04 15:14:26 [main] DEBUG l.i.u.t.SubmittedApplicationsPageTest - Selected invitation by code: 'TST-DVP-73'.
2025-02-04 15:14:26 [main] DEBUG l.i.u.t.SubmittedApplicationsPageTest - Invitation code inserted.
2025-02-04 15:14:26 [main] DEBUG l.i.u.t.SubmittedApplicationsPageTest - Clicked on 'Action Application' button.
2025-02-04 15:14:26 [main] DEBUG l.i.u.t.SubmittedApplicationsPageTest - Clicked on 'New Application' button.
2025-02-04 15:14:27 [main] DEBUG l.i.u.t.SubmittedApplicationsPageTest - Selected the 'RadioButtonFA' option.
2025-02-04 15:14:27 [main] DEBUG l.i.u.t.SubmittedApplicationsPageTest - Entered phone number: '61298745'.
2025-02-04 15:14:27 [main] DEBUG l.i.u.t.SubmittedApplicationsPageTest - Entered email: 'test@autotest.com'.
2025-02-04 15:14:37 [main] DEBUG l.i.u.t.SubmittedApplicationsPageTest - Checked 'For workplace adaptation' checkbox 1.
2025-02-04 15:14:48 [main] DEBUG l.i.u.t.SubmittedApplicationsPageTest - Checked 'For environmental adaptation' checkbox 2.
2025-02-04 15:14:48 [main] INFO  l.i.u.p.SubmittedApplicationsPage - Located the dropdown button.
2025-02-04 15:15:01 [main] INFO  l.i.u.p.SubmittedApplicationsPage - Found 1741 options in the dropdown.
2025-02-04 15:15:02 [main] INFO  l.i.u.p.SubmittedApplicationsPage - Successfully selected the value: '01.11 - Grūdinių (išskyrus ryžius), ankštinių ir aliejingų sėklų augalų auginimas'
2025-02-04 15:15:12 [main] ERROR l.i.u.p.SubmittedApplicationsPage - Failed to close the dropdown with aria-expanded = 'false'. Attempting manual close.
2025-02-04 15:15:12 [main] INFO  l.i.u.p.SubmittedApplicationsPage - Manual close attempt for the dropdown using body click.
2025-02-04 15:15:12 [main] DEBUG l.i.u.t.SubmittedApplicationsPageTest - Selected EVRK value: '01.11 - Grūdinių (išskyrus ryžius), ankštinių ir aliejingų sėklų augalų auginimas'.
2025-02-04 15:15:22 [main] ERROR l.i.u.t.SubmittedApplicationsPageTest - Test 'testFillNewDVPApplication' failed with error: no such element: Unable to locate element: {"method":"xpath","selector":"//mat-form-field[.//label[contains(., 'Planuojamos (-ų) steigti darbo vietos (-ų) adresas')]]//input"}
  (Session info: chrome=132.0.6834.160)
For documentation on this error, please visit: https://www.selenium.dev/documentation/webdriver/troubleshooting/errors#no-such-element-exception
Build info: version: '4.27.0', revision: 'd6e718d134'
System info: os.name: 'Windows 11', os.arch: 'amd64', os.version: '10.0', java.version: '21.0.3'
Driver info: org.openqa.selenium.chrome.ChromeDriver
Command: [fea656378466e8b786a0fe63da095bb9, findElement {value=//mat-form-field[.//label[contains(., 'Planuojamos (-ų) steigti darbo vietos (-ų) adresas')]]//input, using=xpath}]
Capabilities {acceptInsecureCerts: false, browserName: chrome, browserVersion: 132.0.6834.160, chrome: {chromedriverVersion: 132.0.6834.159 (2d77d3fc445..., userDataDir: C:\Users\INGRID~1.ZAD\AppDa...}, fedcm:accounts: true, goog:chromeOptions: {debuggerAddress: localhost:56950}, networkConnectionEnabled: false, pageLoadStrategy: normal, platformName: windows, proxy: Proxy(), se:cdp: ws://localhost:56950/devtoo..., se:cdpVersion: 132.0.6834.160, setWindowRect: true, strictFileInteractability: false, timeouts: {implicit: 0, pageLoad: 300000, script: 30000}, unhandledPromptBehavior: dismiss and notify, webauthn:extension:credBlob: true, webauthn:extension:largeBlob: true, webauthn:extension:minPinLength: true, webauthn:extension:prf: true, webauthn:virtualAuthenticators: true}
Session ID: fea656378466e8b786a0fe63da095bb9
org.openqa.selenium.NoSuchElementException: no such element: Unable to locate element: {"method":"xpath","selector":"//mat-form-field[.//label[contains(., 'Planuojamos (-ų) steigti darbo vietos (-ų) adresas')]]//input"}
  (Session info: chrome=132.0.6834.160)
For documentation on this error, please visit: https://www.selenium.dev/documentation/webdriver/troubleshooting/errors#no-such-element-exception
Build info: version: '4.27.0', revision: 'd6e718d134'
System info: os.name: 'Windows 11', os.arch: 'amd64', os.version: '10.0', java.version: '21.0.3'
Driver info: org.openqa.selenium.chrome.ChromeDriver
Command: [fea656378466e8b786a0fe63da095bb9, findElement {value=//mat-form-field[.//label[contains(., 'Planuojamos (-ų) steigti darbo vietos (-ų) adresas')]]//input, using=xpath}]
Capabilities {acceptInsecureCerts: false, browserName: chrome, browserVersion: 132.0.6834.160, chrome: {chromedriverVersion: 132.0.6834.159 (2d77d3fc445..., userDataDir: C:\Users\INGRID~1.ZAD\AppDa...}, fedcm:accounts: true, goog:chromeOptions: {debuggerAddress: localhost:56950}, networkConnectionEnabled: false, pageLoadStrategy: normal, platformName: windows, proxy: Proxy(), se:cdp: ws://localhost:56950/devtoo..., se:cdpVersion: 132.0.6834.160, setWindowRect: true, strictFileInteractability: false, timeouts: {implicit: 0, pageLoad: 300000, script: 30000}, unhandledPromptBehavior: dismiss and notify, webauthn:extension:credBlob: true, webauthn:extension:largeBlob: true, webauthn:extension:minPinLength: true, webauthn:extension:prf: true, webauthn:virtualAuthenticators: true}
Session ID: fea656378466e8b786a0fe63da095bb9
	at java.base/jdk.internal.reflect.DirectConstructorHandleAccessor.newInstance(DirectConstructorHandleAccessor.java:62)
	at java.base/java.lang.reflect.Constructor.newInstanceWithCaller(Constructor.java:502)
	at java.base/java.lang.reflect.Constructor.newInstance(Constructor.java:486)
	at org.openqa.selenium.remote.ErrorCodec.decode(ErrorCodec.java:167)
	at org.openqa.selenium.remote.codec.w3c.W3CHttpResponseCodec.decode(W3CHttpResponseCodec.java:138)
	at org.openqa.selenium.remote.codec.w3c.W3CHttpResponseCodec.decode(W3CHttpResponseCodec.java:50)
	at org.openqa.selenium.remote.HttpCommandExecutor.execute(HttpCommandExecutor.java:190)
	at org.openqa.selenium.remote.service.DriverCommandExecutor.invokeExecute(DriverCommandExecutor.java:216)
	at org.openqa.selenium.remote.service.DriverCommandExecutor.execute(DriverCommandExecutor.java:174)
	at org.openqa.selenium.remote.RemoteWebDriver.execute(RemoteWebDriver.java:545)
	at org.openqa.selenium.remote.ElementLocation$ElementFinder$2.findElement(ElementLocation.java:165)
	at org.openqa.selenium.remote.ElementLocation.findElement(ElementLocation.java:59)
	at org.openqa.selenium.remote.RemoteWebDriver.findElement(RemoteWebDriver.java:368)
	at org.openqa.selenium.remote.RemoteWebDriver.findElement(RemoteWebDriver.java:362)
	at org.openqa.selenium.support.pagefactory.DefaultElementLocator.findElement(DefaultElementLocator.java:68)
	at org.openqa.selenium.support.pagefactory.internal.LocatingElementHandler.invoke(LocatingElementHandler.java:38)
	at jdk.proxy2/jdk.proxy2.$Proxy14.clear(Unknown Source)
	at lt.insoft.uztis.pages.SubmittedApplicationsPage.enterAddress(SubmittedApplicationsPage.java:422)
	at lt.insoft.uztis.tests.SubmittedApplicationsPageTest.testFillNewDVPApplication(SubmittedApplicationsPageTest.java:479)
	at java.base/jdk.internal.reflect.DirectMethodHandleAccessor.invoke(DirectMethodHandleAccessor.java:103)
	at java.base/java.lang.reflect.Method.invoke(Method.java:580)
	at org.junit.platform.commons.util.ReflectionUtils.invokeMethod(ReflectionUtils.java:728)
	at org.junit.jupiter.engine.execution.MethodInvocation.proceed(MethodInvocation.java:60)
	at org.junit.jupiter.engine.execution.InvocationInterceptorChain$ValidatingInvocation.proceed(InvocationInterceptorChain.java:131)
	at org.junit.jupiter.engine.extension.TimeoutExtension.intercept(TimeoutExtension.java:156)
	at org.junit.jupiter.engine.extension.TimeoutExtension.interceptTestableMethod(TimeoutExtension.java:147)
	at org.junit.jupiter.engine.extension.TimeoutExtension.interceptTestMethod(TimeoutExtension.java:86)
	at org.junit.jupiter.engine.execution.InterceptingExecutableInvoker$ReflectiveInterceptorCall.lambda$ofVoidMethod$0(InterceptingExecutableInvoker.java:103)
	at org.junit.jupiter.engine.execution.InterceptingExecutableInvoker.lambda$invoke$0(InterceptingExecutableInvoker.java:93)
	at org.junit.jupiter.engine.execution.InvocationInterceptorChain$InterceptedInvocation.proceed(InvocationInterceptorChain.java:106)
	at org.junit.jupiter.engine.execution.InvocationInterceptorChain.proceed(InvocationInterceptorChain.java:64)
	at org.junit.jupiter.engine.execution.InvocationInterceptorChain.chainAndInvoke(InvocationInterceptorChain.java:45)
	at org.junit.jupiter.engine.execution.InvocationInterceptorChain.invoke(InvocationInterceptorChain.java:37)
	at org.junit.jupiter.engine.execution.InterceptingExecutableInvoker.invoke(InterceptingExecutableInvoker.java:92)
	at org.junit.jupiter.engine.execution.InterceptingExecutableInvoker.invoke(InterceptingExecutableInvoker.java:86)
	at org.junit.jupiter.engine.descriptor.TestMethodTestDescriptor.lambda$invokeTestMethod$7(TestMethodTestDescriptor.java:218)
	at org.junit.platform.engine.support.hierarchical.ThrowableCollector.execute(ThrowableCollector.java:73)
	at org.junit.jupiter.engine.descriptor.TestMethodTestDescriptor.invokeTestMethod(TestMethodTestDescriptor.java:214)
	at org.junit.jupiter.engine.descriptor.TestMethodTestDescriptor.execute(TestMethodTestDescriptor.java:139)
	at org.junit.jupiter.engine.descriptor.TestMethodTestDescriptor.execute(TestMethodTestDescriptor.java:69)
	at org.junit.platform.engine.support.hierarchical.NodeTestTask.lambda$executeRecursively$6(NodeTestTask.java:151)
	at org.junit.platform.engine.support.hierarchical.ThrowableCollector.execute(ThrowableCollector.java:73)
	at org.junit.platform.engine.support.hierarchical.NodeTestTask.lambda$executeRecursively$8(NodeTestTask.java:141)
	at org.junit.platform.engine.support.hierarchical.Node.around(Node.java:137)
	at org.junit.platform.engine.support.hierarchical.NodeTestTask.lambda$executeRecursively$9(NodeTestTask.java:139)
	at org.junit.platform.engine.support.hierarchical.ThrowableCollector.execute(ThrowableCollector.java:73)
	at org.junit.platform.engine.support.hierarchical.NodeTestTask.executeRecursively(NodeTestTask.java:138)
	at org.junit.platform.engine.support.hierarchical.NodeTestTask.execute(NodeTestTask.java:95)
	at java.base/java.util.ArrayList.forEach(ArrayList.java:1596)
	at org.junit.platform.engine.support.hierarchical.SameThreadHierarchicalTestExecutorService.invokeAll(SameThreadHierarchicalTestExecutorService.java:41)
	at org.junit.platform.engine.support.hierarchical.NodeTestTask.lambda$executeRecursively$6(NodeTestTask.java:155)
	at org.junit.platform.engine.support.hierarchical.ThrowableCollector.execute(ThrowableCollector.java:73)
	at org.junit.platform.engine.support.hierarchical.NodeTestTask.lambda$executeRecursively$8(NodeTestTask.java:141)
	at org.junit.platform.engine.support.hierarchical.Node.around(Node.java:137)
	at org.junit.platform.engine.support.hierarchical.NodeTestTask.lambda$executeRecursively$9(NodeTestTask.java:139)
	at org.junit.platform.engine.support.hierarchical.ThrowableCollector.execute(ThrowableCollector.java:73)
	at org.junit.platform.engine.support.hierarchical.NodeTestTask.executeRecursively(NodeTestTask.java:138)
	at org.junit.platform.engine.support.hierarchical.NodeTestTask.execute(NodeTestTask.java:95)
	at java.base/java.util.ArrayList.forEach(ArrayList.java:1596)
	at org.junit.platform.engine.support.hierarchical.SameThreadHierarchicalTestExecutorService.invokeAll(SameThreadHierarchicalTestExecutorService.java:41)
	at org.junit.platform.engine.support.hierarchical.NodeTestTask.lambda$executeRecursively$6(NodeTestTask.java:155)
	at org.junit.platform.engine.support.hierarchical.ThrowableCollector.execute(ThrowableCollector.java:73)
	at org.junit.platform.engine.support.hierarchical.NodeTestTask.lambda$executeRecursively$8(NodeTestTask.java:141)
	at org.junit.platform.engine.support.hierarchical.Node.around(Node.java:137)
	at org.junit.platform.engine.support.hierarchical.NodeTestTask.lambda$executeRecursively$9(NodeTestTask.java:139)
	at org.junit.platform.engine.support.hierarchical.ThrowableCollector.execute(ThrowableCollector.java:73)
	at org.junit.platform.engine.support.hierarchical.NodeTestTask.executeRecursively(NodeTestTask.java:138)
	at org.junit.platform.engine.support.hierarchical.NodeTestTask.execute(NodeTestTask.java:95)
	at org.junit.platform.engine.support.hierarchical.SameThreadHierarchicalTestExecutorService.submit(SameThreadHierarchicalTestExecutorService.java:35)
	at org.junit.platform.engine.support.hierarchical.HierarchicalTestExecutor.execute(HierarchicalTestExecutor.java:57)
	at org.junit.platform.engine.support.hierarchical.HierarchicalTestEngine.execute(HierarchicalTestEngine.java:54)
	at org.junit.platform.launcher.core.EngineExecutionOrchestrator.execute(EngineExecutionOrchestrator.java:198)
	at org.junit.platform.launcher.core.EngineExecutionOrchestrator.execute(EngineExecutionOrchestrator.java:169)
	at org.junit.platform.launcher.core.EngineExecutionOrchestrator.execute(EngineExecutionOrchestrator.java:93)
	at org.junit.platform.launcher.core.EngineExecutionOrchestrator.lambda$execute$0(EngineExecutionOrchestrator.java:58)
	at org.junit.platform.launcher.core.EngineExecutionOrchestrator.withInterceptedStreams(EngineExecutionOrchestrator.java:141)
	at org.junit.platform.launcher.core.EngineExecutionOrchestrator.execute(EngineExecutionOrchestrator.java:57)
	at org.junit.platform.launcher.core.DefaultLauncher.execute(DefaultLauncher.java:103)
	at org.junit.platform.launcher.core.DefaultLauncher.execute(DefaultLauncher.java:85)
	at org.junit.platform.launcher.core.DelegatingLauncher.execute(DelegatingLauncher.java:47)
	at org.junit.platform.launcher.core.SessionPerRequestLauncher.execute(SessionPerRequestLauncher.java:63)
	at com.intellij.junit5.JUnit5IdeaTestRunner.startRunnerWithArgs(JUnit5IdeaTestRunner.java:57)
	at com.intellij.rt.junit.IdeaTestRunner$Repeater$1.execute(IdeaTestRunner.java:38)
	at com.intellij.rt.execution.junit.TestsRepeater.repeat(TestsRepeater.java:11)
	at com.intellij.rt.junit.IdeaTestRunner$Repeater.startRunnerWithArgs(IdeaTestRunner.java:35)
	at com.intellij.rt.junit.JUnitStarter.prepareStreamsAndStart(JUnitStarter.java:232)
	at com.intellij.rt.junit.JUnitStarter.main(JUnitStarter.java:55)
2025-02-04 15:15:22 [main] INFO  l.insoft.uztis.tests.utils.TestUtils - Screenshot moved to C:\Users\ingrida.zadorozniene\Desktop\Asm\UZTIS\UZTIS_tests\test-output\screenshots\20250204\151522685_testFillNewDVPApplication().png
2025-02-04 15:19:19 [main] INFO  lt.insoft.uztis.tests.UztisPageTest - Navigated to https://uztisdev.asseco.lt/home
2025-02-04 15:19:19 [main] INFO  l.i.u.t.SubmittedApplicationsPageTest - Starting test:'testFillNewDVPApplication'
2025-02-04 15:19:19 [main] DEBUG l.i.u.t.SubmittedApplicationsPageTest - User logged in with test credentials.
2025-02-04 15:19:20 [main] DEBUG l.i.u.t.SubmittedApplicationsPageTest - Opened 'Application Processing' menu.
2025-02-04 15:19:20 [main] DEBUG l.i.u.t.SubmittedApplicationsPageTest - Clicked on 'Application Forms' menu.
2025-02-04 15:19:20 [main] DEBUG l.i.u.t.SubmittedApplicationsPageTest - Retrieved last description code text: 'TST-DVP-73'.
2025-02-04 15:19:20 [main] DEBUG l.i.u.t.SubmittedApplicationsPageTest - Clicked on 'Invitation' menu.
2025-02-04 15:19:21 [main] DEBUG l.i.u.t.SubmittedApplicationsPageTest - Selected application section by code: 'TST-DVP-73'.
2025-02-04 15:19:21 [main] DEBUG l.i.u.t.SubmittedApplicationsPageTest - Clicked 'Search' button.
2025-02-04 15:19:21 [main] DEBUG l.i.u.t.SubmittedApplicationsPageTest - Retrieved invitation code: ''.
2025-02-04 15:19:21 [main] DEBUG l.i.u.t.SubmittedApplicationsPageTest - Clicked on 'Submitted Applications' menu.
2025-02-04 15:19:22 [main] DEBUG l.i.u.t.SubmittedApplicationsPageTest - Selected invitation by code: 'TST-DVP-73'.
2025-02-04 15:19:22 [main] DEBUG l.i.u.t.SubmittedApplicationsPageTest - Invitation code inserted.
2025-02-04 15:19:22 [main] DEBUG l.i.u.t.SubmittedApplicationsPageTest - Clicked on 'Action Application' button.
2025-02-04 15:19:22 [main] DEBUG l.i.u.t.SubmittedApplicationsPageTest - Clicked on 'New Application' button.
2025-02-04 15:19:23 [main] DEBUG l.i.u.t.SubmittedApplicationsPageTest - Selected the 'RadioButtonFA' option.
2025-02-04 15:19:23 [main] DEBUG l.i.u.t.SubmittedApplicationsPageTest - Entered phone number: '61298745'.
2025-02-04 15:19:23 [main] DEBUG l.i.u.t.SubmittedApplicationsPageTest - Entered email: 'test@autotest.com'.
2025-02-04 15:19:33 [main] DEBUG l.i.u.t.SubmittedApplicationsPageTest - Checked 'For workplace adaptation' checkbox 1.
2025-02-04 15:19:43 [main] DEBUG l.i.u.t.SubmittedApplicationsPageTest - Checked 'For environmental adaptation' checkbox 2.
2025-02-04 15:19:43 [main] INFO  l.i.u.p.SubmittedApplicationsPage - Located the dropdown button.
2025-02-04 15:19:57 [main] INFO  l.i.u.p.SubmittedApplicationsPage - Found 1741 options in the dropdown.
2025-02-04 15:19:57 [main] INFO  l.i.u.p.SubmittedApplicationsPage - Successfully selected the value: '01.11 - Grūdinių (išskyrus ryžius), ankštinių ir aliejingų sėklų augalų auginimas'
2025-02-04 15:20:08 [main] ERROR l.i.u.p.SubmittedApplicationsPage - Failed to close the dropdown with aria-expanded = 'false'. Attempting manual close.
2025-02-04 15:20:08 [main] INFO  l.i.u.p.SubmittedApplicationsPage - Manual close attempt for the dropdown using body click.
2025-02-04 15:20:08 [main] DEBUG l.i.u.t.SubmittedApplicationsPageTest - Selected EVRK value: '01.11 - Grūdinių (išskyrus ryžius), ankštinių ir aliejingų sėklų augalų auginimas'.
2025-02-04 15:20:08 [main] DEBUG l.i.u.t.SubmittedApplicationsPageTest - Entered address: 'Vilniaus m. sav., Vilnius, Testo g. 10T'.
2025-02-04 15:20:08 [main] DEBUG l.i.u.t.SubmittedApplicationsPageTest - Selected 'For already working' option.
2025-02-04 15:20:18 [main] ERROR l.i.u.t.SubmittedApplicationsPageTest - Test 'testFillNewDVPApplication' failed with error: no such element: Unable to locate element: {"method":"xpath","selector":"(//mat-form-field[contains(.//label, 'Dokumento pavadinimas')]//input)[1]"}
  (Session info: chrome=132.0.6834.160)
For documentation on this error, please visit: https://www.selenium.dev/documentation/webdriver/troubleshooting/errors#no-such-element-exception
Build info: version: '4.27.0', revision: 'd6e718d134'
System info: os.name: 'Windows 11', os.arch: 'amd64', os.version: '10.0', java.version: '21.0.3'
Driver info: org.openqa.selenium.chrome.ChromeDriver
Command: [f65199506e8ba6b2790652bb3a0b36fb, findElement {value=(//mat-form-field[contains(.//label, 'Dokumento pavadinimas')]//input)[1], using=xpath}]
Capabilities {acceptInsecureCerts: false, browserName: chrome, browserVersion: 132.0.6834.160, chrome: {chromedriverVersion: 132.0.6834.159 (2d77d3fc445..., userDataDir: C:\Users\INGRID~1.ZAD\AppDa...}, fedcm:accounts: true, goog:chromeOptions: {debuggerAddress: localhost:57144}, networkConnectionEnabled: false, pageLoadStrategy: normal, platformName: windows, proxy: Proxy(), se:cdp: ws://localhost:57144/devtoo..., se:cdpVersion: 132.0.6834.160, setWindowRect: true, strictFileInteractability: false, timeouts: {implicit: 0, pageLoad: 300000, script: 30000}, unhandledPromptBehavior: dismiss and notify, webauthn:extension:credBlob: true, webauthn:extension:largeBlob: true, webauthn:extension:minPinLength: true, webauthn:extension:prf: true, webauthn:virtualAuthenticators: true}
Session ID: f65199506e8ba6b2790652bb3a0b36fb
org.openqa.selenium.NoSuchElementException: no such element: Unable to locate element: {"method":"xpath","selector":"(//mat-form-field[contains(.//label, 'Dokumento pavadinimas')]//input)[1]"}
  (Session info: chrome=132.0.6834.160)
For documentation on this error, please visit: https://www.selenium.dev/documentation/webdriver/troubleshooting/errors#no-such-element-exception
Build info: version: '4.27.0', revision: 'd6e718d134'
System info: os.name: 'Windows 11', os.arch: 'amd64', os.version: '10.0', java.version: '21.0.3'
Driver info: org.openqa.selenium.chrome.ChromeDriver
Command: [f65199506e8ba6b2790652bb3a0b36fb, findElement {value=(//mat-form-field[contains(.//label, 'Dokumento pavadinimas')]//input)[1], using=xpath}]
Capabilities {acceptInsecureCerts: false, browserName: chrome, browserVersion: 132.0.6834.160, chrome: {chromedriverVersion: 132.0.6834.159 (2d77d3fc445..., userDataDir: C:\Users\INGRID~1.ZAD\AppDa...}, fedcm:accounts: true, goog:chromeOptions: {debuggerAddress: localhost:57144}, networkConnectionEnabled: false, pageLoadStrategy: normal, platformName: windows, proxy: Proxy(), se:cdp: ws://localhost:57144/devtoo..., se:cdpVersion: 132.0.6834.160, setWindowRect: true, strictFileInteractability: false, timeouts: {implicit: 0, pageLoad: 300000, script: 30000}, unhandledPromptBehavior: dismiss and notify, webauthn:extension:credBlob: true, webauthn:extension:largeBlob: true, webauthn:extension:minPinLength: true, webauthn:extension:prf: true, webauthn:virtualAuthenticators: true}
Session ID: f65199506e8ba6b2790652bb3a0b36fb
	at java.base/jdk.internal.reflect.DirectConstructorHandleAccessor.newInstance(DirectConstructorHandleAccessor.java:62)
	at java.base/java.lang.reflect.Constructor.newInstanceWithCaller(Constructor.java:502)
	at java.base/java.lang.reflect.Constructor.newInstance(Constructor.java:486)
	at org.openqa.selenium.remote.ErrorCodec.decode(ErrorCodec.java:167)
	at org.openqa.selenium.remote.codec.w3c.W3CHttpResponseCodec.decode(W3CHttpResponseCodec.java:138)
	at org.openqa.selenium.remote.codec.w3c.W3CHttpResponseCodec.decode(W3CHttpResponseCodec.java:50)
	at org.openqa.selenium.remote.HttpCommandExecutor.execute(HttpCommandExecutor.java:190)
	at org.openqa.selenium.remote.service.DriverCommandExecutor.invokeExecute(DriverCommandExecutor.java:216)
	at org.openqa.selenium.remote.service.DriverCommandExecutor.execute(DriverCommandExecutor.java:174)
	at org.openqa.selenium.remote.RemoteWebDriver.execute(RemoteWebDriver.java:545)
	at org.openqa.selenium.remote.ElementLocation$ElementFinder$2.findElement(ElementLocation.java:165)
	at org.openqa.selenium.remote.ElementLocation.findElement(ElementLocation.java:59)
	at org.openqa.selenium.remote.RemoteWebDriver.findElement(RemoteWebDriver.java:368)
	at org.openqa.selenium.remote.RemoteWebDriver.findElement(RemoteWebDriver.java:362)
	at org.openqa.selenium.support.pagefactory.DefaultElementLocator.findElement(DefaultElementLocator.java:68)
	at org.openqa.selenium.support.pagefactory.internal.LocatingElementHandler.invoke(LocatingElementHandler.java:38)
	at jdk.proxy2/jdk.proxy2.$Proxy14.clear(Unknown Source)
	at lt.insoft.uztis.pages.SubmittedApplicationsPage.enterPersonCountOne(SubmittedApplicationsPage.java:995)
	at lt.insoft.uztis.tests.SubmittedApplicationsPageTest.testFillNewDVPApplication(SubmittedApplicationsPageTest.java:488)
	at java.base/jdk.internal.reflect.DirectMethodHandleAccessor.invoke(DirectMethodHandleAccessor.java:103)
	at java.base/java.lang.reflect.Method.invoke(Method.java:580)
	at org.junit.platform.commons.util.ReflectionUtils.invokeMethod(ReflectionUtils.java:728)
	at org.junit.jupiter.engine.execution.MethodInvocation.proceed(MethodInvocation.java:60)
	at org.junit.jupiter.engine.execution.InvocationInterceptorChain$ValidatingInvocation.proceed(InvocationInterceptorChain.java:131)
	at org.junit.jupiter.engine.extension.TimeoutExtension.intercept(TimeoutExtension.java:156)
	at org.junit.jupiter.engine.extension.TimeoutExtension.interceptTestableMethod(TimeoutExtension.java:147)
	at org.junit.jupiter.engine.extension.TimeoutExtension.interceptTestMethod(TimeoutExtension.java:86)
	at org.junit.jupiter.engine.execution.InterceptingExecutableInvoker$ReflectiveInterceptorCall.lambda$ofVoidMethod$0(InterceptingExecutableInvoker.java:103)
	at org.junit.jupiter.engine.execution.InterceptingExecutableInvoker.lambda$invoke$0(InterceptingExecutableInvoker.java:93)
	at org.junit.jupiter.engine.execution.InvocationInterceptorChain$InterceptedInvocation.proceed(InvocationInterceptorChain.java:106)
	at org.junit.jupiter.engine.execution.InvocationInterceptorChain.proceed(InvocationInterceptorChain.java:64)
	at org.junit.jupiter.engine.execution.InvocationInterceptorChain.chainAndInvoke(InvocationInterceptorChain.java:45)
	at org.junit.jupiter.engine.execution.InvocationInterceptorChain.invoke(InvocationInterceptorChain.java:37)
	at org.junit.jupiter.engine.execution.InterceptingExecutableInvoker.invoke(InterceptingExecutableInvoker.java:92)
	at org.junit.jupiter.engine.execution.InterceptingExecutableInvoker.invoke(InterceptingExecutableInvoker.java:86)
	at org.junit.jupiter.engine.descriptor.TestMethodTestDescriptor.lambda$invokeTestMethod$7(TestMethodTestDescriptor.java:218)
	at org.junit.platform.engine.support.hierarchical.ThrowableCollector.execute(ThrowableCollector.java:73)
	at org.junit.jupiter.engine.descriptor.TestMethodTestDescriptor.invokeTestMethod(TestMethodTestDescriptor.java:214)
	at org.junit.jupiter.engine.descriptor.TestMethodTestDescriptor.execute(TestMethodTestDescriptor.java:139)
	at org.junit.jupiter.engine.descriptor.TestMethodTestDescriptor.execute(TestMethodTestDescriptor.java:69)
	at org.junit.platform.engine.support.hierarchical.NodeTestTask.lambda$executeRecursively$6(NodeTestTask.java:151)
	at org.junit.platform.engine.support.hierarchical.ThrowableCollector.execute(ThrowableCollector.java:73)
	at org.junit.platform.engine.support.hierarchical.NodeTestTask.lambda$executeRecursively$8(NodeTestTask.java:141)
	at org.junit.platform.engine.support.hierarchical.Node.around(Node.java:137)
	at org.junit.platform.engine.support.hierarchical.NodeTestTask.lambda$executeRecursively$9(NodeTestTask.java:139)
	at org.junit.platform.engine.support.hierarchical.ThrowableCollector.execute(ThrowableCollector.java:73)
	at org.junit.platform.engine.support.hierarchical.NodeTestTask.executeRecursively(NodeTestTask.java:138)
	at org.junit.platform.engine.support.hierarchical.NodeTestTask.execute(NodeTestTask.java:95)
	at java.base/java.util.ArrayList.forEach(ArrayList.java:1596)
	at org.junit.platform.engine.support.hierarchical.SameThreadHierarchicalTestExecutorService.invokeAll(SameThreadHierarchicalTestExecutorService.java:41)
	at org.junit.platform.engine.support.hierarchical.NodeTestTask.lambda$executeRecursively$6(NodeTestTask.java:155)
	at org.junit.platform.engine.support.hierarchical.ThrowableCollector.execute(ThrowableCollector.java:73)
	at org.junit.platform.engine.support.hierarchical.NodeTestTask.lambda$executeRecursively$8(NodeTestTask.java:141)
	at org.junit.platform.engine.support.hierarchical.Node.around(Node.java:137)
	at org.junit.platform.engine.support.hierarchical.NodeTestTask.lambda$executeRecursively$9(NodeTestTask.java:139)
	at org.junit.platform.engine.support.hierarchical.ThrowableCollector.execute(ThrowableCollector.java:73)
	at org.junit.platform.engine.support.hierarchical.NodeTestTask.executeRecursively(NodeTestTask.java:138)
	at org.junit.platform.engine.support.hierarchical.NodeTestTask.execute(NodeTestTask.java:95)
	at java.base/java.util.ArrayList.forEach(ArrayList.java:1596)
	at org.junit.platform.engine.support.hierarchical.SameThreadHierarchicalTestExecutorService.invokeAll(SameThreadHierarchicalTestExecutorService.java:41)
	at org.junit.platform.engine.support.hierarchical.NodeTestTask.lambda$executeRecursively$6(NodeTestTask.java:155)
	at org.junit.platform.engine.support.hierarchical.ThrowableCollector.execute(ThrowableCollector.java:73)
	at org.junit.platform.engine.support.hierarchical.NodeTestTask.lambda$executeRecursively$8(NodeTestTask.java:141)
	at org.junit.platform.engine.support.hierarchical.Node.around(Node.java:137)
	at org.junit.platform.engine.support.hierarchical.NodeTestTask.lambda$executeRecursively$9(NodeTestTask.java:139)
	at org.junit.platform.engine.support.hierarchical.ThrowableCollector.execute(ThrowableCollector.java:73)
	at org.junit.platform.engine.support.hierarchical.NodeTestTask.executeRecursively(NodeTestTask.java:138)
	at org.junit.platform.engine.support.hierarchical.NodeTestTask.execute(NodeTestTask.java:95)
	at org.junit.platform.engine.support.hierarchical.SameThreadHierarchicalTestExecutorService.submit(SameThreadHierarchicalTestExecutorService.java:35)
	at org.junit.platform.engine.support.hierarchical.HierarchicalTestExecutor.execute(HierarchicalTestExecutor.java:57)
	at org.junit.platform.engine.support.hierarchical.HierarchicalTestEngine.execute(HierarchicalTestEngine.java:54)
	at org.junit.platform.launcher.core.EngineExecutionOrchestrator.execute(EngineExecutionOrchestrator.java:198)
	at org.junit.platform.launcher.core.EngineExecutionOrchestrator.execute(EngineExecutionOrchestrator.java:169)
	at org.junit.platform.launcher.core.EngineExecutionOrchestrator.execute(EngineExecutionOrchestrator.java:93)
	at org.junit.platform.launcher.core.EngineExecutionOrchestrator.lambda$execute$0(EngineExecutionOrchestrator.java:58)
	at org.junit.platform.launcher.core.EngineExecutionOrchestrator.withInterceptedStreams(EngineExecutionOrchestrator.java:141)
	at org.junit.platform.launcher.core.EngineExecutionOrchestrator.execute(EngineExecutionOrchestrator.java:57)
	at org.junit.platform.launcher.core.DefaultLauncher.execute(DefaultLauncher.java:103)
	at org.junit.platform.launcher.core.DefaultLauncher.execute(DefaultLauncher.java:85)
	at org.junit.platform.launcher.core.DelegatingLauncher.execute(DelegatingLauncher.java:47)
	at org.junit.platform.launcher.core.SessionPerRequestLauncher.execute(SessionPerRequestLauncher.java:63)
	at com.intellij.junit5.JUnit5IdeaTestRunner.startRunnerWithArgs(JUnit5IdeaTestRunner.java:57)
	at com.intellij.rt.junit.IdeaTestRunner$Repeater$1.execute(IdeaTestRunner.java:38)
	at com.intellij.rt.execution.junit.TestsRepeater.repeat(TestsRepeater.java:11)
	at com.intellij.rt.junit.IdeaTestRunner$Repeater.startRunnerWithArgs(IdeaTestRunner.java:35)
	at com.intellij.rt.junit.JUnitStarter.prepareStreamsAndStart(JUnitStarter.java:232)
	at com.intellij.rt.junit.JUnitStarter.main(JUnitStarter.java:55)
2025-02-04 15:20:18 [main] INFO  l.insoft.uztis.tests.utils.TestUtils - Screenshot moved to C:\Users\ingrida.zadorozniene\Desktop\Asm\UZTIS\UZTIS_tests\test-output\screenshots\20250204\152018839_testFillNewDVPApplication().png
2025-02-04 15:21:41 [main] INFO  lt.insoft.uztis.tests.UztisPageTest - Navigated to https://uztisdev.asseco.lt/home
2025-02-04 15:21:41 [main] INFO  l.i.u.t.SubmittedApplicationsPageTest - Starting test:'testFillNewDVPApplication'
2025-02-04 15:21:42 [main] DEBUG l.i.u.t.SubmittedApplicationsPageTest - User logged in with test credentials.
2025-02-04 15:21:42 [main] DEBUG l.i.u.t.SubmittedApplicationsPageTest - Opened 'Application Processing' menu.
2025-02-04 15:21:42 [main] DEBUG l.i.u.t.SubmittedApplicationsPageTest - Clicked on 'Application Forms' menu.
2025-02-04 15:21:43 [main] DEBUG l.i.u.t.SubmittedApplicationsPageTest - Retrieved last description code text: 'TST-DVP-73'.
2025-02-04 15:21:43 [main] DEBUG l.i.u.t.SubmittedApplicationsPageTest - Clicked on 'Invitation' menu.
2025-02-04 15:21:43 [main] DEBUG l.i.u.t.SubmittedApplicationsPageTest - Selected application section by code: 'TST-DVP-73'.
2025-02-04 15:21:44 [main] DEBUG l.i.u.t.SubmittedApplicationsPageTest - Clicked 'Search' button.
2025-02-04 15:21:44 [main] DEBUG l.i.u.t.SubmittedApplicationsPageTest - Retrieved invitation code: ''.
2025-02-04 15:21:44 [main] DEBUG l.i.u.t.SubmittedApplicationsPageTest - Clicked on 'Submitted Applications' menu.
2025-02-04 15:21:45 [main] DEBUG l.i.u.t.SubmittedApplicationsPageTest - Selected invitation by code: 'TST-DVP-73'.
2025-02-04 15:21:45 [main] DEBUG l.i.u.t.SubmittedApplicationsPageTest - Invitation code inserted.
2025-02-04 15:21:45 [main] DEBUG l.i.u.t.SubmittedApplicationsPageTest - Clicked on 'Action Application' button.
2025-02-04 15:21:45 [main] DEBUG l.i.u.t.SubmittedApplicationsPageTest - Clicked on 'New Application' button.
2025-02-04 15:21:45 [main] DEBUG l.i.u.t.SubmittedApplicationsPageTest - Selected the 'RadioButtonFA' option.
2025-02-04 15:21:46 [main] DEBUG l.i.u.t.SubmittedApplicationsPageTest - Entered phone number: '61298745'.
2025-02-04 15:21:46 [main] DEBUG l.i.u.t.SubmittedApplicationsPageTest - Entered email: 'test@autotest.com'.
2025-02-04 15:21:56 [main] DEBUG l.i.u.t.SubmittedApplicationsPageTest - Checked 'For workplace adaptation' checkbox 1.
2025-02-04 15:22:06 [main] DEBUG l.i.u.t.SubmittedApplicationsPageTest - Checked 'For environmental adaptation' checkbox 2.
2025-02-04 15:22:06 [main] INFO  l.i.u.p.SubmittedApplicationsPage - Located the dropdown button.
2025-02-04 15:22:21 [main] INFO  l.i.u.p.SubmittedApplicationsPage - Found 1741 options in the dropdown.
2025-02-04 15:22:21 [main] INFO  l.i.u.p.SubmittedApplicationsPage - Successfully selected the value: '01.11 - Grūdinių (išskyrus ryžius), ankštinių ir aliejingų sėklų augalų auginimas'
2025-02-04 15:22:31 [main] ERROR l.i.u.p.SubmittedApplicationsPage - Failed to close the dropdown with aria-expanded = 'false'. Attempting manual close.
2025-02-04 15:22:31 [main] INFO  l.i.u.p.SubmittedApplicationsPage - Manual close attempt for the dropdown using body click.
2025-02-04 15:22:31 [main] DEBUG l.i.u.t.SubmittedApplicationsPageTest - Selected EVRK value: '01.11 - Grūdinių (išskyrus ryžius), ankštinių ir aliejingų sėklų augalų auginimas'.
2025-02-04 15:22:31 [main] DEBUG l.i.u.t.SubmittedApplicationsPageTest - Entered address: 'Vilniaus m. sav., Vilnius, Testo g. 10T'.
2025-02-04 15:22:32 [main] DEBUG l.i.u.t.SubmittedApplicationsPageTest - Selected 'For already working' option.
2025-02-04 15:22:32 [main] DEBUG l.i.u.t.SubmittedApplicationsPageTest - Entered person count1: '1'.
2025-02-04 15:22:32 [main] DEBUG l.i.u.t.SubmittedApplicationsPageTest - Selected 'For new working' option.
2025-02-04 15:22:32 [main] ERROR l.i.u.t.SubmittedApplicationsPageTest - Test 'testFillNewDVPApplication' failed with error: invalid element state: Element is not currently interactable and may not be manipulated
  (Session info: chrome=132.0.6834.160)
Build info: version: '4.27.0', revision: 'd6e718d134'
System info: os.name: 'Windows 11', os.arch: 'amd64', os.version: '10.0', java.version: '21.0.3'
Driver info: org.openqa.selenium.chrome.ChromeDriver
Command: [b06e7f08495f4f5f642189530aee2c49, clearElement {id=f.9CFF2DC6674B2939D3829AE7C64A977C.d.D70EC29F8E7CC56FDEDD39A78B3618C1.e.178}]
Capabilities {acceptInsecureCerts: false, browserName: chrome, browserVersion: 132.0.6834.160, chrome: {chromedriverVersion: 132.0.6834.159 (2d77d3fc445..., userDataDir: C:\Users\INGRID~1.ZAD\AppDa...}, fedcm:accounts: true, goog:chromeOptions: {debuggerAddress: localhost:57247}, networkConnectionEnabled: false, pageLoadStrategy: normal, platformName: windows, proxy: Proxy(), se:cdp: ws://localhost:57247/devtoo..., se:cdpVersion: 132.0.6834.160, setWindowRect: true, strictFileInteractability: false, timeouts: {implicit: 0, pageLoad: 300000, script: 30000}, unhandledPromptBehavior: dismiss and notify, webauthn:extension:credBlob: true, webauthn:extension:largeBlob: true, webauthn:extension:minPinLength: true, webauthn:extension:prf: true, webauthn:virtualAuthenticators: true}
Element: [[ChromeDriver: chrome on windows (b06e7f08495f4f5f642189530aee2c49)] -> xpath: (//mat-form-field[contains(.//label, 'Asmenų skaičius')]//input)[2]]
Session ID: b06e7f08495f4f5f642189530aee2c49
org.openqa.selenium.InvalidElementStateException: invalid element state: Element is not currently interactable and may not be manipulated
  (Session info: chrome=132.0.6834.160)
Build info: version: '4.27.0', revision: 'd6e718d134'
System info: os.name: 'Windows 11', os.arch: 'amd64', os.version: '10.0', java.version: '21.0.3'
Driver info: org.openqa.selenium.chrome.ChromeDriver
Command: [b06e7f08495f4f5f642189530aee2c49, clearElement {id=f.9CFF2DC6674B2939D3829AE7C64A977C.d.D70EC29F8E7CC56FDEDD39A78B3618C1.e.178}]
Capabilities {acceptInsecureCerts: false, browserName: chrome, browserVersion: 132.0.6834.160, chrome: {chromedriverVersion: 132.0.6834.159 (2d77d3fc445..., userDataDir: C:\Users\INGRID~1.ZAD\AppDa...}, fedcm:accounts: true, goog:chromeOptions: {debuggerAddress: localhost:57247}, networkConnectionEnabled: false, pageLoadStrategy: normal, platformName: windows, proxy: Proxy(), se:cdp: ws://localhost:57247/devtoo..., se:cdpVersion: 132.0.6834.160, setWindowRect: true, strictFileInteractability: false, timeouts: {implicit: 0, pageLoad: 300000, script: 30000}, unhandledPromptBehavior: dismiss and notify, webauthn:extension:credBlob: true, webauthn:extension:largeBlob: true, webauthn:extension:minPinLength: true, webauthn:extension:prf: true, webauthn:virtualAuthenticators: true}
Element: [[ChromeDriver: chrome on windows (b06e7f08495f4f5f642189530aee2c49)] -> xpath: (//mat-form-field[contains(.//label, 'Asmenų skaičius')]//input)[2]]
Session ID: b06e7f08495f4f5f642189530aee2c49
	at java.base/jdk.internal.reflect.DirectConstructorHandleAccessor.newInstance(DirectConstructorHandleAccessor.java:62)
	at java.base/java.lang.reflect.Constructor.newInstanceWithCaller(Constructor.java:502)
	at java.base/java.lang.reflect.Constructor.newInstance(Constructor.java:486)
	at org.openqa.selenium.remote.ErrorCodec.decode(ErrorCodec.java:167)
	at org.openqa.selenium.remote.codec.w3c.W3CHttpResponseCodec.decode(W3CHttpResponseCodec.java:138)
	at org.openqa.selenium.remote.codec.w3c.W3CHttpResponseCodec.decode(W3CHttpResponseCodec.java:50)
	at org.openqa.selenium.remote.HttpCommandExecutor.execute(HttpCommandExecutor.java:190)
	at org.openqa.selenium.remote.service.DriverCommandExecutor.invokeExecute(DriverCommandExecutor.java:216)
	at org.openqa.selenium.remote.service.DriverCommandExecutor.execute(DriverCommandExecutor.java:174)
	at org.openqa.selenium.remote.RemoteWebDriver.execute(RemoteWebDriver.java:545)
	at org.openqa.selenium.remote.RemoteWebElement.execute(RemoteWebElement.java:223)
	at org.openqa.selenium.remote.RemoteWebElement.clear(RemoteWebElement.java:129)
	at java.base/jdk.internal.reflect.DirectMethodHandleAccessor.invoke(DirectMethodHandleAccessor.java:103)
	at java.base/java.lang.reflect.Method.invoke(Method.java:580)
	at org.openqa.selenium.support.pagefactory.internal.LocatingElementHandler.invoke(LocatingElementHandler.java:51)
	at jdk.proxy2/jdk.proxy2.$Proxy14.clear(Unknown Source)
	at lt.insoft.uztis.pages.SubmittedApplicationsPage.enterPersonCountTwo(SubmittedApplicationsPage.java:1000)
	at lt.insoft.uztis.tests.SubmittedApplicationsPageTest.testFillNewDVPApplication(SubmittedApplicationsPageTest.java:495)
	at java.base/jdk.internal.reflect.DirectMethodHandleAccessor.invoke(DirectMethodHandleAccessor.java:103)
	at java.base/java.lang.reflect.Method.invoke(Method.java:580)
	at org.junit.platform.commons.util.ReflectionUtils.invokeMethod(ReflectionUtils.java:728)
	at org.junit.jupiter.engine.execution.MethodInvocation.proceed(MethodInvocation.java:60)
	at org.junit.jupiter.engine.execution.InvocationInterceptorChain$ValidatingInvocation.proceed(InvocationInterceptorChain.java:131)
	at org.junit.jupiter.engine.extension.TimeoutExtension.intercept(TimeoutExtension.java:156)
	at org.junit.jupiter.engine.extension.TimeoutExtension.interceptTestableMethod(TimeoutExtension.java:147)
	at org.junit.jupiter.engine.extension.TimeoutExtension.interceptTestMethod(TimeoutExtension.java:86)
	at org.junit.jupiter.engine.execution.InterceptingExecutableInvoker$ReflectiveInterceptorCall.lambda$ofVoidMethod$0(InterceptingExecutableInvoker.java:103)
	at org.junit.jupiter.engine.execution.InterceptingExecutableInvoker.lambda$invoke$0(InterceptingExecutableInvoker.java:93)
	at org.junit.jupiter.engine.execution.InvocationInterceptorChain$InterceptedInvocation.proceed(InvocationInterceptorChain.java:106)
	at org.junit.jupiter.engine.execution.InvocationInterceptorChain.proceed(InvocationInterceptorChain.java:64)
	at org.junit.jupiter.engine.execution.InvocationInterceptorChain.chainAndInvoke(InvocationInterceptorChain.java:45)
	at org.junit.jupiter.engine.execution.InvocationInterceptorChain.invoke(InvocationInterceptorChain.java:37)
	at org.junit.jupiter.engine.execution.InterceptingExecutableInvoker.invoke(InterceptingExecutableInvoker.java:92)
	at org.junit.jupiter.engine.execution.InterceptingExecutableInvoker.invoke(InterceptingExecutableInvoker.java:86)
	at org.junit.jupiter.engine.descriptor.TestMethodTestDescriptor.lambda$invokeTestMethod$7(TestMethodTestDescriptor.java:218)
	at org.junit.platform.engine.support.hierarchical.ThrowableCollector.execute(ThrowableCollector.java:73)
	at org.junit.jupiter.engine.descriptor.TestMethodTestDescriptor.invokeTestMethod(TestMethodTestDescriptor.java:214)
	at org.junit.jupiter.engine.descriptor.TestMethodTestDescriptor.execute(TestMethodTestDescriptor.java:139)
	at org.junit.jupiter.engine.descriptor.TestMethodTestDescriptor.execute(TestMethodTestDescriptor.java:69)
	at org.junit.platform.engine.support.hierarchical.NodeTestTask.lambda$executeRecursively$6(NodeTestTask.java:151)
	at org.junit.platform.engine.support.hierarchical.ThrowableCollector.execute(ThrowableCollector.java:73)
	at org.junit.platform.engine.support.hierarchical.NodeTestTask.lambda$executeRecursively$8(NodeTestTask.java:141)
	at org.junit.platform.engine.support.hierarchical.Node.around(Node.java:137)
	at org.junit.platform.engine.support.hierarchical.NodeTestTask.lambda$executeRecursively$9(NodeTestTask.java:139)
	at org.junit.platform.engine.support.hierarchical.ThrowableCollector.execute(ThrowableCollector.java:73)
	at org.junit.platform.engine.support.hierarchical.NodeTestTask.executeRecursively(NodeTestTask.java:138)
	at org.junit.platform.engine.support.hierarchical.NodeTestTask.execute(NodeTestTask.java:95)
	at java.base/java.util.ArrayList.forEach(ArrayList.java:1596)
	at org.junit.platform.engine.support.hierarchical.SameThreadHierarchicalTestExecutorService.invokeAll(SameThreadHierarchicalTestExecutorService.java:41)
	at org.junit.platform.engine.support.hierarchical.NodeTestTask.lambda$executeRecursively$6(NodeTestTask.java:155)
	at org.junit.platform.engine.support.hierarchical.ThrowableCollector.execute(ThrowableCollector.java:73)
	at org.junit.platform.engine.support.hierarchical.NodeTestTask.lambda$executeRecursively$8(NodeTestTask.java:141)
	at org.junit.platform.engine.support.hierarchical.Node.around(Node.java:137)
	at org.junit.platform.engine.support.hierarchical.NodeTestTask.lambda$executeRecursively$9(NodeTestTask.java:139)
	at org.junit.platform.engine.support.hierarchical.ThrowableCollector.execute(ThrowableCollector.java:73)
	at org.junit.platform.engine.support.hierarchical.NodeTestTask.executeRecursively(NodeTestTask.java:138)
	at org.junit.platform.engine.support.hierarchical.NodeTestTask.execute(NodeTestTask.java:95)
	at java.base/java.util.ArrayList.forEach(ArrayList.java:1596)
	at org.junit.platform.engine.support.hierarchical.SameThreadHierarchicalTestExecutorService.invokeAll(SameThreadHierarchicalTestExecutorService.java:41)
	at org.junit.platform.engine.support.hierarchical.NodeTestTask.lambda$executeRecursively$6(NodeTestTask.java:155)
	at org.junit.platform.engine.support.hierarchical.ThrowableCollector.execute(ThrowableCollector.java:73)
	at org.junit.platform.engine.support.hierarchical.NodeTestTask.lambda$executeRecursively$8(NodeTestTask.java:141)
	at org.junit.platform.engine.support.hierarchical.Node.around(Node.java:137)
	at org.junit.platform.engine.support.hierarchical.NodeTestTask.lambda$executeRecursively$9(NodeTestTask.java:139)
	at org.junit.platform.engine.support.hierarchical.ThrowableCollector.execute(ThrowableCollector.java:73)
	at org.junit.platform.engine.support.hierarchical.NodeTestTask.executeRecursively(NodeTestTask.java:138)
	at org.junit.platform.engine.support.hierarchical.NodeTestTask.execute(NodeTestTask.java:95)
	at org.junit.platform.engine.support.hierarchical.SameThreadHierarchicalTestExecutorService.submit(SameThreadHierarchicalTestExecutorService.java:35)
	at org.junit.platform.engine.support.hierarchical.HierarchicalTestExecutor.execute(HierarchicalTestExecutor.java:57)
	at org.junit.platform.engine.support.hierarchical.HierarchicalTestEngine.execute(HierarchicalTestEngine.java:54)
	at org.junit.platform.launcher.core.EngineExecutionOrchestrator.execute(EngineExecutionOrchestrator.java:198)
	at org.junit.platform.launcher.core.EngineExecutionOrchestrator.execute(EngineExecutionOrchestrator.java:169)
	at org.junit.platform.launcher.core.EngineExecutionOrchestrator.execute(EngineExecutionOrchestrator.java:93)
	at org.junit.platform.launcher.core.EngineExecutionOrchestrator.lambda$execute$0(EngineExecutionOrchestrator.java:58)
	at org.junit.platform.launcher.core.EngineExecutionOrchestrator.withInterceptedStreams(EngineExecutionOrchestrator.java:141)
	at org.junit.platform.launcher.core.EngineExecutionOrchestrator.execute(EngineExecutionOrchestrator.java:57)
	at org.junit.platform.launcher.core.DefaultLauncher.execute(DefaultLauncher.java:103)
	at org.junit.platform.launcher.core.DefaultLauncher.execute(DefaultLauncher.java:85)
	at org.junit.platform.launcher.core.DelegatingLauncher.execute(DelegatingLauncher.java:47)
	at org.junit.platform.launcher.core.SessionPerRequestLauncher.execute(SessionPerRequestLauncher.java:63)
	at com.intellij.junit5.JUnit5IdeaTestRunner.startRunnerWithArgs(JUnit5IdeaTestRunner.java:57)
	at com.intellij.rt.junit.IdeaTestRunner$Repeater$1.execute(IdeaTestRunner.java:38)
	at com.intellij.rt.execution.junit.TestsRepeater.repeat(TestsRepeater.java:11)
	at com.intellij.rt.junit.IdeaTestRunner$Repeater.startRunnerWithArgs(IdeaTestRunner.java:35)
	at com.intellij.rt.junit.JUnitStarter.prepareStreamsAndStart(JUnitStarter.java:232)
	at com.intellij.rt.junit.JUnitStarter.main(JUnitStarter.java:55)
2025-02-04 15:22:32 [main] INFO  l.insoft.uztis.tests.utils.TestUtils - Screenshot moved to C:\Users\ingrida.zadorozniene\Desktop\Asm\UZTIS\UZTIS_tests\test-output\screenshots\20250204\152232465_testFillNewDVPApplication().png
2025-02-04 15:26:56 [main] INFO  lt.insoft.uztis.tests.UztisPageTest - Navigated to https://uztisdev.asseco.lt/home
2025-02-04 15:26:56 [main] INFO  l.i.u.t.SubmittedApplicationsPageTest - Starting test:'testFillNewDVPApplication'
2025-02-04 15:26:56 [main] DEBUG l.i.u.t.SubmittedApplicationsPageTest - User logged in with test credentials.
2025-02-04 15:26:57 [main] DEBUG l.i.u.t.SubmittedApplicationsPageTest - Opened 'Application Processing' menu.
2025-02-04 15:26:57 [main] DEBUG l.i.u.t.SubmittedApplicationsPageTest - Clicked on 'Application Forms' menu.
2025-02-04 15:26:57 [main] DEBUG l.i.u.t.SubmittedApplicationsPageTest - Retrieved last description code text: 'TST-DVP-73'.
2025-02-04 15:26:57 [main] DEBUG l.i.u.t.SubmittedApplicationsPageTest - Clicked on 'Invitation' menu.
2025-02-04 15:26:58 [main] DEBUG l.i.u.t.SubmittedApplicationsPageTest - Selected application section by code: 'TST-DVP-73'.
2025-02-04 15:26:58 [main] DEBUG l.i.u.t.SubmittedApplicationsPageTest - Clicked 'Search' button.
2025-02-04 15:26:58 [main] DEBUG l.i.u.t.SubmittedApplicationsPageTest - Retrieved invitation code: ''.
2025-02-04 15:26:58 [main] DEBUG l.i.u.t.SubmittedApplicationsPageTest - Clicked on 'Submitted Applications' menu.
2025-02-04 15:26:59 [main] DEBUG l.i.u.t.SubmittedApplicationsPageTest - Selected invitation by code: 'TST-DVP-73'.
2025-02-04 15:26:59 [main] DEBUG l.i.u.t.SubmittedApplicationsPageTest - Invitation code inserted.
2025-02-04 15:26:59 [main] DEBUG l.i.u.t.SubmittedApplicationsPageTest - Clicked on 'Action Application' button.
2025-02-04 15:27:00 [main] DEBUG l.i.u.t.SubmittedApplicationsPageTest - Clicked on 'New Application' button.
2025-02-04 15:27:00 [main] DEBUG l.i.u.t.SubmittedApplicationsPageTest - Selected the 'RadioButtonFA' option.
2025-02-04 15:27:00 [main] DEBUG l.i.u.t.SubmittedApplicationsPageTest - Entered phone number: '61298745'.
2025-02-04 15:27:00 [main] DEBUG l.i.u.t.SubmittedApplicationsPageTest - Entered email: 'test@autotest.com'.
2025-02-04 15:27:11 [main] DEBUG l.i.u.t.SubmittedApplicationsPageTest - Checked 'For workplace adaptation' checkbox 1.
2025-02-04 15:27:21 [main] DEBUG l.i.u.t.SubmittedApplicationsPageTest - Checked 'For environmental adaptation' checkbox 2.
2025-02-04 15:27:21 [main] INFO  l.i.u.p.SubmittedApplicationsPage - Located the dropdown button.
2025-02-04 15:27:35 [main] INFO  l.i.u.p.SubmittedApplicationsPage - Found 1741 options in the dropdown.
2025-02-04 15:27:35 [main] INFO  l.i.u.p.SubmittedApplicationsPage - Successfully selected the value: '01.11 - Grūdinių (išskyrus ryžius), ankštinių ir aliejingų sėklų augalų auginimas'
2025-02-04 15:27:45 [main] ERROR l.i.u.p.SubmittedApplicationsPage - Failed to close the dropdown with aria-expanded = 'false'. Attempting manual close.
2025-02-04 15:27:45 [main] INFO  l.i.u.p.SubmittedApplicationsPage - Manual close attempt for the dropdown using body click.
2025-02-04 15:27:45 [main] DEBUG l.i.u.t.SubmittedApplicationsPageTest - Selected EVRK value: '01.11 - Grūdinių (išskyrus ryžius), ankštinių ir aliejingų sėklų augalų auginimas'.
2025-02-04 15:27:46 [main] DEBUG l.i.u.t.SubmittedApplicationsPageTest - Entered address: 'Vilniaus m. sav., Vilnius, Testo g. 10T'.
2025-02-04 15:27:46 [main] DEBUG l.i.u.t.SubmittedApplicationsPageTest - Selected 'For already working' option.
2025-02-04 15:27:46 [main] DEBUG l.i.u.t.SubmittedApplicationsPageTest - Entered person count1: '1'.
2025-02-04 15:27:46 [main] DEBUG l.i.u.t.SubmittedApplicationsPageTest - Selected 'For new working' option.
2025-02-04 15:27:46 [main] DEBUG l.i.u.t.SubmittedApplicationsPageTest - Entered person count2: '1'.
2025-02-04 15:27:46 [main] INFO  l.i.u.p.SubmittedApplicationsPage - Located the dropdown button.
2025-02-04 15:28:14 [main] ERROR l.i.u.p.SubmittedApplicationsPage - Dropdown button click failed: invalid session id: session deleted as the browser has closed the connection
from disconnected: unable to send message to renderer
  (Session info: chrome=132.0.6834.160)
Build info: version: '4.27.0', revision: 'd6e718d134'
System info: os.name: 'Windows 11', os.arch: 'amd64', os.version: '10.0', java.version: '21.0.3'
Driver info: org.openqa.selenium.chrome.ChromeDriver
Command: [478ea434d25e9ba05aff7c6f801eaa8a, findElement {value=//mat-label[contains(text(), 'Darbo vietos pavadinimas')], using=xpath}]
Capabilities {acceptInsecureCerts: false, browserName: chrome, browserVersion: 132.0.6834.160, chrome: {chromedriverVersion: 132.0.6834.159 (2d77d3fc445..., userDataDir: C:\Users\INGRID~1.ZAD\AppDa...}, fedcm:accounts: true, goog:chromeOptions: {debuggerAddress: localhost:57453}, networkConnectionEnabled: false, pageLoadStrategy: normal, platformName: windows, proxy: Proxy(), se:cdp: ws://localhost:57453/devtoo..., se:cdpVersion: 132.0.6834.160, setWindowRect: true, strictFileInteractability: false, timeouts: {implicit: 0, pageLoad: 300000, script: 30000}, unhandledPromptBehavior: dismiss and notify, webauthn:extension:credBlob: true, webauthn:extension:largeBlob: true, webauthn:extension:minPinLength: true, webauthn:extension:prf: true, webauthn:virtualAuthenticators: true}
Session ID: 478ea434d25e9ba05aff7c6f801eaa8a
2025-02-04 15:28:14 [main] ERROR l.i.u.p.SubmittedApplicationsPage - Failed to select dropdown option: invalid session id
Build info: version: '4.27.0', revision: 'd6e718d134'
System info: os.name: 'Windows 11', os.arch: 'amd64', os.version: '10.0', java.version: '21.0.3'
Driver info: org.openqa.selenium.chrome.ChromeDriver
Command: [478ea434d25e9ba05aff7c6f801eaa8a, findElements {value=//mat-option/span, using=xpath}]
Capabilities {acceptInsecureCerts: false, browserName: chrome, browserVersion: 132.0.6834.160, chrome: {chromedriverVersion: 132.0.6834.159 (2d77d3fc445..., userDataDir: C:\Users\INGRID~1.ZAD\AppDa...}, fedcm:accounts: true, goog:chromeOptions: {debuggerAddress: localhost:57453}, networkConnectionEnabled: false, pageLoadStrategy: normal, platformName: windows, proxy: Proxy(), se:cdp: ws://localhost:57453/devtoo..., se:cdpVersion: 132.0.6834.160, setWindowRect: true, strictFileInteractability: false, timeouts: {implicit: 0, pageLoad: 300000, script: 30000}, unhandledPromptBehavior: dismiss and notify, webauthn:extension:credBlob: true, webauthn:extension:largeBlob: true, webauthn:extension:minPinLength: true, webauthn:extension:prf: true, webauthn:virtualAuthenticators: true}
Session ID: 478ea434d25e9ba05aff7c6f801eaa8a
2025-02-04 15:28:14 [main] ERROR l.i.u.t.SubmittedApplicationsPageTest - Test 'testFillNewDVPApplication' failed with error: invalid session id
Build info: version: '4.27.0', revision: 'd6e718d134'
System info: os.name: 'Windows 11', os.arch: 'amd64', os.version: '10.0', java.version: '21.0.3'
Driver info: org.openqa.selenium.chrome.ChromeDriver
Command: [478ea434d25e9ba05aff7c6f801eaa8a, findElement {value=//mat-label[contains(text(), 'Darbo vietos pavadinimas')], using=xpath}]
Capabilities {acceptInsecureCerts: false, browserName: chrome, browserVersion: 132.0.6834.160, chrome: {chromedriverVersion: 132.0.6834.159 (2d77d3fc445..., userDataDir: C:\Users\INGRID~1.ZAD\AppDa...}, fedcm:accounts: true, goog:chromeOptions: {debuggerAddress: localhost:57453}, networkConnectionEnabled: false, pageLoadStrategy: normal, platformName: windows, proxy: Proxy(), se:cdp: ws://localhost:57453/devtoo..., se:cdpVersion: 132.0.6834.160, setWindowRect: true, strictFileInteractability: false, timeouts: {implicit: 0, pageLoad: 300000, script: 30000}, unhandledPromptBehavior: dismiss and notify, webauthn:extension:credBlob: true, webauthn:extension:largeBlob: true, webauthn:extension:minPinLength: true, webauthn:extension:prf: true, webauthn:virtualAuthenticators: true}
Session ID: 478ea434d25e9ba05aff7c6f801eaa8a
org.openqa.selenium.NoSuchSessionException: invalid session id
Build info: version: '4.27.0', revision: 'd6e718d134'
System info: os.name: 'Windows 11', os.arch: 'amd64', os.version: '10.0', java.version: '21.0.3'
Driver info: org.openqa.selenium.chrome.ChromeDriver
Command: [478ea434d25e9ba05aff7c6f801eaa8a, findElement {value=//mat-label[contains(text(), 'Darbo vietos pavadinimas')], using=xpath}]
Capabilities {acceptInsecureCerts: false, browserName: chrome, browserVersion: 132.0.6834.160, chrome: {chromedriverVersion: 132.0.6834.159 (2d77d3fc445..., userDataDir: C:\Users\INGRID~1.ZAD\AppDa...}, fedcm:accounts: true, goog:chromeOptions: {debuggerAddress: localhost:57453}, networkConnectionEnabled: false, pageLoadStrategy: normal, platformName: windows, proxy: Proxy(), se:cdp: ws://localhost:57453/devtoo..., se:cdpVersion: 132.0.6834.160, setWindowRect: true, strictFileInteractability: false, timeouts: {implicit: 0, pageLoad: 300000, script: 30000}, unhandledPromptBehavior: dismiss and notify, webauthn:extension:credBlob: true, webauthn:extension:largeBlob: true, webauthn:extension:minPinLength: true, webauthn:extension:prf: true, webauthn:virtualAuthenticators: true}
Session ID: 478ea434d25e9ba05aff7c6f801eaa8a
	at java.base/jdk.internal.reflect.DirectConstructorHandleAccessor.newInstance(DirectConstructorHandleAccessor.java:62)
	at java.base/java.lang.reflect.Constructor.newInstanceWithCaller(Constructor.java:502)
	at java.base/java.lang.reflect.Constructor.newInstance(Constructor.java:486)
	at org.openqa.selenium.remote.ErrorCodec.decode(ErrorCodec.java:167)
	at org.openqa.selenium.remote.codec.w3c.W3CHttpResponseCodec.decode(W3CHttpResponseCodec.java:138)
	at org.openqa.selenium.remote.codec.w3c.W3CHttpResponseCodec.decode(W3CHttpResponseCodec.java:50)
	at org.openqa.selenium.remote.HttpCommandExecutor.execute(HttpCommandExecutor.java:190)
	at org.openqa.selenium.remote.service.DriverCommandExecutor.invokeExecute(DriverCommandExecutor.java:216)
	at org.openqa.selenium.remote.service.DriverCommandExecutor.execute(DriverCommandExecutor.java:174)
	at org.openqa.selenium.remote.RemoteWebDriver.execute(RemoteWebDriver.java:545)
	at org.openqa.selenium.remote.ElementLocation$ElementFinder$2.findElement(ElementLocation.java:165)
	at org.openqa.selenium.remote.ElementLocation.findElement(ElementLocation.java:59)
	at org.openqa.selenium.remote.RemoteWebDriver.findElement(RemoteWebDriver.java:368)
	at org.openqa.selenium.remote.RemoteWebDriver.findElement(RemoteWebDriver.java:362)
	at org.openqa.selenium.support.pagefactory.DefaultElementLocator.findElement(DefaultElementLocator.java:68)
	at org.openqa.selenium.support.pagefactory.internal.LocatingElementHandler.invoke(LocatingElementHandler.java:38)
	at jdk.proxy2/jdk.proxy2.$Proxy14.getAttribute(Unknown Source)
	at org.openqa.selenium.support.ui.ExpectedConditions$39.apply(ExpectedConditions.java:1094)
	at org.openqa.selenium.support.ui.ExpectedConditions$39.apply(ExpectedConditions.java:1089)
	at org.openqa.selenium.support.ui.FluentWait.until(FluentWait.java:203)
	at lt.insoft.uztis.pages.SubmittedApplicationsPage.selectDropdownJobName(SubmittedApplicationsPage.java:531)
	at lt.insoft.uztis.tests.SubmittedApplicationsPageTest.testFillNewDVPApplication(SubmittedApplicationsPageTest.java:501)
	at java.base/jdk.internal.reflect.DirectMethodHandleAccessor.invoke(DirectMethodHandleAccessor.java:103)
	at java.base/java.lang.reflect.Method.invoke(Method.java:580)
	at org.junit.platform.commons.util.ReflectionUtils.invokeMethod(ReflectionUtils.java:728)
	at org.junit.jupiter.engine.execution.MethodInvocation.proceed(MethodInvocation.java:60)
	at org.junit.jupiter.engine.execution.InvocationInterceptorChain$ValidatingInvocation.proceed(InvocationInterceptorChain.java:131)
	at org.junit.jupiter.engine.extension.TimeoutExtension.intercept(TimeoutExtension.java:156)
	at org.junit.jupiter.engine.extension.TimeoutExtension.interceptTestableMethod(TimeoutExtension.java:147)
	at org.junit.jupiter.engine.extension.TimeoutExtension.interceptTestMethod(TimeoutExtension.java:86)
	at org.junit.jupiter.engine.execution.InterceptingExecutableInvoker$ReflectiveInterceptorCall.lambda$ofVoidMethod$0(InterceptingExecutableInvoker.java:103)
	at org.junit.jupiter.engine.execution.InterceptingExecutableInvoker.lambda$invoke$0(InterceptingExecutableInvoker.java:93)
	at org.junit.jupiter.engine.execution.InvocationInterceptorChain$InterceptedInvocation.proceed(InvocationInterceptorChain.java:106)
	at org.junit.jupiter.engine.execution.InvocationInterceptorChain.proceed(InvocationInterceptorChain.java:64)
	at org.junit.jupiter.engine.execution.InvocationInterceptorChain.chainAndInvoke(InvocationInterceptorChain.java:45)
	at org.junit.jupiter.engine.execution.InvocationInterceptorChain.invoke(InvocationInterceptorChain.java:37)
	at org.junit.jupiter.engine.execution.InterceptingExecutableInvoker.invoke(InterceptingExecutableInvoker.java:92)
	at org.junit.jupiter.engine.execution.InterceptingExecutableInvoker.invoke(InterceptingExecutableInvoker.java:86)
	at org.junit.jupiter.engine.descriptor.TestMethodTestDescriptor.lambda$invokeTestMethod$7(TestMethodTestDescriptor.java:218)
	at org.junit.platform.engine.support.hierarchical.ThrowableCollector.execute(ThrowableCollector.java:73)
	at org.junit.jupiter.engine.descriptor.TestMethodTestDescriptor.invokeTestMethod(TestMethodTestDescriptor.java:214)
	at org.junit.jupiter.engine.descriptor.TestMethodTestDescriptor.execute(TestMethodTestDescriptor.java:139)
	at org.junit.jupiter.engine.descriptor.TestMethodTestDescriptor.execute(TestMethodTestDescriptor.java:69)
	at org.junit.platform.engine.support.hierarchical.NodeTestTask.lambda$executeRecursively$6(NodeTestTask.java:151)
	at org.junit.platform.engine.support.hierarchical.ThrowableCollector.execute(ThrowableCollector.java:73)
	at org.junit.platform.engine.support.hierarchical.NodeTestTask.lambda$executeRecursively$8(NodeTestTask.java:141)
	at org.junit.platform.engine.support.hierarchical.Node.around(Node.java:137)
	at org.junit.platform.engine.support.hierarchical.NodeTestTask.lambda$executeRecursively$9(NodeTestTask.java:139)
	at org.junit.platform.engine.support.hierarchical.ThrowableCollector.execute(ThrowableCollector.java:73)
	at org.junit.platform.engine.support.hierarchical.NodeTestTask.executeRecursively(NodeTestTask.java:138)
	at org.junit.platform.engine.support.hierarchical.NodeTestTask.execute(NodeTestTask.java:95)
	at java.base/java.util.ArrayList.forEach(ArrayList.java:1596)
	at org.junit.platform.engine.support.hierarchical.SameThreadHierarchicalTestExecutorService.invokeAll(SameThreadHierarchicalTestExecutorService.java:41)
	at org.junit.platform.engine.support.hierarchical.NodeTestTask.lambda$executeRecursively$6(NodeTestTask.java:155)
	at org.junit.platform.engine.support.hierarchical.ThrowableCollector.execute(ThrowableCollector.java:73)
	at org.junit.platform.engine.support.hierarchical.NodeTestTask.lambda$executeRecursively$8(NodeTestTask.java:141)
	at org.junit.platform.engine.support.hierarchical.Node.around(Node.java:137)
	at org.junit.platform.engine.support.hierarchical.NodeTestTask.lambda$executeRecursively$9(NodeTestTask.java:139)
	at org.junit.platform.engine.support.hierarchical.ThrowableCollector.execute(ThrowableCollector.java:73)
	at org.junit.platform.engine.support.hierarchical.NodeTestTask.executeRecursively(NodeTestTask.java:138)
	at org.junit.platform.engine.support.hierarchical.NodeTestTask.execute(NodeTestTask.java:95)
	at java.base/java.util.ArrayList.forEach(ArrayList.java:1596)
	at org.junit.platform.engine.support.hierarchical.SameThreadHierarchicalTestExecutorService.invokeAll(SameThreadHierarchicalTestExecutorService.java:41)
	at org.junit.platform.engine.support.hierarchical.NodeTestTask.lambda$executeRecursively$6(NodeTestTask.java:155)
	at org.junit.platform.engine.support.hierarchical.ThrowableCollector.execute(ThrowableCollector.java:73)
	at org.junit.platform.engine.support.hierarchical.NodeTestTask.lambda$executeRecursively$8(NodeTestTask.java:141)
	at org.junit.platform.engine.support.hierarchical.Node.around(Node.java:137)
	at org.junit.platform.engine.support.hierarchical.NodeTestTask.lambda$executeRecursively$9(NodeTestTask.java:139)
	at org.junit.platform.engine.support.hierarchical.ThrowableCollector.execute(ThrowableCollector.java:73)
	at org.junit.platform.engine.support.hierarchical.NodeTestTask.executeRecursively(NodeTestTask.java:138)
	at org.junit.platform.engine.support.hierarchical.NodeTestTask.execute(NodeTestTask.java:95)
	at org.junit.platform.engine.support.hierarchical.SameThreadHierarchicalTestExecutorService.submit(SameThreadHierarchicalTestExecutorService.java:35)
	at org.junit.platform.engine.support.hierarchical.HierarchicalTestExecutor.execute(HierarchicalTestExecutor.java:57)
	at org.junit.platform.engine.support.hierarchical.HierarchicalTestEngine.execute(HierarchicalTestEngine.java:54)
	at org.junit.platform.launcher.core.EngineExecutionOrchestrator.execute(EngineExecutionOrchestrator.java:198)
	at org.junit.platform.launcher.core.EngineExecutionOrchestrator.execute(EngineExecutionOrchestrator.java:169)
	at org.junit.platform.launcher.core.EngineExecutionOrchestrator.execute(EngineExecutionOrchestrator.java:93)
	at org.junit.platform.launcher.core.EngineExecutionOrchestrator.lambda$execute$0(EngineExecutionOrchestrator.java:58)
	at org.junit.platform.launcher.core.EngineExecutionOrchestrator.withInterceptedStreams(EngineExecutionOrchestrator.java:141)
	at org.junit.platform.launcher.core.EngineExecutionOrchestrator.execute(EngineExecutionOrchestrator.java:57)
	at org.junit.platform.launcher.core.DefaultLauncher.execute(DefaultLauncher.java:103)
	at org.junit.platform.launcher.core.DefaultLauncher.execute(DefaultLauncher.java:85)
	at org.junit.platform.launcher.core.DelegatingLauncher.execute(DelegatingLauncher.java:47)
	at org.junit.platform.launcher.core.SessionPerRequestLauncher.execute(SessionPerRequestLauncher.java:63)
	at com.intellij.junit5.JUnit5IdeaTestRunner.startRunnerWithArgs(JUnit5IdeaTestRunner.java:57)
	at com.intellij.rt.junit.IdeaTestRunner$Repeater$1.execute(IdeaTestRunner.java:38)
	at com.intellij.rt.execution.junit.TestsRepeater.repeat(TestsRepeater.java:11)
	at com.intellij.rt.junit.IdeaTestRunner$Repeater.startRunnerWithArgs(IdeaTestRunner.java:35)
	at com.intellij.rt.junit.JUnitStarter.prepareStreamsAndStart(JUnitStarter.java:232)
	at com.intellij.rt.junit.JUnitStarter.main(JUnitStarter.java:55)
2025-02-05 07:15:46 [main] INFO  lt.insoft.uztis.tests.UztisPageTest - Navigated to https://uztisdev.asseco.lt/home
2025-02-05 07:15:46 [main] INFO  l.i.u.t.SubmittedApplicationsPageTest - Starting test:'testFillNewVUIPApplication'
2025-02-05 07:15:46 [main] DEBUG l.i.u.t.SubmittedApplicationsPageTest - User logged in with test credentials.
2025-02-05 07:15:47 [main] DEBUG l.i.u.t.SubmittedApplicationsPageTest - Opened 'Application Processing' menu.
2025-02-05 07:15:47 [main] DEBUG l.i.u.t.SubmittedApplicationsPageTest - Clicked on 'Application Forms' menu.
2025-02-05 07:15:47 [main] DEBUG l.i.u.t.SubmittedApplicationsPageTest - Retrieved last description code text: 'TST-VUI-27'.
2025-02-05 07:15:47 [main] DEBUG l.i.u.t.SubmittedApplicationsPageTest - Clicked on 'Invitation' menu.
2025-02-05 07:15:48 [main] DEBUG l.i.u.t.SubmittedApplicationsPageTest - Selected application section by code: 'TST-VUI-27'.
2025-02-05 07:15:48 [main] DEBUG l.i.u.t.SubmittedApplicationsPageTest - Clicked 'Search' button.
2025-02-05 07:15:48 [main] DEBUG l.i.u.t.SubmittedApplicationsPageTest - Retrieved invitation code: ''.
2025-02-05 07:15:48 [main] DEBUG l.i.u.t.SubmittedApplicationsPageTest - Clicked on 'Submitted Applications' menu.
2025-02-05 07:15:49 [main] DEBUG l.i.u.t.SubmittedApplicationsPageTest - Selected invitation by code: 'TST-VUI-27'.
2025-02-05 07:15:49 [main] DEBUG l.i.u.t.SubmittedApplicationsPageTest - Invitation code inserted.
2025-02-05 07:15:49 [main] DEBUG l.i.u.t.SubmittedApplicationsPageTest - Clicked on 'Action Application' button.
2025-02-05 07:15:50 [main] DEBUG l.i.u.t.SubmittedApplicationsPageTest - Clicked on 'New Application' button.
2025-02-05 07:15:50 [main] DEBUG l.i.u.t.SubmittedApplicationsPageTest - Selected the 'RadioButtonFA' option.
2025-02-05 07:15:50 [main] DEBUG l.i.u.t.SubmittedApplicationsPageTest - Entered phone number: '61298745'.
2025-02-05 07:15:50 [main] DEBUG l.i.u.t.SubmittedApplicationsPageTest - Entered email: 'test@autotest.com'.
2025-02-05 07:15:50 [main] INFO  l.i.u.p.SubmittedApplicationsPage - Located the dropdown button.
2025-02-05 07:16:09 [main] INFO  l.i.u.p.SubmittedApplicationsPage - Found 1741 options in the dropdown.
2025-02-05 07:16:09 [main] INFO  l.i.u.p.SubmittedApplicationsPage - Successfully selected the value: '01.11 - Grūdinių (išskyrus ryžius), ankštinių ir aliejingų sėklų augalų auginimas'
2025-02-05 07:16:19 [main] ERROR l.i.u.p.SubmittedApplicationsPage - Failed to close the dropdown with aria-expanded = 'false'. Attempting manual close.
2025-02-05 07:16:19 [main] INFO  l.i.u.p.SubmittedApplicationsPage - Manual close attempt for the dropdown using body click.
2025-02-05 07:16:19 [main] DEBUG l.i.u.t.SubmittedApplicationsPageTest - Selected EVRK value: '01.11 - Grūdinių (išskyrus ryžius), ankštinių ir aliejingų sėklų augalų auginimas'.
2025-02-05 07:16:20 [main] DEBUG l.i.u.t.SubmittedApplicationsPageTest - Entered address: 'Vilniaus m. sav., Vilnius, Testo g. 10T'.
2025-02-05 07:16:20 [main] DEBUG l.i.u.t.SubmittedApplicationsPageTest - Entered project date.
2025-02-05 07:16:20 [main] DEBUG l.i.u.t.SubmittedApplicationsPageTest - Entered job count: '1'.
2025-02-05 07:16:20 [main] DEBUG l.i.u.t.SubmittedApplicationsPageTest - Clicked 'Next' button.
2025-02-05 07:16:20 [main] INFO  l.i.u.p.SubmittedApplicationsPage - Located the dropdown button.
2025-02-05 07:16:21 [main] INFO  l.i.u.p.SubmittedApplicationsPage - Successfully selected the value: 'Administratoriai'
2025-02-05 07:16:51 [main] ERROR l.i.u.p.SubmittedApplicationsPage - Timeout while waiting for dropdown to close with aria-expanded = 'false'.
2025-02-05 07:16:51 [main] DEBUG l.i.u.t.SubmittedApplicationsPageTest - Selected job name: 'Administratoriai'.
2025-02-05 07:16:52 [main] DEBUG l.i.u.t.SubmittedApplicationsPageTest - Entered job function: 'Funkcija 1'.
2025-02-05 07:16:52 [main] DEBUG l.i.u.t.SubmittedApplicationsPageTest - Selected 'RadioButtonWithDisabilities' option.
2025-02-05 07:16:52 [main] INFO  l.i.u.p.SubmittedApplicationsPage - Clicking on the dropdown button.
2025-02-05 07:16:52 [main] INFO  l.i.u.p.SubmittedApplicationsPage - Found 34 options in the dropdown.
2025-02-05 07:16:52 [main] DEBUG l.i.u.p.SubmittedApplicationsPage - Checking option: 'Asmenys, kuriems suteiktas pabėgėlio statusas ar perkeliamojo asmens statusas, arba asmenys, kuriems suteikta papildoma ar laikinoji apsauga, ir asmenys, turintys teisę gauti laikinąją apsaugą, iki sprendimo dėl laikinosios apsaugos suteikimo (nesuteikimo) priėmimo, tačiau ne ilgiau kaip laikinosios apsaugos laikotarpiu'
2025-02-05 07:16:52 [main] DEBUG l.i.u.p.SubmittedApplicationsPage - Checking option: 'Asmenys, kuriems suteiktas pabėgėlio statusas ar perkeliamojo asmens statusas, arba asmenys, kuriems suteikta papildoma ar laikinoji apsauga, ir asmenys, turintys teisę gauti laikinąją apsaugą, iki sprendimo dėl laikinosios apsaugos suteikimo (nesuteikimo) priėmimo, tačiau ne ilgiau kaip laikinosios apsaugos laikotarpiu'
2025-02-05 07:16:52 [main] DEBUG l.i.u.p.SubmittedApplicationsPage - Checking option: 'Asmenys, turintys teisę į papildomas užimtumo garantijas pagal Lietuvos Respublikos valstybės įmonės Ignalinos atominės elektrinės darbuotojų papildomų užimtumo ir socialinių garantijų įstatymą'
2025-02-05 07:16:52 [main] DEBUG l.i.u.p.SubmittedApplicationsPage - Checking option: 'Asmenys, turintys teisę į papildomas užimtumo garantijas pagal Lietuvos Respublikos valstybės įmonės Ignalinos atominės elektrinės darbuotojų papildomų užimtumo ir socialinių garantijų įstatymą'
2025-02-05 07:16:52 [main] DEBUG l.i.u.p.SubmittedApplicationsPage - Checking option: 'Bedarbiai iki 29 metų'
2025-02-05 07:16:52 [main] DEBUG l.i.u.p.SubmittedApplicationsPage - Checking option: 'Bedarbiai iki 29 metų'
2025-02-05 07:16:52 [main] DEBUG l.i.u.p.SubmittedApplicationsPage - Checking option: 'Bedarbiai, kurie yra darbingo amžiaus neįgalieji, kuriems nustatytas 30–40 procentų darbingumo lygis arba vidutinis neįgalumo lygis'
2025-02-05 07:16:52 [main] DEBUG l.i.u.p.SubmittedApplicationsPage - Checking option: 'Bedarbiai, kurie yra darbingo amžiaus neįgalieji, kuriems nustatytas 30–40 procentų darbingumo lygis arba vidutinis neįgalumo lygis'
2025-02-05 07:16:52 [main] DEBUG l.i.u.p.SubmittedApplicationsPage - Checking option: 'Bedarbiai, kurie yra darbingo amžiaus neįgalieji, kuriems nustatytas 45–55 procentų darbingumo lygis arba lengvas neįgalumo lygis'
2025-02-05 07:16:52 [main] DEBUG l.i.u.p.SubmittedApplicationsPage - Checking option: 'Bedarbiai, kurie yra darbingo amžiaus neįgalieji, kuriems nustatytas 45–55 procentų darbingumo lygis arba lengvas neįgalumo lygis'
2025-02-05 07:16:52 [main] DEBUG l.i.u.p.SubmittedApplicationsPage - Checking option: 'Bedarbiai, kurie yra darbingo amžiaus neįgalieji, kuriems nustatytas iki 25 procentų darbingumo lygis arba sunkus neįgalumo lygis'
2025-02-05 07:16:52 [main] INFO  l.i.u.p.SubmittedApplicationsPage - Successfully selected the value: 'Bedarbiai, kurie yra darbingo amžiaus neįgalieji, kuriems nustatytas iki 25 procentų darbingumo lygis arba sunkus neįgalumo lygis'
2025-02-05 07:16:52 [main] INFO  l.i.u.p.SubmittedApplicationsPage - Attempting to close the dropdown.
2025-02-05 07:17:03 [main] INFO  l.i.u.p.SubmittedApplicationsPage - Dropdown should be closed now.
2025-02-05 07:17:03 [main] DEBUG l.i.u.t.SubmittedApplicationsPageTest - Selected disabilities type: 'Bedarbiai, kurie yra darbingo amžiaus neįgalieji, kuriems nustatytas iki 25 procentų darbingumo lygis arba sunkus neįgalumo lygis'.
2025-02-05 07:17:03 [main] DEBUG l.i.u.t.SubmittedApplicationsPageTest - Entered disability information: 'Negalia 1'.
2025-02-05 07:17:03 [main] INFO  l.i.u.p.SubmittedApplicationsPage - Located the dropdown button.
2025-02-05 07:17:03 [main] INFO  l.i.u.p.SubmittedApplicationsPage - Successfully selected the value: 'Kita'
2025-02-05 07:17:14 [main] ERROR l.i.u.p.SubmittedApplicationsPage - Timeout while waiting for dropdown to close with aria-expanded = 'false'.
2025-02-05 07:17:14 [main] DEBUG l.i.u.t.SubmittedApplicationsPageTest - Selected time mode: 'Kita'.
2025-02-05 07:17:14 [main] DEBUG l.i.u.t.SubmittedApplicationsPageTest - Selected time mode other: '6 val. per dieną ir 4 d. per savaitę'.
2025-02-05 07:17:14 [main] DEBUG l.i.u.t.SubmittedApplicationsPageTest - Entered qualification: 'Kvalifikacija 1'.
2025-02-05 07:17:14 [main] DEBUG l.i.u.t.SubmittedApplicationsPageTest - Entered job date.
2025-02-05 07:17:15 [main] DEBUG l.i.u.t.SubmittedApplicationsPageTest - Entered salary amount: '1200'.
2025-02-05 07:17:15 [main] DEBUG l.i.u.t.SubmittedApplicationsPageTest - Selected 'Temporary Job' radio button.
2025-02-05 07:17:15 [main] DEBUG l.i.u.t.SubmittedApplicationsPageTest - Selected 'Season Job' radio button.
2025-02-05 07:17:15 [main] DEBUG l.i.u.t.SubmittedApplicationsPageTest - Selected 'Energy' radio button.
2025-02-05 07:17:15 [main] DEBUG l.i.u.t.SubmittedApplicationsPageTest - Selected 'Repair' radio button.
2025-02-05 07:17:15 [main] DEBUG l.i.u.t.SubmittedApplicationsPageTest - Entered job description: 'Veikla 1'.
2025-02-05 07:17:15 [main] DEBUG l.i.u.t.SubmittedApplicationsPageTest - Entered process description: 'Procesas 1'.
2025-02-05 07:17:16 [main] DEBUG l.i.u.t.SubmittedApplicationsPageTest - Entered energy information: 'Energija 1'.
2025-02-05 07:17:16 [main] DEBUG l.i.u.t.SubmittedApplicationsPageTest - Entered repair information: 'Remontas 1'.
2025-02-05 07:17:16 [main] DEBUG l.i.u.t.SubmittedApplicationsPageTest - Selected 'PVM' radio button.
2025-02-05 07:17:16 [main] INFO  l.i.u.p.SubmittedApplicationsPage - Located the dropdown button.
2025-02-05 07:17:17 [main] INFO  l.i.u.p.SubmittedApplicationsPage - Successfully selected the value: 'Įsigyti'
2025-02-05 07:17:37 [main] ERROR l.i.u.p.SubmittedApplicationsPage - Timeout while waiting for dropdown to close with aria-expanded = 'false'.
2025-02-05 07:17:37 [main] DEBUG l.i.u.t.SubmittedApplicationsPageTest - Selected necessary for job: 'Įsigyti'.
2025-02-05 07:17:37 [main] DEBUG l.i.u.t.SubmittedApplicationsPageTest - Selected tool: 'Darbo priemonė 1'.
2025-02-05 07:17:37 [main] DEBUG l.i.u.t.SubmittedApplicationsPageTest - Selected tool parameter one: 'Darbo priemonės 1 parametras 1'.
2025-02-05 07:17:37 [main] DEBUG l.i.u.t.SubmittedApplicationsPageTest - Selected tool parameter two: 'Darbo priemonės 1 parametras 2'.
2025-02-05 07:17:38 [main] DEBUG l.i.u.t.SubmittedApplicationsPageTest - Selected tool parameter three: 'Darbo priemonės 1 parametras 3'.
2025-02-05 07:17:38 [main] DEBUG l.i.u.t.SubmittedApplicationsPageTest - Entered tool count: '1'.
2025-02-05 07:17:38 [main] DEBUG l.i.u.t.SubmittedApplicationsPageTest - Entered price amount: '1000'.
2025-02-05 07:17:38 [main] DEBUG l.i.u.t.SubmittedApplicationsPageTest - Entered own funds amount: '800'.
2025-02-05 07:17:38 [main] DEBUG l.i.u.t.SubmittedApplicationsPageTest - Entered country percentage: '50'.
2025-02-05 07:17:38 [main] DEBUG l.i.u.t.SubmittedApplicationsPageTest - Entered institution percentage: '50'.
2025-02-05 07:17:39 [main] DEBUG l.i.u.t.SubmittedApplicationsPageTest - Entered municipality percentage: '50'.
2025-02-05 07:17:39 [main] DEBUG l.i.u.t.SubmittedApplicationsPageTest - Selected 'De Minimis' radio button.
2025-02-05 07:17:39 [main] DEBUG l.i.u.t.SubmittedApplicationsPageTest - Entered program name: 'Programa 1'.
2025-02-05 07:17:39 [main] DEBUG l.i.u.t.SubmittedApplicationsPageTest - Entered project date from.
2025-02-05 07:17:39 [main] DEBUG l.i.u.t.SubmittedApplicationsPageTest - Entered project date until.
2025-02-05 07:17:39 [main] DEBUG l.i.u.t.SubmittedApplicationsPageTest - Entered support amount: '2000'.
2025-02-05 07:17:40 [main] DEBUG l.i.u.t.SubmittedApplicationsPageTest - Clicked 'Next' button.
2025-02-05 07:17:50 [main] DEBUG l.i.u.t.SubmittedApplicationsPageTest - Checked 'Legal Entities' checkbox 1.
2025-02-05 07:18:00 [main] DEBUG l.i.u.t.SubmittedApplicationsPageTest - Checked 'Legal Entities' checkbox 2.
2025-02-05 07:18:10 [main] DEBUG l.i.u.t.SubmittedApplicationsPageTest - Checked 'Legal Entities' checkbox 3.
2025-02-05 07:18:10 [main] DEBUG l.i.u.t.SubmittedApplicationsPageTest - Test finished: All 'Legal Entities' checkboxes checked successfully.
2025-02-05 07:18:10 [main] DEBUG l.i.u.t.SubmittedApplicationsPageTest - Clicked 'Next' button after checkboxes.
2025-02-05 07:18:20 [main] ERROR l.i.u.p.SubmittedApplicationsPage - Error selecting radio button: Expected condition failed: waiting for element to be clickable: By.xpath: (//input[@type='radio' and @value='false'])[8] (tried for 10 second(s) with 500 milliseconds interval)
Build info: version: '4.27.0', revision: 'd6e718d134'
System info: os.name: 'Windows 11', os.arch: 'amd64', os.version: '10.0', java.version: '21.0.3'
Driver info: org.openqa.selenium.chrome.ChromeDriver
Capabilities {acceptInsecureCerts: false, browserName: chrome, browserVersion: 132.0.6834.160, chrome: {chromedriverVersion: 132.0.6834.159 (2d77d3fc445..., userDataDir: C:\Users\INGRID~1.ZAD\AppDa...}, fedcm:accounts: true, goog:chromeOptions: {debuggerAddress: localhost:53016}, networkConnectionEnabled: false, pageLoadStrategy: normal, platformName: windows, proxy: Proxy(), se:cdp: ws://localhost:53016/devtoo..., se:cdpVersion: 132.0.6834.160, setWindowRect: true, strictFileInteractability: false, timeouts: {implicit: 0, pageLoad: 300000, script: 30000}, unhandledPromptBehavior: dismiss and notify, webauthn:extension:credBlob: true, webauthn:extension:largeBlob: true, webauthn:extension:minPinLength: true, webauthn:extension:prf: true, webauthn:virtualAuthenticators: true}
Session ID: fe0c4506909824a9698bf34ab3c536eb
2025-02-05 07:18:20 [main] INFO  l.i.u.t.SubmittedApplicationsPageTest - Marking 'Ne' radio button 1
2025-02-05 07:18:31 [main] ERROR l.i.u.p.SubmittedApplicationsPage - Error selecting radio button: Expected condition failed: waiting for element to be clickable: By.xpath: (//input[@type='radio' and @value='false'])[9] (tried for 10 second(s) with 500 milliseconds interval)
Build info: version: '4.27.0', revision: 'd6e718d134'
System info: os.name: 'Windows 11', os.arch: 'amd64', os.version: '10.0', java.version: '21.0.3'
Driver info: org.openqa.selenium.chrome.ChromeDriver
Capabilities {acceptInsecureCerts: false, browserName: chrome, browserVersion: 132.0.6834.160, chrome: {chromedriverVersion: 132.0.6834.159 (2d77d3fc445..., userDataDir: C:\Users\INGRID~1.ZAD\AppDa...}, fedcm:accounts: true, goog:chromeOptions: {debuggerAddress: localhost:53016}, networkConnectionEnabled: false, pageLoadStrategy: normal, platformName: windows, proxy: Proxy(), se:cdp: ws://localhost:53016/devtoo..., se:cdpVersion: 132.0.6834.160, setWindowRect: true, strictFileInteractability: false, timeouts: {implicit: 0, pageLoad: 300000, script: 30000}, unhandledPromptBehavior: dismiss and notify, webauthn:extension:credBlob: true, webauthn:extension:largeBlob: true, webauthn:extension:minPinLength: true, webauthn:extension:prf: true, webauthn:virtualAuthenticators: true}
Session ID: fe0c4506909824a9698bf34ab3c536eb
2025-02-05 07:18:31 [main] INFO  l.i.u.t.SubmittedApplicationsPageTest - Marking 'Ne' radio button 2
2025-02-05 07:18:41 [main] ERROR l.i.u.p.SubmittedApplicationsPage - Error selecting radio button: Expected condition failed: waiting for element to be clickable: By.xpath: (//input[@type='radio' and @value='false'])[10] (tried for 10 second(s) with 500 milliseconds interval)
Build info: version: '4.27.0', revision: 'd6e718d134'
System info: os.name: 'Windows 11', os.arch: 'amd64', os.version: '10.0', java.version: '21.0.3'
Driver info: org.openqa.selenium.chrome.ChromeDriver
Capabilities {acceptInsecureCerts: false, browserName: chrome, browserVersion: 132.0.6834.160, chrome: {chromedriverVersion: 132.0.6834.159 (2d77d3fc445..., userDataDir: C:\Users\INGRID~1.ZAD\AppDa...}, fedcm:accounts: true, goog:chromeOptions: {debuggerAddress: localhost:53016}, networkConnectionEnabled: false, pageLoadStrategy: normal, platformName: windows, proxy: Proxy(), se:cdp: ws://localhost:53016/devtoo..., se:cdpVersion: 132.0.6834.160, setWindowRect: true, strictFileInteractability: false, timeouts: {implicit: 0, pageLoad: 300000, script: 30000}, unhandledPromptBehavior: dismiss and notify, webauthn:extension:credBlob: true, webauthn:extension:largeBlob: true, webauthn:extension:minPinLength: true, webauthn:extension:prf: true, webauthn:virtualAuthenticators: true}
Session ID: fe0c4506909824a9698bf34ab3c536eb
2025-02-05 07:18:41 [main] INFO  l.i.u.t.SubmittedApplicationsPageTest - Marking 'Ne' radio button 3
2025-02-05 07:18:51 [main] ERROR l.i.u.p.SubmittedApplicationsPage - Error selecting radio button: Expected condition failed: waiting for element to be clickable: By.xpath: (//input[@type='radio' and @value='false'])[11] (tried for 10 second(s) with 500 milliseconds interval)
Build info: version: '4.27.0', revision: 'd6e718d134'
System info: os.name: 'Windows 11', os.arch: 'amd64', os.version: '10.0', java.version: '21.0.3'
Driver info: org.openqa.selenium.chrome.ChromeDriver
Capabilities {acceptInsecureCerts: false, browserName: chrome, browserVersion: 132.0.6834.160, chrome: {chromedriverVersion: 132.0.6834.159 (2d77d3fc445..., userDataDir: C:\Users\INGRID~1.ZAD\AppDa...}, fedcm:accounts: true, goog:chromeOptions: {debuggerAddress: localhost:53016}, networkConnectionEnabled: false, pageLoadStrategy: normal, platformName: windows, proxy: Proxy(), se:cdp: ws://localhost:53016/devtoo..., se:cdpVersion: 132.0.6834.160, setWindowRect: true, strictFileInteractability: false, timeouts: {implicit: 0, pageLoad: 300000, script: 30000}, unhandledPromptBehavior: dismiss and notify, webauthn:extension:credBlob: true, webauthn:extension:largeBlob: true, webauthn:extension:minPinLength: true, webauthn:extension:prf: true, webauthn:virtualAuthenticators: true}
Session ID: fe0c4506909824a9698bf34ab3c536eb
2025-02-05 07:18:51 [main] INFO  l.i.u.t.SubmittedApplicationsPageTest - Marking 'Ne' radio button 4
2025-02-05 07:19:01 [main] ERROR l.i.u.p.SubmittedApplicationsPage - Error selecting radio button: Expected condition failed: waiting for element to be clickable: By.xpath: (//input[@type='radio' and @value='false'])[12] (tried for 10 second(s) with 500 milliseconds interval)
Build info: version: '4.27.0', revision: 'd6e718d134'
System info: os.name: 'Windows 11', os.arch: 'amd64', os.version: '10.0', java.version: '21.0.3'
Driver info: org.openqa.selenium.chrome.ChromeDriver
Capabilities {acceptInsecureCerts: false, browserName: chrome, browserVersion: 132.0.6834.160, chrome: {chromedriverVersion: 132.0.6834.159 (2d77d3fc445..., userDataDir: C:\Users\INGRID~1.ZAD\AppDa...}, fedcm:accounts: true, goog:chromeOptions: {debuggerAddress: localhost:53016}, networkConnectionEnabled: false, pageLoadStrategy: normal, platformName: windows, proxy: Proxy(), se:cdp: ws://localhost:53016/devtoo..., se:cdpVersion: 132.0.6834.160, setWindowRect: true, strictFileInteractability: false, timeouts: {implicit: 0, pageLoad: 300000, script: 30000}, unhandledPromptBehavior: dismiss and notify, webauthn:extension:credBlob: true, webauthn:extension:largeBlob: true, webauthn:extension:minPinLength: true, webauthn:extension:prf: true, webauthn:virtualAuthenticators: true}
Session ID: fe0c4506909824a9698bf34ab3c536eb
2025-02-05 07:19:01 [main] INFO  l.i.u.t.SubmittedApplicationsPageTest - Marking 'Ne' radio button 5
2025-02-05 07:19:11 [main] ERROR l.i.u.p.SubmittedApplicationsPage - Error selecting radio button: Expected condition failed: waiting for element to be clickable: By.xpath: (//input[@type='radio' and @value='false'])[13] (tried for 10 second(s) with 500 milliseconds interval)
Build info: version: '4.27.0', revision: 'd6e718d134'
System info: os.name: 'Windows 11', os.arch: 'amd64', os.version: '10.0', java.version: '21.0.3'
Driver info: org.openqa.selenium.chrome.ChromeDriver
Capabilities {acceptInsecureCerts: false, browserName: chrome, browserVersion: 132.0.6834.160, chrome: {chromedriverVersion: 132.0.6834.159 (2d77d3fc445..., userDataDir: C:\Users\INGRID~1.ZAD\AppDa...}, fedcm:accounts: true, goog:chromeOptions: {debuggerAddress: localhost:53016}, networkConnectionEnabled: false, pageLoadStrategy: normal, platformName: windows, proxy: Proxy(), se:cdp: ws://localhost:53016/devtoo..., se:cdpVersion: 132.0.6834.160, setWindowRect: true, strictFileInteractability: false, timeouts: {implicit: 0, pageLoad: 300000, script: 30000}, unhandledPromptBehavior: dismiss and notify, webauthn:extension:credBlob: true, webauthn:extension:largeBlob: true, webauthn:extension:minPinLength: true, webauthn:extension:prf: true, webauthn:virtualAuthenticators: true}
Session ID: fe0c4506909824a9698bf34ab3c536eb
2025-02-05 07:19:11 [main] INFO  l.i.u.t.SubmittedApplicationsPageTest - Marking 'Ne' radio button 6
2025-02-05 07:19:21 [main] ERROR l.i.u.p.SubmittedApplicationsPage - Error selecting radio button: Expected condition failed: waiting for element to be clickable: By.xpath: (//input[@type='radio' and @value='true'])[14] (tried for 10 second(s) with 500 milliseconds interval)
Build info: version: '4.27.0', revision: 'd6e718d134'
System info: os.name: 'Windows 11', os.arch: 'amd64', os.version: '10.0', java.version: '21.0.3'
Driver info: org.openqa.selenium.chrome.ChromeDriver
Capabilities {acceptInsecureCerts: false, browserName: chrome, browserVersion: 132.0.6834.160, chrome: {chromedriverVersion: 132.0.6834.159 (2d77d3fc445..., userDataDir: C:\Users\INGRID~1.ZAD\AppDa...}, fedcm:accounts: true, goog:chromeOptions: {debuggerAddress: localhost:53016}, networkConnectionEnabled: false, pageLoadStrategy: normal, platformName: windows, proxy: Proxy(), se:cdp: ws://localhost:53016/devtoo..., se:cdpVersion: 132.0.6834.160, setWindowRect: true, strictFileInteractability: false, timeouts: {implicit: 0, pageLoad: 300000, script: 30000}, unhandledPromptBehavior: dismiss and notify, webauthn:extension:credBlob: true, webauthn:extension:largeBlob: true, webauthn:extension:minPinLength: true, webauthn:extension:prf: true, webauthn:virtualAuthenticators: true}
Session ID: fe0c4506909824a9698bf34ab3c536eb
2025-02-05 07:19:21 [main] INFO  l.i.u.t.SubmittedApplicationsPageTest - Marking 'Taip' radio button 7
2025-02-05 07:19:31 [main] ERROR l.i.u.p.SubmittedApplicationsPage - Error selecting radio button: Expected condition failed: waiting for element to be clickable: By.xpath: (//input[@type='radio' and @value='true'])[15] (tried for 10 second(s) with 500 milliseconds interval)
Build info: version: '4.27.0', revision: 'd6e718d134'
System info: os.name: 'Windows 11', os.arch: 'amd64', os.version: '10.0', java.version: '21.0.3'
Driver info: org.openqa.selenium.chrome.ChromeDriver
Capabilities {acceptInsecureCerts: false, browserName: chrome, browserVersion: 132.0.6834.160, chrome: {chromedriverVersion: 132.0.6834.159 (2d77d3fc445..., userDataDir: C:\Users\INGRID~1.ZAD\AppDa...}, fedcm:accounts: true, goog:chromeOptions: {debuggerAddress: localhost:53016}, networkConnectionEnabled: false, pageLoadStrategy: normal, platformName: windows, proxy: Proxy(), se:cdp: ws://localhost:53016/devtoo..., se:cdpVersion: 132.0.6834.160, setWindowRect: true, strictFileInteractability: false, timeouts: {implicit: 0, pageLoad: 300000, script: 30000}, unhandledPromptBehavior: dismiss and notify, webauthn:extension:credBlob: true, webauthn:extension:largeBlob: true, webauthn:extension:minPinLength: true, webauthn:extension:prf: true, webauthn:virtualAuthenticators: true}
Session ID: fe0c4506909824a9698bf34ab3c536eb
2025-02-05 07:19:31 [main] INFO  l.i.u.t.SubmittedApplicationsPageTest - Marking 'Taip' radio button 8
2025-02-05 07:19:41 [main] ERROR l.i.u.p.SubmittedApplicationsPage - Error selecting radio button: Expected condition failed: waiting for element to be clickable: By.xpath: (//input[@type='radio' and @value='true'])[16] (tried for 10 second(s) with 500 milliseconds interval)
Build info: version: '4.27.0', revision: 'd6e718d134'
System info: os.name: 'Windows 11', os.arch: 'amd64', os.version: '10.0', java.version: '21.0.3'
Driver info: org.openqa.selenium.chrome.ChromeDriver
Capabilities {acceptInsecureCerts: false, browserName: chrome, browserVersion: 132.0.6834.160, chrome: {chromedriverVersion: 132.0.6834.159 (2d77d3fc445..., userDataDir: C:\Users\INGRID~1.ZAD\AppDa...}, fedcm:accounts: true, goog:chromeOptions: {debuggerAddress: localhost:53016}, networkConnectionEnabled: false, pageLoadStrategy: normal, platformName: windows, proxy: Proxy(), se:cdp: ws://localhost:53016/devtoo..., se:cdpVersion: 132.0.6834.160, setWindowRect: true, strictFileInteractability: false, timeouts: {implicit: 0, pageLoad: 300000, script: 30000}, unhandledPromptBehavior: dismiss and notify, webauthn:extension:credBlob: true, webauthn:extension:largeBlob: true, webauthn:extension:minPinLength: true, webauthn:extension:prf: true, webauthn:virtualAuthenticators: true}
Session ID: fe0c4506909824a9698bf34ab3c536eb
2025-02-05 07:19:41 [main] INFO  l.i.u.t.SubmittedApplicationsPageTest - Marking 'Taip' radio button 9
2025-02-05 07:19:51 [main] ERROR l.i.u.p.SubmittedApplicationsPage - Error selecting radio button: Expected condition failed: waiting for element to be clickable: By.xpath: (//input[@type='radio' and @value='true'])[17] (tried for 10 second(s) with 500 milliseconds interval)
Build info: version: '4.27.0', revision: 'd6e718d134'
System info: os.name: 'Windows 11', os.arch: 'amd64', os.version: '10.0', java.version: '21.0.3'
Driver info: org.openqa.selenium.chrome.ChromeDriver
Capabilities {acceptInsecureCerts: false, browserName: chrome, browserVersion: 132.0.6834.160, chrome: {chromedriverVersion: 132.0.6834.159 (2d77d3fc445..., userDataDir: C:\Users\INGRID~1.ZAD\AppDa...}, fedcm:accounts: true, goog:chromeOptions: {debuggerAddress: localhost:53016}, networkConnectionEnabled: false, pageLoadStrategy: normal, platformName: windows, proxy: Proxy(), se:cdp: ws://localhost:53016/devtoo..., se:cdpVersion: 132.0.6834.160, setWindowRect: true, strictFileInteractability: false, timeouts: {implicit: 0, pageLoad: 300000, script: 30000}, unhandledPromptBehavior: dismiss and notify, webauthn:extension:credBlob: true, webauthn:extension:largeBlob: true, webauthn:extension:minPinLength: true, webauthn:extension:prf: true, webauthn:virtualAuthenticators: true}
Session ID: fe0c4506909824a9698bf34ab3c536eb
2025-02-05 07:19:51 [main] INFO  l.i.u.t.SubmittedApplicationsPageTest - Marking 'Taip' radio button 10
2025-02-05 07:20:01 [main] ERROR l.i.u.p.SubmittedApplicationsPage - Error selecting radio button: Expected condition failed: waiting for element to be clickable: By.xpath: (//input[@type='radio' and @value='true'])[18] (tried for 10 second(s) with 500 milliseconds interval)
Build info: version: '4.27.0', revision: 'd6e718d134'
System info: os.name: 'Windows 11', os.arch: 'amd64', os.version: '10.0', java.version: '21.0.3'
Driver info: org.openqa.selenium.chrome.ChromeDriver
Capabilities {acceptInsecureCerts: false, browserName: chrome, browserVersion: 132.0.6834.160, chrome: {chromedriverVersion: 132.0.6834.159 (2d77d3fc445..., userDataDir: C:\Users\INGRID~1.ZAD\AppDa...}, fedcm:accounts: true, goog:chromeOptions: {debuggerAddress: localhost:53016}, networkConnectionEnabled: false, pageLoadStrategy: normal, platformName: windows, proxy: Proxy(), se:cdp: ws://localhost:53016/devtoo..., se:cdpVersion: 132.0.6834.160, setWindowRect: true, strictFileInteractability: false, timeouts: {implicit: 0, pageLoad: 300000, script: 30000}, unhandledPromptBehavior: dismiss and notify, webauthn:extension:credBlob: true, webauthn:extension:largeBlob: true, webauthn:extension:minPinLength: true, webauthn:extension:prf: true, webauthn:virtualAuthenticators: true}
Session ID: fe0c4506909824a9698bf34ab3c536eb
2025-02-05 07:20:01 [main] INFO  l.i.u.t.SubmittedApplicationsPageTest - Marking 'Taip' radio button 11
2025-02-05 07:20:11 [main] ERROR l.i.u.p.SubmittedApplicationsPage - Error selecting radio button: Expected condition failed: waiting for element to be clickable: By.xpath: (//input[@type='radio' and @value='true'])[19] (tried for 10 second(s) with 500 milliseconds interval)
Build info: version: '4.27.0', revision: 'd6e718d134'
System info: os.name: 'Windows 11', os.arch: 'amd64', os.version: '10.0', java.version: '21.0.3'
Driver info: org.openqa.selenium.chrome.ChromeDriver
Capabilities {acceptInsecureCerts: false, browserName: chrome, browserVersion: 132.0.6834.160, chrome: {chromedriverVersion: 132.0.6834.159 (2d77d3fc445..., userDataDir: C:\Users\INGRID~1.ZAD\AppDa...}, fedcm:accounts: true, goog:chromeOptions: {debuggerAddress: localhost:53016}, networkConnectionEnabled: false, pageLoadStrategy: normal, platformName: windows, proxy: Proxy(), se:cdp: ws://localhost:53016/devtoo..., se:cdpVersion: 132.0.6834.160, setWindowRect: true, strictFileInteractability: false, timeouts: {implicit: 0, pageLoad: 300000, script: 30000}, unhandledPromptBehavior: dismiss and notify, webauthn:extension:credBlob: true, webauthn:extension:largeBlob: true, webauthn:extension:minPinLength: true, webauthn:extension:prf: true, webauthn:virtualAuthenticators: true}
Session ID: fe0c4506909824a9698bf34ab3c536eb
2025-02-05 07:20:11 [main] INFO  l.i.u.t.SubmittedApplicationsPageTest - Marking 'Taip' radio button 12
2025-02-05 07:20:21 [main] DEBUG l.i.u.t.SubmittedApplicationsPageTest - Checked 'ConfirmationStepFour'
2025-02-05 07:20:22 [main] DEBUG l.i.u.t.SubmittedApplicationsPageTest - Clicked 'Next' button after checkboxes.
2025-02-05 07:20:22 [main] INFO  l.i.u.p.SubmittedApplicationsPage - File uploaded successfully to an input element.
2025-02-05 07:20:22 [main] INFO  l.i.u.p.SubmittedApplicationsPage - File uploaded successfully to an input element.
2025-02-05 07:20:22 [main] INFO  l.i.u.p.SubmittedApplicationsPage - File uploaded successfully to an input element.
2025-02-05 07:20:22 [main] INFO  l.i.u.p.SubmittedApplicationsPage - File uploaded successfully to an input element.
2025-02-05 07:20:22 [main] INFO  l.i.u.p.SubmittedApplicationsPage - File uploaded successfully to an input element.
2025-02-05 07:20:22 [main] INFO  l.i.u.p.SubmittedApplicationsPage - File uploaded successfully to an input element.
2025-02-05 07:20:22 [main] INFO  l.i.u.p.SubmittedApplicationsPage - File uploaded successfully to an input element.
2025-02-05 07:20:22 [main] INFO  l.i.u.p.SubmittedApplicationsPage - File uploaded successfully to an input element.
2025-02-05 07:20:22 [main] DEBUG l.i.u.t.SubmittedApplicationsPageTest - Entered program name: 'Dokumentas 1'.
2025-02-05 07:20:23 [main] DEBUG l.i.u.t.SubmittedApplicationsPageTest - Entered program name: 'Dokumentas 2'.
2025-02-05 07:20:23 [main] DEBUG l.i.u.t.SubmittedApplicationsPageTest - Entered program name: 'Dokumentas 3'.
2025-02-05 07:20:23 [main] DEBUG l.i.u.t.SubmittedApplicationsPageTest - Entered program name: 'Dokumentas 4'.
2025-02-05 07:20:23 [main] DEBUG l.i.u.t.SubmittedApplicationsPageTest - Entered program name: 'Dokumentas 5'.
2025-02-05 07:20:23 [main] DEBUG l.i.u.t.SubmittedApplicationsPageTest - Entered program name: 'Dokumentas 6'.
2025-02-05 07:20:23 [main] DEBUG l.i.u.t.SubmittedApplicationsPageTest - Entered program name: 'Dokumentas 4'.
2025-02-05 07:20:24 [main] DEBUG l.i.u.t.SubmittedApplicationsPageTest - Entered program name: 'Dokumentas 8'.
2025-02-05 07:20:34 [main] DEBUG l.i.u.t.SubmittedApplicationsPageTest - Checked 'ConfirmationDocument'
2025-02-05 07:20:44 [main] DEBUG l.i.u.t.SubmittedApplicationsPageTest - Checked 'ConfirmationApplication'
2025-02-05 07:20:44 [main] DEBUG l.i.u.t.SubmittedApplicationsPageTest - Clicked 'Review' button after checkboxes.
2025-02-05 07:20:44 [main] DEBUG l.i.u.t.SubmittedApplicationsPageTest - Clicked 'SaveDraft' button after checkboxes.
2025-02-05 07:20:44 [main] DEBUG l.insoft.uztis.pages.InvitationsPage - Verified success message: 'Ruošinys sėkmingai išsaugotas.'
2025-02-05 07:20:54 [main] ERROR l.i.u.t.SubmittedApplicationsPageTest - Test 'testFillNewVUIApplication' failed with error: no such element: Unable to locate element: {"method":"xpath","selector":"//common-button/button[contains(text(), 'Pateikti')]"}
  (Session info: chrome=132.0.6834.160)
For documentation on this error, please visit: https://www.selenium.dev/documentation/webdriver/troubleshooting/errors#no-such-element-exception
Build info: version: '4.27.0', revision: 'd6e718d134'
System info: os.name: 'Windows 11', os.arch: 'amd64', os.version: '10.0', java.version: '21.0.3'
Driver info: org.openqa.selenium.chrome.ChromeDriver
Command: [fe0c4506909824a9698bf34ab3c536eb, findElement {value=//common-button/button[contains(text(), 'Pateikti')], using=xpath}]
Capabilities {acceptInsecureCerts: false, browserName: chrome, browserVersion: 132.0.6834.160, chrome: {chromedriverVersion: 132.0.6834.159 (2d77d3fc445..., userDataDir: C:\Users\INGRID~1.ZAD\AppDa...}, fedcm:accounts: true, goog:chromeOptions: {debuggerAddress: localhost:53016}, networkConnectionEnabled: false, pageLoadStrategy: normal, platformName: windows, proxy: Proxy(), se:cdp: ws://localhost:53016/devtoo..., se:cdpVersion: 132.0.6834.160, setWindowRect: true, strictFileInteractability: false, timeouts: {implicit: 0, pageLoad: 300000, script: 30000}, unhandledPromptBehavior: dismiss and notify, webauthn:extension:credBlob: true, webauthn:extension:largeBlob: true, webauthn:extension:minPinLength: true, webauthn:extension:prf: true, webauthn:virtualAuthenticators: true}
Session ID: fe0c4506909824a9698bf34ab3c536eb
org.openqa.selenium.NoSuchElementException: no such element: Unable to locate element: {"method":"xpath","selector":"//common-button/button[contains(text(), 'Pateikti')]"}
  (Session info: chrome=132.0.6834.160)
For documentation on this error, please visit: https://www.selenium.dev/documentation/webdriver/troubleshooting/errors#no-such-element-exception
Build info: version: '4.27.0', revision: 'd6e718d134'
System info: os.name: 'Windows 11', os.arch: 'amd64', os.version: '10.0', java.version: '21.0.3'
Driver info: org.openqa.selenium.chrome.ChromeDriver
Command: [fe0c4506909824a9698bf34ab3c536eb, findElement {value=//common-button/button[contains(text(), 'Pateikti')], using=xpath}]
Capabilities {acceptInsecureCerts: false, browserName: chrome, browserVersion: 132.0.6834.160, chrome: {chromedriverVersion: 132.0.6834.159 (2d77d3fc445..., userDataDir: C:\Users\INGRID~1.ZAD\AppDa...}, fedcm:accounts: true, goog:chromeOptions: {debuggerAddress: localhost:53016}, networkConnectionEnabled: false, pageLoadStrategy: normal, platformName: windows, proxy: Proxy(), se:cdp: ws://localhost:53016/devtoo..., se:cdpVersion: 132.0.6834.160, setWindowRect: true, strictFileInteractability: false, timeouts: {implicit: 0, pageLoad: 300000, script: 30000}, unhandledPromptBehavior: dismiss and notify, webauthn:extension:credBlob: true, webauthn:extension:largeBlob: true, webauthn:extension:minPinLength: true, webauthn:extension:prf: true, webauthn:virtualAuthenticators: true}
Session ID: fe0c4506909824a9698bf34ab3c536eb
	at java.base/jdk.internal.reflect.DirectConstructorHandleAccessor.newInstance(DirectConstructorHandleAccessor.java:62)
	at java.base/java.lang.reflect.Constructor.newInstanceWithCaller(Constructor.java:502)
	at java.base/java.lang.reflect.Constructor.newInstance(Constructor.java:486)
	at org.openqa.selenium.remote.ErrorCodec.decode(ErrorCodec.java:167)
	at org.openqa.selenium.remote.codec.w3c.W3CHttpResponseCodec.decode(W3CHttpResponseCodec.java:138)
	at org.openqa.selenium.remote.codec.w3c.W3CHttpResponseCodec.decode(W3CHttpResponseCodec.java:50)
	at org.openqa.selenium.remote.HttpCommandExecutor.execute(HttpCommandExecutor.java:190)
	at org.openqa.selenium.remote.service.DriverCommandExecutor.invokeExecute(DriverCommandExecutor.java:216)
	at org.openqa.selenium.remote.service.DriverCommandExecutor.execute(DriverCommandExecutor.java:174)
	at org.openqa.selenium.remote.RemoteWebDriver.execute(RemoteWebDriver.java:545)
	at org.openqa.selenium.remote.ElementLocation$ElementFinder$2.findElement(ElementLocation.java:165)
	at org.openqa.selenium.remote.ElementLocation.findElement(ElementLocation.java:59)
	at org.openqa.selenium.remote.RemoteWebDriver.findElement(RemoteWebDriver.java:368)
	at org.openqa.selenium.remote.RemoteWebDriver.findElement(RemoteWebDriver.java:362)
	at org.openqa.selenium.support.pagefactory.DefaultElementLocator.findElement(DefaultElementLocator.java:68)
	at org.openqa.selenium.support.pagefactory.internal.LocatingElementHandler.invoke(LocatingElementHandler.java:38)
	at jdk.proxy2/jdk.proxy2.$Proxy14.isSelected(Unknown Source)
	at lt.insoft.uztis.pages.SubmittedApplicationsPage.clickButtonSubmit(SubmittedApplicationsPage.java:477)
	at lt.insoft.uztis.tests.SubmittedApplicationsPageTest.testFillNewVUIApplication(SubmittedApplicationsPageTest.java:418)
	at java.base/jdk.internal.reflect.DirectMethodHandleAccessor.invoke(DirectMethodHandleAccessor.java:103)
	at java.base/java.lang.reflect.Method.invoke(Method.java:580)
	at org.junit.platform.commons.util.ReflectionUtils.invokeMethod(ReflectionUtils.java:728)
	at org.junit.jupiter.engine.execution.MethodInvocation.proceed(MethodInvocation.java:60)
	at org.junit.jupiter.engine.execution.InvocationInterceptorChain$ValidatingInvocation.proceed(InvocationInterceptorChain.java:131)
	at org.junit.jupiter.engine.extension.TimeoutExtension.intercept(TimeoutExtension.java:156)
	at org.junit.jupiter.engine.extension.TimeoutExtension.interceptTestableMethod(TimeoutExtension.java:147)
	at org.junit.jupiter.engine.extension.TimeoutExtension.interceptTestMethod(TimeoutExtension.java:86)
	at org.junit.jupiter.engine.execution.InterceptingExecutableInvoker$ReflectiveInterceptorCall.lambda$ofVoidMethod$0(InterceptingExecutableInvoker.java:103)
	at org.junit.jupiter.engine.execution.InterceptingExecutableInvoker.lambda$invoke$0(InterceptingExecutableInvoker.java:93)
	at org.junit.jupiter.engine.execution.InvocationInterceptorChain$InterceptedInvocation.proceed(InvocationInterceptorChain.java:106)
	at org.junit.jupiter.engine.execution.InvocationInterceptorChain.proceed(InvocationInterceptorChain.java:64)
	at org.junit.jupiter.engine.execution.InvocationInterceptorChain.chainAndInvoke(InvocationInterceptorChain.java:45)
	at org.junit.jupiter.engine.execution.InvocationInterceptorChain.invoke(InvocationInterceptorChain.java:37)
	at org.junit.jupiter.engine.execution.InterceptingExecutableInvoker.invoke(InterceptingExecutableInvoker.java:92)
	at org.junit.jupiter.engine.execution.InterceptingExecutableInvoker.invoke(InterceptingExecutableInvoker.java:86)
	at org.junit.jupiter.engine.descriptor.TestMethodTestDescriptor.lambda$invokeTestMethod$7(TestMethodTestDescriptor.java:218)
	at org.junit.platform.engine.support.hierarchical.ThrowableCollector.execute(ThrowableCollector.java:73)
	at org.junit.jupiter.engine.descriptor.TestMethodTestDescriptor.invokeTestMethod(TestMethodTestDescriptor.java:214)
	at org.junit.jupiter.engine.descriptor.TestMethodTestDescriptor.execute(TestMethodTestDescriptor.java:139)
	at org.junit.jupiter.engine.descriptor.TestMethodTestDescriptor.execute(TestMethodTestDescriptor.java:69)
	at org.junit.platform.engine.support.hierarchical.NodeTestTask.lambda$executeRecursively$6(NodeTestTask.java:151)
	at org.junit.platform.engine.support.hierarchical.ThrowableCollector.execute(ThrowableCollector.java:73)
	at org.junit.platform.engine.support.hierarchical.NodeTestTask.lambda$executeRecursively$8(NodeTestTask.java:141)
	at org.junit.platform.engine.support.hierarchical.Node.around(Node.java:137)
	at org.junit.platform.engine.support.hierarchical.NodeTestTask.lambda$executeRecursively$9(NodeTestTask.java:139)
	at org.junit.platform.engine.support.hierarchical.ThrowableCollector.execute(ThrowableCollector.java:73)
	at org.junit.platform.engine.support.hierarchical.NodeTestTask.executeRecursively(NodeTestTask.java:138)
	at org.junit.platform.engine.support.hierarchical.NodeTestTask.execute(NodeTestTask.java:95)
	at java.base/java.util.ArrayList.forEach(ArrayList.java:1596)
	at org.junit.platform.engine.support.hierarchical.SameThreadHierarchicalTestExecutorService.invokeAll(SameThreadHierarchicalTestExecutorService.java:41)
	at org.junit.platform.engine.support.hierarchical.NodeTestTask.lambda$executeRecursively$6(NodeTestTask.java:155)
	at org.junit.platform.engine.support.hierarchical.ThrowableCollector.execute(ThrowableCollector.java:73)
	at org.junit.platform.engine.support.hierarchical.NodeTestTask.lambda$executeRecursively$8(NodeTestTask.java:141)
	at org.junit.platform.engine.support.hierarchical.Node.around(Node.java:137)
	at org.junit.platform.engine.support.hierarchical.NodeTestTask.lambda$executeRecursively$9(NodeTestTask.java:139)
	at org.junit.platform.engine.support.hierarchical.ThrowableCollector.execute(ThrowableCollector.java:73)
	at org.junit.platform.engine.support.hierarchical.NodeTestTask.executeRecursively(NodeTestTask.java:138)
	at org.junit.platform.engine.support.hierarchical.NodeTestTask.execute(NodeTestTask.java:95)
	at java.base/java.util.ArrayList.forEach(ArrayList.java:1596)
	at org.junit.platform.engine.support.hierarchical.SameThreadHierarchicalTestExecutorService.invokeAll(SameThreadHierarchicalTestExecutorService.java:41)
	at org.junit.platform.engine.support.hierarchical.NodeTestTask.lambda$executeRecursively$6(NodeTestTask.java:155)
	at org.junit.platform.engine.support.hierarchical.ThrowableCollector.execute(ThrowableCollector.java:73)
	at org.junit.platform.engine.support.hierarchical.NodeTestTask.lambda$executeRecursively$8(NodeTestTask.java:141)
	at org.junit.platform.engine.support.hierarchical.Node.around(Node.java:137)
	at org.junit.platform.engine.support.hierarchical.NodeTestTask.lambda$executeRecursively$9(NodeTestTask.java:139)
	at org.junit.platform.engine.support.hierarchical.ThrowableCollector.execute(ThrowableCollector.java:73)
	at org.junit.platform.engine.support.hierarchical.NodeTestTask.executeRecursively(NodeTestTask.java:138)
	at org.junit.platform.engine.support.hierarchical.NodeTestTask.execute(NodeTestTask.java:95)
	at org.junit.platform.engine.support.hierarchical.SameThreadHierarchicalTestExecutorService.submit(SameThreadHierarchicalTestExecutorService.java:35)
	at org.junit.platform.engine.support.hierarchical.HierarchicalTestExecutor.execute(HierarchicalTestExecutor.java:57)
	at org.junit.platform.engine.support.hierarchical.HierarchicalTestEngine.execute(HierarchicalTestEngine.java:54)
	at org.junit.platform.launcher.core.EngineExecutionOrchestrator.execute(EngineExecutionOrchestrator.java:198)
	at org.junit.platform.launcher.core.EngineExecutionOrchestrator.execute(EngineExecutionOrchestrator.java:169)
	at org.junit.platform.launcher.core.EngineExecutionOrchestrator.execute(EngineExecutionOrchestrator.java:93)
	at org.junit.platform.launcher.core.EngineExecutionOrchestrator.lambda$execute$0(EngineExecutionOrchestrator.java:58)
	at org.junit.platform.launcher.core.EngineExecutionOrchestrator.withInterceptedStreams(EngineExecutionOrchestrator.java:141)
	at org.junit.platform.launcher.core.EngineExecutionOrchestrator.execute(EngineExecutionOrchestrator.java:57)
	at org.junit.platform.launcher.core.DefaultLauncher.execute(DefaultLauncher.java:103)
	at org.junit.platform.launcher.core.DefaultLauncher.execute(DefaultLauncher.java:85)
	at org.junit.platform.launcher.core.DelegatingLauncher.execute(DelegatingLauncher.java:47)
	at org.junit.platform.launcher.core.SessionPerRequestLauncher.execute(SessionPerRequestLauncher.java:63)
	at com.intellij.junit5.JUnit5IdeaTestRunner.startRunnerWithArgs(JUnit5IdeaTestRunner.java:57)
	at com.intellij.rt.junit.IdeaTestRunner$Repeater$1.execute(IdeaTestRunner.java:38)
	at com.intellij.rt.execution.junit.TestsRepeater.repeat(TestsRepeater.java:11)
	at com.intellij.rt.junit.IdeaTestRunner$Repeater.startRunnerWithArgs(IdeaTestRunner.java:35)
	at com.intellij.rt.junit.JUnitStarter.prepareStreamsAndStart(JUnitStarter.java:232)
	at com.intellij.rt.junit.JUnitStarter.main(JUnitStarter.java:55)
2025-02-05 07:20:54 [main] INFO  l.insoft.uztis.tests.utils.TestUtils - Screenshot moved to C:\Users\ingrida.zadorozniene\Desktop\Asm\UZTIS\UZTIS_tests\test-output\screenshots\20250205\072054897_testFillNewVUIApplication().png
2025-02-06 08:06:43 [main] INFO  lt.insoft.uztis.tests.UztisPageTest - Navigated to https://uztisdev.asseco.lt/home
2025-02-06 08:06:43 [main] INFO  l.i.u.tests.ApplicationFormsPageTest - Setup complete. ApplicationFormsPage initialized.
2025-02-06 08:06:43 [main] INFO  l.i.u.tests.ApplicationFormsPageTest - Starting test:'testCreateNewVuiApplication'
2025-02-06 08:06:43 [main] DEBUG l.i.u.tests.ApplicationFormsPageTest - User logged in with test credentials
2025-02-06 08:06:43 [main] DEBUG l.i.u.tests.ApplicationFormsPageTest - Opened 'Application Processing' menu.
2025-02-06 08:06:44 [main] DEBUG l.i.u.tests.ApplicationFormsPageTest - Clicked on 'Application Forms' menu.
2025-02-06 08:06:44 [main] DEBUG l.i.u.tests.ApplicationFormsPageTest - Clicked to create a new application form.
2025-02-06 08:06:44 [main] DEBUG l.i.u.tests.ApplicationFormsPageTest - Entered random application code: TST-VUI-21
2025-02-06 08:06:44 [main] DEBUG l.i.u.tests.ApplicationFormsPageTest - Selected 'Section' radio button.
2025-02-06 08:06:44 [main] INFO  l.i.uztis.pages.ApplicationFormsPage - Located the dropdown button.
2025-02-06 08:06:44 [main] WARN  l.i.uztis.pages.ApplicationFormsPage - The value 'Skyrius 1' was not found among the options.
2025-02-06 08:06:55 [main] ERROR l.i.uztis.pages.ApplicationFormsPage - Failed to close the dropdown with aria-expanded = 'false'.
2025-02-06 08:06:55 [main] DEBUG l.i.u.tests.ApplicationFormsPageTest - Selected a value from the 'Section' dropdown: 'Skyrius 1'
2025-02-06 08:06:56 [main] ERROR l.i.u.tests.ApplicationFormsPageTest - Test 'testCreateNewVuiApplication' failed with error: element click intercepted: Element <input type="radio" class="mdc-radio__native-control" id="mat-radio-4-input" name="mat-radio-group-1" value="REGIONAL" tabindex="0"> is not clickable at point (360, 505). Other element would receive the click: <div class="cdk-overlay-backdrop cdk-overlay-transparent-backdrop cdk-overlay-backdrop-showing"></div>
  (Session info: chrome=132.0.6834.160)
Build info: version: '4.27.0', revision: 'd6e718d134'
System info: os.name: 'Windows 11', os.arch: 'amd64', os.version: '10.0', java.version: '21.0.3'
Driver info: org.openqa.selenium.chrome.ChromeDriver
Command: [c1b3f9e3df38782f1eeb1bb26deceda9, clickElement {id=f.9B60BC41CC5D990029AFDE648A1E180E.d.C8D505F0121543C82C7F487D758404BE.e.40}]
Capabilities {acceptInsecureCerts: false, browserName: chrome, browserVersion: 132.0.6834.160, chrome: {chromedriverVersion: 132.0.6834.159 (2d77d3fc445..., userDataDir: C:\Users\INGRID~1.ZAD\AppDa...}, fedcm:accounts: true, goog:chromeOptions: {debuggerAddress: localhost:53498}, networkConnectionEnabled: false, pageLoadStrategy: normal, platformName: windows, proxy: Proxy(), se:cdp: ws://localhost:53498/devtoo..., se:cdpVersion: 132.0.6834.160, setWindowRect: true, strictFileInteractability: false, timeouts: {implicit: 0, pageLoad: 300000, script: 30000}, unhandledPromptBehavior: dismiss and notify, webauthn:extension:credBlob: true, webauthn:extension:largeBlob: true, webauthn:extension:minPinLength: true, webauthn:extension:prf: true, webauthn:virtualAuthenticators: true}
Element: [[ChromeDriver: chrome on windows (c1b3f9e3df38782f1eeb1bb26deceda9)] -> xpath: (//input[@type='radio' and @value='REGIONAL'])[2]]
Session ID: c1b3f9e3df38782f1eeb1bb26deceda9
org.openqa.selenium.ElementClickInterceptedException: element click intercepted: Element <input type="radio" class="mdc-radio__native-control" id="mat-radio-4-input" name="mat-radio-group-1" value="REGIONAL" tabindex="0"> is not clickable at point (360, 505). Other element would receive the click: <div class="cdk-overlay-backdrop cdk-overlay-transparent-backdrop cdk-overlay-backdrop-showing"></div>
  (Session info: chrome=132.0.6834.160)
Build info: version: '4.27.0', revision: 'd6e718d134'
System info: os.name: 'Windows 11', os.arch: 'amd64', os.version: '10.0', java.version: '21.0.3'
Driver info: org.openqa.selenium.chrome.ChromeDriver
Command: [c1b3f9e3df38782f1eeb1bb26deceda9, clickElement {id=f.9B60BC41CC5D990029AFDE648A1E180E.d.C8D505F0121543C82C7F487D758404BE.e.40}]
Capabilities {acceptInsecureCerts: false, browserName: chrome, browserVersion: 132.0.6834.160, chrome: {chromedriverVersion: 132.0.6834.159 (2d77d3fc445..., userDataDir: C:\Users\INGRID~1.ZAD\AppDa...}, fedcm:accounts: true, goog:chromeOptions: {debuggerAddress: localhost:53498}, networkConnectionEnabled: false, pageLoadStrategy: normal, platformName: windows, proxy: Proxy(), se:cdp: ws://localhost:53498/devtoo..., se:cdpVersion: 132.0.6834.160, setWindowRect: true, strictFileInteractability: false, timeouts: {implicit: 0, pageLoad: 300000, script: 30000}, unhandledPromptBehavior: dismiss and notify, webauthn:extension:credBlob: true, webauthn:extension:largeBlob: true, webauthn:extension:minPinLength: true, webauthn:extension:prf: true, webauthn:virtualAuthenticators: true}
Element: [[ChromeDriver: chrome on windows (c1b3f9e3df38782f1eeb1bb26deceda9)] -> xpath: (//input[@type='radio' and @value='REGIONAL'])[2]]
Session ID: c1b3f9e3df38782f1eeb1bb26deceda9
	at java.base/jdk.internal.reflect.DirectConstructorHandleAccessor.newInstance(DirectConstructorHandleAccessor.java:62)
	at java.base/java.lang.reflect.Constructor.newInstanceWithCaller(Constructor.java:502)
	at java.base/java.lang.reflect.Constructor.newInstance(Constructor.java:486)
	at org.openqa.selenium.remote.ErrorCodec.decode(ErrorCodec.java:167)
	at org.openqa.selenium.remote.codec.w3c.W3CHttpResponseCodec.decode(W3CHttpResponseCodec.java:138)
	at org.openqa.selenium.remote.codec.w3c.W3CHttpResponseCodec.decode(W3CHttpResponseCodec.java:50)
	at org.openqa.selenium.remote.HttpCommandExecutor.execute(HttpCommandExecutor.java:190)
	at org.openqa.selenium.remote.service.DriverCommandExecutor.invokeExecute(DriverCommandExecutor.java:216)
	at org.openqa.selenium.remote.service.DriverCommandExecutor.execute(DriverCommandExecutor.java:174)
	at org.openqa.selenium.remote.RemoteWebDriver.execute(RemoteWebDriver.java:545)
	at org.openqa.selenium.remote.RemoteWebElement.execute(RemoteWebElement.java:223)
	at org.openqa.selenium.remote.RemoteWebElement.click(RemoteWebElement.java:76)
	at java.base/jdk.internal.reflect.DirectMethodHandleAccessor.invoke(DirectMethodHandleAccessor.java:103)
	at java.base/java.lang.reflect.Method.invoke(Method.java:580)
	at org.openqa.selenium.support.pagefactory.internal.LocatingElementHandler.invoke(LocatingElementHandler.java:51)
	at jdk.proxy2/jdk.proxy2.$Proxy14.click(Unknown Source)
	at lt.insoft.uztis.pages.ApplicationFormsPage.clickRadioButtonBudgetByMunicipality(ApplicationFormsPage.java:247)
	at lt.insoft.uztis.tests.ApplicationFormsPageTest.testCreateNewVuiApplication(ApplicationFormsPageTest.java:112)
	at java.base/jdk.internal.reflect.DirectMethodHandleAccessor.invoke(DirectMethodHandleAccessor.java:103)
	at java.base/java.lang.reflect.Method.invoke(Method.java:580)
	at org.junit.platform.commons.util.ReflectionUtils.invokeMethod(ReflectionUtils.java:728)
	at org.junit.jupiter.engine.execution.MethodInvocation.proceed(MethodInvocation.java:60)
	at org.junit.jupiter.engine.execution.InvocationInterceptorChain$ValidatingInvocation.proceed(InvocationInterceptorChain.java:131)
	at org.junit.jupiter.engine.extension.TimeoutExtension.intercept(TimeoutExtension.java:156)
	at org.junit.jupiter.engine.extension.TimeoutExtension.interceptTestableMethod(TimeoutExtension.java:147)
	at org.junit.jupiter.engine.extension.TimeoutExtension.interceptTestMethod(TimeoutExtension.java:86)
	at org.junit.jupiter.engine.execution.InterceptingExecutableInvoker$ReflectiveInterceptorCall.lambda$ofVoidMethod$0(InterceptingExecutableInvoker.java:103)
	at org.junit.jupiter.engine.execution.InterceptingExecutableInvoker.lambda$invoke$0(InterceptingExecutableInvoker.java:93)
	at org.junit.jupiter.engine.execution.InvocationInterceptorChain$InterceptedInvocation.proceed(InvocationInterceptorChain.java:106)
	at org.junit.jupiter.engine.execution.InvocationInterceptorChain.proceed(InvocationInterceptorChain.java:64)
	at org.junit.jupiter.engine.execution.InvocationInterceptorChain.chainAndInvoke(InvocationInterceptorChain.java:45)
	at org.junit.jupiter.engine.execution.InvocationInterceptorChain.invoke(InvocationInterceptorChain.java:37)
	at org.junit.jupiter.engine.execution.InterceptingExecutableInvoker.invoke(InterceptingExecutableInvoker.java:92)
	at org.junit.jupiter.engine.execution.InterceptingExecutableInvoker.invoke(InterceptingExecutableInvoker.java:86)
	at org.junit.jupiter.engine.descriptor.TestMethodTestDescriptor.lambda$invokeTestMethod$7(TestMethodTestDescriptor.java:218)
	at org.junit.platform.engine.support.hierarchical.ThrowableCollector.execute(ThrowableCollector.java:73)
	at org.junit.jupiter.engine.descriptor.TestMethodTestDescriptor.invokeTestMethod(TestMethodTestDescriptor.java:214)
	at org.junit.jupiter.engine.descriptor.TestMethodTestDescriptor.execute(TestMethodTestDescriptor.java:139)
	at org.junit.jupiter.engine.descriptor.TestMethodTestDescriptor.execute(TestMethodTestDescriptor.java:69)
	at org.junit.platform.engine.support.hierarchical.NodeTestTask.lambda$executeRecursively$6(NodeTestTask.java:151)
	at org.junit.platform.engine.support.hierarchical.ThrowableCollector.execute(ThrowableCollector.java:73)
	at org.junit.platform.engine.support.hierarchical.NodeTestTask.lambda$executeRecursively$8(NodeTestTask.java:141)
	at org.junit.platform.engine.support.hierarchical.Node.around(Node.java:137)
	at org.junit.platform.engine.support.hierarchical.NodeTestTask.lambda$executeRecursively$9(NodeTestTask.java:139)
	at org.junit.platform.engine.support.hierarchical.ThrowableCollector.execute(ThrowableCollector.java:73)
	at org.junit.platform.engine.support.hierarchical.NodeTestTask.executeRecursively(NodeTestTask.java:138)
	at org.junit.platform.engine.support.hierarchical.NodeTestTask.execute(NodeTestTask.java:95)
	at java.base/java.util.ArrayList.forEach(ArrayList.java:1596)
	at org.junit.platform.engine.support.hierarchical.SameThreadHierarchicalTestExecutorService.invokeAll(SameThreadHierarchicalTestExecutorService.java:41)
	at org.junit.platform.engine.support.hierarchical.NodeTestTask.lambda$executeRecursively$6(NodeTestTask.java:155)
	at org.junit.platform.engine.support.hierarchical.ThrowableCollector.execute(ThrowableCollector.java:73)
	at org.junit.platform.engine.support.hierarchical.NodeTestTask.lambda$executeRecursively$8(NodeTestTask.java:141)
	at org.junit.platform.engine.support.hierarchical.Node.around(Node.java:137)
	at org.junit.platform.engine.support.hierarchical.NodeTestTask.lambda$executeRecursively$9(NodeTestTask.java:139)
	at org.junit.platform.engine.support.hierarchical.ThrowableCollector.execute(ThrowableCollector.java:73)
	at org.junit.platform.engine.support.hierarchical.NodeTestTask.executeRecursively(NodeTestTask.java:138)
	at org.junit.platform.engine.support.hierarchical.NodeTestTask.execute(NodeTestTask.java:95)
	at java.base/java.util.ArrayList.forEach(ArrayList.java:1596)
	at org.junit.platform.engine.support.hierarchical.SameThreadHierarchicalTestExecutorService.invokeAll(SameThreadHierarchicalTestExecutorService.java:41)
	at org.junit.platform.engine.support.hierarchical.NodeTestTask.lambda$executeRecursively$6(NodeTestTask.java:155)
	at org.junit.platform.engine.support.hierarchical.ThrowableCollector.execute(ThrowableCollector.java:73)
	at org.junit.platform.engine.support.hierarchical.NodeTestTask.lambda$executeRecursively$8(NodeTestTask.java:141)
	at org.junit.platform.engine.support.hierarchical.Node.around(Node.java:137)
	at org.junit.platform.engine.support.hierarchical.NodeTestTask.lambda$executeRecursively$9(NodeTestTask.java:139)
	at org.junit.platform.engine.support.hierarchical.ThrowableCollector.execute(ThrowableCollector.java:73)
	at org.junit.platform.engine.support.hierarchical.NodeTestTask.executeRecursively(NodeTestTask.java:138)
	at org.junit.platform.engine.support.hierarchical.NodeTestTask.execute(NodeTestTask.java:95)
	at org.junit.platform.engine.support.hierarchical.SameThreadHierarchicalTestExecutorService.submit(SameThreadHierarchicalTestExecutorService.java:35)
	at org.junit.platform.engine.support.hierarchical.HierarchicalTestExecutor.execute(HierarchicalTestExecutor.java:57)
	at org.junit.platform.engine.support.hierarchical.HierarchicalTestEngine.execute(HierarchicalTestEngine.java:54)
	at org.junit.platform.launcher.core.EngineExecutionOrchestrator.execute(EngineExecutionOrchestrator.java:198)
	at org.junit.platform.launcher.core.EngineExecutionOrchestrator.execute(EngineExecutionOrchestrator.java:169)
	at org.junit.platform.launcher.core.EngineExecutionOrchestrator.execute(EngineExecutionOrchestrator.java:93)
	at org.junit.platform.launcher.core.EngineExecutionOrchestrator.lambda$execute$0(EngineExecutionOrchestrator.java:58)
	at org.junit.platform.launcher.core.EngineExecutionOrchestrator.withInterceptedStreams(EngineExecutionOrchestrator.java:141)
	at org.junit.platform.launcher.core.EngineExecutionOrchestrator.execute(EngineExecutionOrchestrator.java:57)
	at org.junit.platform.launcher.core.DefaultLauncher.execute(DefaultLauncher.java:103)
	at org.junit.platform.launcher.core.DefaultLauncher.execute(DefaultLauncher.java:85)
	at org.junit.platform.launcher.core.DelegatingLauncher.execute(DelegatingLauncher.java:47)
	at org.junit.platform.launcher.core.SessionPerRequestLauncher.execute(SessionPerRequestLauncher.java:63)
	at com.intellij.junit5.JUnit5IdeaTestRunner.startRunnerWithArgs(JUnit5IdeaTestRunner.java:57)
	at com.intellij.rt.junit.IdeaTestRunner$Repeater$1.execute(IdeaTestRunner.java:38)
	at com.intellij.rt.execution.junit.TestsRepeater.repeat(TestsRepeater.java:11)
	at com.intellij.rt.junit.IdeaTestRunner$Repeater.startRunnerWithArgs(IdeaTestRunner.java:35)
	at com.intellij.rt.junit.JUnitStarter.prepareStreamsAndStart(JUnitStarter.java:232)
	at com.intellij.rt.junit.JUnitStarter.main(JUnitStarter.java:55)
2025-02-06 08:06:56 [main] INFO  l.insoft.uztis.tests.utils.TestUtils - Screenshot moved to C:\Users\ingrida.zadorozniene\Desktop\Asm\UZTIS\UZTIS_tests\test-output\screenshots\20250206\080656699_testCreateNewVuiApplication().png
2025-02-06 08:07:11 [main] INFO  lt.insoft.uztis.tests.UztisPageTest - Navigated to https://uztisdev.asseco.lt/home
2025-02-06 08:07:11 [main] INFO  l.i.u.tests.ApplicationFormsPageTest - Setup complete. ApplicationFormsPage initialized.
2025-02-06 08:07:11 [main] INFO  l.i.u.tests.ApplicationFormsPageTest - Starting test:'testCreateNewVuiApplication'
2025-02-06 08:07:11 [main] DEBUG l.i.u.tests.ApplicationFormsPageTest - User logged in with test credentials
2025-02-06 08:07:12 [main] DEBUG l.i.u.tests.ApplicationFormsPageTest - Opened 'Application Processing' menu.
2025-02-06 08:07:12 [main] DEBUG l.i.u.tests.ApplicationFormsPageTest - Clicked on 'Application Forms' menu.
2025-02-06 08:07:12 [main] DEBUG l.i.u.tests.ApplicationFormsPageTest - Clicked to create a new application form.
2025-02-06 08:07:12 [main] DEBUG l.i.u.tests.ApplicationFormsPageTest - Entered random application code: TST-VUI-28
2025-02-06 08:07:12 [main] DEBUG l.i.u.tests.ApplicationFormsPageTest - Selected 'Section' radio button.
2025-02-06 08:07:12 [main] INFO  l.i.uztis.pages.ApplicationFormsPage - Located the dropdown button.
2025-02-06 08:07:13 [main] INFO  l.i.uztis.pages.ApplicationFormsPage - Successfully selected the value: 'Skyrius 1'
2025-02-06 08:07:23 [main] ERROR l.i.uztis.pages.ApplicationFormsPage - Failed to close the dropdown with aria-expanded = 'false'.
2025-02-06 08:07:23 [main] DEBUG l.i.u.tests.ApplicationFormsPageTest - Selected a value from the 'Section' dropdown: 'Skyrius 1'
2025-02-06 08:07:23 [main] DEBUG l.i.u.tests.ApplicationFormsPageTest - Selected 'Budget by Municipality' option.
2025-02-06 08:07:23 [main] DEBUG l.i.u.tests.ApplicationFormsPageTest - Selected 'Financed Without Queue' option.
2025-02-06 08:07:24 [main] DEBUG l.i.u.tests.ApplicationFormsPageTest - Clicked 'Add' button.
2025-02-06 08:07:24 [main] INFO  l.i.uztis.pages.ApplicationFormsPage - Located the dropdown button.
2025-02-06 08:07:24 [main] INFO  l.i.uztis.pages.ApplicationFormsPage - Successfully selected the value: 'VUI paraiškos vertinimo forma - I etapas'
2025-02-06 08:07:35 [main] ERROR l.i.uztis.pages.ApplicationFormsPage - Failed to close the dropdown with aria-expanded = 'false'.
2025-02-06 08:07:35 [main] DEBUG l.i.u.tests.ApplicationFormsPageTest - Selected a value from the 'EvaluationOne' dropdown: 'VUI paraiškos vertinimo forma - I etapas'
2025-02-06 08:07:35 [main] INFO  l.i.uztis.pages.ApplicationFormsPage - Located the dropdown button.
2025-02-06 08:07:36 [main] INFO  l.i.uztis.pages.ApplicationFormsPage - Successfully selected the value: 'VUI paraiškos vertinimo forma - II etapas'
2025-02-06 08:07:46 [main] ERROR l.i.uztis.pages.ApplicationFormsPage - Failed to close the dropdown with aria-expanded = 'false'.
2025-02-06 08:07:46 [main] DEBUG l.i.u.tests.ApplicationFormsPageTest - Selected a value from the 'EvaluationTwon' dropdown: 'VUI paraiškos vertinimo forma - II etapas'
2025-02-06 08:07:46 [main] INFO  l.i.uztis.pages.ApplicationFormsPage - Located the dropdown button.
2025-02-06 08:07:47 [main] INFO  l.i.uztis.pages.ApplicationFormsPage - Successfully selected the value: 'VUI paraiškos vertinimo forma - III etapas'
2025-02-06 08:07:57 [main] ERROR l.i.uztis.pages.ApplicationFormsPage - Failed to close the dropdown with aria-expanded = 'false'.
2025-02-06 08:07:57 [main] DEBUG l.i.u.tests.ApplicationFormsPageTest - Selected a value from the 'EvaluationThree' dropdown: 'VUI paraiškos vertinimo forma - III etapas'
2025-02-06 08:07:57 [main] DEBUG l.i.u.tests.ApplicationFormsPageTest - Clicked 'Plus' button.
2025-02-06 08:07:58 [main] DEBUG l.i.u.tests.ApplicationFormsPageTest - Clicked 'Add' button seven times.
2025-02-06 08:07:58 [main] INFO  l.i.uztis.pages.ApplicationFormsPage - Processing dropdown index: 0
2025-02-06 08:08:09 [main] ERROR l.i.uztis.pages.ApplicationFormsPage - Timeout while waiting for dropdown to close at index: 0 with aria-expanded = 'false'
2025-02-06 08:08:09 [main] INFO  l.i.uztis.pages.ApplicationFormsPage - Processing dropdown index: 1
2025-02-06 08:08:19 [main] ERROR l.i.uztis.pages.ApplicationFormsPage - Timeout while waiting for dropdown to close at index: 1 with aria-expanded = 'false'
2025-02-06 08:08:19 [main] INFO  l.i.uztis.pages.ApplicationFormsPage - Processing dropdown index: 2
2025-02-06 08:08:30 [main] ERROR l.i.uztis.pages.ApplicationFormsPage - Timeout while waiting for dropdown to close at index: 2 with aria-expanded = 'false'
2025-02-06 08:08:30 [main] INFO  l.i.uztis.pages.ApplicationFormsPage - Processing dropdown index: 3
2025-02-06 08:08:40 [main] ERROR l.i.uztis.pages.ApplicationFormsPage - Timeout while waiting for dropdown to close at index: 3 with aria-expanded = 'false'
2025-02-06 08:08:40 [main] INFO  l.i.uztis.pages.ApplicationFormsPage - Processing dropdown index: 4
2025-02-06 08:08:50 [main] ERROR l.i.uztis.pages.ApplicationFormsPage - Timeout while waiting for dropdown to close at index: 4 with aria-expanded = 'false'
2025-02-06 08:08:50 [main] INFO  l.i.uztis.pages.ApplicationFormsPage - Processing dropdown index: 5
2025-02-06 08:09:01 [main] ERROR l.i.uztis.pages.ApplicationFormsPage - Timeout while waiting for dropdown to close at index: 5 with aria-expanded = 'false'
2025-02-06 08:09:01 [main] INFO  l.i.uztis.pages.ApplicationFormsPage - Processing dropdown index: 6
2025-02-06 08:09:12 [main] ERROR l.i.uztis.pages.ApplicationFormsPage - Timeout while waiting for dropdown to close at index: 6 with aria-expanded = 'false'
2025-02-06 08:09:12 [main] INFO  l.i.uztis.pages.ApplicationFormsPage - Processing dropdown index: 7
2025-02-06 08:09:23 [main] ERROR l.i.uztis.pages.ApplicationFormsPage - Timeout while waiting for dropdown to close at index: 7 with aria-expanded = 'false'
2025-02-06 08:09:23 [main] INFO  l.i.uztis.pages.ApplicationFormsPage - Processing input field index: 0
2025-02-06 08:09:23 [main] INFO  l.i.uztis.pages.ApplicationFormsPage - Entered value '50' into field index: 0
2025-02-06 08:09:23 [main] INFO  l.i.uztis.pages.ApplicationFormsPage - Processing input field index: 1
2025-02-06 08:09:23 [main] INFO  l.i.uztis.pages.ApplicationFormsPage - Entered value '924' into field index: 1
2025-02-06 08:09:23 [main] INFO  l.i.uztis.pages.ApplicationFormsPage - Processing input field index: 2
2025-02-06 08:09:23 [main] INFO  l.i.uztis.pages.ApplicationFormsPage - Entered value '31' into field index: 2
2025-02-06 08:09:23 [main] INFO  l.i.uztis.pages.ApplicationFormsPage - Processing input field index: 3
2025-02-06 08:09:23 [main] INFO  l.i.uztis.pages.ApplicationFormsPage - Entered value '4.7' into field index: 3
2025-02-06 08:09:23 [main] INFO  l.i.uztis.pages.ApplicationFormsPage - Processing input field index: 4
2025-02-06 08:09:23 [main] INFO  l.i.uztis.pages.ApplicationFormsPage - Entered value '35' into field index: 4
2025-02-06 08:09:23 [main] INFO  l.i.uztis.pages.ApplicationFormsPage - Processing input field index: 5
2025-02-06 08:09:24 [main] INFO  l.i.uztis.pages.ApplicationFormsPage - Entered value '20' into field index: 5
2025-02-06 08:09:24 [main] INFO  l.i.uztis.pages.ApplicationFormsPage - Processing input field index: 6
2025-02-06 08:09:24 [main] INFO  l.i.uztis.pages.ApplicationFormsPage - Entered value '30' into field index: 6
2025-02-06 08:09:24 [main] INFO  l.i.uztis.pages.ApplicationFormsPage - Processing input field index: 7
2025-02-06 08:09:24 [main] INFO  l.i.uztis.pages.ApplicationFormsPage - Entered value '60' into field index: 7
2025-02-06 08:09:24 [main] DEBUG l.i.u.tests.ApplicationFormsPageTest - Entered additional values and text.
2025-02-06 08:09:24 [main] DEBUG l.i.u.tests.ApplicationFormsPageTest - Entered application name: VUI paraiška
2025-02-06 08:09:24 [main] DEBUG l.i.u.tests.ApplicationFormsPageTest - Clicked the 'Save' button.
2025-02-06 08:09:24 [main] INFO  l.i.u.tests.ApplicationFormsPageTest - Verified success message text: 'Duomenys sėkmingai išsaugoti.'
2025-02-06 08:09:25 [main] INFO  l.i.u.tests.ApplicationFormsPageTest - Verified that the 'Save Form' button is displayed.
2025-02-06 08:09:25 [main] INFO  l.i.u.tests.ApplicationFormsPageTest - Test 'testCreateNewVuiApplication' completed successfully.
2025-02-06 08:10:24 [main] INFO  lt.insoft.uztis.tests.UztisPageTest - Navigated to https://uztisdev.asseco.lt/home
2025-02-06 08:10:24 [main] INFO  l.i.u.tests.ApplicationFormsPageTest - Setup complete. ApplicationFormsPage initialized.
2025-02-06 08:10:24 [main] INFO  l.i.u.tests.ApplicationFormsPageTest - Starting test:'testEditAndSaveVuiApplication'
2025-02-06 08:10:24 [main] DEBUG l.i.u.tests.ApplicationFormsPageTest - User logged in with test credentials
2025-02-06 08:10:24 [main] DEBUG l.i.u.tests.ApplicationFormsPageTest - Opened 'Application Processing' menu.
2025-02-06 08:10:25 [main] DEBUG l.i.u.tests.ApplicationFormsPageTest - Clicked on 'Application Forms' menu.
2025-02-06 08:10:25 [main] DEBUG l.i.u.tests.ApplicationFormsPageTest - Selected the last application description.
2025-02-06 08:10:25 [main] DEBUG l.i.u.tests.ApplicationFormsPageTest - Clicked the 'Edit' button.
2025-02-06 08:10:26 [main] DEBUG l.i.u.tests.ApplicationFormsPageTest - Selected 'Municipality' radio button.
2025-02-06 08:10:26 [main] INFO  l.i.uztis.pages.ApplicationFormsPage - Located the dropdown button.
2025-02-06 08:10:26 [main] INFO  l.i.uztis.pages.ApplicationFormsPage - Successfully selected the value: 'Kauno departamentas'
2025-02-06 08:10:37 [main] ERROR l.i.uztis.pages.ApplicationFormsPage - Failed to close the dropdown with aria-expanded = 'false'.
2025-02-06 08:10:37 [main] DEBUG l.i.u.tests.ApplicationFormsPageTest - Selected a value from the 'Municipality' dropdown: 'Kauno departamentas'
2025-02-06 08:10:37 [main] DEBUG l.i.u.tests.ApplicationFormsPageTest - Selected 'Budget By Country' radio button.
2025-02-06 08:10:37 [main] DEBUG l.i.u.tests.ApplicationFormsPageTest - Selected 'Financed By Queue' radio button.
2025-02-06 08:10:37 [main] DEBUG l.i.u.tests.ApplicationFormsPageTest - Entered new application name: _paredaguota
2025-02-06 08:10:37 [main] DEBUG l.i.u.tests.ApplicationFormsPageTest - Clicked the 'Save' button.
2025-02-06 08:10:37 [main] INFO  l.i.u.tests.ApplicationFormsPageTest - Verified success message: 'Duomenys sėkmingai išsaugoti.'
2025-02-06 08:10:37 [main] INFO  l.i.u.tests.ApplicationFormsPageTest - Test 'testEditAndSaveVuiApplication' completed successfully.
2025-02-06 08:11:16 [main] INFO  lt.insoft.uztis.tests.UztisPageTest - Navigated to https://uztisdev.asseco.lt/home
2025-02-06 08:11:16 [main] INFO  l.i.uztis.tests.InvitationsPageTest - Starting test:'testEditAndPublishVuiInvitationDraft'
2025-02-06 08:11:17 [main] DEBUG l.i.uztis.tests.InvitationsPageTest - User logged in with test credentials
2025-02-06 08:11:17 [main] DEBUG l.i.uztis.tests.InvitationsPageTest - Opened 'Application Processing' menu.
2025-02-06 08:11:17 [main] DEBUG l.i.uztis.tests.InvitationsPageTest - Clicked on 'Application Forms' menu.
2025-02-06 08:11:17 [main] DEBUG l.i.uztis.tests.InvitationsPageTest - Navigating to application forms menu.
2025-02-06 08:11:18 [main] DEBUG l.i.uztis.tests.InvitationsPageTest - Retrieved last description code text: 'TST-VUI-28'.
2025-02-06 08:11:18 [main] DEBUG l.i.uztis.tests.InvitationsPageTest - Clicked on 'Invitation' menu.
2025-02-06 08:11:19 [main] DEBUG l.i.uztis.tests.InvitationsPageTest - Selected section by code: 'TST-VUI-28'.
2025-02-06 08:11:19 [main] DEBUG l.i.uztis.tests.InvitationsPageTest - Clicked 'Search'.
2025-02-06 08:11:19 [main] DEBUG l.i.uztis.tests.InvitationsPageTest - Getting and inserting application code text.
2025-02-06 08:11:37 [main] ERROR l.i.uztis.tests.InvitationsPageTest - Test 'testEditAndPublishVuiInvitationDraft' failed with error: invalid session id: session deleted as the browser has closed the connection
from disconnected: unable to send message to renderer
  (Session info: chrome=132.0.6834.160)
Build info: version: '4.27.0', revision: 'd6e718d134'
System info: os.name: 'Windows 11', os.arch: 'amd64', os.version: '10.0', java.version: '21.0.3'
Driver info: org.openqa.selenium.chrome.ChromeDriver
Command: [3a7ce6fcd2488682cdc1bf689145e61f, findElement {value=//tr[td/span[contains(text(), 'Ruošinys')]], using=xpath}]
Capabilities {acceptInsecureCerts: false, browserName: chrome, browserVersion: 132.0.6834.160, chrome: {chromedriverVersion: 132.0.6834.159 (2d77d3fc445..., userDataDir: C:\Users\INGRID~1.ZAD\AppDa...}, fedcm:accounts: true, goog:chromeOptions: {debuggerAddress: localhost:53708}, networkConnectionEnabled: false, pageLoadStrategy: normal, platformName: windows, proxy: Proxy(), se:cdp: ws://localhost:53708/devtoo..., se:cdpVersion: 132.0.6834.160, setWindowRect: true, strictFileInteractability: false, timeouts: {implicit: 0, pageLoad: 300000, script: 30000}, unhandledPromptBehavior: dismiss and notify, webauthn:extension:credBlob: true, webauthn:extension:largeBlob: true, webauthn:extension:minPinLength: true, webauthn:extension:prf: true, webauthn:virtualAuthenticators: true}
Session ID: 3a7ce6fcd2488682cdc1bf689145e61f
org.openqa.selenium.NoSuchSessionException: invalid session id: session deleted as the browser has closed the connection
from disconnected: unable to send message to renderer
  (Session info: chrome=132.0.6834.160)
Build info: version: '4.27.0', revision: 'd6e718d134'
System info: os.name: 'Windows 11', os.arch: 'amd64', os.version: '10.0', java.version: '21.0.3'
Driver info: org.openqa.selenium.chrome.ChromeDriver
Command: [3a7ce6fcd2488682cdc1bf689145e61f, findElement {value=//tr[td/span[contains(text(), 'Ruošinys')]], using=xpath}]
Capabilities {acceptInsecureCerts: false, browserName: chrome, browserVersion: 132.0.6834.160, chrome: {chromedriverVersion: 132.0.6834.159 (2d77d3fc445..., userDataDir: C:\Users\INGRID~1.ZAD\AppDa...}, fedcm:accounts: true, goog:chromeOptions: {debuggerAddress: localhost:53708}, networkConnectionEnabled: false, pageLoadStrategy: normal, platformName: windows, proxy: Proxy(), se:cdp: ws://localhost:53708/devtoo..., se:cdpVersion: 132.0.6834.160, setWindowRect: true, strictFileInteractability: false, timeouts: {implicit: 0, pageLoad: 300000, script: 30000}, unhandledPromptBehavior: dismiss and notify, webauthn:extension:credBlob: true, webauthn:extension:largeBlob: true, webauthn:extension:minPinLength: true, webauthn:extension:prf: true, webauthn:virtualAuthenticators: true}
Session ID: 3a7ce6fcd2488682cdc1bf689145e61f
	at java.base/jdk.internal.reflect.DirectConstructorHandleAccessor.newInstance(DirectConstructorHandleAccessor.java:62)
	at java.base/java.lang.reflect.Constructor.newInstanceWithCaller(Constructor.java:502)
	at java.base/java.lang.reflect.Constructor.newInstance(Constructor.java:486)
	at org.openqa.selenium.remote.ErrorCodec.decode(ErrorCodec.java:167)
	at org.openqa.selenium.remote.codec.w3c.W3CHttpResponseCodec.decode(W3CHttpResponseCodec.java:138)
	at org.openqa.selenium.remote.codec.w3c.W3CHttpResponseCodec.decode(W3CHttpResponseCodec.java:50)
	at org.openqa.selenium.remote.HttpCommandExecutor.execute(HttpCommandExecutor.java:190)
	at org.openqa.selenium.remote.service.DriverCommandExecutor.invokeExecute(DriverCommandExecutor.java:216)
	at org.openqa.selenium.remote.service.DriverCommandExecutor.execute(DriverCommandExecutor.java:174)
	at org.openqa.selenium.remote.RemoteWebDriver.execute(RemoteWebDriver.java:545)
	at org.openqa.selenium.remote.ElementLocation$ElementFinder$2.findElement(ElementLocation.java:165)
	at org.openqa.selenium.remote.ElementLocation.findElement(ElementLocation.java:59)
	at org.openqa.selenium.remote.RemoteWebDriver.findElement(RemoteWebDriver.java:368)
	at org.openqa.selenium.remote.RemoteWebDriver.findElement(RemoteWebDriver.java:362)
	at org.openqa.selenium.support.pagefactory.DefaultElementLocator.findElement(DefaultElementLocator.java:68)
	at org.openqa.selenium.support.pagefactory.internal.LocatingElementHandler.invoke(LocatingElementHandler.java:38)
	at jdk.proxy2/jdk.proxy2.$Proxy14.toString(Unknown Source)
	at java.base/java.lang.String.valueOf(String.java:4465)
	at org.openqa.selenium.support.ui.ExpectedConditions$23.toString(ExpectedConditions.java:669)
	at java.base/java.lang.String.valueOf(String.java:4465)
	at org.openqa.selenium.support.ui.FluentWait.until(FluentWait.java:225)
	at lt.insoft.uztis.pages.InvitationsPage.clickInvitationRowDraft(InvitationsPage.java:598)
	at lt.insoft.uztis.tests.InvitationsPageTest.testEditAndPublishVuiInvitationDraft(InvitationsPageTest.java:157)
	at java.base/jdk.internal.reflect.DirectMethodHandleAccessor.invoke(DirectMethodHandleAccessor.java:103)
	at java.base/java.lang.reflect.Method.invoke(Method.java:580)
	at org.junit.platform.commons.util.ReflectionUtils.invokeMethod(ReflectionUtils.java:728)
	at org.junit.jupiter.engine.execution.MethodInvocation.proceed(MethodInvocation.java:60)
	at org.junit.jupiter.engine.execution.InvocationInterceptorChain$ValidatingInvocation.proceed(InvocationInterceptorChain.java:131)
	at org.junit.jupiter.engine.extension.TimeoutExtension.intercept(TimeoutExtension.java:156)
	at org.junit.jupiter.engine.extension.TimeoutExtension.interceptTestableMethod(TimeoutExtension.java:147)
	at org.junit.jupiter.engine.extension.TimeoutExtension.interceptTestMethod(TimeoutExtension.java:86)
	at org.junit.jupiter.engine.execution.InterceptingExecutableInvoker$ReflectiveInterceptorCall.lambda$ofVoidMethod$0(InterceptingExecutableInvoker.java:103)
	at org.junit.jupiter.engine.execution.InterceptingExecutableInvoker.lambda$invoke$0(InterceptingExecutableInvoker.java:93)
	at org.junit.jupiter.engine.execution.InvocationInterceptorChain$InterceptedInvocation.proceed(InvocationInterceptorChain.java:106)
	at org.junit.jupiter.engine.execution.InvocationInterceptorChain.proceed(InvocationInterceptorChain.java:64)
	at org.junit.jupiter.engine.execution.InvocationInterceptorChain.chainAndInvoke(InvocationInterceptorChain.java:45)
	at org.junit.jupiter.engine.execution.InvocationInterceptorChain.invoke(InvocationInterceptorChain.java:37)
	at org.junit.jupiter.engine.execution.InterceptingExecutableInvoker.invoke(InterceptingExecutableInvoker.java:92)
	at org.junit.jupiter.engine.execution.InterceptingExecutableInvoker.invoke(InterceptingExecutableInvoker.java:86)
	at org.junit.jupiter.engine.descriptor.TestMethodTestDescriptor.lambda$invokeTestMethod$7(TestMethodTestDescriptor.java:218)
	at org.junit.platform.engine.support.hierarchical.ThrowableCollector.execute(ThrowableCollector.java:73)
	at org.junit.jupiter.engine.descriptor.TestMethodTestDescriptor.invokeTestMethod(TestMethodTestDescriptor.java:214)
	at org.junit.jupiter.engine.descriptor.TestMethodTestDescriptor.execute(TestMethodTestDescriptor.java:139)
	at org.junit.jupiter.engine.descriptor.TestMethodTestDescriptor.execute(TestMethodTestDescriptor.java:69)
	at org.junit.platform.engine.support.hierarchical.NodeTestTask.lambda$executeRecursively$6(NodeTestTask.java:151)
	at org.junit.platform.engine.support.hierarchical.ThrowableCollector.execute(ThrowableCollector.java:73)
	at org.junit.platform.engine.support.hierarchical.NodeTestTask.lambda$executeRecursively$8(NodeTestTask.java:141)
	at org.junit.platform.engine.support.hierarchical.Node.around(Node.java:137)
	at org.junit.platform.engine.support.hierarchical.NodeTestTask.lambda$executeRecursively$9(NodeTestTask.java:139)
	at org.junit.platform.engine.support.hierarchical.ThrowableCollector.execute(ThrowableCollector.java:73)
	at org.junit.platform.engine.support.hierarchical.NodeTestTask.executeRecursively(NodeTestTask.java:138)
	at org.junit.platform.engine.support.hierarchical.NodeTestTask.execute(NodeTestTask.java:95)
	at java.base/java.util.ArrayList.forEach(ArrayList.java:1596)
	at org.junit.platform.engine.support.hierarchical.SameThreadHierarchicalTestExecutorService.invokeAll(SameThreadHierarchicalTestExecutorService.java:41)
	at org.junit.platform.engine.support.hierarchical.NodeTestTask.lambda$executeRecursively$6(NodeTestTask.java:155)
	at org.junit.platform.engine.support.hierarchical.ThrowableCollector.execute(ThrowableCollector.java:73)
	at org.junit.platform.engine.support.hierarchical.NodeTestTask.lambda$executeRecursively$8(NodeTestTask.java:141)
	at org.junit.platform.engine.support.hierarchical.Node.around(Node.java:137)
	at org.junit.platform.engine.support.hierarchical.NodeTestTask.lambda$executeRecursively$9(NodeTestTask.java:139)
	at org.junit.platform.engine.support.hierarchical.ThrowableCollector.execute(ThrowableCollector.java:73)
	at org.junit.platform.engine.support.hierarchical.NodeTestTask.executeRecursively(NodeTestTask.java:138)
	at org.junit.platform.engine.support.hierarchical.NodeTestTask.execute(NodeTestTask.java:95)
	at java.base/java.util.ArrayList.forEach(ArrayList.java:1596)
	at org.junit.platform.engine.support.hierarchical.SameThreadHierarchicalTestExecutorService.invokeAll(SameThreadHierarchicalTestExecutorService.java:41)
	at org.junit.platform.engine.support.hierarchical.NodeTestTask.lambda$executeRecursively$6(NodeTestTask.java:155)
	at org.junit.platform.engine.support.hierarchical.ThrowableCollector.execute(ThrowableCollector.java:73)
	at org.junit.platform.engine.support.hierarchical.NodeTestTask.lambda$executeRecursively$8(NodeTestTask.java:141)
	at org.junit.platform.engine.support.hierarchical.Node.around(Node.java:137)
	at org.junit.platform.engine.support.hierarchical.NodeTestTask.lambda$executeRecursively$9(NodeTestTask.java:139)
	at org.junit.platform.engine.support.hierarchical.ThrowableCollector.execute(ThrowableCollector.java:73)
	at org.junit.platform.engine.support.hierarchical.NodeTestTask.executeRecursively(NodeTestTask.java:138)
	at org.junit.platform.engine.support.hierarchical.NodeTestTask.execute(NodeTestTask.java:95)
	at org.junit.platform.engine.support.hierarchical.SameThreadHierarchicalTestExecutorService.submit(SameThreadHierarchicalTestExecutorService.java:35)
	at org.junit.platform.engine.support.hierarchical.HierarchicalTestExecutor.execute(HierarchicalTestExecutor.java:57)
	at org.junit.platform.engine.support.hierarchical.HierarchicalTestEngine.execute(HierarchicalTestEngine.java:54)
	at org.junit.platform.launcher.core.EngineExecutionOrchestrator.execute(EngineExecutionOrchestrator.java:198)
	at org.junit.platform.launcher.core.EngineExecutionOrchestrator.execute(EngineExecutionOrchestrator.java:169)
	at org.junit.platform.launcher.core.EngineExecutionOrchestrator.execute(EngineExecutionOrchestrator.java:93)
	at org.junit.platform.launcher.core.EngineExecutionOrchestrator.lambda$execute$0(EngineExecutionOrchestrator.java:58)
	at org.junit.platform.launcher.core.EngineExecutionOrchestrator.withInterceptedStreams(EngineExecutionOrchestrator.java:141)
	at org.junit.platform.launcher.core.EngineExecutionOrchestrator.execute(EngineExecutionOrchestrator.java:57)
	at org.junit.platform.launcher.core.DefaultLauncher.execute(DefaultLauncher.java:103)
	at org.junit.platform.launcher.core.DefaultLauncher.execute(DefaultLauncher.java:85)
	at org.junit.platform.launcher.core.DelegatingLauncher.execute(DelegatingLauncher.java:47)
	at org.junit.platform.launcher.core.SessionPerRequestLauncher.execute(SessionPerRequestLauncher.java:63)
	at com.intellij.junit5.JUnit5IdeaTestRunner.startRunnerWithArgs(JUnit5IdeaTestRunner.java:57)
	at com.intellij.rt.junit.IdeaTestRunner$Repeater$1.execute(IdeaTestRunner.java:38)
	at com.intellij.rt.execution.junit.TestsRepeater.repeat(TestsRepeater.java:11)
	at com.intellij.rt.junit.IdeaTestRunner$Repeater.startRunnerWithArgs(IdeaTestRunner.java:35)
	at com.intellij.rt.junit.JUnitStarter.prepareStreamsAndStart(JUnitStarter.java:232)
	at com.intellij.rt.junit.JUnitStarter.main(JUnitStarter.java:55)
2025-02-06 08:11:49 [main] INFO  lt.insoft.uztis.tests.UztisPageTest - Navigated to https://uztisdev.asseco.lt/home
2025-02-06 08:11:49 [main] INFO  l.i.uztis.tests.InvitationsPageTest - Starting test:'testCreateNewVuiInvitationDraft'
2025-02-06 08:11:50 [main] DEBUG l.i.uztis.tests.InvitationsPageTest - User logged in with test credentials
2025-02-06 08:11:50 [main] DEBUG l.i.uztis.tests.InvitationsPageTest - Opened 'Application Processing' menu.
2025-02-06 08:11:50 [main] DEBUG l.i.uztis.tests.InvitationsPageTest - Clicked on 'Application Forms' menu.
2025-02-06 08:11:50 [main] DEBUG l.i.uztis.tests.InvitationsPageTest - Navigating to application forms menu.
2025-02-06 08:11:50 [main] DEBUG l.i.uztis.tests.InvitationsPageTest - Retrieved last description code text: 'TST-VUI-28'.
2025-02-06 08:11:50 [main] DEBUG l.i.uztis.tests.InvitationsPageTest - Clicked on 'Invitation' menu.
2025-02-06 08:11:51 [main] DEBUG l.i.uztis.tests.InvitationsPageTest - Clicked 'Create New Application Form'.
2025-02-06 08:11:51 [main] DEBUG l.i.uztis.tests.InvitationsPageTest - Selected section by code: 'TST-VUI-28'.
2025-02-06 08:11:51 [main] INFO  l.insoft.uztis.pages.InvitationsPage - Located the dropdown button.
2025-02-06 08:12:03 [main] ERROR l.insoft.uztis.pages.InvitationsPage - Timeout while waiting for dropdown to close with aria-expanded = 'false'.
2025-02-06 08:12:03 [main] DEBUG l.i.uztis.tests.InvitationsPageTest - Selected invitation number from the list.
2025-02-06 08:12:03 [main] DEBUG l.i.uztis.tests.InvitationsPageTest - Entered current date.
2025-02-06 08:12:04 [main] DEBUG l.i.uztis.tests.InvitationsPageTest - Entered start time: 00:00.
2025-02-06 08:12:04 [main] DEBUG l.i.uztis.tests.InvitationsPageTest - Entered end date.
2025-02-06 08:12:04 [main] DEBUG l.i.uztis.tests.InvitationsPageTest - Entered end time: 11:11.
2025-02-06 08:12:04 [main] DEBUG l.i.uztis.tests.InvitationsPageTest - Draft saved.
2025-02-06 08:12:05 [main] DEBUG l.insoft.uztis.pages.InvitationsPage - Verified success message: 'Duomenys sėkmingai išsaugoti.'
2025-02-06 08:12:05 [main] INFO  l.i.uztis.tests.InvitationsPageTest - Test 'testCreateNewVuiInvitationDraft' completed successfully.
2025-02-06 08:12:16 [main] INFO  lt.insoft.uztis.tests.UztisPageTest - Navigated to https://uztisdev.asseco.lt/home
2025-02-06 08:12:16 [main] INFO  l.i.uztis.tests.InvitationsPageTest - Starting test:'testEditAndPublishVuiInvitationDraft'
2025-02-06 08:12:17 [main] DEBUG l.i.uztis.tests.InvitationsPageTest - User logged in with test credentials
2025-02-06 08:12:17 [main] DEBUG l.i.uztis.tests.InvitationsPageTest - Opened 'Application Processing' menu.
2025-02-06 08:12:17 [main] DEBUG l.i.uztis.tests.InvitationsPageTest - Clicked on 'Application Forms' menu.
2025-02-06 08:12:17 [main] DEBUG l.i.uztis.tests.InvitationsPageTest - Navigating to application forms menu.
2025-02-06 08:12:18 [main] DEBUG l.i.uztis.tests.InvitationsPageTest - Retrieved last description code text: 'TST-VUI-28'.
2025-02-06 08:12:18 [main] DEBUG l.i.uztis.tests.InvitationsPageTest - Clicked on 'Invitation' menu.
2025-02-06 08:12:19 [main] DEBUG l.i.uztis.tests.InvitationsPageTest - Selected section by code: 'TST-VUI-28'.
2025-02-06 08:12:19 [main] DEBUG l.i.uztis.tests.InvitationsPageTest - Clicked 'Search'.
2025-02-06 08:12:19 [main] DEBUG l.i.uztis.tests.InvitationsPageTest - Getting and inserting application code text.
2025-02-06 08:12:19 [main] DEBUG l.i.uztis.tests.InvitationsPageTest - Clicked 'InvitationDraft'.
2025-02-06 08:12:19 [main] DEBUG l.i.uztis.tests.InvitationsPageTest - Clicked 'Edit'.
2025-02-06 08:12:20 [main] DEBUG l.i.uztis.tests.InvitationsPageTest - Entered publication end date.
2025-02-06 08:12:20 [main] DEBUG l.i.uztis.tests.InvitationsPageTest - Added additional values.
2025-02-06 08:12:20 [main] INFO  l.insoft.uztis.pages.InvitationsPage - Located the dropdown button.
2025-02-06 08:12:21 [main] DEBUG l.i.uztis.tests.InvitationsPageTest - Selected the value: 'Didžiausia galima paramos suma aplinkos darbo vietai, Eur'
2025-02-06 08:12:21 [main] INFO  l.insoft.uztis.pages.InvitationsPage - Located the dropdown button.
2025-02-06 08:12:21 [main] DEBUG l.i.uztis.tests.InvitationsPageTest - Selected the value: 'Didžiausia galima paramos suma, Eur'
2025-02-06 08:12:21 [main] INFO  l.insoft.uztis.pages.InvitationsPage - Located the dropdown button.
2025-02-06 08:12:22 [main] DEBUG l.i.uztis.tests.InvitationsPageTest - Selected the value: 'Didžiausia galima paramos suma vienai darbo vietai, Eur'
2025-02-06 08:12:22 [main] DEBUG l.i.uztis.tests.InvitationsPageTest - Entered value: 11000
2025-02-06 08:12:23 [main] DEBUG l.i.uztis.tests.InvitationsPageTest - Entered value: 12000
2025-02-06 08:12:23 [main] DEBUG l.i.uztis.tests.InvitationsPageTest - Entered value: 13000
2025-02-06 08:12:23 [main] DEBUG l.i.uztis.tests.InvitationsPageTest - Checked 'Legal Entities' checkbox.
2025-02-06 08:12:23 [main] DEBUG l.i.uztis.tests.InvitationsPageTest - Unchecked 'Persons Registered with Employment Service' checkbox.
2025-02-06 08:12:23 [main] DEBUG l.i.uztis.tests.InvitationsPageTest - Checked 'Persons Registered as Employers' checkbox.
2025-02-06 08:12:23 [main] DEBUG l.i.uztis.tests.InvitationsPageTest - Entered second evaluation grade: '5'.
2025-02-06 08:12:24 [main] DEBUG l.i.uztis.tests.InvitationsPageTest - Entered third evaluation grade: '6'.
2025-02-06 08:12:24 [main] DEBUG l.i.uztis.tests.InvitationsPageTest - Entered second evaluation grade weight: '0,45'.
2025-02-06 08:12:24 [main] DEBUG l.i.uztis.tests.InvitationsPageTest - Entered third evaluation grade weight: '0,55'.
2025-02-06 08:12:24 [main] DEBUG l.i.uztis.tests.InvitationsPageTest - Entered budget: '2000'.
2025-02-06 08:12:24 [main] DEBUG l.i.uztis.tests.InvitationsPageTest - Entered description text: 'Aprašo tekstas'.
2025-02-06 08:12:24 [main] DEBUG l.i.uztis.tests.InvitationsPageTest - Entered applicants text: 'Pareiškėjų tekstas'.
2025-02-06 08:12:24 [main] DEBUG l.i.uztis.tests.InvitationsPageTest - Entered expenditures text: 'Išlaidų tekstas'.
2025-02-06 08:12:25 [main] DEBUG l.i.uztis.tests.InvitationsPageTest - Entered legislation text: 'Teisės aktų tekstas'.
2025-02-06 08:12:25 [main] DEBUG l.i.uztis.tests.InvitationsPageTest - Entered education text: 'Mokymų tekstas'.
2025-02-06 08:12:25 [main] DEBUG l.i.uztis.tests.InvitationsPageTest - File uploaded.
2025-02-06 08:12:25 [main] DEBUG l.i.uztis.tests.InvitationsPageTest - Clicked 'Publish'.
2025-02-06 08:12:25 [main] DEBUG l.i.uztis.tests.InvitationsPageTest - Publication confirmed.
2025-02-06 08:12:26 [main] DEBUG l.insoft.uztis.pages.InvitationsPage - Verified success message: 'Funkcija sėkmingai atlikta.'
2025-02-06 08:12:26 [main] INFO  l.i.uztis.tests.InvitationsPageTest - Test 'testEditAndPublishVuiInvitationDraft' completed successfully.
2025-02-06 08:12:43 [main] INFO  lt.insoft.uztis.tests.UztisPageTest - Navigated to https://uztisdev.asseco.lt/home
2025-02-06 08:12:43 [main] INFO  l.i.uztis.tests.InvitationsPageTest - Starting test:'testInsertVuiStatisticInformation'
2025-02-06 08:12:43 [main] DEBUG l.i.uztis.tests.InvitationsPageTest - User logged in with test credentials
2025-02-06 08:12:44 [main] DEBUG l.i.uztis.tests.InvitationsPageTest - Opened 'Application Processing' menu.
2025-02-06 08:12:44 [main] DEBUG l.i.uztis.tests.InvitationsPageTest - Clicked on 'Application Forms' menu.
2025-02-06 08:12:44 [main] DEBUG l.i.uztis.tests.InvitationsPageTest - Navigating to invitation forms menu.
2025-02-06 08:12:44 [main] DEBUG l.i.uztis.tests.InvitationsPageTest - Retrieved last description code text: 'TST-VUI-28'.
2025-02-06 08:12:44 [main] DEBUG l.i.uztis.tests.InvitationsPageTest - Clicked on 'Invitation' menu.
2025-02-06 08:12:45 [main] DEBUG l.i.uztis.tests.InvitationsPageTest - Selected section by code: 'TST-VUI-28'.
2025-02-06 08:12:45 [main] DEBUG l.i.uztis.tests.InvitationsPageTest - Clicked 'Search'.
2025-02-06 08:12:45 [main] DEBUG l.i.uztis.tests.InvitationsPageTest - Getting and inserting application code text.
2025-02-06 08:12:45 [main] DEBUG l.i.uztis.tests.InvitationsPageTest - Clicked 'Publishing'.
2025-02-06 08:12:46 [main] DEBUG l.i.uztis.tests.InvitationsPageTest - Clicked 'Statistic Information' tab.
2025-02-06 08:12:46 [main] DEBUG l.i.uztis.tests.InvitationsPageTest - Clicked 'Edit' button.
2025-02-06 08:12:46 [main] DEBUG l.i.uztis.tests.InvitationsPageTest - Entered current date.
2025-02-06 08:12:46 [main] DEBUG l.i.uztis.tests.InvitationsPageTest - Entered value: 8.7
2025-02-06 08:12:47 [main] DEBUG l.i.uztis.tests.InvitationsPageTest - Entered average salary: 2237.9
2025-02-06 08:12:47 [main] DEBUG l.i.uztis.tests.InvitationsPageTest - File uploaded.
2025-02-06 08:12:47 [main] DEBUG l.i.uztis.tests.InvitationsPageTest - Clicked 'Save' button.
2025-02-06 08:12:48 [main] DEBUG l.insoft.uztis.pages.InvitationsPage - Verified success message: 'Funkcija sėkmingai atlikta.'
2025-02-06 08:12:48 [main] INFO  l.i.uztis.tests.InvitationsPageTest - Test 'testInsertVuiStatisticInformation' completed successfully.
2025-02-06 08:12:58 [main] INFO  lt.insoft.uztis.tests.UztisPageTest - Navigated to https://uztisdev.asseco.lt/home
2025-02-06 08:12:58 [main] INFO  l.i.uztis.tests.InvitationsPageTest - Starting test:'testStopPublicationVuiInvitation'
2025-02-06 08:12:58 [main] DEBUG l.i.uztis.tests.InvitationsPageTest - User logged in with test credentials
2025-02-06 08:12:59 [main] DEBUG l.i.uztis.tests.InvitationsPageTest - Opened 'Application Processing' menu.
2025-02-06 08:12:59 [main] DEBUG l.i.uztis.tests.InvitationsPageTest - Clicked on 'Application Forms' menu.
2025-02-06 08:12:59 [main] DEBUG l.i.uztis.tests.InvitationsPageTest - Navigating to application forms menu.
2025-02-06 08:12:59 [main] DEBUG l.i.uztis.tests.InvitationsPageTest - Retrieved last description code text: 'TST-VUI-28'.
2025-02-06 08:12:59 [main] DEBUG l.i.uztis.tests.InvitationsPageTest - Clicked on 'Invitation' menu.
2025-02-06 08:13:00 [main] DEBUG l.i.uztis.tests.InvitationsPageTest - Selected section by code: 'TST-VUI-28'.
2025-02-06 08:13:00 [main] DEBUG l.i.uztis.tests.InvitationsPageTest - Clicked 'Search'.
2025-02-06 08:13:00 [main] DEBUG l.i.uztis.tests.InvitationsPageTest - Getting and inserting application code text.
2025-02-06 08:13:00 [main] DEBUG l.i.uztis.tests.InvitationsPageTest - Clicked 'Publishing'.
2025-02-06 08:13:01 [main] DEBUG l.i.uztis.tests.InvitationsPageTest - Clicked 'Action'.
2025-02-06 08:13:01 [main] DEBUG l.i.uztis.tests.InvitationsPageTest - Clicked 'Stop Publication'.
2025-02-06 08:13:01 [main] DEBUG l.i.uztis.tests.InvitationsPageTest - Entered expenditures text: 'Priežasties aprašas'.
2025-02-06 08:13:02 [main] DEBUG l.i.uztis.tests.InvitationsPageTest - Clicked 'Stop Publication Confirmation'.
2025-02-06 08:13:02 [main] DEBUG l.i.uztis.tests.InvitationsPageTest - Fetched label text: Sustabdytas publikavimas
2025-02-06 08:13:02 [main] INFO  l.i.uztis.tests.InvitationsPageTest - 'goToInvitationPageTest' completed. Label is: Sustabdytas publikavimas
2025-02-06 08:13:02 [main] INFO  l.i.uztis.tests.InvitationsPageTest - Test 'testStopPublicationVuiInvitation' completed successfully.
2025-02-06 08:13:14 [main] INFO  lt.insoft.uztis.tests.UztisPageTest - Navigated to https://uztisdev.asseco.lt/home
2025-02-06 08:13:14 [main] INFO  l.i.uztis.tests.InvitationsPageTest - Starting test:'testArchiveVuiInvitation'
2025-02-06 08:13:14 [main] DEBUG l.i.uztis.tests.InvitationsPageTest - User logged in with test credentials
2025-02-06 08:13:15 [main] DEBUG l.i.uztis.tests.InvitationsPageTest - Opened 'Application Processing' menu.
2025-02-06 08:13:15 [main] DEBUG l.i.uztis.tests.InvitationsPageTest - Clicked on 'Application Forms' menu.
2025-02-06 08:13:15 [main] DEBUG l.i.uztis.tests.InvitationsPageTest - Navigating to application forms menu.
2025-02-06 08:13:15 [main] DEBUG l.i.uztis.tests.InvitationsPageTest - Retrieved last description code text: 'TST-VUI-28'.
2025-02-06 08:13:15 [main] DEBUG l.i.uztis.tests.InvitationsPageTest - Clicked on 'Invitation' menu.
2025-02-06 08:13:16 [main] DEBUG l.i.uztis.tests.InvitationsPageTest - Selected section by code: 'TST-VUI-28'.
2025-02-06 08:13:16 [main] DEBUG l.i.uztis.tests.InvitationsPageTest - Clicked 'Search'.
2025-02-06 08:13:16 [main] DEBUG l.i.uztis.tests.InvitationsPageTest - Getting and inserting application code text.
2025-02-06 08:13:16 [main] DEBUG l.i.uztis.tests.InvitationsPageTest - Clicked 'Publication Stopped'.
2025-02-06 08:13:17 [main] DEBUG l.i.uztis.tests.InvitationsPageTest - Clicked 'Action'.
2025-02-06 08:13:17 [main] DEBUG l.i.uztis.tests.InvitationsPageTest - Clicked 'Archive'.
2025-02-06 08:13:17 [main] DEBUG l.i.uztis.tests.InvitationsPageTest - Entered expenditures text: 'Priežasties aprašas'.
2025-02-06 08:13:17 [main] DEBUG l.i.uztis.tests.InvitationsPageTest - Clicked 'Stop Publication Confirmation'.
2025-02-06 08:13:18 [main] DEBUG l.i.uztis.tests.InvitationsPageTest - Fetched label text: Archyvuotas
2025-02-06 08:13:18 [main] INFO  l.i.uztis.tests.InvitationsPageTest - 'goToInvitationPageTest' completed. Label is: Archyvuotas
2025-02-06 08:13:18 [main] INFO  l.i.uztis.tests.InvitationsPageTest - Test 'testArchiveVuiInvitation' completed successfully.
2025-02-06 08:13:48 [main] INFO  lt.insoft.uztis.tests.UztisPageTest - Navigated to https://uztisdev.asseco.lt/home
2025-02-06 08:13:48 [main] INFO  l.i.uztis.tests.InvitationsPageTest - Starting test:'testDeleteVuiInvitation'
2025-02-06 08:13:49 [main] DEBUG l.i.uztis.tests.InvitationsPageTest - User logged in with test credentials
2025-02-06 08:13:49 [main] DEBUG l.i.uztis.tests.InvitationsPageTest - Opened 'Application Processing' menu.
2025-02-06 08:13:49 [main] DEBUG l.i.uztis.tests.InvitationsPageTest - Clicked on 'Application Forms' menu.
2025-02-06 08:13:49 [main] DEBUG l.i.uztis.tests.InvitationsPageTest - Navigating to application forms menu.
2025-02-06 08:13:49 [main] DEBUG l.i.uztis.tests.InvitationsPageTest - Retrieved last description code text: 'TST-VUI-28'.
2025-02-06 08:13:49 [main] DEBUG l.i.uztis.tests.InvitationsPageTest - Clicked on 'Invitation' menu.
2025-02-06 08:13:50 [main] DEBUG l.i.uztis.tests.InvitationsPageTest - Selected section by code: 'TST-VUI-28'.
2025-02-06 08:13:50 [main] DEBUG l.i.uztis.tests.InvitationsPageTest - Clicked 'Search'.
2025-02-06 08:13:50 [main] DEBUG l.i.uztis.tests.InvitationsPageTest - Getting and inserting application code text.
2025-02-06 08:13:51 [main] DEBUG l.i.uztis.tests.InvitationsPageTest - Clicked 'Archived'.
2025-02-06 08:13:51 [main] DEBUG l.i.uztis.tests.InvitationsPageTest - Clicked 'Action'.
2025-02-06 08:13:51 [main] DEBUG l.i.uztis.tests.InvitationsPageTest - Clicked 'Delete'.
2025-02-06 08:13:51 [main] DEBUG l.i.uztis.tests.InvitationsPageTest - Clicked 'Stop Publication Confirmation'.
2025-02-06 08:13:52 [main] DEBUG l.insoft.uztis.pages.InvitationsPage - Verified success message: 'Įrašas sėkmingai pašalintas.'
2025-02-06 08:13:52 [main] INFO  l.i.uztis.tests.InvitationsPageTest - Test 'testDeleteVuiInvitation' completed successfully.
2025-02-06 08:15:21 [main] INFO  lt.insoft.uztis.tests.UztisPageTest - Navigated to https://uztisdev.asseco.lt/home
2025-02-06 08:15:21 [main] INFO  l.i.uztis.tests.InvitationsPageTest - Starting test:'testCreateNewVuiInvitationDraft'
2025-02-06 08:15:22 [main] DEBUG l.i.uztis.tests.InvitationsPageTest - User logged in with test credentials
2025-02-06 08:15:22 [main] DEBUG l.i.uztis.tests.InvitationsPageTest - Opened 'Application Processing' menu.
2025-02-06 08:15:22 [main] DEBUG l.i.uztis.tests.InvitationsPageTest - Clicked on 'Application Forms' menu.
2025-02-06 08:15:22 [main] DEBUG l.i.uztis.tests.InvitationsPageTest - Navigating to application forms menu.
2025-02-06 08:15:22 [main] DEBUG l.i.uztis.tests.InvitationsPageTest - Retrieved last description code text: 'TST-VUI-28'.
2025-02-06 08:15:23 [main] DEBUG l.i.uztis.tests.InvitationsPageTest - Clicked on 'Invitation' menu.
2025-02-06 08:15:23 [main] DEBUG l.i.uztis.tests.InvitationsPageTest - Clicked 'Create New Application Form'.
2025-02-06 08:15:24 [main] DEBUG l.i.uztis.tests.InvitationsPageTest - Selected section by code: 'TST-VUI-28'.
2025-02-06 08:15:24 [main] INFO  l.insoft.uztis.pages.InvitationsPage - Located the dropdown button.
2025-02-06 08:15:35 [main] ERROR l.insoft.uztis.pages.InvitationsPage - Timeout while waiting for dropdown to close with aria-expanded = 'false'.
2025-02-06 08:15:35 [main] DEBUG l.i.uztis.tests.InvitationsPageTest - Selected invitation number from the list.
2025-02-06 08:15:36 [main] DEBUG l.i.uztis.tests.InvitationsPageTest - Entered current date.
2025-02-06 08:15:36 [main] DEBUG l.i.uztis.tests.InvitationsPageTest - Entered start time: 00:00.
2025-02-06 08:15:36 [main] DEBUG l.i.uztis.tests.InvitationsPageTest - Entered end date.
2025-02-06 08:15:36 [main] DEBUG l.i.uztis.tests.InvitationsPageTest - Entered end time: 11:11.
2025-02-06 08:15:37 [main] DEBUG l.i.uztis.tests.InvitationsPageTest - Draft saved.
2025-02-06 08:15:37 [main] DEBUG l.insoft.uztis.pages.InvitationsPage - Verified success message: 'Duomenys sėkmingai išsaugoti.'
2025-02-06 08:15:37 [main] INFO  l.i.uztis.tests.InvitationsPageTest - Test 'testCreateNewVuiInvitationDraft' completed successfully.
2025-02-06 08:15:46 [main] INFO  lt.insoft.uztis.tests.UztisPageTest - Navigated to https://uztisdev.asseco.lt/home
2025-02-06 08:15:46 [main] INFO  l.i.uztis.tests.InvitationsPageTest - Starting test:'testEditAndPublishVuiInvitationDraft'
2025-02-06 08:15:47 [main] DEBUG l.i.uztis.tests.InvitationsPageTest - User logged in with test credentials
2025-02-06 08:15:47 [main] DEBUG l.i.uztis.tests.InvitationsPageTest - Opened 'Application Processing' menu.
2025-02-06 08:15:48 [main] DEBUG l.i.uztis.tests.InvitationsPageTest - Clicked on 'Application Forms' menu.
2025-02-06 08:15:48 [main] DEBUG l.i.uztis.tests.InvitationsPageTest - Navigating to application forms menu.
2025-02-06 08:15:48 [main] DEBUG l.i.uztis.tests.InvitationsPageTest - Retrieved last description code text: 'TST-VUI-28'.
2025-02-06 08:15:48 [main] DEBUG l.i.uztis.tests.InvitationsPageTest - Clicked on 'Invitation' menu.
2025-02-06 08:15:49 [main] DEBUG l.i.uztis.tests.InvitationsPageTest - Selected section by code: 'TST-VUI-28'.
2025-02-06 08:15:49 [main] DEBUG l.i.uztis.tests.InvitationsPageTest - Clicked 'Search'.
2025-02-06 08:15:49 [main] DEBUG l.i.uztis.tests.InvitationsPageTest - Getting and inserting application code text.
2025-02-06 08:15:49 [main] DEBUG l.i.uztis.tests.InvitationsPageTest - Clicked 'InvitationDraft'.
2025-02-06 08:15:50 [main] DEBUG l.i.uztis.tests.InvitationsPageTest - Clicked 'Edit'.
2025-02-06 08:15:50 [main] DEBUG l.i.uztis.tests.InvitationsPageTest - Entered publication end date.
2025-02-06 08:15:51 [main] DEBUG l.i.uztis.tests.InvitationsPageTest - Added additional values.
2025-02-06 08:15:51 [main] INFO  l.insoft.uztis.pages.InvitationsPage - Located the dropdown button.
2025-02-06 08:15:51 [main] DEBUG l.i.uztis.tests.InvitationsPageTest - Selected the value: 'Didžiausia galima paramos suma aplinkos darbo vietai, Eur'
2025-02-06 08:15:51 [main] INFO  l.insoft.uztis.pages.InvitationsPage - Located the dropdown button.
2025-02-06 08:15:52 [main] DEBUG l.i.uztis.tests.InvitationsPageTest - Selected the value: 'Didžiausia galima paramos suma, Eur'
2025-02-06 08:15:52 [main] INFO  l.insoft.uztis.pages.InvitationsPage - Located the dropdown button.
2025-02-06 08:15:52 [main] DEBUG l.i.uztis.tests.InvitationsPageTest - Selected the value: 'Didžiausia galima paramos suma vienai darbo vietai, Eur'
2025-02-06 08:15:53 [main] DEBUG l.i.uztis.tests.InvitationsPageTest - Entered value: 11000
2025-02-06 08:15:53 [main] DEBUG l.i.uztis.tests.InvitationsPageTest - Entered value: 12000
2025-02-06 08:15:53 [main] DEBUG l.i.uztis.tests.InvitationsPageTest - Entered value: 13000
2025-02-06 08:15:53 [main] DEBUG l.i.uztis.tests.InvitationsPageTest - Checked 'Legal Entities' checkbox.
2025-02-06 08:15:53 [main] DEBUG l.i.uztis.tests.InvitationsPageTest - Unchecked 'Persons Registered with Employment Service' checkbox.
2025-02-06 08:15:53 [main] DEBUG l.i.uztis.tests.InvitationsPageTest - Checked 'Persons Registered as Employers' checkbox.
2025-02-06 08:15:53 [main] DEBUG l.i.uztis.tests.InvitationsPageTest - Entered second evaluation grade: '5'.
2025-02-06 08:15:54 [main] DEBUG l.i.uztis.tests.InvitationsPageTest - Entered third evaluation grade: '6'.
2025-02-06 08:15:54 [main] DEBUG l.i.uztis.tests.InvitationsPageTest - Entered second evaluation grade weight: '0,45'.
2025-02-06 08:15:54 [main] DEBUG l.i.uztis.tests.InvitationsPageTest - Entered third evaluation grade weight: '0,55'.
2025-02-06 08:15:54 [main] DEBUG l.i.uztis.tests.InvitationsPageTest - Entered budget: '2000'.
2025-02-06 08:15:54 [main] DEBUG l.i.uztis.tests.InvitationsPageTest - Entered description text: 'Aprašo tekstas'.
2025-02-06 08:15:54 [main] DEBUG l.i.uztis.tests.InvitationsPageTest - Entered applicants text: 'Pareiškėjų tekstas'.
2025-02-06 08:15:54 [main] DEBUG l.i.uztis.tests.InvitationsPageTest - Entered expenditures text: 'Išlaidų tekstas'.
2025-02-06 08:15:55 [main] DEBUG l.i.uztis.tests.InvitationsPageTest - Entered legislation text: 'Teisės aktų tekstas'.
2025-02-06 08:15:55 [main] DEBUG l.i.uztis.tests.InvitationsPageTest - Entered education text: 'Mokymų tekstas'.
2025-02-06 08:15:55 [main] DEBUG l.i.uztis.tests.InvitationsPageTest - File uploaded.
2025-02-06 08:15:55 [main] DEBUG l.i.uztis.tests.InvitationsPageTest - Clicked 'Publish'.
2025-02-06 08:15:55 [main] DEBUG l.i.uztis.tests.InvitationsPageTest - Publication confirmed.
2025-02-06 08:15:55 [main] DEBUG l.insoft.uztis.pages.InvitationsPage - Verified success message: 'Funkcija sėkmingai atlikta.'
2025-02-06 08:15:55 [main] INFO  l.i.uztis.tests.InvitationsPageTest - Test 'testEditAndPublishVuiInvitationDraft' completed successfully.
2025-02-06 08:16:10 [main] INFO  lt.insoft.uztis.tests.UztisPageTest - Navigated to https://uztisdev.asseco.lt/home
2025-02-06 08:16:10 [main] INFO  l.i.uztis.tests.InvitationsPageTest - Starting test:'testInsertVuiStatisticInformation'
2025-02-06 08:16:10 [main] DEBUG l.i.uztis.tests.InvitationsPageTest - User logged in with test credentials
2025-02-06 08:16:11 [main] DEBUG l.i.uztis.tests.InvitationsPageTest - Opened 'Application Processing' menu.
2025-02-06 08:16:11 [main] DEBUG l.i.uztis.tests.InvitationsPageTest - Clicked on 'Application Forms' menu.
2025-02-06 08:16:11 [main] DEBUG l.i.uztis.tests.InvitationsPageTest - Navigating to invitation forms menu.
2025-02-06 08:16:11 [main] DEBUG l.i.uztis.tests.InvitationsPageTest - Retrieved last description code text: 'TST-VUI-28'.
2025-02-06 08:16:11 [main] DEBUG l.i.uztis.tests.InvitationsPageTest - Clicked on 'Invitation' menu.
2025-02-06 08:16:12 [main] DEBUG l.i.uztis.tests.InvitationsPageTest - Selected section by code: 'TST-VUI-28'.
2025-02-06 08:16:12 [main] DEBUG l.i.uztis.tests.InvitationsPageTest - Clicked 'Search'.
2025-02-06 08:16:12 [main] DEBUG l.i.uztis.tests.InvitationsPageTest - Getting and inserting application code text.
2025-02-06 08:16:12 [main] DEBUG l.i.uztis.tests.InvitationsPageTest - Clicked 'Publishing'.
2025-02-06 08:16:13 [main] DEBUG l.i.uztis.tests.InvitationsPageTest - Clicked 'Statistic Information' tab.
2025-02-06 08:16:13 [main] DEBUG l.i.uztis.tests.InvitationsPageTest - Clicked 'Edit' button.
2025-02-06 08:16:13 [main] DEBUG l.i.uztis.tests.InvitationsPageTest - Entered current date.
2025-02-06 08:16:13 [main] DEBUG l.i.uztis.tests.InvitationsPageTest - Entered value: 8.7
2025-02-06 08:16:14 [main] DEBUG l.i.uztis.tests.InvitationsPageTest - Entered average salary: 2237.9
2025-02-06 08:16:14 [main] DEBUG l.i.uztis.tests.InvitationsPageTest - File uploaded.
2025-02-06 08:16:14 [main] DEBUG l.i.uztis.tests.InvitationsPageTest - Clicked 'Save' button.
2025-02-06 08:16:14 [main] DEBUG l.insoft.uztis.pages.InvitationsPage - Verified success message: 'Funkcija sėkmingai atlikta.'
2025-02-06 08:16:14 [main] INFO  l.i.uztis.tests.InvitationsPageTest - Test 'testInsertVuiStatisticInformation' completed successfully.
2025-02-06 08:16:47 [main] INFO  lt.insoft.uztis.tests.UztisPageTest - Navigated to https://uztisdev.asseco.lt/home
2025-02-06 08:16:47 [main] INFO  l.i.u.t.SubmittedApplicationsPageTest - Starting test:'testFillNewVUIPApplication'
2025-02-06 08:16:47 [main] DEBUG l.i.u.t.SubmittedApplicationsPageTest - User logged in with test credentials.
2025-02-06 08:16:48 [main] DEBUG l.i.u.t.SubmittedApplicationsPageTest - Opened 'Application Processing' menu.
2025-02-06 08:16:48 [main] DEBUG l.i.u.t.SubmittedApplicationsPageTest - Clicked on 'Application Forms' menu.
2025-02-06 08:16:48 [main] DEBUG l.i.u.t.SubmittedApplicationsPageTest - Retrieved last description code text: 'TST-VUI-28'.
2025-02-06 08:16:48 [main] DEBUG l.i.u.t.SubmittedApplicationsPageTest - Clicked on 'Invitation' menu.
2025-02-06 08:16:49 [main] DEBUG l.i.u.t.SubmittedApplicationsPageTest - Selected application section by code: 'TST-VUI-28'.
2025-02-06 08:16:49 [main] DEBUG l.i.u.t.SubmittedApplicationsPageTest - Clicked 'Search' button.
2025-02-06 08:16:49 [main] DEBUG l.i.u.t.SubmittedApplicationsPageTest - Retrieved invitation code: ''.
2025-02-06 08:16:49 [main] DEBUG l.i.u.t.SubmittedApplicationsPageTest - Clicked on 'Submitted Applications' menu.
2025-02-06 08:16:50 [main] DEBUG l.i.u.t.SubmittedApplicationsPageTest - Selected invitation by code: 'TST-VUI-28'.
2025-02-06 08:16:50 [main] DEBUG l.i.u.t.SubmittedApplicationsPageTest - Invitation code inserted.
2025-02-06 08:16:51 [main] DEBUG l.i.u.t.SubmittedApplicationsPageTest - Clicked on 'Action Application' button.
2025-02-06 08:16:51 [main] DEBUG l.i.u.t.SubmittedApplicationsPageTest - Clicked on 'New Application' button.
2025-02-06 08:16:51 [main] DEBUG l.i.u.t.SubmittedApplicationsPageTest - Selected the 'RadioButtonFA' option.
2025-02-06 08:16:51 [main] DEBUG l.i.u.t.SubmittedApplicationsPageTest - Entered phone number: '61298745'.
2025-02-06 08:16:52 [main] DEBUG l.i.u.t.SubmittedApplicationsPageTest - Entered email: 'test@autotest.com'.
2025-02-06 08:16:52 [main] INFO  l.i.u.p.SubmittedApplicationsPage - Located the dropdown button.
2025-02-06 08:17:11 [main] INFO  l.i.u.p.SubmittedApplicationsPage - Found 1741 options in the dropdown.
2025-02-06 08:17:11 [main] INFO  l.i.u.p.SubmittedApplicationsPage - Successfully selected the value: '01.11 - Grūdinių (išskyrus ryžius), ankštinių ir aliejingų sėklų augalų auginimas'
2025-02-06 08:17:21 [main] ERROR l.i.u.p.SubmittedApplicationsPage - Failed to close the dropdown with aria-expanded = 'false'. Attempting manual close.
2025-02-06 08:17:22 [main] INFO  l.i.u.p.SubmittedApplicationsPage - Manual close attempt for the dropdown using body click.
2025-02-06 08:17:22 [main] DEBUG l.i.u.t.SubmittedApplicationsPageTest - Selected EVRK value: '01.11 - Grūdinių (išskyrus ryžius), ankštinių ir aliejingų sėklų augalų auginimas'.
2025-02-06 08:17:22 [main] DEBUG l.i.u.t.SubmittedApplicationsPageTest - Entered address: 'Vilniaus m. sav., Vilnius, Testo g. 10T'.
2025-02-06 08:17:22 [main] DEBUG l.i.u.t.SubmittedApplicationsPageTest - Entered project date.
2025-02-06 08:17:22 [main] DEBUG l.i.u.t.SubmittedApplicationsPageTest - Entered job count: '1'.
2025-02-06 08:17:22 [main] DEBUG l.i.u.t.SubmittedApplicationsPageTest - Clicked 'Next' button.
2025-02-06 08:17:22 [main] INFO  l.i.u.p.SubmittedApplicationsPage - Located the dropdown button.
2025-02-06 08:17:23 [main] INFO  l.i.u.p.SubmittedApplicationsPage - Successfully selected the value: 'Administratoriai'
2025-02-06 08:17:54 [main] ERROR l.i.u.p.SubmittedApplicationsPage - Timeout while waiting for dropdown to close with aria-expanded = 'false'.
2025-02-06 08:17:54 [main] DEBUG l.i.u.t.SubmittedApplicationsPageTest - Selected job name: 'Administratoriai'.
2025-02-06 08:17:54 [main] DEBUG l.i.u.t.SubmittedApplicationsPageTest - Entered job function: 'Funkcija 1'.
2025-02-06 08:17:54 [main] DEBUG l.i.u.t.SubmittedApplicationsPageTest - Selected 'RadioButtonWithDisabilities' option.
2025-02-06 08:17:54 [main] INFO  l.i.u.p.SubmittedApplicationsPage - Clicking on the dropdown button.
2025-02-06 08:17:55 [main] INFO  l.i.u.p.SubmittedApplicationsPage - Found 34 options in the dropdown.
2025-02-06 08:17:55 [main] DEBUG l.i.u.p.SubmittedApplicationsPage - Checking option: 'Asmenys, kuriems suteiktas pabėgėlio statusas ar perkeliamojo asmens statusas, arba asmenys, kuriems suteikta papildoma ar laikinoji apsauga, ir asmenys, turintys teisę gauti laikinąją apsaugą, iki sprendimo dėl laikinosios apsaugos suteikimo (nesuteikimo) priėmimo, tačiau ne ilgiau kaip laikinosios apsaugos laikotarpiu'
2025-02-06 08:17:55 [main] DEBUG l.i.u.p.SubmittedApplicationsPage - Checking option: 'Asmenys, kuriems suteiktas pabėgėlio statusas ar perkeliamojo asmens statusas, arba asmenys, kuriems suteikta papildoma ar laikinoji apsauga, ir asmenys, turintys teisę gauti laikinąją apsaugą, iki sprendimo dėl laikinosios apsaugos suteikimo (nesuteikimo) priėmimo, tačiau ne ilgiau kaip laikinosios apsaugos laikotarpiu'
2025-02-06 08:17:55 [main] DEBUG l.i.u.p.SubmittedApplicationsPage - Checking option: 'Asmenys, turintys teisę į papildomas užimtumo garantijas pagal Lietuvos Respublikos valstybės įmonės Ignalinos atominės elektrinės darbuotojų papildomų užimtumo ir socialinių garantijų įstatymą'
2025-02-06 08:17:55 [main] DEBUG l.i.u.p.SubmittedApplicationsPage - Checking option: 'Asmenys, turintys teisę į papildomas užimtumo garantijas pagal Lietuvos Respublikos valstybės įmonės Ignalinos atominės elektrinės darbuotojų papildomų užimtumo ir socialinių garantijų įstatymą'
2025-02-06 08:17:55 [main] DEBUG l.i.u.p.SubmittedApplicationsPage - Checking option: 'Bedarbiai iki 29 metų'
2025-02-06 08:17:55 [main] DEBUG l.i.u.p.SubmittedApplicationsPage - Checking option: 'Bedarbiai iki 29 metų'
2025-02-06 08:17:55 [main] DEBUG l.i.u.p.SubmittedApplicationsPage - Checking option: 'Bedarbiai, kurie yra darbingo amžiaus neįgalieji, kuriems nustatytas 30–40 procentų darbingumo lygis arba vidutinis neįgalumo lygis'
2025-02-06 08:17:55 [main] DEBUG l.i.u.p.SubmittedApplicationsPage - Checking option: 'Bedarbiai, kurie yra darbingo amžiaus neįgalieji, kuriems nustatytas 30–40 procentų darbingumo lygis arba vidutinis neįgalumo lygis'
2025-02-06 08:17:55 [main] DEBUG l.i.u.p.SubmittedApplicationsPage - Checking option: 'Bedarbiai, kurie yra darbingo amžiaus neįgalieji, kuriems nustatytas 45–55 procentų darbingumo lygis arba lengvas neįgalumo lygis'
2025-02-06 08:17:55 [main] DEBUG l.i.u.p.SubmittedApplicationsPage - Checking option: 'Bedarbiai, kurie yra darbingo amžiaus neįgalieji, kuriems nustatytas 45–55 procentų darbingumo lygis arba lengvas neįgalumo lygis'
2025-02-06 08:17:55 [main] DEBUG l.i.u.p.SubmittedApplicationsPage - Checking option: 'Bedarbiai, kurie yra darbingo amžiaus neįgalieji, kuriems nustatytas iki 25 procentų darbingumo lygis arba sunkus neįgalumo lygis'
2025-02-06 08:17:55 [main] INFO  l.i.u.p.SubmittedApplicationsPage - Successfully selected the value: 'Bedarbiai, kurie yra darbingo amžiaus neįgalieji, kuriems nustatytas iki 25 procentų darbingumo lygis arba sunkus neįgalumo lygis'
2025-02-06 08:17:55 [main] INFO  l.i.u.p.SubmittedApplicationsPage - Attempting to close the dropdown.
2025-02-06 08:18:05 [main] INFO  l.i.u.p.SubmittedApplicationsPage - Dropdown should be closed now.
2025-02-06 08:18:05 [main] DEBUG l.i.u.t.SubmittedApplicationsPageTest - Selected disabilities type: 'Bedarbiai, kurie yra darbingo amžiaus neįgalieji, kuriems nustatytas iki 25 procentų darbingumo lygis arba sunkus neįgalumo lygis'.
2025-02-06 08:18:06 [main] DEBUG l.i.u.t.SubmittedApplicationsPageTest - Entered disability information: 'Negalia 1'.
2025-02-06 08:18:06 [main] INFO  l.i.u.p.SubmittedApplicationsPage - Located the dropdown button.
2025-02-06 08:18:06 [main] INFO  l.i.u.p.SubmittedApplicationsPage - Successfully selected the value: 'Kita'
2025-02-06 08:18:16 [main] ERROR l.i.u.p.SubmittedApplicationsPage - Timeout while waiting for dropdown to close with aria-expanded = 'false'.
2025-02-06 08:18:16 [main] DEBUG l.i.u.t.SubmittedApplicationsPageTest - Selected time mode: 'Kita'.
2025-02-06 08:18:17 [main] DEBUG l.i.u.t.SubmittedApplicationsPageTest - Selected time mode other: '6 val. per dieną ir 4 d. per savaitę'.
2025-02-06 08:18:17 [main] DEBUG l.i.u.t.SubmittedApplicationsPageTest - Entered qualification: 'Kvalifikacija 1'.
2025-02-06 08:18:17 [main] DEBUG l.i.u.t.SubmittedApplicationsPageTest - Entered job date.
2025-02-06 08:18:17 [main] DEBUG l.i.u.t.SubmittedApplicationsPageTest - Entered salary amount: '1200'.
2025-02-06 08:18:17 [main] DEBUG l.i.u.t.SubmittedApplicationsPageTest - Selected 'Temporary Job' radio button.
2025-02-06 08:18:17 [main] DEBUG l.i.u.t.SubmittedApplicationsPageTest - Selected 'Season Job' radio button.
2025-02-06 08:18:17 [main] DEBUG l.i.u.t.SubmittedApplicationsPageTest - Selected 'Energy' radio button.
2025-02-06 08:18:18 [main] DEBUG l.i.u.t.SubmittedApplicationsPageTest - Selected 'Repair' radio button.
2025-02-06 08:18:18 [main] DEBUG l.i.u.t.SubmittedApplicationsPageTest - Entered job description: 'Veikla 1'.
2025-02-06 08:18:18 [main] DEBUG l.i.u.t.SubmittedApplicationsPageTest - Entered process description: 'Procesas 1'.
2025-02-06 08:18:18 [main] DEBUG l.i.u.t.SubmittedApplicationsPageTest - Entered energy information: 'Energija 1'.
2025-02-06 08:18:18 [main] DEBUG l.i.u.t.SubmittedApplicationsPageTest - Entered repair information: 'Remontas 1'.
2025-02-06 08:18:18 [main] DEBUG l.i.u.t.SubmittedApplicationsPageTest - Selected 'PVM' radio button.
2025-02-06 08:18:18 [main] INFO  l.i.u.p.SubmittedApplicationsPage - Located the dropdown button.
2025-02-06 08:18:19 [main] INFO  l.i.u.p.SubmittedApplicationsPage - Successfully selected the value: 'Įsigyti'
2025-02-06 08:18:39 [main] ERROR l.i.u.p.SubmittedApplicationsPage - Timeout while waiting for dropdown to close with aria-expanded = 'false'.
2025-02-06 08:18:39 [main] DEBUG l.i.u.t.SubmittedApplicationsPageTest - Selected necessary for job: 'Įsigyti'.
2025-02-06 08:18:40 [main] DEBUG l.i.u.t.SubmittedApplicationsPageTest - Selected tool: 'Darbo priemonė 1'.
2025-02-06 08:18:40 [main] DEBUG l.i.u.t.SubmittedApplicationsPageTest - Selected tool parameter one: 'Darbo priemonės 1 parametras 1'.
2025-02-06 08:18:40 [main] DEBUG l.i.u.t.SubmittedApplicationsPageTest - Selected tool parameter two: 'Darbo priemonės 1 parametras 2'.
2025-02-06 08:18:40 [main] DEBUG l.i.u.t.SubmittedApplicationsPageTest - Selected tool parameter three: 'Darbo priemonės 1 parametras 3'.
2025-02-06 08:18:41 [main] DEBUG l.i.u.t.SubmittedApplicationsPageTest - Entered tool count: '1'.
2025-02-06 08:18:41 [main] DEBUG l.i.u.t.SubmittedApplicationsPageTest - Entered price amount: '1000'.
2025-02-06 08:18:41 [main] DEBUG l.i.u.t.SubmittedApplicationsPageTest - Entered own funds amount: '800'.
2025-02-06 08:18:41 [main] DEBUG l.i.u.t.SubmittedApplicationsPageTest - Entered country percentage: '50'.
2025-02-06 08:18:41 [main] DEBUG l.i.u.t.SubmittedApplicationsPageTest - Entered institution percentage: '50'.
2025-02-06 08:18:41 [main] DEBUG l.i.u.t.SubmittedApplicationsPageTest - Entered municipality percentage: '50'.
2025-02-06 08:18:41 [main] DEBUG l.i.u.t.SubmittedApplicationsPageTest - Selected 'De Minimis' radio button.
2025-02-06 08:18:42 [main] DEBUG l.i.u.t.SubmittedApplicationsPageTest - Entered program name: 'Programa 1'.
2025-02-06 08:18:42 [main] DEBUG l.i.u.t.SubmittedApplicationsPageTest - Entered project date from.
2025-02-06 08:18:42 [main] DEBUG l.i.u.t.SubmittedApplicationsPageTest - Entered project date until.
2025-02-06 08:18:42 [main] DEBUG l.i.u.t.SubmittedApplicationsPageTest - Entered support amount: '2000'.
2025-02-06 08:18:42 [main] DEBUG l.i.u.t.SubmittedApplicationsPageTest - Clicked 'Next' button.
2025-02-06 08:18:53 [main] DEBUG l.i.u.t.SubmittedApplicationsPageTest - Checked 'Legal Entities' checkbox 1.
2025-02-06 08:19:03 [main] DEBUG l.i.u.t.SubmittedApplicationsPageTest - Checked 'Legal Entities' checkbox 2.
2025-02-06 08:19:13 [main] DEBUG l.i.u.t.SubmittedApplicationsPageTest - Checked 'Legal Entities' checkbox 3.
2025-02-06 08:19:13 [main] DEBUG l.i.u.t.SubmittedApplicationsPageTest - Test finished: All 'Legal Entities' checkboxes checked successfully.
2025-02-06 08:19:13 [main] DEBUG l.i.u.t.SubmittedApplicationsPageTest - Clicked 'Next' button after checkboxes.
2025-02-06 08:19:23 [main] ERROR l.i.u.p.SubmittedApplicationsPage - Error selecting radio button: Expected condition failed: waiting for element to be clickable: By.xpath: (//input[@type='radio' and @value='false'])[8] (tried for 10 second(s) with 500 milliseconds interval)
Build info: version: '4.27.0', revision: 'd6e718d134'
System info: os.name: 'Windows 11', os.arch: 'amd64', os.version: '10.0', java.version: '21.0.3'
Driver info: org.openqa.selenium.chrome.ChromeDriver
Capabilities {acceptInsecureCerts: false, browserName: chrome, browserVersion: 132.0.6834.160, chrome: {chromedriverVersion: 132.0.6834.159 (2d77d3fc445..., userDataDir: C:\Users\INGRID~1.ZAD\AppDa...}, fedcm:accounts: true, goog:chromeOptions: {debuggerAddress: localhost:54089}, networkConnectionEnabled: false, pageLoadStrategy: normal, platformName: windows, proxy: Proxy(), se:cdp: ws://localhost:54089/devtoo..., se:cdpVersion: 132.0.6834.160, setWindowRect: true, strictFileInteractability: false, timeouts: {implicit: 0, pageLoad: 300000, script: 30000}, unhandledPromptBehavior: dismiss and notify, webauthn:extension:credBlob: true, webauthn:extension:largeBlob: true, webauthn:extension:minPinLength: true, webauthn:extension:prf: true, webauthn:virtualAuthenticators: true}
Session ID: 38fb3a5a96d759b1d3d817ccc6164787
2025-02-06 08:19:23 [main] INFO  l.i.u.t.SubmittedApplicationsPageTest - Marking 'Ne' radio button 1
2025-02-06 08:19:33 [main] ERROR l.i.u.p.SubmittedApplicationsPage - Error selecting radio button: Expected condition failed: waiting for element to be clickable: By.xpath: (//input[@type='radio' and @value='false'])[9] (tried for 10 second(s) with 500 milliseconds interval)
Build info: version: '4.27.0', revision: 'd6e718d134'
System info: os.name: 'Windows 11', os.arch: 'amd64', os.version: '10.0', java.version: '21.0.3'
Driver info: org.openqa.selenium.chrome.ChromeDriver
Capabilities {acceptInsecureCerts: false, browserName: chrome, browserVersion: 132.0.6834.160, chrome: {chromedriverVersion: 132.0.6834.159 (2d77d3fc445..., userDataDir: C:\Users\INGRID~1.ZAD\AppDa...}, fedcm:accounts: true, goog:chromeOptions: {debuggerAddress: localhost:54089}, networkConnectionEnabled: false, pageLoadStrategy: normal, platformName: windows, proxy: Proxy(), se:cdp: ws://localhost:54089/devtoo..., se:cdpVersion: 132.0.6834.160, setWindowRect: true, strictFileInteractability: false, timeouts: {implicit: 0, pageLoad: 300000, script: 30000}, unhandledPromptBehavior: dismiss and notify, webauthn:extension:credBlob: true, webauthn:extension:largeBlob: true, webauthn:extension:minPinLength: true, webauthn:extension:prf: true, webauthn:virtualAuthenticators: true}
Session ID: 38fb3a5a96d759b1d3d817ccc6164787
2025-02-06 08:19:33 [main] INFO  l.i.u.t.SubmittedApplicationsPageTest - Marking 'Ne' radio button 2
2025-02-06 08:19:44 [main] ERROR l.i.u.p.SubmittedApplicationsPage - Error selecting radio button: Expected condition failed: waiting for element to be clickable: By.xpath: (//input[@type='radio' and @value='false'])[10] (tried for 10 second(s) with 500 milliseconds interval)
Build info: version: '4.27.0', revision: 'd6e718d134'
System info: os.name: 'Windows 11', os.arch: 'amd64', os.version: '10.0', java.version: '21.0.3'
Driver info: org.openqa.selenium.chrome.ChromeDriver
Capabilities {acceptInsecureCerts: false, browserName: chrome, browserVersion: 132.0.6834.160, chrome: {chromedriverVersion: 132.0.6834.159 (2d77d3fc445..., userDataDir: C:\Users\INGRID~1.ZAD\AppDa...}, fedcm:accounts: true, goog:chromeOptions: {debuggerAddress: localhost:54089}, networkConnectionEnabled: false, pageLoadStrategy: normal, platformName: windows, proxy: Proxy(), se:cdp: ws://localhost:54089/devtoo..., se:cdpVersion: 132.0.6834.160, setWindowRect: true, strictFileInteractability: false, timeouts: {implicit: 0, pageLoad: 300000, script: 30000}, unhandledPromptBehavior: dismiss and notify, webauthn:extension:credBlob: true, webauthn:extension:largeBlob: true, webauthn:extension:minPinLength: true, webauthn:extension:prf: true, webauthn:virtualAuthenticators: true}
Session ID: 38fb3a5a96d759b1d3d817ccc6164787
2025-02-06 08:19:44 [main] INFO  l.i.u.t.SubmittedApplicationsPageTest - Marking 'Ne' radio button 3
2025-02-06 08:19:54 [main] ERROR l.i.u.p.SubmittedApplicationsPage - Error selecting radio button: Expected condition failed: waiting for element to be clickable: By.xpath: (//input[@type='radio' and @value='false'])[11] (tried for 10 second(s) with 500 milliseconds interval)
Build info: version: '4.27.0', revision: 'd6e718d134'
System info: os.name: 'Windows 11', os.arch: 'amd64', os.version: '10.0', java.version: '21.0.3'
Driver info: org.openqa.selenium.chrome.ChromeDriver
Capabilities {acceptInsecureCerts: false, browserName: chrome, browserVersion: 132.0.6834.160, chrome: {chromedriverVersion: 132.0.6834.159 (2d77d3fc445..., userDataDir: C:\Users\INGRID~1.ZAD\AppDa...}, fedcm:accounts: true, goog:chromeOptions: {debuggerAddress: localhost:54089}, networkConnectionEnabled: false, pageLoadStrategy: normal, platformName: windows, proxy: Proxy(), se:cdp: ws://localhost:54089/devtoo..., se:cdpVersion: 132.0.6834.160, setWindowRect: true, strictFileInteractability: false, timeouts: {implicit: 0, pageLoad: 300000, script: 30000}, unhandledPromptBehavior: dismiss and notify, webauthn:extension:credBlob: true, webauthn:extension:largeBlob: true, webauthn:extension:minPinLength: true, webauthn:extension:prf: true, webauthn:virtualAuthenticators: true}
Session ID: 38fb3a5a96d759b1d3d817ccc6164787
2025-02-06 08:19:54 [main] INFO  l.i.u.t.SubmittedApplicationsPageTest - Marking 'Ne' radio button 4
2025-02-06 08:20:04 [main] ERROR l.i.u.p.SubmittedApplicationsPage - Error selecting radio button: Expected condition failed: waiting for element to be clickable: By.xpath: (//input[@type='radio' and @value='false'])[12] (tried for 10 second(s) with 500 milliseconds interval)
Build info: version: '4.27.0', revision: 'd6e718d134'
System info: os.name: 'Windows 11', os.arch: 'amd64', os.version: '10.0', java.version: '21.0.3'
Driver info: org.openqa.selenium.chrome.ChromeDriver
Capabilities {acceptInsecureCerts: false, browserName: chrome, browserVersion: 132.0.6834.160, chrome: {chromedriverVersion: 132.0.6834.159 (2d77d3fc445..., userDataDir: C:\Users\INGRID~1.ZAD\AppDa...}, fedcm:accounts: true, goog:chromeOptions: {debuggerAddress: localhost:54089}, networkConnectionEnabled: false, pageLoadStrategy: normal, platformName: windows, proxy: Proxy(), se:cdp: ws://localhost:54089/devtoo..., se:cdpVersion: 132.0.6834.160, setWindowRect: true, strictFileInteractability: false, timeouts: {implicit: 0, pageLoad: 300000, script: 30000}, unhandledPromptBehavior: dismiss and notify, webauthn:extension:credBlob: true, webauthn:extension:largeBlob: true, webauthn:extension:minPinLength: true, webauthn:extension:prf: true, webauthn:virtualAuthenticators: true}
Session ID: 38fb3a5a96d759b1d3d817ccc6164787
2025-02-06 08:20:04 [main] INFO  l.i.u.t.SubmittedApplicationsPageTest - Marking 'Ne' radio button 5
2025-02-06 08:20:14 [main] ERROR l.i.u.p.SubmittedApplicationsPage - Error selecting radio button: Expected condition failed: waiting for element to be clickable: By.xpath: (//input[@type='radio' and @value='false'])[13] (tried for 10 second(s) with 500 milliseconds interval)
Build info: version: '4.27.0', revision: 'd6e718d134'
System info: os.name: 'Windows 11', os.arch: 'amd64', os.version: '10.0', java.version: '21.0.3'
Driver info: org.openqa.selenium.chrome.ChromeDriver
Capabilities {acceptInsecureCerts: false, browserName: chrome, browserVersion: 132.0.6834.160, chrome: {chromedriverVersion: 132.0.6834.159 (2d77d3fc445..., userDataDir: C:\Users\INGRID~1.ZAD\AppDa...}, fedcm:accounts: true, goog:chromeOptions: {debuggerAddress: localhost:54089}, networkConnectionEnabled: false, pageLoadStrategy: normal, platformName: windows, proxy: Proxy(), se:cdp: ws://localhost:54089/devtoo..., se:cdpVersion: 132.0.6834.160, setWindowRect: true, strictFileInteractability: false, timeouts: {implicit: 0, pageLoad: 300000, script: 30000}, unhandledPromptBehavior: dismiss and notify, webauthn:extension:credBlob: true, webauthn:extension:largeBlob: true, webauthn:extension:minPinLength: true, webauthn:extension:prf: true, webauthn:virtualAuthenticators: true}
Session ID: 38fb3a5a96d759b1d3d817ccc6164787
2025-02-06 08:20:14 [main] INFO  l.i.u.t.SubmittedApplicationsPageTest - Marking 'Ne' radio button 6
2025-02-06 08:20:24 [main] ERROR l.i.u.p.SubmittedApplicationsPage - Error selecting radio button: Expected condition failed: waiting for element to be clickable: By.xpath: (//input[@type='radio' and @value='true'])[14] (tried for 10 second(s) with 500 milliseconds interval)
Build info: version: '4.27.0', revision: 'd6e718d134'
System info: os.name: 'Windows 11', os.arch: 'amd64', os.version: '10.0', java.version: '21.0.3'
Driver info: org.openqa.selenium.chrome.ChromeDriver
Capabilities {acceptInsecureCerts: false, browserName: chrome, browserVersion: 132.0.6834.160, chrome: {chromedriverVersion: 132.0.6834.159 (2d77d3fc445..., userDataDir: C:\Users\INGRID~1.ZAD\AppDa...}, fedcm:accounts: true, goog:chromeOptions: {debuggerAddress: localhost:54089}, networkConnectionEnabled: false, pageLoadStrategy: normal, platformName: windows, proxy: Proxy(), se:cdp: ws://localhost:54089/devtoo..., se:cdpVersion: 132.0.6834.160, setWindowRect: true, strictFileInteractability: false, timeouts: {implicit: 0, pageLoad: 300000, script: 30000}, unhandledPromptBehavior: dismiss and notify, webauthn:extension:credBlob: true, webauthn:extension:largeBlob: true, webauthn:extension:minPinLength: true, webauthn:extension:prf: true, webauthn:virtualAuthenticators: true}
Session ID: 38fb3a5a96d759b1d3d817ccc6164787
2025-02-06 08:20:24 [main] INFO  l.i.u.t.SubmittedApplicationsPageTest - Marking 'Taip' radio button 7
2025-02-06 08:20:34 [main] ERROR l.i.u.p.SubmittedApplicationsPage - Error selecting radio button: Expected condition failed: waiting for element to be clickable: By.xpath: (//input[@type='radio' and @value='true'])[15] (tried for 10 second(s) with 500 milliseconds interval)
Build info: version: '4.27.0', revision: 'd6e718d134'
System info: os.name: 'Windows 11', os.arch: 'amd64', os.version: '10.0', java.version: '21.0.3'
Driver info: org.openqa.selenium.chrome.ChromeDriver
Capabilities {acceptInsecureCerts: false, browserName: chrome, browserVersion: 132.0.6834.160, chrome: {chromedriverVersion: 132.0.6834.159 (2d77d3fc445..., userDataDir: C:\Users\INGRID~1.ZAD\AppDa...}, fedcm:accounts: true, goog:chromeOptions: {debuggerAddress: localhost:54089}, networkConnectionEnabled: false, pageLoadStrategy: normal, platformName: windows, proxy: Proxy(), se:cdp: ws://localhost:54089/devtoo..., se:cdpVersion: 132.0.6834.160, setWindowRect: true, strictFileInteractability: false, timeouts: {implicit: 0, pageLoad: 300000, script: 30000}, unhandledPromptBehavior: dismiss and notify, webauthn:extension:credBlob: true, webauthn:extension:largeBlob: true, webauthn:extension:minPinLength: true, webauthn:extension:prf: true, webauthn:virtualAuthenticators: true}
Session ID: 38fb3a5a96d759b1d3d817ccc6164787
2025-02-06 08:20:34 [main] INFO  l.i.u.t.SubmittedApplicationsPageTest - Marking 'Taip' radio button 8
2025-02-06 08:20:44 [main] ERROR l.i.u.p.SubmittedApplicationsPage - Error selecting radio button: Expected condition failed: waiting for element to be clickable: By.xpath: (//input[@type='radio' and @value='true'])[16] (tried for 10 second(s) with 500 milliseconds interval)
Build info: version: '4.27.0', revision: 'd6e718d134'
System info: os.name: 'Windows 11', os.arch: 'amd64', os.version: '10.0', java.version: '21.0.3'
Driver info: org.openqa.selenium.chrome.ChromeDriver
Capabilities {acceptInsecureCerts: false, browserName: chrome, browserVersion: 132.0.6834.160, chrome: {chromedriverVersion: 132.0.6834.159 (2d77d3fc445..., userDataDir: C:\Users\INGRID~1.ZAD\AppDa...}, fedcm:accounts: true, goog:chromeOptions: {debuggerAddress: localhost:54089}, networkConnectionEnabled: false, pageLoadStrategy: normal, platformName: windows, proxy: Proxy(), se:cdp: ws://localhost:54089/devtoo..., se:cdpVersion: 132.0.6834.160, setWindowRect: true, strictFileInteractability: false, timeouts: {implicit: 0, pageLoad: 300000, script: 30000}, unhandledPromptBehavior: dismiss and notify, webauthn:extension:credBlob: true, webauthn:extension:largeBlob: true, webauthn:extension:minPinLength: true, webauthn:extension:prf: true, webauthn:virtualAuthenticators: true}
Session ID: 38fb3a5a96d759b1d3d817ccc6164787
2025-02-06 08:20:44 [main] INFO  l.i.u.t.SubmittedApplicationsPageTest - Marking 'Taip' radio button 9
2025-02-06 08:20:54 [main] ERROR l.i.u.p.SubmittedApplicationsPage - Error selecting radio button: Expected condition failed: waiting for element to be clickable: By.xpath: (//input[@type='radio' and @value='true'])[17] (tried for 10 second(s) with 500 milliseconds interval)
Build info: version: '4.27.0', revision: 'd6e718d134'
System info: os.name: 'Windows 11', os.arch: 'amd64', os.version: '10.0', java.version: '21.0.3'
Driver info: org.openqa.selenium.chrome.ChromeDriver
Capabilities {acceptInsecureCerts: false, browserName: chrome, browserVersion: 132.0.6834.160, chrome: {chromedriverVersion: 132.0.6834.159 (2d77d3fc445..., userDataDir: C:\Users\INGRID~1.ZAD\AppDa...}, fedcm:accounts: true, goog:chromeOptions: {debuggerAddress: localhost:54089}, networkConnectionEnabled: false, pageLoadStrategy: normal, platformName: windows, proxy: Proxy(), se:cdp: ws://localhost:54089/devtoo..., se:cdpVersion: 132.0.6834.160, setWindowRect: true, strictFileInteractability: false, timeouts: {implicit: 0, pageLoad: 300000, script: 30000}, unhandledPromptBehavior: dismiss and notify, webauthn:extension:credBlob: true, webauthn:extension:largeBlob: true, webauthn:extension:minPinLength: true, webauthn:extension:prf: true, webauthn:virtualAuthenticators: true}
Session ID: 38fb3a5a96d759b1d3d817ccc6164787
2025-02-06 08:20:54 [main] INFO  l.i.u.t.SubmittedApplicationsPageTest - Marking 'Taip' radio button 10
2025-02-06 08:21:04 [main] ERROR l.i.u.p.SubmittedApplicationsPage - Error selecting radio button: Expected condition failed: waiting for element to be clickable: By.xpath: (//input[@type='radio' and @value='true'])[18] (tried for 10 second(s) with 500 milliseconds interval)
Build info: version: '4.27.0', revision: 'd6e718d134'
System info: os.name: 'Windows 11', os.arch: 'amd64', os.version: '10.0', java.version: '21.0.3'
Driver info: org.openqa.selenium.chrome.ChromeDriver
Capabilities {acceptInsecureCerts: false, browserName: chrome, browserVersion: 132.0.6834.160, chrome: {chromedriverVersion: 132.0.6834.159 (2d77d3fc445..., userDataDir: C:\Users\INGRID~1.ZAD\AppDa...}, fedcm:accounts: true, goog:chromeOptions: {debuggerAddress: localhost:54089}, networkConnectionEnabled: false, pageLoadStrategy: normal, platformName: windows, proxy: Proxy(), se:cdp: ws://localhost:54089/devtoo..., se:cdpVersion: 132.0.6834.160, setWindowRect: true, strictFileInteractability: false, timeouts: {implicit: 0, pageLoad: 300000, script: 30000}, unhandledPromptBehavior: dismiss and notify, webauthn:extension:credBlob: true, webauthn:extension:largeBlob: true, webauthn:extension:minPinLength: true, webauthn:extension:prf: true, webauthn:virtualAuthenticators: true}
Session ID: 38fb3a5a96d759b1d3d817ccc6164787
2025-02-06 08:21:04 [main] INFO  l.i.u.t.SubmittedApplicationsPageTest - Marking 'Taip' radio button 11
2025-02-06 08:21:14 [main] ERROR l.i.u.p.SubmittedApplicationsPage - Error selecting radio button: Expected condition failed: waiting for element to be clickable: By.xpath: (//input[@type='radio' and @value='true'])[19] (tried for 10 second(s) with 500 milliseconds interval)
Build info: version: '4.27.0', revision: 'd6e718d134'
System info: os.name: 'Windows 11', os.arch: 'amd64', os.version: '10.0', java.version: '21.0.3'
Driver info: org.openqa.selenium.chrome.ChromeDriver
Capabilities {acceptInsecureCerts: false, browserName: chrome, browserVersion: 132.0.6834.160, chrome: {chromedriverVersion: 132.0.6834.159 (2d77d3fc445..., userDataDir: C:\Users\INGRID~1.ZAD\AppDa...}, fedcm:accounts: true, goog:chromeOptions: {debuggerAddress: localhost:54089}, networkConnectionEnabled: false, pageLoadStrategy: normal, platformName: windows, proxy: Proxy(), se:cdp: ws://localhost:54089/devtoo..., se:cdpVersion: 132.0.6834.160, setWindowRect: true, strictFileInteractability: false, timeouts: {implicit: 0, pageLoad: 300000, script: 30000}, unhandledPromptBehavior: dismiss and notify, webauthn:extension:credBlob: true, webauthn:extension:largeBlob: true, webauthn:extension:minPinLength: true, webauthn:extension:prf: true, webauthn:virtualAuthenticators: true}
Session ID: 38fb3a5a96d759b1d3d817ccc6164787
2025-02-06 08:21:14 [main] INFO  l.i.u.t.SubmittedApplicationsPageTest - Marking 'Taip' radio button 12
2025-02-06 08:21:25 [main] DEBUG l.i.u.t.SubmittedApplicationsPageTest - Checked 'ConfirmationStepFour'
2025-02-06 08:21:25 [main] DEBUG l.i.u.t.SubmittedApplicationsPageTest - Clicked 'Next' button after checkboxes.
2025-02-06 08:21:25 [main] INFO  l.i.u.p.SubmittedApplicationsPage - File uploaded successfully to an input element.
2025-02-06 08:21:25 [main] INFO  l.i.u.p.SubmittedApplicationsPage - File uploaded successfully to an input element.
2025-02-06 08:21:25 [main] INFO  l.i.u.p.SubmittedApplicationsPage - File uploaded successfully to an input element.
2025-02-06 08:21:25 [main] INFO  l.i.u.p.SubmittedApplicationsPage - File uploaded successfully to an input element.
2025-02-06 08:21:25 [main] INFO  l.i.u.p.SubmittedApplicationsPage - File uploaded successfully to an input element.
2025-02-06 08:21:25 [main] INFO  l.i.u.p.SubmittedApplicationsPage - File uploaded successfully to an input element.
2025-02-06 08:21:25 [main] INFO  l.i.u.p.SubmittedApplicationsPage - File uploaded successfully to an input element.
2025-02-06 08:21:25 [main] INFO  l.i.u.p.SubmittedApplicationsPage - File uploaded successfully to an input element.
2025-02-06 08:21:26 [main] DEBUG l.i.u.t.SubmittedApplicationsPageTest - Entered program name: 'Dokumentas 1'.
2025-02-06 08:21:26 [main] DEBUG l.i.u.t.SubmittedApplicationsPageTest - Entered program name: 'Dokumentas 2'.
2025-02-06 08:21:26 [main] DEBUG l.i.u.t.SubmittedApplicationsPageTest - Entered program name: 'Dokumentas 3'.
2025-02-06 08:21:26 [main] DEBUG l.i.u.t.SubmittedApplicationsPageTest - Entered program name: 'Dokumentas 4'.
2025-02-06 08:21:26 [main] DEBUG l.i.u.t.SubmittedApplicationsPageTest - Entered program name: 'Dokumentas 5'.
2025-02-06 08:21:26 [main] DEBUG l.i.u.t.SubmittedApplicationsPageTest - Entered program name: 'Dokumentas 6'.
2025-02-06 08:21:27 [main] DEBUG l.i.u.t.SubmittedApplicationsPageTest - Entered program name: 'Dokumentas 4'.
2025-02-06 08:21:27 [main] DEBUG l.i.u.t.SubmittedApplicationsPageTest - Entered program name: 'Dokumentas 8'.
2025-02-06 08:21:37 [main] DEBUG l.i.u.t.SubmittedApplicationsPageTest - Checked 'ConfirmationDocument'
2025-02-06 08:21:47 [main] DEBUG l.i.u.t.SubmittedApplicationsPageTest - Checked 'ConfirmationApplication'
2025-02-06 08:21:47 [main] DEBUG l.i.u.t.SubmittedApplicationsPageTest - Clicked 'SaveDraft' button after checkboxes.
2025-02-06 08:21:47 [main] DEBUG l.insoft.uztis.pages.InvitationsPage - Verified success message: 'Ruošinys sėkmingai išsaugotas.'
2025-02-06 08:21:47 [main] DEBUG l.i.u.t.SubmittedApplicationsPageTest - Clicked 'Review' button after checkboxes.
2025-02-06 08:21:48 [main] DEBUG l.i.u.t.SubmittedApplicationsPageTest - Clicked 'Submit' button after checkboxes.
2025-02-06 08:21:48 [main] DEBUG l.i.u.t.SubmittedApplicationsPageTest - Clicked 'SubmitConfirmation' button after checkboxes.
2025-02-06 08:21:48 [main] ERROR l.insoft.uztis.pages.InvitationsPage - Failed to verify the success message: 'Paraiška sėkmingai pateikta ir užregistruota.'. Available messages: [Ruošinys sėkmingai išsaugotas.]
2025-02-06 08:21:48 [main] INFO  l.i.u.t.SubmittedApplicationsPageTest - Test 'testFillNewVUIApplication' completed successfully.
2025-02-06 08:43:55 [main] INFO  lt.insoft.uztis.tests.UztisPageTest - Navigated to https://uztisdev.asseco.lt/home
2025-02-06 08:43:55 [main] INFO  l.i.u.t.SubmittedApplicationsPageTest - Starting test:'testFillNewVUIPApplication'
2025-02-06 08:43:56 [main] DEBUG l.i.u.t.SubmittedApplicationsPageTest - User logged in with test credentials.
2025-02-06 08:43:56 [main] DEBUG l.i.u.t.SubmittedApplicationsPageTest - Opened 'Application Processing' menu.
2025-02-06 08:43:56 [main] DEBUG l.i.u.t.SubmittedApplicationsPageTest - Clicked on 'Application Forms' menu.
2025-02-06 08:43:57 [main] DEBUG l.i.u.t.SubmittedApplicationsPageTest - Retrieved last description code text: 'TST-VUI-28'.
2025-02-06 08:43:57 [main] DEBUG l.i.u.t.SubmittedApplicationsPageTest - Clicked on 'Invitation' menu.
2025-02-06 08:43:58 [main] DEBUG l.i.u.t.SubmittedApplicationsPageTest - Selected application section by code: 'TST-VUI-28'.
2025-02-06 08:43:58 [main] DEBUG l.i.u.t.SubmittedApplicationsPageTest - Clicked 'Search' button.
2025-02-06 08:43:58 [main] DEBUG l.i.u.t.SubmittedApplicationsPageTest - Retrieved invitation code: ''.
2025-02-06 08:43:58 [main] DEBUG l.i.u.t.SubmittedApplicationsPageTest - Clicked on 'Submitted Applications' menu.
2025-02-06 08:43:59 [main] DEBUG l.i.u.t.SubmittedApplicationsPageTest - Selected invitation by code: 'TST-VUI-28'.
2025-02-06 08:43:59 [main] DEBUG l.i.u.t.SubmittedApplicationsPageTest - Invitation code inserted.
2025-02-06 08:43:59 [main] DEBUG l.i.u.t.SubmittedApplicationsPageTest - Clicked on 'Action Application' button.
2025-02-06 08:43:59 [main] DEBUG l.i.u.t.SubmittedApplicationsPageTest - Clicked on 'New Application' button.
2025-02-06 08:44:00 [main] DEBUG l.i.u.t.SubmittedApplicationsPageTest - Selected the 'RadioButtonFA' option.
2025-02-06 08:44:00 [main] DEBUG l.i.u.t.SubmittedApplicationsPageTest - Entered phone number: '61298745'.
2025-02-06 08:44:00 [main] DEBUG l.i.u.t.SubmittedApplicationsPageTest - Entered email: 'test@autotest.com'.
2025-02-06 08:44:00 [main] INFO  l.i.u.p.SubmittedApplicationsPage - Located the dropdown button.
2025-02-06 08:44:19 [main] INFO  l.i.u.p.SubmittedApplicationsPage - Found 1741 options in the dropdown.
2025-02-06 08:44:19 [main] INFO  l.i.u.p.SubmittedApplicationsPage - Successfully selected the value: '01.11 - Grūdinių (išskyrus ryžius), ankštinių ir aliejingų sėklų augalų auginimas'
2025-02-06 08:44:30 [main] ERROR l.i.u.p.SubmittedApplicationsPage - Failed to close the dropdown with aria-expanded = 'false'. Attempting manual close.
2025-02-06 08:44:30 [main] INFO  l.i.u.p.SubmittedApplicationsPage - Manual close attempt for the dropdown using body click.
2025-02-06 08:44:30 [main] DEBUG l.i.u.t.SubmittedApplicationsPageTest - Selected EVRK value: '01.11 - Grūdinių (išskyrus ryžius), ankštinių ir aliejingų sėklų augalų auginimas'.
2025-02-06 08:44:30 [main] DEBUG l.i.u.t.SubmittedApplicationsPageTest - Entered address: 'Vilniaus m. sav., Vilnius, Testo g. 10T'.
2025-02-06 08:44:30 [main] DEBUG l.i.u.t.SubmittedApplicationsPageTest - Entered project date.
2025-02-06 08:44:31 [main] DEBUG l.i.u.t.SubmittedApplicationsPageTest - Entered job count: '1'.
2025-02-06 08:44:31 [main] DEBUG l.i.u.t.SubmittedApplicationsPageTest - Clicked 'Next' button.
2025-02-06 08:44:31 [main] INFO  l.i.u.p.SubmittedApplicationsPage - Located the dropdown button.
2025-02-06 08:44:32 [main] INFO  l.i.u.p.SubmittedApplicationsPage - Successfully selected the value: 'Administratoriai'
2025-02-06 08:45:02 [main] ERROR l.i.u.p.SubmittedApplicationsPage - Timeout while waiting for dropdown to close with aria-expanded = 'false'.
2025-02-06 08:45:02 [main] DEBUG l.i.u.t.SubmittedApplicationsPageTest - Selected job name: 'Administratoriai'.
2025-02-06 08:45:02 [main] DEBUG l.i.u.t.SubmittedApplicationsPageTest - Entered job function: 'Funkcija 1'.
2025-02-06 08:45:02 [main] DEBUG l.i.u.t.SubmittedApplicationsPageTest - Selected 'RadioButtonWithDisabilities' option.
2025-02-06 08:45:02 [main] INFO  l.i.u.p.SubmittedApplicationsPage - Clicking on the dropdown button.
2025-02-06 08:45:03 [main] INFO  l.i.u.p.SubmittedApplicationsPage - Found 34 options in the dropdown.
2025-02-06 08:45:03 [main] DEBUG l.i.u.p.SubmittedApplicationsPage - Checking option: 'Asmenys, kuriems suteiktas pabėgėlio statusas ar perkeliamojo asmens statusas, arba asmenys, kuriems suteikta papildoma ar laikinoji apsauga, ir asmenys, turintys teisę gauti laikinąją apsaugą, iki sprendimo dėl laikinosios apsaugos suteikimo (nesuteikimo) priėmimo, tačiau ne ilgiau kaip laikinosios apsaugos laikotarpiu'
2025-02-06 08:45:03 [main] DEBUG l.i.u.p.SubmittedApplicationsPage - Checking option: 'Asmenys, kuriems suteiktas pabėgėlio statusas ar perkeliamojo asmens statusas, arba asmenys, kuriems suteikta papildoma ar laikinoji apsauga, ir asmenys, turintys teisę gauti laikinąją apsaugą, iki sprendimo dėl laikinosios apsaugos suteikimo (nesuteikimo) priėmimo, tačiau ne ilgiau kaip laikinosios apsaugos laikotarpiu'
2025-02-06 08:45:03 [main] DEBUG l.i.u.p.SubmittedApplicationsPage - Checking option: 'Asmenys, turintys teisę į papildomas užimtumo garantijas pagal Lietuvos Respublikos valstybės įmonės Ignalinos atominės elektrinės darbuotojų papildomų užimtumo ir socialinių garantijų įstatymą'
2025-02-06 08:45:03 [main] DEBUG l.i.u.p.SubmittedApplicationsPage - Checking option: 'Asmenys, turintys teisę į papildomas užimtumo garantijas pagal Lietuvos Respublikos valstybės įmonės Ignalinos atominės elektrinės darbuotojų papildomų užimtumo ir socialinių garantijų įstatymą'
2025-02-06 08:45:03 [main] DEBUG l.i.u.p.SubmittedApplicationsPage - Checking option: 'Bedarbiai iki 29 metų'
2025-02-06 08:45:03 [main] DEBUG l.i.u.p.SubmittedApplicationsPage - Checking option: 'Bedarbiai iki 29 metų'
2025-02-06 08:45:03 [main] DEBUG l.i.u.p.SubmittedApplicationsPage - Checking option: 'Bedarbiai, kurie yra darbingo amžiaus neįgalieji, kuriems nustatytas 30–40 procentų darbingumo lygis arba vidutinis neįgalumo lygis'
2025-02-06 08:45:03 [main] DEBUG l.i.u.p.SubmittedApplicationsPage - Checking option: 'Bedarbiai, kurie yra darbingo amžiaus neįgalieji, kuriems nustatytas 30–40 procentų darbingumo lygis arba vidutinis neįgalumo lygis'
2025-02-06 08:45:03 [main] DEBUG l.i.u.p.SubmittedApplicationsPage - Checking option: 'Bedarbiai, kurie yra darbingo amžiaus neįgalieji, kuriems nustatytas 45–55 procentų darbingumo lygis arba lengvas neįgalumo lygis'
2025-02-06 08:45:03 [main] DEBUG l.i.u.p.SubmittedApplicationsPage - Checking option: 'Bedarbiai, kurie yra darbingo amžiaus neįgalieji, kuriems nustatytas 45–55 procentų darbingumo lygis arba lengvas neįgalumo lygis'
2025-02-06 08:45:03 [main] DEBUG l.i.u.p.SubmittedApplicationsPage - Checking option: 'Bedarbiai, kurie yra darbingo amžiaus neįgalieji, kuriems nustatytas iki 25 procentų darbingumo lygis arba sunkus neįgalumo lygis'
2025-02-06 08:45:03 [main] INFO  l.i.u.p.SubmittedApplicationsPage - Successfully selected the value: 'Bedarbiai, kurie yra darbingo amžiaus neįgalieji, kuriems nustatytas iki 25 procentų darbingumo lygis arba sunkus neįgalumo lygis'
2025-02-06 08:45:03 [main] INFO  l.i.u.p.SubmittedApplicationsPage - Attempting to close the dropdown.
2025-02-06 08:45:14 [main] INFO  l.i.u.p.SubmittedApplicationsPage - Dropdown should be closed now.
2025-02-06 08:45:14 [main] DEBUG l.i.u.t.SubmittedApplicationsPageTest - Selected disabilities type: 'Bedarbiai, kurie yra darbingo amžiaus neįgalieji, kuriems nustatytas iki 25 procentų darbingumo lygis arba sunkus neįgalumo lygis'.
2025-02-06 08:45:14 [main] DEBUG l.i.u.t.SubmittedApplicationsPageTest - Entered disability information: 'Negalia 1'.
2025-02-06 08:45:14 [main] INFO  l.i.u.p.SubmittedApplicationsPage - Located the dropdown button.
2025-02-06 08:45:15 [main] INFO  l.i.u.p.SubmittedApplicationsPage - Successfully selected the value: 'Kita'
2025-02-06 08:45:26 [main] ERROR l.i.u.p.SubmittedApplicationsPage - Timeout while waiting for dropdown to close with aria-expanded = 'false'.
2025-02-06 08:45:26 [main] DEBUG l.i.u.t.SubmittedApplicationsPageTest - Selected time mode: 'Kita'.
2025-02-06 08:45:26 [main] DEBUG l.i.u.t.SubmittedApplicationsPageTest - Selected time mode other: '6 val. per dieną ir 4 d. per savaitę'.
2025-02-06 08:45:26 [main] DEBUG l.i.u.t.SubmittedApplicationsPageTest - Entered qualification: 'Kvalifikacija 1'.
2025-02-06 08:45:26 [main] DEBUG l.i.u.t.SubmittedApplicationsPageTest - Entered job date.
2025-02-06 08:45:26 [main] DEBUG l.i.u.t.SubmittedApplicationsPageTest - Entered salary amount: '1200'.
2025-02-06 08:45:26 [main] DEBUG l.i.u.t.SubmittedApplicationsPageTest - Selected 'Temporary Job' radio button.
2025-02-06 08:45:27 [main] DEBUG l.i.u.t.SubmittedApplicationsPageTest - Selected 'Season Job' radio button.
2025-02-06 08:45:27 [main] DEBUG l.i.u.t.SubmittedApplicationsPageTest - Selected 'Energy' radio button.
2025-02-06 08:45:27 [main] DEBUG l.i.u.t.SubmittedApplicationsPageTest - Selected 'Repair' radio button.
2025-02-06 08:45:27 [main] DEBUG l.i.u.t.SubmittedApplicationsPageTest - Entered job description: 'Veikla 1'.
2025-02-06 08:45:27 [main] DEBUG l.i.u.t.SubmittedApplicationsPageTest - Entered process description: 'Procesas 1'.
2025-02-06 08:45:27 [main] DEBUG l.i.u.t.SubmittedApplicationsPageTest - Entered energy information: 'Energija 1'.
2025-02-06 08:45:28 [main] DEBUG l.i.u.t.SubmittedApplicationsPageTest - Entered repair information: 'Remontas 1'.
2025-02-06 08:45:28 [main] DEBUG l.i.u.t.SubmittedApplicationsPageTest - Selected 'PVM' radio button.
2025-02-06 08:45:28 [main] INFO  l.i.u.p.SubmittedApplicationsPage - Located the dropdown button.
2025-02-06 08:45:28 [main] INFO  l.i.u.p.SubmittedApplicationsPage - Successfully selected the value: 'Įsigyti'
2025-02-06 08:45:49 [main] ERROR l.i.u.p.SubmittedApplicationsPage - Timeout while waiting for dropdown to close with aria-expanded = 'false'.
2025-02-06 08:45:49 [main] DEBUG l.i.u.t.SubmittedApplicationsPageTest - Selected necessary for job: 'Įsigyti'.
2025-02-06 08:45:49 [main] DEBUG l.i.u.t.SubmittedApplicationsPageTest - Selected tool: 'Darbo priemonė 1'.
2025-02-06 08:45:49 [main] DEBUG l.i.u.t.SubmittedApplicationsPageTest - Selected tool parameter one: 'Darbo priemonės 1 parametras 1'.
2025-02-06 08:45:49 [main] DEBUG l.i.u.t.SubmittedApplicationsPageTest - Selected tool parameter two: 'Darbo priemonės 1 parametras 2'.
2025-02-06 08:45:50 [main] DEBUG l.i.u.t.SubmittedApplicationsPageTest - Selected tool parameter three: 'Darbo priemonės 1 parametras 3'.
2025-02-06 08:45:50 [main] DEBUG l.i.u.t.SubmittedApplicationsPageTest - Entered tool count: '1'.
2025-02-06 08:45:50 [main] DEBUG l.i.u.t.SubmittedApplicationsPageTest - Entered price amount: '1000'.
2025-02-06 08:45:50 [main] DEBUG l.i.u.t.SubmittedApplicationsPageTest - Entered own funds amount: '800'.
2025-02-06 08:45:50 [main] DEBUG l.i.u.t.SubmittedApplicationsPageTest - Entered country percentage: '50'.
2025-02-06 08:45:50 [main] DEBUG l.i.u.t.SubmittedApplicationsPageTest - Entered institution percentage: '50'.
2025-02-06 08:45:50 [main] DEBUG l.i.u.t.SubmittedApplicationsPageTest - Entered municipality percentage: '50'.
2025-02-06 08:45:51 [main] DEBUG l.i.u.t.SubmittedApplicationsPageTest - Selected 'De Minimis' radio button.
2025-02-06 08:45:51 [main] DEBUG l.i.u.t.SubmittedApplicationsPageTest - Entered program name: 'Programa 1'.
2025-02-06 08:45:51 [main] DEBUG l.i.u.t.SubmittedApplicationsPageTest - Entered project date from.
2025-02-06 08:45:51 [main] DEBUG l.i.u.t.SubmittedApplicationsPageTest - Entered project date until.
2025-02-06 08:45:51 [main] DEBUG l.i.u.t.SubmittedApplicationsPageTest - Entered support amount: '2000'.
2025-02-06 08:45:51 [main] DEBUG l.i.u.t.SubmittedApplicationsPageTest - Clicked 'Next' button.
2025-02-06 08:46:02 [main] DEBUG l.i.u.t.SubmittedApplicationsPageTest - Checked 'Legal Entities' checkbox 1.
2025-02-06 08:46:12 [main] DEBUG l.i.u.t.SubmittedApplicationsPageTest - Checked 'Legal Entities' checkbox 2.
2025-02-06 08:46:22 [main] DEBUG l.i.u.t.SubmittedApplicationsPageTest - Checked 'Legal Entities' checkbox 3.
2025-02-06 08:46:22 [main] DEBUG l.i.u.t.SubmittedApplicationsPageTest - Test finished: All 'Legal Entities' checkboxes checked successfully.
2025-02-06 08:46:22 [main] DEBUG l.i.u.t.SubmittedApplicationsPageTest - Clicked 'Next' button after checkboxes.
2025-02-06 08:46:32 [main] ERROR l.i.u.p.SubmittedApplicationsPage - Error selecting radio button: Expected condition failed: waiting for element to be clickable: By.xpath: (//input[@type='radio' and @value='false'])[8] (tried for 10 second(s) with 500 milliseconds interval)
Build info: version: '4.27.0', revision: 'd6e718d134'
System info: os.name: 'Windows 11', os.arch: 'amd64', os.version: '10.0', java.version: '21.0.3'
Driver info: org.openqa.selenium.chrome.ChromeDriver
Capabilities {acceptInsecureCerts: false, browserName: chrome, browserVersion: 132.0.6834.160, chrome: {chromedriverVersion: 132.0.6834.159 (2d77d3fc445..., userDataDir: C:\Users\INGRID~1.ZAD\AppDa...}, fedcm:accounts: true, goog:chromeOptions: {debuggerAddress: localhost:54992}, networkConnectionEnabled: false, pageLoadStrategy: normal, platformName: windows, proxy: Proxy(), se:cdp: ws://localhost:54992/devtoo..., se:cdpVersion: 132.0.6834.160, setWindowRect: true, strictFileInteractability: false, timeouts: {implicit: 0, pageLoad: 300000, script: 30000}, unhandledPromptBehavior: dismiss and notify, webauthn:extension:credBlob: true, webauthn:extension:largeBlob: true, webauthn:extension:minPinLength: true, webauthn:extension:prf: true, webauthn:virtualAuthenticators: true}
Session ID: 1ec98baf93b1d1cf40749dd830ffeed3
2025-02-06 08:46:32 [main] INFO  l.i.u.t.SubmittedApplicationsPageTest - Marking 'Ne' radio button 1
2025-02-06 08:46:43 [main] ERROR l.i.u.p.SubmittedApplicationsPage - Error selecting radio button: Expected condition failed: waiting for element to be clickable: By.xpath: (//input[@type='radio' and @value='false'])[9] (tried for 10 second(s) with 500 milliseconds interval)
Build info: version: '4.27.0', revision: 'd6e718d134'
System info: os.name: 'Windows 11', os.arch: 'amd64', os.version: '10.0', java.version: '21.0.3'
Driver info: org.openqa.selenium.chrome.ChromeDriver
Capabilities {acceptInsecureCerts: false, browserName: chrome, browserVersion: 132.0.6834.160, chrome: {chromedriverVersion: 132.0.6834.159 (2d77d3fc445..., userDataDir: C:\Users\INGRID~1.ZAD\AppDa...}, fedcm:accounts: true, goog:chromeOptions: {debuggerAddress: localhost:54992}, networkConnectionEnabled: false, pageLoadStrategy: normal, platformName: windows, proxy: Proxy(), se:cdp: ws://localhost:54992/devtoo..., se:cdpVersion: 132.0.6834.160, setWindowRect: true, strictFileInteractability: false, timeouts: {implicit: 0, pageLoad: 300000, script: 30000}, unhandledPromptBehavior: dismiss and notify, webauthn:extension:credBlob: true, webauthn:extension:largeBlob: true, webauthn:extension:minPinLength: true, webauthn:extension:prf: true, webauthn:virtualAuthenticators: true}
Session ID: 1ec98baf93b1d1cf40749dd830ffeed3
2025-02-06 08:46:43 [main] INFO  l.i.u.t.SubmittedApplicationsPageTest - Marking 'Ne' radio button 2
2025-02-06 08:46:53 [main] ERROR l.i.u.p.SubmittedApplicationsPage - Error selecting radio button: Expected condition failed: waiting for element to be clickable: By.xpath: (//input[@type='radio' and @value='false'])[10] (tried for 10 second(s) with 500 milliseconds interval)
Build info: version: '4.27.0', revision: 'd6e718d134'
System info: os.name: 'Windows 11', os.arch: 'amd64', os.version: '10.0', java.version: '21.0.3'
Driver info: org.openqa.selenium.chrome.ChromeDriver
Capabilities {acceptInsecureCerts: false, browserName: chrome, browserVersion: 132.0.6834.160, chrome: {chromedriverVersion: 132.0.6834.159 (2d77d3fc445..., userDataDir: C:\Users\INGRID~1.ZAD\AppDa...}, fedcm:accounts: true, goog:chromeOptions: {debuggerAddress: localhost:54992}, networkConnectionEnabled: false, pageLoadStrategy: normal, platformName: windows, proxy: Proxy(), se:cdp: ws://localhost:54992/devtoo..., se:cdpVersion: 132.0.6834.160, setWindowRect: true, strictFileInteractability: false, timeouts: {implicit: 0, pageLoad: 300000, script: 30000}, unhandledPromptBehavior: dismiss and notify, webauthn:extension:credBlob: true, webauthn:extension:largeBlob: true, webauthn:extension:minPinLength: true, webauthn:extension:prf: true, webauthn:virtualAuthenticators: true}
Session ID: 1ec98baf93b1d1cf40749dd830ffeed3
2025-02-06 08:46:53 [main] INFO  l.i.u.t.SubmittedApplicationsPageTest - Marking 'Ne' radio button 3
2025-02-06 08:47:03 [main] ERROR l.i.u.p.SubmittedApplicationsPage - Error selecting radio button: Expected condition failed: waiting for element to be clickable: By.xpath: (//input[@type='radio' and @value='false'])[11] (tried for 10 second(s) with 500 milliseconds interval)
Build info: version: '4.27.0', revision: 'd6e718d134'
System info: os.name: 'Windows 11', os.arch: 'amd64', os.version: '10.0', java.version: '21.0.3'
Driver info: org.openqa.selenium.chrome.ChromeDriver
Capabilities {acceptInsecureCerts: false, browserName: chrome, browserVersion: 132.0.6834.160, chrome: {chromedriverVersion: 132.0.6834.159 (2d77d3fc445..., userDataDir: C:\Users\INGRID~1.ZAD\AppDa...}, fedcm:accounts: true, goog:chromeOptions: {debuggerAddress: localhost:54992}, networkConnectionEnabled: false, pageLoadStrategy: normal, platformName: windows, proxy: Proxy(), se:cdp: ws://localhost:54992/devtoo..., se:cdpVersion: 132.0.6834.160, setWindowRect: true, strictFileInteractability: false, timeouts: {implicit: 0, pageLoad: 300000, script: 30000}, unhandledPromptBehavior: dismiss and notify, webauthn:extension:credBlob: true, webauthn:extension:largeBlob: true, webauthn:extension:minPinLength: true, webauthn:extension:prf: true, webauthn:virtualAuthenticators: true}
Session ID: 1ec98baf93b1d1cf40749dd830ffeed3
2025-02-06 08:47:03 [main] INFO  l.i.u.t.SubmittedApplicationsPageTest - Marking 'Ne' radio button 4
2025-02-06 08:47:13 [main] ERROR l.i.u.p.SubmittedApplicationsPage - Error selecting radio button: Expected condition failed: waiting for element to be clickable: By.xpath: (//input[@type='radio' and @value='false'])[12] (tried for 10 second(s) with 500 milliseconds interval)
Build info: version: '4.27.0', revision: 'd6e718d134'
System info: os.name: 'Windows 11', os.arch: 'amd64', os.version: '10.0', java.version: '21.0.3'
Driver info: org.openqa.selenium.chrome.ChromeDriver
Capabilities {acceptInsecureCerts: false, browserName: chrome, browserVersion: 132.0.6834.160, chrome: {chromedriverVersion: 132.0.6834.159 (2d77d3fc445..., userDataDir: C:\Users\INGRID~1.ZAD\AppDa...}, fedcm:accounts: true, goog:chromeOptions: {debuggerAddress: localhost:54992}, networkConnectionEnabled: false, pageLoadStrategy: normal, platformName: windows, proxy: Proxy(), se:cdp: ws://localhost:54992/devtoo..., se:cdpVersion: 132.0.6834.160, setWindowRect: true, strictFileInteractability: false, timeouts: {implicit: 0, pageLoad: 300000, script: 30000}, unhandledPromptBehavior: dismiss and notify, webauthn:extension:credBlob: true, webauthn:extension:largeBlob: true, webauthn:extension:minPinLength: true, webauthn:extension:prf: true, webauthn:virtualAuthenticators: true}
Session ID: 1ec98baf93b1d1cf40749dd830ffeed3
2025-02-06 08:47:13 [main] INFO  l.i.u.t.SubmittedApplicationsPageTest - Marking 'Ne' radio button 5
2025-02-06 08:47:23 [main] ERROR l.i.u.p.SubmittedApplicationsPage - Error selecting radio button: Expected condition failed: waiting for element to be clickable: By.xpath: (//input[@type='radio' and @value='false'])[13] (tried for 10 second(s) with 500 milliseconds interval)
Build info: version: '4.27.0', revision: 'd6e718d134'
System info: os.name: 'Windows 11', os.arch: 'amd64', os.version: '10.0', java.version: '21.0.3'
Driver info: org.openqa.selenium.chrome.ChromeDriver
Capabilities {acceptInsecureCerts: false, browserName: chrome, browserVersion: 132.0.6834.160, chrome: {chromedriverVersion: 132.0.6834.159 (2d77d3fc445..., userDataDir: C:\Users\INGRID~1.ZAD\AppDa...}, fedcm:accounts: true, goog:chromeOptions: {debuggerAddress: localhost:54992}, networkConnectionEnabled: false, pageLoadStrategy: normal, platformName: windows, proxy: Proxy(), se:cdp: ws://localhost:54992/devtoo..., se:cdpVersion: 132.0.6834.160, setWindowRect: true, strictFileInteractability: false, timeouts: {implicit: 0, pageLoad: 300000, script: 30000}, unhandledPromptBehavior: dismiss and notify, webauthn:extension:credBlob: true, webauthn:extension:largeBlob: true, webauthn:extension:minPinLength: true, webauthn:extension:prf: true, webauthn:virtualAuthenticators: true}
Session ID: 1ec98baf93b1d1cf40749dd830ffeed3
2025-02-06 08:47:23 [main] INFO  l.i.u.t.SubmittedApplicationsPageTest - Marking 'Ne' radio button 6
2025-02-06 08:47:33 [main] ERROR l.i.u.p.SubmittedApplicationsPage - Error selecting radio button: Expected condition failed: waiting for element to be clickable: By.xpath: (//input[@type='radio' and @value='true'])[14] (tried for 10 second(s) with 500 milliseconds interval)
Build info: version: '4.27.0', revision: 'd6e718d134'
System info: os.name: 'Windows 11', os.arch: 'amd64', os.version: '10.0', java.version: '21.0.3'
Driver info: org.openqa.selenium.chrome.ChromeDriver
Capabilities {acceptInsecureCerts: false, browserName: chrome, browserVersion: 132.0.6834.160, chrome: {chromedriverVersion: 132.0.6834.159 (2d77d3fc445..., userDataDir: C:\Users\INGRID~1.ZAD\AppDa...}, fedcm:accounts: true, goog:chromeOptions: {debuggerAddress: localhost:54992}, networkConnectionEnabled: false, pageLoadStrategy: normal, platformName: windows, proxy: Proxy(), se:cdp: ws://localhost:54992/devtoo..., se:cdpVersion: 132.0.6834.160, setWindowRect: true, strictFileInteractability: false, timeouts: {implicit: 0, pageLoad: 300000, script: 30000}, unhandledPromptBehavior: dismiss and notify, webauthn:extension:credBlob: true, webauthn:extension:largeBlob: true, webauthn:extension:minPinLength: true, webauthn:extension:prf: true, webauthn:virtualAuthenticators: true}
Session ID: 1ec98baf93b1d1cf40749dd830ffeed3
2025-02-06 08:47:33 [main] INFO  l.i.u.t.SubmittedApplicationsPageTest - Marking 'Taip' radio button 7
2025-02-06 08:47:43 [main] ERROR l.i.u.p.SubmittedApplicationsPage - Error selecting radio button: Expected condition failed: waiting for element to be clickable: By.xpath: (//input[@type='radio' and @value='true'])[15] (tried for 10 second(s) with 500 milliseconds interval)
Build info: version: '4.27.0', revision: 'd6e718d134'
System info: os.name: 'Windows 11', os.arch: 'amd64', os.version: '10.0', java.version: '21.0.3'
Driver info: org.openqa.selenium.chrome.ChromeDriver
Capabilities {acceptInsecureCerts: false, browserName: chrome, browserVersion: 132.0.6834.160, chrome: {chromedriverVersion: 132.0.6834.159 (2d77d3fc445..., userDataDir: C:\Users\INGRID~1.ZAD\AppDa...}, fedcm:accounts: true, goog:chromeOptions: {debuggerAddress: localhost:54992}, networkConnectionEnabled: false, pageLoadStrategy: normal, platformName: windows, proxy: Proxy(), se:cdp: ws://localhost:54992/devtoo..., se:cdpVersion: 132.0.6834.160, setWindowRect: true, strictFileInteractability: false, timeouts: {implicit: 0, pageLoad: 300000, script: 30000}, unhandledPromptBehavior: dismiss and notify, webauthn:extension:credBlob: true, webauthn:extension:largeBlob: true, webauthn:extension:minPinLength: true, webauthn:extension:prf: true, webauthn:virtualAuthenticators: true}
Session ID: 1ec98baf93b1d1cf40749dd830ffeed3
2025-02-06 08:47:43 [main] INFO  l.i.u.t.SubmittedApplicationsPageTest - Marking 'Taip' radio button 8
2025-02-06 08:47:53 [main] ERROR l.i.u.p.SubmittedApplicationsPage - Error selecting radio button: Expected condition failed: waiting for element to be clickable: By.xpath: (//input[@type='radio' and @value='true'])[16] (tried for 10 second(s) with 500 milliseconds interval)
Build info: version: '4.27.0', revision: 'd6e718d134'
System info: os.name: 'Windows 11', os.arch: 'amd64', os.version: '10.0', java.version: '21.0.3'
Driver info: org.openqa.selenium.chrome.ChromeDriver
Capabilities {acceptInsecureCerts: false, browserName: chrome, browserVersion: 132.0.6834.160, chrome: {chromedriverVersion: 132.0.6834.159 (2d77d3fc445..., userDataDir: C:\Users\INGRID~1.ZAD\AppDa...}, fedcm:accounts: true, goog:chromeOptions: {debuggerAddress: localhost:54992}, networkConnectionEnabled: false, pageLoadStrategy: normal, platformName: windows, proxy: Proxy(), se:cdp: ws://localhost:54992/devtoo..., se:cdpVersion: 132.0.6834.160, setWindowRect: true, strictFileInteractability: false, timeouts: {implicit: 0, pageLoad: 300000, script: 30000}, unhandledPromptBehavior: dismiss and notify, webauthn:extension:credBlob: true, webauthn:extension:largeBlob: true, webauthn:extension:minPinLength: true, webauthn:extension:prf: true, webauthn:virtualAuthenticators: true}
Session ID: 1ec98baf93b1d1cf40749dd830ffeed3
2025-02-06 08:47:53 [main] INFO  l.i.u.t.SubmittedApplicationsPageTest - Marking 'Taip' radio button 9
2025-02-06 08:48:03 [main] ERROR l.i.u.p.SubmittedApplicationsPage - Error selecting radio button: Expected condition failed: waiting for element to be clickable: By.xpath: (//input[@type='radio' and @value='true'])[17] (tried for 10 second(s) with 500 milliseconds interval)
Build info: version: '4.27.0', revision: 'd6e718d134'
System info: os.name: 'Windows 11', os.arch: 'amd64', os.version: '10.0', java.version: '21.0.3'
Driver info: org.openqa.selenium.chrome.ChromeDriver
Capabilities {acceptInsecureCerts: false, browserName: chrome, browserVersion: 132.0.6834.160, chrome: {chromedriverVersion: 132.0.6834.159 (2d77d3fc445..., userDataDir: C:\Users\INGRID~1.ZAD\AppDa...}, fedcm:accounts: true, goog:chromeOptions: {debuggerAddress: localhost:54992}, networkConnectionEnabled: false, pageLoadStrategy: normal, platformName: windows, proxy: Proxy(), se:cdp: ws://localhost:54992/devtoo..., se:cdpVersion: 132.0.6834.160, setWindowRect: true, strictFileInteractability: false, timeouts: {implicit: 0, pageLoad: 300000, script: 30000}, unhandledPromptBehavior: dismiss and notify, webauthn:extension:credBlob: true, webauthn:extension:largeBlob: true, webauthn:extension:minPinLength: true, webauthn:extension:prf: true, webauthn:virtualAuthenticators: true}
Session ID: 1ec98baf93b1d1cf40749dd830ffeed3
2025-02-06 08:48:03 [main] INFO  l.i.u.t.SubmittedApplicationsPageTest - Marking 'Taip' radio button 10
2025-02-06 08:48:13 [main] ERROR l.i.u.p.SubmittedApplicationsPage - Error selecting radio button: Expected condition failed: waiting for element to be clickable: By.xpath: (//input[@type='radio' and @value='true'])[18] (tried for 10 second(s) with 500 milliseconds interval)
Build info: version: '4.27.0', revision: 'd6e718d134'
System info: os.name: 'Windows 11', os.arch: 'amd64', os.version: '10.0', java.version: '21.0.3'
Driver info: org.openqa.selenium.chrome.ChromeDriver
Capabilities {acceptInsecureCerts: false, browserName: chrome, browserVersion: 132.0.6834.160, chrome: {chromedriverVersion: 132.0.6834.159 (2d77d3fc445..., userDataDir: C:\Users\INGRID~1.ZAD\AppDa...}, fedcm:accounts: true, goog:chromeOptions: {debuggerAddress: localhost:54992}, networkConnectionEnabled: false, pageLoadStrategy: normal, platformName: windows, proxy: Proxy(), se:cdp: ws://localhost:54992/devtoo..., se:cdpVersion: 132.0.6834.160, setWindowRect: true, strictFileInteractability: false, timeouts: {implicit: 0, pageLoad: 300000, script: 30000}, unhandledPromptBehavior: dismiss and notify, webauthn:extension:credBlob: true, webauthn:extension:largeBlob: true, webauthn:extension:minPinLength: true, webauthn:extension:prf: true, webauthn:virtualAuthenticators: true}
Session ID: 1ec98baf93b1d1cf40749dd830ffeed3
2025-02-06 08:48:14 [main] INFO  l.i.u.t.SubmittedApplicationsPageTest - Marking 'Taip' radio button 11
2025-02-06 08:48:24 [main] ERROR l.i.u.p.SubmittedApplicationsPage - Error selecting radio button: Expected condition failed: waiting for element to be clickable: By.xpath: (//input[@type='radio' and @value='true'])[19] (tried for 10 second(s) with 500 milliseconds interval)
Build info: version: '4.27.0', revision: 'd6e718d134'
System info: os.name: 'Windows 11', os.arch: 'amd64', os.version: '10.0', java.version: '21.0.3'
Driver info: org.openqa.selenium.chrome.ChromeDriver
Capabilities {acceptInsecureCerts: false, browserName: chrome, browserVersion: 132.0.6834.160, chrome: {chromedriverVersion: 132.0.6834.159 (2d77d3fc445..., userDataDir: C:\Users\INGRID~1.ZAD\AppDa...}, fedcm:accounts: true, goog:chromeOptions: {debuggerAddress: localhost:54992}, networkConnectionEnabled: false, pageLoadStrategy: normal, platformName: windows, proxy: Proxy(), se:cdp: ws://localhost:54992/devtoo..., se:cdpVersion: 132.0.6834.160, setWindowRect: true, strictFileInteractability: false, timeouts: {implicit: 0, pageLoad: 300000, script: 30000}, unhandledPromptBehavior: dismiss and notify, webauthn:extension:credBlob: true, webauthn:extension:largeBlob: true, webauthn:extension:minPinLength: true, webauthn:extension:prf: true, webauthn:virtualAuthenticators: true}
Session ID: 1ec98baf93b1d1cf40749dd830ffeed3
2025-02-06 08:48:24 [main] INFO  l.i.u.t.SubmittedApplicationsPageTest - Marking 'Taip' radio button 12
2025-02-06 08:48:34 [main] DEBUG l.i.u.t.SubmittedApplicationsPageTest - Checked 'ConfirmationStepFour'
2025-02-06 08:48:34 [main] DEBUG l.i.u.t.SubmittedApplicationsPageTest - Clicked 'Next' button after checkboxes.
2025-02-06 08:48:44 [main] ERROR l.i.u.p.SubmittedApplicationsPage - Failed to upload file to the input element: Expected condition failed: waiting for element to be clickable: [[ChromeDriver: chrome on windows (1ec98baf93b1d1cf40749dd830ffeed3)] -> xpath: //input[@type='file']] (tried for 10 second(s) with 500 milliseconds interval)
Build info: version: '4.27.0', revision: 'd6e718d134'
System info: os.name: 'Windows 11', os.arch: 'amd64', os.version: '10.0', java.version: '21.0.3'
Driver info: org.openqa.selenium.chrome.ChromeDriver
Capabilities {acceptInsecureCerts: false, browserName: chrome, browserVersion: 132.0.6834.160, chrome: {chromedriverVersion: 132.0.6834.159 (2d77d3fc445..., userDataDir: C:\Users\INGRID~1.ZAD\AppDa...}, fedcm:accounts: true, goog:chromeOptions: {debuggerAddress: localhost:54992}, networkConnectionEnabled: false, pageLoadStrategy: normal, platformName: windows, proxy: Proxy(), se:cdp: ws://localhost:54992/devtoo..., se:cdpVersion: 132.0.6834.160, setWindowRect: true, strictFileInteractability: false, timeouts: {implicit: 0, pageLoad: 300000, script: 30000}, unhandledPromptBehavior: dismiss and notify, webauthn:extension:credBlob: true, webauthn:extension:largeBlob: true, webauthn:extension:minPinLength: true, webauthn:extension:prf: true, webauthn:virtualAuthenticators: true}
Session ID: 1ec98baf93b1d1cf40749dd830ffeed3
2025-02-06 08:48:55 [main] ERROR l.i.u.p.SubmittedApplicationsPage - Failed to upload file to the input element: Expected condition failed: waiting for element to be clickable: [[ChromeDriver: chrome on windows (1ec98baf93b1d1cf40749dd830ffeed3)] -> xpath: //input[@type='file']] (tried for 10 second(s) with 500 milliseconds interval)
Build info: version: '4.27.0', revision: 'd6e718d134'
System info: os.name: 'Windows 11', os.arch: 'amd64', os.version: '10.0', java.version: '21.0.3'
Driver info: org.openqa.selenium.chrome.ChromeDriver
Capabilities {acceptInsecureCerts: false, browserName: chrome, browserVersion: 132.0.6834.160, chrome: {chromedriverVersion: 132.0.6834.159 (2d77d3fc445..., userDataDir: C:\Users\INGRID~1.ZAD\AppDa...}, fedcm:accounts: true, goog:chromeOptions: {debuggerAddress: localhost:54992}, networkConnectionEnabled: false, pageLoadStrategy: normal, platformName: windows, proxy: Proxy(), se:cdp: ws://localhost:54992/devtoo..., se:cdpVersion: 132.0.6834.160, setWindowRect: true, strictFileInteractability: false, timeouts: {implicit: 0, pageLoad: 300000, script: 30000}, unhandledPromptBehavior: dismiss and notify, webauthn:extension:credBlob: true, webauthn:extension:largeBlob: true, webauthn:extension:minPinLength: true, webauthn:extension:prf: true, webauthn:virtualAuthenticators: true}
Session ID: 1ec98baf93b1d1cf40749dd830ffeed3
2025-02-06 08:49:05 [main] ERROR l.i.u.p.SubmittedApplicationsPage - Failed to upload file to the input element: Expected condition failed: waiting for element to be clickable: [[ChromeDriver: chrome on windows (1ec98baf93b1d1cf40749dd830ffeed3)] -> xpath: //input[@type='file']] (tried for 10 second(s) with 500 milliseconds interval)
Build info: version: '4.27.0', revision: 'd6e718d134'
System info: os.name: 'Windows 11', os.arch: 'amd64', os.version: '10.0', java.version: '21.0.3'
Driver info: org.openqa.selenium.chrome.ChromeDriver
Capabilities {acceptInsecureCerts: false, browserName: chrome, browserVersion: 132.0.6834.160, chrome: {chromedriverVersion: 132.0.6834.159 (2d77d3fc445..., userDataDir: C:\Users\INGRID~1.ZAD\AppDa...}, fedcm:accounts: true, goog:chromeOptions: {debuggerAddress: localhost:54992}, networkConnectionEnabled: false, pageLoadStrategy: normal, platformName: windows, proxy: Proxy(), se:cdp: ws://localhost:54992/devtoo..., se:cdpVersion: 132.0.6834.160, setWindowRect: true, strictFileInteractability: false, timeouts: {implicit: 0, pageLoad: 300000, script: 30000}, unhandledPromptBehavior: dismiss and notify, webauthn:extension:credBlob: true, webauthn:extension:largeBlob: true, webauthn:extension:minPinLength: true, webauthn:extension:prf: true, webauthn:virtualAuthenticators: true}
Session ID: 1ec98baf93b1d1cf40749dd830ffeed3
2025-02-06 08:49:15 [main] ERROR l.i.u.p.SubmittedApplicationsPage - Failed to upload file to the input element: Expected condition failed: waiting for element to be clickable: [[ChromeDriver: chrome on windows (1ec98baf93b1d1cf40749dd830ffeed3)] -> xpath: //input[@type='file']] (tried for 10 second(s) with 500 milliseconds interval)
Build info: version: '4.27.0', revision: 'd6e718d134'
System info: os.name: 'Windows 11', os.arch: 'amd64', os.version: '10.0', java.version: '21.0.3'
Driver info: org.openqa.selenium.chrome.ChromeDriver
Capabilities {acceptInsecureCerts: false, browserName: chrome, browserVersion: 132.0.6834.160, chrome: {chromedriverVersion: 132.0.6834.159 (2d77d3fc445..., userDataDir: C:\Users\INGRID~1.ZAD\AppDa...}, fedcm:accounts: true, goog:chromeOptions: {debuggerAddress: localhost:54992}, networkConnectionEnabled: false, pageLoadStrategy: normal, platformName: windows, proxy: Proxy(), se:cdp: ws://localhost:54992/devtoo..., se:cdpVersion: 132.0.6834.160, setWindowRect: true, strictFileInteractability: false, timeouts: {implicit: 0, pageLoad: 300000, script: 30000}, unhandledPromptBehavior: dismiss and notify, webauthn:extension:credBlob: true, webauthn:extension:largeBlob: true, webauthn:extension:minPinLength: true, webauthn:extension:prf: true, webauthn:virtualAuthenticators: true}
Session ID: 1ec98baf93b1d1cf40749dd830ffeed3
2025-02-06 08:49:26 [main] ERROR l.i.u.p.SubmittedApplicationsPage - Failed to upload file to the input element: Expected condition failed: waiting for element to be clickable: [[ChromeDriver: chrome on windows (1ec98baf93b1d1cf40749dd830ffeed3)] -> xpath: //input[@type='file']] (tried for 10 second(s) with 500 milliseconds interval)
Build info: version: '4.27.0', revision: 'd6e718d134'
System info: os.name: 'Windows 11', os.arch: 'amd64', os.version: '10.0', java.version: '21.0.3'
Driver info: org.openqa.selenium.chrome.ChromeDriver
Capabilities {acceptInsecureCerts: false, browserName: chrome, browserVersion: 132.0.6834.160, chrome: {chromedriverVersion: 132.0.6834.159 (2d77d3fc445..., userDataDir: C:\Users\INGRID~1.ZAD\AppDa...}, fedcm:accounts: true, goog:chromeOptions: {debuggerAddress: localhost:54992}, networkConnectionEnabled: false, pageLoadStrategy: normal, platformName: windows, proxy: Proxy(), se:cdp: ws://localhost:54992/devtoo..., se:cdpVersion: 132.0.6834.160, setWindowRect: true, strictFileInteractability: false, timeouts: {implicit: 0, pageLoad: 300000, script: 30000}, unhandledPromptBehavior: dismiss and notify, webauthn:extension:credBlob: true, webauthn:extension:largeBlob: true, webauthn:extension:minPinLength: true, webauthn:extension:prf: true, webauthn:virtualAuthenticators: true}
Session ID: 1ec98baf93b1d1cf40749dd830ffeed3
2025-02-06 08:49:36 [main] ERROR l.i.u.p.SubmittedApplicationsPage - Failed to upload file to the input element: Expected condition failed: waiting for element to be clickable: [[ChromeDriver: chrome on windows (1ec98baf93b1d1cf40749dd830ffeed3)] -> xpath: //input[@type='file']] (tried for 10 second(s) with 500 milliseconds interval)
Build info: version: '4.27.0', revision: 'd6e718d134'
System info: os.name: 'Windows 11', os.arch: 'amd64', os.version: '10.0', java.version: '21.0.3'
Driver info: org.openqa.selenium.chrome.ChromeDriver
Capabilities {acceptInsecureCerts: false, browserName: chrome, browserVersion: 132.0.6834.160, chrome: {chromedriverVersion: 132.0.6834.159 (2d77d3fc445..., userDataDir: C:\Users\INGRID~1.ZAD\AppDa...}, fedcm:accounts: true, goog:chromeOptions: {debuggerAddress: localhost:54992}, networkConnectionEnabled: false, pageLoadStrategy: normal, platformName: windows, proxy: Proxy(), se:cdp: ws://localhost:54992/devtoo..., se:cdpVersion: 132.0.6834.160, setWindowRect: true, strictFileInteractability: false, timeouts: {implicit: 0, pageLoad: 300000, script: 30000}, unhandledPromptBehavior: dismiss and notify, webauthn:extension:credBlob: true, webauthn:extension:largeBlob: true, webauthn:extension:minPinLength: true, webauthn:extension:prf: true, webauthn:virtualAuthenticators: true}
Session ID: 1ec98baf93b1d1cf40749dd830ffeed3
2025-02-06 08:49:46 [main] ERROR l.i.u.p.SubmittedApplicationsPage - Failed to upload file to the input element: Expected condition failed: waiting for element to be clickable: [[ChromeDriver: chrome on windows (1ec98baf93b1d1cf40749dd830ffeed3)] -> xpath: //input[@type='file']] (tried for 10 second(s) with 500 milliseconds interval)
Build info: version: '4.27.0', revision: 'd6e718d134'
System info: os.name: 'Windows 11', os.arch: 'amd64', os.version: '10.0', java.version: '21.0.3'
Driver info: org.openqa.selenium.chrome.ChromeDriver
Capabilities {acceptInsecureCerts: false, browserName: chrome, browserVersion: 132.0.6834.160, chrome: {chromedriverVersion: 132.0.6834.159 (2d77d3fc445..., userDataDir: C:\Users\INGRID~1.ZAD\AppDa...}, fedcm:accounts: true, goog:chromeOptions: {debuggerAddress: localhost:54992}, networkConnectionEnabled: false, pageLoadStrategy: normal, platformName: windows, proxy: Proxy(), se:cdp: ws://localhost:54992/devtoo..., se:cdpVersion: 132.0.6834.160, setWindowRect: true, strictFileInteractability: false, timeouts: {implicit: 0, pageLoad: 300000, script: 30000}, unhandledPromptBehavior: dismiss and notify, webauthn:extension:credBlob: true, webauthn:extension:largeBlob: true, webauthn:extension:minPinLength: true, webauthn:extension:prf: true, webauthn:virtualAuthenticators: true}
Session ID: 1ec98baf93b1d1cf40749dd830ffeed3
2025-02-06 08:49:56 [main] ERROR l.i.u.p.SubmittedApplicationsPage - Failed to upload file to the input element: Expected condition failed: waiting for element to be clickable: [[ChromeDriver: chrome on windows (1ec98baf93b1d1cf40749dd830ffeed3)] -> xpath: //input[@type='file']] (tried for 10 second(s) with 500 milliseconds interval)
Build info: version: '4.27.0', revision: 'd6e718d134'
System info: os.name: 'Windows 11', os.arch: 'amd64', os.version: '10.0', java.version: '21.0.3'
Driver info: org.openqa.selenium.chrome.ChromeDriver
Capabilities {acceptInsecureCerts: false, browserName: chrome, browserVersion: 132.0.6834.160, chrome: {chromedriverVersion: 132.0.6834.159 (2d77d3fc445..., userDataDir: C:\Users\INGRID~1.ZAD\AppDa...}, fedcm:accounts: true, goog:chromeOptions: {debuggerAddress: localhost:54992}, networkConnectionEnabled: false, pageLoadStrategy: normal, platformName: windows, proxy: Proxy(), se:cdp: ws://localhost:54992/devtoo..., se:cdpVersion: 132.0.6834.160, setWindowRect: true, strictFileInteractability: false, timeouts: {implicit: 0, pageLoad: 300000, script: 30000}, unhandledPromptBehavior: dismiss and notify, webauthn:extension:credBlob: true, webauthn:extension:largeBlob: true, webauthn:extension:minPinLength: true, webauthn:extension:prf: true, webauthn:virtualAuthenticators: true}
Session ID: 1ec98baf93b1d1cf40749dd830ffeed3
2025-02-06 08:50:06 [main] ERROR l.i.u.t.SubmittedApplicationsPageTest - Test 'testFillNewVUIApplication' failed with error: no such element: Unable to locate element: {"method":"xpath","selector":"(//mat-form-field[contains(.//label, 'Dokumento pavadinimas')]//input)[1]"}
  (Session info: chrome=132.0.6834.160)
For documentation on this error, please visit: https://www.selenium.dev/documentation/webdriver/troubleshooting/errors#no-such-element-exception
Build info: version: '4.27.0', revision: 'd6e718d134'
System info: os.name: 'Windows 11', os.arch: 'amd64', os.version: '10.0', java.version: '21.0.3'
Driver info: org.openqa.selenium.chrome.ChromeDriver
Command: [1ec98baf93b1d1cf40749dd830ffeed3, findElement {using=xpath, value=(//mat-form-field[contains(.//label, 'Dokumento pavadinimas')]//input)[1]}]
Capabilities {acceptInsecureCerts: false, browserName: chrome, browserVersion: 132.0.6834.160, chrome: {chromedriverVersion: 132.0.6834.159 (2d77d3fc445..., userDataDir: C:\Users\INGRID~1.ZAD\AppDa...}, fedcm:accounts: true, goog:chromeOptions: {debuggerAddress: localhost:54992}, networkConnectionEnabled: false, pageLoadStrategy: normal, platformName: windows, proxy: Proxy(), se:cdp: ws://localhost:54992/devtoo..., se:cdpVersion: 132.0.6834.160, setWindowRect: true, strictFileInteractability: false, timeouts: {implicit: 0, pageLoad: 300000, script: 30000}, unhandledPromptBehavior: dismiss and notify, webauthn:extension:credBlob: true, webauthn:extension:largeBlob: true, webauthn:extension:minPinLength: true, webauthn:extension:prf: true, webauthn:virtualAuthenticators: true}
Session ID: 1ec98baf93b1d1cf40749dd830ffeed3
org.openqa.selenium.NoSuchElementException: no such element: Unable to locate element: {"method":"xpath","selector":"(//mat-form-field[contains(.//label, 'Dokumento pavadinimas')]//input)[1]"}
  (Session info: chrome=132.0.6834.160)
For documentation on this error, please visit: https://www.selenium.dev/documentation/webdriver/troubleshooting/errors#no-such-element-exception
Build info: version: '4.27.0', revision: 'd6e718d134'
System info: os.name: 'Windows 11', os.arch: 'amd64', os.version: '10.0', java.version: '21.0.3'
Driver info: org.openqa.selenium.chrome.ChromeDriver
Command: [1ec98baf93b1d1cf40749dd830ffeed3, findElement {using=xpath, value=(//mat-form-field[contains(.//label, 'Dokumento pavadinimas')]//input)[1]}]
Capabilities {acceptInsecureCerts: false, browserName: chrome, browserVersion: 132.0.6834.160, chrome: {chromedriverVersion: 132.0.6834.159 (2d77d3fc445..., userDataDir: C:\Users\INGRID~1.ZAD\AppDa...}, fedcm:accounts: true, goog:chromeOptions: {debuggerAddress: localhost:54992}, networkConnectionEnabled: false, pageLoadStrategy: normal, platformName: windows, proxy: Proxy(), se:cdp: ws://localhost:54992/devtoo..., se:cdpVersion: 132.0.6834.160, setWindowRect: true, strictFileInteractability: false, timeouts: {implicit: 0, pageLoad: 300000, script: 30000}, unhandledPromptBehavior: dismiss and notify, webauthn:extension:credBlob: true, webauthn:extension:largeBlob: true, webauthn:extension:minPinLength: true, webauthn:extension:prf: true, webauthn:virtualAuthenticators: true}
Session ID: 1ec98baf93b1d1cf40749dd830ffeed3
	at java.base/jdk.internal.reflect.DirectConstructorHandleAccessor.newInstance(DirectConstructorHandleAccessor.java:62)
	at java.base/java.lang.reflect.Constructor.newInstanceWithCaller(Constructor.java:502)
	at java.base/java.lang.reflect.Constructor.newInstance(Constructor.java:486)
	at org.openqa.selenium.remote.ErrorCodec.decode(ErrorCodec.java:167)
	at org.openqa.selenium.remote.codec.w3c.W3CHttpResponseCodec.decode(W3CHttpResponseCodec.java:138)
	at org.openqa.selenium.remote.codec.w3c.W3CHttpResponseCodec.decode(W3CHttpResponseCodec.java:50)
	at org.openqa.selenium.remote.HttpCommandExecutor.execute(HttpCommandExecutor.java:190)
	at org.openqa.selenium.remote.service.DriverCommandExecutor.invokeExecute(DriverCommandExecutor.java:216)
	at org.openqa.selenium.remote.service.DriverCommandExecutor.execute(DriverCommandExecutor.java:174)
	at org.openqa.selenium.remote.RemoteWebDriver.execute(RemoteWebDriver.java:545)
	at org.openqa.selenium.remote.ElementLocation$ElementFinder$2.findElement(ElementLocation.java:165)
	at org.openqa.selenium.remote.ElementLocation.findElement(ElementLocation.java:59)
	at org.openqa.selenium.remote.RemoteWebDriver.findElement(RemoteWebDriver.java:368)
	at org.openqa.selenium.remote.RemoteWebDriver.findElement(RemoteWebDriver.java:362)
	at org.openqa.selenium.support.pagefactory.DefaultElementLocator.findElement(DefaultElementLocator.java:68)
	at org.openqa.selenium.support.pagefactory.internal.LocatingElementHandler.invoke(LocatingElementHandler.java:38)
	at jdk.proxy2/jdk.proxy2.$Proxy14.clear(Unknown Source)
	at lt.insoft.uztis.pages.SubmittedApplicationsPage.enterDocumentNameOne(SubmittedApplicationsPage.java:996)
	at lt.insoft.uztis.tests.SubmittedApplicationsPageTest.testFillNewVUIApplication(SubmittedApplicationsPageTest.java:372)
	at java.base/jdk.internal.reflect.DirectMethodHandleAccessor.invoke(DirectMethodHandleAccessor.java:103)
	at java.base/java.lang.reflect.Method.invoke(Method.java:580)
	at org.junit.platform.commons.util.ReflectionUtils.invokeMethod(ReflectionUtils.java:728)
	at org.junit.jupiter.engine.execution.MethodInvocation.proceed(MethodInvocation.java:60)
	at org.junit.jupiter.engine.execution.InvocationInterceptorChain$ValidatingInvocation.proceed(InvocationInterceptorChain.java:131)
	at org.junit.jupiter.engine.extension.TimeoutExtension.intercept(TimeoutExtension.java:156)
	at org.junit.jupiter.engine.extension.TimeoutExtension.interceptTestableMethod(TimeoutExtension.java:147)
	at org.junit.jupiter.engine.extension.TimeoutExtension.interceptTestMethod(TimeoutExtension.java:86)
	at org.junit.jupiter.engine.execution.InterceptingExecutableInvoker$ReflectiveInterceptorCall.lambda$ofVoidMethod$0(InterceptingExecutableInvoker.java:103)
	at org.junit.jupiter.engine.execution.InterceptingExecutableInvoker.lambda$invoke$0(InterceptingExecutableInvoker.java:93)
	at org.junit.jupiter.engine.execution.InvocationInterceptorChain$InterceptedInvocation.proceed(InvocationInterceptorChain.java:106)
	at org.junit.jupiter.engine.execution.InvocationInterceptorChain.proceed(InvocationInterceptorChain.java:64)
	at org.junit.jupiter.engine.execution.InvocationInterceptorChain.chainAndInvoke(InvocationInterceptorChain.java:45)
	at org.junit.jupiter.engine.execution.InvocationInterceptorChain.invoke(InvocationInterceptorChain.java:37)
	at org.junit.jupiter.engine.execution.InterceptingExecutableInvoker.invoke(InterceptingExecutableInvoker.java:92)
	at org.junit.jupiter.engine.execution.InterceptingExecutableInvoker.invoke(InterceptingExecutableInvoker.java:86)
	at org.junit.jupiter.engine.descriptor.TestMethodTestDescriptor.lambda$invokeTestMethod$7(TestMethodTestDescriptor.java:218)
	at org.junit.platform.engine.support.hierarchical.ThrowableCollector.execute(ThrowableCollector.java:73)
	at org.junit.jupiter.engine.descriptor.TestMethodTestDescriptor.invokeTestMethod(TestMethodTestDescriptor.java:214)
	at org.junit.jupiter.engine.descriptor.TestMethodTestDescriptor.execute(TestMethodTestDescriptor.java:139)
	at org.junit.jupiter.engine.descriptor.TestMethodTestDescriptor.execute(TestMethodTestDescriptor.java:69)
	at org.junit.platform.engine.support.hierarchical.NodeTestTask.lambda$executeRecursively$6(NodeTestTask.java:151)
	at org.junit.platform.engine.support.hierarchical.ThrowableCollector.execute(ThrowableCollector.java:73)
	at org.junit.platform.engine.support.hierarchical.NodeTestTask.lambda$executeRecursively$8(NodeTestTask.java:141)
	at org.junit.platform.engine.support.hierarchical.Node.around(Node.java:137)
	at org.junit.platform.engine.support.hierarchical.NodeTestTask.lambda$executeRecursively$9(NodeTestTask.java:139)
	at org.junit.platform.engine.support.hierarchical.ThrowableCollector.execute(ThrowableCollector.java:73)
	at org.junit.platform.engine.support.hierarchical.NodeTestTask.executeRecursively(NodeTestTask.java:138)
	at org.junit.platform.engine.support.hierarchical.NodeTestTask.execute(NodeTestTask.java:95)
	at java.base/java.util.ArrayList.forEach(ArrayList.java:1596)
	at org.junit.platform.engine.support.hierarchical.SameThreadHierarchicalTestExecutorService.invokeAll(SameThreadHierarchicalTestExecutorService.java:41)
	at org.junit.platform.engine.support.hierarchical.NodeTestTask.lambda$executeRecursively$6(NodeTestTask.java:155)
	at org.junit.platform.engine.support.hierarchical.ThrowableCollector.execute(ThrowableCollector.java:73)
	at org.junit.platform.engine.support.hierarchical.NodeTestTask.lambda$executeRecursively$8(NodeTestTask.java:141)
	at org.junit.platform.engine.support.hierarchical.Node.around(Node.java:137)
	at org.junit.platform.engine.support.hierarchical.NodeTestTask.lambda$executeRecursively$9(NodeTestTask.java:139)
	at org.junit.platform.engine.support.hierarchical.ThrowableCollector.execute(ThrowableCollector.java:73)
	at org.junit.platform.engine.support.hierarchical.NodeTestTask.executeRecursively(NodeTestTask.java:138)
	at org.junit.platform.engine.support.hierarchical.NodeTestTask.execute(NodeTestTask.java:95)
	at java.base/java.util.ArrayList.forEach(ArrayList.java:1596)
	at org.junit.platform.engine.support.hierarchical.SameThreadHierarchicalTestExecutorService.invokeAll(SameThreadHierarchicalTestExecutorService.java:41)
	at org.junit.platform.engine.support.hierarchical.NodeTestTask.lambda$executeRecursively$6(NodeTestTask.java:155)
	at org.junit.platform.engine.support.hierarchical.ThrowableCollector.execute(ThrowableCollector.java:73)
	at org.junit.platform.engine.support.hierarchical.NodeTestTask.lambda$executeRecursively$8(NodeTestTask.java:141)
	at org.junit.platform.engine.support.hierarchical.Node.around(Node.java:137)
	at org.junit.platform.engine.support.hierarchical.NodeTestTask.lambda$executeRecursively$9(NodeTestTask.java:139)
	at org.junit.platform.engine.support.hierarchical.ThrowableCollector.execute(ThrowableCollector.java:73)
	at org.junit.platform.engine.support.hierarchical.NodeTestTask.executeRecursively(NodeTestTask.java:138)
	at org.junit.platform.engine.support.hierarchical.NodeTestTask.execute(NodeTestTask.java:95)
	at org.junit.platform.engine.support.hierarchical.SameThreadHierarchicalTestExecutorService.submit(SameThreadHierarchicalTestExecutorService.java:35)
	at org.junit.platform.engine.support.hierarchical.HierarchicalTestExecutor.execute(HierarchicalTestExecutor.java:57)
	at org.junit.platform.engine.support.hierarchical.HierarchicalTestEngine.execute(HierarchicalTestEngine.java:54)
	at org.junit.platform.launcher.core.EngineExecutionOrchestrator.execute(EngineExecutionOrchestrator.java:198)
	at org.junit.platform.launcher.core.EngineExecutionOrchestrator.execute(EngineExecutionOrchestrator.java:169)
	at org.junit.platform.launcher.core.EngineExecutionOrchestrator.execute(EngineExecutionOrchestrator.java:93)
	at org.junit.platform.launcher.core.EngineExecutionOrchestrator.lambda$execute$0(EngineExecutionOrchestrator.java:58)
	at org.junit.platform.launcher.core.EngineExecutionOrchestrator.withInterceptedStreams(EngineExecutionOrchestrator.java:141)
	at org.junit.platform.launcher.core.EngineExecutionOrchestrator.execute(EngineExecutionOrchestrator.java:57)
	at org.junit.platform.launcher.core.DefaultLauncher.execute(DefaultLauncher.java:103)
	at org.junit.platform.launcher.core.DefaultLauncher.execute(DefaultLauncher.java:85)
	at org.junit.platform.launcher.core.DelegatingLauncher.execute(DelegatingLauncher.java:47)
	at org.junit.platform.launcher.core.SessionPerRequestLauncher.execute(SessionPerRequestLauncher.java:63)
	at com.intellij.junit5.JUnit5IdeaTestRunner.startRunnerWithArgs(JUnit5IdeaTestRunner.java:57)
	at com.intellij.rt.junit.IdeaTestRunner$Repeater$1.execute(IdeaTestRunner.java:38)
	at com.intellij.rt.execution.junit.TestsRepeater.repeat(TestsRepeater.java:11)
	at com.intellij.rt.junit.IdeaTestRunner$Repeater.startRunnerWithArgs(IdeaTestRunner.java:35)
	at com.intellij.rt.junit.JUnitStarter.prepareStreamsAndStart(JUnitStarter.java:232)
	at com.intellij.rt.junit.JUnitStarter.main(JUnitStarter.java:55)
2025-02-06 08:50:07 [main] INFO  l.insoft.uztis.tests.utils.TestUtils - Screenshot moved to C:\Users\ingrida.zadorozniene\Desktop\Asm\UZTIS\UZTIS_tests\test-output\screenshots\20250206\085007151_testFillNewVUIApplication().png
2025-02-06 13:19:38 [main] INFO  lt.insoft.uztis.tests.UztisPageTest - Navigated to https://uztisdev.asseco.lt/home
2025-02-06 13:19:38 [main] INFO  l.i.u.t.SubmittedApplicationsPageTest - Starting test:'testFillNewDVPApplicationFA'
2025-02-06 13:19:38 [main] DEBUG l.i.u.t.SubmittedApplicationsPageTest - User logged in with test credentials.
2025-02-06 13:19:39 [main] DEBUG l.i.u.t.SubmittedApplicationsPageTest - Opened 'Application Processing' menu.
2025-02-06 13:19:39 [main] DEBUG l.i.u.t.SubmittedApplicationsPageTest - Clicked on 'Application Forms' menu.
2025-02-06 13:19:39 [main] DEBUG l.i.u.t.SubmittedApplicationsPageTest - Retrieved last description code text: 'TST-DVP-73'.
2025-02-06 13:19:39 [main] DEBUG l.i.u.t.SubmittedApplicationsPageTest - Clicked on 'Invitation' menu.
2025-02-06 13:19:40 [main] DEBUG l.i.u.t.SubmittedApplicationsPageTest - Selected application section by code: 'TST-DVP-73'.
2025-02-06 13:19:40 [main] DEBUG l.i.u.t.SubmittedApplicationsPageTest - Clicked 'Search' button.
2025-02-06 13:19:40 [main] DEBUG l.i.u.t.SubmittedApplicationsPageTest - Retrieved invitation code: ''.
2025-02-06 13:19:40 [main] DEBUG l.i.u.t.SubmittedApplicationsPageTest - Clicked on 'Submitted Applications' menu.
2025-02-06 13:19:41 [main] DEBUG l.i.u.t.SubmittedApplicationsPageTest - Selected invitation by code: 'TST-DVP-73'.
2025-02-06 13:19:41 [main] DEBUG l.i.u.t.SubmittedApplicationsPageTest - Invitation code inserted.
2025-02-06 13:19:42 [main] DEBUG l.i.u.t.SubmittedApplicationsPageTest - Clicked on 'Action Application' button.
2025-02-06 13:19:42 [main] DEBUG l.i.u.t.SubmittedApplicationsPageTest - Clicked on 'New Application' button.
2025-02-06 13:19:42 [main] DEBUG l.i.u.t.SubmittedApplicationsPageTest - Selected the 'RadioButtonFA' option.
2025-02-06 13:19:42 [main] DEBUG l.i.u.t.SubmittedApplicationsPageTest - Entered phone number: '61298745'.
2025-02-06 13:19:43 [main] DEBUG l.i.u.t.SubmittedApplicationsPageTest - Entered email: 'test@autotest.com'.
2025-02-06 13:19:53 [main] DEBUG l.i.u.t.SubmittedApplicationsPageTest - Checked 'For workplace adaptation' checkbox 1.
2025-02-06 13:20:03 [main] DEBUG l.i.u.t.SubmittedApplicationsPageTest - Checked 'For environmental adaptation' checkbox 2.
2025-02-06 13:20:03 [main] INFO  l.i.u.p.SubmittedApplicationsPage - Located the dropdown button.
2025-02-06 13:20:17 [main] INFO  l.i.u.p.SubmittedApplicationsPage - Found 1741 options in the dropdown.
2025-02-06 13:20:17 [main] INFO  l.i.u.p.SubmittedApplicationsPage - Successfully selected the value: '01.11 - Grūdinių (išskyrus ryžius), ankštinių ir aliejingų sėklų augalų auginimas'
2025-02-06 13:20:27 [main] ERROR l.i.u.p.SubmittedApplicationsPage - Failed to close the dropdown with aria-expanded = 'false'. Attempting manual close.
2025-02-06 13:20:28 [main] INFO  l.i.u.p.SubmittedApplicationsPage - Manual close attempt for the dropdown using body click.
2025-02-06 13:20:28 [main] DEBUG l.i.u.t.SubmittedApplicationsPageTest - Selected EVRK value: '01.11 - Grūdinių (išskyrus ryžius), ankštinių ir aliejingų sėklų augalų auginimas'.
2025-02-06 13:20:28 [main] DEBUG l.i.u.t.SubmittedApplicationsPageTest - Entered address: 'Vilniaus m. sav., Vilnius, Testo g. 10T'.
2025-02-06 13:20:28 [main] DEBUG l.i.u.t.SubmittedApplicationsPageTest - Selected 'For already working' option.
2025-02-06 13:20:28 [main] DEBUG l.i.u.t.SubmittedApplicationsPageTest - Entered person count1: '1'.
2025-02-06 13:20:28 [main] DEBUG l.i.u.t.SubmittedApplicationsPageTest - Selected 'For new working' option.
2025-02-06 13:20:28 [main] DEBUG l.i.u.t.SubmittedApplicationsPageTest - Entered person count2: '1'.
2025-02-06 13:20:29 [main] DEBUG l.i.u.t.SubmittedApplicationsPageTest - Clicked 'Next' button after checkboxes.
2025-02-06 13:20:29 [main] INFO  l.i.u.p.SubmittedApplicationsPage - Located the dropdown button.
2025-02-06 13:20:30 [main] INFO  l.i.u.p.SubmittedApplicationsPage - Successfully selected the value: 'Administratoriai'
2025-02-06 13:21:00 [main] ERROR l.i.u.p.SubmittedApplicationsPage - Timeout while waiting for dropdown to close with aria-expanded = 'false'.
2025-02-06 13:21:00 [main] DEBUG l.i.u.t.SubmittedApplicationsPageTest - Selected adaptable job name: 'Administratoriai'.
2025-02-06 13:21:10 [main] ERROR l.i.u.t.SubmittedApplicationsPageTest - Test 'testFillNewDVPApplicationFA' failed with error: no such element: Unable to locate element: {"method":"xpath","selector":"(//input[contains(@class, 'mat-datepicker-input')])[2]"}
  (Session info: chrome=132.0.6834.160)
For documentation on this error, please visit: https://www.selenium.dev/documentation/webdriver/troubleshooting/errors#no-such-element-exception
Build info: version: '4.27.0', revision: 'd6e718d134'
System info: os.name: 'Windows 11', os.arch: 'amd64', os.version: '10.0', java.version: '21.0.3'
Driver info: org.openqa.selenium.chrome.ChromeDriver
Command: [7b00c19068a4214c35664a8c68734401, findElement {value=(//input[contains(@class, 'mat-datepicker-input')])[2], using=xpath}]
Capabilities {acceptInsecureCerts: false, browserName: chrome, browserVersion: 132.0.6834.160, chrome: {chromedriverVersion: 132.0.6834.159 (2d77d3fc445..., userDataDir: C:\Users\INGRID~1.ZAD\AppDa...}, fedcm:accounts: true, goog:chromeOptions: {debuggerAddress: localhost:64092}, networkConnectionEnabled: false, pageLoadStrategy: normal, platformName: windows, proxy: Proxy(), se:cdp: ws://localhost:64092/devtoo..., se:cdpVersion: 132.0.6834.160, setWindowRect: true, strictFileInteractability: false, timeouts: {implicit: 0, pageLoad: 300000, script: 30000}, unhandledPromptBehavior: dismiss and notify, webauthn:extension:credBlob: true, webauthn:extension:largeBlob: true, webauthn:extension:minPinLength: true, webauthn:extension:prf: true, webauthn:virtualAuthenticators: true}
Session ID: 7b00c19068a4214c35664a8c68734401
org.openqa.selenium.NoSuchElementException: no such element: Unable to locate element: {"method":"xpath","selector":"(//input[contains(@class, 'mat-datepicker-input')])[2]"}
  (Session info: chrome=132.0.6834.160)
For documentation on this error, please visit: https://www.selenium.dev/documentation/webdriver/troubleshooting/errors#no-such-element-exception
Build info: version: '4.27.0', revision: 'd6e718d134'
System info: os.name: 'Windows 11', os.arch: 'amd64', os.version: '10.0', java.version: '21.0.3'
Driver info: org.openqa.selenium.chrome.ChromeDriver
Command: [7b00c19068a4214c35664a8c68734401, findElement {value=(//input[contains(@class, 'mat-datepicker-input')])[2], using=xpath}]
Capabilities {acceptInsecureCerts: false, browserName: chrome, browserVersion: 132.0.6834.160, chrome: {chromedriverVersion: 132.0.6834.159 (2d77d3fc445..., userDataDir: C:\Users\INGRID~1.ZAD\AppDa...}, fedcm:accounts: true, goog:chromeOptions: {debuggerAddress: localhost:64092}, networkConnectionEnabled: false, pageLoadStrategy: normal, platformName: windows, proxy: Proxy(), se:cdp: ws://localhost:64092/devtoo..., se:cdpVersion: 132.0.6834.160, setWindowRect: true, strictFileInteractability: false, timeouts: {implicit: 0, pageLoad: 300000, script: 30000}, unhandledPromptBehavior: dismiss and notify, webauthn:extension:credBlob: true, webauthn:extension:largeBlob: true, webauthn:extension:minPinLength: true, webauthn:extension:prf: true, webauthn:virtualAuthenticators: true}
Session ID: 7b00c19068a4214c35664a8c68734401
	at java.base/jdk.internal.reflect.DirectConstructorHandleAccessor.newInstance(DirectConstructorHandleAccessor.java:62)
	at java.base/java.lang.reflect.Constructor.newInstanceWithCaller(Constructor.java:502)
	at java.base/java.lang.reflect.Constructor.newInstance(Constructor.java:486)
	at org.openqa.selenium.remote.ErrorCodec.decode(ErrorCodec.java:167)
	at org.openqa.selenium.remote.codec.w3c.W3CHttpResponseCodec.decode(W3CHttpResponseCodec.java:138)
	at org.openqa.selenium.remote.codec.w3c.W3CHttpResponseCodec.decode(W3CHttpResponseCodec.java:50)
	at org.openqa.selenium.remote.HttpCommandExecutor.execute(HttpCommandExecutor.java:190)
	at org.openqa.selenium.remote.service.DriverCommandExecutor.invokeExecute(DriverCommandExecutor.java:216)
	at org.openqa.selenium.remote.service.DriverCommandExecutor.execute(DriverCommandExecutor.java:174)
	at org.openqa.selenium.remote.RemoteWebDriver.execute(RemoteWebDriver.java:545)
	at org.openqa.selenium.remote.ElementLocation$ElementFinder$2.findElement(ElementLocation.java:165)
	at org.openqa.selenium.remote.ElementLocation.findElement(ElementLocation.java:59)
	at org.openqa.selenium.remote.RemoteWebDriver.findElement(RemoteWebDriver.java:368)
	at org.openqa.selenium.remote.RemoteWebDriver.findElement(RemoteWebDriver.java:362)
	at org.openqa.selenium.support.pagefactory.DefaultElementLocator.findElement(DefaultElementLocator.java:68)
	at org.openqa.selenium.support.pagefactory.internal.LocatingElementHandler.invoke(LocatingElementHandler.java:38)
	at jdk.proxy2/jdk.proxy2.$Proxy14.isDisplayed(Unknown Source)
	at lt.insoft.uztis.pages.SubmittedApplicationsPage.enterJobDate(SubmittedApplicationsPage.java:760)
	at lt.insoft.uztis.tests.SubmittedApplicationsPageTest.testFillNewDVPApplicationFA(SubmittedApplicationsPageTest.java:509)
	at java.base/jdk.internal.reflect.DirectMethodHandleAccessor.invoke(DirectMethodHandleAccessor.java:103)
	at java.base/java.lang.reflect.Method.invoke(Method.java:580)
	at org.junit.platform.commons.util.ReflectionUtils.invokeMethod(ReflectionUtils.java:728)
	at org.junit.jupiter.engine.execution.MethodInvocation.proceed(MethodInvocation.java:60)
	at org.junit.jupiter.engine.execution.InvocationInterceptorChain$ValidatingInvocation.proceed(InvocationInterceptorChain.java:131)
	at org.junit.jupiter.engine.extension.TimeoutExtension.intercept(TimeoutExtension.java:156)
	at org.junit.jupiter.engine.extension.TimeoutExtension.interceptTestableMethod(TimeoutExtension.java:147)
	at org.junit.jupiter.engine.extension.TimeoutExtension.interceptTestMethod(TimeoutExtension.java:86)
	at org.junit.jupiter.engine.execution.InterceptingExecutableInvoker$ReflectiveInterceptorCall.lambda$ofVoidMethod$0(InterceptingExecutableInvoker.java:103)
	at org.junit.jupiter.engine.execution.InterceptingExecutableInvoker.lambda$invoke$0(InterceptingExecutableInvoker.java:93)
	at org.junit.jupiter.engine.execution.InvocationInterceptorChain$InterceptedInvocation.proceed(InvocationInterceptorChain.java:106)
	at org.junit.jupiter.engine.execution.InvocationInterceptorChain.proceed(InvocationInterceptorChain.java:64)
	at org.junit.jupiter.engine.execution.InvocationInterceptorChain.chainAndInvoke(InvocationInterceptorChain.java:45)
	at org.junit.jupiter.engine.execution.InvocationInterceptorChain.invoke(InvocationInterceptorChain.java:37)
	at org.junit.jupiter.engine.execution.InterceptingExecutableInvoker.invoke(InterceptingExecutableInvoker.java:92)
	at org.junit.jupiter.engine.execution.InterceptingExecutableInvoker.invoke(InterceptingExecutableInvoker.java:86)
	at org.junit.jupiter.engine.descriptor.TestMethodTestDescriptor.lambda$invokeTestMethod$7(TestMethodTestDescriptor.java:218)
	at org.junit.platform.engine.support.hierarchical.ThrowableCollector.execute(ThrowableCollector.java:73)
	at org.junit.jupiter.engine.descriptor.TestMethodTestDescriptor.invokeTestMethod(TestMethodTestDescriptor.java:214)
	at org.junit.jupiter.engine.descriptor.TestMethodTestDescriptor.execute(TestMethodTestDescriptor.java:139)
	at org.junit.jupiter.engine.descriptor.TestMethodTestDescriptor.execute(TestMethodTestDescriptor.java:69)
	at org.junit.platform.engine.support.hierarchical.NodeTestTask.lambda$executeRecursively$6(NodeTestTask.java:151)
	at org.junit.platform.engine.support.hierarchical.ThrowableCollector.execute(ThrowableCollector.java:73)
	at org.junit.platform.engine.support.hierarchical.NodeTestTask.lambda$executeRecursively$8(NodeTestTask.java:141)
	at org.junit.platform.engine.support.hierarchical.Node.around(Node.java:137)
	at org.junit.platform.engine.support.hierarchical.NodeTestTask.lambda$executeRecursively$9(NodeTestTask.java:139)
	at org.junit.platform.engine.support.hierarchical.ThrowableCollector.execute(ThrowableCollector.java:73)
	at org.junit.platform.engine.support.hierarchical.NodeTestTask.executeRecursively(NodeTestTask.java:138)
	at org.junit.platform.engine.support.hierarchical.NodeTestTask.execute(NodeTestTask.java:95)
	at java.base/java.util.ArrayList.forEach(ArrayList.java:1596)
	at org.junit.platform.engine.support.hierarchical.SameThreadHierarchicalTestExecutorService.invokeAll(SameThreadHierarchicalTestExecutorService.java:41)
	at org.junit.platform.engine.support.hierarchical.NodeTestTask.lambda$executeRecursively$6(NodeTestTask.java:155)
	at org.junit.platform.engine.support.hierarchical.ThrowableCollector.execute(ThrowableCollector.java:73)
	at org.junit.platform.engine.support.hierarchical.NodeTestTask.lambda$executeRecursively$8(NodeTestTask.java:141)
	at org.junit.platform.engine.support.hierarchical.Node.around(Node.java:137)
	at org.junit.platform.engine.support.hierarchical.NodeTestTask.lambda$executeRecursively$9(NodeTestTask.java:139)
	at org.junit.platform.engine.support.hierarchical.ThrowableCollector.execute(ThrowableCollector.java:73)
	at org.junit.platform.engine.support.hierarchical.NodeTestTask.executeRecursively(NodeTestTask.java:138)
	at org.junit.platform.engine.support.hierarchical.NodeTestTask.execute(NodeTestTask.java:95)
	at java.base/java.util.ArrayList.forEach(ArrayList.java:1596)
	at org.junit.platform.engine.support.hierarchical.SameThreadHierarchicalTestExecutorService.invokeAll(SameThreadHierarchicalTestExecutorService.java:41)
	at org.junit.platform.engine.support.hierarchical.NodeTestTask.lambda$executeRecursively$6(NodeTestTask.java:155)
	at org.junit.platform.engine.support.hierarchical.ThrowableCollector.execute(ThrowableCollector.java:73)
	at org.junit.platform.engine.support.hierarchical.NodeTestTask.lambda$executeRecursively$8(NodeTestTask.java:141)
	at org.junit.platform.engine.support.hierarchical.Node.around(Node.java:137)
	at org.junit.platform.engine.support.hierarchical.NodeTestTask.lambda$executeRecursively$9(NodeTestTask.java:139)
	at org.junit.platform.engine.support.hierarchical.ThrowableCollector.execute(ThrowableCollector.java:73)
	at org.junit.platform.engine.support.hierarchical.NodeTestTask.executeRecursively(NodeTestTask.java:138)
	at org.junit.platform.engine.support.hierarchical.NodeTestTask.execute(NodeTestTask.java:95)
	at org.junit.platform.engine.support.hierarchical.SameThreadHierarchicalTestExecutorService.submit(SameThreadHierarchicalTestExecutorService.java:35)
	at org.junit.platform.engine.support.hierarchical.HierarchicalTestExecutor.execute(HierarchicalTestExecutor.java:57)
	at org.junit.platform.engine.support.hierarchical.HierarchicalTestEngine.execute(HierarchicalTestEngine.java:54)
	at org.junit.platform.launcher.core.EngineExecutionOrchestrator.execute(EngineExecutionOrchestrator.java:198)
	at org.junit.platform.launcher.core.EngineExecutionOrchestrator.execute(EngineExecutionOrchestrator.java:169)
	at org.junit.platform.launcher.core.EngineExecutionOrchestrator.execute(EngineExecutionOrchestrator.java:93)
	at org.junit.platform.launcher.core.EngineExecutionOrchestrator.lambda$execute$0(EngineExecutionOrchestrator.java:58)
	at org.junit.platform.launcher.core.EngineExecutionOrchestrator.withInterceptedStreams(EngineExecutionOrchestrator.java:141)
	at org.junit.platform.launcher.core.EngineExecutionOrchestrator.execute(EngineExecutionOrchestrator.java:57)
	at org.junit.platform.launcher.core.DefaultLauncher.execute(DefaultLauncher.java:103)
	at org.junit.platform.launcher.core.DefaultLauncher.execute(DefaultLauncher.java:85)
	at org.junit.platform.launcher.core.DelegatingLauncher.execute(DelegatingLauncher.java:47)
	at org.junit.platform.launcher.core.SessionPerRequestLauncher.execute(SessionPerRequestLauncher.java:63)
	at com.intellij.junit5.JUnit5IdeaTestRunner.startRunnerWithArgs(JUnit5IdeaTestRunner.java:57)
	at com.intellij.rt.junit.IdeaTestRunner$Repeater$1.execute(IdeaTestRunner.java:38)
	at com.intellij.rt.execution.junit.TestsRepeater.repeat(TestsRepeater.java:11)
	at com.intellij.rt.junit.IdeaTestRunner$Repeater.startRunnerWithArgs(IdeaTestRunner.java:35)
	at com.intellij.rt.junit.JUnitStarter.prepareStreamsAndStart(JUnitStarter.java:232)
	at com.intellij.rt.junit.JUnitStarter.main(JUnitStarter.java:55)
2025-02-06 13:21:10 [main] INFO  l.insoft.uztis.tests.utils.TestUtils - Screenshot moved to C:\Users\ingrida.zadorozniene\Desktop\Asm\UZTIS\UZTIS_tests\test-output\screenshots\20250206\132110719_testFillNewDVPApplicationFA().png
2025-02-06 13:24:24 [main] INFO  lt.insoft.uztis.tests.UztisPageTest - Navigated to https://uztisdev.asseco.lt/home
2025-02-06 13:24:24 [main] INFO  l.i.u.t.SubmittedApplicationsPageTest - Starting test:'testFillNewDVPApplicationFA'
2025-02-06 13:24:25 [main] DEBUG l.i.u.t.SubmittedApplicationsPageTest - User logged in with test credentials.
2025-02-06 13:24:25 [main] DEBUG l.i.u.t.SubmittedApplicationsPageTest - Opened 'Application Processing' menu.
2025-02-06 13:24:25 [main] DEBUG l.i.u.t.SubmittedApplicationsPageTest - Clicked on 'Application Forms' menu.
2025-02-06 13:24:25 [main] DEBUG l.i.u.t.SubmittedApplicationsPageTest - Retrieved last description code text: 'TST-DVP-73'.
2025-02-06 13:24:25 [main] DEBUG l.i.u.t.SubmittedApplicationsPageTest - Clicked on 'Invitation' menu.
2025-02-06 13:24:26 [main] DEBUG l.i.u.t.SubmittedApplicationsPageTest - Selected application section by code: 'TST-DVP-73'.
2025-02-06 13:24:26 [main] DEBUG l.i.u.t.SubmittedApplicationsPageTest - Clicked 'Search' button.
2025-02-06 13:24:26 [main] DEBUG l.i.u.t.SubmittedApplicationsPageTest - Retrieved invitation code: ''.
2025-02-06 13:24:26 [main] DEBUG l.i.u.t.SubmittedApplicationsPageTest - Clicked on 'Submitted Applications' menu.
2025-02-06 13:24:28 [main] DEBUG l.i.u.t.SubmittedApplicationsPageTest - Selected invitation by code: 'TST-DVP-73'.
2025-02-06 13:24:28 [main] DEBUG l.i.u.t.SubmittedApplicationsPageTest - Invitation code inserted.
2025-02-06 13:24:28 [main] DEBUG l.i.u.t.SubmittedApplicationsPageTest - Clicked on 'Action Application' button.
2025-02-06 13:24:28 [main] DEBUG l.i.u.t.SubmittedApplicationsPageTest - Clicked on 'New Application' button.
2025-02-06 13:24:28 [main] DEBUG l.i.u.t.SubmittedApplicationsPageTest - Selected the 'RadioButtonFA' option.
2025-02-06 13:24:29 [main] DEBUG l.i.u.t.SubmittedApplicationsPageTest - Entered phone number: '61298745'.
2025-02-06 13:24:29 [main] DEBUG l.i.u.t.SubmittedApplicationsPageTest - Entered email: 'test@autotest.com'.
2025-02-06 13:24:39 [main] DEBUG l.i.u.t.SubmittedApplicationsPageTest - Checked 'For workplace adaptation' checkbox 1.
2025-02-06 13:24:49 [main] DEBUG l.i.u.t.SubmittedApplicationsPageTest - Checked 'For environmental adaptation' checkbox 2.
2025-02-06 13:24:49 [main] INFO  l.i.u.p.SubmittedApplicationsPage - Located the dropdown button.
2025-02-06 13:25:05 [main] INFO  l.i.u.p.SubmittedApplicationsPage - Found 1741 options in the dropdown.
2025-02-06 13:25:05 [main] INFO  l.i.u.p.SubmittedApplicationsPage - Successfully selected the value: '01.11 - Grūdinių (išskyrus ryžius), ankštinių ir aliejingų sėklų augalų auginimas'
2025-02-06 13:25:15 [main] ERROR l.i.u.p.SubmittedApplicationsPage - Failed to close the dropdown with aria-expanded = 'false'. Attempting manual close.
2025-02-06 13:25:15 [main] INFO  l.i.u.p.SubmittedApplicationsPage - Manual close attempt for the dropdown using body click.
2025-02-06 13:25:15 [main] DEBUG l.i.u.t.SubmittedApplicationsPageTest - Selected EVRK value: '01.11 - Grūdinių (išskyrus ryžius), ankštinių ir aliejingų sėklų augalų auginimas'.
2025-02-06 13:25:15 [main] DEBUG l.i.u.t.SubmittedApplicationsPageTest - Entered address: 'Vilniaus m. sav., Vilnius, Testo g. 10T'.
2025-02-06 13:25:16 [main] DEBUG l.i.u.t.SubmittedApplicationsPageTest - Selected 'For already working' option.
2025-02-06 13:25:16 [main] DEBUG l.i.u.t.SubmittedApplicationsPageTest - Entered person count1: '1'.
2025-02-06 13:25:16 [main] DEBUG l.i.u.t.SubmittedApplicationsPageTest - Selected 'For new working' option.
2025-02-06 13:25:16 [main] DEBUG l.i.u.t.SubmittedApplicationsPageTest - Entered person count2: '1'.
2025-02-06 13:25:16 [main] DEBUG l.i.u.t.SubmittedApplicationsPageTest - Clicked 'Next' button after checkboxes.
2025-02-06 13:25:16 [main] INFO  l.i.u.p.SubmittedApplicationsPage - Located the dropdown button.
2025-02-06 13:25:17 [main] INFO  l.i.u.p.SubmittedApplicationsPage - Successfully selected the value: 'Administratoriai'
2025-02-06 13:25:47 [main] INFO  lt.insoft.uztis.tests.UztisPageTest - Navigated to https://uztisdev.asseco.lt/home
2025-02-06 13:25:47 [main] INFO  l.i.u.t.SubmittedApplicationsPageTest - Starting test:'testFillNewDVPApplicationFA'
2025-02-06 13:25:48 [main] DEBUG l.i.u.t.SubmittedApplicationsPageTest - User logged in with test credentials.
2025-02-06 13:25:48 [main] DEBUG l.i.u.t.SubmittedApplicationsPageTest - Opened 'Application Processing' menu.
2025-02-06 13:25:48 [main] DEBUG l.i.u.t.SubmittedApplicationsPageTest - Clicked on 'Application Forms' menu.
2025-02-06 13:25:48 [main] DEBUG l.i.u.t.SubmittedApplicationsPageTest - Retrieved last description code text: 'TST-DVP-73'.
2025-02-06 13:25:48 [main] DEBUG l.i.u.t.SubmittedApplicationsPageTest - Clicked on 'Invitation' menu.
2025-02-06 13:25:49 [main] DEBUG l.i.u.t.SubmittedApplicationsPageTest - Selected application section by code: 'TST-DVP-73'.
2025-02-06 13:25:49 [main] DEBUG l.i.u.t.SubmittedApplicationsPageTest - Clicked 'Search' button.
2025-02-06 13:25:49 [main] DEBUG l.i.u.t.SubmittedApplicationsPageTest - Retrieved invitation code: ''.
2025-02-06 13:25:50 [main] DEBUG l.i.u.t.SubmittedApplicationsPageTest - Clicked on 'Submitted Applications' menu.
2025-02-06 13:25:51 [main] DEBUG l.i.u.t.SubmittedApplicationsPageTest - Selected invitation by code: 'TST-DVP-73'.
2025-02-06 13:25:51 [main] DEBUG l.i.u.t.SubmittedApplicationsPageTest - Invitation code inserted.
2025-02-06 13:25:51 [main] DEBUG l.i.u.t.SubmittedApplicationsPageTest - Clicked on 'Action Application' button.
2025-02-06 13:25:51 [main] DEBUG l.i.u.t.SubmittedApplicationsPageTest - Clicked on 'New Application' button.
2025-02-06 13:25:51 [main] DEBUG l.i.u.t.SubmittedApplicationsPageTest - Selected the 'RadioButtonFA' option.
2025-02-06 13:25:52 [main] DEBUG l.i.u.t.SubmittedApplicationsPageTest - Entered phone number: '61298745'.
2025-02-06 13:25:52 [main] DEBUG l.i.u.t.SubmittedApplicationsPageTest - Entered email: 'test@autotest.com'.
2025-02-06 13:26:02 [main] DEBUG l.i.u.t.SubmittedApplicationsPageTest - Checked 'For workplace adaptation' checkbox 1.
2025-02-06 13:26:12 [main] DEBUG l.i.u.t.SubmittedApplicationsPageTest - Checked 'For environmental adaptation' checkbox 2.
2025-02-06 13:26:12 [main] INFO  l.i.u.p.SubmittedApplicationsPage - Located the dropdown button.
2025-02-06 13:26:27 [main] INFO  l.i.u.p.SubmittedApplicationsPage - Found 1741 options in the dropdown.
2025-02-06 13:26:27 [main] INFO  l.i.u.p.SubmittedApplicationsPage - Successfully selected the value: '01.11 - Grūdinių (išskyrus ryžius), ankštinių ir aliejingų sėklų augalų auginimas'
2025-02-06 13:26:38 [main] ERROR l.i.u.p.SubmittedApplicationsPage - Failed to close the dropdown with aria-expanded = 'false'. Attempting manual close.
2025-02-06 13:26:38 [main] INFO  l.i.u.p.SubmittedApplicationsPage - Manual close attempt for the dropdown using body click.
2025-02-06 13:26:38 [main] DEBUG l.i.u.t.SubmittedApplicationsPageTest - Selected EVRK value: '01.11 - Grūdinių (išskyrus ryžius), ankštinių ir aliejingų sėklų augalų auginimas'.
2025-02-06 13:26:38 [main] DEBUG l.i.u.t.SubmittedApplicationsPageTest - Entered address: 'Vilniaus m. sav., Vilnius, Testo g. 10T'.
2025-02-06 13:26:38 [main] DEBUG l.i.u.t.SubmittedApplicationsPageTest - Selected 'For already working' option.
2025-02-06 13:26:39 [main] DEBUG l.i.u.t.SubmittedApplicationsPageTest - Entered person count1: '1'.
2025-02-06 13:26:39 [main] DEBUG l.i.u.t.SubmittedApplicationsPageTest - Selected 'For new working' option.
2025-02-06 13:26:39 [main] DEBUG l.i.u.t.SubmittedApplicationsPageTest - Entered person count2: '1'.
2025-02-06 13:26:39 [main] DEBUG l.i.u.t.SubmittedApplicationsPageTest - Clicked 'Next' button after checkboxes.
2025-02-06 13:26:39 [main] INFO  l.i.u.p.SubmittedApplicationsPage - Located the dropdown button.
2025-02-06 13:26:40 [main] INFO  l.i.u.p.SubmittedApplicationsPage - Successfully selected the value: 'Administratoriai'
2025-02-06 13:27:11 [main] ERROR l.i.u.p.SubmittedApplicationsPage - Timeout while waiting for dropdown to close with aria-expanded = 'false'.
2025-02-06 13:27:11 [main] DEBUG l.i.u.t.SubmittedApplicationsPageTest - Selected adaptable job name: 'Administratoriai'.
2025-02-06 13:27:11 [main] DEBUG l.i.u.t.SubmittedApplicationsPageTest - Entered job date.
2025-02-06 13:27:11 [main] DEBUG l.i.u.t.SubmittedApplicationsPageTest - Entered job function: 'Funkcija 1'.
2025-02-06 13:27:21 [main] ERROR l.i.u.t.SubmittedApplicationsPageTest - Test 'testFillNewDVPApplicationFA' failed with error: element not interactable
  (Session info: chrome=132.0.6834.160)
Build info: version: '4.27.0', revision: 'd6e718d134'
System info: os.name: 'Windows 11', os.arch: 'amd64', os.version: '10.0', java.version: '21.0.3'
Driver info: org.openqa.selenium.chrome.ChromeDriver
Command: [b6b93eeded6d4a34c9ba29a5c2920687, clickElement {id=f.C7623E5FBAB058D1CD90517C3CC2E853.d.EBFCF1185D61A03170AE2C98AB5C0402.e.198}]
Capabilities {acceptInsecureCerts: false, browserName: chrome, browserVersion: 132.0.6834.160, chrome: {chromedriverVersion: 132.0.6834.159 (2d77d3fc445..., userDataDir: C:\Users\INGRID~1.ZAD\AppDa...}, fedcm:accounts: true, goog:chromeOptions: {debuggerAddress: localhost:64333}, networkConnectionEnabled: false, pageLoadStrategy: normal, platformName: windows, proxy: Proxy(), se:cdp: ws://localhost:64333/devtoo..., se:cdpVersion: 132.0.6834.160, setWindowRect: true, strictFileInteractability: false, timeouts: {implicit: 0, pageLoad: 300000, script: 30000}, unhandledPromptBehavior: dismiss and notify, webauthn:extension:credBlob: true, webauthn:extension:largeBlob: true, webauthn:extension:minPinLength: true, webauthn:extension:prf: true, webauthn:virtualAuthenticators: true}
Element: [[ChromeDriver: chrome on windows (b6b93eeded6d4a34c9ba29a5c2920687)] -> xpath: (//input[@type='radio' and @value='false'])[1]]
Session ID: b6b93eeded6d4a34c9ba29a5c2920687
org.openqa.selenium.ElementNotInteractableException: element not interactable
  (Session info: chrome=132.0.6834.160)
Build info: version: '4.27.0', revision: 'd6e718d134'
System info: os.name: 'Windows 11', os.arch: 'amd64', os.version: '10.0', java.version: '21.0.3'
Driver info: org.openqa.selenium.chrome.ChromeDriver
Command: [b6b93eeded6d4a34c9ba29a5c2920687, clickElement {id=f.C7623E5FBAB058D1CD90517C3CC2E853.d.EBFCF1185D61A03170AE2C98AB5C0402.e.198}]
Capabilities {acceptInsecureCerts: false, browserName: chrome, browserVersion: 132.0.6834.160, chrome: {chromedriverVersion: 132.0.6834.159 (2d77d3fc445..., userDataDir: C:\Users\INGRID~1.ZAD\AppDa...}, fedcm:accounts: true, goog:chromeOptions: {debuggerAddress: localhost:64333}, networkConnectionEnabled: false, pageLoadStrategy: normal, platformName: windows, proxy: Proxy(), se:cdp: ws://localhost:64333/devtoo..., se:cdpVersion: 132.0.6834.160, setWindowRect: true, strictFileInteractability: false, timeouts: {implicit: 0, pageLoad: 300000, script: 30000}, unhandledPromptBehavior: dismiss and notify, webauthn:extension:credBlob: true, webauthn:extension:largeBlob: true, webauthn:extension:minPinLength: true, webauthn:extension:prf: true, webauthn:virtualAuthenticators: true}
Element: [[ChromeDriver: chrome on windows (b6b93eeded6d4a34c9ba29a5c2920687)] -> xpath: (//input[@type='radio' and @value='false'])[1]]
Session ID: b6b93eeded6d4a34c9ba29a5c2920687
	at java.base/jdk.internal.reflect.DirectConstructorHandleAccessor.newInstance(DirectConstructorHandleAccessor.java:62)
	at java.base/java.lang.reflect.Constructor.newInstanceWithCaller(Constructor.java:502)
	at java.base/java.lang.reflect.Constructor.newInstance(Constructor.java:486)
	at org.openqa.selenium.remote.ErrorCodec.decode(ErrorCodec.java:167)
	at org.openqa.selenium.remote.codec.w3c.W3CHttpResponseCodec.decode(W3CHttpResponseCodec.java:138)
	at org.openqa.selenium.remote.codec.w3c.W3CHttpResponseCodec.decode(W3CHttpResponseCodec.java:50)
	at org.openqa.selenium.remote.HttpCommandExecutor.execute(HttpCommandExecutor.java:190)
	at org.openqa.selenium.remote.service.DriverCommandExecutor.invokeExecute(DriverCommandExecutor.java:216)
	at org.openqa.selenium.remote.service.DriverCommandExecutor.execute(DriverCommandExecutor.java:174)
	at org.openqa.selenium.remote.RemoteWebDriver.execute(RemoteWebDriver.java:545)
	at org.openqa.selenium.remote.RemoteWebElement.execute(RemoteWebElement.java:223)
	at org.openqa.selenium.remote.RemoteWebElement.click(RemoteWebElement.java:76)
	at java.base/jdk.internal.reflect.DirectMethodHandleAccessor.invoke(DirectMethodHandleAccessor.java:103)
	at java.base/java.lang.reflect.Method.invoke(Method.java:580)
	at org.openqa.selenium.support.pagefactory.internal.LocatingElementHandler.invoke(LocatingElementHandler.java:51)
	at jdk.proxy2/jdk.proxy2.$Proxy14.click(Unknown Source)
	at lt.insoft.uztis.pages.SubmittedApplicationsPage.clickRadioButtonForAlreadyWorking(SubmittedApplicationsPage.java:655)
	at lt.insoft.uztis.tests.SubmittedApplicationsPageTest.testFillNewDVPApplicationFA(SubmittedApplicationsPageTest.java:516)
	at java.base/jdk.internal.reflect.DirectMethodHandleAccessor.invoke(DirectMethodHandleAccessor.java:103)
	at java.base/java.lang.reflect.Method.invoke(Method.java:580)
	at org.junit.platform.commons.util.ReflectionUtils.invokeMethod(ReflectionUtils.java:728)
	at org.junit.jupiter.engine.execution.MethodInvocation.proceed(MethodInvocation.java:60)
	at org.junit.jupiter.engine.execution.InvocationInterceptorChain$ValidatingInvocation.proceed(InvocationInterceptorChain.java:131)
	at org.junit.jupiter.engine.extension.TimeoutExtension.intercept(TimeoutExtension.java:156)
	at org.junit.jupiter.engine.extension.TimeoutExtension.interceptTestableMethod(TimeoutExtension.java:147)
	at org.junit.jupiter.engine.extension.TimeoutExtension.interceptTestMethod(TimeoutExtension.java:86)
	at org.junit.jupiter.engine.execution.InterceptingExecutableInvoker$ReflectiveInterceptorCall.lambda$ofVoidMethod$0(InterceptingExecutableInvoker.java:103)
	at org.junit.jupiter.engine.execution.InterceptingExecutableInvoker.lambda$invoke$0(InterceptingExecutableInvoker.java:93)
	at org.junit.jupiter.engine.execution.InvocationInterceptorChain$InterceptedInvocation.proceed(InvocationInterceptorChain.java:106)
	at org.junit.jupiter.engine.execution.InvocationInterceptorChain.proceed(InvocationInterceptorChain.java:64)
	at org.junit.jupiter.engine.execution.InvocationInterceptorChain.chainAndInvoke(InvocationInterceptorChain.java:45)
	at org.junit.jupiter.engine.execution.InvocationInterceptorChain.invoke(InvocationInterceptorChain.java:37)
	at org.junit.jupiter.engine.execution.InterceptingExecutableInvoker.invoke(InterceptingExecutableInvoker.java:92)
	at org.junit.jupiter.engine.execution.InterceptingExecutableInvoker.invoke(InterceptingExecutableInvoker.java:86)
	at org.junit.jupiter.engine.descriptor.TestMethodTestDescriptor.lambda$invokeTestMethod$7(TestMethodTestDescriptor.java:218)
	at org.junit.platform.engine.support.hierarchical.ThrowableCollector.execute(ThrowableCollector.java:73)
	at org.junit.jupiter.engine.descriptor.TestMethodTestDescriptor.invokeTestMethod(TestMethodTestDescriptor.java:214)
	at org.junit.jupiter.engine.descriptor.TestMethodTestDescriptor.execute(TestMethodTestDescriptor.java:139)
	at org.junit.jupiter.engine.descriptor.TestMethodTestDescriptor.execute(TestMethodTestDescriptor.java:69)
	at org.junit.platform.engine.support.hierarchical.NodeTestTask.lambda$executeRecursively$6(NodeTestTask.java:151)
	at org.junit.platform.engine.support.hierarchical.ThrowableCollector.execute(ThrowableCollector.java:73)
	at org.junit.platform.engine.support.hierarchical.NodeTestTask.lambda$executeRecursively$8(NodeTestTask.java:141)
	at org.junit.platform.engine.support.hierarchical.Node.around(Node.java:137)
	at org.junit.platform.engine.support.hierarchical.NodeTestTask.lambda$executeRecursively$9(NodeTestTask.java:139)
	at org.junit.platform.engine.support.hierarchical.ThrowableCollector.execute(ThrowableCollector.java:73)
	at org.junit.platform.engine.support.hierarchical.NodeTestTask.executeRecursively(NodeTestTask.java:138)
	at org.junit.platform.engine.support.hierarchical.NodeTestTask.execute(NodeTestTask.java:95)
	at java.base/java.util.ArrayList.forEach(ArrayList.java:1596)
	at org.junit.platform.engine.support.hierarchical.SameThreadHierarchicalTestExecutorService.invokeAll(SameThreadHierarchicalTestExecutorService.java:41)
	at org.junit.platform.engine.support.hierarchical.NodeTestTask.lambda$executeRecursively$6(NodeTestTask.java:155)
	at org.junit.platform.engine.support.hierarchical.ThrowableCollector.execute(ThrowableCollector.java:73)
	at org.junit.platform.engine.support.hierarchical.NodeTestTask.lambda$executeRecursively$8(NodeTestTask.java:141)
	at org.junit.platform.engine.support.hierarchical.Node.around(Node.java:137)
	at org.junit.platform.engine.support.hierarchical.NodeTestTask.lambda$executeRecursively$9(NodeTestTask.java:139)
	at org.junit.platform.engine.support.hierarchical.ThrowableCollector.execute(ThrowableCollector.java:73)
	at org.junit.platform.engine.support.hierarchical.NodeTestTask.executeRecursively(NodeTestTask.java:138)
	at org.junit.platform.engine.support.hierarchical.NodeTestTask.execute(NodeTestTask.java:95)
	at java.base/java.util.ArrayList.forEach(ArrayList.java:1596)
	at org.junit.platform.engine.support.hierarchical.SameThreadHierarchicalTestExecutorService.invokeAll(SameThreadHierarchicalTestExecutorService.java:41)
	at org.junit.platform.engine.support.hierarchical.NodeTestTask.lambda$executeRecursively$6(NodeTestTask.java:155)
	at org.junit.platform.engine.support.hierarchical.ThrowableCollector.execute(ThrowableCollector.java:73)
	at org.junit.platform.engine.support.hierarchical.NodeTestTask.lambda$executeRecursively$8(NodeTestTask.java:141)
	at org.junit.platform.engine.support.hierarchical.Node.around(Node.java:137)
	at org.junit.platform.engine.support.hierarchical.NodeTestTask.lambda$executeRecursively$9(NodeTestTask.java:139)
	at org.junit.platform.engine.support.hierarchical.ThrowableCollector.execute(ThrowableCollector.java:73)
	at org.junit.platform.engine.support.hierarchical.NodeTestTask.executeRecursively(NodeTestTask.java:138)
	at org.junit.platform.engine.support.hierarchical.NodeTestTask.execute(NodeTestTask.java:95)
	at org.junit.platform.engine.support.hierarchical.SameThreadHierarchicalTestExecutorService.submit(SameThreadHierarchicalTestExecutorService.java:35)
	at org.junit.platform.engine.support.hierarchical.HierarchicalTestExecutor.execute(HierarchicalTestExecutor.java:57)
	at org.junit.platform.engine.support.hierarchical.HierarchicalTestEngine.execute(HierarchicalTestEngine.java:54)
	at org.junit.platform.launcher.core.EngineExecutionOrchestrator.execute(EngineExecutionOrchestrator.java:198)
	at org.junit.platform.launcher.core.EngineExecutionOrchestrator.execute(EngineExecutionOrchestrator.java:169)
	at org.junit.platform.launcher.core.EngineExecutionOrchestrator.execute(EngineExecutionOrchestrator.java:93)
	at org.junit.platform.launcher.core.EngineExecutionOrchestrator.lambda$execute$0(EngineExecutionOrchestrator.java:58)
	at org.junit.platform.launcher.core.EngineExecutionOrchestrator.withInterceptedStreams(EngineExecutionOrchestrator.java:141)
	at org.junit.platform.launcher.core.EngineExecutionOrchestrator.execute(EngineExecutionOrchestrator.java:57)
	at org.junit.platform.launcher.core.DefaultLauncher.execute(DefaultLauncher.java:103)
	at org.junit.platform.launcher.core.DefaultLauncher.execute(DefaultLauncher.java:85)
	at org.junit.platform.launcher.core.DelegatingLauncher.execute(DelegatingLauncher.java:47)
	at org.junit.platform.launcher.core.SessionPerRequestLauncher.execute(SessionPerRequestLauncher.java:63)
	at com.intellij.junit5.JUnit5IdeaTestRunner.startRunnerWithArgs(JUnit5IdeaTestRunner.java:57)
	at com.intellij.rt.junit.IdeaTestRunner$Repeater$1.execute(IdeaTestRunner.java:38)
	at com.intellij.rt.execution.junit.TestsRepeater.repeat(TestsRepeater.java:11)
	at com.intellij.rt.junit.IdeaTestRunner$Repeater.startRunnerWithArgs(IdeaTestRunner.java:35)
	at com.intellij.rt.junit.JUnitStarter.prepareStreamsAndStart(JUnitStarter.java:232)
	at com.intellij.rt.junit.JUnitStarter.main(JUnitStarter.java:55)
2025-02-06 13:27:21 [main] INFO  l.insoft.uztis.tests.utils.TestUtils - Screenshot moved to C:\Users\ingrida.zadorozniene\Desktop\Asm\UZTIS\UZTIS_tests\test-output\screenshots\20250206\132721750_testFillNewDVPApplicationFA().png
2025-02-06 13:30:31 [main] INFO  lt.insoft.uztis.tests.UztisPageTest - Navigated to https://uztisdev.asseco.lt/home
2025-02-06 13:30:31 [main] INFO  l.i.u.t.SubmittedApplicationsPageTest - Starting test:'testFillNewDVPApplicationFA'
2025-02-06 13:30:32 [main] DEBUG l.i.u.t.SubmittedApplicationsPageTest - User logged in with test credentials.
2025-02-06 13:30:32 [main] DEBUG l.i.u.t.SubmittedApplicationsPageTest - Opened 'Application Processing' menu.
2025-02-06 13:30:32 [main] DEBUG l.i.u.t.SubmittedApplicationsPageTest - Clicked on 'Application Forms' menu.
2025-02-06 13:30:33 [main] DEBUG l.i.u.t.SubmittedApplicationsPageTest - Retrieved last description code text: 'TST-DVP-73'.
2025-02-06 13:30:33 [main] DEBUG l.i.u.t.SubmittedApplicationsPageTest - Clicked on 'Invitation' menu.
2025-02-06 13:30:33 [main] DEBUG l.i.u.t.SubmittedApplicationsPageTest - Selected application section by code: 'TST-DVP-73'.
2025-02-06 13:30:34 [main] DEBUG l.i.u.t.SubmittedApplicationsPageTest - Clicked 'Search' button.
2025-02-06 13:30:34 [main] DEBUG l.i.u.t.SubmittedApplicationsPageTest - Retrieved invitation code: ''.
2025-02-06 13:30:34 [main] DEBUG l.i.u.t.SubmittedApplicationsPageTest - Clicked on 'Submitted Applications' menu.
2025-02-06 13:30:35 [main] DEBUG l.i.u.t.SubmittedApplicationsPageTest - Selected invitation by code: 'TST-DVP-73'.
2025-02-06 13:30:35 [main] DEBUG l.i.u.t.SubmittedApplicationsPageTest - Invitation code inserted.
2025-02-06 13:30:35 [main] DEBUG l.i.u.t.SubmittedApplicationsPageTest - Clicked on 'Action Application' button.
2025-02-06 13:30:35 [main] DEBUG l.i.u.t.SubmittedApplicationsPageTest - Clicked on 'New Application' button.
2025-02-06 13:30:36 [main] DEBUG l.i.u.t.SubmittedApplicationsPageTest - Selected the 'RadioButtonFA' option.
2025-02-06 13:30:36 [main] DEBUG l.i.u.t.SubmittedApplicationsPageTest - Entered phone number: '61298745'.
2025-02-06 13:30:36 [main] DEBUG l.i.u.t.SubmittedApplicationsPageTest - Entered email: 'test@autotest.com'.
2025-02-06 13:30:46 [main] DEBUG l.i.u.t.SubmittedApplicationsPageTest - Checked 'For workplace adaptation' checkbox 1.
2025-02-06 13:30:56 [main] DEBUG l.i.u.t.SubmittedApplicationsPageTest - Checked 'For environmental adaptation' checkbox 2.
2025-02-06 13:30:56 [main] INFO  l.i.u.p.SubmittedApplicationsPage - Located the dropdown button.
2025-02-06 13:31:11 [main] INFO  l.i.u.p.SubmittedApplicationsPage - Found 1741 options in the dropdown.
2025-02-06 13:31:11 [main] INFO  l.i.u.p.SubmittedApplicationsPage - Successfully selected the value: '01.11 - Grūdinių (išskyrus ryžius), ankštinių ir aliejingų sėklų augalų auginimas'
2025-02-06 13:31:21 [main] ERROR l.i.u.p.SubmittedApplicationsPage - Failed to close the dropdown with aria-expanded = 'false'. Attempting manual close.
2025-02-06 13:31:21 [main] INFO  l.i.u.p.SubmittedApplicationsPage - Manual close attempt for the dropdown using body click.
2025-02-06 13:31:21 [main] DEBUG l.i.u.t.SubmittedApplicationsPageTest - Selected EVRK value: '01.11 - Grūdinių (išskyrus ryžius), ankštinių ir aliejingų sėklų augalų auginimas'.
2025-02-06 13:31:22 [main] DEBUG l.i.u.t.SubmittedApplicationsPageTest - Entered address: 'Vilniaus m. sav., Vilnius, Testo g. 10T'.
2025-02-06 13:31:22 [main] DEBUG l.i.u.t.SubmittedApplicationsPageTest - Selected 'For already working' option.
2025-02-06 13:31:22 [main] DEBUG l.i.u.t.SubmittedApplicationsPageTest - Entered person count1: '1'.
2025-02-06 13:31:22 [main] DEBUG l.i.u.t.SubmittedApplicationsPageTest - Selected 'For new working' option.
2025-02-06 13:31:22 [main] DEBUG l.i.u.t.SubmittedApplicationsPageTest - Entered person count2: '1'.
2025-02-06 13:31:22 [main] DEBUG l.i.u.t.SubmittedApplicationsPageTest - Clicked 'Next' button after checkboxes.
2025-02-06 13:31:22 [main] INFO  l.i.u.p.SubmittedApplicationsPage - Located the dropdown button.
2025-02-06 13:31:24 [main] INFO  l.i.u.p.SubmittedApplicationsPage - Successfully selected the value: 'Administratoriai'
2025-02-06 13:31:54 [main] ERROR l.i.u.p.SubmittedApplicationsPage - Timeout while waiting for dropdown to close with aria-expanded = 'false'.
2025-02-06 13:31:54 [main] DEBUG l.i.u.t.SubmittedApplicationsPageTest - Selected adaptable job name: 'Administratoriai'.
2025-02-06 13:31:54 [main] DEBUG l.i.u.t.SubmittedApplicationsPageTest - Entered job date.
2025-02-06 13:31:54 [main] DEBUG l.i.u.t.SubmittedApplicationsPageTest - Entered job function: 'Funkcija 1'.
2025-02-06 13:31:54 [main] INFO  l.i.u.p.SubmittedApplicationsPage - Clicking on the dropdown button.
2025-02-06 13:32:15 [main] ERROR l.i.u.p.SubmittedApplicationsPage - Error occurred while selecting value: Expected condition failed: waiting for element to be clickable: Proxy element for: DefaultElementLocator 'By.xpath: //mat-label[contains(text(), 'Papildomai remiamo asmens tipas')]' (tried for 10 second(s) with 500 milliseconds interval)
2025-02-06 13:32:15 [main] ERROR l.i.u.t.SubmittedApplicationsPageTest - Test 'testFillNewDVPApplicationFA' failed with error: Failed to select value from dropdown.
java.lang.RuntimeException: Failed to select value from dropdown.
	at lt.insoft.uztis.pages.SubmittedApplicationsPage.selectValueByListDisabilitiesType(SubmittedApplicationsPage.java:710)
	at lt.insoft.uztis.tests.SubmittedApplicationsPageTest.testFillNewDVPApplicationFA(SubmittedApplicationsPageTest.java:520)
	at java.base/jdk.internal.reflect.DirectMethodHandleAccessor.invoke(DirectMethodHandleAccessor.java:103)
	at java.base/java.lang.reflect.Method.invoke(Method.java:580)
	at org.junit.platform.commons.util.ReflectionUtils.invokeMethod(ReflectionUtils.java:728)
	at org.junit.jupiter.engine.execution.MethodInvocation.proceed(MethodInvocation.java:60)
	at org.junit.jupiter.engine.execution.InvocationInterceptorChain$ValidatingInvocation.proceed(InvocationInterceptorChain.java:131)
	at org.junit.jupiter.engine.extension.TimeoutExtension.intercept(TimeoutExtension.java:156)
	at org.junit.jupiter.engine.extension.TimeoutExtension.interceptTestableMethod(TimeoutExtension.java:147)
	at org.junit.jupiter.engine.extension.TimeoutExtension.interceptTestMethod(TimeoutExtension.java:86)
	at org.junit.jupiter.engine.execution.InterceptingExecutableInvoker$ReflectiveInterceptorCall.lambda$ofVoidMethod$0(InterceptingExecutableInvoker.java:103)
	at org.junit.jupiter.engine.execution.InterceptingExecutableInvoker.lambda$invoke$0(InterceptingExecutableInvoker.java:93)
	at org.junit.jupiter.engine.execution.InvocationInterceptorChain$InterceptedInvocation.proceed(InvocationInterceptorChain.java:106)
	at org.junit.jupiter.engine.execution.InvocationInterceptorChain.proceed(InvocationInterceptorChain.java:64)
	at org.junit.jupiter.engine.execution.InvocationInterceptorChain.chainAndInvoke(InvocationInterceptorChain.java:45)
	at org.junit.jupiter.engine.execution.InvocationInterceptorChain.invoke(InvocationInterceptorChain.java:37)
	at org.junit.jupiter.engine.execution.InterceptingExecutableInvoker.invoke(InterceptingExecutableInvoker.java:92)
	at org.junit.jupiter.engine.execution.InterceptingExecutableInvoker.invoke(InterceptingExecutableInvoker.java:86)
	at org.junit.jupiter.engine.descriptor.TestMethodTestDescriptor.lambda$invokeTestMethod$7(TestMethodTestDescriptor.java:218)
	at org.junit.platform.engine.support.hierarchical.ThrowableCollector.execute(ThrowableCollector.java:73)
	at org.junit.jupiter.engine.descriptor.TestMethodTestDescriptor.invokeTestMethod(TestMethodTestDescriptor.java:214)
	at org.junit.jupiter.engine.descriptor.TestMethodTestDescriptor.execute(TestMethodTestDescriptor.java:139)
	at org.junit.jupiter.engine.descriptor.TestMethodTestDescriptor.execute(TestMethodTestDescriptor.java:69)
	at org.junit.platform.engine.support.hierarchical.NodeTestTask.lambda$executeRecursively$6(NodeTestTask.java:151)
	at org.junit.platform.engine.support.hierarchical.ThrowableCollector.execute(ThrowableCollector.java:73)
	at org.junit.platform.engine.support.hierarchical.NodeTestTask.lambda$executeRecursively$8(NodeTestTask.java:141)
	at org.junit.platform.engine.support.hierarchical.Node.around(Node.java:137)
	at org.junit.platform.engine.support.hierarchical.NodeTestTask.lambda$executeRecursively$9(NodeTestTask.java:139)
	at org.junit.platform.engine.support.hierarchical.ThrowableCollector.execute(ThrowableCollector.java:73)
	at org.junit.platform.engine.support.hierarchical.NodeTestTask.executeRecursively(NodeTestTask.java:138)
	at org.junit.platform.engine.support.hierarchical.NodeTestTask.execute(NodeTestTask.java:95)
	at java.base/java.util.ArrayList.forEach(ArrayList.java:1596)
	at org.junit.platform.engine.support.hierarchical.SameThreadHierarchicalTestExecutorService.invokeAll(SameThreadHierarchicalTestExecutorService.java:41)
	at org.junit.platform.engine.support.hierarchical.NodeTestTask.lambda$executeRecursively$6(NodeTestTask.java:155)
	at org.junit.platform.engine.support.hierarchical.ThrowableCollector.execute(ThrowableCollector.java:73)
	at org.junit.platform.engine.support.hierarchical.NodeTestTask.lambda$executeRecursively$8(NodeTestTask.java:141)
	at org.junit.platform.engine.support.hierarchical.Node.around(Node.java:137)
	at org.junit.platform.engine.support.hierarchical.NodeTestTask.lambda$executeRecursively$9(NodeTestTask.java:139)
	at org.junit.platform.engine.support.hierarchical.ThrowableCollector.execute(ThrowableCollector.java:73)
	at org.junit.platform.engine.support.hierarchical.NodeTestTask.executeRecursively(NodeTestTask.java:138)
	at org.junit.platform.engine.support.hierarchical.NodeTestTask.execute(NodeTestTask.java:95)
	at java.base/java.util.ArrayList.forEach(ArrayList.java:1596)
	at org.junit.platform.engine.support.hierarchical.SameThreadHierarchicalTestExecutorService.invokeAll(SameThreadHierarchicalTestExecutorService.java:41)
	at org.junit.platform.engine.support.hierarchical.NodeTestTask.lambda$executeRecursively$6(NodeTestTask.java:155)
	at org.junit.platform.engine.support.hierarchical.ThrowableCollector.execute(ThrowableCollector.java:73)
	at org.junit.platform.engine.support.hierarchical.NodeTestTask.lambda$executeRecursively$8(NodeTestTask.java:141)
	at org.junit.platform.engine.support.hierarchical.Node.around(Node.java:137)
	at org.junit.platform.engine.support.hierarchical.NodeTestTask.lambda$executeRecursively$9(NodeTestTask.java:139)
	at org.junit.platform.engine.support.hierarchical.ThrowableCollector.execute(ThrowableCollector.java:73)
	at org.junit.platform.engine.support.hierarchical.NodeTestTask.executeRecursively(NodeTestTask.java:138)
	at org.junit.platform.engine.support.hierarchical.NodeTestTask.execute(NodeTestTask.java:95)
	at org.junit.platform.engine.support.hierarchical.SameThreadHierarchicalTestExecutorService.submit(SameThreadHierarchicalTestExecutorService.java:35)
	at org.junit.platform.engine.support.hierarchical.HierarchicalTestExecutor.execute(HierarchicalTestExecutor.java:57)
	at org.junit.platform.engine.support.hierarchical.HierarchicalTestEngine.execute(HierarchicalTestEngine.java:54)
	at org.junit.platform.launcher.core.EngineExecutionOrchestrator.execute(EngineExecutionOrchestrator.java:198)
	at org.junit.platform.launcher.core.EngineExecutionOrchestrator.execute(EngineExecutionOrchestrator.java:169)
	at org.junit.platform.launcher.core.EngineExecutionOrchestrator.execute(EngineExecutionOrchestrator.java:93)
	at org.junit.platform.launcher.core.EngineExecutionOrchestrator.lambda$execute$0(EngineExecutionOrchestrator.java:58)
	at org.junit.platform.launcher.core.EngineExecutionOrchestrator.withInterceptedStreams(EngineExecutionOrchestrator.java:141)
	at org.junit.platform.launcher.core.EngineExecutionOrchestrator.execute(EngineExecutionOrchestrator.java:57)
	at org.junit.platform.launcher.core.DefaultLauncher.execute(DefaultLauncher.java:103)
	at org.junit.platform.launcher.core.DefaultLauncher.execute(DefaultLauncher.java:85)
	at org.junit.platform.launcher.core.DelegatingLauncher.execute(DelegatingLauncher.java:47)
	at org.junit.platform.launcher.core.SessionPerRequestLauncher.execute(SessionPerRequestLauncher.java:63)
	at com.intellij.junit5.JUnit5IdeaTestRunner.startRunnerWithArgs(JUnit5IdeaTestRunner.java:57)
	at com.intellij.rt.junit.IdeaTestRunner$Repeater$1.execute(IdeaTestRunner.java:38)
	at com.intellij.rt.execution.junit.TestsRepeater.repeat(TestsRepeater.java:11)
	at com.intellij.rt.junit.IdeaTestRunner$Repeater.startRunnerWithArgs(IdeaTestRunner.java:35)
	at com.intellij.rt.junit.JUnitStarter.prepareStreamsAndStart(JUnitStarter.java:232)
	at com.intellij.rt.junit.JUnitStarter.main(JUnitStarter.java:55)
Caused by: org.openqa.selenium.TimeoutException: Expected condition failed: waiting for element to be clickable: Proxy element for: DefaultElementLocator 'By.xpath: //mat-label[contains(text(), 'Papildomai remiamo asmens tipas')]' (tried for 10 second(s) with 500 milliseconds interval)
	at org.openqa.selenium.support.ui.WebDriverWait.timeoutException(WebDriverWait.java:84)
	at org.openqa.selenium.support.ui.FluentWait.until(FluentWait.java:228)
	at lt.insoft.uztis.pages.SubmittedApplicationsPage.selectValueByListDisabilitiesType(SubmittedApplicationsPage.java:664)
	... 69 common frames omitted
Caused by: org.openqa.selenium.NoSuchElementException: no such element: Unable to locate element: {"method":"xpath","selector":"//mat-label[contains(text(), 'Papildomai remiamo asmens tipas')]"}
  (Session info: chrome=132.0.6834.160)
For documentation on this error, please visit: https://www.selenium.dev/documentation/webdriver/troubleshooting/errors#no-such-element-exception
Build info: version: '4.27.0', revision: 'd6e718d134'
System info: os.name: 'Windows 11', os.arch: 'amd64', os.version: '10.0', java.version: '21.0.3'
Driver info: org.openqa.selenium.chrome.ChromeDriver
Command: [2841d40677f888457cdd7cc4ca2bf2fd, findElement {value=//mat-label[contains(text(), 'Papildomai remiamo asmens tipas')], using=xpath}]
Capabilities {acceptInsecureCerts: false, browserName: chrome, browserVersion: 132.0.6834.160, chrome: {chromedriverVersion: 132.0.6834.159 (2d77d3fc445..., userDataDir: C:\Users\INGRID~1.ZAD\AppDa...}, fedcm:accounts: true, goog:chromeOptions: {debuggerAddress: localhost:64501}, networkConnectionEnabled: false, pageLoadStrategy: normal, platformName: windows, proxy: Proxy(), se:cdp: ws://localhost:64501/devtoo..., se:cdpVersion: 132.0.6834.160, setWindowRect: true, strictFileInteractability: false, timeouts: {implicit: 0, pageLoad: 300000, script: 30000}, unhandledPromptBehavior: dismiss and notify, webauthn:extension:credBlob: true, webauthn:extension:largeBlob: true, webauthn:extension:minPinLength: true, webauthn:extension:prf: true, webauthn:virtualAuthenticators: true}
Session ID: 2841d40677f888457cdd7cc4ca2bf2fd
	at java.base/jdk.internal.reflect.DirectConstructorHandleAccessor.newInstance(DirectConstructorHandleAccessor.java:62)
	at java.base/java.lang.reflect.Constructor.newInstanceWithCaller(Constructor.java:502)
	at java.base/java.lang.reflect.Constructor.newInstance(Constructor.java:486)
	at org.openqa.selenium.remote.ErrorCodec.decode(ErrorCodec.java:167)
	at org.openqa.selenium.remote.codec.w3c.W3CHttpResponseCodec.decode(W3CHttpResponseCodec.java:138)
	at org.openqa.selenium.remote.codec.w3c.W3CHttpResponseCodec.decode(W3CHttpResponseCodec.java:50)
	at org.openqa.selenium.remote.HttpCommandExecutor.execute(HttpCommandExecutor.java:190)
	at org.openqa.selenium.remote.service.DriverCommandExecutor.invokeExecute(DriverCommandExecutor.java:216)
	at org.openqa.selenium.remote.service.DriverCommandExecutor.execute(DriverCommandExecutor.java:174)
	at org.openqa.selenium.remote.RemoteWebDriver.execute(RemoteWebDriver.java:545)
	at org.openqa.selenium.remote.ElementLocation$ElementFinder$2.findElement(ElementLocation.java:165)
	at org.openqa.selenium.remote.ElementLocation.findElement(ElementLocation.java:59)
	at org.openqa.selenium.remote.RemoteWebDriver.findElement(RemoteWebDriver.java:368)
	at org.openqa.selenium.remote.RemoteWebDriver.findElement(RemoteWebDriver.java:362)
	at org.openqa.selenium.support.pagefactory.DefaultElementLocator.findElement(DefaultElementLocator.java:68)
	at org.openqa.selenium.support.pagefactory.internal.LocatingElementHandler.invoke(LocatingElementHandler.java:38)
	at jdk.proxy2/jdk.proxy2.$Proxy14.isDisplayed(Unknown Source)
	at org.openqa.selenium.support.ui.ExpectedConditions.elementIfVisible(ExpectedConditions.java:304)
	at org.openqa.selenium.support.ui.ExpectedConditions$10.apply(ExpectedConditions.java:290)
	at org.openqa.selenium.support.ui.ExpectedConditions$10.apply(ExpectedConditions.java:287)
	at org.openqa.selenium.support.ui.ExpectedConditions$23.apply(ExpectedConditions.java:656)
	at org.openqa.selenium.support.ui.ExpectedConditions$23.apply(ExpectedConditions.java:652)
	at org.openqa.selenium.support.ui.FluentWait.until(FluentWait.java:203)
	... 70 common frames omitted
2025-02-06 13:32:15 [main] INFO  l.insoft.uztis.tests.utils.TestUtils - Screenshot moved to C:\Users\ingrida.zadorozniene\Desktop\Asm\UZTIS\UZTIS_tests\test-output\screenshots\20250206\133215168_testFillNewDVPApplicationFA().png
2025-02-06 13:36:31 [main] INFO  lt.insoft.uztis.tests.UztisPageTest - Navigated to https://uztisdev.asseco.lt/home
2025-02-06 13:36:32 [main] INFO  l.i.u.t.SubmittedApplicationsPageTest - Starting test:'testFillNewDVPApplicationFA'
2025-02-06 13:36:32 [main] DEBUG l.i.u.t.SubmittedApplicationsPageTest - User logged in with test credentials.
2025-02-06 13:36:33 [main] DEBUG l.i.u.t.SubmittedApplicationsPageTest - Opened 'Application Processing' menu.
2025-02-06 13:36:33 [main] DEBUG l.i.u.t.SubmittedApplicationsPageTest - Clicked on 'Application Forms' menu.
2025-02-06 13:36:33 [main] DEBUG l.i.u.t.SubmittedApplicationsPageTest - Retrieved last description code text: 'TST-DVP-73'.
2025-02-06 13:36:33 [main] DEBUG l.i.u.t.SubmittedApplicationsPageTest - Clicked on 'Invitation' menu.
2025-02-06 13:36:34 [main] DEBUG l.i.u.t.SubmittedApplicationsPageTest - Selected application section by code: 'TST-DVP-73'.
2025-02-06 13:36:34 [main] DEBUG l.i.u.t.SubmittedApplicationsPageTest - Clicked 'Search' button.
2025-02-06 13:36:34 [main] DEBUG l.i.u.t.SubmittedApplicationsPageTest - Retrieved invitation code: ''.
2025-02-06 13:36:34 [main] DEBUG l.i.u.t.SubmittedApplicationsPageTest - Clicked on 'Submitted Applications' menu.
2025-02-06 13:36:35 [main] DEBUG l.i.u.t.SubmittedApplicationsPageTest - Selected invitation by code: 'TST-DVP-73'.
2025-02-06 13:36:35 [main] DEBUG l.i.u.t.SubmittedApplicationsPageTest - Invitation code inserted.
2025-02-06 13:36:36 [main] DEBUG l.i.u.t.SubmittedApplicationsPageTest - Clicked on 'Action Application' button.
2025-02-06 13:36:36 [main] DEBUG l.i.u.t.SubmittedApplicationsPageTest - Clicked on 'New Application' button.
2025-02-06 13:36:36 [main] DEBUG l.i.u.t.SubmittedApplicationsPageTest - Selected the 'RadioButtonFA' option.
2025-02-06 13:36:37 [main] DEBUG l.i.u.t.SubmittedApplicationsPageTest - Entered phone number: '61298745'.
2025-02-06 13:36:37 [main] DEBUG l.i.u.t.SubmittedApplicationsPageTest - Entered email: 'test@autotest.com'.
2025-02-06 13:36:47 [main] DEBUG l.i.u.t.SubmittedApplicationsPageTest - Checked 'For workplace adaptation' checkbox 1.
2025-02-06 13:36:57 [main] DEBUG l.i.u.t.SubmittedApplicationsPageTest - Checked 'For environmental adaptation' checkbox 2.
2025-02-06 13:36:57 [main] INFO  l.i.u.p.SubmittedApplicationsPage - Located the dropdown button.
2025-02-06 13:37:12 [main] INFO  l.i.u.p.SubmittedApplicationsPage - Found 1741 options in the dropdown.
2025-02-06 13:37:12 [main] INFO  l.i.u.p.SubmittedApplicationsPage - Successfully selected the value: '01.11 - Grūdinių (išskyrus ryžius), ankštinių ir aliejingų sėklų augalų auginimas'
2025-02-06 13:37:22 [main] ERROR l.i.u.p.SubmittedApplicationsPage - Failed to close the dropdown with aria-expanded = 'false'. Attempting manual close.
2025-02-06 13:37:22 [main] INFO  l.i.u.p.SubmittedApplicationsPage - Manual close attempt for the dropdown using body click.
2025-02-06 13:37:22 [main] DEBUG l.i.u.t.SubmittedApplicationsPageTest - Selected EVRK value: '01.11 - Grūdinių (išskyrus ryžius), ankštinių ir aliejingų sėklų augalų auginimas'.
2025-02-06 13:37:23 [main] DEBUG l.i.u.t.SubmittedApplicationsPageTest - Entered address: 'Vilniaus m. sav., Vilnius, Testo g. 10T'.
2025-02-06 13:37:23 [main] DEBUG l.i.u.t.SubmittedApplicationsPageTest - Selected 'For already working' option.
2025-02-06 13:37:23 [main] DEBUG l.i.u.t.SubmittedApplicationsPageTest - Entered person count1: '1'.
2025-02-06 13:37:23 [main] DEBUG l.i.u.t.SubmittedApplicationsPageTest - Selected 'For new working' option.
2025-02-06 13:37:23 [main] DEBUG l.i.u.t.SubmittedApplicationsPageTest - Entered person count2: '1'.
2025-02-06 13:37:24 [main] DEBUG l.i.u.t.SubmittedApplicationsPageTest - Clicked 'Next' button after checkboxes.
2025-02-06 13:37:24 [main] INFO  l.i.u.p.SubmittedApplicationsPage - Located the dropdown button.
2025-02-06 13:37:25 [main] INFO  l.i.u.p.SubmittedApplicationsPage - Successfully selected the value: 'Administratoriai'
2025-02-06 13:37:55 [main] ERROR l.i.u.p.SubmittedApplicationsPage - Timeout while waiting for dropdown to close with aria-expanded = 'false'.
2025-02-06 13:37:55 [main] DEBUG l.i.u.t.SubmittedApplicationsPageTest - Selected adaptable job name: 'Administratoriai'.
2025-02-06 13:37:55 [main] DEBUG l.i.u.t.SubmittedApplicationsPageTest - Entered job date.
2025-02-06 13:37:55 [main] DEBUG l.i.u.t.SubmittedApplicationsPageTest - Entered job function: 'Funkcija 1'.
2025-02-06 13:37:55 [main] INFO  l.i.u.p.SubmittedApplicationsPage - Clicking on the dropdown button.
2025-02-06 13:37:56 [main] INFO  l.i.u.p.SubmittedApplicationsPage - Found 6 options in the dropdown.
2025-02-06 13:37:56 [main] DEBUG l.i.u.p.SubmittedApplicationsPage - Checking option: 'Lengvo neįgalumo lygis ar 45-55 procentų dalyvumo lygis (iki 2023 m. gruodžio 31 d. – 45-55 procentų darbingumo lygis)'
2025-02-06 13:37:56 [main] DEBUG l.i.u.p.SubmittedApplicationsPage - Checking option: 'Lengvo neįgalumo lygis ar 45-55 procentų dalyvumo lygis (iki 2023 m. gruodžio 31 d. – 45-55 procentų darbingumo lygis)'
2025-02-06 13:37:56 [main] DEBUG l.i.u.p.SubmittedApplicationsPage - Checking option: 'Sunkaus neįgalumo lygis ar neviršijantis 25 procentų dalyvumo lygis (iki 2023 metų gruodžio 31 dienos – iki 25 procentų darbingumo lygis)'
2025-02-06 13:37:56 [main] INFO  l.i.u.p.SubmittedApplicationsPage - Successfully selected the value: 'Sunkaus neįgalumo lygis ar neviršijantis 25 procentų dalyvumo lygis (iki 2023 metų gruodžio 31 dienos – iki 25 procentų darbingumo lygis)'
2025-02-06 13:37:56 [main] INFO  l.i.u.p.SubmittedApplicationsPage - Attempting to close the dropdown.
2025-02-06 13:38:07 [main] INFO  l.i.u.p.SubmittedApplicationsPage - Dropdown should be closed now.
2025-02-06 13:38:07 [main] DEBUG l.i.u.t.SubmittedApplicationsPageTest - Selected disabilities type: 'Sunkaus neįgalumo lygis ar neviršijantis 25 procentų dalyvumo lygis (iki 2023 metų gruodžio 31 dienos – iki 25 procentų darbingumo lygis)'.
2025-02-06 13:38:07 [main] DEBUG l.i.u.t.SubmittedApplicationsPageTest - Entered disability information: 'Negalia 1'.
2025-02-06 13:38:07 [main] DEBUG l.i.u.t.SubmittedApplicationsPageTest - Entered qualification: 'Kvalifikacija 1'.
2025-02-06 13:38:07 [main] DEBUG l.i.u.t.SubmittedApplicationsPageTest - Entered job description: 'Darbo vietos aprašymas 1'.
2025-02-06 13:38:07 [main] DEBUG l.i.u.t.SubmittedApplicationsPageTest - Entered equipment description: 'Priemonių įsigyjimas 1'.
2025-02-06 13:38:08 [main] DEBUG l.i.u.t.SubmittedApplicationsPageTest - Entered work information: 'Darbai 1'.
2025-02-06 13:38:08 [main] INFO  l.i.u.p.SubmittedApplicationsPage - Located the dropdown button.
2025-02-06 13:38:08 [main] INFO  l.i.u.p.SubmittedApplicationsPage - Successfully selected the value: 'Kita'
2025-02-06 13:38:18 [main] ERROR l.i.u.p.SubmittedApplicationsPage - Timeout while waiting for dropdown to close with aria-expanded = 'false'.
2025-02-06 13:38:18 [main] DEBUG l.i.u.t.SubmittedApplicationsPageTest - Selected time mode: 'Kita'.
2025-02-06 13:38:19 [main] DEBUG l.i.u.t.SubmittedApplicationsPageTest - Selected time mode other: '6 val. per dieną ir 4 d. per savaitę'.
2025-02-06 13:38:19 [main] DEBUG l.i.u.t.SubmittedApplicationsPageTest - Entered salary amount: '1200'.
2025-02-06 13:38:29 [main] ERROR l.i.u.t.SubmittedApplicationsPageTest - Test 'testFillNewDVPApplicationFA' failed with error: element not interactable
  (Session info: chrome=132.0.6834.160)
Build info: version: '4.27.0', revision: 'd6e718d134'
System info: os.name: 'Windows 11', os.arch: 'amd64', os.version: '10.0', java.version: '21.0.3'
Driver info: org.openqa.selenium.chrome.ChromeDriver
Command: [d92b017d9a6c9f90bf669e369cb528d5, clickElement {id=f.251DBCFC290E3DB002DBC2E1C40E0B9C.d.0941719C189402C020FA32B5531407A9.e.189}]
Capabilities {acceptInsecureCerts: false, browserName: chrome, browserVersion: 132.0.6834.160, chrome: {chromedriverVersion: 132.0.6834.159 (2d77d3fc445..., userDataDir: C:\Users\INGRID~1.ZAD\AppDa...}, fedcm:accounts: true, goog:chromeOptions: {debuggerAddress: localhost:64694}, networkConnectionEnabled: false, pageLoadStrategy: normal, platformName: windows, proxy: Proxy(), se:cdp: ws://localhost:64694/devtoo..., se:cdpVersion: 132.0.6834.160, setWindowRect: true, strictFileInteractability: false, timeouts: {implicit: 0, pageLoad: 300000, script: 30000}, unhandledPromptBehavior: dismiss and notify, webauthn:extension:credBlob: true, webauthn:extension:largeBlob: true, webauthn:extension:minPinLength: true, webauthn:extension:prf: true, webauthn:virtualAuthenticators: true}
Element: [[ChromeDriver: chrome on windows (d92b017d9a6c9f90bf669e369cb528d5)] -> xpath: (//input[@type='radio' and @value='false'])[2]]
Session ID: d92b017d9a6c9f90bf669e369cb528d5
org.openqa.selenium.ElementNotInteractableException: element not interactable
  (Session info: chrome=132.0.6834.160)
Build info: version: '4.27.0', revision: 'd6e718d134'
System info: os.name: 'Windows 11', os.arch: 'amd64', os.version: '10.0', java.version: '21.0.3'
Driver info: org.openqa.selenium.chrome.ChromeDriver
Command: [d92b017d9a6c9f90bf669e369cb528d5, clickElement {id=f.251DBCFC290E3DB002DBC2E1C40E0B9C.d.0941719C189402C020FA32B5531407A9.e.189}]
Capabilities {acceptInsecureCerts: false, browserName: chrome, browserVersion: 132.0.6834.160, chrome: {chromedriverVersion: 132.0.6834.159 (2d77d3fc445..., userDataDir: C:\Users\INGRID~1.ZAD\AppDa...}, fedcm:accounts: true, goog:chromeOptions: {debuggerAddress: localhost:64694}, networkConnectionEnabled: false, pageLoadStrategy: normal, platformName: windows, proxy: Proxy(), se:cdp: ws://localhost:64694/devtoo..., se:cdpVersion: 132.0.6834.160, setWindowRect: true, strictFileInteractability: false, timeouts: {implicit: 0, pageLoad: 300000, script: 30000}, unhandledPromptBehavior: dismiss and notify, webauthn:extension:credBlob: true, webauthn:extension:largeBlob: true, webauthn:extension:minPinLength: true, webauthn:extension:prf: true, webauthn:virtualAuthenticators: true}
Element: [[ChromeDriver: chrome on windows (d92b017d9a6c9f90bf669e369cb528d5)] -> xpath: (//input[@type='radio' and @value='false'])[2]]
Session ID: d92b017d9a6c9f90bf669e369cb528d5
	at java.base/jdk.internal.reflect.DirectConstructorHandleAccessor.newInstance(DirectConstructorHandleAccessor.java:62)
	at java.base/java.lang.reflect.Constructor.newInstanceWithCaller(Constructor.java:502)
	at java.base/java.lang.reflect.Constructor.newInstance(Constructor.java:486)
	at org.openqa.selenium.remote.ErrorCodec.decode(ErrorCodec.java:167)
	at org.openqa.selenium.remote.codec.w3c.W3CHttpResponseCodec.decode(W3CHttpResponseCodec.java:138)
	at org.openqa.selenium.remote.codec.w3c.W3CHttpResponseCodec.decode(W3CHttpResponseCodec.java:50)
	at org.openqa.selenium.remote.HttpCommandExecutor.execute(HttpCommandExecutor.java:190)
	at org.openqa.selenium.remote.service.DriverCommandExecutor.invokeExecute(DriverCommandExecutor.java:216)
	at org.openqa.selenium.remote.service.DriverCommandExecutor.execute(DriverCommandExecutor.java:174)
	at org.openqa.selenium.remote.RemoteWebDriver.execute(RemoteWebDriver.java:545)
	at org.openqa.selenium.remote.RemoteWebElement.execute(RemoteWebElement.java:223)
	at org.openqa.selenium.remote.RemoteWebElement.click(RemoteWebElement.java:76)
	at java.base/jdk.internal.reflect.DirectMethodHandleAccessor.invoke(DirectMethodHandleAccessor.java:103)
	at java.base/java.lang.reflect.Method.invoke(Method.java:580)
	at org.openqa.selenium.support.pagefactory.internal.LocatingElementHandler.invoke(LocatingElementHandler.java:51)
	at jdk.proxy2/jdk.proxy2.$Proxy14.click(Unknown Source)
	at lt.insoft.uztis.pages.SubmittedApplicationsPage.clickRadioButtonTemporaryJob(SubmittedApplicationsPage.java:855)
	at lt.insoft.uztis.tests.SubmittedApplicationsPageTest.testFillNewDVPApplicationFA(SubmittedApplicationsPageTest.java:555)
	at java.base/jdk.internal.reflect.DirectMethodHandleAccessor.invoke(DirectMethodHandleAccessor.java:103)
	at java.base/java.lang.reflect.Method.invoke(Method.java:580)
	at org.junit.platform.commons.util.ReflectionUtils.invokeMethod(ReflectionUtils.java:728)
	at org.junit.jupiter.engine.execution.MethodInvocation.proceed(MethodInvocation.java:60)
	at org.junit.jupiter.engine.execution.InvocationInterceptorChain$ValidatingInvocation.proceed(InvocationInterceptorChain.java:131)
	at org.junit.jupiter.engine.extension.TimeoutExtension.intercept(TimeoutExtension.java:156)
	at org.junit.jupiter.engine.extension.TimeoutExtension.interceptTestableMethod(TimeoutExtension.java:147)
	at org.junit.jupiter.engine.extension.TimeoutExtension.interceptTestMethod(TimeoutExtension.java:86)
	at org.junit.jupiter.engine.execution.InterceptingExecutableInvoker$ReflectiveInterceptorCall.lambda$ofVoidMethod$0(InterceptingExecutableInvoker.java:103)
	at org.junit.jupiter.engine.execution.InterceptingExecutableInvoker.lambda$invoke$0(InterceptingExecutableInvoker.java:93)
	at org.junit.jupiter.engine.execution.InvocationInterceptorChain$InterceptedInvocation.proceed(InvocationInterceptorChain.java:106)
	at org.junit.jupiter.engine.execution.InvocationInterceptorChain.proceed(InvocationInterceptorChain.java:64)
	at org.junit.jupiter.engine.execution.InvocationInterceptorChain.chainAndInvoke(InvocationInterceptorChain.java:45)
	at org.junit.jupiter.engine.execution.InvocationInterceptorChain.invoke(InvocationInterceptorChain.java:37)
	at org.junit.jupiter.engine.execution.InterceptingExecutableInvoker.invoke(InterceptingExecutableInvoker.java:92)
	at org.junit.jupiter.engine.execution.InterceptingExecutableInvoker.invoke(InterceptingExecutableInvoker.java:86)
	at org.junit.jupiter.engine.descriptor.TestMethodTestDescriptor.lambda$invokeTestMethod$7(TestMethodTestDescriptor.java:218)
	at org.junit.platform.engine.support.hierarchical.ThrowableCollector.execute(ThrowableCollector.java:73)
	at org.junit.jupiter.engine.descriptor.TestMethodTestDescriptor.invokeTestMethod(TestMethodTestDescriptor.java:214)
	at org.junit.jupiter.engine.descriptor.TestMethodTestDescriptor.execute(TestMethodTestDescriptor.java:139)
	at org.junit.jupiter.engine.descriptor.TestMethodTestDescriptor.execute(TestMethodTestDescriptor.java:69)
	at org.junit.platform.engine.support.hierarchical.NodeTestTask.lambda$executeRecursively$6(NodeTestTask.java:151)
	at org.junit.platform.engine.support.hierarchical.ThrowableCollector.execute(ThrowableCollector.java:73)
	at org.junit.platform.engine.support.hierarchical.NodeTestTask.lambda$executeRecursively$8(NodeTestTask.java:141)
	at org.junit.platform.engine.support.hierarchical.Node.around(Node.java:137)
	at org.junit.platform.engine.support.hierarchical.NodeTestTask.lambda$executeRecursively$9(NodeTestTask.java:139)
	at org.junit.platform.engine.support.hierarchical.ThrowableCollector.execute(ThrowableCollector.java:73)
	at org.junit.platform.engine.support.hierarchical.NodeTestTask.executeRecursively(NodeTestTask.java:138)
	at org.junit.platform.engine.support.hierarchical.NodeTestTask.execute(NodeTestTask.java:95)
	at java.base/java.util.ArrayList.forEach(ArrayList.java:1596)
	at org.junit.platform.engine.support.hierarchical.SameThreadHierarchicalTestExecutorService.invokeAll(SameThreadHierarchicalTestExecutorService.java:41)
	at org.junit.platform.engine.support.hierarchical.NodeTestTask.lambda$executeRecursively$6(NodeTestTask.java:155)
	at org.junit.platform.engine.support.hierarchical.ThrowableCollector.execute(ThrowableCollector.java:73)
	at org.junit.platform.engine.support.hierarchical.NodeTestTask.lambda$executeRecursively$8(NodeTestTask.java:141)
	at org.junit.platform.engine.support.hierarchical.Node.around(Node.java:137)
	at org.junit.platform.engine.support.hierarchical.NodeTestTask.lambda$executeRecursively$9(NodeTestTask.java:139)
	at org.junit.platform.engine.support.hierarchical.ThrowableCollector.execute(ThrowableCollector.java:73)
	at org.junit.platform.engine.support.hierarchical.NodeTestTask.executeRecursively(NodeTestTask.java:138)
	at org.junit.platform.engine.support.hierarchical.NodeTestTask.execute(NodeTestTask.java:95)
	at java.base/java.util.ArrayList.forEach(ArrayList.java:1596)
	at org.junit.platform.engine.support.hierarchical.SameThreadHierarchicalTestExecutorService.invokeAll(SameThreadHierarchicalTestExecutorService.java:41)
	at org.junit.platform.engine.support.hierarchical.NodeTestTask.lambda$executeRecursively$6(NodeTestTask.java:155)
	at org.junit.platform.engine.support.hierarchical.ThrowableCollector.execute(ThrowableCollector.java:73)
	at org.junit.platform.engine.support.hierarchical.NodeTestTask.lambda$executeRecursively$8(NodeTestTask.java:141)
	at org.junit.platform.engine.support.hierarchical.Node.around(Node.java:137)
	at org.junit.platform.engine.support.hierarchical.NodeTestTask.lambda$executeRecursively$9(NodeTestTask.java:139)
	at org.junit.platform.engine.support.hierarchical.ThrowableCollector.execute(ThrowableCollector.java:73)
	at org.junit.platform.engine.support.hierarchical.NodeTestTask.executeRecursively(NodeTestTask.java:138)
	at org.junit.platform.engine.support.hierarchical.NodeTestTask.execute(NodeTestTask.java:95)
	at org.junit.platform.engine.support.hierarchical.SameThreadHierarchicalTestExecutorService.submit(SameThreadHierarchicalTestExecutorService.java:35)
	at org.junit.platform.engine.support.hierarchical.HierarchicalTestExecutor.execute(HierarchicalTestExecutor.java:57)
	at org.junit.platform.engine.support.hierarchical.HierarchicalTestEngine.execute(HierarchicalTestEngine.java:54)
	at org.junit.platform.launcher.core.EngineExecutionOrchestrator.execute(EngineExecutionOrchestrator.java:198)
	at org.junit.platform.launcher.core.EngineExecutionOrchestrator.execute(EngineExecutionOrchestrator.java:169)
	at org.junit.platform.launcher.core.EngineExecutionOrchestrator.execute(EngineExecutionOrchestrator.java:93)
	at org.junit.platform.launcher.core.EngineExecutionOrchestrator.lambda$execute$0(EngineExecutionOrchestrator.java:58)
	at org.junit.platform.launcher.core.EngineExecutionOrchestrator.withInterceptedStreams(EngineExecutionOrchestrator.java:141)
	at org.junit.platform.launcher.core.EngineExecutionOrchestrator.execute(EngineExecutionOrchestrator.java:57)
	at org.junit.platform.launcher.core.DefaultLauncher.execute(DefaultLauncher.java:103)
	at org.junit.platform.launcher.core.DefaultLauncher.execute(DefaultLauncher.java:85)
	at org.junit.platform.launcher.core.DelegatingLauncher.execute(DelegatingLauncher.java:47)
	at org.junit.platform.launcher.core.SessionPerRequestLauncher.execute(SessionPerRequestLauncher.java:63)
	at com.intellij.junit5.JUnit5IdeaTestRunner.startRunnerWithArgs(JUnit5IdeaTestRunner.java:57)
	at com.intellij.rt.junit.IdeaTestRunner$Repeater$1.execute(IdeaTestRunner.java:38)
	at com.intellij.rt.execution.junit.TestsRepeater.repeat(TestsRepeater.java:11)
	at com.intellij.rt.junit.IdeaTestRunner$Repeater.startRunnerWithArgs(IdeaTestRunner.java:35)
	at com.intellij.rt.junit.JUnitStarter.prepareStreamsAndStart(JUnitStarter.java:232)
	at com.intellij.rt.junit.JUnitStarter.main(JUnitStarter.java:55)
2025-02-06 13:38:29 [main] INFO  l.insoft.uztis.tests.utils.TestUtils - Screenshot moved to C:\Users\ingrida.zadorozniene\Desktop\Asm\UZTIS\UZTIS_tests\test-output\screenshots\20250206\133829558_testFillNewDVPApplicationFA().png
2025-02-06 13:40:07 [main] INFO  lt.insoft.uztis.tests.UztisPageTest - Navigated to https://uztisdev.asseco.lt/home
2025-02-06 13:40:07 [main] INFO  l.i.u.t.SubmittedApplicationsPageTest - Starting test:'testFillNewDVPApplicationFA'
2025-02-06 13:40:08 [main] DEBUG l.i.u.t.SubmittedApplicationsPageTest - User logged in with test credentials.
2025-02-06 13:40:08 [main] DEBUG l.i.u.t.SubmittedApplicationsPageTest - Opened 'Application Processing' menu.
2025-02-06 13:40:09 [main] DEBUG l.i.u.t.SubmittedApplicationsPageTest - Clicked on 'Application Forms' menu.
2025-02-06 13:40:09 [main] DEBUG l.i.u.t.SubmittedApplicationsPageTest - Retrieved last description code text: 'TST-DVP-73'.
2025-02-06 13:40:09 [main] DEBUG l.i.u.t.SubmittedApplicationsPageTest - Clicked on 'Invitation' menu.
2025-02-06 13:40:10 [main] DEBUG l.i.u.t.SubmittedApplicationsPageTest - Selected application section by code: 'TST-DVP-73'.
2025-02-06 13:40:10 [main] DEBUG l.i.u.t.SubmittedApplicationsPageTest - Clicked 'Search' button.
2025-02-06 13:40:10 [main] DEBUG l.i.u.t.SubmittedApplicationsPageTest - Retrieved invitation code: ''.
2025-02-06 13:40:10 [main] DEBUG l.i.u.t.SubmittedApplicationsPageTest - Clicked on 'Submitted Applications' menu.
2025-02-06 13:40:11 [main] DEBUG l.i.u.t.SubmittedApplicationsPageTest - Selected invitation by code: 'TST-DVP-73'.
2025-02-06 13:40:11 [main] DEBUG l.i.u.t.SubmittedApplicationsPageTest - Invitation code inserted.
2025-02-06 13:40:11 [main] DEBUG l.i.u.t.SubmittedApplicationsPageTest - Clicked on 'Action Application' button.
2025-02-06 13:40:12 [main] DEBUG l.i.u.t.SubmittedApplicationsPageTest - Clicked on 'New Application' button.
2025-02-06 13:40:12 [main] DEBUG l.i.u.t.SubmittedApplicationsPageTest - Selected the 'RadioButtonFA' option.
2025-02-06 13:40:12 [main] DEBUG l.i.u.t.SubmittedApplicationsPageTest - Entered phone number: '61298745'.
2025-02-06 13:40:13 [main] DEBUG l.i.u.t.SubmittedApplicationsPageTest - Entered email: 'test@autotest.com'.
2025-02-06 13:40:23 [main] DEBUG l.i.u.t.SubmittedApplicationsPageTest - Checked 'For workplace adaptation' checkbox 1.
2025-02-06 13:40:33 [main] DEBUG l.i.u.t.SubmittedApplicationsPageTest - Checked 'For environmental adaptation' checkbox 2.
2025-02-06 13:40:33 [main] INFO  l.i.u.p.SubmittedApplicationsPage - Located the dropdown button.
2025-02-06 13:40:48 [main] INFO  l.i.u.p.SubmittedApplicationsPage - Found 1741 options in the dropdown.
2025-02-06 13:40:48 [main] INFO  l.i.u.p.SubmittedApplicationsPage - Successfully selected the value: '01.11 - Grūdinių (išskyrus ryžius), ankštinių ir aliejingų sėklų augalų auginimas'
2025-02-06 13:40:59 [main] ERROR l.i.u.p.SubmittedApplicationsPage - Failed to close the dropdown with aria-expanded = 'false'. Attempting manual close.
2025-02-06 13:40:59 [main] INFO  l.i.u.p.SubmittedApplicationsPage - Manual close attempt for the dropdown using body click.
2025-02-06 13:40:59 [main] DEBUG l.i.u.t.SubmittedApplicationsPageTest - Selected EVRK value: '01.11 - Grūdinių (išskyrus ryžius), ankštinių ir aliejingų sėklų augalų auginimas'.
2025-02-06 13:40:59 [main] DEBUG l.i.u.t.SubmittedApplicationsPageTest - Entered address: 'Vilniaus m. sav., Vilnius, Testo g. 10T'.
2025-02-06 13:40:59 [main] DEBUG l.i.u.t.SubmittedApplicationsPageTest - Selected 'For already working' option.
2025-02-06 13:41:00 [main] DEBUG l.i.u.t.SubmittedApplicationsPageTest - Entered person count1: '1'.
2025-02-06 13:41:00 [main] DEBUG l.i.u.t.SubmittedApplicationsPageTest - Selected 'For new working' option.
2025-02-06 13:41:00 [main] DEBUG l.i.u.t.SubmittedApplicationsPageTest - Entered person count2: '1'.
2025-02-06 13:41:00 [main] DEBUG l.i.u.t.SubmittedApplicationsPageTest - Clicked 'Next' button after checkboxes.
2025-02-06 13:41:00 [main] INFO  l.i.u.p.SubmittedApplicationsPage - Located the dropdown button.
2025-02-06 13:41:01 [main] INFO  l.i.u.p.SubmittedApplicationsPage - Successfully selected the value: 'Administratoriai'
2025-02-06 13:41:31 [main] ERROR l.i.u.p.SubmittedApplicationsPage - Timeout while waiting for dropdown to close with aria-expanded = 'false'.
2025-02-06 13:41:31 [main] DEBUG l.i.u.t.SubmittedApplicationsPageTest - Selected adaptable job name: 'Administratoriai'.
2025-02-06 13:41:32 [main] DEBUG l.i.u.t.SubmittedApplicationsPageTest - Entered job date.
2025-02-06 13:41:32 [main] DEBUG l.i.u.t.SubmittedApplicationsPageTest - Entered job function: 'Funkcija 1'.
2025-02-06 13:41:32 [main] INFO  l.i.u.p.SubmittedApplicationsPage - Clicking on the dropdown button.
2025-02-06 13:41:32 [main] INFO  l.i.u.p.SubmittedApplicationsPage - Found 6 options in the dropdown.
2025-02-06 13:41:32 [main] DEBUG l.i.u.p.SubmittedApplicationsPage - Checking option: 'Lengvo neįgalumo lygis ar 45-55 procentų dalyvumo lygis (iki 2023 m. gruodžio 31 d. – 45-55 procentų darbingumo lygis)'
2025-02-06 13:41:32 [main] DEBUG l.i.u.p.SubmittedApplicationsPage - Checking option: 'Lengvo neįgalumo lygis ar 45-55 procentų dalyvumo lygis (iki 2023 m. gruodžio 31 d. – 45-55 procentų darbingumo lygis)'
2025-02-06 13:41:32 [main] DEBUG l.i.u.p.SubmittedApplicationsPage - Checking option: 'Sunkaus neįgalumo lygis ar neviršijantis 25 procentų dalyvumo lygis (iki 2023 metų gruodžio 31 dienos – iki 25 procentų darbingumo lygis)'
2025-02-06 13:41:32 [main] INFO  l.i.u.p.SubmittedApplicationsPage - Successfully selected the value: 'Sunkaus neįgalumo lygis ar neviršijantis 25 procentų dalyvumo lygis (iki 2023 metų gruodžio 31 dienos – iki 25 procentų darbingumo lygis)'
2025-02-06 13:41:32 [main] INFO  l.i.u.p.SubmittedApplicationsPage - Attempting to close the dropdown.
2025-02-06 13:41:43 [main] INFO  l.i.u.p.SubmittedApplicationsPage - Dropdown should be closed now.
2025-02-06 13:41:43 [main] DEBUG l.i.u.t.SubmittedApplicationsPageTest - Selected disabilities type: 'Sunkaus neįgalumo lygis ar neviršijantis 25 procentų dalyvumo lygis (iki 2023 metų gruodžio 31 dienos – iki 25 procentų darbingumo lygis)'.
2025-02-06 13:41:43 [main] DEBUG l.i.u.t.SubmittedApplicationsPageTest - Entered disability information: 'Negalia 1'.
2025-02-06 13:41:43 [main] DEBUG l.i.u.t.SubmittedApplicationsPageTest - Entered qualification: 'Kvalifikacija 1'.
2025-02-06 13:41:44 [main] DEBUG l.i.u.t.SubmittedApplicationsPageTest - Entered job description: 'Darbo vietos aprašymas 1'.
2025-02-06 13:41:44 [main] DEBUG l.i.u.t.SubmittedApplicationsPageTest - Entered equipment description: 'Priemonių įsigyjimas 1'.
2025-02-06 13:41:44 [main] DEBUG l.i.u.t.SubmittedApplicationsPageTest - Entered work information: 'Darbai 1'.
2025-02-06 13:41:44 [main] INFO  l.i.u.p.SubmittedApplicationsPage - Located the dropdown button.
2025-02-06 13:41:45 [main] INFO  l.i.u.p.SubmittedApplicationsPage - Successfully selected the value: 'Kita'
2025-02-06 13:41:55 [main] ERROR l.i.u.p.SubmittedApplicationsPage - Timeout while waiting for dropdown to close with aria-expanded = 'false'.
2025-02-06 13:41:55 [main] DEBUG l.i.u.t.SubmittedApplicationsPageTest - Selected time mode: 'Kita'.
2025-02-06 13:41:55 [main] DEBUG l.i.u.t.SubmittedApplicationsPageTest - Selected time mode other: '6 val. per dieną ir 4 d. per savaitę'.
2025-02-06 13:41:55 [main] DEBUG l.i.u.t.SubmittedApplicationsPageTest - Entered salary amount: '1200'.
2025-02-06 13:41:55 [main] INFO  l.i.u.p.SubmittedApplicationsPage - Located the dropdown button.
2025-02-06 13:42:37 [main] ERROR l.i.u.p.SubmittedApplicationsPage - Dropdown button click failed: Expected condition failed: waiting for element to be clickable: Proxy element for: DefaultElementLocator 'By.xpath: //mat-label[contains(text(), 'Išlaudų tipas')]' (tried for 30 second(s) with 500 milliseconds interval)
2025-02-06 13:43:08 [main] ERROR l.i.u.p.SubmittedApplicationsPage - Failed to select dropdown option: Expected condition failed: waiting for visibility of all elements located by By.xpath: //mat-option/span (tried for 30 second(s) with 500 milliseconds interval)
Build info: version: '4.27.0', revision: 'd6e718d134'
System info: os.name: 'Windows 11', os.arch: 'amd64', os.version: '10.0', java.version: '21.0.3'
Driver info: org.openqa.selenium.chrome.ChromeDriver
Capabilities {acceptInsecureCerts: false, browserName: chrome, browserVersion: 132.0.6834.160, chrome: {chromedriverVersion: 132.0.6834.159 (2d77d3fc445..., userDataDir: C:\Users\INGRID~1.ZAD\AppDa...}, fedcm:accounts: true, goog:chromeOptions: {debuggerAddress: localhost:64822}, networkConnectionEnabled: false, pageLoadStrategy: normal, platformName: windows, proxy: Proxy(), se:cdp: ws://localhost:64822/devtoo..., se:cdpVersion: 132.0.6834.160, setWindowRect: true, strictFileInteractability: false, timeouts: {implicit: 0, pageLoad: 300000, script: 30000}, unhandledPromptBehavior: dismiss and notify, webauthn:extension:credBlob: true, webauthn:extension:largeBlob: true, webauthn:extension:minPinLength: true, webauthn:extension:prf: true, webauthn:virtualAuthenticators: true}
Session ID: 00925b3cb79267611a3a3d3932495050
2025-02-06 13:43:39 [main] ERROR l.i.u.p.SubmittedApplicationsPage - Timeout while waiting for dropdown to close with aria-expanded = 'false'.
2025-02-06 13:43:39 [main] DEBUG l.i.u.t.SubmittedApplicationsPageTest - Selected adaptable job name: 'Darbo vietos pritaikymui'.
2025-02-06 13:43:39 [main] INFO  l.i.u.p.SubmittedApplicationsPage - Located the dropdown button.
2025-02-06 13:44:09 [main] ERROR l.i.u.t.SubmittedApplicationsPageTest - Test 'testFillNewDVPApplicationFA' failed with error: Expected condition failed: waiting for element to be clickable: Proxy element for: DefaultElementLocator 'By.xpath: //mat-label[contains(text(), 'Darbo vietai įsteigti reikalinga')]' (tried for 20 second(s) with 500 milliseconds interval)
org.openqa.selenium.TimeoutException: Expected condition failed: waiting for element to be clickable: Proxy element for: DefaultElementLocator 'By.xpath: //mat-label[contains(text(), 'Darbo vietai įsteigti reikalinga')]' (tried for 20 second(s) with 500 milliseconds interval)
	at org.openqa.selenium.support.ui.WebDriverWait.timeoutException(WebDriverWait.java:84)
	at org.openqa.selenium.support.ui.FluentWait.until(FluentWait.java:228)
	at lt.insoft.uztis.pages.SubmittedApplicationsPage.selectDropdownNecessaryForJob(SubmittedApplicationsPage.java:915)
	at lt.insoft.uztis.tests.SubmittedApplicationsPageTest.testFillNewDVPApplicationFA(SubmittedApplicationsPageTest.java:569)
	at java.base/jdk.internal.reflect.DirectMethodHandleAccessor.invoke(DirectMethodHandleAccessor.java:103)
	at java.base/java.lang.reflect.Method.invoke(Method.java:580)
	at org.junit.platform.commons.util.ReflectionUtils.invokeMethod(ReflectionUtils.java:728)
	at org.junit.jupiter.engine.execution.MethodInvocation.proceed(MethodInvocation.java:60)
	at org.junit.jupiter.engine.execution.InvocationInterceptorChain$ValidatingInvocation.proceed(InvocationInterceptorChain.java:131)
	at org.junit.jupiter.engine.extension.TimeoutExtension.intercept(TimeoutExtension.java:156)
	at org.junit.jupiter.engine.extension.TimeoutExtension.interceptTestableMethod(TimeoutExtension.java:147)
	at org.junit.jupiter.engine.extension.TimeoutExtension.interceptTestMethod(TimeoutExtension.java:86)
	at org.junit.jupiter.engine.execution.InterceptingExecutableInvoker$ReflectiveInterceptorCall.lambda$ofVoidMethod$0(InterceptingExecutableInvoker.java:103)
	at org.junit.jupiter.engine.execution.InterceptingExecutableInvoker.lambda$invoke$0(InterceptingExecutableInvoker.java:93)
	at org.junit.jupiter.engine.execution.InvocationInterceptorChain$InterceptedInvocation.proceed(InvocationInterceptorChain.java:106)
	at org.junit.jupiter.engine.execution.InvocationInterceptorChain.proceed(InvocationInterceptorChain.java:64)
	at org.junit.jupiter.engine.execution.InvocationInterceptorChain.chainAndInvoke(InvocationInterceptorChain.java:45)
	at org.junit.jupiter.engine.execution.InvocationInterceptorChain.invoke(InvocationInterceptorChain.java:37)
	at org.junit.jupiter.engine.execution.InterceptingExecutableInvoker.invoke(InterceptingExecutableInvoker.java:92)
	at org.junit.jupiter.engine.execution.InterceptingExecutableInvoker.invoke(InterceptingExecutableInvoker.java:86)
	at org.junit.jupiter.engine.descriptor.TestMethodTestDescriptor.lambda$invokeTestMethod$7(TestMethodTestDescriptor.java:218)
	at org.junit.platform.engine.support.hierarchical.ThrowableCollector.execute(ThrowableCollector.java:73)
	at org.junit.jupiter.engine.descriptor.TestMethodTestDescriptor.invokeTestMethod(TestMethodTestDescriptor.java:214)
	at org.junit.jupiter.engine.descriptor.TestMethodTestDescriptor.execute(TestMethodTestDescriptor.java:139)
	at org.junit.jupiter.engine.descriptor.TestMethodTestDescriptor.execute(TestMethodTestDescriptor.java:69)
	at org.junit.platform.engine.support.hierarchical.NodeTestTask.lambda$executeRecursively$6(NodeTestTask.java:151)
	at org.junit.platform.engine.support.hierarchical.ThrowableCollector.execute(ThrowableCollector.java:73)
	at org.junit.platform.engine.support.hierarchical.NodeTestTask.lambda$executeRecursively$8(NodeTestTask.java:141)
	at org.junit.platform.engine.support.hierarchical.Node.around(Node.java:137)
	at org.junit.platform.engine.support.hierarchical.NodeTestTask.lambda$executeRecursively$9(NodeTestTask.java:139)
	at org.junit.platform.engine.support.hierarchical.ThrowableCollector.execute(ThrowableCollector.java:73)
	at org.junit.platform.engine.support.hierarchical.NodeTestTask.executeRecursively(NodeTestTask.java:138)
	at org.junit.platform.engine.support.hierarchical.NodeTestTask.execute(NodeTestTask.java:95)
	at java.base/java.util.ArrayList.forEach(ArrayList.java:1596)
	at org.junit.platform.engine.support.hierarchical.SameThreadHierarchicalTestExecutorService.invokeAll(SameThreadHierarchicalTestExecutorService.java:41)
	at org.junit.platform.engine.support.hierarchical.NodeTestTask.lambda$executeRecursively$6(NodeTestTask.java:155)
	at org.junit.platform.engine.support.hierarchical.ThrowableCollector.execute(ThrowableCollector.java:73)
	at org.junit.platform.engine.support.hierarchical.NodeTestTask.lambda$executeRecursively$8(NodeTestTask.java:141)
	at org.junit.platform.engine.support.hierarchical.Node.around(Node.java:137)
	at org.junit.platform.engine.support.hierarchical.NodeTestTask.lambda$executeRecursively$9(NodeTestTask.java:139)
	at org.junit.platform.engine.support.hierarchical.ThrowableCollector.execute(ThrowableCollector.java:73)
	at org.junit.platform.engine.support.hierarchical.NodeTestTask.executeRecursively(NodeTestTask.java:138)
	at org.junit.platform.engine.support.hierarchical.NodeTestTask.execute(NodeTestTask.java:95)
	at java.base/java.util.ArrayList.forEach(ArrayList.java:1596)
	at org.junit.platform.engine.support.hierarchical.SameThreadHierarchicalTestExecutorService.invokeAll(SameThreadHierarchicalTestExecutorService.java:41)
	at org.junit.platform.engine.support.hierarchical.NodeTestTask.lambda$executeRecursively$6(NodeTestTask.java:155)
	at org.junit.platform.engine.support.hierarchical.ThrowableCollector.execute(ThrowableCollector.java:73)
	at org.junit.platform.engine.support.hierarchical.NodeTestTask.lambda$executeRecursively$8(NodeTestTask.java:141)
	at org.junit.platform.engine.support.hierarchical.Node.around(Node.java:137)
	at org.junit.platform.engine.support.hierarchical.NodeTestTask.lambda$executeRecursively$9(NodeTestTask.java:139)
	at org.junit.platform.engine.support.hierarchical.ThrowableCollector.execute(ThrowableCollector.java:73)
	at org.junit.platform.engine.support.hierarchical.NodeTestTask.executeRecursively(NodeTestTask.java:138)
	at org.junit.platform.engine.support.hierarchical.NodeTestTask.execute(NodeTestTask.java:95)
	at org.junit.platform.engine.support.hierarchical.SameThreadHierarchicalTestExecutorService.submit(SameThreadHierarchicalTestExecutorService.java:35)
	at org.junit.platform.engine.support.hierarchical.HierarchicalTestExecutor.execute(HierarchicalTestExecutor.java:57)
	at org.junit.platform.engine.support.hierarchical.HierarchicalTestEngine.execute(HierarchicalTestEngine.java:54)
	at org.junit.platform.launcher.core.EngineExecutionOrchestrator.execute(EngineExecutionOrchestrator.java:198)
	at org.junit.platform.launcher.core.EngineExecutionOrchestrator.execute(EngineExecutionOrchestrator.java:169)
	at org.junit.platform.launcher.core.EngineExecutionOrchestrator.execute(EngineExecutionOrchestrator.java:93)
	at org.junit.platform.launcher.core.EngineExecutionOrchestrator.lambda$execute$0(EngineExecutionOrchestrator.java:58)
	at org.junit.platform.launcher.core.EngineExecutionOrchestrator.withInterceptedStreams(EngineExecutionOrchestrator.java:141)
	at org.junit.platform.launcher.core.EngineExecutionOrchestrator.execute(EngineExecutionOrchestrator.java:57)
	at org.junit.platform.launcher.core.DefaultLauncher.execute(DefaultLauncher.java:103)
	at org.junit.platform.launcher.core.DefaultLauncher.execute(DefaultLauncher.java:85)
	at org.junit.platform.launcher.core.DelegatingLauncher.execute(DelegatingLauncher.java:47)
	at org.junit.platform.launcher.core.SessionPerRequestLauncher.execute(SessionPerRequestLauncher.java:63)
	at com.intellij.junit5.JUnit5IdeaTestRunner.startRunnerWithArgs(JUnit5IdeaTestRunner.java:57)
	at com.intellij.rt.junit.IdeaTestRunner$Repeater$1.execute(IdeaTestRunner.java:38)
	at com.intellij.rt.execution.junit.TestsRepeater.repeat(TestsRepeater.java:11)
	at com.intellij.rt.junit.IdeaTestRunner$Repeater.startRunnerWithArgs(IdeaTestRunner.java:35)
	at com.intellij.rt.junit.JUnitStarter.prepareStreamsAndStart(JUnitStarter.java:232)
	at com.intellij.rt.junit.JUnitStarter.main(JUnitStarter.java:55)
Caused by: org.openqa.selenium.NoSuchElementException: no such element: Unable to locate element: {"method":"xpath","selector":"//mat-label[contains(text(), 'Darbo vietai įsteigti reikalinga')]"}
  (Session info: chrome=132.0.6834.160)
For documentation on this error, please visit: https://www.selenium.dev/documentation/webdriver/troubleshooting/errors#no-such-element-exception
Build info: version: '4.27.0', revision: 'd6e718d134'
System info: os.name: 'Windows 11', os.arch: 'amd64', os.version: '10.0', java.version: '21.0.3'
Driver info: org.openqa.selenium.chrome.ChromeDriver
Command: [00925b3cb79267611a3a3d3932495050, findElement {value=//mat-label[contains(text(), 'Darbo vietai įsteigti reikalinga')], using=xpath}]
Capabilities {acceptInsecureCerts: false, browserName: chrome, browserVersion: 132.0.6834.160, chrome: {chromedriverVersion: 132.0.6834.159 (2d77d3fc445..., userDataDir: C:\Users\INGRID~1.ZAD\AppDa...}, fedcm:accounts: true, goog:chromeOptions: {debuggerAddress: localhost:64822}, networkConnectionEnabled: false, pageLoadStrategy: normal, platformName: windows, proxy: Proxy(), se:cdp: ws://localhost:64822/devtoo..., se:cdpVersion: 132.0.6834.160, setWindowRect: true, strictFileInteractability: false, timeouts: {implicit: 0, pageLoad: 300000, script: 30000}, unhandledPromptBehavior: dismiss and notify, webauthn:extension:credBlob: true, webauthn:extension:largeBlob: true, webauthn:extension:minPinLength: true, webauthn:extension:prf: true, webauthn:virtualAuthenticators: true}
Session ID: 00925b3cb79267611a3a3d3932495050
	at java.base/jdk.internal.reflect.DirectConstructorHandleAccessor.newInstance(DirectConstructorHandleAccessor.java:62)
	at java.base/java.lang.reflect.Constructor.newInstanceWithCaller(Constructor.java:502)
	at java.base/java.lang.reflect.Constructor.newInstance(Constructor.java:486)
	at org.openqa.selenium.remote.ErrorCodec.decode(ErrorCodec.java:167)
	at org.openqa.selenium.remote.codec.w3c.W3CHttpResponseCodec.decode(W3CHttpResponseCodec.java:138)
	at org.openqa.selenium.remote.codec.w3c.W3CHttpResponseCodec.decode(W3CHttpResponseCodec.java:50)
	at org.openqa.selenium.remote.HttpCommandExecutor.execute(HttpCommandExecutor.java:190)
	at org.openqa.selenium.remote.service.DriverCommandExecutor.invokeExecute(DriverCommandExecutor.java:216)
	at org.openqa.selenium.remote.service.DriverCommandExecutor.execute(DriverCommandExecutor.java:174)
	at org.openqa.selenium.remote.RemoteWebDriver.execute(RemoteWebDriver.java:545)
	at org.openqa.selenium.remote.ElementLocation$ElementFinder$2.findElement(ElementLocation.java:165)
	at org.openqa.selenium.remote.ElementLocation.findElement(ElementLocation.java:59)
	at org.openqa.selenium.remote.RemoteWebDriver.findElement(RemoteWebDriver.java:368)
	at org.openqa.selenium.remote.RemoteWebDriver.findElement(RemoteWebDriver.java:362)
	at org.openqa.selenium.support.pagefactory.DefaultElementLocator.findElement(DefaultElementLocator.java:68)
	at org.openqa.selenium.support.pagefactory.internal.LocatingElementHandler.invoke(LocatingElementHandler.java:38)
	at jdk.proxy2/jdk.proxy2.$Proxy14.isDisplayed(Unknown Source)
	at org.openqa.selenium.support.ui.ExpectedConditions.elementIfVisible(ExpectedConditions.java:304)
	at org.openqa.selenium.support.ui.ExpectedConditions$10.apply(ExpectedConditions.java:290)
	at org.openqa.selenium.support.ui.ExpectedConditions$10.apply(ExpectedConditions.java:287)
	at org.openqa.selenium.support.ui.ExpectedConditions$23.apply(ExpectedConditions.java:656)
	at org.openqa.selenium.support.ui.ExpectedConditions$23.apply(ExpectedConditions.java:652)
	at org.openqa.selenium.support.ui.FluentWait.until(FluentWait.java:203)
	... 70 common frames omitted
2025-02-06 13:44:10 [main] INFO  l.insoft.uztis.tests.utils.TestUtils - Screenshot moved to C:\Users\ingrida.zadorozniene\Desktop\Asm\UZTIS\UZTIS_tests\test-output\screenshots\20250206\134410118_testFillNewDVPApplicationFA().png
2025-02-06 13:54:50 [main] INFO  lt.insoft.uztis.tests.UztisPageTest - Navigated to https://uztisdev.asseco.lt/home
2025-02-06 13:54:50 [main] INFO  l.i.u.t.SubmittedApplicationsPageTest - Starting test:'testFillNewDVPApplicationFA'
2025-02-06 13:54:51 [main] DEBUG l.i.u.t.SubmittedApplicationsPageTest - User logged in with test credentials.
2025-02-06 13:54:51 [main] DEBUG l.i.u.t.SubmittedApplicationsPageTest - Opened 'Application Processing' menu.
2025-02-06 13:54:51 [main] DEBUG l.i.u.t.SubmittedApplicationsPageTest - Clicked on 'Application Forms' menu.
2025-02-06 13:54:52 [main] DEBUG l.i.u.t.SubmittedApplicationsPageTest - Retrieved last description code text: 'TST-DVP-73'.
2025-02-06 13:54:52 [main] DEBUG l.i.u.t.SubmittedApplicationsPageTest - Clicked on 'Invitation' menu.
2025-02-06 13:54:53 [main] DEBUG l.i.u.t.SubmittedApplicationsPageTest - Selected application section by code: 'TST-DVP-73'.
2025-02-06 13:54:53 [main] DEBUG l.i.u.t.SubmittedApplicationsPageTest - Clicked 'Search' button.
2025-02-06 13:54:53 [main] DEBUG l.i.u.t.SubmittedApplicationsPageTest - Retrieved invitation code: ''.
2025-02-06 13:54:53 [main] DEBUG l.i.u.t.SubmittedApplicationsPageTest - Clicked on 'Submitted Applications' menu.
2025-02-06 13:54:54 [main] DEBUG l.i.u.t.SubmittedApplicationsPageTest - Selected invitation by code: 'TST-DVP-73'.
2025-02-06 13:54:54 [main] DEBUG l.i.u.t.SubmittedApplicationsPageTest - Invitation code inserted.
2025-02-06 13:54:54 [main] DEBUG l.i.u.t.SubmittedApplicationsPageTest - Clicked on 'Action Application' button.
2025-02-06 13:54:54 [main] DEBUG l.i.u.t.SubmittedApplicationsPageTest - Clicked on 'New Application' button.
2025-02-06 13:54:55 [main] DEBUG l.i.u.t.SubmittedApplicationsPageTest - Selected the 'RadioButtonFA' option.
2025-02-06 13:54:55 [main] DEBUG l.i.u.t.SubmittedApplicationsPageTest - Entered phone number: '61298745'.
2025-02-06 13:54:55 [main] DEBUG l.i.u.t.SubmittedApplicationsPageTest - Entered email: 'test@autotest.com'.
2025-02-06 13:55:05 [main] DEBUG l.i.u.t.SubmittedApplicationsPageTest - Checked 'For workplace adaptation' checkbox 1.
2025-02-06 13:55:16 [main] DEBUG l.i.u.t.SubmittedApplicationsPageTest - Checked 'For environmental adaptation' checkbox 2.
2025-02-06 13:55:16 [main] INFO  l.i.u.p.SubmittedApplicationsPage - Located the dropdown button.
2025-02-06 13:55:30 [main] INFO  l.i.u.p.SubmittedApplicationsPage - Found 1741 options in the dropdown.
2025-02-06 13:55:30 [main] INFO  l.i.u.p.SubmittedApplicationsPage - Successfully selected the value: '01.11 - Grūdinių (išskyrus ryžius), ankštinių ir aliejingų sėklų augalų auginimas'
2025-02-06 13:55:41 [main] ERROR l.i.u.p.SubmittedApplicationsPage - Failed to close the dropdown with aria-expanded = 'false'. Attempting manual close.
2025-02-06 13:55:41 [main] INFO  l.i.u.p.SubmittedApplicationsPage - Manual close attempt for the dropdown using body click.
2025-02-06 13:55:41 [main] DEBUG l.i.u.t.SubmittedApplicationsPageTest - Selected EVRK value: '01.11 - Grūdinių (išskyrus ryžius), ankštinių ir aliejingų sėklų augalų auginimas'.
2025-02-06 13:55:41 [main] DEBUG l.i.u.t.SubmittedApplicationsPageTest - Entered address: 'Vilniaus m. sav., Vilnius, Testo g. 10T'.
2025-02-06 13:55:41 [main] DEBUG l.i.u.t.SubmittedApplicationsPageTest - Selected 'For already working' option.
2025-02-06 13:55:41 [main] DEBUG l.i.u.t.SubmittedApplicationsPageTest - Entered person count1: '1'.
2025-02-06 13:55:41 [main] DEBUG l.i.u.t.SubmittedApplicationsPageTest - Selected 'For new working' option.
2025-02-06 13:55:41 [main] DEBUG l.i.u.t.SubmittedApplicationsPageTest - Entered person count2: '1'.
2025-02-06 13:55:42 [main] DEBUG l.i.u.t.SubmittedApplicationsPageTest - Clicked 'Next' button after checkboxes.
2025-02-06 13:55:42 [main] INFO  l.i.u.p.SubmittedApplicationsPage - Located the dropdown button.
2025-02-06 13:55:43 [main] INFO  l.i.u.p.SubmittedApplicationsPage - Successfully selected the value: 'Administratoriai'
2025-02-06 13:56:13 [main] ERROR l.i.u.p.SubmittedApplicationsPage - Timeout while waiting for dropdown to close with aria-expanded = 'false'.
2025-02-06 13:56:13 [main] DEBUG l.i.u.t.SubmittedApplicationsPageTest - Selected adaptable job name: 'Administratoriai'.
2025-02-06 13:56:13 [main] DEBUG l.i.u.t.SubmittedApplicationsPageTest - Entered job date.
2025-02-06 13:56:14 [main] DEBUG l.i.u.t.SubmittedApplicationsPageTest - Entered job function: 'Funkcija 1'.
2025-02-06 13:56:14 [main] INFO  l.i.u.p.SubmittedApplicationsPage - Clicking on the dropdown button.
2025-02-06 13:56:14 [main] INFO  l.i.u.p.SubmittedApplicationsPage - Found 6 options in the dropdown.
2025-02-06 13:56:14 [main] DEBUG l.i.u.p.SubmittedApplicationsPage - Checking option: 'Lengvo neįgalumo lygis ar 45-55 procentų dalyvumo lygis (iki 2023 m. gruodžio 31 d. – 45-55 procentų darbingumo lygis)'
2025-02-06 13:56:14 [main] DEBUG l.i.u.p.SubmittedApplicationsPage - Checking option: 'Lengvo neįgalumo lygis ar 45-55 procentų dalyvumo lygis (iki 2023 m. gruodžio 31 d. – 45-55 procentų darbingumo lygis)'
2025-02-06 13:56:14 [main] DEBUG l.i.u.p.SubmittedApplicationsPage - Checking option: 'Sunkaus neįgalumo lygis ar neviršijantis 25 procentų dalyvumo lygis (iki 2023 metų gruodžio 31 dienos – iki 25 procentų darbingumo lygis)'
2025-02-06 13:56:14 [main] INFO  l.i.u.p.SubmittedApplicationsPage - Successfully selected the value: 'Sunkaus neįgalumo lygis ar neviršijantis 25 procentų dalyvumo lygis (iki 2023 metų gruodžio 31 dienos – iki 25 procentų darbingumo lygis)'
2025-02-06 13:56:14 [main] INFO  l.i.u.p.SubmittedApplicationsPage - Attempting to close the dropdown.
2025-02-06 13:56:25 [main] INFO  l.i.u.p.SubmittedApplicationsPage - Dropdown should be closed now.
2025-02-06 13:56:25 [main] DEBUG l.i.u.t.SubmittedApplicationsPageTest - Selected disabilities type: 'Sunkaus neįgalumo lygis ar neviršijantis 25 procentų dalyvumo lygis (iki 2023 metų gruodžio 31 dienos – iki 25 procentų darbingumo lygis)'.
2025-02-06 13:56:25 [main] DEBUG l.i.u.t.SubmittedApplicationsPageTest - Entered disability information: 'Negalia 1'.
2025-02-06 13:56:25 [main] DEBUG l.i.u.t.SubmittedApplicationsPageTest - Entered qualification: 'Kvalifikacija 1'.
2025-02-06 13:56:25 [main] DEBUG l.i.u.t.SubmittedApplicationsPageTest - Entered job description: 'Darbo vietos aprašymas 1'.
2025-02-06 13:56:25 [main] DEBUG l.i.u.t.SubmittedApplicationsPageTest - Entered equipment description: 'Priemonių įsigyjimas 1'.
2025-02-06 13:56:26 [main] DEBUG l.i.u.t.SubmittedApplicationsPageTest - Entered work information: 'Darbai 1'.
2025-02-06 13:56:26 [main] INFO  l.i.u.p.SubmittedApplicationsPage - Located the dropdown button.
2025-02-06 13:56:26 [main] INFO  l.i.u.p.SubmittedApplicationsPage - Successfully selected the value: 'Kita'
2025-02-06 13:56:36 [main] ERROR l.i.u.p.SubmittedApplicationsPage - Timeout while waiting for dropdown to close with aria-expanded = 'false'.
2025-02-06 13:56:36 [main] DEBUG l.i.u.t.SubmittedApplicationsPageTest - Selected time mode: 'Kita'.
2025-02-06 13:56:37 [main] DEBUG l.i.u.t.SubmittedApplicationsPageTest - Selected time mode other: '6 val. per dieną ir 4 d. per savaitę'.
2025-02-06 13:56:37 [main] DEBUG l.i.u.t.SubmittedApplicationsPageTest - Entered salary amount: '1200'.
2025-02-06 13:56:37 [main] INFO  l.i.u.p.SubmittedApplicationsPage - Located the dropdown button.
2025-02-06 13:56:37 [main] INFO  l.i.u.p.SubmittedApplicationsPage - Successfully selected the value: 'Darbo vietos pritaikymui'
2025-02-06 13:57:07 [main] ERROR l.i.u.p.SubmittedApplicationsPage - Timeout while waiting for dropdown to close with aria-expanded = 'false'.
2025-02-06 13:57:07 [main] DEBUG l.i.u.t.SubmittedApplicationsPageTest - Selected adaptable job name: 'Darbo vietos pritaikymui'.
2025-02-06 13:57:07 [main] INFO  l.i.u.p.SubmittedApplicationsPage - Located the dropdown button.
2025-02-06 13:57:27 [main] ERROR l.i.u.t.SubmittedApplicationsPageTest - Test 'testFillNewDVPApplicationFA' failed with error: Expected condition failed: waiting for element to be clickable: [[ChromeDriver: chrome on windows (7e467b6f177db9bff61e6ffa9870627a)] -> xpath: //mat-label[contains(text(), 'Reikalinga')]] (tried for 20 second(s) with 500 milliseconds interval)
Build info: version: '4.27.0', revision: 'd6e718d134'
System info: os.name: 'Windows 11', os.arch: 'amd64', os.version: '10.0', java.version: '21.0.3'
Driver info: org.openqa.selenium.chrome.ChromeDriver
Capabilities {acceptInsecureCerts: false, browserName: chrome, browserVersion: 132.0.6834.160, chrome: {chromedriverVersion: 132.0.6834.159 (2d77d3fc445..., userDataDir: C:\Users\INGRID~1.ZAD\AppDa...}, fedcm:accounts: true, goog:chromeOptions: {debuggerAddress: localhost:65316}, networkConnectionEnabled: false, pageLoadStrategy: normal, platformName: windows, proxy: Proxy(), se:cdp: ws://localhost:65316/devtoo..., se:cdpVersion: 132.0.6834.160, setWindowRect: true, strictFileInteractability: false, timeouts: {implicit: 0, pageLoad: 300000, script: 30000}, unhandledPromptBehavior: dismiss and notify, webauthn:extension:credBlob: true, webauthn:extension:largeBlob: true, webauthn:extension:minPinLength: true, webauthn:extension:prf: true, webauthn:virtualAuthenticators: true}
Session ID: 7e467b6f177db9bff61e6ffa9870627a
org.openqa.selenium.TimeoutException: Expected condition failed: waiting for element to be clickable: [[ChromeDriver: chrome on windows (7e467b6f177db9bff61e6ffa9870627a)] -> xpath: //mat-label[contains(text(), 'Reikalinga')]] (tried for 20 second(s) with 500 milliseconds interval)
Build info: version: '4.27.0', revision: 'd6e718d134'
System info: os.name: 'Windows 11', os.arch: 'amd64', os.version: '10.0', java.version: '21.0.3'
Driver info: org.openqa.selenium.chrome.ChromeDriver
Capabilities {acceptInsecureCerts: false, browserName: chrome, browserVersion: 132.0.6834.160, chrome: {chromedriverVersion: 132.0.6834.159 (2d77d3fc445..., userDataDir: C:\Users\INGRID~1.ZAD\AppDa...}, fedcm:accounts: true, goog:chromeOptions: {debuggerAddress: localhost:65316}, networkConnectionEnabled: false, pageLoadStrategy: normal, platformName: windows, proxy: Proxy(), se:cdp: ws://localhost:65316/devtoo..., se:cdpVersion: 132.0.6834.160, setWindowRect: true, strictFileInteractability: false, timeouts: {implicit: 0, pageLoad: 300000, script: 30000}, unhandledPromptBehavior: dismiss and notify, webauthn:extension:credBlob: true, webauthn:extension:largeBlob: true, webauthn:extension:minPinLength: true, webauthn:extension:prf: true, webauthn:virtualAuthenticators: true}
Session ID: 7e467b6f177db9bff61e6ffa9870627a
	at org.openqa.selenium.support.ui.WebDriverWait.timeoutException(WebDriverWait.java:84)
	at org.openqa.selenium.support.ui.FluentWait.until(FluentWait.java:228)
	at lt.insoft.uztis.pages.SubmittedApplicationsPage.selectDropdownNecessaryForJobDVP(SubmittedApplicationsPage.java:952)
	at lt.insoft.uztis.tests.SubmittedApplicationsPageTest.testFillNewDVPApplicationFA(SubmittedApplicationsPageTest.java:569)
	at java.base/jdk.internal.reflect.DirectMethodHandleAccessor.invoke(DirectMethodHandleAccessor.java:103)
	at java.base/java.lang.reflect.Method.invoke(Method.java:580)
	at org.junit.platform.commons.util.ReflectionUtils.invokeMethod(ReflectionUtils.java:728)
	at org.junit.jupiter.engine.execution.MethodInvocation.proceed(MethodInvocation.java:60)
	at org.junit.jupiter.engine.execution.InvocationInterceptorChain$ValidatingInvocation.proceed(InvocationInterceptorChain.java:131)
	at org.junit.jupiter.engine.extension.TimeoutExtension.intercept(TimeoutExtension.java:156)
	at org.junit.jupiter.engine.extension.TimeoutExtension.interceptTestableMethod(TimeoutExtension.java:147)
	at org.junit.jupiter.engine.extension.TimeoutExtension.interceptTestMethod(TimeoutExtension.java:86)
	at org.junit.jupiter.engine.execution.InterceptingExecutableInvoker$ReflectiveInterceptorCall.lambda$ofVoidMethod$0(InterceptingExecutableInvoker.java:103)
	at org.junit.jupiter.engine.execution.InterceptingExecutableInvoker.lambda$invoke$0(InterceptingExecutableInvoker.java:93)
	at org.junit.jupiter.engine.execution.InvocationInterceptorChain$InterceptedInvocation.proceed(InvocationInterceptorChain.java:106)
	at org.junit.jupiter.engine.execution.InvocationInterceptorChain.proceed(InvocationInterceptorChain.java:64)
	at org.junit.jupiter.engine.execution.InvocationInterceptorChain.chainAndInvoke(InvocationInterceptorChain.java:45)
	at org.junit.jupiter.engine.execution.InvocationInterceptorChain.invoke(InvocationInterceptorChain.java:37)
	at org.junit.jupiter.engine.execution.InterceptingExecutableInvoker.invoke(InterceptingExecutableInvoker.java:92)
	at org.junit.jupiter.engine.execution.InterceptingExecutableInvoker.invoke(InterceptingExecutableInvoker.java:86)
	at org.junit.jupiter.engine.descriptor.TestMethodTestDescriptor.lambda$invokeTestMethod$7(TestMethodTestDescriptor.java:218)
	at org.junit.platform.engine.support.hierarchical.ThrowableCollector.execute(ThrowableCollector.java:73)
	at org.junit.jupiter.engine.descriptor.TestMethodTestDescriptor.invokeTestMethod(TestMethodTestDescriptor.java:214)
	at org.junit.jupiter.engine.descriptor.TestMethodTestDescriptor.execute(TestMethodTestDescriptor.java:139)
	at org.junit.jupiter.engine.descriptor.TestMethodTestDescriptor.execute(TestMethodTestDescriptor.java:69)
	at org.junit.platform.engine.support.hierarchical.NodeTestTask.lambda$executeRecursively$6(NodeTestTask.java:151)
	at org.junit.platform.engine.support.hierarchical.ThrowableCollector.execute(ThrowableCollector.java:73)
	at org.junit.platform.engine.support.hierarchical.NodeTestTask.lambda$executeRecursively$8(NodeTestTask.java:141)
	at org.junit.platform.engine.support.hierarchical.Node.around(Node.java:137)
	at org.junit.platform.engine.support.hierarchical.NodeTestTask.lambda$executeRecursively$9(NodeTestTask.java:139)
	at org.junit.platform.engine.support.hierarchical.ThrowableCollector.execute(ThrowableCollector.java:73)
	at org.junit.platform.engine.support.hierarchical.NodeTestTask.executeRecursively(NodeTestTask.java:138)
	at org.junit.platform.engine.support.hierarchical.NodeTestTask.execute(NodeTestTask.java:95)
	at java.base/java.util.ArrayList.forEach(ArrayList.java:1596)
	at org.junit.platform.engine.support.hierarchical.SameThreadHierarchicalTestExecutorService.invokeAll(SameThreadHierarchicalTestExecutorService.java:41)
	at org.junit.platform.engine.support.hierarchical.NodeTestTask.lambda$executeRecursively$6(NodeTestTask.java:155)
	at org.junit.platform.engine.support.hierarchical.ThrowableCollector.execute(ThrowableCollector.java:73)
	at org.junit.platform.engine.support.hierarchical.NodeTestTask.lambda$executeRecursively$8(NodeTestTask.java:141)
	at org.junit.platform.engine.support.hierarchical.Node.around(Node.java:137)
	at org.junit.platform.engine.support.hierarchical.NodeTestTask.lambda$executeRecursively$9(NodeTestTask.java:139)
	at org.junit.platform.engine.support.hierarchical.ThrowableCollector.execute(ThrowableCollector.java:73)
	at org.junit.platform.engine.support.hierarchical.NodeTestTask.executeRecursively(NodeTestTask.java:138)
	at org.junit.platform.engine.support.hierarchical.NodeTestTask.execute(NodeTestTask.java:95)
	at java.base/java.util.ArrayList.forEach(ArrayList.java:1596)
	at org.junit.platform.engine.support.hierarchical.SameThreadHierarchicalTestExecutorService.invokeAll(SameThreadHierarchicalTestExecutorService.java:41)
	at org.junit.platform.engine.support.hierarchical.NodeTestTask.lambda$executeRecursively$6(NodeTestTask.java:155)
	at org.junit.platform.engine.support.hierarchical.ThrowableCollector.execute(ThrowableCollector.java:73)
	at org.junit.platform.engine.support.hierarchical.NodeTestTask.lambda$executeRecursively$8(NodeTestTask.java:141)
	at org.junit.platform.engine.support.hierarchical.Node.around(Node.java:137)
	at org.junit.platform.engine.support.hierarchical.NodeTestTask.lambda$executeRecursively$9(NodeTestTask.java:139)
	at org.junit.platform.engine.support.hierarchical.ThrowableCollector.execute(ThrowableCollector.java:73)
	at org.junit.platform.engine.support.hierarchical.NodeTestTask.executeRecursively(NodeTestTask.java:138)
	at org.junit.platform.engine.support.hierarchical.NodeTestTask.execute(NodeTestTask.java:95)
	at org.junit.platform.engine.support.hierarchical.SameThreadHierarchicalTestExecutorService.submit(SameThreadHierarchicalTestExecutorService.java:35)
	at org.junit.platform.engine.support.hierarchical.HierarchicalTestExecutor.execute(HierarchicalTestExecutor.java:57)
	at org.junit.platform.engine.support.hierarchical.HierarchicalTestEngine.execute(HierarchicalTestEngine.java:54)
	at org.junit.platform.launcher.core.EngineExecutionOrchestrator.execute(EngineExecutionOrchestrator.java:198)
	at org.junit.platform.launcher.core.EngineExecutionOrchestrator.execute(EngineExecutionOrchestrator.java:169)
	at org.junit.platform.launcher.core.EngineExecutionOrchestrator.execute(EngineExecutionOrchestrator.java:93)
	at org.junit.platform.launcher.core.EngineExecutionOrchestrator.lambda$execute$0(EngineExecutionOrchestrator.java:58)
	at org.junit.platform.launcher.core.EngineExecutionOrchestrator.withInterceptedStreams(EngineExecutionOrchestrator.java:141)
	at org.junit.platform.launcher.core.EngineExecutionOrchestrator.execute(EngineExecutionOrchestrator.java:57)
	at org.junit.platform.launcher.core.DefaultLauncher.execute(DefaultLauncher.java:103)
	at org.junit.platform.launcher.core.DefaultLauncher.execute(DefaultLauncher.java:85)
	at org.junit.platform.launcher.core.DelegatingLauncher.execute(DelegatingLauncher.java:47)
	at org.junit.platform.launcher.core.SessionPerRequestLauncher.execute(SessionPerRequestLauncher.java:63)
	at com.intellij.junit5.JUnit5IdeaTestRunner.startRunnerWithArgs(JUnit5IdeaTestRunner.java:57)
	at com.intellij.rt.junit.IdeaTestRunner$Repeater$1.execute(IdeaTestRunner.java:38)
	at com.intellij.rt.execution.junit.TestsRepeater.repeat(TestsRepeater.java:11)
	at com.intellij.rt.junit.IdeaTestRunner$Repeater.startRunnerWithArgs(IdeaTestRunner.java:35)
	at com.intellij.rt.junit.JUnitStarter.prepareStreamsAndStart(JUnitStarter.java:232)
	at com.intellij.rt.junit.JUnitStarter.main(JUnitStarter.java:55)
2025-02-06 13:57:27 [main] INFO  l.insoft.uztis.tests.utils.TestUtils - Screenshot moved to C:\Users\ingrida.zadorozniene\Desktop\Asm\UZTIS\UZTIS_tests\test-output\screenshots\20250206\135727949_testFillNewDVPApplicationFA().png
2025-02-06 14:01:28 [main] INFO  lt.insoft.uztis.tests.UztisPageTest - Navigated to https://uztisdev.asseco.lt/home
2025-02-06 14:01:28 [main] INFO  l.i.u.t.SubmittedApplicationsPageTest - Starting test:'testFillNewDVPApplicationFA'
2025-02-06 14:01:29 [main] DEBUG l.i.u.t.SubmittedApplicationsPageTest - User logged in with test credentials.
2025-02-06 14:01:29 [main] DEBUG l.i.u.t.SubmittedApplicationsPageTest - Opened 'Application Processing' menu.
2025-02-06 14:01:29 [main] DEBUG l.i.u.t.SubmittedApplicationsPageTest - Clicked on 'Application Forms' menu.
2025-02-06 14:01:30 [main] DEBUG l.i.u.t.SubmittedApplicationsPageTest - Retrieved last description code text: 'TST-DVP-73'.
2025-02-06 14:01:30 [main] DEBUG l.i.u.t.SubmittedApplicationsPageTest - Clicked on 'Invitation' menu.
2025-02-06 14:01:31 [main] DEBUG l.i.u.t.SubmittedApplicationsPageTest - Selected application section by code: 'TST-DVP-73'.
2025-02-06 14:01:31 [main] DEBUG l.i.u.t.SubmittedApplicationsPageTest - Clicked 'Search' button.
2025-02-06 14:01:31 [main] DEBUG l.i.u.t.SubmittedApplicationsPageTest - Retrieved invitation code: ''.
2025-02-06 14:01:31 [main] DEBUG l.i.u.t.SubmittedApplicationsPageTest - Clicked on 'Submitted Applications' menu.
2025-02-06 14:01:32 [main] DEBUG l.i.u.t.SubmittedApplicationsPageTest - Selected invitation by code: 'TST-DVP-73'.
2025-02-06 14:01:32 [main] DEBUG l.i.u.t.SubmittedApplicationsPageTest - Invitation code inserted.
2025-02-06 14:01:32 [main] DEBUG l.i.u.t.SubmittedApplicationsPageTest - Clicked on 'Action Application' button.
2025-02-06 14:01:33 [main] DEBUG l.i.u.t.SubmittedApplicationsPageTest - Clicked on 'New Application' button.
2025-02-06 14:01:33 [main] DEBUG l.i.u.t.SubmittedApplicationsPageTest - Selected the 'RadioButtonFA' option.
2025-02-06 14:01:33 [main] DEBUG l.i.u.t.SubmittedApplicationsPageTest - Entered phone number: '61298745'.
2025-02-06 14:01:34 [main] DEBUG l.i.u.t.SubmittedApplicationsPageTest - Entered email: 'test@autotest.com'.
2025-02-06 14:01:44 [main] DEBUG l.i.u.t.SubmittedApplicationsPageTest - Checked 'For workplace adaptation' checkbox 1.
2025-02-06 14:01:54 [main] DEBUG l.i.u.t.SubmittedApplicationsPageTest - Checked 'For environmental adaptation' checkbox 2.
2025-02-06 14:01:54 [main] INFO  l.i.u.p.SubmittedApplicationsPage - Located the dropdown button.
2025-02-06 14:02:09 [main] INFO  l.i.u.p.SubmittedApplicationsPage - Found 1741 options in the dropdown.
2025-02-06 14:02:09 [main] INFO  l.i.u.p.SubmittedApplicationsPage - Successfully selected the value: '01.11 - Grūdinių (išskyrus ryžius), ankštinių ir aliejingų sėklų augalų auginimas'
2025-02-06 14:02:20 [main] ERROR l.i.u.p.SubmittedApplicationsPage - Failed to close the dropdown with aria-expanded = 'false'. Attempting manual close.
2025-02-06 14:02:20 [main] INFO  l.i.u.p.SubmittedApplicationsPage - Manual close attempt for the dropdown using body click.
2025-02-06 14:02:20 [main] DEBUG l.i.u.t.SubmittedApplicationsPageTest - Selected EVRK value: '01.11 - Grūdinių (išskyrus ryžius), ankštinių ir aliejingų sėklų augalų auginimas'.
2025-02-06 14:02:20 [main] DEBUG l.i.u.t.SubmittedApplicationsPageTest - Entered address: 'Vilniaus m. sav., Vilnius, Testo g. 10T'.
2025-02-06 14:02:20 [main] DEBUG l.i.u.t.SubmittedApplicationsPageTest - Selected 'For already working' option.
2025-02-06 14:02:20 [main] DEBUG l.i.u.t.SubmittedApplicationsPageTest - Entered person count1: '1'.
2025-02-06 14:02:20 [main] DEBUG l.i.u.t.SubmittedApplicationsPageTest - Selected 'For new working' option.
2025-02-06 14:02:21 [main] DEBUG l.i.u.t.SubmittedApplicationsPageTest - Entered person count2: '1'.
2025-02-06 14:02:21 [main] DEBUG l.i.u.t.SubmittedApplicationsPageTest - Clicked 'Next' button after checkboxes.
2025-02-06 14:02:21 [main] INFO  l.i.u.p.SubmittedApplicationsPage - Located the dropdown button.
2025-02-06 14:02:22 [main] INFO  l.i.u.p.SubmittedApplicationsPage - Successfully selected the value: 'Administratoriai'
2025-02-06 14:02:52 [main] ERROR l.i.u.p.SubmittedApplicationsPage - Timeout while waiting for dropdown to close with aria-expanded = 'false'.
2025-02-06 14:02:52 [main] DEBUG l.i.u.t.SubmittedApplicationsPageTest - Selected adaptable job name: 'Administratoriai'.
2025-02-06 14:02:53 [main] DEBUG l.i.u.t.SubmittedApplicationsPageTest - Entered job date.
2025-02-06 14:02:53 [main] DEBUG l.i.u.t.SubmittedApplicationsPageTest - Entered job function: 'Funkcija 1'.
2025-02-06 14:02:53 [main] INFO  l.i.u.p.SubmittedApplicationsPage - Clicking on the dropdown button.
2025-02-06 14:02:53 [main] INFO  l.i.u.p.SubmittedApplicationsPage - Found 6 options in the dropdown.
2025-02-06 14:02:53 [main] DEBUG l.i.u.p.SubmittedApplicationsPage - Checking option: 'Lengvo neįgalumo lygis ar 45-55 procentų dalyvumo lygis (iki 2023 m. gruodžio 31 d. – 45-55 procentų darbingumo lygis)'
2025-02-06 14:02:53 [main] DEBUG l.i.u.p.SubmittedApplicationsPage - Checking option: 'Lengvo neįgalumo lygis ar 45-55 procentų dalyvumo lygis (iki 2023 m. gruodžio 31 d. – 45-55 procentų darbingumo lygis)'
2025-02-06 14:02:53 [main] DEBUG l.i.u.p.SubmittedApplicationsPage - Checking option: 'Sunkaus neįgalumo lygis ar neviršijantis 25 procentų dalyvumo lygis (iki 2023 metų gruodžio 31 dienos – iki 25 procentų darbingumo lygis)'
2025-02-06 14:02:53 [main] INFO  l.i.u.p.SubmittedApplicationsPage - Successfully selected the value: 'Sunkaus neįgalumo lygis ar neviršijantis 25 procentų dalyvumo lygis (iki 2023 metų gruodžio 31 dienos – iki 25 procentų darbingumo lygis)'
2025-02-06 14:02:53 [main] INFO  l.i.u.p.SubmittedApplicationsPage - Attempting to close the dropdown.
2025-02-06 14:03:04 [main] INFO  l.i.u.p.SubmittedApplicationsPage - Dropdown should be closed now.
2025-02-06 14:03:04 [main] DEBUG l.i.u.t.SubmittedApplicationsPageTest - Selected disabilities type: 'Sunkaus neįgalumo lygis ar neviršijantis 25 procentų dalyvumo lygis (iki 2023 metų gruodžio 31 dienos – iki 25 procentų darbingumo lygis)'.
2025-02-06 14:03:04 [main] DEBUG l.i.u.t.SubmittedApplicationsPageTest - Entered disability information: 'Negalia 1'.
2025-02-06 14:03:04 [main] DEBUG l.i.u.t.SubmittedApplicationsPageTest - Entered qualification: 'Kvalifikacija 1'.
2025-02-06 14:03:04 [main] DEBUG l.i.u.t.SubmittedApplicationsPageTest - Entered job description: 'Darbo vietos aprašymas 1'.
2025-02-06 14:03:05 [main] DEBUG l.i.u.t.SubmittedApplicationsPageTest - Entered equipment description: 'Priemonių įsigyjimas 1'.
2025-02-06 14:03:05 [main] DEBUG l.i.u.t.SubmittedApplicationsPageTest - Entered work information: 'Darbai 1'.
2025-02-06 14:03:05 [main] INFO  l.i.u.p.SubmittedApplicationsPage - Located the dropdown button.
2025-02-06 14:03:05 [main] INFO  l.i.u.p.SubmittedApplicationsPage - Successfully selected the value: 'Kita'
2025-02-06 14:03:16 [main] ERROR l.i.u.p.SubmittedApplicationsPage - Timeout while waiting for dropdown to close with aria-expanded = 'false'.
2025-02-06 14:03:16 [main] DEBUG l.i.u.t.SubmittedApplicationsPageTest - Selected time mode: 'Kita'.
2025-02-06 14:03:16 [main] DEBUG l.i.u.t.SubmittedApplicationsPageTest - Selected time mode other: '6 val. per dieną ir 4 d. per savaitę'.
2025-02-06 14:03:16 [main] DEBUG l.i.u.t.SubmittedApplicationsPageTest - Entered salary amount: '1200'.
2025-02-06 14:03:16 [main] INFO  l.i.u.p.SubmittedApplicationsPage - Located the dropdown button.
2025-02-06 14:03:16 [main] INFO  l.i.u.p.SubmittedApplicationsPage - Successfully selected the value: 'Darbo vietos pritaikymui'
2025-02-06 14:03:46 [main] ERROR l.i.u.p.SubmittedApplicationsPage - Timeout while waiting for dropdown to close with aria-expanded = 'false'.
2025-02-06 14:03:46 [main] DEBUG l.i.u.t.SubmittedApplicationsPageTest - Selected adaptable job name: 'Darbo vietos pritaikymui'.
2025-02-06 14:03:46 [main] INFO  l.i.u.p.SubmittedApplicationsPage - Located the dropdown button.
2025-02-06 14:04:06 [main] ERROR l.i.u.t.SubmittedApplicationsPageTest - Test 'testFillNewDVPApplicationFA' failed with error: Expected condition failed: waiting for element to be clickable: [[ChromeDriver: chrome on windows (5aec5b2737093103cafac64c2dc19de7)] -> xpath: //mat-label[contains(text(), 'Reikalinga')]] (tried for 20 second(s) with 500 milliseconds interval)
Build info: version: '4.27.0', revision: 'd6e718d134'
System info: os.name: 'Windows 11', os.arch: 'amd64', os.version: '10.0', java.version: '21.0.3'
Driver info: org.openqa.selenium.chrome.ChromeDriver
Capabilities {acceptInsecureCerts: false, browserName: chrome, browserVersion: 132.0.6834.160, chrome: {chromedriverVersion: 132.0.6834.159 (2d77d3fc445..., userDataDir: C:\Users\INGRID~1.ZAD\AppDa...}, fedcm:accounts: true, goog:chromeOptions: {debuggerAddress: localhost:49168}, networkConnectionEnabled: false, pageLoadStrategy: normal, platformName: windows, proxy: Proxy(), se:cdp: ws://localhost:49168/devtoo..., se:cdpVersion: 132.0.6834.160, setWindowRect: true, strictFileInteractability: false, timeouts: {implicit: 0, pageLoad: 300000, script: 30000}, unhandledPromptBehavior: dismiss and notify, webauthn:extension:credBlob: true, webauthn:extension:largeBlob: true, webauthn:extension:minPinLength: true, webauthn:extension:prf: true, webauthn:virtualAuthenticators: true}
Session ID: 5aec5b2737093103cafac64c2dc19de7
org.openqa.selenium.TimeoutException: Expected condition failed: waiting for element to be clickable: [[ChromeDriver: chrome on windows (5aec5b2737093103cafac64c2dc19de7)] -> xpath: //mat-label[contains(text(), 'Reikalinga')]] (tried for 20 second(s) with 500 milliseconds interval)
Build info: version: '4.27.0', revision: 'd6e718d134'
System info: os.name: 'Windows 11', os.arch: 'amd64', os.version: '10.0', java.version: '21.0.3'
Driver info: org.openqa.selenium.chrome.ChromeDriver
Capabilities {acceptInsecureCerts: false, browserName: chrome, browserVersion: 132.0.6834.160, chrome: {chromedriverVersion: 132.0.6834.159 (2d77d3fc445..., userDataDir: C:\Users\INGRID~1.ZAD\AppDa...}, fedcm:accounts: true, goog:chromeOptions: {debuggerAddress: localhost:49168}, networkConnectionEnabled: false, pageLoadStrategy: normal, platformName: windows, proxy: Proxy(), se:cdp: ws://localhost:49168/devtoo..., se:cdpVersion: 132.0.6834.160, setWindowRect: true, strictFileInteractability: false, timeouts: {implicit: 0, pageLoad: 300000, script: 30000}, unhandledPromptBehavior: dismiss and notify, webauthn:extension:credBlob: true, webauthn:extension:largeBlob: true, webauthn:extension:minPinLength: true, webauthn:extension:prf: true, webauthn:virtualAuthenticators: true}
Session ID: 5aec5b2737093103cafac64c2dc19de7
	at org.openqa.selenium.support.ui.WebDriverWait.timeoutException(WebDriverWait.java:84)
	at org.openqa.selenium.support.ui.FluentWait.until(FluentWait.java:228)
	at lt.insoft.uztis.pages.SubmittedApplicationsPage.selectDropdownNecessaryForJobDVP(SubmittedApplicationsPage.java:952)
	at lt.insoft.uztis.tests.SubmittedApplicationsPageTest.testFillNewDVPApplicationFA(SubmittedApplicationsPageTest.java:569)
	at java.base/jdk.internal.reflect.DirectMethodHandleAccessor.invoke(DirectMethodHandleAccessor.java:103)
	at java.base/java.lang.reflect.Method.invoke(Method.java:580)
	at org.junit.platform.commons.util.ReflectionUtils.invokeMethod(ReflectionUtils.java:728)
	at org.junit.jupiter.engine.execution.MethodInvocation.proceed(MethodInvocation.java:60)
	at org.junit.jupiter.engine.execution.InvocationInterceptorChain$ValidatingInvocation.proceed(InvocationInterceptorChain.java:131)
	at org.junit.jupiter.engine.extension.TimeoutExtension.intercept(TimeoutExtension.java:156)
	at org.junit.jupiter.engine.extension.TimeoutExtension.interceptTestableMethod(TimeoutExtension.java:147)
	at org.junit.jupiter.engine.extension.TimeoutExtension.interceptTestMethod(TimeoutExtension.java:86)
	at org.junit.jupiter.engine.execution.InterceptingExecutableInvoker$ReflectiveInterceptorCall.lambda$ofVoidMethod$0(InterceptingExecutableInvoker.java:103)
	at org.junit.jupiter.engine.execution.InterceptingExecutableInvoker.lambda$invoke$0(InterceptingExecutableInvoker.java:93)
	at org.junit.jupiter.engine.execution.InvocationInterceptorChain$InterceptedInvocation.proceed(InvocationInterceptorChain.java:106)
	at org.junit.jupiter.engine.execution.InvocationInterceptorChain.proceed(InvocationInterceptorChain.java:64)
	at org.junit.jupiter.engine.execution.InvocationInterceptorChain.chainAndInvoke(InvocationInterceptorChain.java:45)
	at org.junit.jupiter.engine.execution.InvocationInterceptorChain.invoke(InvocationInterceptorChain.java:37)
	at org.junit.jupiter.engine.execution.InterceptingExecutableInvoker.invoke(InterceptingExecutableInvoker.java:92)
	at org.junit.jupiter.engine.execution.InterceptingExecutableInvoker.invoke(InterceptingExecutableInvoker.java:86)
	at org.junit.jupiter.engine.descriptor.TestMethodTestDescriptor.lambda$invokeTestMethod$7(TestMethodTestDescriptor.java:218)
	at org.junit.platform.engine.support.hierarchical.ThrowableCollector.execute(ThrowableCollector.java:73)
	at org.junit.jupiter.engine.descriptor.TestMethodTestDescriptor.invokeTestMethod(TestMethodTestDescriptor.java:214)
	at org.junit.jupiter.engine.descriptor.TestMethodTestDescriptor.execute(TestMethodTestDescriptor.java:139)
	at org.junit.jupiter.engine.descriptor.TestMethodTestDescriptor.execute(TestMethodTestDescriptor.java:69)
	at org.junit.platform.engine.support.hierarchical.NodeTestTask.lambda$executeRecursively$6(NodeTestTask.java:151)
	at org.junit.platform.engine.support.hierarchical.ThrowableCollector.execute(ThrowableCollector.java:73)
	at org.junit.platform.engine.support.hierarchical.NodeTestTask.lambda$executeRecursively$8(NodeTestTask.java:141)
	at org.junit.platform.engine.support.hierarchical.Node.around(Node.java:137)
	at org.junit.platform.engine.support.hierarchical.NodeTestTask.lambda$executeRecursively$9(NodeTestTask.java:139)
	at org.junit.platform.engine.support.hierarchical.ThrowableCollector.execute(ThrowableCollector.java:73)
	at org.junit.platform.engine.support.hierarchical.NodeTestTask.executeRecursively(NodeTestTask.java:138)
	at org.junit.platform.engine.support.hierarchical.NodeTestTask.execute(NodeTestTask.java:95)
	at java.base/java.util.ArrayList.forEach(ArrayList.java:1596)
	at org.junit.platform.engine.support.hierarchical.SameThreadHierarchicalTestExecutorService.invokeAll(SameThreadHierarchicalTestExecutorService.java:41)
	at org.junit.platform.engine.support.hierarchical.NodeTestTask.lambda$executeRecursively$6(NodeTestTask.java:155)
	at org.junit.platform.engine.support.hierarchical.ThrowableCollector.execute(ThrowableCollector.java:73)
	at org.junit.platform.engine.support.hierarchical.NodeTestTask.lambda$executeRecursively$8(NodeTestTask.java:141)
	at org.junit.platform.engine.support.hierarchical.Node.around(Node.java:137)
	at org.junit.platform.engine.support.hierarchical.NodeTestTask.lambda$executeRecursively$9(NodeTestTask.java:139)
	at org.junit.platform.engine.support.hierarchical.ThrowableCollector.execute(ThrowableCollector.java:73)
	at org.junit.platform.engine.support.hierarchical.NodeTestTask.executeRecursively(NodeTestTask.java:138)
	at org.junit.platform.engine.support.hierarchical.NodeTestTask.execute(NodeTestTask.java:95)
	at java.base/java.util.ArrayList.forEach(ArrayList.java:1596)
	at org.junit.platform.engine.support.hierarchical.SameThreadHierarchicalTestExecutorService.invokeAll(SameThreadHierarchicalTestExecutorService.java:41)
	at org.junit.platform.engine.support.hierarchical.NodeTestTask.lambda$executeRecursively$6(NodeTestTask.java:155)
	at org.junit.platform.engine.support.hierarchical.ThrowableCollector.execute(ThrowableCollector.java:73)
	at org.junit.platform.engine.support.hierarchical.NodeTestTask.lambda$executeRecursively$8(NodeTestTask.java:141)
	at org.junit.platform.engine.support.hierarchical.Node.around(Node.java:137)
	at org.junit.platform.engine.support.hierarchical.NodeTestTask.lambda$executeRecursively$9(NodeTestTask.java:139)
	at org.junit.platform.engine.support.hierarchical.ThrowableCollector.execute(ThrowableCollector.java:73)
	at org.junit.platform.engine.support.hierarchical.NodeTestTask.executeRecursively(NodeTestTask.java:138)
	at org.junit.platform.engine.support.hierarchical.NodeTestTask.execute(NodeTestTask.java:95)
	at org.junit.platform.engine.support.hierarchical.SameThreadHierarchicalTestExecutorService.submit(SameThreadHierarchicalTestExecutorService.java:35)
	at org.junit.platform.engine.support.hierarchical.HierarchicalTestExecutor.execute(HierarchicalTestExecutor.java:57)
	at org.junit.platform.engine.support.hierarchical.HierarchicalTestEngine.execute(HierarchicalTestEngine.java:54)
	at org.junit.platform.launcher.core.EngineExecutionOrchestrator.execute(EngineExecutionOrchestrator.java:198)
	at org.junit.platform.launcher.core.EngineExecutionOrchestrator.execute(EngineExecutionOrchestrator.java:169)
	at org.junit.platform.launcher.core.EngineExecutionOrchestrator.execute(EngineExecutionOrchestrator.java:93)
	at org.junit.platform.launcher.core.EngineExecutionOrchestrator.lambda$execute$0(EngineExecutionOrchestrator.java:58)
	at org.junit.platform.launcher.core.EngineExecutionOrchestrator.withInterceptedStreams(EngineExecutionOrchestrator.java:141)
	at org.junit.platform.launcher.core.EngineExecutionOrchestrator.execute(EngineExecutionOrchestrator.java:57)
	at org.junit.platform.launcher.core.DefaultLauncher.execute(DefaultLauncher.java:103)
	at org.junit.platform.launcher.core.DefaultLauncher.execute(DefaultLauncher.java:85)
	at org.junit.platform.launcher.core.DelegatingLauncher.execute(DelegatingLauncher.java:47)
	at org.junit.platform.launcher.core.SessionPerRequestLauncher.execute(SessionPerRequestLauncher.java:63)
	at com.intellij.junit5.JUnit5IdeaTestRunner.startRunnerWithArgs(JUnit5IdeaTestRunner.java:57)
	at com.intellij.rt.junit.IdeaTestRunner$Repeater$1.execute(IdeaTestRunner.java:38)
	at com.intellij.rt.execution.junit.TestsRepeater.repeat(TestsRepeater.java:11)
	at com.intellij.rt.junit.IdeaTestRunner$Repeater.startRunnerWithArgs(IdeaTestRunner.java:35)
	at com.intellij.rt.junit.JUnitStarter.prepareStreamsAndStart(JUnitStarter.java:232)
	at com.intellij.rt.junit.JUnitStarter.main(JUnitStarter.java:55)
2025-02-06 14:04:07 [main] INFO  l.insoft.uztis.tests.utils.TestUtils - Screenshot moved to C:\Users\ingrida.zadorozniene\Desktop\Asm\UZTIS\UZTIS_tests\test-output\screenshots\20250206\140407111_testFillNewDVPApplicationFA().png
2025-02-06 14:11:40 [main] INFO  lt.insoft.uztis.tests.UztisPageTest - Navigated to https://uztisdev.asseco.lt/home
2025-02-06 14:11:40 [main] INFO  l.i.u.t.SubmittedApplicationsPageTest - Starting test:'testFillNewDVPApplicationFA'
2025-02-06 14:11:40 [main] DEBUG l.i.u.t.SubmittedApplicationsPageTest - User logged in with test credentials.
2025-02-06 14:11:41 [main] DEBUG l.i.u.t.SubmittedApplicationsPageTest - Opened 'Application Processing' menu.
2025-02-06 14:11:41 [main] DEBUG l.i.u.t.SubmittedApplicationsPageTest - Clicked on 'Application Forms' menu.
2025-02-06 14:11:41 [main] DEBUG l.i.u.t.SubmittedApplicationsPageTest - Retrieved last description code text: 'TST-DVP-73'.
2025-02-06 14:11:41 [main] DEBUG l.i.u.t.SubmittedApplicationsPageTest - Clicked on 'Invitation' menu.
2025-02-06 14:11:42 [main] DEBUG l.i.u.t.SubmittedApplicationsPageTest - Selected application section by code: 'TST-DVP-73'.
2025-02-06 14:11:42 [main] DEBUG l.i.u.t.SubmittedApplicationsPageTest - Clicked 'Search' button.
2025-02-06 14:11:42 [main] DEBUG l.i.u.t.SubmittedApplicationsPageTest - Retrieved invitation code: ''.
2025-02-06 14:11:42 [main] DEBUG l.i.u.t.SubmittedApplicationsPageTest - Clicked on 'Submitted Applications' menu.
2025-02-06 14:11:43 [main] DEBUG l.i.u.t.SubmittedApplicationsPageTest - Selected invitation by code: 'TST-DVP-73'.
2025-02-06 14:11:43 [main] DEBUG l.i.u.t.SubmittedApplicationsPageTest - Invitation code inserted.
2025-02-06 14:11:43 [main] DEBUG l.i.u.t.SubmittedApplicationsPageTest - Clicked on 'Action Application' button.
2025-02-06 14:11:44 [main] DEBUG l.i.u.t.SubmittedApplicationsPageTest - Clicked on 'New Application' button.
2025-02-06 14:11:44 [main] DEBUG l.i.u.t.SubmittedApplicationsPageTest - Selected the 'RadioButtonFA' option.
2025-02-06 14:11:44 [main] DEBUG l.i.u.t.SubmittedApplicationsPageTest - Entered phone number: '61298745'.
2025-02-06 14:11:45 [main] DEBUG l.i.u.t.SubmittedApplicationsPageTest - Entered email: 'test@autotest.com'.
2025-02-06 14:11:55 [main] DEBUG l.i.u.t.SubmittedApplicationsPageTest - Checked 'For workplace adaptation' checkbox 1.
2025-02-06 14:12:05 [main] DEBUG l.i.u.t.SubmittedApplicationsPageTest - Checked 'For environmental adaptation' checkbox 2.
2025-02-06 14:12:05 [main] INFO  l.i.u.p.SubmittedApplicationsPage - Located the dropdown button.
2025-02-06 14:12:20 [main] INFO  l.i.u.p.SubmittedApplicationsPage - Found 1741 options in the dropdown.
2025-02-06 14:12:20 [main] INFO  l.i.u.p.SubmittedApplicationsPage - Successfully selected the value: '01.11 - Grūdinių (išskyrus ryžius), ankštinių ir aliejingų sėklų augalų auginimas'
2025-02-06 14:12:30 [main] ERROR l.i.u.p.SubmittedApplicationsPage - Failed to close the dropdown with aria-expanded = 'false'. Attempting manual close.
2025-02-06 14:12:31 [main] INFO  l.i.u.p.SubmittedApplicationsPage - Manual close attempt for the dropdown using body click.
2025-02-06 14:12:31 [main] DEBUG l.i.u.t.SubmittedApplicationsPageTest - Selected EVRK value: '01.11 - Grūdinių (išskyrus ryžius), ankštinių ir aliejingų sėklų augalų auginimas'.
2025-02-06 14:12:31 [main] DEBUG l.i.u.t.SubmittedApplicationsPageTest - Entered address: 'Vilniaus m. sav., Vilnius, Testo g. 10T'.
2025-02-06 14:12:31 [main] DEBUG l.i.u.t.SubmittedApplicationsPageTest - Selected 'For already working' option.
2025-02-06 14:12:31 [main] DEBUG l.i.u.t.SubmittedApplicationsPageTest - Entered person count1: '1'.
2025-02-06 14:12:31 [main] DEBUG l.i.u.t.SubmittedApplicationsPageTest - Selected 'For new working' option.
2025-02-06 14:12:31 [main] DEBUG l.i.u.t.SubmittedApplicationsPageTest - Entered person count2: '1'.
2025-02-06 14:12:32 [main] DEBUG l.i.u.t.SubmittedApplicationsPageTest - Clicked 'Next' button after checkboxes.
2025-02-06 14:12:32 [main] INFO  l.i.u.p.SubmittedApplicationsPage - Located the dropdown button.
2025-02-06 14:12:33 [main] INFO  l.i.u.p.SubmittedApplicationsPage - Successfully selected the value: 'Administratoriai'
2025-02-06 14:13:03 [main] ERROR l.i.u.p.SubmittedApplicationsPage - Timeout while waiting for dropdown to close with aria-expanded = 'false'.
2025-02-06 14:13:03 [main] DEBUG l.i.u.t.SubmittedApplicationsPageTest - Selected adaptable job name: 'Administratoriai'.
2025-02-06 14:13:04 [main] DEBUG l.i.u.t.SubmittedApplicationsPageTest - Entered job date.
2025-02-06 14:13:04 [main] DEBUG l.i.u.t.SubmittedApplicationsPageTest - Entered job function: 'Funkcija 1'.
2025-02-06 14:13:04 [main] INFO  l.i.u.p.SubmittedApplicationsPage - Clicking on the dropdown button.
2025-02-06 14:13:04 [main] INFO  l.i.u.p.SubmittedApplicationsPage - Found 6 options in the dropdown.
2025-02-06 14:13:04 [main] DEBUG l.i.u.p.SubmittedApplicationsPage - Checking option: 'Lengvo neįgalumo lygis ar 45-55 procentų dalyvumo lygis (iki 2023 m. gruodžio 31 d. – 45-55 procentų darbingumo lygis)'
2025-02-06 14:13:04 [main] DEBUG l.i.u.p.SubmittedApplicationsPage - Checking option: 'Lengvo neįgalumo lygis ar 45-55 procentų dalyvumo lygis (iki 2023 m. gruodžio 31 d. – 45-55 procentų darbingumo lygis)'
2025-02-06 14:13:04 [main] DEBUG l.i.u.p.SubmittedApplicationsPage - Checking option: 'Sunkaus neįgalumo lygis ar neviršijantis 25 procentų dalyvumo lygis (iki 2023 metų gruodžio 31 dienos – iki 25 procentų darbingumo lygis)'
2025-02-06 14:13:04 [main] INFO  l.i.u.p.SubmittedApplicationsPage - Successfully selected the value: 'Sunkaus neįgalumo lygis ar neviršijantis 25 procentų dalyvumo lygis (iki 2023 metų gruodžio 31 dienos – iki 25 procentų darbingumo lygis)'
2025-02-06 14:13:04 [main] INFO  l.i.u.p.SubmittedApplicationsPage - Attempting to close the dropdown.
2025-02-06 14:13:15 [main] INFO  l.i.u.p.SubmittedApplicationsPage - Dropdown should be closed now.
2025-02-06 14:13:15 [main] DEBUG l.i.u.t.SubmittedApplicationsPageTest - Selected disabilities type: 'Sunkaus neįgalumo lygis ar neviršijantis 25 procentų dalyvumo lygis (iki 2023 metų gruodžio 31 dienos – iki 25 procentų darbingumo lygis)'.
2025-02-06 14:13:15 [main] DEBUG l.i.u.t.SubmittedApplicationsPageTest - Entered disability information: 'Negalia 1'.
2025-02-06 14:13:15 [main] DEBUG l.i.u.t.SubmittedApplicationsPageTest - Entered qualification: 'Kvalifikacija 1'.
2025-02-06 14:13:15 [main] DEBUG l.i.u.t.SubmittedApplicationsPageTest - Entered job description: 'Darbo vietos aprašymas 1'.
2025-02-06 14:13:16 [main] DEBUG l.i.u.t.SubmittedApplicationsPageTest - Entered equipment description: 'Priemonių įsigyjimas 1'.
2025-02-06 14:13:16 [main] DEBUG l.i.u.t.SubmittedApplicationsPageTest - Entered work information: 'Darbai 1'.
2025-02-06 14:13:16 [main] INFO  l.i.u.p.SubmittedApplicationsPage - Located the dropdown button.
2025-02-06 14:13:16 [main] INFO  l.i.u.p.SubmittedApplicationsPage - Successfully selected the value: 'Kita'
2025-02-06 14:13:27 [main] ERROR l.i.u.p.SubmittedApplicationsPage - Timeout while waiting for dropdown to close with aria-expanded = 'false'.
2025-02-06 14:13:27 [main] DEBUG l.i.u.t.SubmittedApplicationsPageTest - Selected time mode: 'Kita'.
2025-02-06 14:13:27 [main] DEBUG l.i.u.t.SubmittedApplicationsPageTest - Selected time mode other: '6 val. per dieną ir 4 d. per savaitę'.
2025-02-06 14:13:27 [main] DEBUG l.i.u.t.SubmittedApplicationsPageTest - Entered salary amount: '1200'.
2025-02-06 14:13:27 [main] INFO  l.i.u.p.SubmittedApplicationsPage - Located the dropdown button.
2025-02-06 14:13:27 [main] INFO  l.i.u.p.SubmittedApplicationsPage - Successfully selected the value: 'Darbo vietos pritaikymui'
2025-02-06 14:13:57 [main] ERROR l.i.u.p.SubmittedApplicationsPage - Timeout while waiting for dropdown to close with aria-expanded = 'false'.
2025-02-06 14:13:57 [main] DEBUG l.i.u.t.SubmittedApplicationsPageTest - Selected adaptable job name: 'Darbo vietos pritaikymui'.
2025-02-06 14:13:57 [main] INFO  l.i.u.p.SubmittedApplicationsPage - Located the dropdown button.
2025-02-06 14:14:17 [main] ERROR l.i.u.t.SubmittedApplicationsPageTest - Test 'testFillNewDVPApplicationFA' failed with error: Expected condition failed: waiting for element to be clickable: [[ChromeDriver: chrome on windows (0945b5ef5b439c521ed875daa8f6da6d)] -> xpath: //label//mat-label[contains(text(), 'Reikalinga')]] (tried for 20 second(s) with 500 milliseconds interval)
Build info: version: '4.27.0', revision: 'd6e718d134'
System info: os.name: 'Windows 11', os.arch: 'amd64', os.version: '10.0', java.version: '21.0.3'
Driver info: org.openqa.selenium.chrome.ChromeDriver
Capabilities {acceptInsecureCerts: false, browserName: chrome, browserVersion: 132.0.6834.160, chrome: {chromedriverVersion: 132.0.6834.159 (2d77d3fc445..., userDataDir: C:\Users\INGRID~1.ZAD\AppDa...}, fedcm:accounts: true, goog:chromeOptions: {debuggerAddress: localhost:49480}, networkConnectionEnabled: false, pageLoadStrategy: normal, platformName: windows, proxy: Proxy(), se:cdp: ws://localhost:49480/devtoo..., se:cdpVersion: 132.0.6834.160, setWindowRect: true, strictFileInteractability: false, timeouts: {implicit: 0, pageLoad: 300000, script: 30000}, unhandledPromptBehavior: dismiss and notify, webauthn:extension:credBlob: true, webauthn:extension:largeBlob: true, webauthn:extension:minPinLength: true, webauthn:extension:prf: true, webauthn:virtualAuthenticators: true}
Session ID: 0945b5ef5b439c521ed875daa8f6da6d
org.openqa.selenium.TimeoutException: Expected condition failed: waiting for element to be clickable: [[ChromeDriver: chrome on windows (0945b5ef5b439c521ed875daa8f6da6d)] -> xpath: //label//mat-label[contains(text(), 'Reikalinga')]] (tried for 20 second(s) with 500 milliseconds interval)
Build info: version: '4.27.0', revision: 'd6e718d134'
System info: os.name: 'Windows 11', os.arch: 'amd64', os.version: '10.0', java.version: '21.0.3'
Driver info: org.openqa.selenium.chrome.ChromeDriver
Capabilities {acceptInsecureCerts: false, browserName: chrome, browserVersion: 132.0.6834.160, chrome: {chromedriverVersion: 132.0.6834.159 (2d77d3fc445..., userDataDir: C:\Users\INGRID~1.ZAD\AppDa...}, fedcm:accounts: true, goog:chromeOptions: {debuggerAddress: localhost:49480}, networkConnectionEnabled: false, pageLoadStrategy: normal, platformName: windows, proxy: Proxy(), se:cdp: ws://localhost:49480/devtoo..., se:cdpVersion: 132.0.6834.160, setWindowRect: true, strictFileInteractability: false, timeouts: {implicit: 0, pageLoad: 300000, script: 30000}, unhandledPromptBehavior: dismiss and notify, webauthn:extension:credBlob: true, webauthn:extension:largeBlob: true, webauthn:extension:minPinLength: true, webauthn:extension:prf: true, webauthn:virtualAuthenticators: true}
Session ID: 0945b5ef5b439c521ed875daa8f6da6d
	at org.openqa.selenium.support.ui.WebDriverWait.timeoutException(WebDriverWait.java:84)
	at org.openqa.selenium.support.ui.FluentWait.until(FluentWait.java:228)
	at lt.insoft.uztis.pages.SubmittedApplicationsPage.selectDropdownNecessaryForJobDVP(SubmittedApplicationsPage.java:952)
	at lt.insoft.uztis.tests.SubmittedApplicationsPageTest.testFillNewDVPApplicationFA(SubmittedApplicationsPageTest.java:569)
	at java.base/jdk.internal.reflect.DirectMethodHandleAccessor.invoke(DirectMethodHandleAccessor.java:103)
	at java.base/java.lang.reflect.Method.invoke(Method.java:580)
	at org.junit.platform.commons.util.ReflectionUtils.invokeMethod(ReflectionUtils.java:728)
	at org.junit.jupiter.engine.execution.MethodInvocation.proceed(MethodInvocation.java:60)
	at org.junit.jupiter.engine.execution.InvocationInterceptorChain$ValidatingInvocation.proceed(InvocationInterceptorChain.java:131)
	at org.junit.jupiter.engine.extension.TimeoutExtension.intercept(TimeoutExtension.java:156)
	at org.junit.jupiter.engine.extension.TimeoutExtension.interceptTestableMethod(TimeoutExtension.java:147)
	at org.junit.jupiter.engine.extension.TimeoutExtension.interceptTestMethod(TimeoutExtension.java:86)
	at org.junit.jupiter.engine.execution.InterceptingExecutableInvoker$ReflectiveInterceptorCall.lambda$ofVoidMethod$0(InterceptingExecutableInvoker.java:103)
	at org.junit.jupiter.engine.execution.InterceptingExecutableInvoker.lambda$invoke$0(InterceptingExecutableInvoker.java:93)
	at org.junit.jupiter.engine.execution.InvocationInterceptorChain$InterceptedInvocation.proceed(InvocationInterceptorChain.java:106)
	at org.junit.jupiter.engine.execution.InvocationInterceptorChain.proceed(InvocationInterceptorChain.java:64)
	at org.junit.jupiter.engine.execution.InvocationInterceptorChain.chainAndInvoke(InvocationInterceptorChain.java:45)
	at org.junit.jupiter.engine.execution.InvocationInterceptorChain.invoke(InvocationInterceptorChain.java:37)
	at org.junit.jupiter.engine.execution.InterceptingExecutableInvoker.invoke(InterceptingExecutableInvoker.java:92)
	at org.junit.jupiter.engine.execution.InterceptingExecutableInvoker.invoke(InterceptingExecutableInvoker.java:86)
	at org.junit.jupiter.engine.descriptor.TestMethodTestDescriptor.lambda$invokeTestMethod$7(TestMethodTestDescriptor.java:218)
	at org.junit.platform.engine.support.hierarchical.ThrowableCollector.execute(ThrowableCollector.java:73)
	at org.junit.jupiter.engine.descriptor.TestMethodTestDescriptor.invokeTestMethod(TestMethodTestDescriptor.java:214)
	at org.junit.jupiter.engine.descriptor.TestMethodTestDescriptor.execute(TestMethodTestDescriptor.java:139)
	at org.junit.jupiter.engine.descriptor.TestMethodTestDescriptor.execute(TestMethodTestDescriptor.java:69)
	at org.junit.platform.engine.support.hierarchical.NodeTestTask.lambda$executeRecursively$6(NodeTestTask.java:151)
	at org.junit.platform.engine.support.hierarchical.ThrowableCollector.execute(ThrowableCollector.java:73)
	at org.junit.platform.engine.support.hierarchical.NodeTestTask.lambda$executeRecursively$8(NodeTestTask.java:141)
	at org.junit.platform.engine.support.hierarchical.Node.around(Node.java:137)
	at org.junit.platform.engine.support.hierarchical.NodeTestTask.lambda$executeRecursively$9(NodeTestTask.java:139)
	at org.junit.platform.engine.support.hierarchical.ThrowableCollector.execute(ThrowableCollector.java:73)
	at org.junit.platform.engine.support.hierarchical.NodeTestTask.executeRecursively(NodeTestTask.java:138)
	at org.junit.platform.engine.support.hierarchical.NodeTestTask.execute(NodeTestTask.java:95)
	at java.base/java.util.ArrayList.forEach(ArrayList.java:1596)
	at org.junit.platform.engine.support.hierarchical.SameThreadHierarchicalTestExecutorService.invokeAll(SameThreadHierarchicalTestExecutorService.java:41)
	at org.junit.platform.engine.support.hierarchical.NodeTestTask.lambda$executeRecursively$6(NodeTestTask.java:155)
	at org.junit.platform.engine.support.hierarchical.ThrowableCollector.execute(ThrowableCollector.java:73)
	at org.junit.platform.engine.support.hierarchical.NodeTestTask.lambda$executeRecursively$8(NodeTestTask.java:141)
	at org.junit.platform.engine.support.hierarchical.Node.around(Node.java:137)
	at org.junit.platform.engine.support.hierarchical.NodeTestTask.lambda$executeRecursively$9(NodeTestTask.java:139)
	at org.junit.platform.engine.support.hierarchical.ThrowableCollector.execute(ThrowableCollector.java:73)
	at org.junit.platform.engine.support.hierarchical.NodeTestTask.executeRecursively(NodeTestTask.java:138)
	at org.junit.platform.engine.support.hierarchical.NodeTestTask.execute(NodeTestTask.java:95)
	at java.base/java.util.ArrayList.forEach(ArrayList.java:1596)
	at org.junit.platform.engine.support.hierarchical.SameThreadHierarchicalTestExecutorService.invokeAll(SameThreadHierarchicalTestExecutorService.java:41)
	at org.junit.platform.engine.support.hierarchical.NodeTestTask.lambda$executeRecursively$6(NodeTestTask.java:155)
	at org.junit.platform.engine.support.hierarchical.ThrowableCollector.execute(ThrowableCollector.java:73)
	at org.junit.platform.engine.support.hierarchical.NodeTestTask.lambda$executeRecursively$8(NodeTestTask.java:141)
	at org.junit.platform.engine.support.hierarchical.Node.around(Node.java:137)
	at org.junit.platform.engine.support.hierarchical.NodeTestTask.lambda$executeRecursively$9(NodeTestTask.java:139)
	at org.junit.platform.engine.support.hierarchical.ThrowableCollector.execute(ThrowableCollector.java:73)
	at org.junit.platform.engine.support.hierarchical.NodeTestTask.executeRecursively(NodeTestTask.java:138)
	at org.junit.platform.engine.support.hierarchical.NodeTestTask.execute(NodeTestTask.java:95)
	at org.junit.platform.engine.support.hierarchical.SameThreadHierarchicalTestExecutorService.submit(SameThreadHierarchicalTestExecutorService.java:35)
	at org.junit.platform.engine.support.hierarchical.HierarchicalTestExecutor.execute(HierarchicalTestExecutor.java:57)
	at org.junit.platform.engine.support.hierarchical.HierarchicalTestEngine.execute(HierarchicalTestEngine.java:54)
	at org.junit.platform.launcher.core.EngineExecutionOrchestrator.execute(EngineExecutionOrchestrator.java:198)
	at org.junit.platform.launcher.core.EngineExecutionOrchestrator.execute(EngineExecutionOrchestrator.java:169)
	at org.junit.platform.launcher.core.EngineExecutionOrchestrator.execute(EngineExecutionOrchestrator.java:93)
	at org.junit.platform.launcher.core.EngineExecutionOrchestrator.lambda$execute$0(EngineExecutionOrchestrator.java:58)
	at org.junit.platform.launcher.core.EngineExecutionOrchestrator.withInterceptedStreams(EngineExecutionOrchestrator.java:141)
	at org.junit.platform.launcher.core.EngineExecutionOrchestrator.execute(EngineExecutionOrchestrator.java:57)
	at org.junit.platform.launcher.core.DefaultLauncher.execute(DefaultLauncher.java:103)
	at org.junit.platform.launcher.core.DefaultLauncher.execute(DefaultLauncher.java:85)
	at org.junit.platform.launcher.core.DelegatingLauncher.execute(DelegatingLauncher.java:47)
	at org.junit.platform.launcher.core.SessionPerRequestLauncher.execute(SessionPerRequestLauncher.java:63)
	at com.intellij.junit5.JUnit5IdeaTestRunner.startRunnerWithArgs(JUnit5IdeaTestRunner.java:57)
	at com.intellij.rt.junit.IdeaTestRunner$Repeater$1.execute(IdeaTestRunner.java:38)
	at com.intellij.rt.execution.junit.TestsRepeater.repeat(TestsRepeater.java:11)
	at com.intellij.rt.junit.IdeaTestRunner$Repeater.startRunnerWithArgs(IdeaTestRunner.java:35)
	at com.intellij.rt.junit.JUnitStarter.prepareStreamsAndStart(JUnitStarter.java:232)
	at com.intellij.rt.junit.JUnitStarter.main(JUnitStarter.java:55)
2025-02-06 14:14:18 [main] INFO  l.insoft.uztis.tests.utils.TestUtils - Screenshot moved to C:\Users\ingrida.zadorozniene\Desktop\Asm\UZTIS\UZTIS_tests\test-output\screenshots\20250206\141418048_testFillNewDVPApplicationFA().png
2025-02-06 14:17:36 [main] INFO  lt.insoft.uztis.tests.UztisPageTest - Navigated to https://uztisdev.asseco.lt/home
2025-02-06 14:17:36 [main] INFO  l.i.u.t.SubmittedApplicationsPageTest - Starting test:'testFillNewDVPApplicationFA'
2025-02-06 14:17:36 [main] DEBUG l.i.u.t.SubmittedApplicationsPageTest - User logged in with test credentials.
2025-02-06 14:17:37 [main] DEBUG l.i.u.t.SubmittedApplicationsPageTest - Opened 'Application Processing' menu.
2025-02-06 14:17:37 [main] DEBUG l.i.u.t.SubmittedApplicationsPageTest - Clicked on 'Application Forms' menu.
2025-02-06 14:17:37 [main] DEBUG l.i.u.t.SubmittedApplicationsPageTest - Retrieved last description code text: 'TST-DVP-73'.
2025-02-06 14:17:38 [main] DEBUG l.i.u.t.SubmittedApplicationsPageTest - Clicked on 'Invitation' menu.
2025-02-06 14:17:38 [main] DEBUG l.i.u.t.SubmittedApplicationsPageTest - Selected application section by code: 'TST-DVP-73'.
2025-02-06 14:17:39 [main] DEBUG l.i.u.t.SubmittedApplicationsPageTest - Clicked 'Search' button.
2025-02-06 14:17:39 [main] DEBUG l.i.u.t.SubmittedApplicationsPageTest - Retrieved invitation code: ''.
2025-02-06 14:17:39 [main] DEBUG l.i.u.t.SubmittedApplicationsPageTest - Clicked on 'Submitted Applications' menu.
2025-02-06 14:17:40 [main] DEBUG l.i.u.t.SubmittedApplicationsPageTest - Selected invitation by code: 'TST-DVP-73'.
2025-02-06 14:17:40 [main] DEBUG l.i.u.t.SubmittedApplicationsPageTest - Invitation code inserted.
2025-02-06 14:17:40 [main] DEBUG l.i.u.t.SubmittedApplicationsPageTest - Clicked on 'Action Application' button.
2025-02-06 14:17:40 [main] DEBUG l.i.u.t.SubmittedApplicationsPageTest - Clicked on 'New Application' button.
2025-02-06 14:17:41 [main] DEBUG l.i.u.t.SubmittedApplicationsPageTest - Selected the 'RadioButtonFA' option.
2025-02-06 14:17:41 [main] DEBUG l.i.u.t.SubmittedApplicationsPageTest - Entered phone number: '61298745'.
2025-02-06 14:17:41 [main] DEBUG l.i.u.t.SubmittedApplicationsPageTest - Entered email: 'test@autotest.com'.
2025-02-06 14:17:51 [main] DEBUG l.i.u.t.SubmittedApplicationsPageTest - Checked 'For workplace adaptation' checkbox 1.
2025-02-06 14:18:01 [main] DEBUG l.i.u.t.SubmittedApplicationsPageTest - Checked 'For environmental adaptation' checkbox 2.
2025-02-06 14:18:01 [main] INFO  l.i.u.p.SubmittedApplicationsPage - Located the dropdown button.
2025-02-06 14:18:17 [main] INFO  l.i.u.p.SubmittedApplicationsPage - Found 1741 options in the dropdown.
2025-02-06 14:18:17 [main] INFO  l.i.u.p.SubmittedApplicationsPage - Successfully selected the value: '01.11 - Grūdinių (išskyrus ryžius), ankštinių ir aliejingų sėklų augalų auginimas'
2025-02-06 14:18:27 [main] ERROR l.i.u.p.SubmittedApplicationsPage - Failed to close the dropdown with aria-expanded = 'false'. Attempting manual close.
2025-02-06 14:18:28 [main] INFO  l.i.u.p.SubmittedApplicationsPage - Manual close attempt for the dropdown using body click.
2025-02-06 14:18:28 [main] DEBUG l.i.u.t.SubmittedApplicationsPageTest - Selected EVRK value: '01.11 - Grūdinių (išskyrus ryžius), ankštinių ir aliejingų sėklų augalų auginimas'.
2025-02-06 14:18:28 [main] DEBUG l.i.u.t.SubmittedApplicationsPageTest - Entered address: 'Vilniaus m. sav., Vilnius, Testo g. 10T'.
2025-02-06 14:18:28 [main] DEBUG l.i.u.t.SubmittedApplicationsPageTest - Selected 'For already working' option.
2025-02-06 14:18:28 [main] DEBUG l.i.u.t.SubmittedApplicationsPageTest - Entered person count1: '1'.
2025-02-06 14:18:28 [main] DEBUG l.i.u.t.SubmittedApplicationsPageTest - Selected 'For new working' option.
2025-02-06 14:18:28 [main] DEBUG l.i.u.t.SubmittedApplicationsPageTest - Entered person count2: '1'.
2025-02-06 14:18:29 [main] DEBUG l.i.u.t.SubmittedApplicationsPageTest - Clicked 'Next' button after checkboxes.
2025-02-06 14:18:29 [main] INFO  l.i.u.p.SubmittedApplicationsPage - Located the dropdown button.
2025-02-06 14:18:30 [main] INFO  l.i.u.p.SubmittedApplicationsPage - Successfully selected the value: 'Administratoriai'
2025-02-06 14:19:00 [main] ERROR l.i.u.p.SubmittedApplicationsPage - Timeout while waiting for dropdown to close with aria-expanded = 'false'.
2025-02-06 14:19:00 [main] DEBUG l.i.u.t.SubmittedApplicationsPageTest - Selected adaptable job name: 'Administratoriai'.
2025-02-06 14:19:00 [main] DEBUG l.i.u.t.SubmittedApplicationsPageTest - Entered job date.
2025-02-06 14:19:01 [main] DEBUG l.i.u.t.SubmittedApplicationsPageTest - Entered job function: 'Funkcija 1'.
2025-02-06 14:19:01 [main] INFO  l.i.u.p.SubmittedApplicationsPage - Clicking on the dropdown button.
2025-02-06 14:19:01 [main] INFO  l.i.u.p.SubmittedApplicationsPage - Found 6 options in the dropdown.
2025-02-06 14:19:01 [main] DEBUG l.i.u.p.SubmittedApplicationsPage - Checking option: 'Lengvo neįgalumo lygis ar 45-55 procentų dalyvumo lygis (iki 2023 m. gruodžio 31 d. – 45-55 procentų darbingumo lygis)'
2025-02-06 14:19:01 [main] DEBUG l.i.u.p.SubmittedApplicationsPage - Checking option: 'Lengvo neįgalumo lygis ar 45-55 procentų dalyvumo lygis (iki 2023 m. gruodžio 31 d. – 45-55 procentų darbingumo lygis)'
2025-02-06 14:19:01 [main] DEBUG l.i.u.p.SubmittedApplicationsPage - Checking option: 'Sunkaus neįgalumo lygis ar neviršijantis 25 procentų dalyvumo lygis (iki 2023 metų gruodžio 31 dienos – iki 25 procentų darbingumo lygis)'
2025-02-06 14:19:01 [main] INFO  l.i.u.p.SubmittedApplicationsPage - Successfully selected the value: 'Sunkaus neįgalumo lygis ar neviršijantis 25 procentų dalyvumo lygis (iki 2023 metų gruodžio 31 dienos – iki 25 procentų darbingumo lygis)'
2025-02-06 14:19:01 [main] INFO  l.i.u.p.SubmittedApplicationsPage - Attempting to close the dropdown.
2025-02-06 14:19:12 [main] INFO  l.i.u.p.SubmittedApplicationsPage - Dropdown should be closed now.
2025-02-06 14:19:12 [main] DEBUG l.i.u.t.SubmittedApplicationsPageTest - Selected disabilities type: 'Sunkaus neįgalumo lygis ar neviršijantis 25 procentų dalyvumo lygis (iki 2023 metų gruodžio 31 dienos – iki 25 procentų darbingumo lygis)'.
2025-02-06 14:19:12 [main] DEBUG l.i.u.t.SubmittedApplicationsPageTest - Entered disability information: 'Negalia 1'.
2025-02-06 14:19:12 [main] DEBUG l.i.u.t.SubmittedApplicationsPageTest - Entered qualification: 'Kvalifikacija 1'.
2025-02-06 14:19:12 [main] DEBUG l.i.u.t.SubmittedApplicationsPageTest - Entered job description: 'Darbo vietos aprašymas 1'.
2025-02-06 14:19:12 [main] DEBUG l.i.u.t.SubmittedApplicationsPageTest - Entered equipment description: 'Priemonių įsigyjimas 1'.
2025-02-06 14:19:13 [main] DEBUG l.i.u.t.SubmittedApplicationsPageTest - Entered work information: 'Darbai 1'.
2025-02-06 14:19:13 [main] INFO  l.i.u.p.SubmittedApplicationsPage - Located the dropdown button.
2025-02-06 14:19:13 [main] INFO  l.i.u.p.SubmittedApplicationsPage - Successfully selected the value: 'Kita'
2025-02-06 14:19:23 [main] ERROR l.i.u.p.SubmittedApplicationsPage - Timeout while waiting for dropdown to close with aria-expanded = 'false'.
2025-02-06 14:19:23 [main] DEBUG l.i.u.t.SubmittedApplicationsPageTest - Selected time mode: 'Kita'.
2025-02-06 14:19:24 [main] DEBUG l.i.u.t.SubmittedApplicationsPageTest - Selected time mode other: '6 val. per dieną ir 4 d. per savaitę'.
2025-02-06 14:19:24 [main] DEBUG l.i.u.t.SubmittedApplicationsPageTest - Entered salary amount: '1200'.
2025-02-06 14:19:24 [main] INFO  l.i.u.p.SubmittedApplicationsPage - Located the dropdown button.
2025-02-06 14:19:24 [main] INFO  l.i.u.p.SubmittedApplicationsPage - Successfully selected the value: 'Darbo vietos pritaikymui'
2025-02-06 14:19:54 [main] ERROR l.i.u.p.SubmittedApplicationsPage - Timeout while waiting for dropdown to close with aria-expanded = 'false'.
2025-02-06 14:19:54 [main] DEBUG l.i.u.t.SubmittedApplicationsPageTest - Selected adaptable job name: 'Darbo vietos pritaikymui'.
2025-02-06 14:19:54 [main] INFO  l.i.u.p.SubmittedApplicationsPage - Located the dropdown button.
2025-02-06 14:20:14 [main] ERROR l.i.u.t.SubmittedApplicationsPageTest - Test 'testFillNewDVPApplicationFA' failed with error: Expected condition failed: waiting for element to be clickable: [[ChromeDriver: chrome on windows (d49adb19e0a06b4a4d6c423de39e74c6)] -> xpath: //mat-label[contains(text(), 'Reikalinga')]] (tried for 20 second(s) with 500 milliseconds interval)
Build info: version: '4.27.0', revision: 'd6e718d134'
System info: os.name: 'Windows 11', os.arch: 'amd64', os.version: '10.0', java.version: '21.0.3'
Driver info: org.openqa.selenium.chrome.ChromeDriver
Capabilities {acceptInsecureCerts: false, browserName: chrome, browserVersion: 132.0.6834.160, chrome: {chromedriverVersion: 132.0.6834.159 (2d77d3fc445..., userDataDir: C:\Users\INGRID~1.ZAD\AppDa...}, fedcm:accounts: true, goog:chromeOptions: {debuggerAddress: localhost:49701}, networkConnectionEnabled: false, pageLoadStrategy: normal, platformName: windows, proxy: Proxy(), se:cdp: ws://localhost:49701/devtoo..., se:cdpVersion: 132.0.6834.160, setWindowRect: true, strictFileInteractability: false, timeouts: {implicit: 0, pageLoad: 300000, script: 30000}, unhandledPromptBehavior: dismiss and notify, webauthn:extension:credBlob: true, webauthn:extension:largeBlob: true, webauthn:extension:minPinLength: true, webauthn:extension:prf: true, webauthn:virtualAuthenticators: true}
Session ID: d49adb19e0a06b4a4d6c423de39e74c6
org.openqa.selenium.TimeoutException: Expected condition failed: waiting for element to be clickable: [[ChromeDriver: chrome on windows (d49adb19e0a06b4a4d6c423de39e74c6)] -> xpath: //mat-label[contains(text(), 'Reikalinga')]] (tried for 20 second(s) with 500 milliseconds interval)
Build info: version: '4.27.0', revision: 'd6e718d134'
System info: os.name: 'Windows 11', os.arch: 'amd64', os.version: '10.0', java.version: '21.0.3'
Driver info: org.openqa.selenium.chrome.ChromeDriver
Capabilities {acceptInsecureCerts: false, browserName: chrome, browserVersion: 132.0.6834.160, chrome: {chromedriverVersion: 132.0.6834.159 (2d77d3fc445..., userDataDir: C:\Users\INGRID~1.ZAD\AppDa...}, fedcm:accounts: true, goog:chromeOptions: {debuggerAddress: localhost:49701}, networkConnectionEnabled: false, pageLoadStrategy: normal, platformName: windows, proxy: Proxy(), se:cdp: ws://localhost:49701/devtoo..., se:cdpVersion: 132.0.6834.160, setWindowRect: true, strictFileInteractability: false, timeouts: {implicit: 0, pageLoad: 300000, script: 30000}, unhandledPromptBehavior: dismiss and notify, webauthn:extension:credBlob: true, webauthn:extension:largeBlob: true, webauthn:extension:minPinLength: true, webauthn:extension:prf: true, webauthn:virtualAuthenticators: true}
Session ID: d49adb19e0a06b4a4d6c423de39e74c6
	at org.openqa.selenium.support.ui.WebDriverWait.timeoutException(WebDriverWait.java:84)
	at org.openqa.selenium.support.ui.FluentWait.until(FluentWait.java:228)
	at lt.insoft.uztis.pages.SubmittedApplicationsPage.selectDropdownNecessaryForJob(SubmittedApplicationsPage.java:922)
	at lt.insoft.uztis.tests.SubmittedApplicationsPageTest.testFillNewDVPApplicationFA(SubmittedApplicationsPageTest.java:569)
	at java.base/jdk.internal.reflect.DirectMethodHandleAccessor.invoke(DirectMethodHandleAccessor.java:103)
	at java.base/java.lang.reflect.Method.invoke(Method.java:580)
	at org.junit.platform.commons.util.ReflectionUtils.invokeMethod(ReflectionUtils.java:728)
	at org.junit.jupiter.engine.execution.MethodInvocation.proceed(MethodInvocation.java:60)
	at org.junit.jupiter.engine.execution.InvocationInterceptorChain$ValidatingInvocation.proceed(InvocationInterceptorChain.java:131)
	at org.junit.jupiter.engine.extension.TimeoutExtension.intercept(TimeoutExtension.java:156)
	at org.junit.jupiter.engine.extension.TimeoutExtension.interceptTestableMethod(TimeoutExtension.java:147)
	at org.junit.jupiter.engine.extension.TimeoutExtension.interceptTestMethod(TimeoutExtension.java:86)
	at org.junit.jupiter.engine.execution.InterceptingExecutableInvoker$ReflectiveInterceptorCall.lambda$ofVoidMethod$0(InterceptingExecutableInvoker.java:103)
	at org.junit.jupiter.engine.execution.InterceptingExecutableInvoker.lambda$invoke$0(InterceptingExecutableInvoker.java:93)
	at org.junit.jupiter.engine.execution.InvocationInterceptorChain$InterceptedInvocation.proceed(InvocationInterceptorChain.java:106)
	at org.junit.jupiter.engine.execution.InvocationInterceptorChain.proceed(InvocationInterceptorChain.java:64)
	at org.junit.jupiter.engine.execution.InvocationInterceptorChain.chainAndInvoke(InvocationInterceptorChain.java:45)
	at org.junit.jupiter.engine.execution.InvocationInterceptorChain.invoke(InvocationInterceptorChain.java:37)
	at org.junit.jupiter.engine.execution.InterceptingExecutableInvoker.invoke(InterceptingExecutableInvoker.java:92)
	at org.junit.jupiter.engine.execution.InterceptingExecutableInvoker.invoke(InterceptingExecutableInvoker.java:86)
	at org.junit.jupiter.engine.descriptor.TestMethodTestDescriptor.lambda$invokeTestMethod$7(TestMethodTestDescriptor.java:218)
	at org.junit.platform.engine.support.hierarchical.ThrowableCollector.execute(ThrowableCollector.java:73)
	at org.junit.jupiter.engine.descriptor.TestMethodTestDescriptor.invokeTestMethod(TestMethodTestDescriptor.java:214)
	at org.junit.jupiter.engine.descriptor.TestMethodTestDescriptor.execute(TestMethodTestDescriptor.java:139)
	at org.junit.jupiter.engine.descriptor.TestMethodTestDescriptor.execute(TestMethodTestDescriptor.java:69)
	at org.junit.platform.engine.support.hierarchical.NodeTestTask.lambda$executeRecursively$6(NodeTestTask.java:151)
	at org.junit.platform.engine.support.hierarchical.ThrowableCollector.execute(ThrowableCollector.java:73)
	at org.junit.platform.engine.support.hierarchical.NodeTestTask.lambda$executeRecursively$8(NodeTestTask.java:141)
	at org.junit.platform.engine.support.hierarchical.Node.around(Node.java:137)
	at org.junit.platform.engine.support.hierarchical.NodeTestTask.lambda$executeRecursively$9(NodeTestTask.java:139)
	at org.junit.platform.engine.support.hierarchical.ThrowableCollector.execute(ThrowableCollector.java:73)
	at org.junit.platform.engine.support.hierarchical.NodeTestTask.executeRecursively(NodeTestTask.java:138)
	at org.junit.platform.engine.support.hierarchical.NodeTestTask.execute(NodeTestTask.java:95)
	at java.base/java.util.ArrayList.forEach(ArrayList.java:1596)
	at org.junit.platform.engine.support.hierarchical.SameThreadHierarchicalTestExecutorService.invokeAll(SameThreadHierarchicalTestExecutorService.java:41)
	at org.junit.platform.engine.support.hierarchical.NodeTestTask.lambda$executeRecursively$6(NodeTestTask.java:155)
	at org.junit.platform.engine.support.hierarchical.ThrowableCollector.execute(ThrowableCollector.java:73)
	at org.junit.platform.engine.support.hierarchical.NodeTestTask.lambda$executeRecursively$8(NodeTestTask.java:141)
	at org.junit.platform.engine.support.hierarchical.Node.around(Node.java:137)
	at org.junit.platform.engine.support.hierarchical.NodeTestTask.lambda$executeRecursively$9(NodeTestTask.java:139)
	at org.junit.platform.engine.support.hierarchical.ThrowableCollector.execute(ThrowableCollector.java:73)
	at org.junit.platform.engine.support.hierarchical.NodeTestTask.executeRecursively(NodeTestTask.java:138)
	at org.junit.platform.engine.support.hierarchical.NodeTestTask.execute(NodeTestTask.java:95)
	at java.base/java.util.ArrayList.forEach(ArrayList.java:1596)
	at org.junit.platform.engine.support.hierarchical.SameThreadHierarchicalTestExecutorService.invokeAll(SameThreadHierarchicalTestExecutorService.java:41)
	at org.junit.platform.engine.support.hierarchical.NodeTestTask.lambda$executeRecursively$6(NodeTestTask.java:155)
	at org.junit.platform.engine.support.hierarchical.ThrowableCollector.execute(ThrowableCollector.java:73)
	at org.junit.platform.engine.support.hierarchical.NodeTestTask.lambda$executeRecursively$8(NodeTestTask.java:141)
	at org.junit.platform.engine.support.hierarchical.Node.around(Node.java:137)
	at org.junit.platform.engine.support.hierarchical.NodeTestTask.lambda$executeRecursively$9(NodeTestTask.java:139)
	at org.junit.platform.engine.support.hierarchical.ThrowableCollector.execute(ThrowableCollector.java:73)
	at org.junit.platform.engine.support.hierarchical.NodeTestTask.executeRecursively(NodeTestTask.java:138)
	at org.junit.platform.engine.support.hierarchical.NodeTestTask.execute(NodeTestTask.java:95)
	at org.junit.platform.engine.support.hierarchical.SameThreadHierarchicalTestExecutorService.submit(SameThreadHierarchicalTestExecutorService.java:35)
	at org.junit.platform.engine.support.hierarchical.HierarchicalTestExecutor.execute(HierarchicalTestExecutor.java:57)
	at org.junit.platform.engine.support.hierarchical.HierarchicalTestEngine.execute(HierarchicalTestEngine.java:54)
	at org.junit.platform.launcher.core.EngineExecutionOrchestrator.execute(EngineExecutionOrchestrator.java:198)
	at org.junit.platform.launcher.core.EngineExecutionOrchestrator.execute(EngineExecutionOrchestrator.java:169)
	at org.junit.platform.launcher.core.EngineExecutionOrchestrator.execute(EngineExecutionOrchestrator.java:93)
	at org.junit.platform.launcher.core.EngineExecutionOrchestrator.lambda$execute$0(EngineExecutionOrchestrator.java:58)
	at org.junit.platform.launcher.core.EngineExecutionOrchestrator.withInterceptedStreams(EngineExecutionOrchestrator.java:141)
	at org.junit.platform.launcher.core.EngineExecutionOrchestrator.execute(EngineExecutionOrchestrator.java:57)
	at org.junit.platform.launcher.core.DefaultLauncher.execute(DefaultLauncher.java:103)
	at org.junit.platform.launcher.core.DefaultLauncher.execute(DefaultLauncher.java:85)
	at org.junit.platform.launcher.core.DelegatingLauncher.execute(DelegatingLauncher.java:47)
	at org.junit.platform.launcher.core.SessionPerRequestLauncher.execute(SessionPerRequestLauncher.java:63)
	at com.intellij.junit5.JUnit5IdeaTestRunner.startRunnerWithArgs(JUnit5IdeaTestRunner.java:57)
	at com.intellij.rt.junit.IdeaTestRunner$Repeater$1.execute(IdeaTestRunner.java:38)
	at com.intellij.rt.execution.junit.TestsRepeater.repeat(TestsRepeater.java:11)
	at com.intellij.rt.junit.IdeaTestRunner$Repeater.startRunnerWithArgs(IdeaTestRunner.java:35)
	at com.intellij.rt.junit.JUnitStarter.prepareStreamsAndStart(JUnitStarter.java:232)
	at com.intellij.rt.junit.JUnitStarter.main(JUnitStarter.java:55)
2025-02-06 14:20:14 [main] INFO  l.insoft.uztis.tests.utils.TestUtils - Screenshot moved to C:\Users\ingrida.zadorozniene\Desktop\Asm\UZTIS\UZTIS_tests\test-output\screenshots\20250206\142014795_testFillNewDVPApplicationFA().png
2025-02-06 14:28:09 [main] INFO  lt.insoft.uztis.tests.UztisPageTest - Navigated to https://uztisdev.asseco.lt/home
2025-02-06 14:28:09 [main] INFO  l.i.u.t.SubmittedApplicationsPageTest - Starting test:'testFillNewDVPApplicationFA'
2025-02-06 14:28:10 [main] DEBUG l.i.u.t.SubmittedApplicationsPageTest - User logged in with test credentials.
2025-02-06 14:28:10 [main] DEBUG l.i.u.t.SubmittedApplicationsPageTest - Opened 'Application Processing' menu.
2025-02-06 14:28:10 [main] DEBUG l.i.u.t.SubmittedApplicationsPageTest - Clicked on 'Application Forms' menu.
2025-02-06 14:28:11 [main] DEBUG l.i.u.t.SubmittedApplicationsPageTest - Retrieved last description code text: 'TST-DVP-73'.
2025-02-06 14:28:11 [main] DEBUG l.i.u.t.SubmittedApplicationsPageTest - Clicked on 'Invitation' menu.
2025-02-06 14:28:12 [main] DEBUG l.i.u.t.SubmittedApplicationsPageTest - Selected application section by code: 'TST-DVP-73'.
2025-02-06 14:28:12 [main] DEBUG l.i.u.t.SubmittedApplicationsPageTest - Clicked 'Search' button.
2025-02-06 14:28:12 [main] DEBUG l.i.u.t.SubmittedApplicationsPageTest - Retrieved invitation code: ''.
2025-02-06 14:28:12 [main] DEBUG l.i.u.t.SubmittedApplicationsPageTest - Clicked on 'Submitted Applications' menu.
2025-02-06 14:28:13 [main] DEBUG l.i.u.t.SubmittedApplicationsPageTest - Selected invitation by code: 'TST-DVP-73'.
2025-02-06 14:28:13 [main] DEBUG l.i.u.t.SubmittedApplicationsPageTest - Invitation code inserted.
2025-02-06 14:28:13 [main] DEBUG l.i.u.t.SubmittedApplicationsPageTest - Clicked on 'Action Application' button.
2025-02-06 14:28:14 [main] DEBUG l.i.u.t.SubmittedApplicationsPageTest - Clicked on 'New Application' button.
2025-02-06 14:28:14 [main] DEBUG l.i.u.t.SubmittedApplicationsPageTest - Selected the 'RadioButtonFA' option.
2025-02-06 14:28:14 [main] DEBUG l.i.u.t.SubmittedApplicationsPageTest - Entered phone number: '61298745'.
2025-02-06 14:28:14 [main] DEBUG l.i.u.t.SubmittedApplicationsPageTest - Entered email: 'test@autotest.com'.
2025-02-06 14:28:25 [main] DEBUG l.i.u.t.SubmittedApplicationsPageTest - Checked 'For workplace adaptation' checkbox 1.
2025-02-06 14:28:35 [main] DEBUG l.i.u.t.SubmittedApplicationsPageTest - Checked 'For environmental adaptation' checkbox 2.
2025-02-06 14:28:35 [main] INFO  l.i.u.p.SubmittedApplicationsPage - Located the dropdown button.
2025-02-06 14:28:49 [main] INFO  l.i.u.p.SubmittedApplicationsPage - Found 1741 options in the dropdown.
2025-02-06 14:28:49 [main] INFO  l.i.u.p.SubmittedApplicationsPage - Successfully selected the value: '01.11 - Grūdinių (išskyrus ryžius), ankštinių ir aliejingų sėklų augalų auginimas'
2025-02-06 14:29:00 [main] ERROR l.i.u.p.SubmittedApplicationsPage - Failed to close the dropdown with aria-expanded = 'false'. Attempting manual close.
2025-02-06 14:29:00 [main] INFO  l.i.u.p.SubmittedApplicationsPage - Manual close attempt for the dropdown using body click.
2025-02-06 14:29:00 [main] DEBUG l.i.u.t.SubmittedApplicationsPageTest - Selected EVRK value: '01.11 - Grūdinių (išskyrus ryžius), ankštinių ir aliejingų sėklų augalų auginimas'.
2025-02-06 14:29:00 [main] DEBUG l.i.u.t.SubmittedApplicationsPageTest - Entered address: 'Vilniaus m. sav., Vilnius, Testo g. 10T'.
2025-02-06 14:29:00 [main] DEBUG l.i.u.t.SubmittedApplicationsPageTest - Selected 'For already working' option.
2025-02-06 14:29:00 [main] DEBUG l.i.u.t.SubmittedApplicationsPageTest - Entered person count1: '1'.
2025-02-06 14:29:01 [main] DEBUG l.i.u.t.SubmittedApplicationsPageTest - Selected 'For new working' option.
2025-02-06 14:29:01 [main] DEBUG l.i.u.t.SubmittedApplicationsPageTest - Entered person count2: '1'.
2025-02-06 14:29:01 [main] DEBUG l.i.u.t.SubmittedApplicationsPageTest - Clicked 'Next' button after checkboxes.
2025-02-06 14:29:01 [main] INFO  l.i.u.p.SubmittedApplicationsPage - Located the dropdown button.
2025-02-06 14:29:02 [main] INFO  l.i.u.p.SubmittedApplicationsPage - Successfully selected the value: 'Administratoriai'
2025-02-06 14:29:33 [main] ERROR l.i.u.p.SubmittedApplicationsPage - Timeout while waiting for dropdown to close with aria-expanded = 'false'.
2025-02-06 14:29:33 [main] DEBUG l.i.u.t.SubmittedApplicationsPageTest - Selected adaptable job name: 'Administratoriai'.
2025-02-06 14:29:33 [main] DEBUG l.i.u.t.SubmittedApplicationsPageTest - Entered job date.
2025-02-06 14:29:33 [main] DEBUG l.i.u.t.SubmittedApplicationsPageTest - Entered job function: 'Funkcija 1'.
2025-02-06 14:29:33 [main] INFO  l.i.u.p.SubmittedApplicationsPage - Clicking on the dropdown button.
2025-02-06 14:29:33 [main] INFO  l.i.u.p.SubmittedApplicationsPage - Found 6 options in the dropdown.
2025-02-06 14:29:33 [main] DEBUG l.i.u.p.SubmittedApplicationsPage - Checking option: 'Lengvo neįgalumo lygis ar 45-55 procentų dalyvumo lygis (iki 2023 m. gruodžio 31 d. – 45-55 procentų darbingumo lygis)'
2025-02-06 14:29:33 [main] DEBUG l.i.u.p.SubmittedApplicationsPage - Checking option: 'Lengvo neįgalumo lygis ar 45-55 procentų dalyvumo lygis (iki 2023 m. gruodžio 31 d. – 45-55 procentų darbingumo lygis)'
2025-02-06 14:29:33 [main] DEBUG l.i.u.p.SubmittedApplicationsPage - Checking option: 'Sunkaus neįgalumo lygis ar neviršijantis 25 procentų dalyvumo lygis (iki 2023 metų gruodžio 31 dienos – iki 25 procentų darbingumo lygis)'
2025-02-06 14:29:33 [main] INFO  l.i.u.p.SubmittedApplicationsPage - Successfully selected the value: 'Sunkaus neįgalumo lygis ar neviršijantis 25 procentų dalyvumo lygis (iki 2023 metų gruodžio 31 dienos – iki 25 procentų darbingumo lygis)'
2025-02-06 14:29:33 [main] INFO  l.i.u.p.SubmittedApplicationsPage - Attempting to close the dropdown.
2025-02-06 14:29:44 [main] INFO  l.i.u.p.SubmittedApplicationsPage - Dropdown should be closed now.
2025-02-06 14:29:44 [main] DEBUG l.i.u.t.SubmittedApplicationsPageTest - Selected disabilities type: 'Sunkaus neįgalumo lygis ar neviršijantis 25 procentų dalyvumo lygis (iki 2023 metų gruodžio 31 dienos – iki 25 procentų darbingumo lygis)'.
2025-02-06 14:29:44 [main] DEBUG l.i.u.t.SubmittedApplicationsPageTest - Entered disability information: 'Negalia 1'.
2025-02-06 14:29:44 [main] DEBUG l.i.u.t.SubmittedApplicationsPageTest - Entered qualification: 'Kvalifikacija 1'.
2025-02-06 14:29:45 [main] DEBUG l.i.u.t.SubmittedApplicationsPageTest - Entered job description: 'Darbo vietos aprašymas 1'.
2025-02-06 14:29:45 [main] DEBUG l.i.u.t.SubmittedApplicationsPageTest - Entered equipment description: 'Priemonių įsigyjimas 1'.
2025-02-06 14:29:45 [main] DEBUG l.i.u.t.SubmittedApplicationsPageTest - Entered work information: 'Darbai 1'.
2025-02-06 14:29:45 [main] INFO  l.i.u.p.SubmittedApplicationsPage - Located the dropdown button.
2025-02-06 14:29:45 [main] INFO  l.i.u.p.SubmittedApplicationsPage - Successfully selected the value: 'Kita'
2025-02-06 14:29:56 [main] ERROR l.i.u.p.SubmittedApplicationsPage - Timeout while waiting for dropdown to close with aria-expanded = 'false'.
2025-02-06 14:29:56 [main] DEBUG l.i.u.t.SubmittedApplicationsPageTest - Selected time mode: 'Kita'.
2025-02-06 14:29:56 [main] DEBUG l.i.u.t.SubmittedApplicationsPageTest - Selected time mode other: '6 val. per dieną ir 4 d. per savaitę'.
2025-02-06 14:29:56 [main] DEBUG l.i.u.t.SubmittedApplicationsPageTest - Entered salary amount: '1200'.
2025-02-06 14:29:56 [main] INFO  l.i.u.p.SubmittedApplicationsPage - Located the dropdown button.
2025-02-06 14:29:57 [main] INFO  l.i.u.p.SubmittedApplicationsPage - Successfully selected the value: 'Darbo vietos pritaikymui'
2025-02-06 14:30:27 [main] ERROR l.i.u.p.SubmittedApplicationsPage - Timeout while waiting for dropdown to close with aria-expanded = 'false'.
2025-02-06 14:30:27 [main] DEBUG l.i.u.t.SubmittedApplicationsPageTest - Selected adaptable job name: 'Darbo vietos pritaikymui'.
2025-02-06 14:30:27 [main] INFO  l.i.u.p.SubmittedApplicationsPage - Located the dropdown button.
2025-02-06 14:30:47 [main] ERROR l.i.u.t.SubmittedApplicationsPageTest - Test 'testFillNewDVPApplicationFA' failed with error: Expected condition failed: waiting for element to be clickable: [[ChromeDriver: chrome on windows (1c1cc9794620e46dbe5f9766599c82f9)] -> xpath: //label[contains(@class, 'mdc-floating-label') and .//mat-label[contains(., 'Reikalinga')]]] (tried for 20 second(s) with 500 milliseconds interval)
Build info: version: '4.27.0', revision: 'd6e718d134'
System info: os.name: 'Windows 11', os.arch: 'amd64', os.version: '10.0', java.version: '21.0.3'
Driver info: org.openqa.selenium.chrome.ChromeDriver
Capabilities {acceptInsecureCerts: false, browserName: chrome, browserVersion: 132.0.6834.160, chrome: {chromedriverVersion: 132.0.6834.159 (2d77d3fc445..., userDataDir: C:\Users\INGRID~1.ZAD\AppDa...}, fedcm:accounts: true, goog:chromeOptions: {debuggerAddress: localhost:50037}, networkConnectionEnabled: false, pageLoadStrategy: normal, platformName: windows, proxy: Proxy(), se:cdp: ws://localhost:50037/devtoo..., se:cdpVersion: 132.0.6834.160, setWindowRect: true, strictFileInteractability: false, timeouts: {implicit: 0, pageLoad: 300000, script: 30000}, unhandledPromptBehavior: dismiss and notify, webauthn:extension:credBlob: true, webauthn:extension:largeBlob: true, webauthn:extension:minPinLength: true, webauthn:extension:prf: true, webauthn:virtualAuthenticators: true}
Session ID: 1c1cc9794620e46dbe5f9766599c82f9
org.openqa.selenium.TimeoutException: Expected condition failed: waiting for element to be clickable: [[ChromeDriver: chrome on windows (1c1cc9794620e46dbe5f9766599c82f9)] -> xpath: //label[contains(@class, 'mdc-floating-label') and .//mat-label[contains(., 'Reikalinga')]]] (tried for 20 second(s) with 500 milliseconds interval)
Build info: version: '4.27.0', revision: 'd6e718d134'
System info: os.name: 'Windows 11', os.arch: 'amd64', os.version: '10.0', java.version: '21.0.3'
Driver info: org.openqa.selenium.chrome.ChromeDriver
Capabilities {acceptInsecureCerts: false, browserName: chrome, browserVersion: 132.0.6834.160, chrome: {chromedriverVersion: 132.0.6834.159 (2d77d3fc445..., userDataDir: C:\Users\INGRID~1.ZAD\AppDa...}, fedcm:accounts: true, goog:chromeOptions: {debuggerAddress: localhost:50037}, networkConnectionEnabled: false, pageLoadStrategy: normal, platformName: windows, proxy: Proxy(), se:cdp: ws://localhost:50037/devtoo..., se:cdpVersion: 132.0.6834.160, setWindowRect: true, strictFileInteractability: false, timeouts: {implicit: 0, pageLoad: 300000, script: 30000}, unhandledPromptBehavior: dismiss and notify, webauthn:extension:credBlob: true, webauthn:extension:largeBlob: true, webauthn:extension:minPinLength: true, webauthn:extension:prf: true, webauthn:virtualAuthenticators: true}
Session ID: 1c1cc9794620e46dbe5f9766599c82f9
	at org.openqa.selenium.support.ui.WebDriverWait.timeoutException(WebDriverWait.java:84)
	at org.openqa.selenium.support.ui.FluentWait.until(FluentWait.java:228)
	at lt.insoft.uztis.pages.SubmittedApplicationsPage.selectDropdownNecessaryForJobDVP(SubmittedApplicationsPage.java:953)
	at lt.insoft.uztis.tests.SubmittedApplicationsPageTest.testFillNewDVPApplicationFA(SubmittedApplicationsPageTest.java:569)
	at java.base/jdk.internal.reflect.DirectMethodHandleAccessor.invoke(DirectMethodHandleAccessor.java:103)
	at java.base/java.lang.reflect.Method.invoke(Method.java:580)
	at org.junit.platform.commons.util.ReflectionUtils.invokeMethod(ReflectionUtils.java:728)
	at org.junit.jupiter.engine.execution.MethodInvocation.proceed(MethodInvocation.java:60)
	at org.junit.jupiter.engine.execution.InvocationInterceptorChain$ValidatingInvocation.proceed(InvocationInterceptorChain.java:131)
	at org.junit.jupiter.engine.extension.TimeoutExtension.intercept(TimeoutExtension.java:156)
	at org.junit.jupiter.engine.extension.TimeoutExtension.interceptTestableMethod(TimeoutExtension.java:147)
	at org.junit.jupiter.engine.extension.TimeoutExtension.interceptTestMethod(TimeoutExtension.java:86)
	at org.junit.jupiter.engine.execution.InterceptingExecutableInvoker$ReflectiveInterceptorCall.lambda$ofVoidMethod$0(InterceptingExecutableInvoker.java:103)
	at org.junit.jupiter.engine.execution.InterceptingExecutableInvoker.lambda$invoke$0(InterceptingExecutableInvoker.java:93)
	at org.junit.jupiter.engine.execution.InvocationInterceptorChain$InterceptedInvocation.proceed(InvocationInterceptorChain.java:106)
	at org.junit.jupiter.engine.execution.InvocationInterceptorChain.proceed(InvocationInterceptorChain.java:64)
	at org.junit.jupiter.engine.execution.InvocationInterceptorChain.chainAndInvoke(InvocationInterceptorChain.java:45)
	at org.junit.jupiter.engine.execution.InvocationInterceptorChain.invoke(InvocationInterceptorChain.java:37)
	at org.junit.jupiter.engine.execution.InterceptingExecutableInvoker.invoke(InterceptingExecutableInvoker.java:92)
	at org.junit.jupiter.engine.execution.InterceptingExecutableInvoker.invoke(InterceptingExecutableInvoker.java:86)
	at org.junit.jupiter.engine.descriptor.TestMethodTestDescriptor.lambda$invokeTestMethod$7(TestMethodTestDescriptor.java:218)
	at org.junit.platform.engine.support.hierarchical.ThrowableCollector.execute(ThrowableCollector.java:73)
	at org.junit.jupiter.engine.descriptor.TestMethodTestDescriptor.invokeTestMethod(TestMethodTestDescriptor.java:214)
	at org.junit.jupiter.engine.descriptor.TestMethodTestDescriptor.execute(TestMethodTestDescriptor.java:139)
	at org.junit.jupiter.engine.descriptor.TestMethodTestDescriptor.execute(TestMethodTestDescriptor.java:69)
	at org.junit.platform.engine.support.hierarchical.NodeTestTask.lambda$executeRecursively$6(NodeTestTask.java:151)
	at org.junit.platform.engine.support.hierarchical.ThrowableCollector.execute(ThrowableCollector.java:73)
	at org.junit.platform.engine.support.hierarchical.NodeTestTask.lambda$executeRecursively$8(NodeTestTask.java:141)
	at org.junit.platform.engine.support.hierarchical.Node.around(Node.java:137)
	at org.junit.platform.engine.support.hierarchical.NodeTestTask.lambda$executeRecursively$9(NodeTestTask.java:139)
	at org.junit.platform.engine.support.hierarchical.ThrowableCollector.execute(ThrowableCollector.java:73)
	at org.junit.platform.engine.support.hierarchical.NodeTestTask.executeRecursively(NodeTestTask.java:138)
	at org.junit.platform.engine.support.hierarchical.NodeTestTask.execute(NodeTestTask.java:95)
	at java.base/java.util.ArrayList.forEach(ArrayList.java:1596)
	at org.junit.platform.engine.support.hierarchical.SameThreadHierarchicalTestExecutorService.invokeAll(SameThreadHierarchicalTestExecutorService.java:41)
	at org.junit.platform.engine.support.hierarchical.NodeTestTask.lambda$executeRecursively$6(NodeTestTask.java:155)
	at org.junit.platform.engine.support.hierarchical.ThrowableCollector.execute(ThrowableCollector.java:73)
	at org.junit.platform.engine.support.hierarchical.NodeTestTask.lambda$executeRecursively$8(NodeTestTask.java:141)
	at org.junit.platform.engine.support.hierarchical.Node.around(Node.java:137)
	at org.junit.platform.engine.support.hierarchical.NodeTestTask.lambda$executeRecursively$9(NodeTestTask.java:139)
	at org.junit.platform.engine.support.hierarchical.ThrowableCollector.execute(ThrowableCollector.java:73)
	at org.junit.platform.engine.support.hierarchical.NodeTestTask.executeRecursively(NodeTestTask.java:138)
	at org.junit.platform.engine.support.hierarchical.NodeTestTask.execute(NodeTestTask.java:95)
	at java.base/java.util.ArrayList.forEach(ArrayList.java:1596)
	at org.junit.platform.engine.support.hierarchical.SameThreadHierarchicalTestExecutorService.invokeAll(SameThreadHierarchicalTestExecutorService.java:41)
	at org.junit.platform.engine.support.hierarchical.NodeTestTask.lambda$executeRecursively$6(NodeTestTask.java:155)
	at org.junit.platform.engine.support.hierarchical.ThrowableCollector.execute(ThrowableCollector.java:73)
	at org.junit.platform.engine.support.hierarchical.NodeTestTask.lambda$executeRecursively$8(NodeTestTask.java:141)
	at org.junit.platform.engine.support.hierarchical.Node.around(Node.java:137)
	at org.junit.platform.engine.support.hierarchical.NodeTestTask.lambda$executeRecursively$9(NodeTestTask.java:139)
	at org.junit.platform.engine.support.hierarchical.ThrowableCollector.execute(ThrowableCollector.java:73)
	at org.junit.platform.engine.support.hierarchical.NodeTestTask.executeRecursively(NodeTestTask.java:138)
	at org.junit.platform.engine.support.hierarchical.NodeTestTask.execute(NodeTestTask.java:95)
	at org.junit.platform.engine.support.hierarchical.SameThreadHierarchicalTestExecutorService.submit(SameThreadHierarchicalTestExecutorService.java:35)
	at org.junit.platform.engine.support.hierarchical.HierarchicalTestExecutor.execute(HierarchicalTestExecutor.java:57)
	at org.junit.platform.engine.support.hierarchical.HierarchicalTestEngine.execute(HierarchicalTestEngine.java:54)
	at org.junit.platform.launcher.core.EngineExecutionOrchestrator.execute(EngineExecutionOrchestrator.java:198)
	at org.junit.platform.launcher.core.EngineExecutionOrchestrator.execute(EngineExecutionOrchestrator.java:169)
	at org.junit.platform.launcher.core.EngineExecutionOrchestrator.execute(EngineExecutionOrchestrator.java:93)
	at org.junit.platform.launcher.core.EngineExecutionOrchestrator.lambda$execute$0(EngineExecutionOrchestrator.java:58)
	at org.junit.platform.launcher.core.EngineExecutionOrchestrator.withInterceptedStreams(EngineExecutionOrchestrator.java:141)
	at org.junit.platform.launcher.core.EngineExecutionOrchestrator.execute(EngineExecutionOrchestrator.java:57)
	at org.junit.platform.launcher.core.DefaultLauncher.execute(DefaultLauncher.java:103)
	at org.junit.platform.launcher.core.DefaultLauncher.execute(DefaultLauncher.java:85)
	at org.junit.platform.launcher.core.DelegatingLauncher.execute(DelegatingLauncher.java:47)
	at org.junit.platform.launcher.core.SessionPerRequestLauncher.execute(SessionPerRequestLauncher.java:63)
	at com.intellij.junit5.JUnit5IdeaTestRunner.startRunnerWithArgs(JUnit5IdeaTestRunner.java:57)
	at com.intellij.rt.junit.IdeaTestRunner$Repeater$1.execute(IdeaTestRunner.java:38)
	at com.intellij.rt.execution.junit.TestsRepeater.repeat(TestsRepeater.java:11)
	at com.intellij.rt.junit.IdeaTestRunner$Repeater.startRunnerWithArgs(IdeaTestRunner.java:35)
	at com.intellij.rt.junit.JUnitStarter.prepareStreamsAndStart(JUnitStarter.java:232)
	at com.intellij.rt.junit.JUnitStarter.main(JUnitStarter.java:55)
2025-02-06 14:30:47 [main] INFO  l.insoft.uztis.tests.utils.TestUtils - Screenshot moved to C:\Users\ingrida.zadorozniene\Desktop\Asm\UZTIS\UZTIS_tests\test-output\screenshots\20250206\143047760_testFillNewDVPApplicationFA().png
2025-02-06 14:42:31 [main] INFO  lt.insoft.uztis.tests.UztisPageTest - Navigated to https://uztisdev.asseco.lt/home
2025-02-06 14:42:31 [main] INFO  l.i.u.t.SubmittedApplicationsPageTest - Starting test:'testFillNewDVPApplicationFA'
2025-02-06 14:42:31 [main] DEBUG l.i.u.t.SubmittedApplicationsPageTest - User logged in with test credentials.
2025-02-06 14:42:32 [main] DEBUG l.i.u.t.SubmittedApplicationsPageTest - Opened 'Application Processing' menu.
2025-02-06 14:42:32 [main] DEBUG l.i.u.t.SubmittedApplicationsPageTest - Clicked on 'Application Forms' menu.
2025-02-06 14:42:33 [main] DEBUG l.i.u.t.SubmittedApplicationsPageTest - Retrieved last description code text: 'TST-DVP-73'.
2025-02-06 14:42:33 [main] DEBUG l.i.u.t.SubmittedApplicationsPageTest - Clicked on 'Invitation' menu.
2025-02-06 14:42:34 [main] DEBUG l.i.u.t.SubmittedApplicationsPageTest - Selected application section by code: 'TST-DVP-73'.
2025-02-06 14:42:34 [main] DEBUG l.i.u.t.SubmittedApplicationsPageTest - Clicked 'Search' button.
2025-02-06 14:42:34 [main] DEBUG l.i.u.t.SubmittedApplicationsPageTest - Retrieved invitation code: ''.
2025-02-06 14:42:34 [main] DEBUG l.i.u.t.SubmittedApplicationsPageTest - Clicked on 'Submitted Applications' menu.
2025-02-06 14:42:35 [main] DEBUG l.i.u.t.SubmittedApplicationsPageTest - Selected invitation by code: 'TST-DVP-73'.
2025-02-06 14:42:35 [main] DEBUG l.i.u.t.SubmittedApplicationsPageTest - Invitation code inserted.
2025-02-06 14:42:35 [main] DEBUG l.i.u.t.SubmittedApplicationsPageTest - Clicked on 'Action Application' button.
2025-02-06 14:42:35 [main] DEBUG l.i.u.t.SubmittedApplicationsPageTest - Clicked on 'New Application' button.
2025-02-06 14:42:36 [main] DEBUG l.i.u.t.SubmittedApplicationsPageTest - Selected the 'RadioButtonFA' option.
2025-02-06 14:42:36 [main] DEBUG l.i.u.t.SubmittedApplicationsPageTest - Entered phone number: '61298745'.
2025-02-06 14:42:36 [main] DEBUG l.i.u.t.SubmittedApplicationsPageTest - Entered email: 'test@autotest.com'.
2025-02-06 14:42:46 [main] DEBUG l.i.u.t.SubmittedApplicationsPageTest - Checked 'For workplace adaptation' checkbox 1.
2025-02-06 14:42:57 [main] DEBUG l.i.u.t.SubmittedApplicationsPageTest - Checked 'For environmental adaptation' checkbox 2.
2025-02-06 14:42:57 [main] INFO  l.i.u.p.SubmittedApplicationsPage - Located the dropdown button.
2025-02-06 14:43:11 [main] INFO  l.i.u.p.SubmittedApplicationsPage - Found 1741 options in the dropdown.
2025-02-06 14:43:12 [main] INFO  l.i.u.p.SubmittedApplicationsPage - Successfully selected the value: '01.11 - Grūdinių (išskyrus ryžius), ankštinių ir aliejingų sėklų augalų auginimas'
2025-02-06 14:43:22 [main] ERROR l.i.u.p.SubmittedApplicationsPage - Failed to close the dropdown with aria-expanded = 'false'. Attempting manual close.
2025-02-06 14:43:22 [main] INFO  l.i.u.p.SubmittedApplicationsPage - Manual close attempt for the dropdown using body click.
2025-02-06 14:43:22 [main] DEBUG l.i.u.t.SubmittedApplicationsPageTest - Selected EVRK value: '01.11 - Grūdinių (išskyrus ryžius), ankštinių ir aliejingų sėklų augalų auginimas'.
2025-02-06 14:43:22 [main] DEBUG l.i.u.t.SubmittedApplicationsPageTest - Entered address: 'Vilniaus m. sav., Vilnius, Testo g. 10T'.
2025-02-06 14:43:22 [main] DEBUG l.i.u.t.SubmittedApplicationsPageTest - Selected 'For already working' option.
2025-02-06 14:43:22 [main] DEBUG l.i.u.t.SubmittedApplicationsPageTest - Entered person count1: '1'.
2025-02-06 14:43:23 [main] DEBUG l.i.u.t.SubmittedApplicationsPageTest - Selected 'For new working' option.
2025-02-06 14:43:23 [main] DEBUG l.i.u.t.SubmittedApplicationsPageTest - Entered person count2: '1'.
2025-02-06 14:43:23 [main] DEBUG l.i.u.t.SubmittedApplicationsPageTest - Clicked 'Next' button after checkboxes.
2025-02-06 14:43:23 [main] INFO  l.i.u.p.SubmittedApplicationsPage - Located the dropdown button.
2025-02-06 14:43:24 [main] INFO  l.i.u.p.SubmittedApplicationsPage - Successfully selected the value: 'Administratoriai'
2025-02-06 14:43:54 [main] ERROR l.i.u.p.SubmittedApplicationsPage - Timeout while waiting for dropdown to close with aria-expanded = 'false'.
2025-02-06 14:43:54 [main] DEBUG l.i.u.t.SubmittedApplicationsPageTest - Selected adaptable job name: 'Administratoriai'.
2025-02-06 14:43:54 [main] DEBUG l.i.u.t.SubmittedApplicationsPageTest - Entered job date.
2025-02-06 14:43:55 [main] DEBUG l.i.u.t.SubmittedApplicationsPageTest - Entered job function: 'Funkcija 1'.
2025-02-06 14:43:55 [main] INFO  l.i.u.p.SubmittedApplicationsPage - Clicking on the dropdown button.
2025-02-06 14:43:55 [main] INFO  l.i.u.p.SubmittedApplicationsPage - Found 6 options in the dropdown.
2025-02-06 14:43:55 [main] DEBUG l.i.u.p.SubmittedApplicationsPage - Checking option: 'Lengvo neįgalumo lygis ar 45-55 procentų dalyvumo lygis (iki 2023 m. gruodžio 31 d. – 45-55 procentų darbingumo lygis)'
2025-02-06 14:43:55 [main] DEBUG l.i.u.p.SubmittedApplicationsPage - Checking option: 'Lengvo neįgalumo lygis ar 45-55 procentų dalyvumo lygis (iki 2023 m. gruodžio 31 d. – 45-55 procentų darbingumo lygis)'
2025-02-06 14:43:55 [main] DEBUG l.i.u.p.SubmittedApplicationsPage - Checking option: 'Sunkaus neįgalumo lygis ar neviršijantis 25 procentų dalyvumo lygis (iki 2023 metų gruodžio 31 dienos – iki 25 procentų darbingumo lygis)'
2025-02-06 14:43:55 [main] INFO  l.i.u.p.SubmittedApplicationsPage - Successfully selected the value: 'Sunkaus neįgalumo lygis ar neviršijantis 25 procentų dalyvumo lygis (iki 2023 metų gruodžio 31 dienos – iki 25 procentų darbingumo lygis)'
2025-02-06 14:43:55 [main] INFO  l.i.u.p.SubmittedApplicationsPage - Attempting to close the dropdown.
2025-02-06 14:44:06 [main] INFO  l.i.u.p.SubmittedApplicationsPage - Dropdown should be closed now.
2025-02-06 14:44:06 [main] DEBUG l.i.u.t.SubmittedApplicationsPageTest - Selected disabilities type: 'Sunkaus neįgalumo lygis ar neviršijantis 25 procentų dalyvumo lygis (iki 2023 metų gruodžio 31 dienos – iki 25 procentų darbingumo lygis)'.
2025-02-06 14:44:06 [main] DEBUG l.i.u.t.SubmittedApplicationsPageTest - Entered disability information: 'Negalia 1'.
2025-02-06 14:44:06 [main] DEBUG l.i.u.t.SubmittedApplicationsPageTest - Entered qualification: 'Kvalifikacija 1'.
2025-02-06 14:44:07 [main] DEBUG l.i.u.t.SubmittedApplicationsPageTest - Entered job description: 'Darbo vietos aprašymas 1'.
2025-02-06 14:44:07 [main] DEBUG l.i.u.t.SubmittedApplicationsPageTest - Entered equipment description: 'Priemonių įsigyjimas 1'.
2025-02-06 14:44:07 [main] DEBUG l.i.u.t.SubmittedApplicationsPageTest - Entered work information: 'Darbai 1'.
2025-02-06 14:44:07 [main] INFO  l.i.u.p.SubmittedApplicationsPage - Located the dropdown button.
2025-02-06 14:44:08 [main] INFO  l.i.u.p.SubmittedApplicationsPage - Successfully selected the value: 'Kita'
2025-02-06 14:44:18 [main] ERROR l.i.u.p.SubmittedApplicationsPage - Timeout while waiting for dropdown to close with aria-expanded = 'false'.
2025-02-06 14:44:18 [main] DEBUG l.i.u.t.SubmittedApplicationsPageTest - Selected time mode: 'Kita'.
2025-02-06 14:44:18 [main] DEBUG l.i.u.t.SubmittedApplicationsPageTest - Selected time mode other: '6 val. per dieną ir 4 d. per savaitę'.
2025-02-06 14:44:19 [main] DEBUG l.i.u.t.SubmittedApplicationsPageTest - Entered salary amount: '1200'.
2025-02-06 14:44:19 [main] INFO  l.i.u.p.SubmittedApplicationsPage - Located the dropdown button.
2025-02-06 14:44:19 [main] INFO  l.i.u.p.SubmittedApplicationsPage - Successfully selected the value: 'Darbo vietos pritaikymui'
2025-02-06 14:44:49 [main] ERROR l.i.u.p.SubmittedApplicationsPage - Timeout while waiting for dropdown to close with aria-expanded = 'false'.
2025-02-06 14:44:49 [main] DEBUG l.i.u.t.SubmittedApplicationsPageTest - Selected adaptable job name: 'Darbo vietos pritaikymui'.
2025-02-06 14:44:49 [main] INFO  l.i.u.p.SubmittedApplicationsPage - Located the dropdown button.
2025-02-06 14:45:39 [main] ERROR l.i.u.t.SubmittedApplicationsPageTest - Test 'testFillNewDVPApplicationFA' failed with error: Expected condition failed: waiting for element to be clickable: [[ChromeDriver: chrome on windows (7db1da8a1962666c00f68a763098ec00)] -> xpath: //label[contains(@class, 'mdc-floating-label') and .//mat-label[contains(., 'Reikalinga')]]] (tried for 50 second(s) with 500 milliseconds interval)
Build info: version: '4.27.0', revision: 'd6e718d134'
System info: os.name: 'Windows 11', os.arch: 'amd64', os.version: '10.0', java.version: '21.0.3'
Driver info: org.openqa.selenium.chrome.ChromeDriver
Capabilities {acceptInsecureCerts: false, browserName: chrome, browserVersion: 132.0.6834.160, chrome: {chromedriverVersion: 132.0.6834.159 (2d77d3fc445..., userDataDir: C:\Users\INGRID~1.ZAD\AppDa...}, fedcm:accounts: true, goog:chromeOptions: {debuggerAddress: localhost:50533}, networkConnectionEnabled: false, pageLoadStrategy: normal, platformName: windows, proxy: Proxy(), se:cdp: ws://localhost:50533/devtoo..., se:cdpVersion: 132.0.6834.160, setWindowRect: true, strictFileInteractability: false, timeouts: {implicit: 0, pageLoad: 300000, script: 30000}, unhandledPromptBehavior: dismiss and notify, webauthn:extension:credBlob: true, webauthn:extension:largeBlob: true, webauthn:extension:minPinLength: true, webauthn:extension:prf: true, webauthn:virtualAuthenticators: true}
Session ID: 7db1da8a1962666c00f68a763098ec00
org.openqa.selenium.TimeoutException: Expected condition failed: waiting for element to be clickable: [[ChromeDriver: chrome on windows (7db1da8a1962666c00f68a763098ec00)] -> xpath: //label[contains(@class, 'mdc-floating-label') and .//mat-label[contains(., 'Reikalinga')]]] (tried for 50 second(s) with 500 milliseconds interval)
Build info: version: '4.27.0', revision: 'd6e718d134'
System info: os.name: 'Windows 11', os.arch: 'amd64', os.version: '10.0', java.version: '21.0.3'
Driver info: org.openqa.selenium.chrome.ChromeDriver
Capabilities {acceptInsecureCerts: false, browserName: chrome, browserVersion: 132.0.6834.160, chrome: {chromedriverVersion: 132.0.6834.159 (2d77d3fc445..., userDataDir: C:\Users\INGRID~1.ZAD\AppDa...}, fedcm:accounts: true, goog:chromeOptions: {debuggerAddress: localhost:50533}, networkConnectionEnabled: false, pageLoadStrategy: normal, platformName: windows, proxy: Proxy(), se:cdp: ws://localhost:50533/devtoo..., se:cdpVersion: 132.0.6834.160, setWindowRect: true, strictFileInteractability: false, timeouts: {implicit: 0, pageLoad: 300000, script: 30000}, unhandledPromptBehavior: dismiss and notify, webauthn:extension:credBlob: true, webauthn:extension:largeBlob: true, webauthn:extension:minPinLength: true, webauthn:extension:prf: true, webauthn:virtualAuthenticators: true}
Session ID: 7db1da8a1962666c00f68a763098ec00
	at org.openqa.selenium.support.ui.WebDriverWait.timeoutException(WebDriverWait.java:84)
	at org.openqa.selenium.support.ui.FluentWait.until(FluentWait.java:228)
	at lt.insoft.uztis.pages.SubmittedApplicationsPage.selectDropdownNecessaryForJobDVP(SubmittedApplicationsPage.java:953)
	at lt.insoft.uztis.tests.SubmittedApplicationsPageTest.testFillNewDVPApplicationFA(SubmittedApplicationsPageTest.java:569)
	at java.base/jdk.internal.reflect.DirectMethodHandleAccessor.invoke(DirectMethodHandleAccessor.java:103)
	at java.base/java.lang.reflect.Method.invoke(Method.java:580)
	at org.junit.platform.commons.util.ReflectionUtils.invokeMethod(ReflectionUtils.java:728)
	at org.junit.jupiter.engine.execution.MethodInvocation.proceed(MethodInvocation.java:60)
	at org.junit.jupiter.engine.execution.InvocationInterceptorChain$ValidatingInvocation.proceed(InvocationInterceptorChain.java:131)
	at org.junit.jupiter.engine.extension.TimeoutExtension.intercept(TimeoutExtension.java:156)
	at org.junit.jupiter.engine.extension.TimeoutExtension.interceptTestableMethod(TimeoutExtension.java:147)
	at org.junit.jupiter.engine.extension.TimeoutExtension.interceptTestMethod(TimeoutExtension.java:86)
	at org.junit.jupiter.engine.execution.InterceptingExecutableInvoker$ReflectiveInterceptorCall.lambda$ofVoidMethod$0(InterceptingExecutableInvoker.java:103)
	at org.junit.jupiter.engine.execution.InterceptingExecutableInvoker.lambda$invoke$0(InterceptingExecutableInvoker.java:93)
	at org.junit.jupiter.engine.execution.InvocationInterceptorChain$InterceptedInvocation.proceed(InvocationInterceptorChain.java:106)
	at org.junit.jupiter.engine.execution.InvocationInterceptorChain.proceed(InvocationInterceptorChain.java:64)
	at org.junit.jupiter.engine.execution.InvocationInterceptorChain.chainAndInvoke(InvocationInterceptorChain.java:45)
	at org.junit.jupiter.engine.execution.InvocationInterceptorChain.invoke(InvocationInterceptorChain.java:37)
	at org.junit.jupiter.engine.execution.InterceptingExecutableInvoker.invoke(InterceptingExecutableInvoker.java:92)
	at org.junit.jupiter.engine.execution.InterceptingExecutableInvoker.invoke(InterceptingExecutableInvoker.java:86)
	at org.junit.jupiter.engine.descriptor.TestMethodTestDescriptor.lambda$invokeTestMethod$7(TestMethodTestDescriptor.java:218)
	at org.junit.platform.engine.support.hierarchical.ThrowableCollector.execute(ThrowableCollector.java:73)
	at org.junit.jupiter.engine.descriptor.TestMethodTestDescriptor.invokeTestMethod(TestMethodTestDescriptor.java:214)
	at org.junit.jupiter.engine.descriptor.TestMethodTestDescriptor.execute(TestMethodTestDescriptor.java:139)
	at org.junit.jupiter.engine.descriptor.TestMethodTestDescriptor.execute(TestMethodTestDescriptor.java:69)
	at org.junit.platform.engine.support.hierarchical.NodeTestTask.lambda$executeRecursively$6(NodeTestTask.java:151)
	at org.junit.platform.engine.support.hierarchical.ThrowableCollector.execute(ThrowableCollector.java:73)
	at org.junit.platform.engine.support.hierarchical.NodeTestTask.lambda$executeRecursively$8(NodeTestTask.java:141)
	at org.junit.platform.engine.support.hierarchical.Node.around(Node.java:137)
	at org.junit.platform.engine.support.hierarchical.NodeTestTask.lambda$executeRecursively$9(NodeTestTask.java:139)
	at org.junit.platform.engine.support.hierarchical.ThrowableCollector.execute(ThrowableCollector.java:73)
	at org.junit.platform.engine.support.hierarchical.NodeTestTask.executeRecursively(NodeTestTask.java:138)
	at org.junit.platform.engine.support.hierarchical.NodeTestTask.execute(NodeTestTask.java:95)
	at java.base/java.util.ArrayList.forEach(ArrayList.java:1596)
	at org.junit.platform.engine.support.hierarchical.SameThreadHierarchicalTestExecutorService.invokeAll(SameThreadHierarchicalTestExecutorService.java:41)
	at org.junit.platform.engine.support.hierarchical.NodeTestTask.lambda$executeRecursively$6(NodeTestTask.java:155)
	at org.junit.platform.engine.support.hierarchical.ThrowableCollector.execute(ThrowableCollector.java:73)
	at org.junit.platform.engine.support.hierarchical.NodeTestTask.lambda$executeRecursively$8(NodeTestTask.java:141)
	at org.junit.platform.engine.support.hierarchical.Node.around(Node.java:137)
	at org.junit.platform.engine.support.hierarchical.NodeTestTask.lambda$executeRecursively$9(NodeTestTask.java:139)
	at org.junit.platform.engine.support.hierarchical.ThrowableCollector.execute(ThrowableCollector.java:73)
	at org.junit.platform.engine.support.hierarchical.NodeTestTask.executeRecursively(NodeTestTask.java:138)
	at org.junit.platform.engine.support.hierarchical.NodeTestTask.execute(NodeTestTask.java:95)
	at java.base/java.util.ArrayList.forEach(ArrayList.java:1596)
	at org.junit.platform.engine.support.hierarchical.SameThreadHierarchicalTestExecutorService.invokeAll(SameThreadHierarchicalTestExecutorService.java:41)
	at org.junit.platform.engine.support.hierarchical.NodeTestTask.lambda$executeRecursively$6(NodeTestTask.java:155)
	at org.junit.platform.engine.support.hierarchical.ThrowableCollector.execute(ThrowableCollector.java:73)
	at org.junit.platform.engine.support.hierarchical.NodeTestTask.lambda$executeRecursively$8(NodeTestTask.java:141)
	at org.junit.platform.engine.support.hierarchical.Node.around(Node.java:137)
	at org.junit.platform.engine.support.hierarchical.NodeTestTask.lambda$executeRecursively$9(NodeTestTask.java:139)
	at org.junit.platform.engine.support.hierarchical.ThrowableCollector.execute(ThrowableCollector.java:73)
	at org.junit.platform.engine.support.hierarchical.NodeTestTask.executeRecursively(NodeTestTask.java:138)
	at org.junit.platform.engine.support.hierarchical.NodeTestTask.execute(NodeTestTask.java:95)
	at org.junit.platform.engine.support.hierarchical.SameThreadHierarchicalTestExecutorService.submit(SameThreadHierarchicalTestExecutorService.java:35)
	at org.junit.platform.engine.support.hierarchical.HierarchicalTestExecutor.execute(HierarchicalTestExecutor.java:57)
	at org.junit.platform.engine.support.hierarchical.HierarchicalTestEngine.execute(HierarchicalTestEngine.java:54)
	at org.junit.platform.launcher.core.EngineExecutionOrchestrator.execute(EngineExecutionOrchestrator.java:198)
	at org.junit.platform.launcher.core.EngineExecutionOrchestrator.execute(EngineExecutionOrchestrator.java:169)
	at org.junit.platform.launcher.core.EngineExecutionOrchestrator.execute(EngineExecutionOrchestrator.java:93)
	at org.junit.platform.launcher.core.EngineExecutionOrchestrator.lambda$execute$0(EngineExecutionOrchestrator.java:58)
	at org.junit.platform.launcher.core.EngineExecutionOrchestrator.withInterceptedStreams(EngineExecutionOrchestrator.java:141)
	at org.junit.platform.launcher.core.EngineExecutionOrchestrator.execute(EngineExecutionOrchestrator.java:57)
	at org.junit.platform.launcher.core.DefaultLauncher.execute(DefaultLauncher.java:103)
	at org.junit.platform.launcher.core.DefaultLauncher.execute(DefaultLauncher.java:85)
	at org.junit.platform.launcher.core.DelegatingLauncher.execute(DelegatingLauncher.java:47)
	at org.junit.platform.launcher.core.SessionPerRequestLauncher.execute(SessionPerRequestLauncher.java:63)
	at com.intellij.junit5.JUnit5IdeaTestRunner.startRunnerWithArgs(JUnit5IdeaTestRunner.java:57)
	at com.intellij.rt.junit.IdeaTestRunner$Repeater$1.execute(IdeaTestRunner.java:38)
	at com.intellij.rt.execution.junit.TestsRepeater.repeat(TestsRepeater.java:11)
	at com.intellij.rt.junit.IdeaTestRunner$Repeater.startRunnerWithArgs(IdeaTestRunner.java:35)
	at com.intellij.rt.junit.JUnitStarter.prepareStreamsAndStart(JUnitStarter.java:232)
	at com.intellij.rt.junit.JUnitStarter.main(JUnitStarter.java:55)
2025-02-06 14:45:39 [main] INFO  l.insoft.uztis.tests.utils.TestUtils - Screenshot moved to C:\Users\ingrida.zadorozniene\Desktop\Asm\UZTIS\UZTIS_tests\test-output\screenshots\20250206\144539756_testFillNewDVPApplicationFA().png
2025-02-06 14:46:26 [main] INFO  lt.insoft.uztis.tests.UztisPageTest - Navigated to https://uztisdev.asseco.lt/home
2025-02-06 14:46:26 [main] INFO  l.i.u.t.SubmittedApplicationsPageTest - Starting test:'testFillNewDVPApplicationFA'
2025-02-06 14:46:27 [main] DEBUG l.i.u.t.SubmittedApplicationsPageTest - User logged in with test credentials.
2025-02-06 14:46:27 [main] DEBUG l.i.u.t.SubmittedApplicationsPageTest - Opened 'Application Processing' menu.
2025-02-06 14:46:28 [main] DEBUG l.i.u.t.SubmittedApplicationsPageTest - Clicked on 'Application Forms' menu.
2025-02-06 14:46:28 [main] DEBUG l.i.u.t.SubmittedApplicationsPageTest - Retrieved last description code text: 'TST-DVP-73'.
2025-02-06 14:46:28 [main] DEBUG l.i.u.t.SubmittedApplicationsPageTest - Clicked on 'Invitation' menu.
2025-02-06 14:46:29 [main] DEBUG l.i.u.t.SubmittedApplicationsPageTest - Selected application section by code: 'TST-DVP-73'.
2025-02-06 14:46:29 [main] DEBUG l.i.u.t.SubmittedApplicationsPageTest - Clicked 'Search' button.
2025-02-06 14:46:29 [main] DEBUG l.i.u.t.SubmittedApplicationsPageTest - Retrieved invitation code: ''.
2025-02-06 14:46:29 [main] DEBUG l.i.u.t.SubmittedApplicationsPageTest - Clicked on 'Submitted Applications' menu.
2025-02-06 14:46:30 [main] DEBUG l.i.u.t.SubmittedApplicationsPageTest - Selected invitation by code: 'TST-DVP-73'.
2025-02-06 14:46:30 [main] DEBUG l.i.u.t.SubmittedApplicationsPageTest - Invitation code inserted.
2025-02-06 14:46:30 [main] DEBUG l.i.u.t.SubmittedApplicationsPageTest - Clicked on 'Action Application' button.
2025-02-06 14:46:30 [main] DEBUG l.i.u.t.SubmittedApplicationsPageTest - Clicked on 'New Application' button.
2025-02-06 14:46:31 [main] DEBUG l.i.u.t.SubmittedApplicationsPageTest - Selected the 'RadioButtonFA' option.
2025-02-06 14:46:31 [main] DEBUG l.i.u.t.SubmittedApplicationsPageTest - Entered phone number: '61298745'.
2025-02-06 14:46:31 [main] DEBUG l.i.u.t.SubmittedApplicationsPageTest - Entered email: 'test@autotest.com'.
2025-02-06 14:46:41 [main] DEBUG l.i.u.t.SubmittedApplicationsPageTest - Checked 'For workplace adaptation' checkbox 1.
2025-02-06 14:46:51 [main] DEBUG l.i.u.t.SubmittedApplicationsPageTest - Checked 'For environmental adaptation' checkbox 2.
2025-02-06 14:46:51 [main] INFO  l.i.u.p.SubmittedApplicationsPage - Located the dropdown button.
2025-02-06 14:47:06 [main] INFO  l.i.u.p.SubmittedApplicationsPage - Found 1741 options in the dropdown.
2025-02-06 14:47:06 [main] INFO  l.i.u.p.SubmittedApplicationsPage - Successfully selected the value: '01.11 - Grūdinių (išskyrus ryžius), ankštinių ir aliejingų sėklų augalų auginimas'
2025-02-06 14:47:16 [main] ERROR l.i.u.p.SubmittedApplicationsPage - Failed to close the dropdown with aria-expanded = 'false'. Attempting manual close.
2025-02-06 14:47:17 [main] INFO  l.i.u.p.SubmittedApplicationsPage - Manual close attempt for the dropdown using body click.
2025-02-06 14:47:17 [main] DEBUG l.i.u.t.SubmittedApplicationsPageTest - Selected EVRK value: '01.11 - Grūdinių (išskyrus ryžius), ankštinių ir aliejingų sėklų augalų auginimas'.
2025-02-06 14:47:17 [main] DEBUG l.i.u.t.SubmittedApplicationsPageTest - Entered address: 'Vilniaus m. sav., Vilnius, Testo g. 10T'.
2025-02-06 14:47:17 [main] DEBUG l.i.u.t.SubmittedApplicationsPageTest - Selected 'For already working' option.
2025-02-06 14:47:17 [main] DEBUG l.i.u.t.SubmittedApplicationsPageTest - Entered person count1: '1'.
2025-02-06 14:47:17 [main] DEBUG l.i.u.t.SubmittedApplicationsPageTest - Selected 'For new working' option.
2025-02-06 14:47:17 [main] DEBUG l.i.u.t.SubmittedApplicationsPageTest - Entered person count2: '1'.
2025-02-06 14:47:18 [main] DEBUG l.i.u.t.SubmittedApplicationsPageTest - Clicked 'Next' button after checkboxes.
2025-02-06 14:47:18 [main] INFO  l.i.u.p.SubmittedApplicationsPage - Located the dropdown button.
2025-02-06 14:47:19 [main] INFO  l.i.u.p.SubmittedApplicationsPage - Successfully selected the value: 'Administratoriai'
2025-02-06 14:47:49 [main] ERROR l.i.u.p.SubmittedApplicationsPage - Timeout while waiting for dropdown to close with aria-expanded = 'false'.
2025-02-06 14:47:49 [main] DEBUG l.i.u.t.SubmittedApplicationsPageTest - Selected adaptable job name: 'Administratoriai'.
2025-02-06 14:47:49 [main] DEBUG l.i.u.t.SubmittedApplicationsPageTest - Entered job date.
2025-02-06 14:47:49 [main] DEBUG l.i.u.t.SubmittedApplicationsPageTest - Entered job function: 'Funkcija 1'.
2025-02-06 14:47:49 [main] INFO  l.i.u.p.SubmittedApplicationsPage - Clicking on the dropdown button.
2025-02-06 14:47:50 [main] INFO  l.i.u.p.SubmittedApplicationsPage - Found 6 options in the dropdown.
2025-02-06 14:47:50 [main] DEBUG l.i.u.p.SubmittedApplicationsPage - Checking option: 'Lengvo neįgalumo lygis ar 45-55 procentų dalyvumo lygis (iki 2023 m. gruodžio 31 d. – 45-55 procentų darbingumo lygis)'
2025-02-06 14:47:50 [main] DEBUG l.i.u.p.SubmittedApplicationsPage - Checking option: 'Lengvo neįgalumo lygis ar 45-55 procentų dalyvumo lygis (iki 2023 m. gruodžio 31 d. – 45-55 procentų darbingumo lygis)'
2025-02-06 14:47:50 [main] DEBUG l.i.u.p.SubmittedApplicationsPage - Checking option: 'Sunkaus neįgalumo lygis ar neviršijantis 25 procentų dalyvumo lygis (iki 2023 metų gruodžio 31 dienos – iki 25 procentų darbingumo lygis)'
2025-02-06 14:47:50 [main] INFO  l.i.u.p.SubmittedApplicationsPage - Successfully selected the value: 'Sunkaus neįgalumo lygis ar neviršijantis 25 procentų dalyvumo lygis (iki 2023 metų gruodžio 31 dienos – iki 25 procentų darbingumo lygis)'
2025-02-06 14:47:50 [main] INFO  l.i.u.p.SubmittedApplicationsPage - Attempting to close the dropdown.
2025-02-06 14:48:00 [main] INFO  l.i.u.p.SubmittedApplicationsPage - Dropdown should be closed now.
2025-02-06 14:48:00 [main] DEBUG l.i.u.t.SubmittedApplicationsPageTest - Selected disabilities type: 'Sunkaus neįgalumo lygis ar neviršijantis 25 procentų dalyvumo lygis (iki 2023 metų gruodžio 31 dienos – iki 25 procentų darbingumo lygis)'.
2025-02-06 14:48:01 [main] DEBUG l.i.u.t.SubmittedApplicationsPageTest - Entered disability information: 'Negalia 1'.
2025-02-06 14:48:01 [main] DEBUG l.i.u.t.SubmittedApplicationsPageTest - Entered qualification: 'Kvalifikacija 1'.
2025-02-06 14:48:01 [main] DEBUG l.i.u.t.SubmittedApplicationsPageTest - Entered job description: 'Darbo vietos aprašymas 1'.
2025-02-06 14:48:01 [main] DEBUG l.i.u.t.SubmittedApplicationsPageTest - Entered equipment description: 'Priemonių įsigyjimas 1'.
2025-02-06 14:48:01 [main] DEBUG l.i.u.t.SubmittedApplicationsPageTest - Entered work information: 'Darbai 1'.
2025-02-06 14:48:01 [main] INFO  l.i.u.p.SubmittedApplicationsPage - Located the dropdown button.
2025-02-06 14:48:02 [main] INFO  l.i.u.p.SubmittedApplicationsPage - Successfully selected the value: 'Kita'
2025-02-06 14:48:12 [main] ERROR l.i.u.p.SubmittedApplicationsPage - Timeout while waiting for dropdown to close with aria-expanded = 'false'.
2025-02-06 14:48:12 [main] DEBUG l.i.u.t.SubmittedApplicationsPageTest - Selected time mode: 'Kita'.
2025-02-06 14:48:12 [main] DEBUG l.i.u.t.SubmittedApplicationsPageTest - Selected time mode other: '6 val. per dieną ir 4 d. per savaitę'.
2025-02-06 14:48:12 [main] DEBUG l.i.u.t.SubmittedApplicationsPageTest - Entered salary amount: '1200'.
2025-02-06 14:48:12 [main] INFO  l.i.u.p.SubmittedApplicationsPage - Located the dropdown button.
2025-02-06 14:48:13 [main] INFO  l.i.u.p.SubmittedApplicationsPage - Successfully selected the value: 'Darbo vietos pritaikymui'
2025-02-06 14:48:43 [main] ERROR l.i.u.p.SubmittedApplicationsPage - Timeout while waiting for dropdown to close with aria-expanded = 'false'.
2025-02-06 14:48:43 [main] DEBUG l.i.u.t.SubmittedApplicationsPageTest - Selected adaptable job name: 'Darbo vietos pritaikymui'.
2025-02-06 14:48:53 [main] ERROR l.i.u.t.SubmittedApplicationsPageTest - Test 'testFillNewDVPApplicationFA' failed with error: no such element: Unable to locate element: {"method":"xpath","selector":"//mat-form-field[contains(.//label, 'Darbo priemonės pavadinimas')]//input"}
  (Session info: chrome=132.0.6834.160)
For documentation on this error, please visit: https://www.selenium.dev/documentation/webdriver/troubleshooting/errors#no-such-element-exception
Build info: version: '4.27.0', revision: 'd6e718d134'
System info: os.name: 'Windows 11', os.arch: 'amd64', os.version: '10.0', java.version: '21.0.3'
Driver info: org.openqa.selenium.chrome.ChromeDriver
Command: [23469844f97ee23cb195af54d54e7d20, findElement {value=//mat-form-field[contains(.//label, 'Darbo priemonės pavadinimas')]//input, using=xpath}]
Capabilities {acceptInsecureCerts: false, browserName: chrome, browserVersion: 132.0.6834.160, chrome: {chromedriverVersion: 132.0.6834.159 (2d77d3fc445..., userDataDir: C:\Users\INGRID~1.ZAD\AppDa...}, fedcm:accounts: true, goog:chromeOptions: {debuggerAddress: localhost:50676}, networkConnectionEnabled: false, pageLoadStrategy: normal, platformName: windows, proxy: Proxy(), se:cdp: ws://localhost:50676/devtoo..., se:cdpVersion: 132.0.6834.160, setWindowRect: true, strictFileInteractability: false, timeouts: {implicit: 0, pageLoad: 300000, script: 30000}, unhandledPromptBehavior: dismiss and notify, webauthn:extension:credBlob: true, webauthn:extension:largeBlob: true, webauthn:extension:minPinLength: true, webauthn:extension:prf: true, webauthn:virtualAuthenticators: true}
Session ID: 23469844f97ee23cb195af54d54e7d20
org.openqa.selenium.NoSuchElementException: no such element: Unable to locate element: {"method":"xpath","selector":"//mat-form-field[contains(.//label, 'Darbo priemonės pavadinimas')]//input"}
  (Session info: chrome=132.0.6834.160)
For documentation on this error, please visit: https://www.selenium.dev/documentation/webdriver/troubleshooting/errors#no-such-element-exception
Build info: version: '4.27.0', revision: 'd6e718d134'
System info: os.name: 'Windows 11', os.arch: 'amd64', os.version: '10.0', java.version: '21.0.3'
Driver info: org.openqa.selenium.chrome.ChromeDriver
Command: [23469844f97ee23cb195af54d54e7d20, findElement {value=//mat-form-field[contains(.//label, 'Darbo priemonės pavadinimas')]//input, using=xpath}]
Capabilities {acceptInsecureCerts: false, browserName: chrome, browserVersion: 132.0.6834.160, chrome: {chromedriverVersion: 132.0.6834.159 (2d77d3fc445..., userDataDir: C:\Users\INGRID~1.ZAD\AppDa...}, fedcm:accounts: true, goog:chromeOptions: {debuggerAddress: localhost:50676}, networkConnectionEnabled: false, pageLoadStrategy: normal, platformName: windows, proxy: Proxy(), se:cdp: ws://localhost:50676/devtoo..., se:cdpVersion: 132.0.6834.160, setWindowRect: true, strictFileInteractability: false, timeouts: {implicit: 0, pageLoad: 300000, script: 30000}, unhandledPromptBehavior: dismiss and notify, webauthn:extension:credBlob: true, webauthn:extension:largeBlob: true, webauthn:extension:minPinLength: true, webauthn:extension:prf: true, webauthn:virtualAuthenticators: true}
Session ID: 23469844f97ee23cb195af54d54e7d20
	at java.base/jdk.internal.reflect.DirectConstructorHandleAccessor.newInstance(DirectConstructorHandleAccessor.java:62)
	at java.base/java.lang.reflect.Constructor.newInstanceWithCaller(Constructor.java:502)
	at java.base/java.lang.reflect.Constructor.newInstance(Constructor.java:486)
	at org.openqa.selenium.remote.ErrorCodec.decode(ErrorCodec.java:167)
	at org.openqa.selenium.remote.codec.w3c.W3CHttpResponseCodec.decode(W3CHttpResponseCodec.java:138)
	at org.openqa.selenium.remote.codec.w3c.W3CHttpResponseCodec.decode(W3CHttpResponseCodec.java:50)
	at org.openqa.selenium.remote.HttpCommandExecutor.execute(HttpCommandExecutor.java:190)
	at org.openqa.selenium.remote.service.DriverCommandExecutor.invokeExecute(DriverCommandExecutor.java:216)
	at org.openqa.selenium.remote.service.DriverCommandExecutor.execute(DriverCommandExecutor.java:174)
	at org.openqa.selenium.remote.RemoteWebDriver.execute(RemoteWebDriver.java:545)
	at org.openqa.selenium.remote.ElementLocation$ElementFinder$2.findElement(ElementLocation.java:165)
	at org.openqa.selenium.remote.ElementLocation.findElement(ElementLocation.java:59)
	at org.openqa.selenium.remote.RemoteWebDriver.findElement(RemoteWebDriver.java:368)
	at org.openqa.selenium.remote.RemoteWebDriver.findElement(RemoteWebDriver.java:362)
	at org.openqa.selenium.support.pagefactory.DefaultElementLocator.findElement(DefaultElementLocator.java:68)
	at org.openqa.selenium.support.pagefactory.internal.LocatingElementHandler.invoke(LocatingElementHandler.java:38)
	at jdk.proxy2/jdk.proxy2.$Proxy14.clear(Unknown Source)
	at lt.insoft.uztis.pages.SubmittedApplicationsPage.enterTool(SubmittedApplicationsPage.java:981)
	at lt.insoft.uztis.tests.SubmittedApplicationsPageTest.testFillNewDVPApplicationFA(SubmittedApplicationsPageTest.java:573)
	at java.base/jdk.internal.reflect.DirectMethodHandleAccessor.invoke(DirectMethodHandleAccessor.java:103)
	at java.base/java.lang.reflect.Method.invoke(Method.java:580)
	at org.junit.platform.commons.util.ReflectionUtils.invokeMethod(ReflectionUtils.java:728)
	at org.junit.jupiter.engine.execution.MethodInvocation.proceed(MethodInvocation.java:60)
	at org.junit.jupiter.engine.execution.InvocationInterceptorChain$ValidatingInvocation.proceed(InvocationInterceptorChain.java:131)
	at org.junit.jupiter.engine.extension.TimeoutExtension.intercept(TimeoutExtension.java:156)
	at org.junit.jupiter.engine.extension.TimeoutExtension.interceptTestableMethod(TimeoutExtension.java:147)
	at org.junit.jupiter.engine.extension.TimeoutExtension.interceptTestMethod(TimeoutExtension.java:86)
	at org.junit.jupiter.engine.execution.InterceptingExecutableInvoker$ReflectiveInterceptorCall.lambda$ofVoidMethod$0(InterceptingExecutableInvoker.java:103)
	at org.junit.jupiter.engine.execution.InterceptingExecutableInvoker.lambda$invoke$0(InterceptingExecutableInvoker.java:93)
	at org.junit.jupiter.engine.execution.InvocationInterceptorChain$InterceptedInvocation.proceed(InvocationInterceptorChain.java:106)
	at org.junit.jupiter.engine.execution.InvocationInterceptorChain.proceed(InvocationInterceptorChain.java:64)
	at org.junit.jupiter.engine.execution.InvocationInterceptorChain.chainAndInvoke(InvocationInterceptorChain.java:45)
	at org.junit.jupiter.engine.execution.InvocationInterceptorChain.invoke(InvocationInterceptorChain.java:37)
	at org.junit.jupiter.engine.execution.InterceptingExecutableInvoker.invoke(InterceptingExecutableInvoker.java:92)
	at org.junit.jupiter.engine.execution.InterceptingExecutableInvoker.invoke(InterceptingExecutableInvoker.java:86)
	at org.junit.jupiter.engine.descriptor.TestMethodTestDescriptor.lambda$invokeTestMethod$7(TestMethodTestDescriptor.java:218)
	at org.junit.platform.engine.support.hierarchical.ThrowableCollector.execute(ThrowableCollector.java:73)
	at org.junit.jupiter.engine.descriptor.TestMethodTestDescriptor.invokeTestMethod(TestMethodTestDescriptor.java:214)
	at org.junit.jupiter.engine.descriptor.TestMethodTestDescriptor.execute(TestMethodTestDescriptor.java:139)
	at org.junit.jupiter.engine.descriptor.TestMethodTestDescriptor.execute(TestMethodTestDescriptor.java:69)
	at org.junit.platform.engine.support.hierarchical.NodeTestTask.lambda$executeRecursively$6(NodeTestTask.java:151)
	at org.junit.platform.engine.support.hierarchical.ThrowableCollector.execute(ThrowableCollector.java:73)
	at org.junit.platform.engine.support.hierarchical.NodeTestTask.lambda$executeRecursively$8(NodeTestTask.java:141)
	at org.junit.platform.engine.support.hierarchical.Node.around(Node.java:137)
	at org.junit.platform.engine.support.hierarchical.NodeTestTask.lambda$executeRecursively$9(NodeTestTask.java:139)
	at org.junit.platform.engine.support.hierarchical.ThrowableCollector.execute(ThrowableCollector.java:73)
	at org.junit.platform.engine.support.hierarchical.NodeTestTask.executeRecursively(NodeTestTask.java:138)
	at org.junit.platform.engine.support.hierarchical.NodeTestTask.execute(NodeTestTask.java:95)
	at java.base/java.util.ArrayList.forEach(ArrayList.java:1596)
	at org.junit.platform.engine.support.hierarchical.SameThreadHierarchicalTestExecutorService.invokeAll(SameThreadHierarchicalTestExecutorService.java:41)
	at org.junit.platform.engine.support.hierarchical.NodeTestTask.lambda$executeRecursively$6(NodeTestTask.java:155)
	at org.junit.platform.engine.support.hierarchical.ThrowableCollector.execute(ThrowableCollector.java:73)
	at org.junit.platform.engine.support.hierarchical.NodeTestTask.lambda$executeRecursively$8(NodeTestTask.java:141)
	at org.junit.platform.engine.support.hierarchical.Node.around(Node.java:137)
	at org.junit.platform.engine.support.hierarchical.NodeTestTask.lambda$executeRecursively$9(NodeTestTask.java:139)
	at org.junit.platform.engine.support.hierarchical.ThrowableCollector.execute(ThrowableCollector.java:73)
	at org.junit.platform.engine.support.hierarchical.NodeTestTask.executeRecursively(NodeTestTask.java:138)
	at org.junit.platform.engine.support.hierarchical.NodeTestTask.execute(NodeTestTask.java:95)
	at java.base/java.util.ArrayList.forEach(ArrayList.java:1596)
	at org.junit.platform.engine.support.hierarchical.SameThreadHierarchicalTestExecutorService.invokeAll(SameThreadHierarchicalTestExecutorService.java:41)
	at org.junit.platform.engine.support.hierarchical.NodeTestTask.lambda$executeRecursively$6(NodeTestTask.java:155)
	at org.junit.platform.engine.support.hierarchical.ThrowableCollector.execute(ThrowableCollector.java:73)
	at org.junit.platform.engine.support.hierarchical.NodeTestTask.lambda$executeRecursively$8(NodeTestTask.java:141)
	at org.junit.platform.engine.support.hierarchical.Node.around(Node.java:137)
	at org.junit.platform.engine.support.hierarchical.NodeTestTask.lambda$executeRecursively$9(NodeTestTask.java:139)
	at org.junit.platform.engine.support.hierarchical.ThrowableCollector.execute(ThrowableCollector.java:73)
	at org.junit.platform.engine.support.hierarchical.NodeTestTask.executeRecursively(NodeTestTask.java:138)
	at org.junit.platform.engine.support.hierarchical.NodeTestTask.execute(NodeTestTask.java:95)
	at org.junit.platform.engine.support.hierarchical.SameThreadHierarchicalTestExecutorService.submit(SameThreadHierarchicalTestExecutorService.java:35)
	at org.junit.platform.engine.support.hierarchical.HierarchicalTestExecutor.execute(HierarchicalTestExecutor.java:57)
	at org.junit.platform.engine.support.hierarchical.HierarchicalTestEngine.execute(HierarchicalTestEngine.java:54)
	at org.junit.platform.launcher.core.EngineExecutionOrchestrator.execute(EngineExecutionOrchestrator.java:198)
	at org.junit.platform.launcher.core.EngineExecutionOrchestrator.execute(EngineExecutionOrchestrator.java:169)
	at org.junit.platform.launcher.core.EngineExecutionOrchestrator.execute(EngineExecutionOrchestrator.java:93)
	at org.junit.platform.launcher.core.EngineExecutionOrchestrator.lambda$execute$0(EngineExecutionOrchestrator.java:58)
	at org.junit.platform.launcher.core.EngineExecutionOrchestrator.withInterceptedStreams(EngineExecutionOrchestrator.java:141)
	at org.junit.platform.launcher.core.EngineExecutionOrchestrator.execute(EngineExecutionOrchestrator.java:57)
	at org.junit.platform.launcher.core.DefaultLauncher.execute(DefaultLauncher.java:103)
	at org.junit.platform.launcher.core.DefaultLauncher.execute(DefaultLauncher.java:85)
	at org.junit.platform.launcher.core.DelegatingLauncher.execute(DelegatingLauncher.java:47)
	at org.junit.platform.launcher.core.SessionPerRequestLauncher.execute(SessionPerRequestLauncher.java:63)
	at com.intellij.junit5.JUnit5IdeaTestRunner.startRunnerWithArgs(JUnit5IdeaTestRunner.java:57)
	at com.intellij.rt.junit.IdeaTestRunner$Repeater$1.execute(IdeaTestRunner.java:38)
	at com.intellij.rt.execution.junit.TestsRepeater.repeat(TestsRepeater.java:11)
	at com.intellij.rt.junit.IdeaTestRunner$Repeater.startRunnerWithArgs(IdeaTestRunner.java:35)
	at com.intellij.rt.junit.JUnitStarter.prepareStreamsAndStart(JUnitStarter.java:232)
	at com.intellij.rt.junit.JUnitStarter.main(JUnitStarter.java:55)
2025-02-06 14:48:53 [main] INFO  l.insoft.uztis.tests.utils.TestUtils - Screenshot moved to C:\Users\ingrida.zadorozniene\Desktop\Asm\UZTIS\UZTIS_tests\test-output\screenshots\20250206\144853517_testFillNewDVPApplicationFA().png
2025-02-07 08:37:28 [main] INFO  lt.insoft.uztis.tests.UztisPageTest - Navigated to https://uztisdev.asseco.lt/home
2025-02-07 08:37:28 [main] INFO  l.i.u.tests.ApplicationFormsPageTest - Setup complete. ApplicationFormsPage initialized.
2025-02-07 08:37:28 [main] INFO  l.i.u.tests.ApplicationFormsPageTest - Starting test:'testCreateNewDvpApplication'
2025-02-07 08:37:29 [main] DEBUG l.i.u.tests.ApplicationFormsPageTest - User logged in with test credentials
2025-02-07 08:37:29 [main] DEBUG l.i.u.tests.ApplicationFormsPageTest - Opened 'Application Processing' menu.
2025-02-07 08:37:29 [main] DEBUG l.i.u.tests.ApplicationFormsPageTest - Clicked on 'Application Forms' menu.
2025-02-07 08:37:29 [main] DEBUG l.i.u.tests.ApplicationFormsPageTest - Clicked to create a new application form.
2025-02-07 08:37:30 [main] DEBUG l.i.u.tests.ApplicationFormsPageTest - Entered random application code: TST-DVP-03
2025-02-07 08:37:30 [main] DEBUG l.i.u.tests.ApplicationFormsPageTest - Selected 'Municipality' radio button.
2025-02-07 08:37:30 [main] INFO  l.i.uztis.pages.ApplicationFormsPage - Located the dropdown button.
2025-02-07 08:37:30 [main] INFO  l.i.uztis.pages.ApplicationFormsPage - Successfully selected the value: 'Kauno departamentas'
2025-02-07 08:37:41 [main] ERROR l.i.uztis.pages.ApplicationFormsPage - Failed to close the dropdown with aria-expanded = 'false'.
2025-02-07 08:37:41 [main] DEBUG l.i.u.tests.ApplicationFormsPageTest - Selected a value from the 'Municipality' dropdown: 'Kauno departamentas'
2025-02-07 08:37:41 [main] DEBUG l.i.u.tests.ApplicationFormsPageTest - Selected 'Budget By Country' radio button.
2025-02-07 08:37:41 [main] DEBUG l.i.u.tests.ApplicationFormsPageTest - Selected 'Financed Without Queue' option.
2025-02-07 08:37:41 [main] INFO  l.i.uztis.pages.ApplicationFormsPage - Located the dropdown button.
2025-02-07 08:37:42 [main] INFO  l.i.uztis.pages.ApplicationFormsPage - Successfully selected the value: 'DVP paraiškos vertinimo forma - I etapas'
2025-02-07 08:37:52 [main] ERROR l.i.uztis.pages.ApplicationFormsPage - Failed to close the dropdown with aria-expanded = 'false'.
2025-02-07 08:37:52 [main] DEBUG l.i.u.tests.ApplicationFormsPageTest - Selected a value from the 'EvaluationOne' dropdown: 'DVP paraiškos vertinimo forma - I etapas'
2025-02-07 08:37:52 [main] DEBUG l.i.u.tests.ApplicationFormsPageTest - Clicked 'Plus' button.
2025-02-07 08:37:53 [main] DEBUG l.i.u.tests.ApplicationFormsPageTest - Clicked 'Add' button seven times.
2025-02-07 08:37:53 [main] INFO  l.i.uztis.pages.ApplicationFormsPage - Processing dropdown index: 0
2025-02-07 08:38:03 [main] ERROR l.i.uztis.pages.ApplicationFormsPage - Timeout while waiting for dropdown to close at index: 0 with aria-expanded = 'false'
2025-02-07 08:38:03 [main] INFO  l.i.uztis.pages.ApplicationFormsPage - Processing dropdown index: 1
2025-02-07 08:38:13 [main] ERROR l.i.uztis.pages.ApplicationFormsPage - Timeout while waiting for dropdown to close at index: 1 with aria-expanded = 'false'
2025-02-07 08:38:13 [main] INFO  l.i.uztis.pages.ApplicationFormsPage - Processing dropdown index: 2
2025-02-07 08:38:24 [main] ERROR l.i.uztis.pages.ApplicationFormsPage - Timeout while waiting for dropdown to close at index: 2 with aria-expanded = 'false'
2025-02-07 08:38:24 [main] INFO  l.i.uztis.pages.ApplicationFormsPage - Processing dropdown index: 3
2025-02-07 08:38:35 [main] ERROR l.i.uztis.pages.ApplicationFormsPage - Timeout while waiting for dropdown to close at index: 3 with aria-expanded = 'false'
2025-02-07 08:38:35 [main] INFO  l.i.uztis.pages.ApplicationFormsPage - Processing dropdown index: 4
2025-02-07 08:38:46 [main] ERROR l.i.uztis.pages.ApplicationFormsPage - Timeout while waiting for dropdown to close at index: 4 with aria-expanded = 'false'
2025-02-07 08:38:46 [main] INFO  l.i.uztis.pages.ApplicationFormsPage - Processing dropdown index: 5
2025-02-07 08:38:57 [main] ERROR l.i.uztis.pages.ApplicationFormsPage - Timeout while waiting for dropdown to close at index: 5 with aria-expanded = 'false'
2025-02-07 08:38:57 [main] INFO  l.i.uztis.pages.ApplicationFormsPage - Processing dropdown index: 6
2025-02-07 08:39:08 [main] ERROR l.i.uztis.pages.ApplicationFormsPage - Timeout while waiting for dropdown to close at index: 6 with aria-expanded = 'false'
2025-02-07 08:39:08 [main] INFO  l.i.uztis.pages.ApplicationFormsPage - Processing dropdown index: 7
2025-02-07 08:39:19 [main] ERROR l.i.uztis.pages.ApplicationFormsPage - Timeout while waiting for dropdown to close at index: 7 with aria-expanded = 'false'
2025-02-07 08:39:19 [main] INFO  l.i.uztis.pages.ApplicationFormsPage - Processing input field index: 0
2025-02-07 08:39:19 [main] INFO  l.i.uztis.pages.ApplicationFormsPage - Entered value '50' into field index: 0
2025-02-07 08:39:19 [main] INFO  l.i.uztis.pages.ApplicationFormsPage - Processing input field index: 1
2025-02-07 08:39:19 [main] INFO  l.i.uztis.pages.ApplicationFormsPage - Entered value '924' into field index: 1
2025-02-07 08:39:19 [main] INFO  l.i.uztis.pages.ApplicationFormsPage - Processing input field index: 2
2025-02-07 08:39:20 [main] INFO  l.i.uztis.pages.ApplicationFormsPage - Entered value '31' into field index: 2
2025-02-07 08:39:20 [main] INFO  l.i.uztis.pages.ApplicationFormsPage - Processing input field index: 3
2025-02-07 08:39:20 [main] INFO  l.i.uztis.pages.ApplicationFormsPage - Entered value '4.7' into field index: 3
2025-02-07 08:39:20 [main] INFO  l.i.uztis.pages.ApplicationFormsPage - Processing input field index: 4
2025-02-07 08:39:20 [main] INFO  l.i.uztis.pages.ApplicationFormsPage - Entered value '35' into field index: 4
2025-02-07 08:39:20 [main] INFO  l.i.uztis.pages.ApplicationFormsPage - Processing input field index: 5
2025-02-07 08:39:20 [main] INFO  l.i.uztis.pages.ApplicationFormsPage - Entered value '20' into field index: 5
2025-02-07 08:39:20 [main] INFO  l.i.uztis.pages.ApplicationFormsPage - Processing input field index: 6
2025-02-07 08:39:20 [main] INFO  l.i.uztis.pages.ApplicationFormsPage - Entered value '30' into field index: 6
2025-02-07 08:39:20 [main] INFO  l.i.uztis.pages.ApplicationFormsPage - Processing input field index: 7
2025-02-07 08:39:20 [main] INFO  l.i.uztis.pages.ApplicationFormsPage - Entered value '60' into field index: 7
2025-02-07 08:39:20 [main] DEBUG l.i.u.tests.ApplicationFormsPageTest - Entered additional values and text.
2025-02-07 08:39:20 [main] DEBUG l.i.u.tests.ApplicationFormsPageTest - Entered application name: DVP paraiška
2025-02-07 08:39:20 [main] DEBUG l.i.u.tests.ApplicationFormsPageTest - Clicked the 'Save' button.
2025-02-07 08:39:21 [main] INFO  l.i.u.tests.ApplicationFormsPageTest - Verified success message: 'Duomenys sėkmingai išsaugoti.'
2025-02-07 08:39:21 [main] INFO  l.i.u.tests.ApplicationFormsPageTest - Verified that the 'Save Form' button is displayed.
2025-02-07 08:39:21 [main] INFO  l.i.u.tests.ApplicationFormsPageTest - Test 'testCreateNewDvpApplication' completed successfully.
2025-02-07 08:40:01 [main] INFO  lt.insoft.uztis.tests.UztisPageTest - Navigated to https://uztisdev.asseco.lt/home
2025-02-07 08:40:01 [main] INFO  l.i.uztis.tests.InvitationsPageTest - Starting test:'testCreateNewDvpInvitation'
2025-02-07 08:40:01 [main] DEBUG l.i.uztis.tests.InvitationsPageTest - User logged in with test credentials
2025-02-07 08:40:01 [main] DEBUG l.i.uztis.tests.InvitationsPageTest - Opened 'Application Processing' menu.
2025-02-07 08:40:02 [main] DEBUG l.i.uztis.tests.InvitationsPageTest - Clicked on 'Application Forms' menu.
2025-02-07 08:40:02 [main] DEBUG l.i.uztis.tests.InvitationsPageTest - Navigating to application forms menu.
2025-02-07 08:40:03 [main] DEBUG l.i.uztis.tests.InvitationsPageTest - Retrieved last description code text: 'TST-DVP-03'.
2025-02-07 08:40:03 [main] DEBUG l.i.uztis.tests.InvitationsPageTest - Clicked on 'Invitation' menu.
2025-02-07 08:40:03 [main] DEBUG l.i.uztis.tests.InvitationsPageTest - Clicked 'Create New Application Form'.
2025-02-07 08:40:04 [main] DEBUG l.i.uztis.tests.InvitationsPageTest - Selected section by code: 'TST-DVP-03'.
2025-02-07 08:40:04 [main] INFO  l.insoft.uztis.pages.InvitationsPage - Located the dropdown button.
2025-02-07 08:40:15 [main] ERROR l.insoft.uztis.pages.InvitationsPage - Timeout while waiting for dropdown to close with aria-expanded = 'false'.
2025-02-07 08:40:15 [main] DEBUG l.i.uztis.tests.InvitationsPageTest - Selected invitation number from the list.
2025-02-07 08:40:15 [main] DEBUG l.i.uztis.tests.InvitationsPageTest - Entered current date.
2025-02-07 08:40:16 [main] DEBUG l.i.uztis.tests.InvitationsPageTest - Entered start time: 00:00.
2025-02-07 08:40:16 [main] DEBUG l.i.uztis.tests.InvitationsPageTest - Entered end date.
2025-02-07 08:40:16 [main] DEBUG l.i.uztis.tests.InvitationsPageTest - Entered end time: 11:11.
2025-02-07 08:40:16 [main] DEBUG l.i.uztis.tests.InvitationsPageTest - Entered publication end date.
2025-02-07 08:40:17 [main] DEBUG l.i.uztis.tests.InvitationsPageTest - Added additional values.
2025-02-07 08:40:17 [main] INFO  l.insoft.uztis.pages.InvitationsPage - Located the dropdown button.
2025-02-07 08:40:17 [main] DEBUG l.i.uztis.tests.InvitationsPageTest - Selected the value: 'Didžiausia galima paramos suma aplinkos darbo vietai, Eur'
2025-02-07 08:40:17 [main] INFO  l.insoft.uztis.pages.InvitationsPage - Located the dropdown button.
2025-02-07 08:40:18 [main] DEBUG l.i.uztis.tests.InvitationsPageTest - Selected the value: 'Didžiausia galima paramos suma, Eur'
2025-02-07 08:40:18 [main] INFO  l.insoft.uztis.pages.InvitationsPage - Located the dropdown button.
2025-02-07 08:40:19 [main] DEBUG l.i.uztis.tests.InvitationsPageTest - Selected the value: 'Didžiausia galima paramos suma vienai darbo vietai, Eur'
2025-02-07 08:40:19 [main] DEBUG l.i.uztis.tests.InvitationsPageTest - Entered value: 11000
2025-02-07 08:40:19 [main] DEBUG l.i.uztis.tests.InvitationsPageTest - Entered value: 12000
2025-02-07 08:40:20 [main] DEBUG l.i.uztis.tests.InvitationsPageTest - Entered value: 13000
2025-02-07 08:40:20 [main] DEBUG l.i.uztis.tests.InvitationsPageTest - Checked 'Legal Entities' checkbox.
2025-02-07 08:40:20 [main] DEBUG l.i.uztis.tests.InvitationsPageTest - Unchecked 'Persons Registered with Employment Service' checkbox.
2025-02-07 08:40:20 [main] DEBUG l.i.uztis.tests.InvitationsPageTest - Checked 'Persons Registered as Employers' checkbox.
2025-02-07 08:40:20 [main] DEBUG l.i.uztis.tests.InvitationsPageTest - Entered budget: '2000'.
2025-02-07 08:40:20 [main] DEBUG l.i.uztis.tests.InvitationsPageTest - Entered description text: 'Aprašo tekstas'.
2025-02-07 08:40:20 [main] DEBUG l.i.uztis.tests.InvitationsPageTest - Entered applicants text: 'Pareiškėjų tekstas'.
2025-02-07 08:40:21 [main] DEBUG l.i.uztis.tests.InvitationsPageTest - Entered expenditures text: 'Išlaidų tekstas'.
2025-02-07 08:40:21 [main] DEBUG l.i.uztis.tests.InvitationsPageTest - Entered legislation text: 'Teisės aktų tekstas'.
2025-02-07 08:40:21 [main] DEBUG l.i.uztis.tests.InvitationsPageTest - Entered education text: 'Mokymų tekstas'.
2025-02-07 08:40:21 [main] DEBUG l.i.uztis.tests.InvitationsPageTest - File uploaded.
2025-02-07 08:40:21 [main] DEBUG l.i.uztis.tests.InvitationsPageTest - Clicked 'Publish'.
2025-02-07 08:40:21 [main] DEBUG l.i.uztis.tests.InvitationsPageTest - Publication confirmed.
2025-02-07 08:40:22 [main] DEBUG l.insoft.uztis.pages.InvitationsPage - Verified success message: 'Funkcija sėkmingai atlikta.'
2025-02-07 08:40:22 [main] INFO  l.i.uztis.tests.InvitationsPageTest - Test 'testCreateNewDvpInvitation' completed successfully.
2025-02-07 09:00:58 [main] INFO  lt.insoft.uztis.tests.UztisPageTest - Navigated to https://uztisdev.asseco.lt/home
2025-02-07 09:00:58 [main] INFO  l.i.uztis.tests.InvitationsPageTest - Starting test:'testStopPublicationVuiInvitation'
2025-02-07 09:00:58 [main] DEBUG l.i.uztis.tests.InvitationsPageTest - User logged in with test credentials
2025-02-07 09:00:59 [main] DEBUG l.i.uztis.tests.InvitationsPageTest - Opened 'Application Processing' menu.
2025-02-07 09:00:59 [main] DEBUG l.i.uztis.tests.InvitationsPageTest - Clicked on 'Application Forms' menu.
2025-02-07 09:00:59 [main] DEBUG l.i.uztis.tests.InvitationsPageTest - Navigating to application forms menu.
2025-02-07 09:00:59 [main] DEBUG l.i.uztis.tests.InvitationsPageTest - Retrieved last description code text: 'TST-DVP-03'.
2025-02-07 09:00:59 [main] DEBUG l.i.uztis.tests.InvitationsPageTest - Clicked on 'Invitation' menu.
2025-02-07 09:01:00 [main] DEBUG l.i.uztis.tests.InvitationsPageTest - Selected section by code: 'TST-DVP-03'.
2025-02-07 09:01:00 [main] DEBUG l.i.uztis.tests.InvitationsPageTest - Clicked 'Search'.
2025-02-07 09:01:00 [main] DEBUG l.i.uztis.tests.InvitationsPageTest - Getting and inserting application code text.
2025-02-07 09:01:00 [main] DEBUG l.i.uztis.tests.InvitationsPageTest - Clicked 'Publishing'.
2025-02-07 09:01:01 [main] DEBUG l.i.uztis.tests.InvitationsPageTest - Clicked 'Action'.
2025-02-07 09:01:01 [main] DEBUG l.i.uztis.tests.InvitationsPageTest - Clicked 'Stop Publication'.
2025-02-07 09:01:01 [main] DEBUG l.i.uztis.tests.InvitationsPageTest - Entered expenditures text: 'Priežasties aprašas'.
2025-02-07 09:01:01 [main] DEBUG l.i.uztis.tests.InvitationsPageTest - Clicked 'Stop Publication Confirmation'.
2025-02-07 09:01:01 [main] DEBUG l.i.uztis.tests.InvitationsPageTest - Fetched label text: Sustabdytas publikavimas
2025-02-07 09:01:01 [main] INFO  l.i.uztis.tests.InvitationsPageTest - 'goToInvitationPageTest' completed. Label is: Sustabdytas publikavimas
2025-02-07 09:01:01 [main] INFO  l.i.uztis.tests.InvitationsPageTest - Test 'testStopPublicationVuiInvitation' completed successfully.
2025-02-07 09:01:12 [main] INFO  lt.insoft.uztis.tests.UztisPageTest - Navigated to https://uztisdev.asseco.lt/home
2025-02-07 09:01:12 [main] INFO  l.i.uztis.tests.InvitationsPageTest - Starting test:'testArchiveVuiInvitation'
2025-02-07 09:01:13 [main] DEBUG l.i.uztis.tests.InvitationsPageTest - User logged in with test credentials
2025-02-07 09:01:13 [main] DEBUG l.i.uztis.tests.InvitationsPageTest - Opened 'Application Processing' menu.
2025-02-07 09:01:13 [main] DEBUG l.i.uztis.tests.InvitationsPageTest - Clicked on 'Application Forms' menu.
2025-02-07 09:01:13 [main] DEBUG l.i.uztis.tests.InvitationsPageTest - Navigating to application forms menu.
2025-02-07 09:01:13 [main] DEBUG l.i.uztis.tests.InvitationsPageTest - Retrieved last description code text: 'TST-DVP-03'.
2025-02-07 09:01:13 [main] DEBUG l.i.uztis.tests.InvitationsPageTest - Clicked on 'Invitation' menu.
2025-02-07 09:01:14 [main] DEBUG l.i.uztis.tests.InvitationsPageTest - Selected section by code: 'TST-DVP-03'.
2025-02-07 09:01:14 [main] DEBUG l.i.uztis.tests.InvitationsPageTest - Clicked 'Search'.
2025-02-07 09:01:14 [main] DEBUG l.i.uztis.tests.InvitationsPageTest - Getting and inserting application code text.
2025-02-07 09:01:15 [main] DEBUG l.i.uztis.tests.InvitationsPageTest - Clicked 'Publication Stopped'.
2025-02-07 09:01:15 [main] DEBUG l.i.uztis.tests.InvitationsPageTest - Clicked 'Action'.
2025-02-07 09:01:15 [main] DEBUG l.i.uztis.tests.InvitationsPageTest - Clicked 'Archive'.
2025-02-07 09:01:16 [main] DEBUG l.i.uztis.tests.InvitationsPageTest - Entered expenditures text: 'Priežasties aprašas'.
2025-02-07 09:01:16 [main] DEBUG l.i.uztis.tests.InvitationsPageTest - Clicked 'Stop Publication Confirmation'.
2025-02-07 09:01:16 [main] DEBUG l.i.uztis.tests.InvitationsPageTest - Fetched label text: Archyvuotas
2025-02-07 09:01:16 [main] INFO  l.i.uztis.tests.InvitationsPageTest - 'goToInvitationPageTest' completed. Label is: Archyvuotas
2025-02-07 09:01:16 [main] INFO  l.i.uztis.tests.InvitationsPageTest - Test 'testArchiveVuiInvitation' completed successfully.
2025-02-07 09:01:27 [main] INFO  lt.insoft.uztis.tests.UztisPageTest - Navigated to https://uztisdev.asseco.lt/home
2025-02-07 09:01:27 [main] INFO  l.i.uztis.tests.InvitationsPageTest - Starting test:'testDeleteVuiInvitation'
2025-02-07 09:01:27 [main] DEBUG l.i.uztis.tests.InvitationsPageTest - User logged in with test credentials
2025-02-07 09:01:28 [main] DEBUG l.i.uztis.tests.InvitationsPageTest - Opened 'Application Processing' menu.
2025-02-07 09:01:28 [main] DEBUG l.i.uztis.tests.InvitationsPageTest - Clicked on 'Application Forms' menu.
2025-02-07 09:01:28 [main] DEBUG l.i.uztis.tests.InvitationsPageTest - Navigating to application forms menu.
2025-02-07 09:01:28 [main] DEBUG l.i.uztis.tests.InvitationsPageTest - Retrieved last description code text: 'TST-DVP-03'.
2025-02-07 09:01:28 [main] DEBUG l.i.uztis.tests.InvitationsPageTest - Clicked on 'Invitation' menu.
2025-02-07 09:01:29 [main] DEBUG l.i.uztis.tests.InvitationsPageTest - Selected section by code: 'TST-DVP-03'.
2025-02-07 09:01:29 [main] DEBUG l.i.uztis.tests.InvitationsPageTest - Clicked 'Search'.
2025-02-07 09:01:29 [main] DEBUG l.i.uztis.tests.InvitationsPageTest - Getting and inserting application code text.
2025-02-07 09:01:29 [main] DEBUG l.i.uztis.tests.InvitationsPageTest - Clicked 'Archived'.
2025-02-07 09:01:30 [main] DEBUG l.i.uztis.tests.InvitationsPageTest - Clicked 'Action'.
2025-02-07 09:01:30 [main] DEBUG l.i.uztis.tests.InvitationsPageTest - Clicked 'Delete'.
2025-02-07 09:01:30 [main] DEBUG l.i.uztis.tests.InvitationsPageTest - Clicked 'Stop Publication Confirmation'.
2025-02-07 09:01:30 [main] DEBUG l.insoft.uztis.pages.InvitationsPage - Verified success message: 'Įrašas sėkmingai pašalintas.'
2025-02-07 09:01:30 [main] INFO  l.i.uztis.tests.InvitationsPageTest - Test 'testDeleteVuiInvitation' completed successfully.
2025-02-07 09:02:45 [main] INFO  lt.insoft.uztis.tests.UztisPageTest - Navigated to https://uztisdev.asseco.lt/home
2025-02-07 09:02:45 [main] INFO  l.i.uztis.tests.InvitationsPageTest - Starting test:'testCreateNewDvpInvitation'
2025-02-07 09:02:45 [main] DEBUG l.i.uztis.tests.InvitationsPageTest - User logged in with test credentials
2025-02-07 09:02:46 [main] DEBUG l.i.uztis.tests.InvitationsPageTest - Opened 'Application Processing' menu.
2025-02-07 09:02:46 [main] DEBUG l.i.uztis.tests.InvitationsPageTest - Clicked on 'Application Forms' menu.
2025-02-07 09:02:46 [main] DEBUG l.i.uztis.tests.InvitationsPageTest - Navigating to application forms menu.
2025-02-07 09:02:46 [main] DEBUG l.i.uztis.tests.InvitationsPageTest - Retrieved last description code text: 'TST-DVP-03'.
2025-02-07 09:02:46 [main] DEBUG l.i.uztis.tests.InvitationsPageTest - Clicked on 'Invitation' menu.
2025-02-07 09:02:46 [main] DEBUG l.i.uztis.tests.InvitationsPageTest - Clicked 'Create New Application Form'.
2025-02-07 09:02:47 [main] DEBUG l.i.uztis.tests.InvitationsPageTest - Selected section by code: 'TST-DVP-03'.
2025-02-07 09:02:47 [main] INFO  l.insoft.uztis.pages.InvitationsPage - Located the dropdown button.
2025-02-07 09:02:58 [main] ERROR l.insoft.uztis.pages.InvitationsPage - Timeout while waiting for dropdown to close with aria-expanded = 'false'.
2025-02-07 09:02:58 [main] DEBUG l.i.uztis.tests.InvitationsPageTest - Selected invitation number from the list.
2025-02-07 09:02:58 [main] DEBUG l.i.uztis.tests.InvitationsPageTest - Entered current date.
2025-02-07 09:02:59 [main] DEBUG l.i.uztis.tests.InvitationsPageTest - Entered start time: 00:00.
2025-02-07 09:02:59 [main] DEBUG l.i.uztis.tests.InvitationsPageTest - Entered end date.
2025-02-07 09:02:59 [main] DEBUG l.i.uztis.tests.InvitationsPageTest - Entered end time: 11:11.
2025-02-07 09:02:59 [main] DEBUG l.i.uztis.tests.InvitationsPageTest - Entered publication end date.
2025-02-07 09:03:00 [main] DEBUG l.i.uztis.tests.InvitationsPageTest - Added additional values.
2025-02-07 09:03:00 [main] INFO  l.insoft.uztis.pages.InvitationsPage - Located the dropdown button.
2025-02-07 09:03:00 [main] DEBUG l.i.uztis.tests.InvitationsPageTest - Selected the value: 'Didžiausia galima paramos suma aplinkos darbo vietai, Eur'
2025-02-07 09:03:00 [main] INFO  l.insoft.uztis.pages.InvitationsPage - Located the dropdown button.
2025-02-07 09:03:00 [main] DEBUG l.i.uztis.tests.InvitationsPageTest - Selected the value: 'Didžiausia galima paramos suma, Eur'
2025-02-07 09:03:00 [main] INFO  l.insoft.uztis.pages.InvitationsPage - Located the dropdown button.
2025-02-07 09:03:01 [main] DEBUG l.i.uztis.tests.InvitationsPageTest - Selected the value: 'Didžiausia galima paramos suma vienai darbo vietai, Eur'
2025-02-07 09:03:01 [main] DEBUG l.i.uztis.tests.InvitationsPageTest - Entered value: 11000
2025-02-07 09:03:01 [main] DEBUG l.i.uztis.tests.InvitationsPageTest - Entered value: 12000
2025-02-07 09:03:01 [main] DEBUG l.i.uztis.tests.InvitationsPageTest - Entered value: 13000
2025-02-07 09:03:01 [main] DEBUG l.i.uztis.tests.InvitationsPageTest - Checked 'Legal Entities' checkbox.
2025-02-07 09:03:01 [main] DEBUG l.i.uztis.tests.InvitationsPageTest - Unchecked 'Persons Registered with Employment Service' checkbox.
2025-02-07 09:03:01 [main] DEBUG l.i.uztis.tests.InvitationsPageTest - Checked 'Persons Registered as Employers' checkbox.
2025-02-07 09:03:02 [main] DEBUG l.i.uztis.tests.InvitationsPageTest - Entered budget: '2000'.
2025-02-07 09:03:02 [main] DEBUG l.i.uztis.tests.InvitationsPageTest - Entered description text: 'Aprašo tekstas'.
2025-02-07 09:03:02 [main] DEBUG l.i.uztis.tests.InvitationsPageTest - Entered applicants text: 'Pareiškėjų tekstas'.
2025-02-07 09:03:02 [main] DEBUG l.i.uztis.tests.InvitationsPageTest - Entered expenditures text: 'Išlaidų tekstas'.
2025-02-07 09:03:02 [main] DEBUG l.i.uztis.tests.InvitationsPageTest - Entered legislation text: 'Teisės aktų tekstas'.
2025-02-07 09:03:02 [main] DEBUG l.i.uztis.tests.InvitationsPageTest - Entered education text: 'Mokymų tekstas'.
2025-02-07 09:03:02 [main] DEBUG l.i.uztis.tests.InvitationsPageTest - File uploaded.
2025-02-07 09:03:03 [main] DEBUG l.i.uztis.tests.InvitationsPageTest - Clicked 'Publish'.
2025-02-07 09:03:03 [main] DEBUG l.i.uztis.tests.InvitationsPageTest - Publication confirmed.
2025-02-07 09:03:03 [main] DEBUG l.insoft.uztis.pages.InvitationsPage - Verified success message: 'Funkcija sėkmingai atlikta.'
2025-02-07 09:03:03 [main] INFO  l.i.uztis.tests.InvitationsPageTest - Test 'testCreateNewDvpInvitation' completed successfully.
2025-02-07 09:46:18 [main] INFO  lt.insoft.uztis.tests.UztisPageTest - Navigated to https://uztisdev.asseco.lt/home
2025-02-07 09:46:18 [main] INFO  l.i.u.tests.ApplicationFormsPageTest - Setup complete. ApplicationFormsPage initialized.
2025-02-07 09:46:18 [main] INFO  l.i.u.tests.ApplicationFormsPageTest - Starting test:'testCreateNewPvkApplication'
2025-02-07 09:46:19 [main] DEBUG l.i.u.tests.ApplicationFormsPageTest - User logged in with test credentials
2025-02-07 09:46:19 [main] DEBUG l.i.u.tests.ApplicationFormsPageTest - Opened 'Application Processing' menu.
2025-02-07 09:46:19 [main] DEBUG l.i.u.tests.ApplicationFormsPageTest - Clicked on 'Application Forms' menu.
2025-02-07 09:46:19 [main] DEBUG l.i.u.tests.ApplicationFormsPageTest - Clicked to create a new application form.
2025-02-07 09:46:20 [main] DEBUG l.i.u.tests.ApplicationFormsPageTest - Entered random application code: TST-PVK-64
2025-02-07 09:46:20 [main] DEBUG l.i.u.tests.ApplicationFormsPageTest - Selected 'Municipality' radio button.
2025-02-07 09:46:20 [main] INFO  l.i.uztis.pages.ApplicationFormsPage - Located the dropdown button.
2025-02-07 09:46:20 [main] INFO  l.i.uztis.pages.ApplicationFormsPage - Successfully selected the value: 'Kauno departamentas'
2025-02-07 09:46:31 [main] ERROR l.i.uztis.pages.ApplicationFormsPage - Failed to close the dropdown with aria-expanded = 'false'.
2025-02-07 09:46:31 [main] DEBUG l.i.u.tests.ApplicationFormsPageTest - Selected a value from the 'Municipality' dropdown: 'Kauno departamentas'
2025-02-07 09:46:31 [main] DEBUG l.i.u.tests.ApplicationFormsPageTest - Selected 'Budget by Municipality' option.
2025-02-07 09:46:31 [main] DEBUG l.i.u.tests.ApplicationFormsPageTest - Selected 'Financed By Queue' radio button.
2025-02-07 09:46:31 [main] DEBUG l.i.u.tests.ApplicationFormsPageTest - Clicked 'Add' button.
2025-02-07 09:46:31 [main] INFO  l.i.uztis.pages.ApplicationFormsPage - Located the dropdown button.
2025-02-07 09:46:32 [main] INFO  l.i.uztis.pages.ApplicationFormsPage - Successfully selected the value: 'PVK paraiškos vertinimo forma - I etapas'
2025-02-07 09:46:42 [main] ERROR l.i.uztis.pages.ApplicationFormsPage - Failed to close the dropdown with aria-expanded = 'false'.
2025-02-07 09:46:42 [main] DEBUG l.i.u.tests.ApplicationFormsPageTest - Selected a value from the 'EvaluationOne' dropdown: 'PVK paraiškos vertinimo forma - I etapas'
2025-02-07 09:46:42 [main] INFO  l.i.uztis.pages.ApplicationFormsPage - Located the dropdown button.
2025-02-07 09:46:43 [main] INFO  l.i.uztis.pages.ApplicationFormsPage - Successfully selected the value: 'PVK paraiškos vertinimo forma - II etapas'
2025-02-07 09:46:53 [main] ERROR l.i.uztis.pages.ApplicationFormsPage - Failed to close the dropdown with aria-expanded = 'false'.
2025-02-07 09:46:53 [main] DEBUG l.i.u.tests.ApplicationFormsPageTest - Selected a value from the 'EvaluationTwon' dropdown: 'PVK paraiškos vertinimo forma - II etapas'
2025-02-07 09:46:53 [main] INFO  l.i.uztis.pages.ApplicationFormsPage - Located the dropdown button.
2025-02-07 09:46:54 [main] INFO  l.i.uztis.pages.ApplicationFormsPage - Successfully selected the value: 'PVK paraiškos vertinimo forma - III etapas'
2025-02-07 09:47:04 [main] ERROR l.i.uztis.pages.ApplicationFormsPage - Failed to close the dropdown with aria-expanded = 'false'.
2025-02-07 09:47:04 [main] DEBUG l.i.u.tests.ApplicationFormsPageTest - Selected a value from the 'EvaluationThree' dropdown: 'PVK paraiškos vertinimo forma - III etapas'
2025-02-07 09:47:04 [main] DEBUG l.i.u.tests.ApplicationFormsPageTest - Clicked 'Plus' button.
2025-02-07 09:47:05 [main] DEBUG l.i.u.tests.ApplicationFormsPageTest - Clicked 'Add' button seven times.
2025-02-07 09:47:05 [main] INFO  l.i.uztis.pages.ApplicationFormsPage - Processing dropdown index: 0
2025-02-07 09:47:15 [main] ERROR l.i.uztis.pages.ApplicationFormsPage - Timeout while waiting for dropdown to close at index: 0 with aria-expanded = 'false'
2025-02-07 09:47:15 [main] INFO  l.i.uztis.pages.ApplicationFormsPage - Processing dropdown index: 1
2025-02-07 09:47:26 [main] ERROR l.i.uztis.pages.ApplicationFormsPage - Timeout while waiting for dropdown to close at index: 1 with aria-expanded = 'false'
2025-02-07 09:47:26 [main] INFO  l.i.uztis.pages.ApplicationFormsPage - Processing dropdown index: 2
2025-02-07 09:47:36 [main] ERROR l.i.uztis.pages.ApplicationFormsPage - Timeout while waiting for dropdown to close at index: 2 with aria-expanded = 'false'
2025-02-07 09:47:36 [main] INFO  l.i.uztis.pages.ApplicationFormsPage - Processing dropdown index: 3
2025-02-07 09:47:47 [main] ERROR l.i.uztis.pages.ApplicationFormsPage - Timeout while waiting for dropdown to close at index: 3 with aria-expanded = 'false'
2025-02-07 09:47:47 [main] INFO  l.i.uztis.pages.ApplicationFormsPage - Processing dropdown index: 4
2025-02-07 09:47:58 [main] ERROR l.i.uztis.pages.ApplicationFormsPage - Timeout while waiting for dropdown to close at index: 4 with aria-expanded = 'false'
2025-02-07 09:47:58 [main] INFO  l.i.uztis.pages.ApplicationFormsPage - Processing dropdown index: 5
2025-02-07 09:48:09 [main] ERROR l.i.uztis.pages.ApplicationFormsPage - Timeout while waiting for dropdown to close at index: 5 with aria-expanded = 'false'
2025-02-07 09:48:09 [main] INFO  l.i.uztis.pages.ApplicationFormsPage - Processing dropdown index: 6
2025-02-07 09:48:20 [main] ERROR l.i.uztis.pages.ApplicationFormsPage - Timeout while waiting for dropdown to close at index: 6 with aria-expanded = 'false'
2025-02-07 09:48:20 [main] INFO  l.i.uztis.pages.ApplicationFormsPage - Processing dropdown index: 7
2025-02-07 09:48:31 [main] ERROR l.i.uztis.pages.ApplicationFormsPage - Timeout while waiting for dropdown to close at index: 7 with aria-expanded = 'false'
2025-02-07 09:48:31 [main] INFO  l.i.uztis.pages.ApplicationFormsPage - Processing input field index: 0
2025-02-07 09:48:31 [main] INFO  l.i.uztis.pages.ApplicationFormsPage - Entered value '50' into field index: 0
2025-02-07 09:48:31 [main] INFO  l.i.uztis.pages.ApplicationFormsPage - Processing input field index: 1
2025-02-07 09:48:31 [main] INFO  l.i.uztis.pages.ApplicationFormsPage - Entered value '924' into field index: 1
2025-02-07 09:48:31 [main] INFO  l.i.uztis.pages.ApplicationFormsPage - Processing input field index: 2
2025-02-07 09:48:31 [main] INFO  l.i.uztis.pages.ApplicationFormsPage - Entered value '31' into field index: 2
2025-02-07 09:48:31 [main] INFO  l.i.uztis.pages.ApplicationFormsPage - Processing input field index: 3
2025-02-07 09:48:31 [main] INFO  l.i.uztis.pages.ApplicationFormsPage - Entered value '4.7' into field index: 3
2025-02-07 09:48:31 [main] INFO  l.i.uztis.pages.ApplicationFormsPage - Processing input field index: 4
2025-02-07 09:48:31 [main] INFO  l.i.uztis.pages.ApplicationFormsPage - Entered value '35' into field index: 4
2025-02-07 09:48:31 [main] INFO  l.i.uztis.pages.ApplicationFormsPage - Processing input field index: 5
2025-02-07 09:48:32 [main] INFO  l.i.uztis.pages.ApplicationFormsPage - Entered value '20' into field index: 5
2025-02-07 09:48:32 [main] INFO  l.i.uztis.pages.ApplicationFormsPage - Processing input field index: 6
2025-02-07 09:48:32 [main] INFO  l.i.uztis.pages.ApplicationFormsPage - Entered value '30' into field index: 6
2025-02-07 09:48:32 [main] INFO  l.i.uztis.pages.ApplicationFormsPage - Processing input field index: 7
2025-02-07 09:48:32 [main] INFO  l.i.uztis.pages.ApplicationFormsPage - Entered value '60' into field index: 7
2025-02-07 09:48:32 [main] DEBUG l.i.u.tests.ApplicationFormsPageTest - Entered additional values and text.
2025-02-07 09:48:32 [main] DEBUG l.i.u.tests.ApplicationFormsPageTest - Entered application name: PVK paraiška
2025-02-07 09:48:32 [main] DEBUG l.i.u.tests.ApplicationFormsPageTest - Clicked the 'Save' button.
2025-02-07 09:48:32 [main] INFO  l.i.u.tests.ApplicationFormsPageTest - Verified success message: 'Duomenys sėkmingai išsaugoti.'
2025-02-07 09:48:32 [main] INFO  l.i.u.tests.ApplicationFormsPageTest - Verified that the 'Save Form' button is displayed.
2025-02-07 09:48:32 [main] INFO  l.i.u.tests.ApplicationFormsPageTest - Test 'testCreateNewPvkApplication' completed successfully.
2025-02-07 09:52:09 [main] INFO  lt.insoft.uztis.tests.UztisPageTest - Navigated to https://uztisdev.asseco.lt/home
2025-02-07 09:52:09 [main] INFO  l.i.uztis.tests.InvitationsPageTest - Starting test:'testCreateNewPvkInvitation'
2025-02-07 09:52:09 [main] DEBUG l.i.uztis.tests.InvitationsPageTest - User logged in with test credentials
2025-02-07 09:52:10 [main] DEBUG l.i.uztis.tests.InvitationsPageTest - Opened 'Application Processing' menu.
2025-02-07 09:52:10 [main] DEBUG l.i.uztis.tests.InvitationsPageTest - Clicked on 'Application Forms' menu.
2025-02-07 09:52:10 [main] DEBUG l.i.uztis.tests.InvitationsPageTest - Navigating to application forms menu.
2025-02-07 09:52:10 [main] DEBUG l.i.uztis.tests.InvitationsPageTest - Retrieved last description code text: 'TST-PVK-64'.
2025-02-07 09:52:10 [main] DEBUG l.i.uztis.tests.InvitationsPageTest - Clicked on 'Invitation' menu.
2025-02-07 09:52:10 [main] DEBUG l.i.uztis.tests.InvitationsPageTest - Clicked 'Create New Application Form'.
2025-02-07 09:52:11 [main] DEBUG l.i.uztis.tests.InvitationsPageTest - Selected section by code: 'TST-PVK-64'.
2025-02-07 09:52:11 [main] INFO  l.insoft.uztis.pages.InvitationsPage - Located the dropdown button.
2025-02-07 09:52:23 [main] ERROR l.insoft.uztis.pages.InvitationsPage - Timeout while waiting for dropdown to close with aria-expanded = 'false'.
2025-02-07 09:52:23 [main] DEBUG l.i.uztis.tests.InvitationsPageTest - Selected invitation number from the list.
2025-02-07 09:52:23 [main] ERROR l.i.uztis.tests.InvitationsPageTest - Test 'testCreateNewPvkInvitation' failed with error: no such window: target window already closed
from unknown error: web view not found
  (Session info: chrome=132.0.6834.196)
Build info: version: '4.27.0', revision: 'd6e718d134'
System info: os.name: 'Windows 11', os.arch: 'amd64', os.version: '10.0', java.version: '21.0.3'
Driver info: org.openqa.selenium.chrome.ChromeDriver
Command: [161844f8efa6480cea18db5c593c17bd, findElement {value=//input[contains(@class, 'mat-datepicker-input')], using=xpath}]
Capabilities {acceptInsecureCerts: false, browserName: chrome, browserVersion: 132.0.6834.196, chrome: {chromedriverVersion: 132.0.6834.159 (2d77d3fc445..., userDataDir: C:\Users\INGRID~1.ZAD\AppDa...}, fedcm:accounts: true, goog:chromeOptions: {debuggerAddress: localhost:64004}, networkConnectionEnabled: false, pageLoadStrategy: normal, platformName: windows, proxy: Proxy(), se:cdp: ws://localhost:64004/devtoo..., se:cdpVersion: 132.0.6834.196, setWindowRect: true, strictFileInteractability: false, timeouts: {implicit: 0, pageLoad: 300000, script: 30000}, unhandledPromptBehavior: dismiss and notify, webauthn:extension:credBlob: true, webauthn:extension:largeBlob: true, webauthn:extension:minPinLength: true, webauthn:extension:prf: true, webauthn:virtualAuthenticators: true}
Session ID: 161844f8efa6480cea18db5c593c17bd
org.openqa.selenium.NoSuchWindowException: no such window: target window already closed
from unknown error: web view not found
  (Session info: chrome=132.0.6834.196)
Build info: version: '4.27.0', revision: 'd6e718d134'
System info: os.name: 'Windows 11', os.arch: 'amd64', os.version: '10.0', java.version: '21.0.3'
Driver info: org.openqa.selenium.chrome.ChromeDriver
Command: [161844f8efa6480cea18db5c593c17bd, findElement {value=//input[contains(@class, 'mat-datepicker-input')], using=xpath}]
Capabilities {acceptInsecureCerts: false, browserName: chrome, browserVersion: 132.0.6834.196, chrome: {chromedriverVersion: 132.0.6834.159 (2d77d3fc445..., userDataDir: C:\Users\INGRID~1.ZAD\AppDa...}, fedcm:accounts: true, goog:chromeOptions: {debuggerAddress: localhost:64004}, networkConnectionEnabled: false, pageLoadStrategy: normal, platformName: windows, proxy: Proxy(), se:cdp: ws://localhost:64004/devtoo..., se:cdpVersion: 132.0.6834.196, setWindowRect: true, strictFileInteractability: false, timeouts: {implicit: 0, pageLoad: 300000, script: 30000}, unhandledPromptBehavior: dismiss and notify, webauthn:extension:credBlob: true, webauthn:extension:largeBlob: true, webauthn:extension:minPinLength: true, webauthn:extension:prf: true, webauthn:virtualAuthenticators: true}
Session ID: 161844f8efa6480cea18db5c593c17bd
	at java.base/jdk.internal.reflect.DirectConstructorHandleAccessor.newInstance(DirectConstructorHandleAccessor.java:62)
	at java.base/java.lang.reflect.Constructor.newInstanceWithCaller(Constructor.java:502)
	at java.base/java.lang.reflect.Constructor.newInstance(Constructor.java:486)
	at org.openqa.selenium.remote.ErrorCodec.decode(ErrorCodec.java:167)
	at org.openqa.selenium.remote.codec.w3c.W3CHttpResponseCodec.decode(W3CHttpResponseCodec.java:138)
	at org.openqa.selenium.remote.codec.w3c.W3CHttpResponseCodec.decode(W3CHttpResponseCodec.java:50)
	at org.openqa.selenium.remote.HttpCommandExecutor.execute(HttpCommandExecutor.java:190)
	at org.openqa.selenium.remote.service.DriverCommandExecutor.invokeExecute(DriverCommandExecutor.java:216)
	at org.openqa.selenium.remote.service.DriverCommandExecutor.execute(DriverCommandExecutor.java:174)
	at org.openqa.selenium.remote.RemoteWebDriver.execute(RemoteWebDriver.java:545)
	at org.openqa.selenium.remote.ElementLocation$ElementFinder$2.findElement(ElementLocation.java:165)
	at org.openqa.selenium.remote.ElementLocation.findElement(ElementLocation.java:59)
	at org.openqa.selenium.remote.RemoteWebDriver.findElement(RemoteWebDriver.java:368)
	at org.openqa.selenium.remote.RemoteWebDriver.findElement(RemoteWebDriver.java:362)
	at org.openqa.selenium.support.pagefactory.DefaultElementLocator.findElement(DefaultElementLocator.java:68)
	at org.openqa.selenium.support.pagefactory.internal.LocatingElementHandler.invoke(LocatingElementHandler.java:38)
	at jdk.proxy2/jdk.proxy2.$Proxy14.isDisplayed(Unknown Source)
	at lt.insoft.uztis.pages.InvitationsPage.enterCurrentDate(InvitationsPage.java:299)
	at lt.insoft.uztis.tests.InvitationsPageTest.testCreateNewPvkInvitation(InvitationsPageTest.java:597)
	at java.base/jdk.internal.reflect.DirectMethodHandleAccessor.invoke(DirectMethodHandleAccessor.java:103)
	at java.base/java.lang.reflect.Method.invoke(Method.java:580)
	at org.junit.platform.commons.util.ReflectionUtils.invokeMethod(ReflectionUtils.java:728)
	at org.junit.jupiter.engine.execution.MethodInvocation.proceed(MethodInvocation.java:60)
	at org.junit.jupiter.engine.execution.InvocationInterceptorChain$ValidatingInvocation.proceed(InvocationInterceptorChain.java:131)
	at org.junit.jupiter.engine.extension.TimeoutExtension.intercept(TimeoutExtension.java:156)
	at org.junit.jupiter.engine.extension.TimeoutExtension.interceptTestableMethod(TimeoutExtension.java:147)
	at org.junit.jupiter.engine.extension.TimeoutExtension.interceptTestMethod(TimeoutExtension.java:86)
	at org.junit.jupiter.engine.execution.InterceptingExecutableInvoker$ReflectiveInterceptorCall.lambda$ofVoidMethod$0(InterceptingExecutableInvoker.java:103)
	at org.junit.jupiter.engine.execution.InterceptingExecutableInvoker.lambda$invoke$0(InterceptingExecutableInvoker.java:93)
	at org.junit.jupiter.engine.execution.InvocationInterceptorChain$InterceptedInvocation.proceed(InvocationInterceptorChain.java:106)
	at org.junit.jupiter.engine.execution.InvocationInterceptorChain.proceed(InvocationInterceptorChain.java:64)
	at org.junit.jupiter.engine.execution.InvocationInterceptorChain.chainAndInvoke(InvocationInterceptorChain.java:45)
	at org.junit.jupiter.engine.execution.InvocationInterceptorChain.invoke(InvocationInterceptorChain.java:37)
	at org.junit.jupiter.engine.execution.InterceptingExecutableInvoker.invoke(InterceptingExecutableInvoker.java:92)
	at org.junit.jupiter.engine.execution.InterceptingExecutableInvoker.invoke(InterceptingExecutableInvoker.java:86)
	at org.junit.jupiter.engine.descriptor.TestMethodTestDescriptor.lambda$invokeTestMethod$7(TestMethodTestDescriptor.java:218)
	at org.junit.platform.engine.support.hierarchical.ThrowableCollector.execute(ThrowableCollector.java:73)
	at org.junit.jupiter.engine.descriptor.TestMethodTestDescriptor.invokeTestMethod(TestMethodTestDescriptor.java:214)
	at org.junit.jupiter.engine.descriptor.TestMethodTestDescriptor.execute(TestMethodTestDescriptor.java:139)
	at org.junit.jupiter.engine.descriptor.TestMethodTestDescriptor.execute(TestMethodTestDescriptor.java:69)
	at org.junit.platform.engine.support.hierarchical.NodeTestTask.lambda$executeRecursively$6(NodeTestTask.java:151)
	at org.junit.platform.engine.support.hierarchical.ThrowableCollector.execute(ThrowableCollector.java:73)
	at org.junit.platform.engine.support.hierarchical.NodeTestTask.lambda$executeRecursively$8(NodeTestTask.java:141)
	at org.junit.platform.engine.support.hierarchical.Node.around(Node.java:137)
	at org.junit.platform.engine.support.hierarchical.NodeTestTask.lambda$executeRecursively$9(NodeTestTask.java:139)
	at org.junit.platform.engine.support.hierarchical.ThrowableCollector.execute(ThrowableCollector.java:73)
	at org.junit.platform.engine.support.hierarchical.NodeTestTask.executeRecursively(NodeTestTask.java:138)
	at org.junit.platform.engine.support.hierarchical.NodeTestTask.execute(NodeTestTask.java:95)
	at java.base/java.util.ArrayList.forEach(ArrayList.java:1596)
	at org.junit.platform.engine.support.hierarchical.SameThreadHierarchicalTestExecutorService.invokeAll(SameThreadHierarchicalTestExecutorService.java:41)
	at org.junit.platform.engine.support.hierarchical.NodeTestTask.lambda$executeRecursively$6(NodeTestTask.java:155)
	at org.junit.platform.engine.support.hierarchical.ThrowableCollector.execute(ThrowableCollector.java:73)
	at org.junit.platform.engine.support.hierarchical.NodeTestTask.lambda$executeRecursively$8(NodeTestTask.java:141)
	at org.junit.platform.engine.support.hierarchical.Node.around(Node.java:137)
	at org.junit.platform.engine.support.hierarchical.NodeTestTask.lambda$executeRecursively$9(NodeTestTask.java:139)
	at org.junit.platform.engine.support.hierarchical.ThrowableCollector.execute(ThrowableCollector.java:73)
	at org.junit.platform.engine.support.hierarchical.NodeTestTask.executeRecursively(NodeTestTask.java:138)
	at org.junit.platform.engine.support.hierarchical.NodeTestTask.execute(NodeTestTask.java:95)
	at java.base/java.util.ArrayList.forEach(ArrayList.java:1596)
	at org.junit.platform.engine.support.hierarchical.SameThreadHierarchicalTestExecutorService.invokeAll(SameThreadHierarchicalTestExecutorService.java:41)
	at org.junit.platform.engine.support.hierarchical.NodeTestTask.lambda$executeRecursively$6(NodeTestTask.java:155)
	at org.junit.platform.engine.support.hierarchical.ThrowableCollector.execute(ThrowableCollector.java:73)
	at org.junit.platform.engine.support.hierarchical.NodeTestTask.lambda$executeRecursively$8(NodeTestTask.java:141)
	at org.junit.platform.engine.support.hierarchical.Node.around(Node.java:137)
	at org.junit.platform.engine.support.hierarchical.NodeTestTask.lambda$executeRecursively$9(NodeTestTask.java:139)
	at org.junit.platform.engine.support.hierarchical.ThrowableCollector.execute(ThrowableCollector.java:73)
	at org.junit.platform.engine.support.hierarchical.NodeTestTask.executeRecursively(NodeTestTask.java:138)
	at org.junit.platform.engine.support.hierarchical.NodeTestTask.execute(NodeTestTask.java:95)
	at org.junit.platform.engine.support.hierarchical.SameThreadHierarchicalTestExecutorService.submit(SameThreadHierarchicalTestExecutorService.java:35)
	at org.junit.platform.engine.support.hierarchical.HierarchicalTestExecutor.execute(HierarchicalTestExecutor.java:57)
	at org.junit.platform.engine.support.hierarchical.HierarchicalTestEngine.execute(HierarchicalTestEngine.java:54)
	at org.junit.platform.launcher.core.EngineExecutionOrchestrator.execute(EngineExecutionOrchestrator.java:198)
	at org.junit.platform.launcher.core.EngineExecutionOrchestrator.execute(EngineExecutionOrchestrator.java:169)
	at org.junit.platform.launcher.core.EngineExecutionOrchestrator.execute(EngineExecutionOrchestrator.java:93)
	at org.junit.platform.launcher.core.EngineExecutionOrchestrator.lambda$execute$0(EngineExecutionOrchestrator.java:58)
	at org.junit.platform.launcher.core.EngineExecutionOrchestrator.withInterceptedStreams(EngineExecutionOrchestrator.java:141)
	at org.junit.platform.launcher.core.EngineExecutionOrchestrator.execute(EngineExecutionOrchestrator.java:57)
	at org.junit.platform.launcher.core.DefaultLauncher.execute(DefaultLauncher.java:103)
	at org.junit.platform.launcher.core.DefaultLauncher.execute(DefaultLauncher.java:85)
	at org.junit.platform.launcher.core.DelegatingLauncher.execute(DelegatingLauncher.java:47)
	at org.junit.platform.launcher.core.SessionPerRequestLauncher.execute(SessionPerRequestLauncher.java:63)
	at com.intellij.junit5.JUnit5IdeaTestRunner.startRunnerWithArgs(JUnit5IdeaTestRunner.java:57)
	at com.intellij.rt.junit.IdeaTestRunner$Repeater$1.execute(IdeaTestRunner.java:38)
	at com.intellij.rt.execution.junit.TestsRepeater.repeat(TestsRepeater.java:11)
	at com.intellij.rt.junit.IdeaTestRunner$Repeater.startRunnerWithArgs(IdeaTestRunner.java:35)
	at com.intellij.rt.junit.JUnitStarter.prepareStreamsAndStart(JUnitStarter.java:232)
	at com.intellij.rt.junit.JUnitStarter.main(JUnitStarter.java:55)
2025-02-07 09:52:52 [main] INFO  lt.insoft.uztis.tests.UztisPageTest - Navigated to https://uztisdev.asseco.lt/home
2025-02-07 09:52:52 [main] INFO  l.i.uztis.tests.InvitationsPageTest - Starting test:'testCreateNewPvkInvitation'
2025-02-07 09:52:52 [main] DEBUG l.i.uztis.tests.InvitationsPageTest - User logged in with test credentials
2025-02-07 09:52:53 [main] DEBUG l.i.uztis.tests.InvitationsPageTest - Opened 'Application Processing' menu.
2025-02-07 09:52:53 [main] DEBUG l.i.uztis.tests.InvitationsPageTest - Clicked on 'Application Forms' menu.
2025-02-07 09:52:53 [main] DEBUG l.i.uztis.tests.InvitationsPageTest - Navigating to application forms menu.
2025-02-07 09:52:53 [main] DEBUG l.i.uztis.tests.InvitationsPageTest - Retrieved last description code text: 'TST-PVK-64'.
2025-02-07 09:52:53 [main] DEBUG l.i.uztis.tests.InvitationsPageTest - Clicked on 'Invitation' menu.
2025-02-07 09:52:53 [main] DEBUG l.i.uztis.tests.InvitationsPageTest - Clicked 'Create New Application Form'.
2025-02-07 09:52:54 [main] DEBUG l.i.uztis.tests.InvitationsPageTest - Selected section by code: 'TST-PVK-64'.
2025-02-07 09:52:54 [main] INFO  l.insoft.uztis.pages.InvitationsPage - Located the dropdown button.
2025-02-07 09:53:06 [main] ERROR l.insoft.uztis.pages.InvitationsPage - Timeout while waiting for dropdown to close with aria-expanded = 'false'.
2025-02-07 09:53:06 [main] DEBUG l.i.uztis.tests.InvitationsPageTest - Selected invitation number from the list.
2025-02-07 09:53:06 [main] DEBUG l.i.uztis.tests.InvitationsPageTest - Entered current date.
2025-02-07 09:53:06 [main] DEBUG l.i.uztis.tests.InvitationsPageTest - Entered start time: 00:00.
2025-02-07 09:53:07 [main] DEBUG l.i.uztis.tests.InvitationsPageTest - Entered end date.
2025-02-07 09:53:07 [main] DEBUG l.i.uztis.tests.InvitationsPageTest - Entered end time: 11:11.
2025-02-07 09:53:07 [main] DEBUG l.i.uztis.tests.InvitationsPageTest - Entered publication end date.
2025-02-07 09:53:07 [main] DEBUG l.i.uztis.tests.InvitationsPageTest - Added additional values.
2025-02-07 09:53:07 [main] INFO  l.insoft.uztis.pages.InvitationsPage - Located the dropdown button.
2025-02-07 09:53:08 [main] DEBUG l.i.uztis.tests.InvitationsPageTest - Selected the value: 'Didžiausia galima paramos suma aplinkos darbo vietai, Eur'
2025-02-07 09:53:08 [main] INFO  l.insoft.uztis.pages.InvitationsPage - Located the dropdown button.
2025-02-07 09:53:09 [main] DEBUG l.i.uztis.tests.InvitationsPageTest - Selected the value: 'Didžiausia galima paramos suma, Eur'
2025-02-07 09:53:09 [main] INFO  l.insoft.uztis.pages.InvitationsPage - Located the dropdown button.
2025-02-07 09:53:09 [main] DEBUG l.i.uztis.tests.InvitationsPageTest - Selected the value: 'Didžiausia galima paramos suma vienai darbo vietai, Eur'
2025-02-07 09:53:10 [main] DEBUG l.i.uztis.tests.InvitationsPageTest - Entered value: 11000
2025-02-07 09:53:10 [main] DEBUG l.i.uztis.tests.InvitationsPageTest - Entered value: 12000
2025-02-07 09:53:10 [main] DEBUG l.i.uztis.tests.InvitationsPageTest - Entered value: 13000
2025-02-07 09:53:10 [main] DEBUG l.i.uztis.tests.InvitationsPageTest - Checked 'Legal Entities' checkbox.
2025-02-07 09:53:10 [main] DEBUG l.i.uztis.tests.InvitationsPageTest - Unchecked 'Persons Registered with Employment Service' checkbox.
2025-02-07 09:53:10 [main] DEBUG l.i.uztis.tests.InvitationsPageTest - Checked 'Persons Registered as Employers' checkbox.
2025-02-07 09:53:10 [main] DEBUG l.i.uztis.tests.InvitationsPageTest - Entered second evaluation grade: '5'.
2025-02-07 09:53:10 [main] DEBUG l.i.uztis.tests.InvitationsPageTest - Entered third evaluation grade: '6'.
2025-02-07 09:53:11 [main] DEBUG l.i.uztis.tests.InvitationsPageTest - Entered second evaluation grade weight: '0,45'.
2025-02-07 09:53:11 [main] DEBUG l.i.uztis.tests.InvitationsPageTest - Entered third evaluation grade weight: '0,55'.
2025-02-07 09:53:11 [main] DEBUG l.i.uztis.tests.InvitationsPageTest - Entered budget: '2000'.
2025-02-07 09:53:11 [main] DEBUG l.i.uztis.tests.InvitationsPageTest - Entered budget: '2000'.
2025-02-07 09:53:11 [main] DEBUG l.i.uztis.tests.InvitationsPageTest - Entered budget: '2000'.
2025-02-07 09:53:11 [main] DEBUG l.i.uztis.tests.InvitationsPageTest - Entered budget: '2000'.
2025-02-07 09:53:11 [main] DEBUG l.i.uztis.tests.InvitationsPageTest - Entered budget: '2000'.
2025-02-07 09:53:11 [main] DEBUG l.i.uztis.tests.InvitationsPageTest - Entered description text: 'Aprašo tekstas'.
2025-02-07 09:53:11 [main] DEBUG l.i.uztis.tests.InvitationsPageTest - Entered applicants text: 'Pareiškėjų tekstas'.
2025-02-07 09:53:12 [main] DEBUG l.i.uztis.tests.InvitationsPageTest - Entered expenditures text: 'Išlaidų tekstas'.
2025-02-07 09:53:12 [main] DEBUG l.i.uztis.tests.InvitationsPageTest - Entered legislation text: 'Teisės aktų tekstas'.
2025-02-07 09:53:12 [main] DEBUG l.i.uztis.tests.InvitationsPageTest - Entered education text: 'Mokymų tekstas'.
2025-02-07 09:53:12 [main] DEBUG l.i.uztis.tests.InvitationsPageTest - File uploaded.
2025-02-07 09:53:12 [main] DEBUG l.i.uztis.tests.InvitationsPageTest - Clicked 'Publish'.
2025-02-07 09:53:12 [main] DEBUG l.i.uztis.tests.InvitationsPageTest - Publication confirmed.
2025-02-07 09:53:13 [main] DEBUG l.insoft.uztis.pages.InvitationsPage - Verified success message: 'Funkcija sėkmingai atlikta.'
2025-02-07 09:53:13 [main] INFO  l.i.uztis.tests.InvitationsPageTest - Test 'testCreateNewPvkInvitation' completed successfully.
2025-02-07 09:56:20 [main] INFO  lt.insoft.uztis.tests.UztisPageTest - Navigated to https://uztisdev.asseco.lt/home
2025-02-07 09:56:20 [main] INFO  l.i.uztis.tests.InvitationsPageTest - Starting test:'testInsertVuiStatisticInformation'
2025-02-07 09:56:20 [main] DEBUG l.i.uztis.tests.InvitationsPageTest - User logged in with test credentials
2025-02-07 09:56:21 [main] DEBUG l.i.uztis.tests.InvitationsPageTest - Opened 'Application Processing' menu.
2025-02-07 09:56:21 [main] DEBUG l.i.uztis.tests.InvitationsPageTest - Clicked on 'Application Forms' menu.
2025-02-07 09:56:21 [main] DEBUG l.i.uztis.tests.InvitationsPageTest - Navigating to invitation forms menu.
2025-02-07 09:56:21 [main] DEBUG l.i.uztis.tests.InvitationsPageTest - Retrieved last description code text: 'TST-PVK-64'.
2025-02-07 09:56:21 [main] DEBUG l.i.uztis.tests.InvitationsPageTest - Clicked on 'Invitation' menu.
2025-02-07 09:56:22 [main] DEBUG l.i.uztis.tests.InvitationsPageTest - Selected section by code: 'TST-PVK-64'.
2025-02-07 09:56:22 [main] DEBUG l.i.uztis.tests.InvitationsPageTest - Clicked 'Search'.
2025-02-07 09:56:22 [main] DEBUG l.i.uztis.tests.InvitationsPageTest - Getting and inserting application code text.
2025-02-07 09:56:22 [main] DEBUG l.i.uztis.tests.InvitationsPageTest - Clicked 'Publishing'.
2025-02-07 09:56:23 [main] DEBUG l.i.uztis.tests.InvitationsPageTest - Clicked 'Statistic Information' tab.
2025-02-07 09:56:23 [main] DEBUG l.i.uztis.tests.InvitationsPageTest - Clicked 'Edit' button.
2025-02-07 09:56:23 [main] DEBUG l.i.uztis.tests.InvitationsPageTest - Entered current date.
2025-02-07 09:56:23 [main] DEBUG l.i.uztis.tests.InvitationsPageTest - Entered value: 8.7
2025-02-07 09:56:23 [main] DEBUG l.i.uztis.tests.InvitationsPageTest - Entered average salary: 2237.9
2025-02-07 09:56:23 [main] DEBUG l.i.uztis.tests.InvitationsPageTest - File uploaded.
2025-02-07 09:56:24 [main] DEBUG l.i.uztis.tests.InvitationsPageTest - Clicked 'Save' button.
2025-02-07 09:56:25 [main] DEBUG l.insoft.uztis.pages.InvitationsPage - Verified success message: 'Funkcija sėkmingai atlikta.'
2025-02-07 09:56:25 [main] INFO  l.i.uztis.tests.InvitationsPageTest - Test 'testInsertVuiStatisticInformation' completed successfully.
2025-02-07 10:12:04 [main] INFO  lt.insoft.uztis.tests.UztisPageTest - Navigated to https://uztisdev.asseco.lt/home
2025-02-07 10:12:04 [main] INFO  l.i.u.tests.ApplicationFormsPageTest - Setup complete. ApplicationFormsPage initialized.
2025-02-07 10:12:04 [main] INFO  l.i.u.tests.ApplicationFormsPageTest - Starting test:'testCreateNewVuiApplication'
2025-02-07 10:12:05 [main] DEBUG l.i.u.tests.ApplicationFormsPageTest - User logged in with test credentials
2025-02-07 10:12:05 [main] DEBUG l.i.u.tests.ApplicationFormsPageTest - Opened 'Application Processing' menu.
2025-02-07 10:12:05 [main] DEBUG l.i.u.tests.ApplicationFormsPageTest - Clicked on 'Application Forms' menu.
2025-02-07 10:12:06 [main] DEBUG l.i.u.tests.ApplicationFormsPageTest - Clicked to create a new application form.
2025-02-07 10:12:06 [main] DEBUG l.i.u.tests.ApplicationFormsPageTest - Entered random application code: TST-VUI-37
2025-02-07 10:12:07 [main] DEBUG l.i.u.tests.ApplicationFormsPageTest - Selected 'Section' radio button.
2025-02-07 10:12:07 [main] INFO  l.i.uztis.pages.ApplicationFormsPage - Located the dropdown button.
2025-02-07 10:12:07 [main] INFO  l.i.uztis.pages.ApplicationFormsPage - Successfully selected the value: 'Skyrius 1'
2025-02-07 10:12:17 [main] ERROR l.i.uztis.pages.ApplicationFormsPage - Failed to close the dropdown with aria-expanded = 'false'.
2025-02-07 10:12:17 [main] DEBUG l.i.u.tests.ApplicationFormsPageTest - Selected a value from the 'Section' dropdown: 'Skyrius 1'
2025-02-07 10:12:18 [main] DEBUG l.i.u.tests.ApplicationFormsPageTest - Selected 'Budget by Municipality' option.
2025-02-07 10:12:18 [main] DEBUG l.i.u.tests.ApplicationFormsPageTest - Selected 'Financed Without Queue' option.
2025-02-07 10:12:18 [main] DEBUG l.i.u.tests.ApplicationFormsPageTest - Clicked 'Add' button.
2025-02-07 10:12:18 [main] INFO  l.i.uztis.pages.ApplicationFormsPage - Located the dropdown button.
2025-02-07 10:12:19 [main] INFO  l.i.uztis.pages.ApplicationFormsPage - Successfully selected the value: 'VUI paraiškos vertinimo forma - I etapas'
2025-02-07 10:12:29 [main] ERROR l.i.uztis.pages.ApplicationFormsPage - Failed to close the dropdown with aria-expanded = 'false'.
2025-02-07 10:12:29 [main] DEBUG l.i.u.tests.ApplicationFormsPageTest - Selected a value from the 'EvaluationOne' dropdown: 'VUI paraiškos vertinimo forma - I etapas'
2025-02-07 10:12:29 [main] INFO  l.i.uztis.pages.ApplicationFormsPage - Located the dropdown button.
2025-02-07 10:12:30 [main] INFO  l.i.uztis.pages.ApplicationFormsPage - Successfully selected the value: 'VUI paraiškos vertinimo forma - II etapas'
2025-02-07 10:12:40 [main] ERROR l.i.uztis.pages.ApplicationFormsPage - Failed to close the dropdown with aria-expanded = 'false'.
2025-02-07 10:12:40 [main] DEBUG l.i.u.tests.ApplicationFormsPageTest - Selected a value from the 'EvaluationTwon' dropdown: 'VUI paraiškos vertinimo forma - II etapas'
2025-02-07 10:12:40 [main] INFO  l.i.uztis.pages.ApplicationFormsPage - Located the dropdown button.
2025-02-07 10:12:40 [main] INFO  l.i.uztis.pages.ApplicationFormsPage - Successfully selected the value: 'VUI paraiškos vertinimo forma - III etapas'
2025-02-07 10:12:51 [main] ERROR l.i.uztis.pages.ApplicationFormsPage - Failed to close the dropdown with aria-expanded = 'false'.
2025-02-07 10:12:51 [main] DEBUG l.i.u.tests.ApplicationFormsPageTest - Selected a value from the 'EvaluationThree' dropdown: 'VUI paraiškos vertinimo forma - III etapas'
2025-02-07 10:12:51 [main] DEBUG l.i.u.tests.ApplicationFormsPageTest - Clicked 'Plus' button.
2025-02-07 10:12:52 [main] DEBUG l.i.u.tests.ApplicationFormsPageTest - Clicked 'Add' button seven times.
2025-02-07 10:12:52 [main] INFO  l.i.uztis.pages.ApplicationFormsPage - Processing dropdown index: 0
2025-02-07 10:13:02 [main] ERROR l.i.uztis.pages.ApplicationFormsPage - Timeout while waiting for dropdown to close at index: 0 with aria-expanded = 'false'
2025-02-07 10:13:02 [main] INFO  l.i.uztis.pages.ApplicationFormsPage - Processing dropdown index: 1
2025-02-07 10:13:12 [main] ERROR l.i.uztis.pages.ApplicationFormsPage - Timeout while waiting for dropdown to close at index: 1 with aria-expanded = 'false'
2025-02-07 10:13:12 [main] INFO  l.i.uztis.pages.ApplicationFormsPage - Processing dropdown index: 2
2025-02-07 10:13:22 [main] ERROR l.i.uztis.pages.ApplicationFormsPage - Timeout while waiting for dropdown to close at index: 2 with aria-expanded = 'false'
2025-02-07 10:13:22 [main] INFO  l.i.uztis.pages.ApplicationFormsPage - Processing dropdown index: 3
2025-02-07 10:13:33 [main] ERROR l.i.uztis.pages.ApplicationFormsPage - Timeout while waiting for dropdown to close at index: 3 with aria-expanded = 'false'
2025-02-07 10:13:33 [main] INFO  l.i.uztis.pages.ApplicationFormsPage - Processing dropdown index: 4
2025-02-07 10:13:43 [main] ERROR l.i.uztis.pages.ApplicationFormsPage - Timeout while waiting for dropdown to close at index: 4 with aria-expanded = 'false'
2025-02-07 10:13:43 [main] INFO  l.i.uztis.pages.ApplicationFormsPage - Processing dropdown index: 5
2025-02-07 10:13:54 [main] ERROR l.i.uztis.pages.ApplicationFormsPage - Timeout while waiting for dropdown to close at index: 5 with aria-expanded = 'false'
2025-02-07 10:13:54 [main] INFO  l.i.uztis.pages.ApplicationFormsPage - Processing dropdown index: 6
2025-02-07 10:14:05 [main] ERROR l.i.uztis.pages.ApplicationFormsPage - Timeout while waiting for dropdown to close at index: 6 with aria-expanded = 'false'
2025-02-07 10:14:05 [main] INFO  l.i.uztis.pages.ApplicationFormsPage - Processing dropdown index: 7
2025-02-07 10:14:16 [main] ERROR l.i.uztis.pages.ApplicationFormsPage - Timeout while waiting for dropdown to close at index: 7 with aria-expanded = 'false'
2025-02-07 10:14:16 [main] INFO  l.i.uztis.pages.ApplicationFormsPage - Processing input field index: 0
2025-02-07 10:14:16 [main] INFO  l.i.uztis.pages.ApplicationFormsPage - Entered value '50' into field index: 0
2025-02-07 10:14:16 [main] INFO  l.i.uztis.pages.ApplicationFormsPage - Processing input field index: 1
2025-02-07 10:14:16 [main] INFO  l.i.uztis.pages.ApplicationFormsPage - Entered value '924' into field index: 1
2025-02-07 10:14:16 [main] INFO  l.i.uztis.pages.ApplicationFormsPage - Processing input field index: 2
2025-02-07 10:14:17 [main] INFO  l.i.uztis.pages.ApplicationFormsPage - Entered value '31' into field index: 2
2025-02-07 10:14:17 [main] INFO  l.i.uztis.pages.ApplicationFormsPage - Processing input field index: 3
2025-02-07 10:14:17 [main] INFO  l.i.uztis.pages.ApplicationFormsPage - Entered value '4.7' into field index: 3
2025-02-07 10:14:17 [main] INFO  l.i.uztis.pages.ApplicationFormsPage - Processing input field index: 4
2025-02-07 10:14:17 [main] INFO  l.i.uztis.pages.ApplicationFormsPage - Entered value '35' into field index: 4
2025-02-07 10:14:17 [main] INFO  l.i.uztis.pages.ApplicationFormsPage - Processing input field index: 5
2025-02-07 10:14:17 [main] INFO  l.i.uztis.pages.ApplicationFormsPage - Entered value '20' into field index: 5
2025-02-07 10:14:17 [main] INFO  l.i.uztis.pages.ApplicationFormsPage - Processing input field index: 6
2025-02-07 10:14:17 [main] INFO  l.i.uztis.pages.ApplicationFormsPage - Entered value '30' into field index: 6
2025-02-07 10:14:17 [main] INFO  l.i.uztis.pages.ApplicationFormsPage - Processing input field index: 7
2025-02-07 10:14:17 [main] INFO  l.i.uztis.pages.ApplicationFormsPage - Entered value '60' into field index: 7
2025-02-07 10:14:17 [main] DEBUG l.i.u.tests.ApplicationFormsPageTest - Entered additional values and text.
2025-02-07 10:14:17 [main] DEBUG l.i.u.tests.ApplicationFormsPageTest - Entered application name: VUI paraiška
2025-02-07 10:14:17 [main] DEBUG l.i.u.tests.ApplicationFormsPageTest - Clicked the 'Save' button.
2025-02-07 10:14:18 [main] ERROR l.i.u.tests.ApplicationFormsPageTest - Test 'testCreateNewVuiApplication' failed with error: Expected success message 'Duomenys sėkmingai išsaugoti.' but none matched in '[Elemente „Paraiškos kodas“ nurodyta reikšmė jau egzistuoja. Prašome nurodyti unikalią reikšmę.]'. ==> expected: <true> but was: <false>
org.opentest4j.AssertionFailedError: Expected success message 'Duomenys sėkmingai išsaugoti.' but none matched in '[Elemente „Paraiškos kodas“ nurodyta reikšmė jau egzistuoja. Prašome nurodyti unikalią reikšmę.]'. ==> expected: <true> but was: <false>
	at org.junit.jupiter.api.AssertionFailureBuilder.build(AssertionFailureBuilder.java:151)
	at org.junit.jupiter.api.AssertionFailureBuilder.buildAndThrow(AssertionFailureBuilder.java:132)
	at org.junit.jupiter.api.AssertTrue.failNotTrue(AssertTrue.java:63)
	at org.junit.jupiter.api.AssertTrue.assertTrue(AssertTrue.java:36)
	at org.junit.jupiter.api.Assertions.assertTrue(Assertions.java:210)
	at lt.insoft.uztis.tests.ApplicationFormsPageTest.testCreateNewVuiApplication(ApplicationFormsPageTest.java:163)
	at java.base/jdk.internal.reflect.DirectMethodHandleAccessor.invoke(DirectMethodHandleAccessor.java:103)
	at java.base/java.lang.reflect.Method.invoke(Method.java:580)
	at org.junit.platform.commons.util.ReflectionUtils.invokeMethod(ReflectionUtils.java:728)
	at org.junit.jupiter.engine.execution.MethodInvocation.proceed(MethodInvocation.java:60)
	at org.junit.jupiter.engine.execution.InvocationInterceptorChain$ValidatingInvocation.proceed(InvocationInterceptorChain.java:131)
	at org.junit.jupiter.engine.extension.TimeoutExtension.intercept(TimeoutExtension.java:156)
	at org.junit.jupiter.engine.extension.TimeoutExtension.interceptTestableMethod(TimeoutExtension.java:147)
	at org.junit.jupiter.engine.extension.TimeoutExtension.interceptTestMethod(TimeoutExtension.java:86)
	at org.junit.jupiter.engine.execution.InterceptingExecutableInvoker$ReflectiveInterceptorCall.lambda$ofVoidMethod$0(InterceptingExecutableInvoker.java:103)
	at org.junit.jupiter.engine.execution.InterceptingExecutableInvoker.lambda$invoke$0(InterceptingExecutableInvoker.java:93)
	at org.junit.jupiter.engine.execution.InvocationInterceptorChain$InterceptedInvocation.proceed(InvocationInterceptorChain.java:106)
	at org.junit.jupiter.engine.execution.InvocationInterceptorChain.proceed(InvocationInterceptorChain.java:64)
	at org.junit.jupiter.engine.execution.InvocationInterceptorChain.chainAndInvoke(InvocationInterceptorChain.java:45)
	at org.junit.jupiter.engine.execution.InvocationInterceptorChain.invoke(InvocationInterceptorChain.java:37)
	at org.junit.jupiter.engine.execution.InterceptingExecutableInvoker.invoke(InterceptingExecutableInvoker.java:92)
	at org.junit.jupiter.engine.execution.InterceptingExecutableInvoker.invoke(InterceptingExecutableInvoker.java:86)
	at org.junit.jupiter.engine.descriptor.TestMethodTestDescriptor.lambda$invokeTestMethod$7(TestMethodTestDescriptor.java:218)
	at org.junit.platform.engine.support.hierarchical.ThrowableCollector.execute(ThrowableCollector.java:73)
	at org.junit.jupiter.engine.descriptor.TestMethodTestDescriptor.invokeTestMethod(TestMethodTestDescriptor.java:214)
	at org.junit.jupiter.engine.descriptor.TestMethodTestDescriptor.execute(TestMethodTestDescriptor.java:139)
	at org.junit.jupiter.engine.descriptor.TestMethodTestDescriptor.execute(TestMethodTestDescriptor.java:69)
	at org.junit.platform.engine.support.hierarchical.NodeTestTask.lambda$executeRecursively$6(NodeTestTask.java:151)
	at org.junit.platform.engine.support.hierarchical.ThrowableCollector.execute(ThrowableCollector.java:73)
	at org.junit.platform.engine.support.hierarchical.NodeTestTask.lambda$executeRecursively$8(NodeTestTask.java:141)
	at org.junit.platform.engine.support.hierarchical.Node.around(Node.java:137)
	at org.junit.platform.engine.support.hierarchical.NodeTestTask.lambda$executeRecursively$9(NodeTestTask.java:139)
	at org.junit.platform.engine.support.hierarchical.ThrowableCollector.execute(ThrowableCollector.java:73)
	at org.junit.platform.engine.support.hierarchical.NodeTestTask.executeRecursively(NodeTestTask.java:138)
	at org.junit.platform.engine.support.hierarchical.NodeTestTask.execute(NodeTestTask.java:95)
	at java.base/java.util.ArrayList.forEach(ArrayList.java:1596)
	at org.junit.platform.engine.support.hierarchical.SameThreadHierarchicalTestExecutorService.invokeAll(SameThreadHierarchicalTestExecutorService.java:41)
	at org.junit.platform.engine.support.hierarchical.NodeTestTask.lambda$executeRecursively$6(NodeTestTask.java:155)
	at org.junit.platform.engine.support.hierarchical.ThrowableCollector.execute(ThrowableCollector.java:73)
	at org.junit.platform.engine.support.hierarchical.NodeTestTask.lambda$executeRecursively$8(NodeTestTask.java:141)
	at org.junit.platform.engine.support.hierarchical.Node.around(Node.java:137)
	at org.junit.platform.engine.support.hierarchical.NodeTestTask.lambda$executeRecursively$9(NodeTestTask.java:139)
	at org.junit.platform.engine.support.hierarchical.ThrowableCollector.execute(ThrowableCollector.java:73)
	at org.junit.platform.engine.support.hierarchical.NodeTestTask.executeRecursively(NodeTestTask.java:138)
	at org.junit.platform.engine.support.hierarchical.NodeTestTask.execute(NodeTestTask.java:95)
	at java.base/java.util.ArrayList.forEach(ArrayList.java:1596)
	at org.junit.platform.engine.support.hierarchical.SameThreadHierarchicalTestExecutorService.invokeAll(SameThreadHierarchicalTestExecutorService.java:41)
	at org.junit.platform.engine.support.hierarchical.NodeTestTask.lambda$executeRecursively$6(NodeTestTask.java:155)
	at org.junit.platform.engine.support.hierarchical.ThrowableCollector.execute(ThrowableCollector.java:73)
	at org.junit.platform.engine.support.hierarchical.NodeTestTask.lambda$executeRecursively$8(NodeTestTask.java:141)
	at org.junit.platform.engine.support.hierarchical.Node.around(Node.java:137)
	at org.junit.platform.engine.support.hierarchical.NodeTestTask.lambda$executeRecursively$9(NodeTestTask.java:139)
	at org.junit.platform.engine.support.hierarchical.ThrowableCollector.execute(ThrowableCollector.java:73)
	at org.junit.platform.engine.support.hierarchical.NodeTestTask.executeRecursively(NodeTestTask.java:138)
	at org.junit.platform.engine.support.hierarchical.NodeTestTask.execute(NodeTestTask.java:95)
	at org.junit.platform.engine.support.hierarchical.SameThreadHierarchicalTestExecutorService.submit(SameThreadHierarchicalTestExecutorService.java:35)
	at org.junit.platform.engine.support.hierarchical.HierarchicalTestExecutor.execute(HierarchicalTestExecutor.java:57)
	at org.junit.platform.engine.support.hierarchical.HierarchicalTestEngine.execute(HierarchicalTestEngine.java:54)
	at org.junit.platform.launcher.core.EngineExecutionOrchestrator.execute(EngineExecutionOrchestrator.java:198)
	at org.junit.platform.launcher.core.EngineExecutionOrchestrator.execute(EngineExecutionOrchestrator.java:169)
	at org.junit.platform.launcher.core.EngineExecutionOrchestrator.execute(EngineExecutionOrchestrator.java:93)
	at org.junit.platform.launcher.core.EngineExecutionOrchestrator.lambda$execute$0(EngineExecutionOrchestrator.java:58)
	at org.junit.platform.launcher.core.EngineExecutionOrchestrator.withInterceptedStreams(EngineExecutionOrchestrator.java:141)
	at org.junit.platform.launcher.core.EngineExecutionOrchestrator.execute(EngineExecutionOrchestrator.java:57)
	at org.junit.platform.launcher.core.DefaultLauncher.execute(DefaultLauncher.java:103)
	at org.junit.platform.launcher.core.DefaultLauncher.execute(DefaultLauncher.java:85)
	at org.junit.platform.launcher.core.DelegatingLauncher.execute(DelegatingLauncher.java:47)
	at org.junit.platform.launcher.core.SessionPerRequestLauncher.execute(SessionPerRequestLauncher.java:63)
	at com.intellij.junit5.JUnit5IdeaTestRunner.startRunnerWithArgs(JUnit5IdeaTestRunner.java:57)
	at com.intellij.rt.junit.IdeaTestRunner$Repeater$1.execute(IdeaTestRunner.java:38)
	at com.intellij.rt.execution.junit.TestsRepeater.repeat(TestsRepeater.java:11)
	at com.intellij.rt.junit.IdeaTestRunner$Repeater.startRunnerWithArgs(IdeaTestRunner.java:35)
	at com.intellij.rt.junit.JUnitStarter.prepareStreamsAndStart(JUnitStarter.java:232)
	at com.intellij.rt.junit.JUnitStarter.main(JUnitStarter.java:55)
2025-02-07 10:14:18 [main] INFO  l.insoft.uztis.tests.utils.TestUtils - Screenshot moved to C:\Users\ingrida.zadorozniene\Desktop\Asm\UZTIS\UZTIS_tests\test-output\screenshots\20250207\101418315_testCreateNewVuiApplication().png
2025-02-07 10:17:29 [main] INFO  lt.insoft.uztis.tests.UztisPageTest - Navigated to https://uztisdev.asseco.lt/home
2025-02-07 10:17:29 [main] INFO  l.i.u.tests.ApplicationFormsPageTest - Setup complete. ApplicationFormsPage initialized.
2025-02-07 10:17:29 [main] INFO  l.i.u.tests.ApplicationFormsPageTest - Starting test:'testEditAndSaveVuiApplication'
2025-02-07 10:17:29 [main] DEBUG l.i.u.tests.ApplicationFormsPageTest - User logged in with test credentials
2025-02-07 10:17:30 [main] DEBUG l.i.u.tests.ApplicationFormsPageTest - Opened 'Application Processing' menu.
2025-02-07 10:17:30 [main] DEBUG l.i.u.tests.ApplicationFormsPageTest - Clicked on 'Application Forms' menu.
2025-02-07 10:17:31 [main] DEBUG l.i.u.tests.ApplicationFormsPageTest - Selected the last application description.
2025-02-07 10:17:31 [main] DEBUG l.i.u.tests.ApplicationFormsPageTest - Clicked the 'Edit' button.
2025-02-07 10:17:31 [main] DEBUG l.i.u.tests.ApplicationFormsPageTest - Selected 'Municipality' radio button.
2025-02-07 10:17:31 [main] INFO  l.i.uztis.pages.ApplicationFormsPage - Located the dropdown button.
2025-02-07 10:17:32 [main] INFO  l.i.uztis.pages.ApplicationFormsPage - Successfully selected the value: 'Kauno departamentas'
2025-02-07 10:17:42 [main] ERROR l.i.uztis.pages.ApplicationFormsPage - Failed to close the dropdown with aria-expanded = 'false'.
2025-02-07 10:17:42 [main] DEBUG l.i.u.tests.ApplicationFormsPageTest - Selected a value from the 'Municipality' dropdown: 'Kauno departamentas'
2025-02-07 10:17:42 [main] DEBUG l.i.u.tests.ApplicationFormsPageTest - Selected 'Budget By Country' radio button.
2025-02-07 10:17:42 [main] DEBUG l.i.u.tests.ApplicationFormsPageTest - Selected 'Financed By Queue' radio button.
2025-02-07 10:17:42 [main] DEBUG l.i.u.tests.ApplicationFormsPageTest - Entered new application name: _paredaguota
2025-02-07 10:17:42 [main] DEBUG l.i.u.tests.ApplicationFormsPageTest - Clicked the 'Save' button.
2025-02-07 10:17:43 [main] INFO  l.i.u.tests.ApplicationFormsPageTest - Verified success message: 'Duomenys sėkmingai išsaugoti.'
2025-02-07 10:17:43 [main] INFO  l.i.u.tests.ApplicationFormsPageTest - Test 'testEditAndSaveVuiApplication' completed successfully.
2025-02-07 10:19:06 [main] INFO  lt.insoft.uztis.tests.UztisPageTest - Navigated to https://uztisdev.asseco.lt/home
2025-02-07 10:19:06 [main] INFO  l.i.uztis.tests.InvitationsPageTest - Starting test:'testCreateNewVuiInvitationDraft'
2025-02-07 10:19:06 [main] DEBUG l.i.uztis.tests.InvitationsPageTest - User logged in with test credentials
2025-02-07 10:19:07 [main] DEBUG l.i.uztis.tests.InvitationsPageTest - Opened 'Application Processing' menu.
2025-02-07 10:19:07 [main] DEBUG l.i.uztis.tests.InvitationsPageTest - Clicked on 'Application Forms' menu.
2025-02-07 10:19:07 [main] DEBUG l.i.uztis.tests.InvitationsPageTest - Navigating to application forms menu.
2025-02-07 10:19:08 [main] DEBUG l.i.uztis.tests.InvitationsPageTest - Retrieved last description code text: 'TST-VUI-00'.
2025-02-07 10:19:08 [main] DEBUG l.i.uztis.tests.InvitationsPageTest - Clicked on 'Invitation' menu.
2025-02-07 10:19:08 [main] DEBUG l.i.uztis.tests.InvitationsPageTest - Clicked 'Create New Application Form'.
2025-02-07 10:19:09 [main] DEBUG l.i.uztis.tests.InvitationsPageTest - Selected section by code: 'TST-VUI-00'.
2025-02-07 10:19:09 [main] INFO  l.insoft.uztis.pages.InvitationsPage - Located the dropdown button.
2025-02-07 10:19:20 [main] ERROR l.insoft.uztis.pages.InvitationsPage - Timeout while waiting for dropdown to close with aria-expanded = 'false'.
2025-02-07 10:19:20 [main] DEBUG l.i.uztis.tests.InvitationsPageTest - Selected invitation number from the list.
2025-02-07 10:19:20 [main] DEBUG l.i.uztis.tests.InvitationsPageTest - Entered current date.
2025-02-07 10:19:20 [main] DEBUG l.i.uztis.tests.InvitationsPageTest - Entered start time: 00:00.
2025-02-07 10:19:21 [main] DEBUG l.i.uztis.tests.InvitationsPageTest - Entered end date.
2025-02-07 10:19:21 [main] DEBUG l.i.uztis.tests.InvitationsPageTest - Entered end time: 11:11.
2025-02-07 10:19:21 [main] DEBUG l.i.uztis.tests.InvitationsPageTest - Draft saved.
2025-02-07 10:19:21 [main] DEBUG l.insoft.uztis.pages.InvitationsPage - Verified success message: 'Duomenys sėkmingai išsaugoti.'
2025-02-07 10:19:21 [main] INFO  l.i.uztis.tests.InvitationsPageTest - Test 'testCreateNewVuiInvitationDraft' completed successfully.
2025-02-07 10:19:31 [main] INFO  lt.insoft.uztis.tests.UztisPageTest - Navigated to https://uztisdev.asseco.lt/home
2025-02-07 10:19:31 [main] INFO  l.i.uztis.tests.InvitationsPageTest - Starting test:'testEditAndPublishVuiInvitationDraft'
2025-02-07 10:19:31 [main] DEBUG l.i.uztis.tests.InvitationsPageTest - User logged in with test credentials
2025-02-07 10:19:32 [main] DEBUG l.i.uztis.tests.InvitationsPageTest - Opened 'Application Processing' menu.
2025-02-07 10:19:32 [main] DEBUG l.i.uztis.tests.InvitationsPageTest - Clicked on 'Application Forms' menu.
2025-02-07 10:19:32 [main] DEBUG l.i.uztis.tests.InvitationsPageTest - Navigating to application forms menu.
2025-02-07 10:19:32 [main] DEBUG l.i.uztis.tests.InvitationsPageTest - Retrieved last description code text: 'TST-VUI-00'.
2025-02-07 10:19:32 [main] DEBUG l.i.uztis.tests.InvitationsPageTest - Clicked on 'Invitation' menu.
2025-02-07 10:19:33 [main] DEBUG l.i.uztis.tests.InvitationsPageTest - Selected section by code: 'TST-VUI-00'.
2025-02-07 10:19:34 [main] DEBUG l.i.uztis.tests.InvitationsPageTest - Clicked 'Search'.
2025-02-07 10:19:34 [main] DEBUG l.i.uztis.tests.InvitationsPageTest - Getting and inserting application code text.
2025-02-07 10:19:34 [main] DEBUG l.i.uztis.tests.InvitationsPageTest - Clicked 'InvitationDraft'.
2025-02-07 10:19:34 [main] DEBUG l.i.uztis.tests.InvitationsPageTest - Clicked 'Edit'.
2025-02-07 10:19:35 [main] DEBUG l.i.uztis.tests.InvitationsPageTest - Entered publication end date.
2025-02-07 10:19:35 [main] DEBUG l.i.uztis.tests.InvitationsPageTest - Added additional values.
2025-02-07 10:19:35 [main] INFO  l.insoft.uztis.pages.InvitationsPage - Located the dropdown button.
2025-02-07 10:19:35 [main] DEBUG l.i.uztis.tests.InvitationsPageTest - Selected the value: 'Didžiausia galima paramos suma aplinkos darbo vietai, Eur'
2025-02-07 10:19:35 [main] INFO  l.insoft.uztis.pages.InvitationsPage - Located the dropdown button.
2025-02-07 10:19:36 [main] DEBUG l.i.uztis.tests.InvitationsPageTest - Selected the value: 'Didžiausia galima paramos suma, Eur'
2025-02-07 10:19:36 [main] INFO  l.insoft.uztis.pages.InvitationsPage - Located the dropdown button.
2025-02-07 10:19:36 [main] DEBUG l.i.uztis.tests.InvitationsPageTest - Selected the value: 'Didžiausia galima paramos suma vienai darbo vietai, Eur'
2025-02-07 10:19:36 [main] DEBUG l.i.uztis.tests.InvitationsPageTest - Entered value: 11000
2025-02-07 10:19:37 [main] DEBUG l.i.uztis.tests.InvitationsPageTest - Entered value: 12000
2025-02-07 10:19:37 [main] DEBUG l.i.uztis.tests.InvitationsPageTest - Entered value: 13000
2025-02-07 10:19:37 [main] DEBUG l.i.uztis.tests.InvitationsPageTest - Checked 'Legal Entities' checkbox.
2025-02-07 10:19:37 [main] DEBUG l.i.uztis.tests.InvitationsPageTest - Unchecked 'Persons Registered with Employment Service' checkbox.
2025-02-07 10:19:37 [main] DEBUG l.i.uztis.tests.InvitationsPageTest - Checked 'Persons Registered as Employers' checkbox.
2025-02-07 10:19:37 [main] DEBUG l.i.uztis.tests.InvitationsPageTest - Entered second evaluation grade: '5'.
2025-02-07 10:19:37 [main] DEBUG l.i.uztis.tests.InvitationsPageTest - Entered third evaluation grade: '6'.
2025-02-07 10:19:37 [main] DEBUG l.i.uztis.tests.InvitationsPageTest - Entered second evaluation grade weight: '0,45'.
2025-02-07 10:19:38 [main] DEBUG l.i.uztis.tests.InvitationsPageTest - Entered third evaluation grade weight: '0,55'.
2025-02-07 10:19:38 [main] DEBUG l.i.uztis.tests.InvitationsPageTest - Entered budget: '2000'.
2025-02-07 10:19:38 [main] DEBUG l.i.uztis.tests.InvitationsPageTest - Entered description text: 'Aprašo tekstas'.
2025-02-07 10:19:38 [main] DEBUG l.i.uztis.tests.InvitationsPageTest - Entered applicants text: 'Pareiškėjų tekstas'.
2025-02-07 10:19:38 [main] DEBUG l.i.uztis.tests.InvitationsPageTest - Entered expenditures text: 'Išlaidų tekstas'.
2025-02-07 10:19:38 [main] DEBUG l.i.uztis.tests.InvitationsPageTest - Entered legislation text: 'Teisės aktų tekstas'.
2025-02-07 10:19:39 [main] DEBUG l.i.uztis.tests.InvitationsPageTest - Entered education text: 'Mokymų tekstas'.
2025-02-07 10:19:39 [main] DEBUG l.i.uztis.tests.InvitationsPageTest - File uploaded.
2025-02-07 10:19:39 [main] DEBUG l.i.uztis.tests.InvitationsPageTest - Clicked 'Publish'.
2025-02-07 10:19:39 [main] DEBUG l.i.uztis.tests.InvitationsPageTest - Publication confirmed.
2025-02-07 10:19:39 [main] DEBUG l.insoft.uztis.pages.InvitationsPage - Verified success message: 'Funkcija sėkmingai atlikta.'
2025-02-07 10:19:39 [main] INFO  l.i.uztis.tests.InvitationsPageTest - Test 'testEditAndPublishVuiInvitationDraft' completed successfully.
2025-02-07 10:19:51 [main] INFO  lt.insoft.uztis.tests.UztisPageTest - Navigated to https://uztisdev.asseco.lt/home
2025-02-07 10:19:51 [main] INFO  l.i.uztis.tests.InvitationsPageTest - Starting test:'testInsertVuiStatisticInformation'
2025-02-07 10:19:51 [main] DEBUG l.i.uztis.tests.InvitationsPageTest - User logged in with test credentials
2025-02-07 10:19:52 [main] DEBUG l.i.uztis.tests.InvitationsPageTest - Opened 'Application Processing' menu.
2025-02-07 10:19:52 [main] DEBUG l.i.uztis.tests.InvitationsPageTest - Clicked on 'Application Forms' menu.
2025-02-07 10:19:52 [main] DEBUG l.i.uztis.tests.InvitationsPageTest - Navigating to invitation forms menu.
2025-02-07 10:19:52 [main] DEBUG l.i.uztis.tests.InvitationsPageTest - Retrieved last description code text: 'TST-VUI-00'.
2025-02-07 10:19:52 [main] DEBUG l.i.uztis.tests.InvitationsPageTest - Clicked on 'Invitation' menu.
2025-02-07 10:19:53 [main] DEBUG l.i.uztis.tests.InvitationsPageTest - Selected section by code: 'TST-VUI-00'.
2025-02-07 10:19:53 [main] DEBUG l.i.uztis.tests.InvitationsPageTest - Clicked 'Search'.
2025-02-07 10:19:53 [main] DEBUG l.i.uztis.tests.InvitationsPageTest - Getting and inserting application code text.
2025-02-07 10:19:54 [main] DEBUG l.i.uztis.tests.InvitationsPageTest - Clicked 'Publishing'.
2025-02-07 10:19:54 [main] DEBUG l.i.uztis.tests.InvitationsPageTest - Clicked 'Statistic Information' tab.
2025-02-07 10:19:54 [main] DEBUG l.i.uztis.tests.InvitationsPageTest - Clicked 'Edit' button.
2025-02-07 10:19:55 [main] DEBUG l.i.uztis.tests.InvitationsPageTest - Entered current date.
2025-02-07 10:19:55 [main] DEBUG l.i.uztis.tests.InvitationsPageTest - Entered value: 8.7
2025-02-07 10:19:55 [main] DEBUG l.i.uztis.tests.InvitationsPageTest - Entered average salary: 2237.9
2025-02-07 10:19:55 [main] DEBUG l.i.uztis.tests.InvitationsPageTest - File uploaded.
2025-02-07 10:19:55 [main] DEBUG l.i.uztis.tests.InvitationsPageTest - Clicked 'Save' button.
2025-02-07 10:19:56 [main] DEBUG l.insoft.uztis.pages.InvitationsPage - Verified success message: 'Funkcija sėkmingai atlikta.'
2025-02-07 10:19:56 [main] INFO  l.i.uztis.tests.InvitationsPageTest - Test 'testInsertVuiStatisticInformation' completed successfully.
2025-02-07 10:20:22 [main] INFO  lt.insoft.uztis.tests.UztisPageTest - Navigated to https://uztisdev.asseco.lt/home
2025-02-07 10:20:22 [main] INFO  l.i.u.t.SubmittedApplicationsPageTest - Starting test:'testFillNewVUIPApplicationFA'
2025-02-07 10:20:22 [main] DEBUG l.i.u.t.SubmittedApplicationsPageTest - User logged in with test credentials.
2025-02-07 10:20:23 [main] DEBUG l.i.u.t.SubmittedApplicationsPageTest - Opened 'Application Processing' menu.
2025-02-07 10:20:23 [main] DEBUG l.i.u.t.SubmittedApplicationsPageTest - Clicked on 'Application Forms' menu.
2025-02-07 10:20:23 [main] DEBUG l.i.u.t.SubmittedApplicationsPageTest - Retrieved last description code text: 'TST-VUI-00'.
2025-02-07 10:20:23 [main] DEBUG l.i.u.t.SubmittedApplicationsPageTest - Clicked on 'Invitation' menu.
2025-02-07 10:20:24 [main] DEBUG l.i.u.t.SubmittedApplicationsPageTest - Selected application section by code: 'TST-VUI-00'.
2025-02-07 10:20:24 [main] DEBUG l.i.u.t.SubmittedApplicationsPageTest - Clicked 'Search' button.
2025-02-07 10:20:24 [main] DEBUG l.i.u.t.SubmittedApplicationsPageTest - Retrieved invitation code: ''.
2025-02-07 10:20:24 [main] DEBUG l.i.u.t.SubmittedApplicationsPageTest - Clicked on 'Submitted Applications' menu.
2025-02-07 10:20:26 [main] DEBUG l.i.u.t.SubmittedApplicationsPageTest - Selected invitation by code: 'TST-VUI-00'.
2025-02-07 10:20:26 [main] DEBUG l.i.u.t.SubmittedApplicationsPageTest - Invitation code inserted.
2025-02-07 10:20:26 [main] DEBUG l.i.u.t.SubmittedApplicationsPageTest - Clicked on 'Action Application' button.
2025-02-07 10:20:26 [main] DEBUG l.i.u.t.SubmittedApplicationsPageTest - Clicked on 'New Application' button.
2025-02-07 10:20:26 [main] DEBUG l.i.u.t.SubmittedApplicationsPageTest - Selected the 'RadioButtonFA' option.
2025-02-07 10:20:27 [main] DEBUG l.i.u.t.SubmittedApplicationsPageTest - Entered phone number: '61298745'.
2025-02-07 10:20:27 [main] DEBUG l.i.u.t.SubmittedApplicationsPageTest - Entered email: 'test@autotest.com'.
2025-02-07 10:20:27 [main] INFO  l.i.u.p.SubmittedApplicationsPage - Located the dropdown button.
2025-02-07 10:20:46 [main] INFO  l.i.u.p.SubmittedApplicationsPage - Found 1741 options in the dropdown.
2025-02-07 10:20:46 [main] INFO  l.i.u.p.SubmittedApplicationsPage - Successfully selected the value: '01.11 - Grūdinių (išskyrus ryžius), ankštinių ir aliejingų sėklų augalų auginimas'
2025-02-07 10:20:57 [main] ERROR l.i.u.p.SubmittedApplicationsPage - Failed to close the dropdown with aria-expanded = 'false'. Attempting manual close.
2025-02-07 10:20:57 [main] INFO  l.i.u.p.SubmittedApplicationsPage - Manual close attempt for the dropdown using body click.
2025-02-07 10:20:57 [main] DEBUG l.i.u.t.SubmittedApplicationsPageTest - Selected EVRK value: '01.11 - Grūdinių (išskyrus ryžius), ankštinių ir aliejingų sėklų augalų auginimas'.
2025-02-07 10:20:57 [main] DEBUG l.i.u.t.SubmittedApplicationsPageTest - Entered address: 'Vilniaus m. sav., Vilnius, Testo g. 10T'.
2025-02-07 10:20:57 [main] DEBUG l.i.u.t.SubmittedApplicationsPageTest - Entered project date.
2025-02-07 10:20:57 [main] DEBUG l.i.u.t.SubmittedApplicationsPageTest - Entered job count: '1'.
2025-02-07 10:20:58 [main] DEBUG l.i.u.t.SubmittedApplicationsPageTest - Clicked 'Next' button.
2025-02-07 10:20:58 [main] INFO  l.i.u.p.SubmittedApplicationsPage - Located the dropdown button.
2025-02-07 10:20:59 [main] INFO  l.i.u.p.SubmittedApplicationsPage - Successfully selected the value: 'Administratoriai'
2025-02-07 10:21:29 [main] ERROR l.i.u.p.SubmittedApplicationsPage - Timeout while waiting for dropdown to close with aria-expanded = 'false'.
2025-02-07 10:21:29 [main] DEBUG l.i.u.t.SubmittedApplicationsPageTest - Selected job name: 'Administratoriai'.
2025-02-07 10:21:29 [main] DEBUG l.i.u.t.SubmittedApplicationsPageTest - Entered job function: 'Funkcija 1'.
2025-02-07 10:21:29 [main] DEBUG l.i.u.t.SubmittedApplicationsPageTest - Selected 'RadioButtonWithDisabilities' option.
2025-02-07 10:21:29 [main] INFO  l.i.u.p.SubmittedApplicationsPage - Clicking on the dropdown button.
2025-02-07 10:21:30 [main] INFO  l.i.u.p.SubmittedApplicationsPage - Found 34 options in the dropdown.
2025-02-07 10:21:30 [main] DEBUG l.i.u.p.SubmittedApplicationsPage - Checking option: 'Asmenys, kuriems suteiktas pabėgėlio statusas ar perkeliamojo asmens statusas, arba asmenys, kuriems suteikta papildoma ar laikinoji apsauga, ir asmenys, turintys teisę gauti laikinąją apsaugą, iki sprendimo dėl laikinosios apsaugos suteikimo (nesuteikimo) priėmimo, tačiau ne ilgiau kaip laikinosios apsaugos laikotarpiu'
2025-02-07 10:21:30 [main] DEBUG l.i.u.p.SubmittedApplicationsPage - Checking option: 'Asmenys, kuriems suteiktas pabėgėlio statusas ar perkeliamojo asmens statusas, arba asmenys, kuriems suteikta papildoma ar laikinoji apsauga, ir asmenys, turintys teisę gauti laikinąją apsaugą, iki sprendimo dėl laikinosios apsaugos suteikimo (nesuteikimo) priėmimo, tačiau ne ilgiau kaip laikinosios apsaugos laikotarpiu'
2025-02-07 10:21:30 [main] DEBUG l.i.u.p.SubmittedApplicationsPage - Checking option: 'Asmenys, turintys teisę į papildomas užimtumo garantijas pagal Lietuvos Respublikos valstybės įmonės Ignalinos atominės elektrinės darbuotojų papildomų užimtumo ir socialinių garantijų įstatymą'
2025-02-07 10:21:30 [main] DEBUG l.i.u.p.SubmittedApplicationsPage - Checking option: 'Asmenys, turintys teisę į papildomas užimtumo garantijas pagal Lietuvos Respublikos valstybės įmonės Ignalinos atominės elektrinės darbuotojų papildomų užimtumo ir socialinių garantijų įstatymą'
2025-02-07 10:21:30 [main] DEBUG l.i.u.p.SubmittedApplicationsPage - Checking option: 'Bedarbiai iki 29 metų'
2025-02-07 10:21:30 [main] DEBUG l.i.u.p.SubmittedApplicationsPage - Checking option: 'Bedarbiai iki 29 metų'
2025-02-07 10:21:30 [main] DEBUG l.i.u.p.SubmittedApplicationsPage - Checking option: 'Bedarbiai, kurie yra darbingo amžiaus neįgalieji, kuriems nustatytas 30–40 procentų darbingumo lygis arba vidutinis neįgalumo lygis'
2025-02-07 10:21:30 [main] DEBUG l.i.u.p.SubmittedApplicationsPage - Checking option: 'Bedarbiai, kurie yra darbingo amžiaus neįgalieji, kuriems nustatytas 30–40 procentų darbingumo lygis arba vidutinis neįgalumo lygis'
2025-02-07 10:21:30 [main] DEBUG l.i.u.p.SubmittedApplicationsPage - Checking option: 'Bedarbiai, kurie yra darbingo amžiaus neįgalieji, kuriems nustatytas 45–55 procentų darbingumo lygis arba lengvas neįgalumo lygis'
2025-02-07 10:21:30 [main] DEBUG l.i.u.p.SubmittedApplicationsPage - Checking option: 'Bedarbiai, kurie yra darbingo amžiaus neįgalieji, kuriems nustatytas 45–55 procentų darbingumo lygis arba lengvas neįgalumo lygis'
2025-02-07 10:21:30 [main] DEBUG l.i.u.p.SubmittedApplicationsPage - Checking option: 'Bedarbiai, kurie yra darbingo amžiaus neįgalieji, kuriems nustatytas iki 25 procentų darbingumo lygis arba sunkus neįgalumo lygis'
2025-02-07 10:21:30 [main] INFO  l.i.u.p.SubmittedApplicationsPage - Successfully selected the value: 'Bedarbiai, kurie yra darbingo amžiaus neįgalieji, kuriems nustatytas iki 25 procentų darbingumo lygis arba sunkus neįgalumo lygis'
2025-02-07 10:21:30 [main] INFO  l.i.u.p.SubmittedApplicationsPage - Attempting to close the dropdown.
2025-02-07 10:21:41 [main] INFO  l.i.u.p.SubmittedApplicationsPage - Dropdown should be closed now.
2025-02-07 10:21:41 [main] DEBUG l.i.u.t.SubmittedApplicationsPageTest - Selected disabilities type: 'Bedarbiai, kurie yra darbingo amžiaus neįgalieji, kuriems nustatytas iki 25 procentų darbingumo lygis arba sunkus neįgalumo lygis'.
2025-02-07 10:21:41 [main] DEBUG l.i.u.t.SubmittedApplicationsPageTest - Entered disability information: 'Negalia 1'.
2025-02-07 10:21:41 [main] INFO  l.i.u.p.SubmittedApplicationsPage - Located the dropdown button.
2025-02-07 10:21:42 [main] INFO  l.i.u.p.SubmittedApplicationsPage - Successfully selected the value: 'Kita'
2025-02-07 10:21:52 [main] ERROR l.i.u.p.SubmittedApplicationsPage - Timeout while waiting for dropdown to close with aria-expanded = 'false'.
2025-02-07 10:21:52 [main] DEBUG l.i.u.t.SubmittedApplicationsPageTest - Selected time mode: 'Kita'.
2025-02-07 10:21:52 [main] DEBUG l.i.u.t.SubmittedApplicationsPageTest - Selected time mode other: '6 val. per dieną ir 4 d. per savaitę'.
2025-02-07 10:21:53 [main] DEBUG l.i.u.t.SubmittedApplicationsPageTest - Entered qualification: 'Kvalifikacija 1'.
2025-02-07 10:21:53 [main] DEBUG l.i.u.t.SubmittedApplicationsPageTest - Entered job date.
2025-02-07 10:21:53 [main] DEBUG l.i.u.t.SubmittedApplicationsPageTest - Entered salary amount: '1200'.
2025-02-07 10:21:53 [main] DEBUG l.i.u.t.SubmittedApplicationsPageTest - Selected 'Temporary Job' radio button.
2025-02-07 10:21:53 [main] DEBUG l.i.u.t.SubmittedApplicationsPageTest - Selected 'Season Job' radio button.
2025-02-07 10:21:53 [main] DEBUG l.i.u.t.SubmittedApplicationsPageTest - Selected 'Energy' radio button.
2025-02-07 10:21:53 [main] DEBUG l.i.u.t.SubmittedApplicationsPageTest - Selected 'Repair' radio button.
2025-02-07 10:21:54 [main] DEBUG l.i.u.t.SubmittedApplicationsPageTest - Entered job description: 'Veikla 1'.
2025-02-07 10:21:54 [main] DEBUG l.i.u.t.SubmittedApplicationsPageTest - Entered process description: 'Procesas 1'.
2025-02-07 10:21:54 [main] DEBUG l.i.u.t.SubmittedApplicationsPageTest - Entered energy information: 'Energija 1'.
2025-02-07 10:21:54 [main] DEBUG l.i.u.t.SubmittedApplicationsPageTest - Entered repair information: 'Remontas 1'.
2025-02-07 10:21:54 [main] DEBUG l.i.u.t.SubmittedApplicationsPageTest - Selected 'PVM' radio button.
2025-02-07 10:21:54 [main] INFO  l.i.u.p.SubmittedApplicationsPage - Located the dropdown button.
2025-02-07 10:21:55 [main] INFO  l.i.u.p.SubmittedApplicationsPage - Successfully selected the value: 'Įsigyti'
2025-02-07 10:22:15 [main] ERROR l.i.u.p.SubmittedApplicationsPage - Timeout while waiting for dropdown to close with aria-expanded = 'false'.
2025-02-07 10:22:15 [main] DEBUG l.i.u.t.SubmittedApplicationsPageTest - Selected necessary for job: 'Įsigyti'.
2025-02-07 10:22:15 [main] DEBUG l.i.u.t.SubmittedApplicationsPageTest - Selected tool: 'Darbo priemonė 1'.
2025-02-07 10:22:15 [main] DEBUG l.i.u.t.SubmittedApplicationsPageTest - Selected tool parameter one: 'Darbo priemonės 1 parametras 1'.
2025-02-07 10:22:15 [main] DEBUG l.i.u.t.SubmittedApplicationsPageTest - Selected tool parameter two: 'Darbo priemonės 1 parametras 2'.
2025-02-07 10:22:16 [main] DEBUG l.i.u.t.SubmittedApplicationsPageTest - Selected tool parameter three: 'Darbo priemonės 1 parametras 3'.
2025-02-07 10:22:16 [main] DEBUG l.i.u.t.SubmittedApplicationsPageTest - Entered tool count: '1'.
2025-02-07 10:22:16 [main] DEBUG l.i.u.t.SubmittedApplicationsPageTest - Entered price amount: '1000'.
2025-02-07 10:22:16 [main] DEBUG l.i.u.t.SubmittedApplicationsPageTest - Entered own funds amount: '800'.
2025-02-07 10:22:16 [main] DEBUG l.i.u.t.SubmittedApplicationsPageTest - Entered country percentage: '50'.
2025-02-07 10:22:17 [main] DEBUG l.i.u.t.SubmittedApplicationsPageTest - Entered institution percentage: '50'.
2025-02-07 10:22:17 [main] DEBUG l.i.u.t.SubmittedApplicationsPageTest - Entered municipality percentage: '50'.
2025-02-07 10:22:17 [main] DEBUG l.i.u.t.SubmittedApplicationsPageTest - Selected 'De Minimis' radio button.
2025-02-07 10:22:17 [main] DEBUG l.i.u.t.SubmittedApplicationsPageTest - Entered program name: 'Programa 1'.
2025-02-07 10:22:17 [main] DEBUG l.i.u.t.SubmittedApplicationsPageTest - Entered project date from.
2025-02-07 10:22:17 [main] DEBUG l.i.u.t.SubmittedApplicationsPageTest - Entered project date until.
2025-02-07 10:22:18 [main] DEBUG l.i.u.t.SubmittedApplicationsPageTest - Entered support amount: '2000'.
2025-02-07 10:22:18 [main] DEBUG l.i.u.t.SubmittedApplicationsPageTest - Clicked 'Next' button.
2025-02-07 10:22:28 [main] DEBUG l.i.u.t.SubmittedApplicationsPageTest - Checked 'Legal Entities' checkbox 1.
2025-02-07 10:22:38 [main] DEBUG l.i.u.t.SubmittedApplicationsPageTest - Checked 'Legal Entities' checkbox 2.
2025-02-07 10:22:48 [main] DEBUG l.i.u.t.SubmittedApplicationsPageTest - Checked 'Legal Entities' checkbox 3.
2025-02-07 10:22:48 [main] DEBUG l.i.u.t.SubmittedApplicationsPageTest - Test finished: All 'Legal Entities' checkboxes checked successfully.
2025-02-07 10:22:48 [main] DEBUG l.i.u.t.SubmittedApplicationsPageTest - Clicked 'Next' button after checkboxes.
2025-02-07 10:22:59 [main] ERROR l.i.u.p.SubmittedApplicationsPage - Error selecting radio button: Expected condition failed: waiting for element to be clickable: By.xpath: (//input[@type='radio' and @value='false'])[8] (tried for 10 second(s) with 500 milliseconds interval)
Build info: version: '4.27.0', revision: 'd6e718d134'
System info: os.name: 'Windows 11', os.arch: 'amd64', os.version: '10.0', java.version: '21.0.3'
Driver info: org.openqa.selenium.chrome.ChromeDriver
Capabilities {acceptInsecureCerts: false, browserName: chrome, browserVersion: 132.0.6834.196, chrome: {chromedriverVersion: 132.0.6834.159 (2d77d3fc445..., userDataDir: C:\Users\INGRID~1.ZAD\AppDa...}, fedcm:accounts: true, goog:chromeOptions: {debuggerAddress: localhost:65192}, networkConnectionEnabled: false, pageLoadStrategy: normal, platformName: windows, proxy: Proxy(), se:cdp: ws://localhost:65192/devtoo..., se:cdpVersion: 132.0.6834.196, setWindowRect: true, strictFileInteractability: false, timeouts: {implicit: 0, pageLoad: 300000, script: 30000}, unhandledPromptBehavior: dismiss and notify, webauthn:extension:credBlob: true, webauthn:extension:largeBlob: true, webauthn:extension:minPinLength: true, webauthn:extension:prf: true, webauthn:virtualAuthenticators: true}
Session ID: 29cfcdedc8a5f689abec1c4dec29b743
2025-02-07 10:22:59 [main] INFO  l.i.u.t.SubmittedApplicationsPageTest - Marking 'Ne' radio button 1
2025-02-07 10:23:09 [main] ERROR l.i.u.p.SubmittedApplicationsPage - Error selecting radio button: Expected condition failed: waiting for element to be clickable: By.xpath: (//input[@type='radio' and @value='false'])[9] (tried for 10 second(s) with 500 milliseconds interval)
Build info: version: '4.27.0', revision: 'd6e718d134'
System info: os.name: 'Windows 11', os.arch: 'amd64', os.version: '10.0', java.version: '21.0.3'
Driver info: org.openqa.selenium.chrome.ChromeDriver
Capabilities {acceptInsecureCerts: false, browserName: chrome, browserVersion: 132.0.6834.196, chrome: {chromedriverVersion: 132.0.6834.159 (2d77d3fc445..., userDataDir: C:\Users\INGRID~1.ZAD\AppDa...}, fedcm:accounts: true, goog:chromeOptions: {debuggerAddress: localhost:65192}, networkConnectionEnabled: false, pageLoadStrategy: normal, platformName: windows, proxy: Proxy(), se:cdp: ws://localhost:65192/devtoo..., se:cdpVersion: 132.0.6834.196, setWindowRect: true, strictFileInteractability: false, timeouts: {implicit: 0, pageLoad: 300000, script: 30000}, unhandledPromptBehavior: dismiss and notify, webauthn:extension:credBlob: true, webauthn:extension:largeBlob: true, webauthn:extension:minPinLength: true, webauthn:extension:prf: true, webauthn:virtualAuthenticators: true}
Session ID: 29cfcdedc8a5f689abec1c4dec29b743
2025-02-07 10:23:09 [main] INFO  l.i.u.t.SubmittedApplicationsPageTest - Marking 'Ne' radio button 2
2025-02-07 10:23:19 [main] ERROR l.i.u.p.SubmittedApplicationsPage - Error selecting radio button: Expected condition failed: waiting for element to be clickable: By.xpath: (//input[@type='radio' and @value='false'])[10] (tried for 10 second(s) with 500 milliseconds interval)
Build info: version: '4.27.0', revision: 'd6e718d134'
System info: os.name: 'Windows 11', os.arch: 'amd64', os.version: '10.0', java.version: '21.0.3'
Driver info: org.openqa.selenium.chrome.ChromeDriver
Capabilities {acceptInsecureCerts: false, browserName: chrome, browserVersion: 132.0.6834.196, chrome: {chromedriverVersion: 132.0.6834.159 (2d77d3fc445..., userDataDir: C:\Users\INGRID~1.ZAD\AppDa...}, fedcm:accounts: true, goog:chromeOptions: {debuggerAddress: localhost:65192}, networkConnectionEnabled: false, pageLoadStrategy: normal, platformName: windows, proxy: Proxy(), se:cdp: ws://localhost:65192/devtoo..., se:cdpVersion: 132.0.6834.196, setWindowRect: true, strictFileInteractability: false, timeouts: {implicit: 0, pageLoad: 300000, script: 30000}, unhandledPromptBehavior: dismiss and notify, webauthn:extension:credBlob: true, webauthn:extension:largeBlob: true, webauthn:extension:minPinLength: true, webauthn:extension:prf: true, webauthn:virtualAuthenticators: true}
Session ID: 29cfcdedc8a5f689abec1c4dec29b743
2025-02-07 10:23:19 [main] INFO  l.i.u.t.SubmittedApplicationsPageTest - Marking 'Ne' radio button 3
2025-02-07 10:23:29 [main] ERROR l.i.u.p.SubmittedApplicationsPage - Error selecting radio button: Expected condition failed: waiting for element to be clickable: By.xpath: (//input[@type='radio' and @value='false'])[11] (tried for 10 second(s) with 500 milliseconds interval)
Build info: version: '4.27.0', revision: 'd6e718d134'
System info: os.name: 'Windows 11', os.arch: 'amd64', os.version: '10.0', java.version: '21.0.3'
Driver info: org.openqa.selenium.chrome.ChromeDriver
Capabilities {acceptInsecureCerts: false, browserName: chrome, browserVersion: 132.0.6834.196, chrome: {chromedriverVersion: 132.0.6834.159 (2d77d3fc445..., userDataDir: C:\Users\INGRID~1.ZAD\AppDa...}, fedcm:accounts: true, goog:chromeOptions: {debuggerAddress: localhost:65192}, networkConnectionEnabled: false, pageLoadStrategy: normal, platformName: windows, proxy: Proxy(), se:cdp: ws://localhost:65192/devtoo..., se:cdpVersion: 132.0.6834.196, setWindowRect: true, strictFileInteractability: false, timeouts: {implicit: 0, pageLoad: 300000, script: 30000}, unhandledPromptBehavior: dismiss and notify, webauthn:extension:credBlob: true, webauthn:extension:largeBlob: true, webauthn:extension:minPinLength: true, webauthn:extension:prf: true, webauthn:virtualAuthenticators: true}
Session ID: 29cfcdedc8a5f689abec1c4dec29b743
2025-02-07 10:23:29 [main] INFO  l.i.u.t.SubmittedApplicationsPageTest - Marking 'Ne' radio button 4
2025-02-07 10:23:39 [main] ERROR l.i.u.p.SubmittedApplicationsPage - Error selecting radio button: Expected condition failed: waiting for element to be clickable: By.xpath: (//input[@type='radio' and @value='false'])[12] (tried for 10 second(s) with 500 milliseconds interval)
Build info: version: '4.27.0', revision: 'd6e718d134'
System info: os.name: 'Windows 11', os.arch: 'amd64', os.version: '10.0', java.version: '21.0.3'
Driver info: org.openqa.selenium.chrome.ChromeDriver
Capabilities {acceptInsecureCerts: false, browserName: chrome, browserVersion: 132.0.6834.196, chrome: {chromedriverVersion: 132.0.6834.159 (2d77d3fc445..., userDataDir: C:\Users\INGRID~1.ZAD\AppDa...}, fedcm:accounts: true, goog:chromeOptions: {debuggerAddress: localhost:65192}, networkConnectionEnabled: false, pageLoadStrategy: normal, platformName: windows, proxy: Proxy(), se:cdp: ws://localhost:65192/devtoo..., se:cdpVersion: 132.0.6834.196, setWindowRect: true, strictFileInteractability: false, timeouts: {implicit: 0, pageLoad: 300000, script: 30000}, unhandledPromptBehavior: dismiss and notify, webauthn:extension:credBlob: true, webauthn:extension:largeBlob: true, webauthn:extension:minPinLength: true, webauthn:extension:prf: true, webauthn:virtualAuthenticators: true}
Session ID: 29cfcdedc8a5f689abec1c4dec29b743
2025-02-07 10:23:39 [main] INFO  l.i.u.t.SubmittedApplicationsPageTest - Marking 'Ne' radio button 5
2025-02-07 10:23:49 [main] ERROR l.i.u.p.SubmittedApplicationsPage - Error selecting radio button: Expected condition failed: waiting for element to be clickable: By.xpath: (//input[@type='radio' and @value='false'])[13] (tried for 10 second(s) with 500 milliseconds interval)
Build info: version: '4.27.0', revision: 'd6e718d134'
System info: os.name: 'Windows 11', os.arch: 'amd64', os.version: '10.0', java.version: '21.0.3'
Driver info: org.openqa.selenium.chrome.ChromeDriver
Capabilities {acceptInsecureCerts: false, browserName: chrome, browserVersion: 132.0.6834.196, chrome: {chromedriverVersion: 132.0.6834.159 (2d77d3fc445..., userDataDir: C:\Users\INGRID~1.ZAD\AppDa...}, fedcm:accounts: true, goog:chromeOptions: {debuggerAddress: localhost:65192}, networkConnectionEnabled: false, pageLoadStrategy: normal, platformName: windows, proxy: Proxy(), se:cdp: ws://localhost:65192/devtoo..., se:cdpVersion: 132.0.6834.196, setWindowRect: true, strictFileInteractability: false, timeouts: {implicit: 0, pageLoad: 300000, script: 30000}, unhandledPromptBehavior: dismiss and notify, webauthn:extension:credBlob: true, webauthn:extension:largeBlob: true, webauthn:extension:minPinLength: true, webauthn:extension:prf: true, webauthn:virtualAuthenticators: true}
Session ID: 29cfcdedc8a5f689abec1c4dec29b743
2025-02-07 10:23:49 [main] INFO  l.i.u.t.SubmittedApplicationsPageTest - Marking 'Ne' radio button 6
2025-02-07 10:23:59 [main] ERROR l.i.u.p.SubmittedApplicationsPage - Error selecting radio button: Expected condition failed: waiting for element to be clickable: By.xpath: (//input[@type='radio' and @value='true'])[14] (tried for 10 second(s) with 500 milliseconds interval)
Build info: version: '4.27.0', revision: 'd6e718d134'
System info: os.name: 'Windows 11', os.arch: 'amd64', os.version: '10.0', java.version: '21.0.3'
Driver info: org.openqa.selenium.chrome.ChromeDriver
Capabilities {acceptInsecureCerts: false, browserName: chrome, browserVersion: 132.0.6834.196, chrome: {chromedriverVersion: 132.0.6834.159 (2d77d3fc445..., userDataDir: C:\Users\INGRID~1.ZAD\AppDa...}, fedcm:accounts: true, goog:chromeOptions: {debuggerAddress: localhost:65192}, networkConnectionEnabled: false, pageLoadStrategy: normal, platformName: windows, proxy: Proxy(), se:cdp: ws://localhost:65192/devtoo..., se:cdpVersion: 132.0.6834.196, setWindowRect: true, strictFileInteractability: false, timeouts: {implicit: 0, pageLoad: 300000, script: 30000}, unhandledPromptBehavior: dismiss and notify, webauthn:extension:credBlob: true, webauthn:extension:largeBlob: true, webauthn:extension:minPinLength: true, webauthn:extension:prf: true, webauthn:virtualAuthenticators: true}
Session ID: 29cfcdedc8a5f689abec1c4dec29b743
2025-02-07 10:23:59 [main] INFO  l.i.u.t.SubmittedApplicationsPageTest - Marking 'Taip' radio button 7
2025-02-07 10:24:09 [main] ERROR l.i.u.p.SubmittedApplicationsPage - Error selecting radio button: Expected condition failed: waiting for element to be clickable: By.xpath: (//input[@type='radio' and @value='true'])[15] (tried for 10 second(s) with 500 milliseconds interval)
Build info: version: '4.27.0', revision: 'd6e718d134'
System info: os.name: 'Windows 11', os.arch: 'amd64', os.version: '10.0', java.version: '21.0.3'
Driver info: org.openqa.selenium.chrome.ChromeDriver
Capabilities {acceptInsecureCerts: false, browserName: chrome, browserVersion: 132.0.6834.196, chrome: {chromedriverVersion: 132.0.6834.159 (2d77d3fc445..., userDataDir: C:\Users\INGRID~1.ZAD\AppDa...}, fedcm:accounts: true, goog:chromeOptions: {debuggerAddress: localhost:65192}, networkConnectionEnabled: false, pageLoadStrategy: normal, platformName: windows, proxy: Proxy(), se:cdp: ws://localhost:65192/devtoo..., se:cdpVersion: 132.0.6834.196, setWindowRect: true, strictFileInteractability: false, timeouts: {implicit: 0, pageLoad: 300000, script: 30000}, unhandledPromptBehavior: dismiss and notify, webauthn:extension:credBlob: true, webauthn:extension:largeBlob: true, webauthn:extension:minPinLength: true, webauthn:extension:prf: true, webauthn:virtualAuthenticators: true}
Session ID: 29cfcdedc8a5f689abec1c4dec29b743
2025-02-07 10:24:09 [main] INFO  l.i.u.t.SubmittedApplicationsPageTest - Marking 'Taip' radio button 8
2025-02-07 10:24:19 [main] ERROR l.i.u.p.SubmittedApplicationsPage - Error selecting radio button: Expected condition failed: waiting for element to be clickable: By.xpath: (//input[@type='radio' and @value='true'])[16] (tried for 10 second(s) with 500 milliseconds interval)
Build info: version: '4.27.0', revision: 'd6e718d134'
System info: os.name: 'Windows 11', os.arch: 'amd64', os.version: '10.0', java.version: '21.0.3'
Driver info: org.openqa.selenium.chrome.ChromeDriver
Capabilities {acceptInsecureCerts: false, browserName: chrome, browserVersion: 132.0.6834.196, chrome: {chromedriverVersion: 132.0.6834.159 (2d77d3fc445..., userDataDir: C:\Users\INGRID~1.ZAD\AppDa...}, fedcm:accounts: true, goog:chromeOptions: {debuggerAddress: localhost:65192}, networkConnectionEnabled: false, pageLoadStrategy: normal, platformName: windows, proxy: Proxy(), se:cdp: ws://localhost:65192/devtoo..., se:cdpVersion: 132.0.6834.196, setWindowRect: true, strictFileInteractability: false, timeouts: {implicit: 0, pageLoad: 300000, script: 30000}, unhandledPromptBehavior: dismiss and notify, webauthn:extension:credBlob: true, webauthn:extension:largeBlob: true, webauthn:extension:minPinLength: true, webauthn:extension:prf: true, webauthn:virtualAuthenticators: true}
Session ID: 29cfcdedc8a5f689abec1c4dec29b743
2025-02-07 10:24:20 [main] INFO  l.i.u.t.SubmittedApplicationsPageTest - Marking 'Taip' radio button 9
2025-02-07 10:24:30 [main] ERROR l.i.u.p.SubmittedApplicationsPage - Error selecting radio button: Expected condition failed: waiting for element to be clickable: By.xpath: (//input[@type='radio' and @value='true'])[17] (tried for 10 second(s) with 500 milliseconds interval)
Build info: version: '4.27.0', revision: 'd6e718d134'
System info: os.name: 'Windows 11', os.arch: 'amd64', os.version: '10.0', java.version: '21.0.3'
Driver info: org.openqa.selenium.chrome.ChromeDriver
Capabilities {acceptInsecureCerts: false, browserName: chrome, browserVersion: 132.0.6834.196, chrome: {chromedriverVersion: 132.0.6834.159 (2d77d3fc445..., userDataDir: C:\Users\INGRID~1.ZAD\AppDa...}, fedcm:accounts: true, goog:chromeOptions: {debuggerAddress: localhost:65192}, networkConnectionEnabled: false, pageLoadStrategy: normal, platformName: windows, proxy: Proxy(), se:cdp: ws://localhost:65192/devtoo..., se:cdpVersion: 132.0.6834.196, setWindowRect: true, strictFileInteractability: false, timeouts: {implicit: 0, pageLoad: 300000, script: 30000}, unhandledPromptBehavior: dismiss and notify, webauthn:extension:credBlob: true, webauthn:extension:largeBlob: true, webauthn:extension:minPinLength: true, webauthn:extension:prf: true, webauthn:virtualAuthenticators: true}
Session ID: 29cfcdedc8a5f689abec1c4dec29b743
2025-02-07 10:24:30 [main] INFO  l.i.u.t.SubmittedApplicationsPageTest - Marking 'Taip' radio button 10
2025-02-07 10:24:40 [main] ERROR l.i.u.p.SubmittedApplicationsPage - Error selecting radio button: Expected condition failed: waiting for element to be clickable: By.xpath: (//input[@type='radio' and @value='true'])[18] (tried for 10 second(s) with 500 milliseconds interval)
Build info: version: '4.27.0', revision: 'd6e718d134'
System info: os.name: 'Windows 11', os.arch: 'amd64', os.version: '10.0', java.version: '21.0.3'
Driver info: org.openqa.selenium.chrome.ChromeDriver
Capabilities {acceptInsecureCerts: false, browserName: chrome, browserVersion: 132.0.6834.196, chrome: {chromedriverVersion: 132.0.6834.159 (2d77d3fc445..., userDataDir: C:\Users\INGRID~1.ZAD\AppDa...}, fedcm:accounts: true, goog:chromeOptions: {debuggerAddress: localhost:65192}, networkConnectionEnabled: false, pageLoadStrategy: normal, platformName: windows, proxy: Proxy(), se:cdp: ws://localhost:65192/devtoo..., se:cdpVersion: 132.0.6834.196, setWindowRect: true, strictFileInteractability: false, timeouts: {implicit: 0, pageLoad: 300000, script: 30000}, unhandledPromptBehavior: dismiss and notify, webauthn:extension:credBlob: true, webauthn:extension:largeBlob: true, webauthn:extension:minPinLength: true, webauthn:extension:prf: true, webauthn:virtualAuthenticators: true}
Session ID: 29cfcdedc8a5f689abec1c4dec29b743
2025-02-07 10:24:40 [main] INFO  l.i.u.t.SubmittedApplicationsPageTest - Marking 'Taip' radio button 11
2025-02-07 10:24:50 [main] ERROR l.i.u.p.SubmittedApplicationsPage - Error selecting radio button: Expected condition failed: waiting for element to be clickable: By.xpath: (//input[@type='radio' and @value='true'])[19] (tried for 10 second(s) with 500 milliseconds interval)
Build info: version: '4.27.0', revision: 'd6e718d134'
System info: os.name: 'Windows 11', os.arch: 'amd64', os.version: '10.0', java.version: '21.0.3'
Driver info: org.openqa.selenium.chrome.ChromeDriver
Capabilities {acceptInsecureCerts: false, browserName: chrome, browserVersion: 132.0.6834.196, chrome: {chromedriverVersion: 132.0.6834.159 (2d77d3fc445..., userDataDir: C:\Users\INGRID~1.ZAD\AppDa...}, fedcm:accounts: true, goog:chromeOptions: {debuggerAddress: localhost:65192}, networkConnectionEnabled: false, pageLoadStrategy: normal, platformName: windows, proxy: Proxy(), se:cdp: ws://localhost:65192/devtoo..., se:cdpVersion: 132.0.6834.196, setWindowRect: true, strictFileInteractability: false, timeouts: {implicit: 0, pageLoad: 300000, script: 30000}, unhandledPromptBehavior: dismiss and notify, webauthn:extension:credBlob: true, webauthn:extension:largeBlob: true, webauthn:extension:minPinLength: true, webauthn:extension:prf: true, webauthn:virtualAuthenticators: true}
Session ID: 29cfcdedc8a5f689abec1c4dec29b743
2025-02-07 10:24:50 [main] INFO  l.i.u.t.SubmittedApplicationsPageTest - Marking 'Taip' radio button 12
2025-02-07 10:25:00 [main] DEBUG l.i.u.t.SubmittedApplicationsPageTest - Checked 'ConfirmationStepFour'
2025-02-07 10:25:00 [main] DEBUG l.i.u.t.SubmittedApplicationsPageTest - Clicked 'Next' button after checkboxes.
2025-02-07 10:25:00 [main] INFO  l.i.u.p.SubmittedApplicationsPage - File uploaded successfully to an input element.
2025-02-07 10:25:00 [main] INFO  l.i.u.p.SubmittedApplicationsPage - File uploaded successfully to an input element.
2025-02-07 10:25:00 [main] INFO  l.i.u.p.SubmittedApplicationsPage - File uploaded successfully to an input element.
2025-02-07 10:25:01 [main] INFO  l.i.u.p.SubmittedApplicationsPage - File uploaded successfully to an input element.
2025-02-07 10:25:01 [main] INFO  l.i.u.p.SubmittedApplicationsPage - File uploaded successfully to an input element.
2025-02-07 10:25:01 [main] INFO  l.i.u.p.SubmittedApplicationsPage - File uploaded successfully to an input element.
2025-02-07 10:25:01 [main] INFO  l.i.u.p.SubmittedApplicationsPage - File uploaded successfully to an input element.
2025-02-07 10:25:01 [main] INFO  l.i.u.p.SubmittedApplicationsPage - File uploaded successfully to an input element.
2025-02-07 10:25:01 [main] DEBUG l.i.u.t.SubmittedApplicationsPageTest - Entered program name: 'Dokumentas 1'.
2025-02-07 10:25:01 [main] DEBUG l.i.u.t.SubmittedApplicationsPageTest - Entered program name: 'Dokumentas 2'.
2025-02-07 10:25:01 [main] DEBUG l.i.u.t.SubmittedApplicationsPageTest - Entered program name: 'Dokumentas 3'.
2025-02-07 10:25:01 [main] DEBUG l.i.u.t.SubmittedApplicationsPageTest - Entered program name: 'Dokumentas 4'.
2025-02-07 10:25:02 [main] DEBUG l.i.u.t.SubmittedApplicationsPageTest - Entered program name: 'Dokumentas 5'.
2025-02-07 10:25:02 [main] DEBUG l.i.u.t.SubmittedApplicationsPageTest - Entered program name: 'Dokumentas 6'.
2025-02-07 10:25:02 [main] DEBUG l.i.u.t.SubmittedApplicationsPageTest - Entered program name: 'Dokumentas 4'.
2025-02-07 10:25:02 [main] DEBUG l.i.u.t.SubmittedApplicationsPageTest - Entered program name: 'Dokumentas 8'.
2025-02-07 10:25:12 [main] DEBUG l.i.u.t.SubmittedApplicationsPageTest - Checked 'ConfirmationDocument'
2025-02-07 10:25:22 [main] DEBUG l.i.u.t.SubmittedApplicationsPageTest - Checked 'ConfirmationApplication'
2025-02-07 10:25:22 [main] DEBUG l.i.u.t.SubmittedApplicationsPageTest - Clicked 'SaveDraft' button after checkboxes.
2025-02-07 10:25:22 [main] DEBUG l.insoft.uztis.pages.InvitationsPage - Verified success message: 'Ruošinys sėkmingai išsaugotas.'
2025-02-07 10:25:23 [main] DEBUG l.i.u.t.SubmittedApplicationsPageTest - Clicked 'Review' button after checkboxes.
2025-02-07 10:25:23 [main] DEBUG l.i.u.t.SubmittedApplicationsPageTest - Clicked 'Submit' button after checkboxes.
2025-02-07 10:25:23 [main] DEBUG l.i.u.t.SubmittedApplicationsPageTest - Clicked 'SubmitConfirmation' button after checkboxes.
2025-02-07 10:25:23 [main] ERROR l.insoft.uztis.pages.InvitationsPage - Failed to verify the success message: 'Paraiška sėkmingai pateikta ir užregistruota.'. Available messages: [Ruošinys sėkmingai išsaugotas.]
2025-02-07 10:25:23 [main] INFO  l.i.u.t.SubmittedApplicationsPageTest - Test 'testFillNewVUIApplicationFA' completed successfully.
2025-02-07 12:33:21 [main] INFO  lt.insoft.uztis.tests.UztisPageTest - Navigated to https://uztisdev.asseco.lt/home
2025-02-07 12:33:21 [main] INFO  l.i.u.t.SubmittedApplicationsPageTest - Starting test:'testFillNewVUIPApplicationFA'
2025-02-07 12:33:21 [main] DEBUG l.i.u.t.SubmittedApplicationsPageTest - User logged in with test credentials.
2025-02-07 12:33:22 [main] DEBUG l.i.u.t.SubmittedApplicationsPageTest - Opened 'Application Processing' menu.
2025-02-07 12:33:22 [main] DEBUG l.i.u.t.SubmittedApplicationsPageTest - Clicked on 'Application Forms' menu.
2025-02-07 12:33:22 [main] DEBUG l.i.u.t.SubmittedApplicationsPageTest - Retrieved last description code text: 'TST-VUI-00'.
2025-02-07 12:33:22 [main] DEBUG l.i.u.t.SubmittedApplicationsPageTest - Clicked on 'Invitation' menu.
2025-02-07 12:33:23 [main] DEBUG l.i.u.t.SubmittedApplicationsPageTest - Selected application section by code: 'TST-VUI-00'.
2025-02-07 12:33:23 [main] DEBUG l.i.u.t.SubmittedApplicationsPageTest - Clicked 'Search' button.
2025-02-07 12:33:23 [main] DEBUG l.i.u.t.SubmittedApplicationsPageTest - Retrieved invitation code: ''.
2025-02-07 12:33:23 [main] DEBUG l.i.u.t.SubmittedApplicationsPageTest - Clicked on 'Submitted Applications' menu.
2025-02-07 12:33:24 [main] DEBUG l.i.u.t.SubmittedApplicationsPageTest - Selected invitation by code: 'TST-VUI-00'.
2025-02-07 12:33:24 [main] DEBUG l.i.u.t.SubmittedApplicationsPageTest - Invitation code inserted.
2025-02-07 12:33:24 [main] DEBUG l.i.u.t.SubmittedApplicationsPageTest - Clicked on 'Action Application' button.
2025-02-07 12:33:25 [main] DEBUG l.i.u.t.SubmittedApplicationsPageTest - Clicked on 'New Application' button.
2025-02-07 12:33:25 [main] DEBUG l.i.u.t.SubmittedApplicationsPageTest - Selected the 'RadioButtonFA' option.
2025-02-07 12:33:25 [main] DEBUG l.i.u.t.SubmittedApplicationsPageTest - Entered phone number: '61298745'.
2025-02-07 12:33:25 [main] DEBUG l.i.u.t.SubmittedApplicationsPageTest - Entered email: 'test@autotest.com'.
2025-02-07 12:33:25 [main] INFO  l.i.u.p.SubmittedApplicationsPage - Located the dropdown button.
2025-02-07 12:33:45 [main] INFO  l.i.u.p.SubmittedApplicationsPage - Found 1741 options in the dropdown.
2025-02-07 12:33:45 [main] INFO  l.i.u.p.SubmittedApplicationsPage - Successfully selected the value: '01.11 - Grūdinių (išskyrus ryžius), ankštinių ir aliejingų sėklų augalų auginimas'
2025-02-07 12:33:55 [main] ERROR l.i.u.p.SubmittedApplicationsPage - Failed to close the dropdown with aria-expanded = 'false'. Attempting manual close.
2025-02-07 12:33:55 [main] INFO  l.i.u.p.SubmittedApplicationsPage - Manual close attempt for the dropdown using body click.
2025-02-07 12:33:55 [main] DEBUG l.i.u.t.SubmittedApplicationsPageTest - Selected EVRK value: '01.11 - Grūdinių (išskyrus ryžius), ankštinių ir aliejingų sėklų augalų auginimas'.
2025-02-07 12:33:56 [main] DEBUG l.i.u.t.SubmittedApplicationsPageTest - Entered address: 'Vilniaus m. sav., Vilnius, Testo g. 10T'.
2025-02-07 12:33:56 [main] DEBUG l.i.u.t.SubmittedApplicationsPageTest - Entered project date.
2025-02-07 12:33:56 [main] DEBUG l.i.u.t.SubmittedApplicationsPageTest - Entered job count: '1'.
2025-02-07 12:33:56 [main] DEBUG l.i.u.t.SubmittedApplicationsPageTest - Clicked 'Next' button.
2025-02-07 12:33:56 [main] INFO  l.i.u.p.SubmittedApplicationsPage - Located the dropdown button.
2025-02-07 12:33:57 [main] INFO  l.i.u.p.SubmittedApplicationsPage - Successfully selected the value: 'Administratoriai'
2025-02-07 12:34:28 [main] ERROR l.i.u.p.SubmittedApplicationsPage - Timeout while waiting for dropdown to close with aria-expanded = 'false'.
2025-02-07 12:34:28 [main] DEBUG l.i.u.t.SubmittedApplicationsPageTest - Selected job name: 'Administratoriai'.
2025-02-07 12:34:28 [main] DEBUG l.i.u.t.SubmittedApplicationsPageTest - Entered job function: 'Funkcija 1'.
2025-02-07 12:34:28 [main] DEBUG l.i.u.t.SubmittedApplicationsPageTest - Selected 'RadioButtonWithDisabilities' option.
2025-02-07 12:34:28 [main] INFO  l.i.u.p.SubmittedApplicationsPage - Clicking on the dropdown button.
2025-02-07 12:34:29 [main] INFO  l.i.u.p.SubmittedApplicationsPage - Found 34 options in the dropdown.
2025-02-07 12:34:29 [main] DEBUG l.i.u.p.SubmittedApplicationsPage - Checking option: 'Asmenys, kuriems suteiktas pabėgėlio statusas ar perkeliamojo asmens statusas, arba asmenys, kuriems suteikta papildoma ar laikinoji apsauga, ir asmenys, turintys teisę gauti laikinąją apsaugą, iki sprendimo dėl laikinosios apsaugos suteikimo (nesuteikimo) priėmimo, tačiau ne ilgiau kaip laikinosios apsaugos laikotarpiu'
2025-02-07 12:34:29 [main] DEBUG l.i.u.p.SubmittedApplicationsPage - Checking option: 'Asmenys, kuriems suteiktas pabėgėlio statusas ar perkeliamojo asmens statusas, arba asmenys, kuriems suteikta papildoma ar laikinoji apsauga, ir asmenys, turintys teisę gauti laikinąją apsaugą, iki sprendimo dėl laikinosios apsaugos suteikimo (nesuteikimo) priėmimo, tačiau ne ilgiau kaip laikinosios apsaugos laikotarpiu'
2025-02-07 12:34:29 [main] DEBUG l.i.u.p.SubmittedApplicationsPage - Checking option: 'Asmenys, turintys teisę į papildomas užimtumo garantijas pagal Lietuvos Respublikos valstybės įmonės Ignalinos atominės elektrinės darbuotojų papildomų užimtumo ir socialinių garantijų įstatymą'
2025-02-07 12:34:29 [main] DEBUG l.i.u.p.SubmittedApplicationsPage - Checking option: 'Asmenys, turintys teisę į papildomas užimtumo garantijas pagal Lietuvos Respublikos valstybės įmonės Ignalinos atominės elektrinės darbuotojų papildomų užimtumo ir socialinių garantijų įstatymą'
2025-02-07 12:34:29 [main] DEBUG l.i.u.p.SubmittedApplicationsPage - Checking option: 'Bedarbiai iki 29 metų'
2025-02-07 12:34:29 [main] DEBUG l.i.u.p.SubmittedApplicationsPage - Checking option: 'Bedarbiai iki 29 metų'
2025-02-07 12:34:29 [main] DEBUG l.i.u.p.SubmittedApplicationsPage - Checking option: 'Bedarbiai, kurie yra darbingo amžiaus neįgalieji, kuriems nustatytas 30–40 procentų darbingumo lygis arba vidutinis neįgalumo lygis'
2025-02-07 12:34:29 [main] DEBUG l.i.u.p.SubmittedApplicationsPage - Checking option: 'Bedarbiai, kurie yra darbingo amžiaus neįgalieji, kuriems nustatytas 30–40 procentų darbingumo lygis arba vidutinis neįgalumo lygis'
2025-02-07 12:34:29 [main] DEBUG l.i.u.p.SubmittedApplicationsPage - Checking option: 'Bedarbiai, kurie yra darbingo amžiaus neįgalieji, kuriems nustatytas 45–55 procentų darbingumo lygis arba lengvas neįgalumo lygis'
2025-02-07 12:34:29 [main] DEBUG l.i.u.p.SubmittedApplicationsPage - Checking option: 'Bedarbiai, kurie yra darbingo amžiaus neįgalieji, kuriems nustatytas 45–55 procentų darbingumo lygis arba lengvas neįgalumo lygis'
2025-02-07 12:34:29 [main] DEBUG l.i.u.p.SubmittedApplicationsPage - Checking option: 'Bedarbiai, kurie yra darbingo amžiaus neįgalieji, kuriems nustatytas iki 25 procentų darbingumo lygis arba sunkus neįgalumo lygis'
2025-02-07 12:34:29 [main] INFO  l.i.u.p.SubmittedApplicationsPage - Successfully selected the value: 'Bedarbiai, kurie yra darbingo amžiaus neįgalieji, kuriems nustatytas iki 25 procentų darbingumo lygis arba sunkus neįgalumo lygis'
2025-02-07 12:34:29 [main] INFO  l.i.u.p.SubmittedApplicationsPage - Attempting to close the dropdown.
2025-02-07 12:34:40 [main] INFO  l.i.u.p.SubmittedApplicationsPage - Dropdown should be closed now.
2025-02-07 12:34:40 [main] DEBUG l.i.u.t.SubmittedApplicationsPageTest - Selected disabilities type: 'Bedarbiai, kurie yra darbingo amžiaus neįgalieji, kuriems nustatytas iki 25 procentų darbingumo lygis arba sunkus neįgalumo lygis'.
2025-02-07 12:34:40 [main] DEBUG l.i.u.t.SubmittedApplicationsPageTest - Entered disability information: 'Negalia 1'.
2025-02-07 12:34:40 [main] INFO  l.i.u.p.SubmittedApplicationsPage - Located the dropdown button.
2025-02-07 12:34:40 [main] INFO  l.i.u.p.SubmittedApplicationsPage - Successfully selected the value: 'Kita'
2025-02-07 12:34:51 [main] ERROR l.i.u.p.SubmittedApplicationsPage - Timeout while waiting for dropdown to close with aria-expanded = 'false'.
2025-02-07 12:34:51 [main] DEBUG l.i.u.t.SubmittedApplicationsPageTest - Selected time mode: 'Kita'.
2025-02-07 12:34:51 [main] DEBUG l.i.u.t.SubmittedApplicationsPageTest - Selected time mode other: '6 val. per dieną ir 4 d. per savaitę'.
2025-02-07 12:34:51 [main] DEBUG l.i.u.t.SubmittedApplicationsPageTest - Entered qualification: 'Kvalifikacija 1'.
2025-02-07 12:34:51 [main] DEBUG l.i.u.t.SubmittedApplicationsPageTest - Entered job date.
2025-02-07 12:34:51 [main] DEBUG l.i.u.t.SubmittedApplicationsPageTest - Entered salary amount: '1200'.
2025-02-07 12:34:51 [main] DEBUG l.i.u.t.SubmittedApplicationsPageTest - Selected 'Temporary Job' radio button.
2025-02-07 12:34:52 [main] DEBUG l.i.u.t.SubmittedApplicationsPageTest - Selected 'Season Job' radio button.
2025-02-07 12:34:52 [main] DEBUG l.i.u.t.SubmittedApplicationsPageTest - Selected 'Energy' radio button.
2025-02-07 12:34:52 [main] DEBUG l.i.u.t.SubmittedApplicationsPageTest - Selected 'Repair' radio button.
2025-02-07 12:34:52 [main] DEBUG l.i.u.t.SubmittedApplicationsPageTest - Entered job description: 'Veikla 1'.
2025-02-07 12:34:52 [main] DEBUG l.i.u.t.SubmittedApplicationsPageTest - Entered process description: 'Procesas 1'.
2025-02-07 12:34:52 [main] DEBUG l.i.u.t.SubmittedApplicationsPageTest - Entered energy information: 'Energija 1'.
2025-02-07 12:34:53 [main] DEBUG l.i.u.t.SubmittedApplicationsPageTest - Entered repair information: 'Remontas 1'.
2025-02-07 12:34:53 [main] DEBUG l.i.u.t.SubmittedApplicationsPageTest - Selected 'PVM' radio button.
2025-02-07 12:34:53 [main] INFO  l.i.u.p.SubmittedApplicationsPage - Located the dropdown button.
2025-02-07 12:34:54 [main] INFO  l.i.u.p.SubmittedApplicationsPage - Successfully selected the value: 'Įsigyti'
2025-02-07 12:35:14 [main] ERROR l.i.u.p.SubmittedApplicationsPage - Timeout while waiting for dropdown to close with aria-expanded = 'false'.
2025-02-07 12:35:14 [main] DEBUG l.i.u.t.SubmittedApplicationsPageTest - Selected necessary for job: 'Įsigyti'.
2025-02-07 12:35:14 [main] DEBUG l.i.u.t.SubmittedApplicationsPageTest - Selected tool: 'Darbo priemonė 1'.
2025-02-07 12:35:14 [main] DEBUG l.i.u.t.SubmittedApplicationsPageTest - Selected tool parameter one: 'Darbo priemonės 1 parametras 1'.
2025-02-07 12:35:14 [main] DEBUG l.i.u.t.SubmittedApplicationsPageTest - Selected tool parameter two: 'Darbo priemonės 1 parametras 2'.
2025-02-07 12:35:15 [main] DEBUG l.i.u.t.SubmittedApplicationsPageTest - Selected tool parameter three: 'Darbo priemonės 1 parametras 3'.
2025-02-07 12:35:15 [main] DEBUG l.i.u.t.SubmittedApplicationsPageTest - Entered tool count: '1'.
2025-02-07 12:35:15 [main] DEBUG l.i.u.t.SubmittedApplicationsPageTest - Entered price amount 1: '1000'.
2025-02-07 12:35:15 [main] DEBUG l.i.u.t.SubmittedApplicationsPageTest - Entered own funds amount 1: '800'.
2025-02-07 12:35:15 [main] DEBUG l.i.u.t.SubmittedApplicationsPageTest - Clicked 'Add' button.
2025-02-07 12:35:15 [main] INFO  l.i.u.p.SubmittedApplicationsPage - Located the dropdown button.
2025-02-07 12:35:16 [main] INFO  l.i.u.p.SubmittedApplicationsPage - Successfully selected the value: 'Remontuoti'
2025-02-07 12:35:36 [main] ERROR l.i.u.p.SubmittedApplicationsPage - Timeout while waiting for dropdown to close with aria-expanded = 'false'.
2025-02-07 12:35:36 [main] DEBUG l.i.u.t.SubmittedApplicationsPageTest - Selected necessary for job 'to repair': 'Remontuoti'.
2025-02-07 12:35:36 [main] DEBUG l.i.u.t.SubmittedApplicationsPageTest - Selected repair name: 'Remonto pavadinimas 1'.
2025-02-07 12:35:36 [main] DEBUG l.i.u.t.SubmittedApplicationsPageTest - Entered repair information: 'Remonto aprašymas 1'.
2025-02-07 12:35:46 [main] ERROR l.i.u.t.SubmittedApplicationsPageTest - Test 'testFillNewVUIApplicationFA' failed with error: no such element: Unable to locate element: {"method":"xpath","selector":"(//mat-form-field[contains(.//label, 'Kaina, Eur')]//input)[2]"}
  (Session info: chrome=132.0.6834.196)
For documentation on this error, please visit: https://www.selenium.dev/documentation/webdriver/troubleshooting/errors#no-such-element-exception
Build info: version: '4.27.0', revision: 'd6e718d134'
System info: os.name: 'Windows 11', os.arch: 'amd64', os.version: '10.0', java.version: '21.0.3'
Driver info: org.openqa.selenium.chrome.ChromeDriver
Command: [2f1758d5f8c347da8068cbe97cd7d5da, findElement {using=xpath, value=(//mat-form-field[contains(.//label, 'Kaina, Eur')]//input)[2]}]
Capabilities {acceptInsecureCerts: false, browserName: chrome, browserVersion: 132.0.6834.196, chrome: {chromedriverVersion: 132.0.6834.159 (2d77d3fc445..., userDataDir: C:\Users\INGRID~1.ZAD\AppDa...}, fedcm:accounts: true, goog:chromeOptions: {debuggerAddress: localhost:53209}, networkConnectionEnabled: false, pageLoadStrategy: normal, platformName: windows, proxy: Proxy(), se:cdp: ws://localhost:53209/devtoo..., se:cdpVersion: 132.0.6834.196, setWindowRect: true, strictFileInteractability: false, timeouts: {implicit: 0, pageLoad: 300000, script: 30000}, unhandledPromptBehavior: dismiss and notify, webauthn:extension:credBlob: true, webauthn:extension:largeBlob: true, webauthn:extension:minPinLength: true, webauthn:extension:prf: true, webauthn:virtualAuthenticators: true}
Session ID: 2f1758d5f8c347da8068cbe97cd7d5da
org.openqa.selenium.NoSuchElementException: no such element: Unable to locate element: {"method":"xpath","selector":"(//mat-form-field[contains(.//label, 'Kaina, Eur')]//input)[2]"}
  (Session info: chrome=132.0.6834.196)
For documentation on this error, please visit: https://www.selenium.dev/documentation/webdriver/troubleshooting/errors#no-such-element-exception
Build info: version: '4.27.0', revision: 'd6e718d134'
System info: os.name: 'Windows 11', os.arch: 'amd64', os.version: '10.0', java.version: '21.0.3'
Driver info: org.openqa.selenium.chrome.ChromeDriver
Command: [2f1758d5f8c347da8068cbe97cd7d5da, findElement {using=xpath, value=(//mat-form-field[contains(.//label, 'Kaina, Eur')]//input)[2]}]
Capabilities {acceptInsecureCerts: false, browserName: chrome, browserVersion: 132.0.6834.196, chrome: {chromedriverVersion: 132.0.6834.159 (2d77d3fc445..., userDataDir: C:\Users\INGRID~1.ZAD\AppDa...}, fedcm:accounts: true, goog:chromeOptions: {debuggerAddress: localhost:53209}, networkConnectionEnabled: false, pageLoadStrategy: normal, platformName: windows, proxy: Proxy(), se:cdp: ws://localhost:53209/devtoo..., se:cdpVersion: 132.0.6834.196, setWindowRect: true, strictFileInteractability: false, timeouts: {implicit: 0, pageLoad: 300000, script: 30000}, unhandledPromptBehavior: dismiss and notify, webauthn:extension:credBlob: true, webauthn:extension:largeBlob: true, webauthn:extension:minPinLength: true, webauthn:extension:prf: true, webauthn:virtualAuthenticators: true}
Session ID: 2f1758d5f8c347da8068cbe97cd7d5da
	at java.base/jdk.internal.reflect.DirectConstructorHandleAccessor.newInstance(DirectConstructorHandleAccessor.java:62)
	at java.base/java.lang.reflect.Constructor.newInstanceWithCaller(Constructor.java:502)
	at java.base/java.lang.reflect.Constructor.newInstance(Constructor.java:486)
	at org.openqa.selenium.remote.ErrorCodec.decode(ErrorCodec.java:167)
	at org.openqa.selenium.remote.codec.w3c.W3CHttpResponseCodec.decode(W3CHttpResponseCodec.java:138)
	at org.openqa.selenium.remote.codec.w3c.W3CHttpResponseCodec.decode(W3CHttpResponseCodec.java:50)
	at org.openqa.selenium.remote.HttpCommandExecutor.execute(HttpCommandExecutor.java:190)
	at org.openqa.selenium.remote.service.DriverCommandExecutor.invokeExecute(DriverCommandExecutor.java:216)
	at org.openqa.selenium.remote.service.DriverCommandExecutor.execute(DriverCommandExecutor.java:174)
	at org.openqa.selenium.remote.RemoteWebDriver.execute(RemoteWebDriver.java:545)
	at org.openqa.selenium.remote.ElementLocation$ElementFinder$2.findElement(ElementLocation.java:165)
	at org.openqa.selenium.remote.ElementLocation.findElement(ElementLocation.java:59)
	at org.openqa.selenium.remote.RemoteWebDriver.findElement(RemoteWebDriver.java:368)
	at org.openqa.selenium.remote.RemoteWebDriver.findElement(RemoteWebDriver.java:362)
	at org.openqa.selenium.support.pagefactory.DefaultElementLocator.findElement(DefaultElementLocator.java:68)
	at org.openqa.selenium.support.pagefactory.internal.LocatingElementHandler.invoke(LocatingElementHandler.java:38)
	at jdk.proxy2/jdk.proxy2.$Proxy14.clear(Unknown Source)
	at lt.insoft.uztis.pages.SubmittedApplicationsPage.enterPriceTwo(SubmittedApplicationsPage.java:1030)
	at lt.insoft.uztis.tests.SubmittedApplicationsPageTest.testFillNewVUIApplicationFA(SubmittedApplicationsPageTest.java:299)
	at java.base/jdk.internal.reflect.DirectMethodHandleAccessor.invoke(DirectMethodHandleAccessor.java:103)
	at java.base/java.lang.reflect.Method.invoke(Method.java:580)
	at org.junit.platform.commons.util.ReflectionUtils.invokeMethod(ReflectionUtils.java:728)
	at org.junit.jupiter.engine.execution.MethodInvocation.proceed(MethodInvocation.java:60)
	at org.junit.jupiter.engine.execution.InvocationInterceptorChain$ValidatingInvocation.proceed(InvocationInterceptorChain.java:131)
	at org.junit.jupiter.engine.extension.TimeoutExtension.intercept(TimeoutExtension.java:156)
	at org.junit.jupiter.engine.extension.TimeoutExtension.interceptTestableMethod(TimeoutExtension.java:147)
	at org.junit.jupiter.engine.extension.TimeoutExtension.interceptTestMethod(TimeoutExtension.java:86)
	at org.junit.jupiter.engine.execution.InterceptingExecutableInvoker$ReflectiveInterceptorCall.lambda$ofVoidMethod$0(InterceptingExecutableInvoker.java:103)
	at org.junit.jupiter.engine.execution.InterceptingExecutableInvoker.lambda$invoke$0(InterceptingExecutableInvoker.java:93)
	at org.junit.jupiter.engine.execution.InvocationInterceptorChain$InterceptedInvocation.proceed(InvocationInterceptorChain.java:106)
	at org.junit.jupiter.engine.execution.InvocationInterceptorChain.proceed(InvocationInterceptorChain.java:64)
	at org.junit.jupiter.engine.execution.InvocationInterceptorChain.chainAndInvoke(InvocationInterceptorChain.java:45)
	at org.junit.jupiter.engine.execution.InvocationInterceptorChain.invoke(InvocationInterceptorChain.java:37)
	at org.junit.jupiter.engine.execution.InterceptingExecutableInvoker.invoke(InterceptingExecutableInvoker.java:92)
	at org.junit.jupiter.engine.execution.InterceptingExecutableInvoker.invoke(InterceptingExecutableInvoker.java:86)
	at org.junit.jupiter.engine.descriptor.TestMethodTestDescriptor.lambda$invokeTestMethod$7(TestMethodTestDescriptor.java:218)
	at org.junit.platform.engine.support.hierarchical.ThrowableCollector.execute(ThrowableCollector.java:73)
	at org.junit.jupiter.engine.descriptor.TestMethodTestDescriptor.invokeTestMethod(TestMethodTestDescriptor.java:214)
	at org.junit.jupiter.engine.descriptor.TestMethodTestDescriptor.execute(TestMethodTestDescriptor.java:139)
	at org.junit.jupiter.engine.descriptor.TestMethodTestDescriptor.execute(TestMethodTestDescriptor.java:69)
	at org.junit.platform.engine.support.hierarchical.NodeTestTask.lambda$executeRecursively$6(NodeTestTask.java:151)
	at org.junit.platform.engine.support.hierarchical.ThrowableCollector.execute(ThrowableCollector.java:73)
	at org.junit.platform.engine.support.hierarchical.NodeTestTask.lambda$executeRecursively$8(NodeTestTask.java:141)
	at org.junit.platform.engine.support.hierarchical.Node.around(Node.java:137)
	at org.junit.platform.engine.support.hierarchical.NodeTestTask.lambda$executeRecursively$9(NodeTestTask.java:139)
	at org.junit.platform.engine.support.hierarchical.ThrowableCollector.execute(ThrowableCollector.java:73)
	at org.junit.platform.engine.support.hierarchical.NodeTestTask.executeRecursively(NodeTestTask.java:138)
	at org.junit.platform.engine.support.hierarchical.NodeTestTask.execute(NodeTestTask.java:95)
	at java.base/java.util.ArrayList.forEach(ArrayList.java:1596)
	at org.junit.platform.engine.support.hierarchical.SameThreadHierarchicalTestExecutorService.invokeAll(SameThreadHierarchicalTestExecutorService.java:41)
	at org.junit.platform.engine.support.hierarchical.NodeTestTask.lambda$executeRecursively$6(NodeTestTask.java:155)
	at org.junit.platform.engine.support.hierarchical.ThrowableCollector.execute(ThrowableCollector.java:73)
	at org.junit.platform.engine.support.hierarchical.NodeTestTask.lambda$executeRecursively$8(NodeTestTask.java:141)
	at org.junit.platform.engine.support.hierarchical.Node.around(Node.java:137)
	at org.junit.platform.engine.support.hierarchical.NodeTestTask.lambda$executeRecursively$9(NodeTestTask.java:139)
	at org.junit.platform.engine.support.hierarchical.ThrowableCollector.execute(ThrowableCollector.java:73)
	at org.junit.platform.engine.support.hierarchical.NodeTestTask.executeRecursively(NodeTestTask.java:138)
	at org.junit.platform.engine.support.hierarchical.NodeTestTask.execute(NodeTestTask.java:95)
	at java.base/java.util.ArrayList.forEach(ArrayList.java:1596)
	at org.junit.platform.engine.support.hierarchical.SameThreadHierarchicalTestExecutorService.invokeAll(SameThreadHierarchicalTestExecutorService.java:41)
	at org.junit.platform.engine.support.hierarchical.NodeTestTask.lambda$executeRecursively$6(NodeTestTask.java:155)
	at org.junit.platform.engine.support.hierarchical.ThrowableCollector.execute(ThrowableCollector.java:73)
	at org.junit.platform.engine.support.hierarchical.NodeTestTask.lambda$executeRecursively$8(NodeTestTask.java:141)
	at org.junit.platform.engine.support.hierarchical.Node.around(Node.java:137)
	at org.junit.platform.engine.support.hierarchical.NodeTestTask.lambda$executeRecursively$9(NodeTestTask.java:139)
	at org.junit.platform.engine.support.hierarchical.ThrowableCollector.execute(ThrowableCollector.java:73)
	at org.junit.platform.engine.support.hierarchical.NodeTestTask.executeRecursively(NodeTestTask.java:138)
	at org.junit.platform.engine.support.hierarchical.NodeTestTask.execute(NodeTestTask.java:95)
	at org.junit.platform.engine.support.hierarchical.SameThreadHierarchicalTestExecutorService.submit(SameThreadHierarchicalTestExecutorService.java:35)
	at org.junit.platform.engine.support.hierarchical.HierarchicalTestExecutor.execute(HierarchicalTestExecutor.java:57)
	at org.junit.platform.engine.support.hierarchical.HierarchicalTestEngine.execute(HierarchicalTestEngine.java:54)
	at org.junit.platform.launcher.core.EngineExecutionOrchestrator.execute(EngineExecutionOrchestrator.java:198)
	at org.junit.platform.launcher.core.EngineExecutionOrchestrator.execute(EngineExecutionOrchestrator.java:169)
	at org.junit.platform.launcher.core.EngineExecutionOrchestrator.execute(EngineExecutionOrchestrator.java:93)
	at org.junit.platform.launcher.core.EngineExecutionOrchestrator.lambda$execute$0(EngineExecutionOrchestrator.java:58)
	at org.junit.platform.launcher.core.EngineExecutionOrchestrator.withInterceptedStreams(EngineExecutionOrchestrator.java:141)
	at org.junit.platform.launcher.core.EngineExecutionOrchestrator.execute(EngineExecutionOrchestrator.java:57)
	at org.junit.platform.launcher.core.DefaultLauncher.execute(DefaultLauncher.java:103)
	at org.junit.platform.launcher.core.DefaultLauncher.execute(DefaultLauncher.java:85)
	at org.junit.platform.launcher.core.DelegatingLauncher.execute(DelegatingLauncher.java:47)
	at org.junit.platform.launcher.core.SessionPerRequestLauncher.execute(SessionPerRequestLauncher.java:63)
	at com.intellij.junit5.JUnit5IdeaTestRunner.startRunnerWithArgs(JUnit5IdeaTestRunner.java:57)
	at com.intellij.rt.junit.IdeaTestRunner$Repeater$1.execute(IdeaTestRunner.java:38)
	at com.intellij.rt.execution.junit.TestsRepeater.repeat(TestsRepeater.java:11)
	at com.intellij.rt.junit.IdeaTestRunner$Repeater.startRunnerWithArgs(IdeaTestRunner.java:35)
	at com.intellij.rt.junit.JUnitStarter.prepareStreamsAndStart(JUnitStarter.java:232)
	at com.intellij.rt.junit.JUnitStarter.main(JUnitStarter.java:55)
2025-02-07 12:35:46 [main] INFO  l.insoft.uztis.tests.utils.TestUtils - Screenshot moved to C:\Users\ingrida.zadorozniene\Desktop\Asm\UZTIS\UZTIS_tests\test-output\screenshots\20250207\123546871_testFillNewVUIApplicationFA().png
2025-02-07 12:38:11 [main] INFO  lt.insoft.uztis.tests.UztisPageTest - Navigated to https://uztisdev.asseco.lt/home
2025-02-07 12:38:11 [main] INFO  l.i.u.t.SubmittedApplicationsPageTest - Starting test:'testFillNewVUIPApplicationFA'
2025-02-07 12:38:12 [main] DEBUG l.i.u.t.SubmittedApplicationsPageTest - User logged in with test credentials.
2025-02-07 12:38:12 [main] DEBUG l.i.u.t.SubmittedApplicationsPageTest - Opened 'Application Processing' menu.
2025-02-07 12:38:12 [main] DEBUG l.i.u.t.SubmittedApplicationsPageTest - Clicked on 'Application Forms' menu.
2025-02-07 12:38:12 [main] DEBUG l.i.u.t.SubmittedApplicationsPageTest - Retrieved last description code text: 'TST-VUI-00'.
2025-02-07 12:38:13 [main] DEBUG l.i.u.t.SubmittedApplicationsPageTest - Clicked on 'Invitation' menu.
2025-02-07 12:38:13 [main] DEBUG l.i.u.t.SubmittedApplicationsPageTest - Selected application section by code: 'TST-VUI-00'.
2025-02-07 12:38:14 [main] DEBUG l.i.u.t.SubmittedApplicationsPageTest - Clicked 'Search' button.
2025-02-07 12:38:14 [main] DEBUG l.i.u.t.SubmittedApplicationsPageTest - Retrieved invitation code: ''.
2025-02-07 12:38:14 [main] DEBUG l.i.u.t.SubmittedApplicationsPageTest - Clicked on 'Submitted Applications' menu.
2025-02-07 12:38:15 [main] DEBUG l.i.u.t.SubmittedApplicationsPageTest - Selected invitation by code: 'TST-VUI-00'.
2025-02-07 12:38:15 [main] DEBUG l.i.u.t.SubmittedApplicationsPageTest - Invitation code inserted.
2025-02-07 12:38:15 [main] DEBUG l.i.u.t.SubmittedApplicationsPageTest - Clicked on 'Action Application' button.
2025-02-07 12:38:15 [main] DEBUG l.i.u.t.SubmittedApplicationsPageTest - Clicked on 'New Application' button.
2025-02-07 12:38:16 [main] DEBUG l.i.u.t.SubmittedApplicationsPageTest - Selected the 'RadioButtonFA' option.
2025-02-07 12:38:16 [main] DEBUG l.i.u.t.SubmittedApplicationsPageTest - Entered phone number: '61298745'.
2025-02-07 12:38:16 [main] DEBUG l.i.u.t.SubmittedApplicationsPageTest - Entered email: 'test@autotest.com'.
2025-02-07 12:38:16 [main] INFO  l.i.u.p.SubmittedApplicationsPage - Located the dropdown button.
2025-02-07 12:38:33 [main] INFO  l.i.u.p.SubmittedApplicationsPage - Found 1741 options in the dropdown.
2025-02-07 12:38:33 [main] INFO  l.i.u.p.SubmittedApplicationsPage - Successfully selected the value: '01.11 - Grūdinių (išskyrus ryžius), ankštinių ir aliejingų sėklų augalų auginimas'
2025-02-07 12:38:44 [main] ERROR l.i.u.p.SubmittedApplicationsPage - Failed to close the dropdown with aria-expanded = 'false'. Attempting manual close.
2025-02-07 12:38:44 [main] INFO  l.i.u.p.SubmittedApplicationsPage - Manual close attempt for the dropdown using body click.
2025-02-07 12:38:44 [main] DEBUG l.i.u.t.SubmittedApplicationsPageTest - Selected EVRK value: '01.11 - Grūdinių (išskyrus ryžius), ankštinių ir aliejingų sėklų augalų auginimas'.
2025-02-07 12:38:44 [main] DEBUG l.i.u.t.SubmittedApplicationsPageTest - Entered address: 'Vilniaus m. sav., Vilnius, Testo g. 10T'.
2025-02-07 12:38:44 [main] DEBUG l.i.u.t.SubmittedApplicationsPageTest - Entered project date.
2025-02-07 12:38:45 [main] DEBUG l.i.u.t.SubmittedApplicationsPageTest - Entered job count: '1'.
2025-02-07 12:38:45 [main] DEBUG l.i.u.t.SubmittedApplicationsPageTest - Clicked 'Next' button.
2025-02-07 12:38:45 [main] INFO  l.i.u.p.SubmittedApplicationsPage - Located the dropdown button.
2025-02-07 12:38:46 [main] INFO  l.i.u.p.SubmittedApplicationsPage - Successfully selected the value: 'Administratoriai'
2025-02-07 12:39:16 [main] ERROR l.i.u.p.SubmittedApplicationsPage - Timeout while waiting for dropdown to close with aria-expanded = 'false'.
2025-02-07 12:39:16 [main] DEBUG l.i.u.t.SubmittedApplicationsPageTest - Selected job name: 'Administratoriai'.
2025-02-07 12:39:16 [main] DEBUG l.i.u.t.SubmittedApplicationsPageTest - Entered job function: 'Funkcija 1'.
2025-02-07 12:39:16 [main] DEBUG l.i.u.t.SubmittedApplicationsPageTest - Selected 'RadioButtonWithDisabilities' option.
2025-02-07 12:39:16 [main] INFO  l.i.u.p.SubmittedApplicationsPage - Clicking on the dropdown button.
2025-02-07 12:39:17 [main] INFO  l.i.u.p.SubmittedApplicationsPage - Found 34 options in the dropdown.
2025-02-07 12:39:17 [main] DEBUG l.i.u.p.SubmittedApplicationsPage - Checking option: 'Asmenys, kuriems suteiktas pabėgėlio statusas ar perkeliamojo asmens statusas, arba asmenys, kuriems suteikta papildoma ar laikinoji apsauga, ir asmenys, turintys teisę gauti laikinąją apsaugą, iki sprendimo dėl laikinosios apsaugos suteikimo (nesuteikimo) priėmimo, tačiau ne ilgiau kaip laikinosios apsaugos laikotarpiu'
2025-02-07 12:39:17 [main] DEBUG l.i.u.p.SubmittedApplicationsPage - Checking option: 'Asmenys, kuriems suteiktas pabėgėlio statusas ar perkeliamojo asmens statusas, arba asmenys, kuriems suteikta papildoma ar laikinoji apsauga, ir asmenys, turintys teisę gauti laikinąją apsaugą, iki sprendimo dėl laikinosios apsaugos suteikimo (nesuteikimo) priėmimo, tačiau ne ilgiau kaip laikinosios apsaugos laikotarpiu'
2025-02-07 12:39:17 [main] DEBUG l.i.u.p.SubmittedApplicationsPage - Checking option: 'Asmenys, turintys teisę į papildomas užimtumo garantijas pagal Lietuvos Respublikos valstybės įmonės Ignalinos atominės elektrinės darbuotojų papildomų užimtumo ir socialinių garantijų įstatymą'
2025-02-07 12:39:17 [main] DEBUG l.i.u.p.SubmittedApplicationsPage - Checking option: 'Asmenys, turintys teisę į papildomas užimtumo garantijas pagal Lietuvos Respublikos valstybės įmonės Ignalinos atominės elektrinės darbuotojų papildomų užimtumo ir socialinių garantijų įstatymą'
2025-02-07 12:39:17 [main] DEBUG l.i.u.p.SubmittedApplicationsPage - Checking option: 'Bedarbiai iki 29 metų'
2025-02-07 12:39:17 [main] DEBUG l.i.u.p.SubmittedApplicationsPage - Checking option: 'Bedarbiai iki 29 metų'
2025-02-07 12:39:17 [main] DEBUG l.i.u.p.SubmittedApplicationsPage - Checking option: 'Bedarbiai, kurie yra darbingo amžiaus neįgalieji, kuriems nustatytas 30–40 procentų darbingumo lygis arba vidutinis neįgalumo lygis'
2025-02-07 12:39:17 [main] DEBUG l.i.u.p.SubmittedApplicationsPage - Checking option: 'Bedarbiai, kurie yra darbingo amžiaus neįgalieji, kuriems nustatytas 30–40 procentų darbingumo lygis arba vidutinis neįgalumo lygis'
2025-02-07 12:39:17 [main] DEBUG l.i.u.p.SubmittedApplicationsPage - Checking option: 'Bedarbiai, kurie yra darbingo amžiaus neįgalieji, kuriems nustatytas 45–55 procentų darbingumo lygis arba lengvas neįgalumo lygis'
2025-02-07 12:39:17 [main] DEBUG l.i.u.p.SubmittedApplicationsPage - Checking option: 'Bedarbiai, kurie yra darbingo amžiaus neįgalieji, kuriems nustatytas 45–55 procentų darbingumo lygis arba lengvas neįgalumo lygis'
2025-02-07 12:39:17 [main] DEBUG l.i.u.p.SubmittedApplicationsPage - Checking option: 'Bedarbiai, kurie yra darbingo amžiaus neįgalieji, kuriems nustatytas iki 25 procentų darbingumo lygis arba sunkus neįgalumo lygis'
2025-02-07 12:39:17 [main] INFO  l.i.u.p.SubmittedApplicationsPage - Successfully selected the value: 'Bedarbiai, kurie yra darbingo amžiaus neįgalieji, kuriems nustatytas iki 25 procentų darbingumo lygis arba sunkus neįgalumo lygis'
2025-02-07 12:39:17 [main] INFO  l.i.u.p.SubmittedApplicationsPage - Attempting to close the dropdown.
2025-02-07 12:39:28 [main] INFO  l.i.u.p.SubmittedApplicationsPage - Dropdown should be closed now.
2025-02-07 12:39:28 [main] DEBUG l.i.u.t.SubmittedApplicationsPageTest - Selected disabilities type: 'Bedarbiai, kurie yra darbingo amžiaus neįgalieji, kuriems nustatytas iki 25 procentų darbingumo lygis arba sunkus neįgalumo lygis'.
2025-02-07 12:39:28 [main] DEBUG l.i.u.t.SubmittedApplicationsPageTest - Entered disability information: 'Negalia 1'.
2025-02-07 12:39:28 [main] INFO  l.i.u.p.SubmittedApplicationsPage - Located the dropdown button.
2025-02-07 12:39:29 [main] INFO  l.i.u.p.SubmittedApplicationsPage - Successfully selected the value: 'Kita'
2025-02-07 12:39:39 [main] ERROR l.i.u.p.SubmittedApplicationsPage - Timeout while waiting for dropdown to close with aria-expanded = 'false'.
2025-02-07 12:39:39 [main] DEBUG l.i.u.t.SubmittedApplicationsPageTest - Selected time mode: 'Kita'.
2025-02-07 12:39:40 [main] DEBUG l.i.u.t.SubmittedApplicationsPageTest - Selected time mode other: '6 val. per dieną ir 4 d. per savaitę'.
2025-02-07 12:39:40 [main] DEBUG l.i.u.t.SubmittedApplicationsPageTest - Entered qualification: 'Kvalifikacija 1'.
2025-02-07 12:39:40 [main] DEBUG l.i.u.t.SubmittedApplicationsPageTest - Entered job date.
2025-02-07 12:39:40 [main] DEBUG l.i.u.t.SubmittedApplicationsPageTest - Entered salary amount: '1200'.
2025-02-07 12:39:40 [main] DEBUG l.i.u.t.SubmittedApplicationsPageTest - Selected 'Temporary Job' radio button.
2025-02-07 12:39:40 [main] DEBUG l.i.u.t.SubmittedApplicationsPageTest - Selected 'Season Job' radio button.
2025-02-07 12:39:41 [main] DEBUG l.i.u.t.SubmittedApplicationsPageTest - Selected 'Energy' radio button.
2025-02-07 12:39:41 [main] DEBUG l.i.u.t.SubmittedApplicationsPageTest - Selected 'Repair' radio button.
2025-02-07 12:39:41 [main] DEBUG l.i.u.t.SubmittedApplicationsPageTest - Entered job description: 'Veikla 1'.
2025-02-07 12:39:41 [main] DEBUG l.i.u.t.SubmittedApplicationsPageTest - Entered process description: 'Procesas 1'.
2025-02-07 12:39:41 [main] DEBUG l.i.u.t.SubmittedApplicationsPageTest - Entered energy information: 'Energija 1'.
2025-02-07 12:39:41 [main] DEBUG l.i.u.t.SubmittedApplicationsPageTest - Entered repair information: 'Remontas 1'.
2025-02-07 12:39:42 [main] DEBUG l.i.u.t.SubmittedApplicationsPageTest - Selected 'PVM' radio button.
2025-02-07 12:39:42 [main] INFO  l.i.u.p.SubmittedApplicationsPage - Located the dropdown button.
2025-02-07 12:39:42 [main] INFO  l.i.u.p.SubmittedApplicationsPage - Successfully selected the value: 'Įsigyti'
2025-02-07 12:40:03 [main] ERROR l.i.u.p.SubmittedApplicationsPage - Timeout while waiting for dropdown to close with aria-expanded = 'false'.
2025-02-07 12:40:03 [main] DEBUG l.i.u.t.SubmittedApplicationsPageTest - Selected necessary for job: 'Įsigyti'.
2025-02-07 12:40:03 [main] DEBUG l.i.u.t.SubmittedApplicationsPageTest - Selected tool: 'Darbo priemonė 1'.
2025-02-07 12:40:03 [main] DEBUG l.i.u.t.SubmittedApplicationsPageTest - Selected tool parameter one: 'Darbo priemonės 1 parametras 1'.
2025-02-07 12:40:03 [main] DEBUG l.i.u.t.SubmittedApplicationsPageTest - Selected tool parameter two: 'Darbo priemonės 1 parametras 2'.
2025-02-07 12:40:03 [main] DEBUG l.i.u.t.SubmittedApplicationsPageTest - Selected tool parameter three: 'Darbo priemonės 1 parametras 3'.
2025-02-07 12:40:03 [main] DEBUG l.i.u.t.SubmittedApplicationsPageTest - Entered tool count: '1'.
2025-02-07 12:40:04 [main] DEBUG l.i.u.t.SubmittedApplicationsPageTest - Entered price amount 1: '1000'.
2025-02-07 12:40:04 [main] DEBUG l.i.u.t.SubmittedApplicationsPageTest - Entered own funds amount 1: '800'.
2025-02-07 12:40:04 [main] DEBUG l.i.u.t.SubmittedApplicationsPageTest - Clicked 'Add' button.
2025-02-07 12:40:04 [main] INFO  l.i.u.p.SubmittedApplicationsPage - Located the dropdown button.
2025-02-07 12:40:04 [main] INFO  l.i.u.p.SubmittedApplicationsPage - Successfully selected the value: 'Remontuoti'
2025-02-07 12:40:25 [main] ERROR l.i.u.p.SubmittedApplicationsPage - Timeout while waiting for dropdown to close with aria-expanded = 'false'.
2025-02-07 12:40:25 [main] DEBUG l.i.u.t.SubmittedApplicationsPageTest - Selected necessary for job 'to repair': 'Remontuoti'.
2025-02-07 12:40:25 [main] DEBUG l.i.u.t.SubmittedApplicationsPageTest - Selected repair name: 'Remonto pavadinimas 1'.
2025-02-07 12:40:25 [main] DEBUG l.i.u.t.SubmittedApplicationsPageTest - Entered repair information: 'Remonto aprašymas 1'.
2025-02-07 12:40:35 [main] ERROR l.i.u.t.SubmittedApplicationsPageTest - Test 'testFillNewVUIApplicationFA' failed with error: no such element: Unable to locate element: {"method":"xpath","selector":"(//mat-form-field[contains(.//label, 'Kaina, Eur')]//input)[2]"}
  (Session info: chrome=132.0.6834.196)
For documentation on this error, please visit: https://www.selenium.dev/documentation/webdriver/troubleshooting/errors#no-such-element-exception
Build info: version: '4.27.0', revision: 'd6e718d134'
System info: os.name: 'Windows 11', os.arch: 'amd64', os.version: '10.0', java.version: '21.0.3'
Driver info: org.openqa.selenium.chrome.ChromeDriver
Command: [c42f79c4e0b047ef5950711bb40e8e94, findElement {value=(//mat-form-field[contains(.//label, 'Kaina, Eur')]//input)[2], using=xpath}]
Capabilities {acceptInsecureCerts: false, browserName: chrome, browserVersion: 132.0.6834.196, chrome: {chromedriverVersion: 132.0.6834.159 (2d77d3fc445..., userDataDir: C:\Users\INGRID~1.ZAD\AppDa...}, fedcm:accounts: true, goog:chromeOptions: {debuggerAddress: localhost:53394}, networkConnectionEnabled: false, pageLoadStrategy: normal, platformName: windows, proxy: Proxy(), se:cdp: ws://localhost:53394/devtoo..., se:cdpVersion: 132.0.6834.196, setWindowRect: true, strictFileInteractability: false, timeouts: {implicit: 0, pageLoad: 300000, script: 30000}, unhandledPromptBehavior: dismiss and notify, webauthn:extension:credBlob: true, webauthn:extension:largeBlob: true, webauthn:extension:minPinLength: true, webauthn:extension:prf: true, webauthn:virtualAuthenticators: true}
Session ID: c42f79c4e0b047ef5950711bb40e8e94
org.openqa.selenium.NoSuchElementException: no such element: Unable to locate element: {"method":"xpath","selector":"(//mat-form-field[contains(.//label, 'Kaina, Eur')]//input)[2]"}
  (Session info: chrome=132.0.6834.196)
For documentation on this error, please visit: https://www.selenium.dev/documentation/webdriver/troubleshooting/errors#no-such-element-exception
Build info: version: '4.27.0', revision: 'd6e718d134'
System info: os.name: 'Windows 11', os.arch: 'amd64', os.version: '10.0', java.version: '21.0.3'
Driver info: org.openqa.selenium.chrome.ChromeDriver
Command: [c42f79c4e0b047ef5950711bb40e8e94, findElement {value=(//mat-form-field[contains(.//label, 'Kaina, Eur')]//input)[2], using=xpath}]
Capabilities {acceptInsecureCerts: false, browserName: chrome, browserVersion: 132.0.6834.196, chrome: {chromedriverVersion: 132.0.6834.159 (2d77d3fc445..., userDataDir: C:\Users\INGRID~1.ZAD\AppDa...}, fedcm:accounts: true, goog:chromeOptions: {debuggerAddress: localhost:53394}, networkConnectionEnabled: false, pageLoadStrategy: normal, platformName: windows, proxy: Proxy(), se:cdp: ws://localhost:53394/devtoo..., se:cdpVersion: 132.0.6834.196, setWindowRect: true, strictFileInteractability: false, timeouts: {implicit: 0, pageLoad: 300000, script: 30000}, unhandledPromptBehavior: dismiss and notify, webauthn:extension:credBlob: true, webauthn:extension:largeBlob: true, webauthn:extension:minPinLength: true, webauthn:extension:prf: true, webauthn:virtualAuthenticators: true}
Session ID: c42f79c4e0b047ef5950711bb40e8e94
	at java.base/jdk.internal.reflect.DirectConstructorHandleAccessor.newInstance(DirectConstructorHandleAccessor.java:62)
	at java.base/java.lang.reflect.Constructor.newInstanceWithCaller(Constructor.java:502)
	at java.base/java.lang.reflect.Constructor.newInstance(Constructor.java:486)
	at org.openqa.selenium.remote.ErrorCodec.decode(ErrorCodec.java:167)
	at org.openqa.selenium.remote.codec.w3c.W3CHttpResponseCodec.decode(W3CHttpResponseCodec.java:138)
	at org.openqa.selenium.remote.codec.w3c.W3CHttpResponseCodec.decode(W3CHttpResponseCodec.java:50)
	at org.openqa.selenium.remote.HttpCommandExecutor.execute(HttpCommandExecutor.java:190)
	at org.openqa.selenium.remote.service.DriverCommandExecutor.invokeExecute(DriverCommandExecutor.java:216)
	at org.openqa.selenium.remote.service.DriverCommandExecutor.execute(DriverCommandExecutor.java:174)
	at org.openqa.selenium.remote.RemoteWebDriver.execute(RemoteWebDriver.java:545)
	at org.openqa.selenium.remote.ElementLocation$ElementFinder$2.findElement(ElementLocation.java:165)
	at org.openqa.selenium.remote.ElementLocation.findElement(ElementLocation.java:59)
	at org.openqa.selenium.remote.RemoteWebDriver.findElement(RemoteWebDriver.java:368)
	at org.openqa.selenium.remote.RemoteWebDriver.findElement(RemoteWebDriver.java:362)
	at org.openqa.selenium.support.pagefactory.DefaultElementLocator.findElement(DefaultElementLocator.java:68)
	at org.openqa.selenium.support.pagefactory.internal.LocatingElementHandler.invoke(LocatingElementHandler.java:38)
	at jdk.proxy2/jdk.proxy2.$Proxy14.clear(Unknown Source)
	at lt.insoft.uztis.pages.SubmittedApplicationsPage.enterPriceTwo(SubmittedApplicationsPage.java:1030)
	at lt.insoft.uztis.tests.SubmittedApplicationsPageTest.testFillNewVUIApplicationFA(SubmittedApplicationsPageTest.java:299)
	at java.base/jdk.internal.reflect.DirectMethodHandleAccessor.invoke(DirectMethodHandleAccessor.java:103)
	at java.base/java.lang.reflect.Method.invoke(Method.java:580)
	at org.junit.platform.commons.util.ReflectionUtils.invokeMethod(ReflectionUtils.java:728)
	at org.junit.jupiter.engine.execution.MethodInvocation.proceed(MethodInvocation.java:60)
	at org.junit.jupiter.engine.execution.InvocationInterceptorChain$ValidatingInvocation.proceed(InvocationInterceptorChain.java:131)
	at org.junit.jupiter.engine.extension.TimeoutExtension.intercept(TimeoutExtension.java:156)
	at org.junit.jupiter.engine.extension.TimeoutExtension.interceptTestableMethod(TimeoutExtension.java:147)
	at org.junit.jupiter.engine.extension.TimeoutExtension.interceptTestMethod(TimeoutExtension.java:86)
	at org.junit.jupiter.engine.execution.InterceptingExecutableInvoker$ReflectiveInterceptorCall.lambda$ofVoidMethod$0(InterceptingExecutableInvoker.java:103)
	at org.junit.jupiter.engine.execution.InterceptingExecutableInvoker.lambda$invoke$0(InterceptingExecutableInvoker.java:93)
	at org.junit.jupiter.engine.execution.InvocationInterceptorChain$InterceptedInvocation.proceed(InvocationInterceptorChain.java:106)
	at org.junit.jupiter.engine.execution.InvocationInterceptorChain.proceed(InvocationInterceptorChain.java:64)
	at org.junit.jupiter.engine.execution.InvocationInterceptorChain.chainAndInvoke(InvocationInterceptorChain.java:45)
	at org.junit.jupiter.engine.execution.InvocationInterceptorChain.invoke(InvocationInterceptorChain.java:37)
	at org.junit.jupiter.engine.execution.InterceptingExecutableInvoker.invoke(InterceptingExecutableInvoker.java:92)
	at org.junit.jupiter.engine.execution.InterceptingExecutableInvoker.invoke(InterceptingExecutableInvoker.java:86)
	at org.junit.jupiter.engine.descriptor.TestMethodTestDescriptor.lambda$invokeTestMethod$7(TestMethodTestDescriptor.java:218)
	at org.junit.platform.engine.support.hierarchical.ThrowableCollector.execute(ThrowableCollector.java:73)
	at org.junit.jupiter.engine.descriptor.TestMethodTestDescriptor.invokeTestMethod(TestMethodTestDescriptor.java:214)
	at org.junit.jupiter.engine.descriptor.TestMethodTestDescriptor.execute(TestMethodTestDescriptor.java:139)
	at org.junit.jupiter.engine.descriptor.TestMethodTestDescriptor.execute(TestMethodTestDescriptor.java:69)
	at org.junit.platform.engine.support.hierarchical.NodeTestTask.lambda$executeRecursively$6(NodeTestTask.java:151)
	at org.junit.platform.engine.support.hierarchical.ThrowableCollector.execute(ThrowableCollector.java:73)
	at org.junit.platform.engine.support.hierarchical.NodeTestTask.lambda$executeRecursively$8(NodeTestTask.java:141)
	at org.junit.platform.engine.support.hierarchical.Node.around(Node.java:137)
	at org.junit.platform.engine.support.hierarchical.NodeTestTask.lambda$executeRecursively$9(NodeTestTask.java:139)
	at org.junit.platform.engine.support.hierarchical.ThrowableCollector.execute(ThrowableCollector.java:73)
	at org.junit.platform.engine.support.hierarchical.NodeTestTask.executeRecursively(NodeTestTask.java:138)
	at org.junit.platform.engine.support.hierarchical.NodeTestTask.execute(NodeTestTask.java:95)
	at java.base/java.util.ArrayList.forEach(ArrayList.java:1596)
	at org.junit.platform.engine.support.hierarchical.SameThreadHierarchicalTestExecutorService.invokeAll(SameThreadHierarchicalTestExecutorService.java:41)
	at org.junit.platform.engine.support.hierarchical.NodeTestTask.lambda$executeRecursively$6(NodeTestTask.java:155)
	at org.junit.platform.engine.support.hierarchical.ThrowableCollector.execute(ThrowableCollector.java:73)
	at org.junit.platform.engine.support.hierarchical.NodeTestTask.lambda$executeRecursively$8(NodeTestTask.java:141)
	at org.junit.platform.engine.support.hierarchical.Node.around(Node.java:137)
	at org.junit.platform.engine.support.hierarchical.NodeTestTask.lambda$executeRecursively$9(NodeTestTask.java:139)
	at org.junit.platform.engine.support.hierarchical.ThrowableCollector.execute(ThrowableCollector.java:73)
	at org.junit.platform.engine.support.hierarchical.NodeTestTask.executeRecursively(NodeTestTask.java:138)
	at org.junit.platform.engine.support.hierarchical.NodeTestTask.execute(NodeTestTask.java:95)
	at java.base/java.util.ArrayList.forEach(ArrayList.java:1596)
	at org.junit.platform.engine.support.hierarchical.SameThreadHierarchicalTestExecutorService.invokeAll(SameThreadHierarchicalTestExecutorService.java:41)
	at org.junit.platform.engine.support.hierarchical.NodeTestTask.lambda$executeRecursively$6(NodeTestTask.java:155)
	at org.junit.platform.engine.support.hierarchical.ThrowableCollector.execute(ThrowableCollector.java:73)
	at org.junit.platform.engine.support.hierarchical.NodeTestTask.lambda$executeRecursively$8(NodeTestTask.java:141)
	at org.junit.platform.engine.support.hierarchical.Node.around(Node.java:137)
	at org.junit.platform.engine.support.hierarchical.NodeTestTask.lambda$executeRecursively$9(NodeTestTask.java:139)
	at org.junit.platform.engine.support.hierarchical.ThrowableCollector.execute(ThrowableCollector.java:73)
	at org.junit.platform.engine.support.hierarchical.NodeTestTask.executeRecursively(NodeTestTask.java:138)
	at org.junit.platform.engine.support.hierarchical.NodeTestTask.execute(NodeTestTask.java:95)
	at org.junit.platform.engine.support.hierarchical.SameThreadHierarchicalTestExecutorService.submit(SameThreadHierarchicalTestExecutorService.java:35)
	at org.junit.platform.engine.support.hierarchical.HierarchicalTestExecutor.execute(HierarchicalTestExecutor.java:57)
	at org.junit.platform.engine.support.hierarchical.HierarchicalTestEngine.execute(HierarchicalTestEngine.java:54)
	at org.junit.platform.launcher.core.EngineExecutionOrchestrator.execute(EngineExecutionOrchestrator.java:198)
	at org.junit.platform.launcher.core.EngineExecutionOrchestrator.execute(EngineExecutionOrchestrator.java:169)
	at org.junit.platform.launcher.core.EngineExecutionOrchestrator.execute(EngineExecutionOrchestrator.java:93)
	at org.junit.platform.launcher.core.EngineExecutionOrchestrator.lambda$execute$0(EngineExecutionOrchestrator.java:58)
	at org.junit.platform.launcher.core.EngineExecutionOrchestrator.withInterceptedStreams(EngineExecutionOrchestrator.java:141)
	at org.junit.platform.launcher.core.EngineExecutionOrchestrator.execute(EngineExecutionOrchestrator.java:57)
	at org.junit.platform.launcher.core.DefaultLauncher.execute(DefaultLauncher.java:103)
	at org.junit.platform.launcher.core.DefaultLauncher.execute(DefaultLauncher.java:85)
	at org.junit.platform.launcher.core.DelegatingLauncher.execute(DelegatingLauncher.java:47)
	at org.junit.platform.launcher.core.SessionPerRequestLauncher.execute(SessionPerRequestLauncher.java:63)
	at com.intellij.junit5.JUnit5IdeaTestRunner.startRunnerWithArgs(JUnit5IdeaTestRunner.java:57)
	at com.intellij.rt.junit.IdeaTestRunner$Repeater$1.execute(IdeaTestRunner.java:38)
	at com.intellij.rt.execution.junit.TestsRepeater.repeat(TestsRepeater.java:11)
	at com.intellij.rt.junit.IdeaTestRunner$Repeater.startRunnerWithArgs(IdeaTestRunner.java:35)
	at com.intellij.rt.junit.JUnitStarter.prepareStreamsAndStart(JUnitStarter.java:232)
	at com.intellij.rt.junit.JUnitStarter.main(JUnitStarter.java:55)
2025-02-07 12:40:35 [main] INFO  l.insoft.uztis.tests.utils.TestUtils - Screenshot moved to C:\Users\ingrida.zadorozniene\Desktop\Asm\UZTIS\UZTIS_tests\test-output\screenshots\20250207\124035574_testFillNewVUIApplicationFA().png
2025-02-07 12:45:56 [main] INFO  lt.insoft.uztis.tests.UztisPageTest - Navigated to https://uztisdev.asseco.lt/home
2025-02-07 12:45:56 [main] INFO  l.i.u.t.SubmittedApplicationsPageTest - Starting test:'testFillNewVUIPApplicationFA'
2025-02-07 12:45:56 [main] DEBUG l.i.u.t.SubmittedApplicationsPageTest - User logged in with test credentials.
2025-02-07 12:45:57 [main] DEBUG l.i.u.t.SubmittedApplicationsPageTest - Opened 'Application Processing' menu.
2025-02-07 12:45:57 [main] DEBUG l.i.u.t.SubmittedApplicationsPageTest - Clicked on 'Application Forms' menu.
2025-02-07 12:45:57 [main] DEBUG l.i.u.t.SubmittedApplicationsPageTest - Retrieved last description code text: 'TST-VUI-00'.
2025-02-07 12:45:57 [main] DEBUG l.i.u.t.SubmittedApplicationsPageTest - Clicked on 'Invitation' menu.
2025-02-07 12:45:58 [main] DEBUG l.i.u.t.SubmittedApplicationsPageTest - Selected application section by code: 'TST-VUI-00'.
2025-02-07 12:45:58 [main] DEBUG l.i.u.t.SubmittedApplicationsPageTest - Clicked 'Search' button.
2025-02-07 12:45:58 [main] DEBUG l.i.u.t.SubmittedApplicationsPageTest - Retrieved invitation code: ''.
2025-02-07 12:45:58 [main] DEBUG l.i.u.t.SubmittedApplicationsPageTest - Clicked on 'Submitted Applications' menu.
2025-02-07 12:45:59 [main] DEBUG l.i.u.t.SubmittedApplicationsPageTest - Selected invitation by code: 'TST-VUI-00'.
2025-02-07 12:45:59 [main] DEBUG l.i.u.t.SubmittedApplicationsPageTest - Invitation code inserted.
2025-02-07 12:46:00 [main] DEBUG l.i.u.t.SubmittedApplicationsPageTest - Clicked on 'Action Application' button.
2025-02-07 12:46:00 [main] DEBUG l.i.u.t.SubmittedApplicationsPageTest - Clicked on 'New Application' button.
2025-02-07 12:46:00 [main] DEBUG l.i.u.t.SubmittedApplicationsPageTest - Selected the 'RadioButtonFA' option.
2025-02-07 12:46:00 [main] DEBUG l.i.u.t.SubmittedApplicationsPageTest - Entered phone number: '61298745'.
2025-02-07 12:46:01 [main] DEBUG l.i.u.t.SubmittedApplicationsPageTest - Entered email: 'test@autotest.com'.
2025-02-07 12:46:01 [main] INFO  l.i.u.p.SubmittedApplicationsPage - Located the dropdown button.
2025-02-07 12:46:19 [main] INFO  l.i.u.p.SubmittedApplicationsPage - Found 1741 options in the dropdown.
2025-02-07 12:46:20 [main] INFO  l.i.u.p.SubmittedApplicationsPage - Successfully selected the value: '01.11 - Grūdinių (išskyrus ryžius), ankštinių ir aliejingų sėklų augalų auginimas'
2025-02-07 12:46:30 [main] ERROR l.i.u.p.SubmittedApplicationsPage - Failed to close the dropdown with aria-expanded = 'false'. Attempting manual close.
2025-02-07 12:46:30 [main] INFO  l.i.u.p.SubmittedApplicationsPage - Manual close attempt for the dropdown using body click.
2025-02-07 12:46:30 [main] DEBUG l.i.u.t.SubmittedApplicationsPageTest - Selected EVRK value: '01.11 - Grūdinių (išskyrus ryžius), ankštinių ir aliejingų sėklų augalų auginimas'.
2025-02-07 12:46:30 [main] DEBUG l.i.u.t.SubmittedApplicationsPageTest - Entered address: 'Vilniaus m. sav., Vilnius, Testo g. 10T'.
2025-02-07 12:46:31 [main] DEBUG l.i.u.t.SubmittedApplicationsPageTest - Entered project date.
2025-02-07 12:46:31 [main] DEBUG l.i.u.t.SubmittedApplicationsPageTest - Entered job count: '1'.
2025-02-07 12:46:31 [main] DEBUG l.i.u.t.SubmittedApplicationsPageTest - Clicked 'Next' button.
2025-02-07 12:46:31 [main] INFO  l.i.u.p.SubmittedApplicationsPage - Located the dropdown button.
2025-02-07 12:46:32 [main] INFO  l.i.u.p.SubmittedApplicationsPage - Successfully selected the value: 'Administratoriai'
2025-02-07 12:47:03 [main] ERROR l.i.u.p.SubmittedApplicationsPage - Timeout while waiting for dropdown to close with aria-expanded = 'false'.
2025-02-07 12:47:03 [main] DEBUG l.i.u.t.SubmittedApplicationsPageTest - Selected job name: 'Administratoriai'.
2025-02-07 12:47:03 [main] DEBUG l.i.u.t.SubmittedApplicationsPageTest - Entered job function: 'Funkcija 1'.
2025-02-07 12:47:03 [main] DEBUG l.i.u.t.SubmittedApplicationsPageTest - Selected 'RadioButtonWithDisabilities' option.
2025-02-07 12:47:03 [main] INFO  l.i.u.p.SubmittedApplicationsPage - Clicking on the dropdown button.
2025-02-07 12:47:04 [main] INFO  l.i.u.p.SubmittedApplicationsPage - Found 34 options in the dropdown.
2025-02-07 12:47:04 [main] DEBUG l.i.u.p.SubmittedApplicationsPage - Checking option: 'Asmenys, kuriems suteiktas pabėgėlio statusas ar perkeliamojo asmens statusas, arba asmenys, kuriems suteikta papildoma ar laikinoji apsauga, ir asmenys, turintys teisę gauti laikinąją apsaugą, iki sprendimo dėl laikinosios apsaugos suteikimo (nesuteikimo) priėmimo, tačiau ne ilgiau kaip laikinosios apsaugos laikotarpiu'
2025-02-07 12:47:04 [main] DEBUG l.i.u.p.SubmittedApplicationsPage - Checking option: 'Asmenys, kuriems suteiktas pabėgėlio statusas ar perkeliamojo asmens statusas, arba asmenys, kuriems suteikta papildoma ar laikinoji apsauga, ir asmenys, turintys teisę gauti laikinąją apsaugą, iki sprendimo dėl laikinosios apsaugos suteikimo (nesuteikimo) priėmimo, tačiau ne ilgiau kaip laikinosios apsaugos laikotarpiu'
2025-02-07 12:47:04 [main] DEBUG l.i.u.p.SubmittedApplicationsPage - Checking option: 'Asmenys, turintys teisę į papildomas užimtumo garantijas pagal Lietuvos Respublikos valstybės įmonės Ignalinos atominės elektrinės darbuotojų papildomų užimtumo ir socialinių garantijų įstatymą'
2025-02-07 12:47:04 [main] DEBUG l.i.u.p.SubmittedApplicationsPage - Checking option: 'Asmenys, turintys teisę į papildomas užimtumo garantijas pagal Lietuvos Respublikos valstybės įmonės Ignalinos atominės elektrinės darbuotojų papildomų užimtumo ir socialinių garantijų įstatymą'
2025-02-07 12:47:04 [main] DEBUG l.i.u.p.SubmittedApplicationsPage - Checking option: 'Bedarbiai iki 29 metų'
2025-02-07 12:47:04 [main] DEBUG l.i.u.p.SubmittedApplicationsPage - Checking option: 'Bedarbiai iki 29 metų'
2025-02-07 12:47:04 [main] DEBUG l.i.u.p.SubmittedApplicationsPage - Checking option: 'Bedarbiai, kurie yra darbingo amžiaus neįgalieji, kuriems nustatytas 30–40 procentų darbingumo lygis arba vidutinis neįgalumo lygis'
2025-02-07 12:47:04 [main] DEBUG l.i.u.p.SubmittedApplicationsPage - Checking option: 'Bedarbiai, kurie yra darbingo amžiaus neįgalieji, kuriems nustatytas 30–40 procentų darbingumo lygis arba vidutinis neįgalumo lygis'
2025-02-07 12:47:04 [main] DEBUG l.i.u.p.SubmittedApplicationsPage - Checking option: 'Bedarbiai, kurie yra darbingo amžiaus neįgalieji, kuriems nustatytas 45–55 procentų darbingumo lygis arba lengvas neįgalumo lygis'
2025-02-07 12:47:04 [main] DEBUG l.i.u.p.SubmittedApplicationsPage - Checking option: 'Bedarbiai, kurie yra darbingo amžiaus neįgalieji, kuriems nustatytas 45–55 procentų darbingumo lygis arba lengvas neįgalumo lygis'
2025-02-07 12:47:04 [main] DEBUG l.i.u.p.SubmittedApplicationsPage - Checking option: 'Bedarbiai, kurie yra darbingo amžiaus neįgalieji, kuriems nustatytas iki 25 procentų darbingumo lygis arba sunkus neįgalumo lygis'
2025-02-07 12:47:04 [main] INFO  l.i.u.p.SubmittedApplicationsPage - Successfully selected the value: 'Bedarbiai, kurie yra darbingo amžiaus neįgalieji, kuriems nustatytas iki 25 procentų darbingumo lygis arba sunkus neįgalumo lygis'
2025-02-07 12:47:04 [main] INFO  l.i.u.p.SubmittedApplicationsPage - Attempting to close the dropdown.
2025-02-07 12:47:14 [main] INFO  l.i.u.p.SubmittedApplicationsPage - Dropdown should be closed now.
2025-02-07 12:47:14 [main] DEBUG l.i.u.t.SubmittedApplicationsPageTest - Selected disabilities type: 'Bedarbiai, kurie yra darbingo amžiaus neįgalieji, kuriems nustatytas iki 25 procentų darbingumo lygis arba sunkus neįgalumo lygis'.
2025-02-07 12:47:15 [main] DEBUG l.i.u.t.SubmittedApplicationsPageTest - Entered disability information: 'Negalia 1'.
2025-02-07 12:47:15 [main] INFO  l.i.u.p.SubmittedApplicationsPage - Located the dropdown button.
2025-02-07 12:47:15 [main] INFO  l.i.u.p.SubmittedApplicationsPage - Successfully selected the value: 'Kita'
2025-02-07 12:47:26 [main] ERROR l.i.u.p.SubmittedApplicationsPage - Timeout while waiting for dropdown to close with aria-expanded = 'false'.
2025-02-07 12:47:26 [main] DEBUG l.i.u.t.SubmittedApplicationsPageTest - Selected time mode: 'Kita'.
2025-02-07 12:47:26 [main] DEBUG l.i.u.t.SubmittedApplicationsPageTest - Selected time mode other: '6 val. per dieną ir 4 d. per savaitę'.
2025-02-07 12:47:26 [main] DEBUG l.i.u.t.SubmittedApplicationsPageTest - Entered qualification: 'Kvalifikacija 1'.
2025-02-07 12:47:26 [main] DEBUG l.i.u.t.SubmittedApplicationsPageTest - Entered job date.
2025-02-07 12:47:27 [main] DEBUG l.i.u.t.SubmittedApplicationsPageTest - Entered salary amount: '1200'.
2025-02-07 12:47:27 [main] DEBUG l.i.u.t.SubmittedApplicationsPageTest - Selected 'Temporary Job' radio button.
2025-02-07 12:47:27 [main] DEBUG l.i.u.t.SubmittedApplicationsPageTest - Selected 'Season Job' radio button.
2025-02-07 12:47:27 [main] DEBUG l.i.u.t.SubmittedApplicationsPageTest - Selected 'Energy' radio button.
2025-02-07 12:47:27 [main] DEBUG l.i.u.t.SubmittedApplicationsPageTest - Selected 'Repair' radio button.
2025-02-07 12:47:27 [main] DEBUG l.i.u.t.SubmittedApplicationsPageTest - Entered job description: 'Veikla 1'.
2025-02-07 12:47:27 [main] DEBUG l.i.u.t.SubmittedApplicationsPageTest - Entered process description: 'Procesas 1'.
2025-02-07 12:47:28 [main] DEBUG l.i.u.t.SubmittedApplicationsPageTest - Entered energy information: 'Energija 1'.
2025-02-07 12:47:28 [main] DEBUG l.i.u.t.SubmittedApplicationsPageTest - Entered repair information: 'Remontas 1'.
2025-02-07 12:47:28 [main] DEBUG l.i.u.t.SubmittedApplicationsPageTest - Selected 'PVM' radio button.
2025-02-07 12:47:28 [main] INFO  l.i.u.p.SubmittedApplicationsPage - Located the dropdown button.
2025-02-07 12:47:28 [main] INFO  l.i.u.p.SubmittedApplicationsPage - Successfully selected the value: 'Įsigyti'
2025-02-07 12:47:49 [main] ERROR l.i.u.p.SubmittedApplicationsPage - Timeout while waiting for dropdown to close with aria-expanded = 'false'.
2025-02-07 12:47:49 [main] DEBUG l.i.u.t.SubmittedApplicationsPageTest - Selected necessary for job: 'Įsigyti'.
2025-02-07 12:47:49 [main] DEBUG l.i.u.t.SubmittedApplicationsPageTest - Selected tool: 'Darbo priemonė 1'.
2025-02-07 12:47:49 [main] DEBUG l.i.u.t.SubmittedApplicationsPageTest - Selected tool parameter one: 'Darbo priemonės 1 parametras 1'.
2025-02-07 12:47:49 [main] DEBUG l.i.u.t.SubmittedApplicationsPageTest - Selected tool parameter two: 'Darbo priemonės 1 parametras 2'.
2025-02-07 12:47:49 [main] DEBUG l.i.u.t.SubmittedApplicationsPageTest - Selected tool parameter three: 'Darbo priemonės 1 parametras 3'.
2025-02-07 12:47:50 [main] DEBUG l.i.u.t.SubmittedApplicationsPageTest - Entered tool count: '1'.
2025-02-07 12:47:50 [main] DEBUG l.i.u.t.SubmittedApplicationsPageTest - Entered price amount 1: '1000'.
2025-02-07 12:47:50 [main] DEBUG l.i.u.t.SubmittedApplicationsPageTest - Entered own funds amount 1: '800'.
2025-02-07 12:47:50 [main] DEBUG l.i.u.t.SubmittedApplicationsPageTest - Clicked 'Add' button.
2025-02-07 12:47:50 [main] INFO  l.i.u.t.SubmittedApplicationsPageTest - Test 'testFillNewVUIApplicationFA' completed successfully.
2025-02-07 12:49:24 [main] INFO  lt.insoft.uztis.tests.UztisPageTest - Navigated to https://uztisdev.asseco.lt/home
2025-02-07 12:49:24 [main] INFO  l.i.u.t.SubmittedApplicationsPageTest - Starting test:'testFillNewVUIPApplicationFA'
2025-02-07 12:49:25 [main] DEBUG l.i.u.t.SubmittedApplicationsPageTest - User logged in with test credentials.
2025-02-07 12:49:25 [main] DEBUG l.i.u.t.SubmittedApplicationsPageTest - Opened 'Application Processing' menu.
2025-02-07 12:49:25 [main] DEBUG l.i.u.t.SubmittedApplicationsPageTest - Clicked on 'Application Forms' menu.
2025-02-07 12:49:26 [main] DEBUG l.i.u.t.SubmittedApplicationsPageTest - Retrieved last description code text: 'TST-VUI-00'.
2025-02-07 12:49:26 [main] DEBUG l.i.u.t.SubmittedApplicationsPageTest - Clicked on 'Invitation' menu.
2025-02-07 12:49:27 [main] DEBUG l.i.u.t.SubmittedApplicationsPageTest - Selected application section by code: 'TST-VUI-00'.
2025-02-07 12:49:27 [main] DEBUG l.i.u.t.SubmittedApplicationsPageTest - Clicked 'Search' button.
2025-02-07 12:49:27 [main] DEBUG l.i.u.t.SubmittedApplicationsPageTest - Retrieved invitation code: ''.
2025-02-07 12:49:27 [main] DEBUG l.i.u.t.SubmittedApplicationsPageTest - Clicked on 'Submitted Applications' menu.
2025-02-07 12:49:28 [main] DEBUG l.i.u.t.SubmittedApplicationsPageTest - Selected invitation by code: 'TST-VUI-00'.
2025-02-07 12:49:28 [main] DEBUG l.i.u.t.SubmittedApplicationsPageTest - Invitation code inserted.
2025-02-07 12:49:28 [main] DEBUG l.i.u.t.SubmittedApplicationsPageTest - Clicked on 'Action Application' button.
2025-02-07 12:49:28 [main] DEBUG l.i.u.t.SubmittedApplicationsPageTest - Clicked on 'New Application' button.
2025-02-07 12:49:29 [main] DEBUG l.i.u.t.SubmittedApplicationsPageTest - Selected the 'RadioButtonFA' option.
2025-02-07 12:49:29 [main] DEBUG l.i.u.t.SubmittedApplicationsPageTest - Entered phone number: '61298745'.
2025-02-07 12:49:29 [main] DEBUG l.i.u.t.SubmittedApplicationsPageTest - Entered email: 'test@autotest.com'.
2025-02-07 12:49:29 [main] INFO  l.i.u.p.SubmittedApplicationsPage - Located the dropdown button.
2025-02-07 12:49:47 [main] INFO  l.i.u.p.SubmittedApplicationsPage - Found 1741 options in the dropdown.
2025-02-07 12:49:47 [main] INFO  l.i.u.p.SubmittedApplicationsPage - Successfully selected the value: '01.11 - Grūdinių (išskyrus ryžius), ankštinių ir aliejingų sėklų augalų auginimas'
2025-02-07 12:49:58 [main] ERROR l.i.u.p.SubmittedApplicationsPage - Failed to close the dropdown with aria-expanded = 'false'. Attempting manual close.
2025-02-07 12:49:58 [main] INFO  l.i.u.p.SubmittedApplicationsPage - Manual close attempt for the dropdown using body click.
2025-02-07 12:49:58 [main] DEBUG l.i.u.t.SubmittedApplicationsPageTest - Selected EVRK value: '01.11 - Grūdinių (išskyrus ryžius), ankštinių ir aliejingų sėklų augalų auginimas'.
2025-02-07 12:49:58 [main] DEBUG l.i.u.t.SubmittedApplicationsPageTest - Entered address: 'Vilniaus m. sav., Vilnius, Testo g. 10T'.
2025-02-07 12:49:58 [main] DEBUG l.i.u.t.SubmittedApplicationsPageTest - Entered project date.
2025-02-07 12:49:58 [main] DEBUG l.i.u.t.SubmittedApplicationsPageTest - Entered job count: '1'.
2025-02-07 12:49:59 [main] DEBUG l.i.u.t.SubmittedApplicationsPageTest - Clicked 'Next' button.
2025-02-07 12:49:59 [main] INFO  l.i.u.p.SubmittedApplicationsPage - Located the dropdown button.
2025-02-07 12:50:00 [main] INFO  l.i.u.p.SubmittedApplicationsPage - Successfully selected the value: 'Administratoriai'
2025-02-07 12:50:30 [main] ERROR l.i.u.p.SubmittedApplicationsPage - Timeout while waiting for dropdown to close with aria-expanded = 'false'.
2025-02-07 12:50:30 [main] DEBUG l.i.u.t.SubmittedApplicationsPageTest - Selected job name: 'Administratoriai'.
2025-02-07 12:50:30 [main] DEBUG l.i.u.t.SubmittedApplicationsPageTest - Entered job function: 'Funkcija 1'.
2025-02-07 12:50:30 [main] DEBUG l.i.u.t.SubmittedApplicationsPageTest - Selected 'RadioButtonWithDisabilities' option.
2025-02-07 12:50:30 [main] INFO  l.i.u.p.SubmittedApplicationsPage - Clicking on the dropdown button.
2025-02-07 12:50:31 [main] INFO  l.i.u.p.SubmittedApplicationsPage - Found 34 options in the dropdown.
2025-02-07 12:50:31 [main] DEBUG l.i.u.p.SubmittedApplicationsPage - Checking option: 'Asmenys, kuriems suteiktas pabėgėlio statusas ar perkeliamojo asmens statusas, arba asmenys, kuriems suteikta papildoma ar laikinoji apsauga, ir asmenys, turintys teisę gauti laikinąją apsaugą, iki sprendimo dėl laikinosios apsaugos suteikimo (nesuteikimo) priėmimo, tačiau ne ilgiau kaip laikinosios apsaugos laikotarpiu'
2025-02-07 12:50:31 [main] DEBUG l.i.u.p.SubmittedApplicationsPage - Checking option: 'Asmenys, kuriems suteiktas pabėgėlio statusas ar perkeliamojo asmens statusas, arba asmenys, kuriems suteikta papildoma ar laikinoji apsauga, ir asmenys, turintys teisę gauti laikinąją apsaugą, iki sprendimo dėl laikinosios apsaugos suteikimo (nesuteikimo) priėmimo, tačiau ne ilgiau kaip laikinosios apsaugos laikotarpiu'
2025-02-07 12:50:31 [main] DEBUG l.i.u.p.SubmittedApplicationsPage - Checking option: 'Asmenys, turintys teisę į papildomas užimtumo garantijas pagal Lietuvos Respublikos valstybės įmonės Ignalinos atominės elektrinės darbuotojų papildomų užimtumo ir socialinių garantijų įstatymą'
2025-02-07 12:50:31 [main] DEBUG l.i.u.p.SubmittedApplicationsPage - Checking option: 'Asmenys, turintys teisę į papildomas užimtumo garantijas pagal Lietuvos Respublikos valstybės įmonės Ignalinos atominės elektrinės darbuotojų papildomų užimtumo ir socialinių garantijų įstatymą'
2025-02-07 12:50:31 [main] DEBUG l.i.u.p.SubmittedApplicationsPage - Checking option: 'Bedarbiai iki 29 metų'
2025-02-07 12:50:31 [main] DEBUG l.i.u.p.SubmittedApplicationsPage - Checking option: 'Bedarbiai iki 29 metų'
2025-02-07 12:50:31 [main] DEBUG l.i.u.p.SubmittedApplicationsPage - Checking option: 'Bedarbiai, kurie yra darbingo amžiaus neįgalieji, kuriems nustatytas 30–40 procentų darbingumo lygis arba vidutinis neįgalumo lygis'
2025-02-07 12:50:31 [main] DEBUG l.i.u.p.SubmittedApplicationsPage - Checking option: 'Bedarbiai, kurie yra darbingo amžiaus neįgalieji, kuriems nustatytas 30–40 procentų darbingumo lygis arba vidutinis neįgalumo lygis'
2025-02-07 12:50:31 [main] DEBUG l.i.u.p.SubmittedApplicationsPage - Checking option: 'Bedarbiai, kurie yra darbingo amžiaus neįgalieji, kuriems nustatytas 45–55 procentų darbingumo lygis arba lengvas neįgalumo lygis'
2025-02-07 12:50:31 [main] DEBUG l.i.u.p.SubmittedApplicationsPage - Checking option: 'Bedarbiai, kurie yra darbingo amžiaus neįgalieji, kuriems nustatytas 45–55 procentų darbingumo lygis arba lengvas neįgalumo lygis'
2025-02-07 12:50:31 [main] DEBUG l.i.u.p.SubmittedApplicationsPage - Checking option: 'Bedarbiai, kurie yra darbingo amžiaus neįgalieji, kuriems nustatytas iki 25 procentų darbingumo lygis arba sunkus neįgalumo lygis'
2025-02-07 12:50:32 [main] INFO  l.i.u.p.SubmittedApplicationsPage - Successfully selected the value: 'Bedarbiai, kurie yra darbingo amžiaus neįgalieji, kuriems nustatytas iki 25 procentų darbingumo lygis arba sunkus neįgalumo lygis'
2025-02-07 12:50:32 [main] INFO  l.i.u.p.SubmittedApplicationsPage - Attempting to close the dropdown.
2025-02-07 12:50:42 [main] INFO  l.i.u.p.SubmittedApplicationsPage - Dropdown should be closed now.
2025-02-07 12:50:42 [main] DEBUG l.i.u.t.SubmittedApplicationsPageTest - Selected disabilities type: 'Bedarbiai, kurie yra darbingo amžiaus neįgalieji, kuriems nustatytas iki 25 procentų darbingumo lygis arba sunkus neįgalumo lygis'.
2025-02-07 12:50:42 [main] DEBUG l.i.u.t.SubmittedApplicationsPageTest - Entered disability information: 'Negalia 1'.
2025-02-07 12:50:42 [main] INFO  l.i.u.p.SubmittedApplicationsPage - Located the dropdown button.
2025-02-07 12:50:43 [main] INFO  l.i.u.p.SubmittedApplicationsPage - Successfully selected the value: 'Kita'
2025-02-07 12:50:54 [main] ERROR l.i.u.p.SubmittedApplicationsPage - Timeout while waiting for dropdown to close with aria-expanded = 'false'.
2025-02-07 12:50:54 [main] DEBUG l.i.u.t.SubmittedApplicationsPageTest - Selected time mode: 'Kita'.
2025-02-07 12:50:54 [main] DEBUG l.i.u.t.SubmittedApplicationsPageTest - Selected time mode other: '6 val. per dieną ir 4 d. per savaitę'.
2025-02-07 12:50:54 [main] DEBUG l.i.u.t.SubmittedApplicationsPageTest - Entered qualification: 'Kvalifikacija 1'.
2025-02-07 12:50:54 [main] DEBUG l.i.u.t.SubmittedApplicationsPageTest - Entered job date.
2025-02-07 12:50:54 [main] DEBUG l.i.u.t.SubmittedApplicationsPageTest - Entered salary amount: '1200'.
2025-02-07 12:50:54 [main] DEBUG l.i.u.t.SubmittedApplicationsPageTest - Selected 'Temporary Job' radio button.
2025-02-07 12:50:54 [main] DEBUG l.i.u.t.SubmittedApplicationsPageTest - Selected 'Season Job' radio button.
2025-02-07 12:50:55 [main] DEBUG l.i.u.t.SubmittedApplicationsPageTest - Selected 'Energy' radio button.
2025-02-07 12:50:55 [main] DEBUG l.i.u.t.SubmittedApplicationsPageTest - Selected 'Repair' radio button.
2025-02-07 12:50:55 [main] DEBUG l.i.u.t.SubmittedApplicationsPageTest - Entered job description: 'Veikla 1'.
2025-02-07 12:50:55 [main] DEBUG l.i.u.t.SubmittedApplicationsPageTest - Entered process description: 'Procesas 1'.
2025-02-07 12:50:55 [main] DEBUG l.i.u.t.SubmittedApplicationsPageTest - Entered energy information: 'Energija 1'.
2025-02-07 12:50:56 [main] DEBUG l.i.u.t.SubmittedApplicationsPageTest - Entered repair information: 'Remontas 1'.
2025-02-07 12:50:56 [main] DEBUG l.i.u.t.SubmittedApplicationsPageTest - Selected 'PVM' radio button.
2025-02-07 12:50:56 [main] INFO  l.i.u.p.SubmittedApplicationsPage - Located the dropdown button.
2025-02-07 12:50:56 [main] INFO  l.i.u.p.SubmittedApplicationsPage - Successfully selected the value: 'Įsigyti'
2025-02-07 12:51:17 [main] ERROR l.i.u.p.SubmittedApplicationsPage - Timeout while waiting for dropdown to close with aria-expanded = 'false'.
2025-02-07 12:51:17 [main] DEBUG l.i.u.t.SubmittedApplicationsPageTest - Selected necessary for job: 'Įsigyti'.
2025-02-07 12:51:17 [main] DEBUG l.i.u.t.SubmittedApplicationsPageTest - Selected tool: 'Darbo priemonė 1'.
2025-02-07 12:51:17 [main] DEBUG l.i.u.t.SubmittedApplicationsPageTest - Selected tool parameter one: 'Darbo priemonės 1 parametras 1'.
2025-02-07 12:51:17 [main] DEBUG l.i.u.t.SubmittedApplicationsPageTest - Selected tool parameter two: 'Darbo priemonės 1 parametras 2'.
2025-02-07 12:51:17 [main] DEBUG l.i.u.t.SubmittedApplicationsPageTest - Selected tool parameter three: 'Darbo priemonės 1 parametras 3'.
2025-02-07 12:51:18 [main] DEBUG l.i.u.t.SubmittedApplicationsPageTest - Entered tool count: '1'.
2025-02-07 12:51:18 [main] DEBUG l.i.u.t.SubmittedApplicationsPageTest - Entered price amount 1: '1000'.
2025-02-07 12:51:18 [main] DEBUG l.i.u.t.SubmittedApplicationsPageTest - Entered own funds amount 1: '800'.
2025-02-07 12:51:18 [main] DEBUG l.i.u.t.SubmittedApplicationsPageTest - Clicked 'Add' button.
2025-02-07 12:51:18 [main] INFO  l.i.u.t.SubmittedApplicationsPageTest - Test 'testFillNewVUIApplicationFA' completed successfully.
2025-02-07 12:54:48 [main] INFO  lt.insoft.uztis.tests.UztisPageTest - Navigated to https://uztisdev.asseco.lt/home
2025-02-07 12:54:48 [main] INFO  l.i.u.t.SubmittedApplicationsPageTest - Starting test:'testFillNewVUIPApplicationFA'
2025-02-07 12:54:48 [main] DEBUG l.i.u.t.SubmittedApplicationsPageTest - User logged in with test credentials.
2025-02-07 12:54:48 [main] DEBUG l.i.u.t.SubmittedApplicationsPageTest - Opened 'Application Processing' menu.
2025-02-07 12:54:48 [main] DEBUG l.i.u.t.SubmittedApplicationsPageTest - Clicked on 'Application Forms' menu.
2025-02-07 12:54:49 [main] DEBUG l.i.u.t.SubmittedApplicationsPageTest - Retrieved last description code text: 'TST-VUI-00'.
2025-02-07 12:54:49 [main] DEBUG l.i.u.t.SubmittedApplicationsPageTest - Clicked on 'Invitation' menu.
2025-02-07 12:54:50 [main] DEBUG l.i.u.t.SubmittedApplicationsPageTest - Selected application section by code: 'TST-VUI-00'.
2025-02-07 12:54:50 [main] DEBUG l.i.u.t.SubmittedApplicationsPageTest - Clicked 'Search' button.
2025-02-07 12:54:50 [main] DEBUG l.i.u.t.SubmittedApplicationsPageTest - Retrieved invitation code: ''.
2025-02-07 12:54:50 [main] DEBUG l.i.u.t.SubmittedApplicationsPageTest - Clicked on 'Submitted Applications' menu.
2025-02-07 12:54:51 [main] DEBUG l.i.u.t.SubmittedApplicationsPageTest - Selected invitation by code: 'TST-VUI-00'.
2025-02-07 12:54:51 [main] DEBUG l.i.u.t.SubmittedApplicationsPageTest - Invitation code inserted.
2025-02-07 12:54:51 [main] DEBUG l.i.u.t.SubmittedApplicationsPageTest - Clicked on 'Action Application' button.
2025-02-07 12:54:51 [main] DEBUG l.i.u.t.SubmittedApplicationsPageTest - Clicked on 'New Application' button.
2025-02-07 12:54:52 [main] DEBUG l.i.u.t.SubmittedApplicationsPageTest - Selected the 'RadioButtonFA' option.
2025-02-07 12:54:52 [main] DEBUG l.i.u.t.SubmittedApplicationsPageTest - Entered phone number: '61298745'.
2025-02-07 12:54:52 [main] DEBUG l.i.u.t.SubmittedApplicationsPageTest - Entered email: 'test@autotest.com'.
2025-02-07 12:54:52 [main] INFO  l.i.u.p.SubmittedApplicationsPage - Located the dropdown button.
2025-02-07 12:55:10 [main] INFO  l.i.u.p.SubmittedApplicationsPage - Found 1741 options in the dropdown.
2025-02-07 12:55:10 [main] INFO  l.i.u.p.SubmittedApplicationsPage - Successfully selected the value: '01.11 - Grūdinių (išskyrus ryžius), ankštinių ir aliejingų sėklų augalų auginimas'
2025-02-07 12:55:21 [main] ERROR l.i.u.p.SubmittedApplicationsPage - Failed to close the dropdown with aria-expanded = 'false'. Attempting manual close.
2025-02-07 12:55:21 [main] INFO  l.i.u.p.SubmittedApplicationsPage - Manual close attempt for the dropdown using body click.
2025-02-07 12:55:21 [main] DEBUG l.i.u.t.SubmittedApplicationsPageTest - Selected EVRK value: '01.11 - Grūdinių (išskyrus ryžius), ankštinių ir aliejingų sėklų augalų auginimas'.
2025-02-07 12:55:21 [main] DEBUG l.i.u.t.SubmittedApplicationsPageTest - Entered address: 'Vilniaus m. sav., Vilnius, Testo g. 10T'.
2025-02-07 12:55:21 [main] DEBUG l.i.u.t.SubmittedApplicationsPageTest - Entered project date.
2025-02-07 12:55:21 [main] DEBUG l.i.u.t.SubmittedApplicationsPageTest - Entered job count: '1'.
2025-02-07 12:55:22 [main] DEBUG l.i.u.t.SubmittedApplicationsPageTest - Clicked 'Next' button.
2025-02-07 12:55:22 [main] INFO  l.i.u.p.SubmittedApplicationsPage - Located the dropdown button.
2025-02-07 12:55:23 [main] ERROR l.i.u.p.SubmittedApplicationsPage - Dropdown button click failed: element click intercepted: Element <mat-label>...</mat-label> is not clickable at point (1053, 75). Other element would receive the click: ...<span class="mat-mdc-select-placeholder mat-mdc-select-min-line ng-tns-c1073613477-34 ng-star-inserted"></span>
  (Session info: chrome=132.0.6834.196)
Build info: version: '4.27.0', revision: 'd6e718d134'
System info: os.name: 'Windows 11', os.arch: 'amd64', os.version: '10.0', java.version: '21.0.3'
Driver info: org.openqa.selenium.chrome.ChromeDriver
Command: [993c29ace16bd1a8d074ce472aaa4949, clickElement {id=f.CF6FCCB7E6E738F5F1219405D223DACC.d.CC35B4A5F2A3A2A31CDF636D27E0C62A.e.2094}]
Capabilities {acceptInsecureCerts: false, browserName: chrome, browserVersion: 132.0.6834.196, chrome: {chromedriverVersion: 132.0.6834.159 (2d77d3fc445..., userDataDir: C:\Users\INGRID~1.ZAD\AppDa...}, fedcm:accounts: true, goog:chromeOptions: {debuggerAddress: localhost:53968}, networkConnectionEnabled: false, pageLoadStrategy: normal, platformName: windows, proxy: Proxy(), se:cdp: ws://localhost:53968/devtoo..., se:cdpVersion: 132.0.6834.196, setWindowRect: true, strictFileInteractability: false, timeouts: {implicit: 0, pageLoad: 300000, script: 30000}, unhandledPromptBehavior: dismiss and notify, webauthn:extension:credBlob: true, webauthn:extension:largeBlob: true, webauthn:extension:minPinLength: true, webauthn:extension:prf: true, webauthn:virtualAuthenticators: true}
Element: [[ChromeDriver: chrome on windows (993c29ace16bd1a8d074ce472aaa4949)] -> xpath: //mat-label[contains(text(), 'Darbo vietos pavadinimas')]]
Session ID: 993c29ace16bd1a8d074ce472aaa4949
2025-02-07 12:55:54 [main] ERROR l.i.u.p.SubmittedApplicationsPage - Failed to select dropdown option: Expected condition failed: waiting for visibility of all elements located by By.xpath: //mat-option/span (tried for 30 second(s) with 500 milliseconds interval)
Build info: version: '4.27.0', revision: 'd6e718d134'
System info: os.name: 'Windows 11', os.arch: 'amd64', os.version: '10.0', java.version: '21.0.3'
Driver info: org.openqa.selenium.chrome.ChromeDriver
Capabilities {acceptInsecureCerts: false, browserName: chrome, browserVersion: 132.0.6834.196, chrome: {chromedriverVersion: 132.0.6834.159 (2d77d3fc445..., userDataDir: C:\Users\INGRID~1.ZAD\AppDa...}, fedcm:accounts: true, goog:chromeOptions: {debuggerAddress: localhost:53968}, networkConnectionEnabled: false, pageLoadStrategy: normal, platformName: windows, proxy: Proxy(), se:cdp: ws://localhost:53968/devtoo..., se:cdpVersion: 132.0.6834.196, setWindowRect: true, strictFileInteractability: false, timeouts: {implicit: 0, pageLoad: 300000, script: 30000}, unhandledPromptBehavior: dismiss and notify, webauthn:extension:credBlob: true, webauthn:extension:largeBlob: true, webauthn:extension:minPinLength: true, webauthn:extension:prf: true, webauthn:virtualAuthenticators: true}
Session ID: 993c29ace16bd1a8d074ce472aaa4949
2025-02-07 12:56:24 [main] ERROR l.i.u.p.SubmittedApplicationsPage - Timeout while waiting for dropdown to close with aria-expanded = 'false'.
2025-02-07 12:56:24 [main] DEBUG l.i.u.t.SubmittedApplicationsPageTest - Selected job name: 'Administratoriai'.
2025-02-07 12:56:25 [main] DEBUG l.i.u.t.SubmittedApplicationsPageTest - Entered job function: 'Funkcija 1'.
2025-02-07 12:56:25 [main] DEBUG l.i.u.t.SubmittedApplicationsPageTest - Selected 'RadioButtonWithDisabilities' option.
2025-02-07 12:56:25 [main] INFO  l.i.u.p.SubmittedApplicationsPage - Clicking on the dropdown button.
2025-02-07 12:56:25 [main] INFO  l.i.u.p.SubmittedApplicationsPage - Found 34 options in the dropdown.
2025-02-07 12:56:25 [main] DEBUG l.i.u.p.SubmittedApplicationsPage - Checking option: 'Asmenys, kuriems suteiktas pabėgėlio statusas ar perkeliamojo asmens statusas, arba asmenys, kuriems suteikta papildoma ar laikinoji apsauga, ir asmenys, turintys teisę gauti laikinąją apsaugą, iki sprendimo dėl laikinosios apsaugos suteikimo (nesuteikimo) priėmimo, tačiau ne ilgiau kaip laikinosios apsaugos laikotarpiu'
2025-02-07 12:56:25 [main] DEBUG l.i.u.p.SubmittedApplicationsPage - Checking option: 'Asmenys, kuriems suteiktas pabėgėlio statusas ar perkeliamojo asmens statusas, arba asmenys, kuriems suteikta papildoma ar laikinoji apsauga, ir asmenys, turintys teisę gauti laikinąją apsaugą, iki sprendimo dėl laikinosios apsaugos suteikimo (nesuteikimo) priėmimo, tačiau ne ilgiau kaip laikinosios apsaugos laikotarpiu'
2025-02-07 12:56:25 [main] DEBUG l.i.u.p.SubmittedApplicationsPage - Checking option: 'Asmenys, turintys teisę į papildomas užimtumo garantijas pagal Lietuvos Respublikos valstybės įmonės Ignalinos atominės elektrinės darbuotojų papildomų užimtumo ir socialinių garantijų įstatymą'
2025-02-07 12:56:25 [main] DEBUG l.i.u.p.SubmittedApplicationsPage - Checking option: 'Asmenys, turintys teisę į papildomas užimtumo garantijas pagal Lietuvos Respublikos valstybės įmonės Ignalinos atominės elektrinės darbuotojų papildomų užimtumo ir socialinių garantijų įstatymą'
2025-02-07 12:56:25 [main] DEBUG l.i.u.p.SubmittedApplicationsPage - Checking option: 'Bedarbiai iki 29 metų'
2025-02-07 12:56:25 [main] DEBUG l.i.u.p.SubmittedApplicationsPage - Checking option: 'Bedarbiai iki 29 metų'
2025-02-07 12:56:25 [main] DEBUG l.i.u.p.SubmittedApplicationsPage - Checking option: 'Bedarbiai, kurie yra darbingo amžiaus neįgalieji, kuriems nustatytas 30–40 procentų darbingumo lygis arba vidutinis neįgalumo lygis'
2025-02-07 12:56:25 [main] DEBUG l.i.u.p.SubmittedApplicationsPage - Checking option: 'Bedarbiai, kurie yra darbingo amžiaus neįgalieji, kuriems nustatytas 30–40 procentų darbingumo lygis arba vidutinis neįgalumo lygis'
2025-02-07 12:56:25 [main] DEBUG l.i.u.p.SubmittedApplicationsPage - Checking option: 'Bedarbiai, kurie yra darbingo amžiaus neįgalieji, kuriems nustatytas 45–55 procentų darbingumo lygis arba lengvas neįgalumo lygis'
2025-02-07 12:56:25 [main] DEBUG l.i.u.p.SubmittedApplicationsPage - Checking option: 'Bedarbiai, kurie yra darbingo amžiaus neįgalieji, kuriems nustatytas 45–55 procentų darbingumo lygis arba lengvas neįgalumo lygis'
2025-02-07 12:56:25 [main] DEBUG l.i.u.p.SubmittedApplicationsPage - Checking option: 'Bedarbiai, kurie yra darbingo amžiaus neįgalieji, kuriems nustatytas iki 25 procentų darbingumo lygis arba sunkus neįgalumo lygis'
2025-02-07 12:56:25 [main] INFO  l.i.u.p.SubmittedApplicationsPage - Successfully selected the value: 'Bedarbiai, kurie yra darbingo amžiaus neįgalieji, kuriems nustatytas iki 25 procentų darbingumo lygis arba sunkus neįgalumo lygis'
2025-02-07 12:56:25 [main] INFO  l.i.u.p.SubmittedApplicationsPage - Attempting to close the dropdown.
2025-02-07 12:56:34 [main] INFO  l.i.u.p.SubmittedApplicationsPage - Dropdown should be closed now.
2025-02-07 12:56:34 [main] DEBUG l.i.u.t.SubmittedApplicationsPageTest - Selected disabilities type: 'Bedarbiai, kurie yra darbingo amžiaus neįgalieji, kuriems nustatytas iki 25 procentų darbingumo lygis arba sunkus neįgalumo lygis'.
2025-02-07 12:56:34 [main] DEBUG l.i.u.t.SubmittedApplicationsPageTest - Entered disability information: 'Negalia 1'.
2025-02-07 12:56:34 [main] INFO  l.i.u.p.SubmittedApplicationsPage - Located the dropdown button.
2025-02-07 12:56:35 [main] INFO  l.i.u.p.SubmittedApplicationsPage - Successfully selected the value: 'Kita'
2025-02-07 12:56:45 [main] ERROR l.i.u.p.SubmittedApplicationsPage - Timeout while waiting for dropdown to close with aria-expanded = 'false'.
2025-02-07 12:56:45 [main] DEBUG l.i.u.t.SubmittedApplicationsPageTest - Selected time mode: 'Kita'.
2025-02-07 12:56:45 [main] ERROR l.i.u.t.SubmittedApplicationsPageTest - Test 'testFillNewVUIApplicationFA' failed with error: no such window: target window already closed
from unknown error: web view not found
  (Session info: chrome=132.0.6834.196)
Build info: version: '4.27.0', revision: 'd6e718d134'
System info: os.name: 'Windows 11', os.arch: 'amd64', os.version: '10.0', java.version: '21.0.3'
Driver info: org.openqa.selenium.chrome.ChromeDriver
Command: [993c29ace16bd1a8d074ce472aaa4949, findElement {using=xpath, value=//mat-form-field[contains(.//label, 'Darbo laiko norma ir darbo laiko režimas')]//input}]
Capabilities {acceptInsecureCerts: false, browserName: chrome, browserVersion: 132.0.6834.196, chrome: {chromedriverVersion: 132.0.6834.159 (2d77d3fc445..., userDataDir: C:\Users\INGRID~1.ZAD\AppDa...}, fedcm:accounts: true, goog:chromeOptions: {debuggerAddress: localhost:53968}, networkConnectionEnabled: false, pageLoadStrategy: normal, platformName: windows, proxy: Proxy(), se:cdp: ws://localhost:53968/devtoo..., se:cdpVersion: 132.0.6834.196, setWindowRect: true, strictFileInteractability: false, timeouts: {implicit: 0, pageLoad: 300000, script: 30000}, unhandledPromptBehavior: dismiss and notify, webauthn:extension:credBlob: true, webauthn:extension:largeBlob: true, webauthn:extension:minPinLength: true, webauthn:extension:prf: true, webauthn:virtualAuthenticators: true}
Session ID: 993c29ace16bd1a8d074ce472aaa4949
org.openqa.selenium.NoSuchWindowException: no such window: target window already closed
from unknown error: web view not found
  (Session info: chrome=132.0.6834.196)
Build info: version: '4.27.0', revision: 'd6e718d134'
System info: os.name: 'Windows 11', os.arch: 'amd64', os.version: '10.0', java.version: '21.0.3'
Driver info: org.openqa.selenium.chrome.ChromeDriver
Command: [993c29ace16bd1a8d074ce472aaa4949, findElement {using=xpath, value=//mat-form-field[contains(.//label, 'Darbo laiko norma ir darbo laiko režimas')]//input}]
Capabilities {acceptInsecureCerts: false, browserName: chrome, browserVersion: 132.0.6834.196, chrome: {chromedriverVersion: 132.0.6834.159 (2d77d3fc445..., userDataDir: C:\Users\INGRID~1.ZAD\AppDa...}, fedcm:accounts: true, goog:chromeOptions: {debuggerAddress: localhost:53968}, networkConnectionEnabled: false, pageLoadStrategy: normal, platformName: windows, proxy: Proxy(), se:cdp: ws://localhost:53968/devtoo..., se:cdpVersion: 132.0.6834.196, setWindowRect: true, strictFileInteractability: false, timeouts: {implicit: 0, pageLoad: 300000, script: 30000}, unhandledPromptBehavior: dismiss and notify, webauthn:extension:credBlob: true, webauthn:extension:largeBlob: true, webauthn:extension:minPinLength: true, webauthn:extension:prf: true, webauthn:virtualAuthenticators: true}
Session ID: 993c29ace16bd1a8d074ce472aaa4949
	at java.base/jdk.internal.reflect.DirectConstructorHandleAccessor.newInstance(DirectConstructorHandleAccessor.java:62)
	at java.base/java.lang.reflect.Constructor.newInstanceWithCaller(Constructor.java:502)
	at java.base/java.lang.reflect.Constructor.newInstance(Constructor.java:486)
	at org.openqa.selenium.remote.ErrorCodec.decode(ErrorCodec.java:167)
	at org.openqa.selenium.remote.codec.w3c.W3CHttpResponseCodec.decode(W3CHttpResponseCodec.java:138)
	at org.openqa.selenium.remote.codec.w3c.W3CHttpResponseCodec.decode(W3CHttpResponseCodec.java:50)
	at org.openqa.selenium.remote.HttpCommandExecutor.execute(HttpCommandExecutor.java:190)
	at org.openqa.selenium.remote.service.DriverCommandExecutor.invokeExecute(DriverCommandExecutor.java:216)
	at org.openqa.selenium.remote.service.DriverCommandExecutor.execute(DriverCommandExecutor.java:174)
	at org.openqa.selenium.remote.RemoteWebDriver.execute(RemoteWebDriver.java:545)
	at org.openqa.selenium.remote.ElementLocation$ElementFinder$2.findElement(ElementLocation.java:165)
	at org.openqa.selenium.remote.ElementLocation.findElement(ElementLocation.java:59)
	at org.openqa.selenium.remote.RemoteWebDriver.findElement(RemoteWebDriver.java:368)
	at org.openqa.selenium.remote.RemoteWebDriver.findElement(RemoteWebDriver.java:362)
	at org.openqa.selenium.support.pagefactory.DefaultElementLocator.findElement(DefaultElementLocator.java:68)
	at org.openqa.selenium.support.pagefactory.internal.LocatingElementHandler.invoke(LocatingElementHandler.java:38)
	at jdk.proxy2/jdk.proxy2.$Proxy14.clear(Unknown Source)
	at lt.insoft.uztis.pages.SubmittedApplicationsPage.enterInputTimeModeOthers(SubmittedApplicationsPage.java:835)
	at lt.insoft.uztis.tests.SubmittedApplicationsPageTest.testFillNewVUIApplicationFA(SubmittedApplicationsPageTest.java:206)
	at java.base/jdk.internal.reflect.DirectMethodHandleAccessor.invoke(DirectMethodHandleAccessor.java:103)
	at java.base/java.lang.reflect.Method.invoke(Method.java:580)
	at org.junit.platform.commons.util.ReflectionUtils.invokeMethod(ReflectionUtils.java:728)
	at org.junit.jupiter.engine.execution.MethodInvocation.proceed(MethodInvocation.java:60)
	at org.junit.jupiter.engine.execution.InvocationInterceptorChain$ValidatingInvocation.proceed(InvocationInterceptorChain.java:131)
	at org.junit.jupiter.engine.extension.TimeoutExtension.intercept(TimeoutExtension.java:156)
	at org.junit.jupiter.engine.extension.TimeoutExtension.interceptTestableMethod(TimeoutExtension.java:147)
	at org.junit.jupiter.engine.extension.TimeoutExtension.interceptTestMethod(TimeoutExtension.java:86)
	at org.junit.jupiter.engine.execution.InterceptingExecutableInvoker$ReflectiveInterceptorCall.lambda$ofVoidMethod$0(InterceptingExecutableInvoker.java:103)
	at org.junit.jupiter.engine.execution.InterceptingExecutableInvoker.lambda$invoke$0(InterceptingExecutableInvoker.java:93)
	at org.junit.jupiter.engine.execution.InvocationInterceptorChain$InterceptedInvocation.proceed(InvocationInterceptorChain.java:106)
	at org.junit.jupiter.engine.execution.InvocationInterceptorChain.proceed(InvocationInterceptorChain.java:64)
	at org.junit.jupiter.engine.execution.InvocationInterceptorChain.chainAndInvoke(InvocationInterceptorChain.java:45)
	at org.junit.jupiter.engine.execution.InvocationInterceptorChain.invoke(InvocationInterceptorChain.java:37)
	at org.junit.jupiter.engine.execution.InterceptingExecutableInvoker.invoke(InterceptingExecutableInvoker.java:92)
	at org.junit.jupiter.engine.execution.InterceptingExecutableInvoker.invoke(InterceptingExecutableInvoker.java:86)
	at org.junit.jupiter.engine.descriptor.TestMethodTestDescriptor.lambda$invokeTestMethod$7(TestMethodTestDescriptor.java:218)
	at org.junit.platform.engine.support.hierarchical.ThrowableCollector.execute(ThrowableCollector.java:73)
	at org.junit.jupiter.engine.descriptor.TestMethodTestDescriptor.invokeTestMethod(TestMethodTestDescriptor.java:214)
	at org.junit.jupiter.engine.descriptor.TestMethodTestDescriptor.execute(TestMethodTestDescriptor.java:139)
	at org.junit.jupiter.engine.descriptor.TestMethodTestDescriptor.execute(TestMethodTestDescriptor.java:69)
	at org.junit.platform.engine.support.hierarchical.NodeTestTask.lambda$executeRecursively$6(NodeTestTask.java:151)
	at org.junit.platform.engine.support.hierarchical.ThrowableCollector.execute(ThrowableCollector.java:73)
	at org.junit.platform.engine.support.hierarchical.NodeTestTask.lambda$executeRecursively$8(NodeTestTask.java:141)
	at org.junit.platform.engine.support.hierarchical.Node.around(Node.java:137)
	at org.junit.platform.engine.support.hierarchical.NodeTestTask.lambda$executeRecursively$9(NodeTestTask.java:139)
	at org.junit.platform.engine.support.hierarchical.ThrowableCollector.execute(ThrowableCollector.java:73)
	at org.junit.platform.engine.support.hierarchical.NodeTestTask.executeRecursively(NodeTestTask.java:138)
	at org.junit.platform.engine.support.hierarchical.NodeTestTask.execute(NodeTestTask.java:95)
	at java.base/java.util.ArrayList.forEach(ArrayList.java:1596)
	at org.junit.platform.engine.support.hierarchical.SameThreadHierarchicalTestExecutorService.invokeAll(SameThreadHierarchicalTestExecutorService.java:41)
	at org.junit.platform.engine.support.hierarchical.NodeTestTask.lambda$executeRecursively$6(NodeTestTask.java:155)
	at org.junit.platform.engine.support.hierarchical.ThrowableCollector.execute(ThrowableCollector.java:73)
	at org.junit.platform.engine.support.hierarchical.NodeTestTask.lambda$executeRecursively$8(NodeTestTask.java:141)
	at org.junit.platform.engine.support.hierarchical.Node.around(Node.java:137)
	at org.junit.platform.engine.support.hierarchical.NodeTestTask.lambda$executeRecursively$9(NodeTestTask.java:139)
	at org.junit.platform.engine.support.hierarchical.ThrowableCollector.execute(ThrowableCollector.java:73)
	at org.junit.platform.engine.support.hierarchical.NodeTestTask.executeRecursively(NodeTestTask.java:138)
	at org.junit.platform.engine.support.hierarchical.NodeTestTask.execute(NodeTestTask.java:95)
	at java.base/java.util.ArrayList.forEach(ArrayList.java:1596)
	at org.junit.platform.engine.support.hierarchical.SameThreadHierarchicalTestExecutorService.invokeAll(SameThreadHierarchicalTestExecutorService.java:41)
	at org.junit.platform.engine.support.hierarchical.NodeTestTask.lambda$executeRecursively$6(NodeTestTask.java:155)
	at org.junit.platform.engine.support.hierarchical.ThrowableCollector.execute(ThrowableCollector.java:73)
	at org.junit.platform.engine.support.hierarchical.NodeTestTask.lambda$executeRecursively$8(NodeTestTask.java:141)
	at org.junit.platform.engine.support.hierarchical.Node.around(Node.java:137)
	at org.junit.platform.engine.support.hierarchical.NodeTestTask.lambda$executeRecursively$9(NodeTestTask.java:139)
	at org.junit.platform.engine.support.hierarchical.ThrowableCollector.execute(ThrowableCollector.java:73)
	at org.junit.platform.engine.support.hierarchical.NodeTestTask.executeRecursively(NodeTestTask.java:138)
	at org.junit.platform.engine.support.hierarchical.NodeTestTask.execute(NodeTestTask.java:95)
	at org.junit.platform.engine.support.hierarchical.SameThreadHierarchicalTestExecutorService.submit(SameThreadHierarchicalTestExecutorService.java:35)
	at org.junit.platform.engine.support.hierarchical.HierarchicalTestExecutor.execute(HierarchicalTestExecutor.java:57)
	at org.junit.platform.engine.support.hierarchical.HierarchicalTestEngine.execute(HierarchicalTestEngine.java:54)
	at org.junit.platform.launcher.core.EngineExecutionOrchestrator.execute(EngineExecutionOrchestrator.java:198)
	at org.junit.platform.launcher.core.EngineExecutionOrchestrator.execute(EngineExecutionOrchestrator.java:169)
	at org.junit.platform.launcher.core.EngineExecutionOrchestrator.execute(EngineExecutionOrchestrator.java:93)
	at org.junit.platform.launcher.core.EngineExecutionOrchestrator.lambda$execute$0(EngineExecutionOrchestrator.java:58)
	at org.junit.platform.launcher.core.EngineExecutionOrchestrator.withInterceptedStreams(EngineExecutionOrchestrator.java:141)
	at org.junit.platform.launcher.core.EngineExecutionOrchestrator.execute(EngineExecutionOrchestrator.java:57)
	at org.junit.platform.launcher.core.DefaultLauncher.execute(DefaultLauncher.java:103)
	at org.junit.platform.launcher.core.DefaultLauncher.execute(DefaultLauncher.java:85)
	at org.junit.platform.launcher.core.DelegatingLauncher.execute(DelegatingLauncher.java:47)
	at org.junit.platform.launcher.core.SessionPerRequestLauncher.execute(SessionPerRequestLauncher.java:63)
	at com.intellij.junit5.JUnit5IdeaTestRunner.startRunnerWithArgs(JUnit5IdeaTestRunner.java:57)
	at com.intellij.rt.junit.IdeaTestRunner$Repeater$1.execute(IdeaTestRunner.java:38)
	at com.intellij.rt.execution.junit.TestsRepeater.repeat(TestsRepeater.java:11)
	at com.intellij.rt.junit.IdeaTestRunner$Repeater.startRunnerWithArgs(IdeaTestRunner.java:35)
	at com.intellij.rt.junit.JUnitStarter.prepareStreamsAndStart(JUnitStarter.java:232)
	at com.intellij.rt.junit.JUnitStarter.main(JUnitStarter.java:55)
2025-02-07 12:56:53 [main] INFO  lt.insoft.uztis.tests.UztisPageTest - Navigated to https://uztisdev.asseco.lt/home
2025-02-07 12:56:53 [main] INFO  l.i.u.t.SubmittedApplicationsPageTest - Starting test:'testFillNewVUIPApplicationFA'
2025-02-07 12:56:53 [main] DEBUG l.i.u.t.SubmittedApplicationsPageTest - User logged in with test credentials.
2025-02-07 12:56:54 [main] DEBUG l.i.u.t.SubmittedApplicationsPageTest - Opened 'Application Processing' menu.
2025-02-07 12:56:54 [main] DEBUG l.i.u.t.SubmittedApplicationsPageTest - Clicked on 'Application Forms' menu.
2025-02-07 12:56:54 [main] DEBUG l.i.u.t.SubmittedApplicationsPageTest - Retrieved last description code text: 'TST-VUI-00'.
2025-02-07 12:56:54 [main] DEBUG l.i.u.t.SubmittedApplicationsPageTest - Clicked on 'Invitation' menu.
2025-02-07 12:56:55 [main] DEBUG l.i.u.t.SubmittedApplicationsPageTest - Selected application section by code: 'TST-VUI-00'.
2025-02-07 12:56:55 [main] DEBUG l.i.u.t.SubmittedApplicationsPageTest - Clicked 'Search' button.
2025-02-07 12:56:55 [main] DEBUG l.i.u.t.SubmittedApplicationsPageTest - Retrieved invitation code: ''.
2025-02-07 12:56:55 [main] DEBUG l.i.u.t.SubmittedApplicationsPageTest - Clicked on 'Submitted Applications' menu.
2025-02-07 12:56:57 [main] DEBUG l.i.u.t.SubmittedApplicationsPageTest - Selected invitation by code: 'TST-VUI-00'.
2025-02-07 12:56:57 [main] DEBUG l.i.u.t.SubmittedApplicationsPageTest - Invitation code inserted.
2025-02-07 12:56:57 [main] DEBUG l.i.u.t.SubmittedApplicationsPageTest - Clicked on 'Action Application' button.
2025-02-07 12:56:57 [main] DEBUG l.i.u.t.SubmittedApplicationsPageTest - Clicked on 'New Application' button.
2025-02-07 12:56:57 [main] DEBUG l.i.u.t.SubmittedApplicationsPageTest - Selected the 'RadioButtonFA' option.
2025-02-07 12:56:58 [main] DEBUG l.i.u.t.SubmittedApplicationsPageTest - Entered phone number: '61298745'.
2025-02-07 12:56:58 [main] DEBUG l.i.u.t.SubmittedApplicationsPageTest - Entered email: 'test@autotest.com'.
2025-02-07 12:56:58 [main] INFO  l.i.u.p.SubmittedApplicationsPage - Located the dropdown button.
2025-02-07 12:57:19 [main] INFO  l.i.u.p.SubmittedApplicationsPage - Found 1741 options in the dropdown.
2025-02-07 12:57:19 [main] INFO  l.i.u.p.SubmittedApplicationsPage - Successfully selected the value: '01.11 - Grūdinių (išskyrus ryžius), ankštinių ir aliejingų sėklų augalų auginimas'
2025-02-07 12:57:29 [main] ERROR l.i.u.p.SubmittedApplicationsPage - Failed to close the dropdown with aria-expanded = 'false'. Attempting manual close.
2025-02-07 12:57:29 [main] INFO  l.i.u.p.SubmittedApplicationsPage - Manual close attempt for the dropdown using body click.
2025-02-07 12:57:29 [main] DEBUG l.i.u.t.SubmittedApplicationsPageTest - Selected EVRK value: '01.11 - Grūdinių (išskyrus ryžius), ankštinių ir aliejingų sėklų augalų auginimas'.
2025-02-07 12:57:30 [main] DEBUG l.i.u.t.SubmittedApplicationsPageTest - Entered address: 'Vilniaus m. sav., Vilnius, Testo g. 10T'.
2025-02-07 12:57:30 [main] DEBUG l.i.u.t.SubmittedApplicationsPageTest - Entered project date.
2025-02-07 12:57:30 [main] DEBUG l.i.u.t.SubmittedApplicationsPageTest - Entered job count: '1'.
2025-02-07 12:57:30 [main] DEBUG l.i.u.t.SubmittedApplicationsPageTest - Clicked 'Next' button.
2025-02-07 12:57:30 [main] INFO  l.i.u.p.SubmittedApplicationsPage - Located the dropdown button.
2025-02-07 12:57:31 [main] INFO  l.i.u.p.SubmittedApplicationsPage - Successfully selected the value: 'Administratoriai'
2025-02-07 12:58:02 [main] ERROR l.i.u.p.SubmittedApplicationsPage - Timeout while waiting for dropdown to close with aria-expanded = 'false'.
2025-02-07 12:58:02 [main] DEBUG l.i.u.t.SubmittedApplicationsPageTest - Selected job name: 'Administratoriai'.
2025-02-07 12:58:02 [main] DEBUG l.i.u.t.SubmittedApplicationsPageTest - Entered job function: 'Funkcija 1'.
2025-02-07 12:58:02 [main] DEBUG l.i.u.t.SubmittedApplicationsPageTest - Selected 'RadioButtonWithDisabilities' option.
2025-02-07 12:58:02 [main] INFO  l.i.u.p.SubmittedApplicationsPage - Clicking on the dropdown button.
2025-02-07 12:58:03 [main] INFO  l.i.u.p.SubmittedApplicationsPage - Found 34 options in the dropdown.
2025-02-07 12:58:03 [main] DEBUG l.i.u.p.SubmittedApplicationsPage - Checking option: 'Asmenys, kuriems suteiktas pabėgėlio statusas ar perkeliamojo asmens statusas, arba asmenys, kuriems suteikta papildoma ar laikinoji apsauga, ir asmenys, turintys teisę gauti laikinąją apsaugą, iki sprendimo dėl laikinosios apsaugos suteikimo (nesuteikimo) priėmimo, tačiau ne ilgiau kaip laikinosios apsaugos laikotarpiu'
2025-02-07 12:58:03 [main] DEBUG l.i.u.p.SubmittedApplicationsPage - Checking option: 'Asmenys, kuriems suteiktas pabėgėlio statusas ar perkeliamojo asmens statusas, arba asmenys, kuriems suteikta papildoma ar laikinoji apsauga, ir asmenys, turintys teisę gauti laikinąją apsaugą, iki sprendimo dėl laikinosios apsaugos suteikimo (nesuteikimo) priėmimo, tačiau ne ilgiau kaip laikinosios apsaugos laikotarpiu'
2025-02-07 12:58:03 [main] DEBUG l.i.u.p.SubmittedApplicationsPage - Checking option: 'Asmenys, turintys teisę į papildomas užimtumo garantijas pagal Lietuvos Respublikos valstybės įmonės Ignalinos atominės elektrinės darbuotojų papildomų užimtumo ir socialinių garantijų įstatymą'
2025-02-07 12:58:03 [main] DEBUG l.i.u.p.SubmittedApplicationsPage - Checking option: 'Asmenys, turintys teisę į papildomas užimtumo garantijas pagal Lietuvos Respublikos valstybės įmonės Ignalinos atominės elektrinės darbuotojų papildomų užimtumo ir socialinių garantijų įstatymą'
2025-02-07 12:58:03 [main] DEBUG l.i.u.p.SubmittedApplicationsPage - Checking option: 'Bedarbiai iki 29 metų'
2025-02-07 12:58:03 [main] DEBUG l.i.u.p.SubmittedApplicationsPage - Checking option: 'Bedarbiai iki 29 metų'
2025-02-07 12:58:03 [main] DEBUG l.i.u.p.SubmittedApplicationsPage - Checking option: 'Bedarbiai, kurie yra darbingo amžiaus neįgalieji, kuriems nustatytas 30–40 procentų darbingumo lygis arba vidutinis neįgalumo lygis'
2025-02-07 12:58:03 [main] DEBUG l.i.u.p.SubmittedApplicationsPage - Checking option: 'Bedarbiai, kurie yra darbingo amžiaus neįgalieji, kuriems nustatytas 30–40 procentų darbingumo lygis arba vidutinis neįgalumo lygis'
2025-02-07 12:58:03 [main] DEBUG l.i.u.p.SubmittedApplicationsPage - Checking option: 'Bedarbiai, kurie yra darbingo amžiaus neįgalieji, kuriems nustatytas 45–55 procentų darbingumo lygis arba lengvas neįgalumo lygis'
2025-02-07 12:58:03 [main] DEBUG l.i.u.p.SubmittedApplicationsPage - Checking option: 'Bedarbiai, kurie yra darbingo amžiaus neįgalieji, kuriems nustatytas 45–55 procentų darbingumo lygis arba lengvas neįgalumo lygis'
2025-02-07 12:58:03 [main] DEBUG l.i.u.p.SubmittedApplicationsPage - Checking option: 'Bedarbiai, kurie yra darbingo amžiaus neįgalieji, kuriems nustatytas iki 25 procentų darbingumo lygis arba sunkus neįgalumo lygis'
2025-02-07 12:58:03 [main] INFO  l.i.u.p.SubmittedApplicationsPage - Successfully selected the value: 'Bedarbiai, kurie yra darbingo amžiaus neįgalieji, kuriems nustatytas iki 25 procentų darbingumo lygis arba sunkus neįgalumo lygis'
2025-02-07 12:58:03 [main] INFO  l.i.u.p.SubmittedApplicationsPage - Attempting to close the dropdown.
2025-02-07 12:58:14 [main] INFO  l.i.u.p.SubmittedApplicationsPage - Dropdown should be closed now.
2025-02-07 12:58:14 [main] DEBUG l.i.u.t.SubmittedApplicationsPageTest - Selected disabilities type: 'Bedarbiai, kurie yra darbingo amžiaus neįgalieji, kuriems nustatytas iki 25 procentų darbingumo lygis arba sunkus neįgalumo lygis'.
2025-02-07 12:58:14 [main] DEBUG l.i.u.t.SubmittedApplicationsPageTest - Entered disability information: 'Negalia 1'.
2025-02-07 12:58:14 [main] INFO  l.i.u.p.SubmittedApplicationsPage - Located the dropdown button.
2025-02-07 12:58:14 [main] INFO  l.i.u.p.SubmittedApplicationsPage - Successfully selected the value: 'Kita'
2025-02-07 12:58:25 [main] ERROR l.i.u.p.SubmittedApplicationsPage - Timeout while waiting for dropdown to close with aria-expanded = 'false'.
2025-02-07 12:58:25 [main] DEBUG l.i.u.t.SubmittedApplicationsPageTest - Selected time mode: 'Kita'.
2025-02-07 12:58:25 [main] DEBUG l.i.u.t.SubmittedApplicationsPageTest - Selected time mode other: '6 val. per dieną ir 4 d. per savaitę'.
2025-02-07 12:58:25 [main] DEBUG l.i.u.t.SubmittedApplicationsPageTest - Entered qualification: 'Kvalifikacija 1'.
2025-02-07 12:58:25 [main] DEBUG l.i.u.t.SubmittedApplicationsPageTest - Entered job date.
2025-02-07 12:58:25 [main] DEBUG l.i.u.t.SubmittedApplicationsPageTest - Entered salary amount: '1200'.
2025-02-07 12:58:25 [main] DEBUG l.i.u.t.SubmittedApplicationsPageTest - Selected 'Temporary Job' radio button.
2025-02-07 12:58:26 [main] DEBUG l.i.u.t.SubmittedApplicationsPageTest - Selected 'Season Job' radio button.
2025-02-07 12:58:26 [main] DEBUG l.i.u.t.SubmittedApplicationsPageTest - Selected 'Energy' radio button.
2025-02-07 12:58:26 [main] DEBUG l.i.u.t.SubmittedApplicationsPageTest - Selected 'Repair' radio button.
2025-02-07 12:58:26 [main] DEBUG l.i.u.t.SubmittedApplicationsPageTest - Entered job description: 'Veikla 1'.
2025-02-07 12:58:26 [main] DEBUG l.i.u.t.SubmittedApplicationsPageTest - Entered process description: 'Procesas 1'.
2025-02-07 12:58:26 [main] DEBUG l.i.u.t.SubmittedApplicationsPageTest - Entered energy information: 'Energija 1'.
2025-02-07 12:58:27 [main] DEBUG l.i.u.t.SubmittedApplicationsPageTest - Entered repair information: 'Remontas 1'.
2025-02-07 12:58:27 [main] DEBUG l.i.u.t.SubmittedApplicationsPageTest - Selected 'PVM' radio button.
2025-02-07 12:58:27 [main] INFO  l.i.u.p.SubmittedApplicationsPage - Located the dropdown button.
2025-02-07 12:58:28 [main] INFO  l.i.u.p.SubmittedApplicationsPage - Successfully selected the value: 'Įsigyti'
2025-02-07 12:58:48 [main] ERROR l.i.u.p.SubmittedApplicationsPage - Timeout while waiting for dropdown to close with aria-expanded = 'false'.
2025-02-07 12:58:48 [main] DEBUG l.i.u.t.SubmittedApplicationsPageTest - Selected necessary for job: 'Įsigyti'.
2025-02-07 12:58:48 [main] DEBUG l.i.u.t.SubmittedApplicationsPageTest - Selected tool: 'Darbo priemonė 1'.
2025-02-07 12:58:48 [main] DEBUG l.i.u.t.SubmittedApplicationsPageTest - Selected tool parameter one: 'Darbo priemonės 1 parametras 1'.
2025-02-07 12:58:48 [main] DEBUG l.i.u.t.SubmittedApplicationsPageTest - Selected tool parameter two: 'Darbo priemonės 1 parametras 2'.
2025-02-07 12:58:49 [main] DEBUG l.i.u.t.SubmittedApplicationsPageTest - Selected tool parameter three: 'Darbo priemonės 1 parametras 3'.
2025-02-07 12:58:49 [main] DEBUG l.i.u.t.SubmittedApplicationsPageTest - Entered tool count: '1'.
2025-02-07 12:58:49 [main] DEBUG l.i.u.t.SubmittedApplicationsPageTest - Entered price amount 1: '1000'.
2025-02-07 12:58:49 [main] DEBUG l.i.u.t.SubmittedApplicationsPageTest - Entered own funds amount 1: '800'.
2025-02-07 12:58:49 [main] DEBUG l.i.u.t.SubmittedApplicationsPageTest - Clicked 'Add' button.
2025-02-07 12:58:49 [main] INFO  l.i.u.p.SubmittedApplicationsPage - Located the dropdown button.
2025-02-07 12:58:50 [main] INFO  l.i.u.p.SubmittedApplicationsPage - Successfully selected the value: 'Remontuoti'
2025-02-07 12:59:10 [main] ERROR l.i.u.p.SubmittedApplicationsPage - Timeout while waiting for dropdown to close with aria-expanded = 'false'.
2025-02-07 12:59:10 [main] DEBUG l.i.u.t.SubmittedApplicationsPageTest - Selected necessary for job 'to repair': 'Remontuoti'.
2025-02-07 12:59:10 [main] DEBUG l.i.u.t.SubmittedApplicationsPageTest - Selected repair name: 'Remonto pavadinimas 1'.
2025-02-07 12:59:10 [main] DEBUG l.i.u.t.SubmittedApplicationsPageTest - Entered repair information: 'Remonto aprašymas 1'.
2025-02-07 12:59:11 [main] DEBUG l.i.u.t.SubmittedApplicationsPageTest - Entered price amount 2: '1000'.
2025-02-07 12:59:11 [main] DEBUG l.i.u.t.SubmittedApplicationsPageTest - Entered own funds amount 2: '900'.
2025-02-07 12:59:11 [main] DEBUG l.i.u.t.SubmittedApplicationsPageTest - Entered country percentage: '50'.
2025-02-07 12:59:11 [main] DEBUG l.i.u.t.SubmittedApplicationsPageTest - Entered institution percentage: '50'.
2025-02-07 12:59:11 [main] DEBUG l.i.u.t.SubmittedApplicationsPageTest - Entered municipality percentage: '50'.
2025-02-07 12:59:11 [main] DEBUG l.i.u.t.SubmittedApplicationsPageTest - Selected 'De Minimis' radio button.
2025-02-07 12:59:11 [main] DEBUG l.i.u.t.SubmittedApplicationsPageTest - Entered program name: 'Programa 1'.
2025-02-07 12:59:12 [main] DEBUG l.i.u.t.SubmittedApplicationsPageTest - Entered project date from.
2025-02-07 12:59:12 [main] DEBUG l.i.u.t.SubmittedApplicationsPageTest - Entered project date until.
2025-02-07 12:59:12 [main] DEBUG l.i.u.t.SubmittedApplicationsPageTest - Entered support amount: '2000'.
2025-02-07 12:59:12 [main] DEBUG l.i.u.t.SubmittedApplicationsPageTest - Clicked 'Next' button.
2025-02-07 12:59:28 [main] ERROR l.i.u.t.SubmittedApplicationsPageTest - Test 'testFillNewVUIApplicationFA' failed with error: invalid session id
Build info: version: '4.27.0', revision: 'd6e718d134'
System info: os.name: 'Windows 11', os.arch: 'amd64', os.version: '10.0', java.version: '21.0.3'
Driver info: org.openqa.selenium.chrome.ChromeDriver
Command: [9f8ba623ae3954aad2ac6bc0db26d4a9, findElement {value=(//div[contains(@class, 'mdc-checkbox')]//input[@type='checkbox'])[1], using=xpath}]
Capabilities {acceptInsecureCerts: false, browserName: chrome, browserVersion: 132.0.6834.196, chrome: {chromedriverVersion: 132.0.6834.159 (2d77d3fc445..., userDataDir: C:\Users\INGRID~1.ZAD\AppDa...}, fedcm:accounts: true, goog:chromeOptions: {debuggerAddress: localhost:54055}, networkConnectionEnabled: false, pageLoadStrategy: normal, platformName: windows, proxy: Proxy(), se:cdp: ws://localhost:54055/devtoo..., se:cdpVersion: 132.0.6834.196, setWindowRect: true, strictFileInteractability: false, timeouts: {implicit: 0, pageLoad: 300000, script: 30000}, unhandledPromptBehavior: dismiss and notify, webauthn:extension:credBlob: true, webauthn:extension:largeBlob: true, webauthn:extension:minPinLength: true, webauthn:extension:prf: true, webauthn:virtualAuthenticators: true}
Session ID: 9f8ba623ae3954aad2ac6bc0db26d4a9
org.openqa.selenium.NoSuchSessionException: invalid session id
Build info: version: '4.27.0', revision: 'd6e718d134'
System info: os.name: 'Windows 11', os.arch: 'amd64', os.version: '10.0', java.version: '21.0.3'
Driver info: org.openqa.selenium.chrome.ChromeDriver
Command: [9f8ba623ae3954aad2ac6bc0db26d4a9, findElement {value=(//div[contains(@class, 'mdc-checkbox')]//input[@type='checkbox'])[1], using=xpath}]
Capabilities {acceptInsecureCerts: false, browserName: chrome, browserVersion: 132.0.6834.196, chrome: {chromedriverVersion: 132.0.6834.159 (2d77d3fc445..., userDataDir: C:\Users\INGRID~1.ZAD\AppDa...}, fedcm:accounts: true, goog:chromeOptions: {debuggerAddress: localhost:54055}, networkConnectionEnabled: false, pageLoadStrategy: normal, platformName: windows, proxy: Proxy(), se:cdp: ws://localhost:54055/devtoo..., se:cdpVersion: 132.0.6834.196, setWindowRect: true, strictFileInteractability: false, timeouts: {implicit: 0, pageLoad: 300000, script: 30000}, unhandledPromptBehavior: dismiss and notify, webauthn:extension:credBlob: true, webauthn:extension:largeBlob: true, webauthn:extension:minPinLength: true, webauthn:extension:prf: true, webauthn:virtualAuthenticators: true}
Session ID: 9f8ba623ae3954aad2ac6bc0db26d4a9
	at java.base/jdk.internal.reflect.DirectConstructorHandleAccessor.newInstance(DirectConstructorHandleAccessor.java:62)
	at java.base/java.lang.reflect.Constructor.newInstanceWithCaller(Constructor.java:502)
	at java.base/java.lang.reflect.Constructor.newInstance(Constructor.java:486)
	at org.openqa.selenium.remote.ErrorCodec.decode(ErrorCodec.java:167)
	at org.openqa.selenium.remote.codec.w3c.W3CHttpResponseCodec.decode(W3CHttpResponseCodec.java:138)
	at org.openqa.selenium.remote.codec.w3c.W3CHttpResponseCodec.decode(W3CHttpResponseCodec.java:50)
	at org.openqa.selenium.remote.HttpCommandExecutor.execute(HttpCommandExecutor.java:190)
	at org.openqa.selenium.remote.service.DriverCommandExecutor.invokeExecute(DriverCommandExecutor.java:216)
	at org.openqa.selenium.remote.service.DriverCommandExecutor.execute(DriverCommandExecutor.java:174)
	at org.openqa.selenium.remote.RemoteWebDriver.execute(RemoteWebDriver.java:545)
	at org.openqa.selenium.remote.ElementLocation$ElementFinder$2.findElement(ElementLocation.java:165)
	at org.openqa.selenium.remote.ElementLocation.findElement(ElementLocation.java:59)
	at org.openqa.selenium.remote.RemoteWebDriver.findElement(RemoteWebDriver.java:368)
	at org.openqa.selenium.remote.RemoteWebDriver.findElement(RemoteWebDriver.java:362)
	at org.openqa.selenium.support.pagefactory.DefaultElementLocator.findElement(DefaultElementLocator.java:68)
	at org.openqa.selenium.support.pagefactory.internal.LocatingElementHandler.invoke(LocatingElementHandler.java:38)
	at jdk.proxy2/jdk.proxy2.$Proxy14.getWrappedElement(Unknown Source)
	at org.openqa.selenium.remote.WebElementToJsonConverter.apply(WebElementToJsonConverter.java:48)
	at java.base/java.util.stream.ReferencePipeline$3$1.accept(ReferencePipeline.java:197)
	at java.base/java.util.Spliterators$ArraySpliterator.forEachRemaining(Spliterators.java:1024)
	at java.base/java.util.stream.AbstractPipeline.copyInto(AbstractPipeline.java:509)
	at java.base/java.util.stream.AbstractPipeline.wrapAndCopyInto(AbstractPipeline.java:499)
	at java.base/java.util.stream.ReduceOps$ReduceOp.evaluateSequential(ReduceOps.java:921)
	at java.base/java.util.stream.AbstractPipeline.evaluate(AbstractPipeline.java:234)
	at java.base/java.util.stream.ReferencePipeline.collect(ReferencePipeline.java:682)
	at org.openqa.selenium.remote.RemoteWebDriver.executeScript(RemoteWebDriver.java:474)
	at lt.insoft.uztis.pages.SubmittedApplicationsPage$CheckboxHelper.clickWithJavaScript(SubmittedApplicationsPage.java:1160)
	at lt.insoft.uztis.pages.SubmittedApplicationsPage$CheckboxHelper.setConfirmationCheckbox(SubmittedApplicationsPage.java:1149)
	at lt.insoft.uztis.tests.SubmittedApplicationsPageTest.testFillNewVUIApplicationFA(SubmittedApplicationsPageTest.java:340)
	at java.base/jdk.internal.reflect.DirectMethodHandleAccessor.invoke(DirectMethodHandleAccessor.java:103)
	at java.base/java.lang.reflect.Method.invoke(Method.java:580)
	at org.junit.platform.commons.util.ReflectionUtils.invokeMethod(ReflectionUtils.java:728)
	at org.junit.jupiter.engine.execution.MethodInvocation.proceed(MethodInvocation.java:60)
	at org.junit.jupiter.engine.execution.InvocationInterceptorChain$ValidatingInvocation.proceed(InvocationInterceptorChain.java:131)
	at org.junit.jupiter.engine.extension.TimeoutExtension.intercept(TimeoutExtension.java:156)
	at org.junit.jupiter.engine.extension.TimeoutExtension.interceptTestableMethod(TimeoutExtension.java:147)
	at org.junit.jupiter.engine.extension.TimeoutExtension.interceptTestMethod(TimeoutExtension.java:86)
	at org.junit.jupiter.engine.execution.InterceptingExecutableInvoker$ReflectiveInterceptorCall.lambda$ofVoidMethod$0(InterceptingExecutableInvoker.java:103)
	at org.junit.jupiter.engine.execution.InterceptingExecutableInvoker.lambda$invoke$0(InterceptingExecutableInvoker.java:93)
	at org.junit.jupiter.engine.execution.InvocationInterceptorChain$InterceptedInvocation.proceed(InvocationInterceptorChain.java:106)
	at org.junit.jupiter.engine.execution.InvocationInterceptorChain.proceed(InvocationInterceptorChain.java:64)
	at org.junit.jupiter.engine.execution.InvocationInterceptorChain.chainAndInvoke(InvocationInterceptorChain.java:45)
	at org.junit.jupiter.engine.execution.InvocationInterceptorChain.invoke(InvocationInterceptorChain.java:37)
	at org.junit.jupiter.engine.execution.InterceptingExecutableInvoker.invoke(InterceptingExecutableInvoker.java:92)
	at org.junit.jupiter.engine.execution.InterceptingExecutableInvoker.invoke(InterceptingExecutableInvoker.java:86)
	at org.junit.jupiter.engine.descriptor.TestMethodTestDescriptor.lambda$invokeTestMethod$7(TestMethodTestDescriptor.java:218)
	at org.junit.platform.engine.support.hierarchical.ThrowableCollector.execute(ThrowableCollector.java:73)
	at org.junit.jupiter.engine.descriptor.TestMethodTestDescriptor.invokeTestMethod(TestMethodTestDescriptor.java:214)
	at org.junit.jupiter.engine.descriptor.TestMethodTestDescriptor.execute(TestMethodTestDescriptor.java:139)
	at org.junit.jupiter.engine.descriptor.TestMethodTestDescriptor.execute(TestMethodTestDescriptor.java:69)
	at org.junit.platform.engine.support.hierarchical.NodeTestTask.lambda$executeRecursively$6(NodeTestTask.java:151)
	at org.junit.platform.engine.support.hierarchical.ThrowableCollector.execute(ThrowableCollector.java:73)
	at org.junit.platform.engine.support.hierarchical.NodeTestTask.lambda$executeRecursively$8(NodeTestTask.java:141)
	at org.junit.platform.engine.support.hierarchical.Node.around(Node.java:137)
	at org.junit.platform.engine.support.hierarchical.NodeTestTask.lambda$executeRecursively$9(NodeTestTask.java:139)
	at org.junit.platform.engine.support.hierarchical.ThrowableCollector.execute(ThrowableCollector.java:73)
	at org.junit.platform.engine.support.hierarchical.NodeTestTask.executeRecursively(NodeTestTask.java:138)
	at org.junit.platform.engine.support.hierarchical.NodeTestTask.execute(NodeTestTask.java:95)
	at java.base/java.util.ArrayList.forEach(ArrayList.java:1596)
	at org.junit.platform.engine.support.hierarchical.SameThreadHierarchicalTestExecutorService.invokeAll(SameThreadHierarchicalTestExecutorService.java:41)
	at org.junit.platform.engine.support.hierarchical.NodeTestTask.lambda$executeRecursively$6(NodeTestTask.java:155)
	at org.junit.platform.engine.support.hierarchical.ThrowableCollector.execute(ThrowableCollector.java:73)
	at org.junit.platform.engine.support.hierarchical.NodeTestTask.lambda$executeRecursively$8(NodeTestTask.java:141)
	at org.junit.platform.engine.support.hierarchical.Node.around(Node.java:137)
	at org.junit.platform.engine.support.hierarchical.NodeTestTask.lambda$executeRecursively$9(NodeTestTask.java:139)
	at org.junit.platform.engine.support.hierarchical.ThrowableCollector.execute(ThrowableCollector.java:73)
	at org.junit.platform.engine.support.hierarchical.NodeTestTask.executeRecursively(NodeTestTask.java:138)
	at org.junit.platform.engine.support.hierarchical.NodeTestTask.execute(NodeTestTask.java:95)
	at java.base/java.util.ArrayList.forEach(ArrayList.java:1596)
	at org.junit.platform.engine.support.hierarchical.SameThreadHierarchicalTestExecutorService.invokeAll(SameThreadHierarchicalTestExecutorService.java:41)
	at org.junit.platform.engine.support.hierarchical.NodeTestTask.lambda$executeRecursively$6(NodeTestTask.java:155)
	at org.junit.platform.engine.support.hierarchical.ThrowableCollector.execute(ThrowableCollector.java:73)
	at org.junit.platform.engine.support.hierarchical.NodeTestTask.lambda$executeRecursively$8(NodeTestTask.java:141)
	at org.junit.platform.engine.support.hierarchical.Node.around(Node.java:137)
	at org.junit.platform.engine.support.hierarchical.NodeTestTask.lambda$executeRecursively$9(NodeTestTask.java:139)
	at org.junit.platform.engine.support.hierarchical.ThrowableCollector.execute(ThrowableCollector.java:73)
	at org.junit.platform.engine.support.hierarchical.NodeTestTask.executeRecursively(NodeTestTask.java:138)
	at org.junit.platform.engine.support.hierarchical.NodeTestTask.execute(NodeTestTask.java:95)
	at org.junit.platform.engine.support.hierarchical.SameThreadHierarchicalTestExecutorService.submit(SameThreadHierarchicalTestExecutorService.java:35)
	at org.junit.platform.engine.support.hierarchical.HierarchicalTestExecutor.execute(HierarchicalTestExecutor.java:57)
	at org.junit.platform.engine.support.hierarchical.HierarchicalTestEngine.execute(HierarchicalTestEngine.java:54)
	at org.junit.platform.launcher.core.EngineExecutionOrchestrator.execute(EngineExecutionOrchestrator.java:198)
	at org.junit.platform.launcher.core.EngineExecutionOrchestrator.execute(EngineExecutionOrchestrator.java:169)
	at org.junit.platform.launcher.core.EngineExecutionOrchestrator.execute(EngineExecutionOrchestrator.java:93)
	at org.junit.platform.launcher.core.EngineExecutionOrchestrator.lambda$execute$0(EngineExecutionOrchestrator.java:58)
	at org.junit.platform.launcher.core.EngineExecutionOrchestrator.withInterceptedStreams(EngineExecutionOrchestrator.java:141)
	at org.junit.platform.launcher.core.EngineExecutionOrchestrator.execute(EngineExecutionOrchestrator.java:57)
	at org.junit.platform.launcher.core.DefaultLauncher.execute(DefaultLauncher.java:103)
	at org.junit.platform.launcher.core.DefaultLauncher.execute(DefaultLauncher.java:85)
	at org.junit.platform.launcher.core.DelegatingLauncher.execute(DelegatingLauncher.java:47)
	at org.junit.platform.launcher.core.SessionPerRequestLauncher.execute(SessionPerRequestLauncher.java:63)
	at com.intellij.junit5.JUnit5IdeaTestRunner.startRunnerWithArgs(JUnit5IdeaTestRunner.java:57)
	at com.intellij.rt.junit.IdeaTestRunner$Repeater$1.execute(IdeaTestRunner.java:38)
	at com.intellij.rt.execution.junit.TestsRepeater.repeat(TestsRepeater.java:11)
	at com.intellij.rt.junit.IdeaTestRunner$Repeater.startRunnerWithArgs(IdeaTestRunner.java:35)
	at com.intellij.rt.junit.JUnitStarter.prepareStreamsAndStart(JUnitStarter.java:232)
	at com.intellij.rt.junit.JUnitStarter.main(JUnitStarter.java:55)
2025-02-07 13:04:48 [main] INFO  lt.insoft.uztis.tests.UztisPageTest - Navigated to https://uztisdev.asseco.lt/home
2025-02-07 13:04:48 [main] INFO  l.i.u.t.SubmittedApplicationsPageTest - Starting test:'testFillNewVUIPApplicationFA'
2025-02-07 13:04:49 [main] DEBUG l.i.u.t.SubmittedApplicationsPageTest - User logged in with test credentials.
2025-02-07 13:04:49 [main] DEBUG l.i.u.t.SubmittedApplicationsPageTest - Opened 'Application Processing' menu.
2025-02-07 13:04:49 [main] DEBUG l.i.u.t.SubmittedApplicationsPageTest - Clicked on 'Application Forms' menu.
2025-02-07 13:04:50 [main] DEBUG l.i.u.t.SubmittedApplicationsPageTest - Retrieved last description code text: 'TST-VUI-00'.
2025-02-07 13:04:50 [main] DEBUG l.i.u.t.SubmittedApplicationsPageTest - Clicked on 'Invitation' menu.
2025-02-07 13:04:51 [main] DEBUG l.i.u.t.SubmittedApplicationsPageTest - Selected application section by code: 'TST-VUI-00'.
2025-02-07 13:04:51 [main] DEBUG l.i.u.t.SubmittedApplicationsPageTest - Clicked 'Search' button.
2025-02-07 13:04:51 [main] DEBUG l.i.u.t.SubmittedApplicationsPageTest - Retrieved invitation code: ''.
2025-02-07 13:04:51 [main] DEBUG l.i.u.t.SubmittedApplicationsPageTest - Clicked on 'Submitted Applications' menu.
2025-02-07 13:04:52 [main] DEBUG l.i.u.t.SubmittedApplicationsPageTest - Selected invitation by code: 'TST-VUI-00'.
2025-02-07 13:04:52 [main] DEBUG l.i.u.t.SubmittedApplicationsPageTest - Invitation code inserted.
2025-02-07 13:04:52 [main] DEBUG l.i.u.t.SubmittedApplicationsPageTest - Clicked on 'Action Application' button.
2025-02-07 13:04:52 [main] DEBUG l.i.u.t.SubmittedApplicationsPageTest - Clicked on 'New Application' button.
2025-02-07 13:04:53 [main] DEBUG l.i.u.t.SubmittedApplicationsPageTest - Selected the 'RadioButtonFA' option.
2025-02-07 13:04:53 [main] DEBUG l.i.u.t.SubmittedApplicationsPageTest - Entered phone number: '61298745'.
2025-02-07 13:04:53 [main] DEBUG l.i.u.t.SubmittedApplicationsPageTest - Entered email: 'test@autotest.com'.
2025-02-07 13:04:53 [main] INFO  l.i.u.p.SubmittedApplicationsPage - Located the dropdown button.
2025-02-07 13:05:10 [main] INFO  l.i.u.p.SubmittedApplicationsPage - Found 1741 options in the dropdown.
2025-02-07 13:05:10 [main] INFO  l.i.u.p.SubmittedApplicationsPage - Successfully selected the value: '01.11 - Grūdinių (išskyrus ryžius), ankštinių ir aliejingų sėklų augalų auginimas'
2025-02-07 13:05:20 [main] ERROR l.i.u.p.SubmittedApplicationsPage - Failed to close the dropdown with aria-expanded = 'false'. Attempting manual close.
2025-02-07 13:05:21 [main] INFO  l.i.u.p.SubmittedApplicationsPage - Manual close attempt for the dropdown using body click.
2025-02-07 13:05:21 [main] DEBUG l.i.u.t.SubmittedApplicationsPageTest - Selected EVRK value: '01.11 - Grūdinių (išskyrus ryžius), ankštinių ir aliejingų sėklų augalų auginimas'.
2025-02-07 13:05:21 [main] DEBUG l.i.u.t.SubmittedApplicationsPageTest - Entered address: 'Vilniaus m. sav., Vilnius, Testo g. 10T'.
2025-02-07 13:05:21 [main] DEBUG l.i.u.t.SubmittedApplicationsPageTest - Entered project date.
2025-02-07 13:05:21 [main] DEBUG l.i.u.t.SubmittedApplicationsPageTest - Entered job count: '1'.
2025-02-07 13:05:22 [main] DEBUG l.i.u.t.SubmittedApplicationsPageTest - Clicked 'Next' button.
2025-02-07 13:05:22 [main] INFO  l.i.u.p.SubmittedApplicationsPage - Located the dropdown button.
2025-02-07 13:05:22 [main] INFO  l.i.u.p.SubmittedApplicationsPage - Successfully selected the value: 'Administratoriai'
2025-02-07 13:05:53 [main] ERROR l.i.u.p.SubmittedApplicationsPage - Timeout while waiting for dropdown to close with aria-expanded = 'false'.
2025-02-07 13:05:53 [main] DEBUG l.i.u.t.SubmittedApplicationsPageTest - Selected job name: 'Administratoriai'.
2025-02-07 13:05:53 [main] DEBUG l.i.u.t.SubmittedApplicationsPageTest - Entered job function: 'Funkcija 1'.
2025-02-07 13:05:53 [main] DEBUG l.i.u.t.SubmittedApplicationsPageTest - Selected 'RadioButtonWithDisabilities' option.
2025-02-07 13:05:53 [main] INFO  l.i.u.p.SubmittedApplicationsPage - Clicking on the dropdown button.
2025-02-07 13:05:53 [main] INFO  l.i.u.p.SubmittedApplicationsPage - Found 34 options in the dropdown.
2025-02-07 13:05:53 [main] DEBUG l.i.u.p.SubmittedApplicationsPage - Checking option: 'Asmenys, kuriems suteiktas pabėgėlio statusas ar perkeliamojo asmens statusas, arba asmenys, kuriems suteikta papildoma ar laikinoji apsauga, ir asmenys, turintys teisę gauti laikinąją apsaugą, iki sprendimo dėl laikinosios apsaugos suteikimo (nesuteikimo) priėmimo, tačiau ne ilgiau kaip laikinosios apsaugos laikotarpiu'
2025-02-07 13:05:53 [main] DEBUG l.i.u.p.SubmittedApplicationsPage - Checking option: 'Asmenys, kuriems suteiktas pabėgėlio statusas ar perkeliamojo asmens statusas, arba asmenys, kuriems suteikta papildoma ar laikinoji apsauga, ir asmenys, turintys teisę gauti laikinąją apsaugą, iki sprendimo dėl laikinosios apsaugos suteikimo (nesuteikimo) priėmimo, tačiau ne ilgiau kaip laikinosios apsaugos laikotarpiu'
2025-02-07 13:05:54 [main] DEBUG l.i.u.p.SubmittedApplicationsPage - Checking option: 'Asmenys, turintys teisę į papildomas užimtumo garantijas pagal Lietuvos Respublikos valstybės įmonės Ignalinos atominės elektrinės darbuotojų papildomų užimtumo ir socialinių garantijų įstatymą'
2025-02-07 13:05:54 [main] DEBUG l.i.u.p.SubmittedApplicationsPage - Checking option: 'Asmenys, turintys teisę į papildomas užimtumo garantijas pagal Lietuvos Respublikos valstybės įmonės Ignalinos atominės elektrinės darbuotojų papildomų užimtumo ir socialinių garantijų įstatymą'
2025-02-07 13:05:54 [main] DEBUG l.i.u.p.SubmittedApplicationsPage - Checking option: 'Bedarbiai iki 29 metų'
2025-02-07 13:05:54 [main] DEBUG l.i.u.p.SubmittedApplicationsPage - Checking option: 'Bedarbiai iki 29 metų'
2025-02-07 13:05:54 [main] DEBUG l.i.u.p.SubmittedApplicationsPage - Checking option: 'Bedarbiai, kurie yra darbingo amžiaus neįgalieji, kuriems nustatytas 30–40 procentų darbingumo lygis arba vidutinis neįgalumo lygis'
2025-02-07 13:05:54 [main] DEBUG l.i.u.p.SubmittedApplicationsPage - Checking option: 'Bedarbiai, kurie yra darbingo amžiaus neįgalieji, kuriems nustatytas 30–40 procentų darbingumo lygis arba vidutinis neįgalumo lygis'
2025-02-07 13:05:54 [main] DEBUG l.i.u.p.SubmittedApplicationsPage - Checking option: 'Bedarbiai, kurie yra darbingo amžiaus neįgalieji, kuriems nustatytas 45–55 procentų darbingumo lygis arba lengvas neįgalumo lygis'
2025-02-07 13:05:54 [main] DEBUG l.i.u.p.SubmittedApplicationsPage - Checking option: 'Bedarbiai, kurie yra darbingo amžiaus neįgalieji, kuriems nustatytas 45–55 procentų darbingumo lygis arba lengvas neįgalumo lygis'
2025-02-07 13:05:54 [main] DEBUG l.i.u.p.SubmittedApplicationsPage - Checking option: 'Bedarbiai, kurie yra darbingo amžiaus neįgalieji, kuriems nustatytas iki 25 procentų darbingumo lygis arba sunkus neįgalumo lygis'
2025-02-07 13:05:54 [main] INFO  l.i.u.p.SubmittedApplicationsPage - Successfully selected the value: 'Bedarbiai, kurie yra darbingo amžiaus neįgalieji, kuriems nustatytas iki 25 procentų darbingumo lygis arba sunkus neįgalumo lygis'
2025-02-07 13:05:54 [main] INFO  l.i.u.p.SubmittedApplicationsPage - Attempting to close the dropdown.
2025-02-07 13:06:04 [main] INFO  l.i.u.p.SubmittedApplicationsPage - Dropdown should be closed now.
2025-02-07 13:06:04 [main] DEBUG l.i.u.t.SubmittedApplicationsPageTest - Selected disabilities type: 'Bedarbiai, kurie yra darbingo amžiaus neįgalieji, kuriems nustatytas iki 25 procentų darbingumo lygis arba sunkus neįgalumo lygis'.
2025-02-07 13:06:05 [main] DEBUG l.i.u.t.SubmittedApplicationsPageTest - Entered disability information: 'Negalia 1'.
2025-02-07 13:06:05 [main] INFO  l.i.u.p.SubmittedApplicationsPage - Located the dropdown button.
2025-02-07 13:06:05 [main] INFO  l.i.u.p.SubmittedApplicationsPage - Successfully selected the value: 'Kita'
2025-02-07 13:06:16 [main] ERROR l.i.u.p.SubmittedApplicationsPage - Timeout while waiting for dropdown to close with aria-expanded = 'false'.
2025-02-07 13:06:16 [main] DEBUG l.i.u.t.SubmittedApplicationsPageTest - Selected time mode: 'Kita'.
2025-02-07 13:06:16 [main] DEBUG l.i.u.t.SubmittedApplicationsPageTest - Selected time mode other: '6 val. per dieną ir 4 d. per savaitę'.
2025-02-07 13:06:16 [main] DEBUG l.i.u.t.SubmittedApplicationsPageTest - Entered qualification: 'Kvalifikacija 1'.
2025-02-07 13:06:16 [main] DEBUG l.i.u.t.SubmittedApplicationsPageTest - Entered job date.
2025-02-07 13:06:16 [main] DEBUG l.i.u.t.SubmittedApplicationsPageTest - Entered salary amount: '1200'.
2025-02-07 13:06:17 [main] DEBUG l.i.u.t.SubmittedApplicationsPageTest - Selected 'Temporary Job' radio button.
2025-02-07 13:06:17 [main] DEBUG l.i.u.t.SubmittedApplicationsPageTest - Selected 'Season Job' radio button.
2025-02-07 13:06:17 [main] DEBUG l.i.u.t.SubmittedApplicationsPageTest - Selected 'Energy' radio button.
2025-02-07 13:06:17 [main] DEBUG l.i.u.t.SubmittedApplicationsPageTest - Selected 'Repair' radio button.
2025-02-07 13:06:17 [main] DEBUG l.i.u.t.SubmittedApplicationsPageTest - Entered job description: 'Veikla 1'.
2025-02-07 13:06:17 [main] DEBUG l.i.u.t.SubmittedApplicationsPageTest - Entered process description: 'Procesas 1'.
2025-02-07 13:06:18 [main] DEBUG l.i.u.t.SubmittedApplicationsPageTest - Entered energy information: 'Energija 1'.
2025-02-07 13:06:18 [main] DEBUG l.i.u.t.SubmittedApplicationsPageTest - Entered repair information: 'Remontas 1'.
2025-02-07 13:06:18 [main] DEBUG l.i.u.t.SubmittedApplicationsPageTest - Selected 'PVM' radio button.
2025-02-07 13:06:18 [main] INFO  l.i.u.p.SubmittedApplicationsPage - Located the dropdown button.
2025-02-07 13:06:19 [main] INFO  l.i.u.p.SubmittedApplicationsPage - Successfully selected the value: 'Įsigyti'
2025-02-07 13:06:39 [main] ERROR l.i.u.p.SubmittedApplicationsPage - Timeout while waiting for dropdown to close with aria-expanded = 'false'.
2025-02-07 13:06:39 [main] DEBUG l.i.u.t.SubmittedApplicationsPageTest - Selected necessary for job: 'Įsigyti'.
2025-02-07 13:06:39 [main] DEBUG l.i.u.t.SubmittedApplicationsPageTest - Selected tool: 'Darbo priemonė 1'.
2025-02-07 13:06:39 [main] DEBUG l.i.u.t.SubmittedApplicationsPageTest - Selected tool parameter one: 'Darbo priemonės 1 parametras 1'.
2025-02-07 13:06:40 [main] DEBUG l.i.u.t.SubmittedApplicationsPageTest - Selected tool parameter two: 'Darbo priemonės 1 parametras 2'.
2025-02-07 13:06:40 [main] DEBUG l.i.u.t.SubmittedApplicationsPageTest - Selected tool parameter three: 'Darbo priemonės 1 parametras 3'.
2025-02-07 13:06:40 [main] DEBUG l.i.u.t.SubmittedApplicationsPageTest - Entered tool count: '1'.
2025-02-07 13:06:40 [main] DEBUG l.i.u.t.SubmittedApplicationsPageTest - Entered price amount 1: '1000'.
2025-02-07 13:06:40 [main] DEBUG l.i.u.t.SubmittedApplicationsPageTest - Entered own funds amount 1: '800'.
2025-02-07 13:06:40 [main] DEBUG l.i.u.t.SubmittedApplicationsPageTest - Clicked 'Add' button.
2025-02-07 13:06:40 [main] INFO  l.i.u.p.SubmittedApplicationsPage - Located the dropdown button.
2025-02-07 13:06:41 [main] INFO  l.i.u.p.SubmittedApplicationsPage - Successfully selected the value: 'Remontuoti'
2025-02-07 13:07:01 [main] ERROR l.i.u.p.SubmittedApplicationsPage - Timeout while waiting for dropdown to close with aria-expanded = 'false'.
2025-02-07 13:07:01 [main] DEBUG l.i.u.t.SubmittedApplicationsPageTest - Selected necessary for job 'to repair': 'Remontuoti'.
2025-02-07 13:07:01 [main] DEBUG l.i.u.t.SubmittedApplicationsPageTest - Selected repair name: 'Remonto pavadinimas 1'.
2025-02-07 13:07:01 [main] DEBUG l.i.u.t.SubmittedApplicationsPageTest - Entered repair information: 'Remonto aprašymas 1'.
2025-02-07 13:07:02 [main] DEBUG l.i.u.t.SubmittedApplicationsPageTest - Entered price amount 2: '1000'.
2025-02-07 13:07:02 [main] DEBUG l.i.u.t.SubmittedApplicationsPageTest - Entered own funds amount 2: '900'.
2025-02-07 13:07:02 [main] DEBUG l.i.u.t.SubmittedApplicationsPageTest - Entered country percentage: '50'.
2025-02-07 13:07:02 [main] DEBUG l.i.u.t.SubmittedApplicationsPageTest - Entered institution percentage: '50'.
2025-02-07 13:07:02 [main] DEBUG l.i.u.t.SubmittedApplicationsPageTest - Entered municipality percentage: '50'.
2025-02-07 13:07:02 [main] DEBUG l.i.u.t.SubmittedApplicationsPageTest - Selected 'De Minimis' radio button.
2025-02-07 13:07:03 [main] DEBUG l.i.u.t.SubmittedApplicationsPageTest - Entered program name: 'Programa 1'.
2025-02-07 13:07:03 [main] DEBUG l.i.u.t.SubmittedApplicationsPageTest - Entered project date from.
2025-02-07 13:07:03 [main] DEBUG l.i.u.t.SubmittedApplicationsPageTest - Entered project date until.
2025-02-07 13:07:03 [main] DEBUG l.i.u.t.SubmittedApplicationsPageTest - Entered support amount: '2000'.
2025-02-07 13:07:03 [main] DEBUG l.i.u.t.SubmittedApplicationsPageTest - Clicked 'Next' button.
2025-02-07 13:07:13 [main] DEBUG l.i.u.t.SubmittedApplicationsPageTest - Checked 'Legal Entities' checkbox 1.
2025-02-07 13:07:23 [main] DEBUG l.i.u.t.SubmittedApplicationsPageTest - Checked 'Legal Entities' checkbox 2.
2025-02-07 13:07:33 [main] DEBUG l.i.u.t.SubmittedApplicationsPageTest - Checked 'Legal Entities' checkbox 3.
2025-02-07 13:07:33 [main] DEBUG l.i.u.t.SubmittedApplicationsPageTest - Test finished: All 'Legal Entities' checkboxes checked successfully.
2025-02-07 13:07:34 [main] DEBUG l.i.u.t.SubmittedApplicationsPageTest - Clicked 'Next' button after checkboxes.
2025-02-07 13:07:44 [main] ERROR l.i.u.p.SubmittedApplicationsPage - Error selecting radio button: Expected condition failed: waiting for element to be clickable: By.xpath: (//input[@type='radio' and @value='false'])[8] (tried for 10 second(s) with 500 milliseconds interval)
Build info: version: '4.27.0', revision: 'd6e718d134'
System info: os.name: 'Windows 11', os.arch: 'amd64', os.version: '10.0', java.version: '21.0.3'
Driver info: org.openqa.selenium.chrome.ChromeDriver
Capabilities {acceptInsecureCerts: false, browserName: chrome, browserVersion: 132.0.6834.196, chrome: {chromedriverVersion: 132.0.6834.159 (2d77d3fc445..., userDataDir: C:\Users\INGRID~1.ZAD\AppDa...}, fedcm:accounts: true, goog:chromeOptions: {debuggerAddress: localhost:54326}, networkConnectionEnabled: false, pageLoadStrategy: normal, platformName: windows, proxy: Proxy(), se:cdp: ws://localhost:54326/devtoo..., se:cdpVersion: 132.0.6834.196, setWindowRect: true, strictFileInteractability: false, timeouts: {implicit: 0, pageLoad: 300000, script: 30000}, unhandledPromptBehavior: dismiss and notify, webauthn:extension:credBlob: true, webauthn:extension:largeBlob: true, webauthn:extension:minPinLength: true, webauthn:extension:prf: true, webauthn:virtualAuthenticators: true}
Session ID: ac366b8aaef89f3e2fef433586f098e0
2025-02-07 13:07:44 [main] INFO  l.i.u.t.SubmittedApplicationsPageTest - Marking 'Ne' radio button 1
2025-02-07 13:07:54 [main] ERROR l.i.u.p.SubmittedApplicationsPage - Error selecting radio button: Expected condition failed: waiting for element to be clickable: By.xpath: (//input[@type='radio' and @value='false'])[9] (tried for 10 second(s) with 500 milliseconds interval)
Build info: version: '4.27.0', revision: 'd6e718d134'
System info: os.name: 'Windows 11', os.arch: 'amd64', os.version: '10.0', java.version: '21.0.3'
Driver info: org.openqa.selenium.chrome.ChromeDriver
Capabilities {acceptInsecureCerts: false, browserName: chrome, browserVersion: 132.0.6834.196, chrome: {chromedriverVersion: 132.0.6834.159 (2d77d3fc445..., userDataDir: C:\Users\INGRID~1.ZAD\AppDa...}, fedcm:accounts: true, goog:chromeOptions: {debuggerAddress: localhost:54326}, networkConnectionEnabled: false, pageLoadStrategy: normal, platformName: windows, proxy: Proxy(), se:cdp: ws://localhost:54326/devtoo..., se:cdpVersion: 132.0.6834.196, setWindowRect: true, strictFileInteractability: false, timeouts: {implicit: 0, pageLoad: 300000, script: 30000}, unhandledPromptBehavior: dismiss and notify, webauthn:extension:credBlob: true, webauthn:extension:largeBlob: true, webauthn:extension:minPinLength: true, webauthn:extension:prf: true, webauthn:virtualAuthenticators: true}
Session ID: ac366b8aaef89f3e2fef433586f098e0
2025-02-07 13:07:54 [main] INFO  l.i.u.t.SubmittedApplicationsPageTest - Marking 'Ne' radio button 2
2025-02-07 13:08:05 [main] ERROR l.i.u.p.SubmittedApplicationsPage - Error selecting radio button: Expected condition failed: waiting for element to be clickable: By.xpath: (//input[@type='radio' and @value='false'])[10] (tried for 10 second(s) with 500 milliseconds interval)
Build info: version: '4.27.0', revision: 'd6e718d134'
System info: os.name: 'Windows 11', os.arch: 'amd64', os.version: '10.0', java.version: '21.0.3'
Driver info: org.openqa.selenium.chrome.ChromeDriver
Capabilities {acceptInsecureCerts: false, browserName: chrome, browserVersion: 132.0.6834.196, chrome: {chromedriverVersion: 132.0.6834.159 (2d77d3fc445..., userDataDir: C:\Users\INGRID~1.ZAD\AppDa...}, fedcm:accounts: true, goog:chromeOptions: {debuggerAddress: localhost:54326}, networkConnectionEnabled: false, pageLoadStrategy: normal, platformName: windows, proxy: Proxy(), se:cdp: ws://localhost:54326/devtoo..., se:cdpVersion: 132.0.6834.196, setWindowRect: true, strictFileInteractability: false, timeouts: {implicit: 0, pageLoad: 300000, script: 30000}, unhandledPromptBehavior: dismiss and notify, webauthn:extension:credBlob: true, webauthn:extension:largeBlob: true, webauthn:extension:minPinLength: true, webauthn:extension:prf: true, webauthn:virtualAuthenticators: true}
Session ID: ac366b8aaef89f3e2fef433586f098e0
2025-02-07 13:08:05 [main] INFO  l.i.u.t.SubmittedApplicationsPageTest - Marking 'Ne' radio button 3
2025-02-07 13:08:15 [main] ERROR l.i.u.p.SubmittedApplicationsPage - Error selecting radio button: Expected condition failed: waiting for element to be clickable: By.xpath: (//input[@type='radio' and @value='false'])[11] (tried for 10 second(s) with 500 milliseconds interval)
Build info: version: '4.27.0', revision: 'd6e718d134'
System info: os.name: 'Windows 11', os.arch: 'amd64', os.version: '10.0', java.version: '21.0.3'
Driver info: org.openqa.selenium.chrome.ChromeDriver
Capabilities {acceptInsecureCerts: false, browserName: chrome, browserVersion: 132.0.6834.196, chrome: {chromedriverVersion: 132.0.6834.159 (2d77d3fc445..., userDataDir: C:\Users\INGRID~1.ZAD\AppDa...}, fedcm:accounts: true, goog:chromeOptions: {debuggerAddress: localhost:54326}, networkConnectionEnabled: false, pageLoadStrategy: normal, platformName: windows, proxy: Proxy(), se:cdp: ws://localhost:54326/devtoo..., se:cdpVersion: 132.0.6834.196, setWindowRect: true, strictFileInteractability: false, timeouts: {implicit: 0, pageLoad: 300000, script: 30000}, unhandledPromptBehavior: dismiss and notify, webauthn:extension:credBlob: true, webauthn:extension:largeBlob: true, webauthn:extension:minPinLength: true, webauthn:extension:prf: true, webauthn:virtualAuthenticators: true}
Session ID: ac366b8aaef89f3e2fef433586f098e0
2025-02-07 13:08:15 [main] INFO  l.i.u.t.SubmittedApplicationsPageTest - Marking 'Ne' radio button 4
2025-02-07 13:08:25 [main] ERROR l.i.u.p.SubmittedApplicationsPage - Error selecting radio button: Expected condition failed: waiting for element to be clickable: By.xpath: (//input[@type='radio' and @value='false'])[12] (tried for 10 second(s) with 500 milliseconds interval)
Build info: version: '4.27.0', revision: 'd6e718d134'
System info: os.name: 'Windows 11', os.arch: 'amd64', os.version: '10.0', java.version: '21.0.3'
Driver info: org.openqa.selenium.chrome.ChromeDriver
Capabilities {acceptInsecureCerts: false, browserName: chrome, browserVersion: 132.0.6834.196, chrome: {chromedriverVersion: 132.0.6834.159 (2d77d3fc445..., userDataDir: C:\Users\INGRID~1.ZAD\AppDa...}, fedcm:accounts: true, goog:chromeOptions: {debuggerAddress: localhost:54326}, networkConnectionEnabled: false, pageLoadStrategy: normal, platformName: windows, proxy: Proxy(), se:cdp: ws://localhost:54326/devtoo..., se:cdpVersion: 132.0.6834.196, setWindowRect: true, strictFileInteractability: false, timeouts: {implicit: 0, pageLoad: 300000, script: 30000}, unhandledPromptBehavior: dismiss and notify, webauthn:extension:credBlob: true, webauthn:extension:largeBlob: true, webauthn:extension:minPinLength: true, webauthn:extension:prf: true, webauthn:virtualAuthenticators: true}
Session ID: ac366b8aaef89f3e2fef433586f098e0
2025-02-07 13:08:25 [main] INFO  l.i.u.t.SubmittedApplicationsPageTest - Marking 'Ne' radio button 5
2025-02-07 13:08:35 [main] ERROR l.i.u.p.SubmittedApplicationsPage - Error selecting radio button: Expected condition failed: waiting for element to be clickable: By.xpath: (//input[@type='radio' and @value='false'])[13] (tried for 10 second(s) with 500 milliseconds interval)
Build info: version: '4.27.0', revision: 'd6e718d134'
System info: os.name: 'Windows 11', os.arch: 'amd64', os.version: '10.0', java.version: '21.0.3'
Driver info: org.openqa.selenium.chrome.ChromeDriver
Capabilities {acceptInsecureCerts: false, browserName: chrome, browserVersion: 132.0.6834.196, chrome: {chromedriverVersion: 132.0.6834.159 (2d77d3fc445..., userDataDir: C:\Users\INGRID~1.ZAD\AppDa...}, fedcm:accounts: true, goog:chromeOptions: {debuggerAddress: localhost:54326}, networkConnectionEnabled: false, pageLoadStrategy: normal, platformName: windows, proxy: Proxy(), se:cdp: ws://localhost:54326/devtoo..., se:cdpVersion: 132.0.6834.196, setWindowRect: true, strictFileInteractability: false, timeouts: {implicit: 0, pageLoad: 300000, script: 30000}, unhandledPromptBehavior: dismiss and notify, webauthn:extension:credBlob: true, webauthn:extension:largeBlob: true, webauthn:extension:minPinLength: true, webauthn:extension:prf: true, webauthn:virtualAuthenticators: true}
Session ID: ac366b8aaef89f3e2fef433586f098e0
2025-02-07 13:08:35 [main] INFO  l.i.u.t.SubmittedApplicationsPageTest - Marking 'Ne' radio button 6
2025-02-07 13:08:45 [main] ERROR l.i.u.p.SubmittedApplicationsPage - Error selecting radio button: Expected condition failed: waiting for element to be clickable: By.xpath: (//input[@type='radio' and @value='true'])[14] (tried for 10 second(s) with 500 milliseconds interval)
Build info: version: '4.27.0', revision: 'd6e718d134'
System info: os.name: 'Windows 11', os.arch: 'amd64', os.version: '10.0', java.version: '21.0.3'
Driver info: org.openqa.selenium.chrome.ChromeDriver
Capabilities {acceptInsecureCerts: false, browserName: chrome, browserVersion: 132.0.6834.196, chrome: {chromedriverVersion: 132.0.6834.159 (2d77d3fc445..., userDataDir: C:\Users\INGRID~1.ZAD\AppDa...}, fedcm:accounts: true, goog:chromeOptions: {debuggerAddress: localhost:54326}, networkConnectionEnabled: false, pageLoadStrategy: normal, platformName: windows, proxy: Proxy(), se:cdp: ws://localhost:54326/devtoo..., se:cdpVersion: 132.0.6834.196, setWindowRect: true, strictFileInteractability: false, timeouts: {implicit: 0, pageLoad: 300000, script: 30000}, unhandledPromptBehavior: dismiss and notify, webauthn:extension:credBlob: true, webauthn:extension:largeBlob: true, webauthn:extension:minPinLength: true, webauthn:extension:prf: true, webauthn:virtualAuthenticators: true}
Session ID: ac366b8aaef89f3e2fef433586f098e0
2025-02-07 13:08:45 [main] INFO  l.i.u.t.SubmittedApplicationsPageTest - Marking 'Taip' radio button 7
2025-02-07 13:08:56 [main] ERROR l.i.u.p.SubmittedApplicationsPage - Error selecting radio button: Expected condition failed: waiting for element to be clickable: By.xpath: (//input[@type='radio' and @value='true'])[15] (tried for 10 second(s) with 500 milliseconds interval)
Build info: version: '4.27.0', revision: 'd6e718d134'
System info: os.name: 'Windows 11', os.arch: 'amd64', os.version: '10.0', java.version: '21.0.3'
Driver info: org.openqa.selenium.chrome.ChromeDriver
Capabilities {acceptInsecureCerts: false, browserName: chrome, browserVersion: 132.0.6834.196, chrome: {chromedriverVersion: 132.0.6834.159 (2d77d3fc445..., userDataDir: C:\Users\INGRID~1.ZAD\AppDa...}, fedcm:accounts: true, goog:chromeOptions: {debuggerAddress: localhost:54326}, networkConnectionEnabled: false, pageLoadStrategy: normal, platformName: windows, proxy: Proxy(), se:cdp: ws://localhost:54326/devtoo..., se:cdpVersion: 132.0.6834.196, setWindowRect: true, strictFileInteractability: false, timeouts: {implicit: 0, pageLoad: 300000, script: 30000}, unhandledPromptBehavior: dismiss and notify, webauthn:extension:credBlob: true, webauthn:extension:largeBlob: true, webauthn:extension:minPinLength: true, webauthn:extension:prf: true, webauthn:virtualAuthenticators: true}
Session ID: ac366b8aaef89f3e2fef433586f098e0
2025-02-07 13:08:56 [main] INFO  l.i.u.t.SubmittedApplicationsPageTest - Marking 'Taip' radio button 8
2025-02-07 13:09:06 [main] ERROR l.i.u.p.SubmittedApplicationsPage - Error selecting radio button: Expected condition failed: waiting for element to be clickable: By.xpath: (//input[@type='radio' and @value='true'])[16] (tried for 10 second(s) with 500 milliseconds interval)
Build info: version: '4.27.0', revision: 'd6e718d134'
System info: os.name: 'Windows 11', os.arch: 'amd64', os.version: '10.0', java.version: '21.0.3'
Driver info: org.openqa.selenium.chrome.ChromeDriver
Capabilities {acceptInsecureCerts: false, browserName: chrome, browserVersion: 132.0.6834.196, chrome: {chromedriverVersion: 132.0.6834.159 (2d77d3fc445..., userDataDir: C:\Users\INGRID~1.ZAD\AppDa...}, fedcm:accounts: true, goog:chromeOptions: {debuggerAddress: localhost:54326}, networkConnectionEnabled: false, pageLoadStrategy: normal, platformName: windows, proxy: Proxy(), se:cdp: ws://localhost:54326/devtoo..., se:cdpVersion: 132.0.6834.196, setWindowRect: true, strictFileInteractability: false, timeouts: {implicit: 0, pageLoad: 300000, script: 30000}, unhandledPromptBehavior: dismiss and notify, webauthn:extension:credBlob: true, webauthn:extension:largeBlob: true, webauthn:extension:minPinLength: true, webauthn:extension:prf: true, webauthn:virtualAuthenticators: true}
Session ID: ac366b8aaef89f3e2fef433586f098e0
2025-02-07 13:09:06 [main] INFO  l.i.u.t.SubmittedApplicationsPageTest - Marking 'Taip' radio button 9
2025-02-07 13:09:17 [main] ERROR l.i.u.p.SubmittedApplicationsPage - Error selecting radio button: Expected condition failed: waiting for element to be clickable: By.xpath: (//input[@type='radio' and @value='true'])[17] (tried for 10 second(s) with 500 milliseconds interval)
Build info: version: '4.27.0', revision: 'd6e718d134'
System info: os.name: 'Windows 11', os.arch: 'amd64', os.version: '10.0', java.version: '21.0.3'
Driver info: org.openqa.selenium.chrome.ChromeDriver
Capabilities {acceptInsecureCerts: false, browserName: chrome, browserVersion: 132.0.6834.196, chrome: {chromedriverVersion: 132.0.6834.159 (2d77d3fc445..., userDataDir: C:\Users\INGRID~1.ZAD\AppDa...}, fedcm:accounts: true, goog:chromeOptions: {debuggerAddress: localhost:54326}, networkConnectionEnabled: false, pageLoadStrategy: normal, platformName: windows, proxy: Proxy(), se:cdp: ws://localhost:54326/devtoo..., se:cdpVersion: 132.0.6834.196, setWindowRect: true, strictFileInteractability: false, timeouts: {implicit: 0, pageLoad: 300000, script: 30000}, unhandledPromptBehavior: dismiss and notify, webauthn:extension:credBlob: true, webauthn:extension:largeBlob: true, webauthn:extension:minPinLength: true, webauthn:extension:prf: true, webauthn:virtualAuthenticators: true}
Session ID: ac366b8aaef89f3e2fef433586f098e0
2025-02-07 13:09:17 [main] INFO  l.i.u.t.SubmittedApplicationsPageTest - Marking 'Taip' radio button 10
2025-02-07 13:09:27 [main] ERROR l.i.u.p.SubmittedApplicationsPage - Error selecting radio button: Expected condition failed: waiting for element to be clickable: By.xpath: (//input[@type='radio' and @value='true'])[18] (tried for 10 second(s) with 500 milliseconds interval)
Build info: version: '4.27.0', revision: 'd6e718d134'
System info: os.name: 'Windows 11', os.arch: 'amd64', os.version: '10.0', java.version: '21.0.3'
Driver info: org.openqa.selenium.chrome.ChromeDriver
Capabilities {acceptInsecureCerts: false, browserName: chrome, browserVersion: 132.0.6834.196, chrome: {chromedriverVersion: 132.0.6834.159 (2d77d3fc445..., userDataDir: C:\Users\INGRID~1.ZAD\AppDa...}, fedcm:accounts: true, goog:chromeOptions: {debuggerAddress: localhost:54326}, networkConnectionEnabled: false, pageLoadStrategy: normal, platformName: windows, proxy: Proxy(), se:cdp: ws://localhost:54326/devtoo..., se:cdpVersion: 132.0.6834.196, setWindowRect: true, strictFileInteractability: false, timeouts: {implicit: 0, pageLoad: 300000, script: 30000}, unhandledPromptBehavior: dismiss and notify, webauthn:extension:credBlob: true, webauthn:extension:largeBlob: true, webauthn:extension:minPinLength: true, webauthn:extension:prf: true, webauthn:virtualAuthenticators: true}
Session ID: ac366b8aaef89f3e2fef433586f098e0
2025-02-07 13:09:27 [main] INFO  l.i.u.t.SubmittedApplicationsPageTest - Marking 'Taip' radio button 11
2025-02-07 13:09:37 [main] ERROR l.i.u.p.SubmittedApplicationsPage - Error selecting radio button: Expected condition failed: waiting for element to be clickable: By.xpath: (//input[@type='radio' and @value='true'])[19] (tried for 10 second(s) with 500 milliseconds interval)
Build info: version: '4.27.0', revision: 'd6e718d134'
System info: os.name: 'Windows 11', os.arch: 'amd64', os.version: '10.0', java.version: '21.0.3'
Driver info: org.openqa.selenium.chrome.ChromeDriver
Capabilities {acceptInsecureCerts: false, browserName: chrome, browserVersion: 132.0.6834.196, chrome: {chromedriverVersion: 132.0.6834.159 (2d77d3fc445..., userDataDir: C:\Users\INGRID~1.ZAD\AppDa...}, fedcm:accounts: true, goog:chromeOptions: {debuggerAddress: localhost:54326}, networkConnectionEnabled: false, pageLoadStrategy: normal, platformName: windows, proxy: Proxy(), se:cdp: ws://localhost:54326/devtoo..., se:cdpVersion: 132.0.6834.196, setWindowRect: true, strictFileInteractability: false, timeouts: {implicit: 0, pageLoad: 300000, script: 30000}, unhandledPromptBehavior: dismiss and notify, webauthn:extension:credBlob: true, webauthn:extension:largeBlob: true, webauthn:extension:minPinLength: true, webauthn:extension:prf: true, webauthn:virtualAuthenticators: true}
Session ID: ac366b8aaef89f3e2fef433586f098e0
2025-02-07 13:09:37 [main] INFO  l.i.u.t.SubmittedApplicationsPageTest - Marking 'Taip' radio button 12
2025-02-07 13:09:47 [main] DEBUG l.i.u.t.SubmittedApplicationsPageTest - Checked 'ConfirmationStepFour'
2025-02-07 13:09:48 [main] DEBUG l.i.u.t.SubmittedApplicationsPageTest - Clicked 'Next' button after checkboxes.
2025-02-07 13:09:48 [main] INFO  l.i.u.p.SubmittedApplicationsPage - File uploaded successfully to an input element.
2025-02-07 13:09:48 [main] INFO  l.i.u.p.SubmittedApplicationsPage - File uploaded successfully to an input element.
2025-02-07 13:09:48 [main] INFO  l.i.u.p.SubmittedApplicationsPage - File uploaded successfully to an input element.
2025-02-07 13:09:48 [main] INFO  l.i.u.p.SubmittedApplicationsPage - File uploaded successfully to an input element.
2025-02-07 13:09:48 [main] INFO  l.i.u.p.SubmittedApplicationsPage - File uploaded successfully to an input element.
2025-02-07 13:09:48 [main] INFO  l.i.u.p.SubmittedApplicationsPage - File uploaded successfully to an input element.
2025-02-07 13:09:48 [main] INFO  l.i.u.p.SubmittedApplicationsPage - File uploaded successfully to an input element.
2025-02-07 13:09:48 [main] INFO  l.i.u.p.SubmittedApplicationsPage - File uploaded successfully to an input element.
2025-02-07 13:09:48 [main] INFO  l.i.u.p.SubmittedApplicationsPage - File uploaded successfully to an input element.
2025-02-07 13:09:48 [main] INFO  l.i.u.p.SubmittedApplicationsPage - File uploaded successfully to an input element.
2025-02-07 13:09:48 [main] DEBUG l.i.u.t.SubmittedApplicationsPageTest - Entered program name: 'Dokumentas 1'.
2025-02-07 13:09:49 [main] DEBUG l.i.u.t.SubmittedApplicationsPageTest - Entered program name: 'Dokumentas 2'.
2025-02-07 13:09:49 [main] DEBUG l.i.u.t.SubmittedApplicationsPageTest - Entered program name: 'Dokumentas 3'.
2025-02-07 13:09:49 [main] DEBUG l.i.u.t.SubmittedApplicationsPageTest - Entered program name: 'Dokumentas 4'.
2025-02-07 13:09:49 [main] DEBUG l.i.u.t.SubmittedApplicationsPageTest - Entered program name: 'Dokumentas 5'.
2025-02-07 13:09:49 [main] DEBUG l.i.u.t.SubmittedApplicationsPageTest - Entered program name: 'Dokumentas 6'.
2025-02-07 13:09:50 [main] DEBUG l.i.u.t.SubmittedApplicationsPageTest - Entered program name: 'Dokumentas 4'.
2025-02-07 13:09:50 [main] DEBUG l.i.u.t.SubmittedApplicationsPageTest - Entered program name: 'Dokumentas 8'.
2025-02-07 13:10:00 [main] DEBUG l.i.u.t.SubmittedApplicationsPageTest - Checked 'ConfirmationDocument'
2025-02-07 13:10:10 [main] DEBUG l.i.u.t.SubmittedApplicationsPageTest - Checked 'ConfirmationApplication'
2025-02-07 13:10:10 [main] DEBUG l.i.u.t.SubmittedApplicationsPageTest - Clicked 'SaveDraft' button after checkboxes.
2025-02-07 13:10:10 [main] DEBUG l.insoft.uztis.pages.InvitationsPage - Verified success message: 'Ruošinys sėkmingai išsaugotas.'
2025-02-07 13:10:10 [main] DEBUG l.i.u.t.SubmittedApplicationsPageTest - Clicked 'Review' button after checkboxes.
2025-02-07 13:10:20 [main] ERROR l.i.u.t.SubmittedApplicationsPageTest - Test 'testFillNewVUIApplicationFA' failed with error: no such element: Unable to locate element: {"method":"xpath","selector":"//common-button/button[contains(text(), 'Pateikti')]"}
  (Session info: chrome=132.0.6834.196)
For documentation on this error, please visit: https://www.selenium.dev/documentation/webdriver/troubleshooting/errors#no-such-element-exception
Build info: version: '4.27.0', revision: 'd6e718d134'
System info: os.name: 'Windows 11', os.arch: 'amd64', os.version: '10.0', java.version: '21.0.3'
Driver info: org.openqa.selenium.chrome.ChromeDriver
Command: [ac366b8aaef89f3e2fef433586f098e0, findElement {using=xpath, value=//common-button/button[contains(text(), 'Pateikti')]}]
Capabilities {acceptInsecureCerts: false, browserName: chrome, browserVersion: 132.0.6834.196, chrome: {chromedriverVersion: 132.0.6834.159 (2d77d3fc445..., userDataDir: C:\Users\INGRID~1.ZAD\AppDa...}, fedcm:accounts: true, goog:chromeOptions: {debuggerAddress: localhost:54326}, networkConnectionEnabled: false, pageLoadStrategy: normal, platformName: windows, proxy: Proxy(), se:cdp: ws://localhost:54326/devtoo..., se:cdpVersion: 132.0.6834.196, setWindowRect: true, strictFileInteractability: false, timeouts: {implicit: 0, pageLoad: 300000, script: 30000}, unhandledPromptBehavior: dismiss and notify, webauthn:extension:credBlob: true, webauthn:extension:largeBlob: true, webauthn:extension:minPinLength: true, webauthn:extension:prf: true, webauthn:virtualAuthenticators: true}
Session ID: ac366b8aaef89f3e2fef433586f098e0
org.openqa.selenium.NoSuchElementException: no such element: Unable to locate element: {"method":"xpath","selector":"//common-button/button[contains(text(), 'Pateikti')]"}
  (Session info: chrome=132.0.6834.196)
For documentation on this error, please visit: https://www.selenium.dev/documentation/webdriver/troubleshooting/errors#no-such-element-exception
Build info: version: '4.27.0', revision: 'd6e718d134'
System info: os.name: 'Windows 11', os.arch: 'amd64', os.version: '10.0', java.version: '21.0.3'
Driver info: org.openqa.selenium.chrome.ChromeDriver
Command: [ac366b8aaef89f3e2fef433586f098e0, findElement {using=xpath, value=//common-button/button[contains(text(), 'Pateikti')]}]
Capabilities {acceptInsecureCerts: false, browserName: chrome, browserVersion: 132.0.6834.196, chrome: {chromedriverVersion: 132.0.6834.159 (2d77d3fc445..., userDataDir: C:\Users\INGRID~1.ZAD\AppDa...}, fedcm:accounts: true, goog:chromeOptions: {debuggerAddress: localhost:54326}, networkConnectionEnabled: false, pageLoadStrategy: normal, platformName: windows, proxy: Proxy(), se:cdp: ws://localhost:54326/devtoo..., se:cdpVersion: 132.0.6834.196, setWindowRect: true, strictFileInteractability: false, timeouts: {implicit: 0, pageLoad: 300000, script: 30000}, unhandledPromptBehavior: dismiss and notify, webauthn:extension:credBlob: true, webauthn:extension:largeBlob: true, webauthn:extension:minPinLength: true, webauthn:extension:prf: true, webauthn:virtualAuthenticators: true}
Session ID: ac366b8aaef89f3e2fef433586f098e0
	at java.base/jdk.internal.reflect.DirectConstructorHandleAccessor.newInstance(DirectConstructorHandleAccessor.java:62)
	at java.base/java.lang.reflect.Constructor.newInstanceWithCaller(Constructor.java:502)
	at java.base/java.lang.reflect.Constructor.newInstance(Constructor.java:486)
	at org.openqa.selenium.remote.ErrorCodec.decode(ErrorCodec.java:167)
	at org.openqa.selenium.remote.codec.w3c.W3CHttpResponseCodec.decode(W3CHttpResponseCodec.java:138)
	at org.openqa.selenium.remote.codec.w3c.W3CHttpResponseCodec.decode(W3CHttpResponseCodec.java:50)
	at org.openqa.selenium.remote.HttpCommandExecutor.execute(HttpCommandExecutor.java:190)
	at org.openqa.selenium.remote.service.DriverCommandExecutor.invokeExecute(DriverCommandExecutor.java:216)
	at org.openqa.selenium.remote.service.DriverCommandExecutor.execute(DriverCommandExecutor.java:174)
	at org.openqa.selenium.remote.RemoteWebDriver.execute(RemoteWebDriver.java:545)
	at org.openqa.selenium.remote.ElementLocation$ElementFinder$2.findElement(ElementLocation.java:165)
	at org.openqa.selenium.remote.ElementLocation.findElement(ElementLocation.java:59)
	at org.openqa.selenium.remote.RemoteWebDriver.findElement(RemoteWebDriver.java:368)
	at org.openqa.selenium.remote.RemoteWebDriver.findElement(RemoteWebDriver.java:362)
	at org.openqa.selenium.support.pagefactory.DefaultElementLocator.findElement(DefaultElementLocator.java:68)
	at org.openqa.selenium.support.pagefactory.internal.LocatingElementHandler.invoke(LocatingElementHandler.java:38)
	at jdk.proxy2/jdk.proxy2.$Proxy14.isSelected(Unknown Source)
	at lt.insoft.uztis.pages.SubmittedApplicationsPage.clickButtonSubmit(SubmittedApplicationsPage.java:534)
	at lt.insoft.uztis.tests.SubmittedApplicationsPageTest.testFillNewVUIApplicationFA(SubmittedApplicationsPageTest.java:439)
	at java.base/jdk.internal.reflect.DirectMethodHandleAccessor.invoke(DirectMethodHandleAccessor.java:103)
	at java.base/java.lang.reflect.Method.invoke(Method.java:580)
	at org.junit.platform.commons.util.ReflectionUtils.invokeMethod(ReflectionUtils.java:728)
	at org.junit.jupiter.engine.execution.MethodInvocation.proceed(MethodInvocation.java:60)
	at org.junit.jupiter.engine.execution.InvocationInterceptorChain$ValidatingInvocation.proceed(InvocationInterceptorChain.java:131)
	at org.junit.jupiter.engine.extension.TimeoutExtension.intercept(TimeoutExtension.java:156)
	at org.junit.jupiter.engine.extension.TimeoutExtension.interceptTestableMethod(TimeoutExtension.java:147)
	at org.junit.jupiter.engine.extension.TimeoutExtension.interceptTestMethod(TimeoutExtension.java:86)
	at org.junit.jupiter.engine.execution.InterceptingExecutableInvoker$ReflectiveInterceptorCall.lambda$ofVoidMethod$0(InterceptingExecutableInvoker.java:103)
	at org.junit.jupiter.engine.execution.InterceptingExecutableInvoker.lambda$invoke$0(InterceptingExecutableInvoker.java:93)
	at org.junit.jupiter.engine.execution.InvocationInterceptorChain$InterceptedInvocation.proceed(InvocationInterceptorChain.java:106)
	at org.junit.jupiter.engine.execution.InvocationInterceptorChain.proceed(InvocationInterceptorChain.java:64)
	at org.junit.jupiter.engine.execution.InvocationInterceptorChain.chainAndInvoke(InvocationInterceptorChain.java:45)
	at org.junit.jupiter.engine.execution.InvocationInterceptorChain.invoke(InvocationInterceptorChain.java:37)
	at org.junit.jupiter.engine.execution.InterceptingExecutableInvoker.invoke(InterceptingExecutableInvoker.java:92)
	at org.junit.jupiter.engine.execution.InterceptingExecutableInvoker.invoke(InterceptingExecutableInvoker.java:86)
	at org.junit.jupiter.engine.descriptor.TestMethodTestDescriptor.lambda$invokeTestMethod$7(TestMethodTestDescriptor.java:218)
	at org.junit.platform.engine.support.hierarchical.ThrowableCollector.execute(ThrowableCollector.java:73)
	at org.junit.jupiter.engine.descriptor.TestMethodTestDescriptor.invokeTestMethod(TestMethodTestDescriptor.java:214)
	at org.junit.jupiter.engine.descriptor.TestMethodTestDescriptor.execute(TestMethodTestDescriptor.java:139)
	at org.junit.jupiter.engine.descriptor.TestMethodTestDescriptor.execute(TestMethodTestDescriptor.java:69)
	at org.junit.platform.engine.support.hierarchical.NodeTestTask.lambda$executeRecursively$6(NodeTestTask.java:151)
	at org.junit.platform.engine.support.hierarchical.ThrowableCollector.execute(ThrowableCollector.java:73)
	at org.junit.platform.engine.support.hierarchical.NodeTestTask.lambda$executeRecursively$8(NodeTestTask.java:141)
	at org.junit.platform.engine.support.hierarchical.Node.around(Node.java:137)
	at org.junit.platform.engine.support.hierarchical.NodeTestTask.lambda$executeRecursively$9(NodeTestTask.java:139)
	at org.junit.platform.engine.support.hierarchical.ThrowableCollector.execute(ThrowableCollector.java:73)
	at org.junit.platform.engine.support.hierarchical.NodeTestTask.executeRecursively(NodeTestTask.java:138)
	at org.junit.platform.engine.support.hierarchical.NodeTestTask.execute(NodeTestTask.java:95)
	at java.base/java.util.ArrayList.forEach(ArrayList.java:1596)
	at org.junit.platform.engine.support.hierarchical.SameThreadHierarchicalTestExecutorService.invokeAll(SameThreadHierarchicalTestExecutorService.java:41)
	at org.junit.platform.engine.support.hierarchical.NodeTestTask.lambda$executeRecursively$6(NodeTestTask.java:155)
	at org.junit.platform.engine.support.hierarchical.ThrowableCollector.execute(ThrowableCollector.java:73)
	at org.junit.platform.engine.support.hierarchical.NodeTestTask.lambda$executeRecursively$8(NodeTestTask.java:141)
	at org.junit.platform.engine.support.hierarchical.Node.around(Node.java:137)
	at org.junit.platform.engine.support.hierarchical.NodeTestTask.lambda$executeRecursively$9(NodeTestTask.java:139)
	at org.junit.platform.engine.support.hierarchical.ThrowableCollector.execute(ThrowableCollector.java:73)
	at org.junit.platform.engine.support.hierarchical.NodeTestTask.executeRecursively(NodeTestTask.java:138)
	at org.junit.platform.engine.support.hierarchical.NodeTestTask.execute(NodeTestTask.java:95)
	at java.base/java.util.ArrayList.forEach(ArrayList.java:1596)
	at org.junit.platform.engine.support.hierarchical.SameThreadHierarchicalTestExecutorService.invokeAll(SameThreadHierarchicalTestExecutorService.java:41)
	at org.junit.platform.engine.support.hierarchical.NodeTestTask.lambda$executeRecursively$6(NodeTestTask.java:155)
	at org.junit.platform.engine.support.hierarchical.ThrowableCollector.execute(ThrowableCollector.java:73)
	at org.junit.platform.engine.support.hierarchical.NodeTestTask.lambda$executeRecursively$8(NodeTestTask.java:141)
	at org.junit.platform.engine.support.hierarchical.Node.around(Node.java:137)
	at org.junit.platform.engine.support.hierarchical.NodeTestTask.lambda$executeRecursively$9(NodeTestTask.java:139)
	at org.junit.platform.engine.support.hierarchical.ThrowableCollector.execute(ThrowableCollector.java:73)
	at org.junit.platform.engine.support.hierarchical.NodeTestTask.executeRecursively(NodeTestTask.java:138)
	at org.junit.platform.engine.support.hierarchical.NodeTestTask.execute(NodeTestTask.java:95)
	at org.junit.platform.engine.support.hierarchical.SameThreadHierarchicalTestExecutorService.submit(SameThreadHierarchicalTestExecutorService.java:35)
	at org.junit.platform.engine.support.hierarchical.HierarchicalTestExecutor.execute(HierarchicalTestExecutor.java:57)
	at org.junit.platform.engine.support.hierarchical.HierarchicalTestEngine.execute(HierarchicalTestEngine.java:54)
	at org.junit.platform.launcher.core.EngineExecutionOrchestrator.execute(EngineExecutionOrchestrator.java:198)
	at org.junit.platform.launcher.core.EngineExecutionOrchestrator.execute(EngineExecutionOrchestrator.java:169)
	at org.junit.platform.launcher.core.EngineExecutionOrchestrator.execute(EngineExecutionOrchestrator.java:93)
	at org.junit.platform.launcher.core.EngineExecutionOrchestrator.lambda$execute$0(EngineExecutionOrchestrator.java:58)
	at org.junit.platform.launcher.core.EngineExecutionOrchestrator.withInterceptedStreams(EngineExecutionOrchestrator.java:141)
	at org.junit.platform.launcher.core.EngineExecutionOrchestrator.execute(EngineExecutionOrchestrator.java:57)
	at org.junit.platform.launcher.core.DefaultLauncher.execute(DefaultLauncher.java:103)
	at org.junit.platform.launcher.core.DefaultLauncher.execute(DefaultLauncher.java:85)
	at org.junit.platform.launcher.core.DelegatingLauncher.execute(DelegatingLauncher.java:47)
	at org.junit.platform.launcher.core.SessionPerRequestLauncher.execute(SessionPerRequestLauncher.java:63)
	at com.intellij.junit5.JUnit5IdeaTestRunner.startRunnerWithArgs(JUnit5IdeaTestRunner.java:57)
	at com.intellij.rt.junit.IdeaTestRunner$Repeater$1.execute(IdeaTestRunner.java:38)
	at com.intellij.rt.execution.junit.TestsRepeater.repeat(TestsRepeater.java:11)
	at com.intellij.rt.junit.IdeaTestRunner$Repeater.startRunnerWithArgs(IdeaTestRunner.java:35)
	at com.intellij.rt.junit.JUnitStarter.prepareStreamsAndStart(JUnitStarter.java:232)
	at com.intellij.rt.junit.JUnitStarter.main(JUnitStarter.java:55)
2025-02-07 13:10:21 [main] INFO  l.insoft.uztis.tests.utils.TestUtils - Screenshot moved to C:\Users\ingrida.zadorozniene\Desktop\Asm\UZTIS\UZTIS_tests\test-output\screenshots\20250207\131021123_testFillNewVUIApplicationFA().png
2025-02-07 13:18:50 [main] INFO  lt.insoft.uztis.tests.UztisPageTest - Navigated to https://uztisdev.asseco.lt/home
2025-02-07 13:18:50 [main] INFO  l.i.u.t.SubmittedApplicationsPageTest - Starting test:'testFillNewVUIPApplicationFA'
2025-02-07 13:18:50 [main] DEBUG l.i.u.t.SubmittedApplicationsPageTest - User logged in with test credentials.
2025-02-07 13:18:50 [main] DEBUG l.i.u.t.SubmittedApplicationsPageTest - Opened 'Application Processing' menu.
2025-02-07 13:18:51 [main] DEBUG l.i.u.t.SubmittedApplicationsPageTest - Clicked on 'Application Forms' menu.
2025-02-07 13:18:51 [main] DEBUG l.i.u.t.SubmittedApplicationsPageTest - Retrieved last description code text: 'TST-VUI-00'.
2025-02-07 13:18:51 [main] DEBUG l.i.u.t.SubmittedApplicationsPageTest - Clicked on 'Invitation' menu.
2025-02-07 13:18:52 [main] DEBUG l.i.u.t.SubmittedApplicationsPageTest - Selected application section by code: 'TST-VUI-00'.
2025-02-07 13:18:52 [main] DEBUG l.i.u.t.SubmittedApplicationsPageTest - Clicked 'Search' button.
2025-02-07 13:18:52 [main] DEBUG l.i.u.t.SubmittedApplicationsPageTest - Retrieved invitation code: ''.
2025-02-07 13:18:52 [main] DEBUG l.i.u.t.SubmittedApplicationsPageTest - Clicked on 'Submitted Applications' menu.
2025-02-07 13:18:53 [main] DEBUG l.i.u.t.SubmittedApplicationsPageTest - Selected invitation by code: 'TST-VUI-00'.
2025-02-07 13:18:53 [main] DEBUG l.i.u.t.SubmittedApplicationsPageTest - Invitation code inserted.
2025-02-07 13:18:54 [main] DEBUG l.i.u.t.SubmittedApplicationsPageTest - Clicked on 'Action Application' button.
2025-02-07 13:18:54 [main] DEBUG l.i.u.t.SubmittedApplicationsPageTest - Clicked on 'New Application' button.
2025-02-07 13:18:54 [main] DEBUG l.i.u.t.SubmittedApplicationsPageTest - Selected the 'RadioButtonFA' option.
2025-02-07 13:18:54 [main] DEBUG l.i.u.t.SubmittedApplicationsPageTest - Entered phone number: '61298745'.
2025-02-07 13:18:55 [main] DEBUG l.i.u.t.SubmittedApplicationsPageTest - Entered email: 'test@autotest.com'.
2025-02-07 13:18:55 [main] INFO  l.i.u.p.SubmittedApplicationsPage - Located the dropdown button.
2025-02-07 13:19:15 [main] INFO  l.i.u.p.SubmittedApplicationsPage - Found 1741 options in the dropdown.
2025-02-07 13:19:15 [main] INFO  l.i.u.p.SubmittedApplicationsPage - Successfully selected the value: '01.11 - Grūdinių (išskyrus ryžius), ankštinių ir aliejingų sėklų augalų auginimas'
2025-02-07 13:19:26 [main] ERROR l.i.u.p.SubmittedApplicationsPage - Failed to close the dropdown with aria-expanded = 'false'. Attempting manual close.
2025-02-07 13:19:26 [main] INFO  l.i.u.p.SubmittedApplicationsPage - Manual close attempt for the dropdown using body click.
2025-02-07 13:19:26 [main] DEBUG l.i.u.t.SubmittedApplicationsPageTest - Selected EVRK value: '01.11 - Grūdinių (išskyrus ryžius), ankštinių ir aliejingų sėklų augalų auginimas'.
2025-02-07 13:19:26 [main] DEBUG l.i.u.t.SubmittedApplicationsPageTest - Entered address: 'Vilniaus m. sav., Vilnius, Testo g. 10T'.
2025-02-07 13:19:26 [main] DEBUG l.i.u.t.SubmittedApplicationsPageTest - Entered project date.
2025-02-07 13:19:26 [main] DEBUG l.i.u.t.SubmittedApplicationsPageTest - Entered job count: '1'.
2025-02-07 13:19:27 [main] DEBUG l.i.u.t.SubmittedApplicationsPageTest - Clicked 'Next' button.
2025-02-07 13:19:27 [main] INFO  l.i.u.p.SubmittedApplicationsPage - Located the dropdown button.
2025-02-07 13:19:27 [main] INFO  l.i.u.p.SubmittedApplicationsPage - Successfully selected the value: 'Administratoriai'
2025-02-07 13:19:58 [main] ERROR l.i.u.p.SubmittedApplicationsPage - Timeout while waiting for dropdown to close with aria-expanded = 'false'.
2025-02-07 13:19:58 [main] DEBUG l.i.u.t.SubmittedApplicationsPageTest - Selected job name: 'Administratoriai'.
2025-02-07 13:19:58 [main] DEBUG l.i.u.t.SubmittedApplicationsPageTest - Entered job function: 'Funkcija 1'.
2025-02-07 13:19:58 [main] DEBUG l.i.u.t.SubmittedApplicationsPageTest - Selected 'RadioButtonWithDisabilities' option.
2025-02-07 13:19:58 [main] INFO  l.i.u.p.SubmittedApplicationsPage - Clicking on the dropdown button.
2025-02-07 13:19:59 [main] INFO  l.i.u.p.SubmittedApplicationsPage - Found 34 options in the dropdown.
2025-02-07 13:19:59 [main] DEBUG l.i.u.p.SubmittedApplicationsPage - Checking option: 'Asmenys, kuriems suteiktas pabėgėlio statusas ar perkeliamojo asmens statusas, arba asmenys, kuriems suteikta papildoma ar laikinoji apsauga, ir asmenys, turintys teisę gauti laikinąją apsaugą, iki sprendimo dėl laikinosios apsaugos suteikimo (nesuteikimo) priėmimo, tačiau ne ilgiau kaip laikinosios apsaugos laikotarpiu'
2025-02-07 13:19:59 [main] DEBUG l.i.u.p.SubmittedApplicationsPage - Checking option: 'Asmenys, kuriems suteiktas pabėgėlio statusas ar perkeliamojo asmens statusas, arba asmenys, kuriems suteikta papildoma ar laikinoji apsauga, ir asmenys, turintys teisę gauti laikinąją apsaugą, iki sprendimo dėl laikinosios apsaugos suteikimo (nesuteikimo) priėmimo, tačiau ne ilgiau kaip laikinosios apsaugos laikotarpiu'
2025-02-07 13:19:59 [main] DEBUG l.i.u.p.SubmittedApplicationsPage - Checking option: 'Asmenys, turintys teisę į papildomas užimtumo garantijas pagal Lietuvos Respublikos valstybės įmonės Ignalinos atominės elektrinės darbuotojų papildomų užimtumo ir socialinių garantijų įstatymą'
2025-02-07 13:19:59 [main] DEBUG l.i.u.p.SubmittedApplicationsPage - Checking option: 'Asmenys, turintys teisę į papildomas užimtumo garantijas pagal Lietuvos Respublikos valstybės įmonės Ignalinos atominės elektrinės darbuotojų papildomų užimtumo ir socialinių garantijų įstatymą'
2025-02-07 13:19:59 [main] DEBUG l.i.u.p.SubmittedApplicationsPage - Checking option: 'Bedarbiai iki 29 metų'
2025-02-07 13:19:59 [main] DEBUG l.i.u.p.SubmittedApplicationsPage - Checking option: 'Bedarbiai iki 29 metų'
2025-02-07 13:19:59 [main] DEBUG l.i.u.p.SubmittedApplicationsPage - Checking option: 'Bedarbiai, kurie yra darbingo amžiaus neįgalieji, kuriems nustatytas 30–40 procentų darbingumo lygis arba vidutinis neįgalumo lygis'
2025-02-07 13:19:59 [main] DEBUG l.i.u.p.SubmittedApplicationsPage - Checking option: 'Bedarbiai, kurie yra darbingo amžiaus neįgalieji, kuriems nustatytas 30–40 procentų darbingumo lygis arba vidutinis neįgalumo lygis'
2025-02-07 13:19:59 [main] DEBUG l.i.u.p.SubmittedApplicationsPage - Checking option: 'Bedarbiai, kurie yra darbingo amžiaus neįgalieji, kuriems nustatytas 45–55 procentų darbingumo lygis arba lengvas neįgalumo lygis'
2025-02-07 13:19:59 [main] DEBUG l.i.u.p.SubmittedApplicationsPage - Checking option: 'Bedarbiai, kurie yra darbingo amžiaus neįgalieji, kuriems nustatytas 45–55 procentų darbingumo lygis arba lengvas neįgalumo lygis'
2025-02-07 13:19:59 [main] DEBUG l.i.u.p.SubmittedApplicationsPage - Checking option: 'Bedarbiai, kurie yra darbingo amžiaus neįgalieji, kuriems nustatytas iki 25 procentų darbingumo lygis arba sunkus neįgalumo lygis'
2025-02-07 13:19:59 [main] INFO  l.i.u.p.SubmittedApplicationsPage - Successfully selected the value: 'Bedarbiai, kurie yra darbingo amžiaus neįgalieji, kuriems nustatytas iki 25 procentų darbingumo lygis arba sunkus neįgalumo lygis'
2025-02-07 13:19:59 [main] INFO  l.i.u.p.SubmittedApplicationsPage - Attempting to close the dropdown.
2025-02-07 13:20:10 [main] INFO  l.i.u.p.SubmittedApplicationsPage - Dropdown should be closed now.
2025-02-07 13:20:10 [main] DEBUG l.i.u.t.SubmittedApplicationsPageTest - Selected disabilities type: 'Bedarbiai, kurie yra darbingo amžiaus neįgalieji, kuriems nustatytas iki 25 procentų darbingumo lygis arba sunkus neįgalumo lygis'.
2025-02-07 13:20:10 [main] DEBUG l.i.u.t.SubmittedApplicationsPageTest - Entered disability information: 'Negalia 1'.
2025-02-07 13:20:10 [main] INFO  l.i.u.p.SubmittedApplicationsPage - Located the dropdown button.
2025-02-07 13:20:10 [main] INFO  l.i.u.p.SubmittedApplicationsPage - Successfully selected the value: 'Kita'
2025-02-07 13:20:21 [main] ERROR l.i.u.p.SubmittedApplicationsPage - Timeout while waiting for dropdown to close with aria-expanded = 'false'.
2025-02-07 13:20:21 [main] DEBUG l.i.u.t.SubmittedApplicationsPageTest - Selected time mode: 'Kita'.
2025-02-07 13:20:21 [main] DEBUG l.i.u.t.SubmittedApplicationsPageTest - Selected time mode other: '6 val. per dieną ir 4 d. per savaitę'.
2025-02-07 13:20:21 [main] DEBUG l.i.u.t.SubmittedApplicationsPageTest - Entered qualification: 'Kvalifikacija 1'.
2025-02-07 13:20:21 [main] DEBUG l.i.u.t.SubmittedApplicationsPageTest - Entered job date.
2025-02-07 13:20:22 [main] DEBUG l.i.u.t.SubmittedApplicationsPageTest - Entered salary amount: '1200'.
2025-02-07 13:20:22 [main] DEBUG l.i.u.t.SubmittedApplicationsPageTest - Selected 'Temporary Job' radio button.
2025-02-07 13:20:22 [main] DEBUG l.i.u.t.SubmittedApplicationsPageTest - Selected 'Season Job' radio button.
2025-02-07 13:20:22 [main] DEBUG l.i.u.t.SubmittedApplicationsPageTest - Selected 'Energy' radio button.
2025-02-07 13:20:22 [main] DEBUG l.i.u.t.SubmittedApplicationsPageTest - Selected 'Repair' radio button.
2025-02-07 13:20:22 [main] DEBUG l.i.u.t.SubmittedApplicationsPageTest - Entered job description: 'Veikla 1'.
2025-02-07 13:20:23 [main] DEBUG l.i.u.t.SubmittedApplicationsPageTest - Entered process description: 'Procesas 1'.
2025-02-07 13:20:23 [main] DEBUG l.i.u.t.SubmittedApplicationsPageTest - Entered energy information: 'Energija 1'.
2025-02-07 13:20:23 [main] DEBUG l.i.u.t.SubmittedApplicationsPageTest - Entered repair information: 'Remontas 1'.
2025-02-07 13:20:23 [main] DEBUG l.i.u.t.SubmittedApplicationsPageTest - Selected 'PVM' radio button.
2025-02-07 13:20:23 [main] INFO  l.i.u.p.SubmittedApplicationsPage - Located the dropdown button.
2025-02-07 13:20:24 [main] INFO  l.i.u.p.SubmittedApplicationsPage - Successfully selected the value: 'Įsigyti'
2025-02-07 13:20:44 [main] ERROR l.i.u.p.SubmittedApplicationsPage - Timeout while waiting for dropdown to close with aria-expanded = 'false'.
2025-02-07 13:20:44 [main] DEBUG l.i.u.t.SubmittedApplicationsPageTest - Selected necessary for job: 'Įsigyti'.
2025-02-07 13:20:44 [main] DEBUG l.i.u.t.SubmittedApplicationsPageTest - Selected tool: 'Darbo priemonė 1'.
2025-02-07 13:20:45 [main] DEBUG l.i.u.t.SubmittedApplicationsPageTest - Selected tool parameter one: 'Darbo priemonės 1 parametras 1'.
2025-02-07 13:20:45 [main] DEBUG l.i.u.t.SubmittedApplicationsPageTest - Selected tool parameter two: 'Darbo priemonės 1 parametras 2'.
2025-02-07 13:20:45 [main] DEBUG l.i.u.t.SubmittedApplicationsPageTest - Selected tool parameter three: 'Darbo priemonės 1 parametras 3'.
2025-02-07 13:20:45 [main] DEBUG l.i.u.t.SubmittedApplicationsPageTest - Entered tool count: '1'.
2025-02-07 13:20:45 [main] DEBUG l.i.u.t.SubmittedApplicationsPageTest - Entered price amount 1: '1000'.
2025-02-07 13:20:45 [main] DEBUG l.i.u.t.SubmittedApplicationsPageTest - Entered own funds amount 1: '800'.
2025-02-07 13:20:46 [main] DEBUG l.i.u.t.SubmittedApplicationsPageTest - Clicked 'Add' button.
2025-02-07 13:20:46 [main] INFO  l.i.u.p.SubmittedApplicationsPage - Located the dropdown button.
2025-02-07 13:20:46 [main] INFO  l.i.u.p.SubmittedApplicationsPage - Successfully selected the value: 'Remontuoti'
2025-02-07 13:21:06 [main] ERROR l.i.u.p.SubmittedApplicationsPage - Timeout while waiting for dropdown to close with aria-expanded = 'false'.
2025-02-07 13:21:06 [main] DEBUG l.i.u.t.SubmittedApplicationsPageTest - Selected necessary for job 'to repair': 'Remontuoti'.
2025-02-07 13:21:07 [main] DEBUG l.i.u.t.SubmittedApplicationsPageTest - Selected repair name: 'Remonto pavadinimas 1'.
2025-02-07 13:21:07 [main] DEBUG l.i.u.t.SubmittedApplicationsPageTest - Entered repair information: 'Remonto aprašymas 1'.
2025-02-07 13:21:07 [main] DEBUG l.i.u.t.SubmittedApplicationsPageTest - Entered price amount 2: '1000'.
2025-02-07 13:21:07 [main] DEBUG l.i.u.t.SubmittedApplicationsPageTest - Entered own funds amount 2: '900'.
2025-02-07 13:21:07 [main] DEBUG l.i.u.t.SubmittedApplicationsPageTest - Entered country percentage: '50'.
2025-02-07 13:21:07 [main] DEBUG l.i.u.t.SubmittedApplicationsPageTest - Entered institution percentage: '50'.
2025-02-07 13:21:08 [main] DEBUG l.i.u.t.SubmittedApplicationsPageTest - Entered municipality percentage: '50'.
2025-02-07 13:21:08 [main] DEBUG l.i.u.t.SubmittedApplicationsPageTest - Selected 'De Minimis' radio button.
2025-02-07 13:21:08 [main] DEBUG l.i.u.t.SubmittedApplicationsPageTest - Entered program name: 'Programa 1'.
2025-02-07 13:21:08 [main] DEBUG l.i.u.t.SubmittedApplicationsPageTest - Entered project date from.
2025-02-07 13:21:08 [main] DEBUG l.i.u.t.SubmittedApplicationsPageTest - Entered project date until.
2025-02-07 13:21:09 [main] DEBUG l.i.u.t.SubmittedApplicationsPageTest - Entered support amount: '2000'.
2025-02-07 13:21:09 [main] DEBUG l.i.u.t.SubmittedApplicationsPageTest - Clicked 'Next' button.
2025-02-07 13:21:19 [main] DEBUG l.i.u.t.SubmittedApplicationsPageTest - Checked 'Legal Entities' checkbox 1.
2025-02-07 13:21:29 [main] DEBUG l.i.u.t.SubmittedApplicationsPageTest - Checked 'Legal Entities' checkbox 2.
2025-02-07 13:21:39 [main] DEBUG l.i.u.t.SubmittedApplicationsPageTest - Checked 'Legal Entities' checkbox 3.
2025-02-07 13:21:39 [main] DEBUG l.i.u.t.SubmittedApplicationsPageTest - Test finished: All 'Legal Entities' checkboxes checked successfully.
2025-02-07 13:21:39 [main] DEBUG l.i.u.t.SubmittedApplicationsPageTest - Clicked 'Next' button after checkboxes.
2025-02-07 13:21:50 [main] ERROR l.i.u.p.SubmittedApplicationsPage - Error selecting radio button: Expected condition failed: waiting for element to be clickable: By.xpath: (//input[@type='radio' and @value='false'])[8] (tried for 10 second(s) with 500 milliseconds interval)
Build info: version: '4.27.0', revision: 'd6e718d134'
System info: os.name: 'Windows 11', os.arch: 'amd64', os.version: '10.0', java.version: '21.0.3'
Driver info: org.openqa.selenium.chrome.ChromeDriver
Capabilities {acceptInsecureCerts: false, browserName: chrome, browserVersion: 132.0.6834.196, chrome: {chromedriverVersion: 132.0.6834.159 (2d77d3fc445..., userDataDir: C:\Users\INGRID~1.ZAD\AppDa...}, fedcm:accounts: true, goog:chromeOptions: {debuggerAddress: localhost:54809}, networkConnectionEnabled: false, pageLoadStrategy: normal, platformName: windows, proxy: Proxy(), se:cdp: ws://localhost:54809/devtoo..., se:cdpVersion: 132.0.6834.196, setWindowRect: true, strictFileInteractability: false, timeouts: {implicit: 0, pageLoad: 300000, script: 30000}, unhandledPromptBehavior: dismiss and notify, webauthn:extension:credBlob: true, webauthn:extension:largeBlob: true, webauthn:extension:minPinLength: true, webauthn:extension:prf: true, webauthn:virtualAuthenticators: true}
Session ID: 2eae20e862dd983605d5754967cf3817
2025-02-07 13:21:50 [main] INFO  l.i.u.t.SubmittedApplicationsPageTest - Marking 'Ne' radio button 1
2025-02-07 13:22:00 [main] ERROR l.i.u.p.SubmittedApplicationsPage - Error selecting radio button: Expected condition failed: waiting for element to be clickable: By.xpath: (//input[@type='radio' and @value='false'])[9] (tried for 10 second(s) with 500 milliseconds interval)
Build info: version: '4.27.0', revision: 'd6e718d134'
System info: os.name: 'Windows 11', os.arch: 'amd64', os.version: '10.0', java.version: '21.0.3'
Driver info: org.openqa.selenium.chrome.ChromeDriver
Capabilities {acceptInsecureCerts: false, browserName: chrome, browserVersion: 132.0.6834.196, chrome: {chromedriverVersion: 132.0.6834.159 (2d77d3fc445..., userDataDir: C:\Users\INGRID~1.ZAD\AppDa...}, fedcm:accounts: true, goog:chromeOptions: {debuggerAddress: localhost:54809}, networkConnectionEnabled: false, pageLoadStrategy: normal, platformName: windows, proxy: Proxy(), se:cdp: ws://localhost:54809/devtoo..., se:cdpVersion: 132.0.6834.196, setWindowRect: true, strictFileInteractability: false, timeouts: {implicit: 0, pageLoad: 300000, script: 30000}, unhandledPromptBehavior: dismiss and notify, webauthn:extension:credBlob: true, webauthn:extension:largeBlob: true, webauthn:extension:minPinLength: true, webauthn:extension:prf: true, webauthn:virtualAuthenticators: true}
Session ID: 2eae20e862dd983605d5754967cf3817
2025-02-07 13:22:00 [main] INFO  l.i.u.t.SubmittedApplicationsPageTest - Marking 'Ne' radio button 2
2025-02-07 13:22:10 [main] ERROR l.i.u.p.SubmittedApplicationsPage - Error selecting radio button: Expected condition failed: waiting for element to be clickable: By.xpath: (//input[@type='radio' and @value='false'])[10] (tried for 10 second(s) with 500 milliseconds interval)
Build info: version: '4.27.0', revision: 'd6e718d134'
System info: os.name: 'Windows 11', os.arch: 'amd64', os.version: '10.0', java.version: '21.0.3'
Driver info: org.openqa.selenium.chrome.ChromeDriver
Capabilities {acceptInsecureCerts: false, browserName: chrome, browserVersion: 132.0.6834.196, chrome: {chromedriverVersion: 132.0.6834.159 (2d77d3fc445..., userDataDir: C:\Users\INGRID~1.ZAD\AppDa...}, fedcm:accounts: true, goog:chromeOptions: {debuggerAddress: localhost:54809}, networkConnectionEnabled: false, pageLoadStrategy: normal, platformName: windows, proxy: Proxy(), se:cdp: ws://localhost:54809/devtoo..., se:cdpVersion: 132.0.6834.196, setWindowRect: true, strictFileInteractability: false, timeouts: {implicit: 0, pageLoad: 300000, script: 30000}, unhandledPromptBehavior: dismiss and notify, webauthn:extension:credBlob: true, webauthn:extension:largeBlob: true, webauthn:extension:minPinLength: true, webauthn:extension:prf: true, webauthn:virtualAuthenticators: true}
Session ID: 2eae20e862dd983605d5754967cf3817
2025-02-07 13:22:10 [main] INFO  l.i.u.t.SubmittedApplicationsPageTest - Marking 'Ne' radio button 3
2025-02-07 13:22:20 [main] ERROR l.i.u.p.SubmittedApplicationsPage - Error selecting radio button: Expected condition failed: waiting for element to be clickable: By.xpath: (//input[@type='radio' and @value='false'])[11] (tried for 10 second(s) with 500 milliseconds interval)
Build info: version: '4.27.0', revision: 'd6e718d134'
System info: os.name: 'Windows 11', os.arch: 'amd64', os.version: '10.0', java.version: '21.0.3'
Driver info: org.openqa.selenium.chrome.ChromeDriver
Capabilities {acceptInsecureCerts: false, browserName: chrome, browserVersion: 132.0.6834.196, chrome: {chromedriverVersion: 132.0.6834.159 (2d77d3fc445..., userDataDir: C:\Users\INGRID~1.ZAD\AppDa...}, fedcm:accounts: true, goog:chromeOptions: {debuggerAddress: localhost:54809}, networkConnectionEnabled: false, pageLoadStrategy: normal, platformName: windows, proxy: Proxy(), se:cdp: ws://localhost:54809/devtoo..., se:cdpVersion: 132.0.6834.196, setWindowRect: true, strictFileInteractability: false, timeouts: {implicit: 0, pageLoad: 300000, script: 30000}, unhandledPromptBehavior: dismiss and notify, webauthn:extension:credBlob: true, webauthn:extension:largeBlob: true, webauthn:extension:minPinLength: true, webauthn:extension:prf: true, webauthn:virtualAuthenticators: true}
Session ID: 2eae20e862dd983605d5754967cf3817
2025-02-07 13:22:20 [main] INFO  l.i.u.t.SubmittedApplicationsPageTest - Marking 'Ne' radio button 4
2025-02-07 13:22:30 [main] ERROR l.i.u.p.SubmittedApplicationsPage - Error selecting radio button: Expected condition failed: waiting for element to be clickable: By.xpath: (//input[@type='radio' and @value='false'])[12] (tried for 10 second(s) with 500 milliseconds interval)
Build info: version: '4.27.0', revision: 'd6e718d134'
System info: os.name: 'Windows 11', os.arch: 'amd64', os.version: '10.0', java.version: '21.0.3'
Driver info: org.openqa.selenium.chrome.ChromeDriver
Capabilities {acceptInsecureCerts: false, browserName: chrome, browserVersion: 132.0.6834.196, chrome: {chromedriverVersion: 132.0.6834.159 (2d77d3fc445..., userDataDir: C:\Users\INGRID~1.ZAD\AppDa...}, fedcm:accounts: true, goog:chromeOptions: {debuggerAddress: localhost:54809}, networkConnectionEnabled: false, pageLoadStrategy: normal, platformName: windows, proxy: Proxy(), se:cdp: ws://localhost:54809/devtoo..., se:cdpVersion: 132.0.6834.196, setWindowRect: true, strictFileInteractability: false, timeouts: {implicit: 0, pageLoad: 300000, script: 30000}, unhandledPromptBehavior: dismiss and notify, webauthn:extension:credBlob: true, webauthn:extension:largeBlob: true, webauthn:extension:minPinLength: true, webauthn:extension:prf: true, webauthn:virtualAuthenticators: true}
Session ID: 2eae20e862dd983605d5754967cf3817
2025-02-07 13:22:30 [main] INFO  l.i.u.t.SubmittedApplicationsPageTest - Marking 'Ne' radio button 5
2025-02-07 13:22:40 [main] ERROR l.i.u.p.SubmittedApplicationsPage - Error selecting radio button: Expected condition failed: waiting for element to be clickable: By.xpath: (//input[@type='radio' and @value='false'])[13] (tried for 10 second(s) with 500 milliseconds interval)
Build info: version: '4.27.0', revision: 'd6e718d134'
System info: os.name: 'Windows 11', os.arch: 'amd64', os.version: '10.0', java.version: '21.0.3'
Driver info: org.openqa.selenium.chrome.ChromeDriver
Capabilities {acceptInsecureCerts: false, browserName: chrome, browserVersion: 132.0.6834.196, chrome: {chromedriverVersion: 132.0.6834.159 (2d77d3fc445..., userDataDir: C:\Users\INGRID~1.ZAD\AppDa...}, fedcm:accounts: true, goog:chromeOptions: {debuggerAddress: localhost:54809}, networkConnectionEnabled: false, pageLoadStrategy: normal, platformName: windows, proxy: Proxy(), se:cdp: ws://localhost:54809/devtoo..., se:cdpVersion: 132.0.6834.196, setWindowRect: true, strictFileInteractability: false, timeouts: {implicit: 0, pageLoad: 300000, script: 30000}, unhandledPromptBehavior: dismiss and notify, webauthn:extension:credBlob: true, webauthn:extension:largeBlob: true, webauthn:extension:minPinLength: true, webauthn:extension:prf: true, webauthn:virtualAuthenticators: true}
Session ID: 2eae20e862dd983605d5754967cf3817
2025-02-07 13:22:40 [main] INFO  l.i.u.t.SubmittedApplicationsPageTest - Marking 'Ne' radio button 6
2025-02-07 13:22:50 [main] ERROR l.i.u.p.SubmittedApplicationsPage - Error selecting radio button: Expected condition failed: waiting for element to be clickable: By.xpath: (//input[@type='radio' and @value='true'])[14] (tried for 10 second(s) with 500 milliseconds interval)
Build info: version: '4.27.0', revision: 'd6e718d134'
System info: os.name: 'Windows 11', os.arch: 'amd64', os.version: '10.0', java.version: '21.0.3'
Driver info: org.openqa.selenium.chrome.ChromeDriver
Capabilities {acceptInsecureCerts: false, browserName: chrome, browserVersion: 132.0.6834.196, chrome: {chromedriverVersion: 132.0.6834.159 (2d77d3fc445..., userDataDir: C:\Users\INGRID~1.ZAD\AppDa...}, fedcm:accounts: true, goog:chromeOptions: {debuggerAddress: localhost:54809}, networkConnectionEnabled: false, pageLoadStrategy: normal, platformName: windows, proxy: Proxy(), se:cdp: ws://localhost:54809/devtoo..., se:cdpVersion: 132.0.6834.196, setWindowRect: true, strictFileInteractability: false, timeouts: {implicit: 0, pageLoad: 300000, script: 30000}, unhandledPromptBehavior: dismiss and notify, webauthn:extension:credBlob: true, webauthn:extension:largeBlob: true, webauthn:extension:minPinLength: true, webauthn:extension:prf: true, webauthn:virtualAuthenticators: true}
Session ID: 2eae20e862dd983605d5754967cf3817
2025-02-07 13:22:50 [main] INFO  l.i.u.t.SubmittedApplicationsPageTest - Marking 'Taip' radio button 7
2025-02-07 13:23:00 [main] ERROR l.i.u.p.SubmittedApplicationsPage - Error selecting radio button: Expected condition failed: waiting for element to be clickable: By.xpath: (//input[@type='radio' and @value='true'])[15] (tried for 10 second(s) with 500 milliseconds interval)
Build info: version: '4.27.0', revision: 'd6e718d134'
System info: os.name: 'Windows 11', os.arch: 'amd64', os.version: '10.0', java.version: '21.0.3'
Driver info: org.openqa.selenium.chrome.ChromeDriver
Capabilities {acceptInsecureCerts: false, browserName: chrome, browserVersion: 132.0.6834.196, chrome: {chromedriverVersion: 132.0.6834.159 (2d77d3fc445..., userDataDir: C:\Users\INGRID~1.ZAD\AppDa...}, fedcm:accounts: true, goog:chromeOptions: {debuggerAddress: localhost:54809}, networkConnectionEnabled: false, pageLoadStrategy: normal, platformName: windows, proxy: Proxy(), se:cdp: ws://localhost:54809/devtoo..., se:cdpVersion: 132.0.6834.196, setWindowRect: true, strictFileInteractability: false, timeouts: {implicit: 0, pageLoad: 300000, script: 30000}, unhandledPromptBehavior: dismiss and notify, webauthn:extension:credBlob: true, webauthn:extension:largeBlob: true, webauthn:extension:minPinLength: true, webauthn:extension:prf: true, webauthn:virtualAuthenticators: true}
Session ID: 2eae20e862dd983605d5754967cf3817
2025-02-07 13:23:00 [main] INFO  l.i.u.t.SubmittedApplicationsPageTest - Marking 'Taip' radio button 8
2025-02-07 13:23:10 [main] ERROR l.i.u.p.SubmittedApplicationsPage - Error selecting radio button: Expected condition failed: waiting for element to be clickable: By.xpath: (//input[@type='radio' and @value='true'])[16] (tried for 10 second(s) with 500 milliseconds interval)
Build info: version: '4.27.0', revision: 'd6e718d134'
System info: os.name: 'Windows 11', os.arch: 'amd64', os.version: '10.0', java.version: '21.0.3'
Driver info: org.openqa.selenium.chrome.ChromeDriver
Capabilities {acceptInsecureCerts: false, browserName: chrome, browserVersion: 132.0.6834.196, chrome: {chromedriverVersion: 132.0.6834.159 (2d77d3fc445..., userDataDir: C:\Users\INGRID~1.ZAD\AppDa...}, fedcm:accounts: true, goog:chromeOptions: {debuggerAddress: localhost:54809}, networkConnectionEnabled: false, pageLoadStrategy: normal, platformName: windows, proxy: Proxy(), se:cdp: ws://localhost:54809/devtoo..., se:cdpVersion: 132.0.6834.196, setWindowRect: true, strictFileInteractability: false, timeouts: {implicit: 0, pageLoad: 300000, script: 30000}, unhandledPromptBehavior: dismiss and notify, webauthn:extension:credBlob: true, webauthn:extension:largeBlob: true, webauthn:extension:minPinLength: true, webauthn:extension:prf: true, webauthn:virtualAuthenticators: true}
Session ID: 2eae20e862dd983605d5754967cf3817
2025-02-07 13:23:11 [main] INFO  l.i.u.t.SubmittedApplicationsPageTest - Marking 'Taip' radio button 9
2025-02-07 13:23:21 [main] ERROR l.i.u.p.SubmittedApplicationsPage - Error selecting radio button: Expected condition failed: waiting for element to be clickable: By.xpath: (//input[@type='radio' and @value='true'])[17] (tried for 10 second(s) with 500 milliseconds interval)
Build info: version: '4.27.0', revision: 'd6e718d134'
System info: os.name: 'Windows 11', os.arch: 'amd64', os.version: '10.0', java.version: '21.0.3'
Driver info: org.openqa.selenium.chrome.ChromeDriver
Capabilities {acceptInsecureCerts: false, browserName: chrome, browserVersion: 132.0.6834.196, chrome: {chromedriverVersion: 132.0.6834.159 (2d77d3fc445..., userDataDir: C:\Users\INGRID~1.ZAD\AppDa...}, fedcm:accounts: true, goog:chromeOptions: {debuggerAddress: localhost:54809}, networkConnectionEnabled: false, pageLoadStrategy: normal, platformName: windows, proxy: Proxy(), se:cdp: ws://localhost:54809/devtoo..., se:cdpVersion: 132.0.6834.196, setWindowRect: true, strictFileInteractability: false, timeouts: {implicit: 0, pageLoad: 300000, script: 30000}, unhandledPromptBehavior: dismiss and notify, webauthn:extension:credBlob: true, webauthn:extension:largeBlob: true, webauthn:extension:minPinLength: true, webauthn:extension:prf: true, webauthn:virtualAuthenticators: true}
Session ID: 2eae20e862dd983605d5754967cf3817
2025-02-07 13:23:21 [main] INFO  l.i.u.t.SubmittedApplicationsPageTest - Marking 'Taip' radio button 10
2025-02-07 13:23:31 [main] ERROR l.i.u.p.SubmittedApplicationsPage - Error selecting radio button: Expected condition failed: waiting for element to be clickable: By.xpath: (//input[@type='radio' and @value='true'])[18] (tried for 10 second(s) with 500 milliseconds interval)
Build info: version: '4.27.0', revision: 'd6e718d134'
System info: os.name: 'Windows 11', os.arch: 'amd64', os.version: '10.0', java.version: '21.0.3'
Driver info: org.openqa.selenium.chrome.ChromeDriver
Capabilities {acceptInsecureCerts: false, browserName: chrome, browserVersion: 132.0.6834.196, chrome: {chromedriverVersion: 132.0.6834.159 (2d77d3fc445..., userDataDir: C:\Users\INGRID~1.ZAD\AppDa...}, fedcm:accounts: true, goog:chromeOptions: {debuggerAddress: localhost:54809}, networkConnectionEnabled: false, pageLoadStrategy: normal, platformName: windows, proxy: Proxy(), se:cdp: ws://localhost:54809/devtoo..., se:cdpVersion: 132.0.6834.196, setWindowRect: true, strictFileInteractability: false, timeouts: {implicit: 0, pageLoad: 300000, script: 30000}, unhandledPromptBehavior: dismiss and notify, webauthn:extension:credBlob: true, webauthn:extension:largeBlob: true, webauthn:extension:minPinLength: true, webauthn:extension:prf: true, webauthn:virtualAuthenticators: true}
Session ID: 2eae20e862dd983605d5754967cf3817
2025-02-07 13:23:31 [main] INFO  l.i.u.t.SubmittedApplicationsPageTest - Marking 'Taip' radio button 11
2025-02-07 13:23:41 [main] ERROR l.i.u.p.SubmittedApplicationsPage - Error selecting radio button: Expected condition failed: waiting for element to be clickable: By.xpath: (//input[@type='radio' and @value='true'])[19] (tried for 10 second(s) with 500 milliseconds interval)
Build info: version: '4.27.0', revision: 'd6e718d134'
System info: os.name: 'Windows 11', os.arch: 'amd64', os.version: '10.0', java.version: '21.0.3'
Driver info: org.openqa.selenium.chrome.ChromeDriver
Capabilities {acceptInsecureCerts: false, browserName: chrome, browserVersion: 132.0.6834.196, chrome: {chromedriverVersion: 132.0.6834.159 (2d77d3fc445..., userDataDir: C:\Users\INGRID~1.ZAD\AppDa...}, fedcm:accounts: true, goog:chromeOptions: {debuggerAddress: localhost:54809}, networkConnectionEnabled: false, pageLoadStrategy: normal, platformName: windows, proxy: Proxy(), se:cdp: ws://localhost:54809/devtoo..., se:cdpVersion: 132.0.6834.196, setWindowRect: true, strictFileInteractability: false, timeouts: {implicit: 0, pageLoad: 300000, script: 30000}, unhandledPromptBehavior: dismiss and notify, webauthn:extension:credBlob: true, webauthn:extension:largeBlob: true, webauthn:extension:minPinLength: true, webauthn:extension:prf: true, webauthn:virtualAuthenticators: true}
Session ID: 2eae20e862dd983605d5754967cf3817
2025-02-07 13:23:41 [main] INFO  l.i.u.t.SubmittedApplicationsPageTest - Marking 'Taip' radio button 12
2025-02-07 13:23:51 [main] DEBUG l.i.u.t.SubmittedApplicationsPageTest - Checked 'ConfirmationStepFour'
2025-02-07 13:23:51 [main] DEBUG l.i.u.t.SubmittedApplicationsPageTest - Clicked 'Next' button after checkboxes.
2025-02-07 13:23:51 [main] INFO  l.i.u.p.SubmittedApplicationsPage - File uploaded successfully to an input element.
2025-02-07 13:23:51 [main] INFO  l.i.u.p.SubmittedApplicationsPage - File uploaded successfully to an input element.
2025-02-07 13:23:51 [main] INFO  l.i.u.p.SubmittedApplicationsPage - File uploaded successfully to an input element.
2025-02-07 13:23:51 [main] INFO  l.i.u.p.SubmittedApplicationsPage - File uploaded successfully to an input element.
2025-02-07 13:23:52 [main] INFO  l.i.u.p.SubmittedApplicationsPage - File uploaded successfully to an input element.
2025-02-07 13:23:52 [main] INFO  l.i.u.p.SubmittedApplicationsPage - File uploaded successfully to an input element.
2025-02-07 13:23:52 [main] INFO  l.i.u.p.SubmittedApplicationsPage - File uploaded successfully to an input element.
2025-02-07 13:23:52 [main] INFO  l.i.u.p.SubmittedApplicationsPage - File uploaded successfully to an input element.
2025-02-07 13:23:52 [main] INFO  l.i.u.p.SubmittedApplicationsPage - File uploaded successfully to an input element.
2025-02-07 13:23:52 [main] INFO  l.i.u.p.SubmittedApplicationsPage - File uploaded successfully to an input element.
2025-02-07 13:23:52 [main] DEBUG l.i.u.t.SubmittedApplicationsPageTest - Entered program name: 'Dokumentas 1'.
2025-02-07 13:23:52 [main] DEBUG l.i.u.t.SubmittedApplicationsPageTest - Entered program name: 'Dokumentas 2'.
2025-02-07 13:23:52 [main] DEBUG l.i.u.t.SubmittedApplicationsPageTest - Entered program name: 'Dokumentas 3'.
2025-02-07 13:23:53 [main] DEBUG l.i.u.t.SubmittedApplicationsPageTest - Entered program name: 'Dokumentas 4'.
2025-02-07 13:23:53 [main] DEBUG l.i.u.t.SubmittedApplicationsPageTest - Entered program name: 'Dokumentas 5'.
2025-02-07 13:23:53 [main] DEBUG l.i.u.t.SubmittedApplicationsPageTest - Entered program name: 'Dokumentas 6'.
2025-02-07 13:23:53 [main] DEBUG l.i.u.t.SubmittedApplicationsPageTest - Entered program name: 'Dokumentas 4'.
2025-02-07 13:23:53 [main] DEBUG l.i.u.t.SubmittedApplicationsPageTest - Entered program name: 'Dokumentas 8'.
2025-02-07 13:23:53 [main] DEBUG l.i.u.t.SubmittedApplicationsPageTest - Entered program name: 'Dokumentas 9'.
2025-02-07 13:23:54 [main] DEBUG l.i.u.t.SubmittedApplicationsPageTest - Entered program name: 'Dokumentas 10'.
2025-02-07 13:24:04 [main] DEBUG l.i.u.t.SubmittedApplicationsPageTest - Checked 'ConfirmationDocument'
2025-02-07 13:24:14 [main] DEBUG l.i.u.t.SubmittedApplicationsPageTest - Checked 'ConfirmationApplication'
2025-02-07 13:24:14 [main] DEBUG l.i.u.t.SubmittedApplicationsPageTest - Clicked 'SaveDraft' button after checkboxes.
2025-02-07 13:24:14 [main] DEBUG l.insoft.uztis.pages.InvitationsPage - Verified success message: 'Ruošinys sėkmingai išsaugotas.'
2025-02-07 13:24:14 [main] DEBUG l.i.u.t.SubmittedApplicationsPageTest - Clicked 'Review' button after checkboxes.
2025-02-07 13:24:15 [main] DEBUG l.i.u.t.SubmittedApplicationsPageTest - Clicked 'Submit' button after checkboxes.
2025-02-07 13:24:15 [main] DEBUG l.i.u.t.SubmittedApplicationsPageTest - Clicked 'SubmitConfirmation' button after checkboxes.
2025-02-07 13:24:15 [main] ERROR l.insoft.uztis.pages.InvitationsPage - Failed to verify the success message: 'Paraiška sėkmingai pateikta ir užregistruota.'. Available messages: [Ruošinys sėkmingai išsaugotas.]
2025-02-07 13:24:15 [main] INFO  l.i.u.t.SubmittedApplicationsPageTest - Test 'testFillNewVUIApplicationFA' completed successfully.
2025-02-10 08:28:41 [main] INFO  lt.insoft.uztis.tests.UztisPageTest - Navigated to https://uztisdev.asseco.lt/home
2025-02-10 08:28:45 [main] ERROR l.i.uztis.pages.ApplicationFormsPage - MenuApplicationProcessing button is not displayed invalid session id: session deleted as the browser has closed the connection
from disconnected: unable to send message to renderer
  (Session info: chrome=132.0.6834.196)
Build info: version: '4.27.0', revision: 'd6e718d134'
System info: os.name: 'Windows 11', os.arch: 'amd64', os.version: '10.0', java.version: '21.0.3'
Driver info: org.openqa.selenium.chrome.ChromeDriver
Command: [9d6b84bc974cec193371f2932343eb6e, findElement {using=xpath, value=//mat-expansion-panel[4]/mat-expansion-panel-header[@role='button']}]
Capabilities {acceptInsecureCerts: false, browserName: chrome, browserVersion: 132.0.6834.196, chrome: {chromedriverVersion: 132.0.6834.159 (2d77d3fc445..., userDataDir: C:\Users\INGRID~1.ZAD\AppDa...}, fedcm:accounts: true, goog:chromeOptions: {debuggerAddress: localhost:59513}, networkConnectionEnabled: false, pageLoadStrategy: normal, platformName: windows, proxy: Proxy(), se:cdp: ws://localhost:59513/devtoo..., se:cdpVersion: 132.0.6834.196, setWindowRect: true, strictFileInteractability: false, timeouts: {implicit: 0, pageLoad: 300000, script: 30000}, unhandledPromptBehavior: dismiss and notify, webauthn:extension:credBlob: true, webauthn:extension:largeBlob: true, webauthn:extension:minPinLength: true, webauthn:extension:prf: true, webauthn:virtualAuthenticators: true}
Session ID: 9d6b84bc974cec193371f2932343eb6e
2025-02-10 08:32:22 [main] INFO  lt.insoft.uztis.tests.UztisPageTest - Navigated to https://uztisdev.asseco.lt/home
2025-02-10 08:32:22 [main] INFO  l.i.uztis.tests.EvaluationsPageTest - Starting test:'testNavigateToEvaluationsPage'
2025-02-10 08:32:23 [main] DEBUG l.i.uztis.tests.EvaluationsPageTest - User logged in with test credentials
2025-02-10 08:32:23 [main] DEBUG l.i.uztis.tests.EvaluationsPageTest - Opened 'Application Processing' menu.
2025-02-10 08:32:23 [main] DEBUG l.i.uztis.tests.EvaluationsPageTest - Clicked on 'Evaluations' menu.
2025-02-10 08:32:23 [main] DEBUG l.i.uztis.tests.EvaluationsPageTest - Navigating to evaluations menu.
2025-02-10 08:32:23 [main] DEBUG l.i.uztis.tests.EvaluationsPageTest - Clicked on 'Evaluations' menu.
2025-02-10 08:32:23 [main] INFO  l.i.uztis.tests.EvaluationsPageTest - Test 'testNavigateToEvaluationsPage' completed successfully.
2025-02-10 08:34:16 [main] INFO  lt.insoft.uztis.tests.UztisPageTest - Navigated to https://uztisdev.asseco.lt/home
2025-02-10 08:34:16 [main] INFO  l.i.uztis.tests.EvaluationsPageTest - Starting test:'testNavigateToEvaluationsPage'
2025-02-10 08:34:17 [main] DEBUG l.i.uztis.tests.EvaluationsPageTest - User logged in with test credentials
2025-02-10 08:34:17 [main] DEBUG l.i.uztis.tests.EvaluationsPageTest - Opened 'Application Processing' menu.
2025-02-10 08:34:17 [main] DEBUG l.i.uztis.tests.EvaluationsPageTest - Clicked on 'Evaluations' menu.
2025-02-10 08:34:17 [main] DEBUG l.i.uztis.tests.EvaluationsPageTest - Navigating to evaluations menu.
2025-02-10 08:34:17 [main] DEBUG l.i.uztis.tests.EvaluationsPageTest - Clicked on last evaluation.
2025-02-10 08:34:17 [main] INFO  l.i.uztis.tests.EvaluationsPageTest - Test 'testNavigateToEvaluationsPage' completed successfully.
2025-02-10 08:42:20 [main] INFO  lt.insoft.uztis.tests.UztisPageTest - Navigated to https://uztisdev.asseco.lt/home
2025-02-10 08:42:20 [main] INFO  l.i.uztis.tests.EvaluationsPageTest - Starting test:'testNavigateToEvaluationsPage'
2025-02-10 08:42:20 [main] DEBUG l.i.uztis.tests.EvaluationsPageTest - User logged in with test credentials
2025-02-10 08:42:20 [main] DEBUG l.i.uztis.tests.EvaluationsPageTest - Opened 'Application Processing' menu.
2025-02-10 08:42:21 [main] DEBUG l.i.uztis.tests.EvaluationsPageTest - Clicked on 'Evaluations' menu.
2025-02-10 08:42:21 [main] DEBUG l.i.uztis.tests.EvaluationsPageTest - Navigating to evaluations menu.
2025-02-10 08:42:21 [main] DEBUG l.i.uztis.tests.EvaluationsPageTest - Clicked on last evaluation.
2025-02-10 08:42:21 [main] INFO  l.i.uztis.tests.EvaluationsPageTest - Test 'testNavigateToEvaluationsPage' completed successfully.
2025-02-10 08:42:42 [main] INFO  lt.insoft.uztis.tests.UztisPageTest - Navigated to https://uztisdev.asseco.lt/home
2025-02-10 08:42:42 [main] INFO  l.i.uztis.tests.EvaluationsPageTest - Starting test:'testNavigateToEvaluationsPage'
2025-02-10 08:42:42 [main] DEBUG l.i.uztis.tests.EvaluationsPageTest - User logged in with test credentials
2025-02-10 08:42:43 [main] DEBUG l.i.uztis.tests.EvaluationsPageTest - Opened 'Application Processing' menu.
2025-02-10 08:42:43 [main] DEBUG l.i.uztis.tests.EvaluationsPageTest - Clicked on 'Evaluations' menu.
2025-02-10 08:42:43 [main] DEBUG l.i.uztis.tests.EvaluationsPageTest - Navigating to evaluations menu.
2025-02-10 08:42:44 [main] DEBUG l.i.uztis.tests.EvaluationsPageTest - Clicked on last evaluation.
2025-02-10 08:42:44 [main] INFO  l.i.uztis.tests.EvaluationsPageTest - Test 'testNavigateToEvaluationsPage' completed successfully.
2025-02-10 08:47:10 [main] INFO  lt.insoft.uztis.tests.UztisPageTest - Navigated to https://uztisdev.asseco.lt/home
2025-02-10 08:47:10 [main] INFO  l.i.u.t.SubmittedApplicationsPageTest - Starting test:'testFillNewVUIPApplicationFA'
2025-02-10 08:47:10 [main] DEBUG l.i.u.t.SubmittedApplicationsPageTest - User logged in with test credentials.
2025-02-10 08:47:11 [main] DEBUG l.i.u.t.SubmittedApplicationsPageTest - Opened 'Application Processing' menu.
2025-02-10 08:47:11 [main] DEBUG l.i.u.t.SubmittedApplicationsPageTest - Clicked on 'Application Forms' menu.
2025-02-10 08:47:11 [main] DEBUG l.i.u.t.SubmittedApplicationsPageTest - Retrieved last description code text: 'TST-VUI-00'.
2025-02-10 08:47:12 [main] DEBUG l.i.u.t.SubmittedApplicationsPageTest - Clicked on 'Invitation' menu.
2025-02-10 08:47:13 [main] DEBUG l.i.u.t.SubmittedApplicationsPageTest - Selected application section by code: 'TST-VUI-00'.
2025-02-10 08:47:13 [main] DEBUG l.i.u.t.SubmittedApplicationsPageTest - Clicked 'Search' button.
2025-02-10 08:47:13 [main] DEBUG l.i.u.t.SubmittedApplicationsPageTest - Retrieved invitation code: ''.
2025-02-10 08:47:13 [main] DEBUG l.i.u.t.SubmittedApplicationsPageTest - Clicked on 'Submitted Applications' menu.
2025-02-10 08:47:14 [main] DEBUG l.i.u.t.SubmittedApplicationsPageTest - Selected invitation by code: 'TST-VUI-00'.
2025-02-10 08:47:14 [main] DEBUG l.i.u.t.SubmittedApplicationsPageTest - Invitation code inserted.
2025-02-10 08:47:14 [main] DEBUG l.i.u.t.SubmittedApplicationsPageTest - Clicked on 'Action Application' button.
2025-02-10 08:47:14 [main] DEBUG l.i.u.t.SubmittedApplicationsPageTest - Clicked on 'New Application' button.
2025-02-10 08:47:15 [main] DEBUG l.i.u.t.SubmittedApplicationsPageTest - Selected the 'RadioButtonFA' option.
2025-02-10 08:47:15 [main] DEBUG l.i.u.t.SubmittedApplicationsPageTest - Entered phone number: '61298745'.
2025-02-10 08:47:15 [main] DEBUG l.i.u.t.SubmittedApplicationsPageTest - Entered email: 'test@autotest.com'.
2025-02-10 08:47:15 [main] INFO  l.i.u.p.SubmittedApplicationsPage - Located the dropdown button.
2025-02-10 08:47:33 [main] INFO  l.i.u.p.SubmittedApplicationsPage - Found 1741 options in the dropdown.
2025-02-10 08:47:33 [main] INFO  l.i.u.p.SubmittedApplicationsPage - Successfully selected the value: '01.11 - Grūdinių (išskyrus ryžius), ankštinių ir aliejingų sėklų augalų auginimas'
2025-02-10 08:47:44 [main] ERROR l.i.u.p.SubmittedApplicationsPage - Failed to close the dropdown with aria-expanded = 'false'. Attempting manual close.
2025-02-10 08:47:44 [main] INFO  l.i.u.p.SubmittedApplicationsPage - Manual close attempt for the dropdown using body click.
2025-02-10 08:47:44 [main] DEBUG l.i.u.t.SubmittedApplicationsPageTest - Selected EVRK value: '01.11 - Grūdinių (išskyrus ryžius), ankštinių ir aliejingų sėklų augalų auginimas'.
2025-02-10 08:47:44 [main] DEBUG l.i.u.t.SubmittedApplicationsPageTest - Entered address: 'Vilniaus m. sav., Vilnius, Testo g. 10T'.
2025-02-10 08:47:44 [main] DEBUG l.i.u.t.SubmittedApplicationsPageTest - Entered project date.
2025-02-10 08:47:45 [main] DEBUG l.i.u.t.SubmittedApplicationsPageTest - Entered job count: '1'.
2025-02-10 08:47:45 [main] DEBUG l.i.u.t.SubmittedApplicationsPageTest - Clicked 'Next' button.
2025-02-10 08:47:45 [main] INFO  l.i.u.p.SubmittedApplicationsPage - Located the dropdown button.
2025-02-10 08:47:46 [main] INFO  l.i.u.p.SubmittedApplicationsPage - Successfully selected the value: 'Administratoriai'
2025-02-10 08:48:16 [main] ERROR l.i.u.p.SubmittedApplicationsPage - Timeout while waiting for dropdown to close with aria-expanded = 'false'.
2025-02-10 08:48:16 [main] DEBUG l.i.u.t.SubmittedApplicationsPageTest - Selected job name: 'Administratoriai'.
2025-02-10 08:48:16 [main] DEBUG l.i.u.t.SubmittedApplicationsPageTest - Entered job function: 'Funkcija 1'.
2025-02-10 08:48:16 [main] DEBUG l.i.u.t.SubmittedApplicationsPageTest - Selected 'RadioButtonWithDisabilities' option.
2025-02-10 08:48:16 [main] INFO  l.i.u.p.SubmittedApplicationsPage - Clicking on the dropdown button.
2025-02-10 08:48:17 [main] INFO  l.i.u.p.SubmittedApplicationsPage - Found 34 options in the dropdown.
2025-02-10 08:48:17 [main] DEBUG l.i.u.p.SubmittedApplicationsPage - Checking option: 'Asmenys, kuriems suteiktas pabėgėlio statusas ar perkeliamojo asmens statusas, arba asmenys, kuriems suteikta papildoma ar laikinoji apsauga, ir asmenys, turintys teisę gauti laikinąją apsaugą, iki sprendimo dėl laikinosios apsaugos suteikimo (nesuteikimo) priėmimo, tačiau ne ilgiau kaip laikinosios apsaugos laikotarpiu'
2025-02-10 08:48:17 [main] DEBUG l.i.u.p.SubmittedApplicationsPage - Checking option: 'Asmenys, kuriems suteiktas pabėgėlio statusas ar perkeliamojo asmens statusas, arba asmenys, kuriems suteikta papildoma ar laikinoji apsauga, ir asmenys, turintys teisę gauti laikinąją apsaugą, iki sprendimo dėl laikinosios apsaugos suteikimo (nesuteikimo) priėmimo, tačiau ne ilgiau kaip laikinosios apsaugos laikotarpiu'
2025-02-10 08:48:17 [main] DEBUG l.i.u.p.SubmittedApplicationsPage - Checking option: 'Asmenys, turintys teisę į papildomas užimtumo garantijas pagal Lietuvos Respublikos valstybės įmonės Ignalinos atominės elektrinės darbuotojų papildomų užimtumo ir socialinių garantijų įstatymą'
2025-02-10 08:48:17 [main] DEBUG l.i.u.p.SubmittedApplicationsPage - Checking option: 'Asmenys, turintys teisę į papildomas užimtumo garantijas pagal Lietuvos Respublikos valstybės įmonės Ignalinos atominės elektrinės darbuotojų papildomų užimtumo ir socialinių garantijų įstatymą'
2025-02-10 08:48:17 [main] DEBUG l.i.u.p.SubmittedApplicationsPage - Checking option: 'Bedarbiai iki 29 metų'
2025-02-10 08:48:17 [main] DEBUG l.i.u.p.SubmittedApplicationsPage - Checking option: 'Bedarbiai iki 29 metų'
2025-02-10 08:48:17 [main] DEBUG l.i.u.p.SubmittedApplicationsPage - Checking option: 'Bedarbiai, kurie yra darbingo amžiaus neįgalieji, kuriems nustatytas 30–40 procentų darbingumo lygis arba vidutinis neįgalumo lygis'
2025-02-10 08:48:17 [main] DEBUG l.i.u.p.SubmittedApplicationsPage - Checking option: 'Bedarbiai, kurie yra darbingo amžiaus neįgalieji, kuriems nustatytas 30–40 procentų darbingumo lygis arba vidutinis neįgalumo lygis'
2025-02-10 08:48:17 [main] DEBUG l.i.u.p.SubmittedApplicationsPage - Checking option: 'Bedarbiai, kurie yra darbingo amžiaus neįgalieji, kuriems nustatytas 45–55 procentų darbingumo lygis arba lengvas neįgalumo lygis'
2025-02-10 08:48:17 [main] DEBUG l.i.u.p.SubmittedApplicationsPage - Checking option: 'Bedarbiai, kurie yra darbingo amžiaus neįgalieji, kuriems nustatytas 45–55 procentų darbingumo lygis arba lengvas neįgalumo lygis'
2025-02-10 08:48:17 [main] DEBUG l.i.u.p.SubmittedApplicationsPage - Checking option: 'Bedarbiai, kurie yra darbingo amžiaus neįgalieji, kuriems nustatytas iki 25 procentų darbingumo lygis arba sunkus neįgalumo lygis'
2025-02-10 08:48:17 [main] INFO  l.i.u.p.SubmittedApplicationsPage - Successfully selected the value: 'Bedarbiai, kurie yra darbingo amžiaus neįgalieji, kuriems nustatytas iki 25 procentų darbingumo lygis arba sunkus neįgalumo lygis'
2025-02-10 08:48:17 [main] INFO  l.i.u.p.SubmittedApplicationsPage - Attempting to close the dropdown.
2025-02-10 08:48:28 [main] INFO  l.i.u.p.SubmittedApplicationsPage - Dropdown should be closed now.
2025-02-10 08:48:28 [main] DEBUG l.i.u.t.SubmittedApplicationsPageTest - Selected disabilities type: 'Bedarbiai, kurie yra darbingo amžiaus neįgalieji, kuriems nustatytas iki 25 procentų darbingumo lygis arba sunkus neįgalumo lygis'.
2025-02-10 08:48:28 [main] DEBUG l.i.u.t.SubmittedApplicationsPageTest - Entered disability information: 'Negalia 1'.
2025-02-10 08:48:28 [main] INFO  l.i.u.p.SubmittedApplicationsPage - Located the dropdown button.
2025-02-10 08:48:29 [main] INFO  l.i.u.p.SubmittedApplicationsPage - Successfully selected the value: 'Kita'
2025-02-10 08:48:40 [main] ERROR l.i.u.p.SubmittedApplicationsPage - Timeout while waiting for dropdown to close with aria-expanded = 'false'.
2025-02-10 08:48:40 [main] DEBUG l.i.u.t.SubmittedApplicationsPageTest - Selected time mode: 'Kita'.
2025-02-10 08:48:40 [main] DEBUG l.i.u.t.SubmittedApplicationsPageTest - Selected time mode other: '6 val. per dieną ir 4 d. per savaitę'.
2025-02-10 08:48:40 [main] DEBUG l.i.u.t.SubmittedApplicationsPageTest - Entered qualification: 'Kvalifikacija 1'.
2025-02-10 08:48:40 [main] DEBUG l.i.u.t.SubmittedApplicationsPageTest - Entered job date.
2025-02-10 08:48:40 [main] DEBUG l.i.u.t.SubmittedApplicationsPageTest - Entered salary amount: '1200'.
2025-02-10 08:48:40 [main] DEBUG l.i.u.t.SubmittedApplicationsPageTest - Selected 'Temporary Job' radio button.
2025-02-10 08:48:41 [main] DEBUG l.i.u.t.SubmittedApplicationsPageTest - Selected 'Season Job' radio button.
2025-02-10 08:48:41 [main] DEBUG l.i.u.t.SubmittedApplicationsPageTest - Selected 'Energy' radio button.
2025-02-10 08:48:41 [main] DEBUG l.i.u.t.SubmittedApplicationsPageTest - Selected 'Repair' radio button.
2025-02-10 08:48:41 [main] DEBUG l.i.u.t.SubmittedApplicationsPageTest - Entered job description: 'Veikla 1'.
2025-02-10 08:48:41 [main] DEBUG l.i.u.t.SubmittedApplicationsPageTest - Entered process description: 'Procesas 1'.
2025-02-10 08:48:41 [main] DEBUG l.i.u.t.SubmittedApplicationsPageTest - Entered energy information: 'Energija 1'.
2025-02-10 08:48:41 [main] DEBUG l.i.u.t.SubmittedApplicationsPageTest - Entered repair information: 'Remontas 1'.
2025-02-10 08:48:42 [main] DEBUG l.i.u.t.SubmittedApplicationsPageTest - Selected 'PVM' radio button.
2025-02-10 08:48:42 [main] INFO  l.i.u.p.SubmittedApplicationsPage - Located the dropdown button.
2025-02-10 08:48:42 [main] INFO  l.i.u.p.SubmittedApplicationsPage - Successfully selected the value: 'Įsigyti'
2025-02-10 08:49:03 [main] ERROR l.i.u.p.SubmittedApplicationsPage - Timeout while waiting for dropdown to close with aria-expanded = 'false'.
2025-02-10 08:49:03 [main] DEBUG l.i.u.t.SubmittedApplicationsPageTest - Selected necessary for job: 'Įsigyti'.
2025-02-10 08:49:03 [main] DEBUG l.i.u.t.SubmittedApplicationsPageTest - Selected tool: 'Darbo priemonė 1'.
2025-02-10 08:49:03 [main] DEBUG l.i.u.t.SubmittedApplicationsPageTest - Selected tool parameter one: 'Darbo priemonės 1 parametras 1'.
2025-02-10 08:49:03 [main] DEBUG l.i.u.t.SubmittedApplicationsPageTest - Selected tool parameter two: 'Darbo priemonės 1 parametras 2'.
2025-02-10 08:49:03 [main] DEBUG l.i.u.t.SubmittedApplicationsPageTest - Selected tool parameter three: 'Darbo priemonės 1 parametras 3'.
2025-02-10 08:49:04 [main] DEBUG l.i.u.t.SubmittedApplicationsPageTest - Entered tool count: '1'.
2025-02-10 08:49:04 [main] DEBUG l.i.u.t.SubmittedApplicationsPageTest - Entered price amount 1: '1000'.
2025-02-10 08:49:04 [main] DEBUG l.i.u.t.SubmittedApplicationsPageTest - Entered own funds amount 1: '800'.
2025-02-10 08:49:04 [main] DEBUG l.i.u.t.SubmittedApplicationsPageTest - Clicked 'Add' button.
2025-02-10 08:49:04 [main] INFO  l.i.u.p.SubmittedApplicationsPage - Located the dropdown button.
2025-02-10 08:49:04 [main] INFO  l.i.u.p.SubmittedApplicationsPage - Successfully selected the value: 'Remontuoti'
2025-02-10 08:49:25 [main] ERROR l.i.u.p.SubmittedApplicationsPage - Timeout while waiting for dropdown to close with aria-expanded = 'false'.
2025-02-10 08:49:25 [main] DEBUG l.i.u.t.SubmittedApplicationsPageTest - Selected necessary for job 'to repair': 'Remontuoti'.
2025-02-10 08:49:25 [main] DEBUG l.i.u.t.SubmittedApplicationsPageTest - Selected repair name: 'Remonto pavadinimas 1'.
2025-02-10 08:49:25 [main] DEBUG l.i.u.t.SubmittedApplicationsPageTest - Entered repair information: 'Remonto aprašymas 1'.
2025-02-10 08:49:25 [main] DEBUG l.i.u.t.SubmittedApplicationsPageTest - Entered price amount 2: '1000'.
2025-02-10 08:49:25 [main] DEBUG l.i.u.t.SubmittedApplicationsPageTest - Entered own funds amount 2: '900'.
2025-02-10 08:49:26 [main] DEBUG l.i.u.t.SubmittedApplicationsPageTest - Entered country percentage: '50'.
2025-02-10 08:49:26 [main] DEBUG l.i.u.t.SubmittedApplicationsPageTest - Entered institution percentage: '50'.
2025-02-10 08:49:26 [main] DEBUG l.i.u.t.SubmittedApplicationsPageTest - Entered municipality percentage: '50'.
2025-02-10 08:49:26 [main] DEBUG l.i.u.t.SubmittedApplicationsPageTest - Selected 'De Minimis' radio button.
2025-02-10 08:49:26 [main] DEBUG l.i.u.t.SubmittedApplicationsPageTest - Entered program name: 'Programa 1'.
2025-02-10 08:49:26 [main] DEBUG l.i.u.t.SubmittedApplicationsPageTest - Entered project date from.
2025-02-10 08:49:27 [main] DEBUG l.i.u.t.SubmittedApplicationsPageTest - Entered project date until.
2025-02-10 08:49:27 [main] DEBUG l.i.u.t.SubmittedApplicationsPageTest - Entered support amount: '2000'.
2025-02-10 08:49:27 [main] DEBUG l.i.u.t.SubmittedApplicationsPageTest - Clicked 'Next' button.
2025-02-10 08:49:37 [main] DEBUG l.i.u.t.SubmittedApplicationsPageTest - Checked 'Legal Entities' checkbox 1.
2025-02-10 08:49:47 [main] DEBUG l.i.u.t.SubmittedApplicationsPageTest - Checked 'Legal Entities' checkbox 2.
2025-02-10 08:49:57 [main] DEBUG l.i.u.t.SubmittedApplicationsPageTest - Checked 'Legal Entities' checkbox 3.
2025-02-10 08:49:57 [main] DEBUG l.i.u.t.SubmittedApplicationsPageTest - Test finished: All 'Legal Entities' checkboxes checked successfully.
2025-02-10 08:49:58 [main] DEBUG l.i.u.t.SubmittedApplicationsPageTest - Clicked 'Next' button after checkboxes.
2025-02-10 08:50:08 [main] ERROR l.i.u.p.SubmittedApplicationsPage - Error selecting radio button: Expected condition failed: waiting for element to be clickable: By.xpath: (//input[@type='radio' and @value='false'])[8] (tried for 10 second(s) with 500 milliseconds interval)
Build info: version: '4.27.0', revision: 'd6e718d134'
System info: os.name: 'Windows 11', os.arch: 'amd64', os.version: '10.0', java.version: '21.0.3'
Driver info: org.openqa.selenium.chrome.ChromeDriver
Capabilities {acceptInsecureCerts: false, browserName: chrome, browserVersion: 132.0.6834.196, chrome: {chromedriverVersion: 132.0.6834.159 (2d77d3fc445..., userDataDir: C:\Users\INGRID~1.ZAD\AppDa...}, fedcm:accounts: true, goog:chromeOptions: {debuggerAddress: localhost:60222}, networkConnectionEnabled: false, pageLoadStrategy: normal, platformName: windows, proxy: Proxy(), se:cdp: ws://localhost:60222/devtoo..., se:cdpVersion: 132.0.6834.196, setWindowRect: true, strictFileInteractability: false, timeouts: {implicit: 0, pageLoad: 300000, script: 30000}, unhandledPromptBehavior: dismiss and notify, webauthn:extension:credBlob: true, webauthn:extension:largeBlob: true, webauthn:extension:minPinLength: true, webauthn:extension:prf: true, webauthn:virtualAuthenticators: true}
Session ID: 4bc096cd452401ed5ba0dfdecca168a1
2025-02-10 08:50:08 [main] INFO  l.i.u.t.SubmittedApplicationsPageTest - Marking 'Ne' radio button 1
2025-02-10 08:50:18 [main] ERROR l.i.u.p.SubmittedApplicationsPage - Error selecting radio button: Expected condition failed: waiting for element to be clickable: By.xpath: (//input[@type='radio' and @value='false'])[9] (tried for 10 second(s) with 500 milliseconds interval)
Build info: version: '4.27.0', revision: 'd6e718d134'
System info: os.name: 'Windows 11', os.arch: 'amd64', os.version: '10.0', java.version: '21.0.3'
Driver info: org.openqa.selenium.chrome.ChromeDriver
Capabilities {acceptInsecureCerts: false, browserName: chrome, browserVersion: 132.0.6834.196, chrome: {chromedriverVersion: 132.0.6834.159 (2d77d3fc445..., userDataDir: C:\Users\INGRID~1.ZAD\AppDa...}, fedcm:accounts: true, goog:chromeOptions: {debuggerAddress: localhost:60222}, networkConnectionEnabled: false, pageLoadStrategy: normal, platformName: windows, proxy: Proxy(), se:cdp: ws://localhost:60222/devtoo..., se:cdpVersion: 132.0.6834.196, setWindowRect: true, strictFileInteractability: false, timeouts: {implicit: 0, pageLoad: 300000, script: 30000}, unhandledPromptBehavior: dismiss and notify, webauthn:extension:credBlob: true, webauthn:extension:largeBlob: true, webauthn:extension:minPinLength: true, webauthn:extension:prf: true, webauthn:virtualAuthenticators: true}
Session ID: 4bc096cd452401ed5ba0dfdecca168a1
2025-02-10 08:50:18 [main] INFO  l.i.u.t.SubmittedApplicationsPageTest - Marking 'Ne' radio button 2
2025-02-10 08:50:28 [main] ERROR l.i.u.p.SubmittedApplicationsPage - Error selecting radio button: Expected condition failed: waiting for element to be clickable: By.xpath: (//input[@type='radio' and @value='false'])[10] (tried for 10 second(s) with 500 milliseconds interval)
Build info: version: '4.27.0', revision: 'd6e718d134'
System info: os.name: 'Windows 11', os.arch: 'amd64', os.version: '10.0', java.version: '21.0.3'
Driver info: org.openqa.selenium.chrome.ChromeDriver
Capabilities {acceptInsecureCerts: false, browserName: chrome, browserVersion: 132.0.6834.196, chrome: {chromedriverVersion: 132.0.6834.159 (2d77d3fc445..., userDataDir: C:\Users\INGRID~1.ZAD\AppDa...}, fedcm:accounts: true, goog:chromeOptions: {debuggerAddress: localhost:60222}, networkConnectionEnabled: false, pageLoadStrategy: normal, platformName: windows, proxy: Proxy(), se:cdp: ws://localhost:60222/devtoo..., se:cdpVersion: 132.0.6834.196, setWindowRect: true, strictFileInteractability: false, timeouts: {implicit: 0, pageLoad: 300000, script: 30000}, unhandledPromptBehavior: dismiss and notify, webauthn:extension:credBlob: true, webauthn:extension:largeBlob: true, webauthn:extension:minPinLength: true, webauthn:extension:prf: true, webauthn:virtualAuthenticators: true}
Session ID: 4bc096cd452401ed5ba0dfdecca168a1
2025-02-10 08:50:28 [main] INFO  l.i.u.t.SubmittedApplicationsPageTest - Marking 'Ne' radio button 3
2025-02-10 08:50:38 [main] ERROR l.i.u.p.SubmittedApplicationsPage - Error selecting radio button: Expected condition failed: waiting for element to be clickable: By.xpath: (//input[@type='radio' and @value='false'])[11] (tried for 10 second(s) with 500 milliseconds interval)
Build info: version: '4.27.0', revision: 'd6e718d134'
System info: os.name: 'Windows 11', os.arch: 'amd64', os.version: '10.0', java.version: '21.0.3'
Driver info: org.openqa.selenium.chrome.ChromeDriver
Capabilities {acceptInsecureCerts: false, browserName: chrome, browserVersion: 132.0.6834.196, chrome: {chromedriverVersion: 132.0.6834.159 (2d77d3fc445..., userDataDir: C:\Users\INGRID~1.ZAD\AppDa...}, fedcm:accounts: true, goog:chromeOptions: {debuggerAddress: localhost:60222}, networkConnectionEnabled: false, pageLoadStrategy: normal, platformName: windows, proxy: Proxy(), se:cdp: ws://localhost:60222/devtoo..., se:cdpVersion: 132.0.6834.196, setWindowRect: true, strictFileInteractability: false, timeouts: {implicit: 0, pageLoad: 300000, script: 30000}, unhandledPromptBehavior: dismiss and notify, webauthn:extension:credBlob: true, webauthn:extension:largeBlob: true, webauthn:extension:minPinLength: true, webauthn:extension:prf: true, webauthn:virtualAuthenticators: true}
Session ID: 4bc096cd452401ed5ba0dfdecca168a1
2025-02-10 08:50:38 [main] INFO  l.i.u.t.SubmittedApplicationsPageTest - Marking 'Ne' radio button 4
2025-02-10 08:50:49 [main] ERROR l.i.u.p.SubmittedApplicationsPage - Error selecting radio button: Expected condition failed: waiting for element to be clickable: By.xpath: (//input[@type='radio' and @value='false'])[12] (tried for 10 second(s) with 500 milliseconds interval)
Build info: version: '4.27.0', revision: 'd6e718d134'
System info: os.name: 'Windows 11', os.arch: 'amd64', os.version: '10.0', java.version: '21.0.3'
Driver info: org.openqa.selenium.chrome.ChromeDriver
Capabilities {acceptInsecureCerts: false, browserName: chrome, browserVersion: 132.0.6834.196, chrome: {chromedriverVersion: 132.0.6834.159 (2d77d3fc445..., userDataDir: C:\Users\INGRID~1.ZAD\AppDa...}, fedcm:accounts: true, goog:chromeOptions: {debuggerAddress: localhost:60222}, networkConnectionEnabled: false, pageLoadStrategy: normal, platformName: windows, proxy: Proxy(), se:cdp: ws://localhost:60222/devtoo..., se:cdpVersion: 132.0.6834.196, setWindowRect: true, strictFileInteractability: false, timeouts: {implicit: 0, pageLoad: 300000, script: 30000}, unhandledPromptBehavior: dismiss and notify, webauthn:extension:credBlob: true, webauthn:extension:largeBlob: true, webauthn:extension:minPinLength: true, webauthn:extension:prf: true, webauthn:virtualAuthenticators: true}
Session ID: 4bc096cd452401ed5ba0dfdecca168a1
2025-02-10 08:50:49 [main] INFO  l.i.u.t.SubmittedApplicationsPageTest - Marking 'Ne' radio button 5
2025-02-10 08:50:59 [main] ERROR l.i.u.p.SubmittedApplicationsPage - Error selecting radio button: Expected condition failed: waiting for element to be clickable: By.xpath: (//input[@type='radio' and @value='false'])[13] (tried for 10 second(s) with 500 milliseconds interval)
Build info: version: '4.27.0', revision: 'd6e718d134'
System info: os.name: 'Windows 11', os.arch: 'amd64', os.version: '10.0', java.version: '21.0.3'
Driver info: org.openqa.selenium.chrome.ChromeDriver
Capabilities {acceptInsecureCerts: false, browserName: chrome, browserVersion: 132.0.6834.196, chrome: {chromedriverVersion: 132.0.6834.159 (2d77d3fc445..., userDataDir: C:\Users\INGRID~1.ZAD\AppDa...}, fedcm:accounts: true, goog:chromeOptions: {debuggerAddress: localhost:60222}, networkConnectionEnabled: false, pageLoadStrategy: normal, platformName: windows, proxy: Proxy(), se:cdp: ws://localhost:60222/devtoo..., se:cdpVersion: 132.0.6834.196, setWindowRect: true, strictFileInteractability: false, timeouts: {implicit: 0, pageLoad: 300000, script: 30000}, unhandledPromptBehavior: dismiss and notify, webauthn:extension:credBlob: true, webauthn:extension:largeBlob: true, webauthn:extension:minPinLength: true, webauthn:extension:prf: true, webauthn:virtualAuthenticators: true}
Session ID: 4bc096cd452401ed5ba0dfdecca168a1
2025-02-10 08:50:59 [main] INFO  l.i.u.t.SubmittedApplicationsPageTest - Marking 'Ne' radio button 6
2025-02-10 08:51:09 [main] ERROR l.i.u.p.SubmittedApplicationsPage - Error selecting radio button: Expected condition failed: waiting for element to be clickable: By.xpath: (//input[@type='radio' and @value='true'])[14] (tried for 10 second(s) with 500 milliseconds interval)
Build info: version: '4.27.0', revision: 'd6e718d134'
System info: os.name: 'Windows 11', os.arch: 'amd64', os.version: '10.0', java.version: '21.0.3'
Driver info: org.openqa.selenium.chrome.ChromeDriver
Capabilities {acceptInsecureCerts: false, browserName: chrome, browserVersion: 132.0.6834.196, chrome: {chromedriverVersion: 132.0.6834.159 (2d77d3fc445..., userDataDir: C:\Users\INGRID~1.ZAD\AppDa...}, fedcm:accounts: true, goog:chromeOptions: {debuggerAddress: localhost:60222}, networkConnectionEnabled: false, pageLoadStrategy: normal, platformName: windows, proxy: Proxy(), se:cdp: ws://localhost:60222/devtoo..., se:cdpVersion: 132.0.6834.196, setWindowRect: true, strictFileInteractability: false, timeouts: {implicit: 0, pageLoad: 300000, script: 30000}, unhandledPromptBehavior: dismiss and notify, webauthn:extension:credBlob: true, webauthn:extension:largeBlob: true, webauthn:extension:minPinLength: true, webauthn:extension:prf: true, webauthn:virtualAuthenticators: true}
Session ID: 4bc096cd452401ed5ba0dfdecca168a1
2025-02-10 08:51:09 [main] INFO  l.i.u.t.SubmittedApplicationsPageTest - Marking 'Taip' radio button 7
2025-02-10 08:51:19 [main] ERROR l.i.u.p.SubmittedApplicationsPage - Error selecting radio button: Expected condition failed: waiting for element to be clickable: By.xpath: (//input[@type='radio' and @value='true'])[15] (tried for 10 second(s) with 500 milliseconds interval)
Build info: version: '4.27.0', revision: 'd6e718d134'
System info: os.name: 'Windows 11', os.arch: 'amd64', os.version: '10.0', java.version: '21.0.3'
Driver info: org.openqa.selenium.chrome.ChromeDriver
Capabilities {acceptInsecureCerts: false, browserName: chrome, browserVersion: 132.0.6834.196, chrome: {chromedriverVersion: 132.0.6834.159 (2d77d3fc445..., userDataDir: C:\Users\INGRID~1.ZAD\AppDa...}, fedcm:accounts: true, goog:chromeOptions: {debuggerAddress: localhost:60222}, networkConnectionEnabled: false, pageLoadStrategy: normal, platformName: windows, proxy: Proxy(), se:cdp: ws://localhost:60222/devtoo..., se:cdpVersion: 132.0.6834.196, setWindowRect: true, strictFileInteractability: false, timeouts: {implicit: 0, pageLoad: 300000, script: 30000}, unhandledPromptBehavior: dismiss and notify, webauthn:extension:credBlob: true, webauthn:extension:largeBlob: true, webauthn:extension:minPinLength: true, webauthn:extension:prf: true, webauthn:virtualAuthenticators: true}
Session ID: 4bc096cd452401ed5ba0dfdecca168a1
2025-02-10 08:51:19 [main] INFO  l.i.u.t.SubmittedApplicationsPageTest - Marking 'Taip' radio button 8
2025-02-10 08:51:29 [main] ERROR l.i.u.p.SubmittedApplicationsPage - Error selecting radio button: Expected condition failed: waiting for element to be clickable: By.xpath: (//input[@type='radio' and @value='true'])[16] (tried for 10 second(s) with 500 milliseconds interval)
Build info: version: '4.27.0', revision: 'd6e718d134'
System info: os.name: 'Windows 11', os.arch: 'amd64', os.version: '10.0', java.version: '21.0.3'
Driver info: org.openqa.selenium.chrome.ChromeDriver
Capabilities {acceptInsecureCerts: false, browserName: chrome, browserVersion: 132.0.6834.196, chrome: {chromedriverVersion: 132.0.6834.159 (2d77d3fc445..., userDataDir: C:\Users\INGRID~1.ZAD\AppDa...}, fedcm:accounts: true, goog:chromeOptions: {debuggerAddress: localhost:60222}, networkConnectionEnabled: false, pageLoadStrategy: normal, platformName: windows, proxy: Proxy(), se:cdp: ws://localhost:60222/devtoo..., se:cdpVersion: 132.0.6834.196, setWindowRect: true, strictFileInteractability: false, timeouts: {implicit: 0, pageLoad: 300000, script: 30000}, unhandledPromptBehavior: dismiss and notify, webauthn:extension:credBlob: true, webauthn:extension:largeBlob: true, webauthn:extension:minPinLength: true, webauthn:extension:prf: true, webauthn:virtualAuthenticators: true}
Session ID: 4bc096cd452401ed5ba0dfdecca168a1
2025-02-10 08:51:29 [main] INFO  l.i.u.t.SubmittedApplicationsPageTest - Marking 'Taip' radio button 9
2025-02-10 08:51:39 [main] ERROR l.i.u.p.SubmittedApplicationsPage - Error selecting radio button: Expected condition failed: waiting for element to be clickable: By.xpath: (//input[@type='radio' and @value='true'])[17] (tried for 10 second(s) with 500 milliseconds interval)
Build info: version: '4.27.0', revision: 'd6e718d134'
System info: os.name: 'Windows 11', os.arch: 'amd64', os.version: '10.0', java.version: '21.0.3'
Driver info: org.openqa.selenium.chrome.ChromeDriver
Capabilities {acceptInsecureCerts: false, browserName: chrome, browserVersion: 132.0.6834.196, chrome: {chromedriverVersion: 132.0.6834.159 (2d77d3fc445..., userDataDir: C:\Users\INGRID~1.ZAD\AppDa...}, fedcm:accounts: true, goog:chromeOptions: {debuggerAddress: localhost:60222}, networkConnectionEnabled: false, pageLoadStrategy: normal, platformName: windows, proxy: Proxy(), se:cdp: ws://localhost:60222/devtoo..., se:cdpVersion: 132.0.6834.196, setWindowRect: true, strictFileInteractability: false, timeouts: {implicit: 0, pageLoad: 300000, script: 30000}, unhandledPromptBehavior: dismiss and notify, webauthn:extension:credBlob: true, webauthn:extension:largeBlob: true, webauthn:extension:minPinLength: true, webauthn:extension:prf: true, webauthn:virtualAuthenticators: true}
Session ID: 4bc096cd452401ed5ba0dfdecca168a1
2025-02-10 08:51:39 [main] INFO  l.i.u.t.SubmittedApplicationsPageTest - Marking 'Taip' radio button 10
2025-02-10 08:51:49 [main] ERROR l.i.u.p.SubmittedApplicationsPage - Error selecting radio button: Expected condition failed: waiting for element to be clickable: By.xpath: (//input[@type='radio' and @value='true'])[18] (tried for 10 second(s) with 500 milliseconds interval)
Build info: version: '4.27.0', revision: 'd6e718d134'
System info: os.name: 'Windows 11', os.arch: 'amd64', os.version: '10.0', java.version: '21.0.3'
Driver info: org.openqa.selenium.chrome.ChromeDriver
Capabilities {acceptInsecureCerts: false, browserName: chrome, browserVersion: 132.0.6834.196, chrome: {chromedriverVersion: 132.0.6834.159 (2d77d3fc445..., userDataDir: C:\Users\INGRID~1.ZAD\AppDa...}, fedcm:accounts: true, goog:chromeOptions: {debuggerAddress: localhost:60222}, networkConnectionEnabled: false, pageLoadStrategy: normal, platformName: windows, proxy: Proxy(), se:cdp: ws://localhost:60222/devtoo..., se:cdpVersion: 132.0.6834.196, setWindowRect: true, strictFileInteractability: false, timeouts: {implicit: 0, pageLoad: 300000, script: 30000}, unhandledPromptBehavior: dismiss and notify, webauthn:extension:credBlob: true, webauthn:extension:largeBlob: true, webauthn:extension:minPinLength: true, webauthn:extension:prf: true, webauthn:virtualAuthenticators: true}
Session ID: 4bc096cd452401ed5ba0dfdecca168a1
2025-02-10 08:51:49 [main] INFO  l.i.u.t.SubmittedApplicationsPageTest - Marking 'Taip' radio button 11
2025-02-10 08:51:59 [main] ERROR l.i.u.p.SubmittedApplicationsPage - Error selecting radio button: Expected condition failed: waiting for element to be clickable: By.xpath: (//input[@type='radio' and @value='true'])[19] (tried for 10 second(s) with 500 milliseconds interval)
Build info: version: '4.27.0', revision: 'd6e718d134'
System info: os.name: 'Windows 11', os.arch: 'amd64', os.version: '10.0', java.version: '21.0.3'
Driver info: org.openqa.selenium.chrome.ChromeDriver
Capabilities {acceptInsecureCerts: false, browserName: chrome, browserVersion: 132.0.6834.196, chrome: {chromedriverVersion: 132.0.6834.159 (2d77d3fc445..., userDataDir: C:\Users\INGRID~1.ZAD\AppDa...}, fedcm:accounts: true, goog:chromeOptions: {debuggerAddress: localhost:60222}, networkConnectionEnabled: false, pageLoadStrategy: normal, platformName: windows, proxy: Proxy(), se:cdp: ws://localhost:60222/devtoo..., se:cdpVersion: 132.0.6834.196, setWindowRect: true, strictFileInteractability: false, timeouts: {implicit: 0, pageLoad: 300000, script: 30000}, unhandledPromptBehavior: dismiss and notify, webauthn:extension:credBlob: true, webauthn:extension:largeBlob: true, webauthn:extension:minPinLength: true, webauthn:extension:prf: true, webauthn:virtualAuthenticators: true}
Session ID: 4bc096cd452401ed5ba0dfdecca168a1
2025-02-10 08:51:59 [main] INFO  l.i.u.t.SubmittedApplicationsPageTest - Marking 'Taip' radio button 12
2025-02-10 08:52:10 [main] DEBUG l.i.u.t.SubmittedApplicationsPageTest - Checked 'ConfirmationStepFour'
2025-02-10 08:52:10 [main] DEBUG l.i.u.t.SubmittedApplicationsPageTest - Clicked 'Next' button after checkboxes.
2025-02-10 08:52:10 [main] INFO  l.i.u.p.SubmittedApplicationsPage - File uploaded successfully to an input element.
2025-02-10 08:52:10 [main] INFO  l.i.u.p.SubmittedApplicationsPage - File uploaded successfully to an input element.
2025-02-10 08:52:10 [main] INFO  l.i.u.p.SubmittedApplicationsPage - File uploaded successfully to an input element.
2025-02-10 08:52:10 [main] INFO  l.i.u.p.SubmittedApplicationsPage - File uploaded successfully to an input element.
2025-02-10 08:52:10 [main] INFO  l.i.u.p.SubmittedApplicationsPage - File uploaded successfully to an input element.
2025-02-10 08:52:10 [main] INFO  l.i.u.p.SubmittedApplicationsPage - File uploaded successfully to an input element.
2025-02-10 08:52:10 [main] INFO  l.i.u.p.SubmittedApplicationsPage - File uploaded successfully to an input element.
2025-02-10 08:52:10 [main] INFO  l.i.u.p.SubmittedApplicationsPage - File uploaded successfully to an input element.
2025-02-10 08:52:10 [main] INFO  l.i.u.p.SubmittedApplicationsPage - File uploaded successfully to an input element.
2025-02-10 08:52:10 [main] INFO  l.i.u.p.SubmittedApplicationsPage - File uploaded successfully to an input element.
2025-02-10 08:52:11 [main] DEBUG l.i.u.t.SubmittedApplicationsPageTest - Entered program name: 'Dokumentas 1'.
2025-02-10 08:52:11 [main] DEBUG l.i.u.t.SubmittedApplicationsPageTest - Entered program name: 'Dokumentas 2'.
2025-02-10 08:52:11 [main] DEBUG l.i.u.t.SubmittedApplicationsPageTest - Entered program name: 'Dokumentas 3'.
2025-02-10 08:52:11 [main] DEBUG l.i.u.t.SubmittedApplicationsPageTest - Entered program name: 'Dokumentas 4'.
2025-02-10 08:52:11 [main] DEBUG l.i.u.t.SubmittedApplicationsPageTest - Entered program name: 'Dokumentas 5'.
2025-02-10 08:52:11 [main] DEBUG l.i.u.t.SubmittedApplicationsPageTest - Entered program name: 'Dokumentas 6'.
2025-02-10 08:52:12 [main] DEBUG l.i.u.t.SubmittedApplicationsPageTest - Entered program name: 'Dokumentas 4'.
2025-02-10 08:52:12 [main] DEBUG l.i.u.t.SubmittedApplicationsPageTest - Entered program name: 'Dokumentas 8'.
2025-02-10 08:52:12 [main] DEBUG l.i.u.t.SubmittedApplicationsPageTest - Entered program name: 'Dokumentas 9'.
2025-02-10 08:52:12 [main] DEBUG l.i.u.t.SubmittedApplicationsPageTest - Entered program name: 'Dokumentas 10'.
2025-02-10 08:52:22 [main] DEBUG l.i.u.t.SubmittedApplicationsPageTest - Checked 'ConfirmationDocument'
2025-02-10 08:52:32 [main] DEBUG l.i.u.t.SubmittedApplicationsPageTest - Checked 'ConfirmationApplication'
2025-02-10 08:52:33 [main] DEBUG l.i.u.t.SubmittedApplicationsPageTest - Clicked 'SaveDraft' button after checkboxes.
2025-02-10 08:52:33 [main] DEBUG l.insoft.uztis.pages.InvitationsPage - Verified success message: 'Ruošinys sėkmingai išsaugotas.'
2025-02-10 08:52:33 [main] DEBUG l.i.u.t.SubmittedApplicationsPageTest - Clicked 'Review' button after checkboxes.
2025-02-10 08:52:43 [main] ERROR l.i.u.t.SubmittedApplicationsPageTest - Test 'testFillNewVUIApplicationFA' failed with error: no such element: Unable to locate element: {"method":"xpath","selector":"//common-button/button[contains(text(), 'Pateikti')]"}
  (Session info: chrome=132.0.6834.196)
For documentation on this error, please visit: https://www.selenium.dev/documentation/webdriver/troubleshooting/errors#no-such-element-exception
Build info: version: '4.27.0', revision: 'd6e718d134'
System info: os.name: 'Windows 11', os.arch: 'amd64', os.version: '10.0', java.version: '21.0.3'
Driver info: org.openqa.selenium.chrome.ChromeDriver
Command: [4bc096cd452401ed5ba0dfdecca168a1, findElement {using=xpath, value=//common-button/button[contains(text(), 'Pateikti')]}]
Capabilities {acceptInsecureCerts: false, browserName: chrome, browserVersion: 132.0.6834.196, chrome: {chromedriverVersion: 132.0.6834.159 (2d77d3fc445..., userDataDir: C:\Users\INGRID~1.ZAD\AppDa...}, fedcm:accounts: true, goog:chromeOptions: {debuggerAddress: localhost:60222}, networkConnectionEnabled: false, pageLoadStrategy: normal, platformName: windows, proxy: Proxy(), se:cdp: ws://localhost:60222/devtoo..., se:cdpVersion: 132.0.6834.196, setWindowRect: true, strictFileInteractability: false, timeouts: {implicit: 0, pageLoad: 300000, script: 30000}, unhandledPromptBehavior: dismiss and notify, webauthn:extension:credBlob: true, webauthn:extension:largeBlob: true, webauthn:extension:minPinLength: true, webauthn:extension:prf: true, webauthn:virtualAuthenticators: true}
Session ID: 4bc096cd452401ed5ba0dfdecca168a1
org.openqa.selenium.NoSuchElementException: no such element: Unable to locate element: {"method":"xpath","selector":"//common-button/button[contains(text(), 'Pateikti')]"}
  (Session info: chrome=132.0.6834.196)
For documentation on this error, please visit: https://www.selenium.dev/documentation/webdriver/troubleshooting/errors#no-such-element-exception
Build info: version: '4.27.0', revision: 'd6e718d134'
System info: os.name: 'Windows 11', os.arch: 'amd64', os.version: '10.0', java.version: '21.0.3'
Driver info: org.openqa.selenium.chrome.ChromeDriver
Command: [4bc096cd452401ed5ba0dfdecca168a1, findElement {using=xpath, value=//common-button/button[contains(text(), 'Pateikti')]}]
Capabilities {acceptInsecureCerts: false, browserName: chrome, browserVersion: 132.0.6834.196, chrome: {chromedriverVersion: 132.0.6834.159 (2d77d3fc445..., userDataDir: C:\Users\INGRID~1.ZAD\AppDa...}, fedcm:accounts: true, goog:chromeOptions: {debuggerAddress: localhost:60222}, networkConnectionEnabled: false, pageLoadStrategy: normal, platformName: windows, proxy: Proxy(), se:cdp: ws://localhost:60222/devtoo..., se:cdpVersion: 132.0.6834.196, setWindowRect: true, strictFileInteractability: false, timeouts: {implicit: 0, pageLoad: 300000, script: 30000}, unhandledPromptBehavior: dismiss and notify, webauthn:extension:credBlob: true, webauthn:extension:largeBlob: true, webauthn:extension:minPinLength: true, webauthn:extension:prf: true, webauthn:virtualAuthenticators: true}
Session ID: 4bc096cd452401ed5ba0dfdecca168a1
	at java.base/jdk.internal.reflect.DirectConstructorHandleAccessor.newInstance(DirectConstructorHandleAccessor.java:62)
	at java.base/java.lang.reflect.Constructor.newInstanceWithCaller(Constructor.java:502)
	at java.base/java.lang.reflect.Constructor.newInstance(Constructor.java:486)
	at org.openqa.selenium.remote.ErrorCodec.decode(ErrorCodec.java:167)
	at org.openqa.selenium.remote.codec.w3c.W3CHttpResponseCodec.decode(W3CHttpResponseCodec.java:138)
	at org.openqa.selenium.remote.codec.w3c.W3CHttpResponseCodec.decode(W3CHttpResponseCodec.java:50)
	at org.openqa.selenium.remote.HttpCommandExecutor.execute(HttpCommandExecutor.java:190)
	at org.openqa.selenium.remote.service.DriverCommandExecutor.invokeExecute(DriverCommandExecutor.java:216)
	at org.openqa.selenium.remote.service.DriverCommandExecutor.execute(DriverCommandExecutor.java:174)
	at org.openqa.selenium.remote.RemoteWebDriver.execute(RemoteWebDriver.java:545)
	at org.openqa.selenium.remote.ElementLocation$ElementFinder$2.findElement(ElementLocation.java:165)
	at org.openqa.selenium.remote.ElementLocation.findElement(ElementLocation.java:59)
	at org.openqa.selenium.remote.RemoteWebDriver.findElement(RemoteWebDriver.java:368)
	at org.openqa.selenium.remote.RemoteWebDriver.findElement(RemoteWebDriver.java:362)
	at org.openqa.selenium.support.pagefactory.DefaultElementLocator.findElement(DefaultElementLocator.java:68)
	at org.openqa.selenium.support.pagefactory.internal.LocatingElementHandler.invoke(LocatingElementHandler.java:38)
	at jdk.proxy2/jdk.proxy2.$Proxy14.isSelected(Unknown Source)
	at lt.insoft.uztis.pages.SubmittedApplicationsPage.clickButtonSubmit(SubmittedApplicationsPage.java:540)
	at lt.insoft.uztis.tests.SubmittedApplicationsPageTest.testFillNewVUIApplicationFA(SubmittedApplicationsPageTest.java:447)
	at java.base/jdk.internal.reflect.DirectMethodHandleAccessor.invoke(DirectMethodHandleAccessor.java:103)
	at java.base/java.lang.reflect.Method.invoke(Method.java:580)
	at org.junit.platform.commons.util.ReflectionUtils.invokeMethod(ReflectionUtils.java:728)
	at org.junit.jupiter.engine.execution.MethodInvocation.proceed(MethodInvocation.java:60)
	at org.junit.jupiter.engine.execution.InvocationInterceptorChain$ValidatingInvocation.proceed(InvocationInterceptorChain.java:131)
	at org.junit.jupiter.engine.extension.TimeoutExtension.intercept(TimeoutExtension.java:156)
	at org.junit.jupiter.engine.extension.TimeoutExtension.interceptTestableMethod(TimeoutExtension.java:147)
	at org.junit.jupiter.engine.extension.TimeoutExtension.interceptTestMethod(TimeoutExtension.java:86)
	at org.junit.jupiter.engine.execution.InterceptingExecutableInvoker$ReflectiveInterceptorCall.lambda$ofVoidMethod$0(InterceptingExecutableInvoker.java:103)
	at org.junit.jupiter.engine.execution.InterceptingExecutableInvoker.lambda$invoke$0(InterceptingExecutableInvoker.java:93)
	at org.junit.jupiter.engine.execution.InvocationInterceptorChain$InterceptedInvocation.proceed(InvocationInterceptorChain.java:106)
	at org.junit.jupiter.engine.execution.InvocationInterceptorChain.proceed(InvocationInterceptorChain.java:64)
	at org.junit.jupiter.engine.execution.InvocationInterceptorChain.chainAndInvoke(InvocationInterceptorChain.java:45)
	at org.junit.jupiter.engine.execution.InvocationInterceptorChain.invoke(InvocationInterceptorChain.java:37)
	at org.junit.jupiter.engine.execution.InterceptingExecutableInvoker.invoke(InterceptingExecutableInvoker.java:92)
	at org.junit.jupiter.engine.execution.InterceptingExecutableInvoker.invoke(InterceptingExecutableInvoker.java:86)
	at org.junit.jupiter.engine.descriptor.TestMethodTestDescriptor.lambda$invokeTestMethod$7(TestMethodTestDescriptor.java:218)
	at org.junit.platform.engine.support.hierarchical.ThrowableCollector.execute(ThrowableCollector.java:73)
	at org.junit.jupiter.engine.descriptor.TestMethodTestDescriptor.invokeTestMethod(TestMethodTestDescriptor.java:214)
	at org.junit.jupiter.engine.descriptor.TestMethodTestDescriptor.execute(TestMethodTestDescriptor.java:139)
	at org.junit.jupiter.engine.descriptor.TestMethodTestDescriptor.execute(TestMethodTestDescriptor.java:69)
	at org.junit.platform.engine.support.hierarchical.NodeTestTask.lambda$executeRecursively$6(NodeTestTask.java:151)
	at org.junit.platform.engine.support.hierarchical.ThrowableCollector.execute(ThrowableCollector.java:73)
	at org.junit.platform.engine.support.hierarchical.NodeTestTask.lambda$executeRecursively$8(NodeTestTask.java:141)
	at org.junit.platform.engine.support.hierarchical.Node.around(Node.java:137)
	at org.junit.platform.engine.support.hierarchical.NodeTestTask.lambda$executeRecursively$9(NodeTestTask.java:139)
	at org.junit.platform.engine.support.hierarchical.ThrowableCollector.execute(ThrowableCollector.java:73)
	at org.junit.platform.engine.support.hierarchical.NodeTestTask.executeRecursively(NodeTestTask.java:138)
	at org.junit.platform.engine.support.hierarchical.NodeTestTask.execute(NodeTestTask.java:95)
	at java.base/java.util.ArrayList.forEach(ArrayList.java:1596)
	at org.junit.platform.engine.support.hierarchical.SameThreadHierarchicalTestExecutorService.invokeAll(SameThreadHierarchicalTestExecutorService.java:41)
	at org.junit.platform.engine.support.hierarchical.NodeTestTask.lambda$executeRecursively$6(NodeTestTask.java:155)
	at org.junit.platform.engine.support.hierarchical.ThrowableCollector.execute(ThrowableCollector.java:73)
	at org.junit.platform.engine.support.hierarchical.NodeTestTask.lambda$executeRecursively$8(NodeTestTask.java:141)
	at org.junit.platform.engine.support.hierarchical.Node.around(Node.java:137)
	at org.junit.platform.engine.support.hierarchical.NodeTestTask.lambda$executeRecursively$9(NodeTestTask.java:139)
	at org.junit.platform.engine.support.hierarchical.ThrowableCollector.execute(ThrowableCollector.java:73)
	at org.junit.platform.engine.support.hierarchical.NodeTestTask.executeRecursively(NodeTestTask.java:138)
	at org.junit.platform.engine.support.hierarchical.NodeTestTask.execute(NodeTestTask.java:95)
	at java.base/java.util.ArrayList.forEach(ArrayList.java:1596)
	at org.junit.platform.engine.support.hierarchical.SameThreadHierarchicalTestExecutorService.invokeAll(SameThreadHierarchicalTestExecutorService.java:41)
	at org.junit.platform.engine.support.hierarchical.NodeTestTask.lambda$executeRecursively$6(NodeTestTask.java:155)
	at org.junit.platform.engine.support.hierarchical.ThrowableCollector.execute(ThrowableCollector.java:73)
	at org.junit.platform.engine.support.hierarchical.NodeTestTask.lambda$executeRecursively$8(NodeTestTask.java:141)
	at org.junit.platform.engine.support.hierarchical.Node.around(Node.java:137)
	at org.junit.platform.engine.support.hierarchical.NodeTestTask.lambda$executeRecursively$9(NodeTestTask.java:139)
	at org.junit.platform.engine.support.hierarchical.ThrowableCollector.execute(ThrowableCollector.java:73)
	at org.junit.platform.engine.support.hierarchical.NodeTestTask.executeRecursively(NodeTestTask.java:138)
	at org.junit.platform.engine.support.hierarchical.NodeTestTask.execute(NodeTestTask.java:95)
	at org.junit.platform.engine.support.hierarchical.SameThreadHierarchicalTestExecutorService.submit(SameThreadHierarchicalTestExecutorService.java:35)
	at org.junit.platform.engine.support.hierarchical.HierarchicalTestExecutor.execute(HierarchicalTestExecutor.java:57)
	at org.junit.platform.engine.support.hierarchical.HierarchicalTestEngine.execute(HierarchicalTestEngine.java:54)
	at org.junit.platform.launcher.core.EngineExecutionOrchestrator.execute(EngineExecutionOrchestrator.java:198)
	at org.junit.platform.launcher.core.EngineExecutionOrchestrator.execute(EngineExecutionOrchestrator.java:169)
	at org.junit.platform.launcher.core.EngineExecutionOrchestrator.execute(EngineExecutionOrchestrator.java:93)
	at org.junit.platform.launcher.core.EngineExecutionOrchestrator.lambda$execute$0(EngineExecutionOrchestrator.java:58)
	at org.junit.platform.launcher.core.EngineExecutionOrchestrator.withInterceptedStreams(EngineExecutionOrchestrator.java:141)
	at org.junit.platform.launcher.core.EngineExecutionOrchestrator.execute(EngineExecutionOrchestrator.java:57)
	at org.junit.platform.launcher.core.DefaultLauncher.execute(DefaultLauncher.java:103)
	at org.junit.platform.launcher.core.DefaultLauncher.execute(DefaultLauncher.java:85)
	at org.junit.platform.launcher.core.DelegatingLauncher.execute(DelegatingLauncher.java:47)
	at org.junit.platform.launcher.core.SessionPerRequestLauncher.execute(SessionPerRequestLauncher.java:63)
	at com.intellij.junit5.JUnit5IdeaTestRunner.startRunnerWithArgs(JUnit5IdeaTestRunner.java:57)
	at com.intellij.rt.junit.IdeaTestRunner$Repeater$1.execute(IdeaTestRunner.java:38)
	at com.intellij.rt.execution.junit.TestsRepeater.repeat(TestsRepeater.java:11)
	at com.intellij.rt.junit.IdeaTestRunner$Repeater.startRunnerWithArgs(IdeaTestRunner.java:35)
	at com.intellij.rt.junit.JUnitStarter.prepareStreamsAndStart(JUnitStarter.java:232)
	at com.intellij.rt.junit.JUnitStarter.main(JUnitStarter.java:55)
2025-02-10 08:52:43 [main] INFO  l.insoft.uztis.tests.utils.TestUtils - Screenshot moved to C:\Users\ingrida.zadorozniene\Desktop\Asm\UZTIS\UZTIS_tests\test-output\screenshots\20250210\085243533_testFillNewVUIApplicationFA().png
2025-02-10 08:53:13 [main] INFO  lt.insoft.uztis.tests.UztisPageTest - Navigated to https://uztisdev.asseco.lt/home
2025-02-10 08:53:14 [main] INFO  l.i.u.t.SubmittedApplicationsPageTest - Starting test:'testFillNewVUIPApplicationFA'
2025-02-10 08:53:14 [main] DEBUG l.i.u.t.SubmittedApplicationsPageTest - User logged in with test credentials.
2025-02-10 08:53:14 [main] DEBUG l.i.u.t.SubmittedApplicationsPageTest - Opened 'Application Processing' menu.
2025-02-10 08:53:14 [main] DEBUG l.i.u.t.SubmittedApplicationsPageTest - Clicked on 'Application Forms' menu.
2025-02-10 08:53:15 [main] DEBUG l.i.u.t.SubmittedApplicationsPageTest - Retrieved last description code text: 'TST-VUI-00'.
2025-02-10 08:53:15 [main] DEBUG l.i.u.t.SubmittedApplicationsPageTest - Clicked on 'Invitation' menu.
2025-02-10 08:53:16 [main] DEBUG l.i.u.t.SubmittedApplicationsPageTest - Selected application section by code: 'TST-VUI-00'.
2025-02-10 08:53:16 [main] DEBUG l.i.u.t.SubmittedApplicationsPageTest - Clicked 'Search' button.
2025-02-10 08:53:16 [main] DEBUG l.i.u.t.SubmittedApplicationsPageTest - Retrieved invitation code: ''.
2025-02-10 08:53:16 [main] DEBUG l.i.u.t.SubmittedApplicationsPageTest - Clicked on 'Submitted Applications' menu.
2025-02-10 08:53:17 [main] DEBUG l.i.u.t.SubmittedApplicationsPageTest - Selected invitation by code: 'TST-VUI-00'.
2025-02-10 08:53:17 [main] DEBUG l.i.u.t.SubmittedApplicationsPageTest - Invitation code inserted.
2025-02-10 08:53:17 [main] DEBUG l.i.u.t.SubmittedApplicationsPageTest - Clicked on 'Action Application' button.
2025-02-10 08:53:17 [main] DEBUG l.i.u.t.SubmittedApplicationsPageTest - Clicked on 'New Application' button.
2025-02-10 08:53:18 [main] DEBUG l.i.u.t.SubmittedApplicationsPageTest - Selected the 'RadioButtonFA' option.
2025-02-10 08:53:18 [main] DEBUG l.i.u.t.SubmittedApplicationsPageTest - Entered phone number: '61298745'.
2025-02-10 08:53:18 [main] DEBUG l.i.u.t.SubmittedApplicationsPageTest - Entered email: 'test@autotest.com'.
2025-02-10 08:53:18 [main] INFO  l.i.u.p.SubmittedApplicationsPage - Located the dropdown button.
2025-02-10 08:53:35 [main] INFO  l.i.u.p.SubmittedApplicationsPage - Found 1741 options in the dropdown.
2025-02-10 08:53:35 [main] INFO  l.i.u.p.SubmittedApplicationsPage - Successfully selected the value: '01.11 - Grūdinių (išskyrus ryžius), ankštinių ir aliejingų sėklų augalų auginimas'
2025-02-10 08:53:46 [main] ERROR l.i.u.p.SubmittedApplicationsPage - Failed to close the dropdown with aria-expanded = 'false'. Attempting manual close.
2025-02-10 08:53:46 [main] INFO  l.i.u.p.SubmittedApplicationsPage - Manual close attempt for the dropdown using body click.
2025-02-10 08:53:46 [main] DEBUG l.i.u.t.SubmittedApplicationsPageTest - Selected EVRK value: '01.11 - Grūdinių (išskyrus ryžius), ankštinių ir aliejingų sėklų augalų auginimas'.
2025-02-10 08:53:46 [main] DEBUG l.i.u.t.SubmittedApplicationsPageTest - Entered address: 'Vilniaus m. sav., Vilnius, Testo g. 10T'.
2025-02-10 08:53:46 [main] DEBUG l.i.u.t.SubmittedApplicationsPageTest - Entered project date.
2025-02-10 08:53:46 [main] DEBUG l.i.u.t.SubmittedApplicationsPageTest - Entered job count: '1'.
2025-02-10 08:53:47 [main] DEBUG l.i.u.t.SubmittedApplicationsPageTest - Clicked 'Next' button.
2025-02-10 08:53:47 [main] INFO  l.i.u.p.SubmittedApplicationsPage - Located the dropdown button.
2025-02-10 08:53:48 [main] INFO  l.i.u.p.SubmittedApplicationsPage - Successfully selected the value: 'Administratoriai'
2025-02-10 08:54:18 [main] ERROR l.i.u.p.SubmittedApplicationsPage - Timeout while waiting for dropdown to close with aria-expanded = 'false'.
2025-02-10 08:54:18 [main] DEBUG l.i.u.t.SubmittedApplicationsPageTest - Selected job name: 'Administratoriai'.
2025-02-10 08:54:18 [main] DEBUG l.i.u.t.SubmittedApplicationsPageTest - Entered job function: 'Funkcija 1'.
2025-02-10 08:54:18 [main] DEBUG l.i.u.t.SubmittedApplicationsPageTest - Selected 'RadioButtonWithDisabilities' option.
2025-02-10 08:54:18 [main] INFO  l.i.u.p.SubmittedApplicationsPage - Clicking on the dropdown button.
2025-02-10 08:54:18 [main] INFO  l.i.u.p.SubmittedApplicationsPage - Found 34 options in the dropdown.
2025-02-10 08:54:18 [main] DEBUG l.i.u.p.SubmittedApplicationsPage - Checking option: 'Asmenys, kuriems suteiktas pabėgėlio statusas ar perkeliamojo asmens statusas, arba asmenys, kuriems suteikta papildoma ar laikinoji apsauga, ir asmenys, turintys teisę gauti laikinąją apsaugą, iki sprendimo dėl laikinosios apsaugos suteikimo (nesuteikimo) priėmimo, tačiau ne ilgiau kaip laikinosios apsaugos laikotarpiu'
2025-02-10 08:54:18 [main] DEBUG l.i.u.p.SubmittedApplicationsPage - Checking option: 'Asmenys, kuriems suteiktas pabėgėlio statusas ar perkeliamojo asmens statusas, arba asmenys, kuriems suteikta papildoma ar laikinoji apsauga, ir asmenys, turintys teisę gauti laikinąją apsaugą, iki sprendimo dėl laikinosios apsaugos suteikimo (nesuteikimo) priėmimo, tačiau ne ilgiau kaip laikinosios apsaugos laikotarpiu'
2025-02-10 08:54:18 [main] DEBUG l.i.u.p.SubmittedApplicationsPage - Checking option: 'Asmenys, turintys teisę į papildomas užimtumo garantijas pagal Lietuvos Respublikos valstybės įmonės Ignalinos atominės elektrinės darbuotojų papildomų užimtumo ir socialinių garantijų įstatymą'
2025-02-10 08:54:18 [main] DEBUG l.i.u.p.SubmittedApplicationsPage - Checking option: 'Asmenys, turintys teisę į papildomas užimtumo garantijas pagal Lietuvos Respublikos valstybės įmonės Ignalinos atominės elektrinės darbuotojų papildomų užimtumo ir socialinių garantijų įstatymą'
2025-02-10 08:54:18 [main] DEBUG l.i.u.p.SubmittedApplicationsPage - Checking option: 'Bedarbiai iki 29 metų'
2025-02-10 08:54:18 [main] DEBUG l.i.u.p.SubmittedApplicationsPage - Checking option: 'Bedarbiai iki 29 metų'
2025-02-10 08:54:19 [main] DEBUG l.i.u.p.SubmittedApplicationsPage - Checking option: 'Bedarbiai, kurie yra darbingo amžiaus neįgalieji, kuriems nustatytas 30–40 procentų darbingumo lygis arba vidutinis neįgalumo lygis'
2025-02-10 08:54:19 [main] DEBUG l.i.u.p.SubmittedApplicationsPage - Checking option: 'Bedarbiai, kurie yra darbingo amžiaus neįgalieji, kuriems nustatytas 30–40 procentų darbingumo lygis arba vidutinis neįgalumo lygis'
2025-02-10 08:54:19 [main] DEBUG l.i.u.p.SubmittedApplicationsPage - Checking option: 'Bedarbiai, kurie yra darbingo amžiaus neįgalieji, kuriems nustatytas 45–55 procentų darbingumo lygis arba lengvas neįgalumo lygis'
2025-02-10 08:54:19 [main] DEBUG l.i.u.p.SubmittedApplicationsPage - Checking option: 'Bedarbiai, kurie yra darbingo amžiaus neįgalieji, kuriems nustatytas 45–55 procentų darbingumo lygis arba lengvas neįgalumo lygis'
2025-02-10 08:54:19 [main] DEBUG l.i.u.p.SubmittedApplicationsPage - Checking option: 'Bedarbiai, kurie yra darbingo amžiaus neįgalieji, kuriems nustatytas iki 25 procentų darbingumo lygis arba sunkus neįgalumo lygis'
2025-02-10 08:54:19 [main] INFO  l.i.u.p.SubmittedApplicationsPage - Successfully selected the value: 'Bedarbiai, kurie yra darbingo amžiaus neįgalieji, kuriems nustatytas iki 25 procentų darbingumo lygis arba sunkus neįgalumo lygis'
2025-02-10 08:54:19 [main] INFO  l.i.u.p.SubmittedApplicationsPage - Attempting to close the dropdown.
2025-02-10 08:54:29 [main] INFO  l.i.u.p.SubmittedApplicationsPage - Dropdown should be closed now.
2025-02-10 08:54:29 [main] DEBUG l.i.u.t.SubmittedApplicationsPageTest - Selected disabilities type: 'Bedarbiai, kurie yra darbingo amžiaus neįgalieji, kuriems nustatytas iki 25 procentų darbingumo lygis arba sunkus neįgalumo lygis'.
2025-02-10 08:54:30 [main] DEBUG l.i.u.t.SubmittedApplicationsPageTest - Entered disability information: 'Negalia 1'.
2025-02-10 08:54:30 [main] INFO  l.i.u.p.SubmittedApplicationsPage - Located the dropdown button.
2025-02-10 08:54:30 [main] INFO  l.i.u.p.SubmittedApplicationsPage - Successfully selected the value: 'Kita'
2025-02-10 08:54:41 [main] ERROR l.i.u.p.SubmittedApplicationsPage - Timeout while waiting for dropdown to close with aria-expanded = 'false'.
2025-02-10 08:54:41 [main] DEBUG l.i.u.t.SubmittedApplicationsPageTest - Selected time mode: 'Kita'.
2025-02-10 08:54:41 [main] DEBUG l.i.u.t.SubmittedApplicationsPageTest - Selected time mode other: '6 val. per dieną ir 4 d. per savaitę'.
2025-02-10 08:54:41 [main] DEBUG l.i.u.t.SubmittedApplicationsPageTest - Entered qualification: 'Kvalifikacija 1'.
2025-02-10 08:54:41 [main] DEBUG l.i.u.t.SubmittedApplicationsPageTest - Entered job date.
2025-02-10 08:54:41 [main] DEBUG l.i.u.t.SubmittedApplicationsPageTest - Entered salary amount: '1200'.
2025-02-10 08:54:41 [main] DEBUG l.i.u.t.SubmittedApplicationsPageTest - Selected 'Temporary Job' radio button.
2025-02-10 08:54:42 [main] DEBUG l.i.u.t.SubmittedApplicationsPageTest - Selected 'Season Job' radio button.
2025-02-10 08:54:42 [main] DEBUG l.i.u.t.SubmittedApplicationsPageTest - Selected 'Energy' radio button.
2025-02-10 08:54:42 [main] DEBUG l.i.u.t.SubmittedApplicationsPageTest - Selected 'Repair' radio button.
2025-02-10 08:54:42 [main] DEBUG l.i.u.t.SubmittedApplicationsPageTest - Entered job description: 'Veikla 1'.
2025-02-10 08:54:42 [main] DEBUG l.i.u.t.SubmittedApplicationsPageTest - Entered process description: 'Procesas 1'.
2025-02-10 08:54:42 [main] DEBUG l.i.u.t.SubmittedApplicationsPageTest - Entered energy information: 'Energija 1'.
2025-02-10 08:54:42 [main] DEBUG l.i.u.t.SubmittedApplicationsPageTest - Entered repair information: 'Remontas 1'.
2025-02-10 08:54:43 [main] DEBUG l.i.u.t.SubmittedApplicationsPageTest - Selected 'PVM' radio button.
2025-02-10 08:54:43 [main] INFO  l.i.u.p.SubmittedApplicationsPage - Located the dropdown button.
2025-02-10 08:54:43 [main] INFO  l.i.u.p.SubmittedApplicationsPage - Successfully selected the value: 'Įsigyti'
2025-02-10 08:55:04 [main] ERROR l.i.u.p.SubmittedApplicationsPage - Timeout while waiting for dropdown to close with aria-expanded = 'false'.
2025-02-10 08:55:04 [main] DEBUG l.i.u.t.SubmittedApplicationsPageTest - Selected necessary for job: 'Įsigyti'.
2025-02-10 08:55:04 [main] DEBUG l.i.u.t.SubmittedApplicationsPageTest - Selected tool: 'Darbo priemonė 1'.
2025-02-10 08:55:04 [main] DEBUG l.i.u.t.SubmittedApplicationsPageTest - Selected tool parameter one: 'Darbo priemonės 1 parametras 1'.
2025-02-10 08:55:04 [main] DEBUG l.i.u.t.SubmittedApplicationsPageTest - Selected tool parameter two: 'Darbo priemonės 1 parametras 2'.
2025-02-10 08:55:04 [main] DEBUG l.i.u.t.SubmittedApplicationsPageTest - Selected tool parameter three: 'Darbo priemonės 1 parametras 3'.
2025-02-10 08:55:04 [main] DEBUG l.i.u.t.SubmittedApplicationsPageTest - Entered tool count: '1'.
2025-02-10 08:55:05 [main] DEBUG l.i.u.t.SubmittedApplicationsPageTest - Entered price amount 1: '1000'.
2025-02-10 08:55:05 [main] DEBUG l.i.u.t.SubmittedApplicationsPageTest - Entered own funds amount 1: '800'.
2025-02-10 08:55:05 [main] DEBUG l.i.u.t.SubmittedApplicationsPageTest - Clicked 'Add' button.
2025-02-10 08:55:05 [main] INFO  l.i.u.p.SubmittedApplicationsPage - Located the dropdown button.
2025-02-10 08:55:05 [main] INFO  l.i.u.p.SubmittedApplicationsPage - Successfully selected the value: 'Remontuoti'
2025-02-10 08:55:26 [main] ERROR l.i.u.p.SubmittedApplicationsPage - Timeout while waiting for dropdown to close with aria-expanded = 'false'.
2025-02-10 08:55:26 [main] DEBUG l.i.u.t.SubmittedApplicationsPageTest - Selected necessary for job 'to repair': 'Remontuoti'.
2025-02-10 08:55:26 [main] DEBUG l.i.u.t.SubmittedApplicationsPageTest - Selected repair name: 'Remonto pavadinimas 1'.
2025-02-10 08:55:26 [main] DEBUG l.i.u.t.SubmittedApplicationsPageTest - Entered repair information: 'Remonto aprašymas 1'.
2025-02-10 08:55:26 [main] DEBUG l.i.u.t.SubmittedApplicationsPageTest - Entered price amount 2: '1000'.
2025-02-10 08:55:26 [main] DEBUG l.i.u.t.SubmittedApplicationsPageTest - Entered own funds amount 2: '900'.
2025-02-10 08:55:26 [main] DEBUG l.i.u.t.SubmittedApplicationsPageTest - Entered country percentage: '50'.
2025-02-10 08:55:27 [main] DEBUG l.i.u.t.SubmittedApplicationsPageTest - Entered institution percentage: '50'.
2025-02-10 08:55:27 [main] DEBUG l.i.u.t.SubmittedApplicationsPageTest - Entered municipality percentage: '50'.
2025-02-10 08:55:27 [main] DEBUG l.i.u.t.SubmittedApplicationsPageTest - Selected 'De Minimis' radio button.
2025-02-10 08:55:27 [main] DEBUG l.i.u.t.SubmittedApplicationsPageTest - Entered program name: 'Programa 1'.
2025-02-10 08:55:27 [main] DEBUG l.i.u.t.SubmittedApplicationsPageTest - Entered project date from.
2025-02-10 08:55:27 [main] DEBUG l.i.u.t.SubmittedApplicationsPageTest - Entered project date until.
2025-02-10 08:55:28 [main] DEBUG l.i.u.t.SubmittedApplicationsPageTest - Entered support amount: '2000'.
2025-02-10 08:55:28 [main] DEBUG l.i.u.t.SubmittedApplicationsPageTest - Clicked 'Next' button.
2025-02-10 08:55:38 [main] DEBUG l.i.u.t.SubmittedApplicationsPageTest - Checked 'Legal Entities' checkbox 1.
2025-02-10 08:55:48 [main] DEBUG l.i.u.t.SubmittedApplicationsPageTest - Checked 'Legal Entities' checkbox 2.
2025-02-10 08:55:58 [main] DEBUG l.i.u.t.SubmittedApplicationsPageTest - Checked 'Legal Entities' checkbox 3.
2025-02-10 08:55:58 [main] DEBUG l.i.u.t.SubmittedApplicationsPageTest - Test finished: All 'Legal Entities' checkboxes checked successfully.
2025-02-10 08:55:58 [main] DEBUG l.i.u.t.SubmittedApplicationsPageTest - Clicked 'Next' button after checkboxes.
2025-02-10 08:56:08 [main] ERROR l.i.u.p.SubmittedApplicationsPage - Error selecting radio button: Expected condition failed: waiting for element to be clickable: By.xpath: (//input[@type='radio' and @value='false'])[8] (tried for 10 second(s) with 500 milliseconds interval)
Build info: version: '4.27.0', revision: 'd6e718d134'
System info: os.name: 'Windows 11', os.arch: 'amd64', os.version: '10.0', java.version: '21.0.3'
Driver info: org.openqa.selenium.chrome.ChromeDriver
Capabilities {acceptInsecureCerts: false, browserName: chrome, browserVersion: 132.0.6834.196, chrome: {chromedriverVersion: 132.0.6834.159 (2d77d3fc445..., userDataDir: C:\Users\INGRID~1.ZAD\AppDa...}, fedcm:accounts: true, goog:chromeOptions: {debuggerAddress: localhost:60459}, networkConnectionEnabled: false, pageLoadStrategy: normal, platformName: windows, proxy: Proxy(), se:cdp: ws://localhost:60459/devtoo..., se:cdpVersion: 132.0.6834.196, setWindowRect: true, strictFileInteractability: false, timeouts: {implicit: 0, pageLoad: 300000, script: 30000}, unhandledPromptBehavior: dismiss and notify, webauthn:extension:credBlob: true, webauthn:extension:largeBlob: true, webauthn:extension:minPinLength: true, webauthn:extension:prf: true, webauthn:virtualAuthenticators: true}
Session ID: dfa08f0587193f27f8237955a394ebbd
2025-02-10 08:56:08 [main] INFO  l.i.u.t.SubmittedApplicationsPageTest - Marking 'Ne' radio button 1
2025-02-10 08:56:19 [main] ERROR l.i.u.p.SubmittedApplicationsPage - Error selecting radio button: Expected condition failed: waiting for element to be clickable: By.xpath: (//input[@type='radio' and @value='false'])[9] (tried for 10 second(s) with 500 milliseconds interval)
Build info: version: '4.27.0', revision: 'd6e718d134'
System info: os.name: 'Windows 11', os.arch: 'amd64', os.version: '10.0', java.version: '21.0.3'
Driver info: org.openqa.selenium.chrome.ChromeDriver
Capabilities {acceptInsecureCerts: false, browserName: chrome, browserVersion: 132.0.6834.196, chrome: {chromedriverVersion: 132.0.6834.159 (2d77d3fc445..., userDataDir: C:\Users\INGRID~1.ZAD\AppDa...}, fedcm:accounts: true, goog:chromeOptions: {debuggerAddress: localhost:60459}, networkConnectionEnabled: false, pageLoadStrategy: normal, platformName: windows, proxy: Proxy(), se:cdp: ws://localhost:60459/devtoo..., se:cdpVersion: 132.0.6834.196, setWindowRect: true, strictFileInteractability: false, timeouts: {implicit: 0, pageLoad: 300000, script: 30000}, unhandledPromptBehavior: dismiss and notify, webauthn:extension:credBlob: true, webauthn:extension:largeBlob: true, webauthn:extension:minPinLength: true, webauthn:extension:prf: true, webauthn:virtualAuthenticators: true}
Session ID: dfa08f0587193f27f8237955a394ebbd
2025-02-10 08:56:19 [main] INFO  l.i.u.t.SubmittedApplicationsPageTest - Marking 'Ne' radio button 2
2025-02-10 08:56:29 [main] ERROR l.i.u.p.SubmittedApplicationsPage - Error selecting radio button: Expected condition failed: waiting for element to be clickable: By.xpath: (//input[@type='radio' and @value='false'])[10] (tried for 10 second(s) with 500 milliseconds interval)
Build info: version: '4.27.0', revision: 'd6e718d134'
System info: os.name: 'Windows 11', os.arch: 'amd64', os.version: '10.0', java.version: '21.0.3'
Driver info: org.openqa.selenium.chrome.ChromeDriver
Capabilities {acceptInsecureCerts: false, browserName: chrome, browserVersion: 132.0.6834.196, chrome: {chromedriverVersion: 132.0.6834.159 (2d77d3fc445..., userDataDir: C:\Users\INGRID~1.ZAD\AppDa...}, fedcm:accounts: true, goog:chromeOptions: {debuggerAddress: localhost:60459}, networkConnectionEnabled: false, pageLoadStrategy: normal, platformName: windows, proxy: Proxy(), se:cdp: ws://localhost:60459/devtoo..., se:cdpVersion: 132.0.6834.196, setWindowRect: true, strictFileInteractability: false, timeouts: {implicit: 0, pageLoad: 300000, script: 30000}, unhandledPromptBehavior: dismiss and notify, webauthn:extension:credBlob: true, webauthn:extension:largeBlob: true, webauthn:extension:minPinLength: true, webauthn:extension:prf: true, webauthn:virtualAuthenticators: true}
Session ID: dfa08f0587193f27f8237955a394ebbd
2025-02-10 08:56:29 [main] INFO  l.i.u.t.SubmittedApplicationsPageTest - Marking 'Ne' radio button 3
2025-02-10 08:56:39 [main] ERROR l.i.u.p.SubmittedApplicationsPage - Error selecting radio button: Expected condition failed: waiting for element to be clickable: By.xpath: (//input[@type='radio' and @value='false'])[11] (tried for 10 second(s) with 500 milliseconds interval)
Build info: version: '4.27.0', revision: 'd6e718d134'
System info: os.name: 'Windows 11', os.arch: 'amd64', os.version: '10.0', java.version: '21.0.3'
Driver info: org.openqa.selenium.chrome.ChromeDriver
Capabilities {acceptInsecureCerts: false, browserName: chrome, browserVersion: 132.0.6834.196, chrome: {chromedriverVersion: 132.0.6834.159 (2d77d3fc445..., userDataDir: C:\Users\INGRID~1.ZAD\AppDa...}, fedcm:accounts: true, goog:chromeOptions: {debuggerAddress: localhost:60459}, networkConnectionEnabled: false, pageLoadStrategy: normal, platformName: windows, proxy: Proxy(), se:cdp: ws://localhost:60459/devtoo..., se:cdpVersion: 132.0.6834.196, setWindowRect: true, strictFileInteractability: false, timeouts: {implicit: 0, pageLoad: 300000, script: 30000}, unhandledPromptBehavior: dismiss and notify, webauthn:extension:credBlob: true, webauthn:extension:largeBlob: true, webauthn:extension:minPinLength: true, webauthn:extension:prf: true, webauthn:virtualAuthenticators: true}
Session ID: dfa08f0587193f27f8237955a394ebbd
2025-02-10 08:56:39 [main] INFO  l.i.u.t.SubmittedApplicationsPageTest - Marking 'Ne' radio button 4
2025-02-10 08:56:49 [main] ERROR l.i.u.p.SubmittedApplicationsPage - Error selecting radio button: Expected condition failed: waiting for element to be clickable: By.xpath: (//input[@type='radio' and @value='false'])[12] (tried for 10 second(s) with 500 milliseconds interval)
Build info: version: '4.27.0', revision: 'd6e718d134'
System info: os.name: 'Windows 11', os.arch: 'amd64', os.version: '10.0', java.version: '21.0.3'
Driver info: org.openqa.selenium.chrome.ChromeDriver
Capabilities {acceptInsecureCerts: false, browserName: chrome, browserVersion: 132.0.6834.196, chrome: {chromedriverVersion: 132.0.6834.159 (2d77d3fc445..., userDataDir: C:\Users\INGRID~1.ZAD\AppDa...}, fedcm:accounts: true, goog:chromeOptions: {debuggerAddress: localhost:60459}, networkConnectionEnabled: false, pageLoadStrategy: normal, platformName: windows, proxy: Proxy(), se:cdp: ws://localhost:60459/devtoo..., se:cdpVersion: 132.0.6834.196, setWindowRect: true, strictFileInteractability: false, timeouts: {implicit: 0, pageLoad: 300000, script: 30000}, unhandledPromptBehavior: dismiss and notify, webauthn:extension:credBlob: true, webauthn:extension:largeBlob: true, webauthn:extension:minPinLength: true, webauthn:extension:prf: true, webauthn:virtualAuthenticators: true}
Session ID: dfa08f0587193f27f8237955a394ebbd
2025-02-10 08:56:49 [main] INFO  l.i.u.t.SubmittedApplicationsPageTest - Marking 'Ne' radio button 5
2025-02-10 08:56:59 [main] ERROR l.i.u.p.SubmittedApplicationsPage - Error selecting radio button: Expected condition failed: waiting for element to be clickable: By.xpath: (//input[@type='radio' and @value='false'])[13] (tried for 10 second(s) with 500 milliseconds interval)
Build info: version: '4.27.0', revision: 'd6e718d134'
System info: os.name: 'Windows 11', os.arch: 'amd64', os.version: '10.0', java.version: '21.0.3'
Driver info: org.openqa.selenium.chrome.ChromeDriver
Capabilities {acceptInsecureCerts: false, browserName: chrome, browserVersion: 132.0.6834.196, chrome: {chromedriverVersion: 132.0.6834.159 (2d77d3fc445..., userDataDir: C:\Users\INGRID~1.ZAD\AppDa...}, fedcm:accounts: true, goog:chromeOptions: {debuggerAddress: localhost:60459}, networkConnectionEnabled: false, pageLoadStrategy: normal, platformName: windows, proxy: Proxy(), se:cdp: ws://localhost:60459/devtoo..., se:cdpVersion: 132.0.6834.196, setWindowRect: true, strictFileInteractability: false, timeouts: {implicit: 0, pageLoad: 300000, script: 30000}, unhandledPromptBehavior: dismiss and notify, webauthn:extension:credBlob: true, webauthn:extension:largeBlob: true, webauthn:extension:minPinLength: true, webauthn:extension:prf: true, webauthn:virtualAuthenticators: true}
Session ID: dfa08f0587193f27f8237955a394ebbd
2025-02-10 08:56:59 [main] INFO  l.i.u.t.SubmittedApplicationsPageTest - Marking 'Ne' radio button 6
2025-02-10 08:57:09 [main] ERROR l.i.u.p.SubmittedApplicationsPage - Error selecting radio button: Expected condition failed: waiting for element to be clickable: By.xpath: (//input[@type='radio' and @value='true'])[14] (tried for 10 second(s) with 500 milliseconds interval)
Build info: version: '4.27.0', revision: 'd6e718d134'
System info: os.name: 'Windows 11', os.arch: 'amd64', os.version: '10.0', java.version: '21.0.3'
Driver info: org.openqa.selenium.chrome.ChromeDriver
Capabilities {acceptInsecureCerts: false, browserName: chrome, browserVersion: 132.0.6834.196, chrome: {chromedriverVersion: 132.0.6834.159 (2d77d3fc445..., userDataDir: C:\Users\INGRID~1.ZAD\AppDa...}, fedcm:accounts: true, goog:chromeOptions: {debuggerAddress: localhost:60459}, networkConnectionEnabled: false, pageLoadStrategy: normal, platformName: windows, proxy: Proxy(), se:cdp: ws://localhost:60459/devtoo..., se:cdpVersion: 132.0.6834.196, setWindowRect: true, strictFileInteractability: false, timeouts: {implicit: 0, pageLoad: 300000, script: 30000}, unhandledPromptBehavior: dismiss and notify, webauthn:extension:credBlob: true, webauthn:extension:largeBlob: true, webauthn:extension:minPinLength: true, webauthn:extension:prf: true, webauthn:virtualAuthenticators: true}
Session ID: dfa08f0587193f27f8237955a394ebbd
2025-02-10 08:57:09 [main] INFO  l.i.u.t.SubmittedApplicationsPageTest - Marking 'Taip' radio button 7
2025-02-10 08:57:19 [main] ERROR l.i.u.p.SubmittedApplicationsPage - Error selecting radio button: Expected condition failed: waiting for element to be clickable: By.xpath: (//input[@type='radio' and @value='true'])[15] (tried for 10 second(s) with 500 milliseconds interval)
Build info: version: '4.27.0', revision: 'd6e718d134'
System info: os.name: 'Windows 11', os.arch: 'amd64', os.version: '10.0', java.version: '21.0.3'
Driver info: org.openqa.selenium.chrome.ChromeDriver
Capabilities {acceptInsecureCerts: false, browserName: chrome, browserVersion: 132.0.6834.196, chrome: {chromedriverVersion: 132.0.6834.159 (2d77d3fc445..., userDataDir: C:\Users\INGRID~1.ZAD\AppDa...}, fedcm:accounts: true, goog:chromeOptions: {debuggerAddress: localhost:60459}, networkConnectionEnabled: false, pageLoadStrategy: normal, platformName: windows, proxy: Proxy(), se:cdp: ws://localhost:60459/devtoo..., se:cdpVersion: 132.0.6834.196, setWindowRect: true, strictFileInteractability: false, timeouts: {implicit: 0, pageLoad: 300000, script: 30000}, unhandledPromptBehavior: dismiss and notify, webauthn:extension:credBlob: true, webauthn:extension:largeBlob: true, webauthn:extension:minPinLength: true, webauthn:extension:prf: true, webauthn:virtualAuthenticators: true}
Session ID: dfa08f0587193f27f8237955a394ebbd
2025-02-10 08:57:19 [main] INFO  l.i.u.t.SubmittedApplicationsPageTest - Marking 'Taip' radio button 8
2025-02-10 08:57:29 [main] ERROR l.i.u.p.SubmittedApplicationsPage - Error selecting radio button: Expected condition failed: waiting for element to be clickable: By.xpath: (//input[@type='radio' and @value='true'])[16] (tried for 10 second(s) with 500 milliseconds interval)
Build info: version: '4.27.0', revision: 'd6e718d134'
System info: os.name: 'Windows 11', os.arch: 'amd64', os.version: '10.0', java.version: '21.0.3'
Driver info: org.openqa.selenium.chrome.ChromeDriver
Capabilities {acceptInsecureCerts: false, browserName: chrome, browserVersion: 132.0.6834.196, chrome: {chromedriverVersion: 132.0.6834.159 (2d77d3fc445..., userDataDir: C:\Users\INGRID~1.ZAD\AppDa...}, fedcm:accounts: true, goog:chromeOptions: {debuggerAddress: localhost:60459}, networkConnectionEnabled: false, pageLoadStrategy: normal, platformName: windows, proxy: Proxy(), se:cdp: ws://localhost:60459/devtoo..., se:cdpVersion: 132.0.6834.196, setWindowRect: true, strictFileInteractability: false, timeouts: {implicit: 0, pageLoad: 300000, script: 30000}, unhandledPromptBehavior: dismiss and notify, webauthn:extension:credBlob: true, webauthn:extension:largeBlob: true, webauthn:extension:minPinLength: true, webauthn:extension:prf: true, webauthn:virtualAuthenticators: true}
Session ID: dfa08f0587193f27f8237955a394ebbd
2025-02-10 08:57:29 [main] INFO  l.i.u.t.SubmittedApplicationsPageTest - Marking 'Taip' radio button 9
2025-02-10 08:57:39 [main] ERROR l.i.u.p.SubmittedApplicationsPage - Error selecting radio button: Expected condition failed: waiting for element to be clickable: By.xpath: (//input[@type='radio' and @value='true'])[17] (tried for 10 second(s) with 500 milliseconds interval)
Build info: version: '4.27.0', revision: 'd6e718d134'
System info: os.name: 'Windows 11', os.arch: 'amd64', os.version: '10.0', java.version: '21.0.3'
Driver info: org.openqa.selenium.chrome.ChromeDriver
Capabilities {acceptInsecureCerts: false, browserName: chrome, browserVersion: 132.0.6834.196, chrome: {chromedriverVersion: 132.0.6834.159 (2d77d3fc445..., userDataDir: C:\Users\INGRID~1.ZAD\AppDa...}, fedcm:accounts: true, goog:chromeOptions: {debuggerAddress: localhost:60459}, networkConnectionEnabled: false, pageLoadStrategy: normal, platformName: windows, proxy: Proxy(), se:cdp: ws://localhost:60459/devtoo..., se:cdpVersion: 132.0.6834.196, setWindowRect: true, strictFileInteractability: false, timeouts: {implicit: 0, pageLoad: 300000, script: 30000}, unhandledPromptBehavior: dismiss and notify, webauthn:extension:credBlob: true, webauthn:extension:largeBlob: true, webauthn:extension:minPinLength: true, webauthn:extension:prf: true, webauthn:virtualAuthenticators: true}
Session ID: dfa08f0587193f27f8237955a394ebbd
2025-02-10 08:57:39 [main] INFO  l.i.u.t.SubmittedApplicationsPageTest - Marking 'Taip' radio button 10
2025-02-10 08:57:49 [main] ERROR l.i.u.p.SubmittedApplicationsPage - Error selecting radio button: Expected condition failed: waiting for element to be clickable: By.xpath: (//input[@type='radio' and @value='true'])[18] (tried for 10 second(s) with 500 milliseconds interval)
Build info: version: '4.27.0', revision: 'd6e718d134'
System info: os.name: 'Windows 11', os.arch: 'amd64', os.version: '10.0', java.version: '21.0.3'
Driver info: org.openqa.selenium.chrome.ChromeDriver
Capabilities {acceptInsecureCerts: false, browserName: chrome, browserVersion: 132.0.6834.196, chrome: {chromedriverVersion: 132.0.6834.159 (2d77d3fc445..., userDataDir: C:\Users\INGRID~1.ZAD\AppDa...}, fedcm:accounts: true, goog:chromeOptions: {debuggerAddress: localhost:60459}, networkConnectionEnabled: false, pageLoadStrategy: normal, platformName: windows, proxy: Proxy(), se:cdp: ws://localhost:60459/devtoo..., se:cdpVersion: 132.0.6834.196, setWindowRect: true, strictFileInteractability: false, timeouts: {implicit: 0, pageLoad: 300000, script: 30000}, unhandledPromptBehavior: dismiss and notify, webauthn:extension:credBlob: true, webauthn:extension:largeBlob: true, webauthn:extension:minPinLength: true, webauthn:extension:prf: true, webauthn:virtualAuthenticators: true}
Session ID: dfa08f0587193f27f8237955a394ebbd
2025-02-10 08:57:49 [main] INFO  l.i.u.t.SubmittedApplicationsPageTest - Marking 'Taip' radio button 11
2025-02-10 08:57:59 [main] ERROR l.i.u.p.SubmittedApplicationsPage - Error selecting radio button: Expected condition failed: waiting for element to be clickable: By.xpath: (//input[@type='radio' and @value='true'])[19] (tried for 10 second(s) with 500 milliseconds interval)
Build info: version: '4.27.0', revision: 'd6e718d134'
System info: os.name: 'Windows 11', os.arch: 'amd64', os.version: '10.0', java.version: '21.0.3'
Driver info: org.openqa.selenium.chrome.ChromeDriver
Capabilities {acceptInsecureCerts: false, browserName: chrome, browserVersion: 132.0.6834.196, chrome: {chromedriverVersion: 132.0.6834.159 (2d77d3fc445..., userDataDir: C:\Users\INGRID~1.ZAD\AppDa...}, fedcm:accounts: true, goog:chromeOptions: {debuggerAddress: localhost:60459}, networkConnectionEnabled: false, pageLoadStrategy: normal, platformName: windows, proxy: Proxy(), se:cdp: ws://localhost:60459/devtoo..., se:cdpVersion: 132.0.6834.196, setWindowRect: true, strictFileInteractability: false, timeouts: {implicit: 0, pageLoad: 300000, script: 30000}, unhandledPromptBehavior: dismiss and notify, webauthn:extension:credBlob: true, webauthn:extension:largeBlob: true, webauthn:extension:minPinLength: true, webauthn:extension:prf: true, webauthn:virtualAuthenticators: true}
Session ID: dfa08f0587193f27f8237955a394ebbd
2025-02-10 08:57:59 [main] INFO  l.i.u.t.SubmittedApplicationsPageTest - Marking 'Taip' radio button 12
2025-02-10 08:58:09 [main] DEBUG l.i.u.t.SubmittedApplicationsPageTest - Checked 'ConfirmationStepFour'
2025-02-10 08:58:10 [main] DEBUG l.i.u.t.SubmittedApplicationsPageTest - Clicked 'Next' button after checkboxes.
2025-02-10 08:58:10 [main] INFO  l.i.u.p.SubmittedApplicationsPage - File uploaded successfully to an input element.
2025-02-10 08:58:10 [main] INFO  l.i.u.p.SubmittedApplicationsPage - File uploaded successfully to an input element.
2025-02-10 08:58:10 [main] INFO  l.i.u.p.SubmittedApplicationsPage - File uploaded successfully to an input element.
2025-02-10 08:58:10 [main] INFO  l.i.u.p.SubmittedApplicationsPage - File uploaded successfully to an input element.
2025-02-10 08:58:10 [main] INFO  l.i.u.p.SubmittedApplicationsPage - File uploaded successfully to an input element.
2025-02-10 08:58:10 [main] INFO  l.i.u.p.SubmittedApplicationsPage - File uploaded successfully to an input element.
2025-02-10 08:58:10 [main] INFO  l.i.u.p.SubmittedApplicationsPage - File uploaded successfully to an input element.
2025-02-10 08:58:10 [main] INFO  l.i.u.p.SubmittedApplicationsPage - File uploaded successfully to an input element.
2025-02-10 08:58:10 [main] INFO  l.i.u.p.SubmittedApplicationsPage - File uploaded successfully to an input element.
2025-02-10 08:58:10 [main] INFO  l.i.u.p.SubmittedApplicationsPage - File uploaded successfully to an input element.
2025-02-10 08:58:10 [main] DEBUG l.i.u.t.SubmittedApplicationsPageTest - Entered program name: 'Dokumentas 1'.
2025-02-10 08:58:11 [main] DEBUG l.i.u.t.SubmittedApplicationsPageTest - Entered program name: 'Dokumentas 2'.
2025-02-10 08:58:11 [main] DEBUG l.i.u.t.SubmittedApplicationsPageTest - Entered program name: 'Dokumentas 3'.
2025-02-10 08:58:11 [main] DEBUG l.i.u.t.SubmittedApplicationsPageTest - Entered program name: 'Dokumentas 4'.
2025-02-10 08:58:11 [main] DEBUG l.i.u.t.SubmittedApplicationsPageTest - Entered program name: 'Dokumentas 5'.
2025-02-10 08:58:11 [main] DEBUG l.i.u.t.SubmittedApplicationsPageTest - Entered program name: 'Dokumentas 6'.
2025-02-10 08:58:11 [main] DEBUG l.i.u.t.SubmittedApplicationsPageTest - Entered program name: 'Dokumentas 4'.
2025-02-10 08:58:12 [main] DEBUG l.i.u.t.SubmittedApplicationsPageTest - Entered program name: 'Dokumentas 8'.
2025-02-10 08:58:12 [main] DEBUG l.i.u.t.SubmittedApplicationsPageTest - Entered program name: 'Dokumentas 9'.
2025-02-10 08:58:12 [main] DEBUG l.i.u.t.SubmittedApplicationsPageTest - Entered program name: 'Dokumentas 10'.
2025-02-10 08:58:22 [main] DEBUG l.i.u.t.SubmittedApplicationsPageTest - Checked 'ConfirmationDocument'
2025-02-10 08:58:32 [main] DEBUG l.i.u.t.SubmittedApplicationsPageTest - Checked 'ConfirmationApplication'
2025-02-10 08:58:32 [main] DEBUG l.i.u.t.SubmittedApplicationsPageTest - Clicked 'SaveDraft' button after checkboxes.
2025-02-10 08:58:32 [main] DEBUG l.insoft.uztis.pages.InvitationsPage - Verified success message: 'Ruošinys sėkmingai išsaugotas.'
2025-02-10 08:58:33 [main] DEBUG l.i.u.t.SubmittedApplicationsPageTest - Clicked 'Review' button after checkboxes.
2025-02-10 08:58:33 [main] DEBUG l.i.u.t.SubmittedApplicationsPageTest - Clicked 'Submit' button after checkboxes.
2025-02-10 08:58:33 [main] DEBUG l.i.u.t.SubmittedApplicationsPageTest - Clicked 'SubmitConfirmation' button after checkboxes.
2025-02-10 08:58:33 [main] ERROR l.insoft.uztis.pages.InvitationsPage - Failed to verify the success message: 'Paraiška sėkmingai pateikta ir užregistruota.'. Available messages: [Ruošinys sėkmingai išsaugotas.]
2025-02-10 08:58:33 [main] INFO  l.i.u.t.SubmittedApplicationsPageTest - Test 'testFillNewVUIApplicationFA' completed successfully.
2025-02-10 09:26:24 [main] INFO  lt.insoft.uztis.tests.UztisPageTest - Navigated to https://uztisdev.asseco.lt/home
2025-02-10 09:26:25 [main] INFO  l.i.u.t.SubmittedApplicationsPageTest - Starting test:'testAddAssessors'
2025-02-10 09:26:25 [main] DEBUG l.i.u.t.SubmittedApplicationsPageTest - User logged in with test credentials.
2025-02-10 09:26:25 [main] DEBUG l.i.u.t.SubmittedApplicationsPageTest - Opened 'Application Processing' menu.
2025-02-10 09:26:25 [main] DEBUG l.i.u.t.SubmittedApplicationsPageTest - Clicked on 'Application Forms' menu.
2025-02-10 09:26:26 [main] DEBUG l.i.u.t.SubmittedApplicationsPageTest - Retrieved last description code text: 'TST-VUI-00'.
2025-02-10 09:26:26 [main] DEBUG l.i.u.t.SubmittedApplicationsPageTest - Clicked on 'Invitation' menu.
2025-02-10 09:26:27 [main] DEBUG l.i.u.t.SubmittedApplicationsPageTest - Selected application section by code: 'TST-VUI-00'.
2025-02-10 09:26:27 [main] DEBUG l.i.u.t.SubmittedApplicationsPageTest - Clicked 'Search' button.
2025-02-10 09:26:27 [main] DEBUG l.i.u.t.SubmittedApplicationsPageTest - Retrieved invitation code: ''.
2025-02-10 09:26:27 [main] DEBUG l.i.u.t.SubmittedApplicationsPageTest - Clicked on 'Submitted Applications' menu.
2025-02-10 09:26:28 [main] DEBUG l.i.u.t.SubmittedApplicationsPageTest - Selected invitation by code: 'TST-VUI-00'.
2025-02-10 09:26:28 [main] DEBUG l.i.u.t.SubmittedApplicationsPageTest - Invitation code inserted.
2025-02-10 09:26:28 [main] DEBUG l.i.u.t.SubmittedApplicationsPageTest - Clicked on 'Action Application' button.
2025-02-10 09:26:29 [main] DEBUG l.i.u.t.SubmittedApplicationsPageTest - Clicked on 'New Application' button.
2025-02-10 09:26:35 [main] ERROR l.i.u.t.SubmittedApplicationsPageTest - Test 'testAddAssessors' failed with error: invalid session id: session deleted as the browser has closed the connection
from disconnected: unable to send message to renderer
  (Session info: chrome=132.0.6834.196)
Build info: version: '4.27.0', revision: 'd6e718d134'
System info: os.name: 'Windows 11', os.arch: 'amd64', os.version: '10.0', java.version: '21.0.3'
Driver info: org.openqa.selenium.chrome.ChromeDriver
Command: [f8d4a0cdeb741090c330f4b9a69a3095, findElement {using=xpath, value=//button[contains(@class, 'mat-mdc-menu-item') and .//span[contains(text(), 'Priskirti vertintojus')]]}]
Capabilities {acceptInsecureCerts: false, browserName: chrome, browserVersion: 132.0.6834.196, chrome: {chromedriverVersion: 132.0.6834.159 (2d77d3fc445..., userDataDir: C:\Users\INGRID~1.ZAD\AppDa...}, fedcm:accounts: true, goog:chromeOptions: {debuggerAddress: localhost:61555}, networkConnectionEnabled: false, pageLoadStrategy: normal, platformName: windows, proxy: Proxy(), se:cdp: ws://localhost:61555/devtoo..., se:cdpVersion: 132.0.6834.196, setWindowRect: true, strictFileInteractability: false, timeouts: {implicit: 0, pageLoad: 300000, script: 30000}, unhandledPromptBehavior: dismiss and notify, webauthn:extension:credBlob: true, webauthn:extension:largeBlob: true, webauthn:extension:minPinLength: true, webauthn:extension:prf: true, webauthn:virtualAuthenticators: true}
Session ID: f8d4a0cdeb741090c330f4b9a69a3095
org.openqa.selenium.NoSuchSessionException: invalid session id: session deleted as the browser has closed the connection
from disconnected: unable to send message to renderer
  (Session info: chrome=132.0.6834.196)
Build info: version: '4.27.0', revision: 'd6e718d134'
System info: os.name: 'Windows 11', os.arch: 'amd64', os.version: '10.0', java.version: '21.0.3'
Driver info: org.openqa.selenium.chrome.ChromeDriver
Command: [f8d4a0cdeb741090c330f4b9a69a3095, findElement {using=xpath, value=//button[contains(@class, 'mat-mdc-menu-item') and .//span[contains(text(), 'Priskirti vertintojus')]]}]
Capabilities {acceptInsecureCerts: false, browserName: chrome, browserVersion: 132.0.6834.196, chrome: {chromedriverVersion: 132.0.6834.159 (2d77d3fc445..., userDataDir: C:\Users\INGRID~1.ZAD\AppDa...}, fedcm:accounts: true, goog:chromeOptions: {debuggerAddress: localhost:61555}, networkConnectionEnabled: false, pageLoadStrategy: normal, platformName: windows, proxy: Proxy(), se:cdp: ws://localhost:61555/devtoo..., se:cdpVersion: 132.0.6834.196, setWindowRect: true, strictFileInteractability: false, timeouts: {implicit: 0, pageLoad: 300000, script: 30000}, unhandledPromptBehavior: dismiss and notify, webauthn:extension:credBlob: true, webauthn:extension:largeBlob: true, webauthn:extension:minPinLength: true, webauthn:extension:prf: true, webauthn:virtualAuthenticators: true}
Session ID: f8d4a0cdeb741090c330f4b9a69a3095
	at java.base/jdk.internal.reflect.DirectConstructorHandleAccessor.newInstance(DirectConstructorHandleAccessor.java:62)
	at java.base/java.lang.reflect.Constructor.newInstanceWithCaller(Constructor.java:502)
	at java.base/java.lang.reflect.Constructor.newInstance(Constructor.java:486)
	at org.openqa.selenium.remote.ErrorCodec.decode(ErrorCodec.java:167)
	at org.openqa.selenium.remote.codec.w3c.W3CHttpResponseCodec.decode(W3CHttpResponseCodec.java:138)
	at org.openqa.selenium.remote.codec.w3c.W3CHttpResponseCodec.decode(W3CHttpResponseCodec.java:50)
	at org.openqa.selenium.remote.HttpCommandExecutor.execute(HttpCommandExecutor.java:190)
	at org.openqa.selenium.remote.service.DriverCommandExecutor.invokeExecute(DriverCommandExecutor.java:216)
	at org.openqa.selenium.remote.service.DriverCommandExecutor.execute(DriverCommandExecutor.java:174)
	at org.openqa.selenium.remote.RemoteWebDriver.execute(RemoteWebDriver.java:545)
	at org.openqa.selenium.remote.ElementLocation$ElementFinder$2.findElement(ElementLocation.java:165)
	at org.openqa.selenium.remote.ElementLocation.findElement(ElementLocation.java:59)
	at org.openqa.selenium.remote.RemoteWebDriver.findElement(RemoteWebDriver.java:368)
	at org.openqa.selenium.remote.RemoteWebDriver.findElement(RemoteWebDriver.java:362)
	at org.openqa.selenium.support.pagefactory.DefaultElementLocator.findElement(DefaultElementLocator.java:68)
	at org.openqa.selenium.support.pagefactory.internal.LocatingElementHandler.invoke(LocatingElementHandler.java:38)
	at jdk.proxy2/jdk.proxy2.$Proxy14.click(Unknown Source)
	at lt.insoft.uztis.pages.SubmittedApplicationsPage.clickButtonAddAssessors(SubmittedApplicationsPage.java:371)
	at lt.insoft.uztis.tests.SubmittedApplicationsPageTest.testAddAssessors(SubmittedApplicationsPageTest.java:482)
	at java.base/jdk.internal.reflect.DirectMethodHandleAccessor.invoke(DirectMethodHandleAccessor.java:103)
	at java.base/java.lang.reflect.Method.invoke(Method.java:580)
	at org.junit.platform.commons.util.ReflectionUtils.invokeMethod(ReflectionUtils.java:728)
	at org.junit.jupiter.engine.execution.MethodInvocation.proceed(MethodInvocation.java:60)
	at org.junit.jupiter.engine.execution.InvocationInterceptorChain$ValidatingInvocation.proceed(InvocationInterceptorChain.java:131)
	at org.junit.jupiter.engine.extension.TimeoutExtension.intercept(TimeoutExtension.java:156)
	at org.junit.jupiter.engine.extension.TimeoutExtension.interceptTestableMethod(TimeoutExtension.java:147)
	at org.junit.jupiter.engine.extension.TimeoutExtension.interceptTestMethod(TimeoutExtension.java:86)
	at org.junit.jupiter.engine.execution.InterceptingExecutableInvoker$ReflectiveInterceptorCall.lambda$ofVoidMethod$0(InterceptingExecutableInvoker.java:103)
	at org.junit.jupiter.engine.execution.InterceptingExecutableInvoker.lambda$invoke$0(InterceptingExecutableInvoker.java:93)
	at org.junit.jupiter.engine.execution.InvocationInterceptorChain$InterceptedInvocation.proceed(InvocationInterceptorChain.java:106)
	at org.junit.jupiter.engine.execution.InvocationInterceptorChain.proceed(InvocationInterceptorChain.java:64)
	at org.junit.jupiter.engine.execution.InvocationInterceptorChain.chainAndInvoke(InvocationInterceptorChain.java:45)
	at org.junit.jupiter.engine.execution.InvocationInterceptorChain.invoke(InvocationInterceptorChain.java:37)
	at org.junit.jupiter.engine.execution.InterceptingExecutableInvoker.invoke(InterceptingExecutableInvoker.java:92)
	at org.junit.jupiter.engine.execution.InterceptingExecutableInvoker.invoke(InterceptingExecutableInvoker.java:86)
	at org.junit.jupiter.engine.descriptor.TestMethodTestDescriptor.lambda$invokeTestMethod$7(TestMethodTestDescriptor.java:218)
	at org.junit.platform.engine.support.hierarchical.ThrowableCollector.execute(ThrowableCollector.java:73)
	at org.junit.jupiter.engine.descriptor.TestMethodTestDescriptor.invokeTestMethod(TestMethodTestDescriptor.java:214)
	at org.junit.jupiter.engine.descriptor.TestMethodTestDescriptor.execute(TestMethodTestDescriptor.java:139)
	at org.junit.jupiter.engine.descriptor.TestMethodTestDescriptor.execute(TestMethodTestDescriptor.java:69)
	at org.junit.platform.engine.support.hierarchical.NodeTestTask.lambda$executeRecursively$6(NodeTestTask.java:151)
	at org.junit.platform.engine.support.hierarchical.ThrowableCollector.execute(ThrowableCollector.java:73)
	at org.junit.platform.engine.support.hierarchical.NodeTestTask.lambda$executeRecursively$8(NodeTestTask.java:141)
	at org.junit.platform.engine.support.hierarchical.Node.around(Node.java:137)
	at org.junit.platform.engine.support.hierarchical.NodeTestTask.lambda$executeRecursively$9(NodeTestTask.java:139)
	at org.junit.platform.engine.support.hierarchical.ThrowableCollector.execute(ThrowableCollector.java:73)
	at org.junit.platform.engine.support.hierarchical.NodeTestTask.executeRecursively(NodeTestTask.java:138)
	at org.junit.platform.engine.support.hierarchical.NodeTestTask.execute(NodeTestTask.java:95)
	at java.base/java.util.ArrayList.forEach(ArrayList.java:1596)
	at org.junit.platform.engine.support.hierarchical.SameThreadHierarchicalTestExecutorService.invokeAll(SameThreadHierarchicalTestExecutorService.java:41)
	at org.junit.platform.engine.support.hierarchical.NodeTestTask.lambda$executeRecursively$6(NodeTestTask.java:155)
	at org.junit.platform.engine.support.hierarchical.ThrowableCollector.execute(ThrowableCollector.java:73)
	at org.junit.platform.engine.support.hierarchical.NodeTestTask.lambda$executeRecursively$8(NodeTestTask.java:141)
	at org.junit.platform.engine.support.hierarchical.Node.around(Node.java:137)
	at org.junit.platform.engine.support.hierarchical.NodeTestTask.lambda$executeRecursively$9(NodeTestTask.java:139)
	at org.junit.platform.engine.support.hierarchical.ThrowableCollector.execute(ThrowableCollector.java:73)
	at org.junit.platform.engine.support.hierarchical.NodeTestTask.executeRecursively(NodeTestTask.java:138)
	at org.junit.platform.engine.support.hierarchical.NodeTestTask.execute(NodeTestTask.java:95)
	at java.base/java.util.ArrayList.forEach(ArrayList.java:1596)
	at org.junit.platform.engine.support.hierarchical.SameThreadHierarchicalTestExecutorService.invokeAll(SameThreadHierarchicalTestExecutorService.java:41)
	at org.junit.platform.engine.support.hierarchical.NodeTestTask.lambda$executeRecursively$6(NodeTestTask.java:155)
	at org.junit.platform.engine.support.hierarchical.ThrowableCollector.execute(ThrowableCollector.java:73)
	at org.junit.platform.engine.support.hierarchical.NodeTestTask.lambda$executeRecursively$8(NodeTestTask.java:141)
	at org.junit.platform.engine.support.hierarchical.Node.around(Node.java:137)
	at org.junit.platform.engine.support.hierarchical.NodeTestTask.lambda$executeRecursively$9(NodeTestTask.java:139)
	at org.junit.platform.engine.support.hierarchical.ThrowableCollector.execute(ThrowableCollector.java:73)
	at org.junit.platform.engine.support.hierarchical.NodeTestTask.executeRecursively(NodeTestTask.java:138)
	at org.junit.platform.engine.support.hierarchical.NodeTestTask.execute(NodeTestTask.java:95)
	at org.junit.platform.engine.support.hierarchical.SameThreadHierarchicalTestExecutorService.submit(SameThreadHierarchicalTestExecutorService.java:35)
	at org.junit.platform.engine.support.hierarchical.HierarchicalTestExecutor.execute(HierarchicalTestExecutor.java:57)
	at org.junit.platform.engine.support.hierarchical.HierarchicalTestEngine.execute(HierarchicalTestEngine.java:54)
	at org.junit.platform.launcher.core.EngineExecutionOrchestrator.execute(EngineExecutionOrchestrator.java:198)
	at org.junit.platform.launcher.core.EngineExecutionOrchestrator.execute(EngineExecutionOrchestrator.java:169)
	at org.junit.platform.launcher.core.EngineExecutionOrchestrator.execute(EngineExecutionOrchestrator.java:93)
	at org.junit.platform.launcher.core.EngineExecutionOrchestrator.lambda$execute$0(EngineExecutionOrchestrator.java:58)
	at org.junit.platform.launcher.core.EngineExecutionOrchestrator.withInterceptedStreams(EngineExecutionOrchestrator.java:141)
	at org.junit.platform.launcher.core.EngineExecutionOrchestrator.execute(EngineExecutionOrchestrator.java:57)
	at org.junit.platform.launcher.core.DefaultLauncher.execute(DefaultLauncher.java:103)
	at org.junit.platform.launcher.core.DefaultLauncher.execute(DefaultLauncher.java:85)
	at org.junit.platform.launcher.core.DelegatingLauncher.execute(DelegatingLauncher.java:47)
	at org.junit.platform.launcher.core.SessionPerRequestLauncher.execute(SessionPerRequestLauncher.java:63)
	at com.intellij.junit5.JUnit5IdeaTestRunner.startRunnerWithArgs(JUnit5IdeaTestRunner.java:57)
	at com.intellij.rt.junit.IdeaTestRunner$Repeater$1.execute(IdeaTestRunner.java:38)
	at com.intellij.rt.execution.junit.TestsRepeater.repeat(TestsRepeater.java:11)
	at com.intellij.rt.junit.IdeaTestRunner$Repeater.startRunnerWithArgs(IdeaTestRunner.java:35)
	at com.intellij.rt.junit.JUnitStarter.prepareStreamsAndStart(JUnitStarter.java:232)
	at com.intellij.rt.junit.JUnitStarter.main(JUnitStarter.java:55)
2025-02-10 09:28:07 [main] INFO  lt.insoft.uztis.tests.UztisPageTest - Navigated to https://uztisdev.asseco.lt/home
2025-02-10 09:28:07 [main] INFO  l.i.u.t.SubmittedApplicationsPageTest - Starting test:'testAddAssessors'
2025-02-10 09:28:07 [main] DEBUG l.i.u.t.SubmittedApplicationsPageTest - User logged in with test credentials.
2025-02-10 09:28:08 [main] DEBUG l.i.u.t.SubmittedApplicationsPageTest - Opened 'Application Processing' menu.
2025-02-10 09:28:08 [main] DEBUG l.i.u.t.SubmittedApplicationsPageTest - Clicked on 'Application Forms' menu.
2025-02-10 09:28:08 [main] DEBUG l.i.u.t.SubmittedApplicationsPageTest - Retrieved last description code text: 'TST-VUI-00'.
2025-02-10 09:28:08 [main] DEBUG l.i.u.t.SubmittedApplicationsPageTest - Clicked on 'Invitation' menu.
2025-02-10 09:28:09 [main] DEBUG l.i.u.t.SubmittedApplicationsPageTest - Selected application section by code: 'TST-VUI-00'.
2025-02-10 09:28:09 [main] DEBUG l.i.u.t.SubmittedApplicationsPageTest - Clicked 'Search' button.
2025-02-10 09:28:09 [main] DEBUG l.i.u.t.SubmittedApplicationsPageTest - Retrieved invitation code: ''.
2025-02-10 09:28:10 [main] DEBUG l.i.u.t.SubmittedApplicationsPageTest - Clicked on 'Submitted Applications' menu.
2025-02-10 09:28:11 [main] DEBUG l.i.u.t.SubmittedApplicationsPageTest - Selected invitation by code: 'TST-VUI-00'.
2025-02-10 09:28:11 [main] DEBUG l.i.u.t.SubmittedApplicationsPageTest - Invitation code inserted.
2025-02-10 09:28:11 [main] DEBUG l.i.u.t.SubmittedApplicationsPageTest - Clicked on 'Action Application' button.
2025-02-10 09:28:11 [main] DEBUG l.i.u.t.SubmittedApplicationsPageTest - Clicked on 'New Application' button.
2025-02-10 09:28:21 [main] ERROR l.i.u.t.SubmittedApplicationsPageTest - Test 'testAddAssessors' failed with error: no such element: Unable to locate element: {"method":"xpath","selector":"//button[span[contains(text(), 'Priskirti vertintojus')]]"}
  (Session info: chrome=132.0.6834.196)
For documentation on this error, please visit: https://www.selenium.dev/documentation/webdriver/troubleshooting/errors#no-such-element-exception
Build info: version: '4.27.0', revision: 'd6e718d134'
System info: os.name: 'Windows 11', os.arch: 'amd64', os.version: '10.0', java.version: '21.0.3'
Driver info: org.openqa.selenium.chrome.ChromeDriver
Command: [3b9bf5d4b3256e904c2e45fc8eebe56b, findElement {value=//button[span[contains(text(), 'Priskirti vertintojus')]], using=xpath}]
Capabilities {acceptInsecureCerts: false, browserName: chrome, browserVersion: 132.0.6834.196, chrome: {chromedriverVersion: 132.0.6834.159 (2d77d3fc445..., userDataDir: C:\Users\INGRID~1.ZAD\AppDa...}, fedcm:accounts: true, goog:chromeOptions: {debuggerAddress: localhost:61622}, networkConnectionEnabled: false, pageLoadStrategy: normal, platformName: windows, proxy: Proxy(), se:cdp: ws://localhost:61622/devtoo..., se:cdpVersion: 132.0.6834.196, setWindowRect: true, strictFileInteractability: false, timeouts: {implicit: 0, pageLoad: 300000, script: 30000}, unhandledPromptBehavior: dismiss and notify, webauthn:extension:credBlob: true, webauthn:extension:largeBlob: true, webauthn:extension:minPinLength: true, webauthn:extension:prf: true, webauthn:virtualAuthenticators: true}
Session ID: 3b9bf5d4b3256e904c2e45fc8eebe56b
org.openqa.selenium.NoSuchElementException: no such element: Unable to locate element: {"method":"xpath","selector":"//button[span[contains(text(), 'Priskirti vertintojus')]]"}
  (Session info: chrome=132.0.6834.196)
For documentation on this error, please visit: https://www.selenium.dev/documentation/webdriver/troubleshooting/errors#no-such-element-exception
Build info: version: '4.27.0', revision: 'd6e718d134'
System info: os.name: 'Windows 11', os.arch: 'amd64', os.version: '10.0', java.version: '21.0.3'
Driver info: org.openqa.selenium.chrome.ChromeDriver
Command: [3b9bf5d4b3256e904c2e45fc8eebe56b, findElement {value=//button[span[contains(text(), 'Priskirti vertintojus')]], using=xpath}]
Capabilities {acceptInsecureCerts: false, browserName: chrome, browserVersion: 132.0.6834.196, chrome: {chromedriverVersion: 132.0.6834.159 (2d77d3fc445..., userDataDir: C:\Users\INGRID~1.ZAD\AppDa...}, fedcm:accounts: true, goog:chromeOptions: {debuggerAddress: localhost:61622}, networkConnectionEnabled: false, pageLoadStrategy: normal, platformName: windows, proxy: Proxy(), se:cdp: ws://localhost:61622/devtoo..., se:cdpVersion: 132.0.6834.196, setWindowRect: true, strictFileInteractability: false, timeouts: {implicit: 0, pageLoad: 300000, script: 30000}, unhandledPromptBehavior: dismiss and notify, webauthn:extension:credBlob: true, webauthn:extension:largeBlob: true, webauthn:extension:minPinLength: true, webauthn:extension:prf: true, webauthn:virtualAuthenticators: true}
Session ID: 3b9bf5d4b3256e904c2e45fc8eebe56b
	at java.base/jdk.internal.reflect.DirectConstructorHandleAccessor.newInstance(DirectConstructorHandleAccessor.java:62)
	at java.base/java.lang.reflect.Constructor.newInstanceWithCaller(Constructor.java:502)
	at java.base/java.lang.reflect.Constructor.newInstance(Constructor.java:486)
	at org.openqa.selenium.remote.ErrorCodec.decode(ErrorCodec.java:167)
	at org.openqa.selenium.remote.codec.w3c.W3CHttpResponseCodec.decode(W3CHttpResponseCodec.java:138)
	at org.openqa.selenium.remote.codec.w3c.W3CHttpResponseCodec.decode(W3CHttpResponseCodec.java:50)
	at org.openqa.selenium.remote.HttpCommandExecutor.execute(HttpCommandExecutor.java:190)
	at org.openqa.selenium.remote.service.DriverCommandExecutor.invokeExecute(DriverCommandExecutor.java:216)
	at org.openqa.selenium.remote.service.DriverCommandExecutor.execute(DriverCommandExecutor.java:174)
	at org.openqa.selenium.remote.RemoteWebDriver.execute(RemoteWebDriver.java:545)
	at org.openqa.selenium.remote.ElementLocation$ElementFinder$2.findElement(ElementLocation.java:165)
	at org.openqa.selenium.remote.ElementLocation.findElement(ElementLocation.java:59)
	at org.openqa.selenium.remote.RemoteWebDriver.findElement(RemoteWebDriver.java:368)
	at org.openqa.selenium.remote.RemoteWebDriver.findElement(RemoteWebDriver.java:362)
	at org.openqa.selenium.support.pagefactory.DefaultElementLocator.findElement(DefaultElementLocator.java:68)
	at org.openqa.selenium.support.pagefactory.internal.LocatingElementHandler.invoke(LocatingElementHandler.java:38)
	at jdk.proxy2/jdk.proxy2.$Proxy14.click(Unknown Source)
	at lt.insoft.uztis.pages.SubmittedApplicationsPage.clickButtonAddAssessors(SubmittedApplicationsPage.java:371)
	at lt.insoft.uztis.tests.SubmittedApplicationsPageTest.testAddAssessors(SubmittedApplicationsPageTest.java:482)
	at java.base/jdk.internal.reflect.DirectMethodHandleAccessor.invoke(DirectMethodHandleAccessor.java:103)
	at java.base/java.lang.reflect.Method.invoke(Method.java:580)
	at org.junit.platform.commons.util.ReflectionUtils.invokeMethod(ReflectionUtils.java:728)
	at org.junit.jupiter.engine.execution.MethodInvocation.proceed(MethodInvocation.java:60)
	at org.junit.jupiter.engine.execution.InvocationInterceptorChain$ValidatingInvocation.proceed(InvocationInterceptorChain.java:131)
	at org.junit.jupiter.engine.extension.TimeoutExtension.intercept(TimeoutExtension.java:156)
	at org.junit.jupiter.engine.extension.TimeoutExtension.interceptTestableMethod(TimeoutExtension.java:147)
	at org.junit.jupiter.engine.extension.TimeoutExtension.interceptTestMethod(TimeoutExtension.java:86)
	at org.junit.jupiter.engine.execution.InterceptingExecutableInvoker$ReflectiveInterceptorCall.lambda$ofVoidMethod$0(InterceptingExecutableInvoker.java:103)
	at org.junit.jupiter.engine.execution.InterceptingExecutableInvoker.lambda$invoke$0(InterceptingExecutableInvoker.java:93)
	at org.junit.jupiter.engine.execution.InvocationInterceptorChain$InterceptedInvocation.proceed(InvocationInterceptorChain.java:106)
	at org.junit.jupiter.engine.execution.InvocationInterceptorChain.proceed(InvocationInterceptorChain.java:64)
	at org.junit.jupiter.engine.execution.InvocationInterceptorChain.chainAndInvoke(InvocationInterceptorChain.java:45)
	at org.junit.jupiter.engine.execution.InvocationInterceptorChain.invoke(InvocationInterceptorChain.java:37)
	at org.junit.jupiter.engine.execution.InterceptingExecutableInvoker.invoke(InterceptingExecutableInvoker.java:92)
	at org.junit.jupiter.engine.execution.InterceptingExecutableInvoker.invoke(InterceptingExecutableInvoker.java:86)
	at org.junit.jupiter.engine.descriptor.TestMethodTestDescriptor.lambda$invokeTestMethod$7(TestMethodTestDescriptor.java:218)
	at org.junit.platform.engine.support.hierarchical.ThrowableCollector.execute(ThrowableCollector.java:73)
	at org.junit.jupiter.engine.descriptor.TestMethodTestDescriptor.invokeTestMethod(TestMethodTestDescriptor.java:214)
	at org.junit.jupiter.engine.descriptor.TestMethodTestDescriptor.execute(TestMethodTestDescriptor.java:139)
	at org.junit.jupiter.engine.descriptor.TestMethodTestDescriptor.execute(TestMethodTestDescriptor.java:69)
	at org.junit.platform.engine.support.hierarchical.NodeTestTask.lambda$executeRecursively$6(NodeTestTask.java:151)
	at org.junit.platform.engine.support.hierarchical.ThrowableCollector.execute(ThrowableCollector.java:73)
	at org.junit.platform.engine.support.hierarchical.NodeTestTask.lambda$executeRecursively$8(NodeTestTask.java:141)
	at org.junit.platform.engine.support.hierarchical.Node.around(Node.java:137)
	at org.junit.platform.engine.support.hierarchical.NodeTestTask.lambda$executeRecursively$9(NodeTestTask.java:139)
	at org.junit.platform.engine.support.hierarchical.ThrowableCollector.execute(ThrowableCollector.java:73)
	at org.junit.platform.engine.support.hierarchical.NodeTestTask.executeRecursively(NodeTestTask.java:138)
	at org.junit.platform.engine.support.hierarchical.NodeTestTask.execute(NodeTestTask.java:95)
	at java.base/java.util.ArrayList.forEach(ArrayList.java:1596)
	at org.junit.platform.engine.support.hierarchical.SameThreadHierarchicalTestExecutorService.invokeAll(SameThreadHierarchicalTestExecutorService.java:41)
	at org.junit.platform.engine.support.hierarchical.NodeTestTask.lambda$executeRecursively$6(NodeTestTask.java:155)
	at org.junit.platform.engine.support.hierarchical.ThrowableCollector.execute(ThrowableCollector.java:73)
	at org.junit.platform.engine.support.hierarchical.NodeTestTask.lambda$executeRecursively$8(NodeTestTask.java:141)
	at org.junit.platform.engine.support.hierarchical.Node.around(Node.java:137)
	at org.junit.platform.engine.support.hierarchical.NodeTestTask.lambda$executeRecursively$9(NodeTestTask.java:139)
	at org.junit.platform.engine.support.hierarchical.ThrowableCollector.execute(ThrowableCollector.java:73)
	at org.junit.platform.engine.support.hierarchical.NodeTestTask.executeRecursively(NodeTestTask.java:138)
	at org.junit.platform.engine.support.hierarchical.NodeTestTask.execute(NodeTestTask.java:95)
	at java.base/java.util.ArrayList.forEach(ArrayList.java:1596)
	at org.junit.platform.engine.support.hierarchical.SameThreadHierarchicalTestExecutorService.invokeAll(SameThreadHierarchicalTestExecutorService.java:41)
	at org.junit.platform.engine.support.hierarchical.NodeTestTask.lambda$executeRecursively$6(NodeTestTask.java:155)
	at org.junit.platform.engine.support.hierarchical.ThrowableCollector.execute(ThrowableCollector.java:73)
	at org.junit.platform.engine.support.hierarchical.NodeTestTask.lambda$executeRecursively$8(NodeTestTask.java:141)
	at org.junit.platform.engine.support.hierarchical.Node.around(Node.java:137)
	at org.junit.platform.engine.support.hierarchical.NodeTestTask.lambda$executeRecursively$9(NodeTestTask.java:139)
	at org.junit.platform.engine.support.hierarchical.ThrowableCollector.execute(ThrowableCollector.java:73)
	at org.junit.platform.engine.support.hierarchical.NodeTestTask.executeRecursively(NodeTestTask.java:138)
	at org.junit.platform.engine.support.hierarchical.NodeTestTask.execute(NodeTestTask.java:95)
	at org.junit.platform.engine.support.hierarchical.SameThreadHierarchicalTestExecutorService.submit(SameThreadHierarchicalTestExecutorService.java:35)
	at org.junit.platform.engine.support.hierarchical.HierarchicalTestExecutor.execute(HierarchicalTestExecutor.java:57)
	at org.junit.platform.engine.support.hierarchical.HierarchicalTestEngine.execute(HierarchicalTestEngine.java:54)
	at org.junit.platform.launcher.core.EngineExecutionOrchestrator.execute(EngineExecutionOrchestrator.java:198)
	at org.junit.platform.launcher.core.EngineExecutionOrchestrator.execute(EngineExecutionOrchestrator.java:169)
	at org.junit.platform.launcher.core.EngineExecutionOrchestrator.execute(EngineExecutionOrchestrator.java:93)
	at org.junit.platform.launcher.core.EngineExecutionOrchestrator.lambda$execute$0(EngineExecutionOrchestrator.java:58)
	at org.junit.platform.launcher.core.EngineExecutionOrchestrator.withInterceptedStreams(EngineExecutionOrchestrator.java:141)
	at org.junit.platform.launcher.core.EngineExecutionOrchestrator.execute(EngineExecutionOrchestrator.java:57)
	at org.junit.platform.launcher.core.DefaultLauncher.execute(DefaultLauncher.java:103)
	at org.junit.platform.launcher.core.DefaultLauncher.execute(DefaultLauncher.java:85)
	at org.junit.platform.launcher.core.DelegatingLauncher.execute(DelegatingLauncher.java:47)
	at org.junit.platform.launcher.core.SessionPerRequestLauncher.execute(SessionPerRequestLauncher.java:63)
	at com.intellij.junit5.JUnit5IdeaTestRunner.startRunnerWithArgs(JUnit5IdeaTestRunner.java:57)
	at com.intellij.rt.junit.IdeaTestRunner$Repeater$1.execute(IdeaTestRunner.java:38)
	at com.intellij.rt.execution.junit.TestsRepeater.repeat(TestsRepeater.java:11)
	at com.intellij.rt.junit.IdeaTestRunner$Repeater.startRunnerWithArgs(IdeaTestRunner.java:35)
	at com.intellij.rt.junit.JUnitStarter.prepareStreamsAndStart(JUnitStarter.java:232)
	at com.intellij.rt.junit.JUnitStarter.main(JUnitStarter.java:55)
2025-02-10 09:28:21 [main] INFO  l.insoft.uztis.tests.utils.TestUtils - Screenshot moved to C:\Users\ingrida.zadorozniene\Desktop\Asm\UZTIS\UZTIS_tests\test-output\screenshots\20250210\092821806_testAddAssessors().png
2025-02-10 09:30:25 [main] INFO  lt.insoft.uztis.tests.UztisPageTest - Navigated to https://uztisdev.asseco.lt/home
2025-02-10 09:30:25 [main] INFO  l.i.u.t.SubmittedApplicationsPageTest - Starting test:'testAddAssessors'
2025-02-10 09:30:25 [main] DEBUG l.i.u.t.SubmittedApplicationsPageTest - User logged in with test credentials.
2025-02-10 09:30:26 [main] DEBUG l.i.u.t.SubmittedApplicationsPageTest - Opened 'Application Processing' menu.
2025-02-10 09:30:26 [main] DEBUG l.i.u.t.SubmittedApplicationsPageTest - Clicked on 'Application Forms' menu.
2025-02-10 09:30:26 [main] DEBUG l.i.u.t.SubmittedApplicationsPageTest - Retrieved last description code text: 'TST-VUI-00'.
2025-02-10 09:30:26 [main] DEBUG l.i.u.t.SubmittedApplicationsPageTest - Clicked on 'Invitation' menu.
2025-02-10 09:30:27 [main] DEBUG l.i.u.t.SubmittedApplicationsPageTest - Selected application section by code: 'TST-VUI-00'.
2025-02-10 09:30:27 [main] DEBUG l.i.u.t.SubmittedApplicationsPageTest - Clicked 'Search' button.
2025-02-10 09:30:27 [main] DEBUG l.i.u.t.SubmittedApplicationsPageTest - Retrieved invitation code: ''.
2025-02-10 09:30:28 [main] DEBUG l.i.u.t.SubmittedApplicationsPageTest - Clicked on 'Submitted Applications' menu.
2025-02-10 09:30:29 [main] DEBUG l.i.u.t.SubmittedApplicationsPageTest - Selected invitation by code: 'TST-VUI-00'.
2025-02-10 09:30:29 [main] DEBUG l.i.u.t.SubmittedApplicationsPageTest - Invitation code inserted.
2025-02-10 09:30:29 [main] DEBUG l.i.u.t.SubmittedApplicationsPageTest - Clicked on 'Action Application' button.
2025-02-10 09:30:29 [main] DEBUG l.i.u.t.SubmittedApplicationsPageTest - Clicked on 'New Application' button.
2025-02-10 09:30:39 [main] ERROR l.i.u.t.SubmittedApplicationsPageTest - Test 'testAddAssessors' failed with error: no such element: Unable to locate element: {"method":"xpath","selector":"//button[.//span[contains(text(), 'Priskirti vertintojus')]]"}
  (Session info: chrome=132.0.6834.196)
For documentation on this error, please visit: https://www.selenium.dev/documentation/webdriver/troubleshooting/errors#no-such-element-exception
Build info: version: '4.27.0', revision: 'd6e718d134'
System info: os.name: 'Windows 11', os.arch: 'amd64', os.version: '10.0', java.version: '21.0.3'
Driver info: org.openqa.selenium.chrome.ChromeDriver
Command: [49f4a80fccc363ca5f302acc55d73492, findElement {value=//button[.//span[contains(text(), 'Priskirti vertintojus')]], using=xpath}]
Capabilities {acceptInsecureCerts: false, browserName: chrome, browserVersion: 132.0.6834.196, chrome: {chromedriverVersion: 132.0.6834.159 (2d77d3fc445..., userDataDir: C:\Users\INGRID~1.ZAD\AppDa...}, fedcm:accounts: true, goog:chromeOptions: {debuggerAddress: localhost:61710}, networkConnectionEnabled: false, pageLoadStrategy: normal, platformName: windows, proxy: Proxy(), se:cdp: ws://localhost:61710/devtoo..., se:cdpVersion: 132.0.6834.196, setWindowRect: true, strictFileInteractability: false, timeouts: {implicit: 0, pageLoad: 300000, script: 30000}, unhandledPromptBehavior: dismiss and notify, webauthn:extension:credBlob: true, webauthn:extension:largeBlob: true, webauthn:extension:minPinLength: true, webauthn:extension:prf: true, webauthn:virtualAuthenticators: true}
Session ID: 49f4a80fccc363ca5f302acc55d73492
org.openqa.selenium.NoSuchElementException: no such element: Unable to locate element: {"method":"xpath","selector":"//button[.//span[contains(text(), 'Priskirti vertintojus')]]"}
  (Session info: chrome=132.0.6834.196)
For documentation on this error, please visit: https://www.selenium.dev/documentation/webdriver/troubleshooting/errors#no-such-element-exception
Build info: version: '4.27.0', revision: 'd6e718d134'
System info: os.name: 'Windows 11', os.arch: 'amd64', os.version: '10.0', java.version: '21.0.3'
Driver info: org.openqa.selenium.chrome.ChromeDriver
Command: [49f4a80fccc363ca5f302acc55d73492, findElement {value=//button[.//span[contains(text(), 'Priskirti vertintojus')]], using=xpath}]
Capabilities {acceptInsecureCerts: false, browserName: chrome, browserVersion: 132.0.6834.196, chrome: {chromedriverVersion: 132.0.6834.159 (2d77d3fc445..., userDataDir: C:\Users\INGRID~1.ZAD\AppDa...}, fedcm:accounts: true, goog:chromeOptions: {debuggerAddress: localhost:61710}, networkConnectionEnabled: false, pageLoadStrategy: normal, platformName: windows, proxy: Proxy(), se:cdp: ws://localhost:61710/devtoo..., se:cdpVersion: 132.0.6834.196, setWindowRect: true, strictFileInteractability: false, timeouts: {implicit: 0, pageLoad: 300000, script: 30000}, unhandledPromptBehavior: dismiss and notify, webauthn:extension:credBlob: true, webauthn:extension:largeBlob: true, webauthn:extension:minPinLength: true, webauthn:extension:prf: true, webauthn:virtualAuthenticators: true}
Session ID: 49f4a80fccc363ca5f302acc55d73492
	at java.base/jdk.internal.reflect.DirectConstructorHandleAccessor.newInstance(DirectConstructorHandleAccessor.java:62)
	at java.base/java.lang.reflect.Constructor.newInstanceWithCaller(Constructor.java:502)
	at java.base/java.lang.reflect.Constructor.newInstance(Constructor.java:486)
	at org.openqa.selenium.remote.ErrorCodec.decode(ErrorCodec.java:167)
	at org.openqa.selenium.remote.codec.w3c.W3CHttpResponseCodec.decode(W3CHttpResponseCodec.java:138)
	at org.openqa.selenium.remote.codec.w3c.W3CHttpResponseCodec.decode(W3CHttpResponseCodec.java:50)
	at org.openqa.selenium.remote.HttpCommandExecutor.execute(HttpCommandExecutor.java:190)
	at org.openqa.selenium.remote.service.DriverCommandExecutor.invokeExecute(DriverCommandExecutor.java:216)
	at org.openqa.selenium.remote.service.DriverCommandExecutor.execute(DriverCommandExecutor.java:174)
	at org.openqa.selenium.remote.RemoteWebDriver.execute(RemoteWebDriver.java:545)
	at org.openqa.selenium.remote.ElementLocation$ElementFinder$2.findElement(ElementLocation.java:165)
	at org.openqa.selenium.remote.ElementLocation.findElement(ElementLocation.java:59)
	at org.openqa.selenium.remote.RemoteWebDriver.findElement(RemoteWebDriver.java:368)
	at org.openqa.selenium.remote.RemoteWebDriver.findElement(RemoteWebDriver.java:362)
	at org.openqa.selenium.support.pagefactory.DefaultElementLocator.findElement(DefaultElementLocator.java:68)
	at org.openqa.selenium.support.pagefactory.internal.LocatingElementHandler.invoke(LocatingElementHandler.java:38)
	at jdk.proxy2/jdk.proxy2.$Proxy14.click(Unknown Source)
	at lt.insoft.uztis.pages.SubmittedApplicationsPage.clickButtonAddAssessors(SubmittedApplicationsPage.java:371)
	at lt.insoft.uztis.tests.SubmittedApplicationsPageTest.testAddAssessors(SubmittedApplicationsPageTest.java:482)
	at java.base/jdk.internal.reflect.DirectMethodHandleAccessor.invoke(DirectMethodHandleAccessor.java:103)
	at java.base/java.lang.reflect.Method.invoke(Method.java:580)
	at org.junit.platform.commons.util.ReflectionUtils.invokeMethod(ReflectionUtils.java:728)
	at org.junit.jupiter.engine.execution.MethodInvocation.proceed(MethodInvocation.java:60)
	at org.junit.jupiter.engine.execution.InvocationInterceptorChain$ValidatingInvocation.proceed(InvocationInterceptorChain.java:131)
	at org.junit.jupiter.engine.extension.TimeoutExtension.intercept(TimeoutExtension.java:156)
	at org.junit.jupiter.engine.extension.TimeoutExtension.interceptTestableMethod(TimeoutExtension.java:147)
	at org.junit.jupiter.engine.extension.TimeoutExtension.interceptTestMethod(TimeoutExtension.java:86)
	at org.junit.jupiter.engine.execution.InterceptingExecutableInvoker$ReflectiveInterceptorCall.lambda$ofVoidMethod$0(InterceptingExecutableInvoker.java:103)
	at org.junit.jupiter.engine.execution.InterceptingExecutableInvoker.lambda$invoke$0(InterceptingExecutableInvoker.java:93)
	at org.junit.jupiter.engine.execution.InvocationInterceptorChain$InterceptedInvocation.proceed(InvocationInterceptorChain.java:106)
	at org.junit.jupiter.engine.execution.InvocationInterceptorChain.proceed(InvocationInterceptorChain.java:64)
	at org.junit.jupiter.engine.execution.InvocationInterceptorChain.chainAndInvoke(InvocationInterceptorChain.java:45)
	at org.junit.jupiter.engine.execution.InvocationInterceptorChain.invoke(InvocationInterceptorChain.java:37)
	at org.junit.jupiter.engine.execution.InterceptingExecutableInvoker.invoke(InterceptingExecutableInvoker.java:92)
	at org.junit.jupiter.engine.execution.InterceptingExecutableInvoker.invoke(InterceptingExecutableInvoker.java:86)
	at org.junit.jupiter.engine.descriptor.TestMethodTestDescriptor.lambda$invokeTestMethod$7(TestMethodTestDescriptor.java:218)
	at org.junit.platform.engine.support.hierarchical.ThrowableCollector.execute(ThrowableCollector.java:73)
	at org.junit.jupiter.engine.descriptor.TestMethodTestDescriptor.invokeTestMethod(TestMethodTestDescriptor.java:214)
	at org.junit.jupiter.engine.descriptor.TestMethodTestDescriptor.execute(TestMethodTestDescriptor.java:139)
	at org.junit.jupiter.engine.descriptor.TestMethodTestDescriptor.execute(TestMethodTestDescriptor.java:69)
	at org.junit.platform.engine.support.hierarchical.NodeTestTask.lambda$executeRecursively$6(NodeTestTask.java:151)
	at org.junit.platform.engine.support.hierarchical.ThrowableCollector.execute(ThrowableCollector.java:73)
	at org.junit.platform.engine.support.hierarchical.NodeTestTask.lambda$executeRecursively$8(NodeTestTask.java:141)
	at org.junit.platform.engine.support.hierarchical.Node.around(Node.java:137)
	at org.junit.platform.engine.support.hierarchical.NodeTestTask.lambda$executeRecursively$9(NodeTestTask.java:139)
	at org.junit.platform.engine.support.hierarchical.ThrowableCollector.execute(ThrowableCollector.java:73)
	at org.junit.platform.engine.support.hierarchical.NodeTestTask.executeRecursively(NodeTestTask.java:138)
	at org.junit.platform.engine.support.hierarchical.NodeTestTask.execute(NodeTestTask.java:95)
	at java.base/java.util.ArrayList.forEach(ArrayList.java:1596)
	at org.junit.platform.engine.support.hierarchical.SameThreadHierarchicalTestExecutorService.invokeAll(SameThreadHierarchicalTestExecutorService.java:41)
	at org.junit.platform.engine.support.hierarchical.NodeTestTask.lambda$executeRecursively$6(NodeTestTask.java:155)
	at org.junit.platform.engine.support.hierarchical.ThrowableCollector.execute(ThrowableCollector.java:73)
	at org.junit.platform.engine.support.hierarchical.NodeTestTask.lambda$executeRecursively$8(NodeTestTask.java:141)
	at org.junit.platform.engine.support.hierarchical.Node.around(Node.java:137)
	at org.junit.platform.engine.support.hierarchical.NodeTestTask.lambda$executeRecursively$9(NodeTestTask.java:139)
	at org.junit.platform.engine.support.hierarchical.ThrowableCollector.execute(ThrowableCollector.java:73)
	at org.junit.platform.engine.support.hierarchical.NodeTestTask.executeRecursively(NodeTestTask.java:138)
	at org.junit.platform.engine.support.hierarchical.NodeTestTask.execute(NodeTestTask.java:95)
	at java.base/java.util.ArrayList.forEach(ArrayList.java:1596)
	at org.junit.platform.engine.support.hierarchical.SameThreadHierarchicalTestExecutorService.invokeAll(SameThreadHierarchicalTestExecutorService.java:41)
	at org.junit.platform.engine.support.hierarchical.NodeTestTask.lambda$executeRecursively$6(NodeTestTask.java:155)
	at org.junit.platform.engine.support.hierarchical.ThrowableCollector.execute(ThrowableCollector.java:73)
	at org.junit.platform.engine.support.hierarchical.NodeTestTask.lambda$executeRecursively$8(NodeTestTask.java:141)
	at org.junit.platform.engine.support.hierarchical.Node.around(Node.java:137)
	at org.junit.platform.engine.support.hierarchical.NodeTestTask.lambda$executeRecursively$9(NodeTestTask.java:139)
	at org.junit.platform.engine.support.hierarchical.ThrowableCollector.execute(ThrowableCollector.java:73)
	at org.junit.platform.engine.support.hierarchical.NodeTestTask.executeRecursively(NodeTestTask.java:138)
	at org.junit.platform.engine.support.hierarchical.NodeTestTask.execute(NodeTestTask.java:95)
	at org.junit.platform.engine.support.hierarchical.SameThreadHierarchicalTestExecutorService.submit(SameThreadHierarchicalTestExecutorService.java:35)
	at org.junit.platform.engine.support.hierarchical.HierarchicalTestExecutor.execute(HierarchicalTestExecutor.java:57)
	at org.junit.platform.engine.support.hierarchical.HierarchicalTestEngine.execute(HierarchicalTestEngine.java:54)
	at org.junit.platform.launcher.core.EngineExecutionOrchestrator.execute(EngineExecutionOrchestrator.java:198)
	at org.junit.platform.launcher.core.EngineExecutionOrchestrator.execute(EngineExecutionOrchestrator.java:169)
	at org.junit.platform.launcher.core.EngineExecutionOrchestrator.execute(EngineExecutionOrchestrator.java:93)
	at org.junit.platform.launcher.core.EngineExecutionOrchestrator.lambda$execute$0(EngineExecutionOrchestrator.java:58)
	at org.junit.platform.launcher.core.EngineExecutionOrchestrator.withInterceptedStreams(EngineExecutionOrchestrator.java:141)
	at org.junit.platform.launcher.core.EngineExecutionOrchestrator.execute(EngineExecutionOrchestrator.java:57)
	at org.junit.platform.launcher.core.DefaultLauncher.execute(DefaultLauncher.java:103)
	at org.junit.platform.launcher.core.DefaultLauncher.execute(DefaultLauncher.java:85)
	at org.junit.platform.launcher.core.DelegatingLauncher.execute(DelegatingLauncher.java:47)
	at org.junit.platform.launcher.core.SessionPerRequestLauncher.execute(SessionPerRequestLauncher.java:63)
	at com.intellij.junit5.JUnit5IdeaTestRunner.startRunnerWithArgs(JUnit5IdeaTestRunner.java:57)
	at com.intellij.rt.junit.IdeaTestRunner$Repeater$1.execute(IdeaTestRunner.java:38)
	at com.intellij.rt.execution.junit.TestsRepeater.repeat(TestsRepeater.java:11)
	at com.intellij.rt.junit.IdeaTestRunner$Repeater.startRunnerWithArgs(IdeaTestRunner.java:35)
	at com.intellij.rt.junit.JUnitStarter.prepareStreamsAndStart(JUnitStarter.java:232)
	at com.intellij.rt.junit.JUnitStarter.main(JUnitStarter.java:55)
2025-02-10 09:30:39 [main] INFO  l.insoft.uztis.tests.utils.TestUtils - Screenshot moved to C:\Users\ingrida.zadorozniene\Desktop\Asm\UZTIS\UZTIS_tests\test-output\screenshots\20250210\093039824_testAddAssessors().png
2025-02-10 09:32:45 [main] INFO  lt.insoft.uztis.tests.UztisPageTest - Navigated to https://uztisdev.asseco.lt/home
2025-02-10 09:32:45 [main] INFO  l.i.u.t.SubmittedApplicationsPageTest - Starting test:'testAddAssessors'
2025-02-10 09:32:45 [main] DEBUG l.i.u.t.SubmittedApplicationsPageTest - User logged in with test credentials.
2025-02-10 09:32:46 [main] DEBUG l.i.u.t.SubmittedApplicationsPageTest - Opened 'Application Processing' menu.
2025-02-10 09:32:46 [main] DEBUG l.i.u.t.SubmittedApplicationsPageTest - Clicked on 'Application Forms' menu.
2025-02-10 09:32:46 [main] DEBUG l.i.u.t.SubmittedApplicationsPageTest - Retrieved last description code text: 'TST-VUI-00'.
2025-02-10 09:32:46 [main] DEBUG l.i.u.t.SubmittedApplicationsPageTest - Clicked on 'Invitation' menu.
2025-02-10 09:32:47 [main] DEBUG l.i.u.t.SubmittedApplicationsPageTest - Selected application section by code: 'TST-VUI-00'.
2025-02-10 09:32:47 [main] DEBUG l.i.u.t.SubmittedApplicationsPageTest - Clicked 'Search' button.
2025-02-10 09:32:47 [main] DEBUG l.i.u.t.SubmittedApplicationsPageTest - Retrieved invitation code: ''.
2025-02-10 09:32:47 [main] DEBUG l.i.u.t.SubmittedApplicationsPageTest - Clicked on 'Submitted Applications' menu.
2025-02-10 09:32:49 [main] DEBUG l.i.u.t.SubmittedApplicationsPageTest - Selected invitation by code: 'TST-VUI-00'.
2025-02-10 09:32:49 [main] DEBUG l.i.u.t.SubmittedApplicationsPageTest - Invitation code inserted.
2025-02-10 09:32:49 [main] DEBUG l.i.u.t.SubmittedApplicationsPageTest - Clicked on 'Action Application' button.
2025-02-10 09:32:49 [main] DEBUG l.i.u.t.SubmittedApplicationsPageTest - Clicked on 'New Application' button.
2025-02-10 09:32:52 [main] ERROR l.i.u.t.SubmittedApplicationsPageTest - Test 'testAddAssessors' failed with error: invalid session id: session deleted as the browser has closed the connection
from disconnected: unable to send message to renderer
  (Session info: chrome=132.0.6834.196)
Build info: version: '4.27.0', revision: 'd6e718d134'
System info: os.name: 'Windows 11', os.arch: 'amd64', os.version: '10.0', java.version: '21.0.3'
Driver info: org.openqa.selenium.chrome.ChromeDriver
Command: [235ff0b3734d75470fd5bd1344200afb, findElement {using=xpath, value=//button[contains(@class, 'mat-mdc-menu-item') and .//span[normalize-space()='Priskirti vertintojus']]}]
Capabilities {acceptInsecureCerts: false, browserName: chrome, browserVersion: 132.0.6834.196, chrome: {chromedriverVersion: 132.0.6834.159 (2d77d3fc445..., userDataDir: C:\Users\INGRID~1.ZAD\AppDa...}, fedcm:accounts: true, goog:chromeOptions: {debuggerAddress: localhost:61805}, networkConnectionEnabled: false, pageLoadStrategy: normal, platformName: windows, proxy: Proxy(), se:cdp: ws://localhost:61805/devtoo..., se:cdpVersion: 132.0.6834.196, setWindowRect: true, strictFileInteractability: false, timeouts: {implicit: 0, pageLoad: 300000, script: 30000}, unhandledPromptBehavior: dismiss and notify, webauthn:extension:credBlob: true, webauthn:extension:largeBlob: true, webauthn:extension:minPinLength: true, webauthn:extension:prf: true, webauthn:virtualAuthenticators: true}
Session ID: 235ff0b3734d75470fd5bd1344200afb
org.openqa.selenium.NoSuchSessionException: invalid session id: session deleted as the browser has closed the connection
from disconnected: unable to send message to renderer
  (Session info: chrome=132.0.6834.196)
Build info: version: '4.27.0', revision: 'd6e718d134'
System info: os.name: 'Windows 11', os.arch: 'amd64', os.version: '10.0', java.version: '21.0.3'
Driver info: org.openqa.selenium.chrome.ChromeDriver
Command: [235ff0b3734d75470fd5bd1344200afb, findElement {using=xpath, value=//button[contains(@class, 'mat-mdc-menu-item') and .//span[normalize-space()='Priskirti vertintojus']]}]
Capabilities {acceptInsecureCerts: false, browserName: chrome, browserVersion: 132.0.6834.196, chrome: {chromedriverVersion: 132.0.6834.159 (2d77d3fc445..., userDataDir: C:\Users\INGRID~1.ZAD\AppDa...}, fedcm:accounts: true, goog:chromeOptions: {debuggerAddress: localhost:61805}, networkConnectionEnabled: false, pageLoadStrategy: normal, platformName: windows, proxy: Proxy(), se:cdp: ws://localhost:61805/devtoo..., se:cdpVersion: 132.0.6834.196, setWindowRect: true, strictFileInteractability: false, timeouts: {implicit: 0, pageLoad: 300000, script: 30000}, unhandledPromptBehavior: dismiss and notify, webauthn:extension:credBlob: true, webauthn:extension:largeBlob: true, webauthn:extension:minPinLength: true, webauthn:extension:prf: true, webauthn:virtualAuthenticators: true}
Session ID: 235ff0b3734d75470fd5bd1344200afb
	at java.base/jdk.internal.reflect.DirectConstructorHandleAccessor.newInstance(DirectConstructorHandleAccessor.java:62)
	at java.base/java.lang.reflect.Constructor.newInstanceWithCaller(Constructor.java:502)
	at java.base/java.lang.reflect.Constructor.newInstance(Constructor.java:486)
	at org.openqa.selenium.remote.ErrorCodec.decode(ErrorCodec.java:167)
	at org.openqa.selenium.remote.codec.w3c.W3CHttpResponseCodec.decode(W3CHttpResponseCodec.java:138)
	at org.openqa.selenium.remote.codec.w3c.W3CHttpResponseCodec.decode(W3CHttpResponseCodec.java:50)
	at org.openqa.selenium.remote.HttpCommandExecutor.execute(HttpCommandExecutor.java:190)
	at org.openqa.selenium.remote.service.DriverCommandExecutor.invokeExecute(DriverCommandExecutor.java:216)
	at org.openqa.selenium.remote.service.DriverCommandExecutor.execute(DriverCommandExecutor.java:174)
	at org.openqa.selenium.remote.RemoteWebDriver.execute(RemoteWebDriver.java:545)
	at org.openqa.selenium.remote.ElementLocation$ElementFinder$2.findElement(ElementLocation.java:165)
	at org.openqa.selenium.remote.ElementLocation.findElement(ElementLocation.java:59)
	at org.openqa.selenium.remote.RemoteWebDriver.findElement(RemoteWebDriver.java:368)
	at org.openqa.selenium.remote.RemoteWebDriver.findElement(RemoteWebDriver.java:362)
	at org.openqa.selenium.support.pagefactory.DefaultElementLocator.findElement(DefaultElementLocator.java:68)
	at org.openqa.selenium.support.pagefactory.internal.LocatingElementHandler.invoke(LocatingElementHandler.java:38)
	at jdk.proxy2/jdk.proxy2.$Proxy14.click(Unknown Source)
	at lt.insoft.uztis.pages.SubmittedApplicationsPage.clickButtonAddAssessors(SubmittedApplicationsPage.java:371)
	at lt.insoft.uztis.tests.SubmittedApplicationsPageTest.testAddAssessors(SubmittedApplicationsPageTest.java:482)
	at java.base/jdk.internal.reflect.DirectMethodHandleAccessor.invoke(DirectMethodHandleAccessor.java:103)
	at java.base/java.lang.reflect.Method.invoke(Method.java:580)
	at org.junit.platform.commons.util.ReflectionUtils.invokeMethod(ReflectionUtils.java:728)
	at org.junit.jupiter.engine.execution.MethodInvocation.proceed(MethodInvocation.java:60)
	at org.junit.jupiter.engine.execution.InvocationInterceptorChain$ValidatingInvocation.proceed(InvocationInterceptorChain.java:131)
	at org.junit.jupiter.engine.extension.TimeoutExtension.intercept(TimeoutExtension.java:156)
	at org.junit.jupiter.engine.extension.TimeoutExtension.interceptTestableMethod(TimeoutExtension.java:147)
	at org.junit.jupiter.engine.extension.TimeoutExtension.interceptTestMethod(TimeoutExtension.java:86)
	at org.junit.jupiter.engine.execution.InterceptingExecutableInvoker$ReflectiveInterceptorCall.lambda$ofVoidMethod$0(InterceptingExecutableInvoker.java:103)
	at org.junit.jupiter.engine.execution.InterceptingExecutableInvoker.lambda$invoke$0(InterceptingExecutableInvoker.java:93)
	at org.junit.jupiter.engine.execution.InvocationInterceptorChain$InterceptedInvocation.proceed(InvocationInterceptorChain.java:106)
	at org.junit.jupiter.engine.execution.InvocationInterceptorChain.proceed(InvocationInterceptorChain.java:64)
	at org.junit.jupiter.engine.execution.InvocationInterceptorChain.chainAndInvoke(InvocationInterceptorChain.java:45)
	at org.junit.jupiter.engine.execution.InvocationInterceptorChain.invoke(InvocationInterceptorChain.java:37)
	at org.junit.jupiter.engine.execution.InterceptingExecutableInvoker.invoke(InterceptingExecutableInvoker.java:92)
	at org.junit.jupiter.engine.execution.InterceptingExecutableInvoker.invoke(InterceptingExecutableInvoker.java:86)
	at org.junit.jupiter.engine.descriptor.TestMethodTestDescriptor.lambda$invokeTestMethod$7(TestMethodTestDescriptor.java:218)
	at org.junit.platform.engine.support.hierarchical.ThrowableCollector.execute(ThrowableCollector.java:73)
	at org.junit.jupiter.engine.descriptor.TestMethodTestDescriptor.invokeTestMethod(TestMethodTestDescriptor.java:214)
	at org.junit.jupiter.engine.descriptor.TestMethodTestDescriptor.execute(TestMethodTestDescriptor.java:139)
	at org.junit.jupiter.engine.descriptor.TestMethodTestDescriptor.execute(TestMethodTestDescriptor.java:69)
	at org.junit.platform.engine.support.hierarchical.NodeTestTask.lambda$executeRecursively$6(NodeTestTask.java:151)
	at org.junit.platform.engine.support.hierarchical.ThrowableCollector.execute(ThrowableCollector.java:73)
	at org.junit.platform.engine.support.hierarchical.NodeTestTask.lambda$executeRecursively$8(NodeTestTask.java:141)
	at org.junit.platform.engine.support.hierarchical.Node.around(Node.java:137)
	at org.junit.platform.engine.support.hierarchical.NodeTestTask.lambda$executeRecursively$9(NodeTestTask.java:139)
	at org.junit.platform.engine.support.hierarchical.ThrowableCollector.execute(ThrowableCollector.java:73)
	at org.junit.platform.engine.support.hierarchical.NodeTestTask.executeRecursively(NodeTestTask.java:138)
	at org.junit.platform.engine.support.hierarchical.NodeTestTask.execute(NodeTestTask.java:95)
	at java.base/java.util.ArrayList.forEach(ArrayList.java:1596)
	at org.junit.platform.engine.support.hierarchical.SameThreadHierarchicalTestExecutorService.invokeAll(SameThreadHierarchicalTestExecutorService.java:41)
	at org.junit.platform.engine.support.hierarchical.NodeTestTask.lambda$executeRecursively$6(NodeTestTask.java:155)
	at org.junit.platform.engine.support.hierarchical.ThrowableCollector.execute(ThrowableCollector.java:73)
	at org.junit.platform.engine.support.hierarchical.NodeTestTask.lambda$executeRecursively$8(NodeTestTask.java:141)
	at org.junit.platform.engine.support.hierarchical.Node.around(Node.java:137)
	at org.junit.platform.engine.support.hierarchical.NodeTestTask.lambda$executeRecursively$9(NodeTestTask.java:139)
	at org.junit.platform.engine.support.hierarchical.ThrowableCollector.execute(ThrowableCollector.java:73)
	at org.junit.platform.engine.support.hierarchical.NodeTestTask.executeRecursively(NodeTestTask.java:138)
	at org.junit.platform.engine.support.hierarchical.NodeTestTask.execute(NodeTestTask.java:95)
	at java.base/java.util.ArrayList.forEach(ArrayList.java:1596)
	at org.junit.platform.engine.support.hierarchical.SameThreadHierarchicalTestExecutorService.invokeAll(SameThreadHierarchicalTestExecutorService.java:41)
	at org.junit.platform.engine.support.hierarchical.NodeTestTask.lambda$executeRecursively$6(NodeTestTask.java:155)
	at org.junit.platform.engine.support.hierarchical.ThrowableCollector.execute(ThrowableCollector.java:73)
	at org.junit.platform.engine.support.hierarchical.NodeTestTask.lambda$executeRecursively$8(NodeTestTask.java:141)
	at org.junit.platform.engine.support.hierarchical.Node.around(Node.java:137)
	at org.junit.platform.engine.support.hierarchical.NodeTestTask.lambda$executeRecursively$9(NodeTestTask.java:139)
	at org.junit.platform.engine.support.hierarchical.ThrowableCollector.execute(ThrowableCollector.java:73)
	at org.junit.platform.engine.support.hierarchical.NodeTestTask.executeRecursively(NodeTestTask.java:138)
	at org.junit.platform.engine.support.hierarchical.NodeTestTask.execute(NodeTestTask.java:95)
	at org.junit.platform.engine.support.hierarchical.SameThreadHierarchicalTestExecutorService.submit(SameThreadHierarchicalTestExecutorService.java:35)
	at org.junit.platform.engine.support.hierarchical.HierarchicalTestExecutor.execute(HierarchicalTestExecutor.java:57)
	at org.junit.platform.engine.support.hierarchical.HierarchicalTestEngine.execute(HierarchicalTestEngine.java:54)
	at org.junit.platform.launcher.core.EngineExecutionOrchestrator.execute(EngineExecutionOrchestrator.java:198)
	at org.junit.platform.launcher.core.EngineExecutionOrchestrator.execute(EngineExecutionOrchestrator.java:169)
	at org.junit.platform.launcher.core.EngineExecutionOrchestrator.execute(EngineExecutionOrchestrator.java:93)
	at org.junit.platform.launcher.core.EngineExecutionOrchestrator.lambda$execute$0(EngineExecutionOrchestrator.java:58)
	at org.junit.platform.launcher.core.EngineExecutionOrchestrator.withInterceptedStreams(EngineExecutionOrchestrator.java:141)
	at org.junit.platform.launcher.core.EngineExecutionOrchestrator.execute(EngineExecutionOrchestrator.java:57)
	at org.junit.platform.launcher.core.DefaultLauncher.execute(DefaultLauncher.java:103)
	at org.junit.platform.launcher.core.DefaultLauncher.execute(DefaultLauncher.java:85)
	at org.junit.platform.launcher.core.DelegatingLauncher.execute(DelegatingLauncher.java:47)
	at org.junit.platform.launcher.core.SessionPerRequestLauncher.execute(SessionPerRequestLauncher.java:63)
	at com.intellij.junit5.JUnit5IdeaTestRunner.startRunnerWithArgs(JUnit5IdeaTestRunner.java:57)
	at com.intellij.rt.junit.IdeaTestRunner$Repeater$1.execute(IdeaTestRunner.java:38)
	at com.intellij.rt.execution.junit.TestsRepeater.repeat(TestsRepeater.java:11)
	at com.intellij.rt.junit.IdeaTestRunner$Repeater.startRunnerWithArgs(IdeaTestRunner.java:35)
	at com.intellij.rt.junit.JUnitStarter.prepareStreamsAndStart(JUnitStarter.java:232)
	at com.intellij.rt.junit.JUnitStarter.main(JUnitStarter.java:55)
2025-02-10 09:33:17 [main] INFO  lt.insoft.uztis.tests.UztisPageTest - Navigated to https://uztisdev.asseco.lt/home
2025-02-10 09:33:18 [main] INFO  l.i.u.t.SubmittedApplicationsPageTest - Starting test:'testAddAssessors'
2025-02-10 09:33:18 [main] DEBUG l.i.u.t.SubmittedApplicationsPageTest - User logged in with test credentials.
2025-02-10 09:33:18 [main] DEBUG l.i.u.t.SubmittedApplicationsPageTest - Opened 'Application Processing' menu.
2025-02-10 09:33:19 [main] DEBUG l.i.u.t.SubmittedApplicationsPageTest - Clicked on 'Application Forms' menu.
2025-02-10 09:33:19 [main] DEBUG l.i.u.t.SubmittedApplicationsPageTest - Retrieved last description code text: 'TST-VUI-00'.
2025-02-10 09:33:19 [main] DEBUG l.i.u.t.SubmittedApplicationsPageTest - Clicked on 'Invitation' menu.
2025-02-10 09:33:20 [main] DEBUG l.i.u.t.SubmittedApplicationsPageTest - Selected application section by code: 'TST-VUI-00'.
2025-02-10 09:33:20 [main] DEBUG l.i.u.t.SubmittedApplicationsPageTest - Clicked 'Search' button.
2025-02-10 09:33:20 [main] DEBUG l.i.u.t.SubmittedApplicationsPageTest - Retrieved invitation code: ''.
2025-02-10 09:33:20 [main] DEBUG l.i.u.t.SubmittedApplicationsPageTest - Clicked on 'Submitted Applications' menu.
2025-02-10 09:33:21 [main] DEBUG l.i.u.t.SubmittedApplicationsPageTest - Selected invitation by code: 'TST-VUI-00'.
2025-02-10 09:33:21 [main] DEBUG l.i.u.t.SubmittedApplicationsPageTest - Invitation code inserted.
2025-02-10 09:33:21 [main] DEBUG l.i.u.t.SubmittedApplicationsPageTest - Clicked on 'Action Application' button.
2025-02-10 09:33:22 [main] DEBUG l.i.u.t.SubmittedApplicationsPageTest - Clicked on 'New Application' button.
2025-02-10 09:33:22 [main] ERROR l.i.u.t.SubmittedApplicationsPageTest - Test 'testAddAssessors' failed with error: invalid selector: Unable to locate an element with the xpath expression //button[contains(@class, 'mat-mdc-menu-item') and .//span[contains(text(), 'Priskirti vertintojus')]])[1] because of the following error:
SyntaxError: Failed to execute 'evaluate' on 'Document': The string '//button[contains(@class, 'mat-mdc-menu-item') and .//span[contains(text(), 'Priskirti vertintojus')]])[1]' is not a valid XPath expression.
  (Session info: chrome=132.0.6834.196)
For documentation on this error, please visit: https://www.selenium.dev/documentation/webdriver/troubleshooting/errors#invalid-selector-exception
Build info: version: '4.27.0', revision: 'd6e718d134'
System info: os.name: 'Windows 11', os.arch: 'amd64', os.version: '10.0', java.version: '21.0.3'
Driver info: org.openqa.selenium.chrome.ChromeDriver
Command: [2435705310aa1160b540b54d2f18c757, findElement {using=xpath, value=//button[contains(@class, 'mat-mdc-menu-item') and .//span[contains(text(), 'Priskirti vertintojus')]])[1]}]
Capabilities {acceptInsecureCerts: false, browserName: chrome, browserVersion: 132.0.6834.196, chrome: {chromedriverVersion: 132.0.6834.159 (2d77d3fc445..., userDataDir: C:\Users\INGRID~1.ZAD\AppDa...}, fedcm:accounts: true, goog:chromeOptions: {debuggerAddress: localhost:61843}, networkConnectionEnabled: false, pageLoadStrategy: normal, platformName: windows, proxy: Proxy(), se:cdp: ws://localhost:61843/devtoo..., se:cdpVersion: 132.0.6834.196, setWindowRect: true, strictFileInteractability: false, timeouts: {implicit: 0, pageLoad: 300000, script: 30000}, unhandledPromptBehavior: dismiss and notify, webauthn:extension:credBlob: true, webauthn:extension:largeBlob: true, webauthn:extension:minPinLength: true, webauthn:extension:prf: true, webauthn:virtualAuthenticators: true}
Session ID: 2435705310aa1160b540b54d2f18c757
org.openqa.selenium.InvalidSelectorException: invalid selector: Unable to locate an element with the xpath expression //button[contains(@class, 'mat-mdc-menu-item') and .//span[contains(text(), 'Priskirti vertintojus')]])[1] because of the following error:
SyntaxError: Failed to execute 'evaluate' on 'Document': The string '//button[contains(@class, 'mat-mdc-menu-item') and .//span[contains(text(), 'Priskirti vertintojus')]])[1]' is not a valid XPath expression.
  (Session info: chrome=132.0.6834.196)
For documentation on this error, please visit: https://www.selenium.dev/documentation/webdriver/troubleshooting/errors#invalid-selector-exception
Build info: version: '4.27.0', revision: 'd6e718d134'
System info: os.name: 'Windows 11', os.arch: 'amd64', os.version: '10.0', java.version: '21.0.3'
Driver info: org.openqa.selenium.chrome.ChromeDriver
Command: [2435705310aa1160b540b54d2f18c757, findElement {using=xpath, value=//button[contains(@class, 'mat-mdc-menu-item') and .//span[contains(text(), 'Priskirti vertintojus')]])[1]}]
Capabilities {acceptInsecureCerts: false, browserName: chrome, browserVersion: 132.0.6834.196, chrome: {chromedriverVersion: 132.0.6834.159 (2d77d3fc445..., userDataDir: C:\Users\INGRID~1.ZAD\AppDa...}, fedcm:accounts: true, goog:chromeOptions: {debuggerAddress: localhost:61843}, networkConnectionEnabled: false, pageLoadStrategy: normal, platformName: windows, proxy: Proxy(), se:cdp: ws://localhost:61843/devtoo..., se:cdpVersion: 132.0.6834.196, setWindowRect: true, strictFileInteractability: false, timeouts: {implicit: 0, pageLoad: 300000, script: 30000}, unhandledPromptBehavior: dismiss and notify, webauthn:extension:credBlob: true, webauthn:extension:largeBlob: true, webauthn:extension:minPinLength: true, webauthn:extension:prf: true, webauthn:virtualAuthenticators: true}
Session ID: 2435705310aa1160b540b54d2f18c757
	at java.base/jdk.internal.reflect.DirectConstructorHandleAccessor.newInstance(DirectConstructorHandleAccessor.java:62)
	at java.base/java.lang.reflect.Constructor.newInstanceWithCaller(Constructor.java:502)
	at java.base/java.lang.reflect.Constructor.newInstance(Constructor.java:486)
	at org.openqa.selenium.remote.ErrorCodec.decode(ErrorCodec.java:167)
	at org.openqa.selenium.remote.codec.w3c.W3CHttpResponseCodec.decode(W3CHttpResponseCodec.java:138)
	at org.openqa.selenium.remote.codec.w3c.W3CHttpResponseCodec.decode(W3CHttpResponseCodec.java:50)
	at org.openqa.selenium.remote.HttpCommandExecutor.execute(HttpCommandExecutor.java:190)
	at org.openqa.selenium.remote.service.DriverCommandExecutor.invokeExecute(DriverCommandExecutor.java:216)
	at org.openqa.selenium.remote.service.DriverCommandExecutor.execute(DriverCommandExecutor.java:174)
	at org.openqa.selenium.remote.RemoteWebDriver.execute(RemoteWebDriver.java:545)
	at org.openqa.selenium.remote.ElementLocation$ElementFinder$2.findElement(ElementLocation.java:165)
	at org.openqa.selenium.remote.ElementLocation.findElement(ElementLocation.java:59)
	at org.openqa.selenium.remote.RemoteWebDriver.findElement(RemoteWebDriver.java:368)
	at org.openqa.selenium.remote.RemoteWebDriver.findElement(RemoteWebDriver.java:362)
	at org.openqa.selenium.support.pagefactory.DefaultElementLocator.findElement(DefaultElementLocator.java:68)
	at org.openqa.selenium.support.pagefactory.internal.LocatingElementHandler.invoke(LocatingElementHandler.java:38)
	at jdk.proxy2/jdk.proxy2.$Proxy14.click(Unknown Source)
	at lt.insoft.uztis.pages.SubmittedApplicationsPage.clickButtonAddAssessors(SubmittedApplicationsPage.java:371)
	at lt.insoft.uztis.tests.SubmittedApplicationsPageTest.testAddAssessors(SubmittedApplicationsPageTest.java:482)
	at java.base/jdk.internal.reflect.DirectMethodHandleAccessor.invoke(DirectMethodHandleAccessor.java:103)
	at java.base/java.lang.reflect.Method.invoke(Method.java:580)
	at org.junit.platform.commons.util.ReflectionUtils.invokeMethod(ReflectionUtils.java:728)
	at org.junit.jupiter.engine.execution.MethodInvocation.proceed(MethodInvocation.java:60)
	at org.junit.jupiter.engine.execution.InvocationInterceptorChain$ValidatingInvocation.proceed(InvocationInterceptorChain.java:131)
	at org.junit.jupiter.engine.extension.TimeoutExtension.intercept(TimeoutExtension.java:156)
	at org.junit.jupiter.engine.extension.TimeoutExtension.interceptTestableMethod(TimeoutExtension.java:147)
	at org.junit.jupiter.engine.extension.TimeoutExtension.interceptTestMethod(TimeoutExtension.java:86)
	at org.junit.jupiter.engine.execution.InterceptingExecutableInvoker$ReflectiveInterceptorCall.lambda$ofVoidMethod$0(InterceptingExecutableInvoker.java:103)
	at org.junit.jupiter.engine.execution.InterceptingExecutableInvoker.lambda$invoke$0(InterceptingExecutableInvoker.java:93)
	at org.junit.jupiter.engine.execution.InvocationInterceptorChain$InterceptedInvocation.proceed(InvocationInterceptorChain.java:106)
	at org.junit.jupiter.engine.execution.InvocationInterceptorChain.proceed(InvocationInterceptorChain.java:64)
	at org.junit.jupiter.engine.execution.InvocationInterceptorChain.chainAndInvoke(InvocationInterceptorChain.java:45)
	at org.junit.jupiter.engine.execution.InvocationInterceptorChain.invoke(InvocationInterceptorChain.java:37)
	at org.junit.jupiter.engine.execution.InterceptingExecutableInvoker.invoke(InterceptingExecutableInvoker.java:92)
	at org.junit.jupiter.engine.execution.InterceptingExecutableInvoker.invoke(InterceptingExecutableInvoker.java:86)
	at org.junit.jupiter.engine.descriptor.TestMethodTestDescriptor.lambda$invokeTestMethod$7(TestMethodTestDescriptor.java:218)
	at org.junit.platform.engine.support.hierarchical.ThrowableCollector.execute(ThrowableCollector.java:73)
	at org.junit.jupiter.engine.descriptor.TestMethodTestDescriptor.invokeTestMethod(TestMethodTestDescriptor.java:214)
	at org.junit.jupiter.engine.descriptor.TestMethodTestDescriptor.execute(TestMethodTestDescriptor.java:139)
	at org.junit.jupiter.engine.descriptor.TestMethodTestDescriptor.execute(TestMethodTestDescriptor.java:69)
	at org.junit.platform.engine.support.hierarchical.NodeTestTask.lambda$executeRecursively$6(NodeTestTask.java:151)
	at org.junit.platform.engine.support.hierarchical.ThrowableCollector.execute(ThrowableCollector.java:73)
	at org.junit.platform.engine.support.hierarchical.NodeTestTask.lambda$executeRecursively$8(NodeTestTask.java:141)
	at org.junit.platform.engine.support.hierarchical.Node.around(Node.java:137)
	at org.junit.platform.engine.support.hierarchical.NodeTestTask.lambda$executeRecursively$9(NodeTestTask.java:139)
	at org.junit.platform.engine.support.hierarchical.ThrowableCollector.execute(ThrowableCollector.java:73)
	at org.junit.platform.engine.support.hierarchical.NodeTestTask.executeRecursively(NodeTestTask.java:138)
	at org.junit.platform.engine.support.hierarchical.NodeTestTask.execute(NodeTestTask.java:95)
	at java.base/java.util.ArrayList.forEach(ArrayList.java:1596)
	at org.junit.platform.engine.support.hierarchical.SameThreadHierarchicalTestExecutorService.invokeAll(SameThreadHierarchicalTestExecutorService.java:41)
	at org.junit.platform.engine.support.hierarchical.NodeTestTask.lambda$executeRecursively$6(NodeTestTask.java:155)
	at org.junit.platform.engine.support.hierarchical.ThrowableCollector.execute(ThrowableCollector.java:73)
	at org.junit.platform.engine.support.hierarchical.NodeTestTask.lambda$executeRecursively$8(NodeTestTask.java:141)
	at org.junit.platform.engine.support.hierarchical.Node.around(Node.java:137)
	at org.junit.platform.engine.support.hierarchical.NodeTestTask.lambda$executeRecursively$9(NodeTestTask.java:139)
	at org.junit.platform.engine.support.hierarchical.ThrowableCollector.execute(ThrowableCollector.java:73)
	at org.junit.platform.engine.support.hierarchical.NodeTestTask.executeRecursively(NodeTestTask.java:138)
	at org.junit.platform.engine.support.hierarchical.NodeTestTask.execute(NodeTestTask.java:95)
	at java.base/java.util.ArrayList.forEach(ArrayList.java:1596)
	at org.junit.platform.engine.support.hierarchical.SameThreadHierarchicalTestExecutorService.invokeAll(SameThreadHierarchicalTestExecutorService.java:41)
	at org.junit.platform.engine.support.hierarchical.NodeTestTask.lambda$executeRecursively$6(NodeTestTask.java:155)
	at org.junit.platform.engine.support.hierarchical.ThrowableCollector.execute(ThrowableCollector.java:73)
	at org.junit.platform.engine.support.hierarchical.NodeTestTask.lambda$executeRecursively$8(NodeTestTask.java:141)
	at org.junit.platform.engine.support.hierarchical.Node.around(Node.java:137)
	at org.junit.platform.engine.support.hierarchical.NodeTestTask.lambda$executeRecursively$9(NodeTestTask.java:139)
	at org.junit.platform.engine.support.hierarchical.ThrowableCollector.execute(ThrowableCollector.java:73)
	at org.junit.platform.engine.support.hierarchical.NodeTestTask.executeRecursively(NodeTestTask.java:138)
	at org.junit.platform.engine.support.hierarchical.NodeTestTask.execute(NodeTestTask.java:95)
	at org.junit.platform.engine.support.hierarchical.SameThreadHierarchicalTestExecutorService.submit(SameThreadHierarchicalTestExecutorService.java:35)
	at org.junit.platform.engine.support.hierarchical.HierarchicalTestExecutor.execute(HierarchicalTestExecutor.java:57)
	at org.junit.platform.engine.support.hierarchical.HierarchicalTestEngine.execute(HierarchicalTestEngine.java:54)
	at org.junit.platform.launcher.core.EngineExecutionOrchestrator.execute(EngineExecutionOrchestrator.java:198)
	at org.junit.platform.launcher.core.EngineExecutionOrchestrator.execute(EngineExecutionOrchestrator.java:169)
	at org.junit.platform.launcher.core.EngineExecutionOrchestrator.execute(EngineExecutionOrchestrator.java:93)
	at org.junit.platform.launcher.core.EngineExecutionOrchestrator.lambda$execute$0(EngineExecutionOrchestrator.java:58)
	at org.junit.platform.launcher.core.EngineExecutionOrchestrator.withInterceptedStreams(EngineExecutionOrchestrator.java:141)
	at org.junit.platform.launcher.core.EngineExecutionOrchestrator.execute(EngineExecutionOrchestrator.java:57)
	at org.junit.platform.launcher.core.DefaultLauncher.execute(DefaultLauncher.java:103)
	at org.junit.platform.launcher.core.DefaultLauncher.execute(DefaultLauncher.java:85)
	at org.junit.platform.launcher.core.DelegatingLauncher.execute(DelegatingLauncher.java:47)
	at org.junit.platform.launcher.core.SessionPerRequestLauncher.execute(SessionPerRequestLauncher.java:63)
	at com.intellij.junit5.JUnit5IdeaTestRunner.startRunnerWithArgs(JUnit5IdeaTestRunner.java:57)
	at com.intellij.rt.junit.IdeaTestRunner$Repeater$1.execute(IdeaTestRunner.java:38)
	at com.intellij.rt.execution.junit.TestsRepeater.repeat(TestsRepeater.java:11)
	at com.intellij.rt.junit.IdeaTestRunner$Repeater.startRunnerWithArgs(IdeaTestRunner.java:35)
	at com.intellij.rt.junit.JUnitStarter.prepareStreamsAndStart(JUnitStarter.java:232)
	at com.intellij.rt.junit.JUnitStarter.main(JUnitStarter.java:55)
2025-02-10 09:33:22 [main] INFO  l.insoft.uztis.tests.utils.TestUtils - Screenshot moved to C:\Users\ingrida.zadorozniene\Desktop\Asm\UZTIS\UZTIS_tests\test-output\screenshots\20250210\093322594_testAddAssessors().png
2025-02-10 09:36:01 [main] INFO  lt.insoft.uztis.tests.UztisPageTest - Navigated to https://uztisdev.asseco.lt/home
2025-02-10 09:36:01 [main] INFO  l.i.u.t.SubmittedApplicationsPageTest - Starting test:'testAddAssessors'
2025-02-10 09:36:01 [main] DEBUG l.i.u.t.SubmittedApplicationsPageTest - User logged in with test credentials.
2025-02-10 09:36:02 [main] DEBUG l.i.u.t.SubmittedApplicationsPageTest - Opened 'Application Processing' menu.
2025-02-10 09:36:02 [main] DEBUG l.i.u.t.SubmittedApplicationsPageTest - Clicked on 'Application Forms' menu.
2025-02-10 09:36:02 [main] DEBUG l.i.u.t.SubmittedApplicationsPageTest - Retrieved last description code text: 'TST-VUI-00'.
2025-02-10 09:36:02 [main] DEBUG l.i.u.t.SubmittedApplicationsPageTest - Clicked on 'Invitation' menu.
2025-02-10 09:36:03 [main] DEBUG l.i.u.t.SubmittedApplicationsPageTest - Selected application section by code: 'TST-VUI-00'.
2025-02-10 09:36:03 [main] DEBUG l.i.u.t.SubmittedApplicationsPageTest - Clicked 'Search' button.
2025-02-10 09:36:03 [main] DEBUG l.i.u.t.SubmittedApplicationsPageTest - Retrieved invitation code: ''.
2025-02-10 09:36:03 [main] DEBUG l.i.u.t.SubmittedApplicationsPageTest - Clicked on 'Submitted Applications' menu.
2025-02-10 09:36:04 [main] DEBUG l.i.u.t.SubmittedApplicationsPageTest - Selected invitation by code: 'TST-VUI-00'.
2025-02-10 09:36:04 [main] DEBUG l.i.u.t.SubmittedApplicationsPageTest - Invitation code inserted.
2025-02-10 09:36:05 [main] DEBUG l.i.u.t.SubmittedApplicationsPageTest - Clicked on 'Action Application' button.
2025-02-10 09:36:05 [main] DEBUG l.i.u.t.SubmittedApplicationsPageTest - Clicked on 'New Application' button.
2025-02-10 09:36:10 [main] ERROR l.i.u.t.SubmittedApplicationsPageTest - Test 'testAddAssessors' failed with error: invalid session id: session deleted as the browser has closed the connection
from disconnected: unable to send message to renderer
  (Session info: chrome=132.0.6834.196)
Build info: version: '4.27.0', revision: 'd6e718d134'
System info: os.name: 'Windows 11', os.arch: 'amd64', os.version: '10.0', java.version: '21.0.3'
Driver info: org.openqa.selenium.chrome.ChromeDriver
Command: [b02a9a372bd859b833e5dc2ff98878c9, findElement {using=xpath, value=(//button[contains(@class, 'mat-mdc-menu-item')])[1]}]
Capabilities {acceptInsecureCerts: false, browserName: chrome, browserVersion: 132.0.6834.196, chrome: {chromedriverVersion: 132.0.6834.159 (2d77d3fc445..., userDataDir: C:\Users\INGRID~1.ZAD\AppDa...}, fedcm:accounts: true, goog:chromeOptions: {debuggerAddress: localhost:61939}, networkConnectionEnabled: false, pageLoadStrategy: normal, platformName: windows, proxy: Proxy(), se:cdp: ws://localhost:61939/devtoo..., se:cdpVersion: 132.0.6834.196, setWindowRect: true, strictFileInteractability: false, timeouts: {implicit: 0, pageLoad: 300000, script: 30000}, unhandledPromptBehavior: dismiss and notify, webauthn:extension:credBlob: true, webauthn:extension:largeBlob: true, webauthn:extension:minPinLength: true, webauthn:extension:prf: true, webauthn:virtualAuthenticators: true}
Session ID: b02a9a372bd859b833e5dc2ff98878c9
org.openqa.selenium.NoSuchSessionException: invalid session id: session deleted as the browser has closed the connection
from disconnected: unable to send message to renderer
  (Session info: chrome=132.0.6834.196)
Build info: version: '4.27.0', revision: 'd6e718d134'
System info: os.name: 'Windows 11', os.arch: 'amd64', os.version: '10.0', java.version: '21.0.3'
Driver info: org.openqa.selenium.chrome.ChromeDriver
Command: [b02a9a372bd859b833e5dc2ff98878c9, findElement {using=xpath, value=(//button[contains(@class, 'mat-mdc-menu-item')])[1]}]
Capabilities {acceptInsecureCerts: false, browserName: chrome, browserVersion: 132.0.6834.196, chrome: {chromedriverVersion: 132.0.6834.159 (2d77d3fc445..., userDataDir: C:\Users\INGRID~1.ZAD\AppDa...}, fedcm:accounts: true, goog:chromeOptions: {debuggerAddress: localhost:61939}, networkConnectionEnabled: false, pageLoadStrategy: normal, platformName: windows, proxy: Proxy(), se:cdp: ws://localhost:61939/devtoo..., se:cdpVersion: 132.0.6834.196, setWindowRect: true, strictFileInteractability: false, timeouts: {implicit: 0, pageLoad: 300000, script: 30000}, unhandledPromptBehavior: dismiss and notify, webauthn:extension:credBlob: true, webauthn:extension:largeBlob: true, webauthn:extension:minPinLength: true, webauthn:extension:prf: true, webauthn:virtualAuthenticators: true}
Session ID: b02a9a372bd859b833e5dc2ff98878c9
	at java.base/jdk.internal.reflect.DirectConstructorHandleAccessor.newInstance(DirectConstructorHandleAccessor.java:62)
	at java.base/java.lang.reflect.Constructor.newInstanceWithCaller(Constructor.java:502)
	at java.base/java.lang.reflect.Constructor.newInstance(Constructor.java:486)
	at org.openqa.selenium.remote.ErrorCodec.decode(ErrorCodec.java:167)
	at org.openqa.selenium.remote.codec.w3c.W3CHttpResponseCodec.decode(W3CHttpResponseCodec.java:138)
	at org.openqa.selenium.remote.codec.w3c.W3CHttpResponseCodec.decode(W3CHttpResponseCodec.java:50)
	at org.openqa.selenium.remote.HttpCommandExecutor.execute(HttpCommandExecutor.java:190)
	at org.openqa.selenium.remote.service.DriverCommandExecutor.invokeExecute(DriverCommandExecutor.java:216)
	at org.openqa.selenium.remote.service.DriverCommandExecutor.execute(DriverCommandExecutor.java:174)
	at org.openqa.selenium.remote.RemoteWebDriver.execute(RemoteWebDriver.java:545)
	at org.openqa.selenium.remote.ElementLocation$ElementFinder$2.findElement(ElementLocation.java:165)
	at org.openqa.selenium.remote.ElementLocation.findElement(ElementLocation.java:59)
	at org.openqa.selenium.remote.RemoteWebDriver.findElement(RemoteWebDriver.java:368)
	at org.openqa.selenium.remote.RemoteWebDriver.findElement(RemoteWebDriver.java:362)
	at org.openqa.selenium.support.pagefactory.DefaultElementLocator.findElement(DefaultElementLocator.java:68)
	at org.openqa.selenium.support.pagefactory.internal.LocatingElementHandler.invoke(LocatingElementHandler.java:38)
	at jdk.proxy2/jdk.proxy2.$Proxy14.click(Unknown Source)
	at lt.insoft.uztis.pages.SubmittedApplicationsPage.clickButtonAddEvaluators(SubmittedApplicationsPage.java:371)
	at lt.insoft.uztis.tests.SubmittedApplicationsPageTest.testAddAssessors(SubmittedApplicationsPageTest.java:482)
	at java.base/jdk.internal.reflect.DirectMethodHandleAccessor.invoke(DirectMethodHandleAccessor.java:103)
	at java.base/java.lang.reflect.Method.invoke(Method.java:580)
	at org.junit.platform.commons.util.ReflectionUtils.invokeMethod(ReflectionUtils.java:728)
	at org.junit.jupiter.engine.execution.MethodInvocation.proceed(MethodInvocation.java:60)
	at org.junit.jupiter.engine.execution.InvocationInterceptorChain$ValidatingInvocation.proceed(InvocationInterceptorChain.java:131)
	at org.junit.jupiter.engine.extension.TimeoutExtension.intercept(TimeoutExtension.java:156)
	at org.junit.jupiter.engine.extension.TimeoutExtension.interceptTestableMethod(TimeoutExtension.java:147)
	at org.junit.jupiter.engine.extension.TimeoutExtension.interceptTestMethod(TimeoutExtension.java:86)
	at org.junit.jupiter.engine.execution.InterceptingExecutableInvoker$ReflectiveInterceptorCall.lambda$ofVoidMethod$0(InterceptingExecutableInvoker.java:103)
	at org.junit.jupiter.engine.execution.InterceptingExecutableInvoker.lambda$invoke$0(InterceptingExecutableInvoker.java:93)
	at org.junit.jupiter.engine.execution.InvocationInterceptorChain$InterceptedInvocation.proceed(InvocationInterceptorChain.java:106)
	at org.junit.jupiter.engine.execution.InvocationInterceptorChain.proceed(InvocationInterceptorChain.java:64)
	at org.junit.jupiter.engine.execution.InvocationInterceptorChain.chainAndInvoke(InvocationInterceptorChain.java:45)
	at org.junit.jupiter.engine.execution.InvocationInterceptorChain.invoke(InvocationInterceptorChain.java:37)
	at org.junit.jupiter.engine.execution.InterceptingExecutableInvoker.invoke(InterceptingExecutableInvoker.java:92)
	at org.junit.jupiter.engine.execution.InterceptingExecutableInvoker.invoke(InterceptingExecutableInvoker.java:86)
	at org.junit.jupiter.engine.descriptor.TestMethodTestDescriptor.lambda$invokeTestMethod$7(TestMethodTestDescriptor.java:218)
	at org.junit.platform.engine.support.hierarchical.ThrowableCollector.execute(ThrowableCollector.java:73)
	at org.junit.jupiter.engine.descriptor.TestMethodTestDescriptor.invokeTestMethod(TestMethodTestDescriptor.java:214)
	at org.junit.jupiter.engine.descriptor.TestMethodTestDescriptor.execute(TestMethodTestDescriptor.java:139)
	at org.junit.jupiter.engine.descriptor.TestMethodTestDescriptor.execute(TestMethodTestDescriptor.java:69)
	at org.junit.platform.engine.support.hierarchical.NodeTestTask.lambda$executeRecursively$6(NodeTestTask.java:151)
	at org.junit.platform.engine.support.hierarchical.ThrowableCollector.execute(ThrowableCollector.java:73)
	at org.junit.platform.engine.support.hierarchical.NodeTestTask.lambda$executeRecursively$8(NodeTestTask.java:141)
	at org.junit.platform.engine.support.hierarchical.Node.around(Node.java:137)
	at org.junit.platform.engine.support.hierarchical.NodeTestTask.lambda$executeRecursively$9(NodeTestTask.java:139)
	at org.junit.platform.engine.support.hierarchical.ThrowableCollector.execute(ThrowableCollector.java:73)
	at org.junit.platform.engine.support.hierarchical.NodeTestTask.executeRecursively(NodeTestTask.java:138)
	at org.junit.platform.engine.support.hierarchical.NodeTestTask.execute(NodeTestTask.java:95)
	at java.base/java.util.ArrayList.forEach(ArrayList.java:1596)
	at org.junit.platform.engine.support.hierarchical.SameThreadHierarchicalTestExecutorService.invokeAll(SameThreadHierarchicalTestExecutorService.java:41)
	at org.junit.platform.engine.support.hierarchical.NodeTestTask.lambda$executeRecursively$6(NodeTestTask.java:155)
	at org.junit.platform.engine.support.hierarchical.ThrowableCollector.execute(ThrowableCollector.java:73)
	at org.junit.platform.engine.support.hierarchical.NodeTestTask.lambda$executeRecursively$8(NodeTestTask.java:141)
	at org.junit.platform.engine.support.hierarchical.Node.around(Node.java:137)
	at org.junit.platform.engine.support.hierarchical.NodeTestTask.lambda$executeRecursively$9(NodeTestTask.java:139)
	at org.junit.platform.engine.support.hierarchical.ThrowableCollector.execute(ThrowableCollector.java:73)
	at org.junit.platform.engine.support.hierarchical.NodeTestTask.executeRecursively(NodeTestTask.java:138)
	at org.junit.platform.engine.support.hierarchical.NodeTestTask.execute(NodeTestTask.java:95)
	at java.base/java.util.ArrayList.forEach(ArrayList.java:1596)
	at org.junit.platform.engine.support.hierarchical.SameThreadHierarchicalTestExecutorService.invokeAll(SameThreadHierarchicalTestExecutorService.java:41)
	at org.junit.platform.engine.support.hierarchical.NodeTestTask.lambda$executeRecursively$6(NodeTestTask.java:155)
	at org.junit.platform.engine.support.hierarchical.ThrowableCollector.execute(ThrowableCollector.java:73)
	at org.junit.platform.engine.support.hierarchical.NodeTestTask.lambda$executeRecursively$8(NodeTestTask.java:141)
	at org.junit.platform.engine.support.hierarchical.Node.around(Node.java:137)
	at org.junit.platform.engine.support.hierarchical.NodeTestTask.lambda$executeRecursively$9(NodeTestTask.java:139)
	at org.junit.platform.engine.support.hierarchical.ThrowableCollector.execute(ThrowableCollector.java:73)
	at org.junit.platform.engine.support.hierarchical.NodeTestTask.executeRecursively(NodeTestTask.java:138)
	at org.junit.platform.engine.support.hierarchical.NodeTestTask.execute(NodeTestTask.java:95)
	at org.junit.platform.engine.support.hierarchical.SameThreadHierarchicalTestExecutorService.submit(SameThreadHierarchicalTestExecutorService.java:35)
	at org.junit.platform.engine.support.hierarchical.HierarchicalTestExecutor.execute(HierarchicalTestExecutor.java:57)
	at org.junit.platform.engine.support.hierarchical.HierarchicalTestEngine.execute(HierarchicalTestEngine.java:54)
	at org.junit.platform.launcher.core.EngineExecutionOrchestrator.execute(EngineExecutionOrchestrator.java:198)
	at org.junit.platform.launcher.core.EngineExecutionOrchestrator.execute(EngineExecutionOrchestrator.java:169)
	at org.junit.platform.launcher.core.EngineExecutionOrchestrator.execute(EngineExecutionOrchestrator.java:93)
	at org.junit.platform.launcher.core.EngineExecutionOrchestrator.lambda$execute$0(EngineExecutionOrchestrator.java:58)
	at org.junit.platform.launcher.core.EngineExecutionOrchestrator.withInterceptedStreams(EngineExecutionOrchestrator.java:141)
	at org.junit.platform.launcher.core.EngineExecutionOrchestrator.execute(EngineExecutionOrchestrator.java:57)
	at org.junit.platform.launcher.core.DefaultLauncher.execute(DefaultLauncher.java:103)
	at org.junit.platform.launcher.core.DefaultLauncher.execute(DefaultLauncher.java:85)
	at org.junit.platform.launcher.core.DelegatingLauncher.execute(DelegatingLauncher.java:47)
	at org.junit.platform.launcher.core.SessionPerRequestLauncher.execute(SessionPerRequestLauncher.java:63)
	at com.intellij.junit5.JUnit5IdeaTestRunner.startRunnerWithArgs(JUnit5IdeaTestRunner.java:57)
	at com.intellij.rt.junit.IdeaTestRunner$Repeater$1.execute(IdeaTestRunner.java:38)
	at com.intellij.rt.execution.junit.TestsRepeater.repeat(TestsRepeater.java:11)
	at com.intellij.rt.junit.IdeaTestRunner$Repeater.startRunnerWithArgs(IdeaTestRunner.java:35)
	at com.intellij.rt.junit.JUnitStarter.prepareStreamsAndStart(JUnitStarter.java:232)
	at com.intellij.rt.junit.JUnitStarter.main(JUnitStarter.java:55)
2025-02-10 09:37:27 [main] INFO  lt.insoft.uztis.tests.UztisPageTest - Navigated to https://uztisdev.asseco.lt/home
2025-02-10 09:37:27 [main] INFO  l.i.u.t.SubmittedApplicationsPageTest - Starting test:'testAddEvaluators'
2025-02-10 09:37:27 [main] DEBUG l.i.u.t.SubmittedApplicationsPageTest - User logged in with test credentials.
2025-02-10 09:37:28 [main] DEBUG l.i.u.t.SubmittedApplicationsPageTest - Opened 'Application Processing' menu.
2025-02-10 09:37:28 [main] DEBUG l.i.u.t.SubmittedApplicationsPageTest - Clicked on 'Application Forms' menu.
2025-02-10 09:37:28 [main] DEBUG l.i.u.t.SubmittedApplicationsPageTest - Retrieved last description code text: 'TST-VUI-00'.
2025-02-10 09:37:28 [main] DEBUG l.i.u.t.SubmittedApplicationsPageTest - Clicked on 'Invitation' menu.
2025-02-10 09:37:29 [main] DEBUG l.i.u.t.SubmittedApplicationsPageTest - Selected application section by code: 'TST-VUI-00'.
2025-02-10 09:37:29 [main] DEBUG l.i.u.t.SubmittedApplicationsPageTest - Clicked 'Search' button.
2025-02-10 09:37:29 [main] DEBUG l.i.u.t.SubmittedApplicationsPageTest - Retrieved invitation code: ''.
2025-02-10 09:37:30 [main] DEBUG l.i.u.t.SubmittedApplicationsPageTest - Clicked on 'Submitted Applications' menu.
2025-02-10 09:37:31 [main] DEBUG l.i.u.t.SubmittedApplicationsPageTest - Selected invitation by code: 'TST-VUI-00'.
2025-02-10 09:37:31 [main] DEBUG l.i.u.t.SubmittedApplicationsPageTest - Invitation code inserted.
2025-02-10 09:37:31 [main] DEBUG l.i.u.t.SubmittedApplicationsPageTest - Clicked on 'Action Application' button.
2025-02-10 09:37:31 [main] DEBUG l.i.u.t.SubmittedApplicationsPageTest - Clicked on 'New Application' button.
2025-02-10 09:37:38 [main] ERROR l.i.u.t.SubmittedApplicationsPageTest - Test 'testAddEvaluators' failed with error: invalid session id: session deleted as the browser has closed the connection
from disconnected: unable to send message to renderer
  (Session info: chrome=132.0.6834.196)
Build info: version: '4.27.0', revision: 'd6e718d134'
System info: os.name: 'Windows 11', os.arch: 'amd64', os.version: '10.0', java.version: '21.0.3'
Driver info: org.openqa.selenium.chrome.ChromeDriver
Command: [800dfec1c16239810045aae6a89a4611, findElement {value=(//button[contains(@class, 'mat-mdc-menu-item')])[2], using=xpath}]
Capabilities {acceptInsecureCerts: false, browserName: chrome, browserVersion: 132.0.6834.196, chrome: {chromedriverVersion: 132.0.6834.159 (2d77d3fc445..., userDataDir: C:\Users\INGRID~1.ZAD\AppDa...}, fedcm:accounts: true, goog:chromeOptions: {debuggerAddress: localhost:62000}, networkConnectionEnabled: false, pageLoadStrategy: normal, platformName: windows, proxy: Proxy(), se:cdp: ws://localhost:62000/devtoo..., se:cdpVersion: 132.0.6834.196, setWindowRect: true, strictFileInteractability: false, timeouts: {implicit: 0, pageLoad: 300000, script: 30000}, unhandledPromptBehavior: dismiss and notify, webauthn:extension:credBlob: true, webauthn:extension:largeBlob: true, webauthn:extension:minPinLength: true, webauthn:extension:prf: true, webauthn:virtualAuthenticators: true}
Session ID: 800dfec1c16239810045aae6a89a4611
org.openqa.selenium.NoSuchSessionException: invalid session id: session deleted as the browser has closed the connection
from disconnected: unable to send message to renderer
  (Session info: chrome=132.0.6834.196)
Build info: version: '4.27.0', revision: 'd6e718d134'
System info: os.name: 'Windows 11', os.arch: 'amd64', os.version: '10.0', java.version: '21.0.3'
Driver info: org.openqa.selenium.chrome.ChromeDriver
Command: [800dfec1c16239810045aae6a89a4611, findElement {value=(//button[contains(@class, 'mat-mdc-menu-item')])[2], using=xpath}]
Capabilities {acceptInsecureCerts: false, browserName: chrome, browserVersion: 132.0.6834.196, chrome: {chromedriverVersion: 132.0.6834.159 (2d77d3fc445..., userDataDir: C:\Users\INGRID~1.ZAD\AppDa...}, fedcm:accounts: true, goog:chromeOptions: {debuggerAddress: localhost:62000}, networkConnectionEnabled: false, pageLoadStrategy: normal, platformName: windows, proxy: Proxy(), se:cdp: ws://localhost:62000/devtoo..., se:cdpVersion: 132.0.6834.196, setWindowRect: true, strictFileInteractability: false, timeouts: {implicit: 0, pageLoad: 300000, script: 30000}, unhandledPromptBehavior: dismiss and notify, webauthn:extension:credBlob: true, webauthn:extension:largeBlob: true, webauthn:extension:minPinLength: true, webauthn:extension:prf: true, webauthn:virtualAuthenticators: true}
Session ID: 800dfec1c16239810045aae6a89a4611
	at java.base/jdk.internal.reflect.DirectConstructorHandleAccessor.newInstance(DirectConstructorHandleAccessor.java:62)
	at java.base/java.lang.reflect.Constructor.newInstanceWithCaller(Constructor.java:502)
	at java.base/java.lang.reflect.Constructor.newInstance(Constructor.java:486)
	at org.openqa.selenium.remote.ErrorCodec.decode(ErrorCodec.java:167)
	at org.openqa.selenium.remote.codec.w3c.W3CHttpResponseCodec.decode(W3CHttpResponseCodec.java:138)
	at org.openqa.selenium.remote.codec.w3c.W3CHttpResponseCodec.decode(W3CHttpResponseCodec.java:50)
	at org.openqa.selenium.remote.HttpCommandExecutor.execute(HttpCommandExecutor.java:190)
	at org.openqa.selenium.remote.service.DriverCommandExecutor.invokeExecute(DriverCommandExecutor.java:216)
	at org.openqa.selenium.remote.service.DriverCommandExecutor.execute(DriverCommandExecutor.java:174)
	at org.openqa.selenium.remote.RemoteWebDriver.execute(RemoteWebDriver.java:545)
	at org.openqa.selenium.remote.ElementLocation$ElementFinder$2.findElement(ElementLocation.java:165)
	at org.openqa.selenium.remote.ElementLocation.findElement(ElementLocation.java:59)
	at org.openqa.selenium.remote.RemoteWebDriver.findElement(RemoteWebDriver.java:368)
	at org.openqa.selenium.remote.RemoteWebDriver.findElement(RemoteWebDriver.java:362)
	at org.openqa.selenium.support.pagefactory.DefaultElementLocator.findElement(DefaultElementLocator.java:68)
	at org.openqa.selenium.support.pagefactory.internal.LocatingElementHandler.invoke(LocatingElementHandler.java:38)
	at jdk.proxy2/jdk.proxy2.$Proxy14.click(Unknown Source)
	at lt.insoft.uztis.pages.SubmittedApplicationsPage.clickButtonAddEvaluators(SubmittedApplicationsPage.java:371)
	at lt.insoft.uztis.tests.SubmittedApplicationsPageTest.testAddEvaluators(SubmittedApplicationsPageTest.java:482)
	at java.base/jdk.internal.reflect.DirectMethodHandleAccessor.invoke(DirectMethodHandleAccessor.java:103)
	at java.base/java.lang.reflect.Method.invoke(Method.java:580)
	at org.junit.platform.commons.util.ReflectionUtils.invokeMethod(ReflectionUtils.java:728)
	at org.junit.jupiter.engine.execution.MethodInvocation.proceed(MethodInvocation.java:60)
	at org.junit.jupiter.engine.execution.InvocationInterceptorChain$ValidatingInvocation.proceed(InvocationInterceptorChain.java:131)
	at org.junit.jupiter.engine.extension.TimeoutExtension.intercept(TimeoutExtension.java:156)
	at org.junit.jupiter.engine.extension.TimeoutExtension.interceptTestableMethod(TimeoutExtension.java:147)
	at org.junit.jupiter.engine.extension.TimeoutExtension.interceptTestMethod(TimeoutExtension.java:86)
	at org.junit.jupiter.engine.execution.InterceptingExecutableInvoker$ReflectiveInterceptorCall.lambda$ofVoidMethod$0(InterceptingExecutableInvoker.java:103)
	at org.junit.jupiter.engine.execution.InterceptingExecutableInvoker.lambda$invoke$0(InterceptingExecutableInvoker.java:93)
	at org.junit.jupiter.engine.execution.InvocationInterceptorChain$InterceptedInvocation.proceed(InvocationInterceptorChain.java:106)
	at org.junit.jupiter.engine.execution.InvocationInterceptorChain.proceed(InvocationInterceptorChain.java:64)
	at org.junit.jupiter.engine.execution.InvocationInterceptorChain.chainAndInvoke(InvocationInterceptorChain.java:45)
	at org.junit.jupiter.engine.execution.InvocationInterceptorChain.invoke(InvocationInterceptorChain.java:37)
	at org.junit.jupiter.engine.execution.InterceptingExecutableInvoker.invoke(InterceptingExecutableInvoker.java:92)
	at org.junit.jupiter.engine.execution.InterceptingExecutableInvoker.invoke(InterceptingExecutableInvoker.java:86)
	at org.junit.jupiter.engine.descriptor.TestMethodTestDescriptor.lambda$invokeTestMethod$7(TestMethodTestDescriptor.java:218)
	at org.junit.platform.engine.support.hierarchical.ThrowableCollector.execute(ThrowableCollector.java:73)
	at org.junit.jupiter.engine.descriptor.TestMethodTestDescriptor.invokeTestMethod(TestMethodTestDescriptor.java:214)
	at org.junit.jupiter.engine.descriptor.TestMethodTestDescriptor.execute(TestMethodTestDescriptor.java:139)
	at org.junit.jupiter.engine.descriptor.TestMethodTestDescriptor.execute(TestMethodTestDescriptor.java:69)
	at org.junit.platform.engine.support.hierarchical.NodeTestTask.lambda$executeRecursively$6(NodeTestTask.java:151)
	at org.junit.platform.engine.support.hierarchical.ThrowableCollector.execute(ThrowableCollector.java:73)
	at org.junit.platform.engine.support.hierarchical.NodeTestTask.lambda$executeRecursively$8(NodeTestTask.java:141)
	at org.junit.platform.engine.support.hierarchical.Node.around(Node.java:137)
	at org.junit.platform.engine.support.hierarchical.NodeTestTask.lambda$executeRecursively$9(NodeTestTask.java:139)
	at org.junit.platform.engine.support.hierarchical.ThrowableCollector.execute(ThrowableCollector.java:73)
	at org.junit.platform.engine.support.hierarchical.NodeTestTask.executeRecursively(NodeTestTask.java:138)
	at org.junit.platform.engine.support.hierarchical.NodeTestTask.execute(NodeTestTask.java:95)
	at java.base/java.util.ArrayList.forEach(ArrayList.java:1596)
	at org.junit.platform.engine.support.hierarchical.SameThreadHierarchicalTestExecutorService.invokeAll(SameThreadHierarchicalTestExecutorService.java:41)
	at org.junit.platform.engine.support.hierarchical.NodeTestTask.lambda$executeRecursively$6(NodeTestTask.java:155)
	at org.junit.platform.engine.support.hierarchical.ThrowableCollector.execute(ThrowableCollector.java:73)
	at org.junit.platform.engine.support.hierarchical.NodeTestTask.lambda$executeRecursively$8(NodeTestTask.java:141)
	at org.junit.platform.engine.support.hierarchical.Node.around(Node.java:137)
	at org.junit.platform.engine.support.hierarchical.NodeTestTask.lambda$executeRecursively$9(NodeTestTask.java:139)
	at org.junit.platform.engine.support.hierarchical.ThrowableCollector.execute(ThrowableCollector.java:73)
	at org.junit.platform.engine.support.hierarchical.NodeTestTask.executeRecursively(NodeTestTask.java:138)
	at org.junit.platform.engine.support.hierarchical.NodeTestTask.execute(NodeTestTask.java:95)
	at java.base/java.util.ArrayList.forEach(ArrayList.java:1596)
	at org.junit.platform.engine.support.hierarchical.SameThreadHierarchicalTestExecutorService.invokeAll(SameThreadHierarchicalTestExecutorService.java:41)
	at org.junit.platform.engine.support.hierarchical.NodeTestTask.lambda$executeRecursively$6(NodeTestTask.java:155)
	at org.junit.platform.engine.support.hierarchical.ThrowableCollector.execute(ThrowableCollector.java:73)
	at org.junit.platform.engine.support.hierarchical.NodeTestTask.lambda$executeRecursively$8(NodeTestTask.java:141)
	at org.junit.platform.engine.support.hierarchical.Node.around(Node.java:137)
	at org.junit.platform.engine.support.hierarchical.NodeTestTask.lambda$executeRecursively$9(NodeTestTask.java:139)
	at org.junit.platform.engine.support.hierarchical.ThrowableCollector.execute(ThrowableCollector.java:73)
	at org.junit.platform.engine.support.hierarchical.NodeTestTask.executeRecursively(NodeTestTask.java:138)
	at org.junit.platform.engine.support.hierarchical.NodeTestTask.execute(NodeTestTask.java:95)
	at org.junit.platform.engine.support.hierarchical.SameThreadHierarchicalTestExecutorService.submit(SameThreadHierarchicalTestExecutorService.java:35)
	at org.junit.platform.engine.support.hierarchical.HierarchicalTestExecutor.execute(HierarchicalTestExecutor.java:57)
	at org.junit.platform.engine.support.hierarchical.HierarchicalTestEngine.execute(HierarchicalTestEngine.java:54)
	at org.junit.platform.launcher.core.EngineExecutionOrchestrator.execute(EngineExecutionOrchestrator.java:198)
	at org.junit.platform.launcher.core.EngineExecutionOrchestrator.execute(EngineExecutionOrchestrator.java:169)
	at org.junit.platform.launcher.core.EngineExecutionOrchestrator.execute(EngineExecutionOrchestrator.java:93)
	at org.junit.platform.launcher.core.EngineExecutionOrchestrator.lambda$execute$0(EngineExecutionOrchestrator.java:58)
	at org.junit.platform.launcher.core.EngineExecutionOrchestrator.withInterceptedStreams(EngineExecutionOrchestrator.java:141)
	at org.junit.platform.launcher.core.EngineExecutionOrchestrator.execute(EngineExecutionOrchestrator.java:57)
	at org.junit.platform.launcher.core.DefaultLauncher.execute(DefaultLauncher.java:103)
	at org.junit.platform.launcher.core.DefaultLauncher.execute(DefaultLauncher.java:85)
	at org.junit.platform.launcher.core.DelegatingLauncher.execute(DelegatingLauncher.java:47)
	at org.junit.platform.launcher.core.SessionPerRequestLauncher.execute(SessionPerRequestLauncher.java:63)
	at com.intellij.junit5.JUnit5IdeaTestRunner.startRunnerWithArgs(JUnit5IdeaTestRunner.java:57)
	at com.intellij.rt.junit.IdeaTestRunner$Repeater$1.execute(IdeaTestRunner.java:38)
	at com.intellij.rt.execution.junit.TestsRepeater.repeat(TestsRepeater.java:11)
	at com.intellij.rt.junit.IdeaTestRunner$Repeater.startRunnerWithArgs(IdeaTestRunner.java:35)
	at com.intellij.rt.junit.JUnitStarter.prepareStreamsAndStart(JUnitStarter.java:232)
	at com.intellij.rt.junit.JUnitStarter.main(JUnitStarter.java:55)
2025-02-10 09:39:08 [main] INFO  lt.insoft.uztis.tests.UztisPageTest - Navigated to https://uztisdev.asseco.lt/home
2025-02-10 09:39:08 [main] INFO  l.i.u.t.SubmittedApplicationsPageTest - Starting test:'testAddEvaluators'
2025-02-10 09:39:09 [main] DEBUG l.i.u.t.SubmittedApplicationsPageTest - User logged in with test credentials.
2025-02-10 09:39:09 [main] DEBUG l.i.u.t.SubmittedApplicationsPageTest - Opened 'Application Processing' menu.
2025-02-10 09:39:09 [main] DEBUG l.i.u.t.SubmittedApplicationsPageTest - Clicked on 'Application Forms' menu.
2025-02-10 09:39:10 [main] DEBUG l.i.u.t.SubmittedApplicationsPageTest - Retrieved last description code text: 'TST-VUI-00'.
2025-02-10 09:39:10 [main] DEBUG l.i.u.t.SubmittedApplicationsPageTest - Clicked on 'Invitation' menu.
2025-02-10 09:39:11 [main] DEBUG l.i.u.t.SubmittedApplicationsPageTest - Selected application section by code: 'TST-VUI-00'.
2025-02-10 09:39:11 [main] DEBUG l.i.u.t.SubmittedApplicationsPageTest - Clicked 'Search' button.
2025-02-10 09:39:11 [main] DEBUG l.i.u.t.SubmittedApplicationsPageTest - Retrieved invitation code: ''.
2025-02-10 09:39:11 [main] DEBUG l.i.u.t.SubmittedApplicationsPageTest - Clicked on 'Submitted Applications' menu.
2025-02-10 09:39:12 [main] DEBUG l.i.u.t.SubmittedApplicationsPageTest - Selected invitation by code: 'TST-VUI-00'.
2025-02-10 09:39:12 [main] DEBUG l.i.u.t.SubmittedApplicationsPageTest - Invitation code inserted.
2025-02-10 09:39:12 [main] DEBUG l.i.u.t.SubmittedApplicationsPageTest - Clicked on 'Action Application' button.
2025-02-10 09:39:13 [main] DEBUG l.i.u.t.SubmittedApplicationsPageTest - Clicked on 'New Application' button.
2025-02-10 09:39:17 [main] ERROR l.i.u.t.SubmittedApplicationsPageTest - Test 'testAddEvaluators' failed with error: invalid session id: session deleted as the browser has closed the connection
from disconnected: unable to send message to renderer
  (Session info: chrome=132.0.6834.196)
Build info: version: '4.27.0', revision: 'd6e718d134'
System info: os.name: 'Windows 11', os.arch: 'amd64', os.version: '10.0', java.version: '21.0.3'
Driver info: org.openqa.selenium.chrome.ChromeDriver
Command: [b2ea9422e4552cf9c060abefa058a18a, findElement {value=//div[@role='menu']//button[span[contains(text(), 'Priskirti vertintojus')]], using=xpath}]
Capabilities {acceptInsecureCerts: false, browserName: chrome, browserVersion: 132.0.6834.196, chrome: {chromedriverVersion: 132.0.6834.159 (2d77d3fc445..., userDataDir: C:\Users\INGRID~1.ZAD\AppDa...}, fedcm:accounts: true, goog:chromeOptions: {debuggerAddress: localhost:62075}, networkConnectionEnabled: false, pageLoadStrategy: normal, platformName: windows, proxy: Proxy(), se:cdp: ws://localhost:62075/devtoo..., se:cdpVersion: 132.0.6834.196, setWindowRect: true, strictFileInteractability: false, timeouts: {implicit: 0, pageLoad: 300000, script: 30000}, unhandledPromptBehavior: dismiss and notify, webauthn:extension:credBlob: true, webauthn:extension:largeBlob: true, webauthn:extension:minPinLength: true, webauthn:extension:prf: true, webauthn:virtualAuthenticators: true}
Session ID: b2ea9422e4552cf9c060abefa058a18a
org.openqa.selenium.NoSuchSessionException: invalid session id: session deleted as the browser has closed the connection
from disconnected: unable to send message to renderer
  (Session info: chrome=132.0.6834.196)
Build info: version: '4.27.0', revision: 'd6e718d134'
System info: os.name: 'Windows 11', os.arch: 'amd64', os.version: '10.0', java.version: '21.0.3'
Driver info: org.openqa.selenium.chrome.ChromeDriver
Command: [b2ea9422e4552cf9c060abefa058a18a, findElement {value=//div[@role='menu']//button[span[contains(text(), 'Priskirti vertintojus')]], using=xpath}]
Capabilities {acceptInsecureCerts: false, browserName: chrome, browserVersion: 132.0.6834.196, chrome: {chromedriverVersion: 132.0.6834.159 (2d77d3fc445..., userDataDir: C:\Users\INGRID~1.ZAD\AppDa...}, fedcm:accounts: true, goog:chromeOptions: {debuggerAddress: localhost:62075}, networkConnectionEnabled: false, pageLoadStrategy: normal, platformName: windows, proxy: Proxy(), se:cdp: ws://localhost:62075/devtoo..., se:cdpVersion: 132.0.6834.196, setWindowRect: true, strictFileInteractability: false, timeouts: {implicit: 0, pageLoad: 300000, script: 30000}, unhandledPromptBehavior: dismiss and notify, webauthn:extension:credBlob: true, webauthn:extension:largeBlob: true, webauthn:extension:minPinLength: true, webauthn:extension:prf: true, webauthn:virtualAuthenticators: true}
Session ID: b2ea9422e4552cf9c060abefa058a18a
	at java.base/jdk.internal.reflect.DirectConstructorHandleAccessor.newInstance(DirectConstructorHandleAccessor.java:62)
	at java.base/java.lang.reflect.Constructor.newInstanceWithCaller(Constructor.java:502)
	at java.base/java.lang.reflect.Constructor.newInstance(Constructor.java:486)
	at org.openqa.selenium.remote.ErrorCodec.decode(ErrorCodec.java:167)
	at org.openqa.selenium.remote.codec.w3c.W3CHttpResponseCodec.decode(W3CHttpResponseCodec.java:138)
	at org.openqa.selenium.remote.codec.w3c.W3CHttpResponseCodec.decode(W3CHttpResponseCodec.java:50)
	at org.openqa.selenium.remote.HttpCommandExecutor.execute(HttpCommandExecutor.java:190)
	at org.openqa.selenium.remote.service.DriverCommandExecutor.invokeExecute(DriverCommandExecutor.java:216)
	at org.openqa.selenium.remote.service.DriverCommandExecutor.execute(DriverCommandExecutor.java:174)
	at org.openqa.selenium.remote.RemoteWebDriver.execute(RemoteWebDriver.java:545)
	at org.openqa.selenium.remote.ElementLocation$ElementFinder$2.findElement(ElementLocation.java:165)
	at org.openqa.selenium.remote.ElementLocation.findElement(ElementLocation.java:59)
	at org.openqa.selenium.remote.RemoteWebDriver.findElement(RemoteWebDriver.java:368)
	at org.openqa.selenium.remote.RemoteWebDriver.findElement(RemoteWebDriver.java:362)
	at org.openqa.selenium.support.pagefactory.DefaultElementLocator.findElement(DefaultElementLocator.java:68)
	at org.openqa.selenium.support.pagefactory.internal.LocatingElementHandler.invoke(LocatingElementHandler.java:38)
	at jdk.proxy2/jdk.proxy2.$Proxy14.click(Unknown Source)
	at lt.insoft.uztis.pages.SubmittedApplicationsPage.clickButtonAddEvaluators(SubmittedApplicationsPage.java:371)
	at lt.insoft.uztis.tests.SubmittedApplicationsPageTest.testAddEvaluators(SubmittedApplicationsPageTest.java:482)
	at java.base/jdk.internal.reflect.DirectMethodHandleAccessor.invoke(DirectMethodHandleAccessor.java:103)
	at java.base/java.lang.reflect.Method.invoke(Method.java:580)
	at org.junit.platform.commons.util.ReflectionUtils.invokeMethod(ReflectionUtils.java:728)
	at org.junit.jupiter.engine.execution.MethodInvocation.proceed(MethodInvocation.java:60)
	at org.junit.jupiter.engine.execution.InvocationInterceptorChain$ValidatingInvocation.proceed(InvocationInterceptorChain.java:131)
	at org.junit.jupiter.engine.extension.TimeoutExtension.intercept(TimeoutExtension.java:156)
	at org.junit.jupiter.engine.extension.TimeoutExtension.interceptTestableMethod(TimeoutExtension.java:147)
	at org.junit.jupiter.engine.extension.TimeoutExtension.interceptTestMethod(TimeoutExtension.java:86)
	at org.junit.jupiter.engine.execution.InterceptingExecutableInvoker$ReflectiveInterceptorCall.lambda$ofVoidMethod$0(InterceptingExecutableInvoker.java:103)
	at org.junit.jupiter.engine.execution.InterceptingExecutableInvoker.lambda$invoke$0(InterceptingExecutableInvoker.java:93)
	at org.junit.jupiter.engine.execution.InvocationInterceptorChain$InterceptedInvocation.proceed(InvocationInterceptorChain.java:106)
	at org.junit.jupiter.engine.execution.InvocationInterceptorChain.proceed(InvocationInterceptorChain.java:64)
	at org.junit.jupiter.engine.execution.InvocationInterceptorChain.chainAndInvoke(InvocationInterceptorChain.java:45)
	at org.junit.jupiter.engine.execution.InvocationInterceptorChain.invoke(InvocationInterceptorChain.java:37)
	at org.junit.jupiter.engine.execution.InterceptingExecutableInvoker.invoke(InterceptingExecutableInvoker.java:92)
	at org.junit.jupiter.engine.execution.InterceptingExecutableInvoker.invoke(InterceptingExecutableInvoker.java:86)
	at org.junit.jupiter.engine.descriptor.TestMethodTestDescriptor.lambda$invokeTestMethod$7(TestMethodTestDescriptor.java:218)
	at org.junit.platform.engine.support.hierarchical.ThrowableCollector.execute(ThrowableCollector.java:73)
	at org.junit.jupiter.engine.descriptor.TestMethodTestDescriptor.invokeTestMethod(TestMethodTestDescriptor.java:214)
	at org.junit.jupiter.engine.descriptor.TestMethodTestDescriptor.execute(TestMethodTestDescriptor.java:139)
	at org.junit.jupiter.engine.descriptor.TestMethodTestDescriptor.execute(TestMethodTestDescriptor.java:69)
	at org.junit.platform.engine.support.hierarchical.NodeTestTask.lambda$executeRecursively$6(NodeTestTask.java:151)
	at org.junit.platform.engine.support.hierarchical.ThrowableCollector.execute(ThrowableCollector.java:73)
	at org.junit.platform.engine.support.hierarchical.NodeTestTask.lambda$executeRecursively$8(NodeTestTask.java:141)
	at org.junit.platform.engine.support.hierarchical.Node.around(Node.java:137)
	at org.junit.platform.engine.support.hierarchical.NodeTestTask.lambda$executeRecursively$9(NodeTestTask.java:139)
	at org.junit.platform.engine.support.hierarchical.ThrowableCollector.execute(ThrowableCollector.java:73)
	at org.junit.platform.engine.support.hierarchical.NodeTestTask.executeRecursively(NodeTestTask.java:138)
	at org.junit.platform.engine.support.hierarchical.NodeTestTask.execute(NodeTestTask.java:95)
	at java.base/java.util.ArrayList.forEach(ArrayList.java:1596)
	at org.junit.platform.engine.support.hierarchical.SameThreadHierarchicalTestExecutorService.invokeAll(SameThreadHierarchicalTestExecutorService.java:41)
	at org.junit.platform.engine.support.hierarchical.NodeTestTask.lambda$executeRecursively$6(NodeTestTask.java:155)
	at org.junit.platform.engine.support.hierarchical.ThrowableCollector.execute(ThrowableCollector.java:73)
	at org.junit.platform.engine.support.hierarchical.NodeTestTask.lambda$executeRecursively$8(NodeTestTask.java:141)
	at org.junit.platform.engine.support.hierarchical.Node.around(Node.java:137)
	at org.junit.platform.engine.support.hierarchical.NodeTestTask.lambda$executeRecursively$9(NodeTestTask.java:139)
	at org.junit.platform.engine.support.hierarchical.ThrowableCollector.execute(ThrowableCollector.java:73)
	at org.junit.platform.engine.support.hierarchical.NodeTestTask.executeRecursively(NodeTestTask.java:138)
	at org.junit.platform.engine.support.hierarchical.NodeTestTask.execute(NodeTestTask.java:95)
	at java.base/java.util.ArrayList.forEach(ArrayList.java:1596)
	at org.junit.platform.engine.support.hierarchical.SameThreadHierarchicalTestExecutorService.invokeAll(SameThreadHierarchicalTestExecutorService.java:41)
	at org.junit.platform.engine.support.hierarchical.NodeTestTask.lambda$executeRecursively$6(NodeTestTask.java:155)
	at org.junit.platform.engine.support.hierarchical.ThrowableCollector.execute(ThrowableCollector.java:73)
	at org.junit.platform.engine.support.hierarchical.NodeTestTask.lambda$executeRecursively$8(NodeTestTask.java:141)
	at org.junit.platform.engine.support.hierarchical.Node.around(Node.java:137)
	at org.junit.platform.engine.support.hierarchical.NodeTestTask.lambda$executeRecursively$9(NodeTestTask.java:139)
	at org.junit.platform.engine.support.hierarchical.ThrowableCollector.execute(ThrowableCollector.java:73)
	at org.junit.platform.engine.support.hierarchical.NodeTestTask.executeRecursively(NodeTestTask.java:138)
	at org.junit.platform.engine.support.hierarchical.NodeTestTask.execute(NodeTestTask.java:95)
	at org.junit.platform.engine.support.hierarchical.SameThreadHierarchicalTestExecutorService.submit(SameThreadHierarchicalTestExecutorService.java:35)
	at org.junit.platform.engine.support.hierarchical.HierarchicalTestExecutor.execute(HierarchicalTestExecutor.java:57)
	at org.junit.platform.engine.support.hierarchical.HierarchicalTestEngine.execute(HierarchicalTestEngine.java:54)
	at org.junit.platform.launcher.core.EngineExecutionOrchestrator.execute(EngineExecutionOrchestrator.java:198)
	at org.junit.platform.launcher.core.EngineExecutionOrchestrator.execute(EngineExecutionOrchestrator.java:169)
	at org.junit.platform.launcher.core.EngineExecutionOrchestrator.execute(EngineExecutionOrchestrator.java:93)
	at org.junit.platform.launcher.core.EngineExecutionOrchestrator.lambda$execute$0(EngineExecutionOrchestrator.java:58)
	at org.junit.platform.launcher.core.EngineExecutionOrchestrator.withInterceptedStreams(EngineExecutionOrchestrator.java:141)
	at org.junit.platform.launcher.core.EngineExecutionOrchestrator.execute(EngineExecutionOrchestrator.java:57)
	at org.junit.platform.launcher.core.DefaultLauncher.execute(DefaultLauncher.java:103)
	at org.junit.platform.launcher.core.DefaultLauncher.execute(DefaultLauncher.java:85)
	at org.junit.platform.launcher.core.DelegatingLauncher.execute(DelegatingLauncher.java:47)
	at org.junit.platform.launcher.core.SessionPerRequestLauncher.execute(SessionPerRequestLauncher.java:63)
	at com.intellij.junit5.JUnit5IdeaTestRunner.startRunnerWithArgs(JUnit5IdeaTestRunner.java:57)
	at com.intellij.rt.junit.IdeaTestRunner$Repeater$1.execute(IdeaTestRunner.java:38)
	at com.intellij.rt.execution.junit.TestsRepeater.repeat(TestsRepeater.java:11)
	at com.intellij.rt.junit.IdeaTestRunner$Repeater.startRunnerWithArgs(IdeaTestRunner.java:35)
	at com.intellij.rt.junit.JUnitStarter.prepareStreamsAndStart(JUnitStarter.java:232)
	at com.intellij.rt.junit.JUnitStarter.main(JUnitStarter.java:55)
2025-02-10 09:40:26 [main] INFO  lt.insoft.uztis.tests.UztisPageTest - Navigated to https://uztisdev.asseco.lt/home
2025-02-10 09:40:26 [main] INFO  l.i.u.t.SubmittedApplicationsPageTest - Starting test:'testAddEvaluators'
2025-02-10 09:40:26 [main] DEBUG l.i.u.t.SubmittedApplicationsPageTest - User logged in with test credentials.
2025-02-10 09:40:26 [main] DEBUG l.i.u.t.SubmittedApplicationsPageTest - Opened 'Application Processing' menu.
2025-02-10 09:40:27 [main] DEBUG l.i.u.t.SubmittedApplicationsPageTest - Clicked on 'Application Forms' menu.
2025-02-10 09:40:27 [main] DEBUG l.i.u.t.SubmittedApplicationsPageTest - Retrieved last description code text: 'TST-VUI-00'.
2025-02-10 09:40:27 [main] DEBUG l.i.u.t.SubmittedApplicationsPageTest - Clicked on 'Invitation' menu.
2025-02-10 09:40:28 [main] DEBUG l.i.u.t.SubmittedApplicationsPageTest - Selected application section by code: 'TST-VUI-00'.
2025-02-10 09:40:28 [main] DEBUG l.i.u.t.SubmittedApplicationsPageTest - Clicked 'Search' button.
2025-02-10 09:40:28 [main] DEBUG l.i.u.t.SubmittedApplicationsPageTest - Retrieved invitation code: ''.
2025-02-10 09:40:28 [main] DEBUG l.i.u.t.SubmittedApplicationsPageTest - Clicked on 'Submitted Applications' menu.
2025-02-10 09:40:29 [main] DEBUG l.i.u.t.SubmittedApplicationsPageTest - Selected invitation by code: 'TST-VUI-00'.
2025-02-10 09:40:29 [main] DEBUG l.i.u.t.SubmittedApplicationsPageTest - Invitation code inserted.
2025-02-10 09:40:29 [main] DEBUG l.i.u.t.SubmittedApplicationsPageTest - Clicked on 'Action Application' button.
2025-02-10 09:40:30 [main] DEBUG l.i.u.t.SubmittedApplicationsPageTest - Clicked on 'New Application' button.
2025-02-10 09:40:38 [main] ERROR l.i.u.t.SubmittedApplicationsPageTest - Test 'testAddEvaluators' failed with error: invalid session id: session deleted as the browser has closed the connection
from disconnected: unable to send message to renderer
  (Session info: chrome=132.0.6834.196)
Build info: version: '4.27.0', revision: 'd6e718d134'
System info: os.name: 'Windows 11', os.arch: 'amd64', os.version: '10.0', java.version: '21.0.3'
Driver info: org.openqa.selenium.chrome.ChromeDriver
Command: [25429d82aebc107a6c119ba7905122d5, findElement {value=(//button[contains(@class, 'mat-mdc-menu-item')])[0], using=xpath}]
Capabilities {acceptInsecureCerts: false, browserName: chrome, browserVersion: 132.0.6834.196, chrome: {chromedriverVersion: 132.0.6834.159 (2d77d3fc445..., userDataDir: C:\Users\INGRID~1.ZAD\AppDa...}, fedcm:accounts: true, goog:chromeOptions: {debuggerAddress: localhost:62130}, networkConnectionEnabled: false, pageLoadStrategy: normal, platformName: windows, proxy: Proxy(), se:cdp: ws://localhost:62130/devtoo..., se:cdpVersion: 132.0.6834.196, setWindowRect: true, strictFileInteractability: false, timeouts: {implicit: 0, pageLoad: 300000, script: 30000}, unhandledPromptBehavior: dismiss and notify, webauthn:extension:credBlob: true, webauthn:extension:largeBlob: true, webauthn:extension:minPinLength: true, webauthn:extension:prf: true, webauthn:virtualAuthenticators: true}
Session ID: 25429d82aebc107a6c119ba7905122d5
org.openqa.selenium.NoSuchSessionException: invalid session id: session deleted as the browser has closed the connection
from disconnected: unable to send message to renderer
  (Session info: chrome=132.0.6834.196)
Build info: version: '4.27.0', revision: 'd6e718d134'
System info: os.name: 'Windows 11', os.arch: 'amd64', os.version: '10.0', java.version: '21.0.3'
Driver info: org.openqa.selenium.chrome.ChromeDriver
Command: [25429d82aebc107a6c119ba7905122d5, findElement {value=(//button[contains(@class, 'mat-mdc-menu-item')])[0], using=xpath}]
Capabilities {acceptInsecureCerts: false, browserName: chrome, browserVersion: 132.0.6834.196, chrome: {chromedriverVersion: 132.0.6834.159 (2d77d3fc445..., userDataDir: C:\Users\INGRID~1.ZAD\AppDa...}, fedcm:accounts: true, goog:chromeOptions: {debuggerAddress: localhost:62130}, networkConnectionEnabled: false, pageLoadStrategy: normal, platformName: windows, proxy: Proxy(), se:cdp: ws://localhost:62130/devtoo..., se:cdpVersion: 132.0.6834.196, setWindowRect: true, strictFileInteractability: false, timeouts: {implicit: 0, pageLoad: 300000, script: 30000}, unhandledPromptBehavior: dismiss and notify, webauthn:extension:credBlob: true, webauthn:extension:largeBlob: true, webauthn:extension:minPinLength: true, webauthn:extension:prf: true, webauthn:virtualAuthenticators: true}
Session ID: 25429d82aebc107a6c119ba7905122d5
	at java.base/jdk.internal.reflect.DirectConstructorHandleAccessor.newInstance(DirectConstructorHandleAccessor.java:62)
	at java.base/java.lang.reflect.Constructor.newInstanceWithCaller(Constructor.java:502)
	at java.base/java.lang.reflect.Constructor.newInstance(Constructor.java:486)
	at org.openqa.selenium.remote.ErrorCodec.decode(ErrorCodec.java:167)
	at org.openqa.selenium.remote.codec.w3c.W3CHttpResponseCodec.decode(W3CHttpResponseCodec.java:138)
	at org.openqa.selenium.remote.codec.w3c.W3CHttpResponseCodec.decode(W3CHttpResponseCodec.java:50)
	at org.openqa.selenium.remote.HttpCommandExecutor.execute(HttpCommandExecutor.java:190)
	at org.openqa.selenium.remote.service.DriverCommandExecutor.invokeExecute(DriverCommandExecutor.java:216)
	at org.openqa.selenium.remote.service.DriverCommandExecutor.execute(DriverCommandExecutor.java:174)
	at org.openqa.selenium.remote.RemoteWebDriver.execute(RemoteWebDriver.java:545)
	at org.openqa.selenium.remote.ElementLocation$ElementFinder$2.findElement(ElementLocation.java:165)
	at org.openqa.selenium.remote.ElementLocation.findElement(ElementLocation.java:59)
	at org.openqa.selenium.remote.RemoteWebDriver.findElement(RemoteWebDriver.java:368)
	at org.openqa.selenium.remote.RemoteWebDriver.findElement(RemoteWebDriver.java:362)
	at org.openqa.selenium.support.pagefactory.DefaultElementLocator.findElement(DefaultElementLocator.java:68)
	at org.openqa.selenium.support.pagefactory.internal.LocatingElementHandler.invoke(LocatingElementHandler.java:38)
	at jdk.proxy2/jdk.proxy2.$Proxy14.click(Unknown Source)
	at lt.insoft.uztis.pages.SubmittedApplicationsPage.clickButtonAddEvaluators(SubmittedApplicationsPage.java:371)
	at lt.insoft.uztis.tests.SubmittedApplicationsPageTest.testAddEvaluators(SubmittedApplicationsPageTest.java:482)
	at java.base/jdk.internal.reflect.DirectMethodHandleAccessor.invoke(DirectMethodHandleAccessor.java:103)
	at java.base/java.lang.reflect.Method.invoke(Method.java:580)
	at org.junit.platform.commons.util.ReflectionUtils.invokeMethod(ReflectionUtils.java:728)
	at org.junit.jupiter.engine.execution.MethodInvocation.proceed(MethodInvocation.java:60)
	at org.junit.jupiter.engine.execution.InvocationInterceptorChain$ValidatingInvocation.proceed(InvocationInterceptorChain.java:131)
	at org.junit.jupiter.engine.extension.TimeoutExtension.intercept(TimeoutExtension.java:156)
	at org.junit.jupiter.engine.extension.TimeoutExtension.interceptTestableMethod(TimeoutExtension.java:147)
	at org.junit.jupiter.engine.extension.TimeoutExtension.interceptTestMethod(TimeoutExtension.java:86)
	at org.junit.jupiter.engine.execution.InterceptingExecutableInvoker$ReflectiveInterceptorCall.lambda$ofVoidMethod$0(InterceptingExecutableInvoker.java:103)
	at org.junit.jupiter.engine.execution.InterceptingExecutableInvoker.lambda$invoke$0(InterceptingExecutableInvoker.java:93)
	at org.junit.jupiter.engine.execution.InvocationInterceptorChain$InterceptedInvocation.proceed(InvocationInterceptorChain.java:106)
	at org.junit.jupiter.engine.execution.InvocationInterceptorChain.proceed(InvocationInterceptorChain.java:64)
	at org.junit.jupiter.engine.execution.InvocationInterceptorChain.chainAndInvoke(InvocationInterceptorChain.java:45)
	at org.junit.jupiter.engine.execution.InvocationInterceptorChain.invoke(InvocationInterceptorChain.java:37)
	at org.junit.jupiter.engine.execution.InterceptingExecutableInvoker.invoke(InterceptingExecutableInvoker.java:92)
	at org.junit.jupiter.engine.execution.InterceptingExecutableInvoker.invoke(InterceptingExecutableInvoker.java:86)
	at org.junit.jupiter.engine.descriptor.TestMethodTestDescriptor.lambda$invokeTestMethod$7(TestMethodTestDescriptor.java:218)
	at org.junit.platform.engine.support.hierarchical.ThrowableCollector.execute(ThrowableCollector.java:73)
	at org.junit.jupiter.engine.descriptor.TestMethodTestDescriptor.invokeTestMethod(TestMethodTestDescriptor.java:214)
	at org.junit.jupiter.engine.descriptor.TestMethodTestDescriptor.execute(TestMethodTestDescriptor.java:139)
	at org.junit.jupiter.engine.descriptor.TestMethodTestDescriptor.execute(TestMethodTestDescriptor.java:69)
	at org.junit.platform.engine.support.hierarchical.NodeTestTask.lambda$executeRecursively$6(NodeTestTask.java:151)
	at org.junit.platform.engine.support.hierarchical.ThrowableCollector.execute(ThrowableCollector.java:73)
	at org.junit.platform.engine.support.hierarchical.NodeTestTask.lambda$executeRecursively$8(NodeTestTask.java:141)
	at org.junit.platform.engine.support.hierarchical.Node.around(Node.java:137)
	at org.junit.platform.engine.support.hierarchical.NodeTestTask.lambda$executeRecursively$9(NodeTestTask.java:139)
	at org.junit.platform.engine.support.hierarchical.ThrowableCollector.execute(ThrowableCollector.java:73)
	at org.junit.platform.engine.support.hierarchical.NodeTestTask.executeRecursively(NodeTestTask.java:138)
	at org.junit.platform.engine.support.hierarchical.NodeTestTask.execute(NodeTestTask.java:95)
	at java.base/java.util.ArrayList.forEach(ArrayList.java:1596)
	at org.junit.platform.engine.support.hierarchical.SameThreadHierarchicalTestExecutorService.invokeAll(SameThreadHierarchicalTestExecutorService.java:41)
	at org.junit.platform.engine.support.hierarchical.NodeTestTask.lambda$executeRecursively$6(NodeTestTask.java:155)
	at org.junit.platform.engine.support.hierarchical.ThrowableCollector.execute(ThrowableCollector.java:73)
	at org.junit.platform.engine.support.hierarchical.NodeTestTask.lambda$executeRecursively$8(NodeTestTask.java:141)
	at org.junit.platform.engine.support.hierarchical.Node.around(Node.java:137)
	at org.junit.platform.engine.support.hierarchical.NodeTestTask.lambda$executeRecursively$9(NodeTestTask.java:139)
	at org.junit.platform.engine.support.hierarchical.ThrowableCollector.execute(ThrowableCollector.java:73)
	at org.junit.platform.engine.support.hierarchical.NodeTestTask.executeRecursively(NodeTestTask.java:138)
	at org.junit.platform.engine.support.hierarchical.NodeTestTask.execute(NodeTestTask.java:95)
	at java.base/java.util.ArrayList.forEach(ArrayList.java:1596)
	at org.junit.platform.engine.support.hierarchical.SameThreadHierarchicalTestExecutorService.invokeAll(SameThreadHierarchicalTestExecutorService.java:41)
	at org.junit.platform.engine.support.hierarchical.NodeTestTask.lambda$executeRecursively$6(NodeTestTask.java:155)
	at org.junit.platform.engine.support.hierarchical.ThrowableCollector.execute(ThrowableCollector.java:73)
	at org.junit.platform.engine.support.hierarchical.NodeTestTask.lambda$executeRecursively$8(NodeTestTask.java:141)
	at org.junit.platform.engine.support.hierarchical.Node.around(Node.java:137)
	at org.junit.platform.engine.support.hierarchical.NodeTestTask.lambda$executeRecursively$9(NodeTestTask.java:139)
	at org.junit.platform.engine.support.hierarchical.ThrowableCollector.execute(ThrowableCollector.java:73)
	at org.junit.platform.engine.support.hierarchical.NodeTestTask.executeRecursively(NodeTestTask.java:138)
	at org.junit.platform.engine.support.hierarchical.NodeTestTask.execute(NodeTestTask.java:95)
	at org.junit.platform.engine.support.hierarchical.SameThreadHierarchicalTestExecutorService.submit(SameThreadHierarchicalTestExecutorService.java:35)
	at org.junit.platform.engine.support.hierarchical.HierarchicalTestExecutor.execute(HierarchicalTestExecutor.java:57)
	at org.junit.platform.engine.support.hierarchical.HierarchicalTestEngine.execute(HierarchicalTestEngine.java:54)
	at org.junit.platform.launcher.core.EngineExecutionOrchestrator.execute(EngineExecutionOrchestrator.java:198)
	at org.junit.platform.launcher.core.EngineExecutionOrchestrator.execute(EngineExecutionOrchestrator.java:169)
	at org.junit.platform.launcher.core.EngineExecutionOrchestrator.execute(EngineExecutionOrchestrator.java:93)
	at org.junit.platform.launcher.core.EngineExecutionOrchestrator.lambda$execute$0(EngineExecutionOrchestrator.java:58)
	at org.junit.platform.launcher.core.EngineExecutionOrchestrator.withInterceptedStreams(EngineExecutionOrchestrator.java:141)
	at org.junit.platform.launcher.core.EngineExecutionOrchestrator.execute(EngineExecutionOrchestrator.java:57)
	at org.junit.platform.launcher.core.DefaultLauncher.execute(DefaultLauncher.java:103)
	at org.junit.platform.launcher.core.DefaultLauncher.execute(DefaultLauncher.java:85)
	at org.junit.platform.launcher.core.DelegatingLauncher.execute(DelegatingLauncher.java:47)
	at org.junit.platform.launcher.core.SessionPerRequestLauncher.execute(SessionPerRequestLauncher.java:63)
	at com.intellij.junit5.JUnit5IdeaTestRunner.startRunnerWithArgs(JUnit5IdeaTestRunner.java:57)
	at com.intellij.rt.junit.IdeaTestRunner$Repeater$1.execute(IdeaTestRunner.java:38)
	at com.intellij.rt.execution.junit.TestsRepeater.repeat(TestsRepeater.java:11)
	at com.intellij.rt.junit.IdeaTestRunner$Repeater.startRunnerWithArgs(IdeaTestRunner.java:35)
	at com.intellij.rt.junit.JUnitStarter.prepareStreamsAndStart(JUnitStarter.java:232)
	at com.intellij.rt.junit.JUnitStarter.main(JUnitStarter.java:55)
2025-02-10 09:42:22 [main] INFO  lt.insoft.uztis.tests.UztisPageTest - Navigated to https://uztisdev.asseco.lt/home
2025-02-10 09:42:22 [main] INFO  l.i.u.t.SubmittedApplicationsPageTest - Starting test:'testAddEvaluators'
2025-02-10 09:42:22 [main] DEBUG l.i.u.t.SubmittedApplicationsPageTest - User logged in with test credentials.
2025-02-10 09:42:23 [main] DEBUG l.i.u.t.SubmittedApplicationsPageTest - Opened 'Application Processing' menu.
2025-02-10 09:42:23 [main] DEBUG l.i.u.t.SubmittedApplicationsPageTest - Clicked on 'Application Forms' menu.
2025-02-10 09:42:24 [main] DEBUG l.i.u.t.SubmittedApplicationsPageTest - Retrieved last description code text: 'TST-VUI-00'.
2025-02-10 09:42:24 [main] DEBUG l.i.u.t.SubmittedApplicationsPageTest - Clicked on 'Invitation' menu.
2025-02-10 09:42:25 [main] DEBUG l.i.u.t.SubmittedApplicationsPageTest - Selected application section by code: 'TST-VUI-00'.
2025-02-10 09:42:25 [main] DEBUG l.i.u.t.SubmittedApplicationsPageTest - Clicked 'Search' button.
2025-02-10 09:42:25 [main] DEBUG l.i.u.t.SubmittedApplicationsPageTest - Retrieved invitation code: ''.
2025-02-10 09:42:25 [main] DEBUG l.i.u.t.SubmittedApplicationsPageTest - Clicked on 'Submitted Applications' menu.
2025-02-10 09:42:26 [main] DEBUG l.i.u.t.SubmittedApplicationsPageTest - Selected invitation by code: 'TST-VUI-00'.
2025-02-10 09:42:26 [main] DEBUG l.i.u.t.SubmittedApplicationsPageTest - Invitation code inserted.
2025-02-10 09:42:26 [main] DEBUG l.i.u.t.SubmittedApplicationsPageTest - Clicked on 'Action Application' button.
2025-02-10 09:42:26 [main] DEBUG l.i.u.t.SubmittedApplicationsPageTest - Clicked on 'Add Evaluators' button.
2025-02-10 09:42:26 [main] INFO  l.i.u.t.SubmittedApplicationsPageTest - Test 'testAddEvaluators' completed successfully.
2025-02-10 09:53:07 [main] INFO  lt.insoft.uztis.tests.UztisPageTest - Navigated to https://uztisdev.asseco.lt/home
2025-02-10 09:53:07 [main] INFO  l.i.u.t.SubmittedApplicationsPageTest - Starting test:'testAddEvaluators'
2025-02-10 09:53:07 [main] DEBUG l.i.u.t.SubmittedApplicationsPageTest - User logged in with test credentials.
2025-02-10 09:53:08 [main] DEBUG l.i.u.t.SubmittedApplicationsPageTest - Opened 'Application Processing' menu.
2025-02-10 09:53:08 [main] DEBUG l.i.u.t.SubmittedApplicationsPageTest - Clicked on 'Application Forms' menu.
2025-02-10 09:53:09 [main] DEBUG l.i.u.t.SubmittedApplicationsPageTest - Retrieved last description code text: 'TST-VUI-00'.
2025-02-10 09:53:09 [main] DEBUG l.i.u.t.SubmittedApplicationsPageTest - Clicked on 'Invitation' menu.
2025-02-10 09:53:10 [main] DEBUG l.i.u.t.SubmittedApplicationsPageTest - Selected application section by code: 'TST-VUI-00'.
2025-02-10 09:53:10 [main] DEBUG l.i.u.t.SubmittedApplicationsPageTest - Clicked 'Search' button.
2025-02-10 09:53:10 [main] DEBUG l.i.u.t.SubmittedApplicationsPageTest - Retrieved invitation code: ''.
2025-02-10 09:53:10 [main] DEBUG l.i.u.t.SubmittedApplicationsPageTest - Clicked on 'Submitted Applications' menu.
2025-02-10 09:53:11 [main] DEBUG l.i.u.t.SubmittedApplicationsPageTest - Selected invitation by code: 'TST-VUI-00'.
2025-02-10 09:53:11 [main] DEBUG l.i.u.t.SubmittedApplicationsPageTest - Invitation code inserted.
2025-02-10 09:53:11 [main] DEBUG l.i.u.t.SubmittedApplicationsPageTest - Clicked on 'Action Application' button.
2025-02-10 09:53:12 [main] DEBUG l.i.u.t.SubmittedApplicationsPageTest - Clicked on 'Add Evaluators' button.
2025-02-10 09:53:12 [main] DEBUG l.i.u.t.SubmittedApplicationsPageTest - Entered first evaluation date.
2025-02-10 09:53:12 [main] DEBUG l.i.u.t.SubmittedApplicationsPageTest - Entered second evaluation date.
2025-02-10 09:53:12 [main] DEBUG l.i.u.t.SubmittedApplicationsPageTest - Entered third evaluation date.
2025-02-10 09:53:12 [main] INFO  l.i.u.t.SubmittedApplicationsPageTest - Test 'testAddEvaluators' completed successfully.
2025-02-10 10:05:34 [main] INFO  lt.insoft.uztis.tests.UztisPageTest - Navigated to https://uztisdev.asseco.lt/home
2025-02-10 10:05:34 [main] INFO  l.i.u.t.SubmittedApplicationsPageTest - Starting test:'testAddEvaluators'
2025-02-10 10:05:35 [main] DEBUG l.i.u.t.SubmittedApplicationsPageTest - User logged in with test credentials.
2025-02-10 10:05:35 [main] DEBUG l.i.u.t.SubmittedApplicationsPageTest - Opened 'Application Processing' menu.
2025-02-10 10:05:35 [main] DEBUG l.i.u.t.SubmittedApplicationsPageTest - Clicked on 'Application Forms' menu.
2025-02-10 10:05:36 [main] DEBUG l.i.u.t.SubmittedApplicationsPageTest - Retrieved last description code text: 'TST-VUI-00'.
2025-02-10 10:05:36 [main] DEBUG l.i.u.t.SubmittedApplicationsPageTest - Clicked on 'Invitation' menu.
2025-02-10 10:05:37 [main] DEBUG l.i.u.t.SubmittedApplicationsPageTest - Selected application section by code: 'TST-VUI-00'.
2025-02-10 10:05:37 [main] DEBUG l.i.u.t.SubmittedApplicationsPageTest - Clicked 'Search' button.
2025-02-10 10:05:37 [main] DEBUG l.i.u.t.SubmittedApplicationsPageTest - Retrieved invitation code: ''.
2025-02-10 10:05:38 [main] DEBUG l.i.u.t.SubmittedApplicationsPageTest - Clicked on 'Submitted Applications' menu.
2025-02-10 10:05:39 [main] DEBUG l.i.u.t.SubmittedApplicationsPageTest - Selected invitation by code: 'TST-VUI-00'.
2025-02-10 10:05:39 [main] DEBUG l.i.u.t.SubmittedApplicationsPageTest - Invitation code inserted.
2025-02-10 10:05:39 [main] DEBUG l.i.u.t.SubmittedApplicationsPageTest - Clicked on 'Action Application' button.
2025-02-10 10:05:39 [main] DEBUG l.i.u.t.SubmittedApplicationsPageTest - Clicked on 'Add Evaluators' button.
2025-02-10 10:05:39 [main] DEBUG l.i.u.t.SubmittedApplicationsPageTest - Entered first evaluation date.
2025-02-10 10:05:39 [main] DEBUG l.i.u.t.SubmittedApplicationsPageTest - Entered second evaluation date.
2025-02-10 10:05:40 [main] DEBUG l.i.u.t.SubmittedApplicationsPageTest - Entered third evaluation date.
2025-02-10 10:05:40 [main] DEBUG l.i.u.t.SubmittedApplicationsPageTest - Clicked on 'Add Evaluators' confirmation button.
2025-02-10 10:05:50 [main] ERROR l.insoft.uztis.pages.InvitationsPage - Failed to verify the success message: 'Paraiškų vertinimai sėkmingai priskirti vertintojams.'. Available messages: []
2025-02-10 10:05:50 [main] INFO  l.i.u.t.SubmittedApplicationsPageTest - Test 'testAddEvaluators' completed successfully.
2025-02-10 10:10:27 [main] INFO  lt.insoft.uztis.tests.UztisPageTest - Navigated to https://uztisdev.asseco.lt/home
2025-02-10 10:10:27 [main] INFO  l.i.u.t.SubmittedApplicationsPageTest - Starting test:'testAddEvaluators'
2025-02-10 10:10:27 [main] DEBUG l.i.u.t.SubmittedApplicationsPageTest - User logged in with test credentials.
2025-02-10 10:10:28 [main] DEBUG l.i.u.t.SubmittedApplicationsPageTest - Opened 'Application Processing' menu.
2025-02-10 10:10:28 [main] DEBUG l.i.u.t.SubmittedApplicationsPageTest - Clicked on 'Application Forms' menu.
2025-02-10 10:10:30 [main] DEBUG l.i.u.t.SubmittedApplicationsPageTest - Retrieved last description code text: 'TST-VUI-00'.
2025-02-10 10:10:30 [main] DEBUG l.i.u.t.SubmittedApplicationsPageTest - Clicked on 'Invitation' menu.
2025-02-10 10:10:31 [main] DEBUG l.i.u.t.SubmittedApplicationsPageTest - Selected application section by code: 'TST-VUI-00'.
2025-02-10 10:10:31 [main] DEBUG l.i.u.t.SubmittedApplicationsPageTest - Clicked 'Search' button.
2025-02-10 10:10:31 [main] DEBUG l.i.u.t.SubmittedApplicationsPageTest - Retrieved invitation code: ''.
2025-02-10 10:10:31 [main] DEBUG l.i.u.t.SubmittedApplicationsPageTest - Clicked on 'Submitted Applications' menu.
2025-02-10 10:10:32 [main] DEBUG l.i.u.t.SubmittedApplicationsPageTest - Selected invitation by code: 'TST-VUI-00'.
2025-02-10 10:10:32 [main] DEBUG l.i.u.t.SubmittedApplicationsPageTest - Invitation code inserted.
2025-02-10 10:10:33 [main] DEBUG l.i.u.t.SubmittedApplicationsPageTest - Clicked on 'Action Application' button.
2025-02-10 10:10:33 [main] DEBUG l.i.u.t.SubmittedApplicationsPageTest - Clicked on 'Add Evaluators' button.
2025-02-10 10:10:33 [main] DEBUG l.i.u.t.SubmittedApplicationsPageTest - Entered first evaluation date.
2025-02-10 10:10:33 [main] DEBUG l.i.u.t.SubmittedApplicationsPageTest - Entered second evaluation date.
2025-02-10 10:10:33 [main] DEBUG l.i.u.t.SubmittedApplicationsPageTest - Entered third evaluation date.
2025-02-10 10:10:34 [main] DEBUG l.i.u.t.SubmittedApplicationsPageTest - Clicked on 'Add Evaluators' confirmation button.
2025-02-10 10:10:35 [main] ERROR l.i.u.t.SubmittedApplicationsPageTest - Test 'testAddEvaluators' failed with error: element click intercepted: Element <button type="button" class="btn btn--primary-light">...</button> is not clickable at point (1646, 450). Other element would receive the click: <div class="cdk-overlay-backdrop cdk-overlay-dark-backdrop cdk-overlay-backdrop-showing"></div>
  (Session info: chrome=132.0.6834.196)
Build info: version: '4.27.0', revision: 'd6e718d134'
System info: os.name: 'Windows 11', os.arch: 'amd64', os.version: '10.0', java.version: '21.0.3'
Driver info: org.openqa.selenium.chrome.ChromeDriver
Command: [515116bd1d5aa015a5d54db497c8368e, clickElement {id=f.BDCC8272FCB7248A5801CCED4385DC74.d.006DD38A46CBBCECB7F61724EEE10CF9.e.202}]
Capabilities {acceptInsecureCerts: false, browserName: chrome, browserVersion: 132.0.6834.196, chrome: {chromedriverVersion: 132.0.6834.159 (2d77d3fc445..., userDataDir: C:\Users\INGRID~1.ZAD\AppDa...}, fedcm:accounts: true, goog:chromeOptions: {debuggerAddress: localhost:63679}, networkConnectionEnabled: false, pageLoadStrategy: normal, platformName: windows, proxy: Proxy(), se:cdp: ws://localhost:63679/devtoo..., se:cdpVersion: 132.0.6834.196, setWindowRect: true, strictFileInteractability: false, timeouts: {implicit: 0, pageLoad: 300000, script: 30000}, unhandledPromptBehavior: dismiss and notify, webauthn:extension:credBlob: true, webauthn:extension:largeBlob: true, webauthn:extension:minPinLength: true, webauthn:extension:prf: true, webauthn:virtualAuthenticators: true}
Element: [[ChromeDriver: chrome on windows (515116bd1d5aa015a5d54db497c8368e)] -> xpath: //button[contains(@class, 'btn') and contains(@class, 'btn--primary')]]
Session ID: 515116bd1d5aa015a5d54db497c8368e
org.openqa.selenium.ElementClickInterceptedException: element click intercepted: Element <button type="button" class="btn btn--primary-light">...</button> is not clickable at point (1646, 450). Other element would receive the click: <div class="cdk-overlay-backdrop cdk-overlay-dark-backdrop cdk-overlay-backdrop-showing"></div>
  (Session info: chrome=132.0.6834.196)
Build info: version: '4.27.0', revision: 'd6e718d134'
System info: os.name: 'Windows 11', os.arch: 'amd64', os.version: '10.0', java.version: '21.0.3'
Driver info: org.openqa.selenium.chrome.ChromeDriver
Command: [515116bd1d5aa015a5d54db497c8368e, clickElement {id=f.BDCC8272FCB7248A5801CCED4385DC74.d.006DD38A46CBBCECB7F61724EEE10CF9.e.202}]
Capabilities {acceptInsecureCerts: false, browserName: chrome, browserVersion: 132.0.6834.196, chrome: {chromedriverVersion: 132.0.6834.159 (2d77d3fc445..., userDataDir: C:\Users\INGRID~1.ZAD\AppDa...}, fedcm:accounts: true, goog:chromeOptions: {debuggerAddress: localhost:63679}, networkConnectionEnabled: false, pageLoadStrategy: normal, platformName: windows, proxy: Proxy(), se:cdp: ws://localhost:63679/devtoo..., se:cdpVersion: 132.0.6834.196, setWindowRect: true, strictFileInteractability: false, timeouts: {implicit: 0, pageLoad: 300000, script: 30000}, unhandledPromptBehavior: dismiss and notify, webauthn:extension:credBlob: true, webauthn:extension:largeBlob: true, webauthn:extension:minPinLength: true, webauthn:extension:prf: true, webauthn:virtualAuthenticators: true}
Element: [[ChromeDriver: chrome on windows (515116bd1d5aa015a5d54db497c8368e)] -> xpath: //button[contains(@class, 'btn') and contains(@class, 'btn--primary')]]
Session ID: 515116bd1d5aa015a5d54db497c8368e
	at java.base/jdk.internal.reflect.DirectConstructorHandleAccessor.newInstance(DirectConstructorHandleAccessor.java:62)
	at java.base/java.lang.reflect.Constructor.newInstanceWithCaller(Constructor.java:502)
	at java.base/java.lang.reflect.Constructor.newInstance(Constructor.java:486)
	at org.openqa.selenium.remote.ErrorCodec.decode(ErrorCodec.java:167)
	at org.openqa.selenium.remote.codec.w3c.W3CHttpResponseCodec.decode(W3CHttpResponseCodec.java:138)
	at org.openqa.selenium.remote.codec.w3c.W3CHttpResponseCodec.decode(W3CHttpResponseCodec.java:50)
	at org.openqa.selenium.remote.HttpCommandExecutor.execute(HttpCommandExecutor.java:190)
	at org.openqa.selenium.remote.service.DriverCommandExecutor.invokeExecute(DriverCommandExecutor.java:216)
	at org.openqa.selenium.remote.service.DriverCommandExecutor.execute(DriverCommandExecutor.java:174)
	at org.openqa.selenium.remote.RemoteWebDriver.execute(RemoteWebDriver.java:545)
	at org.openqa.selenium.remote.RemoteWebElement.execute(RemoteWebElement.java:223)
	at org.openqa.selenium.remote.RemoteWebElement.click(RemoteWebElement.java:76)
	at java.base/jdk.internal.reflect.DirectMethodHandleAccessor.invoke(DirectMethodHandleAccessor.java:103)
	at java.base/java.lang.reflect.Method.invoke(Method.java:580)
	at org.openqa.selenium.support.pagefactory.internal.LocatingElementHandler.invoke(LocatingElementHandler.java:51)
	at jdk.proxy2/jdk.proxy2.$Proxy14.click(Unknown Source)
	at lt.insoft.uztis.pages.SubmittedApplicationsPage.clickButtonAddEvaluatorsPopupConfirmation(SubmittedApplicationsPage.java:435)
	at lt.insoft.uztis.tests.SubmittedApplicationsPageTest.testAddEvaluators(SubmittedApplicationsPageTest.java:494)
	at java.base/jdk.internal.reflect.DirectMethodHandleAccessor.invoke(DirectMethodHandleAccessor.java:103)
	at java.base/java.lang.reflect.Method.invoke(Method.java:580)
	at org.junit.platform.commons.util.ReflectionUtils.invokeMethod(ReflectionUtils.java:728)
	at org.junit.jupiter.engine.execution.MethodInvocation.proceed(MethodInvocation.java:60)
	at org.junit.jupiter.engine.execution.InvocationInterceptorChain$ValidatingInvocation.proceed(InvocationInterceptorChain.java:131)
	at org.junit.jupiter.engine.extension.TimeoutExtension.intercept(TimeoutExtension.java:156)
	at org.junit.jupiter.engine.extension.TimeoutExtension.interceptTestableMethod(TimeoutExtension.java:147)
	at org.junit.jupiter.engine.extension.TimeoutExtension.interceptTestMethod(TimeoutExtension.java:86)
	at org.junit.jupiter.engine.execution.InterceptingExecutableInvoker$ReflectiveInterceptorCall.lambda$ofVoidMethod$0(InterceptingExecutableInvoker.java:103)
	at org.junit.jupiter.engine.execution.InterceptingExecutableInvoker.lambda$invoke$0(InterceptingExecutableInvoker.java:93)
	at org.junit.jupiter.engine.execution.InvocationInterceptorChain$InterceptedInvocation.proceed(InvocationInterceptorChain.java:106)
	at org.junit.jupiter.engine.execution.InvocationInterceptorChain.proceed(InvocationInterceptorChain.java:64)
	at org.junit.jupiter.engine.execution.InvocationInterceptorChain.chainAndInvoke(InvocationInterceptorChain.java:45)
	at org.junit.jupiter.engine.execution.InvocationInterceptorChain.invoke(InvocationInterceptorChain.java:37)
	at org.junit.jupiter.engine.execution.InterceptingExecutableInvoker.invoke(InterceptingExecutableInvoker.java:92)
	at org.junit.jupiter.engine.execution.InterceptingExecutableInvoker.invoke(InterceptingExecutableInvoker.java:86)
	at org.junit.jupiter.engine.descriptor.TestMethodTestDescriptor.lambda$invokeTestMethod$7(TestMethodTestDescriptor.java:218)
	at org.junit.platform.engine.support.hierarchical.ThrowableCollector.execute(ThrowableCollector.java:73)
	at org.junit.jupiter.engine.descriptor.TestMethodTestDescriptor.invokeTestMethod(TestMethodTestDescriptor.java:214)
	at org.junit.jupiter.engine.descriptor.TestMethodTestDescriptor.execute(TestMethodTestDescriptor.java:139)
	at org.junit.jupiter.engine.descriptor.TestMethodTestDescriptor.execute(TestMethodTestDescriptor.java:69)
	at org.junit.platform.engine.support.hierarchical.NodeTestTask.lambda$executeRecursively$6(NodeTestTask.java:151)
	at org.junit.platform.engine.support.hierarchical.ThrowableCollector.execute(ThrowableCollector.java:73)
	at org.junit.platform.engine.support.hierarchical.NodeTestTask.lambda$executeRecursively$8(NodeTestTask.java:141)
	at org.junit.platform.engine.support.hierarchical.Node.around(Node.java:137)
	at org.junit.platform.engine.support.hierarchical.NodeTestTask.lambda$executeRecursively$9(NodeTestTask.java:139)
	at org.junit.platform.engine.support.hierarchical.ThrowableCollector.execute(ThrowableCollector.java:73)
	at org.junit.platform.engine.support.hierarchical.NodeTestTask.executeRecursively(NodeTestTask.java:138)
	at org.junit.platform.engine.support.hierarchical.NodeTestTask.execute(NodeTestTask.java:95)
	at java.base/java.util.ArrayList.forEach(ArrayList.java:1596)
	at org.junit.platform.engine.support.hierarchical.SameThreadHierarchicalTestExecutorService.invokeAll(SameThreadHierarchicalTestExecutorService.java:41)
	at org.junit.platform.engine.support.hierarchical.NodeTestTask.lambda$executeRecursively$6(NodeTestTask.java:155)
	at org.junit.platform.engine.support.hierarchical.ThrowableCollector.execute(ThrowableCollector.java:73)
	at org.junit.platform.engine.support.hierarchical.NodeTestTask.lambda$executeRecursively$8(NodeTestTask.java:141)
	at org.junit.platform.engine.support.hierarchical.Node.around(Node.java:137)
	at org.junit.platform.engine.support.hierarchical.NodeTestTask.lambda$executeRecursively$9(NodeTestTask.java:139)
	at org.junit.platform.engine.support.hierarchical.ThrowableCollector.execute(ThrowableCollector.java:73)
	at org.junit.platform.engine.support.hierarchical.NodeTestTask.executeRecursively(NodeTestTask.java:138)
	at org.junit.platform.engine.support.hierarchical.NodeTestTask.execute(NodeTestTask.java:95)
	at java.base/java.util.ArrayList.forEach(ArrayList.java:1596)
	at org.junit.platform.engine.support.hierarchical.SameThreadHierarchicalTestExecutorService.invokeAll(SameThreadHierarchicalTestExecutorService.java:41)
	at org.junit.platform.engine.support.hierarchical.NodeTestTask.lambda$executeRecursively$6(NodeTestTask.java:155)
	at org.junit.platform.engine.support.hierarchical.ThrowableCollector.execute(ThrowableCollector.java:73)
	at org.junit.platform.engine.support.hierarchical.NodeTestTask.lambda$executeRecursively$8(NodeTestTask.java:141)
	at org.junit.platform.engine.support.hierarchical.Node.around(Node.java:137)
	at org.junit.platform.engine.support.hierarchical.NodeTestTask.lambda$executeRecursively$9(NodeTestTask.java:139)
	at org.junit.platform.engine.support.hierarchical.ThrowableCollector.execute(ThrowableCollector.java:73)
	at org.junit.platform.engine.support.hierarchical.NodeTestTask.executeRecursively(NodeTestTask.java:138)
	at org.junit.platform.engine.support.hierarchical.NodeTestTask.execute(NodeTestTask.java:95)
	at org.junit.platform.engine.support.hierarchical.SameThreadHierarchicalTestExecutorService.submit(SameThreadHierarchicalTestExecutorService.java:35)
	at org.junit.platform.engine.support.hierarchical.HierarchicalTestExecutor.execute(HierarchicalTestExecutor.java:57)
	at org.junit.platform.engine.support.hierarchical.HierarchicalTestEngine.execute(HierarchicalTestEngine.java:54)
	at org.junit.platform.launcher.core.EngineExecutionOrchestrator.execute(EngineExecutionOrchestrator.java:198)
	at org.junit.platform.launcher.core.EngineExecutionOrchestrator.execute(EngineExecutionOrchestrator.java:169)
	at org.junit.platform.launcher.core.EngineExecutionOrchestrator.execute(EngineExecutionOrchestrator.java:93)
	at org.junit.platform.launcher.core.EngineExecutionOrchestrator.lambda$execute$0(EngineExecutionOrchestrator.java:58)
	at org.junit.platform.launcher.core.EngineExecutionOrchestrator.withInterceptedStreams(EngineExecutionOrchestrator.java:141)
	at org.junit.platform.launcher.core.EngineExecutionOrchestrator.execute(EngineExecutionOrchestrator.java:57)
	at org.junit.platform.launcher.core.DefaultLauncher.execute(DefaultLauncher.java:103)
	at org.junit.platform.launcher.core.DefaultLauncher.execute(DefaultLauncher.java:85)
	at org.junit.platform.launcher.core.DelegatingLauncher.execute(DelegatingLauncher.java:47)
	at org.junit.platform.launcher.core.SessionPerRequestLauncher.execute(SessionPerRequestLauncher.java:63)
	at com.intellij.junit5.JUnit5IdeaTestRunner.startRunnerWithArgs(JUnit5IdeaTestRunner.java:57)
	at com.intellij.rt.junit.IdeaTestRunner$Repeater$1.execute(IdeaTestRunner.java:38)
	at com.intellij.rt.execution.junit.TestsRepeater.repeat(TestsRepeater.java:11)
	at com.intellij.rt.junit.IdeaTestRunner$Repeater.startRunnerWithArgs(IdeaTestRunner.java:35)
	at com.intellij.rt.junit.JUnitStarter.prepareStreamsAndStart(JUnitStarter.java:232)
	at com.intellij.rt.junit.JUnitStarter.main(JUnitStarter.java:55)
2025-02-10 10:10:35 [main] INFO  l.insoft.uztis.tests.utils.TestUtils - Screenshot moved to C:\Users\ingrida.zadorozniene\Desktop\Asm\UZTIS\UZTIS_tests\test-output\screenshots\20250210\101035320_testAddEvaluators().png
2025-02-10 10:13:38 [main] INFO  lt.insoft.uztis.tests.UztisPageTest - Navigated to https://uztisdev.asseco.lt/home
2025-02-10 10:13:38 [main] INFO  l.i.u.t.SubmittedApplicationsPageTest - Starting test:'testAddEvaluators'
2025-02-10 10:13:38 [main] DEBUG l.i.u.t.SubmittedApplicationsPageTest - User logged in with test credentials.
2025-02-10 10:13:39 [main] DEBUG l.i.u.t.SubmittedApplicationsPageTest - Opened 'Application Processing' menu.
2025-02-10 10:13:39 [main] DEBUG l.i.u.t.SubmittedApplicationsPageTest - Clicked on 'Application Forms' menu.
2025-02-10 10:13:41 [main] DEBUG l.i.u.t.SubmittedApplicationsPageTest - Retrieved last description code text: 'TST-VUI-00'.
2025-02-10 10:13:41 [main] DEBUG l.i.u.t.SubmittedApplicationsPageTest - Clicked on 'Invitation' menu.
2025-02-10 10:13:42 [main] DEBUG l.i.u.t.SubmittedApplicationsPageTest - Selected application section by code: 'TST-VUI-00'.
2025-02-10 10:13:42 [main] DEBUG l.i.u.t.SubmittedApplicationsPageTest - Clicked 'Search' button.
2025-02-10 10:13:42 [main] DEBUG l.i.u.t.SubmittedApplicationsPageTest - Retrieved invitation code: ''.
2025-02-10 10:13:42 [main] DEBUG l.i.u.t.SubmittedApplicationsPageTest - Clicked on 'Submitted Applications' menu.
2025-02-10 10:13:43 [main] DEBUG l.i.u.t.SubmittedApplicationsPageTest - Selected invitation by code: 'TST-VUI-00'.
2025-02-10 10:13:43 [main] DEBUG l.i.u.t.SubmittedApplicationsPageTest - Invitation code inserted.
2025-02-10 10:13:43 [main] DEBUG l.i.u.t.SubmittedApplicationsPageTest - Clicked on 'Action Application' button.
2025-02-10 10:13:43 [main] DEBUG l.i.u.t.SubmittedApplicationsPageTest - Clicked on 'Add Evaluators' button.
2025-02-10 10:13:43 [main] DEBUG l.i.u.t.SubmittedApplicationsPageTest - Entered first evaluation date.
2025-02-10 10:13:44 [main] DEBUG l.i.u.t.SubmittedApplicationsPageTest - Entered second evaluation date.
2025-02-10 10:13:44 [main] DEBUG l.i.u.t.SubmittedApplicationsPageTest - Entered third evaluation date.
2025-02-10 10:13:44 [main] DEBUG l.i.u.t.SubmittedApplicationsPageTest - Clicked on 'Add Evaluators' confirmation button.
2025-02-10 10:13:44 [main] DEBUG l.insoft.uztis.pages.InvitationsPage - Verified success message: 'Paraiškų vertinimai sėkmingai priskirti vertintojams.'
2025-02-10 10:13:44 [main] INFO  l.i.u.t.SubmittedApplicationsPageTest - Test 'testAddEvaluators' completed successfully.
2025-02-11 14:48:16 [main] INFO  lt.insoft.uztis.tests.UztisPageTest - Navigated to https://uztisdev.asseco.lt/home
2025-02-11 14:48:16 [main] INFO  l.i.u.t.SubmittedApplicationsPageTest - Starting test:'testFillNewVUIPApplicationFA'
2025-02-11 14:48:17 [main] DEBUG l.i.u.t.SubmittedApplicationsPageTest - User logged in with test credentials.
2025-02-11 14:48:17 [main] DEBUG l.i.u.t.SubmittedApplicationsPageTest - Opened 'Application Processing' menu.
2025-02-11 14:48:17 [main] DEBUG l.i.u.t.SubmittedApplicationsPageTest - Clicked on 'Application Forms' menu.
2025-02-11 14:48:18 [main] DEBUG l.i.u.t.SubmittedApplicationsPageTest - Retrieved last description code text: 'TST-VUI-00'.
2025-02-11 14:48:18 [main] DEBUG l.i.u.t.SubmittedApplicationsPageTest - Clicked on 'Invitation' menu.
2025-02-11 14:48:19 [main] DEBUG l.i.u.t.SubmittedApplicationsPageTest - Selected application section by code: 'TST-VUI-00'.
2025-02-11 14:48:19 [main] DEBUG l.i.u.t.SubmittedApplicationsPageTest - Clicked 'Search' button.
2025-02-11 14:48:19 [main] DEBUG l.i.u.t.SubmittedApplicationsPageTest - Retrieved invitation code: ''.
2025-02-11 14:48:19 [main] DEBUG l.i.u.t.SubmittedApplicationsPageTest - Clicked on 'Submitted Applications' menu.
2025-02-11 14:48:20 [main] DEBUG l.i.u.t.SubmittedApplicationsPageTest - Selected invitation by code: 'TST-VUI-00'.
2025-02-11 14:48:20 [main] DEBUG l.i.u.t.SubmittedApplicationsPageTest - Invitation code inserted.
2025-02-11 14:48:21 [main] DEBUG l.i.u.t.SubmittedApplicationsPageTest - Clicked on 'Action Application' button.
2025-02-11 14:48:21 [main] DEBUG l.i.u.t.SubmittedApplicationsPageTest - Clicked on 'New Application' button.
2025-02-11 14:48:21 [main] DEBUG l.i.u.t.SubmittedApplicationsPageTest - Selected the 'RadioButtonFA' option.
2025-02-11 14:48:22 [main] DEBUG l.i.u.t.SubmittedApplicationsPageTest - Entered phone number: '61298745'.
2025-02-11 14:48:22 [main] DEBUG l.i.u.t.SubmittedApplicationsPageTest - Entered email: 'test@autotest.com'.
2025-02-11 14:48:22 [main] INFO  l.i.u.p.SubmittedApplicationsPage - Located the dropdown button.
2025-02-11 14:48:39 [main] INFO  l.i.u.p.SubmittedApplicationsPage - Found 1741 options in the dropdown.
2025-02-11 14:48:40 [main] INFO  l.i.u.p.SubmittedApplicationsPage - Successfully selected the value: '01.11 - Grūdinių (išskyrus ryžius), ankštinių ir aliejingų sėklų augalų auginimas'
2025-02-11 14:48:50 [main] ERROR l.i.u.p.SubmittedApplicationsPage - Failed to close the dropdown with aria-expanded = 'false'. Attempting manual close.
2025-02-11 14:48:50 [main] INFO  l.i.u.p.SubmittedApplicationsPage - Manual close attempt for the dropdown using body click.
2025-02-11 14:48:50 [main] DEBUG l.i.u.t.SubmittedApplicationsPageTest - Selected EVRK value: '01.11 - Grūdinių (išskyrus ryžius), ankštinių ir aliejingų sėklų augalų auginimas'.
2025-02-11 14:48:50 [main] DEBUG l.i.u.t.SubmittedApplicationsPageTest - Entered address: 'Vilniaus m. sav., Vilnius, Testo g. 10T'.
2025-02-11 14:48:50 [main] DEBUG l.i.u.t.SubmittedApplicationsPageTest - Entered project date.
2025-02-11 14:48:51 [main] DEBUG l.i.u.t.SubmittedApplicationsPageTest - Entered job count: '1'.
2025-02-11 14:48:51 [main] DEBUG l.i.u.t.SubmittedApplicationsPageTest - Clicked 'Next' button.
2025-02-11 14:48:51 [main] INFO  l.i.u.p.SubmittedApplicationsPage - Located the dropdown button.
2025-02-11 14:48:52 [main] INFO  l.i.u.p.SubmittedApplicationsPage - Successfully selected the value: 'Administratoriai'
2025-02-11 14:49:22 [main] ERROR l.i.u.p.SubmittedApplicationsPage - Timeout while waiting for dropdown to close with aria-expanded = 'false'.
2025-02-11 14:49:22 [main] DEBUG l.i.u.t.SubmittedApplicationsPageTest - Selected job name: 'Administratoriai'.
2025-02-11 14:49:23 [main] DEBUG l.i.u.t.SubmittedApplicationsPageTest - Entered job function: 'Funkcija 1'.
2025-02-11 14:49:23 [main] DEBUG l.i.u.t.SubmittedApplicationsPageTest - Selected 'RadioButtonWithDisabilities' option.
2025-02-11 14:49:23 [main] INFO  l.i.u.p.SubmittedApplicationsPage - Clicking on the dropdown button.
2025-02-11 14:49:24 [main] INFO  l.i.u.p.SubmittedApplicationsPage - Found 34 options in the dropdown.
2025-02-11 14:49:24 [main] DEBUG l.i.u.p.SubmittedApplicationsPage - Checking option: 'Asmenys, kuriems suteiktas pabėgėlio statusas ar perkeliamojo asmens statusas, arba asmenys, kuriems suteikta papildoma ar laikinoji apsauga, ir asmenys, turintys teisę gauti laikinąją apsaugą, iki sprendimo dėl laikinosios apsaugos suteikimo (nesuteikimo) priėmimo, tačiau ne ilgiau kaip laikinosios apsaugos laikotarpiu'
2025-02-11 14:49:24 [main] DEBUG l.i.u.p.SubmittedApplicationsPage - Checking option: 'Asmenys, kuriems suteiktas pabėgėlio statusas ar perkeliamojo asmens statusas, arba asmenys, kuriems suteikta papildoma ar laikinoji apsauga, ir asmenys, turintys teisę gauti laikinąją apsaugą, iki sprendimo dėl laikinosios apsaugos suteikimo (nesuteikimo) priėmimo, tačiau ne ilgiau kaip laikinosios apsaugos laikotarpiu'
2025-02-11 14:49:24 [main] DEBUG l.i.u.p.SubmittedApplicationsPage - Checking option: 'Asmenys, turintys teisę į papildomas užimtumo garantijas pagal Lietuvos Respublikos valstybės įmonės Ignalinos atominės elektrinės darbuotojų papildomų užimtumo ir socialinių garantijų įstatymą'
2025-02-11 14:49:24 [main] DEBUG l.i.u.p.SubmittedApplicationsPage - Checking option: 'Asmenys, turintys teisę į papildomas užimtumo garantijas pagal Lietuvos Respublikos valstybės įmonės Ignalinos atominės elektrinės darbuotojų papildomų užimtumo ir socialinių garantijų įstatymą'
2025-02-11 14:49:24 [main] DEBUG l.i.u.p.SubmittedApplicationsPage - Checking option: 'Bedarbiai iki 29 metų'
2025-02-11 14:49:24 [main] DEBUG l.i.u.p.SubmittedApplicationsPage - Checking option: 'Bedarbiai iki 29 metų'
2025-02-11 14:49:24 [main] DEBUG l.i.u.p.SubmittedApplicationsPage - Checking option: 'Bedarbiai, kurie yra darbingo amžiaus neįgalieji, kuriems nustatytas 30–40 procentų darbingumo lygis arba vidutinis neįgalumo lygis'
2025-02-11 14:49:24 [main] DEBUG l.i.u.p.SubmittedApplicationsPage - Checking option: 'Bedarbiai, kurie yra darbingo amžiaus neįgalieji, kuriems nustatytas 30–40 procentų darbingumo lygis arba vidutinis neįgalumo lygis'
2025-02-11 14:49:24 [main] DEBUG l.i.u.p.SubmittedApplicationsPage - Checking option: 'Bedarbiai, kurie yra darbingo amžiaus neįgalieji, kuriems nustatytas 45–55 procentų darbingumo lygis arba lengvas neįgalumo lygis'
2025-02-11 14:49:24 [main] DEBUG l.i.u.p.SubmittedApplicationsPage - Checking option: 'Bedarbiai, kurie yra darbingo amžiaus neįgalieji, kuriems nustatytas 45–55 procentų darbingumo lygis arba lengvas neįgalumo lygis'
2025-02-11 14:49:24 [main] DEBUG l.i.u.p.SubmittedApplicationsPage - Checking option: 'Bedarbiai, kurie yra darbingo amžiaus neįgalieji, kuriems nustatytas iki 25 procentų darbingumo lygis arba sunkus neįgalumo lygis'
2025-02-11 14:49:24 [main] INFO  l.i.u.p.SubmittedApplicationsPage - Successfully selected the value: 'Bedarbiai, kurie yra darbingo amžiaus neįgalieji, kuriems nustatytas iki 25 procentų darbingumo lygis arba sunkus neįgalumo lygis'
2025-02-11 14:49:24 [main] INFO  l.i.u.p.SubmittedApplicationsPage - Attempting to close the dropdown.
2025-02-11 14:49:34 [main] INFO  l.i.u.p.SubmittedApplicationsPage - Dropdown should be closed now.
2025-02-11 14:49:34 [main] DEBUG l.i.u.t.SubmittedApplicationsPageTest - Selected disabilities type: 'Bedarbiai, kurie yra darbingo amžiaus neįgalieji, kuriems nustatytas iki 25 procentų darbingumo lygis arba sunkus neįgalumo lygis'.
2025-02-11 14:49:35 [main] DEBUG l.i.u.t.SubmittedApplicationsPageTest - Entered disability information: 'Negalia 1'.
2025-02-11 14:49:35 [main] INFO  l.i.u.p.SubmittedApplicationsPage - Located the dropdown button.
2025-02-11 14:49:35 [main] INFO  l.i.u.p.SubmittedApplicationsPage - Successfully selected the value: 'Kita'
2025-02-11 14:49:45 [main] ERROR l.i.u.p.SubmittedApplicationsPage - Timeout while waiting for dropdown to close with aria-expanded = 'false'.
2025-02-11 14:49:45 [main] DEBUG l.i.u.t.SubmittedApplicationsPageTest - Selected time mode: 'Kita'.
2025-02-11 14:49:45 [main] DEBUG l.i.u.t.SubmittedApplicationsPageTest - Selected time mode other: '6 val. per dieną ir 4 d. per savaitę'.
2025-02-11 14:49:46 [main] DEBUG l.i.u.t.SubmittedApplicationsPageTest - Entered qualification: 'Kvalifikacija 1'.
2025-02-11 14:49:46 [main] DEBUG l.i.u.t.SubmittedApplicationsPageTest - Entered job date.
2025-02-11 14:49:46 [main] DEBUG l.i.u.t.SubmittedApplicationsPageTest - Entered salary amount: '1200'.
2025-02-11 14:49:46 [main] DEBUG l.i.u.t.SubmittedApplicationsPageTest - Selected 'Temporary Job' radio button.
2025-02-11 14:49:46 [main] DEBUG l.i.u.t.SubmittedApplicationsPageTest - Selected 'Season Job' radio button.
2025-02-11 14:49:46 [main] DEBUG l.i.u.t.SubmittedApplicationsPageTest - Selected 'Energy' radio button.
2025-02-11 14:49:46 [main] DEBUG l.i.u.t.SubmittedApplicationsPageTest - Selected 'Repair' radio button.
2025-02-11 14:49:47 [main] DEBUG l.i.u.t.SubmittedApplicationsPageTest - Entered job description: 'Veikla 1'.
2025-02-11 14:49:47 [main] DEBUG l.i.u.t.SubmittedApplicationsPageTest - Entered process description: 'Procesas 1'.
2025-02-11 14:49:47 [main] DEBUG l.i.u.t.SubmittedApplicationsPageTest - Entered energy information: 'Energija 1'.
2025-02-11 14:49:57 [main] ERROR l.i.u.t.SubmittedApplicationsPageTest - Test 'testFillNewVUIApplicationFA' failed with error: no such element: Unable to locate element: {"method":"xpath","selector":"//div[contains(@class, 'mdc-notched-outline')]//following::textarea[7]"}
  (Session info: chrome=132.0.6834.196)
For documentation on this error, please visit: https://www.selenium.dev/documentation/webdriver/troubleshooting/errors#no-such-element-exception
Build info: version: '4.27.0', revision: 'd6e718d134'
System info: os.name: 'Windows 11', os.arch: 'amd64', os.version: '10.0', java.version: '21.0.3'
Driver info: org.openqa.selenium.chrome.ChromeDriver
Command: [e42e7fa436135d80c9320adda02c8977, findElement {using=xpath, value=//div[contains(@class, 'mdc-notched-outline')]//following::textarea[7]}]
Capabilities {acceptInsecureCerts: false, browserName: chrome, browserVersion: 132.0.6834.196, chrome: {chromedriverVersion: 132.0.6834.159 (2d77d3fc445..., userDataDir: C:\Users\INGRID~1.ZAD\AppDa...}, fedcm:accounts: true, goog:chromeOptions: {debuggerAddress: localhost:58337}, networkConnectionEnabled: false, pageLoadStrategy: normal, platformName: windows, proxy: Proxy(), se:cdp: ws://localhost:58337/devtoo..., se:cdpVersion: 132.0.6834.196, setWindowRect: true, strictFileInteractability: false, timeouts: {implicit: 0, pageLoad: 300000, script: 30000}, unhandledPromptBehavior: dismiss and notify, webauthn:extension:credBlob: true, webauthn:extension:largeBlob: true, webauthn:extension:minPinLength: true, webauthn:extension:prf: true, webauthn:virtualAuthenticators: true}
Session ID: e42e7fa436135d80c9320adda02c8977
org.openqa.selenium.NoSuchElementException: no such element: Unable to locate element: {"method":"xpath","selector":"//div[contains(@class, 'mdc-notched-outline')]//following::textarea[7]"}
  (Session info: chrome=132.0.6834.196)
For documentation on this error, please visit: https://www.selenium.dev/documentation/webdriver/troubleshooting/errors#no-such-element-exception
Build info: version: '4.27.0', revision: 'd6e718d134'
System info: os.name: 'Windows 11', os.arch: 'amd64', os.version: '10.0', java.version: '21.0.3'
Driver info: org.openqa.selenium.chrome.ChromeDriver
Command: [e42e7fa436135d80c9320adda02c8977, findElement {using=xpath, value=//div[contains(@class, 'mdc-notched-outline')]//following::textarea[7]}]
Capabilities {acceptInsecureCerts: false, browserName: chrome, browserVersion: 132.0.6834.196, chrome: {chromedriverVersion: 132.0.6834.159 (2d77d3fc445..., userDataDir: C:\Users\INGRID~1.ZAD\AppDa...}, fedcm:accounts: true, goog:chromeOptions: {debuggerAddress: localhost:58337}, networkConnectionEnabled: false, pageLoadStrategy: normal, platformName: windows, proxy: Proxy(), se:cdp: ws://localhost:58337/devtoo..., se:cdpVersion: 132.0.6834.196, setWindowRect: true, strictFileInteractability: false, timeouts: {implicit: 0, pageLoad: 300000, script: 30000}, unhandledPromptBehavior: dismiss and notify, webauthn:extension:credBlob: true, webauthn:extension:largeBlob: true, webauthn:extension:minPinLength: true, webauthn:extension:prf: true, webauthn:virtualAuthenticators: true}
Session ID: e42e7fa436135d80c9320adda02c8977
	at java.base/jdk.internal.reflect.DirectConstructorHandleAccessor.newInstance(DirectConstructorHandleAccessor.java:62)
	at java.base/java.lang.reflect.Constructor.newInstanceWithCaller(Constructor.java:502)
	at java.base/java.lang.reflect.Constructor.newInstance(Constructor.java:486)
	at org.openqa.selenium.remote.ErrorCodec.decode(ErrorCodec.java:167)
	at org.openqa.selenium.remote.codec.w3c.W3CHttpResponseCodec.decode(W3CHttpResponseCodec.java:138)
	at org.openqa.selenium.remote.codec.w3c.W3CHttpResponseCodec.decode(W3CHttpResponseCodec.java:50)
	at org.openqa.selenium.remote.HttpCommandExecutor.execute(HttpCommandExecutor.java:190)
	at org.openqa.selenium.remote.service.DriverCommandExecutor.invokeExecute(DriverCommandExecutor.java:216)
	at org.openqa.selenium.remote.service.DriverCommandExecutor.execute(DriverCommandExecutor.java:174)
	at org.openqa.selenium.remote.RemoteWebDriver.execute(RemoteWebDriver.java:545)
	at org.openqa.selenium.remote.ElementLocation$ElementFinder$2.findElement(ElementLocation.java:165)
	at org.openqa.selenium.remote.ElementLocation.findElement(ElementLocation.java:59)
	at org.openqa.selenium.remote.RemoteWebDriver.findElement(RemoteWebDriver.java:368)
	at org.openqa.selenium.remote.RemoteWebDriver.findElement(RemoteWebDriver.java:362)
	at org.openqa.selenium.support.pagefactory.DefaultElementLocator.findElement(DefaultElementLocator.java:68)
	at org.openqa.selenium.support.pagefactory.internal.LocatingElementHandler.invoke(LocatingElementHandler.java:38)
	at jdk.proxy2/jdk.proxy2.$Proxy14.clear(Unknown Source)
	at lt.insoft.uztis.pages.SubmittedApplicationsPage.enterRepairInformation(SubmittedApplicationsPage.java:1008)
	at lt.insoft.uztis.tests.SubmittedApplicationsPageTest.testFillNewVUIApplicationFA(SubmittedApplicationsPageTest.java:245)
	at java.base/jdk.internal.reflect.DirectMethodHandleAccessor.invoke(DirectMethodHandleAccessor.java:103)
	at java.base/java.lang.reflect.Method.invoke(Method.java:580)
	at org.junit.platform.commons.util.ReflectionUtils.invokeMethod(ReflectionUtils.java:728)
	at org.junit.jupiter.engine.execution.MethodInvocation.proceed(MethodInvocation.java:60)
	at org.junit.jupiter.engine.execution.InvocationInterceptorChain$ValidatingInvocation.proceed(InvocationInterceptorChain.java:131)
	at org.junit.jupiter.engine.extension.TimeoutExtension.intercept(TimeoutExtension.java:156)
	at org.junit.jupiter.engine.extension.TimeoutExtension.interceptTestableMethod(TimeoutExtension.java:147)
	at org.junit.jupiter.engine.extension.TimeoutExtension.interceptTestMethod(TimeoutExtension.java:86)
	at org.junit.jupiter.engine.execution.InterceptingExecutableInvoker$ReflectiveInterceptorCall.lambda$ofVoidMethod$0(InterceptingExecutableInvoker.java:103)
	at org.junit.jupiter.engine.execution.InterceptingExecutableInvoker.lambda$invoke$0(InterceptingExecutableInvoker.java:93)
	at org.junit.jupiter.engine.execution.InvocationInterceptorChain$InterceptedInvocation.proceed(InvocationInterceptorChain.java:106)
	at org.junit.jupiter.engine.execution.InvocationInterceptorChain.proceed(InvocationInterceptorChain.java:64)
	at org.junit.jupiter.engine.execution.InvocationInterceptorChain.chainAndInvoke(InvocationInterceptorChain.java:45)
	at org.junit.jupiter.engine.execution.InvocationInterceptorChain.invoke(InvocationInterceptorChain.java:37)
	at org.junit.jupiter.engine.execution.InterceptingExecutableInvoker.invoke(InterceptingExecutableInvoker.java:92)
	at org.junit.jupiter.engine.execution.InterceptingExecutableInvoker.invoke(InterceptingExecutableInvoker.java:86)
	at org.junit.jupiter.engine.descriptor.TestMethodTestDescriptor.lambda$invokeTestMethod$7(TestMethodTestDescriptor.java:218)
	at org.junit.platform.engine.support.hierarchical.ThrowableCollector.execute(ThrowableCollector.java:73)
	at org.junit.jupiter.engine.descriptor.TestMethodTestDescriptor.invokeTestMethod(TestMethodTestDescriptor.java:214)
	at org.junit.jupiter.engine.descriptor.TestMethodTestDescriptor.execute(TestMethodTestDescriptor.java:139)
	at org.junit.jupiter.engine.descriptor.TestMethodTestDescriptor.execute(TestMethodTestDescriptor.java:69)
	at org.junit.platform.engine.support.hierarchical.NodeTestTask.lambda$executeRecursively$6(NodeTestTask.java:151)
	at org.junit.platform.engine.support.hierarchical.ThrowableCollector.execute(ThrowableCollector.java:73)
	at org.junit.platform.engine.support.hierarchical.NodeTestTask.lambda$executeRecursively$8(NodeTestTask.java:141)
	at org.junit.platform.engine.support.hierarchical.Node.around(Node.java:137)
	at org.junit.platform.engine.support.hierarchical.NodeTestTask.lambda$executeRecursively$9(NodeTestTask.java:139)
	at org.junit.platform.engine.support.hierarchical.ThrowableCollector.execute(ThrowableCollector.java:73)
	at org.junit.platform.engine.support.hierarchical.NodeTestTask.executeRecursively(NodeTestTask.java:138)
	at org.junit.platform.engine.support.hierarchical.NodeTestTask.execute(NodeTestTask.java:95)
	at java.base/java.util.ArrayList.forEach(ArrayList.java:1596)
	at org.junit.platform.engine.support.hierarchical.SameThreadHierarchicalTestExecutorService.invokeAll(SameThreadHierarchicalTestExecutorService.java:41)
	at org.junit.platform.engine.support.hierarchical.NodeTestTask.lambda$executeRecursively$6(NodeTestTask.java:155)
	at org.junit.platform.engine.support.hierarchical.ThrowableCollector.execute(ThrowableCollector.java:73)
	at org.junit.platform.engine.support.hierarchical.NodeTestTask.lambda$executeRecursively$8(NodeTestTask.java:141)
	at org.junit.platform.engine.support.hierarchical.Node.around(Node.java:137)
	at org.junit.platform.engine.support.hierarchical.NodeTestTask.lambda$executeRecursively$9(NodeTestTask.java:139)
	at org.junit.platform.engine.support.hierarchical.ThrowableCollector.execute(ThrowableCollector.java:73)
	at org.junit.platform.engine.support.hierarchical.NodeTestTask.executeRecursively(NodeTestTask.java:138)
	at org.junit.platform.engine.support.hierarchical.NodeTestTask.execute(NodeTestTask.java:95)
	at java.base/java.util.ArrayList.forEach(ArrayList.java:1596)
	at org.junit.platform.engine.support.hierarchical.SameThreadHierarchicalTestExecutorService.invokeAll(SameThreadHierarchicalTestExecutorService.java:41)
	at org.junit.platform.engine.support.hierarchical.NodeTestTask.lambda$executeRecursively$6(NodeTestTask.java:155)
	at org.junit.platform.engine.support.hierarchical.ThrowableCollector.execute(ThrowableCollector.java:73)
	at org.junit.platform.engine.support.hierarchical.NodeTestTask.lambda$executeRecursively$8(NodeTestTask.java:141)
	at org.junit.platform.engine.support.hierarchical.Node.around(Node.java:137)
	at org.junit.platform.engine.support.hierarchical.NodeTestTask.lambda$executeRecursively$9(NodeTestTask.java:139)
	at org.junit.platform.engine.support.hierarchical.ThrowableCollector.execute(ThrowableCollector.java:73)
	at org.junit.platform.engine.support.hierarchical.NodeTestTask.executeRecursively(NodeTestTask.java:138)
	at org.junit.platform.engine.support.hierarchical.NodeTestTask.execute(NodeTestTask.java:95)
	at org.junit.platform.engine.support.hierarchical.SameThreadHierarchicalTestExecutorService.submit(SameThreadHierarchicalTestExecutorService.java:35)
	at org.junit.platform.engine.support.hierarchical.HierarchicalTestExecutor.execute(HierarchicalTestExecutor.java:57)
	at org.junit.platform.engine.support.hierarchical.HierarchicalTestEngine.execute(HierarchicalTestEngine.java:54)
	at org.junit.platform.launcher.core.EngineExecutionOrchestrator.execute(EngineExecutionOrchestrator.java:198)
	at org.junit.platform.launcher.core.EngineExecutionOrchestrator.execute(EngineExecutionOrchestrator.java:169)
	at org.junit.platform.launcher.core.EngineExecutionOrchestrator.execute(EngineExecutionOrchestrator.java:93)
	at org.junit.platform.launcher.core.EngineExecutionOrchestrator.lambda$execute$0(EngineExecutionOrchestrator.java:58)
	at org.junit.platform.launcher.core.EngineExecutionOrchestrator.withInterceptedStreams(EngineExecutionOrchestrator.java:141)
	at org.junit.platform.launcher.core.EngineExecutionOrchestrator.execute(EngineExecutionOrchestrator.java:57)
	at org.junit.platform.launcher.core.DefaultLauncher.execute(DefaultLauncher.java:103)
	at org.junit.platform.launcher.core.DefaultLauncher.execute(DefaultLauncher.java:85)
	at org.junit.platform.launcher.core.DelegatingLauncher.execute(DelegatingLauncher.java:47)
	at org.junit.platform.launcher.core.SessionPerRequestLauncher.execute(SessionPerRequestLauncher.java:63)
	at com.intellij.junit5.JUnit5IdeaTestRunner.startRunnerWithArgs(JUnit5IdeaTestRunner.java:57)
	at com.intellij.rt.junit.IdeaTestRunner$Repeater$1.execute(IdeaTestRunner.java:38)
	at com.intellij.rt.execution.junit.TestsRepeater.repeat(TestsRepeater.java:11)
	at com.intellij.rt.junit.IdeaTestRunner$Repeater.startRunnerWithArgs(IdeaTestRunner.java:35)
	at com.intellij.rt.junit.JUnitStarter.prepareStreamsAndStart(JUnitStarter.java:232)
	at com.intellij.rt.junit.JUnitStarter.main(JUnitStarter.java:55)
2025-02-11 14:49:57 [main] INFO  l.insoft.uztis.tests.utils.TestUtils - Screenshot moved to C:\Users\ingrida.zadorozniene\Desktop\Asm\UZTIS\UZTIS_tests\test-output\screenshots\20250211\144957690_testFillNewVUIApplicationFA().png
2025-02-11 14:50:29 [main] INFO  lt.insoft.uztis.tests.UztisPageTest - Navigated to https://uztisdev.asseco.lt/home
2025-02-11 14:50:29 [main] INFO  l.i.u.t.SubmittedApplicationsPageTest - Starting test:'testFillNewVUIPApplicationFA'
2025-02-11 14:50:30 [main] DEBUG l.i.u.t.SubmittedApplicationsPageTest - User logged in with test credentials.
2025-02-11 14:50:30 [main] DEBUG l.i.u.t.SubmittedApplicationsPageTest - Opened 'Application Processing' menu.
2025-02-11 14:50:30 [main] DEBUG l.i.u.t.SubmittedApplicationsPageTest - Clicked on 'Application Forms' menu.
2025-02-11 14:50:31 [main] DEBUG l.i.u.t.SubmittedApplicationsPageTest - Retrieved last description code text: 'TST-VUI-00'.
2025-02-11 14:50:31 [main] DEBUG l.i.u.t.SubmittedApplicationsPageTest - Clicked on 'Invitation' menu.
2025-02-11 14:50:32 [main] DEBUG l.i.u.t.SubmittedApplicationsPageTest - Selected application section by code: 'TST-VUI-00'.
2025-02-11 14:50:32 [main] DEBUG l.i.u.t.SubmittedApplicationsPageTest - Clicked 'Search' button.
2025-02-11 14:50:32 [main] DEBUG l.i.u.t.SubmittedApplicationsPageTest - Retrieved invitation code: ''.
2025-02-11 14:50:32 [main] DEBUG l.i.u.t.SubmittedApplicationsPageTest - Clicked on 'Submitted Applications' menu.
2025-02-11 14:50:33 [main] DEBUG l.i.u.t.SubmittedApplicationsPageTest - Selected invitation by code: 'TST-VUI-00'.
2025-02-11 14:50:33 [main] DEBUG l.i.u.t.SubmittedApplicationsPageTest - Invitation code inserted.
2025-02-11 14:50:33 [main] DEBUG l.i.u.t.SubmittedApplicationsPageTest - Clicked on 'Action Application' button.
2025-02-11 14:50:34 [main] DEBUG l.i.u.t.SubmittedApplicationsPageTest - Clicked on 'New Application' button.
2025-02-11 14:50:34 [main] DEBUG l.i.u.t.SubmittedApplicationsPageTest - Selected the 'RadioButtonFA' option.
2025-02-11 14:50:34 [main] DEBUG l.i.u.t.SubmittedApplicationsPageTest - Entered phone number: '61298745'.
2025-02-11 14:50:34 [main] DEBUG l.i.u.t.SubmittedApplicationsPageTest - Entered email: 'test@autotest.com'.
2025-02-11 14:50:34 [main] INFO  l.i.u.p.SubmittedApplicationsPage - Located the dropdown button.
2025-02-11 14:50:53 [main] INFO  l.i.u.p.SubmittedApplicationsPage - Found 1741 options in the dropdown.
2025-02-11 14:50:53 [main] INFO  l.i.u.p.SubmittedApplicationsPage - Successfully selected the value: '01.11 - Grūdinių (išskyrus ryžius), ankštinių ir aliejingų sėklų augalų auginimas'
2025-02-11 14:51:04 [main] ERROR l.i.u.p.SubmittedApplicationsPage - Failed to close the dropdown with aria-expanded = 'false'. Attempting manual close.
2025-02-11 14:51:04 [main] INFO  l.i.u.p.SubmittedApplicationsPage - Manual close attempt for the dropdown using body click.
2025-02-11 14:51:04 [main] DEBUG l.i.u.t.SubmittedApplicationsPageTest - Selected EVRK value: '01.11 - Grūdinių (išskyrus ryžius), ankštinių ir aliejingų sėklų augalų auginimas'.
2025-02-11 14:51:04 [main] DEBUG l.i.u.t.SubmittedApplicationsPageTest - Entered address: 'Vilniaus m. sav., Vilnius, Testo g. 10T'.
2025-02-11 14:51:04 [main] DEBUG l.i.u.t.SubmittedApplicationsPageTest - Entered project date.
2025-02-11 14:51:05 [main] DEBUG l.i.u.t.SubmittedApplicationsPageTest - Entered job count: '1'.
2025-02-11 14:51:05 [main] DEBUG l.i.u.t.SubmittedApplicationsPageTest - Clicked 'Next' button.
2025-02-11 14:51:05 [main] INFO  l.i.u.p.SubmittedApplicationsPage - Located the dropdown button.
2025-02-11 14:51:06 [main] INFO  l.i.u.p.SubmittedApplicationsPage - Successfully selected the value: 'Administratoriai'
2025-02-11 14:51:37 [main] ERROR l.i.u.p.SubmittedApplicationsPage - Timeout while waiting for dropdown to close with aria-expanded = 'false'.
2025-02-11 14:51:37 [main] DEBUG l.i.u.t.SubmittedApplicationsPageTest - Selected job name: 'Administratoriai'.
2025-02-11 14:51:37 [main] DEBUG l.i.u.t.SubmittedApplicationsPageTest - Entered job function: 'Funkcija 1'.
2025-02-11 14:51:37 [main] DEBUG l.i.u.t.SubmittedApplicationsPageTest - Selected 'RadioButtonWithDisabilities' option.
2025-02-11 14:51:37 [main] INFO  l.i.u.p.SubmittedApplicationsPage - Clicking on the dropdown button.
2025-02-11 14:51:37 [main] INFO  l.i.u.p.SubmittedApplicationsPage - Found 34 options in the dropdown.
2025-02-11 14:51:37 [main] DEBUG l.i.u.p.SubmittedApplicationsPage - Checking option: 'Asmenys, kuriems suteiktas pabėgėlio statusas ar perkeliamojo asmens statusas, arba asmenys, kuriems suteikta papildoma ar laikinoji apsauga, ir asmenys, turintys teisę gauti laikinąją apsaugą, iki sprendimo dėl laikinosios apsaugos suteikimo (nesuteikimo) priėmimo, tačiau ne ilgiau kaip laikinosios apsaugos laikotarpiu'
2025-02-11 14:51:37 [main] DEBUG l.i.u.p.SubmittedApplicationsPage - Checking option: 'Asmenys, kuriems suteiktas pabėgėlio statusas ar perkeliamojo asmens statusas, arba asmenys, kuriems suteikta papildoma ar laikinoji apsauga, ir asmenys, turintys teisę gauti laikinąją apsaugą, iki sprendimo dėl laikinosios apsaugos suteikimo (nesuteikimo) priėmimo, tačiau ne ilgiau kaip laikinosios apsaugos laikotarpiu'
2025-02-11 14:51:37 [main] DEBUG l.i.u.p.SubmittedApplicationsPage - Checking option: 'Asmenys, turintys teisę į papildomas užimtumo garantijas pagal Lietuvos Respublikos valstybės įmonės Ignalinos atominės elektrinės darbuotojų papildomų užimtumo ir socialinių garantijų įstatymą'
2025-02-11 14:51:37 [main] DEBUG l.i.u.p.SubmittedApplicationsPage - Checking option: 'Asmenys, turintys teisę į papildomas užimtumo garantijas pagal Lietuvos Respublikos valstybės įmonės Ignalinos atominės elektrinės darbuotojų papildomų užimtumo ir socialinių garantijų įstatymą'
2025-02-11 14:51:37 [main] DEBUG l.i.u.p.SubmittedApplicationsPage - Checking option: 'Bedarbiai iki 29 metų'
2025-02-11 14:51:37 [main] DEBUG l.i.u.p.SubmittedApplicationsPage - Checking option: 'Bedarbiai iki 29 metų'
2025-02-11 14:51:37 [main] DEBUG l.i.u.p.SubmittedApplicationsPage - Checking option: 'Bedarbiai, kurie yra darbingo amžiaus neįgalieji, kuriems nustatytas 30–40 procentų darbingumo lygis arba vidutinis neįgalumo lygis'
2025-02-11 14:51:37 [main] DEBUG l.i.u.p.SubmittedApplicationsPage - Checking option: 'Bedarbiai, kurie yra darbingo amžiaus neįgalieji, kuriems nustatytas 30–40 procentų darbingumo lygis arba vidutinis neįgalumo lygis'
2025-02-11 14:51:37 [main] DEBUG l.i.u.p.SubmittedApplicationsPage - Checking option: 'Bedarbiai, kurie yra darbingo amžiaus neįgalieji, kuriems nustatytas 45–55 procentų darbingumo lygis arba lengvas neįgalumo lygis'
2025-02-11 14:51:37 [main] DEBUG l.i.u.p.SubmittedApplicationsPage - Checking option: 'Bedarbiai, kurie yra darbingo amžiaus neįgalieji, kuriems nustatytas 45–55 procentų darbingumo lygis arba lengvas neįgalumo lygis'
2025-02-11 14:51:37 [main] DEBUG l.i.u.p.SubmittedApplicationsPage - Checking option: 'Bedarbiai, kurie yra darbingo amžiaus neįgalieji, kuriems nustatytas iki 25 procentų darbingumo lygis arba sunkus neįgalumo lygis'
2025-02-11 14:51:37 [main] INFO  l.i.u.p.SubmittedApplicationsPage - Successfully selected the value: 'Bedarbiai, kurie yra darbingo amžiaus neįgalieji, kuriems nustatytas iki 25 procentų darbingumo lygis arba sunkus neįgalumo lygis'
2025-02-11 14:51:37 [main] INFO  l.i.u.p.SubmittedApplicationsPage - Attempting to close the dropdown.
2025-02-11 14:51:48 [main] INFO  l.i.u.p.SubmittedApplicationsPage - Dropdown should be closed now.
2025-02-11 14:51:48 [main] DEBUG l.i.u.t.SubmittedApplicationsPageTest - Selected disabilities type: 'Bedarbiai, kurie yra darbingo amžiaus neįgalieji, kuriems nustatytas iki 25 procentų darbingumo lygis arba sunkus neįgalumo lygis'.
2025-02-11 14:51:48 [main] DEBUG l.i.u.t.SubmittedApplicationsPageTest - Entered disability information: 'Negalia 1'.
2025-02-11 14:51:48 [main] INFO  l.i.u.p.SubmittedApplicationsPage - Located the dropdown button.
2025-02-11 14:51:49 [main] INFO  l.i.u.p.SubmittedApplicationsPage - Successfully selected the value: 'Kita'
2025-02-11 14:51:59 [main] ERROR l.i.u.p.SubmittedApplicationsPage - Timeout while waiting for dropdown to close with aria-expanded = 'false'.
2025-02-11 14:51:59 [main] DEBUG l.i.u.t.SubmittedApplicationsPageTest - Selected time mode: 'Kita'.
2025-02-11 14:51:59 [main] DEBUG l.i.u.t.SubmittedApplicationsPageTest - Selected time mode other: '6 val. per dieną ir 4 d. per savaitę'.
2025-02-11 14:51:59 [main] DEBUG l.i.u.t.SubmittedApplicationsPageTest - Entered qualification: 'Kvalifikacija 1'.
2025-02-11 14:52:00 [main] DEBUG l.i.u.t.SubmittedApplicationsPageTest - Entered job date.
2025-02-11 14:52:00 [main] DEBUG l.i.u.t.SubmittedApplicationsPageTest - Entered salary amount: '1200'.
2025-02-11 14:52:00 [main] DEBUG l.i.u.t.SubmittedApplicationsPageTest - Selected 'Temporary Job' radio button.
2025-02-11 14:52:00 [main] DEBUG l.i.u.t.SubmittedApplicationsPageTest - Selected 'Season Job' radio button.
2025-02-11 14:52:00 [main] DEBUG l.i.u.t.SubmittedApplicationsPageTest - Selected 'Energy' radio button.
2025-02-11 14:52:00 [main] DEBUG l.i.u.t.SubmittedApplicationsPageTest - Selected 'Repair' radio button.
2025-02-11 14:52:01 [main] DEBUG l.i.u.t.SubmittedApplicationsPageTest - Entered job description: 'Veikla 1'.
2025-02-11 14:52:01 [main] DEBUG l.i.u.t.SubmittedApplicationsPageTest - Entered process description: 'Procesas 1'.
2025-02-11 14:52:01 [main] DEBUG l.i.u.t.SubmittedApplicationsPageTest - Entered energy information: 'Energija 1'.
2025-02-11 14:52:11 [main] ERROR l.i.u.t.SubmittedApplicationsPageTest - Test 'testFillNewVUIApplicationFA' failed with error: no such element: Unable to locate element: {"method":"xpath","selector":"//div[contains(@class, 'mdc-notched-outline')]//following::textarea[7]"}
  (Session info: chrome=132.0.6834.196)
For documentation on this error, please visit: https://www.selenium.dev/documentation/webdriver/troubleshooting/errors#no-such-element-exception
Build info: version: '4.27.0', revision: 'd6e718d134'
System info: os.name: 'Windows 11', os.arch: 'amd64', os.version: '10.0', java.version: '21.0.3'
Driver info: org.openqa.selenium.chrome.ChromeDriver
Command: [8124f9f8dcc0a6b7e1e20dbf8966d9f5, findElement {using=xpath, value=//div[contains(@class, 'mdc-notched-outline')]//following::textarea[7]}]
Capabilities {acceptInsecureCerts: false, browserName: chrome, browserVersion: 132.0.6834.196, chrome: {chromedriverVersion: 132.0.6834.159 (2d77d3fc445..., userDataDir: C:\Users\INGRID~1.ZAD\AppDa...}, fedcm:accounts: true, goog:chromeOptions: {debuggerAddress: localhost:58434}, networkConnectionEnabled: false, pageLoadStrategy: normal, platformName: windows, proxy: Proxy(), se:cdp: ws://localhost:58434/devtoo..., se:cdpVersion: 132.0.6834.196, setWindowRect: true, strictFileInteractability: false, timeouts: {implicit: 0, pageLoad: 300000, script: 30000}, unhandledPromptBehavior: dismiss and notify, webauthn:extension:credBlob: true, webauthn:extension:largeBlob: true, webauthn:extension:minPinLength: true, webauthn:extension:prf: true, webauthn:virtualAuthenticators: true}
Session ID: 8124f9f8dcc0a6b7e1e20dbf8966d9f5
org.openqa.selenium.NoSuchElementException: no such element: Unable to locate element: {"method":"xpath","selector":"//div[contains(@class, 'mdc-notched-outline')]//following::textarea[7]"}
  (Session info: chrome=132.0.6834.196)
For documentation on this error, please visit: https://www.selenium.dev/documentation/webdriver/troubleshooting/errors#no-such-element-exception
Build info: version: '4.27.0', revision: 'd6e718d134'
System info: os.name: 'Windows 11', os.arch: 'amd64', os.version: '10.0', java.version: '21.0.3'
Driver info: org.openqa.selenium.chrome.ChromeDriver
Command: [8124f9f8dcc0a6b7e1e20dbf8966d9f5, findElement {using=xpath, value=//div[contains(@class, 'mdc-notched-outline')]//following::textarea[7]}]
Capabilities {acceptInsecureCerts: false, browserName: chrome, browserVersion: 132.0.6834.196, chrome: {chromedriverVersion: 132.0.6834.159 (2d77d3fc445..., userDataDir: C:\Users\INGRID~1.ZAD\AppDa...}, fedcm:accounts: true, goog:chromeOptions: {debuggerAddress: localhost:58434}, networkConnectionEnabled: false, pageLoadStrategy: normal, platformName: windows, proxy: Proxy(), se:cdp: ws://localhost:58434/devtoo..., se:cdpVersion: 132.0.6834.196, setWindowRect: true, strictFileInteractability: false, timeouts: {implicit: 0, pageLoad: 300000, script: 30000}, unhandledPromptBehavior: dismiss and notify, webauthn:extension:credBlob: true, webauthn:extension:largeBlob: true, webauthn:extension:minPinLength: true, webauthn:extension:prf: true, webauthn:virtualAuthenticators: true}
Session ID: 8124f9f8dcc0a6b7e1e20dbf8966d9f5
	at java.base/jdk.internal.reflect.DirectConstructorHandleAccessor.newInstance(DirectConstructorHandleAccessor.java:62)
	at java.base/java.lang.reflect.Constructor.newInstanceWithCaller(Constructor.java:502)
	at java.base/java.lang.reflect.Constructor.newInstance(Constructor.java:486)
	at org.openqa.selenium.remote.ErrorCodec.decode(ErrorCodec.java:167)
	at org.openqa.selenium.remote.codec.w3c.W3CHttpResponseCodec.decode(W3CHttpResponseCodec.java:138)
	at org.openqa.selenium.remote.codec.w3c.W3CHttpResponseCodec.decode(W3CHttpResponseCodec.java:50)
	at org.openqa.selenium.remote.HttpCommandExecutor.execute(HttpCommandExecutor.java:190)
	at org.openqa.selenium.remote.service.DriverCommandExecutor.invokeExecute(DriverCommandExecutor.java:216)
	at org.openqa.selenium.remote.service.DriverCommandExecutor.execute(DriverCommandExecutor.java:174)
	at org.openqa.selenium.remote.RemoteWebDriver.execute(RemoteWebDriver.java:545)
	at org.openqa.selenium.remote.ElementLocation$ElementFinder$2.findElement(ElementLocation.java:165)
	at org.openqa.selenium.remote.ElementLocation.findElement(ElementLocation.java:59)
	at org.openqa.selenium.remote.RemoteWebDriver.findElement(RemoteWebDriver.java:368)
	at org.openqa.selenium.remote.RemoteWebDriver.findElement(RemoteWebDriver.java:362)
	at org.openqa.selenium.support.pagefactory.DefaultElementLocator.findElement(DefaultElementLocator.java:68)
	at org.openqa.selenium.support.pagefactory.internal.LocatingElementHandler.invoke(LocatingElementHandler.java:38)
	at jdk.proxy2/jdk.proxy2.$Proxy14.clear(Unknown Source)
	at lt.insoft.uztis.pages.SubmittedApplicationsPage.enterRepairInformation(SubmittedApplicationsPage.java:1008)
	at lt.insoft.uztis.tests.SubmittedApplicationsPageTest.testFillNewVUIApplicationFA(SubmittedApplicationsPageTest.java:245)
	at java.base/jdk.internal.reflect.DirectMethodHandleAccessor.invoke(DirectMethodHandleAccessor.java:103)
	at java.base/java.lang.reflect.Method.invoke(Method.java:580)
	at org.junit.platform.commons.util.ReflectionUtils.invokeMethod(ReflectionUtils.java:728)
	at org.junit.jupiter.engine.execution.MethodInvocation.proceed(MethodInvocation.java:60)
	at org.junit.jupiter.engine.execution.InvocationInterceptorChain$ValidatingInvocation.proceed(InvocationInterceptorChain.java:131)
	at org.junit.jupiter.engine.extension.TimeoutExtension.intercept(TimeoutExtension.java:156)
	at org.junit.jupiter.engine.extension.TimeoutExtension.interceptTestableMethod(TimeoutExtension.java:147)
	at org.junit.jupiter.engine.extension.TimeoutExtension.interceptTestMethod(TimeoutExtension.java:86)
	at org.junit.jupiter.engine.execution.InterceptingExecutableInvoker$ReflectiveInterceptorCall.lambda$ofVoidMethod$0(InterceptingExecutableInvoker.java:103)
	at org.junit.jupiter.engine.execution.InterceptingExecutableInvoker.lambda$invoke$0(InterceptingExecutableInvoker.java:93)
	at org.junit.jupiter.engine.execution.InvocationInterceptorChain$InterceptedInvocation.proceed(InvocationInterceptorChain.java:106)
	at org.junit.jupiter.engine.execution.InvocationInterceptorChain.proceed(InvocationInterceptorChain.java:64)
	at org.junit.jupiter.engine.execution.InvocationInterceptorChain.chainAndInvoke(InvocationInterceptorChain.java:45)
	at org.junit.jupiter.engine.execution.InvocationInterceptorChain.invoke(InvocationInterceptorChain.java:37)
	at org.junit.jupiter.engine.execution.InterceptingExecutableInvoker.invoke(InterceptingExecutableInvoker.java:92)
	at org.junit.jupiter.engine.execution.InterceptingExecutableInvoker.invoke(InterceptingExecutableInvoker.java:86)
	at org.junit.jupiter.engine.descriptor.TestMethodTestDescriptor.lambda$invokeTestMethod$7(TestMethodTestDescriptor.java:218)
	at org.junit.platform.engine.support.hierarchical.ThrowableCollector.execute(ThrowableCollector.java:73)
	at org.junit.jupiter.engine.descriptor.TestMethodTestDescriptor.invokeTestMethod(TestMethodTestDescriptor.java:214)
	at org.junit.jupiter.engine.descriptor.TestMethodTestDescriptor.execute(TestMethodTestDescriptor.java:139)
	at org.junit.jupiter.engine.descriptor.TestMethodTestDescriptor.execute(TestMethodTestDescriptor.java:69)
	at org.junit.platform.engine.support.hierarchical.NodeTestTask.lambda$executeRecursively$6(NodeTestTask.java:151)
	at org.junit.platform.engine.support.hierarchical.ThrowableCollector.execute(ThrowableCollector.java:73)
	at org.junit.platform.engine.support.hierarchical.NodeTestTask.lambda$executeRecursively$8(NodeTestTask.java:141)
	at org.junit.platform.engine.support.hierarchical.Node.around(Node.java:137)
	at org.junit.platform.engine.support.hierarchical.NodeTestTask.lambda$executeRecursively$9(NodeTestTask.java:139)
	at org.junit.platform.engine.support.hierarchical.ThrowableCollector.execute(ThrowableCollector.java:73)
	at org.junit.platform.engine.support.hierarchical.NodeTestTask.executeRecursively(NodeTestTask.java:138)
	at org.junit.platform.engine.support.hierarchical.NodeTestTask.execute(NodeTestTask.java:95)
	at java.base/java.util.ArrayList.forEach(ArrayList.java:1596)
	at org.junit.platform.engine.support.hierarchical.SameThreadHierarchicalTestExecutorService.invokeAll(SameThreadHierarchicalTestExecutorService.java:41)
	at org.junit.platform.engine.support.hierarchical.NodeTestTask.lambda$executeRecursively$6(NodeTestTask.java:155)
	at org.junit.platform.engine.support.hierarchical.ThrowableCollector.execute(ThrowableCollector.java:73)
	at org.junit.platform.engine.support.hierarchical.NodeTestTask.lambda$executeRecursively$8(NodeTestTask.java:141)
	at org.junit.platform.engine.support.hierarchical.Node.around(Node.java:137)
	at org.junit.platform.engine.support.hierarchical.NodeTestTask.lambda$executeRecursively$9(NodeTestTask.java:139)
	at org.junit.platform.engine.support.hierarchical.ThrowableCollector.execute(ThrowableCollector.java:73)
	at org.junit.platform.engine.support.hierarchical.NodeTestTask.executeRecursively(NodeTestTask.java:138)
	at org.junit.platform.engine.support.hierarchical.NodeTestTask.execute(NodeTestTask.java:95)
	at java.base/java.util.ArrayList.forEach(ArrayList.java:1596)
	at org.junit.platform.engine.support.hierarchical.SameThreadHierarchicalTestExecutorService.invokeAll(SameThreadHierarchicalTestExecutorService.java:41)
	at org.junit.platform.engine.support.hierarchical.NodeTestTask.lambda$executeRecursively$6(NodeTestTask.java:155)
	at org.junit.platform.engine.support.hierarchical.ThrowableCollector.execute(ThrowableCollector.java:73)
	at org.junit.platform.engine.support.hierarchical.NodeTestTask.lambda$executeRecursively$8(NodeTestTask.java:141)
	at org.junit.platform.engine.support.hierarchical.Node.around(Node.java:137)
	at org.junit.platform.engine.support.hierarchical.NodeTestTask.lambda$executeRecursively$9(NodeTestTask.java:139)
	at org.junit.platform.engine.support.hierarchical.ThrowableCollector.execute(ThrowableCollector.java:73)
	at org.junit.platform.engine.support.hierarchical.NodeTestTask.executeRecursively(NodeTestTask.java:138)
	at org.junit.platform.engine.support.hierarchical.NodeTestTask.execute(NodeTestTask.java:95)
	at org.junit.platform.engine.support.hierarchical.SameThreadHierarchicalTestExecutorService.submit(SameThreadHierarchicalTestExecutorService.java:35)
	at org.junit.platform.engine.support.hierarchical.HierarchicalTestExecutor.execute(HierarchicalTestExecutor.java:57)
	at org.junit.platform.engine.support.hierarchical.HierarchicalTestEngine.execute(HierarchicalTestEngine.java:54)
	at org.junit.platform.launcher.core.EngineExecutionOrchestrator.execute(EngineExecutionOrchestrator.java:198)
	at org.junit.platform.launcher.core.EngineExecutionOrchestrator.execute(EngineExecutionOrchestrator.java:169)
	at org.junit.platform.launcher.core.EngineExecutionOrchestrator.execute(EngineExecutionOrchestrator.java:93)
	at org.junit.platform.launcher.core.EngineExecutionOrchestrator.lambda$execute$0(EngineExecutionOrchestrator.java:58)
	at org.junit.platform.launcher.core.EngineExecutionOrchestrator.withInterceptedStreams(EngineExecutionOrchestrator.java:141)
	at org.junit.platform.launcher.core.EngineExecutionOrchestrator.execute(EngineExecutionOrchestrator.java:57)
	at org.junit.platform.launcher.core.DefaultLauncher.execute(DefaultLauncher.java:103)
	at org.junit.platform.launcher.core.DefaultLauncher.execute(DefaultLauncher.java:85)
	at org.junit.platform.launcher.core.DelegatingLauncher.execute(DelegatingLauncher.java:47)
	at org.junit.platform.launcher.core.SessionPerRequestLauncher.execute(SessionPerRequestLauncher.java:63)
	at com.intellij.junit5.JUnit5IdeaTestRunner.startRunnerWithArgs(JUnit5IdeaTestRunner.java:57)
	at com.intellij.rt.junit.IdeaTestRunner$Repeater$1.execute(IdeaTestRunner.java:38)
	at com.intellij.rt.execution.junit.TestsRepeater.repeat(TestsRepeater.java:11)
	at com.intellij.rt.junit.IdeaTestRunner$Repeater.startRunnerWithArgs(IdeaTestRunner.java:35)
	at com.intellij.rt.junit.JUnitStarter.prepareStreamsAndStart(JUnitStarter.java:232)
	at com.intellij.rt.junit.JUnitStarter.main(JUnitStarter.java:55)
2025-02-11 14:52:11 [main] INFO  l.insoft.uztis.tests.utils.TestUtils - Screenshot moved to C:\Users\ingrida.zadorozniene\Desktop\Asm\UZTIS\UZTIS_tests\test-output\screenshots\20250211\145211580_testFillNewVUIApplicationFA().png
2025-02-11 14:56:56 [main] INFO  lt.insoft.uztis.tests.UztisPageTest - Navigated to https://uztisdev.asseco.lt/home
2025-02-11 14:56:56 [main] INFO  l.i.u.t.SubmittedApplicationsPageTest - Starting test:'testFillNewVUIPApplicationFA'
2025-02-11 14:56:57 [main] DEBUG l.i.u.t.SubmittedApplicationsPageTest - User logged in with test credentials.
2025-02-11 14:56:57 [main] DEBUG l.i.u.t.SubmittedApplicationsPageTest - Opened 'Application Processing' menu.
2025-02-11 14:56:57 [main] DEBUG l.i.u.t.SubmittedApplicationsPageTest - Clicked on 'Application Forms' menu.
2025-02-11 14:56:57 [main] DEBUG l.i.u.t.SubmittedApplicationsPageTest - Retrieved last description code text: 'TST-VUI-00'.
2025-02-11 14:56:58 [main] DEBUG l.i.u.t.SubmittedApplicationsPageTest - Clicked on 'Invitation' menu.
2025-02-11 14:56:59 [main] DEBUG l.i.u.t.SubmittedApplicationsPageTest - Selected application section by code: 'TST-VUI-00'.
2025-02-11 14:56:59 [main] DEBUG l.i.u.t.SubmittedApplicationsPageTest - Clicked 'Search' button.
2025-02-11 14:56:59 [main] DEBUG l.i.u.t.SubmittedApplicationsPageTest - Retrieved invitation code: ''.
2025-02-11 14:56:59 [main] DEBUG l.i.u.t.SubmittedApplicationsPageTest - Clicked on 'Submitted Applications' menu.
2025-02-11 14:57:00 [main] DEBUG l.i.u.t.SubmittedApplicationsPageTest - Selected invitation by code: 'TST-VUI-00'.
2025-02-11 14:57:00 [main] DEBUG l.i.u.t.SubmittedApplicationsPageTest - Invitation code inserted.
2025-02-11 14:57:00 [main] DEBUG l.i.u.t.SubmittedApplicationsPageTest - Clicked on 'Action Application' button.
2025-02-11 14:57:00 [main] DEBUG l.i.u.t.SubmittedApplicationsPageTest - Clicked on 'New Application' button.
2025-02-11 14:57:01 [main] DEBUG l.i.u.t.SubmittedApplicationsPageTest - Selected the 'RadioButtonFA' option.
2025-02-11 14:57:01 [main] DEBUG l.i.u.t.SubmittedApplicationsPageTest - Entered phone number: '61298745'.
2025-02-11 14:57:01 [main] DEBUG l.i.u.t.SubmittedApplicationsPageTest - Entered email: 'test@autotest.com'.
2025-02-11 14:57:01 [main] INFO  l.i.u.p.SubmittedApplicationsPage - Located the dropdown button.
2025-02-11 14:57:19 [main] INFO  l.i.u.p.SubmittedApplicationsPage - Found 1741 options in the dropdown.
2025-02-11 14:57:19 [main] INFO  l.i.u.p.SubmittedApplicationsPage - Successfully selected the value: '01.11 - Grūdinių (išskyrus ryžius), ankštinių ir aliejingų sėklų augalų auginimas'
2025-02-11 14:57:30 [main] ERROR l.i.u.p.SubmittedApplicationsPage - Failed to close the dropdown with aria-expanded = 'false'. Attempting manual close.
2025-02-11 14:57:30 [main] INFO  l.i.u.p.SubmittedApplicationsPage - Manual close attempt for the dropdown using body click.
2025-02-11 14:57:30 [main] DEBUG l.i.u.t.SubmittedApplicationsPageTest - Selected EVRK value: '01.11 - Grūdinių (išskyrus ryžius), ankštinių ir aliejingų sėklų augalų auginimas'.
2025-02-11 14:57:30 [main] DEBUG l.i.u.t.SubmittedApplicationsPageTest - Entered address: 'Vilniaus m. sav., Vilnius, Testo g. 10T'.
2025-02-11 14:57:30 [main] DEBUG l.i.u.t.SubmittedApplicationsPageTest - Entered project date.
2025-02-11 14:57:30 [main] DEBUG l.i.u.t.SubmittedApplicationsPageTest - Entered job count: '1'.
2025-02-11 14:57:31 [main] DEBUG l.i.u.t.SubmittedApplicationsPageTest - Clicked 'Next' button.
2025-02-11 14:57:31 [main] INFO  l.i.u.p.SubmittedApplicationsPage - Located the dropdown button.
2025-02-11 14:57:32 [main] INFO  l.i.u.p.SubmittedApplicationsPage - Successfully selected the value: 'Administratoriai'
2025-02-11 14:58:02 [main] ERROR l.i.u.p.SubmittedApplicationsPage - Timeout while waiting for dropdown to close with aria-expanded = 'false'.
2025-02-11 14:58:02 [main] DEBUG l.i.u.t.SubmittedApplicationsPageTest - Selected job name: 'Administratoriai'.
2025-02-11 14:58:02 [main] DEBUG l.i.u.t.SubmittedApplicationsPageTest - Entered job function: 'Funkcija 1'.
2025-02-11 14:58:02 [main] DEBUG l.i.u.t.SubmittedApplicationsPageTest - Selected 'RadioButtonWithDisabilities' option.
2025-02-11 14:58:02 [main] INFO  l.i.u.p.SubmittedApplicationsPage - Clicking on the dropdown button.
2025-02-11 14:58:03 [main] INFO  l.i.u.p.SubmittedApplicationsPage - Found 34 options in the dropdown.
2025-02-11 14:58:03 [main] DEBUG l.i.u.p.SubmittedApplicationsPage - Checking option: 'Asmenys, kuriems suteiktas pabėgėlio statusas ar perkeliamojo asmens statusas, arba asmenys, kuriems suteikta papildoma ar laikinoji apsauga, ir asmenys, turintys teisę gauti laikinąją apsaugą, iki sprendimo dėl laikinosios apsaugos suteikimo (nesuteikimo) priėmimo, tačiau ne ilgiau kaip laikinosios apsaugos laikotarpiu'
2025-02-11 14:58:03 [main] DEBUG l.i.u.p.SubmittedApplicationsPage - Checking option: 'Asmenys, kuriems suteiktas pabėgėlio statusas ar perkeliamojo asmens statusas, arba asmenys, kuriems suteikta papildoma ar laikinoji apsauga, ir asmenys, turintys teisę gauti laikinąją apsaugą, iki sprendimo dėl laikinosios apsaugos suteikimo (nesuteikimo) priėmimo, tačiau ne ilgiau kaip laikinosios apsaugos laikotarpiu'
2025-02-11 14:58:03 [main] DEBUG l.i.u.p.SubmittedApplicationsPage - Checking option: 'Asmenys, turintys teisę į papildomas užimtumo garantijas pagal Lietuvos Respublikos valstybės įmonės Ignalinos atominės elektrinės darbuotojų papildomų užimtumo ir socialinių garantijų įstatymą'
2025-02-11 14:58:03 [main] DEBUG l.i.u.p.SubmittedApplicationsPage - Checking option: 'Asmenys, turintys teisę į papildomas užimtumo garantijas pagal Lietuvos Respublikos valstybės įmonės Ignalinos atominės elektrinės darbuotojų papildomų užimtumo ir socialinių garantijų įstatymą'
2025-02-11 14:58:03 [main] DEBUG l.i.u.p.SubmittedApplicationsPage - Checking option: 'Bedarbiai iki 29 metų'
2025-02-11 14:58:03 [main] DEBUG l.i.u.p.SubmittedApplicationsPage - Checking option: 'Bedarbiai iki 29 metų'
2025-02-11 14:58:03 [main] DEBUG l.i.u.p.SubmittedApplicationsPage - Checking option: 'Bedarbiai, kurie yra darbingo amžiaus neįgalieji, kuriems nustatytas 30–40 procentų darbingumo lygis arba vidutinis neįgalumo lygis'
2025-02-11 14:58:03 [main] DEBUG l.i.u.p.SubmittedApplicationsPage - Checking option: 'Bedarbiai, kurie yra darbingo amžiaus neįgalieji, kuriems nustatytas 30–40 procentų darbingumo lygis arba vidutinis neįgalumo lygis'
2025-02-11 14:58:03 [main] DEBUG l.i.u.p.SubmittedApplicationsPage - Checking option: 'Bedarbiai, kurie yra darbingo amžiaus neįgalieji, kuriems nustatytas 45–55 procentų darbingumo lygis arba lengvas neįgalumo lygis'
2025-02-11 14:58:03 [main] DEBUG l.i.u.p.SubmittedApplicationsPage - Checking option: 'Bedarbiai, kurie yra darbingo amžiaus neįgalieji, kuriems nustatytas 45–55 procentų darbingumo lygis arba lengvas neįgalumo lygis'
2025-02-11 14:58:03 [main] DEBUG l.i.u.p.SubmittedApplicationsPage - Checking option: 'Bedarbiai, kurie yra darbingo amžiaus neįgalieji, kuriems nustatytas iki 25 procentų darbingumo lygis arba sunkus neįgalumo lygis'
2025-02-11 14:58:03 [main] INFO  l.i.u.p.SubmittedApplicationsPage - Successfully selected the value: 'Bedarbiai, kurie yra darbingo amžiaus neįgalieji, kuriems nustatytas iki 25 procentų darbingumo lygis arba sunkus neįgalumo lygis'
2025-02-11 14:58:03 [main] INFO  l.i.u.p.SubmittedApplicationsPage - Attempting to close the dropdown.
2025-02-11 14:58:14 [main] INFO  l.i.u.p.SubmittedApplicationsPage - Dropdown should be closed now.
2025-02-11 14:58:14 [main] DEBUG l.i.u.t.SubmittedApplicationsPageTest - Selected disabilities type: 'Bedarbiai, kurie yra darbingo amžiaus neįgalieji, kuriems nustatytas iki 25 procentų darbingumo lygis arba sunkus neįgalumo lygis'.
2025-02-11 14:58:14 [main] INFO  l.i.u.p.SubmittedApplicationsPage - Located the dropdown button.
2025-02-11 14:58:15 [main] INFO  l.i.u.p.SubmittedApplicationsPage - Successfully selected the value: 'Kita'
2025-02-11 14:58:25 [main] ERROR l.i.u.p.SubmittedApplicationsPage - Timeout while waiting for dropdown to close with aria-expanded = 'false'.
2025-02-11 14:58:25 [main] DEBUG l.i.u.t.SubmittedApplicationsPageTest - Selected time mode: 'Kita'.
2025-02-11 14:58:25 [main] DEBUG l.i.u.t.SubmittedApplicationsPageTest - Selected time mode other: '6 val. per dieną ir 4 d. per savaitę'.
2025-02-11 14:58:25 [main] DEBUG l.i.u.t.SubmittedApplicationsPageTest - Entered qualification: 'Kvalifikacija 1'.
2025-02-11 14:58:25 [main] DEBUG l.i.u.t.SubmittedApplicationsPageTest - Entered job date.
2025-02-11 14:58:26 [main] DEBUG l.i.u.t.SubmittedApplicationsPageTest - Entered salary amount: '1200'.
2025-02-11 14:58:26 [main] DEBUG l.i.u.t.SubmittedApplicationsPageTest - Selected 'Temporary Job' radio button.
2025-02-11 14:58:26 [main] DEBUG l.i.u.t.SubmittedApplicationsPageTest - Selected 'Season Job' radio button.
2025-02-11 14:58:26 [main] DEBUG l.i.u.t.SubmittedApplicationsPageTest - Selected 'Energy' radio button.
2025-02-11 14:58:26 [main] DEBUG l.i.u.t.SubmittedApplicationsPageTest - Selected 'Repair' radio button.
2025-02-11 14:58:26 [main] DEBUG l.i.u.t.SubmittedApplicationsPageTest - Entered job description: 'Veikla 1'.
2025-02-11 14:58:26 [main] DEBUG l.i.u.t.SubmittedApplicationsPageTest - Entered process description: 'Procesas 1'.
2025-02-11 14:58:27 [main] DEBUG l.i.u.t.SubmittedApplicationsPageTest - Entered energy information: 'Energija 1'.
2025-02-11 14:58:37 [main] ERROR l.i.u.t.SubmittedApplicationsPageTest - Test 'testFillNewVUIApplicationFA' failed with error: no such element: Unable to locate element: {"method":"xpath","selector":"//div[contains(@class, 'mdc-notched-outline')]//following::textarea[7]"}
  (Session info: chrome=132.0.6834.196)
For documentation on this error, please visit: https://www.selenium.dev/documentation/webdriver/troubleshooting/errors#no-such-element-exception
Build info: version: '4.27.0', revision: 'd6e718d134'
System info: os.name: 'Windows 11', os.arch: 'amd64', os.version: '10.0', java.version: '21.0.3'
Driver info: org.openqa.selenium.chrome.ChromeDriver
Command: [c29eacc879cc1d32abcee8f889f79111, findElement {using=xpath, value=//div[contains(@class, 'mdc-notched-outline')]//following::textarea[7]}]
Capabilities {acceptInsecureCerts: false, browserName: chrome, browserVersion: 132.0.6834.196, chrome: {chromedriverVersion: 132.0.6834.159 (2d77d3fc445..., userDataDir: C:\Users\INGRID~1.ZAD\AppDa...}, fedcm:accounts: true, goog:chromeOptions: {debuggerAddress: localhost:58660}, networkConnectionEnabled: false, pageLoadStrategy: normal, platformName: windows, proxy: Proxy(), se:cdp: ws://localhost:58660/devtoo..., se:cdpVersion: 132.0.6834.196, setWindowRect: true, strictFileInteractability: false, timeouts: {implicit: 0, pageLoad: 300000, script: 30000}, unhandledPromptBehavior: dismiss and notify, webauthn:extension:credBlob: true, webauthn:extension:largeBlob: true, webauthn:extension:minPinLength: true, webauthn:extension:prf: true, webauthn:virtualAuthenticators: true}
Session ID: c29eacc879cc1d32abcee8f889f79111
org.openqa.selenium.NoSuchElementException: no such element: Unable to locate element: {"method":"xpath","selector":"//div[contains(@class, 'mdc-notched-outline')]//following::textarea[7]"}
  (Session info: chrome=132.0.6834.196)
For documentation on this error, please visit: https://www.selenium.dev/documentation/webdriver/troubleshooting/errors#no-such-element-exception
Build info: version: '4.27.0', revision: 'd6e718d134'
System info: os.name: 'Windows 11', os.arch: 'amd64', os.version: '10.0', java.version: '21.0.3'
Driver info: org.openqa.selenium.chrome.ChromeDriver
Command: [c29eacc879cc1d32abcee8f889f79111, findElement {using=xpath, value=//div[contains(@class, 'mdc-notched-outline')]//following::textarea[7]}]
Capabilities {acceptInsecureCerts: false, browserName: chrome, browserVersion: 132.0.6834.196, chrome: {chromedriverVersion: 132.0.6834.159 (2d77d3fc445..., userDataDir: C:\Users\INGRID~1.ZAD\AppDa...}, fedcm:accounts: true, goog:chromeOptions: {debuggerAddress: localhost:58660}, networkConnectionEnabled: false, pageLoadStrategy: normal, platformName: windows, proxy: Proxy(), se:cdp: ws://localhost:58660/devtoo..., se:cdpVersion: 132.0.6834.196, setWindowRect: true, strictFileInteractability: false, timeouts: {implicit: 0, pageLoad: 300000, script: 30000}, unhandledPromptBehavior: dismiss and notify, webauthn:extension:credBlob: true, webauthn:extension:largeBlob: true, webauthn:extension:minPinLength: true, webauthn:extension:prf: true, webauthn:virtualAuthenticators: true}
Session ID: c29eacc879cc1d32abcee8f889f79111
	at java.base/jdk.internal.reflect.DirectConstructorHandleAccessor.newInstance(DirectConstructorHandleAccessor.java:62)
	at java.base/java.lang.reflect.Constructor.newInstanceWithCaller(Constructor.java:502)
	at java.base/java.lang.reflect.Constructor.newInstance(Constructor.java:486)
	at org.openqa.selenium.remote.ErrorCodec.decode(ErrorCodec.java:167)
	at org.openqa.selenium.remote.codec.w3c.W3CHttpResponseCodec.decode(W3CHttpResponseCodec.java:138)
	at org.openqa.selenium.remote.codec.w3c.W3CHttpResponseCodec.decode(W3CHttpResponseCodec.java:50)
	at org.openqa.selenium.remote.HttpCommandExecutor.execute(HttpCommandExecutor.java:190)
	at org.openqa.selenium.remote.service.DriverCommandExecutor.invokeExecute(DriverCommandExecutor.java:216)
	at org.openqa.selenium.remote.service.DriverCommandExecutor.execute(DriverCommandExecutor.java:174)
	at org.openqa.selenium.remote.RemoteWebDriver.execute(RemoteWebDriver.java:545)
	at org.openqa.selenium.remote.ElementLocation$ElementFinder$2.findElement(ElementLocation.java:165)
	at org.openqa.selenium.remote.ElementLocation.findElement(ElementLocation.java:59)
	at org.openqa.selenium.remote.RemoteWebDriver.findElement(RemoteWebDriver.java:368)
	at org.openqa.selenium.remote.RemoteWebDriver.findElement(RemoteWebDriver.java:362)
	at org.openqa.selenium.support.pagefactory.DefaultElementLocator.findElement(DefaultElementLocator.java:68)
	at org.openqa.selenium.support.pagefactory.internal.LocatingElementHandler.invoke(LocatingElementHandler.java:38)
	at jdk.proxy2/jdk.proxy2.$Proxy14.clear(Unknown Source)
	at lt.insoft.uztis.pages.SubmittedApplicationsPage.enterRepairInformation(SubmittedApplicationsPage.java:1008)
	at lt.insoft.uztis.tests.SubmittedApplicationsPageTest.testFillNewVUIApplicationFA(SubmittedApplicationsPageTest.java:245)
	at java.base/jdk.internal.reflect.DirectMethodHandleAccessor.invoke(DirectMethodHandleAccessor.java:103)
	at java.base/java.lang.reflect.Method.invoke(Method.java:580)
	at org.junit.platform.commons.util.ReflectionUtils.invokeMethod(ReflectionUtils.java:728)
	at org.junit.jupiter.engine.execution.MethodInvocation.proceed(MethodInvocation.java:60)
	at org.junit.jupiter.engine.execution.InvocationInterceptorChain$ValidatingInvocation.proceed(InvocationInterceptorChain.java:131)
	at org.junit.jupiter.engine.extension.TimeoutExtension.intercept(TimeoutExtension.java:156)
	at org.junit.jupiter.engine.extension.TimeoutExtension.interceptTestableMethod(TimeoutExtension.java:147)
	at org.junit.jupiter.engine.extension.TimeoutExtension.interceptTestMethod(TimeoutExtension.java:86)
	at org.junit.jupiter.engine.execution.InterceptingExecutableInvoker$ReflectiveInterceptorCall.lambda$ofVoidMethod$0(InterceptingExecutableInvoker.java:103)
	at org.junit.jupiter.engine.execution.InterceptingExecutableInvoker.lambda$invoke$0(InterceptingExecutableInvoker.java:93)
	at org.junit.jupiter.engine.execution.InvocationInterceptorChain$InterceptedInvocation.proceed(InvocationInterceptorChain.java:106)
	at org.junit.jupiter.engine.execution.InvocationInterceptorChain.proceed(InvocationInterceptorChain.java:64)
	at org.junit.jupiter.engine.execution.InvocationInterceptorChain.chainAndInvoke(InvocationInterceptorChain.java:45)
	at org.junit.jupiter.engine.execution.InvocationInterceptorChain.invoke(InvocationInterceptorChain.java:37)
	at org.junit.jupiter.engine.execution.InterceptingExecutableInvoker.invoke(InterceptingExecutableInvoker.java:92)
	at org.junit.jupiter.engine.execution.InterceptingExecutableInvoker.invoke(InterceptingExecutableInvoker.java:86)
	at org.junit.jupiter.engine.descriptor.TestMethodTestDescriptor.lambda$invokeTestMethod$7(TestMethodTestDescriptor.java:218)
	at org.junit.platform.engine.support.hierarchical.ThrowableCollector.execute(ThrowableCollector.java:73)
	at org.junit.jupiter.engine.descriptor.TestMethodTestDescriptor.invokeTestMethod(TestMethodTestDescriptor.java:214)
	at org.junit.jupiter.engine.descriptor.TestMethodTestDescriptor.execute(TestMethodTestDescriptor.java:139)
	at org.junit.jupiter.engine.descriptor.TestMethodTestDescriptor.execute(TestMethodTestDescriptor.java:69)
	at org.junit.platform.engine.support.hierarchical.NodeTestTask.lambda$executeRecursively$6(NodeTestTask.java:151)
	at org.junit.platform.engine.support.hierarchical.ThrowableCollector.execute(ThrowableCollector.java:73)
	at org.junit.platform.engine.support.hierarchical.NodeTestTask.lambda$executeRecursively$8(NodeTestTask.java:141)
	at org.junit.platform.engine.support.hierarchical.Node.around(Node.java:137)
	at org.junit.platform.engine.support.hierarchical.NodeTestTask.lambda$executeRecursively$9(NodeTestTask.java:139)
	at org.junit.platform.engine.support.hierarchical.ThrowableCollector.execute(ThrowableCollector.java:73)
	at org.junit.platform.engine.support.hierarchical.NodeTestTask.executeRecursively(NodeTestTask.java:138)
	at org.junit.platform.engine.support.hierarchical.NodeTestTask.execute(NodeTestTask.java:95)
	at java.base/java.util.ArrayList.forEach(ArrayList.java:1596)
	at org.junit.platform.engine.support.hierarchical.SameThreadHierarchicalTestExecutorService.invokeAll(SameThreadHierarchicalTestExecutorService.java:41)
	at org.junit.platform.engine.support.hierarchical.NodeTestTask.lambda$executeRecursively$6(NodeTestTask.java:155)
	at org.junit.platform.engine.support.hierarchical.ThrowableCollector.execute(ThrowableCollector.java:73)
	at org.junit.platform.engine.support.hierarchical.NodeTestTask.lambda$executeRecursively$8(NodeTestTask.java:141)
	at org.junit.platform.engine.support.hierarchical.Node.around(Node.java:137)
	at org.junit.platform.engine.support.hierarchical.NodeTestTask.lambda$executeRecursively$9(NodeTestTask.java:139)
	at org.junit.platform.engine.support.hierarchical.ThrowableCollector.execute(ThrowableCollector.java:73)
	at org.junit.platform.engine.support.hierarchical.NodeTestTask.executeRecursively(NodeTestTask.java:138)
	at org.junit.platform.engine.support.hierarchical.NodeTestTask.execute(NodeTestTask.java:95)
	at java.base/java.util.ArrayList.forEach(ArrayList.java:1596)
	at org.junit.platform.engine.support.hierarchical.SameThreadHierarchicalTestExecutorService.invokeAll(SameThreadHierarchicalTestExecutorService.java:41)
	at org.junit.platform.engine.support.hierarchical.NodeTestTask.lambda$executeRecursively$6(NodeTestTask.java:155)
	at org.junit.platform.engine.support.hierarchical.ThrowableCollector.execute(ThrowableCollector.java:73)
	at org.junit.platform.engine.support.hierarchical.NodeTestTask.lambda$executeRecursively$8(NodeTestTask.java:141)
	at org.junit.platform.engine.support.hierarchical.Node.around(Node.java:137)
	at org.junit.platform.engine.support.hierarchical.NodeTestTask.lambda$executeRecursively$9(NodeTestTask.java:139)
	at org.junit.platform.engine.support.hierarchical.ThrowableCollector.execute(ThrowableCollector.java:73)
	at org.junit.platform.engine.support.hierarchical.NodeTestTask.executeRecursively(NodeTestTask.java:138)
	at org.junit.platform.engine.support.hierarchical.NodeTestTask.execute(NodeTestTask.java:95)
	at org.junit.platform.engine.support.hierarchical.SameThreadHierarchicalTestExecutorService.submit(SameThreadHierarchicalTestExecutorService.java:35)
	at org.junit.platform.engine.support.hierarchical.HierarchicalTestExecutor.execute(HierarchicalTestExecutor.java:57)
	at org.junit.platform.engine.support.hierarchical.HierarchicalTestEngine.execute(HierarchicalTestEngine.java:54)
	at org.junit.platform.launcher.core.EngineExecutionOrchestrator.execute(EngineExecutionOrchestrator.java:198)
	at org.junit.platform.launcher.core.EngineExecutionOrchestrator.execute(EngineExecutionOrchestrator.java:169)
	at org.junit.platform.launcher.core.EngineExecutionOrchestrator.execute(EngineExecutionOrchestrator.java:93)
	at org.junit.platform.launcher.core.EngineExecutionOrchestrator.lambda$execute$0(EngineExecutionOrchestrator.java:58)
	at org.junit.platform.launcher.core.EngineExecutionOrchestrator.withInterceptedStreams(EngineExecutionOrchestrator.java:141)
	at org.junit.platform.launcher.core.EngineExecutionOrchestrator.execute(EngineExecutionOrchestrator.java:57)
	at org.junit.platform.launcher.core.DefaultLauncher.execute(DefaultLauncher.java:103)
	at org.junit.platform.launcher.core.DefaultLauncher.execute(DefaultLauncher.java:85)
	at org.junit.platform.launcher.core.DelegatingLauncher.execute(DelegatingLauncher.java:47)
	at org.junit.platform.launcher.core.SessionPerRequestLauncher.execute(SessionPerRequestLauncher.java:63)
	at com.intellij.junit5.JUnit5IdeaTestRunner.startRunnerWithArgs(JUnit5IdeaTestRunner.java:57)
	at com.intellij.rt.junit.IdeaTestRunner$Repeater$1.execute(IdeaTestRunner.java:38)
	at com.intellij.rt.execution.junit.TestsRepeater.repeat(TestsRepeater.java:11)
	at com.intellij.rt.junit.IdeaTestRunner$Repeater.startRunnerWithArgs(IdeaTestRunner.java:35)
	at com.intellij.rt.junit.JUnitStarter.prepareStreamsAndStart(JUnitStarter.java:232)
	at com.intellij.rt.junit.JUnitStarter.main(JUnitStarter.java:55)
2025-02-11 14:58:37 [main] INFO  l.insoft.uztis.tests.utils.TestUtils - Screenshot moved to C:\Users\ingrida.zadorozniene\Desktop\Asm\UZTIS\UZTIS_tests\test-output\screenshots\20250211\145837374_testFillNewVUIApplicationFA().png
2025-02-11 15:08:17 [main] INFO  lt.insoft.uztis.tests.UztisPageTest - Navigated to https://uztisdev.asseco.lt/home
2025-02-11 15:08:17 [main] INFO  l.i.u.t.SubmittedApplicationsPageTest - Starting test:'testFillNewVUIPApplicationFA'
2025-02-11 15:08:17 [main] DEBUG l.i.u.t.SubmittedApplicationsPageTest - User logged in with test credentials.
2025-02-11 15:08:18 [main] DEBUG l.i.u.t.SubmittedApplicationsPageTest - Opened 'Application Processing' menu.
2025-02-11 15:08:18 [main] DEBUG l.i.u.t.SubmittedApplicationsPageTest - Clicked on 'Application Forms' menu.
2025-02-11 15:08:18 [main] DEBUG l.i.u.t.SubmittedApplicationsPageTest - Retrieved last description code text: 'TST-VUI-00'.
2025-02-11 15:08:18 [main] DEBUG l.i.u.t.SubmittedApplicationsPageTest - Clicked on 'Invitation' menu.
2025-02-11 15:08:19 [main] DEBUG l.i.u.t.SubmittedApplicationsPageTest - Selected application section by code: 'TST-VUI-00'.
2025-02-11 15:08:19 [main] DEBUG l.i.u.t.SubmittedApplicationsPageTest - Clicked 'Search' button.
2025-02-11 15:08:19 [main] DEBUG l.i.u.t.SubmittedApplicationsPageTest - Retrieved invitation code: ''.
2025-02-11 15:08:19 [main] DEBUG l.i.u.t.SubmittedApplicationsPageTest - Clicked on 'Submitted Applications' menu.
2025-02-11 15:08:20 [main] DEBUG l.i.u.t.SubmittedApplicationsPageTest - Selected invitation by code: 'TST-VUI-00'.
2025-02-11 15:08:20 [main] DEBUG l.i.u.t.SubmittedApplicationsPageTest - Invitation code inserted.
2025-02-11 15:08:21 [main] DEBUG l.i.u.t.SubmittedApplicationsPageTest - Clicked on 'Action Application' button.
2025-02-11 15:08:21 [main] DEBUG l.i.u.t.SubmittedApplicationsPageTest - Clicked on 'New Application' button.
2025-02-11 15:08:21 [main] DEBUG l.i.u.t.SubmittedApplicationsPageTest - Selected the 'RadioButtonFA' option.
2025-02-11 15:08:21 [main] DEBUG l.i.u.t.SubmittedApplicationsPageTest - Entered phone number: '61298745'.
2025-02-11 15:08:22 [main] DEBUG l.i.u.t.SubmittedApplicationsPageTest - Entered email: 'test@autotest.com'.
2025-02-11 15:08:22 [main] INFO  l.i.u.p.SubmittedApplicationsPage - Located the dropdown button.
2025-02-11 15:08:38 [main] INFO  l.i.u.p.SubmittedApplicationsPage - Found 1741 options in the dropdown.
2025-02-11 15:08:38 [main] INFO  l.i.u.p.SubmittedApplicationsPage - Successfully selected the value: '01.11 - Grūdinių (išskyrus ryžius), ankštinių ir aliejingų sėklų augalų auginimas'
2025-02-11 15:08:49 [main] ERROR l.i.u.p.SubmittedApplicationsPage - Failed to close the dropdown with aria-expanded = 'false'. Attempting manual close.
2025-02-11 15:08:49 [main] INFO  l.i.u.p.SubmittedApplicationsPage - Manual close attempt for the dropdown using body click.
2025-02-11 15:08:49 [main] DEBUG l.i.u.t.SubmittedApplicationsPageTest - Selected EVRK value: '01.11 - Grūdinių (išskyrus ryžius), ankštinių ir aliejingų sėklų augalų auginimas'.
2025-02-11 15:08:49 [main] DEBUG l.i.u.t.SubmittedApplicationsPageTest - Entered address: 'Vilniaus m. sav., Vilnius, Testo g. 10T'.
2025-02-11 15:08:49 [main] DEBUG l.i.u.t.SubmittedApplicationsPageTest - Entered project date.
2025-02-11 15:08:49 [main] DEBUG l.i.u.t.SubmittedApplicationsPageTest - Entered job count: '1'.
2025-02-11 15:08:50 [main] DEBUG l.i.u.t.SubmittedApplicationsPageTest - Clicked 'Next' button.
2025-02-11 15:08:50 [main] INFO  l.i.u.p.SubmittedApplicationsPage - Located the dropdown button.
2025-02-11 15:08:51 [main] INFO  l.i.u.p.SubmittedApplicationsPage - Successfully selected the value: 'Administratoriai'
2025-02-11 15:09:21 [main] ERROR l.i.u.p.SubmittedApplicationsPage - Timeout while waiting for dropdown to close with aria-expanded = 'false'.
2025-02-11 15:09:21 [main] DEBUG l.i.u.t.SubmittedApplicationsPageTest - Selected job name: 'Administratoriai'.
2025-02-11 15:09:21 [main] DEBUG l.i.u.t.SubmittedApplicationsPageTest - Entered job function: 'Funkcija 1'.
2025-02-11 15:09:21 [main] DEBUG l.i.u.t.SubmittedApplicationsPageTest - Selected 'RadioButtonWithDisabilities' option.
2025-02-11 15:09:21 [main] INFO  l.i.u.p.SubmittedApplicationsPage - Clicking on the dropdown button.
2025-02-11 15:09:22 [main] INFO  l.i.u.p.SubmittedApplicationsPage - Found 34 options in the dropdown.
2025-02-11 15:09:22 [main] DEBUG l.i.u.p.SubmittedApplicationsPage - Checking option: 'Asmenys, kuriems suteiktas pabėgėlio statusas ar perkeliamojo asmens statusas, arba asmenys, kuriems suteikta papildoma ar laikinoji apsauga, ir asmenys, turintys teisę gauti laikinąją apsaugą, iki sprendimo dėl laikinosios apsaugos suteikimo (nesuteikimo) priėmimo, tačiau ne ilgiau kaip laikinosios apsaugos laikotarpiu'
2025-02-11 15:09:22 [main] DEBUG l.i.u.p.SubmittedApplicationsPage - Checking option: 'Asmenys, kuriems suteiktas pabėgėlio statusas ar perkeliamojo asmens statusas, arba asmenys, kuriems suteikta papildoma ar laikinoji apsauga, ir asmenys, turintys teisę gauti laikinąją apsaugą, iki sprendimo dėl laikinosios apsaugos suteikimo (nesuteikimo) priėmimo, tačiau ne ilgiau kaip laikinosios apsaugos laikotarpiu'
2025-02-11 15:09:22 [main] DEBUG l.i.u.p.SubmittedApplicationsPage - Checking option: 'Asmenys, turintys teisę į papildomas užimtumo garantijas pagal Lietuvos Respublikos valstybės įmonės Ignalinos atominės elektrinės darbuotojų papildomų užimtumo ir socialinių garantijų įstatymą'
2025-02-11 15:09:22 [main] DEBUG l.i.u.p.SubmittedApplicationsPage - Checking option: 'Asmenys, turintys teisę į papildomas užimtumo garantijas pagal Lietuvos Respublikos valstybės įmonės Ignalinos atominės elektrinės darbuotojų papildomų užimtumo ir socialinių garantijų įstatymą'
2025-02-11 15:09:22 [main] DEBUG l.i.u.p.SubmittedApplicationsPage - Checking option: 'Bedarbiai iki 29 metų'
2025-02-11 15:09:22 [main] DEBUG l.i.u.p.SubmittedApplicationsPage - Checking option: 'Bedarbiai iki 29 metų'
2025-02-11 15:09:22 [main] DEBUG l.i.u.p.SubmittedApplicationsPage - Checking option: 'Bedarbiai, kurie yra darbingo amžiaus neįgalieji, kuriems nustatytas 30–40 procentų darbingumo lygis arba vidutinis neįgalumo lygis'
2025-02-11 15:09:22 [main] DEBUG l.i.u.p.SubmittedApplicationsPage - Checking option: 'Bedarbiai, kurie yra darbingo amžiaus neįgalieji, kuriems nustatytas 30–40 procentų darbingumo lygis arba vidutinis neįgalumo lygis'
2025-02-11 15:09:22 [main] DEBUG l.i.u.p.SubmittedApplicationsPage - Checking option: 'Bedarbiai, kurie yra darbingo amžiaus neįgalieji, kuriems nustatytas 45–55 procentų darbingumo lygis arba lengvas neįgalumo lygis'
2025-02-11 15:09:22 [main] DEBUG l.i.u.p.SubmittedApplicationsPage - Checking option: 'Bedarbiai, kurie yra darbingo amžiaus neįgalieji, kuriems nustatytas 45–55 procentų darbingumo lygis arba lengvas neįgalumo lygis'
2025-02-11 15:09:22 [main] DEBUG l.i.u.p.SubmittedApplicationsPage - Checking option: 'Bedarbiai, kurie yra darbingo amžiaus neįgalieji, kuriems nustatytas iki 25 procentų darbingumo lygis arba sunkus neįgalumo lygis'
2025-02-11 15:09:22 [main] INFO  l.i.u.p.SubmittedApplicationsPage - Successfully selected the value: 'Bedarbiai, kurie yra darbingo amžiaus neįgalieji, kuriems nustatytas iki 25 procentų darbingumo lygis arba sunkus neįgalumo lygis'
2025-02-11 15:09:22 [main] INFO  l.i.u.p.SubmittedApplicationsPage - Attempting to close the dropdown.
2025-02-11 15:09:33 [main] INFO  l.i.u.p.SubmittedApplicationsPage - Dropdown should be closed now.
2025-02-11 15:09:33 [main] DEBUG l.i.u.t.SubmittedApplicationsPageTest - Selected disabilities type: 'Bedarbiai, kurie yra darbingo amžiaus neįgalieji, kuriems nustatytas iki 25 procentų darbingumo lygis arba sunkus neįgalumo lygis'.
2025-02-11 15:09:33 [main] INFO  l.i.u.p.SubmittedApplicationsPage - Located the dropdown button.
2025-02-11 15:09:33 [main] INFO  l.i.u.p.SubmittedApplicationsPage - Successfully selected the value: 'Kita'
2025-02-11 15:09:44 [main] ERROR l.i.u.p.SubmittedApplicationsPage - Timeout while waiting for dropdown to close with aria-expanded = 'false'.
2025-02-11 15:09:44 [main] DEBUG l.i.u.t.SubmittedApplicationsPageTest - Selected time mode: 'Kita'.
2025-02-11 15:09:44 [main] DEBUG l.i.u.t.SubmittedApplicationsPageTest - Selected time mode other: '6 val. per dieną ir 4 d. per savaitę'.
2025-02-11 15:09:44 [main] DEBUG l.i.u.t.SubmittedApplicationsPageTest - Entered qualification: 'Kvalifikacija 1'.
2025-02-11 15:09:44 [main] DEBUG l.i.u.t.SubmittedApplicationsPageTest - Entered job date.
2025-02-11 15:09:45 [main] DEBUG l.i.u.t.SubmittedApplicationsPageTest - Entered salary amount: '1200'.
2025-02-11 15:09:45 [main] DEBUG l.i.u.t.SubmittedApplicationsPageTest - Selected 'Temporary Job' radio button.
2025-02-11 15:09:45 [main] DEBUG l.i.u.t.SubmittedApplicationsPageTest - Selected 'Season Job' radio button.
2025-02-11 15:09:45 [main] DEBUG l.i.u.t.SubmittedApplicationsPageTest - Selected 'Energy' radio button.
2025-02-11 15:09:45 [main] DEBUG l.i.u.t.SubmittedApplicationsPageTest - Selected 'Repair' radio button.
2025-02-11 15:09:45 [main] DEBUG l.i.u.t.SubmittedApplicationsPageTest - Entered job description: 'Veikla 1'.
2025-02-11 15:09:46 [main] DEBUG l.i.u.t.SubmittedApplicationsPageTest - Entered process description: 'Procesas 1'.
2025-02-11 15:09:46 [main] DEBUG l.i.u.t.SubmittedApplicationsPageTest - Entered energy information: 'Energija 1'.
2025-02-11 15:09:46 [main] DEBUG l.i.u.t.SubmittedApplicationsPageTest - Entered repair information: 'Remontas 1'.
2025-02-11 15:09:46 [main] DEBUG l.i.u.t.SubmittedApplicationsPageTest - Selected 'PVM' radio button.
2025-02-11 15:09:46 [main] INFO  l.i.u.p.SubmittedApplicationsPage - Located the dropdown button.
2025-02-11 15:09:47 [main] INFO  l.i.u.p.SubmittedApplicationsPage - Successfully selected the value: 'Įsigyti'
2025-02-11 15:10:07 [main] ERROR l.i.u.p.SubmittedApplicationsPage - Timeout while waiting for dropdown to close with aria-expanded = 'false'.
2025-02-11 15:10:07 [main] DEBUG l.i.u.t.SubmittedApplicationsPageTest - Selected necessary for job: 'Įsigyti'.
2025-02-11 15:10:07 [main] DEBUG l.i.u.t.SubmittedApplicationsPageTest - Selected tool: 'Darbo priemonė 1'.
2025-02-11 15:10:07 [main] DEBUG l.i.u.t.SubmittedApplicationsPageTest - Selected tool parameter one: 'Darbo priemonės 1 parametras 1'.
2025-02-11 15:10:08 [main] DEBUG l.i.u.t.SubmittedApplicationsPageTest - Selected tool parameter two: 'Darbo priemonės 1 parametras 2'.
2025-02-11 15:10:08 [main] DEBUG l.i.u.t.SubmittedApplicationsPageTest - Selected tool parameter three: 'Darbo priemonės 1 parametras 3'.
2025-02-11 15:10:08 [main] DEBUG l.i.u.t.SubmittedApplicationsPageTest - Entered tool count: '1'.
2025-02-11 15:10:08 [main] DEBUG l.i.u.t.SubmittedApplicationsPageTest - Entered price amount 1: '1000'.
2025-02-11 15:10:08 [main] DEBUG l.i.u.t.SubmittedApplicationsPageTest - Entered own funds amount 1: '800'.
2025-02-11 15:10:09 [main] DEBUG l.i.u.t.SubmittedApplicationsPageTest - Clicked 'Add' button.
2025-02-11 15:10:09 [main] INFO  l.i.u.p.SubmittedApplicationsPage - Located the dropdown button.
2025-02-11 15:10:09 [main] INFO  l.i.u.p.SubmittedApplicationsPage - Successfully selected the value: 'Remontuoti'
2025-02-11 15:10:29 [main] ERROR l.i.u.p.SubmittedApplicationsPage - Timeout while waiting for dropdown to close with aria-expanded = 'false'.
2025-02-11 15:10:29 [main] DEBUG l.i.u.t.SubmittedApplicationsPageTest - Selected necessary for job 'to repair': 'Remontuoti'.
2025-02-11 15:10:39 [main] ERROR l.i.u.t.SubmittedApplicationsPageTest - Test 'testFillNewVUIApplicationFA' failed with error: no such element: Unable to locate element: {"method":"xpath","selector":"//mat-form-field[contains(.//label, 'Remonto darbų pavadinimas')]//input"}
  (Session info: chrome=132.0.6834.196)
For documentation on this error, please visit: https://www.selenium.dev/documentation/webdriver/troubleshooting/errors#no-such-element-exception
Build info: version: '4.27.0', revision: 'd6e718d134'
System info: os.name: 'Windows 11', os.arch: 'amd64', os.version: '10.0', java.version: '21.0.3'
Driver info: org.openqa.selenium.chrome.ChromeDriver
Command: [d9650ccea0b13befb82bb87828a751ee, findElement {value=//mat-form-field[contains(.//label, 'Remonto darbų pavadinimas')]//input, using=xpath}]
Capabilities {acceptInsecureCerts: false, browserName: chrome, browserVersion: 132.0.6834.196, chrome: {chromedriverVersion: 132.0.6834.159 (2d77d3fc445..., userDataDir: C:\Users\INGRID~1.ZAD\AppDa...}, fedcm:accounts: true, goog:chromeOptions: {debuggerAddress: localhost:59051}, networkConnectionEnabled: false, pageLoadStrategy: normal, platformName: windows, proxy: Proxy(), se:cdp: ws://localhost:59051/devtoo..., se:cdpVersion: 132.0.6834.196, setWindowRect: true, strictFileInteractability: false, timeouts: {implicit: 0, pageLoad: 300000, script: 30000}, unhandledPromptBehavior: dismiss and notify, webauthn:extension:credBlob: true, webauthn:extension:largeBlob: true, webauthn:extension:minPinLength: true, webauthn:extension:prf: true, webauthn:virtualAuthenticators: true}
Session ID: d9650ccea0b13befb82bb87828a751ee
org.openqa.selenium.NoSuchElementException: no such element: Unable to locate element: {"method":"xpath","selector":"//mat-form-field[contains(.//label, 'Remonto darbų pavadinimas')]//input"}
  (Session info: chrome=132.0.6834.196)
For documentation on this error, please visit: https://www.selenium.dev/documentation/webdriver/troubleshooting/errors#no-such-element-exception
Build info: version: '4.27.0', revision: 'd6e718d134'
System info: os.name: 'Windows 11', os.arch: 'amd64', os.version: '10.0', java.version: '21.0.3'
Driver info: org.openqa.selenium.chrome.ChromeDriver
Command: [d9650ccea0b13befb82bb87828a751ee, findElement {value=//mat-form-field[contains(.//label, 'Remonto darbų pavadinimas')]//input, using=xpath}]
Capabilities {acceptInsecureCerts: false, browserName: chrome, browserVersion: 132.0.6834.196, chrome: {chromedriverVersion: 132.0.6834.159 (2d77d3fc445..., userDataDir: C:\Users\INGRID~1.ZAD\AppDa...}, fedcm:accounts: true, goog:chromeOptions: {debuggerAddress: localhost:59051}, networkConnectionEnabled: false, pageLoadStrategy: normal, platformName: windows, proxy: Proxy(), se:cdp: ws://localhost:59051/devtoo..., se:cdpVersion: 132.0.6834.196, setWindowRect: true, strictFileInteractability: false, timeouts: {implicit: 0, pageLoad: 300000, script: 30000}, unhandledPromptBehavior: dismiss and notify, webauthn:extension:credBlob: true, webauthn:extension:largeBlob: true, webauthn:extension:minPinLength: true, webauthn:extension:prf: true, webauthn:virtualAuthenticators: true}
Session ID: d9650ccea0b13befb82bb87828a751ee
	at java.base/jdk.internal.reflect.DirectConstructorHandleAccessor.newInstance(DirectConstructorHandleAccessor.java:62)
	at java.base/java.lang.reflect.Constructor.newInstanceWithCaller(Constructor.java:502)
	at java.base/java.lang.reflect.Constructor.newInstance(Constructor.java:486)
	at org.openqa.selenium.remote.ErrorCodec.decode(ErrorCodec.java:167)
	at org.openqa.selenium.remote.codec.w3c.W3CHttpResponseCodec.decode(W3CHttpResponseCodec.java:138)
	at org.openqa.selenium.remote.codec.w3c.W3CHttpResponseCodec.decode(W3CHttpResponseCodec.java:50)
	at org.openqa.selenium.remote.HttpCommandExecutor.execute(HttpCommandExecutor.java:190)
	at org.openqa.selenium.remote.service.DriverCommandExecutor.invokeExecute(DriverCommandExecutor.java:216)
	at org.openqa.selenium.remote.service.DriverCommandExecutor.execute(DriverCommandExecutor.java:174)
	at org.openqa.selenium.remote.RemoteWebDriver.execute(RemoteWebDriver.java:545)
	at org.openqa.selenium.remote.ElementLocation$ElementFinder$2.findElement(ElementLocation.java:165)
	at org.openqa.selenium.remote.ElementLocation.findElement(ElementLocation.java:59)
	at org.openqa.selenium.remote.RemoteWebDriver.findElement(RemoteWebDriver.java:368)
	at org.openqa.selenium.remote.RemoteWebDriver.findElement(RemoteWebDriver.java:362)
	at org.openqa.selenium.support.pagefactory.DefaultElementLocator.findElement(DefaultElementLocator.java:68)
	at org.openqa.selenium.support.pagefactory.internal.LocatingElementHandler.invoke(LocatingElementHandler.java:38)
	at jdk.proxy2/jdk.proxy2.$Proxy14.clear(Unknown Source)
	at lt.insoft.uztis.pages.SubmittedApplicationsPage.enterRepairName(SubmittedApplicationsPage.java:1160)
	at lt.insoft.uztis.tests.SubmittedApplicationsPageTest.testFillNewVUIApplicationFA(SubmittedApplicationsPageTest.java:291)
	at java.base/jdk.internal.reflect.DirectMethodHandleAccessor.invoke(DirectMethodHandleAccessor.java:103)
	at java.base/java.lang.reflect.Method.invoke(Method.java:580)
	at org.junit.platform.commons.util.ReflectionUtils.invokeMethod(ReflectionUtils.java:728)
	at org.junit.jupiter.engine.execution.MethodInvocation.proceed(MethodInvocation.java:60)
	at org.junit.jupiter.engine.execution.InvocationInterceptorChain$ValidatingInvocation.proceed(InvocationInterceptorChain.java:131)
	at org.junit.jupiter.engine.extension.TimeoutExtension.intercept(TimeoutExtension.java:156)
	at org.junit.jupiter.engine.extension.TimeoutExtension.interceptTestableMethod(TimeoutExtension.java:147)
	at org.junit.jupiter.engine.extension.TimeoutExtension.interceptTestMethod(TimeoutExtension.java:86)
	at org.junit.jupiter.engine.execution.InterceptingExecutableInvoker$ReflectiveInterceptorCall.lambda$ofVoidMethod$0(InterceptingExecutableInvoker.java:103)
	at org.junit.jupiter.engine.execution.InterceptingExecutableInvoker.lambda$invoke$0(InterceptingExecutableInvoker.java:93)
	at org.junit.jupiter.engine.execution.InvocationInterceptorChain$InterceptedInvocation.proceed(InvocationInterceptorChain.java:106)
	at org.junit.jupiter.engine.execution.InvocationInterceptorChain.proceed(InvocationInterceptorChain.java:64)
	at org.junit.jupiter.engine.execution.InvocationInterceptorChain.chainAndInvoke(InvocationInterceptorChain.java:45)
	at org.junit.jupiter.engine.execution.InvocationInterceptorChain.invoke(InvocationInterceptorChain.java:37)
	at org.junit.jupiter.engine.execution.InterceptingExecutableInvoker.invoke(InterceptingExecutableInvoker.java:92)
	at org.junit.jupiter.engine.execution.InterceptingExecutableInvoker.invoke(InterceptingExecutableInvoker.java:86)
	at org.junit.jupiter.engine.descriptor.TestMethodTestDescriptor.lambda$invokeTestMethod$7(TestMethodTestDescriptor.java:218)
	at org.junit.platform.engine.support.hierarchical.ThrowableCollector.execute(ThrowableCollector.java:73)
	at org.junit.jupiter.engine.descriptor.TestMethodTestDescriptor.invokeTestMethod(TestMethodTestDescriptor.java:214)
	at org.junit.jupiter.engine.descriptor.TestMethodTestDescriptor.execute(TestMethodTestDescriptor.java:139)
	at org.junit.jupiter.engine.descriptor.TestMethodTestDescriptor.execute(TestMethodTestDescriptor.java:69)
	at org.junit.platform.engine.support.hierarchical.NodeTestTask.lambda$executeRecursively$6(NodeTestTask.java:151)
	at org.junit.platform.engine.support.hierarchical.ThrowableCollector.execute(ThrowableCollector.java:73)
	at org.junit.platform.engine.support.hierarchical.NodeTestTask.lambda$executeRecursively$8(NodeTestTask.java:141)
	at org.junit.platform.engine.support.hierarchical.Node.around(Node.java:137)
	at org.junit.platform.engine.support.hierarchical.NodeTestTask.lambda$executeRecursively$9(NodeTestTask.java:139)
	at org.junit.platform.engine.support.hierarchical.ThrowableCollector.execute(ThrowableCollector.java:73)
	at org.junit.platform.engine.support.hierarchical.NodeTestTask.executeRecursively(NodeTestTask.java:138)
	at org.junit.platform.engine.support.hierarchical.NodeTestTask.execute(NodeTestTask.java:95)
	at java.base/java.util.ArrayList.forEach(ArrayList.java:1596)
	at org.junit.platform.engine.support.hierarchical.SameThreadHierarchicalTestExecutorService.invokeAll(SameThreadHierarchicalTestExecutorService.java:41)
	at org.junit.platform.engine.support.hierarchical.NodeTestTask.lambda$executeRecursively$6(NodeTestTask.java:155)
	at org.junit.platform.engine.support.hierarchical.ThrowableCollector.execute(ThrowableCollector.java:73)
	at org.junit.platform.engine.support.hierarchical.NodeTestTask.lambda$executeRecursively$8(NodeTestTask.java:141)
	at org.junit.platform.engine.support.hierarchical.Node.around(Node.java:137)
	at org.junit.platform.engine.support.hierarchical.NodeTestTask.lambda$executeRecursively$9(NodeTestTask.java:139)
	at org.junit.platform.engine.support.hierarchical.ThrowableCollector.execute(ThrowableCollector.java:73)
	at org.junit.platform.engine.support.hierarchical.NodeTestTask.executeRecursively(NodeTestTask.java:138)
	at org.junit.platform.engine.support.hierarchical.NodeTestTask.execute(NodeTestTask.java:95)
	at java.base/java.util.ArrayList.forEach(ArrayList.java:1596)
	at org.junit.platform.engine.support.hierarchical.SameThreadHierarchicalTestExecutorService.invokeAll(SameThreadHierarchicalTestExecutorService.java:41)
	at org.junit.platform.engine.support.hierarchical.NodeTestTask.lambda$executeRecursively$6(NodeTestTask.java:155)
	at org.junit.platform.engine.support.hierarchical.ThrowableCollector.execute(ThrowableCollector.java:73)
	at org.junit.platform.engine.support.hierarchical.NodeTestTask.lambda$executeRecursively$8(NodeTestTask.java:141)
	at org.junit.platform.engine.support.hierarchical.Node.around(Node.java:137)
	at org.junit.platform.engine.support.hierarchical.NodeTestTask.lambda$executeRecursively$9(NodeTestTask.java:139)
	at org.junit.platform.engine.support.hierarchical.ThrowableCollector.execute(ThrowableCollector.java:73)
	at org.junit.platform.engine.support.hierarchical.NodeTestTask.executeRecursively(NodeTestTask.java:138)
	at org.junit.platform.engine.support.hierarchical.NodeTestTask.execute(NodeTestTask.java:95)
	at org.junit.platform.engine.support.hierarchical.SameThreadHierarchicalTestExecutorService.submit(SameThreadHierarchicalTestExecutorService.java:35)
	at org.junit.platform.engine.support.hierarchical.HierarchicalTestExecutor.execute(HierarchicalTestExecutor.java:57)
	at org.junit.platform.engine.support.hierarchical.HierarchicalTestEngine.execute(HierarchicalTestEngine.java:54)
	at org.junit.platform.launcher.core.EngineExecutionOrchestrator.execute(EngineExecutionOrchestrator.java:198)
	at org.junit.platform.launcher.core.EngineExecutionOrchestrator.execute(EngineExecutionOrchestrator.java:169)
	at org.junit.platform.launcher.core.EngineExecutionOrchestrator.execute(EngineExecutionOrchestrator.java:93)
	at org.junit.platform.launcher.core.EngineExecutionOrchestrator.lambda$execute$0(EngineExecutionOrchestrator.java:58)
	at org.junit.platform.launcher.core.EngineExecutionOrchestrator.withInterceptedStreams(EngineExecutionOrchestrator.java:141)
	at org.junit.platform.launcher.core.EngineExecutionOrchestrator.execute(EngineExecutionOrchestrator.java:57)
	at org.junit.platform.launcher.core.DefaultLauncher.execute(DefaultLauncher.java:103)
	at org.junit.platform.launcher.core.DefaultLauncher.execute(DefaultLauncher.java:85)
	at org.junit.platform.launcher.core.DelegatingLauncher.execute(DelegatingLauncher.java:47)
	at org.junit.platform.launcher.core.SessionPerRequestLauncher.execute(SessionPerRequestLauncher.java:63)
	at com.intellij.junit5.JUnit5IdeaTestRunner.startRunnerWithArgs(JUnit5IdeaTestRunner.java:57)
	at com.intellij.rt.junit.IdeaTestRunner$Repeater$1.execute(IdeaTestRunner.java:38)
	at com.intellij.rt.execution.junit.TestsRepeater.repeat(TestsRepeater.java:11)
	at com.intellij.rt.junit.IdeaTestRunner$Repeater.startRunnerWithArgs(IdeaTestRunner.java:35)
	at com.intellij.rt.junit.JUnitStarter.prepareStreamsAndStart(JUnitStarter.java:232)
	at com.intellij.rt.junit.JUnitStarter.main(JUnitStarter.java:55)
2025-02-11 15:10:39 [main] INFO  l.insoft.uztis.tests.utils.TestUtils - Screenshot moved to C:\Users\ingrida.zadorozniene\Desktop\Asm\UZTIS\UZTIS_tests\test-output\screenshots\20250211\151039906_testFillNewVUIApplicationFA().png
2025-02-12 07:12:41 [main] INFO  lt.insoft.uztis.tests.UztisPageTest - Navigated to https://uztisdev.asseco.lt/home
2025-02-12 07:12:41 [main] INFO  l.i.u.tests.ApplicationFormsPageTest - Setup complete. ApplicationFormsPage initialized.
2025-02-12 07:12:41 [main] INFO  l.i.u.tests.ApplicationFormsPageTest - Starting test:'testCreateNewVuiApplication'
2025-02-12 07:12:42 [main] DEBUG l.i.u.tests.ApplicationFormsPageTest - User logged in with test credentials
2025-02-12 07:12:42 [main] DEBUG l.i.u.tests.ApplicationFormsPageTest - Opened 'Application Processing' menu.
2025-02-12 07:12:42 [main] DEBUG l.i.u.tests.ApplicationFormsPageTest - Clicked on 'Application Forms' menu.
2025-02-12 07:12:42 [main] DEBUG l.i.u.tests.ApplicationFormsPageTest - Clicked to create a new application form.
2025-02-12 07:12:42 [main] DEBUG l.i.u.tests.ApplicationFormsPageTest - Entered random application code: TST-VUI-06
2025-02-12 07:12:43 [main] DEBUG l.i.u.tests.ApplicationFormsPageTest - Selected 'Section' radio button.
2025-02-12 07:12:43 [main] INFO  l.i.uztis.pages.ApplicationFormsPage - Located the dropdown button.
2025-02-12 07:12:44 [main] INFO  l.i.uztis.pages.ApplicationFormsPage - Successfully selected the value: 'Skyrius 1'
2025-02-12 07:12:54 [main] ERROR l.i.uztis.pages.ApplicationFormsPage - Failed to close the dropdown with aria-expanded = 'false'.
2025-02-12 07:12:54 [main] DEBUG l.i.u.tests.ApplicationFormsPageTest - Selected a value from the 'Section' dropdown: 'Skyrius 1'
2025-02-12 07:12:54 [main] DEBUG l.i.u.tests.ApplicationFormsPageTest - Selected 'Budget by Municipality' option.
2025-02-12 07:12:54 [main] DEBUG l.i.u.tests.ApplicationFormsPageTest - Selected 'Financed Without Queue' option.
2025-02-12 07:12:54 [main] DEBUG l.i.u.tests.ApplicationFormsPageTest - Clicked 'Add' button.
2025-02-12 07:12:54 [main] INFO  l.i.uztis.pages.ApplicationFormsPage - Located the dropdown button.
2025-02-12 07:12:55 [main] INFO  l.i.uztis.pages.ApplicationFormsPage - Successfully selected the value: 'VUI paraiškos vertinimo forma - I etapas'
2025-02-12 07:13:06 [main] ERROR l.i.uztis.pages.ApplicationFormsPage - Failed to close the dropdown with aria-expanded = 'false'.
2025-02-12 07:13:06 [main] DEBUG l.i.u.tests.ApplicationFormsPageTest - Selected a value from the 'EvaluationOne' dropdown: 'VUI paraiškos vertinimo forma - I etapas'
2025-02-12 07:13:06 [main] INFO  l.i.uztis.pages.ApplicationFormsPage - Located the dropdown button.
2025-02-12 07:13:06 [main] INFO  l.i.uztis.pages.ApplicationFormsPage - Successfully selected the value: 'VUI paraiškos vertinimo forma - II etapas'
2025-02-12 07:13:17 [main] ERROR l.i.uztis.pages.ApplicationFormsPage - Failed to close the dropdown with aria-expanded = 'false'.
2025-02-12 07:13:17 [main] DEBUG l.i.u.tests.ApplicationFormsPageTest - Selected a value from the 'EvaluationTwon' dropdown: 'VUI paraiškos vertinimo forma - II etapas'
2025-02-12 07:13:17 [main] INFO  l.i.uztis.pages.ApplicationFormsPage - Located the dropdown button.
2025-02-12 07:13:17 [main] INFO  l.i.uztis.pages.ApplicationFormsPage - Successfully selected the value: 'VUI paraiškos vertinimo forma - III etapas'
2025-02-12 07:13:27 [main] ERROR l.i.uztis.pages.ApplicationFormsPage - Failed to close the dropdown with aria-expanded = 'false'.
2025-02-12 07:13:27 [main] DEBUG l.i.u.tests.ApplicationFormsPageTest - Selected a value from the 'EvaluationThree' dropdown: 'VUI paraiškos vertinimo forma - III etapas'
2025-02-12 07:13:27 [main] DEBUG l.i.u.tests.ApplicationFormsPageTest - Clicked 'Plus' button.
2025-02-12 07:13:28 [main] DEBUG l.i.u.tests.ApplicationFormsPageTest - Clicked 'Add' button seven times.
2025-02-12 07:13:28 [main] INFO  l.i.uztis.pages.ApplicationFormsPage - Processing dropdown index: 0
2025-02-12 07:13:38 [main] ERROR l.i.uztis.pages.ApplicationFormsPage - Timeout while waiting for dropdown to close at index: 0 with aria-expanded = 'false'
2025-02-12 07:13:38 [main] INFO  l.i.uztis.pages.ApplicationFormsPage - Processing dropdown index: 1
2025-02-12 07:13:50 [main] ERROR l.i.uztis.pages.ApplicationFormsPage - Timeout while waiting for dropdown to close at index: 1 with aria-expanded = 'false'
2025-02-12 07:13:50 [main] INFO  l.i.uztis.pages.ApplicationFormsPage - Processing dropdown index: 2
2025-02-12 07:14:00 [main] ERROR l.i.uztis.pages.ApplicationFormsPage - Timeout while waiting for dropdown to close at index: 2 with aria-expanded = 'false'
2025-02-12 07:14:00 [main] INFO  l.i.uztis.pages.ApplicationFormsPage - Processing dropdown index: 3
2025-02-12 07:14:11 [main] ERROR l.i.uztis.pages.ApplicationFormsPage - Timeout while waiting for dropdown to close at index: 3 with aria-expanded = 'false'
2025-02-12 07:14:11 [main] INFO  l.i.uztis.pages.ApplicationFormsPage - Processing dropdown index: 4
2025-02-12 07:14:22 [main] ERROR l.i.uztis.pages.ApplicationFormsPage - Timeout while waiting for dropdown to close at index: 4 with aria-expanded = 'false'
2025-02-12 07:14:22 [main] INFO  l.i.uztis.pages.ApplicationFormsPage - Processing dropdown index: 5
2025-02-12 07:14:33 [main] ERROR l.i.uztis.pages.ApplicationFormsPage - Timeout while waiting for dropdown to close at index: 5 with aria-expanded = 'false'
2025-02-12 07:14:33 [main] INFO  l.i.uztis.pages.ApplicationFormsPage - Processing dropdown index: 6
2025-02-12 07:14:44 [main] ERROR l.i.uztis.pages.ApplicationFormsPage - Timeout while waiting for dropdown to close at index: 6 with aria-expanded = 'false'
2025-02-12 07:14:44 [main] INFO  l.i.uztis.pages.ApplicationFormsPage - Processing dropdown index: 7
2025-02-12 07:14:55 [main] ERROR l.i.uztis.pages.ApplicationFormsPage - Timeout while waiting for dropdown to close at index: 7 with aria-expanded = 'false'
2025-02-12 07:14:55 [main] INFO  l.i.uztis.pages.ApplicationFormsPage - Processing input field index: 0
2025-02-12 07:14:55 [main] INFO  l.i.uztis.pages.ApplicationFormsPage - Entered value '50' into field index: 0
2025-02-12 07:14:55 [main] INFO  l.i.uztis.pages.ApplicationFormsPage - Processing input field index: 1
2025-02-12 07:14:55 [main] INFO  l.i.uztis.pages.ApplicationFormsPage - Entered value '924' into field index: 1
2025-02-12 07:14:55 [main] INFO  l.i.uztis.pages.ApplicationFormsPage - Processing input field index: 2
2025-02-12 07:14:55 [main] INFO  l.i.uztis.pages.ApplicationFormsPage - Entered value '31' into field index: 2
2025-02-12 07:14:55 [main] INFO  l.i.uztis.pages.ApplicationFormsPage - Processing input field index: 3
2025-02-12 07:14:56 [main] INFO  l.i.uztis.pages.ApplicationFormsPage - Entered value '4.7' into field index: 3
2025-02-12 07:14:56 [main] INFO  l.i.uztis.pages.ApplicationFormsPage - Processing input field index: 4
2025-02-12 07:14:56 [main] INFO  l.i.uztis.pages.ApplicationFormsPage - Entered value '35' into field index: 4
2025-02-12 07:14:56 [main] INFO  l.i.uztis.pages.ApplicationFormsPage - Processing input field index: 5
2025-02-12 07:14:56 [main] INFO  l.i.uztis.pages.ApplicationFormsPage - Entered value '20' into field index: 5
2025-02-12 07:14:56 [main] INFO  l.i.uztis.pages.ApplicationFormsPage - Processing input field index: 6
2025-02-12 07:14:56 [main] INFO  l.i.uztis.pages.ApplicationFormsPage - Entered value '30' into field index: 6
2025-02-12 07:14:56 [main] INFO  l.i.uztis.pages.ApplicationFormsPage - Processing input field index: 7
2025-02-12 07:14:56 [main] INFO  l.i.uztis.pages.ApplicationFormsPage - Entered value '60' into field index: 7
2025-02-12 07:14:56 [main] DEBUG l.i.u.tests.ApplicationFormsPageTest - Entered additional values and text.
2025-02-12 07:14:56 [main] DEBUG l.i.u.tests.ApplicationFormsPageTest - Entered application name: VUI paraiška
2025-02-12 07:14:56 [main] DEBUG l.i.u.tests.ApplicationFormsPageTest - Clicked the 'Save' button.
2025-02-12 07:14:57 [main] INFO  l.i.u.tests.ApplicationFormsPageTest - Verified success message text: 'Duomenys sėkmingai išsaugoti.'
2025-02-12 07:14:57 [main] INFO  l.i.u.tests.ApplicationFormsPageTest - Verified that the 'Save Form' button is displayed.
2025-02-12 07:14:57 [main] INFO  l.i.u.tests.ApplicationFormsPageTest - Test 'testCreateNewVuiApplication' completed successfully.
2025-02-12 07:15:54 [main] INFO  lt.insoft.uztis.tests.UztisPageTest - Navigated to https://uztisdev.asseco.lt/home
2025-02-12 07:15:54 [main] INFO  l.i.u.tests.ApplicationFormsPageTest - Setup complete. ApplicationFormsPage initialized.
2025-02-12 07:15:54 [main] INFO  l.i.u.tests.ApplicationFormsPageTest - Starting test:'testEditAndSaveVuiApplication'
2025-02-12 07:15:54 [main] DEBUG l.i.u.tests.ApplicationFormsPageTest - User logged in with test credentials
2025-02-12 07:15:55 [main] DEBUG l.i.u.tests.ApplicationFormsPageTest - Opened 'Application Processing' menu.
2025-02-12 07:15:55 [main] DEBUG l.i.u.tests.ApplicationFormsPageTest - Clicked on 'Application Forms' menu.
2025-02-12 07:15:55 [main] DEBUG l.i.u.tests.ApplicationFormsPageTest - Selected the last application description.
2025-02-12 07:15:56 [main] DEBUG l.i.u.tests.ApplicationFormsPageTest - Clicked the 'Edit' button.
2025-02-12 07:15:56 [main] DEBUG l.i.u.tests.ApplicationFormsPageTest - Selected 'Municipality' radio button.
2025-02-12 07:15:56 [main] INFO  l.i.uztis.pages.ApplicationFormsPage - Located the dropdown button.
2025-02-12 07:15:56 [main] INFO  l.i.uztis.pages.ApplicationFormsPage - Successfully selected the value: 'Kauno departamentas'
2025-02-12 07:16:06 [main] ERROR l.i.uztis.pages.ApplicationFormsPage - Failed to close the dropdown with aria-expanded = 'false'.
2025-02-12 07:16:06 [main] DEBUG l.i.u.tests.ApplicationFormsPageTest - Selected a value from the 'Municipality' dropdown: 'Kauno departamentas'
2025-02-12 07:16:06 [main] DEBUG l.i.u.tests.ApplicationFormsPageTest - Selected 'Budget By Country' radio button.
2025-02-12 07:16:07 [main] DEBUG l.i.u.tests.ApplicationFormsPageTest - Selected 'Financed By Queue' radio button.
2025-02-12 07:16:07 [main] DEBUG l.i.u.tests.ApplicationFormsPageTest - Entered new application name: _paredaguota
2025-02-12 07:16:07 [main] DEBUG l.i.u.tests.ApplicationFormsPageTest - Clicked the 'Save' button.
2025-02-12 07:16:07 [main] INFO  l.i.u.tests.ApplicationFormsPageTest - Verified success message: 'Duomenys sėkmingai išsaugoti.'
2025-02-12 07:16:07 [main] INFO  l.i.u.tests.ApplicationFormsPageTest - Test 'testEditAndSaveVuiApplication' completed successfully.
2025-02-12 07:19:29 [main] INFO  lt.insoft.uztis.tests.UztisPageTest - Navigated to https://uztisdev.asseco.lt/home
2025-02-12 07:19:29 [main] INFO  l.i.uztis.tests.InvitationsPageTest - Starting test:'testCreateNewVuiInvitationDraft'
2025-02-12 07:19:30 [main] DEBUG l.i.uztis.tests.InvitationsPageTest - User logged in with test credentials
2025-02-12 07:19:30 [main] DEBUG l.i.uztis.tests.InvitationsPageTest - Opened 'Application Processing' menu.
2025-02-12 07:19:30 [main] DEBUG l.i.uztis.tests.InvitationsPageTest - Clicked on 'Application Forms' menu.
2025-02-12 07:19:30 [main] DEBUG l.i.uztis.tests.InvitationsPageTest - Navigating to application forms menu.
2025-02-12 07:19:30 [main] DEBUG l.i.uztis.tests.InvitationsPageTest - Retrieved last description code text: 'TST-VUI-06'.
2025-02-12 07:19:30 [main] DEBUG l.i.uztis.tests.InvitationsPageTest - Clicked on 'Invitation' menu.
2025-02-12 07:19:30 [main] DEBUG l.i.uztis.tests.InvitationsPageTest - Clicked 'Create New Application Form'.
2025-02-12 07:19:31 [main] DEBUG l.i.uztis.tests.InvitationsPageTest - Selected section by code: 'TST-VUI-06'.
2025-02-12 07:19:31 [main] INFO  l.insoft.uztis.pages.InvitationsPage - Located the dropdown button.
2025-02-12 07:19:43 [main] ERROR l.insoft.uztis.pages.InvitationsPage - Timeout while waiting for dropdown to close with aria-expanded = 'false'.
2025-02-12 07:19:43 [main] DEBUG l.i.uztis.tests.InvitationsPageTest - Selected invitation number from the list.
2025-02-12 07:19:43 [main] DEBUG l.i.uztis.tests.InvitationsPageTest - Entered current date.
2025-02-12 07:19:44 [main] DEBUG l.i.uztis.tests.InvitationsPageTest - Entered start time: 00:00.
2025-02-12 07:19:44 [main] DEBUG l.i.uztis.tests.InvitationsPageTest - Entered end date.
2025-02-12 07:19:44 [main] DEBUG l.i.uztis.tests.InvitationsPageTest - Entered end time: 11:11.
2025-02-12 07:19:44 [main] DEBUG l.i.uztis.tests.InvitationsPageTest - Draft saved.
2025-02-12 07:19:45 [main] DEBUG l.insoft.uztis.pages.InvitationsPage - Verified success message: 'Duomenys sėkmingai išsaugoti.'
2025-02-12 07:19:45 [main] INFO  l.i.uztis.tests.InvitationsPageTest - Test 'testCreateNewVuiInvitationDraft' completed successfully.
2025-02-12 07:19:58 [main] INFO  lt.insoft.uztis.tests.UztisPageTest - Navigated to https://uztisdev.asseco.lt/home
2025-02-12 07:19:58 [main] INFO  l.i.uztis.tests.InvitationsPageTest - Starting test:'testEditAndPublishVuiInvitationDraft'
2025-02-12 07:19:58 [main] DEBUG l.i.uztis.tests.InvitationsPageTest - User logged in with test credentials
2025-02-12 07:19:59 [main] DEBUG l.i.uztis.tests.InvitationsPageTest - Opened 'Application Processing' menu.
2025-02-12 07:19:59 [main] DEBUG l.i.uztis.tests.InvitationsPageTest - Clicked on 'Application Forms' menu.
2025-02-12 07:19:59 [main] DEBUG l.i.uztis.tests.InvitationsPageTest - Navigating to application forms menu.
2025-02-12 07:19:59 [main] DEBUG l.i.uztis.tests.InvitationsPageTest - Retrieved last description code text: 'TST-VUI-06'.
2025-02-12 07:19:59 [main] DEBUG l.i.uztis.tests.InvitationsPageTest - Clicked on 'Invitation' menu.
2025-02-12 07:20:00 [main] DEBUG l.i.uztis.tests.InvitationsPageTest - Selected section by code: 'TST-VUI-06'.
2025-02-12 07:20:00 [main] DEBUG l.i.uztis.tests.InvitationsPageTest - Clicked 'Search'.
2025-02-12 07:20:00 [main] DEBUG l.i.uztis.tests.InvitationsPageTest - Getting and inserting application code text.
2025-02-12 07:20:00 [main] DEBUG l.i.uztis.tests.InvitationsPageTest - Clicked 'InvitationDraft'.
2025-02-12 07:20:01 [main] DEBUG l.i.uztis.tests.InvitationsPageTest - Clicked 'Edit'.
2025-02-12 07:20:02 [main] DEBUG l.i.uztis.tests.InvitationsPageTest - Entered publication end date.
2025-02-12 07:20:02 [main] DEBUG l.i.uztis.tests.InvitationsPageTest - Added additional values.
2025-02-12 07:20:02 [main] INFO  l.insoft.uztis.pages.InvitationsPage - Located the dropdown button.
2025-02-12 07:20:02 [main] DEBUG l.i.uztis.tests.InvitationsPageTest - Selected the value: 'Didžiausia galima paramos suma aplinkos darbo vietai, Eur'
2025-02-12 07:20:02 [main] INFO  l.insoft.uztis.pages.InvitationsPage - Located the dropdown button.
2025-02-12 07:20:03 [main] DEBUG l.i.uztis.tests.InvitationsPageTest - Selected the value: 'Didžiausia galima paramos suma, Eur'
2025-02-12 07:20:03 [main] INFO  l.insoft.uztis.pages.InvitationsPage - Located the dropdown button.
2025-02-12 07:20:04 [main] DEBUG l.i.uztis.tests.InvitationsPageTest - Selected the value: 'Didžiausia galima paramos suma vienai darbo vietai, Eur'
2025-02-12 07:20:04 [main] DEBUG l.i.uztis.tests.InvitationsPageTest - Entered value: 11000
2025-02-12 07:20:04 [main] DEBUG l.i.uztis.tests.InvitationsPageTest - Entered value: 12000
2025-02-12 07:20:04 [main] DEBUG l.i.uztis.tests.InvitationsPageTest - Entered value: 13000
2025-02-12 07:20:05 [main] DEBUG l.i.uztis.tests.InvitationsPageTest - Checked 'Legal Entities' checkbox.
2025-02-12 07:20:05 [main] DEBUG l.i.uztis.tests.InvitationsPageTest - Unchecked 'Persons Registered with Employment Service' checkbox.
2025-02-12 07:20:05 [main] DEBUG l.i.uztis.tests.InvitationsPageTest - Checked 'Persons Registered as Employers' checkbox.
2025-02-12 07:20:05 [main] DEBUG l.i.uztis.tests.InvitationsPageTest - Entered second evaluation grade: '5'.
2025-02-12 07:20:05 [main] DEBUG l.i.uztis.tests.InvitationsPageTest - Entered third evaluation grade: '6'.
2025-02-12 07:20:05 [main] DEBUG l.i.uztis.tests.InvitationsPageTest - Entered second evaluation grade weight: '0,45'.
2025-02-12 07:20:05 [main] DEBUG l.i.uztis.tests.InvitationsPageTest - Entered third evaluation grade weight: '0,55'.
2025-02-12 07:20:05 [main] DEBUG l.i.uztis.tests.InvitationsPageTest - Entered budget: '2000'.
2025-02-12 07:20:06 [main] DEBUG l.i.uztis.tests.InvitationsPageTest - Entered description text: 'Aprašo tekstas'.
2025-02-12 07:20:06 [main] DEBUG l.i.uztis.tests.InvitationsPageTest - Entered applicants text: 'Pareiškėjų tekstas'.
2025-02-12 07:20:06 [main] DEBUG l.i.uztis.tests.InvitationsPageTest - Entered expenditures text: 'Išlaidų tekstas'.
2025-02-12 07:20:06 [main] DEBUG l.i.uztis.tests.InvitationsPageTest - Entered legislation text: 'Teisės aktų tekstas'.
2025-02-12 07:20:06 [main] DEBUG l.i.uztis.tests.InvitationsPageTest - Entered education text: 'Mokymų tekstas'.
2025-02-12 07:20:06 [main] DEBUG l.i.uztis.tests.InvitationsPageTest - File uploaded.
2025-02-12 07:20:06 [main] DEBUG l.i.uztis.tests.InvitationsPageTest - Clicked 'Publish'.
2025-02-12 07:20:06 [main] DEBUG l.i.uztis.tests.InvitationsPageTest - Publication confirmed.
2025-02-12 07:20:08 [main] DEBUG l.insoft.uztis.pages.InvitationsPage - Verified success message: 'Funkcija sėkmingai atlikta.'
2025-02-12 07:20:08 [main] INFO  l.i.uztis.tests.InvitationsPageTest - Test 'testEditAndPublishVuiInvitationDraft' completed successfully.
2025-02-12 07:20:23 [main] INFO  lt.insoft.uztis.tests.UztisPageTest - Navigated to https://uztisdev.asseco.lt/home
2025-02-12 07:20:23 [main] INFO  l.i.uztis.tests.InvitationsPageTest - Starting test:'testInsertVuiStatisticInformation'
2025-02-12 07:20:23 [main] DEBUG l.i.uztis.tests.InvitationsPageTest - User logged in with test credentials
2025-02-12 07:20:23 [main] DEBUG l.i.uztis.tests.InvitationsPageTest - Opened 'Application Processing' menu.
2025-02-12 07:20:24 [main] DEBUG l.i.uztis.tests.InvitationsPageTest - Clicked on 'Application Forms' menu.
2025-02-12 07:20:24 [main] DEBUG l.i.uztis.tests.InvitationsPageTest - Navigating to invitation forms menu.
2025-02-12 07:20:24 [main] DEBUG l.i.uztis.tests.InvitationsPageTest - Retrieved last description code text: 'TST-VUI-06'.
2025-02-12 07:20:24 [main] DEBUG l.i.uztis.tests.InvitationsPageTest - Clicked on 'Invitation' menu.
2025-02-12 07:20:25 [main] DEBUG l.i.uztis.tests.InvitationsPageTest - Selected section by code: 'TST-VUI-06'.
2025-02-12 07:20:25 [main] DEBUG l.i.uztis.tests.InvitationsPageTest - Clicked 'Search'.
2025-02-12 07:20:25 [main] DEBUG l.i.uztis.tests.InvitationsPageTest - Getting and inserting application code text.
2025-02-12 07:20:25 [main] DEBUG l.i.uztis.tests.InvitationsPageTest - Clicked 'Publishing'.
2025-02-12 07:20:26 [main] DEBUG l.i.uztis.tests.InvitationsPageTest - Clicked 'Statistic Information' tab.
2025-02-12 07:20:26 [main] DEBUG l.i.uztis.tests.InvitationsPageTest - Clicked 'Edit' button.
2025-02-12 07:20:26 [main] DEBUG l.i.uztis.tests.InvitationsPageTest - Entered current date.
2025-02-12 07:20:26 [main] DEBUG l.i.uztis.tests.InvitationsPageTest - Entered value: 8.7
2025-02-12 07:20:26 [main] DEBUG l.i.uztis.tests.InvitationsPageTest - Entered average salary: 2237.9
2025-02-12 07:20:26 [main] DEBUG l.i.uztis.tests.InvitationsPageTest - File uploaded.
2025-02-12 07:20:26 [main] DEBUG l.i.uztis.tests.InvitationsPageTest - Clicked 'Save' button.
2025-02-12 07:20:28 [main] DEBUG l.insoft.uztis.pages.InvitationsPage - Verified success message: 'Funkcija sėkmingai atlikta.'
2025-02-12 07:20:28 [main] INFO  l.i.uztis.tests.InvitationsPageTest - Test 'testInsertVuiStatisticInformation' completed successfully.
2025-02-12 07:20:39 [main] INFO  lt.insoft.uztis.tests.UztisPageTest - Navigated to https://uztisdev.asseco.lt/home
2025-02-12 07:20:39 [main] INFO  l.i.uztis.tests.InvitationsPageTest - Starting test:'testStopPublicationVuiInvitation'
2025-02-12 07:20:40 [main] DEBUG l.i.uztis.tests.InvitationsPageTest - User logged in with test credentials
2025-02-12 07:20:40 [main] DEBUG l.i.uztis.tests.InvitationsPageTest - Opened 'Application Processing' menu.
2025-02-12 07:20:40 [main] DEBUG l.i.uztis.tests.InvitationsPageTest - Clicked on 'Application Forms' menu.
2025-02-12 07:20:40 [main] DEBUG l.i.uztis.tests.InvitationsPageTest - Navigating to application forms menu.
2025-02-12 07:20:41 [main] DEBUG l.i.uztis.tests.InvitationsPageTest - Retrieved last description code text: 'TST-VUI-06'.
2025-02-12 07:20:41 [main] DEBUG l.i.uztis.tests.InvitationsPageTest - Clicked on 'Invitation' menu.
2025-02-12 07:20:42 [main] DEBUG l.i.uztis.tests.InvitationsPageTest - Selected section by code: 'TST-VUI-06'.
2025-02-12 07:20:42 [main] DEBUG l.i.uztis.tests.InvitationsPageTest - Clicked 'Search'.
2025-02-12 07:20:42 [main] DEBUG l.i.uztis.tests.InvitationsPageTest - Getting and inserting application code text.
2025-02-12 07:20:42 [main] DEBUG l.i.uztis.tests.InvitationsPageTest - Clicked 'Publishing'.
2025-02-12 07:20:43 [main] DEBUG l.i.uztis.tests.InvitationsPageTest - Clicked 'Action'.
2025-02-12 07:20:43 [main] DEBUG l.i.uztis.tests.InvitationsPageTest - Clicked 'Stop Publication'.
2025-02-12 07:20:43 [main] DEBUG l.i.uztis.tests.InvitationsPageTest - Entered expenditures text: 'Priežasties aprašas'.
2025-02-12 07:20:43 [main] DEBUG l.i.uztis.tests.InvitationsPageTest - Clicked 'Stop Publication Confirmation'.
2025-02-12 07:20:44 [main] DEBUG l.i.uztis.tests.InvitationsPageTest - Fetched label text: Sustabdytas publikavimas
2025-02-12 07:20:44 [main] INFO  l.i.uztis.tests.InvitationsPageTest - 'goToInvitationPageTest' completed. Label is: Sustabdytas publikavimas
2025-02-12 07:20:44 [main] INFO  l.i.uztis.tests.InvitationsPageTest - Test 'testStopPublicationVuiInvitation' completed successfully.
2025-02-12 07:20:52 [main] INFO  lt.insoft.uztis.tests.UztisPageTest - Navigated to https://uztisdev.asseco.lt/home
2025-02-12 07:20:52 [main] INFO  l.i.uztis.tests.InvitationsPageTest - Starting test:'testArchiveVuiInvitation'
2025-02-12 07:20:53 [main] DEBUG l.i.uztis.tests.InvitationsPageTest - User logged in with test credentials
2025-02-12 07:20:53 [main] DEBUG l.i.uztis.tests.InvitationsPageTest - Opened 'Application Processing' menu.
2025-02-12 07:20:53 [main] DEBUG l.i.uztis.tests.InvitationsPageTest - Clicked on 'Application Forms' menu.
2025-02-12 07:20:53 [main] DEBUG l.i.uztis.tests.InvitationsPageTest - Navigating to application forms menu.
2025-02-12 07:20:54 [main] DEBUG l.i.uztis.tests.InvitationsPageTest - Retrieved last description code text: 'TST-VUI-06'.
2025-02-12 07:20:54 [main] DEBUG l.i.uztis.tests.InvitationsPageTest - Clicked on 'Invitation' menu.
2025-02-12 07:20:55 [main] DEBUG l.i.uztis.tests.InvitationsPageTest - Selected section by code: 'TST-VUI-06'.
2025-02-12 07:20:55 [main] DEBUG l.i.uztis.tests.InvitationsPageTest - Clicked 'Search'.
2025-02-12 07:20:55 [main] DEBUG l.i.uztis.tests.InvitationsPageTest - Getting and inserting application code text.
2025-02-12 07:20:55 [main] DEBUG l.i.uztis.tests.InvitationsPageTest - Clicked 'Publication Stopped'.
2025-02-12 07:20:56 [main] DEBUG l.i.uztis.tests.InvitationsPageTest - Clicked 'Action'.
2025-02-12 07:20:56 [main] DEBUG l.i.uztis.tests.InvitationsPageTest - Clicked 'Archive'.
2025-02-12 07:20:56 [main] DEBUG l.i.uztis.tests.InvitationsPageTest - Entered expenditures text: 'Priežasties aprašas'.
2025-02-12 07:20:56 [main] DEBUG l.i.uztis.tests.InvitationsPageTest - Clicked 'Stop Publication Confirmation'.
2025-02-12 07:20:56 [main] DEBUG l.i.uztis.tests.InvitationsPageTest - Fetched label text: Archyvuotas
2025-02-12 07:20:56 [main] INFO  l.i.uztis.tests.InvitationsPageTest - 'goToInvitationPageTest' completed. Label is: Archyvuotas
2025-02-12 07:20:56 [main] INFO  l.i.uztis.tests.InvitationsPageTest - Test 'testArchiveVuiInvitation' completed successfully.
2025-02-12 07:21:06 [main] INFO  lt.insoft.uztis.tests.UztisPageTest - Navigated to https://uztisdev.asseco.lt/home
2025-02-12 07:21:07 [main] INFO  l.i.uztis.tests.InvitationsPageTest - Starting test:'testDeleteVuiInvitation'
2025-02-12 07:21:07 [main] DEBUG l.i.uztis.tests.InvitationsPageTest - User logged in with test credentials
2025-02-12 07:21:07 [main] DEBUG l.i.uztis.tests.InvitationsPageTest - Opened 'Application Processing' menu.
2025-02-12 07:21:08 [main] DEBUG l.i.uztis.tests.InvitationsPageTest - Clicked on 'Application Forms' menu.
2025-02-12 07:21:08 [main] DEBUG l.i.uztis.tests.InvitationsPageTest - Navigating to application forms menu.
2025-02-12 07:21:08 [main] DEBUG l.i.uztis.tests.InvitationsPageTest - Retrieved last description code text: 'TST-VUI-06'.
2025-02-12 07:21:08 [main] DEBUG l.i.uztis.tests.InvitationsPageTest - Clicked on 'Invitation' menu.
2025-02-12 07:21:09 [main] DEBUG l.i.uztis.tests.InvitationsPageTest - Selected section by code: 'TST-VUI-06'.
2025-02-12 07:21:09 [main] DEBUG l.i.uztis.tests.InvitationsPageTest - Clicked 'Search'.
2025-02-12 07:21:09 [main] DEBUG l.i.uztis.tests.InvitationsPageTest - Getting and inserting application code text.
2025-02-12 07:21:09 [main] DEBUG l.i.uztis.tests.InvitationsPageTest - Clicked 'Archived'.
2025-02-12 07:21:10 [main] DEBUG l.i.uztis.tests.InvitationsPageTest - Clicked 'Action'.
2025-02-12 07:21:10 [main] DEBUG l.i.uztis.tests.InvitationsPageTest - Clicked 'Delete'.
2025-02-12 07:21:10 [main] DEBUG l.i.uztis.tests.InvitationsPageTest - Clicked 'Stop Publication Confirmation'.
2025-02-12 07:21:10 [main] DEBUG l.insoft.uztis.pages.InvitationsPage - Verified success message: 'Įrašas sėkmingai pašalintas.'
2025-02-12 07:21:10 [main] INFO  l.i.uztis.tests.InvitationsPageTest - Test 'testDeleteVuiInvitation' completed successfully.
2025-02-12 07:22:00 [main] INFO  lt.insoft.uztis.tests.UztisPageTest - Navigated to https://uztisdev.asseco.lt/home
2025-02-12 07:22:00 [main] INFO  l.i.uztis.tests.InvitationsPageTest - Starting test:'testCreateNewVuiInvitationDraft'
2025-02-12 07:22:00 [main] DEBUG l.i.uztis.tests.InvitationsPageTest - User logged in with test credentials
2025-02-12 07:22:00 [main] DEBUG l.i.uztis.tests.InvitationsPageTest - Opened 'Application Processing' menu.
2025-02-12 07:22:00 [main] DEBUG l.i.uztis.tests.InvitationsPageTest - Clicked on 'Application Forms' menu.
2025-02-12 07:22:00 [main] DEBUG l.i.uztis.tests.InvitationsPageTest - Navigating to application forms menu.
2025-02-12 07:22:01 [main] DEBUG l.i.uztis.tests.InvitationsPageTest - Retrieved last description code text: 'TST-VUI-06'.
2025-02-12 07:22:01 [main] DEBUG l.i.uztis.tests.InvitationsPageTest - Clicked on 'Invitation' menu.
2025-02-12 07:22:01 [main] DEBUG l.i.uztis.tests.InvitationsPageTest - Clicked 'Create New Application Form'.
2025-02-12 07:22:02 [main] DEBUG l.i.uztis.tests.InvitationsPageTest - Selected section by code: 'TST-VUI-06'.
2025-02-12 07:22:02 [main] INFO  l.insoft.uztis.pages.InvitationsPage - Located the dropdown button.
2025-02-12 07:22:13 [main] ERROR l.insoft.uztis.pages.InvitationsPage - Timeout while waiting for dropdown to close with aria-expanded = 'false'.
2025-02-12 07:22:13 [main] DEBUG l.i.uztis.tests.InvitationsPageTest - Selected invitation number from the list.
2025-02-12 07:22:14 [main] DEBUG l.i.uztis.tests.InvitationsPageTest - Entered current date.
2025-02-12 07:22:14 [main] DEBUG l.i.uztis.tests.InvitationsPageTest - Entered start time: 00:00.
2025-02-12 07:22:14 [main] DEBUG l.i.uztis.tests.InvitationsPageTest - Entered end date.
2025-02-12 07:22:15 [main] DEBUG l.i.uztis.tests.InvitationsPageTest - Entered end time: 11:11.
2025-02-12 07:22:15 [main] DEBUG l.i.uztis.tests.InvitationsPageTest - Draft saved.
2025-02-12 07:22:15 [main] DEBUG l.insoft.uztis.pages.InvitationsPage - Verified success message: 'Duomenys sėkmingai išsaugoti.'
2025-02-12 07:22:15 [main] INFO  l.i.uztis.tests.InvitationsPageTest - Test 'testCreateNewVuiInvitationDraft' completed successfully.
2025-02-12 07:22:28 [main] INFO  lt.insoft.uztis.tests.UztisPageTest - Navigated to https://uztisdev.asseco.lt/home
2025-02-12 07:22:28 [main] INFO  l.i.uztis.tests.InvitationsPageTest - Starting test:'testEditAndPublishVuiInvitationDraft'
2025-02-12 07:22:28 [main] DEBUG l.i.uztis.tests.InvitationsPageTest - User logged in with test credentials
2025-02-12 07:22:29 [main] DEBUG l.i.uztis.tests.InvitationsPageTest - Opened 'Application Processing' menu.
2025-02-12 07:22:29 [main] DEBUG l.i.uztis.tests.InvitationsPageTest - Clicked on 'Application Forms' menu.
2025-02-12 07:22:29 [main] DEBUG l.i.uztis.tests.InvitationsPageTest - Navigating to application forms menu.
2025-02-12 07:22:29 [main] DEBUG l.i.uztis.tests.InvitationsPageTest - Retrieved last description code text: 'TST-VUI-06'.
2025-02-12 07:22:29 [main] DEBUG l.i.uztis.tests.InvitationsPageTest - Clicked on 'Invitation' menu.
2025-02-12 07:22:30 [main] DEBUG l.i.uztis.tests.InvitationsPageTest - Selected section by code: 'TST-VUI-06'.
2025-02-12 07:22:30 [main] DEBUG l.i.uztis.tests.InvitationsPageTest - Clicked 'Search'.
2025-02-12 07:22:30 [main] DEBUG l.i.uztis.tests.InvitationsPageTest - Getting and inserting application code text.
2025-02-12 07:22:30 [main] DEBUG l.i.uztis.tests.InvitationsPageTest - Clicked 'InvitationDraft'.
2025-02-12 07:22:31 [main] DEBUG l.i.uztis.tests.InvitationsPageTest - Clicked 'Edit'.
2025-02-12 07:22:32 [main] DEBUG l.i.uztis.tests.InvitationsPageTest - Entered publication end date.
2025-02-12 07:22:32 [main] DEBUG l.i.uztis.tests.InvitationsPageTest - Added additional values.
2025-02-12 07:22:32 [main] INFO  l.insoft.uztis.pages.InvitationsPage - Located the dropdown button.
2025-02-12 07:22:32 [main] DEBUG l.i.uztis.tests.InvitationsPageTest - Selected the value: 'Didžiausia galima paramos suma aplinkos darbo vietai, Eur'
2025-02-12 07:22:32 [main] INFO  l.insoft.uztis.pages.InvitationsPage - Located the dropdown button.
2025-02-12 07:22:33 [main] DEBUG l.i.uztis.tests.InvitationsPageTest - Selected the value: 'Didžiausia galima paramos suma, Eur'
2025-02-12 07:22:33 [main] INFO  l.insoft.uztis.pages.InvitationsPage - Located the dropdown button.
2025-02-12 07:22:33 [main] DEBUG l.i.uztis.tests.InvitationsPageTest - Selected the value: 'Didžiausia galima paramos suma vienai darbo vietai, Eur'
2025-02-12 07:22:34 [main] DEBUG l.i.uztis.tests.InvitationsPageTest - Entered value: 11000
2025-02-12 07:22:34 [main] DEBUG l.i.uztis.tests.InvitationsPageTest - Entered value: 12000
2025-02-12 07:22:34 [main] DEBUG l.i.uztis.tests.InvitationsPageTest - Entered value: 13000
2025-02-12 07:22:34 [main] DEBUG l.i.uztis.tests.InvitationsPageTest - Checked 'Legal Entities' checkbox.
2025-02-12 07:22:34 [main] DEBUG l.i.uztis.tests.InvitationsPageTest - Unchecked 'Persons Registered with Employment Service' checkbox.
2025-02-12 07:22:34 [main] DEBUG l.i.uztis.tests.InvitationsPageTest - Checked 'Persons Registered as Employers' checkbox.
2025-02-12 07:22:34 [main] DEBUG l.i.uztis.tests.InvitationsPageTest - Entered second evaluation grade: '5'.
2025-02-12 07:22:35 [main] DEBUG l.i.uztis.tests.InvitationsPageTest - Entered third evaluation grade: '6'.
2025-02-12 07:22:35 [main] DEBUG l.i.uztis.tests.InvitationsPageTest - Entered second evaluation grade weight: '0,45'.
2025-02-12 07:22:35 [main] DEBUG l.i.uztis.tests.InvitationsPageTest - Entered third evaluation grade weight: '0,55'.
2025-02-12 07:22:35 [main] DEBUG l.i.uztis.tests.InvitationsPageTest - Entered budget: '2000'.
2025-02-12 07:22:35 [main] DEBUG l.i.uztis.tests.InvitationsPageTest - Entered description text: 'Aprašo tekstas'.
2025-02-12 07:22:35 [main] DEBUG l.i.uztis.tests.InvitationsPageTest - Entered applicants text: 'Pareiškėjų tekstas'.
2025-02-12 07:22:35 [main] DEBUG l.i.uztis.tests.InvitationsPageTest - Entered expenditures text: 'Išlaidų tekstas'.
2025-02-12 07:22:36 [main] DEBUG l.i.uztis.tests.InvitationsPageTest - Entered legislation text: 'Teisės aktų tekstas'.
2025-02-12 07:22:36 [main] DEBUG l.i.uztis.tests.InvitationsPageTest - Entered education text: 'Mokymų tekstas'.
2025-02-12 07:22:36 [main] DEBUG l.i.uztis.tests.InvitationsPageTest - File uploaded.
2025-02-12 07:22:36 [main] DEBUG l.i.uztis.tests.InvitationsPageTest - Clicked 'Publish'.
2025-02-12 07:22:36 [main] DEBUG l.i.uztis.tests.InvitationsPageTest - Publication confirmed.
2025-02-12 07:22:36 [main] DEBUG l.insoft.uztis.pages.InvitationsPage - Verified success message: 'Funkcija sėkmingai atlikta.'
2025-02-12 07:22:36 [main] INFO  l.i.uztis.tests.InvitationsPageTest - Test 'testEditAndPublishVuiInvitationDraft' completed successfully.
2025-02-12 07:22:50 [main] INFO  lt.insoft.uztis.tests.UztisPageTest - Navigated to https://uztisdev.asseco.lt/home
2025-02-12 07:22:50 [main] INFO  l.i.uztis.tests.InvitationsPageTest - Starting test:'testInsertVuiStatisticInformation'
2025-02-12 07:22:51 [main] DEBUG l.i.uztis.tests.InvitationsPageTest - User logged in with test credentials
2025-02-12 07:22:51 [main] DEBUG l.i.uztis.tests.InvitationsPageTest - Opened 'Application Processing' menu.
2025-02-12 07:22:51 [main] DEBUG l.i.uztis.tests.InvitationsPageTest - Clicked on 'Application Forms' menu.
2025-02-12 07:22:51 [main] DEBUG l.i.uztis.tests.InvitationsPageTest - Navigating to invitation forms menu.
2025-02-12 07:22:51 [main] DEBUG l.i.uztis.tests.InvitationsPageTest - Retrieved last description code text: 'TST-VUI-06'.
2025-02-12 07:22:52 [main] DEBUG l.i.uztis.tests.InvitationsPageTest - Clicked on 'Invitation' menu.
2025-02-12 07:22:52 [main] DEBUG l.i.uztis.tests.InvitationsPageTest - Selected section by code: 'TST-VUI-06'.
2025-02-12 07:22:52 [main] DEBUG l.i.uztis.tests.InvitationsPageTest - Clicked 'Search'.
2025-02-12 07:22:52 [main] DEBUG l.i.uztis.tests.InvitationsPageTest - Getting and inserting application code text.
2025-02-12 07:22:53 [main] DEBUG l.i.uztis.tests.InvitationsPageTest - Clicked 'Publishing'.
2025-02-12 07:22:53 [main] DEBUG l.i.uztis.tests.InvitationsPageTest - Clicked 'Statistic Information' tab.
2025-02-12 07:22:53 [main] DEBUG l.i.uztis.tests.InvitationsPageTest - Clicked 'Edit' button.
2025-02-12 07:22:54 [main] DEBUG l.i.uztis.tests.InvitationsPageTest - Entered current date.
2025-02-12 07:22:54 [main] DEBUG l.i.uztis.tests.InvitationsPageTest - Entered value: 8.7
2025-02-12 07:22:54 [main] DEBUG l.i.uztis.tests.InvitationsPageTest - Entered average salary: 2237.9
2025-02-12 07:22:54 [main] DEBUG l.i.uztis.tests.InvitationsPageTest - File uploaded.
2025-02-12 07:22:54 [main] DEBUG l.i.uztis.tests.InvitationsPageTest - Clicked 'Save' button.
2025-02-12 07:22:55 [main] DEBUG l.insoft.uztis.pages.InvitationsPage - Verified success message: 'Funkcija sėkmingai atlikta.'
2025-02-12 07:22:55 [main] INFO  l.i.uztis.tests.InvitationsPageTest - Test 'testInsertVuiStatisticInformation' completed successfully.
2025-02-12 07:23:27 [main] INFO  lt.insoft.uztis.tests.UztisPageTest - Navigated to https://uztisdev.asseco.lt/home
2025-02-12 07:23:27 [main] INFO  l.i.u.t.SubmittedApplicationsPageTest - Starting test:'testFillNewVUIPApplicationFA'
2025-02-12 07:23:27 [main] DEBUG l.i.u.t.SubmittedApplicationsPageTest - User logged in with test credentials.
2025-02-12 07:23:28 [main] DEBUG l.i.u.t.SubmittedApplicationsPageTest - Opened 'Application Processing' menu.
2025-02-12 07:23:28 [main] DEBUG l.i.u.t.SubmittedApplicationsPageTest - Clicked on 'Application Forms' menu.
2025-02-12 07:23:28 [main] DEBUG l.i.u.t.SubmittedApplicationsPageTest - Retrieved last description code text: 'TST-VUI-06'.
2025-02-12 07:23:28 [main] DEBUG l.i.u.t.SubmittedApplicationsPageTest - Clicked on 'Invitation' menu.
2025-02-12 07:23:29 [main] DEBUG l.i.u.t.SubmittedApplicationsPageTest - Selected application section by code: 'TST-VUI-06'.
2025-02-12 07:23:29 [main] DEBUG l.i.u.t.SubmittedApplicationsPageTest - Clicked 'Search' button.
2025-02-12 07:23:29 [main] DEBUG l.i.u.t.SubmittedApplicationsPageTest - Retrieved invitation code: ''.
2025-02-12 07:23:29 [main] DEBUG l.i.u.t.SubmittedApplicationsPageTest - Clicked on 'Submitted Applications' menu.
2025-02-12 07:23:30 [main] DEBUG l.i.u.t.SubmittedApplicationsPageTest - Selected invitation by code: 'TST-VUI-06'.
2025-02-12 07:23:30 [main] DEBUG l.i.u.t.SubmittedApplicationsPageTest - Invitation code inserted.
2025-02-12 07:23:30 [main] DEBUG l.i.u.t.SubmittedApplicationsPageTest - Clicked on 'Action Application' button.
2025-02-12 07:23:30 [main] DEBUG l.i.u.t.SubmittedApplicationsPageTest - Clicked on 'New Application' button.
2025-02-12 07:23:31 [main] DEBUG l.i.u.t.SubmittedApplicationsPageTest - Selected the 'RadioButtonFA' option.
2025-02-12 07:23:31 [main] DEBUG l.i.u.t.SubmittedApplicationsPageTest - Entered phone number: '61298745'.
2025-02-12 07:23:31 [main] DEBUG l.i.u.t.SubmittedApplicationsPageTest - Entered email: 'test@autotest.com'.
2025-02-12 07:23:31 [main] INFO  l.i.u.p.SubmittedApplicationsPage - Located the dropdown button.
2025-02-12 07:23:49 [main] INFO  l.i.u.p.SubmittedApplicationsPage - Found 1741 options in the dropdown.
2025-02-12 07:23:49 [main] INFO  l.i.u.p.SubmittedApplicationsPage - Successfully selected the value: '01.11 - Grūdinių (išskyrus ryžius), ankštinių ir aliejingų sėklų augalų auginimas'
2025-02-12 07:23:59 [main] ERROR l.i.u.p.SubmittedApplicationsPage - Failed to close the dropdown with aria-expanded = 'false'. Attempting manual close.
2025-02-12 07:23:59 [main] INFO  l.i.u.p.SubmittedApplicationsPage - Manual close attempt for the dropdown using body click.
2025-02-12 07:23:59 [main] DEBUG l.i.u.t.SubmittedApplicationsPageTest - Selected EVRK value: '01.11 - Grūdinių (išskyrus ryžius), ankštinių ir aliejingų sėklų augalų auginimas'.
2025-02-12 07:24:00 [main] DEBUG l.i.u.t.SubmittedApplicationsPageTest - Entered address: 'Vilniaus m. sav., Vilnius, Testo g. 10T'.
2025-02-12 07:24:00 [main] DEBUG l.i.u.t.SubmittedApplicationsPageTest - Entered project date.
2025-02-12 07:24:00 [main] DEBUG l.i.u.t.SubmittedApplicationsPageTest - Entered job count: '1'.
2025-02-12 07:24:00 [main] DEBUG l.i.u.t.SubmittedApplicationsPageTest - Clicked 'Next' button.
2025-02-12 07:24:00 [main] INFO  l.i.u.p.SubmittedApplicationsPage - Located the dropdown button.
2025-02-12 07:24:01 [main] INFO  l.i.u.p.SubmittedApplicationsPage - Successfully selected the value: 'Administratoriai'
2025-02-12 07:24:31 [main] ERROR l.i.u.p.SubmittedApplicationsPage - Timeout while waiting for dropdown to close with aria-expanded = 'false'.
2025-02-12 07:24:31 [main] DEBUG l.i.u.t.SubmittedApplicationsPageTest - Selected job name: 'Administratoriai'.
2025-02-12 07:24:31 [main] DEBUG l.i.u.t.SubmittedApplicationsPageTest - Entered job function: 'Funkcija 1'.
2025-02-12 07:24:32 [main] DEBUG l.i.u.t.SubmittedApplicationsPageTest - Selected 'RadioButtonWithDisabilities' option.
2025-02-12 07:24:32 [main] INFO  l.i.u.p.SubmittedApplicationsPage - Clicking on the dropdown button.
2025-02-12 07:24:32 [main] INFO  l.i.u.p.SubmittedApplicationsPage - Found 34 options in the dropdown.
2025-02-12 07:24:32 [main] DEBUG l.i.u.p.SubmittedApplicationsPage - Checking option: 'Asmenys, kuriems suteiktas pabėgėlio statusas ar perkeliamojo asmens statusas, arba asmenys, kuriems suteikta papildoma ar laikinoji apsauga, ir asmenys, turintys teisę gauti laikinąją apsaugą, iki sprendimo dėl laikinosios apsaugos suteikimo (nesuteikimo) priėmimo, tačiau ne ilgiau kaip laikinosios apsaugos laikotarpiu'
2025-02-12 07:24:33 [main] DEBUG l.i.u.p.SubmittedApplicationsPage - Checking option: 'Asmenys, kuriems suteiktas pabėgėlio statusas ar perkeliamojo asmens statusas, arba asmenys, kuriems suteikta papildoma ar laikinoji apsauga, ir asmenys, turintys teisę gauti laikinąją apsaugą, iki sprendimo dėl laikinosios apsaugos suteikimo (nesuteikimo) priėmimo, tačiau ne ilgiau kaip laikinosios apsaugos laikotarpiu'
2025-02-12 07:24:33 [main] DEBUG l.i.u.p.SubmittedApplicationsPage - Checking option: 'Asmenys, turintys teisę į papildomas užimtumo garantijas pagal Lietuvos Respublikos valstybės įmonės Ignalinos atominės elektrinės darbuotojų papildomų užimtumo ir socialinių garantijų įstatymą'
2025-02-12 07:24:33 [main] DEBUG l.i.u.p.SubmittedApplicationsPage - Checking option: 'Asmenys, turintys teisę į papildomas užimtumo garantijas pagal Lietuvos Respublikos valstybės įmonės Ignalinos atominės elektrinės darbuotojų papildomų užimtumo ir socialinių garantijų įstatymą'
2025-02-12 07:24:33 [main] DEBUG l.i.u.p.SubmittedApplicationsPage - Checking option: 'Bedarbiai iki 29 metų'
2025-02-12 07:24:33 [main] DEBUG l.i.u.p.SubmittedApplicationsPage - Checking option: 'Bedarbiai iki 29 metų'
2025-02-12 07:24:33 [main] DEBUG l.i.u.p.SubmittedApplicationsPage - Checking option: 'Bedarbiai, kurie yra darbingo amžiaus neįgalieji, kuriems nustatytas 30–40 procentų darbingumo lygis arba vidutinis neįgalumo lygis'
2025-02-12 07:24:33 [main] DEBUG l.i.u.p.SubmittedApplicationsPage - Checking option: 'Bedarbiai, kurie yra darbingo amžiaus neįgalieji, kuriems nustatytas 30–40 procentų darbingumo lygis arba vidutinis neįgalumo lygis'
2025-02-12 07:24:33 [main] DEBUG l.i.u.p.SubmittedApplicationsPage - Checking option: 'Bedarbiai, kurie yra darbingo amžiaus neįgalieji, kuriems nustatytas 45–55 procentų darbingumo lygis arba lengvas neįgalumo lygis'
2025-02-12 07:24:33 [main] DEBUG l.i.u.p.SubmittedApplicationsPage - Checking option: 'Bedarbiai, kurie yra darbingo amžiaus neįgalieji, kuriems nustatytas 45–55 procentų darbingumo lygis arba lengvas neįgalumo lygis'
2025-02-12 07:24:33 [main] DEBUG l.i.u.p.SubmittedApplicationsPage - Checking option: 'Bedarbiai, kurie yra darbingo amžiaus neįgalieji, kuriems nustatytas iki 25 procentų darbingumo lygis arba sunkus neįgalumo lygis'
2025-02-12 07:24:33 [main] INFO  l.i.u.p.SubmittedApplicationsPage - Successfully selected the value: 'Bedarbiai, kurie yra darbingo amžiaus neįgalieji, kuriems nustatytas iki 25 procentų darbingumo lygis arba sunkus neįgalumo lygis'
2025-02-12 07:24:33 [main] INFO  l.i.u.p.SubmittedApplicationsPage - Attempting to close the dropdown.
2025-02-12 07:24:43 [main] INFO  l.i.u.p.SubmittedApplicationsPage - Dropdown should be closed now.
2025-02-12 07:24:43 [main] DEBUG l.i.u.t.SubmittedApplicationsPageTest - Selected disabilities type: 'Bedarbiai, kurie yra darbingo amžiaus neįgalieji, kuriems nustatytas iki 25 procentų darbingumo lygis arba sunkus neįgalumo lygis'.
2025-02-12 07:24:43 [main] INFO  l.i.u.p.SubmittedApplicationsPage - Located the dropdown button.
2025-02-12 07:24:44 [main] INFO  l.i.u.p.SubmittedApplicationsPage - Successfully selected the value: 'Kita'
2025-02-12 07:24:54 [main] ERROR l.i.u.p.SubmittedApplicationsPage - Timeout while waiting for dropdown to close with aria-expanded = 'false'.
2025-02-12 07:24:54 [main] DEBUG l.i.u.t.SubmittedApplicationsPageTest - Selected time mode: 'Kita'.
2025-02-12 07:24:54 [main] DEBUG l.i.u.t.SubmittedApplicationsPageTest - Selected time mode other: '6 val. per dieną ir 4 d. per savaitę'.
2025-02-12 07:24:54 [main] DEBUG l.i.u.t.SubmittedApplicationsPageTest - Entered qualification: 'Kvalifikacija 1'.
2025-02-12 07:24:55 [main] DEBUG l.i.u.t.SubmittedApplicationsPageTest - Entered job date.
2025-02-12 07:24:55 [main] DEBUG l.i.u.t.SubmittedApplicationsPageTest - Entered salary amount: '1200'.
2025-02-12 07:24:55 [main] DEBUG l.i.u.t.SubmittedApplicationsPageTest - Selected 'Temporary Job' radio button.
2025-02-12 07:24:55 [main] DEBUG l.i.u.t.SubmittedApplicationsPageTest - Selected 'Season Job' radio button.
2025-02-12 07:24:55 [main] DEBUG l.i.u.t.SubmittedApplicationsPageTest - Selected 'Energy' radio button.
2025-02-12 07:24:55 [main] DEBUG l.i.u.t.SubmittedApplicationsPageTest - Selected 'Repair' radio button.
2025-02-12 07:24:55 [main] DEBUG l.i.u.t.SubmittedApplicationsPageTest - Entered job description: 'Veikla 1'.
2025-02-12 07:24:56 [main] DEBUG l.i.u.t.SubmittedApplicationsPageTest - Entered process description: 'Procesas 1'.
2025-02-12 07:24:56 [main] DEBUG l.i.u.t.SubmittedApplicationsPageTest - Entered energy information: 'Energija 1'.
2025-02-12 07:25:06 [main] ERROR l.i.u.t.SubmittedApplicationsPageTest - Test 'testFillNewVUIApplicationFA' failed with error: no such element: Unable to locate element: {"method":"xpath","selector":"//div[contains(@class, 'mdc-notched-outline')]//following::textarea[7]"}
  (Session info: chrome=132.0.6834.196)
For documentation on this error, please visit: https://www.selenium.dev/documentation/webdriver/troubleshooting/errors#no-such-element-exception
Build info: version: '4.27.0', revision: 'd6e718d134'
System info: os.name: 'Windows 11', os.arch: 'amd64', os.version: '10.0', java.version: '21.0.3'
Driver info: org.openqa.selenium.chrome.ChromeDriver
Command: [87170293b45e4c4b37825c525878d941, findElement {value=//div[contains(@class, 'mdc-notched-outline')]//following::textarea[7], using=xpath}]
Capabilities {acceptInsecureCerts: false, browserName: chrome, browserVersion: 132.0.6834.196, chrome: {chromedriverVersion: 132.0.6834.159 (2d77d3fc445..., userDataDir: C:\Users\INGRID~1.ZAD\AppDa...}, fedcm:accounts: true, goog:chromeOptions: {debuggerAddress: localhost:63340}, networkConnectionEnabled: false, pageLoadStrategy: normal, platformName: windows, proxy: Proxy(), se:cdp: ws://localhost:63340/devtoo..., se:cdpVersion: 132.0.6834.196, setWindowRect: true, strictFileInteractability: false, timeouts: {implicit: 0, pageLoad: 300000, script: 30000}, unhandledPromptBehavior: dismiss and notify, webauthn:extension:credBlob: true, webauthn:extension:largeBlob: true, webauthn:extension:minPinLength: true, webauthn:extension:prf: true, webauthn:virtualAuthenticators: true}
Session ID: 87170293b45e4c4b37825c525878d941
org.openqa.selenium.NoSuchElementException: no such element: Unable to locate element: {"method":"xpath","selector":"//div[contains(@class, 'mdc-notched-outline')]//following::textarea[7]"}
  (Session info: chrome=132.0.6834.196)
For documentation on this error, please visit: https://www.selenium.dev/documentation/webdriver/troubleshooting/errors#no-such-element-exception
Build info: version: '4.27.0', revision: 'd6e718d134'
System info: os.name: 'Windows 11', os.arch: 'amd64', os.version: '10.0', java.version: '21.0.3'
Driver info: org.openqa.selenium.chrome.ChromeDriver
Command: [87170293b45e4c4b37825c525878d941, findElement {value=//div[contains(@class, 'mdc-notched-outline')]//following::textarea[7], using=xpath}]
Capabilities {acceptInsecureCerts: false, browserName: chrome, browserVersion: 132.0.6834.196, chrome: {chromedriverVersion: 132.0.6834.159 (2d77d3fc445..., userDataDir: C:\Users\INGRID~1.ZAD\AppDa...}, fedcm:accounts: true, goog:chromeOptions: {debuggerAddress: localhost:63340}, networkConnectionEnabled: false, pageLoadStrategy: normal, platformName: windows, proxy: Proxy(), se:cdp: ws://localhost:63340/devtoo..., se:cdpVersion: 132.0.6834.196, setWindowRect: true, strictFileInteractability: false, timeouts: {implicit: 0, pageLoad: 300000, script: 30000}, unhandledPromptBehavior: dismiss and notify, webauthn:extension:credBlob: true, webauthn:extension:largeBlob: true, webauthn:extension:minPinLength: true, webauthn:extension:prf: true, webauthn:virtualAuthenticators: true}
Session ID: 87170293b45e4c4b37825c525878d941
	at java.base/jdk.internal.reflect.DirectConstructorHandleAccessor.newInstance(DirectConstructorHandleAccessor.java:62)
	at java.base/java.lang.reflect.Constructor.newInstanceWithCaller(Constructor.java:502)
	at java.base/java.lang.reflect.Constructor.newInstance(Constructor.java:486)
	at org.openqa.selenium.remote.ErrorCodec.decode(ErrorCodec.java:167)
	at org.openqa.selenium.remote.codec.w3c.W3CHttpResponseCodec.decode(W3CHttpResponseCodec.java:138)
	at org.openqa.selenium.remote.codec.w3c.W3CHttpResponseCodec.decode(W3CHttpResponseCodec.java:50)
	at org.openqa.selenium.remote.HttpCommandExecutor.execute(HttpCommandExecutor.java:190)
	at org.openqa.selenium.remote.service.DriverCommandExecutor.invokeExecute(DriverCommandExecutor.java:216)
	at org.openqa.selenium.remote.service.DriverCommandExecutor.execute(DriverCommandExecutor.java:174)
	at org.openqa.selenium.remote.RemoteWebDriver.execute(RemoteWebDriver.java:545)
	at org.openqa.selenium.remote.ElementLocation$ElementFinder$2.findElement(ElementLocation.java:165)
	at org.openqa.selenium.remote.ElementLocation.findElement(ElementLocation.java:59)
	at org.openqa.selenium.remote.RemoteWebDriver.findElement(RemoteWebDriver.java:368)
	at org.openqa.selenium.remote.RemoteWebDriver.findElement(RemoteWebDriver.java:362)
	at org.openqa.selenium.support.pagefactory.DefaultElementLocator.findElement(DefaultElementLocator.java:68)
	at org.openqa.selenium.support.pagefactory.internal.LocatingElementHandler.invoke(LocatingElementHandler.java:38)
	at jdk.proxy2/jdk.proxy2.$Proxy14.clear(Unknown Source)
	at lt.insoft.uztis.pages.SubmittedApplicationsPage.enterRepairInformation(SubmittedApplicationsPage.java:1008)
	at lt.insoft.uztis.tests.SubmittedApplicationsPageTest.testFillNewVUIApplicationFA(SubmittedApplicationsPageTest.java:245)
	at java.base/jdk.internal.reflect.DirectMethodHandleAccessor.invoke(DirectMethodHandleAccessor.java:103)
	at java.base/java.lang.reflect.Method.invoke(Method.java:580)
	at org.junit.platform.commons.util.ReflectionUtils.invokeMethod(ReflectionUtils.java:728)
	at org.junit.jupiter.engine.execution.MethodInvocation.proceed(MethodInvocation.java:60)
	at org.junit.jupiter.engine.execution.InvocationInterceptorChain$ValidatingInvocation.proceed(InvocationInterceptorChain.java:131)
	at org.junit.jupiter.engine.extension.TimeoutExtension.intercept(TimeoutExtension.java:156)
	at org.junit.jupiter.engine.extension.TimeoutExtension.interceptTestableMethod(TimeoutExtension.java:147)
	at org.junit.jupiter.engine.extension.TimeoutExtension.interceptTestMethod(TimeoutExtension.java:86)
	at org.junit.jupiter.engine.execution.InterceptingExecutableInvoker$ReflectiveInterceptorCall.lambda$ofVoidMethod$0(InterceptingExecutableInvoker.java:103)
	at org.junit.jupiter.engine.execution.InterceptingExecutableInvoker.lambda$invoke$0(InterceptingExecutableInvoker.java:93)
	at org.junit.jupiter.engine.execution.InvocationInterceptorChain$InterceptedInvocation.proceed(InvocationInterceptorChain.java:106)
	at org.junit.jupiter.engine.execution.InvocationInterceptorChain.proceed(InvocationInterceptorChain.java:64)
	at org.junit.jupiter.engine.execution.InvocationInterceptorChain.chainAndInvoke(InvocationInterceptorChain.java:45)
	at org.junit.jupiter.engine.execution.InvocationInterceptorChain.invoke(InvocationInterceptorChain.java:37)
	at org.junit.jupiter.engine.execution.InterceptingExecutableInvoker.invoke(InterceptingExecutableInvoker.java:92)
	at org.junit.jupiter.engine.execution.InterceptingExecutableInvoker.invoke(InterceptingExecutableInvoker.java:86)
	at org.junit.jupiter.engine.descriptor.TestMethodTestDescriptor.lambda$invokeTestMethod$7(TestMethodTestDescriptor.java:218)
	at org.junit.platform.engine.support.hierarchical.ThrowableCollector.execute(ThrowableCollector.java:73)
	at org.junit.jupiter.engine.descriptor.TestMethodTestDescriptor.invokeTestMethod(TestMethodTestDescriptor.java:214)
	at org.junit.jupiter.engine.descriptor.TestMethodTestDescriptor.execute(TestMethodTestDescriptor.java:139)
	at org.junit.jupiter.engine.descriptor.TestMethodTestDescriptor.execute(TestMethodTestDescriptor.java:69)
	at org.junit.platform.engine.support.hierarchical.NodeTestTask.lambda$executeRecursively$6(NodeTestTask.java:151)
	at org.junit.platform.engine.support.hierarchical.ThrowableCollector.execute(ThrowableCollector.java:73)
	at org.junit.platform.engine.support.hierarchical.NodeTestTask.lambda$executeRecursively$8(NodeTestTask.java:141)
	at org.junit.platform.engine.support.hierarchical.Node.around(Node.java:137)
	at org.junit.platform.engine.support.hierarchical.NodeTestTask.lambda$executeRecursively$9(NodeTestTask.java:139)
	at org.junit.platform.engine.support.hierarchical.ThrowableCollector.execute(ThrowableCollector.java:73)
	at org.junit.platform.engine.support.hierarchical.NodeTestTask.executeRecursively(NodeTestTask.java:138)
	at org.junit.platform.engine.support.hierarchical.NodeTestTask.execute(NodeTestTask.java:95)
	at java.base/java.util.ArrayList.forEach(ArrayList.java:1596)
	at org.junit.platform.engine.support.hierarchical.SameThreadHierarchicalTestExecutorService.invokeAll(SameThreadHierarchicalTestExecutorService.java:41)
	at org.junit.platform.engine.support.hierarchical.NodeTestTask.lambda$executeRecursively$6(NodeTestTask.java:155)
	at org.junit.platform.engine.support.hierarchical.ThrowableCollector.execute(ThrowableCollector.java:73)
	at org.junit.platform.engine.support.hierarchical.NodeTestTask.lambda$executeRecursively$8(NodeTestTask.java:141)
	at org.junit.platform.engine.support.hierarchical.Node.around(Node.java:137)
	at org.junit.platform.engine.support.hierarchical.NodeTestTask.lambda$executeRecursively$9(NodeTestTask.java:139)
	at org.junit.platform.engine.support.hierarchical.ThrowableCollector.execute(ThrowableCollector.java:73)
	at org.junit.platform.engine.support.hierarchical.NodeTestTask.executeRecursively(NodeTestTask.java:138)
	at org.junit.platform.engine.support.hierarchical.NodeTestTask.execute(NodeTestTask.java:95)
	at java.base/java.util.ArrayList.forEach(ArrayList.java:1596)
	at org.junit.platform.engine.support.hierarchical.SameThreadHierarchicalTestExecutorService.invokeAll(SameThreadHierarchicalTestExecutorService.java:41)
	at org.junit.platform.engine.support.hierarchical.NodeTestTask.lambda$executeRecursively$6(NodeTestTask.java:155)
	at org.junit.platform.engine.support.hierarchical.ThrowableCollector.execute(ThrowableCollector.java:73)
	at org.junit.platform.engine.support.hierarchical.NodeTestTask.lambda$executeRecursively$8(NodeTestTask.java:141)
	at org.junit.platform.engine.support.hierarchical.Node.around(Node.java:137)
	at org.junit.platform.engine.support.hierarchical.NodeTestTask.lambda$executeRecursively$9(NodeTestTask.java:139)
	at org.junit.platform.engine.support.hierarchical.ThrowableCollector.execute(ThrowableCollector.java:73)
	at org.junit.platform.engine.support.hierarchical.NodeTestTask.executeRecursively(NodeTestTask.java:138)
	at org.junit.platform.engine.support.hierarchical.NodeTestTask.execute(NodeTestTask.java:95)
	at org.junit.platform.engine.support.hierarchical.SameThreadHierarchicalTestExecutorService.submit(SameThreadHierarchicalTestExecutorService.java:35)
	at org.junit.platform.engine.support.hierarchical.HierarchicalTestExecutor.execute(HierarchicalTestExecutor.java:57)
	at org.junit.platform.engine.support.hierarchical.HierarchicalTestEngine.execute(HierarchicalTestEngine.java:54)
	at org.junit.platform.launcher.core.EngineExecutionOrchestrator.execute(EngineExecutionOrchestrator.java:198)
	at org.junit.platform.launcher.core.EngineExecutionOrchestrator.execute(EngineExecutionOrchestrator.java:169)
	at org.junit.platform.launcher.core.EngineExecutionOrchestrator.execute(EngineExecutionOrchestrator.java:93)
	at org.junit.platform.launcher.core.EngineExecutionOrchestrator.lambda$execute$0(EngineExecutionOrchestrator.java:58)
	at org.junit.platform.launcher.core.EngineExecutionOrchestrator.withInterceptedStreams(EngineExecutionOrchestrator.java:141)
	at org.junit.platform.launcher.core.EngineExecutionOrchestrator.execute(EngineExecutionOrchestrator.java:57)
	at org.junit.platform.launcher.core.DefaultLauncher.execute(DefaultLauncher.java:103)
	at org.junit.platform.launcher.core.DefaultLauncher.execute(DefaultLauncher.java:85)
	at org.junit.platform.launcher.core.DelegatingLauncher.execute(DelegatingLauncher.java:47)
	at org.junit.platform.launcher.core.SessionPerRequestLauncher.execute(SessionPerRequestLauncher.java:63)
	at com.intellij.junit5.JUnit5IdeaTestRunner.startRunnerWithArgs(JUnit5IdeaTestRunner.java:57)
	at com.intellij.rt.junit.IdeaTestRunner$Repeater$1.execute(IdeaTestRunner.java:38)
	at com.intellij.rt.execution.junit.TestsRepeater.repeat(TestsRepeater.java:11)
	at com.intellij.rt.junit.IdeaTestRunner$Repeater.startRunnerWithArgs(IdeaTestRunner.java:35)
	at com.intellij.rt.junit.JUnitStarter.prepareStreamsAndStart(JUnitStarter.java:232)
	at com.intellij.rt.junit.JUnitStarter.main(JUnitStarter.java:55)
2025-02-12 07:25:06 [main] INFO  l.insoft.uztis.tests.utils.TestUtils - Screenshot moved to C:\Users\ingrida.zadorozniene\Desktop\Asm\UZTIS\UZTIS_tests\test-output\screenshots\20250212\072506479_testFillNewVUIApplicationFA().png
2025-02-12 14:42:31 [main] INFO  lt.insoft.uztis.tests.UztisPageTest - Navigated to https://uztisdev.asseco.lt/home
2025-02-12 14:42:31 [main] INFO  l.i.u.t.SubmittedApplicationsPageTest - Starting test:'testFillNewVUIPApplicationFA'
2025-02-12 14:42:32 [main] DEBUG l.i.u.t.SubmittedApplicationsPageTest - User logged in with test credentials.
2025-02-12 14:42:32 [main] DEBUG l.i.u.t.SubmittedApplicationsPageTest - Opened 'Application Processing' menu.
2025-02-12 14:42:32 [main] DEBUG l.i.u.t.SubmittedApplicationsPageTest - Clicked on 'Application Forms' menu.
2025-02-12 14:42:33 [main] DEBUG l.i.u.t.SubmittedApplicationsPageTest - Retrieved last description code text: 'TST-VUI-00'.
2025-02-12 14:42:33 [main] DEBUG l.i.u.t.SubmittedApplicationsPageTest - Clicked on 'Invitation' menu.
2025-02-12 14:42:34 [main] DEBUG l.i.u.t.SubmittedApplicationsPageTest - Selected application section by code: 'TST-VUI-00'.
2025-02-12 14:42:34 [main] DEBUG l.i.u.t.SubmittedApplicationsPageTest - Clicked 'Search' button.
2025-02-12 14:42:34 [main] DEBUG l.i.u.t.SubmittedApplicationsPageTest - Retrieved invitation code: ''.
2025-02-12 14:42:34 [main] DEBUG l.i.u.t.SubmittedApplicationsPageTest - Clicked on 'Submitted Applications' menu.
2025-02-12 14:42:35 [main] DEBUG l.i.u.t.SubmittedApplicationsPageTest - Selected invitation by code: 'TST-VUI-00'.
2025-02-12 14:42:35 [main] DEBUG l.i.u.t.SubmittedApplicationsPageTest - Invitation code inserted.
2025-02-12 14:42:35 [main] DEBUG l.i.u.t.SubmittedApplicationsPageTest - Clicked on 'Action Application' button.
2025-02-12 14:42:35 [main] DEBUG l.i.u.t.SubmittedApplicationsPageTest - Clicked on 'New Application' button.
2025-02-12 14:42:36 [main] DEBUG l.i.u.t.SubmittedApplicationsPageTest - Selected the 'RadioButtonFA' option.
2025-02-12 14:42:36 [main] DEBUG l.i.u.t.SubmittedApplicationsPageTest - Entered phone number: '61298745'.
2025-02-12 14:42:36 [main] DEBUG l.i.u.t.SubmittedApplicationsPageTest - Entered email: 'test@autotest.com'.
2025-02-12 14:42:36 [main] INFO  l.i.u.p.SubmittedApplicationsPage - Located the dropdown button.
2025-02-12 14:42:53 [main] INFO  l.i.u.p.SubmittedApplicationsPage - Found 1741 options in the dropdown.
2025-02-12 14:42:53 [main] INFO  l.i.u.p.SubmittedApplicationsPage - Successfully selected the value: '01.11 - Grūdinių (išskyrus ryžius), ankštinių ir aliejingų sėklų augalų auginimas'
2025-02-12 14:43:03 [main] ERROR l.i.u.p.SubmittedApplicationsPage - Failed to close the dropdown with aria-expanded = 'false'. Attempting manual close.
2025-02-12 14:43:03 [main] INFO  l.i.u.p.SubmittedApplicationsPage - Manual close attempt for the dropdown using body click.
2025-02-12 14:43:03 [main] DEBUG l.i.u.t.SubmittedApplicationsPageTest - Selected EVRK value: '01.11 - Grūdinių (išskyrus ryžius), ankštinių ir aliejingų sėklų augalų auginimas'.
2025-02-12 14:43:04 [main] DEBUG l.i.u.t.SubmittedApplicationsPageTest - Entered address: 'Vilniaus m. sav., Vilnius, Testo g. 10T'.
2025-02-12 14:43:04 [main] DEBUG l.i.u.t.SubmittedApplicationsPageTest - Entered project date.
2025-02-12 14:43:04 [main] DEBUG l.i.u.t.SubmittedApplicationsPageTest - Entered job count: '1'.
2025-02-12 14:43:04 [main] DEBUG l.i.u.t.SubmittedApplicationsPageTest - Clicked 'Next' button.
2025-02-12 14:43:04 [main] INFO  l.i.u.p.SubmittedApplicationsPage - Located the dropdown button.
2025-02-12 14:43:05 [main] INFO  l.i.u.p.SubmittedApplicationsPage - Successfully selected the value: 'Administratoriai'
2025-02-12 14:43:35 [main] ERROR l.i.u.p.SubmittedApplicationsPage - Timeout while waiting for dropdown to close with aria-expanded = 'false'.
2025-02-12 14:43:35 [main] DEBUG l.i.u.t.SubmittedApplicationsPageTest - Selected job name: 'Administratoriai'.
2025-02-12 14:43:35 [main] DEBUG l.i.u.t.SubmittedApplicationsPageTest - Entered job function: 'Funkcija 1'.
2025-02-12 14:43:36 [main] DEBUG l.i.u.t.SubmittedApplicationsPageTest - Selected 'RadioButtonWithDisabilities' option.
2025-02-12 14:43:36 [main] INFO  l.i.u.p.SubmittedApplicationsPage - Clicking on the dropdown button.
2025-02-12 14:43:37 [main] INFO  l.i.u.p.SubmittedApplicationsPage - Found 34 options in the dropdown.
2025-02-12 14:43:37 [main] DEBUG l.i.u.p.SubmittedApplicationsPage - Checking option: 'Asmenys, kuriems suteiktas pabėgėlio statusas ar perkeliamojo asmens statusas, arba asmenys, kuriems suteikta papildoma ar laikinoji apsauga, ir asmenys, turintys teisę gauti laikinąją apsaugą, iki sprendimo dėl laikinosios apsaugos suteikimo (nesuteikimo) priėmimo, tačiau ne ilgiau kaip laikinosios apsaugos laikotarpiu'
2025-02-12 14:43:37 [main] DEBUG l.i.u.p.SubmittedApplicationsPage - Checking option: 'Asmenys, kuriems suteiktas pabėgėlio statusas ar perkeliamojo asmens statusas, arba asmenys, kuriems suteikta papildoma ar laikinoji apsauga, ir asmenys, turintys teisę gauti laikinąją apsaugą, iki sprendimo dėl laikinosios apsaugos suteikimo (nesuteikimo) priėmimo, tačiau ne ilgiau kaip laikinosios apsaugos laikotarpiu'
2025-02-12 14:43:37 [main] DEBUG l.i.u.p.SubmittedApplicationsPage - Checking option: 'Asmenys, turintys teisę į papildomas užimtumo garantijas pagal Lietuvos Respublikos valstybės įmonės Ignalinos atominės elektrinės darbuotojų papildomų užimtumo ir socialinių garantijų įstatymą'
2025-02-12 14:43:37 [main] DEBUG l.i.u.p.SubmittedApplicationsPage - Checking option: 'Asmenys, turintys teisę į papildomas užimtumo garantijas pagal Lietuvos Respublikos valstybės įmonės Ignalinos atominės elektrinės darbuotojų papildomų užimtumo ir socialinių garantijų įstatymą'
2025-02-12 14:43:37 [main] DEBUG l.i.u.p.SubmittedApplicationsPage - Checking option: 'Bedarbiai iki 29 metų'
2025-02-12 14:43:37 [main] DEBUG l.i.u.p.SubmittedApplicationsPage - Checking option: 'Bedarbiai iki 29 metų'
2025-02-12 14:43:37 [main] DEBUG l.i.u.p.SubmittedApplicationsPage - Checking option: 'Bedarbiai, kurie yra darbingo amžiaus neįgalieji, kuriems nustatytas 30–40 procentų darbingumo lygis arba vidutinis neįgalumo lygis'
2025-02-12 14:43:37 [main] DEBUG l.i.u.p.SubmittedApplicationsPage - Checking option: 'Bedarbiai, kurie yra darbingo amžiaus neįgalieji, kuriems nustatytas 30–40 procentų darbingumo lygis arba vidutinis neįgalumo lygis'
2025-02-12 14:43:37 [main] DEBUG l.i.u.p.SubmittedApplicationsPage - Checking option: 'Bedarbiai, kurie yra darbingo amžiaus neįgalieji, kuriems nustatytas 45–55 procentų darbingumo lygis arba lengvas neįgalumo lygis'
2025-02-12 14:43:37 [main] DEBUG l.i.u.p.SubmittedApplicationsPage - Checking option: 'Bedarbiai, kurie yra darbingo amžiaus neįgalieji, kuriems nustatytas 45–55 procentų darbingumo lygis arba lengvas neįgalumo lygis'
2025-02-12 14:43:37 [main] DEBUG l.i.u.p.SubmittedApplicationsPage - Checking option: 'Bedarbiai, kurie yra darbingo amžiaus neįgalieji, kuriems nustatytas iki 25 procentų darbingumo lygis arba sunkus neįgalumo lygis'
2025-02-12 14:43:37 [main] INFO  l.i.u.p.SubmittedApplicationsPage - Successfully selected the value: 'Bedarbiai, kurie yra darbingo amžiaus neįgalieji, kuriems nustatytas iki 25 procentų darbingumo lygis arba sunkus neįgalumo lygis'
2025-02-12 14:43:37 [main] INFO  l.i.u.p.SubmittedApplicationsPage - Attempting to close the dropdown.
2025-02-12 14:43:47 [main] INFO  l.i.u.p.SubmittedApplicationsPage - Dropdown should be closed now.
2025-02-12 14:43:47 [main] DEBUG l.i.u.t.SubmittedApplicationsPageTest - Selected disabilities type: 'Bedarbiai, kurie yra darbingo amžiaus neįgalieji, kuriems nustatytas iki 25 procentų darbingumo lygis arba sunkus neįgalumo lygis'.
2025-02-12 14:43:47 [main] INFO  l.i.u.p.SubmittedApplicationsPage - Located the dropdown button.
2025-02-12 14:43:48 [main] INFO  l.i.u.p.SubmittedApplicationsPage - Successfully selected the value: 'Kita'
2025-02-12 14:43:58 [main] ERROR l.i.u.p.SubmittedApplicationsPage - Timeout while waiting for dropdown to close with aria-expanded = 'false'.
2025-02-12 14:43:58 [main] DEBUG l.i.u.t.SubmittedApplicationsPageTest - Selected time mode: 'Kita'.
2025-02-12 14:43:58 [main] DEBUG l.i.u.t.SubmittedApplicationsPageTest - Selected time mode other: '6 val. per dieną ir 4 d. per savaitę'.
2025-02-12 14:43:58 [main] DEBUG l.i.u.t.SubmittedApplicationsPageTest - Entered qualification: 'Kvalifikacija 1'.
2025-02-12 14:43:59 [main] DEBUG l.i.u.t.SubmittedApplicationsPageTest - Entered job date.
2025-02-12 14:43:59 [main] DEBUG l.i.u.t.SubmittedApplicationsPageTest - Entered salary amount: '1200'.
2025-02-12 14:43:59 [main] DEBUG l.i.u.t.SubmittedApplicationsPageTest - Selected 'Temporary Job' radio button.
2025-02-12 14:43:59 [main] DEBUG l.i.u.t.SubmittedApplicationsPageTest - Selected 'Season Job' radio button.
2025-02-12 14:43:59 [main] DEBUG l.i.u.t.SubmittedApplicationsPageTest - Selected 'Energy' radio button.
2025-02-12 14:43:59 [main] DEBUG l.i.u.t.SubmittedApplicationsPageTest - Selected 'Repair' radio button.
2025-02-12 14:43:59 [main] DEBUG l.i.u.t.SubmittedApplicationsPageTest - Entered job description: 'Veikla 1'.
2025-02-12 14:44:00 [main] DEBUG l.i.u.t.SubmittedApplicationsPageTest - Entered process description: 'Procesas 1'.
2025-02-12 14:44:00 [main] DEBUG l.i.u.t.SubmittedApplicationsPageTest - Entered energy information: 'Energija 1'.
2025-02-12 14:44:00 [main] DEBUG l.i.u.t.SubmittedApplicationsPageTest - Entered repair information: 'Remontas 1'.
2025-02-12 14:44:00 [main] DEBUG l.i.u.t.SubmittedApplicationsPageTest - Selected 'PVM' radio button.
2025-02-12 14:44:00 [main] INFO  l.i.u.p.SubmittedApplicationsPage - Located the dropdown button.
2025-02-12 14:44:01 [main] INFO  l.i.u.p.SubmittedApplicationsPage - Successfully selected the value: 'Įsigyti'
2025-02-12 14:44:21 [main] ERROR l.i.u.p.SubmittedApplicationsPage - Timeout while waiting for dropdown to close with aria-expanded = 'false'.
2025-02-12 14:44:21 [main] DEBUG l.i.u.t.SubmittedApplicationsPageTest - Selected necessary for job: 'Įsigyti'.
2025-02-12 14:44:21 [main] DEBUG l.i.u.t.SubmittedApplicationsPageTest - Selected tool: 'Darbo priemonė 1'.
2025-02-12 14:44:21 [main] DEBUG l.i.u.t.SubmittedApplicationsPageTest - Selected tool parameter one: 'Darbo priemonės 1 parametras 1'.
2025-02-12 14:44:22 [main] DEBUG l.i.u.t.SubmittedApplicationsPageTest - Selected tool parameter two: 'Darbo priemonės 1 parametras 2'.
2025-02-12 14:44:22 [main] DEBUG l.i.u.t.SubmittedApplicationsPageTest - Selected tool parameter three: 'Darbo priemonės 1 parametras 3'.
2025-02-12 14:44:22 [main] DEBUG l.i.u.t.SubmittedApplicationsPageTest - Entered tool count: '1'.
2025-02-12 14:44:22 [main] DEBUG l.i.u.t.SubmittedApplicationsPageTest - Entered price amount 1: '1000'.
2025-02-12 14:44:22 [main] DEBUG l.i.u.t.SubmittedApplicationsPageTest - Entered own funds amount 1: '800'.
2025-02-12 14:44:22 [main] DEBUG l.i.u.t.SubmittedApplicationsPageTest - Clicked 'Add' button.
2025-02-12 14:44:22 [main] INFO  l.i.u.p.SubmittedApplicationsPage - Located the dropdown button.
2025-02-12 14:44:23 [main] INFO  l.i.u.p.SubmittedApplicationsPage - Successfully selected the value: 'Remontuoti'
2025-02-12 14:44:43 [main] ERROR l.i.u.p.SubmittedApplicationsPage - Timeout while waiting for dropdown to close with aria-expanded = 'false'.
2025-02-12 14:44:43 [main] DEBUG l.i.u.t.SubmittedApplicationsPageTest - Selected necessary for job 'to repair': 'Remontuoti'.
2025-02-12 14:44:43 [main] DEBUG l.i.u.t.SubmittedApplicationsPageTest - Selected repair name: 'Remonto pavadinimas 1'.
2025-02-12 14:44:43 [main] DEBUG l.i.u.t.SubmittedApplicationsPageTest - Entered repair information: 'Remonto aprašymas 1'.
2025-02-12 14:44:44 [main] DEBUG l.i.u.t.SubmittedApplicationsPageTest - Entered price amount 2: '1000'.
2025-02-12 14:44:44 [main] DEBUG l.i.u.t.SubmittedApplicationsPageTest - Entered own funds amount 2: '900'.
2025-02-12 14:44:44 [main] DEBUG l.i.u.t.SubmittedApplicationsPageTest - Entered country percentage: '50'.
2025-02-12 14:44:44 [main] DEBUG l.i.u.t.SubmittedApplicationsPageTest - Entered institution percentage: '50'.
2025-02-12 14:44:44 [main] DEBUG l.i.u.t.SubmittedApplicationsPageTest - Entered municipality percentage: '50'.
2025-02-12 14:44:44 [main] DEBUG l.i.u.t.SubmittedApplicationsPageTest - Selected 'De Minimis' radio button.
2025-02-12 14:44:44 [main] DEBUG l.i.u.t.SubmittedApplicationsPageTest - Entered program name: 'Programa 1'.
2025-02-12 14:44:45 [main] DEBUG l.i.u.t.SubmittedApplicationsPageTest - Entered project date from.
2025-02-12 14:44:45 [main] DEBUG l.i.u.t.SubmittedApplicationsPageTest - Entered project date until.
2025-02-12 14:44:45 [main] DEBUG l.i.u.t.SubmittedApplicationsPageTest - Entered support amount: '2000'.
2025-02-12 14:44:45 [main] DEBUG l.i.u.t.SubmittedApplicationsPageTest - Clicked 'Next' button.
2025-02-12 14:45:10 [main] ERROR l.i.u.t.SubmittedApplicationsPageTest - Test 'testFillNewVUIApplicationFA' failed with error: invalid session id: session deleted as the browser has closed the connection
from disconnected: unable to send message to renderer
  (Session info: chrome=132.0.6834.196)
Build info: version: '4.27.0', revision: 'd6e718d134'
System info: os.name: 'Windows 11', os.arch: 'amd64', os.version: '10.0', java.version: '21.0.3'
Driver info: org.openqa.selenium.chrome.ChromeDriver
Command: [06c85b0e487165722ba5e2eb3e9611e1, findElement {using=xpath, value=(//div[contains(@class, 'mdc-checkbox')]//input[@type='checkbox'])[1]}]
Capabilities {acceptInsecureCerts: false, browserName: chrome, browserVersion: 132.0.6834.196, chrome: {chromedriverVersion: 132.0.6834.159 (2d77d3fc445..., userDataDir: C:\Users\INGRID~1.ZAD\AppDa...}, fedcm:accounts: true, goog:chromeOptions: {debuggerAddress: localhost:59237}, networkConnectionEnabled: false, pageLoadStrategy: normal, platformName: windows, proxy: Proxy(), se:cdp: ws://localhost:59237/devtoo..., se:cdpVersion: 132.0.6834.196, setWindowRect: true, strictFileInteractability: false, timeouts: {implicit: 0, pageLoad: 300000, script: 30000}, unhandledPromptBehavior: dismiss and notify, webauthn:extension:credBlob: true, webauthn:extension:largeBlob: true, webauthn:extension:minPinLength: true, webauthn:extension:prf: true, webauthn:virtualAuthenticators: true}
Session ID: 06c85b0e487165722ba5e2eb3e9611e1
org.openqa.selenium.NoSuchSessionException: invalid session id: session deleted as the browser has closed the connection
from disconnected: unable to send message to renderer
  (Session info: chrome=132.0.6834.196)
Build info: version: '4.27.0', revision: 'd6e718d134'
System info: os.name: 'Windows 11', os.arch: 'amd64', os.version: '10.0', java.version: '21.0.3'
Driver info: org.openqa.selenium.chrome.ChromeDriver
Command: [06c85b0e487165722ba5e2eb3e9611e1, findElement {using=xpath, value=(//div[contains(@class, 'mdc-checkbox')]//input[@type='checkbox'])[1]}]
Capabilities {acceptInsecureCerts: false, browserName: chrome, browserVersion: 132.0.6834.196, chrome: {chromedriverVersion: 132.0.6834.159 (2d77d3fc445..., userDataDir: C:\Users\INGRID~1.ZAD\AppDa...}, fedcm:accounts: true, goog:chromeOptions: {debuggerAddress: localhost:59237}, networkConnectionEnabled: false, pageLoadStrategy: normal, platformName: windows, proxy: Proxy(), se:cdp: ws://localhost:59237/devtoo..., se:cdpVersion: 132.0.6834.196, setWindowRect: true, strictFileInteractability: false, timeouts: {implicit: 0, pageLoad: 300000, script: 30000}, unhandledPromptBehavior: dismiss and notify, webauthn:extension:credBlob: true, webauthn:extension:largeBlob: true, webauthn:extension:minPinLength: true, webauthn:extension:prf: true, webauthn:virtualAuthenticators: true}
Session ID: 06c85b0e487165722ba5e2eb3e9611e1
	at java.base/jdk.internal.reflect.DirectConstructorHandleAccessor.newInstance(DirectConstructorHandleAccessor.java:62)
	at java.base/java.lang.reflect.Constructor.newInstanceWithCaller(Constructor.java:502)
	at java.base/java.lang.reflect.Constructor.newInstance(Constructor.java:486)
	at org.openqa.selenium.remote.ErrorCodec.decode(ErrorCodec.java:167)
	at org.openqa.selenium.remote.codec.w3c.W3CHttpResponseCodec.decode(W3CHttpResponseCodec.java:138)
	at org.openqa.selenium.remote.codec.w3c.W3CHttpResponseCodec.decode(W3CHttpResponseCodec.java:50)
	at org.openqa.selenium.remote.HttpCommandExecutor.execute(HttpCommandExecutor.java:190)
	at org.openqa.selenium.remote.service.DriverCommandExecutor.invokeExecute(DriverCommandExecutor.java:216)
	at org.openqa.selenium.remote.service.DriverCommandExecutor.execute(DriverCommandExecutor.java:174)
	at org.openqa.selenium.remote.RemoteWebDriver.execute(RemoteWebDriver.java:545)
	at org.openqa.selenium.remote.ElementLocation$ElementFinder$2.findElement(ElementLocation.java:165)
	at org.openqa.selenium.remote.ElementLocation.findElement(ElementLocation.java:59)
	at org.openqa.selenium.remote.RemoteWebDriver.findElement(RemoteWebDriver.java:368)
	at org.openqa.selenium.remote.RemoteWebDriver.findElement(RemoteWebDriver.java:362)
	at org.openqa.selenium.support.pagefactory.DefaultElementLocator.findElement(DefaultElementLocator.java:68)
	at org.openqa.selenium.support.pagefactory.internal.LocatingElementHandler.invoke(LocatingElementHandler.java:38)
	at jdk.proxy2/jdk.proxy2.$Proxy14.getWrappedElement(Unknown Source)
	at org.openqa.selenium.remote.WebElementToJsonConverter.apply(WebElementToJsonConverter.java:48)
	at java.base/java.util.stream.ReferencePipeline$3$1.accept(ReferencePipeline.java:197)
	at java.base/java.util.Spliterators$ArraySpliterator.forEachRemaining(Spliterators.java:1024)
	at java.base/java.util.stream.AbstractPipeline.copyInto(AbstractPipeline.java:509)
	at java.base/java.util.stream.AbstractPipeline.wrapAndCopyInto(AbstractPipeline.java:499)
	at java.base/java.util.stream.ReduceOps$ReduceOp.evaluateSequential(ReduceOps.java:921)
	at java.base/java.util.stream.AbstractPipeline.evaluate(AbstractPipeline.java:234)
	at java.base/java.util.stream.ReferencePipeline.collect(ReferencePipeline.java:682)
	at org.openqa.selenium.remote.RemoteWebDriver.executeScript(RemoteWebDriver.java:474)
	at lt.insoft.uztis.pages.SubmittedApplicationsPage$CheckboxHelper.clickWithJavaScript(SubmittedApplicationsPage.java:1268)
	at lt.insoft.uztis.pages.SubmittedApplicationsPage$CheckboxHelper.setConfirmationCheckbox(SubmittedApplicationsPage.java:1257)
	at lt.insoft.uztis.tests.SubmittedApplicationsPageTest.testFillNewVUIApplicationFA(SubmittedApplicationsPageTest.java:340)
	at java.base/jdk.internal.reflect.DirectMethodHandleAccessor.invoke(DirectMethodHandleAccessor.java:103)
	at java.base/java.lang.reflect.Method.invoke(Method.java:580)
	at org.junit.platform.commons.util.ReflectionUtils.invokeMethod(ReflectionUtils.java:728)
	at org.junit.jupiter.engine.execution.MethodInvocation.proceed(MethodInvocation.java:60)
	at org.junit.jupiter.engine.execution.InvocationInterceptorChain$ValidatingInvocation.proceed(InvocationInterceptorChain.java:131)
	at org.junit.jupiter.engine.extension.TimeoutExtension.intercept(TimeoutExtension.java:156)
	at org.junit.jupiter.engine.extension.TimeoutExtension.interceptTestableMethod(TimeoutExtension.java:147)
	at org.junit.jupiter.engine.extension.TimeoutExtension.interceptTestMethod(TimeoutExtension.java:86)
	at org.junit.jupiter.engine.execution.InterceptingExecutableInvoker$ReflectiveInterceptorCall.lambda$ofVoidMethod$0(InterceptingExecutableInvoker.java:103)
	at org.junit.jupiter.engine.execution.InterceptingExecutableInvoker.lambda$invoke$0(InterceptingExecutableInvoker.java:93)
	at org.junit.jupiter.engine.execution.InvocationInterceptorChain$InterceptedInvocation.proceed(InvocationInterceptorChain.java:106)
	at org.junit.jupiter.engine.execution.InvocationInterceptorChain.proceed(InvocationInterceptorChain.java:64)
	at org.junit.jupiter.engine.execution.InvocationInterceptorChain.chainAndInvoke(InvocationInterceptorChain.java:45)
	at org.junit.jupiter.engine.execution.InvocationInterceptorChain.invoke(InvocationInterceptorChain.java:37)
	at org.junit.jupiter.engine.execution.InterceptingExecutableInvoker.invoke(InterceptingExecutableInvoker.java:92)
	at org.junit.jupiter.engine.execution.InterceptingExecutableInvoker.invoke(InterceptingExecutableInvoker.java:86)
	at org.junit.jupiter.engine.descriptor.TestMethodTestDescriptor.lambda$invokeTestMethod$7(TestMethodTestDescriptor.java:218)
	at org.junit.platform.engine.support.hierarchical.ThrowableCollector.execute(ThrowableCollector.java:73)
	at org.junit.jupiter.engine.descriptor.TestMethodTestDescriptor.invokeTestMethod(TestMethodTestDescriptor.java:214)
	at org.junit.jupiter.engine.descriptor.TestMethodTestDescriptor.execute(TestMethodTestDescriptor.java:139)
	at org.junit.jupiter.engine.descriptor.TestMethodTestDescriptor.execute(TestMethodTestDescriptor.java:69)
	at org.junit.platform.engine.support.hierarchical.NodeTestTask.lambda$executeRecursively$6(NodeTestTask.java:151)
	at org.junit.platform.engine.support.hierarchical.ThrowableCollector.execute(ThrowableCollector.java:73)
	at org.junit.platform.engine.support.hierarchical.NodeTestTask.lambda$executeRecursively$8(NodeTestTask.java:141)
	at org.junit.platform.engine.support.hierarchical.Node.around(Node.java:137)
	at org.junit.platform.engine.support.hierarchical.NodeTestTask.lambda$executeRecursively$9(NodeTestTask.java:139)
	at org.junit.platform.engine.support.hierarchical.ThrowableCollector.execute(ThrowableCollector.java:73)
	at org.junit.platform.engine.support.hierarchical.NodeTestTask.executeRecursively(NodeTestTask.java:138)
	at org.junit.platform.engine.support.hierarchical.NodeTestTask.execute(NodeTestTask.java:95)
	at java.base/java.util.ArrayList.forEach(ArrayList.java:1596)
	at org.junit.platform.engine.support.hierarchical.SameThreadHierarchicalTestExecutorService.invokeAll(SameThreadHierarchicalTestExecutorService.java:41)
	at org.junit.platform.engine.support.hierarchical.NodeTestTask.lambda$executeRecursively$6(NodeTestTask.java:155)
	at org.junit.platform.engine.support.hierarchical.ThrowableCollector.execute(ThrowableCollector.java:73)
	at org.junit.platform.engine.support.hierarchical.NodeTestTask.lambda$executeRecursively$8(NodeTestTask.java:141)
	at org.junit.platform.engine.support.hierarchical.Node.around(Node.java:137)
	at org.junit.platform.engine.support.hierarchical.NodeTestTask.lambda$executeRecursively$9(NodeTestTask.java:139)
	at org.junit.platform.engine.support.hierarchical.ThrowableCollector.execute(ThrowableCollector.java:73)
	at org.junit.platform.engine.support.hierarchical.NodeTestTask.executeRecursively(NodeTestTask.java:138)
	at org.junit.platform.engine.support.hierarchical.NodeTestTask.execute(NodeTestTask.java:95)
	at java.base/java.util.ArrayList.forEach(ArrayList.java:1596)
	at org.junit.platform.engine.support.hierarchical.SameThreadHierarchicalTestExecutorService.invokeAll(SameThreadHierarchicalTestExecutorService.java:41)
	at org.junit.platform.engine.support.hierarchical.NodeTestTask.lambda$executeRecursively$6(NodeTestTask.java:155)
	at org.junit.platform.engine.support.hierarchical.ThrowableCollector.execute(ThrowableCollector.java:73)
	at org.junit.platform.engine.support.hierarchical.NodeTestTask.lambda$executeRecursively$8(NodeTestTask.java:141)
	at org.junit.platform.engine.support.hierarchical.Node.around(Node.java:137)
	at org.junit.platform.engine.support.hierarchical.NodeTestTask.lambda$executeRecursively$9(NodeTestTask.java:139)
	at org.junit.platform.engine.support.hierarchical.ThrowableCollector.execute(ThrowableCollector.java:73)
	at org.junit.platform.engine.support.hierarchical.NodeTestTask.executeRecursively(NodeTestTask.java:138)
	at org.junit.platform.engine.support.hierarchical.NodeTestTask.execute(NodeTestTask.java:95)
	at org.junit.platform.engine.support.hierarchical.SameThreadHierarchicalTestExecutorService.submit(SameThreadHierarchicalTestExecutorService.java:35)
	at org.junit.platform.engine.support.hierarchical.HierarchicalTestExecutor.execute(HierarchicalTestExecutor.java:57)
	at org.junit.platform.engine.support.hierarchical.HierarchicalTestEngine.execute(HierarchicalTestEngine.java:54)
	at org.junit.platform.launcher.core.EngineExecutionOrchestrator.execute(EngineExecutionOrchestrator.java:198)
	at org.junit.platform.launcher.core.EngineExecutionOrchestrator.execute(EngineExecutionOrchestrator.java:169)
	at org.junit.platform.launcher.core.EngineExecutionOrchestrator.execute(EngineExecutionOrchestrator.java:93)
	at org.junit.platform.launcher.core.EngineExecutionOrchestrator.lambda$execute$0(EngineExecutionOrchestrator.java:58)
	at org.junit.platform.launcher.core.EngineExecutionOrchestrator.withInterceptedStreams(EngineExecutionOrchestrator.java:141)
	at org.junit.platform.launcher.core.EngineExecutionOrchestrator.execute(EngineExecutionOrchestrator.java:57)
	at org.junit.platform.launcher.core.DefaultLauncher.execute(DefaultLauncher.java:103)
	at org.junit.platform.launcher.core.DefaultLauncher.execute(DefaultLauncher.java:85)
	at org.junit.platform.launcher.core.DelegatingLauncher.execute(DelegatingLauncher.java:47)
	at org.junit.platform.launcher.core.SessionPerRequestLauncher.execute(SessionPerRequestLauncher.java:63)
	at com.intellij.junit5.JUnit5IdeaTestRunner.startRunnerWithArgs(JUnit5IdeaTestRunner.java:57)
	at com.intellij.rt.junit.IdeaTestRunner$Repeater$1.execute(IdeaTestRunner.java:38)
	at com.intellij.rt.execution.junit.TestsRepeater.repeat(TestsRepeater.java:11)
	at com.intellij.rt.junit.IdeaTestRunner$Repeater.startRunnerWithArgs(IdeaTestRunner.java:35)
	at com.intellij.rt.junit.JUnitStarter.prepareStreamsAndStart(JUnitStarter.java:232)
	at com.intellij.rt.junit.JUnitStarter.main(JUnitStarter.java:55)
2025-02-12 14:45:25 [main] INFO  lt.insoft.uztis.tests.UztisPageTest - Navigated to https://uztisdev.asseco.lt/home
2025-02-12 14:45:25 [main] INFO  l.i.u.t.SubmittedApplicationsPageTest - Starting test:'testFillNewVUIPApplicationFA'
2025-02-12 14:45:25 [main] DEBUG l.i.u.t.SubmittedApplicationsPageTest - User logged in with test credentials.
2025-02-12 14:45:25 [main] DEBUG l.i.u.t.SubmittedApplicationsPageTest - Opened 'Application Processing' menu.
2025-02-12 14:45:26 [main] DEBUG l.i.u.t.SubmittedApplicationsPageTest - Clicked on 'Application Forms' menu.
2025-02-12 14:45:26 [main] DEBUG l.i.u.t.SubmittedApplicationsPageTest - Retrieved last description code text: 'TST-VUI-00'.
2025-02-12 14:45:26 [main] DEBUG l.i.u.t.SubmittedApplicationsPageTest - Clicked on 'Invitation' menu.
2025-02-12 14:45:27 [main] DEBUG l.i.u.t.SubmittedApplicationsPageTest - Selected application section by code: 'TST-VUI-00'.
2025-02-12 14:45:27 [main] DEBUG l.i.u.t.SubmittedApplicationsPageTest - Clicked 'Search' button.
2025-02-12 14:45:27 [main] DEBUG l.i.u.t.SubmittedApplicationsPageTest - Retrieved invitation code: ''.
2025-02-12 14:45:27 [main] DEBUG l.i.u.t.SubmittedApplicationsPageTest - Clicked on 'Submitted Applications' menu.
2025-02-12 14:45:28 [main] DEBUG l.i.u.t.SubmittedApplicationsPageTest - Selected invitation by code: 'TST-VUI-00'.
2025-02-12 14:45:28 [main] DEBUG l.i.u.t.SubmittedApplicationsPageTest - Invitation code inserted.
2025-02-12 14:45:29 [main] DEBUG l.i.u.t.SubmittedApplicationsPageTest - Clicked on 'Action Application' button.
2025-02-12 14:45:29 [main] DEBUG l.i.u.t.SubmittedApplicationsPageTest - Clicked on 'New Application' button.
2025-02-12 14:45:29 [main] DEBUG l.i.u.t.SubmittedApplicationsPageTest - Selected the 'RadioButtonFA' option.
2025-02-12 14:45:29 [main] DEBUG l.i.u.t.SubmittedApplicationsPageTest - Entered phone number: '61298745'.
2025-02-12 14:45:30 [main] DEBUG l.i.u.t.SubmittedApplicationsPageTest - Entered email: 'test@autotest.com'.
2025-02-12 14:45:30 [main] INFO  l.i.u.p.SubmittedApplicationsPage - Located the dropdown button.
2025-02-12 14:45:47 [main] INFO  l.i.u.p.SubmittedApplicationsPage - Found 1741 options in the dropdown.
2025-02-12 14:45:48 [main] INFO  l.i.u.p.SubmittedApplicationsPage - Successfully selected the value: '01.11 - Grūdinių (išskyrus ryžius), ankštinių ir aliejingų sėklų augalų auginimas'
2025-02-12 14:45:58 [main] ERROR l.i.u.p.SubmittedApplicationsPage - Failed to close the dropdown with aria-expanded = 'false'. Attempting manual close.
2025-02-12 14:45:58 [main] INFO  l.i.u.p.SubmittedApplicationsPage - Manual close attempt for the dropdown using body click.
2025-02-12 14:45:58 [main] DEBUG l.i.u.t.SubmittedApplicationsPageTest - Selected EVRK value: '01.11 - Grūdinių (išskyrus ryžius), ankštinių ir aliejingų sėklų augalų auginimas'.
2025-02-12 14:45:58 [main] DEBUG l.i.u.t.SubmittedApplicationsPageTest - Entered address: 'Vilniaus m. sav., Vilnius, Testo g. 10T'.
2025-02-12 14:45:59 [main] DEBUG l.i.u.t.SubmittedApplicationsPageTest - Entered project date.
2025-02-12 14:45:59 [main] DEBUG l.i.u.t.SubmittedApplicationsPageTest - Entered job count: '1'.
2025-02-12 14:45:59 [main] DEBUG l.i.u.t.SubmittedApplicationsPageTest - Clicked 'Next' button.
2025-02-12 14:45:59 [main] INFO  l.i.u.p.SubmittedApplicationsPage - Located the dropdown button.
2025-02-12 14:46:00 [main] INFO  l.i.u.p.SubmittedApplicationsPage - Successfully selected the value: 'Administratoriai'
2025-02-12 14:46:30 [main] ERROR l.i.u.p.SubmittedApplicationsPage - Timeout while waiting for dropdown to close with aria-expanded = 'false'.
2025-02-12 14:46:30 [main] DEBUG l.i.u.t.SubmittedApplicationsPageTest - Selected job name: 'Administratoriai'.
2025-02-12 14:46:30 [main] DEBUG l.i.u.t.SubmittedApplicationsPageTest - Entered job function: 'Funkcija 1'.
2025-02-12 14:46:30 [main] DEBUG l.i.u.t.SubmittedApplicationsPageTest - Selected 'RadioButtonWithDisabilities' option.
2025-02-12 14:46:30 [main] INFO  l.i.u.p.SubmittedApplicationsPage - Clicking on the dropdown button.
2025-02-12 14:46:31 [main] INFO  l.i.u.p.SubmittedApplicationsPage - Found 34 options in the dropdown.
2025-02-12 14:46:31 [main] DEBUG l.i.u.p.SubmittedApplicationsPage - Checking option: 'Asmenys, kuriems suteiktas pabėgėlio statusas ar perkeliamojo asmens statusas, arba asmenys, kuriems suteikta papildoma ar laikinoji apsauga, ir asmenys, turintys teisę gauti laikinąją apsaugą, iki sprendimo dėl laikinosios apsaugos suteikimo (nesuteikimo) priėmimo, tačiau ne ilgiau kaip laikinosios apsaugos laikotarpiu'
2025-02-12 14:46:31 [main] DEBUG l.i.u.p.SubmittedApplicationsPage - Checking option: 'Asmenys, kuriems suteiktas pabėgėlio statusas ar perkeliamojo asmens statusas, arba asmenys, kuriems suteikta papildoma ar laikinoji apsauga, ir asmenys, turintys teisę gauti laikinąją apsaugą, iki sprendimo dėl laikinosios apsaugos suteikimo (nesuteikimo) priėmimo, tačiau ne ilgiau kaip laikinosios apsaugos laikotarpiu'
2025-02-12 14:46:31 [main] DEBUG l.i.u.p.SubmittedApplicationsPage - Checking option: 'Asmenys, turintys teisę į papildomas užimtumo garantijas pagal Lietuvos Respublikos valstybės įmonės Ignalinos atominės elektrinės darbuotojų papildomų užimtumo ir socialinių garantijų įstatymą'
2025-02-12 14:46:31 [main] DEBUG l.i.u.p.SubmittedApplicationsPage - Checking option: 'Asmenys, turintys teisę į papildomas užimtumo garantijas pagal Lietuvos Respublikos valstybės įmonės Ignalinos atominės elektrinės darbuotojų papildomų užimtumo ir socialinių garantijų įstatymą'
2025-02-12 14:46:31 [main] DEBUG l.i.u.p.SubmittedApplicationsPage - Checking option: 'Bedarbiai iki 29 metų'
2025-02-12 14:46:31 [main] DEBUG l.i.u.p.SubmittedApplicationsPage - Checking option: 'Bedarbiai iki 29 metų'
2025-02-12 14:46:31 [main] DEBUG l.i.u.p.SubmittedApplicationsPage - Checking option: 'Bedarbiai, kurie yra darbingo amžiaus neįgalieji, kuriems nustatytas 30–40 procentų darbingumo lygis arba vidutinis neįgalumo lygis'
2025-02-12 14:46:31 [main] DEBUG l.i.u.p.SubmittedApplicationsPage - Checking option: 'Bedarbiai, kurie yra darbingo amžiaus neįgalieji, kuriems nustatytas 30–40 procentų darbingumo lygis arba vidutinis neįgalumo lygis'
2025-02-12 14:46:31 [main] DEBUG l.i.u.p.SubmittedApplicationsPage - Checking option: 'Bedarbiai, kurie yra darbingo amžiaus neįgalieji, kuriems nustatytas 45–55 procentų darbingumo lygis arba lengvas neįgalumo lygis'
2025-02-12 14:46:31 [main] DEBUG l.i.u.p.SubmittedApplicationsPage - Checking option: 'Bedarbiai, kurie yra darbingo amžiaus neįgalieji, kuriems nustatytas 45–55 procentų darbingumo lygis arba lengvas neįgalumo lygis'
2025-02-12 14:46:31 [main] DEBUG l.i.u.p.SubmittedApplicationsPage - Checking option: 'Bedarbiai, kurie yra darbingo amžiaus neįgalieji, kuriems nustatytas iki 25 procentų darbingumo lygis arba sunkus neįgalumo lygis'
2025-02-12 14:46:31 [main] INFO  l.i.u.p.SubmittedApplicationsPage - Successfully selected the value: 'Bedarbiai, kurie yra darbingo amžiaus neįgalieji, kuriems nustatytas iki 25 procentų darbingumo lygis arba sunkus neįgalumo lygis'
2025-02-12 14:46:31 [main] INFO  l.i.u.p.SubmittedApplicationsPage - Attempting to close the dropdown.
2025-02-12 14:46:42 [main] INFO  l.i.u.p.SubmittedApplicationsPage - Dropdown should be closed now.
2025-02-12 14:46:42 [main] DEBUG l.i.u.t.SubmittedApplicationsPageTest - Selected disabilities type: 'Bedarbiai, kurie yra darbingo amžiaus neįgalieji, kuriems nustatytas iki 25 procentų darbingumo lygis arba sunkus neįgalumo lygis'.
2025-02-12 14:46:42 [main] DEBUG l.i.u.t.SubmittedApplicationsPageTest - Entered disability information: 'Negalia 1'.
2025-02-12 14:46:42 [main] INFO  l.i.u.p.SubmittedApplicationsPage - Located the dropdown button.
2025-02-12 14:46:43 [main] INFO  l.i.u.p.SubmittedApplicationsPage - Successfully selected the value: 'Kita'
2025-02-12 14:46:54 [main] ERROR l.i.u.p.SubmittedApplicationsPage - Timeout while waiting for dropdown to close with aria-expanded = 'false'.
2025-02-12 14:46:54 [main] DEBUG l.i.u.t.SubmittedApplicationsPageTest - Selected time mode: 'Kita'.
2025-02-12 14:46:54 [main] DEBUG l.i.u.t.SubmittedApplicationsPageTest - Selected time mode other: '6 val. per dieną ir 4 d. per savaitę'.
2025-02-12 14:46:54 [main] DEBUG l.i.u.t.SubmittedApplicationsPageTest - Entered qualification: 'Kvalifikacija 1'.
2025-02-12 14:46:54 [main] DEBUG l.i.u.t.SubmittedApplicationsPageTest - Entered job date.
2025-02-12 14:46:54 [main] DEBUG l.i.u.t.SubmittedApplicationsPageTest - Entered salary amount: '1200'.
2025-02-12 14:46:54 [main] DEBUG l.i.u.t.SubmittedApplicationsPageTest - Selected 'Temporary Job' radio button.
2025-02-12 14:46:54 [main] DEBUG l.i.u.t.SubmittedApplicationsPageTest - Selected 'Season Job' radio button.
2025-02-12 14:46:55 [main] DEBUG l.i.u.t.SubmittedApplicationsPageTest - Selected 'Energy' radio button.
2025-02-12 14:46:55 [main] DEBUG l.i.u.t.SubmittedApplicationsPageTest - Selected 'Repair' radio button.
2025-02-12 14:46:55 [main] DEBUG l.i.u.t.SubmittedApplicationsPageTest - Entered job description: 'Veikla 1'.
2025-02-12 14:46:55 [main] DEBUG l.i.u.t.SubmittedApplicationsPageTest - Entered process description: 'Procesas 1'.
2025-02-12 14:46:55 [main] DEBUG l.i.u.t.SubmittedApplicationsPageTest - Entered energy information: 'Energija 1'.
2025-02-12 14:46:55 [main] DEBUG l.i.u.t.SubmittedApplicationsPageTest - Entered repair information: 'Remontas 1'.
2025-02-12 14:46:56 [main] DEBUG l.i.u.t.SubmittedApplicationsPageTest - Selected 'PVM' radio button.
2025-02-12 14:46:56 [main] INFO  l.i.u.p.SubmittedApplicationsPage - Located the dropdown button.
2025-02-12 14:46:56 [main] INFO  l.i.u.p.SubmittedApplicationsPage - Successfully selected the value: 'Įsigyti'
2025-02-12 14:47:17 [main] ERROR l.i.u.p.SubmittedApplicationsPage - Timeout while waiting for dropdown to close with aria-expanded = 'false'.
2025-02-12 14:47:17 [main] DEBUG l.i.u.t.SubmittedApplicationsPageTest - Selected necessary for job: 'Įsigyti'.
2025-02-12 14:47:17 [main] DEBUG l.i.u.t.SubmittedApplicationsPageTest - Selected tool: 'Darbo priemonė 1'.
2025-02-12 14:47:17 [main] DEBUG l.i.u.t.SubmittedApplicationsPageTest - Selected tool parameter one: 'Darbo priemonės 1 parametras 1'.
2025-02-12 14:47:17 [main] DEBUG l.i.u.t.SubmittedApplicationsPageTest - Selected tool parameter two: 'Darbo priemonės 1 parametras 2'.
2025-02-12 14:47:17 [main] DEBUG l.i.u.t.SubmittedApplicationsPageTest - Selected tool parameter three: 'Darbo priemonės 1 parametras 3'.
2025-02-12 14:47:17 [main] DEBUG l.i.u.t.SubmittedApplicationsPageTest - Entered tool count: '1'.
2025-02-12 14:47:18 [main] DEBUG l.i.u.t.SubmittedApplicationsPageTest - Entered price amount 1: '1000'.
2025-02-12 14:47:18 [main] DEBUG l.i.u.t.SubmittedApplicationsPageTest - Entered own funds amount 1: '800'.
2025-02-12 14:47:18 [main] DEBUG l.i.u.t.SubmittedApplicationsPageTest - Clicked 'Add' button.
2025-02-12 14:47:18 [main] INFO  l.i.u.p.SubmittedApplicationsPage - Located the dropdown button.
2025-02-12 14:47:18 [main] INFO  l.i.u.p.SubmittedApplicationsPage - Successfully selected the value: 'Remontuoti'
2025-02-12 14:47:38 [main] ERROR l.i.u.p.SubmittedApplicationsPage - Timeout while waiting for dropdown to close with aria-expanded = 'false'.
2025-02-12 14:47:38 [main] DEBUG l.i.u.t.SubmittedApplicationsPageTest - Selected necessary for job 'to repair': 'Remontuoti'.
2025-02-12 14:47:39 [main] DEBUG l.i.u.t.SubmittedApplicationsPageTest - Selected repair name: 'Remonto pavadinimas 1'.
2025-02-12 14:47:39 [main] DEBUG l.i.u.t.SubmittedApplicationsPageTest - Entered repair information: 'Remonto aprašymas 1'.
2025-02-12 14:47:39 [main] DEBUG l.i.u.t.SubmittedApplicationsPageTest - Entered price amount 2: '1000'.
2025-02-12 14:47:39 [main] DEBUG l.i.u.t.SubmittedApplicationsPageTest - Entered own funds amount 2: '900'.
2025-02-12 14:47:39 [main] DEBUG l.i.u.t.SubmittedApplicationsPageTest - Entered country percentage: '50'.
2025-02-12 14:47:40 [main] DEBUG l.i.u.t.SubmittedApplicationsPageTest - Entered institution percentage: '50'.
2025-02-12 14:47:40 [main] DEBUG l.i.u.t.SubmittedApplicationsPageTest - Entered municipality percentage: '50'.
2025-02-12 14:47:40 [main] DEBUG l.i.u.t.SubmittedApplicationsPageTest - Selected 'De Minimis' radio button.
2025-02-12 14:47:40 [main] DEBUG l.i.u.t.SubmittedApplicationsPageTest - Entered program name: 'Programa 1'.
2025-02-12 14:47:40 [main] DEBUG l.i.u.t.SubmittedApplicationsPageTest - Entered project date from.
2025-02-12 14:47:40 [main] DEBUG l.i.u.t.SubmittedApplicationsPageTest - Entered project date until.
2025-02-12 14:47:40 [main] DEBUG l.i.u.t.SubmittedApplicationsPageTest - Entered support amount: '2000'.
2025-02-12 14:47:41 [main] DEBUG l.i.u.t.SubmittedApplicationsPageTest - Clicked 'Next' button.
2025-02-12 14:47:51 [main] DEBUG l.i.u.t.SubmittedApplicationsPageTest - Checked 'Legal Entities' checkbox 1.
2025-02-12 14:48:01 [main] DEBUG l.i.u.t.SubmittedApplicationsPageTest - Checked 'Legal Entities' checkbox 2.
2025-02-12 14:48:11 [main] DEBUG l.i.u.t.SubmittedApplicationsPageTest - Checked 'Legal Entities' checkbox 3.
2025-02-12 14:48:11 [main] DEBUG l.i.u.t.SubmittedApplicationsPageTest - Test finished: All 'Legal Entities' checkboxes checked successfully.
2025-02-12 14:48:11 [main] DEBUG l.i.u.t.SubmittedApplicationsPageTest - Clicked 'Next' button after checkboxes.
2025-02-12 14:48:22 [main] ERROR l.i.u.p.SubmittedApplicationsPage - Error selecting radio button: Expected condition failed: waiting for element to be clickable: By.xpath: (//input[@type='radio' and @value='false'])[8] (tried for 10 second(s) with 500 milliseconds interval)
Build info: version: '4.27.0', revision: 'd6e718d134'
System info: os.name: 'Windows 11', os.arch: 'amd64', os.version: '10.0', java.version: '21.0.3'
Driver info: org.openqa.selenium.chrome.ChromeDriver
Capabilities {acceptInsecureCerts: false, browserName: chrome, browserVersion: 132.0.6834.196, chrome: {chromedriverVersion: 132.0.6834.159 (2d77d3fc445..., userDataDir: C:\Users\INGRID~1.ZAD\AppDa...}, fedcm:accounts: true, goog:chromeOptions: {debuggerAddress: localhost:59349}, networkConnectionEnabled: false, pageLoadStrategy: normal, platformName: windows, proxy: Proxy(), se:cdp: ws://localhost:59349/devtoo..., se:cdpVersion: 132.0.6834.196, setWindowRect: true, strictFileInteractability: false, timeouts: {implicit: 0, pageLoad: 300000, script: 30000}, unhandledPromptBehavior: dismiss and notify, webauthn:extension:credBlob: true, webauthn:extension:largeBlob: true, webauthn:extension:minPinLength: true, webauthn:extension:prf: true, webauthn:virtualAuthenticators: true}
Session ID: 61208b209161bf1748e1738785c5a76c
2025-02-12 14:48:22 [main] INFO  l.i.u.t.SubmittedApplicationsPageTest - Marking 'Ne' radio button 1
2025-02-12 14:48:32 [main] ERROR l.i.u.p.SubmittedApplicationsPage - Error selecting radio button: Expected condition failed: waiting for element to be clickable: By.xpath: (//input[@type='radio' and @value='false'])[9] (tried for 10 second(s) with 500 milliseconds interval)
Build info: version: '4.27.0', revision: 'd6e718d134'
System info: os.name: 'Windows 11', os.arch: 'amd64', os.version: '10.0', java.version: '21.0.3'
Driver info: org.openqa.selenium.chrome.ChromeDriver
Capabilities {acceptInsecureCerts: false, browserName: chrome, browserVersion: 132.0.6834.196, chrome: {chromedriverVersion: 132.0.6834.159 (2d77d3fc445..., userDataDir: C:\Users\INGRID~1.ZAD\AppDa...}, fedcm:accounts: true, goog:chromeOptions: {debuggerAddress: localhost:59349}, networkConnectionEnabled: false, pageLoadStrategy: normal, platformName: windows, proxy: Proxy(), se:cdp: ws://localhost:59349/devtoo..., se:cdpVersion: 132.0.6834.196, setWindowRect: true, strictFileInteractability: false, timeouts: {implicit: 0, pageLoad: 300000, script: 30000}, unhandledPromptBehavior: dismiss and notify, webauthn:extension:credBlob: true, webauthn:extension:largeBlob: true, webauthn:extension:minPinLength: true, webauthn:extension:prf: true, webauthn:virtualAuthenticators: true}
Session ID: 61208b209161bf1748e1738785c5a76c
2025-02-12 14:48:32 [main] INFO  l.i.u.t.SubmittedApplicationsPageTest - Marking 'Ne' radio button 2
2025-02-12 14:48:42 [main] ERROR l.i.u.p.SubmittedApplicationsPage - Error selecting radio button: Expected condition failed: waiting for element to be clickable: By.xpath: (//input[@type='radio' and @value='false'])[10] (tried for 10 second(s) with 500 milliseconds interval)
Build info: version: '4.27.0', revision: 'd6e718d134'
System info: os.name: 'Windows 11', os.arch: 'amd64', os.version: '10.0', java.version: '21.0.3'
Driver info: org.openqa.selenium.chrome.ChromeDriver
Capabilities {acceptInsecureCerts: false, browserName: chrome, browserVersion: 132.0.6834.196, chrome: {chromedriverVersion: 132.0.6834.159 (2d77d3fc445..., userDataDir: C:\Users\INGRID~1.ZAD\AppDa...}, fedcm:accounts: true, goog:chromeOptions: {debuggerAddress: localhost:59349}, networkConnectionEnabled: false, pageLoadStrategy: normal, platformName: windows, proxy: Proxy(), se:cdp: ws://localhost:59349/devtoo..., se:cdpVersion: 132.0.6834.196, setWindowRect: true, strictFileInteractability: false, timeouts: {implicit: 0, pageLoad: 300000, script: 30000}, unhandledPromptBehavior: dismiss and notify, webauthn:extension:credBlob: true, webauthn:extension:largeBlob: true, webauthn:extension:minPinLength: true, webauthn:extension:prf: true, webauthn:virtualAuthenticators: true}
Session ID: 61208b209161bf1748e1738785c5a76c
2025-02-12 14:48:42 [main] INFO  l.i.u.t.SubmittedApplicationsPageTest - Marking 'Ne' radio button 3
2025-02-12 14:48:52 [main] ERROR l.i.u.p.SubmittedApplicationsPage - Error selecting radio button: Expected condition failed: waiting for element to be clickable: By.xpath: (//input[@type='radio' and @value='false'])[11] (tried for 10 second(s) with 500 milliseconds interval)
Build info: version: '4.27.0', revision: 'd6e718d134'
System info: os.name: 'Windows 11', os.arch: 'amd64', os.version: '10.0', java.version: '21.0.3'
Driver info: org.openqa.selenium.chrome.ChromeDriver
Capabilities {acceptInsecureCerts: false, browserName: chrome, browserVersion: 132.0.6834.196, chrome: {chromedriverVersion: 132.0.6834.159 (2d77d3fc445..., userDataDir: C:\Users\INGRID~1.ZAD\AppDa...}, fedcm:accounts: true, goog:chromeOptions: {debuggerAddress: localhost:59349}, networkConnectionEnabled: false, pageLoadStrategy: normal, platformName: windows, proxy: Proxy(), se:cdp: ws://localhost:59349/devtoo..., se:cdpVersion: 132.0.6834.196, setWindowRect: true, strictFileInteractability: false, timeouts: {implicit: 0, pageLoad: 300000, script: 30000}, unhandledPromptBehavior: dismiss and notify, webauthn:extension:credBlob: true, webauthn:extension:largeBlob: true, webauthn:extension:minPinLength: true, webauthn:extension:prf: true, webauthn:virtualAuthenticators: true}
Session ID: 61208b209161bf1748e1738785c5a76c
2025-02-12 14:48:52 [main] INFO  l.i.u.t.SubmittedApplicationsPageTest - Marking 'Ne' radio button 4
2025-02-12 14:49:02 [main] ERROR l.i.u.p.SubmittedApplicationsPage - Error selecting radio button: Expected condition failed: waiting for element to be clickable: By.xpath: (//input[@type='radio' and @value='false'])[12] (tried for 10 second(s) with 500 milliseconds interval)
Build info: version: '4.27.0', revision: 'd6e718d134'
System info: os.name: 'Windows 11', os.arch: 'amd64', os.version: '10.0', java.version: '21.0.3'
Driver info: org.openqa.selenium.chrome.ChromeDriver
Capabilities {acceptInsecureCerts: false, browserName: chrome, browserVersion: 132.0.6834.196, chrome: {chromedriverVersion: 132.0.6834.159 (2d77d3fc445..., userDataDir: C:\Users\INGRID~1.ZAD\AppDa...}, fedcm:accounts: true, goog:chromeOptions: {debuggerAddress: localhost:59349}, networkConnectionEnabled: false, pageLoadStrategy: normal, platformName: windows, proxy: Proxy(), se:cdp: ws://localhost:59349/devtoo..., se:cdpVersion: 132.0.6834.196, setWindowRect: true, strictFileInteractability: false, timeouts: {implicit: 0, pageLoad: 300000, script: 30000}, unhandledPromptBehavior: dismiss and notify, webauthn:extension:credBlob: true, webauthn:extension:largeBlob: true, webauthn:extension:minPinLength: true, webauthn:extension:prf: true, webauthn:virtualAuthenticators: true}
Session ID: 61208b209161bf1748e1738785c5a76c
2025-02-12 14:49:02 [main] INFO  l.i.u.t.SubmittedApplicationsPageTest - Marking 'Ne' radio button 5
2025-02-12 14:49:12 [main] ERROR l.i.u.p.SubmittedApplicationsPage - Error selecting radio button: Expected condition failed: waiting for element to be clickable: By.xpath: (//input[@type='radio' and @value='false'])[13] (tried for 10 second(s) with 500 milliseconds interval)
Build info: version: '4.27.0', revision: 'd6e718d134'
System info: os.name: 'Windows 11', os.arch: 'amd64', os.version: '10.0', java.version: '21.0.3'
Driver info: org.openqa.selenium.chrome.ChromeDriver
Capabilities {acceptInsecureCerts: false, browserName: chrome, browserVersion: 132.0.6834.196, chrome: {chromedriverVersion: 132.0.6834.159 (2d77d3fc445..., userDataDir: C:\Users\INGRID~1.ZAD\AppDa...}, fedcm:accounts: true, goog:chromeOptions: {debuggerAddress: localhost:59349}, networkConnectionEnabled: false, pageLoadStrategy: normal, platformName: windows, proxy: Proxy(), se:cdp: ws://localhost:59349/devtoo..., se:cdpVersion: 132.0.6834.196, setWindowRect: true, strictFileInteractability: false, timeouts: {implicit: 0, pageLoad: 300000, script: 30000}, unhandledPromptBehavior: dismiss and notify, webauthn:extension:credBlob: true, webauthn:extension:largeBlob: true, webauthn:extension:minPinLength: true, webauthn:extension:prf: true, webauthn:virtualAuthenticators: true}
Session ID: 61208b209161bf1748e1738785c5a76c
2025-02-12 14:49:12 [main] INFO  l.i.u.t.SubmittedApplicationsPageTest - Marking 'Ne' radio button 6
2025-02-12 14:49:22 [main] ERROR l.i.u.p.SubmittedApplicationsPage - Error selecting radio button: Expected condition failed: waiting for element to be clickable: By.xpath: (//input[@type='radio' and @value='true'])[14] (tried for 10 second(s) with 500 milliseconds interval)
Build info: version: '4.27.0', revision: 'd6e718d134'
System info: os.name: 'Windows 11', os.arch: 'amd64', os.version: '10.0', java.version: '21.0.3'
Driver info: org.openqa.selenium.chrome.ChromeDriver
Capabilities {acceptInsecureCerts: false, browserName: chrome, browserVersion: 132.0.6834.196, chrome: {chromedriverVersion: 132.0.6834.159 (2d77d3fc445..., userDataDir: C:\Users\INGRID~1.ZAD\AppDa...}, fedcm:accounts: true, goog:chromeOptions: {debuggerAddress: localhost:59349}, networkConnectionEnabled: false, pageLoadStrategy: normal, platformName: windows, proxy: Proxy(), se:cdp: ws://localhost:59349/devtoo..., se:cdpVersion: 132.0.6834.196, setWindowRect: true, strictFileInteractability: false, timeouts: {implicit: 0, pageLoad: 300000, script: 30000}, unhandledPromptBehavior: dismiss and notify, webauthn:extension:credBlob: true, webauthn:extension:largeBlob: true, webauthn:extension:minPinLength: true, webauthn:extension:prf: true, webauthn:virtualAuthenticators: true}
Session ID: 61208b209161bf1748e1738785c5a76c
2025-02-12 14:49:22 [main] INFO  l.i.u.t.SubmittedApplicationsPageTest - Marking 'Taip' radio button 7
2025-02-12 14:49:32 [main] ERROR l.i.u.p.SubmittedApplicationsPage - Error selecting radio button: Expected condition failed: waiting for element to be clickable: By.xpath: (//input[@type='radio' and @value='true'])[15] (tried for 10 second(s) with 500 milliseconds interval)
Build info: version: '4.27.0', revision: 'd6e718d134'
System info: os.name: 'Windows 11', os.arch: 'amd64', os.version: '10.0', java.version: '21.0.3'
Driver info: org.openqa.selenium.chrome.ChromeDriver
Capabilities {acceptInsecureCerts: false, browserName: chrome, browserVersion: 132.0.6834.196, chrome: {chromedriverVersion: 132.0.6834.159 (2d77d3fc445..., userDataDir: C:\Users\INGRID~1.ZAD\AppDa...}, fedcm:accounts: true, goog:chromeOptions: {debuggerAddress: localhost:59349}, networkConnectionEnabled: false, pageLoadStrategy: normal, platformName: windows, proxy: Proxy(), se:cdp: ws://localhost:59349/devtoo..., se:cdpVersion: 132.0.6834.196, setWindowRect: true, strictFileInteractability: false, timeouts: {implicit: 0, pageLoad: 300000, script: 30000}, unhandledPromptBehavior: dismiss and notify, webauthn:extension:credBlob: true, webauthn:extension:largeBlob: true, webauthn:extension:minPinLength: true, webauthn:extension:prf: true, webauthn:virtualAuthenticators: true}
Session ID: 61208b209161bf1748e1738785c5a76c
2025-02-12 14:49:32 [main] INFO  l.i.u.t.SubmittedApplicationsPageTest - Marking 'Taip' radio button 8
2025-02-12 14:49:42 [main] ERROR l.i.u.p.SubmittedApplicationsPage - Error selecting radio button: Expected condition failed: waiting for element to be clickable: By.xpath: (//input[@type='radio' and @value='true'])[16] (tried for 10 second(s) with 500 milliseconds interval)
Build info: version: '4.27.0', revision: 'd6e718d134'
System info: os.name: 'Windows 11', os.arch: 'amd64', os.version: '10.0', java.version: '21.0.3'
Driver info: org.openqa.selenium.chrome.ChromeDriver
Capabilities {acceptInsecureCerts: false, browserName: chrome, browserVersion: 132.0.6834.196, chrome: {chromedriverVersion: 132.0.6834.159 (2d77d3fc445..., userDataDir: C:\Users\INGRID~1.ZAD\AppDa...}, fedcm:accounts: true, goog:chromeOptions: {debuggerAddress: localhost:59349}, networkConnectionEnabled: false, pageLoadStrategy: normal, platformName: windows, proxy: Proxy(), se:cdp: ws://localhost:59349/devtoo..., se:cdpVersion: 132.0.6834.196, setWindowRect: true, strictFileInteractability: false, timeouts: {implicit: 0, pageLoad: 300000, script: 30000}, unhandledPromptBehavior: dismiss and notify, webauthn:extension:credBlob: true, webauthn:extension:largeBlob: true, webauthn:extension:minPinLength: true, webauthn:extension:prf: true, webauthn:virtualAuthenticators: true}
Session ID: 61208b209161bf1748e1738785c5a76c
2025-02-12 14:49:42 [main] INFO  l.i.u.t.SubmittedApplicationsPageTest - Marking 'Taip' radio button 9
2025-02-12 14:49:52 [main] ERROR l.i.u.p.SubmittedApplicationsPage - Error selecting radio button: Expected condition failed: waiting for element to be clickable: By.xpath: (//input[@type='radio' and @value='true'])[17] (tried for 10 second(s) with 500 milliseconds interval)
Build info: version: '4.27.0', revision: 'd6e718d134'
System info: os.name: 'Windows 11', os.arch: 'amd64', os.version: '10.0', java.version: '21.0.3'
Driver info: org.openqa.selenium.chrome.ChromeDriver
Capabilities {acceptInsecureCerts: false, browserName: chrome, browserVersion: 132.0.6834.196, chrome: {chromedriverVersion: 132.0.6834.159 (2d77d3fc445..., userDataDir: C:\Users\INGRID~1.ZAD\AppDa...}, fedcm:accounts: true, goog:chromeOptions: {debuggerAddress: localhost:59349}, networkConnectionEnabled: false, pageLoadStrategy: normal, platformName: windows, proxy: Proxy(), se:cdp: ws://localhost:59349/devtoo..., se:cdpVersion: 132.0.6834.196, setWindowRect: true, strictFileInteractability: false, timeouts: {implicit: 0, pageLoad: 300000, script: 30000}, unhandledPromptBehavior: dismiss and notify, webauthn:extension:credBlob: true, webauthn:extension:largeBlob: true, webauthn:extension:minPinLength: true, webauthn:extension:prf: true, webauthn:virtualAuthenticators: true}
Session ID: 61208b209161bf1748e1738785c5a76c
2025-02-12 14:49:52 [main] INFO  l.i.u.t.SubmittedApplicationsPageTest - Marking 'Taip' radio button 10
2025-02-12 14:50:02 [main] ERROR l.i.u.p.SubmittedApplicationsPage - Error selecting radio button: Expected condition failed: waiting for element to be clickable: By.xpath: (//input[@type='radio' and @value='true'])[18] (tried for 10 second(s) with 500 milliseconds interval)
Build info: version: '4.27.0', revision: 'd6e718d134'
System info: os.name: 'Windows 11', os.arch: 'amd64', os.version: '10.0', java.version: '21.0.3'
Driver info: org.openqa.selenium.chrome.ChromeDriver
Capabilities {acceptInsecureCerts: false, browserName: chrome, browserVersion: 132.0.6834.196, chrome: {chromedriverVersion: 132.0.6834.159 (2d77d3fc445..., userDataDir: C:\Users\INGRID~1.ZAD\AppDa...}, fedcm:accounts: true, goog:chromeOptions: {debuggerAddress: localhost:59349}, networkConnectionEnabled: false, pageLoadStrategy: normal, platformName: windows, proxy: Proxy(), se:cdp: ws://localhost:59349/devtoo..., se:cdpVersion: 132.0.6834.196, setWindowRect: true, strictFileInteractability: false, timeouts: {implicit: 0, pageLoad: 300000, script: 30000}, unhandledPromptBehavior: dismiss and notify, webauthn:extension:credBlob: true, webauthn:extension:largeBlob: true, webauthn:extension:minPinLength: true, webauthn:extension:prf: true, webauthn:virtualAuthenticators: true}
Session ID: 61208b209161bf1748e1738785c5a76c
2025-02-12 14:50:02 [main] INFO  l.i.u.t.SubmittedApplicationsPageTest - Marking 'Taip' radio button 11
2025-02-12 14:50:13 [main] ERROR l.i.u.p.SubmittedApplicationsPage - Error selecting radio button: Expected condition failed: waiting for element to be clickable: By.xpath: (//input[@type='radio' and @value='true'])[19] (tried for 10 second(s) with 500 milliseconds interval)
Build info: version: '4.27.0', revision: 'd6e718d134'
System info: os.name: 'Windows 11', os.arch: 'amd64', os.version: '10.0', java.version: '21.0.3'
Driver info: org.openqa.selenium.chrome.ChromeDriver
Capabilities {acceptInsecureCerts: false, browserName: chrome, browserVersion: 132.0.6834.196, chrome: {chromedriverVersion: 132.0.6834.159 (2d77d3fc445..., userDataDir: C:\Users\INGRID~1.ZAD\AppDa...}, fedcm:accounts: true, goog:chromeOptions: {debuggerAddress: localhost:59349}, networkConnectionEnabled: false, pageLoadStrategy: normal, platformName: windows, proxy: Proxy(), se:cdp: ws://localhost:59349/devtoo..., se:cdpVersion: 132.0.6834.196, setWindowRect: true, strictFileInteractability: false, timeouts: {implicit: 0, pageLoad: 300000, script: 30000}, unhandledPromptBehavior: dismiss and notify, webauthn:extension:credBlob: true, webauthn:extension:largeBlob: true, webauthn:extension:minPinLength: true, webauthn:extension:prf: true, webauthn:virtualAuthenticators: true}
Session ID: 61208b209161bf1748e1738785c5a76c
2025-02-12 14:50:13 [main] INFO  l.i.u.t.SubmittedApplicationsPageTest - Marking 'Taip' radio button 12
2025-02-12 14:50:23 [main] DEBUG l.i.u.t.SubmittedApplicationsPageTest - Checked 'ConfirmationStepFour'
2025-02-12 14:50:23 [main] DEBUG l.i.u.t.SubmittedApplicationsPageTest - Clicked 'Next' button after checkboxes.
2025-02-12 14:50:23 [main] INFO  l.i.u.p.SubmittedApplicationsPage - File uploaded successfully to an input element.
2025-02-12 14:50:23 [main] INFO  l.i.u.p.SubmittedApplicationsPage - File uploaded successfully to an input element.
2025-02-12 14:50:23 [main] INFO  l.i.u.p.SubmittedApplicationsPage - File uploaded successfully to an input element.
2025-02-12 14:50:23 [main] INFO  l.i.u.p.SubmittedApplicationsPage - File uploaded successfully to an input element.
2025-02-12 14:50:23 [main] INFO  l.i.u.p.SubmittedApplicationsPage - File uploaded successfully to an input element.
2025-02-12 14:50:23 [main] INFO  l.i.u.p.SubmittedApplicationsPage - File uploaded successfully to an input element.
2025-02-12 14:50:23 [main] INFO  l.i.u.p.SubmittedApplicationsPage - File uploaded successfully to an input element.
2025-02-12 14:50:24 [main] INFO  l.i.u.p.SubmittedApplicationsPage - File uploaded successfully to an input element.
2025-02-12 14:50:24 [main] INFO  l.i.u.p.SubmittedApplicationsPage - File uploaded successfully to an input element.
2025-02-12 14:50:24 [main] INFO  l.i.u.p.SubmittedApplicationsPage - File uploaded successfully to an input element.
2025-02-12 14:50:24 [main] DEBUG l.i.u.t.SubmittedApplicationsPageTest - Entered program name: 'Dokumentas 1'.
2025-02-12 14:50:24 [main] DEBUG l.i.u.t.SubmittedApplicationsPageTest - Entered program name: 'Dokumentas 2'.
2025-02-12 14:50:24 [main] DEBUG l.i.u.t.SubmittedApplicationsPageTest - Entered program name: 'Dokumentas 3'.
2025-02-12 14:50:24 [main] DEBUG l.i.u.t.SubmittedApplicationsPageTest - Entered program name: 'Dokumentas 4'.
2025-02-12 14:50:24 [main] DEBUG l.i.u.t.SubmittedApplicationsPageTest - Entered program name: 'Dokumentas 5'.
2025-02-12 14:50:25 [main] DEBUG l.i.u.t.SubmittedApplicationsPageTest - Entered program name: 'Dokumentas 6'.
2025-02-12 14:50:25 [main] DEBUG l.i.u.t.SubmittedApplicationsPageTest - Entered program name: 'Dokumentas 4'.
2025-02-12 14:50:25 [main] DEBUG l.i.u.t.SubmittedApplicationsPageTest - Entered program name: 'Dokumentas 8'.
2025-02-12 14:50:25 [main] DEBUG l.i.u.t.SubmittedApplicationsPageTest - Entered program name: 'Dokumentas 9'.
2025-02-12 14:50:25 [main] DEBUG l.i.u.t.SubmittedApplicationsPageTest - Entered program name: 'Dokumentas 10'.
2025-02-12 14:50:35 [main] DEBUG l.i.u.t.SubmittedApplicationsPageTest - Checked 'ConfirmationDocument'
2025-02-12 14:50:46 [main] DEBUG l.i.u.t.SubmittedApplicationsPageTest - Checked 'ConfirmationApplication'
2025-02-12 14:50:46 [main] DEBUG l.i.u.t.SubmittedApplicationsPageTest - Clicked 'SaveDraft' button after checkboxes.
2025-02-12 14:50:46 [main] DEBUG l.insoft.uztis.pages.InvitationsPage - Verified success message: 'Ruošinys sėkmingai išsaugotas.'
2025-02-12 14:50:46 [main] DEBUG l.i.u.t.SubmittedApplicationsPageTest - Clicked 'Review' button after checkboxes.
2025-02-12 14:50:46 [main] DEBUG l.i.u.t.SubmittedApplicationsPageTest - Clicked 'Submit' button after checkboxes.
2025-02-12 14:50:46 [main] DEBUG l.i.u.t.SubmittedApplicationsPageTest - Clicked 'SubmitConfirmation' button after checkboxes.
2025-02-12 14:50:46 [main] ERROR l.insoft.uztis.pages.InvitationsPage - Failed to verify the success message: 'Paraiška sėkmingai pateikta ir užregistruota.'. Available messages: [Ruošinys sėkmingai išsaugotas.]
2025-02-12 14:50:46 [main] INFO  l.i.u.t.SubmittedApplicationsPageTest - Test 'testFillNewVUIApplicationFA' completed successfully.
2025-02-12 14:52:40 [main] INFO  lt.insoft.uztis.tests.UztisPageTest - Navigated to https://uztisdev.asseco.lt/home
2025-02-12 14:52:40 [main] INFO  l.i.u.t.SubmittedApplicationsPageTest - Starting test:'testAddEvaluators'
2025-02-12 14:52:40 [main] DEBUG l.i.u.t.SubmittedApplicationsPageTest - User logged in with test credentials.
2025-02-12 14:52:40 [main] DEBUG l.i.u.t.SubmittedApplicationsPageTest - Opened 'Application Processing' menu.
2025-02-12 14:52:40 [main] DEBUG l.i.u.t.SubmittedApplicationsPageTest - Clicked on 'Application Forms' menu.
2025-02-12 14:52:41 [main] DEBUG l.i.u.t.SubmittedApplicationsPageTest - Retrieved last description code text: 'TST-VUI-00'.
2025-02-12 14:52:41 [main] DEBUG l.i.u.t.SubmittedApplicationsPageTest - Clicked on 'Invitation' menu.
2025-02-12 14:52:42 [main] DEBUG l.i.u.t.SubmittedApplicationsPageTest - Selected application section by code: 'TST-VUI-00'.
2025-02-12 14:52:42 [main] DEBUG l.i.u.t.SubmittedApplicationsPageTest - Clicked 'Search' button.
2025-02-12 14:52:42 [main] DEBUG l.i.u.t.SubmittedApplicationsPageTest - Retrieved invitation code: ''.
2025-02-12 14:52:42 [main] DEBUG l.i.u.t.SubmittedApplicationsPageTest - Clicked on 'Submitted Applications' menu.
2025-02-12 14:52:43 [main] DEBUG l.i.u.t.SubmittedApplicationsPageTest - Selected invitation by code: 'TST-VUI-00'.
2025-02-12 14:52:43 [main] DEBUG l.i.u.t.SubmittedApplicationsPageTest - Invitation code inserted.
2025-02-12 14:52:43 [main] DEBUG l.i.u.t.SubmittedApplicationsPageTest - Clicked on 'Action Application' button.
2025-02-12 14:52:43 [main] DEBUG l.i.u.t.SubmittedApplicationsPageTest - Clicked on 'Add Evaluators' button.
2025-02-12 14:52:44 [main] DEBUG l.i.u.t.SubmittedApplicationsPageTest - Entered first evaluation date.
2025-02-12 14:52:44 [main] DEBUG l.i.u.t.SubmittedApplicationsPageTest - Entered second evaluation date.
2025-02-12 14:52:44 [main] DEBUG l.i.u.t.SubmittedApplicationsPageTest - Entered third evaluation date.
2025-02-12 14:52:44 [main] DEBUG l.i.u.t.SubmittedApplicationsPageTest - Clicked on 'Add Evaluators' confirmation button.
2025-02-12 14:52:44 [main] DEBUG l.insoft.uztis.pages.InvitationsPage - Verified success message: 'Paraiškų vertinimai sėkmingai priskirti vertintojams.'
2025-02-12 14:52:44 [main] INFO  l.i.u.t.SubmittedApplicationsPageTest - Test 'testAddEvaluators' completed successfully.
2025-02-12 14:56:24 [main] INFO  lt.insoft.uztis.tests.UztisPageTest - Navigated to https://uztisdev.asseco.lt/home
2025-02-12 14:56:24 [main] INFO  l.i.uztis.tests.EvaluationsPageTest - Starting test:'testNavigateToEvaluationsPage'
2025-02-12 14:56:25 [main] DEBUG l.i.uztis.tests.EvaluationsPageTest - User logged in with test credentials
2025-02-12 14:56:25 [main] DEBUG l.i.uztis.tests.EvaluationsPageTest - Opened 'Application Processing' menu.
2025-02-12 14:56:25 [main] DEBUG l.i.uztis.tests.EvaluationsPageTest - Clicked on 'Evaluations' menu.
2025-02-12 14:56:25 [main] DEBUG l.i.uztis.tests.EvaluationsPageTest - Navigating to evaluations menu.
2025-02-12 14:56:26 [main] DEBUG l.i.uztis.tests.EvaluationsPageTest - Clicked on last evaluation.
2025-02-12 14:56:26 [main] INFO  l.i.uztis.tests.EvaluationsPageTest - Test 'testNavigateToEvaluationsPage' completed successfully.
2025-02-12 15:07:03 [main] INFO  lt.insoft.uztis.tests.UztisPageTest - Navigated to https://uztisdev.asseco.lt/home
2025-02-12 15:07:03 [main] INFO  l.i.uztis.tests.EvaluationsPageTest - Starting test:'testNavigateToEvaluationsPage'
2025-02-12 15:07:04 [main] DEBUG l.i.uztis.tests.EvaluationsPageTest - User logged in with test credentials
2025-02-12 15:07:04 [main] DEBUG l.i.uztis.tests.EvaluationsPageTest - Opened 'Application Processing' menu.
2025-02-12 15:07:04 [main] DEBUG l.i.uztis.tests.EvaluationsPageTest - Clicked on 'Evaluations' menu.
2025-02-12 15:07:04 [main] DEBUG l.i.uztis.tests.EvaluationsPageTest - Navigating to evaluations menu.
2025-02-12 15:07:05 [main] DEBUG l.i.uztis.tests.EvaluationsPageTest - Clicked on last evaluation.
2025-02-12 15:07:05 [main] DEBUG l.i.uztis.tests.EvaluationsPageTest - Clicked 'Edit'.
2025-02-12 15:07:05 [main] INFO  l.i.uztis.tests.EvaluationsPageTest - Test 'testNavigateToEvaluationsPage' completed successfully.
2025-02-12 15:15:01 [main] INFO  lt.insoft.uztis.tests.UztisPageTest - Navigated to https://uztisdev.asseco.lt/home
2025-02-12 15:15:01 [main] INFO  l.i.uztis.tests.EvaluationsPageTest - Starting test:'testNavigateToEvaluationsPage'
2025-02-12 15:15:02 [main] DEBUG l.i.uztis.tests.EvaluationsPageTest - User logged in with test credentials
2025-02-12 15:15:02 [main] DEBUG l.i.uztis.tests.EvaluationsPageTest - Opened 'Application Processing' menu.
2025-02-12 15:15:02 [main] DEBUG l.i.uztis.tests.EvaluationsPageTest - Clicked on 'Evaluations' menu.
2025-02-12 15:15:02 [main] DEBUG l.i.uztis.tests.EvaluationsPageTest - Navigating to evaluations menu.
2025-02-12 15:15:03 [main] DEBUG l.i.uztis.tests.EvaluationsPageTest - Clicked on last evaluation.
2025-02-12 15:15:04 [main] DEBUG l.i.uztis.tests.EvaluationsPageTest - Clicked 'Edit'.
2025-02-12 15:15:14 [main] ERROR l.i.u.p.SubmittedApplicationsPage - Error selecting radio button: Expected condition failed: waiting for element to be clickable: By.xpath: (//input[@type='radio' and @value='false'])[8] (tried for 10 second(s) with 500 milliseconds interval)
Build info: version: '4.27.0', revision: 'd6e718d134'
System info: os.name: 'Windows 11', os.arch: 'amd64', os.version: '10.0', java.version: '21.0.3'
Driver info: org.openqa.selenium.chrome.ChromeDriver
Capabilities {acceptInsecureCerts: false, browserName: chrome, browserVersion: 132.0.6834.196, chrome: {chromedriverVersion: 132.0.6834.159 (2d77d3fc445..., userDataDir: C:\Users\INGRID~1.ZAD\AppDa...}, fedcm:accounts: true, goog:chromeOptions: {debuggerAddress: localhost:60456}, networkConnectionEnabled: false, pageLoadStrategy: normal, platformName: windows, proxy: Proxy(), se:cdp: ws://localhost:60456/devtoo..., se:cdpVersion: 132.0.6834.196, setWindowRect: true, strictFileInteractability: false, timeouts: {implicit: 0, pageLoad: 300000, script: 30000}, unhandledPromptBehavior: dismiss and notify, webauthn:extension:credBlob: true, webauthn:extension:largeBlob: true, webauthn:extension:minPinLength: true, webauthn:extension:prf: true, webauthn:virtualAuthenticators: true}
Session ID: ca30ace9e629dc0d168b7ad10c3c975f
2025-02-12 15:15:24 [main] ERROR l.i.uztis.tests.EvaluationsPageTest - Test 'testNavigateToEvaluationsPage' failed with error: no such element: Unable to locate element: {"method":"xpath","selector":"(//input[@type='radio' and @value='false'])[8]"}
  (Session info: chrome=132.0.6834.196)
For documentation on this error, please visit: https://www.selenium.dev/documentation/webdriver/troubleshooting/errors#no-such-element-exception
Build info: version: '4.27.0', revision: 'd6e718d134'
System info: os.name: 'Windows 11', os.arch: 'amd64', os.version: '10.0', java.version: '21.0.3'
Driver info: org.openqa.selenium.chrome.ChromeDriver
Command: [ca30ace9e629dc0d168b7ad10c3c975f, findElement {using=xpath, value=(//input[@type='radio' and @value='false'])[8]}]
Capabilities {acceptInsecureCerts: false, browserName: chrome, browserVersion: 132.0.6834.196, chrome: {chromedriverVersion: 132.0.6834.159 (2d77d3fc445..., userDataDir: C:\Users\INGRID~1.ZAD\AppDa...}, fedcm:accounts: true, goog:chromeOptions: {debuggerAddress: localhost:60456}, networkConnectionEnabled: false, pageLoadStrategy: normal, platformName: windows, proxy: Proxy(), se:cdp: ws://localhost:60456/devtoo..., se:cdpVersion: 132.0.6834.196, setWindowRect: true, strictFileInteractability: false, timeouts: {implicit: 0, pageLoad: 300000, script: 30000}, unhandledPromptBehavior: dismiss and notify, webauthn:extension:credBlob: true, webauthn:extension:largeBlob: true, webauthn:extension:minPinLength: true, webauthn:extension:prf: true, webauthn:virtualAuthenticators: true}
Session ID: ca30ace9e629dc0d168b7ad10c3c975f
org.openqa.selenium.NoSuchElementException: no such element: Unable to locate element: {"method":"xpath","selector":"(//input[@type='radio' and @value='false'])[8]"}
  (Session info: chrome=132.0.6834.196)
For documentation on this error, please visit: https://www.selenium.dev/documentation/webdriver/troubleshooting/errors#no-such-element-exception
Build info: version: '4.27.0', revision: 'd6e718d134'
System info: os.name: 'Windows 11', os.arch: 'amd64', os.version: '10.0', java.version: '21.0.3'
Driver info: org.openqa.selenium.chrome.ChromeDriver
Command: [ca30ace9e629dc0d168b7ad10c3c975f, findElement {using=xpath, value=(//input[@type='radio' and @value='false'])[8]}]
Capabilities {acceptInsecureCerts: false, browserName: chrome, browserVersion: 132.0.6834.196, chrome: {chromedriverVersion: 132.0.6834.159 (2d77d3fc445..., userDataDir: C:\Users\INGRID~1.ZAD\AppDa...}, fedcm:accounts: true, goog:chromeOptions: {debuggerAddress: localhost:60456}, networkConnectionEnabled: false, pageLoadStrategy: normal, platformName: windows, proxy: Proxy(), se:cdp: ws://localhost:60456/devtoo..., se:cdpVersion: 132.0.6834.196, setWindowRect: true, strictFileInteractability: false, timeouts: {implicit: 0, pageLoad: 300000, script: 30000}, unhandledPromptBehavior: dismiss and notify, webauthn:extension:credBlob: true, webauthn:extension:largeBlob: true, webauthn:extension:minPinLength: true, webauthn:extension:prf: true, webauthn:virtualAuthenticators: true}
Session ID: ca30ace9e629dc0d168b7ad10c3c975f
	at java.base/jdk.internal.reflect.DirectConstructorHandleAccessor.newInstance(DirectConstructorHandleAccessor.java:62)
	at java.base/java.lang.reflect.Constructor.newInstanceWithCaller(Constructor.java:502)
	at java.base/java.lang.reflect.Constructor.newInstance(Constructor.java:486)
	at org.openqa.selenium.remote.ErrorCodec.decode(ErrorCodec.java:167)
	at org.openqa.selenium.remote.codec.w3c.W3CHttpResponseCodec.decode(W3CHttpResponseCodec.java:138)
	at org.openqa.selenium.remote.codec.w3c.W3CHttpResponseCodec.decode(W3CHttpResponseCodec.java:50)
	at org.openqa.selenium.remote.HttpCommandExecutor.execute(HttpCommandExecutor.java:190)
	at org.openqa.selenium.remote.service.DriverCommandExecutor.invokeExecute(DriverCommandExecutor.java:216)
	at org.openqa.selenium.remote.service.DriverCommandExecutor.execute(DriverCommandExecutor.java:174)
	at org.openqa.selenium.remote.RemoteWebDriver.execute(RemoteWebDriver.java:545)
	at org.openqa.selenium.remote.ElementLocation$ElementFinder$2.findElement(ElementLocation.java:165)
	at org.openqa.selenium.remote.ElementLocation.findElement(ElementLocation.java:59)
	at org.openqa.selenium.remote.RemoteWebDriver.findElement(RemoteWebDriver.java:368)
	at org.openqa.selenium.remote.RemoteWebDriver.findElement(RemoteWebDriver.java:362)
	at lt.insoft.uztis.pages.SubmittedApplicationsPage$RadioButtonHelper.selectRadioButton(SubmittedApplicationsPage.java:1318)
	at lt.insoft.uztis.tests.EvaluationsPageTest.testNavigateToEvaluationsPage(EvaluationsPageTest.java:56)
	at java.base/jdk.internal.reflect.DirectMethodHandleAccessor.invoke(DirectMethodHandleAccessor.java:103)
	at java.base/java.lang.reflect.Method.invoke(Method.java:580)
	at org.junit.platform.commons.util.ReflectionUtils.invokeMethod(ReflectionUtils.java:728)
	at org.junit.jupiter.engine.execution.MethodInvocation.proceed(MethodInvocation.java:60)
	at org.junit.jupiter.engine.execution.InvocationInterceptorChain$ValidatingInvocation.proceed(InvocationInterceptorChain.java:131)
	at org.junit.jupiter.engine.extension.TimeoutExtension.intercept(TimeoutExtension.java:156)
	at org.junit.jupiter.engine.extension.TimeoutExtension.interceptTestableMethod(TimeoutExtension.java:147)
	at org.junit.jupiter.engine.extension.TimeoutExtension.interceptTestMethod(TimeoutExtension.java:86)
	at org.junit.jupiter.engine.execution.InterceptingExecutableInvoker$ReflectiveInterceptorCall.lambda$ofVoidMethod$0(InterceptingExecutableInvoker.java:103)
	at org.junit.jupiter.engine.execution.InterceptingExecutableInvoker.lambda$invoke$0(InterceptingExecutableInvoker.java:93)
	at org.junit.jupiter.engine.execution.InvocationInterceptorChain$InterceptedInvocation.proceed(InvocationInterceptorChain.java:106)
	at org.junit.jupiter.engine.execution.InvocationInterceptorChain.proceed(InvocationInterceptorChain.java:64)
	at org.junit.jupiter.engine.execution.InvocationInterceptorChain.chainAndInvoke(InvocationInterceptorChain.java:45)
	at org.junit.jupiter.engine.execution.InvocationInterceptorChain.invoke(InvocationInterceptorChain.java:37)
	at org.junit.jupiter.engine.execution.InterceptingExecutableInvoker.invoke(InterceptingExecutableInvoker.java:92)
	at org.junit.jupiter.engine.execution.InterceptingExecutableInvoker.invoke(InterceptingExecutableInvoker.java:86)
	at org.junit.jupiter.engine.descriptor.TestMethodTestDescriptor.lambda$invokeTestMethod$7(TestMethodTestDescriptor.java:218)
	at org.junit.platform.engine.support.hierarchical.ThrowableCollector.execute(ThrowableCollector.java:73)
	at org.junit.jupiter.engine.descriptor.TestMethodTestDescriptor.invokeTestMethod(TestMethodTestDescriptor.java:214)
	at org.junit.jupiter.engine.descriptor.TestMethodTestDescriptor.execute(TestMethodTestDescriptor.java:139)
	at org.junit.jupiter.engine.descriptor.TestMethodTestDescriptor.execute(TestMethodTestDescriptor.java:69)
	at org.junit.platform.engine.support.hierarchical.NodeTestTask.lambda$executeRecursively$6(NodeTestTask.java:151)
	at org.junit.platform.engine.support.hierarchical.ThrowableCollector.execute(ThrowableCollector.java:73)
	at org.junit.platform.engine.support.hierarchical.NodeTestTask.lambda$executeRecursively$8(NodeTestTask.java:141)
	at org.junit.platform.engine.support.hierarchical.Node.around(Node.java:137)
	at org.junit.platform.engine.support.hierarchical.NodeTestTask.lambda$executeRecursively$9(NodeTestTask.java:139)
	at org.junit.platform.engine.support.hierarchical.ThrowableCollector.execute(ThrowableCollector.java:73)
	at org.junit.platform.engine.support.hierarchical.NodeTestTask.executeRecursively(NodeTestTask.java:138)
	at org.junit.platform.engine.support.hierarchical.NodeTestTask.execute(NodeTestTask.java:95)
	at java.base/java.util.ArrayList.forEach(ArrayList.java:1596)
	at org.junit.platform.engine.support.hierarchical.SameThreadHierarchicalTestExecutorService.invokeAll(SameThreadHierarchicalTestExecutorService.java:41)
	at org.junit.platform.engine.support.hierarchical.NodeTestTask.lambda$executeRecursively$6(NodeTestTask.java:155)
	at org.junit.platform.engine.support.hierarchical.ThrowableCollector.execute(ThrowableCollector.java:73)
	at org.junit.platform.engine.support.hierarchical.NodeTestTask.lambda$executeRecursively$8(NodeTestTask.java:141)
	at org.junit.platform.engine.support.hierarchical.Node.around(Node.java:137)
	at org.junit.platform.engine.support.hierarchical.NodeTestTask.lambda$executeRecursively$9(NodeTestTask.java:139)
	at org.junit.platform.engine.support.hierarchical.ThrowableCollector.execute(ThrowableCollector.java:73)
	at org.junit.platform.engine.support.hierarchical.NodeTestTask.executeRecursively(NodeTestTask.java:138)
	at org.junit.platform.engine.support.hierarchical.NodeTestTask.execute(NodeTestTask.java:95)
	at java.base/java.util.ArrayList.forEach(ArrayList.java:1596)
	at org.junit.platform.engine.support.hierarchical.SameThreadHierarchicalTestExecutorService.invokeAll(SameThreadHierarchicalTestExecutorService.java:41)
	at org.junit.platform.engine.support.hierarchical.NodeTestTask.lambda$executeRecursively$6(NodeTestTask.java:155)
	at org.junit.platform.engine.support.hierarchical.ThrowableCollector.execute(ThrowableCollector.java:73)
	at org.junit.platform.engine.support.hierarchical.NodeTestTask.lambda$executeRecursively$8(NodeTestTask.java:141)
	at org.junit.platform.engine.support.hierarchical.Node.around(Node.java:137)
	at org.junit.platform.engine.support.hierarchical.NodeTestTask.lambda$executeRecursively$9(NodeTestTask.java:139)
	at org.junit.platform.engine.support.hierarchical.ThrowableCollector.execute(ThrowableCollector.java:73)
	at org.junit.platform.engine.support.hierarchical.NodeTestTask.executeRecursively(NodeTestTask.java:138)
	at org.junit.platform.engine.support.hierarchical.NodeTestTask.execute(NodeTestTask.java:95)
	at org.junit.platform.engine.support.hierarchical.SameThreadHierarchicalTestExecutorService.submit(SameThreadHierarchicalTestExecutorService.java:35)
	at org.junit.platform.engine.support.hierarchical.HierarchicalTestExecutor.execute(HierarchicalTestExecutor.java:57)
	at org.junit.platform.engine.support.hierarchical.HierarchicalTestEngine.execute(HierarchicalTestEngine.java:54)
	at org.junit.platform.launcher.core.EngineExecutionOrchestrator.execute(EngineExecutionOrchestrator.java:198)
	at org.junit.platform.launcher.core.EngineExecutionOrchestrator.execute(EngineExecutionOrchestrator.java:169)
	at org.junit.platform.launcher.core.EngineExecutionOrchestrator.execute(EngineExecutionOrchestrator.java:93)
	at org.junit.platform.launcher.core.EngineExecutionOrchestrator.lambda$execute$0(EngineExecutionOrchestrator.java:58)
	at org.junit.platform.launcher.core.EngineExecutionOrchestrator.withInterceptedStreams(EngineExecutionOrchestrator.java:141)
	at org.junit.platform.launcher.core.EngineExecutionOrchestrator.execute(EngineExecutionOrchestrator.java:57)
	at org.junit.platform.launcher.core.DefaultLauncher.execute(DefaultLauncher.java:103)
	at org.junit.platform.launcher.core.DefaultLauncher.execute(DefaultLauncher.java:85)
	at org.junit.platform.launcher.core.DelegatingLauncher.execute(DelegatingLauncher.java:47)
	at org.junit.platform.launcher.core.SessionPerRequestLauncher.execute(SessionPerRequestLauncher.java:63)
	at com.intellij.junit5.JUnit5IdeaTestRunner.startRunnerWithArgs(JUnit5IdeaTestRunner.java:57)
	at com.intellij.rt.junit.IdeaTestRunner$Repeater$1.execute(IdeaTestRunner.java:38)
	at com.intellij.rt.execution.junit.TestsRepeater.repeat(TestsRepeater.java:11)
	at com.intellij.rt.junit.IdeaTestRunner$Repeater.startRunnerWithArgs(IdeaTestRunner.java:35)
	at com.intellij.rt.junit.JUnitStarter.prepareStreamsAndStart(JUnitStarter.java:232)
	at com.intellij.rt.junit.JUnitStarter.main(JUnitStarter.java:55)
2025-02-12 15:15:24 [main] INFO  l.insoft.uztis.tests.utils.TestUtils - Screenshot moved to C:\Users\ingrida.zadorozniene\Desktop\Asm\UZTIS\UZTIS_tests\test-output\screenshots\20250212\151524369_testNavigateToEvaluationsPage().png
2025-02-13 07:12:23 [main] INFO  lt.insoft.uztis.tests.UztisPageTest - Navigated to https://uztisdev.asseco.lt/home
2025-02-13 07:12:23 [main] INFO  l.i.uztis.tests.EvaluationsPageTest - Starting test:'testNavigateToEvaluationsPage'
2025-02-13 07:12:24 [main] DEBUG l.i.uztis.tests.EvaluationsPageTest - User logged in with test credentials
2025-02-13 07:12:24 [main] DEBUG l.i.uztis.tests.EvaluationsPageTest - Opened 'Application Processing' menu.
2025-02-13 07:12:24 [main] DEBUG l.i.uztis.tests.EvaluationsPageTest - Clicked on 'Evaluations' menu.
2025-02-13 07:12:24 [main] DEBUG l.i.uztis.tests.EvaluationsPageTest - Navigating to evaluations menu.
2025-02-13 07:12:24 [main] DEBUG l.i.uztis.tests.EvaluationsPageTest - Clicked on last evaluation.
2025-02-13 07:12:25 [main] DEBUG l.i.uztis.tests.EvaluationsPageTest - Clicked 'Edit'.
2025-02-13 07:12:28 [main] DEBUG l.i.uztis.tests.EvaluationsPageTest - Selected '1' radio button.
2025-02-13 07:12:30 [main] DEBUG l.i.uztis.tests.EvaluationsPageTest - Selected '2' radio button.
2025-02-13 07:12:33 [main] DEBUG l.i.uztis.tests.EvaluationsPageTest - Selected '3' radio button.
2025-02-13 07:12:33 [main] INFO  l.i.uztis.tests.EvaluationsPageTest - Test 'testNavigateToEvaluationsPage' completed successfully.
2025-02-13 07:56:11 [main] INFO  lt.insoft.uztis.tests.UztisPageTest - Navigated to https://uztisdev.asseco.lt/home
2025-02-13 07:56:11 [main] INFO  l.i.uztis.tests.EvaluationsPageTest - Starting test:'testFillEvaluationOne'
2025-02-13 07:56:11 [main] INFO  l.i.uztis.tests.EvaluationsPageTest - Starting test:'testNavigateToEvaluationsPage'
2025-02-13 07:56:11 [main] DEBUG l.i.uztis.tests.EvaluationsPageTest - User logged in with test credentials
2025-02-13 07:56:12 [main] DEBUG l.i.uztis.tests.EvaluationsPageTest - Opened 'Application Processing' menu.
2025-02-13 07:56:12 [main] DEBUG l.i.uztis.tests.EvaluationsPageTest - Clicked on 'Evaluations' menu.
2025-02-13 07:56:12 [main] DEBUG l.i.uztis.tests.EvaluationsPageTest - Navigating to evaluations menu.
2025-02-13 07:56:12 [main] INFO  l.i.uztis.tests.EvaluationsPageTest - Test 'testNavigateToEvaluationsPage' completed successfully.
2025-02-13 07:56:12 [main] DEBUG l.i.uztis.tests.EvaluationsPageTest - Clicked on last evaluation.
2025-02-13 07:56:13 [main] DEBUG l.i.uztis.tests.EvaluationsPageTest - Clicked 'Edit'.
2025-02-13 07:56:16 [main] DEBUG l.i.uztis.tests.EvaluationsPageTest - Selected '1.1' radio button.
2025-02-13 07:56:19 [main] DEBUG l.i.uztis.tests.EvaluationsPageTest - Selected '1.2' radio button.
2025-02-13 07:56:21 [main] DEBUG l.i.uztis.tests.EvaluationsPageTest - Selected '1.3' radio button.
2025-02-13 07:56:23 [main] DEBUG l.i.uztis.tests.EvaluationsPageTest - Selected '1.4' radio button.
2025-02-13 07:56:24 [main] DEBUG l.i.uztis.tests.EvaluationsPageTest - Selected '1.5' radio button.
2025-02-13 07:56:25 [main] DEBUG l.i.uztis.tests.EvaluationsPageTest - Selected '2.1' radio button.
2025-02-13 07:56:27 [main] ERROR l.i.uztis.tests.EvaluationsPageTest - Test 'testFillEvaluationOne' failed with error: element click intercepted: Element <input type="radio" class="mdc-radio__native-control" id="mat-radio-51-input" name="mat-radio-group-17" value="YES" tabindex="0"> is not clickable at point (377, 655). Other element would receive the click: <span>...</span>
  (Session info: chrome=132.0.6834.197)
Build info: version: '4.27.0', revision: 'd6e718d134'
System info: os.name: 'Windows 11', os.arch: 'amd64', os.version: '10.0', java.version: '21.0.3'
Driver info: org.openqa.selenium.chrome.ChromeDriver
Command: [bfcb7d8c7e902524a42aa206a37d9cb2, clickElement {id=f.6504ADBC9DCE18091025F44A112D9E2B.d.C64ABA1335776EFDC9F1092189C9304C.e.115}]
Capabilities {acceptInsecureCerts: false, browserName: chrome, browserVersion: 132.0.6834.197, chrome: {chromedriverVersion: 132.0.6834.159 (2d77d3fc445..., userDataDir: C:\Users\INGRID~1.ZAD\AppDa...}, fedcm:accounts: true, goog:chromeOptions: {debuggerAddress: localhost:55209}, networkConnectionEnabled: false, pageLoadStrategy: normal, platformName: windows, proxy: Proxy(), se:cdp: ws://localhost:55209/devtoo..., se:cdpVersion: 132.0.6834.197, setWindowRect: true, strictFileInteractability: false, timeouts: {implicit: 0, pageLoad: 300000, script: 30000}, unhandledPromptBehavior: dismiss and notify, webauthn:extension:credBlob: true, webauthn:extension:largeBlob: true, webauthn:extension:minPinLength: true, webauthn:extension:prf: true, webauthn:virtualAuthenticators: true}
Element: [[ChromeDriver: chrome on windows (bfcb7d8c7e902524a42aa206a37d9cb2)] -> xpath: //input[@type='radio' and @name='mat-radio-group-17' and @value='YES']]
Session ID: bfcb7d8c7e902524a42aa206a37d9cb2
org.openqa.selenium.ElementClickInterceptedException: element click intercepted: Element <input type="radio" class="mdc-radio__native-control" id="mat-radio-51-input" name="mat-radio-group-17" value="YES" tabindex="0"> is not clickable at point (377, 655). Other element would receive the click: <span>...</span>
  (Session info: chrome=132.0.6834.197)
Build info: version: '4.27.0', revision: 'd6e718d134'
System info: os.name: 'Windows 11', os.arch: 'amd64', os.version: '10.0', java.version: '21.0.3'
Driver info: org.openqa.selenium.chrome.ChromeDriver
Command: [bfcb7d8c7e902524a42aa206a37d9cb2, clickElement {id=f.6504ADBC9DCE18091025F44A112D9E2B.d.C64ABA1335776EFDC9F1092189C9304C.e.115}]
Capabilities {acceptInsecureCerts: false, browserName: chrome, browserVersion: 132.0.6834.197, chrome: {chromedriverVersion: 132.0.6834.159 (2d77d3fc445..., userDataDir: C:\Users\INGRID~1.ZAD\AppDa...}, fedcm:accounts: true, goog:chromeOptions: {debuggerAddress: localhost:55209}, networkConnectionEnabled: false, pageLoadStrategy: normal, platformName: windows, proxy: Proxy(), se:cdp: ws://localhost:55209/devtoo..., se:cdpVersion: 132.0.6834.197, setWindowRect: true, strictFileInteractability: false, timeouts: {implicit: 0, pageLoad: 300000, script: 30000}, unhandledPromptBehavior: dismiss and notify, webauthn:extension:credBlob: true, webauthn:extension:largeBlob: true, webauthn:extension:minPinLength: true, webauthn:extension:prf: true, webauthn:virtualAuthenticators: true}
Element: [[ChromeDriver: chrome on windows (bfcb7d8c7e902524a42aa206a37d9cb2)] -> xpath: //input[@type='radio' and @name='mat-radio-group-17' and @value='YES']]
Session ID: bfcb7d8c7e902524a42aa206a37d9cb2
	at java.base/jdk.internal.reflect.DirectConstructorHandleAccessor.newInstance(DirectConstructorHandleAccessor.java:62)
	at java.base/java.lang.reflect.Constructor.newInstanceWithCaller(Constructor.java:502)
	at java.base/java.lang.reflect.Constructor.newInstance(Constructor.java:486)
	at org.openqa.selenium.remote.ErrorCodec.decode(ErrorCodec.java:167)
	at org.openqa.selenium.remote.codec.w3c.W3CHttpResponseCodec.decode(W3CHttpResponseCodec.java:138)
	at org.openqa.selenium.remote.codec.w3c.W3CHttpResponseCodec.decode(W3CHttpResponseCodec.java:50)
	at org.openqa.selenium.remote.HttpCommandExecutor.execute(HttpCommandExecutor.java:190)
	at org.openqa.selenium.remote.service.DriverCommandExecutor.invokeExecute(DriverCommandExecutor.java:216)
	at org.openqa.selenium.remote.service.DriverCommandExecutor.execute(DriverCommandExecutor.java:174)
	at org.openqa.selenium.remote.RemoteWebDriver.execute(RemoteWebDriver.java:545)
	at org.openqa.selenium.remote.RemoteWebElement.execute(RemoteWebElement.java:223)
	at org.openqa.selenium.remote.RemoteWebElement.click(RemoteWebElement.java:76)
	at java.base/jdk.internal.reflect.DirectMethodHandleAccessor.invoke(DirectMethodHandleAccessor.java:103)
	at java.base/java.lang.reflect.Method.invoke(Method.java:580)
	at org.openqa.selenium.support.pagefactory.internal.LocatingElementHandler.invoke(LocatingElementHandler.java:51)
	at jdk.proxy2/jdk.proxy2.$Proxy14.click(Unknown Source)
	at lt.insoft.uztis.pages.EvaluationsPage.clickRadioButton3_1(EvaluationsPage.java:114)
	at lt.insoft.uztis.tests.EvaluationsPageTest.testFillEvaluationOne(EvaluationsPageTest.java:94)
	at java.base/jdk.internal.reflect.DirectMethodHandleAccessor.invoke(DirectMethodHandleAccessor.java:103)
	at java.base/java.lang.reflect.Method.invoke(Method.java:580)
	at org.junit.platform.commons.util.ReflectionUtils.invokeMethod(ReflectionUtils.java:728)
	at org.junit.jupiter.engine.execution.MethodInvocation.proceed(MethodInvocation.java:60)
	at org.junit.jupiter.engine.execution.InvocationInterceptorChain$ValidatingInvocation.proceed(InvocationInterceptorChain.java:131)
	at org.junit.jupiter.engine.extension.TimeoutExtension.intercept(TimeoutExtension.java:156)
	at org.junit.jupiter.engine.extension.TimeoutExtension.interceptTestableMethod(TimeoutExtension.java:147)
	at org.junit.jupiter.engine.extension.TimeoutExtension.interceptTestMethod(TimeoutExtension.java:86)
	at org.junit.jupiter.engine.execution.InterceptingExecutableInvoker$ReflectiveInterceptorCall.lambda$ofVoidMethod$0(InterceptingExecutableInvoker.java:103)
	at org.junit.jupiter.engine.execution.InterceptingExecutableInvoker.lambda$invoke$0(InterceptingExecutableInvoker.java:93)
	at org.junit.jupiter.engine.execution.InvocationInterceptorChain$InterceptedInvocation.proceed(InvocationInterceptorChain.java:106)
	at org.junit.jupiter.engine.execution.InvocationInterceptorChain.proceed(InvocationInterceptorChain.java:64)
	at org.junit.jupiter.engine.execution.InvocationInterceptorChain.chainAndInvoke(InvocationInterceptorChain.java:45)
	at org.junit.jupiter.engine.execution.InvocationInterceptorChain.invoke(InvocationInterceptorChain.java:37)
	at org.junit.jupiter.engine.execution.InterceptingExecutableInvoker.invoke(InterceptingExecutableInvoker.java:92)
	at org.junit.jupiter.engine.execution.InterceptingExecutableInvoker.invoke(InterceptingExecutableInvoker.java:86)
	at org.junit.jupiter.engine.descriptor.TestMethodTestDescriptor.lambda$invokeTestMethod$7(TestMethodTestDescriptor.java:218)
	at org.junit.platform.engine.support.hierarchical.ThrowableCollector.execute(ThrowableCollector.java:73)
	at org.junit.jupiter.engine.descriptor.TestMethodTestDescriptor.invokeTestMethod(TestMethodTestDescriptor.java:214)
	at org.junit.jupiter.engine.descriptor.TestMethodTestDescriptor.execute(TestMethodTestDescriptor.java:139)
	at org.junit.jupiter.engine.descriptor.TestMethodTestDescriptor.execute(TestMethodTestDescriptor.java:69)
	at org.junit.platform.engine.support.hierarchical.NodeTestTask.lambda$executeRecursively$6(NodeTestTask.java:151)
	at org.junit.platform.engine.support.hierarchical.ThrowableCollector.execute(ThrowableCollector.java:73)
	at org.junit.platform.engine.support.hierarchical.NodeTestTask.lambda$executeRecursively$8(NodeTestTask.java:141)
	at org.junit.platform.engine.support.hierarchical.Node.around(Node.java:137)
	at org.junit.platform.engine.support.hierarchical.NodeTestTask.lambda$executeRecursively$9(NodeTestTask.java:139)
	at org.junit.platform.engine.support.hierarchical.ThrowableCollector.execute(ThrowableCollector.java:73)
	at org.junit.platform.engine.support.hierarchical.NodeTestTask.executeRecursively(NodeTestTask.java:138)
	at org.junit.platform.engine.support.hierarchical.NodeTestTask.execute(NodeTestTask.java:95)
	at java.base/java.util.ArrayList.forEach(ArrayList.java:1596)
	at org.junit.platform.engine.support.hierarchical.SameThreadHierarchicalTestExecutorService.invokeAll(SameThreadHierarchicalTestExecutorService.java:41)
	at org.junit.platform.engine.support.hierarchical.NodeTestTask.lambda$executeRecursively$6(NodeTestTask.java:155)
	at org.junit.platform.engine.support.hierarchical.ThrowableCollector.execute(ThrowableCollector.java:73)
	at org.junit.platform.engine.support.hierarchical.NodeTestTask.lambda$executeRecursively$8(NodeTestTask.java:141)
	at org.junit.platform.engine.support.hierarchical.Node.around(Node.java:137)
	at org.junit.platform.engine.support.hierarchical.NodeTestTask.lambda$executeRecursively$9(NodeTestTask.java:139)
	at org.junit.platform.engine.support.hierarchical.ThrowableCollector.execute(ThrowableCollector.java:73)
	at org.junit.platform.engine.support.hierarchical.NodeTestTask.executeRecursively(NodeTestTask.java:138)
	at org.junit.platform.engine.support.hierarchical.NodeTestTask.execute(NodeTestTask.java:95)
	at java.base/java.util.ArrayList.forEach(ArrayList.java:1596)
	at org.junit.platform.engine.support.hierarchical.SameThreadHierarchicalTestExecutorService.invokeAll(SameThreadHierarchicalTestExecutorService.java:41)
	at org.junit.platform.engine.support.hierarchical.NodeTestTask.lambda$executeRecursively$6(NodeTestTask.java:155)
	at org.junit.platform.engine.support.hierarchical.ThrowableCollector.execute(ThrowableCollector.java:73)
	at org.junit.platform.engine.support.hierarchical.NodeTestTask.lambda$executeRecursively$8(NodeTestTask.java:141)
	at org.junit.platform.engine.support.hierarchical.Node.around(Node.java:137)
	at org.junit.platform.engine.support.hierarchical.NodeTestTask.lambda$executeRecursively$9(NodeTestTask.java:139)
	at org.junit.platform.engine.support.hierarchical.ThrowableCollector.execute(ThrowableCollector.java:73)
	at org.junit.platform.engine.support.hierarchical.NodeTestTask.executeRecursively(NodeTestTask.java:138)
	at org.junit.platform.engine.support.hierarchical.NodeTestTask.execute(NodeTestTask.java:95)
	at org.junit.platform.engine.support.hierarchical.SameThreadHierarchicalTestExecutorService.submit(SameThreadHierarchicalTestExecutorService.java:35)
	at org.junit.platform.engine.support.hierarchical.HierarchicalTestExecutor.execute(HierarchicalTestExecutor.java:57)
	at org.junit.platform.engine.support.hierarchical.HierarchicalTestEngine.execute(HierarchicalTestEngine.java:54)
	at org.junit.platform.launcher.core.EngineExecutionOrchestrator.execute(EngineExecutionOrchestrator.java:198)
	at org.junit.platform.launcher.core.EngineExecutionOrchestrator.execute(EngineExecutionOrchestrator.java:169)
	at org.junit.platform.launcher.core.EngineExecutionOrchestrator.execute(EngineExecutionOrchestrator.java:93)
	at org.junit.platform.launcher.core.EngineExecutionOrchestrator.lambda$execute$0(EngineExecutionOrchestrator.java:58)
	at org.junit.platform.launcher.core.EngineExecutionOrchestrator.withInterceptedStreams(EngineExecutionOrchestrator.java:141)
	at org.junit.platform.launcher.core.EngineExecutionOrchestrator.execute(EngineExecutionOrchestrator.java:57)
	at org.junit.platform.launcher.core.DefaultLauncher.execute(DefaultLauncher.java:103)
	at org.junit.platform.launcher.core.DefaultLauncher.execute(DefaultLauncher.java:85)
	at org.junit.platform.launcher.core.DelegatingLauncher.execute(DelegatingLauncher.java:47)
	at org.junit.platform.launcher.core.SessionPerRequestLauncher.execute(SessionPerRequestLauncher.java:63)
	at com.intellij.junit5.JUnit5IdeaTestRunner.startRunnerWithArgs(JUnit5IdeaTestRunner.java:57)
	at com.intellij.rt.junit.IdeaTestRunner$Repeater$1.execute(IdeaTestRunner.java:38)
	at com.intellij.rt.execution.junit.TestsRepeater.repeat(TestsRepeater.java:11)
	at com.intellij.rt.junit.IdeaTestRunner$Repeater.startRunnerWithArgs(IdeaTestRunner.java:35)
	at com.intellij.rt.junit.JUnitStarter.prepareStreamsAndStart(JUnitStarter.java:232)
	at com.intellij.rt.junit.JUnitStarter.main(JUnitStarter.java:55)
2025-02-13 07:56:27 [main] INFO  l.insoft.uztis.tests.utils.TestUtils - Screenshot moved to C:\Users\ingrida.zadorozniene\Desktop\Asm\UZTIS\UZTIS_tests\test-output\screenshots\20250213\075627710_testFillEvaluationOne().png
2025-02-13 07:58:01 [main] INFO  lt.insoft.uztis.tests.UztisPageTest - Navigated to https://uztisdev.asseco.lt/home
2025-02-13 07:58:01 [main] INFO  l.i.uztis.tests.EvaluationsPageTest - Starting test:'testFillEvaluationOne'
2025-02-13 07:58:01 [main] INFO  l.i.uztis.tests.EvaluationsPageTest - Starting test:'testNavigateToEvaluationsPage'
2025-02-13 07:58:01 [main] DEBUG l.i.uztis.tests.EvaluationsPageTest - User logged in with test credentials
2025-02-13 07:58:02 [main] DEBUG l.i.uztis.tests.EvaluationsPageTest - Opened 'Application Processing' menu.
2025-02-13 07:58:02 [main] DEBUG l.i.uztis.tests.EvaluationsPageTest - Clicked on 'Evaluations' menu.
2025-02-13 07:58:02 [main] DEBUG l.i.uztis.tests.EvaluationsPageTest - Navigating to evaluations menu.
2025-02-13 07:58:02 [main] INFO  l.i.uztis.tests.EvaluationsPageTest - Test 'testNavigateToEvaluationsPage' completed successfully.
2025-02-13 07:58:02 [main] DEBUG l.i.uztis.tests.EvaluationsPageTest - Clicked on last evaluation.
2025-02-13 07:58:03 [main] DEBUG l.i.uztis.tests.EvaluationsPageTest - Clicked 'Edit'.
2025-02-13 07:58:06 [main] DEBUG l.i.uztis.tests.EvaluationsPageTest - Selected '1.1' radio button.
2025-02-13 07:58:09 [main] DEBUG l.i.uztis.tests.EvaluationsPageTest - Selected '1.2' radio button.
2025-02-13 07:58:11 [main] DEBUG l.i.uztis.tests.EvaluationsPageTest - Selected '1.3' radio button.
2025-02-13 07:58:13 [main] DEBUG l.i.uztis.tests.EvaluationsPageTest - Selected '1.4' radio button.
2025-02-13 07:58:15 [main] ERROR l.i.uztis.tests.EvaluationsPageTest - Test 'testFillEvaluationOne' failed with error: element click intercepted: Element <input type="radio" class="mdc-radio__native-control" id="mat-radio-27-input" name="mat-radio-group-9" value="YES" tabindex="0"> is not clickable at point (377, 451). Other element would receive the click: <div class="ng-star-inserted">...</div>
  (Session info: chrome=132.0.6834.197)
Build info: version: '4.27.0', revision: 'd6e718d134'
System info: os.name: 'Windows 11', os.arch: 'amd64', os.version: '10.0', java.version: '21.0.3'
Driver info: org.openqa.selenium.chrome.ChromeDriver
Command: [f8fa2f4a2c74d4cf09c9a1cc5c0890c2, clickElement {id=f.22553E8402A52A5BA7DC88BE24C064F6.d.5D68347B143B2434F3279AB32CAF992E.e.79}]
Capabilities {acceptInsecureCerts: false, browserName: chrome, browserVersion: 132.0.6834.197, chrome: {chromedriverVersion: 132.0.6834.159 (2d77d3fc445..., userDataDir: C:\Users\INGRID~1.ZAD\AppDa...}, fedcm:accounts: true, goog:chromeOptions: {debuggerAddress: localhost:55290}, networkConnectionEnabled: false, pageLoadStrategy: normal, platformName: windows, proxy: Proxy(), se:cdp: ws://localhost:55290/devtoo..., se:cdpVersion: 132.0.6834.197, setWindowRect: true, strictFileInteractability: false, timeouts: {implicit: 0, pageLoad: 300000, script: 30000}, unhandledPromptBehavior: dismiss and notify, webauthn:extension:credBlob: true, webauthn:extension:largeBlob: true, webauthn:extension:minPinLength: true, webauthn:extension:prf: true, webauthn:virtualAuthenticators: true}
Element: [[ChromeDriver: chrome on windows (f8fa2f4a2c74d4cf09c9a1cc5c0890c2)] -> xpath: //input[@type='radio' and @name='mat-radio-group-9' and @value='YES']]
Session ID: f8fa2f4a2c74d4cf09c9a1cc5c0890c2
org.openqa.selenium.ElementClickInterceptedException: element click intercepted: Element <input type="radio" class="mdc-radio__native-control" id="mat-radio-27-input" name="mat-radio-group-9" value="YES" tabindex="0"> is not clickable at point (377, 451). Other element would receive the click: <div class="ng-star-inserted">...</div>
  (Session info: chrome=132.0.6834.197)
Build info: version: '4.27.0', revision: 'd6e718d134'
System info: os.name: 'Windows 11', os.arch: 'amd64', os.version: '10.0', java.version: '21.0.3'
Driver info: org.openqa.selenium.chrome.ChromeDriver
Command: [f8fa2f4a2c74d4cf09c9a1cc5c0890c2, clickElement {id=f.22553E8402A52A5BA7DC88BE24C064F6.d.5D68347B143B2434F3279AB32CAF992E.e.79}]
Capabilities {acceptInsecureCerts: false, browserName: chrome, browserVersion: 132.0.6834.197, chrome: {chromedriverVersion: 132.0.6834.159 (2d77d3fc445..., userDataDir: C:\Users\INGRID~1.ZAD\AppDa...}, fedcm:accounts: true, goog:chromeOptions: {debuggerAddress: localhost:55290}, networkConnectionEnabled: false, pageLoadStrategy: normal, platformName: windows, proxy: Proxy(), se:cdp: ws://localhost:55290/devtoo..., se:cdpVersion: 132.0.6834.197, setWindowRect: true, strictFileInteractability: false, timeouts: {implicit: 0, pageLoad: 300000, script: 30000}, unhandledPromptBehavior: dismiss and notify, webauthn:extension:credBlob: true, webauthn:extension:largeBlob: true, webauthn:extension:minPinLength: true, webauthn:extension:prf: true, webauthn:virtualAuthenticators: true}
Element: [[ChromeDriver: chrome on windows (f8fa2f4a2c74d4cf09c9a1cc5c0890c2)] -> xpath: //input[@type='radio' and @name='mat-radio-group-9' and @value='YES']]
Session ID: f8fa2f4a2c74d4cf09c9a1cc5c0890c2
	at java.base/jdk.internal.reflect.DirectConstructorHandleAccessor.newInstance(DirectConstructorHandleAccessor.java:62)
	at java.base/java.lang.reflect.Constructor.newInstanceWithCaller(Constructor.java:502)
	at java.base/java.lang.reflect.Constructor.newInstance(Constructor.java:486)
	at org.openqa.selenium.remote.ErrorCodec.decode(ErrorCodec.java:167)
	at org.openqa.selenium.remote.codec.w3c.W3CHttpResponseCodec.decode(W3CHttpResponseCodec.java:138)
	at org.openqa.selenium.remote.codec.w3c.W3CHttpResponseCodec.decode(W3CHttpResponseCodec.java:50)
	at org.openqa.selenium.remote.HttpCommandExecutor.execute(HttpCommandExecutor.java:190)
	at org.openqa.selenium.remote.service.DriverCommandExecutor.invokeExecute(DriverCommandExecutor.java:216)
	at org.openqa.selenium.remote.service.DriverCommandExecutor.execute(DriverCommandExecutor.java:174)
	at org.openqa.selenium.remote.RemoteWebDriver.execute(RemoteWebDriver.java:545)
	at org.openqa.selenium.remote.RemoteWebElement.execute(RemoteWebElement.java:223)
	at org.openqa.selenium.remote.RemoteWebElement.click(RemoteWebElement.java:76)
	at java.base/jdk.internal.reflect.DirectMethodHandleAccessor.invoke(DirectMethodHandleAccessor.java:103)
	at java.base/java.lang.reflect.Method.invoke(Method.java:580)
	at org.openqa.selenium.support.pagefactory.internal.LocatingElementHandler.invoke(LocatingElementHandler.java:51)
	at jdk.proxy2/jdk.proxy2.$Proxy14.click(Unknown Source)
	at lt.insoft.uztis.pages.EvaluationsPage.clickRadioButton1_5(EvaluationsPage.java:102)
	at lt.insoft.uztis.tests.EvaluationsPageTest.testFillEvaluationOne(EvaluationsPageTest.java:88)
	at java.base/jdk.internal.reflect.DirectMethodHandleAccessor.invoke(DirectMethodHandleAccessor.java:103)
	at java.base/java.lang.reflect.Method.invoke(Method.java:580)
	at org.junit.platform.commons.util.ReflectionUtils.invokeMethod(ReflectionUtils.java:728)
	at org.junit.jupiter.engine.execution.MethodInvocation.proceed(MethodInvocation.java:60)
	at org.junit.jupiter.engine.execution.InvocationInterceptorChain$ValidatingInvocation.proceed(InvocationInterceptorChain.java:131)
	at org.junit.jupiter.engine.extension.TimeoutExtension.intercept(TimeoutExtension.java:156)
	at org.junit.jupiter.engine.extension.TimeoutExtension.interceptTestableMethod(TimeoutExtension.java:147)
	at org.junit.jupiter.engine.extension.TimeoutExtension.interceptTestMethod(TimeoutExtension.java:86)
	at org.junit.jupiter.engine.execution.InterceptingExecutableInvoker$ReflectiveInterceptorCall.lambda$ofVoidMethod$0(InterceptingExecutableInvoker.java:103)
	at org.junit.jupiter.engine.execution.InterceptingExecutableInvoker.lambda$invoke$0(InterceptingExecutableInvoker.java:93)
	at org.junit.jupiter.engine.execution.InvocationInterceptorChain$InterceptedInvocation.proceed(InvocationInterceptorChain.java:106)
	at org.junit.jupiter.engine.execution.InvocationInterceptorChain.proceed(InvocationInterceptorChain.java:64)
	at org.junit.jupiter.engine.execution.InvocationInterceptorChain.chainAndInvoke(InvocationInterceptorChain.java:45)
	at org.junit.jupiter.engine.execution.InvocationInterceptorChain.invoke(InvocationInterceptorChain.java:37)
	at org.junit.jupiter.engine.execution.InterceptingExecutableInvoker.invoke(InterceptingExecutableInvoker.java:92)
	at org.junit.jupiter.engine.execution.InterceptingExecutableInvoker.invoke(InterceptingExecutableInvoker.java:86)
	at org.junit.jupiter.engine.descriptor.TestMethodTestDescriptor.lambda$invokeTestMethod$7(TestMethodTestDescriptor.java:218)
	at org.junit.platform.engine.support.hierarchical.ThrowableCollector.execute(ThrowableCollector.java:73)
	at org.junit.jupiter.engine.descriptor.TestMethodTestDescriptor.invokeTestMethod(TestMethodTestDescriptor.java:214)
	at org.junit.jupiter.engine.descriptor.TestMethodTestDescriptor.execute(TestMethodTestDescriptor.java:139)
	at org.junit.jupiter.engine.descriptor.TestMethodTestDescriptor.execute(TestMethodTestDescriptor.java:69)
	at org.junit.platform.engine.support.hierarchical.NodeTestTask.lambda$executeRecursively$6(NodeTestTask.java:151)
	at org.junit.platform.engine.support.hierarchical.ThrowableCollector.execute(ThrowableCollector.java:73)
	at org.junit.platform.engine.support.hierarchical.NodeTestTask.lambda$executeRecursively$8(NodeTestTask.java:141)
	at org.junit.platform.engine.support.hierarchical.Node.around(Node.java:137)
	at org.junit.platform.engine.support.hierarchical.NodeTestTask.lambda$executeRecursively$9(NodeTestTask.java:139)
	at org.junit.platform.engine.support.hierarchical.ThrowableCollector.execute(ThrowableCollector.java:73)
	at org.junit.platform.engine.support.hierarchical.NodeTestTask.executeRecursively(NodeTestTask.java:138)
	at org.junit.platform.engine.support.hierarchical.NodeTestTask.execute(NodeTestTask.java:95)
	at java.base/java.util.ArrayList.forEach(ArrayList.java:1596)
	at org.junit.platform.engine.support.hierarchical.SameThreadHierarchicalTestExecutorService.invokeAll(SameThreadHierarchicalTestExecutorService.java:41)
	at org.junit.platform.engine.support.hierarchical.NodeTestTask.lambda$executeRecursively$6(NodeTestTask.java:155)
	at org.junit.platform.engine.support.hierarchical.ThrowableCollector.execute(ThrowableCollector.java:73)
	at org.junit.platform.engine.support.hierarchical.NodeTestTask.lambda$executeRecursively$8(NodeTestTask.java:141)
	at org.junit.platform.engine.support.hierarchical.Node.around(Node.java:137)
	at org.junit.platform.engine.support.hierarchical.NodeTestTask.lambda$executeRecursively$9(NodeTestTask.java:139)
	at org.junit.platform.engine.support.hierarchical.ThrowableCollector.execute(ThrowableCollector.java:73)
	at org.junit.platform.engine.support.hierarchical.NodeTestTask.executeRecursively(NodeTestTask.java:138)
	at org.junit.platform.engine.support.hierarchical.NodeTestTask.execute(NodeTestTask.java:95)
	at java.base/java.util.ArrayList.forEach(ArrayList.java:1596)
	at org.junit.platform.engine.support.hierarchical.SameThreadHierarchicalTestExecutorService.invokeAll(SameThreadHierarchicalTestExecutorService.java:41)
	at org.junit.platform.engine.support.hierarchical.NodeTestTask.lambda$executeRecursively$6(NodeTestTask.java:155)
	at org.junit.platform.engine.support.hierarchical.ThrowableCollector.execute(ThrowableCollector.java:73)
	at org.junit.platform.engine.support.hierarchical.NodeTestTask.lambda$executeRecursively$8(NodeTestTask.java:141)
	at org.junit.platform.engine.support.hierarchical.Node.around(Node.java:137)
	at org.junit.platform.engine.support.hierarchical.NodeTestTask.lambda$executeRecursively$9(NodeTestTask.java:139)
	at org.junit.platform.engine.support.hierarchical.ThrowableCollector.execute(ThrowableCollector.java:73)
	at org.junit.platform.engine.support.hierarchical.NodeTestTask.executeRecursively(NodeTestTask.java:138)
	at org.junit.platform.engine.support.hierarchical.NodeTestTask.execute(NodeTestTask.java:95)
	at org.junit.platform.engine.support.hierarchical.SameThreadHierarchicalTestExecutorService.submit(SameThreadHierarchicalTestExecutorService.java:35)
	at org.junit.platform.engine.support.hierarchical.HierarchicalTestExecutor.execute(HierarchicalTestExecutor.java:57)
	at org.junit.platform.engine.support.hierarchical.HierarchicalTestEngine.execute(HierarchicalTestEngine.java:54)
	at org.junit.platform.launcher.core.EngineExecutionOrchestrator.execute(EngineExecutionOrchestrator.java:198)
	at org.junit.platform.launcher.core.EngineExecutionOrchestrator.execute(EngineExecutionOrchestrator.java:169)
	at org.junit.platform.launcher.core.EngineExecutionOrchestrator.execute(EngineExecutionOrchestrator.java:93)
	at org.junit.platform.launcher.core.EngineExecutionOrchestrator.lambda$execute$0(EngineExecutionOrchestrator.java:58)
	at org.junit.platform.launcher.core.EngineExecutionOrchestrator.withInterceptedStreams(EngineExecutionOrchestrator.java:141)
	at org.junit.platform.launcher.core.EngineExecutionOrchestrator.execute(EngineExecutionOrchestrator.java:57)
	at org.junit.platform.launcher.core.DefaultLauncher.execute(DefaultLauncher.java:103)
	at org.junit.platform.launcher.core.DefaultLauncher.execute(DefaultLauncher.java:85)
	at org.junit.platform.launcher.core.DelegatingLauncher.execute(DelegatingLauncher.java:47)
	at org.junit.platform.launcher.core.SessionPerRequestLauncher.execute(SessionPerRequestLauncher.java:63)
	at com.intellij.junit5.JUnit5IdeaTestRunner.startRunnerWithArgs(JUnit5IdeaTestRunner.java:57)
	at com.intellij.rt.junit.IdeaTestRunner$Repeater$1.execute(IdeaTestRunner.java:38)
	at com.intellij.rt.execution.junit.TestsRepeater.repeat(TestsRepeater.java:11)
	at com.intellij.rt.junit.IdeaTestRunner$Repeater.startRunnerWithArgs(IdeaTestRunner.java:35)
	at com.intellij.rt.junit.JUnitStarter.prepareStreamsAndStart(JUnitStarter.java:232)
	at com.intellij.rt.junit.JUnitStarter.main(JUnitStarter.java:55)
2025-02-13 07:58:16 [main] INFO  l.insoft.uztis.tests.utils.TestUtils - Screenshot moved to C:\Users\ingrida.zadorozniene\Desktop\Asm\UZTIS\UZTIS_tests\test-output\screenshots\20250213\075816125_testFillEvaluationOne().png
2025-02-13 08:00:42 [main] INFO  lt.insoft.uztis.tests.UztisPageTest - Navigated to https://uztisdev.asseco.lt/home
2025-02-13 08:00:42 [main] INFO  l.i.uztis.tests.EvaluationsPageTest - Starting test:'testFillEvaluationOne'
2025-02-13 08:00:42 [main] INFO  l.i.uztis.tests.EvaluationsPageTest - Starting test:'testNavigateToEvaluationsPage'
2025-02-13 08:00:43 [main] DEBUG l.i.uztis.tests.EvaluationsPageTest - User logged in with test credentials
2025-02-13 08:00:43 [main] DEBUG l.i.uztis.tests.EvaluationsPageTest - Opened 'Application Processing' menu.
2025-02-13 08:00:43 [main] DEBUG l.i.uztis.tests.EvaluationsPageTest - Clicked on 'Evaluations' menu.
2025-02-13 08:00:43 [main] DEBUG l.i.uztis.tests.EvaluationsPageTest - Navigating to evaluations menu.
2025-02-13 08:00:43 [main] INFO  l.i.uztis.tests.EvaluationsPageTest - Test 'testNavigateToEvaluationsPage' completed successfully.
2025-02-13 08:00:43 [main] DEBUG l.i.uztis.tests.EvaluationsPageTest - Clicked on last evaluation.
2025-02-13 08:00:44 [main] DEBUG l.i.uztis.tests.EvaluationsPageTest - Clicked 'Edit'.
2025-02-13 08:00:47 [main] DEBUG l.i.uztis.tests.EvaluationsPageTest - Selected '1.1' radio button.
2025-02-13 08:00:57 [main] ERROR l.i.uztis.tests.EvaluationsPageTest - Test 'testFillEvaluationOne' failed with error: no such element: Unable to locate element: {"method":"xpath","selector":"(//input[@value='YES'][2])"}
  (Session info: chrome=132.0.6834.197)
For documentation on this error, please visit: https://www.selenium.dev/documentation/webdriver/troubleshooting/errors#no-such-element-exception
Build info: version: '4.27.0', revision: 'd6e718d134'
System info: os.name: 'Windows 11', os.arch: 'amd64', os.version: '10.0', java.version: '21.0.3'
Driver info: org.openqa.selenium.chrome.ChromeDriver
Command: [83eee7d362df77611c92765de5992246, findElement {using=xpath, value=(//input[@value='YES'][2])}]
Capabilities {acceptInsecureCerts: false, browserName: chrome, browserVersion: 132.0.6834.197, chrome: {chromedriverVersion: 132.0.6834.159 (2d77d3fc445..., userDataDir: C:\Users\INGRID~1.ZAD\AppDa...}, fedcm:accounts: true, goog:chromeOptions: {debuggerAddress: localhost:55408}, networkConnectionEnabled: false, pageLoadStrategy: normal, platformName: windows, proxy: Proxy(), se:cdp: ws://localhost:55408/devtoo..., se:cdpVersion: 132.0.6834.197, setWindowRect: true, strictFileInteractability: false, timeouts: {implicit: 0, pageLoad: 300000, script: 30000}, unhandledPromptBehavior: dismiss and notify, webauthn:extension:credBlob: true, webauthn:extension:largeBlob: true, webauthn:extension:minPinLength: true, webauthn:extension:prf: true, webauthn:virtualAuthenticators: true}
Session ID: 83eee7d362df77611c92765de5992246
org.openqa.selenium.NoSuchElementException: no such element: Unable to locate element: {"method":"xpath","selector":"(//input[@value='YES'][2])"}
  (Session info: chrome=132.0.6834.197)
For documentation on this error, please visit: https://www.selenium.dev/documentation/webdriver/troubleshooting/errors#no-such-element-exception
Build info: version: '4.27.0', revision: 'd6e718d134'
System info: os.name: 'Windows 11', os.arch: 'amd64', os.version: '10.0', java.version: '21.0.3'
Driver info: org.openqa.selenium.chrome.ChromeDriver
Command: [83eee7d362df77611c92765de5992246, findElement {using=xpath, value=(//input[@value='YES'][2])}]
Capabilities {acceptInsecureCerts: false, browserName: chrome, browserVersion: 132.0.6834.197, chrome: {chromedriverVersion: 132.0.6834.159 (2d77d3fc445..., userDataDir: C:\Users\INGRID~1.ZAD\AppDa...}, fedcm:accounts: true, goog:chromeOptions: {debuggerAddress: localhost:55408}, networkConnectionEnabled: false, pageLoadStrategy: normal, platformName: windows, proxy: Proxy(), se:cdp: ws://localhost:55408/devtoo..., se:cdpVersion: 132.0.6834.197, setWindowRect: true, strictFileInteractability: false, timeouts: {implicit: 0, pageLoad: 300000, script: 30000}, unhandledPromptBehavior: dismiss and notify, webauthn:extension:credBlob: true, webauthn:extension:largeBlob: true, webauthn:extension:minPinLength: true, webauthn:extension:prf: true, webauthn:virtualAuthenticators: true}
Session ID: 83eee7d362df77611c92765de5992246
	at java.base/jdk.internal.reflect.DirectConstructorHandleAccessor.newInstance(DirectConstructorHandleAccessor.java:62)
	at java.base/java.lang.reflect.Constructor.newInstanceWithCaller(Constructor.java:502)
	at java.base/java.lang.reflect.Constructor.newInstance(Constructor.java:486)
	at org.openqa.selenium.remote.ErrorCodec.decode(ErrorCodec.java:167)
	at org.openqa.selenium.remote.codec.w3c.W3CHttpResponseCodec.decode(W3CHttpResponseCodec.java:138)
	at org.openqa.selenium.remote.codec.w3c.W3CHttpResponseCodec.decode(W3CHttpResponseCodec.java:50)
	at org.openqa.selenium.remote.HttpCommandExecutor.execute(HttpCommandExecutor.java:190)
	at org.openqa.selenium.remote.service.DriverCommandExecutor.invokeExecute(DriverCommandExecutor.java:216)
	at org.openqa.selenium.remote.service.DriverCommandExecutor.execute(DriverCommandExecutor.java:174)
	at org.openqa.selenium.remote.RemoteWebDriver.execute(RemoteWebDriver.java:545)
	at org.openqa.selenium.remote.ElementLocation$ElementFinder$2.findElement(ElementLocation.java:165)
	at org.openqa.selenium.remote.ElementLocation.findElement(ElementLocation.java:59)
	at org.openqa.selenium.remote.RemoteWebDriver.findElement(RemoteWebDriver.java:368)
	at org.openqa.selenium.remote.RemoteWebDriver.findElement(RemoteWebDriver.java:362)
	at org.openqa.selenium.support.pagefactory.DefaultElementLocator.findElement(DefaultElementLocator.java:68)
	at org.openqa.selenium.support.pagefactory.internal.LocatingElementHandler.invoke(LocatingElementHandler.java:38)
	at jdk.proxy2/jdk.proxy2.$Proxy14.isSelected(Unknown Source)
	at lt.insoft.uztis.pages.EvaluationsPage.clickRadioButton1_2(EvaluationsPage.java:85)
	at lt.insoft.uztis.tests.EvaluationsPageTest.testFillEvaluationOne(EvaluationsPageTest.java:79)
	at java.base/jdk.internal.reflect.DirectMethodHandleAccessor.invoke(DirectMethodHandleAccessor.java:103)
	at java.base/java.lang.reflect.Method.invoke(Method.java:580)
	at org.junit.platform.commons.util.ReflectionUtils.invokeMethod(ReflectionUtils.java:728)
	at org.junit.jupiter.engine.execution.MethodInvocation.proceed(MethodInvocation.java:60)
	at org.junit.jupiter.engine.execution.InvocationInterceptorChain$ValidatingInvocation.proceed(InvocationInterceptorChain.java:131)
	at org.junit.jupiter.engine.extension.TimeoutExtension.intercept(TimeoutExtension.java:156)
	at org.junit.jupiter.engine.extension.TimeoutExtension.interceptTestableMethod(TimeoutExtension.java:147)
	at org.junit.jupiter.engine.extension.TimeoutExtension.interceptTestMethod(TimeoutExtension.java:86)
	at org.junit.jupiter.engine.execution.InterceptingExecutableInvoker$ReflectiveInterceptorCall.lambda$ofVoidMethod$0(InterceptingExecutableInvoker.java:103)
	at org.junit.jupiter.engine.execution.InterceptingExecutableInvoker.lambda$invoke$0(InterceptingExecutableInvoker.java:93)
	at org.junit.jupiter.engine.execution.InvocationInterceptorChain$InterceptedInvocation.proceed(InvocationInterceptorChain.java:106)
	at org.junit.jupiter.engine.execution.InvocationInterceptorChain.proceed(InvocationInterceptorChain.java:64)
	at org.junit.jupiter.engine.execution.InvocationInterceptorChain.chainAndInvoke(InvocationInterceptorChain.java:45)
	at org.junit.jupiter.engine.execution.InvocationInterceptorChain.invoke(InvocationInterceptorChain.java:37)
	at org.junit.jupiter.engine.execution.InterceptingExecutableInvoker.invoke(InterceptingExecutableInvoker.java:92)
	at org.junit.jupiter.engine.execution.InterceptingExecutableInvoker.invoke(InterceptingExecutableInvoker.java:86)
	at org.junit.jupiter.engine.descriptor.TestMethodTestDescriptor.lambda$invokeTestMethod$7(TestMethodTestDescriptor.java:218)
	at org.junit.platform.engine.support.hierarchical.ThrowableCollector.execute(ThrowableCollector.java:73)
	at org.junit.jupiter.engine.descriptor.TestMethodTestDescriptor.invokeTestMethod(TestMethodTestDescriptor.java:214)
	at org.junit.jupiter.engine.descriptor.TestMethodTestDescriptor.execute(TestMethodTestDescriptor.java:139)
	at org.junit.jupiter.engine.descriptor.TestMethodTestDescriptor.execute(TestMethodTestDescriptor.java:69)
	at org.junit.platform.engine.support.hierarchical.NodeTestTask.lambda$executeRecursively$6(NodeTestTask.java:151)
	at org.junit.platform.engine.support.hierarchical.ThrowableCollector.execute(ThrowableCollector.java:73)
	at org.junit.platform.engine.support.hierarchical.NodeTestTask.lambda$executeRecursively$8(NodeTestTask.java:141)
	at org.junit.platform.engine.support.hierarchical.Node.around(Node.java:137)
	at org.junit.platform.engine.support.hierarchical.NodeTestTask.lambda$executeRecursively$9(NodeTestTask.java:139)
	at org.junit.platform.engine.support.hierarchical.ThrowableCollector.execute(ThrowableCollector.java:73)
	at org.junit.platform.engine.support.hierarchical.NodeTestTask.executeRecursively(NodeTestTask.java:138)
	at org.junit.platform.engine.support.hierarchical.NodeTestTask.execute(NodeTestTask.java:95)
	at java.base/java.util.ArrayList.forEach(ArrayList.java:1596)
	at org.junit.platform.engine.support.hierarchical.SameThreadHierarchicalTestExecutorService.invokeAll(SameThreadHierarchicalTestExecutorService.java:41)
	at org.junit.platform.engine.support.hierarchical.NodeTestTask.lambda$executeRecursively$6(NodeTestTask.java:155)
	at org.junit.platform.engine.support.hierarchical.ThrowableCollector.execute(ThrowableCollector.java:73)
	at org.junit.platform.engine.support.hierarchical.NodeTestTask.lambda$executeRecursively$8(NodeTestTask.java:141)
	at org.junit.platform.engine.support.hierarchical.Node.around(Node.java:137)
	at org.junit.platform.engine.support.hierarchical.NodeTestTask.lambda$executeRecursively$9(NodeTestTask.java:139)
	at org.junit.platform.engine.support.hierarchical.ThrowableCollector.execute(ThrowableCollector.java:73)
	at org.junit.platform.engine.support.hierarchical.NodeTestTask.executeRecursively(NodeTestTask.java:138)
	at org.junit.platform.engine.support.hierarchical.NodeTestTask.execute(NodeTestTask.java:95)
	at java.base/java.util.ArrayList.forEach(ArrayList.java:1596)
	at org.junit.platform.engine.support.hierarchical.SameThreadHierarchicalTestExecutorService.invokeAll(SameThreadHierarchicalTestExecutorService.java:41)
	at org.junit.platform.engine.support.hierarchical.NodeTestTask.lambda$executeRecursively$6(NodeTestTask.java:155)
	at org.junit.platform.engine.support.hierarchical.ThrowableCollector.execute(ThrowableCollector.java:73)
	at org.junit.platform.engine.support.hierarchical.NodeTestTask.lambda$executeRecursively$8(NodeTestTask.java:141)
	at org.junit.platform.engine.support.hierarchical.Node.around(Node.java:137)
	at org.junit.platform.engine.support.hierarchical.NodeTestTask.lambda$executeRecursively$9(NodeTestTask.java:139)
	at org.junit.platform.engine.support.hierarchical.ThrowableCollector.execute(ThrowableCollector.java:73)
	at org.junit.platform.engine.support.hierarchical.NodeTestTask.executeRecursively(NodeTestTask.java:138)
	at org.junit.platform.engine.support.hierarchical.NodeTestTask.execute(NodeTestTask.java:95)
	at org.junit.platform.engine.support.hierarchical.SameThreadHierarchicalTestExecutorService.submit(SameThreadHierarchicalTestExecutorService.java:35)
	at org.junit.platform.engine.support.hierarchical.HierarchicalTestExecutor.execute(HierarchicalTestExecutor.java:57)
	at org.junit.platform.engine.support.hierarchical.HierarchicalTestEngine.execute(HierarchicalTestEngine.java:54)
	at org.junit.platform.launcher.core.EngineExecutionOrchestrator.execute(EngineExecutionOrchestrator.java:198)
	at org.junit.platform.launcher.core.EngineExecutionOrchestrator.execute(EngineExecutionOrchestrator.java:169)
	at org.junit.platform.launcher.core.EngineExecutionOrchestrator.execute(EngineExecutionOrchestrator.java:93)
	at org.junit.platform.launcher.core.EngineExecutionOrchestrator.lambda$execute$0(EngineExecutionOrchestrator.java:58)
	at org.junit.platform.launcher.core.EngineExecutionOrchestrator.withInterceptedStreams(EngineExecutionOrchestrator.java:141)
	at org.junit.platform.launcher.core.EngineExecutionOrchestrator.execute(EngineExecutionOrchestrator.java:57)
	at org.junit.platform.launcher.core.DefaultLauncher.execute(DefaultLauncher.java:103)
	at org.junit.platform.launcher.core.DefaultLauncher.execute(DefaultLauncher.java:85)
	at org.junit.platform.launcher.core.DelegatingLauncher.execute(DelegatingLauncher.java:47)
	at org.junit.platform.launcher.core.SessionPerRequestLauncher.execute(SessionPerRequestLauncher.java:63)
	at com.intellij.junit5.JUnit5IdeaTestRunner.startRunnerWithArgs(JUnit5IdeaTestRunner.java:57)
	at com.intellij.rt.junit.IdeaTestRunner$Repeater$1.execute(IdeaTestRunner.java:38)
	at com.intellij.rt.execution.junit.TestsRepeater.repeat(TestsRepeater.java:11)
	at com.intellij.rt.junit.IdeaTestRunner$Repeater.startRunnerWithArgs(IdeaTestRunner.java:35)
	at com.intellij.rt.junit.JUnitStarter.prepareStreamsAndStart(JUnitStarter.java:232)
	at com.intellij.rt.junit.JUnitStarter.main(JUnitStarter.java:55)
2025-02-13 08:00:57 [main] INFO  l.insoft.uztis.tests.utils.TestUtils - Screenshot moved to C:\Users\ingrida.zadorozniene\Desktop\Asm\UZTIS\UZTIS_tests\test-output\screenshots\20250213\080057812_testFillEvaluationOne().png
2025-02-13 08:01:31 [main] INFO  lt.insoft.uztis.tests.UztisPageTest - Navigated to https://uztisdev.asseco.lt/home
2025-02-13 08:01:31 [main] INFO  l.i.uztis.tests.EvaluationsPageTest - Starting test:'testFillEvaluationOne'
2025-02-13 08:01:31 [main] INFO  l.i.uztis.tests.EvaluationsPageTest - Starting test:'testNavigateToEvaluationsPage'
2025-02-13 08:01:31 [main] DEBUG l.i.uztis.tests.EvaluationsPageTest - User logged in with test credentials
2025-02-13 08:01:31 [main] DEBUG l.i.uztis.tests.EvaluationsPageTest - Opened 'Application Processing' menu.
2025-02-13 08:01:32 [main] DEBUG l.i.uztis.tests.EvaluationsPageTest - Clicked on 'Evaluations' menu.
2025-02-13 08:01:32 [main] DEBUG l.i.uztis.tests.EvaluationsPageTest - Navigating to evaluations menu.
2025-02-13 08:01:32 [main] INFO  l.i.uztis.tests.EvaluationsPageTest - Test 'testNavigateToEvaluationsPage' completed successfully.
2025-02-13 08:01:32 [main] DEBUG l.i.uztis.tests.EvaluationsPageTest - Clicked on last evaluation.
2025-02-13 08:01:33 [main] DEBUG l.i.uztis.tests.EvaluationsPageTest - Clicked 'Edit'.
2025-02-13 08:01:36 [main] DEBUG l.i.uztis.tests.EvaluationsPageTest - Selected '1.1' radio button.
2025-02-13 08:01:39 [main] ERROR l.i.uztis.tests.EvaluationsPageTest - Test 'testFillEvaluationOne' failed with error: element click intercepted: Element <input type="radio" class="mdc-radio__native-control" id="mat-radio-6-input" disabled="" name="mat-radio-group-2" value="YES" tabindex="0"> is not clickable at point (721, 600). Other element would receive the click: <mat-form-field class="mat-mdc-form-field ng-tns-c508571215-19 mat-mdc-form-field-type-common-radio-group mat-mdc-form-field-has-icon-prefix mat-mdc-form-field-has-icon-suffix mat-form-field-disabled mat-form-field-appearance-outline mat-primary ng-untouched ng-pristine ng-star-inserted" style="--mat-form-field-notch-max-width: calc(100% - 8px);">...</mat-form-field>
  (Session info: chrome=132.0.6834.197)
Build info: version: '4.27.0', revision: 'd6e718d134'
System info: os.name: 'Windows 11', os.arch: 'amd64', os.version: '10.0', java.version: '21.0.3'
Driver info: org.openqa.selenium.chrome.ChromeDriver
Command: [6f688f562322fca5fb3a66af2f2be774, clickElement {id=f.69596B0FA71287521C63115FA729A6B7.d.6554A6826725B0F9D0E33532474F17D6.e.71}]
Capabilities {acceptInsecureCerts: false, browserName: chrome, browserVersion: 132.0.6834.197, chrome: {chromedriverVersion: 132.0.6834.159 (2d77d3fc445..., userDataDir: C:\Users\INGRID~1.ZAD\AppDa...}, fedcm:accounts: true, goog:chromeOptions: {debuggerAddress: localhost:55449}, networkConnectionEnabled: false, pageLoadStrategy: normal, platformName: windows, proxy: Proxy(), se:cdp: ws://localhost:55449/devtoo..., se:cdpVersion: 132.0.6834.197, setWindowRect: true, strictFileInteractability: false, timeouts: {implicit: 0, pageLoad: 300000, script: 30000}, unhandledPromptBehavior: dismiss and notify, webauthn:extension:credBlob: true, webauthn:extension:largeBlob: true, webauthn:extension:minPinLength: true, webauthn:extension:prf: true, webauthn:virtualAuthenticators: true}
Element: [[ChromeDriver: chrome on windows (6f688f562322fca5fb3a66af2f2be774)] -> xpath: (//input[@value='YES'])[2]]
Session ID: 6f688f562322fca5fb3a66af2f2be774
org.openqa.selenium.ElementClickInterceptedException: element click intercepted: Element <input type="radio" class="mdc-radio__native-control" id="mat-radio-6-input" disabled="" name="mat-radio-group-2" value="YES" tabindex="0"> is not clickable at point (721, 600). Other element would receive the click: <mat-form-field class="mat-mdc-form-field ng-tns-c508571215-19 mat-mdc-form-field-type-common-radio-group mat-mdc-form-field-has-icon-prefix mat-mdc-form-field-has-icon-suffix mat-form-field-disabled mat-form-field-appearance-outline mat-primary ng-untouched ng-pristine ng-star-inserted" style="--mat-form-field-notch-max-width: calc(100% - 8px);">...</mat-form-field>
  (Session info: chrome=132.0.6834.197)
Build info: version: '4.27.0', revision: 'd6e718d134'
System info: os.name: 'Windows 11', os.arch: 'amd64', os.version: '10.0', java.version: '21.0.3'
Driver info: org.openqa.selenium.chrome.ChromeDriver
Command: [6f688f562322fca5fb3a66af2f2be774, clickElement {id=f.69596B0FA71287521C63115FA729A6B7.d.6554A6826725B0F9D0E33532474F17D6.e.71}]
Capabilities {acceptInsecureCerts: false, browserName: chrome, browserVersion: 132.0.6834.197, chrome: {chromedriverVersion: 132.0.6834.159 (2d77d3fc445..., userDataDir: C:\Users\INGRID~1.ZAD\AppDa...}, fedcm:accounts: true, goog:chromeOptions: {debuggerAddress: localhost:55449}, networkConnectionEnabled: false, pageLoadStrategy: normal, platformName: windows, proxy: Proxy(), se:cdp: ws://localhost:55449/devtoo..., se:cdpVersion: 132.0.6834.197, setWindowRect: true, strictFileInteractability: false, timeouts: {implicit: 0, pageLoad: 300000, script: 30000}, unhandledPromptBehavior: dismiss and notify, webauthn:extension:credBlob: true, webauthn:extension:largeBlob: true, webauthn:extension:minPinLength: true, webauthn:extension:prf: true, webauthn:virtualAuthenticators: true}
Element: [[ChromeDriver: chrome on windows (6f688f562322fca5fb3a66af2f2be774)] -> xpath: (//input[@value='YES'])[2]]
Session ID: 6f688f562322fca5fb3a66af2f2be774
	at java.base/jdk.internal.reflect.DirectConstructorHandleAccessor.newInstance(DirectConstructorHandleAccessor.java:62)
	at java.base/java.lang.reflect.Constructor.newInstanceWithCaller(Constructor.java:502)
	at java.base/java.lang.reflect.Constructor.newInstance(Constructor.java:486)
	at org.openqa.selenium.remote.ErrorCodec.decode(ErrorCodec.java:167)
	at org.openqa.selenium.remote.codec.w3c.W3CHttpResponseCodec.decode(W3CHttpResponseCodec.java:138)
	at org.openqa.selenium.remote.codec.w3c.W3CHttpResponseCodec.decode(W3CHttpResponseCodec.java:50)
	at org.openqa.selenium.remote.HttpCommandExecutor.execute(HttpCommandExecutor.java:190)
	at org.openqa.selenium.remote.service.DriverCommandExecutor.invokeExecute(DriverCommandExecutor.java:216)
	at org.openqa.selenium.remote.service.DriverCommandExecutor.execute(DriverCommandExecutor.java:174)
	at org.openqa.selenium.remote.RemoteWebDriver.execute(RemoteWebDriver.java:545)
	at org.openqa.selenium.remote.RemoteWebElement.execute(RemoteWebElement.java:223)
	at org.openqa.selenium.remote.RemoteWebElement.click(RemoteWebElement.java:76)
	at java.base/jdk.internal.reflect.DirectMethodHandleAccessor.invoke(DirectMethodHandleAccessor.java:103)
	at java.base/java.lang.reflect.Method.invoke(Method.java:580)
	at org.openqa.selenium.support.pagefactory.internal.LocatingElementHandler.invoke(LocatingElementHandler.java:51)
	at jdk.proxy2/jdk.proxy2.$Proxy14.click(Unknown Source)
	at lt.insoft.uztis.pages.EvaluationsPage.clickRadioButton1_2(EvaluationsPage.java:86)
	at lt.insoft.uztis.tests.EvaluationsPageTest.testFillEvaluationOne(EvaluationsPageTest.java:79)
	at java.base/jdk.internal.reflect.DirectMethodHandleAccessor.invoke(DirectMethodHandleAccessor.java:103)
	at java.base/java.lang.reflect.Method.invoke(Method.java:580)
	at org.junit.platform.commons.util.ReflectionUtils.invokeMethod(ReflectionUtils.java:728)
	at org.junit.jupiter.engine.execution.MethodInvocation.proceed(MethodInvocation.java:60)
	at org.junit.jupiter.engine.execution.InvocationInterceptorChain$ValidatingInvocation.proceed(InvocationInterceptorChain.java:131)
	at org.junit.jupiter.engine.extension.TimeoutExtension.intercept(TimeoutExtension.java:156)
	at org.junit.jupiter.engine.extension.TimeoutExtension.interceptTestableMethod(TimeoutExtension.java:147)
	at org.junit.jupiter.engine.extension.TimeoutExtension.interceptTestMethod(TimeoutExtension.java:86)
	at org.junit.jupiter.engine.execution.InterceptingExecutableInvoker$ReflectiveInterceptorCall.lambda$ofVoidMethod$0(InterceptingExecutableInvoker.java:103)
	at org.junit.jupiter.engine.execution.InterceptingExecutableInvoker.lambda$invoke$0(InterceptingExecutableInvoker.java:93)
	at org.junit.jupiter.engine.execution.InvocationInterceptorChain$InterceptedInvocation.proceed(InvocationInterceptorChain.java:106)
	at org.junit.jupiter.engine.execution.InvocationInterceptorChain.proceed(InvocationInterceptorChain.java:64)
	at org.junit.jupiter.engine.execution.InvocationInterceptorChain.chainAndInvoke(InvocationInterceptorChain.java:45)
	at org.junit.jupiter.engine.execution.InvocationInterceptorChain.invoke(InvocationInterceptorChain.java:37)
	at org.junit.jupiter.engine.execution.InterceptingExecutableInvoker.invoke(InterceptingExecutableInvoker.java:92)
	at org.junit.jupiter.engine.execution.InterceptingExecutableInvoker.invoke(InterceptingExecutableInvoker.java:86)
	at org.junit.jupiter.engine.descriptor.TestMethodTestDescriptor.lambda$invokeTestMethod$7(TestMethodTestDescriptor.java:218)
	at org.junit.platform.engine.support.hierarchical.ThrowableCollector.execute(ThrowableCollector.java:73)
	at org.junit.jupiter.engine.descriptor.TestMethodTestDescriptor.invokeTestMethod(TestMethodTestDescriptor.java:214)
	at org.junit.jupiter.engine.descriptor.TestMethodTestDescriptor.execute(TestMethodTestDescriptor.java:139)
	at org.junit.jupiter.engine.descriptor.TestMethodTestDescriptor.execute(TestMethodTestDescriptor.java:69)
	at org.junit.platform.engine.support.hierarchical.NodeTestTask.lambda$executeRecursively$6(NodeTestTask.java:151)
	at org.junit.platform.engine.support.hierarchical.ThrowableCollector.execute(ThrowableCollector.java:73)
	at org.junit.platform.engine.support.hierarchical.NodeTestTask.lambda$executeRecursively$8(NodeTestTask.java:141)
	at org.junit.platform.engine.support.hierarchical.Node.around(Node.java:137)
	at org.junit.platform.engine.support.hierarchical.NodeTestTask.lambda$executeRecursively$9(NodeTestTask.java:139)
	at org.junit.platform.engine.support.hierarchical.ThrowableCollector.execute(ThrowableCollector.java:73)
	at org.junit.platform.engine.support.hierarchical.NodeTestTask.executeRecursively(NodeTestTask.java:138)
	at org.junit.platform.engine.support.hierarchical.NodeTestTask.execute(NodeTestTask.java:95)
	at java.base/java.util.ArrayList.forEach(ArrayList.java:1596)
	at org.junit.platform.engine.support.hierarchical.SameThreadHierarchicalTestExecutorService.invokeAll(SameThreadHierarchicalTestExecutorService.java:41)
	at org.junit.platform.engine.support.hierarchical.NodeTestTask.lambda$executeRecursively$6(NodeTestTask.java:155)
	at org.junit.platform.engine.support.hierarchical.ThrowableCollector.execute(ThrowableCollector.java:73)
	at org.junit.platform.engine.support.hierarchical.NodeTestTask.lambda$executeRecursively$8(NodeTestTask.java:141)
	at org.junit.platform.engine.support.hierarchical.Node.around(Node.java:137)
	at org.junit.platform.engine.support.hierarchical.NodeTestTask.lambda$executeRecursively$9(NodeTestTask.java:139)
	at org.junit.platform.engine.support.hierarchical.ThrowableCollector.execute(ThrowableCollector.java:73)
	at org.junit.platform.engine.support.hierarchical.NodeTestTask.executeRecursively(NodeTestTask.java:138)
	at org.junit.platform.engine.support.hierarchical.NodeTestTask.execute(NodeTestTask.java:95)
	at java.base/java.util.ArrayList.forEach(ArrayList.java:1596)
	at org.junit.platform.engine.support.hierarchical.SameThreadHierarchicalTestExecutorService.invokeAll(SameThreadHierarchicalTestExecutorService.java:41)
	at org.junit.platform.engine.support.hierarchical.NodeTestTask.lambda$executeRecursively$6(NodeTestTask.java:155)
	at org.junit.platform.engine.support.hierarchical.ThrowableCollector.execute(ThrowableCollector.java:73)
	at org.junit.platform.engine.support.hierarchical.NodeTestTask.lambda$executeRecursively$8(NodeTestTask.java:141)
	at org.junit.platform.engine.support.hierarchical.Node.around(Node.java:137)
	at org.junit.platform.engine.support.hierarchical.NodeTestTask.lambda$executeRecursively$9(NodeTestTask.java:139)
	at org.junit.platform.engine.support.hierarchical.ThrowableCollector.execute(ThrowableCollector.java:73)
	at org.junit.platform.engine.support.hierarchical.NodeTestTask.executeRecursively(NodeTestTask.java:138)
	at org.junit.platform.engine.support.hierarchical.NodeTestTask.execute(NodeTestTask.java:95)
	at org.junit.platform.engine.support.hierarchical.SameThreadHierarchicalTestExecutorService.submit(SameThreadHierarchicalTestExecutorService.java:35)
	at org.junit.platform.engine.support.hierarchical.HierarchicalTestExecutor.execute(HierarchicalTestExecutor.java:57)
	at org.junit.platform.engine.support.hierarchical.HierarchicalTestEngine.execute(HierarchicalTestEngine.java:54)
	at org.junit.platform.launcher.core.EngineExecutionOrchestrator.execute(EngineExecutionOrchestrator.java:198)
	at org.junit.platform.launcher.core.EngineExecutionOrchestrator.execute(EngineExecutionOrchestrator.java:169)
	at org.junit.platform.launcher.core.EngineExecutionOrchestrator.execute(EngineExecutionOrchestrator.java:93)
	at org.junit.platform.launcher.core.EngineExecutionOrchestrator.lambda$execute$0(EngineExecutionOrchestrator.java:58)
	at org.junit.platform.launcher.core.EngineExecutionOrchestrator.withInterceptedStreams(EngineExecutionOrchestrator.java:141)
	at org.junit.platform.launcher.core.EngineExecutionOrchestrator.execute(EngineExecutionOrchestrator.java:57)
	at org.junit.platform.launcher.core.DefaultLauncher.execute(DefaultLauncher.java:103)
	at org.junit.platform.launcher.core.DefaultLauncher.execute(DefaultLauncher.java:85)
	at org.junit.platform.launcher.core.DelegatingLauncher.execute(DelegatingLauncher.java:47)
	at org.junit.platform.launcher.core.SessionPerRequestLauncher.execute(SessionPerRequestLauncher.java:63)
	at com.intellij.junit5.JUnit5IdeaTestRunner.startRunnerWithArgs(JUnit5IdeaTestRunner.java:57)
	at com.intellij.rt.junit.IdeaTestRunner$Repeater$1.execute(IdeaTestRunner.java:38)
	at com.intellij.rt.execution.junit.TestsRepeater.repeat(TestsRepeater.java:11)
	at com.intellij.rt.junit.IdeaTestRunner$Repeater.startRunnerWithArgs(IdeaTestRunner.java:35)
	at com.intellij.rt.junit.JUnitStarter.prepareStreamsAndStart(JUnitStarter.java:232)
	at com.intellij.rt.junit.JUnitStarter.main(JUnitStarter.java:55)
2025-02-13 08:01:39 [main] INFO  l.insoft.uztis.tests.utils.TestUtils - Screenshot moved to C:\Users\ingrida.zadorozniene\Desktop\Asm\UZTIS\UZTIS_tests\test-output\screenshots\20250213\080139571_testFillEvaluationOne().png
2025-02-13 08:07:23 [main] INFO  lt.insoft.uztis.tests.UztisPageTest - Navigated to https://uztisdev.asseco.lt/home
2025-02-13 08:07:23 [main] INFO  l.i.uztis.tests.EvaluationsPageTest - Starting test:'testFillEvaluationOne'
2025-02-13 08:07:23 [main] INFO  l.i.uztis.tests.EvaluationsPageTest - Starting test:'testNavigateToEvaluationsPage'
2025-02-13 08:07:23 [main] DEBUG l.i.uztis.tests.EvaluationsPageTest - User logged in with test credentials
2025-02-13 08:07:24 [main] DEBUG l.i.uztis.tests.EvaluationsPageTest - Opened 'Application Processing' menu.
2025-02-13 08:07:24 [main] DEBUG l.i.uztis.tests.EvaluationsPageTest - Clicked on 'Evaluations' menu.
2025-02-13 08:07:24 [main] DEBUG l.i.uztis.tests.EvaluationsPageTest - Navigating to evaluations menu.
2025-02-13 08:07:24 [main] INFO  l.i.uztis.tests.EvaluationsPageTest - Test 'testNavigateToEvaluationsPage' completed successfully.
2025-02-13 08:07:24 [main] DEBUG l.i.uztis.tests.EvaluationsPageTest - Clicked on last evaluation.
2025-02-13 08:07:25 [main] DEBUG l.i.uztis.tests.EvaluationsPageTest - Clicked 'Edit'.
2025-02-13 08:07:28 [main] DEBUG l.i.uztis.tests.EvaluationsPageTest - Selected '1.1' radio button.
2025-02-13 08:07:31 [main] ERROR l.i.uztis.tests.EvaluationsPageTest - Test 'testFillEvaluationOne' failed with error: element click intercepted: Element <input type="radio" class="mdc-radio__native-control" id="mat-radio-6-input" disabled="" name="mat-radio-group-2" value="YES" tabindex="0"> is not clickable at point (721, 600). Other element would receive the click: <mat-form-field class="mat-mdc-form-field ng-tns-c508571215-19 mat-mdc-form-field-type-common-radio-group mat-mdc-form-field-has-icon-prefix mat-mdc-form-field-has-icon-suffix mat-form-field-disabled mat-form-field-appearance-outline mat-primary ng-untouched ng-pristine ng-star-inserted" style="--mat-form-field-notch-max-width: calc(100% - 8px);">...</mat-form-field>
  (Session info: chrome=132.0.6834.197)
Build info: version: '4.27.0', revision: 'd6e718d134'
System info: os.name: 'Windows 11', os.arch: 'amd64', os.version: '10.0', java.version: '21.0.3'
Driver info: org.openqa.selenium.chrome.ChromeDriver
Command: [a99bbbf04edb8db8dae164799fe57691, clickElement {id=f.21557AEE946CF79397B3D4A0D704C1F8.d.2B7D2F9D45E5B566048C231A5D2A3F6A.e.70}]
Capabilities {acceptInsecureCerts: false, browserName: chrome, browserVersion: 132.0.6834.197, chrome: {chromedriverVersion: 132.0.6834.159 (2d77d3fc445..., userDataDir: C:\Users\INGRID~1.ZAD\AppDa...}, fedcm:accounts: true, goog:chromeOptions: {debuggerAddress: localhost:55653}, networkConnectionEnabled: false, pageLoadStrategy: normal, platformName: windows, proxy: Proxy(), se:cdp: ws://localhost:55653/devtoo..., se:cdpVersion: 132.0.6834.197, setWindowRect: true, strictFileInteractability: false, timeouts: {implicit: 0, pageLoad: 300000, script: 30000}, unhandledPromptBehavior: dismiss and notify, webauthn:extension:credBlob: true, webauthn:extension:largeBlob: true, webauthn:extension:minPinLength: true, webauthn:extension:prf: true, webauthn:virtualAuthenticators: true}
Element: [[ChromeDriver: chrome on windows (a99bbbf04edb8db8dae164799fe57691)] -> xpath: (//input[@value='YES'])[2]]
Session ID: a99bbbf04edb8db8dae164799fe57691
org.openqa.selenium.ElementClickInterceptedException: element click intercepted: Element <input type="radio" class="mdc-radio__native-control" id="mat-radio-6-input" disabled="" name="mat-radio-group-2" value="YES" tabindex="0"> is not clickable at point (721, 600). Other element would receive the click: <mat-form-field class="mat-mdc-form-field ng-tns-c508571215-19 mat-mdc-form-field-type-common-radio-group mat-mdc-form-field-has-icon-prefix mat-mdc-form-field-has-icon-suffix mat-form-field-disabled mat-form-field-appearance-outline mat-primary ng-untouched ng-pristine ng-star-inserted" style="--mat-form-field-notch-max-width: calc(100% - 8px);">...</mat-form-field>
  (Session info: chrome=132.0.6834.197)
Build info: version: '4.27.0', revision: 'd6e718d134'
System info: os.name: 'Windows 11', os.arch: 'amd64', os.version: '10.0', java.version: '21.0.3'
Driver info: org.openqa.selenium.chrome.ChromeDriver
Command: [a99bbbf04edb8db8dae164799fe57691, clickElement {id=f.21557AEE946CF79397B3D4A0D704C1F8.d.2B7D2F9D45E5B566048C231A5D2A3F6A.e.70}]
Capabilities {acceptInsecureCerts: false, browserName: chrome, browserVersion: 132.0.6834.197, chrome: {chromedriverVersion: 132.0.6834.159 (2d77d3fc445..., userDataDir: C:\Users\INGRID~1.ZAD\AppDa...}, fedcm:accounts: true, goog:chromeOptions: {debuggerAddress: localhost:55653}, networkConnectionEnabled: false, pageLoadStrategy: normal, platformName: windows, proxy: Proxy(), se:cdp: ws://localhost:55653/devtoo..., se:cdpVersion: 132.0.6834.197, setWindowRect: true, strictFileInteractability: false, timeouts: {implicit: 0, pageLoad: 300000, script: 30000}, unhandledPromptBehavior: dismiss and notify, webauthn:extension:credBlob: true, webauthn:extension:largeBlob: true, webauthn:extension:minPinLength: true, webauthn:extension:prf: true, webauthn:virtualAuthenticators: true}
Element: [[ChromeDriver: chrome on windows (a99bbbf04edb8db8dae164799fe57691)] -> xpath: (//input[@value='YES'])[2]]
Session ID: a99bbbf04edb8db8dae164799fe57691
	at java.base/jdk.internal.reflect.DirectConstructorHandleAccessor.newInstance(DirectConstructorHandleAccessor.java:62)
	at java.base/java.lang.reflect.Constructor.newInstanceWithCaller(Constructor.java:502)
	at java.base/java.lang.reflect.Constructor.newInstance(Constructor.java:486)
	at org.openqa.selenium.remote.ErrorCodec.decode(ErrorCodec.java:167)
	at org.openqa.selenium.remote.codec.w3c.W3CHttpResponseCodec.decode(W3CHttpResponseCodec.java:138)
	at org.openqa.selenium.remote.codec.w3c.W3CHttpResponseCodec.decode(W3CHttpResponseCodec.java:50)
	at org.openqa.selenium.remote.HttpCommandExecutor.execute(HttpCommandExecutor.java:190)
	at org.openqa.selenium.remote.service.DriverCommandExecutor.invokeExecute(DriverCommandExecutor.java:216)
	at org.openqa.selenium.remote.service.DriverCommandExecutor.execute(DriverCommandExecutor.java:174)
	at org.openqa.selenium.remote.RemoteWebDriver.execute(RemoteWebDriver.java:545)
	at org.openqa.selenium.remote.RemoteWebElement.execute(RemoteWebElement.java:223)
	at org.openqa.selenium.remote.RemoteWebElement.click(RemoteWebElement.java:76)
	at java.base/jdk.internal.reflect.DirectMethodHandleAccessor.invoke(DirectMethodHandleAccessor.java:103)
	at java.base/java.lang.reflect.Method.invoke(Method.java:580)
	at org.openqa.selenium.support.pagefactory.internal.LocatingElementHandler.invoke(LocatingElementHandler.java:51)
	at jdk.proxy2/jdk.proxy2.$Proxy14.click(Unknown Source)
	at lt.insoft.uztis.pages.EvaluationsPage.clickRadioButton1_2(EvaluationsPage.java:86)
	at lt.insoft.uztis.tests.EvaluationsPageTest.testFillEvaluationOne(EvaluationsPageTest.java:79)
	at java.base/jdk.internal.reflect.DirectMethodHandleAccessor.invoke(DirectMethodHandleAccessor.java:103)
	at java.base/java.lang.reflect.Method.invoke(Method.java:580)
	at org.junit.platform.commons.util.ReflectionUtils.invokeMethod(ReflectionUtils.java:728)
	at org.junit.jupiter.engine.execution.MethodInvocation.proceed(MethodInvocation.java:60)
	at org.junit.jupiter.engine.execution.InvocationInterceptorChain$ValidatingInvocation.proceed(InvocationInterceptorChain.java:131)
	at org.junit.jupiter.engine.extension.TimeoutExtension.intercept(TimeoutExtension.java:156)
	at org.junit.jupiter.engine.extension.TimeoutExtension.interceptTestableMethod(TimeoutExtension.java:147)
	at org.junit.jupiter.engine.extension.TimeoutExtension.interceptTestMethod(TimeoutExtension.java:86)
	at org.junit.jupiter.engine.execution.InterceptingExecutableInvoker$ReflectiveInterceptorCall.lambda$ofVoidMethod$0(InterceptingExecutableInvoker.java:103)
	at org.junit.jupiter.engine.execution.InterceptingExecutableInvoker.lambda$invoke$0(InterceptingExecutableInvoker.java:93)
	at org.junit.jupiter.engine.execution.InvocationInterceptorChain$InterceptedInvocation.proceed(InvocationInterceptorChain.java:106)
	at org.junit.jupiter.engine.execution.InvocationInterceptorChain.proceed(InvocationInterceptorChain.java:64)
	at org.junit.jupiter.engine.execution.InvocationInterceptorChain.chainAndInvoke(InvocationInterceptorChain.java:45)
	at org.junit.jupiter.engine.execution.InvocationInterceptorChain.invoke(InvocationInterceptorChain.java:37)
	at org.junit.jupiter.engine.execution.InterceptingExecutableInvoker.invoke(InterceptingExecutableInvoker.java:92)
	at org.junit.jupiter.engine.execution.InterceptingExecutableInvoker.invoke(InterceptingExecutableInvoker.java:86)
	at org.junit.jupiter.engine.descriptor.TestMethodTestDescriptor.lambda$invokeTestMethod$7(TestMethodTestDescriptor.java:218)
	at org.junit.platform.engine.support.hierarchical.ThrowableCollector.execute(ThrowableCollector.java:73)
	at org.junit.jupiter.engine.descriptor.TestMethodTestDescriptor.invokeTestMethod(TestMethodTestDescriptor.java:214)
	at org.junit.jupiter.engine.descriptor.TestMethodTestDescriptor.execute(TestMethodTestDescriptor.java:139)
	at org.junit.jupiter.engine.descriptor.TestMethodTestDescriptor.execute(TestMethodTestDescriptor.java:69)
	at org.junit.platform.engine.support.hierarchical.NodeTestTask.lambda$executeRecursively$6(NodeTestTask.java:151)
	at org.junit.platform.engine.support.hierarchical.ThrowableCollector.execute(ThrowableCollector.java:73)
	at org.junit.platform.engine.support.hierarchical.NodeTestTask.lambda$executeRecursively$8(NodeTestTask.java:141)
	at org.junit.platform.engine.support.hierarchical.Node.around(Node.java:137)
	at org.junit.platform.engine.support.hierarchical.NodeTestTask.lambda$executeRecursively$9(NodeTestTask.java:139)
	at org.junit.platform.engine.support.hierarchical.ThrowableCollector.execute(ThrowableCollector.java:73)
	at org.junit.platform.engine.support.hierarchical.NodeTestTask.executeRecursively(NodeTestTask.java:138)
	at org.junit.platform.engine.support.hierarchical.NodeTestTask.execute(NodeTestTask.java:95)
	at java.base/java.util.ArrayList.forEach(ArrayList.java:1596)
	at org.junit.platform.engine.support.hierarchical.SameThreadHierarchicalTestExecutorService.invokeAll(SameThreadHierarchicalTestExecutorService.java:41)
	at org.junit.platform.engine.support.hierarchical.NodeTestTask.lambda$executeRecursively$6(NodeTestTask.java:155)
	at org.junit.platform.engine.support.hierarchical.ThrowableCollector.execute(ThrowableCollector.java:73)
	at org.junit.platform.engine.support.hierarchical.NodeTestTask.lambda$executeRecursively$8(NodeTestTask.java:141)
	at org.junit.platform.engine.support.hierarchical.Node.around(Node.java:137)
	at org.junit.platform.engine.support.hierarchical.NodeTestTask.lambda$executeRecursively$9(NodeTestTask.java:139)
	at org.junit.platform.engine.support.hierarchical.ThrowableCollector.execute(ThrowableCollector.java:73)
	at org.junit.platform.engine.support.hierarchical.NodeTestTask.executeRecursively(NodeTestTask.java:138)
	at org.junit.platform.engine.support.hierarchical.NodeTestTask.execute(NodeTestTask.java:95)
	at java.base/java.util.ArrayList.forEach(ArrayList.java:1596)
	at org.junit.platform.engine.support.hierarchical.SameThreadHierarchicalTestExecutorService.invokeAll(SameThreadHierarchicalTestExecutorService.java:41)
	at org.junit.platform.engine.support.hierarchical.NodeTestTask.lambda$executeRecursively$6(NodeTestTask.java:155)
	at org.junit.platform.engine.support.hierarchical.ThrowableCollector.execute(ThrowableCollector.java:73)
	at org.junit.platform.engine.support.hierarchical.NodeTestTask.lambda$executeRecursively$8(NodeTestTask.java:141)
	at org.junit.platform.engine.support.hierarchical.Node.around(Node.java:137)
	at org.junit.platform.engine.support.hierarchical.NodeTestTask.lambda$executeRecursively$9(NodeTestTask.java:139)
	at org.junit.platform.engine.support.hierarchical.ThrowableCollector.execute(ThrowableCollector.java:73)
	at org.junit.platform.engine.support.hierarchical.NodeTestTask.executeRecursively(NodeTestTask.java:138)
	at org.junit.platform.engine.support.hierarchical.NodeTestTask.execute(NodeTestTask.java:95)
	at org.junit.platform.engine.support.hierarchical.SameThreadHierarchicalTestExecutorService.submit(SameThreadHierarchicalTestExecutorService.java:35)
	at org.junit.platform.engine.support.hierarchical.HierarchicalTestExecutor.execute(HierarchicalTestExecutor.java:57)
	at org.junit.platform.engine.support.hierarchical.HierarchicalTestEngine.execute(HierarchicalTestEngine.java:54)
	at org.junit.platform.launcher.core.EngineExecutionOrchestrator.execute(EngineExecutionOrchestrator.java:198)
	at org.junit.platform.launcher.core.EngineExecutionOrchestrator.execute(EngineExecutionOrchestrator.java:169)
	at org.junit.platform.launcher.core.EngineExecutionOrchestrator.execute(EngineExecutionOrchestrator.java:93)
	at org.junit.platform.launcher.core.EngineExecutionOrchestrator.lambda$execute$0(EngineExecutionOrchestrator.java:58)
	at org.junit.platform.launcher.core.EngineExecutionOrchestrator.withInterceptedStreams(EngineExecutionOrchestrator.java:141)
	at org.junit.platform.launcher.core.EngineExecutionOrchestrator.execute(EngineExecutionOrchestrator.java:57)
	at org.junit.platform.launcher.core.DefaultLauncher.execute(DefaultLauncher.java:103)
	at org.junit.platform.launcher.core.DefaultLauncher.execute(DefaultLauncher.java:85)
	at org.junit.platform.launcher.core.DelegatingLauncher.execute(DelegatingLauncher.java:47)
	at org.junit.platform.launcher.core.SessionPerRequestLauncher.execute(SessionPerRequestLauncher.java:63)
	at com.intellij.junit5.JUnit5IdeaTestRunner.startRunnerWithArgs(JUnit5IdeaTestRunner.java:57)
	at com.intellij.rt.junit.IdeaTestRunner$Repeater$1.execute(IdeaTestRunner.java:38)
	at com.intellij.rt.execution.junit.TestsRepeater.repeat(TestsRepeater.java:11)
	at com.intellij.rt.junit.IdeaTestRunner$Repeater.startRunnerWithArgs(IdeaTestRunner.java:35)
	at com.intellij.rt.junit.JUnitStarter.prepareStreamsAndStart(JUnitStarter.java:232)
	at com.intellij.rt.junit.JUnitStarter.main(JUnitStarter.java:55)
2025-02-13 08:07:31 [main] INFO  l.insoft.uztis.tests.utils.TestUtils - Screenshot moved to C:\Users\ingrida.zadorozniene\Desktop\Asm\UZTIS\UZTIS_tests\test-output\screenshots\20250213\080731549_testFillEvaluationOne().png
2025-02-13 08:09:03 [main] INFO  lt.insoft.uztis.tests.UztisPageTest - Navigated to https://uztisdev.asseco.lt/home
2025-02-13 08:09:03 [main] INFO  l.i.uztis.tests.EvaluationsPageTest - Starting test:'testFillEvaluationOne'
2025-02-13 08:09:03 [main] INFO  l.i.uztis.tests.EvaluationsPageTest - Starting test:'testNavigateToEvaluationsPage'
2025-02-13 08:09:04 [main] DEBUG l.i.uztis.tests.EvaluationsPageTest - User logged in with test credentials
2025-02-13 08:09:04 [main] DEBUG l.i.uztis.tests.EvaluationsPageTest - Opened 'Application Processing' menu.
2025-02-13 08:09:04 [main] DEBUG l.i.uztis.tests.EvaluationsPageTest - Clicked on 'Evaluations' menu.
2025-02-13 08:09:04 [main] DEBUG l.i.uztis.tests.EvaluationsPageTest - Navigating to evaluations menu.
2025-02-13 08:09:04 [main] INFO  l.i.uztis.tests.EvaluationsPageTest - Test 'testNavigateToEvaluationsPage' completed successfully.
2025-02-13 08:09:05 [main] DEBUG l.i.uztis.tests.EvaluationsPageTest - Clicked on last evaluation.
2025-02-13 08:09:05 [main] DEBUG l.i.uztis.tests.EvaluationsPageTest - Clicked 'Edit'.
2025-02-13 08:09:09 [main] DEBUG l.i.uztis.tests.EvaluationsPageTest - Selected '1.1' radio button.
2025-02-13 08:09:11 [main] DEBUG l.i.uztis.tests.EvaluationsPageTest - Selected '1.2' radio button.
2025-02-13 08:09:14 [main] DEBUG l.i.uztis.tests.EvaluationsPageTest - Selected '1.3' radio button.
2025-02-13 08:09:16 [main] DEBUG l.i.uztis.tests.EvaluationsPageTest - Selected '1.4' radio button.
2025-02-13 08:09:18 [main] ERROR l.i.uztis.tests.EvaluationsPageTest - Test 'testFillEvaluationOne' failed with error: element click intercepted: Element <input type="radio" class="mdc-radio__native-control" id="mat-radio-27-input" name="mat-radio-group-9" value="YES" tabindex="0"> is not clickable at point (377, 536). Other element would receive the click: <strong>...</strong>
  (Session info: chrome=132.0.6834.197)
Build info: version: '4.27.0', revision: 'd6e718d134'
System info: os.name: 'Windows 11', os.arch: 'amd64', os.version: '10.0', java.version: '21.0.3'
Driver info: org.openqa.selenium.chrome.ChromeDriver
Command: [1ef2cf5f252ffe8983ec34f17809e64b, clickElement {id=f.DC976B71021533FB906BDC2F63E72115.d.E132F4CDC0B094D1838480684F3A591A.e.90}]
Capabilities {acceptInsecureCerts: false, browserName: chrome, browserVersion: 132.0.6834.197, chrome: {chromedriverVersion: 132.0.6834.159 (2d77d3fc445..., userDataDir: C:\Users\INGRID~1.ZAD\AppDa...}, fedcm:accounts: true, goog:chromeOptions: {debuggerAddress: localhost:55726}, networkConnectionEnabled: false, pageLoadStrategy: normal, platformName: windows, proxy: Proxy(), se:cdp: ws://localhost:55726/devtoo..., se:cdpVersion: 132.0.6834.197, setWindowRect: true, strictFileInteractability: false, timeouts: {implicit: 0, pageLoad: 300000, script: 30000}, unhandledPromptBehavior: dismiss and notify, webauthn:extension:credBlob: true, webauthn:extension:largeBlob: true, webauthn:extension:minPinLength: true, webauthn:extension:prf: true, webauthn:virtualAuthenticators: true}
Element: [[ChromeDriver: chrome on windows (1ef2cf5f252ffe8983ec34f17809e64b)] -> xpath: //input[@type='radio' and @name='mat-radio-group-9' and @value='YES']]
Session ID: 1ef2cf5f252ffe8983ec34f17809e64b
org.openqa.selenium.ElementClickInterceptedException: element click intercepted: Element <input type="radio" class="mdc-radio__native-control" id="mat-radio-27-input" name="mat-radio-group-9" value="YES" tabindex="0"> is not clickable at point (377, 536). Other element would receive the click: <strong>...</strong>
  (Session info: chrome=132.0.6834.197)
Build info: version: '4.27.0', revision: 'd6e718d134'
System info: os.name: 'Windows 11', os.arch: 'amd64', os.version: '10.0', java.version: '21.0.3'
Driver info: org.openqa.selenium.chrome.ChromeDriver
Command: [1ef2cf5f252ffe8983ec34f17809e64b, clickElement {id=f.DC976B71021533FB906BDC2F63E72115.d.E132F4CDC0B094D1838480684F3A591A.e.90}]
Capabilities {acceptInsecureCerts: false, browserName: chrome, browserVersion: 132.0.6834.197, chrome: {chromedriverVersion: 132.0.6834.159 (2d77d3fc445..., userDataDir: C:\Users\INGRID~1.ZAD\AppDa...}, fedcm:accounts: true, goog:chromeOptions: {debuggerAddress: localhost:55726}, networkConnectionEnabled: false, pageLoadStrategy: normal, platformName: windows, proxy: Proxy(), se:cdp: ws://localhost:55726/devtoo..., se:cdpVersion: 132.0.6834.197, setWindowRect: true, strictFileInteractability: false, timeouts: {implicit: 0, pageLoad: 300000, script: 30000}, unhandledPromptBehavior: dismiss and notify, webauthn:extension:credBlob: true, webauthn:extension:largeBlob: true, webauthn:extension:minPinLength: true, webauthn:extension:prf: true, webauthn:virtualAuthenticators: true}
Element: [[ChromeDriver: chrome on windows (1ef2cf5f252ffe8983ec34f17809e64b)] -> xpath: //input[@type='radio' and @name='mat-radio-group-9' and @value='YES']]
Session ID: 1ef2cf5f252ffe8983ec34f17809e64b
	at java.base/jdk.internal.reflect.DirectConstructorHandleAccessor.newInstance(DirectConstructorHandleAccessor.java:62)
	at java.base/java.lang.reflect.Constructor.newInstanceWithCaller(Constructor.java:502)
	at java.base/java.lang.reflect.Constructor.newInstance(Constructor.java:486)
	at org.openqa.selenium.remote.ErrorCodec.decode(ErrorCodec.java:167)
	at org.openqa.selenium.remote.codec.w3c.W3CHttpResponseCodec.decode(W3CHttpResponseCodec.java:138)
	at org.openqa.selenium.remote.codec.w3c.W3CHttpResponseCodec.decode(W3CHttpResponseCodec.java:50)
	at org.openqa.selenium.remote.HttpCommandExecutor.execute(HttpCommandExecutor.java:190)
	at org.openqa.selenium.remote.service.DriverCommandExecutor.invokeExecute(DriverCommandExecutor.java:216)
	at org.openqa.selenium.remote.service.DriverCommandExecutor.execute(DriverCommandExecutor.java:174)
	at org.openqa.selenium.remote.RemoteWebDriver.execute(RemoteWebDriver.java:545)
	at org.openqa.selenium.remote.RemoteWebElement.execute(RemoteWebElement.java:223)
	at org.openqa.selenium.remote.RemoteWebElement.click(RemoteWebElement.java:76)
	at java.base/jdk.internal.reflect.DirectMethodHandleAccessor.invoke(DirectMethodHandleAccessor.java:103)
	at java.base/java.lang.reflect.Method.invoke(Method.java:580)
	at org.openqa.selenium.support.pagefactory.internal.LocatingElementHandler.invoke(LocatingElementHandler.java:51)
	at jdk.proxy2/jdk.proxy2.$Proxy14.click(Unknown Source)
	at lt.insoft.uztis.pages.EvaluationsPage.clickRadioButton1_5(EvaluationsPage.java:104)
	at lt.insoft.uztis.tests.EvaluationsPageTest.testFillEvaluationOne(EvaluationsPageTest.java:88)
	at java.base/jdk.internal.reflect.DirectMethodHandleAccessor.invoke(DirectMethodHandleAccessor.java:103)
	at java.base/java.lang.reflect.Method.invoke(Method.java:580)
	at org.junit.platform.commons.util.ReflectionUtils.invokeMethod(ReflectionUtils.java:728)
	at org.junit.jupiter.engine.execution.MethodInvocation.proceed(MethodInvocation.java:60)
	at org.junit.jupiter.engine.execution.InvocationInterceptorChain$ValidatingInvocation.proceed(InvocationInterceptorChain.java:131)
	at org.junit.jupiter.engine.extension.TimeoutExtension.intercept(TimeoutExtension.java:156)
	at org.junit.jupiter.engine.extension.TimeoutExtension.interceptTestableMethod(TimeoutExtension.java:147)
	at org.junit.jupiter.engine.extension.TimeoutExtension.interceptTestMethod(TimeoutExtension.java:86)
	at org.junit.jupiter.engine.execution.InterceptingExecutableInvoker$ReflectiveInterceptorCall.lambda$ofVoidMethod$0(InterceptingExecutableInvoker.java:103)
	at org.junit.jupiter.engine.execution.InterceptingExecutableInvoker.lambda$invoke$0(InterceptingExecutableInvoker.java:93)
	at org.junit.jupiter.engine.execution.InvocationInterceptorChain$InterceptedInvocation.proceed(InvocationInterceptorChain.java:106)
	at org.junit.jupiter.engine.execution.InvocationInterceptorChain.proceed(InvocationInterceptorChain.java:64)
	at org.junit.jupiter.engine.execution.InvocationInterceptorChain.chainAndInvoke(InvocationInterceptorChain.java:45)
	at org.junit.jupiter.engine.execution.InvocationInterceptorChain.invoke(InvocationInterceptorChain.java:37)
	at org.junit.jupiter.engine.execution.InterceptingExecutableInvoker.invoke(InterceptingExecutableInvoker.java:92)
	at org.junit.jupiter.engine.execution.InterceptingExecutableInvoker.invoke(InterceptingExecutableInvoker.java:86)
	at org.junit.jupiter.engine.descriptor.TestMethodTestDescriptor.lambda$invokeTestMethod$7(TestMethodTestDescriptor.java:218)
	at org.junit.platform.engine.support.hierarchical.ThrowableCollector.execute(ThrowableCollector.java:73)
	at org.junit.jupiter.engine.descriptor.TestMethodTestDescriptor.invokeTestMethod(TestMethodTestDescriptor.java:214)
	at org.junit.jupiter.engine.descriptor.TestMethodTestDescriptor.execute(TestMethodTestDescriptor.java:139)
	at org.junit.jupiter.engine.descriptor.TestMethodTestDescriptor.execute(TestMethodTestDescriptor.java:69)
	at org.junit.platform.engine.support.hierarchical.NodeTestTask.lambda$executeRecursively$6(NodeTestTask.java:151)
	at org.junit.platform.engine.support.hierarchical.ThrowableCollector.execute(ThrowableCollector.java:73)
	at org.junit.platform.engine.support.hierarchical.NodeTestTask.lambda$executeRecursively$8(NodeTestTask.java:141)
	at org.junit.platform.engine.support.hierarchical.Node.around(Node.java:137)
	at org.junit.platform.engine.support.hierarchical.NodeTestTask.lambda$executeRecursively$9(NodeTestTask.java:139)
	at org.junit.platform.engine.support.hierarchical.ThrowableCollector.execute(ThrowableCollector.java:73)
	at org.junit.platform.engine.support.hierarchical.NodeTestTask.executeRecursively(NodeTestTask.java:138)
	at org.junit.platform.engine.support.hierarchical.NodeTestTask.execute(NodeTestTask.java:95)
	at java.base/java.util.ArrayList.forEach(ArrayList.java:1596)
	at org.junit.platform.engine.support.hierarchical.SameThreadHierarchicalTestExecutorService.invokeAll(SameThreadHierarchicalTestExecutorService.java:41)
	at org.junit.platform.engine.support.hierarchical.NodeTestTask.lambda$executeRecursively$6(NodeTestTask.java:155)
	at org.junit.platform.engine.support.hierarchical.ThrowableCollector.execute(ThrowableCollector.java:73)
	at org.junit.platform.engine.support.hierarchical.NodeTestTask.lambda$executeRecursively$8(NodeTestTask.java:141)
	at org.junit.platform.engine.support.hierarchical.Node.around(Node.java:137)
	at org.junit.platform.engine.support.hierarchical.NodeTestTask.lambda$executeRecursively$9(NodeTestTask.java:139)
	at org.junit.platform.engine.support.hierarchical.ThrowableCollector.execute(ThrowableCollector.java:73)
	at org.junit.platform.engine.support.hierarchical.NodeTestTask.executeRecursively(NodeTestTask.java:138)
	at org.junit.platform.engine.support.hierarchical.NodeTestTask.execute(NodeTestTask.java:95)
	at java.base/java.util.ArrayList.forEach(ArrayList.java:1596)
	at org.junit.platform.engine.support.hierarchical.SameThreadHierarchicalTestExecutorService.invokeAll(SameThreadHierarchicalTestExecutorService.java:41)
	at org.junit.platform.engine.support.hierarchical.NodeTestTask.lambda$executeRecursively$6(NodeTestTask.java:155)
	at org.junit.platform.engine.support.hierarchical.ThrowableCollector.execute(ThrowableCollector.java:73)
	at org.junit.platform.engine.support.hierarchical.NodeTestTask.lambda$executeRecursively$8(NodeTestTask.java:141)
	at org.junit.platform.engine.support.hierarchical.Node.around(Node.java:137)
	at org.junit.platform.engine.support.hierarchical.NodeTestTask.lambda$executeRecursively$9(NodeTestTask.java:139)
	at org.junit.platform.engine.support.hierarchical.ThrowableCollector.execute(ThrowableCollector.java:73)
	at org.junit.platform.engine.support.hierarchical.NodeTestTask.executeRecursively(NodeTestTask.java:138)
	at org.junit.platform.engine.support.hierarchical.NodeTestTask.execute(NodeTestTask.java:95)
	at org.junit.platform.engine.support.hierarchical.SameThreadHierarchicalTestExecutorService.submit(SameThreadHierarchicalTestExecutorService.java:35)
	at org.junit.platform.engine.support.hierarchical.HierarchicalTestExecutor.execute(HierarchicalTestExecutor.java:57)
	at org.junit.platform.engine.support.hierarchical.HierarchicalTestEngine.execute(HierarchicalTestEngine.java:54)
	at org.junit.platform.launcher.core.EngineExecutionOrchestrator.execute(EngineExecutionOrchestrator.java:198)
	at org.junit.platform.launcher.core.EngineExecutionOrchestrator.execute(EngineExecutionOrchestrator.java:169)
	at org.junit.platform.launcher.core.EngineExecutionOrchestrator.execute(EngineExecutionOrchestrator.java:93)
	at org.junit.platform.launcher.core.EngineExecutionOrchestrator.lambda$execute$0(EngineExecutionOrchestrator.java:58)
	at org.junit.platform.launcher.core.EngineExecutionOrchestrator.withInterceptedStreams(EngineExecutionOrchestrator.java:141)
	at org.junit.platform.launcher.core.EngineExecutionOrchestrator.execute(EngineExecutionOrchestrator.java:57)
	at org.junit.platform.launcher.core.DefaultLauncher.execute(DefaultLauncher.java:103)
	at org.junit.platform.launcher.core.DefaultLauncher.execute(DefaultLauncher.java:85)
	at org.junit.platform.launcher.core.DelegatingLauncher.execute(DelegatingLauncher.java:47)
	at org.junit.platform.launcher.core.SessionPerRequestLauncher.execute(SessionPerRequestLauncher.java:63)
	at com.intellij.junit5.JUnit5IdeaTestRunner.startRunnerWithArgs(JUnit5IdeaTestRunner.java:57)
	at com.intellij.rt.junit.IdeaTestRunner$Repeater$1.execute(IdeaTestRunner.java:38)
	at com.intellij.rt.execution.junit.TestsRepeater.repeat(TestsRepeater.java:11)
	at com.intellij.rt.junit.IdeaTestRunner$Repeater.startRunnerWithArgs(IdeaTestRunner.java:35)
	at com.intellij.rt.junit.JUnitStarter.prepareStreamsAndStart(JUnitStarter.java:232)
	at com.intellij.rt.junit.JUnitStarter.main(JUnitStarter.java:55)
2025-02-13 08:09:18 [main] INFO  l.insoft.uztis.tests.utils.TestUtils - Screenshot moved to C:\Users\ingrida.zadorozniene\Desktop\Asm\UZTIS\UZTIS_tests\test-output\screenshots\20250213\080918932_testFillEvaluationOne().png
2025-02-13 08:16:13 [main] INFO  lt.insoft.uztis.tests.UztisPageTest - Navigated to https://uztisdev.asseco.lt/home
2025-02-13 08:16:14 [main] INFO  l.i.uztis.tests.EvaluationsPageTest - Starting test:'testFillEvaluationOne'
2025-02-13 08:16:14 [main] INFO  l.i.uztis.tests.EvaluationsPageTest - Starting test:'testNavigateToEvaluationsPage'
2025-02-13 08:16:14 [main] DEBUG l.i.uztis.tests.EvaluationsPageTest - User logged in with test credentials
2025-02-13 08:16:14 [main] DEBUG l.i.uztis.tests.EvaluationsPageTest - Opened 'Application Processing' menu.
2025-02-13 08:16:15 [main] DEBUG l.i.uztis.tests.EvaluationsPageTest - Clicked on 'Evaluations' menu.
2025-02-13 08:16:15 [main] DEBUG l.i.uztis.tests.EvaluationsPageTest - Navigating to evaluations menu.
2025-02-13 08:16:15 [main] INFO  l.i.uztis.tests.EvaluationsPageTest - Test 'testNavigateToEvaluationsPage' completed successfully.
2025-02-13 08:16:15 [main] DEBUG l.i.uztis.tests.EvaluationsPageTest - Clicked on last evaluation.
2025-02-13 08:16:16 [main] DEBUG l.i.uztis.tests.EvaluationsPageTest - Clicked 'Edit'.
2025-02-13 08:16:19 [main] DEBUG l.i.uztis.tests.EvaluationsPageTest - Selected '1.1' radio button.
2025-02-13 08:16:22 [main] DEBUG l.i.uztis.tests.EvaluationsPageTest - Selected '1.2' radio button.
2025-02-13 08:16:24 [main] DEBUG l.i.uztis.tests.EvaluationsPageTest - Selected '1.3' radio button.
2025-02-13 08:16:27 [main] DEBUG l.i.uztis.tests.EvaluationsPageTest - Selected '1.4' radio button.
2025-02-13 08:16:28 [main] DEBUG l.i.uztis.tests.EvaluationsPageTest - Selected '1.5' radio button.
2025-02-13 08:16:29 [main] DEBUG l.i.uztis.tests.EvaluationsPageTest - Selected '2.1' radio button.
2025-02-13 08:16:29 [main] DEBUG l.i.uztis.tests.EvaluationsPageTest - Selected '3.1' radio button.
2025-02-13 08:16:30 [main] DEBUG l.i.uztis.tests.EvaluationsPageTest - Selected '4.2' radio button.
2025-02-13 08:16:31 [main] DEBUG l.i.uztis.tests.EvaluationsPageTest - Selected '5.1' radio button.
2025-02-13 08:16:32 [main] DEBUG l.i.uztis.tests.EvaluationsPageTest - Selected '5.2' radio button.
2025-02-13 08:16:33 [main] DEBUG l.i.uztis.tests.EvaluationsPageTest - Selected '6.1' radio button.
2025-02-13 08:16:33 [main] INFO  l.i.uztis.tests.EvaluationsPageTest - Test 'testFillEvaluationOne' completed successfully.
2025-02-13 08:24:19 [main] INFO  lt.insoft.uztis.tests.UztisPageTest - Navigated to https://uztisdev.asseco.lt/home
2025-02-13 08:24:19 [main] INFO  l.i.uztis.tests.EvaluationsPageTest - Starting test:'testFillEvaluationOne'
2025-02-13 08:24:19 [main] INFO  l.i.uztis.tests.EvaluationsPageTest - Starting test:'testNavigateToEvaluationsPage'
2025-02-13 08:24:19 [main] DEBUG l.i.uztis.tests.EvaluationsPageTest - User logged in with test credentials
2025-02-13 08:24:20 [main] DEBUG l.i.uztis.tests.EvaluationsPageTest - Opened 'Application Processing' menu.
2025-02-13 08:24:20 [main] DEBUG l.i.uztis.tests.EvaluationsPageTest - Clicked on 'Evaluations' menu.
2025-02-13 08:24:20 [main] DEBUG l.i.uztis.tests.EvaluationsPageTest - Navigating to evaluations menu.
2025-02-13 08:24:20 [main] INFO  l.i.uztis.tests.EvaluationsPageTest - Test 'testNavigateToEvaluationsPage' completed successfully.
2025-02-13 08:24:20 [main] DEBUG l.i.uztis.tests.EvaluationsPageTest - Clicked on last evaluation.
2025-02-13 08:24:21 [main] DEBUG l.i.uztis.tests.EvaluationsPageTest - Clicked 'Edit'.
2025-02-13 08:24:24 [main] DEBUG l.i.uztis.tests.EvaluationsPageTest - Selected '1.1' radio button.
2025-02-13 08:24:26 [main] DEBUG l.i.uztis.tests.EvaluationsPageTest - Selected '1.2' radio button.
2025-02-13 08:24:28 [main] DEBUG l.i.uztis.tests.EvaluationsPageTest - Selected '1.3' radio button.
2025-02-13 08:24:31 [main] DEBUG l.i.uztis.tests.EvaluationsPageTest - Selected '1.4' radio button.
2025-02-13 08:24:32 [main] DEBUG l.i.uztis.tests.EvaluationsPageTest - Selected '1.5' radio button.
2025-02-13 08:24:33 [main] DEBUG l.i.uztis.tests.EvaluationsPageTest - Selected '2.1' radio button.
2025-02-13 08:24:33 [main] DEBUG l.i.uztis.tests.EvaluationsPageTest - Selected '3.1' radio button.
2025-02-13 08:24:34 [main] DEBUG l.i.uztis.tests.EvaluationsPageTest - Selected '4.2' radio button.
2025-02-13 08:24:35 [main] DEBUG l.i.uztis.tests.EvaluationsPageTest - Selected '5.1' radio button.
2025-02-13 08:24:36 [main] DEBUG l.i.uztis.tests.EvaluationsPageTest - Selected '5.2' radio button.
2025-02-13 08:24:37 [main] DEBUG l.i.uztis.tests.EvaluationsPageTest - Selected '6.1' radio button.
2025-02-13 08:24:38 [main] DEBUG l.i.uztis.tests.EvaluationsPageTest - Clicked on expansion panel 'Not Critical'.
2025-02-13 08:24:38 [main] INFO  l.i.uztis.tests.EvaluationsPageTest - Test 'testFillEvaluationOne' completed successfully.
2025-02-13 08:58:36 [main] INFO  lt.insoft.uztis.tests.UztisPageTest - Navigated to https://uztisdev.asseco.lt/home
2025-02-13 08:58:36 [main] INFO  l.i.uztis.tests.EvaluationsPageTest - Starting test:'testFillEvaluationOne'
2025-02-13 08:58:36 [main] INFO  l.i.uztis.tests.EvaluationsPageTest - Starting test:'testNavigateToEvaluationsPage'
2025-02-13 08:58:36 [main] DEBUG l.i.uztis.tests.EvaluationsPageTest - User logged in with test credentials
2025-02-13 08:58:36 [main] DEBUG l.i.uztis.tests.EvaluationsPageTest - Opened 'Application Processing' menu.
2025-02-13 08:58:37 [main] DEBUG l.i.uztis.tests.EvaluationsPageTest - Clicked on 'Evaluations' menu.
2025-02-13 08:58:37 [main] DEBUG l.i.uztis.tests.EvaluationsPageTest - Navigating to evaluations menu.
2025-02-13 08:58:37 [main] INFO  l.i.uztis.tests.EvaluationsPageTest - Test 'testNavigateToEvaluationsPage' completed successfully.
2025-02-13 08:58:37 [main] DEBUG l.i.uztis.tests.EvaluationsPageTest - Clicked on last evaluation.
2025-02-13 08:58:38 [main] DEBUG l.i.uztis.tests.EvaluationsPageTest - Clicked 'Edit'.
2025-02-13 08:58:41 [main] DEBUG l.i.uztis.tests.EvaluationsPageTest - Selected '1.1' radio button.
2025-02-13 08:58:43 [main] DEBUG l.i.uztis.tests.EvaluationsPageTest - Selected '1.2' radio button.
2025-02-13 08:58:46 [main] DEBUG l.i.uztis.tests.EvaluationsPageTest - Selected '1.3' radio button.
2025-02-13 08:58:48 [main] DEBUG l.i.uztis.tests.EvaluationsPageTest - Selected '1.4' radio button.
2025-02-13 08:58:49 [main] DEBUG l.i.uztis.tests.EvaluationsPageTest - Selected '1.5' radio button.
2025-02-13 08:58:50 [main] DEBUG l.i.uztis.tests.EvaluationsPageTest - Selected '2.1' radio button.
2025-02-13 08:58:50 [main] DEBUG l.i.uztis.tests.EvaluationsPageTest - Selected '3.1' radio button.
2025-02-13 08:58:52 [main] DEBUG l.i.uztis.tests.EvaluationsPageTest - Selected '4.2' radio button.
2025-02-13 08:58:53 [main] DEBUG l.i.uztis.tests.EvaluationsPageTest - Selected '5.1' radio button.
2025-02-13 08:58:53 [main] DEBUG l.i.uztis.tests.EvaluationsPageTest - Selected '5.2' radio button.
2025-02-13 08:58:54 [main] DEBUG l.i.uztis.tests.EvaluationsPageTest - Selected '6.1' radio button.
2025-02-13 08:58:55 [main] DEBUG l.i.uztis.tests.EvaluationsPageTest - Clicked on expansion panel 'Not Critical'.
2025-02-13 08:58:58 [main] DEBUG l.i.uztis.tests.EvaluationsPageTest - Selected '7' radio button.
2025-02-13 08:58:59 [main] DEBUG l.i.uztis.tests.EvaluationsPageTest - Selected '8_1' radio button.
2025-02-13 08:58:59 [main] DEBUG l.i.uztis.tests.EvaluationsPageTest - Selected '8_2' radio button.
2025-02-13 08:59:00 [main] DEBUG l.i.uztis.tests.EvaluationsPageTest - Selected '8_3' radio button.
2025-02-13 08:59:00 [main] DEBUG l.i.uztis.tests.EvaluationsPageTest - Selected '8_4' radio button.
2025-02-13 08:59:01 [main] DEBUG l.i.uztis.tests.EvaluationsPageTest - Selected '8_5' radio button.
2025-02-13 08:59:01 [main] DEBUG l.i.uztis.tests.EvaluationsPageTest - Selected '8_6' radio button.
2025-02-13 08:59:01 [main] DEBUG l.i.uztis.tests.EvaluationsPageTest - Selected '8_7' radio button.
2025-02-13 08:59:02 [main] DEBUG l.i.uztis.tests.EvaluationsPageTest - Selected '8_8' radio button.
2025-02-13 08:59:02 [main] DEBUG l.i.uztis.tests.EvaluationsPageTest - Selected '8_9' radio button.
2025-02-13 08:59:02 [main] DEBUG l.i.uztis.tests.EvaluationsPageTest - Selected '8_10' radio button.
2025-02-13 08:59:03 [main] DEBUG l.i.uztis.tests.EvaluationsPageTest - Selected '9' radio button.
2025-02-13 08:59:03 [main] DEBUG l.i.uztis.tests.EvaluationsPageTest - Selected '10.1' radio button.
2025-02-13 08:59:04 [main] DEBUG l.i.uztis.tests.EvaluationsPageTest - Selected '10.2' radio button.
2025-02-13 08:59:04 [main] DEBUG l.i.uztis.tests.EvaluationsPageTest - Selected '10.3' radio button.
2025-02-13 08:59:04 [main] ERROR l.i.uztis.tests.EvaluationsPageTest - Test 'testFillEvaluationOne' failed with error: invalid selector: An invalid or illegal selector was specified
  (Session info: chrome=132.0.6834.197)
For documentation on this error, please visit: https://www.selenium.dev/documentation/webdriver/troubleshooting/errors#invalid-selector-exception
Build info: version: '4.27.0', revision: 'd6e718d134'
System info: os.name: 'Windows 11', os.arch: 'amd64', os.version: '10.0', java.version: '21.0.3'
Driver info: org.openqa.selenium.chrome.ChromeDriver
Command: [6950dfb5ea688b9d421c63ed0aad19e2, findElement {using=css selector, value=//common-button[@btnclass='btn btn--accent' and @btntype='submit']//button[@type='submit']}]
Capabilities {acceptInsecureCerts: false, browserName: chrome, browserVersion: 132.0.6834.197, chrome: {chromedriverVersion: 132.0.6834.159 (2d77d3fc445..., userDataDir: C:\Users\INGRID~1.ZAD\AppDa...}, fedcm:accounts: true, goog:chromeOptions: {debuggerAddress: localhost:57354}, networkConnectionEnabled: false, pageLoadStrategy: normal, platformName: windows, proxy: Proxy(), se:cdp: ws://localhost:57354/devtoo..., se:cdpVersion: 132.0.6834.197, setWindowRect: true, strictFileInteractability: false, timeouts: {implicit: 0, pageLoad: 300000, script: 30000}, unhandledPromptBehavior: dismiss and notify, webauthn:extension:credBlob: true, webauthn:extension:largeBlob: true, webauthn:extension:minPinLength: true, webauthn:extension:prf: true, webauthn:virtualAuthenticators: true}
Session ID: 6950dfb5ea688b9d421c63ed0aad19e2
org.openqa.selenium.InvalidSelectorException: invalid selector: An invalid or illegal selector was specified
  (Session info: chrome=132.0.6834.197)
For documentation on this error, please visit: https://www.selenium.dev/documentation/webdriver/troubleshooting/errors#invalid-selector-exception
Build info: version: '4.27.0', revision: 'd6e718d134'
System info: os.name: 'Windows 11', os.arch: 'amd64', os.version: '10.0', java.version: '21.0.3'
Driver info: org.openqa.selenium.chrome.ChromeDriver
Command: [6950dfb5ea688b9d421c63ed0aad19e2, findElement {using=css selector, value=//common-button[@btnclass='btn btn--accent' and @btntype='submit']//button[@type='submit']}]
Capabilities {acceptInsecureCerts: false, browserName: chrome, browserVersion: 132.0.6834.197, chrome: {chromedriverVersion: 132.0.6834.159 (2d77d3fc445..., userDataDir: C:\Users\INGRID~1.ZAD\AppDa...}, fedcm:accounts: true, goog:chromeOptions: {debuggerAddress: localhost:57354}, networkConnectionEnabled: false, pageLoadStrategy: normal, platformName: windows, proxy: Proxy(), se:cdp: ws://localhost:57354/devtoo..., se:cdpVersion: 132.0.6834.197, setWindowRect: true, strictFileInteractability: false, timeouts: {implicit: 0, pageLoad: 300000, script: 30000}, unhandledPromptBehavior: dismiss and notify, webauthn:extension:credBlob: true, webauthn:extension:largeBlob: true, webauthn:extension:minPinLength: true, webauthn:extension:prf: true, webauthn:virtualAuthenticators: true}
Session ID: 6950dfb5ea688b9d421c63ed0aad19e2
	at java.base/jdk.internal.reflect.DirectConstructorHandleAccessor.newInstance(DirectConstructorHandleAccessor.java:62)
	at java.base/java.lang.reflect.Constructor.newInstanceWithCaller(Constructor.java:502)
	at java.base/java.lang.reflect.Constructor.newInstance(Constructor.java:486)
	at org.openqa.selenium.remote.ErrorCodec.decode(ErrorCodec.java:167)
	at org.openqa.selenium.remote.codec.w3c.W3CHttpResponseCodec.decode(W3CHttpResponseCodec.java:138)
	at org.openqa.selenium.remote.codec.w3c.W3CHttpResponseCodec.decode(W3CHttpResponseCodec.java:50)
	at org.openqa.selenium.remote.HttpCommandExecutor.execute(HttpCommandExecutor.java:190)
	at org.openqa.selenium.remote.service.DriverCommandExecutor.invokeExecute(DriverCommandExecutor.java:216)
	at org.openqa.selenium.remote.service.DriverCommandExecutor.execute(DriverCommandExecutor.java:174)
	at org.openqa.selenium.remote.RemoteWebDriver.execute(RemoteWebDriver.java:545)
	at org.openqa.selenium.remote.ElementLocation$ElementFinder$2.findElement(ElementLocation.java:165)
	at org.openqa.selenium.remote.ElementLocation.findElement(ElementLocation.java:59)
	at org.openqa.selenium.remote.RemoteWebDriver.findElement(RemoteWebDriver.java:368)
	at org.openqa.selenium.remote.RemoteWebDriver.findElement(RemoteWebDriver.java:362)
	at org.openqa.selenium.support.pagefactory.DefaultElementLocator.findElement(DefaultElementLocator.java:68)
	at org.openqa.selenium.support.pagefactory.internal.LocatingElementHandler.invoke(LocatingElementHandler.java:38)
	at jdk.proxy2/jdk.proxy2.$Proxy14.click(Unknown Source)
	at lt.insoft.uztis.pages.EvaluationsPage.clickButtonConfirm(EvaluationsPage.java:133)
	at lt.insoft.uztis.tests.EvaluationsPageTest.testFillEvaluationOne(EvaluationsPageTest.java:157)
	at java.base/jdk.internal.reflect.DirectMethodHandleAccessor.invoke(DirectMethodHandleAccessor.java:103)
	at java.base/java.lang.reflect.Method.invoke(Method.java:580)
	at org.junit.platform.commons.util.ReflectionUtils.invokeMethod(ReflectionUtils.java:728)
	at org.junit.jupiter.engine.execution.MethodInvocation.proceed(MethodInvocation.java:60)
	at org.junit.jupiter.engine.execution.InvocationInterceptorChain$ValidatingInvocation.proceed(InvocationInterceptorChain.java:131)
	at org.junit.jupiter.engine.extension.TimeoutExtension.intercept(TimeoutExtension.java:156)
	at org.junit.jupiter.engine.extension.TimeoutExtension.interceptTestableMethod(TimeoutExtension.java:147)
	at org.junit.jupiter.engine.extension.TimeoutExtension.interceptTestMethod(TimeoutExtension.java:86)
	at org.junit.jupiter.engine.execution.InterceptingExecutableInvoker$ReflectiveInterceptorCall.lambda$ofVoidMethod$0(InterceptingExecutableInvoker.java:103)
	at org.junit.jupiter.engine.execution.InterceptingExecutableInvoker.lambda$invoke$0(InterceptingExecutableInvoker.java:93)
	at org.junit.jupiter.engine.execution.InvocationInterceptorChain$InterceptedInvocation.proceed(InvocationInterceptorChain.java:106)
	at org.junit.jupiter.engine.execution.InvocationInterceptorChain.proceed(InvocationInterceptorChain.java:64)
	at org.junit.jupiter.engine.execution.InvocationInterceptorChain.chainAndInvoke(InvocationInterceptorChain.java:45)
	at org.junit.jupiter.engine.execution.InvocationInterceptorChain.invoke(InvocationInterceptorChain.java:37)
	at org.junit.jupiter.engine.execution.InterceptingExecutableInvoker.invoke(InterceptingExecutableInvoker.java:92)
	at org.junit.jupiter.engine.execution.InterceptingExecutableInvoker.invoke(InterceptingExecutableInvoker.java:86)
	at org.junit.jupiter.engine.descriptor.TestMethodTestDescriptor.lambda$invokeTestMethod$7(TestMethodTestDescriptor.java:218)
	at org.junit.platform.engine.support.hierarchical.ThrowableCollector.execute(ThrowableCollector.java:73)
	at org.junit.jupiter.engine.descriptor.TestMethodTestDescriptor.invokeTestMethod(TestMethodTestDescriptor.java:214)
	at org.junit.jupiter.engine.descriptor.TestMethodTestDescriptor.execute(TestMethodTestDescriptor.java:139)
	at org.junit.jupiter.engine.descriptor.TestMethodTestDescriptor.execute(TestMethodTestDescriptor.java:69)
	at org.junit.platform.engine.support.hierarchical.NodeTestTask.lambda$executeRecursively$6(NodeTestTask.java:151)
	at org.junit.platform.engine.support.hierarchical.ThrowableCollector.execute(ThrowableCollector.java:73)
	at org.junit.platform.engine.support.hierarchical.NodeTestTask.lambda$executeRecursively$8(NodeTestTask.java:141)
	at org.junit.platform.engine.support.hierarchical.Node.around(Node.java:137)
	at org.junit.platform.engine.support.hierarchical.NodeTestTask.lambda$executeRecursively$9(NodeTestTask.java:139)
	at org.junit.platform.engine.support.hierarchical.ThrowableCollector.execute(ThrowableCollector.java:73)
	at org.junit.platform.engine.support.hierarchical.NodeTestTask.executeRecursively(NodeTestTask.java:138)
	at org.junit.platform.engine.support.hierarchical.NodeTestTask.execute(NodeTestTask.java:95)
	at java.base/java.util.ArrayList.forEach(ArrayList.java:1596)
	at org.junit.platform.engine.support.hierarchical.SameThreadHierarchicalTestExecutorService.invokeAll(SameThreadHierarchicalTestExecutorService.java:41)
	at org.junit.platform.engine.support.hierarchical.NodeTestTask.lambda$executeRecursively$6(NodeTestTask.java:155)
	at org.junit.platform.engine.support.hierarchical.ThrowableCollector.execute(ThrowableCollector.java:73)
	at org.junit.platform.engine.support.hierarchical.NodeTestTask.lambda$executeRecursively$8(NodeTestTask.java:141)
	at org.junit.platform.engine.support.hierarchical.Node.around(Node.java:137)
	at org.junit.platform.engine.support.hierarchical.NodeTestTask.lambda$executeRecursively$9(NodeTestTask.java:139)
	at org.junit.platform.engine.support.hierarchical.ThrowableCollector.execute(ThrowableCollector.java:73)
	at org.junit.platform.engine.support.hierarchical.NodeTestTask.executeRecursively(NodeTestTask.java:138)
	at org.junit.platform.engine.support.hierarchical.NodeTestTask.execute(NodeTestTask.java:95)
	at java.base/java.util.ArrayList.forEach(ArrayList.java:1596)
	at org.junit.platform.engine.support.hierarchical.SameThreadHierarchicalTestExecutorService.invokeAll(SameThreadHierarchicalTestExecutorService.java:41)
	at org.junit.platform.engine.support.hierarchical.NodeTestTask.lambda$executeRecursively$6(NodeTestTask.java:155)
	at org.junit.platform.engine.support.hierarchical.ThrowableCollector.execute(ThrowableCollector.java:73)
	at org.junit.platform.engine.support.hierarchical.NodeTestTask.lambda$executeRecursively$8(NodeTestTask.java:141)
	at org.junit.platform.engine.support.hierarchical.Node.around(Node.java:137)
	at org.junit.platform.engine.support.hierarchical.NodeTestTask.lambda$executeRecursively$9(NodeTestTask.java:139)
	at org.junit.platform.engine.support.hierarchical.ThrowableCollector.execute(ThrowableCollector.java:73)
	at org.junit.platform.engine.support.hierarchical.NodeTestTask.executeRecursively(NodeTestTask.java:138)
	at org.junit.platform.engine.support.hierarchical.NodeTestTask.execute(NodeTestTask.java:95)
	at org.junit.platform.engine.support.hierarchical.SameThreadHierarchicalTestExecutorService.submit(SameThreadHierarchicalTestExecutorService.java:35)
	at org.junit.platform.engine.support.hierarchical.HierarchicalTestExecutor.execute(HierarchicalTestExecutor.java:57)
	at org.junit.platform.engine.support.hierarchical.HierarchicalTestEngine.execute(HierarchicalTestEngine.java:54)
	at org.junit.platform.launcher.core.EngineExecutionOrchestrator.execute(EngineExecutionOrchestrator.java:198)
	at org.junit.platform.launcher.core.EngineExecutionOrchestrator.execute(EngineExecutionOrchestrator.java:169)
	at org.junit.platform.launcher.core.EngineExecutionOrchestrator.execute(EngineExecutionOrchestrator.java:93)
	at org.junit.platform.launcher.core.EngineExecutionOrchestrator.lambda$execute$0(EngineExecutionOrchestrator.java:58)
	at org.junit.platform.launcher.core.EngineExecutionOrchestrator.withInterceptedStreams(EngineExecutionOrchestrator.java:141)
	at org.junit.platform.launcher.core.EngineExecutionOrchestrator.execute(EngineExecutionOrchestrator.java:57)
	at org.junit.platform.launcher.core.DefaultLauncher.execute(DefaultLauncher.java:103)
	at org.junit.platform.launcher.core.DefaultLauncher.execute(DefaultLauncher.java:85)
	at org.junit.platform.launcher.core.DelegatingLauncher.execute(DelegatingLauncher.java:47)
	at org.junit.platform.launcher.core.SessionPerRequestLauncher.execute(SessionPerRequestLauncher.java:63)
	at com.intellij.junit5.JUnit5IdeaTestRunner.startRunnerWithArgs(JUnit5IdeaTestRunner.java:57)
	at com.intellij.rt.junit.IdeaTestRunner$Repeater$1.execute(IdeaTestRunner.java:38)
	at com.intellij.rt.execution.junit.TestsRepeater.repeat(TestsRepeater.java:11)
	at com.intellij.rt.junit.IdeaTestRunner$Repeater.startRunnerWithArgs(IdeaTestRunner.java:35)
	at com.intellij.rt.junit.JUnitStarter.prepareStreamsAndStart(JUnitStarter.java:232)
	at com.intellij.rt.junit.JUnitStarter.main(JUnitStarter.java:55)
2025-02-13 08:59:04 [main] INFO  l.insoft.uztis.tests.utils.TestUtils - Screenshot moved to C:\Users\ingrida.zadorozniene\Desktop\Asm\UZTIS\UZTIS_tests\test-output\screenshots\20250213\085904855_testFillEvaluationOne().png
2025-02-13 09:01:24 [main] INFO  lt.insoft.uztis.tests.UztisPageTest - Navigated to https://uztisdev.asseco.lt/home
2025-02-13 09:01:25 [main] INFO  l.i.uztis.tests.EvaluationsPageTest - Starting test:'testFillEvaluationOne'
2025-02-13 09:01:25 [main] INFO  l.i.uztis.tests.EvaluationsPageTest - Starting test:'testNavigateToEvaluationsPage'
2025-02-13 09:01:25 [main] DEBUG l.i.uztis.tests.EvaluationsPageTest - User logged in with test credentials
2025-02-13 09:01:25 [main] DEBUG l.i.uztis.tests.EvaluationsPageTest - Opened 'Application Processing' menu.
2025-02-13 09:01:26 [main] DEBUG l.i.uztis.tests.EvaluationsPageTest - Clicked on 'Evaluations' menu.
2025-02-13 09:01:26 [main] DEBUG l.i.uztis.tests.EvaluationsPageTest - Navigating to evaluations menu.
2025-02-13 09:01:26 [main] INFO  l.i.uztis.tests.EvaluationsPageTest - Test 'testNavigateToEvaluationsPage' completed successfully.
2025-02-13 09:01:26 [main] DEBUG l.i.uztis.tests.EvaluationsPageTest - Clicked on last evaluation.
2025-02-13 09:01:27 [main] DEBUG l.i.uztis.tests.EvaluationsPageTest - Clicked 'Edit'.
2025-02-13 09:01:30 [main] DEBUG l.i.uztis.tests.EvaluationsPageTest - Selected '1.1' radio button.
2025-02-13 09:01:32 [main] DEBUG l.i.uztis.tests.EvaluationsPageTest - Selected '1.2' radio button.
2025-02-13 09:01:35 [main] DEBUG l.i.uztis.tests.EvaluationsPageTest - Selected '1.3' radio button.
2025-02-13 09:01:37 [main] DEBUG l.i.uztis.tests.EvaluationsPageTest - Selected '1.4' radio button.
2025-02-13 09:01:39 [main] DEBUG l.i.uztis.tests.EvaluationsPageTest - Selected '1.5' radio button.
2025-02-13 09:01:40 [main] DEBUG l.i.uztis.tests.EvaluationsPageTest - Selected '2.1' radio button.
2025-02-13 09:01:40 [main] DEBUG l.i.uztis.tests.EvaluationsPageTest - Selected '3.1' radio button.
2025-02-13 09:01:41 [main] DEBUG l.i.uztis.tests.EvaluationsPageTest - Selected '4.2' radio button.
2025-02-13 09:01:42 [main] DEBUG l.i.uztis.tests.EvaluationsPageTest - Selected '5.1' radio button.
2025-02-13 09:01:43 [main] DEBUG l.i.uztis.tests.EvaluationsPageTest - Selected '5.2' radio button.
2025-02-13 09:01:44 [main] DEBUG l.i.uztis.tests.EvaluationsPageTest - Selected '6.1' radio button.
2025-02-13 09:01:45 [main] DEBUG l.i.uztis.tests.EvaluationsPageTest - Clicked on expansion panel 'Not Critical'.
2025-02-13 09:01:48 [main] DEBUG l.i.uztis.tests.EvaluationsPageTest - Selected '7' radio button.
2025-02-13 09:01:48 [main] DEBUG l.i.uztis.tests.EvaluationsPageTest - Selected '8_1' radio button.
2025-02-13 09:01:49 [main] DEBUG l.i.uztis.tests.EvaluationsPageTest - Selected '8_2' radio button.
2025-02-13 09:01:49 [main] DEBUG l.i.uztis.tests.EvaluationsPageTest - Selected '8_3' radio button.
2025-02-13 09:01:49 [main] DEBUG l.i.uztis.tests.EvaluationsPageTest - Selected '8_4' radio button.
2025-02-13 09:01:50 [main] DEBUG l.i.uztis.tests.EvaluationsPageTest - Selected '8_5' radio button.
2025-02-13 09:01:50 [main] DEBUG l.i.uztis.tests.EvaluationsPageTest - Selected '8_6' radio button.
2025-02-13 09:01:50 [main] DEBUG l.i.uztis.tests.EvaluationsPageTest - Selected '8_7' radio button.
2025-02-13 09:01:51 [main] DEBUG l.i.uztis.tests.EvaluationsPageTest - Selected '8_8' radio button.
2025-02-13 09:01:51 [main] DEBUG l.i.uztis.tests.EvaluationsPageTest - Selected '8_9' radio button.
2025-02-13 09:01:51 [main] DEBUG l.i.uztis.tests.EvaluationsPageTest - Selected '8_10' radio button.
2025-02-13 09:01:52 [main] DEBUG l.i.uztis.tests.EvaluationsPageTest - Selected '9' radio button.
2025-02-13 09:01:52 [main] DEBUG l.i.uztis.tests.EvaluationsPageTest - Selected '10.1' radio button.
2025-02-13 09:01:53 [main] DEBUG l.i.uztis.tests.EvaluationsPageTest - Selected '10.2' radio button.
2025-02-13 09:01:53 [main] DEBUG l.i.uztis.tests.EvaluationsPageTest - Selected '10.3' radio button.
2025-02-13 09:01:53 [main] DEBUG l.i.uztis.tests.EvaluationsPageTest - Clicked 'Confirm'.
2025-02-13 09:01:53 [main] INFO  l.i.uztis.tests.EvaluationsPageTest - Test 'testFillEvaluationOne' completed successfully.
2025-02-13 09:06:52 [main] INFO  lt.insoft.uztis.tests.UztisPageTest - Navigated to https://uztisdev.asseco.lt/home
2025-02-13 09:06:52 [main] INFO  l.i.uztis.tests.EvaluationsPageTest - Starting test:'testFillEvaluationOne'
2025-02-13 09:06:52 [main] INFO  l.i.uztis.tests.EvaluationsPageTest - Starting test:'testNavigateToEvaluationsPage'
2025-02-13 09:06:53 [main] DEBUG l.i.uztis.tests.EvaluationsPageTest - User logged in with test credentials
2025-02-13 09:06:53 [main] DEBUG l.i.uztis.tests.EvaluationsPageTest - Opened 'Application Processing' menu.
2025-02-13 09:06:53 [main] DEBUG l.i.uztis.tests.EvaluationsPageTest - Clicked on 'Evaluations' menu.
2025-02-13 09:06:53 [main] DEBUG l.i.uztis.tests.EvaluationsPageTest - Navigating to evaluations menu.
2025-02-13 09:06:53 [main] INFO  l.i.uztis.tests.EvaluationsPageTest - Test 'testNavigateToEvaluationsPage' completed successfully.
2025-02-13 09:06:53 [main] DEBUG l.i.uztis.tests.EvaluationsPageTest - Clicked on last evaluation.
2025-02-13 09:06:54 [main] DEBUG l.i.uztis.tests.EvaluationsPageTest - Clicked 'Edit'.
2025-02-13 09:06:57 [main] DEBUG l.i.uztis.tests.EvaluationsPageTest - Selected '1.1' radio button.
2025-02-13 09:07:00 [main] DEBUG l.i.uztis.tests.EvaluationsPageTest - Selected '1.2' radio button.
2025-02-13 09:07:02 [main] DEBUG l.i.uztis.tests.EvaluationsPageTest - Selected '1.3' radio button.
2025-02-13 09:07:05 [main] DEBUG l.i.uztis.tests.EvaluationsPageTest - Selected '1.4' radio button.
2025-02-13 09:07:06 [main] DEBUG l.i.uztis.tests.EvaluationsPageTest - Selected '1.5' radio button.
2025-02-13 09:07:07 [main] DEBUG l.i.uztis.tests.EvaluationsPageTest - Selected '2.1' radio button.
2025-02-13 09:07:07 [main] DEBUG l.i.uztis.tests.EvaluationsPageTest - Selected '3.1' radio button.
2025-02-13 09:07:09 [main] DEBUG l.i.uztis.tests.EvaluationsPageTest - Selected '4.2' radio button.
2025-02-13 09:07:09 [main] DEBUG l.i.uztis.tests.EvaluationsPageTest - Selected '5.1' radio button.
2025-02-13 09:07:11 [main] DEBUG l.i.uztis.tests.EvaluationsPageTest - Selected '5.2' radio button.
2025-02-13 09:07:11 [main] DEBUG l.i.uztis.tests.EvaluationsPageTest - Selected '6.1' radio button.
2025-02-13 09:07:12 [main] DEBUG l.i.uztis.tests.EvaluationsPageTest - Clicked on expansion panel 'Not Critical'.
2025-02-13 09:07:15 [main] DEBUG l.i.uztis.tests.EvaluationsPageTest - Selected '7' radio button.
2025-02-13 09:07:15 [main] DEBUG l.i.uztis.tests.EvaluationsPageTest - Selected '8_1' radio button.
2025-02-13 09:07:16 [main] DEBUG l.i.uztis.tests.EvaluationsPageTest - Selected '8_2' radio button.
2025-02-13 09:07:16 [main] DEBUG l.i.uztis.tests.EvaluationsPageTest - Selected '8_3' radio button.
2025-02-13 09:07:17 [main] DEBUG l.i.uztis.tests.EvaluationsPageTest - Selected '8_4' radio button.
2025-02-13 09:07:17 [main] DEBUG l.i.uztis.tests.EvaluationsPageTest - Selected '8_5' radio button.
2025-02-13 09:07:17 [main] DEBUG l.i.uztis.tests.EvaluationsPageTest - Selected '8_6' radio button.
2025-02-13 09:07:18 [main] DEBUG l.i.uztis.tests.EvaluationsPageTest - Selected '8_7' radio button.
2025-02-13 09:07:18 [main] DEBUG l.i.uztis.tests.EvaluationsPageTest - Selected '8_8' radio button.
2025-02-13 09:07:18 [main] DEBUG l.i.uztis.tests.EvaluationsPageTest - Selected '8_9' radio button.
2025-02-13 09:07:19 [main] DEBUG l.i.uztis.tests.EvaluationsPageTest - Selected '8_10' radio button.
2025-02-13 09:07:19 [main] DEBUG l.i.uztis.tests.EvaluationsPageTest - Selected '9' radio button.
2025-02-13 09:07:20 [main] DEBUG l.i.uztis.tests.EvaluationsPageTest - Selected '10.1' radio button.
2025-02-13 09:07:20 [main] DEBUG l.i.uztis.tests.EvaluationsPageTest - Selected '10.2' radio button.
2025-02-13 09:07:20 [main] DEBUG l.i.uztis.tests.EvaluationsPageTest - Selected '10.3' radio button.
2025-02-13 09:07:21 [main] DEBUG l.i.uztis.tests.EvaluationsPageTest - Clicked 'Confirm'.
2025-02-13 09:07:21 [main] INFO  l.i.uztis.tests.EvaluationsPageTest - Test 'testFillEvaluationOne' completed successfully.
2025-02-13 09:14:46 [main] INFO  lt.insoft.uztis.tests.UztisPageTest - Navigated to https://uztisdev.asseco.lt/home
2025-02-13 09:14:46 [main] INFO  l.i.uztis.tests.EvaluationsPageTest - Starting test:'testFillEvaluationOne'
2025-02-13 09:14:46 [main] INFO  l.i.uztis.tests.EvaluationsPageTest - Starting test:'testNavigateToEvaluationsPage'
2025-02-13 09:14:46 [main] DEBUG l.i.uztis.tests.EvaluationsPageTest - User logged in with test credentials
2025-02-13 09:14:47 [main] DEBUG l.i.uztis.tests.EvaluationsPageTest - Opened 'Application Processing' menu.
2025-02-13 09:14:47 [main] DEBUG l.i.uztis.tests.EvaluationsPageTest - Clicked on 'Evaluations' menu.
2025-02-13 09:14:47 [main] DEBUG l.i.uztis.tests.EvaluationsPageTest - Navigating to evaluations menu.
2025-02-13 09:14:47 [main] INFO  l.i.uztis.tests.EvaluationsPageTest - Test 'testNavigateToEvaluationsPage' completed successfully.
2025-02-13 09:14:47 [main] DEBUG l.i.uztis.tests.EvaluationsPageTest - Clicked on last evaluation.
2025-02-13 09:14:48 [main] DEBUG l.i.uztis.tests.EvaluationsPageTest - Clicked 'Edit'.
2025-02-13 09:14:51 [main] DEBUG l.i.uztis.tests.EvaluationsPageTest - Selected '1.1' radio button.
2025-02-13 09:14:54 [main] DEBUG l.i.uztis.tests.EvaluationsPageTest - Selected '1.2' radio button.
2025-02-13 09:14:56 [main] DEBUG l.i.uztis.tests.EvaluationsPageTest - Selected '1.3' radio button.
2025-02-13 09:14:59 [main] DEBUG l.i.uztis.tests.EvaluationsPageTest - Selected '1.4' radio button.
2025-02-13 09:15:00 [main] DEBUG l.i.uztis.tests.EvaluationsPageTest - Selected '1.5' radio button.
2025-02-13 09:15:01 [main] DEBUG l.i.uztis.tests.EvaluationsPageTest - Selected '2.1' radio button.
2025-02-13 09:15:02 [main] DEBUG l.i.uztis.tests.EvaluationsPageTest - Selected '3.1' radio button.
2025-02-13 09:15:03 [main] DEBUG l.i.uztis.tests.EvaluationsPageTest - Selected '4.2' radio button.
2025-02-13 09:15:04 [main] DEBUG l.i.uztis.tests.EvaluationsPageTest - Selected '5.1' radio button.
2025-02-13 09:15:05 [main] DEBUG l.i.uztis.tests.EvaluationsPageTest - Selected '5.2' radio button.
2025-02-13 09:15:06 [main] DEBUG l.i.uztis.tests.EvaluationsPageTest - Selected '6.1' radio button.
2025-02-13 09:15:07 [main] DEBUG l.i.uztis.tests.EvaluationsPageTest - Clicked on expansion panel 'Not Critical'.
2025-02-13 09:15:09 [main] DEBUG l.i.uztis.tests.EvaluationsPageTest - Selected '7' radio button.
2025-02-13 09:15:10 [main] DEBUG l.i.uztis.tests.EvaluationsPageTest - Selected '8_1' radio button.
2025-02-13 09:15:10 [main] DEBUG l.i.uztis.tests.EvaluationsPageTest - Selected '8_2' radio button.
2025-02-13 09:15:10 [main] DEBUG l.i.uztis.tests.EvaluationsPageTest - Selected '8_3' radio button.
2025-02-13 09:15:11 [main] DEBUG l.i.uztis.tests.EvaluationsPageTest - Selected '8_4' radio button.
2025-02-13 09:15:11 [main] DEBUG l.i.uztis.tests.EvaluationsPageTest - Selected '8_5' radio button.
2025-02-13 09:15:12 [main] DEBUG l.i.uztis.tests.EvaluationsPageTest - Selected '8_6' radio button.
2025-02-13 09:15:12 [main] DEBUG l.i.uztis.tests.EvaluationsPageTest - Selected '8_7' radio button.
2025-02-13 09:15:12 [main] DEBUG l.i.uztis.tests.EvaluationsPageTest - Selected '8_8' radio button.
2025-02-13 09:15:13 [main] DEBUG l.i.uztis.tests.EvaluationsPageTest - Selected '8_9' radio button.
2025-02-13 09:15:13 [main] DEBUG l.i.uztis.tests.EvaluationsPageTest - Selected '8_10' radio button.
2025-02-13 09:15:14 [main] DEBUG l.i.uztis.tests.EvaluationsPageTest - Selected '9' radio button.
2025-02-13 09:15:14 [main] DEBUG l.i.uztis.tests.EvaluationsPageTest - Selected '10.1' radio button.
2025-02-13 09:15:14 [main] DEBUG l.i.uztis.tests.EvaluationsPageTest - Selected '10.2' radio button.
2025-02-13 09:15:15 [main] DEBUG l.i.uztis.tests.EvaluationsPageTest - Selected '10.3' radio button.
2025-02-13 09:15:15 [main] DEBUG l.i.uztis.tests.EvaluationsPageTest - Clicked 'Confirm'.
2025-02-13 09:15:16 [main] ERROR l.i.uztis.tests.EvaluationsPageTest - Test 'testFillEvaluationOne' failed with error: element click intercepted: Element <button type="submit" class="btn btn--accent">...</button> is not clickable at point (996, 955). Other element would receive the click: <div class="cdk-overlay-backdrop cdk-overlay-dark-backdrop cdk-overlay-backdrop-showing"></div>
  (Session info: chrome=132.0.6834.197)
Build info: version: '4.27.0', revision: 'd6e718d134'
System info: os.name: 'Windows 11', os.arch: 'amd64', os.version: '10.0', java.version: '21.0.3'
Driver info: org.openqa.selenium.chrome.ChromeDriver
Command: [ed3cad10c4a8f25d95e08ab657a5d540, clickElement {id=f.EE304B547ABF2EEF6B3B943F671612D2.d.3913144DA19CC44503A473B49A95FAFC.e.350}]
Capabilities {acceptInsecureCerts: false, browserName: chrome, browserVersion: 132.0.6834.197, chrome: {chromedriverVersion: 132.0.6834.159 (2d77d3fc445..., userDataDir: C:\Users\INGRID~1.ZAD\AppDa...}, fedcm:accounts: true, goog:chromeOptions: {debuggerAddress: localhost:57993}, networkConnectionEnabled: false, pageLoadStrategy: normal, platformName: windows, proxy: Proxy(), se:cdp: ws://localhost:57993/devtoo..., se:cdpVersion: 132.0.6834.197, setWindowRect: true, strictFileInteractability: false, timeouts: {implicit: 0, pageLoad: 300000, script: 30000}, unhandledPromptBehavior: dismiss and notify, webauthn:extension:credBlob: true, webauthn:extension:largeBlob: true, webauthn:extension:minPinLength: true, webauthn:extension:prf: true, webauthn:virtualAuthenticators: true}
Element: [[ChromeDriver: chrome on windows (ed3cad10c4a8f25d95e08ab657a5d540)] -> xpath: //button[text()='Tvirtinti vertinimą']]
Session ID: ed3cad10c4a8f25d95e08ab657a5d540
org.openqa.selenium.ElementClickInterceptedException: element click intercepted: Element <button type="submit" class="btn btn--accent">...</button> is not clickable at point (996, 955). Other element would receive the click: <div class="cdk-overlay-backdrop cdk-overlay-dark-backdrop cdk-overlay-backdrop-showing"></div>
  (Session info: chrome=132.0.6834.197)
Build info: version: '4.27.0', revision: 'd6e718d134'
System info: os.name: 'Windows 11', os.arch: 'amd64', os.version: '10.0', java.version: '21.0.3'
Driver info: org.openqa.selenium.chrome.ChromeDriver
Command: [ed3cad10c4a8f25d95e08ab657a5d540, clickElement {id=f.EE304B547ABF2EEF6B3B943F671612D2.d.3913144DA19CC44503A473B49A95FAFC.e.350}]
Capabilities {acceptInsecureCerts: false, browserName: chrome, browserVersion: 132.0.6834.197, chrome: {chromedriverVersion: 132.0.6834.159 (2d77d3fc445..., userDataDir: C:\Users\INGRID~1.ZAD\AppDa...}, fedcm:accounts: true, goog:chromeOptions: {debuggerAddress: localhost:57993}, networkConnectionEnabled: false, pageLoadStrategy: normal, platformName: windows, proxy: Proxy(), se:cdp: ws://localhost:57993/devtoo..., se:cdpVersion: 132.0.6834.197, setWindowRect: true, strictFileInteractability: false, timeouts: {implicit: 0, pageLoad: 300000, script: 30000}, unhandledPromptBehavior: dismiss and notify, webauthn:extension:credBlob: true, webauthn:extension:largeBlob: true, webauthn:extension:minPinLength: true, webauthn:extension:prf: true, webauthn:virtualAuthenticators: true}
Element: [[ChromeDriver: chrome on windows (ed3cad10c4a8f25d95e08ab657a5d540)] -> xpath: //button[text()='Tvirtinti vertinimą']]
Session ID: ed3cad10c4a8f25d95e08ab657a5d540
	at java.base/jdk.internal.reflect.DirectConstructorHandleAccessor.newInstance(DirectConstructorHandleAccessor.java:62)
	at java.base/java.lang.reflect.Constructor.newInstanceWithCaller(Constructor.java:502)
	at java.base/java.lang.reflect.Constructor.newInstance(Constructor.java:486)
	at org.openqa.selenium.remote.ErrorCodec.decode(ErrorCodec.java:167)
	at org.openqa.selenium.remote.codec.w3c.W3CHttpResponseCodec.decode(W3CHttpResponseCodec.java:138)
	at org.openqa.selenium.remote.codec.w3c.W3CHttpResponseCodec.decode(W3CHttpResponseCodec.java:50)
	at org.openqa.selenium.remote.HttpCommandExecutor.execute(HttpCommandExecutor.java:190)
	at org.openqa.selenium.remote.service.DriverCommandExecutor.invokeExecute(DriverCommandExecutor.java:216)
	at org.openqa.selenium.remote.service.DriverCommandExecutor.execute(DriverCommandExecutor.java:174)
	at org.openqa.selenium.remote.RemoteWebDriver.execute(RemoteWebDriver.java:545)
	at org.openqa.selenium.remote.RemoteWebElement.execute(RemoteWebElement.java:223)
	at org.openqa.selenium.remote.RemoteWebElement.click(RemoteWebElement.java:76)
	at java.base/jdk.internal.reflect.DirectMethodHandleAccessor.invoke(DirectMethodHandleAccessor.java:103)
	at java.base/java.lang.reflect.Method.invoke(Method.java:580)
	at org.openqa.selenium.support.pagefactory.internal.LocatingElementHandler.invoke(LocatingElementHandler.java:51)
	at jdk.proxy2/jdk.proxy2.$Proxy14.click(Unknown Source)
	at lt.insoft.uztis.pages.EvaluationsPage.clickButtonConfirm(EvaluationsPage.java:134)
	at lt.insoft.uztis.tests.EvaluationsPageTest.testFillEvaluationOne(EvaluationsPageTest.java:160)
	at java.base/jdk.internal.reflect.DirectMethodHandleAccessor.invoke(DirectMethodHandleAccessor.java:103)
	at java.base/java.lang.reflect.Method.invoke(Method.java:580)
	at org.junit.platform.commons.util.ReflectionUtils.invokeMethod(ReflectionUtils.java:728)
	at org.junit.jupiter.engine.execution.MethodInvocation.proceed(MethodInvocation.java:60)
	at org.junit.jupiter.engine.execution.InvocationInterceptorChain$ValidatingInvocation.proceed(InvocationInterceptorChain.java:131)
	at org.junit.jupiter.engine.extension.TimeoutExtension.intercept(TimeoutExtension.java:156)
	at org.junit.jupiter.engine.extension.TimeoutExtension.interceptTestableMethod(TimeoutExtension.java:147)
	at org.junit.jupiter.engine.extension.TimeoutExtension.interceptTestMethod(TimeoutExtension.java:86)
	at org.junit.jupiter.engine.execution.InterceptingExecutableInvoker$ReflectiveInterceptorCall.lambda$ofVoidMethod$0(InterceptingExecutableInvoker.java:103)
	at org.junit.jupiter.engine.execution.InterceptingExecutableInvoker.lambda$invoke$0(InterceptingExecutableInvoker.java:93)
	at org.junit.jupiter.engine.execution.InvocationInterceptorChain$InterceptedInvocation.proceed(InvocationInterceptorChain.java:106)
	at org.junit.jupiter.engine.execution.InvocationInterceptorChain.proceed(InvocationInterceptorChain.java:64)
	at org.junit.jupiter.engine.execution.InvocationInterceptorChain.chainAndInvoke(InvocationInterceptorChain.java:45)
	at org.junit.jupiter.engine.execution.InvocationInterceptorChain.invoke(InvocationInterceptorChain.java:37)
	at org.junit.jupiter.engine.execution.InterceptingExecutableInvoker.invoke(InterceptingExecutableInvoker.java:92)
	at org.junit.jupiter.engine.execution.InterceptingExecutableInvoker.invoke(InterceptingExecutableInvoker.java:86)
	at org.junit.jupiter.engine.descriptor.TestMethodTestDescriptor.lambda$invokeTestMethod$7(TestMethodTestDescriptor.java:218)
	at org.junit.platform.engine.support.hierarchical.ThrowableCollector.execute(ThrowableCollector.java:73)
	at org.junit.jupiter.engine.descriptor.TestMethodTestDescriptor.invokeTestMethod(TestMethodTestDescriptor.java:214)
	at org.junit.jupiter.engine.descriptor.TestMethodTestDescriptor.execute(TestMethodTestDescriptor.java:139)
	at org.junit.jupiter.engine.descriptor.TestMethodTestDescriptor.execute(TestMethodTestDescriptor.java:69)
	at org.junit.platform.engine.support.hierarchical.NodeTestTask.lambda$executeRecursively$6(NodeTestTask.java:151)
	at org.junit.platform.engine.support.hierarchical.ThrowableCollector.execute(ThrowableCollector.java:73)
	at org.junit.platform.engine.support.hierarchical.NodeTestTask.lambda$executeRecursively$8(NodeTestTask.java:141)
	at org.junit.platform.engine.support.hierarchical.Node.around(Node.java:137)
	at org.junit.platform.engine.support.hierarchical.NodeTestTask.lambda$executeRecursively$9(NodeTestTask.java:139)
	at org.junit.platform.engine.support.hierarchical.ThrowableCollector.execute(ThrowableCollector.java:73)
	at org.junit.platform.engine.support.hierarchical.NodeTestTask.executeRecursively(NodeTestTask.java:138)
	at org.junit.platform.engine.support.hierarchical.NodeTestTask.execute(NodeTestTask.java:95)
	at java.base/java.util.ArrayList.forEach(ArrayList.java:1596)
	at org.junit.platform.engine.support.hierarchical.SameThreadHierarchicalTestExecutorService.invokeAll(SameThreadHierarchicalTestExecutorService.java:41)
	at org.junit.platform.engine.support.hierarchical.NodeTestTask.lambda$executeRecursively$6(NodeTestTask.java:155)
	at org.junit.platform.engine.support.hierarchical.ThrowableCollector.execute(ThrowableCollector.java:73)
	at org.junit.platform.engine.support.hierarchical.NodeTestTask.lambda$executeRecursively$8(NodeTestTask.java:141)
	at org.junit.platform.engine.support.hierarchical.Node.around(Node.java:137)
	at org.junit.platform.engine.support.hierarchical.NodeTestTask.lambda$executeRecursively$9(NodeTestTask.java:139)
	at org.junit.platform.engine.support.hierarchical.ThrowableCollector.execute(ThrowableCollector.java:73)
	at org.junit.platform.engine.support.hierarchical.NodeTestTask.executeRecursively(NodeTestTask.java:138)
	at org.junit.platform.engine.support.hierarchical.NodeTestTask.execute(NodeTestTask.java:95)
	at java.base/java.util.ArrayList.forEach(ArrayList.java:1596)
	at org.junit.platform.engine.support.hierarchical.SameThreadHierarchicalTestExecutorService.invokeAll(SameThreadHierarchicalTestExecutorService.java:41)
	at org.junit.platform.engine.support.hierarchical.NodeTestTask.lambda$executeRecursively$6(NodeTestTask.java:155)
	at org.junit.platform.engine.support.hierarchical.ThrowableCollector.execute(ThrowableCollector.java:73)
	at org.junit.platform.engine.support.hierarchical.NodeTestTask.lambda$executeRecursively$8(NodeTestTask.java:141)
	at org.junit.platform.engine.support.hierarchical.Node.around(Node.java:137)
	at org.junit.platform.engine.support.hierarchical.NodeTestTask.lambda$executeRecursively$9(NodeTestTask.java:139)
	at org.junit.platform.engine.support.hierarchical.ThrowableCollector.execute(ThrowableCollector.java:73)
	at org.junit.platform.engine.support.hierarchical.NodeTestTask.executeRecursively(NodeTestTask.java:138)
	at org.junit.platform.engine.support.hierarchical.NodeTestTask.execute(NodeTestTask.java:95)
	at org.junit.platform.engine.support.hierarchical.SameThreadHierarchicalTestExecutorService.submit(SameThreadHierarchicalTestExecutorService.java:35)
	at org.junit.platform.engine.support.hierarchical.HierarchicalTestExecutor.execute(HierarchicalTestExecutor.java:57)
	at org.junit.platform.engine.support.hierarchical.HierarchicalTestEngine.execute(HierarchicalTestEngine.java:54)
	at org.junit.platform.launcher.core.EngineExecutionOrchestrator.execute(EngineExecutionOrchestrator.java:198)
	at org.junit.platform.launcher.core.EngineExecutionOrchestrator.execute(EngineExecutionOrchestrator.java:169)
	at org.junit.platform.launcher.core.EngineExecutionOrchestrator.execute(EngineExecutionOrchestrator.java:93)
	at org.junit.platform.launcher.core.EngineExecutionOrchestrator.lambda$execute$0(EngineExecutionOrchestrator.java:58)
	at org.junit.platform.launcher.core.EngineExecutionOrchestrator.withInterceptedStreams(EngineExecutionOrchestrator.java:141)
	at org.junit.platform.launcher.core.EngineExecutionOrchestrator.execute(EngineExecutionOrchestrator.java:57)
	at org.junit.platform.launcher.core.DefaultLauncher.execute(DefaultLauncher.java:103)
	at org.junit.platform.launcher.core.DefaultLauncher.execute(DefaultLauncher.java:85)
	at org.junit.platform.launcher.core.DelegatingLauncher.execute(DelegatingLauncher.java:47)
	at org.junit.platform.launcher.core.SessionPerRequestLauncher.execute(SessionPerRequestLauncher.java:63)
	at com.intellij.junit5.JUnit5IdeaTestRunner.startRunnerWithArgs(JUnit5IdeaTestRunner.java:57)
	at com.intellij.rt.junit.IdeaTestRunner$Repeater$1.execute(IdeaTestRunner.java:38)
	at com.intellij.rt.execution.junit.TestsRepeater.repeat(TestsRepeater.java:11)
	at com.intellij.rt.junit.IdeaTestRunner$Repeater.startRunnerWithArgs(IdeaTestRunner.java:35)
	at com.intellij.rt.junit.JUnitStarter.prepareStreamsAndStart(JUnitStarter.java:232)
	at com.intellij.rt.junit.JUnitStarter.main(JUnitStarter.java:55)
2025-02-13 09:15:16 [main] INFO  l.insoft.uztis.tests.utils.TestUtils - Screenshot moved to C:\Users\ingrida.zadorozniene\Desktop\Asm\UZTIS\UZTIS_tests\test-output\screenshots\20250213\091516762_testFillEvaluationOne().png
2025-02-13 09:19:07 [main] INFO  lt.insoft.uztis.tests.UztisPageTest - Navigated to https://uztisdev.asseco.lt/home
2025-02-13 09:19:07 [main] INFO  l.i.uztis.tests.EvaluationsPageTest - Starting test:'testFillEvaluationOne'
2025-02-13 09:19:07 [main] INFO  l.i.uztis.tests.EvaluationsPageTest - Starting test:'testNavigateToEvaluationsPage'
2025-02-13 09:19:08 [main] DEBUG l.i.uztis.tests.EvaluationsPageTest - User logged in with test credentials
2025-02-13 09:19:08 [main] DEBUG l.i.uztis.tests.EvaluationsPageTest - Opened 'Application Processing' menu.
2025-02-13 09:19:08 [main] DEBUG l.i.uztis.tests.EvaluationsPageTest - Clicked on 'Evaluations' menu.
2025-02-13 09:19:08 [main] DEBUG l.i.uztis.tests.EvaluationsPageTest - Navigating to evaluations menu.
2025-02-13 09:19:08 [main] INFO  l.i.uztis.tests.EvaluationsPageTest - Test 'testNavigateToEvaluationsPage' completed successfully.
2025-02-13 09:19:10 [main] DEBUG l.i.uztis.tests.EvaluationsPageTest - Clicked on last evaluation.
2025-02-13 09:19:11 [main] DEBUG l.i.uztis.tests.EvaluationsPageTest - Clicked 'Edit'.
2025-02-13 09:19:14 [main] DEBUG l.i.uztis.tests.EvaluationsPageTest - Selected '1.1' radio button.
2025-02-13 09:19:17 [main] DEBUG l.i.uztis.tests.EvaluationsPageTest - Selected '1.2' radio button.
2025-02-13 09:19:19 [main] DEBUG l.i.uztis.tests.EvaluationsPageTest - Selected '1.3' radio button.
2025-02-13 09:19:21 [main] DEBUG l.i.uztis.tests.EvaluationsPageTest - Selected '1.4' radio button.
2025-02-13 09:19:22 [main] DEBUG l.i.uztis.tests.EvaluationsPageTest - Selected '1.5' radio button.
2025-02-13 09:19:23 [main] DEBUG l.i.uztis.tests.EvaluationsPageTest - Selected '2.1' radio button.
2025-02-13 09:19:24 [main] DEBUG l.i.uztis.tests.EvaluationsPageTest - Selected '3.1' radio button.
2025-02-13 09:19:25 [main] DEBUG l.i.uztis.tests.EvaluationsPageTest - Selected '4.2' radio button.
2025-02-13 09:19:26 [main] DEBUG l.i.uztis.tests.EvaluationsPageTest - Selected '5.1' radio button.
2025-02-13 09:19:27 [main] DEBUG l.i.uztis.tests.EvaluationsPageTest - Selected '5.2' radio button.
2025-02-13 09:19:28 [main] DEBUG l.i.uztis.tests.EvaluationsPageTest - Selected '6.1' radio button.
2025-02-13 09:19:29 [main] DEBUG l.i.uztis.tests.EvaluationsPageTest - Clicked on expansion panel 'Not Critical'.
2025-02-13 09:19:32 [main] DEBUG l.i.uztis.tests.EvaluationsPageTest - Selected '7' radio button.
2025-02-13 09:19:32 [main] DEBUG l.i.uztis.tests.EvaluationsPageTest - Selected '8_1' radio button.
2025-02-13 09:19:33 [main] DEBUG l.i.uztis.tests.EvaluationsPageTest - Selected '8_2' radio button.
2025-02-13 09:19:33 [main] DEBUG l.i.uztis.tests.EvaluationsPageTest - Selected '8_3' radio button.
2025-02-13 09:19:34 [main] DEBUG l.i.uztis.tests.EvaluationsPageTest - Selected '8_4' radio button.
2025-02-13 09:19:34 [main] DEBUG l.i.uztis.tests.EvaluationsPageTest - Selected '8_5' radio button.
2025-02-13 09:19:34 [main] DEBUG l.i.uztis.tests.EvaluationsPageTest - Selected '8_6' radio button.
2025-02-13 09:19:35 [main] DEBUG l.i.uztis.tests.EvaluationsPageTest - Selected '8_7' radio button.
2025-02-13 09:19:35 [main] DEBUG l.i.uztis.tests.EvaluationsPageTest - Selected '8_8' radio button.
2025-02-13 09:19:36 [main] DEBUG l.i.uztis.tests.EvaluationsPageTest - Selected '8_9' radio button.
2025-02-13 09:19:36 [main] DEBUG l.i.uztis.tests.EvaluationsPageTest - Selected '8_10' radio button.
2025-02-13 09:19:36 [main] DEBUG l.i.uztis.tests.EvaluationsPageTest - Selected '9' radio button.
2025-02-13 09:19:37 [main] DEBUG l.i.uztis.tests.EvaluationsPageTest - Selected '10.1' radio button.
2025-02-13 09:19:37 [main] DEBUG l.i.uztis.tests.EvaluationsPageTest - Selected '10.2' radio button.
2025-02-13 09:19:37 [main] DEBUG l.i.uztis.tests.EvaluationsPageTest - Selected '10.3' radio button.
2025-02-13 09:19:38 [main] DEBUG l.i.uztis.tests.EvaluationsPageTest - Clicked 'Confirm'.
2025-02-13 09:19:39 [main] ERROR l.i.uztis.tests.EvaluationsPageTest - Test 'testFillEvaluationOne' failed with error: element click intercepted: Element <button type="submit" class="btn btn--accent">...</button> is not clickable at point (996, 955). Other element would receive the click: <div class="cdk-overlay-backdrop cdk-overlay-dark-backdrop cdk-overlay-backdrop-showing"></div>
  (Session info: chrome=132.0.6834.197)
Build info: version: '4.27.0', revision: 'd6e718d134'
System info: os.name: 'Windows 11', os.arch: 'amd64', os.version: '10.0', java.version: '21.0.3'
Driver info: org.openqa.selenium.chrome.ChromeDriver
Command: [55629b1234c86e9139cc2da15ef11e46, clickElement {id=f.BFD6E153F4750C3BCA4585AB21B8F2DB.d.25EC34EF8C984F91417552C908B3BC80.e.350}]
Capabilities {acceptInsecureCerts: false, browserName: chrome, browserVersion: 132.0.6834.197, chrome: {chromedriverVersion: 132.0.6834.159 (2d77d3fc445..., userDataDir: C:\Users\INGRID~1.ZAD\AppDa...}, fedcm:accounts: true, goog:chromeOptions: {debuggerAddress: localhost:58163}, networkConnectionEnabled: false, pageLoadStrategy: normal, platformName: windows, proxy: Proxy(), se:cdp: ws://localhost:58163/devtoo..., se:cdpVersion: 132.0.6834.197, setWindowRect: true, strictFileInteractability: false, timeouts: {implicit: 0, pageLoad: 300000, script: 30000}, unhandledPromptBehavior: dismiss and notify, webauthn:extension:credBlob: true, webauthn:extension:largeBlob: true, webauthn:extension:minPinLength: true, webauthn:extension:prf: true, webauthn:virtualAuthenticators: true}
Element: [[ChromeDriver: chrome on windows (55629b1234c86e9139cc2da15ef11e46)] -> xpath: //button[text()='Tvirtinti vertinimą']]
Session ID: 55629b1234c86e9139cc2da15ef11e46
org.openqa.selenium.ElementClickInterceptedException: element click intercepted: Element <button type="submit" class="btn btn--accent">...</button> is not clickable at point (996, 955). Other element would receive the click: <div class="cdk-overlay-backdrop cdk-overlay-dark-backdrop cdk-overlay-backdrop-showing"></div>
  (Session info: chrome=132.0.6834.197)
Build info: version: '4.27.0', revision: 'd6e718d134'
System info: os.name: 'Windows 11', os.arch: 'amd64', os.version: '10.0', java.version: '21.0.3'
Driver info: org.openqa.selenium.chrome.ChromeDriver
Command: [55629b1234c86e9139cc2da15ef11e46, clickElement {id=f.BFD6E153F4750C3BCA4585AB21B8F2DB.d.25EC34EF8C984F91417552C908B3BC80.e.350}]
Capabilities {acceptInsecureCerts: false, browserName: chrome, browserVersion: 132.0.6834.197, chrome: {chromedriverVersion: 132.0.6834.159 (2d77d3fc445..., userDataDir: C:\Users\INGRID~1.ZAD\AppDa...}, fedcm:accounts: true, goog:chromeOptions: {debuggerAddress: localhost:58163}, networkConnectionEnabled: false, pageLoadStrategy: normal, platformName: windows, proxy: Proxy(), se:cdp: ws://localhost:58163/devtoo..., se:cdpVersion: 132.0.6834.197, setWindowRect: true, strictFileInteractability: false, timeouts: {implicit: 0, pageLoad: 300000, script: 30000}, unhandledPromptBehavior: dismiss and notify, webauthn:extension:credBlob: true, webauthn:extension:largeBlob: true, webauthn:extension:minPinLength: true, webauthn:extension:prf: true, webauthn:virtualAuthenticators: true}
Element: [[ChromeDriver: chrome on windows (55629b1234c86e9139cc2da15ef11e46)] -> xpath: //button[text()='Tvirtinti vertinimą']]
Session ID: 55629b1234c86e9139cc2da15ef11e46
	at java.base/jdk.internal.reflect.DirectConstructorHandleAccessor.newInstance(DirectConstructorHandleAccessor.java:62)
	at java.base/java.lang.reflect.Constructor.newInstanceWithCaller(Constructor.java:502)
	at java.base/java.lang.reflect.Constructor.newInstance(Constructor.java:486)
	at org.openqa.selenium.remote.ErrorCodec.decode(ErrorCodec.java:167)
	at org.openqa.selenium.remote.codec.w3c.W3CHttpResponseCodec.decode(W3CHttpResponseCodec.java:138)
	at org.openqa.selenium.remote.codec.w3c.W3CHttpResponseCodec.decode(W3CHttpResponseCodec.java:50)
	at org.openqa.selenium.remote.HttpCommandExecutor.execute(HttpCommandExecutor.java:190)
	at org.openqa.selenium.remote.service.DriverCommandExecutor.invokeExecute(DriverCommandExecutor.java:216)
	at org.openqa.selenium.remote.service.DriverCommandExecutor.execute(DriverCommandExecutor.java:174)
	at org.openqa.selenium.remote.RemoteWebDriver.execute(RemoteWebDriver.java:545)
	at org.openqa.selenium.remote.RemoteWebElement.execute(RemoteWebElement.java:223)
	at org.openqa.selenium.remote.RemoteWebElement.click(RemoteWebElement.java:76)
	at java.base/jdk.internal.reflect.DirectMethodHandleAccessor.invoke(DirectMethodHandleAccessor.java:103)
	at java.base/java.lang.reflect.Method.invoke(Method.java:580)
	at org.openqa.selenium.support.pagefactory.internal.LocatingElementHandler.invoke(LocatingElementHandler.java:51)
	at jdk.proxy2/jdk.proxy2.$Proxy14.click(Unknown Source)
	at lt.insoft.uztis.pages.EvaluationsPage.clickButtonConfirm(EvaluationsPage.java:137)
	at lt.insoft.uztis.tests.EvaluationsPageTest.testFillEvaluationOne(EvaluationsPageTest.java:160)
	at java.base/jdk.internal.reflect.DirectMethodHandleAccessor.invoke(DirectMethodHandleAccessor.java:103)
	at java.base/java.lang.reflect.Method.invoke(Method.java:580)
	at org.junit.platform.commons.util.ReflectionUtils.invokeMethod(ReflectionUtils.java:728)
	at org.junit.jupiter.engine.execution.MethodInvocation.proceed(MethodInvocation.java:60)
	at org.junit.jupiter.engine.execution.InvocationInterceptorChain$ValidatingInvocation.proceed(InvocationInterceptorChain.java:131)
	at org.junit.jupiter.engine.extension.TimeoutExtension.intercept(TimeoutExtension.java:156)
	at org.junit.jupiter.engine.extension.TimeoutExtension.interceptTestableMethod(TimeoutExtension.java:147)
	at org.junit.jupiter.engine.extension.TimeoutExtension.interceptTestMethod(TimeoutExtension.java:86)
	at org.junit.jupiter.engine.execution.InterceptingExecutableInvoker$ReflectiveInterceptorCall.lambda$ofVoidMethod$0(InterceptingExecutableInvoker.java:103)
	at org.junit.jupiter.engine.execution.InterceptingExecutableInvoker.lambda$invoke$0(InterceptingExecutableInvoker.java:93)
	at org.junit.jupiter.engine.execution.InvocationInterceptorChain$InterceptedInvocation.proceed(InvocationInterceptorChain.java:106)
	at org.junit.jupiter.engine.execution.InvocationInterceptorChain.proceed(InvocationInterceptorChain.java:64)
	at org.junit.jupiter.engine.execution.InvocationInterceptorChain.chainAndInvoke(InvocationInterceptorChain.java:45)
	at org.junit.jupiter.engine.execution.InvocationInterceptorChain.invoke(InvocationInterceptorChain.java:37)
	at org.junit.jupiter.engine.execution.InterceptingExecutableInvoker.invoke(InterceptingExecutableInvoker.java:92)
	at org.junit.jupiter.engine.execution.InterceptingExecutableInvoker.invoke(InterceptingExecutableInvoker.java:86)
	at org.junit.jupiter.engine.descriptor.TestMethodTestDescriptor.lambda$invokeTestMethod$7(TestMethodTestDescriptor.java:218)
	at org.junit.platform.engine.support.hierarchical.ThrowableCollector.execute(ThrowableCollector.java:73)
	at org.junit.jupiter.engine.descriptor.TestMethodTestDescriptor.invokeTestMethod(TestMethodTestDescriptor.java:214)
	at org.junit.jupiter.engine.descriptor.TestMethodTestDescriptor.execute(TestMethodTestDescriptor.java:139)
	at org.junit.jupiter.engine.descriptor.TestMethodTestDescriptor.execute(TestMethodTestDescriptor.java:69)
	at org.junit.platform.engine.support.hierarchical.NodeTestTask.lambda$executeRecursively$6(NodeTestTask.java:151)
	at org.junit.platform.engine.support.hierarchical.ThrowableCollector.execute(ThrowableCollector.java:73)
	at org.junit.platform.engine.support.hierarchical.NodeTestTask.lambda$executeRecursively$8(NodeTestTask.java:141)
	at org.junit.platform.engine.support.hierarchical.Node.around(Node.java:137)
	at org.junit.platform.engine.support.hierarchical.NodeTestTask.lambda$executeRecursively$9(NodeTestTask.java:139)
	at org.junit.platform.engine.support.hierarchical.ThrowableCollector.execute(ThrowableCollector.java:73)
	at org.junit.platform.engine.support.hierarchical.NodeTestTask.executeRecursively(NodeTestTask.java:138)
	at org.junit.platform.engine.support.hierarchical.NodeTestTask.execute(NodeTestTask.java:95)
	at java.base/java.util.ArrayList.forEach(ArrayList.java:1596)
	at org.junit.platform.engine.support.hierarchical.SameThreadHierarchicalTestExecutorService.invokeAll(SameThreadHierarchicalTestExecutorService.java:41)
	at org.junit.platform.engine.support.hierarchical.NodeTestTask.lambda$executeRecursively$6(NodeTestTask.java:155)
	at org.junit.platform.engine.support.hierarchical.ThrowableCollector.execute(ThrowableCollector.java:73)
	at org.junit.platform.engine.support.hierarchical.NodeTestTask.lambda$executeRecursively$8(NodeTestTask.java:141)
	at org.junit.platform.engine.support.hierarchical.Node.around(Node.java:137)
	at org.junit.platform.engine.support.hierarchical.NodeTestTask.lambda$executeRecursively$9(NodeTestTask.java:139)
	at org.junit.platform.engine.support.hierarchical.ThrowableCollector.execute(ThrowableCollector.java:73)
	at org.junit.platform.engine.support.hierarchical.NodeTestTask.executeRecursively(NodeTestTask.java:138)
	at org.junit.platform.engine.support.hierarchical.NodeTestTask.execute(NodeTestTask.java:95)
	at java.base/java.util.ArrayList.forEach(ArrayList.java:1596)
	at org.junit.platform.engine.support.hierarchical.SameThreadHierarchicalTestExecutorService.invokeAll(SameThreadHierarchicalTestExecutorService.java:41)
	at org.junit.platform.engine.support.hierarchical.NodeTestTask.lambda$executeRecursively$6(NodeTestTask.java:155)
	at org.junit.platform.engine.support.hierarchical.ThrowableCollector.execute(ThrowableCollector.java:73)
	at org.junit.platform.engine.support.hierarchical.NodeTestTask.lambda$executeRecursively$8(NodeTestTask.java:141)
	at org.junit.platform.engine.support.hierarchical.Node.around(Node.java:137)
	at org.junit.platform.engine.support.hierarchical.NodeTestTask.lambda$executeRecursively$9(NodeTestTask.java:139)
	at org.junit.platform.engine.support.hierarchical.ThrowableCollector.execute(ThrowableCollector.java:73)
	at org.junit.platform.engine.support.hierarchical.NodeTestTask.executeRecursively(NodeTestTask.java:138)
	at org.junit.platform.engine.support.hierarchical.NodeTestTask.execute(NodeTestTask.java:95)
	at org.junit.platform.engine.support.hierarchical.SameThreadHierarchicalTestExecutorService.submit(SameThreadHierarchicalTestExecutorService.java:35)
	at org.junit.platform.engine.support.hierarchical.HierarchicalTestExecutor.execute(HierarchicalTestExecutor.java:57)
	at org.junit.platform.engine.support.hierarchical.HierarchicalTestEngine.execute(HierarchicalTestEngine.java:54)
	at org.junit.platform.launcher.core.EngineExecutionOrchestrator.execute(EngineExecutionOrchestrator.java:198)
	at org.junit.platform.launcher.core.EngineExecutionOrchestrator.execute(EngineExecutionOrchestrator.java:169)
	at org.junit.platform.launcher.core.EngineExecutionOrchestrator.execute(EngineExecutionOrchestrator.java:93)
	at org.junit.platform.launcher.core.EngineExecutionOrchestrator.lambda$execute$0(EngineExecutionOrchestrator.java:58)
	at org.junit.platform.launcher.core.EngineExecutionOrchestrator.withInterceptedStreams(EngineExecutionOrchestrator.java:141)
	at org.junit.platform.launcher.core.EngineExecutionOrchestrator.execute(EngineExecutionOrchestrator.java:57)
	at org.junit.platform.launcher.core.DefaultLauncher.execute(DefaultLauncher.java:103)
	at org.junit.platform.launcher.core.DefaultLauncher.execute(DefaultLauncher.java:85)
	at org.junit.platform.launcher.core.DelegatingLauncher.execute(DelegatingLauncher.java:47)
	at org.junit.platform.launcher.core.SessionPerRequestLauncher.execute(SessionPerRequestLauncher.java:63)
	at com.intellij.junit5.JUnit5IdeaTestRunner.startRunnerWithArgs(JUnit5IdeaTestRunner.java:57)
	at com.intellij.rt.junit.IdeaTestRunner$Repeater$1.execute(IdeaTestRunner.java:38)
	at com.intellij.rt.execution.junit.TestsRepeater.repeat(TestsRepeater.java:11)
	at com.intellij.rt.junit.IdeaTestRunner$Repeater.startRunnerWithArgs(IdeaTestRunner.java:35)
	at com.intellij.rt.junit.JUnitStarter.prepareStreamsAndStart(JUnitStarter.java:232)
	at com.intellij.rt.junit.JUnitStarter.main(JUnitStarter.java:55)
2025-02-13 09:19:39 [main] INFO  l.insoft.uztis.tests.utils.TestUtils - Screenshot moved to C:\Users\ingrida.zadorozniene\Desktop\Asm\UZTIS\UZTIS_tests\test-output\screenshots\20250213\091939430_testFillEvaluationOne().png
2025-02-13 09:22:11 [main] INFO  lt.insoft.uztis.tests.UztisPageTest - Navigated to https://uztisdev.asseco.lt/home
2025-02-13 09:22:11 [main] INFO  l.i.uztis.tests.EvaluationsPageTest - Starting test:'testFillEvaluationOne'
2025-02-13 09:22:11 [main] INFO  l.i.uztis.tests.EvaluationsPageTest - Starting test:'testNavigateToEvaluationsPage'
2025-02-13 09:22:11 [main] DEBUG l.i.uztis.tests.EvaluationsPageTest - User logged in with test credentials
2025-02-13 09:22:12 [main] DEBUG l.i.uztis.tests.EvaluationsPageTest - Opened 'Application Processing' menu.
2025-02-13 09:22:12 [main] DEBUG l.i.uztis.tests.EvaluationsPageTest - Clicked on 'Evaluations' menu.
2025-02-13 09:22:12 [main] DEBUG l.i.uztis.tests.EvaluationsPageTest - Navigating to evaluations menu.
2025-02-13 09:22:12 [main] INFO  l.i.uztis.tests.EvaluationsPageTest - Test 'testNavigateToEvaluationsPage' completed successfully.
2025-02-13 09:22:13 [main] DEBUG l.i.uztis.tests.EvaluationsPageTest - Clicked on last evaluation.
2025-02-13 09:22:13 [main] DEBUG l.i.uztis.tests.EvaluationsPageTest - Clicked 'Edit'.
2025-02-13 09:22:16 [main] DEBUG l.i.uztis.tests.EvaluationsPageTest - Selected '1.1' radio button.
2025-02-13 09:22:19 [main] DEBUG l.i.uztis.tests.EvaluationsPageTest - Selected '1.2' radio button.
2025-02-13 09:22:22 [main] DEBUG l.i.uztis.tests.EvaluationsPageTest - Selected '1.3' radio button.
2025-02-13 09:22:24 [main] DEBUG l.i.uztis.tests.EvaluationsPageTest - Selected '1.4' radio button.
2025-02-13 09:22:25 [main] DEBUG l.i.uztis.tests.EvaluationsPageTest - Selected '1.5' radio button.
2025-02-13 09:22:26 [main] DEBUG l.i.uztis.tests.EvaluationsPageTest - Selected '2.1' radio button.
2025-02-13 09:22:27 [main] DEBUG l.i.uztis.tests.EvaluationsPageTest - Selected '3.1' radio button.
2025-02-13 09:22:28 [main] DEBUG l.i.uztis.tests.EvaluationsPageTest - Selected '4.2' radio button.
2025-02-13 09:22:29 [main] DEBUG l.i.uztis.tests.EvaluationsPageTest - Selected '5.1' radio button.
2025-02-13 09:22:30 [main] DEBUG l.i.uztis.tests.EvaluationsPageTest - Selected '5.2' radio button.
2025-02-13 09:22:31 [main] DEBUG l.i.uztis.tests.EvaluationsPageTest - Selected '6.1' radio button.
2025-02-13 09:22:32 [main] DEBUG l.i.uztis.tests.EvaluationsPageTest - Clicked on expansion panel 'Not Critical'.
2025-02-13 09:22:34 [main] DEBUG l.i.uztis.tests.EvaluationsPageTest - Selected '7' radio button.
2025-02-13 09:22:35 [main] DEBUG l.i.uztis.tests.EvaluationsPageTest - Selected '8_1' radio button.
2025-02-13 09:22:35 [main] DEBUG l.i.uztis.tests.EvaluationsPageTest - Selected '8_2' radio button.
2025-02-13 09:22:36 [main] DEBUG l.i.uztis.tests.EvaluationsPageTest - Selected '8_3' radio button.
2025-02-13 09:22:36 [main] DEBUG l.i.uztis.tests.EvaluationsPageTest - Selected '8_4' radio button.
2025-02-13 09:22:36 [main] DEBUG l.i.uztis.tests.EvaluationsPageTest - Selected '8_5' radio button.
2025-02-13 09:22:37 [main] DEBUG l.i.uztis.tests.EvaluationsPageTest - Selected '8_6' radio button.
2025-02-13 09:22:37 [main] DEBUG l.i.uztis.tests.EvaluationsPageTest - Selected '8_7' radio button.
2025-02-13 09:22:38 [main] DEBUG l.i.uztis.tests.EvaluationsPageTest - Selected '8_8' radio button.
2025-02-13 09:22:38 [main] DEBUG l.i.uztis.tests.EvaluationsPageTest - Selected '8_9' radio button.
2025-02-13 09:22:38 [main] DEBUG l.i.uztis.tests.EvaluationsPageTest - Selected '8_10' radio button.
2025-02-13 09:22:39 [main] DEBUG l.i.uztis.tests.EvaluationsPageTest - Selected '9' radio button.
2025-02-13 09:22:39 [main] DEBUG l.i.uztis.tests.EvaluationsPageTest - Selected '10.1' radio button.
2025-02-13 09:22:39 [main] DEBUG l.i.uztis.tests.EvaluationsPageTest - Selected '10.2' radio button.
2025-02-13 09:22:40 [main] DEBUG l.i.uztis.tests.EvaluationsPageTest - Selected '10.3' radio button.
2025-02-13 09:22:40 [main] DEBUG l.i.uztis.tests.EvaluationsPageTest - Clicked 'Confirm'.
2025-02-13 09:22:50 [main] ERROR l.i.uztis.tests.EvaluationsPageTest - Test 'testFillEvaluationOne' failed with error: no such element: Unable to locate element: {"method":"xpath","selector":"//common-button//button[text()='Tvirtinti įvertinimą']"}
  (Session info: chrome=132.0.6834.197)
For documentation on this error, please visit: https://www.selenium.dev/documentation/webdriver/troubleshooting/errors#no-such-element-exception
Build info: version: '4.27.0', revision: 'd6e718d134'
System info: os.name: 'Windows 11', os.arch: 'amd64', os.version: '10.0', java.version: '21.0.3'
Driver info: org.openqa.selenium.chrome.ChromeDriver
Command: [8442330464498b8be80b39eff5005193, findElement {value=//common-button//button[text()='Tvirtinti įvertinimą'], using=xpath}]
Capabilities {acceptInsecureCerts: false, browserName: chrome, browserVersion: 132.0.6834.197, chrome: {chromedriverVersion: 132.0.6834.159 (2d77d3fc445..., userDataDir: C:\Users\INGRID~1.ZAD\AppDa...}, fedcm:accounts: true, goog:chromeOptions: {debuggerAddress: localhost:58277}, networkConnectionEnabled: false, pageLoadStrategy: normal, platformName: windows, proxy: Proxy(), se:cdp: ws://localhost:58277/devtoo..., se:cdpVersion: 132.0.6834.197, setWindowRect: true, strictFileInteractability: false, timeouts: {implicit: 0, pageLoad: 300000, script: 30000}, unhandledPromptBehavior: dismiss and notify, webauthn:extension:credBlob: true, webauthn:extension:largeBlob: true, webauthn:extension:minPinLength: true, webauthn:extension:prf: true, webauthn:virtualAuthenticators: true}
Session ID: 8442330464498b8be80b39eff5005193
org.openqa.selenium.NoSuchElementException: no such element: Unable to locate element: {"method":"xpath","selector":"//common-button//button[text()='Tvirtinti įvertinimą']"}
  (Session info: chrome=132.0.6834.197)
For documentation on this error, please visit: https://www.selenium.dev/documentation/webdriver/troubleshooting/errors#no-such-element-exception
Build info: version: '4.27.0', revision: 'd6e718d134'
System info: os.name: 'Windows 11', os.arch: 'amd64', os.version: '10.0', java.version: '21.0.3'
Driver info: org.openqa.selenium.chrome.ChromeDriver
Command: [8442330464498b8be80b39eff5005193, findElement {value=//common-button//button[text()='Tvirtinti įvertinimą'], using=xpath}]
Capabilities {acceptInsecureCerts: false, browserName: chrome, browserVersion: 132.0.6834.197, chrome: {chromedriverVersion: 132.0.6834.159 (2d77d3fc445..., userDataDir: C:\Users\INGRID~1.ZAD\AppDa...}, fedcm:accounts: true, goog:chromeOptions: {debuggerAddress: localhost:58277}, networkConnectionEnabled: false, pageLoadStrategy: normal, platformName: windows, proxy: Proxy(), se:cdp: ws://localhost:58277/devtoo..., se:cdpVersion: 132.0.6834.197, setWindowRect: true, strictFileInteractability: false, timeouts: {implicit: 0, pageLoad: 300000, script: 30000}, unhandledPromptBehavior: dismiss and notify, webauthn:extension:credBlob: true, webauthn:extension:largeBlob: true, webauthn:extension:minPinLength: true, webauthn:extension:prf: true, webauthn:virtualAuthenticators: true}
Session ID: 8442330464498b8be80b39eff5005193
	at java.base/jdk.internal.reflect.DirectConstructorHandleAccessor.newInstance(DirectConstructorHandleAccessor.java:62)
	at java.base/java.lang.reflect.Constructor.newInstanceWithCaller(Constructor.java:502)
	at java.base/java.lang.reflect.Constructor.newInstance(Constructor.java:486)
	at org.openqa.selenium.remote.ErrorCodec.decode(ErrorCodec.java:167)
	at org.openqa.selenium.remote.codec.w3c.W3CHttpResponseCodec.decode(W3CHttpResponseCodec.java:138)
	at org.openqa.selenium.remote.codec.w3c.W3CHttpResponseCodec.decode(W3CHttpResponseCodec.java:50)
	at org.openqa.selenium.remote.HttpCommandExecutor.execute(HttpCommandExecutor.java:190)
	at org.openqa.selenium.remote.service.DriverCommandExecutor.invokeExecute(DriverCommandExecutor.java:216)
	at org.openqa.selenium.remote.service.DriverCommandExecutor.execute(DriverCommandExecutor.java:174)
	at org.openqa.selenium.remote.RemoteWebDriver.execute(RemoteWebDriver.java:545)
	at org.openqa.selenium.remote.ElementLocation$ElementFinder$2.findElement(ElementLocation.java:165)
	at org.openqa.selenium.remote.ElementLocation.findElement(ElementLocation.java:59)
	at org.openqa.selenium.remote.RemoteWebDriver.findElement(RemoteWebDriver.java:368)
	at org.openqa.selenium.remote.RemoteWebDriver.findElement(RemoteWebDriver.java:362)
	at org.openqa.selenium.support.pagefactory.DefaultElementLocator.findElement(DefaultElementLocator.java:68)
	at org.openqa.selenium.support.pagefactory.internal.LocatingElementHandler.invoke(LocatingElementHandler.java:38)
	at jdk.proxy2/jdk.proxy2.$Proxy14.click(Unknown Source)
	at lt.insoft.uztis.pages.EvaluationsPage.clickButtonConfirmConfirmation(EvaluationsPage.java:141)
	at lt.insoft.uztis.tests.EvaluationsPageTest.testFillEvaluationOne(EvaluationsPageTest.java:160)
	at java.base/jdk.internal.reflect.DirectMethodHandleAccessor.invoke(DirectMethodHandleAccessor.java:103)
	at java.base/java.lang.reflect.Method.invoke(Method.java:580)
	at org.junit.platform.commons.util.ReflectionUtils.invokeMethod(ReflectionUtils.java:728)
	at org.junit.jupiter.engine.execution.MethodInvocation.proceed(MethodInvocation.java:60)
	at org.junit.jupiter.engine.execution.InvocationInterceptorChain$ValidatingInvocation.proceed(InvocationInterceptorChain.java:131)
	at org.junit.jupiter.engine.extension.TimeoutExtension.intercept(TimeoutExtension.java:156)
	at org.junit.jupiter.engine.extension.TimeoutExtension.interceptTestableMethod(TimeoutExtension.java:147)
	at org.junit.jupiter.engine.extension.TimeoutExtension.interceptTestMethod(TimeoutExtension.java:86)
	at org.junit.jupiter.engine.execution.InterceptingExecutableInvoker$ReflectiveInterceptorCall.lambda$ofVoidMethod$0(InterceptingExecutableInvoker.java:103)
	at org.junit.jupiter.engine.execution.InterceptingExecutableInvoker.lambda$invoke$0(InterceptingExecutableInvoker.java:93)
	at org.junit.jupiter.engine.execution.InvocationInterceptorChain$InterceptedInvocation.proceed(InvocationInterceptorChain.java:106)
	at org.junit.jupiter.engine.execution.InvocationInterceptorChain.proceed(InvocationInterceptorChain.java:64)
	at org.junit.jupiter.engine.execution.InvocationInterceptorChain.chainAndInvoke(InvocationInterceptorChain.java:45)
	at org.junit.jupiter.engine.execution.InvocationInterceptorChain.invoke(InvocationInterceptorChain.java:37)
	at org.junit.jupiter.engine.execution.InterceptingExecutableInvoker.invoke(InterceptingExecutableInvoker.java:92)
	at org.junit.jupiter.engine.execution.InterceptingExecutableInvoker.invoke(InterceptingExecutableInvoker.java:86)
	at org.junit.jupiter.engine.descriptor.TestMethodTestDescriptor.lambda$invokeTestMethod$7(TestMethodTestDescriptor.java:218)
	at org.junit.platform.engine.support.hierarchical.ThrowableCollector.execute(ThrowableCollector.java:73)
	at org.junit.jupiter.engine.descriptor.TestMethodTestDescriptor.invokeTestMethod(TestMethodTestDescriptor.java:214)
	at org.junit.jupiter.engine.descriptor.TestMethodTestDescriptor.execute(TestMethodTestDescriptor.java:139)
	at org.junit.jupiter.engine.descriptor.TestMethodTestDescriptor.execute(TestMethodTestDescriptor.java:69)
	at org.junit.platform.engine.support.hierarchical.NodeTestTask.lambda$executeRecursively$6(NodeTestTask.java:151)
	at org.junit.platform.engine.support.hierarchical.ThrowableCollector.execute(ThrowableCollector.java:73)
	at org.junit.platform.engine.support.hierarchical.NodeTestTask.lambda$executeRecursively$8(NodeTestTask.java:141)
	at org.junit.platform.engine.support.hierarchical.Node.around(Node.java:137)
	at org.junit.platform.engine.support.hierarchical.NodeTestTask.lambda$executeRecursively$9(NodeTestTask.java:139)
	at org.junit.platform.engine.support.hierarchical.ThrowableCollector.execute(ThrowableCollector.java:73)
	at org.junit.platform.engine.support.hierarchical.NodeTestTask.executeRecursively(NodeTestTask.java:138)
	at org.junit.platform.engine.support.hierarchical.NodeTestTask.execute(NodeTestTask.java:95)
	at java.base/java.util.ArrayList.forEach(ArrayList.java:1596)
	at org.junit.platform.engine.support.hierarchical.SameThreadHierarchicalTestExecutorService.invokeAll(SameThreadHierarchicalTestExecutorService.java:41)
	at org.junit.platform.engine.support.hierarchical.NodeTestTask.lambda$executeRecursively$6(NodeTestTask.java:155)
	at org.junit.platform.engine.support.hierarchical.ThrowableCollector.execute(ThrowableCollector.java:73)
	at org.junit.platform.engine.support.hierarchical.NodeTestTask.lambda$executeRecursively$8(NodeTestTask.java:141)
	at org.junit.platform.engine.support.hierarchical.Node.around(Node.java:137)
	at org.junit.platform.engine.support.hierarchical.NodeTestTask.lambda$executeRecursively$9(NodeTestTask.java:139)
	at org.junit.platform.engine.support.hierarchical.ThrowableCollector.execute(ThrowableCollector.java:73)
	at org.junit.platform.engine.support.hierarchical.NodeTestTask.executeRecursively(NodeTestTask.java:138)
	at org.junit.platform.engine.support.hierarchical.NodeTestTask.execute(NodeTestTask.java:95)
	at java.base/java.util.ArrayList.forEach(ArrayList.java:1596)
	at org.junit.platform.engine.support.hierarchical.SameThreadHierarchicalTestExecutorService.invokeAll(SameThreadHierarchicalTestExecutorService.java:41)
	at org.junit.platform.engine.support.hierarchical.NodeTestTask.lambda$executeRecursively$6(NodeTestTask.java:155)
	at org.junit.platform.engine.support.hierarchical.ThrowableCollector.execute(ThrowableCollector.java:73)
	at org.junit.platform.engine.support.hierarchical.NodeTestTask.lambda$executeRecursively$8(NodeTestTask.java:141)
	at org.junit.platform.engine.support.hierarchical.Node.around(Node.java:137)
	at org.junit.platform.engine.support.hierarchical.NodeTestTask.lambda$executeRecursively$9(NodeTestTask.java:139)
	at org.junit.platform.engine.support.hierarchical.ThrowableCollector.execute(ThrowableCollector.java:73)
	at org.junit.platform.engine.support.hierarchical.NodeTestTask.executeRecursively(NodeTestTask.java:138)
	at org.junit.platform.engine.support.hierarchical.NodeTestTask.execute(NodeTestTask.java:95)
	at org.junit.platform.engine.support.hierarchical.SameThreadHierarchicalTestExecutorService.submit(SameThreadHierarchicalTestExecutorService.java:35)
	at org.junit.platform.engine.support.hierarchical.HierarchicalTestExecutor.execute(HierarchicalTestExecutor.java:57)
	at org.junit.platform.engine.support.hierarchical.HierarchicalTestEngine.execute(HierarchicalTestEngine.java:54)
	at org.junit.platform.launcher.core.EngineExecutionOrchestrator.execute(EngineExecutionOrchestrator.java:198)
	at org.junit.platform.launcher.core.EngineExecutionOrchestrator.execute(EngineExecutionOrchestrator.java:169)
	at org.junit.platform.launcher.core.EngineExecutionOrchestrator.execute(EngineExecutionOrchestrator.java:93)
	at org.junit.platform.launcher.core.EngineExecutionOrchestrator.lambda$execute$0(EngineExecutionOrchestrator.java:58)
	at org.junit.platform.launcher.core.EngineExecutionOrchestrator.withInterceptedStreams(EngineExecutionOrchestrator.java:141)
	at org.junit.platform.launcher.core.EngineExecutionOrchestrator.execute(EngineExecutionOrchestrator.java:57)
	at org.junit.platform.launcher.core.DefaultLauncher.execute(DefaultLauncher.java:103)
	at org.junit.platform.launcher.core.DefaultLauncher.execute(DefaultLauncher.java:85)
	at org.junit.platform.launcher.core.DelegatingLauncher.execute(DelegatingLauncher.java:47)
	at org.junit.platform.launcher.core.SessionPerRequestLauncher.execute(SessionPerRequestLauncher.java:63)
	at com.intellij.junit5.JUnit5IdeaTestRunner.startRunnerWithArgs(JUnit5IdeaTestRunner.java:57)
	at com.intellij.rt.junit.IdeaTestRunner$Repeater$1.execute(IdeaTestRunner.java:38)
	at com.intellij.rt.execution.junit.TestsRepeater.repeat(TestsRepeater.java:11)
	at com.intellij.rt.junit.IdeaTestRunner$Repeater.startRunnerWithArgs(IdeaTestRunner.java:35)
	at com.intellij.rt.junit.JUnitStarter.prepareStreamsAndStart(JUnitStarter.java:232)
	at com.intellij.rt.junit.JUnitStarter.main(JUnitStarter.java:55)
2025-02-13 09:22:50 [main] INFO  l.insoft.uztis.tests.utils.TestUtils - Screenshot moved to C:\Users\ingrida.zadorozniene\Desktop\Asm\UZTIS\UZTIS_tests\test-output\screenshots\20250213\092250795_testFillEvaluationOne().png
2025-02-13 09:23:40 [main] INFO  lt.insoft.uztis.tests.UztisPageTest - Navigated to https://uztisdev.asseco.lt/home
2025-02-13 09:23:40 [main] INFO  l.i.uztis.tests.EvaluationsPageTest - Starting test:'testFillEvaluationOne'
2025-02-13 09:23:40 [main] INFO  l.i.uztis.tests.EvaluationsPageTest - Starting test:'testNavigateToEvaluationsPage'
2025-02-13 09:23:41 [main] DEBUG l.i.uztis.tests.EvaluationsPageTest - User logged in with test credentials
2025-02-13 09:23:41 [main] DEBUG l.i.uztis.tests.EvaluationsPageTest - Opened 'Application Processing' menu.
2025-02-13 09:23:41 [main] DEBUG l.i.uztis.tests.EvaluationsPageTest - Clicked on 'Evaluations' menu.
2025-02-13 09:23:41 [main] DEBUG l.i.uztis.tests.EvaluationsPageTest - Navigating to evaluations menu.
2025-02-13 09:23:41 [main] INFO  l.i.uztis.tests.EvaluationsPageTest - Test 'testNavigateToEvaluationsPage' completed successfully.
2025-02-13 09:23:42 [main] DEBUG l.i.uztis.tests.EvaluationsPageTest - Clicked on last evaluation.
2025-02-13 09:23:42 [main] DEBUG l.i.uztis.tests.EvaluationsPageTest - Clicked 'Edit'.
2025-02-13 09:23:45 [main] DEBUG l.i.uztis.tests.EvaluationsPageTest - Selected '1.1' radio button.
2025-02-13 09:23:48 [main] DEBUG l.i.uztis.tests.EvaluationsPageTest - Selected '1.2' radio button.
2025-02-13 09:23:51 [main] DEBUG l.i.uztis.tests.EvaluationsPageTest - Selected '1.3' radio button.
2025-02-13 09:23:53 [main] DEBUG l.i.uztis.tests.EvaluationsPageTest - Selected '1.4' radio button.
2025-02-13 09:23:54 [main] DEBUG l.i.uztis.tests.EvaluationsPageTest - Selected '1.5' radio button.
2025-02-13 09:23:55 [main] DEBUG l.i.uztis.tests.EvaluationsPageTest - Selected '2.1' radio button.
2025-02-13 09:23:56 [main] DEBUG l.i.uztis.tests.EvaluationsPageTest - Selected '3.1' radio button.
2025-02-13 09:23:57 [main] DEBUG l.i.uztis.tests.EvaluationsPageTest - Selected '4.2' radio button.
2025-02-13 09:23:58 [main] DEBUG l.i.uztis.tests.EvaluationsPageTest - Selected '5.1' radio button.
2025-02-13 09:23:59 [main] DEBUG l.i.uztis.tests.EvaluationsPageTest - Selected '5.2' radio button.
2025-02-13 09:24:00 [main] DEBUG l.i.uztis.tests.EvaluationsPageTest - Selected '6.1' radio button.
2025-02-13 09:24:01 [main] DEBUG l.i.uztis.tests.EvaluationsPageTest - Clicked on expansion panel 'Not Critical'.
2025-02-13 09:24:04 [main] DEBUG l.i.uztis.tests.EvaluationsPageTest - Selected '7' radio button.
2025-02-13 09:24:04 [main] DEBUG l.i.uztis.tests.EvaluationsPageTest - Selected '8_1' radio button.
2025-02-13 09:24:04 [main] DEBUG l.i.uztis.tests.EvaluationsPageTest - Selected '8_2' radio button.
2025-02-13 09:24:05 [main] DEBUG l.i.uztis.tests.EvaluationsPageTest - Selected '8_3' radio button.
2025-02-13 09:24:05 [main] DEBUG l.i.uztis.tests.EvaluationsPageTest - Selected '8_4' radio button.
2025-02-13 09:24:05 [main] DEBUG l.i.uztis.tests.EvaluationsPageTest - Selected '8_5' radio button.
2025-02-13 09:24:06 [main] DEBUG l.i.uztis.tests.EvaluationsPageTest - Selected '8_6' radio button.
2025-02-13 09:24:06 [main] DEBUG l.i.uztis.tests.EvaluationsPageTest - Selected '8_7' radio button.
2025-02-13 09:24:06 [main] DEBUG l.i.uztis.tests.EvaluationsPageTest - Selected '8_8' radio button.
2025-02-13 09:24:07 [main] DEBUG l.i.uztis.tests.EvaluationsPageTest - Selected '8_9' radio button.
2025-02-13 09:24:07 [main] DEBUG l.i.uztis.tests.EvaluationsPageTest - Selected '8_10' radio button.
2025-02-13 09:24:08 [main] DEBUG l.i.uztis.tests.EvaluationsPageTest - Selected '9' radio button.
2025-02-13 09:24:08 [main] DEBUG l.i.uztis.tests.EvaluationsPageTest - Selected '10.1' radio button.
2025-02-13 09:24:08 [main] DEBUG l.i.uztis.tests.EvaluationsPageTest - Selected '10.2' radio button.
2025-02-13 09:24:09 [main] DEBUG l.i.uztis.tests.EvaluationsPageTest - Selected '10.3' radio button.
2025-02-13 09:24:09 [main] DEBUG l.i.uztis.tests.EvaluationsPageTest - Clicked 'Confirm'.
2025-02-13 09:24:19 [main] ERROR l.i.uztis.tests.EvaluationsPageTest - Test 'testFillEvaluationOne' failed with error: invalid session id: session deleted as the browser has closed the connection
from disconnected: unable to send message to renderer
  (Session info: chrome=132.0.6834.197)
Build info: version: '4.27.0', revision: 'd6e718d134'
System info: os.name: 'Windows 11', os.arch: 'amd64', os.version: '10.0', java.version: '21.0.3'
Driver info: org.openqa.selenium.chrome.ChromeDriver
Command: [c09c397787991ff0aa2560f46ffbec51, findElement {value=//common-button[@class='ng-star-inserted']//button[text()='Tvirtinti įvertinimą'], using=xpath}]
Capabilities {acceptInsecureCerts: false, browserName: chrome, browserVersion: 132.0.6834.197, chrome: {chromedriverVersion: 132.0.6834.159 (2d77d3fc445..., userDataDir: C:\Users\INGRID~1.ZAD\AppDa...}, fedcm:accounts: true, goog:chromeOptions: {debuggerAddress: localhost:58344}, networkConnectionEnabled: false, pageLoadStrategy: normal, platformName: windows, proxy: Proxy(), se:cdp: ws://localhost:58344/devtoo..., se:cdpVersion: 132.0.6834.197, setWindowRect: true, strictFileInteractability: false, timeouts: {implicit: 0, pageLoad: 300000, script: 30000}, unhandledPromptBehavior: dismiss and notify, webauthn:extension:credBlob: true, webauthn:extension:largeBlob: true, webauthn:extension:minPinLength: true, webauthn:extension:prf: true, webauthn:virtualAuthenticators: true}
Session ID: c09c397787991ff0aa2560f46ffbec51
org.openqa.selenium.NoSuchSessionException: invalid session id: session deleted as the browser has closed the connection
from disconnected: unable to send message to renderer
  (Session info: chrome=132.0.6834.197)
Build info: version: '4.27.0', revision: 'd6e718d134'
System info: os.name: 'Windows 11', os.arch: 'amd64', os.version: '10.0', java.version: '21.0.3'
Driver info: org.openqa.selenium.chrome.ChromeDriver
Command: [c09c397787991ff0aa2560f46ffbec51, findElement {value=//common-button[@class='ng-star-inserted']//button[text()='Tvirtinti įvertinimą'], using=xpath}]
Capabilities {acceptInsecureCerts: false, browserName: chrome, browserVersion: 132.0.6834.197, chrome: {chromedriverVersion: 132.0.6834.159 (2d77d3fc445..., userDataDir: C:\Users\INGRID~1.ZAD\AppDa...}, fedcm:accounts: true, goog:chromeOptions: {debuggerAddress: localhost:58344}, networkConnectionEnabled: false, pageLoadStrategy: normal, platformName: windows, proxy: Proxy(), se:cdp: ws://localhost:58344/devtoo..., se:cdpVersion: 132.0.6834.197, setWindowRect: true, strictFileInteractability: false, timeouts: {implicit: 0, pageLoad: 300000, script: 30000}, unhandledPromptBehavior: dismiss and notify, webauthn:extension:credBlob: true, webauthn:extension:largeBlob: true, webauthn:extension:minPinLength: true, webauthn:extension:prf: true, webauthn:virtualAuthenticators: true}
Session ID: c09c397787991ff0aa2560f46ffbec51
	at java.base/jdk.internal.reflect.DirectConstructorHandleAccessor.newInstance(DirectConstructorHandleAccessor.java:62)
	at java.base/java.lang.reflect.Constructor.newInstanceWithCaller(Constructor.java:502)
	at java.base/java.lang.reflect.Constructor.newInstance(Constructor.java:486)
	at org.openqa.selenium.remote.ErrorCodec.decode(ErrorCodec.java:167)
	at org.openqa.selenium.remote.codec.w3c.W3CHttpResponseCodec.decode(W3CHttpResponseCodec.java:138)
	at org.openqa.selenium.remote.codec.w3c.W3CHttpResponseCodec.decode(W3CHttpResponseCodec.java:50)
	at org.openqa.selenium.remote.HttpCommandExecutor.execute(HttpCommandExecutor.java:190)
	at org.openqa.selenium.remote.service.DriverCommandExecutor.invokeExecute(DriverCommandExecutor.java:216)
	at org.openqa.selenium.remote.service.DriverCommandExecutor.execute(DriverCommandExecutor.java:174)
	at org.openqa.selenium.remote.RemoteWebDriver.execute(RemoteWebDriver.java:545)
	at org.openqa.selenium.remote.ElementLocation$ElementFinder$2.findElement(ElementLocation.java:165)
	at org.openqa.selenium.remote.ElementLocation.findElement(ElementLocation.java:59)
	at org.openqa.selenium.remote.RemoteWebDriver.findElement(RemoteWebDriver.java:368)
	at org.openqa.selenium.remote.RemoteWebDriver.findElement(RemoteWebDriver.java:362)
	at org.openqa.selenium.support.pagefactory.DefaultElementLocator.findElement(DefaultElementLocator.java:68)
	at org.openqa.selenium.support.pagefactory.internal.LocatingElementHandler.invoke(LocatingElementHandler.java:38)
	at jdk.proxy2/jdk.proxy2.$Proxy14.click(Unknown Source)
	at lt.insoft.uztis.pages.EvaluationsPage.clickButtonConfirmConfirmation(EvaluationsPage.java:141)
	at lt.insoft.uztis.tests.EvaluationsPageTest.testFillEvaluationOne(EvaluationsPageTest.java:160)
	at java.base/jdk.internal.reflect.DirectMethodHandleAccessor.invoke(DirectMethodHandleAccessor.java:103)
	at java.base/java.lang.reflect.Method.invoke(Method.java:580)
	at org.junit.platform.commons.util.ReflectionUtils.invokeMethod(ReflectionUtils.java:728)
	at org.junit.jupiter.engine.execution.MethodInvocation.proceed(MethodInvocation.java:60)
	at org.junit.jupiter.engine.execution.InvocationInterceptorChain$ValidatingInvocation.proceed(InvocationInterceptorChain.java:131)
	at org.junit.jupiter.engine.extension.TimeoutExtension.intercept(TimeoutExtension.java:156)
	at org.junit.jupiter.engine.extension.TimeoutExtension.interceptTestableMethod(TimeoutExtension.java:147)
	at org.junit.jupiter.engine.extension.TimeoutExtension.interceptTestMethod(TimeoutExtension.java:86)
	at org.junit.jupiter.engine.execution.InterceptingExecutableInvoker$ReflectiveInterceptorCall.lambda$ofVoidMethod$0(InterceptingExecutableInvoker.java:103)
	at org.junit.jupiter.engine.execution.InterceptingExecutableInvoker.lambda$invoke$0(InterceptingExecutableInvoker.java:93)
	at org.junit.jupiter.engine.execution.InvocationInterceptorChain$InterceptedInvocation.proceed(InvocationInterceptorChain.java:106)
	at org.junit.jupiter.engine.execution.InvocationInterceptorChain.proceed(InvocationInterceptorChain.java:64)
	at org.junit.jupiter.engine.execution.InvocationInterceptorChain.chainAndInvoke(InvocationInterceptorChain.java:45)
	at org.junit.jupiter.engine.execution.InvocationInterceptorChain.invoke(InvocationInterceptorChain.java:37)
	at org.junit.jupiter.engine.execution.InterceptingExecutableInvoker.invoke(InterceptingExecutableInvoker.java:92)
	at org.junit.jupiter.engine.execution.InterceptingExecutableInvoker.invoke(InterceptingExecutableInvoker.java:86)
	at org.junit.jupiter.engine.descriptor.TestMethodTestDescriptor.lambda$invokeTestMethod$7(TestMethodTestDescriptor.java:218)
	at org.junit.platform.engine.support.hierarchical.ThrowableCollector.execute(ThrowableCollector.java:73)
	at org.junit.jupiter.engine.descriptor.TestMethodTestDescriptor.invokeTestMethod(TestMethodTestDescriptor.java:214)
	at org.junit.jupiter.engine.descriptor.TestMethodTestDescriptor.execute(TestMethodTestDescriptor.java:139)
	at org.junit.jupiter.engine.descriptor.TestMethodTestDescriptor.execute(TestMethodTestDescriptor.java:69)
	at org.junit.platform.engine.support.hierarchical.NodeTestTask.lambda$executeRecursively$6(NodeTestTask.java:151)
	at org.junit.platform.engine.support.hierarchical.ThrowableCollector.execute(ThrowableCollector.java:73)
	at org.junit.platform.engine.support.hierarchical.NodeTestTask.lambda$executeRecursively$8(NodeTestTask.java:141)
	at org.junit.platform.engine.support.hierarchical.Node.around(Node.java:137)
	at org.junit.platform.engine.support.hierarchical.NodeTestTask.lambda$executeRecursively$9(NodeTestTask.java:139)
	at org.junit.platform.engine.support.hierarchical.ThrowableCollector.execute(ThrowableCollector.java:73)
	at org.junit.platform.engine.support.hierarchical.NodeTestTask.executeRecursively(NodeTestTask.java:138)
	at org.junit.platform.engine.support.hierarchical.NodeTestTask.execute(NodeTestTask.java:95)
	at java.base/java.util.ArrayList.forEach(ArrayList.java:1596)
	at org.junit.platform.engine.support.hierarchical.SameThreadHierarchicalTestExecutorService.invokeAll(SameThreadHierarchicalTestExecutorService.java:41)
	at org.junit.platform.engine.support.hierarchical.NodeTestTask.lambda$executeRecursively$6(NodeTestTask.java:155)
	at org.junit.platform.engine.support.hierarchical.ThrowableCollector.execute(ThrowableCollector.java:73)
	at org.junit.platform.engine.support.hierarchical.NodeTestTask.lambda$executeRecursively$8(NodeTestTask.java:141)
	at org.junit.platform.engine.support.hierarchical.Node.around(Node.java:137)
	at org.junit.platform.engine.support.hierarchical.NodeTestTask.lambda$executeRecursively$9(NodeTestTask.java:139)
	at org.junit.platform.engine.support.hierarchical.ThrowableCollector.execute(ThrowableCollector.java:73)
	at org.junit.platform.engine.support.hierarchical.NodeTestTask.executeRecursively(NodeTestTask.java:138)
	at org.junit.platform.engine.support.hierarchical.NodeTestTask.execute(NodeTestTask.java:95)
	at java.base/java.util.ArrayList.forEach(ArrayList.java:1596)
	at org.junit.platform.engine.support.hierarchical.SameThreadHierarchicalTestExecutorService.invokeAll(SameThreadHierarchicalTestExecutorService.java:41)
	at org.junit.platform.engine.support.hierarchical.NodeTestTask.lambda$executeRecursively$6(NodeTestTask.java:155)
	at org.junit.platform.engine.support.hierarchical.ThrowableCollector.execute(ThrowableCollector.java:73)
	at org.junit.platform.engine.support.hierarchical.NodeTestTask.lambda$executeRecursively$8(NodeTestTask.java:141)
	at org.junit.platform.engine.support.hierarchical.Node.around(Node.java:137)
	at org.junit.platform.engine.support.hierarchical.NodeTestTask.lambda$executeRecursively$9(NodeTestTask.java:139)
	at org.junit.platform.engine.support.hierarchical.ThrowableCollector.execute(ThrowableCollector.java:73)
	at org.junit.platform.engine.support.hierarchical.NodeTestTask.executeRecursively(NodeTestTask.java:138)
	at org.junit.platform.engine.support.hierarchical.NodeTestTask.execute(NodeTestTask.java:95)
	at org.junit.platform.engine.support.hierarchical.SameThreadHierarchicalTestExecutorService.submit(SameThreadHierarchicalTestExecutorService.java:35)
	at org.junit.platform.engine.support.hierarchical.HierarchicalTestExecutor.execute(HierarchicalTestExecutor.java:57)
	at org.junit.platform.engine.support.hierarchical.HierarchicalTestEngine.execute(HierarchicalTestEngine.java:54)
	at org.junit.platform.launcher.core.EngineExecutionOrchestrator.execute(EngineExecutionOrchestrator.java:198)
	at org.junit.platform.launcher.core.EngineExecutionOrchestrator.execute(EngineExecutionOrchestrator.java:169)
	at org.junit.platform.launcher.core.EngineExecutionOrchestrator.execute(EngineExecutionOrchestrator.java:93)
	at org.junit.platform.launcher.core.EngineExecutionOrchestrator.lambda$execute$0(EngineExecutionOrchestrator.java:58)
	at org.junit.platform.launcher.core.EngineExecutionOrchestrator.withInterceptedStreams(EngineExecutionOrchestrator.java:141)
	at org.junit.platform.launcher.core.EngineExecutionOrchestrator.execute(EngineExecutionOrchestrator.java:57)
	at org.junit.platform.launcher.core.DefaultLauncher.execute(DefaultLauncher.java:103)
	at org.junit.platform.launcher.core.DefaultLauncher.execute(DefaultLauncher.java:85)
	at org.junit.platform.launcher.core.DelegatingLauncher.execute(DelegatingLauncher.java:47)
	at org.junit.platform.launcher.core.SessionPerRequestLauncher.execute(SessionPerRequestLauncher.java:63)
	at com.intellij.junit5.JUnit5IdeaTestRunner.startRunnerWithArgs(JUnit5IdeaTestRunner.java:57)
	at com.intellij.rt.junit.IdeaTestRunner$Repeater$1.execute(IdeaTestRunner.java:38)
	at com.intellij.rt.execution.junit.TestsRepeater.repeat(TestsRepeater.java:11)
	at com.intellij.rt.junit.IdeaTestRunner$Repeater.startRunnerWithArgs(IdeaTestRunner.java:35)
	at com.intellij.rt.junit.JUnitStarter.prepareStreamsAndStart(JUnitStarter.java:232)
	at com.intellij.rt.junit.JUnitStarter.main(JUnitStarter.java:55)
2025-02-13 09:26:13 [main] INFO  lt.insoft.uztis.tests.UztisPageTest - Navigated to https://uztisdev.asseco.lt/home
2025-02-13 09:26:13 [main] INFO  l.i.uztis.tests.EvaluationsPageTest - Starting test:'testFillEvaluationOne'
2025-02-13 09:26:13 [main] INFO  l.i.uztis.tests.EvaluationsPageTest - Starting test:'testNavigateToEvaluationsPage'
2025-02-13 09:26:13 [main] DEBUG l.i.uztis.tests.EvaluationsPageTest - User logged in with test credentials
2025-02-13 09:26:14 [main] DEBUG l.i.uztis.tests.EvaluationsPageTest - Opened 'Application Processing' menu.
2025-02-13 09:26:14 [main] DEBUG l.i.uztis.tests.EvaluationsPageTest - Clicked on 'Evaluations' menu.
2025-02-13 09:26:14 [main] DEBUG l.i.uztis.tests.EvaluationsPageTest - Navigating to evaluations menu.
2025-02-13 09:26:14 [main] INFO  l.i.uztis.tests.EvaluationsPageTest - Test 'testNavigateToEvaluationsPage' completed successfully.
2025-02-13 09:26:14 [main] DEBUG l.i.uztis.tests.EvaluationsPageTest - Clicked on last evaluation.
2025-02-13 09:26:15 [main] DEBUG l.i.uztis.tests.EvaluationsPageTest - Clicked 'Edit'.
2025-02-13 09:26:18 [main] DEBUG l.i.uztis.tests.EvaluationsPageTest - Selected '1.1' radio button.
2025-02-13 09:26:21 [main] DEBUG l.i.uztis.tests.EvaluationsPageTest - Selected '1.2' radio button.
2025-02-13 09:26:23 [main] DEBUG l.i.uztis.tests.EvaluationsPageTest - Selected '1.3' radio button.
2025-02-13 09:26:26 [main] DEBUG l.i.uztis.tests.EvaluationsPageTest - Selected '1.4' radio button.
2025-02-13 09:26:27 [main] DEBUG l.i.uztis.tests.EvaluationsPageTest - Selected '1.5' radio button.
2025-02-13 09:26:28 [main] DEBUG l.i.uztis.tests.EvaluationsPageTest - Selected '2.1' radio button.
2025-02-13 09:26:29 [main] DEBUG l.i.uztis.tests.EvaluationsPageTest - Selected '3.1' radio button.
2025-02-13 09:26:30 [main] DEBUG l.i.uztis.tests.EvaluationsPageTest - Selected '4.2' radio button.
2025-02-13 09:26:31 [main] DEBUG l.i.uztis.tests.EvaluationsPageTest - Selected '5.1' radio button.
2025-02-13 09:26:32 [main] DEBUG l.i.uztis.tests.EvaluationsPageTest - Selected '5.2' radio button.
2025-02-13 09:26:33 [main] DEBUG l.i.uztis.tests.EvaluationsPageTest - Selected '6.1' radio button.
2025-02-13 09:26:33 [main] DEBUG l.i.uztis.tests.EvaluationsPageTest - Clicked on expansion panel 'Not Critical'.
2025-02-13 09:26:36 [main] DEBUG l.i.uztis.tests.EvaluationsPageTest - Selected '7' radio button.
2025-02-13 09:26:37 [main] DEBUG l.i.uztis.tests.EvaluationsPageTest - Selected '8_1' radio button.
2025-02-13 09:26:37 [main] DEBUG l.i.uztis.tests.EvaluationsPageTest - Selected '8_2' radio button.
2025-02-13 09:26:38 [main] DEBUG l.i.uztis.tests.EvaluationsPageTest - Selected '8_3' radio button.
2025-02-13 09:26:38 [main] DEBUG l.i.uztis.tests.EvaluationsPageTest - Selected '8_4' radio button.
2025-02-13 09:26:38 [main] DEBUG l.i.uztis.tests.EvaluationsPageTest - Selected '8_5' radio button.
2025-02-13 09:26:39 [main] DEBUG l.i.uztis.tests.EvaluationsPageTest - Selected '8_6' radio button.
2025-02-13 09:26:39 [main] DEBUG l.i.uztis.tests.EvaluationsPageTest - Selected '8_7' radio button.
2025-02-13 09:26:39 [main] DEBUG l.i.uztis.tests.EvaluationsPageTest - Selected '8_8' radio button.
2025-02-13 09:26:40 [main] DEBUG l.i.uztis.tests.EvaluationsPageTest - Selected '8_9' radio button.
2025-02-13 09:26:40 [main] DEBUG l.i.uztis.tests.EvaluationsPageTest - Selected '8_10' radio button.
2025-02-13 09:26:41 [main] DEBUG l.i.uztis.tests.EvaluationsPageTest - Selected '9' radio button.
2025-02-13 09:26:41 [main] DEBUG l.i.uztis.tests.EvaluationsPageTest - Selected '10.1' radio button.
2025-02-13 09:26:41 [main] DEBUG l.i.uztis.tests.EvaluationsPageTest - Selected '10.2' radio button.
2025-02-13 09:26:42 [main] DEBUG l.i.uztis.tests.EvaluationsPageTest - Selected '10.3' radio button.
2025-02-13 09:26:42 [main] DEBUG l.i.uztis.tests.EvaluationsPageTest - Clicked 'Confirm'.
2025-02-13 09:26:43 [main] ERROR l.i.uztis.tests.EvaluationsPageTest - Test 'testFillEvaluationOne' failed with error: element click intercepted: Element <button type="button" class="btn btn--primary">...</button> is not clickable at point (816, 955). Other element would receive the click: <div class="cdk-overlay-backdrop cdk-overlay-dark-backdrop cdk-overlay-backdrop-showing"></div>
  (Session info: chrome=132.0.6834.197)
Build info: version: '4.27.0', revision: 'd6e718d134'
System info: os.name: 'Windows 11', os.arch: 'amd64', os.version: '10.0', java.version: '21.0.3'
Driver info: org.openqa.selenium.chrome.ChromeDriver
Command: [a2ab7293a9c1bf8f2e7c5aa596a63877, clickElement {id=f.A496BAC1B5F586CC357B96B7016BEF8C.d.C2B0F2D3B6849851B0BF85A5675CD78F.e.351}]
Capabilities {acceptInsecureCerts: false, browserName: chrome, browserVersion: 132.0.6834.197, chrome: {chromedriverVersion: 132.0.6834.159 (2d77d3fc445..., userDataDir: C:\Users\INGRID~1.ZAD\AppDa...}, fedcm:accounts: true, goog:chromeOptions: {debuggerAddress: localhost:58438}, networkConnectionEnabled: false, pageLoadStrategy: normal, platformName: windows, proxy: Proxy(), se:cdp: ws://localhost:58438/devtoo..., se:cdpVersion: 132.0.6834.197, setWindowRect: true, strictFileInteractability: false, timeouts: {implicit: 0, pageLoad: 300000, script: 30000}, unhandledPromptBehavior: dismiss and notify, webauthn:extension:credBlob: true, webauthn:extension:largeBlob: true, webauthn:extension:minPinLength: true, webauthn:extension:prf: true, webauthn:virtualAuthenticators: true}
Element: [[ChromeDriver: chrome on windows (a2ab7293a9c1bf8f2e7c5aa596a63877)] -> xpath: //common-button//button[@class='btn btn--primary']]
Session ID: a2ab7293a9c1bf8f2e7c5aa596a63877
org.openqa.selenium.ElementClickInterceptedException: element click intercepted: Element <button type="button" class="btn btn--primary">...</button> is not clickable at point (816, 955). Other element would receive the click: <div class="cdk-overlay-backdrop cdk-overlay-dark-backdrop cdk-overlay-backdrop-showing"></div>
  (Session info: chrome=132.0.6834.197)
Build info: version: '4.27.0', revision: 'd6e718d134'
System info: os.name: 'Windows 11', os.arch: 'amd64', os.version: '10.0', java.version: '21.0.3'
Driver info: org.openqa.selenium.chrome.ChromeDriver
Command: [a2ab7293a9c1bf8f2e7c5aa596a63877, clickElement {id=f.A496BAC1B5F586CC357B96B7016BEF8C.d.C2B0F2D3B6849851B0BF85A5675CD78F.e.351}]
Capabilities {acceptInsecureCerts: false, browserName: chrome, browserVersion: 132.0.6834.197, chrome: {chromedriverVersion: 132.0.6834.159 (2d77d3fc445..., userDataDir: C:\Users\INGRID~1.ZAD\AppDa...}, fedcm:accounts: true, goog:chromeOptions: {debuggerAddress: localhost:58438}, networkConnectionEnabled: false, pageLoadStrategy: normal, platformName: windows, proxy: Proxy(), se:cdp: ws://localhost:58438/devtoo..., se:cdpVersion: 132.0.6834.197, setWindowRect: true, strictFileInteractability: false, timeouts: {implicit: 0, pageLoad: 300000, script: 30000}, unhandledPromptBehavior: dismiss and notify, webauthn:extension:credBlob: true, webauthn:extension:largeBlob: true, webauthn:extension:minPinLength: true, webauthn:extension:prf: true, webauthn:virtualAuthenticators: true}
Element: [[ChromeDriver: chrome on windows (a2ab7293a9c1bf8f2e7c5aa596a63877)] -> xpath: //common-button//button[@class='btn btn--primary']]
Session ID: a2ab7293a9c1bf8f2e7c5aa596a63877
	at java.base/jdk.internal.reflect.DirectConstructorHandleAccessor.newInstance(DirectConstructorHandleAccessor.java:62)
	at java.base/java.lang.reflect.Constructor.newInstanceWithCaller(Constructor.java:502)
	at java.base/java.lang.reflect.Constructor.newInstance(Constructor.java:486)
	at org.openqa.selenium.remote.ErrorCodec.decode(ErrorCodec.java:167)
	at org.openqa.selenium.remote.codec.w3c.W3CHttpResponseCodec.decode(W3CHttpResponseCodec.java:138)
	at org.openqa.selenium.remote.codec.w3c.W3CHttpResponseCodec.decode(W3CHttpResponseCodec.java:50)
	at org.openqa.selenium.remote.HttpCommandExecutor.execute(HttpCommandExecutor.java:190)
	at org.openqa.selenium.remote.service.DriverCommandExecutor.invokeExecute(DriverCommandExecutor.java:216)
	at org.openqa.selenium.remote.service.DriverCommandExecutor.execute(DriverCommandExecutor.java:174)
	at org.openqa.selenium.remote.RemoteWebDriver.execute(RemoteWebDriver.java:545)
	at org.openqa.selenium.remote.RemoteWebElement.execute(RemoteWebElement.java:223)
	at org.openqa.selenium.remote.RemoteWebElement.click(RemoteWebElement.java:76)
	at java.base/jdk.internal.reflect.DirectMethodHandleAccessor.invoke(DirectMethodHandleAccessor.java:103)
	at java.base/java.lang.reflect.Method.invoke(Method.java:580)
	at org.openqa.selenium.support.pagefactory.internal.LocatingElementHandler.invoke(LocatingElementHandler.java:51)
	at jdk.proxy2/jdk.proxy2.$Proxy14.click(Unknown Source)
	at lt.insoft.uztis.pages.EvaluationsPage.clickButtonConfirmConfirmation(EvaluationsPage.java:142)
	at lt.insoft.uztis.tests.EvaluationsPageTest.testFillEvaluationOne(EvaluationsPageTest.java:160)
	at java.base/jdk.internal.reflect.DirectMethodHandleAccessor.invoke(DirectMethodHandleAccessor.java:103)
	at java.base/java.lang.reflect.Method.invoke(Method.java:580)
	at org.junit.platform.commons.util.ReflectionUtils.invokeMethod(ReflectionUtils.java:728)
	at org.junit.jupiter.engine.execution.MethodInvocation.proceed(MethodInvocation.java:60)
	at org.junit.jupiter.engine.execution.InvocationInterceptorChain$ValidatingInvocation.proceed(InvocationInterceptorChain.java:131)
	at org.junit.jupiter.engine.extension.TimeoutExtension.intercept(TimeoutExtension.java:156)
	at org.junit.jupiter.engine.extension.TimeoutExtension.interceptTestableMethod(TimeoutExtension.java:147)
	at org.junit.jupiter.engine.extension.TimeoutExtension.interceptTestMethod(TimeoutExtension.java:86)
	at org.junit.jupiter.engine.execution.InterceptingExecutableInvoker$ReflectiveInterceptorCall.lambda$ofVoidMethod$0(InterceptingExecutableInvoker.java:103)
	at org.junit.jupiter.engine.execution.InterceptingExecutableInvoker.lambda$invoke$0(InterceptingExecutableInvoker.java:93)
	at org.junit.jupiter.engine.execution.InvocationInterceptorChain$InterceptedInvocation.proceed(InvocationInterceptorChain.java:106)
	at org.junit.jupiter.engine.execution.InvocationInterceptorChain.proceed(InvocationInterceptorChain.java:64)
	at org.junit.jupiter.engine.execution.InvocationInterceptorChain.chainAndInvoke(InvocationInterceptorChain.java:45)
	at org.junit.jupiter.engine.execution.InvocationInterceptorChain.invoke(InvocationInterceptorChain.java:37)
	at org.junit.jupiter.engine.execution.InterceptingExecutableInvoker.invoke(InterceptingExecutableInvoker.java:92)
	at org.junit.jupiter.engine.execution.InterceptingExecutableInvoker.invoke(InterceptingExecutableInvoker.java:86)
	at org.junit.jupiter.engine.descriptor.TestMethodTestDescriptor.lambda$invokeTestMethod$7(TestMethodTestDescriptor.java:218)
	at org.junit.platform.engine.support.hierarchical.ThrowableCollector.execute(ThrowableCollector.java:73)
	at org.junit.jupiter.engine.descriptor.TestMethodTestDescriptor.invokeTestMethod(TestMethodTestDescriptor.java:214)
	at org.junit.jupiter.engine.descriptor.TestMethodTestDescriptor.execute(TestMethodTestDescriptor.java:139)
	at org.junit.jupiter.engine.descriptor.TestMethodTestDescriptor.execute(TestMethodTestDescriptor.java:69)
	at org.junit.platform.engine.support.hierarchical.NodeTestTask.lambda$executeRecursively$6(NodeTestTask.java:151)
	at org.junit.platform.engine.support.hierarchical.ThrowableCollector.execute(ThrowableCollector.java:73)
	at org.junit.platform.engine.support.hierarchical.NodeTestTask.lambda$executeRecursively$8(NodeTestTask.java:141)
	at org.junit.platform.engine.support.hierarchical.Node.around(Node.java:137)
	at org.junit.platform.engine.support.hierarchical.NodeTestTask.lambda$executeRecursively$9(NodeTestTask.java:139)
	at org.junit.platform.engine.support.hierarchical.ThrowableCollector.execute(ThrowableCollector.java:73)
	at org.junit.platform.engine.support.hierarchical.NodeTestTask.executeRecursively(NodeTestTask.java:138)
	at org.junit.platform.engine.support.hierarchical.NodeTestTask.execute(NodeTestTask.java:95)
	at java.base/java.util.ArrayList.forEach(ArrayList.java:1596)
	at org.junit.platform.engine.support.hierarchical.SameThreadHierarchicalTestExecutorService.invokeAll(SameThreadHierarchicalTestExecutorService.java:41)
	at org.junit.platform.engine.support.hierarchical.NodeTestTask.lambda$executeRecursively$6(NodeTestTask.java:155)
	at org.junit.platform.engine.support.hierarchical.ThrowableCollector.execute(ThrowableCollector.java:73)
	at org.junit.platform.engine.support.hierarchical.NodeTestTask.lambda$executeRecursively$8(NodeTestTask.java:141)
	at org.junit.platform.engine.support.hierarchical.Node.around(Node.java:137)
	at org.junit.platform.engine.support.hierarchical.NodeTestTask.lambda$executeRecursively$9(NodeTestTask.java:139)
	at org.junit.platform.engine.support.hierarchical.ThrowableCollector.execute(ThrowableCollector.java:73)
	at org.junit.platform.engine.support.hierarchical.NodeTestTask.executeRecursively(NodeTestTask.java:138)
	at org.junit.platform.engine.support.hierarchical.NodeTestTask.execute(NodeTestTask.java:95)
	at java.base/java.util.ArrayList.forEach(ArrayList.java:1596)
	at org.junit.platform.engine.support.hierarchical.SameThreadHierarchicalTestExecutorService.invokeAll(SameThreadHierarchicalTestExecutorService.java:41)
	at org.junit.platform.engine.support.hierarchical.NodeTestTask.lambda$executeRecursively$6(NodeTestTask.java:155)
	at org.junit.platform.engine.support.hierarchical.ThrowableCollector.execute(ThrowableCollector.java:73)
	at org.junit.platform.engine.support.hierarchical.NodeTestTask.lambda$executeRecursively$8(NodeTestTask.java:141)
	at org.junit.platform.engine.support.hierarchical.Node.around(Node.java:137)
	at org.junit.platform.engine.support.hierarchical.NodeTestTask.lambda$executeRecursively$9(NodeTestTask.java:139)
	at org.junit.platform.engine.support.hierarchical.ThrowableCollector.execute(ThrowableCollector.java:73)
	at org.junit.platform.engine.support.hierarchical.NodeTestTask.executeRecursively(NodeTestTask.java:138)
	at org.junit.platform.engine.support.hierarchical.NodeTestTask.execute(NodeTestTask.java:95)
	at org.junit.platform.engine.support.hierarchical.SameThreadHierarchicalTestExecutorService.submit(SameThreadHierarchicalTestExecutorService.java:35)
	at org.junit.platform.engine.support.hierarchical.HierarchicalTestExecutor.execute(HierarchicalTestExecutor.java:57)
	at org.junit.platform.engine.support.hierarchical.HierarchicalTestEngine.execute(HierarchicalTestEngine.java:54)
	at org.junit.platform.launcher.core.EngineExecutionOrchestrator.execute(EngineExecutionOrchestrator.java:198)
	at org.junit.platform.launcher.core.EngineExecutionOrchestrator.execute(EngineExecutionOrchestrator.java:169)
	at org.junit.platform.launcher.core.EngineExecutionOrchestrator.execute(EngineExecutionOrchestrator.java:93)
	at org.junit.platform.launcher.core.EngineExecutionOrchestrator.lambda$execute$0(EngineExecutionOrchestrator.java:58)
	at org.junit.platform.launcher.core.EngineExecutionOrchestrator.withInterceptedStreams(EngineExecutionOrchestrator.java:141)
	at org.junit.platform.launcher.core.EngineExecutionOrchestrator.execute(EngineExecutionOrchestrator.java:57)
	at org.junit.platform.launcher.core.DefaultLauncher.execute(DefaultLauncher.java:103)
	at org.junit.platform.launcher.core.DefaultLauncher.execute(DefaultLauncher.java:85)
	at org.junit.platform.launcher.core.DelegatingLauncher.execute(DelegatingLauncher.java:47)
	at org.junit.platform.launcher.core.SessionPerRequestLauncher.execute(SessionPerRequestLauncher.java:63)
	at com.intellij.junit5.JUnit5IdeaTestRunner.startRunnerWithArgs(JUnit5IdeaTestRunner.java:57)
	at com.intellij.rt.junit.IdeaTestRunner$Repeater$1.execute(IdeaTestRunner.java:38)
	at com.intellij.rt.execution.junit.TestsRepeater.repeat(TestsRepeater.java:11)
	at com.intellij.rt.junit.IdeaTestRunner$Repeater.startRunnerWithArgs(IdeaTestRunner.java:35)
	at com.intellij.rt.junit.JUnitStarter.prepareStreamsAndStart(JUnitStarter.java:232)
	at com.intellij.rt.junit.JUnitStarter.main(JUnitStarter.java:55)
2025-02-13 09:26:43 [main] INFO  l.insoft.uztis.tests.utils.TestUtils - Screenshot moved to C:\Users\ingrida.zadorozniene\Desktop\Asm\UZTIS\UZTIS_tests\test-output\screenshots\20250213\092643873_testFillEvaluationOne().png
2025-02-13 09:27:44 [main] INFO  lt.insoft.uztis.tests.UztisPageTest - Navigated to https://uztisdev.asseco.lt/home
2025-02-13 09:27:44 [main] INFO  l.i.uztis.tests.EvaluationsPageTest - Starting test:'testFillEvaluationOne'
2025-02-13 09:27:44 [main] INFO  l.i.uztis.tests.EvaluationsPageTest - Starting test:'testNavigateToEvaluationsPage'
2025-02-13 09:27:45 [main] DEBUG l.i.uztis.tests.EvaluationsPageTest - User logged in with test credentials
2025-02-13 09:27:45 [main] DEBUG l.i.uztis.tests.EvaluationsPageTest - Opened 'Application Processing' menu.
2025-02-13 09:27:45 [main] DEBUG l.i.uztis.tests.EvaluationsPageTest - Clicked on 'Evaluations' menu.
2025-02-13 09:27:45 [main] DEBUG l.i.uztis.tests.EvaluationsPageTest - Navigating to evaluations menu.
2025-02-13 09:27:45 [main] INFO  l.i.uztis.tests.EvaluationsPageTest - Test 'testNavigateToEvaluationsPage' completed successfully.
2025-02-13 09:27:46 [main] DEBUG l.i.uztis.tests.EvaluationsPageTest - Clicked on last evaluation.
2025-02-13 09:27:46 [main] DEBUG l.i.uztis.tests.EvaluationsPageTest - Clicked 'Edit'.
2025-02-13 09:27:50 [main] DEBUG l.i.uztis.tests.EvaluationsPageTest - Selected '1.1' radio button.
2025-02-13 09:27:52 [main] DEBUG l.i.uztis.tests.EvaluationsPageTest - Selected '1.2' radio button.
2025-02-13 09:27:54 [main] DEBUG l.i.uztis.tests.EvaluationsPageTest - Selected '1.3' radio button.
2025-02-13 09:27:57 [main] DEBUG l.i.uztis.tests.EvaluationsPageTest - Selected '1.4' radio button.
2025-02-13 09:27:58 [main] DEBUG l.i.uztis.tests.EvaluationsPageTest - Selected '1.5' radio button.
2025-02-13 09:27:59 [main] DEBUG l.i.uztis.tests.EvaluationsPageTest - Selected '2.1' radio button.
2025-02-13 09:28:00 [main] DEBUG l.i.uztis.tests.EvaluationsPageTest - Selected '3.1' radio button.
2025-02-13 09:28:01 [main] DEBUG l.i.uztis.tests.EvaluationsPageTest - Selected '4.2' radio button.
2025-02-13 09:28:02 [main] DEBUG l.i.uztis.tests.EvaluationsPageTest - Selected '5.1' radio button.
2025-02-13 09:28:02 [main] DEBUG l.i.uztis.tests.EvaluationsPageTest - Selected '5.2' radio button.
2025-02-13 09:28:03 [main] DEBUG l.i.uztis.tests.EvaluationsPageTest - Selected '6.1' radio button.
2025-02-13 09:28:04 [main] DEBUG l.i.uztis.tests.EvaluationsPageTest - Clicked on expansion panel 'Not Critical'.
2025-02-13 09:28:07 [main] DEBUG l.i.uztis.tests.EvaluationsPageTest - Selected '7' radio button.
2025-02-13 09:28:08 [main] DEBUG l.i.uztis.tests.EvaluationsPageTest - Selected '8_1' radio button.
2025-02-13 09:28:08 [main] DEBUG l.i.uztis.tests.EvaluationsPageTest - Selected '8_2' radio button.
2025-02-13 09:28:09 [main] DEBUG l.i.uztis.tests.EvaluationsPageTest - Selected '8_3' radio button.
2025-02-13 09:28:09 [main] DEBUG l.i.uztis.tests.EvaluationsPageTest - Selected '8_4' radio button.
2025-02-13 09:28:09 [main] DEBUG l.i.uztis.tests.EvaluationsPageTest - Selected '8_5' radio button.
2025-02-13 09:28:10 [main] DEBUG l.i.uztis.tests.EvaluationsPageTest - Selected '8_6' radio button.
2025-02-13 09:28:10 [main] DEBUG l.i.uztis.tests.EvaluationsPageTest - Selected '8_7' radio button.
2025-02-13 09:28:11 [main] DEBUG l.i.uztis.tests.EvaluationsPageTest - Selected '8_8' radio button.
2025-02-13 09:28:11 [main] DEBUG l.i.uztis.tests.EvaluationsPageTest - Selected '8_9' radio button.
2025-02-13 09:28:11 [main] DEBUG l.i.uztis.tests.EvaluationsPageTest - Selected '8_10' radio button.
2025-02-13 09:28:12 [main] DEBUG l.i.uztis.tests.EvaluationsPageTest - Selected '9' radio button.
2025-02-13 09:28:12 [main] DEBUG l.i.uztis.tests.EvaluationsPageTest - Selected '10.1' radio button.
2025-02-13 09:28:12 [main] DEBUG l.i.uztis.tests.EvaluationsPageTest - Selected '10.2' radio button.
2025-02-13 09:28:13 [main] DEBUG l.i.uztis.tests.EvaluationsPageTest - Selected '10.3' radio button.
2025-02-13 09:28:13 [main] DEBUG l.i.uztis.tests.EvaluationsPageTest - Clicked 'Confirm'.
2025-02-13 09:28:14 [main] ERROR l.i.uztis.tests.EvaluationsPageTest - Test 'testFillEvaluationOne' failed with error: element click intercepted: Element <button type="button" class="btn btn--primary">...</button> is not clickable at point (816, 955). Other element would receive the click: <div class="cdk-overlay-backdrop cdk-overlay-dark-backdrop cdk-overlay-backdrop-showing"></div>
  (Session info: chrome=132.0.6834.197)
Build info: version: '4.27.0', revision: 'd6e718d134'
System info: os.name: 'Windows 11', os.arch: 'amd64', os.version: '10.0', java.version: '21.0.3'
Driver info: org.openqa.selenium.chrome.ChromeDriver
Command: [b856d5d252c28c4a7661e12540620700, clickElement {id=f.65E3FA81E7FBEC2D575AA4406B272A5C.d.637F8F1A612C023993CA710371DEF446.e.340}]
Capabilities {acceptInsecureCerts: false, browserName: chrome, browserVersion: 132.0.6834.197, chrome: {chromedriverVersion: 132.0.6834.159 (2d77d3fc445..., userDataDir: C:\Users\INGRID~1.ZAD\AppDa...}, fedcm:accounts: true, goog:chromeOptions: {debuggerAddress: localhost:58517}, networkConnectionEnabled: false, pageLoadStrategy: normal, platformName: windows, proxy: Proxy(), se:cdp: ws://localhost:58517/devtoo..., se:cdpVersion: 132.0.6834.197, setWindowRect: true, strictFileInteractability: false, timeouts: {implicit: 0, pageLoad: 300000, script: 30000}, unhandledPromptBehavior: dismiss and notify, webauthn:extension:credBlob: true, webauthn:extension:largeBlob: true, webauthn:extension:minPinLength: true, webauthn:extension:prf: true, webauthn:virtualAuthenticators: true}
Element: [[ChromeDriver: chrome on windows (b856d5d252c28c4a7661e12540620700)] -> xpath: //common-button[@class='ng-star-inserted']//button[@class='btn btn--primary']]
Session ID: b856d5d252c28c4a7661e12540620700
org.openqa.selenium.ElementClickInterceptedException: element click intercepted: Element <button type="button" class="btn btn--primary">...</button> is not clickable at point (816, 955). Other element would receive the click: <div class="cdk-overlay-backdrop cdk-overlay-dark-backdrop cdk-overlay-backdrop-showing"></div>
  (Session info: chrome=132.0.6834.197)
Build info: version: '4.27.0', revision: 'd6e718d134'
System info: os.name: 'Windows 11', os.arch: 'amd64', os.version: '10.0', java.version: '21.0.3'
Driver info: org.openqa.selenium.chrome.ChromeDriver
Command: [b856d5d252c28c4a7661e12540620700, clickElement {id=f.65E3FA81E7FBEC2D575AA4406B272A5C.d.637F8F1A612C023993CA710371DEF446.e.340}]
Capabilities {acceptInsecureCerts: false, browserName: chrome, browserVersion: 132.0.6834.197, chrome: {chromedriverVersion: 132.0.6834.159 (2d77d3fc445..., userDataDir: C:\Users\INGRID~1.ZAD\AppDa...}, fedcm:accounts: true, goog:chromeOptions: {debuggerAddress: localhost:58517}, networkConnectionEnabled: false, pageLoadStrategy: normal, platformName: windows, proxy: Proxy(), se:cdp: ws://localhost:58517/devtoo..., se:cdpVersion: 132.0.6834.197, setWindowRect: true, strictFileInteractability: false, timeouts: {implicit: 0, pageLoad: 300000, script: 30000}, unhandledPromptBehavior: dismiss and notify, webauthn:extension:credBlob: true, webauthn:extension:largeBlob: true, webauthn:extension:minPinLength: true, webauthn:extension:prf: true, webauthn:virtualAuthenticators: true}
Element: [[ChromeDriver: chrome on windows (b856d5d252c28c4a7661e12540620700)] -> xpath: //common-button[@class='ng-star-inserted']//button[@class='btn btn--primary']]
Session ID: b856d5d252c28c4a7661e12540620700
	at java.base/jdk.internal.reflect.DirectConstructorHandleAccessor.newInstance(DirectConstructorHandleAccessor.java:62)
	at java.base/java.lang.reflect.Constructor.newInstanceWithCaller(Constructor.java:502)
	at java.base/java.lang.reflect.Constructor.newInstance(Constructor.java:486)
	at org.openqa.selenium.remote.ErrorCodec.decode(ErrorCodec.java:167)
	at org.openqa.selenium.remote.codec.w3c.W3CHttpResponseCodec.decode(W3CHttpResponseCodec.java:138)
	at org.openqa.selenium.remote.codec.w3c.W3CHttpResponseCodec.decode(W3CHttpResponseCodec.java:50)
	at org.openqa.selenium.remote.HttpCommandExecutor.execute(HttpCommandExecutor.java:190)
	at org.openqa.selenium.remote.service.DriverCommandExecutor.invokeExecute(DriverCommandExecutor.java:216)
	at org.openqa.selenium.remote.service.DriverCommandExecutor.execute(DriverCommandExecutor.java:174)
	at org.openqa.selenium.remote.RemoteWebDriver.execute(RemoteWebDriver.java:545)
	at org.openqa.selenium.remote.RemoteWebElement.execute(RemoteWebElement.java:223)
	at org.openqa.selenium.remote.RemoteWebElement.click(RemoteWebElement.java:76)
	at java.base/jdk.internal.reflect.DirectMethodHandleAccessor.invoke(DirectMethodHandleAccessor.java:103)
	at java.base/java.lang.reflect.Method.invoke(Method.java:580)
	at org.openqa.selenium.support.pagefactory.internal.LocatingElementHandler.invoke(LocatingElementHandler.java:51)
	at jdk.proxy2/jdk.proxy2.$Proxy14.click(Unknown Source)
	at lt.insoft.uztis.pages.EvaluationsPage.clickButtonConfirmConfirmation(EvaluationsPage.java:143)
	at lt.insoft.uztis.tests.EvaluationsPageTest.testFillEvaluationOne(EvaluationsPageTest.java:160)
	at java.base/jdk.internal.reflect.DirectMethodHandleAccessor.invoke(DirectMethodHandleAccessor.java:103)
	at java.base/java.lang.reflect.Method.invoke(Method.java:580)
	at org.junit.platform.commons.util.ReflectionUtils.invokeMethod(ReflectionUtils.java:728)
	at org.junit.jupiter.engine.execution.MethodInvocation.proceed(MethodInvocation.java:60)
	at org.junit.jupiter.engine.execution.InvocationInterceptorChain$ValidatingInvocation.proceed(InvocationInterceptorChain.java:131)
	at org.junit.jupiter.engine.extension.TimeoutExtension.intercept(TimeoutExtension.java:156)
	at org.junit.jupiter.engine.extension.TimeoutExtension.interceptTestableMethod(TimeoutExtension.java:147)
	at org.junit.jupiter.engine.extension.TimeoutExtension.interceptTestMethod(TimeoutExtension.java:86)
	at org.junit.jupiter.engine.execution.InterceptingExecutableInvoker$ReflectiveInterceptorCall.lambda$ofVoidMethod$0(InterceptingExecutableInvoker.java:103)
	at org.junit.jupiter.engine.execution.InterceptingExecutableInvoker.lambda$invoke$0(InterceptingExecutableInvoker.java:93)
	at org.junit.jupiter.engine.execution.InvocationInterceptorChain$InterceptedInvocation.proceed(InvocationInterceptorChain.java:106)
	at org.junit.jupiter.engine.execution.InvocationInterceptorChain.proceed(InvocationInterceptorChain.java:64)
	at org.junit.jupiter.engine.execution.InvocationInterceptorChain.chainAndInvoke(InvocationInterceptorChain.java:45)
	at org.junit.jupiter.engine.execution.InvocationInterceptorChain.invoke(InvocationInterceptorChain.java:37)
	at org.junit.jupiter.engine.execution.InterceptingExecutableInvoker.invoke(InterceptingExecutableInvoker.java:92)
	at org.junit.jupiter.engine.execution.InterceptingExecutableInvoker.invoke(InterceptingExecutableInvoker.java:86)
	at org.junit.jupiter.engine.descriptor.TestMethodTestDescriptor.lambda$invokeTestMethod$7(TestMethodTestDescriptor.java:218)
	at org.junit.platform.engine.support.hierarchical.ThrowableCollector.execute(ThrowableCollector.java:73)
	at org.junit.jupiter.engine.descriptor.TestMethodTestDescriptor.invokeTestMethod(TestMethodTestDescriptor.java:214)
	at org.junit.jupiter.engine.descriptor.TestMethodTestDescriptor.execute(TestMethodTestDescriptor.java:139)
	at org.junit.jupiter.engine.descriptor.TestMethodTestDescriptor.execute(TestMethodTestDescriptor.java:69)
	at org.junit.platform.engine.support.hierarchical.NodeTestTask.lambda$executeRecursively$6(NodeTestTask.java:151)
	at org.junit.platform.engine.support.hierarchical.ThrowableCollector.execute(ThrowableCollector.java:73)
	at org.junit.platform.engine.support.hierarchical.NodeTestTask.lambda$executeRecursively$8(NodeTestTask.java:141)
	at org.junit.platform.engine.support.hierarchical.Node.around(Node.java:137)
	at org.junit.platform.engine.support.hierarchical.NodeTestTask.lambda$executeRecursively$9(NodeTestTask.java:139)
	at org.junit.platform.engine.support.hierarchical.ThrowableCollector.execute(ThrowableCollector.java:73)
	at org.junit.platform.engine.support.hierarchical.NodeTestTask.executeRecursively(NodeTestTask.java:138)
	at org.junit.platform.engine.support.hierarchical.NodeTestTask.execute(NodeTestTask.java:95)
	at java.base/java.util.ArrayList.forEach(ArrayList.java:1596)
	at org.junit.platform.engine.support.hierarchical.SameThreadHierarchicalTestExecutorService.invokeAll(SameThreadHierarchicalTestExecutorService.java:41)
	at org.junit.platform.engine.support.hierarchical.NodeTestTask.lambda$executeRecursively$6(NodeTestTask.java:155)
	at org.junit.platform.engine.support.hierarchical.ThrowableCollector.execute(ThrowableCollector.java:73)
	at org.junit.platform.engine.support.hierarchical.NodeTestTask.lambda$executeRecursively$8(NodeTestTask.java:141)
	at org.junit.platform.engine.support.hierarchical.Node.around(Node.java:137)
	at org.junit.platform.engine.support.hierarchical.NodeTestTask.lambda$executeRecursively$9(NodeTestTask.java:139)
	at org.junit.platform.engine.support.hierarchical.ThrowableCollector.execute(ThrowableCollector.java:73)
	at org.junit.platform.engine.support.hierarchical.NodeTestTask.executeRecursively(NodeTestTask.java:138)
	at org.junit.platform.engine.support.hierarchical.NodeTestTask.execute(NodeTestTask.java:95)
	at java.base/java.util.ArrayList.forEach(ArrayList.java:1596)
	at org.junit.platform.engine.support.hierarchical.SameThreadHierarchicalTestExecutorService.invokeAll(SameThreadHierarchicalTestExecutorService.java:41)
	at org.junit.platform.engine.support.hierarchical.NodeTestTask.lambda$executeRecursively$6(NodeTestTask.java:155)
	at org.junit.platform.engine.support.hierarchical.ThrowableCollector.execute(ThrowableCollector.java:73)
	at org.junit.platform.engine.support.hierarchical.NodeTestTask.lambda$executeRecursively$8(NodeTestTask.java:141)
	at org.junit.platform.engine.support.hierarchical.Node.around(Node.java:137)
	at org.junit.platform.engine.support.hierarchical.NodeTestTask.lambda$executeRecursively$9(NodeTestTask.java:139)
	at org.junit.platform.engine.support.hierarchical.ThrowableCollector.execute(ThrowableCollector.java:73)
	at org.junit.platform.engine.support.hierarchical.NodeTestTask.executeRecursively(NodeTestTask.java:138)
	at org.junit.platform.engine.support.hierarchical.NodeTestTask.execute(NodeTestTask.java:95)
	at org.junit.platform.engine.support.hierarchical.SameThreadHierarchicalTestExecutorService.submit(SameThreadHierarchicalTestExecutorService.java:35)
	at org.junit.platform.engine.support.hierarchical.HierarchicalTestExecutor.execute(HierarchicalTestExecutor.java:57)
	at org.junit.platform.engine.support.hierarchical.HierarchicalTestEngine.execute(HierarchicalTestEngine.java:54)
	at org.junit.platform.launcher.core.EngineExecutionOrchestrator.execute(EngineExecutionOrchestrator.java:198)
	at org.junit.platform.launcher.core.EngineExecutionOrchestrator.execute(EngineExecutionOrchestrator.java:169)
	at org.junit.platform.launcher.core.EngineExecutionOrchestrator.execute(EngineExecutionOrchestrator.java:93)
	at org.junit.platform.launcher.core.EngineExecutionOrchestrator.lambda$execute$0(EngineExecutionOrchestrator.java:58)
	at org.junit.platform.launcher.core.EngineExecutionOrchestrator.withInterceptedStreams(EngineExecutionOrchestrator.java:141)
	at org.junit.platform.launcher.core.EngineExecutionOrchestrator.execute(EngineExecutionOrchestrator.java:57)
	at org.junit.platform.launcher.core.DefaultLauncher.execute(DefaultLauncher.java:103)
	at org.junit.platform.launcher.core.DefaultLauncher.execute(DefaultLauncher.java:85)
	at org.junit.platform.launcher.core.DelegatingLauncher.execute(DelegatingLauncher.java:47)
	at org.junit.platform.launcher.core.SessionPerRequestLauncher.execute(SessionPerRequestLauncher.java:63)
	at com.intellij.junit5.JUnit5IdeaTestRunner.startRunnerWithArgs(JUnit5IdeaTestRunner.java:57)
	at com.intellij.rt.junit.IdeaTestRunner$Repeater$1.execute(IdeaTestRunner.java:38)
	at com.intellij.rt.execution.junit.TestsRepeater.repeat(TestsRepeater.java:11)
	at com.intellij.rt.junit.IdeaTestRunner$Repeater.startRunnerWithArgs(IdeaTestRunner.java:35)
	at com.intellij.rt.junit.JUnitStarter.prepareStreamsAndStart(JUnitStarter.java:232)
	at com.intellij.rt.junit.JUnitStarter.main(JUnitStarter.java:55)
2025-02-13 09:28:15 [main] INFO  l.insoft.uztis.tests.utils.TestUtils - Screenshot moved to C:\Users\ingrida.zadorozniene\Desktop\Asm\UZTIS\UZTIS_tests\test-output\screenshots\20250213\092815004_testFillEvaluationOne().png
2025-02-13 09:33:03 [main] INFO  lt.insoft.uztis.tests.UztisPageTest - Navigated to https://uztisdev.asseco.lt/home
2025-02-13 09:33:03 [main] INFO  l.i.uztis.tests.EvaluationsPageTest - Starting test:'testFillEvaluationOne'
2025-02-13 09:33:03 [main] INFO  l.i.uztis.tests.EvaluationsPageTest - Starting test:'testNavigateToEvaluationsPage'
2025-02-13 09:33:04 [main] DEBUG l.i.uztis.tests.EvaluationsPageTest - User logged in with test credentials
2025-02-13 09:33:04 [main] DEBUG l.i.uztis.tests.EvaluationsPageTest - Opened 'Application Processing' menu.
2025-02-13 09:33:04 [main] DEBUG l.i.uztis.tests.EvaluationsPageTest - Clicked on 'Evaluations' menu.
2025-02-13 09:33:04 [main] DEBUG l.i.uztis.tests.EvaluationsPageTest - Navigating to evaluations menu.
2025-02-13 09:33:04 [main] INFO  l.i.uztis.tests.EvaluationsPageTest - Test 'testNavigateToEvaluationsPage' completed successfully.
2025-02-13 09:33:05 [main] DEBUG l.i.uztis.tests.EvaluationsPageTest - Clicked on last evaluation.
2025-02-13 09:33:06 [main] DEBUG l.i.uztis.tests.EvaluationsPageTest - Clicked 'Edit'.
2025-02-13 09:33:09 [main] DEBUG l.i.uztis.tests.EvaluationsPageTest - Selected '1.1' radio button.
2025-02-13 09:33:11 [main] DEBUG l.i.uztis.tests.EvaluationsPageTest - Selected '1.2' radio button.
2025-02-13 09:33:13 [main] DEBUG l.i.uztis.tests.EvaluationsPageTest - Selected '1.3' radio button.
2025-02-13 09:33:16 [main] DEBUG l.i.uztis.tests.EvaluationsPageTest - Selected '1.4' radio button.
2025-02-13 09:33:17 [main] DEBUG l.i.uztis.tests.EvaluationsPageTest - Selected '1.5' radio button.
2025-02-13 09:33:18 [main] DEBUG l.i.uztis.tests.EvaluationsPageTest - Selected '2.1' radio button.
2025-02-13 09:33:19 [main] DEBUG l.i.uztis.tests.EvaluationsPageTest - Selected '3.1' radio button.
2025-02-13 09:33:19 [main] DEBUG l.i.uztis.tests.EvaluationsPageTest - Selected '4.2' radio button.
2025-02-13 09:33:20 [main] DEBUG l.i.uztis.tests.EvaluationsPageTest - Selected '5.1' radio button.
2025-02-13 09:33:21 [main] DEBUG l.i.uztis.tests.EvaluationsPageTest - Selected '5.2' radio button.
2025-02-13 09:33:22 [main] DEBUG l.i.uztis.tests.EvaluationsPageTest - Selected '6.1' radio button.
2025-02-13 09:33:23 [main] DEBUG l.i.uztis.tests.EvaluationsPageTest - Clicked on expansion panel 'Not Critical'.
2025-02-13 09:33:26 [main] DEBUG l.i.uztis.tests.EvaluationsPageTest - Selected '7' radio button.
2025-02-13 09:33:27 [main] DEBUG l.i.uztis.tests.EvaluationsPageTest - Selected '8_1' radio button.
2025-02-13 09:33:27 [main] DEBUG l.i.uztis.tests.EvaluationsPageTest - Selected '8_2' radio button.
2025-02-13 09:33:27 [main] DEBUG l.i.uztis.tests.EvaluationsPageTest - Selected '8_3' radio button.
2025-02-13 09:33:28 [main] DEBUG l.i.uztis.tests.EvaluationsPageTest - Selected '8_4' radio button.
2025-02-13 09:33:28 [main] DEBUG l.i.uztis.tests.EvaluationsPageTest - Selected '8_5' radio button.
2025-02-13 09:33:29 [main] DEBUG l.i.uztis.tests.EvaluationsPageTest - Selected '8_6' radio button.
2025-02-13 09:33:29 [main] DEBUG l.i.uztis.tests.EvaluationsPageTest - Selected '8_7' radio button.
2025-02-13 09:33:29 [main] DEBUG l.i.uztis.tests.EvaluationsPageTest - Selected '8_8' radio button.
2025-02-13 09:33:30 [main] DEBUG l.i.uztis.tests.EvaluationsPageTest - Selected '8_9' radio button.
2025-02-13 09:33:30 [main] DEBUG l.i.uztis.tests.EvaluationsPageTest - Selected '8_10' radio button.
2025-02-13 09:33:31 [main] DEBUG l.i.uztis.tests.EvaluationsPageTest - Selected '9' radio button.
2025-02-13 09:33:31 [main] DEBUG l.i.uztis.tests.EvaluationsPageTest - Selected '10.1' radio button.
2025-02-13 09:33:31 [main] DEBUG l.i.uztis.tests.EvaluationsPageTest - Selected '10.2' radio button.
2025-02-13 09:33:32 [main] DEBUG l.i.uztis.tests.EvaluationsPageTest - Selected '10.3' radio button.
2025-02-13 09:33:32 [main] DEBUG l.i.uztis.tests.EvaluationsPageTest - Clicked 'Confirm'.
2025-02-13 09:33:33 [main] ERROR l.i.uztis.tests.EvaluationsPageTest - Test 'testFillEvaluationOne' failed with error: element click intercepted: Element <button type="button" class="btn btn--primary">...</button> is not clickable at point (816, 955). Other element would receive the click: <div class="cdk-overlay-backdrop cdk-overlay-dark-backdrop cdk-overlay-backdrop-showing"></div>
  (Session info: chrome=132.0.6834.197)
Build info: version: '4.27.0', revision: 'd6e718d134'
System info: os.name: 'Windows 11', os.arch: 'amd64', os.version: '10.0', java.version: '21.0.3'
Driver info: org.openqa.selenium.chrome.ChromeDriver
Command: [fbd6f924abd3a945876f35a0c1535874, clickElement {id=f.B1A76E502B895579BAF0B3D82A602098.d.91023C45662FF963FF5A004687FFE3D2.e.353}]
Capabilities {acceptInsecureCerts: false, browserName: chrome, browserVersion: 132.0.6834.197, chrome: {chromedriverVersion: 132.0.6834.159 (2d77d3fc445..., userDataDir: C:\Users\INGRID~1.ZAD\AppDa...}, fedcm:accounts: true, goog:chromeOptions: {debuggerAddress: localhost:58693}, networkConnectionEnabled: false, pageLoadStrategy: normal, platformName: windows, proxy: Proxy(), se:cdp: ws://localhost:58693/devtoo..., se:cdpVersion: 132.0.6834.197, setWindowRect: true, strictFileInteractability: false, timeouts: {implicit: 0, pageLoad: 300000, script: 30000}, unhandledPromptBehavior: dismiss and notify, webauthn:extension:credBlob: true, webauthn:extension:largeBlob: true, webauthn:extension:minPinLength: true, webauthn:extension:prf: true, webauthn:virtualAuthenticators: true}
Element: [[ChromeDriver: chrome on windows (fbd6f924abd3a945876f35a0c1535874)] -> css selector: common-button .btn.btn--primary]
Session ID: fbd6f924abd3a945876f35a0c1535874
org.openqa.selenium.ElementClickInterceptedException: element click intercepted: Element <button type="button" class="btn btn--primary">...</button> is not clickable at point (816, 955). Other element would receive the click: <div class="cdk-overlay-backdrop cdk-overlay-dark-backdrop cdk-overlay-backdrop-showing"></div>
  (Session info: chrome=132.0.6834.197)
Build info: version: '4.27.0', revision: 'd6e718d134'
System info: os.name: 'Windows 11', os.arch: 'amd64', os.version: '10.0', java.version: '21.0.3'
Driver info: org.openqa.selenium.chrome.ChromeDriver
Command: [fbd6f924abd3a945876f35a0c1535874, clickElement {id=f.B1A76E502B895579BAF0B3D82A602098.d.91023C45662FF963FF5A004687FFE3D2.e.353}]
Capabilities {acceptInsecureCerts: false, browserName: chrome, browserVersion: 132.0.6834.197, chrome: {chromedriverVersion: 132.0.6834.159 (2d77d3fc445..., userDataDir: C:\Users\INGRID~1.ZAD\AppDa...}, fedcm:accounts: true, goog:chromeOptions: {debuggerAddress: localhost:58693}, networkConnectionEnabled: false, pageLoadStrategy: normal, platformName: windows, proxy: Proxy(), se:cdp: ws://localhost:58693/devtoo..., se:cdpVersion: 132.0.6834.197, setWindowRect: true, strictFileInteractability: false, timeouts: {implicit: 0, pageLoad: 300000, script: 30000}, unhandledPromptBehavior: dismiss and notify, webauthn:extension:credBlob: true, webauthn:extension:largeBlob: true, webauthn:extension:minPinLength: true, webauthn:extension:prf: true, webauthn:virtualAuthenticators: true}
Element: [[ChromeDriver: chrome on windows (fbd6f924abd3a945876f35a0c1535874)] -> css selector: common-button .btn.btn--primary]
Session ID: fbd6f924abd3a945876f35a0c1535874
	at java.base/jdk.internal.reflect.DirectConstructorHandleAccessor.newInstance(DirectConstructorHandleAccessor.java:62)
	at java.base/java.lang.reflect.Constructor.newInstanceWithCaller(Constructor.java:502)
	at java.base/java.lang.reflect.Constructor.newInstance(Constructor.java:486)
	at org.openqa.selenium.remote.ErrorCodec.decode(ErrorCodec.java:167)
	at org.openqa.selenium.remote.codec.w3c.W3CHttpResponseCodec.decode(W3CHttpResponseCodec.java:138)
	at org.openqa.selenium.remote.codec.w3c.W3CHttpResponseCodec.decode(W3CHttpResponseCodec.java:50)
	at org.openqa.selenium.remote.HttpCommandExecutor.execute(HttpCommandExecutor.java:190)
	at org.openqa.selenium.remote.service.DriverCommandExecutor.invokeExecute(DriverCommandExecutor.java:216)
	at org.openqa.selenium.remote.service.DriverCommandExecutor.execute(DriverCommandExecutor.java:174)
	at org.openqa.selenium.remote.RemoteWebDriver.execute(RemoteWebDriver.java:545)
	at org.openqa.selenium.remote.RemoteWebElement.execute(RemoteWebElement.java:223)
	at org.openqa.selenium.remote.RemoteWebElement.click(RemoteWebElement.java:76)
	at java.base/jdk.internal.reflect.DirectMethodHandleAccessor.invoke(DirectMethodHandleAccessor.java:103)
	at java.base/java.lang.reflect.Method.invoke(Method.java:580)
	at org.openqa.selenium.support.pagefactory.internal.LocatingElementHandler.invoke(LocatingElementHandler.java:51)
	at jdk.proxy2/jdk.proxy2.$Proxy14.click(Unknown Source)
	at lt.insoft.uztis.pages.EvaluationsPage.clickButtonConfirmConfirmation(EvaluationsPage.java:144)
	at lt.insoft.uztis.tests.EvaluationsPageTest.testFillEvaluationOne(EvaluationsPageTest.java:160)
	at java.base/jdk.internal.reflect.DirectMethodHandleAccessor.invoke(DirectMethodHandleAccessor.java:103)
	at java.base/java.lang.reflect.Method.invoke(Method.java:580)
	at org.junit.platform.commons.util.ReflectionUtils.invokeMethod(ReflectionUtils.java:728)
	at org.junit.jupiter.engine.execution.MethodInvocation.proceed(MethodInvocation.java:60)
	at org.junit.jupiter.engine.execution.InvocationInterceptorChain$ValidatingInvocation.proceed(InvocationInterceptorChain.java:131)
	at org.junit.jupiter.engine.extension.TimeoutExtension.intercept(TimeoutExtension.java:156)
	at org.junit.jupiter.engine.extension.TimeoutExtension.interceptTestableMethod(TimeoutExtension.java:147)
	at org.junit.jupiter.engine.extension.TimeoutExtension.interceptTestMethod(TimeoutExtension.java:86)
	at org.junit.jupiter.engine.execution.InterceptingExecutableInvoker$ReflectiveInterceptorCall.lambda$ofVoidMethod$0(InterceptingExecutableInvoker.java:103)
	at org.junit.jupiter.engine.execution.InterceptingExecutableInvoker.lambda$invoke$0(InterceptingExecutableInvoker.java:93)
	at org.junit.jupiter.engine.execution.InvocationInterceptorChain$InterceptedInvocation.proceed(InvocationInterceptorChain.java:106)
	at org.junit.jupiter.engine.execution.InvocationInterceptorChain.proceed(InvocationInterceptorChain.java:64)
	at org.junit.jupiter.engine.execution.InvocationInterceptorChain.chainAndInvoke(InvocationInterceptorChain.java:45)
	at org.junit.jupiter.engine.execution.InvocationInterceptorChain.invoke(InvocationInterceptorChain.java:37)
	at org.junit.jupiter.engine.execution.InterceptingExecutableInvoker.invoke(InterceptingExecutableInvoker.java:92)
	at org.junit.jupiter.engine.execution.InterceptingExecutableInvoker.invoke(InterceptingExecutableInvoker.java:86)
	at org.junit.jupiter.engine.descriptor.TestMethodTestDescriptor.lambda$invokeTestMethod$7(TestMethodTestDescriptor.java:218)
	at org.junit.platform.engine.support.hierarchical.ThrowableCollector.execute(ThrowableCollector.java:73)
	at org.junit.jupiter.engine.descriptor.TestMethodTestDescriptor.invokeTestMethod(TestMethodTestDescriptor.java:214)
	at org.junit.jupiter.engine.descriptor.TestMethodTestDescriptor.execute(TestMethodTestDescriptor.java:139)
	at org.junit.jupiter.engine.descriptor.TestMethodTestDescriptor.execute(TestMethodTestDescriptor.java:69)
	at org.junit.platform.engine.support.hierarchical.NodeTestTask.lambda$executeRecursively$6(NodeTestTask.java:151)
	at org.junit.platform.engine.support.hierarchical.ThrowableCollector.execute(ThrowableCollector.java:73)
	at org.junit.platform.engine.support.hierarchical.NodeTestTask.lambda$executeRecursively$8(NodeTestTask.java:141)
	at org.junit.platform.engine.support.hierarchical.Node.around(Node.java:137)
	at org.junit.platform.engine.support.hierarchical.NodeTestTask.lambda$executeRecursively$9(NodeTestTask.java:139)
	at org.junit.platform.engine.support.hierarchical.ThrowableCollector.execute(ThrowableCollector.java:73)
	at org.junit.platform.engine.support.hierarchical.NodeTestTask.executeRecursively(NodeTestTask.java:138)
	at org.junit.platform.engine.support.hierarchical.NodeTestTask.execute(NodeTestTask.java:95)
	at java.base/java.util.ArrayList.forEach(ArrayList.java:1596)
	at org.junit.platform.engine.support.hierarchical.SameThreadHierarchicalTestExecutorService.invokeAll(SameThreadHierarchicalTestExecutorService.java:41)
	at org.junit.platform.engine.support.hierarchical.NodeTestTask.lambda$executeRecursively$6(NodeTestTask.java:155)
	at org.junit.platform.engine.support.hierarchical.ThrowableCollector.execute(ThrowableCollector.java:73)
	at org.junit.platform.engine.support.hierarchical.NodeTestTask.lambda$executeRecursively$8(NodeTestTask.java:141)
	at org.junit.platform.engine.support.hierarchical.Node.around(Node.java:137)
	at org.junit.platform.engine.support.hierarchical.NodeTestTask.lambda$executeRecursively$9(NodeTestTask.java:139)
	at org.junit.platform.engine.support.hierarchical.ThrowableCollector.execute(ThrowableCollector.java:73)
	at org.junit.platform.engine.support.hierarchical.NodeTestTask.executeRecursively(NodeTestTask.java:138)
	at org.junit.platform.engine.support.hierarchical.NodeTestTask.execute(NodeTestTask.java:95)
	at java.base/java.util.ArrayList.forEach(ArrayList.java:1596)
	at org.junit.platform.engine.support.hierarchical.SameThreadHierarchicalTestExecutorService.invokeAll(SameThreadHierarchicalTestExecutorService.java:41)
	at org.junit.platform.engine.support.hierarchical.NodeTestTask.lambda$executeRecursively$6(NodeTestTask.java:155)
	at org.junit.platform.engine.support.hierarchical.ThrowableCollector.execute(ThrowableCollector.java:73)
	at org.junit.platform.engine.support.hierarchical.NodeTestTask.lambda$executeRecursively$8(NodeTestTask.java:141)
	at org.junit.platform.engine.support.hierarchical.Node.around(Node.java:137)
	at org.junit.platform.engine.support.hierarchical.NodeTestTask.lambda$executeRecursively$9(NodeTestTask.java:139)
	at org.junit.platform.engine.support.hierarchical.ThrowableCollector.execute(ThrowableCollector.java:73)
	at org.junit.platform.engine.support.hierarchical.NodeTestTask.executeRecursively(NodeTestTask.java:138)
	at org.junit.platform.engine.support.hierarchical.NodeTestTask.execute(NodeTestTask.java:95)
	at org.junit.platform.engine.support.hierarchical.SameThreadHierarchicalTestExecutorService.submit(SameThreadHierarchicalTestExecutorService.java:35)
	at org.junit.platform.engine.support.hierarchical.HierarchicalTestExecutor.execute(HierarchicalTestExecutor.java:57)
	at org.junit.platform.engine.support.hierarchical.HierarchicalTestEngine.execute(HierarchicalTestEngine.java:54)
	at org.junit.platform.launcher.core.EngineExecutionOrchestrator.execute(EngineExecutionOrchestrator.java:198)
	at org.junit.platform.launcher.core.EngineExecutionOrchestrator.execute(EngineExecutionOrchestrator.java:169)
	at org.junit.platform.launcher.core.EngineExecutionOrchestrator.execute(EngineExecutionOrchestrator.java:93)
	at org.junit.platform.launcher.core.EngineExecutionOrchestrator.lambda$execute$0(EngineExecutionOrchestrator.java:58)
	at org.junit.platform.launcher.core.EngineExecutionOrchestrator.withInterceptedStreams(EngineExecutionOrchestrator.java:141)
	at org.junit.platform.launcher.core.EngineExecutionOrchestrator.execute(EngineExecutionOrchestrator.java:57)
	at org.junit.platform.launcher.core.DefaultLauncher.execute(DefaultLauncher.java:103)
	at org.junit.platform.launcher.core.DefaultLauncher.execute(DefaultLauncher.java:85)
	at org.junit.platform.launcher.core.DelegatingLauncher.execute(DelegatingLauncher.java:47)
	at org.junit.platform.launcher.core.SessionPerRequestLauncher.execute(SessionPerRequestLauncher.java:63)
	at com.intellij.junit5.JUnit5IdeaTestRunner.startRunnerWithArgs(JUnit5IdeaTestRunner.java:57)
	at com.intellij.rt.junit.IdeaTestRunner$Repeater$1.execute(IdeaTestRunner.java:38)
	at com.intellij.rt.execution.junit.TestsRepeater.repeat(TestsRepeater.java:11)
	at com.intellij.rt.junit.IdeaTestRunner$Repeater.startRunnerWithArgs(IdeaTestRunner.java:35)
	at com.intellij.rt.junit.JUnitStarter.prepareStreamsAndStart(JUnitStarter.java:232)
	at com.intellij.rt.junit.JUnitStarter.main(JUnitStarter.java:55)
2025-02-13 09:33:33 [main] INFO  l.insoft.uztis.tests.utils.TestUtils - Screenshot moved to C:\Users\ingrida.zadorozniene\Desktop\Asm\UZTIS\UZTIS_tests\test-output\screenshots\20250213\093333875_testFillEvaluationOne().png
2025-02-13 09:37:13 [main] INFO  lt.insoft.uztis.tests.UztisPageTest - Navigated to https://uztisdev.asseco.lt/home
2025-02-13 09:37:14 [main] INFO  l.i.uztis.tests.EvaluationsPageTest - Starting test:'testFillEvaluationOne'
2025-02-13 09:37:14 [main] INFO  l.i.uztis.tests.EvaluationsPageTest - Starting test:'testNavigateToEvaluationsPage'
2025-02-13 09:37:14 [main] DEBUG l.i.uztis.tests.EvaluationsPageTest - User logged in with test credentials
2025-02-13 09:37:14 [main] DEBUG l.i.uztis.tests.EvaluationsPageTest - Opened 'Application Processing' menu.
2025-02-13 09:37:15 [main] DEBUG l.i.uztis.tests.EvaluationsPageTest - Clicked on 'Evaluations' menu.
2025-02-13 09:37:15 [main] DEBUG l.i.uztis.tests.EvaluationsPageTest - Navigating to evaluations menu.
2025-02-13 09:37:15 [main] INFO  l.i.uztis.tests.EvaluationsPageTest - Test 'testNavigateToEvaluationsPage' completed successfully.
2025-02-13 09:37:16 [main] DEBUG l.i.uztis.tests.EvaluationsPageTest - Clicked on last evaluation.
2025-02-13 09:37:16 [main] DEBUG l.i.uztis.tests.EvaluationsPageTest - Clicked 'Edit'.
2025-02-13 09:37:19 [main] DEBUG l.i.uztis.tests.EvaluationsPageTest - Selected '1.1' radio button.
2025-02-13 09:37:22 [main] DEBUG l.i.uztis.tests.EvaluationsPageTest - Selected '1.2' radio button.
2025-02-13 09:37:24 [main] DEBUG l.i.uztis.tests.EvaluationsPageTest - Selected '1.3' radio button.
2025-02-13 09:37:26 [main] DEBUG l.i.uztis.tests.EvaluationsPageTest - Selected '1.4' radio button.
2025-02-13 09:37:27 [main] DEBUG l.i.uztis.tests.EvaluationsPageTest - Selected '1.5' radio button.
2025-02-13 09:37:28 [main] DEBUG l.i.uztis.tests.EvaluationsPageTest - Selected '2.1' radio button.
2025-02-13 09:37:29 [main] DEBUG l.i.uztis.tests.EvaluationsPageTest - Selected '3.1' radio button.
2025-02-13 09:37:30 [main] DEBUG l.i.uztis.tests.EvaluationsPageTest - Selected '4.2' radio button.
2025-02-13 09:37:31 [main] DEBUG l.i.uztis.tests.EvaluationsPageTest - Selected '5.1' radio button.
2025-02-13 09:37:32 [main] DEBUG l.i.uztis.tests.EvaluationsPageTest - Selected '5.2' radio button.
2025-02-13 09:37:33 [main] DEBUG l.i.uztis.tests.EvaluationsPageTest - Selected '6.1' radio button.
2025-02-13 09:37:34 [main] DEBUG l.i.uztis.tests.EvaluationsPageTest - Clicked on expansion panel 'Not Critical'.
2025-02-13 09:37:36 [main] DEBUG l.i.uztis.tests.EvaluationsPageTest - Selected '7' radio button.
2025-02-13 09:37:37 [main] DEBUG l.i.uztis.tests.EvaluationsPageTest - Selected '8_1' radio button.
2025-02-13 09:37:38 [main] DEBUG l.i.uztis.tests.EvaluationsPageTest - Selected '8_2' radio button.
2025-02-13 09:37:38 [main] DEBUG l.i.uztis.tests.EvaluationsPageTest - Selected '8_3' radio button.
2025-02-13 09:37:39 [main] DEBUG l.i.uztis.tests.EvaluationsPageTest - Selected '8_4' radio button.
2025-02-13 09:37:39 [main] DEBUG l.i.uztis.tests.EvaluationsPageTest - Selected '8_5' radio button.
2025-02-13 09:37:39 [main] DEBUG l.i.uztis.tests.EvaluationsPageTest - Selected '8_6' radio button.
2025-02-13 09:37:40 [main] DEBUG l.i.uztis.tests.EvaluationsPageTest - Selected '8_7' radio button.
2025-02-13 09:37:40 [main] DEBUG l.i.uztis.tests.EvaluationsPageTest - Selected '8_8' radio button.
2025-02-13 09:37:40 [main] DEBUG l.i.uztis.tests.EvaluationsPageTest - Selected '8_9' radio button.
2025-02-13 09:37:41 [main] DEBUG l.i.uztis.tests.EvaluationsPageTest - Selected '8_10' radio button.
2025-02-13 09:37:41 [main] DEBUG l.i.uztis.tests.EvaluationsPageTest - Selected '9' radio button.
2025-02-13 09:37:42 [main] DEBUG l.i.uztis.tests.EvaluationsPageTest - Selected '10.1' radio button.
2025-02-13 09:37:42 [main] DEBUG l.i.uztis.tests.EvaluationsPageTest - Selected '10.2' radio button.
2025-02-13 09:37:42 [main] DEBUG l.i.uztis.tests.EvaluationsPageTest - Selected '10.3' radio button.
2025-02-13 09:37:43 [main] DEBUG l.i.uztis.tests.EvaluationsPageTest - Clicked 'Confirm'.
2025-02-13 09:37:43 [main] DEBUG l.i.uztis.tests.EvaluationsPageTest - Clicked 'Confirm Confirmation'.
2025-02-13 09:37:43 [main] INFO  l.i.uztis.tests.EvaluationsPageTest - Test 'testFillEvaluationOne' completed successfully.
2025-02-13 09:53:22 [main] INFO  lt.insoft.uztis.tests.UztisPageTest - Navigated to https://uztisdev.asseco.lt/home
2025-02-13 09:53:22 [main] INFO  l.i.uztis.tests.EvaluationsPageTest - Starting test:'testFillEvaluationTwo'
2025-02-13 09:53:22 [main] INFO  l.i.uztis.tests.EvaluationsPageTest - Starting test:'testNavigateToEvaluationsPage'
2025-02-13 09:53:23 [main] DEBUG l.i.uztis.tests.EvaluationsPageTest - User logged in with test credentials
2025-02-13 09:53:23 [main] DEBUG l.i.uztis.tests.EvaluationsPageTest - Opened 'Application Processing' menu.
2025-02-13 09:53:23 [main] DEBUG l.i.uztis.tests.EvaluationsPageTest - Clicked on 'Evaluations' menu.
2025-02-13 09:53:23 [main] DEBUG l.i.uztis.tests.EvaluationsPageTest - Navigating to evaluations menu.
2025-02-13 09:53:23 [main] INFO  l.i.uztis.tests.EvaluationsPageTest - Test 'testNavigateToEvaluationsPage' completed successfully.
2025-02-13 09:53:24 [main] DEBUG l.i.uztis.tests.EvaluationsPageTest - Clicked on last evaluation.
2025-02-13 09:53:25 [main] DEBUG l.i.uztis.tests.EvaluationsPageTest - Clicked 'Edit'.
2025-02-13 09:53:25 [main] DEBUG l.i.uztis.tests.EvaluationsPageTest - Clicked 'Confirm'.
2025-02-13 09:53:35 [main] ERROR l.i.uztis.tests.EvaluationsPageTest - Test 'testFillEvaluationTwo' failed with error: no such element: Unable to locate element: {"method":"css selector","selector":".reverse-mobile .ng-star-inserted:nth-of-type(2)"}
  (Session info: chrome=132.0.6834.197)
For documentation on this error, please visit: https://www.selenium.dev/documentation/webdriver/troubleshooting/errors#no-such-element-exception
Build info: version: '4.27.0', revision: 'd6e718d134'
System info: os.name: 'Windows 11', os.arch: 'amd64', os.version: '10.0', java.version: '21.0.3'
Driver info: org.openqa.selenium.chrome.ChromeDriver
Command: [09999fd6a78c1e71f0906d529d9a1d2c, findElement {value=.reverse-mobile .ng-star-inserted:nth-of-type(2), using=css selector}]
Capabilities {acceptInsecureCerts: false, browserName: chrome, browserVersion: 132.0.6834.197, chrome: {chromedriverVersion: 132.0.6834.159 (2d77d3fc445..., userDataDir: C:\Users\INGRID~1.ZAD\AppDa...}, fedcm:accounts: true, goog:chromeOptions: {debuggerAddress: localhost:59374}, networkConnectionEnabled: false, pageLoadStrategy: normal, platformName: windows, proxy: Proxy(), se:cdp: ws://localhost:59374/devtoo..., se:cdpVersion: 132.0.6834.197, setWindowRect: true, strictFileInteractability: false, timeouts: {implicit: 0, pageLoad: 300000, script: 30000}, unhandledPromptBehavior: dismiss and notify, webauthn:extension:credBlob: true, webauthn:extension:largeBlob: true, webauthn:extension:minPinLength: true, webauthn:extension:prf: true, webauthn:virtualAuthenticators: true}
Session ID: 09999fd6a78c1e71f0906d529d9a1d2c
org.openqa.selenium.NoSuchElementException: no such element: Unable to locate element: {"method":"css selector","selector":".reverse-mobile .ng-star-inserted:nth-of-type(2)"}
  (Session info: chrome=132.0.6834.197)
For documentation on this error, please visit: https://www.selenium.dev/documentation/webdriver/troubleshooting/errors#no-such-element-exception
Build info: version: '4.27.0', revision: 'd6e718d134'
System info: os.name: 'Windows 11', os.arch: 'amd64', os.version: '10.0', java.version: '21.0.3'
Driver info: org.openqa.selenium.chrome.ChromeDriver
Command: [09999fd6a78c1e71f0906d529d9a1d2c, findElement {value=.reverse-mobile .ng-star-inserted:nth-of-type(2), using=css selector}]
Capabilities {acceptInsecureCerts: false, browserName: chrome, browserVersion: 132.0.6834.197, chrome: {chromedriverVersion: 132.0.6834.159 (2d77d3fc445..., userDataDir: C:\Users\INGRID~1.ZAD\AppDa...}, fedcm:accounts: true, goog:chromeOptions: {debuggerAddress: localhost:59374}, networkConnectionEnabled: false, pageLoadStrategy: normal, platformName: windows, proxy: Proxy(), se:cdp: ws://localhost:59374/devtoo..., se:cdpVersion: 132.0.6834.197, setWindowRect: true, strictFileInteractability: false, timeouts: {implicit: 0, pageLoad: 300000, script: 30000}, unhandledPromptBehavior: dismiss and notify, webauthn:extension:credBlob: true, webauthn:extension:largeBlob: true, webauthn:extension:minPinLength: true, webauthn:extension:prf: true, webauthn:virtualAuthenticators: true}
Session ID: 09999fd6a78c1e71f0906d529d9a1d2c
	at java.base/jdk.internal.reflect.DirectConstructorHandleAccessor.newInstance(DirectConstructorHandleAccessor.java:62)
	at java.base/java.lang.reflect.Constructor.newInstanceWithCaller(Constructor.java:502)
	at java.base/java.lang.reflect.Constructor.newInstance(Constructor.java:486)
	at org.openqa.selenium.remote.ErrorCodec.decode(ErrorCodec.java:167)
	at org.openqa.selenium.remote.codec.w3c.W3CHttpResponseCodec.decode(W3CHttpResponseCodec.java:138)
	at org.openqa.selenium.remote.codec.w3c.W3CHttpResponseCodec.decode(W3CHttpResponseCodec.java:50)
	at org.openqa.selenium.remote.HttpCommandExecutor.execute(HttpCommandExecutor.java:190)
	at org.openqa.selenium.remote.service.DriverCommandExecutor.invokeExecute(DriverCommandExecutor.java:216)
	at org.openqa.selenium.remote.service.DriverCommandExecutor.execute(DriverCommandExecutor.java:174)
	at org.openqa.selenium.remote.RemoteWebDriver.execute(RemoteWebDriver.java:545)
	at org.openqa.selenium.remote.ElementLocation$ElementFinder$2.findElement(ElementLocation.java:165)
	at org.openqa.selenium.remote.ElementLocation.findElement(ElementLocation.java:59)
	at org.openqa.selenium.remote.RemoteWebDriver.findElement(RemoteWebDriver.java:368)
	at org.openqa.selenium.remote.RemoteWebDriver.findElement(RemoteWebDriver.java:362)
	at org.openqa.selenium.support.pagefactory.DefaultElementLocator.findElement(DefaultElementLocator.java:68)
	at org.openqa.selenium.support.pagefactory.internal.LocatingElementHandler.invoke(LocatingElementHandler.java:38)
	at jdk.proxy2/jdk.proxy2.$Proxy14.click(Unknown Source)
	at lt.insoft.uztis.pages.EvaluationsPage.clickButtonConfirmConfirmation(EvaluationsPage.java:148)
	at lt.insoft.uztis.tests.EvaluationsPageTest.testFillEvaluationTwo(EvaluationsPageTest.java:205)
	at java.base/jdk.internal.reflect.DirectMethodHandleAccessor.invoke(DirectMethodHandleAccessor.java:103)
	at java.base/java.lang.reflect.Method.invoke(Method.java:580)
	at org.junit.platform.commons.util.ReflectionUtils.invokeMethod(ReflectionUtils.java:728)
	at org.junit.jupiter.engine.execution.MethodInvocation.proceed(MethodInvocation.java:60)
	at org.junit.jupiter.engine.execution.InvocationInterceptorChain$ValidatingInvocation.proceed(InvocationInterceptorChain.java:131)
	at org.junit.jupiter.engine.extension.TimeoutExtension.intercept(TimeoutExtension.java:156)
	at org.junit.jupiter.engine.extension.TimeoutExtension.interceptTestableMethod(TimeoutExtension.java:147)
	at org.junit.jupiter.engine.extension.TimeoutExtension.interceptTestMethod(TimeoutExtension.java:86)
	at org.junit.jupiter.engine.execution.InterceptingExecutableInvoker$ReflectiveInterceptorCall.lambda$ofVoidMethod$0(InterceptingExecutableInvoker.java:103)
	at org.junit.jupiter.engine.execution.InterceptingExecutableInvoker.lambda$invoke$0(InterceptingExecutableInvoker.java:93)
	at org.junit.jupiter.engine.execution.InvocationInterceptorChain$InterceptedInvocation.proceed(InvocationInterceptorChain.java:106)
	at org.junit.jupiter.engine.execution.InvocationInterceptorChain.proceed(InvocationInterceptorChain.java:64)
	at org.junit.jupiter.engine.execution.InvocationInterceptorChain.chainAndInvoke(InvocationInterceptorChain.java:45)
	at org.junit.jupiter.engine.execution.InvocationInterceptorChain.invoke(InvocationInterceptorChain.java:37)
	at org.junit.jupiter.engine.execution.InterceptingExecutableInvoker.invoke(InterceptingExecutableInvoker.java:92)
	at org.junit.jupiter.engine.execution.InterceptingExecutableInvoker.invoke(InterceptingExecutableInvoker.java:86)
	at org.junit.jupiter.engine.descriptor.TestMethodTestDescriptor.lambda$invokeTestMethod$7(TestMethodTestDescriptor.java:218)
	at org.junit.platform.engine.support.hierarchical.ThrowableCollector.execute(ThrowableCollector.java:73)
	at org.junit.jupiter.engine.descriptor.TestMethodTestDescriptor.invokeTestMethod(TestMethodTestDescriptor.java:214)
	at org.junit.jupiter.engine.descriptor.TestMethodTestDescriptor.execute(TestMethodTestDescriptor.java:139)
	at org.junit.jupiter.engine.descriptor.TestMethodTestDescriptor.execute(TestMethodTestDescriptor.java:69)
	at org.junit.platform.engine.support.hierarchical.NodeTestTask.lambda$executeRecursively$6(NodeTestTask.java:151)
	at org.junit.platform.engine.support.hierarchical.ThrowableCollector.execute(ThrowableCollector.java:73)
	at org.junit.platform.engine.support.hierarchical.NodeTestTask.lambda$executeRecursively$8(NodeTestTask.java:141)
	at org.junit.platform.engine.support.hierarchical.Node.around(Node.java:137)
	at org.junit.platform.engine.support.hierarchical.NodeTestTask.lambda$executeRecursively$9(NodeTestTask.java:139)
	at org.junit.platform.engine.support.hierarchical.ThrowableCollector.execute(ThrowableCollector.java:73)
	at org.junit.platform.engine.support.hierarchical.NodeTestTask.executeRecursively(NodeTestTask.java:138)
	at org.junit.platform.engine.support.hierarchical.NodeTestTask.execute(NodeTestTask.java:95)
	at java.base/java.util.ArrayList.forEach(ArrayList.java:1596)
	at org.junit.platform.engine.support.hierarchical.SameThreadHierarchicalTestExecutorService.invokeAll(SameThreadHierarchicalTestExecutorService.java:41)
	at org.junit.platform.engine.support.hierarchical.NodeTestTask.lambda$executeRecursively$6(NodeTestTask.java:155)
	at org.junit.platform.engine.support.hierarchical.ThrowableCollector.execute(ThrowableCollector.java:73)
	at org.junit.platform.engine.support.hierarchical.NodeTestTask.lambda$executeRecursively$8(NodeTestTask.java:141)
	at org.junit.platform.engine.support.hierarchical.Node.around(Node.java:137)
	at org.junit.platform.engine.support.hierarchical.NodeTestTask.lambda$executeRecursively$9(NodeTestTask.java:139)
	at org.junit.platform.engine.support.hierarchical.ThrowableCollector.execute(ThrowableCollector.java:73)
	at org.junit.platform.engine.support.hierarchical.NodeTestTask.executeRecursively(NodeTestTask.java:138)
	at org.junit.platform.engine.support.hierarchical.NodeTestTask.execute(NodeTestTask.java:95)
	at java.base/java.util.ArrayList.forEach(ArrayList.java:1596)
	at org.junit.platform.engine.support.hierarchical.SameThreadHierarchicalTestExecutorService.invokeAll(SameThreadHierarchicalTestExecutorService.java:41)
	at org.junit.platform.engine.support.hierarchical.NodeTestTask.lambda$executeRecursively$6(NodeTestTask.java:155)
	at org.junit.platform.engine.support.hierarchical.ThrowableCollector.execute(ThrowableCollector.java:73)
	at org.junit.platform.engine.support.hierarchical.NodeTestTask.lambda$executeRecursively$8(NodeTestTask.java:141)
	at org.junit.platform.engine.support.hierarchical.Node.around(Node.java:137)
	at org.junit.platform.engine.support.hierarchical.NodeTestTask.lambda$executeRecursively$9(NodeTestTask.java:139)
	at org.junit.platform.engine.support.hierarchical.ThrowableCollector.execute(ThrowableCollector.java:73)
	at org.junit.platform.engine.support.hierarchical.NodeTestTask.executeRecursively(NodeTestTask.java:138)
	at org.junit.platform.engine.support.hierarchical.NodeTestTask.execute(NodeTestTask.java:95)
	at org.junit.platform.engine.support.hierarchical.SameThreadHierarchicalTestExecutorService.submit(SameThreadHierarchicalTestExecutorService.java:35)
	at org.junit.platform.engine.support.hierarchical.HierarchicalTestExecutor.execute(HierarchicalTestExecutor.java:57)
	at org.junit.platform.engine.support.hierarchical.HierarchicalTestEngine.execute(HierarchicalTestEngine.java:54)
	at org.junit.platform.launcher.core.EngineExecutionOrchestrator.execute(EngineExecutionOrchestrator.java:198)
	at org.junit.platform.launcher.core.EngineExecutionOrchestrator.execute(EngineExecutionOrchestrator.java:169)
	at org.junit.platform.launcher.core.EngineExecutionOrchestrator.execute(EngineExecutionOrchestrator.java:93)
	at org.junit.platform.launcher.core.EngineExecutionOrchestrator.lambda$execute$0(EngineExecutionOrchestrator.java:58)
	at org.junit.platform.launcher.core.EngineExecutionOrchestrator.withInterceptedStreams(EngineExecutionOrchestrator.java:141)
	at org.junit.platform.launcher.core.EngineExecutionOrchestrator.execute(EngineExecutionOrchestrator.java:57)
	at org.junit.platform.launcher.core.DefaultLauncher.execute(DefaultLauncher.java:103)
	at org.junit.platform.launcher.core.DefaultLauncher.execute(DefaultLauncher.java:85)
	at org.junit.platform.launcher.core.DelegatingLauncher.execute(DelegatingLauncher.java:47)
	at org.junit.platform.launcher.core.SessionPerRequestLauncher.execute(SessionPerRequestLauncher.java:63)
	at com.intellij.junit5.JUnit5IdeaTestRunner.startRunnerWithArgs(JUnit5IdeaTestRunner.java:57)
	at com.intellij.rt.junit.IdeaTestRunner$Repeater$1.execute(IdeaTestRunner.java:38)
	at com.intellij.rt.execution.junit.TestsRepeater.repeat(TestsRepeater.java:11)
	at com.intellij.rt.junit.IdeaTestRunner$Repeater.startRunnerWithArgs(IdeaTestRunner.java:35)
	at com.intellij.rt.junit.JUnitStarter.prepareStreamsAndStart(JUnitStarter.java:232)
	at com.intellij.rt.junit.JUnitStarter.main(JUnitStarter.java:55)
2025-02-13 09:53:35 [main] INFO  l.insoft.uztis.tests.utils.TestUtils - Screenshot moved to C:\Users\ingrida.zadorozniene\Desktop\Asm\UZTIS\UZTIS_tests\test-output\screenshots\20250213\095335810_testFillEvaluationTwo().png
2025-02-13 10:28:17 [main] INFO  lt.insoft.uztis.tests.UztisPageTest - Navigated to https://uztisdev.asseco.lt/home
2025-02-13 10:28:17 [main] INFO  l.i.uztis.tests.EvaluationsPageTest - Starting test:'testFillEvaluationTwo'
2025-02-13 10:28:17 [main] INFO  l.i.uztis.tests.EvaluationsPageTest - Starting test:'testNavigateToEvaluationsPage'
2025-02-13 10:28:18 [main] DEBUG l.i.uztis.tests.EvaluationsPageTest - User logged in with test credentials
2025-02-13 10:28:18 [main] DEBUG l.i.uztis.tests.EvaluationsPageTest - Opened 'Application Processing' menu.
2025-02-13 10:28:18 [main] DEBUG l.i.uztis.tests.EvaluationsPageTest - Clicked on 'Evaluations' menu.
2025-02-13 10:28:18 [main] DEBUG l.i.uztis.tests.EvaluationsPageTest - Navigating to evaluations menu.
2025-02-13 10:28:18 [main] INFO  l.i.uztis.tests.EvaluationsPageTest - Test 'testNavigateToEvaluationsPage' completed successfully.
2025-02-13 10:28:19 [main] DEBUG l.i.uztis.tests.EvaluationsPageTest - Clicked on last evaluation.
2025-02-13 10:28:19 [main] DEBUG l.i.uztis.tests.EvaluationsPageTest - Clicked 'Edit'.
2025-02-13 10:28:20 [main] DEBUG l.i.uztis.tests.EvaluationsPageTest - Entered commission date.
2025-02-13 10:28:30 [main] ERROR l.i.uztis.tests.EvaluationsPageTest - Test 'testFillEvaluationTwo' failed with error: no such element: Unable to locate element: {"method":"xpath","selector":"//input[@name='mat-radio-group-65' and @value='false']"}
  (Session info: chrome=132.0.6834.197)
For documentation on this error, please visit: https://www.selenium.dev/documentation/webdriver/troubleshooting/errors#no-such-element-exception
Build info: version: '4.27.0', revision: 'd6e718d134'
System info: os.name: 'Windows 11', os.arch: 'amd64', os.version: '10.0', java.version: '21.0.3'
Driver info: org.openqa.selenium.chrome.ChromeDriver
Command: [af19b2d6ba35c794d95c2b0ddbd44733, findElement {using=xpath, value=//input[@name='mat-radio-group-65' and @value='false']}]
Capabilities {acceptInsecureCerts: false, browserName: chrome, browserVersion: 132.0.6834.197, chrome: {chromedriverVersion: 132.0.6834.159 (2d77d3fc445..., userDataDir: C:\Users\INGRID~1.ZAD\AppDa...}, fedcm:accounts: true, goog:chromeOptions: {debuggerAddress: localhost:60512}, networkConnectionEnabled: false, pageLoadStrategy: normal, platformName: windows, proxy: Proxy(), se:cdp: ws://localhost:60512/devtoo..., se:cdpVersion: 132.0.6834.197, setWindowRect: true, strictFileInteractability: false, timeouts: {implicit: 0, pageLoad: 300000, script: 30000}, unhandledPromptBehavior: dismiss and notify, webauthn:extension:credBlob: true, webauthn:extension:largeBlob: true, webauthn:extension:minPinLength: true, webauthn:extension:prf: true, webauthn:virtualAuthenticators: true}
Session ID: af19b2d6ba35c794d95c2b0ddbd44733
org.openqa.selenium.NoSuchElementException: no such element: Unable to locate element: {"method":"xpath","selector":"//input[@name='mat-radio-group-65' and @value='false']"}
  (Session info: chrome=132.0.6834.197)
For documentation on this error, please visit: https://www.selenium.dev/documentation/webdriver/troubleshooting/errors#no-such-element-exception
Build info: version: '4.27.0', revision: 'd6e718d134'
System info: os.name: 'Windows 11', os.arch: 'amd64', os.version: '10.0', java.version: '21.0.3'
Driver info: org.openqa.selenium.chrome.ChromeDriver
Command: [af19b2d6ba35c794d95c2b0ddbd44733, findElement {using=xpath, value=//input[@name='mat-radio-group-65' and @value='false']}]
Capabilities {acceptInsecureCerts: false, browserName: chrome, browserVersion: 132.0.6834.197, chrome: {chromedriverVersion: 132.0.6834.159 (2d77d3fc445..., userDataDir: C:\Users\INGRID~1.ZAD\AppDa...}, fedcm:accounts: true, goog:chromeOptions: {debuggerAddress: localhost:60512}, networkConnectionEnabled: false, pageLoadStrategy: normal, platformName: windows, proxy: Proxy(), se:cdp: ws://localhost:60512/devtoo..., se:cdpVersion: 132.0.6834.197, setWindowRect: true, strictFileInteractability: false, timeouts: {implicit: 0, pageLoad: 300000, script: 30000}, unhandledPromptBehavior: dismiss and notify, webauthn:extension:credBlob: true, webauthn:extension:largeBlob: true, webauthn:extension:minPinLength: true, webauthn:extension:prf: true, webauthn:virtualAuthenticators: true}
Session ID: af19b2d6ba35c794d95c2b0ddbd44733
	at java.base/jdk.internal.reflect.DirectConstructorHandleAccessor.newInstance(DirectConstructorHandleAccessor.java:62)
	at java.base/java.lang.reflect.Constructor.newInstanceWithCaller(Constructor.java:502)
	at java.base/java.lang.reflect.Constructor.newInstance(Constructor.java:486)
	at org.openqa.selenium.remote.ErrorCodec.decode(ErrorCodec.java:167)
	at org.openqa.selenium.remote.codec.w3c.W3CHttpResponseCodec.decode(W3CHttpResponseCodec.java:138)
	at org.openqa.selenium.remote.codec.w3c.W3CHttpResponseCodec.decode(W3CHttpResponseCodec.java:50)
	at org.openqa.selenium.remote.HttpCommandExecutor.execute(HttpCommandExecutor.java:190)
	at org.openqa.selenium.remote.service.DriverCommandExecutor.invokeExecute(DriverCommandExecutor.java:216)
	at org.openqa.selenium.remote.service.DriverCommandExecutor.execute(DriverCommandExecutor.java:174)
	at org.openqa.selenium.remote.RemoteWebDriver.execute(RemoteWebDriver.java:545)
	at org.openqa.selenium.remote.ElementLocation$ElementFinder$2.findElement(ElementLocation.java:165)
	at org.openqa.selenium.remote.ElementLocation.findElement(ElementLocation.java:59)
	at org.openqa.selenium.remote.RemoteWebDriver.findElement(RemoteWebDriver.java:368)
	at org.openqa.selenium.remote.RemoteWebDriver.findElement(RemoteWebDriver.java:362)
	at org.openqa.selenium.support.pagefactory.DefaultElementLocator.findElement(DefaultElementLocator.java:68)
	at org.openqa.selenium.support.pagefactory.internal.LocatingElementHandler.invoke(LocatingElementHandler.java:38)
	at jdk.proxy2/jdk.proxy2.$Proxy14.isSelected(Unknown Source)
	at lt.insoft.uztis.pages.EvaluationsPage.clickRadioButtonWithoutCommission(EvaluationsPage.java:352)
	at lt.insoft.uztis.tests.EvaluationsPageTest.testFillEvaluationTwo(EvaluationsPageTest.java:190)
	at java.base/jdk.internal.reflect.DirectMethodHandleAccessor.invoke(DirectMethodHandleAccessor.java:103)
	at java.base/java.lang.reflect.Method.invoke(Method.java:580)
	at org.junit.platform.commons.util.ReflectionUtils.invokeMethod(ReflectionUtils.java:728)
	at org.junit.jupiter.engine.execution.MethodInvocation.proceed(MethodInvocation.java:60)
	at org.junit.jupiter.engine.execution.InvocationInterceptorChain$ValidatingInvocation.proceed(InvocationInterceptorChain.java:131)
	at org.junit.jupiter.engine.extension.TimeoutExtension.intercept(TimeoutExtension.java:156)
	at org.junit.jupiter.engine.extension.TimeoutExtension.interceptTestableMethod(TimeoutExtension.java:147)
	at org.junit.jupiter.engine.extension.TimeoutExtension.interceptTestMethod(TimeoutExtension.java:86)
	at org.junit.jupiter.engine.execution.InterceptingExecutableInvoker$ReflectiveInterceptorCall.lambda$ofVoidMethod$0(InterceptingExecutableInvoker.java:103)
	at org.junit.jupiter.engine.execution.InterceptingExecutableInvoker.lambda$invoke$0(InterceptingExecutableInvoker.java:93)
	at org.junit.jupiter.engine.execution.InvocationInterceptorChain$InterceptedInvocation.proceed(InvocationInterceptorChain.java:106)
	at org.junit.jupiter.engine.execution.InvocationInterceptorChain.proceed(InvocationInterceptorChain.java:64)
	at org.junit.jupiter.engine.execution.InvocationInterceptorChain.chainAndInvoke(InvocationInterceptorChain.java:45)
	at org.junit.jupiter.engine.execution.InvocationInterceptorChain.invoke(InvocationInterceptorChain.java:37)
	at org.junit.jupiter.engine.execution.InterceptingExecutableInvoker.invoke(InterceptingExecutableInvoker.java:92)
	at org.junit.jupiter.engine.execution.InterceptingExecutableInvoker.invoke(InterceptingExecutableInvoker.java:86)
	at org.junit.jupiter.engine.descriptor.TestMethodTestDescriptor.lambda$invokeTestMethod$7(TestMethodTestDescriptor.java:218)
	at org.junit.platform.engine.support.hierarchical.ThrowableCollector.execute(ThrowableCollector.java:73)
	at org.junit.jupiter.engine.descriptor.TestMethodTestDescriptor.invokeTestMethod(TestMethodTestDescriptor.java:214)
	at org.junit.jupiter.engine.descriptor.TestMethodTestDescriptor.execute(TestMethodTestDescriptor.java:139)
	at org.junit.jupiter.engine.descriptor.TestMethodTestDescriptor.execute(TestMethodTestDescriptor.java:69)
	at org.junit.platform.engine.support.hierarchical.NodeTestTask.lambda$executeRecursively$6(NodeTestTask.java:151)
	at org.junit.platform.engine.support.hierarchical.ThrowableCollector.execute(ThrowableCollector.java:73)
	at org.junit.platform.engine.support.hierarchical.NodeTestTask.lambda$executeRecursively$8(NodeTestTask.java:141)
	at org.junit.platform.engine.support.hierarchical.Node.around(Node.java:137)
	at org.junit.platform.engine.support.hierarchical.NodeTestTask.lambda$executeRecursively$9(NodeTestTask.java:139)
	at org.junit.platform.engine.support.hierarchical.ThrowableCollector.execute(ThrowableCollector.java:73)
	at org.junit.platform.engine.support.hierarchical.NodeTestTask.executeRecursively(NodeTestTask.java:138)
	at org.junit.platform.engine.support.hierarchical.NodeTestTask.execute(NodeTestTask.java:95)
	at java.base/java.util.ArrayList.forEach(ArrayList.java:1596)
	at org.junit.platform.engine.support.hierarchical.SameThreadHierarchicalTestExecutorService.invokeAll(SameThreadHierarchicalTestExecutorService.java:41)
	at org.junit.platform.engine.support.hierarchical.NodeTestTask.lambda$executeRecursively$6(NodeTestTask.java:155)
	at org.junit.platform.engine.support.hierarchical.ThrowableCollector.execute(ThrowableCollector.java:73)
	at org.junit.platform.engine.support.hierarchical.NodeTestTask.lambda$executeRecursively$8(NodeTestTask.java:141)
	at org.junit.platform.engine.support.hierarchical.Node.around(Node.java:137)
	at org.junit.platform.engine.support.hierarchical.NodeTestTask.lambda$executeRecursively$9(NodeTestTask.java:139)
	at org.junit.platform.engine.support.hierarchical.ThrowableCollector.execute(ThrowableCollector.java:73)
	at org.junit.platform.engine.support.hierarchical.NodeTestTask.executeRecursively(NodeTestTask.java:138)
	at org.junit.platform.engine.support.hierarchical.NodeTestTask.execute(NodeTestTask.java:95)
	at java.base/java.util.ArrayList.forEach(ArrayList.java:1596)
	at org.junit.platform.engine.support.hierarchical.SameThreadHierarchicalTestExecutorService.invokeAll(SameThreadHierarchicalTestExecutorService.java:41)
	at org.junit.platform.engine.support.hierarchical.NodeTestTask.lambda$executeRecursively$6(NodeTestTask.java:155)
	at org.junit.platform.engine.support.hierarchical.ThrowableCollector.execute(ThrowableCollector.java:73)
	at org.junit.platform.engine.support.hierarchical.NodeTestTask.lambda$executeRecursively$8(NodeTestTask.java:141)
	at org.junit.platform.engine.support.hierarchical.Node.around(Node.java:137)
	at org.junit.platform.engine.support.hierarchical.NodeTestTask.lambda$executeRecursively$9(NodeTestTask.java:139)
	at org.junit.platform.engine.support.hierarchical.ThrowableCollector.execute(ThrowableCollector.java:73)
	at org.junit.platform.engine.support.hierarchical.NodeTestTask.executeRecursively(NodeTestTask.java:138)
	at org.junit.platform.engine.support.hierarchical.NodeTestTask.execute(NodeTestTask.java:95)
	at org.junit.platform.engine.support.hierarchical.SameThreadHierarchicalTestExecutorService.submit(SameThreadHierarchicalTestExecutorService.java:35)
	at org.junit.platform.engine.support.hierarchical.HierarchicalTestExecutor.execute(HierarchicalTestExecutor.java:57)
	at org.junit.platform.engine.support.hierarchical.HierarchicalTestEngine.execute(HierarchicalTestEngine.java:54)
	at org.junit.platform.launcher.core.EngineExecutionOrchestrator.execute(EngineExecutionOrchestrator.java:198)
	at org.junit.platform.launcher.core.EngineExecutionOrchestrator.execute(EngineExecutionOrchestrator.java:169)
	at org.junit.platform.launcher.core.EngineExecutionOrchestrator.execute(EngineExecutionOrchestrator.java:93)
	at org.junit.platform.launcher.core.EngineExecutionOrchestrator.lambda$execute$0(EngineExecutionOrchestrator.java:58)
	at org.junit.platform.launcher.core.EngineExecutionOrchestrator.withInterceptedStreams(EngineExecutionOrchestrator.java:141)
	at org.junit.platform.launcher.core.EngineExecutionOrchestrator.execute(EngineExecutionOrchestrator.java:57)
	at org.junit.platform.launcher.core.DefaultLauncher.execute(DefaultLauncher.java:103)
	at org.junit.platform.launcher.core.DefaultLauncher.execute(DefaultLauncher.java:85)
	at org.junit.platform.launcher.core.DelegatingLauncher.execute(DelegatingLauncher.java:47)
	at org.junit.platform.launcher.core.SessionPerRequestLauncher.execute(SessionPerRequestLauncher.java:63)
	at com.intellij.junit5.JUnit5IdeaTestRunner.startRunnerWithArgs(JUnit5IdeaTestRunner.java:57)
	at com.intellij.rt.junit.IdeaTestRunner$Repeater$1.execute(IdeaTestRunner.java:38)
	at com.intellij.rt.execution.junit.TestsRepeater.repeat(TestsRepeater.java:11)
	at com.intellij.rt.junit.IdeaTestRunner$Repeater.startRunnerWithArgs(IdeaTestRunner.java:35)
	at com.intellij.rt.junit.JUnitStarter.prepareStreamsAndStart(JUnitStarter.java:232)
	at com.intellij.rt.junit.JUnitStarter.main(JUnitStarter.java:55)
2025-02-13 10:28:30 [main] INFO  l.insoft.uztis.tests.utils.TestUtils - Screenshot moved to C:\Users\ingrida.zadorozniene\Desktop\Asm\UZTIS\UZTIS_tests\test-output\screenshots\20250213\102830995_testFillEvaluationTwo().png
2025-02-13 10:39:12 [main] INFO  lt.insoft.uztis.tests.UztisPageTest - Navigated to https://uztisdev.asseco.lt/home
2025-02-13 10:39:12 [main] INFO  l.i.uztis.tests.EvaluationsPageTest - Starting test:'testFillEvaluationTwo'
2025-02-13 10:39:12 [main] INFO  l.i.uztis.tests.EvaluationsPageTest - Starting test:'testNavigateToEvaluationsPage'
2025-02-13 10:39:12 [main] DEBUG l.i.uztis.tests.EvaluationsPageTest - User logged in with test credentials
2025-02-13 10:39:13 [main] DEBUG l.i.uztis.tests.EvaluationsPageTest - Opened 'Application Processing' menu.
2025-02-13 10:39:13 [main] DEBUG l.i.uztis.tests.EvaluationsPageTest - Clicked on 'Evaluations' menu.
2025-02-13 10:39:13 [main] DEBUG l.i.uztis.tests.EvaluationsPageTest - Navigating to evaluations menu.
2025-02-13 10:39:13 [main] INFO  l.i.uztis.tests.EvaluationsPageTest - Test 'testNavigateToEvaluationsPage' completed successfully.
2025-02-13 10:39:14 [main] DEBUG l.i.uztis.tests.EvaluationsPageTest - Clicked on last evaluation.
2025-02-13 10:39:14 [main] DEBUG l.i.uztis.tests.EvaluationsPageTest - Clicked 'Edit'.
2025-02-13 10:39:15 [main] DEBUG l.i.uztis.tests.EvaluationsPageTest - Entered commission date.
2025-02-13 10:39:25 [main] ERROR l.i.uztis.tests.EvaluationsPageTest - Test 'testFillEvaluationTwo' failed with error: no such element: Unable to locate element: {"method":"xpath","selector":"//label[text()='Ne']/preceding-sibling::input"}
  (Session info: chrome=132.0.6834.197)
For documentation on this error, please visit: https://www.selenium.dev/documentation/webdriver/troubleshooting/errors#no-such-element-exception
Build info: version: '4.27.0', revision: 'd6e718d134'
System info: os.name: 'Windows 11', os.arch: 'amd64', os.version: '10.0', java.version: '21.0.3'
Driver info: org.openqa.selenium.chrome.ChromeDriver
Command: [4a29aaf38f113e890e1d5d15aa6d20f7, findElement {value=//label[text()='Ne']/preceding-sibling::input, using=xpath}]
Capabilities {acceptInsecureCerts: false, browserName: chrome, browserVersion: 132.0.6834.197, chrome: {chromedriverVersion: 132.0.6834.159 (2d77d3fc445..., userDataDir: C:\Users\INGRID~1.ZAD\AppDa...}, fedcm:accounts: true, goog:chromeOptions: {debuggerAddress: localhost:60903}, networkConnectionEnabled: false, pageLoadStrategy: normal, platformName: windows, proxy: Proxy(), se:cdp: ws://localhost:60903/devtoo..., se:cdpVersion: 132.0.6834.197, setWindowRect: true, strictFileInteractability: false, timeouts: {implicit: 0, pageLoad: 300000, script: 30000}, unhandledPromptBehavior: dismiss and notify, webauthn:extension:credBlob: true, webauthn:extension:largeBlob: true, webauthn:extension:minPinLength: true, webauthn:extension:prf: true, webauthn:virtualAuthenticators: true}
Session ID: 4a29aaf38f113e890e1d5d15aa6d20f7
org.openqa.selenium.NoSuchElementException: no such element: Unable to locate element: {"method":"xpath","selector":"//label[text()='Ne']/preceding-sibling::input"}
  (Session info: chrome=132.0.6834.197)
For documentation on this error, please visit: https://www.selenium.dev/documentation/webdriver/troubleshooting/errors#no-such-element-exception
Build info: version: '4.27.0', revision: 'd6e718d134'
System info: os.name: 'Windows 11', os.arch: 'amd64', os.version: '10.0', java.version: '21.0.3'
Driver info: org.openqa.selenium.chrome.ChromeDriver
Command: [4a29aaf38f113e890e1d5d15aa6d20f7, findElement {value=//label[text()='Ne']/preceding-sibling::input, using=xpath}]
Capabilities {acceptInsecureCerts: false, browserName: chrome, browserVersion: 132.0.6834.197, chrome: {chromedriverVersion: 132.0.6834.159 (2d77d3fc445..., userDataDir: C:\Users\INGRID~1.ZAD\AppDa...}, fedcm:accounts: true, goog:chromeOptions: {debuggerAddress: localhost:60903}, networkConnectionEnabled: false, pageLoadStrategy: normal, platformName: windows, proxy: Proxy(), se:cdp: ws://localhost:60903/devtoo..., se:cdpVersion: 132.0.6834.197, setWindowRect: true, strictFileInteractability: false, timeouts: {implicit: 0, pageLoad: 300000, script: 30000}, unhandledPromptBehavior: dismiss and notify, webauthn:extension:credBlob: true, webauthn:extension:largeBlob: true, webauthn:extension:minPinLength: true, webauthn:extension:prf: true, webauthn:virtualAuthenticators: true}
Session ID: 4a29aaf38f113e890e1d5d15aa6d20f7
	at java.base/jdk.internal.reflect.DirectConstructorHandleAccessor.newInstance(DirectConstructorHandleAccessor.java:62)
	at java.base/java.lang.reflect.Constructor.newInstanceWithCaller(Constructor.java:502)
	at java.base/java.lang.reflect.Constructor.newInstance(Constructor.java:486)
	at org.openqa.selenium.remote.ErrorCodec.decode(ErrorCodec.java:167)
	at org.openqa.selenium.remote.codec.w3c.W3CHttpResponseCodec.decode(W3CHttpResponseCodec.java:138)
	at org.openqa.selenium.remote.codec.w3c.W3CHttpResponseCodec.decode(W3CHttpResponseCodec.java:50)
	at org.openqa.selenium.remote.HttpCommandExecutor.execute(HttpCommandExecutor.java:190)
	at org.openqa.selenium.remote.service.DriverCommandExecutor.invokeExecute(DriverCommandExecutor.java:216)
	at org.openqa.selenium.remote.service.DriverCommandExecutor.execute(DriverCommandExecutor.java:174)
	at org.openqa.selenium.remote.RemoteWebDriver.execute(RemoteWebDriver.java:545)
	at org.openqa.selenium.remote.ElementLocation$ElementFinder$2.findElement(ElementLocation.java:165)
	at org.openqa.selenium.remote.ElementLocation.findElement(ElementLocation.java:59)
	at org.openqa.selenium.remote.RemoteWebDriver.findElement(RemoteWebDriver.java:368)
	at org.openqa.selenium.remote.RemoteWebDriver.findElement(RemoteWebDriver.java:362)
	at org.openqa.selenium.support.pagefactory.DefaultElementLocator.findElement(DefaultElementLocator.java:68)
	at org.openqa.selenium.support.pagefactory.internal.LocatingElementHandler.invoke(LocatingElementHandler.java:38)
	at jdk.proxy2/jdk.proxy2.$Proxy14.isSelected(Unknown Source)
	at lt.insoft.uztis.pages.EvaluationsPage.clickRadioButtonWithoutCommission(EvaluationsPage.java:353)
	at lt.insoft.uztis.tests.EvaluationsPageTest.testFillEvaluationTwo(EvaluationsPageTest.java:190)
	at java.base/jdk.internal.reflect.DirectMethodHandleAccessor.invoke(DirectMethodHandleAccessor.java:103)
	at java.base/java.lang.reflect.Method.invoke(Method.java:580)
	at org.junit.platform.commons.util.ReflectionUtils.invokeMethod(ReflectionUtils.java:728)
	at org.junit.jupiter.engine.execution.MethodInvocation.proceed(MethodInvocation.java:60)
	at org.junit.jupiter.engine.execution.InvocationInterceptorChain$ValidatingInvocation.proceed(InvocationInterceptorChain.java:131)
	at org.junit.jupiter.engine.extension.TimeoutExtension.intercept(TimeoutExtension.java:156)
	at org.junit.jupiter.engine.extension.TimeoutExtension.interceptTestableMethod(TimeoutExtension.java:147)
	at org.junit.jupiter.engine.extension.TimeoutExtension.interceptTestMethod(TimeoutExtension.java:86)
	at org.junit.jupiter.engine.execution.InterceptingExecutableInvoker$ReflectiveInterceptorCall.lambda$ofVoidMethod$0(InterceptingExecutableInvoker.java:103)
	at org.junit.jupiter.engine.execution.InterceptingExecutableInvoker.lambda$invoke$0(InterceptingExecutableInvoker.java:93)
	at org.junit.jupiter.engine.execution.InvocationInterceptorChain$InterceptedInvocation.proceed(InvocationInterceptorChain.java:106)
	at org.junit.jupiter.engine.execution.InvocationInterceptorChain.proceed(InvocationInterceptorChain.java:64)
	at org.junit.jupiter.engine.execution.InvocationInterceptorChain.chainAndInvoke(InvocationInterceptorChain.java:45)
	at org.junit.jupiter.engine.execution.InvocationInterceptorChain.invoke(InvocationInterceptorChain.java:37)
	at org.junit.jupiter.engine.execution.InterceptingExecutableInvoker.invoke(InterceptingExecutableInvoker.java:92)
	at org.junit.jupiter.engine.execution.InterceptingExecutableInvoker.invoke(InterceptingExecutableInvoker.java:86)
	at org.junit.jupiter.engine.descriptor.TestMethodTestDescriptor.lambda$invokeTestMethod$7(TestMethodTestDescriptor.java:218)
	at org.junit.platform.engine.support.hierarchical.ThrowableCollector.execute(ThrowableCollector.java:73)
	at org.junit.jupiter.engine.descriptor.TestMethodTestDescriptor.invokeTestMethod(TestMethodTestDescriptor.java:214)
	at org.junit.jupiter.engine.descriptor.TestMethodTestDescriptor.execute(TestMethodTestDescriptor.java:139)
	at org.junit.jupiter.engine.descriptor.TestMethodTestDescriptor.execute(TestMethodTestDescriptor.java:69)
	at org.junit.platform.engine.support.hierarchical.NodeTestTask.lambda$executeRecursively$6(NodeTestTask.java:151)
	at org.junit.platform.engine.support.hierarchical.ThrowableCollector.execute(ThrowableCollector.java:73)
	at org.junit.platform.engine.support.hierarchical.NodeTestTask.lambda$executeRecursively$8(NodeTestTask.java:141)
	at org.junit.platform.engine.support.hierarchical.Node.around(Node.java:137)
	at org.junit.platform.engine.support.hierarchical.NodeTestTask.lambda$executeRecursively$9(NodeTestTask.java:139)
	at org.junit.platform.engine.support.hierarchical.ThrowableCollector.execute(ThrowableCollector.java:73)
	at org.junit.platform.engine.support.hierarchical.NodeTestTask.executeRecursively(NodeTestTask.java:138)
	at org.junit.platform.engine.support.hierarchical.NodeTestTask.execute(NodeTestTask.java:95)
	at java.base/java.util.ArrayList.forEach(ArrayList.java:1596)
	at org.junit.platform.engine.support.hierarchical.SameThreadHierarchicalTestExecutorService.invokeAll(SameThreadHierarchicalTestExecutorService.java:41)
	at org.junit.platform.engine.support.hierarchical.NodeTestTask.lambda$executeRecursively$6(NodeTestTask.java:155)
	at org.junit.platform.engine.support.hierarchical.ThrowableCollector.execute(ThrowableCollector.java:73)
	at org.junit.platform.engine.support.hierarchical.NodeTestTask.lambda$executeRecursively$8(NodeTestTask.java:141)
	at org.junit.platform.engine.support.hierarchical.Node.around(Node.java:137)
	at org.junit.platform.engine.support.hierarchical.NodeTestTask.lambda$executeRecursively$9(NodeTestTask.java:139)
	at org.junit.platform.engine.support.hierarchical.ThrowableCollector.execute(ThrowableCollector.java:73)
	at org.junit.platform.engine.support.hierarchical.NodeTestTask.executeRecursively(NodeTestTask.java:138)
	at org.junit.platform.engine.support.hierarchical.NodeTestTask.execute(NodeTestTask.java:95)
	at java.base/java.util.ArrayList.forEach(ArrayList.java:1596)
	at org.junit.platform.engine.support.hierarchical.SameThreadHierarchicalTestExecutorService.invokeAll(SameThreadHierarchicalTestExecutorService.java:41)
	at org.junit.platform.engine.support.hierarchical.NodeTestTask.lambda$executeRecursively$6(NodeTestTask.java:155)
	at org.junit.platform.engine.support.hierarchical.ThrowableCollector.execute(ThrowableCollector.java:73)
	at org.junit.platform.engine.support.hierarchical.NodeTestTask.lambda$executeRecursively$8(NodeTestTask.java:141)
	at org.junit.platform.engine.support.hierarchical.Node.around(Node.java:137)
	at org.junit.platform.engine.support.hierarchical.NodeTestTask.lambda$executeRecursively$9(NodeTestTask.java:139)
	at org.junit.platform.engine.support.hierarchical.ThrowableCollector.execute(ThrowableCollector.java:73)
	at org.junit.platform.engine.support.hierarchical.NodeTestTask.executeRecursively(NodeTestTask.java:138)
	at org.junit.platform.engine.support.hierarchical.NodeTestTask.execute(NodeTestTask.java:95)
	at org.junit.platform.engine.support.hierarchical.SameThreadHierarchicalTestExecutorService.submit(SameThreadHierarchicalTestExecutorService.java:35)
	at org.junit.platform.engine.support.hierarchical.HierarchicalTestExecutor.execute(HierarchicalTestExecutor.java:57)
	at org.junit.platform.engine.support.hierarchical.HierarchicalTestEngine.execute(HierarchicalTestEngine.java:54)
	at org.junit.platform.launcher.core.EngineExecutionOrchestrator.execute(EngineExecutionOrchestrator.java:198)
	at org.junit.platform.launcher.core.EngineExecutionOrchestrator.execute(EngineExecutionOrchestrator.java:169)
	at org.junit.platform.launcher.core.EngineExecutionOrchestrator.execute(EngineExecutionOrchestrator.java:93)
	at org.junit.platform.launcher.core.EngineExecutionOrchestrator.lambda$execute$0(EngineExecutionOrchestrator.java:58)
	at org.junit.platform.launcher.core.EngineExecutionOrchestrator.withInterceptedStreams(EngineExecutionOrchestrator.java:141)
	at org.junit.platform.launcher.core.EngineExecutionOrchestrator.execute(EngineExecutionOrchestrator.java:57)
	at org.junit.platform.launcher.core.DefaultLauncher.execute(DefaultLauncher.java:103)
	at org.junit.platform.launcher.core.DefaultLauncher.execute(DefaultLauncher.java:85)
	at org.junit.platform.launcher.core.DelegatingLauncher.execute(DelegatingLauncher.java:47)
	at org.junit.platform.launcher.core.SessionPerRequestLauncher.execute(SessionPerRequestLauncher.java:63)
	at com.intellij.junit5.JUnit5IdeaTestRunner.startRunnerWithArgs(JUnit5IdeaTestRunner.java:57)
	at com.intellij.rt.junit.IdeaTestRunner$Repeater$1.execute(IdeaTestRunner.java:38)
	at com.intellij.rt.execution.junit.TestsRepeater.repeat(TestsRepeater.java:11)
	at com.intellij.rt.junit.IdeaTestRunner$Repeater.startRunnerWithArgs(IdeaTestRunner.java:35)
	at com.intellij.rt.junit.JUnitStarter.prepareStreamsAndStart(JUnitStarter.java:232)
	at com.intellij.rt.junit.JUnitStarter.main(JUnitStarter.java:55)
2025-02-13 10:39:25 [main] INFO  l.insoft.uztis.tests.utils.TestUtils - Screenshot moved to C:\Users\ingrida.zadorozniene\Desktop\Asm\UZTIS\UZTIS_tests\test-output\screenshots\20250213\103925612_testFillEvaluationTwo().png
2025-02-13 10:40:42 [main] INFO  lt.insoft.uztis.tests.UztisPageTest - Navigated to https://uztisdev.asseco.lt/home
2025-02-13 10:40:42 [main] INFO  l.i.uztis.tests.EvaluationsPageTest - Starting test:'testFillEvaluationTwo'
2025-02-13 10:40:42 [main] INFO  l.i.uztis.tests.EvaluationsPageTest - Starting test:'testNavigateToEvaluationsPage'
2025-02-13 10:40:43 [main] DEBUG l.i.uztis.tests.EvaluationsPageTest - User logged in with test credentials
2025-02-13 10:40:43 [main] DEBUG l.i.uztis.tests.EvaluationsPageTest - Opened 'Application Processing' menu.
2025-02-13 10:40:43 [main] DEBUG l.i.uztis.tests.EvaluationsPageTest - Clicked on 'Evaluations' menu.
2025-02-13 10:40:43 [main] DEBUG l.i.uztis.tests.EvaluationsPageTest - Navigating to evaluations menu.
2025-02-13 10:40:43 [main] INFO  l.i.uztis.tests.EvaluationsPageTest - Test 'testNavigateToEvaluationsPage' completed successfully.
2025-02-13 10:40:45 [main] DEBUG l.i.uztis.tests.EvaluationsPageTest - Clicked on last evaluation.
2025-02-13 10:40:45 [main] DEBUG l.i.uztis.tests.EvaluationsPageTest - Clicked 'Edit'.
2025-02-13 10:40:46 [main] DEBUG l.i.uztis.tests.EvaluationsPageTest - Entered commission date.
2025-02-13 10:40:56 [main] ERROR l.i.uztis.tests.EvaluationsPageTest - Test 'testFillEvaluationTwo' failed with error: no such element: Unable to locate element: {"method":"xpath","selector":"//input[@type='radio' and @name='mat-radio-group-65' and @value='NO']"}
  (Session info: chrome=132.0.6834.197)
For documentation on this error, please visit: https://www.selenium.dev/documentation/webdriver/troubleshooting/errors#no-such-element-exception
Build info: version: '4.27.0', revision: 'd6e718d134'
System info: os.name: 'Windows 11', os.arch: 'amd64', os.version: '10.0', java.version: '21.0.3'
Driver info: org.openqa.selenium.chrome.ChromeDriver
Command: [5729dbf127568d0b69345a768bf74eff, findElement {value=//input[@type='radio' and @name='mat-radio-group-65' and @value='NO'], using=xpath}]
Capabilities {acceptInsecureCerts: false, browserName: chrome, browserVersion: 132.0.6834.197, chrome: {chromedriverVersion: 132.0.6834.159 (2d77d3fc445..., userDataDir: C:\Users\INGRID~1.ZAD\AppDa...}, fedcm:accounts: true, goog:chromeOptions: {debuggerAddress: localhost:60977}, networkConnectionEnabled: false, pageLoadStrategy: normal, platformName: windows, proxy: Proxy(), se:cdp: ws://localhost:60977/devtoo..., se:cdpVersion: 132.0.6834.197, setWindowRect: true, strictFileInteractability: false, timeouts: {implicit: 0, pageLoad: 300000, script: 30000}, unhandledPromptBehavior: dismiss and notify, webauthn:extension:credBlob: true, webauthn:extension:largeBlob: true, webauthn:extension:minPinLength: true, webauthn:extension:prf: true, webauthn:virtualAuthenticators: true}
Session ID: 5729dbf127568d0b69345a768bf74eff
org.openqa.selenium.NoSuchElementException: no such element: Unable to locate element: {"method":"xpath","selector":"//input[@type='radio' and @name='mat-radio-group-65' and @value='NO']"}
  (Session info: chrome=132.0.6834.197)
For documentation on this error, please visit: https://www.selenium.dev/documentation/webdriver/troubleshooting/errors#no-such-element-exception
Build info: version: '4.27.0', revision: 'd6e718d134'
System info: os.name: 'Windows 11', os.arch: 'amd64', os.version: '10.0', java.version: '21.0.3'
Driver info: org.openqa.selenium.chrome.ChromeDriver
Command: [5729dbf127568d0b69345a768bf74eff, findElement {value=//input[@type='radio' and @name='mat-radio-group-65' and @value='NO'], using=xpath}]
Capabilities {acceptInsecureCerts: false, browserName: chrome, browserVersion: 132.0.6834.197, chrome: {chromedriverVersion: 132.0.6834.159 (2d77d3fc445..., userDataDir: C:\Users\INGRID~1.ZAD\AppDa...}, fedcm:accounts: true, goog:chromeOptions: {debuggerAddress: localhost:60977}, networkConnectionEnabled: false, pageLoadStrategy: normal, platformName: windows, proxy: Proxy(), se:cdp: ws://localhost:60977/devtoo..., se:cdpVersion: 132.0.6834.197, setWindowRect: true, strictFileInteractability: false, timeouts: {implicit: 0, pageLoad: 300000, script: 30000}, unhandledPromptBehavior: dismiss and notify, webauthn:extension:credBlob: true, webauthn:extension:largeBlob: true, webauthn:extension:minPinLength: true, webauthn:extension:prf: true, webauthn:virtualAuthenticators: true}
Session ID: 5729dbf127568d0b69345a768bf74eff
	at java.base/jdk.internal.reflect.DirectConstructorHandleAccessor.newInstance(DirectConstructorHandleAccessor.java:62)
	at java.base/java.lang.reflect.Constructor.newInstanceWithCaller(Constructor.java:502)
	at java.base/java.lang.reflect.Constructor.newInstance(Constructor.java:486)
	at org.openqa.selenium.remote.ErrorCodec.decode(ErrorCodec.java:167)
	at org.openqa.selenium.remote.codec.w3c.W3CHttpResponseCodec.decode(W3CHttpResponseCodec.java:138)
	at org.openqa.selenium.remote.codec.w3c.W3CHttpResponseCodec.decode(W3CHttpResponseCodec.java:50)
	at org.openqa.selenium.remote.HttpCommandExecutor.execute(HttpCommandExecutor.java:190)
	at org.openqa.selenium.remote.service.DriverCommandExecutor.invokeExecute(DriverCommandExecutor.java:216)
	at org.openqa.selenium.remote.service.DriverCommandExecutor.execute(DriverCommandExecutor.java:174)
	at org.openqa.selenium.remote.RemoteWebDriver.execute(RemoteWebDriver.java:545)
	at org.openqa.selenium.remote.ElementLocation$ElementFinder$2.findElement(ElementLocation.java:165)
	at org.openqa.selenium.remote.ElementLocation.findElement(ElementLocation.java:59)
	at org.openqa.selenium.remote.RemoteWebDriver.findElement(RemoteWebDriver.java:368)
	at org.openqa.selenium.remote.RemoteWebDriver.findElement(RemoteWebDriver.java:362)
	at org.openqa.selenium.support.pagefactory.DefaultElementLocator.findElement(DefaultElementLocator.java:68)
	at org.openqa.selenium.support.pagefactory.internal.LocatingElementHandler.invoke(LocatingElementHandler.java:38)
	at jdk.proxy2/jdk.proxy2.$Proxy14.isSelected(Unknown Source)
	at lt.insoft.uztis.pages.EvaluationsPage.clickRadioButtonWithoutCommission(EvaluationsPage.java:354)
	at lt.insoft.uztis.tests.EvaluationsPageTest.testFillEvaluationTwo(EvaluationsPageTest.java:190)
	at java.base/jdk.internal.reflect.DirectMethodHandleAccessor.invoke(DirectMethodHandleAccessor.java:103)
	at java.base/java.lang.reflect.Method.invoke(Method.java:580)
	at org.junit.platform.commons.util.ReflectionUtils.invokeMethod(ReflectionUtils.java:728)
	at org.junit.jupiter.engine.execution.MethodInvocation.proceed(MethodInvocation.java:60)
	at org.junit.jupiter.engine.execution.InvocationInterceptorChain$ValidatingInvocation.proceed(InvocationInterceptorChain.java:131)
	at org.junit.jupiter.engine.extension.TimeoutExtension.intercept(TimeoutExtension.java:156)
	at org.junit.jupiter.engine.extension.TimeoutExtension.interceptTestableMethod(TimeoutExtension.java:147)
	at org.junit.jupiter.engine.extension.TimeoutExtension.interceptTestMethod(TimeoutExtension.java:86)
	at org.junit.jupiter.engine.execution.InterceptingExecutableInvoker$ReflectiveInterceptorCall.lambda$ofVoidMethod$0(InterceptingExecutableInvoker.java:103)
	at org.junit.jupiter.engine.execution.InterceptingExecutableInvoker.lambda$invoke$0(InterceptingExecutableInvoker.java:93)
	at org.junit.jupiter.engine.execution.InvocationInterceptorChain$InterceptedInvocation.proceed(InvocationInterceptorChain.java:106)
	at org.junit.jupiter.engine.execution.InvocationInterceptorChain.proceed(InvocationInterceptorChain.java:64)
	at org.junit.jupiter.engine.execution.InvocationInterceptorChain.chainAndInvoke(InvocationInterceptorChain.java:45)
	at org.junit.jupiter.engine.execution.InvocationInterceptorChain.invoke(InvocationInterceptorChain.java:37)
	at org.junit.jupiter.engine.execution.InterceptingExecutableInvoker.invoke(InterceptingExecutableInvoker.java:92)
	at org.junit.jupiter.engine.execution.InterceptingExecutableInvoker.invoke(InterceptingExecutableInvoker.java:86)
	at org.junit.jupiter.engine.descriptor.TestMethodTestDescriptor.lambda$invokeTestMethod$7(TestMethodTestDescriptor.java:218)
	at org.junit.platform.engine.support.hierarchical.ThrowableCollector.execute(ThrowableCollector.java:73)
	at org.junit.jupiter.engine.descriptor.TestMethodTestDescriptor.invokeTestMethod(TestMethodTestDescriptor.java:214)
	at org.junit.jupiter.engine.descriptor.TestMethodTestDescriptor.execute(TestMethodTestDescriptor.java:139)
	at org.junit.jupiter.engine.descriptor.TestMethodTestDescriptor.execute(TestMethodTestDescriptor.java:69)
	at org.junit.platform.engine.support.hierarchical.NodeTestTask.lambda$executeRecursively$6(NodeTestTask.java:151)
	at org.junit.platform.engine.support.hierarchical.ThrowableCollector.execute(ThrowableCollector.java:73)
	at org.junit.platform.engine.support.hierarchical.NodeTestTask.lambda$executeRecursively$8(NodeTestTask.java:141)
	at org.junit.platform.engine.support.hierarchical.Node.around(Node.java:137)
	at org.junit.platform.engine.support.hierarchical.NodeTestTask.lambda$executeRecursively$9(NodeTestTask.java:139)
	at org.junit.platform.engine.support.hierarchical.ThrowableCollector.execute(ThrowableCollector.java:73)
	at org.junit.platform.engine.support.hierarchical.NodeTestTask.executeRecursively(NodeTestTask.java:138)
	at org.junit.platform.engine.support.hierarchical.NodeTestTask.execute(NodeTestTask.java:95)
	at java.base/java.util.ArrayList.forEach(ArrayList.java:1596)
	at org.junit.platform.engine.support.hierarchical.SameThreadHierarchicalTestExecutorService.invokeAll(SameThreadHierarchicalTestExecutorService.java:41)
	at org.junit.platform.engine.support.hierarchical.NodeTestTask.lambda$executeRecursively$6(NodeTestTask.java:155)
	at org.junit.platform.engine.support.hierarchical.ThrowableCollector.execute(ThrowableCollector.java:73)
	at org.junit.platform.engine.support.hierarchical.NodeTestTask.lambda$executeRecursively$8(NodeTestTask.java:141)
	at org.junit.platform.engine.support.hierarchical.Node.around(Node.java:137)
	at org.junit.platform.engine.support.hierarchical.NodeTestTask.lambda$executeRecursively$9(NodeTestTask.java:139)
	at org.junit.platform.engine.support.hierarchical.ThrowableCollector.execute(ThrowableCollector.java:73)
	at org.junit.platform.engine.support.hierarchical.NodeTestTask.executeRecursively(NodeTestTask.java:138)
	at org.junit.platform.engine.support.hierarchical.NodeTestTask.execute(NodeTestTask.java:95)
	at java.base/java.util.ArrayList.forEach(ArrayList.java:1596)
	at org.junit.platform.engine.support.hierarchical.SameThreadHierarchicalTestExecutorService.invokeAll(SameThreadHierarchicalTestExecutorService.java:41)
	at org.junit.platform.engine.support.hierarchical.NodeTestTask.lambda$executeRecursively$6(NodeTestTask.java:155)
	at org.junit.platform.engine.support.hierarchical.ThrowableCollector.execute(ThrowableCollector.java:73)
	at org.junit.platform.engine.support.hierarchical.NodeTestTask.lambda$executeRecursively$8(NodeTestTask.java:141)
	at org.junit.platform.engine.support.hierarchical.Node.around(Node.java:137)
	at org.junit.platform.engine.support.hierarchical.NodeTestTask.lambda$executeRecursively$9(NodeTestTask.java:139)
	at org.junit.platform.engine.support.hierarchical.ThrowableCollector.execute(ThrowableCollector.java:73)
	at org.junit.platform.engine.support.hierarchical.NodeTestTask.executeRecursively(NodeTestTask.java:138)
	at org.junit.platform.engine.support.hierarchical.NodeTestTask.execute(NodeTestTask.java:95)
	at org.junit.platform.engine.support.hierarchical.SameThreadHierarchicalTestExecutorService.submit(SameThreadHierarchicalTestExecutorService.java:35)
	at org.junit.platform.engine.support.hierarchical.HierarchicalTestExecutor.execute(HierarchicalTestExecutor.java:57)
	at org.junit.platform.engine.support.hierarchical.HierarchicalTestEngine.execute(HierarchicalTestEngine.java:54)
	at org.junit.platform.launcher.core.EngineExecutionOrchestrator.execute(EngineExecutionOrchestrator.java:198)
	at org.junit.platform.launcher.core.EngineExecutionOrchestrator.execute(EngineExecutionOrchestrator.java:169)
	at org.junit.platform.launcher.core.EngineExecutionOrchestrator.execute(EngineExecutionOrchestrator.java:93)
	at org.junit.platform.launcher.core.EngineExecutionOrchestrator.lambda$execute$0(EngineExecutionOrchestrator.java:58)
	at org.junit.platform.launcher.core.EngineExecutionOrchestrator.withInterceptedStreams(EngineExecutionOrchestrator.java:141)
	at org.junit.platform.launcher.core.EngineExecutionOrchestrator.execute(EngineExecutionOrchestrator.java:57)
	at org.junit.platform.launcher.core.DefaultLauncher.execute(DefaultLauncher.java:103)
	at org.junit.platform.launcher.core.DefaultLauncher.execute(DefaultLauncher.java:85)
	at org.junit.platform.launcher.core.DelegatingLauncher.execute(DelegatingLauncher.java:47)
	at org.junit.platform.launcher.core.SessionPerRequestLauncher.execute(SessionPerRequestLauncher.java:63)
	at com.intellij.junit5.JUnit5IdeaTestRunner.startRunnerWithArgs(JUnit5IdeaTestRunner.java:57)
	at com.intellij.rt.junit.IdeaTestRunner$Repeater$1.execute(IdeaTestRunner.java:38)
	at com.intellij.rt.execution.junit.TestsRepeater.repeat(TestsRepeater.java:11)
	at com.intellij.rt.junit.IdeaTestRunner$Repeater.startRunnerWithArgs(IdeaTestRunner.java:35)
	at com.intellij.rt.junit.JUnitStarter.prepareStreamsAndStart(JUnitStarter.java:232)
	at com.intellij.rt.junit.JUnitStarter.main(JUnitStarter.java:55)
2025-02-13 10:40:56 [main] INFO  l.insoft.uztis.tests.utils.TestUtils - Screenshot moved to C:\Users\ingrida.zadorozniene\Desktop\Asm\UZTIS\UZTIS_tests\test-output\screenshots\20250213\104056588_testFillEvaluationTwo().png
2025-02-13 10:46:17 [main] INFO  lt.insoft.uztis.tests.UztisPageTest - Navigated to https://uztisdev.asseco.lt/home
2025-02-13 10:46:17 [main] INFO  l.i.uztis.tests.EvaluationsPageTest - Starting test:'testFillEvaluationTwo'
2025-02-13 10:46:17 [main] INFO  l.i.uztis.tests.EvaluationsPageTest - Starting test:'testNavigateToEvaluationsPage'
2025-02-13 10:46:17 [main] DEBUG l.i.uztis.tests.EvaluationsPageTest - User logged in with test credentials
2025-02-13 10:46:18 [main] DEBUG l.i.uztis.tests.EvaluationsPageTest - Opened 'Application Processing' menu.
2025-02-13 10:46:18 [main] DEBUG l.i.uztis.tests.EvaluationsPageTest - Clicked on 'Evaluations' menu.
2025-02-13 10:46:18 [main] DEBUG l.i.uztis.tests.EvaluationsPageTest - Navigating to evaluations menu.
2025-02-13 10:46:18 [main] INFO  l.i.uztis.tests.EvaluationsPageTest - Test 'testNavigateToEvaluationsPage' completed successfully.
2025-02-13 10:46:19 [main] DEBUG l.i.uztis.tests.EvaluationsPageTest - Clicked on last evaluation.
2025-02-13 10:46:19 [main] DEBUG l.i.uztis.tests.EvaluationsPageTest - Clicked 'Edit'.
2025-02-13 10:46:20 [main] DEBUG l.i.uztis.tests.EvaluationsPageTest - Entered commission date.
2025-02-13 10:46:30 [main] ERROR l.i.uztis.tests.EvaluationsPageTest - Test 'testFillEvaluationTwo' failed with error: no such element: Unable to locate element: {"method":"xpath","selector":"//input[@type='radio' and @name='mat-radio-group-65' and @value='YES']"}
  (Session info: chrome=132.0.6834.197)
For documentation on this error, please visit: https://www.selenium.dev/documentation/webdriver/troubleshooting/errors#no-such-element-exception
Build info: version: '4.27.0', revision: 'd6e718d134'
System info: os.name: 'Windows 11', os.arch: 'amd64', os.version: '10.0', java.version: '21.0.3'
Driver info: org.openqa.selenium.chrome.ChromeDriver
Command: [46b327fa9b8850f13d12f1ff494a50ae, findElement {value=//input[@type='radio' and @name='mat-radio-group-65' and @value='YES'], using=xpath}]
Capabilities {acceptInsecureCerts: false, browserName: chrome, browserVersion: 132.0.6834.197, chrome: {chromedriverVersion: 132.0.6834.159 (2d77d3fc445..., userDataDir: C:\Users\INGRID~1.ZAD\AppDa...}, fedcm:accounts: true, goog:chromeOptions: {debuggerAddress: localhost:61159}, networkConnectionEnabled: false, pageLoadStrategy: normal, platformName: windows, proxy: Proxy(), se:cdp: ws://localhost:61159/devtoo..., se:cdpVersion: 132.0.6834.197, setWindowRect: true, strictFileInteractability: false, timeouts: {implicit: 0, pageLoad: 300000, script: 30000}, unhandledPromptBehavior: dismiss and notify, webauthn:extension:credBlob: true, webauthn:extension:largeBlob: true, webauthn:extension:minPinLength: true, webauthn:extension:prf: true, webauthn:virtualAuthenticators: true}
Session ID: 46b327fa9b8850f13d12f1ff494a50ae
org.openqa.selenium.NoSuchElementException: no such element: Unable to locate element: {"method":"xpath","selector":"//input[@type='radio' and @name='mat-radio-group-65' and @value='YES']"}
  (Session info: chrome=132.0.6834.197)
For documentation on this error, please visit: https://www.selenium.dev/documentation/webdriver/troubleshooting/errors#no-such-element-exception
Build info: version: '4.27.0', revision: 'd6e718d134'
System info: os.name: 'Windows 11', os.arch: 'amd64', os.version: '10.0', java.version: '21.0.3'
Driver info: org.openqa.selenium.chrome.ChromeDriver
Command: [46b327fa9b8850f13d12f1ff494a50ae, findElement {value=//input[@type='radio' and @name='mat-radio-group-65' and @value='YES'], using=xpath}]
Capabilities {acceptInsecureCerts: false, browserName: chrome, browserVersion: 132.0.6834.197, chrome: {chromedriverVersion: 132.0.6834.159 (2d77d3fc445..., userDataDir: C:\Users\INGRID~1.ZAD\AppDa...}, fedcm:accounts: true, goog:chromeOptions: {debuggerAddress: localhost:61159}, networkConnectionEnabled: false, pageLoadStrategy: normal, platformName: windows, proxy: Proxy(), se:cdp: ws://localhost:61159/devtoo..., se:cdpVersion: 132.0.6834.197, setWindowRect: true, strictFileInteractability: false, timeouts: {implicit: 0, pageLoad: 300000, script: 30000}, unhandledPromptBehavior: dismiss and notify, webauthn:extension:credBlob: true, webauthn:extension:largeBlob: true, webauthn:extension:minPinLength: true, webauthn:extension:prf: true, webauthn:virtualAuthenticators: true}
Session ID: 46b327fa9b8850f13d12f1ff494a50ae
	at java.base/jdk.internal.reflect.DirectConstructorHandleAccessor.newInstance(DirectConstructorHandleAccessor.java:62)
	at java.base/java.lang.reflect.Constructor.newInstanceWithCaller(Constructor.java:502)
	at java.base/java.lang.reflect.Constructor.newInstance(Constructor.java:486)
	at org.openqa.selenium.remote.ErrorCodec.decode(ErrorCodec.java:167)
	at org.openqa.selenium.remote.codec.w3c.W3CHttpResponseCodec.decode(W3CHttpResponseCodec.java:138)
	at org.openqa.selenium.remote.codec.w3c.W3CHttpResponseCodec.decode(W3CHttpResponseCodec.java:50)
	at org.openqa.selenium.remote.HttpCommandExecutor.execute(HttpCommandExecutor.java:190)
	at org.openqa.selenium.remote.service.DriverCommandExecutor.invokeExecute(DriverCommandExecutor.java:216)
	at org.openqa.selenium.remote.service.DriverCommandExecutor.execute(DriverCommandExecutor.java:174)
	at org.openqa.selenium.remote.RemoteWebDriver.execute(RemoteWebDriver.java:545)
	at org.openqa.selenium.remote.ElementLocation$ElementFinder$2.findElement(ElementLocation.java:165)
	at org.openqa.selenium.remote.ElementLocation.findElement(ElementLocation.java:59)
	at org.openqa.selenium.remote.RemoteWebDriver.findElement(RemoteWebDriver.java:368)
	at org.openqa.selenium.remote.RemoteWebDriver.findElement(RemoteWebDriver.java:362)
	at org.openqa.selenium.support.pagefactory.DefaultElementLocator.findElement(DefaultElementLocator.java:68)
	at org.openqa.selenium.support.pagefactory.internal.LocatingElementHandler.invoke(LocatingElementHandler.java:38)
	at jdk.proxy2/jdk.proxy2.$Proxy14.isSelected(Unknown Source)
	at lt.insoft.uztis.pages.EvaluationsPage.clickRadioButtonWithoutCommissionNO(EvaluationsPage.java:358)
	at lt.insoft.uztis.tests.EvaluationsPageTest.testFillEvaluationTwo(EvaluationsPageTest.java:190)
	at java.base/jdk.internal.reflect.DirectMethodHandleAccessor.invoke(DirectMethodHandleAccessor.java:103)
	at java.base/java.lang.reflect.Method.invoke(Method.java:580)
	at org.junit.platform.commons.util.ReflectionUtils.invokeMethod(ReflectionUtils.java:728)
	at org.junit.jupiter.engine.execution.MethodInvocation.proceed(MethodInvocation.java:60)
	at org.junit.jupiter.engine.execution.InvocationInterceptorChain$ValidatingInvocation.proceed(InvocationInterceptorChain.java:131)
	at org.junit.jupiter.engine.extension.TimeoutExtension.intercept(TimeoutExtension.java:156)
	at org.junit.jupiter.engine.extension.TimeoutExtension.interceptTestableMethod(TimeoutExtension.java:147)
	at org.junit.jupiter.engine.extension.TimeoutExtension.interceptTestMethod(TimeoutExtension.java:86)
	at org.junit.jupiter.engine.execution.InterceptingExecutableInvoker$ReflectiveInterceptorCall.lambda$ofVoidMethod$0(InterceptingExecutableInvoker.java:103)
	at org.junit.jupiter.engine.execution.InterceptingExecutableInvoker.lambda$invoke$0(InterceptingExecutableInvoker.java:93)
	at org.junit.jupiter.engine.execution.InvocationInterceptorChain$InterceptedInvocation.proceed(InvocationInterceptorChain.java:106)
	at org.junit.jupiter.engine.execution.InvocationInterceptorChain.proceed(InvocationInterceptorChain.java:64)
	at org.junit.jupiter.engine.execution.InvocationInterceptorChain.chainAndInvoke(InvocationInterceptorChain.java:45)
	at org.junit.jupiter.engine.execution.InvocationInterceptorChain.invoke(InvocationInterceptorChain.java:37)
	at org.junit.jupiter.engine.execution.InterceptingExecutableInvoker.invoke(InterceptingExecutableInvoker.java:92)
	at org.junit.jupiter.engine.execution.InterceptingExecutableInvoker.invoke(InterceptingExecutableInvoker.java:86)
	at org.junit.jupiter.engine.descriptor.TestMethodTestDescriptor.lambda$invokeTestMethod$7(TestMethodTestDescriptor.java:218)
	at org.junit.platform.engine.support.hierarchical.ThrowableCollector.execute(ThrowableCollector.java:73)
	at org.junit.jupiter.engine.descriptor.TestMethodTestDescriptor.invokeTestMethod(TestMethodTestDescriptor.java:214)
	at org.junit.jupiter.engine.descriptor.TestMethodTestDescriptor.execute(TestMethodTestDescriptor.java:139)
	at org.junit.jupiter.engine.descriptor.TestMethodTestDescriptor.execute(TestMethodTestDescriptor.java:69)
	at org.junit.platform.engine.support.hierarchical.NodeTestTask.lambda$executeRecursively$6(NodeTestTask.java:151)
	at org.junit.platform.engine.support.hierarchical.ThrowableCollector.execute(ThrowableCollector.java:73)
	at org.junit.platform.engine.support.hierarchical.NodeTestTask.lambda$executeRecursively$8(NodeTestTask.java:141)
	at org.junit.platform.engine.support.hierarchical.Node.around(Node.java:137)
	at org.junit.platform.engine.support.hierarchical.NodeTestTask.lambda$executeRecursively$9(NodeTestTask.java:139)
	at org.junit.platform.engine.support.hierarchical.ThrowableCollector.execute(ThrowableCollector.java:73)
	at org.junit.platform.engine.support.hierarchical.NodeTestTask.executeRecursively(NodeTestTask.java:138)
	at org.junit.platform.engine.support.hierarchical.NodeTestTask.execute(NodeTestTask.java:95)
	at java.base/java.util.ArrayList.forEach(ArrayList.java:1596)
	at org.junit.platform.engine.support.hierarchical.SameThreadHierarchicalTestExecutorService.invokeAll(SameThreadHierarchicalTestExecutorService.java:41)
	at org.junit.platform.engine.support.hierarchical.NodeTestTask.lambda$executeRecursively$6(NodeTestTask.java:155)
	at org.junit.platform.engine.support.hierarchical.ThrowableCollector.execute(ThrowableCollector.java:73)
	at org.junit.platform.engine.support.hierarchical.NodeTestTask.lambda$executeRecursively$8(NodeTestTask.java:141)
	at org.junit.platform.engine.support.hierarchical.Node.around(Node.java:137)
	at org.junit.platform.engine.support.hierarchical.NodeTestTask.lambda$executeRecursively$9(NodeTestTask.java:139)
	at org.junit.platform.engine.support.hierarchical.ThrowableCollector.execute(ThrowableCollector.java:73)
	at org.junit.platform.engine.support.hierarchical.NodeTestTask.executeRecursively(NodeTestTask.java:138)
	at org.junit.platform.engine.support.hierarchical.NodeTestTask.execute(NodeTestTask.java:95)
	at java.base/java.util.ArrayList.forEach(ArrayList.java:1596)
	at org.junit.platform.engine.support.hierarchical.SameThreadHierarchicalTestExecutorService.invokeAll(SameThreadHierarchicalTestExecutorService.java:41)
	at org.junit.platform.engine.support.hierarchical.NodeTestTask.lambda$executeRecursively$6(NodeTestTask.java:155)
	at org.junit.platform.engine.support.hierarchical.ThrowableCollector.execute(ThrowableCollector.java:73)
	at org.junit.platform.engine.support.hierarchical.NodeTestTask.lambda$executeRecursively$8(NodeTestTask.java:141)
	at org.junit.platform.engine.support.hierarchical.Node.around(Node.java:137)
	at org.junit.platform.engine.support.hierarchical.NodeTestTask.lambda$executeRecursively$9(NodeTestTask.java:139)
	at org.junit.platform.engine.support.hierarchical.ThrowableCollector.execute(ThrowableCollector.java:73)
	at org.junit.platform.engine.support.hierarchical.NodeTestTask.executeRecursively(NodeTestTask.java:138)
	at org.junit.platform.engine.support.hierarchical.NodeTestTask.execute(NodeTestTask.java:95)
	at org.junit.platform.engine.support.hierarchical.SameThreadHierarchicalTestExecutorService.submit(SameThreadHierarchicalTestExecutorService.java:35)
	at org.junit.platform.engine.support.hierarchical.HierarchicalTestExecutor.execute(HierarchicalTestExecutor.java:57)
	at org.junit.platform.engine.support.hierarchical.HierarchicalTestEngine.execute(HierarchicalTestEngine.java:54)
	at org.junit.platform.launcher.core.EngineExecutionOrchestrator.execute(EngineExecutionOrchestrator.java:198)
	at org.junit.platform.launcher.core.EngineExecutionOrchestrator.execute(EngineExecutionOrchestrator.java:169)
	at org.junit.platform.launcher.core.EngineExecutionOrchestrator.execute(EngineExecutionOrchestrator.java:93)
	at org.junit.platform.launcher.core.EngineExecutionOrchestrator.lambda$execute$0(EngineExecutionOrchestrator.java:58)
	at org.junit.platform.launcher.core.EngineExecutionOrchestrator.withInterceptedStreams(EngineExecutionOrchestrator.java:141)
	at org.junit.platform.launcher.core.EngineExecutionOrchestrator.execute(EngineExecutionOrchestrator.java:57)
	at org.junit.platform.launcher.core.DefaultLauncher.execute(DefaultLauncher.java:103)
	at org.junit.platform.launcher.core.DefaultLauncher.execute(DefaultLauncher.java:85)
	at org.junit.platform.launcher.core.DelegatingLauncher.execute(DelegatingLauncher.java:47)
	at org.junit.platform.launcher.core.SessionPerRequestLauncher.execute(SessionPerRequestLauncher.java:63)
	at com.intellij.junit5.JUnit5IdeaTestRunner.startRunnerWithArgs(JUnit5IdeaTestRunner.java:57)
	at com.intellij.rt.junit.IdeaTestRunner$Repeater$1.execute(IdeaTestRunner.java:38)
	at com.intellij.rt.execution.junit.TestsRepeater.repeat(TestsRepeater.java:11)
	at com.intellij.rt.junit.IdeaTestRunner$Repeater.startRunnerWithArgs(IdeaTestRunner.java:35)
	at com.intellij.rt.junit.JUnitStarter.prepareStreamsAndStart(JUnitStarter.java:232)
	at com.intellij.rt.junit.JUnitStarter.main(JUnitStarter.java:55)
2025-02-13 10:46:30 [main] INFO  l.insoft.uztis.tests.utils.TestUtils - Screenshot moved to C:\Users\ingrida.zadorozniene\Desktop\Asm\UZTIS\UZTIS_tests\test-output\screenshots\20250213\104630723_testFillEvaluationTwo().png
2025-02-13 10:51:16 [main] INFO  lt.insoft.uztis.tests.UztisPageTest - Navigated to https://uztisdev.asseco.lt/home
2025-02-13 10:51:16 [main] INFO  l.i.uztis.tests.EvaluationsPageTest - Starting test:'testFillEvaluationTwo'
2025-02-13 10:51:16 [main] INFO  l.i.uztis.tests.EvaluationsPageTest - Starting test:'testNavigateToEvaluationsPage'
2025-02-13 10:51:16 [main] DEBUG l.i.uztis.tests.EvaluationsPageTest - User logged in with test credentials
2025-02-13 10:51:16 [main] DEBUG l.i.uztis.tests.EvaluationsPageTest - Opened 'Application Processing' menu.
2025-02-13 10:51:17 [main] DEBUG l.i.uztis.tests.EvaluationsPageTest - Clicked on 'Evaluations' menu.
2025-02-13 10:51:17 [main] DEBUG l.i.uztis.tests.EvaluationsPageTest - Navigating to evaluations menu.
2025-02-13 10:51:17 [main] INFO  l.i.uztis.tests.EvaluationsPageTest - Test 'testNavigateToEvaluationsPage' completed successfully.
2025-02-13 10:51:17 [main] DEBUG l.i.uztis.tests.EvaluationsPageTest - Clicked on last evaluation.
2025-02-13 10:51:18 [main] DEBUG l.i.uztis.tests.EvaluationsPageTest - Clicked 'Edit'.
2025-02-13 10:51:18 [main] DEBUG l.i.uztis.tests.EvaluationsPageTest - Entered commission date.
2025-02-13 10:51:28 [main] ERROR l.i.uztis.tests.EvaluationsPageTest - Test 'testFillEvaluationTwo' failed with error: no such element: Unable to locate element: {"method":"xpath","selector":"//input[@type='radio' and @name='mat-radio-group-65' and @value='true']"}
  (Session info: chrome=132.0.6834.197)
For documentation on this error, please visit: https://www.selenium.dev/documentation/webdriver/troubleshooting/errors#no-such-element-exception
Build info: version: '4.27.0', revision: 'd6e718d134'
System info: os.name: 'Windows 11', os.arch: 'amd64', os.version: '10.0', java.version: '21.0.3'
Driver info: org.openqa.selenium.chrome.ChromeDriver
Command: [40fcf0d8bd0e600140bdb279e3ed72fc, findElement {value=//input[@type='radio' and @name='mat-radio-group-65' and @value='true'], using=xpath}]
Capabilities {acceptInsecureCerts: false, browserName: chrome, browserVersion: 132.0.6834.197, chrome: {chromedriverVersion: 132.0.6834.159 (2d77d3fc445..., userDataDir: C:\Users\INGRID~1.ZAD\AppDa...}, fedcm:accounts: true, goog:chromeOptions: {debuggerAddress: localhost:61359}, networkConnectionEnabled: false, pageLoadStrategy: normal, platformName: windows, proxy: Proxy(), se:cdp: ws://localhost:61359/devtoo..., se:cdpVersion: 132.0.6834.197, setWindowRect: true, strictFileInteractability: false, timeouts: {implicit: 0, pageLoad: 300000, script: 30000}, unhandledPromptBehavior: dismiss and notify, webauthn:extension:credBlob: true, webauthn:extension:largeBlob: true, webauthn:extension:minPinLength: true, webauthn:extension:prf: true, webauthn:virtualAuthenticators: true}
Session ID: 40fcf0d8bd0e600140bdb279e3ed72fc
org.openqa.selenium.NoSuchElementException: no such element: Unable to locate element: {"method":"xpath","selector":"//input[@type='radio' and @name='mat-radio-group-65' and @value='true']"}
  (Session info: chrome=132.0.6834.197)
For documentation on this error, please visit: https://www.selenium.dev/documentation/webdriver/troubleshooting/errors#no-such-element-exception
Build info: version: '4.27.0', revision: 'd6e718d134'
System info: os.name: 'Windows 11', os.arch: 'amd64', os.version: '10.0', java.version: '21.0.3'
Driver info: org.openqa.selenium.chrome.ChromeDriver
Command: [40fcf0d8bd0e600140bdb279e3ed72fc, findElement {value=//input[@type='radio' and @name='mat-radio-group-65' and @value='true'], using=xpath}]
Capabilities {acceptInsecureCerts: false, browserName: chrome, browserVersion: 132.0.6834.197, chrome: {chromedriverVersion: 132.0.6834.159 (2d77d3fc445..., userDataDir: C:\Users\INGRID~1.ZAD\AppDa...}, fedcm:accounts: true, goog:chromeOptions: {debuggerAddress: localhost:61359}, networkConnectionEnabled: false, pageLoadStrategy: normal, platformName: windows, proxy: Proxy(), se:cdp: ws://localhost:61359/devtoo..., se:cdpVersion: 132.0.6834.197, setWindowRect: true, strictFileInteractability: false, timeouts: {implicit: 0, pageLoad: 300000, script: 30000}, unhandledPromptBehavior: dismiss and notify, webauthn:extension:credBlob: true, webauthn:extension:largeBlob: true, webauthn:extension:minPinLength: true, webauthn:extension:prf: true, webauthn:virtualAuthenticators: true}
Session ID: 40fcf0d8bd0e600140bdb279e3ed72fc
	at java.base/jdk.internal.reflect.DirectConstructorHandleAccessor.newInstance(DirectConstructorHandleAccessor.java:62)
	at java.base/java.lang.reflect.Constructor.newInstanceWithCaller(Constructor.java:502)
	at java.base/java.lang.reflect.Constructor.newInstance(Constructor.java:486)
	at org.openqa.selenium.remote.ErrorCodec.decode(ErrorCodec.java:167)
	at org.openqa.selenium.remote.codec.w3c.W3CHttpResponseCodec.decode(W3CHttpResponseCodec.java:138)
	at org.openqa.selenium.remote.codec.w3c.W3CHttpResponseCodec.decode(W3CHttpResponseCodec.java:50)
	at org.openqa.selenium.remote.HttpCommandExecutor.execute(HttpCommandExecutor.java:190)
	at org.openqa.selenium.remote.service.DriverCommandExecutor.invokeExecute(DriverCommandExecutor.java:216)
	at org.openqa.selenium.remote.service.DriverCommandExecutor.execute(DriverCommandExecutor.java:174)
	at org.openqa.selenium.remote.RemoteWebDriver.execute(RemoteWebDriver.java:545)
	at org.openqa.selenium.remote.ElementLocation$ElementFinder$2.findElement(ElementLocation.java:165)
	at org.openqa.selenium.remote.ElementLocation.findElement(ElementLocation.java:59)
	at org.openqa.selenium.remote.RemoteWebDriver.findElement(RemoteWebDriver.java:368)
	at org.openqa.selenium.remote.RemoteWebDriver.findElement(RemoteWebDriver.java:362)
	at org.openqa.selenium.support.pagefactory.DefaultElementLocator.findElement(DefaultElementLocator.java:68)
	at org.openqa.selenium.support.pagefactory.internal.LocatingElementHandler.invoke(LocatingElementHandler.java:38)
	at jdk.proxy2/jdk.proxy2.$Proxy14.isSelected(Unknown Source)
	at lt.insoft.uztis.pages.EvaluationsPage.clickRadioButtonWithoutCommissionNO(EvaluationsPage.java:368)
	at lt.insoft.uztis.tests.EvaluationsPageTest.testFillEvaluationTwo(EvaluationsPageTest.java:190)
	at java.base/jdk.internal.reflect.DirectMethodHandleAccessor.invoke(DirectMethodHandleAccessor.java:103)
	at java.base/java.lang.reflect.Method.invoke(Method.java:580)
	at org.junit.platform.commons.util.ReflectionUtils.invokeMethod(ReflectionUtils.java:728)
	at org.junit.jupiter.engine.execution.MethodInvocation.proceed(MethodInvocation.java:60)
	at org.junit.jupiter.engine.execution.InvocationInterceptorChain$ValidatingInvocation.proceed(InvocationInterceptorChain.java:131)
	at org.junit.jupiter.engine.extension.TimeoutExtension.intercept(TimeoutExtension.java:156)
	at org.junit.jupiter.engine.extension.TimeoutExtension.interceptTestableMethod(TimeoutExtension.java:147)
	at org.junit.jupiter.engine.extension.TimeoutExtension.interceptTestMethod(TimeoutExtension.java:86)
	at org.junit.jupiter.engine.execution.InterceptingExecutableInvoker$ReflectiveInterceptorCall.lambda$ofVoidMethod$0(InterceptingExecutableInvoker.java:103)
	at org.junit.jupiter.engine.execution.InterceptingExecutableInvoker.lambda$invoke$0(InterceptingExecutableInvoker.java:93)
	at org.junit.jupiter.engine.execution.InvocationInterceptorChain$InterceptedInvocation.proceed(InvocationInterceptorChain.java:106)
	at org.junit.jupiter.engine.execution.InvocationInterceptorChain.proceed(InvocationInterceptorChain.java:64)
	at org.junit.jupiter.engine.execution.InvocationInterceptorChain.chainAndInvoke(InvocationInterceptorChain.java:45)
	at org.junit.jupiter.engine.execution.InvocationInterceptorChain.invoke(InvocationInterceptorChain.java:37)
	at org.junit.jupiter.engine.execution.InterceptingExecutableInvoker.invoke(InterceptingExecutableInvoker.java:92)
	at org.junit.jupiter.engine.execution.InterceptingExecutableInvoker.invoke(InterceptingExecutableInvoker.java:86)
	at org.junit.jupiter.engine.descriptor.TestMethodTestDescriptor.lambda$invokeTestMethod$7(TestMethodTestDescriptor.java:218)
	at org.junit.platform.engine.support.hierarchical.ThrowableCollector.execute(ThrowableCollector.java:73)
	at org.junit.jupiter.engine.descriptor.TestMethodTestDescriptor.invokeTestMethod(TestMethodTestDescriptor.java:214)
	at org.junit.jupiter.engine.descriptor.TestMethodTestDescriptor.execute(TestMethodTestDescriptor.java:139)
	at org.junit.jupiter.engine.descriptor.TestMethodTestDescriptor.execute(TestMethodTestDescriptor.java:69)
	at org.junit.platform.engine.support.hierarchical.NodeTestTask.lambda$executeRecursively$6(NodeTestTask.java:151)
	at org.junit.platform.engine.support.hierarchical.ThrowableCollector.execute(ThrowableCollector.java:73)
	at org.junit.platform.engine.support.hierarchical.NodeTestTask.lambda$executeRecursively$8(NodeTestTask.java:141)
	at org.junit.platform.engine.support.hierarchical.Node.around(Node.java:137)
	at org.junit.platform.engine.support.hierarchical.NodeTestTask.lambda$executeRecursively$9(NodeTestTask.java:139)
	at org.junit.platform.engine.support.hierarchical.ThrowableCollector.execute(ThrowableCollector.java:73)
	at org.junit.platform.engine.support.hierarchical.NodeTestTask.executeRecursively(NodeTestTask.java:138)
	at org.junit.platform.engine.support.hierarchical.NodeTestTask.execute(NodeTestTask.java:95)
	at java.base/java.util.ArrayList.forEach(ArrayList.java:1596)
	at org.junit.platform.engine.support.hierarchical.SameThreadHierarchicalTestExecutorService.invokeAll(SameThreadHierarchicalTestExecutorService.java:41)
	at org.junit.platform.engine.support.hierarchical.NodeTestTask.lambda$executeRecursively$6(NodeTestTask.java:155)
	at org.junit.platform.engine.support.hierarchical.ThrowableCollector.execute(ThrowableCollector.java:73)
	at org.junit.platform.engine.support.hierarchical.NodeTestTask.lambda$executeRecursively$8(NodeTestTask.java:141)
	at org.junit.platform.engine.support.hierarchical.Node.around(Node.java:137)
	at org.junit.platform.engine.support.hierarchical.NodeTestTask.lambda$executeRecursively$9(NodeTestTask.java:139)
	at org.junit.platform.engine.support.hierarchical.ThrowableCollector.execute(ThrowableCollector.java:73)
	at org.junit.platform.engine.support.hierarchical.NodeTestTask.executeRecursively(NodeTestTask.java:138)
	at org.junit.platform.engine.support.hierarchical.NodeTestTask.execute(NodeTestTask.java:95)
	at java.base/java.util.ArrayList.forEach(ArrayList.java:1596)
	at org.junit.platform.engine.support.hierarchical.SameThreadHierarchicalTestExecutorService.invokeAll(SameThreadHierarchicalTestExecutorService.java:41)
	at org.junit.platform.engine.support.hierarchical.NodeTestTask.lambda$executeRecursively$6(NodeTestTask.java:155)
	at org.junit.platform.engine.support.hierarchical.ThrowableCollector.execute(ThrowableCollector.java:73)
	at org.junit.platform.engine.support.hierarchical.NodeTestTask.lambda$executeRecursively$8(NodeTestTask.java:141)
	at org.junit.platform.engine.support.hierarchical.Node.around(Node.java:137)
	at org.junit.platform.engine.support.hierarchical.NodeTestTask.lambda$executeRecursively$9(NodeTestTask.java:139)
	at org.junit.platform.engine.support.hierarchical.ThrowableCollector.execute(ThrowableCollector.java:73)
	at org.junit.platform.engine.support.hierarchical.NodeTestTask.executeRecursively(NodeTestTask.java:138)
	at org.junit.platform.engine.support.hierarchical.NodeTestTask.execute(NodeTestTask.java:95)
	at org.junit.platform.engine.support.hierarchical.SameThreadHierarchicalTestExecutorService.submit(SameThreadHierarchicalTestExecutorService.java:35)
	at org.junit.platform.engine.support.hierarchical.HierarchicalTestExecutor.execute(HierarchicalTestExecutor.java:57)
	at org.junit.platform.engine.support.hierarchical.HierarchicalTestEngine.execute(HierarchicalTestEngine.java:54)
	at org.junit.platform.launcher.core.EngineExecutionOrchestrator.execute(EngineExecutionOrchestrator.java:198)
	at org.junit.platform.launcher.core.EngineExecutionOrchestrator.execute(EngineExecutionOrchestrator.java:169)
	at org.junit.platform.launcher.core.EngineExecutionOrchestrator.execute(EngineExecutionOrchestrator.java:93)
	at org.junit.platform.launcher.core.EngineExecutionOrchestrator.lambda$execute$0(EngineExecutionOrchestrator.java:58)
	at org.junit.platform.launcher.core.EngineExecutionOrchestrator.withInterceptedStreams(EngineExecutionOrchestrator.java:141)
	at org.junit.platform.launcher.core.EngineExecutionOrchestrator.execute(EngineExecutionOrchestrator.java:57)
	at org.junit.platform.launcher.core.DefaultLauncher.execute(DefaultLauncher.java:103)
	at org.junit.platform.launcher.core.DefaultLauncher.execute(DefaultLauncher.java:85)
	at org.junit.platform.launcher.core.DelegatingLauncher.execute(DelegatingLauncher.java:47)
	at org.junit.platform.launcher.core.SessionPerRequestLauncher.execute(SessionPerRequestLauncher.java:63)
	at com.intellij.junit5.JUnit5IdeaTestRunner.startRunnerWithArgs(JUnit5IdeaTestRunner.java:57)
	at com.intellij.rt.junit.IdeaTestRunner$Repeater$1.execute(IdeaTestRunner.java:38)
	at com.intellij.rt.execution.junit.TestsRepeater.repeat(TestsRepeater.java:11)
	at com.intellij.rt.junit.IdeaTestRunner$Repeater.startRunnerWithArgs(IdeaTestRunner.java:35)
	at com.intellij.rt.junit.JUnitStarter.prepareStreamsAndStart(JUnitStarter.java:232)
	at com.intellij.rt.junit.JUnitStarter.main(JUnitStarter.java:55)
2025-02-13 10:51:29 [main] INFO  l.insoft.uztis.tests.utils.TestUtils - Screenshot moved to C:\Users\ingrida.zadorozniene\Desktop\Asm\UZTIS\UZTIS_tests\test-output\screenshots\20250213\105129032_testFillEvaluationTwo().png
2025-02-13 10:52:20 [main] INFO  lt.insoft.uztis.tests.UztisPageTest - Navigated to https://uztisdev.asseco.lt/home
2025-02-13 10:52:20 [main] INFO  l.i.uztis.tests.EvaluationsPageTest - Starting test:'testFillEvaluationTwo'
2025-02-13 10:52:20 [main] INFO  l.i.uztis.tests.EvaluationsPageTest - Starting test:'testNavigateToEvaluationsPage'
2025-02-13 10:52:20 [main] DEBUG l.i.uztis.tests.EvaluationsPageTest - User logged in with test credentials
2025-02-13 10:52:21 [main] DEBUG l.i.uztis.tests.EvaluationsPageTest - Opened 'Application Processing' menu.
2025-02-13 10:52:21 [main] DEBUG l.i.uztis.tests.EvaluationsPageTest - Clicked on 'Evaluations' menu.
2025-02-13 10:52:21 [main] DEBUG l.i.uztis.tests.EvaluationsPageTest - Navigating to evaluations menu.
2025-02-13 10:52:21 [main] INFO  l.i.uztis.tests.EvaluationsPageTest - Test 'testNavigateToEvaluationsPage' completed successfully.
2025-02-13 10:52:21 [main] DEBUG l.i.uztis.tests.EvaluationsPageTest - Clicked on last evaluation.
2025-02-13 10:52:22 [main] DEBUG l.i.uztis.tests.EvaluationsPageTest - Clicked 'Edit'.
2025-02-13 10:52:22 [main] DEBUG l.i.uztis.tests.EvaluationsPageTest - Entered commission date.
2025-02-13 10:52:32 [main] ERROR l.i.uztis.tests.EvaluationsPageTest - Test 'testFillEvaluationTwo' failed with error: no such element: Unable to locate element: {"method":"xpath","selector":"//input[@type='radio' and @name='mat-radio-group-65' and @value='false']"}
  (Session info: chrome=132.0.6834.197)
For documentation on this error, please visit: https://www.selenium.dev/documentation/webdriver/troubleshooting/errors#no-such-element-exception
Build info: version: '4.27.0', revision: 'd6e718d134'
System info: os.name: 'Windows 11', os.arch: 'amd64', os.version: '10.0', java.version: '21.0.3'
Driver info: org.openqa.selenium.chrome.ChromeDriver
Command: [55552c4f5c731c79e54eef5595e9a75c, findElement {value=//input[@type='radio' and @name='mat-radio-group-65' and @value='false'], using=xpath}]
Capabilities {acceptInsecureCerts: false, browserName: chrome, browserVersion: 132.0.6834.197, chrome: {chromedriverVersion: 132.0.6834.159 (2d77d3fc445..., userDataDir: C:\Users\INGRID~1.ZAD\AppDa...}, fedcm:accounts: true, goog:chromeOptions: {debuggerAddress: localhost:61411}, networkConnectionEnabled: false, pageLoadStrategy: normal, platformName: windows, proxy: Proxy(), se:cdp: ws://localhost:61411/devtoo..., se:cdpVersion: 132.0.6834.197, setWindowRect: true, strictFileInteractability: false, timeouts: {implicit: 0, pageLoad: 300000, script: 30000}, unhandledPromptBehavior: dismiss and notify, webauthn:extension:credBlob: true, webauthn:extension:largeBlob: true, webauthn:extension:minPinLength: true, webauthn:extension:prf: true, webauthn:virtualAuthenticators: true}
Session ID: 55552c4f5c731c79e54eef5595e9a75c
org.openqa.selenium.NoSuchElementException: no such element: Unable to locate element: {"method":"xpath","selector":"//input[@type='radio' and @name='mat-radio-group-65' and @value='false']"}
  (Session info: chrome=132.0.6834.197)
For documentation on this error, please visit: https://www.selenium.dev/documentation/webdriver/troubleshooting/errors#no-such-element-exception
Build info: version: '4.27.0', revision: 'd6e718d134'
System info: os.name: 'Windows 11', os.arch: 'amd64', os.version: '10.0', java.version: '21.0.3'
Driver info: org.openqa.selenium.chrome.ChromeDriver
Command: [55552c4f5c731c79e54eef5595e9a75c, findElement {value=//input[@type='radio' and @name='mat-radio-group-65' and @value='false'], using=xpath}]
Capabilities {acceptInsecureCerts: false, browserName: chrome, browserVersion: 132.0.6834.197, chrome: {chromedriverVersion: 132.0.6834.159 (2d77d3fc445..., userDataDir: C:\Users\INGRID~1.ZAD\AppDa...}, fedcm:accounts: true, goog:chromeOptions: {debuggerAddress: localhost:61411}, networkConnectionEnabled: false, pageLoadStrategy: normal, platformName: windows, proxy: Proxy(), se:cdp: ws://localhost:61411/devtoo..., se:cdpVersion: 132.0.6834.197, setWindowRect: true, strictFileInteractability: false, timeouts: {implicit: 0, pageLoad: 300000, script: 30000}, unhandledPromptBehavior: dismiss and notify, webauthn:extension:credBlob: true, webauthn:extension:largeBlob: true, webauthn:extension:minPinLength: true, webauthn:extension:prf: true, webauthn:virtualAuthenticators: true}
Session ID: 55552c4f5c731c79e54eef5595e9a75c
	at java.base/jdk.internal.reflect.DirectConstructorHandleAccessor.newInstance(DirectConstructorHandleAccessor.java:62)
	at java.base/java.lang.reflect.Constructor.newInstanceWithCaller(Constructor.java:502)
	at java.base/java.lang.reflect.Constructor.newInstance(Constructor.java:486)
	at org.openqa.selenium.remote.ErrorCodec.decode(ErrorCodec.java:167)
	at org.openqa.selenium.remote.codec.w3c.W3CHttpResponseCodec.decode(W3CHttpResponseCodec.java:138)
	at org.openqa.selenium.remote.codec.w3c.W3CHttpResponseCodec.decode(W3CHttpResponseCodec.java:50)
	at org.openqa.selenium.remote.HttpCommandExecutor.execute(HttpCommandExecutor.java:190)
	at org.openqa.selenium.remote.service.DriverCommandExecutor.invokeExecute(DriverCommandExecutor.java:216)
	at org.openqa.selenium.remote.service.DriverCommandExecutor.execute(DriverCommandExecutor.java:174)
	at org.openqa.selenium.remote.RemoteWebDriver.execute(RemoteWebDriver.java:545)
	at org.openqa.selenium.remote.ElementLocation$ElementFinder$2.findElement(ElementLocation.java:165)
	at org.openqa.selenium.remote.ElementLocation.findElement(ElementLocation.java:59)
	at org.openqa.selenium.remote.RemoteWebDriver.findElement(RemoteWebDriver.java:368)
	at org.openqa.selenium.remote.RemoteWebDriver.findElement(RemoteWebDriver.java:362)
	at org.openqa.selenium.support.pagefactory.DefaultElementLocator.findElement(DefaultElementLocator.java:68)
	at org.openqa.selenium.support.pagefactory.internal.LocatingElementHandler.invoke(LocatingElementHandler.java:38)
	at jdk.proxy2/jdk.proxy2.$Proxy14.click(Unknown Source)
	at lt.insoft.uztis.pages.EvaluationsPage.clickRadioButtonWithoutCommissionNO(EvaluationsPage.java:368)
	at lt.insoft.uztis.tests.EvaluationsPageTest.testFillEvaluationTwo(EvaluationsPageTest.java:190)
	at java.base/jdk.internal.reflect.DirectMethodHandleAccessor.invoke(DirectMethodHandleAccessor.java:103)
	at java.base/java.lang.reflect.Method.invoke(Method.java:580)
	at org.junit.platform.commons.util.ReflectionUtils.invokeMethod(ReflectionUtils.java:728)
	at org.junit.jupiter.engine.execution.MethodInvocation.proceed(MethodInvocation.java:60)
	at org.junit.jupiter.engine.execution.InvocationInterceptorChain$ValidatingInvocation.proceed(InvocationInterceptorChain.java:131)
	at org.junit.jupiter.engine.extension.TimeoutExtension.intercept(TimeoutExtension.java:156)
	at org.junit.jupiter.engine.extension.TimeoutExtension.interceptTestableMethod(TimeoutExtension.java:147)
	at org.junit.jupiter.engine.extension.TimeoutExtension.interceptTestMethod(TimeoutExtension.java:86)
	at org.junit.jupiter.engine.execution.InterceptingExecutableInvoker$ReflectiveInterceptorCall.lambda$ofVoidMethod$0(InterceptingExecutableInvoker.java:103)
	at org.junit.jupiter.engine.execution.InterceptingExecutableInvoker.lambda$invoke$0(InterceptingExecutableInvoker.java:93)
	at org.junit.jupiter.engine.execution.InvocationInterceptorChain$InterceptedInvocation.proceed(InvocationInterceptorChain.java:106)
	at org.junit.jupiter.engine.execution.InvocationInterceptorChain.proceed(InvocationInterceptorChain.java:64)
	at org.junit.jupiter.engine.execution.InvocationInterceptorChain.chainAndInvoke(InvocationInterceptorChain.java:45)
	at org.junit.jupiter.engine.execution.InvocationInterceptorChain.invoke(InvocationInterceptorChain.java:37)
	at org.junit.jupiter.engine.execution.InterceptingExecutableInvoker.invoke(InterceptingExecutableInvoker.java:92)
	at org.junit.jupiter.engine.execution.InterceptingExecutableInvoker.invoke(InterceptingExecutableInvoker.java:86)
	at org.junit.jupiter.engine.descriptor.TestMethodTestDescriptor.lambda$invokeTestMethod$7(TestMethodTestDescriptor.java:218)
	at org.junit.platform.engine.support.hierarchical.ThrowableCollector.execute(ThrowableCollector.java:73)
	at org.junit.jupiter.engine.descriptor.TestMethodTestDescriptor.invokeTestMethod(TestMethodTestDescriptor.java:214)
	at org.junit.jupiter.engine.descriptor.TestMethodTestDescriptor.execute(TestMethodTestDescriptor.java:139)
	at org.junit.jupiter.engine.descriptor.TestMethodTestDescriptor.execute(TestMethodTestDescriptor.java:69)
	at org.junit.platform.engine.support.hierarchical.NodeTestTask.lambda$executeRecursively$6(NodeTestTask.java:151)
	at org.junit.platform.engine.support.hierarchical.ThrowableCollector.execute(ThrowableCollector.java:73)
	at org.junit.platform.engine.support.hierarchical.NodeTestTask.lambda$executeRecursively$8(NodeTestTask.java:141)
	at org.junit.platform.engine.support.hierarchical.Node.around(Node.java:137)
	at org.junit.platform.engine.support.hierarchical.NodeTestTask.lambda$executeRecursively$9(NodeTestTask.java:139)
	at org.junit.platform.engine.support.hierarchical.ThrowableCollector.execute(ThrowableCollector.java:73)
	at org.junit.platform.engine.support.hierarchical.NodeTestTask.executeRecursively(NodeTestTask.java:138)
	at org.junit.platform.engine.support.hierarchical.NodeTestTask.execute(NodeTestTask.java:95)
	at java.base/java.util.ArrayList.forEach(ArrayList.java:1596)
	at org.junit.platform.engine.support.hierarchical.SameThreadHierarchicalTestExecutorService.invokeAll(SameThreadHierarchicalTestExecutorService.java:41)
	at org.junit.platform.engine.support.hierarchical.NodeTestTask.lambda$executeRecursively$6(NodeTestTask.java:155)
	at org.junit.platform.engine.support.hierarchical.ThrowableCollector.execute(ThrowableCollector.java:73)
	at org.junit.platform.engine.support.hierarchical.NodeTestTask.lambda$executeRecursively$8(NodeTestTask.java:141)
	at org.junit.platform.engine.support.hierarchical.Node.around(Node.java:137)
	at org.junit.platform.engine.support.hierarchical.NodeTestTask.lambda$executeRecursively$9(NodeTestTask.java:139)
	at org.junit.platform.engine.support.hierarchical.ThrowableCollector.execute(ThrowableCollector.java:73)
	at org.junit.platform.engine.support.hierarchical.NodeTestTask.executeRecursively(NodeTestTask.java:138)
	at org.junit.platform.engine.support.hierarchical.NodeTestTask.execute(NodeTestTask.java:95)
	at java.base/java.util.ArrayList.forEach(ArrayList.java:1596)
	at org.junit.platform.engine.support.hierarchical.SameThreadHierarchicalTestExecutorService.invokeAll(SameThreadHierarchicalTestExecutorService.java:41)
	at org.junit.platform.engine.support.hierarchical.NodeTestTask.lambda$executeRecursively$6(NodeTestTask.java:155)
	at org.junit.platform.engine.support.hierarchical.ThrowableCollector.execute(ThrowableCollector.java:73)
	at org.junit.platform.engine.support.hierarchical.NodeTestTask.lambda$executeRecursively$8(NodeTestTask.java:141)
	at org.junit.platform.engine.support.hierarchical.Node.around(Node.java:137)
	at org.junit.platform.engine.support.hierarchical.NodeTestTask.lambda$executeRecursively$9(NodeTestTask.java:139)
	at org.junit.platform.engine.support.hierarchical.ThrowableCollector.execute(ThrowableCollector.java:73)
	at org.junit.platform.engine.support.hierarchical.NodeTestTask.executeRecursively(NodeTestTask.java:138)
	at org.junit.platform.engine.support.hierarchical.NodeTestTask.execute(NodeTestTask.java:95)
	at org.junit.platform.engine.support.hierarchical.SameThreadHierarchicalTestExecutorService.submit(SameThreadHierarchicalTestExecutorService.java:35)
	at org.junit.platform.engine.support.hierarchical.HierarchicalTestExecutor.execute(HierarchicalTestExecutor.java:57)
	at org.junit.platform.engine.support.hierarchical.HierarchicalTestEngine.execute(HierarchicalTestEngine.java:54)
	at org.junit.platform.launcher.core.EngineExecutionOrchestrator.execute(EngineExecutionOrchestrator.java:198)
	at org.junit.platform.launcher.core.EngineExecutionOrchestrator.execute(EngineExecutionOrchestrator.java:169)
	at org.junit.platform.launcher.core.EngineExecutionOrchestrator.execute(EngineExecutionOrchestrator.java:93)
	at org.junit.platform.launcher.core.EngineExecutionOrchestrator.lambda$execute$0(EngineExecutionOrchestrator.java:58)
	at org.junit.platform.launcher.core.EngineExecutionOrchestrator.withInterceptedStreams(EngineExecutionOrchestrator.java:141)
	at org.junit.platform.launcher.core.EngineExecutionOrchestrator.execute(EngineExecutionOrchestrator.java:57)
	at org.junit.platform.launcher.core.DefaultLauncher.execute(DefaultLauncher.java:103)
	at org.junit.platform.launcher.core.DefaultLauncher.execute(DefaultLauncher.java:85)
	at org.junit.platform.launcher.core.DelegatingLauncher.execute(DelegatingLauncher.java:47)
	at org.junit.platform.launcher.core.SessionPerRequestLauncher.execute(SessionPerRequestLauncher.java:63)
	at com.intellij.junit5.JUnit5IdeaTestRunner.startRunnerWithArgs(JUnit5IdeaTestRunner.java:57)
	at com.intellij.rt.junit.IdeaTestRunner$Repeater$1.execute(IdeaTestRunner.java:38)
	at com.intellij.rt.execution.junit.TestsRepeater.repeat(TestsRepeater.java:11)
	at com.intellij.rt.junit.IdeaTestRunner$Repeater.startRunnerWithArgs(IdeaTestRunner.java:35)
	at com.intellij.rt.junit.JUnitStarter.prepareStreamsAndStart(JUnitStarter.java:232)
	at com.intellij.rt.junit.JUnitStarter.main(JUnitStarter.java:55)
2025-02-13 10:52:33 [main] INFO  l.insoft.uztis.tests.utils.TestUtils - Screenshot moved to C:\Users\ingrida.zadorozniene\Desktop\Asm\UZTIS\UZTIS_tests\test-output\screenshots\20250213\105233173_testFillEvaluationTwo().png
2025-02-13 10:55:44 [main] INFO  lt.insoft.uztis.tests.UztisPageTest - Navigated to https://uztisdev.asseco.lt/home
2025-02-13 10:55:44 [main] INFO  l.i.uztis.tests.EvaluationsPageTest - Starting test:'testFillEvaluationTwo'
2025-02-13 10:55:44 [main] INFO  l.i.uztis.tests.EvaluationsPageTest - Starting test:'testNavigateToEvaluationsPage'
2025-02-13 10:55:45 [main] DEBUG l.i.uztis.tests.EvaluationsPageTest - User logged in with test credentials
2025-02-13 10:55:45 [main] DEBUG l.i.uztis.tests.EvaluationsPageTest - Opened 'Application Processing' menu.
2025-02-13 10:55:45 [main] DEBUG l.i.uztis.tests.EvaluationsPageTest - Clicked on 'Evaluations' menu.
2025-02-13 10:55:45 [main] DEBUG l.i.uztis.tests.EvaluationsPageTest - Navigating to evaluations menu.
2025-02-13 10:55:45 [main] INFO  l.i.uztis.tests.EvaluationsPageTest - Test 'testNavigateToEvaluationsPage' completed successfully.
2025-02-13 10:55:46 [main] DEBUG l.i.uztis.tests.EvaluationsPageTest - Clicked on last evaluation.
2025-02-13 10:55:46 [main] DEBUG l.i.uztis.tests.EvaluationsPageTest - Clicked 'Edit'.
2025-02-13 10:55:47 [main] DEBUG l.i.uztis.tests.EvaluationsPageTest - Entered commission date.
2025-02-13 10:55:57 [main] ERROR l.i.uztis.tests.EvaluationsPageTest - Test 'testFillEvaluationTwo' failed with error: no such element: Unable to locate element: {"method":"xpath","selector":"//input[contains(@id, 'mat-radio') and @name='mat-radio-group-65' and @value='false']"}
  (Session info: chrome=132.0.6834.197)
For documentation on this error, please visit: https://www.selenium.dev/documentation/webdriver/troubleshooting/errors#no-such-element-exception
Build info: version: '4.27.0', revision: 'd6e718d134'
System info: os.name: 'Windows 11', os.arch: 'amd64', os.version: '10.0', java.version: '21.0.3'
Driver info: org.openqa.selenium.chrome.ChromeDriver
Command: [447f8e95b1a5bc4da8f29b1ee80fa700, findElement {using=xpath, value=//input[contains(@id, 'mat-radio') and @name='mat-radio-group-65' and @value='false']}]
Capabilities {acceptInsecureCerts: false, browserName: chrome, browserVersion: 132.0.6834.197, chrome: {chromedriverVersion: 132.0.6834.159 (2d77d3fc445..., userDataDir: C:\Users\INGRID~1.ZAD\AppDa...}, fedcm:accounts: true, goog:chromeOptions: {debuggerAddress: localhost:61559}, networkConnectionEnabled: false, pageLoadStrategy: normal, platformName: windows, proxy: Proxy(), se:cdp: ws://localhost:61559/devtoo..., se:cdpVersion: 132.0.6834.197, setWindowRect: true, strictFileInteractability: false, timeouts: {implicit: 0, pageLoad: 300000, script: 30000}, unhandledPromptBehavior: dismiss and notify, webauthn:extension:credBlob: true, webauthn:extension:largeBlob: true, webauthn:extension:minPinLength: true, webauthn:extension:prf: true, webauthn:virtualAuthenticators: true}
Session ID: 447f8e95b1a5bc4da8f29b1ee80fa700
org.openqa.selenium.NoSuchElementException: no such element: Unable to locate element: {"method":"xpath","selector":"//input[contains(@id, 'mat-radio') and @name='mat-radio-group-65' and @value='false']"}
  (Session info: chrome=132.0.6834.197)
For documentation on this error, please visit: https://www.selenium.dev/documentation/webdriver/troubleshooting/errors#no-such-element-exception
Build info: version: '4.27.0', revision: 'd6e718d134'
System info: os.name: 'Windows 11', os.arch: 'amd64', os.version: '10.0', java.version: '21.0.3'
Driver info: org.openqa.selenium.chrome.ChromeDriver
Command: [447f8e95b1a5bc4da8f29b1ee80fa700, findElement {using=xpath, value=//input[contains(@id, 'mat-radio') and @name='mat-radio-group-65' and @value='false']}]
Capabilities {acceptInsecureCerts: false, browserName: chrome, browserVersion: 132.0.6834.197, chrome: {chromedriverVersion: 132.0.6834.159 (2d77d3fc445..., userDataDir: C:\Users\INGRID~1.ZAD\AppDa...}, fedcm:accounts: true, goog:chromeOptions: {debuggerAddress: localhost:61559}, networkConnectionEnabled: false, pageLoadStrategy: normal, platformName: windows, proxy: Proxy(), se:cdp: ws://localhost:61559/devtoo..., se:cdpVersion: 132.0.6834.197, setWindowRect: true, strictFileInteractability: false, timeouts: {implicit: 0, pageLoad: 300000, script: 30000}, unhandledPromptBehavior: dismiss and notify, webauthn:extension:credBlob: true, webauthn:extension:largeBlob: true, webauthn:extension:minPinLength: true, webauthn:extension:prf: true, webauthn:virtualAuthenticators: true}
Session ID: 447f8e95b1a5bc4da8f29b1ee80fa700
	at java.base/jdk.internal.reflect.DirectConstructorHandleAccessor.newInstance(DirectConstructorHandleAccessor.java:62)
	at java.base/java.lang.reflect.Constructor.newInstanceWithCaller(Constructor.java:502)
	at java.base/java.lang.reflect.Constructor.newInstance(Constructor.java:486)
	at org.openqa.selenium.remote.ErrorCodec.decode(ErrorCodec.java:167)
	at org.openqa.selenium.remote.codec.w3c.W3CHttpResponseCodec.decode(W3CHttpResponseCodec.java:138)
	at org.openqa.selenium.remote.codec.w3c.W3CHttpResponseCodec.decode(W3CHttpResponseCodec.java:50)
	at org.openqa.selenium.remote.HttpCommandExecutor.execute(HttpCommandExecutor.java:190)
	at org.openqa.selenium.remote.service.DriverCommandExecutor.invokeExecute(DriverCommandExecutor.java:216)
	at org.openqa.selenium.remote.service.DriverCommandExecutor.execute(DriverCommandExecutor.java:174)
	at org.openqa.selenium.remote.RemoteWebDriver.execute(RemoteWebDriver.java:545)
	at org.openqa.selenium.remote.ElementLocation$ElementFinder$2.findElement(ElementLocation.java:165)
	at org.openqa.selenium.remote.ElementLocation.findElement(ElementLocation.java:59)
	at org.openqa.selenium.remote.RemoteWebDriver.findElement(RemoteWebDriver.java:368)
	at org.openqa.selenium.remote.RemoteWebDriver.findElement(RemoteWebDriver.java:362)
	at org.openqa.selenium.support.pagefactory.DefaultElementLocator.findElement(DefaultElementLocator.java:68)
	at org.openqa.selenium.support.pagefactory.internal.LocatingElementHandler.invoke(LocatingElementHandler.java:38)
	at jdk.proxy2/jdk.proxy2.$Proxy14.click(Unknown Source)
	at lt.insoft.uztis.pages.EvaluationsPage.clickRadioButtonWithoutCommissionNO(EvaluationsPage.java:368)
	at lt.insoft.uztis.tests.EvaluationsPageTest.testFillEvaluationTwo(EvaluationsPageTest.java:190)
	at java.base/jdk.internal.reflect.DirectMethodHandleAccessor.invoke(DirectMethodHandleAccessor.java:103)
	at java.base/java.lang.reflect.Method.invoke(Method.java:580)
	at org.junit.platform.commons.util.ReflectionUtils.invokeMethod(ReflectionUtils.java:728)
	at org.junit.jupiter.engine.execution.MethodInvocation.proceed(MethodInvocation.java:60)
	at org.junit.jupiter.engine.execution.InvocationInterceptorChain$ValidatingInvocation.proceed(InvocationInterceptorChain.java:131)
	at org.junit.jupiter.engine.extension.TimeoutExtension.intercept(TimeoutExtension.java:156)
	at org.junit.jupiter.engine.extension.TimeoutExtension.interceptTestableMethod(TimeoutExtension.java:147)
	at org.junit.jupiter.engine.extension.TimeoutExtension.interceptTestMethod(TimeoutExtension.java:86)
	at org.junit.jupiter.engine.execution.InterceptingExecutableInvoker$ReflectiveInterceptorCall.lambda$ofVoidMethod$0(InterceptingExecutableInvoker.java:103)
	at org.junit.jupiter.engine.execution.InterceptingExecutableInvoker.lambda$invoke$0(InterceptingExecutableInvoker.java:93)
	at org.junit.jupiter.engine.execution.InvocationInterceptorChain$InterceptedInvocation.proceed(InvocationInterceptorChain.java:106)
	at org.junit.jupiter.engine.execution.InvocationInterceptorChain.proceed(InvocationInterceptorChain.java:64)
	at org.junit.jupiter.engine.execution.InvocationInterceptorChain.chainAndInvoke(InvocationInterceptorChain.java:45)
	at org.junit.jupiter.engine.execution.InvocationInterceptorChain.invoke(InvocationInterceptorChain.java:37)
	at org.junit.jupiter.engine.execution.InterceptingExecutableInvoker.invoke(InterceptingExecutableInvoker.java:92)
	at org.junit.jupiter.engine.execution.InterceptingExecutableInvoker.invoke(InterceptingExecutableInvoker.java:86)
	at org.junit.jupiter.engine.descriptor.TestMethodTestDescriptor.lambda$invokeTestMethod$7(TestMethodTestDescriptor.java:218)
	at org.junit.platform.engine.support.hierarchical.ThrowableCollector.execute(ThrowableCollector.java:73)
	at org.junit.jupiter.engine.descriptor.TestMethodTestDescriptor.invokeTestMethod(TestMethodTestDescriptor.java:214)
	at org.junit.jupiter.engine.descriptor.TestMethodTestDescriptor.execute(TestMethodTestDescriptor.java:139)
	at org.junit.jupiter.engine.descriptor.TestMethodTestDescriptor.execute(TestMethodTestDescriptor.java:69)
	at org.junit.platform.engine.support.hierarchical.NodeTestTask.lambda$executeRecursively$6(NodeTestTask.java:151)
	at org.junit.platform.engine.support.hierarchical.ThrowableCollector.execute(ThrowableCollector.java:73)
	at org.junit.platform.engine.support.hierarchical.NodeTestTask.lambda$executeRecursively$8(NodeTestTask.java:141)
	at org.junit.platform.engine.support.hierarchical.Node.around(Node.java:137)
	at org.junit.platform.engine.support.hierarchical.NodeTestTask.lambda$executeRecursively$9(NodeTestTask.java:139)
	at org.junit.platform.engine.support.hierarchical.ThrowableCollector.execute(ThrowableCollector.java:73)
	at org.junit.platform.engine.support.hierarchical.NodeTestTask.executeRecursively(NodeTestTask.java:138)
	at org.junit.platform.engine.support.hierarchical.NodeTestTask.execute(NodeTestTask.java:95)
	at java.base/java.util.ArrayList.forEach(ArrayList.java:1596)
	at org.junit.platform.engine.support.hierarchical.SameThreadHierarchicalTestExecutorService.invokeAll(SameThreadHierarchicalTestExecutorService.java:41)
	at org.junit.platform.engine.support.hierarchical.NodeTestTask.lambda$executeRecursively$6(NodeTestTask.java:155)
	at org.junit.platform.engine.support.hierarchical.ThrowableCollector.execute(ThrowableCollector.java:73)
	at org.junit.platform.engine.support.hierarchical.NodeTestTask.lambda$executeRecursively$8(NodeTestTask.java:141)
	at org.junit.platform.engine.support.hierarchical.Node.around(Node.java:137)
	at org.junit.platform.engine.support.hierarchical.NodeTestTask.lambda$executeRecursively$9(NodeTestTask.java:139)
	at org.junit.platform.engine.support.hierarchical.ThrowableCollector.execute(ThrowableCollector.java:73)
	at org.junit.platform.engine.support.hierarchical.NodeTestTask.executeRecursively(NodeTestTask.java:138)
	at org.junit.platform.engine.support.hierarchical.NodeTestTask.execute(NodeTestTask.java:95)
	at java.base/java.util.ArrayList.forEach(ArrayList.java:1596)
	at org.junit.platform.engine.support.hierarchical.SameThreadHierarchicalTestExecutorService.invokeAll(SameThreadHierarchicalTestExecutorService.java:41)
	at org.junit.platform.engine.support.hierarchical.NodeTestTask.lambda$executeRecursively$6(NodeTestTask.java:155)
	at org.junit.platform.engine.support.hierarchical.ThrowableCollector.execute(ThrowableCollector.java:73)
	at org.junit.platform.engine.support.hierarchical.NodeTestTask.lambda$executeRecursively$8(NodeTestTask.java:141)
	at org.junit.platform.engine.support.hierarchical.Node.around(Node.java:137)
	at org.junit.platform.engine.support.hierarchical.NodeTestTask.lambda$executeRecursively$9(NodeTestTask.java:139)
	at org.junit.platform.engine.support.hierarchical.ThrowableCollector.execute(ThrowableCollector.java:73)
	at org.junit.platform.engine.support.hierarchical.NodeTestTask.executeRecursively(NodeTestTask.java:138)
	at org.junit.platform.engine.support.hierarchical.NodeTestTask.execute(NodeTestTask.java:95)
	at org.junit.platform.engine.support.hierarchical.SameThreadHierarchicalTestExecutorService.submit(SameThreadHierarchicalTestExecutorService.java:35)
	at org.junit.platform.engine.support.hierarchical.HierarchicalTestExecutor.execute(HierarchicalTestExecutor.java:57)
	at org.junit.platform.engine.support.hierarchical.HierarchicalTestEngine.execute(HierarchicalTestEngine.java:54)
	at org.junit.platform.launcher.core.EngineExecutionOrchestrator.execute(EngineExecutionOrchestrator.java:198)
	at org.junit.platform.launcher.core.EngineExecutionOrchestrator.execute(EngineExecutionOrchestrator.java:169)
	at org.junit.platform.launcher.core.EngineExecutionOrchestrator.execute(EngineExecutionOrchestrator.java:93)
	at org.junit.platform.launcher.core.EngineExecutionOrchestrator.lambda$execute$0(EngineExecutionOrchestrator.java:58)
	at org.junit.platform.launcher.core.EngineExecutionOrchestrator.withInterceptedStreams(EngineExecutionOrchestrator.java:141)
	at org.junit.platform.launcher.core.EngineExecutionOrchestrator.execute(EngineExecutionOrchestrator.java:57)
	at org.junit.platform.launcher.core.DefaultLauncher.execute(DefaultLauncher.java:103)
	at org.junit.platform.launcher.core.DefaultLauncher.execute(DefaultLauncher.java:85)
	at org.junit.platform.launcher.core.DelegatingLauncher.execute(DelegatingLauncher.java:47)
	at org.junit.platform.launcher.core.SessionPerRequestLauncher.execute(SessionPerRequestLauncher.java:63)
	at com.intellij.junit5.JUnit5IdeaTestRunner.startRunnerWithArgs(JUnit5IdeaTestRunner.java:57)
	at com.intellij.rt.junit.IdeaTestRunner$Repeater$1.execute(IdeaTestRunner.java:38)
	at com.intellij.rt.execution.junit.TestsRepeater.repeat(TestsRepeater.java:11)
	at com.intellij.rt.junit.IdeaTestRunner$Repeater.startRunnerWithArgs(IdeaTestRunner.java:35)
	at com.intellij.rt.junit.JUnitStarter.prepareStreamsAndStart(JUnitStarter.java:232)
	at com.intellij.rt.junit.JUnitStarter.main(JUnitStarter.java:55)
2025-02-13 10:55:57 [main] INFO  l.insoft.uztis.tests.utils.TestUtils - Screenshot moved to C:\Users\ingrida.zadorozniene\Desktop\Asm\UZTIS\UZTIS_tests\test-output\screenshots\20250213\105557664_testFillEvaluationTwo().png
2025-02-13 10:58:19 [main] INFO  lt.insoft.uztis.tests.UztisPageTest - Navigated to https://uztisdev.asseco.lt/home
2025-02-13 10:58:20 [main] INFO  l.i.uztis.tests.EvaluationsPageTest - Starting test:'testFillEvaluationTwo'
2025-02-13 10:58:20 [main] INFO  l.i.uztis.tests.EvaluationsPageTest - Starting test:'testNavigateToEvaluationsPage'
2025-02-13 10:58:20 [main] DEBUG l.i.uztis.tests.EvaluationsPageTest - User logged in with test credentials
2025-02-13 10:58:20 [main] DEBUG l.i.uztis.tests.EvaluationsPageTest - Opened 'Application Processing' menu.
2025-02-13 10:58:20 [main] DEBUG l.i.uztis.tests.EvaluationsPageTest - Clicked on 'Evaluations' menu.
2025-02-13 10:58:20 [main] DEBUG l.i.uztis.tests.EvaluationsPageTest - Navigating to evaluations menu.
2025-02-13 10:58:20 [main] INFO  l.i.uztis.tests.EvaluationsPageTest - Test 'testNavigateToEvaluationsPage' completed successfully.
2025-02-13 10:58:22 [main] DEBUG l.i.uztis.tests.EvaluationsPageTest - Clicked on last evaluation.
2025-02-13 10:58:23 [main] DEBUG l.i.uztis.tests.EvaluationsPageTest - Clicked 'Edit'.
2025-02-13 10:58:23 [main] DEBUG l.i.uztis.tests.EvaluationsPageTest - Entered commission date.
2025-02-13 10:58:33 [main] ERROR l.i.uztis.tests.EvaluationsPageTest - Test 'testFillEvaluationTwo' failed with error: no such element: Unable to locate element: {"method":"xpath","selector":"//input[contains(@id, 'mat-radio') and @name='mat-radio-group-65' and @value='true']"}
  (Session info: chrome=132.0.6834.197)
For documentation on this error, please visit: https://www.selenium.dev/documentation/webdriver/troubleshooting/errors#no-such-element-exception
Build info: version: '4.27.0', revision: 'd6e718d134'
System info: os.name: 'Windows 11', os.arch: 'amd64', os.version: '10.0', java.version: '21.0.3'
Driver info: org.openqa.selenium.chrome.ChromeDriver
Command: [8cef1f52317e05b38838d943b93b471e, findElement {value=//input[contains(@id, 'mat-radio') and @name='mat-radio-group-65' and @value='true'], using=xpath}]
Capabilities {acceptInsecureCerts: false, browserName: chrome, browserVersion: 132.0.6834.197, chrome: {chromedriverVersion: 132.0.6834.159 (2d77d3fc445..., userDataDir: C:\Users\INGRID~1.ZAD\AppDa...}, fedcm:accounts: true, goog:chromeOptions: {debuggerAddress: localhost:61667}, networkConnectionEnabled: false, pageLoadStrategy: normal, platformName: windows, proxy: Proxy(), se:cdp: ws://localhost:61667/devtoo..., se:cdpVersion: 132.0.6834.197, setWindowRect: true, strictFileInteractability: false, timeouts: {implicit: 0, pageLoad: 300000, script: 30000}, unhandledPromptBehavior: dismiss and notify, webauthn:extension:credBlob: true, webauthn:extension:largeBlob: true, webauthn:extension:minPinLength: true, webauthn:extension:prf: true, webauthn:virtualAuthenticators: true}
Session ID: 8cef1f52317e05b38838d943b93b471e
org.openqa.selenium.NoSuchElementException: no such element: Unable to locate element: {"method":"xpath","selector":"//input[contains(@id, 'mat-radio') and @name='mat-radio-group-65' and @value='true']"}
  (Session info: chrome=132.0.6834.197)
For documentation on this error, please visit: https://www.selenium.dev/documentation/webdriver/troubleshooting/errors#no-such-element-exception
Build info: version: '4.27.0', revision: 'd6e718d134'
System info: os.name: 'Windows 11', os.arch: 'amd64', os.version: '10.0', java.version: '21.0.3'
Driver info: org.openqa.selenium.chrome.ChromeDriver
Command: [8cef1f52317e05b38838d943b93b471e, findElement {value=//input[contains(@id, 'mat-radio') and @name='mat-radio-group-65' and @value='true'], using=xpath}]
Capabilities {acceptInsecureCerts: false, browserName: chrome, browserVersion: 132.0.6834.197, chrome: {chromedriverVersion: 132.0.6834.159 (2d77d3fc445..., userDataDir: C:\Users\INGRID~1.ZAD\AppDa...}, fedcm:accounts: true, goog:chromeOptions: {debuggerAddress: localhost:61667}, networkConnectionEnabled: false, pageLoadStrategy: normal, platformName: windows, proxy: Proxy(), se:cdp: ws://localhost:61667/devtoo..., se:cdpVersion: 132.0.6834.197, setWindowRect: true, strictFileInteractability: false, timeouts: {implicit: 0, pageLoad: 300000, script: 30000}, unhandledPromptBehavior: dismiss and notify, webauthn:extension:credBlob: true, webauthn:extension:largeBlob: true, webauthn:extension:minPinLength: true, webauthn:extension:prf: true, webauthn:virtualAuthenticators: true}
Session ID: 8cef1f52317e05b38838d943b93b471e
	at java.base/jdk.internal.reflect.DirectConstructorHandleAccessor.newInstance(DirectConstructorHandleAccessor.java:62)
	at java.base/java.lang.reflect.Constructor.newInstanceWithCaller(Constructor.java:502)
	at java.base/java.lang.reflect.Constructor.newInstance(Constructor.java:486)
	at org.openqa.selenium.remote.ErrorCodec.decode(ErrorCodec.java:167)
	at org.openqa.selenium.remote.codec.w3c.W3CHttpResponseCodec.decode(W3CHttpResponseCodec.java:138)
	at org.openqa.selenium.remote.codec.w3c.W3CHttpResponseCodec.decode(W3CHttpResponseCodec.java:50)
	at org.openqa.selenium.remote.HttpCommandExecutor.execute(HttpCommandExecutor.java:190)
	at org.openqa.selenium.remote.service.DriverCommandExecutor.invokeExecute(DriverCommandExecutor.java:216)
	at org.openqa.selenium.remote.service.DriverCommandExecutor.execute(DriverCommandExecutor.java:174)
	at org.openqa.selenium.remote.RemoteWebDriver.execute(RemoteWebDriver.java:545)
	at org.openqa.selenium.remote.ElementLocation$ElementFinder$2.findElement(ElementLocation.java:165)
	at org.openqa.selenium.remote.ElementLocation.findElement(ElementLocation.java:59)
	at org.openqa.selenium.remote.RemoteWebDriver.findElement(RemoteWebDriver.java:368)
	at org.openqa.selenium.remote.RemoteWebDriver.findElement(RemoteWebDriver.java:362)
	at org.openqa.selenium.support.pagefactory.DefaultElementLocator.findElement(DefaultElementLocator.java:68)
	at org.openqa.selenium.support.pagefactory.internal.LocatingElementHandler.invoke(LocatingElementHandler.java:38)
	at jdk.proxy2/jdk.proxy2.$Proxy14.isSelected(Unknown Source)
	at lt.insoft.uztis.pages.EvaluationsPage.clickRadioButtonWithoutCommissionNO(EvaluationsPage.java:368)
	at lt.insoft.uztis.tests.EvaluationsPageTest.testFillEvaluationTwo(EvaluationsPageTest.java:190)
	at java.base/jdk.internal.reflect.DirectMethodHandleAccessor.invoke(DirectMethodHandleAccessor.java:103)
	at java.base/java.lang.reflect.Method.invoke(Method.java:580)
	at org.junit.platform.commons.util.ReflectionUtils.invokeMethod(ReflectionUtils.java:728)
	at org.junit.jupiter.engine.execution.MethodInvocation.proceed(MethodInvocation.java:60)
	at org.junit.jupiter.engine.execution.InvocationInterceptorChain$ValidatingInvocation.proceed(InvocationInterceptorChain.java:131)
	at org.junit.jupiter.engine.extension.TimeoutExtension.intercept(TimeoutExtension.java:156)
	at org.junit.jupiter.engine.extension.TimeoutExtension.interceptTestableMethod(TimeoutExtension.java:147)
	at org.junit.jupiter.engine.extension.TimeoutExtension.interceptTestMethod(TimeoutExtension.java:86)
	at org.junit.jupiter.engine.execution.InterceptingExecutableInvoker$ReflectiveInterceptorCall.lambda$ofVoidMethod$0(InterceptingExecutableInvoker.java:103)
	at org.junit.jupiter.engine.execution.InterceptingExecutableInvoker.lambda$invoke$0(InterceptingExecutableInvoker.java:93)
	at org.junit.jupiter.engine.execution.InvocationInterceptorChain$InterceptedInvocation.proceed(InvocationInterceptorChain.java:106)
	at org.junit.jupiter.engine.execution.InvocationInterceptorChain.proceed(InvocationInterceptorChain.java:64)
	at org.junit.jupiter.engine.execution.InvocationInterceptorChain.chainAndInvoke(InvocationInterceptorChain.java:45)
	at org.junit.jupiter.engine.execution.InvocationInterceptorChain.invoke(InvocationInterceptorChain.java:37)
	at org.junit.jupiter.engine.execution.InterceptingExecutableInvoker.invoke(InterceptingExecutableInvoker.java:92)
	at org.junit.jupiter.engine.execution.InterceptingExecutableInvoker.invoke(InterceptingExecutableInvoker.java:86)
	at org.junit.jupiter.engine.descriptor.TestMethodTestDescriptor.lambda$invokeTestMethod$7(TestMethodTestDescriptor.java:218)
	at org.junit.platform.engine.support.hierarchical.ThrowableCollector.execute(ThrowableCollector.java:73)
	at org.junit.jupiter.engine.descriptor.TestMethodTestDescriptor.invokeTestMethod(TestMethodTestDescriptor.java:214)
	at org.junit.jupiter.engine.descriptor.TestMethodTestDescriptor.execute(TestMethodTestDescriptor.java:139)
	at org.junit.jupiter.engine.descriptor.TestMethodTestDescriptor.execute(TestMethodTestDescriptor.java:69)
	at org.junit.platform.engine.support.hierarchical.NodeTestTask.lambda$executeRecursively$6(NodeTestTask.java:151)
	at org.junit.platform.engine.support.hierarchical.ThrowableCollector.execute(ThrowableCollector.java:73)
	at org.junit.platform.engine.support.hierarchical.NodeTestTask.lambda$executeRecursively$8(NodeTestTask.java:141)
	at org.junit.platform.engine.support.hierarchical.Node.around(Node.java:137)
	at org.junit.platform.engine.support.hierarchical.NodeTestTask.lambda$executeRecursively$9(NodeTestTask.java:139)
	at org.junit.platform.engine.support.hierarchical.ThrowableCollector.execute(ThrowableCollector.java:73)
	at org.junit.platform.engine.support.hierarchical.NodeTestTask.executeRecursively(NodeTestTask.java:138)
	at org.junit.platform.engine.support.hierarchical.NodeTestTask.execute(NodeTestTask.java:95)
	at java.base/java.util.ArrayList.forEach(ArrayList.java:1596)
	at org.junit.platform.engine.support.hierarchical.SameThreadHierarchicalTestExecutorService.invokeAll(SameThreadHierarchicalTestExecutorService.java:41)
	at org.junit.platform.engine.support.hierarchical.NodeTestTask.lambda$executeRecursively$6(NodeTestTask.java:155)
	at org.junit.platform.engine.support.hierarchical.ThrowableCollector.execute(ThrowableCollector.java:73)
	at org.junit.platform.engine.support.hierarchical.NodeTestTask.lambda$executeRecursively$8(NodeTestTask.java:141)
	at org.junit.platform.engine.support.hierarchical.Node.around(Node.java:137)
	at org.junit.platform.engine.support.hierarchical.NodeTestTask.lambda$executeRecursively$9(NodeTestTask.java:139)
	at org.junit.platform.engine.support.hierarchical.ThrowableCollector.execute(ThrowableCollector.java:73)
	at org.junit.platform.engine.support.hierarchical.NodeTestTask.executeRecursively(NodeTestTask.java:138)
	at org.junit.platform.engine.support.hierarchical.NodeTestTask.execute(NodeTestTask.java:95)
	at java.base/java.util.ArrayList.forEach(ArrayList.java:1596)
	at org.junit.platform.engine.support.hierarchical.SameThreadHierarchicalTestExecutorService.invokeAll(SameThreadHierarchicalTestExecutorService.java:41)
	at org.junit.platform.engine.support.hierarchical.NodeTestTask.lambda$executeRecursively$6(NodeTestTask.java:155)
	at org.junit.platform.engine.support.hierarchical.ThrowableCollector.execute(ThrowableCollector.java:73)
	at org.junit.platform.engine.support.hierarchical.NodeTestTask.lambda$executeRecursively$8(NodeTestTask.java:141)
	at org.junit.platform.engine.support.hierarchical.Node.around(Node.java:137)
	at org.junit.platform.engine.support.hierarchical.NodeTestTask.lambda$executeRecursively$9(NodeTestTask.java:139)
	at org.junit.platform.engine.support.hierarchical.ThrowableCollector.execute(ThrowableCollector.java:73)
	at org.junit.platform.engine.support.hierarchical.NodeTestTask.executeRecursively(NodeTestTask.java:138)
	at org.junit.platform.engine.support.hierarchical.NodeTestTask.execute(NodeTestTask.java:95)
	at org.junit.platform.engine.support.hierarchical.SameThreadHierarchicalTestExecutorService.submit(SameThreadHierarchicalTestExecutorService.java:35)
	at org.junit.platform.engine.support.hierarchical.HierarchicalTestExecutor.execute(HierarchicalTestExecutor.java:57)
	at org.junit.platform.engine.support.hierarchical.HierarchicalTestEngine.execute(HierarchicalTestEngine.java:54)
	at org.junit.platform.launcher.core.EngineExecutionOrchestrator.execute(EngineExecutionOrchestrator.java:198)
	at org.junit.platform.launcher.core.EngineExecutionOrchestrator.execute(EngineExecutionOrchestrator.java:169)
	at org.junit.platform.launcher.core.EngineExecutionOrchestrator.execute(EngineExecutionOrchestrator.java:93)
	at org.junit.platform.launcher.core.EngineExecutionOrchestrator.lambda$execute$0(EngineExecutionOrchestrator.java:58)
	at org.junit.platform.launcher.core.EngineExecutionOrchestrator.withInterceptedStreams(EngineExecutionOrchestrator.java:141)
	at org.junit.platform.launcher.core.EngineExecutionOrchestrator.execute(EngineExecutionOrchestrator.java:57)
	at org.junit.platform.launcher.core.DefaultLauncher.execute(DefaultLauncher.java:103)
	at org.junit.platform.launcher.core.DefaultLauncher.execute(DefaultLauncher.java:85)
	at org.junit.platform.launcher.core.DelegatingLauncher.execute(DelegatingLauncher.java:47)
	at org.junit.platform.launcher.core.SessionPerRequestLauncher.execute(SessionPerRequestLauncher.java:63)
	at com.intellij.junit5.JUnit5IdeaTestRunner.startRunnerWithArgs(JUnit5IdeaTestRunner.java:57)
	at com.intellij.rt.junit.IdeaTestRunner$Repeater$1.execute(IdeaTestRunner.java:38)
	at com.intellij.rt.execution.junit.TestsRepeater.repeat(TestsRepeater.java:11)
	at com.intellij.rt.junit.IdeaTestRunner$Repeater.startRunnerWithArgs(IdeaTestRunner.java:35)
	at com.intellij.rt.junit.JUnitStarter.prepareStreamsAndStart(JUnitStarter.java:232)
	at com.intellij.rt.junit.JUnitStarter.main(JUnitStarter.java:55)
2025-02-13 10:58:33 [main] INFO  l.insoft.uztis.tests.utils.TestUtils - Screenshot moved to C:\Users\ingrida.zadorozniene\Desktop\Asm\UZTIS\UZTIS_tests\test-output\screenshots\20250213\105833913_testFillEvaluationTwo().png
2025-02-13 11:01:20 [main] INFO  lt.insoft.uztis.tests.UztisPageTest - Navigated to https://uztisdev.asseco.lt/home
2025-02-13 11:01:20 [main] INFO  l.i.uztis.tests.EvaluationsPageTest - Starting test:'testFillEvaluationTwo'
2025-02-13 11:01:20 [main] INFO  l.i.uztis.tests.EvaluationsPageTest - Starting test:'testNavigateToEvaluationsPage'
2025-02-13 11:01:20 [main] DEBUG l.i.uztis.tests.EvaluationsPageTest - User logged in with test credentials
2025-02-13 11:01:21 [main] DEBUG l.i.uztis.tests.EvaluationsPageTest - Opened 'Application Processing' menu.
2025-02-13 11:01:21 [main] DEBUG l.i.uztis.tests.EvaluationsPageTest - Clicked on 'Evaluations' menu.
2025-02-13 11:01:21 [main] DEBUG l.i.uztis.tests.EvaluationsPageTest - Navigating to evaluations menu.
2025-02-13 11:01:21 [main] INFO  l.i.uztis.tests.EvaluationsPageTest - Test 'testNavigateToEvaluationsPage' completed successfully.
2025-02-13 11:01:21 [main] DEBUG l.i.uztis.tests.EvaluationsPageTest - Clicked on last evaluation.
2025-02-13 11:01:22 [main] DEBUG l.i.uztis.tests.EvaluationsPageTest - Clicked 'Edit'.
2025-02-13 11:01:23 [main] DEBUG l.i.uztis.tests.EvaluationsPageTest - Entered commission date.
2025-02-13 11:01:33 [main] ERROR l.i.uztis.tests.EvaluationsPageTest - Test 'testFillEvaluationTwo' failed with error: no such element: Unable to locate element: {"method":"xpath","selector":"//input[contains(@id, 'mat-radio') and @name='mat-radio-group-65' and @value='true']"}
  (Session info: chrome=132.0.6834.197)
For documentation on this error, please visit: https://www.selenium.dev/documentation/webdriver/troubleshooting/errors#no-such-element-exception
Build info: version: '4.27.0', revision: 'd6e718d134'
System info: os.name: 'Windows 11', os.arch: 'amd64', os.version: '10.0', java.version: '21.0.3'
Driver info: org.openqa.selenium.chrome.ChromeDriver
Command: [b125d025672103378199929c8bbdac3a, findElement {value=//input[contains(@id, 'mat-radio') and @name='mat-radio-group-65' and @value='true'], using=xpath}]
Capabilities {acceptInsecureCerts: false, browserName: chrome, browserVersion: 132.0.6834.197, chrome: {chromedriverVersion: 132.0.6834.159 (2d77d3fc445..., userDataDir: C:\Users\INGRID~1.ZAD\AppDa...}, fedcm:accounts: true, goog:chromeOptions: {debuggerAddress: localhost:61798}, networkConnectionEnabled: false, pageLoadStrategy: normal, platformName: windows, proxy: Proxy(), se:cdp: ws://localhost:61798/devtoo..., se:cdpVersion: 132.0.6834.197, setWindowRect: true, strictFileInteractability: false, timeouts: {implicit: 0, pageLoad: 300000, script: 30000}, unhandledPromptBehavior: dismiss and notify, webauthn:extension:credBlob: true, webauthn:extension:largeBlob: true, webauthn:extension:minPinLength: true, webauthn:extension:prf: true, webauthn:virtualAuthenticators: true}
Session ID: b125d025672103378199929c8bbdac3a
org.openqa.selenium.NoSuchElementException: no such element: Unable to locate element: {"method":"xpath","selector":"//input[contains(@id, 'mat-radio') and @name='mat-radio-group-65' and @value='true']"}
  (Session info: chrome=132.0.6834.197)
For documentation on this error, please visit: https://www.selenium.dev/documentation/webdriver/troubleshooting/errors#no-such-element-exception
Build info: version: '4.27.0', revision: 'd6e718d134'
System info: os.name: 'Windows 11', os.arch: 'amd64', os.version: '10.0', java.version: '21.0.3'
Driver info: org.openqa.selenium.chrome.ChromeDriver
Command: [b125d025672103378199929c8bbdac3a, findElement {value=//input[contains(@id, 'mat-radio') and @name='mat-radio-group-65' and @value='true'], using=xpath}]
Capabilities {acceptInsecureCerts: false, browserName: chrome, browserVersion: 132.0.6834.197, chrome: {chromedriverVersion: 132.0.6834.159 (2d77d3fc445..., userDataDir: C:\Users\INGRID~1.ZAD\AppDa...}, fedcm:accounts: true, goog:chromeOptions: {debuggerAddress: localhost:61798}, networkConnectionEnabled: false, pageLoadStrategy: normal, platformName: windows, proxy: Proxy(), se:cdp: ws://localhost:61798/devtoo..., se:cdpVersion: 132.0.6834.197, setWindowRect: true, strictFileInteractability: false, timeouts: {implicit: 0, pageLoad: 300000, script: 30000}, unhandledPromptBehavior: dismiss and notify, webauthn:extension:credBlob: true, webauthn:extension:largeBlob: true, webauthn:extension:minPinLength: true, webauthn:extension:prf: true, webauthn:virtualAuthenticators: true}
Session ID: b125d025672103378199929c8bbdac3a
	at java.base/jdk.internal.reflect.DirectConstructorHandleAccessor.newInstance(DirectConstructorHandleAccessor.java:62)
	at java.base/java.lang.reflect.Constructor.newInstanceWithCaller(Constructor.java:502)
	at java.base/java.lang.reflect.Constructor.newInstance(Constructor.java:486)
	at org.openqa.selenium.remote.ErrorCodec.decode(ErrorCodec.java:167)
	at org.openqa.selenium.remote.codec.w3c.W3CHttpResponseCodec.decode(W3CHttpResponseCodec.java:138)
	at org.openqa.selenium.remote.codec.w3c.W3CHttpResponseCodec.decode(W3CHttpResponseCodec.java:50)
	at org.openqa.selenium.remote.HttpCommandExecutor.execute(HttpCommandExecutor.java:190)
	at org.openqa.selenium.remote.service.DriverCommandExecutor.invokeExecute(DriverCommandExecutor.java:216)
	at org.openqa.selenium.remote.service.DriverCommandExecutor.execute(DriverCommandExecutor.java:174)
	at org.openqa.selenium.remote.RemoteWebDriver.execute(RemoteWebDriver.java:545)
	at org.openqa.selenium.remote.ElementLocation$ElementFinder$2.findElement(ElementLocation.java:165)
	at org.openqa.selenium.remote.ElementLocation.findElement(ElementLocation.java:59)
	at org.openqa.selenium.remote.RemoteWebDriver.findElement(RemoteWebDriver.java:368)
	at org.openqa.selenium.remote.RemoteWebDriver.findElement(RemoteWebDriver.java:362)
	at org.openqa.selenium.support.pagefactory.DefaultElementLocator.findElement(DefaultElementLocator.java:68)
	at org.openqa.selenium.support.pagefactory.internal.LocatingElementHandler.invoke(LocatingElementHandler.java:38)
	at jdk.proxy2/jdk.proxy2.$Proxy14.isSelected(Unknown Source)
	at lt.insoft.uztis.pages.EvaluationsPage.clickRadioButtonWithoutCommissionNO(EvaluationsPage.java:358)
	at lt.insoft.uztis.tests.EvaluationsPageTest.testFillEvaluationTwo(EvaluationsPageTest.java:190)
	at java.base/jdk.internal.reflect.DirectMethodHandleAccessor.invoke(DirectMethodHandleAccessor.java:103)
	at java.base/java.lang.reflect.Method.invoke(Method.java:580)
	at org.junit.platform.commons.util.ReflectionUtils.invokeMethod(ReflectionUtils.java:728)
	at org.junit.jupiter.engine.execution.MethodInvocation.proceed(MethodInvocation.java:60)
	at org.junit.jupiter.engine.execution.InvocationInterceptorChain$ValidatingInvocation.proceed(InvocationInterceptorChain.java:131)
	at org.junit.jupiter.engine.extension.TimeoutExtension.intercept(TimeoutExtension.java:156)
	at org.junit.jupiter.engine.extension.TimeoutExtension.interceptTestableMethod(TimeoutExtension.java:147)
	at org.junit.jupiter.engine.extension.TimeoutExtension.interceptTestMethod(TimeoutExtension.java:86)
	at org.junit.jupiter.engine.execution.InterceptingExecutableInvoker$ReflectiveInterceptorCall.lambda$ofVoidMethod$0(InterceptingExecutableInvoker.java:103)
	at org.junit.jupiter.engine.execution.InterceptingExecutableInvoker.lambda$invoke$0(InterceptingExecutableInvoker.java:93)
	at org.junit.jupiter.engine.execution.InvocationInterceptorChain$InterceptedInvocation.proceed(InvocationInterceptorChain.java:106)
	at org.junit.jupiter.engine.execution.InvocationInterceptorChain.proceed(InvocationInterceptorChain.java:64)
	at org.junit.jupiter.engine.execution.InvocationInterceptorChain.chainAndInvoke(InvocationInterceptorChain.java:45)
	at org.junit.jupiter.engine.execution.InvocationInterceptorChain.invoke(InvocationInterceptorChain.java:37)
	at org.junit.jupiter.engine.execution.InterceptingExecutableInvoker.invoke(InterceptingExecutableInvoker.java:92)
	at org.junit.jupiter.engine.execution.InterceptingExecutableInvoker.invoke(InterceptingExecutableInvoker.java:86)
	at org.junit.jupiter.engine.descriptor.TestMethodTestDescriptor.lambda$invokeTestMethod$7(TestMethodTestDescriptor.java:218)
	at org.junit.platform.engine.support.hierarchical.ThrowableCollector.execute(ThrowableCollector.java:73)
	at org.junit.jupiter.engine.descriptor.TestMethodTestDescriptor.invokeTestMethod(TestMethodTestDescriptor.java:214)
	at org.junit.jupiter.engine.descriptor.TestMethodTestDescriptor.execute(TestMethodTestDescriptor.java:139)
	at org.junit.jupiter.engine.descriptor.TestMethodTestDescriptor.execute(TestMethodTestDescriptor.java:69)
	at org.junit.platform.engine.support.hierarchical.NodeTestTask.lambda$executeRecursively$6(NodeTestTask.java:151)
	at org.junit.platform.engine.support.hierarchical.ThrowableCollector.execute(ThrowableCollector.java:73)
	at org.junit.platform.engine.support.hierarchical.NodeTestTask.lambda$executeRecursively$8(NodeTestTask.java:141)
	at org.junit.platform.engine.support.hierarchical.Node.around(Node.java:137)
	at org.junit.platform.engine.support.hierarchical.NodeTestTask.lambda$executeRecursively$9(NodeTestTask.java:139)
	at org.junit.platform.engine.support.hierarchical.ThrowableCollector.execute(ThrowableCollector.java:73)
	at org.junit.platform.engine.support.hierarchical.NodeTestTask.executeRecursively(NodeTestTask.java:138)
	at org.junit.platform.engine.support.hierarchical.NodeTestTask.execute(NodeTestTask.java:95)
	at java.base/java.util.ArrayList.forEach(ArrayList.java:1596)
	at org.junit.platform.engine.support.hierarchical.SameThreadHierarchicalTestExecutorService.invokeAll(SameThreadHierarchicalTestExecutorService.java:41)
	at org.junit.platform.engine.support.hierarchical.NodeTestTask.lambda$executeRecursively$6(NodeTestTask.java:155)
	at org.junit.platform.engine.support.hierarchical.ThrowableCollector.execute(ThrowableCollector.java:73)
	at org.junit.platform.engine.support.hierarchical.NodeTestTask.lambda$executeRecursively$8(NodeTestTask.java:141)
	at org.junit.platform.engine.support.hierarchical.Node.around(Node.java:137)
	at org.junit.platform.engine.support.hierarchical.NodeTestTask.lambda$executeRecursively$9(NodeTestTask.java:139)
	at org.junit.platform.engine.support.hierarchical.ThrowableCollector.execute(ThrowableCollector.java:73)
	at org.junit.platform.engine.support.hierarchical.NodeTestTask.executeRecursively(NodeTestTask.java:138)
	at org.junit.platform.engine.support.hierarchical.NodeTestTask.execute(NodeTestTask.java:95)
	at java.base/java.util.ArrayList.forEach(ArrayList.java:1596)
	at org.junit.platform.engine.support.hierarchical.SameThreadHierarchicalTestExecutorService.invokeAll(SameThreadHierarchicalTestExecutorService.java:41)
	at org.junit.platform.engine.support.hierarchical.NodeTestTask.lambda$executeRecursively$6(NodeTestTask.java:155)
	at org.junit.platform.engine.support.hierarchical.ThrowableCollector.execute(ThrowableCollector.java:73)
	at org.junit.platform.engine.support.hierarchical.NodeTestTask.lambda$executeRecursively$8(NodeTestTask.java:141)
	at org.junit.platform.engine.support.hierarchical.Node.around(Node.java:137)
	at org.junit.platform.engine.support.hierarchical.NodeTestTask.lambda$executeRecursively$9(NodeTestTask.java:139)
	at org.junit.platform.engine.support.hierarchical.ThrowableCollector.execute(ThrowableCollector.java:73)
	at org.junit.platform.engine.support.hierarchical.NodeTestTask.executeRecursively(NodeTestTask.java:138)
	at org.junit.platform.engine.support.hierarchical.NodeTestTask.execute(NodeTestTask.java:95)
	at org.junit.platform.engine.support.hierarchical.SameThreadHierarchicalTestExecutorService.submit(SameThreadHierarchicalTestExecutorService.java:35)
	at org.junit.platform.engine.support.hierarchical.HierarchicalTestExecutor.execute(HierarchicalTestExecutor.java:57)
	at org.junit.platform.engine.support.hierarchical.HierarchicalTestEngine.execute(HierarchicalTestEngine.java:54)
	at org.junit.platform.launcher.core.EngineExecutionOrchestrator.execute(EngineExecutionOrchestrator.java:198)
	at org.junit.platform.launcher.core.EngineExecutionOrchestrator.execute(EngineExecutionOrchestrator.java:169)
	at org.junit.platform.launcher.core.EngineExecutionOrchestrator.execute(EngineExecutionOrchestrator.java:93)
	at org.junit.platform.launcher.core.EngineExecutionOrchestrator.lambda$execute$0(EngineExecutionOrchestrator.java:58)
	at org.junit.platform.launcher.core.EngineExecutionOrchestrator.withInterceptedStreams(EngineExecutionOrchestrator.java:141)
	at org.junit.platform.launcher.core.EngineExecutionOrchestrator.execute(EngineExecutionOrchestrator.java:57)
	at org.junit.platform.launcher.core.DefaultLauncher.execute(DefaultLauncher.java:103)
	at org.junit.platform.launcher.core.DefaultLauncher.execute(DefaultLauncher.java:85)
	at org.junit.platform.launcher.core.DelegatingLauncher.execute(DelegatingLauncher.java:47)
	at org.junit.platform.launcher.core.SessionPerRequestLauncher.execute(SessionPerRequestLauncher.java:63)
	at com.intellij.junit5.JUnit5IdeaTestRunner.startRunnerWithArgs(JUnit5IdeaTestRunner.java:57)
	at com.intellij.rt.junit.IdeaTestRunner$Repeater$1.execute(IdeaTestRunner.java:38)
	at com.intellij.rt.execution.junit.TestsRepeater.repeat(TestsRepeater.java:11)
	at com.intellij.rt.junit.IdeaTestRunner$Repeater.startRunnerWithArgs(IdeaTestRunner.java:35)
	at com.intellij.rt.junit.JUnitStarter.prepareStreamsAndStart(JUnitStarter.java:232)
	at com.intellij.rt.junit.JUnitStarter.main(JUnitStarter.java:55)
2025-02-13 11:01:33 [main] INFO  l.insoft.uztis.tests.utils.TestUtils - Screenshot moved to C:\Users\ingrida.zadorozniene\Desktop\Asm\UZTIS\UZTIS_tests\test-output\screenshots\20250213\110133380_testFillEvaluationTwo().png
2025-02-13 11:03:49 [main] INFO  lt.insoft.uztis.tests.UztisPageTest - Navigated to https://uztisdev.asseco.lt/home
2025-02-13 11:03:49 [main] INFO  l.i.uztis.tests.EvaluationsPageTest - Starting test:'testFillEvaluationTwo'
2025-02-13 11:03:49 [main] INFO  l.i.uztis.tests.EvaluationsPageTest - Starting test:'testNavigateToEvaluationsPage'
2025-02-13 11:03:50 [main] DEBUG l.i.uztis.tests.EvaluationsPageTest - User logged in with test credentials
2025-02-13 11:03:50 [main] DEBUG l.i.uztis.tests.EvaluationsPageTest - Opened 'Application Processing' menu.
2025-02-13 11:03:50 [main] DEBUG l.i.uztis.tests.EvaluationsPageTest - Clicked on 'Evaluations' menu.
2025-02-13 11:03:50 [main] DEBUG l.i.uztis.tests.EvaluationsPageTest - Navigating to evaluations menu.
2025-02-13 11:03:50 [main] INFO  l.i.uztis.tests.EvaluationsPageTest - Test 'testNavigateToEvaluationsPage' completed successfully.
2025-02-13 11:03:50 [main] DEBUG l.i.uztis.tests.EvaluationsPageTest - Clicked on last evaluation.
2025-02-13 11:03:51 [main] DEBUG l.i.uztis.tests.EvaluationsPageTest - Clicked 'Edit'.
2025-02-13 11:03:52 [main] DEBUG l.i.uztis.tests.EvaluationsPageTest - Entered commission date.
2025-02-13 11:04:02 [main] ERROR l.i.uztis.tests.EvaluationsPageTest - Test 'testFillEvaluationTwo' failed with error: no such element: Unable to locate element: {"method":"xpath","selector":"//input[contains(@id, 'mat-radio') and @name='mat-radio-group-65' and @value='true']"}
  (Session info: chrome=132.0.6834.197)
For documentation on this error, please visit: https://www.selenium.dev/documentation/webdriver/troubleshooting/errors#no-such-element-exception
Build info: version: '4.27.0', revision: 'd6e718d134'
System info: os.name: 'Windows 11', os.arch: 'amd64', os.version: '10.0', java.version: '21.0.3'
Driver info: org.openqa.selenium.chrome.ChromeDriver
Command: [d219f66d08ac596dd56c9340337a4624, findElement {value=//input[contains(@id, 'mat-radio') and @name='mat-radio-group-65' and @value='true'], using=xpath}]
Capabilities {acceptInsecureCerts: false, browserName: chrome, browserVersion: 132.0.6834.197, chrome: {chromedriverVersion: 132.0.6834.159 (2d77d3fc445..., userDataDir: C:\Users\INGRID~1.ZAD\AppDa...}, fedcm:accounts: true, goog:chromeOptions: {debuggerAddress: localhost:61889}, networkConnectionEnabled: false, pageLoadStrategy: normal, platformName: windows, proxy: Proxy(), se:cdp: ws://localhost:61889/devtoo..., se:cdpVersion: 132.0.6834.197, setWindowRect: true, strictFileInteractability: false, timeouts: {implicit: 0, pageLoad: 300000, script: 30000}, unhandledPromptBehavior: dismiss and notify, webauthn:extension:credBlob: true, webauthn:extension:largeBlob: true, webauthn:extension:minPinLength: true, webauthn:extension:prf: true, webauthn:virtualAuthenticators: true}
Session ID: d219f66d08ac596dd56c9340337a4624
org.openqa.selenium.NoSuchElementException: no such element: Unable to locate element: {"method":"xpath","selector":"//input[contains(@id, 'mat-radio') and @name='mat-radio-group-65' and @value='true']"}
  (Session info: chrome=132.0.6834.197)
For documentation on this error, please visit: https://www.selenium.dev/documentation/webdriver/troubleshooting/errors#no-such-element-exception
Build info: version: '4.27.0', revision: 'd6e718d134'
System info: os.name: 'Windows 11', os.arch: 'amd64', os.version: '10.0', java.version: '21.0.3'
Driver info: org.openqa.selenium.chrome.ChromeDriver
Command: [d219f66d08ac596dd56c9340337a4624, findElement {value=//input[contains(@id, 'mat-radio') and @name='mat-radio-group-65' and @value='true'], using=xpath}]
Capabilities {acceptInsecureCerts: false, browserName: chrome, browserVersion: 132.0.6834.197, chrome: {chromedriverVersion: 132.0.6834.159 (2d77d3fc445..., userDataDir: C:\Users\INGRID~1.ZAD\AppDa...}, fedcm:accounts: true, goog:chromeOptions: {debuggerAddress: localhost:61889}, networkConnectionEnabled: false, pageLoadStrategy: normal, platformName: windows, proxy: Proxy(), se:cdp: ws://localhost:61889/devtoo..., se:cdpVersion: 132.0.6834.197, setWindowRect: true, strictFileInteractability: false, timeouts: {implicit: 0, pageLoad: 300000, script: 30000}, unhandledPromptBehavior: dismiss and notify, webauthn:extension:credBlob: true, webauthn:extension:largeBlob: true, webauthn:extension:minPinLength: true, webauthn:extension:prf: true, webauthn:virtualAuthenticators: true}
Session ID: d219f66d08ac596dd56c9340337a4624
	at java.base/jdk.internal.reflect.DirectConstructorHandleAccessor.newInstance(DirectConstructorHandleAccessor.java:62)
	at java.base/java.lang.reflect.Constructor.newInstanceWithCaller(Constructor.java:502)
	at java.base/java.lang.reflect.Constructor.newInstance(Constructor.java:486)
	at org.openqa.selenium.remote.ErrorCodec.decode(ErrorCodec.java:167)
	at org.openqa.selenium.remote.codec.w3c.W3CHttpResponseCodec.decode(W3CHttpResponseCodec.java:138)
	at org.openqa.selenium.remote.codec.w3c.W3CHttpResponseCodec.decode(W3CHttpResponseCodec.java:50)
	at org.openqa.selenium.remote.HttpCommandExecutor.execute(HttpCommandExecutor.java:190)
	at org.openqa.selenium.remote.service.DriverCommandExecutor.invokeExecute(DriverCommandExecutor.java:216)
	at org.openqa.selenium.remote.service.DriverCommandExecutor.execute(DriverCommandExecutor.java:174)
	at org.openqa.selenium.remote.RemoteWebDriver.execute(RemoteWebDriver.java:545)
	at org.openqa.selenium.remote.ElementLocation$ElementFinder$2.findElement(ElementLocation.java:165)
	at org.openqa.selenium.remote.ElementLocation.findElement(ElementLocation.java:59)
	at org.openqa.selenium.remote.RemoteWebDriver.findElement(RemoteWebDriver.java:368)
	at org.openqa.selenium.remote.RemoteWebDriver.findElement(RemoteWebDriver.java:362)
	at org.openqa.selenium.support.pagefactory.DefaultElementLocator.findElement(DefaultElementLocator.java:68)
	at org.openqa.selenium.support.pagefactory.internal.LocatingElementHandler.invoke(LocatingElementHandler.java:38)
	at jdk.proxy2/jdk.proxy2.$Proxy14.isSelected(Unknown Source)
	at lt.insoft.uztis.pages.EvaluationsPage.clickRadioButtonWithoutCommissionNO(EvaluationsPage.java:373)
	at lt.insoft.uztis.tests.EvaluationsPageTest.testFillEvaluationTwo(EvaluationsPageTest.java:190)
	at java.base/jdk.internal.reflect.DirectMethodHandleAccessor.invoke(DirectMethodHandleAccessor.java:103)
	at java.base/java.lang.reflect.Method.invoke(Method.java:580)
	at org.junit.platform.commons.util.ReflectionUtils.invokeMethod(ReflectionUtils.java:728)
	at org.junit.jupiter.engine.execution.MethodInvocation.proceed(MethodInvocation.java:60)
	at org.junit.jupiter.engine.execution.InvocationInterceptorChain$ValidatingInvocation.proceed(InvocationInterceptorChain.java:131)
	at org.junit.jupiter.engine.extension.TimeoutExtension.intercept(TimeoutExtension.java:156)
	at org.junit.jupiter.engine.extension.TimeoutExtension.interceptTestableMethod(TimeoutExtension.java:147)
	at org.junit.jupiter.engine.extension.TimeoutExtension.interceptTestMethod(TimeoutExtension.java:86)
	at org.junit.jupiter.engine.execution.InterceptingExecutableInvoker$ReflectiveInterceptorCall.lambda$ofVoidMethod$0(InterceptingExecutableInvoker.java:103)
	at org.junit.jupiter.engine.execution.InterceptingExecutableInvoker.lambda$invoke$0(InterceptingExecutableInvoker.java:93)
	at org.junit.jupiter.engine.execution.InvocationInterceptorChain$InterceptedInvocation.proceed(InvocationInterceptorChain.java:106)
	at org.junit.jupiter.engine.execution.InvocationInterceptorChain.proceed(InvocationInterceptorChain.java:64)
	at org.junit.jupiter.engine.execution.InvocationInterceptorChain.chainAndInvoke(InvocationInterceptorChain.java:45)
	at org.junit.jupiter.engine.execution.InvocationInterceptorChain.invoke(InvocationInterceptorChain.java:37)
	at org.junit.jupiter.engine.execution.InterceptingExecutableInvoker.invoke(InterceptingExecutableInvoker.java:92)
	at org.junit.jupiter.engine.execution.InterceptingExecutableInvoker.invoke(InterceptingExecutableInvoker.java:86)
	at org.junit.jupiter.engine.descriptor.TestMethodTestDescriptor.lambda$invokeTestMethod$7(TestMethodTestDescriptor.java:218)
	at org.junit.platform.engine.support.hierarchical.ThrowableCollector.execute(ThrowableCollector.java:73)
	at org.junit.jupiter.engine.descriptor.TestMethodTestDescriptor.invokeTestMethod(TestMethodTestDescriptor.java:214)
	at org.junit.jupiter.engine.descriptor.TestMethodTestDescriptor.execute(TestMethodTestDescriptor.java:139)
	at org.junit.jupiter.engine.descriptor.TestMethodTestDescriptor.execute(TestMethodTestDescriptor.java:69)
	at org.junit.platform.engine.support.hierarchical.NodeTestTask.lambda$executeRecursively$6(NodeTestTask.java:151)
	at org.junit.platform.engine.support.hierarchical.ThrowableCollector.execute(ThrowableCollector.java:73)
	at org.junit.platform.engine.support.hierarchical.NodeTestTask.lambda$executeRecursively$8(NodeTestTask.java:141)
	at org.junit.platform.engine.support.hierarchical.Node.around(Node.java:137)
	at org.junit.platform.engine.support.hierarchical.NodeTestTask.lambda$executeRecursively$9(NodeTestTask.java:139)
	at org.junit.platform.engine.support.hierarchical.ThrowableCollector.execute(ThrowableCollector.java:73)
	at org.junit.platform.engine.support.hierarchical.NodeTestTask.executeRecursively(NodeTestTask.java:138)
	at org.junit.platform.engine.support.hierarchical.NodeTestTask.execute(NodeTestTask.java:95)
	at java.base/java.util.ArrayList.forEach(ArrayList.java:1596)
	at org.junit.platform.engine.support.hierarchical.SameThreadHierarchicalTestExecutorService.invokeAll(SameThreadHierarchicalTestExecutorService.java:41)
	at org.junit.platform.engine.support.hierarchical.NodeTestTask.lambda$executeRecursively$6(NodeTestTask.java:155)
	at org.junit.platform.engine.support.hierarchical.ThrowableCollector.execute(ThrowableCollector.java:73)
	at org.junit.platform.engine.support.hierarchical.NodeTestTask.lambda$executeRecursively$8(NodeTestTask.java:141)
	at org.junit.platform.engine.support.hierarchical.Node.around(Node.java:137)
	at org.junit.platform.engine.support.hierarchical.NodeTestTask.lambda$executeRecursively$9(NodeTestTask.java:139)
	at org.junit.platform.engine.support.hierarchical.ThrowableCollector.execute(ThrowableCollector.java:73)
	at org.junit.platform.engine.support.hierarchical.NodeTestTask.executeRecursively(NodeTestTask.java:138)
	at org.junit.platform.engine.support.hierarchical.NodeTestTask.execute(NodeTestTask.java:95)
	at java.base/java.util.ArrayList.forEach(ArrayList.java:1596)
	at org.junit.platform.engine.support.hierarchical.SameThreadHierarchicalTestExecutorService.invokeAll(SameThreadHierarchicalTestExecutorService.java:41)
	at org.junit.platform.engine.support.hierarchical.NodeTestTask.lambda$executeRecursively$6(NodeTestTask.java:155)
	at org.junit.platform.engine.support.hierarchical.ThrowableCollector.execute(ThrowableCollector.java:73)
	at org.junit.platform.engine.support.hierarchical.NodeTestTask.lambda$executeRecursively$8(NodeTestTask.java:141)
	at org.junit.platform.engine.support.hierarchical.Node.around(Node.java:137)
	at org.junit.platform.engine.support.hierarchical.NodeTestTask.lambda$executeRecursively$9(NodeTestTask.java:139)
	at org.junit.platform.engine.support.hierarchical.ThrowableCollector.execute(ThrowableCollector.java:73)
	at org.junit.platform.engine.support.hierarchical.NodeTestTask.executeRecursively(NodeTestTask.java:138)
	at org.junit.platform.engine.support.hierarchical.NodeTestTask.execute(NodeTestTask.java:95)
	at org.junit.platform.engine.support.hierarchical.SameThreadHierarchicalTestExecutorService.submit(SameThreadHierarchicalTestExecutorService.java:35)
	at org.junit.platform.engine.support.hierarchical.HierarchicalTestExecutor.execute(HierarchicalTestExecutor.java:57)
	at org.junit.platform.engine.support.hierarchical.HierarchicalTestEngine.execute(HierarchicalTestEngine.java:54)
	at org.junit.platform.launcher.core.EngineExecutionOrchestrator.execute(EngineExecutionOrchestrator.java:198)
	at org.junit.platform.launcher.core.EngineExecutionOrchestrator.execute(EngineExecutionOrchestrator.java:169)
	at org.junit.platform.launcher.core.EngineExecutionOrchestrator.execute(EngineExecutionOrchestrator.java:93)
	at org.junit.platform.launcher.core.EngineExecutionOrchestrator.lambda$execute$0(EngineExecutionOrchestrator.java:58)
	at org.junit.platform.launcher.core.EngineExecutionOrchestrator.withInterceptedStreams(EngineExecutionOrchestrator.java:141)
	at org.junit.platform.launcher.core.EngineExecutionOrchestrator.execute(EngineExecutionOrchestrator.java:57)
	at org.junit.platform.launcher.core.DefaultLauncher.execute(DefaultLauncher.java:103)
	at org.junit.platform.launcher.core.DefaultLauncher.execute(DefaultLauncher.java:85)
	at org.junit.platform.launcher.core.DelegatingLauncher.execute(DelegatingLauncher.java:47)
	at org.junit.platform.launcher.core.SessionPerRequestLauncher.execute(SessionPerRequestLauncher.java:63)
	at com.intellij.junit5.JUnit5IdeaTestRunner.startRunnerWithArgs(JUnit5IdeaTestRunner.java:57)
	at com.intellij.rt.junit.IdeaTestRunner$Repeater$1.execute(IdeaTestRunner.java:38)
	at com.intellij.rt.execution.junit.TestsRepeater.repeat(TestsRepeater.java:11)
	at com.intellij.rt.junit.IdeaTestRunner$Repeater.startRunnerWithArgs(IdeaTestRunner.java:35)
	at com.intellij.rt.junit.JUnitStarter.prepareStreamsAndStart(JUnitStarter.java:232)
	at com.intellij.rt.junit.JUnitStarter.main(JUnitStarter.java:55)
2025-02-13 11:04:02 [main] INFO  l.insoft.uztis.tests.utils.TestUtils - Screenshot moved to C:\Users\ingrida.zadorozniene\Desktop\Asm\UZTIS\UZTIS_tests\test-output\screenshots\20250213\110402335_testFillEvaluationTwo().png
2025-02-13 13:39:02 [main] INFO  lt.insoft.uztis.tests.UztisPageTest - Navigated to https://uztisdev.asseco.lt/home
2025-02-13 13:39:02 [main] INFO  l.i.u.tests.ApplicationFormsPageTest - Setup complete. ApplicationFormsPage initialized.
2025-02-13 13:39:02 [main] INFO  l.i.u.tests.ApplicationFormsPageTest - Starting test:'testCreateNewVuiApplication'
2025-02-13 13:39:02 [main] DEBUG l.i.u.tests.ApplicationFormsPageTest - User logged in with test credentials
2025-02-13 13:39:02 [main] DEBUG l.i.u.tests.ApplicationFormsPageTest - Opened 'Application Processing' menu.
2025-02-13 13:39:03 [main] DEBUG l.i.u.tests.ApplicationFormsPageTest - Clicked on 'Application Forms' menu.
2025-02-13 13:39:03 [main] DEBUG l.i.u.tests.ApplicationFormsPageTest - Clicked to create a new application form.
2025-02-13 13:39:03 [main] DEBUG l.i.u.tests.ApplicationFormsPageTest - Entered random application code: TST-VUI-47
2025-02-13 13:39:03 [main] DEBUG l.i.u.tests.ApplicationFormsPageTest - Selected 'Section' radio button.
2025-02-13 13:39:03 [main] INFO  l.i.uztis.pages.ApplicationFormsPage - Located the dropdown button.
2025-02-13 13:39:04 [main] INFO  l.i.uztis.pages.ApplicationFormsPage - Successfully selected the value: 'Skyrius 1'
2025-02-13 13:39:14 [main] ERROR l.i.uztis.pages.ApplicationFormsPage - Failed to close the dropdown with aria-expanded = 'false'.
2025-02-13 13:39:14 [main] DEBUG l.i.u.tests.ApplicationFormsPageTest - Selected a value from the 'Section' dropdown: 'Skyrius 1'
2025-02-13 13:39:14 [main] DEBUG l.i.u.tests.ApplicationFormsPageTest - Selected 'Budget by Municipality' option.
2025-02-13 13:39:14 [main] DEBUG l.i.u.tests.ApplicationFormsPageTest - Selected 'Financed Without Queue' option.
2025-02-13 13:39:14 [main] DEBUG l.i.u.tests.ApplicationFormsPageTest - Clicked 'Add' button.
2025-02-13 13:39:14 [main] INFO  l.i.uztis.pages.ApplicationFormsPage - Located the dropdown button.
2025-02-13 13:39:15 [main] INFO  l.i.uztis.pages.ApplicationFormsPage - Successfully selected the value: 'VUI paraiškos vertinimo forma - I etapas'
2025-02-13 13:39:26 [main] ERROR l.i.uztis.pages.ApplicationFormsPage - Failed to close the dropdown with aria-expanded = 'false'.
2025-02-13 13:39:26 [main] DEBUG l.i.u.tests.ApplicationFormsPageTest - Selected a value from the 'EvaluationOne' dropdown: 'VUI paraiškos vertinimo forma - I etapas'
2025-02-13 13:39:26 [main] INFO  l.i.uztis.pages.ApplicationFormsPage - Located the dropdown button.
2025-02-13 13:39:26 [main] INFO  l.i.uztis.pages.ApplicationFormsPage - Successfully selected the value: 'VUI paraiškos vertinimo forma - II etapas'
2025-02-13 13:39:37 [main] ERROR l.i.uztis.pages.ApplicationFormsPage - Failed to close the dropdown with aria-expanded = 'false'.
2025-02-13 13:39:37 [main] DEBUG l.i.u.tests.ApplicationFormsPageTest - Selected a value from the 'EvaluationTwon' dropdown: 'VUI paraiškos vertinimo forma - II etapas'
2025-02-13 13:39:37 [main] INFO  l.i.uztis.pages.ApplicationFormsPage - Located the dropdown button.
2025-02-13 13:39:37 [main] INFO  l.i.uztis.pages.ApplicationFormsPage - Successfully selected the value: 'VUI paraiškos vertinimo forma - III etapas'
2025-02-13 13:39:47 [main] ERROR l.i.uztis.pages.ApplicationFormsPage - Failed to close the dropdown with aria-expanded = 'false'.
2025-02-13 13:39:47 [main] DEBUG l.i.u.tests.ApplicationFormsPageTest - Selected a value from the 'EvaluationThree' dropdown: 'VUI paraiškos vertinimo forma - III etapas'
2025-02-13 13:39:47 [main] DEBUG l.i.u.tests.ApplicationFormsPageTest - Clicked 'Plus' button.
2025-02-13 13:39:48 [main] DEBUG l.i.u.tests.ApplicationFormsPageTest - Clicked 'Add' button seven times.
2025-02-13 13:39:48 [main] INFO  l.i.uztis.pages.ApplicationFormsPage - Processing dropdown index: 0
2025-02-13 13:39:58 [main] ERROR l.i.uztis.pages.ApplicationFormsPage - Timeout while waiting for dropdown to close at index: 0 with aria-expanded = 'false'
2025-02-13 13:39:58 [main] INFO  l.i.uztis.pages.ApplicationFormsPage - Processing dropdown index: 1
2025-02-13 13:40:08 [main] ERROR l.i.uztis.pages.ApplicationFormsPage - Timeout while waiting for dropdown to close at index: 1 with aria-expanded = 'false'
2025-02-13 13:40:08 [main] INFO  l.i.uztis.pages.ApplicationFormsPage - Processing dropdown index: 2
2025-02-13 13:40:20 [main] ERROR l.i.uztis.pages.ApplicationFormsPage - Timeout while waiting for dropdown to close at index: 2 with aria-expanded = 'false'
2025-02-13 13:40:20 [main] INFO  l.i.uztis.pages.ApplicationFormsPage - Processing dropdown index: 3
2025-02-13 13:40:30 [main] ERROR l.i.uztis.pages.ApplicationFormsPage - Timeout while waiting for dropdown to close at index: 3 with aria-expanded = 'false'
2025-02-13 13:40:30 [main] INFO  l.i.uztis.pages.ApplicationFormsPage - Processing dropdown index: 4
2025-02-13 13:40:41 [main] ERROR l.i.uztis.pages.ApplicationFormsPage - Timeout while waiting for dropdown to close at index: 4 with aria-expanded = 'false'
2025-02-13 13:40:41 [main] INFO  l.i.uztis.pages.ApplicationFormsPage - Processing dropdown index: 5
2025-02-13 13:40:52 [main] ERROR l.i.uztis.pages.ApplicationFormsPage - Timeout while waiting for dropdown to close at index: 5 with aria-expanded = 'false'
2025-02-13 13:40:52 [main] INFO  l.i.uztis.pages.ApplicationFormsPage - Processing dropdown index: 6
2025-02-13 13:41:03 [main] ERROR l.i.uztis.pages.ApplicationFormsPage - Timeout while waiting for dropdown to close at index: 6 with aria-expanded = 'false'
2025-02-13 13:41:03 [main] INFO  l.i.uztis.pages.ApplicationFormsPage - Processing dropdown index: 7
2025-02-13 13:41:15 [main] ERROR l.i.uztis.pages.ApplicationFormsPage - Timeout while waiting for dropdown to close at index: 7 with aria-expanded = 'false'
2025-02-13 13:41:15 [main] INFO  l.i.uztis.pages.ApplicationFormsPage - Processing input field index: 0
2025-02-13 13:41:15 [main] INFO  l.i.uztis.pages.ApplicationFormsPage - Entered value '50' into field index: 0
2025-02-13 13:41:15 [main] INFO  l.i.uztis.pages.ApplicationFormsPage - Processing input field index: 1
2025-02-13 13:41:15 [main] INFO  l.i.uztis.pages.ApplicationFormsPage - Entered value '924' into field index: 1
2025-02-13 13:41:15 [main] INFO  l.i.uztis.pages.ApplicationFormsPage - Processing input field index: 2
2025-02-13 13:41:15 [main] INFO  l.i.uztis.pages.ApplicationFormsPage - Entered value '31' into field index: 2
2025-02-13 13:41:15 [main] INFO  l.i.uztis.pages.ApplicationFormsPage - Processing input field index: 3
2025-02-13 13:41:15 [main] INFO  l.i.uztis.pages.ApplicationFormsPage - Entered value '4.7' into field index: 3
2025-02-13 13:41:15 [main] INFO  l.i.uztis.pages.ApplicationFormsPage - Processing input field index: 4
2025-02-13 13:41:15 [main] INFO  l.i.uztis.pages.ApplicationFormsPage - Entered value '35' into field index: 4
2025-02-13 13:41:15 [main] INFO  l.i.uztis.pages.ApplicationFormsPage - Processing input field index: 5
2025-02-13 13:41:15 [main] INFO  l.i.uztis.pages.ApplicationFormsPage - Entered value '20' into field index: 5
2025-02-13 13:41:15 [main] INFO  l.i.uztis.pages.ApplicationFormsPage - Processing input field index: 6
2025-02-13 13:41:16 [main] INFO  l.i.uztis.pages.ApplicationFormsPage - Entered value '30' into field index: 6
2025-02-13 13:41:16 [main] INFO  l.i.uztis.pages.ApplicationFormsPage - Processing input field index: 7
2025-02-13 13:41:16 [main] INFO  l.i.uztis.pages.ApplicationFormsPage - Entered value '60' into field index: 7
2025-02-13 13:41:16 [main] DEBUG l.i.u.tests.ApplicationFormsPageTest - Entered additional values and text.
2025-02-13 13:41:16 [main] DEBUG l.i.u.tests.ApplicationFormsPageTest - Entered application name: VUI paraiška
2025-02-13 13:41:16 [main] DEBUG l.i.u.tests.ApplicationFormsPageTest - Clicked the 'Save' button.
2025-02-13 13:41:16 [main] INFO  l.i.u.tests.ApplicationFormsPageTest - Verified success message text: 'Duomenys sėkmingai išsaugoti.'
2025-02-13 13:41:16 [main] INFO  l.i.u.tests.ApplicationFormsPageTest - Verified that the 'Save Form' button is displayed.
2025-02-13 13:41:16 [main] INFO  l.i.u.tests.ApplicationFormsPageTest - Test 'testCreateNewVuiApplication' completed successfully.
2025-02-13 13:42:10 [main] INFO  lt.insoft.uztis.tests.UztisPageTest - Navigated to https://uztisdev.asseco.lt/home
2025-02-13 13:42:10 [main] INFO  l.i.u.tests.ApplicationFormsPageTest - Setup complete. ApplicationFormsPage initialized.
2025-02-13 13:42:10 [main] INFO  l.i.u.tests.ApplicationFormsPageTest - Starting test:'testEditAndSaveVuiApplication'
2025-02-13 13:42:11 [main] DEBUG l.i.u.tests.ApplicationFormsPageTest - User logged in with test credentials
2025-02-13 13:42:11 [main] DEBUG l.i.u.tests.ApplicationFormsPageTest - Opened 'Application Processing' menu.
2025-02-13 13:42:11 [main] DEBUG l.i.u.tests.ApplicationFormsPageTest - Clicked on 'Application Forms' menu.
2025-02-13 13:42:12 [main] DEBUG l.i.u.tests.ApplicationFormsPageTest - Selected the last application description.
2025-02-13 13:42:12 [main] DEBUG l.i.u.tests.ApplicationFormsPageTest - Clicked the 'Edit' button.
2025-02-13 13:42:12 [main] DEBUG l.i.u.tests.ApplicationFormsPageTest - Selected 'Municipality' radio button.
2025-02-13 13:42:12 [main] INFO  l.i.uztis.pages.ApplicationFormsPage - Located the dropdown button.
2025-02-13 13:42:13 [main] INFO  l.i.uztis.pages.ApplicationFormsPage - Successfully selected the value: 'Kauno departamentas'
2025-02-13 13:42:23 [main] ERROR l.i.uztis.pages.ApplicationFormsPage - Failed to close the dropdown with aria-expanded = 'false'.
2025-02-13 13:42:23 [main] DEBUG l.i.u.tests.ApplicationFormsPageTest - Selected a value from the 'Municipality' dropdown: 'Kauno departamentas'
2025-02-13 13:42:23 [main] DEBUG l.i.u.tests.ApplicationFormsPageTest - Selected 'Budget By Country' radio button.
2025-02-13 13:42:23 [main] DEBUG l.i.u.tests.ApplicationFormsPageTest - Selected 'Financed By Queue' radio button.
2025-02-13 13:42:23 [main] DEBUG l.i.u.tests.ApplicationFormsPageTest - Entered new application name: _paredaguota
2025-02-13 13:42:24 [main] DEBUG l.i.u.tests.ApplicationFormsPageTest - Clicked the 'Save' button.
2025-02-13 13:42:24 [main] INFO  l.i.u.tests.ApplicationFormsPageTest - Verified success message: 'Duomenys sėkmingai išsaugoti.'
2025-02-13 13:42:24 [main] INFO  l.i.u.tests.ApplicationFormsPageTest - Test 'testEditAndSaveVuiApplication' completed successfully.
2025-02-13 13:42:56 [main] INFO  lt.insoft.uztis.tests.UztisPageTest - Navigated to https://uztisdev.asseco.lt/home
2025-02-13 13:42:56 [main] INFO  l.i.uztis.tests.InvitationsPageTest - Starting test:'testCreateNewVuiInvitationDraft'
2025-02-13 13:42:57 [main] DEBUG l.i.uztis.tests.InvitationsPageTest - User logged in with test credentials
2025-02-13 13:42:57 [main] DEBUG l.i.uztis.tests.InvitationsPageTest - Opened 'Application Processing' menu.
2025-02-13 13:42:57 [main] DEBUG l.i.uztis.tests.InvitationsPageTest - Clicked on 'Application Forms' menu.
2025-02-13 13:42:57 [main] DEBUG l.i.uztis.tests.InvitationsPageTest - Navigating to application forms menu.
2025-02-13 13:42:58 [main] DEBUG l.i.uztis.tests.InvitationsPageTest - Retrieved last description code text: 'TST-VUI-47'.
2025-02-13 13:42:58 [main] DEBUG l.i.uztis.tests.InvitationsPageTest - Clicked on 'Invitation' menu.
2025-02-13 13:42:58 [main] DEBUG l.i.uztis.tests.InvitationsPageTest - Clicked 'Create New Application Form'.
2025-02-13 13:42:59 [main] DEBUG l.i.uztis.tests.InvitationsPageTest - Selected section by code: 'TST-VUI-47'.
2025-02-13 13:42:59 [main] INFO  l.insoft.uztis.pages.InvitationsPage - Located the dropdown button.
2025-02-13 13:43:10 [main] ERROR l.insoft.uztis.pages.InvitationsPage - Timeout while waiting for dropdown to close with aria-expanded = 'false'.
2025-02-13 13:43:10 [main] DEBUG l.i.uztis.tests.InvitationsPageTest - Selected invitation number from the list.
2025-02-13 13:43:11 [main] DEBUG l.i.uztis.tests.InvitationsPageTest - Entered current date.
2025-02-13 13:43:11 [main] DEBUG l.i.uztis.tests.InvitationsPageTest - Entered start time: 00:00.
2025-02-13 13:43:11 [main] DEBUG l.i.uztis.tests.InvitationsPageTest - Entered end date.
2025-02-13 13:43:12 [main] DEBUG l.i.uztis.tests.InvitationsPageTest - Entered end time: 11:11.
2025-02-13 13:43:12 [main] DEBUG l.i.uztis.tests.InvitationsPageTest - Draft saved.
2025-02-13 13:43:12 [main] DEBUG l.insoft.uztis.pages.InvitationsPage - Verified success message: 'Duomenys sėkmingai išsaugoti.'
2025-02-13 13:43:12 [main] INFO  l.i.uztis.tests.InvitationsPageTest - Test 'testCreateNewVuiInvitationDraft' completed successfully.
2025-02-13 13:43:25 [main] INFO  lt.insoft.uztis.tests.UztisPageTest - Navigated to https://uztisdev.asseco.lt/home
2025-02-13 13:43:25 [main] INFO  l.i.uztis.tests.InvitationsPageTest - Starting test:'testEditAndPublishVuiInvitationDraft'
2025-02-13 13:43:25 [main] DEBUG l.i.uztis.tests.InvitationsPageTest - User logged in with test credentials
2025-02-13 13:43:26 [main] DEBUG l.i.uztis.tests.InvitationsPageTest - Opened 'Application Processing' menu.
2025-02-13 13:43:26 [main] DEBUG l.i.uztis.tests.InvitationsPageTest - Clicked on 'Application Forms' menu.
2025-02-13 13:43:26 [main] DEBUG l.i.uztis.tests.InvitationsPageTest - Navigating to application forms menu.
2025-02-13 13:43:26 [main] DEBUG l.i.uztis.tests.InvitationsPageTest - Retrieved last description code text: 'TST-VUI-47'.
2025-02-13 13:43:27 [main] DEBUG l.i.uztis.tests.InvitationsPageTest - Clicked on 'Invitation' menu.
2025-02-13 13:43:28 [main] DEBUG l.i.uztis.tests.InvitationsPageTest - Selected section by code: 'TST-VUI-47'.
2025-02-13 13:43:28 [main] DEBUG l.i.uztis.tests.InvitationsPageTest - Clicked 'Search'.
2025-02-13 13:43:28 [main] DEBUG l.i.uztis.tests.InvitationsPageTest - Getting and inserting application code text.
2025-02-13 13:43:28 [main] DEBUG l.i.uztis.tests.InvitationsPageTest - Clicked 'InvitationDraft'.
2025-02-13 13:43:28 [main] DEBUG l.i.uztis.tests.InvitationsPageTest - Clicked 'Edit'.
2025-02-13 13:43:29 [main] DEBUG l.i.uztis.tests.InvitationsPageTest - Entered publication end date.
2025-02-13 13:43:29 [main] DEBUG l.i.uztis.tests.InvitationsPageTest - Added additional values.
2025-02-13 13:43:29 [main] INFO  l.insoft.uztis.pages.InvitationsPage - Located the dropdown button.
2025-02-13 13:43:30 [main] DEBUG l.i.uztis.tests.InvitationsPageTest - Selected the value: 'Didžiausia galima paramos suma aplinkos darbo vietai, Eur'
2025-02-13 13:43:30 [main] INFO  l.insoft.uztis.pages.InvitationsPage - Located the dropdown button.
2025-02-13 13:43:30 [main] DEBUG l.i.uztis.tests.InvitationsPageTest - Selected the value: 'Didžiausia galima paramos suma, Eur'
2025-02-13 13:43:30 [main] INFO  l.insoft.uztis.pages.InvitationsPage - Located the dropdown button.
2025-02-13 13:43:30 [main] DEBUG l.i.uztis.tests.InvitationsPageTest - Selected the value: 'Didžiausia galima paramos suma vienai darbo vietai, Eur'
2025-02-13 13:43:30 [main] DEBUG l.i.uztis.tests.InvitationsPageTest - Entered value: 11000
2025-02-13 13:43:31 [main] DEBUG l.i.uztis.tests.InvitationsPageTest - Entered value: 12000
2025-02-13 13:43:31 [main] DEBUG l.i.uztis.tests.InvitationsPageTest - Entered value: 13000
2025-02-13 13:43:31 [main] DEBUG l.i.uztis.tests.InvitationsPageTest - Checked 'Legal Entities' checkbox.
2025-02-13 13:43:31 [main] DEBUG l.i.uztis.tests.InvitationsPageTest - Unchecked 'Persons Registered with Employment Service' checkbox.
2025-02-13 13:43:31 [main] DEBUG l.i.uztis.tests.InvitationsPageTest - Checked 'Persons Registered as Employers' checkbox.
2025-02-13 13:43:31 [main] DEBUG l.i.uztis.tests.InvitationsPageTest - Entered second evaluation grade: '5'.
2025-02-13 13:43:31 [main] DEBUG l.i.uztis.tests.InvitationsPageTest - Entered third evaluation grade: '6'.
2025-02-13 13:43:32 [main] DEBUG l.i.uztis.tests.InvitationsPageTest - Entered second evaluation grade weight: '0,45'.
2025-02-13 13:43:32 [main] DEBUG l.i.uztis.tests.InvitationsPageTest - Entered third evaluation grade weight: '0,55'.
2025-02-13 13:43:32 [main] DEBUG l.i.uztis.tests.InvitationsPageTest - Entered budget: '2000'.
2025-02-13 13:43:32 [main] DEBUG l.i.uztis.tests.InvitationsPageTest - Entered description text: 'Aprašo tekstas'.
2025-02-13 13:43:32 [main] DEBUG l.i.uztis.tests.InvitationsPageTest - Entered applicants text: 'Pareiškėjų tekstas'.
2025-02-13 13:43:32 [main] DEBUG l.i.uztis.tests.InvitationsPageTest - Entered expenditures text: 'Išlaidų tekstas'.
2025-02-13 13:43:32 [main] DEBUG l.i.uztis.tests.InvitationsPageTest - Entered legislation text: 'Teisės aktų tekstas'.
2025-02-13 13:43:33 [main] DEBUG l.i.uztis.tests.InvitationsPageTest - Entered education text: 'Mokymų tekstas'.
2025-02-13 13:43:33 [main] DEBUG l.i.uztis.tests.InvitationsPageTest - File uploaded.
2025-02-13 13:43:33 [main] DEBUG l.i.uztis.tests.InvitationsPageTest - Clicked 'Publish'.
2025-02-13 13:43:33 [main] DEBUG l.i.uztis.tests.InvitationsPageTest - Publication confirmed.
2025-02-13 13:43:34 [main] DEBUG l.insoft.uztis.pages.InvitationsPage - Verified success message: 'Funkcija sėkmingai atlikta.'
2025-02-13 13:43:34 [main] INFO  l.i.uztis.tests.InvitationsPageTest - Test 'testEditAndPublishVuiInvitationDraft' completed successfully.
2025-02-13 13:43:47 [main] INFO  lt.insoft.uztis.tests.UztisPageTest - Navigated to https://uztisdev.asseco.lt/home
2025-02-13 13:43:47 [main] INFO  l.i.u.t.SubmittedApplicationsPageTest - Starting test:'testFillNewVUIPApplicationFA'
2025-02-13 13:43:48 [main] DEBUG l.i.u.t.SubmittedApplicationsPageTest - User logged in with test credentials.
2025-02-13 13:43:48 [main] DEBUG l.i.u.t.SubmittedApplicationsPageTest - Opened 'Application Processing' menu.
2025-02-13 13:43:48 [main] DEBUG l.i.u.t.SubmittedApplicationsPageTest - Clicked on 'Application Forms' menu.
2025-02-13 13:43:49 [main] DEBUG l.i.u.t.SubmittedApplicationsPageTest - Retrieved last description code text: 'TST-VUI-47'.
2025-02-13 13:43:49 [main] DEBUG l.i.u.t.SubmittedApplicationsPageTest - Clicked on 'Invitation' menu.
2025-02-13 13:43:50 [main] DEBUG l.i.u.t.SubmittedApplicationsPageTest - Selected application section by code: 'TST-VUI-47'.
2025-02-13 13:43:50 [main] DEBUG l.i.u.t.SubmittedApplicationsPageTest - Clicked 'Search' button.
2025-02-13 13:43:50 [main] DEBUG l.i.u.t.SubmittedApplicationsPageTest - Retrieved invitation code: ''.
2025-02-13 13:43:50 [main] DEBUG l.i.u.t.SubmittedApplicationsPageTest - Clicked on 'Submitted Applications' menu.
2025-02-13 13:43:51 [main] DEBUG l.i.u.t.SubmittedApplicationsPageTest - Selected invitation by code: 'TST-VUI-47'.
2025-02-13 13:43:51 [main] DEBUG l.i.u.t.SubmittedApplicationsPageTest - Invitation code inserted.
2025-02-13 13:43:52 [main] DEBUG l.i.u.t.SubmittedApplicationsPageTest - Clicked on 'Action Application' button.
2025-02-13 13:43:52 [main] DEBUG l.i.u.t.SubmittedApplicationsPageTest - Clicked on 'New Application' button.
2025-02-13 13:43:52 [main] DEBUG l.i.u.t.SubmittedApplicationsPageTest - Selected the 'RadioButtonFA' option.
2025-02-13 13:43:52 [main] DEBUG l.i.u.t.SubmittedApplicationsPageTest - Entered phone number: '61298745'.
2025-02-13 13:43:53 [main] DEBUG l.i.u.t.SubmittedApplicationsPageTest - Entered email: 'test@autotest.com'.
2025-02-13 13:43:53 [main] INFO  l.i.u.p.SubmittedApplicationsPage - Located the dropdown button.
2025-02-13 13:44:12 [main] INFO  l.i.u.p.SubmittedApplicationsPage - Found 1741 options in the dropdown.
2025-02-13 13:44:12 [main] INFO  l.i.u.p.SubmittedApplicationsPage - Successfully selected the value: '01.11 - Grūdinių (išskyrus ryžius), ankštinių ir aliejingų sėklų augalų auginimas'
2025-02-13 13:44:22 [main] ERROR l.i.u.p.SubmittedApplicationsPage - Failed to close the dropdown with aria-expanded = 'false'. Attempting manual close.
2025-02-13 13:44:22 [main] INFO  l.i.u.p.SubmittedApplicationsPage - Manual close attempt for the dropdown using body click.
2025-02-13 13:44:22 [main] DEBUG l.i.u.t.SubmittedApplicationsPageTest - Selected EVRK value: '01.11 - Grūdinių (išskyrus ryžius), ankštinių ir aliejingų sėklų augalų auginimas'.
2025-02-13 13:44:23 [main] DEBUG l.i.u.t.SubmittedApplicationsPageTest - Entered address: 'Vilniaus m. sav., Vilnius, Testo g. 10T'.
2025-02-13 13:44:23 [main] DEBUG l.i.u.t.SubmittedApplicationsPageTest - Entered project date.
2025-02-13 13:44:23 [main] DEBUG l.i.u.t.SubmittedApplicationsPageTest - Entered job count: '1'.
2025-02-13 13:44:23 [main] DEBUG l.i.u.t.SubmittedApplicationsPageTest - Clicked 'Next' button.
2025-02-13 13:44:23 [main] INFO  l.i.u.p.SubmittedApplicationsPage - Located the dropdown button.
2025-02-13 13:44:24 [main] INFO  l.i.u.p.SubmittedApplicationsPage - Successfully selected the value: 'Administratoriai'
2025-02-13 13:44:55 [main] ERROR l.i.u.p.SubmittedApplicationsPage - Timeout while waiting for dropdown to close with aria-expanded = 'false'.
2025-02-13 13:44:55 [main] DEBUG l.i.u.t.SubmittedApplicationsPageTest - Selected job name: 'Administratoriai'.
2025-02-13 13:44:55 [main] DEBUG l.i.u.t.SubmittedApplicationsPageTest - Entered job function: 'Funkcija 1'.
2025-02-13 13:44:55 [main] DEBUG l.i.u.t.SubmittedApplicationsPageTest - Selected 'RadioButtonWithDisabilities' option.
2025-02-13 13:44:55 [main] INFO  l.i.u.p.SubmittedApplicationsPage - Clicking on the dropdown button.
2025-02-13 13:44:56 [main] INFO  l.i.u.p.SubmittedApplicationsPage - Found 34 options in the dropdown.
2025-02-13 13:44:56 [main] DEBUG l.i.u.p.SubmittedApplicationsPage - Checking option: 'Asmenys, kuriems suteiktas pabėgėlio statusas ar perkeliamojo asmens statusas, arba asmenys, kuriems suteikta papildoma ar laikinoji apsauga, ir asmenys, turintys teisę gauti laikinąją apsaugą, iki sprendimo dėl laikinosios apsaugos suteikimo (nesuteikimo) priėmimo, tačiau ne ilgiau kaip laikinosios apsaugos laikotarpiu'
2025-02-13 13:44:56 [main] DEBUG l.i.u.p.SubmittedApplicationsPage - Checking option: 'Asmenys, kuriems suteiktas pabėgėlio statusas ar perkeliamojo asmens statusas, arba asmenys, kuriems suteikta papildoma ar laikinoji apsauga, ir asmenys, turintys teisę gauti laikinąją apsaugą, iki sprendimo dėl laikinosios apsaugos suteikimo (nesuteikimo) priėmimo, tačiau ne ilgiau kaip laikinosios apsaugos laikotarpiu'
2025-02-13 13:44:56 [main] DEBUG l.i.u.p.SubmittedApplicationsPage - Checking option: 'Asmenys, turintys teisę į papildomas užimtumo garantijas pagal Lietuvos Respublikos valstybės įmonės Ignalinos atominės elektrinės darbuotojų papildomų užimtumo ir socialinių garantijų įstatymą'
2025-02-13 13:44:56 [main] DEBUG l.i.u.p.SubmittedApplicationsPage - Checking option: 'Asmenys, turintys teisę į papildomas užimtumo garantijas pagal Lietuvos Respublikos valstybės įmonės Ignalinos atominės elektrinės darbuotojų papildomų užimtumo ir socialinių garantijų įstatymą'
2025-02-13 13:44:56 [main] DEBUG l.i.u.p.SubmittedApplicationsPage - Checking option: 'Bedarbiai iki 29 metų'
2025-02-13 13:44:56 [main] DEBUG l.i.u.p.SubmittedApplicationsPage - Checking option: 'Bedarbiai iki 29 metų'
2025-02-13 13:44:56 [main] DEBUG l.i.u.p.SubmittedApplicationsPage - Checking option: 'Bedarbiai, kurie yra darbingo amžiaus neįgalieji, kuriems nustatytas 30–40 procentų darbingumo lygis arba vidutinis neįgalumo lygis'
2025-02-13 13:44:56 [main] DEBUG l.i.u.p.SubmittedApplicationsPage - Checking option: 'Bedarbiai, kurie yra darbingo amžiaus neįgalieji, kuriems nustatytas 30–40 procentų darbingumo lygis arba vidutinis neįgalumo lygis'
2025-02-13 13:44:56 [main] DEBUG l.i.u.p.SubmittedApplicationsPage - Checking option: 'Bedarbiai, kurie yra darbingo amžiaus neįgalieji, kuriems nustatytas 45–55 procentų darbingumo lygis arba lengvas neįgalumo lygis'
2025-02-13 13:44:56 [main] DEBUG l.i.u.p.SubmittedApplicationsPage - Checking option: 'Bedarbiai, kurie yra darbingo amžiaus neįgalieji, kuriems nustatytas 45–55 procentų darbingumo lygis arba lengvas neįgalumo lygis'
2025-02-13 13:44:56 [main] DEBUG l.i.u.p.SubmittedApplicationsPage - Checking option: 'Bedarbiai, kurie yra darbingo amžiaus neįgalieji, kuriems nustatytas iki 25 procentų darbingumo lygis arba sunkus neįgalumo lygis'
2025-02-13 13:44:56 [main] INFO  l.i.u.p.SubmittedApplicationsPage - Successfully selected the value: 'Bedarbiai, kurie yra darbingo amžiaus neįgalieji, kuriems nustatytas iki 25 procentų darbingumo lygis arba sunkus neįgalumo lygis'
2025-02-13 13:44:56 [main] INFO  l.i.u.p.SubmittedApplicationsPage - Attempting to close the dropdown.
2025-02-13 13:45:07 [main] INFO  l.i.u.p.SubmittedApplicationsPage - Dropdown should be closed now.
2025-02-13 13:45:07 [main] DEBUG l.i.u.t.SubmittedApplicationsPageTest - Selected disabilities type: 'Bedarbiai, kurie yra darbingo amžiaus neįgalieji, kuriems nustatytas iki 25 procentų darbingumo lygis arba sunkus neįgalumo lygis'.
2025-02-13 13:45:07 [main] DEBUG l.i.u.t.SubmittedApplicationsPageTest - Entered disability information: 'Negalia 1'.
2025-02-13 13:45:07 [main] INFO  l.i.u.p.SubmittedApplicationsPage - Located the dropdown button.
2025-02-13 13:45:07 [main] INFO  l.i.u.p.SubmittedApplicationsPage - Successfully selected the value: 'Kita'
2025-02-13 13:45:18 [main] ERROR l.i.u.p.SubmittedApplicationsPage - Timeout while waiting for dropdown to close with aria-expanded = 'false'.
2025-02-13 13:45:18 [main] DEBUG l.i.u.t.SubmittedApplicationsPageTest - Selected time mode: 'Kita'.
2025-02-13 13:45:18 [main] DEBUG l.i.u.t.SubmittedApplicationsPageTest - Selected time mode other: '6 val. per dieną ir 4 d. per savaitę'.
2025-02-13 13:45:18 [main] DEBUG l.i.u.t.SubmittedApplicationsPageTest - Entered qualification: 'Kvalifikacija 1'.
2025-02-13 13:45:18 [main] DEBUG l.i.u.t.SubmittedApplicationsPageTest - Entered job date.
2025-02-13 13:45:18 [main] DEBUG l.i.u.t.SubmittedApplicationsPageTest - Entered salary amount: '1200'.
2025-02-13 13:45:19 [main] DEBUG l.i.u.t.SubmittedApplicationsPageTest - Selected 'Temporary Job' radio button.
2025-02-13 13:45:19 [main] DEBUG l.i.u.t.SubmittedApplicationsPageTest - Selected 'Season Job' radio button.
2025-02-13 13:45:19 [main] DEBUG l.i.u.t.SubmittedApplicationsPageTest - Selected 'Energy' radio button.
2025-02-13 13:45:19 [main] DEBUG l.i.u.t.SubmittedApplicationsPageTest - Selected 'Repair' radio button.
2025-02-13 13:45:19 [main] DEBUG l.i.u.t.SubmittedApplicationsPageTest - Entered job description: 'Veikla 1'.
2025-02-13 13:45:19 [main] DEBUG l.i.u.t.SubmittedApplicationsPageTest - Entered process description: 'Procesas 1'.
2025-02-13 13:45:19 [main] DEBUG l.i.u.t.SubmittedApplicationsPageTest - Entered energy information: 'Energija 1'.
2025-02-13 13:45:20 [main] DEBUG l.i.u.t.SubmittedApplicationsPageTest - Entered repair information: 'Remontas 1'.
2025-02-13 13:45:20 [main] DEBUG l.i.u.t.SubmittedApplicationsPageTest - Selected 'PVM' radio button.
2025-02-13 13:45:20 [main] INFO  l.i.u.p.SubmittedApplicationsPage - Located the dropdown button.
2025-02-13 13:45:21 [main] INFO  l.i.u.p.SubmittedApplicationsPage - Successfully selected the value: 'Įsigyti'
2025-02-13 13:45:41 [main] ERROR l.i.u.p.SubmittedApplicationsPage - Timeout while waiting for dropdown to close with aria-expanded = 'false'.
2025-02-13 13:45:41 [main] DEBUG l.i.u.t.SubmittedApplicationsPageTest - Selected necessary for job: 'Įsigyti'.
2025-02-13 13:45:41 [main] DEBUG l.i.u.t.SubmittedApplicationsPageTest - Selected tool: 'Darbo priemonė 1'.
2025-02-13 13:45:41 [main] DEBUG l.i.u.t.SubmittedApplicationsPageTest - Selected tool parameter one: 'Darbo priemonės 1 parametras 1'.
2025-02-13 13:45:41 [main] DEBUG l.i.u.t.SubmittedApplicationsPageTest - Selected tool parameter two: 'Darbo priemonės 1 parametras 2'.
2025-02-13 13:45:42 [main] DEBUG l.i.u.t.SubmittedApplicationsPageTest - Selected tool parameter three: 'Darbo priemonės 1 parametras 3'.
2025-02-13 13:45:42 [main] DEBUG l.i.u.t.SubmittedApplicationsPageTest - Entered tool count: '1'.
2025-02-13 13:45:42 [main] DEBUG l.i.u.t.SubmittedApplicationsPageTest - Entered price amount 1: '1000'.
2025-02-13 13:45:42 [main] DEBUG l.i.u.t.SubmittedApplicationsPageTest - Entered own funds amount 1: '800'.
2025-02-13 13:45:42 [main] DEBUG l.i.u.t.SubmittedApplicationsPageTest - Clicked 'Add' button.
2025-02-13 13:45:42 [main] INFO  l.i.u.p.SubmittedApplicationsPage - Located the dropdown button.
2025-02-13 13:45:43 [main] INFO  l.i.u.p.SubmittedApplicationsPage - Successfully selected the value: 'Remontuoti'
2025-02-13 13:46:03 [main] ERROR l.i.u.p.SubmittedApplicationsPage - Timeout while waiting for dropdown to close with aria-expanded = 'false'.
2025-02-13 13:46:03 [main] DEBUG l.i.u.t.SubmittedApplicationsPageTest - Selected necessary for job 'to repair': 'Remontuoti'.
2025-02-13 13:46:04 [main] DEBUG l.i.u.t.SubmittedApplicationsPageTest - Selected repair name: 'Remonto pavadinimas 1'.
2025-02-13 13:46:04 [main] DEBUG l.i.u.t.SubmittedApplicationsPageTest - Entered repair information: 'Remonto aprašymas 1'.
2025-02-13 13:46:04 [main] DEBUG l.i.u.t.SubmittedApplicationsPageTest - Entered price amount 2: '1000'.
2025-02-13 13:46:04 [main] DEBUG l.i.u.t.SubmittedApplicationsPageTest - Entered own funds amount 2: '900'.
2025-02-13 13:46:04 [main] DEBUG l.i.u.t.SubmittedApplicationsPageTest - Entered country percentage: '50'.
2025-02-13 13:46:04 [main] DEBUG l.i.u.t.SubmittedApplicationsPageTest - Entered institution percentage: '50'.
2025-02-13 13:46:05 [main] DEBUG l.i.u.t.SubmittedApplicationsPageTest - Entered municipality percentage: '50'.
2025-02-13 13:46:05 [main] DEBUG l.i.u.t.SubmittedApplicationsPageTest - Selected 'De Minimis' radio button.
2025-02-13 13:46:05 [main] DEBUG l.i.u.t.SubmittedApplicationsPageTest - Entered program name: 'Programa 1'.
2025-02-13 13:46:05 [main] DEBUG l.i.u.t.SubmittedApplicationsPageTest - Entered project date from.
2025-02-13 13:46:05 [main] DEBUG l.i.u.t.SubmittedApplicationsPageTest - Entered project date until.
2025-02-13 13:46:06 [main] DEBUG l.i.u.t.SubmittedApplicationsPageTest - Entered support amount: '2000'.
2025-02-13 13:46:06 [main] DEBUG l.i.u.t.SubmittedApplicationsPageTest - Clicked 'Next' button.
2025-02-13 13:46:16 [main] DEBUG l.i.u.t.SubmittedApplicationsPageTest - Checked 'Legal Entities' checkbox 1.
2025-02-13 13:46:26 [main] DEBUG l.i.u.t.SubmittedApplicationsPageTest - Checked 'Legal Entities' checkbox 2.
2025-02-13 13:46:36 [main] DEBUG l.i.u.t.SubmittedApplicationsPageTest - Checked 'Legal Entities' checkbox 3.
2025-02-13 13:46:36 [main] DEBUG l.i.u.t.SubmittedApplicationsPageTest - Test finished: All 'Legal Entities' checkboxes checked successfully.
2025-02-13 13:46:36 [main] DEBUG l.i.u.t.SubmittedApplicationsPageTest - Clicked 'Next' button after checkboxes.
2025-02-13 13:46:47 [main] ERROR l.i.u.p.SubmittedApplicationsPage - Error selecting radio button: Expected condition failed: waiting for element to be clickable: By.xpath: (//input[@type='radio' and @value='false'])[8] (tried for 10 second(s) with 500 milliseconds interval)
Build info: version: '4.27.0', revision: 'd6e718d134'
System info: os.name: 'Windows 11', os.arch: 'amd64', os.version: '10.0', java.version: '21.0.3'
Driver info: org.openqa.selenium.chrome.ChromeDriver
Capabilities {acceptInsecureCerts: false, browserName: chrome, browserVersion: 132.0.6834.197, chrome: {chromedriverVersion: 132.0.6834.159 (2d77d3fc445..., userDataDir: C:\Users\INGRID~1.ZAD\AppDa...}, fedcm:accounts: true, goog:chromeOptions: {debuggerAddress: localhost:50826}, networkConnectionEnabled: false, pageLoadStrategy: normal, platformName: windows, proxy: Proxy(), se:cdp: ws://localhost:50826/devtoo..., se:cdpVersion: 132.0.6834.197, setWindowRect: true, strictFileInteractability: false, timeouts: {implicit: 0, pageLoad: 300000, script: 30000}, unhandledPromptBehavior: dismiss and notify, webauthn:extension:credBlob: true, webauthn:extension:largeBlob: true, webauthn:extension:minPinLength: true, webauthn:extension:prf: true, webauthn:virtualAuthenticators: true}
Session ID: 3a2b4b9959093dfd8297c8e37efb6e2a
2025-02-13 13:46:47 [main] INFO  l.i.u.t.SubmittedApplicationsPageTest - Marking 'Ne' radio button 1
2025-02-13 13:46:57 [main] ERROR l.i.u.p.SubmittedApplicationsPage - Error selecting radio button: Expected condition failed: waiting for element to be clickable: By.xpath: (//input[@type='radio' and @value='false'])[9] (tried for 10 second(s) with 500 milliseconds interval)
Build info: version: '4.27.0', revision: 'd6e718d134'
System info: os.name: 'Windows 11', os.arch: 'amd64', os.version: '10.0', java.version: '21.0.3'
Driver info: org.openqa.selenium.chrome.ChromeDriver
Capabilities {acceptInsecureCerts: false, browserName: chrome, browserVersion: 132.0.6834.197, chrome: {chromedriverVersion: 132.0.6834.159 (2d77d3fc445..., userDataDir: C:\Users\INGRID~1.ZAD\AppDa...}, fedcm:accounts: true, goog:chromeOptions: {debuggerAddress: localhost:50826}, networkConnectionEnabled: false, pageLoadStrategy: normal, platformName: windows, proxy: Proxy(), se:cdp: ws://localhost:50826/devtoo..., se:cdpVersion: 132.0.6834.197, setWindowRect: true, strictFileInteractability: false, timeouts: {implicit: 0, pageLoad: 300000, script: 30000}, unhandledPromptBehavior: dismiss and notify, webauthn:extension:credBlob: true, webauthn:extension:largeBlob: true, webauthn:extension:minPinLength: true, webauthn:extension:prf: true, webauthn:virtualAuthenticators: true}
Session ID: 3a2b4b9959093dfd8297c8e37efb6e2a
2025-02-13 13:46:57 [main] INFO  l.i.u.t.SubmittedApplicationsPageTest - Marking 'Ne' radio button 2
2025-02-13 13:47:07 [main] ERROR l.i.u.p.SubmittedApplicationsPage - Error selecting radio button: Expected condition failed: waiting for element to be clickable: By.xpath: (//input[@type='radio' and @value='false'])[10] (tried for 10 second(s) with 500 milliseconds interval)
Build info: version: '4.27.0', revision: 'd6e718d134'
System info: os.name: 'Windows 11', os.arch: 'amd64', os.version: '10.0', java.version: '21.0.3'
Driver info: org.openqa.selenium.chrome.ChromeDriver
Capabilities {acceptInsecureCerts: false, browserName: chrome, browserVersion: 132.0.6834.197, chrome: {chromedriverVersion: 132.0.6834.159 (2d77d3fc445..., userDataDir: C:\Users\INGRID~1.ZAD\AppDa...}, fedcm:accounts: true, goog:chromeOptions: {debuggerAddress: localhost:50826}, networkConnectionEnabled: false, pageLoadStrategy: normal, platformName: windows, proxy: Proxy(), se:cdp: ws://localhost:50826/devtoo..., se:cdpVersion: 132.0.6834.197, setWindowRect: true, strictFileInteractability: false, timeouts: {implicit: 0, pageLoad: 300000, script: 30000}, unhandledPromptBehavior: dismiss and notify, webauthn:extension:credBlob: true, webauthn:extension:largeBlob: true, webauthn:extension:minPinLength: true, webauthn:extension:prf: true, webauthn:virtualAuthenticators: true}
Session ID: 3a2b4b9959093dfd8297c8e37efb6e2a
2025-02-13 13:47:07 [main] INFO  l.i.u.t.SubmittedApplicationsPageTest - Marking 'Ne' radio button 3
2025-02-13 13:47:17 [main] ERROR l.i.u.p.SubmittedApplicationsPage - Error selecting radio button: Expected condition failed: waiting for element to be clickable: By.xpath: (//input[@type='radio' and @value='false'])[11] (tried for 10 second(s) with 500 milliseconds interval)
Build info: version: '4.27.0', revision: 'd6e718d134'
System info: os.name: 'Windows 11', os.arch: 'amd64', os.version: '10.0', java.version: '21.0.3'
Driver info: org.openqa.selenium.chrome.ChromeDriver
Capabilities {acceptInsecureCerts: false, browserName: chrome, browserVersion: 132.0.6834.197, chrome: {chromedriverVersion: 132.0.6834.159 (2d77d3fc445..., userDataDir: C:\Users\INGRID~1.ZAD\AppDa...}, fedcm:accounts: true, goog:chromeOptions: {debuggerAddress: localhost:50826}, networkConnectionEnabled: false, pageLoadStrategy: normal, platformName: windows, proxy: Proxy(), se:cdp: ws://localhost:50826/devtoo..., se:cdpVersion: 132.0.6834.197, setWindowRect: true, strictFileInteractability: false, timeouts: {implicit: 0, pageLoad: 300000, script: 30000}, unhandledPromptBehavior: dismiss and notify, webauthn:extension:credBlob: true, webauthn:extension:largeBlob: true, webauthn:extension:minPinLength: true, webauthn:extension:prf: true, webauthn:virtualAuthenticators: true}
Session ID: 3a2b4b9959093dfd8297c8e37efb6e2a
2025-02-13 13:47:17 [main] INFO  l.i.u.t.SubmittedApplicationsPageTest - Marking 'Ne' radio button 4
2025-02-13 13:47:27 [main] ERROR l.i.u.p.SubmittedApplicationsPage - Error selecting radio button: Expected condition failed: waiting for element to be clickable: By.xpath: (//input[@type='radio' and @value='false'])[12] (tried for 10 second(s) with 500 milliseconds interval)
Build info: version: '4.27.0', revision: 'd6e718d134'
System info: os.name: 'Windows 11', os.arch: 'amd64', os.version: '10.0', java.version: '21.0.3'
Driver info: org.openqa.selenium.chrome.ChromeDriver
Capabilities {acceptInsecureCerts: false, browserName: chrome, browserVersion: 132.0.6834.197, chrome: {chromedriverVersion: 132.0.6834.159 (2d77d3fc445..., userDataDir: C:\Users\INGRID~1.ZAD\AppDa...}, fedcm:accounts: true, goog:chromeOptions: {debuggerAddress: localhost:50826}, networkConnectionEnabled: false, pageLoadStrategy: normal, platformName: windows, proxy: Proxy(), se:cdp: ws://localhost:50826/devtoo..., se:cdpVersion: 132.0.6834.197, setWindowRect: true, strictFileInteractability: false, timeouts: {implicit: 0, pageLoad: 300000, script: 30000}, unhandledPromptBehavior: dismiss and notify, webauthn:extension:credBlob: true, webauthn:extension:largeBlob: true, webauthn:extension:minPinLength: true, webauthn:extension:prf: true, webauthn:virtualAuthenticators: true}
Session ID: 3a2b4b9959093dfd8297c8e37efb6e2a
2025-02-13 13:47:27 [main] INFO  l.i.u.t.SubmittedApplicationsPageTest - Marking 'Ne' radio button 5
2025-02-13 13:47:37 [main] ERROR l.i.u.p.SubmittedApplicationsPage - Error selecting radio button: Expected condition failed: waiting for element to be clickable: By.xpath: (//input[@type='radio' and @value='false'])[13] (tried for 10 second(s) with 500 milliseconds interval)
Build info: version: '4.27.0', revision: 'd6e718d134'
System info: os.name: 'Windows 11', os.arch: 'amd64', os.version: '10.0', java.version: '21.0.3'
Driver info: org.openqa.selenium.chrome.ChromeDriver
Capabilities {acceptInsecureCerts: false, browserName: chrome, browserVersion: 132.0.6834.197, chrome: {chromedriverVersion: 132.0.6834.159 (2d77d3fc445..., userDataDir: C:\Users\INGRID~1.ZAD\AppDa...}, fedcm:accounts: true, goog:chromeOptions: {debuggerAddress: localhost:50826}, networkConnectionEnabled: false, pageLoadStrategy: normal, platformName: windows, proxy: Proxy(), se:cdp: ws://localhost:50826/devtoo..., se:cdpVersion: 132.0.6834.197, setWindowRect: true, strictFileInteractability: false, timeouts: {implicit: 0, pageLoad: 300000, script: 30000}, unhandledPromptBehavior: dismiss and notify, webauthn:extension:credBlob: true, webauthn:extension:largeBlob: true, webauthn:extension:minPinLength: true, webauthn:extension:prf: true, webauthn:virtualAuthenticators: true}
Session ID: 3a2b4b9959093dfd8297c8e37efb6e2a
2025-02-13 13:47:37 [main] INFO  l.i.u.t.SubmittedApplicationsPageTest - Marking 'Ne' radio button 6
2025-02-13 13:47:47 [main] ERROR l.i.u.p.SubmittedApplicationsPage - Error selecting radio button: Expected condition failed: waiting for element to be clickable: By.xpath: (//input[@type='radio' and @value='true'])[14] (tried for 10 second(s) with 500 milliseconds interval)
Build info: version: '4.27.0', revision: 'd6e718d134'
System info: os.name: 'Windows 11', os.arch: 'amd64', os.version: '10.0', java.version: '21.0.3'
Driver info: org.openqa.selenium.chrome.ChromeDriver
Capabilities {acceptInsecureCerts: false, browserName: chrome, browserVersion: 132.0.6834.197, chrome: {chromedriverVersion: 132.0.6834.159 (2d77d3fc445..., userDataDir: C:\Users\INGRID~1.ZAD\AppDa...}, fedcm:accounts: true, goog:chromeOptions: {debuggerAddress: localhost:50826}, networkConnectionEnabled: false, pageLoadStrategy: normal, platformName: windows, proxy: Proxy(), se:cdp: ws://localhost:50826/devtoo..., se:cdpVersion: 132.0.6834.197, setWindowRect: true, strictFileInteractability: false, timeouts: {implicit: 0, pageLoad: 300000, script: 30000}, unhandledPromptBehavior: dismiss and notify, webauthn:extension:credBlob: true, webauthn:extension:largeBlob: true, webauthn:extension:minPinLength: true, webauthn:extension:prf: true, webauthn:virtualAuthenticators: true}
Session ID: 3a2b4b9959093dfd8297c8e37efb6e2a
2025-02-13 13:47:47 [main] INFO  l.i.u.t.SubmittedApplicationsPageTest - Marking 'Taip' radio button 7
2025-02-13 13:47:57 [main] ERROR l.i.u.p.SubmittedApplicationsPage - Error selecting radio button: Expected condition failed: waiting for element to be clickable: By.xpath: (//input[@type='radio' and @value='true'])[15] (tried for 10 second(s) with 500 milliseconds interval)
Build info: version: '4.27.0', revision: 'd6e718d134'
System info: os.name: 'Windows 11', os.arch: 'amd64', os.version: '10.0', java.version: '21.0.3'
Driver info: org.openqa.selenium.chrome.ChromeDriver
Capabilities {acceptInsecureCerts: false, browserName: chrome, browserVersion: 132.0.6834.197, chrome: {chromedriverVersion: 132.0.6834.159 (2d77d3fc445..., userDataDir: C:\Users\INGRID~1.ZAD\AppDa...}, fedcm:accounts: true, goog:chromeOptions: {debuggerAddress: localhost:50826}, networkConnectionEnabled: false, pageLoadStrategy: normal, platformName: windows, proxy: Proxy(), se:cdp: ws://localhost:50826/devtoo..., se:cdpVersion: 132.0.6834.197, setWindowRect: true, strictFileInteractability: false, timeouts: {implicit: 0, pageLoad: 300000, script: 30000}, unhandledPromptBehavior: dismiss and notify, webauthn:extension:credBlob: true, webauthn:extension:largeBlob: true, webauthn:extension:minPinLength: true, webauthn:extension:prf: true, webauthn:virtualAuthenticators: true}
Session ID: 3a2b4b9959093dfd8297c8e37efb6e2a
2025-02-13 13:47:57 [main] INFO  l.i.u.t.SubmittedApplicationsPageTest - Marking 'Taip' radio button 8
2025-02-13 13:48:08 [main] ERROR l.i.u.p.SubmittedApplicationsPage - Error selecting radio button: Expected condition failed: waiting for element to be clickable: By.xpath: (//input[@type='radio' and @value='true'])[16] (tried for 10 second(s) with 500 milliseconds interval)
Build info: version: '4.27.0', revision: 'd6e718d134'
System info: os.name: 'Windows 11', os.arch: 'amd64', os.version: '10.0', java.version: '21.0.3'
Driver info: org.openqa.selenium.chrome.ChromeDriver
Capabilities {acceptInsecureCerts: false, browserName: chrome, browserVersion: 132.0.6834.197, chrome: {chromedriverVersion: 132.0.6834.159 (2d77d3fc445..., userDataDir: C:\Users\INGRID~1.ZAD\AppDa...}, fedcm:accounts: true, goog:chromeOptions: {debuggerAddress: localhost:50826}, networkConnectionEnabled: false, pageLoadStrategy: normal, platformName: windows, proxy: Proxy(), se:cdp: ws://localhost:50826/devtoo..., se:cdpVersion: 132.0.6834.197, setWindowRect: true, strictFileInteractability: false, timeouts: {implicit: 0, pageLoad: 300000, script: 30000}, unhandledPromptBehavior: dismiss and notify, webauthn:extension:credBlob: true, webauthn:extension:largeBlob: true, webauthn:extension:minPinLength: true, webauthn:extension:prf: true, webauthn:virtualAuthenticators: true}
Session ID: 3a2b4b9959093dfd8297c8e37efb6e2a
2025-02-13 13:48:08 [main] INFO  l.i.u.t.SubmittedApplicationsPageTest - Marking 'Taip' radio button 9
2025-02-13 13:48:18 [main] ERROR l.i.u.p.SubmittedApplicationsPage - Error selecting radio button: Expected condition failed: waiting for element to be clickable: By.xpath: (//input[@type='radio' and @value='true'])[17] (tried for 10 second(s) with 500 milliseconds interval)
Build info: version: '4.27.0', revision: 'd6e718d134'
System info: os.name: 'Windows 11', os.arch: 'amd64', os.version: '10.0', java.version: '21.0.3'
Driver info: org.openqa.selenium.chrome.ChromeDriver
Capabilities {acceptInsecureCerts: false, browserName: chrome, browserVersion: 132.0.6834.197, chrome: {chromedriverVersion: 132.0.6834.159 (2d77d3fc445..., userDataDir: C:\Users\INGRID~1.ZAD\AppDa...}, fedcm:accounts: true, goog:chromeOptions: {debuggerAddress: localhost:50826}, networkConnectionEnabled: false, pageLoadStrategy: normal, platformName: windows, proxy: Proxy(), se:cdp: ws://localhost:50826/devtoo..., se:cdpVersion: 132.0.6834.197, setWindowRect: true, strictFileInteractability: false, timeouts: {implicit: 0, pageLoad: 300000, script: 30000}, unhandledPromptBehavior: dismiss and notify, webauthn:extension:credBlob: true, webauthn:extension:largeBlob: true, webauthn:extension:minPinLength: true, webauthn:extension:prf: true, webauthn:virtualAuthenticators: true}
Session ID: 3a2b4b9959093dfd8297c8e37efb6e2a
2025-02-13 13:48:18 [main] INFO  l.i.u.t.SubmittedApplicationsPageTest - Marking 'Taip' radio button 10
2025-02-13 13:48:28 [main] ERROR l.i.u.p.SubmittedApplicationsPage - Error selecting radio button: Expected condition failed: waiting for element to be clickable: By.xpath: (//input[@type='radio' and @value='true'])[18] (tried for 10 second(s) with 500 milliseconds interval)
Build info: version: '4.27.0', revision: 'd6e718d134'
System info: os.name: 'Windows 11', os.arch: 'amd64', os.version: '10.0', java.version: '21.0.3'
Driver info: org.openqa.selenium.chrome.ChromeDriver
Capabilities {acceptInsecureCerts: false, browserName: chrome, browserVersion: 132.0.6834.197, chrome: {chromedriverVersion: 132.0.6834.159 (2d77d3fc445..., userDataDir: C:\Users\INGRID~1.ZAD\AppDa...}, fedcm:accounts: true, goog:chromeOptions: {debuggerAddress: localhost:50826}, networkConnectionEnabled: false, pageLoadStrategy: normal, platformName: windows, proxy: Proxy(), se:cdp: ws://localhost:50826/devtoo..., se:cdpVersion: 132.0.6834.197, setWindowRect: true, strictFileInteractability: false, timeouts: {implicit: 0, pageLoad: 300000, script: 30000}, unhandledPromptBehavior: dismiss and notify, webauthn:extension:credBlob: true, webauthn:extension:largeBlob: true, webauthn:extension:minPinLength: true, webauthn:extension:prf: true, webauthn:virtualAuthenticators: true}
Session ID: 3a2b4b9959093dfd8297c8e37efb6e2a
2025-02-13 13:48:28 [main] INFO  l.i.u.t.SubmittedApplicationsPageTest - Marking 'Taip' radio button 11
2025-02-13 13:48:38 [main] ERROR l.i.u.p.SubmittedApplicationsPage - Error selecting radio button: Expected condition failed: waiting for element to be clickable: By.xpath: (//input[@type='radio' and @value='true'])[19] (tried for 10 second(s) with 500 milliseconds interval)
Build info: version: '4.27.0', revision: 'd6e718d134'
System info: os.name: 'Windows 11', os.arch: 'amd64', os.version: '10.0', java.version: '21.0.3'
Driver info: org.openqa.selenium.chrome.ChromeDriver
Capabilities {acceptInsecureCerts: false, browserName: chrome, browserVersion: 132.0.6834.197, chrome: {chromedriverVersion: 132.0.6834.159 (2d77d3fc445..., userDataDir: C:\Users\INGRID~1.ZAD\AppDa...}, fedcm:accounts: true, goog:chromeOptions: {debuggerAddress: localhost:50826}, networkConnectionEnabled: false, pageLoadStrategy: normal, platformName: windows, proxy: Proxy(), se:cdp: ws://localhost:50826/devtoo..., se:cdpVersion: 132.0.6834.197, setWindowRect: true, strictFileInteractability: false, timeouts: {implicit: 0, pageLoad: 300000, script: 30000}, unhandledPromptBehavior: dismiss and notify, webauthn:extension:credBlob: true, webauthn:extension:largeBlob: true, webauthn:extension:minPinLength: true, webauthn:extension:prf: true, webauthn:virtualAuthenticators: true}
Session ID: 3a2b4b9959093dfd8297c8e37efb6e2a
2025-02-13 13:48:38 [main] INFO  l.i.u.t.SubmittedApplicationsPageTest - Marking 'Taip' radio button 12
2025-02-13 13:48:48 [main] DEBUG l.i.u.t.SubmittedApplicationsPageTest - Checked 'ConfirmationStepFour'
2025-02-13 13:48:48 [main] DEBUG l.i.u.t.SubmittedApplicationsPageTest - Clicked 'Next' button after checkboxes.
2025-02-13 13:48:48 [main] INFO  l.i.u.p.SubmittedApplicationsPage - File uploaded successfully to an input element.
2025-02-13 13:48:48 [main] INFO  l.i.u.p.SubmittedApplicationsPage - File uploaded successfully to an input element.
2025-02-13 13:48:49 [main] INFO  l.i.u.p.SubmittedApplicationsPage - File uploaded successfully to an input element.
2025-02-13 13:48:49 [main] INFO  l.i.u.p.SubmittedApplicationsPage - File uploaded successfully to an input element.
2025-02-13 13:48:49 [main] INFO  l.i.u.p.SubmittedApplicationsPage - File uploaded successfully to an input element.
2025-02-13 13:48:49 [main] INFO  l.i.u.p.SubmittedApplicationsPage - File uploaded successfully to an input element.
2025-02-13 13:48:49 [main] INFO  l.i.u.p.SubmittedApplicationsPage - File uploaded successfully to an input element.
2025-02-13 13:48:49 [main] INFO  l.i.u.p.SubmittedApplicationsPage - File uploaded successfully to an input element.
2025-02-13 13:48:49 [main] INFO  l.i.u.p.SubmittedApplicationsPage - File uploaded successfully to an input element.
2025-02-13 13:48:49 [main] INFO  l.i.u.p.SubmittedApplicationsPage - File uploaded successfully to an input element.
2025-02-13 13:48:49 [main] DEBUG l.i.u.t.SubmittedApplicationsPageTest - Entered program name: 'Dokumentas 1'.
2025-02-13 13:48:49 [main] DEBUG l.i.u.t.SubmittedApplicationsPageTest - Entered program name: 'Dokumentas 2'.
2025-02-13 13:48:50 [main] DEBUG l.i.u.t.SubmittedApplicationsPageTest - Entered program name: 'Dokumentas 3'.
2025-02-13 13:48:50 [main] DEBUG l.i.u.t.SubmittedApplicationsPageTest - Entered program name: 'Dokumentas 4'.
2025-02-13 13:48:50 [main] DEBUG l.i.u.t.SubmittedApplicationsPageTest - Entered program name: 'Dokumentas 5'.
2025-02-13 13:48:50 [main] DEBUG l.i.u.t.SubmittedApplicationsPageTest - Entered program name: 'Dokumentas 6'.
2025-02-13 13:48:50 [main] DEBUG l.i.u.t.SubmittedApplicationsPageTest - Entered program name: 'Dokumentas 4'.
2025-02-13 13:48:50 [main] DEBUG l.i.u.t.SubmittedApplicationsPageTest - Entered program name: 'Dokumentas 8'.
2025-02-13 13:48:51 [main] DEBUG l.i.u.t.SubmittedApplicationsPageTest - Entered program name: 'Dokumentas 9'.
2025-02-13 13:48:51 [main] DEBUG l.i.u.t.SubmittedApplicationsPageTest - Entered program name: 'Dokumentas 10'.
2025-02-13 13:49:01 [main] DEBUG l.i.u.t.SubmittedApplicationsPageTest - Checked 'ConfirmationDocument'
2025-02-13 13:49:11 [main] DEBUG l.i.u.t.SubmittedApplicationsPageTest - Checked 'ConfirmationApplication'
2025-02-13 13:49:11 [main] DEBUG l.i.u.t.SubmittedApplicationsPageTest - Clicked 'SaveDraft' button after checkboxes.
2025-02-13 13:49:11 [main] DEBUG l.insoft.uztis.pages.InvitationsPage - Verified success message: 'Ruošinys sėkmingai išsaugotas.'
2025-02-13 13:49:12 [main] DEBUG l.i.u.t.SubmittedApplicationsPageTest - Clicked 'Review' button after checkboxes.
2025-02-13 13:49:12 [main] DEBUG l.i.u.t.SubmittedApplicationsPageTest - Clicked 'Submit' button after checkboxes.
2025-02-13 13:49:12 [main] DEBUG l.i.u.t.SubmittedApplicationsPageTest - Clicked 'SubmitConfirmation' button after checkboxes.
2025-02-13 13:49:12 [main] ERROR l.insoft.uztis.pages.InvitationsPage - Failed to verify the success message: 'Paraiška sėkmingai pateikta ir užregistruota.'. Available messages: [Ruošinys sėkmingai išsaugotas.]
2025-02-13 13:49:12 [main] INFO  l.i.u.t.SubmittedApplicationsPageTest - Test 'testFillNewVUIApplicationFA' completed successfully.
2025-02-13 13:53:31 [main] INFO  lt.insoft.uztis.tests.UztisPageTest - Navigated to https://uztisdev.asseco.lt/home
2025-02-13 13:53:31 [main] INFO  l.i.u.t.SubmittedApplicationsPageTest - Starting test:'testFillNewVUIPApplicationFA'
2025-02-13 13:53:32 [main] DEBUG l.i.u.t.SubmittedApplicationsPageTest - User logged in with test credentials.
2025-02-13 13:53:32 [main] DEBUG l.i.u.t.SubmittedApplicationsPageTest - Opened 'Application Processing' menu.
2025-02-13 13:53:32 [main] DEBUG l.i.u.t.SubmittedApplicationsPageTest - Clicked on 'Application Forms' menu.
2025-02-13 13:53:33 [main] DEBUG l.i.u.t.SubmittedApplicationsPageTest - Retrieved last description code text: 'TST-VUI-47'.
2025-02-13 13:53:33 [main] DEBUG l.i.u.t.SubmittedApplicationsPageTest - Clicked on 'Invitation' menu.
2025-02-13 13:53:34 [main] DEBUG l.i.u.t.SubmittedApplicationsPageTest - Selected application section by code: 'TST-VUI-47'.
2025-02-13 13:53:34 [main] DEBUG l.i.u.t.SubmittedApplicationsPageTest - Clicked 'Search' button.
2025-02-13 13:53:34 [main] DEBUG l.i.u.t.SubmittedApplicationsPageTest - Retrieved invitation code: ''.
2025-02-13 13:53:34 [main] DEBUG l.i.u.t.SubmittedApplicationsPageTest - Clicked on 'Submitted Applications' menu.
2025-02-13 13:53:35 [main] DEBUG l.i.u.t.SubmittedApplicationsPageTest - Selected invitation by code: 'TST-VUI-47'.
2025-02-13 13:53:35 [main] DEBUG l.i.u.t.SubmittedApplicationsPageTest - Invitation code inserted.
2025-02-13 13:53:35 [main] DEBUG l.i.u.t.SubmittedApplicationsPageTest - Clicked on 'Action Application' button.
2025-02-13 13:53:35 [main] DEBUG l.i.u.t.SubmittedApplicationsPageTest - Clicked on 'New Application' button.
2025-02-13 13:53:36 [main] DEBUG l.i.u.t.SubmittedApplicationsPageTest - Selected the 'RadioButtonFA' option.
2025-02-13 13:53:36 [main] DEBUG l.i.u.t.SubmittedApplicationsPageTest - Entered phone number: '61298745'.
2025-02-13 13:53:36 [main] DEBUG l.i.u.t.SubmittedApplicationsPageTest - Entered email: 'test@autotest.com'.
2025-02-13 13:53:36 [main] INFO  l.i.u.p.SubmittedApplicationsPage - Located the dropdown button.
2025-02-13 13:53:52 [main] INFO  l.i.u.p.SubmittedApplicationsPage - Found 1741 options in the dropdown.
2025-02-13 13:53:53 [main] INFO  l.i.u.p.SubmittedApplicationsPage - Successfully selected the value: '01.11 - Grūdinių (išskyrus ryžius), ankštinių ir aliejingų sėklų augalų auginimas'
2025-02-13 13:54:03 [main] ERROR l.i.u.p.SubmittedApplicationsPage - Failed to close the dropdown with aria-expanded = 'false'. Attempting manual close.
2025-02-13 13:54:03 [main] INFO  l.i.u.p.SubmittedApplicationsPage - Manual close attempt for the dropdown using body click.
2025-02-13 13:54:03 [main] DEBUG l.i.u.t.SubmittedApplicationsPageTest - Selected EVRK value: '01.11 - Grūdinių (išskyrus ryžius), ankštinių ir aliejingų sėklų augalų auginimas'.
2025-02-13 13:54:03 [main] DEBUG l.i.u.t.SubmittedApplicationsPageTest - Entered address: 'Vilniaus m. sav., Vilnius, Testo g. 10T'.
2025-02-13 13:54:04 [main] DEBUG l.i.u.t.SubmittedApplicationsPageTest - Entered project date.
2025-02-13 13:54:04 [main] DEBUG l.i.u.t.SubmittedApplicationsPageTest - Entered job count: '1'.
2025-02-13 13:54:04 [main] DEBUG l.i.u.t.SubmittedApplicationsPageTest - Clicked 'Next' button.
2025-02-13 13:54:04 [main] INFO  l.i.u.p.SubmittedApplicationsPage - Located the dropdown button.
2025-02-13 13:54:05 [main] INFO  l.i.u.p.SubmittedApplicationsPage - Successfully selected the value: 'Administratoriai'
2025-02-13 13:54:35 [main] ERROR l.i.u.p.SubmittedApplicationsPage - Timeout while waiting for dropdown to close with aria-expanded = 'false'.
2025-02-13 13:54:35 [main] DEBUG l.i.u.t.SubmittedApplicationsPageTest - Selected job name: 'Administratoriai'.
2025-02-13 13:54:35 [main] DEBUG l.i.u.t.SubmittedApplicationsPageTest - Entered job function: 'Funkcija 1'.
2025-02-13 13:54:35 [main] DEBUG l.i.u.t.SubmittedApplicationsPageTest - Selected 'RadioButtonWithDisabilities' option.
2025-02-13 13:54:35 [main] INFO  l.i.u.p.SubmittedApplicationsPage - Clicking on the dropdown button.
2025-02-13 13:54:36 [main] INFO  l.i.u.p.SubmittedApplicationsPage - Found 34 options in the dropdown.
2025-02-13 13:54:36 [main] DEBUG l.i.u.p.SubmittedApplicationsPage - Checking option: 'Asmenys, kuriems suteiktas pabėgėlio statusas ar perkeliamojo asmens statusas, arba asmenys, kuriems suteikta papildoma ar laikinoji apsauga, ir asmenys, turintys teisę gauti laikinąją apsaugą, iki sprendimo dėl laikinosios apsaugos suteikimo (nesuteikimo) priėmimo, tačiau ne ilgiau kaip laikinosios apsaugos laikotarpiu'
2025-02-13 13:54:36 [main] DEBUG l.i.u.p.SubmittedApplicationsPage - Checking option: 'Asmenys, kuriems suteiktas pabėgėlio statusas ar perkeliamojo asmens statusas, arba asmenys, kuriems suteikta papildoma ar laikinoji apsauga, ir asmenys, turintys teisę gauti laikinąją apsaugą, iki sprendimo dėl laikinosios apsaugos suteikimo (nesuteikimo) priėmimo, tačiau ne ilgiau kaip laikinosios apsaugos laikotarpiu'
2025-02-13 13:54:36 [main] DEBUG l.i.u.p.SubmittedApplicationsPage - Checking option: 'Asmenys, turintys teisę į papildomas užimtumo garantijas pagal Lietuvos Respublikos valstybės įmonės Ignalinos atominės elektrinės darbuotojų papildomų užimtumo ir socialinių garantijų įstatymą'
2025-02-13 13:54:36 [main] DEBUG l.i.u.p.SubmittedApplicationsPage - Checking option: 'Asmenys, turintys teisę į papildomas užimtumo garantijas pagal Lietuvos Respublikos valstybės įmonės Ignalinos atominės elektrinės darbuotojų papildomų užimtumo ir socialinių garantijų įstatymą'
2025-02-13 13:54:36 [main] DEBUG l.i.u.p.SubmittedApplicationsPage - Checking option: 'Bedarbiai iki 29 metų'
2025-02-13 13:54:36 [main] DEBUG l.i.u.p.SubmittedApplicationsPage - Checking option: 'Bedarbiai iki 29 metų'
2025-02-13 13:54:36 [main] DEBUG l.i.u.p.SubmittedApplicationsPage - Checking option: 'Bedarbiai, kurie yra darbingo amžiaus neįgalieji, kuriems nustatytas 30–40 procentų darbingumo lygis arba vidutinis neįgalumo lygis'
2025-02-13 13:54:36 [main] DEBUG l.i.u.p.SubmittedApplicationsPage - Checking option: 'Bedarbiai, kurie yra darbingo amžiaus neįgalieji, kuriems nustatytas 30–40 procentų darbingumo lygis arba vidutinis neįgalumo lygis'
2025-02-13 13:54:36 [main] DEBUG l.i.u.p.SubmittedApplicationsPage - Checking option: 'Bedarbiai, kurie yra darbingo amžiaus neįgalieji, kuriems nustatytas 45–55 procentų darbingumo lygis arba lengvas neįgalumo lygis'
2025-02-13 13:54:36 [main] DEBUG l.i.u.p.SubmittedApplicationsPage - Checking option: 'Bedarbiai, kurie yra darbingo amžiaus neįgalieji, kuriems nustatytas 45–55 procentų darbingumo lygis arba lengvas neįgalumo lygis'
2025-02-13 13:54:36 [main] DEBUG l.i.u.p.SubmittedApplicationsPage - Checking option: 'Bedarbiai, kurie yra darbingo amžiaus neįgalieji, kuriems nustatytas iki 25 procentų darbingumo lygis arba sunkus neįgalumo lygis'
2025-02-13 13:54:36 [main] INFO  l.i.u.p.SubmittedApplicationsPage - Successfully selected the value: 'Bedarbiai, kurie yra darbingo amžiaus neįgalieji, kuriems nustatytas iki 25 procentų darbingumo lygis arba sunkus neįgalumo lygis'
2025-02-13 13:54:36 [main] INFO  l.i.u.p.SubmittedApplicationsPage - Attempting to close the dropdown.
2025-02-13 13:54:47 [main] INFO  l.i.u.p.SubmittedApplicationsPage - Dropdown should be closed now.
2025-02-13 13:54:47 [main] DEBUG l.i.u.t.SubmittedApplicationsPageTest - Selected disabilities type: 'Bedarbiai, kurie yra darbingo amžiaus neįgalieji, kuriems nustatytas iki 25 procentų darbingumo lygis arba sunkus neįgalumo lygis'.
2025-02-13 13:54:47 [main] DEBUG l.i.u.t.SubmittedApplicationsPageTest - Entered disability information: 'Negalia 1'.
2025-02-13 13:54:47 [main] INFO  l.i.u.p.SubmittedApplicationsPage - Located the dropdown button.
2025-02-13 13:54:48 [main] INFO  l.i.u.p.SubmittedApplicationsPage - Successfully selected the value: 'Kita'
2025-02-13 13:54:58 [main] ERROR l.i.u.p.SubmittedApplicationsPage - Timeout while waiting for dropdown to close with aria-expanded = 'false'.
2025-02-13 13:54:58 [main] DEBUG l.i.u.t.SubmittedApplicationsPageTest - Selected time mode: 'Kita'.
2025-02-13 13:54:58 [main] DEBUG l.i.u.t.SubmittedApplicationsPageTest - Selected time mode other: '6 val. per dieną ir 4 d. per savaitę'.
2025-02-13 13:54:58 [main] DEBUG l.i.u.t.SubmittedApplicationsPageTest - Entered qualification: 'Kvalifikacija 1'.
2025-02-13 13:54:59 [main] DEBUG l.i.u.t.SubmittedApplicationsPageTest - Entered job date.
2025-02-13 13:54:59 [main] DEBUG l.i.u.t.SubmittedApplicationsPageTest - Entered salary amount: '1200'.
2025-02-13 13:54:59 [main] DEBUG l.i.u.t.SubmittedApplicationsPageTest - Selected 'Temporary Job' radio button.
2025-02-13 13:54:59 [main] DEBUG l.i.u.t.SubmittedApplicationsPageTest - Selected 'Season Job' radio button.
2025-02-13 13:54:59 [main] DEBUG l.i.u.t.SubmittedApplicationsPageTest - Selected 'Energy' radio button.
2025-02-13 13:54:59 [main] DEBUG l.i.u.t.SubmittedApplicationsPageTest - Selected 'Repair' radio button.
2025-02-13 13:54:59 [main] DEBUG l.i.u.t.SubmittedApplicationsPageTest - Entered job description: 'Veikla 1'.
2025-02-13 13:55:00 [main] DEBUG l.i.u.t.SubmittedApplicationsPageTest - Entered process description: 'Procesas 1'.
2025-02-13 13:55:00 [main] DEBUG l.i.u.t.SubmittedApplicationsPageTest - Entered energy information: 'Energija 1'.
2025-02-13 13:55:00 [main] DEBUG l.i.u.t.SubmittedApplicationsPageTest - Entered repair information: 'Remontas 1'.
2025-02-13 13:55:00 [main] DEBUG l.i.u.t.SubmittedApplicationsPageTest - Selected 'PVM' radio button.
2025-02-13 13:55:00 [main] INFO  l.i.u.p.SubmittedApplicationsPage - Located the dropdown button.
2025-02-13 13:55:01 [main] INFO  l.i.u.p.SubmittedApplicationsPage - Successfully selected the value: 'Įsigyti'
2025-02-13 13:55:21 [main] ERROR l.i.u.p.SubmittedApplicationsPage - Timeout while waiting for dropdown to close with aria-expanded = 'false'.
2025-02-13 13:55:21 [main] DEBUG l.i.u.t.SubmittedApplicationsPageTest - Selected necessary for job: 'Įsigyti'.
2025-02-13 13:55:21 [main] DEBUG l.i.u.t.SubmittedApplicationsPageTest - Selected tool: 'Darbo priemonė 1'.
2025-02-13 13:55:21 [main] DEBUG l.i.u.t.SubmittedApplicationsPageTest - Selected tool parameter one: 'Darbo priemonės 1 parametras 1'.
2025-02-13 13:55:22 [main] DEBUG l.i.u.t.SubmittedApplicationsPageTest - Selected tool parameter two: 'Darbo priemonės 1 parametras 2'.
2025-02-13 13:55:22 [main] DEBUG l.i.u.t.SubmittedApplicationsPageTest - Selected tool parameter three: 'Darbo priemonės 1 parametras 3'.
2025-02-13 13:55:22 [main] DEBUG l.i.u.t.SubmittedApplicationsPageTest - Entered tool count: '1'.
2025-02-13 13:55:22 [main] DEBUG l.i.u.t.SubmittedApplicationsPageTest - Entered price amount 1: '1000'.
2025-02-13 13:55:22 [main] DEBUG l.i.u.t.SubmittedApplicationsPageTest - Entered own funds amount 1: '800'.
2025-02-13 13:55:22 [main] DEBUG l.i.u.t.SubmittedApplicationsPageTest - Clicked 'Add' button.
2025-02-13 13:55:22 [main] INFO  l.i.u.p.SubmittedApplicationsPage - Located the dropdown button.
2025-02-13 13:55:23 [main] INFO  l.i.u.p.SubmittedApplicationsPage - Successfully selected the value: 'Remontuoti'
2025-02-13 13:55:43 [main] ERROR l.i.u.p.SubmittedApplicationsPage - Timeout while waiting for dropdown to close with aria-expanded = 'false'.
2025-02-13 13:55:43 [main] DEBUG l.i.u.t.SubmittedApplicationsPageTest - Selected necessary for job 'to repair': 'Remontuoti'.
2025-02-13 13:55:43 [main] DEBUG l.i.u.t.SubmittedApplicationsPageTest - Selected repair name: 'Remonto pavadinimas 1'.
2025-02-13 13:55:43 [main] DEBUG l.i.u.t.SubmittedApplicationsPageTest - Entered repair information: 'Remonto aprašymas 1'.
2025-02-13 13:55:43 [main] DEBUG l.i.u.t.SubmittedApplicationsPageTest - Entered price amount 2: '1000'.
2025-02-13 13:55:43 [main] DEBUG l.i.u.t.SubmittedApplicationsPageTest - Entered own funds amount 2: '900'.
2025-02-13 13:55:44 [main] DEBUG l.i.u.t.SubmittedApplicationsPageTest - Entered country percentage: '50'.
2025-02-13 13:55:44 [main] DEBUG l.i.u.t.SubmittedApplicationsPageTest - Entered institution percentage: '50'.
2025-02-13 13:55:44 [main] DEBUG l.i.u.t.SubmittedApplicationsPageTest - Entered municipality percentage: '50'.
2025-02-13 13:55:44 [main] DEBUG l.i.u.t.SubmittedApplicationsPageTest - Selected 'De Minimis' radio button.
2025-02-13 13:55:44 [main] DEBUG l.i.u.t.SubmittedApplicationsPageTest - Entered program name: 'Programa 1'.
2025-02-13 13:55:44 [main] DEBUG l.i.u.t.SubmittedApplicationsPageTest - Entered project date from.
2025-02-13 13:55:45 [main] DEBUG l.i.u.t.SubmittedApplicationsPageTest - Entered project date until.
2025-02-13 13:55:45 [main] DEBUG l.i.u.t.SubmittedApplicationsPageTest - Entered support amount: '2000'.
2025-02-13 13:55:45 [main] DEBUG l.i.u.t.SubmittedApplicationsPageTest - Clicked 'Next' button.
2025-02-13 13:55:55 [main] DEBUG l.i.u.t.SubmittedApplicationsPageTest - Checked 'Legal Entities' checkbox 1.
2025-02-13 13:56:05 [main] DEBUG l.i.u.t.SubmittedApplicationsPageTest - Checked 'Legal Entities' checkbox 2.
2025-02-13 13:56:15 [main] DEBUG l.i.u.t.SubmittedApplicationsPageTest - Checked 'Legal Entities' checkbox 3.
2025-02-13 13:56:15 [main] DEBUG l.i.u.t.SubmittedApplicationsPageTest - Test finished: All 'Legal Entities' checkboxes checked successfully.
2025-02-13 13:56:15 [main] DEBUG l.i.u.t.SubmittedApplicationsPageTest - Clicked 'Next' button after checkboxes.
2025-02-13 13:56:26 [main] ERROR l.i.u.p.SubmittedApplicationsPage - Error selecting radio button: Expected condition failed: waiting for element to be clickable: By.xpath: (//input[@type='radio' and @value='false'])[8] (tried for 10 second(s) with 500 milliseconds interval)
Build info: version: '4.27.0', revision: 'd6e718d134'
System info: os.name: 'Windows 11', os.arch: 'amd64', os.version: '10.0', java.version: '21.0.3'
Driver info: org.openqa.selenium.chrome.ChromeDriver
Capabilities {acceptInsecureCerts: false, browserName: chrome, browserVersion: 132.0.6834.197, chrome: {chromedriverVersion: 132.0.6834.159 (2d77d3fc445..., userDataDir: C:\Users\INGRID~1.ZAD\AppDa...}, fedcm:accounts: true, goog:chromeOptions: {debuggerAddress: localhost:50920}, networkConnectionEnabled: false, pageLoadStrategy: normal, platformName: windows, proxy: Proxy(), se:cdp: ws://localhost:50920/devtoo..., se:cdpVersion: 132.0.6834.197, setWindowRect: true, strictFileInteractability: false, timeouts: {implicit: 0, pageLoad: 300000, script: 30000}, unhandledPromptBehavior: dismiss and notify, webauthn:extension:credBlob: true, webauthn:extension:largeBlob: true, webauthn:extension:minPinLength: true, webauthn:extension:prf: true, webauthn:virtualAuthenticators: true}
Session ID: be9a6d291ce6708c36b80dcb1b006ffe
2025-02-13 13:56:26 [main] INFO  l.i.u.t.SubmittedApplicationsPageTest - Marking 'Ne' radio button 1
2025-02-13 13:56:36 [main] ERROR l.i.u.p.SubmittedApplicationsPage - Error selecting radio button: Expected condition failed: waiting for element to be clickable: By.xpath: (//input[@type='radio' and @value='false'])[9] (tried for 10 second(s) with 500 milliseconds interval)
Build info: version: '4.27.0', revision: 'd6e718d134'
System info: os.name: 'Windows 11', os.arch: 'amd64', os.version: '10.0', java.version: '21.0.3'
Driver info: org.openqa.selenium.chrome.ChromeDriver
Capabilities {acceptInsecureCerts: false, browserName: chrome, browserVersion: 132.0.6834.197, chrome: {chromedriverVersion: 132.0.6834.159 (2d77d3fc445..., userDataDir: C:\Users\INGRID~1.ZAD\AppDa...}, fedcm:accounts: true, goog:chromeOptions: {debuggerAddress: localhost:50920}, networkConnectionEnabled: false, pageLoadStrategy: normal, platformName: windows, proxy: Proxy(), se:cdp: ws://localhost:50920/devtoo..., se:cdpVersion: 132.0.6834.197, setWindowRect: true, strictFileInteractability: false, timeouts: {implicit: 0, pageLoad: 300000, script: 30000}, unhandledPromptBehavior: dismiss and notify, webauthn:extension:credBlob: true, webauthn:extension:largeBlob: true, webauthn:extension:minPinLength: true, webauthn:extension:prf: true, webauthn:virtualAuthenticators: true}
Session ID: be9a6d291ce6708c36b80dcb1b006ffe
2025-02-13 13:56:36 [main] INFO  l.i.u.t.SubmittedApplicationsPageTest - Marking 'Ne' radio button 2
2025-02-13 13:56:46 [main] ERROR l.i.u.p.SubmittedApplicationsPage - Error selecting radio button: Expected condition failed: waiting for element to be clickable: By.xpath: (//input[@type='radio' and @value='false'])[10] (tried for 10 second(s) with 500 milliseconds interval)
Build info: version: '4.27.0', revision: 'd6e718d134'
System info: os.name: 'Windows 11', os.arch: 'amd64', os.version: '10.0', java.version: '21.0.3'
Driver info: org.openqa.selenium.chrome.ChromeDriver
Capabilities {acceptInsecureCerts: false, browserName: chrome, browserVersion: 132.0.6834.197, chrome: {chromedriverVersion: 132.0.6834.159 (2d77d3fc445..., userDataDir: C:\Users\INGRID~1.ZAD\AppDa...}, fedcm:accounts: true, goog:chromeOptions: {debuggerAddress: localhost:50920}, networkConnectionEnabled: false, pageLoadStrategy: normal, platformName: windows, proxy: Proxy(), se:cdp: ws://localhost:50920/devtoo..., se:cdpVersion: 132.0.6834.197, setWindowRect: true, strictFileInteractability: false, timeouts: {implicit: 0, pageLoad: 300000, script: 30000}, unhandledPromptBehavior: dismiss and notify, webauthn:extension:credBlob: true, webauthn:extension:largeBlob: true, webauthn:extension:minPinLength: true, webauthn:extension:prf: true, webauthn:virtualAuthenticators: true}
Session ID: be9a6d291ce6708c36b80dcb1b006ffe
2025-02-13 13:56:46 [main] INFO  l.i.u.t.SubmittedApplicationsPageTest - Marking 'Ne' radio button 3
2025-02-13 13:56:56 [main] ERROR l.i.u.p.SubmittedApplicationsPage - Error selecting radio button: Expected condition failed: waiting for element to be clickable: By.xpath: (//input[@type='radio' and @value='false'])[11] (tried for 10 second(s) with 500 milliseconds interval)
Build info: version: '4.27.0', revision: 'd6e718d134'
System info: os.name: 'Windows 11', os.arch: 'amd64', os.version: '10.0', java.version: '21.0.3'
Driver info: org.openqa.selenium.chrome.ChromeDriver
Capabilities {acceptInsecureCerts: false, browserName: chrome, browserVersion: 132.0.6834.197, chrome: {chromedriverVersion: 132.0.6834.159 (2d77d3fc445..., userDataDir: C:\Users\INGRID~1.ZAD\AppDa...}, fedcm:accounts: true, goog:chromeOptions: {debuggerAddress: localhost:50920}, networkConnectionEnabled: false, pageLoadStrategy: normal, platformName: windows, proxy: Proxy(), se:cdp: ws://localhost:50920/devtoo..., se:cdpVersion: 132.0.6834.197, setWindowRect: true, strictFileInteractability: false, timeouts: {implicit: 0, pageLoad: 300000, script: 30000}, unhandledPromptBehavior: dismiss and notify, webauthn:extension:credBlob: true, webauthn:extension:largeBlob: true, webauthn:extension:minPinLength: true, webauthn:extension:prf: true, webauthn:virtualAuthenticators: true}
Session ID: be9a6d291ce6708c36b80dcb1b006ffe
2025-02-13 13:56:56 [main] INFO  l.i.u.t.SubmittedApplicationsPageTest - Marking 'Ne' radio button 4
2025-02-13 13:57:06 [main] ERROR l.i.u.p.SubmittedApplicationsPage - Error selecting radio button: Expected condition failed: waiting for element to be clickable: By.xpath: (//input[@type='radio' and @value='false'])[12] (tried for 10 second(s) with 500 milliseconds interval)
Build info: version: '4.27.0', revision: 'd6e718d134'
System info: os.name: 'Windows 11', os.arch: 'amd64', os.version: '10.0', java.version: '21.0.3'
Driver info: org.openqa.selenium.chrome.ChromeDriver
Capabilities {acceptInsecureCerts: false, browserName: chrome, browserVersion: 132.0.6834.197, chrome: {chromedriverVersion: 132.0.6834.159 (2d77d3fc445..., userDataDir: C:\Users\INGRID~1.ZAD\AppDa...}, fedcm:accounts: true, goog:chromeOptions: {debuggerAddress: localhost:50920}, networkConnectionEnabled: false, pageLoadStrategy: normal, platformName: windows, proxy: Proxy(), se:cdp: ws://localhost:50920/devtoo..., se:cdpVersion: 132.0.6834.197, setWindowRect: true, strictFileInteractability: false, timeouts: {implicit: 0, pageLoad: 300000, script: 30000}, unhandledPromptBehavior: dismiss and notify, webauthn:extension:credBlob: true, webauthn:extension:largeBlob: true, webauthn:extension:minPinLength: true, webauthn:extension:prf: true, webauthn:virtualAuthenticators: true}
Session ID: be9a6d291ce6708c36b80dcb1b006ffe
2025-02-13 13:57:06 [main] INFO  l.i.u.t.SubmittedApplicationsPageTest - Marking 'Ne' radio button 5
2025-02-13 13:57:16 [main] ERROR l.i.u.p.SubmittedApplicationsPage - Error selecting radio button: Expected condition failed: waiting for element to be clickable: By.xpath: (//input[@type='radio' and @value='false'])[13] (tried for 10 second(s) with 500 milliseconds interval)
Build info: version: '4.27.0', revision: 'd6e718d134'
System info: os.name: 'Windows 11', os.arch: 'amd64', os.version: '10.0', java.version: '21.0.3'
Driver info: org.openqa.selenium.chrome.ChromeDriver
Capabilities {acceptInsecureCerts: false, browserName: chrome, browserVersion: 132.0.6834.197, chrome: {chromedriverVersion: 132.0.6834.159 (2d77d3fc445..., userDataDir: C:\Users\INGRID~1.ZAD\AppDa...}, fedcm:accounts: true, goog:chromeOptions: {debuggerAddress: localhost:50920}, networkConnectionEnabled: false, pageLoadStrategy: normal, platformName: windows, proxy: Proxy(), se:cdp: ws://localhost:50920/devtoo..., se:cdpVersion: 132.0.6834.197, setWindowRect: true, strictFileInteractability: false, timeouts: {implicit: 0, pageLoad: 300000, script: 30000}, unhandledPromptBehavior: dismiss and notify, webauthn:extension:credBlob: true, webauthn:extension:largeBlob: true, webauthn:extension:minPinLength: true, webauthn:extension:prf: true, webauthn:virtualAuthenticators: true}
Session ID: be9a6d291ce6708c36b80dcb1b006ffe
2025-02-13 13:57:16 [main] INFO  l.i.u.t.SubmittedApplicationsPageTest - Marking 'Ne' radio button 6
2025-02-13 13:57:26 [main] ERROR l.i.u.p.SubmittedApplicationsPage - Error selecting radio button: Expected condition failed: waiting for element to be clickable: By.xpath: (//input[@type='radio' and @value='true'])[14] (tried for 10 second(s) with 500 milliseconds interval)
Build info: version: '4.27.0', revision: 'd6e718d134'
System info: os.name: 'Windows 11', os.arch: 'amd64', os.version: '10.0', java.version: '21.0.3'
Driver info: org.openqa.selenium.chrome.ChromeDriver
Capabilities {acceptInsecureCerts: false, browserName: chrome, browserVersion: 132.0.6834.197, chrome: {chromedriverVersion: 132.0.6834.159 (2d77d3fc445..., userDataDir: C:\Users\INGRID~1.ZAD\AppDa...}, fedcm:accounts: true, goog:chromeOptions: {debuggerAddress: localhost:50920}, networkConnectionEnabled: false, pageLoadStrategy: normal, platformName: windows, proxy: Proxy(), se:cdp: ws://localhost:50920/devtoo..., se:cdpVersion: 132.0.6834.197, setWindowRect: true, strictFileInteractability: false, timeouts: {implicit: 0, pageLoad: 300000, script: 30000}, unhandledPromptBehavior: dismiss and notify, webauthn:extension:credBlob: true, webauthn:extension:largeBlob: true, webauthn:extension:minPinLength: true, webauthn:extension:prf: true, webauthn:virtualAuthenticators: true}
Session ID: be9a6d291ce6708c36b80dcb1b006ffe
2025-02-13 13:57:26 [main] INFO  l.i.u.t.SubmittedApplicationsPageTest - Marking 'Taip' radio button 7
2025-02-13 13:57:36 [main] ERROR l.i.u.p.SubmittedApplicationsPage - Error selecting radio button: Expected condition failed: waiting for element to be clickable: By.xpath: (//input[@type='radio' and @value='true'])[15] (tried for 10 second(s) with 500 milliseconds interval)
Build info: version: '4.27.0', revision: 'd6e718d134'
System info: os.name: 'Windows 11', os.arch: 'amd64', os.version: '10.0', java.version: '21.0.3'
Driver info: org.openqa.selenium.chrome.ChromeDriver
Capabilities {acceptInsecureCerts: false, browserName: chrome, browserVersion: 132.0.6834.197, chrome: {chromedriverVersion: 132.0.6834.159 (2d77d3fc445..., userDataDir: C:\Users\INGRID~1.ZAD\AppDa...}, fedcm:accounts: true, goog:chromeOptions: {debuggerAddress: localhost:50920}, networkConnectionEnabled: false, pageLoadStrategy: normal, platformName: windows, proxy: Proxy(), se:cdp: ws://localhost:50920/devtoo..., se:cdpVersion: 132.0.6834.197, setWindowRect: true, strictFileInteractability: false, timeouts: {implicit: 0, pageLoad: 300000, script: 30000}, unhandledPromptBehavior: dismiss and notify, webauthn:extension:credBlob: true, webauthn:extension:largeBlob: true, webauthn:extension:minPinLength: true, webauthn:extension:prf: true, webauthn:virtualAuthenticators: true}
Session ID: be9a6d291ce6708c36b80dcb1b006ffe
2025-02-13 13:57:36 [main] INFO  l.i.u.t.SubmittedApplicationsPageTest - Marking 'Taip' radio button 8
2025-02-13 13:57:46 [main] ERROR l.i.u.p.SubmittedApplicationsPage - Error selecting radio button: Expected condition failed: waiting for element to be clickable: By.xpath: (//input[@type='radio' and @value='true'])[16] (tried for 10 second(s) with 500 milliseconds interval)
Build info: version: '4.27.0', revision: 'd6e718d134'
System info: os.name: 'Windows 11', os.arch: 'amd64', os.version: '10.0', java.version: '21.0.3'
Driver info: org.openqa.selenium.chrome.ChromeDriver
Capabilities {acceptInsecureCerts: false, browserName: chrome, browserVersion: 132.0.6834.197, chrome: {chromedriverVersion: 132.0.6834.159 (2d77d3fc445..., userDataDir: C:\Users\INGRID~1.ZAD\AppDa...}, fedcm:accounts: true, goog:chromeOptions: {debuggerAddress: localhost:50920}, networkConnectionEnabled: false, pageLoadStrategy: normal, platformName: windows, proxy: Proxy(), se:cdp: ws://localhost:50920/devtoo..., se:cdpVersion: 132.0.6834.197, setWindowRect: true, strictFileInteractability: false, timeouts: {implicit: 0, pageLoad: 300000, script: 30000}, unhandledPromptBehavior: dismiss and notify, webauthn:extension:credBlob: true, webauthn:extension:largeBlob: true, webauthn:extension:minPinLength: true, webauthn:extension:prf: true, webauthn:virtualAuthenticators: true}
Session ID: be9a6d291ce6708c36b80dcb1b006ffe
2025-02-13 13:57:46 [main] INFO  l.i.u.t.SubmittedApplicationsPageTest - Marking 'Taip' radio button 9
2025-02-13 13:57:56 [main] ERROR l.i.u.p.SubmittedApplicationsPage - Error selecting radio button: Expected condition failed: waiting for element to be clickable: By.xpath: (//input[@type='radio' and @value='true'])[17] (tried for 10 second(s) with 500 milliseconds interval)
Build info: version: '4.27.0', revision: 'd6e718d134'
System info: os.name: 'Windows 11', os.arch: 'amd64', os.version: '10.0', java.version: '21.0.3'
Driver info: org.openqa.selenium.chrome.ChromeDriver
Capabilities {acceptInsecureCerts: false, browserName: chrome, browserVersion: 132.0.6834.197, chrome: {chromedriverVersion: 132.0.6834.159 (2d77d3fc445..., userDataDir: C:\Users\INGRID~1.ZAD\AppDa...}, fedcm:accounts: true, goog:chromeOptions: {debuggerAddress: localhost:50920}, networkConnectionEnabled: false, pageLoadStrategy: normal, platformName: windows, proxy: Proxy(), se:cdp: ws://localhost:50920/devtoo..., se:cdpVersion: 132.0.6834.197, setWindowRect: true, strictFileInteractability: false, timeouts: {implicit: 0, pageLoad: 300000, script: 30000}, unhandledPromptBehavior: dismiss and notify, webauthn:extension:credBlob: true, webauthn:extension:largeBlob: true, webauthn:extension:minPinLength: true, webauthn:extension:prf: true, webauthn:virtualAuthenticators: true}
Session ID: be9a6d291ce6708c36b80dcb1b006ffe
2025-02-13 13:57:56 [main] INFO  l.i.u.t.SubmittedApplicationsPageTest - Marking 'Taip' radio button 10
2025-02-13 13:58:06 [main] ERROR l.i.u.p.SubmittedApplicationsPage - Error selecting radio button: Expected condition failed: waiting for element to be clickable: By.xpath: (//input[@type='radio' and @value='true'])[18] (tried for 10 second(s) with 500 milliseconds interval)
Build info: version: '4.27.0', revision: 'd6e718d134'
System info: os.name: 'Windows 11', os.arch: 'amd64', os.version: '10.0', java.version: '21.0.3'
Driver info: org.openqa.selenium.chrome.ChromeDriver
Capabilities {acceptInsecureCerts: false, browserName: chrome, browserVersion: 132.0.6834.197, chrome: {chromedriverVersion: 132.0.6834.159 (2d77d3fc445..., userDataDir: C:\Users\INGRID~1.ZAD\AppDa...}, fedcm:accounts: true, goog:chromeOptions: {debuggerAddress: localhost:50920}, networkConnectionEnabled: false, pageLoadStrategy: normal, platformName: windows, proxy: Proxy(), se:cdp: ws://localhost:50920/devtoo..., se:cdpVersion: 132.0.6834.197, setWindowRect: true, strictFileInteractability: false, timeouts: {implicit: 0, pageLoad: 300000, script: 30000}, unhandledPromptBehavior: dismiss and notify, webauthn:extension:credBlob: true, webauthn:extension:largeBlob: true, webauthn:extension:minPinLength: true, webauthn:extension:prf: true, webauthn:virtualAuthenticators: true}
Session ID: be9a6d291ce6708c36b80dcb1b006ffe
2025-02-13 13:58:06 [main] INFO  l.i.u.t.SubmittedApplicationsPageTest - Marking 'Taip' radio button 11
2025-02-13 13:58:16 [main] ERROR l.i.u.p.SubmittedApplicationsPage - Error selecting radio button: Expected condition failed: waiting for element to be clickable: By.xpath: (//input[@type='radio' and @value='true'])[19] (tried for 10 second(s) with 500 milliseconds interval)
Build info: version: '4.27.0', revision: 'd6e718d134'
System info: os.name: 'Windows 11', os.arch: 'amd64', os.version: '10.0', java.version: '21.0.3'
Driver info: org.openqa.selenium.chrome.ChromeDriver
Capabilities {acceptInsecureCerts: false, browserName: chrome, browserVersion: 132.0.6834.197, chrome: {chromedriverVersion: 132.0.6834.159 (2d77d3fc445..., userDataDir: C:\Users\INGRID~1.ZAD\AppDa...}, fedcm:accounts: true, goog:chromeOptions: {debuggerAddress: localhost:50920}, networkConnectionEnabled: false, pageLoadStrategy: normal, platformName: windows, proxy: Proxy(), se:cdp: ws://localhost:50920/devtoo..., se:cdpVersion: 132.0.6834.197, setWindowRect: true, strictFileInteractability: false, timeouts: {implicit: 0, pageLoad: 300000, script: 30000}, unhandledPromptBehavior: dismiss and notify, webauthn:extension:credBlob: true, webauthn:extension:largeBlob: true, webauthn:extension:minPinLength: true, webauthn:extension:prf: true, webauthn:virtualAuthenticators: true}
Session ID: be9a6d291ce6708c36b80dcb1b006ffe
2025-02-13 13:58:17 [main] INFO  l.i.u.t.SubmittedApplicationsPageTest - Marking 'Taip' radio button 12
2025-02-13 13:58:27 [main] DEBUG l.i.u.t.SubmittedApplicationsPageTest - Checked 'ConfirmationStepFour'
2025-02-13 13:58:27 [main] DEBUG l.i.u.t.SubmittedApplicationsPageTest - Clicked 'Next' button after checkboxes.
2025-02-13 13:58:27 [main] INFO  l.i.u.p.SubmittedApplicationsPage - File uploaded successfully to an input element.
2025-02-13 13:58:27 [main] INFO  l.i.u.p.SubmittedApplicationsPage - File uploaded successfully to an input element.
2025-02-13 13:58:27 [main] INFO  l.i.u.p.SubmittedApplicationsPage - File uploaded successfully to an input element.
2025-02-13 13:58:27 [main] INFO  l.i.u.p.SubmittedApplicationsPage - File uploaded successfully to an input element.
2025-02-13 13:58:27 [main] INFO  l.i.u.p.SubmittedApplicationsPage - File uploaded successfully to an input element.
2025-02-13 13:58:27 [main] INFO  l.i.u.p.SubmittedApplicationsPage - File uploaded successfully to an input element.
2025-02-13 13:58:27 [main] INFO  l.i.u.p.SubmittedApplicationsPage - File uploaded successfully to an input element.
2025-02-13 13:58:27 [main] INFO  l.i.u.p.SubmittedApplicationsPage - File uploaded successfully to an input element.
2025-02-13 13:58:27 [main] INFO  l.i.u.p.SubmittedApplicationsPage - File uploaded successfully to an input element.
2025-02-13 13:58:27 [main] INFO  l.i.u.p.SubmittedApplicationsPage - File uploaded successfully to an input element.
2025-02-13 13:58:28 [main] DEBUG l.i.u.t.SubmittedApplicationsPageTest - Entered program name: 'Dokumentas 1'.
2025-02-13 13:58:28 [main] DEBUG l.i.u.t.SubmittedApplicationsPageTest - Entered program name: 'Dokumentas 2'.
2025-02-13 13:58:28 [main] DEBUG l.i.u.t.SubmittedApplicationsPageTest - Entered program name: 'Dokumentas 3'.
2025-02-13 13:58:28 [main] DEBUG l.i.u.t.SubmittedApplicationsPageTest - Entered program name: 'Dokumentas 4'.
2025-02-13 13:58:28 [main] DEBUG l.i.u.t.SubmittedApplicationsPageTest - Entered program name: 'Dokumentas 5'.
2025-02-13 13:58:29 [main] DEBUG l.i.u.t.SubmittedApplicationsPageTest - Entered program name: 'Dokumentas 6'.
2025-02-13 13:58:29 [main] DEBUG l.i.u.t.SubmittedApplicationsPageTest - Entered program name: 'Dokumentas 4'.
2025-02-13 13:58:29 [main] DEBUG l.i.u.t.SubmittedApplicationsPageTest - Entered program name: 'Dokumentas 8'.
2025-02-13 13:58:29 [main] DEBUG l.i.u.t.SubmittedApplicationsPageTest - Entered program name: 'Dokumentas 9'.
2025-02-13 13:58:29 [main] DEBUG l.i.u.t.SubmittedApplicationsPageTest - Entered program name: 'Dokumentas 10'.
2025-02-13 13:58:39 [main] DEBUG l.i.u.t.SubmittedApplicationsPageTest - Checked 'ConfirmationDocument'
2025-02-13 13:58:49 [main] DEBUG l.i.u.t.SubmittedApplicationsPageTest - Checked 'ConfirmationApplication'
2025-02-13 13:58:49 [main] DEBUG l.i.u.t.SubmittedApplicationsPageTest - Clicked 'SaveDraft' button after checkboxes.
2025-02-13 13:58:50 [main] DEBUG l.insoft.uztis.pages.InvitationsPage - Verified success message: 'Ruošinys sėkmingai išsaugotas.'
2025-02-13 13:58:50 [main] DEBUG l.i.u.t.SubmittedApplicationsPageTest - Clicked 'Review' button after checkboxes.
2025-02-13 13:59:00 [main] ERROR l.i.u.t.SubmittedApplicationsPageTest - Test 'testFillNewVUIApplicationFA' failed with error: no such element: Unable to locate element: {"method":"xpath","selector":"//common-button/button[contains(text(), 'Pateikti')]"}
  (Session info: chrome=132.0.6834.197)
For documentation on this error, please visit: https://www.selenium.dev/documentation/webdriver/troubleshooting/errors#no-such-element-exception
Build info: version: '4.27.0', revision: 'd6e718d134'
System info: os.name: 'Windows 11', os.arch: 'amd64', os.version: '10.0', java.version: '21.0.3'
Driver info: org.openqa.selenium.chrome.ChromeDriver
Command: [be9a6d291ce6708c36b80dcb1b006ffe, findElement {value=//common-button/button[contains(text(), 'Pateikti')], using=xpath}]
Capabilities {acceptInsecureCerts: false, browserName: chrome, browserVersion: 132.0.6834.197, chrome: {chromedriverVersion: 132.0.6834.159 (2d77d3fc445..., userDataDir: C:\Users\INGRID~1.ZAD\AppDa...}, fedcm:accounts: true, goog:chromeOptions: {debuggerAddress: localhost:50920}, networkConnectionEnabled: false, pageLoadStrategy: normal, platformName: windows, proxy: Proxy(), se:cdp: ws://localhost:50920/devtoo..., se:cdpVersion: 132.0.6834.197, setWindowRect: true, strictFileInteractability: false, timeouts: {implicit: 0, pageLoad: 300000, script: 30000}, unhandledPromptBehavior: dismiss and notify, webauthn:extension:credBlob: true, webauthn:extension:largeBlob: true, webauthn:extension:minPinLength: true, webauthn:extension:prf: true, webauthn:virtualAuthenticators: true}
Session ID: be9a6d291ce6708c36b80dcb1b006ffe
org.openqa.selenium.NoSuchElementException: no such element: Unable to locate element: {"method":"xpath","selector":"//common-button/button[contains(text(), 'Pateikti')]"}
  (Session info: chrome=132.0.6834.197)
For documentation on this error, please visit: https://www.selenium.dev/documentation/webdriver/troubleshooting/errors#no-such-element-exception
Build info: version: '4.27.0', revision: 'd6e718d134'
System info: os.name: 'Windows 11', os.arch: 'amd64', os.version: '10.0', java.version: '21.0.3'
Driver info: org.openqa.selenium.chrome.ChromeDriver
Command: [be9a6d291ce6708c36b80dcb1b006ffe, findElement {value=//common-button/button[contains(text(), 'Pateikti')], using=xpath}]
Capabilities {acceptInsecureCerts: false, browserName: chrome, browserVersion: 132.0.6834.197, chrome: {chromedriverVersion: 132.0.6834.159 (2d77d3fc445..., userDataDir: C:\Users\INGRID~1.ZAD\AppDa...}, fedcm:accounts: true, goog:chromeOptions: {debuggerAddress: localhost:50920}, networkConnectionEnabled: false, pageLoadStrategy: normal, platformName: windows, proxy: Proxy(), se:cdp: ws://localhost:50920/devtoo..., se:cdpVersion: 132.0.6834.197, setWindowRect: true, strictFileInteractability: false, timeouts: {implicit: 0, pageLoad: 300000, script: 30000}, unhandledPromptBehavior: dismiss and notify, webauthn:extension:credBlob: true, webauthn:extension:largeBlob: true, webauthn:extension:minPinLength: true, webauthn:extension:prf: true, webauthn:virtualAuthenticators: true}
Session ID: be9a6d291ce6708c36b80dcb1b006ffe
	at java.base/jdk.internal.reflect.DirectConstructorHandleAccessor.newInstance(DirectConstructorHandleAccessor.java:62)
	at java.base/java.lang.reflect.Constructor.newInstanceWithCaller(Constructor.java:502)
	at java.base/java.lang.reflect.Constructor.newInstance(Constructor.java:486)
	at org.openqa.selenium.remote.ErrorCodec.decode(ErrorCodec.java:167)
	at org.openqa.selenium.remote.codec.w3c.W3CHttpResponseCodec.decode(W3CHttpResponseCodec.java:138)
	at org.openqa.selenium.remote.codec.w3c.W3CHttpResponseCodec.decode(W3CHttpResponseCodec.java:50)
	at org.openqa.selenium.remote.HttpCommandExecutor.execute(HttpCommandExecutor.java:190)
	at org.openqa.selenium.remote.service.DriverCommandExecutor.invokeExecute(DriverCommandExecutor.java:216)
	at org.openqa.selenium.remote.service.DriverCommandExecutor.execute(DriverCommandExecutor.java:174)
	at org.openqa.selenium.remote.RemoteWebDriver.execute(RemoteWebDriver.java:545)
	at org.openqa.selenium.remote.ElementLocation$ElementFinder$2.findElement(ElementLocation.java:165)
	at org.openqa.selenium.remote.ElementLocation.findElement(ElementLocation.java:59)
	at org.openqa.selenium.remote.RemoteWebDriver.findElement(RemoteWebDriver.java:368)
	at org.openqa.selenium.remote.RemoteWebDriver.findElement(RemoteWebDriver.java:362)
	at org.openqa.selenium.support.pagefactory.DefaultElementLocator.findElement(DefaultElementLocator.java:68)
	at org.openqa.selenium.support.pagefactory.internal.LocatingElementHandler.invoke(LocatingElementHandler.java:38)
	at jdk.proxy2/jdk.proxy2.$Proxy14.isSelected(Unknown Source)
	at lt.insoft.uztis.pages.SubmittedApplicationsPage.clickButtonSubmit(SubmittedApplicationsPage.java:610)
	at lt.insoft.uztis.tests.SubmittedApplicationsPageTest.testFillNewVUIApplicationFA(SubmittedApplicationsPageTest.java:447)
	at java.base/jdk.internal.reflect.DirectMethodHandleAccessor.invoke(DirectMethodHandleAccessor.java:103)
	at java.base/java.lang.reflect.Method.invoke(Method.java:580)
	at org.junit.platform.commons.util.ReflectionUtils.invokeMethod(ReflectionUtils.java:728)
	at org.junit.jupiter.engine.execution.MethodInvocation.proceed(MethodInvocation.java:60)
	at org.junit.jupiter.engine.execution.InvocationInterceptorChain$ValidatingInvocation.proceed(InvocationInterceptorChain.java:131)
	at org.junit.jupiter.engine.extension.TimeoutExtension.intercept(TimeoutExtension.java:156)
	at org.junit.jupiter.engine.extension.TimeoutExtension.interceptTestableMethod(TimeoutExtension.java:147)
	at org.junit.jupiter.engine.extension.TimeoutExtension.interceptTestMethod(TimeoutExtension.java:86)
	at org.junit.jupiter.engine.execution.InterceptingExecutableInvoker$ReflectiveInterceptorCall.lambda$ofVoidMethod$0(InterceptingExecutableInvoker.java:103)
	at org.junit.jupiter.engine.execution.InterceptingExecutableInvoker.lambda$invoke$0(InterceptingExecutableInvoker.java:93)
	at org.junit.jupiter.engine.execution.InvocationInterceptorChain$InterceptedInvocation.proceed(InvocationInterceptorChain.java:106)
	at org.junit.jupiter.engine.execution.InvocationInterceptorChain.proceed(InvocationInterceptorChain.java:64)
	at org.junit.jupiter.engine.execution.InvocationInterceptorChain.chainAndInvoke(InvocationInterceptorChain.java:45)
	at org.junit.jupiter.engine.execution.InvocationInterceptorChain.invoke(InvocationInterceptorChain.java:37)
	at org.junit.jupiter.engine.execution.InterceptingExecutableInvoker.invoke(InterceptingExecutableInvoker.java:92)
	at org.junit.jupiter.engine.execution.InterceptingExecutableInvoker.invoke(InterceptingExecutableInvoker.java:86)
	at org.junit.jupiter.engine.descriptor.TestMethodTestDescriptor.lambda$invokeTestMethod$7(TestMethodTestDescriptor.java:218)
	at org.junit.platform.engine.support.hierarchical.ThrowableCollector.execute(ThrowableCollector.java:73)
	at org.junit.jupiter.engine.descriptor.TestMethodTestDescriptor.invokeTestMethod(TestMethodTestDescriptor.java:214)
	at org.junit.jupiter.engine.descriptor.TestMethodTestDescriptor.execute(TestMethodTestDescriptor.java:139)
	at org.junit.jupiter.engine.descriptor.TestMethodTestDescriptor.execute(TestMethodTestDescriptor.java:69)
	at org.junit.platform.engine.support.hierarchical.NodeTestTask.lambda$executeRecursively$6(NodeTestTask.java:151)
	at org.junit.platform.engine.support.hierarchical.ThrowableCollector.execute(ThrowableCollector.java:73)
	at org.junit.platform.engine.support.hierarchical.NodeTestTask.lambda$executeRecursively$8(NodeTestTask.java:141)
	at org.junit.platform.engine.support.hierarchical.Node.around(Node.java:137)
	at org.junit.platform.engine.support.hierarchical.NodeTestTask.lambda$executeRecursively$9(NodeTestTask.java:139)
	at org.junit.platform.engine.support.hierarchical.ThrowableCollector.execute(ThrowableCollector.java:73)
	at org.junit.platform.engine.support.hierarchical.NodeTestTask.executeRecursively(NodeTestTask.java:138)
	at org.junit.platform.engine.support.hierarchical.NodeTestTask.execute(NodeTestTask.java:95)
	at java.base/java.util.ArrayList.forEach(ArrayList.java:1596)
	at org.junit.platform.engine.support.hierarchical.SameThreadHierarchicalTestExecutorService.invokeAll(SameThreadHierarchicalTestExecutorService.java:41)
	at org.junit.platform.engine.support.hierarchical.NodeTestTask.lambda$executeRecursively$6(NodeTestTask.java:155)
	at org.junit.platform.engine.support.hierarchical.ThrowableCollector.execute(ThrowableCollector.java:73)
	at org.junit.platform.engine.support.hierarchical.NodeTestTask.lambda$executeRecursively$8(NodeTestTask.java:141)
	at org.junit.platform.engine.support.hierarchical.Node.around(Node.java:137)
	at org.junit.platform.engine.support.hierarchical.NodeTestTask.lambda$executeRecursively$9(NodeTestTask.java:139)
	at org.junit.platform.engine.support.hierarchical.ThrowableCollector.execute(ThrowableCollector.java:73)
	at org.junit.platform.engine.support.hierarchical.NodeTestTask.executeRecursively(NodeTestTask.java:138)
	at org.junit.platform.engine.support.hierarchical.NodeTestTask.execute(NodeTestTask.java:95)
	at java.base/java.util.ArrayList.forEach(ArrayList.java:1596)
	at org.junit.platform.engine.support.hierarchical.SameThreadHierarchicalTestExecutorService.invokeAll(SameThreadHierarchicalTestExecutorService.java:41)
	at org.junit.platform.engine.support.hierarchical.NodeTestTask.lambda$executeRecursively$6(NodeTestTask.java:155)
	at org.junit.platform.engine.support.hierarchical.ThrowableCollector.execute(ThrowableCollector.java:73)
	at org.junit.platform.engine.support.hierarchical.NodeTestTask.lambda$executeRecursively$8(NodeTestTask.java:141)
	at org.junit.platform.engine.support.hierarchical.Node.around(Node.java:137)
	at org.junit.platform.engine.support.hierarchical.NodeTestTask.lambda$executeRecursively$9(NodeTestTask.java:139)
	at org.junit.platform.engine.support.hierarchical.ThrowableCollector.execute(ThrowableCollector.java:73)
	at org.junit.platform.engine.support.hierarchical.NodeTestTask.executeRecursively(NodeTestTask.java:138)
	at org.junit.platform.engine.support.hierarchical.NodeTestTask.execute(NodeTestTask.java:95)
	at org.junit.platform.engine.support.hierarchical.SameThreadHierarchicalTestExecutorService.submit(SameThreadHierarchicalTestExecutorService.java:35)
	at org.junit.platform.engine.support.hierarchical.HierarchicalTestExecutor.execute(HierarchicalTestExecutor.java:57)
	at org.junit.platform.engine.support.hierarchical.HierarchicalTestEngine.execute(HierarchicalTestEngine.java:54)
	at org.junit.platform.launcher.core.EngineExecutionOrchestrator.execute(EngineExecutionOrchestrator.java:198)
	at org.junit.platform.launcher.core.EngineExecutionOrchestrator.execute(EngineExecutionOrchestrator.java:169)
	at org.junit.platform.launcher.core.EngineExecutionOrchestrator.execute(EngineExecutionOrchestrator.java:93)
	at org.junit.platform.launcher.core.EngineExecutionOrchestrator.lambda$execute$0(EngineExecutionOrchestrator.java:58)
	at org.junit.platform.launcher.core.EngineExecutionOrchestrator.withInterceptedStreams(EngineExecutionOrchestrator.java:141)
	at org.junit.platform.launcher.core.EngineExecutionOrchestrator.execute(EngineExecutionOrchestrator.java:57)
	at org.junit.platform.launcher.core.DefaultLauncher.execute(DefaultLauncher.java:103)
	at org.junit.platform.launcher.core.DefaultLauncher.execute(DefaultLauncher.java:85)
	at org.junit.platform.launcher.core.DelegatingLauncher.execute(DelegatingLauncher.java:47)
	at org.junit.platform.launcher.core.SessionPerRequestLauncher.execute(SessionPerRequestLauncher.java:63)
	at com.intellij.junit5.JUnit5IdeaTestRunner.startRunnerWithArgs(JUnit5IdeaTestRunner.java:57)
	at com.intellij.rt.junit.IdeaTestRunner$Repeater$1.execute(IdeaTestRunner.java:38)
	at com.intellij.rt.execution.junit.TestsRepeater.repeat(TestsRepeater.java:11)
	at com.intellij.rt.junit.IdeaTestRunner$Repeater.startRunnerWithArgs(IdeaTestRunner.java:35)
	at com.intellij.rt.junit.JUnitStarter.prepareStreamsAndStart(JUnitStarter.java:232)
	at com.intellij.rt.junit.JUnitStarter.main(JUnitStarter.java:55)
2025-02-13 13:59:00 [main] INFO  l.insoft.uztis.tests.utils.TestUtils - Screenshot moved to C:\Users\ingrida.zadorozniene\Desktop\Asm\UZTIS\UZTIS_tests\test-output\screenshots\20250213\135900498_testFillNewVUIApplicationFA().png
2025-02-13 15:16:43 [main] INFO  lt.insoft.uztis.tests.UztisPageTest - Navigated to https://uztisdev.asseco.lt/home
2025-02-13 15:16:43 [main] INFO  l.i.uztis.tests.EvaluationsPageTest - Starting test:'testFillEvaluationTwo'
2025-02-13 15:16:43 [main] INFO  l.i.uztis.tests.EvaluationsPageTest - Starting test:'testNavigateToEvaluationsPage'
2025-02-13 15:16:44 [main] DEBUG l.i.uztis.tests.EvaluationsPageTest - User logged in with test credentials
2025-02-13 15:16:44 [main] DEBUG l.i.uztis.tests.EvaluationsPageTest - Opened 'Application Processing' menu.
2025-02-13 15:16:44 [main] DEBUG l.i.uztis.tests.EvaluationsPageTest - Clicked on 'Evaluations' menu.
2025-02-13 15:16:44 [main] DEBUG l.i.uztis.tests.EvaluationsPageTest - Navigating to evaluations menu.
2025-02-13 15:16:44 [main] INFO  l.i.uztis.tests.EvaluationsPageTest - Test 'testNavigateToEvaluationsPage' completed successfully.
2025-02-13 15:16:44 [main] DEBUG l.i.uztis.tests.EvaluationsPageTest - Clicked on last evaluation.
2025-02-13 15:16:45 [main] DEBUG l.i.uztis.tests.EvaluationsPageTest - Clicked 'Edit'.
2025-02-13 15:16:46 [main] DEBUG l.i.uztis.tests.EvaluationsPageTest - Entered commission date.
2025-02-13 15:16:56 [main] ERROR l.i.uztis.tests.EvaluationsPageTest - Test 'testFillEvaluationTwo' failed with error: no such element: Unable to locate element: {"method":"xpath","selector":"//input[contains(@id, 'mat-radio') and @name='mat-radio-group-76' and @value='true']"}
  (Session info: chrome=132.0.6834.197)
For documentation on this error, please visit: https://www.selenium.dev/documentation/webdriver/troubleshooting/errors#no-such-element-exception
Build info: version: '4.27.0', revision: 'd6e718d134'
System info: os.name: 'Windows 11', os.arch: 'amd64', os.version: '10.0', java.version: '21.0.3'
Driver info: org.openqa.selenium.chrome.ChromeDriver
Command: [c97ae4fb7fe9154077651fcd0515a426, findElement {using=xpath, value=//input[contains(@id, 'mat-radio') and @name='mat-radio-group-76' and @value='true']}]
Capabilities {acceptInsecureCerts: false, browserName: chrome, browserVersion: 132.0.6834.197, chrome: {chromedriverVersion: 132.0.6834.159 (2d77d3fc445..., userDataDir: C:\Users\INGRID~1.ZAD\AppDa...}, fedcm:accounts: true, goog:chromeOptions: {debuggerAddress: localhost:52351}, networkConnectionEnabled: false, pageLoadStrategy: normal, platformName: windows, proxy: Proxy(), se:cdp: ws://localhost:52351/devtoo..., se:cdpVersion: 132.0.6834.197, setWindowRect: true, strictFileInteractability: false, timeouts: {implicit: 0, pageLoad: 300000, script: 30000}, unhandledPromptBehavior: dismiss and notify, webauthn:extension:credBlob: true, webauthn:extension:largeBlob: true, webauthn:extension:minPinLength: true, webauthn:extension:prf: true, webauthn:virtualAuthenticators: true}
Session ID: c97ae4fb7fe9154077651fcd0515a426
org.openqa.selenium.NoSuchElementException: no such element: Unable to locate element: {"method":"xpath","selector":"//input[contains(@id, 'mat-radio') and @name='mat-radio-group-76' and @value='true']"}
  (Session info: chrome=132.0.6834.197)
For documentation on this error, please visit: https://www.selenium.dev/documentation/webdriver/troubleshooting/errors#no-such-element-exception
Build info: version: '4.27.0', revision: 'd6e718d134'
System info: os.name: 'Windows 11', os.arch: 'amd64', os.version: '10.0', java.version: '21.0.3'
Driver info: org.openqa.selenium.chrome.ChromeDriver
Command: [c97ae4fb7fe9154077651fcd0515a426, findElement {using=xpath, value=//input[contains(@id, 'mat-radio') and @name='mat-radio-group-76' and @value='true']}]
Capabilities {acceptInsecureCerts: false, browserName: chrome, browserVersion: 132.0.6834.197, chrome: {chromedriverVersion: 132.0.6834.159 (2d77d3fc445..., userDataDir: C:\Users\INGRID~1.ZAD\AppDa...}, fedcm:accounts: true, goog:chromeOptions: {debuggerAddress: localhost:52351}, networkConnectionEnabled: false, pageLoadStrategy: normal, platformName: windows, proxy: Proxy(), se:cdp: ws://localhost:52351/devtoo..., se:cdpVersion: 132.0.6834.197, setWindowRect: true, strictFileInteractability: false, timeouts: {implicit: 0, pageLoad: 300000, script: 30000}, unhandledPromptBehavior: dismiss and notify, webauthn:extension:credBlob: true, webauthn:extension:largeBlob: true, webauthn:extension:minPinLength: true, webauthn:extension:prf: true, webauthn:virtualAuthenticators: true}
Session ID: c97ae4fb7fe9154077651fcd0515a426
	at java.base/jdk.internal.reflect.DirectConstructorHandleAccessor.newInstance(DirectConstructorHandleAccessor.java:62)
	at java.base/java.lang.reflect.Constructor.newInstanceWithCaller(Constructor.java:502)
	at java.base/java.lang.reflect.Constructor.newInstance(Constructor.java:486)
	at org.openqa.selenium.remote.ErrorCodec.decode(ErrorCodec.java:167)
	at org.openqa.selenium.remote.codec.w3c.W3CHttpResponseCodec.decode(W3CHttpResponseCodec.java:138)
	at org.openqa.selenium.remote.codec.w3c.W3CHttpResponseCodec.decode(W3CHttpResponseCodec.java:50)
	at org.openqa.selenium.remote.HttpCommandExecutor.execute(HttpCommandExecutor.java:190)
	at org.openqa.selenium.remote.service.DriverCommandExecutor.invokeExecute(DriverCommandExecutor.java:216)
	at org.openqa.selenium.remote.service.DriverCommandExecutor.execute(DriverCommandExecutor.java:174)
	at org.openqa.selenium.remote.RemoteWebDriver.execute(RemoteWebDriver.java:545)
	at org.openqa.selenium.remote.ElementLocation$ElementFinder$2.findElement(ElementLocation.java:165)
	at org.openqa.selenium.remote.ElementLocation.findElement(ElementLocation.java:59)
	at org.openqa.selenium.remote.RemoteWebDriver.findElement(RemoteWebDriver.java:368)
	at org.openqa.selenium.remote.RemoteWebDriver.findElement(RemoteWebDriver.java:362)
	at org.openqa.selenium.support.pagefactory.DefaultElementLocator.findElement(DefaultElementLocator.java:68)
	at org.openqa.selenium.support.pagefactory.internal.LocatingElementHandler.invoke(LocatingElementHandler.java:38)
	at jdk.proxy2/jdk.proxy2.$Proxy14.isSelected(Unknown Source)
	at lt.insoft.uztis.pages.EvaluationsPage.clickRadioButtonWithoutCommissionNO(EvaluationsPage.java:373)
	at lt.insoft.uztis.tests.EvaluationsPageTest.testFillEvaluationTwo(EvaluationsPageTest.java:190)
	at java.base/jdk.internal.reflect.DirectMethodHandleAccessor.invoke(DirectMethodHandleAccessor.java:103)
	at java.base/java.lang.reflect.Method.invoke(Method.java:580)
	at org.junit.platform.commons.util.ReflectionUtils.invokeMethod(ReflectionUtils.java:728)
	at org.junit.jupiter.engine.execution.MethodInvocation.proceed(MethodInvocation.java:60)
	at org.junit.jupiter.engine.execution.InvocationInterceptorChain$ValidatingInvocation.proceed(InvocationInterceptorChain.java:131)
	at org.junit.jupiter.engine.extension.TimeoutExtension.intercept(TimeoutExtension.java:156)
	at org.junit.jupiter.engine.extension.TimeoutExtension.interceptTestableMethod(TimeoutExtension.java:147)
	at org.junit.jupiter.engine.extension.TimeoutExtension.interceptTestMethod(TimeoutExtension.java:86)
	at org.junit.jupiter.engine.execution.InterceptingExecutableInvoker$ReflectiveInterceptorCall.lambda$ofVoidMethod$0(InterceptingExecutableInvoker.java:103)
	at org.junit.jupiter.engine.execution.InterceptingExecutableInvoker.lambda$invoke$0(InterceptingExecutableInvoker.java:93)
	at org.junit.jupiter.engine.execution.InvocationInterceptorChain$InterceptedInvocation.proceed(InvocationInterceptorChain.java:106)
	at org.junit.jupiter.engine.execution.InvocationInterceptorChain.proceed(InvocationInterceptorChain.java:64)
	at org.junit.jupiter.engine.execution.InvocationInterceptorChain.chainAndInvoke(InvocationInterceptorChain.java:45)
	at org.junit.jupiter.engine.execution.InvocationInterceptorChain.invoke(InvocationInterceptorChain.java:37)
	at org.junit.jupiter.engine.execution.InterceptingExecutableInvoker.invoke(InterceptingExecutableInvoker.java:92)
	at org.junit.jupiter.engine.execution.InterceptingExecutableInvoker.invoke(InterceptingExecutableInvoker.java:86)
	at org.junit.jupiter.engine.descriptor.TestMethodTestDescriptor.lambda$invokeTestMethod$7(TestMethodTestDescriptor.java:218)
	at org.junit.platform.engine.support.hierarchical.ThrowableCollector.execute(ThrowableCollector.java:73)
	at org.junit.jupiter.engine.descriptor.TestMethodTestDescriptor.invokeTestMethod(TestMethodTestDescriptor.java:214)
	at org.junit.jupiter.engine.descriptor.TestMethodTestDescriptor.execute(TestMethodTestDescriptor.java:139)
	at org.junit.jupiter.engine.descriptor.TestMethodTestDescriptor.execute(TestMethodTestDescriptor.java:69)
	at org.junit.platform.engine.support.hierarchical.NodeTestTask.lambda$executeRecursively$6(NodeTestTask.java:151)
	at org.junit.platform.engine.support.hierarchical.ThrowableCollector.execute(ThrowableCollector.java:73)
	at org.junit.platform.engine.support.hierarchical.NodeTestTask.lambda$executeRecursively$8(NodeTestTask.java:141)
	at org.junit.platform.engine.support.hierarchical.Node.around(Node.java:137)
	at org.junit.platform.engine.support.hierarchical.NodeTestTask.lambda$executeRecursively$9(NodeTestTask.java:139)
	at org.junit.platform.engine.support.hierarchical.ThrowableCollector.execute(ThrowableCollector.java:73)
	at org.junit.platform.engine.support.hierarchical.NodeTestTask.executeRecursively(NodeTestTask.java:138)
	at org.junit.platform.engine.support.hierarchical.NodeTestTask.execute(NodeTestTask.java:95)
	at java.base/java.util.ArrayList.forEach(ArrayList.java:1596)
	at org.junit.platform.engine.support.hierarchical.SameThreadHierarchicalTestExecutorService.invokeAll(SameThreadHierarchicalTestExecutorService.java:41)
	at org.junit.platform.engine.support.hierarchical.NodeTestTask.lambda$executeRecursively$6(NodeTestTask.java:155)
	at org.junit.platform.engine.support.hierarchical.ThrowableCollector.execute(ThrowableCollector.java:73)
	at org.junit.platform.engine.support.hierarchical.NodeTestTask.lambda$executeRecursively$8(NodeTestTask.java:141)
	at org.junit.platform.engine.support.hierarchical.Node.around(Node.java:137)
	at org.junit.platform.engine.support.hierarchical.NodeTestTask.lambda$executeRecursively$9(NodeTestTask.java:139)
	at org.junit.platform.engine.support.hierarchical.ThrowableCollector.execute(ThrowableCollector.java:73)
	at org.junit.platform.engine.support.hierarchical.NodeTestTask.executeRecursively(NodeTestTask.java:138)
	at org.junit.platform.engine.support.hierarchical.NodeTestTask.execute(NodeTestTask.java:95)
	at java.base/java.util.ArrayList.forEach(ArrayList.java:1596)
	at org.junit.platform.engine.support.hierarchical.SameThreadHierarchicalTestExecutorService.invokeAll(SameThreadHierarchicalTestExecutorService.java:41)
	at org.junit.platform.engine.support.hierarchical.NodeTestTask.lambda$executeRecursively$6(NodeTestTask.java:155)
	at org.junit.platform.engine.support.hierarchical.ThrowableCollector.execute(ThrowableCollector.java:73)
	at org.junit.platform.engine.support.hierarchical.NodeTestTask.lambda$executeRecursively$8(NodeTestTask.java:141)
	at org.junit.platform.engine.support.hierarchical.Node.around(Node.java:137)
	at org.junit.platform.engine.support.hierarchical.NodeTestTask.lambda$executeRecursively$9(NodeTestTask.java:139)
	at org.junit.platform.engine.support.hierarchical.ThrowableCollector.execute(ThrowableCollector.java:73)
	at org.junit.platform.engine.support.hierarchical.NodeTestTask.executeRecursively(NodeTestTask.java:138)
	at org.junit.platform.engine.support.hierarchical.NodeTestTask.execute(NodeTestTask.java:95)
	at org.junit.platform.engine.support.hierarchical.SameThreadHierarchicalTestExecutorService.submit(SameThreadHierarchicalTestExecutorService.java:35)
	at org.junit.platform.engine.support.hierarchical.HierarchicalTestExecutor.execute(HierarchicalTestExecutor.java:57)
	at org.junit.platform.engine.support.hierarchical.HierarchicalTestEngine.execute(HierarchicalTestEngine.java:54)
	at org.junit.platform.launcher.core.EngineExecutionOrchestrator.execute(EngineExecutionOrchestrator.java:198)
	at org.junit.platform.launcher.core.EngineExecutionOrchestrator.execute(EngineExecutionOrchestrator.java:169)
	at org.junit.platform.launcher.core.EngineExecutionOrchestrator.execute(EngineExecutionOrchestrator.java:93)
	at org.junit.platform.launcher.core.EngineExecutionOrchestrator.lambda$execute$0(EngineExecutionOrchestrator.java:58)
	at org.junit.platform.launcher.core.EngineExecutionOrchestrator.withInterceptedStreams(EngineExecutionOrchestrator.java:141)
	at org.junit.platform.launcher.core.EngineExecutionOrchestrator.execute(EngineExecutionOrchestrator.java:57)
	at org.junit.platform.launcher.core.DefaultLauncher.execute(DefaultLauncher.java:103)
	at org.junit.platform.launcher.core.DefaultLauncher.execute(DefaultLauncher.java:85)
	at org.junit.platform.launcher.core.DelegatingLauncher.execute(DelegatingLauncher.java:47)
	at org.junit.platform.launcher.core.SessionPerRequestLauncher.execute(SessionPerRequestLauncher.java:63)
	at com.intellij.junit5.JUnit5IdeaTestRunner.startRunnerWithArgs(JUnit5IdeaTestRunner.java:57)
	at com.intellij.rt.junit.IdeaTestRunner$Repeater$1.execute(IdeaTestRunner.java:38)
	at com.intellij.rt.execution.junit.TestsRepeater.repeat(TestsRepeater.java:11)
	at com.intellij.rt.junit.IdeaTestRunner$Repeater.startRunnerWithArgs(IdeaTestRunner.java:35)
	at com.intellij.rt.junit.JUnitStarter.prepareStreamsAndStart(JUnitStarter.java:232)
	at com.intellij.rt.junit.JUnitStarter.main(JUnitStarter.java:55)
2025-02-13 15:16:56 [main] INFO  l.insoft.uztis.tests.utils.TestUtils - Screenshot moved to C:\Users\ingrida.zadorozniene\Desktop\Asm\UZTIS\UZTIS_tests\test-output\screenshots\20250213\151656288_testFillEvaluationTwo().png
2025-02-13 15:19:25 [main] INFO  lt.insoft.uztis.tests.UztisPageTest - Navigated to https://uztisdev.asseco.lt/home
2025-02-13 15:19:25 [main] INFO  l.i.uztis.tests.EvaluationsPageTest - Starting test:'testFillEvaluationTwo'
2025-02-13 15:19:25 [main] INFO  l.i.uztis.tests.EvaluationsPageTest - Starting test:'testNavigateToEvaluationsPage'
2025-02-13 15:19:26 [main] DEBUG l.i.uztis.tests.EvaluationsPageTest - User logged in with test credentials
2025-02-13 15:19:26 [main] DEBUG l.i.uztis.tests.EvaluationsPageTest - Opened 'Application Processing' menu.
2025-02-13 15:19:26 [main] DEBUG l.i.uztis.tests.EvaluationsPageTest - Clicked on 'Evaluations' menu.
2025-02-13 15:19:26 [main] DEBUG l.i.uztis.tests.EvaluationsPageTest - Navigating to evaluations menu.
2025-02-13 15:19:26 [main] INFO  l.i.uztis.tests.EvaluationsPageTest - Test 'testNavigateToEvaluationsPage' completed successfully.
2025-02-13 15:19:27 [main] DEBUG l.i.uztis.tests.EvaluationsPageTest - Clicked on last evaluation.
2025-02-13 15:19:27 [main] DEBUG l.i.uztis.tests.EvaluationsPageTest - Clicked 'Edit'.
2025-02-13 15:19:28 [main] DEBUG l.i.uztis.tests.EvaluationsPageTest - Entered commission date.
2025-02-13 15:19:28 [main] DEBUG l.i.uztis.tests.EvaluationsPageTest - Selected 'Without Commission' radio button.
2025-02-13 15:19:38 [main] ERROR l.i.uztis.tests.EvaluationsPageTest - Test 'testFillEvaluationTwo' failed with error: no such element: Unable to locate element: {"method":"xpath","selector":"//mat-mdc-form-field[.//label[contains(., 'Komisijos pirmininkas')]]//input"}
  (Session info: chrome=132.0.6834.197)
For documentation on this error, please visit: https://www.selenium.dev/documentation/webdriver/troubleshooting/errors#no-such-element-exception
Build info: version: '4.27.0', revision: 'd6e718d134'
System info: os.name: 'Windows 11', os.arch: 'amd64', os.version: '10.0', java.version: '21.0.3'
Driver info: org.openqa.selenium.chrome.ChromeDriver
Command: [8ed6803950eb5654e1dd318c146e71d7, findElement {value=//mat-mdc-form-field[.//label[contains(., 'Komisijos pirmininkas')]]//input, using=xpath}]
Capabilities {acceptInsecureCerts: false, browserName: chrome, browserVersion: 132.0.6834.197, chrome: {chromedriverVersion: 132.0.6834.159 (2d77d3fc445..., userDataDir: C:\Users\INGRID~1.ZAD\AppDa...}, fedcm:accounts: true, goog:chromeOptions: {debuggerAddress: localhost:52452}, networkConnectionEnabled: false, pageLoadStrategy: normal, platformName: windows, proxy: Proxy(), se:cdp: ws://localhost:52452/devtoo..., se:cdpVersion: 132.0.6834.197, setWindowRect: true, strictFileInteractability: false, timeouts: {implicit: 0, pageLoad: 300000, script: 30000}, unhandledPromptBehavior: dismiss and notify, webauthn:extension:credBlob: true, webauthn:extension:largeBlob: true, webauthn:extension:minPinLength: true, webauthn:extension:prf: true, webauthn:virtualAuthenticators: true}
Session ID: 8ed6803950eb5654e1dd318c146e71d7
org.openqa.selenium.NoSuchElementException: no such element: Unable to locate element: {"method":"xpath","selector":"//mat-mdc-form-field[.//label[contains(., 'Komisijos pirmininkas')]]//input"}
  (Session info: chrome=132.0.6834.197)
For documentation on this error, please visit: https://www.selenium.dev/documentation/webdriver/troubleshooting/errors#no-such-element-exception
Build info: version: '4.27.0', revision: 'd6e718d134'
System info: os.name: 'Windows 11', os.arch: 'amd64', os.version: '10.0', java.version: '21.0.3'
Driver info: org.openqa.selenium.chrome.ChromeDriver
Command: [8ed6803950eb5654e1dd318c146e71d7, findElement {value=//mat-mdc-form-field[.//label[contains(., 'Komisijos pirmininkas')]]//input, using=xpath}]
Capabilities {acceptInsecureCerts: false, browserName: chrome, browserVersion: 132.0.6834.197, chrome: {chromedriverVersion: 132.0.6834.159 (2d77d3fc445..., userDataDir: C:\Users\INGRID~1.ZAD\AppDa...}, fedcm:accounts: true, goog:chromeOptions: {debuggerAddress: localhost:52452}, networkConnectionEnabled: false, pageLoadStrategy: normal, platformName: windows, proxy: Proxy(), se:cdp: ws://localhost:52452/devtoo..., se:cdpVersion: 132.0.6834.197, setWindowRect: true, strictFileInteractability: false, timeouts: {implicit: 0, pageLoad: 300000, script: 30000}, unhandledPromptBehavior: dismiss and notify, webauthn:extension:credBlob: true, webauthn:extension:largeBlob: true, webauthn:extension:minPinLength: true, webauthn:extension:prf: true, webauthn:virtualAuthenticators: true}
Session ID: 8ed6803950eb5654e1dd318c146e71d7
	at java.base/jdk.internal.reflect.DirectConstructorHandleAccessor.newInstance(DirectConstructorHandleAccessor.java:62)
	at java.base/java.lang.reflect.Constructor.newInstanceWithCaller(Constructor.java:502)
	at java.base/java.lang.reflect.Constructor.newInstance(Constructor.java:486)
	at org.openqa.selenium.remote.ErrorCodec.decode(ErrorCodec.java:167)
	at org.openqa.selenium.remote.codec.w3c.W3CHttpResponseCodec.decode(W3CHttpResponseCodec.java:138)
	at org.openqa.selenium.remote.codec.w3c.W3CHttpResponseCodec.decode(W3CHttpResponseCodec.java:50)
	at org.openqa.selenium.remote.HttpCommandExecutor.execute(HttpCommandExecutor.java:190)
	at org.openqa.selenium.remote.service.DriverCommandExecutor.invokeExecute(DriverCommandExecutor.java:216)
	at org.openqa.selenium.remote.service.DriverCommandExecutor.execute(DriverCommandExecutor.java:174)
	at org.openqa.selenium.remote.RemoteWebDriver.execute(RemoteWebDriver.java:545)
	at org.openqa.selenium.remote.ElementLocation$ElementFinder$2.findElement(ElementLocation.java:165)
	at org.openqa.selenium.remote.ElementLocation.findElement(ElementLocation.java:59)
	at org.openqa.selenium.remote.RemoteWebDriver.findElement(RemoteWebDriver.java:368)
	at org.openqa.selenium.remote.RemoteWebDriver.findElement(RemoteWebDriver.java:362)
	at org.openqa.selenium.support.pagefactory.DefaultElementLocator.findElement(DefaultElementLocator.java:68)
	at org.openqa.selenium.support.pagefactory.internal.LocatingElementHandler.invoke(LocatingElementHandler.java:38)
	at jdk.proxy2/jdk.proxy2.$Proxy14.clear(Unknown Source)
	at lt.insoft.uztis.pages.EvaluationsPage.enterChairmanName(EvaluationsPage.java:388)
	at lt.insoft.uztis.tests.EvaluationsPageTest.testFillEvaluationTwo(EvaluationsPageTest.java:194)
	at java.base/jdk.internal.reflect.DirectMethodHandleAccessor.invoke(DirectMethodHandleAccessor.java:103)
	at java.base/java.lang.reflect.Method.invoke(Method.java:580)
	at org.junit.platform.commons.util.ReflectionUtils.invokeMethod(ReflectionUtils.java:728)
	at org.junit.jupiter.engine.execution.MethodInvocation.proceed(MethodInvocation.java:60)
	at org.junit.jupiter.engine.execution.InvocationInterceptorChain$ValidatingInvocation.proceed(InvocationInterceptorChain.java:131)
	at org.junit.jupiter.engine.extension.TimeoutExtension.intercept(TimeoutExtension.java:156)
	at org.junit.jupiter.engine.extension.TimeoutExtension.interceptTestableMethod(TimeoutExtension.java:147)
	at org.junit.jupiter.engine.extension.TimeoutExtension.interceptTestMethod(TimeoutExtension.java:86)
	at org.junit.jupiter.engine.execution.InterceptingExecutableInvoker$ReflectiveInterceptorCall.lambda$ofVoidMethod$0(InterceptingExecutableInvoker.java:103)
	at org.junit.jupiter.engine.execution.InterceptingExecutableInvoker.lambda$invoke$0(InterceptingExecutableInvoker.java:93)
	at org.junit.jupiter.engine.execution.InvocationInterceptorChain$InterceptedInvocation.proceed(InvocationInterceptorChain.java:106)
	at org.junit.jupiter.engine.execution.InvocationInterceptorChain.proceed(InvocationInterceptorChain.java:64)
	at org.junit.jupiter.engine.execution.InvocationInterceptorChain.chainAndInvoke(InvocationInterceptorChain.java:45)
	at org.junit.jupiter.engine.execution.InvocationInterceptorChain.invoke(InvocationInterceptorChain.java:37)
	at org.junit.jupiter.engine.execution.InterceptingExecutableInvoker.invoke(InterceptingExecutableInvoker.java:92)
	at org.junit.jupiter.engine.execution.InterceptingExecutableInvoker.invoke(InterceptingExecutableInvoker.java:86)
	at org.junit.jupiter.engine.descriptor.TestMethodTestDescriptor.lambda$invokeTestMethod$7(TestMethodTestDescriptor.java:218)
	at org.junit.platform.engine.support.hierarchical.ThrowableCollector.execute(ThrowableCollector.java:73)
	at org.junit.jupiter.engine.descriptor.TestMethodTestDescriptor.invokeTestMethod(TestMethodTestDescriptor.java:214)
	at org.junit.jupiter.engine.descriptor.TestMethodTestDescriptor.execute(TestMethodTestDescriptor.java:139)
	at org.junit.jupiter.engine.descriptor.TestMethodTestDescriptor.execute(TestMethodTestDescriptor.java:69)
	at org.junit.platform.engine.support.hierarchical.NodeTestTask.lambda$executeRecursively$6(NodeTestTask.java:151)
	at org.junit.platform.engine.support.hierarchical.ThrowableCollector.execute(ThrowableCollector.java:73)
	at org.junit.platform.engine.support.hierarchical.NodeTestTask.lambda$executeRecursively$8(NodeTestTask.java:141)
	at org.junit.platform.engine.support.hierarchical.Node.around(Node.java:137)
	at org.junit.platform.engine.support.hierarchical.NodeTestTask.lambda$executeRecursively$9(NodeTestTask.java:139)
	at org.junit.platform.engine.support.hierarchical.ThrowableCollector.execute(ThrowableCollector.java:73)
	at org.junit.platform.engine.support.hierarchical.NodeTestTask.executeRecursively(NodeTestTask.java:138)
	at org.junit.platform.engine.support.hierarchical.NodeTestTask.execute(NodeTestTask.java:95)
	at java.base/java.util.ArrayList.forEach(ArrayList.java:1596)
	at org.junit.platform.engine.support.hierarchical.SameThreadHierarchicalTestExecutorService.invokeAll(SameThreadHierarchicalTestExecutorService.java:41)
	at org.junit.platform.engine.support.hierarchical.NodeTestTask.lambda$executeRecursively$6(NodeTestTask.java:155)
	at org.junit.platform.engine.support.hierarchical.ThrowableCollector.execute(ThrowableCollector.java:73)
	at org.junit.platform.engine.support.hierarchical.NodeTestTask.lambda$executeRecursively$8(NodeTestTask.java:141)
	at org.junit.platform.engine.support.hierarchical.Node.around(Node.java:137)
	at org.junit.platform.engine.support.hierarchical.NodeTestTask.lambda$executeRecursively$9(NodeTestTask.java:139)
	at org.junit.platform.engine.support.hierarchical.ThrowableCollector.execute(ThrowableCollector.java:73)
	at org.junit.platform.engine.support.hierarchical.NodeTestTask.executeRecursively(NodeTestTask.java:138)
	at org.junit.platform.engine.support.hierarchical.NodeTestTask.execute(NodeTestTask.java:95)
	at java.base/java.util.ArrayList.forEach(ArrayList.java:1596)
	at org.junit.platform.engine.support.hierarchical.SameThreadHierarchicalTestExecutorService.invokeAll(SameThreadHierarchicalTestExecutorService.java:41)
	at org.junit.platform.engine.support.hierarchical.NodeTestTask.lambda$executeRecursively$6(NodeTestTask.java:155)
	at org.junit.platform.engine.support.hierarchical.ThrowableCollector.execute(ThrowableCollector.java:73)
	at org.junit.platform.engine.support.hierarchical.NodeTestTask.lambda$executeRecursively$8(NodeTestTask.java:141)
	at org.junit.platform.engine.support.hierarchical.Node.around(Node.java:137)
	at org.junit.platform.engine.support.hierarchical.NodeTestTask.lambda$executeRecursively$9(NodeTestTask.java:139)
	at org.junit.platform.engine.support.hierarchical.ThrowableCollector.execute(ThrowableCollector.java:73)
	at org.junit.platform.engine.support.hierarchical.NodeTestTask.executeRecursively(NodeTestTask.java:138)
	at org.junit.platform.engine.support.hierarchical.NodeTestTask.execute(NodeTestTask.java:95)
	at org.junit.platform.engine.support.hierarchical.SameThreadHierarchicalTestExecutorService.submit(SameThreadHierarchicalTestExecutorService.java:35)
	at org.junit.platform.engine.support.hierarchical.HierarchicalTestExecutor.execute(HierarchicalTestExecutor.java:57)
	at org.junit.platform.engine.support.hierarchical.HierarchicalTestEngine.execute(HierarchicalTestEngine.java:54)
	at org.junit.platform.launcher.core.EngineExecutionOrchestrator.execute(EngineExecutionOrchestrator.java:198)
	at org.junit.platform.launcher.core.EngineExecutionOrchestrator.execute(EngineExecutionOrchestrator.java:169)
	at org.junit.platform.launcher.core.EngineExecutionOrchestrator.execute(EngineExecutionOrchestrator.java:93)
	at org.junit.platform.launcher.core.EngineExecutionOrchestrator.lambda$execute$0(EngineExecutionOrchestrator.java:58)
	at org.junit.platform.launcher.core.EngineExecutionOrchestrator.withInterceptedStreams(EngineExecutionOrchestrator.java:141)
	at org.junit.platform.launcher.core.EngineExecutionOrchestrator.execute(EngineExecutionOrchestrator.java:57)
	at org.junit.platform.launcher.core.DefaultLauncher.execute(DefaultLauncher.java:103)
	at org.junit.platform.launcher.core.DefaultLauncher.execute(DefaultLauncher.java:85)
	at org.junit.platform.launcher.core.DelegatingLauncher.execute(DelegatingLauncher.java:47)
	at org.junit.platform.launcher.core.SessionPerRequestLauncher.execute(SessionPerRequestLauncher.java:63)
	at com.intellij.junit5.JUnit5IdeaTestRunner.startRunnerWithArgs(JUnit5IdeaTestRunner.java:57)
	at com.intellij.rt.junit.IdeaTestRunner$Repeater$1.execute(IdeaTestRunner.java:38)
	at com.intellij.rt.execution.junit.TestsRepeater.repeat(TestsRepeater.java:11)
	at com.intellij.rt.junit.IdeaTestRunner$Repeater.startRunnerWithArgs(IdeaTestRunner.java:35)
	at com.intellij.rt.junit.JUnitStarter.prepareStreamsAndStart(JUnitStarter.java:232)
	at com.intellij.rt.junit.JUnitStarter.main(JUnitStarter.java:55)
2025-02-13 15:19:38 [main] INFO  l.insoft.uztis.tests.utils.TestUtils - Screenshot moved to C:\Users\ingrida.zadorozniene\Desktop\Asm\UZTIS\UZTIS_tests\test-output\screenshots\20250213\151938615_testFillEvaluationTwo().png
2025-02-13 15:20:14 [main] INFO  lt.insoft.uztis.tests.UztisPageTest - Navigated to https://uztisdev.asseco.lt/home
2025-02-13 15:20:14 [main] INFO  l.i.uztis.tests.EvaluationsPageTest - Starting test:'testFillEvaluationTwo'
2025-02-13 15:20:14 [main] INFO  l.i.uztis.tests.EvaluationsPageTest - Starting test:'testNavigateToEvaluationsPage'
2025-02-13 15:20:15 [main] DEBUG l.i.uztis.tests.EvaluationsPageTest - User logged in with test credentials
2025-02-13 15:20:15 [main] DEBUG l.i.uztis.tests.EvaluationsPageTest - Opened 'Application Processing' menu.
2025-02-13 15:20:15 [main] DEBUG l.i.uztis.tests.EvaluationsPageTest - Clicked on 'Evaluations' menu.
2025-02-13 15:20:15 [main] DEBUG l.i.uztis.tests.EvaluationsPageTest - Navigating to evaluations menu.
2025-02-13 15:20:15 [main] INFO  l.i.uztis.tests.EvaluationsPageTest - Test 'testNavigateToEvaluationsPage' completed successfully.
2025-02-13 15:20:16 [main] DEBUG l.i.uztis.tests.EvaluationsPageTest - Clicked on last evaluation.
2025-02-13 15:20:16 [main] DEBUG l.i.uztis.tests.EvaluationsPageTest - Clicked 'Edit'.
2025-02-13 15:20:17 [main] DEBUG l.i.uztis.tests.EvaluationsPageTest - Entered commission date.
2025-02-13 15:20:17 [main] DEBUG l.i.uztis.tests.EvaluationsPageTest - Selected 'Without Commission' radio button.
2025-02-13 15:20:27 [main] ERROR l.i.uztis.tests.EvaluationsPageTest - Test 'testFillEvaluationTwo' failed with error: no such element: Unable to locate element: {"method":"xpath","selector":"//mat-mdc-form-field[.//label[contains(., 'Komisijos pirmininkas')]]//input"}
  (Session info: chrome=132.0.6834.197)
For documentation on this error, please visit: https://www.selenium.dev/documentation/webdriver/troubleshooting/errors#no-such-element-exception
Build info: version: '4.27.0', revision: 'd6e718d134'
System info: os.name: 'Windows 11', os.arch: 'amd64', os.version: '10.0', java.version: '21.0.3'
Driver info: org.openqa.selenium.chrome.ChromeDriver
Command: [777cc6db33e3df33fb46b08c93b593ca, findElement {value=//mat-mdc-form-field[.//label[contains(., 'Komisijos pirmininkas')]]//input, using=xpath}]
Capabilities {acceptInsecureCerts: false, browserName: chrome, browserVersion: 132.0.6834.197, chrome: {chromedriverVersion: 132.0.6834.159 (2d77d3fc445..., userDataDir: C:\Users\INGRID~1.ZAD\AppDa...}, fedcm:accounts: true, goog:chromeOptions: {debuggerAddress: localhost:52499}, networkConnectionEnabled: false, pageLoadStrategy: normal, platformName: windows, proxy: Proxy(), se:cdp: ws://localhost:52499/devtoo..., se:cdpVersion: 132.0.6834.197, setWindowRect: true, strictFileInteractability: false, timeouts: {implicit: 0, pageLoad: 300000, script: 30000}, unhandledPromptBehavior: dismiss and notify, webauthn:extension:credBlob: true, webauthn:extension:largeBlob: true, webauthn:extension:minPinLength: true, webauthn:extension:prf: true, webauthn:virtualAuthenticators: true}
Session ID: 777cc6db33e3df33fb46b08c93b593ca
org.openqa.selenium.NoSuchElementException: no such element: Unable to locate element: {"method":"xpath","selector":"//mat-mdc-form-field[.//label[contains(., 'Komisijos pirmininkas')]]//input"}
  (Session info: chrome=132.0.6834.197)
For documentation on this error, please visit: https://www.selenium.dev/documentation/webdriver/troubleshooting/errors#no-such-element-exception
Build info: version: '4.27.0', revision: 'd6e718d134'
System info: os.name: 'Windows 11', os.arch: 'amd64', os.version: '10.0', java.version: '21.0.3'
Driver info: org.openqa.selenium.chrome.ChromeDriver
Command: [777cc6db33e3df33fb46b08c93b593ca, findElement {value=//mat-mdc-form-field[.//label[contains(., 'Komisijos pirmininkas')]]//input, using=xpath}]
Capabilities {acceptInsecureCerts: false, browserName: chrome, browserVersion: 132.0.6834.197, chrome: {chromedriverVersion: 132.0.6834.159 (2d77d3fc445..., userDataDir: C:\Users\INGRID~1.ZAD\AppDa...}, fedcm:accounts: true, goog:chromeOptions: {debuggerAddress: localhost:52499}, networkConnectionEnabled: false, pageLoadStrategy: normal, platformName: windows, proxy: Proxy(), se:cdp: ws://localhost:52499/devtoo..., se:cdpVersion: 132.0.6834.197, setWindowRect: true, strictFileInteractability: false, timeouts: {implicit: 0, pageLoad: 300000, script: 30000}, unhandledPromptBehavior: dismiss and notify, webauthn:extension:credBlob: true, webauthn:extension:largeBlob: true, webauthn:extension:minPinLength: true, webauthn:extension:prf: true, webauthn:virtualAuthenticators: true}
Session ID: 777cc6db33e3df33fb46b08c93b593ca
	at java.base/jdk.internal.reflect.DirectConstructorHandleAccessor.newInstance(DirectConstructorHandleAccessor.java:62)
	at java.base/java.lang.reflect.Constructor.newInstanceWithCaller(Constructor.java:502)
	at java.base/java.lang.reflect.Constructor.newInstance(Constructor.java:486)
	at org.openqa.selenium.remote.ErrorCodec.decode(ErrorCodec.java:167)
	at org.openqa.selenium.remote.codec.w3c.W3CHttpResponseCodec.decode(W3CHttpResponseCodec.java:138)
	at org.openqa.selenium.remote.codec.w3c.W3CHttpResponseCodec.decode(W3CHttpResponseCodec.java:50)
	at org.openqa.selenium.remote.HttpCommandExecutor.execute(HttpCommandExecutor.java:190)
	at org.openqa.selenium.remote.service.DriverCommandExecutor.invokeExecute(DriverCommandExecutor.java:216)
	at org.openqa.selenium.remote.service.DriverCommandExecutor.execute(DriverCommandExecutor.java:174)
	at org.openqa.selenium.remote.RemoteWebDriver.execute(RemoteWebDriver.java:545)
	at org.openqa.selenium.remote.ElementLocation$ElementFinder$2.findElement(ElementLocation.java:165)
	at org.openqa.selenium.remote.ElementLocation.findElement(ElementLocation.java:59)
	at org.openqa.selenium.remote.RemoteWebDriver.findElement(RemoteWebDriver.java:368)
	at org.openqa.selenium.remote.RemoteWebDriver.findElement(RemoteWebDriver.java:362)
	at org.openqa.selenium.support.pagefactory.DefaultElementLocator.findElement(DefaultElementLocator.java:68)
	at org.openqa.selenium.support.pagefactory.internal.LocatingElementHandler.invoke(LocatingElementHandler.java:38)
	at jdk.proxy2/jdk.proxy2.$Proxy14.clear(Unknown Source)
	at lt.insoft.uztis.pages.EvaluationsPage.enterChairmanName(EvaluationsPage.java:388)
	at lt.insoft.uztis.tests.EvaluationsPageTest.testFillEvaluationTwo(EvaluationsPageTest.java:194)
	at java.base/jdk.internal.reflect.DirectMethodHandleAccessor.invoke(DirectMethodHandleAccessor.java:103)
	at java.base/java.lang.reflect.Method.invoke(Method.java:580)
	at org.junit.platform.commons.util.ReflectionUtils.invokeMethod(ReflectionUtils.java:728)
	at org.junit.jupiter.engine.execution.MethodInvocation.proceed(MethodInvocation.java:60)
	at org.junit.jupiter.engine.execution.InvocationInterceptorChain$ValidatingInvocation.proceed(InvocationInterceptorChain.java:131)
	at org.junit.jupiter.engine.extension.TimeoutExtension.intercept(TimeoutExtension.java:156)
	at org.junit.jupiter.engine.extension.TimeoutExtension.interceptTestableMethod(TimeoutExtension.java:147)
	at org.junit.jupiter.engine.extension.TimeoutExtension.interceptTestMethod(TimeoutExtension.java:86)
	at org.junit.jupiter.engine.execution.InterceptingExecutableInvoker$ReflectiveInterceptorCall.lambda$ofVoidMethod$0(InterceptingExecutableInvoker.java:103)
	at org.junit.jupiter.engine.execution.InterceptingExecutableInvoker.lambda$invoke$0(InterceptingExecutableInvoker.java:93)
	at org.junit.jupiter.engine.execution.InvocationInterceptorChain$InterceptedInvocation.proceed(InvocationInterceptorChain.java:106)
	at org.junit.jupiter.engine.execution.InvocationInterceptorChain.proceed(InvocationInterceptorChain.java:64)
	at org.junit.jupiter.engine.execution.InvocationInterceptorChain.chainAndInvoke(InvocationInterceptorChain.java:45)
	at org.junit.jupiter.engine.execution.InvocationInterceptorChain.invoke(InvocationInterceptorChain.java:37)
	at org.junit.jupiter.engine.execution.InterceptingExecutableInvoker.invoke(InterceptingExecutableInvoker.java:92)
	at org.junit.jupiter.engine.execution.InterceptingExecutableInvoker.invoke(InterceptingExecutableInvoker.java:86)
	at org.junit.jupiter.engine.descriptor.TestMethodTestDescriptor.lambda$invokeTestMethod$7(TestMethodTestDescriptor.java:218)
	at org.junit.platform.engine.support.hierarchical.ThrowableCollector.execute(ThrowableCollector.java:73)
	at org.junit.jupiter.engine.descriptor.TestMethodTestDescriptor.invokeTestMethod(TestMethodTestDescriptor.java:214)
	at org.junit.jupiter.engine.descriptor.TestMethodTestDescriptor.execute(TestMethodTestDescriptor.java:139)
	at org.junit.jupiter.engine.descriptor.TestMethodTestDescriptor.execute(TestMethodTestDescriptor.java:69)
	at org.junit.platform.engine.support.hierarchical.NodeTestTask.lambda$executeRecursively$6(NodeTestTask.java:151)
	at org.junit.platform.engine.support.hierarchical.ThrowableCollector.execute(ThrowableCollector.java:73)
	at org.junit.platform.engine.support.hierarchical.NodeTestTask.lambda$executeRecursively$8(NodeTestTask.java:141)
	at org.junit.platform.engine.support.hierarchical.Node.around(Node.java:137)
	at org.junit.platform.engine.support.hierarchical.NodeTestTask.lambda$executeRecursively$9(NodeTestTask.java:139)
	at org.junit.platform.engine.support.hierarchical.ThrowableCollector.execute(ThrowableCollector.java:73)
	at org.junit.platform.engine.support.hierarchical.NodeTestTask.executeRecursively(NodeTestTask.java:138)
	at org.junit.platform.engine.support.hierarchical.NodeTestTask.execute(NodeTestTask.java:95)
	at java.base/java.util.ArrayList.forEach(ArrayList.java:1596)
	at org.junit.platform.engine.support.hierarchical.SameThreadHierarchicalTestExecutorService.invokeAll(SameThreadHierarchicalTestExecutorService.java:41)
	at org.junit.platform.engine.support.hierarchical.NodeTestTask.lambda$executeRecursively$6(NodeTestTask.java:155)
	at org.junit.platform.engine.support.hierarchical.ThrowableCollector.execute(ThrowableCollector.java:73)
	at org.junit.platform.engine.support.hierarchical.NodeTestTask.lambda$executeRecursively$8(NodeTestTask.java:141)
	at org.junit.platform.engine.support.hierarchical.Node.around(Node.java:137)
	at org.junit.platform.engine.support.hierarchical.NodeTestTask.lambda$executeRecursively$9(NodeTestTask.java:139)
	at org.junit.platform.engine.support.hierarchical.ThrowableCollector.execute(ThrowableCollector.java:73)
	at org.junit.platform.engine.support.hierarchical.NodeTestTask.executeRecursively(NodeTestTask.java:138)
	at org.junit.platform.engine.support.hierarchical.NodeTestTask.execute(NodeTestTask.java:95)
	at java.base/java.util.ArrayList.forEach(ArrayList.java:1596)
	at org.junit.platform.engine.support.hierarchical.SameThreadHierarchicalTestExecutorService.invokeAll(SameThreadHierarchicalTestExecutorService.java:41)
	at org.junit.platform.engine.support.hierarchical.NodeTestTask.lambda$executeRecursively$6(NodeTestTask.java:155)
	at org.junit.platform.engine.support.hierarchical.ThrowableCollector.execute(ThrowableCollector.java:73)
	at org.junit.platform.engine.support.hierarchical.NodeTestTask.lambda$executeRecursively$8(NodeTestTask.java:141)
	at org.junit.platform.engine.support.hierarchical.Node.around(Node.java:137)
	at org.junit.platform.engine.support.hierarchical.NodeTestTask.lambda$executeRecursively$9(NodeTestTask.java:139)
	at org.junit.platform.engine.support.hierarchical.ThrowableCollector.execute(ThrowableCollector.java:73)
	at org.junit.platform.engine.support.hierarchical.NodeTestTask.executeRecursively(NodeTestTask.java:138)
	at org.junit.platform.engine.support.hierarchical.NodeTestTask.execute(NodeTestTask.java:95)
	at org.junit.platform.engine.support.hierarchical.SameThreadHierarchicalTestExecutorService.submit(SameThreadHierarchicalTestExecutorService.java:35)
	at org.junit.platform.engine.support.hierarchical.HierarchicalTestExecutor.execute(HierarchicalTestExecutor.java:57)
	at org.junit.platform.engine.support.hierarchical.HierarchicalTestEngine.execute(HierarchicalTestEngine.java:54)
	at org.junit.platform.launcher.core.EngineExecutionOrchestrator.execute(EngineExecutionOrchestrator.java:198)
	at org.junit.platform.launcher.core.EngineExecutionOrchestrator.execute(EngineExecutionOrchestrator.java:169)
	at org.junit.platform.launcher.core.EngineExecutionOrchestrator.execute(EngineExecutionOrchestrator.java:93)
	at org.junit.platform.launcher.core.EngineExecutionOrchestrator.lambda$execute$0(EngineExecutionOrchestrator.java:58)
	at org.junit.platform.launcher.core.EngineExecutionOrchestrator.withInterceptedStreams(EngineExecutionOrchestrator.java:141)
	at org.junit.platform.launcher.core.EngineExecutionOrchestrator.execute(EngineExecutionOrchestrator.java:57)
	at org.junit.platform.launcher.core.DefaultLauncher.execute(DefaultLauncher.java:103)
	at org.junit.platform.launcher.core.DefaultLauncher.execute(DefaultLauncher.java:85)
	at org.junit.platform.launcher.core.DelegatingLauncher.execute(DelegatingLauncher.java:47)
	at org.junit.platform.launcher.core.SessionPerRequestLauncher.execute(SessionPerRequestLauncher.java:63)
	at com.intellij.junit5.JUnit5IdeaTestRunner.startRunnerWithArgs(JUnit5IdeaTestRunner.java:57)
	at com.intellij.rt.junit.IdeaTestRunner$Repeater$1.execute(IdeaTestRunner.java:38)
	at com.intellij.rt.execution.junit.TestsRepeater.repeat(TestsRepeater.java:11)
	at com.intellij.rt.junit.IdeaTestRunner$Repeater.startRunnerWithArgs(IdeaTestRunner.java:35)
	at com.intellij.rt.junit.JUnitStarter.prepareStreamsAndStart(JUnitStarter.java:232)
	at com.intellij.rt.junit.JUnitStarter.main(JUnitStarter.java:55)
2025-02-13 15:20:27 [main] INFO  l.insoft.uztis.tests.utils.TestUtils - Screenshot moved to C:\Users\ingrida.zadorozniene\Desktop\Asm\UZTIS\UZTIS_tests\test-output\screenshots\20250213\152027889_testFillEvaluationTwo().png
2025-02-13 15:23:26 [main] INFO  lt.insoft.uztis.tests.UztisPageTest - Navigated to https://uztisdev.asseco.lt/home
2025-02-13 15:23:26 [main] INFO  l.i.uztis.tests.EvaluationsPageTest - Starting test:'testFillEvaluationTwo'
2025-02-13 15:23:26 [main] INFO  l.i.uztis.tests.EvaluationsPageTest - Starting test:'testNavigateToEvaluationsPage'
2025-02-13 15:23:27 [main] DEBUG l.i.uztis.tests.EvaluationsPageTest - User logged in with test credentials
2025-02-13 15:23:27 [main] DEBUG l.i.uztis.tests.EvaluationsPageTest - Opened 'Application Processing' menu.
2025-02-13 15:23:27 [main] DEBUG l.i.uztis.tests.EvaluationsPageTest - Clicked on 'Evaluations' menu.
2025-02-13 15:23:27 [main] DEBUG l.i.uztis.tests.EvaluationsPageTest - Navigating to evaluations menu.
2025-02-13 15:23:27 [main] INFO  l.i.uztis.tests.EvaluationsPageTest - Test 'testNavigateToEvaluationsPage' completed successfully.
2025-02-13 15:23:28 [main] DEBUG l.i.uztis.tests.EvaluationsPageTest - Clicked on last evaluation.
2025-02-13 15:23:28 [main] DEBUG l.i.uztis.tests.EvaluationsPageTest - Clicked 'Edit'.
2025-02-13 15:23:29 [main] DEBUG l.i.uztis.tests.EvaluationsPageTest - Entered commission date.
2025-02-13 15:23:29 [main] DEBUG l.i.uztis.tests.EvaluationsPageTest - Selected 'Without Commission' radio button.
2025-02-13 15:23:39 [main] ERROR l.i.uztis.tests.EvaluationsPageTest - Test 'testFillEvaluationTwo' failed with error: no such element: Unable to locate element: {"method":"xpath","selector":"//label[contains(text(), 'Komisijos pirmininkas')]/following::input[1]"}
  (Session info: chrome=132.0.6834.197)
For documentation on this error, please visit: https://www.selenium.dev/documentation/webdriver/troubleshooting/errors#no-such-element-exception
Build info: version: '4.27.0', revision: 'd6e718d134'
System info: os.name: 'Windows 11', os.arch: 'amd64', os.version: '10.0', java.version: '21.0.3'
Driver info: org.openqa.selenium.chrome.ChromeDriver
Command: [93f2ec74dbb7b3969ac96c7783033ac1, findElement {using=xpath, value=//label[contains(text(), 'Komisijos pirmininkas')]/following::input[1]}]
Capabilities {acceptInsecureCerts: false, browserName: chrome, browserVersion: 132.0.6834.197, chrome: {chromedriverVersion: 132.0.6834.159 (2d77d3fc445..., userDataDir: C:\Users\INGRID~1.ZAD\AppDa...}, fedcm:accounts: true, goog:chromeOptions: {debuggerAddress: localhost:52627}, networkConnectionEnabled: false, pageLoadStrategy: normal, platformName: windows, proxy: Proxy(), se:cdp: ws://localhost:52627/devtoo..., se:cdpVersion: 132.0.6834.197, setWindowRect: true, strictFileInteractability: false, timeouts: {implicit: 0, pageLoad: 300000, script: 30000}, unhandledPromptBehavior: dismiss and notify, webauthn:extension:credBlob: true, webauthn:extension:largeBlob: true, webauthn:extension:minPinLength: true, webauthn:extension:prf: true, webauthn:virtualAuthenticators: true}
Session ID: 93f2ec74dbb7b3969ac96c7783033ac1
org.openqa.selenium.NoSuchElementException: no such element: Unable to locate element: {"method":"xpath","selector":"//label[contains(text(), 'Komisijos pirmininkas')]/following::input[1]"}
  (Session info: chrome=132.0.6834.197)
For documentation on this error, please visit: https://www.selenium.dev/documentation/webdriver/troubleshooting/errors#no-such-element-exception
Build info: version: '4.27.0', revision: 'd6e718d134'
System info: os.name: 'Windows 11', os.arch: 'amd64', os.version: '10.0', java.version: '21.0.3'
Driver info: org.openqa.selenium.chrome.ChromeDriver
Command: [93f2ec74dbb7b3969ac96c7783033ac1, findElement {using=xpath, value=//label[contains(text(), 'Komisijos pirmininkas')]/following::input[1]}]
Capabilities {acceptInsecureCerts: false, browserName: chrome, browserVersion: 132.0.6834.197, chrome: {chromedriverVersion: 132.0.6834.159 (2d77d3fc445..., userDataDir: C:\Users\INGRID~1.ZAD\AppDa...}, fedcm:accounts: true, goog:chromeOptions: {debuggerAddress: localhost:52627}, networkConnectionEnabled: false, pageLoadStrategy: normal, platformName: windows, proxy: Proxy(), se:cdp: ws://localhost:52627/devtoo..., se:cdpVersion: 132.0.6834.197, setWindowRect: true, strictFileInteractability: false, timeouts: {implicit: 0, pageLoad: 300000, script: 30000}, unhandledPromptBehavior: dismiss and notify, webauthn:extension:credBlob: true, webauthn:extension:largeBlob: true, webauthn:extension:minPinLength: true, webauthn:extension:prf: true, webauthn:virtualAuthenticators: true}
Session ID: 93f2ec74dbb7b3969ac96c7783033ac1
	at java.base/jdk.internal.reflect.DirectConstructorHandleAccessor.newInstance(DirectConstructorHandleAccessor.java:62)
	at java.base/java.lang.reflect.Constructor.newInstanceWithCaller(Constructor.java:502)
	at java.base/java.lang.reflect.Constructor.newInstance(Constructor.java:486)
	at org.openqa.selenium.remote.ErrorCodec.decode(ErrorCodec.java:167)
	at org.openqa.selenium.remote.codec.w3c.W3CHttpResponseCodec.decode(W3CHttpResponseCodec.java:138)
	at org.openqa.selenium.remote.codec.w3c.W3CHttpResponseCodec.decode(W3CHttpResponseCodec.java:50)
	at org.openqa.selenium.remote.HttpCommandExecutor.execute(HttpCommandExecutor.java:190)
	at org.openqa.selenium.remote.service.DriverCommandExecutor.invokeExecute(DriverCommandExecutor.java:216)
	at org.openqa.selenium.remote.service.DriverCommandExecutor.execute(DriverCommandExecutor.java:174)
	at org.openqa.selenium.remote.RemoteWebDriver.execute(RemoteWebDriver.java:545)
	at org.openqa.selenium.remote.ElementLocation$ElementFinder$2.findElement(ElementLocation.java:165)
	at org.openqa.selenium.remote.ElementLocation.findElement(ElementLocation.java:59)
	at org.openqa.selenium.remote.RemoteWebDriver.findElement(RemoteWebDriver.java:368)
	at org.openqa.selenium.remote.RemoteWebDriver.findElement(RemoteWebDriver.java:362)
	at org.openqa.selenium.support.pagefactory.DefaultElementLocator.findElement(DefaultElementLocator.java:68)
	at org.openqa.selenium.support.pagefactory.internal.LocatingElementHandler.invoke(LocatingElementHandler.java:38)
	at jdk.proxy2/jdk.proxy2.$Proxy14.clear(Unknown Source)
	at lt.insoft.uztis.pages.EvaluationsPage.enterChairmanName(EvaluationsPage.java:386)
	at lt.insoft.uztis.tests.EvaluationsPageTest.testFillEvaluationTwo(EvaluationsPageTest.java:194)
	at java.base/jdk.internal.reflect.DirectMethodHandleAccessor.invoke(DirectMethodHandleAccessor.java:103)
	at java.base/java.lang.reflect.Method.invoke(Method.java:580)
	at org.junit.platform.commons.util.ReflectionUtils.invokeMethod(ReflectionUtils.java:728)
	at org.junit.jupiter.engine.execution.MethodInvocation.proceed(MethodInvocation.java:60)
	at org.junit.jupiter.engine.execution.InvocationInterceptorChain$ValidatingInvocation.proceed(InvocationInterceptorChain.java:131)
	at org.junit.jupiter.engine.extension.TimeoutExtension.intercept(TimeoutExtension.java:156)
	at org.junit.jupiter.engine.extension.TimeoutExtension.interceptTestableMethod(TimeoutExtension.java:147)
	at org.junit.jupiter.engine.extension.TimeoutExtension.interceptTestMethod(TimeoutExtension.java:86)
	at org.junit.jupiter.engine.execution.InterceptingExecutableInvoker$ReflectiveInterceptorCall.lambda$ofVoidMethod$0(InterceptingExecutableInvoker.java:103)
	at org.junit.jupiter.engine.execution.InterceptingExecutableInvoker.lambda$invoke$0(InterceptingExecutableInvoker.java:93)
	at org.junit.jupiter.engine.execution.InvocationInterceptorChain$InterceptedInvocation.proceed(InvocationInterceptorChain.java:106)
	at org.junit.jupiter.engine.execution.InvocationInterceptorChain.proceed(InvocationInterceptorChain.java:64)
	at org.junit.jupiter.engine.execution.InvocationInterceptorChain.chainAndInvoke(InvocationInterceptorChain.java:45)
	at org.junit.jupiter.engine.execution.InvocationInterceptorChain.invoke(InvocationInterceptorChain.java:37)
	at org.junit.jupiter.engine.execution.InterceptingExecutableInvoker.invoke(InterceptingExecutableInvoker.java:92)
	at org.junit.jupiter.engine.execution.InterceptingExecutableInvoker.invoke(InterceptingExecutableInvoker.java:86)
	at org.junit.jupiter.engine.descriptor.TestMethodTestDescriptor.lambda$invokeTestMethod$7(TestMethodTestDescriptor.java:218)
	at org.junit.platform.engine.support.hierarchical.ThrowableCollector.execute(ThrowableCollector.java:73)
	at org.junit.jupiter.engine.descriptor.TestMethodTestDescriptor.invokeTestMethod(TestMethodTestDescriptor.java:214)
	at org.junit.jupiter.engine.descriptor.TestMethodTestDescriptor.execute(TestMethodTestDescriptor.java:139)
	at org.junit.jupiter.engine.descriptor.TestMethodTestDescriptor.execute(TestMethodTestDescriptor.java:69)
	at org.junit.platform.engine.support.hierarchical.NodeTestTask.lambda$executeRecursively$6(NodeTestTask.java:151)
	at org.junit.platform.engine.support.hierarchical.ThrowableCollector.execute(ThrowableCollector.java:73)
	at org.junit.platform.engine.support.hierarchical.NodeTestTask.lambda$executeRecursively$8(NodeTestTask.java:141)
	at org.junit.platform.engine.support.hierarchical.Node.around(Node.java:137)
	at org.junit.platform.engine.support.hierarchical.NodeTestTask.lambda$executeRecursively$9(NodeTestTask.java:139)
	at org.junit.platform.engine.support.hierarchical.ThrowableCollector.execute(ThrowableCollector.java:73)
	at org.junit.platform.engine.support.hierarchical.NodeTestTask.executeRecursively(NodeTestTask.java:138)
	at org.junit.platform.engine.support.hierarchical.NodeTestTask.execute(NodeTestTask.java:95)
	at java.base/java.util.ArrayList.forEach(ArrayList.java:1596)
	at org.junit.platform.engine.support.hierarchical.SameThreadHierarchicalTestExecutorService.invokeAll(SameThreadHierarchicalTestExecutorService.java:41)
	at org.junit.platform.engine.support.hierarchical.NodeTestTask.lambda$executeRecursively$6(NodeTestTask.java:155)
	at org.junit.platform.engine.support.hierarchical.ThrowableCollector.execute(ThrowableCollector.java:73)
	at org.junit.platform.engine.support.hierarchical.NodeTestTask.lambda$executeRecursively$8(NodeTestTask.java:141)
	at org.junit.platform.engine.support.hierarchical.Node.around(Node.java:137)
	at org.junit.platform.engine.support.hierarchical.NodeTestTask.lambda$executeRecursively$9(NodeTestTask.java:139)
	at org.junit.platform.engine.support.hierarchical.ThrowableCollector.execute(ThrowableCollector.java:73)
	at org.junit.platform.engine.support.hierarchical.NodeTestTask.executeRecursively(NodeTestTask.java:138)
	at org.junit.platform.engine.support.hierarchical.NodeTestTask.execute(NodeTestTask.java:95)
	at java.base/java.util.ArrayList.forEach(ArrayList.java:1596)
	at org.junit.platform.engine.support.hierarchical.SameThreadHierarchicalTestExecutorService.invokeAll(SameThreadHierarchicalTestExecutorService.java:41)
	at org.junit.platform.engine.support.hierarchical.NodeTestTask.lambda$executeRecursively$6(NodeTestTask.java:155)
	at org.junit.platform.engine.support.hierarchical.ThrowableCollector.execute(ThrowableCollector.java:73)
	at org.junit.platform.engine.support.hierarchical.NodeTestTask.lambda$executeRecursively$8(NodeTestTask.java:141)
	at org.junit.platform.engine.support.hierarchical.Node.around(Node.java:137)
	at org.junit.platform.engine.support.hierarchical.NodeTestTask.lambda$executeRecursively$9(NodeTestTask.java:139)
	at org.junit.platform.engine.support.hierarchical.ThrowableCollector.execute(ThrowableCollector.java:73)
	at org.junit.platform.engine.support.hierarchical.NodeTestTask.executeRecursively(NodeTestTask.java:138)
	at org.junit.platform.engine.support.hierarchical.NodeTestTask.execute(NodeTestTask.java:95)
	at org.junit.platform.engine.support.hierarchical.SameThreadHierarchicalTestExecutorService.submit(SameThreadHierarchicalTestExecutorService.java:35)
	at org.junit.platform.engine.support.hierarchical.HierarchicalTestExecutor.execute(HierarchicalTestExecutor.java:57)
	at org.junit.platform.engine.support.hierarchical.HierarchicalTestEngine.execute(HierarchicalTestEngine.java:54)
	at org.junit.platform.launcher.core.EngineExecutionOrchestrator.execute(EngineExecutionOrchestrator.java:198)
	at org.junit.platform.launcher.core.EngineExecutionOrchestrator.execute(EngineExecutionOrchestrator.java:169)
	at org.junit.platform.launcher.core.EngineExecutionOrchestrator.execute(EngineExecutionOrchestrator.java:93)
	at org.junit.platform.launcher.core.EngineExecutionOrchestrator.lambda$execute$0(EngineExecutionOrchestrator.java:58)
	at org.junit.platform.launcher.core.EngineExecutionOrchestrator.withInterceptedStreams(EngineExecutionOrchestrator.java:141)
	at org.junit.platform.launcher.core.EngineExecutionOrchestrator.execute(EngineExecutionOrchestrator.java:57)
	at org.junit.platform.launcher.core.DefaultLauncher.execute(DefaultLauncher.java:103)
	at org.junit.platform.launcher.core.DefaultLauncher.execute(DefaultLauncher.java:85)
	at org.junit.platform.launcher.core.DelegatingLauncher.execute(DelegatingLauncher.java:47)
	at org.junit.platform.launcher.core.SessionPerRequestLauncher.execute(SessionPerRequestLauncher.java:63)
	at com.intellij.junit5.JUnit5IdeaTestRunner.startRunnerWithArgs(JUnit5IdeaTestRunner.java:57)
	at com.intellij.rt.junit.IdeaTestRunner$Repeater$1.execute(IdeaTestRunner.java:38)
	at com.intellij.rt.execution.junit.TestsRepeater.repeat(TestsRepeater.java:11)
	at com.intellij.rt.junit.IdeaTestRunner$Repeater.startRunnerWithArgs(IdeaTestRunner.java:35)
	at com.intellij.rt.junit.JUnitStarter.prepareStreamsAndStart(JUnitStarter.java:232)
	at com.intellij.rt.junit.JUnitStarter.main(JUnitStarter.java:55)
2025-02-13 15:23:39 [main] INFO  l.insoft.uztis.tests.utils.TestUtils - Screenshot moved to C:\Users\ingrida.zadorozniene\Desktop\Asm\UZTIS\UZTIS_tests\test-output\screenshots\20250213\152339617_testFillEvaluationTwo().png
2025-02-13 15:27:09 [main] INFO  lt.insoft.uztis.tests.UztisPageTest - Navigated to https://uztisdev.asseco.lt/home
2025-02-13 15:27:09 [main] INFO  l.i.uztis.tests.EvaluationsPageTest - Starting test:'testFillEvaluationTwo'
2025-02-13 15:27:09 [main] INFO  l.i.uztis.tests.EvaluationsPageTest - Starting test:'testNavigateToEvaluationsPage'
2025-02-13 15:27:10 [main] DEBUG l.i.uztis.tests.EvaluationsPageTest - User logged in with test credentials
2025-02-13 15:27:10 [main] DEBUG l.i.uztis.tests.EvaluationsPageTest - Opened 'Application Processing' menu.
2025-02-13 15:27:10 [main] DEBUG l.i.uztis.tests.EvaluationsPageTest - Clicked on 'Evaluations' menu.
2025-02-13 15:27:10 [main] DEBUG l.i.uztis.tests.EvaluationsPageTest - Navigating to evaluations menu.
2025-02-13 15:27:10 [main] INFO  l.i.uztis.tests.EvaluationsPageTest - Test 'testNavigateToEvaluationsPage' completed successfully.
2025-02-13 15:27:11 [main] DEBUG l.i.uztis.tests.EvaluationsPageTest - Clicked on last evaluation.
2025-02-13 15:27:11 [main] DEBUG l.i.uztis.tests.EvaluationsPageTest - Clicked 'Edit'.
2025-02-13 15:27:12 [main] DEBUG l.i.uztis.tests.EvaluationsPageTest - Entered commission date.
2025-02-13 15:27:12 [main] DEBUG l.i.uztis.tests.EvaluationsPageTest - Selected 'Without Commission' radio button.
2025-02-13 15:27:12 [main] ERROR l.i.uztis.tests.EvaluationsPageTest - Test 'testFillEvaluationTwo' failed with error: invalid element state
  (Session info: chrome=132.0.6834.197)
Build info: version: '4.27.0', revision: 'd6e718d134'
System info: os.name: 'Windows 11', os.arch: 'amd64', os.version: '10.0', java.version: '21.0.3'
Driver info: org.openqa.selenium.chrome.ChromeDriver
Command: [41cfd7285dfc857bab9ceb3279d90a0b, clearElement {id=f.BE51B1CCE3951BC901EDF03AB091DFD5.d.FDA3DC7370767D8AFB6F4CB5BE3D04FC.e.107}]
Capabilities {acceptInsecureCerts: false, browserName: chrome, browserVersion: 132.0.6834.197, chrome: {chromedriverVersion: 132.0.6834.159 (2d77d3fc445..., userDataDir: C:\Users\INGRID~1.ZAD\AppDa...}, fedcm:accounts: true, goog:chromeOptions: {debuggerAddress: localhost:52774}, networkConnectionEnabled: false, pageLoadStrategy: normal, platformName: windows, proxy: Proxy(), se:cdp: ws://localhost:52774/devtoo..., se:cdpVersion: 132.0.6834.197, setWindowRect: true, strictFileInteractability: false, timeouts: {implicit: 0, pageLoad: 300000, script: 30000}, unhandledPromptBehavior: dismiss and notify, webauthn:extension:credBlob: true, webauthn:extension:largeBlob: true, webauthn:extension:minPinLength: true, webauthn:extension:prf: true, webauthn:virtualAuthenticators: true}
Element: [[ChromeDriver: chrome on windows (41cfd7285dfc857bab9ceb3279d90a0b)] -> xpath: //mat-label[contains(text(), 'Komisijos pirmininkas')]]
Session ID: 41cfd7285dfc857bab9ceb3279d90a0b
org.openqa.selenium.InvalidElementStateException: invalid element state
  (Session info: chrome=132.0.6834.197)
Build info: version: '4.27.0', revision: 'd6e718d134'
System info: os.name: 'Windows 11', os.arch: 'amd64', os.version: '10.0', java.version: '21.0.3'
Driver info: org.openqa.selenium.chrome.ChromeDriver
Command: [41cfd7285dfc857bab9ceb3279d90a0b, clearElement {id=f.BE51B1CCE3951BC901EDF03AB091DFD5.d.FDA3DC7370767D8AFB6F4CB5BE3D04FC.e.107}]
Capabilities {acceptInsecureCerts: false, browserName: chrome, browserVersion: 132.0.6834.197, chrome: {chromedriverVersion: 132.0.6834.159 (2d77d3fc445..., userDataDir: C:\Users\INGRID~1.ZAD\AppDa...}, fedcm:accounts: true, goog:chromeOptions: {debuggerAddress: localhost:52774}, networkConnectionEnabled: false, pageLoadStrategy: normal, platformName: windows, proxy: Proxy(), se:cdp: ws://localhost:52774/devtoo..., se:cdpVersion: 132.0.6834.197, setWindowRect: true, strictFileInteractability: false, timeouts: {implicit: 0, pageLoad: 300000, script: 30000}, unhandledPromptBehavior: dismiss and notify, webauthn:extension:credBlob: true, webauthn:extension:largeBlob: true, webauthn:extension:minPinLength: true, webauthn:extension:prf: true, webauthn:virtualAuthenticators: true}
Element: [[ChromeDriver: chrome on windows (41cfd7285dfc857bab9ceb3279d90a0b)] -> xpath: //mat-label[contains(text(), 'Komisijos pirmininkas')]]
Session ID: 41cfd7285dfc857bab9ceb3279d90a0b
	at java.base/jdk.internal.reflect.DirectConstructorHandleAccessor.newInstance(DirectConstructorHandleAccessor.java:62)
	at java.base/java.lang.reflect.Constructor.newInstanceWithCaller(Constructor.java:502)
	at java.base/java.lang.reflect.Constructor.newInstance(Constructor.java:486)
	at org.openqa.selenium.remote.ErrorCodec.decode(ErrorCodec.java:167)
	at org.openqa.selenium.remote.codec.w3c.W3CHttpResponseCodec.decode(W3CHttpResponseCodec.java:138)
	at org.openqa.selenium.remote.codec.w3c.W3CHttpResponseCodec.decode(W3CHttpResponseCodec.java:50)
	at org.openqa.selenium.remote.HttpCommandExecutor.execute(HttpCommandExecutor.java:190)
	at org.openqa.selenium.remote.service.DriverCommandExecutor.invokeExecute(DriverCommandExecutor.java:216)
	at org.openqa.selenium.remote.service.DriverCommandExecutor.execute(DriverCommandExecutor.java:174)
	at org.openqa.selenium.remote.RemoteWebDriver.execute(RemoteWebDriver.java:545)
	at org.openqa.selenium.remote.RemoteWebElement.execute(RemoteWebElement.java:223)
	at org.openqa.selenium.remote.RemoteWebElement.clear(RemoteWebElement.java:129)
	at java.base/jdk.internal.reflect.DirectMethodHandleAccessor.invoke(DirectMethodHandleAccessor.java:103)
	at java.base/java.lang.reflect.Method.invoke(Method.java:580)
	at org.openqa.selenium.support.pagefactory.internal.LocatingElementHandler.invoke(LocatingElementHandler.java:51)
	at jdk.proxy2/jdk.proxy2.$Proxy14.clear(Unknown Source)
	at lt.insoft.uztis.pages.EvaluationsPage.enterChairmanName(EvaluationsPage.java:386)
	at lt.insoft.uztis.tests.EvaluationsPageTest.testFillEvaluationTwo(EvaluationsPageTest.java:194)
	at java.base/jdk.internal.reflect.DirectMethodHandleAccessor.invoke(DirectMethodHandleAccessor.java:103)
	at java.base/java.lang.reflect.Method.invoke(Method.java:580)
	at org.junit.platform.commons.util.ReflectionUtils.invokeMethod(ReflectionUtils.java:728)
	at org.junit.jupiter.engine.execution.MethodInvocation.proceed(MethodInvocation.java:60)
	at org.junit.jupiter.engine.execution.InvocationInterceptorChain$ValidatingInvocation.proceed(InvocationInterceptorChain.java:131)
	at org.junit.jupiter.engine.extension.TimeoutExtension.intercept(TimeoutExtension.java:156)
	at org.junit.jupiter.engine.extension.TimeoutExtension.interceptTestableMethod(TimeoutExtension.java:147)
	at org.junit.jupiter.engine.extension.TimeoutExtension.interceptTestMethod(TimeoutExtension.java:86)
	at org.junit.jupiter.engine.execution.InterceptingExecutableInvoker$ReflectiveInterceptorCall.lambda$ofVoidMethod$0(InterceptingExecutableInvoker.java:103)
	at org.junit.jupiter.engine.execution.InterceptingExecutableInvoker.lambda$invoke$0(InterceptingExecutableInvoker.java:93)
	at org.junit.jupiter.engine.execution.InvocationInterceptorChain$InterceptedInvocation.proceed(InvocationInterceptorChain.java:106)
	at org.junit.jupiter.engine.execution.InvocationInterceptorChain.proceed(InvocationInterceptorChain.java:64)
	at org.junit.jupiter.engine.execution.InvocationInterceptorChain.chainAndInvoke(InvocationInterceptorChain.java:45)
	at org.junit.jupiter.engine.execution.InvocationInterceptorChain.invoke(InvocationInterceptorChain.java:37)
	at org.junit.jupiter.engine.execution.InterceptingExecutableInvoker.invoke(InterceptingExecutableInvoker.java:92)
	at org.junit.jupiter.engine.execution.InterceptingExecutableInvoker.invoke(InterceptingExecutableInvoker.java:86)
	at org.junit.jupiter.engine.descriptor.TestMethodTestDescriptor.lambda$invokeTestMethod$7(TestMethodTestDescriptor.java:218)
	at org.junit.platform.engine.support.hierarchical.ThrowableCollector.execute(ThrowableCollector.java:73)
	at org.junit.jupiter.engine.descriptor.TestMethodTestDescriptor.invokeTestMethod(TestMethodTestDescriptor.java:214)
	at org.junit.jupiter.engine.descriptor.TestMethodTestDescriptor.execute(TestMethodTestDescriptor.java:139)
	at org.junit.jupiter.engine.descriptor.TestMethodTestDescriptor.execute(TestMethodTestDescriptor.java:69)
	at org.junit.platform.engine.support.hierarchical.NodeTestTask.lambda$executeRecursively$6(NodeTestTask.java:151)
	at org.junit.platform.engine.support.hierarchical.ThrowableCollector.execute(ThrowableCollector.java:73)
	at org.junit.platform.engine.support.hierarchical.NodeTestTask.lambda$executeRecursively$8(NodeTestTask.java:141)
	at org.junit.platform.engine.support.hierarchical.Node.around(Node.java:137)
	at org.junit.platform.engine.support.hierarchical.NodeTestTask.lambda$executeRecursively$9(NodeTestTask.java:139)
	at org.junit.platform.engine.support.hierarchical.ThrowableCollector.execute(ThrowableCollector.java:73)
	at org.junit.platform.engine.support.hierarchical.NodeTestTask.executeRecursively(NodeTestTask.java:138)
	at org.junit.platform.engine.support.hierarchical.NodeTestTask.execute(NodeTestTask.java:95)
	at java.base/java.util.ArrayList.forEach(ArrayList.java:1596)
	at org.junit.platform.engine.support.hierarchical.SameThreadHierarchicalTestExecutorService.invokeAll(SameThreadHierarchicalTestExecutorService.java:41)
	at org.junit.platform.engine.support.hierarchical.NodeTestTask.lambda$executeRecursively$6(NodeTestTask.java:155)
	at org.junit.platform.engine.support.hierarchical.ThrowableCollector.execute(ThrowableCollector.java:73)
	at org.junit.platform.engine.support.hierarchical.NodeTestTask.lambda$executeRecursively$8(NodeTestTask.java:141)
	at org.junit.platform.engine.support.hierarchical.Node.around(Node.java:137)
	at org.junit.platform.engine.support.hierarchical.NodeTestTask.lambda$executeRecursively$9(NodeTestTask.java:139)
	at org.junit.platform.engine.support.hierarchical.ThrowableCollector.execute(ThrowableCollector.java:73)
	at org.junit.platform.engine.support.hierarchical.NodeTestTask.executeRecursively(NodeTestTask.java:138)
	at org.junit.platform.engine.support.hierarchical.NodeTestTask.execute(NodeTestTask.java:95)
	at java.base/java.util.ArrayList.forEach(ArrayList.java:1596)
	at org.junit.platform.engine.support.hierarchical.SameThreadHierarchicalTestExecutorService.invokeAll(SameThreadHierarchicalTestExecutorService.java:41)
	at org.junit.platform.engine.support.hierarchical.NodeTestTask.lambda$executeRecursively$6(NodeTestTask.java:155)
	at org.junit.platform.engine.support.hierarchical.ThrowableCollector.execute(ThrowableCollector.java:73)
	at org.junit.platform.engine.support.hierarchical.NodeTestTask.lambda$executeRecursively$8(NodeTestTask.java:141)
	at org.junit.platform.engine.support.hierarchical.Node.around(Node.java:137)
	at org.junit.platform.engine.support.hierarchical.NodeTestTask.lambda$executeRecursively$9(NodeTestTask.java:139)
	at org.junit.platform.engine.support.hierarchical.ThrowableCollector.execute(ThrowableCollector.java:73)
	at org.junit.platform.engine.support.hierarchical.NodeTestTask.executeRecursively(NodeTestTask.java:138)
	at org.junit.platform.engine.support.hierarchical.NodeTestTask.execute(NodeTestTask.java:95)
	at org.junit.platform.engine.support.hierarchical.SameThreadHierarchicalTestExecutorService.submit(SameThreadHierarchicalTestExecutorService.java:35)
	at org.junit.platform.engine.support.hierarchical.HierarchicalTestExecutor.execute(HierarchicalTestExecutor.java:57)
	at org.junit.platform.engine.support.hierarchical.HierarchicalTestEngine.execute(HierarchicalTestEngine.java:54)
	at org.junit.platform.launcher.core.EngineExecutionOrchestrator.execute(EngineExecutionOrchestrator.java:198)
	at org.junit.platform.launcher.core.EngineExecutionOrchestrator.execute(EngineExecutionOrchestrator.java:169)
	at org.junit.platform.launcher.core.EngineExecutionOrchestrator.execute(EngineExecutionOrchestrator.java:93)
	at org.junit.platform.launcher.core.EngineExecutionOrchestrator.lambda$execute$0(EngineExecutionOrchestrator.java:58)
	at org.junit.platform.launcher.core.EngineExecutionOrchestrator.withInterceptedStreams(EngineExecutionOrchestrator.java:141)
	at org.junit.platform.launcher.core.EngineExecutionOrchestrator.execute(EngineExecutionOrchestrator.java:57)
	at org.junit.platform.launcher.core.DefaultLauncher.execute(DefaultLauncher.java:103)
	at org.junit.platform.launcher.core.DefaultLauncher.execute(DefaultLauncher.java:85)
	at org.junit.platform.launcher.core.DelegatingLauncher.execute(DelegatingLauncher.java:47)
	at org.junit.platform.launcher.core.SessionPerRequestLauncher.execute(SessionPerRequestLauncher.java:63)
	at com.intellij.junit5.JUnit5IdeaTestRunner.startRunnerWithArgs(JUnit5IdeaTestRunner.java:57)
	at com.intellij.rt.junit.IdeaTestRunner$Repeater$1.execute(IdeaTestRunner.java:38)
	at com.intellij.rt.execution.junit.TestsRepeater.repeat(TestsRepeater.java:11)
	at com.intellij.rt.junit.IdeaTestRunner$Repeater.startRunnerWithArgs(IdeaTestRunner.java:35)
	at com.intellij.rt.junit.JUnitStarter.prepareStreamsAndStart(JUnitStarter.java:232)
	at com.intellij.rt.junit.JUnitStarter.main(JUnitStarter.java:55)
2025-02-13 15:27:12 [main] INFO  l.insoft.uztis.tests.utils.TestUtils - Screenshot moved to C:\Users\ingrida.zadorozniene\Desktop\Asm\UZTIS\UZTIS_tests\test-output\screenshots\20250213\152712932_testFillEvaluationTwo().png
2025-02-13 15:29:27 [main] INFO  lt.insoft.uztis.tests.UztisPageTest - Navigated to https://uztisdev.asseco.lt/home
2025-02-13 15:29:27 [main] INFO  l.i.uztis.tests.EvaluationsPageTest - Starting test:'testFillEvaluationTwo'
2025-02-13 15:29:27 [main] INFO  l.i.uztis.tests.EvaluationsPageTest - Starting test:'testNavigateToEvaluationsPage'
2025-02-13 15:29:27 [main] DEBUG l.i.uztis.tests.EvaluationsPageTest - User logged in with test credentials
2025-02-13 15:29:28 [main] DEBUG l.i.uztis.tests.EvaluationsPageTest - Opened 'Application Processing' menu.
2025-02-13 15:29:28 [main] DEBUG l.i.uztis.tests.EvaluationsPageTest - Clicked on 'Evaluations' menu.
2025-02-13 15:29:28 [main] DEBUG l.i.uztis.tests.EvaluationsPageTest - Navigating to evaluations menu.
2025-02-13 15:29:28 [main] INFO  l.i.uztis.tests.EvaluationsPageTest - Test 'testNavigateToEvaluationsPage' completed successfully.
2025-02-13 15:29:28 [main] DEBUG l.i.uztis.tests.EvaluationsPageTest - Clicked on last evaluation.
2025-02-13 15:29:29 [main] DEBUG l.i.uztis.tests.EvaluationsPageTest - Clicked 'Edit'.
2025-02-13 15:29:29 [main] DEBUG l.i.uztis.tests.EvaluationsPageTest - Entered commission date.
2025-02-13 15:29:30 [main] DEBUG l.i.uztis.tests.EvaluationsPageTest - Selected 'Without Commission' radio button.
2025-02-13 15:29:30 [main] DEBUG l.i.uztis.tests.EvaluationsPageTest - Entered chairman name: 'Pirmininkas Pirmininkauskas'.
2025-02-13 15:29:30 [main] ERROR l.i.uztis.tests.EvaluationsPageTest - Test 'testFillEvaluationTwo' failed with error: invalid element state
  (Session info: chrome=132.0.6834.197)
Build info: version: '4.27.0', revision: 'd6e718d134'
System info: os.name: 'Windows 11', os.arch: 'amd64', os.version: '10.0', java.version: '21.0.3'
Driver info: org.openqa.selenium.chrome.ChromeDriver
Command: [82176096c0a2a28fe517e23014ce66b4, clearElement {id=f.3D5717FA8CC6CF62FDA56A46A4D54B8E.d.EB04D0C7891B240853814077A4FC988C.e.126}]
Capabilities {acceptInsecureCerts: false, browserName: chrome, browserVersion: 132.0.6834.197, chrome: {chromedriverVersion: 132.0.6834.159 (2d77d3fc445..., userDataDir: C:\Users\INGRID~1.ZAD\AppDa...}, fedcm:accounts: true, goog:chromeOptions: {debuggerAddress: localhost:52870}, networkConnectionEnabled: false, pageLoadStrategy: normal, platformName: windows, proxy: Proxy(), se:cdp: ws://localhost:52870/devtoo..., se:cdpVersion: 132.0.6834.197, setWindowRect: true, strictFileInteractability: false, timeouts: {implicit: 0, pageLoad: 300000, script: 30000}, unhandledPromptBehavior: dismiss and notify, webauthn:extension:credBlob: true, webauthn:extension:largeBlob: true, webauthn:extension:minPinLength: true, webauthn:extension:prf: true, webauthn:virtualAuthenticators: true}
Element: [[ChromeDriver: chrome on windows (82176096c0a2a28fe517e23014ce66b4)] -> xpath: //mat-label[contains(text(), 'Komisijos narys Nr. 1')]]
Session ID: 82176096c0a2a28fe517e23014ce66b4
org.openqa.selenium.InvalidElementStateException: invalid element state
  (Session info: chrome=132.0.6834.197)
Build info: version: '4.27.0', revision: 'd6e718d134'
System info: os.name: 'Windows 11', os.arch: 'amd64', os.version: '10.0', java.version: '21.0.3'
Driver info: org.openqa.selenium.chrome.ChromeDriver
Command: [82176096c0a2a28fe517e23014ce66b4, clearElement {id=f.3D5717FA8CC6CF62FDA56A46A4D54B8E.d.EB04D0C7891B240853814077A4FC988C.e.126}]
Capabilities {acceptInsecureCerts: false, browserName: chrome, browserVersion: 132.0.6834.197, chrome: {chromedriverVersion: 132.0.6834.159 (2d77d3fc445..., userDataDir: C:\Users\INGRID~1.ZAD\AppDa...}, fedcm:accounts: true, goog:chromeOptions: {debuggerAddress: localhost:52870}, networkConnectionEnabled: false, pageLoadStrategy: normal, platformName: windows, proxy: Proxy(), se:cdp: ws://localhost:52870/devtoo..., se:cdpVersion: 132.0.6834.197, setWindowRect: true, strictFileInteractability: false, timeouts: {implicit: 0, pageLoad: 300000, script: 30000}, unhandledPromptBehavior: dismiss and notify, webauthn:extension:credBlob: true, webauthn:extension:largeBlob: true, webauthn:extension:minPinLength: true, webauthn:extension:prf: true, webauthn:virtualAuthenticators: true}
Element: [[ChromeDriver: chrome on windows (82176096c0a2a28fe517e23014ce66b4)] -> xpath: //mat-label[contains(text(), 'Komisijos narys Nr. 1')]]
Session ID: 82176096c0a2a28fe517e23014ce66b4
	at java.base/jdk.internal.reflect.DirectConstructorHandleAccessor.newInstance(DirectConstructorHandleAccessor.java:62)
	at java.base/java.lang.reflect.Constructor.newInstanceWithCaller(Constructor.java:502)
	at java.base/java.lang.reflect.Constructor.newInstance(Constructor.java:486)
	at org.openqa.selenium.remote.ErrorCodec.decode(ErrorCodec.java:167)
	at org.openqa.selenium.remote.codec.w3c.W3CHttpResponseCodec.decode(W3CHttpResponseCodec.java:138)
	at org.openqa.selenium.remote.codec.w3c.W3CHttpResponseCodec.decode(W3CHttpResponseCodec.java:50)
	at org.openqa.selenium.remote.HttpCommandExecutor.execute(HttpCommandExecutor.java:190)
	at org.openqa.selenium.remote.service.DriverCommandExecutor.invokeExecute(DriverCommandExecutor.java:216)
	at org.openqa.selenium.remote.service.DriverCommandExecutor.execute(DriverCommandExecutor.java:174)
	at org.openqa.selenium.remote.RemoteWebDriver.execute(RemoteWebDriver.java:545)
	at org.openqa.selenium.remote.RemoteWebElement.execute(RemoteWebElement.java:223)
	at org.openqa.selenium.remote.RemoteWebElement.clear(RemoteWebElement.java:129)
	at java.base/jdk.internal.reflect.DirectMethodHandleAccessor.invoke(DirectMethodHandleAccessor.java:103)
	at java.base/java.lang.reflect.Method.invoke(Method.java:580)
	at org.openqa.selenium.support.pagefactory.internal.LocatingElementHandler.invoke(LocatingElementHandler.java:51)
	at jdk.proxy2/jdk.proxy2.$Proxy14.clear(Unknown Source)
	at lt.insoft.uztis.pages.EvaluationsPage.enterMemberName(EvaluationsPage.java:391)
	at lt.insoft.uztis.tests.EvaluationsPageTest.testFillEvaluationTwo(EvaluationsPageTest.java:198)
	at java.base/jdk.internal.reflect.DirectMethodHandleAccessor.invoke(DirectMethodHandleAccessor.java:103)
	at java.base/java.lang.reflect.Method.invoke(Method.java:580)
	at org.junit.platform.commons.util.ReflectionUtils.invokeMethod(ReflectionUtils.java:728)
	at org.junit.jupiter.engine.execution.MethodInvocation.proceed(MethodInvocation.java:60)
	at org.junit.jupiter.engine.execution.InvocationInterceptorChain$ValidatingInvocation.proceed(InvocationInterceptorChain.java:131)
	at org.junit.jupiter.engine.extension.TimeoutExtension.intercept(TimeoutExtension.java:156)
	at org.junit.jupiter.engine.extension.TimeoutExtension.interceptTestableMethod(TimeoutExtension.java:147)
	at org.junit.jupiter.engine.extension.TimeoutExtension.interceptTestMethod(TimeoutExtension.java:86)
	at org.junit.jupiter.engine.execution.InterceptingExecutableInvoker$ReflectiveInterceptorCall.lambda$ofVoidMethod$0(InterceptingExecutableInvoker.java:103)
	at org.junit.jupiter.engine.execution.InterceptingExecutableInvoker.lambda$invoke$0(InterceptingExecutableInvoker.java:93)
	at org.junit.jupiter.engine.execution.InvocationInterceptorChain$InterceptedInvocation.proceed(InvocationInterceptorChain.java:106)
	at org.junit.jupiter.engine.execution.InvocationInterceptorChain.proceed(InvocationInterceptorChain.java:64)
	at org.junit.jupiter.engine.execution.InvocationInterceptorChain.chainAndInvoke(InvocationInterceptorChain.java:45)
	at org.junit.jupiter.engine.execution.InvocationInterceptorChain.invoke(InvocationInterceptorChain.java:37)
	at org.junit.jupiter.engine.execution.InterceptingExecutableInvoker.invoke(InterceptingExecutableInvoker.java:92)
	at org.junit.jupiter.engine.execution.InterceptingExecutableInvoker.invoke(InterceptingExecutableInvoker.java:86)
	at org.junit.jupiter.engine.descriptor.TestMethodTestDescriptor.lambda$invokeTestMethod$7(TestMethodTestDescriptor.java:218)
	at org.junit.platform.engine.support.hierarchical.ThrowableCollector.execute(ThrowableCollector.java:73)
	at org.junit.jupiter.engine.descriptor.TestMethodTestDescriptor.invokeTestMethod(TestMethodTestDescriptor.java:214)
	at org.junit.jupiter.engine.descriptor.TestMethodTestDescriptor.execute(TestMethodTestDescriptor.java:139)
	at org.junit.jupiter.engine.descriptor.TestMethodTestDescriptor.execute(TestMethodTestDescriptor.java:69)
	at org.junit.platform.engine.support.hierarchical.NodeTestTask.lambda$executeRecursively$6(NodeTestTask.java:151)
	at org.junit.platform.engine.support.hierarchical.ThrowableCollector.execute(ThrowableCollector.java:73)
	at org.junit.platform.engine.support.hierarchical.NodeTestTask.lambda$executeRecursively$8(NodeTestTask.java:141)
	at org.junit.platform.engine.support.hierarchical.Node.around(Node.java:137)
	at org.junit.platform.engine.support.hierarchical.NodeTestTask.lambda$executeRecursively$9(NodeTestTask.java:139)
	at org.junit.platform.engine.support.hierarchical.ThrowableCollector.execute(ThrowableCollector.java:73)
	at org.junit.platform.engine.support.hierarchical.NodeTestTask.executeRecursively(NodeTestTask.java:138)
	at org.junit.platform.engine.support.hierarchical.NodeTestTask.execute(NodeTestTask.java:95)
	at java.base/java.util.ArrayList.forEach(ArrayList.java:1596)
	at org.junit.platform.engine.support.hierarchical.SameThreadHierarchicalTestExecutorService.invokeAll(SameThreadHierarchicalTestExecutorService.java:41)
	at org.junit.platform.engine.support.hierarchical.NodeTestTask.lambda$executeRecursively$6(NodeTestTask.java:155)
	at org.junit.platform.engine.support.hierarchical.ThrowableCollector.execute(ThrowableCollector.java:73)
	at org.junit.platform.engine.support.hierarchical.NodeTestTask.lambda$executeRecursively$8(NodeTestTask.java:141)
	at org.junit.platform.engine.support.hierarchical.Node.around(Node.java:137)
	at org.junit.platform.engine.support.hierarchical.NodeTestTask.lambda$executeRecursively$9(NodeTestTask.java:139)
	at org.junit.platform.engine.support.hierarchical.ThrowableCollector.execute(ThrowableCollector.java:73)
	at org.junit.platform.engine.support.hierarchical.NodeTestTask.executeRecursively(NodeTestTask.java:138)
	at org.junit.platform.engine.support.hierarchical.NodeTestTask.execute(NodeTestTask.java:95)
	at java.base/java.util.ArrayList.forEach(ArrayList.java:1596)
	at org.junit.platform.engine.support.hierarchical.SameThreadHierarchicalTestExecutorService.invokeAll(SameThreadHierarchicalTestExecutorService.java:41)
	at org.junit.platform.engine.support.hierarchical.NodeTestTask.lambda$executeRecursively$6(NodeTestTask.java:155)
	at org.junit.platform.engine.support.hierarchical.ThrowableCollector.execute(ThrowableCollector.java:73)
	at org.junit.platform.engine.support.hierarchical.NodeTestTask.lambda$executeRecursively$8(NodeTestTask.java:141)
	at org.junit.platform.engine.support.hierarchical.Node.around(Node.java:137)
	at org.junit.platform.engine.support.hierarchical.NodeTestTask.lambda$executeRecursively$9(NodeTestTask.java:139)
	at org.junit.platform.engine.support.hierarchical.ThrowableCollector.execute(ThrowableCollector.java:73)
	at org.junit.platform.engine.support.hierarchical.NodeTestTask.executeRecursively(NodeTestTask.java:138)
	at org.junit.platform.engine.support.hierarchical.NodeTestTask.execute(NodeTestTask.java:95)
	at org.junit.platform.engine.support.hierarchical.SameThreadHierarchicalTestExecutorService.submit(SameThreadHierarchicalTestExecutorService.java:35)
	at org.junit.platform.engine.support.hierarchical.HierarchicalTestExecutor.execute(HierarchicalTestExecutor.java:57)
	at org.junit.platform.engine.support.hierarchical.HierarchicalTestEngine.execute(HierarchicalTestEngine.java:54)
	at org.junit.platform.launcher.core.EngineExecutionOrchestrator.execute(EngineExecutionOrchestrator.java:198)
	at org.junit.platform.launcher.core.EngineExecutionOrchestrator.execute(EngineExecutionOrchestrator.java:169)
	at org.junit.platform.launcher.core.EngineExecutionOrchestrator.execute(EngineExecutionOrchestrator.java:93)
	at org.junit.platform.launcher.core.EngineExecutionOrchestrator.lambda$execute$0(EngineExecutionOrchestrator.java:58)
	at org.junit.platform.launcher.core.EngineExecutionOrchestrator.withInterceptedStreams(EngineExecutionOrchestrator.java:141)
	at org.junit.platform.launcher.core.EngineExecutionOrchestrator.execute(EngineExecutionOrchestrator.java:57)
	at org.junit.platform.launcher.core.DefaultLauncher.execute(DefaultLauncher.java:103)
	at org.junit.platform.launcher.core.DefaultLauncher.execute(DefaultLauncher.java:85)
	at org.junit.platform.launcher.core.DelegatingLauncher.execute(DelegatingLauncher.java:47)
	at org.junit.platform.launcher.core.SessionPerRequestLauncher.execute(SessionPerRequestLauncher.java:63)
	at com.intellij.junit5.JUnit5IdeaTestRunner.startRunnerWithArgs(JUnit5IdeaTestRunner.java:57)
	at com.intellij.rt.junit.IdeaTestRunner$Repeater$1.execute(IdeaTestRunner.java:38)
	at com.intellij.rt.execution.junit.TestsRepeater.repeat(TestsRepeater.java:11)
	at com.intellij.rt.junit.IdeaTestRunner$Repeater.startRunnerWithArgs(IdeaTestRunner.java:35)
	at com.intellij.rt.junit.JUnitStarter.prepareStreamsAndStart(JUnitStarter.java:232)
	at com.intellij.rt.junit.JUnitStarter.main(JUnitStarter.java:55)
2025-02-13 15:29:30 [main] INFO  l.insoft.uztis.tests.utils.TestUtils - Screenshot moved to C:\Users\ingrida.zadorozniene\Desktop\Asm\UZTIS\UZTIS_tests\test-output\screenshots\20250213\152930502_testFillEvaluationTwo().png
2025-02-13 15:29:57 [main] INFO  lt.insoft.uztis.tests.UztisPageTest - Navigated to https://uztisdev.asseco.lt/home
2025-02-13 15:29:57 [main] INFO  l.i.uztis.tests.EvaluationsPageTest - Starting test:'testFillEvaluationTwo'
2025-02-13 15:29:57 [main] INFO  l.i.uztis.tests.EvaluationsPageTest - Starting test:'testNavigateToEvaluationsPage'
2025-02-13 15:29:58 [main] DEBUG l.i.uztis.tests.EvaluationsPageTest - User logged in with test credentials
2025-02-13 15:29:58 [main] DEBUG l.i.uztis.tests.EvaluationsPageTest - Opened 'Application Processing' menu.
2025-02-13 15:29:58 [main] DEBUG l.i.uztis.tests.EvaluationsPageTest - Clicked on 'Evaluations' menu.
2025-02-13 15:29:58 [main] DEBUG l.i.uztis.tests.EvaluationsPageTest - Navigating to evaluations menu.
2025-02-13 15:29:58 [main] INFO  l.i.uztis.tests.EvaluationsPageTest - Test 'testNavigateToEvaluationsPage' completed successfully.
2025-02-13 15:29:58 [main] DEBUG l.i.uztis.tests.EvaluationsPageTest - Clicked on last evaluation.
2025-02-13 15:29:59 [main] DEBUG l.i.uztis.tests.EvaluationsPageTest - Clicked 'Edit'.
2025-02-13 15:30:00 [main] DEBUG l.i.uztis.tests.EvaluationsPageTest - Entered commission date.
2025-02-13 15:30:00 [main] DEBUG l.i.uztis.tests.EvaluationsPageTest - Selected 'Without Commission' radio button.
2025-02-13 15:30:00 [main] DEBUG l.i.uztis.tests.EvaluationsPageTest - Entered chairman name: 'Pirmininkas Pirmininkauskas'.
2025-02-13 15:30:00 [main] DEBUG l.i.uztis.tests.EvaluationsPageTest - Entered member name: 'Narys Narauskas'.
2025-02-13 15:30:00 [main] DEBUG l.i.uztis.tests.EvaluationsPageTest - Clicked 'Confirm'.
2025-02-13 15:30:10 [main] ERROR l.i.uztis.tests.EvaluationsPageTest - Test 'testFillEvaluationTwo' failed with error: no such element: Unable to locate element: {"method":"css selector","selector":".reverse-mobile .ng-star-inserted:nth-of-type(2)"}
  (Session info: chrome=132.0.6834.197)
For documentation on this error, please visit: https://www.selenium.dev/documentation/webdriver/troubleshooting/errors#no-such-element-exception
Build info: version: '4.27.0', revision: 'd6e718d134'
System info: os.name: 'Windows 11', os.arch: 'amd64', os.version: '10.0', java.version: '21.0.3'
Driver info: org.openqa.selenium.chrome.ChromeDriver
Command: [8f54232c747fad2e56c7c3a5422b9b97, findElement {using=css selector, value=.reverse-mobile .ng-star-inserted:nth-of-type(2)}]
Capabilities {acceptInsecureCerts: false, browserName: chrome, browserVersion: 132.0.6834.197, chrome: {chromedriverVersion: 132.0.6834.159 (2d77d3fc445..., userDataDir: C:\Users\INGRID~1.ZAD\AppDa...}, fedcm:accounts: true, goog:chromeOptions: {debuggerAddress: localhost:52904}, networkConnectionEnabled: false, pageLoadStrategy: normal, platformName: windows, proxy: Proxy(), se:cdp: ws://localhost:52904/devtoo..., se:cdpVersion: 132.0.6834.197, setWindowRect: true, strictFileInteractability: false, timeouts: {implicit: 0, pageLoad: 300000, script: 30000}, unhandledPromptBehavior: dismiss and notify, webauthn:extension:credBlob: true, webauthn:extension:largeBlob: true, webauthn:extension:minPinLength: true, webauthn:extension:prf: true, webauthn:virtualAuthenticators: true}
Session ID: 8f54232c747fad2e56c7c3a5422b9b97
org.openqa.selenium.NoSuchElementException: no such element: Unable to locate element: {"method":"css selector","selector":".reverse-mobile .ng-star-inserted:nth-of-type(2)"}
  (Session info: chrome=132.0.6834.197)
For documentation on this error, please visit: https://www.selenium.dev/documentation/webdriver/troubleshooting/errors#no-such-element-exception
Build info: version: '4.27.0', revision: 'd6e718d134'
System info: os.name: 'Windows 11', os.arch: 'amd64', os.version: '10.0', java.version: '21.0.3'
Driver info: org.openqa.selenium.chrome.ChromeDriver
Command: [8f54232c747fad2e56c7c3a5422b9b97, findElement {using=css selector, value=.reverse-mobile .ng-star-inserted:nth-of-type(2)}]
Capabilities {acceptInsecureCerts: false, browserName: chrome, browserVersion: 132.0.6834.197, chrome: {chromedriverVersion: 132.0.6834.159 (2d77d3fc445..., userDataDir: C:\Users\INGRID~1.ZAD\AppDa...}, fedcm:accounts: true, goog:chromeOptions: {debuggerAddress: localhost:52904}, networkConnectionEnabled: false, pageLoadStrategy: normal, platformName: windows, proxy: Proxy(), se:cdp: ws://localhost:52904/devtoo..., se:cdpVersion: 132.0.6834.197, setWindowRect: true, strictFileInteractability: false, timeouts: {implicit: 0, pageLoad: 300000, script: 30000}, unhandledPromptBehavior: dismiss and notify, webauthn:extension:credBlob: true, webauthn:extension:largeBlob: true, webauthn:extension:minPinLength: true, webauthn:extension:prf: true, webauthn:virtualAuthenticators: true}
Session ID: 8f54232c747fad2e56c7c3a5422b9b97
	at java.base/jdk.internal.reflect.DirectConstructorHandleAccessor.newInstance(DirectConstructorHandleAccessor.java:62)
	at java.base/java.lang.reflect.Constructor.newInstanceWithCaller(Constructor.java:502)
	at java.base/java.lang.reflect.Constructor.newInstance(Constructor.java:486)
	at org.openqa.selenium.remote.ErrorCodec.decode(ErrorCodec.java:167)
	at org.openqa.selenium.remote.codec.w3c.W3CHttpResponseCodec.decode(W3CHttpResponseCodec.java:138)
	at org.openqa.selenium.remote.codec.w3c.W3CHttpResponseCodec.decode(W3CHttpResponseCodec.java:50)
	at org.openqa.selenium.remote.HttpCommandExecutor.execute(HttpCommandExecutor.java:190)
	at org.openqa.selenium.remote.service.DriverCommandExecutor.invokeExecute(DriverCommandExecutor.java:216)
	at org.openqa.selenium.remote.service.DriverCommandExecutor.execute(DriverCommandExecutor.java:174)
	at org.openqa.selenium.remote.RemoteWebDriver.execute(RemoteWebDriver.java:545)
	at org.openqa.selenium.remote.ElementLocation$ElementFinder$2.findElement(ElementLocation.java:165)
	at org.openqa.selenium.remote.ElementLocation.findElement(ElementLocation.java:59)
	at org.openqa.selenium.remote.RemoteWebDriver.findElement(RemoteWebDriver.java:368)
	at org.openqa.selenium.remote.RemoteWebDriver.findElement(RemoteWebDriver.java:362)
	at org.openqa.selenium.support.pagefactory.DefaultElementLocator.findElement(DefaultElementLocator.java:68)
	at org.openqa.selenium.support.pagefactory.internal.LocatingElementHandler.invoke(LocatingElementHandler.java:38)
	at jdk.proxy2/jdk.proxy2.$Proxy14.click(Unknown Source)
	at lt.insoft.uztis.pages.EvaluationsPage.clickButtonConfirmConfirmation(EvaluationsPage.java:172)
	at lt.insoft.uztis.tests.EvaluationsPageTest.testFillEvaluationTwo(EvaluationsPageTest.java:207)
	at java.base/jdk.internal.reflect.DirectMethodHandleAccessor.invoke(DirectMethodHandleAccessor.java:103)
	at java.base/java.lang.reflect.Method.invoke(Method.java:580)
	at org.junit.platform.commons.util.ReflectionUtils.invokeMethod(ReflectionUtils.java:728)
	at org.junit.jupiter.engine.execution.MethodInvocation.proceed(MethodInvocation.java:60)
	at org.junit.jupiter.engine.execution.InvocationInterceptorChain$ValidatingInvocation.proceed(InvocationInterceptorChain.java:131)
	at org.junit.jupiter.engine.extension.TimeoutExtension.intercept(TimeoutExtension.java:156)
	at org.junit.jupiter.engine.extension.TimeoutExtension.interceptTestableMethod(TimeoutExtension.java:147)
	at org.junit.jupiter.engine.extension.TimeoutExtension.interceptTestMethod(TimeoutExtension.java:86)
	at org.junit.jupiter.engine.execution.InterceptingExecutableInvoker$ReflectiveInterceptorCall.lambda$ofVoidMethod$0(InterceptingExecutableInvoker.java:103)
	at org.junit.jupiter.engine.execution.InterceptingExecutableInvoker.lambda$invoke$0(InterceptingExecutableInvoker.java:93)
	at org.junit.jupiter.engine.execution.InvocationInterceptorChain$InterceptedInvocation.proceed(InvocationInterceptorChain.java:106)
	at org.junit.jupiter.engine.execution.InvocationInterceptorChain.proceed(InvocationInterceptorChain.java:64)
	at org.junit.jupiter.engine.execution.InvocationInterceptorChain.chainAndInvoke(InvocationInterceptorChain.java:45)
	at org.junit.jupiter.engine.execution.InvocationInterceptorChain.invoke(InvocationInterceptorChain.java:37)
	at org.junit.jupiter.engine.execution.InterceptingExecutableInvoker.invoke(InterceptingExecutableInvoker.java:92)
	at org.junit.jupiter.engine.execution.InterceptingExecutableInvoker.invoke(InterceptingExecutableInvoker.java:86)
	at org.junit.jupiter.engine.descriptor.TestMethodTestDescriptor.lambda$invokeTestMethod$7(TestMethodTestDescriptor.java:218)
	at org.junit.platform.engine.support.hierarchical.ThrowableCollector.execute(ThrowableCollector.java:73)
	at org.junit.jupiter.engine.descriptor.TestMethodTestDescriptor.invokeTestMethod(TestMethodTestDescriptor.java:214)
	at org.junit.jupiter.engine.descriptor.TestMethodTestDescriptor.execute(TestMethodTestDescriptor.java:139)
	at org.junit.jupiter.engine.descriptor.TestMethodTestDescriptor.execute(TestMethodTestDescriptor.java:69)
	at org.junit.platform.engine.support.hierarchical.NodeTestTask.lambda$executeRecursively$6(NodeTestTask.java:151)
	at org.junit.platform.engine.support.hierarchical.ThrowableCollector.execute(ThrowableCollector.java:73)
	at org.junit.platform.engine.support.hierarchical.NodeTestTask.lambda$executeRecursively$8(NodeTestTask.java:141)
	at org.junit.platform.engine.support.hierarchical.Node.around(Node.java:137)
	at org.junit.platform.engine.support.hierarchical.NodeTestTask.lambda$executeRecursively$9(NodeTestTask.java:139)
	at org.junit.platform.engine.support.hierarchical.ThrowableCollector.execute(ThrowableCollector.java:73)
	at org.junit.platform.engine.support.hierarchical.NodeTestTask.executeRecursively(NodeTestTask.java:138)
	at org.junit.platform.engine.support.hierarchical.NodeTestTask.execute(NodeTestTask.java:95)
	at java.base/java.util.ArrayList.forEach(ArrayList.java:1596)
	at org.junit.platform.engine.support.hierarchical.SameThreadHierarchicalTestExecutorService.invokeAll(SameThreadHierarchicalTestExecutorService.java:41)
	at org.junit.platform.engine.support.hierarchical.NodeTestTask.lambda$executeRecursively$6(NodeTestTask.java:155)
	at org.junit.platform.engine.support.hierarchical.ThrowableCollector.execute(ThrowableCollector.java:73)
	at org.junit.platform.engine.support.hierarchical.NodeTestTask.lambda$executeRecursively$8(NodeTestTask.java:141)
	at org.junit.platform.engine.support.hierarchical.Node.around(Node.java:137)
	at org.junit.platform.engine.support.hierarchical.NodeTestTask.lambda$executeRecursively$9(NodeTestTask.java:139)
	at org.junit.platform.engine.support.hierarchical.ThrowableCollector.execute(ThrowableCollector.java:73)
	at org.junit.platform.engine.support.hierarchical.NodeTestTask.executeRecursively(NodeTestTask.java:138)
	at org.junit.platform.engine.support.hierarchical.NodeTestTask.execute(NodeTestTask.java:95)
	at java.base/java.util.ArrayList.forEach(ArrayList.java:1596)
	at org.junit.platform.engine.support.hierarchical.SameThreadHierarchicalTestExecutorService.invokeAll(SameThreadHierarchicalTestExecutorService.java:41)
	at org.junit.platform.engine.support.hierarchical.NodeTestTask.lambda$executeRecursively$6(NodeTestTask.java:155)
	at org.junit.platform.engine.support.hierarchical.ThrowableCollector.execute(ThrowableCollector.java:73)
	at org.junit.platform.engine.support.hierarchical.NodeTestTask.lambda$executeRecursively$8(NodeTestTask.java:141)
	at org.junit.platform.engine.support.hierarchical.Node.around(Node.java:137)
	at org.junit.platform.engine.support.hierarchical.NodeTestTask.lambda$executeRecursively$9(NodeTestTask.java:139)
	at org.junit.platform.engine.support.hierarchical.ThrowableCollector.execute(ThrowableCollector.java:73)
	at org.junit.platform.engine.support.hierarchical.NodeTestTask.executeRecursively(NodeTestTask.java:138)
	at org.junit.platform.engine.support.hierarchical.NodeTestTask.execute(NodeTestTask.java:95)
	at org.junit.platform.engine.support.hierarchical.SameThreadHierarchicalTestExecutorService.submit(SameThreadHierarchicalTestExecutorService.java:35)
	at org.junit.platform.engine.support.hierarchical.HierarchicalTestExecutor.execute(HierarchicalTestExecutor.java:57)
	at org.junit.platform.engine.support.hierarchical.HierarchicalTestEngine.execute(HierarchicalTestEngine.java:54)
	at org.junit.platform.launcher.core.EngineExecutionOrchestrator.execute(EngineExecutionOrchestrator.java:198)
	at org.junit.platform.launcher.core.EngineExecutionOrchestrator.execute(EngineExecutionOrchestrator.java:169)
	at org.junit.platform.launcher.core.EngineExecutionOrchestrator.execute(EngineExecutionOrchestrator.java:93)
	at org.junit.platform.launcher.core.EngineExecutionOrchestrator.lambda$execute$0(EngineExecutionOrchestrator.java:58)
	at org.junit.platform.launcher.core.EngineExecutionOrchestrator.withInterceptedStreams(EngineExecutionOrchestrator.java:141)
	at org.junit.platform.launcher.core.EngineExecutionOrchestrator.execute(EngineExecutionOrchestrator.java:57)
	at org.junit.platform.launcher.core.DefaultLauncher.execute(DefaultLauncher.java:103)
	at org.junit.platform.launcher.core.DefaultLauncher.execute(DefaultLauncher.java:85)
	at org.junit.platform.launcher.core.DelegatingLauncher.execute(DelegatingLauncher.java:47)
	at org.junit.platform.launcher.core.SessionPerRequestLauncher.execute(SessionPerRequestLauncher.java:63)
	at com.intellij.junit5.JUnit5IdeaTestRunner.startRunnerWithArgs(JUnit5IdeaTestRunner.java:57)
	at com.intellij.rt.junit.IdeaTestRunner$Repeater$1.execute(IdeaTestRunner.java:38)
	at com.intellij.rt.execution.junit.TestsRepeater.repeat(TestsRepeater.java:11)
	at com.intellij.rt.junit.IdeaTestRunner$Repeater.startRunnerWithArgs(IdeaTestRunner.java:35)
	at com.intellij.rt.junit.JUnitStarter.prepareStreamsAndStart(JUnitStarter.java:232)
	at com.intellij.rt.junit.JUnitStarter.main(JUnitStarter.java:55)
2025-02-13 15:30:10 [main] INFO  l.insoft.uztis.tests.utils.TestUtils - Screenshot moved to C:\Users\ingrida.zadorozniene\Desktop\Asm\UZTIS\UZTIS_tests\test-output\screenshots\20250213\153010918_testFillEvaluationTwo().png
2025-02-14 11:24:59 [main] INFO  lt.insoft.uztis.tests.UztisPageTest - Navigated to https://uztisdev.asseco.lt/home
2025-02-14 11:24:59 [main] INFO  l.i.uztis.tests.EvaluationsPageTest - Starting test:'testFillEvaluationTwo'
2025-02-14 11:24:59 [main] INFO  l.i.uztis.tests.EvaluationsPageTest - Starting test:'testNavigateToEvaluationsPage'
2025-02-14 11:25:00 [main] DEBUG l.i.uztis.tests.EvaluationsPageTest - User logged in with test credentials
2025-02-14 11:25:00 [main] DEBUG l.i.uztis.tests.EvaluationsPageTest - Opened 'Application Processing' menu.
2025-02-14 11:25:00 [main] DEBUG l.i.uztis.tests.EvaluationsPageTest - Clicked on 'Evaluations' menu.
2025-02-14 11:25:00 [main] DEBUG l.i.uztis.tests.EvaluationsPageTest - Navigating to evaluations menu.
2025-02-14 11:25:00 [main] INFO  l.i.uztis.tests.EvaluationsPageTest - Test 'testNavigateToEvaluationsPage' completed successfully.
2025-02-14 11:25:00 [main] DEBUG l.i.uztis.tests.EvaluationsPageTest - Clicked on last evaluation.
2025-02-14 11:25:01 [main] DEBUG l.i.uztis.tests.EvaluationsPageTest - Clicked 'Edit'.
2025-02-14 11:25:01 [main] DEBUG l.i.uztis.tests.EvaluationsPageTest - Entered commission date.
2025-02-14 11:25:02 [main] DEBUG l.i.uztis.tests.EvaluationsPageTest - Selected 'Without Commission' radio button.
2025-02-14 11:25:02 [main] DEBUG l.i.uztis.tests.EvaluationsPageTest - Entered chairman name: 'Pirmininkas Pirmininkauskas'.
2025-02-14 11:25:02 [main] DEBUG l.i.uztis.tests.EvaluationsPageTest - Entered member name: 'Narys Narauskas'.
2025-02-14 11:25:02 [main] DEBUG l.i.uztis.tests.EvaluationsPageTest - Clicked 'Continue'.
2025-02-14 11:25:02 [main] DEBUG l.i.uztis.tests.EvaluationsPageTest - Clicked 'Confirm'.
2025-02-14 11:25:08 [main] ERROR l.i.uztis.tests.EvaluationsPageTest - Test 'testFillEvaluationTwo' failed with error: invalid session id: session deleted as the browser has closed the connection
from disconnected: unable to send message to renderer
  (Session info: chrome=132.0.6834.197)
Build info: version: '4.27.0', revision: 'd6e718d134'
System info: os.name: 'Windows 11', os.arch: 'amd64', os.version: '10.0', java.version: '21.0.3'
Driver info: org.openqa.selenium.chrome.ChromeDriver
Command: [041cc8c6e7dc9c496ce5b884ba49a12c, findElement {value=.reverse-mobile .ng-star-inserted:nth-of-type(2), using=css selector}]
Capabilities {acceptInsecureCerts: false, browserName: chrome, browserVersion: 132.0.6834.197, chrome: {chromedriverVersion: 132.0.6834.159 (2d77d3fc445..., userDataDir: C:\Users\INGRID~1.ZAD\AppDa...}, fedcm:accounts: true, goog:chromeOptions: {debuggerAddress: localhost:52176}, networkConnectionEnabled: false, pageLoadStrategy: normal, platformName: windows, proxy: Proxy(), se:cdp: ws://localhost:52176/devtoo..., se:cdpVersion: 132.0.6834.197, setWindowRect: true, strictFileInteractability: false, timeouts: {implicit: 0, pageLoad: 300000, script: 30000}, unhandledPromptBehavior: dismiss and notify, webauthn:extension:credBlob: true, webauthn:extension:largeBlob: true, webauthn:extension:minPinLength: true, webauthn:extension:prf: true, webauthn:virtualAuthenticators: true}
Session ID: 041cc8c6e7dc9c496ce5b884ba49a12c
org.openqa.selenium.NoSuchSessionException: invalid session id: session deleted as the browser has closed the connection
from disconnected: unable to send message to renderer
  (Session info: chrome=132.0.6834.197)
Build info: version: '4.27.0', revision: 'd6e718d134'
System info: os.name: 'Windows 11', os.arch: 'amd64', os.version: '10.0', java.version: '21.0.3'
Driver info: org.openqa.selenium.chrome.ChromeDriver
Command: [041cc8c6e7dc9c496ce5b884ba49a12c, findElement {value=.reverse-mobile .ng-star-inserted:nth-of-type(2), using=css selector}]
Capabilities {acceptInsecureCerts: false, browserName: chrome, browserVersion: 132.0.6834.197, chrome: {chromedriverVersion: 132.0.6834.159 (2d77d3fc445..., userDataDir: C:\Users\INGRID~1.ZAD\AppDa...}, fedcm:accounts: true, goog:chromeOptions: {debuggerAddress: localhost:52176}, networkConnectionEnabled: false, pageLoadStrategy: normal, platformName: windows, proxy: Proxy(), se:cdp: ws://localhost:52176/devtoo..., se:cdpVersion: 132.0.6834.197, setWindowRect: true, strictFileInteractability: false, timeouts: {implicit: 0, pageLoad: 300000, script: 30000}, unhandledPromptBehavior: dismiss and notify, webauthn:extension:credBlob: true, webauthn:extension:largeBlob: true, webauthn:extension:minPinLength: true, webauthn:extension:prf: true, webauthn:virtualAuthenticators: true}
Session ID: 041cc8c6e7dc9c496ce5b884ba49a12c
	at java.base/jdk.internal.reflect.DirectConstructorHandleAccessor.newInstance(DirectConstructorHandleAccessor.java:62)
	at java.base/java.lang.reflect.Constructor.newInstanceWithCaller(Constructor.java:502)
	at java.base/java.lang.reflect.Constructor.newInstance(Constructor.java:486)
	at org.openqa.selenium.remote.ErrorCodec.decode(ErrorCodec.java:167)
	at org.openqa.selenium.remote.codec.w3c.W3CHttpResponseCodec.decode(W3CHttpResponseCodec.java:138)
	at org.openqa.selenium.remote.codec.w3c.W3CHttpResponseCodec.decode(W3CHttpResponseCodec.java:50)
	at org.openqa.selenium.remote.HttpCommandExecutor.execute(HttpCommandExecutor.java:190)
	at org.openqa.selenium.remote.service.DriverCommandExecutor.invokeExecute(DriverCommandExecutor.java:216)
	at org.openqa.selenium.remote.service.DriverCommandExecutor.execute(DriverCommandExecutor.java:174)
	at org.openqa.selenium.remote.RemoteWebDriver.execute(RemoteWebDriver.java:545)
	at org.openqa.selenium.remote.ElementLocation$ElementFinder$2.findElement(ElementLocation.java:165)
	at org.openqa.selenium.remote.ElementLocation.findElement(ElementLocation.java:59)
	at org.openqa.selenium.remote.RemoteWebDriver.findElement(RemoteWebDriver.java:368)
	at org.openqa.selenium.remote.RemoteWebDriver.findElement(RemoteWebDriver.java:362)
	at org.openqa.selenium.support.pagefactory.DefaultElementLocator.findElement(DefaultElementLocator.java:68)
	at org.openqa.selenium.support.pagefactory.internal.LocatingElementHandler.invoke(LocatingElementHandler.java:38)
	at jdk.proxy2/jdk.proxy2.$Proxy14.click(Unknown Source)
	at lt.insoft.uztis.pages.EvaluationsPage.clickButtonConfirmConfirmation(EvaluationsPage.java:179)
	at lt.insoft.uztis.tests.EvaluationsPageTest.testFillEvaluationTwo(EvaluationsPageTest.java:208)
	at java.base/jdk.internal.reflect.DirectMethodHandleAccessor.invoke(DirectMethodHandleAccessor.java:103)
	at java.base/java.lang.reflect.Method.invoke(Method.java:580)
	at org.junit.platform.commons.util.ReflectionUtils.invokeMethod(ReflectionUtils.java:728)
	at org.junit.jupiter.engine.execution.MethodInvocation.proceed(MethodInvocation.java:60)
	at org.junit.jupiter.engine.execution.InvocationInterceptorChain$ValidatingInvocation.proceed(InvocationInterceptorChain.java:131)
	at org.junit.jupiter.engine.extension.TimeoutExtension.intercept(TimeoutExtension.java:156)
	at org.junit.jupiter.engine.extension.TimeoutExtension.interceptTestableMethod(TimeoutExtension.java:147)
	at org.junit.jupiter.engine.extension.TimeoutExtension.interceptTestMethod(TimeoutExtension.java:86)
	at org.junit.jupiter.engine.execution.InterceptingExecutableInvoker$ReflectiveInterceptorCall.lambda$ofVoidMethod$0(InterceptingExecutableInvoker.java:103)
	at org.junit.jupiter.engine.execution.InterceptingExecutableInvoker.lambda$invoke$0(InterceptingExecutableInvoker.java:93)
	at org.junit.jupiter.engine.execution.InvocationInterceptorChain$InterceptedInvocation.proceed(InvocationInterceptorChain.java:106)
	at org.junit.jupiter.engine.execution.InvocationInterceptorChain.proceed(InvocationInterceptorChain.java:64)
	at org.junit.jupiter.engine.execution.InvocationInterceptorChain.chainAndInvoke(InvocationInterceptorChain.java:45)
	at org.junit.jupiter.engine.execution.InvocationInterceptorChain.invoke(InvocationInterceptorChain.java:37)
	at org.junit.jupiter.engine.execution.InterceptingExecutableInvoker.invoke(InterceptingExecutableInvoker.java:92)
	at org.junit.jupiter.engine.execution.InterceptingExecutableInvoker.invoke(InterceptingExecutableInvoker.java:86)
	at org.junit.jupiter.engine.descriptor.TestMethodTestDescriptor.lambda$invokeTestMethod$7(TestMethodTestDescriptor.java:218)
	at org.junit.platform.engine.support.hierarchical.ThrowableCollector.execute(ThrowableCollector.java:73)
	at org.junit.jupiter.engine.descriptor.TestMethodTestDescriptor.invokeTestMethod(TestMethodTestDescriptor.java:214)
	at org.junit.jupiter.engine.descriptor.TestMethodTestDescriptor.execute(TestMethodTestDescriptor.java:139)
	at org.junit.jupiter.engine.descriptor.TestMethodTestDescriptor.execute(TestMethodTestDescriptor.java:69)
	at org.junit.platform.engine.support.hierarchical.NodeTestTask.lambda$executeRecursively$6(NodeTestTask.java:151)
	at org.junit.platform.engine.support.hierarchical.ThrowableCollector.execute(ThrowableCollector.java:73)
	at org.junit.platform.engine.support.hierarchical.NodeTestTask.lambda$executeRecursively$8(NodeTestTask.java:141)
	at org.junit.platform.engine.support.hierarchical.Node.around(Node.java:137)
	at org.junit.platform.engine.support.hierarchical.NodeTestTask.lambda$executeRecursively$9(NodeTestTask.java:139)
	at org.junit.platform.engine.support.hierarchical.ThrowableCollector.execute(ThrowableCollector.java:73)
	at org.junit.platform.engine.support.hierarchical.NodeTestTask.executeRecursively(NodeTestTask.java:138)
	at org.junit.platform.engine.support.hierarchical.NodeTestTask.execute(NodeTestTask.java:95)
	at java.base/java.util.ArrayList.forEach(ArrayList.java:1596)
	at org.junit.platform.engine.support.hierarchical.SameThreadHierarchicalTestExecutorService.invokeAll(SameThreadHierarchicalTestExecutorService.java:41)
	at org.junit.platform.engine.support.hierarchical.NodeTestTask.lambda$executeRecursively$6(NodeTestTask.java:155)
	at org.junit.platform.engine.support.hierarchical.ThrowableCollector.execute(ThrowableCollector.java:73)
	at org.junit.platform.engine.support.hierarchical.NodeTestTask.lambda$executeRecursively$8(NodeTestTask.java:141)
	at org.junit.platform.engine.support.hierarchical.Node.around(Node.java:137)
	at org.junit.platform.engine.support.hierarchical.NodeTestTask.lambda$executeRecursively$9(NodeTestTask.java:139)
	at org.junit.platform.engine.support.hierarchical.ThrowableCollector.execute(ThrowableCollector.java:73)
	at org.junit.platform.engine.support.hierarchical.NodeTestTask.executeRecursively(NodeTestTask.java:138)
	at org.junit.platform.engine.support.hierarchical.NodeTestTask.execute(NodeTestTask.java:95)
	at java.base/java.util.ArrayList.forEach(ArrayList.java:1596)
	at org.junit.platform.engine.support.hierarchical.SameThreadHierarchicalTestExecutorService.invokeAll(SameThreadHierarchicalTestExecutorService.java:41)
	at org.junit.platform.engine.support.hierarchical.NodeTestTask.lambda$executeRecursively$6(NodeTestTask.java:155)
	at org.junit.platform.engine.support.hierarchical.ThrowableCollector.execute(ThrowableCollector.java:73)
	at org.junit.platform.engine.support.hierarchical.NodeTestTask.lambda$executeRecursively$8(NodeTestTask.java:141)
	at org.junit.platform.engine.support.hierarchical.Node.around(Node.java:137)
	at org.junit.platform.engine.support.hierarchical.NodeTestTask.lambda$executeRecursively$9(NodeTestTask.java:139)
	at org.junit.platform.engine.support.hierarchical.ThrowableCollector.execute(ThrowableCollector.java:73)
	at org.junit.platform.engine.support.hierarchical.NodeTestTask.executeRecursively(NodeTestTask.java:138)
	at org.junit.platform.engine.support.hierarchical.NodeTestTask.execute(NodeTestTask.java:95)
	at org.junit.platform.engine.support.hierarchical.SameThreadHierarchicalTestExecutorService.submit(SameThreadHierarchicalTestExecutorService.java:35)
	at org.junit.platform.engine.support.hierarchical.HierarchicalTestExecutor.execute(HierarchicalTestExecutor.java:57)
	at org.junit.platform.engine.support.hierarchical.HierarchicalTestEngine.execute(HierarchicalTestEngine.java:54)
	at org.junit.platform.launcher.core.EngineExecutionOrchestrator.execute(EngineExecutionOrchestrator.java:198)
	at org.junit.platform.launcher.core.EngineExecutionOrchestrator.execute(EngineExecutionOrchestrator.java:169)
	at org.junit.platform.launcher.core.EngineExecutionOrchestrator.execute(EngineExecutionOrchestrator.java:93)
	at org.junit.platform.launcher.core.EngineExecutionOrchestrator.lambda$execute$0(EngineExecutionOrchestrator.java:58)
	at org.junit.platform.launcher.core.EngineExecutionOrchestrator.withInterceptedStreams(EngineExecutionOrchestrator.java:141)
	at org.junit.platform.launcher.core.EngineExecutionOrchestrator.execute(EngineExecutionOrchestrator.java:57)
	at org.junit.platform.launcher.core.DefaultLauncher.execute(DefaultLauncher.java:103)
	at org.junit.platform.launcher.core.DefaultLauncher.execute(DefaultLauncher.java:85)
	at org.junit.platform.launcher.core.DelegatingLauncher.execute(DelegatingLauncher.java:47)
	at org.junit.platform.launcher.core.SessionPerRequestLauncher.execute(SessionPerRequestLauncher.java:63)
	at com.intellij.junit5.JUnit5IdeaTestRunner.startRunnerWithArgs(JUnit5IdeaTestRunner.java:57)
	at com.intellij.rt.junit.IdeaTestRunner$Repeater$1.execute(IdeaTestRunner.java:38)
	at com.intellij.rt.execution.junit.TestsRepeater.repeat(TestsRepeater.java:11)
	at com.intellij.rt.junit.IdeaTestRunner$Repeater.startRunnerWithArgs(IdeaTestRunner.java:35)
	at com.intellij.rt.junit.JUnitStarter.prepareStreamsAndStart(JUnitStarter.java:232)
	at com.intellij.rt.junit.JUnitStarter.main(JUnitStarter.java:55)
2025-02-14 11:32:42 [main] INFO  lt.insoft.uztis.tests.UztisPageTest - Navigated to https://uztisdev.asseco.lt/home
2025-02-14 11:32:42 [main] INFO  l.i.uztis.tests.EvaluationsPageTest - Starting test:'testFillEvaluationTwo'
2025-02-14 11:32:42 [main] INFO  l.i.uztis.tests.EvaluationsPageTest - Starting test:'testNavigateToEvaluationsPage'
2025-02-14 11:32:42 [main] DEBUG l.i.uztis.tests.EvaluationsPageTest - User logged in with test credentials
2025-02-14 11:32:43 [main] DEBUG l.i.uztis.tests.EvaluationsPageTest - Opened 'Application Processing' menu.
2025-02-14 11:32:43 [main] DEBUG l.i.uztis.tests.EvaluationsPageTest - Clicked on 'Evaluations' menu.
2025-02-14 11:32:43 [main] DEBUG l.i.uztis.tests.EvaluationsPageTest - Navigating to evaluations menu.
2025-02-14 11:32:43 [main] INFO  l.i.uztis.tests.EvaluationsPageTest - Test 'testNavigateToEvaluationsPage' completed successfully.
2025-02-14 11:32:43 [main] DEBUG l.i.uztis.tests.EvaluationsPageTest - Clicked on last evaluation.
2025-02-14 11:32:44 [main] DEBUG l.i.uztis.tests.EvaluationsPageTest - Clicked 'Edit'.
2025-02-14 11:32:44 [main] DEBUG l.i.uztis.tests.EvaluationsPageTest - Entered commission date.
2025-02-14 11:32:45 [main] DEBUG l.i.uztis.tests.EvaluationsPageTest - Selected 'Without Commission' radio button.
2025-02-14 11:32:45 [main] DEBUG l.i.uztis.tests.EvaluationsPageTest - Entered chairman name: 'Pirmininkas Pirmininkauskas'.
2025-02-14 11:32:45 [main] DEBUG l.i.uztis.tests.EvaluationsPageTest - Entered member name: 'Narys Narauskas'.
2025-02-14 11:32:45 [main] DEBUG l.i.uztis.tests.EvaluationsPageTest - Clicked 'Continue'.
2025-02-14 11:32:45 [main] DEBUG l.i.uztis.tests.EvaluationsPageTest - Entered member name: '10'.
2025-02-14 11:32:45 [main] DEBUG l.i.uztis.tests.EvaluationsPageTest - Clicked 'Confirm'.
2025-02-14 11:32:56 [main] ERROR l.i.uztis.tests.EvaluationsPageTest - Test 'testFillEvaluationTwo' failed with error: no such element: Unable to locate element: {"method":"css selector","selector":".reverse-mobile .ng-star-inserted:nth-of-type(2)"}
  (Session info: chrome=132.0.6834.197)
For documentation on this error, please visit: https://www.selenium.dev/documentation/webdriver/troubleshooting/errors#no-such-element-exception
Build info: version: '4.27.0', revision: 'd6e718d134'
System info: os.name: 'Windows 11', os.arch: 'amd64', os.version: '10.0', java.version: '21.0.3'
Driver info: org.openqa.selenium.chrome.ChromeDriver
Command: [7fe65a2e5800458531674dd63e849ee1, findElement {using=css selector, value=.reverse-mobile .ng-star-inserted:nth-of-type(2)}]
Capabilities {acceptInsecureCerts: false, browserName: chrome, browserVersion: 132.0.6834.197, chrome: {chromedriverVersion: 132.0.6834.159 (2d77d3fc445..., userDataDir: C:\Users\INGRID~1.ZAD\AppDa...}, fedcm:accounts: true, goog:chromeOptions: {debuggerAddress: localhost:52445}, networkConnectionEnabled: false, pageLoadStrategy: normal, platformName: windows, proxy: Proxy(), se:cdp: ws://localhost:52445/devtoo..., se:cdpVersion: 132.0.6834.197, setWindowRect: true, strictFileInteractability: false, timeouts: {implicit: 0, pageLoad: 300000, script: 30000}, unhandledPromptBehavior: dismiss and notify, webauthn:extension:credBlob: true, webauthn:extension:largeBlob: true, webauthn:extension:minPinLength: true, webauthn:extension:prf: true, webauthn:virtualAuthenticators: true}
Session ID: 7fe65a2e5800458531674dd63e849ee1
org.openqa.selenium.NoSuchElementException: no such element: Unable to locate element: {"method":"css selector","selector":".reverse-mobile .ng-star-inserted:nth-of-type(2)"}
  (Session info: chrome=132.0.6834.197)
For documentation on this error, please visit: https://www.selenium.dev/documentation/webdriver/troubleshooting/errors#no-such-element-exception
Build info: version: '4.27.0', revision: 'd6e718d134'
System info: os.name: 'Windows 11', os.arch: 'amd64', os.version: '10.0', java.version: '21.0.3'
Driver info: org.openqa.selenium.chrome.ChromeDriver
Command: [7fe65a2e5800458531674dd63e849ee1, findElement {using=css selector, value=.reverse-mobile .ng-star-inserted:nth-of-type(2)}]
Capabilities {acceptInsecureCerts: false, browserName: chrome, browserVersion: 132.0.6834.197, chrome: {chromedriverVersion: 132.0.6834.159 (2d77d3fc445..., userDataDir: C:\Users\INGRID~1.ZAD\AppDa...}, fedcm:accounts: true, goog:chromeOptions: {debuggerAddress: localhost:52445}, networkConnectionEnabled: false, pageLoadStrategy: normal, platformName: windows, proxy: Proxy(), se:cdp: ws://localhost:52445/devtoo..., se:cdpVersion: 132.0.6834.197, setWindowRect: true, strictFileInteractability: false, timeouts: {implicit: 0, pageLoad: 300000, script: 30000}, unhandledPromptBehavior: dismiss and notify, webauthn:extension:credBlob: true, webauthn:extension:largeBlob: true, webauthn:extension:minPinLength: true, webauthn:extension:prf: true, webauthn:virtualAuthenticators: true}
Session ID: 7fe65a2e5800458531674dd63e849ee1
	at java.base/jdk.internal.reflect.DirectConstructorHandleAccessor.newInstance(DirectConstructorHandleAccessor.java:62)
	at java.base/java.lang.reflect.Constructor.newInstanceWithCaller(Constructor.java:502)
	at java.base/java.lang.reflect.Constructor.newInstance(Constructor.java:486)
	at org.openqa.selenium.remote.ErrorCodec.decode(ErrorCodec.java:167)
	at org.openqa.selenium.remote.codec.w3c.W3CHttpResponseCodec.decode(W3CHttpResponseCodec.java:138)
	at org.openqa.selenium.remote.codec.w3c.W3CHttpResponseCodec.decode(W3CHttpResponseCodec.java:50)
	at org.openqa.selenium.remote.HttpCommandExecutor.execute(HttpCommandExecutor.java:190)
	at org.openqa.selenium.remote.service.DriverCommandExecutor.invokeExecute(DriverCommandExecutor.java:216)
	at org.openqa.selenium.remote.service.DriverCommandExecutor.execute(DriverCommandExecutor.java:174)
	at org.openqa.selenium.remote.RemoteWebDriver.execute(RemoteWebDriver.java:545)
	at org.openqa.selenium.remote.ElementLocation$ElementFinder$2.findElement(ElementLocation.java:165)
	at org.openqa.selenium.remote.ElementLocation.findElement(ElementLocation.java:59)
	at org.openqa.selenium.remote.RemoteWebDriver.findElement(RemoteWebDriver.java:368)
	at org.openqa.selenium.remote.RemoteWebDriver.findElement(RemoteWebDriver.java:362)
	at org.openqa.selenium.support.pagefactory.DefaultElementLocator.findElement(DefaultElementLocator.java:68)
	at org.openqa.selenium.support.pagefactory.internal.LocatingElementHandler.invoke(LocatingElementHandler.java:38)
	at jdk.proxy2/jdk.proxy2.$Proxy14.click(Unknown Source)
	at lt.insoft.uztis.pages.EvaluationsPage.clickButtonConfirmConfirmation(EvaluationsPage.java:181)
	at lt.insoft.uztis.tests.EvaluationsPageTest.testFillEvaluationTwo(EvaluationsPageTest.java:213)
	at java.base/jdk.internal.reflect.DirectMethodHandleAccessor.invoke(DirectMethodHandleAccessor.java:103)
	at java.base/java.lang.reflect.Method.invoke(Method.java:580)
	at org.junit.platform.commons.util.ReflectionUtils.invokeMethod(ReflectionUtils.java:728)
	at org.junit.jupiter.engine.execution.MethodInvocation.proceed(MethodInvocation.java:60)
	at org.junit.jupiter.engine.execution.InvocationInterceptorChain$ValidatingInvocation.proceed(InvocationInterceptorChain.java:131)
	at org.junit.jupiter.engine.extension.TimeoutExtension.intercept(TimeoutExtension.java:156)
	at org.junit.jupiter.engine.extension.TimeoutExtension.interceptTestableMethod(TimeoutExtension.java:147)
	at org.junit.jupiter.engine.extension.TimeoutExtension.interceptTestMethod(TimeoutExtension.java:86)
	at org.junit.jupiter.engine.execution.InterceptingExecutableInvoker$ReflectiveInterceptorCall.lambda$ofVoidMethod$0(InterceptingExecutableInvoker.java:103)
	at org.junit.jupiter.engine.execution.InterceptingExecutableInvoker.lambda$invoke$0(InterceptingExecutableInvoker.java:93)
	at org.junit.jupiter.engine.execution.InvocationInterceptorChain$InterceptedInvocation.proceed(InvocationInterceptorChain.java:106)
	at org.junit.jupiter.engine.execution.InvocationInterceptorChain.proceed(InvocationInterceptorChain.java:64)
	at org.junit.jupiter.engine.execution.InvocationInterceptorChain.chainAndInvoke(InvocationInterceptorChain.java:45)
	at org.junit.jupiter.engine.execution.InvocationInterceptorChain.invoke(InvocationInterceptorChain.java:37)
	at org.junit.jupiter.engine.execution.InterceptingExecutableInvoker.invoke(InterceptingExecutableInvoker.java:92)
	at org.junit.jupiter.engine.execution.InterceptingExecutableInvoker.invoke(InterceptingExecutableInvoker.java:86)
	at org.junit.jupiter.engine.descriptor.TestMethodTestDescriptor.lambda$invokeTestMethod$7(TestMethodTestDescriptor.java:218)
	at org.junit.platform.engine.support.hierarchical.ThrowableCollector.execute(ThrowableCollector.java:73)
	at org.junit.jupiter.engine.descriptor.TestMethodTestDescriptor.invokeTestMethod(TestMethodTestDescriptor.java:214)
	at org.junit.jupiter.engine.descriptor.TestMethodTestDescriptor.execute(TestMethodTestDescriptor.java:139)
	at org.junit.jupiter.engine.descriptor.TestMethodTestDescriptor.execute(TestMethodTestDescriptor.java:69)
	at org.junit.platform.engine.support.hierarchical.NodeTestTask.lambda$executeRecursively$6(NodeTestTask.java:151)
	at org.junit.platform.engine.support.hierarchical.ThrowableCollector.execute(ThrowableCollector.java:73)
	at org.junit.platform.engine.support.hierarchical.NodeTestTask.lambda$executeRecursively$8(NodeTestTask.java:141)
	at org.junit.platform.engine.support.hierarchical.Node.around(Node.java:137)
	at org.junit.platform.engine.support.hierarchical.NodeTestTask.lambda$executeRecursively$9(NodeTestTask.java:139)
	at org.junit.platform.engine.support.hierarchical.ThrowableCollector.execute(ThrowableCollector.java:73)
	at org.junit.platform.engine.support.hierarchical.NodeTestTask.executeRecursively(NodeTestTask.java:138)
	at org.junit.platform.engine.support.hierarchical.NodeTestTask.execute(NodeTestTask.java:95)
	at java.base/java.util.ArrayList.forEach(ArrayList.java:1596)
	at org.junit.platform.engine.support.hierarchical.SameThreadHierarchicalTestExecutorService.invokeAll(SameThreadHierarchicalTestExecutorService.java:41)
	at org.junit.platform.engine.support.hierarchical.NodeTestTask.lambda$executeRecursively$6(NodeTestTask.java:155)
	at org.junit.platform.engine.support.hierarchical.ThrowableCollector.execute(ThrowableCollector.java:73)
	at org.junit.platform.engine.support.hierarchical.NodeTestTask.lambda$executeRecursively$8(NodeTestTask.java:141)
	at org.junit.platform.engine.support.hierarchical.Node.around(Node.java:137)
	at org.junit.platform.engine.support.hierarchical.NodeTestTask.lambda$executeRecursively$9(NodeTestTask.java:139)
	at org.junit.platform.engine.support.hierarchical.ThrowableCollector.execute(ThrowableCollector.java:73)
	at org.junit.platform.engine.support.hierarchical.NodeTestTask.executeRecursively(NodeTestTask.java:138)
	at org.junit.platform.engine.support.hierarchical.NodeTestTask.execute(NodeTestTask.java:95)
	at java.base/java.util.ArrayList.forEach(ArrayList.java:1596)
	at org.junit.platform.engine.support.hierarchical.SameThreadHierarchicalTestExecutorService.invokeAll(SameThreadHierarchicalTestExecutorService.java:41)
	at org.junit.platform.engine.support.hierarchical.NodeTestTask.lambda$executeRecursively$6(NodeTestTask.java:155)
	at org.junit.platform.engine.support.hierarchical.ThrowableCollector.execute(ThrowableCollector.java:73)
	at org.junit.platform.engine.support.hierarchical.NodeTestTask.lambda$executeRecursively$8(NodeTestTask.java:141)
	at org.junit.platform.engine.support.hierarchical.Node.around(Node.java:137)
	at org.junit.platform.engine.support.hierarchical.NodeTestTask.lambda$executeRecursively$9(NodeTestTask.java:139)
	at org.junit.platform.engine.support.hierarchical.ThrowableCollector.execute(ThrowableCollector.java:73)
	at org.junit.platform.engine.support.hierarchical.NodeTestTask.executeRecursively(NodeTestTask.java:138)
	at org.junit.platform.engine.support.hierarchical.NodeTestTask.execute(NodeTestTask.java:95)
	at org.junit.platform.engine.support.hierarchical.SameThreadHierarchicalTestExecutorService.submit(SameThreadHierarchicalTestExecutorService.java:35)
	at org.junit.platform.engine.support.hierarchical.HierarchicalTestExecutor.execute(HierarchicalTestExecutor.java:57)
	at org.junit.platform.engine.support.hierarchical.HierarchicalTestEngine.execute(HierarchicalTestEngine.java:54)
	at org.junit.platform.launcher.core.EngineExecutionOrchestrator.execute(EngineExecutionOrchestrator.java:198)
	at org.junit.platform.launcher.core.EngineExecutionOrchestrator.execute(EngineExecutionOrchestrator.java:169)
	at org.junit.platform.launcher.core.EngineExecutionOrchestrator.execute(EngineExecutionOrchestrator.java:93)
	at org.junit.platform.launcher.core.EngineExecutionOrchestrator.lambda$execute$0(EngineExecutionOrchestrator.java:58)
	at org.junit.platform.launcher.core.EngineExecutionOrchestrator.withInterceptedStreams(EngineExecutionOrchestrator.java:141)
	at org.junit.platform.launcher.core.EngineExecutionOrchestrator.execute(EngineExecutionOrchestrator.java:57)
	at org.junit.platform.launcher.core.DefaultLauncher.execute(DefaultLauncher.java:103)
	at org.junit.platform.launcher.core.DefaultLauncher.execute(DefaultLauncher.java:85)
	at org.junit.platform.launcher.core.DelegatingLauncher.execute(DelegatingLauncher.java:47)
	at org.junit.platform.launcher.core.SessionPerRequestLauncher.execute(SessionPerRequestLauncher.java:63)
	at com.intellij.junit5.JUnit5IdeaTestRunner.startRunnerWithArgs(JUnit5IdeaTestRunner.java:57)
	at com.intellij.rt.junit.IdeaTestRunner$Repeater$1.execute(IdeaTestRunner.java:38)
	at com.intellij.rt.execution.junit.TestsRepeater.repeat(TestsRepeater.java:11)
	at com.intellij.rt.junit.IdeaTestRunner$Repeater.startRunnerWithArgs(IdeaTestRunner.java:35)
	at com.intellij.rt.junit.JUnitStarter.prepareStreamsAndStart(JUnitStarter.java:232)
	at com.intellij.rt.junit.JUnitStarter.main(JUnitStarter.java:55)
2025-02-14 11:32:56 [main] INFO  l.insoft.uztis.tests.utils.TestUtils - Screenshot moved to C:\Users\ingrida.zadorozniene\Desktop\Asm\UZTIS\UZTIS_tests\test-output\screenshots\20250214\113256203_testFillEvaluationTwo().png
2025-02-14 11:33:50 [main] INFO  lt.insoft.uztis.tests.UztisPageTest - Navigated to https://uztisdev.asseco.lt/home
2025-02-14 11:33:50 [main] INFO  l.i.uztis.tests.EvaluationsPageTest - Starting test:'testFillEvaluationTwo'
2025-02-14 11:33:50 [main] INFO  l.i.uztis.tests.EvaluationsPageTest - Starting test:'testNavigateToEvaluationsPage'
2025-02-14 11:33:51 [main] DEBUG l.i.uztis.tests.EvaluationsPageTest - User logged in with test credentials
2025-02-14 11:33:51 [main] DEBUG l.i.uztis.tests.EvaluationsPageTest - Opened 'Application Processing' menu.
2025-02-14 11:33:51 [main] DEBUG l.i.uztis.tests.EvaluationsPageTest - Clicked on 'Evaluations' menu.
2025-02-14 11:33:51 [main] DEBUG l.i.uztis.tests.EvaluationsPageTest - Navigating to evaluations menu.
2025-02-14 11:33:51 [main] INFO  l.i.uztis.tests.EvaluationsPageTest - Test 'testNavigateToEvaluationsPage' completed successfully.
2025-02-14 11:33:52 [main] DEBUG l.i.uztis.tests.EvaluationsPageTest - Clicked on last evaluation.
2025-02-14 11:33:52 [main] DEBUG l.i.uztis.tests.EvaluationsPageTest - Clicked 'Edit'.
2025-02-14 11:33:53 [main] DEBUG l.i.uztis.tests.EvaluationsPageTest - Entered commission date.
2025-02-14 11:33:53 [main] DEBUG l.i.uztis.tests.EvaluationsPageTest - Selected 'Without Commission' radio button.
2025-02-14 11:33:53 [main] DEBUG l.i.uztis.tests.EvaluationsPageTest - Entered chairman name: 'Pirmininkas Pirmininkauskas'.
2025-02-14 11:33:54 [main] DEBUG l.i.uztis.tests.EvaluationsPageTest - Entered member name: 'Narys Narauskas'.
2025-02-14 11:33:54 [main] DEBUG l.i.uztis.tests.EvaluationsPageTest - Clicked 'Continue'.
2025-02-14 11:33:54 [main] ERROR l.i.uztis.tests.EvaluationsPageTest - Test 'testFillEvaluationTwo' failed with error: invalid element state: Element is not currently interactable and may not be manipulated
  (Session info: chrome=132.0.6834.197)
Build info: version: '4.27.0', revision: 'd6e718d134'
System info: os.name: 'Windows 11', os.arch: 'amd64', os.version: '10.0', java.version: '21.0.3'
Driver info: org.openqa.selenium.chrome.ChromeDriver
Command: [679a2208c2d7ccb7613a226a84e4b9dd, clearElement {id=f.A644008202D7538AAFC6D882550E7833.d.8FD689C57B176FADE8791FE6A67712FA.e.132}]
Capabilities {acceptInsecureCerts: false, browserName: chrome, browserVersion: 132.0.6834.197, chrome: {chromedriverVersion: 132.0.6834.159 (2d77d3fc445..., userDataDir: C:\Users\INGRID~1.ZAD\AppDa...}, fedcm:accounts: true, goog:chromeOptions: {debuggerAddress: localhost:52506}, networkConnectionEnabled: false, pageLoadStrategy: normal, platformName: windows, proxy: Proxy(), se:cdp: ws://localhost:52506/devtoo..., se:cdpVersion: 132.0.6834.197, setWindowRect: true, strictFileInteractability: false, timeouts: {implicit: 0, pageLoad: 300000, script: 30000}, unhandledPromptBehavior: dismiss and notify, webauthn:extension:credBlob: true, webauthn:extension:largeBlob: true, webauthn:extension:minPinLength: true, webauthn:extension:prf: true, webauthn:virtualAuthenticators: true}
Element: [[ChromeDriver: chrome on windows (679a2208c2d7ccb7613a226a84e4b9dd)] -> xpath: //label[contains(., 'Balas')]/following::input[9]]
Session ID: 679a2208c2d7ccb7613a226a84e4b9dd
org.openqa.selenium.InvalidElementStateException: invalid element state: Element is not currently interactable and may not be manipulated
  (Session info: chrome=132.0.6834.197)
Build info: version: '4.27.0', revision: 'd6e718d134'
System info: os.name: 'Windows 11', os.arch: 'amd64', os.version: '10.0', java.version: '21.0.3'
Driver info: org.openqa.selenium.chrome.ChromeDriver
Command: [679a2208c2d7ccb7613a226a84e4b9dd, clearElement {id=f.A644008202D7538AAFC6D882550E7833.d.8FD689C57B176FADE8791FE6A67712FA.e.132}]
Capabilities {acceptInsecureCerts: false, browserName: chrome, browserVersion: 132.0.6834.197, chrome: {chromedriverVersion: 132.0.6834.159 (2d77d3fc445..., userDataDir: C:\Users\INGRID~1.ZAD\AppDa...}, fedcm:accounts: true, goog:chromeOptions: {debuggerAddress: localhost:52506}, networkConnectionEnabled: false, pageLoadStrategy: normal, platformName: windows, proxy: Proxy(), se:cdp: ws://localhost:52506/devtoo..., se:cdpVersion: 132.0.6834.197, setWindowRect: true, strictFileInteractability: false, timeouts: {implicit: 0, pageLoad: 300000, script: 30000}, unhandledPromptBehavior: dismiss and notify, webauthn:extension:credBlob: true, webauthn:extension:largeBlob: true, webauthn:extension:minPinLength: true, webauthn:extension:prf: true, webauthn:virtualAuthenticators: true}
Element: [[ChromeDriver: chrome on windows (679a2208c2d7ccb7613a226a84e4b9dd)] -> xpath: //label[contains(., 'Balas')]/following::input[9]]
Session ID: 679a2208c2d7ccb7613a226a84e4b9dd
	at java.base/jdk.internal.reflect.DirectConstructorHandleAccessor.newInstance(DirectConstructorHandleAccessor.java:62)
	at java.base/java.lang.reflect.Constructor.newInstanceWithCaller(Constructor.java:502)
	at java.base/java.lang.reflect.Constructor.newInstance(Constructor.java:486)
	at org.openqa.selenium.remote.ErrorCodec.decode(ErrorCodec.java:167)
	at org.openqa.selenium.remote.codec.w3c.W3CHttpResponseCodec.decode(W3CHttpResponseCodec.java:138)
	at org.openqa.selenium.remote.codec.w3c.W3CHttpResponseCodec.decode(W3CHttpResponseCodec.java:50)
	at org.openqa.selenium.remote.HttpCommandExecutor.execute(HttpCommandExecutor.java:190)
	at org.openqa.selenium.remote.service.DriverCommandExecutor.invokeExecute(DriverCommandExecutor.java:216)
	at org.openqa.selenium.remote.service.DriverCommandExecutor.execute(DriverCommandExecutor.java:174)
	at org.openqa.selenium.remote.RemoteWebDriver.execute(RemoteWebDriver.java:545)
	at org.openqa.selenium.remote.RemoteWebElement.execute(RemoteWebElement.java:223)
	at org.openqa.selenium.remote.RemoteWebElement.clear(RemoteWebElement.java:129)
	at java.base/jdk.internal.reflect.DirectMethodHandleAccessor.invoke(DirectMethodHandleAccessor.java:103)
	at java.base/java.lang.reflect.Method.invoke(Method.java:580)
	at org.openqa.selenium.support.pagefactory.internal.LocatingElementHandler.invoke(LocatingElementHandler.java:51)
	at jdk.proxy2/jdk.proxy2.$Proxy14.clear(Unknown Source)
	at lt.insoft.uztis.pages.EvaluationsPage.enterScoreChairman(EvaluationsPage.java:384)
	at lt.insoft.uztis.tests.EvaluationsPageTest.testFillEvaluationTwo(EvaluationsPageTest.java:205)
	at java.base/jdk.internal.reflect.DirectMethodHandleAccessor.invoke(DirectMethodHandleAccessor.java:103)
	at java.base/java.lang.reflect.Method.invoke(Method.java:580)
	at org.junit.platform.commons.util.ReflectionUtils.invokeMethod(ReflectionUtils.java:728)
	at org.junit.jupiter.engine.execution.MethodInvocation.proceed(MethodInvocation.java:60)
	at org.junit.jupiter.engine.execution.InvocationInterceptorChain$ValidatingInvocation.proceed(InvocationInterceptorChain.java:131)
	at org.junit.jupiter.engine.extension.TimeoutExtension.intercept(TimeoutExtension.java:156)
	at org.junit.jupiter.engine.extension.TimeoutExtension.interceptTestableMethod(TimeoutExtension.java:147)
	at org.junit.jupiter.engine.extension.TimeoutExtension.interceptTestMethod(TimeoutExtension.java:86)
	at org.junit.jupiter.engine.execution.InterceptingExecutableInvoker$ReflectiveInterceptorCall.lambda$ofVoidMethod$0(InterceptingExecutableInvoker.java:103)
	at org.junit.jupiter.engine.execution.InterceptingExecutableInvoker.lambda$invoke$0(InterceptingExecutableInvoker.java:93)
	at org.junit.jupiter.engine.execution.InvocationInterceptorChain$InterceptedInvocation.proceed(InvocationInterceptorChain.java:106)
	at org.junit.jupiter.engine.execution.InvocationInterceptorChain.proceed(InvocationInterceptorChain.java:64)
	at org.junit.jupiter.engine.execution.InvocationInterceptorChain.chainAndInvoke(InvocationInterceptorChain.java:45)
	at org.junit.jupiter.engine.execution.InvocationInterceptorChain.invoke(InvocationInterceptorChain.java:37)
	at org.junit.jupiter.engine.execution.InterceptingExecutableInvoker.invoke(InterceptingExecutableInvoker.java:92)
	at org.junit.jupiter.engine.execution.InterceptingExecutableInvoker.invoke(InterceptingExecutableInvoker.java:86)
	at org.junit.jupiter.engine.descriptor.TestMethodTestDescriptor.lambda$invokeTestMethod$7(TestMethodTestDescriptor.java:218)
	at org.junit.platform.engine.support.hierarchical.ThrowableCollector.execute(ThrowableCollector.java:73)
	at org.junit.jupiter.engine.descriptor.TestMethodTestDescriptor.invokeTestMethod(TestMethodTestDescriptor.java:214)
	at org.junit.jupiter.engine.descriptor.TestMethodTestDescriptor.execute(TestMethodTestDescriptor.java:139)
	at org.junit.jupiter.engine.descriptor.TestMethodTestDescriptor.execute(TestMethodTestDescriptor.java:69)
	at org.junit.platform.engine.support.hierarchical.NodeTestTask.lambda$executeRecursively$6(NodeTestTask.java:151)
	at org.junit.platform.engine.support.hierarchical.ThrowableCollector.execute(ThrowableCollector.java:73)
	at org.junit.platform.engine.support.hierarchical.NodeTestTask.lambda$executeRecursively$8(NodeTestTask.java:141)
	at org.junit.platform.engine.support.hierarchical.Node.around(Node.java:137)
	at org.junit.platform.engine.support.hierarchical.NodeTestTask.lambda$executeRecursively$9(NodeTestTask.java:139)
	at org.junit.platform.engine.support.hierarchical.ThrowableCollector.execute(ThrowableCollector.java:73)
	at org.junit.platform.engine.support.hierarchical.NodeTestTask.executeRecursively(NodeTestTask.java:138)
	at org.junit.platform.engine.support.hierarchical.NodeTestTask.execute(NodeTestTask.java:95)
	at java.base/java.util.ArrayList.forEach(ArrayList.java:1596)
	at org.junit.platform.engine.support.hierarchical.SameThreadHierarchicalTestExecutorService.invokeAll(SameThreadHierarchicalTestExecutorService.java:41)
	at org.junit.platform.engine.support.hierarchical.NodeTestTask.lambda$executeRecursively$6(NodeTestTask.java:155)
	at org.junit.platform.engine.support.hierarchical.ThrowableCollector.execute(ThrowableCollector.java:73)
	at org.junit.platform.engine.support.hierarchical.NodeTestTask.lambda$executeRecursively$8(NodeTestTask.java:141)
	at org.junit.platform.engine.support.hierarchical.Node.around(Node.java:137)
	at org.junit.platform.engine.support.hierarchical.NodeTestTask.lambda$executeRecursively$9(NodeTestTask.java:139)
	at org.junit.platform.engine.support.hierarchical.ThrowableCollector.execute(ThrowableCollector.java:73)
	at org.junit.platform.engine.support.hierarchical.NodeTestTask.executeRecursively(NodeTestTask.java:138)
	at org.junit.platform.engine.support.hierarchical.NodeTestTask.execute(NodeTestTask.java:95)
	at java.base/java.util.ArrayList.forEach(ArrayList.java:1596)
	at org.junit.platform.engine.support.hierarchical.SameThreadHierarchicalTestExecutorService.invokeAll(SameThreadHierarchicalTestExecutorService.java:41)
	at org.junit.platform.engine.support.hierarchical.NodeTestTask.lambda$executeRecursively$6(NodeTestTask.java:155)
	at org.junit.platform.engine.support.hierarchical.ThrowableCollector.execute(ThrowableCollector.java:73)
	at org.junit.platform.engine.support.hierarchical.NodeTestTask.lambda$executeRecursively$8(NodeTestTask.java:141)
	at org.junit.platform.engine.support.hierarchical.Node.around(Node.java:137)
	at org.junit.platform.engine.support.hierarchical.NodeTestTask.lambda$executeRecursively$9(NodeTestTask.java:139)
	at org.junit.platform.engine.support.hierarchical.ThrowableCollector.execute(ThrowableCollector.java:73)
	at org.junit.platform.engine.support.hierarchical.NodeTestTask.executeRecursively(NodeTestTask.java:138)
	at org.junit.platform.engine.support.hierarchical.NodeTestTask.execute(NodeTestTask.java:95)
	at org.junit.platform.engine.support.hierarchical.SameThreadHierarchicalTestExecutorService.submit(SameThreadHierarchicalTestExecutorService.java:35)
	at org.junit.platform.engine.support.hierarchical.HierarchicalTestExecutor.execute(HierarchicalTestExecutor.java:57)
	at org.junit.platform.engine.support.hierarchical.HierarchicalTestEngine.execute(HierarchicalTestEngine.java:54)
	at org.junit.platform.launcher.core.EngineExecutionOrchestrator.execute(EngineExecutionOrchestrator.java:198)
	at org.junit.platform.launcher.core.EngineExecutionOrchestrator.execute(EngineExecutionOrchestrator.java:169)
	at org.junit.platform.launcher.core.EngineExecutionOrchestrator.execute(EngineExecutionOrchestrator.java:93)
	at org.junit.platform.launcher.core.EngineExecutionOrchestrator.lambda$execute$0(EngineExecutionOrchestrator.java:58)
	at org.junit.platform.launcher.core.EngineExecutionOrchestrator.withInterceptedStreams(EngineExecutionOrchestrator.java:141)
	at org.junit.platform.launcher.core.EngineExecutionOrchestrator.execute(EngineExecutionOrchestrator.java:57)
	at org.junit.platform.launcher.core.DefaultLauncher.execute(DefaultLauncher.java:103)
	at org.junit.platform.launcher.core.DefaultLauncher.execute(DefaultLauncher.java:85)
	at org.junit.platform.launcher.core.DelegatingLauncher.execute(DelegatingLauncher.java:47)
	at org.junit.platform.launcher.core.SessionPerRequestLauncher.execute(SessionPerRequestLauncher.java:63)
	at com.intellij.junit5.JUnit5IdeaTestRunner.startRunnerWithArgs(JUnit5IdeaTestRunner.java:57)
	at com.intellij.rt.junit.IdeaTestRunner$Repeater$1.execute(IdeaTestRunner.java:38)
	at com.intellij.rt.execution.junit.TestsRepeater.repeat(TestsRepeater.java:11)
	at com.intellij.rt.junit.IdeaTestRunner$Repeater.startRunnerWithArgs(IdeaTestRunner.java:35)
	at com.intellij.rt.junit.JUnitStarter.prepareStreamsAndStart(JUnitStarter.java:232)
	at com.intellij.rt.junit.JUnitStarter.main(JUnitStarter.java:55)
2025-02-14 11:33:54 [main] INFO  l.insoft.uztis.tests.utils.TestUtils - Screenshot moved to C:\Users\ingrida.zadorozniene\Desktop\Asm\UZTIS\UZTIS_tests\test-output\screenshots\20250214\113354627_testFillEvaluationTwo().png
2025-02-14 11:34:29 [main] INFO  lt.insoft.uztis.tests.UztisPageTest - Navigated to https://uztisdev.asseco.lt/home
2025-02-14 11:34:29 [main] INFO  l.i.uztis.tests.EvaluationsPageTest - Starting test:'testFillEvaluationTwo'
2025-02-14 11:34:29 [main] INFO  l.i.uztis.tests.EvaluationsPageTest - Starting test:'testNavigateToEvaluationsPage'
2025-02-14 11:34:30 [main] DEBUG l.i.uztis.tests.EvaluationsPageTest - User logged in with test credentials
2025-02-14 11:34:30 [main] DEBUG l.i.uztis.tests.EvaluationsPageTest - Opened 'Application Processing' menu.
2025-02-14 11:34:30 [main] DEBUG l.i.uztis.tests.EvaluationsPageTest - Clicked on 'Evaluations' menu.
2025-02-14 11:34:30 [main] DEBUG l.i.uztis.tests.EvaluationsPageTest - Navigating to evaluations menu.
2025-02-14 11:34:30 [main] INFO  l.i.uztis.tests.EvaluationsPageTest - Test 'testNavigateToEvaluationsPage' completed successfully.
2025-02-14 11:34:31 [main] DEBUG l.i.uztis.tests.EvaluationsPageTest - Clicked on last evaluation.
2025-02-14 11:34:31 [main] DEBUG l.i.uztis.tests.EvaluationsPageTest - Clicked 'Edit'.
2025-02-14 11:34:32 [main] DEBUG l.i.uztis.tests.EvaluationsPageTest - Entered commission date.
2025-02-14 11:34:32 [main] DEBUG l.i.uztis.tests.EvaluationsPageTest - Selected 'Without Commission' radio button.
2025-02-14 11:34:32 [main] DEBUG l.i.uztis.tests.EvaluationsPageTest - Entered chairman name: 'Pirmininkas Pirmininkauskas'.
2025-02-14 11:34:33 [main] DEBUG l.i.uztis.tests.EvaluationsPageTest - Entered member name: 'Narys Narauskas'.
2025-02-14 11:34:33 [main] DEBUG l.i.uztis.tests.EvaluationsPageTest - Clicked 'Continue'.
2025-02-14 11:34:33 [main] DEBUG l.i.uztis.tests.EvaluationsPageTest - Entered member name: '10'.
2025-02-14 11:34:33 [main] DEBUG l.i.uztis.tests.EvaluationsPageTest - Clicked 'Confirm'.
2025-02-14 11:34:43 [main] ERROR l.i.uztis.tests.EvaluationsPageTest - Test 'testFillEvaluationTwo' failed with error: no such element: Unable to locate element: {"method":"css selector","selector":".reverse-mobile .ng-star-inserted:nth-of-type(2)"}
  (Session info: chrome=132.0.6834.197)
For documentation on this error, please visit: https://www.selenium.dev/documentation/webdriver/troubleshooting/errors#no-such-element-exception
Build info: version: '4.27.0', revision: 'd6e718d134'
System info: os.name: 'Windows 11', os.arch: 'amd64', os.version: '10.0', java.version: '21.0.3'
Driver info: org.openqa.selenium.chrome.ChromeDriver
Command: [250fbb4161c7e654c027659e3b70f843, findElement {using=css selector, value=.reverse-mobile .ng-star-inserted:nth-of-type(2)}]
Capabilities {acceptInsecureCerts: false, browserName: chrome, browserVersion: 132.0.6834.197, chrome: {chromedriverVersion: 132.0.6834.159 (2d77d3fc445..., userDataDir: C:\Users\INGRID~1.ZAD\AppDa...}, fedcm:accounts: true, goog:chromeOptions: {debuggerAddress: localhost:52544}, networkConnectionEnabled: false, pageLoadStrategy: normal, platformName: windows, proxy: Proxy(), se:cdp: ws://localhost:52544/devtoo..., se:cdpVersion: 132.0.6834.197, setWindowRect: true, strictFileInteractability: false, timeouts: {implicit: 0, pageLoad: 300000, script: 30000}, unhandledPromptBehavior: dismiss and notify, webauthn:extension:credBlob: true, webauthn:extension:largeBlob: true, webauthn:extension:minPinLength: true, webauthn:extension:prf: true, webauthn:virtualAuthenticators: true}
Session ID: 250fbb4161c7e654c027659e3b70f843
org.openqa.selenium.NoSuchElementException: no such element: Unable to locate element: {"method":"css selector","selector":".reverse-mobile .ng-star-inserted:nth-of-type(2)"}
  (Session info: chrome=132.0.6834.197)
For documentation on this error, please visit: https://www.selenium.dev/documentation/webdriver/troubleshooting/errors#no-such-element-exception
Build info: version: '4.27.0', revision: 'd6e718d134'
System info: os.name: 'Windows 11', os.arch: 'amd64', os.version: '10.0', java.version: '21.0.3'
Driver info: org.openqa.selenium.chrome.ChromeDriver
Command: [250fbb4161c7e654c027659e3b70f843, findElement {using=css selector, value=.reverse-mobile .ng-star-inserted:nth-of-type(2)}]
Capabilities {acceptInsecureCerts: false, browserName: chrome, browserVersion: 132.0.6834.197, chrome: {chromedriverVersion: 132.0.6834.159 (2d77d3fc445..., userDataDir: C:\Users\INGRID~1.ZAD\AppDa...}, fedcm:accounts: true, goog:chromeOptions: {debuggerAddress: localhost:52544}, networkConnectionEnabled: false, pageLoadStrategy: normal, platformName: windows, proxy: Proxy(), se:cdp: ws://localhost:52544/devtoo..., se:cdpVersion: 132.0.6834.197, setWindowRect: true, strictFileInteractability: false, timeouts: {implicit: 0, pageLoad: 300000, script: 30000}, unhandledPromptBehavior: dismiss and notify, webauthn:extension:credBlob: true, webauthn:extension:largeBlob: true, webauthn:extension:minPinLength: true, webauthn:extension:prf: true, webauthn:virtualAuthenticators: true}
Session ID: 250fbb4161c7e654c027659e3b70f843
	at java.base/jdk.internal.reflect.DirectConstructorHandleAccessor.newInstance(DirectConstructorHandleAccessor.java:62)
	at java.base/java.lang.reflect.Constructor.newInstanceWithCaller(Constructor.java:502)
	at java.base/java.lang.reflect.Constructor.newInstance(Constructor.java:486)
	at org.openqa.selenium.remote.ErrorCodec.decode(ErrorCodec.java:167)
	at org.openqa.selenium.remote.codec.w3c.W3CHttpResponseCodec.decode(W3CHttpResponseCodec.java:138)
	at org.openqa.selenium.remote.codec.w3c.W3CHttpResponseCodec.decode(W3CHttpResponseCodec.java:50)
	at org.openqa.selenium.remote.HttpCommandExecutor.execute(HttpCommandExecutor.java:190)
	at org.openqa.selenium.remote.service.DriverCommandExecutor.invokeExecute(DriverCommandExecutor.java:216)
	at org.openqa.selenium.remote.service.DriverCommandExecutor.execute(DriverCommandExecutor.java:174)
	at org.openqa.selenium.remote.RemoteWebDriver.execute(RemoteWebDriver.java:545)
	at org.openqa.selenium.remote.ElementLocation$ElementFinder$2.findElement(ElementLocation.java:165)
	at org.openqa.selenium.remote.ElementLocation.findElement(ElementLocation.java:59)
	at org.openqa.selenium.remote.RemoteWebDriver.findElement(RemoteWebDriver.java:368)
	at org.openqa.selenium.remote.RemoteWebDriver.findElement(RemoteWebDriver.java:362)
	at org.openqa.selenium.support.pagefactory.DefaultElementLocator.findElement(DefaultElementLocator.java:68)
	at org.openqa.selenium.support.pagefactory.internal.LocatingElementHandler.invoke(LocatingElementHandler.java:38)
	at jdk.proxy2/jdk.proxy2.$Proxy14.click(Unknown Source)
	at lt.insoft.uztis.pages.EvaluationsPage.clickButtonConfirmConfirmation(EvaluationsPage.java:181)
	at lt.insoft.uztis.tests.EvaluationsPageTest.testFillEvaluationTwo(EvaluationsPageTest.java:213)
	at java.base/jdk.internal.reflect.DirectMethodHandleAccessor.invoke(DirectMethodHandleAccessor.java:103)
	at java.base/java.lang.reflect.Method.invoke(Method.java:580)
	at org.junit.platform.commons.util.ReflectionUtils.invokeMethod(ReflectionUtils.java:728)
	at org.junit.jupiter.engine.execution.MethodInvocation.proceed(MethodInvocation.java:60)
	at org.junit.jupiter.engine.execution.InvocationInterceptorChain$ValidatingInvocation.proceed(InvocationInterceptorChain.java:131)
	at org.junit.jupiter.engine.extension.TimeoutExtension.intercept(TimeoutExtension.java:156)
	at org.junit.jupiter.engine.extension.TimeoutExtension.interceptTestableMethod(TimeoutExtension.java:147)
	at org.junit.jupiter.engine.extension.TimeoutExtension.interceptTestMethod(TimeoutExtension.java:86)
	at org.junit.jupiter.engine.execution.InterceptingExecutableInvoker$ReflectiveInterceptorCall.lambda$ofVoidMethod$0(InterceptingExecutableInvoker.java:103)
	at org.junit.jupiter.engine.execution.InterceptingExecutableInvoker.lambda$invoke$0(InterceptingExecutableInvoker.java:93)
	at org.junit.jupiter.engine.execution.InvocationInterceptorChain$InterceptedInvocation.proceed(InvocationInterceptorChain.java:106)
	at org.junit.jupiter.engine.execution.InvocationInterceptorChain.proceed(InvocationInterceptorChain.java:64)
	at org.junit.jupiter.engine.execution.InvocationInterceptorChain.chainAndInvoke(InvocationInterceptorChain.java:45)
	at org.junit.jupiter.engine.execution.InvocationInterceptorChain.invoke(InvocationInterceptorChain.java:37)
	at org.junit.jupiter.engine.execution.InterceptingExecutableInvoker.invoke(InterceptingExecutableInvoker.java:92)
	at org.junit.jupiter.engine.execution.InterceptingExecutableInvoker.invoke(InterceptingExecutableInvoker.java:86)
	at org.junit.jupiter.engine.descriptor.TestMethodTestDescriptor.lambda$invokeTestMethod$7(TestMethodTestDescriptor.java:218)
	at org.junit.platform.engine.support.hierarchical.ThrowableCollector.execute(ThrowableCollector.java:73)
	at org.junit.jupiter.engine.descriptor.TestMethodTestDescriptor.invokeTestMethod(TestMethodTestDescriptor.java:214)
	at org.junit.jupiter.engine.descriptor.TestMethodTestDescriptor.execute(TestMethodTestDescriptor.java:139)
	at org.junit.jupiter.engine.descriptor.TestMethodTestDescriptor.execute(TestMethodTestDescriptor.java:69)
	at org.junit.platform.engine.support.hierarchical.NodeTestTask.lambda$executeRecursively$6(NodeTestTask.java:151)
	at org.junit.platform.engine.support.hierarchical.ThrowableCollector.execute(ThrowableCollector.java:73)
	at org.junit.platform.engine.support.hierarchical.NodeTestTask.lambda$executeRecursively$8(NodeTestTask.java:141)
	at org.junit.platform.engine.support.hierarchical.Node.around(Node.java:137)
	at org.junit.platform.engine.support.hierarchical.NodeTestTask.lambda$executeRecursively$9(NodeTestTask.java:139)
	at org.junit.platform.engine.support.hierarchical.ThrowableCollector.execute(ThrowableCollector.java:73)
	at org.junit.platform.engine.support.hierarchical.NodeTestTask.executeRecursively(NodeTestTask.java:138)
	at org.junit.platform.engine.support.hierarchical.NodeTestTask.execute(NodeTestTask.java:95)
	at java.base/java.util.ArrayList.forEach(ArrayList.java:1596)
	at org.junit.platform.engine.support.hierarchical.SameThreadHierarchicalTestExecutorService.invokeAll(SameThreadHierarchicalTestExecutorService.java:41)
	at org.junit.platform.engine.support.hierarchical.NodeTestTask.lambda$executeRecursively$6(NodeTestTask.java:155)
	at org.junit.platform.engine.support.hierarchical.ThrowableCollector.execute(ThrowableCollector.java:73)
	at org.junit.platform.engine.support.hierarchical.NodeTestTask.lambda$executeRecursively$8(NodeTestTask.java:141)
	at org.junit.platform.engine.support.hierarchical.Node.around(Node.java:137)
	at org.junit.platform.engine.support.hierarchical.NodeTestTask.lambda$executeRecursively$9(NodeTestTask.java:139)
	at org.junit.platform.engine.support.hierarchical.ThrowableCollector.execute(ThrowableCollector.java:73)
	at org.junit.platform.engine.support.hierarchical.NodeTestTask.executeRecursively(NodeTestTask.java:138)
	at org.junit.platform.engine.support.hierarchical.NodeTestTask.execute(NodeTestTask.java:95)
	at java.base/java.util.ArrayList.forEach(ArrayList.java:1596)
	at org.junit.platform.engine.support.hierarchical.SameThreadHierarchicalTestExecutorService.invokeAll(SameThreadHierarchicalTestExecutorService.java:41)
	at org.junit.platform.engine.support.hierarchical.NodeTestTask.lambda$executeRecursively$6(NodeTestTask.java:155)
	at org.junit.platform.engine.support.hierarchical.ThrowableCollector.execute(ThrowableCollector.java:73)
	at org.junit.platform.engine.support.hierarchical.NodeTestTask.lambda$executeRecursively$8(NodeTestTask.java:141)
	at org.junit.platform.engine.support.hierarchical.Node.around(Node.java:137)
	at org.junit.platform.engine.support.hierarchical.NodeTestTask.lambda$executeRecursively$9(NodeTestTask.java:139)
	at org.junit.platform.engine.support.hierarchical.ThrowableCollector.execute(ThrowableCollector.java:73)
	at org.junit.platform.engine.support.hierarchical.NodeTestTask.executeRecursively(NodeTestTask.java:138)
	at org.junit.platform.engine.support.hierarchical.NodeTestTask.execute(NodeTestTask.java:95)
	at org.junit.platform.engine.support.hierarchical.SameThreadHierarchicalTestExecutorService.submit(SameThreadHierarchicalTestExecutorService.java:35)
	at org.junit.platform.engine.support.hierarchical.HierarchicalTestExecutor.execute(HierarchicalTestExecutor.java:57)
	at org.junit.platform.engine.support.hierarchical.HierarchicalTestEngine.execute(HierarchicalTestEngine.java:54)
	at org.junit.platform.launcher.core.EngineExecutionOrchestrator.execute(EngineExecutionOrchestrator.java:198)
	at org.junit.platform.launcher.core.EngineExecutionOrchestrator.execute(EngineExecutionOrchestrator.java:169)
	at org.junit.platform.launcher.core.EngineExecutionOrchestrator.execute(EngineExecutionOrchestrator.java:93)
	at org.junit.platform.launcher.core.EngineExecutionOrchestrator.lambda$execute$0(EngineExecutionOrchestrator.java:58)
	at org.junit.platform.launcher.core.EngineExecutionOrchestrator.withInterceptedStreams(EngineExecutionOrchestrator.java:141)
	at org.junit.platform.launcher.core.EngineExecutionOrchestrator.execute(EngineExecutionOrchestrator.java:57)
	at org.junit.platform.launcher.core.DefaultLauncher.execute(DefaultLauncher.java:103)
	at org.junit.platform.launcher.core.DefaultLauncher.execute(DefaultLauncher.java:85)
	at org.junit.platform.launcher.core.DelegatingLauncher.execute(DelegatingLauncher.java:47)
	at org.junit.platform.launcher.core.SessionPerRequestLauncher.execute(SessionPerRequestLauncher.java:63)
	at com.intellij.junit5.JUnit5IdeaTestRunner.startRunnerWithArgs(JUnit5IdeaTestRunner.java:57)
	at com.intellij.rt.junit.IdeaTestRunner$Repeater$1.execute(IdeaTestRunner.java:38)
	at com.intellij.rt.execution.junit.TestsRepeater.repeat(TestsRepeater.java:11)
	at com.intellij.rt.junit.IdeaTestRunner$Repeater.startRunnerWithArgs(IdeaTestRunner.java:35)
	at com.intellij.rt.junit.JUnitStarter.prepareStreamsAndStart(JUnitStarter.java:232)
	at com.intellij.rt.junit.JUnitStarter.main(JUnitStarter.java:55)
2025-02-14 11:34:43 [main] INFO  l.insoft.uztis.tests.utils.TestUtils - Screenshot moved to C:\Users\ingrida.zadorozniene\Desktop\Asm\UZTIS\UZTIS_tests\test-output\screenshots\20250214\113443866_testFillEvaluationTwo().png
2025-02-14 11:37:33 [main] INFO  lt.insoft.uztis.tests.UztisPageTest - Navigated to https://uztisdev.asseco.lt/home
2025-02-14 11:37:33 [main] INFO  l.i.uztis.tests.EvaluationsPageTest - Starting test:'testFillEvaluationTwo'
2025-02-14 11:37:33 [main] INFO  l.i.uztis.tests.EvaluationsPageTest - Starting test:'testNavigateToEvaluationsPage'
2025-02-14 11:37:33 [main] DEBUG l.i.uztis.tests.EvaluationsPageTest - User logged in with test credentials
2025-02-14 11:37:34 [main] DEBUG l.i.uztis.tests.EvaluationsPageTest - Opened 'Application Processing' menu.
2025-02-14 11:37:34 [main] DEBUG l.i.uztis.tests.EvaluationsPageTest - Clicked on 'Evaluations' menu.
2025-02-14 11:37:34 [main] DEBUG l.i.uztis.tests.EvaluationsPageTest - Navigating to evaluations menu.
2025-02-14 11:37:34 [main] INFO  l.i.uztis.tests.EvaluationsPageTest - Test 'testNavigateToEvaluationsPage' completed successfully.
2025-02-14 11:37:34 [main] DEBUG l.i.uztis.tests.EvaluationsPageTest - Clicked on last evaluation.
2025-02-14 11:37:34 [main] DEBUG l.i.uztis.tests.EvaluationsPageTest - Clicked 'Edit'.
2025-02-14 11:37:35 [main] DEBUG l.i.uztis.tests.EvaluationsPageTest - Entered commission date.
2025-02-14 11:37:35 [main] DEBUG l.i.uztis.tests.EvaluationsPageTest - Selected 'Without Commission' radio button.
2025-02-14 11:37:36 [main] DEBUG l.i.uztis.tests.EvaluationsPageTest - Entered chairman name: 'Pirmininkas Pirmininkauskas'.
2025-02-14 11:37:36 [main] DEBUG l.i.uztis.tests.EvaluationsPageTest - Entered member name: 'Narys Narauskas'.
2025-02-14 11:37:36 [main] DEBUG l.i.uztis.tests.EvaluationsPageTest - Clicked 'Continue'.
2025-02-14 11:37:36 [main] ERROR l.i.uztis.tests.EvaluationsPageTest - Test 'testFillEvaluationTwo' failed with error: invalid element state: Element is not currently interactable and may not be manipulated
  (Session info: chrome=132.0.6834.197)
Build info: version: '4.27.0', revision: 'd6e718d134'
System info: os.name: 'Windows 11', os.arch: 'amd64', os.version: '10.0', java.version: '21.0.3'
Driver info: org.openqa.selenium.chrome.ChromeDriver
Command: [c4985ff132b5ff45515084c5fc4857c7, clearElement {id=f.9511A3C4FF11E9DF05A2E2993A1B8EB3.d.7FAABBAA2E1173A5AD5821A8FA4F531F.e.121}]
Capabilities {acceptInsecureCerts: false, browserName: chrome, browserVersion: 132.0.6834.197, chrome: {chromedriverVersion: 132.0.6834.159 (2d77d3fc445..., userDataDir: C:\Users\INGRID~1.ZAD\AppDa...}, fedcm:accounts: true, goog:chromeOptions: {debuggerAddress: localhost:52691}, networkConnectionEnabled: false, pageLoadStrategy: normal, platformName: windows, proxy: Proxy(), se:cdp: ws://localhost:52691/devtoo..., se:cdpVersion: 132.0.6834.197, setWindowRect: true, strictFileInteractability: false, timeouts: {implicit: 0, pageLoad: 300000, script: 30000}, unhandledPromptBehavior: dismiss and notify, webauthn:extension:credBlob: true, webauthn:extension:largeBlob: true, webauthn:extension:minPinLength: true, webauthn:extension:prf: true, webauthn:virtualAuthenticators: true}
Element: [[ChromeDriver: chrome on windows (c4985ff132b5ff45515084c5fc4857c7)] -> xpath: //label[contains(., 'Balas')]/following::input[3]]
Session ID: c4985ff132b5ff45515084c5fc4857c7
org.openqa.selenium.InvalidElementStateException: invalid element state: Element is not currently interactable and may not be manipulated
  (Session info: chrome=132.0.6834.197)
Build info: version: '4.27.0', revision: 'd6e718d134'
System info: os.name: 'Windows 11', os.arch: 'amd64', os.version: '10.0', java.version: '21.0.3'
Driver info: org.openqa.selenium.chrome.ChromeDriver
Command: [c4985ff132b5ff45515084c5fc4857c7, clearElement {id=f.9511A3C4FF11E9DF05A2E2993A1B8EB3.d.7FAABBAA2E1173A5AD5821A8FA4F531F.e.121}]
Capabilities {acceptInsecureCerts: false, browserName: chrome, browserVersion: 132.0.6834.197, chrome: {chromedriverVersion: 132.0.6834.159 (2d77d3fc445..., userDataDir: C:\Users\INGRID~1.ZAD\AppDa...}, fedcm:accounts: true, goog:chromeOptions: {debuggerAddress: localhost:52691}, networkConnectionEnabled: false, pageLoadStrategy: normal, platformName: windows, proxy: Proxy(), se:cdp: ws://localhost:52691/devtoo..., se:cdpVersion: 132.0.6834.197, setWindowRect: true, strictFileInteractability: false, timeouts: {implicit: 0, pageLoad: 300000, script: 30000}, unhandledPromptBehavior: dismiss and notify, webauthn:extension:credBlob: true, webauthn:extension:largeBlob: true, webauthn:extension:minPinLength: true, webauthn:extension:prf: true, webauthn:virtualAuthenticators: true}
Element: [[ChromeDriver: chrome on windows (c4985ff132b5ff45515084c5fc4857c7)] -> xpath: //label[contains(., 'Balas')]/following::input[3]]
Session ID: c4985ff132b5ff45515084c5fc4857c7
	at java.base/jdk.internal.reflect.DirectConstructorHandleAccessor.newInstance(DirectConstructorHandleAccessor.java:62)
	at java.base/java.lang.reflect.Constructor.newInstanceWithCaller(Constructor.java:502)
	at java.base/java.lang.reflect.Constructor.newInstance(Constructor.java:486)
	at org.openqa.selenium.remote.ErrorCodec.decode(ErrorCodec.java:167)
	at org.openqa.selenium.remote.codec.w3c.W3CHttpResponseCodec.decode(W3CHttpResponseCodec.java:138)
	at org.openqa.selenium.remote.codec.w3c.W3CHttpResponseCodec.decode(W3CHttpResponseCodec.java:50)
	at org.openqa.selenium.remote.HttpCommandExecutor.execute(HttpCommandExecutor.java:190)
	at org.openqa.selenium.remote.service.DriverCommandExecutor.invokeExecute(DriverCommandExecutor.java:216)
	at org.openqa.selenium.remote.service.DriverCommandExecutor.execute(DriverCommandExecutor.java:174)
	at org.openqa.selenium.remote.RemoteWebDriver.execute(RemoteWebDriver.java:545)
	at org.openqa.selenium.remote.RemoteWebElement.execute(RemoteWebElement.java:223)
	at org.openqa.selenium.remote.RemoteWebElement.clear(RemoteWebElement.java:129)
	at java.base/jdk.internal.reflect.DirectMethodHandleAccessor.invoke(DirectMethodHandleAccessor.java:103)
	at java.base/java.lang.reflect.Method.invoke(Method.java:580)
	at org.openqa.selenium.support.pagefactory.internal.LocatingElementHandler.invoke(LocatingElementHandler.java:51)
	at jdk.proxy2/jdk.proxy2.$Proxy14.clear(Unknown Source)
	at lt.insoft.uztis.pages.EvaluationsPage.enterScoreChairman(EvaluationsPage.java:384)
	at lt.insoft.uztis.tests.EvaluationsPageTest.testFillEvaluationTwo(EvaluationsPageTest.java:205)
	at java.base/jdk.internal.reflect.DirectMethodHandleAccessor.invoke(DirectMethodHandleAccessor.java:103)
	at java.base/java.lang.reflect.Method.invoke(Method.java:580)
	at org.junit.platform.commons.util.ReflectionUtils.invokeMethod(ReflectionUtils.java:728)
	at org.junit.jupiter.engine.execution.MethodInvocation.proceed(MethodInvocation.java:60)
	at org.junit.jupiter.engine.execution.InvocationInterceptorChain$ValidatingInvocation.proceed(InvocationInterceptorChain.java:131)
	at org.junit.jupiter.engine.extension.TimeoutExtension.intercept(TimeoutExtension.java:156)
	at org.junit.jupiter.engine.extension.TimeoutExtension.interceptTestableMethod(TimeoutExtension.java:147)
	at org.junit.jupiter.engine.extension.TimeoutExtension.interceptTestMethod(TimeoutExtension.java:86)
	at org.junit.jupiter.engine.execution.InterceptingExecutableInvoker$ReflectiveInterceptorCall.lambda$ofVoidMethod$0(InterceptingExecutableInvoker.java:103)
	at org.junit.jupiter.engine.execution.InterceptingExecutableInvoker.lambda$invoke$0(InterceptingExecutableInvoker.java:93)
	at org.junit.jupiter.engine.execution.InvocationInterceptorChain$InterceptedInvocation.proceed(InvocationInterceptorChain.java:106)
	at org.junit.jupiter.engine.execution.InvocationInterceptorChain.proceed(InvocationInterceptorChain.java:64)
	at org.junit.jupiter.engine.execution.InvocationInterceptorChain.chainAndInvoke(InvocationInterceptorChain.java:45)
	at org.junit.jupiter.engine.execution.InvocationInterceptorChain.invoke(InvocationInterceptorChain.java:37)
	at org.junit.jupiter.engine.execution.InterceptingExecutableInvoker.invoke(InterceptingExecutableInvoker.java:92)
	at org.junit.jupiter.engine.execution.InterceptingExecutableInvoker.invoke(InterceptingExecutableInvoker.java:86)
	at org.junit.jupiter.engine.descriptor.TestMethodTestDescriptor.lambda$invokeTestMethod$7(TestMethodTestDescriptor.java:218)
	at org.junit.platform.engine.support.hierarchical.ThrowableCollector.execute(ThrowableCollector.java:73)
	at org.junit.jupiter.engine.descriptor.TestMethodTestDescriptor.invokeTestMethod(TestMethodTestDescriptor.java:214)
	at org.junit.jupiter.engine.descriptor.TestMethodTestDescriptor.execute(TestMethodTestDescriptor.java:139)
	at org.junit.jupiter.engine.descriptor.TestMethodTestDescriptor.execute(TestMethodTestDescriptor.java:69)
	at org.junit.platform.engine.support.hierarchical.NodeTestTask.lambda$executeRecursively$6(NodeTestTask.java:151)
	at org.junit.platform.engine.support.hierarchical.ThrowableCollector.execute(ThrowableCollector.java:73)
	at org.junit.platform.engine.support.hierarchical.NodeTestTask.lambda$executeRecursively$8(NodeTestTask.java:141)
	at org.junit.platform.engine.support.hierarchical.Node.around(Node.java:137)
	at org.junit.platform.engine.support.hierarchical.NodeTestTask.lambda$executeRecursively$9(NodeTestTask.java:139)
	at org.junit.platform.engine.support.hierarchical.ThrowableCollector.execute(ThrowableCollector.java:73)
	at org.junit.platform.engine.support.hierarchical.NodeTestTask.executeRecursively(NodeTestTask.java:138)
	at org.junit.platform.engine.support.hierarchical.NodeTestTask.execute(NodeTestTask.java:95)
	at java.base/java.util.ArrayList.forEach(ArrayList.java:1596)
	at org.junit.platform.engine.support.hierarchical.SameThreadHierarchicalTestExecutorService.invokeAll(SameThreadHierarchicalTestExecutorService.java:41)
	at org.junit.platform.engine.support.hierarchical.NodeTestTask.lambda$executeRecursively$6(NodeTestTask.java:155)
	at org.junit.platform.engine.support.hierarchical.ThrowableCollector.execute(ThrowableCollector.java:73)
	at org.junit.platform.engine.support.hierarchical.NodeTestTask.lambda$executeRecursively$8(NodeTestTask.java:141)
	at org.junit.platform.engine.support.hierarchical.Node.around(Node.java:137)
	at org.junit.platform.engine.support.hierarchical.NodeTestTask.lambda$executeRecursively$9(NodeTestTask.java:139)
	at org.junit.platform.engine.support.hierarchical.ThrowableCollector.execute(ThrowableCollector.java:73)
	at org.junit.platform.engine.support.hierarchical.NodeTestTask.executeRecursively(NodeTestTask.java:138)
	at org.junit.platform.engine.support.hierarchical.NodeTestTask.execute(NodeTestTask.java:95)
	at java.base/java.util.ArrayList.forEach(ArrayList.java:1596)
	at org.junit.platform.engine.support.hierarchical.SameThreadHierarchicalTestExecutorService.invokeAll(SameThreadHierarchicalTestExecutorService.java:41)
	at org.junit.platform.engine.support.hierarchical.NodeTestTask.lambda$executeRecursively$6(NodeTestTask.java:155)
	at org.junit.platform.engine.support.hierarchical.ThrowableCollector.execute(ThrowableCollector.java:73)
	at org.junit.platform.engine.support.hierarchical.NodeTestTask.lambda$executeRecursively$8(NodeTestTask.java:141)
	at org.junit.platform.engine.support.hierarchical.Node.around(Node.java:137)
	at org.junit.platform.engine.support.hierarchical.NodeTestTask.lambda$executeRecursively$9(NodeTestTask.java:139)
	at org.junit.platform.engine.support.hierarchical.ThrowableCollector.execute(ThrowableCollector.java:73)
	at org.junit.platform.engine.support.hierarchical.NodeTestTask.executeRecursively(NodeTestTask.java:138)
	at org.junit.platform.engine.support.hierarchical.NodeTestTask.execute(NodeTestTask.java:95)
	at org.junit.platform.engine.support.hierarchical.SameThreadHierarchicalTestExecutorService.submit(SameThreadHierarchicalTestExecutorService.java:35)
	at org.junit.platform.engine.support.hierarchical.HierarchicalTestExecutor.execute(HierarchicalTestExecutor.java:57)
	at org.junit.platform.engine.support.hierarchical.HierarchicalTestEngine.execute(HierarchicalTestEngine.java:54)
	at org.junit.platform.launcher.core.EngineExecutionOrchestrator.execute(EngineExecutionOrchestrator.java:198)
	at org.junit.platform.launcher.core.EngineExecutionOrchestrator.execute(EngineExecutionOrchestrator.java:169)
	at org.junit.platform.launcher.core.EngineExecutionOrchestrator.execute(EngineExecutionOrchestrator.java:93)
	at org.junit.platform.launcher.core.EngineExecutionOrchestrator.lambda$execute$0(EngineExecutionOrchestrator.java:58)
	at org.junit.platform.launcher.core.EngineExecutionOrchestrator.withInterceptedStreams(EngineExecutionOrchestrator.java:141)
	at org.junit.platform.launcher.core.EngineExecutionOrchestrator.execute(EngineExecutionOrchestrator.java:57)
	at org.junit.platform.launcher.core.DefaultLauncher.execute(DefaultLauncher.java:103)
	at org.junit.platform.launcher.core.DefaultLauncher.execute(DefaultLauncher.java:85)
	at org.junit.platform.launcher.core.DelegatingLauncher.execute(DelegatingLauncher.java:47)
	at org.junit.platform.launcher.core.SessionPerRequestLauncher.execute(SessionPerRequestLauncher.java:63)
	at com.intellij.junit5.JUnit5IdeaTestRunner.startRunnerWithArgs(JUnit5IdeaTestRunner.java:57)
	at com.intellij.rt.junit.IdeaTestRunner$Repeater$1.execute(IdeaTestRunner.java:38)
	at com.intellij.rt.execution.junit.TestsRepeater.repeat(TestsRepeater.java:11)
	at com.intellij.rt.junit.IdeaTestRunner$Repeater.startRunnerWithArgs(IdeaTestRunner.java:35)
	at com.intellij.rt.junit.JUnitStarter.prepareStreamsAndStart(JUnitStarter.java:232)
	at com.intellij.rt.junit.JUnitStarter.main(JUnitStarter.java:55)
2025-02-14 11:37:36 [main] INFO  l.insoft.uztis.tests.utils.TestUtils - Screenshot moved to C:\Users\ingrida.zadorozniene\Desktop\Asm\UZTIS\UZTIS_tests\test-output\screenshots\20250214\113736796_testFillEvaluationTwo().png
2025-02-14 11:38:05 [main] INFO  lt.insoft.uztis.tests.UztisPageTest - Navigated to https://uztisdev.asseco.lt/home
2025-02-14 11:38:05 [main] INFO  l.i.uztis.tests.EvaluationsPageTest - Starting test:'testFillEvaluationTwo'
2025-02-14 11:38:05 [main] INFO  l.i.uztis.tests.EvaluationsPageTest - Starting test:'testNavigateToEvaluationsPage'
2025-02-14 11:38:05 [main] DEBUG l.i.uztis.tests.EvaluationsPageTest - User logged in with test credentials
2025-02-14 11:38:06 [main] DEBUG l.i.uztis.tests.EvaluationsPageTest - Opened 'Application Processing' menu.
2025-02-14 11:38:06 [main] DEBUG l.i.uztis.tests.EvaluationsPageTest - Clicked on 'Evaluations' menu.
2025-02-14 11:38:06 [main] DEBUG l.i.uztis.tests.EvaluationsPageTest - Navigating to evaluations menu.
2025-02-14 11:38:06 [main] INFO  l.i.uztis.tests.EvaluationsPageTest - Test 'testNavigateToEvaluationsPage' completed successfully.
2025-02-14 11:38:07 [main] DEBUG l.i.uztis.tests.EvaluationsPageTest - Clicked on last evaluation.
2025-02-14 11:38:07 [main] DEBUG l.i.uztis.tests.EvaluationsPageTest - Clicked 'Edit'.
2025-02-14 11:38:08 [main] DEBUG l.i.uztis.tests.EvaluationsPageTest - Entered commission date.
2025-02-14 11:38:08 [main] DEBUG l.i.uztis.tests.EvaluationsPageTest - Selected 'Without Commission' radio button.
2025-02-14 11:38:08 [main] DEBUG l.i.uztis.tests.EvaluationsPageTest - Entered chairman name: 'Pirmininkas Pirmininkauskas'.
2025-02-14 11:38:08 [main] DEBUG l.i.uztis.tests.EvaluationsPageTest - Entered member name: 'Narys Narauskas'.
2025-02-14 11:38:09 [main] DEBUG l.i.uztis.tests.EvaluationsPageTest - Clicked 'Continue'.
2025-02-14 11:38:09 [main] DEBUG l.i.uztis.tests.EvaluationsPageTest - Entered member name: '10'.
2025-02-14 11:38:09 [main] DEBUG l.i.uztis.tests.EvaluationsPageTest - Clicked 'Confirm'.
2025-02-14 11:38:19 [main] ERROR l.i.uztis.tests.EvaluationsPageTest - Test 'testFillEvaluationTwo' failed with error: no such element: Unable to locate element: {"method":"css selector","selector":".reverse-mobile .ng-star-inserted:nth-of-type(2)"}
  (Session info: chrome=132.0.6834.197)
For documentation on this error, please visit: https://www.selenium.dev/documentation/webdriver/troubleshooting/errors#no-such-element-exception
Build info: version: '4.27.0', revision: 'd6e718d134'
System info: os.name: 'Windows 11', os.arch: 'amd64', os.version: '10.0', java.version: '21.0.3'
Driver info: org.openqa.selenium.chrome.ChromeDriver
Command: [f83909eb2d288fdb46c95cb35f12b802, findElement {using=css selector, value=.reverse-mobile .ng-star-inserted:nth-of-type(2)}]
Capabilities {acceptInsecureCerts: false, browserName: chrome, browserVersion: 132.0.6834.197, chrome: {chromedriverVersion: 132.0.6834.159 (2d77d3fc445..., userDataDir: C:\Users\INGRID~1.ZAD\AppDa...}, fedcm:accounts: true, goog:chromeOptions: {debuggerAddress: localhost:52726}, networkConnectionEnabled: false, pageLoadStrategy: normal, platformName: windows, proxy: Proxy(), se:cdp: ws://localhost:52726/devtoo..., se:cdpVersion: 132.0.6834.197, setWindowRect: true, strictFileInteractability: false, timeouts: {implicit: 0, pageLoad: 300000, script: 30000}, unhandledPromptBehavior: dismiss and notify, webauthn:extension:credBlob: true, webauthn:extension:largeBlob: true, webauthn:extension:minPinLength: true, webauthn:extension:prf: true, webauthn:virtualAuthenticators: true}
Session ID: f83909eb2d288fdb46c95cb35f12b802
org.openqa.selenium.NoSuchElementException: no such element: Unable to locate element: {"method":"css selector","selector":".reverse-mobile .ng-star-inserted:nth-of-type(2)"}
  (Session info: chrome=132.0.6834.197)
For documentation on this error, please visit: https://www.selenium.dev/documentation/webdriver/troubleshooting/errors#no-such-element-exception
Build info: version: '4.27.0', revision: 'd6e718d134'
System info: os.name: 'Windows 11', os.arch: 'amd64', os.version: '10.0', java.version: '21.0.3'
Driver info: org.openqa.selenium.chrome.ChromeDriver
Command: [f83909eb2d288fdb46c95cb35f12b802, findElement {using=css selector, value=.reverse-mobile .ng-star-inserted:nth-of-type(2)}]
Capabilities {acceptInsecureCerts: false, browserName: chrome, browserVersion: 132.0.6834.197, chrome: {chromedriverVersion: 132.0.6834.159 (2d77d3fc445..., userDataDir: C:\Users\INGRID~1.ZAD\AppDa...}, fedcm:accounts: true, goog:chromeOptions: {debuggerAddress: localhost:52726}, networkConnectionEnabled: false, pageLoadStrategy: normal, platformName: windows, proxy: Proxy(), se:cdp: ws://localhost:52726/devtoo..., se:cdpVersion: 132.0.6834.197, setWindowRect: true, strictFileInteractability: false, timeouts: {implicit: 0, pageLoad: 300000, script: 30000}, unhandledPromptBehavior: dismiss and notify, webauthn:extension:credBlob: true, webauthn:extension:largeBlob: true, webauthn:extension:minPinLength: true, webauthn:extension:prf: true, webauthn:virtualAuthenticators: true}
Session ID: f83909eb2d288fdb46c95cb35f12b802
	at java.base/jdk.internal.reflect.DirectConstructorHandleAccessor.newInstance(DirectConstructorHandleAccessor.java:62)
	at java.base/java.lang.reflect.Constructor.newInstanceWithCaller(Constructor.java:502)
	at java.base/java.lang.reflect.Constructor.newInstance(Constructor.java:486)
	at org.openqa.selenium.remote.ErrorCodec.decode(ErrorCodec.java:167)
	at org.openqa.selenium.remote.codec.w3c.W3CHttpResponseCodec.decode(W3CHttpResponseCodec.java:138)
	at org.openqa.selenium.remote.codec.w3c.W3CHttpResponseCodec.decode(W3CHttpResponseCodec.java:50)
	at org.openqa.selenium.remote.HttpCommandExecutor.execute(HttpCommandExecutor.java:190)
	at org.openqa.selenium.remote.service.DriverCommandExecutor.invokeExecute(DriverCommandExecutor.java:216)
	at org.openqa.selenium.remote.service.DriverCommandExecutor.execute(DriverCommandExecutor.java:174)
	at org.openqa.selenium.remote.RemoteWebDriver.execute(RemoteWebDriver.java:545)
	at org.openqa.selenium.remote.ElementLocation$ElementFinder$2.findElement(ElementLocation.java:165)
	at org.openqa.selenium.remote.ElementLocation.findElement(ElementLocation.java:59)
	at org.openqa.selenium.remote.RemoteWebDriver.findElement(RemoteWebDriver.java:368)
	at org.openqa.selenium.remote.RemoteWebDriver.findElement(RemoteWebDriver.java:362)
	at org.openqa.selenium.support.pagefactory.DefaultElementLocator.findElement(DefaultElementLocator.java:68)
	at org.openqa.selenium.support.pagefactory.internal.LocatingElementHandler.invoke(LocatingElementHandler.java:38)
	at jdk.proxy2/jdk.proxy2.$Proxy14.click(Unknown Source)
	at lt.insoft.uztis.pages.EvaluationsPage.clickButtonConfirmConfirmation(EvaluationsPage.java:181)
	at lt.insoft.uztis.tests.EvaluationsPageTest.testFillEvaluationTwo(EvaluationsPageTest.java:213)
	at java.base/jdk.internal.reflect.DirectMethodHandleAccessor.invoke(DirectMethodHandleAccessor.java:103)
	at java.base/java.lang.reflect.Method.invoke(Method.java:580)
	at org.junit.platform.commons.util.ReflectionUtils.invokeMethod(ReflectionUtils.java:728)
	at org.junit.jupiter.engine.execution.MethodInvocation.proceed(MethodInvocation.java:60)
	at org.junit.jupiter.engine.execution.InvocationInterceptorChain$ValidatingInvocation.proceed(InvocationInterceptorChain.java:131)
	at org.junit.jupiter.engine.extension.TimeoutExtension.intercept(TimeoutExtension.java:156)
	at org.junit.jupiter.engine.extension.TimeoutExtension.interceptTestableMethod(TimeoutExtension.java:147)
	at org.junit.jupiter.engine.extension.TimeoutExtension.interceptTestMethod(TimeoutExtension.java:86)
	at org.junit.jupiter.engine.execution.InterceptingExecutableInvoker$ReflectiveInterceptorCall.lambda$ofVoidMethod$0(InterceptingExecutableInvoker.java:103)
	at org.junit.jupiter.engine.execution.InterceptingExecutableInvoker.lambda$invoke$0(InterceptingExecutableInvoker.java:93)
	at org.junit.jupiter.engine.execution.InvocationInterceptorChain$InterceptedInvocation.proceed(InvocationInterceptorChain.java:106)
	at org.junit.jupiter.engine.execution.InvocationInterceptorChain.proceed(InvocationInterceptorChain.java:64)
	at org.junit.jupiter.engine.execution.InvocationInterceptorChain.chainAndInvoke(InvocationInterceptorChain.java:45)
	at org.junit.jupiter.engine.execution.InvocationInterceptorChain.invoke(InvocationInterceptorChain.java:37)
	at org.junit.jupiter.engine.execution.InterceptingExecutableInvoker.invoke(InterceptingExecutableInvoker.java:92)
	at org.junit.jupiter.engine.execution.InterceptingExecutableInvoker.invoke(InterceptingExecutableInvoker.java:86)
	at org.junit.jupiter.engine.descriptor.TestMethodTestDescriptor.lambda$invokeTestMethod$7(TestMethodTestDescriptor.java:218)
	at org.junit.platform.engine.support.hierarchical.ThrowableCollector.execute(ThrowableCollector.java:73)
	at org.junit.jupiter.engine.descriptor.TestMethodTestDescriptor.invokeTestMethod(TestMethodTestDescriptor.java:214)
	at org.junit.jupiter.engine.descriptor.TestMethodTestDescriptor.execute(TestMethodTestDescriptor.java:139)
	at org.junit.jupiter.engine.descriptor.TestMethodTestDescriptor.execute(TestMethodTestDescriptor.java:69)
	at org.junit.platform.engine.support.hierarchical.NodeTestTask.lambda$executeRecursively$6(NodeTestTask.java:151)
	at org.junit.platform.engine.support.hierarchical.ThrowableCollector.execute(ThrowableCollector.java:73)
	at org.junit.platform.engine.support.hierarchical.NodeTestTask.lambda$executeRecursively$8(NodeTestTask.java:141)
	at org.junit.platform.engine.support.hierarchical.Node.around(Node.java:137)
	at org.junit.platform.engine.support.hierarchical.NodeTestTask.lambda$executeRecursively$9(NodeTestTask.java:139)
	at org.junit.platform.engine.support.hierarchical.ThrowableCollector.execute(ThrowableCollector.java:73)
	at org.junit.platform.engine.support.hierarchical.NodeTestTask.executeRecursively(NodeTestTask.java:138)
	at org.junit.platform.engine.support.hierarchical.NodeTestTask.execute(NodeTestTask.java:95)
	at java.base/java.util.ArrayList.forEach(ArrayList.java:1596)
	at org.junit.platform.engine.support.hierarchical.SameThreadHierarchicalTestExecutorService.invokeAll(SameThreadHierarchicalTestExecutorService.java:41)
	at org.junit.platform.engine.support.hierarchical.NodeTestTask.lambda$executeRecursively$6(NodeTestTask.java:155)
	at org.junit.platform.engine.support.hierarchical.ThrowableCollector.execute(ThrowableCollector.java:73)
	at org.junit.platform.engine.support.hierarchical.NodeTestTask.lambda$executeRecursively$8(NodeTestTask.java:141)
	at org.junit.platform.engine.support.hierarchical.Node.around(Node.java:137)
	at org.junit.platform.engine.support.hierarchical.NodeTestTask.lambda$executeRecursively$9(NodeTestTask.java:139)
	at org.junit.platform.engine.support.hierarchical.ThrowableCollector.execute(ThrowableCollector.java:73)
	at org.junit.platform.engine.support.hierarchical.NodeTestTask.executeRecursively(NodeTestTask.java:138)
	at org.junit.platform.engine.support.hierarchical.NodeTestTask.execute(NodeTestTask.java:95)
	at java.base/java.util.ArrayList.forEach(ArrayList.java:1596)
	at org.junit.platform.engine.support.hierarchical.SameThreadHierarchicalTestExecutorService.invokeAll(SameThreadHierarchicalTestExecutorService.java:41)
	at org.junit.platform.engine.support.hierarchical.NodeTestTask.lambda$executeRecursively$6(NodeTestTask.java:155)
	at org.junit.platform.engine.support.hierarchical.ThrowableCollector.execute(ThrowableCollector.java:73)
	at org.junit.platform.engine.support.hierarchical.NodeTestTask.lambda$executeRecursively$8(NodeTestTask.java:141)
	at org.junit.platform.engine.support.hierarchical.Node.around(Node.java:137)
	at org.junit.platform.engine.support.hierarchical.NodeTestTask.lambda$executeRecursively$9(NodeTestTask.java:139)
	at org.junit.platform.engine.support.hierarchical.ThrowableCollector.execute(ThrowableCollector.java:73)
	at org.junit.platform.engine.support.hierarchical.NodeTestTask.executeRecursively(NodeTestTask.java:138)
	at org.junit.platform.engine.support.hierarchical.NodeTestTask.execute(NodeTestTask.java:95)
	at org.junit.platform.engine.support.hierarchical.SameThreadHierarchicalTestExecutorService.submit(SameThreadHierarchicalTestExecutorService.java:35)
	at org.junit.platform.engine.support.hierarchical.HierarchicalTestExecutor.execute(HierarchicalTestExecutor.java:57)
	at org.junit.platform.engine.support.hierarchical.HierarchicalTestEngine.execute(HierarchicalTestEngine.java:54)
	at org.junit.platform.launcher.core.EngineExecutionOrchestrator.execute(EngineExecutionOrchestrator.java:198)
	at org.junit.platform.launcher.core.EngineExecutionOrchestrator.execute(EngineExecutionOrchestrator.java:169)
	at org.junit.platform.launcher.core.EngineExecutionOrchestrator.execute(EngineExecutionOrchestrator.java:93)
	at org.junit.platform.launcher.core.EngineExecutionOrchestrator.lambda$execute$0(EngineExecutionOrchestrator.java:58)
	at org.junit.platform.launcher.core.EngineExecutionOrchestrator.withInterceptedStreams(EngineExecutionOrchestrator.java:141)
	at org.junit.platform.launcher.core.EngineExecutionOrchestrator.execute(EngineExecutionOrchestrator.java:57)
	at org.junit.platform.launcher.core.DefaultLauncher.execute(DefaultLauncher.java:103)
	at org.junit.platform.launcher.core.DefaultLauncher.execute(DefaultLauncher.java:85)
	at org.junit.platform.launcher.core.DelegatingLauncher.execute(DelegatingLauncher.java:47)
	at org.junit.platform.launcher.core.SessionPerRequestLauncher.execute(SessionPerRequestLauncher.java:63)
	at com.intellij.junit5.JUnit5IdeaTestRunner.startRunnerWithArgs(JUnit5IdeaTestRunner.java:57)
	at com.intellij.rt.junit.IdeaTestRunner$Repeater$1.execute(IdeaTestRunner.java:38)
	at com.intellij.rt.execution.junit.TestsRepeater.repeat(TestsRepeater.java:11)
	at com.intellij.rt.junit.IdeaTestRunner$Repeater.startRunnerWithArgs(IdeaTestRunner.java:35)
	at com.intellij.rt.junit.JUnitStarter.prepareStreamsAndStart(JUnitStarter.java:232)
	at com.intellij.rt.junit.JUnitStarter.main(JUnitStarter.java:55)
2025-02-14 11:38:19 [main] INFO  l.insoft.uztis.tests.utils.TestUtils - Screenshot moved to C:\Users\ingrida.zadorozniene\Desktop\Asm\UZTIS\UZTIS_tests\test-output\screenshots\20250214\113819571_testFillEvaluationTwo().png
2025-02-14 11:42:44 [main] INFO  lt.insoft.uztis.tests.UztisPageTest - Navigated to https://uztisdev.asseco.lt/home
2025-02-14 11:42:44 [main] INFO  l.i.uztis.tests.EvaluationsPageTest - Starting test:'testFillEvaluationTwo'
2025-02-14 11:42:44 [main] INFO  l.i.uztis.tests.EvaluationsPageTest - Starting test:'testNavigateToEvaluationsPage'
2025-02-14 11:42:45 [main] DEBUG l.i.uztis.tests.EvaluationsPageTest - User logged in with test credentials
2025-02-14 11:42:45 [main] DEBUG l.i.uztis.tests.EvaluationsPageTest - Opened 'Application Processing' menu.
2025-02-14 11:42:45 [main] DEBUG l.i.uztis.tests.EvaluationsPageTest - Clicked on 'Evaluations' menu.
2025-02-14 11:42:45 [main] DEBUG l.i.uztis.tests.EvaluationsPageTest - Navigating to evaluations menu.
2025-02-14 11:42:45 [main] INFO  l.i.uztis.tests.EvaluationsPageTest - Test 'testNavigateToEvaluationsPage' completed successfully.
2025-02-14 11:42:46 [main] DEBUG l.i.uztis.tests.EvaluationsPageTest - Clicked on last evaluation.
2025-02-14 11:42:46 [main] DEBUG l.i.uztis.tests.EvaluationsPageTest - Clicked 'Edit'.
2025-02-14 11:42:47 [main] DEBUG l.i.uztis.tests.EvaluationsPageTest - Entered commission date.
2025-02-14 11:42:47 [main] DEBUG l.i.uztis.tests.EvaluationsPageTest - Selected 'Without Commission' radio button.
2025-02-14 11:42:47 [main] DEBUG l.i.uztis.tests.EvaluationsPageTest - Entered chairman name: 'Pirmininkas Pirmininkauskas'.
2025-02-14 11:42:47 [main] DEBUG l.i.uztis.tests.EvaluationsPageTest - Entered member name: 'Narys Narauskas'.
2025-02-14 11:42:47 [main] DEBUG l.i.uztis.tests.EvaluationsPageTest - Clicked 'Continue'.
2025-02-14 11:42:48 [main] DEBUG l.i.uztis.tests.EvaluationsPageTest - Entered member name: '9'.
2025-02-14 11:42:48 [main] DEBUG l.i.uztis.tests.EvaluationsPageTest - Entered member name: '10'.
2025-02-14 11:42:48 [main] DEBUG l.i.uztis.tests.EvaluationsPageTest - Entered member name: '11'.
2025-02-14 11:42:48 [main] DEBUG l.i.uztis.tests.EvaluationsPageTest - Clicked 'Confirm'.
2025-02-14 11:42:58 [main] ERROR l.i.uztis.tests.EvaluationsPageTest - Test 'testFillEvaluationTwo' failed with error: no such element: Unable to locate element: {"method":"css selector","selector":".reverse-mobile .ng-star-inserted:nth-of-type(2)"}
  (Session info: chrome=132.0.6834.197)
For documentation on this error, please visit: https://www.selenium.dev/documentation/webdriver/troubleshooting/errors#no-such-element-exception
Build info: version: '4.27.0', revision: 'd6e718d134'
System info: os.name: 'Windows 11', os.arch: 'amd64', os.version: '10.0', java.version: '21.0.3'
Driver info: org.openqa.selenium.chrome.ChromeDriver
Command: [5b525607435e3b594398e72c5b244d85, findElement {using=css selector, value=.reverse-mobile .ng-star-inserted:nth-of-type(2)}]
Capabilities {acceptInsecureCerts: false, browserName: chrome, browserVersion: 132.0.6834.197, chrome: {chromedriverVersion: 132.0.6834.159 (2d77d3fc445..., userDataDir: C:\Users\INGRID~1.ZAD\AppDa...}, fedcm:accounts: true, goog:chromeOptions: {debuggerAddress: localhost:52907}, networkConnectionEnabled: false, pageLoadStrategy: normal, platformName: windows, proxy: Proxy(), se:cdp: ws://localhost:52907/devtoo..., se:cdpVersion: 132.0.6834.197, setWindowRect: true, strictFileInteractability: false, timeouts: {implicit: 0, pageLoad: 300000, script: 30000}, unhandledPromptBehavior: dismiss and notify, webauthn:extension:credBlob: true, webauthn:extension:largeBlob: true, webauthn:extension:minPinLength: true, webauthn:extension:prf: true, webauthn:virtualAuthenticators: true}
Session ID: 5b525607435e3b594398e72c5b244d85
org.openqa.selenium.NoSuchElementException: no such element: Unable to locate element: {"method":"css selector","selector":".reverse-mobile .ng-star-inserted:nth-of-type(2)"}
  (Session info: chrome=132.0.6834.197)
For documentation on this error, please visit: https://www.selenium.dev/documentation/webdriver/troubleshooting/errors#no-such-element-exception
Build info: version: '4.27.0', revision: 'd6e718d134'
System info: os.name: 'Windows 11', os.arch: 'amd64', os.version: '10.0', java.version: '21.0.3'
Driver info: org.openqa.selenium.chrome.ChromeDriver
Command: [5b525607435e3b594398e72c5b244d85, findElement {using=css selector, value=.reverse-mobile .ng-star-inserted:nth-of-type(2)}]
Capabilities {acceptInsecureCerts: false, browserName: chrome, browserVersion: 132.0.6834.197, chrome: {chromedriverVersion: 132.0.6834.159 (2d77d3fc445..., userDataDir: C:\Users\INGRID~1.ZAD\AppDa...}, fedcm:accounts: true, goog:chromeOptions: {debuggerAddress: localhost:52907}, networkConnectionEnabled: false, pageLoadStrategy: normal, platformName: windows, proxy: Proxy(), se:cdp: ws://localhost:52907/devtoo..., se:cdpVersion: 132.0.6834.197, setWindowRect: true, strictFileInteractability: false, timeouts: {implicit: 0, pageLoad: 300000, script: 30000}, unhandledPromptBehavior: dismiss and notify, webauthn:extension:credBlob: true, webauthn:extension:largeBlob: true, webauthn:extension:minPinLength: true, webauthn:extension:prf: true, webauthn:virtualAuthenticators: true}
Session ID: 5b525607435e3b594398e72c5b244d85
	at java.base/jdk.internal.reflect.DirectConstructorHandleAccessor.newInstance(DirectConstructorHandleAccessor.java:62)
	at java.base/java.lang.reflect.Constructor.newInstanceWithCaller(Constructor.java:502)
	at java.base/java.lang.reflect.Constructor.newInstance(Constructor.java:486)
	at org.openqa.selenium.remote.ErrorCodec.decode(ErrorCodec.java:167)
	at org.openqa.selenium.remote.codec.w3c.W3CHttpResponseCodec.decode(W3CHttpResponseCodec.java:138)
	at org.openqa.selenium.remote.codec.w3c.W3CHttpResponseCodec.decode(W3CHttpResponseCodec.java:50)
	at org.openqa.selenium.remote.HttpCommandExecutor.execute(HttpCommandExecutor.java:190)
	at org.openqa.selenium.remote.service.DriverCommandExecutor.invokeExecute(DriverCommandExecutor.java:216)
	at org.openqa.selenium.remote.service.DriverCommandExecutor.execute(DriverCommandExecutor.java:174)
	at org.openqa.selenium.remote.RemoteWebDriver.execute(RemoteWebDriver.java:545)
	at org.openqa.selenium.remote.ElementLocation$ElementFinder$2.findElement(ElementLocation.java:165)
	at org.openqa.selenium.remote.ElementLocation.findElement(ElementLocation.java:59)
	at org.openqa.selenium.remote.RemoteWebDriver.findElement(RemoteWebDriver.java:368)
	at org.openqa.selenium.remote.RemoteWebDriver.findElement(RemoteWebDriver.java:362)
	at org.openqa.selenium.support.pagefactory.DefaultElementLocator.findElement(DefaultElementLocator.java:68)
	at org.openqa.selenium.support.pagefactory.internal.LocatingElementHandler.invoke(LocatingElementHandler.java:38)
	at jdk.proxy2/jdk.proxy2.$Proxy14.click(Unknown Source)
	at lt.insoft.uztis.pages.EvaluationsPage.clickButtonConfirmConfirmation(EvaluationsPage.java:187)
	at lt.insoft.uztis.tests.EvaluationsPageTest.testFillEvaluationTwo(EvaluationsPageTest.java:222)
	at java.base/jdk.internal.reflect.DirectMethodHandleAccessor.invoke(DirectMethodHandleAccessor.java:103)
	at java.base/java.lang.reflect.Method.invoke(Method.java:580)
	at org.junit.platform.commons.util.ReflectionUtils.invokeMethod(ReflectionUtils.java:728)
	at org.junit.jupiter.engine.execution.MethodInvocation.proceed(MethodInvocation.java:60)
	at org.junit.jupiter.engine.execution.InvocationInterceptorChain$ValidatingInvocation.proceed(InvocationInterceptorChain.java:131)
	at org.junit.jupiter.engine.extension.TimeoutExtension.intercept(TimeoutExtension.java:156)
	at org.junit.jupiter.engine.extension.TimeoutExtension.interceptTestableMethod(TimeoutExtension.java:147)
	at org.junit.jupiter.engine.extension.TimeoutExtension.interceptTestMethod(TimeoutExtension.java:86)
	at org.junit.jupiter.engine.execution.InterceptingExecutableInvoker$ReflectiveInterceptorCall.lambda$ofVoidMethod$0(InterceptingExecutableInvoker.java:103)
	at org.junit.jupiter.engine.execution.InterceptingExecutableInvoker.lambda$invoke$0(InterceptingExecutableInvoker.java:93)
	at org.junit.jupiter.engine.execution.InvocationInterceptorChain$InterceptedInvocation.proceed(InvocationInterceptorChain.java:106)
	at org.junit.jupiter.engine.execution.InvocationInterceptorChain.proceed(InvocationInterceptorChain.java:64)
	at org.junit.jupiter.engine.execution.InvocationInterceptorChain.chainAndInvoke(InvocationInterceptorChain.java:45)
	at org.junit.jupiter.engine.execution.InvocationInterceptorChain.invoke(InvocationInterceptorChain.java:37)
	at org.junit.jupiter.engine.execution.InterceptingExecutableInvoker.invoke(InterceptingExecutableInvoker.java:92)
	at org.junit.jupiter.engine.execution.InterceptingExecutableInvoker.invoke(InterceptingExecutableInvoker.java:86)
	at org.junit.jupiter.engine.descriptor.TestMethodTestDescriptor.lambda$invokeTestMethod$7(TestMethodTestDescriptor.java:218)
	at org.junit.platform.engine.support.hierarchical.ThrowableCollector.execute(ThrowableCollector.java:73)
	at org.junit.jupiter.engine.descriptor.TestMethodTestDescriptor.invokeTestMethod(TestMethodTestDescriptor.java:214)
	at org.junit.jupiter.engine.descriptor.TestMethodTestDescriptor.execute(TestMethodTestDescriptor.java:139)
	at org.junit.jupiter.engine.descriptor.TestMethodTestDescriptor.execute(TestMethodTestDescriptor.java:69)
	at org.junit.platform.engine.support.hierarchical.NodeTestTask.lambda$executeRecursively$6(NodeTestTask.java:151)
	at org.junit.platform.engine.support.hierarchical.ThrowableCollector.execute(ThrowableCollector.java:73)
	at org.junit.platform.engine.support.hierarchical.NodeTestTask.lambda$executeRecursively$8(NodeTestTask.java:141)
	at org.junit.platform.engine.support.hierarchical.Node.around(Node.java:137)
	at org.junit.platform.engine.support.hierarchical.NodeTestTask.lambda$executeRecursively$9(NodeTestTask.java:139)
	at org.junit.platform.engine.support.hierarchical.ThrowableCollector.execute(ThrowableCollector.java:73)
	at org.junit.platform.engine.support.hierarchical.NodeTestTask.executeRecursively(NodeTestTask.java:138)
	at org.junit.platform.engine.support.hierarchical.NodeTestTask.execute(NodeTestTask.java:95)
	at java.base/java.util.ArrayList.forEach(ArrayList.java:1596)
	at org.junit.platform.engine.support.hierarchical.SameThreadHierarchicalTestExecutorService.invokeAll(SameThreadHierarchicalTestExecutorService.java:41)
	at org.junit.platform.engine.support.hierarchical.NodeTestTask.lambda$executeRecursively$6(NodeTestTask.java:155)
	at org.junit.platform.engine.support.hierarchical.ThrowableCollector.execute(ThrowableCollector.java:73)
	at org.junit.platform.engine.support.hierarchical.NodeTestTask.lambda$executeRecursively$8(NodeTestTask.java:141)
	at org.junit.platform.engine.support.hierarchical.Node.around(Node.java:137)
	at org.junit.platform.engine.support.hierarchical.NodeTestTask.lambda$executeRecursively$9(NodeTestTask.java:139)
	at org.junit.platform.engine.support.hierarchical.ThrowableCollector.execute(ThrowableCollector.java:73)
	at org.junit.platform.engine.support.hierarchical.NodeTestTask.executeRecursively(NodeTestTask.java:138)
	at org.junit.platform.engine.support.hierarchical.NodeTestTask.execute(NodeTestTask.java:95)
	at java.base/java.util.ArrayList.forEach(ArrayList.java:1596)
	at org.junit.platform.engine.support.hierarchical.SameThreadHierarchicalTestExecutorService.invokeAll(SameThreadHierarchicalTestExecutorService.java:41)
	at org.junit.platform.engine.support.hierarchical.NodeTestTask.lambda$executeRecursively$6(NodeTestTask.java:155)
	at org.junit.platform.engine.support.hierarchical.ThrowableCollector.execute(ThrowableCollector.java:73)
	at org.junit.platform.engine.support.hierarchical.NodeTestTask.lambda$executeRecursively$8(NodeTestTask.java:141)
	at org.junit.platform.engine.support.hierarchical.Node.around(Node.java:137)
	at org.junit.platform.engine.support.hierarchical.NodeTestTask.lambda$executeRecursively$9(NodeTestTask.java:139)
	at org.junit.platform.engine.support.hierarchical.ThrowableCollector.execute(ThrowableCollector.java:73)
	at org.junit.platform.engine.support.hierarchical.NodeTestTask.executeRecursively(NodeTestTask.java:138)
	at org.junit.platform.engine.support.hierarchical.NodeTestTask.execute(NodeTestTask.java:95)
	at org.junit.platform.engine.support.hierarchical.SameThreadHierarchicalTestExecutorService.submit(SameThreadHierarchicalTestExecutorService.java:35)
	at org.junit.platform.engine.support.hierarchical.HierarchicalTestExecutor.execute(HierarchicalTestExecutor.java:57)
	at org.junit.platform.engine.support.hierarchical.HierarchicalTestEngine.execute(HierarchicalTestEngine.java:54)
	at org.junit.platform.launcher.core.EngineExecutionOrchestrator.execute(EngineExecutionOrchestrator.java:198)
	at org.junit.platform.launcher.core.EngineExecutionOrchestrator.execute(EngineExecutionOrchestrator.java:169)
	at org.junit.platform.launcher.core.EngineExecutionOrchestrator.execute(EngineExecutionOrchestrator.java:93)
	at org.junit.platform.launcher.core.EngineExecutionOrchestrator.lambda$execute$0(EngineExecutionOrchestrator.java:58)
	at org.junit.platform.launcher.core.EngineExecutionOrchestrator.withInterceptedStreams(EngineExecutionOrchestrator.java:141)
	at org.junit.platform.launcher.core.EngineExecutionOrchestrator.execute(EngineExecutionOrchestrator.java:57)
	at org.junit.platform.launcher.core.DefaultLauncher.execute(DefaultLauncher.java:103)
	at org.junit.platform.launcher.core.DefaultLauncher.execute(DefaultLauncher.java:85)
	at org.junit.platform.launcher.core.DelegatingLauncher.execute(DelegatingLauncher.java:47)
	at org.junit.platform.launcher.core.SessionPerRequestLauncher.execute(SessionPerRequestLauncher.java:63)
	at com.intellij.junit5.JUnit5IdeaTestRunner.startRunnerWithArgs(JUnit5IdeaTestRunner.java:57)
	at com.intellij.rt.junit.IdeaTestRunner$Repeater$1.execute(IdeaTestRunner.java:38)
	at com.intellij.rt.execution.junit.TestsRepeater.repeat(TestsRepeater.java:11)
	at com.intellij.rt.junit.IdeaTestRunner$Repeater.startRunnerWithArgs(IdeaTestRunner.java:35)
	at com.intellij.rt.junit.JUnitStarter.prepareStreamsAndStart(JUnitStarter.java:232)
	at com.intellij.rt.junit.JUnitStarter.main(JUnitStarter.java:55)
2025-02-14 11:42:58 [main] INFO  l.insoft.uztis.tests.utils.TestUtils - Screenshot moved to C:\Users\ingrida.zadorozniene\Desktop\Asm\UZTIS\UZTIS_tests\test-output\screenshots\20250214\114258819_testFillEvaluationTwo().png
2025-02-14 11:51:31 [main] INFO  lt.insoft.uztis.tests.UztisPageTest - Navigated to https://uztisdev.asseco.lt/home
2025-02-14 11:51:31 [main] INFO  l.i.uztis.tests.EvaluationsPageTest - Starting test:'testFillEvaluationTwo'
2025-02-14 11:51:31 [main] INFO  l.i.uztis.tests.EvaluationsPageTest - Starting test:'testNavigateToEvaluationsPage'
2025-02-14 11:51:32 [main] DEBUG l.i.uztis.tests.EvaluationsPageTest - User logged in with test credentials
2025-02-14 11:51:32 [main] DEBUG l.i.uztis.tests.EvaluationsPageTest - Opened 'Application Processing' menu.
2025-02-14 11:51:32 [main] DEBUG l.i.uztis.tests.EvaluationsPageTest - Clicked on 'Evaluations' menu.
2025-02-14 11:51:32 [main] DEBUG l.i.uztis.tests.EvaluationsPageTest - Navigating to evaluations menu.
2025-02-14 11:51:32 [main] INFO  l.i.uztis.tests.EvaluationsPageTest - Test 'testNavigateToEvaluationsPage' completed successfully.
2025-02-14 11:51:33 [main] DEBUG l.i.uztis.tests.EvaluationsPageTest - Clicked on last evaluation.
2025-02-14 11:51:33 [main] DEBUG l.i.uztis.tests.EvaluationsPageTest - Clicked 'Edit'.
2025-02-14 11:51:34 [main] DEBUG l.i.uztis.tests.EvaluationsPageTest - Entered commission date.
2025-02-14 11:51:34 [main] DEBUG l.i.uztis.tests.EvaluationsPageTest - Selected 'Without Commission' radio button.
2025-02-14 11:51:35 [main] DEBUG l.i.uztis.tests.EvaluationsPageTest - Entered chairman name: 'Pirmininkas Pirmininkauskas'.
2025-02-14 11:51:35 [main] DEBUG l.i.uztis.tests.EvaluationsPageTest - Entered member name: 'Narys Narauskas'.
2025-02-14 11:51:35 [main] DEBUG l.i.uztis.tests.EvaluationsPageTest - Clicked 'Continue'.
2025-02-14 11:51:35 [main] DEBUG l.i.uztis.tests.EvaluationsPageTest - Entered score edition: '9'.
2025-02-14 11:51:35 [main] DEBUG l.i.uztis.tests.EvaluationsPageTest - Entered chairman score: '10'.
2025-02-14 11:51:36 [main] DEBUG l.i.uztis.tests.EvaluationsPageTest - Entered member score: '11'.
2025-02-14 11:51:36 [main] DEBUG l.i.uztis.tests.EvaluationsPageTest - Entered member score: 'Išvada - palanki'.
2025-02-14 11:51:36 [main] DEBUG l.i.uztis.tests.EvaluationsPageTest - Clicked 'Confirm'.
2025-02-14 11:51:36 [main] DEBUG l.i.uztis.tests.EvaluationsPageTest - Clicked 'Confirm Confirmation'.
2025-02-14 11:51:37 [main] DEBUG l.i.uztis.tests.EvaluationsPageTest - Fetched label text: Įvertinta
2025-02-14 11:51:37 [main] INFO  l.i.uztis.tests.EvaluationsPageTest - Verified that the label text matches the expected value.
2025-02-14 11:51:37 [main] INFO  l.i.uztis.tests.EvaluationsPageTest - Test 'testFillEvaluationTwo' completed successfully.
2025-02-14 12:23:21 [main] INFO  lt.insoft.uztis.tests.UztisPageTest - Navigated to https://uztisdev.asseco.lt/home
2025-02-14 12:23:21 [main] INFO  l.i.uztis.tests.EvaluationsPageTest - Starting test:'testFillEvaluationThree'
2025-02-14 12:23:21 [main] INFO  l.i.uztis.tests.EvaluationsPageTest - Starting test:'testNavigateToEvaluationsPage'
2025-02-14 12:23:22 [main] DEBUG l.i.uztis.tests.EvaluationsPageTest - User logged in with test credentials
2025-02-14 12:23:22 [main] DEBUG l.i.uztis.tests.EvaluationsPageTest - Opened 'Application Processing' menu.
2025-02-14 12:23:22 [main] DEBUG l.i.uztis.tests.EvaluationsPageTest - Clicked on 'Evaluations' menu.
2025-02-14 12:23:22 [main] DEBUG l.i.uztis.tests.EvaluationsPageTest - Navigating to evaluations menu.
2025-02-14 12:23:22 [main] INFO  l.i.uztis.tests.EvaluationsPageTest - Test 'testNavigateToEvaluationsPage' completed successfully.
2025-02-14 12:23:23 [main] DEBUG l.i.uztis.tests.EvaluationsPageTest - Clicked on last evaluation.
2025-02-14 12:23:23 [main] DEBUG l.i.uztis.tests.EvaluationsPageTest - Clicked 'Edit'.
2025-02-14 12:23:24 [main] DEBUG l.i.uztis.tests.EvaluationsPageTest - Entered commission date.
2025-02-14 12:23:24 [main] DEBUG l.i.uztis.tests.EvaluationsPageTest - Selected 'Without Commission' radio button.
2025-02-14 12:23:24 [main] DEBUG l.i.uztis.tests.EvaluationsPageTest - Entered chairman name: 'Pirmininkas Pirmininkauskas'.
2025-02-14 12:23:25 [main] DEBUG l.i.uztis.tests.EvaluationsPageTest - Entered member name: 'Narys Narauskas'.
2025-02-14 12:23:25 [main] DEBUG l.i.uztis.tests.EvaluationsPageTest - Clicked 'Continue'.
2025-02-14 12:23:25 [main] DEBUG l.i.uztis.tests.EvaluationsPageTest - Entered chairman score: '1'.
2025-02-14 12:23:25 [main] DEBUG l.i.uztis.tests.EvaluationsPageTest - Entered member score: '2'.
2025-02-14 12:23:25 [main] DEBUG l.i.uztis.tests.EvaluationsPageTest - Entered member score: 'Išvada - palanki 1'.
2025-02-14 12:23:25 [main] DEBUG l.i.uztis.tests.EvaluationsPageTest - Clicked 'Confirm'.
2025-02-14 12:23:35 [main] ERROR l.i.uztis.tests.EvaluationsPageTest - Test 'testFillEvaluationThree' failed with error: invalid session id: session deleted as the browser has closed the connection
from disconnected: unable to send message to renderer
  (Session info: chrome=132.0.6834.197)
Build info: version: '4.27.0', revision: 'd6e718d134'
System info: os.name: 'Windows 11', os.arch: 'amd64', os.version: '10.0', java.version: '21.0.3'
Driver info: org.openqa.selenium.chrome.ChromeDriver
Command: [374546ee5908fb388a84fd61d5e79d76, findElement {value=.reverse-mobile .ng-star-inserted:nth-of-type(2), using=css selector}]
Capabilities {acceptInsecureCerts: false, browserName: chrome, browserVersion: 132.0.6834.197, chrome: {chromedriverVersion: 132.0.6834.159 (2d77d3fc445..., userDataDir: C:\Users\INGRID~1.ZAD\AppDa...}, fedcm:accounts: true, goog:chromeOptions: {debuggerAddress: localhost:54252}, networkConnectionEnabled: false, pageLoadStrategy: normal, platformName: windows, proxy: Proxy(), se:cdp: ws://localhost:54252/devtoo..., se:cdpVersion: 132.0.6834.197, setWindowRect: true, strictFileInteractability: false, timeouts: {implicit: 0, pageLoad: 300000, script: 30000}, unhandledPromptBehavior: dismiss and notify, webauthn:extension:credBlob: true, webauthn:extension:largeBlob: true, webauthn:extension:minPinLength: true, webauthn:extension:prf: true, webauthn:virtualAuthenticators: true}
Session ID: 374546ee5908fb388a84fd61d5e79d76
org.openqa.selenium.NoSuchSessionException: invalid session id: session deleted as the browser has closed the connection
from disconnected: unable to send message to renderer
  (Session info: chrome=132.0.6834.197)
Build info: version: '4.27.0', revision: 'd6e718d134'
System info: os.name: 'Windows 11', os.arch: 'amd64', os.version: '10.0', java.version: '21.0.3'
Driver info: org.openqa.selenium.chrome.ChromeDriver
Command: [374546ee5908fb388a84fd61d5e79d76, findElement {value=.reverse-mobile .ng-star-inserted:nth-of-type(2), using=css selector}]
Capabilities {acceptInsecureCerts: false, browserName: chrome, browserVersion: 132.0.6834.197, chrome: {chromedriverVersion: 132.0.6834.159 (2d77d3fc445..., userDataDir: C:\Users\INGRID~1.ZAD\AppDa...}, fedcm:accounts: true, goog:chromeOptions: {debuggerAddress: localhost:54252}, networkConnectionEnabled: false, pageLoadStrategy: normal, platformName: windows, proxy: Proxy(), se:cdp: ws://localhost:54252/devtoo..., se:cdpVersion: 132.0.6834.197, setWindowRect: true, strictFileInteractability: false, timeouts: {implicit: 0, pageLoad: 300000, script: 30000}, unhandledPromptBehavior: dismiss and notify, webauthn:extension:credBlob: true, webauthn:extension:largeBlob: true, webauthn:extension:minPinLength: true, webauthn:extension:prf: true, webauthn:virtualAuthenticators: true}
Session ID: 374546ee5908fb388a84fd61d5e79d76
	at java.base/jdk.internal.reflect.DirectConstructorHandleAccessor.newInstance(DirectConstructorHandleAccessor.java:62)
	at java.base/java.lang.reflect.Constructor.newInstanceWithCaller(Constructor.java:502)
	at java.base/java.lang.reflect.Constructor.newInstance(Constructor.java:486)
	at org.openqa.selenium.remote.ErrorCodec.decode(ErrorCodec.java:167)
	at org.openqa.selenium.remote.codec.w3c.W3CHttpResponseCodec.decode(W3CHttpResponseCodec.java:138)
	at org.openqa.selenium.remote.codec.w3c.W3CHttpResponseCodec.decode(W3CHttpResponseCodec.java:50)
	at org.openqa.selenium.remote.HttpCommandExecutor.execute(HttpCommandExecutor.java:190)
	at org.openqa.selenium.remote.service.DriverCommandExecutor.invokeExecute(DriverCommandExecutor.java:216)
	at org.openqa.selenium.remote.service.DriverCommandExecutor.execute(DriverCommandExecutor.java:174)
	at org.openqa.selenium.remote.RemoteWebDriver.execute(RemoteWebDriver.java:545)
	at org.openqa.selenium.remote.ElementLocation$ElementFinder$2.findElement(ElementLocation.java:165)
	at org.openqa.selenium.remote.ElementLocation.findElement(ElementLocation.java:59)
	at org.openqa.selenium.remote.RemoteWebDriver.findElement(RemoteWebDriver.java:368)
	at org.openqa.selenium.remote.RemoteWebDriver.findElement(RemoteWebDriver.java:362)
	at org.openqa.selenium.support.pagefactory.DefaultElementLocator.findElement(DefaultElementLocator.java:68)
	at org.openqa.selenium.support.pagefactory.internal.LocatingElementHandler.invoke(LocatingElementHandler.java:38)
	at jdk.proxy2/jdk.proxy2.$Proxy14.click(Unknown Source)
	at lt.insoft.uztis.pages.EvaluationsPage.clickButtonConfirmConfirmation(EvaluationsPage.java:236)
	at lt.insoft.uztis.tests.EvaluationsPageTest.testFillEvaluationThree(EvaluationsPageTest.java:292)
	at java.base/jdk.internal.reflect.DirectMethodHandleAccessor.invoke(DirectMethodHandleAccessor.java:103)
	at java.base/java.lang.reflect.Method.invoke(Method.java:580)
	at org.junit.platform.commons.util.ReflectionUtils.invokeMethod(ReflectionUtils.java:728)
	at org.junit.jupiter.engine.execution.MethodInvocation.proceed(MethodInvocation.java:60)
	at org.junit.jupiter.engine.execution.InvocationInterceptorChain$ValidatingInvocation.proceed(InvocationInterceptorChain.java:131)
	at org.junit.jupiter.engine.extension.TimeoutExtension.intercept(TimeoutExtension.java:156)
	at org.junit.jupiter.engine.extension.TimeoutExtension.interceptTestableMethod(TimeoutExtension.java:147)
	at org.junit.jupiter.engine.extension.TimeoutExtension.interceptTestMethod(TimeoutExtension.java:86)
	at org.junit.jupiter.engine.execution.InterceptingExecutableInvoker$ReflectiveInterceptorCall.lambda$ofVoidMethod$0(InterceptingExecutableInvoker.java:103)
	at org.junit.jupiter.engine.execution.InterceptingExecutableInvoker.lambda$invoke$0(InterceptingExecutableInvoker.java:93)
	at org.junit.jupiter.engine.execution.InvocationInterceptorChain$InterceptedInvocation.proceed(InvocationInterceptorChain.java:106)
	at org.junit.jupiter.engine.execution.InvocationInterceptorChain.proceed(InvocationInterceptorChain.java:64)
	at org.junit.jupiter.engine.execution.InvocationInterceptorChain.chainAndInvoke(InvocationInterceptorChain.java:45)
	at org.junit.jupiter.engine.execution.InvocationInterceptorChain.invoke(InvocationInterceptorChain.java:37)
	at org.junit.jupiter.engine.execution.InterceptingExecutableInvoker.invoke(InterceptingExecutableInvoker.java:92)
	at org.junit.jupiter.engine.execution.InterceptingExecutableInvoker.invoke(InterceptingExecutableInvoker.java:86)
	at org.junit.jupiter.engine.descriptor.TestMethodTestDescriptor.lambda$invokeTestMethod$7(TestMethodTestDescriptor.java:218)
	at org.junit.platform.engine.support.hierarchical.ThrowableCollector.execute(ThrowableCollector.java:73)
	at org.junit.jupiter.engine.descriptor.TestMethodTestDescriptor.invokeTestMethod(TestMethodTestDescriptor.java:214)
	at org.junit.jupiter.engine.descriptor.TestMethodTestDescriptor.execute(TestMethodTestDescriptor.java:139)
	at org.junit.jupiter.engine.descriptor.TestMethodTestDescriptor.execute(TestMethodTestDescriptor.java:69)
	at org.junit.platform.engine.support.hierarchical.NodeTestTask.lambda$executeRecursively$6(NodeTestTask.java:151)
	at org.junit.platform.engine.support.hierarchical.ThrowableCollector.execute(ThrowableCollector.java:73)
	at org.junit.platform.engine.support.hierarchical.NodeTestTask.lambda$executeRecursively$8(NodeTestTask.java:141)
	at org.junit.platform.engine.support.hierarchical.Node.around(Node.java:137)
	at org.junit.platform.engine.support.hierarchical.NodeTestTask.lambda$executeRecursively$9(NodeTestTask.java:139)
	at org.junit.platform.engine.support.hierarchical.ThrowableCollector.execute(ThrowableCollector.java:73)
	at org.junit.platform.engine.support.hierarchical.NodeTestTask.executeRecursively(NodeTestTask.java:138)
	at org.junit.platform.engine.support.hierarchical.NodeTestTask.execute(NodeTestTask.java:95)
	at java.base/java.util.ArrayList.forEach(ArrayList.java:1596)
	at org.junit.platform.engine.support.hierarchical.SameThreadHierarchicalTestExecutorService.invokeAll(SameThreadHierarchicalTestExecutorService.java:41)
	at org.junit.platform.engine.support.hierarchical.NodeTestTask.lambda$executeRecursively$6(NodeTestTask.java:155)
	at org.junit.platform.engine.support.hierarchical.ThrowableCollector.execute(ThrowableCollector.java:73)
	at org.junit.platform.engine.support.hierarchical.NodeTestTask.lambda$executeRecursively$8(NodeTestTask.java:141)
	at org.junit.platform.engine.support.hierarchical.Node.around(Node.java:137)
	at org.junit.platform.engine.support.hierarchical.NodeTestTask.lambda$executeRecursively$9(NodeTestTask.java:139)
	at org.junit.platform.engine.support.hierarchical.ThrowableCollector.execute(ThrowableCollector.java:73)
	at org.junit.platform.engine.support.hierarchical.NodeTestTask.executeRecursively(NodeTestTask.java:138)
	at org.junit.platform.engine.support.hierarchical.NodeTestTask.execute(NodeTestTask.java:95)
	at java.base/java.util.ArrayList.forEach(ArrayList.java:1596)
	at org.junit.platform.engine.support.hierarchical.SameThreadHierarchicalTestExecutorService.invokeAll(SameThreadHierarchicalTestExecutorService.java:41)
	at org.junit.platform.engine.support.hierarchical.NodeTestTask.lambda$executeRecursively$6(NodeTestTask.java:155)
	at org.junit.platform.engine.support.hierarchical.ThrowableCollector.execute(ThrowableCollector.java:73)
	at org.junit.platform.engine.support.hierarchical.NodeTestTask.lambda$executeRecursively$8(NodeTestTask.java:141)
	at org.junit.platform.engine.support.hierarchical.Node.around(Node.java:137)
	at org.junit.platform.engine.support.hierarchical.NodeTestTask.lambda$executeRecursively$9(NodeTestTask.java:139)
	at org.junit.platform.engine.support.hierarchical.ThrowableCollector.execute(ThrowableCollector.java:73)
	at org.junit.platform.engine.support.hierarchical.NodeTestTask.executeRecursively(NodeTestTask.java:138)
	at org.junit.platform.engine.support.hierarchical.NodeTestTask.execute(NodeTestTask.java:95)
	at org.junit.platform.engine.support.hierarchical.SameThreadHierarchicalTestExecutorService.submit(SameThreadHierarchicalTestExecutorService.java:35)
	at org.junit.platform.engine.support.hierarchical.HierarchicalTestExecutor.execute(HierarchicalTestExecutor.java:57)
	at org.junit.platform.engine.support.hierarchical.HierarchicalTestEngine.execute(HierarchicalTestEngine.java:54)
	at org.junit.platform.launcher.core.EngineExecutionOrchestrator.execute(EngineExecutionOrchestrator.java:198)
	at org.junit.platform.launcher.core.EngineExecutionOrchestrator.execute(EngineExecutionOrchestrator.java:169)
	at org.junit.platform.launcher.core.EngineExecutionOrchestrator.execute(EngineExecutionOrchestrator.java:93)
	at org.junit.platform.launcher.core.EngineExecutionOrchestrator.lambda$execute$0(EngineExecutionOrchestrator.java:58)
	at org.junit.platform.launcher.core.EngineExecutionOrchestrator.withInterceptedStreams(EngineExecutionOrchestrator.java:141)
	at org.junit.platform.launcher.core.EngineExecutionOrchestrator.execute(EngineExecutionOrchestrator.java:57)
	at org.junit.platform.launcher.core.DefaultLauncher.execute(DefaultLauncher.java:103)
	at org.junit.platform.launcher.core.DefaultLauncher.execute(DefaultLauncher.java:85)
	at org.junit.platform.launcher.core.DelegatingLauncher.execute(DelegatingLauncher.java:47)
	at org.junit.platform.launcher.core.SessionPerRequestLauncher.execute(SessionPerRequestLauncher.java:63)
	at com.intellij.junit5.JUnit5IdeaTestRunner.startRunnerWithArgs(JUnit5IdeaTestRunner.java:57)
	at com.intellij.rt.junit.IdeaTestRunner$Repeater$1.execute(IdeaTestRunner.java:38)
	at com.intellij.rt.execution.junit.TestsRepeater.repeat(TestsRepeater.java:11)
	at com.intellij.rt.junit.IdeaTestRunner$Repeater.startRunnerWithArgs(IdeaTestRunner.java:35)
	at com.intellij.rt.junit.JUnitStarter.prepareStreamsAndStart(JUnitStarter.java:232)
	at com.intellij.rt.junit.JUnitStarter.main(JUnitStarter.java:55)
2025-02-14 12:37:26 [main] INFO  lt.insoft.uztis.tests.UztisPageTest - Navigated to https://uztisdev.asseco.lt/home
2025-02-14 12:37:26 [main] INFO  l.i.uztis.tests.EvaluationsPageTest - Starting test:'testFillEvaluationThree'
2025-02-14 12:37:26 [main] INFO  l.i.uztis.tests.EvaluationsPageTest - Starting test:'testNavigateToEvaluationsPage'
2025-02-14 12:37:26 [main] DEBUG l.i.uztis.tests.EvaluationsPageTest - User logged in with test credentials
2025-02-14 12:37:27 [main] DEBUG l.i.uztis.tests.EvaluationsPageTest - Opened 'Application Processing' menu.
2025-02-14 12:37:27 [main] DEBUG l.i.uztis.tests.EvaluationsPageTest - Clicked on 'Evaluations' menu.
2025-02-14 12:37:27 [main] DEBUG l.i.uztis.tests.EvaluationsPageTest - Navigating to evaluations menu.
2025-02-14 12:37:27 [main] INFO  l.i.uztis.tests.EvaluationsPageTest - Test 'testNavigateToEvaluationsPage' completed successfully.
2025-02-14 12:37:27 [main] DEBUG l.i.uztis.tests.EvaluationsPageTest - Clicked on last evaluation.
2025-02-14 12:37:28 [main] DEBUG l.i.uztis.tests.EvaluationsPageTest - Clicked 'Edit'.
2025-02-14 12:37:28 [main] DEBUG l.i.uztis.tests.EvaluationsPageTest - Entered commission date.
2025-02-14 12:37:29 [main] DEBUG l.i.uztis.tests.EvaluationsPageTest - Selected 'Without Commission' radio button.
2025-02-14 12:37:29 [main] DEBUG l.i.uztis.tests.EvaluationsPageTest - Entered chairman name: 'Pirmininkas Pirmininkauskas'.
2025-02-14 12:37:29 [main] DEBUG l.i.uztis.tests.EvaluationsPageTest - Entered member name: 'Narys Narauskas'.
2025-02-14 12:37:29 [main] DEBUG l.i.uztis.tests.EvaluationsPageTest - Clicked 'Continue'.
2025-02-14 12:37:29 [main] DEBUG l.i.uztis.tests.EvaluationsPageTest - Entered chairman score 1: '1'.
2025-02-14 12:37:30 [main] DEBUG l.i.uztis.tests.EvaluationsPageTest - Entered member score 1: '2'.
2025-02-14 12:37:30 [main] DEBUG l.i.uztis.tests.EvaluationsPageTest - Entered member conclusion 1: 'Išvada - palanki 1'.
2025-02-14 12:37:30 [main] DEBUG l.i.uztis.tests.EvaluationsPageTest - Entered chairman score 2: '3'.
2025-02-14 12:37:30 [main] DEBUG l.i.uztis.tests.EvaluationsPageTest - Entered member score 2: '4'.
2025-02-14 12:37:30 [main] DEBUG l.i.uztis.tests.EvaluationsPageTest - Entered member conclusion 2: 'Išvada - palanki 2'.
2025-02-14 12:37:30 [main] DEBUG l.i.uztis.tests.EvaluationsPageTest - Entered chairman score 3: '5'.
2025-02-14 12:37:30 [main] DEBUG l.i.uztis.tests.EvaluationsPageTest - Entered member score 3: '6'.
2025-02-14 12:37:31 [main] DEBUG l.i.uztis.tests.EvaluationsPageTest - Entered member conclusion 3: 'Išvada - palanki 3'.
2025-02-14 12:37:31 [main] DEBUG l.i.uztis.tests.EvaluationsPageTest - Entered chairman score 4: '7'.
2025-02-14 12:37:31 [main] DEBUG l.i.uztis.tests.EvaluationsPageTest - Entered member score 4: '8'.
2025-02-14 12:37:31 [main] DEBUG l.i.uztis.tests.EvaluationsPageTest - Entered member conclusion 4: 'Išvada - palanki 4'.
2025-02-14 12:37:31 [main] DEBUG l.i.uztis.tests.EvaluationsPageTest - Entered chairman score 5: '9'.
2025-02-14 12:37:31 [main] DEBUG l.i.uztis.tests.EvaluationsPageTest - Entered member score 5: '10'.
2025-02-14 12:37:31 [main] DEBUG l.i.uztis.tests.EvaluationsPageTest - Entered member conclusion 5: 'Išvada - palanki 5'.
2025-02-14 12:37:31 [main] INFO  l.i.uztis.tests.EvaluationsPageTest - Test 'testFillEvaluationThree' completed successfully.
2025-02-14 12:38:30 [main] INFO  lt.insoft.uztis.tests.UztisPageTest - Navigated to https://uztisdev.asseco.lt/home
2025-02-14 12:38:30 [main] INFO  l.i.uztis.tests.EvaluationsPageTest - Starting test:'testFillEvaluationThree'
2025-02-14 12:38:30 [main] INFO  l.i.uztis.tests.EvaluationsPageTest - Starting test:'testNavigateToEvaluationsPage'
2025-02-14 12:38:31 [main] DEBUG l.i.uztis.tests.EvaluationsPageTest - User logged in with test credentials
2025-02-14 12:38:31 [main] DEBUG l.i.uztis.tests.EvaluationsPageTest - Opened 'Application Processing' menu.
2025-02-14 12:38:31 [main] DEBUG l.i.uztis.tests.EvaluationsPageTest - Clicked on 'Evaluations' menu.
2025-02-14 12:38:31 [main] DEBUG l.i.uztis.tests.EvaluationsPageTest - Navigating to evaluations menu.
2025-02-14 12:38:31 [main] INFO  l.i.uztis.tests.EvaluationsPageTest - Test 'testNavigateToEvaluationsPage' completed successfully.
2025-02-14 12:38:32 [main] DEBUG l.i.uztis.tests.EvaluationsPageTest - Clicked on last evaluation.
2025-02-14 12:38:32 [main] DEBUG l.i.uztis.tests.EvaluationsPageTest - Clicked 'Edit'.
2025-02-14 12:38:33 [main] DEBUG l.i.uztis.tests.EvaluationsPageTest - Entered commission date.
2025-02-14 12:38:33 [main] DEBUG l.i.uztis.tests.EvaluationsPageTest - Selected 'Without Commission' radio button.
2025-02-14 12:38:33 [main] DEBUG l.i.uztis.tests.EvaluationsPageTest - Entered chairman name: 'Pirmininkas Pirmininkauskas'.
2025-02-14 12:38:33 [main] DEBUG l.i.uztis.tests.EvaluationsPageTest - Entered member name: 'Narys Narauskas'.
2025-02-14 12:38:34 [main] DEBUG l.i.uztis.tests.EvaluationsPageTest - Clicked 'Continue'.
2025-02-14 12:38:34 [main] DEBUG l.i.uztis.tests.EvaluationsPageTest - Entered chairman score 1: '1'.
2025-02-14 12:38:34 [main] DEBUG l.i.uztis.tests.EvaluationsPageTest - Entered member score 1: '2'.
2025-02-14 12:38:34 [main] DEBUG l.i.uztis.tests.EvaluationsPageTest - Entered member conclusion 1: 'Išvada - palanki 1'.
2025-02-14 12:38:34 [main] DEBUG l.i.uztis.tests.EvaluationsPageTest - Entered chairman score 2: '3'.
2025-02-14 12:38:34 [main] DEBUG l.i.uztis.tests.EvaluationsPageTest - Entered member score 2: '4'.
2025-02-14 12:38:35 [main] DEBUG l.i.uztis.tests.EvaluationsPageTest - Entered member conclusion 2: 'Išvada - palanki 2'.
2025-02-14 12:38:35 [main] DEBUG l.i.uztis.tests.EvaluationsPageTest - Entered chairman score 3: '5'.
2025-02-14 12:38:35 [main] DEBUG l.i.uztis.tests.EvaluationsPageTest - Entered member score 3: '6'.
2025-02-14 12:38:35 [main] DEBUG l.i.uztis.tests.EvaluationsPageTest - Entered member conclusion 3: 'Išvada - palanki 3'.
2025-02-14 12:38:35 [main] DEBUG l.i.uztis.tests.EvaluationsPageTest - Entered chairman score 4: '7'.
2025-02-14 12:38:35 [main] DEBUG l.i.uztis.tests.EvaluationsPageTest - Entered member score 4: '8'.
2025-02-14 12:38:35 [main] DEBUG l.i.uztis.tests.EvaluationsPageTest - Entered member conclusion 4: 'Išvada - palanki 4'.
2025-02-14 12:38:36 [main] DEBUG l.i.uztis.tests.EvaluationsPageTest - Entered chairman score 5: '9'.
2025-02-14 12:38:36 [main] DEBUG l.i.uztis.tests.EvaluationsPageTest - Entered member score 5: '10'.
2025-02-14 12:38:36 [main] DEBUG l.i.uztis.tests.EvaluationsPageTest - Entered member conclusion 5: 'Išvada - palanki 5'.
2025-02-14 12:38:36 [main] INFO  l.i.uztis.tests.EvaluationsPageTest - Test 'testFillEvaluationThree' completed successfully.
2025-02-14 12:39:58 [main] INFO  lt.insoft.uztis.tests.UztisPageTest - Navigated to https://uztisdev.asseco.lt/home
2025-02-14 12:39:58 [main] INFO  l.i.uztis.tests.EvaluationsPageTest - Starting test:'testFillEvaluationThree'
2025-02-14 12:39:58 [main] INFO  l.i.uztis.tests.EvaluationsPageTest - Starting test:'testNavigateToEvaluationsPage'
2025-02-14 12:39:59 [main] DEBUG l.i.uztis.tests.EvaluationsPageTest - User logged in with test credentials
2025-02-14 12:39:59 [main] DEBUG l.i.uztis.tests.EvaluationsPageTest - Opened 'Application Processing' menu.
2025-02-14 12:39:59 [main] DEBUG l.i.uztis.tests.EvaluationsPageTest - Clicked on 'Evaluations' menu.
2025-02-14 12:39:59 [main] DEBUG l.i.uztis.tests.EvaluationsPageTest - Navigating to evaluations menu.
2025-02-14 12:39:59 [main] INFO  l.i.uztis.tests.EvaluationsPageTest - Test 'testNavigateToEvaluationsPage' completed successfully.
2025-02-14 12:40:00 [main] DEBUG l.i.uztis.tests.EvaluationsPageTest - Clicked on last evaluation.
2025-02-14 12:40:00 [main] DEBUG l.i.uztis.tests.EvaluationsPageTest - Clicked 'Edit'.
2025-02-14 12:40:01 [main] DEBUG l.i.uztis.tests.EvaluationsPageTest - Entered commission date.
2025-02-14 12:40:01 [main] DEBUG l.i.uztis.tests.EvaluationsPageTest - Selected 'Without Commission' radio button.
2025-02-14 12:40:01 [main] DEBUG l.i.uztis.tests.EvaluationsPageTest - Entered chairman name: 'Pirmininkas Pirmininkauskas'.
2025-02-14 12:40:01 [main] DEBUG l.i.uztis.tests.EvaluationsPageTest - Entered member name: 'Narys Narauskas'.
2025-02-14 12:40:02 [main] DEBUG l.i.uztis.tests.EvaluationsPageTest - Clicked 'Continue'.
2025-02-14 12:40:02 [main] DEBUG l.i.uztis.tests.EvaluationsPageTest - Entered chairman score 1: '1'.
2025-02-14 12:40:02 [main] DEBUG l.i.uztis.tests.EvaluationsPageTest - Entered member score 1: '2'.
2025-02-14 12:40:02 [main] DEBUG l.i.uztis.tests.EvaluationsPageTest - Entered member conclusion 1: 'Išvada - palanki 1'.
2025-02-14 12:40:02 [main] DEBUG l.i.uztis.tests.EvaluationsPageTest - Entered chairman score 2: '3'.
2025-02-14 12:40:02 [main] DEBUG l.i.uztis.tests.EvaluationsPageTest - Entered member score 2: '4'.
2025-02-14 12:40:03 [main] DEBUG l.i.uztis.tests.EvaluationsPageTest - Entered member conclusion 2: 'Išvada - palanki 2'.
2025-02-14 12:40:03 [main] DEBUG l.i.uztis.tests.EvaluationsPageTest - Entered chairman score 3: '5'.
2025-02-14 12:40:03 [main] DEBUG l.i.uztis.tests.EvaluationsPageTest - Entered member score 3: '6'.
2025-02-14 12:40:03 [main] DEBUG l.i.uztis.tests.EvaluationsPageTest - Entered member conclusion 3: 'Išvada - palanki 3'.
2025-02-14 12:40:03 [main] DEBUG l.i.uztis.tests.EvaluationsPageTest - Entered chairman score 4: '7'.
2025-02-14 12:40:03 [main] DEBUG l.i.uztis.tests.EvaluationsPageTest - Entered member score 4: '8'.
2025-02-14 12:40:03 [main] DEBUG l.i.uztis.tests.EvaluationsPageTest - Entered member conclusion 4: 'Išvada - palanki 4'.
2025-02-14 12:40:04 [main] DEBUG l.i.uztis.tests.EvaluationsPageTest - Entered chairman score 5: '9'.
2025-02-14 12:40:04 [main] DEBUG l.i.uztis.tests.EvaluationsPageTest - Entered member score 5: '10'.
2025-02-14 12:40:04 [main] DEBUG l.i.uztis.tests.EvaluationsPageTest - Entered member conclusion 5: 'Išvada - palanki 5'.
2025-02-14 12:40:04 [main] DEBUG l.i.uztis.tests.EvaluationsPageTest - Clicked 'Confirm'.
2025-02-14 12:40:14 [main] ERROR l.i.uztis.tests.EvaluationsPageTest - Test 'testFillEvaluationThree' failed with error: no such element: Unable to locate element: {"method":"css selector","selector":".reverse-mobile .ng-star-inserted:nth-of-type(2)"}
  (Session info: chrome=132.0.6834.197)
For documentation on this error, please visit: https://www.selenium.dev/documentation/webdriver/troubleshooting/errors#no-such-element-exception
Build info: version: '4.27.0', revision: 'd6e718d134'
System info: os.name: 'Windows 11', os.arch: 'amd64', os.version: '10.0', java.version: '21.0.3'
Driver info: org.openqa.selenium.chrome.ChromeDriver
Command: [5d8653c59f153c9158e58e7901b9e916, findElement {using=css selector, value=.reverse-mobile .ng-star-inserted:nth-of-type(2)}]
Capabilities {acceptInsecureCerts: false, browserName: chrome, browserVersion: 132.0.6834.197, chrome: {chromedriverVersion: 132.0.6834.159 (2d77d3fc445..., userDataDir: C:\Users\INGRID~1.ZAD\AppDa...}, fedcm:accounts: true, goog:chromeOptions: {debuggerAddress: localhost:54819}, networkConnectionEnabled: false, pageLoadStrategy: normal, platformName: windows, proxy: Proxy(), se:cdp: ws://localhost:54819/devtoo..., se:cdpVersion: 132.0.6834.197, setWindowRect: true, strictFileInteractability: false, timeouts: {implicit: 0, pageLoad: 300000, script: 30000}, unhandledPromptBehavior: dismiss and notify, webauthn:extension:credBlob: true, webauthn:extension:largeBlob: true, webauthn:extension:minPinLength: true, webauthn:extension:prf: true, webauthn:virtualAuthenticators: true}
Session ID: 5d8653c59f153c9158e58e7901b9e916
org.openqa.selenium.NoSuchElementException: no such element: Unable to locate element: {"method":"css selector","selector":".reverse-mobile .ng-star-inserted:nth-of-type(2)"}
  (Session info: chrome=132.0.6834.197)
For documentation on this error, please visit: https://www.selenium.dev/documentation/webdriver/troubleshooting/errors#no-such-element-exception
Build info: version: '4.27.0', revision: 'd6e718d134'
System info: os.name: 'Windows 11', os.arch: 'amd64', os.version: '10.0', java.version: '21.0.3'
Driver info: org.openqa.selenium.chrome.ChromeDriver
Command: [5d8653c59f153c9158e58e7901b9e916, findElement {using=css selector, value=.reverse-mobile .ng-star-inserted:nth-of-type(2)}]
Capabilities {acceptInsecureCerts: false, browserName: chrome, browserVersion: 132.0.6834.197, chrome: {chromedriverVersion: 132.0.6834.159 (2d77d3fc445..., userDataDir: C:\Users\INGRID~1.ZAD\AppDa...}, fedcm:accounts: true, goog:chromeOptions: {debuggerAddress: localhost:54819}, networkConnectionEnabled: false, pageLoadStrategy: normal, platformName: windows, proxy: Proxy(), se:cdp: ws://localhost:54819/devtoo..., se:cdpVersion: 132.0.6834.197, setWindowRect: true, strictFileInteractability: false, timeouts: {implicit: 0, pageLoad: 300000, script: 30000}, unhandledPromptBehavior: dismiss and notify, webauthn:extension:credBlob: true, webauthn:extension:largeBlob: true, webauthn:extension:minPinLength: true, webauthn:extension:prf: true, webauthn:virtualAuthenticators: true}
Session ID: 5d8653c59f153c9158e58e7901b9e916
	at java.base/jdk.internal.reflect.DirectConstructorHandleAccessor.newInstance(DirectConstructorHandleAccessor.java:62)
	at java.base/java.lang.reflect.Constructor.newInstanceWithCaller(Constructor.java:502)
	at java.base/java.lang.reflect.Constructor.newInstance(Constructor.java:486)
	at org.openqa.selenium.remote.ErrorCodec.decode(ErrorCodec.java:167)
	at org.openqa.selenium.remote.codec.w3c.W3CHttpResponseCodec.decode(W3CHttpResponseCodec.java:138)
	at org.openqa.selenium.remote.codec.w3c.W3CHttpResponseCodec.decode(W3CHttpResponseCodec.java:50)
	at org.openqa.selenium.remote.HttpCommandExecutor.execute(HttpCommandExecutor.java:190)
	at org.openqa.selenium.remote.service.DriverCommandExecutor.invokeExecute(DriverCommandExecutor.java:216)
	at org.openqa.selenium.remote.service.DriverCommandExecutor.execute(DriverCommandExecutor.java:174)
	at org.openqa.selenium.remote.RemoteWebDriver.execute(RemoteWebDriver.java:545)
	at org.openqa.selenium.remote.ElementLocation$ElementFinder$2.findElement(ElementLocation.java:165)
	at org.openqa.selenium.remote.ElementLocation.findElement(ElementLocation.java:59)
	at org.openqa.selenium.remote.RemoteWebDriver.findElement(RemoteWebDriver.java:368)
	at org.openqa.selenium.remote.RemoteWebDriver.findElement(RemoteWebDriver.java:362)
	at org.openqa.selenium.support.pagefactory.DefaultElementLocator.findElement(DefaultElementLocator.java:68)
	at org.openqa.selenium.support.pagefactory.internal.LocatingElementHandler.invoke(LocatingElementHandler.java:38)
	at jdk.proxy2/jdk.proxy2.$Proxy14.click(Unknown Source)
	at lt.insoft.uztis.pages.EvaluationsPage.clickButtonConfirmConfirmation(EvaluationsPage.java:236)
	at lt.insoft.uztis.tests.EvaluationsPageTest.testFillEvaluationThree(EvaluationsPageTest.java:335)
	at java.base/jdk.internal.reflect.DirectMethodHandleAccessor.invoke(DirectMethodHandleAccessor.java:103)
	at java.base/java.lang.reflect.Method.invoke(Method.java:580)
	at org.junit.platform.commons.util.ReflectionUtils.invokeMethod(ReflectionUtils.java:728)
	at org.junit.jupiter.engine.execution.MethodInvocation.proceed(MethodInvocation.java:60)
	at org.junit.jupiter.engine.execution.InvocationInterceptorChain$ValidatingInvocation.proceed(InvocationInterceptorChain.java:131)
	at org.junit.jupiter.engine.extension.TimeoutExtension.intercept(TimeoutExtension.java:156)
	at org.junit.jupiter.engine.extension.TimeoutExtension.interceptTestableMethod(TimeoutExtension.java:147)
	at org.junit.jupiter.engine.extension.TimeoutExtension.interceptTestMethod(TimeoutExtension.java:86)
	at org.junit.jupiter.engine.execution.InterceptingExecutableInvoker$ReflectiveInterceptorCall.lambda$ofVoidMethod$0(InterceptingExecutableInvoker.java:103)
	at org.junit.jupiter.engine.execution.InterceptingExecutableInvoker.lambda$invoke$0(InterceptingExecutableInvoker.java:93)
	at org.junit.jupiter.engine.execution.InvocationInterceptorChain$InterceptedInvocation.proceed(InvocationInterceptorChain.java:106)
	at org.junit.jupiter.engine.execution.InvocationInterceptorChain.proceed(InvocationInterceptorChain.java:64)
	at org.junit.jupiter.engine.execution.InvocationInterceptorChain.chainAndInvoke(InvocationInterceptorChain.java:45)
	at org.junit.jupiter.engine.execution.InvocationInterceptorChain.invoke(InvocationInterceptorChain.java:37)
	at org.junit.jupiter.engine.execution.InterceptingExecutableInvoker.invoke(InterceptingExecutableInvoker.java:92)
	at org.junit.jupiter.engine.execution.InterceptingExecutableInvoker.invoke(InterceptingExecutableInvoker.java:86)
	at org.junit.jupiter.engine.descriptor.TestMethodTestDescriptor.lambda$invokeTestMethod$7(TestMethodTestDescriptor.java:218)
	at org.junit.platform.engine.support.hierarchical.ThrowableCollector.execute(ThrowableCollector.java:73)
	at org.junit.jupiter.engine.descriptor.TestMethodTestDescriptor.invokeTestMethod(TestMethodTestDescriptor.java:214)
	at org.junit.jupiter.engine.descriptor.TestMethodTestDescriptor.execute(TestMethodTestDescriptor.java:139)
	at org.junit.jupiter.engine.descriptor.TestMethodTestDescriptor.execute(TestMethodTestDescriptor.java:69)
	at org.junit.platform.engine.support.hierarchical.NodeTestTask.lambda$executeRecursively$6(NodeTestTask.java:151)
	at org.junit.platform.engine.support.hierarchical.ThrowableCollector.execute(ThrowableCollector.java:73)
	at org.junit.platform.engine.support.hierarchical.NodeTestTask.lambda$executeRecursively$8(NodeTestTask.java:141)
	at org.junit.platform.engine.support.hierarchical.Node.around(Node.java:137)
	at org.junit.platform.engine.support.hierarchical.NodeTestTask.lambda$executeRecursively$9(NodeTestTask.java:139)
	at org.junit.platform.engine.support.hierarchical.ThrowableCollector.execute(ThrowableCollector.java:73)
	at org.junit.platform.engine.support.hierarchical.NodeTestTask.executeRecursively(NodeTestTask.java:138)
	at org.junit.platform.engine.support.hierarchical.NodeTestTask.execute(NodeTestTask.java:95)
	at java.base/java.util.ArrayList.forEach(ArrayList.java:1596)
	at org.junit.platform.engine.support.hierarchical.SameThreadHierarchicalTestExecutorService.invokeAll(SameThreadHierarchicalTestExecutorService.java:41)
	at org.junit.platform.engine.support.hierarchical.NodeTestTask.lambda$executeRecursively$6(NodeTestTask.java:155)
	at org.junit.platform.engine.support.hierarchical.ThrowableCollector.execute(ThrowableCollector.java:73)
	at org.junit.platform.engine.support.hierarchical.NodeTestTask.lambda$executeRecursively$8(NodeTestTask.java:141)
	at org.junit.platform.engine.support.hierarchical.Node.around(Node.java:137)
	at org.junit.platform.engine.support.hierarchical.NodeTestTask.lambda$executeRecursively$9(NodeTestTask.java:139)
	at org.junit.platform.engine.support.hierarchical.ThrowableCollector.execute(ThrowableCollector.java:73)
	at org.junit.platform.engine.support.hierarchical.NodeTestTask.executeRecursively(NodeTestTask.java:138)
	at org.junit.platform.engine.support.hierarchical.NodeTestTask.execute(NodeTestTask.java:95)
	at java.base/java.util.ArrayList.forEach(ArrayList.java:1596)
	at org.junit.platform.engine.support.hierarchical.SameThreadHierarchicalTestExecutorService.invokeAll(SameThreadHierarchicalTestExecutorService.java:41)
	at org.junit.platform.engine.support.hierarchical.NodeTestTask.lambda$executeRecursively$6(NodeTestTask.java:155)
	at org.junit.platform.engine.support.hierarchical.ThrowableCollector.execute(ThrowableCollector.java:73)
	at org.junit.platform.engine.support.hierarchical.NodeTestTask.lambda$executeRecursively$8(NodeTestTask.java:141)
	at org.junit.platform.engine.support.hierarchical.Node.around(Node.java:137)
	at org.junit.platform.engine.support.hierarchical.NodeTestTask.lambda$executeRecursively$9(NodeTestTask.java:139)
	at org.junit.platform.engine.support.hierarchical.ThrowableCollector.execute(ThrowableCollector.java:73)
	at org.junit.platform.engine.support.hierarchical.NodeTestTask.executeRecursively(NodeTestTask.java:138)
	at org.junit.platform.engine.support.hierarchical.NodeTestTask.execute(NodeTestTask.java:95)
	at org.junit.platform.engine.support.hierarchical.SameThreadHierarchicalTestExecutorService.submit(SameThreadHierarchicalTestExecutorService.java:35)
	at org.junit.platform.engine.support.hierarchical.HierarchicalTestExecutor.execute(HierarchicalTestExecutor.java:57)
	at org.junit.platform.engine.support.hierarchical.HierarchicalTestEngine.execute(HierarchicalTestEngine.java:54)
	at org.junit.platform.launcher.core.EngineExecutionOrchestrator.execute(EngineExecutionOrchestrator.java:198)
	at org.junit.platform.launcher.core.EngineExecutionOrchestrator.execute(EngineExecutionOrchestrator.java:169)
	at org.junit.platform.launcher.core.EngineExecutionOrchestrator.execute(EngineExecutionOrchestrator.java:93)
	at org.junit.platform.launcher.core.EngineExecutionOrchestrator.lambda$execute$0(EngineExecutionOrchestrator.java:58)
	at org.junit.platform.launcher.core.EngineExecutionOrchestrator.withInterceptedStreams(EngineExecutionOrchestrator.java:141)
	at org.junit.platform.launcher.core.EngineExecutionOrchestrator.execute(EngineExecutionOrchestrator.java:57)
	at org.junit.platform.launcher.core.DefaultLauncher.execute(DefaultLauncher.java:103)
	at org.junit.platform.launcher.core.DefaultLauncher.execute(DefaultLauncher.java:85)
	at org.junit.platform.launcher.core.DelegatingLauncher.execute(DelegatingLauncher.java:47)
	at org.junit.platform.launcher.core.SessionPerRequestLauncher.execute(SessionPerRequestLauncher.java:63)
	at com.intellij.junit5.JUnit5IdeaTestRunner.startRunnerWithArgs(JUnit5IdeaTestRunner.java:57)
	at com.intellij.rt.junit.IdeaTestRunner$Repeater$1.execute(IdeaTestRunner.java:38)
	at com.intellij.rt.execution.junit.TestsRepeater.repeat(TestsRepeater.java:11)
	at com.intellij.rt.junit.IdeaTestRunner$Repeater.startRunnerWithArgs(IdeaTestRunner.java:35)
	at com.intellij.rt.junit.JUnitStarter.prepareStreamsAndStart(JUnitStarter.java:232)
	at com.intellij.rt.junit.JUnitStarter.main(JUnitStarter.java:55)
2025-02-14 12:40:14 [main] INFO  l.insoft.uztis.tests.utils.TestUtils - Screenshot moved to C:\Users\ingrida.zadorozniene\Desktop\Asm\UZTIS\UZTIS_tests\test-output\screenshots\20250214\124014815_testFillEvaluationThree().png
2025-02-14 12:43:24 [main] INFO  lt.insoft.uztis.tests.UztisPageTest - Navigated to https://uztisdev.asseco.lt/home
2025-02-14 12:43:24 [main] INFO  l.i.u.t.SubmittedApplicationsPageTest - Starting test:'testFillNewVUIPApplicationFA'
2025-02-14 12:43:24 [main] DEBUG l.i.u.t.SubmittedApplicationsPageTest - User logged in with test credentials.
2025-02-14 12:43:25 [main] DEBUG l.i.u.t.SubmittedApplicationsPageTest - Opened 'Application Processing' menu.
2025-02-14 12:43:25 [main] DEBUG l.i.u.t.SubmittedApplicationsPageTest - Clicked on 'Application Forms' menu.
2025-02-14 12:43:25 [main] DEBUG l.i.u.t.SubmittedApplicationsPageTest - Retrieved last description code text: 'TST-VUI-00'.
2025-02-14 12:43:25 [main] DEBUG l.i.u.t.SubmittedApplicationsPageTest - Clicked on 'Invitation' menu.
2025-02-14 12:43:26 [main] DEBUG l.i.u.t.SubmittedApplicationsPageTest - Selected application section by code: 'TST-VUI-00'.
2025-02-14 12:43:26 [main] DEBUG l.i.u.t.SubmittedApplicationsPageTest - Clicked 'Search' button.
2025-02-14 12:43:26 [main] DEBUG l.i.u.t.SubmittedApplicationsPageTest - Retrieved invitation code: ''.
2025-02-14 12:43:26 [main] DEBUG l.i.u.t.SubmittedApplicationsPageTest - Clicked on 'Submitted Applications' menu.
2025-02-14 12:43:27 [main] DEBUG l.i.u.t.SubmittedApplicationsPageTest - Selected invitation by code: 'TST-VUI-00'.
2025-02-14 12:43:27 [main] DEBUG l.i.u.t.SubmittedApplicationsPageTest - Invitation code inserted.
2025-02-14 12:43:27 [main] DEBUG l.i.u.t.SubmittedApplicationsPageTest - Clicked on 'Action Application' button.
2025-02-14 12:43:28 [main] DEBUG l.i.u.t.SubmittedApplicationsPageTest - Clicked on 'New Application' button.
2025-02-14 12:43:28 [main] DEBUG l.i.u.t.SubmittedApplicationsPageTest - Selected the 'RadioButtonFA' option.
2025-02-14 12:43:28 [main] DEBUG l.i.u.t.SubmittedApplicationsPageTest - Entered phone number: '61298745'.
2025-02-14 12:43:28 [main] DEBUG l.i.u.t.SubmittedApplicationsPageTest - Entered email: 'test@autotest.com'.
2025-02-14 12:43:28 [main] INFO  l.i.u.p.SubmittedApplicationsPage - Located the dropdown button.
2025-02-14 12:43:46 [main] INFO  l.i.u.p.SubmittedApplicationsPage - Found 1741 options in the dropdown.
2025-02-14 12:43:46 [main] INFO  l.i.u.p.SubmittedApplicationsPage - Successfully selected the value: '01.11 - Grūdinių (išskyrus ryžius), ankštinių ir aliejingų sėklų augalų auginimas'
2025-02-14 12:43:57 [main] ERROR l.i.u.p.SubmittedApplicationsPage - Failed to close the dropdown with aria-expanded = 'false'. Attempting manual close.
2025-02-14 12:43:58 [main] ERROR l.i.u.p.SubmittedApplicationsPage - Failed to manually close the dropdown: element click intercepted: Element <div class="cdk-overlay-backdrop cdk-overlay-transparent-backdrop cdk-overlay-backdrop-showing"></div> is not clickable at point (768, 338). Other element would receive the click: <mat-option role="option" class="mat-mdc-option mdc-list-item mat-mdc-option-multiple ng-tns-c1073613477-25 ng-star-inserted" id="mat-option-125" aria-selected="false" aria-disabled="false" style="">...</mat-option>
  (Session info: chrome=132.0.6834.197)
Build info: version: '4.27.0', revision: 'd6e718d134'
System info: os.name: 'Windows 11', os.arch: 'amd64', os.version: '10.0', java.version: '21.0.3'
Driver info: org.openqa.selenium.chrome.ChromeDriver
Command: [28e3635d518be7ad585cce51f5a33c67, clickElement {id=f.7BE9141FF3159EFDB1DDC729AF682C60.d.B4B20E07BAF68DC0F4EB7DAAA8AFEDD6.e.1992}]
Capabilities {acceptInsecureCerts: false, browserName: chrome, browserVersion: 132.0.6834.197, chrome: {chromedriverVersion: 132.0.6834.159 (2d77d3fc445..., userDataDir: C:\Users\INGRID~1.ZAD\AppDa...}, fedcm:accounts: true, goog:chromeOptions: {debuggerAddress: localhost:54940}, networkConnectionEnabled: false, pageLoadStrategy: normal, platformName: windows, proxy: Proxy(), se:cdp: ws://localhost:54940/devtoo..., se:cdpVersion: 132.0.6834.197, setWindowRect: true, strictFileInteractability: false, timeouts: {implicit: 0, pageLoad: 300000, script: 30000}, unhandledPromptBehavior: dismiss and notify, webauthn:extension:credBlob: true, webauthn:extension:largeBlob: true, webauthn:extension:minPinLength: true, webauthn:extension:prf: true, webauthn:virtualAuthenticators: true}
Element: [[ChromeDriver: chrome on windows (28e3635d518be7ad585cce51f5a33c67)] -> class name: cdk-overlay-backdrop]
Session ID: 28e3635d518be7ad585cce51f5a33c67
2025-02-14 12:43:58 [main] DEBUG l.i.u.t.SubmittedApplicationsPageTest - Selected EVRK value: '01.11 - Grūdinių (išskyrus ryžius), ankštinių ir aliejingų sėklų augalų auginimas'.
2025-02-14 12:43:58 [main] DEBUG l.i.u.t.SubmittedApplicationsPageTest - Entered address: 'Vilniaus m. sav., Vilnius, Testo g. 10T'.
2025-02-14 12:43:58 [main] DEBUG l.i.u.t.SubmittedApplicationsPageTest - Entered project date.
2025-02-14 12:43:58 [main] DEBUG l.i.u.t.SubmittedApplicationsPageTest - Entered job count: '1'.
2025-02-14 12:43:59 [main] ERROR l.i.u.t.SubmittedApplicationsPageTest - Test 'testFillNewVUIApplicationFA' failed with error: element click intercepted: Element <button type="button" class="i-forms-stepper-button i-forms-stepper-button-next">...</button> is not clickable at point (1439, 635). Other element would receive the click: <div class="cdk-overlay-backdrop cdk-overlay-transparent-backdrop cdk-overlay-backdrop-showing"></div>
  (Session info: chrome=132.0.6834.197)
Build info: version: '4.27.0', revision: 'd6e718d134'
System info: os.name: 'Windows 11', os.arch: 'amd64', os.version: '10.0', java.version: '21.0.3'
Driver info: org.openqa.selenium.chrome.ChromeDriver
Command: [28e3635d518be7ad585cce51f5a33c67, clickElement {id=f.7BE9141FF3159EFDB1DDC729AF682C60.d.B4B20E07BAF68DC0F4EB7DAAA8AFEDD6.e.2002}]
Capabilities {acceptInsecureCerts: false, browserName: chrome, browserVersion: 132.0.6834.197, chrome: {chromedriverVersion: 132.0.6834.159 (2d77d3fc445..., userDataDir: C:\Users\INGRID~1.ZAD\AppDa...}, fedcm:accounts: true, goog:chromeOptions: {debuggerAddress: localhost:54940}, networkConnectionEnabled: false, pageLoadStrategy: normal, platformName: windows, proxy: Proxy(), se:cdp: ws://localhost:54940/devtoo..., se:cdpVersion: 132.0.6834.197, setWindowRect: true, strictFileInteractability: false, timeouts: {implicit: 0, pageLoad: 300000, script: 30000}, unhandledPromptBehavior: dismiss and notify, webauthn:extension:credBlob: true, webauthn:extension:largeBlob: true, webauthn:extension:minPinLength: true, webauthn:extension:prf: true, webauthn:virtualAuthenticators: true}
Element: [[ChromeDriver: chrome on windows (28e3635d518be7ad585cce51f5a33c67)] -> xpath: //button[contains(@class, 'i-forms-stepper-button-next') and normalize-space(text())='Toliau']]
Session ID: 28e3635d518be7ad585cce51f5a33c67
org.openqa.selenium.ElementClickInterceptedException: element click intercepted: Element <button type="button" class="i-forms-stepper-button i-forms-stepper-button-next">...</button> is not clickable at point (1439, 635). Other element would receive the click: <div class="cdk-overlay-backdrop cdk-overlay-transparent-backdrop cdk-overlay-backdrop-showing"></div>
  (Session info: chrome=132.0.6834.197)
Build info: version: '4.27.0', revision: 'd6e718d134'
System info: os.name: 'Windows 11', os.arch: 'amd64', os.version: '10.0', java.version: '21.0.3'
Driver info: org.openqa.selenium.chrome.ChromeDriver
Command: [28e3635d518be7ad585cce51f5a33c67, clickElement {id=f.7BE9141FF3159EFDB1DDC729AF682C60.d.B4B20E07BAF68DC0F4EB7DAAA8AFEDD6.e.2002}]
Capabilities {acceptInsecureCerts: false, browserName: chrome, browserVersion: 132.0.6834.197, chrome: {chromedriverVersion: 132.0.6834.159 (2d77d3fc445..., userDataDir: C:\Users\INGRID~1.ZAD\AppDa...}, fedcm:accounts: true, goog:chromeOptions: {debuggerAddress: localhost:54940}, networkConnectionEnabled: false, pageLoadStrategy: normal, platformName: windows, proxy: Proxy(), se:cdp: ws://localhost:54940/devtoo..., se:cdpVersion: 132.0.6834.197, setWindowRect: true, strictFileInteractability: false, timeouts: {implicit: 0, pageLoad: 300000, script: 30000}, unhandledPromptBehavior: dismiss and notify, webauthn:extension:credBlob: true, webauthn:extension:largeBlob: true, webauthn:extension:minPinLength: true, webauthn:extension:prf: true, webauthn:virtualAuthenticators: true}
Element: [[ChromeDriver: chrome on windows (28e3635d518be7ad585cce51f5a33c67)] -> xpath: //button[contains(@class, 'i-forms-stepper-button-next') and normalize-space(text())='Toliau']]
Session ID: 28e3635d518be7ad585cce51f5a33c67
	at java.base/jdk.internal.reflect.DirectConstructorHandleAccessor.newInstance(DirectConstructorHandleAccessor.java:62)
	at java.base/java.lang.reflect.Constructor.newInstanceWithCaller(Constructor.java:502)
	at java.base/java.lang.reflect.Constructor.newInstance(Constructor.java:486)
	at org.openqa.selenium.remote.ErrorCodec.decode(ErrorCodec.java:167)
	at org.openqa.selenium.remote.codec.w3c.W3CHttpResponseCodec.decode(W3CHttpResponseCodec.java:138)
	at org.openqa.selenium.remote.codec.w3c.W3CHttpResponseCodec.decode(W3CHttpResponseCodec.java:50)
	at org.openqa.selenium.remote.HttpCommandExecutor.execute(HttpCommandExecutor.java:190)
	at org.openqa.selenium.remote.service.DriverCommandExecutor.invokeExecute(DriverCommandExecutor.java:216)
	at org.openqa.selenium.remote.service.DriverCommandExecutor.execute(DriverCommandExecutor.java:174)
	at org.openqa.selenium.remote.RemoteWebDriver.execute(RemoteWebDriver.java:545)
	at org.openqa.selenium.remote.RemoteWebElement.execute(RemoteWebElement.java:223)
	at org.openqa.selenium.remote.RemoteWebElement.click(RemoteWebElement.java:76)
	at java.base/jdk.internal.reflect.DirectMethodHandleAccessor.invoke(DirectMethodHandleAccessor.java:103)
	at java.base/java.lang.reflect.Method.invoke(Method.java:580)
	at org.openqa.selenium.support.pagefactory.internal.LocatingElementHandler.invoke(LocatingElementHandler.java:51)
	at jdk.proxy2/jdk.proxy2.$Proxy14.click(Unknown Source)
	at lt.insoft.uztis.pages.SubmittedApplicationsPage.clickButtonNext(SubmittedApplicationsPage.java:599)
	at lt.insoft.uztis.tests.SubmittedApplicationsPageTest.testFillNewVUIApplicationFA(SubmittedApplicationsPageTest.java:178)
	at java.base/jdk.internal.reflect.DirectMethodHandleAccessor.invoke(DirectMethodHandleAccessor.java:103)
	at java.base/java.lang.reflect.Method.invoke(Method.java:580)
	at org.junit.platform.commons.util.ReflectionUtils.invokeMethod(ReflectionUtils.java:728)
	at org.junit.jupiter.engine.execution.MethodInvocation.proceed(MethodInvocation.java:60)
	at org.junit.jupiter.engine.execution.InvocationInterceptorChain$ValidatingInvocation.proceed(InvocationInterceptorChain.java:131)
	at org.junit.jupiter.engine.extension.TimeoutExtension.intercept(TimeoutExtension.java:156)
	at org.junit.jupiter.engine.extension.TimeoutExtension.interceptTestableMethod(TimeoutExtension.java:147)
	at org.junit.jupiter.engine.extension.TimeoutExtension.interceptTestMethod(TimeoutExtension.java:86)
	at org.junit.jupiter.engine.execution.InterceptingExecutableInvoker$ReflectiveInterceptorCall.lambda$ofVoidMethod$0(InterceptingExecutableInvoker.java:103)
	at org.junit.jupiter.engine.execution.InterceptingExecutableInvoker.lambda$invoke$0(InterceptingExecutableInvoker.java:93)
	at org.junit.jupiter.engine.execution.InvocationInterceptorChain$InterceptedInvocation.proceed(InvocationInterceptorChain.java:106)
	at org.junit.jupiter.engine.execution.InvocationInterceptorChain.proceed(InvocationInterceptorChain.java:64)
	at org.junit.jupiter.engine.execution.InvocationInterceptorChain.chainAndInvoke(InvocationInterceptorChain.java:45)
	at org.junit.jupiter.engine.execution.InvocationInterceptorChain.invoke(InvocationInterceptorChain.java:37)
	at org.junit.jupiter.engine.execution.InterceptingExecutableInvoker.invoke(InterceptingExecutableInvoker.java:92)
	at org.junit.jupiter.engine.execution.InterceptingExecutableInvoker.invoke(InterceptingExecutableInvoker.java:86)
	at org.junit.jupiter.engine.descriptor.TestMethodTestDescriptor.lambda$invokeTestMethod$7(TestMethodTestDescriptor.java:218)
	at org.junit.platform.engine.support.hierarchical.ThrowableCollector.execute(ThrowableCollector.java:73)
	at org.junit.jupiter.engine.descriptor.TestMethodTestDescriptor.invokeTestMethod(TestMethodTestDescriptor.java:214)
	at org.junit.jupiter.engine.descriptor.TestMethodTestDescriptor.execute(TestMethodTestDescriptor.java:139)
	at org.junit.jupiter.engine.descriptor.TestMethodTestDescriptor.execute(TestMethodTestDescriptor.java:69)
	at org.junit.platform.engine.support.hierarchical.NodeTestTask.lambda$executeRecursively$6(NodeTestTask.java:151)
	at org.junit.platform.engine.support.hierarchical.ThrowableCollector.execute(ThrowableCollector.java:73)
	at org.junit.platform.engine.support.hierarchical.NodeTestTask.lambda$executeRecursively$8(NodeTestTask.java:141)
	at org.junit.platform.engine.support.hierarchical.Node.around(Node.java:137)
	at org.junit.platform.engine.support.hierarchical.NodeTestTask.lambda$executeRecursively$9(NodeTestTask.java:139)
	at org.junit.platform.engine.support.hierarchical.ThrowableCollector.execute(ThrowableCollector.java:73)
	at org.junit.platform.engine.support.hierarchical.NodeTestTask.executeRecursively(NodeTestTask.java:138)
	at org.junit.platform.engine.support.hierarchical.NodeTestTask.execute(NodeTestTask.java:95)
	at java.base/java.util.ArrayList.forEach(ArrayList.java:1596)
	at org.junit.platform.engine.support.hierarchical.SameThreadHierarchicalTestExecutorService.invokeAll(SameThreadHierarchicalTestExecutorService.java:41)
	at org.junit.platform.engine.support.hierarchical.NodeTestTask.lambda$executeRecursively$6(NodeTestTask.java:155)
	at org.junit.platform.engine.support.hierarchical.ThrowableCollector.execute(ThrowableCollector.java:73)
	at org.junit.platform.engine.support.hierarchical.NodeTestTask.lambda$executeRecursively$8(NodeTestTask.java:141)
	at org.junit.platform.engine.support.hierarchical.Node.around(Node.java:137)
	at org.junit.platform.engine.support.hierarchical.NodeTestTask.lambda$executeRecursively$9(NodeTestTask.java:139)
	at org.junit.platform.engine.support.hierarchical.ThrowableCollector.execute(ThrowableCollector.java:73)
	at org.junit.platform.engine.support.hierarchical.NodeTestTask.executeRecursively(NodeTestTask.java:138)
	at org.junit.platform.engine.support.hierarchical.NodeTestTask.execute(NodeTestTask.java:95)
	at java.base/java.util.ArrayList.forEach(ArrayList.java:1596)
	at org.junit.platform.engine.support.hierarchical.SameThreadHierarchicalTestExecutorService.invokeAll(SameThreadHierarchicalTestExecutorService.java:41)
	at org.junit.platform.engine.support.hierarchical.NodeTestTask.lambda$executeRecursively$6(NodeTestTask.java:155)
	at org.junit.platform.engine.support.hierarchical.ThrowableCollector.execute(ThrowableCollector.java:73)
	at org.junit.platform.engine.support.hierarchical.NodeTestTask.lambda$executeRecursively$8(NodeTestTask.java:141)
	at org.junit.platform.engine.support.hierarchical.Node.around(Node.java:137)
	at org.junit.platform.engine.support.hierarchical.NodeTestTask.lambda$executeRecursively$9(NodeTestTask.java:139)
	at org.junit.platform.engine.support.hierarchical.ThrowableCollector.execute(ThrowableCollector.java:73)
	at org.junit.platform.engine.support.hierarchical.NodeTestTask.executeRecursively(NodeTestTask.java:138)
	at org.junit.platform.engine.support.hierarchical.NodeTestTask.execute(NodeTestTask.java:95)
	at org.junit.platform.engine.support.hierarchical.SameThreadHierarchicalTestExecutorService.submit(SameThreadHierarchicalTestExecutorService.java:35)
	at org.junit.platform.engine.support.hierarchical.HierarchicalTestExecutor.execute(HierarchicalTestExecutor.java:57)
	at org.junit.platform.engine.support.hierarchical.HierarchicalTestEngine.execute(HierarchicalTestEngine.java:54)
	at org.junit.platform.launcher.core.EngineExecutionOrchestrator.execute(EngineExecutionOrchestrator.java:198)
	at org.junit.platform.launcher.core.EngineExecutionOrchestrator.execute(EngineExecutionOrchestrator.java:169)
	at org.junit.platform.launcher.core.EngineExecutionOrchestrator.execute(EngineExecutionOrchestrator.java:93)
	at org.junit.platform.launcher.core.EngineExecutionOrchestrator.lambda$execute$0(EngineExecutionOrchestrator.java:58)
	at org.junit.platform.launcher.core.EngineExecutionOrchestrator.withInterceptedStreams(EngineExecutionOrchestrator.java:141)
	at org.junit.platform.launcher.core.EngineExecutionOrchestrator.execute(EngineExecutionOrchestrator.java:57)
	at org.junit.platform.launcher.core.DefaultLauncher.execute(DefaultLauncher.java:103)
	at org.junit.platform.launcher.core.DefaultLauncher.execute(DefaultLauncher.java:85)
	at org.junit.platform.launcher.core.DelegatingLauncher.execute(DelegatingLauncher.java:47)
	at org.junit.platform.launcher.core.SessionPerRequestLauncher.execute(SessionPerRequestLauncher.java:63)
	at com.intellij.junit5.JUnit5IdeaTestRunner.startRunnerWithArgs(JUnit5IdeaTestRunner.java:57)
	at com.intellij.rt.junit.IdeaTestRunner$Repeater$1.execute(IdeaTestRunner.java:38)
	at com.intellij.rt.execution.junit.TestsRepeater.repeat(TestsRepeater.java:11)
	at com.intellij.rt.junit.IdeaTestRunner$Repeater.startRunnerWithArgs(IdeaTestRunner.java:35)
	at com.intellij.rt.junit.JUnitStarter.prepareStreamsAndStart(JUnitStarter.java:232)
	at com.intellij.rt.junit.JUnitStarter.main(JUnitStarter.java:55)
2025-02-14 12:44:00 [main] INFO  l.insoft.uztis.tests.utils.TestUtils - Screenshot moved to C:\Users\ingrida.zadorozniene\Desktop\Asm\UZTIS\UZTIS_tests\test-output\screenshots\20250214\124359998_testFillNewVUIApplicationFA().png
2025-02-14 12:44:32 [main] INFO  lt.insoft.uztis.tests.UztisPageTest - Navigated to https://uztisdev.asseco.lt/home
2025-02-14 12:44:32 [main] INFO  l.i.u.t.SubmittedApplicationsPageTest - Starting test:'testFillNewVUIPApplicationFA'
2025-02-14 12:44:32 [main] DEBUG l.i.u.t.SubmittedApplicationsPageTest - User logged in with test credentials.
2025-02-14 12:44:33 [main] DEBUG l.i.u.t.SubmittedApplicationsPageTest - Opened 'Application Processing' menu.
2025-02-14 12:44:33 [main] DEBUG l.i.u.t.SubmittedApplicationsPageTest - Clicked on 'Application Forms' menu.
2025-02-14 12:44:33 [main] DEBUG l.i.u.t.SubmittedApplicationsPageTest - Retrieved last description code text: 'TST-VUI-00'.
2025-02-14 12:44:33 [main] DEBUG l.i.u.t.SubmittedApplicationsPageTest - Clicked on 'Invitation' menu.
2025-02-14 12:44:34 [main] DEBUG l.i.u.t.SubmittedApplicationsPageTest - Selected application section by code: 'TST-VUI-00'.
2025-02-14 12:44:34 [main] DEBUG l.i.u.t.SubmittedApplicationsPageTest - Clicked 'Search' button.
2025-02-14 12:44:34 [main] DEBUG l.i.u.t.SubmittedApplicationsPageTest - Retrieved invitation code: ''.
2025-02-14 12:44:34 [main] DEBUG l.i.u.t.SubmittedApplicationsPageTest - Clicked on 'Submitted Applications' menu.
2025-02-14 12:44:36 [main] DEBUG l.i.u.t.SubmittedApplicationsPageTest - Selected invitation by code: 'TST-VUI-00'.
2025-02-14 12:44:36 [main] DEBUG l.i.u.t.SubmittedApplicationsPageTest - Invitation code inserted.
2025-02-14 12:44:36 [main] DEBUG l.i.u.t.SubmittedApplicationsPageTest - Clicked on 'Action Application' button.
2025-02-14 12:44:36 [main] DEBUG l.i.u.t.SubmittedApplicationsPageTest - Clicked on 'New Application' button.
2025-02-14 12:44:36 [main] DEBUG l.i.u.t.SubmittedApplicationsPageTest - Selected the 'RadioButtonFA' option.
2025-02-14 12:44:37 [main] DEBUG l.i.u.t.SubmittedApplicationsPageTest - Entered phone number: '61298745'.
2025-02-14 12:44:37 [main] DEBUG l.i.u.t.SubmittedApplicationsPageTest - Entered email: 'test@autotest.com'.
2025-02-14 12:44:37 [main] INFO  l.i.u.p.SubmittedApplicationsPage - Located the dropdown button.
2025-02-14 12:44:54 [main] INFO  l.i.u.p.SubmittedApplicationsPage - Found 1741 options in the dropdown.
2025-02-14 12:44:54 [main] INFO  l.i.u.p.SubmittedApplicationsPage - Successfully selected the value: '01.11 - Grūdinių (išskyrus ryžius), ankštinių ir aliejingų sėklų augalų auginimas'
2025-02-14 12:45:04 [main] ERROR l.i.u.p.SubmittedApplicationsPage - Failed to close the dropdown with aria-expanded = 'false'. Attempting manual close.
2025-02-14 12:45:05 [main] ERROR l.i.u.p.SubmittedApplicationsPage - Failed to manually close the dropdown: element click intercepted: Element <div class="cdk-overlay-backdrop cdk-overlay-transparent-backdrop cdk-overlay-backdrop-showing"></div> is not clickable at point (768, 338). Other element would receive the click: <mat-option role="option" class="mat-mdc-option mdc-list-item mat-mdc-option-multiple ng-tns-c1073613477-25 ng-star-inserted" id="mat-option-125" aria-selected="false" aria-disabled="false" style="">...</mat-option>
  (Session info: chrome=132.0.6834.197)
Build info: version: '4.27.0', revision: 'd6e718d134'
System info: os.name: 'Windows 11', os.arch: 'amd64', os.version: '10.0', java.version: '21.0.3'
Driver info: org.openqa.selenium.chrome.ChromeDriver
Command: [4810a2f20660eed8b9d2a830b8efd9cf, clickElement {id=f.2AC3A4A611FC1407F3E4DF853E0F4F3C.d.90D181A81C18EDF2A176EAED5BDAA033.e.1992}]
Capabilities {acceptInsecureCerts: false, browserName: chrome, browserVersion: 132.0.6834.197, chrome: {chromedriverVersion: 132.0.6834.159 (2d77d3fc445..., userDataDir: C:\Users\INGRID~1.ZAD\AppDa...}, fedcm:accounts: true, goog:chromeOptions: {debuggerAddress: localhost:54994}, networkConnectionEnabled: false, pageLoadStrategy: normal, platformName: windows, proxy: Proxy(), se:cdp: ws://localhost:54994/devtoo..., se:cdpVersion: 132.0.6834.197, setWindowRect: true, strictFileInteractability: false, timeouts: {implicit: 0, pageLoad: 300000, script: 30000}, unhandledPromptBehavior: dismiss and notify, webauthn:extension:credBlob: true, webauthn:extension:largeBlob: true, webauthn:extension:minPinLength: true, webauthn:extension:prf: true, webauthn:virtualAuthenticators: true}
Element: [[ChromeDriver: chrome on windows (4810a2f20660eed8b9d2a830b8efd9cf)] -> class name: cdk-overlay-backdrop]
Session ID: 4810a2f20660eed8b9d2a830b8efd9cf
2025-02-14 12:45:05 [main] DEBUG l.i.u.t.SubmittedApplicationsPageTest - Selected EVRK value: '01.11 - Grūdinių (išskyrus ryžius), ankštinių ir aliejingų sėklų augalų auginimas'.
2025-02-14 12:45:05 [main] DEBUG l.i.u.t.SubmittedApplicationsPageTest - Entered address: 'Vilniaus m. sav., Vilnius, Testo g. 10T'.
2025-02-14 12:45:06 [main] DEBUG l.i.u.t.SubmittedApplicationsPageTest - Entered project date.
2025-02-14 12:45:06 [main] DEBUG l.i.u.t.SubmittedApplicationsPageTest - Entered job count: '1'.
2025-02-14 12:45:07 [main] ERROR l.i.u.t.SubmittedApplicationsPageTest - Test 'testFillNewVUIApplicationFA' failed with error: element click intercepted: Element <button type="button" class="i-forms-stepper-button i-forms-stepper-button-next">...</button> is not clickable at point (1439, 635). Other element would receive the click: <div class="cdk-overlay-backdrop cdk-overlay-transparent-backdrop cdk-overlay-backdrop-showing"></div>
  (Session info: chrome=132.0.6834.197)
Build info: version: '4.27.0', revision: 'd6e718d134'
System info: os.name: 'Windows 11', os.arch: 'amd64', os.version: '10.0', java.version: '21.0.3'
Driver info: org.openqa.selenium.chrome.ChromeDriver
Command: [4810a2f20660eed8b9d2a830b8efd9cf, clickElement {id=f.2AC3A4A611FC1407F3E4DF853E0F4F3C.d.90D181A81C18EDF2A176EAED5BDAA033.e.2002}]
Capabilities {acceptInsecureCerts: false, browserName: chrome, browserVersion: 132.0.6834.197, chrome: {chromedriverVersion: 132.0.6834.159 (2d77d3fc445..., userDataDir: C:\Users\INGRID~1.ZAD\AppDa...}, fedcm:accounts: true, goog:chromeOptions: {debuggerAddress: localhost:54994}, networkConnectionEnabled: false, pageLoadStrategy: normal, platformName: windows, proxy: Proxy(), se:cdp: ws://localhost:54994/devtoo..., se:cdpVersion: 132.0.6834.197, setWindowRect: true, strictFileInteractability: false, timeouts: {implicit: 0, pageLoad: 300000, script: 30000}, unhandledPromptBehavior: dismiss and notify, webauthn:extension:credBlob: true, webauthn:extension:largeBlob: true, webauthn:extension:minPinLength: true, webauthn:extension:prf: true, webauthn:virtualAuthenticators: true}
Element: [[ChromeDriver: chrome on windows (4810a2f20660eed8b9d2a830b8efd9cf)] -> xpath: //button[contains(@class, 'i-forms-stepper-button-next') and normalize-space(text())='Toliau']]
Session ID: 4810a2f20660eed8b9d2a830b8efd9cf
org.openqa.selenium.ElementClickInterceptedException: element click intercepted: Element <button type="button" class="i-forms-stepper-button i-forms-stepper-button-next">...</button> is not clickable at point (1439, 635). Other element would receive the click: <div class="cdk-overlay-backdrop cdk-overlay-transparent-backdrop cdk-overlay-backdrop-showing"></div>
  (Session info: chrome=132.0.6834.197)
Build info: version: '4.27.0', revision: 'd6e718d134'
System info: os.name: 'Windows 11', os.arch: 'amd64', os.version: '10.0', java.version: '21.0.3'
Driver info: org.openqa.selenium.chrome.ChromeDriver
Command: [4810a2f20660eed8b9d2a830b8efd9cf, clickElement {id=f.2AC3A4A611FC1407F3E4DF853E0F4F3C.d.90D181A81C18EDF2A176EAED5BDAA033.e.2002}]
Capabilities {acceptInsecureCerts: false, browserName: chrome, browserVersion: 132.0.6834.197, chrome: {chromedriverVersion: 132.0.6834.159 (2d77d3fc445..., userDataDir: C:\Users\INGRID~1.ZAD\AppDa...}, fedcm:accounts: true, goog:chromeOptions: {debuggerAddress: localhost:54994}, networkConnectionEnabled: false, pageLoadStrategy: normal, platformName: windows, proxy: Proxy(), se:cdp: ws://localhost:54994/devtoo..., se:cdpVersion: 132.0.6834.197, setWindowRect: true, strictFileInteractability: false, timeouts: {implicit: 0, pageLoad: 300000, script: 30000}, unhandledPromptBehavior: dismiss and notify, webauthn:extension:credBlob: true, webauthn:extension:largeBlob: true, webauthn:extension:minPinLength: true, webauthn:extension:prf: true, webauthn:virtualAuthenticators: true}
Element: [[ChromeDriver: chrome on windows (4810a2f20660eed8b9d2a830b8efd9cf)] -> xpath: //button[contains(@class, 'i-forms-stepper-button-next') and normalize-space(text())='Toliau']]
Session ID: 4810a2f20660eed8b9d2a830b8efd9cf
	at java.base/jdk.internal.reflect.DirectConstructorHandleAccessor.newInstance(DirectConstructorHandleAccessor.java:62)
	at java.base/java.lang.reflect.Constructor.newInstanceWithCaller(Constructor.java:502)
	at java.base/java.lang.reflect.Constructor.newInstance(Constructor.java:486)
	at org.openqa.selenium.remote.ErrorCodec.decode(ErrorCodec.java:167)
	at org.openqa.selenium.remote.codec.w3c.W3CHttpResponseCodec.decode(W3CHttpResponseCodec.java:138)
	at org.openqa.selenium.remote.codec.w3c.W3CHttpResponseCodec.decode(W3CHttpResponseCodec.java:50)
	at org.openqa.selenium.remote.HttpCommandExecutor.execute(HttpCommandExecutor.java:190)
	at org.openqa.selenium.remote.service.DriverCommandExecutor.invokeExecute(DriverCommandExecutor.java:216)
	at org.openqa.selenium.remote.service.DriverCommandExecutor.execute(DriverCommandExecutor.java:174)
	at org.openqa.selenium.remote.RemoteWebDriver.execute(RemoteWebDriver.java:545)
	at org.openqa.selenium.remote.RemoteWebElement.execute(RemoteWebElement.java:223)
	at org.openqa.selenium.remote.RemoteWebElement.click(RemoteWebElement.java:76)
	at java.base/jdk.internal.reflect.DirectMethodHandleAccessor.invoke(DirectMethodHandleAccessor.java:103)
	at java.base/java.lang.reflect.Method.invoke(Method.java:580)
	at org.openqa.selenium.support.pagefactory.internal.LocatingElementHandler.invoke(LocatingElementHandler.java:51)
	at jdk.proxy2/jdk.proxy2.$Proxy14.click(Unknown Source)
	at lt.insoft.uztis.pages.SubmittedApplicationsPage.clickButtonNext(SubmittedApplicationsPage.java:599)
	at lt.insoft.uztis.tests.SubmittedApplicationsPageTest.testFillNewVUIApplicationFA(SubmittedApplicationsPageTest.java:178)
	at java.base/jdk.internal.reflect.DirectMethodHandleAccessor.invoke(DirectMethodHandleAccessor.java:103)
	at java.base/java.lang.reflect.Method.invoke(Method.java:580)
	at org.junit.platform.commons.util.ReflectionUtils.invokeMethod(ReflectionUtils.java:728)
	at org.junit.jupiter.engine.execution.MethodInvocation.proceed(MethodInvocation.java:60)
	at org.junit.jupiter.engine.execution.InvocationInterceptorChain$ValidatingInvocation.proceed(InvocationInterceptorChain.java:131)
	at org.junit.jupiter.engine.extension.TimeoutExtension.intercept(TimeoutExtension.java:156)
	at org.junit.jupiter.engine.extension.TimeoutExtension.interceptTestableMethod(TimeoutExtension.java:147)
	at org.junit.jupiter.engine.extension.TimeoutExtension.interceptTestMethod(TimeoutExtension.java:86)
	at org.junit.jupiter.engine.execution.InterceptingExecutableInvoker$ReflectiveInterceptorCall.lambda$ofVoidMethod$0(InterceptingExecutableInvoker.java:103)
	at org.junit.jupiter.engine.execution.InterceptingExecutableInvoker.lambda$invoke$0(InterceptingExecutableInvoker.java:93)
	at org.junit.jupiter.engine.execution.InvocationInterceptorChain$InterceptedInvocation.proceed(InvocationInterceptorChain.java:106)
	at org.junit.jupiter.engine.execution.InvocationInterceptorChain.proceed(InvocationInterceptorChain.java:64)
	at org.junit.jupiter.engine.execution.InvocationInterceptorChain.chainAndInvoke(InvocationInterceptorChain.java:45)
	at org.junit.jupiter.engine.execution.InvocationInterceptorChain.invoke(InvocationInterceptorChain.java:37)
	at org.junit.jupiter.engine.execution.InterceptingExecutableInvoker.invoke(InterceptingExecutableInvoker.java:92)
	at org.junit.jupiter.engine.execution.InterceptingExecutableInvoker.invoke(InterceptingExecutableInvoker.java:86)
	at org.junit.jupiter.engine.descriptor.TestMethodTestDescriptor.lambda$invokeTestMethod$7(TestMethodTestDescriptor.java:218)
	at org.junit.platform.engine.support.hierarchical.ThrowableCollector.execute(ThrowableCollector.java:73)
	at org.junit.jupiter.engine.descriptor.TestMethodTestDescriptor.invokeTestMethod(TestMethodTestDescriptor.java:214)
	at org.junit.jupiter.engine.descriptor.TestMethodTestDescriptor.execute(TestMethodTestDescriptor.java:139)
	at org.junit.jupiter.engine.descriptor.TestMethodTestDescriptor.execute(TestMethodTestDescriptor.java:69)
	at org.junit.platform.engine.support.hierarchical.NodeTestTask.lambda$executeRecursively$6(NodeTestTask.java:151)
	at org.junit.platform.engine.support.hierarchical.ThrowableCollector.execute(ThrowableCollector.java:73)
	at org.junit.platform.engine.support.hierarchical.NodeTestTask.lambda$executeRecursively$8(NodeTestTask.java:141)
	at org.junit.platform.engine.support.hierarchical.Node.around(Node.java:137)
	at org.junit.platform.engine.support.hierarchical.NodeTestTask.lambda$executeRecursively$9(NodeTestTask.java:139)
	at org.junit.platform.engine.support.hierarchical.ThrowableCollector.execute(ThrowableCollector.java:73)
	at org.junit.platform.engine.support.hierarchical.NodeTestTask.executeRecursively(NodeTestTask.java:138)
	at org.junit.platform.engine.support.hierarchical.NodeTestTask.execute(NodeTestTask.java:95)
	at java.base/java.util.ArrayList.forEach(ArrayList.java:1596)
	at org.junit.platform.engine.support.hierarchical.SameThreadHierarchicalTestExecutorService.invokeAll(SameThreadHierarchicalTestExecutorService.java:41)
	at org.junit.platform.engine.support.hierarchical.NodeTestTask.lambda$executeRecursively$6(NodeTestTask.java:155)
	at org.junit.platform.engine.support.hierarchical.ThrowableCollector.execute(ThrowableCollector.java:73)
	at org.junit.platform.engine.support.hierarchical.NodeTestTask.lambda$executeRecursively$8(NodeTestTask.java:141)
	at org.junit.platform.engine.support.hierarchical.Node.around(Node.java:137)
	at org.junit.platform.engine.support.hierarchical.NodeTestTask.lambda$executeRecursively$9(NodeTestTask.java:139)
	at org.junit.platform.engine.support.hierarchical.ThrowableCollector.execute(ThrowableCollector.java:73)
	at org.junit.platform.engine.support.hierarchical.NodeTestTask.executeRecursively(NodeTestTask.java:138)
	at org.junit.platform.engine.support.hierarchical.NodeTestTask.execute(NodeTestTask.java:95)
	at java.base/java.util.ArrayList.forEach(ArrayList.java:1596)
	at org.junit.platform.engine.support.hierarchical.SameThreadHierarchicalTestExecutorService.invokeAll(SameThreadHierarchicalTestExecutorService.java:41)
	at org.junit.platform.engine.support.hierarchical.NodeTestTask.lambda$executeRecursively$6(NodeTestTask.java:155)
	at org.junit.platform.engine.support.hierarchical.ThrowableCollector.execute(ThrowableCollector.java:73)
	at org.junit.platform.engine.support.hierarchical.NodeTestTask.lambda$executeRecursively$8(NodeTestTask.java:141)
	at org.junit.platform.engine.support.hierarchical.Node.around(Node.java:137)
	at org.junit.platform.engine.support.hierarchical.NodeTestTask.lambda$executeRecursively$9(NodeTestTask.java:139)
	at org.junit.platform.engine.support.hierarchical.ThrowableCollector.execute(ThrowableCollector.java:73)
	at org.junit.platform.engine.support.hierarchical.NodeTestTask.executeRecursively(NodeTestTask.java:138)
	at org.junit.platform.engine.support.hierarchical.NodeTestTask.execute(NodeTestTask.java:95)
	at org.junit.platform.engine.support.hierarchical.SameThreadHierarchicalTestExecutorService.submit(SameThreadHierarchicalTestExecutorService.java:35)
	at org.junit.platform.engine.support.hierarchical.HierarchicalTestExecutor.execute(HierarchicalTestExecutor.java:57)
	at org.junit.platform.engine.support.hierarchical.HierarchicalTestEngine.execute(HierarchicalTestEngine.java:54)
	at org.junit.platform.launcher.core.EngineExecutionOrchestrator.execute(EngineExecutionOrchestrator.java:198)
	at org.junit.platform.launcher.core.EngineExecutionOrchestrator.execute(EngineExecutionOrchestrator.java:169)
	at org.junit.platform.launcher.core.EngineExecutionOrchestrator.execute(EngineExecutionOrchestrator.java:93)
	at org.junit.platform.launcher.core.EngineExecutionOrchestrator.lambda$execute$0(EngineExecutionOrchestrator.java:58)
	at org.junit.platform.launcher.core.EngineExecutionOrchestrator.withInterceptedStreams(EngineExecutionOrchestrator.java:141)
	at org.junit.platform.launcher.core.EngineExecutionOrchestrator.execute(EngineExecutionOrchestrator.java:57)
	at org.junit.platform.launcher.core.DefaultLauncher.execute(DefaultLauncher.java:103)
	at org.junit.platform.launcher.core.DefaultLauncher.execute(DefaultLauncher.java:85)
	at org.junit.platform.launcher.core.DelegatingLauncher.execute(DelegatingLauncher.java:47)
	at org.junit.platform.launcher.core.SessionPerRequestLauncher.execute(SessionPerRequestLauncher.java:63)
	at com.intellij.junit5.JUnit5IdeaTestRunner.startRunnerWithArgs(JUnit5IdeaTestRunner.java:57)
	at com.intellij.rt.junit.IdeaTestRunner$Repeater$1.execute(IdeaTestRunner.java:38)
	at com.intellij.rt.execution.junit.TestsRepeater.repeat(TestsRepeater.java:11)
	at com.intellij.rt.junit.IdeaTestRunner$Repeater.startRunnerWithArgs(IdeaTestRunner.java:35)
	at com.intellij.rt.junit.JUnitStarter.prepareStreamsAndStart(JUnitStarter.java:232)
	at com.intellij.rt.junit.JUnitStarter.main(JUnitStarter.java:55)
2025-02-14 12:45:07 [main] INFO  l.insoft.uztis.tests.utils.TestUtils - Screenshot moved to C:\Users\ingrida.zadorozniene\Desktop\Asm\UZTIS\UZTIS_tests\test-output\screenshots\20250214\124507460_testFillNewVUIApplicationFA().png
2025-02-14 12:45:42 [main] INFO  lt.insoft.uztis.tests.UztisPageTest - Navigated to https://uztisdev.asseco.lt/home
2025-02-14 12:45:42 [main] INFO  l.i.u.t.SubmittedApplicationsPageTest - Starting test:'testFillNewVUIPApplicationFA'
2025-02-14 12:45:43 [main] DEBUG l.i.u.t.SubmittedApplicationsPageTest - User logged in with test credentials.
2025-02-14 12:45:43 [main] DEBUG l.i.u.t.SubmittedApplicationsPageTest - Opened 'Application Processing' menu.
2025-02-14 12:45:43 [main] DEBUG l.i.u.t.SubmittedApplicationsPageTest - Clicked on 'Application Forms' menu.
2025-02-14 12:45:44 [main] DEBUG l.i.u.t.SubmittedApplicationsPageTest - Retrieved last description code text: 'TST-VUI-00'.
2025-02-14 12:45:44 [main] DEBUG l.i.u.t.SubmittedApplicationsPageTest - Clicked on 'Invitation' menu.
2025-02-14 12:45:45 [main] DEBUG l.i.u.t.SubmittedApplicationsPageTest - Selected application section by code: 'TST-VUI-00'.
2025-02-14 12:45:45 [main] DEBUG l.i.u.t.SubmittedApplicationsPageTest - Clicked 'Search' button.
2025-02-14 12:45:45 [main] DEBUG l.i.u.t.SubmittedApplicationsPageTest - Retrieved invitation code: ''.
2025-02-14 12:45:45 [main] DEBUG l.i.u.t.SubmittedApplicationsPageTest - Clicked on 'Submitted Applications' menu.
2025-02-14 12:45:46 [main] DEBUG l.i.u.t.SubmittedApplicationsPageTest - Selected invitation by code: 'TST-VUI-00'.
2025-02-14 12:45:46 [main] DEBUG l.i.u.t.SubmittedApplicationsPageTest - Invitation code inserted.
2025-02-14 12:45:46 [main] DEBUG l.i.u.t.SubmittedApplicationsPageTest - Clicked on 'Action Application' button.
2025-02-14 12:45:46 [main] DEBUG l.i.u.t.SubmittedApplicationsPageTest - Clicked on 'New Application' button.
2025-02-14 12:45:47 [main] DEBUG l.i.u.t.SubmittedApplicationsPageTest - Selected the 'RadioButtonFA' option.
2025-02-14 12:45:47 [main] DEBUG l.i.u.t.SubmittedApplicationsPageTest - Entered phone number: '61298745'.
2025-02-14 12:45:47 [main] DEBUG l.i.u.t.SubmittedApplicationsPageTest - Entered email: 'test@autotest.com'.
2025-02-14 12:45:47 [main] INFO  l.i.u.p.SubmittedApplicationsPage - Located the dropdown button.
2025-02-14 12:46:04 [main] INFO  l.i.u.p.SubmittedApplicationsPage - Found 1741 options in the dropdown.
2025-02-14 12:46:04 [main] INFO  l.i.u.p.SubmittedApplicationsPage - Successfully selected the value: '01.11 - Grūdinių (išskyrus ryžius), ankštinių ir aliejingų sėklų augalų auginimas'
2025-02-14 12:46:15 [main] ERROR l.i.u.p.SubmittedApplicationsPage - Failed to close the dropdown with aria-expanded = 'false'. Attempting manual close.
2025-02-14 12:46:16 [main] ERROR l.i.u.p.SubmittedApplicationsPage - Failed to manually close the dropdown: element click intercepted: Element <div class="cdk-overlay-backdrop cdk-overlay-transparent-backdrop cdk-overlay-backdrop-showing"></div> is not clickable at point (768, 338). Other element would receive the click: <mat-option role="option" class="mat-mdc-option mdc-list-item mat-mdc-option-multiple ng-tns-c1073613477-25 ng-star-inserted" id="mat-option-125" aria-selected="false" aria-disabled="false" style="">...</mat-option>
  (Session info: chrome=132.0.6834.197)
Build info: version: '4.27.0', revision: 'd6e718d134'
System info: os.name: 'Windows 11', os.arch: 'amd64', os.version: '10.0', java.version: '21.0.3'
Driver info: org.openqa.selenium.chrome.ChromeDriver
Command: [d5d2e45f7e9be1552fc3d6b1e8cf3cc9, clickElement {id=f.7387F6C601CCD5AA984E83A51BD95A68.d.39D4B56FC7535BC5EA52D23D5DAC6035.e.1992}]
Capabilities {acceptInsecureCerts: false, browserName: chrome, browserVersion: 132.0.6834.197, chrome: {chromedriverVersion: 132.0.6834.159 (2d77d3fc445..., userDataDir: C:\Users\INGRID~1.ZAD\AppDa...}, fedcm:accounts: true, goog:chromeOptions: {debuggerAddress: localhost:55048}, networkConnectionEnabled: false, pageLoadStrategy: normal, platformName: windows, proxy: Proxy(), se:cdp: ws://localhost:55048/devtoo..., se:cdpVersion: 132.0.6834.197, setWindowRect: true, strictFileInteractability: false, timeouts: {implicit: 0, pageLoad: 300000, script: 30000}, unhandledPromptBehavior: dismiss and notify, webauthn:extension:credBlob: true, webauthn:extension:largeBlob: true, webauthn:extension:minPinLength: true, webauthn:extension:prf: true, webauthn:virtualAuthenticators: true}
Element: [[ChromeDriver: chrome on windows (d5d2e45f7e9be1552fc3d6b1e8cf3cc9)] -> class name: cdk-overlay-backdrop]
Session ID: d5d2e45f7e9be1552fc3d6b1e8cf3cc9
2025-02-14 12:46:16 [main] DEBUG l.i.u.t.SubmittedApplicationsPageTest - Selected EVRK value: '01.11 - Grūdinių (išskyrus ryžius), ankštinių ir aliejingų sėklų augalų auginimas'.
2025-02-14 12:46:16 [main] DEBUG l.i.u.t.SubmittedApplicationsPageTest - Entered address: 'Vilniaus m. sav., Vilnius, Testo g. 10T'.
2025-02-14 12:46:16 [main] DEBUG l.i.u.t.SubmittedApplicationsPageTest - Entered project date.
2025-02-14 12:46:16 [main] DEBUG l.i.u.t.SubmittedApplicationsPageTest - Entered job count: '1'.
2025-02-14 12:46:18 [main] ERROR l.i.u.t.SubmittedApplicationsPageTest - Test 'testFillNewVUIApplicationFA' failed with error: element click intercepted: Element <button type="button" class="i-forms-stepper-button i-forms-stepper-button-next">...</button> is not clickable at point (1439, 635). Other element would receive the click: <div class="cdk-overlay-backdrop cdk-overlay-transparent-backdrop cdk-overlay-backdrop-showing"></div>
  (Session info: chrome=132.0.6834.197)
Build info: version: '4.27.0', revision: 'd6e718d134'
System info: os.name: 'Windows 11', os.arch: 'amd64', os.version: '10.0', java.version: '21.0.3'
Driver info: org.openqa.selenium.chrome.ChromeDriver
Command: [d5d2e45f7e9be1552fc3d6b1e8cf3cc9, clickElement {id=f.7387F6C601CCD5AA984E83A51BD95A68.d.39D4B56FC7535BC5EA52D23D5DAC6035.e.2002}]
Capabilities {acceptInsecureCerts: false, browserName: chrome, browserVersion: 132.0.6834.197, chrome: {chromedriverVersion: 132.0.6834.159 (2d77d3fc445..., userDataDir: C:\Users\INGRID~1.ZAD\AppDa...}, fedcm:accounts: true, goog:chromeOptions: {debuggerAddress: localhost:55048}, networkConnectionEnabled: false, pageLoadStrategy: normal, platformName: windows, proxy: Proxy(), se:cdp: ws://localhost:55048/devtoo..., se:cdpVersion: 132.0.6834.197, setWindowRect: true, strictFileInteractability: false, timeouts: {implicit: 0, pageLoad: 300000, script: 30000}, unhandledPromptBehavior: dismiss and notify, webauthn:extension:credBlob: true, webauthn:extension:largeBlob: true, webauthn:extension:minPinLength: true, webauthn:extension:prf: true, webauthn:virtualAuthenticators: true}
Element: [[ChromeDriver: chrome on windows (d5d2e45f7e9be1552fc3d6b1e8cf3cc9)] -> xpath: //button[contains(@class, 'i-forms-stepper-button-next') and normalize-space(text())='Toliau']]
Session ID: d5d2e45f7e9be1552fc3d6b1e8cf3cc9
org.openqa.selenium.ElementClickInterceptedException: element click intercepted: Element <button type="button" class="i-forms-stepper-button i-forms-stepper-button-next">...</button> is not clickable at point (1439, 635). Other element would receive the click: <div class="cdk-overlay-backdrop cdk-overlay-transparent-backdrop cdk-overlay-backdrop-showing"></div>
  (Session info: chrome=132.0.6834.197)
Build info: version: '4.27.0', revision: 'd6e718d134'
System info: os.name: 'Windows 11', os.arch: 'amd64', os.version: '10.0', java.version: '21.0.3'
Driver info: org.openqa.selenium.chrome.ChromeDriver
Command: [d5d2e45f7e9be1552fc3d6b1e8cf3cc9, clickElement {id=f.7387F6C601CCD5AA984E83A51BD95A68.d.39D4B56FC7535BC5EA52D23D5DAC6035.e.2002}]
Capabilities {acceptInsecureCerts: false, browserName: chrome, browserVersion: 132.0.6834.197, chrome: {chromedriverVersion: 132.0.6834.159 (2d77d3fc445..., userDataDir: C:\Users\INGRID~1.ZAD\AppDa...}, fedcm:accounts: true, goog:chromeOptions: {debuggerAddress: localhost:55048}, networkConnectionEnabled: false, pageLoadStrategy: normal, platformName: windows, proxy: Proxy(), se:cdp: ws://localhost:55048/devtoo..., se:cdpVersion: 132.0.6834.197, setWindowRect: true, strictFileInteractability: false, timeouts: {implicit: 0, pageLoad: 300000, script: 30000}, unhandledPromptBehavior: dismiss and notify, webauthn:extension:credBlob: true, webauthn:extension:largeBlob: true, webauthn:extension:minPinLength: true, webauthn:extension:prf: true, webauthn:virtualAuthenticators: true}
Element: [[ChromeDriver: chrome on windows (d5d2e45f7e9be1552fc3d6b1e8cf3cc9)] -> xpath: //button[contains(@class, 'i-forms-stepper-button-next') and normalize-space(text())='Toliau']]
Session ID: d5d2e45f7e9be1552fc3d6b1e8cf3cc9
	at java.base/jdk.internal.reflect.DirectConstructorHandleAccessor.newInstance(DirectConstructorHandleAccessor.java:62)
	at java.base/java.lang.reflect.Constructor.newInstanceWithCaller(Constructor.java:502)
	at java.base/java.lang.reflect.Constructor.newInstance(Constructor.java:486)
	at org.openqa.selenium.remote.ErrorCodec.decode(ErrorCodec.java:167)
	at org.openqa.selenium.remote.codec.w3c.W3CHttpResponseCodec.decode(W3CHttpResponseCodec.java:138)
	at org.openqa.selenium.remote.codec.w3c.W3CHttpResponseCodec.decode(W3CHttpResponseCodec.java:50)
	at org.openqa.selenium.remote.HttpCommandExecutor.execute(HttpCommandExecutor.java:190)
	at org.openqa.selenium.remote.service.DriverCommandExecutor.invokeExecute(DriverCommandExecutor.java:216)
	at org.openqa.selenium.remote.service.DriverCommandExecutor.execute(DriverCommandExecutor.java:174)
	at org.openqa.selenium.remote.RemoteWebDriver.execute(RemoteWebDriver.java:545)
	at org.openqa.selenium.remote.RemoteWebElement.execute(RemoteWebElement.java:223)
	at org.openqa.selenium.remote.RemoteWebElement.click(RemoteWebElement.java:76)
	at java.base/jdk.internal.reflect.DirectMethodHandleAccessor.invoke(DirectMethodHandleAccessor.java:103)
	at java.base/java.lang.reflect.Method.invoke(Method.java:580)
	at org.openqa.selenium.support.pagefactory.internal.LocatingElementHandler.invoke(LocatingElementHandler.java:51)
	at jdk.proxy2/jdk.proxy2.$Proxy14.click(Unknown Source)
	at lt.insoft.uztis.pages.SubmittedApplicationsPage.clickButtonNext(SubmittedApplicationsPage.java:599)
	at lt.insoft.uztis.tests.SubmittedApplicationsPageTest.testFillNewVUIApplicationFA(SubmittedApplicationsPageTest.java:178)
	at java.base/jdk.internal.reflect.DirectMethodHandleAccessor.invoke(DirectMethodHandleAccessor.java:103)
	at java.base/java.lang.reflect.Method.invoke(Method.java:580)
	at org.junit.platform.commons.util.ReflectionUtils.invokeMethod(ReflectionUtils.java:728)
	at org.junit.jupiter.engine.execution.MethodInvocation.proceed(MethodInvocation.java:60)
	at org.junit.jupiter.engine.execution.InvocationInterceptorChain$ValidatingInvocation.proceed(InvocationInterceptorChain.java:131)
	at org.junit.jupiter.engine.extension.TimeoutExtension.intercept(TimeoutExtension.java:156)
	at org.junit.jupiter.engine.extension.TimeoutExtension.interceptTestableMethod(TimeoutExtension.java:147)
	at org.junit.jupiter.engine.extension.TimeoutExtension.interceptTestMethod(TimeoutExtension.java:86)
	at org.junit.jupiter.engine.execution.InterceptingExecutableInvoker$ReflectiveInterceptorCall.lambda$ofVoidMethod$0(InterceptingExecutableInvoker.java:103)
	at org.junit.jupiter.engine.execution.InterceptingExecutableInvoker.lambda$invoke$0(InterceptingExecutableInvoker.java:93)
	at org.junit.jupiter.engine.execution.InvocationInterceptorChain$InterceptedInvocation.proceed(InvocationInterceptorChain.java:106)
	at org.junit.jupiter.engine.execution.InvocationInterceptorChain.proceed(InvocationInterceptorChain.java:64)
	at org.junit.jupiter.engine.execution.InvocationInterceptorChain.chainAndInvoke(InvocationInterceptorChain.java:45)
	at org.junit.jupiter.engine.execution.InvocationInterceptorChain.invoke(InvocationInterceptorChain.java:37)
	at org.junit.jupiter.engine.execution.InterceptingExecutableInvoker.invoke(InterceptingExecutableInvoker.java:92)
	at org.junit.jupiter.engine.execution.InterceptingExecutableInvoker.invoke(InterceptingExecutableInvoker.java:86)
	at org.junit.jupiter.engine.descriptor.TestMethodTestDescriptor.lambda$invokeTestMethod$7(TestMethodTestDescriptor.java:218)
	at org.junit.platform.engine.support.hierarchical.ThrowableCollector.execute(ThrowableCollector.java:73)
	at org.junit.jupiter.engine.descriptor.TestMethodTestDescriptor.invokeTestMethod(TestMethodTestDescriptor.java:214)
	at org.junit.jupiter.engine.descriptor.TestMethodTestDescriptor.execute(TestMethodTestDescriptor.java:139)
	at org.junit.jupiter.engine.descriptor.TestMethodTestDescriptor.execute(TestMethodTestDescriptor.java:69)
	at org.junit.platform.engine.support.hierarchical.NodeTestTask.lambda$executeRecursively$6(NodeTestTask.java:151)
	at org.junit.platform.engine.support.hierarchical.ThrowableCollector.execute(ThrowableCollector.java:73)
	at org.junit.platform.engine.support.hierarchical.NodeTestTask.lambda$executeRecursively$8(NodeTestTask.java:141)
	at org.junit.platform.engine.support.hierarchical.Node.around(Node.java:137)
	at org.junit.platform.engine.support.hierarchical.NodeTestTask.lambda$executeRecursively$9(NodeTestTask.java:139)
	at org.junit.platform.engine.support.hierarchical.ThrowableCollector.execute(ThrowableCollector.java:73)
	at org.junit.platform.engine.support.hierarchical.NodeTestTask.executeRecursively(NodeTestTask.java:138)
	at org.junit.platform.engine.support.hierarchical.NodeTestTask.execute(NodeTestTask.java:95)
	at java.base/java.util.ArrayList.forEach(ArrayList.java:1596)
	at org.junit.platform.engine.support.hierarchical.SameThreadHierarchicalTestExecutorService.invokeAll(SameThreadHierarchicalTestExecutorService.java:41)
	at org.junit.platform.engine.support.hierarchical.NodeTestTask.lambda$executeRecursively$6(NodeTestTask.java:155)
	at org.junit.platform.engine.support.hierarchical.ThrowableCollector.execute(ThrowableCollector.java:73)
	at org.junit.platform.engine.support.hierarchical.NodeTestTask.lambda$executeRecursively$8(NodeTestTask.java:141)
	at org.junit.platform.engine.support.hierarchical.Node.around(Node.java:137)
	at org.junit.platform.engine.support.hierarchical.NodeTestTask.lambda$executeRecursively$9(NodeTestTask.java:139)
	at org.junit.platform.engine.support.hierarchical.ThrowableCollector.execute(ThrowableCollector.java:73)
	at org.junit.platform.engine.support.hierarchical.NodeTestTask.executeRecursively(NodeTestTask.java:138)
	at org.junit.platform.engine.support.hierarchical.NodeTestTask.execute(NodeTestTask.java:95)
	at java.base/java.util.ArrayList.forEach(ArrayList.java:1596)
	at org.junit.platform.engine.support.hierarchical.SameThreadHierarchicalTestExecutorService.invokeAll(SameThreadHierarchicalTestExecutorService.java:41)
	at org.junit.platform.engine.support.hierarchical.NodeTestTask.lambda$executeRecursively$6(NodeTestTask.java:155)
	at org.junit.platform.engine.support.hierarchical.ThrowableCollector.execute(ThrowableCollector.java:73)
	at org.junit.platform.engine.support.hierarchical.NodeTestTask.lambda$executeRecursively$8(NodeTestTask.java:141)
	at org.junit.platform.engine.support.hierarchical.Node.around(Node.java:137)
	at org.junit.platform.engine.support.hierarchical.NodeTestTask.lambda$executeRecursively$9(NodeTestTask.java:139)
	at org.junit.platform.engine.support.hierarchical.ThrowableCollector.execute(ThrowableCollector.java:73)
	at org.junit.platform.engine.support.hierarchical.NodeTestTask.executeRecursively(NodeTestTask.java:138)
	at org.junit.platform.engine.support.hierarchical.NodeTestTask.execute(NodeTestTask.java:95)
	at org.junit.platform.engine.support.hierarchical.SameThreadHierarchicalTestExecutorService.submit(SameThreadHierarchicalTestExecutorService.java:35)
	at org.junit.platform.engine.support.hierarchical.HierarchicalTestExecutor.execute(HierarchicalTestExecutor.java:57)
	at org.junit.platform.engine.support.hierarchical.HierarchicalTestEngine.execute(HierarchicalTestEngine.java:54)
	at org.junit.platform.launcher.core.EngineExecutionOrchestrator.execute(EngineExecutionOrchestrator.java:198)
	at org.junit.platform.launcher.core.EngineExecutionOrchestrator.execute(EngineExecutionOrchestrator.java:169)
	at org.junit.platform.launcher.core.EngineExecutionOrchestrator.execute(EngineExecutionOrchestrator.java:93)
	at org.junit.platform.launcher.core.EngineExecutionOrchestrator.lambda$execute$0(EngineExecutionOrchestrator.java:58)
	at org.junit.platform.launcher.core.EngineExecutionOrchestrator.withInterceptedStreams(EngineExecutionOrchestrator.java:141)
	at org.junit.platform.launcher.core.EngineExecutionOrchestrator.execute(EngineExecutionOrchestrator.java:57)
	at org.junit.platform.launcher.core.DefaultLauncher.execute(DefaultLauncher.java:103)
	at org.junit.platform.launcher.core.DefaultLauncher.execute(DefaultLauncher.java:85)
	at org.junit.platform.launcher.core.DelegatingLauncher.execute(DelegatingLauncher.java:47)
	at org.junit.platform.launcher.core.SessionPerRequestLauncher.execute(SessionPerRequestLauncher.java:63)
	at com.intellij.junit5.JUnit5IdeaTestRunner.startRunnerWithArgs(JUnit5IdeaTestRunner.java:57)
	at com.intellij.rt.junit.IdeaTestRunner$Repeater$1.execute(IdeaTestRunner.java:38)
	at com.intellij.rt.execution.junit.TestsRepeater.repeat(TestsRepeater.java:11)
	at com.intellij.rt.junit.IdeaTestRunner$Repeater.startRunnerWithArgs(IdeaTestRunner.java:35)
	at com.intellij.rt.junit.JUnitStarter.prepareStreamsAndStart(JUnitStarter.java:232)
	at com.intellij.rt.junit.JUnitStarter.main(JUnitStarter.java:55)
2025-02-14 12:46:18 [main] INFO  l.insoft.uztis.tests.utils.TestUtils - Screenshot moved to C:\Users\ingrida.zadorozniene\Desktop\Asm\UZTIS\UZTIS_tests\test-output\screenshots\20250214\124618143_testFillNewVUIApplicationFA().png
2025-02-14 12:50:41 [main] INFO  lt.insoft.uztis.tests.UztisPageTest - Navigated to https://uztisdev.asseco.lt/home
2025-02-14 12:50:41 [main] INFO  l.i.u.t.SubmittedApplicationsPageTest - Starting test:'testFillNewVUIPApplicationFA'
2025-02-14 12:50:42 [main] DEBUG l.i.u.t.SubmittedApplicationsPageTest - User logged in with test credentials.
2025-02-14 12:50:42 [main] DEBUG l.i.u.t.SubmittedApplicationsPageTest - Opened 'Application Processing' menu.
2025-02-14 12:50:42 [main] DEBUG l.i.u.t.SubmittedApplicationsPageTest - Clicked on 'Application Forms' menu.
2025-02-14 12:50:42 [main] DEBUG l.i.u.t.SubmittedApplicationsPageTest - Retrieved last description code text: 'TST-VUI-00'.
2025-02-14 12:50:43 [main] DEBUG l.i.u.t.SubmittedApplicationsPageTest - Clicked on 'Invitation' menu.
2025-02-14 12:50:44 [main] DEBUG l.i.u.t.SubmittedApplicationsPageTest - Selected application section by code: 'TST-VUI-00'.
2025-02-14 12:50:44 [main] DEBUG l.i.u.t.SubmittedApplicationsPageTest - Clicked 'Search' button.
2025-02-14 12:50:44 [main] DEBUG l.i.u.t.SubmittedApplicationsPageTest - Retrieved invitation code: ''.
2025-02-14 12:50:44 [main] DEBUG l.i.u.t.SubmittedApplicationsPageTest - Clicked on 'Submitted Applications' menu.
2025-02-14 12:50:45 [main] DEBUG l.i.u.t.SubmittedApplicationsPageTest - Selected invitation by code: 'TST-VUI-00'.
2025-02-14 12:50:45 [main] DEBUG l.i.u.t.SubmittedApplicationsPageTest - Invitation code inserted.
2025-02-14 12:50:45 [main] DEBUG l.i.u.t.SubmittedApplicationsPageTest - Clicked on 'Action Application' button.
2025-02-14 12:50:45 [main] DEBUG l.i.u.t.SubmittedApplicationsPageTest - Clicked on 'New Application' button.
2025-02-14 12:50:46 [main] DEBUG l.i.u.t.SubmittedApplicationsPageTest - Selected the 'RadioButtonFA' option.
2025-02-14 12:50:46 [main] DEBUG l.i.u.t.SubmittedApplicationsPageTest - Entered phone number: '61298745'.
2025-02-14 12:50:46 [main] DEBUG l.i.u.t.SubmittedApplicationsPageTest - Entered email: 'test@autotest.com'.
2025-02-14 12:50:46 [main] INFO  l.i.u.p.SubmittedApplicationsPage - Clicking on the dropdown button.
2025-02-14 12:51:04 [main] INFO  l.i.u.p.SubmittedApplicationsPage - Found 1741 options in the dropdown.
2025-02-14 12:51:04 [main] DEBUG l.i.u.p.SubmittedApplicationsPage - Checking option: ''
2025-02-14 12:51:04 [main] DEBUG l.i.u.p.SubmittedApplicationsPage - Checking option: '01.11 - Grūdinių (išskyrus ryžius), ankštinių ir aliejingų sėklų augalų auginimas'
2025-02-14 12:51:05 [main] INFO  l.i.u.p.SubmittedApplicationsPage - Successfully selected the value: '01.11 - Grūdinių (išskyrus ryžius), ankštinių ir aliejingų sėklų augalų auginimas'
2025-02-14 12:51:05 [main] INFO  l.i.u.p.SubmittedApplicationsPage - Attempting to close the dropdown.
2025-02-14 12:51:15 [main] INFO  l.i.u.p.SubmittedApplicationsPage - Dropdown should be closed now.
2025-02-14 12:51:15 [main] DEBUG l.i.u.t.SubmittedApplicationsPageTest - Selected EVRK value: '01.11 - Grūdinių (išskyrus ryžius), ankštinių ir aliejingų sėklų augalų auginimas'.
2025-02-14 12:51:16 [main] DEBUG l.i.u.t.SubmittedApplicationsPageTest - Entered address: 'Vilniaus m. sav., Vilnius, Testo g. 10T'.
2025-02-14 12:51:16 [main] DEBUG l.i.u.t.SubmittedApplicationsPageTest - Entered project date.
2025-02-14 12:51:16 [main] DEBUG l.i.u.t.SubmittedApplicationsPageTest - Entered job count: '1'.
2025-02-14 12:51:16 [main] DEBUG l.i.u.t.SubmittedApplicationsPageTest - Clicked 'Next' button.
2025-02-14 12:51:16 [main] INFO  l.i.u.p.SubmittedApplicationsPage - Located the dropdown button.
2025-02-14 12:51:17 [main] INFO  l.i.u.p.SubmittedApplicationsPage - Successfully selected the value: 'Administratoriai'
2025-02-14 12:51:47 [main] ERROR l.i.u.p.SubmittedApplicationsPage - Timeout while waiting for dropdown to close with aria-expanded = 'false'.
2025-02-14 12:51:47 [main] DEBUG l.i.u.t.SubmittedApplicationsPageTest - Selected job name: 'Administratoriai'.
2025-02-14 12:51:47 [main] DEBUG l.i.u.t.SubmittedApplicationsPageTest - Entered job function: 'Funkcija 1'.
2025-02-14 12:51:48 [main] DEBUG l.i.u.t.SubmittedApplicationsPageTest - Selected 'RadioButtonWithDisabilities' option.
2025-02-14 12:51:48 [main] INFO  l.i.u.p.SubmittedApplicationsPage - Clicking on the dropdown button.
2025-02-14 12:51:49 [main] INFO  l.i.u.p.SubmittedApplicationsPage - Found 34 options in the dropdown.
2025-02-14 12:51:49 [main] DEBUG l.i.u.p.SubmittedApplicationsPage - Checking option: 'Asmenys, kuriems suteiktas pabėgėlio statusas ar perkeliamojo asmens statusas, arba asmenys, kuriems suteikta papildoma ar laikinoji apsauga, ir asmenys, turintys teisę gauti laikinąją apsaugą, iki sprendimo dėl laikinosios apsaugos suteikimo (nesuteikimo) priėmimo, tačiau ne ilgiau kaip laikinosios apsaugos laikotarpiu'
2025-02-14 12:51:49 [main] DEBUG l.i.u.p.SubmittedApplicationsPage - Checking option: 'Asmenys, kuriems suteiktas pabėgėlio statusas ar perkeliamojo asmens statusas, arba asmenys, kuriems suteikta papildoma ar laikinoji apsauga, ir asmenys, turintys teisę gauti laikinąją apsaugą, iki sprendimo dėl laikinosios apsaugos suteikimo (nesuteikimo) priėmimo, tačiau ne ilgiau kaip laikinosios apsaugos laikotarpiu'
2025-02-14 12:51:49 [main] DEBUG l.i.u.p.SubmittedApplicationsPage - Checking option: 'Asmenys, turintys teisę į papildomas užimtumo garantijas pagal Lietuvos Respublikos valstybės įmonės Ignalinos atominės elektrinės darbuotojų papildomų užimtumo ir socialinių garantijų įstatymą'
2025-02-14 12:51:49 [main] DEBUG l.i.u.p.SubmittedApplicationsPage - Checking option: 'Asmenys, turintys teisę į papildomas užimtumo garantijas pagal Lietuvos Respublikos valstybės įmonės Ignalinos atominės elektrinės darbuotojų papildomų užimtumo ir socialinių garantijų įstatymą'
2025-02-14 12:51:49 [main] DEBUG l.i.u.p.SubmittedApplicationsPage - Checking option: 'Bedarbiai iki 29 metų'
2025-02-14 12:51:49 [main] DEBUG l.i.u.p.SubmittedApplicationsPage - Checking option: 'Bedarbiai iki 29 metų'
2025-02-14 12:51:49 [main] DEBUG l.i.u.p.SubmittedApplicationsPage - Checking option: 'Bedarbiai, kurie yra darbingo amžiaus neįgalieji, kuriems nustatytas 30–40 procentų darbingumo lygis arba vidutinis neįgalumo lygis'
2025-02-14 12:51:49 [main] DEBUG l.i.u.p.SubmittedApplicationsPage - Checking option: 'Bedarbiai, kurie yra darbingo amžiaus neįgalieji, kuriems nustatytas 30–40 procentų darbingumo lygis arba vidutinis neįgalumo lygis'
2025-02-14 12:51:49 [main] DEBUG l.i.u.p.SubmittedApplicationsPage - Checking option: 'Bedarbiai, kurie yra darbingo amžiaus neįgalieji, kuriems nustatytas 45–55 procentų darbingumo lygis arba lengvas neįgalumo lygis'
2025-02-14 12:51:49 [main] DEBUG l.i.u.p.SubmittedApplicationsPage - Checking option: 'Bedarbiai, kurie yra darbingo amžiaus neįgalieji, kuriems nustatytas 45–55 procentų darbingumo lygis arba lengvas neįgalumo lygis'
2025-02-14 12:51:49 [main] DEBUG l.i.u.p.SubmittedApplicationsPage - Checking option: 'Bedarbiai, kurie yra darbingo amžiaus neįgalieji, kuriems nustatytas iki 25 procentų darbingumo lygis arba sunkus neįgalumo lygis'
2025-02-14 12:51:49 [main] INFO  l.i.u.p.SubmittedApplicationsPage - Successfully selected the value: 'Bedarbiai, kurie yra darbingo amžiaus neįgalieji, kuriems nustatytas iki 25 procentų darbingumo lygis arba sunkus neįgalumo lygis'
2025-02-14 12:51:49 [main] INFO  l.i.u.p.SubmittedApplicationsPage - Attempting to close the dropdown.
2025-02-14 12:51:59 [main] INFO  l.i.u.p.SubmittedApplicationsPage - Dropdown should be closed now.
2025-02-14 12:51:59 [main] DEBUG l.i.u.t.SubmittedApplicationsPageTest - Selected disabilities type: 'Bedarbiai, kurie yra darbingo amžiaus neįgalieji, kuriems nustatytas iki 25 procentų darbingumo lygis arba sunkus neįgalumo lygis'.
2025-02-14 12:52:00 [main] DEBUG l.i.u.t.SubmittedApplicationsPageTest - Entered disability information: 'Negalia 1'.
2025-02-14 12:52:00 [main] INFO  l.i.u.p.SubmittedApplicationsPage - Located the dropdown button.
2025-02-14 12:52:00 [main] INFO  l.i.u.p.SubmittedApplicationsPage - Successfully selected the value: 'Kita'
2025-02-14 12:52:10 [main] ERROR l.i.u.p.SubmittedApplicationsPage - Timeout while waiting for dropdown to close with aria-expanded = 'false'.
2025-02-14 12:52:10 [main] DEBUG l.i.u.t.SubmittedApplicationsPageTest - Selected time mode: 'Kita'.
2025-02-14 12:52:10 [main] DEBUG l.i.u.t.SubmittedApplicationsPageTest - Selected time mode other: '6 val. per dieną ir 4 d. per savaitę'.
2025-02-14 12:52:11 [main] DEBUG l.i.u.t.SubmittedApplicationsPageTest - Entered qualification: 'Kvalifikacija 1'.
2025-02-14 12:52:11 [main] DEBUG l.i.u.t.SubmittedApplicationsPageTest - Entered job date.
2025-02-14 12:52:11 [main] DEBUG l.i.u.t.SubmittedApplicationsPageTest - Entered salary amount: '1200'.
2025-02-14 12:52:11 [main] DEBUG l.i.u.t.SubmittedApplicationsPageTest - Selected 'Temporary Job' radio button.
2025-02-14 12:52:11 [main] DEBUG l.i.u.t.SubmittedApplicationsPageTest - Selected 'Season Job' radio button.
2025-02-14 12:52:11 [main] DEBUG l.i.u.t.SubmittedApplicationsPageTest - Selected 'Energy' radio button.
2025-02-14 12:52:12 [main] DEBUG l.i.u.t.SubmittedApplicationsPageTest - Selected 'Repair' radio button.
2025-02-14 12:52:12 [main] DEBUG l.i.u.t.SubmittedApplicationsPageTest - Entered job description: 'Veikla 1'.
2025-02-14 12:52:12 [main] DEBUG l.i.u.t.SubmittedApplicationsPageTest - Entered process description: 'Procesas 1'.
2025-02-14 12:52:12 [main] DEBUG l.i.u.t.SubmittedApplicationsPageTest - Entered energy information: 'Energija 1'.
2025-02-14 12:52:12 [main] DEBUG l.i.u.t.SubmittedApplicationsPageTest - Entered repair information: 'Remontas 1'.
2025-02-14 12:52:12 [main] DEBUG l.i.u.t.SubmittedApplicationsPageTest - Selected 'PVM' radio button.
2025-02-14 12:52:12 [main] INFO  l.i.u.p.SubmittedApplicationsPage - Located the dropdown button.
2025-02-14 12:52:13 [main] INFO  l.i.u.p.SubmittedApplicationsPage - Successfully selected the value: 'Įsigyti'
2025-02-14 12:52:33 [main] ERROR l.i.u.p.SubmittedApplicationsPage - Timeout while waiting for dropdown to close with aria-expanded = 'false'.
2025-02-14 12:52:33 [main] DEBUG l.i.u.t.SubmittedApplicationsPageTest - Selected necessary for job: 'Įsigyti'.
2025-02-14 12:52:33 [main] DEBUG l.i.u.t.SubmittedApplicationsPageTest - Selected tool: 'Darbo priemonė 1'.
2025-02-14 12:52:33 [main] DEBUG l.i.u.t.SubmittedApplicationsPageTest - Selected tool parameter one: 'Darbo priemonės 1 parametras 1'.
2025-02-14 12:52:34 [main] DEBUG l.i.u.t.SubmittedApplicationsPageTest - Selected tool parameter two: 'Darbo priemonės 1 parametras 2'.
2025-02-14 12:52:34 [main] DEBUG l.i.u.t.SubmittedApplicationsPageTest - Selected tool parameter three: 'Darbo priemonės 1 parametras 3'.
2025-02-14 12:52:34 [main] DEBUG l.i.u.t.SubmittedApplicationsPageTest - Entered tool count: '1'.
2025-02-14 12:52:34 [main] DEBUG l.i.u.t.SubmittedApplicationsPageTest - Entered price amount 1: '1000'.
2025-02-14 12:52:34 [main] DEBUG l.i.u.t.SubmittedApplicationsPageTest - Entered own funds amount 1: '800'.
2025-02-14 12:52:34 [main] DEBUG l.i.u.t.SubmittedApplicationsPageTest - Clicked 'Add' button.
2025-02-14 12:52:34 [main] INFO  l.i.u.p.SubmittedApplicationsPage - Located the dropdown button.
2025-02-14 12:52:35 [main] INFO  l.i.u.p.SubmittedApplicationsPage - Successfully selected the value: 'Remontuoti'
2025-02-14 12:52:55 [main] ERROR l.i.u.p.SubmittedApplicationsPage - Timeout while waiting for dropdown to close with aria-expanded = 'false'.
2025-02-14 12:52:55 [main] DEBUG l.i.u.t.SubmittedApplicationsPageTest - Selected necessary for job 'to repair': 'Remontuoti'.
2025-02-14 12:52:55 [main] DEBUG l.i.u.t.SubmittedApplicationsPageTest - Selected repair name: 'Remonto pavadinimas 1'.
2025-02-14 12:52:55 [main] DEBUG l.i.u.t.SubmittedApplicationsPageTest - Entered repair information: 'Remonto aprašymas 1'.
2025-02-14 12:52:56 [main] DEBUG l.i.u.t.SubmittedApplicationsPageTest - Entered price amount 2: '1000'.
2025-02-14 12:52:56 [main] DEBUG l.i.u.t.SubmittedApplicationsPageTest - Entered own funds amount 2: '900'.
2025-02-14 12:52:56 [main] DEBUG l.i.u.t.SubmittedApplicationsPageTest - Entered country percentage: '50'.
2025-02-14 12:52:56 [main] DEBUG l.i.u.t.SubmittedApplicationsPageTest - Entered institution percentage: '50'.
2025-02-14 12:52:56 [main] DEBUG l.i.u.t.SubmittedApplicationsPageTest - Entered municipality percentage: '50'.
2025-02-14 12:52:56 [main] DEBUG l.i.u.t.SubmittedApplicationsPageTest - Selected 'De Minimis' radio button.
2025-02-14 12:52:57 [main] DEBUG l.i.u.t.SubmittedApplicationsPageTest - Entered program name: 'Programa 1'.
2025-02-14 12:52:57 [main] DEBUG l.i.u.t.SubmittedApplicationsPageTest - Entered project date from.
2025-02-14 12:52:57 [main] DEBUG l.i.u.t.SubmittedApplicationsPageTest - Entered project date until.
2025-02-14 12:52:57 [main] DEBUG l.i.u.t.SubmittedApplicationsPageTest - Entered support amount: '2000'.
2025-02-14 12:52:57 [main] DEBUG l.i.u.t.SubmittedApplicationsPageTest - Clicked 'Next' button.
2025-02-14 12:53:07 [main] DEBUG l.i.u.t.SubmittedApplicationsPageTest - Checked 'Legal Entities' checkbox 1.
2025-02-14 12:53:17 [main] DEBUG l.i.u.t.SubmittedApplicationsPageTest - Checked 'Legal Entities' checkbox 2.
2025-02-14 12:53:27 [main] DEBUG l.i.u.t.SubmittedApplicationsPageTest - Checked 'Legal Entities' checkbox 3.
2025-02-14 12:53:27 [main] DEBUG l.i.u.t.SubmittedApplicationsPageTest - Test finished: All 'Legal Entities' checkboxes checked successfully.
2025-02-14 12:53:28 [main] DEBUG l.i.u.t.SubmittedApplicationsPageTest - Clicked 'Next' button after checkboxes.
2025-02-14 12:53:38 [main] ERROR l.i.u.p.SubmittedApplicationsPage - Error selecting radio button: Expected condition failed: waiting for element to be clickable: By.xpath: (//input[@type='radio' and @value='false'])[8] (tried for 10 second(s) with 500 milliseconds interval)
Build info: version: '4.27.0', revision: 'd6e718d134'
System info: os.name: 'Windows 11', os.arch: 'amd64', os.version: '10.0', java.version: '21.0.3'
Driver info: org.openqa.selenium.chrome.ChromeDriver
Capabilities {acceptInsecureCerts: false, browserName: chrome, browserVersion: 132.0.6834.197, chrome: {chromedriverVersion: 132.0.6834.159 (2d77d3fc445..., userDataDir: C:\Users\INGRID~1.ZAD\AppDa...}, fedcm:accounts: true, goog:chromeOptions: {debuggerAddress: localhost:55214}, networkConnectionEnabled: false, pageLoadStrategy: normal, platformName: windows, proxy: Proxy(), se:cdp: ws://localhost:55214/devtoo..., se:cdpVersion: 132.0.6834.197, setWindowRect: true, strictFileInteractability: false, timeouts: {implicit: 0, pageLoad: 300000, script: 30000}, unhandledPromptBehavior: dismiss and notify, webauthn:extension:credBlob: true, webauthn:extension:largeBlob: true, webauthn:extension:minPinLength: true, webauthn:extension:prf: true, webauthn:virtualAuthenticators: true}
Session ID: 3538c1c7e5c985750a8b1006f2a06747
2025-02-14 12:53:38 [main] INFO  l.i.u.t.SubmittedApplicationsPageTest - Marking 'Ne' radio button 1
2025-02-14 12:53:48 [main] ERROR l.i.u.p.SubmittedApplicationsPage - Error selecting radio button: Expected condition failed: waiting for element to be clickable: By.xpath: (//input[@type='radio' and @value='false'])[9] (tried for 10 second(s) with 500 milliseconds interval)
Build info: version: '4.27.0', revision: 'd6e718d134'
System info: os.name: 'Windows 11', os.arch: 'amd64', os.version: '10.0', java.version: '21.0.3'
Driver info: org.openqa.selenium.chrome.ChromeDriver
Capabilities {acceptInsecureCerts: false, browserName: chrome, browserVersion: 132.0.6834.197, chrome: {chromedriverVersion: 132.0.6834.159 (2d77d3fc445..., userDataDir: C:\Users\INGRID~1.ZAD\AppDa...}, fedcm:accounts: true, goog:chromeOptions: {debuggerAddress: localhost:55214}, networkConnectionEnabled: false, pageLoadStrategy: normal, platformName: windows, proxy: Proxy(), se:cdp: ws://localhost:55214/devtoo..., se:cdpVersion: 132.0.6834.197, setWindowRect: true, strictFileInteractability: false, timeouts: {implicit: 0, pageLoad: 300000, script: 30000}, unhandledPromptBehavior: dismiss and notify, webauthn:extension:credBlob: true, webauthn:extension:largeBlob: true, webauthn:extension:minPinLength: true, webauthn:extension:prf: true, webauthn:virtualAuthenticators: true}
Session ID: 3538c1c7e5c985750a8b1006f2a06747
2025-02-14 12:53:48 [main] INFO  l.i.u.t.SubmittedApplicationsPageTest - Marking 'Ne' radio button 2
2025-02-14 12:53:58 [main] ERROR l.i.u.p.SubmittedApplicationsPage - Error selecting radio button: Expected condition failed: waiting for element to be clickable: By.xpath: (//input[@type='radio' and @value='false'])[10] (tried for 10 second(s) with 500 milliseconds interval)
Build info: version: '4.27.0', revision: 'd6e718d134'
System info: os.name: 'Windows 11', os.arch: 'amd64', os.version: '10.0', java.version: '21.0.3'
Driver info: org.openqa.selenium.chrome.ChromeDriver
Capabilities {acceptInsecureCerts: false, browserName: chrome, browserVersion: 132.0.6834.197, chrome: {chromedriverVersion: 132.0.6834.159 (2d77d3fc445..., userDataDir: C:\Users\INGRID~1.ZAD\AppDa...}, fedcm:accounts: true, goog:chromeOptions: {debuggerAddress: localhost:55214}, networkConnectionEnabled: false, pageLoadStrategy: normal, platformName: windows, proxy: Proxy(), se:cdp: ws://localhost:55214/devtoo..., se:cdpVersion: 132.0.6834.197, setWindowRect: true, strictFileInteractability: false, timeouts: {implicit: 0, pageLoad: 300000, script: 30000}, unhandledPromptBehavior: dismiss and notify, webauthn:extension:credBlob: true, webauthn:extension:largeBlob: true, webauthn:extension:minPinLength: true, webauthn:extension:prf: true, webauthn:virtualAuthenticators: true}
Session ID: 3538c1c7e5c985750a8b1006f2a06747
2025-02-14 12:53:58 [main] INFO  l.i.u.t.SubmittedApplicationsPageTest - Marking 'Ne' radio button 3
2025-02-14 12:54:08 [main] ERROR l.i.u.p.SubmittedApplicationsPage - Error selecting radio button: Expected condition failed: waiting for element to be clickable: By.xpath: (//input[@type='radio' and @value='false'])[11] (tried for 10 second(s) with 500 milliseconds interval)
Build info: version: '4.27.0', revision: 'd6e718d134'
System info: os.name: 'Windows 11', os.arch: 'amd64', os.version: '10.0', java.version: '21.0.3'
Driver info: org.openqa.selenium.chrome.ChromeDriver
Capabilities {acceptInsecureCerts: false, browserName: chrome, browserVersion: 132.0.6834.197, chrome: {chromedriverVersion: 132.0.6834.159 (2d77d3fc445..., userDataDir: C:\Users\INGRID~1.ZAD\AppDa...}, fedcm:accounts: true, goog:chromeOptions: {debuggerAddress: localhost:55214}, networkConnectionEnabled: false, pageLoadStrategy: normal, platformName: windows, proxy: Proxy(), se:cdp: ws://localhost:55214/devtoo..., se:cdpVersion: 132.0.6834.197, setWindowRect: true, strictFileInteractability: false, timeouts: {implicit: 0, pageLoad: 300000, script: 30000}, unhandledPromptBehavior: dismiss and notify, webauthn:extension:credBlob: true, webauthn:extension:largeBlob: true, webauthn:extension:minPinLength: true, webauthn:extension:prf: true, webauthn:virtualAuthenticators: true}
Session ID: 3538c1c7e5c985750a8b1006f2a06747
2025-02-14 12:54:08 [main] INFO  l.i.u.t.SubmittedApplicationsPageTest - Marking 'Ne' radio button 4
2025-02-14 12:54:18 [main] ERROR l.i.u.p.SubmittedApplicationsPage - Error selecting radio button: Expected condition failed: waiting for element to be clickable: By.xpath: (//input[@type='radio' and @value='false'])[12] (tried for 10 second(s) with 500 milliseconds interval)
Build info: version: '4.27.0', revision: 'd6e718d134'
System info: os.name: 'Windows 11', os.arch: 'amd64', os.version: '10.0', java.version: '21.0.3'
Driver info: org.openqa.selenium.chrome.ChromeDriver
Capabilities {acceptInsecureCerts: false, browserName: chrome, browserVersion: 132.0.6834.197, chrome: {chromedriverVersion: 132.0.6834.159 (2d77d3fc445..., userDataDir: C:\Users\INGRID~1.ZAD\AppDa...}, fedcm:accounts: true, goog:chromeOptions: {debuggerAddress: localhost:55214}, networkConnectionEnabled: false, pageLoadStrategy: normal, platformName: windows, proxy: Proxy(), se:cdp: ws://localhost:55214/devtoo..., se:cdpVersion: 132.0.6834.197, setWindowRect: true, strictFileInteractability: false, timeouts: {implicit: 0, pageLoad: 300000, script: 30000}, unhandledPromptBehavior: dismiss and notify, webauthn:extension:credBlob: true, webauthn:extension:largeBlob: true, webauthn:extension:minPinLength: true, webauthn:extension:prf: true, webauthn:virtualAuthenticators: true}
Session ID: 3538c1c7e5c985750a8b1006f2a06747
2025-02-14 12:54:18 [main] INFO  l.i.u.t.SubmittedApplicationsPageTest - Marking 'Ne' radio button 5
2025-02-14 12:54:28 [main] ERROR l.i.u.p.SubmittedApplicationsPage - Error selecting radio button: Expected condition failed: waiting for element to be clickable: By.xpath: (//input[@type='radio' and @value='false'])[13] (tried for 10 second(s) with 500 milliseconds interval)
Build info: version: '4.27.0', revision: 'd6e718d134'
System info: os.name: 'Windows 11', os.arch: 'amd64', os.version: '10.0', java.version: '21.0.3'
Driver info: org.openqa.selenium.chrome.ChromeDriver
Capabilities {acceptInsecureCerts: false, browserName: chrome, browserVersion: 132.0.6834.197, chrome: {chromedriverVersion: 132.0.6834.159 (2d77d3fc445..., userDataDir: C:\Users\INGRID~1.ZAD\AppDa...}, fedcm:accounts: true, goog:chromeOptions: {debuggerAddress: localhost:55214}, networkConnectionEnabled: false, pageLoadStrategy: normal, platformName: windows, proxy: Proxy(), se:cdp: ws://localhost:55214/devtoo..., se:cdpVersion: 132.0.6834.197, setWindowRect: true, strictFileInteractability: false, timeouts: {implicit: 0, pageLoad: 300000, script: 30000}, unhandledPromptBehavior: dismiss and notify, webauthn:extension:credBlob: true, webauthn:extension:largeBlob: true, webauthn:extension:minPinLength: true, webauthn:extension:prf: true, webauthn:virtualAuthenticators: true}
Session ID: 3538c1c7e5c985750a8b1006f2a06747
2025-02-14 12:54:28 [main] INFO  l.i.u.t.SubmittedApplicationsPageTest - Marking 'Ne' radio button 6
2025-02-14 12:54:38 [main] ERROR l.i.u.p.SubmittedApplicationsPage - Error selecting radio button: Expected condition failed: waiting for element to be clickable: By.xpath: (//input[@type='radio' and @value='true'])[14] (tried for 10 second(s) with 500 milliseconds interval)
Build info: version: '4.27.0', revision: 'd6e718d134'
System info: os.name: 'Windows 11', os.arch: 'amd64', os.version: '10.0', java.version: '21.0.3'
Driver info: org.openqa.selenium.chrome.ChromeDriver
Capabilities {acceptInsecureCerts: false, browserName: chrome, browserVersion: 132.0.6834.197, chrome: {chromedriverVersion: 132.0.6834.159 (2d77d3fc445..., userDataDir: C:\Users\INGRID~1.ZAD\AppDa...}, fedcm:accounts: true, goog:chromeOptions: {debuggerAddress: localhost:55214}, networkConnectionEnabled: false, pageLoadStrategy: normal, platformName: windows, proxy: Proxy(), se:cdp: ws://localhost:55214/devtoo..., se:cdpVersion: 132.0.6834.197, setWindowRect: true, strictFileInteractability: false, timeouts: {implicit: 0, pageLoad: 300000, script: 30000}, unhandledPromptBehavior: dismiss and notify, webauthn:extension:credBlob: true, webauthn:extension:largeBlob: true, webauthn:extension:minPinLength: true, webauthn:extension:prf: true, webauthn:virtualAuthenticators: true}
Session ID: 3538c1c7e5c985750a8b1006f2a06747
2025-02-14 12:54:38 [main] INFO  l.i.u.t.SubmittedApplicationsPageTest - Marking 'Taip' radio button 7
2025-02-14 12:54:48 [main] ERROR l.i.u.p.SubmittedApplicationsPage - Error selecting radio button: Expected condition failed: waiting for element to be clickable: By.xpath: (//input[@type='radio' and @value='true'])[15] (tried for 10 second(s) with 500 milliseconds interval)
Build info: version: '4.27.0', revision: 'd6e718d134'
System info: os.name: 'Windows 11', os.arch: 'amd64', os.version: '10.0', java.version: '21.0.3'
Driver info: org.openqa.selenium.chrome.ChromeDriver
Capabilities {acceptInsecureCerts: false, browserName: chrome, browserVersion: 132.0.6834.197, chrome: {chromedriverVersion: 132.0.6834.159 (2d77d3fc445..., userDataDir: C:\Users\INGRID~1.ZAD\AppDa...}, fedcm:accounts: true, goog:chromeOptions: {debuggerAddress: localhost:55214}, networkConnectionEnabled: false, pageLoadStrategy: normal, platformName: windows, proxy: Proxy(), se:cdp: ws://localhost:55214/devtoo..., se:cdpVersion: 132.0.6834.197, setWindowRect: true, strictFileInteractability: false, timeouts: {implicit: 0, pageLoad: 300000, script: 30000}, unhandledPromptBehavior: dismiss and notify, webauthn:extension:credBlob: true, webauthn:extension:largeBlob: true, webauthn:extension:minPinLength: true, webauthn:extension:prf: true, webauthn:virtualAuthenticators: true}
Session ID: 3538c1c7e5c985750a8b1006f2a06747
2025-02-14 12:54:48 [main] INFO  l.i.u.t.SubmittedApplicationsPageTest - Marking 'Taip' radio button 8
2025-02-14 12:54:58 [main] ERROR l.i.u.p.SubmittedApplicationsPage - Error selecting radio button: Expected condition failed: waiting for element to be clickable: By.xpath: (//input[@type='radio' and @value='true'])[16] (tried for 10 second(s) with 500 milliseconds interval)
Build info: version: '4.27.0', revision: 'd6e718d134'
System info: os.name: 'Windows 11', os.arch: 'amd64', os.version: '10.0', java.version: '21.0.3'
Driver info: org.openqa.selenium.chrome.ChromeDriver
Capabilities {acceptInsecureCerts: false, browserName: chrome, browserVersion: 132.0.6834.197, chrome: {chromedriverVersion: 132.0.6834.159 (2d77d3fc445..., userDataDir: C:\Users\INGRID~1.ZAD\AppDa...}, fedcm:accounts: true, goog:chromeOptions: {debuggerAddress: localhost:55214}, networkConnectionEnabled: false, pageLoadStrategy: normal, platformName: windows, proxy: Proxy(), se:cdp: ws://localhost:55214/devtoo..., se:cdpVersion: 132.0.6834.197, setWindowRect: true, strictFileInteractability: false, timeouts: {implicit: 0, pageLoad: 300000, script: 30000}, unhandledPromptBehavior: dismiss and notify, webauthn:extension:credBlob: true, webauthn:extension:largeBlob: true, webauthn:extension:minPinLength: true, webauthn:extension:prf: true, webauthn:virtualAuthenticators: true}
Session ID: 3538c1c7e5c985750a8b1006f2a06747
2025-02-14 12:54:58 [main] INFO  l.i.u.t.SubmittedApplicationsPageTest - Marking 'Taip' radio button 9
2025-02-14 12:55:08 [main] ERROR l.i.u.p.SubmittedApplicationsPage - Error selecting radio button: Expected condition failed: waiting for element to be clickable: By.xpath: (//input[@type='radio' and @value='true'])[17] (tried for 10 second(s) with 500 milliseconds interval)
Build info: version: '4.27.0', revision: 'd6e718d134'
System info: os.name: 'Windows 11', os.arch: 'amd64', os.version: '10.0', java.version: '21.0.3'
Driver info: org.openqa.selenium.chrome.ChromeDriver
Capabilities {acceptInsecureCerts: false, browserName: chrome, browserVersion: 132.0.6834.197, chrome: {chromedriverVersion: 132.0.6834.159 (2d77d3fc445..., userDataDir: C:\Users\INGRID~1.ZAD\AppDa...}, fedcm:accounts: true, goog:chromeOptions: {debuggerAddress: localhost:55214}, networkConnectionEnabled: false, pageLoadStrategy: normal, platformName: windows, proxy: Proxy(), se:cdp: ws://localhost:55214/devtoo..., se:cdpVersion: 132.0.6834.197, setWindowRect: true, strictFileInteractability: false, timeouts: {implicit: 0, pageLoad: 300000, script: 30000}, unhandledPromptBehavior: dismiss and notify, webauthn:extension:credBlob: true, webauthn:extension:largeBlob: true, webauthn:extension:minPinLength: true, webauthn:extension:prf: true, webauthn:virtualAuthenticators: true}
Session ID: 3538c1c7e5c985750a8b1006f2a06747
2025-02-14 12:55:09 [main] INFO  l.i.u.t.SubmittedApplicationsPageTest - Marking 'Taip' radio button 10
2025-02-14 12:55:19 [main] ERROR l.i.u.p.SubmittedApplicationsPage - Error selecting radio button: Expected condition failed: waiting for element to be clickable: By.xpath: (//input[@type='radio' and @value='true'])[18] (tried for 10 second(s) with 500 milliseconds interval)
Build info: version: '4.27.0', revision: 'd6e718d134'
System info: os.name: 'Windows 11', os.arch: 'amd64', os.version: '10.0', java.version: '21.0.3'
Driver info: org.openqa.selenium.chrome.ChromeDriver
Capabilities {acceptInsecureCerts: false, browserName: chrome, browserVersion: 132.0.6834.197, chrome: {chromedriverVersion: 132.0.6834.159 (2d77d3fc445..., userDataDir: C:\Users\INGRID~1.ZAD\AppDa...}, fedcm:accounts: true, goog:chromeOptions: {debuggerAddress: localhost:55214}, networkConnectionEnabled: false, pageLoadStrategy: normal, platformName: windows, proxy: Proxy(), se:cdp: ws://localhost:55214/devtoo..., se:cdpVersion: 132.0.6834.197, setWindowRect: true, strictFileInteractability: false, timeouts: {implicit: 0, pageLoad: 300000, script: 30000}, unhandledPromptBehavior: dismiss and notify, webauthn:extension:credBlob: true, webauthn:extension:largeBlob: true, webauthn:extension:minPinLength: true, webauthn:extension:prf: true, webauthn:virtualAuthenticators: true}
Session ID: 3538c1c7e5c985750a8b1006f2a06747
2025-02-14 12:55:19 [main] INFO  l.i.u.t.SubmittedApplicationsPageTest - Marking 'Taip' radio button 11
2025-02-14 12:55:29 [main] ERROR l.i.u.p.SubmittedApplicationsPage - Error selecting radio button: Expected condition failed: waiting for element to be clickable: By.xpath: (//input[@type='radio' and @value='true'])[19] (tried for 10 second(s) with 500 milliseconds interval)
Build info: version: '4.27.0', revision: 'd6e718d134'
System info: os.name: 'Windows 11', os.arch: 'amd64', os.version: '10.0', java.version: '21.0.3'
Driver info: org.openqa.selenium.chrome.ChromeDriver
Capabilities {acceptInsecureCerts: false, browserName: chrome, browserVersion: 132.0.6834.197, chrome: {chromedriverVersion: 132.0.6834.159 (2d77d3fc445..., userDataDir: C:\Users\INGRID~1.ZAD\AppDa...}, fedcm:accounts: true, goog:chromeOptions: {debuggerAddress: localhost:55214}, networkConnectionEnabled: false, pageLoadStrategy: normal, platformName: windows, proxy: Proxy(), se:cdp: ws://localhost:55214/devtoo..., se:cdpVersion: 132.0.6834.197, setWindowRect: true, strictFileInteractability: false, timeouts: {implicit: 0, pageLoad: 300000, script: 30000}, unhandledPromptBehavior: dismiss and notify, webauthn:extension:credBlob: true, webauthn:extension:largeBlob: true, webauthn:extension:minPinLength: true, webauthn:extension:prf: true, webauthn:virtualAuthenticators: true}
Session ID: 3538c1c7e5c985750a8b1006f2a06747
2025-02-14 12:55:29 [main] INFO  l.i.u.t.SubmittedApplicationsPageTest - Marking 'Taip' radio button 12
2025-02-14 12:55:39 [main] DEBUG l.i.u.t.SubmittedApplicationsPageTest - Checked 'ConfirmationStepFour'
2025-02-14 12:55:39 [main] DEBUG l.i.u.t.SubmittedApplicationsPageTest - Clicked 'Next' button after checkboxes.
2025-02-14 12:55:39 [main] INFO  l.i.u.p.SubmittedApplicationsPage - File uploaded successfully to an input element.
2025-02-14 12:55:39 [main] INFO  l.i.u.p.SubmittedApplicationsPage - File uploaded successfully to an input element.
2025-02-14 12:55:39 [main] INFO  l.i.u.p.SubmittedApplicationsPage - File uploaded successfully to an input element.
2025-02-14 12:55:39 [main] INFO  l.i.u.p.SubmittedApplicationsPage - File uploaded successfully to an input element.
2025-02-14 12:55:39 [main] INFO  l.i.u.p.SubmittedApplicationsPage - File uploaded successfully to an input element.
2025-02-14 12:55:39 [main] INFO  l.i.u.p.SubmittedApplicationsPage - File uploaded successfully to an input element.
2025-02-14 12:55:40 [main] INFO  l.i.u.p.SubmittedApplicationsPage - File uploaded successfully to an input element.
2025-02-14 12:55:40 [main] INFO  l.i.u.p.SubmittedApplicationsPage - File uploaded successfully to an input element.
2025-02-14 12:55:40 [main] INFO  l.i.u.p.SubmittedApplicationsPage - File uploaded successfully to an input element.
2025-02-14 12:55:40 [main] INFO  l.i.u.p.SubmittedApplicationsPage - File uploaded successfully to an input element.
2025-02-14 12:55:40 [main] DEBUG l.i.u.t.SubmittedApplicationsPageTest - Entered program name: 'Dokumentas 1'.
2025-02-14 12:55:40 [main] DEBUG l.i.u.t.SubmittedApplicationsPageTest - Entered program name: 'Dokumentas 2'.
2025-02-14 12:55:40 [main] DEBUG l.i.u.t.SubmittedApplicationsPageTest - Entered program name: 'Dokumentas 3'.
2025-02-14 12:55:40 [main] DEBUG l.i.u.t.SubmittedApplicationsPageTest - Entered program name: 'Dokumentas 4'.
2025-02-14 12:55:41 [main] DEBUG l.i.u.t.SubmittedApplicationsPageTest - Entered program name: 'Dokumentas 5'.
2025-02-14 12:55:41 [main] DEBUG l.i.u.t.SubmittedApplicationsPageTest - Entered program name: 'Dokumentas 6'.
2025-02-14 12:55:41 [main] DEBUG l.i.u.t.SubmittedApplicationsPageTest - Entered program name: 'Dokumentas 4'.
2025-02-14 12:55:41 [main] DEBUG l.i.u.t.SubmittedApplicationsPageTest - Entered program name: 'Dokumentas 8'.
2025-02-14 12:55:41 [main] DEBUG l.i.u.t.SubmittedApplicationsPageTest - Entered program name: 'Dokumentas 9'.
2025-02-14 12:55:41 [main] DEBUG l.i.u.t.SubmittedApplicationsPageTest - Entered program name: 'Dokumentas 10'.
2025-02-14 12:55:52 [main] DEBUG l.i.u.t.SubmittedApplicationsPageTest - Checked 'ConfirmationDocument'
2025-02-14 12:56:02 [main] DEBUG l.i.u.t.SubmittedApplicationsPageTest - Checked 'ConfirmationApplication'
2025-02-14 12:56:02 [main] DEBUG l.i.u.t.SubmittedApplicationsPageTest - Clicked 'SaveDraft' button after checkboxes.
2025-02-14 12:56:02 [main] DEBUG l.insoft.uztis.pages.InvitationsPage - Verified success message: 'Ruošinys sėkmingai išsaugotas.'
2025-02-14 12:56:02 [main] DEBUG l.i.u.t.SubmittedApplicationsPageTest - Clicked 'Review' button after checkboxes.
2025-02-14 12:56:12 [main] ERROR l.i.u.t.SubmittedApplicationsPageTest - Test 'testFillNewVUIApplicationFA' failed with error: no such element: Unable to locate element: {"method":"xpath","selector":"//common-button/button[contains(text(), 'Pateikti')]"}
  (Session info: chrome=132.0.6834.197)
For documentation on this error, please visit: https://www.selenium.dev/documentation/webdriver/troubleshooting/errors#no-such-element-exception
Build info: version: '4.27.0', revision: 'd6e718d134'
System info: os.name: 'Windows 11', os.arch: 'amd64', os.version: '10.0', java.version: '21.0.3'
Driver info: org.openqa.selenium.chrome.ChromeDriver
Command: [3538c1c7e5c985750a8b1006f2a06747, findElement {using=xpath, value=//common-button/button[contains(text(), 'Pateikti')]}]
Capabilities {acceptInsecureCerts: false, browserName: chrome, browserVersion: 132.0.6834.197, chrome: {chromedriverVersion: 132.0.6834.159 (2d77d3fc445..., userDataDir: C:\Users\INGRID~1.ZAD\AppDa...}, fedcm:accounts: true, goog:chromeOptions: {debuggerAddress: localhost:55214}, networkConnectionEnabled: false, pageLoadStrategy: normal, platformName: windows, proxy: Proxy(), se:cdp: ws://localhost:55214/devtoo..., se:cdpVersion: 132.0.6834.197, setWindowRect: true, strictFileInteractability: false, timeouts: {implicit: 0, pageLoad: 300000, script: 30000}, unhandledPromptBehavior: dismiss and notify, webauthn:extension:credBlob: true, webauthn:extension:largeBlob: true, webauthn:extension:minPinLength: true, webauthn:extension:prf: true, webauthn:virtualAuthenticators: true}
Session ID: 3538c1c7e5c985750a8b1006f2a06747
org.openqa.selenium.NoSuchElementException: no such element: Unable to locate element: {"method":"xpath","selector":"//common-button/button[contains(text(), 'Pateikti')]"}
  (Session info: chrome=132.0.6834.197)
For documentation on this error, please visit: https://www.selenium.dev/documentation/webdriver/troubleshooting/errors#no-such-element-exception
Build info: version: '4.27.0', revision: 'd6e718d134'
System info: os.name: 'Windows 11', os.arch: 'amd64', os.version: '10.0', java.version: '21.0.3'
Driver info: org.openqa.selenium.chrome.ChromeDriver
Command: [3538c1c7e5c985750a8b1006f2a06747, findElement {using=xpath, value=//common-button/button[contains(text(), 'Pateikti')]}]
Capabilities {acceptInsecureCerts: false, browserName: chrome, browserVersion: 132.0.6834.197, chrome: {chromedriverVersion: 132.0.6834.159 (2d77d3fc445..., userDataDir: C:\Users\INGRID~1.ZAD\AppDa...}, fedcm:accounts: true, goog:chromeOptions: {debuggerAddress: localhost:55214}, networkConnectionEnabled: false, pageLoadStrategy: normal, platformName: windows, proxy: Proxy(), se:cdp: ws://localhost:55214/devtoo..., se:cdpVersion: 132.0.6834.197, setWindowRect: true, strictFileInteractability: false, timeouts: {implicit: 0, pageLoad: 300000, script: 30000}, unhandledPromptBehavior: dismiss and notify, webauthn:extension:credBlob: true, webauthn:extension:largeBlob: true, webauthn:extension:minPinLength: true, webauthn:extension:prf: true, webauthn:virtualAuthenticators: true}
Session ID: 3538c1c7e5c985750a8b1006f2a06747
	at java.base/jdk.internal.reflect.DirectConstructorHandleAccessor.newInstance(DirectConstructorHandleAccessor.java:62)
	at java.base/java.lang.reflect.Constructor.newInstanceWithCaller(Constructor.java:502)
	at java.base/java.lang.reflect.Constructor.newInstance(Constructor.java:486)
	at org.openqa.selenium.remote.ErrorCodec.decode(ErrorCodec.java:167)
	at org.openqa.selenium.remote.codec.w3c.W3CHttpResponseCodec.decode(W3CHttpResponseCodec.java:138)
	at org.openqa.selenium.remote.codec.w3c.W3CHttpResponseCodec.decode(W3CHttpResponseCodec.java:50)
	at org.openqa.selenium.remote.HttpCommandExecutor.execute(HttpCommandExecutor.java:190)
	at org.openqa.selenium.remote.service.DriverCommandExecutor.invokeExecute(DriverCommandExecutor.java:216)
	at org.openqa.selenium.remote.service.DriverCommandExecutor.execute(DriverCommandExecutor.java:174)
	at org.openqa.selenium.remote.RemoteWebDriver.execute(RemoteWebDriver.java:545)
	at org.openqa.selenium.remote.ElementLocation$ElementFinder$2.findElement(ElementLocation.java:165)
	at org.openqa.selenium.remote.ElementLocation.findElement(ElementLocation.java:59)
	at org.openqa.selenium.remote.RemoteWebDriver.findElement(RemoteWebDriver.java:368)
	at org.openqa.selenium.remote.RemoteWebDriver.findElement(RemoteWebDriver.java:362)
	at org.openqa.selenium.support.pagefactory.DefaultElementLocator.findElement(DefaultElementLocator.java:68)
	at org.openqa.selenium.support.pagefactory.internal.LocatingElementHandler.invoke(LocatingElementHandler.java:38)
	at jdk.proxy2/jdk.proxy2.$Proxy14.isSelected(Unknown Source)
	at lt.insoft.uztis.pages.SubmittedApplicationsPage.clickButtonSubmit(SubmittedApplicationsPage.java:664)
	at lt.insoft.uztis.tests.SubmittedApplicationsPageTest.testFillNewVUIApplicationFA(SubmittedApplicationsPageTest.java:447)
	at java.base/jdk.internal.reflect.DirectMethodHandleAccessor.invoke(DirectMethodHandleAccessor.java:103)
	at java.base/java.lang.reflect.Method.invoke(Method.java:580)
	at org.junit.platform.commons.util.ReflectionUtils.invokeMethod(ReflectionUtils.java:728)
	at org.junit.jupiter.engine.execution.MethodInvocation.proceed(MethodInvocation.java:60)
	at org.junit.jupiter.engine.execution.InvocationInterceptorChain$ValidatingInvocation.proceed(InvocationInterceptorChain.java:131)
	at org.junit.jupiter.engine.extension.TimeoutExtension.intercept(TimeoutExtension.java:156)
	at org.junit.jupiter.engine.extension.TimeoutExtension.interceptTestableMethod(TimeoutExtension.java:147)
	at org.junit.jupiter.engine.extension.TimeoutExtension.interceptTestMethod(TimeoutExtension.java:86)
	at org.junit.jupiter.engine.execution.InterceptingExecutableInvoker$ReflectiveInterceptorCall.lambda$ofVoidMethod$0(InterceptingExecutableInvoker.java:103)
	at org.junit.jupiter.engine.execution.InterceptingExecutableInvoker.lambda$invoke$0(InterceptingExecutableInvoker.java:93)
	at org.junit.jupiter.engine.execution.InvocationInterceptorChain$InterceptedInvocation.proceed(InvocationInterceptorChain.java:106)
	at org.junit.jupiter.engine.execution.InvocationInterceptorChain.proceed(InvocationInterceptorChain.java:64)
	at org.junit.jupiter.engine.execution.InvocationInterceptorChain.chainAndInvoke(InvocationInterceptorChain.java:45)
	at org.junit.jupiter.engine.execution.InvocationInterceptorChain.invoke(InvocationInterceptorChain.java:37)
	at org.junit.jupiter.engine.execution.InterceptingExecutableInvoker.invoke(InterceptingExecutableInvoker.java:92)
	at org.junit.jupiter.engine.execution.InterceptingExecutableInvoker.invoke(InterceptingExecutableInvoker.java:86)
	at org.junit.jupiter.engine.descriptor.TestMethodTestDescriptor.lambda$invokeTestMethod$7(TestMethodTestDescriptor.java:218)
	at org.junit.platform.engine.support.hierarchical.ThrowableCollector.execute(ThrowableCollector.java:73)
	at org.junit.jupiter.engine.descriptor.TestMethodTestDescriptor.invokeTestMethod(TestMethodTestDescriptor.java:214)
	at org.junit.jupiter.engine.descriptor.TestMethodTestDescriptor.execute(TestMethodTestDescriptor.java:139)
	at org.junit.jupiter.engine.descriptor.TestMethodTestDescriptor.execute(TestMethodTestDescriptor.java:69)
	at org.junit.platform.engine.support.hierarchical.NodeTestTask.lambda$executeRecursively$6(NodeTestTask.java:151)
	at org.junit.platform.engine.support.hierarchical.ThrowableCollector.execute(ThrowableCollector.java:73)
	at org.junit.platform.engine.support.hierarchical.NodeTestTask.lambda$executeRecursively$8(NodeTestTask.java:141)
	at org.junit.platform.engine.support.hierarchical.Node.around(Node.java:137)
	at org.junit.platform.engine.support.hierarchical.NodeTestTask.lambda$executeRecursively$9(NodeTestTask.java:139)
	at org.junit.platform.engine.support.hierarchical.ThrowableCollector.execute(ThrowableCollector.java:73)
	at org.junit.platform.engine.support.hierarchical.NodeTestTask.executeRecursively(NodeTestTask.java:138)
	at org.junit.platform.engine.support.hierarchical.NodeTestTask.execute(NodeTestTask.java:95)
	at java.base/java.util.ArrayList.forEach(ArrayList.java:1596)
	at org.junit.platform.engine.support.hierarchical.SameThreadHierarchicalTestExecutorService.invokeAll(SameThreadHierarchicalTestExecutorService.java:41)
	at org.junit.platform.engine.support.hierarchical.NodeTestTask.lambda$executeRecursively$6(NodeTestTask.java:155)
	at org.junit.platform.engine.support.hierarchical.ThrowableCollector.execute(ThrowableCollector.java:73)
	at org.junit.platform.engine.support.hierarchical.NodeTestTask.lambda$executeRecursively$8(NodeTestTask.java:141)
	at org.junit.platform.engine.support.hierarchical.Node.around(Node.java:137)
	at org.junit.platform.engine.support.hierarchical.NodeTestTask.lambda$executeRecursively$9(NodeTestTask.java:139)
	at org.junit.platform.engine.support.hierarchical.ThrowableCollector.execute(ThrowableCollector.java:73)
	at org.junit.platform.engine.support.hierarchical.NodeTestTask.executeRecursively(NodeTestTask.java:138)
	at org.junit.platform.engine.support.hierarchical.NodeTestTask.execute(NodeTestTask.java:95)
	at java.base/java.util.ArrayList.forEach(ArrayList.java:1596)
	at org.junit.platform.engine.support.hierarchical.SameThreadHierarchicalTestExecutorService.invokeAll(SameThreadHierarchicalTestExecutorService.java:41)
	at org.junit.platform.engine.support.hierarchical.NodeTestTask.lambda$executeRecursively$6(NodeTestTask.java:155)
	at org.junit.platform.engine.support.hierarchical.ThrowableCollector.execute(ThrowableCollector.java:73)
	at org.junit.platform.engine.support.hierarchical.NodeTestTask.lambda$executeRecursively$8(NodeTestTask.java:141)
	at org.junit.platform.engine.support.hierarchical.Node.around(Node.java:137)
	at org.junit.platform.engine.support.hierarchical.NodeTestTask.lambda$executeRecursively$9(NodeTestTask.java:139)
	at org.junit.platform.engine.support.hierarchical.ThrowableCollector.execute(ThrowableCollector.java:73)
	at org.junit.platform.engine.support.hierarchical.NodeTestTask.executeRecursively(NodeTestTask.java:138)
	at org.junit.platform.engine.support.hierarchical.NodeTestTask.execute(NodeTestTask.java:95)
	at org.junit.platform.engine.support.hierarchical.SameThreadHierarchicalTestExecutorService.submit(SameThreadHierarchicalTestExecutorService.java:35)
	at org.junit.platform.engine.support.hierarchical.HierarchicalTestExecutor.execute(HierarchicalTestExecutor.java:57)
	at org.junit.platform.engine.support.hierarchical.HierarchicalTestEngine.execute(HierarchicalTestEngine.java:54)
	at org.junit.platform.launcher.core.EngineExecutionOrchestrator.execute(EngineExecutionOrchestrator.java:198)
	at org.junit.platform.launcher.core.EngineExecutionOrchestrator.execute(EngineExecutionOrchestrator.java:169)
	at org.junit.platform.launcher.core.EngineExecutionOrchestrator.execute(EngineExecutionOrchestrator.java:93)
	at org.junit.platform.launcher.core.EngineExecutionOrchestrator.lambda$execute$0(EngineExecutionOrchestrator.java:58)
	at org.junit.platform.launcher.core.EngineExecutionOrchestrator.withInterceptedStreams(EngineExecutionOrchestrator.java:141)
	at org.junit.platform.launcher.core.EngineExecutionOrchestrator.execute(EngineExecutionOrchestrator.java:57)
	at org.junit.platform.launcher.core.DefaultLauncher.execute(DefaultLauncher.java:103)
	at org.junit.platform.launcher.core.DefaultLauncher.execute(DefaultLauncher.java:85)
	at org.junit.platform.launcher.core.DelegatingLauncher.execute(DelegatingLauncher.java:47)
	at org.junit.platform.launcher.core.SessionPerRequestLauncher.execute(SessionPerRequestLauncher.java:63)
	at com.intellij.junit5.JUnit5IdeaTestRunner.startRunnerWithArgs(JUnit5IdeaTestRunner.java:57)
	at com.intellij.rt.junit.IdeaTestRunner$Repeater$1.execute(IdeaTestRunner.java:38)
	at com.intellij.rt.execution.junit.TestsRepeater.repeat(TestsRepeater.java:11)
	at com.intellij.rt.junit.IdeaTestRunner$Repeater.startRunnerWithArgs(IdeaTestRunner.java:35)
	at com.intellij.rt.junit.JUnitStarter.prepareStreamsAndStart(JUnitStarter.java:232)
	at com.intellij.rt.junit.JUnitStarter.main(JUnitStarter.java:55)
2025-02-14 12:56:12 [main] INFO  l.insoft.uztis.tests.utils.TestUtils - Screenshot moved to C:\Users\ingrida.zadorozniene\Desktop\Asm\UZTIS\UZTIS_tests\test-output\screenshots\20250214\125612693_testFillNewVUIApplicationFA().png
2025-02-14 12:58:17 [main] INFO  lt.insoft.uztis.tests.UztisPageTest - Navigated to https://uztisdev.asseco.lt/home
2025-02-14 12:58:17 [main] INFO  l.i.u.t.SubmittedApplicationsPageTest - Starting test:'testAddEvaluators'
2025-02-14 12:58:17 [main] DEBUG l.i.u.t.SubmittedApplicationsPageTest - User logged in with test credentials.
2025-02-14 12:58:18 [main] DEBUG l.i.u.t.SubmittedApplicationsPageTest - Opened 'Application Processing' menu.
2025-02-14 12:58:18 [main] DEBUG l.i.u.t.SubmittedApplicationsPageTest - Clicked on 'Application Forms' menu.
2025-02-14 12:58:18 [main] DEBUG l.i.u.t.SubmittedApplicationsPageTest - Retrieved last description code text: 'TST-VUI-00'.
2025-02-14 12:58:18 [main] DEBUG l.i.u.t.SubmittedApplicationsPageTest - Clicked on 'Invitation' menu.
2025-02-14 12:58:19 [main] DEBUG l.i.u.t.SubmittedApplicationsPageTest - Selected application section by code: 'TST-VUI-00'.
2025-02-14 12:58:19 [main] DEBUG l.i.u.t.SubmittedApplicationsPageTest - Clicked 'Search' button.
2025-02-14 12:58:19 [main] DEBUG l.i.u.t.SubmittedApplicationsPageTest - Retrieved invitation code: ''.
2025-02-14 12:58:20 [main] DEBUG l.i.u.t.SubmittedApplicationsPageTest - Clicked on 'Submitted Applications' menu.
2025-02-14 12:58:21 [main] DEBUG l.i.u.t.SubmittedApplicationsPageTest - Selected invitation by code: 'TST-VUI-00'.
2025-02-14 12:58:21 [main] DEBUG l.i.u.t.SubmittedApplicationsPageTest - Invitation code inserted.
2025-02-14 12:58:21 [main] DEBUG l.i.u.t.SubmittedApplicationsPageTest - Clicked on 'Action Application' button.
2025-02-14 12:58:21 [main] DEBUG l.i.u.t.SubmittedApplicationsPageTest - Clicked on 'Add Evaluators' button.
2025-02-14 12:58:21 [main] DEBUG l.i.u.t.SubmittedApplicationsPageTest - Entered first evaluation date.
2025-02-14 12:58:21 [main] DEBUG l.i.u.t.SubmittedApplicationsPageTest - Entered second evaluation date.
2025-02-14 12:58:22 [main] DEBUG l.i.u.t.SubmittedApplicationsPageTest - Entered third evaluation date.
2025-02-14 12:58:22 [main] DEBUG l.i.u.t.SubmittedApplicationsPageTest - Clicked on 'Add Evaluators' confirmation button.
2025-02-14 12:58:22 [main] DEBUG l.insoft.uztis.pages.InvitationsPage - Verified success message: 'Paraiškų vertinimai sėkmingai priskirti vertintojams.'
2025-02-14 12:58:22 [main] INFO  l.i.u.t.SubmittedApplicationsPageTest - Test 'testAddEvaluators' completed successfully.
2025-02-14 12:59:25 [main] INFO  lt.insoft.uztis.tests.UztisPageTest - Navigated to https://uztisdev.asseco.lt/home
2025-02-14 12:59:25 [main] INFO  l.i.uztis.tests.EvaluationsPageTest - Starting test:'testFillEvaluationOne'
2025-02-14 12:59:25 [main] INFO  l.i.uztis.tests.EvaluationsPageTest - Starting test:'testNavigateToEvaluationsPage'
2025-02-14 12:59:26 [main] DEBUG l.i.uztis.tests.EvaluationsPageTest - User logged in with test credentials
2025-02-14 12:59:26 [main] DEBUG l.i.uztis.tests.EvaluationsPageTest - Opened 'Application Processing' menu.
2025-02-14 12:59:26 [main] DEBUG l.i.uztis.tests.EvaluationsPageTest - Clicked on 'Evaluations' menu.
2025-02-14 12:59:26 [main] DEBUG l.i.uztis.tests.EvaluationsPageTest - Navigating to evaluations menu.
2025-02-14 12:59:26 [main] INFO  l.i.uztis.tests.EvaluationsPageTest - Test 'testNavigateToEvaluationsPage' completed successfully.
2025-02-14 12:59:27 [main] DEBUG l.i.uztis.tests.EvaluationsPageTest - Clicked on last evaluation.
2025-02-14 12:59:27 [main] DEBUG l.i.uztis.tests.EvaluationsPageTest - Clicked 'Edit'.
2025-02-14 12:59:31 [main] DEBUG l.i.uztis.tests.EvaluationsPageTest - Selected '1.1' radio button.
2025-02-14 12:59:33 [main] DEBUG l.i.uztis.tests.EvaluationsPageTest - Selected '1.2' radio button.
2025-02-14 12:59:35 [main] DEBUG l.i.uztis.tests.EvaluationsPageTest - Selected '1.3' radio button.
2025-02-14 12:59:36 [main] DEBUG l.i.uztis.tests.EvaluationsPageTest - Selected '1.4' radio button.
2025-02-14 12:59:37 [main] DEBUG l.i.uztis.tests.EvaluationsPageTest - Selected '1.5' radio button.
2025-02-14 12:59:38 [main] DEBUG l.i.uztis.tests.EvaluationsPageTest - Selected '2.1' radio button.
2025-02-14 12:59:39 [main] DEBUG l.i.uztis.tests.EvaluationsPageTest - Selected '3.1' radio button.
2025-02-14 12:59:41 [main] DEBUG l.i.uztis.tests.EvaluationsPageTest - Selected '4.2' radio button.
2025-02-14 12:59:41 [main] DEBUG l.i.uztis.tests.EvaluationsPageTest - Selected '5.1' radio button.
2025-02-14 12:59:42 [main] DEBUG l.i.uztis.tests.EvaluationsPageTest - Selected '5.2' radio button.
2025-02-14 12:59:42 [main] DEBUG l.i.uztis.tests.EvaluationsPageTest - Selected '6.1' radio button.
2025-02-14 12:59:42 [main] DEBUG l.i.uztis.tests.EvaluationsPageTest - Clicked on expansion panel 'Not Critical'.
2025-02-14 12:59:42 [main] DEBUG l.i.uztis.tests.EvaluationsPageTest - Selected '7' radio button.
2025-02-14 12:59:43 [main] DEBUG l.i.uztis.tests.EvaluationsPageTest - Selected '8_1' radio button.
2025-02-14 12:59:43 [main] DEBUG l.i.uztis.tests.EvaluationsPageTest - Selected '8_2' radio button.
2025-02-14 12:59:44 [main] DEBUG l.i.uztis.tests.EvaluationsPageTest - Selected '8_3' radio button.
2025-02-14 12:59:44 [main] DEBUG l.i.uztis.tests.EvaluationsPageTest - Selected '8_4' radio button.
2025-02-14 12:59:44 [main] DEBUG l.i.uztis.tests.EvaluationsPageTest - Selected '8_5' radio button.
2025-02-14 12:59:45 [main] DEBUG l.i.uztis.tests.EvaluationsPageTest - Selected '8_6' radio button.
2025-02-14 12:59:45 [main] DEBUG l.i.uztis.tests.EvaluationsPageTest - Selected '8_7' radio button.
2025-02-14 12:59:45 [main] DEBUG l.i.uztis.tests.EvaluationsPageTest - Selected '8_8' radio button.
2025-02-14 12:59:46 [main] DEBUG l.i.uztis.tests.EvaluationsPageTest - Selected '8_9' radio button.
2025-02-14 12:59:46 [main] DEBUG l.i.uztis.tests.EvaluationsPageTest - Selected '8_10' radio button.
2025-02-14 12:59:46 [main] DEBUG l.i.uztis.tests.EvaluationsPageTest - Selected '9' radio button.
2025-02-14 12:59:47 [main] DEBUG l.i.uztis.tests.EvaluationsPageTest - Selected '10.1' radio button.
2025-02-14 12:59:47 [main] DEBUG l.i.uztis.tests.EvaluationsPageTest - Selected '10.2' radio button.
2025-02-14 12:59:47 [main] DEBUG l.i.uztis.tests.EvaluationsPageTest - Selected '10.3' radio button.
2025-02-14 12:59:47 [main] INFO  l.i.uztis.tests.EvaluationsPageTest - Test 'testFillEvaluationOne' completed successfully.
2025-02-14 13:05:31 [main] INFO  lt.insoft.uztis.tests.UztisPageTest - Navigated to https://uztisdev.asseco.lt/home
2025-02-14 13:05:31 [main] INFO  l.i.uztis.tests.EvaluationsPageTest - Starting test:'testFillEvaluationTwo'
2025-02-14 13:05:31 [main] INFO  l.i.uztis.tests.EvaluationsPageTest - Starting test:'testNavigateToEvaluationsPage'
2025-02-14 13:05:31 [main] DEBUG l.i.uztis.tests.EvaluationsPageTest - User logged in with test credentials
2025-02-14 13:05:32 [main] DEBUG l.i.uztis.tests.EvaluationsPageTest - Opened 'Application Processing' menu.
2025-02-14 13:05:32 [main] DEBUG l.i.uztis.tests.EvaluationsPageTest - Clicked on 'Evaluations' menu.
2025-02-14 13:05:32 [main] DEBUG l.i.uztis.tests.EvaluationsPageTest - Navigating to evaluations menu.
2025-02-14 13:05:32 [main] INFO  l.i.uztis.tests.EvaluationsPageTest - Test 'testNavigateToEvaluationsPage' completed successfully.
2025-02-14 13:05:32 [main] DEBUG l.i.uztis.tests.EvaluationsPageTest - Clicked on last evaluation.
2025-02-14 13:05:32 [main] DEBUG l.i.uztis.tests.EvaluationsPageTest - Clicked 'Edit'.
2025-02-14 13:05:33 [main] DEBUG l.i.uztis.tests.EvaluationsPageTest - Entered commission date.
2025-02-14 13:05:33 [main] DEBUG l.i.uztis.tests.EvaluationsPageTest - Selected 'Without Commission' radio button.
2025-02-14 13:05:34 [main] DEBUG l.i.uztis.tests.EvaluationsPageTest - Entered chairman name: 'Pirmininkas Pirmininkauskas'.
2025-02-14 13:05:34 [main] DEBUG l.i.uztis.tests.EvaluationsPageTest - Entered member name: 'Narys Narauskas'.
2025-02-14 13:05:34 [main] DEBUG l.i.uztis.tests.EvaluationsPageTest - Clicked 'Continue'.
2025-02-14 13:05:34 [main] DEBUG l.i.uztis.tests.EvaluationsPageTest - Entered score edition: '9'.
2025-02-14 13:05:34 [main] DEBUG l.i.uztis.tests.EvaluationsPageTest - Entered chairman score: '10'.
2025-02-14 13:05:34 [main] DEBUG l.i.uztis.tests.EvaluationsPageTest - Entered member score: '11'.
2025-02-14 13:05:34 [main] INFO  l.i.uztis.tests.EvaluationsPageTest - Test 'testFillEvaluationTwo' completed successfully.
2025-02-14 13:07:45 [main] INFO  lt.insoft.uztis.tests.UztisPageTest - Navigated to https://uztisdev.asseco.lt/home
2025-02-14 13:07:45 [main] INFO  l.i.uztis.tests.EvaluationsPageTest - Starting test:'testFillEvaluationTwo'
2025-02-14 13:07:45 [main] INFO  l.i.uztis.tests.EvaluationsPageTest - Starting test:'testNavigateToEvaluationsPage'
2025-02-14 13:07:46 [main] DEBUG l.i.uztis.tests.EvaluationsPageTest - User logged in with test credentials
2025-02-14 13:07:46 [main] DEBUG l.i.uztis.tests.EvaluationsPageTest - Opened 'Application Processing' menu.
2025-02-14 13:07:46 [main] DEBUG l.i.uztis.tests.EvaluationsPageTest - Clicked on 'Evaluations' menu.
2025-02-14 13:07:46 [main] DEBUG l.i.uztis.tests.EvaluationsPageTest - Navigating to evaluations menu.
2025-02-14 13:07:46 [main] INFO  l.i.uztis.tests.EvaluationsPageTest - Test 'testNavigateToEvaluationsPage' completed successfully.
2025-02-14 13:07:47 [main] DEBUG l.i.uztis.tests.EvaluationsPageTest - Clicked on last evaluation.
2025-02-14 13:07:47 [main] DEBUG l.i.uztis.tests.EvaluationsPageTest - Clicked 'Edit'.
2025-02-14 13:07:48 [main] DEBUG l.i.uztis.tests.EvaluationsPageTest - Entered commission date.
2025-02-14 13:07:48 [main] DEBUG l.i.uztis.tests.EvaluationsPageTest - Selected 'Without Commission' radio button.
2025-02-14 13:07:48 [main] DEBUG l.i.uztis.tests.EvaluationsPageTest - Entered chairman name: 'Pirmininkas Pirmininkauskas'.
2025-02-14 13:07:48 [main] DEBUG l.i.uztis.tests.EvaluationsPageTest - Entered member name: 'Narys Narauskas'.
2025-02-14 13:07:48 [main] DEBUG l.i.uztis.tests.EvaluationsPageTest - Clicked 'Continue'.
2025-02-14 13:07:49 [main] DEBUG l.i.uztis.tests.EvaluationsPageTest - Entered score edition: '9'.
2025-02-14 13:07:49 [main] DEBUG l.i.uztis.tests.EvaluationsPageTest - Entered chairman score: '10'.
2025-02-14 13:07:49 [main] DEBUG l.i.uztis.tests.EvaluationsPageTest - Entered member score: '11'.
2025-02-14 13:07:49 [main] DEBUG l.i.uztis.tests.EvaluationsPageTest - Entered conclusion: 'Išvada - palanki'.
2025-02-14 13:07:49 [main] DEBUG l.i.uztis.tests.EvaluationsPageTest - Clicked 'Confirm'.
2025-02-14 13:07:59 [main] ERROR l.i.uztis.tests.EvaluationsPageTest - Test 'testFillEvaluationTwo' failed with error: no such element: Unable to locate element: {"method":"css selector","selector":".reverse-mobile .ng-star-inserted:nth-of-type(2)"}
  (Session info: chrome=132.0.6834.197)
For documentation on this error, please visit: https://www.selenium.dev/documentation/webdriver/troubleshooting/errors#no-such-element-exception
Build info: version: '4.27.0', revision: 'd6e718d134'
System info: os.name: 'Windows 11', os.arch: 'amd64', os.version: '10.0', java.version: '21.0.3'
Driver info: org.openqa.selenium.chrome.ChromeDriver
Command: [1b9ab2c047efa0fce92197281eea210d, findElement {using=css selector, value=.reverse-mobile .ng-star-inserted:nth-of-type(2)}]
Capabilities {acceptInsecureCerts: false, browserName: chrome, browserVersion: 132.0.6834.197, chrome: {chromedriverVersion: 132.0.6834.159 (2d77d3fc445..., userDataDir: C:\Users\INGRID~1.ZAD\AppDa...}, fedcm:accounts: true, goog:chromeOptions: {debuggerAddress: localhost:55903}, networkConnectionEnabled: false, pageLoadStrategy: normal, platformName: windows, proxy: Proxy(), se:cdp: ws://localhost:55903/devtoo..., se:cdpVersion: 132.0.6834.197, setWindowRect: true, strictFileInteractability: false, timeouts: {implicit: 0, pageLoad: 300000, script: 30000}, unhandledPromptBehavior: dismiss and notify, webauthn:extension:credBlob: true, webauthn:extension:largeBlob: true, webauthn:extension:minPinLength: true, webauthn:extension:prf: true, webauthn:virtualAuthenticators: true}
Session ID: 1b9ab2c047efa0fce92197281eea210d
org.openqa.selenium.NoSuchElementException: no such element: Unable to locate element: {"method":"css selector","selector":".reverse-mobile .ng-star-inserted:nth-of-type(2)"}
  (Session info: chrome=132.0.6834.197)
For documentation on this error, please visit: https://www.selenium.dev/documentation/webdriver/troubleshooting/errors#no-such-element-exception
Build info: version: '4.27.0', revision: 'd6e718d134'
System info: os.name: 'Windows 11', os.arch: 'amd64', os.version: '10.0', java.version: '21.0.3'
Driver info: org.openqa.selenium.chrome.ChromeDriver
Command: [1b9ab2c047efa0fce92197281eea210d, findElement {using=css selector, value=.reverse-mobile .ng-star-inserted:nth-of-type(2)}]
Capabilities {acceptInsecureCerts: false, browserName: chrome, browserVersion: 132.0.6834.197, chrome: {chromedriverVersion: 132.0.6834.159 (2d77d3fc445..., userDataDir: C:\Users\INGRID~1.ZAD\AppDa...}, fedcm:accounts: true, goog:chromeOptions: {debuggerAddress: localhost:55903}, networkConnectionEnabled: false, pageLoadStrategy: normal, platformName: windows, proxy: Proxy(), se:cdp: ws://localhost:55903/devtoo..., se:cdpVersion: 132.0.6834.197, setWindowRect: true, strictFileInteractability: false, timeouts: {implicit: 0, pageLoad: 300000, script: 30000}, unhandledPromptBehavior: dismiss and notify, webauthn:extension:credBlob: true, webauthn:extension:largeBlob: true, webauthn:extension:minPinLength: true, webauthn:extension:prf: true, webauthn:virtualAuthenticators: true}
Session ID: 1b9ab2c047efa0fce92197281eea210d
	at java.base/jdk.internal.reflect.DirectConstructorHandleAccessor.newInstance(DirectConstructorHandleAccessor.java:62)
	at java.base/java.lang.reflect.Constructor.newInstanceWithCaller(Constructor.java:502)
	at java.base/java.lang.reflect.Constructor.newInstance(Constructor.java:486)
	at org.openqa.selenium.remote.ErrorCodec.decode(ErrorCodec.java:167)
	at org.openqa.selenium.remote.codec.w3c.W3CHttpResponseCodec.decode(W3CHttpResponseCodec.java:138)
	at org.openqa.selenium.remote.codec.w3c.W3CHttpResponseCodec.decode(W3CHttpResponseCodec.java:50)
	at org.openqa.selenium.remote.HttpCommandExecutor.execute(HttpCommandExecutor.java:190)
	at org.openqa.selenium.remote.service.DriverCommandExecutor.invokeExecute(DriverCommandExecutor.java:216)
	at org.openqa.selenium.remote.service.DriverCommandExecutor.execute(DriverCommandExecutor.java:174)
	at org.openqa.selenium.remote.RemoteWebDriver.execute(RemoteWebDriver.java:545)
	at org.openqa.selenium.remote.ElementLocation$ElementFinder$2.findElement(ElementLocation.java:165)
	at org.openqa.selenium.remote.ElementLocation.findElement(ElementLocation.java:59)
	at org.openqa.selenium.remote.RemoteWebDriver.findElement(RemoteWebDriver.java:368)
	at org.openqa.selenium.remote.RemoteWebDriver.findElement(RemoteWebDriver.java:362)
	at org.openqa.selenium.support.pagefactory.DefaultElementLocator.findElement(DefaultElementLocator.java:68)
	at org.openqa.selenium.support.pagefactory.internal.LocatingElementHandler.invoke(LocatingElementHandler.java:38)
	at jdk.proxy2/jdk.proxy2.$Proxy14.click(Unknown Source)
	at lt.insoft.uztis.pages.EvaluationsPage.clickButtonConfirmConfirmation(EvaluationsPage.java:236)
	at lt.insoft.uztis.tests.EvaluationsPageTest.testFillEvaluationTwo(EvaluationsPageTest.java:223)
	at java.base/jdk.internal.reflect.DirectMethodHandleAccessor.invoke(DirectMethodHandleAccessor.java:103)
	at java.base/java.lang.reflect.Method.invoke(Method.java:580)
	at org.junit.platform.commons.util.ReflectionUtils.invokeMethod(ReflectionUtils.java:728)
	at org.junit.jupiter.engine.execution.MethodInvocation.proceed(MethodInvocation.java:60)
	at org.junit.jupiter.engine.execution.InvocationInterceptorChain$ValidatingInvocation.proceed(InvocationInterceptorChain.java:131)
	at org.junit.jupiter.engine.extension.TimeoutExtension.intercept(TimeoutExtension.java:156)
	at org.junit.jupiter.engine.extension.TimeoutExtension.interceptTestableMethod(TimeoutExtension.java:147)
	at org.junit.jupiter.engine.extension.TimeoutExtension.interceptTestMethod(TimeoutExtension.java:86)
	at org.junit.jupiter.engine.execution.InterceptingExecutableInvoker$ReflectiveInterceptorCall.lambda$ofVoidMethod$0(InterceptingExecutableInvoker.java:103)
	at org.junit.jupiter.engine.execution.InterceptingExecutableInvoker.lambda$invoke$0(InterceptingExecutableInvoker.java:93)
	at org.junit.jupiter.engine.execution.InvocationInterceptorChain$InterceptedInvocation.proceed(InvocationInterceptorChain.java:106)
	at org.junit.jupiter.engine.execution.InvocationInterceptorChain.proceed(InvocationInterceptorChain.java:64)
	at org.junit.jupiter.engine.execution.InvocationInterceptorChain.chainAndInvoke(InvocationInterceptorChain.java:45)
	at org.junit.jupiter.engine.execution.InvocationInterceptorChain.invoke(InvocationInterceptorChain.java:37)
	at org.junit.jupiter.engine.execution.InterceptingExecutableInvoker.invoke(InterceptingExecutableInvoker.java:92)
	at org.junit.jupiter.engine.execution.InterceptingExecutableInvoker.invoke(InterceptingExecutableInvoker.java:86)
	at org.junit.jupiter.engine.descriptor.TestMethodTestDescriptor.lambda$invokeTestMethod$7(TestMethodTestDescriptor.java:218)
	at org.junit.platform.engine.support.hierarchical.ThrowableCollector.execute(ThrowableCollector.java:73)
	at org.junit.jupiter.engine.descriptor.TestMethodTestDescriptor.invokeTestMethod(TestMethodTestDescriptor.java:214)
	at org.junit.jupiter.engine.descriptor.TestMethodTestDescriptor.execute(TestMethodTestDescriptor.java:139)
	at org.junit.jupiter.engine.descriptor.TestMethodTestDescriptor.execute(TestMethodTestDescriptor.java:69)
	at org.junit.platform.engine.support.hierarchical.NodeTestTask.lambda$executeRecursively$6(NodeTestTask.java:151)
	at org.junit.platform.engine.support.hierarchical.ThrowableCollector.execute(ThrowableCollector.java:73)
	at org.junit.platform.engine.support.hierarchical.NodeTestTask.lambda$executeRecursively$8(NodeTestTask.java:141)
	at org.junit.platform.engine.support.hierarchical.Node.around(Node.java:137)
	at org.junit.platform.engine.support.hierarchical.NodeTestTask.lambda$executeRecursively$9(NodeTestTask.java:139)
	at org.junit.platform.engine.support.hierarchical.ThrowableCollector.execute(ThrowableCollector.java:73)
	at org.junit.platform.engine.support.hierarchical.NodeTestTask.executeRecursively(NodeTestTask.java:138)
	at org.junit.platform.engine.support.hierarchical.NodeTestTask.execute(NodeTestTask.java:95)
	at java.base/java.util.ArrayList.forEach(ArrayList.java:1596)
	at org.junit.platform.engine.support.hierarchical.SameThreadHierarchicalTestExecutorService.invokeAll(SameThreadHierarchicalTestExecutorService.java:41)
	at org.junit.platform.engine.support.hierarchical.NodeTestTask.lambda$executeRecursively$6(NodeTestTask.java:155)
	at org.junit.platform.engine.support.hierarchical.ThrowableCollector.execute(ThrowableCollector.java:73)
	at org.junit.platform.engine.support.hierarchical.NodeTestTask.lambda$executeRecursively$8(NodeTestTask.java:141)
	at org.junit.platform.engine.support.hierarchical.Node.around(Node.java:137)
	at org.junit.platform.engine.support.hierarchical.NodeTestTask.lambda$executeRecursively$9(NodeTestTask.java:139)
	at org.junit.platform.engine.support.hierarchical.ThrowableCollector.execute(ThrowableCollector.java:73)
	at org.junit.platform.engine.support.hierarchical.NodeTestTask.executeRecursively(NodeTestTask.java:138)
	at org.junit.platform.engine.support.hierarchical.NodeTestTask.execute(NodeTestTask.java:95)
	at java.base/java.util.ArrayList.forEach(ArrayList.java:1596)
	at org.junit.platform.engine.support.hierarchical.SameThreadHierarchicalTestExecutorService.invokeAll(SameThreadHierarchicalTestExecutorService.java:41)
	at org.junit.platform.engine.support.hierarchical.NodeTestTask.lambda$executeRecursively$6(NodeTestTask.java:155)
	at org.junit.platform.engine.support.hierarchical.ThrowableCollector.execute(ThrowableCollector.java:73)
	at org.junit.platform.engine.support.hierarchical.NodeTestTask.lambda$executeRecursively$8(NodeTestTask.java:141)
	at org.junit.platform.engine.support.hierarchical.Node.around(Node.java:137)
	at org.junit.platform.engine.support.hierarchical.NodeTestTask.lambda$executeRecursively$9(NodeTestTask.java:139)
	at org.junit.platform.engine.support.hierarchical.ThrowableCollector.execute(ThrowableCollector.java:73)
	at org.junit.platform.engine.support.hierarchical.NodeTestTask.executeRecursively(NodeTestTask.java:138)
	at org.junit.platform.engine.support.hierarchical.NodeTestTask.execute(NodeTestTask.java:95)
	at org.junit.platform.engine.support.hierarchical.SameThreadHierarchicalTestExecutorService.submit(SameThreadHierarchicalTestExecutorService.java:35)
	at org.junit.platform.engine.support.hierarchical.HierarchicalTestExecutor.execute(HierarchicalTestExecutor.java:57)
	at org.junit.platform.engine.support.hierarchical.HierarchicalTestEngine.execute(HierarchicalTestEngine.java:54)
	at org.junit.platform.launcher.core.EngineExecutionOrchestrator.execute(EngineExecutionOrchestrator.java:198)
	at org.junit.platform.launcher.core.EngineExecutionOrchestrator.execute(EngineExecutionOrchestrator.java:169)
	at org.junit.platform.launcher.core.EngineExecutionOrchestrator.execute(EngineExecutionOrchestrator.java:93)
	at org.junit.platform.launcher.core.EngineExecutionOrchestrator.lambda$execute$0(EngineExecutionOrchestrator.java:58)
	at org.junit.platform.launcher.core.EngineExecutionOrchestrator.withInterceptedStreams(EngineExecutionOrchestrator.java:141)
	at org.junit.platform.launcher.core.EngineExecutionOrchestrator.execute(EngineExecutionOrchestrator.java:57)
	at org.junit.platform.launcher.core.DefaultLauncher.execute(DefaultLauncher.java:103)
	at org.junit.platform.launcher.core.DefaultLauncher.execute(DefaultLauncher.java:85)
	at org.junit.platform.launcher.core.DelegatingLauncher.execute(DelegatingLauncher.java:47)
	at org.junit.platform.launcher.core.SessionPerRequestLauncher.execute(SessionPerRequestLauncher.java:63)
	at com.intellij.junit5.JUnit5IdeaTestRunner.startRunnerWithArgs(JUnit5IdeaTestRunner.java:57)
	at com.intellij.rt.junit.IdeaTestRunner$Repeater$1.execute(IdeaTestRunner.java:38)
	at com.intellij.rt.execution.junit.TestsRepeater.repeat(TestsRepeater.java:11)
	at com.intellij.rt.junit.IdeaTestRunner$Repeater.startRunnerWithArgs(IdeaTestRunner.java:35)
	at com.intellij.rt.junit.JUnitStarter.prepareStreamsAndStart(JUnitStarter.java:232)
	at com.intellij.rt.junit.JUnitStarter.main(JUnitStarter.java:55)
2025-02-14 13:07:59 [main] INFO  l.insoft.uztis.tests.utils.TestUtils - Screenshot moved to C:\Users\ingrida.zadorozniene\Desktop\Asm\UZTIS\UZTIS_tests\test-output\screenshots\20250214\130759933_testFillEvaluationTwo().png
2025-02-14 13:09:01 [main] INFO  lt.insoft.uztis.tests.UztisPageTest - Navigated to https://uztisdev.asseco.lt/home
2025-02-14 13:09:01 [main] INFO  l.i.uztis.tests.EvaluationsPageTest - Starting test:'testFillEvaluationTwo'
2025-02-14 13:09:01 [main] INFO  l.i.uztis.tests.EvaluationsPageTest - Starting test:'testNavigateToEvaluationsPage'
2025-02-14 13:09:02 [main] DEBUG l.i.uztis.tests.EvaluationsPageTest - User logged in with test credentials
2025-02-14 13:09:02 [main] DEBUG l.i.uztis.tests.EvaluationsPageTest - Opened 'Application Processing' menu.
2025-02-14 13:09:02 [main] DEBUG l.i.uztis.tests.EvaluationsPageTest - Clicked on 'Evaluations' menu.
2025-02-14 13:09:02 [main] DEBUG l.i.uztis.tests.EvaluationsPageTest - Navigating to evaluations menu.
2025-02-14 13:09:02 [main] INFO  l.i.uztis.tests.EvaluationsPageTest - Test 'testNavigateToEvaluationsPage' completed successfully.
2025-02-14 13:09:03 [main] DEBUG l.i.uztis.tests.EvaluationsPageTest - Clicked on last evaluation.
2025-02-14 13:09:03 [main] DEBUG l.i.uztis.tests.EvaluationsPageTest - Clicked 'Edit'.
2025-02-14 13:09:04 [main] DEBUG l.i.uztis.tests.EvaluationsPageTest - Entered commission date.
2025-02-14 13:09:04 [main] DEBUG l.i.uztis.tests.EvaluationsPageTest - Selected 'Without Commission' radio button.
2025-02-14 13:09:04 [main] DEBUG l.i.uztis.tests.EvaluationsPageTest - Entered chairman name: 'Pirmininkas Pirmininkauskas'.
2025-02-14 13:09:05 [main] DEBUG l.i.uztis.tests.EvaluationsPageTest - Entered member name: 'Narys Narauskas'.
2025-02-14 13:09:05 [main] DEBUG l.i.uztis.tests.EvaluationsPageTest - Clicked 'Continue'.
2025-02-14 13:09:05 [main] DEBUG l.i.uztis.tests.EvaluationsPageTest - Entered score edition: '9'.
2025-02-14 13:09:05 [main] DEBUG l.i.uztis.tests.EvaluationsPageTest - Entered chairman score: '10'.
2025-02-14 13:09:05 [main] DEBUG l.i.uztis.tests.EvaluationsPageTest - Entered member score: '11'.
2025-02-14 13:09:05 [main] DEBUG l.i.uztis.tests.EvaluationsPageTest - Entered conclusion: 'Išvada - palanki'.
2025-02-14 13:09:06 [main] DEBUG l.i.uztis.tests.EvaluationsPageTest - Clicked 'Confirm'.
2025-02-14 13:09:06 [main] INFO  l.i.uztis.tests.EvaluationsPageTest - Test 'testFillEvaluationTwo' completed successfully.
2025-02-14 13:14:00 [main] INFO  lt.insoft.uztis.tests.UztisPageTest - Navigated to https://uztisdev.asseco.lt/home
2025-02-14 13:14:00 [main] INFO  l.i.uztis.tests.EvaluationsPageTest - Starting test:'testFillEvaluationTwo'
2025-02-14 13:14:00 [main] INFO  l.i.uztis.tests.EvaluationsPageTest - Starting test:'testNavigateToEvaluationsPage'
2025-02-14 13:14:01 [main] DEBUG l.i.uztis.tests.EvaluationsPageTest - User logged in with test credentials
2025-02-14 13:14:01 [main] DEBUG l.i.uztis.tests.EvaluationsPageTest - Opened 'Application Processing' menu.
2025-02-14 13:14:01 [main] DEBUG l.i.uztis.tests.EvaluationsPageTest - Clicked on 'Evaluations' menu.
2025-02-14 13:14:01 [main] DEBUG l.i.uztis.tests.EvaluationsPageTest - Navigating to evaluations menu.
2025-02-14 13:14:01 [main] INFO  l.i.uztis.tests.EvaluationsPageTest - Test 'testNavigateToEvaluationsPage' completed successfully.
2025-02-14 13:14:02 [main] DEBUG l.i.uztis.tests.EvaluationsPageTest - Clicked on last evaluation.
2025-02-14 13:14:02 [main] DEBUG l.i.uztis.tests.EvaluationsPageTest - Clicked 'Edit'.
2025-02-14 13:14:03 [main] DEBUG l.i.uztis.tests.EvaluationsPageTest - Entered commission date.
2025-02-14 13:14:03 [main] DEBUG l.i.uztis.tests.EvaluationsPageTest - Selected 'Without Commission' radio button.
2025-02-14 13:14:03 [main] DEBUG l.i.uztis.tests.EvaluationsPageTest - Entered chairman name: 'Pirmininkas Pirmininkauskas'.
2025-02-14 13:14:03 [main] DEBUG l.i.uztis.tests.EvaluationsPageTest - Entered member name: 'Narys Narauskas'.
2025-02-14 13:14:04 [main] DEBUG l.i.uztis.tests.EvaluationsPageTest - Clicked 'Continue'.
2025-02-14 13:14:13 [main] ERROR l.i.uztis.tests.EvaluationsPageTest - Test 'testFillEvaluationTwo' failed with error: Error communicating with the remote browser. It may have died.
Build info: version: '4.27.0', revision: 'd6e718d134'
System info: os.name: 'Windows 11', os.arch: 'amd64', os.version: '10.0', java.version: '21.0.3'
Driver info: org.openqa.selenium.chrome.ChromeDriver
Command: [b2891a8b1851bd0c1f8078270f6e9d55, clearElement [id]]
Capabilities {acceptInsecureCerts: false, browserName: chrome, browserVersion: 132.0.6834.197, chrome: {chromedriverVersion: 132.0.6834.159 (2d77d3fc445..., userDataDir: C:\Users\INGRID~1.ZAD\AppDa...}, fedcm:accounts: true, goog:chromeOptions: {debuggerAddress: localhost:56143}, networkConnectionEnabled: false, pageLoadStrategy: normal, platformName: windows, proxy: Proxy(), se:cdp: ws://localhost:56143/devtoo..., se:cdpVersion: 132.0.6834.197, setWindowRect: true, strictFileInteractability: false, timeouts: {implicit: 0, pageLoad: 300000, script: 30000}, unhandledPromptBehavior: dismiss and notify, webauthn:extension:credBlob: true, webauthn:extension:largeBlob: true, webauthn:extension:minPinLength: true, webauthn:extension:prf: true, webauthn:virtualAuthenticators: true}
Element: [[ChromeDriver: chrome on windows (b2891a8b1851bd0c1f8078270f6e9d55)] -> xpath: //label[contains(., 'Balas')]/following::input[1]]
Session ID: b2891a8b1851bd0c1f8078270f6e9d55
org.openqa.selenium.remote.UnreachableBrowserException: Error communicating with the remote browser. It may have died.
Build info: version: '4.27.0', revision: 'd6e718d134'
System info: os.name: 'Windows 11', os.arch: 'amd64', os.version: '10.0', java.version: '21.0.3'
Driver info: org.openqa.selenium.chrome.ChromeDriver
Command: [b2891a8b1851bd0c1f8078270f6e9d55, clearElement [id]]
Capabilities {acceptInsecureCerts: false, browserName: chrome, browserVersion: 132.0.6834.197, chrome: {chromedriverVersion: 132.0.6834.159 (2d77d3fc445..., userDataDir: C:\Users\INGRID~1.ZAD\AppDa...}, fedcm:accounts: true, goog:chromeOptions: {debuggerAddress: localhost:56143}, networkConnectionEnabled: false, pageLoadStrategy: normal, platformName: windows, proxy: Proxy(), se:cdp: ws://localhost:56143/devtoo..., se:cdpVersion: 132.0.6834.197, setWindowRect: true, strictFileInteractability: false, timeouts: {implicit: 0, pageLoad: 300000, script: 30000}, unhandledPromptBehavior: dismiss and notify, webauthn:extension:credBlob: true, webauthn:extension:largeBlob: true, webauthn:extension:minPinLength: true, webauthn:extension:prf: true, webauthn:virtualAuthenticators: true}
Element: [[ChromeDriver: chrome on windows (b2891a8b1851bd0c1f8078270f6e9d55)] -> xpath: //label[contains(., 'Balas')]/following::input[1]]
Session ID: b2891a8b1851bd0c1f8078270f6e9d55
	at org.openqa.selenium.remote.RemoteWebDriver.execute(RemoteWebDriver.java:572)
	at org.openqa.selenium.remote.RemoteWebElement.execute(RemoteWebElement.java:223)
	at org.openqa.selenium.remote.RemoteWebElement.clear(RemoteWebElement.java:129)
	at java.base/jdk.internal.reflect.DirectMethodHandleAccessor.invoke(DirectMethodHandleAccessor.java:103)
	at java.base/java.lang.reflect.Method.invoke(Method.java:580)
	at org.openqa.selenium.support.pagefactory.internal.LocatingElementHandler.invoke(LocatingElementHandler.java:51)
	at jdk.proxy2/jdk.proxy2.$Proxy14.clear(Unknown Source)
	at lt.insoft.uztis.pages.EvaluationsPage.enterScoreEdition(EvaluationsPage.java:450)
	at lt.insoft.uztis.tests.EvaluationsPageTest.testFillEvaluationTwo(EvaluationsPageTest.java:205)
	at java.base/jdk.internal.reflect.DirectMethodHandleAccessor.invoke(DirectMethodHandleAccessor.java:103)
	at java.base/java.lang.reflect.Method.invoke(Method.java:580)
	at org.junit.platform.commons.util.ReflectionUtils.invokeMethod(ReflectionUtils.java:728)
	at org.junit.jupiter.engine.execution.MethodInvocation.proceed(MethodInvocation.java:60)
	at org.junit.jupiter.engine.execution.InvocationInterceptorChain$ValidatingInvocation.proceed(InvocationInterceptorChain.java:131)
	at org.junit.jupiter.engine.extension.TimeoutExtension.intercept(TimeoutExtension.java:156)
	at org.junit.jupiter.engine.extension.TimeoutExtension.interceptTestableMethod(TimeoutExtension.java:147)
	at org.junit.jupiter.engine.extension.TimeoutExtension.interceptTestMethod(TimeoutExtension.java:86)
	at org.junit.jupiter.engine.execution.InterceptingExecutableInvoker$ReflectiveInterceptorCall.lambda$ofVoidMethod$0(InterceptingExecutableInvoker.java:103)
	at org.junit.jupiter.engine.execution.InterceptingExecutableInvoker.lambda$invoke$0(InterceptingExecutableInvoker.java:93)
	at org.junit.jupiter.engine.execution.InvocationInterceptorChain$InterceptedInvocation.proceed(InvocationInterceptorChain.java:106)
	at org.junit.jupiter.engine.execution.InvocationInterceptorChain.proceed(InvocationInterceptorChain.java:64)
	at org.junit.jupiter.engine.execution.InvocationInterceptorChain.chainAndInvoke(InvocationInterceptorChain.java:45)
	at org.junit.jupiter.engine.execution.InvocationInterceptorChain.invoke(InvocationInterceptorChain.java:37)
	at org.junit.jupiter.engine.execution.InterceptingExecutableInvoker.invoke(InterceptingExecutableInvoker.java:92)
	at org.junit.jupiter.engine.execution.InterceptingExecutableInvoker.invoke(InterceptingExecutableInvoker.java:86)
	at org.junit.jupiter.engine.descriptor.TestMethodTestDescriptor.lambda$invokeTestMethod$7(TestMethodTestDescriptor.java:218)
	at org.junit.platform.engine.support.hierarchical.ThrowableCollector.execute(ThrowableCollector.java:73)
	at org.junit.jupiter.engine.descriptor.TestMethodTestDescriptor.invokeTestMethod(TestMethodTestDescriptor.java:214)
	at org.junit.jupiter.engine.descriptor.TestMethodTestDescriptor.execute(TestMethodTestDescriptor.java:139)
	at org.junit.jupiter.engine.descriptor.TestMethodTestDescriptor.execute(TestMethodTestDescriptor.java:69)
	at org.junit.platform.engine.support.hierarchical.NodeTestTask.lambda$executeRecursively$6(NodeTestTask.java:151)
	at org.junit.platform.engine.support.hierarchical.ThrowableCollector.execute(ThrowableCollector.java:73)
	at org.junit.platform.engine.support.hierarchical.NodeTestTask.lambda$executeRecursively$8(NodeTestTask.java:141)
	at org.junit.platform.engine.support.hierarchical.Node.around(Node.java:137)
	at org.junit.platform.engine.support.hierarchical.NodeTestTask.lambda$executeRecursively$9(NodeTestTask.java:139)
	at org.junit.platform.engine.support.hierarchical.ThrowableCollector.execute(ThrowableCollector.java:73)
	at org.junit.platform.engine.support.hierarchical.NodeTestTask.executeRecursively(NodeTestTask.java:138)
	at org.junit.platform.engine.support.hierarchical.NodeTestTask.execute(NodeTestTask.java:95)
	at java.base/java.util.ArrayList.forEach(ArrayList.java:1596)
	at org.junit.platform.engine.support.hierarchical.SameThreadHierarchicalTestExecutorService.invokeAll(SameThreadHierarchicalTestExecutorService.java:41)
	at org.junit.platform.engine.support.hierarchical.NodeTestTask.lambda$executeRecursively$6(NodeTestTask.java:155)
	at org.junit.platform.engine.support.hierarchical.ThrowableCollector.execute(ThrowableCollector.java:73)
	at org.junit.platform.engine.support.hierarchical.NodeTestTask.lambda$executeRecursively$8(NodeTestTask.java:141)
	at org.junit.platform.engine.support.hierarchical.Node.around(Node.java:137)
	at org.junit.platform.engine.support.hierarchical.NodeTestTask.lambda$executeRecursively$9(NodeTestTask.java:139)
	at org.junit.platform.engine.support.hierarchical.ThrowableCollector.execute(ThrowableCollector.java:73)
	at org.junit.platform.engine.support.hierarchical.NodeTestTask.executeRecursively(NodeTestTask.java:138)
	at org.junit.platform.engine.support.hierarchical.NodeTestTask.execute(NodeTestTask.java:95)
	at java.base/java.util.ArrayList.forEach(ArrayList.java:1596)
	at org.junit.platform.engine.support.hierarchical.SameThreadHierarchicalTestExecutorService.invokeAll(SameThreadHierarchicalTestExecutorService.java:41)
	at org.junit.platform.engine.support.hierarchical.NodeTestTask.lambda$executeRecursively$6(NodeTestTask.java:155)
	at org.junit.platform.engine.support.hierarchical.ThrowableCollector.execute(ThrowableCollector.java:73)
	at org.junit.platform.engine.support.hierarchical.NodeTestTask.lambda$executeRecursively$8(NodeTestTask.java:141)
	at org.junit.platform.engine.support.hierarchical.Node.around(Node.java:137)
	at org.junit.platform.engine.support.hierarchical.NodeTestTask.lambda$executeRecursively$9(NodeTestTask.java:139)
	at org.junit.platform.engine.support.hierarchical.ThrowableCollector.execute(ThrowableCollector.java:73)
	at org.junit.platform.engine.support.hierarchical.NodeTestTask.executeRecursively(NodeTestTask.java:138)
	at org.junit.platform.engine.support.hierarchical.NodeTestTask.execute(NodeTestTask.java:95)
	at org.junit.platform.engine.support.hierarchical.SameThreadHierarchicalTestExecutorService.submit(SameThreadHierarchicalTestExecutorService.java:35)
	at org.junit.platform.engine.support.hierarchical.HierarchicalTestExecutor.execute(HierarchicalTestExecutor.java:57)
	at org.junit.platform.engine.support.hierarchical.HierarchicalTestEngine.execute(HierarchicalTestEngine.java:54)
	at org.junit.platform.launcher.core.EngineExecutionOrchestrator.execute(EngineExecutionOrchestrator.java:198)
	at org.junit.platform.launcher.core.EngineExecutionOrchestrator.execute(EngineExecutionOrchestrator.java:169)
	at org.junit.platform.launcher.core.EngineExecutionOrchestrator.execute(EngineExecutionOrchestrator.java:93)
	at org.junit.platform.launcher.core.EngineExecutionOrchestrator.lambda$execute$0(EngineExecutionOrchestrator.java:58)
	at org.junit.platform.launcher.core.EngineExecutionOrchestrator.withInterceptedStreams(EngineExecutionOrchestrator.java:141)
	at org.junit.platform.launcher.core.EngineExecutionOrchestrator.execute(EngineExecutionOrchestrator.java:57)
	at org.junit.platform.launcher.core.DefaultLauncher.execute(DefaultLauncher.java:103)
	at org.junit.platform.launcher.core.DefaultLauncher.execute(DefaultLauncher.java:85)
	at org.junit.platform.launcher.core.DelegatingLauncher.execute(DelegatingLauncher.java:47)
	at org.junit.platform.launcher.core.SessionPerRequestLauncher.execute(SessionPerRequestLauncher.java:63)
	at com.intellij.junit5.JUnit5IdeaTestRunner.startRunnerWithArgs(JUnit5IdeaTestRunner.java:57)
	at com.intellij.rt.junit.IdeaTestRunner$Repeater$1.execute(IdeaTestRunner.java:38)
	at com.intellij.rt.execution.junit.TestsRepeater.repeat(TestsRepeater.java:11)
	at com.intellij.rt.junit.IdeaTestRunner$Repeater.startRunnerWithArgs(IdeaTestRunner.java:35)
	at com.intellij.rt.junit.JUnitStarter.prepareStreamsAndStart(JUnitStarter.java:232)
	at com.intellij.rt.junit.JUnitStarter.main(JUnitStarter.java:55)
Caused by: java.io.UncheckedIOException: java.io.IOException: HTTP/1.1 header parser received no bytes
	at org.openqa.selenium.remote.http.jdk.JdkHttpClient.execute0(JdkHttpClient.java:496)
	at org.openqa.selenium.remote.http.AddSeleniumUserAgent.lambda$apply$0(AddSeleniumUserAgent.java:42)
	at org.openqa.selenium.remote.http.Filter.lambda$andFinally$1(Filter.java:55)
	at org.openqa.selenium.remote.http.jdk.JdkHttpClient.lambda$executeAsync$1(JdkHttpClient.java:383)
	at java.base/java.util.concurrent.Executors$RunnableAdapter.call(Executors.java:572)
	at java.base/java.util.concurrent.FutureTask.run(FutureTask.java:317)
	at java.base/java.util.concurrent.ThreadPoolExecutor.runWorker(ThreadPoolExecutor.java:1144)
	at java.base/java.util.concurrent.ThreadPoolExecutor$Worker.run(ThreadPoolExecutor.java:642)
	at java.base/java.lang.Thread.run(Thread.java:1583)
Caused by: java.io.IOException: HTTP/1.1 header parser received no bytes
	at java.net.http/jdk.internal.net.http.HttpClientImpl.send(HttpClientImpl.java:964)
	at java.net.http/jdk.internal.net.http.HttpClientFacade.send(HttpClientFacade.java:133)
	at org.openqa.selenium.remote.http.jdk.JdkHttpClient.execute0(JdkHttpClient.java:455)
	... 8 common frames omitted
Caused by: java.io.IOException: HTTP/1.1 header parser received no bytes
	at java.net.http/jdk.internal.net.http.common.Utils.wrapWithExtraDetail(Utils.java:388)
	at java.net.http/jdk.internal.net.http.Http1Response$HeadersReader.onReadError(Http1Response.java:590)
	at java.net.http/jdk.internal.net.http.Http1AsyncReceiver.checkForErrors(Http1AsyncReceiver.java:302)
	at java.net.http/jdk.internal.net.http.Http1AsyncReceiver.flush(Http1AsyncReceiver.java:268)
	at java.net.http/jdk.internal.net.http.common.SequentialScheduler$LockingRestartableTask.run(SequentialScheduler.java:182)
	at java.net.http/jdk.internal.net.http.common.SequentialScheduler$CompleteRestartableTask.run(SequentialScheduler.java:149)
	at java.net.http/jdk.internal.net.http.common.SequentialScheduler$SchedulableTask.run(SequentialScheduler.java:207)
	... 3 common frames omitted
Caused by: java.net.SocketException: Connection reset
	at java.base/sun.nio.ch.SocketChannelImpl.throwConnectionReset(SocketChannelImpl.java:401)
	at java.base/sun.nio.ch.SocketChannelImpl.read(SocketChannelImpl.java:434)
	at java.net.http/jdk.internal.net.http.SocketTube.readAvailable(SocketTube.java:1178)
	at java.net.http/jdk.internal.net.http.SocketTube$InternalReadPublisher$InternalReadSubscription.read(SocketTube.java:841)
	at java.net.http/jdk.internal.net.http.SocketTube$SocketFlowTask.run(SocketTube.java:181)
	at java.net.http/jdk.internal.net.http.common.SequentialScheduler$SchedulableTask.run(SequentialScheduler.java:207)
	at java.net.http/jdk.internal.net.http.common.SequentialScheduler.runOrSchedule(SequentialScheduler.java:280)
	at java.net.http/jdk.internal.net.http.common.SequentialScheduler.runOrSchedule(SequentialScheduler.java:233)
	at java.net.http/jdk.internal.net.http.SocketTube$InternalReadPublisher$InternalReadSubscription.signalReadable(SocketTube.java:782)
	at java.net.http/jdk.internal.net.http.SocketTube$InternalReadPublisher$ReadEvent.signalEvent(SocketTube.java:965)
	at java.net.http/jdk.internal.net.http.SocketTube$SocketFlowEvent.handle(SocketTube.java:253)
	at java.net.http/jdk.internal.net.http.HttpClientImpl$SelectorManager.handleEvent(HttpClientImpl.java:1467)
	at java.net.http/jdk.internal.net.http.HttpClientImpl$SelectorManager.lambda$run$3(HttpClientImpl.java:1412)
	at java.base/java.util.ArrayList.forEach(ArrayList.java:1596)
	at java.net.http/jdk.internal.net.http.HttpClientImpl$SelectorManager.run(HttpClientImpl.java:1412)
2025-02-14 13:14:19 [main] INFO  lt.insoft.uztis.tests.UztisPageTest - Navigated to https://uztisdev.asseco.lt/home
2025-02-14 13:14:19 [main] INFO  l.i.uztis.tests.EvaluationsPageTest - Starting test:'testFillEvaluationTwo'
2025-02-14 13:14:19 [main] INFO  l.i.uztis.tests.EvaluationsPageTest - Starting test:'testNavigateToEvaluationsPage'
2025-02-14 13:14:19 [main] DEBUG l.i.uztis.tests.EvaluationsPageTest - User logged in with test credentials
2025-02-14 13:14:20 [main] DEBUG l.i.uztis.tests.EvaluationsPageTest - Opened 'Application Processing' menu.
2025-02-14 13:14:20 [main] DEBUG l.i.uztis.tests.EvaluationsPageTest - Clicked on 'Evaluations' menu.
2025-02-14 13:14:20 [main] DEBUG l.i.uztis.tests.EvaluationsPageTest - Navigating to evaluations menu.
2025-02-14 13:14:20 [main] INFO  l.i.uztis.tests.EvaluationsPageTest - Test 'testNavigateToEvaluationsPage' completed successfully.
2025-02-14 13:14:20 [main] DEBUG l.i.uztis.tests.EvaluationsPageTest - Clicked on last evaluation.
2025-02-14 13:14:21 [main] DEBUG l.i.uztis.tests.EvaluationsPageTest - Clicked 'Edit'.
2025-02-14 13:14:21 [main] DEBUG l.i.uztis.tests.EvaluationsPageTest - Entered commission date.
2025-02-14 13:14:21 [main] DEBUG l.i.uztis.tests.EvaluationsPageTest - Selected 'Without Commission' radio button.
2025-02-14 13:14:22 [main] DEBUG l.i.uztis.tests.EvaluationsPageTest - Entered chairman name: 'Pirmininkas Pirmininkauskas'.
2025-02-14 13:14:22 [main] DEBUG l.i.uztis.tests.EvaluationsPageTest - Entered member name: 'Narys Narauskas'.
2025-02-14 13:14:22 [main] DEBUG l.i.uztis.tests.EvaluationsPageTest - Clicked 'Continue'.
2025-02-14 13:14:32 [main] ERROR l.i.uztis.tests.EvaluationsPageTest - Test 'testFillEvaluationTwo' failed with error: element not interactable
  (Session info: chrome=132.0.6834.197)
Build info: version: '4.27.0', revision: 'd6e718d134'
System info: os.name: 'Windows 11', os.arch: 'amd64', os.version: '10.0', java.version: '21.0.3'
Driver info: org.openqa.selenium.chrome.ChromeDriver
Command: [2f9b8e6ab71a566125f0acb740d19bad, clearElement {id=f.FFCBD2FAA28E32C5E99C1A75E46B9CE8.d.60CC492970EEEE65E11ECFDD800AA0CB.e.49}]
Capabilities {acceptInsecureCerts: false, browserName: chrome, browserVersion: 132.0.6834.197, chrome: {chromedriverVersion: 132.0.6834.159 (2d77d3fc445..., userDataDir: C:\Users\INGRID~1.ZAD\AppDa...}, fedcm:accounts: true, goog:chromeOptions: {debuggerAddress: localhost:56173}, networkConnectionEnabled: false, pageLoadStrategy: normal, platformName: windows, proxy: Proxy(), se:cdp: ws://localhost:56173/devtoo..., se:cdpVersion: 132.0.6834.197, setWindowRect: true, strictFileInteractability: false, timeouts: {implicit: 0, pageLoad: 300000, script: 30000}, unhandledPromptBehavior: dismiss and notify, webauthn:extension:credBlob: true, webauthn:extension:largeBlob: true, webauthn:extension:minPinLength: true, webauthn:extension:prf: true, webauthn:virtualAuthenticators: true}
Element: [[ChromeDriver: chrome on windows (2f9b8e6ab71a566125f0acb740d19bad)] -> xpath: //label[contains(., 'Balas')]/following::input[1]]
Session ID: 2f9b8e6ab71a566125f0acb740d19bad
org.openqa.selenium.ElementNotInteractableException: element not interactable
  (Session info: chrome=132.0.6834.197)
Build info: version: '4.27.0', revision: 'd6e718d134'
System info: os.name: 'Windows 11', os.arch: 'amd64', os.version: '10.0', java.version: '21.0.3'
Driver info: org.openqa.selenium.chrome.ChromeDriver
Command: [2f9b8e6ab71a566125f0acb740d19bad, clearElement {id=f.FFCBD2FAA28E32C5E99C1A75E46B9CE8.d.60CC492970EEEE65E11ECFDD800AA0CB.e.49}]
Capabilities {acceptInsecureCerts: false, browserName: chrome, browserVersion: 132.0.6834.197, chrome: {chromedriverVersion: 132.0.6834.159 (2d77d3fc445..., userDataDir: C:\Users\INGRID~1.ZAD\AppDa...}, fedcm:accounts: true, goog:chromeOptions: {debuggerAddress: localhost:56173}, networkConnectionEnabled: false, pageLoadStrategy: normal, platformName: windows, proxy: Proxy(), se:cdp: ws://localhost:56173/devtoo..., se:cdpVersion: 132.0.6834.197, setWindowRect: true, strictFileInteractability: false, timeouts: {implicit: 0, pageLoad: 300000, script: 30000}, unhandledPromptBehavior: dismiss and notify, webauthn:extension:credBlob: true, webauthn:extension:largeBlob: true, webauthn:extension:minPinLength: true, webauthn:extension:prf: true, webauthn:virtualAuthenticators: true}
Element: [[ChromeDriver: chrome on windows (2f9b8e6ab71a566125f0acb740d19bad)] -> xpath: //label[contains(., 'Balas')]/following::input[1]]
Session ID: 2f9b8e6ab71a566125f0acb740d19bad
	at java.base/jdk.internal.reflect.DirectConstructorHandleAccessor.newInstance(DirectConstructorHandleAccessor.java:62)
	at java.base/java.lang.reflect.Constructor.newInstanceWithCaller(Constructor.java:502)
	at java.base/java.lang.reflect.Constructor.newInstance(Constructor.java:486)
	at org.openqa.selenium.remote.ErrorCodec.decode(ErrorCodec.java:167)
	at org.openqa.selenium.remote.codec.w3c.W3CHttpResponseCodec.decode(W3CHttpResponseCodec.java:138)
	at org.openqa.selenium.remote.codec.w3c.W3CHttpResponseCodec.decode(W3CHttpResponseCodec.java:50)
	at org.openqa.selenium.remote.HttpCommandExecutor.execute(HttpCommandExecutor.java:190)
	at org.openqa.selenium.remote.service.DriverCommandExecutor.invokeExecute(DriverCommandExecutor.java:216)
	at org.openqa.selenium.remote.service.DriverCommandExecutor.execute(DriverCommandExecutor.java:174)
	at org.openqa.selenium.remote.RemoteWebDriver.execute(RemoteWebDriver.java:545)
	at org.openqa.selenium.remote.RemoteWebElement.execute(RemoteWebElement.java:223)
	at org.openqa.selenium.remote.RemoteWebElement.clear(RemoteWebElement.java:129)
	at java.base/jdk.internal.reflect.DirectMethodHandleAccessor.invoke(DirectMethodHandleAccessor.java:103)
	at java.base/java.lang.reflect.Method.invoke(Method.java:580)
	at org.openqa.selenium.support.pagefactory.internal.LocatingElementHandler.invoke(LocatingElementHandler.java:51)
	at jdk.proxy2/jdk.proxy2.$Proxy14.clear(Unknown Source)
	at lt.insoft.uztis.pages.EvaluationsPage.enterScoreEdition(EvaluationsPage.java:450)
	at lt.insoft.uztis.tests.EvaluationsPageTest.testFillEvaluationTwo(EvaluationsPageTest.java:205)
	at java.base/jdk.internal.reflect.DirectMethodHandleAccessor.invoke(DirectMethodHandleAccessor.java:103)
	at java.base/java.lang.reflect.Method.invoke(Method.java:580)
	at org.junit.platform.commons.util.ReflectionUtils.invokeMethod(ReflectionUtils.java:728)
	at org.junit.jupiter.engine.execution.MethodInvocation.proceed(MethodInvocation.java:60)
	at org.junit.jupiter.engine.execution.InvocationInterceptorChain$ValidatingInvocation.proceed(InvocationInterceptorChain.java:131)
	at org.junit.jupiter.engine.extension.TimeoutExtension.intercept(TimeoutExtension.java:156)
	at org.junit.jupiter.engine.extension.TimeoutExtension.interceptTestableMethod(TimeoutExtension.java:147)
	at org.junit.jupiter.engine.extension.TimeoutExtension.interceptTestMethod(TimeoutExtension.java:86)
	at org.junit.jupiter.engine.execution.InterceptingExecutableInvoker$ReflectiveInterceptorCall.lambda$ofVoidMethod$0(InterceptingExecutableInvoker.java:103)
	at org.junit.jupiter.engine.execution.InterceptingExecutableInvoker.lambda$invoke$0(InterceptingExecutableInvoker.java:93)
	at org.junit.jupiter.engine.execution.InvocationInterceptorChain$InterceptedInvocation.proceed(InvocationInterceptorChain.java:106)
	at org.junit.jupiter.engine.execution.InvocationInterceptorChain.proceed(InvocationInterceptorChain.java:64)
	at org.junit.jupiter.engine.execution.InvocationInterceptorChain.chainAndInvoke(InvocationInterceptorChain.java:45)
	at org.junit.jupiter.engine.execution.InvocationInterceptorChain.invoke(InvocationInterceptorChain.java:37)
	at org.junit.jupiter.engine.execution.InterceptingExecutableInvoker.invoke(InterceptingExecutableInvoker.java:92)
	at org.junit.jupiter.engine.execution.InterceptingExecutableInvoker.invoke(InterceptingExecutableInvoker.java:86)
	at org.junit.jupiter.engine.descriptor.TestMethodTestDescriptor.lambda$invokeTestMethod$7(TestMethodTestDescriptor.java:218)
	at org.junit.platform.engine.support.hierarchical.ThrowableCollector.execute(ThrowableCollector.java:73)
	at org.junit.jupiter.engine.descriptor.TestMethodTestDescriptor.invokeTestMethod(TestMethodTestDescriptor.java:214)
	at org.junit.jupiter.engine.descriptor.TestMethodTestDescriptor.execute(TestMethodTestDescriptor.java:139)
	at org.junit.jupiter.engine.descriptor.TestMethodTestDescriptor.execute(TestMethodTestDescriptor.java:69)
	at org.junit.platform.engine.support.hierarchical.NodeTestTask.lambda$executeRecursively$6(NodeTestTask.java:151)
	at org.junit.platform.engine.support.hierarchical.ThrowableCollector.execute(ThrowableCollector.java:73)
	at org.junit.platform.engine.support.hierarchical.NodeTestTask.lambda$executeRecursively$8(NodeTestTask.java:141)
	at org.junit.platform.engine.support.hierarchical.Node.around(Node.java:137)
	at org.junit.platform.engine.support.hierarchical.NodeTestTask.lambda$executeRecursively$9(NodeTestTask.java:139)
	at org.junit.platform.engine.support.hierarchical.ThrowableCollector.execute(ThrowableCollector.java:73)
	at org.junit.platform.engine.support.hierarchical.NodeTestTask.executeRecursively(NodeTestTask.java:138)
	at org.junit.platform.engine.support.hierarchical.NodeTestTask.execute(NodeTestTask.java:95)
	at java.base/java.util.ArrayList.forEach(ArrayList.java:1596)
	at org.junit.platform.engine.support.hierarchical.SameThreadHierarchicalTestExecutorService.invokeAll(SameThreadHierarchicalTestExecutorService.java:41)
	at org.junit.platform.engine.support.hierarchical.NodeTestTask.lambda$executeRecursively$6(NodeTestTask.java:155)
	at org.junit.platform.engine.support.hierarchical.ThrowableCollector.execute(ThrowableCollector.java:73)
	at org.junit.platform.engine.support.hierarchical.NodeTestTask.lambda$executeRecursively$8(NodeTestTask.java:141)
	at org.junit.platform.engine.support.hierarchical.Node.around(Node.java:137)
	at org.junit.platform.engine.support.hierarchical.NodeTestTask.lambda$executeRecursively$9(NodeTestTask.java:139)
	at org.junit.platform.engine.support.hierarchical.ThrowableCollector.execute(ThrowableCollector.java:73)
	at org.junit.platform.engine.support.hierarchical.NodeTestTask.executeRecursively(NodeTestTask.java:138)
	at org.junit.platform.engine.support.hierarchical.NodeTestTask.execute(NodeTestTask.java:95)
	at java.base/java.util.ArrayList.forEach(ArrayList.java:1596)
	at org.junit.platform.engine.support.hierarchical.SameThreadHierarchicalTestExecutorService.invokeAll(SameThreadHierarchicalTestExecutorService.java:41)
	at org.junit.platform.engine.support.hierarchical.NodeTestTask.lambda$executeRecursively$6(NodeTestTask.java:155)
	at org.junit.platform.engine.support.hierarchical.ThrowableCollector.execute(ThrowableCollector.java:73)
	at org.junit.platform.engine.support.hierarchical.NodeTestTask.lambda$executeRecursively$8(NodeTestTask.java:141)
	at org.junit.platform.engine.support.hierarchical.Node.around(Node.java:137)
	at org.junit.platform.engine.support.hierarchical.NodeTestTask.lambda$executeRecursively$9(NodeTestTask.java:139)
	at org.junit.platform.engine.support.hierarchical.ThrowableCollector.execute(ThrowableCollector.java:73)
	at org.junit.platform.engine.support.hierarchical.NodeTestTask.executeRecursively(NodeTestTask.java:138)
	at org.junit.platform.engine.support.hierarchical.NodeTestTask.execute(NodeTestTask.java:95)
	at org.junit.platform.engine.support.hierarchical.SameThreadHierarchicalTestExecutorService.submit(SameThreadHierarchicalTestExecutorService.java:35)
	at org.junit.platform.engine.support.hierarchical.HierarchicalTestExecutor.execute(HierarchicalTestExecutor.java:57)
	at org.junit.platform.engine.support.hierarchical.HierarchicalTestEngine.execute(HierarchicalTestEngine.java:54)
	at org.junit.platform.launcher.core.EngineExecutionOrchestrator.execute(EngineExecutionOrchestrator.java:198)
	at org.junit.platform.launcher.core.EngineExecutionOrchestrator.execute(EngineExecutionOrchestrator.java:169)
	at org.junit.platform.launcher.core.EngineExecutionOrchestrator.execute(EngineExecutionOrchestrator.java:93)
	at org.junit.platform.launcher.core.EngineExecutionOrchestrator.lambda$execute$0(EngineExecutionOrchestrator.java:58)
	at org.junit.platform.launcher.core.EngineExecutionOrchestrator.withInterceptedStreams(EngineExecutionOrchestrator.java:141)
	at org.junit.platform.launcher.core.EngineExecutionOrchestrator.execute(EngineExecutionOrchestrator.java:57)
	at org.junit.platform.launcher.core.DefaultLauncher.execute(DefaultLauncher.java:103)
	at org.junit.platform.launcher.core.DefaultLauncher.execute(DefaultLauncher.java:85)
	at org.junit.platform.launcher.core.DelegatingLauncher.execute(DelegatingLauncher.java:47)
	at org.junit.platform.launcher.core.SessionPerRequestLauncher.execute(SessionPerRequestLauncher.java:63)
	at com.intellij.junit5.JUnit5IdeaTestRunner.startRunnerWithArgs(JUnit5IdeaTestRunner.java:57)
	at com.intellij.rt.junit.IdeaTestRunner$Repeater$1.execute(IdeaTestRunner.java:38)
	at com.intellij.rt.execution.junit.TestsRepeater.repeat(TestsRepeater.java:11)
	at com.intellij.rt.junit.IdeaTestRunner$Repeater.startRunnerWithArgs(IdeaTestRunner.java:35)
	at com.intellij.rt.junit.JUnitStarter.prepareStreamsAndStart(JUnitStarter.java:232)
	at com.intellij.rt.junit.JUnitStarter.main(JUnitStarter.java:55)
2025-02-14 13:14:32 [main] INFO  l.insoft.uztis.tests.utils.TestUtils - Screenshot moved to C:\Users\ingrida.zadorozniene\Desktop\Asm\UZTIS\UZTIS_tests\test-output\screenshots\20250214\131432684_testFillEvaluationTwo().png
2025-02-14 13:15:26 [main] INFO  lt.insoft.uztis.tests.UztisPageTest - Navigated to https://uztisdev.asseco.lt/home
2025-02-14 13:15:26 [main] INFO  l.i.uztis.tests.EvaluationsPageTest - Starting test:'testFillEvaluationTwo'
2025-02-14 13:15:26 [main] INFO  l.i.uztis.tests.EvaluationsPageTest - Starting test:'testNavigateToEvaluationsPage'
2025-02-14 13:15:27 [main] DEBUG l.i.uztis.tests.EvaluationsPageTest - User logged in with test credentials
2025-02-14 13:15:27 [main] DEBUG l.i.uztis.tests.EvaluationsPageTest - Opened 'Application Processing' menu.
2025-02-14 13:15:27 [main] DEBUG l.i.uztis.tests.EvaluationsPageTest - Clicked on 'Evaluations' menu.
2025-02-14 13:15:27 [main] DEBUG l.i.uztis.tests.EvaluationsPageTest - Navigating to evaluations menu.
2025-02-14 13:15:27 [main] INFO  l.i.uztis.tests.EvaluationsPageTest - Test 'testNavigateToEvaluationsPage' completed successfully.
2025-02-14 13:15:28 [main] DEBUG l.i.uztis.tests.EvaluationsPageTest - Clicked on last evaluation.
2025-02-14 13:15:28 [main] DEBUG l.i.uztis.tests.EvaluationsPageTest - Clicked 'Edit'.
2025-02-14 13:15:29 [main] DEBUG l.i.uztis.tests.EvaluationsPageTest - Entered commission date.
2025-02-14 13:15:29 [main] DEBUG l.i.uztis.tests.EvaluationsPageTest - Selected 'Without Commission' radio button.
2025-02-14 13:15:29 [main] DEBUG l.i.uztis.tests.EvaluationsPageTest - Entered chairman name: 'Pirmininkas Pirmininkauskas'.
2025-02-14 13:15:29 [main] DEBUG l.i.uztis.tests.EvaluationsPageTest - Entered member name: 'Narys Narauskas'.
2025-02-14 13:15:39 [main] ERROR l.i.uztis.tests.EvaluationsPageTest - Test 'testFillEvaluationTwo' failed with error: element not interactable
  (Session info: chrome=132.0.6834.197)
Build info: version: '4.27.0', revision: 'd6e718d134'
System info: os.name: 'Windows 11', os.arch: 'amd64', os.version: '10.0', java.version: '21.0.3'
Driver info: org.openqa.selenium.chrome.ChromeDriver
Command: [e59c7d5bbbb46db7cbfea009c5f5f70f, clearElement {id=f.7CB226D0D25348009FE3D245B69D3367.d.28B65DD533F651F1F503279D6BE8EEBB.e.45}]
Capabilities {acceptInsecureCerts: false, browserName: chrome, browserVersion: 132.0.6834.197, chrome: {chromedriverVersion: 132.0.6834.159 (2d77d3fc445..., userDataDir: C:\Users\INGRID~1.ZAD\AppDa...}, fedcm:accounts: true, goog:chromeOptions: {debuggerAddress: localhost:56231}, networkConnectionEnabled: false, pageLoadStrategy: normal, platformName: windows, proxy: Proxy(), se:cdp: ws://localhost:56231/devtoo..., se:cdpVersion: 132.0.6834.197, setWindowRect: true, strictFileInteractability: false, timeouts: {implicit: 0, pageLoad: 300000, script: 30000}, unhandledPromptBehavior: dismiss and notify, webauthn:extension:credBlob: true, webauthn:extension:largeBlob: true, webauthn:extension:minPinLength: true, webauthn:extension:prf: true, webauthn:virtualAuthenticators: true}
Element: [[ChromeDriver: chrome on windows (e59c7d5bbbb46db7cbfea009c5f5f70f)] -> xpath: //label[contains(., 'Balas')]/following::input[1]]
Session ID: e59c7d5bbbb46db7cbfea009c5f5f70f
org.openqa.selenium.ElementNotInteractableException: element not interactable
  (Session info: chrome=132.0.6834.197)
Build info: version: '4.27.0', revision: 'd6e718d134'
System info: os.name: 'Windows 11', os.arch: 'amd64', os.version: '10.0', java.version: '21.0.3'
Driver info: org.openqa.selenium.chrome.ChromeDriver
Command: [e59c7d5bbbb46db7cbfea009c5f5f70f, clearElement {id=f.7CB226D0D25348009FE3D245B69D3367.d.28B65DD533F651F1F503279D6BE8EEBB.e.45}]
Capabilities {acceptInsecureCerts: false, browserName: chrome, browserVersion: 132.0.6834.197, chrome: {chromedriverVersion: 132.0.6834.159 (2d77d3fc445..., userDataDir: C:\Users\INGRID~1.ZAD\AppDa...}, fedcm:accounts: true, goog:chromeOptions: {debuggerAddress: localhost:56231}, networkConnectionEnabled: false, pageLoadStrategy: normal, platformName: windows, proxy: Proxy(), se:cdp: ws://localhost:56231/devtoo..., se:cdpVersion: 132.0.6834.197, setWindowRect: true, strictFileInteractability: false, timeouts: {implicit: 0, pageLoad: 300000, script: 30000}, unhandledPromptBehavior: dismiss and notify, webauthn:extension:credBlob: true, webauthn:extension:largeBlob: true, webauthn:extension:minPinLength: true, webauthn:extension:prf: true, webauthn:virtualAuthenticators: true}
Element: [[ChromeDriver: chrome on windows (e59c7d5bbbb46db7cbfea009c5f5f70f)] -> xpath: //label[contains(., 'Balas')]/following::input[1]]
Session ID: e59c7d5bbbb46db7cbfea009c5f5f70f
	at java.base/jdk.internal.reflect.DirectConstructorHandleAccessor.newInstance(DirectConstructorHandleAccessor.java:62)
	at java.base/java.lang.reflect.Constructor.newInstanceWithCaller(Constructor.java:502)
	at java.base/java.lang.reflect.Constructor.newInstance(Constructor.java:486)
	at org.openqa.selenium.remote.ErrorCodec.decode(ErrorCodec.java:167)
	at org.openqa.selenium.remote.codec.w3c.W3CHttpResponseCodec.decode(W3CHttpResponseCodec.java:138)
	at org.openqa.selenium.remote.codec.w3c.W3CHttpResponseCodec.decode(W3CHttpResponseCodec.java:50)
	at org.openqa.selenium.remote.HttpCommandExecutor.execute(HttpCommandExecutor.java:190)
	at org.openqa.selenium.remote.service.DriverCommandExecutor.invokeExecute(DriverCommandExecutor.java:216)
	at org.openqa.selenium.remote.service.DriverCommandExecutor.execute(DriverCommandExecutor.java:174)
	at org.openqa.selenium.remote.RemoteWebDriver.execute(RemoteWebDriver.java:545)
	at org.openqa.selenium.remote.RemoteWebElement.execute(RemoteWebElement.java:223)
	at org.openqa.selenium.remote.RemoteWebElement.clear(RemoteWebElement.java:129)
	at java.base/jdk.internal.reflect.DirectMethodHandleAccessor.invoke(DirectMethodHandleAccessor.java:103)
	at java.base/java.lang.reflect.Method.invoke(Method.java:580)
	at org.openqa.selenium.support.pagefactory.internal.LocatingElementHandler.invoke(LocatingElementHandler.java:51)
	at jdk.proxy2/jdk.proxy2.$Proxy14.clear(Unknown Source)
	at lt.insoft.uztis.pages.EvaluationsPage.enterScoreEdition(EvaluationsPage.java:450)
	at lt.insoft.uztis.tests.EvaluationsPageTest.testFillEvaluationTwo(EvaluationsPageTest.java:205)
	at java.base/jdk.internal.reflect.DirectMethodHandleAccessor.invoke(DirectMethodHandleAccessor.java:103)
	at java.base/java.lang.reflect.Method.invoke(Method.java:580)
	at org.junit.platform.commons.util.ReflectionUtils.invokeMethod(ReflectionUtils.java:728)
	at org.junit.jupiter.engine.execution.MethodInvocation.proceed(MethodInvocation.java:60)
	at org.junit.jupiter.engine.execution.InvocationInterceptorChain$ValidatingInvocation.proceed(InvocationInterceptorChain.java:131)
	at org.junit.jupiter.engine.extension.TimeoutExtension.intercept(TimeoutExtension.java:156)
	at org.junit.jupiter.engine.extension.TimeoutExtension.interceptTestableMethod(TimeoutExtension.java:147)
	at org.junit.jupiter.engine.extension.TimeoutExtension.interceptTestMethod(TimeoutExtension.java:86)
	at org.junit.jupiter.engine.execution.InterceptingExecutableInvoker$ReflectiveInterceptorCall.lambda$ofVoidMethod$0(InterceptingExecutableInvoker.java:103)
	at org.junit.jupiter.engine.execution.InterceptingExecutableInvoker.lambda$invoke$0(InterceptingExecutableInvoker.java:93)
	at org.junit.jupiter.engine.execution.InvocationInterceptorChain$InterceptedInvocation.proceed(InvocationInterceptorChain.java:106)
	at org.junit.jupiter.engine.execution.InvocationInterceptorChain.proceed(InvocationInterceptorChain.java:64)
	at org.junit.jupiter.engine.execution.InvocationInterceptorChain.chainAndInvoke(InvocationInterceptorChain.java:45)
	at org.junit.jupiter.engine.execution.InvocationInterceptorChain.invoke(InvocationInterceptorChain.java:37)
	at org.junit.jupiter.engine.execution.InterceptingExecutableInvoker.invoke(InterceptingExecutableInvoker.java:92)
	at org.junit.jupiter.engine.execution.InterceptingExecutableInvoker.invoke(InterceptingExecutableInvoker.java:86)
	at org.junit.jupiter.engine.descriptor.TestMethodTestDescriptor.lambda$invokeTestMethod$7(TestMethodTestDescriptor.java:218)
	at org.junit.platform.engine.support.hierarchical.ThrowableCollector.execute(ThrowableCollector.java:73)
	at org.junit.jupiter.engine.descriptor.TestMethodTestDescriptor.invokeTestMethod(TestMethodTestDescriptor.java:214)
	at org.junit.jupiter.engine.descriptor.TestMethodTestDescriptor.execute(TestMethodTestDescriptor.java:139)
	at org.junit.jupiter.engine.descriptor.TestMethodTestDescriptor.execute(TestMethodTestDescriptor.java:69)
	at org.junit.platform.engine.support.hierarchical.NodeTestTask.lambda$executeRecursively$6(NodeTestTask.java:151)
	at org.junit.platform.engine.support.hierarchical.ThrowableCollector.execute(ThrowableCollector.java:73)
	at org.junit.platform.engine.support.hierarchical.NodeTestTask.lambda$executeRecursively$8(NodeTestTask.java:141)
	at org.junit.platform.engine.support.hierarchical.Node.around(Node.java:137)
	at org.junit.platform.engine.support.hierarchical.NodeTestTask.lambda$executeRecursively$9(NodeTestTask.java:139)
	at org.junit.platform.engine.support.hierarchical.ThrowableCollector.execute(ThrowableCollector.java:73)
	at org.junit.platform.engine.support.hierarchical.NodeTestTask.executeRecursively(NodeTestTask.java:138)
	at org.junit.platform.engine.support.hierarchical.NodeTestTask.execute(NodeTestTask.java:95)
	at java.base/java.util.ArrayList.forEach(ArrayList.java:1596)
	at org.junit.platform.engine.support.hierarchical.SameThreadHierarchicalTestExecutorService.invokeAll(SameThreadHierarchicalTestExecutorService.java:41)
	at org.junit.platform.engine.support.hierarchical.NodeTestTask.lambda$executeRecursively$6(NodeTestTask.java:155)
	at org.junit.platform.engine.support.hierarchical.ThrowableCollector.execute(ThrowableCollector.java:73)
	at org.junit.platform.engine.support.hierarchical.NodeTestTask.lambda$executeRecursively$8(NodeTestTask.java:141)
	at org.junit.platform.engine.support.hierarchical.Node.around(Node.java:137)
	at org.junit.platform.engine.support.hierarchical.NodeTestTask.lambda$executeRecursively$9(NodeTestTask.java:139)
	at org.junit.platform.engine.support.hierarchical.ThrowableCollector.execute(ThrowableCollector.java:73)
	at org.junit.platform.engine.support.hierarchical.NodeTestTask.executeRecursively(NodeTestTask.java:138)
	at org.junit.platform.engine.support.hierarchical.NodeTestTask.execute(NodeTestTask.java:95)
	at java.base/java.util.ArrayList.forEach(ArrayList.java:1596)
	at org.junit.platform.engine.support.hierarchical.SameThreadHierarchicalTestExecutorService.invokeAll(SameThreadHierarchicalTestExecutorService.java:41)
	at org.junit.platform.engine.support.hierarchical.NodeTestTask.lambda$executeRecursively$6(NodeTestTask.java:155)
	at org.junit.platform.engine.support.hierarchical.ThrowableCollector.execute(ThrowableCollector.java:73)
	at org.junit.platform.engine.support.hierarchical.NodeTestTask.lambda$executeRecursively$8(NodeTestTask.java:141)
	at org.junit.platform.engine.support.hierarchical.Node.around(Node.java:137)
	at org.junit.platform.engine.support.hierarchical.NodeTestTask.lambda$executeRecursively$9(NodeTestTask.java:139)
	at org.junit.platform.engine.support.hierarchical.ThrowableCollector.execute(ThrowableCollector.java:73)
	at org.junit.platform.engine.support.hierarchical.NodeTestTask.executeRecursively(NodeTestTask.java:138)
	at org.junit.platform.engine.support.hierarchical.NodeTestTask.execute(NodeTestTask.java:95)
	at org.junit.platform.engine.support.hierarchical.SameThreadHierarchicalTestExecutorService.submit(SameThreadHierarchicalTestExecutorService.java:35)
	at org.junit.platform.engine.support.hierarchical.HierarchicalTestExecutor.execute(HierarchicalTestExecutor.java:57)
	at org.junit.platform.engine.support.hierarchical.HierarchicalTestEngine.execute(HierarchicalTestEngine.java:54)
	at org.junit.platform.launcher.core.EngineExecutionOrchestrator.execute(EngineExecutionOrchestrator.java:198)
	at org.junit.platform.launcher.core.EngineExecutionOrchestrator.execute(EngineExecutionOrchestrator.java:169)
	at org.junit.platform.launcher.core.EngineExecutionOrchestrator.execute(EngineExecutionOrchestrator.java:93)
	at org.junit.platform.launcher.core.EngineExecutionOrchestrator.lambda$execute$0(EngineExecutionOrchestrator.java:58)
	at org.junit.platform.launcher.core.EngineExecutionOrchestrator.withInterceptedStreams(EngineExecutionOrchestrator.java:141)
	at org.junit.platform.launcher.core.EngineExecutionOrchestrator.execute(EngineExecutionOrchestrator.java:57)
	at org.junit.platform.launcher.core.DefaultLauncher.execute(DefaultLauncher.java:103)
	at org.junit.platform.launcher.core.DefaultLauncher.execute(DefaultLauncher.java:85)
	at org.junit.platform.launcher.core.DelegatingLauncher.execute(DelegatingLauncher.java:47)
	at org.junit.platform.launcher.core.SessionPerRequestLauncher.execute(SessionPerRequestLauncher.java:63)
	at com.intellij.junit5.JUnit5IdeaTestRunner.startRunnerWithArgs(JUnit5IdeaTestRunner.java:57)
	at com.intellij.rt.junit.IdeaTestRunner$Repeater$1.execute(IdeaTestRunner.java:38)
	at com.intellij.rt.execution.junit.TestsRepeater.repeat(TestsRepeater.java:11)
	at com.intellij.rt.junit.IdeaTestRunner$Repeater.startRunnerWithArgs(IdeaTestRunner.java:35)
	at com.intellij.rt.junit.JUnitStarter.prepareStreamsAndStart(JUnitStarter.java:232)
	at com.intellij.rt.junit.JUnitStarter.main(JUnitStarter.java:55)
2025-02-14 13:15:39 [main] INFO  l.insoft.uztis.tests.utils.TestUtils - Screenshot moved to C:\Users\ingrida.zadorozniene\Desktop\Asm\UZTIS\UZTIS_tests\test-output\screenshots\20250214\131539896_testFillEvaluationTwo().png
2025-02-14 13:16:10 [main] INFO  lt.insoft.uztis.tests.UztisPageTest - Navigated to https://uztisdev.asseco.lt/home
2025-02-14 13:16:10 [main] INFO  l.i.uztis.tests.EvaluationsPageTest - Starting test:'testFillEvaluationTwo'
2025-02-14 13:16:10 [main] INFO  l.i.uztis.tests.EvaluationsPageTest - Starting test:'testNavigateToEvaluationsPage'
2025-02-14 13:16:10 [main] DEBUG l.i.uztis.tests.EvaluationsPageTest - User logged in with test credentials
2025-02-14 13:16:11 [main] DEBUG l.i.uztis.tests.EvaluationsPageTest - Opened 'Application Processing' menu.
2025-02-14 13:16:11 [main] DEBUG l.i.uztis.tests.EvaluationsPageTest - Clicked on 'Evaluations' menu.
2025-02-14 13:16:11 [main] DEBUG l.i.uztis.tests.EvaluationsPageTest - Navigating to evaluations menu.
2025-02-14 13:16:11 [main] INFO  l.i.uztis.tests.EvaluationsPageTest - Test 'testNavigateToEvaluationsPage' completed successfully.
2025-02-14 13:16:11 [main] DEBUG l.i.uztis.tests.EvaluationsPageTest - Clicked on last evaluation.
2025-02-14 13:16:12 [main] DEBUG l.i.uztis.tests.EvaluationsPageTest - Clicked 'Edit'.
2025-02-14 13:16:13 [main] DEBUG l.i.uztis.tests.EvaluationsPageTest - Entered commission date.
2025-02-14 13:16:13 [main] DEBUG l.i.uztis.tests.EvaluationsPageTest - Selected 'Without Commission' radio button.
2025-02-14 13:16:13 [main] DEBUG l.i.uztis.tests.EvaluationsPageTest - Entered chairman name: 'Pirmininkas Pirmininkauskas'.
2025-02-14 13:16:13 [main] DEBUG l.i.uztis.tests.EvaluationsPageTest - Entered member name: 'Narys Narauskas'.
2025-02-14 13:16:13 [main] INFO  l.i.uztis.tests.EvaluationsPageTest - Test 'testFillEvaluationTwo' completed successfully.
2025-02-14 13:16:49 [main] INFO  lt.insoft.uztis.tests.UztisPageTest - Navigated to https://uztisdev.asseco.lt/home
2025-02-14 13:16:49 [main] INFO  l.i.uztis.tests.EvaluationsPageTest - Starting test:'testFillEvaluationTwo'
2025-02-14 13:16:49 [main] INFO  l.i.uztis.tests.EvaluationsPageTest - Starting test:'testNavigateToEvaluationsPage'
2025-02-14 13:16:50 [main] DEBUG l.i.uztis.tests.EvaluationsPageTest - User logged in with test credentials
2025-02-14 13:16:50 [main] DEBUG l.i.uztis.tests.EvaluationsPageTest - Opened 'Application Processing' menu.
2025-02-14 13:16:50 [main] DEBUG l.i.uztis.tests.EvaluationsPageTest - Clicked on 'Evaluations' menu.
2025-02-14 13:16:50 [main] DEBUG l.i.uztis.tests.EvaluationsPageTest - Navigating to evaluations menu.
2025-02-14 13:16:50 [main] INFO  l.i.uztis.tests.EvaluationsPageTest - Test 'testNavigateToEvaluationsPage' completed successfully.
2025-02-14 13:16:51 [main] DEBUG l.i.uztis.tests.EvaluationsPageTest - Clicked on last evaluation.
2025-02-14 13:16:51 [main] DEBUG l.i.uztis.tests.EvaluationsPageTest - Clicked 'Edit'.
2025-02-14 13:16:52 [main] DEBUG l.i.uztis.tests.EvaluationsPageTest - Entered commission date.
2025-02-14 13:16:52 [main] DEBUG l.i.uztis.tests.EvaluationsPageTest - Selected 'Without Commission' radio button.
2025-02-14 13:16:52 [main] DEBUG l.i.uztis.tests.EvaluationsPageTest - Entered chairman name: 'Pirmininkas Pirmininkauskas'.
2025-02-14 13:16:52 [main] DEBUG l.i.uztis.tests.EvaluationsPageTest - Entered member name: 'Narys Narauskas'.
2025-02-14 13:16:52 [main] INFO  l.i.uztis.tests.EvaluationsPageTest - Test 'testFillEvaluationTwo' completed successfully.
2025-02-14 13:17:37 [main] INFO  lt.insoft.uztis.tests.UztisPageTest - Navigated to https://uztisdev.asseco.lt/home
2025-02-14 13:17:37 [main] INFO  l.i.uztis.tests.EvaluationsPageTest - Starting test:'testFillEvaluationTwo'
2025-02-14 13:17:37 [main] INFO  l.i.uztis.tests.EvaluationsPageTest - Starting test:'testNavigateToEvaluationsPage'
2025-02-14 13:17:37 [main] DEBUG l.i.uztis.tests.EvaluationsPageTest - User logged in with test credentials
2025-02-14 13:17:38 [main] DEBUG l.i.uztis.tests.EvaluationsPageTest - Opened 'Application Processing' menu.
2025-02-14 13:17:38 [main] DEBUG l.i.uztis.tests.EvaluationsPageTest - Clicked on 'Evaluations' menu.
2025-02-14 13:17:38 [main] DEBUG l.i.uztis.tests.EvaluationsPageTest - Navigating to evaluations menu.
2025-02-14 13:17:38 [main] INFO  l.i.uztis.tests.EvaluationsPageTest - Test 'testNavigateToEvaluationsPage' completed successfully.
2025-02-14 13:17:38 [main] DEBUG l.i.uztis.tests.EvaluationsPageTest - Clicked on last evaluation.
2025-02-14 13:17:39 [main] DEBUG l.i.uztis.tests.EvaluationsPageTest - Clicked 'Edit'.
2025-02-14 13:17:40 [main] DEBUG l.i.uztis.tests.EvaluationsPageTest - Entered commission date.
2025-02-14 13:17:40 [main] INFO  l.i.uztis.tests.EvaluationsPageTest - Test 'testFillEvaluationTwo' completed successfully.
2025-02-14 13:19:06 [main] INFO  lt.insoft.uztis.tests.UztisPageTest - Navigated to https://uztisdev.asseco.lt/home
2025-02-14 13:19:06 [main] INFO  l.i.uztis.tests.EvaluationsPageTest - Starting test:'testFillEvaluationTwo'
2025-02-14 13:19:06 [main] INFO  l.i.uztis.tests.EvaluationsPageTest - Starting test:'testNavigateToEvaluationsPage'
2025-02-14 13:19:07 [main] DEBUG l.i.uztis.tests.EvaluationsPageTest - User logged in with test credentials
2025-02-14 13:19:07 [main] DEBUG l.i.uztis.tests.EvaluationsPageTest - Opened 'Application Processing' menu.
2025-02-14 13:19:07 [main] DEBUG l.i.uztis.tests.EvaluationsPageTest - Clicked on 'Evaluations' menu.
2025-02-14 13:19:07 [main] DEBUG l.i.uztis.tests.EvaluationsPageTest - Navigating to evaluations menu.
2025-02-14 13:19:07 [main] INFO  l.i.uztis.tests.EvaluationsPageTest - Test 'testNavigateToEvaluationsPage' completed successfully.
2025-02-14 13:19:07 [main] DEBUG l.i.uztis.tests.EvaluationsPageTest - Clicked on last evaluation.
2025-02-14 13:19:08 [main] DEBUG l.i.uztis.tests.EvaluationsPageTest - Clicked 'Edit'.
2025-02-14 13:19:09 [main] DEBUG l.i.uztis.tests.EvaluationsPageTest - Entered commission date.
2025-02-14 13:19:09 [main] INFO  l.i.uztis.tests.EvaluationsPageTest - Test 'testFillEvaluationTwo' completed successfully.
2025-02-14 13:22:15 [main] INFO  lt.insoft.uztis.tests.UztisPageTest - Navigated to https://uztisdev.asseco.lt/home
2025-02-14 13:22:16 [main] INFO  l.i.uztis.tests.EvaluationsPageTest - Starting test:'testFillEvaluationTwo'
2025-02-14 13:22:16 [main] INFO  l.i.uztis.tests.EvaluationsPageTest - Starting test:'testNavigateToEvaluationsPage'
2025-02-14 13:22:16 [main] DEBUG l.i.uztis.tests.EvaluationsPageTest - User logged in with test credentials
2025-02-14 13:22:17 [main] DEBUG l.i.uztis.tests.EvaluationsPageTest - Opened 'Application Processing' menu.
2025-02-14 13:22:17 [main] DEBUG l.i.uztis.tests.EvaluationsPageTest - Clicked on 'Evaluations' menu.
2025-02-14 13:22:17 [main] DEBUG l.i.uztis.tests.EvaluationsPageTest - Navigating to evaluations menu.
2025-02-14 13:22:17 [main] INFO  l.i.uztis.tests.EvaluationsPageTest - Test 'testNavigateToEvaluationsPage' completed successfully.
2025-02-14 13:22:17 [main] DEBUG l.i.uztis.tests.EvaluationsPageTest - Clicked on last evaluation.
2025-02-14 13:22:17 [main] DEBUG l.i.uztis.tests.EvaluationsPageTest - Clicked 'Edit'.
2025-02-14 13:22:18 [main] DEBUG l.i.uztis.tests.EvaluationsPageTest - Entered commission date.
2025-02-14 13:22:18 [main] DEBUG l.i.uztis.tests.EvaluationsPageTest - Selected 'Without Commission' radio button.
2025-02-14 13:22:18 [main] DEBUG l.i.uztis.tests.EvaluationsPageTest - Entered chairman name: 'Pirmininkas Pirmininkauskas'.
2025-02-14 13:22:19 [main] DEBUG l.i.uztis.tests.EvaluationsPageTest - Entered member name: 'Narys Narauskas'.
2025-02-14 13:22:19 [main] DEBUG l.i.uztis.tests.EvaluationsPageTest - Clicked 'Continue'.
2025-02-14 13:22:29 [main] ERROR l.i.uztis.tests.EvaluationsPageTest - Test 'testFillEvaluationTwo' failed with error: element not interactable
  (Session info: chrome=132.0.6834.197)
Build info: version: '4.27.0', revision: 'd6e718d134'
System info: os.name: 'Windows 11', os.arch: 'amd64', os.version: '10.0', java.version: '21.0.3'
Driver info: org.openqa.selenium.chrome.ChromeDriver
Command: [6877f183b488f44698259c6d75fd835e, clearElement {id=f.69E0F6BCD66403016EDDD267EA59AA54.d.03AE9D407E8E9C554FB32CD8C413BD98.e.46}]
Capabilities {acceptInsecureCerts: false, browserName: chrome, browserVersion: 132.0.6834.197, chrome: {chromedriverVersion: 132.0.6834.159 (2d77d3fc445..., userDataDir: C:\Users\INGRID~1.ZAD\AppDa...}, fedcm:accounts: true, goog:chromeOptions: {debuggerAddress: localhost:56563}, networkConnectionEnabled: false, pageLoadStrategy: normal, platformName: windows, proxy: Proxy(), se:cdp: ws://localhost:56563/devtoo..., se:cdpVersion: 132.0.6834.197, setWindowRect: true, strictFileInteractability: false, timeouts: {implicit: 0, pageLoad: 300000, script: 30000}, unhandledPromptBehavior: dismiss and notify, webauthn:extension:credBlob: true, webauthn:extension:largeBlob: true, webauthn:extension:minPinLength: true, webauthn:extension:prf: true, webauthn:virtualAuthenticators: true}
Element: [[ChromeDriver: chrome on windows (6877f183b488f44698259c6d75fd835e)] -> xpath: //label[contains(., 'Balas')]/following::input[1]]
Session ID: 6877f183b488f44698259c6d75fd835e
org.openqa.selenium.ElementNotInteractableException: element not interactable
  (Session info: chrome=132.0.6834.197)
Build info: version: '4.27.0', revision: 'd6e718d134'
System info: os.name: 'Windows 11', os.arch: 'amd64', os.version: '10.0', java.version: '21.0.3'
Driver info: org.openqa.selenium.chrome.ChromeDriver
Command: [6877f183b488f44698259c6d75fd835e, clearElement {id=f.69E0F6BCD66403016EDDD267EA59AA54.d.03AE9D407E8E9C554FB32CD8C413BD98.e.46}]
Capabilities {acceptInsecureCerts: false, browserName: chrome, browserVersion: 132.0.6834.197, chrome: {chromedriverVersion: 132.0.6834.159 (2d77d3fc445..., userDataDir: C:\Users\INGRID~1.ZAD\AppDa...}, fedcm:accounts: true, goog:chromeOptions: {debuggerAddress: localhost:56563}, networkConnectionEnabled: false, pageLoadStrategy: normal, platformName: windows, proxy: Proxy(), se:cdp: ws://localhost:56563/devtoo..., se:cdpVersion: 132.0.6834.197, setWindowRect: true, strictFileInteractability: false, timeouts: {implicit: 0, pageLoad: 300000, script: 30000}, unhandledPromptBehavior: dismiss and notify, webauthn:extension:credBlob: true, webauthn:extension:largeBlob: true, webauthn:extension:minPinLength: true, webauthn:extension:prf: true, webauthn:virtualAuthenticators: true}
Element: [[ChromeDriver: chrome on windows (6877f183b488f44698259c6d75fd835e)] -> xpath: //label[contains(., 'Balas')]/following::input[1]]
Session ID: 6877f183b488f44698259c6d75fd835e
	at java.base/jdk.internal.reflect.DirectConstructorHandleAccessor.newInstance(DirectConstructorHandleAccessor.java:62)
	at java.base/java.lang.reflect.Constructor.newInstanceWithCaller(Constructor.java:502)
	at java.base/java.lang.reflect.Constructor.newInstance(Constructor.java:486)
	at org.openqa.selenium.remote.ErrorCodec.decode(ErrorCodec.java:167)
	at org.openqa.selenium.remote.codec.w3c.W3CHttpResponseCodec.decode(W3CHttpResponseCodec.java:138)
	at org.openqa.selenium.remote.codec.w3c.W3CHttpResponseCodec.decode(W3CHttpResponseCodec.java:50)
	at org.openqa.selenium.remote.HttpCommandExecutor.execute(HttpCommandExecutor.java:190)
	at org.openqa.selenium.remote.service.DriverCommandExecutor.invokeExecute(DriverCommandExecutor.java:216)
	at org.openqa.selenium.remote.service.DriverCommandExecutor.execute(DriverCommandExecutor.java:174)
	at org.openqa.selenium.remote.RemoteWebDriver.execute(RemoteWebDriver.java:545)
	at org.openqa.selenium.remote.RemoteWebElement.execute(RemoteWebElement.java:223)
	at org.openqa.selenium.remote.RemoteWebElement.clear(RemoteWebElement.java:129)
	at java.base/jdk.internal.reflect.DirectMethodHandleAccessor.invoke(DirectMethodHandleAccessor.java:103)
	at java.base/java.lang.reflect.Method.invoke(Method.java:580)
	at org.openqa.selenium.support.pagefactory.internal.LocatingElementHandler.invoke(LocatingElementHandler.java:51)
	at jdk.proxy2/jdk.proxy2.$Proxy14.clear(Unknown Source)
	at lt.insoft.uztis.pages.EvaluationsPage.enterScoreEdition(EvaluationsPage.java:469)
	at lt.insoft.uztis.tests.EvaluationsPageTest.testFillEvaluationTwo(EvaluationsPageTest.java:205)
	at java.base/jdk.internal.reflect.DirectMethodHandleAccessor.invoke(DirectMethodHandleAccessor.java:103)
	at java.base/java.lang.reflect.Method.invoke(Method.java:580)
	at org.junit.platform.commons.util.ReflectionUtils.invokeMethod(ReflectionUtils.java:728)
	at org.junit.jupiter.engine.execution.MethodInvocation.proceed(MethodInvocation.java:60)
	at org.junit.jupiter.engine.execution.InvocationInterceptorChain$ValidatingInvocation.proceed(InvocationInterceptorChain.java:131)
	at org.junit.jupiter.engine.extension.TimeoutExtension.intercept(TimeoutExtension.java:156)
	at org.junit.jupiter.engine.extension.TimeoutExtension.interceptTestableMethod(TimeoutExtension.java:147)
	at org.junit.jupiter.engine.extension.TimeoutExtension.interceptTestMethod(TimeoutExtension.java:86)
	at org.junit.jupiter.engine.execution.InterceptingExecutableInvoker$ReflectiveInterceptorCall.lambda$ofVoidMethod$0(InterceptingExecutableInvoker.java:103)
	at org.junit.jupiter.engine.execution.InterceptingExecutableInvoker.lambda$invoke$0(InterceptingExecutableInvoker.java:93)
	at org.junit.jupiter.engine.execution.InvocationInterceptorChain$InterceptedInvocation.proceed(InvocationInterceptorChain.java:106)
	at org.junit.jupiter.engine.execution.InvocationInterceptorChain.proceed(InvocationInterceptorChain.java:64)
	at org.junit.jupiter.engine.execution.InvocationInterceptorChain.chainAndInvoke(InvocationInterceptorChain.java:45)
	at org.junit.jupiter.engine.execution.InvocationInterceptorChain.invoke(InvocationInterceptorChain.java:37)
	at org.junit.jupiter.engine.execution.InterceptingExecutableInvoker.invoke(InterceptingExecutableInvoker.java:92)
	at org.junit.jupiter.engine.execution.InterceptingExecutableInvoker.invoke(InterceptingExecutableInvoker.java:86)
	at org.junit.jupiter.engine.descriptor.TestMethodTestDescriptor.lambda$invokeTestMethod$7(TestMethodTestDescriptor.java:218)
	at org.junit.platform.engine.support.hierarchical.ThrowableCollector.execute(ThrowableCollector.java:73)
	at org.junit.jupiter.engine.descriptor.TestMethodTestDescriptor.invokeTestMethod(TestMethodTestDescriptor.java:214)
	at org.junit.jupiter.engine.descriptor.TestMethodTestDescriptor.execute(TestMethodTestDescriptor.java:139)
	at org.junit.jupiter.engine.descriptor.TestMethodTestDescriptor.execute(TestMethodTestDescriptor.java:69)
	at org.junit.platform.engine.support.hierarchical.NodeTestTask.lambda$executeRecursively$6(NodeTestTask.java:151)
	at org.junit.platform.engine.support.hierarchical.ThrowableCollector.execute(ThrowableCollector.java:73)
	at org.junit.platform.engine.support.hierarchical.NodeTestTask.lambda$executeRecursively$8(NodeTestTask.java:141)
	at org.junit.platform.engine.support.hierarchical.Node.around(Node.java:137)
	at org.junit.platform.engine.support.hierarchical.NodeTestTask.lambda$executeRecursively$9(NodeTestTask.java:139)
	at org.junit.platform.engine.support.hierarchical.ThrowableCollector.execute(ThrowableCollector.java:73)
	at org.junit.platform.engine.support.hierarchical.NodeTestTask.executeRecursively(NodeTestTask.java:138)
	at org.junit.platform.engine.support.hierarchical.NodeTestTask.execute(NodeTestTask.java:95)
	at java.base/java.util.ArrayList.forEach(ArrayList.java:1596)
	at org.junit.platform.engine.support.hierarchical.SameThreadHierarchicalTestExecutorService.invokeAll(SameThreadHierarchicalTestExecutorService.java:41)
	at org.junit.platform.engine.support.hierarchical.NodeTestTask.lambda$executeRecursively$6(NodeTestTask.java:155)
	at org.junit.platform.engine.support.hierarchical.ThrowableCollector.execute(ThrowableCollector.java:73)
	at org.junit.platform.engine.support.hierarchical.NodeTestTask.lambda$executeRecursively$8(NodeTestTask.java:141)
	at org.junit.platform.engine.support.hierarchical.Node.around(Node.java:137)
	at org.junit.platform.engine.support.hierarchical.NodeTestTask.lambda$executeRecursively$9(NodeTestTask.java:139)
	at org.junit.platform.engine.support.hierarchical.ThrowableCollector.execute(ThrowableCollector.java:73)
	at org.junit.platform.engine.support.hierarchical.NodeTestTask.executeRecursively(NodeTestTask.java:138)
	at org.junit.platform.engine.support.hierarchical.NodeTestTask.execute(NodeTestTask.java:95)
	at java.base/java.util.ArrayList.forEach(ArrayList.java:1596)
	at org.junit.platform.engine.support.hierarchical.SameThreadHierarchicalTestExecutorService.invokeAll(SameThreadHierarchicalTestExecutorService.java:41)
	at org.junit.platform.engine.support.hierarchical.NodeTestTask.lambda$executeRecursively$6(NodeTestTask.java:155)
	at org.junit.platform.engine.support.hierarchical.ThrowableCollector.execute(ThrowableCollector.java:73)
	at org.junit.platform.engine.support.hierarchical.NodeTestTask.lambda$executeRecursively$8(NodeTestTask.java:141)
	at org.junit.platform.engine.support.hierarchical.Node.around(Node.java:137)
	at org.junit.platform.engine.support.hierarchical.NodeTestTask.lambda$executeRecursively$9(NodeTestTask.java:139)
	at org.junit.platform.engine.support.hierarchical.ThrowableCollector.execute(ThrowableCollector.java:73)
	at org.junit.platform.engine.support.hierarchical.NodeTestTask.executeRecursively(NodeTestTask.java:138)
	at org.junit.platform.engine.support.hierarchical.NodeTestTask.execute(NodeTestTask.java:95)
	at org.junit.platform.engine.support.hierarchical.SameThreadHierarchicalTestExecutorService.submit(SameThreadHierarchicalTestExecutorService.java:35)
	at org.junit.platform.engine.support.hierarchical.HierarchicalTestExecutor.execute(HierarchicalTestExecutor.java:57)
	at org.junit.platform.engine.support.hierarchical.HierarchicalTestEngine.execute(HierarchicalTestEngine.java:54)
	at org.junit.platform.launcher.core.EngineExecutionOrchestrator.execute(EngineExecutionOrchestrator.java:198)
	at org.junit.platform.launcher.core.EngineExecutionOrchestrator.execute(EngineExecutionOrchestrator.java:169)
	at org.junit.platform.launcher.core.EngineExecutionOrchestrator.execute(EngineExecutionOrchestrator.java:93)
	at org.junit.platform.launcher.core.EngineExecutionOrchestrator.lambda$execute$0(EngineExecutionOrchestrator.java:58)
	at org.junit.platform.launcher.core.EngineExecutionOrchestrator.withInterceptedStreams(EngineExecutionOrchestrator.java:141)
	at org.junit.platform.launcher.core.EngineExecutionOrchestrator.execute(EngineExecutionOrchestrator.java:57)
	at org.junit.platform.launcher.core.DefaultLauncher.execute(DefaultLauncher.java:103)
	at org.junit.platform.launcher.core.DefaultLauncher.execute(DefaultLauncher.java:85)
	at org.junit.platform.launcher.core.DelegatingLauncher.execute(DelegatingLauncher.java:47)
	at org.junit.platform.launcher.core.SessionPerRequestLauncher.execute(SessionPerRequestLauncher.java:63)
	at com.intellij.junit5.JUnit5IdeaTestRunner.startRunnerWithArgs(JUnit5IdeaTestRunner.java:57)
	at com.intellij.rt.junit.IdeaTestRunner$Repeater$1.execute(IdeaTestRunner.java:38)
	at com.intellij.rt.execution.junit.TestsRepeater.repeat(TestsRepeater.java:11)
	at com.intellij.rt.junit.IdeaTestRunner$Repeater.startRunnerWithArgs(IdeaTestRunner.java:35)
	at com.intellij.rt.junit.JUnitStarter.prepareStreamsAndStart(JUnitStarter.java:232)
	at com.intellij.rt.junit.JUnitStarter.main(JUnitStarter.java:55)
2025-02-14 13:22:29 [main] INFO  l.insoft.uztis.tests.utils.TestUtils - Screenshot moved to C:\Users\ingrida.zadorozniene\Desktop\Asm\UZTIS\UZTIS_tests\test-output\screenshots\20250214\132229529_testFillEvaluationTwo().png
2025-02-14 13:23:28 [main] INFO  lt.insoft.uztis.tests.UztisPageTest - Navigated to https://uztisdev.asseco.lt/home
2025-02-14 13:23:28 [main] INFO  l.i.uztis.tests.EvaluationsPageTest - Starting test:'testFillEvaluationOne'
2025-02-14 13:23:28 [main] INFO  l.i.uztis.tests.EvaluationsPageTest - Starting test:'testNavigateToEvaluationsPage'
2025-02-14 13:23:29 [main] DEBUG l.i.uztis.tests.EvaluationsPageTest - User logged in with test credentials
2025-02-14 13:23:29 [main] DEBUG l.i.uztis.tests.EvaluationsPageTest - Opened 'Application Processing' menu.
2025-02-14 13:23:30 [main] DEBUG l.i.uztis.tests.EvaluationsPageTest - Clicked on 'Evaluations' menu.
2025-02-14 13:23:30 [main] DEBUG l.i.uztis.tests.EvaluationsPageTest - Navigating to evaluations menu.
2025-02-14 13:23:30 [main] INFO  l.i.uztis.tests.EvaluationsPageTest - Test 'testNavigateToEvaluationsPage' completed successfully.
2025-02-14 13:23:30 [main] DEBUG l.i.uztis.tests.EvaluationsPageTest - Clicked on last evaluation.
2025-02-14 13:23:30 [main] DEBUG l.i.uztis.tests.EvaluationsPageTest - Clicked 'Edit'.
2025-02-14 13:23:40 [main] ERROR l.i.uztis.tests.EvaluationsPageTest - Test 'testFillEvaluationOne' failed with error: no such element: Unable to locate element: {"method":"xpath","selector":"//input[@type='radio' and @name='mat-radio-group-1' and @value='YES']"}
  (Session info: chrome=132.0.6834.197)
For documentation on this error, please visit: https://www.selenium.dev/documentation/webdriver/troubleshooting/errors#no-such-element-exception
Build info: version: '4.27.0', revision: 'd6e718d134'
System info: os.name: 'Windows 11', os.arch: 'amd64', os.version: '10.0', java.version: '21.0.3'
Driver info: org.openqa.selenium.chrome.ChromeDriver
Command: [99d2f6068416610f7ee43d0b48942e69, findElement {value=//input[@type='radio' and @name='mat-radio-group-1' and @value='YES'], using=xpath}]
Capabilities {acceptInsecureCerts: false, browserName: chrome, browserVersion: 132.0.6834.197, chrome: {chromedriverVersion: 132.0.6834.159 (2d77d3fc445..., userDataDir: C:\Users\INGRID~1.ZAD\AppDa...}, fedcm:accounts: true, goog:chromeOptions: {debuggerAddress: localhost:56626}, networkConnectionEnabled: false, pageLoadStrategy: normal, platformName: windows, proxy: Proxy(), se:cdp: ws://localhost:56626/devtoo..., se:cdpVersion: 132.0.6834.197, setWindowRect: true, strictFileInteractability: false, timeouts: {implicit: 0, pageLoad: 300000, script: 30000}, unhandledPromptBehavior: dismiss and notify, webauthn:extension:credBlob: true, webauthn:extension:largeBlob: true, webauthn:extension:minPinLength: true, webauthn:extension:prf: true, webauthn:virtualAuthenticators: true}
Session ID: 99d2f6068416610f7ee43d0b48942e69
org.openqa.selenium.NoSuchElementException: no such element: Unable to locate element: {"method":"xpath","selector":"//input[@type='radio' and @name='mat-radio-group-1' and @value='YES']"}
  (Session info: chrome=132.0.6834.197)
For documentation on this error, please visit: https://www.selenium.dev/documentation/webdriver/troubleshooting/errors#no-such-element-exception
Build info: version: '4.27.0', revision: 'd6e718d134'
System info: os.name: 'Windows 11', os.arch: 'amd64', os.version: '10.0', java.version: '21.0.3'
Driver info: org.openqa.selenium.chrome.ChromeDriver
Command: [99d2f6068416610f7ee43d0b48942e69, findElement {value=//input[@type='radio' and @name='mat-radio-group-1' and @value='YES'], using=xpath}]
Capabilities {acceptInsecureCerts: false, browserName: chrome, browserVersion: 132.0.6834.197, chrome: {chromedriverVersion: 132.0.6834.159 (2d77d3fc445..., userDataDir: C:\Users\INGRID~1.ZAD\AppDa...}, fedcm:accounts: true, goog:chromeOptions: {debuggerAddress: localhost:56626}, networkConnectionEnabled: false, pageLoadStrategy: normal, platformName: windows, proxy: Proxy(), se:cdp: ws://localhost:56626/devtoo..., se:cdpVersion: 132.0.6834.197, setWindowRect: true, strictFileInteractability: false, timeouts: {implicit: 0, pageLoad: 300000, script: 30000}, unhandledPromptBehavior: dismiss and notify, webauthn:extension:credBlob: true, webauthn:extension:largeBlob: true, webauthn:extension:minPinLength: true, webauthn:extension:prf: true, webauthn:virtualAuthenticators: true}
Session ID: 99d2f6068416610f7ee43d0b48942e69
	at java.base/jdk.internal.reflect.DirectConstructorHandleAccessor.newInstance(DirectConstructorHandleAccessor.java:62)
	at java.base/java.lang.reflect.Constructor.newInstanceWithCaller(Constructor.java:502)
	at java.base/java.lang.reflect.Constructor.newInstance(Constructor.java:486)
	at org.openqa.selenium.remote.ErrorCodec.decode(ErrorCodec.java:167)
	at org.openqa.selenium.remote.codec.w3c.W3CHttpResponseCodec.decode(W3CHttpResponseCodec.java:138)
	at org.openqa.selenium.remote.codec.w3c.W3CHttpResponseCodec.decode(W3CHttpResponseCodec.java:50)
	at org.openqa.selenium.remote.HttpCommandExecutor.execute(HttpCommandExecutor.java:190)
	at org.openqa.selenium.remote.service.DriverCommandExecutor.invokeExecute(DriverCommandExecutor.java:216)
	at org.openqa.selenium.remote.service.DriverCommandExecutor.execute(DriverCommandExecutor.java:174)
	at org.openqa.selenium.remote.RemoteWebDriver.execute(RemoteWebDriver.java:545)
	at org.openqa.selenium.remote.ElementLocation$ElementFinder$2.findElement(ElementLocation.java:165)
	at org.openqa.selenium.remote.ElementLocation.findElement(ElementLocation.java:59)
	at org.openqa.selenium.remote.RemoteWebDriver.findElement(RemoteWebDriver.java:368)
	at org.openqa.selenium.remote.RemoteWebDriver.findElement(RemoteWebDriver.java:362)
	at org.openqa.selenium.support.pagefactory.DefaultElementLocator.findElement(DefaultElementLocator.java:68)
	at org.openqa.selenium.support.pagefactory.internal.LocatingElementHandler.invoke(LocatingElementHandler.java:38)
	at jdk.proxy2/jdk.proxy2.$Proxy14.isSelected(Unknown Source)
	at lt.insoft.uztis.pages.EvaluationsPage.clickRadioButton1_1(EvaluationsPage.java:245)
	at lt.insoft.uztis.tests.EvaluationsPageTest.testFillEvaluationOne(EvaluationsPageTest.java:71)
	at java.base/jdk.internal.reflect.DirectMethodHandleAccessor.invoke(DirectMethodHandleAccessor.java:103)
	at java.base/java.lang.reflect.Method.invoke(Method.java:580)
	at org.junit.platform.commons.util.ReflectionUtils.invokeMethod(ReflectionUtils.java:728)
	at org.junit.jupiter.engine.execution.MethodInvocation.proceed(MethodInvocation.java:60)
	at org.junit.jupiter.engine.execution.InvocationInterceptorChain$ValidatingInvocation.proceed(InvocationInterceptorChain.java:131)
	at org.junit.jupiter.engine.extension.TimeoutExtension.intercept(TimeoutExtension.java:156)
	at org.junit.jupiter.engine.extension.TimeoutExtension.interceptTestableMethod(TimeoutExtension.java:147)
	at org.junit.jupiter.engine.extension.TimeoutExtension.interceptTestMethod(TimeoutExtension.java:86)
	at org.junit.jupiter.engine.execution.InterceptingExecutableInvoker$ReflectiveInterceptorCall.lambda$ofVoidMethod$0(InterceptingExecutableInvoker.java:103)
	at org.junit.jupiter.engine.execution.InterceptingExecutableInvoker.lambda$invoke$0(InterceptingExecutableInvoker.java:93)
	at org.junit.jupiter.engine.execution.InvocationInterceptorChain$InterceptedInvocation.proceed(InvocationInterceptorChain.java:106)
	at org.junit.jupiter.engine.execution.InvocationInterceptorChain.proceed(InvocationInterceptorChain.java:64)
	at org.junit.jupiter.engine.execution.InvocationInterceptorChain.chainAndInvoke(InvocationInterceptorChain.java:45)
	at org.junit.jupiter.engine.execution.InvocationInterceptorChain.invoke(InvocationInterceptorChain.java:37)
	at org.junit.jupiter.engine.execution.InterceptingExecutableInvoker.invoke(InterceptingExecutableInvoker.java:92)
	at org.junit.jupiter.engine.execution.InterceptingExecutableInvoker.invoke(InterceptingExecutableInvoker.java:86)
	at org.junit.jupiter.engine.descriptor.TestMethodTestDescriptor.lambda$invokeTestMethod$7(TestMethodTestDescriptor.java:218)
	at org.junit.platform.engine.support.hierarchical.ThrowableCollector.execute(ThrowableCollector.java:73)
	at org.junit.jupiter.engine.descriptor.TestMethodTestDescriptor.invokeTestMethod(TestMethodTestDescriptor.java:214)
	at org.junit.jupiter.engine.descriptor.TestMethodTestDescriptor.execute(TestMethodTestDescriptor.java:139)
	at org.junit.jupiter.engine.descriptor.TestMethodTestDescriptor.execute(TestMethodTestDescriptor.java:69)
	at org.junit.platform.engine.support.hierarchical.NodeTestTask.lambda$executeRecursively$6(NodeTestTask.java:151)
	at org.junit.platform.engine.support.hierarchical.ThrowableCollector.execute(ThrowableCollector.java:73)
	at org.junit.platform.engine.support.hierarchical.NodeTestTask.lambda$executeRecursively$8(NodeTestTask.java:141)
	at org.junit.platform.engine.support.hierarchical.Node.around(Node.java:137)
	at org.junit.platform.engine.support.hierarchical.NodeTestTask.lambda$executeRecursively$9(NodeTestTask.java:139)
	at org.junit.platform.engine.support.hierarchical.ThrowableCollector.execute(ThrowableCollector.java:73)
	at org.junit.platform.engine.support.hierarchical.NodeTestTask.executeRecursively(NodeTestTask.java:138)
	at org.junit.platform.engine.support.hierarchical.NodeTestTask.execute(NodeTestTask.java:95)
	at java.base/java.util.ArrayList.forEach(ArrayList.java:1596)
	at org.junit.platform.engine.support.hierarchical.SameThreadHierarchicalTestExecutorService.invokeAll(SameThreadHierarchicalTestExecutorService.java:41)
	at org.junit.platform.engine.support.hierarchical.NodeTestTask.lambda$executeRecursively$6(NodeTestTask.java:155)
	at org.junit.platform.engine.support.hierarchical.ThrowableCollector.execute(ThrowableCollector.java:73)
	at org.junit.platform.engine.support.hierarchical.NodeTestTask.lambda$executeRecursively$8(NodeTestTask.java:141)
	at org.junit.platform.engine.support.hierarchical.Node.around(Node.java:137)
	at org.junit.platform.engine.support.hierarchical.NodeTestTask.lambda$executeRecursively$9(NodeTestTask.java:139)
	at org.junit.platform.engine.support.hierarchical.ThrowableCollector.execute(ThrowableCollector.java:73)
	at org.junit.platform.engine.support.hierarchical.NodeTestTask.executeRecursively(NodeTestTask.java:138)
	at org.junit.platform.engine.support.hierarchical.NodeTestTask.execute(NodeTestTask.java:95)
	at java.base/java.util.ArrayList.forEach(ArrayList.java:1596)
	at org.junit.platform.engine.support.hierarchical.SameThreadHierarchicalTestExecutorService.invokeAll(SameThreadHierarchicalTestExecutorService.java:41)
	at org.junit.platform.engine.support.hierarchical.NodeTestTask.lambda$executeRecursively$6(NodeTestTask.java:155)
	at org.junit.platform.engine.support.hierarchical.ThrowableCollector.execute(ThrowableCollector.java:73)
	at org.junit.platform.engine.support.hierarchical.NodeTestTask.lambda$executeRecursively$8(NodeTestTask.java:141)
	at org.junit.platform.engine.support.hierarchical.Node.around(Node.java:137)
	at org.junit.platform.engine.support.hierarchical.NodeTestTask.lambda$executeRecursively$9(NodeTestTask.java:139)
	at org.junit.platform.engine.support.hierarchical.ThrowableCollector.execute(ThrowableCollector.java:73)
	at org.junit.platform.engine.support.hierarchical.NodeTestTask.executeRecursively(NodeTestTask.java:138)
	at org.junit.platform.engine.support.hierarchical.NodeTestTask.execute(NodeTestTask.java:95)
	at org.junit.platform.engine.support.hierarchical.SameThreadHierarchicalTestExecutorService.submit(SameThreadHierarchicalTestExecutorService.java:35)
	at org.junit.platform.engine.support.hierarchical.HierarchicalTestExecutor.execute(HierarchicalTestExecutor.java:57)
	at org.junit.platform.engine.support.hierarchical.HierarchicalTestEngine.execute(HierarchicalTestEngine.java:54)
	at org.junit.platform.launcher.core.EngineExecutionOrchestrator.execute(EngineExecutionOrchestrator.java:198)
	at org.junit.platform.launcher.core.EngineExecutionOrchestrator.execute(EngineExecutionOrchestrator.java:169)
	at org.junit.platform.launcher.core.EngineExecutionOrchestrator.execute(EngineExecutionOrchestrator.java:93)
	at org.junit.platform.launcher.core.EngineExecutionOrchestrator.lambda$execute$0(EngineExecutionOrchestrator.java:58)
	at org.junit.platform.launcher.core.EngineExecutionOrchestrator.withInterceptedStreams(EngineExecutionOrchestrator.java:141)
	at org.junit.platform.launcher.core.EngineExecutionOrchestrator.execute(EngineExecutionOrchestrator.java:57)
	at org.junit.platform.launcher.core.DefaultLauncher.execute(DefaultLauncher.java:103)
	at org.junit.platform.launcher.core.DefaultLauncher.execute(DefaultLauncher.java:85)
	at org.junit.platform.launcher.core.DelegatingLauncher.execute(DelegatingLauncher.java:47)
	at org.junit.platform.launcher.core.SessionPerRequestLauncher.execute(SessionPerRequestLauncher.java:63)
	at com.intellij.junit5.JUnit5IdeaTestRunner.startRunnerWithArgs(JUnit5IdeaTestRunner.java:57)
	at com.intellij.rt.junit.IdeaTestRunner$Repeater$1.execute(IdeaTestRunner.java:38)
	at com.intellij.rt.execution.junit.TestsRepeater.repeat(TestsRepeater.java:11)
	at com.intellij.rt.junit.IdeaTestRunner$Repeater.startRunnerWithArgs(IdeaTestRunner.java:35)
	at com.intellij.rt.junit.JUnitStarter.prepareStreamsAndStart(JUnitStarter.java:232)
	at com.intellij.rt.junit.JUnitStarter.main(JUnitStarter.java:55)
2025-02-14 13:23:41 [main] INFO  l.insoft.uztis.tests.utils.TestUtils - Screenshot moved to C:\Users\ingrida.zadorozniene\Desktop\Asm\UZTIS\UZTIS_tests\test-output\screenshots\20250214\132341158_testFillEvaluationOne().png
2025-02-14 13:24:47 [main] INFO  lt.insoft.uztis.tests.UztisPageTest - Navigated to https://uztisdev.asseco.lt/home
2025-02-14 13:24:47 [main] INFO  l.i.uztis.tests.EvaluationsPageTest - Starting test:'testFillEvaluationTwo'
2025-02-14 13:24:47 [main] INFO  l.i.uztis.tests.EvaluationsPageTest - Starting test:'testNavigateToEvaluationsPage'
2025-02-14 13:24:48 [main] DEBUG l.i.uztis.tests.EvaluationsPageTest - User logged in with test credentials
2025-02-14 13:24:48 [main] DEBUG l.i.uztis.tests.EvaluationsPageTest - Opened 'Application Processing' menu.
2025-02-14 13:24:48 [main] DEBUG l.i.uztis.tests.EvaluationsPageTest - Clicked on 'Evaluations' menu.
2025-02-14 13:24:48 [main] DEBUG l.i.uztis.tests.EvaluationsPageTest - Navigating to evaluations menu.
2025-02-14 13:24:48 [main] INFO  l.i.uztis.tests.EvaluationsPageTest - Test 'testNavigateToEvaluationsPage' completed successfully.
2025-02-14 13:24:49 [main] DEBUG l.i.uztis.tests.EvaluationsPageTest - Clicked on last evaluation.
2025-02-14 13:24:49 [main] DEBUG l.i.uztis.tests.EvaluationsPageTest - Clicked 'Edit'.
2025-02-14 13:24:50 [main] DEBUG l.i.uztis.tests.EvaluationsPageTest - Entered commission date.
2025-02-14 13:24:50 [main] DEBUG l.i.uztis.tests.EvaluationsPageTest - Selected 'Without Commission' radio button.
2025-02-14 13:24:50 [main] DEBUG l.i.uztis.tests.EvaluationsPageTest - Entered chairman name: 'Pirmininkas Pirmininkauskas'.
2025-02-14 13:24:50 [main] DEBUG l.i.uztis.tests.EvaluationsPageTest - Entered member name: 'Narys Narauskas'.
2025-02-14 13:24:50 [main] DEBUG l.i.uztis.tests.EvaluationsPageTest - Clicked 'Continue'.
2025-02-14 13:24:51 [main] DEBUG l.i.uztis.tests.EvaluationsPageTest - Entered score edition: '9'.
2025-02-14 13:24:51 [main] DEBUG l.i.uztis.tests.EvaluationsPageTest - Entered chairman score: '10'.
2025-02-14 13:24:51 [main] DEBUG l.i.uztis.tests.EvaluationsPageTest - Entered member score: '11'.
2025-02-14 13:24:51 [main] DEBUG l.i.uztis.tests.EvaluationsPageTest - Entered conclusion: 'Išvada - palanki'.
2025-02-14 13:24:51 [main] DEBUG l.i.uztis.tests.EvaluationsPageTest - Clicked 'Confirm'.
2025-02-14 13:24:51 [main] INFO  l.i.uztis.tests.EvaluationsPageTest - Test 'testFillEvaluationTwo' completed successfully.
2025-02-14 13:25:44 [main] INFO  lt.insoft.uztis.tests.UztisPageTest - Navigated to https://uztisdev.asseco.lt/home
2025-02-14 13:25:44 [main] INFO  l.i.uztis.tests.EvaluationsPageTest - Starting test:'testFillEvaluationTwo'
2025-02-14 13:25:44 [main] INFO  l.i.uztis.tests.EvaluationsPageTest - Starting test:'testNavigateToEvaluationsPage'
2025-02-14 13:25:45 [main] DEBUG l.i.uztis.tests.EvaluationsPageTest - User logged in with test credentials
2025-02-14 13:25:45 [main] DEBUG l.i.uztis.tests.EvaluationsPageTest - Opened 'Application Processing' menu.
2025-02-14 13:25:45 [main] DEBUG l.i.uztis.tests.EvaluationsPageTest - Clicked on 'Evaluations' menu.
2025-02-14 13:25:45 [main] DEBUG l.i.uztis.tests.EvaluationsPageTest - Navigating to evaluations menu.
2025-02-14 13:25:45 [main] INFO  l.i.uztis.tests.EvaluationsPageTest - Test 'testNavigateToEvaluationsPage' completed successfully.
2025-02-14 13:25:46 [main] DEBUG l.i.uztis.tests.EvaluationsPageTest - Clicked on last evaluation.
2025-02-14 13:25:47 [main] DEBUG l.i.uztis.tests.EvaluationsPageTest - Clicked 'Edit'.
2025-02-14 13:25:47 [main] DEBUG l.i.uztis.tests.EvaluationsPageTest - Entered commission date.
2025-02-14 13:25:47 [main] DEBUG l.i.uztis.tests.EvaluationsPageTest - Selected 'Without Commission' radio button.
2025-02-14 13:25:48 [main] DEBUG l.i.uztis.tests.EvaluationsPageTest - Entered chairman name: 'Pirmininkas Pirmininkauskas'.
2025-02-14 13:25:48 [main] DEBUG l.i.uztis.tests.EvaluationsPageTest - Entered member name: 'Narys Narauskas'.
2025-02-14 13:25:48 [main] DEBUG l.i.uztis.tests.EvaluationsPageTest - Clicked 'Continue'.
2025-02-14 13:25:58 [main] ERROR l.i.uztis.tests.EvaluationsPageTest - Test 'testFillEvaluationTwo' failed with error: element not interactable
  (Session info: chrome=132.0.6834.197)
Build info: version: '4.27.0', revision: 'd6e718d134'
System info: os.name: 'Windows 11', os.arch: 'amd64', os.version: '10.0', java.version: '21.0.3'
Driver info: org.openqa.selenium.chrome.ChromeDriver
Command: [1e9572f26b47d53c972f6605597fd3ab, clearElement {id=f.7A21A59A6F6B9B50C0447DDB1C3F49E4.d.8B95C3EA4D58384C50F6226E8C345455.e.51}]
Capabilities {acceptInsecureCerts: false, browserName: chrome, browserVersion: 132.0.6834.197, chrome: {chromedriverVersion: 132.0.6834.159 (2d77d3fc445..., userDataDir: C:\Users\INGRID~1.ZAD\AppDa...}, fedcm:accounts: true, goog:chromeOptions: {debuggerAddress: localhost:56737}, networkConnectionEnabled: false, pageLoadStrategy: normal, platformName: windows, proxy: Proxy(), se:cdp: ws://localhost:56737/devtoo..., se:cdpVersion: 132.0.6834.197, setWindowRect: true, strictFileInteractability: false, timeouts: {implicit: 0, pageLoad: 300000, script: 30000}, unhandledPromptBehavior: dismiss and notify, webauthn:extension:credBlob: true, webauthn:extension:largeBlob: true, webauthn:extension:minPinLength: true, webauthn:extension:prf: true, webauthn:virtualAuthenticators: true}
Element: [[ChromeDriver: chrome on windows (1e9572f26b47d53c972f6605597fd3ab)] -> xpath: //label[contains(., 'Balas')]/following::input[1]]
Session ID: 1e9572f26b47d53c972f6605597fd3ab
org.openqa.selenium.ElementNotInteractableException: element not interactable
  (Session info: chrome=132.0.6834.197)
Build info: version: '4.27.0', revision: 'd6e718d134'
System info: os.name: 'Windows 11', os.arch: 'amd64', os.version: '10.0', java.version: '21.0.3'
Driver info: org.openqa.selenium.chrome.ChromeDriver
Command: [1e9572f26b47d53c972f6605597fd3ab, clearElement {id=f.7A21A59A6F6B9B50C0447DDB1C3F49E4.d.8B95C3EA4D58384C50F6226E8C345455.e.51}]
Capabilities {acceptInsecureCerts: false, browserName: chrome, browserVersion: 132.0.6834.197, chrome: {chromedriverVersion: 132.0.6834.159 (2d77d3fc445..., userDataDir: C:\Users\INGRID~1.ZAD\AppDa...}, fedcm:accounts: true, goog:chromeOptions: {debuggerAddress: localhost:56737}, networkConnectionEnabled: false, pageLoadStrategy: normal, platformName: windows, proxy: Proxy(), se:cdp: ws://localhost:56737/devtoo..., se:cdpVersion: 132.0.6834.197, setWindowRect: true, strictFileInteractability: false, timeouts: {implicit: 0, pageLoad: 300000, script: 30000}, unhandledPromptBehavior: dismiss and notify, webauthn:extension:credBlob: true, webauthn:extension:largeBlob: true, webauthn:extension:minPinLength: true, webauthn:extension:prf: true, webauthn:virtualAuthenticators: true}
Element: [[ChromeDriver: chrome on windows (1e9572f26b47d53c972f6605597fd3ab)] -> xpath: //label[contains(., 'Balas')]/following::input[1]]
Session ID: 1e9572f26b47d53c972f6605597fd3ab
	at java.base/jdk.internal.reflect.DirectConstructorHandleAccessor.newInstance(DirectConstructorHandleAccessor.java:62)
	at java.base/java.lang.reflect.Constructor.newInstanceWithCaller(Constructor.java:502)
	at java.base/java.lang.reflect.Constructor.newInstance(Constructor.java:486)
	at org.openqa.selenium.remote.ErrorCodec.decode(ErrorCodec.java:167)
	at org.openqa.selenium.remote.codec.w3c.W3CHttpResponseCodec.decode(W3CHttpResponseCodec.java:138)
	at org.openqa.selenium.remote.codec.w3c.W3CHttpResponseCodec.decode(W3CHttpResponseCodec.java:50)
	at org.openqa.selenium.remote.HttpCommandExecutor.execute(HttpCommandExecutor.java:190)
	at org.openqa.selenium.remote.service.DriverCommandExecutor.invokeExecute(DriverCommandExecutor.java:216)
	at org.openqa.selenium.remote.service.DriverCommandExecutor.execute(DriverCommandExecutor.java:174)
	at org.openqa.selenium.remote.RemoteWebDriver.execute(RemoteWebDriver.java:545)
	at org.openqa.selenium.remote.RemoteWebElement.execute(RemoteWebElement.java:223)
	at org.openqa.selenium.remote.RemoteWebElement.clear(RemoteWebElement.java:129)
	at java.base/jdk.internal.reflect.DirectMethodHandleAccessor.invoke(DirectMethodHandleAccessor.java:103)
	at java.base/java.lang.reflect.Method.invoke(Method.java:580)
	at org.openqa.selenium.support.pagefactory.internal.LocatingElementHandler.invoke(LocatingElementHandler.java:51)
	at jdk.proxy2/jdk.proxy2.$Proxy14.clear(Unknown Source)
	at lt.insoft.uztis.pages.EvaluationsPage.enterScoreEdition(EvaluationsPage.java:469)
	at lt.insoft.uztis.tests.EvaluationsPageTest.testFillEvaluationTwo(EvaluationsPageTest.java:205)
	at java.base/jdk.internal.reflect.DirectMethodHandleAccessor.invoke(DirectMethodHandleAccessor.java:103)
	at java.base/java.lang.reflect.Method.invoke(Method.java:580)
	at org.junit.platform.commons.util.ReflectionUtils.invokeMethod(ReflectionUtils.java:728)
	at org.junit.jupiter.engine.execution.MethodInvocation.proceed(MethodInvocation.java:60)
	at org.junit.jupiter.engine.execution.InvocationInterceptorChain$ValidatingInvocation.proceed(InvocationInterceptorChain.java:131)
	at org.junit.jupiter.engine.extension.TimeoutExtension.intercept(TimeoutExtension.java:156)
	at org.junit.jupiter.engine.extension.TimeoutExtension.interceptTestableMethod(TimeoutExtension.java:147)
	at org.junit.jupiter.engine.extension.TimeoutExtension.interceptTestMethod(TimeoutExtension.java:86)
	at org.junit.jupiter.engine.execution.InterceptingExecutableInvoker$ReflectiveInterceptorCall.lambda$ofVoidMethod$0(InterceptingExecutableInvoker.java:103)
	at org.junit.jupiter.engine.execution.InterceptingExecutableInvoker.lambda$invoke$0(InterceptingExecutableInvoker.java:93)
	at org.junit.jupiter.engine.execution.InvocationInterceptorChain$InterceptedInvocation.proceed(InvocationInterceptorChain.java:106)
	at org.junit.jupiter.engine.execution.InvocationInterceptorChain.proceed(InvocationInterceptorChain.java:64)
	at org.junit.jupiter.engine.execution.InvocationInterceptorChain.chainAndInvoke(InvocationInterceptorChain.java:45)
	at org.junit.jupiter.engine.execution.InvocationInterceptorChain.invoke(InvocationInterceptorChain.java:37)
	at org.junit.jupiter.engine.execution.InterceptingExecutableInvoker.invoke(InterceptingExecutableInvoker.java:92)
	at org.junit.jupiter.engine.execution.InterceptingExecutableInvoker.invoke(InterceptingExecutableInvoker.java:86)
	at org.junit.jupiter.engine.descriptor.TestMethodTestDescriptor.lambda$invokeTestMethod$7(TestMethodTestDescriptor.java:218)
	at org.junit.platform.engine.support.hierarchical.ThrowableCollector.execute(ThrowableCollector.java:73)
	at org.junit.jupiter.engine.descriptor.TestMethodTestDescriptor.invokeTestMethod(TestMethodTestDescriptor.java:214)
	at org.junit.jupiter.engine.descriptor.TestMethodTestDescriptor.execute(TestMethodTestDescriptor.java:139)
	at org.junit.jupiter.engine.descriptor.TestMethodTestDescriptor.execute(TestMethodTestDescriptor.java:69)
	at org.junit.platform.engine.support.hierarchical.NodeTestTask.lambda$executeRecursively$6(NodeTestTask.java:151)
	at org.junit.platform.engine.support.hierarchical.ThrowableCollector.execute(ThrowableCollector.java:73)
	at org.junit.platform.engine.support.hierarchical.NodeTestTask.lambda$executeRecursively$8(NodeTestTask.java:141)
	at org.junit.platform.engine.support.hierarchical.Node.around(Node.java:137)
	at org.junit.platform.engine.support.hierarchical.NodeTestTask.lambda$executeRecursively$9(NodeTestTask.java:139)
	at org.junit.platform.engine.support.hierarchical.ThrowableCollector.execute(ThrowableCollector.java:73)
	at org.junit.platform.engine.support.hierarchical.NodeTestTask.executeRecursively(NodeTestTask.java:138)
	at org.junit.platform.engine.support.hierarchical.NodeTestTask.execute(NodeTestTask.java:95)
	at java.base/java.util.ArrayList.forEach(ArrayList.java:1596)
	at org.junit.platform.engine.support.hierarchical.SameThreadHierarchicalTestExecutorService.invokeAll(SameThreadHierarchicalTestExecutorService.java:41)
	at org.junit.platform.engine.support.hierarchical.NodeTestTask.lambda$executeRecursively$6(NodeTestTask.java:155)
	at org.junit.platform.engine.support.hierarchical.ThrowableCollector.execute(ThrowableCollector.java:73)
	at org.junit.platform.engine.support.hierarchical.NodeTestTask.lambda$executeRecursively$8(NodeTestTask.java:141)
	at org.junit.platform.engine.support.hierarchical.Node.around(Node.java:137)
	at org.junit.platform.engine.support.hierarchical.NodeTestTask.lambda$executeRecursively$9(NodeTestTask.java:139)
	at org.junit.platform.engine.support.hierarchical.ThrowableCollector.execute(ThrowableCollector.java:73)
	at org.junit.platform.engine.support.hierarchical.NodeTestTask.executeRecursively(NodeTestTask.java:138)
	at org.junit.platform.engine.support.hierarchical.NodeTestTask.execute(NodeTestTask.java:95)
	at java.base/java.util.ArrayList.forEach(ArrayList.java:1596)
	at org.junit.platform.engine.support.hierarchical.SameThreadHierarchicalTestExecutorService.invokeAll(SameThreadHierarchicalTestExecutorService.java:41)
	at org.junit.platform.engine.support.hierarchical.NodeTestTask.lambda$executeRecursively$6(NodeTestTask.java:155)
	at org.junit.platform.engine.support.hierarchical.ThrowableCollector.execute(ThrowableCollector.java:73)
	at org.junit.platform.engine.support.hierarchical.NodeTestTask.lambda$executeRecursively$8(NodeTestTask.java:141)
	at org.junit.platform.engine.support.hierarchical.Node.around(Node.java:137)
	at org.junit.platform.engine.support.hierarchical.NodeTestTask.lambda$executeRecursively$9(NodeTestTask.java:139)
	at org.junit.platform.engine.support.hierarchical.ThrowableCollector.execute(ThrowableCollector.java:73)
	at org.junit.platform.engine.support.hierarchical.NodeTestTask.executeRecursively(NodeTestTask.java:138)
	at org.junit.platform.engine.support.hierarchical.NodeTestTask.execute(NodeTestTask.java:95)
	at org.junit.platform.engine.support.hierarchical.SameThreadHierarchicalTestExecutorService.submit(SameThreadHierarchicalTestExecutorService.java:35)
	at org.junit.platform.engine.support.hierarchical.HierarchicalTestExecutor.execute(HierarchicalTestExecutor.java:57)
	at org.junit.platform.engine.support.hierarchical.HierarchicalTestEngine.execute(HierarchicalTestEngine.java:54)
	at org.junit.platform.launcher.core.EngineExecutionOrchestrator.execute(EngineExecutionOrchestrator.java:198)
	at org.junit.platform.launcher.core.EngineExecutionOrchestrator.execute(EngineExecutionOrchestrator.java:169)
	at org.junit.platform.launcher.core.EngineExecutionOrchestrator.execute(EngineExecutionOrchestrator.java:93)
	at org.junit.platform.launcher.core.EngineExecutionOrchestrator.lambda$execute$0(EngineExecutionOrchestrator.java:58)
	at org.junit.platform.launcher.core.EngineExecutionOrchestrator.withInterceptedStreams(EngineExecutionOrchestrator.java:141)
	at org.junit.platform.launcher.core.EngineExecutionOrchestrator.execute(EngineExecutionOrchestrator.java:57)
	at org.junit.platform.launcher.core.DefaultLauncher.execute(DefaultLauncher.java:103)
	at org.junit.platform.launcher.core.DefaultLauncher.execute(DefaultLauncher.java:85)
	at org.junit.platform.launcher.core.DelegatingLauncher.execute(DelegatingLauncher.java:47)
	at org.junit.platform.launcher.core.SessionPerRequestLauncher.execute(SessionPerRequestLauncher.java:63)
	at com.intellij.junit5.JUnit5IdeaTestRunner.startRunnerWithArgs(JUnit5IdeaTestRunner.java:57)
	at com.intellij.rt.junit.IdeaTestRunner$Repeater$1.execute(IdeaTestRunner.java:38)
	at com.intellij.rt.execution.junit.TestsRepeater.repeat(TestsRepeater.java:11)
	at com.intellij.rt.junit.IdeaTestRunner$Repeater.startRunnerWithArgs(IdeaTestRunner.java:35)
	at com.intellij.rt.junit.JUnitStarter.prepareStreamsAndStart(JUnitStarter.java:232)
	at com.intellij.rt.junit.JUnitStarter.main(JUnitStarter.java:55)
2025-02-14 13:25:58 [main] INFO  l.insoft.uztis.tests.utils.TestUtils - Screenshot moved to C:\Users\ingrida.zadorozniene\Desktop\Asm\UZTIS\UZTIS_tests\test-output\screenshots\20250214\132558564_testFillEvaluationTwo().png
2025-02-14 13:29:01 [main] INFO  lt.insoft.uztis.tests.UztisPageTest - Navigated to https://uztisdev.asseco.lt/home
2025-02-14 13:29:01 [main] INFO  l.i.uztis.tests.EvaluationsPageTest - Starting test:'testFillEvaluationTwo'
2025-02-14 13:29:01 [main] INFO  l.i.uztis.tests.EvaluationsPageTest - Starting test:'testNavigateToEvaluationsPage'
2025-02-14 13:29:01 [main] DEBUG l.i.uztis.tests.EvaluationsPageTest - User logged in with test credentials
2025-02-14 13:29:02 [main] DEBUG l.i.uztis.tests.EvaluationsPageTest - Opened 'Application Processing' menu.
2025-02-14 13:29:02 [main] DEBUG l.i.uztis.tests.EvaluationsPageTest - Clicked on 'Evaluations' menu.
2025-02-14 13:29:02 [main] DEBUG l.i.uztis.tests.EvaluationsPageTest - Navigating to evaluations menu.
2025-02-14 13:29:02 [main] INFO  l.i.uztis.tests.EvaluationsPageTest - Test 'testNavigateToEvaluationsPage' completed successfully.
2025-02-14 13:29:02 [main] DEBUG l.i.uztis.tests.EvaluationsPageTest - Clicked on last evaluation.
2025-02-14 13:29:03 [main] DEBUG l.i.uztis.tests.EvaluationsPageTest - Clicked 'Edit'.
2025-02-14 13:29:03 [main] DEBUG l.i.uztis.tests.EvaluationsPageTest - Entered commission date.
2025-02-14 13:29:04 [main] DEBUG l.i.uztis.tests.EvaluationsPageTest - Selected 'Without Commission' radio button.
2025-02-14 13:29:04 [main] DEBUG l.i.uztis.tests.EvaluationsPageTest - Entered chairman name: 'Pirmininkas Pirmininkauskas'.
2025-02-14 13:29:04 [main] DEBUG l.i.uztis.tests.EvaluationsPageTest - Entered member name: 'Narys Narauskas'.
2025-02-14 13:29:04 [main] DEBUG l.i.uztis.tests.EvaluationsPageTest - Clicked 'Continue'.
2025-02-14 13:29:04 [main] DEBUG l.i.uztis.tests.EvaluationsPageTest - Entered score edition: '9'.
2025-02-14 13:29:05 [main] DEBUG l.i.uztis.tests.EvaluationsPageTest - Entered chairman score: '10'.
2025-02-14 13:29:05 [main] DEBUG l.i.uztis.tests.EvaluationsPageTest - Entered member score: '11'.
2025-02-14 13:29:05 [main] DEBUG l.i.uztis.tests.EvaluationsPageTest - Entered conclusion: 'Išvada - palanki'.
2025-02-14 13:29:05 [main] DEBUG l.i.uztis.tests.EvaluationsPageTest - Clicked 'Confirm'.
2025-02-14 13:29:05 [main] INFO  l.i.uztis.tests.EvaluationsPageTest - Test 'testFillEvaluationTwo' completed successfully.
2025-02-14 13:34:44 [main] INFO  lt.insoft.uztis.tests.UztisPageTest - Navigated to https://uztisdev.asseco.lt/home
2025-02-14 13:34:44 [main] INFO  l.i.uztis.tests.EvaluationsPageTest - Starting test:'testFillEvaluationTwo'
2025-02-14 13:34:44 [main] INFO  l.i.uztis.tests.EvaluationsPageTest - Starting test:'testNavigateToEvaluationsPage'
2025-02-14 13:34:45 [main] DEBUG l.i.uztis.tests.EvaluationsPageTest - User logged in with test credentials
2025-02-14 13:34:45 [main] DEBUG l.i.uztis.tests.EvaluationsPageTest - Opened 'Application Processing' menu.
2025-02-14 13:34:45 [main] DEBUG l.i.uztis.tests.EvaluationsPageTest - Clicked on 'Evaluations' menu.
2025-02-14 13:34:45 [main] DEBUG l.i.uztis.tests.EvaluationsPageTest - Navigating to evaluations menu.
2025-02-14 13:34:45 [main] INFO  l.i.uztis.tests.EvaluationsPageTest - Test 'testNavigateToEvaluationsPage' completed successfully.
2025-02-14 13:34:46 [main] DEBUG l.i.uztis.tests.EvaluationsPageTest - Clicked on last evaluation.
2025-02-14 13:34:46 [main] DEBUG l.i.uztis.tests.EvaluationsPageTest - Clicked 'Edit'.
2025-02-14 13:34:47 [main] DEBUG l.i.uztis.tests.EvaluationsPageTest - Entered commission date.
2025-02-14 13:34:47 [main] DEBUG l.i.uztis.tests.EvaluationsPageTest - Selected 'Without Commission' radio button.
2025-02-14 13:34:47 [main] DEBUG l.i.uztis.tests.EvaluationsPageTest - Entered chairman name: 'Pirmininkas Pirmininkauskas'.
2025-02-14 13:34:47 [main] DEBUG l.i.uztis.tests.EvaluationsPageTest - Entered member name: 'Narys Narauskas'.
2025-02-14 13:34:47 [main] DEBUG l.i.uztis.tests.EvaluationsPageTest - Clicked 'Continue'.
2025-02-14 13:34:48 [main] DEBUG l.i.uztis.tests.EvaluationsPageTest - Entered score edition: '9'.
2025-02-14 13:34:48 [main] DEBUG l.i.uztis.tests.EvaluationsPageTest - Entered chairman score: '10'.
2025-02-14 13:34:48 [main] DEBUG l.i.uztis.tests.EvaluationsPageTest - Entered member score: '11'.
2025-02-14 13:34:48 [main] DEBUG l.i.uztis.tests.EvaluationsPageTest - Entered conclusion: 'Išvada - palanki'.
2025-02-14 13:34:48 [main] DEBUG l.i.uztis.tests.EvaluationsPageTest - Clicked 'Confirm'.
2025-02-14 13:34:48 [main] INFO  l.i.uztis.tests.EvaluationsPageTest - Test 'testFillEvaluationTwo' completed successfully.
2025-02-14 13:41:22 [main] INFO  lt.insoft.uztis.tests.UztisPageTest - Navigated to https://uztisdev.asseco.lt/home
2025-02-14 13:41:23 [main] INFO  l.i.uztis.tests.EvaluationsPageTest - Starting test:'testFillEvaluationTwo'
2025-02-14 13:41:23 [main] INFO  l.i.uztis.tests.EvaluationsPageTest - Starting test:'testNavigateToEvaluationsPage'
2025-02-14 13:41:23 [main] DEBUG l.i.uztis.tests.EvaluationsPageTest - User logged in with test credentials
2025-02-14 13:41:24 [main] DEBUG l.i.uztis.tests.EvaluationsPageTest - Opened 'Application Processing' menu.
2025-02-14 13:41:24 [main] DEBUG l.i.uztis.tests.EvaluationsPageTest - Clicked on 'Evaluations' menu.
2025-02-14 13:41:24 [main] DEBUG l.i.uztis.tests.EvaluationsPageTest - Navigating to evaluations menu.
2025-02-14 13:41:24 [main] INFO  l.i.uztis.tests.EvaluationsPageTest - Test 'testNavigateToEvaluationsPage' completed successfully.
2025-02-14 13:41:24 [main] DEBUG l.i.uztis.tests.EvaluationsPageTest - Clicked on last evaluation.
2025-02-14 13:41:25 [main] DEBUG l.i.uztis.tests.EvaluationsPageTest - Clicked 'Edit'.
2025-02-14 13:41:25 [main] DEBUG l.i.uztis.tests.EvaluationsPageTest - Entered commission date.
2025-02-14 13:41:25 [main] DEBUG l.i.uztis.tests.EvaluationsPageTest - Selected 'Without Commission' radio button.
2025-02-14 13:41:26 [main] DEBUG l.i.uztis.tests.EvaluationsPageTest - Entered chairman name: 'Pirmininkas Pirmininkauskas'.
2025-02-14 13:41:26 [main] DEBUG l.i.uztis.tests.EvaluationsPageTest - Entered member name: 'Narys Narauskas'.
2025-02-14 13:41:26 [main] DEBUG l.i.uztis.tests.EvaluationsPageTest - Clicked 'Continue'.
2025-02-14 13:41:26 [main] DEBUG l.i.uztis.tests.EvaluationsPageTest - Entered score edition: '9'.
2025-02-14 13:41:26 [main] DEBUG l.i.uztis.tests.EvaluationsPageTest - Entered chairman score: '10'.
2025-02-14 13:41:27 [main] DEBUG l.i.uztis.tests.EvaluationsPageTest - Entered member score: '11'.
2025-02-14 13:41:27 [main] DEBUG l.i.uztis.tests.EvaluationsPageTest - Entered conclusion: 'Išvada - palanki'.
2025-02-14 13:41:27 [main] DEBUG l.i.uztis.tests.EvaluationsPageTest - Entered  explanation: 'Balas pakoreduotas ranka'.
2025-02-14 13:41:27 [main] DEBUG l.i.uztis.tests.EvaluationsPageTest - Clicked 'Confirm'.
2025-02-14 13:41:27 [main] INFO  l.i.uztis.tests.EvaluationsPageTest - Test 'testFillEvaluationTwo' completed successfully.
2025-02-14 13:42:37 [main] INFO  lt.insoft.uztis.tests.UztisPageTest - Navigated to https://uztisdev.asseco.lt/home
2025-02-14 13:42:37 [main] INFO  l.i.uztis.tests.EvaluationsPageTest - Starting test:'testFillEvaluationTwo'
2025-02-14 13:42:37 [main] INFO  l.i.uztis.tests.EvaluationsPageTest - Starting test:'testNavigateToEvaluationsPage'
2025-02-14 13:42:37 [main] DEBUG l.i.uztis.tests.EvaluationsPageTest - User logged in with test credentials
2025-02-14 13:42:38 [main] DEBUG l.i.uztis.tests.EvaluationsPageTest - Opened 'Application Processing' menu.
2025-02-14 13:42:38 [main] DEBUG l.i.uztis.tests.EvaluationsPageTest - Clicked on 'Evaluations' menu.
2025-02-14 13:42:38 [main] DEBUG l.i.uztis.tests.EvaluationsPageTest - Navigating to evaluations menu.
2025-02-14 13:42:38 [main] INFO  l.i.uztis.tests.EvaluationsPageTest - Test 'testNavigateToEvaluationsPage' completed successfully.
2025-02-14 13:42:38 [main] DEBUG l.i.uztis.tests.EvaluationsPageTest - Clicked on last evaluation.
2025-02-14 13:42:38 [main] DEBUG l.i.uztis.tests.EvaluationsPageTest - Clicked 'Edit'.
2025-02-14 13:42:39 [main] DEBUG l.i.uztis.tests.EvaluationsPageTest - Entered commission date.
2025-02-14 13:42:39 [main] DEBUG l.i.uztis.tests.EvaluationsPageTest - Selected 'Without Commission' radio button.
2025-02-14 13:42:39 [main] DEBUG l.i.uztis.tests.EvaluationsPageTest - Entered chairman name: 'Pirmininkas Pirmininkauskas'.
2025-02-14 13:42:40 [main] DEBUG l.i.uztis.tests.EvaluationsPageTest - Entered member name: 'Narys Narauskas'.
2025-02-14 13:42:40 [main] DEBUG l.i.uztis.tests.EvaluationsPageTest - Clicked 'Continue'.
2025-02-14 13:42:40 [main] DEBUG l.i.uztis.tests.EvaluationsPageTest - Entered score edition: '9'.
2025-02-14 13:42:40 [main] DEBUG l.i.uztis.tests.EvaluationsPageTest - Entered chairman score: '10'.
2025-02-14 13:42:40 [main] DEBUG l.i.uztis.tests.EvaluationsPageTest - Entered member score: '11'.
2025-02-14 13:42:40 [main] DEBUG l.i.uztis.tests.EvaluationsPageTest - Entered conclusion: 'Išvada - palanki'.
2025-02-14 13:42:41 [main] DEBUG l.i.uztis.tests.EvaluationsPageTest - Entered  explanation: 'Balas pakoreduotas ranka'.
2025-02-14 13:42:41 [main] DEBUG l.i.uztis.tests.EvaluationsPageTest - Clicked 'Confirm'.
2025-02-14 13:42:41 [main] INFO  l.i.uztis.tests.EvaluationsPageTest - Test 'testFillEvaluationTwo' completed successfully.
2025-02-14 13:43:42 [main] INFO  lt.insoft.uztis.tests.UztisPageTest - Navigated to https://uztisdev.asseco.lt/home
2025-02-14 13:43:43 [main] INFO  l.i.uztis.tests.EvaluationsPageTest - Starting test:'testFillEvaluationTwo'
2025-02-14 13:43:43 [main] INFO  l.i.uztis.tests.EvaluationsPageTest - Starting test:'testNavigateToEvaluationsPage'
2025-02-14 13:43:43 [main] DEBUG l.i.uztis.tests.EvaluationsPageTest - User logged in with test credentials
2025-02-14 13:43:44 [main] DEBUG l.i.uztis.tests.EvaluationsPageTest - Opened 'Application Processing' menu.
2025-02-14 13:43:44 [main] DEBUG l.i.uztis.tests.EvaluationsPageTest - Clicked on 'Evaluations' menu.
2025-02-14 13:43:44 [main] DEBUG l.i.uztis.tests.EvaluationsPageTest - Navigating to evaluations menu.
2025-02-14 13:43:44 [main] INFO  l.i.uztis.tests.EvaluationsPageTest - Test 'testNavigateToEvaluationsPage' completed successfully.
2025-02-14 13:43:44 [main] DEBUG l.i.uztis.tests.EvaluationsPageTest - Clicked on last evaluation.
2025-02-14 13:43:45 [main] DEBUG l.i.uztis.tests.EvaluationsPageTest - Clicked 'Edit'.
2025-02-14 13:43:45 [main] DEBUG l.i.uztis.tests.EvaluationsPageTest - Entered commission date.
2025-02-14 13:43:45 [main] DEBUG l.i.uztis.tests.EvaluationsPageTest - Selected 'Without Commission' radio button.
2025-02-14 13:43:46 [main] DEBUG l.i.uztis.tests.EvaluationsPageTest - Entered chairman name: 'Pirmininkas Pirmininkauskas'.
2025-02-14 13:43:46 [main] DEBUG l.i.uztis.tests.EvaluationsPageTest - Entered member name: 'Narys Narauskas'.
2025-02-14 13:43:46 [main] DEBUG l.i.uztis.tests.EvaluationsPageTest - Clicked 'Continue'.
2025-02-14 13:43:46 [main] DEBUG l.i.uztis.tests.EvaluationsPageTest - Entered score edition: '9'.
2025-02-14 13:43:46 [main] DEBUG l.i.uztis.tests.EvaluationsPageTest - Entered chairman score: '10'.
2025-02-14 13:43:47 [main] DEBUG l.i.uztis.tests.EvaluationsPageTest - Entered member score: '11'.
2025-02-14 13:43:47 [main] DEBUG l.i.uztis.tests.EvaluationsPageTest - Entered conclusion: 'Išvada - palanki'.
2025-02-14 13:43:47 [main] DEBUG l.i.uztis.tests.EvaluationsPageTest - Entered  explanation: 'Balas pakoreduotas ranka'.
2025-02-14 13:43:47 [main] DEBUG l.i.uztis.tests.EvaluationsPageTest - Clicked 'Confirm'.
2025-02-14 13:43:47 [main] DEBUG l.i.uztis.tests.EvaluationsPageTest - Clicked 'Confirm Confirmation'.
2025-02-14 13:43:48 [main] DEBUG l.i.uztis.tests.EvaluationsPageTest - Fetched label text: Įvertinta
2025-02-14 13:43:48 [main] INFO  l.i.uztis.tests.EvaluationsPageTest - Verified that the label text matches the expected value.
2025-02-14 13:43:48 [main] INFO  l.i.uztis.tests.EvaluationsPageTest - Test 'testFillEvaluationTwo' completed successfully.
2025-02-14 13:44:33 [main] INFO  lt.insoft.uztis.tests.UztisPageTest - Navigated to https://uztisdev.asseco.lt/home
2025-02-14 13:44:33 [main] INFO  l.i.uztis.tests.EvaluationsPageTest - Starting test:'testFillEvaluationThree'
2025-02-14 13:44:33 [main] INFO  l.i.uztis.tests.EvaluationsPageTest - Starting test:'testNavigateToEvaluationsPage'
2025-02-14 13:44:34 [main] DEBUG l.i.uztis.tests.EvaluationsPageTest - User logged in with test credentials
2025-02-14 13:44:34 [main] DEBUG l.i.uztis.tests.EvaluationsPageTest - Opened 'Application Processing' menu.
2025-02-14 13:44:34 [main] DEBUG l.i.uztis.tests.EvaluationsPageTest - Clicked on 'Evaluations' menu.
2025-02-14 13:44:34 [main] DEBUG l.i.uztis.tests.EvaluationsPageTest - Navigating to evaluations menu.
2025-02-14 13:44:34 [main] INFO  l.i.uztis.tests.EvaluationsPageTest - Test 'testNavigateToEvaluationsPage' completed successfully.
2025-02-14 13:44:35 [main] DEBUG l.i.uztis.tests.EvaluationsPageTest - Clicked on last evaluation.
2025-02-14 13:44:35 [main] DEBUG l.i.uztis.tests.EvaluationsPageTest - Clicked 'Edit'.
2025-02-14 13:44:36 [main] DEBUG l.i.uztis.tests.EvaluationsPageTest - Entered commission date.
2025-02-14 13:44:36 [main] DEBUG l.i.uztis.tests.EvaluationsPageTest - Selected 'Without Commission' radio button.
2025-02-14 13:44:36 [main] DEBUG l.i.uztis.tests.EvaluationsPageTest - Entered chairman name: 'Pirmininkas Pirmininkauskas'.
2025-02-14 13:44:36 [main] DEBUG l.i.uztis.tests.EvaluationsPageTest - Entered member name: 'Narys Narauskas'.
2025-02-14 13:44:36 [main] DEBUG l.i.uztis.tests.EvaluationsPageTest - Clicked 'Continue'.
2025-02-14 13:44:37 [main] DEBUG l.i.uztis.tests.EvaluationsPageTest - Entered chairman score 1: '1'.
2025-02-14 13:44:37 [main] DEBUG l.i.uztis.tests.EvaluationsPageTest - Entered member score 1: '2'.
2025-02-14 13:44:37 [main] DEBUG l.i.uztis.tests.EvaluationsPageTest - Entered member conclusion 1: 'Išvada - palanki 1'.
2025-02-14 13:44:37 [main] DEBUG l.i.uztis.tests.EvaluationsPageTest - Entered chairman score 2: '3'.
2025-02-14 13:44:37 [main] DEBUG l.i.uztis.tests.EvaluationsPageTest - Entered member score 2: '4'.
2025-02-14 13:44:37 [main] DEBUG l.i.uztis.tests.EvaluationsPageTest - Entered member conclusion 2: 'Išvada - palanki 2'.
2025-02-14 13:44:37 [main] DEBUG l.i.uztis.tests.EvaluationsPageTest - Entered chairman score 3: '5'.
2025-02-14 13:44:38 [main] DEBUG l.i.uztis.tests.EvaluationsPageTest - Entered member score 3: '6'.
2025-02-14 13:44:38 [main] DEBUG l.i.uztis.tests.EvaluationsPageTest - Entered member conclusion 3: 'Išvada - palanki 3'.
2025-02-14 13:44:38 [main] DEBUG l.i.uztis.tests.EvaluationsPageTest - Entered chairman score 4: '7'.
2025-02-14 13:44:38 [main] DEBUG l.i.uztis.tests.EvaluationsPageTest - Entered member score 4: '8'.
2025-02-14 13:44:38 [main] DEBUG l.i.uztis.tests.EvaluationsPageTest - Entered member conclusion 4: 'Išvada - palanki 4'.
2025-02-14 13:44:38 [main] DEBUG l.i.uztis.tests.EvaluationsPageTest - Entered chairman score 5: '9'.
2025-02-14 13:44:38 [main] DEBUG l.i.uztis.tests.EvaluationsPageTest - Entered member score 5: '10'.
2025-02-14 13:44:39 [main] DEBUG l.i.uztis.tests.EvaluationsPageTest - Entered member conclusion 5: 'Išvada - palanki 5'.
2025-02-14 13:44:39 [main] DEBUG l.i.uztis.tests.EvaluationsPageTest - Clicked 'Confirm'.
2025-02-14 13:44:39 [main] INFO  l.i.uztis.tests.EvaluationsPageTest - Test 'testFillEvaluationThree' completed successfully.
2025-02-14 13:52:31 [main] INFO  lt.insoft.uztis.tests.UztisPageTest - Navigated to https://uztisdev.asseco.lt/home
2025-02-14 13:52:31 [main] INFO  l.i.uztis.tests.EvaluationsPageTest - Starting test:'testFillEvaluationThree'
2025-02-14 13:52:31 [main] INFO  l.i.uztis.tests.EvaluationsPageTest - Starting test:'testNavigateToEvaluationsPage'
2025-02-14 13:52:34 [main] DEBUG l.i.uztis.tests.EvaluationsPageTest - User logged in with test credentials
2025-02-14 13:52:35 [main] DEBUG l.i.uztis.tests.EvaluationsPageTest - Opened 'Application Processing' menu.
2025-02-14 13:52:35 [main] DEBUG l.i.uztis.tests.EvaluationsPageTest - Clicked on 'Evaluations' menu.
2025-02-14 13:52:35 [main] DEBUG l.i.uztis.tests.EvaluationsPageTest - Navigating to evaluations menu.
2025-02-14 13:52:35 [main] INFO  l.i.uztis.tests.EvaluationsPageTest - Test 'testNavigateToEvaluationsPage' completed successfully.
2025-02-14 13:52:45 [main] ERROR l.i.uztis.tests.EvaluationsPageTest - Test 'testFillEvaluationThree' failed with error: invalid session id: session deleted as the browser has closed the connection
from disconnected: unable to send message to renderer
  (Session info: chrome=132.0.6834.197)
Build info: version: '4.27.0', revision: 'd6e718d134'
System info: os.name: 'Windows 11', os.arch: 'amd64', os.version: '10.0', java.version: '21.0.3'
Driver info: org.openqa.selenium.chrome.ChromeDriver
Command: [0fb6ada483c0f630555c2fc57b98dcf2, findElement {using=xpath, value=(//tr[contains(@class, 'mdc-data-table__row')])[1]}]
Capabilities {acceptInsecureCerts: false, browserName: chrome, browserVersion: 132.0.6834.197, chrome: {chromedriverVersion: 132.0.6834.159 (2d77d3fc445..., userDataDir: C:\Users\INGRID~1.ZAD\AppDa...}, fedcm:accounts: true, goog:chromeOptions: {debuggerAddress: localhost:60978}, networkConnectionEnabled: false, pageLoadStrategy: normal, platformName: windows, proxy: Proxy(), se:cdp: ws://localhost:60978/devtoo..., se:cdpVersion: 132.0.6834.197, setWindowRect: true, strictFileInteractability: false, timeouts: {implicit: 0, pageLoad: 300000, script: 30000}, unhandledPromptBehavior: dismiss and notify, webauthn:extension:credBlob: true, webauthn:extension:largeBlob: true, webauthn:extension:minPinLength: true, webauthn:extension:prf: true, webauthn:virtualAuthenticators: true}
Session ID: 0fb6ada483c0f630555c2fc57b98dcf2
org.openqa.selenium.NoSuchSessionException: invalid session id: session deleted as the browser has closed the connection
from disconnected: unable to send message to renderer
  (Session info: chrome=132.0.6834.197)
Build info: version: '4.27.0', revision: 'd6e718d134'
System info: os.name: 'Windows 11', os.arch: 'amd64', os.version: '10.0', java.version: '21.0.3'
Driver info: org.openqa.selenium.chrome.ChromeDriver
Command: [0fb6ada483c0f630555c2fc57b98dcf2, findElement {using=xpath, value=(//tr[contains(@class, 'mdc-data-table__row')])[1]}]
Capabilities {acceptInsecureCerts: false, browserName: chrome, browserVersion: 132.0.6834.197, chrome: {chromedriverVersion: 132.0.6834.159 (2d77d3fc445..., userDataDir: C:\Users\INGRID~1.ZAD\AppDa...}, fedcm:accounts: true, goog:chromeOptions: {debuggerAddress: localhost:60978}, networkConnectionEnabled: false, pageLoadStrategy: normal, platformName: windows, proxy: Proxy(), se:cdp: ws://localhost:60978/devtoo..., se:cdpVersion: 132.0.6834.197, setWindowRect: true, strictFileInteractability: false, timeouts: {implicit: 0, pageLoad: 300000, script: 30000}, unhandledPromptBehavior: dismiss and notify, webauthn:extension:credBlob: true, webauthn:extension:largeBlob: true, webauthn:extension:minPinLength: true, webauthn:extension:prf: true, webauthn:virtualAuthenticators: true}
Session ID: 0fb6ada483c0f630555c2fc57b98dcf2
	at java.base/jdk.internal.reflect.DirectConstructorHandleAccessor.newInstance(DirectConstructorHandleAccessor.java:62)
	at java.base/java.lang.reflect.Constructor.newInstanceWithCaller(Constructor.java:502)
	at java.base/java.lang.reflect.Constructor.newInstance(Constructor.java:486)
	at org.openqa.selenium.remote.ErrorCodec.decode(ErrorCodec.java:167)
	at org.openqa.selenium.remote.codec.w3c.W3CHttpResponseCodec.decode(W3CHttpResponseCodec.java:138)
	at org.openqa.selenium.remote.codec.w3c.W3CHttpResponseCodec.decode(W3CHttpResponseCodec.java:50)
	at org.openqa.selenium.remote.HttpCommandExecutor.execute(HttpCommandExecutor.java:190)
	at org.openqa.selenium.remote.service.DriverCommandExecutor.invokeExecute(DriverCommandExecutor.java:216)
	at org.openqa.selenium.remote.service.DriverCommandExecutor.execute(DriverCommandExecutor.java:174)
	at org.openqa.selenium.remote.RemoteWebDriver.execute(RemoteWebDriver.java:545)
	at org.openqa.selenium.remote.ElementLocation$ElementFinder$2.findElement(ElementLocation.java:165)
	at org.openqa.selenium.remote.ElementLocation.findElement(ElementLocation.java:59)
	at org.openqa.selenium.remote.RemoteWebDriver.findElement(RemoteWebDriver.java:368)
	at org.openqa.selenium.remote.RemoteWebDriver.findElement(RemoteWebDriver.java:362)
	at org.openqa.selenium.support.pagefactory.DefaultElementLocator.findElement(DefaultElementLocator.java:68)
	at org.openqa.selenium.support.pagefactory.internal.LocatingElementHandler.invoke(LocatingElementHandler.java:38)
	at jdk.proxy2/jdk.proxy2.$Proxy14.click(Unknown Source)
	at lt.insoft.uztis.pages.EvaluationsPage.clickLastEvaluation(EvaluationsPage.java:232)
	at lt.insoft.uztis.tests.EvaluationsPageTest.testFillEvaluationThree(EvaluationsPageTest.java:253)
	at java.base/jdk.internal.reflect.DirectMethodHandleAccessor.invoke(DirectMethodHandleAccessor.java:103)
	at java.base/java.lang.reflect.Method.invoke(Method.java:580)
	at org.junit.platform.commons.util.ReflectionUtils.invokeMethod(ReflectionUtils.java:728)
	at org.junit.jupiter.engine.execution.MethodInvocation.proceed(MethodInvocation.java:60)
	at org.junit.jupiter.engine.execution.InvocationInterceptorChain$ValidatingInvocation.proceed(InvocationInterceptorChain.java:131)
	at org.junit.jupiter.engine.extension.TimeoutExtension.intercept(TimeoutExtension.java:156)
	at org.junit.jupiter.engine.extension.TimeoutExtension.interceptTestableMethod(TimeoutExtension.java:147)
	at org.junit.jupiter.engine.extension.TimeoutExtension.interceptTestMethod(TimeoutExtension.java:86)
	at org.junit.jupiter.engine.execution.InterceptingExecutableInvoker$ReflectiveInterceptorCall.lambda$ofVoidMethod$0(InterceptingExecutableInvoker.java:103)
	at org.junit.jupiter.engine.execution.InterceptingExecutableInvoker.lambda$invoke$0(InterceptingExecutableInvoker.java:93)
	at org.junit.jupiter.engine.execution.InvocationInterceptorChain$InterceptedInvocation.proceed(InvocationInterceptorChain.java:106)
	at org.junit.jupiter.engine.execution.InvocationInterceptorChain.proceed(InvocationInterceptorChain.java:64)
	at org.junit.jupiter.engine.execution.InvocationInterceptorChain.chainAndInvoke(InvocationInterceptorChain.java:45)
	at org.junit.jupiter.engine.execution.InvocationInterceptorChain.invoke(InvocationInterceptorChain.java:37)
	at org.junit.jupiter.engine.execution.InterceptingExecutableInvoker.invoke(InterceptingExecutableInvoker.java:92)
	at org.junit.jupiter.engine.execution.InterceptingExecutableInvoker.invoke(InterceptingExecutableInvoker.java:86)
	at org.junit.jupiter.engine.descriptor.TestMethodTestDescriptor.lambda$invokeTestMethod$7(TestMethodTestDescriptor.java:218)
	at org.junit.platform.engine.support.hierarchical.ThrowableCollector.execute(ThrowableCollector.java:73)
	at org.junit.jupiter.engine.descriptor.TestMethodTestDescriptor.invokeTestMethod(TestMethodTestDescriptor.java:214)
	at org.junit.jupiter.engine.descriptor.TestMethodTestDescriptor.execute(TestMethodTestDescriptor.java:139)
	at org.junit.jupiter.engine.descriptor.TestMethodTestDescriptor.execute(TestMethodTestDescriptor.java:69)
	at org.junit.platform.engine.support.hierarchical.NodeTestTask.lambda$executeRecursively$6(NodeTestTask.java:151)
	at org.junit.platform.engine.support.hierarchical.ThrowableCollector.execute(ThrowableCollector.java:73)
	at org.junit.platform.engine.support.hierarchical.NodeTestTask.lambda$executeRecursively$8(NodeTestTask.java:141)
	at org.junit.platform.engine.support.hierarchical.Node.around(Node.java:137)
	at org.junit.platform.engine.support.hierarchical.NodeTestTask.lambda$executeRecursively$9(NodeTestTask.java:139)
	at org.junit.platform.engine.support.hierarchical.ThrowableCollector.execute(ThrowableCollector.java:73)
	at org.junit.platform.engine.support.hierarchical.NodeTestTask.executeRecursively(NodeTestTask.java:138)
	at org.junit.platform.engine.support.hierarchical.NodeTestTask.execute(NodeTestTask.java:95)
	at java.base/java.util.ArrayList.forEach(ArrayList.java:1596)
	at org.junit.platform.engine.support.hierarchical.SameThreadHierarchicalTestExecutorService.invokeAll(SameThreadHierarchicalTestExecutorService.java:41)
	at org.junit.platform.engine.support.hierarchical.NodeTestTask.lambda$executeRecursively$6(NodeTestTask.java:155)
	at org.junit.platform.engine.support.hierarchical.ThrowableCollector.execute(ThrowableCollector.java:73)
	at org.junit.platform.engine.support.hierarchical.NodeTestTask.lambda$executeRecursively$8(NodeTestTask.java:141)
	at org.junit.platform.engine.support.hierarchical.Node.around(Node.java:137)
	at org.junit.platform.engine.support.hierarchical.NodeTestTask.lambda$executeRecursively$9(NodeTestTask.java:139)
	at org.junit.platform.engine.support.hierarchical.ThrowableCollector.execute(ThrowableCollector.java:73)
	at org.junit.platform.engine.support.hierarchical.NodeTestTask.executeRecursively(NodeTestTask.java:138)
	at org.junit.platform.engine.support.hierarchical.NodeTestTask.execute(NodeTestTask.java:95)
	at java.base/java.util.ArrayList.forEach(ArrayList.java:1596)
	at org.junit.platform.engine.support.hierarchical.SameThreadHierarchicalTestExecutorService.invokeAll(SameThreadHierarchicalTestExecutorService.java:41)
	at org.junit.platform.engine.support.hierarchical.NodeTestTask.lambda$executeRecursively$6(NodeTestTask.java:155)
	at org.junit.platform.engine.support.hierarchical.ThrowableCollector.execute(ThrowableCollector.java:73)
	at org.junit.platform.engine.support.hierarchical.NodeTestTask.lambda$executeRecursively$8(NodeTestTask.java:141)
	at org.junit.platform.engine.support.hierarchical.Node.around(Node.java:137)
	at org.junit.platform.engine.support.hierarchical.NodeTestTask.lambda$executeRecursively$9(NodeTestTask.java:139)
	at org.junit.platform.engine.support.hierarchical.ThrowableCollector.execute(ThrowableCollector.java:73)
	at org.junit.platform.engine.support.hierarchical.NodeTestTask.executeRecursively(NodeTestTask.java:138)
	at org.junit.platform.engine.support.hierarchical.NodeTestTask.execute(NodeTestTask.java:95)
	at org.junit.platform.engine.support.hierarchical.SameThreadHierarchicalTestExecutorService.submit(SameThreadHierarchicalTestExecutorService.java:35)
	at org.junit.platform.engine.support.hierarchical.HierarchicalTestExecutor.execute(HierarchicalTestExecutor.java:57)
	at org.junit.platform.engine.support.hierarchical.HierarchicalTestEngine.execute(HierarchicalTestEngine.java:54)
	at org.junit.platform.launcher.core.EngineExecutionOrchestrator.execute(EngineExecutionOrchestrator.java:198)
	at org.junit.platform.launcher.core.EngineExecutionOrchestrator.execute(EngineExecutionOrchestrator.java:169)
	at org.junit.platform.launcher.core.EngineExecutionOrchestrator.execute(EngineExecutionOrchestrator.java:93)
	at org.junit.platform.launcher.core.EngineExecutionOrchestrator.lambda$execute$0(EngineExecutionOrchestrator.java:58)
	at org.junit.platform.launcher.core.EngineExecutionOrchestrator.withInterceptedStreams(EngineExecutionOrchestrator.java:141)
	at org.junit.platform.launcher.core.EngineExecutionOrchestrator.execute(EngineExecutionOrchestrator.java:57)
	at org.junit.platform.launcher.core.DefaultLauncher.execute(DefaultLauncher.java:103)
	at org.junit.platform.launcher.core.DefaultLauncher.execute(DefaultLauncher.java:85)
	at org.junit.platform.launcher.core.DelegatingLauncher.execute(DelegatingLauncher.java:47)
	at org.junit.platform.launcher.core.SessionPerRequestLauncher.execute(SessionPerRequestLauncher.java:63)
	at com.intellij.junit5.JUnit5IdeaTestRunner.startRunnerWithArgs(JUnit5IdeaTestRunner.java:57)
	at com.intellij.rt.junit.IdeaTestRunner$Repeater$1.execute(IdeaTestRunner.java:38)
	at com.intellij.rt.execution.junit.TestsRepeater.repeat(TestsRepeater.java:11)
	at com.intellij.rt.junit.IdeaTestRunner$Repeater.startRunnerWithArgs(IdeaTestRunner.java:35)
	at com.intellij.rt.junit.JUnitStarter.prepareStreamsAndStart(JUnitStarter.java:232)
	at com.intellij.rt.junit.JUnitStarter.main(JUnitStarter.java:55)
2025-02-14 13:53:04 [main] INFO  lt.insoft.uztis.tests.UztisPageTest - Navigated to https://uztisdev.asseco.lt/home
2025-02-14 13:53:04 [main] INFO  l.i.uztis.tests.EvaluationsPageTest - Starting test:'testFillEvaluationThree'
2025-02-14 13:53:04 [main] INFO  l.i.uztis.tests.EvaluationsPageTest - Starting test:'testNavigateToEvaluationsPage'
2025-02-14 13:53:08 [main] DEBUG l.i.uztis.tests.EvaluationsPageTest - User logged in with test credentials
2025-02-14 13:53:09 [main] DEBUG l.i.uztis.tests.EvaluationsPageTest - Opened 'Application Processing' menu.
2025-02-14 13:53:09 [main] DEBUG l.i.uztis.tests.EvaluationsPageTest - Clicked on 'Evaluations' menu.
2025-02-14 13:53:09 [main] DEBUG l.i.uztis.tests.EvaluationsPageTest - Navigating to evaluations menu.
2025-02-14 13:53:09 [main] INFO  l.i.uztis.tests.EvaluationsPageTest - Test 'testNavigateToEvaluationsPage' completed successfully.
2025-02-14 13:53:19 [main] ERROR l.i.uztis.tests.EvaluationsPageTest - Test 'testFillEvaluationThree' failed with error: no such element: Unable to locate element: {"method":"xpath","selector":"(//tr[contains(@class, 'mdc-data-table__row')])[1]"}
  (Session info: chrome=132.0.6834.197)
For documentation on this error, please visit: https://www.selenium.dev/documentation/webdriver/troubleshooting/errors#no-such-element-exception
Build info: version: '4.27.0', revision: 'd6e718d134'
System info: os.name: 'Windows 11', os.arch: 'amd64', os.version: '10.0', java.version: '21.0.3'
Driver info: org.openqa.selenium.chrome.ChromeDriver
Command: [5f2a17d2c3a5e55e419e8a8b3f816251, findElement {using=xpath, value=(//tr[contains(@class, 'mdc-data-table__row')])[1]}]
Capabilities {acceptInsecureCerts: false, browserName: chrome, browserVersion: 132.0.6834.197, chrome: {chromedriverVersion: 132.0.6834.159 (2d77d3fc445..., userDataDir: C:\Users\INGRID~1.ZAD\AppDa...}, fedcm:accounts: true, goog:chromeOptions: {debuggerAddress: localhost:61017}, networkConnectionEnabled: false, pageLoadStrategy: normal, platformName: windows, proxy: Proxy(), se:cdp: ws://localhost:61017/devtoo..., se:cdpVersion: 132.0.6834.197, setWindowRect: true, strictFileInteractability: false, timeouts: {implicit: 0, pageLoad: 300000, script: 30000}, unhandledPromptBehavior: dismiss and notify, webauthn:extension:credBlob: true, webauthn:extension:largeBlob: true, webauthn:extension:minPinLength: true, webauthn:extension:prf: true, webauthn:virtualAuthenticators: true}
Session ID: 5f2a17d2c3a5e55e419e8a8b3f816251
org.openqa.selenium.NoSuchElementException: no such element: Unable to locate element: {"method":"xpath","selector":"(//tr[contains(@class, 'mdc-data-table__row')])[1]"}
  (Session info: chrome=132.0.6834.197)
For documentation on this error, please visit: https://www.selenium.dev/documentation/webdriver/troubleshooting/errors#no-such-element-exception
Build info: version: '4.27.0', revision: 'd6e718d134'
System info: os.name: 'Windows 11', os.arch: 'amd64', os.version: '10.0', java.version: '21.0.3'
Driver info: org.openqa.selenium.chrome.ChromeDriver
Command: [5f2a17d2c3a5e55e419e8a8b3f816251, findElement {using=xpath, value=(//tr[contains(@class, 'mdc-data-table__row')])[1]}]
Capabilities {acceptInsecureCerts: false, browserName: chrome, browserVersion: 132.0.6834.197, chrome: {chromedriverVersion: 132.0.6834.159 (2d77d3fc445..., userDataDir: C:\Users\INGRID~1.ZAD\AppDa...}, fedcm:accounts: true, goog:chromeOptions: {debuggerAddress: localhost:61017}, networkConnectionEnabled: false, pageLoadStrategy: normal, platformName: windows, proxy: Proxy(), se:cdp: ws://localhost:61017/devtoo..., se:cdpVersion: 132.0.6834.197, setWindowRect: true, strictFileInteractability: false, timeouts: {implicit: 0, pageLoad: 300000, script: 30000}, unhandledPromptBehavior: dismiss and notify, webauthn:extension:credBlob: true, webauthn:extension:largeBlob: true, webauthn:extension:minPinLength: true, webauthn:extension:prf: true, webauthn:virtualAuthenticators: true}
Session ID: 5f2a17d2c3a5e55e419e8a8b3f816251
	at java.base/jdk.internal.reflect.DirectConstructorHandleAccessor.newInstance(DirectConstructorHandleAccessor.java:62)
	at java.base/java.lang.reflect.Constructor.newInstanceWithCaller(Constructor.java:502)
	at java.base/java.lang.reflect.Constructor.newInstance(Constructor.java:486)
	at org.openqa.selenium.remote.ErrorCodec.decode(ErrorCodec.java:167)
	at org.openqa.selenium.remote.codec.w3c.W3CHttpResponseCodec.decode(W3CHttpResponseCodec.java:138)
	at org.openqa.selenium.remote.codec.w3c.W3CHttpResponseCodec.decode(W3CHttpResponseCodec.java:50)
	at org.openqa.selenium.remote.HttpCommandExecutor.execute(HttpCommandExecutor.java:190)
	at org.openqa.selenium.remote.service.DriverCommandExecutor.invokeExecute(DriverCommandExecutor.java:216)
	at org.openqa.selenium.remote.service.DriverCommandExecutor.execute(DriverCommandExecutor.java:174)
	at org.openqa.selenium.remote.RemoteWebDriver.execute(RemoteWebDriver.java:545)
	at org.openqa.selenium.remote.ElementLocation$ElementFinder$2.findElement(ElementLocation.java:165)
	at org.openqa.selenium.remote.ElementLocation.findElement(ElementLocation.java:59)
	at org.openqa.selenium.remote.RemoteWebDriver.findElement(RemoteWebDriver.java:368)
	at org.openqa.selenium.remote.RemoteWebDriver.findElement(RemoteWebDriver.java:362)
	at org.openqa.selenium.support.pagefactory.DefaultElementLocator.findElement(DefaultElementLocator.java:68)
	at org.openqa.selenium.support.pagefactory.internal.LocatingElementHandler.invoke(LocatingElementHandler.java:38)
	at jdk.proxy2/jdk.proxy2.$Proxy14.click(Unknown Source)
	at lt.insoft.uztis.pages.EvaluationsPage.clickLastEvaluation(EvaluationsPage.java:232)
	at lt.insoft.uztis.tests.EvaluationsPageTest.testFillEvaluationThree(EvaluationsPageTest.java:253)
	at java.base/jdk.internal.reflect.DirectMethodHandleAccessor.invoke(DirectMethodHandleAccessor.java:103)
	at java.base/java.lang.reflect.Method.invoke(Method.java:580)
	at org.junit.platform.commons.util.ReflectionUtils.invokeMethod(ReflectionUtils.java:728)
	at org.junit.jupiter.engine.execution.MethodInvocation.proceed(MethodInvocation.java:60)
	at org.junit.jupiter.engine.execution.InvocationInterceptorChain$ValidatingInvocation.proceed(InvocationInterceptorChain.java:131)
	at org.junit.jupiter.engine.extension.TimeoutExtension.intercept(TimeoutExtension.java:156)
	at org.junit.jupiter.engine.extension.TimeoutExtension.interceptTestableMethod(TimeoutExtension.java:147)
	at org.junit.jupiter.engine.extension.TimeoutExtension.interceptTestMethod(TimeoutExtension.java:86)
	at org.junit.jupiter.engine.execution.InterceptingExecutableInvoker$ReflectiveInterceptorCall.lambda$ofVoidMethod$0(InterceptingExecutableInvoker.java:103)
	at org.junit.jupiter.engine.execution.InterceptingExecutableInvoker.lambda$invoke$0(InterceptingExecutableInvoker.java:93)
	at org.junit.jupiter.engine.execution.InvocationInterceptorChain$InterceptedInvocation.proceed(InvocationInterceptorChain.java:106)
	at org.junit.jupiter.engine.execution.InvocationInterceptorChain.proceed(InvocationInterceptorChain.java:64)
	at org.junit.jupiter.engine.execution.InvocationInterceptorChain.chainAndInvoke(InvocationInterceptorChain.java:45)
	at org.junit.jupiter.engine.execution.InvocationInterceptorChain.invoke(InvocationInterceptorChain.java:37)
	at org.junit.jupiter.engine.execution.InterceptingExecutableInvoker.invoke(InterceptingExecutableInvoker.java:92)
	at org.junit.jupiter.engine.execution.InterceptingExecutableInvoker.invoke(InterceptingExecutableInvoker.java:86)
	at org.junit.jupiter.engine.descriptor.TestMethodTestDescriptor.lambda$invokeTestMethod$7(TestMethodTestDescriptor.java:218)
	at org.junit.platform.engine.support.hierarchical.ThrowableCollector.execute(ThrowableCollector.java:73)
	at org.junit.jupiter.engine.descriptor.TestMethodTestDescriptor.invokeTestMethod(TestMethodTestDescriptor.java:214)
	at org.junit.jupiter.engine.descriptor.TestMethodTestDescriptor.execute(TestMethodTestDescriptor.java:139)
	at org.junit.jupiter.engine.descriptor.TestMethodTestDescriptor.execute(TestMethodTestDescriptor.java:69)
	at org.junit.platform.engine.support.hierarchical.NodeTestTask.lambda$executeRecursively$6(NodeTestTask.java:151)
	at org.junit.platform.engine.support.hierarchical.ThrowableCollector.execute(ThrowableCollector.java:73)
	at org.junit.platform.engine.support.hierarchical.NodeTestTask.lambda$executeRecursively$8(NodeTestTask.java:141)
	at org.junit.platform.engine.support.hierarchical.Node.around(Node.java:137)
	at org.junit.platform.engine.support.hierarchical.NodeTestTask.lambda$executeRecursively$9(NodeTestTask.java:139)
	at org.junit.platform.engine.support.hierarchical.ThrowableCollector.execute(ThrowableCollector.java:73)
	at org.junit.platform.engine.support.hierarchical.NodeTestTask.executeRecursively(NodeTestTask.java:138)
	at org.junit.platform.engine.support.hierarchical.NodeTestTask.execute(NodeTestTask.java:95)
	at java.base/java.util.ArrayList.forEach(ArrayList.java:1596)
	at org.junit.platform.engine.support.hierarchical.SameThreadHierarchicalTestExecutorService.invokeAll(SameThreadHierarchicalTestExecutorService.java:41)
	at org.junit.platform.engine.support.hierarchical.NodeTestTask.lambda$executeRecursively$6(NodeTestTask.java:155)
	at org.junit.platform.engine.support.hierarchical.ThrowableCollector.execute(ThrowableCollector.java:73)
	at org.junit.platform.engine.support.hierarchical.NodeTestTask.lambda$executeRecursively$8(NodeTestTask.java:141)
	at org.junit.platform.engine.support.hierarchical.Node.around(Node.java:137)
	at org.junit.platform.engine.support.hierarchical.NodeTestTask.lambda$executeRecursively$9(NodeTestTask.java:139)
	at org.junit.platform.engine.support.hierarchical.ThrowableCollector.execute(ThrowableCollector.java:73)
	at org.junit.platform.engine.support.hierarchical.NodeTestTask.executeRecursively(NodeTestTask.java:138)
	at org.junit.platform.engine.support.hierarchical.NodeTestTask.execute(NodeTestTask.java:95)
	at java.base/java.util.ArrayList.forEach(ArrayList.java:1596)
	at org.junit.platform.engine.support.hierarchical.SameThreadHierarchicalTestExecutorService.invokeAll(SameThreadHierarchicalTestExecutorService.java:41)
	at org.junit.platform.engine.support.hierarchical.NodeTestTask.lambda$executeRecursively$6(NodeTestTask.java:155)
	at org.junit.platform.engine.support.hierarchical.ThrowableCollector.execute(ThrowableCollector.java:73)
	at org.junit.platform.engine.support.hierarchical.NodeTestTask.lambda$executeRecursively$8(NodeTestTask.java:141)
	at org.junit.platform.engine.support.hierarchical.Node.around(Node.java:137)
	at org.junit.platform.engine.support.hierarchical.NodeTestTask.lambda$executeRecursively$9(NodeTestTask.java:139)
	at org.junit.platform.engine.support.hierarchical.ThrowableCollector.execute(ThrowableCollector.java:73)
	at org.junit.platform.engine.support.hierarchical.NodeTestTask.executeRecursively(NodeTestTask.java:138)
	at org.junit.platform.engine.support.hierarchical.NodeTestTask.execute(NodeTestTask.java:95)
	at org.junit.platform.engine.support.hierarchical.SameThreadHierarchicalTestExecutorService.submit(SameThreadHierarchicalTestExecutorService.java:35)
	at org.junit.platform.engine.support.hierarchical.HierarchicalTestExecutor.execute(HierarchicalTestExecutor.java:57)
	at org.junit.platform.engine.support.hierarchical.HierarchicalTestEngine.execute(HierarchicalTestEngine.java:54)
	at org.junit.platform.launcher.core.EngineExecutionOrchestrator.execute(EngineExecutionOrchestrator.java:198)
	at org.junit.platform.launcher.core.EngineExecutionOrchestrator.execute(EngineExecutionOrchestrator.java:169)
	at org.junit.platform.launcher.core.EngineExecutionOrchestrator.execute(EngineExecutionOrchestrator.java:93)
	at org.junit.platform.launcher.core.EngineExecutionOrchestrator.lambda$execute$0(EngineExecutionOrchestrator.java:58)
	at org.junit.platform.launcher.core.EngineExecutionOrchestrator.withInterceptedStreams(EngineExecutionOrchestrator.java:141)
	at org.junit.platform.launcher.core.EngineExecutionOrchestrator.execute(EngineExecutionOrchestrator.java:57)
	at org.junit.platform.launcher.core.DefaultLauncher.execute(DefaultLauncher.java:103)
	at org.junit.platform.launcher.core.DefaultLauncher.execute(DefaultLauncher.java:85)
	at org.junit.platform.launcher.core.DelegatingLauncher.execute(DelegatingLauncher.java:47)
	at org.junit.platform.launcher.core.SessionPerRequestLauncher.execute(SessionPerRequestLauncher.java:63)
	at com.intellij.junit5.JUnit5IdeaTestRunner.startRunnerWithArgs(JUnit5IdeaTestRunner.java:57)
	at com.intellij.rt.junit.IdeaTestRunner$Repeater$1.execute(IdeaTestRunner.java:38)
	at com.intellij.rt.execution.junit.TestsRepeater.repeat(TestsRepeater.java:11)
	at com.intellij.rt.junit.IdeaTestRunner$Repeater.startRunnerWithArgs(IdeaTestRunner.java:35)
	at com.intellij.rt.junit.JUnitStarter.prepareStreamsAndStart(JUnitStarter.java:232)
	at com.intellij.rt.junit.JUnitStarter.main(JUnitStarter.java:55)
2025-02-14 13:55:02 [main] INFO  lt.insoft.uztis.tests.UztisPageTest - Navigated to https://uztisdev.asseco.lt/home
2025-02-14 13:55:02 [main] INFO  l.i.uztis.tests.EvaluationsPageTest - Starting test:'testFillEvaluationThree'
2025-02-14 13:55:02 [main] INFO  l.i.uztis.tests.EvaluationsPageTest - Starting test:'testNavigateToEvaluationsPage'
2025-02-14 13:55:06 [main] DEBUG l.i.uztis.tests.EvaluationsPageTest - User logged in with test credentials
2025-02-14 13:55:06 [main] DEBUG l.i.uztis.tests.EvaluationsPageTest - Opened 'Application Processing' menu.
2025-02-14 13:55:06 [main] DEBUG l.i.uztis.tests.EvaluationsPageTest - Clicked on 'Evaluations' menu.
2025-02-14 13:55:06 [main] DEBUG l.i.uztis.tests.EvaluationsPageTest - Navigating to evaluations menu.
2025-02-14 13:55:06 [main] INFO  l.i.uztis.tests.EvaluationsPageTest - Test 'testNavigateToEvaluationsPage' completed successfully.
2025-02-14 13:55:16 [main] ERROR l.i.uztis.tests.EvaluationsPageTest - Test 'testFillEvaluationThree' failed with error: no such element: Unable to locate element: {"method":"xpath","selector":"(//tr[contains(@class, 'mdc-data-table__row')])[1]"}
  (Session info: chrome=132.0.6834.197)
For documentation on this error, please visit: https://www.selenium.dev/documentation/webdriver/troubleshooting/errors#no-such-element-exception
Build info: version: '4.27.0', revision: 'd6e718d134'
System info: os.name: 'Windows 11', os.arch: 'amd64', os.version: '10.0', java.version: '21.0.3'
Driver info: org.openqa.selenium.chrome.ChromeDriver
Command: [e1a5e24e060f1e3f001f1aed963aaa48, findElement {value=(//tr[contains(@class, 'mdc-data-table__row')])[1], using=xpath}]
Capabilities {acceptInsecureCerts: false, browserName: chrome, browserVersion: 132.0.6834.197, chrome: {chromedriverVersion: 132.0.6834.159 (2d77d3fc445..., userDataDir: C:\Users\INGRID~1.ZAD\AppDa...}, fedcm:accounts: true, goog:chromeOptions: {debuggerAddress: localhost:61113}, networkConnectionEnabled: false, pageLoadStrategy: normal, platformName: windows, proxy: Proxy(), se:cdp: ws://localhost:61113/devtoo..., se:cdpVersion: 132.0.6834.197, setWindowRect: true, strictFileInteractability: false, timeouts: {implicit: 0, pageLoad: 300000, script: 30000}, unhandledPromptBehavior: dismiss and notify, webauthn:extension:credBlob: true, webauthn:extension:largeBlob: true, webauthn:extension:minPinLength: true, webauthn:extension:prf: true, webauthn:virtualAuthenticators: true}
Session ID: e1a5e24e060f1e3f001f1aed963aaa48
org.openqa.selenium.NoSuchElementException: no such element: Unable to locate element: {"method":"xpath","selector":"(//tr[contains(@class, 'mdc-data-table__row')])[1]"}
  (Session info: chrome=132.0.6834.197)
For documentation on this error, please visit: https://www.selenium.dev/documentation/webdriver/troubleshooting/errors#no-such-element-exception
Build info: version: '4.27.0', revision: 'd6e718d134'
System info: os.name: 'Windows 11', os.arch: 'amd64', os.version: '10.0', java.version: '21.0.3'
Driver info: org.openqa.selenium.chrome.ChromeDriver
Command: [e1a5e24e060f1e3f001f1aed963aaa48, findElement {value=(//tr[contains(@class, 'mdc-data-table__row')])[1], using=xpath}]
Capabilities {acceptInsecureCerts: false, browserName: chrome, browserVersion: 132.0.6834.197, chrome: {chromedriverVersion: 132.0.6834.159 (2d77d3fc445..., userDataDir: C:\Users\INGRID~1.ZAD\AppDa...}, fedcm:accounts: true, goog:chromeOptions: {debuggerAddress: localhost:61113}, networkConnectionEnabled: false, pageLoadStrategy: normal, platformName: windows, proxy: Proxy(), se:cdp: ws://localhost:61113/devtoo..., se:cdpVersion: 132.0.6834.197, setWindowRect: true, strictFileInteractability: false, timeouts: {implicit: 0, pageLoad: 300000, script: 30000}, unhandledPromptBehavior: dismiss and notify, webauthn:extension:credBlob: true, webauthn:extension:largeBlob: true, webauthn:extension:minPinLength: true, webauthn:extension:prf: true, webauthn:virtualAuthenticators: true}
Session ID: e1a5e24e060f1e3f001f1aed963aaa48
	at java.base/jdk.internal.reflect.DirectConstructorHandleAccessor.newInstance(DirectConstructorHandleAccessor.java:62)
	at java.base/java.lang.reflect.Constructor.newInstanceWithCaller(Constructor.java:502)
	at java.base/java.lang.reflect.Constructor.newInstance(Constructor.java:486)
	at org.openqa.selenium.remote.ErrorCodec.decode(ErrorCodec.java:167)
	at org.openqa.selenium.remote.codec.w3c.W3CHttpResponseCodec.decode(W3CHttpResponseCodec.java:138)
	at org.openqa.selenium.remote.codec.w3c.W3CHttpResponseCodec.decode(W3CHttpResponseCodec.java:50)
	at org.openqa.selenium.remote.HttpCommandExecutor.execute(HttpCommandExecutor.java:190)
	at org.openqa.selenium.remote.service.DriverCommandExecutor.invokeExecute(DriverCommandExecutor.java:216)
	at org.openqa.selenium.remote.service.DriverCommandExecutor.execute(DriverCommandExecutor.java:174)
	at org.openqa.selenium.remote.RemoteWebDriver.execute(RemoteWebDriver.java:545)
	at org.openqa.selenium.remote.ElementLocation$ElementFinder$2.findElement(ElementLocation.java:165)
	at org.openqa.selenium.remote.ElementLocation.findElement(ElementLocation.java:59)
	at org.openqa.selenium.remote.RemoteWebDriver.findElement(RemoteWebDriver.java:368)
	at org.openqa.selenium.remote.RemoteWebDriver.findElement(RemoteWebDriver.java:362)
	at org.openqa.selenium.support.pagefactory.DefaultElementLocator.findElement(DefaultElementLocator.java:68)
	at org.openqa.selenium.support.pagefactory.internal.LocatingElementHandler.invoke(LocatingElementHandler.java:38)
	at jdk.proxy2/jdk.proxy2.$Proxy14.click(Unknown Source)
	at lt.insoft.uztis.pages.EvaluationsPage.clickLastEvaluation(EvaluationsPage.java:232)
	at lt.insoft.uztis.tests.EvaluationsPageTest.testFillEvaluationThree(EvaluationsPageTest.java:253)
	at java.base/jdk.internal.reflect.DirectMethodHandleAccessor.invoke(DirectMethodHandleAccessor.java:103)
	at java.base/java.lang.reflect.Method.invoke(Method.java:580)
	at org.junit.platform.commons.util.ReflectionUtils.invokeMethod(ReflectionUtils.java:728)
	at org.junit.jupiter.engine.execution.MethodInvocation.proceed(MethodInvocation.java:60)
	at org.junit.jupiter.engine.execution.InvocationInterceptorChain$ValidatingInvocation.proceed(InvocationInterceptorChain.java:131)
	at org.junit.jupiter.engine.extension.TimeoutExtension.intercept(TimeoutExtension.java:156)
	at org.junit.jupiter.engine.extension.TimeoutExtension.interceptTestableMethod(TimeoutExtension.java:147)
	at org.junit.jupiter.engine.extension.TimeoutExtension.interceptTestMethod(TimeoutExtension.java:86)
	at org.junit.jupiter.engine.execution.InterceptingExecutableInvoker$ReflectiveInterceptorCall.lambda$ofVoidMethod$0(InterceptingExecutableInvoker.java:103)
	at org.junit.jupiter.engine.execution.InterceptingExecutableInvoker.lambda$invoke$0(InterceptingExecutableInvoker.java:93)
	at org.junit.jupiter.engine.execution.InvocationInterceptorChain$InterceptedInvocation.proceed(InvocationInterceptorChain.java:106)
	at org.junit.jupiter.engine.execution.InvocationInterceptorChain.proceed(InvocationInterceptorChain.java:64)
	at org.junit.jupiter.engine.execution.InvocationInterceptorChain.chainAndInvoke(InvocationInterceptorChain.java:45)
	at org.junit.jupiter.engine.execution.InvocationInterceptorChain.invoke(InvocationInterceptorChain.java:37)
	at org.junit.jupiter.engine.execution.InterceptingExecutableInvoker.invoke(InterceptingExecutableInvoker.java:92)
	at org.junit.jupiter.engine.execution.InterceptingExecutableInvoker.invoke(InterceptingExecutableInvoker.java:86)
	at org.junit.jupiter.engine.descriptor.TestMethodTestDescriptor.lambda$invokeTestMethod$7(TestMethodTestDescriptor.java:218)
	at org.junit.platform.engine.support.hierarchical.ThrowableCollector.execute(ThrowableCollector.java:73)
	at org.junit.jupiter.engine.descriptor.TestMethodTestDescriptor.invokeTestMethod(TestMethodTestDescriptor.java:214)
	at org.junit.jupiter.engine.descriptor.TestMethodTestDescriptor.execute(TestMethodTestDescriptor.java:139)
	at org.junit.jupiter.engine.descriptor.TestMethodTestDescriptor.execute(TestMethodTestDescriptor.java:69)
	at org.junit.platform.engine.support.hierarchical.NodeTestTask.lambda$executeRecursively$6(NodeTestTask.java:151)
	at org.junit.platform.engine.support.hierarchical.ThrowableCollector.execute(ThrowableCollector.java:73)
	at org.junit.platform.engine.support.hierarchical.NodeTestTask.lambda$executeRecursively$8(NodeTestTask.java:141)
	at org.junit.platform.engine.support.hierarchical.Node.around(Node.java:137)
	at org.junit.platform.engine.support.hierarchical.NodeTestTask.lambda$executeRecursively$9(NodeTestTask.java:139)
	at org.junit.platform.engine.support.hierarchical.ThrowableCollector.execute(ThrowableCollector.java:73)
	at org.junit.platform.engine.support.hierarchical.NodeTestTask.executeRecursively(NodeTestTask.java:138)
	at org.junit.platform.engine.support.hierarchical.NodeTestTask.execute(NodeTestTask.java:95)
	at java.base/java.util.ArrayList.forEach(ArrayList.java:1596)
	at org.junit.platform.engine.support.hierarchical.SameThreadHierarchicalTestExecutorService.invokeAll(SameThreadHierarchicalTestExecutorService.java:41)
	at org.junit.platform.engine.support.hierarchical.NodeTestTask.lambda$executeRecursively$6(NodeTestTask.java:155)
	at org.junit.platform.engine.support.hierarchical.ThrowableCollector.execute(ThrowableCollector.java:73)
	at org.junit.platform.engine.support.hierarchical.NodeTestTask.lambda$executeRecursively$8(NodeTestTask.java:141)
	at org.junit.platform.engine.support.hierarchical.Node.around(Node.java:137)
	at org.junit.platform.engine.support.hierarchical.NodeTestTask.lambda$executeRecursively$9(NodeTestTask.java:139)
	at org.junit.platform.engine.support.hierarchical.ThrowableCollector.execute(ThrowableCollector.java:73)
	at org.junit.platform.engine.support.hierarchical.NodeTestTask.executeRecursively(NodeTestTask.java:138)
	at org.junit.platform.engine.support.hierarchical.NodeTestTask.execute(NodeTestTask.java:95)
	at java.base/java.util.ArrayList.forEach(ArrayList.java:1596)
	at org.junit.platform.engine.support.hierarchical.SameThreadHierarchicalTestExecutorService.invokeAll(SameThreadHierarchicalTestExecutorService.java:41)
	at org.junit.platform.engine.support.hierarchical.NodeTestTask.lambda$executeRecursively$6(NodeTestTask.java:155)
	at org.junit.platform.engine.support.hierarchical.ThrowableCollector.execute(ThrowableCollector.java:73)
	at org.junit.platform.engine.support.hierarchical.NodeTestTask.lambda$executeRecursively$8(NodeTestTask.java:141)
	at org.junit.platform.engine.support.hierarchical.Node.around(Node.java:137)
	at org.junit.platform.engine.support.hierarchical.NodeTestTask.lambda$executeRecursively$9(NodeTestTask.java:139)
	at org.junit.platform.engine.support.hierarchical.ThrowableCollector.execute(ThrowableCollector.java:73)
	at org.junit.platform.engine.support.hierarchical.NodeTestTask.executeRecursively(NodeTestTask.java:138)
	at org.junit.platform.engine.support.hierarchical.NodeTestTask.execute(NodeTestTask.java:95)
	at org.junit.platform.engine.support.hierarchical.SameThreadHierarchicalTestExecutorService.submit(SameThreadHierarchicalTestExecutorService.java:35)
	at org.junit.platform.engine.support.hierarchical.HierarchicalTestExecutor.execute(HierarchicalTestExecutor.java:57)
	at org.junit.platform.engine.support.hierarchical.HierarchicalTestEngine.execute(HierarchicalTestEngine.java:54)
	at org.junit.platform.launcher.core.EngineExecutionOrchestrator.execute(EngineExecutionOrchestrator.java:198)
	at org.junit.platform.launcher.core.EngineExecutionOrchestrator.execute(EngineExecutionOrchestrator.java:169)
	at org.junit.platform.launcher.core.EngineExecutionOrchestrator.execute(EngineExecutionOrchestrator.java:93)
	at org.junit.platform.launcher.core.EngineExecutionOrchestrator.lambda$execute$0(EngineExecutionOrchestrator.java:58)
	at org.junit.platform.launcher.core.EngineExecutionOrchestrator.withInterceptedStreams(EngineExecutionOrchestrator.java:141)
	at org.junit.platform.launcher.core.EngineExecutionOrchestrator.execute(EngineExecutionOrchestrator.java:57)
	at org.junit.platform.launcher.core.DefaultLauncher.execute(DefaultLauncher.java:103)
	at org.junit.platform.launcher.core.DefaultLauncher.execute(DefaultLauncher.java:85)
	at org.junit.platform.launcher.core.DelegatingLauncher.execute(DelegatingLauncher.java:47)
	at org.junit.platform.launcher.core.SessionPerRequestLauncher.execute(SessionPerRequestLauncher.java:63)
	at com.intellij.junit5.JUnit5IdeaTestRunner.startRunnerWithArgs(JUnit5IdeaTestRunner.java:57)
	at com.intellij.rt.junit.IdeaTestRunner$Repeater$1.execute(IdeaTestRunner.java:38)
	at com.intellij.rt.execution.junit.TestsRepeater.repeat(TestsRepeater.java:11)
	at com.intellij.rt.junit.IdeaTestRunner$Repeater.startRunnerWithArgs(IdeaTestRunner.java:35)
	at com.intellij.rt.junit.JUnitStarter.prepareStreamsAndStart(JUnitStarter.java:232)
	at com.intellij.rt.junit.JUnitStarter.main(JUnitStarter.java:55)
2025-02-14 13:55:16 [main] INFO  l.insoft.uztis.tests.utils.TestUtils - Screenshot moved to C:\Users\ingrida.zadorozniene\Desktop\Asm\UZTIS\UZTIS_tests\test-output\screenshots\20250214\135516949_testFillEvaluationThree().png
2025-02-17 07:36:40 [main] INFO  lt.insoft.uztis.tests.UztisPageTest - Navigated to https://uztisdev.asseco.lt/home
2025-02-17 07:36:40 [main] INFO  l.i.uztis.tests.EvaluationsPageTest - Starting test:'testFillEvaluationThree'
2025-02-17 07:36:40 [main] INFO  l.i.uztis.tests.EvaluationsPageTest - Starting test:'testNavigateToEvaluationsPage'
2025-02-17 07:36:41 [main] DEBUG l.i.uztis.tests.EvaluationsPageTest - User logged in with test credentials
2025-02-17 07:36:41 [main] DEBUG l.i.uztis.tests.EvaluationsPageTest - Opened 'Application Processing' menu.
2025-02-17 07:36:41 [main] DEBUG l.i.uztis.tests.EvaluationsPageTest - Clicked on 'Evaluations' menu.
2025-02-17 07:36:41 [main] DEBUG l.i.uztis.tests.EvaluationsPageTest - Navigating to evaluations menu.
2025-02-17 07:36:41 [main] INFO  l.i.uztis.tests.EvaluationsPageTest - Test 'testNavigateToEvaluationsPage' completed successfully.
2025-02-17 07:36:42 [main] DEBUG l.i.uztis.tests.EvaluationsPageTest - Clicked on last evaluation.
2025-02-17 07:36:42 [main] DEBUG l.i.uztis.tests.EvaluationsPageTest - Clicked 'Edit'.
2025-02-17 07:36:43 [main] DEBUG l.i.uztis.tests.EvaluationsPageTest - Entered commission date.
2025-02-17 07:36:43 [main] DEBUG l.i.uztis.tests.EvaluationsPageTest - Selected 'Without Commission' radio button.
2025-02-17 07:36:43 [main] DEBUG l.i.uztis.tests.EvaluationsPageTest - Entered chairman name: 'Pirmininkas Pirmininkauskas'.
2025-02-17 07:36:43 [main] DEBUG l.i.uztis.tests.EvaluationsPageTest - Entered member name: 'Narys Narauskas'.
2025-02-17 07:36:44 [main] DEBUG l.i.uztis.tests.EvaluationsPageTest - Clicked 'Continue'.
2025-02-17 07:36:44 [main] DEBUG l.i.uztis.tests.EvaluationsPageTest - Entered chairman score 1: '1'.
2025-02-17 07:36:44 [main] DEBUG l.i.uztis.tests.EvaluationsPageTest - Entered member score 1: '2'.
2025-02-17 07:36:44 [main] DEBUG l.i.uztis.tests.EvaluationsPageTest - Entered member conclusion 1: 'Išvada - palanki 1'.
2025-02-17 07:36:44 [main] DEBUG l.i.uztis.tests.EvaluationsPageTest - Entered chairman score 2: '3'.
2025-02-17 07:36:44 [main] DEBUG l.i.uztis.tests.EvaluationsPageTest - Entered member score 2: '4'.
2025-02-17 07:36:45 [main] DEBUG l.i.uztis.tests.EvaluationsPageTest - Entered member conclusion 2: 'Išvada - palanki 2'.
2025-02-17 07:36:45 [main] DEBUG l.i.uztis.tests.EvaluationsPageTest - Entered chairman score 3: '5'.
2025-02-17 07:36:45 [main] DEBUG l.i.uztis.tests.EvaluationsPageTest - Entered member score 3: '6'.
2025-02-17 07:36:45 [main] DEBUG l.i.uztis.tests.EvaluationsPageTest - Entered member conclusion 3: 'Išvada - palanki 3'.
2025-02-17 07:36:45 [main] DEBUG l.i.uztis.tests.EvaluationsPageTest - Entered chairman score 4: '7'.
2025-02-17 07:36:45 [main] DEBUG l.i.uztis.tests.EvaluationsPageTest - Entered member score 4: '8'.
2025-02-17 07:36:45 [main] DEBUG l.i.uztis.tests.EvaluationsPageTest - Entered member conclusion 4: 'Išvada - palanki 4'.
2025-02-17 07:36:46 [main] DEBUG l.i.uztis.tests.EvaluationsPageTest - Entered chairman score 5: '9'.
2025-02-17 07:36:46 [main] DEBUG l.i.uztis.tests.EvaluationsPageTest - Entered member score 5: '10'.
2025-02-17 07:36:46 [main] DEBUG l.i.uztis.tests.EvaluationsPageTest - Entered member conclusion 5: 'Išvada - palanki 5'.
2025-02-17 07:36:46 [main] DEBUG l.i.uztis.tests.EvaluationsPageTest - Clicked 'Confirm'.
2025-02-17 07:36:46 [main] INFO  l.i.uztis.tests.EvaluationsPageTest - Test 'testFillEvaluationThree' completed successfully.
2025-02-17 07:40:12 [main] INFO  lt.insoft.uztis.tests.UztisPageTest - Navigated to https://uztisdev.asseco.lt/home
2025-02-17 07:40:12 [main] INFO  l.i.uztis.tests.EvaluationsPageTest - Starting test:'testFillEvaluationThree'
2025-02-17 07:40:12 [main] INFO  l.i.uztis.tests.EvaluationsPageTest - Starting test:'testNavigateToEvaluationsPage'
2025-02-17 07:40:12 [main] DEBUG l.i.uztis.tests.EvaluationsPageTest - User logged in with test credentials
2025-02-17 07:40:13 [main] DEBUG l.i.uztis.tests.EvaluationsPageTest - Opened 'Application Processing' menu.
2025-02-17 07:40:13 [main] DEBUG l.i.uztis.tests.EvaluationsPageTest - Clicked on 'Evaluations' menu.
2025-02-17 07:40:13 [main] DEBUG l.i.uztis.tests.EvaluationsPageTest - Navigating to evaluations menu.
2025-02-17 07:40:13 [main] INFO  l.i.uztis.tests.EvaluationsPageTest - Test 'testNavigateToEvaluationsPage' completed successfully.
2025-02-17 07:40:13 [main] DEBUG l.i.uztis.tests.EvaluationsPageTest - Clicked on last evaluation.
2025-02-17 07:40:14 [main] DEBUG l.i.uztis.tests.EvaluationsPageTest - Clicked 'Edit'.
2025-02-17 07:40:14 [main] DEBUG l.i.uztis.tests.EvaluationsPageTest - Entered commission date.
2025-02-17 07:40:14 [main] DEBUG l.i.uztis.tests.EvaluationsPageTest - Selected 'Without Commission' radio button.
2025-02-17 07:40:15 [main] DEBUG l.i.uztis.tests.EvaluationsPageTest - Entered chairman name: 'Pirmininkas Pirmininkauskas'.
2025-02-17 07:40:15 [main] DEBUG l.i.uztis.tests.EvaluationsPageTest - Entered member name: 'Narys Narauskas'.
2025-02-17 07:40:15 [main] DEBUG l.i.uztis.tests.EvaluationsPageTest - Clicked 'Continue'.
2025-02-17 07:40:15 [main] DEBUG l.i.uztis.tests.EvaluationsPageTest - Entered chairman score 1: '1'.
2025-02-17 07:40:15 [main] DEBUG l.i.uztis.tests.EvaluationsPageTest - Entered member score 1: '2'.
2025-02-17 07:40:16 [main] DEBUG l.i.uztis.tests.EvaluationsPageTest - Entered member conclusion 1: 'Išvada - palanki 1'.
2025-02-17 07:40:16 [main] DEBUG l.i.uztis.tests.EvaluationsPageTest - Entered chairman score 2: '3'.
2025-02-17 07:40:16 [main] DEBUG l.i.uztis.tests.EvaluationsPageTest - Entered member score 2: '4'.
2025-02-17 07:40:16 [main] DEBUG l.i.uztis.tests.EvaluationsPageTest - Entered member conclusion 2: 'Išvada - palanki 2'.
2025-02-17 07:40:16 [main] DEBUG l.i.uztis.tests.EvaluationsPageTest - Entered chairman score 3: '5'.
2025-02-17 07:40:16 [main] DEBUG l.i.uztis.tests.EvaluationsPageTest - Entered member score 3: '6'.
2025-02-17 07:40:16 [main] DEBUG l.i.uztis.tests.EvaluationsPageTest - Entered member conclusion 3: 'Išvada - palanki 3'.
2025-02-17 07:40:17 [main] DEBUG l.i.uztis.tests.EvaluationsPageTest - Entered chairman score 4: '7'.
2025-02-17 07:40:17 [main] DEBUG l.i.uztis.tests.EvaluationsPageTest - Entered member score 4: '8'.
2025-02-17 07:40:17 [main] DEBUG l.i.uztis.tests.EvaluationsPageTest - Entered member conclusion 4: 'Išvada - palanki 4'.
2025-02-17 07:40:17 [main] DEBUG l.i.uztis.tests.EvaluationsPageTest - Entered chairman score 5: '9'.
2025-02-17 07:40:17 [main] DEBUG l.i.uztis.tests.EvaluationsPageTest - Entered member score 5: '10'.
2025-02-17 07:40:17 [main] DEBUG l.i.uztis.tests.EvaluationsPageTest - Entered member conclusion 5: 'Išvada - palanki 5'.
2025-02-17 07:40:17 [main] DEBUG l.i.uztis.tests.EvaluationsPageTest - Clicked 'Confirm'.
2025-02-17 07:40:17 [main] INFO  l.i.uztis.tests.EvaluationsPageTest - Test 'testFillEvaluationThree' completed successfully.
2025-02-17 07:41:25 [main] INFO  lt.insoft.uztis.tests.UztisPageTest - Navigated to https://uztisdev.asseco.lt/home
2025-02-17 07:41:25 [main] INFO  l.i.uztis.tests.EvaluationsPageTest - Starting test:'testFillEvaluationThree'
2025-02-17 07:41:25 [main] INFO  l.i.uztis.tests.EvaluationsPageTest - Starting test:'testNavigateToEvaluationsPage'
2025-02-17 07:41:26 [main] DEBUG l.i.uztis.tests.EvaluationsPageTest - User logged in with test credentials
2025-02-17 07:41:26 [main] DEBUG l.i.uztis.tests.EvaluationsPageTest - Opened 'Application Processing' menu.
2025-02-17 07:41:26 [main] DEBUG l.i.uztis.tests.EvaluationsPageTest - Clicked on 'Evaluations' menu.
2025-02-17 07:41:26 [main] DEBUG l.i.uztis.tests.EvaluationsPageTest - Navigating to evaluations menu.
2025-02-17 07:41:26 [main] INFO  l.i.uztis.tests.EvaluationsPageTest - Test 'testNavigateToEvaluationsPage' completed successfully.
2025-02-17 07:41:27 [main] DEBUG l.i.uztis.tests.EvaluationsPageTest - Clicked on last evaluation.
2025-02-17 07:41:27 [main] DEBUG l.i.uztis.tests.EvaluationsPageTest - Clicked 'Edit'.
2025-02-17 07:41:28 [main] DEBUG l.i.uztis.tests.EvaluationsPageTest - Entered commission date.
2025-02-17 07:41:28 [main] DEBUG l.i.uztis.tests.EvaluationsPageTest - Selected 'Without Commission' radio button.
2025-02-17 07:41:28 [main] DEBUG l.i.uztis.tests.EvaluationsPageTest - Entered chairman name: 'Pirmininkas Pirmininkauskas'.
2025-02-17 07:41:28 [main] DEBUG l.i.uztis.tests.EvaluationsPageTest - Entered member name: 'Narys Narauskas'.
2025-02-17 07:41:28 [main] DEBUG l.i.uztis.tests.EvaluationsPageTest - Clicked 'Continue'.
2025-02-17 07:41:29 [main] DEBUG l.i.uztis.tests.EvaluationsPageTest - Entered chairman score 1: '1'.
2025-02-17 07:41:29 [main] DEBUG l.i.uztis.tests.EvaluationsPageTest - Entered member score 1: '2'.
2025-02-17 07:41:29 [main] DEBUG l.i.uztis.tests.EvaluationsPageTest - Entered member conclusion 1: 'Išvada - palanki 1'.
2025-02-17 07:41:29 [main] DEBUG l.i.uztis.tests.EvaluationsPageTest - Entered chairman score 2: '3'.
2025-02-17 07:41:29 [main] DEBUG l.i.uztis.tests.EvaluationsPageTest - Entered member score 2: '4'.
2025-02-17 07:41:29 [main] DEBUG l.i.uztis.tests.EvaluationsPageTest - Entered member conclusion 2: 'Išvada - palanki 2'.
2025-02-17 07:41:30 [main] DEBUG l.i.uztis.tests.EvaluationsPageTest - Entered chairman score 3: '5'.
2025-02-17 07:41:30 [main] DEBUG l.i.uztis.tests.EvaluationsPageTest - Entered member score 3: '6'.
2025-02-17 07:41:30 [main] DEBUG l.i.uztis.tests.EvaluationsPageTest - Entered member conclusion 3: 'Išvada - palanki 3'.
2025-02-17 07:41:30 [main] DEBUG l.i.uztis.tests.EvaluationsPageTest - Entered chairman score 4: '7'.
2025-02-17 07:41:30 [main] DEBUG l.i.uztis.tests.EvaluationsPageTest - Entered member score 4: '8'.
2025-02-17 07:41:30 [main] DEBUG l.i.uztis.tests.EvaluationsPageTest - Entered member conclusion 4: 'Išvada - palanki 4'.
2025-02-17 07:41:30 [main] DEBUG l.i.uztis.tests.EvaluationsPageTest - Entered chairman score 5: '9'.
2025-02-17 07:41:31 [main] DEBUG l.i.uztis.tests.EvaluationsPageTest - Entered member score 5: '10'.
2025-02-17 07:41:31 [main] DEBUG l.i.uztis.tests.EvaluationsPageTest - Entered member conclusion 5: 'Išvada - palanki 5'.
2025-02-17 07:41:31 [main] DEBUG l.i.uztis.tests.EvaluationsPageTest - Clicked 'Confirm'.
2025-02-17 07:41:31 [main] INFO  l.i.uztis.tests.EvaluationsPageTest - Test 'testFillEvaluationThree' completed successfully.
2025-02-17 07:54:44 [main] INFO  lt.insoft.uztis.tests.UztisPageTest - Navigated to https://uztisdev.asseco.lt/home
2025-02-17 07:54:44 [main] INFO  l.i.uztis.tests.EvaluationsPageTest - Starting test:'testFillEvaluationThree'
2025-02-17 07:54:44 [main] INFO  l.i.uztis.tests.EvaluationsPageTest - Starting test:'testNavigateToEvaluationsPage'
2025-02-17 07:54:44 [main] DEBUG l.i.uztis.tests.EvaluationsPageTest - User logged in with test credentials
2025-02-17 07:54:45 [main] DEBUG l.i.uztis.tests.EvaluationsPageTest - Opened 'Application Processing' menu.
2025-02-17 07:54:45 [main] DEBUG l.i.uztis.tests.EvaluationsPageTest - Clicked on 'Evaluations' menu.
2025-02-17 07:54:45 [main] DEBUG l.i.uztis.tests.EvaluationsPageTest - Navigating to evaluations menu.
2025-02-17 07:54:45 [main] INFO  l.i.uztis.tests.EvaluationsPageTest - Test 'testNavigateToEvaluationsPage' completed successfully.
2025-02-17 07:54:45 [main] DEBUG l.i.uztis.tests.EvaluationsPageTest - Clicked on last evaluation.
2025-02-17 07:54:46 [main] DEBUG l.i.uztis.tests.EvaluationsPageTest - Clicked 'Edit'.
2025-02-17 07:54:46 [main] DEBUG l.i.uztis.tests.EvaluationsPageTest - Entered commission date.
2025-02-17 07:54:46 [main] DEBUG l.i.uztis.tests.EvaluationsPageTest - Selected 'Without Commission' radio button.
2025-02-17 07:54:47 [main] DEBUG l.i.uztis.tests.EvaluationsPageTest - Entered chairman name: 'Pirmininkas Pirmininkauskas'.
2025-02-17 07:54:47 [main] DEBUG l.i.uztis.tests.EvaluationsPageTest - Entered member name: 'Narys Narauskas'.
2025-02-17 07:54:47 [main] DEBUG l.i.uztis.tests.EvaluationsPageTest - Clicked 'Continue'.
2025-02-17 07:54:47 [main] DEBUG l.i.uztis.tests.EvaluationsPageTest - Entered chairman score 1: '1'.
2025-02-17 07:54:47 [main] DEBUG l.i.uztis.tests.EvaluationsPageTest - Entered member score 1: '2'.
2025-02-17 07:54:48 [main] DEBUG l.i.uztis.tests.EvaluationsPageTest - Entered member conclusion 1: 'Išvada - palanki 1'.
2025-02-17 07:54:48 [main] DEBUG l.i.uztis.tests.EvaluationsPageTest - Entered chairman score 2: '3'.
2025-02-17 07:54:48 [main] DEBUG l.i.uztis.tests.EvaluationsPageTest - Entered member score 2: '4'.
2025-02-17 07:54:48 [main] DEBUG l.i.uztis.tests.EvaluationsPageTest - Entered member conclusion 2: 'Išvada - palanki 2'.
2025-02-17 07:54:48 [main] DEBUG l.i.uztis.tests.EvaluationsPageTest - Entered chairman score 3: '5'.
2025-02-17 07:54:48 [main] DEBUG l.i.uztis.tests.EvaluationsPageTest - Entered member score 3: '6'.
2025-02-17 07:54:49 [main] DEBUG l.i.uztis.tests.EvaluationsPageTest - Entered member conclusion 3: 'Išvada - palanki 3'.
2025-02-17 07:54:49 [main] DEBUG l.i.uztis.tests.EvaluationsPageTest - Entered chairman score 4: '7'.
2025-02-17 07:54:49 [main] DEBUG l.i.uztis.tests.EvaluationsPageTest - Entered member score 4: '8'.
2025-02-17 07:54:49 [main] DEBUG l.i.uztis.tests.EvaluationsPageTest - Entered member conclusion 4: 'Išvada - palanki 4'.
2025-02-17 07:54:49 [main] DEBUG l.i.uztis.tests.EvaluationsPageTest - Entered chairman score 5: '9'.
2025-02-17 07:54:49 [main] DEBUG l.i.uztis.tests.EvaluationsPageTest - Entered member score 5: '10'.
2025-02-17 07:54:49 [main] DEBUG l.i.uztis.tests.EvaluationsPageTest - Entered member conclusion 5: 'Išvada - palanki 5'.
2025-02-17 07:54:50 [main] DEBUG l.i.uztis.tests.EvaluationsPageTest - Clicked 'Confirm'.
2025-02-17 07:54:50 [main] INFO  l.i.uztis.tests.EvaluationsPageTest - Test 'testFillEvaluationThree' completed successfully.
2025-02-17 08:21:20 [main] INFO  lt.insoft.uztis.tests.UztisPageTest - Navigated to https://uztisdev.asseco.lt/home
2025-02-17 08:21:20 [main] INFO  l.i.uztis.tests.EvaluationsPageTest - Starting test:'testFillEvaluationThree'
2025-02-17 08:21:20 [main] INFO  l.i.uztis.tests.EvaluationsPageTest - Starting test:'testNavigateToEvaluationsPage'
2025-02-17 08:21:21 [main] DEBUG l.i.uztis.tests.EvaluationsPageTest - User logged in with test credentials
2025-02-17 08:21:22 [main] DEBUG l.i.uztis.tests.EvaluationsPageTest - Opened 'Application Processing' menu.
2025-02-17 08:21:22 [main] DEBUG l.i.uztis.tests.EvaluationsPageTest - Clicked on 'Evaluations' menu.
2025-02-17 08:21:22 [main] DEBUG l.i.uztis.tests.EvaluationsPageTest - Navigating to evaluations menu.
2025-02-17 08:21:22 [main] INFO  l.i.uztis.tests.EvaluationsPageTest - Test 'testNavigateToEvaluationsPage' completed successfully.
2025-02-17 08:21:23 [main] DEBUG l.i.uztis.tests.EvaluationsPageTest - Clicked on last evaluation.
2025-02-17 08:21:23 [main] DEBUG l.i.uztis.tests.EvaluationsPageTest - Clicked 'Edit'.
2025-02-17 08:21:24 [main] DEBUG l.i.uztis.tests.EvaluationsPageTest - Entered commission date.
2025-02-17 08:21:24 [main] DEBUG l.i.uztis.tests.EvaluationsPageTest - Selected 'Without Commission' radio button.
2025-02-17 08:21:24 [main] DEBUG l.i.uztis.tests.EvaluationsPageTest - Entered chairman name: 'Pirmininkas Pirmininkauskas'.
2025-02-17 08:21:24 [main] DEBUG l.i.uztis.tests.EvaluationsPageTest - Entered member name: 'Narys Narauskas'.
2025-02-17 08:21:24 [main] DEBUG l.i.uztis.tests.EvaluationsPageTest - Clicked 'Continue'.
2025-02-17 08:21:25 [main] DEBUG l.i.uztis.tests.EvaluationsPageTest - Entered chairman score 1: '1'.
2025-02-17 08:21:25 [main] DEBUG l.i.uztis.tests.EvaluationsPageTest - Entered member score 1: '2'.
2025-02-17 08:21:25 [main] DEBUG l.i.uztis.tests.EvaluationsPageTest - Entered member conclusion 1: 'Išvada - palanki 1'.
2025-02-17 08:21:25 [main] DEBUG l.i.uztis.tests.EvaluationsPageTest - Entered chairman score 2: '3'.
2025-02-17 08:21:25 [main] DEBUG l.i.uztis.tests.EvaluationsPageTest - Entered member score 2: '4'.
2025-02-17 08:21:25 [main] DEBUG l.i.uztis.tests.EvaluationsPageTest - Entered member conclusion 2: 'Išvada - palanki 2'.
2025-02-17 08:21:25 [main] DEBUG l.i.uztis.tests.EvaluationsPageTest - Entered chairman score 3: '5'.
2025-02-17 08:21:26 [main] DEBUG l.i.uztis.tests.EvaluationsPageTest - Entered member score 3: '6'.
2025-02-17 08:21:26 [main] DEBUG l.i.uztis.tests.EvaluationsPageTest - Entered member conclusion 3: 'Išvada - palanki 3'.
2025-02-17 08:21:26 [main] DEBUG l.i.uztis.tests.EvaluationsPageTest - Entered chairman score 4: '7'.
2025-02-17 08:21:26 [main] DEBUG l.i.uztis.tests.EvaluationsPageTest - Entered member score 4: '8'.
2025-02-17 08:21:26 [main] DEBUG l.i.uztis.tests.EvaluationsPageTest - Entered member conclusion 4: 'Išvada - palanki 4'.
2025-02-17 08:21:26 [main] DEBUG l.i.uztis.tests.EvaluationsPageTest - Entered chairman score 5: '9'.
2025-02-17 08:21:26 [main] DEBUG l.i.uztis.tests.EvaluationsPageTest - Entered member score 5: '10'.
2025-02-17 08:21:27 [main] DEBUG l.i.uztis.tests.EvaluationsPageTest - Entered member conclusion 5: 'Išvada - palanki 5'.
2025-02-17 08:21:27 [main] DEBUG l.i.uztis.tests.EvaluationsPageTest - Clicked 'Confirm'.
2025-02-17 08:21:27 [main] INFO  l.i.uztis.tests.EvaluationsPageTest - Test 'testFillEvaluationThree' completed successfully.
2025-02-17 08:24:42 [main] INFO  lt.insoft.uztis.tests.UztisPageTest - Navigated to https://uztisdev.asseco.lt/home
2025-02-17 08:24:42 [main] INFO  l.i.uztis.tests.EvaluationsPageTest - Starting test:'testFillEvaluationThree'
2025-02-17 08:24:42 [main] INFO  l.i.uztis.tests.EvaluationsPageTest - Starting test:'testNavigateToEvaluationsPage'
2025-02-17 08:24:42 [main] DEBUG l.i.uztis.tests.EvaluationsPageTest - User logged in with test credentials
2025-02-17 08:24:43 [main] DEBUG l.i.uztis.tests.EvaluationsPageTest - Opened 'Application Processing' menu.
2025-02-17 08:24:43 [main] DEBUG l.i.uztis.tests.EvaluationsPageTest - Clicked on 'Evaluations' menu.
2025-02-17 08:24:43 [main] DEBUG l.i.uztis.tests.EvaluationsPageTest - Navigating to evaluations menu.
2025-02-17 08:24:43 [main] INFO  l.i.uztis.tests.EvaluationsPageTest - Test 'testNavigateToEvaluationsPage' completed successfully.
2025-02-17 08:24:44 [main] DEBUG l.i.uztis.tests.EvaluationsPageTest - Clicked on last evaluation.
2025-02-17 08:24:44 [main] DEBUG l.i.uztis.tests.EvaluationsPageTest - Clicked 'Edit'.
2025-02-17 08:24:45 [main] DEBUG l.i.uztis.tests.EvaluationsPageTest - Entered commission date.
2025-02-17 08:24:45 [main] DEBUG l.i.uztis.tests.EvaluationsPageTest - Selected 'Without Commission' radio button.
2025-02-17 08:24:45 [main] DEBUG l.i.uztis.tests.EvaluationsPageTest - Entered chairman name: 'Pirmininkas Pirmininkauskas'.
2025-02-17 08:24:45 [main] DEBUG l.i.uztis.tests.EvaluationsPageTest - Entered member name: 'Narys Narauskas'.
2025-02-17 08:24:45 [main] DEBUG l.i.uztis.tests.EvaluationsPageTest - Clicked 'Continue'.
2025-02-17 08:24:46 [main] DEBUG l.i.uztis.tests.EvaluationsPageTest - Entered chairman score 1: '1'.
2025-02-17 08:24:46 [main] DEBUG l.i.uztis.tests.EvaluationsPageTest - Entered member score 1: '2'.
2025-02-17 08:24:46 [main] DEBUG l.i.uztis.tests.EvaluationsPageTest - Entered member conclusion 1: 'Išvada - palanki 1'.
2025-02-17 08:24:46 [main] DEBUG l.i.uztis.tests.EvaluationsPageTest - Entered chairman score 2: '3'.
2025-02-17 08:24:46 [main] DEBUG l.i.uztis.tests.EvaluationsPageTest - Entered member score 2: '4'.
2025-02-17 08:24:46 [main] DEBUG l.i.uztis.tests.EvaluationsPageTest - Entered member conclusion 2: 'Išvada - palanki 2'.
2025-02-17 08:24:46 [main] DEBUG l.i.uztis.tests.EvaluationsPageTest - Entered chairman score 3: '5'.
2025-02-17 08:24:47 [main] DEBUG l.i.uztis.tests.EvaluationsPageTest - Entered member score 3: '6'.
2025-02-17 08:24:47 [main] DEBUG l.i.uztis.tests.EvaluationsPageTest - Entered member conclusion 3: 'Išvada - palanki 3'.
2025-02-17 08:24:47 [main] DEBUG l.i.uztis.tests.EvaluationsPageTest - Entered chairman score 4: '7'.
2025-02-17 08:24:47 [main] DEBUG l.i.uztis.tests.EvaluationsPageTest - Entered member score 4: '8'.
2025-02-17 08:24:47 [main] DEBUG l.i.uztis.tests.EvaluationsPageTest - Entered member conclusion 4: 'Išvada - palanki 4'.
2025-02-17 08:24:47 [main] DEBUG l.i.uztis.tests.EvaluationsPageTest - Entered chairman score 5: '9'.
2025-02-17 08:24:48 [main] DEBUG l.i.uztis.tests.EvaluationsPageTest - Entered member score 5: '10'.
2025-02-17 08:24:48 [main] DEBUG l.i.uztis.tests.EvaluationsPageTest - Entered member conclusion 5: 'Išvada - palanki 5'.
2025-02-17 08:24:48 [main] DEBUG l.i.uztis.tests.EvaluationsPageTest - Clicked 'Confirm'.
2025-02-17 08:24:48 [main] INFO  l.i.uztis.tests.EvaluationsPageTest - Test 'testFillEvaluationThree' completed successfully.
2025-02-17 08:27:45 [main] INFO  lt.insoft.uztis.tests.UztisPageTest - Navigated to https://uztisdev.asseco.lt/home
2025-02-17 08:27:45 [main] INFO  l.i.uztis.tests.EvaluationsPageTest - Starting test:'testFillEvaluationThree'
2025-02-17 08:27:45 [main] INFO  l.i.uztis.tests.EvaluationsPageTest - Starting test:'testNavigateToEvaluationsPage'
2025-02-17 08:27:46 [main] DEBUG l.i.uztis.tests.EvaluationsPageTest - User logged in with test credentials
2025-02-17 08:27:46 [main] DEBUG l.i.uztis.tests.EvaluationsPageTest - Opened 'Application Processing' menu.
2025-02-17 08:27:46 [main] DEBUG l.i.uztis.tests.EvaluationsPageTest - Clicked on 'Evaluations' menu.
2025-02-17 08:27:46 [main] DEBUG l.i.uztis.tests.EvaluationsPageTest - Navigating to evaluations menu.
2025-02-17 08:27:46 [main] INFO  l.i.uztis.tests.EvaluationsPageTest - Test 'testNavigateToEvaluationsPage' completed successfully.
2025-02-17 08:27:47 [main] DEBUG l.i.uztis.tests.EvaluationsPageTest - Clicked on last evaluation.
2025-02-17 08:27:47 [main] DEBUG l.i.uztis.tests.EvaluationsPageTest - Clicked 'Edit'.
2025-02-17 08:27:48 [main] DEBUG l.i.uztis.tests.EvaluationsPageTest - Entered commission date.
2025-02-17 08:27:48 [main] DEBUG l.i.uztis.tests.EvaluationsPageTest - Selected 'Without Commission' radio button.
2025-02-17 08:27:48 [main] DEBUG l.i.uztis.tests.EvaluationsPageTest - Entered chairman name: 'Pirmininkas Pirmininkauskas'.
2025-02-17 08:27:48 [main] DEBUG l.i.uztis.tests.EvaluationsPageTest - Entered member name: 'Narys Narauskas'.
2025-02-17 08:27:48 [main] DEBUG l.i.uztis.tests.EvaluationsPageTest - Clicked 'Continue'.
2025-02-17 08:27:49 [main] DEBUG l.i.uztis.tests.EvaluationsPageTest - Entered chairman score 1: '1'.
2025-02-17 08:27:49 [main] DEBUG l.i.uztis.tests.EvaluationsPageTest - Entered member score 1: '2'.
2025-02-17 08:27:49 [main] DEBUG l.i.uztis.tests.EvaluationsPageTest - Entered member conclusion 1: 'Išvada - palanki 1'.
2025-02-17 08:27:49 [main] DEBUG l.i.uztis.tests.EvaluationsPageTest - Entered chairman score 2: '3'.
2025-02-17 08:27:49 [main] DEBUG l.i.uztis.tests.EvaluationsPageTest - Entered member score 2: '4'.
2025-02-17 08:27:49 [main] DEBUG l.i.uztis.tests.EvaluationsPageTest - Entered member conclusion 2: 'Išvada - palanki 2'.
2025-02-17 08:27:49 [main] DEBUG l.i.uztis.tests.EvaluationsPageTest - Entered chairman score 3: '5'.
2025-02-17 08:27:50 [main] DEBUG l.i.uztis.tests.EvaluationsPageTest - Entered member score 3: '6'.
2025-02-17 08:27:50 [main] DEBUG l.i.uztis.tests.EvaluationsPageTest - Entered member conclusion 3: 'Išvada - palanki 3'.
2025-02-17 08:27:50 [main] DEBUG l.i.uztis.tests.EvaluationsPageTest - Entered chairman score 4: '7'.
2025-02-17 08:27:50 [main] DEBUG l.i.uztis.tests.EvaluationsPageTest - Entered member score 4: '8'.
2025-02-17 08:27:50 [main] DEBUG l.i.uztis.tests.EvaluationsPageTest - Entered member conclusion 4: 'Išvada - palanki 4'.
2025-02-17 08:27:50 [main] DEBUG l.i.uztis.tests.EvaluationsPageTest - Entered chairman score 5: '9'.
2025-02-17 08:27:50 [main] DEBUG l.i.uztis.tests.EvaluationsPageTest - Entered member score 5: '10'.
2025-02-17 08:27:51 [main] DEBUG l.i.uztis.tests.EvaluationsPageTest - Entered member conclusion 5: 'Išvada - palanki 5'.
2025-02-17 08:27:51 [main] DEBUG l.i.uztis.tests.EvaluationsPageTest - Clicked 'Confirm'.
2025-02-17 08:27:51 [main] INFO  l.i.uztis.tests.EvaluationsPageTest - Test 'testFillEvaluationThree' completed successfully.
2025-02-17 08:31:40 [main] INFO  lt.insoft.uztis.tests.UztisPageTest - Navigated to https://uztisdev.asseco.lt/home
2025-02-17 08:31:40 [main] INFO  l.i.uztis.tests.EvaluationsPageTest - Starting test:'testFillEvaluationThree'
2025-02-17 08:31:40 [main] INFO  l.i.uztis.tests.EvaluationsPageTest - Starting test:'testNavigateToEvaluationsPage'
2025-02-17 08:31:40 [main] DEBUG l.i.uztis.tests.EvaluationsPageTest - User logged in with test credentials
2025-02-17 08:31:41 [main] DEBUG l.i.uztis.tests.EvaluationsPageTest - Opened 'Application Processing' menu.
2025-02-17 08:31:41 [main] DEBUG l.i.uztis.tests.EvaluationsPageTest - Clicked on 'Evaluations' menu.
2025-02-17 08:31:41 [main] DEBUG l.i.uztis.tests.EvaluationsPageTest - Navigating to evaluations menu.
2025-02-17 08:31:41 [main] INFO  l.i.uztis.tests.EvaluationsPageTest - Test 'testNavigateToEvaluationsPage' completed successfully.
2025-02-17 08:31:41 [main] DEBUG l.i.uztis.tests.EvaluationsPageTest - Clicked on last evaluation.
2025-02-17 08:31:42 [main] DEBUG l.i.uztis.tests.EvaluationsPageTest - Clicked 'Edit'.
2025-02-17 08:31:42 [main] DEBUG l.i.uztis.tests.EvaluationsPageTest - Entered commission date.
2025-02-17 08:31:42 [main] DEBUG l.i.uztis.tests.EvaluationsPageTest - Selected 'Without Commission' radio button.
2025-02-17 08:31:43 [main] DEBUG l.i.uztis.tests.EvaluationsPageTest - Entered chairman name: 'Pirmininkas Pirmininkauskas'.
2025-02-17 08:31:43 [main] DEBUG l.i.uztis.tests.EvaluationsPageTest - Entered member name: 'Narys Narauskas'.
2025-02-17 08:31:43 [main] DEBUG l.i.uztis.tests.EvaluationsPageTest - Clicked 'Continue'.
2025-02-17 08:31:43 [main] DEBUG l.i.uztis.tests.EvaluationsPageTest - Entered chairman score 1: '1'.
2025-02-17 08:31:43 [main] DEBUG l.i.uztis.tests.EvaluationsPageTest - Entered member score 1: '2'.
2025-02-17 08:31:44 [main] DEBUG l.i.uztis.tests.EvaluationsPageTest - Entered member conclusion 1: 'Išvada - palanki 1'.
2025-02-17 08:31:44 [main] DEBUG l.i.uztis.tests.EvaluationsPageTest - Entered chairman score 2: '3'.
2025-02-17 08:31:44 [main] DEBUG l.i.uztis.tests.EvaluationsPageTest - Entered member score 2: '4'.
2025-02-17 08:31:44 [main] DEBUG l.i.uztis.tests.EvaluationsPageTest - Entered member conclusion 2: 'Išvada - palanki 2'.
2025-02-17 08:31:44 [main] DEBUG l.i.uztis.tests.EvaluationsPageTest - Entered chairman score 3: '5'.
2025-02-17 08:31:44 [main] DEBUG l.i.uztis.tests.EvaluationsPageTest - Entered member score 3: '6'.
2025-02-17 08:31:44 [main] DEBUG l.i.uztis.tests.EvaluationsPageTest - Entered member conclusion 3: 'Išvada - palanki 3'.
2025-02-17 08:31:45 [main] DEBUG l.i.uztis.tests.EvaluationsPageTest - Entered chairman score 4: '7'.
2025-02-17 08:31:45 [main] DEBUG l.i.uztis.tests.EvaluationsPageTest - Entered member score 4: '8'.
2025-02-17 08:31:45 [main] DEBUG l.i.uztis.tests.EvaluationsPageTest - Entered member conclusion 4: 'Išvada - palanki 4'.
2025-02-17 08:31:45 [main] DEBUG l.i.uztis.tests.EvaluationsPageTest - Entered chairman score 5: '9'.
2025-02-17 08:31:45 [main] DEBUG l.i.uztis.tests.EvaluationsPageTest - Entered member score 5: '10'.
2025-02-17 08:31:45 [main] DEBUG l.i.uztis.tests.EvaluationsPageTest - Entered member conclusion 5: 'Išvada - palanki 5'.
2025-02-17 08:31:46 [main] DEBUG l.i.uztis.tests.EvaluationsPageTest - Clicked 'Confirm'.
2025-02-17 08:31:46 [main] INFO  l.i.uztis.tests.EvaluationsPageTest - Test 'testFillEvaluationThree' completed successfully.
2025-02-17 08:33:36 [main] INFO  lt.insoft.uztis.tests.UztisPageTest - Navigated to https://uztisdev.asseco.lt/home
2025-02-17 08:33:36 [main] INFO  l.i.uztis.tests.EvaluationsPageTest - Starting test:'testFillEvaluationThree'
2025-02-17 08:33:36 [main] INFO  l.i.uztis.tests.EvaluationsPageTest - Starting test:'testNavigateToEvaluationsPage'
2025-02-17 08:33:37 [main] DEBUG l.i.uztis.tests.EvaluationsPageTest - User logged in with test credentials
2025-02-17 08:33:37 [main] DEBUG l.i.uztis.tests.EvaluationsPageTest - Opened 'Application Processing' menu.
2025-02-17 08:33:37 [main] DEBUG l.i.uztis.tests.EvaluationsPageTest - Clicked on 'Evaluations' menu.
2025-02-17 08:33:37 [main] DEBUG l.i.uztis.tests.EvaluationsPageTest - Navigating to evaluations menu.
2025-02-17 08:33:37 [main] INFO  l.i.uztis.tests.EvaluationsPageTest - Test 'testNavigateToEvaluationsPage' completed successfully.
2025-02-17 08:33:38 [main] DEBUG l.i.uztis.tests.EvaluationsPageTest - Clicked on last evaluation.
2025-02-17 08:33:38 [main] DEBUG l.i.uztis.tests.EvaluationsPageTest - Clicked 'Edit'.
2025-02-17 08:33:39 [main] DEBUG l.i.uztis.tests.EvaluationsPageTest - Entered commission date.
2025-02-17 08:33:39 [main] DEBUG l.i.uztis.tests.EvaluationsPageTest - Selected 'Without Commission' radio button.
2025-02-17 08:33:39 [main] DEBUG l.i.uztis.tests.EvaluationsPageTest - Entered chairman name: 'Pirmininkas Pirmininkauskas'.
2025-02-17 08:33:39 [main] DEBUG l.i.uztis.tests.EvaluationsPageTest - Entered member name: 'Narys Narauskas'.
2025-02-17 08:33:39 [main] DEBUG l.i.uztis.tests.EvaluationsPageTest - Clicked 'Continue'.
2025-02-17 08:33:40 [main] DEBUG l.i.uztis.tests.EvaluationsPageTest - Entered chairman score 1: '1'.
2025-02-17 08:33:40 [main] DEBUG l.i.uztis.tests.EvaluationsPageTest - Entered member score 1: '2'.
2025-02-17 08:33:40 [main] DEBUG l.i.uztis.tests.EvaluationsPageTest - Entered member conclusion 1: 'Išvada - palanki 1'.
2025-02-17 08:33:40 [main] DEBUG l.i.uztis.tests.EvaluationsPageTest - Entered chairman score 2: '3'.
2025-02-17 08:33:40 [main] DEBUG l.i.uztis.tests.EvaluationsPageTest - Entered member score 2: '4'.
2025-02-17 08:33:40 [main] DEBUG l.i.uztis.tests.EvaluationsPageTest - Entered member conclusion 2: 'Išvada - palanki 2'.
2025-02-17 08:33:40 [main] DEBUG l.i.uztis.tests.EvaluationsPageTest - Entered chairman score 3: '5'.
2025-02-17 08:33:41 [main] DEBUG l.i.uztis.tests.EvaluationsPageTest - Entered member score 3: '6'.
2025-02-17 08:33:41 [main] DEBUG l.i.uztis.tests.EvaluationsPageTest - Entered member conclusion 3: 'Išvada - palanki 3'.
2025-02-17 08:33:41 [main] DEBUG l.i.uztis.tests.EvaluationsPageTest - Entered chairman score 4: '7'.
2025-02-17 08:33:41 [main] DEBUG l.i.uztis.tests.EvaluationsPageTest - Entered member score 4: '8'.
2025-02-17 08:33:41 [main] DEBUG l.i.uztis.tests.EvaluationsPageTest - Entered member conclusion 4: 'Išvada - palanki 4'.
2025-02-17 08:33:41 [main] DEBUG l.i.uztis.tests.EvaluationsPageTest - Entered chairman score 5: '9'.
2025-02-17 08:33:41 [main] DEBUG l.i.uztis.tests.EvaluationsPageTest - Entered member score 5: '10'.
2025-02-17 08:33:42 [main] DEBUG l.i.uztis.tests.EvaluationsPageTest - Entered member conclusion 5: 'Išvada - palanki 5'.
2025-02-17 08:33:42 [main] DEBUG l.i.uztis.tests.EvaluationsPageTest - Clicked 'Confirm'.
2025-02-17 08:33:42 [main] INFO  l.i.uztis.tests.EvaluationsPageTest - Test 'testFillEvaluationThree' completed successfully.
2025-02-17 08:39:23 [main] INFO  lt.insoft.uztis.tests.UztisPageTest - Navigated to https://uztisdev.asseco.lt/home
2025-02-17 08:39:23 [main] INFO  l.i.uztis.tests.EvaluationsPageTest - Starting test:'testFillEvaluationThree'
2025-02-17 08:39:23 [main] INFO  l.i.uztis.tests.EvaluationsPageTest - Starting test:'testNavigateToEvaluationsPage'
2025-02-17 08:39:23 [main] DEBUG l.i.uztis.tests.EvaluationsPageTest - User logged in with test credentials
2025-02-17 08:39:24 [main] DEBUG l.i.uztis.tests.EvaluationsPageTest - Opened 'Application Processing' menu.
2025-02-17 08:39:24 [main] DEBUG l.i.uztis.tests.EvaluationsPageTest - Clicked on 'Evaluations' menu.
2025-02-17 08:39:24 [main] DEBUG l.i.uztis.tests.EvaluationsPageTest - Navigating to evaluations menu.
2025-02-17 08:39:24 [main] INFO  l.i.uztis.tests.EvaluationsPageTest - Test 'testNavigateToEvaluationsPage' completed successfully.
2025-02-17 08:39:24 [main] DEBUG l.i.uztis.tests.EvaluationsPageTest - Clicked on last evaluation.
2025-02-17 08:39:25 [main] DEBUG l.i.uztis.tests.EvaluationsPageTest - Clicked 'Edit'.
2025-02-17 08:39:26 [main] DEBUG l.i.uztis.tests.EvaluationsPageTest - Entered commission date.
2025-02-17 08:39:26 [main] DEBUG l.i.uztis.tests.EvaluationsPageTest - Selected 'Without Commission' radio button.
2025-02-17 08:39:26 [main] DEBUG l.i.uztis.tests.EvaluationsPageTest - Entered chairman name: 'Pirmininkas Pirmininkauskas'.
2025-02-17 08:39:26 [main] DEBUG l.i.uztis.tests.EvaluationsPageTest - Entered member name: 'Narys Narauskas'.
2025-02-17 08:39:26 [main] DEBUG l.i.uztis.tests.EvaluationsPageTest - Clicked 'Continue'.
2025-02-17 08:39:26 [main] DEBUG l.i.uztis.tests.EvaluationsPageTest - Entered chairman score 1: '1'.
2025-02-17 08:39:27 [main] DEBUG l.i.uztis.tests.EvaluationsPageTest - Entered member score 1: '2'.
2025-02-17 08:39:27 [main] DEBUG l.i.uztis.tests.EvaluationsPageTest - Entered member conclusion 1: 'Išvada - palanki 1'.
2025-02-17 08:39:27 [main] DEBUG l.i.uztis.tests.EvaluationsPageTest - Entered chairman score 2: '3'.
2025-02-17 08:39:27 [main] DEBUG l.i.uztis.tests.EvaluationsPageTest - Entered member score 2: '4'.
2025-02-17 08:39:27 [main] DEBUG l.i.uztis.tests.EvaluationsPageTest - Entered member conclusion 2: 'Išvada - palanki 2'.
2025-02-17 08:39:27 [main] DEBUG l.i.uztis.tests.EvaluationsPageTest - Entered chairman score 3: '5'.
2025-02-17 08:39:27 [main] DEBUG l.i.uztis.tests.EvaluationsPageTest - Entered member score 3: '6'.
2025-02-17 08:39:28 [main] DEBUG l.i.uztis.tests.EvaluationsPageTest - Entered member conclusion 3: 'Išvada - palanki 3'.
2025-02-17 08:39:28 [main] DEBUG l.i.uztis.tests.EvaluationsPageTest - Entered chairman score 4: '7'.
2025-02-17 08:39:28 [main] DEBUG l.i.uztis.tests.EvaluationsPageTest - Entered member score 4: '8'.
2025-02-17 08:39:28 [main] DEBUG l.i.uztis.tests.EvaluationsPageTest - Entered member conclusion 4: 'Išvada - palanki 4'.
2025-02-17 08:39:28 [main] DEBUG l.i.uztis.tests.EvaluationsPageTest - Entered chairman score 5: '9'.
2025-02-17 08:39:28 [main] DEBUG l.i.uztis.tests.EvaluationsPageTest - Entered member score 5: '10'.
2025-02-17 08:39:28 [main] DEBUG l.i.uztis.tests.EvaluationsPageTest - Entered member conclusion 5: 'Išvada - palanki 5'.
2025-02-17 08:39:29 [main] DEBUG l.i.uztis.tests.EvaluationsPageTest - Clicked 'Confirm'.
2025-02-17 08:39:29 [main] INFO  l.i.uztis.tests.EvaluationsPageTest - Test 'testFillEvaluationThree' completed successfully.
2025-02-17 08:40:12 [main] INFO  lt.insoft.uztis.tests.UztisPageTest - Navigated to https://uztisdev.asseco.lt/home
2025-02-17 08:40:12 [main] INFO  l.i.uztis.tests.EvaluationsPageTest - Starting test:'testFillEvaluationThree'
2025-02-17 08:40:12 [main] INFO  l.i.uztis.tests.EvaluationsPageTest - Starting test:'testNavigateToEvaluationsPage'
2025-02-17 08:40:12 [main] DEBUG l.i.uztis.tests.EvaluationsPageTest - User logged in with test credentials
2025-02-17 08:40:13 [main] DEBUG l.i.uztis.tests.EvaluationsPageTest - Opened 'Application Processing' menu.
2025-02-17 08:40:13 [main] DEBUG l.i.uztis.tests.EvaluationsPageTest - Clicked on 'Evaluations' menu.
2025-02-17 08:40:13 [main] DEBUG l.i.uztis.tests.EvaluationsPageTest - Navigating to evaluations menu.
2025-02-17 08:40:13 [main] INFO  l.i.uztis.tests.EvaluationsPageTest - Test 'testNavigateToEvaluationsPage' completed successfully.
2025-02-17 08:40:13 [main] DEBUG l.i.uztis.tests.EvaluationsPageTest - Clicked on last evaluation.
2025-02-17 08:40:14 [main] DEBUG l.i.uztis.tests.EvaluationsPageTest - Clicked 'Edit'.
2025-02-17 08:40:14 [main] DEBUG l.i.uztis.tests.EvaluationsPageTest - Entered commission date.
2025-02-17 08:40:15 [main] DEBUG l.i.uztis.tests.EvaluationsPageTest - Selected 'Without Commission' radio button.
2025-02-17 08:40:15 [main] DEBUG l.i.uztis.tests.EvaluationsPageTest - Entered chairman name: 'Pirmininkas Pirmininkauskas'.
2025-02-17 08:40:15 [main] DEBUG l.i.uztis.tests.EvaluationsPageTest - Entered member name: 'Narys Narauskas'.
2025-02-17 08:40:15 [main] DEBUG l.i.uztis.tests.EvaluationsPageTest - Clicked 'Continue'.
2025-02-17 08:40:15 [main] DEBUG l.i.uztis.tests.EvaluationsPageTest - Entered chairman score 1: '1'.
2025-02-17 08:40:15 [main] DEBUG l.i.uztis.tests.EvaluationsPageTest - Entered member score 1: '2'.
2025-02-17 08:40:16 [main] DEBUG l.i.uztis.tests.EvaluationsPageTest - Entered member conclusion 1: 'Išvada - palanki 1'.
2025-02-17 08:40:16 [main] DEBUG l.i.uztis.tests.EvaluationsPageTest - Entered chairman score 2: '3'.
2025-02-17 08:40:16 [main] DEBUG l.i.uztis.tests.EvaluationsPageTest - Entered member score 2: '4'.
2025-02-17 08:40:16 [main] DEBUG l.i.uztis.tests.EvaluationsPageTest - Entered member conclusion 2: 'Išvada - palanki 2'.
2025-02-17 08:40:16 [main] DEBUG l.i.uztis.tests.EvaluationsPageTest - Entered chairman score 3: '5'.
2025-02-17 08:40:16 [main] DEBUG l.i.uztis.tests.EvaluationsPageTest - Entered member score 3: '6'.
2025-02-17 08:40:17 [main] DEBUG l.i.uztis.tests.EvaluationsPageTest - Entered member conclusion 3: 'Išvada - palanki 3'.
2025-02-17 08:40:17 [main] DEBUG l.i.uztis.tests.EvaluationsPageTest - Entered chairman score 4: '7'.
2025-02-17 08:40:17 [main] DEBUG l.i.uztis.tests.EvaluationsPageTest - Entered member score 4: '8'.
2025-02-17 08:40:17 [main] DEBUG l.i.uztis.tests.EvaluationsPageTest - Entered member conclusion 4: 'Išvada - palanki 4'.
2025-02-17 08:40:17 [main] DEBUG l.i.uztis.tests.EvaluationsPageTest - Entered chairman score 5: '9'.
2025-02-17 08:40:17 [main] DEBUG l.i.uztis.tests.EvaluationsPageTest - Entered member score 5: '10'.
2025-02-17 08:40:17 [main] DEBUG l.i.uztis.tests.EvaluationsPageTest - Entered member conclusion 5: 'Išvada - palanki 5'.
2025-02-17 08:40:18 [main] DEBUG l.i.uztis.tests.EvaluationsPageTest - Clicked 'Confirm'.
2025-02-17 08:40:18 [main] INFO  l.i.uztis.tests.EvaluationsPageTest - Test 'testFillEvaluationThree' completed successfully.
2025-02-17 08:54:19 [main] INFO  lt.insoft.uztis.tests.UztisPageTest - Navigated to https://uztisdev.asseco.lt/home
2025-02-17 08:54:19 [main] INFO  l.i.uztis.tests.EvaluationsPageTest - Starting test:'testFillEvaluationThree'
2025-02-17 08:54:19 [main] INFO  l.i.uztis.tests.EvaluationsPageTest - Starting test:'testNavigateToEvaluationsPage'
2025-02-17 08:54:20 [main] DEBUG l.i.uztis.tests.EvaluationsPageTest - User logged in with test credentials
2025-02-17 08:54:20 [main] DEBUG l.i.uztis.tests.EvaluationsPageTest - Opened 'Application Processing' menu.
2025-02-17 08:54:20 [main] DEBUG l.i.uztis.tests.EvaluationsPageTest - Clicked on 'Evaluations' menu.
2025-02-17 08:54:20 [main] DEBUG l.i.uztis.tests.EvaluationsPageTest - Navigating to evaluations menu.
2025-02-17 08:54:20 [main] INFO  l.i.uztis.tests.EvaluationsPageTest - Test 'testNavigateToEvaluationsPage' completed successfully.
2025-02-17 08:54:20 [main] DEBUG l.i.uztis.tests.EvaluationsPageTest - Clicked on last evaluation.
2025-02-17 08:54:21 [main] DEBUG l.i.uztis.tests.EvaluationsPageTest - Clicked 'Edit'.
2025-02-17 08:54:22 [main] DEBUG l.i.uztis.tests.EvaluationsPageTest - Entered commission date.
2025-02-17 08:54:22 [main] DEBUG l.i.uztis.tests.EvaluationsPageTest - Selected 'Without Commission' radio button.
2025-02-17 08:54:22 [main] DEBUG l.i.uztis.tests.EvaluationsPageTest - Entered chairman name: 'Pirmininkas Pirmininkauskas'.
2025-02-17 08:54:22 [main] DEBUG l.i.uztis.tests.EvaluationsPageTest - Entered member name: 'Narys Narauskas'.
2025-02-17 08:54:22 [main] DEBUG l.i.uztis.tests.EvaluationsPageTest - Clicked 'Continue'.
2025-02-17 08:54:23 [main] DEBUG l.i.uztis.tests.EvaluationsPageTest - Entered chairman score 1: '1'.
2025-02-17 08:54:23 [main] DEBUG l.i.uztis.tests.EvaluationsPageTest - Entered member score 1: '2'.
2025-02-17 08:54:23 [main] DEBUG l.i.uztis.tests.EvaluationsPageTest - Entered member conclusion 1: 'Išvada - palanki 1'.
2025-02-17 08:54:23 [main] DEBUG l.i.uztis.tests.EvaluationsPageTest - Entered chairman score 2: '3'.
2025-02-17 08:54:23 [main] DEBUG l.i.uztis.tests.EvaluationsPageTest - Entered member score 2: '4'.
2025-02-17 08:54:23 [main] DEBUG l.i.uztis.tests.EvaluationsPageTest - Entered member conclusion 2: 'Išvada - palanki 2'.
2025-02-17 08:54:23 [main] DEBUG l.i.uztis.tests.EvaluationsPageTest - Entered chairman score 3: '5'.
2025-02-17 08:54:24 [main] DEBUG l.i.uztis.tests.EvaluationsPageTest - Entered member score 3: '6'.
2025-02-17 08:54:24 [main] DEBUG l.i.uztis.tests.EvaluationsPageTest - Entered member conclusion 3: 'Išvada - palanki 3'.
2025-02-17 08:54:24 [main] DEBUG l.i.uztis.tests.EvaluationsPageTest - Entered chairman score 4: '7'.
2025-02-17 08:54:24 [main] DEBUG l.i.uztis.tests.EvaluationsPageTest - Entered member score 4: '8'.
2025-02-17 08:54:24 [main] DEBUG l.i.uztis.tests.EvaluationsPageTest - Entered member conclusion 4: 'Išvada - palanki 4'.
2025-02-17 08:54:24 [main] DEBUG l.i.uztis.tests.EvaluationsPageTest - Entered chairman score 5: '9'.
2025-02-17 08:54:25 [main] DEBUG l.i.uztis.tests.EvaluationsPageTest - Entered member score 5: '10'.
2025-02-17 08:54:25 [main] DEBUG l.i.uztis.tests.EvaluationsPageTest - Entered member conclusion 5: 'Išvada - palanki 5'.
2025-02-17 08:54:25 [main] DEBUG l.i.uztis.tests.EvaluationsPageTest - Clicked 'Confirm'.
2025-02-17 08:54:25 [main] INFO  l.i.uztis.tests.EvaluationsPageTest - Test 'testFillEvaluationThree' completed successfully.
2025-02-17 08:59:24 [main] INFO  lt.insoft.uztis.tests.UztisPageTest - Navigated to https://uztisdev.asseco.lt/home
2025-02-17 08:59:24 [main] INFO  l.i.uztis.tests.EvaluationsPageTest - Starting test:'testFillEvaluationThree'
2025-02-17 08:59:24 [main] INFO  l.i.uztis.tests.EvaluationsPageTest - Starting test:'testNavigateToEvaluationsPage'
2025-02-17 08:59:25 [main] DEBUG l.i.uztis.tests.EvaluationsPageTest - User logged in with test credentials
2025-02-17 08:59:25 [main] DEBUG l.i.uztis.tests.EvaluationsPageTest - Opened 'Application Processing' menu.
2025-02-17 08:59:25 [main] DEBUG l.i.uztis.tests.EvaluationsPageTest - Clicked on 'Evaluations' menu.
2025-02-17 08:59:25 [main] DEBUG l.i.uztis.tests.EvaluationsPageTest - Navigating to evaluations menu.
2025-02-17 08:59:25 [main] INFO  l.i.uztis.tests.EvaluationsPageTest - Test 'testNavigateToEvaluationsPage' completed successfully.
2025-02-17 08:59:26 [main] DEBUG l.i.uztis.tests.EvaluationsPageTest - Clicked on last evaluation.
2025-02-17 08:59:26 [main] DEBUG l.i.uztis.tests.EvaluationsPageTest - Clicked 'Edit'.
2025-02-17 08:59:27 [main] DEBUG l.i.uztis.tests.EvaluationsPageTest - Entered commission date.
2025-02-17 08:59:27 [main] DEBUG l.i.uztis.tests.EvaluationsPageTest - Selected 'Without Commission' radio button.
2025-02-17 08:59:27 [main] DEBUG l.i.uztis.tests.EvaluationsPageTest - Entered chairman name: 'Pirmininkas Pirmininkauskas'.
2025-02-17 08:59:28 [main] DEBUG l.i.uztis.tests.EvaluationsPageTest - Entered member name: 'Narys Narauskas'.
2025-02-17 08:59:28 [main] DEBUG l.i.uztis.tests.EvaluationsPageTest - Clicked 'Continue'.
2025-02-17 08:59:28 [main] DEBUG l.i.uztis.tests.EvaluationsPageTest - Entered chairman score 1: '1'.
2025-02-17 08:59:28 [main] DEBUG l.i.uztis.tests.EvaluationsPageTest - Entered member score 1: '2'.
2025-02-17 08:59:28 [main] DEBUG l.i.uztis.tests.EvaluationsPageTest - Entered member conclusion 1: 'Išvada - palanki 1'.
2025-02-17 08:59:29 [main] DEBUG l.i.uztis.tests.EvaluationsPageTest - Entered chairman score 2: '3'.
2025-02-17 08:59:29 [main] DEBUG l.i.uztis.tests.EvaluationsPageTest - Entered member score 2: '4'.
2025-02-17 08:59:29 [main] DEBUG l.i.uztis.tests.EvaluationsPageTest - Entered member conclusion 2: 'Išvada - palanki 2'.
2025-02-17 08:59:29 [main] DEBUG l.i.uztis.tests.EvaluationsPageTest - Entered chairman score 3: '5'.
2025-02-17 08:59:29 [main] DEBUG l.i.uztis.tests.EvaluationsPageTest - Entered member score 3: '6'.
2025-02-17 08:59:29 [main] DEBUG l.i.uztis.tests.EvaluationsPageTest - Entered member conclusion 3: 'Išvada - palanki 3'.
2025-02-17 08:59:30 [main] DEBUG l.i.uztis.tests.EvaluationsPageTest - Entered chairman score 4: '7'.
2025-02-17 08:59:30 [main] DEBUG l.i.uztis.tests.EvaluationsPageTest - Entered member score 4: '8'.
2025-02-17 08:59:30 [main] DEBUG l.i.uztis.tests.EvaluationsPageTest - Entered member conclusion 4: 'Išvada - palanki 4'.
2025-02-17 08:59:30 [main] DEBUG l.i.uztis.tests.EvaluationsPageTest - Entered chairman score 5: '9'.
2025-02-17 08:59:30 [main] DEBUG l.i.uztis.tests.EvaluationsPageTest - Entered member score 5: '10'.
2025-02-17 08:59:30 [main] DEBUG l.i.uztis.tests.EvaluationsPageTest - Entered member conclusion 5: 'Išvada - palanki 5'.
2025-02-17 08:59:31 [main] DEBUG l.i.uztis.tests.EvaluationsPageTest - Clicked 'Confirm'.
2025-02-17 08:59:31 [main] INFO  l.i.uztis.tests.EvaluationsPageTest - Test 'testFillEvaluationThree' completed successfully.
2025-02-17 09:04:03 [main] INFO  lt.insoft.uztis.tests.UztisPageTest - Navigated to https://uztisdev.asseco.lt/home
2025-02-17 09:04:03 [main] INFO  l.i.uztis.tests.EvaluationsPageTest - Starting test:'testFillEvaluationThree'
2025-02-17 09:04:03 [main] INFO  l.i.uztis.tests.EvaluationsPageTest - Starting test:'testNavigateToEvaluationsPage'
2025-02-17 09:04:04 [main] DEBUG l.i.uztis.tests.EvaluationsPageTest - User logged in with test credentials
2025-02-17 09:04:04 [main] DEBUG l.i.uztis.tests.EvaluationsPageTest - Opened 'Application Processing' menu.
2025-02-17 09:04:04 [main] DEBUG l.i.uztis.tests.EvaluationsPageTest - Clicked on 'Evaluations' menu.
2025-02-17 09:04:04 [main] DEBUG l.i.uztis.tests.EvaluationsPageTest - Navigating to evaluations menu.
2025-02-17 09:04:04 [main] INFO  l.i.uztis.tests.EvaluationsPageTest - Test 'testNavigateToEvaluationsPage' completed successfully.
2025-02-17 09:04:05 [main] DEBUG l.i.uztis.tests.EvaluationsPageTest - Clicked on last evaluation.
2025-02-17 09:04:05 [main] DEBUG l.i.uztis.tests.EvaluationsPageTest - Clicked 'Edit'.
2025-02-17 09:04:06 [main] DEBUG l.i.uztis.tests.EvaluationsPageTest - Entered commission date.
2025-02-17 09:04:06 [main] DEBUG l.i.uztis.tests.EvaluationsPageTest - Selected 'Without Commission' radio button.
2025-02-17 09:04:06 [main] DEBUG l.i.uztis.tests.EvaluationsPageTest - Entered chairman name: 'Pirmininkas Pirmininkauskas'.
2025-02-17 09:04:06 [main] DEBUG l.i.uztis.tests.EvaluationsPageTest - Entered member name: 'Narys Narauskas'.
2025-02-17 09:04:07 [main] DEBUG l.i.uztis.tests.EvaluationsPageTest - Clicked 'Continue'.
2025-02-17 09:04:07 [main] DEBUG l.i.uztis.tests.EvaluationsPageTest - Entered chairman score 1: '1'.
2025-02-17 09:04:07 [main] DEBUG l.i.uztis.tests.EvaluationsPageTest - Entered member score 1: '2'.
2025-02-17 09:04:07 [main] DEBUG l.i.uztis.tests.EvaluationsPageTest - Entered member conclusion 1: 'Išvada - palanki 1'.
2025-02-17 09:04:07 [main] DEBUG l.i.uztis.tests.EvaluationsPageTest - Entered chairman score 2: '3'.
2025-02-17 09:04:08 [main] DEBUG l.i.uztis.tests.EvaluationsPageTest - Entered member score 2: '4'.
2025-02-17 09:04:08 [main] DEBUG l.i.uztis.tests.EvaluationsPageTest - Entered member conclusion 2: 'Išvada - palanki 2'.
2025-02-17 09:04:08 [main] DEBUG l.i.uztis.tests.EvaluationsPageTest - Entered chairman score 3: '5'.
2025-02-17 09:04:08 [main] DEBUG l.i.uztis.tests.EvaluationsPageTest - Entered member score 3: '6'.
2025-02-17 09:04:08 [main] DEBUG l.i.uztis.tests.EvaluationsPageTest - Entered member conclusion 3: 'Išvada - palanki 3'.
2025-02-17 09:04:08 [main] DEBUG l.i.uztis.tests.EvaluationsPageTest - Entered chairman score 4: '7'.
2025-02-17 09:04:08 [main] DEBUG l.i.uztis.tests.EvaluationsPageTest - Entered member score 4: '8'.
2025-02-17 09:04:09 [main] DEBUG l.i.uztis.tests.EvaluationsPageTest - Entered member conclusion 4: 'Išvada - palanki 4'.
2025-02-17 09:04:09 [main] DEBUG l.i.uztis.tests.EvaluationsPageTest - Entered chairman score 5: '9'.
2025-02-17 09:04:09 [main] DEBUG l.i.uztis.tests.EvaluationsPageTest - Entered member score 5: '10'.
2025-02-17 09:04:09 [main] DEBUG l.i.uztis.tests.EvaluationsPageTest - Entered member conclusion 5: 'Išvada - palanki 5'.
2025-02-17 09:04:19 [main] ERROR l.i.uztis.tests.EvaluationsPageTest - Test 'testFillEvaluationThree' failed with error: Expected condition failed: waiting for presence of element located by: By.xpath: mat-form-field[@class='mat-mdc-form-field ng-tns-c508571215-16 mat-mdc-form-field-type-common-text-input mat-mdc-form-field-has-icon-prefix mat-mdc-form-field-has-icon-suffix mat-form-field-appearance-outline mat-primary ng-untouched ng-star-inserted mat-form-field-disabled ng-dirty']//input (tried for 10 second(s) with 500 milliseconds interval)
org.openqa.selenium.TimeoutException: Expected condition failed: waiting for presence of element located by: By.xpath: mat-form-field[@class='mat-mdc-form-field ng-tns-c508571215-16 mat-mdc-form-field-type-common-text-input mat-mdc-form-field-has-icon-prefix mat-mdc-form-field-has-icon-suffix mat-form-field-appearance-outline mat-primary ng-untouched ng-star-inserted mat-form-field-disabled ng-dirty']//input (tried for 10 second(s) with 500 milliseconds interval)
	at org.openqa.selenium.support.ui.WebDriverWait.timeoutException(WebDriverWait.java:84)
	at org.openqa.selenium.support.ui.FluentWait.until(FluentWait.java:228)
	at lt.insoft.uztis.tests.EvaluationsPageTest.testFillEvaluationThree(EvaluationsPageTest.java:358)
	at java.base/jdk.internal.reflect.DirectMethodHandleAccessor.invoke(DirectMethodHandleAccessor.java:103)
	at java.base/java.lang.reflect.Method.invoke(Method.java:580)
	at org.junit.platform.commons.util.ReflectionUtils.invokeMethod(ReflectionUtils.java:728)
	at org.junit.jupiter.engine.execution.MethodInvocation.proceed(MethodInvocation.java:60)
	at org.junit.jupiter.engine.execution.InvocationInterceptorChain$ValidatingInvocation.proceed(InvocationInterceptorChain.java:131)
	at org.junit.jupiter.engine.extension.TimeoutExtension.intercept(TimeoutExtension.java:156)
	at org.junit.jupiter.engine.extension.TimeoutExtension.interceptTestableMethod(TimeoutExtension.java:147)
	at org.junit.jupiter.engine.extension.TimeoutExtension.interceptTestMethod(TimeoutExtension.java:86)
	at org.junit.jupiter.engine.execution.InterceptingExecutableInvoker$ReflectiveInterceptorCall.lambda$ofVoidMethod$0(InterceptingExecutableInvoker.java:103)
	at org.junit.jupiter.engine.execution.InterceptingExecutableInvoker.lambda$invoke$0(InterceptingExecutableInvoker.java:93)
	at org.junit.jupiter.engine.execution.InvocationInterceptorChain$InterceptedInvocation.proceed(InvocationInterceptorChain.java:106)
	at org.junit.jupiter.engine.execution.InvocationInterceptorChain.proceed(InvocationInterceptorChain.java:64)
	at org.junit.jupiter.engine.execution.InvocationInterceptorChain.chainAndInvoke(InvocationInterceptorChain.java:45)
	at org.junit.jupiter.engine.execution.InvocationInterceptorChain.invoke(InvocationInterceptorChain.java:37)
	at org.junit.jupiter.engine.execution.InterceptingExecutableInvoker.invoke(InterceptingExecutableInvoker.java:92)
	at org.junit.jupiter.engine.execution.InterceptingExecutableInvoker.invoke(InterceptingExecutableInvoker.java:86)
	at org.junit.jupiter.engine.descriptor.TestMethodTestDescriptor.lambda$invokeTestMethod$7(TestMethodTestDescriptor.java:218)
	at org.junit.platform.engine.support.hierarchical.ThrowableCollector.execute(ThrowableCollector.java:73)
	at org.junit.jupiter.engine.descriptor.TestMethodTestDescriptor.invokeTestMethod(TestMethodTestDescriptor.java:214)
	at org.junit.jupiter.engine.descriptor.TestMethodTestDescriptor.execute(TestMethodTestDescriptor.java:139)
	at org.junit.jupiter.engine.descriptor.TestMethodTestDescriptor.execute(TestMethodTestDescriptor.java:69)
	at org.junit.platform.engine.support.hierarchical.NodeTestTask.lambda$executeRecursively$6(NodeTestTask.java:151)
	at org.junit.platform.engine.support.hierarchical.ThrowableCollector.execute(ThrowableCollector.java:73)
	at org.junit.platform.engine.support.hierarchical.NodeTestTask.lambda$executeRecursively$8(NodeTestTask.java:141)
	at org.junit.platform.engine.support.hierarchical.Node.around(Node.java:137)
	at org.junit.platform.engine.support.hierarchical.NodeTestTask.lambda$executeRecursively$9(NodeTestTask.java:139)
	at org.junit.platform.engine.support.hierarchical.ThrowableCollector.execute(ThrowableCollector.java:73)
	at org.junit.platform.engine.support.hierarchical.NodeTestTask.executeRecursively(NodeTestTask.java:138)
	at org.junit.platform.engine.support.hierarchical.NodeTestTask.execute(NodeTestTask.java:95)
	at java.base/java.util.ArrayList.forEach(ArrayList.java:1596)
	at org.junit.platform.engine.support.hierarchical.SameThreadHierarchicalTestExecutorService.invokeAll(SameThreadHierarchicalTestExecutorService.java:41)
	at org.junit.platform.engine.support.hierarchical.NodeTestTask.lambda$executeRecursively$6(NodeTestTask.java:155)
	at org.junit.platform.engine.support.hierarchical.ThrowableCollector.execute(ThrowableCollector.java:73)
	at org.junit.platform.engine.support.hierarchical.NodeTestTask.lambda$executeRecursively$8(NodeTestTask.java:141)
	at org.junit.platform.engine.support.hierarchical.Node.around(Node.java:137)
	at org.junit.platform.engine.support.hierarchical.NodeTestTask.lambda$executeRecursively$9(NodeTestTask.java:139)
	at org.junit.platform.engine.support.hierarchical.ThrowableCollector.execute(ThrowableCollector.java:73)
	at org.junit.platform.engine.support.hierarchical.NodeTestTask.executeRecursively(NodeTestTask.java:138)
	at org.junit.platform.engine.support.hierarchical.NodeTestTask.execute(NodeTestTask.java:95)
	at java.base/java.util.ArrayList.forEach(ArrayList.java:1596)
	at org.junit.platform.engine.support.hierarchical.SameThreadHierarchicalTestExecutorService.invokeAll(SameThreadHierarchicalTestExecutorService.java:41)
	at org.junit.platform.engine.support.hierarchical.NodeTestTask.lambda$executeRecursively$6(NodeTestTask.java:155)
	at org.junit.platform.engine.support.hierarchical.ThrowableCollector.execute(ThrowableCollector.java:73)
	at org.junit.platform.engine.support.hierarchical.NodeTestTask.lambda$executeRecursively$8(NodeTestTask.java:141)
	at org.junit.platform.engine.support.hierarchical.Node.around(Node.java:137)
	at org.junit.platform.engine.support.hierarchical.NodeTestTask.lambda$executeRecursively$9(NodeTestTask.java:139)
	at org.junit.platform.engine.support.hierarchical.ThrowableCollector.execute(ThrowableCollector.java:73)
	at org.junit.platform.engine.support.hierarchical.NodeTestTask.executeRecursively(NodeTestTask.java:138)
	at org.junit.platform.engine.support.hierarchical.NodeTestTask.execute(NodeTestTask.java:95)
	at org.junit.platform.engine.support.hierarchical.SameThreadHierarchicalTestExecutorService.submit(SameThreadHierarchicalTestExecutorService.java:35)
	at org.junit.platform.engine.support.hierarchical.HierarchicalTestExecutor.execute(HierarchicalTestExecutor.java:57)
	at org.junit.platform.engine.support.hierarchical.HierarchicalTestEngine.execute(HierarchicalTestEngine.java:54)
	at org.junit.platform.launcher.core.EngineExecutionOrchestrator.execute(EngineExecutionOrchestrator.java:198)
	at org.junit.platform.launcher.core.EngineExecutionOrchestrator.execute(EngineExecutionOrchestrator.java:169)
	at org.junit.platform.launcher.core.EngineExecutionOrchestrator.execute(EngineExecutionOrchestrator.java:93)
	at org.junit.platform.launcher.core.EngineExecutionOrchestrator.lambda$execute$0(EngineExecutionOrchestrator.java:58)
	at org.junit.platform.launcher.core.EngineExecutionOrchestrator.withInterceptedStreams(EngineExecutionOrchestrator.java:141)
	at org.junit.platform.launcher.core.EngineExecutionOrchestrator.execute(EngineExecutionOrchestrator.java:57)
	at org.junit.platform.launcher.core.DefaultLauncher.execute(DefaultLauncher.java:103)
	at org.junit.platform.launcher.core.DefaultLauncher.execute(DefaultLauncher.java:85)
	at org.junit.platform.launcher.core.DelegatingLauncher.execute(DelegatingLauncher.java:47)
	at org.junit.platform.launcher.core.SessionPerRequestLauncher.execute(SessionPerRequestLauncher.java:63)
	at com.intellij.junit5.JUnit5IdeaTestRunner.startRunnerWithArgs(JUnit5IdeaTestRunner.java:57)
	at com.intellij.rt.junit.IdeaTestRunner$Repeater$1.execute(IdeaTestRunner.java:38)
	at com.intellij.rt.execution.junit.TestsRepeater.repeat(TestsRepeater.java:11)
	at com.intellij.rt.junit.IdeaTestRunner$Repeater.startRunnerWithArgs(IdeaTestRunner.java:35)
	at com.intellij.rt.junit.JUnitStarter.prepareStreamsAndStart(JUnitStarter.java:232)
	at com.intellij.rt.junit.JUnitStarter.main(JUnitStarter.java:55)
Caused by: org.openqa.selenium.NoSuchElementException: no such element: Unable to locate element: {"method":"xpath","selector":"mat-form-field[@class='mat-mdc-form-field ng-tns-c508571215-16 mat-mdc-form-field-type-common-text-input mat-mdc-form-field-has-icon-prefix mat-mdc-form-field-has-icon-suffix mat-form-field-appearance-outline mat-primary ng-untouched ng-star-inserted mat-form-field-disabled ng-dirty']//input"}
  (Session info: chrome=132.0.6834.197)
For documentation on this error, please visit: https://www.selenium.dev/documentation/webdriver/troubleshooting/errors#no-such-element-exception
Build info: version: '4.27.0', revision: 'd6e718d134'
System info: os.name: 'Windows 11', os.arch: 'amd64', os.version: '10.0', java.version: '21.0.3'
Driver info: org.openqa.selenium.chrome.ChromeDriver
Command: [6a75a10fe4a8241b18c6e184e0645a9f, findElement {using=xpath, value=mat-form-field[@class='mat-mdc-form-field ng-tns-c508571215-16 mat-mdc-form-field-type-common-text-input mat-mdc-form-field-has-icon-prefix mat-mdc-form-field-has-icon-suffix mat-form-field-appearance-outline mat-primary ng-untouched ng-star-inserted mat-form-field-disabled ng-dirty']//input}]
Capabilities {acceptInsecureCerts: false, browserName: chrome, browserVersion: 132.0.6834.197, chrome: {chromedriverVersion: 132.0.6834.159 (2d77d3fc445..., userDataDir: C:\Users\INGRID~1.ZAD\AppDa...}, fedcm:accounts: true, goog:chromeOptions: {debuggerAddress: localhost:63406}, networkConnectionEnabled: false, pageLoadStrategy: normal, platformName: windows, proxy: Proxy(), se:cdp: ws://localhost:63406/devtoo..., se:cdpVersion: 132.0.6834.197, setWindowRect: true, strictFileInteractability: false, timeouts: {implicit: 0, pageLoad: 300000, script: 30000}, unhandledPromptBehavior: dismiss and notify, webauthn:extension:credBlob: true, webauthn:extension:largeBlob: true, webauthn:extension:minPinLength: true, webauthn:extension:prf: true, webauthn:virtualAuthenticators: true}
Session ID: 6a75a10fe4a8241b18c6e184e0645a9f
	at java.base/jdk.internal.reflect.DirectConstructorHandleAccessor.newInstance(DirectConstructorHandleAccessor.java:62)
	at java.base/java.lang.reflect.Constructor.newInstanceWithCaller(Constructor.java:502)
	at java.base/java.lang.reflect.Constructor.newInstance(Constructor.java:486)
	at org.openqa.selenium.remote.ErrorCodec.decode(ErrorCodec.java:167)
	at org.openqa.selenium.remote.codec.w3c.W3CHttpResponseCodec.decode(W3CHttpResponseCodec.java:138)
	at org.openqa.selenium.remote.codec.w3c.W3CHttpResponseCodec.decode(W3CHttpResponseCodec.java:50)
	at org.openqa.selenium.remote.HttpCommandExecutor.execute(HttpCommandExecutor.java:190)
	at org.openqa.selenium.remote.service.DriverCommandExecutor.invokeExecute(DriverCommandExecutor.java:216)
	at org.openqa.selenium.remote.service.DriverCommandExecutor.execute(DriverCommandExecutor.java:174)
	at org.openqa.selenium.remote.RemoteWebDriver.execute(RemoteWebDriver.java:545)
	at org.openqa.selenium.remote.ElementLocation$ElementFinder$2.findElement(ElementLocation.java:165)
	at org.openqa.selenium.remote.ElementLocation.findElement(ElementLocation.java:59)
	at org.openqa.selenium.remote.RemoteWebDriver.findElement(RemoteWebDriver.java:368)
	at org.openqa.selenium.remote.RemoteWebDriver.findElement(RemoteWebDriver.java:362)
	at org.openqa.selenium.support.ui.ExpectedConditions$6.apply(ExpectedConditions.java:171)
	at org.openqa.selenium.support.ui.ExpectedConditions$6.apply(ExpectedConditions.java:168)
	at org.openqa.selenium.support.ui.FluentWait.until(FluentWait.java:203)
	... 69 common frames omitted
2025-02-17 09:04:19 [main] INFO  l.insoft.uztis.tests.utils.TestUtils - Screenshot moved to C:\Users\ingrida.zadorozniene\Desktop\Asm\UZTIS\UZTIS_tests\test-output\screenshots\20250217\090419872_testFillEvaluationThree().png
2025-02-17 09:10:51 [main] INFO  lt.insoft.uztis.tests.UztisPageTest - Navigated to https://uztisdev.asseco.lt/home
2025-02-17 09:10:51 [main] INFO  l.i.uztis.tests.EvaluationsPageTest - Starting test:'testFillEvaluationThree'
2025-02-17 09:10:51 [main] INFO  l.i.uztis.tests.EvaluationsPageTest - Starting test:'testNavigateToEvaluationsPage'
2025-02-17 09:10:52 [main] DEBUG l.i.uztis.tests.EvaluationsPageTest - User logged in with test credentials
2025-02-17 09:10:52 [main] DEBUG l.i.uztis.tests.EvaluationsPageTest - Opened 'Application Processing' menu.
2025-02-17 09:10:52 [main] DEBUG l.i.uztis.tests.EvaluationsPageTest - Clicked on 'Evaluations' menu.
2025-02-17 09:10:52 [main] DEBUG l.i.uztis.tests.EvaluationsPageTest - Navigating to evaluations menu.
2025-02-17 09:10:52 [main] INFO  l.i.uztis.tests.EvaluationsPageTest - Test 'testNavigateToEvaluationsPage' completed successfully.
2025-02-17 09:10:53 [main] DEBUG l.i.uztis.tests.EvaluationsPageTest - Clicked on last evaluation.
2025-02-17 09:10:53 [main] DEBUG l.i.uztis.tests.EvaluationsPageTest - Clicked 'Edit'.
2025-02-17 09:10:54 [main] DEBUG l.i.uztis.tests.EvaluationsPageTest - Entered commission date.
2025-02-17 09:10:54 [main] DEBUG l.i.uztis.tests.EvaluationsPageTest - Selected 'Without Commission' radio button.
2025-02-17 09:10:54 [main] DEBUG l.i.uztis.tests.EvaluationsPageTest - Entered chairman name: 'Pirmininkas Pirmininkauskas'.
2025-02-17 09:10:55 [main] DEBUG l.i.uztis.tests.EvaluationsPageTest - Entered member name: 'Narys Narauskas'.
2025-02-17 09:10:55 [main] DEBUG l.i.uztis.tests.EvaluationsPageTest - Clicked 'Continue'.
2025-02-17 09:10:55 [main] DEBUG l.i.uztis.tests.EvaluationsPageTest - Entered chairman score 1: '1'.
2025-02-17 09:10:55 [main] DEBUG l.i.uztis.tests.EvaluationsPageTest - Entered member score 1: '2'.
2025-02-17 09:10:55 [main] DEBUG l.i.uztis.tests.EvaluationsPageTest - Entered member conclusion 1: 'Išvada - palanki 1'.
2025-02-17 09:10:55 [main] DEBUG l.i.uztis.tests.EvaluationsPageTest - Entered chairman score 2: '3'.
2025-02-17 09:10:56 [main] DEBUG l.i.uztis.tests.EvaluationsPageTest - Entered member score 2: '4'.
2025-02-17 09:10:56 [main] DEBUG l.i.uztis.tests.EvaluationsPageTest - Entered member conclusion 2: 'Išvada - palanki 2'.
2025-02-17 09:10:56 [main] DEBUG l.i.uztis.tests.EvaluationsPageTest - Entered chairman score 3: '5'.
2025-02-17 09:10:56 [main] DEBUG l.i.uztis.tests.EvaluationsPageTest - Entered member score 3: '6'.
2025-02-17 09:10:56 [main] DEBUG l.i.uztis.tests.EvaluationsPageTest - Entered member conclusion 3: 'Išvada - palanki 3'.
2025-02-17 09:10:56 [main] DEBUG l.i.uztis.tests.EvaluationsPageTest - Entered chairman score 4: '7'.
2025-02-17 09:10:56 [main] DEBUG l.i.uztis.tests.EvaluationsPageTest - Entered member score 4: '8'.
2025-02-17 09:10:57 [main] DEBUG l.i.uztis.tests.EvaluationsPageTest - Entered member conclusion 4: 'Išvada - palanki 4'.
2025-02-17 09:10:57 [main] DEBUG l.i.uztis.tests.EvaluationsPageTest - Entered chairman score 5: '9'.
2025-02-17 09:10:57 [main] DEBUG l.i.uztis.tests.EvaluationsPageTest - Entered member score 5: '10'.
2025-02-17 09:10:57 [main] DEBUG l.i.uztis.tests.EvaluationsPageTest - Entered member conclusion 5: 'Išvada - palanki 5'.
2025-02-17 09:10:57 [main] DEBUG l.i.uztis.tests.EvaluationsPageTest - Clicked 'Confirm'.
2025-02-17 09:10:57 [main] INFO  l.i.uztis.tests.EvaluationsPageTest - Test 'testFillEvaluationThree' completed successfully.
2025-02-17 09:13:58 [main] INFO  lt.insoft.uztis.tests.UztisPageTest - Navigated to https://uztisdev.asseco.lt/home
2025-02-17 09:13:58 [main] INFO  l.i.uztis.tests.EvaluationsPageTest - Starting test:'testFillEvaluationThree'
2025-02-17 09:13:58 [main] INFO  l.i.uztis.tests.EvaluationsPageTest - Starting test:'testNavigateToEvaluationsPage'
2025-02-17 09:13:58 [main] DEBUG l.i.uztis.tests.EvaluationsPageTest - User logged in with test credentials
2025-02-17 09:13:59 [main] DEBUG l.i.uztis.tests.EvaluationsPageTest - Opened 'Application Processing' menu.
2025-02-17 09:13:59 [main] DEBUG l.i.uztis.tests.EvaluationsPageTest - Clicked on 'Evaluations' menu.
2025-02-17 09:13:59 [main] DEBUG l.i.uztis.tests.EvaluationsPageTest - Navigating to evaluations menu.
2025-02-17 09:13:59 [main] INFO  l.i.uztis.tests.EvaluationsPageTest - Test 'testNavigateToEvaluationsPage' completed successfully.
2025-02-17 09:14:00 [main] DEBUG l.i.uztis.tests.EvaluationsPageTest - Clicked on last evaluation.
2025-02-17 09:14:00 [main] DEBUG l.i.uztis.tests.EvaluationsPageTest - Clicked 'Edit'.
2025-02-17 09:14:01 [main] DEBUG l.i.uztis.tests.EvaluationsPageTest - Entered commission date.
2025-02-17 09:14:01 [main] DEBUG l.i.uztis.tests.EvaluationsPageTest - Selected 'Without Commission' radio button.
2025-02-17 09:14:01 [main] DEBUG l.i.uztis.tests.EvaluationsPageTest - Entered chairman name: 'Pirmininkas Pirmininkauskas'.
2025-02-17 09:14:01 [main] DEBUG l.i.uztis.tests.EvaluationsPageTest - Entered member name: 'Narys Narauskas'.
2025-02-17 09:14:01 [main] DEBUG l.i.uztis.tests.EvaluationsPageTest - Clicked 'Continue'.
2025-02-17 09:14:02 [main] DEBUG l.i.uztis.tests.EvaluationsPageTest - Entered chairman score 1: '1'.
2025-02-17 09:14:02 [main] DEBUG l.i.uztis.tests.EvaluationsPageTest - Entered member score 1: '2'.
2025-02-17 09:14:02 [main] DEBUG l.i.uztis.tests.EvaluationsPageTest - Entered member conclusion 1: 'Išvada - palanki 1'.
2025-02-17 09:14:02 [main] DEBUG l.i.uztis.tests.EvaluationsPageTest - Entered chairman score 2: '3'.
2025-02-17 09:14:02 [main] DEBUG l.i.uztis.tests.EvaluationsPageTest - Entered member score 2: '4'.
2025-02-17 09:14:03 [main] DEBUG l.i.uztis.tests.EvaluationsPageTest - Entered member conclusion 2: 'Išvada - palanki 2'.
2025-02-17 09:14:03 [main] DEBUG l.i.uztis.tests.EvaluationsPageTest - Entered chairman score 3: '5'.
2025-02-17 09:14:03 [main] DEBUG l.i.uztis.tests.EvaluationsPageTest - Entered member score 3: '6'.
2025-02-17 09:14:03 [main] DEBUG l.i.uztis.tests.EvaluationsPageTest - Entered member conclusion 3: 'Išvada - palanki 3'.
2025-02-17 09:14:03 [main] DEBUG l.i.uztis.tests.EvaluationsPageTest - Entered chairman score 4: '7'.
2025-02-17 09:14:03 [main] DEBUG l.i.uztis.tests.EvaluationsPageTest - Entered member score 4: '8'.
2025-02-17 09:14:03 [main] DEBUG l.i.uztis.tests.EvaluationsPageTest - Entered member conclusion 4: 'Išvada - palanki 4'.
2025-02-17 09:14:04 [main] DEBUG l.i.uztis.tests.EvaluationsPageTest - Entered chairman score 5: '9'.
2025-02-17 09:14:04 [main] DEBUG l.i.uztis.tests.EvaluationsPageTest - Entered member score 5: '10'.
2025-02-17 09:14:04 [main] DEBUG l.i.uztis.tests.EvaluationsPageTest - Entered member conclusion 5: 'Išvada - palanki 5'.
2025-02-17 09:14:14 [main] ERROR l.i.uztis.tests.EvaluationsPageTest - Test 'testFillEvaluationThree' failed with error: Expected condition failed: waiting for presence of element located by: By.xpath: //mat-form-field[@class='mat-mdc-form-field ng-tns-c508571215-16 mat-mdc-form-field-type-common-text-input mat-mdc-form-field-appearance-outline mat-primary ng-untouched ng-star-inserted mat-form-field-disabled ng-dirty']//input[@class='primary-control mat-mdc-form-field-input-control mat-mdc-form-field-input'] (tried for 10 second(s) with 500 milliseconds interval)
org.openqa.selenium.TimeoutException: Expected condition failed: waiting for presence of element located by: By.xpath: //mat-form-field[@class='mat-mdc-form-field ng-tns-c508571215-16 mat-mdc-form-field-type-common-text-input mat-mdc-form-field-appearance-outline mat-primary ng-untouched ng-star-inserted mat-form-field-disabled ng-dirty']//input[@class='primary-control mat-mdc-form-field-input-control mat-mdc-form-field-input'] (tried for 10 second(s) with 500 milliseconds interval)
	at org.openqa.selenium.support.ui.WebDriverWait.timeoutException(WebDriverWait.java:84)
	at org.openqa.selenium.support.ui.FluentWait.until(FluentWait.java:228)
	at lt.insoft.uztis.tests.EvaluationsPageTest.testFillEvaluationThree(EvaluationsPageTest.java:358)
	at java.base/jdk.internal.reflect.DirectMethodHandleAccessor.invoke(DirectMethodHandleAccessor.java:103)
	at java.base/java.lang.reflect.Method.invoke(Method.java:580)
	at org.junit.platform.commons.util.ReflectionUtils.invokeMethod(ReflectionUtils.java:728)
	at org.junit.jupiter.engine.execution.MethodInvocation.proceed(MethodInvocation.java:60)
	at org.junit.jupiter.engine.execution.InvocationInterceptorChain$ValidatingInvocation.proceed(InvocationInterceptorChain.java:131)
	at org.junit.jupiter.engine.extension.TimeoutExtension.intercept(TimeoutExtension.java:156)
	at org.junit.jupiter.engine.extension.TimeoutExtension.interceptTestableMethod(TimeoutExtension.java:147)
	at org.junit.jupiter.engine.extension.TimeoutExtension.interceptTestMethod(TimeoutExtension.java:86)
	at org.junit.jupiter.engine.execution.InterceptingExecutableInvoker$ReflectiveInterceptorCall.lambda$ofVoidMethod$0(InterceptingExecutableInvoker.java:103)
	at org.junit.jupiter.engine.execution.InterceptingExecutableInvoker.lambda$invoke$0(InterceptingExecutableInvoker.java:93)
	at org.junit.jupiter.engine.execution.InvocationInterceptorChain$InterceptedInvocation.proceed(InvocationInterceptorChain.java:106)
	at org.junit.jupiter.engine.execution.InvocationInterceptorChain.proceed(InvocationInterceptorChain.java:64)
	at org.junit.jupiter.engine.execution.InvocationInterceptorChain.chainAndInvoke(InvocationInterceptorChain.java:45)
	at org.junit.jupiter.engine.execution.InvocationInterceptorChain.invoke(InvocationInterceptorChain.java:37)
	at org.junit.jupiter.engine.execution.InterceptingExecutableInvoker.invoke(InterceptingExecutableInvoker.java:92)
	at org.junit.jupiter.engine.execution.InterceptingExecutableInvoker.invoke(InterceptingExecutableInvoker.java:86)
	at org.junit.jupiter.engine.descriptor.TestMethodTestDescriptor.lambda$invokeTestMethod$7(TestMethodTestDescriptor.java:218)
	at org.junit.platform.engine.support.hierarchical.ThrowableCollector.execute(ThrowableCollector.java:73)
	at org.junit.jupiter.engine.descriptor.TestMethodTestDescriptor.invokeTestMethod(TestMethodTestDescriptor.java:214)
	at org.junit.jupiter.engine.descriptor.TestMethodTestDescriptor.execute(TestMethodTestDescriptor.java:139)
	at org.junit.jupiter.engine.descriptor.TestMethodTestDescriptor.execute(TestMethodTestDescriptor.java:69)
	at org.junit.platform.engine.support.hierarchical.NodeTestTask.lambda$executeRecursively$6(NodeTestTask.java:151)
	at org.junit.platform.engine.support.hierarchical.ThrowableCollector.execute(ThrowableCollector.java:73)
	at org.junit.platform.engine.support.hierarchical.NodeTestTask.lambda$executeRecursively$8(NodeTestTask.java:141)
	at org.junit.platform.engine.support.hierarchical.Node.around(Node.java:137)
	at org.junit.platform.engine.support.hierarchical.NodeTestTask.lambda$executeRecursively$9(NodeTestTask.java:139)
	at org.junit.platform.engine.support.hierarchical.ThrowableCollector.execute(ThrowableCollector.java:73)
	at org.junit.platform.engine.support.hierarchical.NodeTestTask.executeRecursively(NodeTestTask.java:138)
	at org.junit.platform.engine.support.hierarchical.NodeTestTask.execute(NodeTestTask.java:95)
	at java.base/java.util.ArrayList.forEach(ArrayList.java:1596)
	at org.junit.platform.engine.support.hierarchical.SameThreadHierarchicalTestExecutorService.invokeAll(SameThreadHierarchicalTestExecutorService.java:41)
	at org.junit.platform.engine.support.hierarchical.NodeTestTask.lambda$executeRecursively$6(NodeTestTask.java:155)
	at org.junit.platform.engine.support.hierarchical.ThrowableCollector.execute(ThrowableCollector.java:73)
	at org.junit.platform.engine.support.hierarchical.NodeTestTask.lambda$executeRecursively$8(NodeTestTask.java:141)
	at org.junit.platform.engine.support.hierarchical.Node.around(Node.java:137)
	at org.junit.platform.engine.support.hierarchical.NodeTestTask.lambda$executeRecursively$9(NodeTestTask.java:139)
	at org.junit.platform.engine.support.hierarchical.ThrowableCollector.execute(ThrowableCollector.java:73)
	at org.junit.platform.engine.support.hierarchical.NodeTestTask.executeRecursively(NodeTestTask.java:138)
	at org.junit.platform.engine.support.hierarchical.NodeTestTask.execute(NodeTestTask.java:95)
	at java.base/java.util.ArrayList.forEach(ArrayList.java:1596)
	at org.junit.platform.engine.support.hierarchical.SameThreadHierarchicalTestExecutorService.invokeAll(SameThreadHierarchicalTestExecutorService.java:41)
	at org.junit.platform.engine.support.hierarchical.NodeTestTask.lambda$executeRecursively$6(NodeTestTask.java:155)
	at org.junit.platform.engine.support.hierarchical.ThrowableCollector.execute(ThrowableCollector.java:73)
	at org.junit.platform.engine.support.hierarchical.NodeTestTask.lambda$executeRecursively$8(NodeTestTask.java:141)
	at org.junit.platform.engine.support.hierarchical.Node.around(Node.java:137)
	at org.junit.platform.engine.support.hierarchical.NodeTestTask.lambda$executeRecursively$9(NodeTestTask.java:139)
	at org.junit.platform.engine.support.hierarchical.ThrowableCollector.execute(ThrowableCollector.java:73)
	at org.junit.platform.engine.support.hierarchical.NodeTestTask.executeRecursively(NodeTestTask.java:138)
	at org.junit.platform.engine.support.hierarchical.NodeTestTask.execute(NodeTestTask.java:95)
	at org.junit.platform.engine.support.hierarchical.SameThreadHierarchicalTestExecutorService.submit(SameThreadHierarchicalTestExecutorService.java:35)
	at org.junit.platform.engine.support.hierarchical.HierarchicalTestExecutor.execute(HierarchicalTestExecutor.java:57)
	at org.junit.platform.engine.support.hierarchical.HierarchicalTestEngine.execute(HierarchicalTestEngine.java:54)
	at org.junit.platform.launcher.core.EngineExecutionOrchestrator.execute(EngineExecutionOrchestrator.java:198)
	at org.junit.platform.launcher.core.EngineExecutionOrchestrator.execute(EngineExecutionOrchestrator.java:169)
	at org.junit.platform.launcher.core.EngineExecutionOrchestrator.execute(EngineExecutionOrchestrator.java:93)
	at org.junit.platform.launcher.core.EngineExecutionOrchestrator.lambda$execute$0(EngineExecutionOrchestrator.java:58)
	at org.junit.platform.launcher.core.EngineExecutionOrchestrator.withInterceptedStreams(EngineExecutionOrchestrator.java:141)
	at org.junit.platform.launcher.core.EngineExecutionOrchestrator.execute(EngineExecutionOrchestrator.java:57)
	at org.junit.platform.launcher.core.DefaultLauncher.execute(DefaultLauncher.java:103)
	at org.junit.platform.launcher.core.DefaultLauncher.execute(DefaultLauncher.java:85)
	at org.junit.platform.launcher.core.DelegatingLauncher.execute(DelegatingLauncher.java:47)
	at org.junit.platform.launcher.core.SessionPerRequestLauncher.execute(SessionPerRequestLauncher.java:63)
	at com.intellij.junit5.JUnit5IdeaTestRunner.startRunnerWithArgs(JUnit5IdeaTestRunner.java:57)
	at com.intellij.rt.junit.IdeaTestRunner$Repeater$1.execute(IdeaTestRunner.java:38)
	at com.intellij.rt.execution.junit.TestsRepeater.repeat(TestsRepeater.java:11)
	at com.intellij.rt.junit.IdeaTestRunner$Repeater.startRunnerWithArgs(IdeaTestRunner.java:35)
	at com.intellij.rt.junit.JUnitStarter.prepareStreamsAndStart(JUnitStarter.java:232)
	at com.intellij.rt.junit.JUnitStarter.main(JUnitStarter.java:55)
Caused by: org.openqa.selenium.NoSuchElementException: no such element: Unable to locate element: {"method":"xpath","selector":"//mat-form-field[@class='mat-mdc-form-field ng-tns-c508571215-16 mat-mdc-form-field-type-common-text-input mat-mdc-form-field-appearance-outline mat-primary ng-untouched ng-star-inserted mat-form-field-disabled ng-dirty']//input[@class='primary-control mat-mdc-form-field-input-control mat-mdc-form-field-input']"}
  (Session info: chrome=132.0.6834.197)
For documentation on this error, please visit: https://www.selenium.dev/documentation/webdriver/troubleshooting/errors#no-such-element-exception
Build info: version: '4.27.0', revision: 'd6e718d134'
System info: os.name: 'Windows 11', os.arch: 'amd64', os.version: '10.0', java.version: '21.0.3'
Driver info: org.openqa.selenium.chrome.ChromeDriver
Command: [01f648fcdcc44906b9c439abd2097ca7, findElement {using=xpath, value=//mat-form-field[@class='mat-mdc-form-field ng-tns-c508571215-16 mat-mdc-form-field-type-common-text-input mat-mdc-form-field-appearance-outline mat-primary ng-untouched ng-star-inserted mat-form-field-disabled ng-dirty']//input[@class='primary-control mat-mdc-form-field-input-control mat-mdc-form-field-input']}]
Capabilities {acceptInsecureCerts: false, browserName: chrome, browserVersion: 132.0.6834.197, chrome: {chromedriverVersion: 132.0.6834.159 (2d77d3fc445..., userDataDir: C:\Users\INGRID~1.ZAD\AppDa...}, fedcm:accounts: true, goog:chromeOptions: {debuggerAddress: localhost:64079}, networkConnectionEnabled: false, pageLoadStrategy: normal, platformName: windows, proxy: Proxy(), se:cdp: ws://localhost:64079/devtoo..., se:cdpVersion: 132.0.6834.197, setWindowRect: true, strictFileInteractability: false, timeouts: {implicit: 0, pageLoad: 300000, script: 30000}, unhandledPromptBehavior: dismiss and notify, webauthn:extension:credBlob: true, webauthn:extension:largeBlob: true, webauthn:extension:minPinLength: true, webauthn:extension:prf: true, webauthn:virtualAuthenticators: true}
Session ID: 01f648fcdcc44906b9c439abd2097ca7
	at java.base/jdk.internal.reflect.DirectConstructorHandleAccessor.newInstance(DirectConstructorHandleAccessor.java:62)
	at java.base/java.lang.reflect.Constructor.newInstanceWithCaller(Constructor.java:502)
	at java.base/java.lang.reflect.Constructor.newInstance(Constructor.java:486)
	at org.openqa.selenium.remote.ErrorCodec.decode(ErrorCodec.java:167)
	at org.openqa.selenium.remote.codec.w3c.W3CHttpResponseCodec.decode(W3CHttpResponseCodec.java:138)
	at org.openqa.selenium.remote.codec.w3c.W3CHttpResponseCodec.decode(W3CHttpResponseCodec.java:50)
	at org.openqa.selenium.remote.HttpCommandExecutor.execute(HttpCommandExecutor.java:190)
	at org.openqa.selenium.remote.service.DriverCommandExecutor.invokeExecute(DriverCommandExecutor.java:216)
	at org.openqa.selenium.remote.service.DriverCommandExecutor.execute(DriverCommandExecutor.java:174)
	at org.openqa.selenium.remote.RemoteWebDriver.execute(RemoteWebDriver.java:545)
	at org.openqa.selenium.remote.ElementLocation$ElementFinder$2.findElement(ElementLocation.java:165)
	at org.openqa.selenium.remote.ElementLocation.findElement(ElementLocation.java:59)
	at org.openqa.selenium.remote.RemoteWebDriver.findElement(RemoteWebDriver.java:368)
	at org.openqa.selenium.remote.RemoteWebDriver.findElement(RemoteWebDriver.java:362)
	at org.openqa.selenium.support.ui.ExpectedConditions$6.apply(ExpectedConditions.java:171)
	at org.openqa.selenium.support.ui.ExpectedConditions$6.apply(ExpectedConditions.java:168)
	at org.openqa.selenium.support.ui.FluentWait.until(FluentWait.java:203)
	... 69 common frames omitted
2025-02-17 09:14:14 [main] INFO  l.insoft.uztis.tests.utils.TestUtils - Screenshot moved to C:\Users\ingrida.zadorozniene\Desktop\Asm\UZTIS\UZTIS_tests\test-output\screenshots\20250217\091414633_testFillEvaluationThree().png
2025-02-17 09:16:14 [main] INFO  lt.insoft.uztis.tests.UztisPageTest - Navigated to https://uztisdev.asseco.lt/home
2025-02-17 09:16:14 [main] INFO  l.i.uztis.tests.EvaluationsPageTest - Starting test:'testFillEvaluationThree'
2025-02-17 09:16:14 [main] INFO  l.i.uztis.tests.EvaluationsPageTest - Starting test:'testNavigateToEvaluationsPage'
2025-02-17 09:16:14 [main] DEBUG l.i.uztis.tests.EvaluationsPageTest - User logged in with test credentials
2025-02-17 09:16:15 [main] DEBUG l.i.uztis.tests.EvaluationsPageTest - Opened 'Application Processing' menu.
2025-02-17 09:16:15 [main] DEBUG l.i.uztis.tests.EvaluationsPageTest - Clicked on 'Evaluations' menu.
2025-02-17 09:16:15 [main] DEBUG l.i.uztis.tests.EvaluationsPageTest - Navigating to evaluations menu.
2025-02-17 09:16:15 [main] INFO  l.i.uztis.tests.EvaluationsPageTest - Test 'testNavigateToEvaluationsPage' completed successfully.
2025-02-17 09:16:15 [main] DEBUG l.i.uztis.tests.EvaluationsPageTest - Clicked on last evaluation.
2025-02-17 09:16:16 [main] DEBUG l.i.uztis.tests.EvaluationsPageTest - Clicked 'Edit'.
2025-02-17 09:16:16 [main] DEBUG l.i.uztis.tests.EvaluationsPageTest - Entered commission date.
2025-02-17 09:16:17 [main] DEBUG l.i.uztis.tests.EvaluationsPageTest - Selected 'Without Commission' radio button.
2025-02-17 09:16:17 [main] DEBUG l.i.uztis.tests.EvaluationsPageTest - Entered chairman name: 'Pirmininkas Pirmininkauskas'.
2025-02-17 09:16:17 [main] DEBUG l.i.uztis.tests.EvaluationsPageTest - Entered member name: 'Narys Narauskas'.
2025-02-17 09:16:17 [main] DEBUG l.i.uztis.tests.EvaluationsPageTest - Clicked 'Continue'.
2025-02-17 09:16:17 [main] DEBUG l.i.uztis.tests.EvaluationsPageTest - Entered chairman score 1: '1'.
2025-02-17 09:16:18 [main] DEBUG l.i.uztis.tests.EvaluationsPageTest - Entered member score 1: '2'.
2025-02-17 09:16:18 [main] DEBUG l.i.uztis.tests.EvaluationsPageTest - Entered member conclusion 1: 'Išvada - palanki 1'.
2025-02-17 09:16:18 [main] DEBUG l.i.uztis.tests.EvaluationsPageTest - Entered chairman score 2: '3'.
2025-02-17 09:16:18 [main] DEBUG l.i.uztis.tests.EvaluationsPageTest - Entered member score 2: '4'.
2025-02-17 09:16:18 [main] DEBUG l.i.uztis.tests.EvaluationsPageTest - Entered member conclusion 2: 'Išvada - palanki 2'.
2025-02-17 09:16:18 [main] DEBUG l.i.uztis.tests.EvaluationsPageTest - Entered chairman score 3: '5'.
2025-02-17 09:16:19 [main] DEBUG l.i.uztis.tests.EvaluationsPageTest - Entered member score 3: '6'.
2025-02-17 09:16:19 [main] DEBUG l.i.uztis.tests.EvaluationsPageTest - Entered member conclusion 3: 'Išvada - palanki 3'.
2025-02-17 09:16:19 [main] DEBUG l.i.uztis.tests.EvaluationsPageTest - Entered chairman score 4: '7'.
2025-02-17 09:16:19 [main] DEBUG l.i.uztis.tests.EvaluationsPageTest - Entered member score 4: '8'.
2025-02-17 09:16:19 [main] DEBUG l.i.uztis.tests.EvaluationsPageTest - Entered member conclusion 4: 'Išvada - palanki 4'.
2025-02-17 09:16:19 [main] DEBUG l.i.uztis.tests.EvaluationsPageTest - Entered chairman score 5: '9'.
2025-02-17 09:16:19 [main] DEBUG l.i.uztis.tests.EvaluationsPageTest - Entered member score 5: '10'.
2025-02-17 09:16:20 [main] DEBUG l.i.uztis.tests.EvaluationsPageTest - Entered member conclusion 5: 'Išvada - palanki 5'.
2025-02-17 09:16:30 [main] ERROR l.i.uztis.tests.EvaluationsPageTest - Test 'testFillEvaluationThree' failed with error: Expected condition failed: waiting for presence of element located by: By.xpath: //mat-form-field[@class='mat-mdc-form-field ng-tns-c508571215-16 mat-mdc-form-field-type-common-text-input mat-mdc-form-field-appearance-outline mat-primary ng-untouched ng-star-inserted mat-form-field-disabled ng-dirty']//input[@class='primary-control mat-mdc-form-field-input-control mat-mdc-form-field-input'] (tried for 10 second(s) with 500 milliseconds interval)
org.openqa.selenium.TimeoutException: Expected condition failed: waiting for presence of element located by: By.xpath: //mat-form-field[@class='mat-mdc-form-field ng-tns-c508571215-16 mat-mdc-form-field-type-common-text-input mat-mdc-form-field-appearance-outline mat-primary ng-untouched ng-star-inserted mat-form-field-disabled ng-dirty']//input[@class='primary-control mat-mdc-form-field-input-control mat-mdc-form-field-input'] (tried for 10 second(s) with 500 milliseconds interval)
	at org.openqa.selenium.support.ui.WebDriverWait.timeoutException(WebDriverWait.java:84)
	at org.openqa.selenium.support.ui.FluentWait.until(FluentWait.java:228)
	at lt.insoft.uztis.tests.EvaluationsPageTest.testFillEvaluationThree(EvaluationsPageTest.java:384)
	at java.base/jdk.internal.reflect.DirectMethodHandleAccessor.invoke(DirectMethodHandleAccessor.java:103)
	at java.base/java.lang.reflect.Method.invoke(Method.java:580)
	at org.junit.platform.commons.util.ReflectionUtils.invokeMethod(ReflectionUtils.java:728)
	at org.junit.jupiter.engine.execution.MethodInvocation.proceed(MethodInvocation.java:60)
	at org.junit.jupiter.engine.execution.InvocationInterceptorChain$ValidatingInvocation.proceed(InvocationInterceptorChain.java:131)
	at org.junit.jupiter.engine.extension.TimeoutExtension.intercept(TimeoutExtension.java:156)
	at org.junit.jupiter.engine.extension.TimeoutExtension.interceptTestableMethod(TimeoutExtension.java:147)
	at org.junit.jupiter.engine.extension.TimeoutExtension.interceptTestMethod(TimeoutExtension.java:86)
	at org.junit.jupiter.engine.execution.InterceptingExecutableInvoker$ReflectiveInterceptorCall.lambda$ofVoidMethod$0(InterceptingExecutableInvoker.java:103)
	at org.junit.jupiter.engine.execution.InterceptingExecutableInvoker.lambda$invoke$0(InterceptingExecutableInvoker.java:93)
	at org.junit.jupiter.engine.execution.InvocationInterceptorChain$InterceptedInvocation.proceed(InvocationInterceptorChain.java:106)
	at org.junit.jupiter.engine.execution.InvocationInterceptorChain.proceed(InvocationInterceptorChain.java:64)
	at org.junit.jupiter.engine.execution.InvocationInterceptorChain.chainAndInvoke(InvocationInterceptorChain.java:45)
	at org.junit.jupiter.engine.execution.InvocationInterceptorChain.invoke(InvocationInterceptorChain.java:37)
	at org.junit.jupiter.engine.execution.InterceptingExecutableInvoker.invoke(InterceptingExecutableInvoker.java:92)
	at org.junit.jupiter.engine.execution.InterceptingExecutableInvoker.invoke(InterceptingExecutableInvoker.java:86)
	at org.junit.jupiter.engine.descriptor.TestMethodTestDescriptor.lambda$invokeTestMethod$7(TestMethodTestDescriptor.java:218)
	at org.junit.platform.engine.support.hierarchical.ThrowableCollector.execute(ThrowableCollector.java:73)
	at org.junit.jupiter.engine.descriptor.TestMethodTestDescriptor.invokeTestMethod(TestMethodTestDescriptor.java:214)
	at org.junit.jupiter.engine.descriptor.TestMethodTestDescriptor.execute(TestMethodTestDescriptor.java:139)
	at org.junit.jupiter.engine.descriptor.TestMethodTestDescriptor.execute(TestMethodTestDescriptor.java:69)
	at org.junit.platform.engine.support.hierarchical.NodeTestTask.lambda$executeRecursively$6(NodeTestTask.java:151)
	at org.junit.platform.engine.support.hierarchical.ThrowableCollector.execute(ThrowableCollector.java:73)
	at org.junit.platform.engine.support.hierarchical.NodeTestTask.lambda$executeRecursively$8(NodeTestTask.java:141)
	at org.junit.platform.engine.support.hierarchical.Node.around(Node.java:137)
	at org.junit.platform.engine.support.hierarchical.NodeTestTask.lambda$executeRecursively$9(NodeTestTask.java:139)
	at org.junit.platform.engine.support.hierarchical.ThrowableCollector.execute(ThrowableCollector.java:73)
	at org.junit.platform.engine.support.hierarchical.NodeTestTask.executeRecursively(NodeTestTask.java:138)
	at org.junit.platform.engine.support.hierarchical.NodeTestTask.execute(NodeTestTask.java:95)
	at java.base/java.util.ArrayList.forEach(ArrayList.java:1596)
	at org.junit.platform.engine.support.hierarchical.SameThreadHierarchicalTestExecutorService.invokeAll(SameThreadHierarchicalTestExecutorService.java:41)
	at org.junit.platform.engine.support.hierarchical.NodeTestTask.lambda$executeRecursively$6(NodeTestTask.java:155)
	at org.junit.platform.engine.support.hierarchical.ThrowableCollector.execute(ThrowableCollector.java:73)
	at org.junit.platform.engine.support.hierarchical.NodeTestTask.lambda$executeRecursively$8(NodeTestTask.java:141)
	at org.junit.platform.engine.support.hierarchical.Node.around(Node.java:137)
	at org.junit.platform.engine.support.hierarchical.NodeTestTask.lambda$executeRecursively$9(NodeTestTask.java:139)
	at org.junit.platform.engine.support.hierarchical.ThrowableCollector.execute(ThrowableCollector.java:73)
	at org.junit.platform.engine.support.hierarchical.NodeTestTask.executeRecursively(NodeTestTask.java:138)
	at org.junit.platform.engine.support.hierarchical.NodeTestTask.execute(NodeTestTask.java:95)
	at java.base/java.util.ArrayList.forEach(ArrayList.java:1596)
	at org.junit.platform.engine.support.hierarchical.SameThreadHierarchicalTestExecutorService.invokeAll(SameThreadHierarchicalTestExecutorService.java:41)
	at org.junit.platform.engine.support.hierarchical.NodeTestTask.lambda$executeRecursively$6(NodeTestTask.java:155)
	at org.junit.platform.engine.support.hierarchical.ThrowableCollector.execute(ThrowableCollector.java:73)
	at org.junit.platform.engine.support.hierarchical.NodeTestTask.lambda$executeRecursively$8(NodeTestTask.java:141)
	at org.junit.platform.engine.support.hierarchical.Node.around(Node.java:137)
	at org.junit.platform.engine.support.hierarchical.NodeTestTask.lambda$executeRecursively$9(NodeTestTask.java:139)
	at org.junit.platform.engine.support.hierarchical.ThrowableCollector.execute(ThrowableCollector.java:73)
	at org.junit.platform.engine.support.hierarchical.NodeTestTask.executeRecursively(NodeTestTask.java:138)
	at org.junit.platform.engine.support.hierarchical.NodeTestTask.execute(NodeTestTask.java:95)
	at org.junit.platform.engine.support.hierarchical.SameThreadHierarchicalTestExecutorService.submit(SameThreadHierarchicalTestExecutorService.java:35)
	at org.junit.platform.engine.support.hierarchical.HierarchicalTestExecutor.execute(HierarchicalTestExecutor.java:57)
	at org.junit.platform.engine.support.hierarchical.HierarchicalTestEngine.execute(HierarchicalTestEngine.java:54)
	at org.junit.platform.launcher.core.EngineExecutionOrchestrator.execute(EngineExecutionOrchestrator.java:198)
	at org.junit.platform.launcher.core.EngineExecutionOrchestrator.execute(EngineExecutionOrchestrator.java:169)
	at org.junit.platform.launcher.core.EngineExecutionOrchestrator.execute(EngineExecutionOrchestrator.java:93)
	at org.junit.platform.launcher.core.EngineExecutionOrchestrator.lambda$execute$0(EngineExecutionOrchestrator.java:58)
	at org.junit.platform.launcher.core.EngineExecutionOrchestrator.withInterceptedStreams(EngineExecutionOrchestrator.java:141)
	at org.junit.platform.launcher.core.EngineExecutionOrchestrator.execute(EngineExecutionOrchestrator.java:57)
	at org.junit.platform.launcher.core.DefaultLauncher.execute(DefaultLauncher.java:103)
	at org.junit.platform.launcher.core.DefaultLauncher.execute(DefaultLauncher.java:85)
	at org.junit.platform.launcher.core.DelegatingLauncher.execute(DelegatingLauncher.java:47)
	at org.junit.platform.launcher.core.SessionPerRequestLauncher.execute(SessionPerRequestLauncher.java:63)
	at com.intellij.junit5.JUnit5IdeaTestRunner.startRunnerWithArgs(JUnit5IdeaTestRunner.java:57)
	at com.intellij.rt.junit.IdeaTestRunner$Repeater$1.execute(IdeaTestRunner.java:38)
	at com.intellij.rt.execution.junit.TestsRepeater.repeat(TestsRepeater.java:11)
	at com.intellij.rt.junit.IdeaTestRunner$Repeater.startRunnerWithArgs(IdeaTestRunner.java:35)
	at com.intellij.rt.junit.JUnitStarter.prepareStreamsAndStart(JUnitStarter.java:232)
	at com.intellij.rt.junit.JUnitStarter.main(JUnitStarter.java:55)
Caused by: org.openqa.selenium.NoSuchElementException: no such element: Unable to locate element: {"method":"xpath","selector":"//mat-form-field[@class='mat-mdc-form-field ng-tns-c508571215-16 mat-mdc-form-field-type-common-text-input mat-mdc-form-field-appearance-outline mat-primary ng-untouched ng-star-inserted mat-form-field-disabled ng-dirty']//input[@class='primary-control mat-mdc-form-field-input-control mat-mdc-form-field-input']"}
  (Session info: chrome=132.0.6834.197)
For documentation on this error, please visit: https://www.selenium.dev/documentation/webdriver/troubleshooting/errors#no-such-element-exception
Build info: version: '4.27.0', revision: 'd6e718d134'
System info: os.name: 'Windows 11', os.arch: 'amd64', os.version: '10.0', java.version: '21.0.3'
Driver info: org.openqa.selenium.chrome.ChromeDriver
Command: [f1edc11c24d6989c56f596e9d4b1a013, findElement {using=xpath, value=//mat-form-field[@class='mat-mdc-form-field ng-tns-c508571215-16 mat-mdc-form-field-type-common-text-input mat-mdc-form-field-appearance-outline mat-primary ng-untouched ng-star-inserted mat-form-field-disabled ng-dirty']//input[@class='primary-control mat-mdc-form-field-input-control mat-mdc-form-field-input']}]
Capabilities {acceptInsecureCerts: false, browserName: chrome, browserVersion: 132.0.6834.197, chrome: {chromedriverVersion: 132.0.6834.159 (2d77d3fc445..., userDataDir: C:\Users\INGRID~1.ZAD\AppDa...}, fedcm:accounts: true, goog:chromeOptions: {debuggerAddress: localhost:64232}, networkConnectionEnabled: false, pageLoadStrategy: normal, platformName: windows, proxy: Proxy(), se:cdp: ws://localhost:64232/devtoo..., se:cdpVersion: 132.0.6834.197, setWindowRect: true, strictFileInteractability: false, timeouts: {implicit: 0, pageLoad: 300000, script: 30000}, unhandledPromptBehavior: dismiss and notify, webauthn:extension:credBlob: true, webauthn:extension:largeBlob: true, webauthn:extension:minPinLength: true, webauthn:extension:prf: true, webauthn:virtualAuthenticators: true}
Session ID: f1edc11c24d6989c56f596e9d4b1a013
	at java.base/jdk.internal.reflect.DirectConstructorHandleAccessor.newInstance(DirectConstructorHandleAccessor.java:62)
	at java.base/java.lang.reflect.Constructor.newInstanceWithCaller(Constructor.java:502)
	at java.base/java.lang.reflect.Constructor.newInstance(Constructor.java:486)
	at org.openqa.selenium.remote.ErrorCodec.decode(ErrorCodec.java:167)
	at org.openqa.selenium.remote.codec.w3c.W3CHttpResponseCodec.decode(W3CHttpResponseCodec.java:138)
	at org.openqa.selenium.remote.codec.w3c.W3CHttpResponseCodec.decode(W3CHttpResponseCodec.java:50)
	at org.openqa.selenium.remote.HttpCommandExecutor.execute(HttpCommandExecutor.java:190)
	at org.openqa.selenium.remote.service.DriverCommandExecutor.invokeExecute(DriverCommandExecutor.java:216)
	at org.openqa.selenium.remote.service.DriverCommandExecutor.execute(DriverCommandExecutor.java:174)
	at org.openqa.selenium.remote.RemoteWebDriver.execute(RemoteWebDriver.java:545)
	at org.openqa.selenium.remote.ElementLocation$ElementFinder$2.findElement(ElementLocation.java:165)
	at org.openqa.selenium.remote.ElementLocation.findElement(ElementLocation.java:59)
	at org.openqa.selenium.remote.RemoteWebDriver.findElement(RemoteWebDriver.java:368)
	at org.openqa.selenium.remote.RemoteWebDriver.findElement(RemoteWebDriver.java:362)
	at org.openqa.selenium.support.ui.ExpectedConditions$6.apply(ExpectedConditions.java:171)
	at org.openqa.selenium.support.ui.ExpectedConditions$6.apply(ExpectedConditions.java:168)
	at org.openqa.selenium.support.ui.FluentWait.until(FluentWait.java:203)
	... 69 common frames omitted
2025-02-17 09:16:30 [main] INFO  l.insoft.uztis.tests.utils.TestUtils - Screenshot moved to C:\Users\ingrida.zadorozniene\Desktop\Asm\UZTIS\UZTIS_tests\test-output\screenshots\20250217\091630376_testFillEvaluationThree().png
2025-02-17 09:50:25 [main] INFO  lt.insoft.uztis.tests.UztisPageTest - Navigated to https://uztisdev.asseco.lt/home
2025-02-17 09:50:26 [main] INFO  l.i.u.t.SubmittedApplicationsPageTest - Starting test:'testFillNewVUIPApplicationFA'
2025-02-17 09:50:26 [main] DEBUG l.i.u.t.SubmittedApplicationsPageTest - User logged in with test credentials.
2025-02-17 09:50:26 [main] DEBUG l.i.u.t.SubmittedApplicationsPageTest - Opened 'Application Processing' menu.
2025-02-17 09:50:26 [main] DEBUG l.i.u.t.SubmittedApplicationsPageTest - Clicked on 'Application Forms' menu.
2025-02-17 09:50:27 [main] DEBUG l.i.u.t.SubmittedApplicationsPageTest - Retrieved last description code text: 'TST-VUI-00'.
2025-02-17 09:50:28 [main] DEBUG l.i.u.t.SubmittedApplicationsPageTest - Clicked on 'Invitation' menu.
2025-02-17 09:50:28 [main] DEBUG l.i.u.t.SubmittedApplicationsPageTest - Selected application section by code: 'TST-VUI-00'.
2025-02-17 09:50:28 [main] DEBUG l.i.u.t.SubmittedApplicationsPageTest - Clicked 'Search' button.
2025-02-17 09:50:29 [main] DEBUG l.i.u.t.SubmittedApplicationsPageTest - Retrieved invitation code: ''.
2025-02-17 09:50:29 [main] DEBUG l.i.u.t.SubmittedApplicationsPageTest - Clicked on 'Submitted Applications' menu.
2025-02-17 09:50:30 [main] DEBUG l.i.u.t.SubmittedApplicationsPageTest - Selected invitation by code: 'TST-VUI-00'.
2025-02-17 09:50:30 [main] DEBUG l.i.u.t.SubmittedApplicationsPageTest - Invitation code inserted.
2025-02-17 09:50:30 [main] DEBUG l.i.u.t.SubmittedApplicationsPageTest - Clicked on 'Action Application' button.
2025-02-17 09:50:30 [main] DEBUG l.i.u.t.SubmittedApplicationsPageTest - Clicked on 'New Application' button.
2025-02-17 09:50:30 [main] DEBUG l.i.u.t.SubmittedApplicationsPageTest - Selected the 'RadioButtonFA' option.
2025-02-17 09:50:31 [main] DEBUG l.i.u.t.SubmittedApplicationsPageTest - Entered phone number: '61298745'.
2025-02-17 09:50:31 [main] DEBUG l.i.u.t.SubmittedApplicationsPageTest - Entered email: 'test@autotest.com'.
2025-02-17 09:50:31 [main] INFO  l.i.u.p.SubmittedApplicationsPage - Clicking on the dropdown button.
2025-02-17 09:50:48 [main] INFO  l.i.u.p.SubmittedApplicationsPage - Found 1741 options in the dropdown.
2025-02-17 09:50:48 [main] DEBUG l.i.u.p.SubmittedApplicationsPage - Checking option: ''
2025-02-17 09:50:48 [main] DEBUG l.i.u.p.SubmittedApplicationsPage - Checking option: '01.11 - Grūdinių (išskyrus ryžius), ankštinių ir aliejingų sėklų augalų auginimas'
2025-02-17 09:50:48 [main] INFO  l.i.u.p.SubmittedApplicationsPage - Successfully selected the value: '01.11 - Grūdinių (išskyrus ryžius), ankštinių ir aliejingų sėklų augalų auginimas'
2025-02-17 09:50:48 [main] INFO  l.i.u.p.SubmittedApplicationsPage - Attempting to close the dropdown.
2025-02-17 09:50:59 [main] INFO  l.i.u.p.SubmittedApplicationsPage - Dropdown should be closed now.
2025-02-17 09:50:59 [main] DEBUG l.i.u.t.SubmittedApplicationsPageTest - Selected EVRK value: '01.11 - Grūdinių (išskyrus ryžius), ankštinių ir aliejingų sėklų augalų auginimas'.
2025-02-17 09:50:59 [main] DEBUG l.i.u.t.SubmittedApplicationsPageTest - Entered address: 'Vilniaus m. sav., Vilnius, Testo g. 10T'.
2025-02-17 09:50:59 [main] DEBUG l.i.u.t.SubmittedApplicationsPageTest - Entered project date.
2025-02-17 09:50:59 [main] DEBUG l.i.u.t.SubmittedApplicationsPageTest - Entered job count: '1'.
2025-02-17 09:50:59 [main] DEBUG l.i.u.t.SubmittedApplicationsPageTest - Clicked 'Next' button.
2025-02-17 09:50:59 [main] INFO  l.i.u.p.SubmittedApplicationsPage - Located the dropdown button.
2025-02-17 09:51:00 [main] INFO  l.i.u.p.SubmittedApplicationsPage - Successfully selected the value: 'Administratoriai'
2025-02-17 09:51:31 [main] ERROR l.i.u.p.SubmittedApplicationsPage - Timeout while waiting for dropdown to close with aria-expanded = 'false'.
2025-02-17 09:51:31 [main] DEBUG l.i.u.t.SubmittedApplicationsPageTest - Selected job name: 'Administratoriai'.
2025-02-17 09:51:31 [main] DEBUG l.i.u.t.SubmittedApplicationsPageTest - Entered job function: 'Funkcija 1'.
2025-02-17 09:51:31 [main] DEBUG l.i.u.t.SubmittedApplicationsPageTest - Selected 'RadioButtonWithDisabilities' option.
2025-02-17 09:51:31 [main] INFO  l.i.u.p.SubmittedApplicationsPage - Clicking on the dropdown button.
2025-02-17 09:51:32 [main] INFO  l.i.u.p.SubmittedApplicationsPage - Found 34 options in the dropdown.
2025-02-17 09:51:32 [main] DEBUG l.i.u.p.SubmittedApplicationsPage - Checking option: 'Asmenys, kuriems suteiktas pabėgėlio statusas ar perkeliamojo asmens statusas, arba asmenys, kuriems suteikta papildoma ar laikinoji apsauga, ir asmenys, turintys teisę gauti laikinąją apsaugą, iki sprendimo dėl laikinosios apsaugos suteikimo (nesuteikimo) priėmimo, tačiau ne ilgiau kaip laikinosios apsaugos laikotarpiu'
2025-02-17 09:51:32 [main] DEBUG l.i.u.p.SubmittedApplicationsPage - Checking option: 'Asmenys, kuriems suteiktas pabėgėlio statusas ar perkeliamojo asmens statusas, arba asmenys, kuriems suteikta papildoma ar laikinoji apsauga, ir asmenys, turintys teisę gauti laikinąją apsaugą, iki sprendimo dėl laikinosios apsaugos suteikimo (nesuteikimo) priėmimo, tačiau ne ilgiau kaip laikinosios apsaugos laikotarpiu'
2025-02-17 09:51:32 [main] DEBUG l.i.u.p.SubmittedApplicationsPage - Checking option: 'Asmenys, turintys teisę į papildomas užimtumo garantijas pagal Lietuvos Respublikos valstybės įmonės Ignalinos atominės elektrinės darbuotojų papildomų užimtumo ir socialinių garantijų įstatymą'
2025-02-17 09:51:32 [main] DEBUG l.i.u.p.SubmittedApplicationsPage - Checking option: 'Asmenys, turintys teisę į papildomas užimtumo garantijas pagal Lietuvos Respublikos valstybės įmonės Ignalinos atominės elektrinės darbuotojų papildomų užimtumo ir socialinių garantijų įstatymą'
2025-02-17 09:51:32 [main] DEBUG l.i.u.p.SubmittedApplicationsPage - Checking option: 'Bedarbiai iki 29 metų'
2025-02-17 09:51:32 [main] DEBUG l.i.u.p.SubmittedApplicationsPage - Checking option: 'Bedarbiai iki 29 metų'
2025-02-17 09:51:32 [main] DEBUG l.i.u.p.SubmittedApplicationsPage - Checking option: 'Bedarbiai, kurie yra darbingo amžiaus neįgalieji, kuriems nustatytas 30–40 procentų darbingumo lygis arba vidutinis neįgalumo lygis'
2025-02-17 09:51:32 [main] DEBUG l.i.u.p.SubmittedApplicationsPage - Checking option: 'Bedarbiai, kurie yra darbingo amžiaus neįgalieji, kuriems nustatytas 30–40 procentų darbingumo lygis arba vidutinis neįgalumo lygis'
2025-02-17 09:51:32 [main] DEBUG l.i.u.p.SubmittedApplicationsPage - Checking option: 'Bedarbiai, kurie yra darbingo amžiaus neįgalieji, kuriems nustatytas 45–55 procentų darbingumo lygis arba lengvas neįgalumo lygis'
2025-02-17 09:51:32 [main] DEBUG l.i.u.p.SubmittedApplicationsPage - Checking option: 'Bedarbiai, kurie yra darbingo amžiaus neįgalieji, kuriems nustatytas 45–55 procentų darbingumo lygis arba lengvas neįgalumo lygis'
2025-02-17 09:51:32 [main] DEBUG l.i.u.p.SubmittedApplicationsPage - Checking option: 'Bedarbiai, kurie yra darbingo amžiaus neįgalieji, kuriems nustatytas iki 25 procentų darbingumo lygis arba sunkus neįgalumo lygis'
2025-02-17 09:51:32 [main] INFO  l.i.u.p.SubmittedApplicationsPage - Successfully selected the value: 'Bedarbiai, kurie yra darbingo amžiaus neįgalieji, kuriems nustatytas iki 25 procentų darbingumo lygis arba sunkus neįgalumo lygis'
2025-02-17 09:51:32 [main] INFO  l.i.u.p.SubmittedApplicationsPage - Attempting to close the dropdown.
2025-02-17 09:51:43 [main] INFO  l.i.u.p.SubmittedApplicationsPage - Dropdown should be closed now.
2025-02-17 09:51:43 [main] DEBUG l.i.u.t.SubmittedApplicationsPageTest - Selected disabilities type: 'Bedarbiai, kurie yra darbingo amžiaus neįgalieji, kuriems nustatytas iki 25 procentų darbingumo lygis arba sunkus neįgalumo lygis'.
2025-02-17 09:51:43 [main] DEBUG l.i.u.t.SubmittedApplicationsPageTest - Entered disability information: 'Negalia 1'.
2025-02-17 09:51:43 [main] INFO  l.i.u.p.SubmittedApplicationsPage - Located the dropdown button.
2025-02-17 09:51:43 [main] INFO  l.i.u.p.SubmittedApplicationsPage - Successfully selected the value: 'Kita'
2025-02-17 09:51:53 [main] ERROR l.i.u.p.SubmittedApplicationsPage - Timeout while waiting for dropdown to close with aria-expanded = 'false'.
2025-02-17 09:51:53 [main] DEBUG l.i.u.t.SubmittedApplicationsPageTest - Selected time mode: 'Kita'.
2025-02-17 09:51:54 [main] DEBUG l.i.u.t.SubmittedApplicationsPageTest - Selected time mode other: '6 val. per dieną ir 4 d. per savaitę'.
2025-02-17 09:51:54 [main] DEBUG l.i.u.t.SubmittedApplicationsPageTest - Entered qualification: 'Kvalifikacija 1'.
2025-02-17 09:51:54 [main] DEBUG l.i.u.t.SubmittedApplicationsPageTest - Entered job date.
2025-02-17 09:51:54 [main] DEBUG l.i.u.t.SubmittedApplicationsPageTest - Entered salary amount: '1200'.
2025-02-17 09:51:54 [main] DEBUG l.i.u.t.SubmittedApplicationsPageTest - Selected 'Temporary Job' radio button.
2025-02-17 09:51:54 [main] DEBUG l.i.u.t.SubmittedApplicationsPageTest - Selected 'Season Job' radio button.
2025-02-17 09:51:55 [main] DEBUG l.i.u.t.SubmittedApplicationsPageTest - Selected 'Energy' radio button.
2025-02-17 09:51:55 [main] DEBUG l.i.u.t.SubmittedApplicationsPageTest - Selected 'Repair' radio button.
2025-02-17 09:51:55 [main] DEBUG l.i.u.t.SubmittedApplicationsPageTest - Entered job description: 'Veikla 1'.
2025-02-17 09:51:55 [main] DEBUG l.i.u.t.SubmittedApplicationsPageTest - Entered process description: 'Procesas 1'.
2025-02-17 09:51:55 [main] DEBUG l.i.u.t.SubmittedApplicationsPageTest - Entered energy information: 'Energija 1'.
2025-02-17 09:51:56 [main] DEBUG l.i.u.t.SubmittedApplicationsPageTest - Entered repair information: 'Remontas 1'.
2025-02-17 09:51:56 [main] DEBUG l.i.u.t.SubmittedApplicationsPageTest - Selected 'PVM' radio button.
2025-02-17 09:51:56 [main] INFO  l.i.u.p.SubmittedApplicationsPage - Located the dropdown button.
2025-02-17 09:51:57 [main] INFO  l.i.u.p.SubmittedApplicationsPage - Successfully selected the value: 'Įsigyti'
2025-02-17 09:52:17 [main] ERROR l.i.u.p.SubmittedApplicationsPage - Timeout while waiting for dropdown to close with aria-expanded = 'false'.
2025-02-17 09:52:17 [main] DEBUG l.i.u.t.SubmittedApplicationsPageTest - Selected necessary for job: 'Įsigyti'.
2025-02-17 09:52:17 [main] DEBUG l.i.u.t.SubmittedApplicationsPageTest - Selected tool: 'Darbo priemonė 1'.
2025-02-17 09:52:17 [main] DEBUG l.i.u.t.SubmittedApplicationsPageTest - Selected tool parameter one: 'Darbo priemonės 1 parametras 1'.
2025-02-17 09:52:17 [main] DEBUG l.i.u.t.SubmittedApplicationsPageTest - Selected tool parameter two: 'Darbo priemonės 1 parametras 2'.
2025-02-17 09:52:18 [main] DEBUG l.i.u.t.SubmittedApplicationsPageTest - Selected tool parameter three: 'Darbo priemonės 1 parametras 3'.
2025-02-17 09:52:18 [main] DEBUG l.i.u.t.SubmittedApplicationsPageTest - Entered tool count: '1'.
2025-02-17 09:52:18 [main] DEBUG l.i.u.t.SubmittedApplicationsPageTest - Entered price amount 1: '1000'.
2025-02-17 09:52:18 [main] DEBUG l.i.u.t.SubmittedApplicationsPageTest - Entered own funds amount 1: '800'.
2025-02-17 09:52:18 [main] DEBUG l.i.u.t.SubmittedApplicationsPageTest - Clicked 'Add' button.
2025-02-17 09:52:18 [main] INFO  l.i.u.p.SubmittedApplicationsPage - Located the dropdown button.
2025-02-17 09:52:19 [main] INFO  l.i.u.p.SubmittedApplicationsPage - Successfully selected the value: 'Remontuoti'
2025-02-17 09:52:39 [main] ERROR l.i.u.p.SubmittedApplicationsPage - Timeout while waiting for dropdown to close with aria-expanded = 'false'.
2025-02-17 09:52:39 [main] DEBUG l.i.u.t.SubmittedApplicationsPageTest - Selected necessary for job 'to repair': 'Remontuoti'.
2025-02-17 09:52:39 [main] DEBUG l.i.u.t.SubmittedApplicationsPageTest - Selected repair name: 'Remonto pavadinimas 1'.
2025-02-17 09:52:39 [main] DEBUG l.i.u.t.SubmittedApplicationsPageTest - Entered repair information: 'Remonto aprašymas 1'.
2025-02-17 09:52:39 [main] DEBUG l.i.u.t.SubmittedApplicationsPageTest - Entered price amount 2: '1000'.
2025-02-17 09:52:39 [main] DEBUG l.i.u.t.SubmittedApplicationsPageTest - Entered own funds amount 2: '900'.
2025-02-17 09:52:40 [main] DEBUG l.i.u.t.SubmittedApplicationsPageTest - Entered country percentage: '50'.
2025-02-17 09:52:40 [main] DEBUG l.i.u.t.SubmittedApplicationsPageTest - Entered institution percentage: '50'.
2025-02-17 09:52:40 [main] DEBUG l.i.u.t.SubmittedApplicationsPageTest - Entered municipality percentage: '50'.
2025-02-17 09:52:40 [main] DEBUG l.i.u.t.SubmittedApplicationsPageTest - Selected 'De Minimis' radio button.
2025-02-17 09:52:40 [main] DEBUG l.i.u.t.SubmittedApplicationsPageTest - Entered program name: 'Programa 1'.
2025-02-17 09:52:41 [main] DEBUG l.i.u.t.SubmittedApplicationsPageTest - Entered project date from.
2025-02-17 09:52:41 [main] DEBUG l.i.u.t.SubmittedApplicationsPageTest - Entered project date until.
2025-02-17 09:52:41 [main] DEBUG l.i.u.t.SubmittedApplicationsPageTest - Entered support amount: '2000'.
2025-02-17 09:52:41 [main] DEBUG l.i.u.t.SubmittedApplicationsPageTest - Clicked 'Next' button.
2025-02-17 09:52:51 [main] DEBUG l.i.u.t.SubmittedApplicationsPageTest - Checked 'Legal Entities' checkbox 1.
2025-02-17 09:53:01 [main] DEBUG l.i.u.t.SubmittedApplicationsPageTest - Checked 'Legal Entities' checkbox 2.
2025-02-17 09:53:11 [main] DEBUG l.i.u.t.SubmittedApplicationsPageTest - Checked 'Legal Entities' checkbox 3.
2025-02-17 09:53:11 [main] DEBUG l.i.u.t.SubmittedApplicationsPageTest - Test finished: All 'Legal Entities' checkboxes checked successfully.
2025-02-17 09:53:12 [main] DEBUG l.i.u.t.SubmittedApplicationsPageTest - Clicked 'Next' button after checkboxes.
2025-02-17 09:53:22 [main] ERROR l.i.u.p.SubmittedApplicationsPage - Error selecting radio button: Expected condition failed: waiting for element to be clickable: By.xpath: (//input[@type='radio' and @value='false'])[8] (tried for 10 second(s) with 500 milliseconds interval)
Build info: version: '4.27.0', revision: 'd6e718d134'
System info: os.name: 'Windows 11', os.arch: 'amd64', os.version: '10.0', java.version: '21.0.3'
Driver info: org.openqa.selenium.chrome.ChromeDriver
Capabilities {acceptInsecureCerts: false, browserName: chrome, browserVersion: 132.0.6834.197, chrome: {chromedriverVersion: 132.0.6834.159 (2d77d3fc445..., userDataDir: C:\Users\INGRID~1.ZAD\AppDa...}, fedcm:accounts: true, goog:chromeOptions: {debuggerAddress: localhost:50609}, networkConnectionEnabled: false, pageLoadStrategy: normal, platformName: windows, proxy: Proxy(), se:cdp: ws://localhost:50609/devtoo..., se:cdpVersion: 132.0.6834.197, setWindowRect: true, strictFileInteractability: false, timeouts: {implicit: 0, pageLoad: 300000, script: 30000}, unhandledPromptBehavior: dismiss and notify, webauthn:extension:credBlob: true, webauthn:extension:largeBlob: true, webauthn:extension:minPinLength: true, webauthn:extension:prf: true, webauthn:virtualAuthenticators: true}
Session ID: a80c3a6824df67d0dc6236256eb5a04e
2025-02-17 09:53:22 [main] INFO  l.i.u.t.SubmittedApplicationsPageTest - Marking 'Ne' radio button 1
2025-02-17 09:53:32 [main] ERROR l.i.u.p.SubmittedApplicationsPage - Error selecting radio button: Expected condition failed: waiting for element to be clickable: By.xpath: (//input[@type='radio' and @value='false'])[9] (tried for 10 second(s) with 500 milliseconds interval)
Build info: version: '4.27.0', revision: 'd6e718d134'
System info: os.name: 'Windows 11', os.arch: 'amd64', os.version: '10.0', java.version: '21.0.3'
Driver info: org.openqa.selenium.chrome.ChromeDriver
Capabilities {acceptInsecureCerts: false, browserName: chrome, browserVersion: 132.0.6834.197, chrome: {chromedriverVersion: 132.0.6834.159 (2d77d3fc445..., userDataDir: C:\Users\INGRID~1.ZAD\AppDa...}, fedcm:accounts: true, goog:chromeOptions: {debuggerAddress: localhost:50609}, networkConnectionEnabled: false, pageLoadStrategy: normal, platformName: windows, proxy: Proxy(), se:cdp: ws://localhost:50609/devtoo..., se:cdpVersion: 132.0.6834.197, setWindowRect: true, strictFileInteractability: false, timeouts: {implicit: 0, pageLoad: 300000, script: 30000}, unhandledPromptBehavior: dismiss and notify, webauthn:extension:credBlob: true, webauthn:extension:largeBlob: true, webauthn:extension:minPinLength: true, webauthn:extension:prf: true, webauthn:virtualAuthenticators: true}
Session ID: a80c3a6824df67d0dc6236256eb5a04e
2025-02-17 09:53:32 [main] INFO  l.i.u.t.SubmittedApplicationsPageTest - Marking 'Ne' radio button 2
2025-02-17 09:53:42 [main] ERROR l.i.u.p.SubmittedApplicationsPage - Error selecting radio button: Expected condition failed: waiting for element to be clickable: By.xpath: (//input[@type='radio' and @value='false'])[10] (tried for 10 second(s) with 500 milliseconds interval)
Build info: version: '4.27.0', revision: 'd6e718d134'
System info: os.name: 'Windows 11', os.arch: 'amd64', os.version: '10.0', java.version: '21.0.3'
Driver info: org.openqa.selenium.chrome.ChromeDriver
Capabilities {acceptInsecureCerts: false, browserName: chrome, browserVersion: 132.0.6834.197, chrome: {chromedriverVersion: 132.0.6834.159 (2d77d3fc445..., userDataDir: C:\Users\INGRID~1.ZAD\AppDa...}, fedcm:accounts: true, goog:chromeOptions: {debuggerAddress: localhost:50609}, networkConnectionEnabled: false, pageLoadStrategy: normal, platformName: windows, proxy: Proxy(), se:cdp: ws://localhost:50609/devtoo..., se:cdpVersion: 132.0.6834.197, setWindowRect: true, strictFileInteractability: false, timeouts: {implicit: 0, pageLoad: 300000, script: 30000}, unhandledPromptBehavior: dismiss and notify, webauthn:extension:credBlob: true, webauthn:extension:largeBlob: true, webauthn:extension:minPinLength: true, webauthn:extension:prf: true, webauthn:virtualAuthenticators: true}
Session ID: a80c3a6824df67d0dc6236256eb5a04e
2025-02-17 09:53:42 [main] INFO  l.i.u.t.SubmittedApplicationsPageTest - Marking 'Ne' radio button 3
2025-02-17 09:53:52 [main] ERROR l.i.u.p.SubmittedApplicationsPage - Error selecting radio button: Expected condition failed: waiting for element to be clickable: By.xpath: (//input[@type='radio' and @value='false'])[11] (tried for 10 second(s) with 500 milliseconds interval)
Build info: version: '4.27.0', revision: 'd6e718d134'
System info: os.name: 'Windows 11', os.arch: 'amd64', os.version: '10.0', java.version: '21.0.3'
Driver info: org.openqa.selenium.chrome.ChromeDriver
Capabilities {acceptInsecureCerts: false, browserName: chrome, browserVersion: 132.0.6834.197, chrome: {chromedriverVersion: 132.0.6834.159 (2d77d3fc445..., userDataDir: C:\Users\INGRID~1.ZAD\AppDa...}, fedcm:accounts: true, goog:chromeOptions: {debuggerAddress: localhost:50609}, networkConnectionEnabled: false, pageLoadStrategy: normal, platformName: windows, proxy: Proxy(), se:cdp: ws://localhost:50609/devtoo..., se:cdpVersion: 132.0.6834.197, setWindowRect: true, strictFileInteractability: false, timeouts: {implicit: 0, pageLoad: 300000, script: 30000}, unhandledPromptBehavior: dismiss and notify, webauthn:extension:credBlob: true, webauthn:extension:largeBlob: true, webauthn:extension:minPinLength: true, webauthn:extension:prf: true, webauthn:virtualAuthenticators: true}
Session ID: a80c3a6824df67d0dc6236256eb5a04e
2025-02-17 09:53:52 [main] INFO  l.i.u.t.SubmittedApplicationsPageTest - Marking 'Ne' radio button 4
2025-02-17 09:54:02 [main] ERROR l.i.u.p.SubmittedApplicationsPage - Error selecting radio button: Expected condition failed: waiting for element to be clickable: By.xpath: (//input[@type='radio' and @value='false'])[12] (tried for 10 second(s) with 500 milliseconds interval)
Build info: version: '4.27.0', revision: 'd6e718d134'
System info: os.name: 'Windows 11', os.arch: 'amd64', os.version: '10.0', java.version: '21.0.3'
Driver info: org.openqa.selenium.chrome.ChromeDriver
Capabilities {acceptInsecureCerts: false, browserName: chrome, browserVersion: 132.0.6834.197, chrome: {chromedriverVersion: 132.0.6834.159 (2d77d3fc445..., userDataDir: C:\Users\INGRID~1.ZAD\AppDa...}, fedcm:accounts: true, goog:chromeOptions: {debuggerAddress: localhost:50609}, networkConnectionEnabled: false, pageLoadStrategy: normal, platformName: windows, proxy: Proxy(), se:cdp: ws://localhost:50609/devtoo..., se:cdpVersion: 132.0.6834.197, setWindowRect: true, strictFileInteractability: false, timeouts: {implicit: 0, pageLoad: 300000, script: 30000}, unhandledPromptBehavior: dismiss and notify, webauthn:extension:credBlob: true, webauthn:extension:largeBlob: true, webauthn:extension:minPinLength: true, webauthn:extension:prf: true, webauthn:virtualAuthenticators: true}
Session ID: a80c3a6824df67d0dc6236256eb5a04e
2025-02-17 09:54:02 [main] INFO  l.i.u.t.SubmittedApplicationsPageTest - Marking 'Ne' radio button 5
2025-02-17 09:54:12 [main] ERROR l.i.u.p.SubmittedApplicationsPage - Error selecting radio button: Expected condition failed: waiting for element to be clickable: By.xpath: (//input[@type='radio' and @value='false'])[13] (tried for 10 second(s) with 500 milliseconds interval)
Build info: version: '4.27.0', revision: 'd6e718d134'
System info: os.name: 'Windows 11', os.arch: 'amd64', os.version: '10.0', java.version: '21.0.3'
Driver info: org.openqa.selenium.chrome.ChromeDriver
Capabilities {acceptInsecureCerts: false, browserName: chrome, browserVersion: 132.0.6834.197, chrome: {chromedriverVersion: 132.0.6834.159 (2d77d3fc445..., userDataDir: C:\Users\INGRID~1.ZAD\AppDa...}, fedcm:accounts: true, goog:chromeOptions: {debuggerAddress: localhost:50609}, networkConnectionEnabled: false, pageLoadStrategy: normal, platformName: windows, proxy: Proxy(), se:cdp: ws://localhost:50609/devtoo..., se:cdpVersion: 132.0.6834.197, setWindowRect: true, strictFileInteractability: false, timeouts: {implicit: 0, pageLoad: 300000, script: 30000}, unhandledPromptBehavior: dismiss and notify, webauthn:extension:credBlob: true, webauthn:extension:largeBlob: true, webauthn:extension:minPinLength: true, webauthn:extension:prf: true, webauthn:virtualAuthenticators: true}
Session ID: a80c3a6824df67d0dc6236256eb5a04e
2025-02-17 09:54:12 [main] INFO  l.i.u.t.SubmittedApplicationsPageTest - Marking 'Ne' radio button 6
2025-02-17 09:54:22 [main] ERROR l.i.u.p.SubmittedApplicationsPage - Error selecting radio button: Expected condition failed: waiting for element to be clickable: By.xpath: (//input[@type='radio' and @value='true'])[14] (tried for 10 second(s) with 500 milliseconds interval)
Build info: version: '4.27.0', revision: 'd6e718d134'
System info: os.name: 'Windows 11', os.arch: 'amd64', os.version: '10.0', java.version: '21.0.3'
Driver info: org.openqa.selenium.chrome.ChromeDriver
Capabilities {acceptInsecureCerts: false, browserName: chrome, browserVersion: 132.0.6834.197, chrome: {chromedriverVersion: 132.0.6834.159 (2d77d3fc445..., userDataDir: C:\Users\INGRID~1.ZAD\AppDa...}, fedcm:accounts: true, goog:chromeOptions: {debuggerAddress: localhost:50609}, networkConnectionEnabled: false, pageLoadStrategy: normal, platformName: windows, proxy: Proxy(), se:cdp: ws://localhost:50609/devtoo..., se:cdpVersion: 132.0.6834.197, setWindowRect: true, strictFileInteractability: false, timeouts: {implicit: 0, pageLoad: 300000, script: 30000}, unhandledPromptBehavior: dismiss and notify, webauthn:extension:credBlob: true, webauthn:extension:largeBlob: true, webauthn:extension:minPinLength: true, webauthn:extension:prf: true, webauthn:virtualAuthenticators: true}
Session ID: a80c3a6824df67d0dc6236256eb5a04e
2025-02-17 09:54:22 [main] INFO  l.i.u.t.SubmittedApplicationsPageTest - Marking 'Taip' radio button 7
2025-02-17 09:54:33 [main] ERROR l.i.u.p.SubmittedApplicationsPage - Error selecting radio button: Expected condition failed: waiting for element to be clickable: By.xpath: (//input[@type='radio' and @value='true'])[15] (tried for 10 second(s) with 500 milliseconds interval)
Build info: version: '4.27.0', revision: 'd6e718d134'
System info: os.name: 'Windows 11', os.arch: 'amd64', os.version: '10.0', java.version: '21.0.3'
Driver info: org.openqa.selenium.chrome.ChromeDriver
Capabilities {acceptInsecureCerts: false, browserName: chrome, browserVersion: 132.0.6834.197, chrome: {chromedriverVersion: 132.0.6834.159 (2d77d3fc445..., userDataDir: C:\Users\INGRID~1.ZAD\AppDa...}, fedcm:accounts: true, goog:chromeOptions: {debuggerAddress: localhost:50609}, networkConnectionEnabled: false, pageLoadStrategy: normal, platformName: windows, proxy: Proxy(), se:cdp: ws://localhost:50609/devtoo..., se:cdpVersion: 132.0.6834.197, setWindowRect: true, strictFileInteractability: false, timeouts: {implicit: 0, pageLoad: 300000, script: 30000}, unhandledPromptBehavior: dismiss and notify, webauthn:extension:credBlob: true, webauthn:extension:largeBlob: true, webauthn:extension:minPinLength: true, webauthn:extension:prf: true, webauthn:virtualAuthenticators: true}
Session ID: a80c3a6824df67d0dc6236256eb5a04e
2025-02-17 09:54:33 [main] INFO  l.i.u.t.SubmittedApplicationsPageTest - Marking 'Taip' radio button 8
2025-02-17 09:54:43 [main] ERROR l.i.u.p.SubmittedApplicationsPage - Error selecting radio button: Expected condition failed: waiting for element to be clickable: By.xpath: (//input[@type='radio' and @value='true'])[16] (tried for 10 second(s) with 500 milliseconds interval)
Build info: version: '4.27.0', revision: 'd6e718d134'
System info: os.name: 'Windows 11', os.arch: 'amd64', os.version: '10.0', java.version: '21.0.3'
Driver info: org.openqa.selenium.chrome.ChromeDriver
Capabilities {acceptInsecureCerts: false, browserName: chrome, browserVersion: 132.0.6834.197, chrome: {chromedriverVersion: 132.0.6834.159 (2d77d3fc445..., userDataDir: C:\Users\INGRID~1.ZAD\AppDa...}, fedcm:accounts: true, goog:chromeOptions: {debuggerAddress: localhost:50609}, networkConnectionEnabled: false, pageLoadStrategy: normal, platformName: windows, proxy: Proxy(), se:cdp: ws://localhost:50609/devtoo..., se:cdpVersion: 132.0.6834.197, setWindowRect: true, strictFileInteractability: false, timeouts: {implicit: 0, pageLoad: 300000, script: 30000}, unhandledPromptBehavior: dismiss and notify, webauthn:extension:credBlob: true, webauthn:extension:largeBlob: true, webauthn:extension:minPinLength: true, webauthn:extension:prf: true, webauthn:virtualAuthenticators: true}
Session ID: a80c3a6824df67d0dc6236256eb5a04e
2025-02-17 09:54:43 [main] INFO  l.i.u.t.SubmittedApplicationsPageTest - Marking 'Taip' radio button 9
2025-02-17 09:54:53 [main] ERROR l.i.u.p.SubmittedApplicationsPage - Error selecting radio button: Expected condition failed: waiting for element to be clickable: By.xpath: (//input[@type='radio' and @value='true'])[17] (tried for 10 second(s) with 500 milliseconds interval)
Build info: version: '4.27.0', revision: 'd6e718d134'
System info: os.name: 'Windows 11', os.arch: 'amd64', os.version: '10.0', java.version: '21.0.3'
Driver info: org.openqa.selenium.chrome.ChromeDriver
Capabilities {acceptInsecureCerts: false, browserName: chrome, browserVersion: 132.0.6834.197, chrome: {chromedriverVersion: 132.0.6834.159 (2d77d3fc445..., userDataDir: C:\Users\INGRID~1.ZAD\AppDa...}, fedcm:accounts: true, goog:chromeOptions: {debuggerAddress: localhost:50609}, networkConnectionEnabled: false, pageLoadStrategy: normal, platformName: windows, proxy: Proxy(), se:cdp: ws://localhost:50609/devtoo..., se:cdpVersion: 132.0.6834.197, setWindowRect: true, strictFileInteractability: false, timeouts: {implicit: 0, pageLoad: 300000, script: 30000}, unhandledPromptBehavior: dismiss and notify, webauthn:extension:credBlob: true, webauthn:extension:largeBlob: true, webauthn:extension:minPinLength: true, webauthn:extension:prf: true, webauthn:virtualAuthenticators: true}
Session ID: a80c3a6824df67d0dc6236256eb5a04e
2025-02-17 09:54:53 [main] INFO  l.i.u.t.SubmittedApplicationsPageTest - Marking 'Taip' radio button 10
2025-02-17 09:55:03 [main] ERROR l.i.u.p.SubmittedApplicationsPage - Error selecting radio button: Expected condition failed: waiting for element to be clickable: By.xpath: (//input[@type='radio' and @value='true'])[18] (tried for 10 second(s) with 500 milliseconds interval)
Build info: version: '4.27.0', revision: 'd6e718d134'
System info: os.name: 'Windows 11', os.arch: 'amd64', os.version: '10.0', java.version: '21.0.3'
Driver info: org.openqa.selenium.chrome.ChromeDriver
Capabilities {acceptInsecureCerts: false, browserName: chrome, browserVersion: 132.0.6834.197, chrome: {chromedriverVersion: 132.0.6834.159 (2d77d3fc445..., userDataDir: C:\Users\INGRID~1.ZAD\AppDa...}, fedcm:accounts: true, goog:chromeOptions: {debuggerAddress: localhost:50609}, networkConnectionEnabled: false, pageLoadStrategy: normal, platformName: windows, proxy: Proxy(), se:cdp: ws://localhost:50609/devtoo..., se:cdpVersion: 132.0.6834.197, setWindowRect: true, strictFileInteractability: false, timeouts: {implicit: 0, pageLoad: 300000, script: 30000}, unhandledPromptBehavior: dismiss and notify, webauthn:extension:credBlob: true, webauthn:extension:largeBlob: true, webauthn:extension:minPinLength: true, webauthn:extension:prf: true, webauthn:virtualAuthenticators: true}
Session ID: a80c3a6824df67d0dc6236256eb5a04e
2025-02-17 09:55:03 [main] INFO  l.i.u.t.SubmittedApplicationsPageTest - Marking 'Taip' radio button 11
2025-02-17 09:55:13 [main] ERROR l.i.u.p.SubmittedApplicationsPage - Error selecting radio button: Expected condition failed: waiting for element to be clickable: By.xpath: (//input[@type='radio' and @value='true'])[19] (tried for 10 second(s) with 500 milliseconds interval)
Build info: version: '4.27.0', revision: 'd6e718d134'
System info: os.name: 'Windows 11', os.arch: 'amd64', os.version: '10.0', java.version: '21.0.3'
Driver info: org.openqa.selenium.chrome.ChromeDriver
Capabilities {acceptInsecureCerts: false, browserName: chrome, browserVersion: 132.0.6834.197, chrome: {chromedriverVersion: 132.0.6834.159 (2d77d3fc445..., userDataDir: C:\Users\INGRID~1.ZAD\AppDa...}, fedcm:accounts: true, goog:chromeOptions: {debuggerAddress: localhost:50609}, networkConnectionEnabled: false, pageLoadStrategy: normal, platformName: windows, proxy: Proxy(), se:cdp: ws://localhost:50609/devtoo..., se:cdpVersion: 132.0.6834.197, setWindowRect: true, strictFileInteractability: false, timeouts: {implicit: 0, pageLoad: 300000, script: 30000}, unhandledPromptBehavior: dismiss and notify, webauthn:extension:credBlob: true, webauthn:extension:largeBlob: true, webauthn:extension:minPinLength: true, webauthn:extension:prf: true, webauthn:virtualAuthenticators: true}
Session ID: a80c3a6824df67d0dc6236256eb5a04e
2025-02-17 09:55:13 [main] INFO  l.i.u.t.SubmittedApplicationsPageTest - Marking 'Taip' radio button 12
2025-02-17 09:55:23 [main] DEBUG l.i.u.t.SubmittedApplicationsPageTest - Checked 'ConfirmationStepFour'
2025-02-17 09:55:23 [main] DEBUG l.i.u.t.SubmittedApplicationsPageTest - Clicked 'Next' button after checkboxes.
2025-02-17 09:55:23 [main] INFO  l.i.u.p.SubmittedApplicationsPage - File uploaded successfully to an input element.
2025-02-17 09:55:23 [main] INFO  l.i.u.p.SubmittedApplicationsPage - File uploaded successfully to an input element.
2025-02-17 09:55:23 [main] INFO  l.i.u.p.SubmittedApplicationsPage - File uploaded successfully to an input element.
2025-02-17 09:55:24 [main] INFO  l.i.u.p.SubmittedApplicationsPage - File uploaded successfully to an input element.
2025-02-17 09:55:24 [main] INFO  l.i.u.p.SubmittedApplicationsPage - File uploaded successfully to an input element.
2025-02-17 09:55:24 [main] INFO  l.i.u.p.SubmittedApplicationsPage - File uploaded successfully to an input element.
2025-02-17 09:55:24 [main] INFO  l.i.u.p.SubmittedApplicationsPage - File uploaded successfully to an input element.
2025-02-17 09:55:24 [main] INFO  l.i.u.p.SubmittedApplicationsPage - File uploaded successfully to an input element.
2025-02-17 09:55:24 [main] INFO  l.i.u.p.SubmittedApplicationsPage - File uploaded successfully to an input element.
2025-02-17 09:55:24 [main] INFO  l.i.u.p.SubmittedApplicationsPage - File uploaded successfully to an input element.
2025-02-17 09:55:24 [main] DEBUG l.i.u.t.SubmittedApplicationsPageTest - Entered program name: 'Dokumentas 1'.
2025-02-17 09:55:24 [main] DEBUG l.i.u.t.SubmittedApplicationsPageTest - Entered program name: 'Dokumentas 2'.
2025-02-17 09:55:24 [main] DEBUG l.i.u.t.SubmittedApplicationsPageTest - Entered program name: 'Dokumentas 3'.
2025-02-17 09:55:25 [main] DEBUG l.i.u.t.SubmittedApplicationsPageTest - Entered program name: 'Dokumentas 4'.
2025-02-17 09:55:25 [main] DEBUG l.i.u.t.SubmittedApplicationsPageTest - Entered program name: 'Dokumentas 5'.
2025-02-17 09:55:25 [main] DEBUG l.i.u.t.SubmittedApplicationsPageTest - Entered program name: 'Dokumentas 6'.
2025-02-17 09:55:25 [main] DEBUG l.i.u.t.SubmittedApplicationsPageTest - Entered program name: 'Dokumentas 4'.
2025-02-17 09:55:25 [main] DEBUG l.i.u.t.SubmittedApplicationsPageTest - Entered program name: 'Dokumentas 8'.
2025-02-17 09:55:25 [main] DEBUG l.i.u.t.SubmittedApplicationsPageTest - Entered program name: 'Dokumentas 9'.
2025-02-17 09:55:26 [main] DEBUG l.i.u.t.SubmittedApplicationsPageTest - Entered program name: 'Dokumentas 10'.
2025-02-17 09:55:36 [main] DEBUG l.i.u.t.SubmittedApplicationsPageTest - Checked 'ConfirmationDocument'
2025-02-17 09:55:46 [main] DEBUG l.i.u.t.SubmittedApplicationsPageTest - Checked 'ConfirmationApplication'
2025-02-17 09:55:46 [main] DEBUG l.i.u.t.SubmittedApplicationsPageTest - Clicked 'SaveDraft' button after checkboxes.
2025-02-17 09:55:46 [main] DEBUG l.insoft.uztis.pages.InvitationsPage - Verified success message: 'Ruošinys sėkmingai išsaugotas.'
2025-02-17 09:55:46 [main] DEBUG l.i.u.t.SubmittedApplicationsPageTest - Clicked 'Review' button after checkboxes.
2025-02-17 09:55:46 [main] DEBUG l.i.u.t.SubmittedApplicationsPageTest - Clicked 'Submit' button after checkboxes.
2025-02-17 09:55:46 [main] DEBUG l.i.u.t.SubmittedApplicationsPageTest - Clicked 'SubmitConfirmation' button after checkboxes.
2025-02-17 09:55:47 [main] ERROR l.insoft.uztis.pages.InvitationsPage - Failed to verify the success message: 'Paraiška sėkmingai pateikta ir užregistruota.'. Available messages: [Ruošinys sėkmingai išsaugotas.]
2025-02-17 09:55:47 [main] INFO  l.i.u.t.SubmittedApplicationsPageTest - Test 'testFillNewVUIApplicationFA' completed successfully.
2025-02-17 09:57:00 [main] INFO  lt.insoft.uztis.tests.UztisPageTest - Navigated to https://uztisdev.asseco.lt/home
2025-02-17 09:57:01 [main] INFO  l.i.u.t.SubmittedApplicationsPageTest - Starting test:'testAddEvaluators'
2025-02-17 09:57:01 [main] DEBUG l.i.u.t.SubmittedApplicationsPageTest - User logged in with test credentials.
2025-02-17 09:57:01 [main] DEBUG l.i.u.t.SubmittedApplicationsPageTest - Opened 'Application Processing' menu.
2025-02-17 09:57:01 [main] DEBUG l.i.u.t.SubmittedApplicationsPageTest - Clicked on 'Application Forms' menu.
2025-02-17 09:57:02 [main] DEBUG l.i.u.t.SubmittedApplicationsPageTest - Retrieved last description code text: 'TST-VUI-00'.
2025-02-17 09:57:03 [main] DEBUG l.i.u.t.SubmittedApplicationsPageTest - Clicked on 'Invitation' menu.
2025-02-17 09:57:03 [main] DEBUG l.i.u.t.SubmittedApplicationsPageTest - Selected application section by code: 'TST-VUI-00'.
2025-02-17 09:57:04 [main] DEBUG l.i.u.t.SubmittedApplicationsPageTest - Clicked 'Search' button.
2025-02-17 09:57:04 [main] DEBUG l.i.u.t.SubmittedApplicationsPageTest - Retrieved invitation code: ''.
2025-02-17 09:57:04 [main] DEBUG l.i.u.t.SubmittedApplicationsPageTest - Clicked on 'Submitted Applications' menu.
2025-02-17 09:57:05 [main] DEBUG l.i.u.t.SubmittedApplicationsPageTest - Selected invitation by code: 'TST-VUI-00'.
2025-02-17 09:57:05 [main] DEBUG l.i.u.t.SubmittedApplicationsPageTest - Invitation code inserted.
2025-02-17 09:57:05 [main] DEBUG l.i.u.t.SubmittedApplicationsPageTest - Clicked on 'Action Application' button.
2025-02-17 09:57:05 [main] DEBUG l.i.u.t.SubmittedApplicationsPageTest - Clicked on 'Add Evaluators' button.
2025-02-17 09:57:06 [main] DEBUG l.i.u.t.SubmittedApplicationsPageTest - Entered first evaluation date.
2025-02-17 09:57:06 [main] DEBUG l.i.u.t.SubmittedApplicationsPageTest - Entered second evaluation date.
2025-02-17 09:57:06 [main] DEBUG l.i.u.t.SubmittedApplicationsPageTest - Entered third evaluation date.
2025-02-17 09:57:06 [main] DEBUG l.i.u.t.SubmittedApplicationsPageTest - Clicked on 'Add Evaluators' confirmation button.
2025-02-17 09:57:06 [main] DEBUG l.insoft.uztis.pages.InvitationsPage - Verified success message: 'Paraiškų vertinimai sėkmingai priskirti vertintojams.'
2025-02-17 09:57:06 [main] INFO  l.i.u.t.SubmittedApplicationsPageTest - Test 'testAddEvaluators' completed successfully.
2025-02-17 09:59:28 [main] INFO  lt.insoft.uztis.tests.UztisPageTest - Navigated to https://uztisdev.asseco.lt/home
2025-02-17 09:59:28 [main] INFO  l.i.uztis.tests.EvaluationsPageTest - Starting test:'testFillEvaluationOne'
2025-02-17 09:59:28 [main] INFO  l.i.uztis.tests.EvaluationsPageTest - Starting test:'testNavigateToEvaluationsPage'
2025-02-17 09:59:28 [main] DEBUG l.i.uztis.tests.EvaluationsPageTest - User logged in with test credentials
2025-02-17 09:59:28 [main] DEBUG l.i.uztis.tests.EvaluationsPageTest - Opened 'Application Processing' menu.
2025-02-17 09:59:28 [main] DEBUG l.i.uztis.tests.EvaluationsPageTest - Clicked on 'Evaluations' menu.
2025-02-17 09:59:28 [main] DEBUG l.i.uztis.tests.EvaluationsPageTest - Navigating to evaluations menu.
2025-02-17 09:59:28 [main] INFO  l.i.uztis.tests.EvaluationsPageTest - Test 'testNavigateToEvaluationsPage' completed successfully.
2025-02-17 09:59:30 [main] DEBUG l.i.uztis.tests.EvaluationsPageTest - Clicked on last evaluation.
2025-02-17 09:59:30 [main] DEBUG l.i.uztis.tests.EvaluationsPageTest - Clicked 'Edit'.
2025-02-17 09:59:33 [main] DEBUG l.i.uztis.tests.EvaluationsPageTest - Selected '1.1' radio button.
2025-02-17 09:59:36 [main] DEBUG l.i.uztis.tests.EvaluationsPageTest - Selected '1.2' radio button.
2025-02-17 09:59:39 [main] DEBUG l.i.uztis.tests.EvaluationsPageTest - Selected '1.3' radio button.
2025-02-17 09:59:41 [main] DEBUG l.i.uztis.tests.EvaluationsPageTest - Selected '1.4' radio button.
2025-02-17 09:59:42 [main] DEBUG l.i.uztis.tests.EvaluationsPageTest - Selected '1.5' radio button.
2025-02-17 09:59:43 [main] DEBUG l.i.uztis.tests.EvaluationsPageTest - Selected '2.1' radio button.
2025-02-17 09:59:45 [main] DEBUG l.i.uztis.tests.EvaluationsPageTest - Selected '3.1' radio button.
2025-02-17 09:59:45 [main] DEBUG l.i.uztis.tests.EvaluationsPageTest - Selected '4.2' radio button.
2025-02-17 09:59:46 [main] DEBUG l.i.uztis.tests.EvaluationsPageTest - Selected '5.1' radio button.
2025-02-17 09:59:48 [main] DEBUG l.i.uztis.tests.EvaluationsPageTest - Selected '5.2' radio button.
2025-02-17 09:59:48 [main] DEBUG l.i.uztis.tests.EvaluationsPageTest - Selected '6.1' radio button.
2025-02-17 09:59:49 [main] DEBUG l.i.uztis.tests.EvaluationsPageTest - Clicked on expansion panel 'Not Critical'.
2025-02-17 09:59:51 [main] DEBUG l.i.uztis.tests.EvaluationsPageTest - Selected '7' radio button.
2025-02-17 09:59:51 [main] DEBUG l.i.uztis.tests.EvaluationsPageTest - Selected '8_1' radio button.
2025-02-17 09:59:52 [main] DEBUG l.i.uztis.tests.EvaluationsPageTest - Selected '8_2' radio button.
2025-02-17 09:59:52 [main] DEBUG l.i.uztis.tests.EvaluationsPageTest - Selected '8_3' radio button.
2025-02-17 09:59:52 [main] DEBUG l.i.uztis.tests.EvaluationsPageTest - Selected '8_4' radio button.
2025-02-17 09:59:53 [main] DEBUG l.i.uztis.tests.EvaluationsPageTest - Selected '8_5' radio button.
2025-02-17 09:59:53 [main] DEBUG l.i.uztis.tests.EvaluationsPageTest - Selected '8_6' radio button.
2025-02-17 09:59:54 [main] DEBUG l.i.uztis.tests.EvaluationsPageTest - Selected '8_7' radio button.
2025-02-17 09:59:54 [main] DEBUG l.i.uztis.tests.EvaluationsPageTest - Selected '8_8' radio button.
2025-02-17 09:59:54 [main] DEBUG l.i.uztis.tests.EvaluationsPageTest - Selected '8_9' radio button.
2025-02-17 09:59:55 [main] DEBUG l.i.uztis.tests.EvaluationsPageTest - Selected '8_10' radio button.
2025-02-17 09:59:55 [main] DEBUG l.i.uztis.tests.EvaluationsPageTest - Selected '9' radio button.
2025-02-17 09:59:56 [main] DEBUG l.i.uztis.tests.EvaluationsPageTest - Selected '10.1' radio button.
2025-02-17 09:59:56 [main] DEBUG l.i.uztis.tests.EvaluationsPageTest - Selected '10.2' radio button.
2025-02-17 09:59:56 [main] DEBUG l.i.uztis.tests.EvaluationsPageTest - Selected '10.3' radio button.
2025-02-17 09:59:57 [main] DEBUG l.i.uztis.tests.EvaluationsPageTest - Clicked 'Confirm'.
2025-02-17 09:59:57 [main] DEBUG l.i.uztis.tests.EvaluationsPageTest - Clicked 'Confirm Confirmation'.
2025-02-17 09:59:57 [main] DEBUG l.i.uztis.tests.EvaluationsPageTest - Fetched label text: Įvertinta
2025-02-17 09:59:57 [main] INFO  l.i.uztis.tests.EvaluationsPageTest - Verified that the label text matches the expected value.
2025-02-17 09:59:57 [main] INFO  l.i.uztis.tests.EvaluationsPageTest - Test 'testFillEvaluationOne' completed successfully.
2025-02-17 10:01:53 [main] INFO  lt.insoft.uztis.tests.UztisPageTest - Navigated to https://uztisdev.asseco.lt/home
2025-02-17 10:01:53 [main] INFO  l.i.uztis.tests.EvaluationsPageTest - Starting test:'testFillEvaluationTwo'
2025-02-17 10:01:53 [main] INFO  l.i.uztis.tests.EvaluationsPageTest - Starting test:'testNavigateToEvaluationsPage'
2025-02-17 10:01:53 [main] DEBUG l.i.uztis.tests.EvaluationsPageTest - User logged in with test credentials
2025-02-17 10:01:54 [main] DEBUG l.i.uztis.tests.EvaluationsPageTest - Opened 'Application Processing' menu.
2025-02-17 10:01:54 [main] DEBUG l.i.uztis.tests.EvaluationsPageTest - Clicked on 'Evaluations' menu.
2025-02-17 10:01:54 [main] DEBUG l.i.uztis.tests.EvaluationsPageTest - Navigating to evaluations menu.
2025-02-17 10:01:54 [main] INFO  l.i.uztis.tests.EvaluationsPageTest - Test 'testNavigateToEvaluationsPage' completed successfully.
2025-02-17 10:01:56 [main] DEBUG l.i.uztis.tests.EvaluationsPageTest - Clicked on last evaluation.
2025-02-17 10:01:56 [main] DEBUG l.i.uztis.tests.EvaluationsPageTest - Clicked 'Edit'.
2025-02-17 10:01:57 [main] DEBUG l.i.uztis.tests.EvaluationsPageTest - Entered commission date.
2025-02-17 10:01:57 [main] DEBUG l.i.uztis.tests.EvaluationsPageTest - Selected 'Without Commission' radio button.
2025-02-17 10:01:57 [main] DEBUG l.i.uztis.tests.EvaluationsPageTest - Entered chairman name: 'Pirmininkas Pirmininkauskas'.
2025-02-17 10:01:58 [main] DEBUG l.i.uztis.tests.EvaluationsPageTest - Entered member name: 'Narys Narauskas'.
2025-02-17 10:01:58 [main] DEBUG l.i.uztis.tests.EvaluationsPageTest - Clicked 'Continue'.
2025-02-17 10:01:58 [main] DEBUG l.i.uztis.tests.EvaluationsPageTest - Entered score edition: '9'.
2025-02-17 10:01:58 [main] DEBUG l.i.uztis.tests.EvaluationsPageTest - Entered chairman score: '10'.
2025-02-17 10:01:58 [main] DEBUG l.i.uztis.tests.EvaluationsPageTest - Entered member score: '11'.
2025-02-17 10:01:58 [main] DEBUG l.i.uztis.tests.EvaluationsPageTest - Entered conclusion: 'Išvada - palanki'.
2025-02-17 10:01:59 [main] DEBUG l.i.uztis.tests.EvaluationsPageTest - Entered  explanation: 'Balas pakoreduotas ranka'.
2025-02-17 10:01:59 [main] DEBUG l.i.uztis.tests.EvaluationsPageTest - Clicked 'Confirm'.
2025-02-17 10:01:59 [main] DEBUG l.i.uztis.tests.EvaluationsPageTest - Clicked 'Confirm Confirmation'.
2025-02-17 10:01:59 [main] DEBUG l.i.uztis.tests.EvaluationsPageTest - Fetched label text: Įvertinta
2025-02-17 10:01:59 [main] INFO  l.i.uztis.tests.EvaluationsPageTest - Verified that the label text matches the expected value.
2025-02-17 10:01:59 [main] INFO  l.i.uztis.tests.EvaluationsPageTest - Test 'testFillEvaluationTwo' completed successfully.
2025-02-17 10:05:43 [main] INFO  lt.insoft.uztis.tests.UztisPageTest - Navigated to https://uztisdev.asseco.lt/home
2025-02-17 10:05:43 [main] INFO  l.i.uztis.tests.EvaluationsPageTest - Starting test:'testFillEvaluationThree'
2025-02-17 10:05:43 [main] INFO  l.i.uztis.tests.EvaluationsPageTest - Starting test:'testNavigateToEvaluationsPage'
2025-02-17 10:05:43 [main] DEBUG l.i.uztis.tests.EvaluationsPageTest - User logged in with test credentials
2025-02-17 10:05:44 [main] DEBUG l.i.uztis.tests.EvaluationsPageTest - Opened 'Application Processing' menu.
2025-02-17 10:05:44 [main] DEBUG l.i.uztis.tests.EvaluationsPageTest - Clicked on 'Evaluations' menu.
2025-02-17 10:05:44 [main] DEBUG l.i.uztis.tests.EvaluationsPageTest - Navigating to evaluations menu.
2025-02-17 10:05:44 [main] INFO  l.i.uztis.tests.EvaluationsPageTest - Test 'testNavigateToEvaluationsPage' completed successfully.
2025-02-17 10:05:45 [main] DEBUG l.i.uztis.tests.EvaluationsPageTest - Clicked on last evaluation.
2025-02-17 10:05:45 [main] DEBUG l.i.uztis.tests.EvaluationsPageTest - Clicked 'Edit'.
2025-02-17 10:05:46 [main] DEBUG l.i.uztis.tests.EvaluationsPageTest - Entered commission date.
2025-02-17 10:05:46 [main] DEBUG l.i.uztis.tests.EvaluationsPageTest - Selected 'Without Commission' radio button.
2025-02-17 10:05:46 [main] DEBUG l.i.uztis.tests.EvaluationsPageTest - Entered chairman name: 'Pirmininkas Pirmininkauskas'.
2025-02-17 10:05:46 [main] DEBUG l.i.uztis.tests.EvaluationsPageTest - Entered member name: 'Narys Narauskas'.
2025-02-17 10:05:46 [main] DEBUG l.i.uztis.tests.EvaluationsPageTest - Clicked 'Continue'.
2025-02-17 10:05:47 [main] DEBUG l.i.uztis.tests.EvaluationsPageTest - Entered chairman score 1: '1'.
2025-02-17 10:05:47 [main] DEBUG l.i.uztis.tests.EvaluationsPageTest - Entered member score 1: '2'.
2025-02-17 10:05:47 [main] DEBUG l.i.uztis.tests.EvaluationsPageTest - Entered member conclusion 1: 'Išvada - palanki 1'.
2025-02-17 10:05:47 [main] DEBUG l.i.uztis.tests.EvaluationsPageTest - Entered chairman score 2: '3'.
2025-02-17 10:05:47 [main] DEBUG l.i.uztis.tests.EvaluationsPageTest - Entered member score 2: '4'.
2025-02-17 10:05:47 [main] DEBUG l.i.uztis.tests.EvaluationsPageTest - Entered member conclusion 2: 'Išvada - palanki 2'.
2025-02-17 10:05:48 [main] DEBUG l.i.uztis.tests.EvaluationsPageTest - Entered chairman score 3: '5'.
2025-02-17 10:05:48 [main] DEBUG l.i.uztis.tests.EvaluationsPageTest - Entered member score 3: '6'.
2025-02-17 10:05:48 [main] DEBUG l.i.uztis.tests.EvaluationsPageTest - Entered member conclusion 3: 'Išvada - palanki 3'.
2025-02-17 10:05:48 [main] DEBUG l.i.uztis.tests.EvaluationsPageTest - Entered chairman score 4: '7'.
2025-02-17 10:05:48 [main] DEBUG l.i.uztis.tests.EvaluationsPageTest - Entered member score 4: '8'.
2025-02-17 10:05:48 [main] DEBUG l.i.uztis.tests.EvaluationsPageTest - Entered member conclusion 4: 'Išvada - palanki 4'.
2025-02-17 10:05:48 [main] DEBUG l.i.uztis.tests.EvaluationsPageTest - Entered chairman score 5: '9'.
2025-02-17 10:05:49 [main] DEBUG l.i.uztis.tests.EvaluationsPageTest - Entered member score 5: '10'.
2025-02-17 10:05:49 [main] DEBUG l.i.uztis.tests.EvaluationsPageTest - Entered member conclusion 5: 'Išvada - palanki 5'.
2025-02-17 10:05:49 [main] DEBUG l.i.uztis.tests.EvaluationsPageTest - Clicked 'Confirm'.
2025-02-17 10:05:49 [main] INFO  l.i.uztis.tests.EvaluationsPageTest - Test 'testFillEvaluationThree' completed successfully.
2025-02-17 10:14:21 [main] INFO  lt.insoft.uztis.tests.UztisPageTest - Navigated to https://uztisdev.asseco.lt/home
2025-02-17 10:14:21 [main] INFO  l.i.uztis.tests.EvaluationsPageTest - Starting test:'testFillEvaluationThree'
2025-02-17 10:14:21 [main] INFO  l.i.uztis.tests.EvaluationsPageTest - Starting test:'testNavigateToEvaluationsPage'
2025-02-17 10:14:22 [main] DEBUG l.i.uztis.tests.EvaluationsPageTest - User logged in with test credentials
2025-02-17 10:14:22 [main] DEBUG l.i.uztis.tests.EvaluationsPageTest - Opened 'Application Processing' menu.
2025-02-17 10:14:22 [main] DEBUG l.i.uztis.tests.EvaluationsPageTest - Clicked on 'Evaluations' menu.
2025-02-17 10:14:22 [main] DEBUG l.i.uztis.tests.EvaluationsPageTest - Navigating to evaluations menu.
2025-02-17 10:14:22 [main] INFO  l.i.uztis.tests.EvaluationsPageTest - Test 'testNavigateToEvaluationsPage' completed successfully.
2025-02-17 10:14:23 [main] DEBUG l.i.uztis.tests.EvaluationsPageTest - Clicked on last evaluation.
2025-02-17 10:14:23 [main] DEBUG l.i.uztis.tests.EvaluationsPageTest - Clicked 'Edit'.
2025-02-17 10:14:24 [main] DEBUG l.i.uztis.tests.EvaluationsPageTest - Entered commission date.
2025-02-17 10:14:24 [main] DEBUG l.i.uztis.tests.EvaluationsPageTest - Selected 'Without Commission' radio button.
2025-02-17 10:14:24 [main] DEBUG l.i.uztis.tests.EvaluationsPageTest - Entered chairman name: 'Pirmininkas Pirmininkauskas'.
2025-02-17 10:14:24 [main] DEBUG l.i.uztis.tests.EvaluationsPageTest - Entered member name: 'Narys Narauskas'.
2025-02-17 10:14:24 [main] DEBUG l.i.uztis.tests.EvaluationsPageTest - Clicked 'Continue'.
2025-02-17 10:14:24 [main] DEBUG l.i.uztis.tests.EvaluationsPageTest - Entered chairman score 1: '1'.
2025-02-17 10:14:25 [main] DEBUG l.i.uztis.tests.EvaluationsPageTest - Entered member score 1: '2'.
2025-02-17 10:14:35 [main] ERROR l.i.uztis.tests.EvaluationsPageTest - Test 'testFillEvaluationThree' failed with error: no such element: Unable to locate element: {"method":"xpath","selector":"//mat-form-field[@class='mat-mdc-form-field ng-tns-c508571215-56 mat-mdc-form-field-type-common-decimal-input mat-mdc-form-field-has-icon-prefix mat-mdc-form-field-has-icon-suffix mat-form-field-disabled mat-form-field-appearance-outline mat-primary ng-untouched ng-star-inserted ng-dirty']//input"}
  (Session info: chrome=132.0.6834.197)
For documentation on this error, please visit: https://www.selenium.dev/documentation/webdriver/troubleshooting/errors#no-such-element-exception
Build info: version: '4.27.0', revision: 'd6e718d134'
System info: os.name: 'Windows 11', os.arch: 'amd64', os.version: '10.0', java.version: '21.0.3'
Driver info: org.openqa.selenium.chrome.ChromeDriver
Command: [ba6e77836dc889c1057164b87db87e66, findElement {value=//mat-form-field[@class='mat-mdc-form-field ng-tns-c508571215-56 mat-mdc-form-field-type-common-decimal-input mat-mdc-form-field-has-icon-prefix mat-mdc-form-field-has-icon-suffix mat-form-field-disabled mat-form-field-appearance-outline mat-primary ng-untouched ng-star-inserted ng-dirty']//input, using=xpath}]
Capabilities {acceptInsecureCerts: false, browserName: chrome, browserVersion: 132.0.6834.197, chrome: {chromedriverVersion: 132.0.6834.159 (2d77d3fc445..., userDataDir: C:\Users\INGRID~1.ZAD\AppDa...}, fedcm:accounts: true, goog:chromeOptions: {debuggerAddress: localhost:51499}, networkConnectionEnabled: false, pageLoadStrategy: normal, platformName: windows, proxy: Proxy(), se:cdp: ws://localhost:51499/devtoo..., se:cdpVersion: 132.0.6834.197, setWindowRect: true, strictFileInteractability: false, timeouts: {implicit: 0, pageLoad: 300000, script: 30000}, unhandledPromptBehavior: dismiss and notify, webauthn:extension:credBlob: true, webauthn:extension:largeBlob: true, webauthn:extension:minPinLength: true, webauthn:extension:prf: true, webauthn:virtualAuthenticators: true}
Session ID: ba6e77836dc889c1057164b87db87e66
org.openqa.selenium.NoSuchElementException: no such element: Unable to locate element: {"method":"xpath","selector":"//mat-form-field[@class='mat-mdc-form-field ng-tns-c508571215-56 mat-mdc-form-field-type-common-decimal-input mat-mdc-form-field-has-icon-prefix mat-mdc-form-field-has-icon-suffix mat-form-field-disabled mat-form-field-appearance-outline mat-primary ng-untouched ng-star-inserted ng-dirty']//input"}
  (Session info: chrome=132.0.6834.197)
For documentation on this error, please visit: https://www.selenium.dev/documentation/webdriver/troubleshooting/errors#no-such-element-exception
Build info: version: '4.27.0', revision: 'd6e718d134'
System info: os.name: 'Windows 11', os.arch: 'amd64', os.version: '10.0', java.version: '21.0.3'
Driver info: org.openqa.selenium.chrome.ChromeDriver
Command: [ba6e77836dc889c1057164b87db87e66, findElement {value=//mat-form-field[@class='mat-mdc-form-field ng-tns-c508571215-56 mat-mdc-form-field-type-common-decimal-input mat-mdc-form-field-has-icon-prefix mat-mdc-form-field-has-icon-suffix mat-form-field-disabled mat-form-field-appearance-outline mat-primary ng-untouched ng-star-inserted ng-dirty']//input, using=xpath}]
Capabilities {acceptInsecureCerts: false, browserName: chrome, browserVersion: 132.0.6834.197, chrome: {chromedriverVersion: 132.0.6834.159 (2d77d3fc445..., userDataDir: C:\Users\INGRID~1.ZAD\AppDa...}, fedcm:accounts: true, goog:chromeOptions: {debuggerAddress: localhost:51499}, networkConnectionEnabled: false, pageLoadStrategy: normal, platformName: windows, proxy: Proxy(), se:cdp: ws://localhost:51499/devtoo..., se:cdpVersion: 132.0.6834.197, setWindowRect: true, strictFileInteractability: false, timeouts: {implicit: 0, pageLoad: 300000, script: 30000}, unhandledPromptBehavior: dismiss and notify, webauthn:extension:credBlob: true, webauthn:extension:largeBlob: true, webauthn:extension:minPinLength: true, webauthn:extension:prf: true, webauthn:virtualAuthenticators: true}
Session ID: ba6e77836dc889c1057164b87db87e66
	at java.base/jdk.internal.reflect.DirectConstructorHandleAccessor.newInstance(DirectConstructorHandleAccessor.java:62)
	at java.base/java.lang.reflect.Constructor.newInstanceWithCaller(Constructor.java:502)
	at java.base/java.lang.reflect.Constructor.newInstance(Constructor.java:486)
	at org.openqa.selenium.remote.ErrorCodec.decode(ErrorCodec.java:167)
	at org.openqa.selenium.remote.codec.w3c.W3CHttpResponseCodec.decode(W3CHttpResponseCodec.java:138)
	at org.openqa.selenium.remote.codec.w3c.W3CHttpResponseCodec.decode(W3CHttpResponseCodec.java:50)
	at org.openqa.selenium.remote.HttpCommandExecutor.execute(HttpCommandExecutor.java:190)
	at org.openqa.selenium.remote.service.DriverCommandExecutor.invokeExecute(DriverCommandExecutor.java:216)
	at org.openqa.selenium.remote.service.DriverCommandExecutor.execute(DriverCommandExecutor.java:174)
	at org.openqa.selenium.remote.RemoteWebDriver.execute(RemoteWebDriver.java:545)
	at org.openqa.selenium.remote.ElementLocation$ElementFinder$2.findElement(ElementLocation.java:165)
	at org.openqa.selenium.remote.ElementLocation.findElement(ElementLocation.java:59)
	at org.openqa.selenium.remote.RemoteWebDriver.findElement(RemoteWebDriver.java:368)
	at org.openqa.selenium.remote.RemoteWebDriver.findElement(RemoteWebDriver.java:362)
	at lt.insoft.uztis.tests.EvaluationsPageTest.testFillEvaluationThree(EvaluationsPageTest.java:293)
	at java.base/jdk.internal.reflect.DirectMethodHandleAccessor.invoke(DirectMethodHandleAccessor.java:103)
	at java.base/java.lang.reflect.Method.invoke(Method.java:580)
	at org.junit.platform.commons.util.ReflectionUtils.invokeMethod(ReflectionUtils.java:728)
	at org.junit.jupiter.engine.execution.MethodInvocation.proceed(MethodInvocation.java:60)
	at org.junit.jupiter.engine.execution.InvocationInterceptorChain$ValidatingInvocation.proceed(InvocationInterceptorChain.java:131)
	at org.junit.jupiter.engine.extension.TimeoutExtension.intercept(TimeoutExtension.java:156)
	at org.junit.jupiter.engine.extension.TimeoutExtension.interceptTestableMethod(TimeoutExtension.java:147)
	at org.junit.jupiter.engine.extension.TimeoutExtension.interceptTestMethod(TimeoutExtension.java:86)
	at org.junit.jupiter.engine.execution.InterceptingExecutableInvoker$ReflectiveInterceptorCall.lambda$ofVoidMethod$0(InterceptingExecutableInvoker.java:103)
	at org.junit.jupiter.engine.execution.InterceptingExecutableInvoker.lambda$invoke$0(InterceptingExecutableInvoker.java:93)
	at org.junit.jupiter.engine.execution.InvocationInterceptorChain$InterceptedInvocation.proceed(InvocationInterceptorChain.java:106)
	at org.junit.jupiter.engine.execution.InvocationInterceptorChain.proceed(InvocationInterceptorChain.java:64)
	at org.junit.jupiter.engine.execution.InvocationInterceptorChain.chainAndInvoke(InvocationInterceptorChain.java:45)
	at org.junit.jupiter.engine.execution.InvocationInterceptorChain.invoke(InvocationInterceptorChain.java:37)
	at org.junit.jupiter.engine.execution.InterceptingExecutableInvoker.invoke(InterceptingExecutableInvoker.java:92)
	at org.junit.jupiter.engine.execution.InterceptingExecutableInvoker.invoke(InterceptingExecutableInvoker.java:86)
	at org.junit.jupiter.engine.descriptor.TestMethodTestDescriptor.lambda$invokeTestMethod$7(TestMethodTestDescriptor.java:218)
	at org.junit.platform.engine.support.hierarchical.ThrowableCollector.execute(ThrowableCollector.java:73)
	at org.junit.jupiter.engine.descriptor.TestMethodTestDescriptor.invokeTestMethod(TestMethodTestDescriptor.java:214)
	at org.junit.jupiter.engine.descriptor.TestMethodTestDescriptor.execute(TestMethodTestDescriptor.java:139)
	at org.junit.jupiter.engine.descriptor.TestMethodTestDescriptor.execute(TestMethodTestDescriptor.java:69)
	at org.junit.platform.engine.support.hierarchical.NodeTestTask.lambda$executeRecursively$6(NodeTestTask.java:151)
	at org.junit.platform.engine.support.hierarchical.ThrowableCollector.execute(ThrowableCollector.java:73)
	at org.junit.platform.engine.support.hierarchical.NodeTestTask.lambda$executeRecursively$8(NodeTestTask.java:141)
	at org.junit.platform.engine.support.hierarchical.Node.around(Node.java:137)
	at org.junit.platform.engine.support.hierarchical.NodeTestTask.lambda$executeRecursively$9(NodeTestTask.java:139)
	at org.junit.platform.engine.support.hierarchical.ThrowableCollector.execute(ThrowableCollector.java:73)
	at org.junit.platform.engine.support.hierarchical.NodeTestTask.executeRecursively(NodeTestTask.java:138)
	at org.junit.platform.engine.support.hierarchical.NodeTestTask.execute(NodeTestTask.java:95)
	at java.base/java.util.ArrayList.forEach(ArrayList.java:1596)
	at org.junit.platform.engine.support.hierarchical.SameThreadHierarchicalTestExecutorService.invokeAll(SameThreadHierarchicalTestExecutorService.java:41)
	at org.junit.platform.engine.support.hierarchical.NodeTestTask.lambda$executeRecursively$6(NodeTestTask.java:155)
	at org.junit.platform.engine.support.hierarchical.ThrowableCollector.execute(ThrowableCollector.java:73)
	at org.junit.platform.engine.support.hierarchical.NodeTestTask.lambda$executeRecursively$8(NodeTestTask.java:141)
	at org.junit.platform.engine.support.hierarchical.Node.around(Node.java:137)
	at org.junit.platform.engine.support.hierarchical.NodeTestTask.lambda$executeRecursively$9(NodeTestTask.java:139)
	at org.junit.platform.engine.support.hierarchical.ThrowableCollector.execute(ThrowableCollector.java:73)
	at org.junit.platform.engine.support.hierarchical.NodeTestTask.executeRecursively(NodeTestTask.java:138)
	at org.junit.platform.engine.support.hierarchical.NodeTestTask.execute(NodeTestTask.java:95)
	at java.base/java.util.ArrayList.forEach(ArrayList.java:1596)
	at org.junit.platform.engine.support.hierarchical.SameThreadHierarchicalTestExecutorService.invokeAll(SameThreadHierarchicalTestExecutorService.java:41)
	at org.junit.platform.engine.support.hierarchical.NodeTestTask.lambda$executeRecursively$6(NodeTestTask.java:155)
	at org.junit.platform.engine.support.hierarchical.ThrowableCollector.execute(ThrowableCollector.java:73)
	at org.junit.platform.engine.support.hierarchical.NodeTestTask.lambda$executeRecursively$8(NodeTestTask.java:141)
	at org.junit.platform.engine.support.hierarchical.Node.around(Node.java:137)
	at org.junit.platform.engine.support.hierarchical.NodeTestTask.lambda$executeRecursively$9(NodeTestTask.java:139)
	at org.junit.platform.engine.support.hierarchical.ThrowableCollector.execute(ThrowableCollector.java:73)
	at org.junit.platform.engine.support.hierarchical.NodeTestTask.executeRecursively(NodeTestTask.java:138)
	at org.junit.platform.engine.support.hierarchical.NodeTestTask.execute(NodeTestTask.java:95)
	at org.junit.platform.engine.support.hierarchical.SameThreadHierarchicalTestExecutorService.submit(SameThreadHierarchicalTestExecutorService.java:35)
	at org.junit.platform.engine.support.hierarchical.HierarchicalTestExecutor.execute(HierarchicalTestExecutor.java:57)
	at org.junit.platform.engine.support.hierarchical.HierarchicalTestEngine.execute(HierarchicalTestEngine.java:54)
	at org.junit.platform.launcher.core.EngineExecutionOrchestrator.execute(EngineExecutionOrchestrator.java:198)
	at org.junit.platform.launcher.core.EngineExecutionOrchestrator.execute(EngineExecutionOrchestrator.java:169)
	at org.junit.platform.launcher.core.EngineExecutionOrchestrator.execute(EngineExecutionOrchestrator.java:93)
	at org.junit.platform.launcher.core.EngineExecutionOrchestrator.lambda$execute$0(EngineExecutionOrchestrator.java:58)
	at org.junit.platform.launcher.core.EngineExecutionOrchestrator.withInterceptedStreams(EngineExecutionOrchestrator.java:141)
	at org.junit.platform.launcher.core.EngineExecutionOrchestrator.execute(EngineExecutionOrchestrator.java:57)
	at org.junit.platform.launcher.core.DefaultLauncher.execute(DefaultLauncher.java:103)
	at org.junit.platform.launcher.core.DefaultLauncher.execute(DefaultLauncher.java:85)
	at org.junit.platform.launcher.core.DelegatingLauncher.execute(DelegatingLauncher.java:47)
	at org.junit.platform.launcher.core.SessionPerRequestLauncher.execute(SessionPerRequestLauncher.java:63)
	at com.intellij.junit5.JUnit5IdeaTestRunner.startRunnerWithArgs(JUnit5IdeaTestRunner.java:57)
	at com.intellij.rt.junit.IdeaTestRunner$Repeater$1.execute(IdeaTestRunner.java:38)
	at com.intellij.rt.execution.junit.TestsRepeater.repeat(TestsRepeater.java:11)
	at com.intellij.rt.junit.IdeaTestRunner$Repeater.startRunnerWithArgs(IdeaTestRunner.java:35)
	at com.intellij.rt.junit.JUnitStarter.prepareStreamsAndStart(JUnitStarter.java:232)
	at com.intellij.rt.junit.JUnitStarter.main(JUnitStarter.java:55)
2025-02-17 10:14:35 [main] INFO  l.insoft.uztis.tests.utils.TestUtils - Screenshot moved to C:\Users\ingrida.zadorozniene\Desktop\Asm\UZTIS\UZTIS_tests\test-output\screenshots\20250217\101435319_testFillEvaluationThree().png
2025-02-17 10:14:49 [main] INFO  lt.insoft.uztis.tests.UztisPageTest - Navigated to https://uztisdev.asseco.lt/home
2025-02-17 10:14:49 [main] INFO  l.i.uztis.tests.EvaluationsPageTest - Starting test:'testFillEvaluationThree'
2025-02-17 10:14:49 [main] INFO  l.i.uztis.tests.EvaluationsPageTest - Starting test:'testNavigateToEvaluationsPage'
2025-02-17 10:14:50 [main] DEBUG l.i.uztis.tests.EvaluationsPageTest - User logged in with test credentials
2025-02-17 10:14:50 [main] DEBUG l.i.uztis.tests.EvaluationsPageTest - Opened 'Application Processing' menu.
2025-02-17 10:14:50 [main] DEBUG l.i.uztis.tests.EvaluationsPageTest - Clicked on 'Evaluations' menu.
2025-02-17 10:14:50 [main] DEBUG l.i.uztis.tests.EvaluationsPageTest - Navigating to evaluations menu.
2025-02-17 10:14:50 [main] INFO  l.i.uztis.tests.EvaluationsPageTest - Test 'testNavigateToEvaluationsPage' completed successfully.
2025-02-17 10:14:51 [main] DEBUG l.i.uztis.tests.EvaluationsPageTest - Clicked on last evaluation.
2025-02-17 10:14:51 [main] DEBUG l.i.uztis.tests.EvaluationsPageTest - Clicked 'Edit'.
2025-02-17 10:14:52 [main] DEBUG l.i.uztis.tests.EvaluationsPageTest - Entered commission date.
2025-02-17 10:14:52 [main] DEBUG l.i.uztis.tests.EvaluationsPageTest - Selected 'Without Commission' radio button.
2025-02-17 10:14:52 [main] DEBUG l.i.uztis.tests.EvaluationsPageTest - Entered chairman name: 'Pirmininkas Pirmininkauskas'.
2025-02-17 10:14:52 [main] DEBUG l.i.uztis.tests.EvaluationsPageTest - Entered member name: 'Narys Narauskas'.
2025-02-17 10:14:52 [main] DEBUG l.i.uztis.tests.EvaluationsPageTest - Clicked 'Continue'.
2025-02-17 10:14:53 [main] DEBUG l.i.uztis.tests.EvaluationsPageTest - Entered chairman score 1: '1'.
2025-02-17 10:14:53 [main] DEBUG l.i.uztis.tests.EvaluationsPageTest - Entered member score 1: '2'.
2025-02-17 10:14:53 [main] DEBUG l.i.uztis.tests.EvaluationsPageTest - Entered member conclusion 1: 'Išvada - palanki 1'.
2025-02-17 10:14:53 [main] DEBUG l.i.uztis.tests.EvaluationsPageTest - Entered chairman score 2: '3'.
2025-02-17 10:14:53 [main] DEBUG l.i.uztis.tests.EvaluationsPageTest - Entered member score 2: '4'.
2025-02-17 10:14:54 [main] DEBUG l.i.uztis.tests.EvaluationsPageTest - Entered member conclusion 2: 'Išvada - palanki 2'.
2025-02-17 10:14:54 [main] DEBUG l.i.uztis.tests.EvaluationsPageTest - Entered chairman score 3: '5'.
2025-02-17 10:14:54 [main] DEBUG l.i.uztis.tests.EvaluationsPageTest - Entered member score 3: '6'.
2025-02-17 10:14:54 [main] DEBUG l.i.uztis.tests.EvaluationsPageTest - Entered member conclusion 3: 'Išvada - palanki 3'.
2025-02-17 10:14:54 [main] DEBUG l.i.uztis.tests.EvaluationsPageTest - Entered chairman score 4: '7'.
2025-02-17 10:14:54 [main] DEBUG l.i.uztis.tests.EvaluationsPageTest - Entered member score 4: '8'.
2025-02-17 10:14:54 [main] DEBUG l.i.uztis.tests.EvaluationsPageTest - Entered member conclusion 4: 'Išvada - palanki 4'.
2025-02-17 10:14:55 [main] DEBUG l.i.uztis.tests.EvaluationsPageTest - Entered chairman score 5: '9'.
2025-02-17 10:14:55 [main] DEBUG l.i.uztis.tests.EvaluationsPageTest - Entered member score 5: '10'.
2025-02-17 10:14:55 [main] DEBUG l.i.uztis.tests.EvaluationsPageTest - Entered member conclusion 5: 'Išvada - palanki 5'.
2025-02-17 10:14:55 [main] ERROR l.i.uztis.tests.EvaluationsPageTest - Test 'testFillEvaluationThree' failed with error: invalid selector: Unable to locate an element with the xpath expression //mat-form-field[contains(@class, 'mat-mdc-form-field')]//input[contains(@class, 'mat-mdc-form-field-input')]] because of the following error:
SyntaxError: Failed to execute 'evaluate' on 'Document': The string '//mat-form-field[contains(@class, 'mat-mdc-form-field')]//input[contains(@class, 'mat-mdc-form-field-input')]]' is not a valid XPath expression.
  (Session info: chrome=132.0.6834.197)
For documentation on this error, please visit: https://www.selenium.dev/documentation/webdriver/troubleshooting/errors#invalid-selector-exception
Build info: version: '4.27.0', revision: 'd6e718d134'
System info: os.name: 'Windows 11', os.arch: 'amd64', os.version: '10.0', java.version: '21.0.3'
Driver info: org.openqa.selenium.chrome.ChromeDriver
Command: [8b2cea3d9615e920dbde10d7358997d9, findElement {value=//mat-form-field[contains(@class, 'mat-mdc-form-field')]//input[contains(@class, 'mat-mdc-form-field-input')]], using=xpath}]
Capabilities {acceptInsecureCerts: false, browserName: chrome, browserVersion: 132.0.6834.197, chrome: {chromedriverVersion: 132.0.6834.159 (2d77d3fc445..., userDataDir: C:\Users\INGRID~1.ZAD\AppDa...}, fedcm:accounts: true, goog:chromeOptions: {debuggerAddress: localhost:51532}, networkConnectionEnabled: false, pageLoadStrategy: normal, platformName: windows, proxy: Proxy(), se:cdp: ws://localhost:51532/devtoo..., se:cdpVersion: 132.0.6834.197, setWindowRect: true, strictFileInteractability: false, timeouts: {implicit: 0, pageLoad: 300000, script: 30000}, unhandledPromptBehavior: dismiss and notify, webauthn:extension:credBlob: true, webauthn:extension:largeBlob: true, webauthn:extension:minPinLength: true, webauthn:extension:prf: true, webauthn:virtualAuthenticators: true}
Session ID: 8b2cea3d9615e920dbde10d7358997d9
org.openqa.selenium.InvalidSelectorException: invalid selector: Unable to locate an element with the xpath expression //mat-form-field[contains(@class, 'mat-mdc-form-field')]//input[contains(@class, 'mat-mdc-form-field-input')]] because of the following error:
SyntaxError: Failed to execute 'evaluate' on 'Document': The string '//mat-form-field[contains(@class, 'mat-mdc-form-field')]//input[contains(@class, 'mat-mdc-form-field-input')]]' is not a valid XPath expression.
  (Session info: chrome=132.0.6834.197)
For documentation on this error, please visit: https://www.selenium.dev/documentation/webdriver/troubleshooting/errors#invalid-selector-exception
Build info: version: '4.27.0', revision: 'd6e718d134'
System info: os.name: 'Windows 11', os.arch: 'amd64', os.version: '10.0', java.version: '21.0.3'
Driver info: org.openqa.selenium.chrome.ChromeDriver
Command: [8b2cea3d9615e920dbde10d7358997d9, findElement {value=//mat-form-field[contains(@class, 'mat-mdc-form-field')]//input[contains(@class, 'mat-mdc-form-field-input')]], using=xpath}]
Capabilities {acceptInsecureCerts: false, browserName: chrome, browserVersion: 132.0.6834.197, chrome: {chromedriverVersion: 132.0.6834.159 (2d77d3fc445..., userDataDir: C:\Users\INGRID~1.ZAD\AppDa...}, fedcm:accounts: true, goog:chromeOptions: {debuggerAddress: localhost:51532}, networkConnectionEnabled: false, pageLoadStrategy: normal, platformName: windows, proxy: Proxy(), se:cdp: ws://localhost:51532/devtoo..., se:cdpVersion: 132.0.6834.197, setWindowRect: true, strictFileInteractability: false, timeouts: {implicit: 0, pageLoad: 300000, script: 30000}, unhandledPromptBehavior: dismiss and notify, webauthn:extension:credBlob: true, webauthn:extension:largeBlob: true, webauthn:extension:minPinLength: true, webauthn:extension:prf: true, webauthn:virtualAuthenticators: true}
Session ID: 8b2cea3d9615e920dbde10d7358997d9
	at java.base/jdk.internal.reflect.DirectConstructorHandleAccessor.newInstance(DirectConstructorHandleAccessor.java:62)
	at java.base/java.lang.reflect.Constructor.newInstanceWithCaller(Constructor.java:502)
	at java.base/java.lang.reflect.Constructor.newInstance(Constructor.java:486)
	at org.openqa.selenium.remote.ErrorCodec.decode(ErrorCodec.java:167)
	at org.openqa.selenium.remote.codec.w3c.W3CHttpResponseCodec.decode(W3CHttpResponseCodec.java:138)
	at org.openqa.selenium.remote.codec.w3c.W3CHttpResponseCodec.decode(W3CHttpResponseCodec.java:50)
	at org.openqa.selenium.remote.HttpCommandExecutor.execute(HttpCommandExecutor.java:190)
	at org.openqa.selenium.remote.service.DriverCommandExecutor.invokeExecute(DriverCommandExecutor.java:216)
	at org.openqa.selenium.remote.service.DriverCommandExecutor.execute(DriverCommandExecutor.java:174)
	at org.openqa.selenium.remote.RemoteWebDriver.execute(RemoteWebDriver.java:545)
	at org.openqa.selenium.remote.ElementLocation$ElementFinder$2.findElement(ElementLocation.java:165)
	at org.openqa.selenium.remote.ElementLocation.findElement(ElementLocation.java:59)
	at org.openqa.selenium.remote.RemoteWebDriver.findElement(RemoteWebDriver.java:368)
	at org.openqa.selenium.remote.RemoteWebDriver.findElement(RemoteWebDriver.java:362)
	at org.openqa.selenium.support.ui.ExpectedConditions$6.apply(ExpectedConditions.java:171)
	at org.openqa.selenium.support.ui.ExpectedConditions$6.apply(ExpectedConditions.java:168)
	at org.openqa.selenium.support.ui.FluentWait.until(FluentWait.java:203)
	at lt.insoft.uztis.tests.EvaluationsPageTest.testFillEvaluationThree(EvaluationsPageTest.java:384)
	at java.base/jdk.internal.reflect.DirectMethodHandleAccessor.invoke(DirectMethodHandleAccessor.java:103)
	at java.base/java.lang.reflect.Method.invoke(Method.java:580)
	at org.junit.platform.commons.util.ReflectionUtils.invokeMethod(ReflectionUtils.java:728)
	at org.junit.jupiter.engine.execution.MethodInvocation.proceed(MethodInvocation.java:60)
	at org.junit.jupiter.engine.execution.InvocationInterceptorChain$ValidatingInvocation.proceed(InvocationInterceptorChain.java:131)
	at org.junit.jupiter.engine.extension.TimeoutExtension.intercept(TimeoutExtension.java:156)
	at org.junit.jupiter.engine.extension.TimeoutExtension.interceptTestableMethod(TimeoutExtension.java:147)
	at org.junit.jupiter.engine.extension.TimeoutExtension.interceptTestMethod(TimeoutExtension.java:86)
	at org.junit.jupiter.engine.execution.InterceptingExecutableInvoker$ReflectiveInterceptorCall.lambda$ofVoidMethod$0(InterceptingExecutableInvoker.java:103)
	at org.junit.jupiter.engine.execution.InterceptingExecutableInvoker.lambda$invoke$0(InterceptingExecutableInvoker.java:93)
	at org.junit.jupiter.engine.execution.InvocationInterceptorChain$InterceptedInvocation.proceed(InvocationInterceptorChain.java:106)
	at org.junit.jupiter.engine.execution.InvocationInterceptorChain.proceed(InvocationInterceptorChain.java:64)
	at org.junit.jupiter.engine.execution.InvocationInterceptorChain.chainAndInvoke(InvocationInterceptorChain.java:45)
	at org.junit.jupiter.engine.execution.InvocationInterceptorChain.invoke(InvocationInterceptorChain.java:37)
	at org.junit.jupiter.engine.execution.InterceptingExecutableInvoker.invoke(InterceptingExecutableInvoker.java:92)
	at org.junit.jupiter.engine.execution.InterceptingExecutableInvoker.invoke(InterceptingExecutableInvoker.java:86)
	at org.junit.jupiter.engine.descriptor.TestMethodTestDescriptor.lambda$invokeTestMethod$7(TestMethodTestDescriptor.java:218)
	at org.junit.platform.engine.support.hierarchical.ThrowableCollector.execute(ThrowableCollector.java:73)
	at org.junit.jupiter.engine.descriptor.TestMethodTestDescriptor.invokeTestMethod(TestMethodTestDescriptor.java:214)
	at org.junit.jupiter.engine.descriptor.TestMethodTestDescriptor.execute(TestMethodTestDescriptor.java:139)
	at org.junit.jupiter.engine.descriptor.TestMethodTestDescriptor.execute(TestMethodTestDescriptor.java:69)
	at org.junit.platform.engine.support.hierarchical.NodeTestTask.lambda$executeRecursively$6(NodeTestTask.java:151)
	at org.junit.platform.engine.support.hierarchical.ThrowableCollector.execute(ThrowableCollector.java:73)
	at org.junit.platform.engine.support.hierarchical.NodeTestTask.lambda$executeRecursively$8(NodeTestTask.java:141)
	at org.junit.platform.engine.support.hierarchical.Node.around(Node.java:137)
	at org.junit.platform.engine.support.hierarchical.NodeTestTask.lambda$executeRecursively$9(NodeTestTask.java:139)
	at org.junit.platform.engine.support.hierarchical.ThrowableCollector.execute(ThrowableCollector.java:73)
	at org.junit.platform.engine.support.hierarchical.NodeTestTask.executeRecursively(NodeTestTask.java:138)
	at org.junit.platform.engine.support.hierarchical.NodeTestTask.execute(NodeTestTask.java:95)
	at java.base/java.util.ArrayList.forEach(ArrayList.java:1596)
	at org.junit.platform.engine.support.hierarchical.SameThreadHierarchicalTestExecutorService.invokeAll(SameThreadHierarchicalTestExecutorService.java:41)
	at org.junit.platform.engine.support.hierarchical.NodeTestTask.lambda$executeRecursively$6(NodeTestTask.java:155)
	at org.junit.platform.engine.support.hierarchical.ThrowableCollector.execute(ThrowableCollector.java:73)
	at org.junit.platform.engine.support.hierarchical.NodeTestTask.lambda$executeRecursively$8(NodeTestTask.java:141)
	at org.junit.platform.engine.support.hierarchical.Node.around(Node.java:137)
	at org.junit.platform.engine.support.hierarchical.NodeTestTask.lambda$executeRecursively$9(NodeTestTask.java:139)
	at org.junit.platform.engine.support.hierarchical.ThrowableCollector.execute(ThrowableCollector.java:73)
	at org.junit.platform.engine.support.hierarchical.NodeTestTask.executeRecursively(NodeTestTask.java:138)
	at org.junit.platform.engine.support.hierarchical.NodeTestTask.execute(NodeTestTask.java:95)
	at java.base/java.util.ArrayList.forEach(ArrayList.java:1596)
	at org.junit.platform.engine.support.hierarchical.SameThreadHierarchicalTestExecutorService.invokeAll(SameThreadHierarchicalTestExecutorService.java:41)
	at org.junit.platform.engine.support.hierarchical.NodeTestTask.lambda$executeRecursively$6(NodeTestTask.java:155)
	at org.junit.platform.engine.support.hierarchical.ThrowableCollector.execute(ThrowableCollector.java:73)
	at org.junit.platform.engine.support.hierarchical.NodeTestTask.lambda$executeRecursively$8(NodeTestTask.java:141)
	at org.junit.platform.engine.support.hierarchical.Node.around(Node.java:137)
	at org.junit.platform.engine.support.hierarchical.NodeTestTask.lambda$executeRecursively$9(NodeTestTask.java:139)
	at org.junit.platform.engine.support.hierarchical.ThrowableCollector.execute(ThrowableCollector.java:73)
	at org.junit.platform.engine.support.hierarchical.NodeTestTask.executeRecursively(NodeTestTask.java:138)
	at org.junit.platform.engine.support.hierarchical.NodeTestTask.execute(NodeTestTask.java:95)
	at org.junit.platform.engine.support.hierarchical.SameThreadHierarchicalTestExecutorService.submit(SameThreadHierarchicalTestExecutorService.java:35)
	at org.junit.platform.engine.support.hierarchical.HierarchicalTestExecutor.execute(HierarchicalTestExecutor.java:57)
	at org.junit.platform.engine.support.hierarchical.HierarchicalTestEngine.execute(HierarchicalTestEngine.java:54)
	at org.junit.platform.launcher.core.EngineExecutionOrchestrator.execute(EngineExecutionOrchestrator.java:198)
	at org.junit.platform.launcher.core.EngineExecutionOrchestrator.execute(EngineExecutionOrchestrator.java:169)
	at org.junit.platform.launcher.core.EngineExecutionOrchestrator.execute(EngineExecutionOrchestrator.java:93)
	at org.junit.platform.launcher.core.EngineExecutionOrchestrator.lambda$execute$0(EngineExecutionOrchestrator.java:58)
	at org.junit.platform.launcher.core.EngineExecutionOrchestrator.withInterceptedStreams(EngineExecutionOrchestrator.java:141)
	at org.junit.platform.launcher.core.EngineExecutionOrchestrator.execute(EngineExecutionOrchestrator.java:57)
	at org.junit.platform.launcher.core.DefaultLauncher.execute(DefaultLauncher.java:103)
	at org.junit.platform.launcher.core.DefaultLauncher.execute(DefaultLauncher.java:85)
	at org.junit.platform.launcher.core.DelegatingLauncher.execute(DelegatingLauncher.java:47)
	at org.junit.platform.launcher.core.SessionPerRequestLauncher.execute(SessionPerRequestLauncher.java:63)
	at com.intellij.junit5.JUnit5IdeaTestRunner.startRunnerWithArgs(JUnit5IdeaTestRunner.java:57)
	at com.intellij.rt.junit.IdeaTestRunner$Repeater$1.execute(IdeaTestRunner.java:38)
	at com.intellij.rt.execution.junit.TestsRepeater.repeat(TestsRepeater.java:11)
	at com.intellij.rt.junit.IdeaTestRunner$Repeater.startRunnerWithArgs(IdeaTestRunner.java:35)
	at com.intellij.rt.junit.JUnitStarter.prepareStreamsAndStart(JUnitStarter.java:232)
	at com.intellij.rt.junit.JUnitStarter.main(JUnitStarter.java:55)
2025-02-17 10:14:55 [main] INFO  l.insoft.uztis.tests.utils.TestUtils - Screenshot moved to C:\Users\ingrida.zadorozniene\Desktop\Asm\UZTIS\UZTIS_tests\test-output\screenshots\20250217\101455603_testFillEvaluationThree().png
2025-02-17 10:16:23 [main] INFO  lt.insoft.uztis.tests.UztisPageTest - Navigated to https://uztisdev.asseco.lt/home
2025-02-17 10:16:24 [main] INFO  l.i.uztis.tests.EvaluationsPageTest - Starting test:'testFillEvaluationThree'
2025-02-17 10:16:24 [main] INFO  l.i.uztis.tests.EvaluationsPageTest - Starting test:'testNavigateToEvaluationsPage'
2025-02-17 10:16:24 [main] DEBUG l.i.uztis.tests.EvaluationsPageTest - User logged in with test credentials
2025-02-17 10:16:24 [main] DEBUG l.i.uztis.tests.EvaluationsPageTest - Opened 'Application Processing' menu.
2025-02-17 10:16:24 [main] DEBUG l.i.uztis.tests.EvaluationsPageTest - Clicked on 'Evaluations' menu.
2025-02-17 10:16:24 [main] DEBUG l.i.uztis.tests.EvaluationsPageTest - Navigating to evaluations menu.
2025-02-17 10:16:24 [main] INFO  l.i.uztis.tests.EvaluationsPageTest - Test 'testNavigateToEvaluationsPage' completed successfully.
2025-02-17 10:16:25 [main] DEBUG l.i.uztis.tests.EvaluationsPageTest - Clicked on last evaluation.
2025-02-17 10:16:25 [main] DEBUG l.i.uztis.tests.EvaluationsPageTest - Clicked 'Edit'.
2025-02-17 10:16:26 [main] DEBUG l.i.uztis.tests.EvaluationsPageTest - Entered commission date.
2025-02-17 10:16:26 [main] DEBUG l.i.uztis.tests.EvaluationsPageTest - Selected 'Without Commission' radio button.
2025-02-17 10:16:26 [main] DEBUG l.i.uztis.tests.EvaluationsPageTest - Entered chairman name: 'Pirmininkas Pirmininkauskas'.
2025-02-17 10:16:26 [main] DEBUG l.i.uztis.tests.EvaluationsPageTest - Entered member name: 'Narys Narauskas'.
2025-02-17 10:16:27 [main] DEBUG l.i.uztis.tests.EvaluationsPageTest - Clicked 'Continue'.
2025-02-17 10:16:27 [main] DEBUG l.i.uztis.tests.EvaluationsPageTest - Entered chairman score 1: '1'.
2025-02-17 10:16:27 [main] DEBUG l.i.uztis.tests.EvaluationsPageTest - Entered member score 1: '2'.
2025-02-17 10:16:27 [main] DEBUG l.i.uztis.tests.EvaluationsPageTest - Entered member conclusion 1: 'Išvada - palanki 1'.
2025-02-17 10:16:27 [main] DEBUG l.i.uztis.tests.EvaluationsPageTest - Entered chairman score 2: '3'.
2025-02-17 10:16:27 [main] DEBUG l.i.uztis.tests.EvaluationsPageTest - Entered member score 2: '4'.
2025-02-17 10:16:28 [main] DEBUG l.i.uztis.tests.EvaluationsPageTest - Entered member conclusion 2: 'Išvada - palanki 2'.
2025-02-17 10:16:28 [main] DEBUG l.i.uztis.tests.EvaluationsPageTest - Entered chairman score 3: '5'.
2025-02-17 10:16:28 [main] DEBUG l.i.uztis.tests.EvaluationsPageTest - Entered member score 3: '6'.
2025-02-17 10:16:28 [main] DEBUG l.i.uztis.tests.EvaluationsPageTest - Entered member conclusion 3: 'Išvada - palanki 3'.
2025-02-17 10:16:28 [main] DEBUG l.i.uztis.tests.EvaluationsPageTest - Entered chairman score 4: '7'.
2025-02-17 10:16:28 [main] DEBUG l.i.uztis.tests.EvaluationsPageTest - Entered member score 4: '8'.
2025-02-17 10:16:28 [main] DEBUG l.i.uztis.tests.EvaluationsPageTest - Entered member conclusion 4: 'Išvada - palanki 4'.
2025-02-17 10:16:29 [main] DEBUG l.i.uztis.tests.EvaluationsPageTest - Entered chairman score 5: '9'.
2025-02-17 10:16:29 [main] DEBUG l.i.uztis.tests.EvaluationsPageTest - Entered member score 5: '10'.
2025-02-17 10:16:29 [main] DEBUG l.i.uztis.tests.EvaluationsPageTest - Entered member conclusion 5: 'Išvada - palanki 5'.
2025-02-17 10:16:29 [main] DEBUG l.i.uztis.tests.EvaluationsPageTest - Clicked 'Confirm'.
2025-02-17 10:16:29 [main] INFO  l.i.uztis.tests.EvaluationsPageTest - Test 'testFillEvaluationThree' completed successfully.
2025-02-17 10:18:52 [main] INFO  lt.insoft.uztis.tests.UztisPageTest - Navigated to https://uztisdev.asseco.lt/home
2025-02-17 10:18:52 [main] INFO  l.i.uztis.tests.EvaluationsPageTest - Starting test:'testFillEvaluationThree'
2025-02-17 10:18:52 [main] INFO  l.i.uztis.tests.EvaluationsPageTest - Starting test:'testNavigateToEvaluationsPage'
2025-02-17 10:18:52 [main] DEBUG l.i.uztis.tests.EvaluationsPageTest - User logged in with test credentials
2025-02-17 10:18:53 [main] DEBUG l.i.uztis.tests.EvaluationsPageTest - Opened 'Application Processing' menu.
2025-02-17 10:18:53 [main] DEBUG l.i.uztis.tests.EvaluationsPageTest - Clicked on 'Evaluations' menu.
2025-02-17 10:18:53 [main] DEBUG l.i.uztis.tests.EvaluationsPageTest - Navigating to evaluations menu.
2025-02-17 10:18:53 [main] INFO  l.i.uztis.tests.EvaluationsPageTest - Test 'testNavigateToEvaluationsPage' completed successfully.
2025-02-17 10:18:53 [main] DEBUG l.i.uztis.tests.EvaluationsPageTest - Clicked on last evaluation.
2025-02-17 10:18:53 [main] DEBUG l.i.uztis.tests.EvaluationsPageTest - Clicked 'Edit'.
2025-02-17 10:18:54 [main] DEBUG l.i.uztis.tests.EvaluationsPageTest - Entered commission date.
2025-02-17 10:18:54 [main] DEBUG l.i.uztis.tests.EvaluationsPageTest - Selected 'Without Commission' radio button.
2025-02-17 10:18:54 [main] DEBUG l.i.uztis.tests.EvaluationsPageTest - Entered chairman name: 'Pirmininkas Pirmininkauskas'.
2025-02-17 10:18:55 [main] DEBUG l.i.uztis.tests.EvaluationsPageTest - Entered member name: 'Narys Narauskas'.
2025-02-17 10:18:55 [main] DEBUG l.i.uztis.tests.EvaluationsPageTest - Clicked 'Continue'.
2025-02-17 10:18:55 [main] DEBUG l.i.uztis.tests.EvaluationsPageTest - Entered chairman score 1: '1'.
2025-02-17 10:18:55 [main] DEBUG l.i.uztis.tests.EvaluationsPageTest - Entered member score 1: '2'.
2025-02-17 10:18:55 [main] DEBUG l.i.uztis.tests.EvaluationsPageTest - Entered member conclusion 1: 'Išvada - palanki 1'.
2025-02-17 10:18:56 [main] DEBUG l.i.uztis.tests.EvaluationsPageTest - Entered chairman score 2: '3'.
2025-02-17 10:18:56 [main] DEBUG l.i.uztis.tests.EvaluationsPageTest - Entered member score 2: '4'.
2025-02-17 10:18:56 [main] DEBUG l.i.uztis.tests.EvaluationsPageTest - Entered member conclusion 2: 'Išvada - palanki 2'.
2025-02-17 10:18:56 [main] DEBUG l.i.uztis.tests.EvaluationsPageTest - Entered chairman score 3: '5'.
2025-02-17 10:18:56 [main] DEBUG l.i.uztis.tests.EvaluationsPageTest - Entered member score 3: '6'.
2025-02-17 10:18:56 [main] DEBUG l.i.uztis.tests.EvaluationsPageTest - Entered member conclusion 3: 'Išvada - palanki 3'.
2025-02-17 10:18:56 [main] DEBUG l.i.uztis.tests.EvaluationsPageTest - Entered chairman score 4: '7'.
2025-02-17 10:18:56 [main] DEBUG l.i.uztis.tests.EvaluationsPageTest - Entered member score 4: '8'.
2025-02-17 10:18:57 [main] DEBUG l.i.uztis.tests.EvaluationsPageTest - Entered member conclusion 4: 'Išvada - palanki 4'.
2025-02-17 10:18:57 [main] DEBUG l.i.uztis.tests.EvaluationsPageTest - Entered chairman score 5: '9'.
2025-02-17 10:18:57 [main] DEBUG l.i.uztis.tests.EvaluationsPageTest - Entered member score 5: '10'.
2025-02-17 10:18:57 [main] DEBUG l.i.uztis.tests.EvaluationsPageTest - Entered member conclusion 5: 'Išvada - palanki 5'.
2025-02-17 10:18:57 [main] DEBUG l.i.uztis.tests.EvaluationsPageTest - Clicked 'Confirm'.
2025-02-17 10:18:57 [main] DEBUG l.i.uztis.tests.EvaluationsPageTest - Clicked 'Confirm Confirmation'.
2025-02-17 10:18:58 [main] DEBUG l.i.uztis.tests.EvaluationsPageTest - Fetched label text: Įvertinta
2025-02-17 10:18:58 [main] INFO  l.i.uztis.tests.EvaluationsPageTest - Verified that the label text matches the expected value.
2025-02-17 10:18:58 [main] INFO  l.i.uztis.tests.EvaluationsPageTest - Test 'testFillEvaluationThree' completed successfully.
2025-02-17 10:31:54 [main] INFO  lt.insoft.uztis.tests.UztisPageTest - Navigated to https://uztisdev.asseco.lt/home
2025-02-17 10:31:54 [main] INFO  l.i.u.t.SubmittedApplicationsPageTest - Starting test:'testFillNewVUIPApplicationFA'
2025-02-17 10:31:55 [main] DEBUG l.i.u.t.SubmittedApplicationsPageTest - User logged in with test credentials.
2025-02-17 10:31:55 [main] DEBUG l.i.u.t.SubmittedApplicationsPageTest - Opened 'Application Processing' menu.
2025-02-17 10:31:55 [main] DEBUG l.i.u.t.SubmittedApplicationsPageTest - Clicked on 'Application Forms' menu.
2025-02-17 10:31:56 [main] DEBUG l.i.u.t.SubmittedApplicationsPageTest - Retrieved last description code text: 'TST-VUI-00'.
2025-02-17 10:31:56 [main] DEBUG l.i.u.t.SubmittedApplicationsPageTest - Clicked on 'Invitation' menu.
2025-02-17 10:31:57 [main] DEBUG l.i.u.t.SubmittedApplicationsPageTest - Selected application section by code: 'TST-VUI-00'.
2025-02-17 10:31:57 [main] DEBUG l.i.u.t.SubmittedApplicationsPageTest - Clicked 'Search' button.
2025-02-17 10:31:57 [main] DEBUG l.i.u.t.SubmittedApplicationsPageTest - Retrieved invitation code: ''.
2025-02-17 10:31:57 [main] DEBUG l.i.u.t.SubmittedApplicationsPageTest - Clicked on 'Submitted Applications' menu.
2025-02-17 10:31:58 [main] DEBUG l.i.u.t.SubmittedApplicationsPageTest - Selected invitation by code: 'TST-VUI-00'.
2025-02-17 10:31:58 [main] DEBUG l.i.u.t.SubmittedApplicationsPageTest - Invitation code inserted.
2025-02-17 10:31:58 [main] DEBUG l.i.u.t.SubmittedApplicationsPageTest - Clicked on 'Action Application' button.
2025-02-17 10:31:58 [main] DEBUG l.i.u.t.SubmittedApplicationsPageTest - Clicked on 'New Application' button.
2025-02-17 10:31:59 [main] DEBUG l.i.u.t.SubmittedApplicationsPageTest - Selected the 'RadioButtonFA' option.
2025-02-17 10:31:59 [main] DEBUG l.i.u.t.SubmittedApplicationsPageTest - Entered phone number: '61298745'.
2025-02-17 10:31:59 [main] DEBUG l.i.u.t.SubmittedApplicationsPageTest - Entered email: 'test@autotest.com'.
2025-02-17 10:31:59 [main] INFO  l.i.u.p.SubmittedApplicationsPage - Clicking on the dropdown button.
2025-02-17 10:32:18 [main] INFO  l.i.u.p.SubmittedApplicationsPage - Found 1741 options in the dropdown.
2025-02-17 10:32:18 [main] DEBUG l.i.u.p.SubmittedApplicationsPage - Checking option: ''
2025-02-17 10:32:18 [main] DEBUG l.i.u.p.SubmittedApplicationsPage - Checking option: '01.11 - Grūdinių (išskyrus ryžius), ankštinių ir aliejingų sėklų augalų auginimas'
2025-02-17 10:32:18 [main] INFO  l.i.u.p.SubmittedApplicationsPage - Successfully selected the value: '01.11 - Grūdinių (išskyrus ryžius), ankštinių ir aliejingų sėklų augalų auginimas'
2025-02-17 10:32:18 [main] INFO  l.i.u.p.SubmittedApplicationsPage - Attempting to close the dropdown.
2025-02-17 10:32:29 [main] INFO  l.i.u.p.SubmittedApplicationsPage - Dropdown should be closed now.
2025-02-17 10:32:29 [main] DEBUG l.i.u.t.SubmittedApplicationsPageTest - Selected EVRK value: '01.11 - Grūdinių (išskyrus ryžius), ankštinių ir aliejingų sėklų augalų auginimas'.
2025-02-17 10:32:29 [main] DEBUG l.i.u.t.SubmittedApplicationsPageTest - Entered address: 'Vilniaus m. sav., Vilnius, Testo g. 10T'.
2025-02-17 10:32:30 [main] DEBUG l.i.u.t.SubmittedApplicationsPageTest - Entered project date.
2025-02-17 10:32:30 [main] DEBUG l.i.u.t.SubmittedApplicationsPageTest - Entered job count: '1'.
2025-02-17 10:32:30 [main] DEBUG l.i.u.t.SubmittedApplicationsPageTest - Clicked 'Next' button.
2025-02-17 10:32:30 [main] INFO  l.i.u.p.SubmittedApplicationsPage - Located the dropdown button.
2025-02-17 10:32:31 [main] INFO  l.i.u.p.SubmittedApplicationsPage - Successfully selected the value: 'Administratoriai'
2025-02-17 10:33:01 [main] ERROR l.i.u.p.SubmittedApplicationsPage - Timeout while waiting for dropdown to close with aria-expanded = 'false'.
2025-02-17 10:33:01 [main] DEBUG l.i.u.t.SubmittedApplicationsPageTest - Selected job name: 'Administratoriai'.
2025-02-17 10:33:01 [main] DEBUG l.i.u.t.SubmittedApplicationsPageTest - Entered job function: 'Funkcija 1'.
2025-02-17 10:33:01 [main] DEBUG l.i.u.t.SubmittedApplicationsPageTest - Selected 'RadioButtonWithDisabilities' option.
2025-02-17 10:33:01 [main] INFO  l.i.u.p.SubmittedApplicationsPage - Clicking on the dropdown button.
2025-02-17 10:33:02 [main] INFO  l.i.u.p.SubmittedApplicationsPage - Found 34 options in the dropdown.
2025-02-17 10:33:02 [main] DEBUG l.i.u.p.SubmittedApplicationsPage - Checking option: 'Asmenys, kuriems suteiktas pabėgėlio statusas ar perkeliamojo asmens statusas, arba asmenys, kuriems suteikta papildoma ar laikinoji apsauga, ir asmenys, turintys teisę gauti laikinąją apsaugą, iki sprendimo dėl laikinosios apsaugos suteikimo (nesuteikimo) priėmimo, tačiau ne ilgiau kaip laikinosios apsaugos laikotarpiu'
2025-02-17 10:33:02 [main] DEBUG l.i.u.p.SubmittedApplicationsPage - Checking option: 'Asmenys, kuriems suteiktas pabėgėlio statusas ar perkeliamojo asmens statusas, arba asmenys, kuriems suteikta papildoma ar laikinoji apsauga, ir asmenys, turintys teisę gauti laikinąją apsaugą, iki sprendimo dėl laikinosios apsaugos suteikimo (nesuteikimo) priėmimo, tačiau ne ilgiau kaip laikinosios apsaugos laikotarpiu'
2025-02-17 10:33:02 [main] DEBUG l.i.u.p.SubmittedApplicationsPage - Checking option: 'Asmenys, turintys teisę į papildomas užimtumo garantijas pagal Lietuvos Respublikos valstybės įmonės Ignalinos atominės elektrinės darbuotojų papildomų užimtumo ir socialinių garantijų įstatymą'
2025-02-17 10:33:02 [main] DEBUG l.i.u.p.SubmittedApplicationsPage - Checking option: 'Asmenys, turintys teisę į papildomas užimtumo garantijas pagal Lietuvos Respublikos valstybės įmonės Ignalinos atominės elektrinės darbuotojų papildomų užimtumo ir socialinių garantijų įstatymą'
2025-02-17 10:33:02 [main] DEBUG l.i.u.p.SubmittedApplicationsPage - Checking option: 'Bedarbiai iki 29 metų'
2025-02-17 10:33:02 [main] DEBUG l.i.u.p.SubmittedApplicationsPage - Checking option: 'Bedarbiai iki 29 metų'
2025-02-17 10:33:02 [main] DEBUG l.i.u.p.SubmittedApplicationsPage - Checking option: 'Bedarbiai, kurie yra darbingo amžiaus neįgalieji, kuriems nustatytas 30–40 procentų darbingumo lygis arba vidutinis neįgalumo lygis'
2025-02-17 10:33:02 [main] DEBUG l.i.u.p.SubmittedApplicationsPage - Checking option: 'Bedarbiai, kurie yra darbingo amžiaus neįgalieji, kuriems nustatytas 30–40 procentų darbingumo lygis arba vidutinis neįgalumo lygis'
2025-02-17 10:33:02 [main] DEBUG l.i.u.p.SubmittedApplicationsPage - Checking option: 'Bedarbiai, kurie yra darbingo amžiaus neįgalieji, kuriems nustatytas 45–55 procentų darbingumo lygis arba lengvas neįgalumo lygis'
2025-02-17 10:33:02 [main] DEBUG l.i.u.p.SubmittedApplicationsPage - Checking option: 'Bedarbiai, kurie yra darbingo amžiaus neįgalieji, kuriems nustatytas 45–55 procentų darbingumo lygis arba lengvas neįgalumo lygis'
2025-02-17 10:33:02 [main] DEBUG l.i.u.p.SubmittedApplicationsPage - Checking option: 'Bedarbiai, kurie yra darbingo amžiaus neįgalieji, kuriems nustatytas iki 25 procentų darbingumo lygis arba sunkus neįgalumo lygis'
2025-02-17 10:33:02 [main] INFO  l.i.u.p.SubmittedApplicationsPage - Successfully selected the value: 'Bedarbiai, kurie yra darbingo amžiaus neįgalieji, kuriems nustatytas iki 25 procentų darbingumo lygis arba sunkus neįgalumo lygis'
2025-02-17 10:33:02 [main] INFO  l.i.u.p.SubmittedApplicationsPage - Attempting to close the dropdown.
2025-02-17 10:33:13 [main] INFO  l.i.u.p.SubmittedApplicationsPage - Dropdown should be closed now.
2025-02-17 10:33:13 [main] DEBUG l.i.u.t.SubmittedApplicationsPageTest - Selected disabilities type: 'Bedarbiai, kurie yra darbingo amžiaus neįgalieji, kuriems nustatytas iki 25 procentų darbingumo lygis arba sunkus neįgalumo lygis'.
2025-02-17 10:33:13 [main] DEBUG l.i.u.t.SubmittedApplicationsPageTest - Entered disability information: 'Negalia 1'.
2025-02-17 10:33:13 [main] INFO  l.i.u.p.SubmittedApplicationsPage - Located the dropdown button.
2025-02-17 10:33:13 [main] INFO  l.i.u.p.SubmittedApplicationsPage - Successfully selected the value: 'Kita'
2025-02-17 10:33:23 [main] ERROR l.i.u.p.SubmittedApplicationsPage - Timeout while waiting for dropdown to close with aria-expanded = 'false'.
2025-02-17 10:33:23 [main] DEBUG l.i.u.t.SubmittedApplicationsPageTest - Selected time mode: 'Kita'.
2025-02-17 10:33:24 [main] DEBUG l.i.u.t.SubmittedApplicationsPageTest - Selected time mode other: '6 val. per dieną ir 4 d. per savaitę'.
2025-02-17 10:33:24 [main] DEBUG l.i.u.t.SubmittedApplicationsPageTest - Entered qualification: 'Kvalifikacija 1'.
2025-02-17 10:33:24 [main] DEBUG l.i.u.t.SubmittedApplicationsPageTest - Entered job date.
2025-02-17 10:33:24 [main] DEBUG l.i.u.t.SubmittedApplicationsPageTest - Entered salary amount: '1200'.
2025-02-17 10:33:24 [main] DEBUG l.i.u.t.SubmittedApplicationsPageTest - Selected 'Temporary Job' radio button.
2025-02-17 10:33:24 [main] DEBUG l.i.u.t.SubmittedApplicationsPageTest - Selected 'Season Job' radio button.
2025-02-17 10:33:25 [main] DEBUG l.i.u.t.SubmittedApplicationsPageTest - Selected 'Energy' radio button.
2025-02-17 10:33:25 [main] DEBUG l.i.u.t.SubmittedApplicationsPageTest - Selected 'Repair' radio button.
2025-02-17 10:33:25 [main] DEBUG l.i.u.t.SubmittedApplicationsPageTest - Entered job description: 'Veikla 1'.
2025-02-17 10:33:25 [main] DEBUG l.i.u.t.SubmittedApplicationsPageTest - Entered process description: 'Procesas 1'.
2025-02-17 10:33:25 [main] DEBUG l.i.u.t.SubmittedApplicationsPageTest - Entered energy information: 'Energija 1'.
2025-02-17 10:33:25 [main] DEBUG l.i.u.t.SubmittedApplicationsPageTest - Entered repair information: 'Remontas 1'.
2025-02-17 10:33:26 [main] DEBUG l.i.u.t.SubmittedApplicationsPageTest - Selected 'PVM' radio button.
2025-02-17 10:33:26 [main] INFO  l.i.u.p.SubmittedApplicationsPage - Located the dropdown button.
2025-02-17 10:33:26 [main] INFO  l.i.u.p.SubmittedApplicationsPage - Successfully selected the value: 'Įsigyti'
2025-02-17 10:33:47 [main] ERROR l.i.u.p.SubmittedApplicationsPage - Timeout while waiting for dropdown to close with aria-expanded = 'false'.
2025-02-17 10:33:47 [main] DEBUG l.i.u.t.SubmittedApplicationsPageTest - Selected necessary for job: 'Įsigyti'.
2025-02-17 10:33:47 [main] DEBUG l.i.u.t.SubmittedApplicationsPageTest - Selected tool: 'Darbo priemonė 1'.
2025-02-17 10:33:47 [main] DEBUG l.i.u.t.SubmittedApplicationsPageTest - Selected tool parameter one: 'Darbo priemonės 1 parametras 1'.
2025-02-17 10:33:47 [main] DEBUG l.i.u.t.SubmittedApplicationsPageTest - Selected tool parameter two: 'Darbo priemonės 1 parametras 2'.
2025-02-17 10:33:47 [main] DEBUG l.i.u.t.SubmittedApplicationsPageTest - Selected tool parameter three: 'Darbo priemonės 1 parametras 3'.
2025-02-17 10:33:48 [main] DEBUG l.i.u.t.SubmittedApplicationsPageTest - Entered tool count: '1'.
2025-02-17 10:33:48 [main] DEBUG l.i.u.t.SubmittedApplicationsPageTest - Entered price amount 1: '1000'.
2025-02-17 10:33:48 [main] DEBUG l.i.u.t.SubmittedApplicationsPageTest - Entered own funds amount 1: '800'.
2025-02-17 10:33:48 [main] DEBUG l.i.u.t.SubmittedApplicationsPageTest - Clicked 'Add' button.
2025-02-17 10:33:48 [main] INFO  l.i.u.p.SubmittedApplicationsPage - Located the dropdown button.
2025-02-17 10:33:48 [main] INFO  l.i.u.p.SubmittedApplicationsPage - Successfully selected the value: 'Remontuoti'
2025-02-17 10:34:09 [main] ERROR l.i.u.p.SubmittedApplicationsPage - Timeout while waiting for dropdown to close with aria-expanded = 'false'.
2025-02-17 10:34:09 [main] DEBUG l.i.u.t.SubmittedApplicationsPageTest - Selected necessary for job 'to repair': 'Remontuoti'.
2025-02-17 10:34:09 [main] DEBUG l.i.u.t.SubmittedApplicationsPageTest - Selected repair name: 'Remonto pavadinimas 1'.
2025-02-17 10:34:09 [main] DEBUG l.i.u.t.SubmittedApplicationsPageTest - Entered repair information: 'Remonto aprašymas 1'.
2025-02-17 10:34:09 [main] DEBUG l.i.u.t.SubmittedApplicationsPageTest - Entered price amount 2: '1000'.
2025-02-17 10:34:09 [main] DEBUG l.i.u.t.SubmittedApplicationsPageTest - Entered own funds amount 2: '900'.
2025-02-17 10:34:10 [main] DEBUG l.i.u.t.SubmittedApplicationsPageTest - Entered country percentage: '50'.
2025-02-17 10:34:10 [main] DEBUG l.i.u.t.SubmittedApplicationsPageTest - Entered institution percentage: '50'.
2025-02-17 10:34:10 [main] DEBUG l.i.u.t.SubmittedApplicationsPageTest - Entered municipality percentage: '50'.
2025-02-17 10:34:10 [main] DEBUG l.i.u.t.SubmittedApplicationsPageTest - Selected 'De Minimis' radio button.
2025-02-17 10:34:10 [main] DEBUG l.i.u.t.SubmittedApplicationsPageTest - Entered program name: 'Programa 1'.
2025-02-17 10:34:10 [main] DEBUG l.i.u.t.SubmittedApplicationsPageTest - Entered project date from.
2025-02-17 10:34:11 [main] DEBUG l.i.u.t.SubmittedApplicationsPageTest - Entered project date until.
2025-02-17 10:34:11 [main] DEBUG l.i.u.t.SubmittedApplicationsPageTest - Entered support amount: '2000'.
2025-02-17 10:34:11 [main] DEBUG l.i.u.t.SubmittedApplicationsPageTest - Clicked 'Next' button.
2025-02-17 10:34:21 [main] DEBUG l.i.u.t.SubmittedApplicationsPageTest - Checked 'Legal Entities' checkbox 1.
2025-02-17 10:34:31 [main] DEBUG l.i.u.t.SubmittedApplicationsPageTest - Checked 'Legal Entities' checkbox 2.
2025-02-17 10:34:41 [main] DEBUG l.i.u.t.SubmittedApplicationsPageTest - Checked 'Legal Entities' checkbox 3.
2025-02-17 10:34:41 [main] DEBUG l.i.u.t.SubmittedApplicationsPageTest - Test finished: All 'Legal Entities' checkboxes checked successfully.
2025-02-17 10:34:41 [main] DEBUG l.i.u.t.SubmittedApplicationsPageTest - Clicked 'Next' button after checkboxes.
2025-02-17 10:34:52 [main] ERROR l.i.u.p.SubmittedApplicationsPage - Error selecting radio button: Expected condition failed: waiting for element to be clickable: By.xpath: (//input[@type='radio' and @value='false'])[8] (tried for 10 second(s) with 500 milliseconds interval)
Build info: version: '4.27.0', revision: 'd6e718d134'
System info: os.name: 'Windows 11', os.arch: 'amd64', os.version: '10.0', java.version: '21.0.3'
Driver info: org.openqa.selenium.chrome.ChromeDriver
Capabilities {acceptInsecureCerts: false, browserName: chrome, browserVersion: 132.0.6834.197, chrome: {chromedriverVersion: 132.0.6834.159 (2d77d3fc445..., userDataDir: C:\Users\INGRID~1.ZAD\AppDa...}, fedcm:accounts: true, goog:chromeOptions: {debuggerAddress: localhost:52170}, networkConnectionEnabled: false, pageLoadStrategy: normal, platformName: windows, proxy: Proxy(), se:cdp: ws://localhost:52170/devtoo..., se:cdpVersion: 132.0.6834.197, setWindowRect: true, strictFileInteractability: false, timeouts: {implicit: 0, pageLoad: 300000, script: 30000}, unhandledPromptBehavior: dismiss and notify, webauthn:extension:credBlob: true, webauthn:extension:largeBlob: true, webauthn:extension:minPinLength: true, webauthn:extension:prf: true, webauthn:virtualAuthenticators: true}
Session ID: 2c7eaea353531b57f3424ddf9656c659
2025-02-17 10:34:52 [main] INFO  l.i.u.t.SubmittedApplicationsPageTest - Marking 'Ne' radio button 1
2025-02-17 10:35:02 [main] ERROR l.i.u.p.SubmittedApplicationsPage - Error selecting radio button: Expected condition failed: waiting for element to be clickable: By.xpath: (//input[@type='radio' and @value='false'])[9] (tried for 10 second(s) with 500 milliseconds interval)
Build info: version: '4.27.0', revision: 'd6e718d134'
System info: os.name: 'Windows 11', os.arch: 'amd64', os.version: '10.0', java.version: '21.0.3'
Driver info: org.openqa.selenium.chrome.ChromeDriver
Capabilities {acceptInsecureCerts: false, browserName: chrome, browserVersion: 132.0.6834.197, chrome: {chromedriverVersion: 132.0.6834.159 (2d77d3fc445..., userDataDir: C:\Users\INGRID~1.ZAD\AppDa...}, fedcm:accounts: true, goog:chromeOptions: {debuggerAddress: localhost:52170}, networkConnectionEnabled: false, pageLoadStrategy: normal, platformName: windows, proxy: Proxy(), se:cdp: ws://localhost:52170/devtoo..., se:cdpVersion: 132.0.6834.197, setWindowRect: true, strictFileInteractability: false, timeouts: {implicit: 0, pageLoad: 300000, script: 30000}, unhandledPromptBehavior: dismiss and notify, webauthn:extension:credBlob: true, webauthn:extension:largeBlob: true, webauthn:extension:minPinLength: true, webauthn:extension:prf: true, webauthn:virtualAuthenticators: true}
Session ID: 2c7eaea353531b57f3424ddf9656c659
2025-02-17 10:35:02 [main] INFO  l.i.u.t.SubmittedApplicationsPageTest - Marking 'Ne' radio button 2
2025-02-17 10:35:12 [main] ERROR l.i.u.p.SubmittedApplicationsPage - Error selecting radio button: Expected condition failed: waiting for element to be clickable: By.xpath: (//input[@type='radio' and @value='false'])[10] (tried for 10 second(s) with 500 milliseconds interval)
Build info: version: '4.27.0', revision: 'd6e718d134'
System info: os.name: 'Windows 11', os.arch: 'amd64', os.version: '10.0', java.version: '21.0.3'
Driver info: org.openqa.selenium.chrome.ChromeDriver
Capabilities {acceptInsecureCerts: false, browserName: chrome, browserVersion: 132.0.6834.197, chrome: {chromedriverVersion: 132.0.6834.159 (2d77d3fc445..., userDataDir: C:\Users\INGRID~1.ZAD\AppDa...}, fedcm:accounts: true, goog:chromeOptions: {debuggerAddress: localhost:52170}, networkConnectionEnabled: false, pageLoadStrategy: normal, platformName: windows, proxy: Proxy(), se:cdp: ws://localhost:52170/devtoo..., se:cdpVersion: 132.0.6834.197, setWindowRect: true, strictFileInteractability: false, timeouts: {implicit: 0, pageLoad: 300000, script: 30000}, unhandledPromptBehavior: dismiss and notify, webauthn:extension:credBlob: true, webauthn:extension:largeBlob: true, webauthn:extension:minPinLength: true, webauthn:extension:prf: true, webauthn:virtualAuthenticators: true}
Session ID: 2c7eaea353531b57f3424ddf9656c659
2025-02-17 10:35:12 [main] INFO  l.i.u.t.SubmittedApplicationsPageTest - Marking 'Ne' radio button 3
2025-02-17 10:35:22 [main] ERROR l.i.u.p.SubmittedApplicationsPage - Error selecting radio button: Expected condition failed: waiting for element to be clickable: By.xpath: (//input[@type='radio' and @value='false'])[11] (tried for 10 second(s) with 500 milliseconds interval)
Build info: version: '4.27.0', revision: 'd6e718d134'
System info: os.name: 'Windows 11', os.arch: 'amd64', os.version: '10.0', java.version: '21.0.3'
Driver info: org.openqa.selenium.chrome.ChromeDriver
Capabilities {acceptInsecureCerts: false, browserName: chrome, browserVersion: 132.0.6834.197, chrome: {chromedriverVersion: 132.0.6834.159 (2d77d3fc445..., userDataDir: C:\Users\INGRID~1.ZAD\AppDa...}, fedcm:accounts: true, goog:chromeOptions: {debuggerAddress: localhost:52170}, networkConnectionEnabled: false, pageLoadStrategy: normal, platformName: windows, proxy: Proxy(), se:cdp: ws://localhost:52170/devtoo..., se:cdpVersion: 132.0.6834.197, setWindowRect: true, strictFileInteractability: false, timeouts: {implicit: 0, pageLoad: 300000, script: 30000}, unhandledPromptBehavior: dismiss and notify, webauthn:extension:credBlob: true, webauthn:extension:largeBlob: true, webauthn:extension:minPinLength: true, webauthn:extension:prf: true, webauthn:virtualAuthenticators: true}
Session ID: 2c7eaea353531b57f3424ddf9656c659
2025-02-17 10:35:22 [main] INFO  l.i.u.t.SubmittedApplicationsPageTest - Marking 'Ne' radio button 4
2025-02-17 10:35:32 [main] ERROR l.i.u.p.SubmittedApplicationsPage - Error selecting radio button: Expected condition failed: waiting for element to be clickable: By.xpath: (//input[@type='radio' and @value='false'])[12] (tried for 10 second(s) with 500 milliseconds interval)
Build info: version: '4.27.0', revision: 'd6e718d134'
System info: os.name: 'Windows 11', os.arch: 'amd64', os.version: '10.0', java.version: '21.0.3'
Driver info: org.openqa.selenium.chrome.ChromeDriver
Capabilities {acceptInsecureCerts: false, browserName: chrome, browserVersion: 132.0.6834.197, chrome: {chromedriverVersion: 132.0.6834.159 (2d77d3fc445..., userDataDir: C:\Users\INGRID~1.ZAD\AppDa...}, fedcm:accounts: true, goog:chromeOptions: {debuggerAddress: localhost:52170}, networkConnectionEnabled: false, pageLoadStrategy: normal, platformName: windows, proxy: Proxy(), se:cdp: ws://localhost:52170/devtoo..., se:cdpVersion: 132.0.6834.197, setWindowRect: true, strictFileInteractability: false, timeouts: {implicit: 0, pageLoad: 300000, script: 30000}, unhandledPromptBehavior: dismiss and notify, webauthn:extension:credBlob: true, webauthn:extension:largeBlob: true, webauthn:extension:minPinLength: true, webauthn:extension:prf: true, webauthn:virtualAuthenticators: true}
Session ID: 2c7eaea353531b57f3424ddf9656c659
2025-02-17 10:35:32 [main] INFO  l.i.u.t.SubmittedApplicationsPageTest - Marking 'Ne' radio button 5
2025-02-17 10:35:42 [main] ERROR l.i.u.p.SubmittedApplicationsPage - Error selecting radio button: Expected condition failed: waiting for element to be clickable: By.xpath: (//input[@type='radio' and @value='false'])[13] (tried for 10 second(s) with 500 milliseconds interval)
Build info: version: '4.27.0', revision: 'd6e718d134'
System info: os.name: 'Windows 11', os.arch: 'amd64', os.version: '10.0', java.version: '21.0.3'
Driver info: org.openqa.selenium.chrome.ChromeDriver
Capabilities {acceptInsecureCerts: false, browserName: chrome, browserVersion: 132.0.6834.197, chrome: {chromedriverVersion: 132.0.6834.159 (2d77d3fc445..., userDataDir: C:\Users\INGRID~1.ZAD\AppDa...}, fedcm:accounts: true, goog:chromeOptions: {debuggerAddress: localhost:52170}, networkConnectionEnabled: false, pageLoadStrategy: normal, platformName: windows, proxy: Proxy(), se:cdp: ws://localhost:52170/devtoo..., se:cdpVersion: 132.0.6834.197, setWindowRect: true, strictFileInteractability: false, timeouts: {implicit: 0, pageLoad: 300000, script: 30000}, unhandledPromptBehavior: dismiss and notify, webauthn:extension:credBlob: true, webauthn:extension:largeBlob: true, webauthn:extension:minPinLength: true, webauthn:extension:prf: true, webauthn:virtualAuthenticators: true}
Session ID: 2c7eaea353531b57f3424ddf9656c659
2025-02-17 10:35:42 [main] INFO  l.i.u.t.SubmittedApplicationsPageTest - Marking 'Ne' radio button 6
2025-02-17 10:35:52 [main] ERROR l.i.u.p.SubmittedApplicationsPage - Error selecting radio button: Expected condition failed: waiting for element to be clickable: By.xpath: (//input[@type='radio' and @value='true'])[14] (tried for 10 second(s) with 500 milliseconds interval)
Build info: version: '4.27.0', revision: 'd6e718d134'
System info: os.name: 'Windows 11', os.arch: 'amd64', os.version: '10.0', java.version: '21.0.3'
Driver info: org.openqa.selenium.chrome.ChromeDriver
Capabilities {acceptInsecureCerts: false, browserName: chrome, browserVersion: 132.0.6834.197, chrome: {chromedriverVersion: 132.0.6834.159 (2d77d3fc445..., userDataDir: C:\Users\INGRID~1.ZAD\AppDa...}, fedcm:accounts: true, goog:chromeOptions: {debuggerAddress: localhost:52170}, networkConnectionEnabled: false, pageLoadStrategy: normal, platformName: windows, proxy: Proxy(), se:cdp: ws://localhost:52170/devtoo..., se:cdpVersion: 132.0.6834.197, setWindowRect: true, strictFileInteractability: false, timeouts: {implicit: 0, pageLoad: 300000, script: 30000}, unhandledPromptBehavior: dismiss and notify, webauthn:extension:credBlob: true, webauthn:extension:largeBlob: true, webauthn:extension:minPinLength: true, webauthn:extension:prf: true, webauthn:virtualAuthenticators: true}
Session ID: 2c7eaea353531b57f3424ddf9656c659
2025-02-17 10:35:52 [main] INFO  l.i.u.t.SubmittedApplicationsPageTest - Marking 'Taip' radio button 7
2025-02-17 10:36:02 [main] ERROR l.i.u.p.SubmittedApplicationsPage - Error selecting radio button: Expected condition failed: waiting for element to be clickable: By.xpath: (//input[@type='radio' and @value='true'])[15] (tried for 10 second(s) with 500 milliseconds interval)
Build info: version: '4.27.0', revision: 'd6e718d134'
System info: os.name: 'Windows 11', os.arch: 'amd64', os.version: '10.0', java.version: '21.0.3'
Driver info: org.openqa.selenium.chrome.ChromeDriver
Capabilities {acceptInsecureCerts: false, browserName: chrome, browserVersion: 132.0.6834.197, chrome: {chromedriverVersion: 132.0.6834.159 (2d77d3fc445..., userDataDir: C:\Users\INGRID~1.ZAD\AppDa...}, fedcm:accounts: true, goog:chromeOptions: {debuggerAddress: localhost:52170}, networkConnectionEnabled: false, pageLoadStrategy: normal, platformName: windows, proxy: Proxy(), se:cdp: ws://localhost:52170/devtoo..., se:cdpVersion: 132.0.6834.197, setWindowRect: true, strictFileInteractability: false, timeouts: {implicit: 0, pageLoad: 300000, script: 30000}, unhandledPromptBehavior: dismiss and notify, webauthn:extension:credBlob: true, webauthn:extension:largeBlob: true, webauthn:extension:minPinLength: true, webauthn:extension:prf: true, webauthn:virtualAuthenticators: true}
Session ID: 2c7eaea353531b57f3424ddf9656c659
2025-02-17 10:36:02 [main] INFO  l.i.u.t.SubmittedApplicationsPageTest - Marking 'Taip' radio button 8
2025-02-17 10:36:12 [main] ERROR l.i.u.p.SubmittedApplicationsPage - Error selecting radio button: Expected condition failed: waiting for element to be clickable: By.xpath: (//input[@type='radio' and @value='true'])[16] (tried for 10 second(s) with 500 milliseconds interval)
Build info: version: '4.27.0', revision: 'd6e718d134'
System info: os.name: 'Windows 11', os.arch: 'amd64', os.version: '10.0', java.version: '21.0.3'
Driver info: org.openqa.selenium.chrome.ChromeDriver
Capabilities {acceptInsecureCerts: false, browserName: chrome, browserVersion: 132.0.6834.197, chrome: {chromedriverVersion: 132.0.6834.159 (2d77d3fc445..., userDataDir: C:\Users\INGRID~1.ZAD\AppDa...}, fedcm:accounts: true, goog:chromeOptions: {debuggerAddress: localhost:52170}, networkConnectionEnabled: false, pageLoadStrategy: normal, platformName: windows, proxy: Proxy(), se:cdp: ws://localhost:52170/devtoo..., se:cdpVersion: 132.0.6834.197, setWindowRect: true, strictFileInteractability: false, timeouts: {implicit: 0, pageLoad: 300000, script: 30000}, unhandledPromptBehavior: dismiss and notify, webauthn:extension:credBlob: true, webauthn:extension:largeBlob: true, webauthn:extension:minPinLength: true, webauthn:extension:prf: true, webauthn:virtualAuthenticators: true}
Session ID: 2c7eaea353531b57f3424ddf9656c659
2025-02-17 10:36:12 [main] INFO  l.i.u.t.SubmittedApplicationsPageTest - Marking 'Taip' radio button 9
2025-02-17 10:36:22 [main] ERROR l.i.u.p.SubmittedApplicationsPage - Error selecting radio button: Expected condition failed: waiting for element to be clickable: By.xpath: (//input[@type='radio' and @value='true'])[17] (tried for 10 second(s) with 500 milliseconds interval)
Build info: version: '4.27.0', revision: 'd6e718d134'
System info: os.name: 'Windows 11', os.arch: 'amd64', os.version: '10.0', java.version: '21.0.3'
Driver info: org.openqa.selenium.chrome.ChromeDriver
Capabilities {acceptInsecureCerts: false, browserName: chrome, browserVersion: 132.0.6834.197, chrome: {chromedriverVersion: 132.0.6834.159 (2d77d3fc445..., userDataDir: C:\Users\INGRID~1.ZAD\AppDa...}, fedcm:accounts: true, goog:chromeOptions: {debuggerAddress: localhost:52170}, networkConnectionEnabled: false, pageLoadStrategy: normal, platformName: windows, proxy: Proxy(), se:cdp: ws://localhost:52170/devtoo..., se:cdpVersion: 132.0.6834.197, setWindowRect: true, strictFileInteractability: false, timeouts: {implicit: 0, pageLoad: 300000, script: 30000}, unhandledPromptBehavior: dismiss and notify, webauthn:extension:credBlob: true, webauthn:extension:largeBlob: true, webauthn:extension:minPinLength: true, webauthn:extension:prf: true, webauthn:virtualAuthenticators: true}
Session ID: 2c7eaea353531b57f3424ddf9656c659
2025-02-17 10:36:22 [main] INFO  l.i.u.t.SubmittedApplicationsPageTest - Marking 'Taip' radio button 10
2025-02-17 10:36:32 [main] ERROR l.i.u.p.SubmittedApplicationsPage - Error selecting radio button: Expected condition failed: waiting for element to be clickable: By.xpath: (//input[@type='radio' and @value='true'])[18] (tried for 10 second(s) with 500 milliseconds interval)
Build info: version: '4.27.0', revision: 'd6e718d134'
System info: os.name: 'Windows 11', os.arch: 'amd64', os.version: '10.0', java.version: '21.0.3'
Driver info: org.openqa.selenium.chrome.ChromeDriver
Capabilities {acceptInsecureCerts: false, browserName: chrome, browserVersion: 132.0.6834.197, chrome: {chromedriverVersion: 132.0.6834.159 (2d77d3fc445..., userDataDir: C:\Users\INGRID~1.ZAD\AppDa...}, fedcm:accounts: true, goog:chromeOptions: {debuggerAddress: localhost:52170}, networkConnectionEnabled: false, pageLoadStrategy: normal, platformName: windows, proxy: Proxy(), se:cdp: ws://localhost:52170/devtoo..., se:cdpVersion: 132.0.6834.197, setWindowRect: true, strictFileInteractability: false, timeouts: {implicit: 0, pageLoad: 300000, script: 30000}, unhandledPromptBehavior: dismiss and notify, webauthn:extension:credBlob: true, webauthn:extension:largeBlob: true, webauthn:extension:minPinLength: true, webauthn:extension:prf: true, webauthn:virtualAuthenticators: true}
Session ID: 2c7eaea353531b57f3424ddf9656c659
2025-02-17 10:36:32 [main] INFO  l.i.u.t.SubmittedApplicationsPageTest - Marking 'Taip' radio button 11
2025-02-17 10:36:42 [main] ERROR l.i.u.p.SubmittedApplicationsPage - Error selecting radio button: Expected condition failed: waiting for element to be clickable: By.xpath: (//input[@type='radio' and @value='true'])[19] (tried for 10 second(s) with 500 milliseconds interval)
Build info: version: '4.27.0', revision: 'd6e718d134'
System info: os.name: 'Windows 11', os.arch: 'amd64', os.version: '10.0', java.version: '21.0.3'
Driver info: org.openqa.selenium.chrome.ChromeDriver
Capabilities {acceptInsecureCerts: false, browserName: chrome, browserVersion: 132.0.6834.197, chrome: {chromedriverVersion: 132.0.6834.159 (2d77d3fc445..., userDataDir: C:\Users\INGRID~1.ZAD\AppDa...}, fedcm:accounts: true, goog:chromeOptions: {debuggerAddress: localhost:52170}, networkConnectionEnabled: false, pageLoadStrategy: normal, platformName: windows, proxy: Proxy(), se:cdp: ws://localhost:52170/devtoo..., se:cdpVersion: 132.0.6834.197, setWindowRect: true, strictFileInteractability: false, timeouts: {implicit: 0, pageLoad: 300000, script: 30000}, unhandledPromptBehavior: dismiss and notify, webauthn:extension:credBlob: true, webauthn:extension:largeBlob: true, webauthn:extension:minPinLength: true, webauthn:extension:prf: true, webauthn:virtualAuthenticators: true}
Session ID: 2c7eaea353531b57f3424ddf9656c659
2025-02-17 10:36:42 [main] INFO  l.i.u.t.SubmittedApplicationsPageTest - Marking 'Taip' radio button 12
2025-02-17 10:36:52 [main] DEBUG l.i.u.t.SubmittedApplicationsPageTest - Checked 'ConfirmationStepFour'
2025-02-17 10:36:53 [main] DEBUG l.i.u.t.SubmittedApplicationsPageTest - Clicked 'Next' button after checkboxes.
2025-02-17 10:36:53 [main] INFO  l.i.u.p.SubmittedApplicationsPage - File uploaded successfully to an input element.
2025-02-17 10:36:53 [main] INFO  l.i.u.p.SubmittedApplicationsPage - File uploaded successfully to an input element.
2025-02-17 10:36:53 [main] INFO  l.i.u.p.SubmittedApplicationsPage - File uploaded successfully to an input element.
2025-02-17 10:36:53 [main] INFO  l.i.u.p.SubmittedApplicationsPage - File uploaded successfully to an input element.
2025-02-17 10:36:53 [main] INFO  l.i.u.p.SubmittedApplicationsPage - File uploaded successfully to an input element.
2025-02-17 10:36:53 [main] INFO  l.i.u.p.SubmittedApplicationsPage - File uploaded successfully to an input element.
2025-02-17 10:36:53 [main] INFO  l.i.u.p.SubmittedApplicationsPage - File uploaded successfully to an input element.
2025-02-17 10:36:53 [main] INFO  l.i.u.p.SubmittedApplicationsPage - File uploaded successfully to an input element.
2025-02-17 10:36:53 [main] INFO  l.i.u.p.SubmittedApplicationsPage - File uploaded successfully to an input element.
2025-02-17 10:36:53 [main] INFO  l.i.u.p.SubmittedApplicationsPage - File uploaded successfully to an input element.
2025-02-17 10:36:53 [main] DEBUG l.i.u.t.SubmittedApplicationsPageTest - Entered program name: 'Dokumentas 1'.
2025-02-17 10:36:53 [main] DEBUG l.i.u.t.SubmittedApplicationsPageTest - Entered program name: 'Dokumentas 2'.
2025-02-17 10:36:53 [main] DEBUG l.i.u.t.SubmittedApplicationsPageTest - Entered program name: 'Dokumentas 3'.
2025-02-17 10:36:54 [main] DEBUG l.i.u.t.SubmittedApplicationsPageTest - Entered program name: 'Dokumentas 4'.
2025-02-17 10:36:54 [main] DEBUG l.i.u.t.SubmittedApplicationsPageTest - Entered program name: 'Dokumentas 5'.
2025-02-17 10:36:54 [main] DEBUG l.i.u.t.SubmittedApplicationsPageTest - Entered program name: 'Dokumentas 6'.
2025-02-17 10:36:54 [main] DEBUG l.i.u.t.SubmittedApplicationsPageTest - Entered program name: 'Dokumentas 4'.
2025-02-17 10:36:54 [main] DEBUG l.i.u.t.SubmittedApplicationsPageTest - Entered program name: 'Dokumentas 8'.
2025-02-17 10:36:54 [main] DEBUG l.i.u.t.SubmittedApplicationsPageTest - Entered program name: 'Dokumentas 9'.
2025-02-17 10:36:54 [main] DEBUG l.i.u.t.SubmittedApplicationsPageTest - Entered program name: 'Dokumentas 10'.
2025-02-17 10:37:05 [main] DEBUG l.i.u.t.SubmittedApplicationsPageTest - Checked 'ConfirmationDocument'
2025-02-17 10:37:15 [main] DEBUG l.i.u.t.SubmittedApplicationsPageTest - Checked 'ConfirmationApplication'
2025-02-17 10:37:15 [main] DEBUG l.i.u.t.SubmittedApplicationsPageTest - Clicked 'SaveDraft' button after checkboxes.
2025-02-17 10:37:15 [main] DEBUG l.insoft.uztis.pages.InvitationsPage - Verified success message: 'Ruošinys sėkmingai išsaugotas.'
2025-02-17 10:37:15 [main] DEBUG l.i.u.t.SubmittedApplicationsPageTest - Clicked 'Review' button after checkboxes.
2025-02-17 10:37:15 [main] DEBUG l.i.u.t.SubmittedApplicationsPageTest - Clicked 'Submit' button after checkboxes.
2025-02-17 10:37:16 [main] DEBUG l.i.u.t.SubmittedApplicationsPageTest - Clicked 'SubmitConfirmation' button after checkboxes.
2025-02-17 10:37:16 [main] ERROR l.insoft.uztis.pages.InvitationsPage - Failed to verify the success message: 'Paraiška sėkmingai pateikta ir užregistruota.'. Available messages: [Ruošinys sėkmingai išsaugotas.]
2025-02-17 10:37:16 [main] INFO  l.i.u.t.SubmittedApplicationsPageTest - Test 'testFillNewVUIApplicationFA' completed successfully.
2025-02-17 10:50:46 [main] INFO  lt.insoft.uztis.tests.UztisPageTest - Navigated to https://uztisdev.asseco.lt/home
2025-02-17 10:50:46 [main] INFO  l.i.u.t.SubmittedApplicationsPageTest - Starting test:'testAddEvaluators'
2025-02-17 10:50:47 [main] DEBUG l.i.u.t.SubmittedApplicationsPageTest - User logged in with test credentials.
2025-02-17 10:50:47 [main] DEBUG l.i.u.t.SubmittedApplicationsPageTest - Opened 'Application Processing' menu.
2025-02-17 10:50:47 [main] DEBUG l.i.u.t.SubmittedApplicationsPageTest - Clicked on 'Application Forms' menu.
2025-02-17 10:50:48 [main] DEBUG l.i.u.t.SubmittedApplicationsPageTest - Retrieved last description code text: 'TST-VUI-00'.
2025-02-17 10:50:48 [main] DEBUG l.i.u.t.SubmittedApplicationsPageTest - Clicked on 'Invitation' menu.
2025-02-17 10:50:48 [main] DEBUG l.i.u.t.SubmittedApplicationsPageTest - Selected application section by code: 'TST-VUI-00'.
2025-02-17 10:50:49 [main] DEBUG l.i.u.t.SubmittedApplicationsPageTest - Clicked 'Search' button.
2025-02-17 10:50:49 [main] DEBUG l.i.u.t.SubmittedApplicationsPageTest - Retrieved invitation code: ''.
2025-02-17 10:50:49 [main] DEBUG l.i.u.t.SubmittedApplicationsPageTest - Clicked on 'Submitted Applications' menu.
2025-02-17 10:50:50 [main] DEBUG l.i.u.t.SubmittedApplicationsPageTest - Selected invitation by code: 'TST-VUI-00'.
2025-02-17 10:50:50 [main] DEBUG l.i.u.t.SubmittedApplicationsPageTest - Invitation code inserted.
2025-02-17 10:50:50 [main] DEBUG l.i.u.t.SubmittedApplicationsPageTest - Clicked on 'Action Application' button.
2025-02-17 10:50:50 [main] DEBUG l.i.u.t.SubmittedApplicationsPageTest - Clicked on 'Add Evaluators' button.
2025-02-17 10:50:50 [main] DEBUG l.i.u.t.SubmittedApplicationsPageTest - Entered first evaluation date.
2025-02-17 10:50:50 [main] DEBUG l.i.u.t.SubmittedApplicationsPageTest - Entered second evaluation date.
2025-02-17 10:50:51 [main] DEBUG l.i.u.t.SubmittedApplicationsPageTest - Entered third evaluation date.
2025-02-17 10:50:51 [main] DEBUG l.i.u.t.SubmittedApplicationsPageTest - Clicked on 'Add Evaluators' confirmation button.
2025-02-17 10:50:51 [main] DEBUG l.insoft.uztis.pages.InvitationsPage - Verified success message: 'Paraiškų vertinimai sėkmingai priskirti vertintojams.'
2025-02-17 10:50:51 [main] INFO  l.i.u.t.SubmittedApplicationsPageTest - Test 'testAddEvaluators' completed successfully.
2025-02-17 10:52:38 [main] INFO  lt.insoft.uztis.tests.UztisPageTest - Navigated to https://uztisdev.asseco.lt/home
2025-02-17 10:52:38 [main] INFO  l.i.uztis.tests.EvaluationsPageTest - Starting test:'testFillEvaluationOne'
2025-02-17 10:52:38 [main] INFO  l.i.uztis.tests.EvaluationsPageTest - Starting test:'testNavigateToEvaluationsPage'
2025-02-17 10:52:38 [main] DEBUG l.i.uztis.tests.EvaluationsPageTest - User logged in with test credentials
2025-02-17 10:52:39 [main] DEBUG l.i.uztis.tests.EvaluationsPageTest - Opened 'Application Processing' menu.
2025-02-17 10:52:39 [main] DEBUG l.i.uztis.tests.EvaluationsPageTest - Clicked on 'Evaluations' menu.
2025-02-17 10:52:39 [main] DEBUG l.i.uztis.tests.EvaluationsPageTest - Navigating to evaluations menu.
2025-02-17 10:52:39 [main] INFO  l.i.uztis.tests.EvaluationsPageTest - Test 'testNavigateToEvaluationsPage' completed successfully.
2025-02-17 10:52:39 [main] DEBUG l.i.uztis.tests.EvaluationsPageTest - Clicked on last evaluation.
2025-02-17 10:52:40 [main] DEBUG l.i.uztis.tests.EvaluationsPageTest - Clicked 'Edit'.
2025-02-17 10:52:43 [main] DEBUG l.i.uztis.tests.EvaluationsPageTest - Selected '1.1' radio button.
2025-02-17 10:52:45 [main] DEBUG l.i.uztis.tests.EvaluationsPageTest - Selected '1.2' radio button.
2025-02-17 10:52:48 [main] DEBUG l.i.uztis.tests.EvaluationsPageTest - Selected '1.3' radio button.
2025-02-17 10:52:50 [main] DEBUG l.i.uztis.tests.EvaluationsPageTest - Selected '1.4' radio button.
2025-02-17 10:52:51 [main] DEBUG l.i.uztis.tests.EvaluationsPageTest - Selected '1.5' radio button.
2025-02-17 10:52:52 [main] DEBUG l.i.uztis.tests.EvaluationsPageTest - Selected '2.1' radio button.
2025-02-17 10:52:53 [main] DEBUG l.i.uztis.tests.EvaluationsPageTest - Selected '3.1' radio button.
2025-02-17 10:52:54 [main] DEBUG l.i.uztis.tests.EvaluationsPageTest - Selected '4.2' radio button.
2025-02-17 10:52:55 [main] DEBUG l.i.uztis.tests.EvaluationsPageTest - Selected '5.1' radio button.
2025-02-17 10:52:56 [main] DEBUG l.i.uztis.tests.EvaluationsPageTest - Selected '5.2' radio button.
2025-02-17 10:52:57 [main] DEBUG l.i.uztis.tests.EvaluationsPageTest - Selected '6.1' radio button.
2025-02-17 10:52:58 [main] DEBUG l.i.uztis.tests.EvaluationsPageTest - Clicked on expansion panel 'Not Critical'.
2025-02-17 10:53:00 [main] DEBUG l.i.uztis.tests.EvaluationsPageTest - Selected '7' radio button.
2025-02-17 10:53:01 [main] DEBUG l.i.uztis.tests.EvaluationsPageTest - Selected '8_1' radio button.
2025-02-17 10:53:01 [main] DEBUG l.i.uztis.tests.EvaluationsPageTest - Selected '8_2' radio button.
2025-02-17 10:53:01 [main] DEBUG l.i.uztis.tests.EvaluationsPageTest - Selected '8_3' radio button.
2025-02-17 10:53:02 [main] DEBUG l.i.uztis.tests.EvaluationsPageTest - Selected '8_4' radio button.
2025-02-17 10:53:02 [main] DEBUG l.i.uztis.tests.EvaluationsPageTest - Selected '8_5' radio button.
2025-02-17 10:53:03 [main] DEBUG l.i.uztis.tests.EvaluationsPageTest - Selected '8_6' radio button.
2025-02-17 10:53:03 [main] DEBUG l.i.uztis.tests.EvaluationsPageTest - Selected '8_7' radio button.
2025-02-17 10:53:03 [main] DEBUG l.i.uztis.tests.EvaluationsPageTest - Selected '8_8' radio button.
2025-02-17 10:53:04 [main] DEBUG l.i.uztis.tests.EvaluationsPageTest - Selected '8_9' radio button.
2025-02-17 10:53:04 [main] DEBUG l.i.uztis.tests.EvaluationsPageTest - Selected '8_10' radio button.
2025-02-17 10:53:04 [main] DEBUG l.i.uztis.tests.EvaluationsPageTest - Selected '9' radio button.
2025-02-17 10:53:05 [main] DEBUG l.i.uztis.tests.EvaluationsPageTest - Selected '10.1' radio button.
2025-02-17 10:53:05 [main] DEBUG l.i.uztis.tests.EvaluationsPageTest - Selected '10.2' radio button.
2025-02-17 10:53:06 [main] DEBUG l.i.uztis.tests.EvaluationsPageTest - Selected '10.3' radio button.
2025-02-17 10:53:16 [main] ERROR l.i.uztis.tests.EvaluationsPageTest - Test 'testFillEvaluationOne' failed with error: no such element: Unable to locate element: {"method":"xpath","selector":"(//div[contains(@class, 'mat-mdc-form-field-infix')]//textarea)[6]"}
  (Session info: chrome=132.0.6834.197)
For documentation on this error, please visit: https://www.selenium.dev/documentation/webdriver/troubleshooting/errors#no-such-element-exception
Build info: version: '4.27.0', revision: 'd6e718d134'
System info: os.name: 'Windows 11', os.arch: 'amd64', os.version: '10.0', java.version: '21.0.3'
Driver info: org.openqa.selenium.chrome.ChromeDriver
Command: [5bd687bb63b1ca0207492e123d4f717e, findElement {value=(//div[contains(@class, 'mat-mdc-form-field-infix')]//textarea)[6], using=xpath}]
Capabilities {acceptInsecureCerts: false, browserName: chrome, browserVersion: 132.0.6834.197, chrome: {chromedriverVersion: 132.0.6834.159 (2d77d3fc445..., userDataDir: C:\Users\INGRID~1.ZAD\AppDa...}, fedcm:accounts: true, goog:chromeOptions: {debuggerAddress: localhost:52875}, networkConnectionEnabled: false, pageLoadStrategy: normal, platformName: windows, proxy: Proxy(), se:cdp: ws://localhost:52875/devtoo..., se:cdpVersion: 132.0.6834.197, setWindowRect: true, strictFileInteractability: false, timeouts: {implicit: 0, pageLoad: 300000, script: 30000}, unhandledPromptBehavior: dismiss and notify, webauthn:extension:credBlob: true, webauthn:extension:largeBlob: true, webauthn:extension:minPinLength: true, webauthn:extension:prf: true, webauthn:virtualAuthenticators: true}
Session ID: 5bd687bb63b1ca0207492e123d4f717e
org.openqa.selenium.NoSuchElementException: no such element: Unable to locate element: {"method":"xpath","selector":"(//div[contains(@class, 'mat-mdc-form-field-infix')]//textarea)[6]"}
  (Session info: chrome=132.0.6834.197)
For documentation on this error, please visit: https://www.selenium.dev/documentation/webdriver/troubleshooting/errors#no-such-element-exception
Build info: version: '4.27.0', revision: 'd6e718d134'
System info: os.name: 'Windows 11', os.arch: 'amd64', os.version: '10.0', java.version: '21.0.3'
Driver info: org.openqa.selenium.chrome.ChromeDriver
Command: [5bd687bb63b1ca0207492e123d4f717e, findElement {value=(//div[contains(@class, 'mat-mdc-form-field-infix')]//textarea)[6], using=xpath}]
Capabilities {acceptInsecureCerts: false, browserName: chrome, browserVersion: 132.0.6834.197, chrome: {chromedriverVersion: 132.0.6834.159 (2d77d3fc445..., userDataDir: C:\Users\INGRID~1.ZAD\AppDa...}, fedcm:accounts: true, goog:chromeOptions: {debuggerAddress: localhost:52875}, networkConnectionEnabled: false, pageLoadStrategy: normal, platformName: windows, proxy: Proxy(), se:cdp: ws://localhost:52875/devtoo..., se:cdpVersion: 132.0.6834.197, setWindowRect: true, strictFileInteractability: false, timeouts: {implicit: 0, pageLoad: 300000, script: 30000}, unhandledPromptBehavior: dismiss and notify, webauthn:extension:credBlob: true, webauthn:extension:largeBlob: true, webauthn:extension:minPinLength: true, webauthn:extension:prf: true, webauthn:virtualAuthenticators: true}
Session ID: 5bd687bb63b1ca0207492e123d4f717e
	at java.base/jdk.internal.reflect.DirectConstructorHandleAccessor.newInstance(DirectConstructorHandleAccessor.java:62)
	at java.base/java.lang.reflect.Constructor.newInstanceWithCaller(Constructor.java:502)
	at java.base/java.lang.reflect.Constructor.newInstance(Constructor.java:486)
	at org.openqa.selenium.remote.ErrorCodec.decode(ErrorCodec.java:167)
	at org.openqa.selenium.remote.codec.w3c.W3CHttpResponseCodec.decode(W3CHttpResponseCodec.java:138)
	at org.openqa.selenium.remote.codec.w3c.W3CHttpResponseCodec.decode(W3CHttpResponseCodec.java:50)
	at org.openqa.selenium.remote.HttpCommandExecutor.execute(HttpCommandExecutor.java:190)
	at org.openqa.selenium.remote.service.DriverCommandExecutor.invokeExecute(DriverCommandExecutor.java:216)
	at org.openqa.selenium.remote.service.DriverCommandExecutor.execute(DriverCommandExecutor.java:174)
	at org.openqa.selenium.remote.RemoteWebDriver.execute(RemoteWebDriver.java:545)
	at org.openqa.selenium.remote.ElementLocation$ElementFinder$2.findElement(ElementLocation.java:165)
	at org.openqa.selenium.remote.ElementLocation.findElement(ElementLocation.java:59)
	at org.openqa.selenium.remote.RemoteWebDriver.findElement(RemoteWebDriver.java:368)
	at org.openqa.selenium.remote.RemoteWebDriver.findElement(RemoteWebDriver.java:362)
	at org.openqa.selenium.support.pagefactory.DefaultElementLocator.findElement(DefaultElementLocator.java:68)
	at org.openqa.selenium.support.pagefactory.internal.LocatingElementHandler.invoke(LocatingElementHandler.java:38)
	at jdk.proxy2/jdk.proxy2.$Proxy14.clear(Unknown Source)
	at lt.insoft.uztis.pages.EvaluationsPage.enterExplanation(EvaluationsPage.java:501)
	at lt.insoft.uztis.tests.EvaluationsPageTest.testFillEvaluationOne(EvaluationsPageTest.java:163)
	at java.base/jdk.internal.reflect.DirectMethodHandleAccessor.invoke(DirectMethodHandleAccessor.java:103)
	at java.base/java.lang.reflect.Method.invoke(Method.java:580)
	at org.junit.platform.commons.util.ReflectionUtils.invokeMethod(ReflectionUtils.java:728)
	at org.junit.jupiter.engine.execution.MethodInvocation.proceed(MethodInvocation.java:60)
	at org.junit.jupiter.engine.execution.InvocationInterceptorChain$ValidatingInvocation.proceed(InvocationInterceptorChain.java:131)
	at org.junit.jupiter.engine.extension.TimeoutExtension.intercept(TimeoutExtension.java:156)
	at org.junit.jupiter.engine.extension.TimeoutExtension.interceptTestableMethod(TimeoutExtension.java:147)
	at org.junit.jupiter.engine.extension.TimeoutExtension.interceptTestMethod(TimeoutExtension.java:86)
	at org.junit.jupiter.engine.execution.InterceptingExecutableInvoker$ReflectiveInterceptorCall.lambda$ofVoidMethod$0(InterceptingExecutableInvoker.java:103)
	at org.junit.jupiter.engine.execution.InterceptingExecutableInvoker.lambda$invoke$0(InterceptingExecutableInvoker.java:93)
	at org.junit.jupiter.engine.execution.InvocationInterceptorChain$InterceptedInvocation.proceed(InvocationInterceptorChain.java:106)
	at org.junit.jupiter.engine.execution.InvocationInterceptorChain.proceed(InvocationInterceptorChain.java:64)
	at org.junit.jupiter.engine.execution.InvocationInterceptorChain.chainAndInvoke(InvocationInterceptorChain.java:45)
	at org.junit.jupiter.engine.execution.InvocationInterceptorChain.invoke(InvocationInterceptorChain.java:37)
	at org.junit.jupiter.engine.execution.InterceptingExecutableInvoker.invoke(InterceptingExecutableInvoker.java:92)
	at org.junit.jupiter.engine.execution.InterceptingExecutableInvoker.invoke(InterceptingExecutableInvoker.java:86)
	at org.junit.jupiter.engine.descriptor.TestMethodTestDescriptor.lambda$invokeTestMethod$7(TestMethodTestDescriptor.java:218)
	at org.junit.platform.engine.support.hierarchical.ThrowableCollector.execute(ThrowableCollector.java:73)
	at org.junit.jupiter.engine.descriptor.TestMethodTestDescriptor.invokeTestMethod(TestMethodTestDescriptor.java:214)
	at org.junit.jupiter.engine.descriptor.TestMethodTestDescriptor.execute(TestMethodTestDescriptor.java:139)
	at org.junit.jupiter.engine.descriptor.TestMethodTestDescriptor.execute(TestMethodTestDescriptor.java:69)
	at org.junit.platform.engine.support.hierarchical.NodeTestTask.lambda$executeRecursively$6(NodeTestTask.java:151)
	at org.junit.platform.engine.support.hierarchical.ThrowableCollector.execute(ThrowableCollector.java:73)
	at org.junit.platform.engine.support.hierarchical.NodeTestTask.lambda$executeRecursively$8(NodeTestTask.java:141)
	at org.junit.platform.engine.support.hierarchical.Node.around(Node.java:137)
	at org.junit.platform.engine.support.hierarchical.NodeTestTask.lambda$executeRecursively$9(NodeTestTask.java:139)
	at org.junit.platform.engine.support.hierarchical.ThrowableCollector.execute(ThrowableCollector.java:73)
	at org.junit.platform.engine.support.hierarchical.NodeTestTask.executeRecursively(NodeTestTask.java:138)
	at org.junit.platform.engine.support.hierarchical.NodeTestTask.execute(NodeTestTask.java:95)
	at java.base/java.util.ArrayList.forEach(ArrayList.java:1596)
	at org.junit.platform.engine.support.hierarchical.SameThreadHierarchicalTestExecutorService.invokeAll(SameThreadHierarchicalTestExecutorService.java:41)
	at org.junit.platform.engine.support.hierarchical.NodeTestTask.lambda$executeRecursively$6(NodeTestTask.java:155)
	at org.junit.platform.engine.support.hierarchical.ThrowableCollector.execute(ThrowableCollector.java:73)
	at org.junit.platform.engine.support.hierarchical.NodeTestTask.lambda$executeRecursively$8(NodeTestTask.java:141)
	at org.junit.platform.engine.support.hierarchical.Node.around(Node.java:137)
	at org.junit.platform.engine.support.hierarchical.NodeTestTask.lambda$executeRecursively$9(NodeTestTask.java:139)
	at org.junit.platform.engine.support.hierarchical.ThrowableCollector.execute(ThrowableCollector.java:73)
	at org.junit.platform.engine.support.hierarchical.NodeTestTask.executeRecursively(NodeTestTask.java:138)
	at org.junit.platform.engine.support.hierarchical.NodeTestTask.execute(NodeTestTask.java:95)
	at java.base/java.util.ArrayList.forEach(ArrayList.java:1596)
	at org.junit.platform.engine.support.hierarchical.SameThreadHierarchicalTestExecutorService.invokeAll(SameThreadHierarchicalTestExecutorService.java:41)
	at org.junit.platform.engine.support.hierarchical.NodeTestTask.lambda$executeRecursively$6(NodeTestTask.java:155)
	at org.junit.platform.engine.support.hierarchical.ThrowableCollector.execute(ThrowableCollector.java:73)
	at org.junit.platform.engine.support.hierarchical.NodeTestTask.lambda$executeRecursively$8(NodeTestTask.java:141)
	at org.junit.platform.engine.support.hierarchical.Node.around(Node.java:137)
	at org.junit.platform.engine.support.hierarchical.NodeTestTask.lambda$executeRecursively$9(NodeTestTask.java:139)
	at org.junit.platform.engine.support.hierarchical.ThrowableCollector.execute(ThrowableCollector.java:73)
	at org.junit.platform.engine.support.hierarchical.NodeTestTask.executeRecursively(NodeTestTask.java:138)
	at org.junit.platform.engine.support.hierarchical.NodeTestTask.execute(NodeTestTask.java:95)
	at org.junit.platform.engine.support.hierarchical.SameThreadHierarchicalTestExecutorService.submit(SameThreadHierarchicalTestExecutorService.java:35)
	at org.junit.platform.engine.support.hierarchical.HierarchicalTestExecutor.execute(HierarchicalTestExecutor.java:57)
	at org.junit.platform.engine.support.hierarchical.HierarchicalTestEngine.execute(HierarchicalTestEngine.java:54)
	at org.junit.platform.launcher.core.EngineExecutionOrchestrator.execute(EngineExecutionOrchestrator.java:198)
	at org.junit.platform.launcher.core.EngineExecutionOrchestrator.execute(EngineExecutionOrchestrator.java:169)
	at org.junit.platform.launcher.core.EngineExecutionOrchestrator.execute(EngineExecutionOrchestrator.java:93)
	at org.junit.platform.launcher.core.EngineExecutionOrchestrator.lambda$execute$0(EngineExecutionOrchestrator.java:58)
	at org.junit.platform.launcher.core.EngineExecutionOrchestrator.withInterceptedStreams(EngineExecutionOrchestrator.java:141)
	at org.junit.platform.launcher.core.EngineExecutionOrchestrator.execute(EngineExecutionOrchestrator.java:57)
	at org.junit.platform.launcher.core.DefaultLauncher.execute(DefaultLauncher.java:103)
	at org.junit.platform.launcher.core.DefaultLauncher.execute(DefaultLauncher.java:85)
	at org.junit.platform.launcher.core.DelegatingLauncher.execute(DelegatingLauncher.java:47)
	at org.junit.platform.launcher.core.SessionPerRequestLauncher.execute(SessionPerRequestLauncher.java:63)
	at com.intellij.junit5.JUnit5IdeaTestRunner.startRunnerWithArgs(JUnit5IdeaTestRunner.java:57)
	at com.intellij.rt.junit.IdeaTestRunner$Repeater$1.execute(IdeaTestRunner.java:38)
	at com.intellij.rt.execution.junit.TestsRepeater.repeat(TestsRepeater.java:11)
	at com.intellij.rt.junit.IdeaTestRunner$Repeater.startRunnerWithArgs(IdeaTestRunner.java:35)
	at com.intellij.rt.junit.JUnitStarter.prepareStreamsAndStart(JUnitStarter.java:232)
	at com.intellij.rt.junit.JUnitStarter.main(JUnitStarter.java:55)
2025-02-17 10:53:16 [main] INFO  l.insoft.uztis.tests.utils.TestUtils - Screenshot moved to C:\Users\ingrida.zadorozniene\Desktop\Asm\UZTIS\UZTIS_tests\test-output\screenshots\20250217\105316297_testFillEvaluationOne().png
2025-02-17 11:12:56 [main] INFO  lt.insoft.uztis.tests.UztisPageTest - Navigated to https://uztisdev.asseco.lt/home
2025-02-17 11:12:56 [main] INFO  l.i.uztis.tests.EvaluationsPageTest - Starting test:'testFillEvaluationOne'
2025-02-17 11:12:56 [main] INFO  l.i.uztis.tests.EvaluationsPageTest - Starting test:'testNavigateToEvaluationsPage'
2025-02-17 11:12:56 [main] DEBUG l.i.uztis.tests.EvaluationsPageTest - User logged in with test credentials
2025-02-17 11:12:57 [main] DEBUG l.i.uztis.tests.EvaluationsPageTest - Opened 'Application Processing' menu.
2025-02-17 11:12:57 [main] DEBUG l.i.uztis.tests.EvaluationsPageTest - Clicked on 'Evaluations' menu.
2025-02-17 11:12:57 [main] DEBUG l.i.uztis.tests.EvaluationsPageTest - Navigating to evaluations menu.
2025-02-17 11:12:57 [main] INFO  l.i.uztis.tests.EvaluationsPageTest - Test 'testNavigateToEvaluationsPage' completed successfully.
2025-02-17 11:12:57 [main] DEBUG l.i.uztis.tests.EvaluationsPageTest - Clicked on last evaluation.
2025-02-17 11:12:58 [main] DEBUG l.i.uztis.tests.EvaluationsPageTest - Clicked 'Edit'.
2025-02-17 11:13:01 [main] DEBUG l.i.uztis.tests.EvaluationsPageTest - Selected '1.1' radio button.
2025-02-17 11:13:04 [main] DEBUG l.i.uztis.tests.EvaluationsPageTest - Selected '1.2' radio button.
2025-02-17 11:13:06 [main] DEBUG l.i.uztis.tests.EvaluationsPageTest - Selected '1.3' radio button.
2025-02-17 11:13:08 [main] DEBUG l.i.uztis.tests.EvaluationsPageTest - Selected '1.4' radio button.
2025-02-17 11:13:09 [main] DEBUG l.i.uztis.tests.EvaluationsPageTest - Selected '1.5' radio button.
2025-02-17 11:13:11 [main] ERROR l.i.uztis.tests.EvaluationsPageTest - Test 'testFillEvaluationOne' failed with error: element click intercepted: Element <input type="radio" class="mdc-radio__native-control" id="mat-radio-42-input" disabled="" name="mat-radio-group-14" value="YES" tabindex="0"> is not clickable at point (721, 957). Other element would receive the click: <mat-form-field class="mat-mdc-form-field ng-tns-c508571215-31 mat-mdc-form-field-type-common-radio-group mat-mdc-form-field-has-icon-prefix mat-mdc-form-field-has-icon-suffix mat-form-field-disabled mat-form-field-appearance-outline mat-primary ng-untouched ng-pristine ng-star-inserted" style="--mat-form-field-notch-max-width: calc(100% - 8px);">...</mat-form-field>
  (Session info: chrome=132.0.6834.197)
Build info: version: '4.27.0', revision: 'd6e718d134'
System info: os.name: 'Windows 11', os.arch: 'amd64', os.version: '10.0', java.version: '21.0.3'
Driver info: org.openqa.selenium.chrome.ChromeDriver
Command: [170226398b0a77a1d17b37b0ce100693, clickElement {id=f.4CAE3D6CC9142221AE3E72F71A871A22.d.A9A7BF1212C7B9B85AECD337C54D4E07.e.113}]
Capabilities {acceptInsecureCerts: false, browserName: chrome, browserVersion: 132.0.6834.197, chrome: {chromedriverVersion: 132.0.6834.159 (2d77d3fc445..., userDataDir: C:\Users\INGRID~1.ZAD\AppDa...}, fedcm:accounts: true, goog:chromeOptions: {debuggerAddress: localhost:53856}, networkConnectionEnabled: false, pageLoadStrategy: normal, platformName: windows, proxy: Proxy(), se:cdp: ws://localhost:53856/devtoo..., se:cdpVersion: 132.0.6834.197, setWindowRect: true, strictFileInteractability: false, timeouts: {implicit: 0, pageLoad: 300000, script: 30000}, unhandledPromptBehavior: dismiss and notify, webauthn:extension:credBlob: true, webauthn:extension:largeBlob: true, webauthn:extension:minPinLength: true, webauthn:extension:prf: true, webauthn:virtualAuthenticators: true}
Element: [[ChromeDriver: chrome on windows (170226398b0a77a1d17b37b0ce100693)] -> xpath: //input[@type='radio' and @name='mat-radio-group-14' and @value='YES']]
Session ID: 170226398b0a77a1d17b37b0ce100693
org.openqa.selenium.ElementClickInterceptedException: element click intercepted: Element <input type="radio" class="mdc-radio__native-control" id="mat-radio-42-input" disabled="" name="mat-radio-group-14" value="YES" tabindex="0"> is not clickable at point (721, 957). Other element would receive the click: <mat-form-field class="mat-mdc-form-field ng-tns-c508571215-31 mat-mdc-form-field-type-common-radio-group mat-mdc-form-field-has-icon-prefix mat-mdc-form-field-has-icon-suffix mat-form-field-disabled mat-form-field-appearance-outline mat-primary ng-untouched ng-pristine ng-star-inserted" style="--mat-form-field-notch-max-width: calc(100% - 8px);">...</mat-form-field>
  (Session info: chrome=132.0.6834.197)
Build info: version: '4.27.0', revision: 'd6e718d134'
System info: os.name: 'Windows 11', os.arch: 'amd64', os.version: '10.0', java.version: '21.0.3'
Driver info: org.openqa.selenium.chrome.ChromeDriver
Command: [170226398b0a77a1d17b37b0ce100693, clickElement {id=f.4CAE3D6CC9142221AE3E72F71A871A22.d.A9A7BF1212C7B9B85AECD337C54D4E07.e.113}]
Capabilities {acceptInsecureCerts: false, browserName: chrome, browserVersion: 132.0.6834.197, chrome: {chromedriverVersion: 132.0.6834.159 (2d77d3fc445..., userDataDir: C:\Users\INGRID~1.ZAD\AppDa...}, fedcm:accounts: true, goog:chromeOptions: {debuggerAddress: localhost:53856}, networkConnectionEnabled: false, pageLoadStrategy: normal, platformName: windows, proxy: Proxy(), se:cdp: ws://localhost:53856/devtoo..., se:cdpVersion: 132.0.6834.197, setWindowRect: true, strictFileInteractability: false, timeouts: {implicit: 0, pageLoad: 300000, script: 30000}, unhandledPromptBehavior: dismiss and notify, webauthn:extension:credBlob: true, webauthn:extension:largeBlob: true, webauthn:extension:minPinLength: true, webauthn:extension:prf: true, webauthn:virtualAuthenticators: true}
Element: [[ChromeDriver: chrome on windows (170226398b0a77a1d17b37b0ce100693)] -> xpath: //input[@type='radio' and @name='mat-radio-group-14' and @value='YES']]
Session ID: 170226398b0a77a1d17b37b0ce100693
	at java.base/jdk.internal.reflect.DirectConstructorHandleAccessor.newInstance(DirectConstructorHandleAccessor.java:62)
	at java.base/java.lang.reflect.Constructor.newInstanceWithCaller(Constructor.java:502)
	at java.base/java.lang.reflect.Constructor.newInstance(Constructor.java:486)
	at org.openqa.selenium.remote.ErrorCodec.decode(ErrorCodec.java:167)
	at org.openqa.selenium.remote.codec.w3c.W3CHttpResponseCodec.decode(W3CHttpResponseCodec.java:138)
	at org.openqa.selenium.remote.codec.w3c.W3CHttpResponseCodec.decode(W3CHttpResponseCodec.java:50)
	at org.openqa.selenium.remote.HttpCommandExecutor.execute(HttpCommandExecutor.java:190)
	at org.openqa.selenium.remote.service.DriverCommandExecutor.invokeExecute(DriverCommandExecutor.java:216)
	at org.openqa.selenium.remote.service.DriverCommandExecutor.execute(DriverCommandExecutor.java:174)
	at org.openqa.selenium.remote.RemoteWebDriver.execute(RemoteWebDriver.java:545)
	at org.openqa.selenium.remote.RemoteWebElement.execute(RemoteWebElement.java:223)
	at org.openqa.selenium.remote.RemoteWebElement.click(RemoteWebElement.java:76)
	at java.base/jdk.internal.reflect.DirectMethodHandleAccessor.invoke(DirectMethodHandleAccessor.java:103)
	at java.base/java.lang.reflect.Method.invoke(Method.java:580)
	at org.openqa.selenium.support.pagefactory.internal.LocatingElementHandler.invoke(LocatingElementHandler.java:51)
	at jdk.proxy2/jdk.proxy2.$Proxy14.click(Unknown Source)
	at lt.insoft.uztis.pages.EvaluationsPage.clickRadioButton2_1(EvaluationsPage.java:304)
	at lt.insoft.uztis.tests.EvaluationsPageTest.testFillEvaluationOne(EvaluationsPageTest.java:94)
	at java.base/jdk.internal.reflect.DirectMethodHandleAccessor.invoke(DirectMethodHandleAccessor.java:103)
	at java.base/java.lang.reflect.Method.invoke(Method.java:580)
	at org.junit.platform.commons.util.ReflectionUtils.invokeMethod(ReflectionUtils.java:728)
	at org.junit.jupiter.engine.execution.MethodInvocation.proceed(MethodInvocation.java:60)
	at org.junit.jupiter.engine.execution.InvocationInterceptorChain$ValidatingInvocation.proceed(InvocationInterceptorChain.java:131)
	at org.junit.jupiter.engine.extension.TimeoutExtension.intercept(TimeoutExtension.java:156)
	at org.junit.jupiter.engine.extension.TimeoutExtension.interceptTestableMethod(TimeoutExtension.java:147)
	at org.junit.jupiter.engine.extension.TimeoutExtension.interceptTestMethod(TimeoutExtension.java:86)
	at org.junit.jupiter.engine.execution.InterceptingExecutableInvoker$ReflectiveInterceptorCall.lambda$ofVoidMethod$0(InterceptingExecutableInvoker.java:103)
	at org.junit.jupiter.engine.execution.InterceptingExecutableInvoker.lambda$invoke$0(InterceptingExecutableInvoker.java:93)
	at org.junit.jupiter.engine.execution.InvocationInterceptorChain$InterceptedInvocation.proceed(InvocationInterceptorChain.java:106)
	at org.junit.jupiter.engine.execution.InvocationInterceptorChain.proceed(InvocationInterceptorChain.java:64)
	at org.junit.jupiter.engine.execution.InvocationInterceptorChain.chainAndInvoke(InvocationInterceptorChain.java:45)
	at org.junit.jupiter.engine.execution.InvocationInterceptorChain.invoke(InvocationInterceptorChain.java:37)
	at org.junit.jupiter.engine.execution.InterceptingExecutableInvoker.invoke(InterceptingExecutableInvoker.java:92)
	at org.junit.jupiter.engine.execution.InterceptingExecutableInvoker.invoke(InterceptingExecutableInvoker.java:86)
	at org.junit.jupiter.engine.descriptor.TestMethodTestDescriptor.lambda$invokeTestMethod$7(TestMethodTestDescriptor.java:218)
	at org.junit.platform.engine.support.hierarchical.ThrowableCollector.execute(ThrowableCollector.java:73)
	at org.junit.jupiter.engine.descriptor.TestMethodTestDescriptor.invokeTestMethod(TestMethodTestDescriptor.java:214)
	at org.junit.jupiter.engine.descriptor.TestMethodTestDescriptor.execute(TestMethodTestDescriptor.java:139)
	at org.junit.jupiter.engine.descriptor.TestMethodTestDescriptor.execute(TestMethodTestDescriptor.java:69)
	at org.junit.platform.engine.support.hierarchical.NodeTestTask.lambda$executeRecursively$6(NodeTestTask.java:151)
	at org.junit.platform.engine.support.hierarchical.ThrowableCollector.execute(ThrowableCollector.java:73)
	at org.junit.platform.engine.support.hierarchical.NodeTestTask.lambda$executeRecursively$8(NodeTestTask.java:141)
	at org.junit.platform.engine.support.hierarchical.Node.around(Node.java:137)
	at org.junit.platform.engine.support.hierarchical.NodeTestTask.lambda$executeRecursively$9(NodeTestTask.java:139)
	at org.junit.platform.engine.support.hierarchical.ThrowableCollector.execute(ThrowableCollector.java:73)
	at org.junit.platform.engine.support.hierarchical.NodeTestTask.executeRecursively(NodeTestTask.java:138)
	at org.junit.platform.engine.support.hierarchical.NodeTestTask.execute(NodeTestTask.java:95)
	at java.base/java.util.ArrayList.forEach(ArrayList.java:1596)
	at org.junit.platform.engine.support.hierarchical.SameThreadHierarchicalTestExecutorService.invokeAll(SameThreadHierarchicalTestExecutorService.java:41)
	at org.junit.platform.engine.support.hierarchical.NodeTestTask.lambda$executeRecursively$6(NodeTestTask.java:155)
	at org.junit.platform.engine.support.hierarchical.ThrowableCollector.execute(ThrowableCollector.java:73)
	at org.junit.platform.engine.support.hierarchical.NodeTestTask.lambda$executeRecursively$8(NodeTestTask.java:141)
	at org.junit.platform.engine.support.hierarchical.Node.around(Node.java:137)
	at org.junit.platform.engine.support.hierarchical.NodeTestTask.lambda$executeRecursively$9(NodeTestTask.java:139)
	at org.junit.platform.engine.support.hierarchical.ThrowableCollector.execute(ThrowableCollector.java:73)
	at org.junit.platform.engine.support.hierarchical.NodeTestTask.executeRecursively(NodeTestTask.java:138)
	at org.junit.platform.engine.support.hierarchical.NodeTestTask.execute(NodeTestTask.java:95)
	at java.base/java.util.ArrayList.forEach(ArrayList.java:1596)
	at org.junit.platform.engine.support.hierarchical.SameThreadHierarchicalTestExecutorService.invokeAll(SameThreadHierarchicalTestExecutorService.java:41)
	at org.junit.platform.engine.support.hierarchical.NodeTestTask.lambda$executeRecursively$6(NodeTestTask.java:155)
	at org.junit.platform.engine.support.hierarchical.ThrowableCollector.execute(ThrowableCollector.java:73)
	at org.junit.platform.engine.support.hierarchical.NodeTestTask.lambda$executeRecursively$8(NodeTestTask.java:141)
	at org.junit.platform.engine.support.hierarchical.Node.around(Node.java:137)
	at org.junit.platform.engine.support.hierarchical.NodeTestTask.lambda$executeRecursively$9(NodeTestTask.java:139)
	at org.junit.platform.engine.support.hierarchical.ThrowableCollector.execute(ThrowableCollector.java:73)
	at org.junit.platform.engine.support.hierarchical.NodeTestTask.executeRecursively(NodeTestTask.java:138)
	at org.junit.platform.engine.support.hierarchical.NodeTestTask.execute(NodeTestTask.java:95)
	at org.junit.platform.engine.support.hierarchical.SameThreadHierarchicalTestExecutorService.submit(SameThreadHierarchicalTestExecutorService.java:35)
	at org.junit.platform.engine.support.hierarchical.HierarchicalTestExecutor.execute(HierarchicalTestExecutor.java:57)
	at org.junit.platform.engine.support.hierarchical.HierarchicalTestEngine.execute(HierarchicalTestEngine.java:54)
	at org.junit.platform.launcher.core.EngineExecutionOrchestrator.execute(EngineExecutionOrchestrator.java:198)
	at org.junit.platform.launcher.core.EngineExecutionOrchestrator.execute(EngineExecutionOrchestrator.java:169)
	at org.junit.platform.launcher.core.EngineExecutionOrchestrator.execute(EngineExecutionOrchestrator.java:93)
	at org.junit.platform.launcher.core.EngineExecutionOrchestrator.lambda$execute$0(EngineExecutionOrchestrator.java:58)
	at org.junit.platform.launcher.core.EngineExecutionOrchestrator.withInterceptedStreams(EngineExecutionOrchestrator.java:141)
	at org.junit.platform.launcher.core.EngineExecutionOrchestrator.execute(EngineExecutionOrchestrator.java:57)
	at org.junit.platform.launcher.core.DefaultLauncher.execute(DefaultLauncher.java:103)
	at org.junit.platform.launcher.core.DefaultLauncher.execute(DefaultLauncher.java:85)
	at org.junit.platform.launcher.core.DelegatingLauncher.execute(DelegatingLauncher.java:47)
	at org.junit.platform.launcher.core.SessionPerRequestLauncher.execute(SessionPerRequestLauncher.java:63)
	at com.intellij.junit5.JUnit5IdeaTestRunner.startRunnerWithArgs(JUnit5IdeaTestRunner.java:57)
	at com.intellij.rt.junit.IdeaTestRunner$Repeater$1.execute(IdeaTestRunner.java:38)
	at com.intellij.rt.execution.junit.TestsRepeater.repeat(TestsRepeater.java:11)
	at com.intellij.rt.junit.IdeaTestRunner$Repeater.startRunnerWithArgs(IdeaTestRunner.java:35)
	at com.intellij.rt.junit.JUnitStarter.prepareStreamsAndStart(JUnitStarter.java:232)
	at com.intellij.rt.junit.JUnitStarter.main(JUnitStarter.java:55)
2025-02-17 11:13:11 [main] INFO  l.insoft.uztis.tests.utils.TestUtils - Screenshot moved to C:\Users\ingrida.zadorozniene\Desktop\Asm\UZTIS\UZTIS_tests\test-output\screenshots\20250217\111311563_testFillEvaluationOne().png
2025-02-17 12:00:30 [main] INFO  lt.insoft.uztis.tests.UztisPageTest - Navigated to https://uztisdev.asseco.lt/home
2025-02-17 12:00:30 [main] INFO  l.i.uztis.tests.EvaluationsPageTest - Starting test:'testFillEvaluationOne'
2025-02-17 12:00:30 [main] INFO  l.i.uztis.tests.EvaluationsPageTest - Starting test:'testNavigateToEvaluationsPage'
2025-02-17 12:00:30 [main] DEBUG l.i.uztis.tests.EvaluationsPageTest - User logged in with test credentials
2025-02-17 12:00:31 [main] DEBUG l.i.uztis.tests.EvaluationsPageTest - Opened 'Application Processing' menu.
2025-02-17 12:00:31 [main] DEBUG l.i.uztis.tests.EvaluationsPageTest - Clicked on 'Evaluations' menu.
2025-02-17 12:00:31 [main] DEBUG l.i.uztis.tests.EvaluationsPageTest - Navigating to evaluations menu.
2025-02-17 12:00:31 [main] INFO  l.i.uztis.tests.EvaluationsPageTest - Test 'testNavigateToEvaluationsPage' completed successfully.
2025-02-17 12:00:32 [main] DEBUG l.i.uztis.tests.EvaluationsPageTest - Clicked on last evaluation.
2025-02-17 12:00:32 [main] DEBUG l.i.uztis.tests.EvaluationsPageTest - Clicked 'Edit'.
2025-02-17 12:00:35 [main] DEBUG l.i.uztis.tests.EvaluationsPageTest - Selected '1.1' radio button.
2025-02-17 12:00:38 [main] DEBUG l.i.uztis.tests.EvaluationsPageTest - Selected '1.2' radio button.
2025-02-17 12:00:41 [main] DEBUG l.i.uztis.tests.EvaluationsPageTest - Selected '1.3' radio button.
2025-02-17 12:00:43 [main] DEBUG l.i.uztis.tests.EvaluationsPageTest - Selected '1.4' radio button.
2025-02-17 12:00:44 [main] DEBUG l.i.uztis.tests.EvaluationsPageTest - Selected '1.5' radio button.
2025-02-17 12:00:45 [main] DEBUG l.i.uztis.tests.EvaluationsPageTest - Selected '2.1' radio button.
2025-02-17 12:00:46 [main] DEBUG l.i.uztis.tests.EvaluationsPageTest - Selected '3.1' radio button.
2025-02-17 12:00:47 [main] DEBUG l.i.uztis.tests.EvaluationsPageTest - Selected '4.2' radio button.
2025-02-17 12:00:48 [main] DEBUG l.i.uztis.tests.EvaluationsPageTest - Selected '5.1' radio button.
2025-02-17 12:00:50 [main] DEBUG l.i.uztis.tests.EvaluationsPageTest - Selected '5.2' radio button.
2025-02-17 12:00:51 [main] DEBUG l.i.uztis.tests.EvaluationsPageTest - Selected '6.1' radio button.
2025-02-17 12:00:52 [main] DEBUG l.i.uztis.tests.EvaluationsPageTest - Selected '6.2' radio button.
2025-02-17 12:00:52 [main] DEBUG l.i.uztis.tests.EvaluationsPageTest - Clicked on expansion panel 'Not Critical'.
2025-02-17 12:00:53 [main] DEBUG l.i.uztis.tests.EvaluationsPageTest - Selected '7' radio button.
2025-02-17 12:00:53 [main] DEBUG l.i.uztis.tests.EvaluationsPageTest - Selected '8_1' radio button.
2025-02-17 12:00:54 [main] DEBUG l.i.uztis.tests.EvaluationsPageTest - Selected '8_2' radio button.
2025-02-17 12:00:54 [main] DEBUG l.i.uztis.tests.EvaluationsPageTest - Selected '8_3' radio button.
2025-02-17 12:00:55 [main] DEBUG l.i.uztis.tests.EvaluationsPageTest - Selected '8_4' radio button.
2025-02-17 12:00:55 [main] DEBUG l.i.uztis.tests.EvaluationsPageTest - Selected '8_5' radio button.
2025-02-17 12:00:55 [main] DEBUG l.i.uztis.tests.EvaluationsPageTest - Selected '8_6' radio button.
2025-02-17 12:00:56 [main] DEBUG l.i.uztis.tests.EvaluationsPageTest - Selected '8_7' radio button.
2025-02-17 12:00:56 [main] DEBUG l.i.uztis.tests.EvaluationsPageTest - Selected '8_8' radio button.
2025-02-17 12:00:56 [main] DEBUG l.i.uztis.tests.EvaluationsPageTest - Selected '8_9' radio button.
2025-02-17 12:00:57 [main] DEBUG l.i.uztis.tests.EvaluationsPageTest - Selected '8_10' radio button.
2025-02-17 12:00:57 [main] DEBUG l.i.uztis.tests.EvaluationsPageTest - Selected '9' radio button.
2025-02-17 12:00:58 [main] DEBUG l.i.uztis.tests.EvaluationsPageTest - Selected '10.1' radio button.
2025-02-17 12:00:58 [main] DEBUG l.i.uztis.tests.EvaluationsPageTest - Selected '10.2' radio button.
2025-02-17 12:00:58 [main] DEBUG l.i.uztis.tests.EvaluationsPageTest - Selected '10.3' radio button.
2025-02-17 12:01:09 [main] ERROR l.i.uztis.tests.EvaluationsPageTest - Test 'testFillEvaluationOne' failed with error: no such element: Unable to locate element: {"method":"xpath","selector":"(//div[contains(@class, 'mat-mdc-form-field-infix')]//textarea)[6]"}
  (Session info: chrome=132.0.6834.197)
For documentation on this error, please visit: https://www.selenium.dev/documentation/webdriver/troubleshooting/errors#no-such-element-exception
Build info: version: '4.27.0', revision: 'd6e718d134'
System info: os.name: 'Windows 11', os.arch: 'amd64', os.version: '10.0', java.version: '21.0.3'
Driver info: org.openqa.selenium.chrome.ChromeDriver
Command: [cd09e07009d3826a3fdf0c09a0453a0a, findElement {value=(//div[contains(@class, 'mat-mdc-form-field-infix')]//textarea)[6], using=xpath}]
Capabilities {acceptInsecureCerts: false, browserName: chrome, browserVersion: 132.0.6834.197, chrome: {chromedriverVersion: 132.0.6834.159 (2d77d3fc445..., userDataDir: C:\Users\INGRID~1.ZAD\AppDa...}, fedcm:accounts: true, goog:chromeOptions: {debuggerAddress: localhost:56732}, networkConnectionEnabled: false, pageLoadStrategy: normal, platformName: windows, proxy: Proxy(), se:cdp: ws://localhost:56732/devtoo..., se:cdpVersion: 132.0.6834.197, setWindowRect: true, strictFileInteractability: false, timeouts: {implicit: 0, pageLoad: 300000, script: 30000}, unhandledPromptBehavior: dismiss and notify, webauthn:extension:credBlob: true, webauthn:extension:largeBlob: true, webauthn:extension:minPinLength: true, webauthn:extension:prf: true, webauthn:virtualAuthenticators: true}
Session ID: cd09e07009d3826a3fdf0c09a0453a0a
org.openqa.selenium.NoSuchElementException: no such element: Unable to locate element: {"method":"xpath","selector":"(//div[contains(@class, 'mat-mdc-form-field-infix')]//textarea)[6]"}
  (Session info: chrome=132.0.6834.197)
For documentation on this error, please visit: https://www.selenium.dev/documentation/webdriver/troubleshooting/errors#no-such-element-exception
Build info: version: '4.27.0', revision: 'd6e718d134'
System info: os.name: 'Windows 11', os.arch: 'amd64', os.version: '10.0', java.version: '21.0.3'
Driver info: org.openqa.selenium.chrome.ChromeDriver
Command: [cd09e07009d3826a3fdf0c09a0453a0a, findElement {value=(//div[contains(@class, 'mat-mdc-form-field-infix')]//textarea)[6], using=xpath}]
Capabilities {acceptInsecureCerts: false, browserName: chrome, browserVersion: 132.0.6834.197, chrome: {chromedriverVersion: 132.0.6834.159 (2d77d3fc445..., userDataDir: C:\Users\INGRID~1.ZAD\AppDa...}, fedcm:accounts: true, goog:chromeOptions: {debuggerAddress: localhost:56732}, networkConnectionEnabled: false, pageLoadStrategy: normal, platformName: windows, proxy: Proxy(), se:cdp: ws://localhost:56732/devtoo..., se:cdpVersion: 132.0.6834.197, setWindowRect: true, strictFileInteractability: false, timeouts: {implicit: 0, pageLoad: 300000, script: 30000}, unhandledPromptBehavior: dismiss and notify, webauthn:extension:credBlob: true, webauthn:extension:largeBlob: true, webauthn:extension:minPinLength: true, webauthn:extension:prf: true, webauthn:virtualAuthenticators: true}
Session ID: cd09e07009d3826a3fdf0c09a0453a0a
	at java.base/jdk.internal.reflect.DirectConstructorHandleAccessor.newInstance(DirectConstructorHandleAccessor.java:62)
	at java.base/java.lang.reflect.Constructor.newInstanceWithCaller(Constructor.java:502)
	at java.base/java.lang.reflect.Constructor.newInstance(Constructor.java:486)
	at org.openqa.selenium.remote.ErrorCodec.decode(ErrorCodec.java:167)
	at org.openqa.selenium.remote.codec.w3c.W3CHttpResponseCodec.decode(W3CHttpResponseCodec.java:138)
	at org.openqa.selenium.remote.codec.w3c.W3CHttpResponseCodec.decode(W3CHttpResponseCodec.java:50)
	at org.openqa.selenium.remote.HttpCommandExecutor.execute(HttpCommandExecutor.java:190)
	at org.openqa.selenium.remote.service.DriverCommandExecutor.invokeExecute(DriverCommandExecutor.java:216)
	at org.openqa.selenium.remote.service.DriverCommandExecutor.execute(DriverCommandExecutor.java:174)
	at org.openqa.selenium.remote.RemoteWebDriver.execute(RemoteWebDriver.java:545)
	at org.openqa.selenium.remote.ElementLocation$ElementFinder$2.findElement(ElementLocation.java:165)
	at org.openqa.selenium.remote.ElementLocation.findElement(ElementLocation.java:59)
	at org.openqa.selenium.remote.RemoteWebDriver.findElement(RemoteWebDriver.java:368)
	at org.openqa.selenium.remote.RemoteWebDriver.findElement(RemoteWebDriver.java:362)
	at org.openqa.selenium.support.pagefactory.DefaultElementLocator.findElement(DefaultElementLocator.java:68)
	at org.openqa.selenium.support.pagefactory.internal.LocatingElementHandler.invoke(LocatingElementHandler.java:38)
	at jdk.proxy2/jdk.proxy2.$Proxy14.clear(Unknown Source)
	at lt.insoft.uztis.pages.EvaluationsPage.enterExplanation(EvaluationsPage.java:511)
	at lt.insoft.uztis.tests.EvaluationsPageTest.testFillEvaluationOne(EvaluationsPageTest.java:166)
	at java.base/jdk.internal.reflect.DirectMethodHandleAccessor.invoke(DirectMethodHandleAccessor.java:103)
	at java.base/java.lang.reflect.Method.invoke(Method.java:580)
	at org.junit.platform.commons.util.ReflectionUtils.invokeMethod(ReflectionUtils.java:728)
	at org.junit.jupiter.engine.execution.MethodInvocation.proceed(MethodInvocation.java:60)
	at org.junit.jupiter.engine.execution.InvocationInterceptorChain$ValidatingInvocation.proceed(InvocationInterceptorChain.java:131)
	at org.junit.jupiter.engine.extension.TimeoutExtension.intercept(TimeoutExtension.java:156)
	at org.junit.jupiter.engine.extension.TimeoutExtension.interceptTestableMethod(TimeoutExtension.java:147)
	at org.junit.jupiter.engine.extension.TimeoutExtension.interceptTestMethod(TimeoutExtension.java:86)
	at org.junit.jupiter.engine.execution.InterceptingExecutableInvoker$ReflectiveInterceptorCall.lambda$ofVoidMethod$0(InterceptingExecutableInvoker.java:103)
	at org.junit.jupiter.engine.execution.InterceptingExecutableInvoker.lambda$invoke$0(InterceptingExecutableInvoker.java:93)
	at org.junit.jupiter.engine.execution.InvocationInterceptorChain$InterceptedInvocation.proceed(InvocationInterceptorChain.java:106)
	at org.junit.jupiter.engine.execution.InvocationInterceptorChain.proceed(InvocationInterceptorChain.java:64)
	at org.junit.jupiter.engine.execution.InvocationInterceptorChain.chainAndInvoke(InvocationInterceptorChain.java:45)
	at org.junit.jupiter.engine.execution.InvocationInterceptorChain.invoke(InvocationInterceptorChain.java:37)
	at org.junit.jupiter.engine.execution.InterceptingExecutableInvoker.invoke(InterceptingExecutableInvoker.java:92)
	at org.junit.jupiter.engine.execution.InterceptingExecutableInvoker.invoke(InterceptingExecutableInvoker.java:86)
	at org.junit.jupiter.engine.descriptor.TestMethodTestDescriptor.lambda$invokeTestMethod$7(TestMethodTestDescriptor.java:218)
	at org.junit.platform.engine.support.hierarchical.ThrowableCollector.execute(ThrowableCollector.java:73)
	at org.junit.jupiter.engine.descriptor.TestMethodTestDescriptor.invokeTestMethod(TestMethodTestDescriptor.java:214)
	at org.junit.jupiter.engine.descriptor.TestMethodTestDescriptor.execute(TestMethodTestDescriptor.java:139)
	at org.junit.jupiter.engine.descriptor.TestMethodTestDescriptor.execute(TestMethodTestDescriptor.java:69)
	at org.junit.platform.engine.support.hierarchical.NodeTestTask.lambda$executeRecursively$6(NodeTestTask.java:151)
	at org.junit.platform.engine.support.hierarchical.ThrowableCollector.execute(ThrowableCollector.java:73)
	at org.junit.platform.engine.support.hierarchical.NodeTestTask.lambda$executeRecursively$8(NodeTestTask.java:141)
	at org.junit.platform.engine.support.hierarchical.Node.around(Node.java:137)
	at org.junit.platform.engine.support.hierarchical.NodeTestTask.lambda$executeRecursively$9(NodeTestTask.java:139)
	at org.junit.platform.engine.support.hierarchical.ThrowableCollector.execute(ThrowableCollector.java:73)
	at org.junit.platform.engine.support.hierarchical.NodeTestTask.executeRecursively(NodeTestTask.java:138)
	at org.junit.platform.engine.support.hierarchical.NodeTestTask.execute(NodeTestTask.java:95)
	at java.base/java.util.ArrayList.forEach(ArrayList.java:1596)
	at org.junit.platform.engine.support.hierarchical.SameThreadHierarchicalTestExecutorService.invokeAll(SameThreadHierarchicalTestExecutorService.java:41)
	at org.junit.platform.engine.support.hierarchical.NodeTestTask.lambda$executeRecursively$6(NodeTestTask.java:155)
	at org.junit.platform.engine.support.hierarchical.ThrowableCollector.execute(ThrowableCollector.java:73)
	at org.junit.platform.engine.support.hierarchical.NodeTestTask.lambda$executeRecursively$8(NodeTestTask.java:141)
	at org.junit.platform.engine.support.hierarchical.Node.around(Node.java:137)
	at org.junit.platform.engine.support.hierarchical.NodeTestTask.lambda$executeRecursively$9(NodeTestTask.java:139)
	at org.junit.platform.engine.support.hierarchical.ThrowableCollector.execute(ThrowableCollector.java:73)
	at org.junit.platform.engine.support.hierarchical.NodeTestTask.executeRecursively(NodeTestTask.java:138)
	at org.junit.platform.engine.support.hierarchical.NodeTestTask.execute(NodeTestTask.java:95)
	at java.base/java.util.ArrayList.forEach(ArrayList.java:1596)
	at org.junit.platform.engine.support.hierarchical.SameThreadHierarchicalTestExecutorService.invokeAll(SameThreadHierarchicalTestExecutorService.java:41)
	at org.junit.platform.engine.support.hierarchical.NodeTestTask.lambda$executeRecursively$6(NodeTestTask.java:155)
	at org.junit.platform.engine.support.hierarchical.ThrowableCollector.execute(ThrowableCollector.java:73)
	at org.junit.platform.engine.support.hierarchical.NodeTestTask.lambda$executeRecursively$8(NodeTestTask.java:141)
	at org.junit.platform.engine.support.hierarchical.Node.around(Node.java:137)
	at org.junit.platform.engine.support.hierarchical.NodeTestTask.lambda$executeRecursively$9(NodeTestTask.java:139)
	at org.junit.platform.engine.support.hierarchical.ThrowableCollector.execute(ThrowableCollector.java:73)
	at org.junit.platform.engine.support.hierarchical.NodeTestTask.executeRecursively(NodeTestTask.java:138)
	at org.junit.platform.engine.support.hierarchical.NodeTestTask.execute(NodeTestTask.java:95)
	at org.junit.platform.engine.support.hierarchical.SameThreadHierarchicalTestExecutorService.submit(SameThreadHierarchicalTestExecutorService.java:35)
	at org.junit.platform.engine.support.hierarchical.HierarchicalTestExecutor.execute(HierarchicalTestExecutor.java:57)
	at org.junit.platform.engine.support.hierarchical.HierarchicalTestEngine.execute(HierarchicalTestEngine.java:54)
	at org.junit.platform.launcher.core.EngineExecutionOrchestrator.execute(EngineExecutionOrchestrator.java:198)
	at org.junit.platform.launcher.core.EngineExecutionOrchestrator.execute(EngineExecutionOrchestrator.java:169)
	at org.junit.platform.launcher.core.EngineExecutionOrchestrator.execute(EngineExecutionOrchestrator.java:93)
	at org.junit.platform.launcher.core.EngineExecutionOrchestrator.lambda$execute$0(EngineExecutionOrchestrator.java:58)
	at org.junit.platform.launcher.core.EngineExecutionOrchestrator.withInterceptedStreams(EngineExecutionOrchestrator.java:141)
	at org.junit.platform.launcher.core.EngineExecutionOrchestrator.execute(EngineExecutionOrchestrator.java:57)
	at org.junit.platform.launcher.core.DefaultLauncher.execute(DefaultLauncher.java:103)
	at org.junit.platform.launcher.core.DefaultLauncher.execute(DefaultLauncher.java:85)
	at org.junit.platform.launcher.core.DelegatingLauncher.execute(DelegatingLauncher.java:47)
	at org.junit.platform.launcher.core.SessionPerRequestLauncher.execute(SessionPerRequestLauncher.java:63)
	at com.intellij.junit5.JUnit5IdeaTestRunner.startRunnerWithArgs(JUnit5IdeaTestRunner.java:57)
	at com.intellij.rt.junit.IdeaTestRunner$Repeater$1.execute(IdeaTestRunner.java:38)
	at com.intellij.rt.execution.junit.TestsRepeater.repeat(TestsRepeater.java:11)
	at com.intellij.rt.junit.IdeaTestRunner$Repeater.startRunnerWithArgs(IdeaTestRunner.java:35)
	at com.intellij.rt.junit.JUnitStarter.prepareStreamsAndStart(JUnitStarter.java:232)
	at com.intellij.rt.junit.JUnitStarter.main(JUnitStarter.java:55)
2025-02-17 12:01:09 [main] INFO  l.insoft.uztis.tests.utils.TestUtils - Screenshot moved to C:\Users\ingrida.zadorozniene\Desktop\Asm\UZTIS\UZTIS_tests\test-output\screenshots\20250217\120109195_testFillEvaluationOne().png
2025-02-17 12:05:05 [main] INFO  lt.insoft.uztis.tests.UztisPageTest - Navigated to https://uztisdev.asseco.lt/home
2025-02-17 12:05:05 [main] INFO  l.i.uztis.tests.EvaluationsPageTest - Starting test:'testFillEvaluationOne'
2025-02-17 12:05:05 [main] INFO  l.i.uztis.tests.EvaluationsPageTest - Starting test:'testNavigateToEvaluationsPage'
2025-02-17 12:05:05 [main] DEBUG l.i.uztis.tests.EvaluationsPageTest - User logged in with test credentials
2025-02-17 12:05:06 [main] DEBUG l.i.uztis.tests.EvaluationsPageTest - Opened 'Application Processing' menu.
2025-02-17 12:05:06 [main] DEBUG l.i.uztis.tests.EvaluationsPageTest - Clicked on 'Evaluations' menu.
2025-02-17 12:05:06 [main] DEBUG l.i.uztis.tests.EvaluationsPageTest - Navigating to evaluations menu.
2025-02-17 12:05:06 [main] INFO  l.i.uztis.tests.EvaluationsPageTest - Test 'testNavigateToEvaluationsPage' completed successfully.
2025-02-17 12:05:06 [main] DEBUG l.i.uztis.tests.EvaluationsPageTest - Clicked on last evaluation.
2025-02-17 12:05:07 [main] DEBUG l.i.uztis.tests.EvaluationsPageTest - Clicked 'Edit'.
2025-02-17 12:05:10 [main] DEBUG l.i.uztis.tests.EvaluationsPageTest - Selected '1.1' radio button.
2025-02-17 12:05:12 [main] DEBUG l.i.uztis.tests.EvaluationsPageTest - Selected '1.2' radio button.
2025-02-17 12:05:15 [main] DEBUG l.i.uztis.tests.EvaluationsPageTest - Selected '1.3' radio button.
2025-02-17 12:05:18 [main] DEBUG l.i.uztis.tests.EvaluationsPageTest - Selected '1.4' radio button.
2025-02-17 12:05:19 [main] DEBUG l.i.uztis.tests.EvaluationsPageTest - Selected '1.5' radio button.
2025-02-17 12:05:20 [main] DEBUG l.i.uztis.tests.EvaluationsPageTest - Selected '2.1' radio button.
2025-02-17 12:05:21 [main] DEBUG l.i.uztis.tests.EvaluationsPageTest - Selected '3.1' radio button.
2025-02-17 12:05:22 [main] DEBUG l.i.uztis.tests.EvaluationsPageTest - Selected '4.2' radio button.
2025-02-17 12:05:24 [main] DEBUG l.i.uztis.tests.EvaluationsPageTest - Selected '5.1' radio button.
2025-02-17 12:05:25 [main] DEBUG l.i.uztis.tests.EvaluationsPageTest - Selected '5.2' radio button.
2025-02-17 12:05:26 [main] DEBUG l.i.uztis.tests.EvaluationsPageTest - Selected '6.1' radio button.
2025-02-17 12:05:27 [main] DEBUG l.i.uztis.tests.EvaluationsPageTest - Selected '6.2' radio button.
2025-02-17 12:05:27 [main] DEBUG l.i.uztis.tests.EvaluationsPageTest - Clicked on expansion panel 'Not Critical'.
2025-02-17 12:05:28 [main] DEBUG l.i.uztis.tests.EvaluationsPageTest - Selected '7' radio button.
2025-02-17 12:05:28 [main] DEBUG l.i.uztis.tests.EvaluationsPageTest - Selected '8_1' radio button.
2025-02-17 12:05:29 [main] DEBUG l.i.uztis.tests.EvaluationsPageTest - Selected '8_2' radio button.
2025-02-17 12:05:29 [main] DEBUG l.i.uztis.tests.EvaluationsPageTest - Selected '8_3' radio button.
2025-02-17 12:05:29 [main] DEBUG l.i.uztis.tests.EvaluationsPageTest - Selected '8_4' radio button.
2025-02-17 12:05:30 [main] DEBUG l.i.uztis.tests.EvaluationsPageTest - Selected '8_5' radio button.
2025-02-17 12:05:30 [main] DEBUG l.i.uztis.tests.EvaluationsPageTest - Selected '8_6' radio button.
2025-02-17 12:05:30 [main] DEBUG l.i.uztis.tests.EvaluationsPageTest - Selected '8_7' radio button.
2025-02-17 12:05:31 [main] DEBUG l.i.uztis.tests.EvaluationsPageTest - Selected '8_8' radio button.
2025-02-17 12:05:31 [main] DEBUG l.i.uztis.tests.EvaluationsPageTest - Selected '8_9' radio button.
2025-02-17 12:05:32 [main] DEBUG l.i.uztis.tests.EvaluationsPageTest - Selected '8_10' radio button.
2025-02-17 12:05:32 [main] DEBUG l.i.uztis.tests.EvaluationsPageTest - Selected '9' radio button.
2025-02-17 12:05:33 [main] DEBUG l.i.uztis.tests.EvaluationsPageTest - Selected '10.1' radio button.
2025-02-17 12:05:33 [main] DEBUG l.i.uztis.tests.EvaluationsPageTest - Selected '10.2' radio button.
2025-02-17 12:05:33 [main] DEBUG l.i.uztis.tests.EvaluationsPageTest - Selected '10.3' radio button.
2025-02-17 12:05:34 [main] DEBUG l.i.uztis.tests.EvaluationsPageTest - Entered  explanation: 'Balas pakoreduotas ranka'.
2025-02-17 12:05:34 [main] DEBUG l.i.uztis.tests.EvaluationsPageTest - Clicked 'Confirm'.
2025-02-17 12:05:34 [main] INFO  l.i.uztis.tests.EvaluationsPageTest - Test 'testFillEvaluationOne' completed successfully.
2025-02-17 12:14:39 [main] INFO  lt.insoft.uztis.tests.UztisPageTest - Navigated to https://uztisdev.asseco.lt/home
2025-02-17 12:14:39 [main] INFO  l.i.uztis.tests.EvaluationsPageTest - Starting test:'testFillEvaluationOne'
2025-02-17 12:14:39 [main] INFO  l.i.uztis.tests.EvaluationsPageTest - Starting test:'testNavigateToEvaluationsPage'
2025-02-17 12:14:40 [main] DEBUG l.i.uztis.tests.EvaluationsPageTest - User logged in with test credentials
2025-02-17 12:14:40 [main] DEBUG l.i.uztis.tests.EvaluationsPageTest - Opened 'Application Processing' menu.
2025-02-17 12:14:40 [main] DEBUG l.i.uztis.tests.EvaluationsPageTest - Clicked on 'Evaluations' menu.
2025-02-17 12:14:40 [main] DEBUG l.i.uztis.tests.EvaluationsPageTest - Navigating to evaluations menu.
2025-02-17 12:14:40 [main] INFO  l.i.uztis.tests.EvaluationsPageTest - Test 'testNavigateToEvaluationsPage' completed successfully.
2025-02-17 12:14:41 [main] DEBUG l.i.uztis.tests.EvaluationsPageTest - Clicked on last evaluation.
2025-02-17 12:14:41 [main] DEBUG l.i.uztis.tests.EvaluationsPageTest - Clicked 'Edit'.
2025-02-17 12:14:44 [main] DEBUG l.i.uztis.tests.EvaluationsPageTest - Selected '1.1' radio button.
2025-02-17 12:14:47 [main] DEBUG l.i.uztis.tests.EvaluationsPageTest - Selected '1.2' radio button.
2025-02-17 12:14:50 [main] DEBUG l.i.uztis.tests.EvaluationsPageTest - Selected '1.3' radio button.
2025-02-17 12:14:53 [main] DEBUG l.i.uztis.tests.EvaluationsPageTest - Selected '1.4' radio button.
2025-02-17 12:14:54 [main] DEBUG l.i.uztis.tests.EvaluationsPageTest - Selected '1.5' radio button.
2025-02-17 12:14:55 [main] DEBUG l.i.uztis.tests.EvaluationsPageTest - Selected '2.1' radio button.
2025-02-17 12:14:56 [main] DEBUG l.i.uztis.tests.EvaluationsPageTest - Selected '3.1' radio button.
2025-02-17 12:14:57 [main] DEBUG l.i.uztis.tests.EvaluationsPageTest - Selected '4.2' radio button.
2025-02-17 12:14:58 [main] DEBUG l.i.uztis.tests.EvaluationsPageTest - Selected '5.1' radio button.
2025-02-17 12:15:00 [main] DEBUG l.i.uztis.tests.EvaluationsPageTest - Selected '5.2' radio button.
2025-02-17 12:15:01 [main] DEBUG l.i.uztis.tests.EvaluationsPageTest - Selected '6.1' radio button.
2025-02-17 12:15:02 [main] DEBUG l.i.uztis.tests.EvaluationsPageTest - Selected '6.2' radio button.
2025-02-17 12:15:02 [main] DEBUG l.i.uztis.tests.EvaluationsPageTest - Clicked on expansion panel 'Not Critical'.
2025-02-17 12:15:03 [main] DEBUG l.i.uztis.tests.EvaluationsPageTest - Selected '7' radio button.
2025-02-17 12:15:03 [main] DEBUG l.i.uztis.tests.EvaluationsPageTest - Selected '8_1' radio button.
2025-02-17 12:15:04 [main] DEBUG l.i.uztis.tests.EvaluationsPageTest - Selected '8_2' radio button.
2025-02-17 12:15:04 [main] DEBUG l.i.uztis.tests.EvaluationsPageTest - Selected '8_3' radio button.
2025-02-17 12:15:04 [main] DEBUG l.i.uztis.tests.EvaluationsPageTest - Selected '8_4' radio button.
2025-02-17 12:15:05 [main] DEBUG l.i.uztis.tests.EvaluationsPageTest - Selected '8_5' radio button.
2025-02-17 12:15:05 [main] DEBUG l.i.uztis.tests.EvaluationsPageTest - Selected '8_6' radio button.
2025-02-17 12:15:06 [main] DEBUG l.i.uztis.tests.EvaluationsPageTest - Selected '8_7' radio button.
2025-02-17 12:15:06 [main] DEBUG l.i.uztis.tests.EvaluationsPageTest - Selected '8_8' radio button.
2025-02-17 12:15:07 [main] DEBUG l.i.uztis.tests.EvaluationsPageTest - Selected '8_9' radio button.
2025-02-17 12:15:07 [main] DEBUG l.i.uztis.tests.EvaluationsPageTest - Selected '8_10' radio button.
2025-02-17 12:15:07 [main] DEBUG l.i.uztis.tests.EvaluationsPageTest - Selected '9' radio button.
2025-02-17 12:15:08 [main] DEBUG l.i.uztis.tests.EvaluationsPageTest - Selected '10.1' radio button.
2025-02-17 12:15:08 [main] DEBUG l.i.uztis.tests.EvaluationsPageTest - Selected '10.2' radio button.
2025-02-17 12:15:08 [main] DEBUG l.i.uztis.tests.EvaluationsPageTest - Selected '10.3' radio button.
2025-02-17 12:15:09 [main] DEBUG l.i.uztis.tests.EvaluationsPageTest - Entered  explanation: 'Balas pakoreduotas ranka'.
2025-02-17 12:15:09 [main] DEBUG l.i.uztis.tests.EvaluationsPageTest - Clicked 'Save Draft'.
2025-02-17 12:15:09 [main] INFO  l.i.uztis.tests.EvaluationsPageTest - Test 'testFillEvaluationOne' completed successfully.
2025-02-17 12:16:52 [main] INFO  lt.insoft.uztis.tests.UztisPageTest - Navigated to https://uztisdev.asseco.lt/home
2025-02-17 12:16:52 [main] INFO  l.i.uztis.tests.EvaluationsPageTest - Starting test:'testFillEvaluationOne'
2025-02-17 12:16:52 [main] INFO  l.i.uztis.tests.EvaluationsPageTest - Starting test:'testNavigateToEvaluationsPage'
2025-02-17 12:16:53 [main] DEBUG l.i.uztis.tests.EvaluationsPageTest - User logged in with test credentials
2025-02-17 12:16:53 [main] DEBUG l.i.uztis.tests.EvaluationsPageTest - Opened 'Application Processing' menu.
2025-02-17 12:16:53 [main] DEBUG l.i.uztis.tests.EvaluationsPageTest - Clicked on 'Evaluations' menu.
2025-02-17 12:16:53 [main] DEBUG l.i.uztis.tests.EvaluationsPageTest - Navigating to evaluations menu.
2025-02-17 12:16:53 [main] INFO  l.i.uztis.tests.EvaluationsPageTest - Test 'testNavigateToEvaluationsPage' completed successfully.
2025-02-17 12:16:54 [main] DEBUG l.i.uztis.tests.EvaluationsPageTest - Clicked on last evaluation.
2025-02-17 12:16:54 [main] DEBUG l.i.uztis.tests.EvaluationsPageTest - Clicked 'Edit'.
2025-02-17 12:16:56 [main] DEBUG l.i.uztis.tests.EvaluationsPageTest - Selected '1.1' radio button.
2025-02-17 12:16:56 [main] DEBUG l.i.uztis.tests.EvaluationsPageTest - Selected '1.2' radio button.
2025-02-17 12:16:56 [main] DEBUG l.i.uztis.tests.EvaluationsPageTest - Selected '1.3' radio button.
2025-02-17 12:16:57 [main] DEBUG l.i.uztis.tests.EvaluationsPageTest - Selected '1.4' radio button.
2025-02-17 12:16:57 [main] DEBUG l.i.uztis.tests.EvaluationsPageTest - Selected '1.5' radio button.
2025-02-17 12:16:58 [main] DEBUG l.i.uztis.tests.EvaluationsPageTest - Selected '2.1' radio button.
2025-02-17 12:16:58 [main] DEBUG l.i.uztis.tests.EvaluationsPageTest - Selected '3.1' radio button.
2025-02-17 12:16:59 [main] DEBUG l.i.uztis.tests.EvaluationsPageTest - Selected '4.2' radio button.
2025-02-17 12:16:59 [main] DEBUG l.i.uztis.tests.EvaluationsPageTest - Selected '5.1' radio button.
2025-02-17 12:17:00 [main] DEBUG l.i.uztis.tests.EvaluationsPageTest - Selected '5.2' radio button.
2025-02-17 12:17:00 [main] DEBUG l.i.uztis.tests.EvaluationsPageTest - Selected '6.1' radio button.
2025-02-17 12:17:01 [main] DEBUG l.i.uztis.tests.EvaluationsPageTest - Selected '6.2' radio button.
2025-02-17 12:17:03 [main] DEBUG l.i.uztis.tests.EvaluationsPageTest - Clicked on expansion panel 'Not Critical'.
2025-02-17 12:17:04 [main] DEBUG l.i.uztis.tests.EvaluationsPageTest - Selected '7' radio button.
2025-02-17 12:17:04 [main] DEBUG l.i.uztis.tests.EvaluationsPageTest - Selected '8_1' radio button.
2025-02-17 12:17:05 [main] DEBUG l.i.uztis.tests.EvaluationsPageTest - Selected '8_2' radio button.
2025-02-17 12:17:06 [main] DEBUG l.i.uztis.tests.EvaluationsPageTest - Selected '8_3' radio button.
2025-02-17 12:17:06 [main] DEBUG l.i.uztis.tests.EvaluationsPageTest - Selected '8_4' radio button.
2025-02-17 12:17:07 [main] DEBUG l.i.uztis.tests.EvaluationsPageTest - Selected '8_5' radio button.
2025-02-17 12:17:07 [main] DEBUG l.i.uztis.tests.EvaluationsPageTest - Selected '8_6' radio button.
2025-02-17 12:17:08 [main] DEBUG l.i.uztis.tests.EvaluationsPageTest - Selected '8_7' radio button.
2025-02-17 12:17:08 [main] DEBUG l.i.uztis.tests.EvaluationsPageTest - Selected '8_8' radio button.
2025-02-17 12:17:08 [main] DEBUG l.i.uztis.tests.EvaluationsPageTest - Selected '8_9' radio button.
2025-02-17 12:17:08 [main] DEBUG l.i.uztis.tests.EvaluationsPageTest - Selected '8_10' radio button.
2025-02-17 12:17:09 [main] DEBUG l.i.uztis.tests.EvaluationsPageTest - Selected '9' radio button.
2025-02-17 12:17:09 [main] DEBUG l.i.uztis.tests.EvaluationsPageTest - Selected '10.1' radio button.
2025-02-17 12:17:09 [main] DEBUG l.i.uztis.tests.EvaluationsPageTest - Selected '10.2' radio button.
2025-02-17 12:17:10 [main] DEBUG l.i.uztis.tests.EvaluationsPageTest - Selected '10.3' radio button.
2025-02-17 12:17:12 [main] DEBUG l.i.uztis.tests.EvaluationsPageTest - Entered  explanation: 'Balas pakoreduotas ranka'.
2025-02-17 12:17:14 [main] DEBUG l.i.uztis.tests.EvaluationsPageTest - Clicked 'Save Draft'.
2025-02-17 12:17:14 [main] DEBUG l.insoft.uztis.pages.InvitationsPage - Verified success message: 'Duomenys sėkmingai išsaugoti.'
2025-02-17 12:17:14 [main] INFO  l.i.uztis.tests.EvaluationsPageTest - Test 'testFillEvaluationOne' completed successfully.
2025-02-17 12:19:25 [main] INFO  lt.insoft.uztis.tests.UztisPageTest - Navigated to https://uztisdev.asseco.lt/home
2025-02-17 12:19:25 [main] INFO  l.i.uztis.tests.EvaluationsPageTest - Starting test:'testFillSaveConfirmEvaluationOne'
2025-02-17 12:19:25 [main] INFO  l.i.uztis.tests.EvaluationsPageTest - Starting test:'testNavigateToEvaluationsPage'
2025-02-17 12:19:25 [main] DEBUG l.i.uztis.tests.EvaluationsPageTest - User logged in with test credentials
2025-02-17 12:19:26 [main] DEBUG l.i.uztis.tests.EvaluationsPageTest - Opened 'Application Processing' menu.
2025-02-17 12:19:26 [main] DEBUG l.i.uztis.tests.EvaluationsPageTest - Clicked on 'Evaluations' menu.
2025-02-17 12:19:26 [main] DEBUG l.i.uztis.tests.EvaluationsPageTest - Navigating to evaluations menu.
2025-02-17 12:19:26 [main] INFO  l.i.uztis.tests.EvaluationsPageTest - Test 'testNavigateToEvaluationsPage' completed successfully.
2025-02-17 12:19:26 [main] DEBUG l.i.uztis.tests.EvaluationsPageTest - Clicked on last evaluation.
2025-02-17 12:19:27 [main] DEBUG l.i.uztis.tests.EvaluationsPageTest - Clicked 'Edit'.
2025-02-17 12:19:28 [main] DEBUG l.i.uztis.tests.EvaluationsPageTest - Selected '1.1' radio button.
2025-02-17 12:19:29 [main] DEBUG l.i.uztis.tests.EvaluationsPageTest - Selected '1.2' radio button.
2025-02-17 12:19:29 [main] DEBUG l.i.uztis.tests.EvaluationsPageTest - Selected '1.3' radio button.
2025-02-17 12:19:29 [main] DEBUG l.i.uztis.tests.EvaluationsPageTest - Selected '1.4' radio button.
2025-02-17 12:19:30 [main] DEBUG l.i.uztis.tests.EvaluationsPageTest - Selected '1.5' radio button.
2025-02-17 12:19:30 [main] DEBUG l.i.uztis.tests.EvaluationsPageTest - Selected '2.1' radio button.
2025-02-17 12:19:31 [main] DEBUG l.i.uztis.tests.EvaluationsPageTest - Selected '3.1' radio button.
2025-02-17 12:19:31 [main] DEBUG l.i.uztis.tests.EvaluationsPageTest - Selected '4.2' radio button.
2025-02-17 12:19:32 [main] DEBUG l.i.uztis.tests.EvaluationsPageTest - Selected '5.1' radio button.
2025-02-17 12:19:32 [main] DEBUG l.i.uztis.tests.EvaluationsPageTest - Selected '5.2' radio button.
2025-02-17 12:19:32 [main] DEBUG l.i.uztis.tests.EvaluationsPageTest - Selected '6.1' radio button.
2025-02-17 12:19:33 [main] DEBUG l.i.uztis.tests.EvaluationsPageTest - Selected '6.2' radio button.
2025-02-17 12:19:35 [main] DEBUG l.i.uztis.tests.EvaluationsPageTest - Clicked on expansion panel 'Not Critical'.
2025-02-17 12:19:36 [main] DEBUG l.i.uztis.tests.EvaluationsPageTest - Selected '7' radio button.
2025-02-17 12:19:37 [main] DEBUG l.i.uztis.tests.EvaluationsPageTest - Selected '8_1' radio button.
2025-02-17 12:19:37 [main] DEBUG l.i.uztis.tests.EvaluationsPageTest - Selected '8_2' radio button.
2025-02-17 12:19:38 [main] DEBUG l.i.uztis.tests.EvaluationsPageTest - Selected '8_3' radio button.
2025-02-17 12:19:38 [main] DEBUG l.i.uztis.tests.EvaluationsPageTest - Selected '8_4' radio button.
2025-02-17 12:19:39 [main] DEBUG l.i.uztis.tests.EvaluationsPageTest - Selected '8_5' radio button.
2025-02-17 12:19:40 [main] DEBUG l.i.uztis.tests.EvaluationsPageTest - Selected '8_6' radio button.
2025-02-17 12:19:40 [main] DEBUG l.i.uztis.tests.EvaluationsPageTest - Selected '8_7' radio button.
2025-02-17 12:19:41 [main] DEBUG l.i.uztis.tests.EvaluationsPageTest - Selected '8_8' radio button.
2025-02-17 12:19:41 [main] DEBUG l.i.uztis.tests.EvaluationsPageTest - Selected '8_9' radio button.
2025-02-17 12:19:42 [main] DEBUG l.i.uztis.tests.EvaluationsPageTest - Selected '8_10' radio button.
2025-02-17 12:19:42 [main] DEBUG l.i.uztis.tests.EvaluationsPageTest - Selected '9' radio button.
2025-02-17 12:19:43 [main] DEBUG l.i.uztis.tests.EvaluationsPageTest - Selected '10.1' radio button.
2025-02-17 12:19:43 [main] DEBUG l.i.uztis.tests.EvaluationsPageTest - Selected '10.2' radio button.
2025-02-17 12:19:44 [main] DEBUG l.i.uztis.tests.EvaluationsPageTest - Selected '10.3' radio button.
2025-02-17 12:19:46 [main] DEBUG l.i.uztis.tests.EvaluationsPageTest - Entered  explanation: 'Balas pakoreduotas ranka'.
2025-02-17 12:19:47 [main] DEBUG l.i.uztis.tests.EvaluationsPageTest - Clicked 'Save Draft'.
2025-02-17 12:19:47 [main] DEBUG l.insoft.uztis.pages.InvitationsPage - Verified success message: 'Duomenys sėkmingai išsaugoti.'
2025-02-17 12:19:49 [main] ERROR l.i.uztis.tests.EvaluationsPageTest - Test 'testFillSaveConfirmEvaluationOne' failed with error: element click intercepted: Element <button type="button" class="btn btn--primary">...</button> is not clickable at point (883, 154). Other element would receive the click: <span class="w-100">...</span>
  (Session info: chrome=132.0.6834.197)
Build info: version: '4.27.0', revision: 'd6e718d134'
System info: os.name: 'Windows 11', os.arch: 'amd64', os.version: '10.0', java.version: '21.0.3'
Driver info: org.openqa.selenium.chrome.ChromeDriver
Command: [a1a92b652c4ec01a8e4a2f8a2fb94111, clickElement {id=f.FFE880F51F078DAA2B819991AA024077.d.BC2E2AFFC4ED7E61EBDE53DDA9A5FC8D.e.366}]
Capabilities {acceptInsecureCerts: false, browserName: chrome, browserVersion: 132.0.6834.197, chrome: {chromedriverVersion: 132.0.6834.159 (2d77d3fc445..., userDataDir: C:\Users\INGRID~1.ZAD\AppDa...}, fedcm:accounts: true, goog:chromeOptions: {debuggerAddress: localhost:58926}, networkConnectionEnabled: false, pageLoadStrategy: normal, platformName: windows, proxy: Proxy(), se:cdp: ws://localhost:58926/devtoo..., se:cdpVersion: 132.0.6834.197, setWindowRect: true, strictFileInteractability: false, timeouts: {implicit: 0, pageLoad: 300000, script: 30000}, unhandledPromptBehavior: dismiss and notify, webauthn:extension:credBlob: true, webauthn:extension:largeBlob: true, webauthn:extension:minPinLength: true, webauthn:extension:prf: true, webauthn:virtualAuthenticators: true}
Element: [[ChromeDriver: chrome on windows (a1a92b652c4ec01a8e4a2f8a2fb94111)] -> css selector: button.btn.btn--primary]
Session ID: a1a92b652c4ec01a8e4a2f8a2fb94111
org.openqa.selenium.ElementClickInterceptedException: element click intercepted: Element <button type="button" class="btn btn--primary">...</button> is not clickable at point (883, 154). Other element would receive the click: <span class="w-100">...</span>
  (Session info: chrome=132.0.6834.197)
Build info: version: '4.27.0', revision: 'd6e718d134'
System info: os.name: 'Windows 11', os.arch: 'amd64', os.version: '10.0', java.version: '21.0.3'
Driver info: org.openqa.selenium.chrome.ChromeDriver
Command: [a1a92b652c4ec01a8e4a2f8a2fb94111, clickElement {id=f.FFE880F51F078DAA2B819991AA024077.d.BC2E2AFFC4ED7E61EBDE53DDA9A5FC8D.e.366}]
Capabilities {acceptInsecureCerts: false, browserName: chrome, browserVersion: 132.0.6834.197, chrome: {chromedriverVersion: 132.0.6834.159 (2d77d3fc445..., userDataDir: C:\Users\INGRID~1.ZAD\AppDa...}, fedcm:accounts: true, goog:chromeOptions: {debuggerAddress: localhost:58926}, networkConnectionEnabled: false, pageLoadStrategy: normal, platformName: windows, proxy: Proxy(), se:cdp: ws://localhost:58926/devtoo..., se:cdpVersion: 132.0.6834.197, setWindowRect: true, strictFileInteractability: false, timeouts: {implicit: 0, pageLoad: 300000, script: 30000}, unhandledPromptBehavior: dismiss and notify, webauthn:extension:credBlob: true, webauthn:extension:largeBlob: true, webauthn:extension:minPinLength: true, webauthn:extension:prf: true, webauthn:virtualAuthenticators: true}
Element: [[ChromeDriver: chrome on windows (a1a92b652c4ec01a8e4a2f8a2fb94111)] -> css selector: button.btn.btn--primary]
Session ID: a1a92b652c4ec01a8e4a2f8a2fb94111
	at java.base/jdk.internal.reflect.DirectConstructorHandleAccessor.newInstance(DirectConstructorHandleAccessor.java:62)
	at java.base/java.lang.reflect.Constructor.newInstanceWithCaller(Constructor.java:502)
	at java.base/java.lang.reflect.Constructor.newInstance(Constructor.java:486)
	at org.openqa.selenium.remote.ErrorCodec.decode(ErrorCodec.java:167)
	at org.openqa.selenium.remote.codec.w3c.W3CHttpResponseCodec.decode(W3CHttpResponseCodec.java:138)
	at org.openqa.selenium.remote.codec.w3c.W3CHttpResponseCodec.decode(W3CHttpResponseCodec.java:50)
	at org.openqa.selenium.remote.HttpCommandExecutor.execute(HttpCommandExecutor.java:190)
	at org.openqa.selenium.remote.service.DriverCommandExecutor.invokeExecute(DriverCommandExecutor.java:216)
	at org.openqa.selenium.remote.service.DriverCommandExecutor.execute(DriverCommandExecutor.java:174)
	at org.openqa.selenium.remote.RemoteWebDriver.execute(RemoteWebDriver.java:545)
	at org.openqa.selenium.remote.RemoteWebElement.execute(RemoteWebElement.java:223)
	at org.openqa.selenium.remote.RemoteWebElement.click(RemoteWebElement.java:76)
	at java.base/jdk.internal.reflect.DirectMethodHandleAccessor.invoke(DirectMethodHandleAccessor.java:103)
	at java.base/java.lang.reflect.Method.invoke(Method.java:580)
	at org.openqa.selenium.support.pagefactory.internal.LocatingElementHandler.invoke(LocatingElementHandler.java:51)
	at jdk.proxy2/jdk.proxy2.$Proxy14.click(Unknown Source)
	at lt.insoft.uztis.pages.InvitationsPage.clickButtonEdit(InvitationsPage.java:574)
	at lt.insoft.uztis.tests.EvaluationsPageTest.testFillSaveConfirmEvaluationOne(EvaluationsPageTest.java:172)
	at java.base/jdk.internal.reflect.DirectMethodHandleAccessor.invoke(DirectMethodHandleAccessor.java:103)
	at java.base/java.lang.reflect.Method.invoke(Method.java:580)
	at org.junit.platform.commons.util.ReflectionUtils.invokeMethod(ReflectionUtils.java:728)
	at org.junit.jupiter.engine.execution.MethodInvocation.proceed(MethodInvocation.java:60)
	at org.junit.jupiter.engine.execution.InvocationInterceptorChain$ValidatingInvocation.proceed(InvocationInterceptorChain.java:131)
	at org.junit.jupiter.engine.extension.TimeoutExtension.intercept(TimeoutExtension.java:156)
	at org.junit.jupiter.engine.extension.TimeoutExtension.interceptTestableMethod(TimeoutExtension.java:147)
	at org.junit.jupiter.engine.extension.TimeoutExtension.interceptTestMethod(TimeoutExtension.java:86)
	at org.junit.jupiter.engine.execution.InterceptingExecutableInvoker$ReflectiveInterceptorCall.lambda$ofVoidMethod$0(InterceptingExecutableInvoker.java:103)
	at org.junit.jupiter.engine.execution.InterceptingExecutableInvoker.lambda$invoke$0(InterceptingExecutableInvoker.java:93)
	at org.junit.jupiter.engine.execution.InvocationInterceptorChain$InterceptedInvocation.proceed(InvocationInterceptorChain.java:106)
	at org.junit.jupiter.engine.execution.InvocationInterceptorChain.proceed(InvocationInterceptorChain.java:64)
	at org.junit.jupiter.engine.execution.InvocationInterceptorChain.chainAndInvoke(InvocationInterceptorChain.java:45)
	at org.junit.jupiter.engine.execution.InvocationInterceptorChain.invoke(InvocationInterceptorChain.java:37)
	at org.junit.jupiter.engine.execution.InterceptingExecutableInvoker.invoke(InterceptingExecutableInvoker.java:92)
	at org.junit.jupiter.engine.execution.InterceptingExecutableInvoker.invoke(InterceptingExecutableInvoker.java:86)
	at org.junit.jupiter.engine.descriptor.TestMethodTestDescriptor.lambda$invokeTestMethod$7(TestMethodTestDescriptor.java:218)
	at org.junit.platform.engine.support.hierarchical.ThrowableCollector.execute(ThrowableCollector.java:73)
	at org.junit.jupiter.engine.descriptor.TestMethodTestDescriptor.invokeTestMethod(TestMethodTestDescriptor.java:214)
	at org.junit.jupiter.engine.descriptor.TestMethodTestDescriptor.execute(TestMethodTestDescriptor.java:139)
	at org.junit.jupiter.engine.descriptor.TestMethodTestDescriptor.execute(TestMethodTestDescriptor.java:69)
	at org.junit.platform.engine.support.hierarchical.NodeTestTask.lambda$executeRecursively$6(NodeTestTask.java:151)
	at org.junit.platform.engine.support.hierarchical.ThrowableCollector.execute(ThrowableCollector.java:73)
	at org.junit.platform.engine.support.hierarchical.NodeTestTask.lambda$executeRecursively$8(NodeTestTask.java:141)
	at org.junit.platform.engine.support.hierarchical.Node.around(Node.java:137)
	at org.junit.platform.engine.support.hierarchical.NodeTestTask.lambda$executeRecursively$9(NodeTestTask.java:139)
	at org.junit.platform.engine.support.hierarchical.ThrowableCollector.execute(ThrowableCollector.java:73)
	at org.junit.platform.engine.support.hierarchical.NodeTestTask.executeRecursively(NodeTestTask.java:138)
	at org.junit.platform.engine.support.hierarchical.NodeTestTask.execute(NodeTestTask.java:95)
	at java.base/java.util.ArrayList.forEach(ArrayList.java:1596)
	at org.junit.platform.engine.support.hierarchical.SameThreadHierarchicalTestExecutorService.invokeAll(SameThreadHierarchicalTestExecutorService.java:41)
	at org.junit.platform.engine.support.hierarchical.NodeTestTask.lambda$executeRecursively$6(NodeTestTask.java:155)
	at org.junit.platform.engine.support.hierarchical.ThrowableCollector.execute(ThrowableCollector.java:73)
	at org.junit.platform.engine.support.hierarchical.NodeTestTask.lambda$executeRecursively$8(NodeTestTask.java:141)
	at org.junit.platform.engine.support.hierarchical.Node.around(Node.java:137)
	at org.junit.platform.engine.support.hierarchical.NodeTestTask.lambda$executeRecursively$9(NodeTestTask.java:139)
	at org.junit.platform.engine.support.hierarchical.ThrowableCollector.execute(ThrowableCollector.java:73)
	at org.junit.platform.engine.support.hierarchical.NodeTestTask.executeRecursively(NodeTestTask.java:138)
	at org.junit.platform.engine.support.hierarchical.NodeTestTask.execute(NodeTestTask.java:95)
	at java.base/java.util.ArrayList.forEach(ArrayList.java:1596)
	at org.junit.platform.engine.support.hierarchical.SameThreadHierarchicalTestExecutorService.invokeAll(SameThreadHierarchicalTestExecutorService.java:41)
	at org.junit.platform.engine.support.hierarchical.NodeTestTask.lambda$executeRecursively$6(NodeTestTask.java:155)
	at org.junit.platform.engine.support.hierarchical.ThrowableCollector.execute(ThrowableCollector.java:73)
	at org.junit.platform.engine.support.hierarchical.NodeTestTask.lambda$executeRecursively$8(NodeTestTask.java:141)
	at org.junit.platform.engine.support.hierarchical.Node.around(Node.java:137)
	at org.junit.platform.engine.support.hierarchical.NodeTestTask.lambda$executeRecursively$9(NodeTestTask.java:139)
	at org.junit.platform.engine.support.hierarchical.ThrowableCollector.execute(ThrowableCollector.java:73)
	at org.junit.platform.engine.support.hierarchical.NodeTestTask.executeRecursively(NodeTestTask.java:138)
	at org.junit.platform.engine.support.hierarchical.NodeTestTask.execute(NodeTestTask.java:95)
	at org.junit.platform.engine.support.hierarchical.SameThreadHierarchicalTestExecutorService.submit(SameThreadHierarchicalTestExecutorService.java:35)
	at org.junit.platform.engine.support.hierarchical.HierarchicalTestExecutor.execute(HierarchicalTestExecutor.java:57)
	at org.junit.platform.engine.support.hierarchical.HierarchicalTestEngine.execute(HierarchicalTestEngine.java:54)
	at org.junit.platform.launcher.core.EngineExecutionOrchestrator.execute(EngineExecutionOrchestrator.java:198)
	at org.junit.platform.launcher.core.EngineExecutionOrchestrator.execute(EngineExecutionOrchestrator.java:169)
	at org.junit.platform.launcher.core.EngineExecutionOrchestrator.execute(EngineExecutionOrchestrator.java:93)
	at org.junit.platform.launcher.core.EngineExecutionOrchestrator.lambda$execute$0(EngineExecutionOrchestrator.java:58)
	at org.junit.platform.launcher.core.EngineExecutionOrchestrator.withInterceptedStreams(EngineExecutionOrchestrator.java:141)
	at org.junit.platform.launcher.core.EngineExecutionOrchestrator.execute(EngineExecutionOrchestrator.java:57)
	at org.junit.platform.launcher.core.DefaultLauncher.execute(DefaultLauncher.java:103)
	at org.junit.platform.launcher.core.DefaultLauncher.execute(DefaultLauncher.java:85)
	at org.junit.platform.launcher.core.DelegatingLauncher.execute(DelegatingLauncher.java:47)
	at org.junit.platform.launcher.core.SessionPerRequestLauncher.execute(SessionPerRequestLauncher.java:63)
	at com.intellij.junit5.JUnit5IdeaTestRunner.startRunnerWithArgs(JUnit5IdeaTestRunner.java:57)
	at com.intellij.rt.junit.IdeaTestRunner$Repeater$1.execute(IdeaTestRunner.java:38)
	at com.intellij.rt.execution.junit.TestsRepeater.repeat(TestsRepeater.java:11)
	at com.intellij.rt.junit.IdeaTestRunner$Repeater.startRunnerWithArgs(IdeaTestRunner.java:35)
	at com.intellij.rt.junit.JUnitStarter.prepareStreamsAndStart(JUnitStarter.java:232)
	at com.intellij.rt.junit.JUnitStarter.main(JUnitStarter.java:55)
2025-02-17 12:19:49 [main] INFO  l.insoft.uztis.tests.utils.TestUtils - Screenshot moved to C:\Users\ingrida.zadorozniene\Desktop\Asm\UZTIS\UZTIS_tests\test-output\screenshots\20250217\121949359_testFillSaveConfirmEvaluationOne().png
2025-02-17 12:38:52 [main] INFO  lt.insoft.uztis.tests.UztisPageTest - Navigated to https://uztisdev.asseco.lt/home
2025-02-17 12:38:52 [main] INFO  l.i.uztis.tests.EvaluationsPageTest - Starting test:'testFillSaveDraftEvaluationOne'
2025-02-17 12:38:52 [main] INFO  l.i.uztis.tests.EvaluationsPageTest - Starting test:'testNavigateToEvaluationsPage'
2025-02-17 12:38:53 [main] DEBUG l.i.uztis.tests.EvaluationsPageTest - User logged in with test credentials
2025-02-17 12:38:53 [main] DEBUG l.i.uztis.tests.EvaluationsPageTest - Opened 'Application Processing' menu.
2025-02-17 12:38:53 [main] DEBUG l.i.uztis.tests.EvaluationsPageTest - Clicked on 'Evaluations' menu.
2025-02-17 12:38:53 [main] DEBUG l.i.uztis.tests.EvaluationsPageTest - Navigating to evaluations menu.
2025-02-17 12:38:53 [main] INFO  l.i.uztis.tests.EvaluationsPageTest - Test 'testNavigateToEvaluationsPage' completed successfully.
2025-02-17 12:38:53 [main] DEBUG l.i.uztis.tests.EvaluationsPageTest - Clicked on last evaluation.
2025-02-17 12:38:54 [main] DEBUG l.i.uztis.tests.EvaluationsPageTest - Clicked 'Edit'.
2025-02-17 12:38:55 [main] DEBUG l.i.uztis.tests.EvaluationsPageTest - Selected '1.1' radio button.
2025-02-17 12:38:56 [main] DEBUG l.i.uztis.tests.EvaluationsPageTest - Selected '1.2' radio button.
2025-02-17 12:38:56 [main] DEBUG l.i.uztis.tests.EvaluationsPageTest - Selected '1.3' radio button.
2025-02-17 12:38:57 [main] DEBUG l.i.uztis.tests.EvaluationsPageTest - Selected '1.4' radio button.
2025-02-17 12:38:57 [main] DEBUG l.i.uztis.tests.EvaluationsPageTest - Selected '1.5' radio button.
2025-02-17 12:38:58 [main] DEBUG l.i.uztis.tests.EvaluationsPageTest - Selected '2.1' radio button.
2025-02-17 12:38:58 [main] DEBUG l.i.uztis.tests.EvaluationsPageTest - Selected '3.1' radio button.
2025-02-17 12:38:58 [main] DEBUG l.i.uztis.tests.EvaluationsPageTest - Selected '4.2' radio button.
2025-02-17 12:38:59 [main] DEBUG l.i.uztis.tests.EvaluationsPageTest - Selected '5.1' radio button.
2025-02-17 12:38:59 [main] DEBUG l.i.uztis.tests.EvaluationsPageTest - Selected '5.2' radio button.
2025-02-17 12:39:00 [main] DEBUG l.i.uztis.tests.EvaluationsPageTest - Selected '6.1' radio button.
2025-02-17 12:39:00 [main] DEBUG l.i.uztis.tests.EvaluationsPageTest - Selected '6.2' radio button.
2025-02-17 12:39:03 [main] DEBUG l.i.uztis.tests.EvaluationsPageTest - Clicked on expansion panel 'Not Critical'.
2025-02-17 12:39:03 [main] DEBUG l.i.uztis.tests.EvaluationsPageTest - Selected '7' radio button.
2025-02-17 12:39:04 [main] DEBUG l.i.uztis.tests.EvaluationsPageTest - Selected '8_1' radio button.
2025-02-17 12:39:05 [main] DEBUG l.i.uztis.tests.EvaluationsPageTest - Selected '8_2' radio button.
2025-02-17 12:39:05 [main] DEBUG l.i.uztis.tests.EvaluationsPageTest - Selected '8_3' radio button.
2025-02-17 12:39:06 [main] DEBUG l.i.uztis.tests.EvaluationsPageTest - Selected '8_4' radio button.
2025-02-17 12:39:07 [main] DEBUG l.i.uztis.tests.EvaluationsPageTest - Selected '8_5' radio button.
2025-02-17 12:39:07 [main] DEBUG l.i.uztis.tests.EvaluationsPageTest - Selected '8_6' radio button.
2025-02-17 12:39:08 [main] DEBUG l.i.uztis.tests.EvaluationsPageTest - Selected '8_7' radio button.
2025-02-17 12:39:08 [main] DEBUG l.i.uztis.tests.EvaluationsPageTest - Selected '8_8' radio button.
2025-02-17 12:39:09 [main] DEBUG l.i.uztis.tests.EvaluationsPageTest - Selected '8_9' radio button.
2025-02-17 12:39:09 [main] DEBUG l.i.uztis.tests.EvaluationsPageTest - Selected '8_10' radio button.
2025-02-17 12:39:10 [main] DEBUG l.i.uztis.tests.EvaluationsPageTest - Selected '9' radio button.
2025-02-17 12:39:10 [main] DEBUG l.i.uztis.tests.EvaluationsPageTest - Selected '10.1' radio button.
2025-02-17 12:39:11 [main] DEBUG l.i.uztis.tests.EvaluationsPageTest - Selected '10.2' radio button.
2025-02-17 12:39:11 [main] DEBUG l.i.uztis.tests.EvaluationsPageTest - Selected '10.3' radio button.
2025-02-17 12:39:13 [main] DEBUG l.i.uztis.tests.EvaluationsPageTest - Entered  explanation: 'Balas pakoreduotas ranka'.
2025-02-17 12:39:15 [main] DEBUG l.i.uztis.tests.EvaluationsPageTest - Clicked 'Save Draft'.
2025-02-17 12:39:15 [main] DEBUG l.insoft.uztis.pages.InvitationsPage - Verified success message: 'Duomenys sėkmingai išsaugoti.'
2025-02-17 12:39:15 [main] INFO  l.i.uztis.tests.EvaluationsPageTest - Test 'testFillSaveDraftEvaluationOne' completed successfully.
2025-02-17 12:39:47 [main] INFO  lt.insoft.uztis.tests.UztisPageTest - Navigated to https://uztisdev.asseco.lt/home
2025-02-17 12:39:47 [main] INFO  l.i.uztis.tests.EvaluationsPageTest - Starting test:'testFillEvaluationTwo'
2025-02-17 12:39:47 [main] INFO  l.i.uztis.tests.EvaluationsPageTest - Starting test:'testNavigateToEvaluationsPage'
2025-02-17 12:39:48 [main] DEBUG l.i.uztis.tests.EvaluationsPageTest - User logged in with test credentials
2025-02-17 12:39:48 [main] DEBUG l.i.uztis.tests.EvaluationsPageTest - Opened 'Application Processing' menu.
2025-02-17 12:39:48 [main] DEBUG l.i.uztis.tests.EvaluationsPageTest - Clicked on 'Evaluations' menu.
2025-02-17 12:39:48 [main] DEBUG l.i.uztis.tests.EvaluationsPageTest - Navigating to evaluations menu.
2025-02-17 12:39:48 [main] INFO  l.i.uztis.tests.EvaluationsPageTest - Test 'testNavigateToEvaluationsPage' completed successfully.
2025-02-17 12:39:49 [main] DEBUG l.i.uztis.tests.EvaluationsPageTest - Clicked on last evaluation.
2025-02-17 12:39:49 [main] DEBUG l.i.uztis.tests.EvaluationsPageTest - Clicked 'Edit'.
2025-02-17 12:39:53 [main] DEBUG l.i.uztis.tests.EvaluationsPageTest - Clicked 'Confirm'.
2025-02-17 12:39:55 [main] DEBUG l.i.uztis.tests.EvaluationsPageTest - Clicked 'Confirm Confirmation'.
2025-02-17 12:39:55 [main] DEBUG l.i.uztis.tests.EvaluationsPageTest - Fetched label text: Įvertinta
2025-02-17 12:39:56 [main] INFO  l.i.uztis.tests.EvaluationsPageTest - Verified that the label text matches the expected value.
2025-02-17 12:39:56 [main] INFO  l.i.uztis.tests.EvaluationsPageTest - Test 'testFillEvaluationThree' completed successfully.
2025-02-17 12:51:29 [main] INFO  lt.insoft.uztis.tests.UztisPageTest - Navigated to https://uztisdev.asseco.lt/home
2025-02-17 12:51:29 [main] INFO  l.i.uztis.tests.EvaluationsPageTest - Starting test:'testFillSaveDraftEvaluationTwo'
2025-02-17 12:51:29 [main] INFO  l.i.uztis.tests.EvaluationsPageTest - Starting test:'testNavigateToEvaluationsPage'
2025-02-17 12:51:29 [main] DEBUG l.i.uztis.tests.EvaluationsPageTest - User logged in with test credentials
2025-02-17 12:51:30 [main] DEBUG l.i.uztis.tests.EvaluationsPageTest - Opened 'Application Processing' menu.
2025-02-17 12:51:30 [main] DEBUG l.i.uztis.tests.EvaluationsPageTest - Clicked on 'Evaluations' menu.
2025-02-17 12:51:30 [main] DEBUG l.i.uztis.tests.EvaluationsPageTest - Navigating to evaluations menu.
2025-02-17 12:51:30 [main] INFO  l.i.uztis.tests.EvaluationsPageTest - Test 'testNavigateToEvaluationsPage' completed successfully.
2025-02-17 12:51:30 [main] DEBUG l.i.uztis.tests.EvaluationsPageTest - Clicked on last evaluation.
2025-02-17 12:51:31 [main] DEBUG l.i.uztis.tests.EvaluationsPageTest - Clicked 'Edit'.
2025-02-17 12:51:31 [main] DEBUG l.i.uztis.tests.EvaluationsPageTest - Entered commission date.
2025-02-17 12:51:31 [main] DEBUG l.i.uztis.tests.EvaluationsPageTest - Selected 'Without Commission' radio button.
2025-02-17 12:51:32 [main] DEBUG l.i.uztis.tests.EvaluationsPageTest - Entered chairman name: 'Pirmininkas Pirmininkauskas'.
2025-02-17 12:51:32 [main] DEBUG l.i.uztis.tests.EvaluationsPageTest - Entered member name: 'Narys Narauskas'.
2025-02-17 12:51:32 [main] DEBUG l.i.uztis.tests.EvaluationsPageTest - Clicked 'Continue'.
2025-02-17 12:51:32 [main] DEBUG l.i.uztis.tests.EvaluationsPageTest - Entered score edition: '9'.
2025-02-17 12:51:32 [main] DEBUG l.i.uztis.tests.EvaluationsPageTest - Entered chairman score: '10'.
2025-02-17 12:51:33 [main] DEBUG l.i.uztis.tests.EvaluationsPageTest - Entered member score: '11'.
2025-02-17 12:51:33 [main] DEBUG l.i.uztis.tests.EvaluationsPageTest - Entered conclusion: 'Išvada - palanki'.
2025-02-17 12:51:33 [main] DEBUG l.i.uztis.tests.EvaluationsPageTest - Entered  explanation: 'Balas pakoreduotas ranka'.
2025-02-17 12:51:33 [main] DEBUG l.i.uztis.tests.EvaluationsPageTest - Clicked 'Save Draft'.
2025-02-17 12:51:33 [main] DEBUG l.insoft.uztis.pages.InvitationsPage - Verified success message: 'Duomenys sėkmingai išsaugoti.'
2025-02-17 12:51:33 [main] INFO  l.i.uztis.tests.EvaluationsPageTest - Test 'testFillSaveDraftEvaluationTwo' completed successfully.
2025-02-17 12:55:34 [main] INFO  lt.insoft.uztis.tests.UztisPageTest - Navigated to https://uztisdev.asseco.lt/home
2025-02-17 12:55:34 [main] INFO  l.i.uztis.tests.EvaluationsPageTest - Starting test:'testFillSaveDraftEvaluationTwo'
2025-02-17 12:55:34 [main] INFO  l.i.uztis.tests.EvaluationsPageTest - Starting test:'testNavigateToEvaluationsPage'
2025-02-17 12:55:35 [main] DEBUG l.i.uztis.tests.EvaluationsPageTest - User logged in with test credentials
2025-02-17 12:55:35 [main] DEBUG l.i.uztis.tests.EvaluationsPageTest - Opened 'Application Processing' menu.
2025-02-17 12:55:35 [main] DEBUG l.i.uztis.tests.EvaluationsPageTest - Clicked on 'Evaluations' menu.
2025-02-17 12:55:35 [main] DEBUG l.i.uztis.tests.EvaluationsPageTest - Navigating to evaluations menu.
2025-02-17 12:55:35 [main] INFO  l.i.uztis.tests.EvaluationsPageTest - Test 'testNavigateToEvaluationsPage' completed successfully.
2025-02-17 12:55:36 [main] DEBUG l.i.uztis.tests.EvaluationsPageTest - Clicked on last evaluation.
2025-02-17 12:55:36 [main] DEBUG l.i.uztis.tests.EvaluationsPageTest - Clicked 'Edit'.
2025-02-17 12:55:37 [main] DEBUG l.i.uztis.tests.EvaluationsPageTest - Entered commission date.
2025-02-17 12:55:37 [main] DEBUG l.i.uztis.tests.EvaluationsPageTest - Selected 'Without Commission' radio button.
2025-02-17 12:55:37 [main] DEBUG l.i.uztis.tests.EvaluationsPageTest - Entered chairman name: 'Pirmininkas Pirmininkauskas'.
2025-02-17 12:55:37 [main] DEBUG l.i.uztis.tests.EvaluationsPageTest - Entered member name: 'Narys Narauskas'.
2025-02-17 12:55:37 [main] DEBUG l.i.uztis.tests.EvaluationsPageTest - Clicked 'Continue'.
2025-02-17 12:55:43 [main] ERROR l.i.uztis.tests.EvaluationsPageTest - Test 'testFillSaveDraftEvaluationTwo' failed with error: Error communicating with the remote browser. It may have died.
Build info: version: '4.27.0', revision: 'd6e718d134'
System info: os.name: 'Windows 11', os.arch: 'amd64', os.version: '10.0', java.version: '21.0.3'
Driver info: org.openqa.selenium.chrome.ChromeDriver
Command: [d41e619a6aa41451a97ab9869274db8e, clearElement [id]]
Capabilities {acceptInsecureCerts: false, browserName: chrome, browserVersion: 132.0.6834.197, chrome: {chromedriverVersion: 132.0.6834.159 (2d77d3fc445..., userDataDir: C:\Users\INGRID~1.ZAD\AppDa...}, fedcm:accounts: true, goog:chromeOptions: {debuggerAddress: localhost:61529}, networkConnectionEnabled: false, pageLoadStrategy: normal, platformName: windows, proxy: Proxy(), se:cdp: ws://localhost:61529/devtoo..., se:cdpVersion: 132.0.6834.197, setWindowRect: true, strictFileInteractability: false, timeouts: {implicit: 0, pageLoad: 300000, script: 30000}, unhandledPromptBehavior: dismiss and notify, webauthn:extension:credBlob: true, webauthn:extension:largeBlob: true, webauthn:extension:minPinLength: true, webauthn:extension:prf: true, webauthn:virtualAuthenticators: true}
Element: [[ChromeDriver: chrome on windows (d41e619a6aa41451a97ab9869274db8e)] -> xpath: //label[contains(., 'Balas')]/following::input[1]]
Session ID: d41e619a6aa41451a97ab9869274db8e
org.openqa.selenium.remote.UnreachableBrowserException: Error communicating with the remote browser. It may have died.
Build info: version: '4.27.0', revision: 'd6e718d134'
System info: os.name: 'Windows 11', os.arch: 'amd64', os.version: '10.0', java.version: '21.0.3'
Driver info: org.openqa.selenium.chrome.ChromeDriver
Command: [d41e619a6aa41451a97ab9869274db8e, clearElement [id]]
Capabilities {acceptInsecureCerts: false, browserName: chrome, browserVersion: 132.0.6834.197, chrome: {chromedriverVersion: 132.0.6834.159 (2d77d3fc445..., userDataDir: C:\Users\INGRID~1.ZAD\AppDa...}, fedcm:accounts: true, goog:chromeOptions: {debuggerAddress: localhost:61529}, networkConnectionEnabled: false, pageLoadStrategy: normal, platformName: windows, proxy: Proxy(), se:cdp: ws://localhost:61529/devtoo..., se:cdpVersion: 132.0.6834.197, setWindowRect: true, strictFileInteractability: false, timeouts: {implicit: 0, pageLoad: 300000, script: 30000}, unhandledPromptBehavior: dismiss and notify, webauthn:extension:credBlob: true, webauthn:extension:largeBlob: true, webauthn:extension:minPinLength: true, webauthn:extension:prf: true, webauthn:virtualAuthenticators: true}
Element: [[ChromeDriver: chrome on windows (d41e619a6aa41451a97ab9869274db8e)] -> xpath: //label[contains(., 'Balas')]/following::input[1]]
Session ID: d41e619a6aa41451a97ab9869274db8e
	at org.openqa.selenium.remote.RemoteWebDriver.execute(RemoteWebDriver.java:572)
	at org.openqa.selenium.remote.RemoteWebElement.execute(RemoteWebElement.java:223)
	at org.openqa.selenium.remote.RemoteWebElement.clear(RemoteWebElement.java:129)
	at java.base/jdk.internal.reflect.DirectMethodHandleAccessor.invoke(DirectMethodHandleAccessor.java:103)
	at java.base/java.lang.reflect.Method.invoke(Method.java:580)
	at org.openqa.selenium.support.pagefactory.internal.LocatingElementHandler.invoke(LocatingElementHandler.java:51)
	at jdk.proxy2/jdk.proxy2.$Proxy14.clear(Unknown Source)
	at lt.insoft.uztis.pages.EvaluationsPage.enterScoreEdition(EvaluationsPage.java:520)
	at lt.insoft.uztis.tests.EvaluationsPageTest.testFillSaveDraftEvaluationTwo(EvaluationsPageTest.java:244)
	at java.base/jdk.internal.reflect.DirectMethodHandleAccessor.invoke(DirectMethodHandleAccessor.java:103)
	at java.base/java.lang.reflect.Method.invoke(Method.java:580)
	at org.junit.platform.commons.util.ReflectionUtils.invokeMethod(ReflectionUtils.java:728)
	at org.junit.jupiter.engine.execution.MethodInvocation.proceed(MethodInvocation.java:60)
	at org.junit.jupiter.engine.execution.InvocationInterceptorChain$ValidatingInvocation.proceed(InvocationInterceptorChain.java:131)
	at org.junit.jupiter.engine.extension.TimeoutExtension.intercept(TimeoutExtension.java:156)
	at org.junit.jupiter.engine.extension.TimeoutExtension.interceptTestableMethod(TimeoutExtension.java:147)
	at org.junit.jupiter.engine.extension.TimeoutExtension.interceptTestMethod(TimeoutExtension.java:86)
	at org.junit.jupiter.engine.execution.InterceptingExecutableInvoker$ReflectiveInterceptorCall.lambda$ofVoidMethod$0(InterceptingExecutableInvoker.java:103)
	at org.junit.jupiter.engine.execution.InterceptingExecutableInvoker.lambda$invoke$0(InterceptingExecutableInvoker.java:93)
	at org.junit.jupiter.engine.execution.InvocationInterceptorChain$InterceptedInvocation.proceed(InvocationInterceptorChain.java:106)
	at org.junit.jupiter.engine.execution.InvocationInterceptorChain.proceed(InvocationInterceptorChain.java:64)
	at org.junit.jupiter.engine.execution.InvocationInterceptorChain.chainAndInvoke(InvocationInterceptorChain.java:45)
	at org.junit.jupiter.engine.execution.InvocationInterceptorChain.invoke(InvocationInterceptorChain.java:37)
	at org.junit.jupiter.engine.execution.InterceptingExecutableInvoker.invoke(InterceptingExecutableInvoker.java:92)
	at org.junit.jupiter.engine.execution.InterceptingExecutableInvoker.invoke(InterceptingExecutableInvoker.java:86)
	at org.junit.jupiter.engine.descriptor.TestMethodTestDescriptor.lambda$invokeTestMethod$7(TestMethodTestDescriptor.java:218)
	at org.junit.platform.engine.support.hierarchical.ThrowableCollector.execute(ThrowableCollector.java:73)
	at org.junit.jupiter.engine.descriptor.TestMethodTestDescriptor.invokeTestMethod(TestMethodTestDescriptor.java:214)
	at org.junit.jupiter.engine.descriptor.TestMethodTestDescriptor.execute(TestMethodTestDescriptor.java:139)
	at org.junit.jupiter.engine.descriptor.TestMethodTestDescriptor.execute(TestMethodTestDescriptor.java:69)
	at org.junit.platform.engine.support.hierarchical.NodeTestTask.lambda$executeRecursively$6(NodeTestTask.java:151)
	at org.junit.platform.engine.support.hierarchical.ThrowableCollector.execute(ThrowableCollector.java:73)
	at org.junit.platform.engine.support.hierarchical.NodeTestTask.lambda$executeRecursively$8(NodeTestTask.java:141)
	at org.junit.platform.engine.support.hierarchical.Node.around(Node.java:137)
	at org.junit.platform.engine.support.hierarchical.NodeTestTask.lambda$executeRecursively$9(NodeTestTask.java:139)
	at org.junit.platform.engine.support.hierarchical.ThrowableCollector.execute(ThrowableCollector.java:73)
	at org.junit.platform.engine.support.hierarchical.NodeTestTask.executeRecursively(NodeTestTask.java:138)
	at org.junit.platform.engine.support.hierarchical.NodeTestTask.execute(NodeTestTask.java:95)
	at java.base/java.util.ArrayList.forEach(ArrayList.java:1596)
	at org.junit.platform.engine.support.hierarchical.SameThreadHierarchicalTestExecutorService.invokeAll(SameThreadHierarchicalTestExecutorService.java:41)
	at org.junit.platform.engine.support.hierarchical.NodeTestTask.lambda$executeRecursively$6(NodeTestTask.java:155)
	at org.junit.platform.engine.support.hierarchical.ThrowableCollector.execute(ThrowableCollector.java:73)
	at org.junit.platform.engine.support.hierarchical.NodeTestTask.lambda$executeRecursively$8(NodeTestTask.java:141)
	at org.junit.platform.engine.support.hierarchical.Node.around(Node.java:137)
	at org.junit.platform.engine.support.hierarchical.NodeTestTask.lambda$executeRecursively$9(NodeTestTask.java:139)
	at org.junit.platform.engine.support.hierarchical.ThrowableCollector.execute(ThrowableCollector.java:73)
	at org.junit.platform.engine.support.hierarchical.NodeTestTask.executeRecursively(NodeTestTask.java:138)
	at org.junit.platform.engine.support.hierarchical.NodeTestTask.execute(NodeTestTask.java:95)
	at java.base/java.util.ArrayList.forEach(ArrayList.java:1596)
	at org.junit.platform.engine.support.hierarchical.SameThreadHierarchicalTestExecutorService.invokeAll(SameThreadHierarchicalTestExecutorService.java:41)
	at org.junit.platform.engine.support.hierarchical.NodeTestTask.lambda$executeRecursively$6(NodeTestTask.java:155)
	at org.junit.platform.engine.support.hierarchical.ThrowableCollector.execute(ThrowableCollector.java:73)
	at org.junit.platform.engine.support.hierarchical.NodeTestTask.lambda$executeRecursively$8(NodeTestTask.java:141)
	at org.junit.platform.engine.support.hierarchical.Node.around(Node.java:137)
	at org.junit.platform.engine.support.hierarchical.NodeTestTask.lambda$executeRecursively$9(NodeTestTask.java:139)
	at org.junit.platform.engine.support.hierarchical.ThrowableCollector.execute(ThrowableCollector.java:73)
	at org.junit.platform.engine.support.hierarchical.NodeTestTask.executeRecursively(NodeTestTask.java:138)
	at org.junit.platform.engine.support.hierarchical.NodeTestTask.execute(NodeTestTask.java:95)
	at org.junit.platform.engine.support.hierarchical.SameThreadHierarchicalTestExecutorService.submit(SameThreadHierarchicalTestExecutorService.java:35)
	at org.junit.platform.engine.support.hierarchical.HierarchicalTestExecutor.execute(HierarchicalTestExecutor.java:57)
	at org.junit.platform.engine.support.hierarchical.HierarchicalTestEngine.execute(HierarchicalTestEngine.java:54)
	at org.junit.platform.launcher.core.EngineExecutionOrchestrator.execute(EngineExecutionOrchestrator.java:198)
	at org.junit.platform.launcher.core.EngineExecutionOrchestrator.execute(EngineExecutionOrchestrator.java:169)
	at org.junit.platform.launcher.core.EngineExecutionOrchestrator.execute(EngineExecutionOrchestrator.java:93)
	at org.junit.platform.launcher.core.EngineExecutionOrchestrator.lambda$execute$0(EngineExecutionOrchestrator.java:58)
	at org.junit.platform.launcher.core.EngineExecutionOrchestrator.withInterceptedStreams(EngineExecutionOrchestrator.java:141)
	at org.junit.platform.launcher.core.EngineExecutionOrchestrator.execute(EngineExecutionOrchestrator.java:57)
	at org.junit.platform.launcher.core.DefaultLauncher.execute(DefaultLauncher.java:103)
	at org.junit.platform.launcher.core.DefaultLauncher.execute(DefaultLauncher.java:85)
	at org.junit.platform.launcher.core.DelegatingLauncher.execute(DelegatingLauncher.java:47)
	at org.junit.platform.launcher.core.SessionPerRequestLauncher.execute(SessionPerRequestLauncher.java:63)
	at com.intellij.junit5.JUnit5IdeaTestRunner.startRunnerWithArgs(JUnit5IdeaTestRunner.java:57)
	at com.intellij.rt.junit.IdeaTestRunner$Repeater$1.execute(IdeaTestRunner.java:38)
	at com.intellij.rt.execution.junit.TestsRepeater.repeat(TestsRepeater.java:11)
	at com.intellij.rt.junit.IdeaTestRunner$Repeater.startRunnerWithArgs(IdeaTestRunner.java:35)
	at com.intellij.rt.junit.JUnitStarter.prepareStreamsAndStart(JUnitStarter.java:232)
	at com.intellij.rt.junit.JUnitStarter.main(JUnitStarter.java:55)
Caused by: java.io.UncheckedIOException: java.io.IOException: HTTP/1.1 header parser received no bytes
	at org.openqa.selenium.remote.http.jdk.JdkHttpClient.execute0(JdkHttpClient.java:496)
	at org.openqa.selenium.remote.http.AddSeleniumUserAgent.lambda$apply$0(AddSeleniumUserAgent.java:42)
	at org.openqa.selenium.remote.http.Filter.lambda$andFinally$1(Filter.java:55)
	at org.openqa.selenium.remote.http.jdk.JdkHttpClient.lambda$executeAsync$1(JdkHttpClient.java:383)
	at java.base/java.util.concurrent.Executors$RunnableAdapter.call(Executors.java:572)
	at java.base/java.util.concurrent.FutureTask.run(FutureTask.java:317)
	at java.base/java.util.concurrent.ThreadPoolExecutor.runWorker(ThreadPoolExecutor.java:1144)
	at java.base/java.util.concurrent.ThreadPoolExecutor$Worker.run(ThreadPoolExecutor.java:642)
	at java.base/java.lang.Thread.run(Thread.java:1583)
Caused by: java.io.IOException: HTTP/1.1 header parser received no bytes
	at java.net.http/jdk.internal.net.http.HttpClientImpl.send(HttpClientImpl.java:964)
	at java.net.http/jdk.internal.net.http.HttpClientFacade.send(HttpClientFacade.java:133)
	at org.openqa.selenium.remote.http.jdk.JdkHttpClient.execute0(JdkHttpClient.java:455)
	... 8 common frames omitted
Caused by: java.io.IOException: HTTP/1.1 header parser received no bytes
	at java.net.http/jdk.internal.net.http.common.Utils.wrapWithExtraDetail(Utils.java:388)
	at java.net.http/jdk.internal.net.http.Http1Response$HeadersReader.onReadError(Http1Response.java:590)
	at java.net.http/jdk.internal.net.http.Http1AsyncReceiver.checkForErrors(Http1AsyncReceiver.java:302)
	at java.net.http/jdk.internal.net.http.Http1AsyncReceiver.flush(Http1AsyncReceiver.java:268)
	at java.net.http/jdk.internal.net.http.common.SequentialScheduler$LockingRestartableTask.run(SequentialScheduler.java:182)
	at java.net.http/jdk.internal.net.http.common.SequentialScheduler$CompleteRestartableTask.run(SequentialScheduler.java:149)
	at java.net.http/jdk.internal.net.http.common.SequentialScheduler$SchedulableTask.run(SequentialScheduler.java:207)
	... 3 common frames omitted
Caused by: java.net.SocketException: Connection reset
	at java.base/sun.nio.ch.SocketChannelImpl.throwConnectionReset(SocketChannelImpl.java:401)
	at java.base/sun.nio.ch.SocketChannelImpl.read(SocketChannelImpl.java:434)
	at java.net.http/jdk.internal.net.http.SocketTube.readAvailable(SocketTube.java:1178)
	at java.net.http/jdk.internal.net.http.SocketTube$InternalReadPublisher$InternalReadSubscription.read(SocketTube.java:841)
	at java.net.http/jdk.internal.net.http.SocketTube$SocketFlowTask.run(SocketTube.java:181)
	at java.net.http/jdk.internal.net.http.common.SequentialScheduler$SchedulableTask.run(SequentialScheduler.java:207)
	at java.net.http/jdk.internal.net.http.common.SequentialScheduler.runOrSchedule(SequentialScheduler.java:280)
	at java.net.http/jdk.internal.net.http.common.SequentialScheduler.runOrSchedule(SequentialScheduler.java:233)
	at java.net.http/jdk.internal.net.http.SocketTube$InternalReadPublisher$InternalReadSubscription.signalReadable(SocketTube.java:782)
	at java.net.http/jdk.internal.net.http.SocketTube$InternalReadPublisher$ReadEvent.signalEvent(SocketTube.java:965)
	at java.net.http/jdk.internal.net.http.SocketTube$SocketFlowEvent.handle(SocketTube.java:253)
	at java.net.http/jdk.internal.net.http.HttpClientImpl$SelectorManager.handleEvent(HttpClientImpl.java:1467)
	at java.net.http/jdk.internal.net.http.HttpClientImpl$SelectorManager.lambda$run$3(HttpClientImpl.java:1412)
	at java.base/java.util.ArrayList.forEach(ArrayList.java:1596)
	at java.net.http/jdk.internal.net.http.HttpClientImpl$SelectorManager.run(HttpClientImpl.java:1412)
2025-02-17 12:57:29 [main] INFO  lt.insoft.uztis.tests.UztisPageTest - Navigated to https://uztisdev.asseco.lt/home
2025-02-17 12:57:29 [main] INFO  l.i.uztis.tests.EvaluationsPageTest - Starting test:'testConfirmEvaluationTwo'
2025-02-17 12:57:29 [main] INFO  l.i.uztis.tests.EvaluationsPageTest - Starting test:'testNavigateToEvaluationsPage'
2025-02-17 12:57:30 [main] DEBUG l.i.uztis.tests.EvaluationsPageTest - User logged in with test credentials
2025-02-17 12:57:30 [main] DEBUG l.i.uztis.tests.EvaluationsPageTest - Opened 'Application Processing' menu.
2025-02-17 12:57:30 [main] DEBUG l.i.uztis.tests.EvaluationsPageTest - Clicked on 'Evaluations' menu.
2025-02-17 12:57:30 [main] DEBUG l.i.uztis.tests.EvaluationsPageTest - Navigating to evaluations menu.
2025-02-17 12:57:30 [main] INFO  l.i.uztis.tests.EvaluationsPageTest - Test 'testNavigateToEvaluationsPage' completed successfully.
2025-02-17 12:57:31 [main] DEBUG l.i.uztis.tests.EvaluationsPageTest - Clicked on last evaluation.
2025-02-17 12:57:31 [main] DEBUG l.i.uztis.tests.EvaluationsPageTest - Clicked 'Edit'.
2025-02-17 12:57:32 [main] DEBUG l.i.uztis.tests.EvaluationsPageTest - Clicked 'Continue'.
2025-02-17 12:57:32 [main] DEBUG l.i.uztis.tests.EvaluationsPageTest - Entered conclusion: 'Išvada - papildyta'.
2025-02-17 12:57:32 [main] DEBUG l.i.uztis.tests.EvaluationsPageTest - Clicked 'Confirm'.
2025-02-17 12:57:32 [main] DEBUG l.i.uztis.tests.EvaluationsPageTest - Clicked 'Confirm Confirmation'.
2025-02-17 12:57:33 [main] DEBUG l.i.uztis.tests.EvaluationsPageTest - Fetched label text: Įvertinta
2025-02-17 12:57:33 [main] INFO  l.i.uztis.tests.EvaluationsPageTest - Verified that the label text matches the expected value.
2025-02-17 12:57:33 [main] INFO  l.i.uztis.tests.EvaluationsPageTest - Test 'testConfirmEvaluationTwo' completed successfully.
2025-02-17 13:02:04 [main] INFO  lt.insoft.uztis.tests.UztisPageTest - Navigated to https://uztisdev.asseco.lt/home
2025-02-17 13:02:05 [main] INFO  l.i.uztis.tests.EvaluationsPageTest - Starting test:'testFillSaveDraftEvaluationThree'
2025-02-17 13:02:05 [main] INFO  l.i.uztis.tests.EvaluationsPageTest - Starting test:'testNavigateToEvaluationsPage'
2025-02-17 13:02:05 [main] DEBUG l.i.uztis.tests.EvaluationsPageTest - User logged in with test credentials
2025-02-17 13:02:05 [main] DEBUG l.i.uztis.tests.EvaluationsPageTest - Opened 'Application Processing' menu.
2025-02-17 13:02:06 [main] DEBUG l.i.uztis.tests.EvaluationsPageTest - Clicked on 'Evaluations' menu.
2025-02-17 13:02:06 [main] DEBUG l.i.uztis.tests.EvaluationsPageTest - Navigating to evaluations menu.
2025-02-17 13:02:06 [main] INFO  l.i.uztis.tests.EvaluationsPageTest - Test 'testNavigateToEvaluationsPage' completed successfully.
2025-02-17 13:02:06 [main] DEBUG l.i.uztis.tests.EvaluationsPageTest - Clicked on last evaluation.
2025-02-17 13:02:07 [main] DEBUG l.i.uztis.tests.EvaluationsPageTest - Clicked 'Edit'.
2025-02-17 13:02:07 [main] DEBUG l.i.uztis.tests.EvaluationsPageTest - Entered commission date.
2025-02-17 13:02:07 [main] DEBUG l.i.uztis.tests.EvaluationsPageTest - Selected 'Without Commission' radio button.
2025-02-17 13:02:08 [main] DEBUG l.i.uztis.tests.EvaluationsPageTest - Entered chairman name: 'Pirmininkas Pirmininkauskas'.
2025-02-17 13:02:08 [main] DEBUG l.i.uztis.tests.EvaluationsPageTest - Entered member name: 'Narys Narauskas'.
2025-02-17 13:02:08 [main] DEBUG l.i.uztis.tests.EvaluationsPageTest - Clicked 'Continue'.
2025-02-17 13:02:08 [main] DEBUG l.i.uztis.tests.EvaluationsPageTest - Entered chairman score 1: '1'.
2025-02-17 13:02:08 [main] DEBUG l.i.uztis.tests.EvaluationsPageTest - Entered member score 1: '2'.
2025-02-17 13:02:09 [main] DEBUG l.i.uztis.tests.EvaluationsPageTest - Entered member conclusion 1: 'Išvada - palanki 1'.
2025-02-17 13:02:09 [main] DEBUG l.i.uztis.tests.EvaluationsPageTest - Entered chairman score 2: '3'.
2025-02-17 13:02:09 [main] DEBUG l.i.uztis.tests.EvaluationsPageTest - Entered member score 2: '4'.
2025-02-17 13:02:09 [main] DEBUG l.i.uztis.tests.EvaluationsPageTest - Entered member conclusion 2: 'Išvada - palanki 2'.
2025-02-17 13:02:09 [main] DEBUG l.i.uztis.tests.EvaluationsPageTest - Entered chairman score 3: '5'.
2025-02-17 13:02:09 [main] DEBUG l.i.uztis.tests.EvaluationsPageTest - Entered member score 3: '6'.
2025-02-17 13:02:09 [main] DEBUG l.i.uztis.tests.EvaluationsPageTest - Entered member conclusion 3: 'Išvada - palanki 3'.
2025-02-17 13:02:10 [main] DEBUG l.i.uztis.tests.EvaluationsPageTest - Entered chairman score 4: '7'.
2025-02-17 13:02:10 [main] DEBUG l.i.uztis.tests.EvaluationsPageTest - Entered member score 4: '8'.
2025-02-17 13:02:10 [main] DEBUG l.i.uztis.tests.EvaluationsPageTest - Entered member conclusion 4: 'Išvada - palanki 4'.
2025-02-17 13:02:10 [main] DEBUG l.i.uztis.tests.EvaluationsPageTest - Entered chairman score 5: '9'.
2025-02-17 13:02:10 [main] DEBUG l.i.uztis.tests.EvaluationsPageTest - Entered member score 5: '10'.
2025-02-17 13:02:10 [main] DEBUG l.i.uztis.tests.EvaluationsPageTest - Entered member conclusion 5: 'Išvada - palanki 5'.
2025-02-17 13:02:11 [main] DEBUG l.i.uztis.tests.EvaluationsPageTest - Clicked 'Save Draft'.
2025-02-17 13:02:11 [main] DEBUG l.insoft.uztis.pages.InvitationsPage - Verified success message: 'Duomenys sėkmingai išsaugoti.'
2025-02-17 13:02:11 [main] INFO  l.i.uztis.tests.EvaluationsPageTest - Test 'testFillSaveDraftEvaluationThree' completed successfully.
2025-02-17 13:02:30 [main] INFO  lt.insoft.uztis.tests.UztisPageTest - Navigated to https://uztisdev.asseco.lt/home
2025-02-17 13:02:30 [main] INFO  l.i.uztis.tests.EvaluationsPageTest - Starting test:'testConfirmEvaluationThree'
2025-02-17 13:02:30 [main] INFO  l.i.uztis.tests.EvaluationsPageTest - Starting test:'testNavigateToEvaluationsPage'
2025-02-17 13:02:31 [main] DEBUG l.i.uztis.tests.EvaluationsPageTest - User logged in with test credentials
2025-02-17 13:02:31 [main] DEBUG l.i.uztis.tests.EvaluationsPageTest - Opened 'Application Processing' menu.
2025-02-17 13:02:31 [main] DEBUG l.i.uztis.tests.EvaluationsPageTest - Clicked on 'Evaluations' menu.
2025-02-17 13:02:31 [main] DEBUG l.i.uztis.tests.EvaluationsPageTest - Navigating to evaluations menu.
2025-02-17 13:02:31 [main] INFO  l.i.uztis.tests.EvaluationsPageTest - Test 'testNavigateToEvaluationsPage' completed successfully.
2025-02-17 13:02:31 [main] DEBUG l.i.uztis.tests.EvaluationsPageTest - Clicked on last evaluation.
2025-02-17 13:02:32 [main] DEBUG l.i.uztis.tests.EvaluationsPageTest - Clicked 'Edit'.
2025-02-17 13:02:33 [main] DEBUG l.i.uztis.tests.EvaluationsPageTest - Clicked 'Continue'.
2025-02-17 13:02:33 [main] DEBUG l.i.uztis.tests.EvaluationsPageTest - Entered conclusion: 'Išvada - papildyta'.
2025-02-17 13:02:33 [main] DEBUG l.i.uztis.tests.EvaluationsPageTest - Clicked 'Confirm'.
2025-02-17 13:02:33 [main] DEBUG l.i.uztis.tests.EvaluationsPageTest - Clicked 'Confirm Confirmation'.
2025-02-17 13:02:34 [main] DEBUG l.i.uztis.tests.EvaluationsPageTest - Fetched label text: Įvertinta
2025-02-17 13:02:34 [main] INFO  l.i.uztis.tests.EvaluationsPageTest - Verified that the label text matches the expected value.
2025-02-17 13:02:34 [main] INFO  l.i.uztis.tests.EvaluationsPageTest - Test 'testConfirmEvaluationThree' completed successfully.
2025-02-17 13:12:44 [main] INFO  lt.insoft.uztis.tests.UztisPageTest - Navigated to https://uztisdev.asseco.lt/home
2025-02-17 13:12:44 [main] INFO  l.i.u.t.SubmittedApplicationsPageTest - Starting test:'testFillNewVUIPApplicationFA'
2025-02-17 13:12:44 [main] DEBUG l.i.u.t.SubmittedApplicationsPageTest - User logged in with test credentials.
2025-02-17 13:12:45 [main] DEBUG l.i.u.t.SubmittedApplicationsPageTest - Opened 'Application Processing' menu.
2025-02-17 13:12:45 [main] DEBUG l.i.u.t.SubmittedApplicationsPageTest - Clicked on 'Application Forms' menu.
2025-02-17 13:12:45 [main] DEBUG l.i.u.t.SubmittedApplicationsPageTest - Retrieved last description code text: 'TST-VUI-00'.
2025-02-17 13:12:45 [main] DEBUG l.i.u.t.SubmittedApplicationsPageTest - Clicked on 'Invitation' menu.
2025-02-17 13:12:46 [main] DEBUG l.i.u.t.SubmittedApplicationsPageTest - Selected application section by code: 'TST-VUI-00'.
2025-02-17 13:12:46 [main] DEBUG l.i.u.t.SubmittedApplicationsPageTest - Clicked 'Search' button.
2025-02-17 13:12:46 [main] DEBUG l.i.u.t.SubmittedApplicationsPageTest - Retrieved invitation code: ''.
2025-02-17 13:12:46 [main] DEBUG l.i.u.t.SubmittedApplicationsPageTest - Clicked on 'Submitted Applications' menu.
2025-02-17 13:12:48 [main] DEBUG l.i.u.t.SubmittedApplicationsPageTest - Selected invitation by code: 'TST-VUI-00'.
2025-02-17 13:12:48 [main] DEBUG l.i.u.t.SubmittedApplicationsPageTest - Invitation code inserted.
2025-02-17 13:12:48 [main] DEBUG l.i.u.t.SubmittedApplicationsPageTest - Clicked on 'Action Application' button.
2025-02-17 13:12:48 [main] DEBUG l.i.u.t.SubmittedApplicationsPageTest - Clicked on 'New Application' button.
2025-02-17 13:12:48 [main] DEBUG l.i.u.t.SubmittedApplicationsPageTest - Selected the 'RadioButtonFA' option.
2025-02-17 13:12:49 [main] DEBUG l.i.u.t.SubmittedApplicationsPageTest - Entered phone number: '61298745'.
2025-02-17 13:12:49 [main] DEBUG l.i.u.t.SubmittedApplicationsPageTest - Entered email: 'test@autotest.com'.
2025-02-17 13:12:49 [main] INFO  l.i.u.p.SubmittedApplicationsPage - Clicking on the dropdown button.
2025-02-17 13:13:06 [main] INFO  l.i.u.p.SubmittedApplicationsPage - Found 1741 options in the dropdown.
2025-02-17 13:13:06 [main] DEBUG l.i.u.p.SubmittedApplicationsPage - Checking option: ''
2025-02-17 13:13:06 [main] DEBUG l.i.u.p.SubmittedApplicationsPage - Checking option: '01.11 - Grūdinių (išskyrus ryžius), ankštinių ir aliejingų sėklų augalų auginimas'
2025-02-17 13:13:06 [main] INFO  l.i.u.p.SubmittedApplicationsPage - Successfully selected the value: '01.11 - Grūdinių (išskyrus ryžius), ankštinių ir aliejingų sėklų augalų auginimas'
2025-02-17 13:13:06 [main] INFO  l.i.u.p.SubmittedApplicationsPage - Attempting to close the dropdown.
2025-02-17 13:13:17 [main] INFO  l.i.u.p.SubmittedApplicationsPage - Dropdown should be closed now.
2025-02-17 13:13:17 [main] DEBUG l.i.u.t.SubmittedApplicationsPageTest - Selected EVRK value: '01.11 - Grūdinių (išskyrus ryžius), ankštinių ir aliejingų sėklų augalų auginimas'.
2025-02-17 13:13:17 [main] DEBUG l.i.u.t.SubmittedApplicationsPageTest - Entered address: 'Vilniaus m. sav., Vilnius, Testo g. 10T'.
2025-02-17 13:13:17 [main] DEBUG l.i.u.t.SubmittedApplicationsPageTest - Entered project date.
2025-02-17 13:13:17 [main] DEBUG l.i.u.t.SubmittedApplicationsPageTest - Entered job count: '1'.
2025-02-17 13:13:18 [main] DEBUG l.i.u.t.SubmittedApplicationsPageTest - Clicked 'Next' button.
2025-02-17 13:13:18 [main] INFO  l.i.u.p.SubmittedApplicationsPage - Located the dropdown button.
2025-02-17 13:13:19 [main] INFO  l.i.u.p.SubmittedApplicationsPage - Successfully selected the value: 'Administratoriai'
2025-02-17 13:13:49 [main] ERROR l.i.u.p.SubmittedApplicationsPage - Timeout while waiting for dropdown to close with aria-expanded = 'false'.
2025-02-17 13:13:49 [main] DEBUG l.i.u.t.SubmittedApplicationsPageTest - Selected job name: 'Administratoriai'.
2025-02-17 13:13:49 [main] DEBUG l.i.u.t.SubmittedApplicationsPageTest - Entered job function: 'Funkcija 1'.
2025-02-17 13:13:49 [main] DEBUG l.i.u.t.SubmittedApplicationsPageTest - Selected 'RadioButtonWithDisabilities' option.
2025-02-17 13:13:49 [main] INFO  l.i.u.p.SubmittedApplicationsPage - Clicking on the dropdown button.
2025-02-17 13:13:50 [main] INFO  l.i.u.p.SubmittedApplicationsPage - Found 34 options in the dropdown.
2025-02-17 13:13:50 [main] DEBUG l.i.u.p.SubmittedApplicationsPage - Checking option: 'Asmenys, kuriems suteiktas pabėgėlio statusas ar perkeliamojo asmens statusas, arba asmenys, kuriems suteikta papildoma ar laikinoji apsauga, ir asmenys, turintys teisę gauti laikinąją apsaugą, iki sprendimo dėl laikinosios apsaugos suteikimo (nesuteikimo) priėmimo, tačiau ne ilgiau kaip laikinosios apsaugos laikotarpiu'
2025-02-17 13:13:50 [main] DEBUG l.i.u.p.SubmittedApplicationsPage - Checking option: 'Asmenys, kuriems suteiktas pabėgėlio statusas ar perkeliamojo asmens statusas, arba asmenys, kuriems suteikta papildoma ar laikinoji apsauga, ir asmenys, turintys teisę gauti laikinąją apsaugą, iki sprendimo dėl laikinosios apsaugos suteikimo (nesuteikimo) priėmimo, tačiau ne ilgiau kaip laikinosios apsaugos laikotarpiu'
2025-02-17 13:13:50 [main] DEBUG l.i.u.p.SubmittedApplicationsPage - Checking option: 'Asmenys, turintys teisę į papildomas užimtumo garantijas pagal Lietuvos Respublikos valstybės įmonės Ignalinos atominės elektrinės darbuotojų papildomų užimtumo ir socialinių garantijų įstatymą'
2025-02-17 13:13:50 [main] DEBUG l.i.u.p.SubmittedApplicationsPage - Checking option: 'Asmenys, turintys teisę į papildomas užimtumo garantijas pagal Lietuvos Respublikos valstybės įmonės Ignalinos atominės elektrinės darbuotojų papildomų užimtumo ir socialinių garantijų įstatymą'
2025-02-17 13:13:50 [main] DEBUG l.i.u.p.SubmittedApplicationsPage - Checking option: 'Bedarbiai iki 29 metų'
2025-02-17 13:13:50 [main] DEBUG l.i.u.p.SubmittedApplicationsPage - Checking option: 'Bedarbiai iki 29 metų'
2025-02-17 13:13:50 [main] DEBUG l.i.u.p.SubmittedApplicationsPage - Checking option: 'Bedarbiai, kurie yra darbingo amžiaus neįgalieji, kuriems nustatytas 30–40 procentų darbingumo lygis arba vidutinis neįgalumo lygis'
2025-02-17 13:13:50 [main] DEBUG l.i.u.p.SubmittedApplicationsPage - Checking option: 'Bedarbiai, kurie yra darbingo amžiaus neįgalieji, kuriems nustatytas 30–40 procentų darbingumo lygis arba vidutinis neįgalumo lygis'
2025-02-17 13:13:50 [main] DEBUG l.i.u.p.SubmittedApplicationsPage - Checking option: 'Bedarbiai, kurie yra darbingo amžiaus neįgalieji, kuriems nustatytas 45–55 procentų darbingumo lygis arba lengvas neįgalumo lygis'
2025-02-17 13:13:50 [main] DEBUG l.i.u.p.SubmittedApplicationsPage - Checking option: 'Bedarbiai, kurie yra darbingo amžiaus neįgalieji, kuriems nustatytas 45–55 procentų darbingumo lygis arba lengvas neįgalumo lygis'
2025-02-17 13:13:50 [main] DEBUG l.i.u.p.SubmittedApplicationsPage - Checking option: 'Bedarbiai, kurie yra darbingo amžiaus neįgalieji, kuriems nustatytas iki 25 procentų darbingumo lygis arba sunkus neįgalumo lygis'
2025-02-17 13:13:50 [main] INFO  l.i.u.p.SubmittedApplicationsPage - Successfully selected the value: 'Bedarbiai, kurie yra darbingo amžiaus neįgalieji, kuriems nustatytas iki 25 procentų darbingumo lygis arba sunkus neįgalumo lygis'
2025-02-17 13:13:50 [main] INFO  l.i.u.p.SubmittedApplicationsPage - Attempting to close the dropdown.
2025-02-17 13:14:01 [main] INFO  l.i.u.p.SubmittedApplicationsPage - Dropdown should be closed now.
2025-02-17 13:14:01 [main] DEBUG l.i.u.t.SubmittedApplicationsPageTest - Selected disabilities type: 'Bedarbiai, kurie yra darbingo amžiaus neįgalieji, kuriems nustatytas iki 25 procentų darbingumo lygis arba sunkus neįgalumo lygis'.
2025-02-17 13:14:01 [main] DEBUG l.i.u.t.SubmittedApplicationsPageTest - Entered disability information: 'Negalia 1'.
2025-02-17 13:14:01 [main] INFO  l.i.u.p.SubmittedApplicationsPage - Located the dropdown button.
2025-02-17 13:14:01 [main] INFO  l.i.u.p.SubmittedApplicationsPage - Successfully selected the value: 'Kita'
2025-02-17 13:14:12 [main] ERROR l.i.u.p.SubmittedApplicationsPage - Timeout while waiting for dropdown to close with aria-expanded = 'false'.
2025-02-17 13:14:12 [main] DEBUG l.i.u.t.SubmittedApplicationsPageTest - Selected time mode: 'Kita'.
2025-02-17 13:14:12 [main] DEBUG l.i.u.t.SubmittedApplicationsPageTest - Selected time mode other: '6 val. per dieną ir 4 d. per savaitę'.
2025-02-17 13:14:12 [main] DEBUG l.i.u.t.SubmittedApplicationsPageTest - Entered qualification: 'Kvalifikacija 1'.
2025-02-17 13:14:12 [main] DEBUG l.i.u.t.SubmittedApplicationsPageTest - Entered job date.
2025-02-17 13:14:12 [main] DEBUG l.i.u.t.SubmittedApplicationsPageTest - Entered salary amount: '1200'.
2025-02-17 13:14:12 [main] DEBUG l.i.u.t.SubmittedApplicationsPageTest - Selected 'Temporary Job' radio button.
2025-02-17 13:14:13 [main] DEBUG l.i.u.t.SubmittedApplicationsPageTest - Selected 'Season Job' radio button.
2025-02-17 13:14:13 [main] DEBUG l.i.u.t.SubmittedApplicationsPageTest - Selected 'Energy' radio button.
2025-02-17 13:14:13 [main] DEBUG l.i.u.t.SubmittedApplicationsPageTest - Selected 'Repair' radio button.
2025-02-17 13:14:13 [main] DEBUG l.i.u.t.SubmittedApplicationsPageTest - Entered job description: 'Veikla 1'.
2025-02-17 13:14:13 [main] DEBUG l.i.u.t.SubmittedApplicationsPageTest - Entered process description: 'Procesas 1'.
2025-02-17 13:14:13 [main] DEBUG l.i.u.t.SubmittedApplicationsPageTest - Entered energy information: 'Energija 1'.
2025-02-17 13:14:13 [main] DEBUG l.i.u.t.SubmittedApplicationsPageTest - Entered repair information: 'Remontas 1'.
2025-02-17 13:14:14 [main] DEBUG l.i.u.t.SubmittedApplicationsPageTest - Selected 'PVM' radio button.
2025-02-17 13:14:14 [main] INFO  l.i.u.p.SubmittedApplicationsPage - Located the dropdown button.
2025-02-17 13:14:14 [main] INFO  l.i.u.p.SubmittedApplicationsPage - Successfully selected the value: 'Įsigyti'
2025-02-17 13:14:35 [main] ERROR l.i.u.p.SubmittedApplicationsPage - Timeout while waiting for dropdown to close with aria-expanded = 'false'.
2025-02-17 13:14:35 [main] DEBUG l.i.u.t.SubmittedApplicationsPageTest - Selected necessary for job: 'Įsigyti'.
2025-02-17 13:14:35 [main] DEBUG l.i.u.t.SubmittedApplicationsPageTest - Selected tool: 'Darbo priemonė 1'.
2025-02-17 13:14:35 [main] DEBUG l.i.u.t.SubmittedApplicationsPageTest - Selected tool parameter one: 'Darbo priemonės 1 parametras 1'.
2025-02-17 13:14:35 [main] DEBUG l.i.u.t.SubmittedApplicationsPageTest - Selected tool parameter two: 'Darbo priemonės 1 parametras 2'.
2025-02-17 13:14:35 [main] DEBUG l.i.u.t.SubmittedApplicationsPageTest - Selected tool parameter three: 'Darbo priemonės 1 parametras 3'.
2025-02-17 13:14:36 [main] DEBUG l.i.u.t.SubmittedApplicationsPageTest - Entered tool count: '1'.
2025-02-17 13:14:36 [main] DEBUG l.i.u.t.SubmittedApplicationsPageTest - Entered price amount 1: '1000'.
2025-02-17 13:14:36 [main] DEBUG l.i.u.t.SubmittedApplicationsPageTest - Entered own funds amount 1: '800'.
2025-02-17 13:14:36 [main] DEBUG l.i.u.t.SubmittedApplicationsPageTest - Clicked 'Add' button.
2025-02-17 13:14:36 [main] INFO  l.i.u.p.SubmittedApplicationsPage - Located the dropdown button.
2025-02-17 13:14:36 [main] INFO  l.i.u.p.SubmittedApplicationsPage - Successfully selected the value: 'Remontuoti'
2025-02-17 13:14:57 [main] ERROR l.i.u.p.SubmittedApplicationsPage - Timeout while waiting for dropdown to close with aria-expanded = 'false'.
2025-02-17 13:14:57 [main] DEBUG l.i.u.t.SubmittedApplicationsPageTest - Selected necessary for job 'to repair': 'Remontuoti'.
2025-02-17 13:14:57 [main] DEBUG l.i.u.t.SubmittedApplicationsPageTest - Selected repair name: 'Remonto pavadinimas 1'.
2025-02-17 13:14:57 [main] DEBUG l.i.u.t.SubmittedApplicationsPageTest - Entered repair information: 'Remonto aprašymas 1'.
2025-02-17 13:14:57 [main] DEBUG l.i.u.t.SubmittedApplicationsPageTest - Entered price amount 2: '1000'.
2025-02-17 13:14:57 [main] DEBUG l.i.u.t.SubmittedApplicationsPageTest - Entered own funds amount 2: '900'.
2025-02-17 13:14:58 [main] DEBUG l.i.u.t.SubmittedApplicationsPageTest - Entered country percentage: '50'.
2025-02-17 13:14:58 [main] DEBUG l.i.u.t.SubmittedApplicationsPageTest - Entered institution percentage: '50'.
2025-02-17 13:14:58 [main] DEBUG l.i.u.t.SubmittedApplicationsPageTest - Entered municipality percentage: '50'.
2025-02-17 13:14:58 [main] DEBUG l.i.u.t.SubmittedApplicationsPageTest - Selected 'De Minimis' radio button.
2025-02-17 13:14:58 [main] DEBUG l.i.u.t.SubmittedApplicationsPageTest - Entered program name: 'Programa 1'.
2025-02-17 13:14:58 [main] DEBUG l.i.u.t.SubmittedApplicationsPageTest - Entered project date from.
2025-02-17 13:14:59 [main] DEBUG l.i.u.t.SubmittedApplicationsPageTest - Entered project date until.
2025-02-17 13:14:59 [main] DEBUG l.i.u.t.SubmittedApplicationsPageTest - Entered support amount: '2000'.
2025-02-17 13:14:59 [main] DEBUG l.i.u.t.SubmittedApplicationsPageTest - Clicked 'Next' button.
2025-02-17 13:15:09 [main] DEBUG l.i.u.t.SubmittedApplicationsPageTest - Checked 'Legal Entities' checkbox 1.
2025-02-17 13:15:19 [main] DEBUG l.i.u.t.SubmittedApplicationsPageTest - Checked 'Legal Entities' checkbox 2.
2025-02-17 13:15:29 [main] DEBUG l.i.u.t.SubmittedApplicationsPageTest - Checked 'Legal Entities' checkbox 3.
2025-02-17 13:15:29 [main] DEBUG l.i.u.t.SubmittedApplicationsPageTest - Test finished: All 'Legal Entities' checkboxes checked successfully.
2025-02-17 13:15:29 [main] DEBUG l.i.u.t.SubmittedApplicationsPageTest - Clicked 'Next' button after checkboxes.
2025-02-17 13:15:40 [main] ERROR l.i.u.p.SubmittedApplicationsPage - Error selecting radio button: Expected condition failed: waiting for element to be clickable: By.xpath: (//input[@type='radio' and @value='false'])[8] (tried for 10 second(s) with 500 milliseconds interval)
Build info: version: '4.27.0', revision: 'd6e718d134'
System info: os.name: 'Windows 11', os.arch: 'amd64', os.version: '10.0', java.version: '21.0.3'
Driver info: org.openqa.selenium.chrome.ChromeDriver
Capabilities {acceptInsecureCerts: false, browserName: chrome, browserVersion: 132.0.6834.197, chrome: {chromedriverVersion: 132.0.6834.159 (2d77d3fc445..., userDataDir: C:\Users\INGRID~1.ZAD\AppDa...}, fedcm:accounts: true, goog:chromeOptions: {debuggerAddress: localhost:61730}, networkConnectionEnabled: false, pageLoadStrategy: normal, platformName: windows, proxy: Proxy(), se:cdp: ws://localhost:61730/devtoo..., se:cdpVersion: 132.0.6834.197, setWindowRect: true, strictFileInteractability: false, timeouts: {implicit: 0, pageLoad: 300000, script: 30000}, unhandledPromptBehavior: dismiss and notify, webauthn:extension:credBlob: true, webauthn:extension:largeBlob: true, webauthn:extension:minPinLength: true, webauthn:extension:prf: true, webauthn:virtualAuthenticators: true}
Session ID: 3e29807b7defd78aeeb955dd337012c0
2025-02-17 13:15:40 [main] INFO  l.i.u.t.SubmittedApplicationsPageTest - Marking 'Ne' radio button 1
2025-02-17 13:15:50 [main] ERROR l.i.u.p.SubmittedApplicationsPage - Error selecting radio button: Expected condition failed: waiting for element to be clickable: By.xpath: (//input[@type='radio' and @value='false'])[9] (tried for 10 second(s) with 500 milliseconds interval)
Build info: version: '4.27.0', revision: 'd6e718d134'
System info: os.name: 'Windows 11', os.arch: 'amd64', os.version: '10.0', java.version: '21.0.3'
Driver info: org.openqa.selenium.chrome.ChromeDriver
Capabilities {acceptInsecureCerts: false, browserName: chrome, browserVersion: 132.0.6834.197, chrome: {chromedriverVersion: 132.0.6834.159 (2d77d3fc445..., userDataDir: C:\Users\INGRID~1.ZAD\AppDa...}, fedcm:accounts: true, goog:chromeOptions: {debuggerAddress: localhost:61730}, networkConnectionEnabled: false, pageLoadStrategy: normal, platformName: windows, proxy: Proxy(), se:cdp: ws://localhost:61730/devtoo..., se:cdpVersion: 132.0.6834.197, setWindowRect: true, strictFileInteractability: false, timeouts: {implicit: 0, pageLoad: 300000, script: 30000}, unhandledPromptBehavior: dismiss and notify, webauthn:extension:credBlob: true, webauthn:extension:largeBlob: true, webauthn:extension:minPinLength: true, webauthn:extension:prf: true, webauthn:virtualAuthenticators: true}
Session ID: 3e29807b7defd78aeeb955dd337012c0
2025-02-17 13:15:50 [main] INFO  l.i.u.t.SubmittedApplicationsPageTest - Marking 'Ne' radio button 2
2025-02-17 13:16:00 [main] ERROR l.i.u.p.SubmittedApplicationsPage - Error selecting radio button: Expected condition failed: waiting for element to be clickable: By.xpath: (//input[@type='radio' and @value='false'])[10] (tried for 10 second(s) with 500 milliseconds interval)
Build info: version: '4.27.0', revision: 'd6e718d134'
System info: os.name: 'Windows 11', os.arch: 'amd64', os.version: '10.0', java.version: '21.0.3'
Driver info: org.openqa.selenium.chrome.ChromeDriver
Capabilities {acceptInsecureCerts: false, browserName: chrome, browserVersion: 132.0.6834.197, chrome: {chromedriverVersion: 132.0.6834.159 (2d77d3fc445..., userDataDir: C:\Users\INGRID~1.ZAD\AppDa...}, fedcm:accounts: true, goog:chromeOptions: {debuggerAddress: localhost:61730}, networkConnectionEnabled: false, pageLoadStrategy: normal, platformName: windows, proxy: Proxy(), se:cdp: ws://localhost:61730/devtoo..., se:cdpVersion: 132.0.6834.197, setWindowRect: true, strictFileInteractability: false, timeouts: {implicit: 0, pageLoad: 300000, script: 30000}, unhandledPromptBehavior: dismiss and notify, webauthn:extension:credBlob: true, webauthn:extension:largeBlob: true, webauthn:extension:minPinLength: true, webauthn:extension:prf: true, webauthn:virtualAuthenticators: true}
Session ID: 3e29807b7defd78aeeb955dd337012c0
2025-02-17 13:16:00 [main] INFO  l.i.u.t.SubmittedApplicationsPageTest - Marking 'Ne' radio button 3
2025-02-17 13:16:10 [main] ERROR l.i.u.p.SubmittedApplicationsPage - Error selecting radio button: Expected condition failed: waiting for element to be clickable: By.xpath: (//input[@type='radio' and @value='false'])[11] (tried for 10 second(s) with 500 milliseconds interval)
Build info: version: '4.27.0', revision: 'd6e718d134'
System info: os.name: 'Windows 11', os.arch: 'amd64', os.version: '10.0', java.version: '21.0.3'
Driver info: org.openqa.selenium.chrome.ChromeDriver
Capabilities {acceptInsecureCerts: false, browserName: chrome, browserVersion: 132.0.6834.197, chrome: {chromedriverVersion: 132.0.6834.159 (2d77d3fc445..., userDataDir: C:\Users\INGRID~1.ZAD\AppDa...}, fedcm:accounts: true, goog:chromeOptions: {debuggerAddress: localhost:61730}, networkConnectionEnabled: false, pageLoadStrategy: normal, platformName: windows, proxy: Proxy(), se:cdp: ws://localhost:61730/devtoo..., se:cdpVersion: 132.0.6834.197, setWindowRect: true, strictFileInteractability: false, timeouts: {implicit: 0, pageLoad: 300000, script: 30000}, unhandledPromptBehavior: dismiss and notify, webauthn:extension:credBlob: true, webauthn:extension:largeBlob: true, webauthn:extension:minPinLength: true, webauthn:extension:prf: true, webauthn:virtualAuthenticators: true}
Session ID: 3e29807b7defd78aeeb955dd337012c0
2025-02-17 13:16:10 [main] INFO  l.i.u.t.SubmittedApplicationsPageTest - Marking 'Ne' radio button 4
2025-02-17 13:16:20 [main] ERROR l.i.u.p.SubmittedApplicationsPage - Error selecting radio button: Expected condition failed: waiting for element to be clickable: By.xpath: (//input[@type='radio' and @value='false'])[12] (tried for 10 second(s) with 500 milliseconds interval)
Build info: version: '4.27.0', revision: 'd6e718d134'
System info: os.name: 'Windows 11', os.arch: 'amd64', os.version: '10.0', java.version: '21.0.3'
Driver info: org.openqa.selenium.chrome.ChromeDriver
Capabilities {acceptInsecureCerts: false, browserName: chrome, browserVersion: 132.0.6834.197, chrome: {chromedriverVersion: 132.0.6834.159 (2d77d3fc445..., userDataDir: C:\Users\INGRID~1.ZAD\AppDa...}, fedcm:accounts: true, goog:chromeOptions: {debuggerAddress: localhost:61730}, networkConnectionEnabled: false, pageLoadStrategy: normal, platformName: windows, proxy: Proxy(), se:cdp: ws://localhost:61730/devtoo..., se:cdpVersion: 132.0.6834.197, setWindowRect: true, strictFileInteractability: false, timeouts: {implicit: 0, pageLoad: 300000, script: 30000}, unhandledPromptBehavior: dismiss and notify, webauthn:extension:credBlob: true, webauthn:extension:largeBlob: true, webauthn:extension:minPinLength: true, webauthn:extension:prf: true, webauthn:virtualAuthenticators: true}
Session ID: 3e29807b7defd78aeeb955dd337012c0
2025-02-17 13:16:20 [main] INFO  l.i.u.t.SubmittedApplicationsPageTest - Marking 'Ne' radio button 5
2025-02-17 13:16:30 [main] ERROR l.i.u.p.SubmittedApplicationsPage - Error selecting radio button: Expected condition failed: waiting for element to be clickable: By.xpath: (//input[@type='radio' and @value='false'])[13] (tried for 10 second(s) with 500 milliseconds interval)
Build info: version: '4.27.0', revision: 'd6e718d134'
System info: os.name: 'Windows 11', os.arch: 'amd64', os.version: '10.0', java.version: '21.0.3'
Driver info: org.openqa.selenium.chrome.ChromeDriver
Capabilities {acceptInsecureCerts: false, browserName: chrome, browserVersion: 132.0.6834.197, chrome: {chromedriverVersion: 132.0.6834.159 (2d77d3fc445..., userDataDir: C:\Users\INGRID~1.ZAD\AppDa...}, fedcm:accounts: true, goog:chromeOptions: {debuggerAddress: localhost:61730}, networkConnectionEnabled: false, pageLoadStrategy: normal, platformName: windows, proxy: Proxy(), se:cdp: ws://localhost:61730/devtoo..., se:cdpVersion: 132.0.6834.197, setWindowRect: true, strictFileInteractability: false, timeouts: {implicit: 0, pageLoad: 300000, script: 30000}, unhandledPromptBehavior: dismiss and notify, webauthn:extension:credBlob: true, webauthn:extension:largeBlob: true, webauthn:extension:minPinLength: true, webauthn:extension:prf: true, webauthn:virtualAuthenticators: true}
Session ID: 3e29807b7defd78aeeb955dd337012c0
2025-02-17 13:16:30 [main] INFO  l.i.u.t.SubmittedApplicationsPageTest - Marking 'Ne' radio button 6
2025-02-17 13:16:40 [main] ERROR l.i.u.p.SubmittedApplicationsPage - Error selecting radio button: Expected condition failed: waiting for element to be clickable: By.xpath: (//input[@type='radio' and @value='true'])[14] (tried for 10 second(s) with 500 milliseconds interval)
Build info: version: '4.27.0', revision: 'd6e718d134'
System info: os.name: 'Windows 11', os.arch: 'amd64', os.version: '10.0', java.version: '21.0.3'
Driver info: org.openqa.selenium.chrome.ChromeDriver
Capabilities {acceptInsecureCerts: false, browserName: chrome, browserVersion: 132.0.6834.197, chrome: {chromedriverVersion: 132.0.6834.159 (2d77d3fc445..., userDataDir: C:\Users\INGRID~1.ZAD\AppDa...}, fedcm:accounts: true, goog:chromeOptions: {debuggerAddress: localhost:61730}, networkConnectionEnabled: false, pageLoadStrategy: normal, platformName: windows, proxy: Proxy(), se:cdp: ws://localhost:61730/devtoo..., se:cdpVersion: 132.0.6834.197, setWindowRect: true, strictFileInteractability: false, timeouts: {implicit: 0, pageLoad: 300000, script: 30000}, unhandledPromptBehavior: dismiss and notify, webauthn:extension:credBlob: true, webauthn:extension:largeBlob: true, webauthn:extension:minPinLength: true, webauthn:extension:prf: true, webauthn:virtualAuthenticators: true}
Session ID: 3e29807b7defd78aeeb955dd337012c0
2025-02-17 13:16:40 [main] INFO  l.i.u.t.SubmittedApplicationsPageTest - Marking 'Taip' radio button 7
2025-02-17 13:16:50 [main] ERROR l.i.u.p.SubmittedApplicationsPage - Error selecting radio button: Expected condition failed: waiting for element to be clickable: By.xpath: (//input[@type='radio' and @value='true'])[15] (tried for 10 second(s) with 500 milliseconds interval)
Build info: version: '4.27.0', revision: 'd6e718d134'
System info: os.name: 'Windows 11', os.arch: 'amd64', os.version: '10.0', java.version: '21.0.3'
Driver info: org.openqa.selenium.chrome.ChromeDriver
Capabilities {acceptInsecureCerts: false, browserName: chrome, browserVersion: 132.0.6834.197, chrome: {chromedriverVersion: 132.0.6834.159 (2d77d3fc445..., userDataDir: C:\Users\INGRID~1.ZAD\AppDa...}, fedcm:accounts: true, goog:chromeOptions: {debuggerAddress: localhost:61730}, networkConnectionEnabled: false, pageLoadStrategy: normal, platformName: windows, proxy: Proxy(), se:cdp: ws://localhost:61730/devtoo..., se:cdpVersion: 132.0.6834.197, setWindowRect: true, strictFileInteractability: false, timeouts: {implicit: 0, pageLoad: 300000, script: 30000}, unhandledPromptBehavior: dismiss and notify, webauthn:extension:credBlob: true, webauthn:extension:largeBlob: true, webauthn:extension:minPinLength: true, webauthn:extension:prf: true, webauthn:virtualAuthenticators: true}
Session ID: 3e29807b7defd78aeeb955dd337012c0
2025-02-17 13:16:50 [main] INFO  l.i.u.t.SubmittedApplicationsPageTest - Marking 'Taip' radio button 8
2025-02-17 13:17:00 [main] ERROR l.i.u.p.SubmittedApplicationsPage - Error selecting radio button: Expected condition failed: waiting for element to be clickable: By.xpath: (//input[@type='radio' and @value='true'])[16] (tried for 10 second(s) with 500 milliseconds interval)
Build info: version: '4.27.0', revision: 'd6e718d134'
System info: os.name: 'Windows 11', os.arch: 'amd64', os.version: '10.0', java.version: '21.0.3'
Driver info: org.openqa.selenium.chrome.ChromeDriver
Capabilities {acceptInsecureCerts: false, browserName: chrome, browserVersion: 132.0.6834.197, chrome: {chromedriverVersion: 132.0.6834.159 (2d77d3fc445..., userDataDir: C:\Users\INGRID~1.ZAD\AppDa...}, fedcm:accounts: true, goog:chromeOptions: {debuggerAddress: localhost:61730}, networkConnectionEnabled: false, pageLoadStrategy: normal, platformName: windows, proxy: Proxy(), se:cdp: ws://localhost:61730/devtoo..., se:cdpVersion: 132.0.6834.197, setWindowRect: true, strictFileInteractability: false, timeouts: {implicit: 0, pageLoad: 300000, script: 30000}, unhandledPromptBehavior: dismiss and notify, webauthn:extension:credBlob: true, webauthn:extension:largeBlob: true, webauthn:extension:minPinLength: true, webauthn:extension:prf: true, webauthn:virtualAuthenticators: true}
Session ID: 3e29807b7defd78aeeb955dd337012c0
2025-02-17 13:17:00 [main] INFO  l.i.u.t.SubmittedApplicationsPageTest - Marking 'Taip' radio button 9
2025-02-17 13:17:11 [main] ERROR l.i.u.p.SubmittedApplicationsPage - Error selecting radio button: Expected condition failed: waiting for element to be clickable: By.xpath: (//input[@type='radio' and @value='true'])[17] (tried for 10 second(s) with 500 milliseconds interval)
Build info: version: '4.27.0', revision: 'd6e718d134'
System info: os.name: 'Windows 11', os.arch: 'amd64', os.version: '10.0', java.version: '21.0.3'
Driver info: org.openqa.selenium.chrome.ChromeDriver
Capabilities {acceptInsecureCerts: false, browserName: chrome, browserVersion: 132.0.6834.197, chrome: {chromedriverVersion: 132.0.6834.159 (2d77d3fc445..., userDataDir: C:\Users\INGRID~1.ZAD\AppDa...}, fedcm:accounts: true, goog:chromeOptions: {debuggerAddress: localhost:61730}, networkConnectionEnabled: false, pageLoadStrategy: normal, platformName: windows, proxy: Proxy(), se:cdp: ws://localhost:61730/devtoo..., se:cdpVersion: 132.0.6834.197, setWindowRect: true, strictFileInteractability: false, timeouts: {implicit: 0, pageLoad: 300000, script: 30000}, unhandledPromptBehavior: dismiss and notify, webauthn:extension:credBlob: true, webauthn:extension:largeBlob: true, webauthn:extension:minPinLength: true, webauthn:extension:prf: true, webauthn:virtualAuthenticators: true}
Session ID: 3e29807b7defd78aeeb955dd337012c0
2025-02-17 13:17:11 [main] INFO  l.i.u.t.SubmittedApplicationsPageTest - Marking 'Taip' radio button 10
2025-02-17 13:17:21 [main] ERROR l.i.u.p.SubmittedApplicationsPage - Error selecting radio button: Expected condition failed: waiting for element to be clickable: By.xpath: (//input[@type='radio' and @value='true'])[18] (tried for 10 second(s) with 500 milliseconds interval)
Build info: version: '4.27.0', revision: 'd6e718d134'
System info: os.name: 'Windows 11', os.arch: 'amd64', os.version: '10.0', java.version: '21.0.3'
Driver info: org.openqa.selenium.chrome.ChromeDriver
Capabilities {acceptInsecureCerts: false, browserName: chrome, browserVersion: 132.0.6834.197, chrome: {chromedriverVersion: 132.0.6834.159 (2d77d3fc445..., userDataDir: C:\Users\INGRID~1.ZAD\AppDa...}, fedcm:accounts: true, goog:chromeOptions: {debuggerAddress: localhost:61730}, networkConnectionEnabled: false, pageLoadStrategy: normal, platformName: windows, proxy: Proxy(), se:cdp: ws://localhost:61730/devtoo..., se:cdpVersion: 132.0.6834.197, setWindowRect: true, strictFileInteractability: false, timeouts: {implicit: 0, pageLoad: 300000, script: 30000}, unhandledPromptBehavior: dismiss and notify, webauthn:extension:credBlob: true, webauthn:extension:largeBlob: true, webauthn:extension:minPinLength: true, webauthn:extension:prf: true, webauthn:virtualAuthenticators: true}
Session ID: 3e29807b7defd78aeeb955dd337012c0
2025-02-17 13:17:21 [main] INFO  l.i.u.t.SubmittedApplicationsPageTest - Marking 'Taip' radio button 11
2025-02-17 13:17:31 [main] ERROR l.i.u.p.SubmittedApplicationsPage - Error selecting radio button: Expected condition failed: waiting for element to be clickable: By.xpath: (//input[@type='radio' and @value='true'])[19] (tried for 10 second(s) with 500 milliseconds interval)
Build info: version: '4.27.0', revision: 'd6e718d134'
System info: os.name: 'Windows 11', os.arch: 'amd64', os.version: '10.0', java.version: '21.0.3'
Driver info: org.openqa.selenium.chrome.ChromeDriver
Capabilities {acceptInsecureCerts: false, browserName: chrome, browserVersion: 132.0.6834.197, chrome: {chromedriverVersion: 132.0.6834.159 (2d77d3fc445..., userDataDir: C:\Users\INGRID~1.ZAD\AppDa...}, fedcm:accounts: true, goog:chromeOptions: {debuggerAddress: localhost:61730}, networkConnectionEnabled: false, pageLoadStrategy: normal, platformName: windows, proxy: Proxy(), se:cdp: ws://localhost:61730/devtoo..., se:cdpVersion: 132.0.6834.197, setWindowRect: true, strictFileInteractability: false, timeouts: {implicit: 0, pageLoad: 300000, script: 30000}, unhandledPromptBehavior: dismiss and notify, webauthn:extension:credBlob: true, webauthn:extension:largeBlob: true, webauthn:extension:minPinLength: true, webauthn:extension:prf: true, webauthn:virtualAuthenticators: true}
Session ID: 3e29807b7defd78aeeb955dd337012c0
2025-02-17 13:17:31 [main] INFO  l.i.u.t.SubmittedApplicationsPageTest - Marking 'Taip' radio button 12
2025-02-17 13:17:41 [main] DEBUG l.i.u.t.SubmittedApplicationsPageTest - Checked 'ConfirmationStepFour'
2025-02-17 13:17:41 [main] DEBUG l.i.u.t.SubmittedApplicationsPageTest - Clicked 'Next' button after checkboxes.
2025-02-17 13:17:42 [main] INFO  l.i.u.p.SubmittedApplicationsPage - File uploaded successfully to an input element.
2025-02-17 13:17:42 [main] INFO  l.i.u.p.SubmittedApplicationsPage - File uploaded successfully to an input element.
2025-02-17 13:17:42 [main] INFO  l.i.u.p.SubmittedApplicationsPage - File uploaded successfully to an input element.
2025-02-17 13:17:42 [main] INFO  l.i.u.p.SubmittedApplicationsPage - File uploaded successfully to an input element.
2025-02-17 13:17:42 [main] INFO  l.i.u.p.SubmittedApplicationsPage - File uploaded successfully to an input element.
2025-02-17 13:17:42 [main] INFO  l.i.u.p.SubmittedApplicationsPage - File uploaded successfully to an input element.
2025-02-17 13:17:42 [main] INFO  l.i.u.p.SubmittedApplicationsPage - File uploaded successfully to an input element.
2025-02-17 13:17:42 [main] INFO  l.i.u.p.SubmittedApplicationsPage - File uploaded successfully to an input element.
2025-02-17 13:17:42 [main] INFO  l.i.u.p.SubmittedApplicationsPage - File uploaded successfully to an input element.
2025-02-17 13:17:42 [main] INFO  l.i.u.p.SubmittedApplicationsPage - File uploaded successfully to an input element.
2025-02-17 13:17:42 [main] DEBUG l.i.u.t.SubmittedApplicationsPageTest - Entered program name: 'Dokumentas 1'.
2025-02-17 13:17:42 [main] DEBUG l.i.u.t.SubmittedApplicationsPageTest - Entered program name: 'Dokumentas 2'.
2025-02-17 13:17:43 [main] DEBUG l.i.u.t.SubmittedApplicationsPageTest - Entered program name: 'Dokumentas 3'.
2025-02-17 13:17:43 [main] DEBUG l.i.u.t.SubmittedApplicationsPageTest - Entered program name: 'Dokumentas 4'.
2025-02-17 13:17:43 [main] DEBUG l.i.u.t.SubmittedApplicationsPageTest - Entered program name: 'Dokumentas 5'.
2025-02-17 13:17:43 [main] DEBUG l.i.u.t.SubmittedApplicationsPageTest - Entered program name: 'Dokumentas 6'.
2025-02-17 13:17:43 [main] DEBUG l.i.u.t.SubmittedApplicationsPageTest - Entered program name: 'Dokumentas 4'.
2025-02-17 13:17:43 [main] DEBUG l.i.u.t.SubmittedApplicationsPageTest - Entered program name: 'Dokumentas 8'.
2025-02-17 13:17:43 [main] DEBUG l.i.u.t.SubmittedApplicationsPageTest - Entered program name: 'Dokumentas 9'.
2025-02-17 13:17:44 [main] DEBUG l.i.u.t.SubmittedApplicationsPageTest - Entered program name: 'Dokumentas 10'.
2025-02-17 13:17:54 [main] DEBUG l.i.u.t.SubmittedApplicationsPageTest - Checked 'ConfirmationDocument'
2025-02-17 13:18:04 [main] DEBUG l.i.u.t.SubmittedApplicationsPageTest - Checked 'ConfirmationApplication'
2025-02-17 13:18:04 [main] DEBUG l.i.u.t.SubmittedApplicationsPageTest - Clicked 'SaveDraft' button after checkboxes.
2025-02-17 13:18:04 [main] DEBUG l.insoft.uztis.pages.InvitationsPage - Verified success message: 'Ruošinys sėkmingai išsaugotas.'
2025-02-17 13:18:04 [main] DEBUG l.i.u.t.SubmittedApplicationsPageTest - Clicked 'Review' button after checkboxes.
2025-02-17 13:18:05 [main] DEBUG l.i.u.t.SubmittedApplicationsPageTest - Clicked 'Submit' button after checkboxes.
2025-02-17 13:18:05 [main] DEBUG l.i.u.t.SubmittedApplicationsPageTest - Clicked 'SubmitConfirmation' button after checkboxes.
2025-02-17 13:18:05 [main] ERROR l.insoft.uztis.pages.InvitationsPage - Failed to verify the success message: 'Paraiška sėkmingai pateikta ir užregistruota.'. Available messages: [Ruošinys sėkmingai išsaugotas.]
2025-02-17 13:18:05 [main] INFO  l.i.u.t.SubmittedApplicationsPageTest - Test 'testFillNewVUIApplicationFA' completed successfully.
2025-02-17 13:18:39 [main] INFO  lt.insoft.uztis.tests.UztisPageTest - Navigated to https://uztisdev.asseco.lt/home
2025-02-17 13:18:39 [main] INFO  l.i.u.t.SubmittedApplicationsPageTest - Starting test:'testAddEvaluators'
2025-02-17 13:18:40 [main] DEBUG l.i.u.t.SubmittedApplicationsPageTest - User logged in with test credentials.
2025-02-17 13:18:40 [main] DEBUG l.i.u.t.SubmittedApplicationsPageTest - Opened 'Application Processing' menu.
2025-02-17 13:18:40 [main] DEBUG l.i.u.t.SubmittedApplicationsPageTest - Clicked on 'Application Forms' menu.
2025-02-17 13:18:41 [main] DEBUG l.i.u.t.SubmittedApplicationsPageTest - Retrieved last description code text: 'TST-VUI-00'.
2025-02-17 13:18:41 [main] DEBUG l.i.u.t.SubmittedApplicationsPageTest - Clicked on 'Invitation' menu.
2025-02-17 13:18:42 [main] DEBUG l.i.u.t.SubmittedApplicationsPageTest - Selected application section by code: 'TST-VUI-00'.
2025-02-17 13:18:42 [main] DEBUG l.i.u.t.SubmittedApplicationsPageTest - Clicked 'Search' button.
2025-02-17 13:18:42 [main] DEBUG l.i.u.t.SubmittedApplicationsPageTest - Retrieved invitation code: ''.
2025-02-17 13:18:42 [main] DEBUG l.i.u.t.SubmittedApplicationsPageTest - Clicked on 'Submitted Applications' menu.
2025-02-17 13:18:43 [main] DEBUG l.i.u.t.SubmittedApplicationsPageTest - Selected invitation by code: 'TST-VUI-00'.
2025-02-17 13:18:43 [main] DEBUG l.i.u.t.SubmittedApplicationsPageTest - Invitation code inserted.
2025-02-17 13:18:43 [main] DEBUG l.i.u.t.SubmittedApplicationsPageTest - Clicked on 'Action Application' button.
2025-02-17 13:18:43 [main] DEBUG l.i.u.t.SubmittedApplicationsPageTest - Clicked on 'Add Evaluators' button.
2025-02-17 13:18:44 [main] DEBUG l.i.u.t.SubmittedApplicationsPageTest - Entered first evaluation date.
2025-02-17 13:18:44 [main] DEBUG l.i.u.t.SubmittedApplicationsPageTest - Entered second evaluation date.
2025-02-17 13:18:44 [main] DEBUG l.i.u.t.SubmittedApplicationsPageTest - Entered third evaluation date.
2025-02-17 13:18:44 [main] DEBUG l.i.u.t.SubmittedApplicationsPageTest - Clicked on 'Add Evaluators' confirmation button.
2025-02-17 13:18:44 [main] DEBUG l.insoft.uztis.pages.InvitationsPage - Verified success message: 'Paraiškų vertinimai sėkmingai priskirti vertintojams.'
2025-02-17 13:18:44 [main] INFO  l.i.u.t.SubmittedApplicationsPageTest - Test 'testAddEvaluators' completed successfully.
2025-02-17 13:19:05 [main] INFO  lt.insoft.uztis.tests.UztisPageTest - Navigated to https://uztisdev.asseco.lt/home
2025-02-17 13:19:05 [main] INFO  l.i.uztis.tests.EvaluationsPageTest - Starting test:'testFillSaveDraftEvaluationOne'
2025-02-17 13:19:05 [main] INFO  l.i.uztis.tests.EvaluationsPageTest - Starting test:'testNavigateToEvaluationsPage'
2025-02-17 13:19:06 [main] DEBUG l.i.uztis.tests.EvaluationsPageTest - User logged in with test credentials
2025-02-17 13:19:06 [main] DEBUG l.i.uztis.tests.EvaluationsPageTest - Opened 'Application Processing' menu.
2025-02-17 13:19:06 [main] DEBUG l.i.uztis.tests.EvaluationsPageTest - Clicked on 'Evaluations' menu.
2025-02-17 13:19:06 [main] DEBUG l.i.uztis.tests.EvaluationsPageTest - Navigating to evaluations menu.
2025-02-17 13:19:06 [main] INFO  l.i.uztis.tests.EvaluationsPageTest - Test 'testNavigateToEvaluationsPage' completed successfully.
2025-02-17 13:19:07 [main] DEBUG l.i.uztis.tests.EvaluationsPageTest - Clicked on last evaluation.
2025-02-17 13:19:07 [main] DEBUG l.i.uztis.tests.EvaluationsPageTest - Clicked 'Edit'.
2025-02-17 13:19:10 [main] DEBUG l.i.uztis.tests.EvaluationsPageTest - Selected '1.1' radio button.
2025-02-17 13:19:13 [main] DEBUG l.i.uztis.tests.EvaluationsPageTest - Selected '1.2' radio button.
2025-02-17 13:19:15 [main] DEBUG l.i.uztis.tests.EvaluationsPageTest - Selected '1.3' radio button.
2025-02-17 13:19:18 [main] DEBUG l.i.uztis.tests.EvaluationsPageTest - Selected '1.4' radio button.
2025-02-17 13:19:19 [main] DEBUG l.i.uztis.tests.EvaluationsPageTest - Selected '1.5' radio button.
2025-02-17 13:19:20 [main] DEBUG l.i.uztis.tests.EvaluationsPageTest - Selected '2.1' radio button.
2025-02-17 13:19:21 [main] DEBUG l.i.uztis.tests.EvaluationsPageTest - Selected '3.1' radio button.
2025-02-17 13:19:22 [main] DEBUG l.i.uztis.tests.EvaluationsPageTest - Selected '4.2' radio button.
2025-02-17 13:19:23 [main] DEBUG l.i.uztis.tests.EvaluationsPageTest - Selected '5.1' radio button.
2025-02-17 13:19:24 [main] DEBUG l.i.uztis.tests.EvaluationsPageTest - Selected '5.2' radio button.
2025-02-17 13:19:25 [main] DEBUG l.i.uztis.tests.EvaluationsPageTest - Selected '6.1' radio button.
2025-02-17 13:19:26 [main] DEBUG l.i.uztis.tests.EvaluationsPageTest - Selected '6.2' radio button.
2025-02-17 13:19:27 [main] DEBUG l.i.uztis.tests.EvaluationsPageTest - Clicked on expansion panel 'Not Critical'.
2025-02-17 13:19:27 [main] DEBUG l.i.uztis.tests.EvaluationsPageTest - Selected '7' radio button.
2025-02-17 13:19:28 [main] DEBUG l.i.uztis.tests.EvaluationsPageTest - Selected '8_1' radio button.
2025-02-17 13:19:28 [main] DEBUG l.i.uztis.tests.EvaluationsPageTest - Selected '8_2' radio button.
2025-02-17 13:19:29 [main] DEBUG l.i.uztis.tests.EvaluationsPageTest - Selected '8_3' radio button.
2025-02-17 13:19:29 [main] DEBUG l.i.uztis.tests.EvaluationsPageTest - Selected '8_4' radio button.
2025-02-17 13:19:29 [main] DEBUG l.i.uztis.tests.EvaluationsPageTest - Selected '8_5' radio button.
2025-02-17 13:19:30 [main] DEBUG l.i.uztis.tests.EvaluationsPageTest - Selected '8_6' radio button.
2025-02-17 13:19:30 [main] DEBUG l.i.uztis.tests.EvaluationsPageTest - Selected '8_7' radio button.
2025-02-17 13:19:30 [main] DEBUG l.i.uztis.tests.EvaluationsPageTest - Selected '8_8' radio button.
2025-02-17 13:19:31 [main] DEBUG l.i.uztis.tests.EvaluationsPageTest - Selected '8_9' radio button.
2025-02-17 13:19:31 [main] DEBUG l.i.uztis.tests.EvaluationsPageTest - Selected '8_10' radio button.
2025-02-17 13:19:32 [main] DEBUG l.i.uztis.tests.EvaluationsPageTest - Selected '9' radio button.
2025-02-17 13:19:32 [main] DEBUG l.i.uztis.tests.EvaluationsPageTest - Selected '10.1' radio button.
2025-02-17 13:19:32 [main] DEBUG l.i.uztis.tests.EvaluationsPageTest - Selected '10.2' radio button.
2025-02-17 13:19:33 [main] DEBUG l.i.uztis.tests.EvaluationsPageTest - Selected '10.3' radio button.
2025-02-17 13:19:33 [main] DEBUG l.i.uztis.tests.EvaluationsPageTest - Entered  explanation: 'Balas pakoreduotas ranka'.
2025-02-17 13:19:33 [main] DEBUG l.i.uztis.tests.EvaluationsPageTest - Clicked 'Save Draft'.
2025-02-17 13:19:34 [main] DEBUG l.insoft.uztis.pages.InvitationsPage - Verified success message: 'Duomenys sėkmingai išsaugoti.'
2025-02-17 13:19:34 [main] INFO  l.i.uztis.tests.EvaluationsPageTest - Test 'testFillSaveDraftEvaluationOne' completed successfully.
2025-02-17 13:20:14 [main] INFO  lt.insoft.uztis.tests.UztisPageTest - Navigated to https://uztisdev.asseco.lt/home
2025-02-17 13:20:15 [main] INFO  l.i.uztis.tests.EvaluationsPageTest - Starting test:'testConfirmEvaluationOne'
2025-02-17 13:20:15 [main] INFO  l.i.uztis.tests.EvaluationsPageTest - Starting test:'testNavigateToEvaluationsPage'
2025-02-17 13:20:15 [main] DEBUG l.i.uztis.tests.EvaluationsPageTest - User logged in with test credentials
2025-02-17 13:20:15 [main] DEBUG l.i.uztis.tests.EvaluationsPageTest - Opened 'Application Processing' menu.
2025-02-17 13:20:15 [main] DEBUG l.i.uztis.tests.EvaluationsPageTest - Clicked on 'Evaluations' menu.
2025-02-17 13:20:15 [main] DEBUG l.i.uztis.tests.EvaluationsPageTest - Navigating to evaluations menu.
2025-02-17 13:20:15 [main] INFO  l.i.uztis.tests.EvaluationsPageTest - Test 'testNavigateToEvaluationsPage' completed successfully.
2025-02-17 13:20:16 [main] DEBUG l.i.uztis.tests.EvaluationsPageTest - Clicked on last evaluation.
2025-02-17 13:20:16 [main] DEBUG l.i.uztis.tests.EvaluationsPageTest - Clicked 'Edit'.
2025-02-17 13:20:19 [main] DEBUG l.i.uztis.tests.EvaluationsPageTest - Clicked 'Confirm'.
2025-02-17 13:20:21 [main] DEBUG l.i.uztis.tests.EvaluationsPageTest - Clicked 'Confirm Confirmation'.
2025-02-17 13:20:22 [main] DEBUG l.i.uztis.tests.EvaluationsPageTest - Fetched label text: Įvertinta
2025-02-17 13:20:22 [main] INFO  l.i.uztis.tests.EvaluationsPageTest - Verified that the label text matches the expected value.
2025-02-17 13:20:22 [main] INFO  l.i.uztis.tests.EvaluationsPageTest - Test 'testConfirmEvaluationOne' completed successfully.
2025-02-17 15:06:50 [main] INFO  lt.insoft.uztis.tests.UztisPageTest - Navigated to https://uztisdev.asseco.lt/home
2025-02-17 15:06:50 [main] INFO  l.i.uztis.tests.EvaluationsPageTest - Starting test:'testFillSaveDraftEvaluationTwo'
2025-02-17 15:06:50 [main] INFO  l.i.uztis.tests.EvaluationsPageTest - Starting test:'testNavigateToEvaluationsPage'
2025-02-17 15:06:50 [main] DEBUG l.i.uztis.tests.EvaluationsPageTest - User logged in with test credentials
2025-02-17 15:06:50 [main] DEBUG l.i.uztis.tests.EvaluationsPageTest - Opened 'Application Processing' menu.
2025-02-17 15:06:51 [main] DEBUG l.i.uztis.tests.EvaluationsPageTest - Clicked on 'Evaluations' menu.
2025-02-17 15:06:51 [main] DEBUG l.i.uztis.tests.EvaluationsPageTest - Navigating to evaluations menu.
2025-02-17 15:06:51 [main] INFO  l.i.uztis.tests.EvaluationsPageTest - Test 'testNavigateToEvaluationsPage' completed successfully.
2025-02-17 15:06:51 [main] DEBUG l.i.uztis.tests.EvaluationsPageTest - Clicked on last evaluation.
2025-02-17 15:06:52 [main] DEBUG l.i.uztis.tests.EvaluationsPageTest - Clicked 'Edit'.
2025-02-17 15:06:52 [main] DEBUG l.i.uztis.tests.EvaluationsPageTest - Entered commission date.
2025-02-17 15:06:53 [main] DEBUG l.i.uztis.tests.EvaluationsPageTest - Selected 'Without Commission' radio button.
2025-02-17 15:06:53 [main] DEBUG l.i.uztis.tests.EvaluationsPageTest - Entered chairman name: 'Pirmininkas Pirmininkauskas'.
2025-02-17 15:06:53 [main] DEBUG l.i.uztis.tests.EvaluationsPageTest - Entered member name: 'Narys Narauskas'.
2025-02-17 15:06:53 [main] DEBUG l.i.uztis.tests.EvaluationsPageTest - Clicked 'Continue'.
2025-02-17 15:06:53 [main] DEBUG l.i.uztis.tests.EvaluationsPageTest - Entered score edition: '9'.
2025-02-17 15:06:54 [main] DEBUG l.i.uztis.tests.EvaluationsPageTest - Entered chairman score: '10'.
2025-02-17 15:06:54 [main] DEBUG l.i.uztis.tests.EvaluationsPageTest - Entered member score: '11'.
2025-02-17 15:06:54 [main] DEBUG l.i.uztis.tests.EvaluationsPageTest - Entered conclusion: 'Išvada - palanki'.
2025-02-17 15:06:54 [main] DEBUG l.i.uztis.tests.EvaluationsPageTest - Entered  explanation: 'Balas pakoreduotas ranka'.
2025-02-17 15:06:54 [main] INFO  l.i.uztis.tests.EvaluationsPageTest - Test 'testFillSaveDraftEvaluationTwo' completed successfully.
2025-02-17 15:14:55 [main] INFO  lt.insoft.uztis.tests.UztisPageTest - Navigated to https://uztisdev.asseco.lt/home
2025-02-17 15:14:55 [main] INFO  l.i.uztis.tests.EvaluationsPageTest - Starting test:'testFillSaveDraftEvaluationTwo'
2025-02-17 15:14:55 [main] INFO  l.i.uztis.tests.EvaluationsPageTest - Starting test:'testNavigateToEvaluationsPage'
2025-02-17 15:14:55 [main] DEBUG l.i.uztis.tests.EvaluationsPageTest - User logged in with test credentials
2025-02-17 15:14:56 [main] DEBUG l.i.uztis.tests.EvaluationsPageTest - Opened 'Application Processing' menu.
2025-02-17 15:14:56 [main] DEBUG l.i.uztis.tests.EvaluationsPageTest - Clicked on 'Evaluations' menu.
2025-02-17 15:14:56 [main] DEBUG l.i.uztis.tests.EvaluationsPageTest - Navigating to evaluations menu.
2025-02-17 15:14:56 [main] INFO  l.i.uztis.tests.EvaluationsPageTest - Test 'testNavigateToEvaluationsPage' completed successfully.
2025-02-17 15:14:57 [main] DEBUG l.i.uztis.tests.EvaluationsPageTest - Clicked on last evaluation.
2025-02-17 15:14:57 [main] DEBUG l.i.uztis.tests.EvaluationsPageTest - Clicked 'Edit'.
2025-02-17 15:14:58 [main] DEBUG l.i.uztis.tests.EvaluationsPageTest - Entered commission date.
2025-02-17 15:14:58 [main] DEBUG l.i.uztis.tests.EvaluationsPageTest - Selected 'Without Commission' radio button.
2025-02-17 15:14:58 [main] DEBUG l.i.uztis.tests.EvaluationsPageTest - Entered chairman name: 'Pirmininkas Pirmininkauskas'.
2025-02-17 15:14:59 [main] DEBUG l.i.uztis.tests.EvaluationsPageTest - Entered member name: 'Narys Narauskas'.
2025-02-17 15:14:59 [main] DEBUG l.i.uztis.tests.EvaluationsPageTest - Clicked 'Continue'.
2025-02-17 15:14:59 [main] DEBUG l.i.uztis.tests.EvaluationsPageTest - Entered score edition: '9'.
2025-02-17 15:14:59 [main] DEBUG l.i.uztis.tests.EvaluationsPageTest - Entered chairman score: '10'.
2025-02-17 15:14:59 [main] DEBUG l.i.uztis.tests.EvaluationsPageTest - Entered member score: '11'.
2025-02-17 15:14:59 [main] DEBUG l.i.uztis.tests.EvaluationsPageTest - Entered conclusion: 'Išvada - palanki'.
2025-02-17 15:15:00 [main] DEBUG l.i.uztis.tests.EvaluationsPageTest - Entered  explanation: 'Balas pakoreduotas ranka'.
2025-02-17 15:15:00 [main] INFO  l.i.uztis.tests.EvaluationsPageTest - Test 'testFillSaveDraftEvaluationTwo' completed successfully.
2025-02-17 15:15:53 [main] INFO  lt.insoft.uztis.tests.UztisPageTest - Navigated to https://uztisdev.asseco.lt/home
2025-02-17 15:15:53 [main] INFO  l.i.uztis.tests.EvaluationsPageTest - Starting test:'testConfirmEvaluationTwo'
2025-02-17 15:15:53 [main] INFO  l.i.uztis.tests.EvaluationsPageTest - Starting test:'testNavigateToEvaluationsPage'
2025-02-17 15:15:54 [main] DEBUG l.i.uztis.tests.EvaluationsPageTest - User logged in with test credentials
2025-02-17 15:15:54 [main] DEBUG l.i.uztis.tests.EvaluationsPageTest - Opened 'Application Processing' menu.
2025-02-17 15:15:54 [main] DEBUG l.i.uztis.tests.EvaluationsPageTest - Clicked on 'Evaluations' menu.
2025-02-17 15:15:54 [main] DEBUG l.i.uztis.tests.EvaluationsPageTest - Navigating to evaluations menu.
2025-02-17 15:15:54 [main] INFO  l.i.uztis.tests.EvaluationsPageTest - Test 'testNavigateToEvaluationsPage' completed successfully.
2025-02-17 15:15:55 [main] DEBUG l.i.uztis.tests.EvaluationsPageTest - Clicked on last evaluation.
2025-02-17 15:15:55 [main] DEBUG l.i.uztis.tests.EvaluationsPageTest - Clicked 'Edit'.
2025-02-17 15:15:56 [main] DEBUG l.i.uztis.tests.EvaluationsPageTest - Clicked 'Continue'.
2025-02-17 15:16:06 [main] ERROR l.i.uztis.tests.EvaluationsPageTest - Test 'testConfirmEvaluationTwo' failed with error: element not interactable
  (Session info: chrome=132.0.6834.197)
Build info: version: '4.27.0', revision: 'd6e718d134'
System info: os.name: 'Windows 11', os.arch: 'amd64', os.version: '10.0', java.version: '21.0.3'
Driver info: org.openqa.selenium.chrome.ChromeDriver
Command: [2d7059d6163d854b90be6522e8ddd0c5, sendKeysToElement {id=f.9A26A1B9DE4FEACF0E9C065738ACD0EA.d.EB47A018C0BE086E434CB8A4D25D12AA.e.80, value=[Ljava.lang.CharSequence;@e041f0c}]
Capabilities {acceptInsecureCerts: false, browserName: chrome, browserVersion: 132.0.6834.197, chrome: {chromedriverVersion: 132.0.6834.159 (2d77d3fc445..., userDataDir: C:\Users\INGRID~1.ZAD\AppDa...}, fedcm:accounts: true, goog:chromeOptions: {debuggerAddress: localhost:65125}, networkConnectionEnabled: false, pageLoadStrategy: normal, platformName: windows, proxy: Proxy(), se:cdp: ws://localhost:65125/devtoo..., se:cdpVersion: 132.0.6834.197, setWindowRect: true, strictFileInteractability: false, timeouts: {implicit: 0, pageLoad: 300000, script: 30000}, unhandledPromptBehavior: dismiss and notify, webauthn:extension:credBlob: true, webauthn:extension:largeBlob: true, webauthn:extension:minPinLength: true, webauthn:extension:prf: true, webauthn:virtualAuthenticators: true}
Element: [[ChromeDriver: chrome on windows (2d7059d6163d854b90be6522e8ddd0c5)] -> xpath: (//div[contains(@class, 'mat-mdc-form-field-infix')]//textarea)[4]]
Session ID: 2d7059d6163d854b90be6522e8ddd0c5
org.openqa.selenium.ElementNotInteractableException: element not interactable
  (Session info: chrome=132.0.6834.197)
Build info: version: '4.27.0', revision: 'd6e718d134'
System info: os.name: 'Windows 11', os.arch: 'amd64', os.version: '10.0', java.version: '21.0.3'
Driver info: org.openqa.selenium.chrome.ChromeDriver
Command: [2d7059d6163d854b90be6522e8ddd0c5, sendKeysToElement {id=f.9A26A1B9DE4FEACF0E9C065738ACD0EA.d.EB47A018C0BE086E434CB8A4D25D12AA.e.80, value=[Ljava.lang.CharSequence;@e041f0c}]
Capabilities {acceptInsecureCerts: false, browserName: chrome, browserVersion: 132.0.6834.197, chrome: {chromedriverVersion: 132.0.6834.159 (2d77d3fc445..., userDataDir: C:\Users\INGRID~1.ZAD\AppDa...}, fedcm:accounts: true, goog:chromeOptions: {debuggerAddress: localhost:65125}, networkConnectionEnabled: false, pageLoadStrategy: normal, platformName: windows, proxy: Proxy(), se:cdp: ws://localhost:65125/devtoo..., se:cdpVersion: 132.0.6834.197, setWindowRect: true, strictFileInteractability: false, timeouts: {implicit: 0, pageLoad: 300000, script: 30000}, unhandledPromptBehavior: dismiss and notify, webauthn:extension:credBlob: true, webauthn:extension:largeBlob: true, webauthn:extension:minPinLength: true, webauthn:extension:prf: true, webauthn:virtualAuthenticators: true}
Element: [[ChromeDriver: chrome on windows (2d7059d6163d854b90be6522e8ddd0c5)] -> xpath: (//div[contains(@class, 'mat-mdc-form-field-infix')]//textarea)[4]]
Session ID: 2d7059d6163d854b90be6522e8ddd0c5
	at java.base/jdk.internal.reflect.DirectConstructorHandleAccessor.newInstance(DirectConstructorHandleAccessor.java:62)
	at java.base/java.lang.reflect.Constructor.newInstanceWithCaller(Constructor.java:502)
	at java.base/java.lang.reflect.Constructor.newInstance(Constructor.java:486)
	at org.openqa.selenium.remote.ErrorCodec.decode(ErrorCodec.java:167)
	at org.openqa.selenium.remote.codec.w3c.W3CHttpResponseCodec.decode(W3CHttpResponseCodec.java:138)
	at org.openqa.selenium.remote.codec.w3c.W3CHttpResponseCodec.decode(W3CHttpResponseCodec.java:50)
	at org.openqa.selenium.remote.HttpCommandExecutor.execute(HttpCommandExecutor.java:190)
	at org.openqa.selenium.remote.service.DriverCommandExecutor.invokeExecute(DriverCommandExecutor.java:216)
	at org.openqa.selenium.remote.service.DriverCommandExecutor.execute(DriverCommandExecutor.java:174)
	at org.openqa.selenium.remote.RemoteWebDriver.execute(RemoteWebDriver.java:545)
	at org.openqa.selenium.remote.RemoteWebElement.execute(RemoteWebElement.java:223)
	at org.openqa.selenium.remote.RemoteWebElement.sendKeys(RemoteWebElement.java:110)
	at java.base/jdk.internal.reflect.DirectMethodHandleAccessor.invoke(DirectMethodHandleAccessor.java:103)
	at java.base/java.lang.reflect.Method.invoke(Method.java:580)
	at org.openqa.selenium.support.pagefactory.internal.LocatingElementHandler.invoke(LocatingElementHandler.java:51)
	at jdk.proxy2/jdk.proxy2.$Proxy14.sendKeys(Unknown Source)
	at lt.insoft.uztis.pages.EvaluationsPage.enterScoreEditedConclusions(EvaluationsPage.java:530)
	at lt.insoft.uztis.tests.EvaluationsPageTest.testConfirmEvaluationTwo(EvaluationsPageTest.java:292)
	at java.base/jdk.internal.reflect.DirectMethodHandleAccessor.invoke(DirectMethodHandleAccessor.java:103)
	at java.base/java.lang.reflect.Method.invoke(Method.java:580)
	at org.junit.platform.commons.util.ReflectionUtils.invokeMethod(ReflectionUtils.java:728)
	at org.junit.jupiter.engine.execution.MethodInvocation.proceed(MethodInvocation.java:60)
	at org.junit.jupiter.engine.execution.InvocationInterceptorChain$ValidatingInvocation.proceed(InvocationInterceptorChain.java:131)
	at org.junit.jupiter.engine.extension.TimeoutExtension.intercept(TimeoutExtension.java:156)
	at org.junit.jupiter.engine.extension.TimeoutExtension.interceptTestableMethod(TimeoutExtension.java:147)
	at org.junit.jupiter.engine.extension.TimeoutExtension.interceptTestMethod(TimeoutExtension.java:86)
	at org.junit.jupiter.engine.execution.InterceptingExecutableInvoker$ReflectiveInterceptorCall.lambda$ofVoidMethod$0(InterceptingExecutableInvoker.java:103)
	at org.junit.jupiter.engine.execution.InterceptingExecutableInvoker.lambda$invoke$0(InterceptingExecutableInvoker.java:93)
	at org.junit.jupiter.engine.execution.InvocationInterceptorChain$InterceptedInvocation.proceed(InvocationInterceptorChain.java:106)
	at org.junit.jupiter.engine.execution.InvocationInterceptorChain.proceed(InvocationInterceptorChain.java:64)
	at org.junit.jupiter.engine.execution.InvocationInterceptorChain.chainAndInvoke(InvocationInterceptorChain.java:45)
	at org.junit.jupiter.engine.execution.InvocationInterceptorChain.invoke(InvocationInterceptorChain.java:37)
	at org.junit.jupiter.engine.execution.InterceptingExecutableInvoker.invoke(InterceptingExecutableInvoker.java:92)
	at org.junit.jupiter.engine.execution.InterceptingExecutableInvoker.invoke(InterceptingExecutableInvoker.java:86)
	at org.junit.jupiter.engine.descriptor.TestMethodTestDescriptor.lambda$invokeTestMethod$7(TestMethodTestDescriptor.java:218)
	at org.junit.platform.engine.support.hierarchical.ThrowableCollector.execute(ThrowableCollector.java:73)
	at org.junit.jupiter.engine.descriptor.TestMethodTestDescriptor.invokeTestMethod(TestMethodTestDescriptor.java:214)
	at org.junit.jupiter.engine.descriptor.TestMethodTestDescriptor.execute(TestMethodTestDescriptor.java:139)
	at org.junit.jupiter.engine.descriptor.TestMethodTestDescriptor.execute(TestMethodTestDescriptor.java:69)
	at org.junit.platform.engine.support.hierarchical.NodeTestTask.lambda$executeRecursively$6(NodeTestTask.java:151)
	at org.junit.platform.engine.support.hierarchical.ThrowableCollector.execute(ThrowableCollector.java:73)
	at org.junit.platform.engine.support.hierarchical.NodeTestTask.lambda$executeRecursively$8(NodeTestTask.java:141)
	at org.junit.platform.engine.support.hierarchical.Node.around(Node.java:137)
	at org.junit.platform.engine.support.hierarchical.NodeTestTask.lambda$executeRecursively$9(NodeTestTask.java:139)
	at org.junit.platform.engine.support.hierarchical.ThrowableCollector.execute(ThrowableCollector.java:73)
	at org.junit.platform.engine.support.hierarchical.NodeTestTask.executeRecursively(NodeTestTask.java:138)
	at org.junit.platform.engine.support.hierarchical.NodeTestTask.execute(NodeTestTask.java:95)
	at java.base/java.util.ArrayList.forEach(ArrayList.java:1596)
	at org.junit.platform.engine.support.hierarchical.SameThreadHierarchicalTestExecutorService.invokeAll(SameThreadHierarchicalTestExecutorService.java:41)
	at org.junit.platform.engine.support.hierarchical.NodeTestTask.lambda$executeRecursively$6(NodeTestTask.java:155)
	at org.junit.platform.engine.support.hierarchical.ThrowableCollector.execute(ThrowableCollector.java:73)
	at org.junit.platform.engine.support.hierarchical.NodeTestTask.lambda$executeRecursively$8(NodeTestTask.java:141)
	at org.junit.platform.engine.support.hierarchical.Node.around(Node.java:137)
	at org.junit.platform.engine.support.hierarchical.NodeTestTask.lambda$executeRecursively$9(NodeTestTask.java:139)
	at org.junit.platform.engine.support.hierarchical.ThrowableCollector.execute(ThrowableCollector.java:73)
	at org.junit.platform.engine.support.hierarchical.NodeTestTask.executeRecursively(NodeTestTask.java:138)
	at org.junit.platform.engine.support.hierarchical.NodeTestTask.execute(NodeTestTask.java:95)
	at java.base/java.util.ArrayList.forEach(ArrayList.java:1596)
	at org.junit.platform.engine.support.hierarchical.SameThreadHierarchicalTestExecutorService.invokeAll(SameThreadHierarchicalTestExecutorService.java:41)
	at org.junit.platform.engine.support.hierarchical.NodeTestTask.lambda$executeRecursively$6(NodeTestTask.java:155)
	at org.junit.platform.engine.support.hierarchical.ThrowableCollector.execute(ThrowableCollector.java:73)
	at org.junit.platform.engine.support.hierarchical.NodeTestTask.lambda$executeRecursively$8(NodeTestTask.java:141)
	at org.junit.platform.engine.support.hierarchical.Node.around(Node.java:137)
	at org.junit.platform.engine.support.hierarchical.NodeTestTask.lambda$executeRecursively$9(NodeTestTask.java:139)
	at org.junit.platform.engine.support.hierarchical.ThrowableCollector.execute(ThrowableCollector.java:73)
	at org.junit.platform.engine.support.hierarchical.NodeTestTask.executeRecursively(NodeTestTask.java:138)
	at org.junit.platform.engine.support.hierarchical.NodeTestTask.execute(NodeTestTask.java:95)
	at org.junit.platform.engine.support.hierarchical.SameThreadHierarchicalTestExecutorService.submit(SameThreadHierarchicalTestExecutorService.java:35)
	at org.junit.platform.engine.support.hierarchical.HierarchicalTestExecutor.execute(HierarchicalTestExecutor.java:57)
	at org.junit.platform.engine.support.hierarchical.HierarchicalTestEngine.execute(HierarchicalTestEngine.java:54)
	at org.junit.platform.launcher.core.EngineExecutionOrchestrator.execute(EngineExecutionOrchestrator.java:198)
	at org.junit.platform.launcher.core.EngineExecutionOrchestrator.execute(EngineExecutionOrchestrator.java:169)
	at org.junit.platform.launcher.core.EngineExecutionOrchestrator.execute(EngineExecutionOrchestrator.java:93)
	at org.junit.platform.launcher.core.EngineExecutionOrchestrator.lambda$execute$0(EngineExecutionOrchestrator.java:58)
	at org.junit.platform.launcher.core.EngineExecutionOrchestrator.withInterceptedStreams(EngineExecutionOrchestrator.java:141)
	at org.junit.platform.launcher.core.EngineExecutionOrchestrator.execute(EngineExecutionOrchestrator.java:57)
	at org.junit.platform.launcher.core.DefaultLauncher.execute(DefaultLauncher.java:103)
	at org.junit.platform.launcher.core.DefaultLauncher.execute(DefaultLauncher.java:85)
	at org.junit.platform.launcher.core.DelegatingLauncher.execute(DelegatingLauncher.java:47)
	at org.junit.platform.launcher.core.SessionPerRequestLauncher.execute(SessionPerRequestLauncher.java:63)
	at com.intellij.junit5.JUnit5IdeaTestRunner.startRunnerWithArgs(JUnit5IdeaTestRunner.java:57)
	at com.intellij.rt.junit.IdeaTestRunner$Repeater$1.execute(IdeaTestRunner.java:38)
	at com.intellij.rt.execution.junit.TestsRepeater.repeat(TestsRepeater.java:11)
	at com.intellij.rt.junit.IdeaTestRunner$Repeater.startRunnerWithArgs(IdeaTestRunner.java:35)
	at com.intellij.rt.junit.JUnitStarter.prepareStreamsAndStart(JUnitStarter.java:232)
	at com.intellij.rt.junit.JUnitStarter.main(JUnitStarter.java:55)
2025-02-17 15:16:06 [main] INFO  l.insoft.uztis.tests.utils.TestUtils - Screenshot moved to C:\Users\ingrida.zadorozniene\Desktop\Asm\UZTIS\UZTIS_tests\test-output\screenshots\20250217\151606805_testConfirmEvaluationTwo().png
2025-02-17 15:16:51 [main] INFO  lt.insoft.uztis.tests.UztisPageTest - Navigated to https://uztisdev.asseco.lt/home
2025-02-17 15:16:51 [main] INFO  l.i.uztis.tests.EvaluationsPageTest - Starting test:'testFillSaveDraftEvaluationTwo'
2025-02-17 15:16:51 [main] INFO  l.i.uztis.tests.EvaluationsPageTest - Starting test:'testNavigateToEvaluationsPage'
2025-02-17 15:16:51 [main] DEBUG l.i.uztis.tests.EvaluationsPageTest - User logged in with test credentials
2025-02-17 15:16:52 [main] DEBUG l.i.uztis.tests.EvaluationsPageTest - Opened 'Application Processing' menu.
2025-02-17 15:16:52 [main] DEBUG l.i.uztis.tests.EvaluationsPageTest - Clicked on 'Evaluations' menu.
2025-02-17 15:16:52 [main] DEBUG l.i.uztis.tests.EvaluationsPageTest - Navigating to evaluations menu.
2025-02-17 15:16:52 [main] INFO  l.i.uztis.tests.EvaluationsPageTest - Test 'testNavigateToEvaluationsPage' completed successfully.
2025-02-17 15:16:53 [main] DEBUG l.i.uztis.tests.EvaluationsPageTest - Clicked on last evaluation.
2025-02-17 15:16:54 [main] DEBUG l.i.uztis.tests.EvaluationsPageTest - Clicked 'Edit'.
2025-02-17 15:16:54 [main] DEBUG l.i.uztis.tests.EvaluationsPageTest - Entered commission date.
2025-02-17 15:16:55 [main] DEBUG l.i.uztis.tests.EvaluationsPageTest - Selected 'Without Commission' radio button.
2025-02-17 15:16:55 [main] DEBUG l.i.uztis.tests.EvaluationsPageTest - Entered chairman name: 'Pirmininkas Pirmininkauskas'.
2025-02-17 15:16:55 [main] DEBUG l.i.uztis.tests.EvaluationsPageTest - Entered member name: 'Narys Narauskas'.
2025-02-17 15:16:55 [main] DEBUG l.i.uztis.tests.EvaluationsPageTest - Clicked 'Continue'.
2025-02-17 15:16:55 [main] DEBUG l.i.uztis.tests.EvaluationsPageTest - Entered score edition: '9'.
2025-02-17 15:16:55 [main] DEBUG l.i.uztis.tests.EvaluationsPageTest - Entered chairman score: '10'.
2025-02-17 15:16:56 [main] DEBUG l.i.uztis.tests.EvaluationsPageTest - Entered member score: '11'.
2025-02-17 15:16:56 [main] DEBUG l.i.uztis.tests.EvaluationsPageTest - Entered conclusion: 'Išvada - palanki'.
2025-02-17 15:16:56 [main] DEBUG l.i.uztis.tests.EvaluationsPageTest - Entered  explanation: 'Balas pakoreduotas ranka'.
2025-02-17 15:16:56 [main] DEBUG l.i.uztis.tests.EvaluationsPageTest - Clicked 'Save Draft'.
2025-02-17 15:16:56 [main] DEBUG l.insoft.uztis.pages.InvitationsPage - Verified success message: 'Duomenys sėkmingai išsaugoti.'
2025-02-17 15:16:56 [main] INFO  l.i.uztis.tests.EvaluationsPageTest - Test 'testFillSaveDraftEvaluationTwo' completed successfully.
2025-02-17 15:17:10 [main] INFO  lt.insoft.uztis.tests.UztisPageTest - Navigated to https://uztisdev.asseco.lt/home
2025-02-17 15:17:10 [main] INFO  l.i.uztis.tests.EvaluationsPageTest - Starting test:'testConfirmEvaluationTwo'
2025-02-17 15:17:10 [main] INFO  l.i.uztis.tests.EvaluationsPageTest - Starting test:'testNavigateToEvaluationsPage'
2025-02-17 15:17:11 [main] DEBUG l.i.uztis.tests.EvaluationsPageTest - User logged in with test credentials
2025-02-17 15:17:11 [main] DEBUG l.i.uztis.tests.EvaluationsPageTest - Opened 'Application Processing' menu.
2025-02-17 15:17:11 [main] DEBUG l.i.uztis.tests.EvaluationsPageTest - Clicked on 'Evaluations' menu.
2025-02-17 15:17:11 [main] DEBUG l.i.uztis.tests.EvaluationsPageTest - Navigating to evaluations menu.
2025-02-17 15:17:11 [main] INFO  l.i.uztis.tests.EvaluationsPageTest - Test 'testNavigateToEvaluationsPage' completed successfully.
2025-02-17 15:17:12 [main] DEBUG l.i.uztis.tests.EvaluationsPageTest - Clicked on last evaluation.
2025-02-17 15:17:12 [main] DEBUG l.i.uztis.tests.EvaluationsPageTest - Clicked 'Edit'.
2025-02-17 15:17:13 [main] DEBUG l.i.uztis.tests.EvaluationsPageTest - Clicked 'Continue'.
2025-02-17 15:17:13 [main] DEBUG l.i.uztis.tests.EvaluationsPageTest - Entered conclusion: 'Išvada - papildyta'.
2025-02-17 15:17:13 [main] INFO  l.i.uztis.tests.EvaluationsPageTest - Test 'testConfirmEvaluationTwo' completed successfully.
2025-02-17 15:18:11 [main] INFO  lt.insoft.uztis.tests.UztisPageTest - Navigated to https://uztisdev.asseco.lt/home
2025-02-17 15:18:11 [main] INFO  l.i.uztis.tests.EvaluationsPageTest - Starting test:'testConfirmEvaluationTwo'
2025-02-17 15:18:11 [main] INFO  l.i.uztis.tests.EvaluationsPageTest - Starting test:'testNavigateToEvaluationsPage'
2025-02-17 15:18:12 [main] DEBUG l.i.uztis.tests.EvaluationsPageTest - User logged in with test credentials
2025-02-17 15:18:12 [main] DEBUG l.i.uztis.tests.EvaluationsPageTest - Opened 'Application Processing' menu.
2025-02-17 15:18:12 [main] DEBUG l.i.uztis.tests.EvaluationsPageTest - Clicked on 'Evaluations' menu.
2025-02-17 15:18:12 [main] DEBUG l.i.uztis.tests.EvaluationsPageTest - Navigating to evaluations menu.
2025-02-17 15:18:12 [main] INFO  l.i.uztis.tests.EvaluationsPageTest - Test 'testNavigateToEvaluationsPage' completed successfully.
2025-02-17 15:18:14 [main] DEBUG l.i.uztis.tests.EvaluationsPageTest - Clicked on last evaluation.
2025-02-17 15:18:15 [main] DEBUG l.i.uztis.tests.EvaluationsPageTest - Clicked 'Edit'.
2025-02-17 15:18:15 [main] DEBUG l.i.uztis.tests.EvaluationsPageTest - Clicked 'Continue'.
2025-02-17 15:18:15 [main] DEBUG l.i.uztis.tests.EvaluationsPageTest - Entered conclusion: 'Išvada - papildyta'.
2025-02-17 15:18:16 [main] DEBUG l.i.uztis.tests.EvaluationsPageTest - Entered  explanation: 'Išvada pakoreduota ranka'.
2025-02-17 15:18:16 [main] INFO  l.i.uztis.tests.EvaluationsPageTest - Test 'testConfirmEvaluationTwo' completed successfully.
2025-02-17 15:19:11 [main] INFO  lt.insoft.uztis.tests.UztisPageTest - Navigated to https://uztisdev.asseco.lt/home
2025-02-17 15:19:11 [main] INFO  l.i.uztis.tests.EvaluationsPageTest - Starting test:'testConfirmEvaluationTwo'
2025-02-17 15:19:11 [main] INFO  l.i.uztis.tests.EvaluationsPageTest - Starting test:'testNavigateToEvaluationsPage'
2025-02-17 15:19:11 [main] DEBUG l.i.uztis.tests.EvaluationsPageTest - User logged in with test credentials
2025-02-17 15:19:12 [main] DEBUG l.i.uztis.tests.EvaluationsPageTest - Opened 'Application Processing' menu.
2025-02-17 15:19:12 [main] DEBUG l.i.uztis.tests.EvaluationsPageTest - Clicked on 'Evaluations' menu.
2025-02-17 15:19:12 [main] DEBUG l.i.uztis.tests.EvaluationsPageTest - Navigating to evaluations menu.
2025-02-17 15:19:12 [main] INFO  l.i.uztis.tests.EvaluationsPageTest - Test 'testNavigateToEvaluationsPage' completed successfully.
2025-02-17 15:19:13 [main] DEBUG l.i.uztis.tests.EvaluationsPageTest - Clicked on last evaluation.
2025-02-17 15:19:13 [main] DEBUG l.i.uztis.tests.EvaluationsPageTest - Clicked 'Edit'.
2025-02-17 15:19:14 [main] DEBUG l.i.uztis.tests.EvaluationsPageTest - Clicked 'Continue'.
2025-02-17 15:19:14 [main] DEBUG l.i.uztis.tests.EvaluationsPageTest - Entered conclusion: 'Išvada - papildyta'.
2025-02-17 15:19:15 [main] DEBUG l.i.uztis.tests.EvaluationsPageTest - Entered  explanation: 'Išvada pakoreduota ranka'.
2025-02-17 15:19:15 [main] INFO  l.i.uztis.tests.EvaluationsPageTest - Test 'testConfirmEvaluationTwo' completed successfully.
2025-02-17 15:19:40 [main] INFO  lt.insoft.uztis.tests.UztisPageTest - Navigated to https://uztisdev.asseco.lt/home
2025-02-17 15:19:40 [main] INFO  l.i.uztis.tests.EvaluationsPageTest - Starting test:'testConfirmEvaluationTwo'
2025-02-17 15:19:40 [main] INFO  l.i.uztis.tests.EvaluationsPageTest - Starting test:'testNavigateToEvaluationsPage'
2025-02-17 15:19:41 [main] DEBUG l.i.uztis.tests.EvaluationsPageTest - User logged in with test credentials
2025-02-17 15:19:41 [main] DEBUG l.i.uztis.tests.EvaluationsPageTest - Opened 'Application Processing' menu.
2025-02-17 15:19:41 [main] DEBUG l.i.uztis.tests.EvaluationsPageTest - Clicked on 'Evaluations' menu.
2025-02-17 15:19:41 [main] DEBUG l.i.uztis.tests.EvaluationsPageTest - Navigating to evaluations menu.
2025-02-17 15:19:41 [main] INFO  l.i.uztis.tests.EvaluationsPageTest - Test 'testNavigateToEvaluationsPage' completed successfully.
2025-02-17 15:19:42 [main] DEBUG l.i.uztis.tests.EvaluationsPageTest - Clicked on last evaluation.
2025-02-17 15:19:42 [main] DEBUG l.i.uztis.tests.EvaluationsPageTest - Clicked 'Edit'.
2025-02-17 15:19:43 [main] DEBUG l.i.uztis.tests.EvaluationsPageTest - Clicked 'Continue'.
2025-02-17 15:19:43 [main] DEBUG l.i.uztis.tests.EvaluationsPageTest - Entered conclusion: 'Išvada - papildyta'.
2025-02-17 15:19:44 [main] DEBUG l.i.uztis.tests.EvaluationsPageTest - Entered  explanation: ' ; Išvada pakoreduota ranka'.
2025-02-17 15:19:44 [main] INFO  l.i.uztis.tests.EvaluationsPageTest - Test 'testConfirmEvaluationTwo' completed successfully.
2025-02-17 15:20:18 [main] INFO  lt.insoft.uztis.tests.UztisPageTest - Navigated to https://uztisdev.asseco.lt/home
2025-02-17 15:20:19 [main] INFO  l.i.uztis.tests.EvaluationsPageTest - Starting test:'testConfirmEvaluationTwo'
2025-02-17 15:20:19 [main] INFO  l.i.uztis.tests.EvaluationsPageTest - Starting test:'testNavigateToEvaluationsPage'
2025-02-17 15:20:19 [main] DEBUG l.i.uztis.tests.EvaluationsPageTest - User logged in with test credentials
2025-02-17 15:20:19 [main] DEBUG l.i.uztis.tests.EvaluationsPageTest - Opened 'Application Processing' menu.
2025-02-17 15:20:20 [main] DEBUG l.i.uztis.tests.EvaluationsPageTest - Clicked on 'Evaluations' menu.
2025-02-17 15:20:20 [main] DEBUG l.i.uztis.tests.EvaluationsPageTest - Navigating to evaluations menu.
2025-02-17 15:20:20 [main] INFO  l.i.uztis.tests.EvaluationsPageTest - Test 'testNavigateToEvaluationsPage' completed successfully.
2025-02-17 15:20:20 [main] DEBUG l.i.uztis.tests.EvaluationsPageTest - Clicked on last evaluation.
2025-02-17 15:20:21 [main] DEBUG l.i.uztis.tests.EvaluationsPageTest - Clicked 'Edit'.
2025-02-17 15:20:22 [main] DEBUG l.i.uztis.tests.EvaluationsPageTest - Clicked 'Continue'.
2025-02-17 15:20:22 [main] DEBUG l.i.uztis.tests.EvaluationsPageTest - Entered conclusion: 'Išvada - papildyta'.
2025-02-17 15:20:22 [main] DEBUG l.i.uztis.tests.EvaluationsPageTest - Entered  explanation: '; Išvada pakoreduota ranka'.
2025-02-17 15:20:22 [main] DEBUG l.i.uztis.tests.EvaluationsPageTest - Clicked 'Confirm'.
2025-02-17 15:20:22 [main] DEBUG l.i.uztis.tests.EvaluationsPageTest - Clicked 'Confirm Confirmation'.
2025-02-17 15:20:23 [main] DEBUG l.i.uztis.tests.EvaluationsPageTest - Fetched label text: Įvertinta
2025-02-17 15:20:23 [main] INFO  l.i.uztis.tests.EvaluationsPageTest - Verified that the label text matches the expected value.
2025-02-17 15:20:23 [main] INFO  l.i.uztis.tests.EvaluationsPageTest - Test 'testConfirmEvaluationTwo' completed successfully.
2025-02-18 07:25:10 [main] INFO  lt.insoft.uztis.tests.UztisPageTest - Navigated to https://uztisdev.asseco.lt/home
2025-02-18 07:25:10 [main] INFO  l.i.uztis.tests.EvaluationsPageTest - Starting test:'testFillSaveDraftEvaluationThree'
2025-02-18 07:25:10 [main] INFO  l.i.uztis.tests.EvaluationsPageTest - Starting test:'testNavigateToEvaluationsPage'
2025-02-18 07:25:11 [main] DEBUG l.i.uztis.tests.EvaluationsPageTest - User logged in with test credentials
2025-02-18 07:25:11 [main] DEBUG l.i.uztis.tests.EvaluationsPageTest - Opened 'Application Processing' menu.
2025-02-18 07:25:11 [main] DEBUG l.i.uztis.tests.EvaluationsPageTest - Clicked on 'Evaluations' menu.
2025-02-18 07:25:11 [main] DEBUG l.i.uztis.tests.EvaluationsPageTest - Navigating to evaluations menu.
2025-02-18 07:25:11 [main] INFO  l.i.uztis.tests.EvaluationsPageTest - Test 'testNavigateToEvaluationsPage' completed successfully.
2025-02-18 07:25:12 [main] DEBUG l.i.uztis.tests.EvaluationsPageTest - Clicked on last evaluation.
2025-02-18 07:25:12 [main] DEBUG l.i.uztis.tests.EvaluationsPageTest - Clicked 'Edit'.
2025-02-18 07:25:12 [main] DEBUG l.i.uztis.tests.EvaluationsPageTest - Entered commission date.
2025-02-18 07:25:13 [main] DEBUG l.i.uztis.tests.EvaluationsPageTest - Selected 'Without Commission' radio button.
2025-02-18 07:25:13 [main] DEBUG l.i.uztis.tests.EvaluationsPageTest - Entered chairman name: 'Pirmininkas Pirmininkauskas'.
2025-02-18 07:25:13 [main] DEBUG l.i.uztis.tests.EvaluationsPageTest - Entered member name: 'Narys Narauskas'.
2025-02-18 07:25:13 [main] DEBUG l.i.uztis.tests.EvaluationsPageTest - Clicked 'Continue'.
2025-02-18 07:25:13 [main] DEBUG l.i.uztis.tests.EvaluationsPageTest - Entered chairman score 1: '1'.
2025-02-18 07:25:14 [main] DEBUG l.i.uztis.tests.EvaluationsPageTest - Entered member score 1: '2'.
2025-02-18 07:25:14 [main] DEBUG l.i.uztis.tests.EvaluationsPageTest - Entered member conclusion 1: 'Išvada - palanki 1'.
2025-02-18 07:25:14 [main] DEBUG l.i.uztis.tests.EvaluationsPageTest - Entered chairman score 2: '3'.
2025-02-18 07:25:14 [main] DEBUG l.i.uztis.tests.EvaluationsPageTest - Entered member score 2: '4'.
2025-02-18 07:25:14 [main] DEBUG l.i.uztis.tests.EvaluationsPageTest - Entered member conclusion 2: 'Išvada - palanki 2'.
2025-02-18 07:25:14 [main] DEBUG l.i.uztis.tests.EvaluationsPageTest - Entered chairman score 3: '5'.
2025-02-18 07:25:14 [main] DEBUG l.i.uztis.tests.EvaluationsPageTest - Entered member score 3: '6'.
2025-02-18 07:25:15 [main] DEBUG l.i.uztis.tests.EvaluationsPageTest - Entered member conclusion 3: 'Išvada - palanki 3'.
2025-02-18 07:25:15 [main] DEBUG l.i.uztis.tests.EvaluationsPageTest - Entered chairman score 4: '7'.
2025-02-18 07:25:15 [main] DEBUG l.i.uztis.tests.EvaluationsPageTest - Entered member score 4: '8'.
2025-02-18 07:25:15 [main] DEBUG l.i.uztis.tests.EvaluationsPageTest - Entered member conclusion 4: 'Išvada - palanki 4'.
2025-02-18 07:25:15 [main] DEBUG l.i.uztis.tests.EvaluationsPageTest - Entered chairman score 5: '9'.
2025-02-18 07:25:15 [main] DEBUG l.i.uztis.tests.EvaluationsPageTest - Entered member score 5: '10'.
2025-02-18 07:25:16 [main] DEBUG l.i.uztis.tests.EvaluationsPageTest - Entered member conclusion 5: 'Išvada - palanki 5'.
2025-02-18 07:25:16 [main] DEBUG l.i.uztis.tests.EvaluationsPageTest - Clicked 'Save Draft'.
2025-02-18 07:25:16 [main] DEBUG l.insoft.uztis.pages.InvitationsPage - Verified success message: 'Duomenys sėkmingai išsaugoti.'
2025-02-18 07:25:16 [main] INFO  l.i.uztis.tests.EvaluationsPageTest - Test 'testFillSaveDraftEvaluationThree' completed successfully.
2025-02-18 07:25:40 [main] INFO  lt.insoft.uztis.tests.UztisPageTest - Navigated to https://uztisdev.asseco.lt/home
2025-02-18 07:25:40 [main] INFO  l.i.uztis.tests.EvaluationsPageTest - Starting test:'testConfirmEvaluationThree'
2025-02-18 07:25:40 [main] INFO  l.i.uztis.tests.EvaluationsPageTest - Starting test:'testNavigateToEvaluationsPage'
2025-02-18 07:25:40 [main] DEBUG l.i.uztis.tests.EvaluationsPageTest - User logged in with test credentials
2025-02-18 07:25:40 [main] DEBUG l.i.uztis.tests.EvaluationsPageTest - Opened 'Application Processing' menu.
2025-02-18 07:25:41 [main] DEBUG l.i.uztis.tests.EvaluationsPageTest - Clicked on 'Evaluations' menu.
2025-02-18 07:25:41 [main] DEBUG l.i.uztis.tests.EvaluationsPageTest - Navigating to evaluations menu.
2025-02-18 07:25:41 [main] INFO  l.i.uztis.tests.EvaluationsPageTest - Test 'testNavigateToEvaluationsPage' completed successfully.
2025-02-18 07:25:41 [main] DEBUG l.i.uztis.tests.EvaluationsPageTest - Clicked on last evaluation.
2025-02-18 07:25:41 [main] DEBUG l.i.uztis.tests.EvaluationsPageTest - Clicked 'Edit'.
2025-02-18 07:25:42 [main] DEBUG l.i.uztis.tests.EvaluationsPageTest - Clicked 'Continue'.
2025-02-18 07:25:42 [main] DEBUG l.i.uztis.tests.EvaluationsPageTest - Clicked 'Confirm'.
2025-02-18 07:25:42 [main] DEBUG l.i.uztis.tests.EvaluationsPageTest - Clicked 'Confirm Confirmation'.
2025-02-18 07:25:45 [main] DEBUG l.i.uztis.tests.EvaluationsPageTest - Fetched label text: Įvertinta
2025-02-18 07:25:45 [main] INFO  l.i.uztis.tests.EvaluationsPageTest - Verified that the label text matches the expected value.
2025-02-18 07:25:45 [main] INFO  l.i.uztis.tests.EvaluationsPageTest - Test 'testConfirmEvaluationThree' completed successfully.
2025-02-18 08:13:32 [main] INFO  lt.insoft.uztis.tests.UztisPageTest - Navigated to https://uztisdev.asseco.lt/home
2025-02-18 08:13:32 [main] INFO  l.insoft.uztis.tests.FundingPageTest - Starting test:'testNavigateToFundingPage'
2025-02-18 08:13:32 [main] DEBUG l.insoft.uztis.tests.FundingPageTest - User logged in with test credentials
2025-02-18 08:13:32 [main] DEBUG l.insoft.uztis.tests.FundingPageTest - Opened 'Application Processing' menu.
2025-02-18 08:13:32 [main] ERROR l.insoft.uztis.tests.FundingPageTest - Test 'testNavigateToFundingPage' failed with error: Cannot invoke "lt.insoft.uztis.pages.FundingPage.clickMenuFundingQueue()" because "this.fundingPage" is null
java.lang.NullPointerException: Cannot invoke "lt.insoft.uztis.pages.FundingPage.clickMenuFundingQueue()" because "this.fundingPage" is null
	at lt.insoft.uztis.tests.FundingPageTest.navigateToFundingMenu(FundingPageTest.java:23)
	at lt.insoft.uztis.tests.FundingPageTest.testNavigateToFundingPage(FundingPageTest.java:43)
	at java.base/jdk.internal.reflect.DirectMethodHandleAccessor.invoke(DirectMethodHandleAccessor.java:103)
	at java.base/java.lang.reflect.Method.invoke(Method.java:580)
	at org.junit.platform.commons.util.ReflectionUtils.invokeMethod(ReflectionUtils.java:728)
	at org.junit.jupiter.engine.execution.MethodInvocation.proceed(MethodInvocation.java:60)
	at org.junit.jupiter.engine.execution.InvocationInterceptorChain$ValidatingInvocation.proceed(InvocationInterceptorChain.java:131)
	at org.junit.jupiter.engine.extension.TimeoutExtension.intercept(TimeoutExtension.java:156)
	at org.junit.jupiter.engine.extension.TimeoutExtension.interceptTestableMethod(TimeoutExtension.java:147)
	at org.junit.jupiter.engine.extension.TimeoutExtension.interceptTestMethod(TimeoutExtension.java:86)
	at org.junit.jupiter.engine.execution.InterceptingExecutableInvoker$ReflectiveInterceptorCall.lambda$ofVoidMethod$0(InterceptingExecutableInvoker.java:103)
	at org.junit.jupiter.engine.execution.InterceptingExecutableInvoker.lambda$invoke$0(InterceptingExecutableInvoker.java:93)
	at org.junit.jupiter.engine.execution.InvocationInterceptorChain$InterceptedInvocation.proceed(InvocationInterceptorChain.java:106)
	at org.junit.jupiter.engine.execution.InvocationInterceptorChain.proceed(InvocationInterceptorChain.java:64)
	at org.junit.jupiter.engine.execution.InvocationInterceptorChain.chainAndInvoke(InvocationInterceptorChain.java:45)
	at org.junit.jupiter.engine.execution.InvocationInterceptorChain.invoke(InvocationInterceptorChain.java:37)
	at org.junit.jupiter.engine.execution.InterceptingExecutableInvoker.invoke(InterceptingExecutableInvoker.java:92)
	at org.junit.jupiter.engine.execution.InterceptingExecutableInvoker.invoke(InterceptingExecutableInvoker.java:86)
	at org.junit.jupiter.engine.descriptor.TestMethodTestDescriptor.lambda$invokeTestMethod$7(TestMethodTestDescriptor.java:218)
	at org.junit.platform.engine.support.hierarchical.ThrowableCollector.execute(ThrowableCollector.java:73)
	at org.junit.jupiter.engine.descriptor.TestMethodTestDescriptor.invokeTestMethod(TestMethodTestDescriptor.java:214)
	at org.junit.jupiter.engine.descriptor.TestMethodTestDescriptor.execute(TestMethodTestDescriptor.java:139)
	at org.junit.jupiter.engine.descriptor.TestMethodTestDescriptor.execute(TestMethodTestDescriptor.java:69)
	at org.junit.platform.engine.support.hierarchical.NodeTestTask.lambda$executeRecursively$6(NodeTestTask.java:151)
	at org.junit.platform.engine.support.hierarchical.ThrowableCollector.execute(ThrowableCollector.java:73)
	at org.junit.platform.engine.support.hierarchical.NodeTestTask.lambda$executeRecursively$8(NodeTestTask.java:141)
	at org.junit.platform.engine.support.hierarchical.Node.around(Node.java:137)
	at org.junit.platform.engine.support.hierarchical.NodeTestTask.lambda$executeRecursively$9(NodeTestTask.java:139)
	at org.junit.platform.engine.support.hierarchical.ThrowableCollector.execute(ThrowableCollector.java:73)
	at org.junit.platform.engine.support.hierarchical.NodeTestTask.executeRecursively(NodeTestTask.java:138)
	at org.junit.platform.engine.support.hierarchical.NodeTestTask.execute(NodeTestTask.java:95)
	at java.base/java.util.ArrayList.forEach(ArrayList.java:1596)
	at org.junit.platform.engine.support.hierarchical.SameThreadHierarchicalTestExecutorService.invokeAll(SameThreadHierarchicalTestExecutorService.java:41)
	at org.junit.platform.engine.support.hierarchical.NodeTestTask.lambda$executeRecursively$6(NodeTestTask.java:155)
	at org.junit.platform.engine.support.hierarchical.ThrowableCollector.execute(ThrowableCollector.java:73)
	at org.junit.platform.engine.support.hierarchical.NodeTestTask.lambda$executeRecursively$8(NodeTestTask.java:141)
	at org.junit.platform.engine.support.hierarchical.Node.around(Node.java:137)
	at org.junit.platform.engine.support.hierarchical.NodeTestTask.lambda$executeRecursively$9(NodeTestTask.java:139)
	at org.junit.platform.engine.support.hierarchical.ThrowableCollector.execute(ThrowableCollector.java:73)
	at org.junit.platform.engine.support.hierarchical.NodeTestTask.executeRecursively(NodeTestTask.java:138)
	at org.junit.platform.engine.support.hierarchical.NodeTestTask.execute(NodeTestTask.java:95)
	at java.base/java.util.ArrayList.forEach(ArrayList.java:1596)
	at org.junit.platform.engine.support.hierarchical.SameThreadHierarchicalTestExecutorService.invokeAll(SameThreadHierarchicalTestExecutorService.java:41)
	at org.junit.platform.engine.support.hierarchical.NodeTestTask.lambda$executeRecursively$6(NodeTestTask.java:155)
	at org.junit.platform.engine.support.hierarchical.ThrowableCollector.execute(ThrowableCollector.java:73)
	at org.junit.platform.engine.support.hierarchical.NodeTestTask.lambda$executeRecursively$8(NodeTestTask.java:141)
	at org.junit.platform.engine.support.hierarchical.Node.around(Node.java:137)
	at org.junit.platform.engine.support.hierarchical.NodeTestTask.lambda$executeRecursively$9(NodeTestTask.java:139)
	at org.junit.platform.engine.support.hierarchical.ThrowableCollector.execute(ThrowableCollector.java:73)
	at org.junit.platform.engine.support.hierarchical.NodeTestTask.executeRecursively(NodeTestTask.java:138)
	at org.junit.platform.engine.support.hierarchical.NodeTestTask.execute(NodeTestTask.java:95)
	at org.junit.platform.engine.support.hierarchical.SameThreadHierarchicalTestExecutorService.submit(SameThreadHierarchicalTestExecutorService.java:35)
	at org.junit.platform.engine.support.hierarchical.HierarchicalTestExecutor.execute(HierarchicalTestExecutor.java:57)
	at org.junit.platform.engine.support.hierarchical.HierarchicalTestEngine.execute(HierarchicalTestEngine.java:54)
	at org.junit.platform.launcher.core.EngineExecutionOrchestrator.execute(EngineExecutionOrchestrator.java:198)
	at org.junit.platform.launcher.core.EngineExecutionOrchestrator.execute(EngineExecutionOrchestrator.java:169)
	at org.junit.platform.launcher.core.EngineExecutionOrchestrator.execute(EngineExecutionOrchestrator.java:93)
	at org.junit.platform.launcher.core.EngineExecutionOrchestrator.lambda$execute$0(EngineExecutionOrchestrator.java:58)
	at org.junit.platform.launcher.core.EngineExecutionOrchestrator.withInterceptedStreams(EngineExecutionOrchestrator.java:141)
	at org.junit.platform.launcher.core.EngineExecutionOrchestrator.execute(EngineExecutionOrchestrator.java:57)
	at org.junit.platform.launcher.core.DefaultLauncher.execute(DefaultLauncher.java:103)
	at org.junit.platform.launcher.core.DefaultLauncher.execute(DefaultLauncher.java:85)
	at org.junit.platform.launcher.core.DelegatingLauncher.execute(DelegatingLauncher.java:47)
	at org.junit.platform.launcher.core.SessionPerRequestLauncher.execute(SessionPerRequestLauncher.java:63)
	at com.intellij.junit5.JUnit5IdeaTestRunner.startRunnerWithArgs(JUnit5IdeaTestRunner.java:57)
	at com.intellij.rt.junit.IdeaTestRunner$Repeater$1.execute(IdeaTestRunner.java:38)
	at com.intellij.rt.execution.junit.TestsRepeater.repeat(TestsRepeater.java:11)
	at com.intellij.rt.junit.IdeaTestRunner$Repeater.startRunnerWithArgs(IdeaTestRunner.java:35)
	at com.intellij.rt.junit.JUnitStarter.prepareStreamsAndStart(JUnitStarter.java:232)
	at com.intellij.rt.junit.JUnitStarter.main(JUnitStarter.java:55)
2025-02-18 08:13:33 [main] INFO  l.insoft.uztis.tests.utils.TestUtils - Screenshot moved to C:\Users\ingrida.zadorozniene\Desktop\Asm\UZTIS\UZTIS_tests\test-output\screenshots\20250218\081333127_testNavigateToFundingPage().png
2025-02-18 08:18:29 [main] INFO  lt.insoft.uztis.tests.UztisPageTest - Navigated to https://uztisdev.asseco.lt/home
2025-02-18 08:18:29 [main] INFO  l.insoft.uztis.tests.FundingPageTest - Starting test:'testNavigateToFundingPage'
2025-02-18 08:18:29 [main] DEBUG l.insoft.uztis.tests.FundingPageTest - User logged in with test credentials
2025-02-18 08:18:30 [main] DEBUG l.insoft.uztis.tests.FundingPageTest - Opened 'Application Processing' menu.
2025-02-18 08:18:30 [main] DEBUG l.insoft.uztis.tests.FundingPageTest - Clicked on 'Funding' menu.
2025-02-18 08:18:30 [main] DEBUG l.insoft.uztis.tests.FundingPageTest - Navigating to funding menu.
2025-02-18 08:18:30 [main] INFO  l.insoft.uztis.tests.FundingPageTest - Test 'testNavigateToFundingPage' completed successfully.
2025-02-18 08:27:31 [main] INFO  lt.insoft.uztis.tests.UztisPageTest - Navigated to https://uztisdev.asseco.lt/home
2025-02-18 08:27:31 [main] INFO  l.insoft.uztis.tests.FundingPageTest - Starting test:'testFundApplication'
2025-02-18 08:27:31 [main] INFO  l.insoft.uztis.tests.FundingPageTest - Starting test:'testNavigateToFundingPage'
2025-02-18 08:27:32 [main] DEBUG l.insoft.uztis.tests.FundingPageTest - User logged in with test credentials
2025-02-18 08:27:32 [main] DEBUG l.insoft.uztis.tests.FundingPageTest - Opened 'Application Processing' menu.
2025-02-18 08:27:32 [main] DEBUG l.insoft.uztis.tests.FundingPageTest - Clicked on 'Funding' menu.
2025-02-18 08:27:32 [main] DEBUG l.insoft.uztis.tests.FundingPageTest - Navigating to funding menu.
2025-02-18 08:27:32 [main] INFO  l.insoft.uztis.tests.FundingPageTest - Test 'testNavigateToFundingPage' completed successfully.
2025-02-18 08:27:32 [main] DEBUG l.insoft.uztis.tests.FundingPageTest - Opened 'Application Processing' menu.
2025-02-18 08:27:33 [main] ERROR l.insoft.uztis.tests.FundingPageTest - Test 'testFundApplication' failed with error: element click intercepted: Element <a _ngcontent-ng-c2406107313="" routerlinkactive="active" mattooltipposition="right" class="mat-mdc-tooltip-trigger d-flex routerItem justify-content-start align-items-center mat-mdc-tooltip-disabled" href="/application/description">...</a> is not clickable at point (165, 563). Other element would receive the click: <span _ngcontent-ng-c2406107313="" class="routerItemText level-0">...</span>
  (Session info: chrome=132.0.6834.197)
Build info: version: '4.27.0', revision: 'd6e718d134'
System info: os.name: 'Windows 11', os.arch: 'amd64', os.version: '10.0', java.version: '21.0.3'
Driver info: org.openqa.selenium.chrome.ChromeDriver
Command: [b713e14e4e25d547780386be8cd885dd, clickElement {id=f.A415CE29C374CFEED5343A3F77887BBC.d.C1717E2EC9C82ECC5C51EAB16C38C760.e.34}]
Capabilities {acceptInsecureCerts: false, browserName: chrome, browserVersion: 132.0.6834.197, chrome: {chromedriverVersion: 132.0.6834.159 (2d77d3fc445..., userDataDir: C:\Users\INGRID~1.ZAD\AppDa...}, fedcm:accounts: true, goog:chromeOptions: {debuggerAddress: localhost:65310}, networkConnectionEnabled: false, pageLoadStrategy: normal, platformName: windows, proxy: Proxy(), se:cdp: ws://localhost:65310/devtoo..., se:cdpVersion: 132.0.6834.197, setWindowRect: true, strictFileInteractability: false, timeouts: {implicit: 0, pageLoad: 300000, script: 30000}, unhandledPromptBehavior: dismiss and notify, webauthn:extension:credBlob: true, webauthn:extension:largeBlob: true, webauthn:extension:minPinLength: true, webauthn:extension:prf: true, webauthn:virtualAuthenticators: true}
Element: [[ChromeDriver: chrome on windows (b713e14e4e25d547780386be8cd885dd)] -> xpath: //a[@href='/application/description']]
Session ID: b713e14e4e25d547780386be8cd885dd
org.openqa.selenium.ElementClickInterceptedException: element click intercepted: Element <a _ngcontent-ng-c2406107313="" routerlinkactive="active" mattooltipposition="right" class="mat-mdc-tooltip-trigger d-flex routerItem justify-content-start align-items-center mat-mdc-tooltip-disabled" href="/application/description">...</a> is not clickable at point (165, 563). Other element would receive the click: <span _ngcontent-ng-c2406107313="" class="routerItemText level-0">...</span>
  (Session info: chrome=132.0.6834.197)
Build info: version: '4.27.0', revision: 'd6e718d134'
System info: os.name: 'Windows 11', os.arch: 'amd64', os.version: '10.0', java.version: '21.0.3'
Driver info: org.openqa.selenium.chrome.ChromeDriver
Command: [b713e14e4e25d547780386be8cd885dd, clickElement {id=f.A415CE29C374CFEED5343A3F77887BBC.d.C1717E2EC9C82ECC5C51EAB16C38C760.e.34}]
Capabilities {acceptInsecureCerts: false, browserName: chrome, browserVersion: 132.0.6834.197, chrome: {chromedriverVersion: 132.0.6834.159 (2d77d3fc445..., userDataDir: C:\Users\INGRID~1.ZAD\AppDa...}, fedcm:accounts: true, goog:chromeOptions: {debuggerAddress: localhost:65310}, networkConnectionEnabled: false, pageLoadStrategy: normal, platformName: windows, proxy: Proxy(), se:cdp: ws://localhost:65310/devtoo..., se:cdpVersion: 132.0.6834.197, setWindowRect: true, strictFileInteractability: false, timeouts: {implicit: 0, pageLoad: 300000, script: 30000}, unhandledPromptBehavior: dismiss and notify, webauthn:extension:credBlob: true, webauthn:extension:largeBlob: true, webauthn:extension:minPinLength: true, webauthn:extension:prf: true, webauthn:virtualAuthenticators: true}
Element: [[ChromeDriver: chrome on windows (b713e14e4e25d547780386be8cd885dd)] -> xpath: //a[@href='/application/description']]
Session ID: b713e14e4e25d547780386be8cd885dd
	at java.base/jdk.internal.reflect.DirectConstructorHandleAccessor.newInstance(DirectConstructorHandleAccessor.java:62)
	at java.base/java.lang.reflect.Constructor.newInstanceWithCaller(Constructor.java:502)
	at java.base/java.lang.reflect.Constructor.newInstance(Constructor.java:486)
	at org.openqa.selenium.remote.ErrorCodec.decode(ErrorCodec.java:167)
	at org.openqa.selenium.remote.codec.w3c.W3CHttpResponseCodec.decode(W3CHttpResponseCodec.java:138)
	at org.openqa.selenium.remote.codec.w3c.W3CHttpResponseCodec.decode(W3CHttpResponseCodec.java:50)
	at org.openqa.selenium.remote.HttpCommandExecutor.execute(HttpCommandExecutor.java:190)
	at org.openqa.selenium.remote.service.DriverCommandExecutor.invokeExecute(DriverCommandExecutor.java:216)
	at org.openqa.selenium.remote.service.DriverCommandExecutor.execute(DriverCommandExecutor.java:174)
	at org.openqa.selenium.remote.RemoteWebDriver.execute(RemoteWebDriver.java:545)
	at org.openqa.selenium.remote.RemoteWebElement.execute(RemoteWebElement.java:223)
	at org.openqa.selenium.remote.RemoteWebElement.click(RemoteWebElement.java:76)
	at java.base/jdk.internal.reflect.DirectMethodHandleAccessor.invoke(DirectMethodHandleAccessor.java:103)
	at java.base/java.lang.reflect.Method.invoke(Method.java:580)
	at org.openqa.selenium.support.pagefactory.internal.LocatingElementHandler.invoke(LocatingElementHandler.java:51)
	at jdk.proxy2/jdk.proxy2.$Proxy14.click(Unknown Source)
	at lt.insoft.uztis.pages.ApplicationFormsPage.clickMenuApplicationForms(ApplicationFormsPage.java:174)
	at lt.insoft.uztis.tests.FundingPageTest.getAndInsertInvitationCodeText(FundingPageTest.java:31)
	at lt.insoft.uztis.tests.FundingPageTest.testFundApplication(FundingPageTest.java:91)
	at java.base/jdk.internal.reflect.DirectMethodHandleAccessor.invoke(DirectMethodHandleAccessor.java:103)
	at java.base/java.lang.reflect.Method.invoke(Method.java:580)
	at org.junit.platform.commons.util.ReflectionUtils.invokeMethod(ReflectionUtils.java:728)
	at org.junit.jupiter.engine.execution.MethodInvocation.proceed(MethodInvocation.java:60)
	at org.junit.jupiter.engine.execution.InvocationInterceptorChain$ValidatingInvocation.proceed(InvocationInterceptorChain.java:131)
	at org.junit.jupiter.engine.extension.TimeoutExtension.intercept(TimeoutExtension.java:156)
	at org.junit.jupiter.engine.extension.TimeoutExtension.interceptTestableMethod(TimeoutExtension.java:147)
	at org.junit.jupiter.engine.extension.TimeoutExtension.interceptTestMethod(TimeoutExtension.java:86)
	at org.junit.jupiter.engine.execution.InterceptingExecutableInvoker$ReflectiveInterceptorCall.lambda$ofVoidMethod$0(InterceptingExecutableInvoker.java:103)
	at org.junit.jupiter.engine.execution.InterceptingExecutableInvoker.lambda$invoke$0(InterceptingExecutableInvoker.java:93)
	at org.junit.jupiter.engine.execution.InvocationInterceptorChain$InterceptedInvocation.proceed(InvocationInterceptorChain.java:106)
	at org.junit.jupiter.engine.execution.InvocationInterceptorChain.proceed(InvocationInterceptorChain.java:64)
	at org.junit.jupiter.engine.execution.InvocationInterceptorChain.chainAndInvoke(InvocationInterceptorChain.java:45)
	at org.junit.jupiter.engine.execution.InvocationInterceptorChain.invoke(InvocationInterceptorChain.java:37)
	at org.junit.jupiter.engine.execution.InterceptingExecutableInvoker.invoke(InterceptingExecutableInvoker.java:92)
	at org.junit.jupiter.engine.execution.InterceptingExecutableInvoker.invoke(InterceptingExecutableInvoker.java:86)
	at org.junit.jupiter.engine.descriptor.TestMethodTestDescriptor.lambda$invokeTestMethod$7(TestMethodTestDescriptor.java:218)
	at org.junit.platform.engine.support.hierarchical.ThrowableCollector.execute(ThrowableCollector.java:73)
	at org.junit.jupiter.engine.descriptor.TestMethodTestDescriptor.invokeTestMethod(TestMethodTestDescriptor.java:214)
	at org.junit.jupiter.engine.descriptor.TestMethodTestDescriptor.execute(TestMethodTestDescriptor.java:139)
	at org.junit.jupiter.engine.descriptor.TestMethodTestDescriptor.execute(TestMethodTestDescriptor.java:69)
	at org.junit.platform.engine.support.hierarchical.NodeTestTask.lambda$executeRecursively$6(NodeTestTask.java:151)
	at org.junit.platform.engine.support.hierarchical.ThrowableCollector.execute(ThrowableCollector.java:73)
	at org.junit.platform.engine.support.hierarchical.NodeTestTask.lambda$executeRecursively$8(NodeTestTask.java:141)
	at org.junit.platform.engine.support.hierarchical.Node.around(Node.java:137)
	at org.junit.platform.engine.support.hierarchical.NodeTestTask.lambda$executeRecursively$9(NodeTestTask.java:139)
	at org.junit.platform.engine.support.hierarchical.ThrowableCollector.execute(ThrowableCollector.java:73)
	at org.junit.platform.engine.support.hierarchical.NodeTestTask.executeRecursively(NodeTestTask.java:138)
	at org.junit.platform.engine.support.hierarchical.NodeTestTask.execute(NodeTestTask.java:95)
	at java.base/java.util.ArrayList.forEach(ArrayList.java:1596)
	at org.junit.platform.engine.support.hierarchical.SameThreadHierarchicalTestExecutorService.invokeAll(SameThreadHierarchicalTestExecutorService.java:41)
	at org.junit.platform.engine.support.hierarchical.NodeTestTask.lambda$executeRecursively$6(NodeTestTask.java:155)
	at org.junit.platform.engine.support.hierarchical.ThrowableCollector.execute(ThrowableCollector.java:73)
	at org.junit.platform.engine.support.hierarchical.NodeTestTask.lambda$executeRecursively$8(NodeTestTask.java:141)
	at org.junit.platform.engine.support.hierarchical.Node.around(Node.java:137)
	at org.junit.platform.engine.support.hierarchical.NodeTestTask.lambda$executeRecursively$9(NodeTestTask.java:139)
	at org.junit.platform.engine.support.hierarchical.ThrowableCollector.execute(ThrowableCollector.java:73)
	at org.junit.platform.engine.support.hierarchical.NodeTestTask.executeRecursively(NodeTestTask.java:138)
	at org.junit.platform.engine.support.hierarchical.NodeTestTask.execute(NodeTestTask.java:95)
	at java.base/java.util.ArrayList.forEach(ArrayList.java:1596)
	at org.junit.platform.engine.support.hierarchical.SameThreadHierarchicalTestExecutorService.invokeAll(SameThreadHierarchicalTestExecutorService.java:41)
	at org.junit.platform.engine.support.hierarchical.NodeTestTask.lambda$executeRecursively$6(NodeTestTask.java:155)
	at org.junit.platform.engine.support.hierarchical.ThrowableCollector.execute(ThrowableCollector.java:73)
	at org.junit.platform.engine.support.hierarchical.NodeTestTask.lambda$executeRecursively$8(NodeTestTask.java:141)
	at org.junit.platform.engine.support.hierarchical.Node.around(Node.java:137)
	at org.junit.platform.engine.support.hierarchical.NodeTestTask.lambda$executeRecursively$9(NodeTestTask.java:139)
	at org.junit.platform.engine.support.hierarchical.ThrowableCollector.execute(ThrowableCollector.java:73)
	at org.junit.platform.engine.support.hierarchical.NodeTestTask.executeRecursively(NodeTestTask.java:138)
	at org.junit.platform.engine.support.hierarchical.NodeTestTask.execute(NodeTestTask.java:95)
	at org.junit.platform.engine.support.hierarchical.SameThreadHierarchicalTestExecutorService.submit(SameThreadHierarchicalTestExecutorService.java:35)
	at org.junit.platform.engine.support.hierarchical.HierarchicalTestExecutor.execute(HierarchicalTestExecutor.java:57)
	at org.junit.platform.engine.support.hierarchical.HierarchicalTestEngine.execute(HierarchicalTestEngine.java:54)
	at org.junit.platform.launcher.core.EngineExecutionOrchestrator.execute(EngineExecutionOrchestrator.java:198)
	at org.junit.platform.launcher.core.EngineExecutionOrchestrator.execute(EngineExecutionOrchestrator.java:169)
	at org.junit.platform.launcher.core.EngineExecutionOrchestrator.execute(EngineExecutionOrchestrator.java:93)
	at org.junit.platform.launcher.core.EngineExecutionOrchestrator.lambda$execute$0(EngineExecutionOrchestrator.java:58)
	at org.junit.platform.launcher.core.EngineExecutionOrchestrator.withInterceptedStreams(EngineExecutionOrchestrator.java:141)
	at org.junit.platform.launcher.core.EngineExecutionOrchestrator.execute(EngineExecutionOrchestrator.java:57)
	at org.junit.platform.launcher.core.DefaultLauncher.execute(DefaultLauncher.java:103)
	at org.junit.platform.launcher.core.DefaultLauncher.execute(DefaultLauncher.java:85)
	at org.junit.platform.launcher.core.DelegatingLauncher.execute(DelegatingLauncher.java:47)
	at org.junit.platform.launcher.core.SessionPerRequestLauncher.execute(SessionPerRequestLauncher.java:63)
	at com.intellij.junit5.JUnit5IdeaTestRunner.startRunnerWithArgs(JUnit5IdeaTestRunner.java:57)
	at com.intellij.rt.junit.IdeaTestRunner$Repeater$1.execute(IdeaTestRunner.java:38)
	at com.intellij.rt.execution.junit.TestsRepeater.repeat(TestsRepeater.java:11)
	at com.intellij.rt.junit.IdeaTestRunner$Repeater.startRunnerWithArgs(IdeaTestRunner.java:35)
	at com.intellij.rt.junit.JUnitStarter.prepareStreamsAndStart(JUnitStarter.java:232)
	at com.intellij.rt.junit.JUnitStarter.main(JUnitStarter.java:55)
2025-02-18 08:27:33 [main] INFO  l.insoft.uztis.tests.utils.TestUtils - Screenshot moved to C:\Users\ingrida.zadorozniene\Desktop\Asm\UZTIS\UZTIS_tests\test-output\screenshots\20250218\082733898_testFundApplication().png
2025-02-18 08:29:33 [main] INFO  lt.insoft.uztis.tests.UztisPageTest - Navigated to https://uztisdev.asseco.lt/home
2025-02-18 08:29:33 [main] INFO  l.insoft.uztis.tests.FundingPageTest - Starting test:'testFundApplication'
2025-02-18 08:29:33 [main] INFO  l.insoft.uztis.tests.FundingPageTest - Starting test:'testNavigateToFundingPage'
2025-02-18 08:29:33 [main] DEBUG l.insoft.uztis.tests.FundingPageTest - User logged in with test credentials
2025-02-18 08:29:34 [main] DEBUG l.insoft.uztis.tests.FundingPageTest - Opened 'Application Processing' menu.
2025-02-18 08:29:34 [main] DEBUG l.insoft.uztis.tests.FundingPageTest - Clicked on 'Funding' menu.
2025-02-18 08:29:34 [main] DEBUG l.insoft.uztis.tests.FundingPageTest - Navigating to funding menu.
2025-02-18 08:29:34 [main] INFO  l.insoft.uztis.tests.FundingPageTest - Test 'testNavigateToFundingPage' completed successfully.
2025-02-18 08:29:34 [main] DEBUG l.insoft.uztis.tests.FundingPageTest - Opened 'Application Processing' menu.
2025-02-18 08:29:35 [main] ERROR l.insoft.uztis.tests.FundingPageTest - Test 'testFundApplication' failed with error: element click intercepted: Element <a _ngcontent-ng-c2406107313="" routerlinkactive="active" mattooltipposition="right" class="mat-mdc-tooltip-trigger d-flex routerItem justify-content-start align-items-center mat-mdc-tooltip-disabled" href="/application/description">...</a> is not clickable at point (165, 550). Other element would receive the click: <a _ngcontent-ng-c2406107313="" routerlinkactive="active" mattooltipposition="right" class="mat-mdc-tooltip-trigger d-flex routerItem justify-content-start align-items-center mat-mdc-tooltip-disabled" href="/application/project">...</a>
  (Session info: chrome=132.0.6834.197)
Build info: version: '4.27.0', revision: 'd6e718d134'
System info: os.name: 'Windows 11', os.arch: 'amd64', os.version: '10.0', java.version: '21.0.3'
Driver info: org.openqa.selenium.chrome.ChromeDriver
Command: [f560120ffbec3c8c3abbc3943c0abf73, clickElement {id=f.AFF03F9BF5BD32D9614E9B53161FF8A3.d.E3448CAF7991D89025D0290F266A412E.e.34}]
Capabilities {acceptInsecureCerts: false, browserName: chrome, browserVersion: 132.0.6834.197, chrome: {chromedriverVersion: 132.0.6834.159 (2d77d3fc445..., userDataDir: C:\Users\INGRID~1.ZAD\AppDa...}, fedcm:accounts: true, goog:chromeOptions: {debuggerAddress: localhost:65396}, networkConnectionEnabled: false, pageLoadStrategy: normal, platformName: windows, proxy: Proxy(), se:cdp: ws://localhost:65396/devtoo..., se:cdpVersion: 132.0.6834.197, setWindowRect: true, strictFileInteractability: false, timeouts: {implicit: 0, pageLoad: 300000, script: 30000}, unhandledPromptBehavior: dismiss and notify, webauthn:extension:credBlob: true, webauthn:extension:largeBlob: true, webauthn:extension:minPinLength: true, webauthn:extension:prf: true, webauthn:virtualAuthenticators: true}
Element: [[ChromeDriver: chrome on windows (f560120ffbec3c8c3abbc3943c0abf73)] -> xpath: //a[@href='/application/description']]
Session ID: f560120ffbec3c8c3abbc3943c0abf73
org.openqa.selenium.ElementClickInterceptedException: element click intercepted: Element <a _ngcontent-ng-c2406107313="" routerlinkactive="active" mattooltipposition="right" class="mat-mdc-tooltip-trigger d-flex routerItem justify-content-start align-items-center mat-mdc-tooltip-disabled" href="/application/description">...</a> is not clickable at point (165, 550). Other element would receive the click: <a _ngcontent-ng-c2406107313="" routerlinkactive="active" mattooltipposition="right" class="mat-mdc-tooltip-trigger d-flex routerItem justify-content-start align-items-center mat-mdc-tooltip-disabled" href="/application/project">...</a>
  (Session info: chrome=132.0.6834.197)
Build info: version: '4.27.0', revision: 'd6e718d134'
System info: os.name: 'Windows 11', os.arch: 'amd64', os.version: '10.0', java.version: '21.0.3'
Driver info: org.openqa.selenium.chrome.ChromeDriver
Command: [f560120ffbec3c8c3abbc3943c0abf73, clickElement {id=f.AFF03F9BF5BD32D9614E9B53161FF8A3.d.E3448CAF7991D89025D0290F266A412E.e.34}]
Capabilities {acceptInsecureCerts: false, browserName: chrome, browserVersion: 132.0.6834.197, chrome: {chromedriverVersion: 132.0.6834.159 (2d77d3fc445..., userDataDir: C:\Users\INGRID~1.ZAD\AppDa...}, fedcm:accounts: true, goog:chromeOptions: {debuggerAddress: localhost:65396}, networkConnectionEnabled: false, pageLoadStrategy: normal, platformName: windows, proxy: Proxy(), se:cdp: ws://localhost:65396/devtoo..., se:cdpVersion: 132.0.6834.197, setWindowRect: true, strictFileInteractability: false, timeouts: {implicit: 0, pageLoad: 300000, script: 30000}, unhandledPromptBehavior: dismiss and notify, webauthn:extension:credBlob: true, webauthn:extension:largeBlob: true, webauthn:extension:minPinLength: true, webauthn:extension:prf: true, webauthn:virtualAuthenticators: true}
Element: [[ChromeDriver: chrome on windows (f560120ffbec3c8c3abbc3943c0abf73)] -> xpath: //a[@href='/application/description']]
Session ID: f560120ffbec3c8c3abbc3943c0abf73
	at java.base/jdk.internal.reflect.DirectConstructorHandleAccessor.newInstance(DirectConstructorHandleAccessor.java:62)
	at java.base/java.lang.reflect.Constructor.newInstanceWithCaller(Constructor.java:502)
	at java.base/java.lang.reflect.Constructor.newInstance(Constructor.java:486)
	at org.openqa.selenium.remote.ErrorCodec.decode(ErrorCodec.java:167)
	at org.openqa.selenium.remote.codec.w3c.W3CHttpResponseCodec.decode(W3CHttpResponseCodec.java:138)
	at org.openqa.selenium.remote.codec.w3c.W3CHttpResponseCodec.decode(W3CHttpResponseCodec.java:50)
	at org.openqa.selenium.remote.HttpCommandExecutor.execute(HttpCommandExecutor.java:190)
	at org.openqa.selenium.remote.service.DriverCommandExecutor.invokeExecute(DriverCommandExecutor.java:216)
	at org.openqa.selenium.remote.service.DriverCommandExecutor.execute(DriverCommandExecutor.java:174)
	at org.openqa.selenium.remote.RemoteWebDriver.execute(RemoteWebDriver.java:545)
	at org.openqa.selenium.remote.RemoteWebElement.execute(RemoteWebElement.java:223)
	at org.openqa.selenium.remote.RemoteWebElement.click(RemoteWebElement.java:76)
	at java.base/jdk.internal.reflect.DirectMethodHandleAccessor.invoke(DirectMethodHandleAccessor.java:103)
	at java.base/java.lang.reflect.Method.invoke(Method.java:580)
	at org.openqa.selenium.support.pagefactory.internal.LocatingElementHandler.invoke(LocatingElementHandler.java:51)
	at jdk.proxy2/jdk.proxy2.$Proxy14.click(Unknown Source)
	at lt.insoft.uztis.pages.ApplicationFormsPage.clickMenuApplicationForms(ApplicationFormsPage.java:174)
	at lt.insoft.uztis.tests.FundingPageTest.testFundApplication(FundingPageTest.java:99)
	at java.base/jdk.internal.reflect.DirectMethodHandleAccessor.invoke(DirectMethodHandleAccessor.java:103)
	at java.base/java.lang.reflect.Method.invoke(Method.java:580)
	at org.junit.platform.commons.util.ReflectionUtils.invokeMethod(ReflectionUtils.java:728)
	at org.junit.jupiter.engine.execution.MethodInvocation.proceed(MethodInvocation.java:60)
	at org.junit.jupiter.engine.execution.InvocationInterceptorChain$ValidatingInvocation.proceed(InvocationInterceptorChain.java:131)
	at org.junit.jupiter.engine.extension.TimeoutExtension.intercept(TimeoutExtension.java:156)
	at org.junit.jupiter.engine.extension.TimeoutExtension.interceptTestableMethod(TimeoutExtension.java:147)
	at org.junit.jupiter.engine.extension.TimeoutExtension.interceptTestMethod(TimeoutExtension.java:86)
	at org.junit.jupiter.engine.execution.InterceptingExecutableInvoker$ReflectiveInterceptorCall.lambda$ofVoidMethod$0(InterceptingExecutableInvoker.java:103)
	at org.junit.jupiter.engine.execution.InterceptingExecutableInvoker.lambda$invoke$0(InterceptingExecutableInvoker.java:93)
	at org.junit.jupiter.engine.execution.InvocationInterceptorChain$InterceptedInvocation.proceed(InvocationInterceptorChain.java:106)
	at org.junit.jupiter.engine.execution.InvocationInterceptorChain.proceed(InvocationInterceptorChain.java:64)
	at org.junit.jupiter.engine.execution.InvocationInterceptorChain.chainAndInvoke(InvocationInterceptorChain.java:45)
	at org.junit.jupiter.engine.execution.InvocationInterceptorChain.invoke(InvocationInterceptorChain.java:37)
	at org.junit.jupiter.engine.execution.InterceptingExecutableInvoker.invoke(InterceptingExecutableInvoker.java:92)
	at org.junit.jupiter.engine.execution.InterceptingExecutableInvoker.invoke(InterceptingExecutableInvoker.java:86)
	at org.junit.jupiter.engine.descriptor.TestMethodTestDescriptor.lambda$invokeTestMethod$7(TestMethodTestDescriptor.java:218)
	at org.junit.platform.engine.support.hierarchical.ThrowableCollector.execute(ThrowableCollector.java:73)
	at org.junit.jupiter.engine.descriptor.TestMethodTestDescriptor.invokeTestMethod(TestMethodTestDescriptor.java:214)
	at org.junit.jupiter.engine.descriptor.TestMethodTestDescriptor.execute(TestMethodTestDescriptor.java:139)
	at org.junit.jupiter.engine.descriptor.TestMethodTestDescriptor.execute(TestMethodTestDescriptor.java:69)
	at org.junit.platform.engine.support.hierarchical.NodeTestTask.lambda$executeRecursively$6(NodeTestTask.java:151)
	at org.junit.platform.engine.support.hierarchical.ThrowableCollector.execute(ThrowableCollector.java:73)
	at org.junit.platform.engine.support.hierarchical.NodeTestTask.lambda$executeRecursively$8(NodeTestTask.java:141)
	at org.junit.platform.engine.support.hierarchical.Node.around(Node.java:137)
	at org.junit.platform.engine.support.hierarchical.NodeTestTask.lambda$executeRecursively$9(NodeTestTask.java:139)
	at org.junit.platform.engine.support.hierarchical.ThrowableCollector.execute(ThrowableCollector.java:73)
	at org.junit.platform.engine.support.hierarchical.NodeTestTask.executeRecursively(NodeTestTask.java:138)
	at org.junit.platform.engine.support.hierarchical.NodeTestTask.execute(NodeTestTask.java:95)
	at java.base/java.util.ArrayList.forEach(ArrayList.java:1596)
	at org.junit.platform.engine.support.hierarchical.SameThreadHierarchicalTestExecutorService.invokeAll(SameThreadHierarchicalTestExecutorService.java:41)
	at org.junit.platform.engine.support.hierarchical.NodeTestTask.lambda$executeRecursively$6(NodeTestTask.java:155)
	at org.junit.platform.engine.support.hierarchical.ThrowableCollector.execute(ThrowableCollector.java:73)
	at org.junit.platform.engine.support.hierarchical.NodeTestTask.lambda$executeRecursively$8(NodeTestTask.java:141)
	at org.junit.platform.engine.support.hierarchical.Node.around(Node.java:137)
	at org.junit.platform.engine.support.hierarchical.NodeTestTask.lambda$executeRecursively$9(NodeTestTask.java:139)
	at org.junit.platform.engine.support.hierarchical.ThrowableCollector.execute(ThrowableCollector.java:73)
	at org.junit.platform.engine.support.hierarchical.NodeTestTask.executeRecursively(NodeTestTask.java:138)
	at org.junit.platform.engine.support.hierarchical.NodeTestTask.execute(NodeTestTask.java:95)
	at java.base/java.util.ArrayList.forEach(ArrayList.java:1596)
	at org.junit.platform.engine.support.hierarchical.SameThreadHierarchicalTestExecutorService.invokeAll(SameThreadHierarchicalTestExecutorService.java:41)
	at org.junit.platform.engine.support.hierarchical.NodeTestTask.lambda$executeRecursively$6(NodeTestTask.java:155)
	at org.junit.platform.engine.support.hierarchical.ThrowableCollector.execute(ThrowableCollector.java:73)
	at org.junit.platform.engine.support.hierarchical.NodeTestTask.lambda$executeRecursively$8(NodeTestTask.java:141)
	at org.junit.platform.engine.support.hierarchical.Node.around(Node.java:137)
	at org.junit.platform.engine.support.hierarchical.NodeTestTask.lambda$executeRecursively$9(NodeTestTask.java:139)
	at org.junit.platform.engine.support.hierarchical.ThrowableCollector.execute(ThrowableCollector.java:73)
	at org.junit.platform.engine.support.hierarchical.NodeTestTask.executeRecursively(NodeTestTask.java:138)
	at org.junit.platform.engine.support.hierarchical.NodeTestTask.execute(NodeTestTask.java:95)
	at org.junit.platform.engine.support.hierarchical.SameThreadHierarchicalTestExecutorService.submit(SameThreadHierarchicalTestExecutorService.java:35)
	at org.junit.platform.engine.support.hierarchical.HierarchicalTestExecutor.execute(HierarchicalTestExecutor.java:57)
	at org.junit.platform.engine.support.hierarchical.HierarchicalTestEngine.execute(HierarchicalTestEngine.java:54)
	at org.junit.platform.launcher.core.EngineExecutionOrchestrator.execute(EngineExecutionOrchestrator.java:198)
	at org.junit.platform.launcher.core.EngineExecutionOrchestrator.execute(EngineExecutionOrchestrator.java:169)
	at org.junit.platform.launcher.core.EngineExecutionOrchestrator.execute(EngineExecutionOrchestrator.java:93)
	at org.junit.platform.launcher.core.EngineExecutionOrchestrator.lambda$execute$0(EngineExecutionOrchestrator.java:58)
	at org.junit.platform.launcher.core.EngineExecutionOrchestrator.withInterceptedStreams(EngineExecutionOrchestrator.java:141)
	at org.junit.platform.launcher.core.EngineExecutionOrchestrator.execute(EngineExecutionOrchestrator.java:57)
	at org.junit.platform.launcher.core.DefaultLauncher.execute(DefaultLauncher.java:103)
	at org.junit.platform.launcher.core.DefaultLauncher.execute(DefaultLauncher.java:85)
	at org.junit.platform.launcher.core.DelegatingLauncher.execute(DelegatingLauncher.java:47)
	at org.junit.platform.launcher.core.SessionPerRequestLauncher.execute(SessionPerRequestLauncher.java:63)
	at com.intellij.junit5.JUnit5IdeaTestRunner.startRunnerWithArgs(JUnit5IdeaTestRunner.java:57)
	at com.intellij.rt.junit.IdeaTestRunner$Repeater$1.execute(IdeaTestRunner.java:38)
	at com.intellij.rt.execution.junit.TestsRepeater.repeat(TestsRepeater.java:11)
	at com.intellij.rt.junit.IdeaTestRunner$Repeater.startRunnerWithArgs(IdeaTestRunner.java:35)
	at com.intellij.rt.junit.JUnitStarter.prepareStreamsAndStart(JUnitStarter.java:232)
	at com.intellij.rt.junit.JUnitStarter.main(JUnitStarter.java:55)
2025-02-18 08:29:35 [main] INFO  l.insoft.uztis.tests.utils.TestUtils - Screenshot moved to C:\Users\ingrida.zadorozniene\Desktop\Asm\UZTIS\UZTIS_tests\test-output\screenshots\20250218\082935755_testFundApplication().png
2025-02-18 08:36:48 [main] INFO  lt.insoft.uztis.tests.UztisPageTest - Navigated to https://uztisdev.asseco.lt/home
2025-02-18 08:36:48 [main] INFO  l.insoft.uztis.tests.FundingPageTest - Starting test:'testFundApplication'
2025-02-18 08:36:48 [main] INFO  l.insoft.uztis.tests.FundingPageTest - Starting test:'testNavigateToFundingPage'
2025-02-18 08:36:49 [main] DEBUG l.insoft.uztis.tests.FundingPageTest - User logged in with test credentials
2025-02-18 08:36:49 [main] DEBUG l.insoft.uztis.tests.FundingPageTest - Opened 'Application Processing' menu.
2025-02-18 08:36:49 [main] DEBUG l.insoft.uztis.tests.FundingPageTest - Clicked on 'Funding' menu.
2025-02-18 08:36:49 [main] DEBUG l.insoft.uztis.tests.FundingPageTest - Navigating to funding menu.
2025-02-18 08:36:49 [main] INFO  l.insoft.uztis.tests.FundingPageTest - Test 'testNavigateToFundingPage' completed successfully.
2025-02-18 08:36:59 [main] ERROR l.insoft.uztis.tests.FundingPageTest - Test 'testFundApplication' failed with error: no such element: Unable to locate element: {"method":"xpath","selector":"//td[@class='mat-mdc-cell mdc-data-table__cell cdk-cell cdk-column-CODE mat-column-CODE ng-star-inserted' and @role='cell']"}
  (Session info: chrome=132.0.6834.197)
For documentation on this error, please visit: https://www.selenium.dev/documentation/webdriver/troubleshooting/errors#no-such-element-exception
Build info: version: '4.27.0', revision: 'd6e718d134'
System info: os.name: 'Windows 11', os.arch: 'amd64', os.version: '10.0', java.version: '21.0.3'
Driver info: org.openqa.selenium.chrome.ChromeDriver
Command: [61d72889a4b5fab593733bf868284a0e, findElement {value=//td[@class='mat-mdc-cell mdc-data-table__cell cdk-cell cdk-column-CODE mat-column-CODE ng-star-inserted' and @role='cell'], using=xpath}]
Capabilities {acceptInsecureCerts: false, browserName: chrome, browserVersion: 132.0.6834.197, chrome: {chromedriverVersion: 132.0.6834.159 (2d77d3fc445..., userDataDir: C:\Users\INGRID~1.ZAD\AppDa...}, fedcm:accounts: true, goog:chromeOptions: {debuggerAddress: localhost:49278}, networkConnectionEnabled: false, pageLoadStrategy: normal, platformName: windows, proxy: Proxy(), se:cdp: ws://localhost:49278/devtoo..., se:cdpVersion: 132.0.6834.197, setWindowRect: true, strictFileInteractability: false, timeouts: {implicit: 0, pageLoad: 300000, script: 30000}, unhandledPromptBehavior: dismiss and notify, webauthn:extension:credBlob: true, webauthn:extension:largeBlob: true, webauthn:extension:minPinLength: true, webauthn:extension:prf: true, webauthn:virtualAuthenticators: true}
Session ID: 61d72889a4b5fab593733bf868284a0e
org.openqa.selenium.NoSuchElementException: no such element: Unable to locate element: {"method":"xpath","selector":"//td[@class='mat-mdc-cell mdc-data-table__cell cdk-cell cdk-column-CODE mat-column-CODE ng-star-inserted' and @role='cell']"}
  (Session info: chrome=132.0.6834.197)
For documentation on this error, please visit: https://www.selenium.dev/documentation/webdriver/troubleshooting/errors#no-such-element-exception
Build info: version: '4.27.0', revision: 'd6e718d134'
System info: os.name: 'Windows 11', os.arch: 'amd64', os.version: '10.0', java.version: '21.0.3'
Driver info: org.openqa.selenium.chrome.ChromeDriver
Command: [61d72889a4b5fab593733bf868284a0e, findElement {value=//td[@class='mat-mdc-cell mdc-data-table__cell cdk-cell cdk-column-CODE mat-column-CODE ng-star-inserted' and @role='cell'], using=xpath}]
Capabilities {acceptInsecureCerts: false, browserName: chrome, browserVersion: 132.0.6834.197, chrome: {chromedriverVersion: 132.0.6834.159 (2d77d3fc445..., userDataDir: C:\Users\INGRID~1.ZAD\AppDa...}, fedcm:accounts: true, goog:chromeOptions: {debuggerAddress: localhost:49278}, networkConnectionEnabled: false, pageLoadStrategy: normal, platformName: windows, proxy: Proxy(), se:cdp: ws://localhost:49278/devtoo..., se:cdpVersion: 132.0.6834.197, setWindowRect: true, strictFileInteractability: false, timeouts: {implicit: 0, pageLoad: 300000, script: 30000}, unhandledPromptBehavior: dismiss and notify, webauthn:extension:credBlob: true, webauthn:extension:largeBlob: true, webauthn:extension:minPinLength: true, webauthn:extension:prf: true, webauthn:virtualAuthenticators: true}
Session ID: 61d72889a4b5fab593733bf868284a0e
	at java.base/jdk.internal.reflect.DirectConstructorHandleAccessor.newInstance(DirectConstructorHandleAccessor.java:62)
	at java.base/java.lang.reflect.Constructor.newInstanceWithCaller(Constructor.java:502)
	at java.base/java.lang.reflect.Constructor.newInstance(Constructor.java:486)
	at org.openqa.selenium.remote.ErrorCodec.decode(ErrorCodec.java:167)
	at org.openqa.selenium.remote.codec.w3c.W3CHttpResponseCodec.decode(W3CHttpResponseCodec.java:138)
	at org.openqa.selenium.remote.codec.w3c.W3CHttpResponseCodec.decode(W3CHttpResponseCodec.java:50)
	at org.openqa.selenium.remote.HttpCommandExecutor.execute(HttpCommandExecutor.java:190)
	at org.openqa.selenium.remote.service.DriverCommandExecutor.invokeExecute(DriverCommandExecutor.java:216)
	at org.openqa.selenium.remote.service.DriverCommandExecutor.execute(DriverCommandExecutor.java:174)
	at org.openqa.selenium.remote.RemoteWebDriver.execute(RemoteWebDriver.java:545)
	at org.openqa.selenium.remote.ElementLocation$ElementFinder$2.findElement(ElementLocation.java:165)
	at org.openqa.selenium.remote.ElementLocation.findElement(ElementLocation.java:59)
	at org.openqa.selenium.remote.RemoteWebDriver.findElement(RemoteWebDriver.java:368)
	at org.openqa.selenium.remote.RemoteWebDriver.findElement(RemoteWebDriver.java:362)
	at org.openqa.selenium.support.pagefactory.DefaultElementLocator.findElement(DefaultElementLocator.java:68)
	at org.openqa.selenium.support.pagefactory.internal.LocatingElementHandler.invoke(LocatingElementHandler.java:38)
	at jdk.proxy2/jdk.proxy2.$Proxy14.getText(Unknown Source)
	at lt.insoft.uztis.pages.ApplicationFormsPage.getLastDescriptionCode(ApplicationFormsPage.java:518)
	at lt.insoft.uztis.tests.FundingPageTest.testFundApplication(FundingPageTest.java:71)
	at java.base/jdk.internal.reflect.DirectMethodHandleAccessor.invoke(DirectMethodHandleAccessor.java:103)
	at java.base/java.lang.reflect.Method.invoke(Method.java:580)
	at org.junit.platform.commons.util.ReflectionUtils.invokeMethod(ReflectionUtils.java:728)
	at org.junit.jupiter.engine.execution.MethodInvocation.proceed(MethodInvocation.java:60)
	at org.junit.jupiter.engine.execution.InvocationInterceptorChain$ValidatingInvocation.proceed(InvocationInterceptorChain.java:131)
	at org.junit.jupiter.engine.extension.TimeoutExtension.intercept(TimeoutExtension.java:156)
	at org.junit.jupiter.engine.extension.TimeoutExtension.interceptTestableMethod(TimeoutExtension.java:147)
	at org.junit.jupiter.engine.extension.TimeoutExtension.interceptTestMethod(TimeoutExtension.java:86)
	at org.junit.jupiter.engine.execution.InterceptingExecutableInvoker$ReflectiveInterceptorCall.lambda$ofVoidMethod$0(InterceptingExecutableInvoker.java:103)
	at org.junit.jupiter.engine.execution.InterceptingExecutableInvoker.lambda$invoke$0(InterceptingExecutableInvoker.java:93)
	at org.junit.jupiter.engine.execution.InvocationInterceptorChain$InterceptedInvocation.proceed(InvocationInterceptorChain.java:106)
	at org.junit.jupiter.engine.execution.InvocationInterceptorChain.proceed(InvocationInterceptorChain.java:64)
	at org.junit.jupiter.engine.execution.InvocationInterceptorChain.chainAndInvoke(InvocationInterceptorChain.java:45)
	at org.junit.jupiter.engine.execution.InvocationInterceptorChain.invoke(InvocationInterceptorChain.java:37)
	at org.junit.jupiter.engine.execution.InterceptingExecutableInvoker.invoke(InterceptingExecutableInvoker.java:92)
	at org.junit.jupiter.engine.execution.InterceptingExecutableInvoker.invoke(InterceptingExecutableInvoker.java:86)
	at org.junit.jupiter.engine.descriptor.TestMethodTestDescriptor.lambda$invokeTestMethod$7(TestMethodTestDescriptor.java:218)
	at org.junit.platform.engine.support.hierarchical.ThrowableCollector.execute(ThrowableCollector.java:73)
	at org.junit.jupiter.engine.descriptor.TestMethodTestDescriptor.invokeTestMethod(TestMethodTestDescriptor.java:214)
	at org.junit.jupiter.engine.descriptor.TestMethodTestDescriptor.execute(TestMethodTestDescriptor.java:139)
	at org.junit.jupiter.engine.descriptor.TestMethodTestDescriptor.execute(TestMethodTestDescriptor.java:69)
	at org.junit.platform.engine.support.hierarchical.NodeTestTask.lambda$executeRecursively$6(NodeTestTask.java:151)
	at org.junit.platform.engine.support.hierarchical.ThrowableCollector.execute(ThrowableCollector.java:73)
	at org.junit.platform.engine.support.hierarchical.NodeTestTask.lambda$executeRecursively$8(NodeTestTask.java:141)
	at org.junit.platform.engine.support.hierarchical.Node.around(Node.java:137)
	at org.junit.platform.engine.support.hierarchical.NodeTestTask.lambda$executeRecursively$9(NodeTestTask.java:139)
	at org.junit.platform.engine.support.hierarchical.ThrowableCollector.execute(ThrowableCollector.java:73)
	at org.junit.platform.engine.support.hierarchical.NodeTestTask.executeRecursively(NodeTestTask.java:138)
	at org.junit.platform.engine.support.hierarchical.NodeTestTask.execute(NodeTestTask.java:95)
	at java.base/java.util.ArrayList.forEach(ArrayList.java:1596)
	at org.junit.platform.engine.support.hierarchical.SameThreadHierarchicalTestExecutorService.invokeAll(SameThreadHierarchicalTestExecutorService.java:41)
	at org.junit.platform.engine.support.hierarchical.NodeTestTask.lambda$executeRecursively$6(NodeTestTask.java:155)
	at org.junit.platform.engine.support.hierarchical.ThrowableCollector.execute(ThrowableCollector.java:73)
	at org.junit.platform.engine.support.hierarchical.NodeTestTask.lambda$executeRecursively$8(NodeTestTask.java:141)
	at org.junit.platform.engine.support.hierarchical.Node.around(Node.java:137)
	at org.junit.platform.engine.support.hierarchical.NodeTestTask.lambda$executeRecursively$9(NodeTestTask.java:139)
	at org.junit.platform.engine.support.hierarchical.ThrowableCollector.execute(ThrowableCollector.java:73)
	at org.junit.platform.engine.support.hierarchical.NodeTestTask.executeRecursively(NodeTestTask.java:138)
	at org.junit.platform.engine.support.hierarchical.NodeTestTask.execute(NodeTestTask.java:95)
	at java.base/java.util.ArrayList.forEach(ArrayList.java:1596)
	at org.junit.platform.engine.support.hierarchical.SameThreadHierarchicalTestExecutorService.invokeAll(SameThreadHierarchicalTestExecutorService.java:41)
	at org.junit.platform.engine.support.hierarchical.NodeTestTask.lambda$executeRecursively$6(NodeTestTask.java:155)
	at org.junit.platform.engine.support.hierarchical.ThrowableCollector.execute(ThrowableCollector.java:73)
	at org.junit.platform.engine.support.hierarchical.NodeTestTask.lambda$executeRecursively$8(NodeTestTask.java:141)
	at org.junit.platform.engine.support.hierarchical.Node.around(Node.java:137)
	at org.junit.platform.engine.support.hierarchical.NodeTestTask.lambda$executeRecursively$9(NodeTestTask.java:139)
	at org.junit.platform.engine.support.hierarchical.ThrowableCollector.execute(ThrowableCollector.java:73)
	at org.junit.platform.engine.support.hierarchical.NodeTestTask.executeRecursively(NodeTestTask.java:138)
	at org.junit.platform.engine.support.hierarchical.NodeTestTask.execute(NodeTestTask.java:95)
	at org.junit.platform.engine.support.hierarchical.SameThreadHierarchicalTestExecutorService.submit(SameThreadHierarchicalTestExecutorService.java:35)
	at org.junit.platform.engine.support.hierarchical.HierarchicalTestExecutor.execute(HierarchicalTestExecutor.java:57)
	at org.junit.platform.engine.support.hierarchical.HierarchicalTestEngine.execute(HierarchicalTestEngine.java:54)
	at org.junit.platform.launcher.core.EngineExecutionOrchestrator.execute(EngineExecutionOrchestrator.java:198)
	at org.junit.platform.launcher.core.EngineExecutionOrchestrator.execute(EngineExecutionOrchestrator.java:169)
	at org.junit.platform.launcher.core.EngineExecutionOrchestrator.execute(EngineExecutionOrchestrator.java:93)
	at org.junit.platform.launcher.core.EngineExecutionOrchestrator.lambda$execute$0(EngineExecutionOrchestrator.java:58)
	at org.junit.platform.launcher.core.EngineExecutionOrchestrator.withInterceptedStreams(EngineExecutionOrchestrator.java:141)
	at org.junit.platform.launcher.core.EngineExecutionOrchestrator.execute(EngineExecutionOrchestrator.java:57)
	at org.junit.platform.launcher.core.DefaultLauncher.execute(DefaultLauncher.java:103)
	at org.junit.platform.launcher.core.DefaultLauncher.execute(DefaultLauncher.java:85)
	at org.junit.platform.launcher.core.DelegatingLauncher.execute(DelegatingLauncher.java:47)
	at org.junit.platform.launcher.core.SessionPerRequestLauncher.execute(SessionPerRequestLauncher.java:63)
	at com.intellij.junit5.JUnit5IdeaTestRunner.startRunnerWithArgs(JUnit5IdeaTestRunner.java:57)
	at com.intellij.rt.junit.IdeaTestRunner$Repeater$1.execute(IdeaTestRunner.java:38)
	at com.intellij.rt.execution.junit.TestsRepeater.repeat(TestsRepeater.java:11)
	at com.intellij.rt.junit.IdeaTestRunner$Repeater.startRunnerWithArgs(IdeaTestRunner.java:35)
	at com.intellij.rt.junit.JUnitStarter.prepareStreamsAndStart(JUnitStarter.java:232)
	at com.intellij.rt.junit.JUnitStarter.main(JUnitStarter.java:55)
2025-02-18 08:36:59 [main] INFO  l.insoft.uztis.tests.utils.TestUtils - Screenshot moved to C:\Users\ingrida.zadorozniene\Desktop\Asm\UZTIS\UZTIS_tests\test-output\screenshots\20250218\083659640_testFundApplication().png
2025-02-18 08:38:17 [main] INFO  lt.insoft.uztis.tests.UztisPageTest - Navigated to https://uztisdev.asseco.lt/home
2025-02-18 08:38:17 [main] INFO  l.insoft.uztis.tests.FundingPageTest - Starting test:'testFundApplication'
2025-02-18 08:38:23 [main] ERROR l.i.uztis.pages.ApplicationFormsPage - MenuApplicationProcessing button is not displayed invalid session id: session deleted as the browser has closed the connection
from disconnected: unable to send message to renderer
  (Session info: chrome=132.0.6834.197)
Build info: version: '4.27.0', revision: 'd6e718d134'
System info: os.name: 'Windows 11', os.arch: 'amd64', os.version: '10.0', java.version: '21.0.3'
Driver info: org.openqa.selenium.chrome.ChromeDriver
Command: [c3da9acac8d0d3d16f545952fb01009a, findElement {value=//mat-expansion-panel[4]/mat-expansion-panel-header[@role='button'], using=xpath}]
Capabilities {acceptInsecureCerts: false, browserName: chrome, browserVersion: 132.0.6834.197, chrome: {chromedriverVersion: 132.0.6834.159 (2d77d3fc445..., userDataDir: C:\Users\INGRID~1.ZAD\AppDa...}, fedcm:accounts: true, goog:chromeOptions: {debuggerAddress: localhost:49348}, networkConnectionEnabled: false, pageLoadStrategy: normal, platformName: windows, proxy: Proxy(), se:cdp: ws://localhost:49348/devtoo..., se:cdpVersion: 132.0.6834.197, setWindowRect: true, strictFileInteractability: false, timeouts: {implicit: 0, pageLoad: 300000, script: 30000}, unhandledPromptBehavior: dismiss and notify, webauthn:extension:credBlob: true, webauthn:extension:largeBlob: true, webauthn:extension:minPinLength: true, webauthn:extension:prf: true, webauthn:virtualAuthenticators: true}
Session ID: c3da9acac8d0d3d16f545952fb01009a
2025-02-18 08:38:23 [main] ERROR l.insoft.uztis.tests.FundingPageTest - Test 'testFundApplication' failed with error: MenuApplicationProcessing is not displayed!
java.lang.RuntimeException: MenuApplicationProcessing is not displayed!
	at lt.insoft.uztis.pages.ApplicationFormsPage.openMenuApplicationProcessing(ApplicationFormsPage.java:151)
	at lt.insoft.uztis.tests.FundingPageTest.testFundApplication(FundingPageTest.java:71)
	at java.base/jdk.internal.reflect.DirectMethodHandleAccessor.invoke(DirectMethodHandleAccessor.java:103)
	at java.base/java.lang.reflect.Method.invoke(Method.java:580)
	at org.junit.platform.commons.util.ReflectionUtils.invokeMethod(ReflectionUtils.java:728)
	at org.junit.jupiter.engine.execution.MethodInvocation.proceed(MethodInvocation.java:60)
	at org.junit.jupiter.engine.execution.InvocationInterceptorChain$ValidatingInvocation.proceed(InvocationInterceptorChain.java:131)
	at org.junit.jupiter.engine.extension.TimeoutExtension.intercept(TimeoutExtension.java:156)
	at org.junit.jupiter.engine.extension.TimeoutExtension.interceptTestableMethod(TimeoutExtension.java:147)
	at org.junit.jupiter.engine.extension.TimeoutExtension.interceptTestMethod(TimeoutExtension.java:86)
	at org.junit.jupiter.engine.execution.InterceptingExecutableInvoker$ReflectiveInterceptorCall.lambda$ofVoidMethod$0(InterceptingExecutableInvoker.java:103)
	at org.junit.jupiter.engine.execution.InterceptingExecutableInvoker.lambda$invoke$0(InterceptingExecutableInvoker.java:93)
	at org.junit.jupiter.engine.execution.InvocationInterceptorChain$InterceptedInvocation.proceed(InvocationInterceptorChain.java:106)
	at org.junit.jupiter.engine.execution.InvocationInterceptorChain.proceed(InvocationInterceptorChain.java:64)
	at org.junit.jupiter.engine.execution.InvocationInterceptorChain.chainAndInvoke(InvocationInterceptorChain.java:45)
	at org.junit.jupiter.engine.execution.InvocationInterceptorChain.invoke(InvocationInterceptorChain.java:37)
	at org.junit.jupiter.engine.execution.InterceptingExecutableInvoker.invoke(InterceptingExecutableInvoker.java:92)
	at org.junit.jupiter.engine.execution.InterceptingExecutableInvoker.invoke(InterceptingExecutableInvoker.java:86)
	at org.junit.jupiter.engine.descriptor.TestMethodTestDescriptor.lambda$invokeTestMethod$7(TestMethodTestDescriptor.java:218)
	at org.junit.platform.engine.support.hierarchical.ThrowableCollector.execute(ThrowableCollector.java:73)
	at org.junit.jupiter.engine.descriptor.TestMethodTestDescriptor.invokeTestMethod(TestMethodTestDescriptor.java:214)
	at org.junit.jupiter.engine.descriptor.TestMethodTestDescriptor.execute(TestMethodTestDescriptor.java:139)
	at org.junit.jupiter.engine.descriptor.TestMethodTestDescriptor.execute(TestMethodTestDescriptor.java:69)
	at org.junit.platform.engine.support.hierarchical.NodeTestTask.lambda$executeRecursively$6(NodeTestTask.java:151)
	at org.junit.platform.engine.support.hierarchical.ThrowableCollector.execute(ThrowableCollector.java:73)
	at org.junit.platform.engine.support.hierarchical.NodeTestTask.lambda$executeRecursively$8(NodeTestTask.java:141)
	at org.junit.platform.engine.support.hierarchical.Node.around(Node.java:137)
	at org.junit.platform.engine.support.hierarchical.NodeTestTask.lambda$executeRecursively$9(NodeTestTask.java:139)
	at org.junit.platform.engine.support.hierarchical.ThrowableCollector.execute(ThrowableCollector.java:73)
	at org.junit.platform.engine.support.hierarchical.NodeTestTask.executeRecursively(NodeTestTask.java:138)
	at org.junit.platform.engine.support.hierarchical.NodeTestTask.execute(NodeTestTask.java:95)
	at java.base/java.util.ArrayList.forEach(ArrayList.java:1596)
	at org.junit.platform.engine.support.hierarchical.SameThreadHierarchicalTestExecutorService.invokeAll(SameThreadHierarchicalTestExecutorService.java:41)
	at org.junit.platform.engine.support.hierarchical.NodeTestTask.lambda$executeRecursively$6(NodeTestTask.java:155)
	at org.junit.platform.engine.support.hierarchical.ThrowableCollector.execute(ThrowableCollector.java:73)
	at org.junit.platform.engine.support.hierarchical.NodeTestTask.lambda$executeRecursively$8(NodeTestTask.java:141)
	at org.junit.platform.engine.support.hierarchical.Node.around(Node.java:137)
	at org.junit.platform.engine.support.hierarchical.NodeTestTask.lambda$executeRecursively$9(NodeTestTask.java:139)
	at org.junit.platform.engine.support.hierarchical.ThrowableCollector.execute(ThrowableCollector.java:73)
	at org.junit.platform.engine.support.hierarchical.NodeTestTask.executeRecursively(NodeTestTask.java:138)
	at org.junit.platform.engine.support.hierarchical.NodeTestTask.execute(NodeTestTask.java:95)
	at java.base/java.util.ArrayList.forEach(ArrayList.java:1596)
	at org.junit.platform.engine.support.hierarchical.SameThreadHierarchicalTestExecutorService.invokeAll(SameThreadHierarchicalTestExecutorService.java:41)
	at org.junit.platform.engine.support.hierarchical.NodeTestTask.lambda$executeRecursively$6(NodeTestTask.java:155)
	at org.junit.platform.engine.support.hierarchical.ThrowableCollector.execute(ThrowableCollector.java:73)
	at org.junit.platform.engine.support.hierarchical.NodeTestTask.lambda$executeRecursively$8(NodeTestTask.java:141)
	at org.junit.platform.engine.support.hierarchical.Node.around(Node.java:137)
	at org.junit.platform.engine.support.hierarchical.NodeTestTask.lambda$executeRecursively$9(NodeTestTask.java:139)
	at org.junit.platform.engine.support.hierarchical.ThrowableCollector.execute(ThrowableCollector.java:73)
	at org.junit.platform.engine.support.hierarchical.NodeTestTask.executeRecursively(NodeTestTask.java:138)
	at org.junit.platform.engine.support.hierarchical.NodeTestTask.execute(NodeTestTask.java:95)
	at org.junit.platform.engine.support.hierarchical.SameThreadHierarchicalTestExecutorService.submit(SameThreadHierarchicalTestExecutorService.java:35)
	at org.junit.platform.engine.support.hierarchical.HierarchicalTestExecutor.execute(HierarchicalTestExecutor.java:57)
	at org.junit.platform.engine.support.hierarchical.HierarchicalTestEngine.execute(HierarchicalTestEngine.java:54)
	at org.junit.platform.launcher.core.EngineExecutionOrchestrator.execute(EngineExecutionOrchestrator.java:198)
	at org.junit.platform.launcher.core.EngineExecutionOrchestrator.execute(EngineExecutionOrchestrator.java:169)
	at org.junit.platform.launcher.core.EngineExecutionOrchestrator.execute(EngineExecutionOrchestrator.java:93)
	at org.junit.platform.launcher.core.EngineExecutionOrchestrator.lambda$execute$0(EngineExecutionOrchestrator.java:58)
	at org.junit.platform.launcher.core.EngineExecutionOrchestrator.withInterceptedStreams(EngineExecutionOrchestrator.java:141)
	at org.junit.platform.launcher.core.EngineExecutionOrchestrator.execute(EngineExecutionOrchestrator.java:57)
	at org.junit.platform.launcher.core.DefaultLauncher.execute(DefaultLauncher.java:103)
	at org.junit.platform.launcher.core.DefaultLauncher.execute(DefaultLauncher.java:85)
	at org.junit.platform.launcher.core.DelegatingLauncher.execute(DelegatingLauncher.java:47)
	at org.junit.platform.launcher.core.SessionPerRequestLauncher.execute(SessionPerRequestLauncher.java:63)
	at com.intellij.junit5.JUnit5IdeaTestRunner.startRunnerWithArgs(JUnit5IdeaTestRunner.java:57)
	at com.intellij.rt.junit.IdeaTestRunner$Repeater$1.execute(IdeaTestRunner.java:38)
	at com.intellij.rt.execution.junit.TestsRepeater.repeat(TestsRepeater.java:11)
	at com.intellij.rt.junit.IdeaTestRunner$Repeater.startRunnerWithArgs(IdeaTestRunner.java:35)
	at com.intellij.rt.junit.JUnitStarter.prepareStreamsAndStart(JUnitStarter.java:232)
	at com.intellij.rt.junit.JUnitStarter.main(JUnitStarter.java:55)
2025-02-18 08:39:19 [main] INFO  lt.insoft.uztis.tests.UztisPageTest - Navigated to https://uztisdev.asseco.lt/home
2025-02-18 08:39:19 [main] INFO  l.insoft.uztis.tests.FundingPageTest - Starting test:'testFundApplication'
2025-02-18 08:39:20 [main] DEBUG l.insoft.uztis.tests.FundingPageTest - User logged in with test credentials
2025-02-18 08:39:20 [main] DEBUG l.insoft.uztis.tests.FundingPageTest - Opened 'Application Processing' menu.
2025-02-18 08:39:20 [main] DEBUG l.insoft.uztis.tests.FundingPageTest - Clicked on 'Application Forms' menu.
2025-02-18 08:39:21 [main] DEBUG l.insoft.uztis.tests.FundingPageTest - Retrieved last description code text: 'TST-VUI-00'.
2025-02-18 08:39:21 [main] DEBUG l.insoft.uztis.tests.FundingPageTest - Clicked on 'Invitation' menu.
2025-02-18 08:39:22 [main] DEBUG l.insoft.uztis.tests.FundingPageTest - Selected application section by code: 'TST-VUI-00'.
2025-02-18 08:39:22 [main] DEBUG l.insoft.uztis.tests.FundingPageTest - Clicked 'Search' button.
2025-02-18 08:39:22 [main] DEBUG l.insoft.uztis.tests.FundingPageTest - Retrieved invitation code: ''.
2025-02-18 08:39:22 [main] DEBUG l.insoft.uztis.tests.FundingPageTest - Clicked on 'Submitted Applications' menu.
2025-02-18 08:39:23 [main] DEBUG l.insoft.uztis.tests.FundingPageTest - Selected invitation by code: 'TST-VUI-00'.
2025-02-18 08:39:33 [main] ERROR l.insoft.uztis.pages.InvitationsPage - Failed to verify the success message: '...'. Available messages: []
2025-02-18 08:39:33 [main] INFO  l.insoft.uztis.tests.FundingPageTest - Test 'testFundApplication' completed successfully.
2025-02-18 08:40:58 [main] INFO  lt.insoft.uztis.tests.UztisPageTest - Navigated to https://uztisdev.asseco.lt/home
2025-02-18 08:40:58 [main] INFO  l.insoft.uztis.tests.FundingPageTest - Starting test:'testFundApplication'
2025-02-18 08:40:59 [main] DEBUG l.insoft.uztis.tests.FundingPageTest - User logged in with test credentials
2025-02-18 08:40:59 [main] DEBUG l.insoft.uztis.tests.FundingPageTest - Opened 'Application Processing' menu.
2025-02-18 08:40:59 [main] DEBUG l.insoft.uztis.tests.FundingPageTest - Clicked on 'Application Forms' menu.
2025-02-18 08:40:59 [main] DEBUG l.insoft.uztis.tests.FundingPageTest - Retrieved last description code text: 'TST-VUI-00'.
2025-02-18 08:41:00 [main] DEBUG l.insoft.uztis.tests.FundingPageTest - Clicked on 'Invitation' menu.
2025-02-18 08:41:00 [main] DEBUG l.insoft.uztis.tests.FundingPageTest - Selected application section by code: 'TST-VUI-00'.
2025-02-18 08:41:01 [main] DEBUG l.insoft.uztis.tests.FundingPageTest - Clicked 'Search' button.
2025-02-18 08:41:01 [main] DEBUG l.insoft.uztis.tests.FundingPageTest - Retrieved invitation code: ''.
2025-02-18 08:41:01 [main] DEBUG l.insoft.uztis.tests.FundingPageTest - Clicked on 'Funding Queue' menu.
2025-02-18 08:41:02 [main] DEBUG l.insoft.uztis.tests.FundingPageTest - Selected invitation by code: 'TST-VUI-00'.
2025-02-18 08:41:12 [main] ERROR l.insoft.uztis.pages.InvitationsPage - Failed to verify the success message: '...'. Available messages: []
2025-02-18 08:41:12 [main] INFO  l.insoft.uztis.tests.FundingPageTest - Test 'testFundApplication' completed successfully.
2025-02-18 09:44:26 [main] INFO  lt.insoft.uztis.tests.UztisPageTest - Navigated to https://uztisdev.asseco.lt/home
2025-02-18 09:44:26 [main] INFO  l.insoft.uztis.tests.FundingPageTest - Starting test:'testFundApplication'
2025-02-18 09:44:27 [main] DEBUG l.insoft.uztis.tests.FundingPageTest - User logged in with test credentials
2025-02-18 09:44:27 [main] DEBUG l.insoft.uztis.tests.FundingPageTest - Opened 'Application Processing' menu.
2025-02-18 09:44:28 [main] DEBUG l.insoft.uztis.tests.FundingPageTest - Clicked on 'Application Forms' menu.
2025-02-18 09:44:29 [main] DEBUG l.insoft.uztis.tests.FundingPageTest - Retrieved last description code text: 'TST-VUI-00'.
2025-02-18 09:44:29 [main] DEBUG l.insoft.uztis.tests.FundingPageTest - Clicked on 'Invitation' menu.
2025-02-18 09:44:30 [main] DEBUG l.insoft.uztis.tests.FundingPageTest - Selected application section by code: 'TST-VUI-00'.
2025-02-18 09:44:30 [main] DEBUG l.insoft.uztis.tests.FundingPageTest - Clicked 'Search' button.
2025-02-18 09:44:30 [main] DEBUG l.insoft.uztis.tests.FundingPageTest - Retrieved invitation code: ''.
2025-02-18 09:44:30 [main] DEBUG l.insoft.uztis.tests.FundingPageTest - Clicked on 'Funding Queue' menu.
2025-02-18 09:44:31 [main] DEBUG l.insoft.uztis.tests.FundingPageTest - Selected invitation by code: 'TST-VUI-00'.
2025-02-18 09:44:31 [main] DEBUG l.insoft.uztis.tests.FundingPageTest - Invitation code inserted.
2025-02-18 09:44:31 [main] ERROR l.insoft.uztis.tests.FundingPageTest - Test 'testFundApplication' failed with error: invalid selector: An invalid or illegal selector was specified
  (Session info: chrome=132.0.6834.197)
For documentation on this error, please visit: https://www.selenium.dev/documentation/webdriver/troubleshooting/errors#invalid-selector-exception
Build info: version: '4.27.0', revision: 'd6e718d134'
System info: os.name: 'Windows 11', os.arch: 'amd64', os.version: '10.0', java.version: '21.0.3'
Driver info: org.openqa.selenium.chrome.ChromeDriver
Command: [a826fe0f1406393eb801ac3421c6046a, findElement {using=css selector, value=//button[contains(@class, 'btn') and text()='Formuoti']}]
Capabilities {acceptInsecureCerts: false, browserName: chrome, browserVersion: 132.0.6834.197, chrome: {chromedriverVersion: 132.0.6834.159 (2d77d3fc445..., userDataDir: C:\Users\INGRID~1.ZAD\AppDa...}, fedcm:accounts: true, goog:chromeOptions: {debuggerAddress: localhost:51588}, networkConnectionEnabled: false, pageLoadStrategy: normal, platformName: windows, proxy: Proxy(), se:cdp: ws://localhost:51588/devtoo..., se:cdpVersion: 132.0.6834.197, setWindowRect: true, strictFileInteractability: false, timeouts: {implicit: 0, pageLoad: 300000, script: 30000}, unhandledPromptBehavior: dismiss and notify, webauthn:extension:credBlob: true, webauthn:extension:largeBlob: true, webauthn:extension:minPinLength: true, webauthn:extension:prf: true, webauthn:virtualAuthenticators: true}
Session ID: a826fe0f1406393eb801ac3421c6046a
org.openqa.selenium.InvalidSelectorException: invalid selector: An invalid or illegal selector was specified
  (Session info: chrome=132.0.6834.197)
For documentation on this error, please visit: https://www.selenium.dev/documentation/webdriver/troubleshooting/errors#invalid-selector-exception
Build info: version: '4.27.0', revision: 'd6e718d134'
System info: os.name: 'Windows 11', os.arch: 'amd64', os.version: '10.0', java.version: '21.0.3'
Driver info: org.openqa.selenium.chrome.ChromeDriver
Command: [a826fe0f1406393eb801ac3421c6046a, findElement {using=css selector, value=//button[contains(@class, 'btn') and text()='Formuoti']}]
Capabilities {acceptInsecureCerts: false, browserName: chrome, browserVersion: 132.0.6834.197, chrome: {chromedriverVersion: 132.0.6834.159 (2d77d3fc445..., userDataDir: C:\Users\INGRID~1.ZAD\AppDa...}, fedcm:accounts: true, goog:chromeOptions: {debuggerAddress: localhost:51588}, networkConnectionEnabled: false, pageLoadStrategy: normal, platformName: windows, proxy: Proxy(), se:cdp: ws://localhost:51588/devtoo..., se:cdpVersion: 132.0.6834.197, setWindowRect: true, strictFileInteractability: false, timeouts: {implicit: 0, pageLoad: 300000, script: 30000}, unhandledPromptBehavior: dismiss and notify, webauthn:extension:credBlob: true, webauthn:extension:largeBlob: true, webauthn:extension:minPinLength: true, webauthn:extension:prf: true, webauthn:virtualAuthenticators: true}
Session ID: a826fe0f1406393eb801ac3421c6046a
	at java.base/jdk.internal.reflect.DirectConstructorHandleAccessor.newInstance(DirectConstructorHandleAccessor.java:62)
	at java.base/java.lang.reflect.Constructor.newInstanceWithCaller(Constructor.java:502)
	at java.base/java.lang.reflect.Constructor.newInstance(Constructor.java:486)
	at org.openqa.selenium.remote.ErrorCodec.decode(ErrorCodec.java:167)
	at org.openqa.selenium.remote.codec.w3c.W3CHttpResponseCodec.decode(W3CHttpResponseCodec.java:138)
	at org.openqa.selenium.remote.codec.w3c.W3CHttpResponseCodec.decode(W3CHttpResponseCodec.java:50)
	at org.openqa.selenium.remote.HttpCommandExecutor.execute(HttpCommandExecutor.java:190)
	at org.openqa.selenium.remote.service.DriverCommandExecutor.invokeExecute(DriverCommandExecutor.java:216)
	at org.openqa.selenium.remote.service.DriverCommandExecutor.execute(DriverCommandExecutor.java:174)
	at org.openqa.selenium.remote.RemoteWebDriver.execute(RemoteWebDriver.java:545)
	at org.openqa.selenium.remote.ElementLocation$ElementFinder$2.findElement(ElementLocation.java:165)
	at org.openqa.selenium.remote.ElementLocation.findElement(ElementLocation.java:59)
	at org.openqa.selenium.remote.RemoteWebDriver.findElement(RemoteWebDriver.java:368)
	at org.openqa.selenium.remote.RemoteWebDriver.findElement(RemoteWebDriver.java:362)
	at org.openqa.selenium.support.pagefactory.DefaultElementLocator.findElement(DefaultElementLocator.java:68)
	at org.openqa.selenium.support.pagefactory.internal.LocatingElementHandler.invoke(LocatingElementHandler.java:38)
	at jdk.proxy2/jdk.proxy2.$Proxy14.click(Unknown Source)
	at lt.insoft.uztis.pages.FundingPage.clickButtonForm(FundingPage.java:31)
	at lt.insoft.uztis.tests.FundingPageTest.testFundApplication(FundingPageTest.java:95)
	at java.base/jdk.internal.reflect.DirectMethodHandleAccessor.invoke(DirectMethodHandleAccessor.java:103)
	at java.base/java.lang.reflect.Method.invoke(Method.java:580)
	at org.junit.platform.commons.util.ReflectionUtils.invokeMethod(ReflectionUtils.java:728)
	at org.junit.jupiter.engine.execution.MethodInvocation.proceed(MethodInvocation.java:60)
	at org.junit.jupiter.engine.execution.InvocationInterceptorChain$ValidatingInvocation.proceed(InvocationInterceptorChain.java:131)
	at org.junit.jupiter.engine.extension.TimeoutExtension.intercept(TimeoutExtension.java:156)
	at org.junit.jupiter.engine.extension.TimeoutExtension.interceptTestableMethod(TimeoutExtension.java:147)
	at org.junit.jupiter.engine.extension.TimeoutExtension.interceptTestMethod(TimeoutExtension.java:86)
	at org.junit.jupiter.engine.execution.InterceptingExecutableInvoker$ReflectiveInterceptorCall.lambda$ofVoidMethod$0(InterceptingExecutableInvoker.java:103)
	at org.junit.jupiter.engine.execution.InterceptingExecutableInvoker.lambda$invoke$0(InterceptingExecutableInvoker.java:93)
	at org.junit.jupiter.engine.execution.InvocationInterceptorChain$InterceptedInvocation.proceed(InvocationInterceptorChain.java:106)
	at org.junit.jupiter.engine.execution.InvocationInterceptorChain.proceed(InvocationInterceptorChain.java:64)
	at org.junit.jupiter.engine.execution.InvocationInterceptorChain.chainAndInvoke(InvocationInterceptorChain.java:45)
	at org.junit.jupiter.engine.execution.InvocationInterceptorChain.invoke(InvocationInterceptorChain.java:37)
	at org.junit.jupiter.engine.execution.InterceptingExecutableInvoker.invoke(InterceptingExecutableInvoker.java:92)
	at org.junit.jupiter.engine.execution.InterceptingExecutableInvoker.invoke(InterceptingExecutableInvoker.java:86)
	at org.junit.jupiter.engine.descriptor.TestMethodTestDescriptor.lambda$invokeTestMethod$7(TestMethodTestDescriptor.java:218)
	at org.junit.platform.engine.support.hierarchical.ThrowableCollector.execute(ThrowableCollector.java:73)
	at org.junit.jupiter.engine.descriptor.TestMethodTestDescriptor.invokeTestMethod(TestMethodTestDescriptor.java:214)
	at org.junit.jupiter.engine.descriptor.TestMethodTestDescriptor.execute(TestMethodTestDescriptor.java:139)
	at org.junit.jupiter.engine.descriptor.TestMethodTestDescriptor.execute(TestMethodTestDescriptor.java:69)
	at org.junit.platform.engine.support.hierarchical.NodeTestTask.lambda$executeRecursively$6(NodeTestTask.java:151)
	at org.junit.platform.engine.support.hierarchical.ThrowableCollector.execute(ThrowableCollector.java:73)
	at org.junit.platform.engine.support.hierarchical.NodeTestTask.lambda$executeRecursively$8(NodeTestTask.java:141)
	at org.junit.platform.engine.support.hierarchical.Node.around(Node.java:137)
	at org.junit.platform.engine.support.hierarchical.NodeTestTask.lambda$executeRecursively$9(NodeTestTask.java:139)
	at org.junit.platform.engine.support.hierarchical.ThrowableCollector.execute(ThrowableCollector.java:73)
	at org.junit.platform.engine.support.hierarchical.NodeTestTask.executeRecursively(NodeTestTask.java:138)
	at org.junit.platform.engine.support.hierarchical.NodeTestTask.execute(NodeTestTask.java:95)
	at java.base/java.util.ArrayList.forEach(ArrayList.java:1596)
	at org.junit.platform.engine.support.hierarchical.SameThreadHierarchicalTestExecutorService.invokeAll(SameThreadHierarchicalTestExecutorService.java:41)
	at org.junit.platform.engine.support.hierarchical.NodeTestTask.lambda$executeRecursively$6(NodeTestTask.java:155)
	at org.junit.platform.engine.support.hierarchical.ThrowableCollector.execute(ThrowableCollector.java:73)
	at org.junit.platform.engine.support.hierarchical.NodeTestTask.lambda$executeRecursively$8(NodeTestTask.java:141)
	at org.junit.platform.engine.support.hierarchical.Node.around(Node.java:137)
	at org.junit.platform.engine.support.hierarchical.NodeTestTask.lambda$executeRecursively$9(NodeTestTask.java:139)
	at org.junit.platform.engine.support.hierarchical.ThrowableCollector.execute(ThrowableCollector.java:73)
	at org.junit.platform.engine.support.hierarchical.NodeTestTask.executeRecursively(NodeTestTask.java:138)
	at org.junit.platform.engine.support.hierarchical.NodeTestTask.execute(NodeTestTask.java:95)
	at java.base/java.util.ArrayList.forEach(ArrayList.java:1596)
	at org.junit.platform.engine.support.hierarchical.SameThreadHierarchicalTestExecutorService.invokeAll(SameThreadHierarchicalTestExecutorService.java:41)
	at org.junit.platform.engine.support.hierarchical.NodeTestTask.lambda$executeRecursively$6(NodeTestTask.java:155)
	at org.junit.platform.engine.support.hierarchical.ThrowableCollector.execute(ThrowableCollector.java:73)
	at org.junit.platform.engine.support.hierarchical.NodeTestTask.lambda$executeRecursively$8(NodeTestTask.java:141)
	at org.junit.platform.engine.support.hierarchical.Node.around(Node.java:137)
	at org.junit.platform.engine.support.hierarchical.NodeTestTask.lambda$executeRecursively$9(NodeTestTask.java:139)
	at org.junit.platform.engine.support.hierarchical.ThrowableCollector.execute(ThrowableCollector.java:73)
	at org.junit.platform.engine.support.hierarchical.NodeTestTask.executeRecursively(NodeTestTask.java:138)
	at org.junit.platform.engine.support.hierarchical.NodeTestTask.execute(NodeTestTask.java:95)
	at org.junit.platform.engine.support.hierarchical.SameThreadHierarchicalTestExecutorService.submit(SameThreadHierarchicalTestExecutorService.java:35)
	at org.junit.platform.engine.support.hierarchical.HierarchicalTestExecutor.execute(HierarchicalTestExecutor.java:57)
	at org.junit.platform.engine.support.hierarchical.HierarchicalTestEngine.execute(HierarchicalTestEngine.java:54)
	at org.junit.platform.launcher.core.EngineExecutionOrchestrator.execute(EngineExecutionOrchestrator.java:198)
	at org.junit.platform.launcher.core.EngineExecutionOrchestrator.execute(EngineExecutionOrchestrator.java:169)
	at org.junit.platform.launcher.core.EngineExecutionOrchestrator.execute(EngineExecutionOrchestrator.java:93)
	at org.junit.platform.launcher.core.EngineExecutionOrchestrator.lambda$execute$0(EngineExecutionOrchestrator.java:58)
	at org.junit.platform.launcher.core.EngineExecutionOrchestrator.withInterceptedStreams(EngineExecutionOrchestrator.java:141)
	at org.junit.platform.launcher.core.EngineExecutionOrchestrator.execute(EngineExecutionOrchestrator.java:57)
	at org.junit.platform.launcher.core.DefaultLauncher.execute(DefaultLauncher.java:103)
	at org.junit.platform.launcher.core.DefaultLauncher.execute(DefaultLauncher.java:85)
	at org.junit.platform.launcher.core.DelegatingLauncher.execute(DelegatingLauncher.java:47)
	at org.junit.platform.launcher.core.SessionPerRequestLauncher.execute(SessionPerRequestLauncher.java:63)
	at com.intellij.junit5.JUnit5IdeaTestRunner.startRunnerWithArgs(JUnit5IdeaTestRunner.java:57)
	at com.intellij.rt.junit.IdeaTestRunner$Repeater$1.execute(IdeaTestRunner.java:38)
	at com.intellij.rt.execution.junit.TestsRepeater.repeat(TestsRepeater.java:11)
	at com.intellij.rt.junit.IdeaTestRunner$Repeater.startRunnerWithArgs(IdeaTestRunner.java:35)
	at com.intellij.rt.junit.JUnitStarter.prepareStreamsAndStart(JUnitStarter.java:232)
	at com.intellij.rt.junit.JUnitStarter.main(JUnitStarter.java:55)
2025-02-18 09:44:31 [main] INFO  l.insoft.uztis.tests.utils.TestUtils - Screenshot moved to C:\Users\ingrida.zadorozniene\Desktop\Asm\UZTIS\UZTIS_tests\test-output\screenshots\20250218\094431880_testFundApplication().png
2025-02-18 09:45:08 [main] INFO  lt.insoft.uztis.tests.UztisPageTest - Navigated to https://uztisdev.asseco.lt/home
2025-02-18 09:45:08 [main] INFO  l.insoft.uztis.tests.FundingPageTest - Starting test:'testFundApplication'
2025-02-18 09:45:09 [main] DEBUG l.insoft.uztis.tests.FundingPageTest - User logged in with test credentials
2025-02-18 09:45:09 [main] DEBUG l.insoft.uztis.tests.FundingPageTest - Opened 'Application Processing' menu.
2025-02-18 09:45:09 [main] DEBUG l.insoft.uztis.tests.FundingPageTest - Clicked on 'Application Forms' menu.
2025-02-18 09:45:13 [main] DEBUG l.insoft.uztis.tests.FundingPageTest - Retrieved last description code text: 'TST-VUI-00'.
2025-02-18 09:45:13 [main] DEBUG l.insoft.uztis.tests.FundingPageTest - Clicked on 'Invitation' menu.
2025-02-18 09:45:14 [main] DEBUG l.insoft.uztis.tests.FundingPageTest - Selected application section by code: 'TST-VUI-00'.
2025-02-18 09:45:14 [main] DEBUG l.insoft.uztis.tests.FundingPageTest - Clicked 'Search' button.
2025-02-18 09:45:14 [main] DEBUG l.insoft.uztis.tests.FundingPageTest - Retrieved invitation code: ''.
2025-02-18 09:45:14 [main] DEBUG l.insoft.uztis.tests.FundingPageTest - Clicked on 'Funding Queue' menu.
2025-02-18 09:45:15 [main] DEBUG l.insoft.uztis.tests.FundingPageTest - Selected invitation by code: 'TST-VUI-00'.
2025-02-18 09:45:15 [main] DEBUG l.insoft.uztis.tests.FundingPageTest - Invitation code inserted.
2025-02-18 09:45:15 [main] ERROR l.insoft.uztis.tests.FundingPageTest - Test 'testFundApplication' failed with error: invalid selector: An invalid or illegal selector was specified
  (Session info: chrome=132.0.6834.197)
For documentation on this error, please visit: https://www.selenium.dev/documentation/webdriver/troubleshooting/errors#invalid-selector-exception
Build info: version: '4.27.0', revision: 'd6e718d134'
System info: os.name: 'Windows 11', os.arch: 'amd64', os.version: '10.0', java.version: '21.0.3'
Driver info: org.openqa.selenium.chrome.ChromeDriver
Command: [a1f307fc042256d6ea839950c6527ab5, findElement {value=//button[contains(@class, 'btn--primary')], using=css selector}]
Capabilities {acceptInsecureCerts: false, browserName: chrome, browserVersion: 132.0.6834.197, chrome: {chromedriverVersion: 132.0.6834.159 (2d77d3fc445..., userDataDir: C:\Users\INGRID~1.ZAD\AppDa...}, fedcm:accounts: true, goog:chromeOptions: {debuggerAddress: localhost:51631}, networkConnectionEnabled: false, pageLoadStrategy: normal, platformName: windows, proxy: Proxy(), se:cdp: ws://localhost:51631/devtoo..., se:cdpVersion: 132.0.6834.197, setWindowRect: true, strictFileInteractability: false, timeouts: {implicit: 0, pageLoad: 300000, script: 30000}, unhandledPromptBehavior: dismiss and notify, webauthn:extension:credBlob: true, webauthn:extension:largeBlob: true, webauthn:extension:minPinLength: true, webauthn:extension:prf: true, webauthn:virtualAuthenticators: true}
Session ID: a1f307fc042256d6ea839950c6527ab5
org.openqa.selenium.InvalidSelectorException: invalid selector: An invalid or illegal selector was specified
  (Session info: chrome=132.0.6834.197)
For documentation on this error, please visit: https://www.selenium.dev/documentation/webdriver/troubleshooting/errors#invalid-selector-exception
Build info: version: '4.27.0', revision: 'd6e718d134'
System info: os.name: 'Windows 11', os.arch: 'amd64', os.version: '10.0', java.version: '21.0.3'
Driver info: org.openqa.selenium.chrome.ChromeDriver
Command: [a1f307fc042256d6ea839950c6527ab5, findElement {value=//button[contains(@class, 'btn--primary')], using=css selector}]
Capabilities {acceptInsecureCerts: false, browserName: chrome, browserVersion: 132.0.6834.197, chrome: {chromedriverVersion: 132.0.6834.159 (2d77d3fc445..., userDataDir: C:\Users\INGRID~1.ZAD\AppDa...}, fedcm:accounts: true, goog:chromeOptions: {debuggerAddress: localhost:51631}, networkConnectionEnabled: false, pageLoadStrategy: normal, platformName: windows, proxy: Proxy(), se:cdp: ws://localhost:51631/devtoo..., se:cdpVersion: 132.0.6834.197, setWindowRect: true, strictFileInteractability: false, timeouts: {implicit: 0, pageLoad: 300000, script: 30000}, unhandledPromptBehavior: dismiss and notify, webauthn:extension:credBlob: true, webauthn:extension:largeBlob: true, webauthn:extension:minPinLength: true, webauthn:extension:prf: true, webauthn:virtualAuthenticators: true}
Session ID: a1f307fc042256d6ea839950c6527ab5
	at java.base/jdk.internal.reflect.DirectConstructorHandleAccessor.newInstance(DirectConstructorHandleAccessor.java:62)
	at java.base/java.lang.reflect.Constructor.newInstanceWithCaller(Constructor.java:502)
	at java.base/java.lang.reflect.Constructor.newInstance(Constructor.java:486)
	at org.openqa.selenium.remote.ErrorCodec.decode(ErrorCodec.java:167)
	at org.openqa.selenium.remote.codec.w3c.W3CHttpResponseCodec.decode(W3CHttpResponseCodec.java:138)
	at org.openqa.selenium.remote.codec.w3c.W3CHttpResponseCodec.decode(W3CHttpResponseCodec.java:50)
	at org.openqa.selenium.remote.HttpCommandExecutor.execute(HttpCommandExecutor.java:190)
	at org.openqa.selenium.remote.service.DriverCommandExecutor.invokeExecute(DriverCommandExecutor.java:216)
	at org.openqa.selenium.remote.service.DriverCommandExecutor.execute(DriverCommandExecutor.java:174)
	at org.openqa.selenium.remote.RemoteWebDriver.execute(RemoteWebDriver.java:545)
	at org.openqa.selenium.remote.ElementLocation$ElementFinder$2.findElement(ElementLocation.java:165)
	at org.openqa.selenium.remote.ElementLocation.findElement(ElementLocation.java:59)
	at org.openqa.selenium.remote.RemoteWebDriver.findElement(RemoteWebDriver.java:368)
	at org.openqa.selenium.remote.RemoteWebDriver.findElement(RemoteWebDriver.java:362)
	at org.openqa.selenium.support.pagefactory.DefaultElementLocator.findElement(DefaultElementLocator.java:68)
	at org.openqa.selenium.support.pagefactory.internal.LocatingElementHandler.invoke(LocatingElementHandler.java:38)
	at jdk.proxy2/jdk.proxy2.$Proxy14.click(Unknown Source)
	at lt.insoft.uztis.pages.FundingPage.clickButtonForm(FundingPage.java:31)
	at lt.insoft.uztis.tests.FundingPageTest.testFundApplication(FundingPageTest.java:95)
	at java.base/jdk.internal.reflect.DirectMethodHandleAccessor.invoke(DirectMethodHandleAccessor.java:103)
	at java.base/java.lang.reflect.Method.invoke(Method.java:580)
	at org.junit.platform.commons.util.ReflectionUtils.invokeMethod(ReflectionUtils.java:728)
	at org.junit.jupiter.engine.execution.MethodInvocation.proceed(MethodInvocation.java:60)
	at org.junit.jupiter.engine.execution.InvocationInterceptorChain$ValidatingInvocation.proceed(InvocationInterceptorChain.java:131)
	at org.junit.jupiter.engine.extension.TimeoutExtension.intercept(TimeoutExtension.java:156)
	at org.junit.jupiter.engine.extension.TimeoutExtension.interceptTestableMethod(TimeoutExtension.java:147)
	at org.junit.jupiter.engine.extension.TimeoutExtension.interceptTestMethod(TimeoutExtension.java:86)
	at org.junit.jupiter.engine.execution.InterceptingExecutableInvoker$ReflectiveInterceptorCall.lambda$ofVoidMethod$0(InterceptingExecutableInvoker.java:103)
	at org.junit.jupiter.engine.execution.InterceptingExecutableInvoker.lambda$invoke$0(InterceptingExecutableInvoker.java:93)
	at org.junit.jupiter.engine.execution.InvocationInterceptorChain$InterceptedInvocation.proceed(InvocationInterceptorChain.java:106)
	at org.junit.jupiter.engine.execution.InvocationInterceptorChain.proceed(InvocationInterceptorChain.java:64)
	at org.junit.jupiter.engine.execution.InvocationInterceptorChain.chainAndInvoke(InvocationInterceptorChain.java:45)
	at org.junit.jupiter.engine.execution.InvocationInterceptorChain.invoke(InvocationInterceptorChain.java:37)
	at org.junit.jupiter.engine.execution.InterceptingExecutableInvoker.invoke(InterceptingExecutableInvoker.java:92)
	at org.junit.jupiter.engine.execution.InterceptingExecutableInvoker.invoke(InterceptingExecutableInvoker.java:86)
	at org.junit.jupiter.engine.descriptor.TestMethodTestDescriptor.lambda$invokeTestMethod$7(TestMethodTestDescriptor.java:218)
	at org.junit.platform.engine.support.hierarchical.ThrowableCollector.execute(ThrowableCollector.java:73)
	at org.junit.jupiter.engine.descriptor.TestMethodTestDescriptor.invokeTestMethod(TestMethodTestDescriptor.java:214)
	at org.junit.jupiter.engine.descriptor.TestMethodTestDescriptor.execute(TestMethodTestDescriptor.java:139)
	at org.junit.jupiter.engine.descriptor.TestMethodTestDescriptor.execute(TestMethodTestDescriptor.java:69)
	at org.junit.platform.engine.support.hierarchical.NodeTestTask.lambda$executeRecursively$6(NodeTestTask.java:151)
	at org.junit.platform.engine.support.hierarchical.ThrowableCollector.execute(ThrowableCollector.java:73)
	at org.junit.platform.engine.support.hierarchical.NodeTestTask.lambda$executeRecursively$8(NodeTestTask.java:141)
	at org.junit.platform.engine.support.hierarchical.Node.around(Node.java:137)
	at org.junit.platform.engine.support.hierarchical.NodeTestTask.lambda$executeRecursively$9(NodeTestTask.java:139)
	at org.junit.platform.engine.support.hierarchical.ThrowableCollector.execute(ThrowableCollector.java:73)
	at org.junit.platform.engine.support.hierarchical.NodeTestTask.executeRecursively(NodeTestTask.java:138)
	at org.junit.platform.engine.support.hierarchical.NodeTestTask.execute(NodeTestTask.java:95)
	at java.base/java.util.ArrayList.forEach(ArrayList.java:1596)
	at org.junit.platform.engine.support.hierarchical.SameThreadHierarchicalTestExecutorService.invokeAll(SameThreadHierarchicalTestExecutorService.java:41)
	at org.junit.platform.engine.support.hierarchical.NodeTestTask.lambda$executeRecursively$6(NodeTestTask.java:155)
	at org.junit.platform.engine.support.hierarchical.ThrowableCollector.execute(ThrowableCollector.java:73)
	at org.junit.platform.engine.support.hierarchical.NodeTestTask.lambda$executeRecursively$8(NodeTestTask.java:141)
	at org.junit.platform.engine.support.hierarchical.Node.around(Node.java:137)
	at org.junit.platform.engine.support.hierarchical.NodeTestTask.lambda$executeRecursively$9(NodeTestTask.java:139)
	at org.junit.platform.engine.support.hierarchical.ThrowableCollector.execute(ThrowableCollector.java:73)
	at org.junit.platform.engine.support.hierarchical.NodeTestTask.executeRecursively(NodeTestTask.java:138)
	at org.junit.platform.engine.support.hierarchical.NodeTestTask.execute(NodeTestTask.java:95)
	at java.base/java.util.ArrayList.forEach(ArrayList.java:1596)
	at org.junit.platform.engine.support.hierarchical.SameThreadHierarchicalTestExecutorService.invokeAll(SameThreadHierarchicalTestExecutorService.java:41)
	at org.junit.platform.engine.support.hierarchical.NodeTestTask.lambda$executeRecursively$6(NodeTestTask.java:155)
	at org.junit.platform.engine.support.hierarchical.ThrowableCollector.execute(ThrowableCollector.java:73)
	at org.junit.platform.engine.support.hierarchical.NodeTestTask.lambda$executeRecursively$8(NodeTestTask.java:141)
	at org.junit.platform.engine.support.hierarchical.Node.around(Node.java:137)
	at org.junit.platform.engine.support.hierarchical.NodeTestTask.lambda$executeRecursively$9(NodeTestTask.java:139)
	at org.junit.platform.engine.support.hierarchical.ThrowableCollector.execute(ThrowableCollector.java:73)
	at org.junit.platform.engine.support.hierarchical.NodeTestTask.executeRecursively(NodeTestTask.java:138)
	at org.junit.platform.engine.support.hierarchical.NodeTestTask.execute(NodeTestTask.java:95)
	at org.junit.platform.engine.support.hierarchical.SameThreadHierarchicalTestExecutorService.submit(SameThreadHierarchicalTestExecutorService.java:35)
	at org.junit.platform.engine.support.hierarchical.HierarchicalTestExecutor.execute(HierarchicalTestExecutor.java:57)
	at org.junit.platform.engine.support.hierarchical.HierarchicalTestEngine.execute(HierarchicalTestEngine.java:54)
	at org.junit.platform.launcher.core.EngineExecutionOrchestrator.execute(EngineExecutionOrchestrator.java:198)
	at org.junit.platform.launcher.core.EngineExecutionOrchestrator.execute(EngineExecutionOrchestrator.java:169)
	at org.junit.platform.launcher.core.EngineExecutionOrchestrator.execute(EngineExecutionOrchestrator.java:93)
	at org.junit.platform.launcher.core.EngineExecutionOrchestrator.lambda$execute$0(EngineExecutionOrchestrator.java:58)
	at org.junit.platform.launcher.core.EngineExecutionOrchestrator.withInterceptedStreams(EngineExecutionOrchestrator.java:141)
	at org.junit.platform.launcher.core.EngineExecutionOrchestrator.execute(EngineExecutionOrchestrator.java:57)
	at org.junit.platform.launcher.core.DefaultLauncher.execute(DefaultLauncher.java:103)
	at org.junit.platform.launcher.core.DefaultLauncher.execute(DefaultLauncher.java:85)
	at org.junit.platform.launcher.core.DelegatingLauncher.execute(DelegatingLauncher.java:47)
	at org.junit.platform.launcher.core.SessionPerRequestLauncher.execute(SessionPerRequestLauncher.java:63)
	at com.intellij.junit5.JUnit5IdeaTestRunner.startRunnerWithArgs(JUnit5IdeaTestRunner.java:57)
	at com.intellij.rt.junit.IdeaTestRunner$Repeater$1.execute(IdeaTestRunner.java:38)
	at com.intellij.rt.execution.junit.TestsRepeater.repeat(TestsRepeater.java:11)
	at com.intellij.rt.junit.IdeaTestRunner$Repeater.startRunnerWithArgs(IdeaTestRunner.java:35)
	at com.intellij.rt.junit.JUnitStarter.prepareStreamsAndStart(JUnitStarter.java:232)
	at com.intellij.rt.junit.JUnitStarter.main(JUnitStarter.java:55)
2025-02-18 09:45:15 [main] INFO  l.insoft.uztis.tests.utils.TestUtils - Screenshot moved to C:\Users\ingrida.zadorozniene\Desktop\Asm\UZTIS\UZTIS_tests\test-output\screenshots\20250218\094515871_testFundApplication().png
2025-02-18 09:45:44 [main] INFO  lt.insoft.uztis.tests.UztisPageTest - Navigated to https://uztisdev.asseco.lt/home
2025-02-18 09:45:44 [main] INFO  l.insoft.uztis.tests.FundingPageTest - Starting test:'testFundApplication'
2025-02-18 09:45:44 [main] DEBUG l.insoft.uztis.tests.FundingPageTest - User logged in with test credentials
2025-02-18 09:45:45 [main] DEBUG l.insoft.uztis.tests.FundingPageTest - Opened 'Application Processing' menu.
2025-02-18 09:45:45 [main] DEBUG l.insoft.uztis.tests.FundingPageTest - Clicked on 'Application Forms' menu.
2025-02-18 09:45:45 [main] DEBUG l.insoft.uztis.tests.FundingPageTest - Retrieved last description code text: 'TST-VUI-00'.
2025-02-18 09:45:46 [main] DEBUG l.insoft.uztis.tests.FundingPageTest - Clicked on 'Invitation' menu.
2025-02-18 09:45:46 [main] DEBUG l.insoft.uztis.tests.FundingPageTest - Selected application section by code: 'TST-VUI-00'.
2025-02-18 09:45:47 [main] DEBUG l.insoft.uztis.tests.FundingPageTest - Clicked 'Search' button.
2025-02-18 09:45:47 [main] DEBUG l.insoft.uztis.tests.FundingPageTest - Retrieved invitation code: ''.
2025-02-18 09:45:47 [main] DEBUG l.insoft.uztis.tests.FundingPageTest - Clicked on 'Funding Queue' menu.
2025-02-18 09:45:48 [main] DEBUG l.insoft.uztis.tests.FundingPageTest - Selected invitation by code: 'TST-VUI-00'.
2025-02-18 09:45:48 [main] DEBUG l.insoft.uztis.tests.FundingPageTest - Invitation code inserted.
2025-02-18 09:45:48 [main] DEBUG l.insoft.uztis.tests.FundingPageTest - Clicked 'Edit'.
2025-02-18 09:45:58 [main] ERROR l.insoft.uztis.pages.InvitationsPage - Failed to verify the success message: '...'. Available messages: []
2025-02-18 09:45:58 [main] INFO  l.insoft.uztis.tests.FundingPageTest - Test 'testFundApplication' completed successfully.
2025-02-18 10:09:38 [main] INFO  lt.insoft.uztis.tests.UztisPageTest - Navigated to https://uztisdev.asseco.lt/home
2025-02-18 10:09:38 [main] INFO  l.insoft.uztis.tests.FundingPageTest - Starting test:'testFundApplication'
2025-02-18 10:09:38 [main] DEBUG l.insoft.uztis.tests.FundingPageTest - User logged in with test credentials
2025-02-18 10:09:39 [main] DEBUG l.insoft.uztis.tests.FundingPageTest - Opened 'Application Processing' menu.
2025-02-18 10:09:39 [main] DEBUG l.insoft.uztis.tests.FundingPageTest - Clicked on 'Application Forms' menu.
2025-02-18 10:09:39 [main] DEBUG l.insoft.uztis.tests.FundingPageTest - Retrieved last description code text: 'TST-VUI-00'.
2025-02-18 10:09:39 [main] DEBUG l.insoft.uztis.tests.FundingPageTest - Clicked on 'Invitation' menu.
2025-02-18 10:09:40 [main] DEBUG l.insoft.uztis.tests.FundingPageTest - Selected application section by code: 'TST-VUI-00'.
2025-02-18 10:09:40 [main] DEBUG l.insoft.uztis.tests.FundingPageTest - Clicked 'Search' button.
2025-02-18 10:09:40 [main] DEBUG l.insoft.uztis.tests.FundingPageTest - Retrieved invitation code: ''.
2025-02-18 10:09:40 [main] DEBUG l.insoft.uztis.tests.FundingPageTest - Clicked on 'Funding Queue' menu.
2025-02-18 10:09:42 [main] DEBUG l.insoft.uztis.tests.FundingPageTest - Selected invitation by code: 'TST-VUI-00'.
2025-02-18 10:09:42 [main] DEBUG l.insoft.uztis.tests.FundingPageTest - Invitation code inserted.
2025-02-18 10:09:42 [main] DEBUG l.insoft.uztis.tests.FundingPageTest - Clicked 'Edit'.
2025-02-18 10:09:42 [main] DEBUG l.insoft.uztis.tests.FundingPageTest - Clicked 'Finance'.
2025-02-18 10:09:52 [main] ERROR l.insoft.uztis.pages.InvitationsPage - Failed to verify the success message: '...'. Available messages: []
2025-02-18 10:09:52 [main] INFO  l.insoft.uztis.tests.FundingPageTest - Test 'testFundApplication' completed successfully.
2025-02-18 10:10:13 [main] INFO  lt.insoft.uztis.tests.UztisPageTest - Navigated to https://uztisdev.asseco.lt/home
2025-02-18 10:10:13 [main] INFO  l.insoft.uztis.tests.FundingPageTest - Starting test:'testFundApplication'
2025-02-18 10:10:14 [main] DEBUG l.insoft.uztis.tests.FundingPageTest - User logged in with test credentials
2025-02-18 10:10:14 [main] DEBUG l.insoft.uztis.tests.FundingPageTest - Opened 'Application Processing' menu.
2025-02-18 10:10:14 [main] DEBUG l.insoft.uztis.tests.FundingPageTest - Clicked on 'Application Forms' menu.
2025-02-18 10:10:15 [main] DEBUG l.insoft.uztis.tests.FundingPageTest - Retrieved last description code text: 'TST-VUI-00'.
2025-02-18 10:10:15 [main] DEBUG l.insoft.uztis.tests.FundingPageTest - Clicked on 'Invitation' menu.
2025-02-18 10:10:16 [main] DEBUG l.insoft.uztis.tests.FundingPageTest - Selected application section by code: 'TST-VUI-00'.
2025-02-18 10:10:16 [main] DEBUG l.insoft.uztis.tests.FundingPageTest - Clicked 'Search' button.
2025-02-18 10:10:16 [main] DEBUG l.insoft.uztis.tests.FundingPageTest - Retrieved invitation code: ''.
2025-02-18 10:10:16 [main] DEBUG l.insoft.uztis.tests.FundingPageTest - Clicked on 'Funding Queue' menu.
2025-02-18 10:10:17 [main] DEBUG l.insoft.uztis.tests.FundingPageTest - Selected invitation by code: 'TST-VUI-00'.
2025-02-18 10:10:17 [main] DEBUG l.insoft.uztis.tests.FundingPageTest - Invitation code inserted.
2025-02-18 10:10:17 [main] DEBUG l.insoft.uztis.tests.FundingPageTest - Clicked 'Edit'.
2025-02-18 10:10:17 [main] DEBUG l.insoft.uztis.tests.FundingPageTest - Clicked 'Finance'.
2025-02-18 10:10:27 [main] ERROR l.insoft.uztis.pages.InvitationsPage - Failed to verify the success message: '...'. Available messages: []
2025-02-18 10:10:27 [main] INFO  l.insoft.uztis.tests.FundingPageTest - Test 'testFundApplication' completed successfully.
2025-02-18 10:12:43 [main] INFO  lt.insoft.uztis.tests.UztisPageTest - Navigated to https://uztisdev.asseco.lt/home
2025-02-18 10:12:43 [main] INFO  l.insoft.uztis.tests.FundingPageTest - Starting test:'testFundApplication'
2025-02-18 10:12:44 [main] DEBUG l.insoft.uztis.tests.FundingPageTest - User logged in with test credentials
2025-02-18 10:12:45 [main] DEBUG l.insoft.uztis.tests.FundingPageTest - Opened 'Application Processing' menu.
2025-02-18 10:12:45 [main] DEBUG l.insoft.uztis.tests.FundingPageTest - Clicked on 'Application Forms' menu.
2025-02-18 10:12:46 [main] DEBUG l.insoft.uztis.tests.FundingPageTest - Retrieved last description code text: 'TST-VUI-00'.
2025-02-18 10:12:46 [main] DEBUG l.insoft.uztis.tests.FundingPageTest - Clicked on 'Invitation' menu.
2025-02-18 10:12:47 [main] DEBUG l.insoft.uztis.tests.FundingPageTest - Selected application section by code: 'TST-VUI-00'.
2025-02-18 10:12:47 [main] DEBUG l.insoft.uztis.tests.FundingPageTest - Clicked 'Search' button.
2025-02-18 10:12:47 [main] DEBUG l.insoft.uztis.tests.FundingPageTest - Retrieved invitation code: ''.
2025-02-18 10:12:47 [main] DEBUG l.insoft.uztis.tests.FundingPageTest - Clicked on 'Funding Queue' menu.
2025-02-18 10:12:48 [main] DEBUG l.insoft.uztis.tests.FundingPageTest - Selected invitation by code: 'TST-VUI-00'.
2025-02-18 10:12:48 [main] DEBUG l.insoft.uztis.tests.FundingPageTest - Invitation code inserted.
2025-02-18 10:12:48 [main] DEBUG l.insoft.uztis.tests.FundingPageTest - Clicked 'Edit'.
2025-02-18 10:12:48 [main] DEBUG l.insoft.uztis.tests.FundingPageTest - Clicked 'Finance'.
2025-02-18 10:12:58 [main] ERROR l.insoft.uztis.pages.InvitationsPage - Failed to verify the success message: '...'. Available messages: []
2025-02-18 10:12:58 [main] INFO  l.insoft.uztis.tests.FundingPageTest - Test 'testFundApplication' completed successfully.
2025-02-18 10:15:40 [main] INFO  lt.insoft.uztis.tests.UztisPageTest - Navigated to https://uztisdev.asseco.lt/home
2025-02-18 10:15:40 [main] INFO  l.insoft.uztis.tests.FundingPageTest - Starting test:'testFundApplication'
2025-02-18 10:15:40 [main] DEBUG l.insoft.uztis.tests.FundingPageTest - User logged in with test credentials
2025-02-18 10:15:41 [main] DEBUG l.insoft.uztis.tests.FundingPageTest - Opened 'Application Processing' menu.
2025-02-18 10:15:41 [main] DEBUG l.insoft.uztis.tests.FundingPageTest - Clicked on 'Application Forms' menu.
2025-02-18 10:15:41 [main] DEBUG l.insoft.uztis.tests.FundingPageTest - Retrieved last description code text: 'TST-VUI-00'.
2025-02-18 10:15:41 [main] DEBUG l.insoft.uztis.tests.FundingPageTest - Clicked on 'Invitation' menu.
2025-02-18 10:15:42 [main] DEBUG l.insoft.uztis.tests.FundingPageTest - Selected application section by code: 'TST-VUI-00'.
2025-02-18 10:15:42 [main] DEBUG l.insoft.uztis.tests.FundingPageTest - Clicked 'Search' button.
2025-02-18 10:15:42 [main] DEBUG l.insoft.uztis.tests.FundingPageTest - Retrieved invitation code: ''.
2025-02-18 10:15:42 [main] DEBUG l.insoft.uztis.tests.FundingPageTest - Clicked on 'Funding Queue' menu.
2025-02-18 10:15:43 [main] DEBUG l.insoft.uztis.tests.FundingPageTest - Selected invitation by code: 'TST-VUI-00'.
2025-02-18 10:15:43 [main] DEBUG l.insoft.uztis.tests.FundingPageTest - Invitation code inserted.
2025-02-18 10:15:44 [main] DEBUG l.insoft.uztis.tests.FundingPageTest - Clicked 'Edit'.
2025-02-18 10:15:44 [main] DEBUG l.insoft.uztis.tests.FundingPageTest - Clicked 'Finance'.
2025-02-18 10:15:48 [main] ERROR l.insoft.uztis.tests.FundingPageTest - Test 'testFundApplication' failed with error: invalid session id: session deleted as the browser has closed the connection
from disconnected: unable to send message to renderer
  (Session info: chrome=132.0.6834.197)
Build info: version: '4.27.0', revision: 'd6e718d134'
System info: os.name: 'Windows 11', os.arch: 'amd64', os.version: '10.0', java.version: '21.0.3'
Driver info: org.openqa.selenium.chrome.ChromeDriver
Command: [99cfd26f24df0c01a21708a547031e2c, findElements {using=css selector, value=[class='w-100']}]
Capabilities {acceptInsecureCerts: false, browserName: chrome, browserVersion: 132.0.6834.197, chrome: {chromedriverVersion: 132.0.6834.159 (2d77d3fc445..., userDataDir: C:\Users\INGRID~1.ZAD\AppDa...}, fedcm:accounts: true, goog:chromeOptions: {debuggerAddress: localhost:52838}, networkConnectionEnabled: false, pageLoadStrategy: normal, platformName: windows, proxy: Proxy(), se:cdp: ws://localhost:52838/devtoo..., se:cdpVersion: 132.0.6834.197, setWindowRect: true, strictFileInteractability: false, timeouts: {implicit: 0, pageLoad: 300000, script: 30000}, unhandledPromptBehavior: dismiss and notify, webauthn:extension:credBlob: true, webauthn:extension:largeBlob: true, webauthn:extension:minPinLength: true, webauthn:extension:prf: true, webauthn:virtualAuthenticators: true}
Session ID: 99cfd26f24df0c01a21708a547031e2c
org.openqa.selenium.NoSuchSessionException: invalid session id: session deleted as the browser has closed the connection
from disconnected: unable to send message to renderer
  (Session info: chrome=132.0.6834.197)
Build info: version: '4.27.0', revision: 'd6e718d134'
System info: os.name: 'Windows 11', os.arch: 'amd64', os.version: '10.0', java.version: '21.0.3'
Driver info: org.openqa.selenium.chrome.ChromeDriver
Command: [99cfd26f24df0c01a21708a547031e2c, findElements {using=css selector, value=[class='w-100']}]
Capabilities {acceptInsecureCerts: false, browserName: chrome, browserVersion: 132.0.6834.197, chrome: {chromedriverVersion: 132.0.6834.159 (2d77d3fc445..., userDataDir: C:\Users\INGRID~1.ZAD\AppDa...}, fedcm:accounts: true, goog:chromeOptions: {debuggerAddress: localhost:52838}, networkConnectionEnabled: false, pageLoadStrategy: normal, platformName: windows, proxy: Proxy(), se:cdp: ws://localhost:52838/devtoo..., se:cdpVersion: 132.0.6834.197, setWindowRect: true, strictFileInteractability: false, timeouts: {implicit: 0, pageLoad: 300000, script: 30000}, unhandledPromptBehavior: dismiss and notify, webauthn:extension:credBlob: true, webauthn:extension:largeBlob: true, webauthn:extension:minPinLength: true, webauthn:extension:prf: true, webauthn:virtualAuthenticators: true}
Session ID: 99cfd26f24df0c01a21708a547031e2c
	at java.base/jdk.internal.reflect.DirectConstructorHandleAccessor.newInstance(DirectConstructorHandleAccessor.java:62)
	at java.base/java.lang.reflect.Constructor.newInstanceWithCaller(Constructor.java:502)
	at java.base/java.lang.reflect.Constructor.newInstance(Constructor.java:486)
	at org.openqa.selenium.remote.ErrorCodec.decode(ErrorCodec.java:167)
	at org.openqa.selenium.remote.codec.w3c.W3CHttpResponseCodec.decode(W3CHttpResponseCodec.java:138)
	at org.openqa.selenium.remote.codec.w3c.W3CHttpResponseCodec.decode(W3CHttpResponseCodec.java:50)
	at org.openqa.selenium.remote.HttpCommandExecutor.execute(HttpCommandExecutor.java:190)
	at org.openqa.selenium.remote.service.DriverCommandExecutor.invokeExecute(DriverCommandExecutor.java:216)
	at org.openqa.selenium.remote.service.DriverCommandExecutor.execute(DriverCommandExecutor.java:174)
	at org.openqa.selenium.remote.RemoteWebDriver.execute(RemoteWebDriver.java:545)
	at org.openqa.selenium.remote.ElementLocation$ElementFinder$2.findElements(ElementLocation.java:182)
	at org.openqa.selenium.remote.ElementLocation.findElements(ElementLocation.java:103)
	at org.openqa.selenium.remote.RemoteWebDriver.findElements(RemoteWebDriver.java:381)
	at org.openqa.selenium.remote.RemoteWebDriver.findElements(RemoteWebDriver.java:375)
	at org.openqa.selenium.support.pagefactory.DefaultElementLocator.findElements(DefaultElementLocator.java:83)
	at org.openqa.selenium.support.pagefactory.internal.LocatingElementListHandler.invoke(LocatingElementListHandler.java:36)
	at jdk.proxy2/jdk.proxy2.$Proxy15.stream(Unknown Source)
	at lt.insoft.uztis.pages.InvitationsPage.getAllMessagesText(InvitationsPage.java:585)
	at lt.insoft.uztis.pages.InvitationsPage.verifySuccessMessage(InvitationsPage.java:198)
	at lt.insoft.uztis.tests.FundingPageTest.testFundApplication(FundingPageTest.java:103)
	at java.base/jdk.internal.reflect.DirectMethodHandleAccessor.invoke(DirectMethodHandleAccessor.java:103)
	at java.base/java.lang.reflect.Method.invoke(Method.java:580)
	at org.junit.platform.commons.util.ReflectionUtils.invokeMethod(ReflectionUtils.java:728)
	at org.junit.jupiter.engine.execution.MethodInvocation.proceed(MethodInvocation.java:60)
	at org.junit.jupiter.engine.execution.InvocationInterceptorChain$ValidatingInvocation.proceed(InvocationInterceptorChain.java:131)
	at org.junit.jupiter.engine.extension.TimeoutExtension.intercept(TimeoutExtension.java:156)
	at org.junit.jupiter.engine.extension.TimeoutExtension.interceptTestableMethod(TimeoutExtension.java:147)
	at org.junit.jupiter.engine.extension.TimeoutExtension.interceptTestMethod(TimeoutExtension.java:86)
	at org.junit.jupiter.engine.execution.InterceptingExecutableInvoker$ReflectiveInterceptorCall.lambda$ofVoidMethod$0(InterceptingExecutableInvoker.java:103)
	at org.junit.jupiter.engine.execution.InterceptingExecutableInvoker.lambda$invoke$0(InterceptingExecutableInvoker.java:93)
	at org.junit.jupiter.engine.execution.InvocationInterceptorChain$InterceptedInvocation.proceed(InvocationInterceptorChain.java:106)
	at org.junit.jupiter.engine.execution.InvocationInterceptorChain.proceed(InvocationInterceptorChain.java:64)
	at org.junit.jupiter.engine.execution.InvocationInterceptorChain.chainAndInvoke(InvocationInterceptorChain.java:45)
	at org.junit.jupiter.engine.execution.InvocationInterceptorChain.invoke(InvocationInterceptorChain.java:37)
	at org.junit.jupiter.engine.execution.InterceptingExecutableInvoker.invoke(InterceptingExecutableInvoker.java:92)
	at org.junit.jupiter.engine.execution.InterceptingExecutableInvoker.invoke(InterceptingExecutableInvoker.java:86)
	at org.junit.jupiter.engine.descriptor.TestMethodTestDescriptor.lambda$invokeTestMethod$7(TestMethodTestDescriptor.java:218)
	at org.junit.platform.engine.support.hierarchical.ThrowableCollector.execute(ThrowableCollector.java:73)
	at org.junit.jupiter.engine.descriptor.TestMethodTestDescriptor.invokeTestMethod(TestMethodTestDescriptor.java:214)
	at org.junit.jupiter.engine.descriptor.TestMethodTestDescriptor.execute(TestMethodTestDescriptor.java:139)
	at org.junit.jupiter.engine.descriptor.TestMethodTestDescriptor.execute(TestMethodTestDescriptor.java:69)
	at org.junit.platform.engine.support.hierarchical.NodeTestTask.lambda$executeRecursively$6(NodeTestTask.java:151)
	at org.junit.platform.engine.support.hierarchical.ThrowableCollector.execute(ThrowableCollector.java:73)
	at org.junit.platform.engine.support.hierarchical.NodeTestTask.lambda$executeRecursively$8(NodeTestTask.java:141)
	at org.junit.platform.engine.support.hierarchical.Node.around(Node.java:137)
	at org.junit.platform.engine.support.hierarchical.NodeTestTask.lambda$executeRecursively$9(NodeTestTask.java:139)
	at org.junit.platform.engine.support.hierarchical.ThrowableCollector.execute(ThrowableCollector.java:73)
	at org.junit.platform.engine.support.hierarchical.NodeTestTask.executeRecursively(NodeTestTask.java:138)
	at org.junit.platform.engine.support.hierarchical.NodeTestTask.execute(NodeTestTask.java:95)
	at java.base/java.util.ArrayList.forEach(ArrayList.java:1596)
	at org.junit.platform.engine.support.hierarchical.SameThreadHierarchicalTestExecutorService.invokeAll(SameThreadHierarchicalTestExecutorService.java:41)
	at org.junit.platform.engine.support.hierarchical.NodeTestTask.lambda$executeRecursively$6(NodeTestTask.java:155)
	at org.junit.platform.engine.support.hierarchical.ThrowableCollector.execute(ThrowableCollector.java:73)
	at org.junit.platform.engine.support.hierarchical.NodeTestTask.lambda$executeRecursively$8(NodeTestTask.java:141)
	at org.junit.platform.engine.support.hierarchical.Node.around(Node.java:137)
	at org.junit.platform.engine.support.hierarchical.NodeTestTask.lambda$executeRecursively$9(NodeTestTask.java:139)
	at org.junit.platform.engine.support.hierarchical.ThrowableCollector.execute(ThrowableCollector.java:73)
	at org.junit.platform.engine.support.hierarchical.NodeTestTask.executeRecursively(NodeTestTask.java:138)
	at org.junit.platform.engine.support.hierarchical.NodeTestTask.execute(NodeTestTask.java:95)
	at java.base/java.util.ArrayList.forEach(ArrayList.java:1596)
	at org.junit.platform.engine.support.hierarchical.SameThreadHierarchicalTestExecutorService.invokeAll(SameThreadHierarchicalTestExecutorService.java:41)
	at org.junit.platform.engine.support.hierarchical.NodeTestTask.lambda$executeRecursively$6(NodeTestTask.java:155)
	at org.junit.platform.engine.support.hierarchical.ThrowableCollector.execute(ThrowableCollector.java:73)
	at org.junit.platform.engine.support.hierarchical.NodeTestTask.lambda$executeRecursively$8(NodeTestTask.java:141)
	at org.junit.platform.engine.support.hierarchical.Node.around(Node.java:137)
	at org.junit.platform.engine.support.hierarchical.NodeTestTask.lambda$executeRecursively$9(NodeTestTask.java:139)
	at org.junit.platform.engine.support.hierarchical.ThrowableCollector.execute(ThrowableCollector.java:73)
	at org.junit.platform.engine.support.hierarchical.NodeTestTask.executeRecursively(NodeTestTask.java:138)
	at org.junit.platform.engine.support.hierarchical.NodeTestTask.execute(NodeTestTask.java:95)
	at org.junit.platform.engine.support.hierarchical.SameThreadHierarchicalTestExecutorService.submit(SameThreadHierarchicalTestExecutorService.java:35)
	at org.junit.platform.engine.support.hierarchical.HierarchicalTestExecutor.execute(HierarchicalTestExecutor.java:57)
	at org.junit.platform.engine.support.hierarchical.HierarchicalTestEngine.execute(HierarchicalTestEngine.java:54)
	at org.junit.platform.launcher.core.EngineExecutionOrchestrator.execute(EngineExecutionOrchestrator.java:198)
	at org.junit.platform.launcher.core.EngineExecutionOrchestrator.execute(EngineExecutionOrchestrator.java:169)
	at org.junit.platform.launcher.core.EngineExecutionOrchestrator.execute(EngineExecutionOrchestrator.java:93)
	at org.junit.platform.launcher.core.EngineExecutionOrchestrator.lambda$execute$0(EngineExecutionOrchestrator.java:58)
	at org.junit.platform.launcher.core.EngineExecutionOrchestrator.withInterceptedStreams(EngineExecutionOrchestrator.java:141)
	at org.junit.platform.launcher.core.EngineExecutionOrchestrator.execute(EngineExecutionOrchestrator.java:57)
	at org.junit.platform.launcher.core.DefaultLauncher.execute(DefaultLauncher.java:103)
	at org.junit.platform.launcher.core.DefaultLauncher.execute(DefaultLauncher.java:85)
	at org.junit.platform.launcher.core.DelegatingLauncher.execute(DelegatingLauncher.java:47)
	at org.junit.platform.launcher.core.SessionPerRequestLauncher.execute(SessionPerRequestLauncher.java:63)
	at com.intellij.junit5.JUnit5IdeaTestRunner.startRunnerWithArgs(JUnit5IdeaTestRunner.java:57)
	at com.intellij.rt.junit.IdeaTestRunner$Repeater$1.execute(IdeaTestRunner.java:38)
	at com.intellij.rt.execution.junit.TestsRepeater.repeat(TestsRepeater.java:11)
	at com.intellij.rt.junit.IdeaTestRunner$Repeater.startRunnerWithArgs(IdeaTestRunner.java:35)
	at com.intellij.rt.junit.JUnitStarter.prepareStreamsAndStart(JUnitStarter.java:232)
	at com.intellij.rt.junit.JUnitStarter.main(JUnitStarter.java:55)
2025-02-18 10:26:22 [main] INFO  lt.insoft.uztis.tests.UztisPageTest - Navigated to https://uztisdev.asseco.lt/home
2025-02-18 10:26:22 [main] INFO  l.insoft.uztis.tests.FundingPageTest - Starting test:'testFundApplication'
2025-02-18 10:26:22 [main] DEBUG l.insoft.uztis.tests.FundingPageTest - User logged in with test credentials
2025-02-18 10:26:23 [main] DEBUG l.insoft.uztis.tests.FundingPageTest - Opened 'Application Processing' menu.
2025-02-18 10:26:23 [main] DEBUG l.insoft.uztis.tests.FundingPageTest - Clicked on 'Application Forms' menu.
2025-02-18 10:26:23 [main] DEBUG l.insoft.uztis.tests.FundingPageTest - Retrieved last description code text: 'TST-VUI-00'.
2025-02-18 10:26:23 [main] DEBUG l.insoft.uztis.tests.FundingPageTest - Clicked on 'Invitation' menu.
2025-02-18 10:26:24 [main] DEBUG l.insoft.uztis.tests.FundingPageTest - Selected application section by code: 'TST-VUI-00'.
2025-02-18 10:26:24 [main] DEBUG l.insoft.uztis.tests.FundingPageTest - Clicked 'Search' button.
2025-02-18 10:26:24 [main] DEBUG l.insoft.uztis.tests.FundingPageTest - Retrieved invitation code: ''.
2025-02-18 10:26:24 [main] DEBUG l.insoft.uztis.tests.FundingPageTest - Clicked on 'Funding Queue' menu.
2025-02-18 10:26:25 [main] DEBUG l.insoft.uztis.tests.FundingPageTest - Selected invitation by code: 'TST-VUI-00'.
2025-02-18 10:26:25 [main] DEBUG l.insoft.uztis.tests.FundingPageTest - Invitation code inserted.
2025-02-18 10:26:25 [main] DEBUG l.insoft.uztis.tests.FundingPageTest - Clicked 'Form'.
2025-02-18 10:26:26 [main] DEBUG l.insoft.uztis.tests.FundingPageTest - Clicked 'Finance'.
2025-02-18 10:26:26 [main] DEBUG l.insoft.uztis.tests.FundingPageTest - Entered order number 'VUI_1'.
2025-02-18 10:26:26 [main] INFO  l.insoft.uztis.tests.FundingPageTest - Test 'testFundApplication' completed successfully.
2025-02-18 10:59:38 [main] INFO  lt.insoft.uztis.tests.UztisPageTest - Navigated to https://uztisdev.asseco.lt/home
2025-02-18 10:59:38 [main] INFO  l.insoft.uztis.tests.FundingPageTest - Starting test:'testFundApplication'
2025-02-18 10:59:38 [main] DEBUG l.insoft.uztis.tests.FundingPageTest - User logged in with test credentials
2025-02-18 10:59:39 [main] DEBUG l.insoft.uztis.tests.FundingPageTest - Opened 'Application Processing' menu.
2025-02-18 10:59:39 [main] DEBUG l.insoft.uztis.tests.FundingPageTest - Clicked on 'Application Forms' menu.
2025-02-18 10:59:39 [main] DEBUG l.insoft.uztis.tests.FundingPageTest - Retrieved last description code text: 'TST-VUI-00'.
2025-02-18 10:59:39 [main] DEBUG l.insoft.uztis.tests.FundingPageTest - Clicked on 'Invitation' menu.
2025-02-18 10:59:40 [main] DEBUG l.insoft.uztis.tests.FundingPageTest - Selected application section by code: 'TST-VUI-00'.
2025-02-18 10:59:40 [main] DEBUG l.insoft.uztis.tests.FundingPageTest - Clicked 'Search' button.
2025-02-18 10:59:40 [main] DEBUG l.insoft.uztis.tests.FundingPageTest - Retrieved invitation code: ''.
2025-02-18 10:59:41 [main] DEBUG l.insoft.uztis.tests.FundingPageTest - Clicked on 'Funding Queue' menu.
2025-02-18 10:59:42 [main] DEBUG l.insoft.uztis.tests.FundingPageTest - Selected invitation by code: 'TST-VUI-00'.
2025-02-18 10:59:42 [main] DEBUG l.insoft.uztis.tests.FundingPageTest - Invitation code inserted.
2025-02-18 10:59:42 [main] DEBUG l.insoft.uztis.tests.FundingPageTest - Clicked 'Form'.
2025-02-18 10:59:42 [main] DEBUG l.insoft.uztis.tests.FundingPageTest - Clicked 'Finance'.
2025-02-18 10:59:42 [main] DEBUG l.insoft.uztis.tests.FundingPageTest - Entered order number 'VUI_1'.
2025-02-18 10:59:43 [main] ERROR l.insoft.uztis.tests.FundingPageTest - Test 'testFundApplication' failed with error: element click intercepted: Element <button type="button" class="btn btn--primary">...</button> is not clickable at point (1812, 498). Other element would receive the click: <div class="cdk-overlay-backdrop cdk-overlay-dark-backdrop cdk-overlay-backdrop-showing"></div>
  (Session info: chrome=132.0.6834.197)
Build info: version: '4.27.0', revision: 'd6e718d134'
System info: os.name: 'Windows 11', os.arch: 'amd64', os.version: '10.0', java.version: '21.0.3'
Driver info: org.openqa.selenium.chrome.ChromeDriver
Command: [b300bc401a0c6143d9338fa4934569a4, clickElement {id=f.EF4D62020363CBC77FCDB2F745F25F97.d.AAB5223A4D78809E135CEDA9F3ED6AE4.e.224}]
Capabilities {acceptInsecureCerts: false, browserName: chrome, browserVersion: 132.0.6834.197, chrome: {chromedriverVersion: 132.0.6834.159 (2d77d3fc445..., userDataDir: C:\Users\INGRID~1.ZAD\AppDa...}, fedcm:accounts: true, goog:chromeOptions: {debuggerAddress: localhost:54313}, networkConnectionEnabled: false, pageLoadStrategy: normal, platformName: windows, proxy: Proxy(), se:cdp: ws://localhost:54313/devtoo..., se:cdpVersion: 132.0.6834.197, setWindowRect: true, strictFileInteractability: false, timeouts: {implicit: 0, pageLoad: 300000, script: 30000}, unhandledPromptBehavior: dismiss and notify, webauthn:extension:credBlob: true, webauthn:extension:largeBlob: true, webauthn:extension:minPinLength: true, webauthn:extension:prf: true, webauthn:virtualAuthenticators: true}
Element: [[ChromeDriver: chrome on windows (b300bc401a0c6143d9338fa4934569a4)] -> xpath: //common-button[contains(@class, 'ng-star-inserted')]//button[contains(@class, 'btn--primary') and text()='Finansuoti']]
Session ID: b300bc401a0c6143d9338fa4934569a4
org.openqa.selenium.ElementClickInterceptedException: element click intercepted: Element <button type="button" class="btn btn--primary">...</button> is not clickable at point (1812, 498). Other element would receive the click: <div class="cdk-overlay-backdrop cdk-overlay-dark-backdrop cdk-overlay-backdrop-showing"></div>
  (Session info: chrome=132.0.6834.197)
Build info: version: '4.27.0', revision: 'd6e718d134'
System info: os.name: 'Windows 11', os.arch: 'amd64', os.version: '10.0', java.version: '21.0.3'
Driver info: org.openqa.selenium.chrome.ChromeDriver
Command: [b300bc401a0c6143d9338fa4934569a4, clickElement {id=f.EF4D62020363CBC77FCDB2F745F25F97.d.AAB5223A4D78809E135CEDA9F3ED6AE4.e.224}]
Capabilities {acceptInsecureCerts: false, browserName: chrome, browserVersion: 132.0.6834.197, chrome: {chromedriverVersion: 132.0.6834.159 (2d77d3fc445..., userDataDir: C:\Users\INGRID~1.ZAD\AppDa...}, fedcm:accounts: true, goog:chromeOptions: {debuggerAddress: localhost:54313}, networkConnectionEnabled: false, pageLoadStrategy: normal, platformName: windows, proxy: Proxy(), se:cdp: ws://localhost:54313/devtoo..., se:cdpVersion: 132.0.6834.197, setWindowRect: true, strictFileInteractability: false, timeouts: {implicit: 0, pageLoad: 300000, script: 30000}, unhandledPromptBehavior: dismiss and notify, webauthn:extension:credBlob: true, webauthn:extension:largeBlob: true, webauthn:extension:minPinLength: true, webauthn:extension:prf: true, webauthn:virtualAuthenticators: true}
Element: [[ChromeDriver: chrome on windows (b300bc401a0c6143d9338fa4934569a4)] -> xpath: //common-button[contains(@class, 'ng-star-inserted')]//button[contains(@class, 'btn--primary') and text()='Finansuoti']]
Session ID: b300bc401a0c6143d9338fa4934569a4
	at java.base/jdk.internal.reflect.DirectConstructorHandleAccessor.newInstance(DirectConstructorHandleAccessor.java:62)
	at java.base/java.lang.reflect.Constructor.newInstanceWithCaller(Constructor.java:502)
	at java.base/java.lang.reflect.Constructor.newInstance(Constructor.java:486)
	at org.openqa.selenium.remote.ErrorCodec.decode(ErrorCodec.java:167)
	at org.openqa.selenium.remote.codec.w3c.W3CHttpResponseCodec.decode(W3CHttpResponseCodec.java:138)
	at org.openqa.selenium.remote.codec.w3c.W3CHttpResponseCodec.decode(W3CHttpResponseCodec.java:50)
	at org.openqa.selenium.remote.HttpCommandExecutor.execute(HttpCommandExecutor.java:190)
	at org.openqa.selenium.remote.service.DriverCommandExecutor.invokeExecute(DriverCommandExecutor.java:216)
	at org.openqa.selenium.remote.service.DriverCommandExecutor.execute(DriverCommandExecutor.java:174)
	at org.openqa.selenium.remote.RemoteWebDriver.execute(RemoteWebDriver.java:545)
	at org.openqa.selenium.remote.RemoteWebElement.execute(RemoteWebElement.java:223)
	at org.openqa.selenium.remote.RemoteWebElement.click(RemoteWebElement.java:76)
	at java.base/jdk.internal.reflect.DirectMethodHandleAccessor.invoke(DirectMethodHandleAccessor.java:103)
	at java.base/java.lang.reflect.Method.invoke(Method.java:580)
	at org.openqa.selenium.support.pagefactory.internal.LocatingElementHandler.invoke(LocatingElementHandler.java:51)
	at jdk.proxy2/jdk.proxy2.$Proxy14.click(Unknown Source)
	at lt.insoft.uztis.pages.FundingPage.clickButtonFinance(FundingPage.java:51)
	at lt.insoft.uztis.tests.FundingPageTest.testFundApplication(FundingPageTest.java:107)
	at java.base/jdk.internal.reflect.DirectMethodHandleAccessor.invoke(DirectMethodHandleAccessor.java:103)
	at java.base/java.lang.reflect.Method.invoke(Method.java:580)
	at org.junit.platform.commons.util.ReflectionUtils.invokeMethod(ReflectionUtils.java:728)
	at org.junit.jupiter.engine.execution.MethodInvocation.proceed(MethodInvocation.java:60)
	at org.junit.jupiter.engine.execution.InvocationInterceptorChain$ValidatingInvocation.proceed(InvocationInterceptorChain.java:131)
	at org.junit.jupiter.engine.extension.TimeoutExtension.intercept(TimeoutExtension.java:156)
	at org.junit.jupiter.engine.extension.TimeoutExtension.interceptTestableMethod(TimeoutExtension.java:147)
	at org.junit.jupiter.engine.extension.TimeoutExtension.interceptTestMethod(TimeoutExtension.java:86)
	at org.junit.jupiter.engine.execution.InterceptingExecutableInvoker$ReflectiveInterceptorCall.lambda$ofVoidMethod$0(InterceptingExecutableInvoker.java:103)
	at org.junit.jupiter.engine.execution.InterceptingExecutableInvoker.lambda$invoke$0(InterceptingExecutableInvoker.java:93)
	at org.junit.jupiter.engine.execution.InvocationInterceptorChain$InterceptedInvocation.proceed(InvocationInterceptorChain.java:106)
	at org.junit.jupiter.engine.execution.InvocationInterceptorChain.proceed(InvocationInterceptorChain.java:64)
	at org.junit.jupiter.engine.execution.InvocationInterceptorChain.chainAndInvoke(InvocationInterceptorChain.java:45)
	at org.junit.jupiter.engine.execution.InvocationInterceptorChain.invoke(InvocationInterceptorChain.java:37)
	at org.junit.jupiter.engine.execution.InterceptingExecutableInvoker.invoke(InterceptingExecutableInvoker.java:92)
	at org.junit.jupiter.engine.execution.InterceptingExecutableInvoker.invoke(InterceptingExecutableInvoker.java:86)
	at org.junit.jupiter.engine.descriptor.TestMethodTestDescriptor.lambda$invokeTestMethod$7(TestMethodTestDescriptor.java:218)
	at org.junit.platform.engine.support.hierarchical.ThrowableCollector.execute(ThrowableCollector.java:73)
	at org.junit.jupiter.engine.descriptor.TestMethodTestDescriptor.invokeTestMethod(TestMethodTestDescriptor.java:214)
	at org.junit.jupiter.engine.descriptor.TestMethodTestDescriptor.execute(TestMethodTestDescriptor.java:139)
	at org.junit.jupiter.engine.descriptor.TestMethodTestDescriptor.execute(TestMethodTestDescriptor.java:69)
	at org.junit.platform.engine.support.hierarchical.NodeTestTask.lambda$executeRecursively$6(NodeTestTask.java:151)
	at org.junit.platform.engine.support.hierarchical.ThrowableCollector.execute(ThrowableCollector.java:73)
	at org.junit.platform.engine.support.hierarchical.NodeTestTask.lambda$executeRecursively$8(NodeTestTask.java:141)
	at org.junit.platform.engine.support.hierarchical.Node.around(Node.java:137)
	at org.junit.platform.engine.support.hierarchical.NodeTestTask.lambda$executeRecursively$9(NodeTestTask.java:139)
	at org.junit.platform.engine.support.hierarchical.ThrowableCollector.execute(ThrowableCollector.java:73)
	at org.junit.platform.engine.support.hierarchical.NodeTestTask.executeRecursively(NodeTestTask.java:138)
	at org.junit.platform.engine.support.hierarchical.NodeTestTask.execute(NodeTestTask.java:95)
	at java.base/java.util.ArrayList.forEach(ArrayList.java:1596)
	at org.junit.platform.engine.support.hierarchical.SameThreadHierarchicalTestExecutorService.invokeAll(SameThreadHierarchicalTestExecutorService.java:41)
	at org.junit.platform.engine.support.hierarchical.NodeTestTask.lambda$executeRecursively$6(NodeTestTask.java:155)
	at org.junit.platform.engine.support.hierarchical.ThrowableCollector.execute(ThrowableCollector.java:73)
	at org.junit.platform.engine.support.hierarchical.NodeTestTask.lambda$executeRecursively$8(NodeTestTask.java:141)
	at org.junit.platform.engine.support.hierarchical.Node.around(Node.java:137)
	at org.junit.platform.engine.support.hierarchical.NodeTestTask.lambda$executeRecursively$9(NodeTestTask.java:139)
	at org.junit.platform.engine.support.hierarchical.ThrowableCollector.execute(ThrowableCollector.java:73)
	at org.junit.platform.engine.support.hierarchical.NodeTestTask.executeRecursively(NodeTestTask.java:138)
	at org.junit.platform.engine.support.hierarchical.NodeTestTask.execute(NodeTestTask.java:95)
	at java.base/java.util.ArrayList.forEach(ArrayList.java:1596)
	at org.junit.platform.engine.support.hierarchical.SameThreadHierarchicalTestExecutorService.invokeAll(SameThreadHierarchicalTestExecutorService.java:41)
	at org.junit.platform.engine.support.hierarchical.NodeTestTask.lambda$executeRecursively$6(NodeTestTask.java:155)
	at org.junit.platform.engine.support.hierarchical.ThrowableCollector.execute(ThrowableCollector.java:73)
	at org.junit.platform.engine.support.hierarchical.NodeTestTask.lambda$executeRecursively$8(NodeTestTask.java:141)
	at org.junit.platform.engine.support.hierarchical.Node.around(Node.java:137)
	at org.junit.platform.engine.support.hierarchical.NodeTestTask.lambda$executeRecursively$9(NodeTestTask.java:139)
	at org.junit.platform.engine.support.hierarchical.ThrowableCollector.execute(ThrowableCollector.java:73)
	at org.junit.platform.engine.support.hierarchical.NodeTestTask.executeRecursively(NodeTestTask.java:138)
	at org.junit.platform.engine.support.hierarchical.NodeTestTask.execute(NodeTestTask.java:95)
	at org.junit.platform.engine.support.hierarchical.SameThreadHierarchicalTestExecutorService.submit(SameThreadHierarchicalTestExecutorService.java:35)
	at org.junit.platform.engine.support.hierarchical.HierarchicalTestExecutor.execute(HierarchicalTestExecutor.java:57)
	at org.junit.platform.engine.support.hierarchical.HierarchicalTestEngine.execute(HierarchicalTestEngine.java:54)
	at org.junit.platform.launcher.core.EngineExecutionOrchestrator.execute(EngineExecutionOrchestrator.java:198)
	at org.junit.platform.launcher.core.EngineExecutionOrchestrator.execute(EngineExecutionOrchestrator.java:169)
	at org.junit.platform.launcher.core.EngineExecutionOrchestrator.execute(EngineExecutionOrchestrator.java:93)
	at org.junit.platform.launcher.core.EngineExecutionOrchestrator.lambda$execute$0(EngineExecutionOrchestrator.java:58)
	at org.junit.platform.launcher.core.EngineExecutionOrchestrator.withInterceptedStreams(EngineExecutionOrchestrator.java:141)
	at org.junit.platform.launcher.core.EngineExecutionOrchestrator.execute(EngineExecutionOrchestrator.java:57)
	at org.junit.platform.launcher.core.DefaultLauncher.execute(DefaultLauncher.java:103)
	at org.junit.platform.launcher.core.DefaultLauncher.execute(DefaultLauncher.java:85)
	at org.junit.platform.launcher.core.DelegatingLauncher.execute(DelegatingLauncher.java:47)
	at org.junit.platform.launcher.core.SessionPerRequestLauncher.execute(SessionPerRequestLauncher.java:63)
	at com.intellij.junit5.JUnit5IdeaTestRunner.startRunnerWithArgs(JUnit5IdeaTestRunner.java:57)
	at com.intellij.rt.junit.IdeaTestRunner$Repeater$1.execute(IdeaTestRunner.java:38)
	at com.intellij.rt.execution.junit.TestsRepeater.repeat(TestsRepeater.java:11)
	at com.intellij.rt.junit.IdeaTestRunner$Repeater.startRunnerWithArgs(IdeaTestRunner.java:35)
	at com.intellij.rt.junit.JUnitStarter.prepareStreamsAndStart(JUnitStarter.java:232)
	at com.intellij.rt.junit.JUnitStarter.main(JUnitStarter.java:55)
2025-02-18 10:59:44 [main] INFO  l.insoft.uztis.tests.utils.TestUtils - Screenshot moved to C:\Users\ingrida.zadorozniene\Desktop\Asm\UZTIS\UZTIS_tests\test-output\screenshots\20250218\105943999_testFundApplication().png
2025-02-18 11:00:11 [main] INFO  lt.insoft.uztis.tests.UztisPageTest - Navigated to https://uztisdev.asseco.lt/home
2025-02-18 11:00:11 [main] INFO  l.insoft.uztis.tests.FundingPageTest - Starting test:'testFundApplication'
2025-02-18 11:00:11 [main] DEBUG l.insoft.uztis.tests.FundingPageTest - User logged in with test credentials
2025-02-18 11:00:12 [main] DEBUG l.insoft.uztis.tests.FundingPageTest - Opened 'Application Processing' menu.
2025-02-18 11:00:12 [main] DEBUG l.insoft.uztis.tests.FundingPageTest - Clicked on 'Application Forms' menu.
2025-02-18 11:00:12 [main] DEBUG l.insoft.uztis.tests.FundingPageTest - Retrieved last description code text: 'TST-VUI-00'.
2025-02-18 11:00:12 [main] DEBUG l.insoft.uztis.tests.FundingPageTest - Clicked on 'Invitation' menu.
2025-02-18 11:00:13 [main] DEBUG l.insoft.uztis.tests.FundingPageTest - Selected application section by code: 'TST-VUI-00'.
2025-02-18 11:00:13 [main] DEBUG l.insoft.uztis.tests.FundingPageTest - Clicked 'Search' button.
2025-02-18 11:00:13 [main] DEBUG l.insoft.uztis.tests.FundingPageTest - Retrieved invitation code: ''.
2025-02-18 11:00:13 [main] DEBUG l.insoft.uztis.tests.FundingPageTest - Clicked on 'Funding Queue' menu.
2025-02-18 11:00:14 [main] DEBUG l.insoft.uztis.tests.FundingPageTest - Selected invitation by code: 'TST-VUI-00'.
2025-02-18 11:00:14 [main] DEBUG l.insoft.uztis.tests.FundingPageTest - Invitation code inserted.
2025-02-18 11:00:15 [main] DEBUG l.insoft.uztis.tests.FundingPageTest - Clicked 'Form'.
2025-02-18 11:00:15 [main] DEBUG l.insoft.uztis.tests.FundingPageTest - Clicked 'Finance'.
2025-02-18 11:00:15 [main] DEBUG l.insoft.uztis.tests.FundingPageTest - Entered order number 'VUI_1'.
2025-02-18 11:00:15 [main] DEBUG l.insoft.uztis.tests.FundingPageTest - Clicked 'Finance Confirmation'.
2025-02-18 11:00:19 [main] DEBUG l.insoft.uztis.pages.InvitationsPage - Verified success message: 'Funkcija sėkmingai atlikta.'
2025-02-18 11:00:19 [main] INFO  l.insoft.uztis.tests.FundingPageTest - Test 'testFundApplication' completed successfully.
2025-02-18 12:27:28 [main] INFO  lt.insoft.uztis.tests.UztisPageTest - Navigated to https://uztisdev.asseco.lt/home
2025-02-18 12:27:29 [main] INFO  l.i.u.t.SubmittedApplicationsPageTest - Starting test:'testFillNewVUIPApplicationFA'
2025-02-18 12:27:29 [main] DEBUG l.i.u.t.SubmittedApplicationsPageTest - User logged in with test credentials.
2025-02-18 12:27:29 [main] DEBUG l.i.u.t.SubmittedApplicationsPageTest - Opened 'Application Processing' menu.
2025-02-18 12:27:30 [main] DEBUG l.i.u.t.SubmittedApplicationsPageTest - Clicked on 'Application Forms' menu.
2025-02-18 12:27:30 [main] DEBUG l.i.u.t.SubmittedApplicationsPageTest - Retrieved last description code text: 'TST-VUI-00'.
2025-02-18 12:27:30 [main] DEBUG l.i.u.t.SubmittedApplicationsPageTest - Clicked on 'Invitation' menu.
2025-02-18 12:27:31 [main] DEBUG l.i.u.t.SubmittedApplicationsPageTest - Selected application section by code: 'TST-VUI-00'.
2025-02-18 12:27:31 [main] DEBUG l.i.u.t.SubmittedApplicationsPageTest - Clicked 'Search' button.
2025-02-18 12:27:31 [main] DEBUG l.i.u.t.SubmittedApplicationsPageTest - Retrieved invitation code: ''.
2025-02-18 12:27:31 [main] DEBUG l.i.u.t.SubmittedApplicationsPageTest - Clicked on 'Submitted Applications' menu.
2025-02-18 12:27:32 [main] DEBUG l.i.u.t.SubmittedApplicationsPageTest - Selected invitation by code: 'TST-VUI-00'.
2025-02-18 12:27:32 [main] DEBUG l.i.u.t.SubmittedApplicationsPageTest - Invitation code inserted.
2025-02-18 12:27:32 [main] DEBUG l.i.u.t.SubmittedApplicationsPageTest - Clicked on 'Action Application' button.
2025-02-18 12:27:32 [main] DEBUG l.i.u.t.SubmittedApplicationsPageTest - Clicked on 'New Application' button.
2025-02-18 12:27:33 [main] DEBUG l.i.u.t.SubmittedApplicationsPageTest - Selected the 'RadioButtonFA' option.
2025-02-18 12:27:33 [main] DEBUG l.i.u.t.SubmittedApplicationsPageTest - Entered phone number: '61298745'.
2025-02-18 12:27:33 [main] DEBUG l.i.u.t.SubmittedApplicationsPageTest - Entered email: 'test@autotest.com'.
2025-02-18 12:27:33 [main] INFO  l.i.u.p.SubmittedApplicationsPage - Clicking on the dropdown button.
2025-02-18 12:27:50 [main] INFO  l.i.u.p.SubmittedApplicationsPage - Found 1741 options in the dropdown.
2025-02-18 12:27:50 [main] DEBUG l.i.u.p.SubmittedApplicationsPage - Checking option: ''
2025-02-18 12:27:50 [main] DEBUG l.i.u.p.SubmittedApplicationsPage - Checking option: '01.11 - Grūdinių (išskyrus ryžius), ankštinių ir aliejingų sėklų augalų auginimas'
2025-02-18 12:27:50 [main] INFO  l.i.u.p.SubmittedApplicationsPage - Successfully selected the value: '01.11 - Grūdinių (išskyrus ryžius), ankštinių ir aliejingų sėklų augalų auginimas'
2025-02-18 12:27:50 [main] INFO  l.i.u.p.SubmittedApplicationsPage - Attempting to close the dropdown.
2025-02-18 12:28:01 [main] INFO  l.i.u.p.SubmittedApplicationsPage - Dropdown should be closed now.
2025-02-18 12:28:01 [main] DEBUG l.i.u.t.SubmittedApplicationsPageTest - Selected EVRK value: '01.11 - Grūdinių (išskyrus ryžius), ankštinių ir aliejingų sėklų augalų auginimas'.
2025-02-18 12:28:01 [main] DEBUG l.i.u.t.SubmittedApplicationsPageTest - Entered address: 'Vilniaus m. sav., Vilnius, Testo g. 10T'.
2025-02-18 12:28:01 [main] DEBUG l.i.u.t.SubmittedApplicationsPageTest - Entered project date.
2025-02-18 12:28:01 [main] DEBUG l.i.u.t.SubmittedApplicationsPageTest - Entered job count: '1'.
2025-02-18 12:28:02 [main] DEBUG l.i.u.t.SubmittedApplicationsPageTest - Clicked 'Next' button.
2025-02-18 12:28:02 [main] INFO  l.i.u.p.SubmittedApplicationsPage - Located the dropdown button.
2025-02-18 12:28:03 [main] INFO  l.i.u.p.SubmittedApplicationsPage - Successfully selected the value: 'Administratoriai'
2025-02-18 12:28:33 [main] ERROR l.i.u.p.SubmittedApplicationsPage - Timeout while waiting for dropdown to close with aria-expanded = 'false'.
2025-02-18 12:28:33 [main] DEBUG l.i.u.t.SubmittedApplicationsPageTest - Selected job name: 'Administratoriai'.
2025-02-18 12:28:34 [main] DEBUG l.i.u.t.SubmittedApplicationsPageTest - Entered job function: 'Funkcija 1'.
2025-02-18 12:28:34 [main] DEBUG l.i.u.t.SubmittedApplicationsPageTest - Selected 'RadioButtonWithDisabilities' option.
2025-02-18 12:28:34 [main] INFO  l.i.u.p.SubmittedApplicationsPage - Clicking on the dropdown button.
2025-02-18 12:28:34 [main] INFO  l.i.u.p.SubmittedApplicationsPage - Found 34 options in the dropdown.
2025-02-18 12:28:34 [main] DEBUG l.i.u.p.SubmittedApplicationsPage - Checking option: 'Asmenys, kuriems suteiktas pabėgėlio statusas ar perkeliamojo asmens statusas, arba asmenys, kuriems suteikta papildoma ar laikinoji apsauga, ir asmenys, turintys teisę gauti laikinąją apsaugą, iki sprendimo dėl laikinosios apsaugos suteikimo (nesuteikimo) priėmimo, tačiau ne ilgiau kaip laikinosios apsaugos laikotarpiu'
2025-02-18 12:28:34 [main] DEBUG l.i.u.p.SubmittedApplicationsPage - Checking option: 'Asmenys, kuriems suteiktas pabėgėlio statusas ar perkeliamojo asmens statusas, arba asmenys, kuriems suteikta papildoma ar laikinoji apsauga, ir asmenys, turintys teisę gauti laikinąją apsaugą, iki sprendimo dėl laikinosios apsaugos suteikimo (nesuteikimo) priėmimo, tačiau ne ilgiau kaip laikinosios apsaugos laikotarpiu'
2025-02-18 12:28:34 [main] DEBUG l.i.u.p.SubmittedApplicationsPage - Checking option: 'Asmenys, turintys teisę į papildomas užimtumo garantijas pagal Lietuvos Respublikos valstybės įmonės Ignalinos atominės elektrinės darbuotojų papildomų užimtumo ir socialinių garantijų įstatymą'
2025-02-18 12:28:34 [main] DEBUG l.i.u.p.SubmittedApplicationsPage - Checking option: 'Asmenys, turintys teisę į papildomas užimtumo garantijas pagal Lietuvos Respublikos valstybės įmonės Ignalinos atominės elektrinės darbuotojų papildomų užimtumo ir socialinių garantijų įstatymą'
2025-02-18 12:28:34 [main] DEBUG l.i.u.p.SubmittedApplicationsPage - Checking option: 'Bedarbiai iki 29 metų'
2025-02-18 12:28:34 [main] DEBUG l.i.u.p.SubmittedApplicationsPage - Checking option: 'Bedarbiai iki 29 metų'
2025-02-18 12:28:34 [main] DEBUG l.i.u.p.SubmittedApplicationsPage - Checking option: 'Bedarbiai, kurie yra darbingo amžiaus neįgalieji, kuriems nustatytas 30–40 procentų darbingumo lygis arba vidutinis neįgalumo lygis'
2025-02-18 12:28:34 [main] DEBUG l.i.u.p.SubmittedApplicationsPage - Checking option: 'Bedarbiai, kurie yra darbingo amžiaus neįgalieji, kuriems nustatytas 30–40 procentų darbingumo lygis arba vidutinis neįgalumo lygis'
2025-02-18 12:28:34 [main] DEBUG l.i.u.p.SubmittedApplicationsPage - Checking option: 'Bedarbiai, kurie yra darbingo amžiaus neįgalieji, kuriems nustatytas 45–55 procentų darbingumo lygis arba lengvas neįgalumo lygis'
2025-02-18 12:28:34 [main] DEBUG l.i.u.p.SubmittedApplicationsPage - Checking option: 'Bedarbiai, kurie yra darbingo amžiaus neįgalieji, kuriems nustatytas 45–55 procentų darbingumo lygis arba lengvas neįgalumo lygis'
2025-02-18 12:28:34 [main] DEBUG l.i.u.p.SubmittedApplicationsPage - Checking option: 'Bedarbiai, kurie yra darbingo amžiaus neįgalieji, kuriems nustatytas iki 25 procentų darbingumo lygis arba sunkus neįgalumo lygis'
2025-02-18 12:28:34 [main] INFO  l.i.u.p.SubmittedApplicationsPage - Successfully selected the value: 'Bedarbiai, kurie yra darbingo amžiaus neįgalieji, kuriems nustatytas iki 25 procentų darbingumo lygis arba sunkus neįgalumo lygis'
2025-02-18 12:28:34 [main] INFO  l.i.u.p.SubmittedApplicationsPage - Attempting to close the dropdown.
2025-02-18 12:28:45 [main] INFO  l.i.u.p.SubmittedApplicationsPage - Dropdown should be closed now.
2025-02-18 12:28:45 [main] DEBUG l.i.u.t.SubmittedApplicationsPageTest - Selected disabilities type: 'Bedarbiai, kurie yra darbingo amžiaus neįgalieji, kuriems nustatytas iki 25 procentų darbingumo lygis arba sunkus neįgalumo lygis'.
2025-02-18 12:28:45 [main] DEBUG l.i.u.t.SubmittedApplicationsPageTest - Entered disability information: 'Negalia 1'.
2025-02-18 12:28:45 [main] INFO  l.i.u.p.SubmittedApplicationsPage - Located the dropdown button.
2025-02-18 12:28:46 [main] INFO  l.i.u.p.SubmittedApplicationsPage - Successfully selected the value: 'Kita'
2025-02-18 12:28:56 [main] ERROR l.i.u.p.SubmittedApplicationsPage - Timeout while waiting for dropdown to close with aria-expanded = 'false'.
2025-02-18 12:28:56 [main] DEBUG l.i.u.t.SubmittedApplicationsPageTest - Selected time mode: 'Kita'.
2025-02-18 12:28:57 [main] DEBUG l.i.u.t.SubmittedApplicationsPageTest - Selected time mode other: '6 val. per dieną ir 4 d. per savaitę'.
2025-02-18 12:28:57 [main] DEBUG l.i.u.t.SubmittedApplicationsPageTest - Entered qualification: 'Kvalifikacija 1'.
2025-02-18 12:28:57 [main] DEBUG l.i.u.t.SubmittedApplicationsPageTest - Entered job date.
2025-02-18 12:28:57 [main] DEBUG l.i.u.t.SubmittedApplicationsPageTest - Entered salary amount: '1200'.
2025-02-18 12:28:57 [main] DEBUG l.i.u.t.SubmittedApplicationsPageTest - Selected 'Temporary Job' radio button.
2025-02-18 12:28:57 [main] DEBUG l.i.u.t.SubmittedApplicationsPageTest - Selected 'Season Job' radio button.
2025-02-18 12:28:57 [main] DEBUG l.i.u.t.SubmittedApplicationsPageTest - Selected 'Energy' radio button.
2025-02-18 12:28:58 [main] DEBUG l.i.u.t.SubmittedApplicationsPageTest - Selected 'Repair' radio button.
2025-02-18 12:28:58 [main] DEBUG l.i.u.t.SubmittedApplicationsPageTest - Entered job description: 'Veikla 1'.
2025-02-18 12:28:58 [main] DEBUG l.i.u.t.SubmittedApplicationsPageTest - Entered process description: 'Procesas 1'.
2025-02-18 12:28:58 [main] DEBUG l.i.u.t.SubmittedApplicationsPageTest - Entered energy information: 'Energija 1'.
2025-02-18 12:28:58 [main] DEBUG l.i.u.t.SubmittedApplicationsPageTest - Entered repair information: 'Remontas 1'.
2025-02-18 12:28:58 [main] DEBUG l.i.u.t.SubmittedApplicationsPageTest - Selected 'PVM' radio button.
2025-02-18 12:28:58 [main] INFO  l.i.u.p.SubmittedApplicationsPage - Located the dropdown button.
2025-02-18 12:28:59 [main] INFO  l.i.u.p.SubmittedApplicationsPage - Successfully selected the value: 'Įsigyti'
2025-02-18 12:29:19 [main] ERROR l.i.u.p.SubmittedApplicationsPage - Timeout while waiting for dropdown to close with aria-expanded = 'false'.
2025-02-18 12:29:19 [main] DEBUG l.i.u.t.SubmittedApplicationsPageTest - Selected necessary for job: 'Įsigyti'.
2025-02-18 12:29:19 [main] DEBUG l.i.u.t.SubmittedApplicationsPageTest - Selected tool: 'Darbo priemonė 1'.
2025-02-18 12:29:19 [main] DEBUG l.i.u.t.SubmittedApplicationsPageTest - Selected tool parameter one: 'Darbo priemonės 1 parametras 1'.
2025-02-18 12:29:19 [main] DEBUG l.i.u.t.SubmittedApplicationsPageTest - Selected tool parameter two: 'Darbo priemonės 1 parametras 2'.
2025-02-18 12:29:20 [main] DEBUG l.i.u.t.SubmittedApplicationsPageTest - Selected tool parameter three: 'Darbo priemonės 1 parametras 3'.
2025-02-18 12:29:20 [main] DEBUG l.i.u.t.SubmittedApplicationsPageTest - Entered tool count: '1'.
2025-02-18 12:29:20 [main] DEBUG l.i.u.t.SubmittedApplicationsPageTest - Entered price amount 1: '1000'.
2025-02-18 12:29:20 [main] DEBUG l.i.u.t.SubmittedApplicationsPageTest - Entered own funds amount 1: '800'.
2025-02-18 12:29:20 [main] DEBUG l.i.u.t.SubmittedApplicationsPageTest - Clicked 'Add' button.
2025-02-18 12:29:20 [main] INFO  l.i.u.p.SubmittedApplicationsPage - Located the dropdown button.
2025-02-18 12:29:21 [main] INFO  l.i.u.p.SubmittedApplicationsPage - Successfully selected the value: 'Remontuoti'
2025-02-18 12:29:41 [main] ERROR l.i.u.p.SubmittedApplicationsPage - Timeout while waiting for dropdown to close with aria-expanded = 'false'.
2025-02-18 12:29:41 [main] DEBUG l.i.u.t.SubmittedApplicationsPageTest - Selected necessary for job 'to repair': 'Remontuoti'.
2025-02-18 12:29:41 [main] DEBUG l.i.u.t.SubmittedApplicationsPageTest - Selected repair name: 'Remonto pavadinimas 1'.
2025-02-18 12:29:41 [main] DEBUG l.i.u.t.SubmittedApplicationsPageTest - Entered repair information: 'Remonto aprašymas 1'.
2025-02-18 12:29:42 [main] DEBUG l.i.u.t.SubmittedApplicationsPageTest - Entered price amount 2: '1000'.
2025-02-18 12:29:42 [main] DEBUG l.i.u.t.SubmittedApplicationsPageTest - Entered own funds amount 2: '900'.
2025-02-18 12:29:42 [main] DEBUG l.i.u.t.SubmittedApplicationsPageTest - Entered country percentage: '50'.
2025-02-18 12:29:42 [main] DEBUG l.i.u.t.SubmittedApplicationsPageTest - Entered institution percentage: '50'.
2025-02-18 12:29:42 [main] DEBUG l.i.u.t.SubmittedApplicationsPageTest - Entered municipality percentage: '50'.
2025-02-18 12:29:42 [main] DEBUG l.i.u.t.SubmittedApplicationsPageTest - Selected 'De Minimis' radio button.
2025-02-18 12:29:43 [main] DEBUG l.i.u.t.SubmittedApplicationsPageTest - Entered program name: 'Programa 1'.
2025-02-18 12:29:43 [main] DEBUG l.i.u.t.SubmittedApplicationsPageTest - Entered project date from.
2025-02-18 12:29:43 [main] DEBUG l.i.u.t.SubmittedApplicationsPageTest - Entered project date until.
2025-02-18 12:29:43 [main] DEBUG l.i.u.t.SubmittedApplicationsPageTest - Entered support amount: '2000'.
2025-02-18 12:29:43 [main] DEBUG l.i.u.t.SubmittedApplicationsPageTest - Clicked 'Next' button.
2025-02-18 12:29:53 [main] DEBUG l.i.u.t.SubmittedApplicationsPageTest - Checked 'Legal Entities' checkbox 1.
2025-02-18 12:30:04 [main] DEBUG l.i.u.t.SubmittedApplicationsPageTest - Checked 'Legal Entities' checkbox 2.
2025-02-18 12:30:14 [main] DEBUG l.i.u.t.SubmittedApplicationsPageTest - Checked 'Legal Entities' checkbox 3.
2025-02-18 12:30:14 [main] DEBUG l.i.u.t.SubmittedApplicationsPageTest - Test finished: All 'Legal Entities' checkboxes checked successfully.
2025-02-18 12:30:14 [main] DEBUG l.i.u.t.SubmittedApplicationsPageTest - Clicked 'Next' button after checkboxes.
2025-02-18 12:30:24 [main] ERROR l.i.u.p.SubmittedApplicationsPage - Error selecting radio button: Expected condition failed: waiting for element to be clickable: By.xpath: (//input[@type='radio' and @value='false'])[8] (tried for 10 second(s) with 500 milliseconds interval)
Build info: version: '4.27.0', revision: 'd6e718d134'
System info: os.name: 'Windows 11', os.arch: 'amd64', os.version: '10.0', java.version: '21.0.3'
Driver info: org.openqa.selenium.chrome.ChromeDriver
Capabilities {acceptInsecureCerts: false, browserName: chrome, browserVersion: 132.0.6834.197, chrome: {chromedriverVersion: 132.0.6834.159 (2d77d3fc445..., userDataDir: C:\Users\INGRID~1.ZAD\AppDa...}, fedcm:accounts: true, goog:chromeOptions: {debuggerAddress: localhost:57398}, networkConnectionEnabled: false, pageLoadStrategy: normal, platformName: windows, proxy: Proxy(), se:cdp: ws://localhost:57398/devtoo..., se:cdpVersion: 132.0.6834.197, setWindowRect: true, strictFileInteractability: false, timeouts: {implicit: 0, pageLoad: 300000, script: 30000}, unhandledPromptBehavior: dismiss and notify, webauthn:extension:credBlob: true, webauthn:extension:largeBlob: true, webauthn:extension:minPinLength: true, webauthn:extension:prf: true, webauthn:virtualAuthenticators: true}
Session ID: 13b64254084dbeaa3156bcecc8b26e0e
2025-02-18 12:30:24 [main] INFO  l.i.u.t.SubmittedApplicationsPageTest - Marking 'Ne' radio button 1
2025-02-18 12:30:34 [main] ERROR l.i.u.p.SubmittedApplicationsPage - Error selecting radio button: Expected condition failed: waiting for element to be clickable: By.xpath: (//input[@type='radio' and @value='false'])[9] (tried for 10 second(s) with 500 milliseconds interval)
Build info: version: '4.27.0', revision: 'd6e718d134'
System info: os.name: 'Windows 11', os.arch: 'amd64', os.version: '10.0', java.version: '21.0.3'
Driver info: org.openqa.selenium.chrome.ChromeDriver
Capabilities {acceptInsecureCerts: false, browserName: chrome, browserVersion: 132.0.6834.197, chrome: {chromedriverVersion: 132.0.6834.159 (2d77d3fc445..., userDataDir: C:\Users\INGRID~1.ZAD\AppDa...}, fedcm:accounts: true, goog:chromeOptions: {debuggerAddress: localhost:57398}, networkConnectionEnabled: false, pageLoadStrategy: normal, platformName: windows, proxy: Proxy(), se:cdp: ws://localhost:57398/devtoo..., se:cdpVersion: 132.0.6834.197, setWindowRect: true, strictFileInteractability: false, timeouts: {implicit: 0, pageLoad: 300000, script: 30000}, unhandledPromptBehavior: dismiss and notify, webauthn:extension:credBlob: true, webauthn:extension:largeBlob: true, webauthn:extension:minPinLength: true, webauthn:extension:prf: true, webauthn:virtualAuthenticators: true}
Session ID: 13b64254084dbeaa3156bcecc8b26e0e
2025-02-18 12:30:34 [main] INFO  l.i.u.t.SubmittedApplicationsPageTest - Marking 'Ne' radio button 2
2025-02-18 12:30:44 [main] ERROR l.i.u.p.SubmittedApplicationsPage - Error selecting radio button: Expected condition failed: waiting for element to be clickable: By.xpath: (//input[@type='radio' and @value='false'])[10] (tried for 10 second(s) with 500 milliseconds interval)
Build info: version: '4.27.0', revision: 'd6e718d134'
System info: os.name: 'Windows 11', os.arch: 'amd64', os.version: '10.0', java.version: '21.0.3'
Driver info: org.openqa.selenium.chrome.ChromeDriver
Capabilities {acceptInsecureCerts: false, browserName: chrome, browserVersion: 132.0.6834.197, chrome: {chromedriverVersion: 132.0.6834.159 (2d77d3fc445..., userDataDir: C:\Users\INGRID~1.ZAD\AppDa...}, fedcm:accounts: true, goog:chromeOptions: {debuggerAddress: localhost:57398}, networkConnectionEnabled: false, pageLoadStrategy: normal, platformName: windows, proxy: Proxy(), se:cdp: ws://localhost:57398/devtoo..., se:cdpVersion: 132.0.6834.197, setWindowRect: true, strictFileInteractability: false, timeouts: {implicit: 0, pageLoad: 300000, script: 30000}, unhandledPromptBehavior: dismiss and notify, webauthn:extension:credBlob: true, webauthn:extension:largeBlob: true, webauthn:extension:minPinLength: true, webauthn:extension:prf: true, webauthn:virtualAuthenticators: true}
Session ID: 13b64254084dbeaa3156bcecc8b26e0e
2025-02-18 12:30:44 [main] INFO  l.i.u.t.SubmittedApplicationsPageTest - Marking 'Ne' radio button 3
2025-02-18 12:30:55 [main] ERROR l.i.u.p.SubmittedApplicationsPage - Error selecting radio button: Expected condition failed: waiting for element to be clickable: By.xpath: (//input[@type='radio' and @value='false'])[11] (tried for 10 second(s) with 500 milliseconds interval)
Build info: version: '4.27.0', revision: 'd6e718d134'
System info: os.name: 'Windows 11', os.arch: 'amd64', os.version: '10.0', java.version: '21.0.3'
Driver info: org.openqa.selenium.chrome.ChromeDriver
Capabilities {acceptInsecureCerts: false, browserName: chrome, browserVersion: 132.0.6834.197, chrome: {chromedriverVersion: 132.0.6834.159 (2d77d3fc445..., userDataDir: C:\Users\INGRID~1.ZAD\AppDa...}, fedcm:accounts: true, goog:chromeOptions: {debuggerAddress: localhost:57398}, networkConnectionEnabled: false, pageLoadStrategy: normal, platformName: windows, proxy: Proxy(), se:cdp: ws://localhost:57398/devtoo..., se:cdpVersion: 132.0.6834.197, setWindowRect: true, strictFileInteractability: false, timeouts: {implicit: 0, pageLoad: 300000, script: 30000}, unhandledPromptBehavior: dismiss and notify, webauthn:extension:credBlob: true, webauthn:extension:largeBlob: true, webauthn:extension:minPinLength: true, webauthn:extension:prf: true, webauthn:virtualAuthenticators: true}
Session ID: 13b64254084dbeaa3156bcecc8b26e0e
2025-02-18 12:30:55 [main] INFO  l.i.u.t.SubmittedApplicationsPageTest - Marking 'Ne' radio button 4
2025-02-18 12:31:05 [main] ERROR l.i.u.p.SubmittedApplicationsPage - Error selecting radio button: Expected condition failed: waiting for element to be clickable: By.xpath: (//input[@type='radio' and @value='false'])[12] (tried for 10 second(s) with 500 milliseconds interval)
Build info: version: '4.27.0', revision: 'd6e718d134'
System info: os.name: 'Windows 11', os.arch: 'amd64', os.version: '10.0', java.version: '21.0.3'
Driver info: org.openqa.selenium.chrome.ChromeDriver
Capabilities {acceptInsecureCerts: false, browserName: chrome, browserVersion: 132.0.6834.197, chrome: {chromedriverVersion: 132.0.6834.159 (2d77d3fc445..., userDataDir: C:\Users\INGRID~1.ZAD\AppDa...}, fedcm:accounts: true, goog:chromeOptions: {debuggerAddress: localhost:57398}, networkConnectionEnabled: false, pageLoadStrategy: normal, platformName: windows, proxy: Proxy(), se:cdp: ws://localhost:57398/devtoo..., se:cdpVersion: 132.0.6834.197, setWindowRect: true, strictFileInteractability: false, timeouts: {implicit: 0, pageLoad: 300000, script: 30000}, unhandledPromptBehavior: dismiss and notify, webauthn:extension:credBlob: true, webauthn:extension:largeBlob: true, webauthn:extension:minPinLength: true, webauthn:extension:prf: true, webauthn:virtualAuthenticators: true}
Session ID: 13b64254084dbeaa3156bcecc8b26e0e
2025-02-18 12:31:05 [main] INFO  l.i.u.t.SubmittedApplicationsPageTest - Marking 'Ne' radio button 5
2025-02-18 12:31:15 [main] ERROR l.i.u.p.SubmittedApplicationsPage - Error selecting radio button: Expected condition failed: waiting for element to be clickable: By.xpath: (//input[@type='radio' and @value='false'])[13] (tried for 10 second(s) with 500 milliseconds interval)
Build info: version: '4.27.0', revision: 'd6e718d134'
System info: os.name: 'Windows 11', os.arch: 'amd64', os.version: '10.0', java.version: '21.0.3'
Driver info: org.openqa.selenium.chrome.ChromeDriver
Capabilities {acceptInsecureCerts: false, browserName: chrome, browserVersion: 132.0.6834.197, chrome: {chromedriverVersion: 132.0.6834.159 (2d77d3fc445..., userDataDir: C:\Users\INGRID~1.ZAD\AppDa...}, fedcm:accounts: true, goog:chromeOptions: {debuggerAddress: localhost:57398}, networkConnectionEnabled: false, pageLoadStrategy: normal, platformName: windows, proxy: Proxy(), se:cdp: ws://localhost:57398/devtoo..., se:cdpVersion: 132.0.6834.197, setWindowRect: true, strictFileInteractability: false, timeouts: {implicit: 0, pageLoad: 300000, script: 30000}, unhandledPromptBehavior: dismiss and notify, webauthn:extension:credBlob: true, webauthn:extension:largeBlob: true, webauthn:extension:minPinLength: true, webauthn:extension:prf: true, webauthn:virtualAuthenticators: true}
Session ID: 13b64254084dbeaa3156bcecc8b26e0e
2025-02-18 12:31:15 [main] INFO  l.i.u.t.SubmittedApplicationsPageTest - Marking 'Ne' radio button 6
2025-02-18 12:31:25 [main] ERROR l.i.u.p.SubmittedApplicationsPage - Error selecting radio button: Expected condition failed: waiting for element to be clickable: By.xpath: (//input[@type='radio' and @value='true'])[14] (tried for 10 second(s) with 500 milliseconds interval)
Build info: version: '4.27.0', revision: 'd6e718d134'
System info: os.name: 'Windows 11', os.arch: 'amd64', os.version: '10.0', java.version: '21.0.3'
Driver info: org.openqa.selenium.chrome.ChromeDriver
Capabilities {acceptInsecureCerts: false, browserName: chrome, browserVersion: 132.0.6834.197, chrome: {chromedriverVersion: 132.0.6834.159 (2d77d3fc445..., userDataDir: C:\Users\INGRID~1.ZAD\AppDa...}, fedcm:accounts: true, goog:chromeOptions: {debuggerAddress: localhost:57398}, networkConnectionEnabled: false, pageLoadStrategy: normal, platformName: windows, proxy: Proxy(), se:cdp: ws://localhost:57398/devtoo..., se:cdpVersion: 132.0.6834.197, setWindowRect: true, strictFileInteractability: false, timeouts: {implicit: 0, pageLoad: 300000, script: 30000}, unhandledPromptBehavior: dismiss and notify, webauthn:extension:credBlob: true, webauthn:extension:largeBlob: true, webauthn:extension:minPinLength: true, webauthn:extension:prf: true, webauthn:virtualAuthenticators: true}
Session ID: 13b64254084dbeaa3156bcecc8b26e0e
2025-02-18 12:31:25 [main] INFO  l.i.u.t.SubmittedApplicationsPageTest - Marking 'Taip' radio button 7
2025-02-18 12:31:35 [main] ERROR l.i.u.p.SubmittedApplicationsPage - Error selecting radio button: Expected condition failed: waiting for element to be clickable: By.xpath: (//input[@type='radio' and @value='true'])[15] (tried for 10 second(s) with 500 milliseconds interval)
Build info: version: '4.27.0', revision: 'd6e718d134'
System info: os.name: 'Windows 11', os.arch: 'amd64', os.version: '10.0', java.version: '21.0.3'
Driver info: org.openqa.selenium.chrome.ChromeDriver
Capabilities {acceptInsecureCerts: false, browserName: chrome, browserVersion: 132.0.6834.197, chrome: {chromedriverVersion: 132.0.6834.159 (2d77d3fc445..., userDataDir: C:\Users\INGRID~1.ZAD\AppDa...}, fedcm:accounts: true, goog:chromeOptions: {debuggerAddress: localhost:57398}, networkConnectionEnabled: false, pageLoadStrategy: normal, platformName: windows, proxy: Proxy(), se:cdp: ws://localhost:57398/devtoo..., se:cdpVersion: 132.0.6834.197, setWindowRect: true, strictFileInteractability: false, timeouts: {implicit: 0, pageLoad: 300000, script: 30000}, unhandledPromptBehavior: dismiss and notify, webauthn:extension:credBlob: true, webauthn:extension:largeBlob: true, webauthn:extension:minPinLength: true, webauthn:extension:prf: true, webauthn:virtualAuthenticators: true}
Session ID: 13b64254084dbeaa3156bcecc8b26e0e
2025-02-18 12:31:35 [main] INFO  l.i.u.t.SubmittedApplicationsPageTest - Marking 'Taip' radio button 8
2025-02-18 12:31:45 [main] ERROR l.i.u.p.SubmittedApplicationsPage - Error selecting radio button: Expected condition failed: waiting for element to be clickable: By.xpath: (//input[@type='radio' and @value='true'])[16] (tried for 10 second(s) with 500 milliseconds interval)
Build info: version: '4.27.0', revision: 'd6e718d134'
System info: os.name: 'Windows 11', os.arch: 'amd64', os.version: '10.0', java.version: '21.0.3'
Driver info: org.openqa.selenium.chrome.ChromeDriver
Capabilities {acceptInsecureCerts: false, browserName: chrome, browserVersion: 132.0.6834.197, chrome: {chromedriverVersion: 132.0.6834.159 (2d77d3fc445..., userDataDir: C:\Users\INGRID~1.ZAD\AppDa...}, fedcm:accounts: true, goog:chromeOptions: {debuggerAddress: localhost:57398}, networkConnectionEnabled: false, pageLoadStrategy: normal, platformName: windows, proxy: Proxy(), se:cdp: ws://localhost:57398/devtoo..., se:cdpVersion: 132.0.6834.197, setWindowRect: true, strictFileInteractability: false, timeouts: {implicit: 0, pageLoad: 300000, script: 30000}, unhandledPromptBehavior: dismiss and notify, webauthn:extension:credBlob: true, webauthn:extension:largeBlob: true, webauthn:extension:minPinLength: true, webauthn:extension:prf: true, webauthn:virtualAuthenticators: true}
Session ID: 13b64254084dbeaa3156bcecc8b26e0e
2025-02-18 12:31:45 [main] INFO  l.i.u.t.SubmittedApplicationsPageTest - Marking 'Taip' radio button 9
2025-02-18 12:31:55 [main] ERROR l.i.u.p.SubmittedApplicationsPage - Error selecting radio button: Expected condition failed: waiting for element to be clickable: By.xpath: (//input[@type='radio' and @value='true'])[17] (tried for 10 second(s) with 500 milliseconds interval)
Build info: version: '4.27.0', revision: 'd6e718d134'
System info: os.name: 'Windows 11', os.arch: 'amd64', os.version: '10.0', java.version: '21.0.3'
Driver info: org.openqa.selenium.chrome.ChromeDriver
Capabilities {acceptInsecureCerts: false, browserName: chrome, browserVersion: 132.0.6834.197, chrome: {chromedriverVersion: 132.0.6834.159 (2d77d3fc445..., userDataDir: C:\Users\INGRID~1.ZAD\AppDa...}, fedcm:accounts: true, goog:chromeOptions: {debuggerAddress: localhost:57398}, networkConnectionEnabled: false, pageLoadStrategy: normal, platformName: windows, proxy: Proxy(), se:cdp: ws://localhost:57398/devtoo..., se:cdpVersion: 132.0.6834.197, setWindowRect: true, strictFileInteractability: false, timeouts: {implicit: 0, pageLoad: 300000, script: 30000}, unhandledPromptBehavior: dismiss and notify, webauthn:extension:credBlob: true, webauthn:extension:largeBlob: true, webauthn:extension:minPinLength: true, webauthn:extension:prf: true, webauthn:virtualAuthenticators: true}
Session ID: 13b64254084dbeaa3156bcecc8b26e0e
2025-02-18 12:31:55 [main] INFO  l.i.u.t.SubmittedApplicationsPageTest - Marking 'Taip' radio button 10
2025-02-18 12:32:05 [main] ERROR l.i.u.p.SubmittedApplicationsPage - Error selecting radio button: Expected condition failed: waiting for element to be clickable: By.xpath: (//input[@type='radio' and @value='true'])[18] (tried for 10 second(s) with 500 milliseconds interval)
Build info: version: '4.27.0', revision: 'd6e718d134'
System info: os.name: 'Windows 11', os.arch: 'amd64', os.version: '10.0', java.version: '21.0.3'
Driver info: org.openqa.selenium.chrome.ChromeDriver
Capabilities {acceptInsecureCerts: false, browserName: chrome, browserVersion: 132.0.6834.197, chrome: {chromedriverVersion: 132.0.6834.159 (2d77d3fc445..., userDataDir: C:\Users\INGRID~1.ZAD\AppDa...}, fedcm:accounts: true, goog:chromeOptions: {debuggerAddress: localhost:57398}, networkConnectionEnabled: false, pageLoadStrategy: normal, platformName: windows, proxy: Proxy(), se:cdp: ws://localhost:57398/devtoo..., se:cdpVersion: 132.0.6834.197, setWindowRect: true, strictFileInteractability: false, timeouts: {implicit: 0, pageLoad: 300000, script: 30000}, unhandledPromptBehavior: dismiss and notify, webauthn:extension:credBlob: true, webauthn:extension:largeBlob: true, webauthn:extension:minPinLength: true, webauthn:extension:prf: true, webauthn:virtualAuthenticators: true}
Session ID: 13b64254084dbeaa3156bcecc8b26e0e
2025-02-18 12:32:05 [main] INFO  l.i.u.t.SubmittedApplicationsPageTest - Marking 'Taip' radio button 11
2025-02-18 12:32:15 [main] ERROR l.i.u.p.SubmittedApplicationsPage - Error selecting radio button: Expected condition failed: waiting for element to be clickable: By.xpath: (//input[@type='radio' and @value='true'])[19] (tried for 10 second(s) with 500 milliseconds interval)
Build info: version: '4.27.0', revision: 'd6e718d134'
System info: os.name: 'Windows 11', os.arch: 'amd64', os.version: '10.0', java.version: '21.0.3'
Driver info: org.openqa.selenium.chrome.ChromeDriver
Capabilities {acceptInsecureCerts: false, browserName: chrome, browserVersion: 132.0.6834.197, chrome: {chromedriverVersion: 132.0.6834.159 (2d77d3fc445..., userDataDir: C:\Users\INGRID~1.ZAD\AppDa...}, fedcm:accounts: true, goog:chromeOptions: {debuggerAddress: localhost:57398}, networkConnectionEnabled: false, pageLoadStrategy: normal, platformName: windows, proxy: Proxy(), se:cdp: ws://localhost:57398/devtoo..., se:cdpVersion: 132.0.6834.197, setWindowRect: true, strictFileInteractability: false, timeouts: {implicit: 0, pageLoad: 300000, script: 30000}, unhandledPromptBehavior: dismiss and notify, webauthn:extension:credBlob: true, webauthn:extension:largeBlob: true, webauthn:extension:minPinLength: true, webauthn:extension:prf: true, webauthn:virtualAuthenticators: true}
Session ID: 13b64254084dbeaa3156bcecc8b26e0e
2025-02-18 12:32:15 [main] INFO  l.i.u.t.SubmittedApplicationsPageTest - Marking 'Taip' radio button 12
2025-02-18 12:32:25 [main] DEBUG l.i.u.t.SubmittedApplicationsPageTest - Checked 'ConfirmationStepFour'
2025-02-18 12:32:26 [main] DEBUG l.i.u.t.SubmittedApplicationsPageTest - Clicked 'Next' button after checkboxes.
2025-02-18 12:32:26 [main] INFO  l.i.u.p.SubmittedApplicationsPage - File uploaded successfully to an input element.
2025-02-18 12:32:26 [main] INFO  l.i.u.p.SubmittedApplicationsPage - File uploaded successfully to an input element.
2025-02-18 12:32:26 [main] INFO  l.i.u.p.SubmittedApplicationsPage - File uploaded successfully to an input element.
2025-02-18 12:32:26 [main] INFO  l.i.u.p.SubmittedApplicationsPage - File uploaded successfully to an input element.
2025-02-18 12:32:26 [main] INFO  l.i.u.p.SubmittedApplicationsPage - File uploaded successfully to an input element.
2025-02-18 12:32:26 [main] INFO  l.i.u.p.SubmittedApplicationsPage - File uploaded successfully to an input element.
2025-02-18 12:32:26 [main] INFO  l.i.u.p.SubmittedApplicationsPage - File uploaded successfully to an input element.
2025-02-18 12:32:26 [main] INFO  l.i.u.p.SubmittedApplicationsPage - File uploaded successfully to an input element.
2025-02-18 12:32:26 [main] INFO  l.i.u.p.SubmittedApplicationsPage - File uploaded successfully to an input element.
2025-02-18 12:32:26 [main] INFO  l.i.u.p.SubmittedApplicationsPage - File uploaded successfully to an input element.
2025-02-18 12:32:27 [main] DEBUG l.i.u.t.SubmittedApplicationsPageTest - Entered program name: 'Dokumentas 1'.
2025-02-18 12:32:27 [main] DEBUG l.i.u.t.SubmittedApplicationsPageTest - Entered program name: 'Dokumentas 2'.
2025-02-18 12:32:27 [main] DEBUG l.i.u.t.SubmittedApplicationsPageTest - Entered program name: 'Dokumentas 3'.
2025-02-18 12:32:27 [main] DEBUG l.i.u.t.SubmittedApplicationsPageTest - Entered program name: 'Dokumentas 4'.
2025-02-18 12:32:27 [main] DEBUG l.i.u.t.SubmittedApplicationsPageTest - Entered program name: 'Dokumentas 5'.
2025-02-18 12:32:27 [main] DEBUG l.i.u.t.SubmittedApplicationsPageTest - Entered program name: 'Dokumentas 6'.
2025-02-18 12:32:27 [main] DEBUG l.i.u.t.SubmittedApplicationsPageTest - Entered program name: 'Dokumentas 4'.
2025-02-18 12:32:28 [main] DEBUG l.i.u.t.SubmittedApplicationsPageTest - Entered program name: 'Dokumentas 8'.
2025-02-18 12:32:28 [main] DEBUG l.i.u.t.SubmittedApplicationsPageTest - Entered program name: 'Dokumentas 9'.
2025-02-18 12:32:28 [main] DEBUG l.i.u.t.SubmittedApplicationsPageTest - Entered program name: 'Dokumentas 10'.
2025-02-18 12:32:38 [main] DEBUG l.i.u.t.SubmittedApplicationsPageTest - Checked 'ConfirmationDocument'
2025-02-18 12:32:48 [main] DEBUG l.i.u.t.SubmittedApplicationsPageTest - Checked 'ConfirmationApplication'
2025-02-18 12:32:48 [main] DEBUG l.i.u.t.SubmittedApplicationsPageTest - Clicked 'SaveDraft' button after checkboxes.
2025-02-18 12:32:49 [main] DEBUG l.insoft.uztis.pages.InvitationsPage - Verified success message: 'Ruošinys sėkmingai išsaugotas.'
2025-02-18 12:32:49 [main] DEBUG l.i.u.t.SubmittedApplicationsPageTest - Clicked 'Review' button after checkboxes.
2025-02-18 12:32:49 [main] DEBUG l.i.u.t.SubmittedApplicationsPageTest - Clicked 'Submit' button after checkboxes.
2025-02-18 12:32:49 [main] DEBUG l.i.u.t.SubmittedApplicationsPageTest - Clicked 'SubmitConfirmation' button after checkboxes.
2025-02-18 12:32:49 [main] ERROR l.insoft.uztis.pages.InvitationsPage - Failed to verify the success message: 'Paraiška sėkmingai pateikta ir užregistruota.'. Available messages: [Ruošinys sėkmingai išsaugotas.]
2025-02-18 12:32:49 [main] INFO  l.i.u.t.SubmittedApplicationsPageTest - Test 'testFillNewVUIApplicationFA' completed successfully.
2025-02-18 12:33:38 [main] INFO  lt.insoft.uztis.tests.UztisPageTest - Navigated to https://uztisdev.asseco.lt/home
2025-02-18 12:33:38 [main] INFO  l.i.u.t.SubmittedApplicationsPageTest - Starting test:'testAddEvaluators'
2025-02-18 12:33:38 [main] DEBUG l.i.u.t.SubmittedApplicationsPageTest - User logged in with test credentials.
2025-02-18 12:33:38 [main] DEBUG l.i.u.t.SubmittedApplicationsPageTest - Opened 'Application Processing' menu.
2025-02-18 12:33:39 [main] DEBUG l.i.u.t.SubmittedApplicationsPageTest - Clicked on 'Application Forms' menu.
2025-02-18 12:33:39 [main] DEBUG l.i.u.t.SubmittedApplicationsPageTest - Retrieved last description code text: 'TST-VUI-00'.
2025-02-18 12:33:39 [main] DEBUG l.i.u.t.SubmittedApplicationsPageTest - Clicked on 'Invitation' menu.
2025-02-18 12:33:40 [main] DEBUG l.i.u.t.SubmittedApplicationsPageTest - Selected application section by code: 'TST-VUI-00'.
2025-02-18 12:33:40 [main] DEBUG l.i.u.t.SubmittedApplicationsPageTest - Clicked 'Search' button.
2025-02-18 12:33:40 [main] DEBUG l.i.u.t.SubmittedApplicationsPageTest - Retrieved invitation code: ''.
2025-02-18 12:33:40 [main] DEBUG l.i.u.t.SubmittedApplicationsPageTest - Clicked on 'Submitted Applications' menu.
2025-02-18 12:33:41 [main] DEBUG l.i.u.t.SubmittedApplicationsPageTest - Selected invitation by code: 'TST-VUI-00'.
2025-02-18 12:33:41 [main] DEBUG l.i.u.t.SubmittedApplicationsPageTest - Invitation code inserted.
2025-02-18 12:33:42 [main] DEBUG l.i.u.t.SubmittedApplicationsPageTest - Clicked on 'Action Application' button.
2025-02-18 12:33:42 [main] DEBUG l.i.u.t.SubmittedApplicationsPageTest - Clicked on 'Add Evaluators' button.
2025-02-18 12:33:42 [main] DEBUG l.i.u.t.SubmittedApplicationsPageTest - Entered first evaluation date.
2025-02-18 12:33:42 [main] DEBUG l.i.u.t.SubmittedApplicationsPageTest - Entered second evaluation date.
2025-02-18 12:33:42 [main] DEBUG l.i.u.t.SubmittedApplicationsPageTest - Entered third evaluation date.
2025-02-18 12:33:42 [main] DEBUG l.i.u.t.SubmittedApplicationsPageTest - Clicked on 'Add Evaluators' confirmation button.
2025-02-18 12:33:43 [main] DEBUG l.insoft.uztis.pages.InvitationsPage - Verified success message: 'Paraiškų vertinimai sėkmingai priskirti vertintojams.'
2025-02-18 12:33:43 [main] INFO  l.i.u.t.SubmittedApplicationsPageTest - Test 'testAddEvaluators' completed successfully.
2025-02-18 12:35:36 [main] INFO  lt.insoft.uztis.tests.UztisPageTest - Navigated to https://uztisdev.asseco.lt/home
2025-02-18 12:35:36 [main] INFO  l.i.uztis.tests.EvaluationsPageTest - Starting test:'testFillSaveDraftEvaluationOne'
2025-02-18 12:35:36 [main] INFO  l.i.uztis.tests.EvaluationsPageTest - Starting test:'testNavigateToEvaluationsPage'
2025-02-18 12:35:36 [main] DEBUG l.i.uztis.tests.EvaluationsPageTest - User logged in with test credentials
2025-02-18 12:35:36 [main] DEBUG l.i.uztis.tests.EvaluationsPageTest - Opened 'Application Processing' menu.
2025-02-18 12:35:37 [main] DEBUG l.i.uztis.tests.EvaluationsPageTest - Clicked on 'Evaluations' menu.
2025-02-18 12:35:37 [main] DEBUG l.i.uztis.tests.EvaluationsPageTest - Navigating to evaluations menu.
2025-02-18 12:35:37 [main] INFO  l.i.uztis.tests.EvaluationsPageTest - Test 'testNavigateToEvaluationsPage' completed successfully.
2025-02-18 12:35:37 [main] DEBUG l.i.uztis.tests.EvaluationsPageTest - Clicked on last evaluation.
2025-02-18 12:35:38 [main] DEBUG l.i.uztis.tests.EvaluationsPageTest - Clicked 'Edit'.
2025-02-18 12:35:41 [main] DEBUG l.i.uztis.tests.EvaluationsPageTest - Selected '1.1' radio button.
2025-02-18 12:35:44 [main] DEBUG l.i.uztis.tests.EvaluationsPageTest - Selected '1.2' radio button.
2025-02-18 12:35:47 [main] DEBUG l.i.uztis.tests.EvaluationsPageTest - Selected '1.3' radio button.
2025-02-18 12:35:49 [main] DEBUG l.i.uztis.tests.EvaluationsPageTest - Selected '1.4' radio button.
2025-02-18 12:35:51 [main] DEBUG l.i.uztis.tests.EvaluationsPageTest - Selected '1.5' radio button.
2025-02-18 12:35:53 [main] DEBUG l.i.uztis.tests.EvaluationsPageTest - Selected '2.1' radio button.
2025-02-18 12:35:54 [main] DEBUG l.i.uztis.tests.EvaluationsPageTest - Selected '3.1' radio button.
2025-02-18 12:35:55 [main] DEBUG l.i.uztis.tests.EvaluationsPageTest - Selected '4.2' radio button.
2025-02-18 12:35:56 [main] DEBUG l.i.uztis.tests.EvaluationsPageTest - Selected '5.1' radio button.
2025-02-18 12:35:57 [main] DEBUG l.i.uztis.tests.EvaluationsPageTest - Selected '5.2' radio button.
2025-02-18 12:35:59 [main] DEBUG l.i.uztis.tests.EvaluationsPageTest - Selected '6.1' radio button.
2025-02-18 12:36:00 [main] DEBUG l.i.uztis.tests.EvaluationsPageTest - Selected '6.2' radio button.
2025-02-18 12:36:01 [main] DEBUG l.i.uztis.tests.EvaluationsPageTest - Clicked on expansion panel 'Not Critical'.
2025-02-18 12:36:01 [main] DEBUG l.i.uztis.tests.EvaluationsPageTest - Selected '7' radio button.
2025-02-18 12:36:02 [main] DEBUG l.i.uztis.tests.EvaluationsPageTest - Selected '8_1' radio button.
2025-02-18 12:36:02 [main] DEBUG l.i.uztis.tests.EvaluationsPageTest - Selected '8_2' radio button.
2025-02-18 12:36:03 [main] DEBUG l.i.uztis.tests.EvaluationsPageTest - Selected '8_3' radio button.
2025-02-18 12:36:03 [main] DEBUG l.i.uztis.tests.EvaluationsPageTest - Selected '8_4' radio button.
2025-02-18 12:36:03 [main] DEBUG l.i.uztis.tests.EvaluationsPageTest - Selected '8_5' radio button.
2025-02-18 12:36:04 [main] DEBUG l.i.uztis.tests.EvaluationsPageTest - Selected '8_6' radio button.
2025-02-18 12:36:04 [main] DEBUG l.i.uztis.tests.EvaluationsPageTest - Selected '8_7' radio button.
2025-02-18 12:36:05 [main] DEBUG l.i.uztis.tests.EvaluationsPageTest - Selected '8_8' radio button.
2025-02-18 12:36:05 [main] DEBUG l.i.uztis.tests.EvaluationsPageTest - Selected '8_9' radio button.
2025-02-18 12:36:05 [main] DEBUG l.i.uztis.tests.EvaluationsPageTest - Selected '8_10' radio button.
2025-02-18 12:36:06 [main] DEBUG l.i.uztis.tests.EvaluationsPageTest - Selected '9' radio button.
2025-02-18 12:36:06 [main] DEBUG l.i.uztis.tests.EvaluationsPageTest - Selected '10.1' radio button.
2025-02-18 12:36:06 [main] DEBUG l.i.uztis.tests.EvaluationsPageTest - Selected '10.2' radio button.
2025-02-18 12:36:07 [main] DEBUG l.i.uztis.tests.EvaluationsPageTest - Selected '10.3' radio button.
2025-02-18 12:36:07 [main] DEBUG l.i.uztis.tests.EvaluationsPageTest - Entered  explanation: 'Balas pakoreduotas ranka'.
2025-02-18 12:36:08 [main] DEBUG l.i.uztis.tests.EvaluationsPageTest - Clicked 'Save Draft'.
2025-02-18 12:36:08 [main] DEBUG l.insoft.uztis.pages.InvitationsPage - Verified success message: 'Duomenys sėkmingai išsaugoti.'
2025-02-18 12:36:08 [main] INFO  l.i.uztis.tests.EvaluationsPageTest - Test 'testFillSaveDraftEvaluationOne' completed successfully.
2025-02-18 13:08:40 [main] INFO  lt.insoft.uztis.tests.UztisPageTest - Navigated to https://uztisdev.asseco.lt/home
2025-02-18 13:08:41 [main] INFO  l.i.u.t.SubmittedApplicationsPageTest - Starting test:'testFillNewVUIPApplicationFA'
2025-02-18 13:08:41 [main] DEBUG l.i.u.t.SubmittedApplicationsPageTest - User logged in with test credentials.
2025-02-18 13:08:42 [main] DEBUG l.i.u.t.SubmittedApplicationsPageTest - Opened 'Application Processing' menu.
2025-02-18 13:08:42 [main] DEBUG l.i.u.t.SubmittedApplicationsPageTest - Clicked on 'Application Forms' menu.
2025-02-18 13:08:42 [main] DEBUG l.i.u.t.SubmittedApplicationsPageTest - Retrieved last description code text: 'TST-VUI-00'.
2025-02-18 13:08:43 [main] DEBUG l.i.u.t.SubmittedApplicationsPageTest - Clicked on 'Invitation' menu.
2025-02-18 13:08:43 [main] DEBUG l.i.u.t.SubmittedApplicationsPageTest - Selected application section by code: 'TST-VUI-00'.
2025-02-18 13:08:44 [main] DEBUG l.i.u.t.SubmittedApplicationsPageTest - Clicked 'Search' button.
2025-02-18 13:08:44 [main] DEBUG l.i.u.t.SubmittedApplicationsPageTest - Retrieved invitation code: ''.
2025-02-18 13:08:44 [main] DEBUG l.i.u.t.SubmittedApplicationsPageTest - Clicked on 'Submitted Applications' menu.
2025-02-18 13:08:45 [main] DEBUG l.i.u.t.SubmittedApplicationsPageTest - Selected invitation by code: 'TST-VUI-00'.
2025-02-18 13:08:45 [main] DEBUG l.i.u.t.SubmittedApplicationsPageTest - Invitation code inserted.
2025-02-18 13:08:45 [main] DEBUG l.i.u.t.SubmittedApplicationsPageTest - Clicked on 'Action Application' button.
2025-02-18 13:08:45 [main] DEBUG l.i.u.t.SubmittedApplicationsPageTest - Clicked on 'New Application' button.
2025-02-18 13:08:46 [main] DEBUG l.i.u.t.SubmittedApplicationsPageTest - Selected the 'RadioButtonFA' option.
2025-02-18 13:08:46 [main] DEBUG l.i.u.t.SubmittedApplicationsPageTest - Entered phone number: '61298745'.
2025-02-18 13:08:46 [main] DEBUG l.i.u.t.SubmittedApplicationsPageTest - Entered email: 'test@autotest.com'.
2025-02-18 13:08:46 [main] INFO  l.i.u.p.SubmittedApplicationsPage - Clicking on the dropdown button.
2025-02-18 13:09:05 [main] INFO  l.i.u.p.SubmittedApplicationsPage - Found 1741 options in the dropdown.
2025-02-18 13:09:05 [main] DEBUG l.i.u.p.SubmittedApplicationsPage - Checking option: ''
2025-02-18 13:09:05 [main] DEBUG l.i.u.p.SubmittedApplicationsPage - Checking option: '01.11 - Grūdinių (išskyrus ryžius), ankštinių ir aliejingų sėklų augalų auginimas'
2025-02-18 13:09:06 [main] INFO  l.i.u.p.SubmittedApplicationsPage - Successfully selected the value: '01.11 - Grūdinių (išskyrus ryžius), ankštinių ir aliejingų sėklų augalų auginimas'
2025-02-18 13:09:06 [main] INFO  l.i.u.p.SubmittedApplicationsPage - Attempting to close the dropdown.
2025-02-18 13:09:16 [main] INFO  l.i.u.p.SubmittedApplicationsPage - Dropdown should be closed now.
2025-02-18 13:09:16 [main] DEBUG l.i.u.t.SubmittedApplicationsPageTest - Selected EVRK value: '01.11 - Grūdinių (išskyrus ryžius), ankštinių ir aliejingų sėklų augalų auginimas'.
2025-02-18 13:09:17 [main] DEBUG l.i.u.t.SubmittedApplicationsPageTest - Entered address: 'Vilniaus m. sav., Vilnius, Testo g. 10T'.
2025-02-18 13:09:17 [main] DEBUG l.i.u.t.SubmittedApplicationsPageTest - Entered project date.
2025-02-18 13:09:17 [main] DEBUG l.i.u.t.SubmittedApplicationsPageTest - Entered job count: '1'.
2025-02-18 13:09:17 [main] DEBUG l.i.u.t.SubmittedApplicationsPageTest - Clicked 'Next' button.
2025-02-18 13:09:17 [main] INFO  l.i.u.p.SubmittedApplicationsPage - Located the dropdown button.
2025-02-18 13:09:18 [main] INFO  l.i.u.p.SubmittedApplicationsPage - Successfully selected the value: 'Administratoriai'
2025-02-18 13:09:48 [main] ERROR l.i.u.p.SubmittedApplicationsPage - Timeout while waiting for dropdown to close with aria-expanded = 'false'.
2025-02-18 13:09:48 [main] DEBUG l.i.u.t.SubmittedApplicationsPageTest - Selected job name: 'Administratoriai'.
2025-02-18 13:09:49 [main] DEBUG l.i.u.t.SubmittedApplicationsPageTest - Entered job function: 'Funkcija 1'.
2025-02-18 13:09:49 [main] DEBUG l.i.u.t.SubmittedApplicationsPageTest - Selected 'RadioButtonWithDisabilities' option.
2025-02-18 13:09:49 [main] INFO  l.i.u.p.SubmittedApplicationsPage - Clicking on the dropdown button.
2025-02-18 13:09:50 [main] INFO  l.i.u.p.SubmittedApplicationsPage - Found 34 options in the dropdown.
2025-02-18 13:09:50 [main] DEBUG l.i.u.p.SubmittedApplicationsPage - Checking option: 'Asmenys, kuriems suteiktas pabėgėlio statusas ar perkeliamojo asmens statusas, arba asmenys, kuriems suteikta papildoma ar laikinoji apsauga, ir asmenys, turintys teisę gauti laikinąją apsaugą, iki sprendimo dėl laikinosios apsaugos suteikimo (nesuteikimo) priėmimo, tačiau ne ilgiau kaip laikinosios apsaugos laikotarpiu'
2025-02-18 13:09:50 [main] DEBUG l.i.u.p.SubmittedApplicationsPage - Checking option: 'Asmenys, kuriems suteiktas pabėgėlio statusas ar perkeliamojo asmens statusas, arba asmenys, kuriems suteikta papildoma ar laikinoji apsauga, ir asmenys, turintys teisę gauti laikinąją apsaugą, iki sprendimo dėl laikinosios apsaugos suteikimo (nesuteikimo) priėmimo, tačiau ne ilgiau kaip laikinosios apsaugos laikotarpiu'
2025-02-18 13:09:50 [main] DEBUG l.i.u.p.SubmittedApplicationsPage - Checking option: 'Asmenys, turintys teisę į papildomas užimtumo garantijas pagal Lietuvos Respublikos valstybės įmonės Ignalinos atominės elektrinės darbuotojų papildomų užimtumo ir socialinių garantijų įstatymą'
2025-02-18 13:09:50 [main] DEBUG l.i.u.p.SubmittedApplicationsPage - Checking option: 'Asmenys, turintys teisę į papildomas užimtumo garantijas pagal Lietuvos Respublikos valstybės įmonės Ignalinos atominės elektrinės darbuotojų papildomų užimtumo ir socialinių garantijų įstatymą'
2025-02-18 13:09:50 [main] DEBUG l.i.u.p.SubmittedApplicationsPage - Checking option: 'Bedarbiai iki 29 metų'
2025-02-18 13:09:50 [main] DEBUG l.i.u.p.SubmittedApplicationsPage - Checking option: 'Bedarbiai iki 29 metų'
2025-02-18 13:09:50 [main] DEBUG l.i.u.p.SubmittedApplicationsPage - Checking option: 'Bedarbiai, kurie yra darbingo amžiaus neįgalieji, kuriems nustatytas 30–40 procentų darbingumo lygis arba vidutinis neįgalumo lygis'
2025-02-18 13:09:50 [main] DEBUG l.i.u.p.SubmittedApplicationsPage - Checking option: 'Bedarbiai, kurie yra darbingo amžiaus neįgalieji, kuriems nustatytas 30–40 procentų darbingumo lygis arba vidutinis neįgalumo lygis'
2025-02-18 13:09:50 [main] DEBUG l.i.u.p.SubmittedApplicationsPage - Checking option: 'Bedarbiai, kurie yra darbingo amžiaus neįgalieji, kuriems nustatytas 45–55 procentų darbingumo lygis arba lengvas neįgalumo lygis'
2025-02-18 13:09:50 [main] DEBUG l.i.u.p.SubmittedApplicationsPage - Checking option: 'Bedarbiai, kurie yra darbingo amžiaus neįgalieji, kuriems nustatytas 45–55 procentų darbingumo lygis arba lengvas neįgalumo lygis'
2025-02-18 13:09:50 [main] DEBUG l.i.u.p.SubmittedApplicationsPage - Checking option: 'Bedarbiai, kurie yra darbingo amžiaus neįgalieji, kuriems nustatytas iki 25 procentų darbingumo lygis arba sunkus neįgalumo lygis'
2025-02-18 13:09:50 [main] INFO  l.i.u.p.SubmittedApplicationsPage - Successfully selected the value: 'Bedarbiai, kurie yra darbingo amžiaus neįgalieji, kuriems nustatytas iki 25 procentų darbingumo lygis arba sunkus neįgalumo lygis'
2025-02-18 13:09:50 [main] INFO  l.i.u.p.SubmittedApplicationsPage - Attempting to close the dropdown.
2025-02-18 13:10:01 [main] INFO  l.i.u.p.SubmittedApplicationsPage - Dropdown should be closed now.
2025-02-18 13:10:01 [main] DEBUG l.i.u.t.SubmittedApplicationsPageTest - Selected disabilities type: 'Bedarbiai, kurie yra darbingo amžiaus neįgalieji, kuriems nustatytas iki 25 procentų darbingumo lygis arba sunkus neįgalumo lygis'.
2025-02-18 13:10:01 [main] DEBUG l.i.u.t.SubmittedApplicationsPageTest - Entered disability information: 'Negalia 1'.
2025-02-18 13:10:01 [main] INFO  l.i.u.p.SubmittedApplicationsPage - Located the dropdown button.
2025-02-18 13:10:02 [main] INFO  l.i.u.p.SubmittedApplicationsPage - Successfully selected the value: 'Kita'
2025-02-18 13:10:12 [main] ERROR l.i.u.p.SubmittedApplicationsPage - Timeout while waiting for dropdown to close with aria-expanded = 'false'.
2025-02-18 13:10:12 [main] DEBUG l.i.u.t.SubmittedApplicationsPageTest - Selected time mode: 'Kita'.
2025-02-18 13:10:12 [main] DEBUG l.i.u.t.SubmittedApplicationsPageTest - Selected time mode other: '6 val. per dieną ir 4 d. per savaitę'.
2025-02-18 13:10:12 [main] DEBUG l.i.u.t.SubmittedApplicationsPageTest - Entered qualification: 'Kvalifikacija 1'.
2025-02-18 13:10:13 [main] DEBUG l.i.u.t.SubmittedApplicationsPageTest - Entered job date.
2025-02-18 13:10:13 [main] DEBUG l.i.u.t.SubmittedApplicationsPageTest - Entered salary amount: '1200'.
2025-02-18 13:10:13 [main] DEBUG l.i.u.t.SubmittedApplicationsPageTest - Selected 'Temporary Job' radio button.
2025-02-18 13:10:13 [main] DEBUG l.i.u.t.SubmittedApplicationsPageTest - Selected 'Season Job' radio button.
2025-02-18 13:10:13 [main] DEBUG l.i.u.t.SubmittedApplicationsPageTest - Selected 'Energy' radio button.
2025-02-18 13:10:13 [main] DEBUG l.i.u.t.SubmittedApplicationsPageTest - Selected 'Repair' radio button.
2025-02-18 13:10:14 [main] DEBUG l.i.u.t.SubmittedApplicationsPageTest - Entered job description: 'Veikla 1'.
2025-02-18 13:10:14 [main] DEBUG l.i.u.t.SubmittedApplicationsPageTest - Entered process description: 'Procesas 1'.
2025-02-18 13:10:14 [main] DEBUG l.i.u.t.SubmittedApplicationsPageTest - Entered energy information: 'Energija 1'.
2025-02-18 13:10:14 [main] DEBUG l.i.u.t.SubmittedApplicationsPageTest - Entered repair information: 'Remontas 1'.
2025-02-18 13:10:14 [main] DEBUG l.i.u.t.SubmittedApplicationsPageTest - Selected 'PVM' radio button.
2025-02-18 13:10:14 [main] INFO  l.i.u.p.SubmittedApplicationsPage - Located the dropdown button.
2025-02-18 13:10:15 [main] INFO  l.i.u.p.SubmittedApplicationsPage - Successfully selected the value: 'Įsigyti'
2025-02-18 13:10:35 [main] ERROR l.i.u.p.SubmittedApplicationsPage - Timeout while waiting for dropdown to close with aria-expanded = 'false'.
2025-02-18 13:10:35 [main] DEBUG l.i.u.t.SubmittedApplicationsPageTest - Selected necessary for job: 'Įsigyti'.
2025-02-18 13:10:36 [main] DEBUG l.i.u.t.SubmittedApplicationsPageTest - Selected tool: 'Darbo priemonė 1'.
2025-02-18 13:10:36 [main] DEBUG l.i.u.t.SubmittedApplicationsPageTest - Selected tool parameter one: 'Darbo priemonės 1 parametras 1'.
2025-02-18 13:10:36 [main] DEBUG l.i.u.t.SubmittedApplicationsPageTest - Selected tool parameter two: 'Darbo priemonės 1 parametras 2'.
2025-02-18 13:10:36 [main] DEBUG l.i.u.t.SubmittedApplicationsPageTest - Selected tool parameter three: 'Darbo priemonės 1 parametras 3'.
2025-02-18 13:10:36 [main] DEBUG l.i.u.t.SubmittedApplicationsPageTest - Entered tool count: '1'.
2025-02-18 13:10:36 [main] DEBUG l.i.u.t.SubmittedApplicationsPageTest - Entered price amount 1: '1000'.
2025-02-18 13:10:37 [main] DEBUG l.i.u.t.SubmittedApplicationsPageTest - Entered own funds amount 1: '800'.
2025-02-18 13:10:37 [main] DEBUG l.i.u.t.SubmittedApplicationsPageTest - Clicked 'Add' button.
2025-02-18 13:10:37 [main] INFO  l.i.u.p.SubmittedApplicationsPage - Located the dropdown button.
2025-02-18 13:10:37 [main] INFO  l.i.u.p.SubmittedApplicationsPage - Successfully selected the value: 'Remontuoti'
2025-02-18 13:10:57 [main] ERROR l.i.u.p.SubmittedApplicationsPage - Timeout while waiting for dropdown to close with aria-expanded = 'false'.
2025-02-18 13:10:57 [main] DEBUG l.i.u.t.SubmittedApplicationsPageTest - Selected necessary for job 'to repair': 'Remontuoti'.
2025-02-18 13:10:58 [main] DEBUG l.i.u.t.SubmittedApplicationsPageTest - Selected repair name: 'Remonto pavadinimas 1'.
2025-02-18 13:10:58 [main] DEBUG l.i.u.t.SubmittedApplicationsPageTest - Entered repair information: 'Remonto aprašymas 1'.
2025-02-18 13:10:58 [main] DEBUG l.i.u.t.SubmittedApplicationsPageTest - Entered price amount 2: '1000'.
2025-02-18 13:10:58 [main] DEBUG l.i.u.t.SubmittedApplicationsPageTest - Entered own funds amount 2: '900'.
2025-02-18 13:10:58 [main] DEBUG l.i.u.t.SubmittedApplicationsPageTest - Entered country percentage: '50'.
2025-02-18 13:10:59 [main] DEBUG l.i.u.t.SubmittedApplicationsPageTest - Entered institution percentage: '50'.
2025-02-18 13:10:59 [main] DEBUG l.i.u.t.SubmittedApplicationsPageTest - Entered municipality percentage: '50'.
2025-02-18 13:10:59 [main] DEBUG l.i.u.t.SubmittedApplicationsPageTest - Selected 'De Minimis' radio button.
2025-02-18 13:10:59 [main] DEBUG l.i.u.t.SubmittedApplicationsPageTest - Entered program name: 'Programa 1'.
2025-02-18 13:10:59 [main] DEBUG l.i.u.t.SubmittedApplicationsPageTest - Entered project date from.
2025-02-18 13:10:59 [main] DEBUG l.i.u.t.SubmittedApplicationsPageTest - Entered project date until.
2025-02-18 13:11:00 [main] DEBUG l.i.u.t.SubmittedApplicationsPageTest - Entered support amount: '2000'.
2025-02-18 13:11:00 [main] DEBUG l.i.u.t.SubmittedApplicationsPageTest - Clicked 'Next' button.
2025-02-18 13:11:10 [main] DEBUG l.i.u.t.SubmittedApplicationsPageTest - Checked 'Legal Entities' checkbox 1.
2025-02-18 13:11:20 [main] DEBUG l.i.u.t.SubmittedApplicationsPageTest - Checked 'Legal Entities' checkbox 2.
2025-02-18 13:11:30 [main] DEBUG l.i.u.t.SubmittedApplicationsPageTest - Checked 'Legal Entities' checkbox 3.
2025-02-18 13:11:30 [main] DEBUG l.i.u.t.SubmittedApplicationsPageTest - Test finished: All 'Legal Entities' checkboxes checked successfully.
2025-02-18 13:11:31 [main] DEBUG l.i.u.t.SubmittedApplicationsPageTest - Clicked 'Next' button after checkboxes.
2025-02-18 13:11:41 [main] ERROR l.i.u.p.SubmittedApplicationsPage - Error selecting radio button: Expected condition failed: waiting for element to be clickable: By.xpath: (//input[@type='radio' and @value='false'])[8] (tried for 10 second(s) with 500 milliseconds interval)
Build info: version: '4.27.0', revision: 'd6e718d134'
System info: os.name: 'Windows 11', os.arch: 'amd64', os.version: '10.0', java.version: '21.0.3'
Driver info: org.openqa.selenium.chrome.ChromeDriver
Capabilities {acceptInsecureCerts: false, browserName: chrome, browserVersion: 132.0.6834.197, chrome: {chromedriverVersion: 132.0.6834.159 (2d77d3fc445..., userDataDir: C:\Users\INGRID~1.ZAD\AppDa...}, fedcm:accounts: true, goog:chromeOptions: {debuggerAddress: localhost:58895}, networkConnectionEnabled: false, pageLoadStrategy: normal, platformName: windows, proxy: Proxy(), se:cdp: ws://localhost:58895/devtoo..., se:cdpVersion: 132.0.6834.197, setWindowRect: true, strictFileInteractability: false, timeouts: {implicit: 0, pageLoad: 300000, script: 30000}, unhandledPromptBehavior: dismiss and notify, webauthn:extension:credBlob: true, webauthn:extension:largeBlob: true, webauthn:extension:minPinLength: true, webauthn:extension:prf: true, webauthn:virtualAuthenticators: true}
Session ID: 8724c95c36aa323fdecf2d8ce1620533
2025-02-18 13:11:41 [main] INFO  l.i.u.t.SubmittedApplicationsPageTest - Marking 'Ne' radio button 1
2025-02-18 13:11:51 [main] ERROR l.i.u.p.SubmittedApplicationsPage - Error selecting radio button: Expected condition failed: waiting for element to be clickable: By.xpath: (//input[@type='radio' and @value='false'])[9] (tried for 10 second(s) with 500 milliseconds interval)
Build info: version: '4.27.0', revision: 'd6e718d134'
System info: os.name: 'Windows 11', os.arch: 'amd64', os.version: '10.0', java.version: '21.0.3'
Driver info: org.openqa.selenium.chrome.ChromeDriver
Capabilities {acceptInsecureCerts: false, browserName: chrome, browserVersion: 132.0.6834.197, chrome: {chromedriverVersion: 132.0.6834.159 (2d77d3fc445..., userDataDir: C:\Users\INGRID~1.ZAD\AppDa...}, fedcm:accounts: true, goog:chromeOptions: {debuggerAddress: localhost:58895}, networkConnectionEnabled: false, pageLoadStrategy: normal, platformName: windows, proxy: Proxy(), se:cdp: ws://localhost:58895/devtoo..., se:cdpVersion: 132.0.6834.197, setWindowRect: true, strictFileInteractability: false, timeouts: {implicit: 0, pageLoad: 300000, script: 30000}, unhandledPromptBehavior: dismiss and notify, webauthn:extension:credBlob: true, webauthn:extension:largeBlob: true, webauthn:extension:minPinLength: true, webauthn:extension:prf: true, webauthn:virtualAuthenticators: true}
Session ID: 8724c95c36aa323fdecf2d8ce1620533
2025-02-18 13:11:51 [main] INFO  l.i.u.t.SubmittedApplicationsPageTest - Marking 'Ne' radio button 2
2025-02-18 13:12:01 [main] ERROR l.i.u.p.SubmittedApplicationsPage - Error selecting radio button: Expected condition failed: waiting for element to be clickable: By.xpath: (//input[@type='radio' and @value='false'])[10] (tried for 10 second(s) with 500 milliseconds interval)
Build info: version: '4.27.0', revision: 'd6e718d134'
System info: os.name: 'Windows 11', os.arch: 'amd64', os.version: '10.0', java.version: '21.0.3'
Driver info: org.openqa.selenium.chrome.ChromeDriver
Capabilities {acceptInsecureCerts: false, browserName: chrome, browserVersion: 132.0.6834.197, chrome: {chromedriverVersion: 132.0.6834.159 (2d77d3fc445..., userDataDir: C:\Users\INGRID~1.ZAD\AppDa...}, fedcm:accounts: true, goog:chromeOptions: {debuggerAddress: localhost:58895}, networkConnectionEnabled: false, pageLoadStrategy: normal, platformName: windows, proxy: Proxy(), se:cdp: ws://localhost:58895/devtoo..., se:cdpVersion: 132.0.6834.197, setWindowRect: true, strictFileInteractability: false, timeouts: {implicit: 0, pageLoad: 300000, script: 30000}, unhandledPromptBehavior: dismiss and notify, webauthn:extension:credBlob: true, webauthn:extension:largeBlob: true, webauthn:extension:minPinLength: true, webauthn:extension:prf: true, webauthn:virtualAuthenticators: true}
Session ID: 8724c95c36aa323fdecf2d8ce1620533
2025-02-18 13:12:01 [main] INFO  l.i.u.t.SubmittedApplicationsPageTest - Marking 'Ne' radio button 3
2025-02-18 13:12:11 [main] ERROR l.i.u.p.SubmittedApplicationsPage - Error selecting radio button: Expected condition failed: waiting for element to be clickable: By.xpath: (//input[@type='radio' and @value='false'])[11] (tried for 10 second(s) with 500 milliseconds interval)
Build info: version: '4.27.0', revision: 'd6e718d134'
System info: os.name: 'Windows 11', os.arch: 'amd64', os.version: '10.0', java.version: '21.0.3'
Driver info: org.openqa.selenium.chrome.ChromeDriver
Capabilities {acceptInsecureCerts: false, browserName: chrome, browserVersion: 132.0.6834.197, chrome: {chromedriverVersion: 132.0.6834.159 (2d77d3fc445..., userDataDir: C:\Users\INGRID~1.ZAD\AppDa...}, fedcm:accounts: true, goog:chromeOptions: {debuggerAddress: localhost:58895}, networkConnectionEnabled: false, pageLoadStrategy: normal, platformName: windows, proxy: Proxy(), se:cdp: ws://localhost:58895/devtoo..., se:cdpVersion: 132.0.6834.197, setWindowRect: true, strictFileInteractability: false, timeouts: {implicit: 0, pageLoad: 300000, script: 30000}, unhandledPromptBehavior: dismiss and notify, webauthn:extension:credBlob: true, webauthn:extension:largeBlob: true, webauthn:extension:minPinLength: true, webauthn:extension:prf: true, webauthn:virtualAuthenticators: true}
Session ID: 8724c95c36aa323fdecf2d8ce1620533
2025-02-18 13:12:11 [main] INFO  l.i.u.t.SubmittedApplicationsPageTest - Marking 'Ne' radio button 4
2025-02-18 13:12:22 [main] ERROR l.i.u.p.SubmittedApplicationsPage - Error selecting radio button: Expected condition failed: waiting for element to be clickable: By.xpath: (//input[@type='radio' and @value='false'])[12] (tried for 10 second(s) with 500 milliseconds interval)
Build info: version: '4.27.0', revision: 'd6e718d134'
System info: os.name: 'Windows 11', os.arch: 'amd64', os.version: '10.0', java.version: '21.0.3'
Driver info: org.openqa.selenium.chrome.ChromeDriver
Capabilities {acceptInsecureCerts: false, browserName: chrome, browserVersion: 132.0.6834.197, chrome: {chromedriverVersion: 132.0.6834.159 (2d77d3fc445..., userDataDir: C:\Users\INGRID~1.ZAD\AppDa...}, fedcm:accounts: true, goog:chromeOptions: {debuggerAddress: localhost:58895}, networkConnectionEnabled: false, pageLoadStrategy: normal, platformName: windows, proxy: Proxy(), se:cdp: ws://localhost:58895/devtoo..., se:cdpVersion: 132.0.6834.197, setWindowRect: true, strictFileInteractability: false, timeouts: {implicit: 0, pageLoad: 300000, script: 30000}, unhandledPromptBehavior: dismiss and notify, webauthn:extension:credBlob: true, webauthn:extension:largeBlob: true, webauthn:extension:minPinLength: true, webauthn:extension:prf: true, webauthn:virtualAuthenticators: true}
Session ID: 8724c95c36aa323fdecf2d8ce1620533
2025-02-18 13:12:22 [main] INFO  l.i.u.t.SubmittedApplicationsPageTest - Marking 'Ne' radio button 5
2025-02-18 13:12:32 [main] ERROR l.i.u.p.SubmittedApplicationsPage - Error selecting radio button: Expected condition failed: waiting for element to be clickable: By.xpath: (//input[@type='radio' and @value='false'])[13] (tried for 10 second(s) with 500 milliseconds interval)
Build info: version: '4.27.0', revision: 'd6e718d134'
System info: os.name: 'Windows 11', os.arch: 'amd64', os.version: '10.0', java.version: '21.0.3'
Driver info: org.openqa.selenium.chrome.ChromeDriver
Capabilities {acceptInsecureCerts: false, browserName: chrome, browserVersion: 132.0.6834.197, chrome: {chromedriverVersion: 132.0.6834.159 (2d77d3fc445..., userDataDir: C:\Users\INGRID~1.ZAD\AppDa...}, fedcm:accounts: true, goog:chromeOptions: {debuggerAddress: localhost:58895}, networkConnectionEnabled: false, pageLoadStrategy: normal, platformName: windows, proxy: Proxy(), se:cdp: ws://localhost:58895/devtoo..., se:cdpVersion: 132.0.6834.197, setWindowRect: true, strictFileInteractability: false, timeouts: {implicit: 0, pageLoad: 300000, script: 30000}, unhandledPromptBehavior: dismiss and notify, webauthn:extension:credBlob: true, webauthn:extension:largeBlob: true, webauthn:extension:minPinLength: true, webauthn:extension:prf: true, webauthn:virtualAuthenticators: true}
Session ID: 8724c95c36aa323fdecf2d8ce1620533
2025-02-18 13:12:32 [main] INFO  l.i.u.t.SubmittedApplicationsPageTest - Marking 'Ne' radio button 6
2025-02-18 13:12:42 [main] ERROR l.i.u.p.SubmittedApplicationsPage - Error selecting radio button: Expected condition failed: waiting for element to be clickable: By.xpath: (//input[@type='radio' and @value='true'])[14] (tried for 10 second(s) with 500 milliseconds interval)
Build info: version: '4.27.0', revision: 'd6e718d134'
System info: os.name: 'Windows 11', os.arch: 'amd64', os.version: '10.0', java.version: '21.0.3'
Driver info: org.openqa.selenium.chrome.ChromeDriver
Capabilities {acceptInsecureCerts: false, browserName: chrome, browserVersion: 132.0.6834.197, chrome: {chromedriverVersion: 132.0.6834.159 (2d77d3fc445..., userDataDir: C:\Users\INGRID~1.ZAD\AppDa...}, fedcm:accounts: true, goog:chromeOptions: {debuggerAddress: localhost:58895}, networkConnectionEnabled: false, pageLoadStrategy: normal, platformName: windows, proxy: Proxy(), se:cdp: ws://localhost:58895/devtoo..., se:cdpVersion: 132.0.6834.197, setWindowRect: true, strictFileInteractability: false, timeouts: {implicit: 0, pageLoad: 300000, script: 30000}, unhandledPromptBehavior: dismiss and notify, webauthn:extension:credBlob: true, webauthn:extension:largeBlob: true, webauthn:extension:minPinLength: true, webauthn:extension:prf: true, webauthn:virtualAuthenticators: true}
Session ID: 8724c95c36aa323fdecf2d8ce1620533
2025-02-18 13:12:42 [main] INFO  l.i.u.t.SubmittedApplicationsPageTest - Marking 'Taip' radio button 7
2025-02-18 13:12:52 [main] ERROR l.i.u.p.SubmittedApplicationsPage - Error selecting radio button: Expected condition failed: waiting for element to be clickable: By.xpath: (//input[@type='radio' and @value='true'])[15] (tried for 10 second(s) with 500 milliseconds interval)
Build info: version: '4.27.0', revision: 'd6e718d134'
System info: os.name: 'Windows 11', os.arch: 'amd64', os.version: '10.0', java.version: '21.0.3'
Driver info: org.openqa.selenium.chrome.ChromeDriver
Capabilities {acceptInsecureCerts: false, browserName: chrome, browserVersion: 132.0.6834.197, chrome: {chromedriverVersion: 132.0.6834.159 (2d77d3fc445..., userDataDir: C:\Users\INGRID~1.ZAD\AppDa...}, fedcm:accounts: true, goog:chromeOptions: {debuggerAddress: localhost:58895}, networkConnectionEnabled: false, pageLoadStrategy: normal, platformName: windows, proxy: Proxy(), se:cdp: ws://localhost:58895/devtoo..., se:cdpVersion: 132.0.6834.197, setWindowRect: true, strictFileInteractability: false, timeouts: {implicit: 0, pageLoad: 300000, script: 30000}, unhandledPromptBehavior: dismiss and notify, webauthn:extension:credBlob: true, webauthn:extension:largeBlob: true, webauthn:extension:minPinLength: true, webauthn:extension:prf: true, webauthn:virtualAuthenticators: true}
Session ID: 8724c95c36aa323fdecf2d8ce1620533
2025-02-18 13:12:52 [main] INFO  l.i.u.t.SubmittedApplicationsPageTest - Marking 'Taip' radio button 8
2025-02-18 13:13:02 [main] ERROR l.i.u.p.SubmittedApplicationsPage - Error selecting radio button: Expected condition failed: waiting for element to be clickable: By.xpath: (//input[@type='radio' and @value='true'])[16] (tried for 10 second(s) with 500 milliseconds interval)
Build info: version: '4.27.0', revision: 'd6e718d134'
System info: os.name: 'Windows 11', os.arch: 'amd64', os.version: '10.0', java.version: '21.0.3'
Driver info: org.openqa.selenium.chrome.ChromeDriver
Capabilities {acceptInsecureCerts: false, browserName: chrome, browserVersion: 132.0.6834.197, chrome: {chromedriverVersion: 132.0.6834.159 (2d77d3fc445..., userDataDir: C:\Users\INGRID~1.ZAD\AppDa...}, fedcm:accounts: true, goog:chromeOptions: {debuggerAddress: localhost:58895}, networkConnectionEnabled: false, pageLoadStrategy: normal, platformName: windows, proxy: Proxy(), se:cdp: ws://localhost:58895/devtoo..., se:cdpVersion: 132.0.6834.197, setWindowRect: true, strictFileInteractability: false, timeouts: {implicit: 0, pageLoad: 300000, script: 30000}, unhandledPromptBehavior: dismiss and notify, webauthn:extension:credBlob: true, webauthn:extension:largeBlob: true, webauthn:extension:minPinLength: true, webauthn:extension:prf: true, webauthn:virtualAuthenticators: true}
Session ID: 8724c95c36aa323fdecf2d8ce1620533
2025-02-18 13:13:02 [main] INFO  l.i.u.t.SubmittedApplicationsPageTest - Marking 'Taip' radio button 9
2025-02-18 13:13:12 [main] ERROR l.i.u.p.SubmittedApplicationsPage - Error selecting radio button: Expected condition failed: waiting for element to be clickable: By.xpath: (//input[@type='radio' and @value='true'])[17] (tried for 10 second(s) with 500 milliseconds interval)
Build info: version: '4.27.0', revision: 'd6e718d134'
System info: os.name: 'Windows 11', os.arch: 'amd64', os.version: '10.0', java.version: '21.0.3'
Driver info: org.openqa.selenium.chrome.ChromeDriver
Capabilities {acceptInsecureCerts: false, browserName: chrome, browserVersion: 132.0.6834.197, chrome: {chromedriverVersion: 132.0.6834.159 (2d77d3fc445..., userDataDir: C:\Users\INGRID~1.ZAD\AppDa...}, fedcm:accounts: true, goog:chromeOptions: {debuggerAddress: localhost:58895}, networkConnectionEnabled: false, pageLoadStrategy: normal, platformName: windows, proxy: Proxy(), se:cdp: ws://localhost:58895/devtoo..., se:cdpVersion: 132.0.6834.197, setWindowRect: true, strictFileInteractability: false, timeouts: {implicit: 0, pageLoad: 300000, script: 30000}, unhandledPromptBehavior: dismiss and notify, webauthn:extension:credBlob: true, webauthn:extension:largeBlob: true, webauthn:extension:minPinLength: true, webauthn:extension:prf: true, webauthn:virtualAuthenticators: true}
Session ID: 8724c95c36aa323fdecf2d8ce1620533
2025-02-18 13:13:12 [main] INFO  l.i.u.t.SubmittedApplicationsPageTest - Marking 'Taip' radio button 10
2025-02-18 13:13:22 [main] ERROR l.i.u.p.SubmittedApplicationsPage - Error selecting radio button: Expected condition failed: waiting for element to be clickable: By.xpath: (//input[@type='radio' and @value='true'])[18] (tried for 10 second(s) with 500 milliseconds interval)
Build info: version: '4.27.0', revision: 'd6e718d134'
System info: os.name: 'Windows 11', os.arch: 'amd64', os.version: '10.0', java.version: '21.0.3'
Driver info: org.openqa.selenium.chrome.ChromeDriver
Capabilities {acceptInsecureCerts: false, browserName: chrome, browserVersion: 132.0.6834.197, chrome: {chromedriverVersion: 132.0.6834.159 (2d77d3fc445..., userDataDir: C:\Users\INGRID~1.ZAD\AppDa...}, fedcm:accounts: true, goog:chromeOptions: {debuggerAddress: localhost:58895}, networkConnectionEnabled: false, pageLoadStrategy: normal, platformName: windows, proxy: Proxy(), se:cdp: ws://localhost:58895/devtoo..., se:cdpVersion: 132.0.6834.197, setWindowRect: true, strictFileInteractability: false, timeouts: {implicit: 0, pageLoad: 300000, script: 30000}, unhandledPromptBehavior: dismiss and notify, webauthn:extension:credBlob: true, webauthn:extension:largeBlob: true, webauthn:extension:minPinLength: true, webauthn:extension:prf: true, webauthn:virtualAuthenticators: true}
Session ID: 8724c95c36aa323fdecf2d8ce1620533
2025-02-18 13:13:22 [main] INFO  l.i.u.t.SubmittedApplicationsPageTest - Marking 'Taip' radio button 11
2025-02-18 13:13:32 [main] ERROR l.i.u.p.SubmittedApplicationsPage - Error selecting radio button: Expected condition failed: waiting for element to be clickable: By.xpath: (//input[@type='radio' and @value='true'])[19] (tried for 10 second(s) with 500 milliseconds interval)
Build info: version: '4.27.0', revision: 'd6e718d134'
System info: os.name: 'Windows 11', os.arch: 'amd64', os.version: '10.0', java.version: '21.0.3'
Driver info: org.openqa.selenium.chrome.ChromeDriver
Capabilities {acceptInsecureCerts: false, browserName: chrome, browserVersion: 132.0.6834.197, chrome: {chromedriverVersion: 132.0.6834.159 (2d77d3fc445..., userDataDir: C:\Users\INGRID~1.ZAD\AppDa...}, fedcm:accounts: true, goog:chromeOptions: {debuggerAddress: localhost:58895}, networkConnectionEnabled: false, pageLoadStrategy: normal, platformName: windows, proxy: Proxy(), se:cdp: ws://localhost:58895/devtoo..., se:cdpVersion: 132.0.6834.197, setWindowRect: true, strictFileInteractability: false, timeouts: {implicit: 0, pageLoad: 300000, script: 30000}, unhandledPromptBehavior: dismiss and notify, webauthn:extension:credBlob: true, webauthn:extension:largeBlob: true, webauthn:extension:minPinLength: true, webauthn:extension:prf: true, webauthn:virtualAuthenticators: true}
Session ID: 8724c95c36aa323fdecf2d8ce1620533
2025-02-18 13:13:32 [main] INFO  l.i.u.t.SubmittedApplicationsPageTest - Marking 'Taip' radio button 12
2025-02-18 13:13:43 [main] DEBUG l.i.u.t.SubmittedApplicationsPageTest - Checked 'ConfirmationStepFour'
2025-02-18 13:13:43 [main] DEBUG l.i.u.t.SubmittedApplicationsPageTest - Clicked 'Next' button after checkboxes.
2025-02-18 13:13:43 [main] INFO  l.i.u.p.SubmittedApplicationsPage - File uploaded successfully to an input element.
2025-02-18 13:13:43 [main] INFO  l.i.u.p.SubmittedApplicationsPage - File uploaded successfully to an input element.
2025-02-18 13:13:43 [main] INFO  l.i.u.p.SubmittedApplicationsPage - File uploaded successfully to an input element.
2025-02-18 13:13:43 [main] INFO  l.i.u.p.SubmittedApplicationsPage - File uploaded successfully to an input element.
2025-02-18 13:13:43 [main] INFO  l.i.u.p.SubmittedApplicationsPage - File uploaded successfully to an input element.
2025-02-18 13:13:43 [main] INFO  l.i.u.p.SubmittedApplicationsPage - File uploaded successfully to an input element.
2025-02-18 13:13:43 [main] INFO  l.i.u.p.SubmittedApplicationsPage - File uploaded successfully to an input element.
2025-02-18 13:13:43 [main] INFO  l.i.u.p.SubmittedApplicationsPage - File uploaded successfully to an input element.
2025-02-18 13:13:43 [main] INFO  l.i.u.p.SubmittedApplicationsPage - File uploaded successfully to an input element.
2025-02-18 13:13:44 [main] INFO  l.i.u.p.SubmittedApplicationsPage - File uploaded successfully to an input element.
2025-02-18 13:13:44 [main] DEBUG l.i.u.t.SubmittedApplicationsPageTest - Entered program name: 'Dokumentas 1'.
2025-02-18 13:13:44 [main] DEBUG l.i.u.t.SubmittedApplicationsPageTest - Entered program name: 'Dokumentas 2'.
2025-02-18 13:13:44 [main] DEBUG l.i.u.t.SubmittedApplicationsPageTest - Entered program name: 'Dokumentas 3'.
2025-02-18 13:13:44 [main] DEBUG l.i.u.t.SubmittedApplicationsPageTest - Entered program name: 'Dokumentas 4'.
2025-02-18 13:13:44 [main] DEBUG l.i.u.t.SubmittedApplicationsPageTest - Entered program name: 'Dokumentas 5'.
2025-02-18 13:13:45 [main] DEBUG l.i.u.t.SubmittedApplicationsPageTest - Entered program name: 'Dokumentas 6'.
2025-02-18 13:13:45 [main] DEBUG l.i.u.t.SubmittedApplicationsPageTest - Entered program name: 'Dokumentas 4'.
2025-02-18 13:13:45 [main] DEBUG l.i.u.t.SubmittedApplicationsPageTest - Entered program name: 'Dokumentas 8'.
2025-02-18 13:13:45 [main] DEBUG l.i.u.t.SubmittedApplicationsPageTest - Entered program name: 'Dokumentas 9'.
2025-02-18 13:13:45 [main] DEBUG l.i.u.t.SubmittedApplicationsPageTest - Entered program name: 'Dokumentas 10'.
2025-02-18 13:13:55 [main] DEBUG l.i.u.t.SubmittedApplicationsPageTest - Checked 'ConfirmationDocument'
2025-02-18 13:14:06 [main] DEBUG l.i.u.t.SubmittedApplicationsPageTest - Checked 'ConfirmationApplication'
2025-02-18 13:14:06 [main] DEBUG l.i.u.t.SubmittedApplicationsPageTest - Clicked 'SaveDraft' button after checkboxes.
2025-02-18 13:14:06 [main] DEBUG l.insoft.uztis.pages.InvitationsPage - Verified success message: 'Ruošinys sėkmingai išsaugotas.'
2025-02-18 13:14:06 [main] DEBUG l.i.u.t.SubmittedApplicationsPageTest - Clicked 'Review' button after checkboxes.
2025-02-18 13:14:06 [main] DEBUG l.i.u.t.SubmittedApplicationsPageTest - Clicked 'Submit' button after checkboxes.
2025-02-18 13:14:06 [main] DEBUG l.i.u.t.SubmittedApplicationsPageTest - Clicked 'SubmitConfirmation' button after checkboxes.
2025-02-18 13:14:06 [main] ERROR l.insoft.uztis.pages.InvitationsPage - Failed to verify the success message: 'Paraiška sėkmingai pateikta ir užregistruota.'. Available messages: [Ruošinys sėkmingai išsaugotas.]
2025-02-18 13:14:06 [main] INFO  l.i.u.t.SubmittedApplicationsPageTest - Test 'testFillNewVUIApplicationFA' completed successfully.
2025-02-18 13:14:52 [main] INFO  lt.insoft.uztis.tests.UztisPageTest - Navigated to https://uztisdev.asseco.lt/home
2025-02-18 13:14:53 [main] INFO  l.i.u.t.SubmittedApplicationsPageTest - Starting test:'testAddEvaluators'
2025-02-18 13:14:53 [main] DEBUG l.i.u.t.SubmittedApplicationsPageTest - User logged in with test credentials.
2025-02-18 13:14:53 [main] DEBUG l.i.u.t.SubmittedApplicationsPageTest - Opened 'Application Processing' menu.
2025-02-18 13:14:53 [main] DEBUG l.i.u.t.SubmittedApplicationsPageTest - Clicked on 'Application Forms' menu.
2025-02-18 13:14:54 [main] DEBUG l.i.u.t.SubmittedApplicationsPageTest - Retrieved last description code text: 'TST-VUI-00'.
2025-02-18 13:14:54 [main] DEBUG l.i.u.t.SubmittedApplicationsPageTest - Clicked on 'Invitation' menu.
2025-02-18 13:14:55 [main] DEBUG l.i.u.t.SubmittedApplicationsPageTest - Selected application section by code: 'TST-VUI-00'.
2025-02-18 13:14:55 [main] DEBUG l.i.u.t.SubmittedApplicationsPageTest - Clicked 'Search' button.
2025-02-18 13:14:55 [main] DEBUG l.i.u.t.SubmittedApplicationsPageTest - Retrieved invitation code: ''.
2025-02-18 13:14:55 [main] DEBUG l.i.u.t.SubmittedApplicationsPageTest - Clicked on 'Submitted Applications' menu.
2025-02-18 13:14:56 [main] DEBUG l.i.u.t.SubmittedApplicationsPageTest - Selected invitation by code: 'TST-VUI-00'.
2025-02-18 13:14:56 [main] DEBUG l.i.u.t.SubmittedApplicationsPageTest - Invitation code inserted.
2025-02-18 13:14:56 [main] DEBUG l.i.u.t.SubmittedApplicationsPageTest - Clicked on 'Action Application' button.
2025-02-18 13:14:57 [main] DEBUG l.i.u.t.SubmittedApplicationsPageTest - Clicked on 'Add Evaluators' button.
2025-02-18 13:14:57 [main] DEBUG l.i.u.t.SubmittedApplicationsPageTest - Entered first evaluation date.
2025-02-18 13:14:57 [main] DEBUG l.i.u.t.SubmittedApplicationsPageTest - Entered second evaluation date.
2025-02-18 13:14:57 [main] DEBUG l.i.u.t.SubmittedApplicationsPageTest - Entered third evaluation date.
2025-02-18 13:14:57 [main] DEBUG l.i.u.t.SubmittedApplicationsPageTest - Clicked on 'Add Evaluators' confirmation button.
2025-02-18 13:14:57 [main] DEBUG l.insoft.uztis.pages.InvitationsPage - Verified success message: 'Paraiškų vertinimai sėkmingai priskirti vertintojams.'
2025-02-18 13:14:57 [main] INFO  l.i.u.t.SubmittedApplicationsPageTest - Test 'testAddEvaluators' completed successfully.
2025-02-18 13:15:28 [main] INFO  lt.insoft.uztis.tests.UztisPageTest - Navigated to https://uztisdev.asseco.lt/home
2025-02-18 13:15:28 [main] INFO  l.i.uztis.tests.EvaluationsPageTest - Starting test:'testFillSaveDraftEvaluationOne'
2025-02-18 13:15:28 [main] INFO  l.i.uztis.tests.EvaluationsPageTest - Starting test:'testNavigateToEvaluationsPage'
2025-02-18 13:15:28 [main] DEBUG l.i.uztis.tests.EvaluationsPageTest - User logged in with test credentials
2025-02-18 13:15:29 [main] DEBUG l.i.uztis.tests.EvaluationsPageTest - Opened 'Application Processing' menu.
2025-02-18 13:15:29 [main] DEBUG l.i.uztis.tests.EvaluationsPageTest - Clicked on 'Evaluations' menu.
2025-02-18 13:15:29 [main] DEBUG l.i.uztis.tests.EvaluationsPageTest - Navigating to evaluations menu.
2025-02-18 13:15:29 [main] INFO  l.i.uztis.tests.EvaluationsPageTest - Test 'testNavigateToEvaluationsPage' completed successfully.
2025-02-18 13:15:29 [main] DEBUG l.i.uztis.tests.EvaluationsPageTest - Clicked on last evaluation.
2025-02-18 13:15:30 [main] DEBUG l.i.uztis.tests.EvaluationsPageTest - Clicked 'Edit'.
2025-02-18 13:15:33 [main] DEBUG l.i.uztis.tests.EvaluationsPageTest - Selected '1.1' radio button.
2025-02-18 13:15:36 [main] DEBUG l.i.uztis.tests.EvaluationsPageTest - Selected '1.2' radio button.
2025-02-18 13:15:39 [main] DEBUG l.i.uztis.tests.EvaluationsPageTest - Selected '1.3' radio button.
2025-02-18 13:15:41 [main] DEBUG l.i.uztis.tests.EvaluationsPageTest - Selected '1.4' radio button.
2025-02-18 13:15:42 [main] DEBUG l.i.uztis.tests.EvaluationsPageTest - Selected '1.5' radio button.
2025-02-18 13:15:43 [main] DEBUG l.i.uztis.tests.EvaluationsPageTest - Selected '2.1' radio button.
2025-02-18 13:15:45 [main] DEBUG l.i.uztis.tests.EvaluationsPageTest - Selected '3.1' radio button.
2025-02-18 13:15:46 [main] DEBUG l.i.uztis.tests.EvaluationsPageTest - Selected '4.2' radio button.
2025-02-18 13:15:47 [main] DEBUG l.i.uztis.tests.EvaluationsPageTest - Selected '5.1' radio button.
2025-02-18 13:15:49 [main] DEBUG l.i.uztis.tests.EvaluationsPageTest - Selected '5.2' radio button.
2025-02-18 13:15:50 [main] DEBUG l.i.uztis.tests.EvaluationsPageTest - Selected '6.1' radio button.
2025-02-18 13:15:51 [main] DEBUG l.i.uztis.tests.EvaluationsPageTest - Selected '6.2' radio button.
2025-02-18 13:15:52 [main] DEBUG l.i.uztis.tests.EvaluationsPageTest - Clicked on expansion panel 'Not Critical'.
2025-02-18 13:15:52 [main] DEBUG l.i.uztis.tests.EvaluationsPageTest - Selected '7' radio button.
2025-02-18 13:15:53 [main] DEBUG l.i.uztis.tests.EvaluationsPageTest - Selected '8_1' radio button.
2025-02-18 13:15:53 [main] DEBUG l.i.uztis.tests.EvaluationsPageTest - Selected '8_2' radio button.
2025-02-18 13:15:54 [main] DEBUG l.i.uztis.tests.EvaluationsPageTest - Selected '8_3' radio button.
2025-02-18 13:15:54 [main] DEBUG l.i.uztis.tests.EvaluationsPageTest - Selected '8_4' radio button.
2025-02-18 13:15:54 [main] DEBUG l.i.uztis.tests.EvaluationsPageTest - Selected '8_5' radio button.
2025-02-18 13:15:55 [main] DEBUG l.i.uztis.tests.EvaluationsPageTest - Selected '8_6' radio button.
2025-02-18 13:15:55 [main] DEBUG l.i.uztis.tests.EvaluationsPageTest - Selected '8_7' radio button.
2025-02-18 13:15:56 [main] DEBUG l.i.uztis.tests.EvaluationsPageTest - Selected '8_8' radio button.
2025-02-18 13:15:56 [main] DEBUG l.i.uztis.tests.EvaluationsPageTest - Selected '8_9' radio button.
2025-02-18 13:15:56 [main] DEBUG l.i.uztis.tests.EvaluationsPageTest - Selected '8_10' radio button.
2025-02-18 13:15:57 [main] DEBUG l.i.uztis.tests.EvaluationsPageTest - Selected '9' radio button.
2025-02-18 13:15:57 [main] DEBUG l.i.uztis.tests.EvaluationsPageTest - Selected '10.1' radio button.
2025-02-18 13:15:57 [main] DEBUG l.i.uztis.tests.EvaluationsPageTest - Selected '10.2' radio button.
2025-02-18 13:15:58 [main] DEBUG l.i.uztis.tests.EvaluationsPageTest - Selected '10.3' radio button.
2025-02-18 13:15:58 [main] DEBUG l.i.uztis.tests.EvaluationsPageTest - Entered  explanation: 'Balas pakoreduotas ranka'.
2025-02-18 13:15:59 [main] DEBUG l.i.uztis.tests.EvaluationsPageTest - Clicked 'Save Draft'.
2025-02-18 13:15:59 [main] DEBUG l.insoft.uztis.pages.InvitationsPage - Verified success message: 'Duomenys sėkmingai išsaugoti.'
2025-02-18 13:15:59 [main] INFO  l.i.uztis.tests.EvaluationsPageTest - Test 'testFillSaveDraftEvaluationOne' completed successfully.
2025-02-18 13:16:10 [main] INFO  lt.insoft.uztis.tests.UztisPageTest - Navigated to https://uztisdev.asseco.lt/home
2025-02-18 13:16:10 [main] INFO  l.i.uztis.tests.EvaluationsPageTest - Starting test:'testConfirmEvaluationOne'
2025-02-18 13:16:10 [main] INFO  l.i.uztis.tests.EvaluationsPageTest - Starting test:'testNavigateToEvaluationsPage'
2025-02-18 13:16:10 [main] DEBUG l.i.uztis.tests.EvaluationsPageTest - User logged in with test credentials
2025-02-18 13:16:11 [main] DEBUG l.i.uztis.tests.EvaluationsPageTest - Opened 'Application Processing' menu.
2025-02-18 13:16:11 [main] DEBUG l.i.uztis.tests.EvaluationsPageTest - Clicked on 'Evaluations' menu.
2025-02-18 13:16:11 [main] DEBUG l.i.uztis.tests.EvaluationsPageTest - Navigating to evaluations menu.
2025-02-18 13:16:11 [main] INFO  l.i.uztis.tests.EvaluationsPageTest - Test 'testNavigateToEvaluationsPage' completed successfully.
2025-02-18 13:16:11 [main] DEBUG l.i.uztis.tests.EvaluationsPageTest - Clicked on last evaluation.
2025-02-18 13:16:12 [main] DEBUG l.i.uztis.tests.EvaluationsPageTest - Clicked 'Edit'.
2025-02-18 13:16:15 [main] DEBUG l.i.uztis.tests.EvaluationsPageTest - Clicked 'Confirm'.
2025-02-18 13:16:17 [main] DEBUG l.i.uztis.tests.EvaluationsPageTest - Clicked 'Confirm Confirmation'.
2025-02-18 13:16:17 [main] DEBUG l.i.uztis.tests.EvaluationsPageTest - Fetched label text: Įvertinta
2025-02-18 13:16:17 [main] INFO  l.i.uztis.tests.EvaluationsPageTest - Verified that the label text matches the expected value.
2025-02-18 13:16:17 [main] INFO  l.i.uztis.tests.EvaluationsPageTest - Test 'testConfirmEvaluationOne' completed successfully.
2025-02-18 13:16:41 [main] INFO  lt.insoft.uztis.tests.UztisPageTest - Navigated to https://uztisdev.asseco.lt/home
2025-02-18 13:16:41 [main] INFO  l.i.uztis.tests.EvaluationsPageTest - Starting test:'testFillSaveDraftEvaluationTwo'
2025-02-18 13:16:41 [main] INFO  l.i.uztis.tests.EvaluationsPageTest - Starting test:'testNavigateToEvaluationsPage'
2025-02-18 13:16:42 [main] DEBUG l.i.uztis.tests.EvaluationsPageTest - User logged in with test credentials
2025-02-18 13:16:42 [main] DEBUG l.i.uztis.tests.EvaluationsPageTest - Opened 'Application Processing' menu.
2025-02-18 13:16:42 [main] DEBUG l.i.uztis.tests.EvaluationsPageTest - Clicked on 'Evaluations' menu.
2025-02-18 13:16:42 [main] DEBUG l.i.uztis.tests.EvaluationsPageTest - Navigating to evaluations menu.
2025-02-18 13:16:42 [main] INFO  l.i.uztis.tests.EvaluationsPageTest - Test 'testNavigateToEvaluationsPage' completed successfully.
2025-02-18 13:16:43 [main] DEBUG l.i.uztis.tests.EvaluationsPageTest - Clicked on last evaluation.
2025-02-18 13:16:44 [main] DEBUG l.i.uztis.tests.EvaluationsPageTest - Clicked 'Edit'.
2025-02-18 13:16:44 [main] DEBUG l.i.uztis.tests.EvaluationsPageTest - Entered commission date.
2025-02-18 13:16:44 [main] DEBUG l.i.uztis.tests.EvaluationsPageTest - Selected 'Without Commission' radio button.
2025-02-18 13:16:45 [main] DEBUG l.i.uztis.tests.EvaluationsPageTest - Entered chairman name: 'Pirmininkas Pirmininkauskas'.
2025-02-18 13:16:45 [main] DEBUG l.i.uztis.tests.EvaluationsPageTest - Entered member name: 'Narys Narauskas'.
2025-02-18 13:16:45 [main] DEBUG l.i.uztis.tests.EvaluationsPageTest - Clicked 'Continue'.
2025-02-18 13:16:45 [main] DEBUG l.i.uztis.tests.EvaluationsPageTest - Entered score edition: '9'.
2025-02-18 13:16:46 [main] DEBUG l.i.uztis.tests.EvaluationsPageTest - Entered chairman score: '10'.
2025-02-18 13:16:46 [main] DEBUG l.i.uztis.tests.EvaluationsPageTest - Entered member score: '11'.
2025-02-18 13:16:46 [main] DEBUG l.i.uztis.tests.EvaluationsPageTest - Entered conclusion: 'Išvada - palanki'.
2025-02-18 13:16:46 [main] DEBUG l.i.uztis.tests.EvaluationsPageTest - Entered  explanation: 'Balas pakoreduotas ranka'.
2025-02-18 13:16:46 [main] DEBUG l.i.uztis.tests.EvaluationsPageTest - Clicked 'Save Draft'.
2025-02-18 13:16:46 [main] DEBUG l.insoft.uztis.pages.InvitationsPage - Verified success message: 'Duomenys sėkmingai išsaugoti.'
2025-02-18 13:16:46 [main] INFO  l.i.uztis.tests.EvaluationsPageTest - Test 'testFillSaveDraftEvaluationTwo' completed successfully.
2025-02-18 14:13:39 [main] INFO  lt.insoft.uztis.tests.UztisPageTest - Navigated to https://uztisdev.asseco.lt/home
2025-02-18 14:13:39 [main] INFO  l.i.u.tests.ApplicationFormsPageTest - Setup complete. ApplicationFormsPage initialized.
2025-02-18 14:13:39 [main] INFO  l.i.u.tests.ApplicationFormsPageTest - Starting test:'testCreateNewDvpApplication'
2025-02-18 14:13:40 [main] DEBUG l.i.u.tests.ApplicationFormsPageTest - User logged in with test credentials
2025-02-18 14:13:40 [main] DEBUG l.i.u.tests.ApplicationFormsPageTest - Opened 'Application Processing' menu.
2025-02-18 14:13:40 [main] DEBUG l.i.u.tests.ApplicationFormsPageTest - Clicked on 'Application Forms' menu.
2025-02-18 14:13:41 [main] DEBUG l.i.u.tests.ApplicationFormsPageTest - Clicked to create a new application form.
2025-02-18 14:13:41 [main] DEBUG l.i.u.tests.ApplicationFormsPageTest - Entered random application code: TST-DVP-78
2025-02-18 14:13:41 [main] DEBUG l.i.u.tests.ApplicationFormsPageTest - Selected 'Municipality' radio button.
2025-02-18 14:13:41 [main] INFO  l.i.uztis.pages.ApplicationFormsPage - Located the dropdown button.
2025-02-18 14:13:42 [main] INFO  l.i.uztis.pages.ApplicationFormsPage - Successfully selected the value: 'Kauno departamentas'
2025-02-18 14:13:52 [main] ERROR l.i.uztis.pages.ApplicationFormsPage - Failed to close the dropdown with aria-expanded = 'false'.
2025-02-18 14:13:52 [main] DEBUG l.i.u.tests.ApplicationFormsPageTest - Selected a value from the 'Municipality' dropdown: 'Kauno departamentas'
2025-02-18 14:13:52 [main] DEBUG l.i.u.tests.ApplicationFormsPageTest - Selected 'Budget By Country' radio button.
2025-02-18 14:13:52 [main] DEBUG l.i.u.tests.ApplicationFormsPageTest - Selected 'Financed Without Queue' option.
2025-02-18 14:13:52 [main] INFO  l.i.uztis.pages.ApplicationFormsPage - Located the dropdown button.
2025-02-18 14:13:53 [main] INFO  l.i.uztis.pages.ApplicationFormsPage - Successfully selected the value: 'DVP paraiškos vertinimo forma - I etapas'
2025-02-18 14:14:04 [main] ERROR l.i.uztis.pages.ApplicationFormsPage - Failed to close the dropdown with aria-expanded = 'false'.
2025-02-18 14:14:04 [main] DEBUG l.i.u.tests.ApplicationFormsPageTest - Selected a value from the 'EvaluationOne' dropdown: 'DVP paraiškos vertinimo forma - I etapas'
2025-02-18 14:14:04 [main] DEBUG l.i.u.tests.ApplicationFormsPageTest - Clicked 'Plus' button.
2025-02-18 14:14:04 [main] DEBUG l.i.u.tests.ApplicationFormsPageTest - Clicked 'Add' button seven times.
2025-02-18 14:14:04 [main] INFO  l.i.uztis.pages.ApplicationFormsPage - Processing dropdown index: 0
2025-02-18 14:14:15 [main] ERROR l.i.uztis.pages.ApplicationFormsPage - Timeout while waiting for dropdown to close at index: 0 with aria-expanded = 'false'
2025-02-18 14:14:15 [main] INFO  l.i.uztis.pages.ApplicationFormsPage - Processing dropdown index: 1
2025-02-18 14:14:25 [main] ERROR l.i.uztis.pages.ApplicationFormsPage - Timeout while waiting for dropdown to close at index: 1 with aria-expanded = 'false'
2025-02-18 14:14:25 [main] INFO  l.i.uztis.pages.ApplicationFormsPage - Processing dropdown index: 2
2025-02-18 14:14:36 [main] ERROR l.i.uztis.pages.ApplicationFormsPage - Timeout while waiting for dropdown to close at index: 2 with aria-expanded = 'false'
2025-02-18 14:14:36 [main] INFO  l.i.uztis.pages.ApplicationFormsPage - Processing dropdown index: 3
2025-02-18 14:14:47 [main] ERROR l.i.uztis.pages.ApplicationFormsPage - Timeout while waiting for dropdown to close at index: 3 with aria-expanded = 'false'
2025-02-18 14:14:47 [main] INFO  l.i.uztis.pages.ApplicationFormsPage - Processing dropdown index: 4
2025-02-18 14:14:58 [main] ERROR l.i.uztis.pages.ApplicationFormsPage - Timeout while waiting for dropdown to close at index: 4 with aria-expanded = 'false'
2025-02-18 14:14:58 [main] INFO  l.i.uztis.pages.ApplicationFormsPage - Processing dropdown index: 5
2025-02-18 14:15:09 [main] ERROR l.i.uztis.pages.ApplicationFormsPage - Timeout while waiting for dropdown to close at index: 5 with aria-expanded = 'false'
2025-02-18 14:15:09 [main] INFO  l.i.uztis.pages.ApplicationFormsPage - Processing dropdown index: 6
2025-02-18 14:15:20 [main] ERROR l.i.uztis.pages.ApplicationFormsPage - Timeout while waiting for dropdown to close at index: 6 with aria-expanded = 'false'
2025-02-18 14:15:20 [main] INFO  l.i.uztis.pages.ApplicationFormsPage - Processing dropdown index: 7
2025-02-18 14:15:31 [main] ERROR l.i.uztis.pages.ApplicationFormsPage - Timeout while waiting for dropdown to close at index: 7 with aria-expanded = 'false'
2025-02-18 14:15:31 [main] INFO  l.i.uztis.pages.ApplicationFormsPage - Processing input field index: 0
2025-02-18 14:15:31 [main] INFO  l.i.uztis.pages.ApplicationFormsPage - Entered value '50' into field index: 0
2025-02-18 14:15:31 [main] INFO  l.i.uztis.pages.ApplicationFormsPage - Processing input field index: 1
2025-02-18 14:15:31 [main] INFO  l.i.uztis.pages.ApplicationFormsPage - Entered value '924' into field index: 1
2025-02-18 14:15:31 [main] INFO  l.i.uztis.pages.ApplicationFormsPage - Processing input field index: 2
2025-02-18 14:15:31 [main] INFO  l.i.uztis.pages.ApplicationFormsPage - Entered value '31' into field index: 2
2025-02-18 14:15:31 [main] INFO  l.i.uztis.pages.ApplicationFormsPage - Processing input field index: 3
2025-02-18 14:15:32 [main] INFO  l.i.uztis.pages.ApplicationFormsPage - Entered value '4.7' into field index: 3
2025-02-18 14:15:32 [main] INFO  l.i.uztis.pages.ApplicationFormsPage - Processing input field index: 4
2025-02-18 14:15:32 [main] INFO  l.i.uztis.pages.ApplicationFormsPage - Entered value '35' into field index: 4
2025-02-18 14:15:32 [main] INFO  l.i.uztis.pages.ApplicationFormsPage - Processing input field index: 5
2025-02-18 14:15:32 [main] INFO  l.i.uztis.pages.ApplicationFormsPage - Entered value '20' into field index: 5
2025-02-18 14:15:32 [main] INFO  l.i.uztis.pages.ApplicationFormsPage - Processing input field index: 6
2025-02-18 14:15:32 [main] INFO  l.i.uztis.pages.ApplicationFormsPage - Entered value '30' into field index: 6
2025-02-18 14:15:32 [main] INFO  l.i.uztis.pages.ApplicationFormsPage - Processing input field index: 7
2025-02-18 14:15:32 [main] INFO  l.i.uztis.pages.ApplicationFormsPage - Entered value '60' into field index: 7
2025-02-18 14:15:32 [main] DEBUG l.i.u.tests.ApplicationFormsPageTest - Entered additional values and text.
2025-02-18 14:15:32 [main] DEBUG l.i.u.tests.ApplicationFormsPageTest - Entered application name: DVP paraiška
2025-02-18 14:15:32 [main] DEBUG l.i.u.tests.ApplicationFormsPageTest - Clicked the 'Save' button.
2025-02-18 14:15:33 [main] INFO  l.i.u.tests.ApplicationFormsPageTest - Verified success message: 'Duomenys sėkmingai išsaugoti.'
2025-02-18 14:15:33 [main] INFO  l.i.u.tests.ApplicationFormsPageTest - Verified that the 'Save Form' button is displayed.
2025-02-18 14:15:33 [main] INFO  l.i.u.tests.ApplicationFormsPageTest - Test 'testCreateNewDvpApplication' completed successfully.
2025-02-18 14:23:27 [main] INFO  lt.insoft.uztis.tests.UztisPageTest - Navigated to https://uztisdev.asseco.lt/home
2025-02-18 14:23:28 [main] INFO  l.i.uztis.tests.InvitationsPageTest - Starting test:'testCreateNewDvpInvitation'
2025-02-18 14:23:28 [main] DEBUG l.i.uztis.tests.InvitationsPageTest - User logged in with test credentials
2025-02-18 14:23:28 [main] DEBUG l.i.uztis.tests.InvitationsPageTest - Opened 'Application Processing' menu.
2025-02-18 14:23:28 [main] DEBUG l.i.uztis.tests.InvitationsPageTest - Clicked on 'Application Forms' menu.
2025-02-18 14:23:28 [main] DEBUG l.i.uztis.tests.InvitationsPageTest - Navigating to application forms menu.
2025-02-18 14:23:30 [main] DEBUG l.i.uztis.tests.InvitationsPageTest - Retrieved last description code text: 'TST-DVP-78'.
2025-02-18 14:23:30 [main] DEBUG l.i.uztis.tests.InvitationsPageTest - Clicked on 'Invitation' menu.
2025-02-18 14:23:30 [main] DEBUG l.i.uztis.tests.InvitationsPageTest - Clicked 'Create New Application Form'.
2025-02-18 14:23:31 [main] DEBUG l.i.uztis.tests.InvitationsPageTest - Selected section by code: 'TST-DVP-78'.
2025-02-18 14:23:31 [main] INFO  l.insoft.uztis.pages.InvitationsPage - Located the dropdown button.
2025-02-18 14:23:42 [main] ERROR l.insoft.uztis.pages.InvitationsPage - Timeout while waiting for dropdown to close with aria-expanded = 'false'.
2025-02-18 14:23:42 [main] DEBUG l.i.uztis.tests.InvitationsPageTest - Selected invitation number from the list.
2025-02-18 14:23:42 [main] DEBUG l.i.uztis.tests.InvitationsPageTest - Entered current date.
2025-02-18 14:23:42 [main] DEBUG l.i.uztis.tests.InvitationsPageTest - Entered start time: 00:00.
2025-02-18 14:23:43 [main] DEBUG l.i.uztis.tests.InvitationsPageTest - Entered end date.
2025-02-18 14:23:43 [main] DEBUG l.i.uztis.tests.InvitationsPageTest - Entered end time: 11:11.
2025-02-18 14:23:43 [main] DEBUG l.i.uztis.tests.InvitationsPageTest - Entered publication end date.
2025-02-18 14:23:43 [main] DEBUG l.i.uztis.tests.InvitationsPageTest - Added additional values.
2025-02-18 14:23:43 [main] INFO  l.insoft.uztis.pages.InvitationsPage - Located the dropdown button.
2025-02-18 14:23:44 [main] DEBUG l.i.uztis.tests.InvitationsPageTest - Selected the value: 'Didžiausia galima paramos suma aplinkos darbo vietai, Eur'
2025-02-18 14:23:44 [main] INFO  l.insoft.uztis.pages.InvitationsPage - Located the dropdown button.
2025-02-18 14:23:45 [main] DEBUG l.i.uztis.tests.InvitationsPageTest - Selected the value: 'Didžiausia galima paramos suma, Eur'
2025-02-18 14:23:45 [main] INFO  l.insoft.uztis.pages.InvitationsPage - Located the dropdown button.
2025-02-18 14:23:46 [main] DEBUG l.i.uztis.tests.InvitationsPageTest - Selected the value: 'Didžiausia galima paramos suma vienai darbo vietai, Eur'
2025-02-18 14:23:46 [main] DEBUG l.i.uztis.tests.InvitationsPageTest - Entered value: 11000
2025-02-18 14:23:46 [main] DEBUG l.i.uztis.tests.InvitationsPageTest - Entered value: 12000
2025-02-18 14:23:46 [main] DEBUG l.i.uztis.tests.InvitationsPageTest - Entered value: 13000
2025-02-18 14:23:47 [main] DEBUG l.i.uztis.tests.InvitationsPageTest - Checked 'Legal Entities' checkbox.
2025-02-18 14:23:47 [main] DEBUG l.i.uztis.tests.InvitationsPageTest - Unchecked 'Persons Registered with Employment Service' checkbox.
2025-02-18 14:23:47 [main] DEBUG l.i.uztis.tests.InvitationsPageTest - Checked 'Persons Registered as Employers' checkbox.
2025-02-18 14:23:47 [main] DEBUG l.i.uztis.tests.InvitationsPageTest - Entered budget: '2000'.
2025-02-18 14:23:47 [main] DEBUG l.i.uztis.tests.InvitationsPageTest - Entered description text: 'Aprašo tekstas'.
2025-02-18 14:23:47 [main] DEBUG l.i.uztis.tests.InvitationsPageTest - Entered applicants text: 'Pareiškėjų tekstas'.
2025-02-18 14:23:47 [main] DEBUG l.i.uztis.tests.InvitationsPageTest - Entered expenditures text: 'Išlaidų tekstas'.
2025-02-18 14:23:47 [main] DEBUG l.i.uztis.tests.InvitationsPageTest - Entered legislation text: 'Teisės aktų tekstas'.
2025-02-18 14:23:48 [main] DEBUG l.i.uztis.tests.InvitationsPageTest - Entered education text: 'Mokymų tekstas'.
2025-02-18 14:23:48 [main] DEBUG l.i.uztis.tests.InvitationsPageTest - File uploaded.
2025-02-18 14:23:48 [main] DEBUG l.i.uztis.tests.InvitationsPageTest - Clicked 'Publish'.
2025-02-18 14:23:48 [main] DEBUG l.i.uztis.tests.InvitationsPageTest - Publication confirmed.
2025-02-18 14:23:50 [main] DEBUG l.insoft.uztis.pages.InvitationsPage - Verified success message: 'Funkcija sėkmingai atlikta.'
2025-02-18 14:23:50 [main] INFO  l.i.uztis.tests.InvitationsPageTest - Test 'testCreateNewDvpInvitation' completed successfully.
2025-02-18 14:28:58 [main] INFO  lt.insoft.uztis.tests.UztisPageTest - Navigated to https://uztisdev.asseco.lt/home
2025-02-18 14:28:59 [main] INFO  l.i.u.t.SubmittedApplicationsPageTest - Starting test:'testFillNewDVPApplicationFA'
2025-02-18 14:28:59 [main] DEBUG l.i.u.t.SubmittedApplicationsPageTest - User logged in with test credentials.
2025-02-18 14:29:00 [main] DEBUG l.i.u.t.SubmittedApplicationsPageTest - Opened 'Application Processing' menu.
2025-02-18 14:29:00 [main] DEBUG l.i.u.t.SubmittedApplicationsPageTest - Clicked on 'Application Forms' menu.
2025-02-18 14:29:01 [main] DEBUG l.i.u.t.SubmittedApplicationsPageTest - Retrieved last description code text: 'TST-DVP-78'.
2025-02-18 14:29:01 [main] DEBUG l.i.u.t.SubmittedApplicationsPageTest - Clicked on 'Invitation' menu.
2025-02-18 14:29:02 [main] DEBUG l.i.u.t.SubmittedApplicationsPageTest - Selected application section by code: 'TST-DVP-78'.
2025-02-18 14:29:02 [main] DEBUG l.i.u.t.SubmittedApplicationsPageTest - Clicked 'Search' button.
2025-02-18 14:29:02 [main] DEBUG l.i.u.t.SubmittedApplicationsPageTest - Retrieved invitation code: ''.
2025-02-18 14:29:02 [main] DEBUG l.i.u.t.SubmittedApplicationsPageTest - Clicked on 'Submitted Applications' menu.
2025-02-18 14:29:03 [main] DEBUG l.i.u.t.SubmittedApplicationsPageTest - Selected invitation by code: 'TST-DVP-78'.
2025-02-18 14:29:03 [main] DEBUG l.i.u.t.SubmittedApplicationsPageTest - Invitation code inserted.
2025-02-18 14:29:03 [main] DEBUG l.i.u.t.SubmittedApplicationsPageTest - Clicked on 'Action Application' button.
2025-02-18 14:29:03 [main] DEBUG l.i.u.t.SubmittedApplicationsPageTest - Clicked on 'New Application' button.
2025-02-18 14:29:04 [main] DEBUG l.i.u.t.SubmittedApplicationsPageTest - Selected the 'RadioButtonFA' option.
2025-02-18 14:29:04 [main] DEBUG l.i.u.t.SubmittedApplicationsPageTest - Entered phone number: '61298745'.
2025-02-18 14:29:04 [main] DEBUG l.i.u.t.SubmittedApplicationsPageTest - Entered email: 'test@autotest.com'.
2025-02-18 14:29:14 [main] DEBUG l.i.u.t.SubmittedApplicationsPageTest - Checked 'For workplace adaptation' checkbox 1.
2025-02-18 14:29:24 [main] DEBUG l.i.u.t.SubmittedApplicationsPageTest - Checked 'For environmental adaptation' checkbox 2.
2025-02-18 14:29:24 [main] INFO  l.i.u.p.SubmittedApplicationsPage - Located the dropdown button.
2025-02-18 14:29:36 [main] INFO  l.i.u.p.SubmittedApplicationsPage - Found 1741 options in the dropdown.
2025-02-18 14:29:36 [main] INFO  l.i.u.p.SubmittedApplicationsPage - Successfully selected the value: '01.11 - Grūdinių (išskyrus ryžius), ankštinių ir aliejingų sėklų augalų auginimas'
2025-02-18 14:29:47 [main] ERROR l.i.u.p.SubmittedApplicationsPage - Failed to close the dropdown with aria-expanded = 'false'. Attempting manual close.
2025-02-18 14:29:47 [main] INFO  l.i.u.p.SubmittedApplicationsPage - Manual close attempt for the dropdown using body click.
2025-02-18 14:29:47 [main] DEBUG l.i.u.t.SubmittedApplicationsPageTest - Selected EVRK value: '01.11 - Grūdinių (išskyrus ryžius), ankštinių ir aliejingų sėklų augalų auginimas'.
2025-02-18 14:29:47 [main] DEBUG l.i.u.t.SubmittedApplicationsPageTest - Entered address: 'Vilniaus m. sav., Vilnius, Testo g. 10T'.
2025-02-18 14:29:47 [main] DEBUG l.i.u.t.SubmittedApplicationsPageTest - Selected 'For already working' option.
2025-02-18 14:29:47 [main] DEBUG l.i.u.t.SubmittedApplicationsPageTest - Entered person count1: '1'.
2025-02-18 14:29:47 [main] DEBUG l.i.u.t.SubmittedApplicationsPageTest - Selected 'For new working' option.
2025-02-18 14:29:47 [main] DEBUG l.i.u.t.SubmittedApplicationsPageTest - Entered person count2: '1'.
2025-02-18 14:29:48 [main] DEBUG l.i.u.t.SubmittedApplicationsPageTest - Clicked 'Next' button after checkboxes.
2025-02-18 14:29:48 [main] INFO  l.i.u.p.SubmittedApplicationsPage - Located the dropdown button.
2025-02-18 14:29:49 [main] INFO  l.i.u.p.SubmittedApplicationsPage - Successfully selected the value: 'Administratoriai'
2025-02-18 14:30:19 [main] ERROR l.i.u.p.SubmittedApplicationsPage - Timeout while waiting for dropdown to close with aria-expanded = 'false'.
2025-02-18 14:30:19 [main] DEBUG l.i.u.t.SubmittedApplicationsPageTest - Selected adaptable job name: 'Administratoriai'.
2025-02-18 14:30:19 [main] DEBUG l.i.u.t.SubmittedApplicationsPageTest - Entered job date.
2025-02-18 14:30:20 [main] DEBUG l.i.u.t.SubmittedApplicationsPageTest - Entered job function: 'Funkcija 1'.
2025-02-18 14:30:20 [main] INFO  l.i.u.p.SubmittedApplicationsPage - Clicking on the dropdown button.
2025-02-18 14:30:20 [main] INFO  l.i.u.p.SubmittedApplicationsPage - Found 6 options in the dropdown.
2025-02-18 14:30:20 [main] DEBUG l.i.u.p.SubmittedApplicationsPage - Checking option: 'Lengvo neįgalumo lygis ar 45-55 procentų dalyvumo lygis (iki 2023 m. gruodžio 31 d. – 45-55 procentų darbingumo lygis)'
2025-02-18 14:30:20 [main] DEBUG l.i.u.p.SubmittedApplicationsPage - Checking option: 'Lengvo neįgalumo lygis ar 45-55 procentų dalyvumo lygis (iki 2023 m. gruodžio 31 d. – 45-55 procentų darbingumo lygis)'
2025-02-18 14:30:20 [main] DEBUG l.i.u.p.SubmittedApplicationsPage - Checking option: 'Sunkaus neįgalumo lygis ar neviršijantis 25 procentų dalyvumo lygis (iki 2023 metų gruodžio 31 dienos – iki 25 procentų darbingumo lygis)'
2025-02-18 14:30:20 [main] INFO  l.i.u.p.SubmittedApplicationsPage - Successfully selected the value: 'Sunkaus neįgalumo lygis ar neviršijantis 25 procentų dalyvumo lygis (iki 2023 metų gruodžio 31 dienos – iki 25 procentų darbingumo lygis)'
2025-02-18 14:30:20 [main] INFO  l.i.u.p.SubmittedApplicationsPage - Attempting to close the dropdown.
2025-02-18 14:30:31 [main] INFO  l.i.u.p.SubmittedApplicationsPage - Dropdown should be closed now.
2025-02-18 14:30:31 [main] DEBUG l.i.u.t.SubmittedApplicationsPageTest - Selected disabilities type: 'Sunkaus neįgalumo lygis ar neviršijantis 25 procentų dalyvumo lygis (iki 2023 metų gruodžio 31 dienos – iki 25 procentų darbingumo lygis)'.
2025-02-18 14:30:31 [main] DEBUG l.i.u.t.SubmittedApplicationsPageTest - Entered disability information: 'Negalia 1'.
2025-02-18 14:30:31 [main] DEBUG l.i.u.t.SubmittedApplicationsPageTest - Entered qualification: 'Kvalifikacija 1'.
2025-02-18 14:30:32 [main] DEBUG l.i.u.t.SubmittedApplicationsPageTest - Entered job description: 'Darbo vietos aprašymas 1'.
2025-02-18 14:30:32 [main] DEBUG l.i.u.t.SubmittedApplicationsPageTest - Entered equipment description: 'Priemonių įsigyjimas 1'.
2025-02-18 14:30:32 [main] DEBUG l.i.u.t.SubmittedApplicationsPageTest - Entered work information: 'Darbai 1'.
2025-02-18 14:30:32 [main] INFO  l.i.u.p.SubmittedApplicationsPage - Located the dropdown button.
2025-02-18 14:30:32 [main] INFO  l.i.u.p.SubmittedApplicationsPage - Successfully selected the value: 'Kita'
2025-02-18 14:30:43 [main] ERROR l.i.u.p.SubmittedApplicationsPage - Timeout while waiting for dropdown to close with aria-expanded = 'false'.
2025-02-18 14:30:43 [main] DEBUG l.i.u.t.SubmittedApplicationsPageTest - Selected time mode: 'Kita'.
2025-02-18 14:30:43 [main] DEBUG l.i.u.t.SubmittedApplicationsPageTest - Selected time mode other: '6 val. per dieną ir 4 d. per savaitę'.
2025-02-18 14:30:43 [main] DEBUG l.i.u.t.SubmittedApplicationsPageTest - Entered salary amount: '1200'.
2025-02-18 14:30:43 [main] INFO  l.i.u.p.SubmittedApplicationsPage - Located the dropdown button.
2025-02-18 14:30:43 [main] INFO  l.i.u.p.SubmittedApplicationsPage - Successfully selected the value: 'Darbo vietos pritaikymui'
2025-02-18 14:31:14 [main] ERROR l.i.u.p.SubmittedApplicationsPage - Timeout while waiting for dropdown to close with aria-expanded = 'false'.
2025-02-18 14:31:14 [main] DEBUG l.i.u.t.SubmittedApplicationsPageTest - Selected adaptable job name: 'Darbo vietos pritaikymui'.
2025-02-18 14:31:24 [main] ERROR l.i.u.t.SubmittedApplicationsPageTest - Test 'testFillNewDVPApplicationFA' failed with error: no such element: Unable to locate element: {"method":"xpath","selector":"(//mat-form-field[.//label[contains(normalize-space(), 'Darbo priemonės techninis parametras')]]//input)[1]"}
  (Session info: chrome=132.0.6834.197)
For documentation on this error, please visit: https://www.selenium.dev/documentation/webdriver/troubleshooting/errors#no-such-element-exception
Build info: version: '4.27.0', revision: 'd6e718d134'
System info: os.name: 'Windows 11', os.arch: 'amd64', os.version: '10.0', java.version: '21.0.3'
Driver info: org.openqa.selenium.chrome.ChromeDriver
Command: [0098fda61ca10bc0cde1ea5efeb52e73, findElement {value=(//mat-form-field[.//label[contains(normalize-space(), 'Darbo priemonės techninis parametras')]]//input)[1], using=xpath}]
Capabilities {acceptInsecureCerts: false, browserName: chrome, browserVersion: 132.0.6834.197, chrome: {chromedriverVersion: 132.0.6834.159 (2d77d3fc445..., userDataDir: C:\Users\INGRID~1.ZAD\AppDa...}, fedcm:accounts: true, goog:chromeOptions: {debuggerAddress: localhost:61869}, networkConnectionEnabled: false, pageLoadStrategy: normal, platformName: windows, proxy: Proxy(), se:cdp: ws://localhost:61869/devtoo..., se:cdpVersion: 132.0.6834.197, setWindowRect: true, strictFileInteractability: false, timeouts: {implicit: 0, pageLoad: 300000, script: 30000}, unhandledPromptBehavior: dismiss and notify, webauthn:extension:credBlob: true, webauthn:extension:largeBlob: true, webauthn:extension:minPinLength: true, webauthn:extension:prf: true, webauthn:virtualAuthenticators: true}
Session ID: 0098fda61ca10bc0cde1ea5efeb52e73
org.openqa.selenium.NoSuchElementException: no such element: Unable to locate element: {"method":"xpath","selector":"(//mat-form-field[.//label[contains(normalize-space(), 'Darbo priemonės techninis parametras')]]//input)[1]"}
  (Session info: chrome=132.0.6834.197)
For documentation on this error, please visit: https://www.selenium.dev/documentation/webdriver/troubleshooting/errors#no-such-element-exception
Build info: version: '4.27.0', revision: 'd6e718d134'
System info: os.name: 'Windows 11', os.arch: 'amd64', os.version: '10.0', java.version: '21.0.3'
Driver info: org.openqa.selenium.chrome.ChromeDriver
Command: [0098fda61ca10bc0cde1ea5efeb52e73, findElement {value=(//mat-form-field[.//label[contains(normalize-space(), 'Darbo priemonės techninis parametras')]]//input)[1], using=xpath}]
Capabilities {acceptInsecureCerts: false, browserName: chrome, browserVersion: 132.0.6834.197, chrome: {chromedriverVersion: 132.0.6834.159 (2d77d3fc445..., userDataDir: C:\Users\INGRID~1.ZAD\AppDa...}, fedcm:accounts: true, goog:chromeOptions: {debuggerAddress: localhost:61869}, networkConnectionEnabled: false, pageLoadStrategy: normal, platformName: windows, proxy: Proxy(), se:cdp: ws://localhost:61869/devtoo..., se:cdpVersion: 132.0.6834.197, setWindowRect: true, strictFileInteractability: false, timeouts: {implicit: 0, pageLoad: 300000, script: 30000}, unhandledPromptBehavior: dismiss and notify, webauthn:extension:credBlob: true, webauthn:extension:largeBlob: true, webauthn:extension:minPinLength: true, webauthn:extension:prf: true, webauthn:virtualAuthenticators: true}
Session ID: 0098fda61ca10bc0cde1ea5efeb52e73
	at java.base/jdk.internal.reflect.DirectConstructorHandleAccessor.newInstance(DirectConstructorHandleAccessor.java:62)
	at java.base/java.lang.reflect.Constructor.newInstanceWithCaller(Constructor.java:502)
	at java.base/java.lang.reflect.Constructor.newInstance(Constructor.java:486)
	at org.openqa.selenium.remote.ErrorCodec.decode(ErrorCodec.java:167)
	at org.openqa.selenium.remote.codec.w3c.W3CHttpResponseCodec.decode(W3CHttpResponseCodec.java:138)
	at org.openqa.selenium.remote.codec.w3c.W3CHttpResponseCodec.decode(W3CHttpResponseCodec.java:50)
	at org.openqa.selenium.remote.HttpCommandExecutor.execute(HttpCommandExecutor.java:190)
	at org.openqa.selenium.remote.service.DriverCommandExecutor.invokeExecute(DriverCommandExecutor.java:216)
	at org.openqa.selenium.remote.service.DriverCommandExecutor.execute(DriverCommandExecutor.java:174)
	at org.openqa.selenium.remote.RemoteWebDriver.execute(RemoteWebDriver.java:545)
	at org.openqa.selenium.remote.ElementLocation$ElementFinder$2.findElement(ElementLocation.java:165)
	at org.openqa.selenium.remote.ElementLocation.findElement(ElementLocation.java:59)
	at org.openqa.selenium.remote.RemoteWebDriver.findElement(RemoteWebDriver.java:368)
	at org.openqa.selenium.remote.RemoteWebDriver.findElement(RemoteWebDriver.java:362)
	at org.openqa.selenium.support.pagefactory.DefaultElementLocator.findElement(DefaultElementLocator.java:68)
	at org.openqa.selenium.support.pagefactory.internal.LocatingElementHandler.invoke(LocatingElementHandler.java:38)
	at jdk.proxy2/jdk.proxy2.$Proxy14.clear(Unknown Source)
	at lt.insoft.uztis.pages.SubmittedApplicationsPage.enterToolParameterOne(SubmittedApplicationsPage.java:1168)
	at lt.insoft.uztis.tests.SubmittedApplicationsPageTest.testFillNewDVPApplicationFA(SubmittedApplicationsPageTest.java:646)
	at java.base/jdk.internal.reflect.DirectMethodHandleAccessor.invoke(DirectMethodHandleAccessor.java:103)
	at java.base/java.lang.reflect.Method.invoke(Method.java:580)
	at org.junit.platform.commons.util.ReflectionUtils.invokeMethod(ReflectionUtils.java:728)
	at org.junit.jupiter.engine.execution.MethodInvocation.proceed(MethodInvocation.java:60)
	at org.junit.jupiter.engine.execution.InvocationInterceptorChain$ValidatingInvocation.proceed(InvocationInterceptorChain.java:131)
	at org.junit.jupiter.engine.extension.TimeoutExtension.intercept(TimeoutExtension.java:156)
	at org.junit.jupiter.engine.extension.TimeoutExtension.interceptTestableMethod(TimeoutExtension.java:147)
	at org.junit.jupiter.engine.extension.TimeoutExtension.interceptTestMethod(TimeoutExtension.java:86)
	at org.junit.jupiter.engine.execution.InterceptingExecutableInvoker$ReflectiveInterceptorCall.lambda$ofVoidMethod$0(InterceptingExecutableInvoker.java:103)
	at org.junit.jupiter.engine.execution.InterceptingExecutableInvoker.lambda$invoke$0(InterceptingExecutableInvoker.java:93)
	at org.junit.jupiter.engine.execution.InvocationInterceptorChain$InterceptedInvocation.proceed(InvocationInterceptorChain.java:106)
	at org.junit.jupiter.engine.execution.InvocationInterceptorChain.proceed(InvocationInterceptorChain.java:64)
	at org.junit.jupiter.engine.execution.InvocationInterceptorChain.chainAndInvoke(InvocationInterceptorChain.java:45)
	at org.junit.jupiter.engine.execution.InvocationInterceptorChain.invoke(InvocationInterceptorChain.java:37)
	at org.junit.jupiter.engine.execution.InterceptingExecutableInvoker.invoke(InterceptingExecutableInvoker.java:92)
	at org.junit.jupiter.engine.execution.InterceptingExecutableInvoker.invoke(InterceptingExecutableInvoker.java:86)
	at org.junit.jupiter.engine.descriptor.TestMethodTestDescriptor.lambda$invokeTestMethod$7(TestMethodTestDescriptor.java:218)
	at org.junit.platform.engine.support.hierarchical.ThrowableCollector.execute(ThrowableCollector.java:73)
	at org.junit.jupiter.engine.descriptor.TestMethodTestDescriptor.invokeTestMethod(TestMethodTestDescriptor.java:214)
	at org.junit.jupiter.engine.descriptor.TestMethodTestDescriptor.execute(TestMethodTestDescriptor.java:139)
	at org.junit.jupiter.engine.descriptor.TestMethodTestDescriptor.execute(TestMethodTestDescriptor.java:69)
	at org.junit.platform.engine.support.hierarchical.NodeTestTask.lambda$executeRecursively$6(NodeTestTask.java:151)
	at org.junit.platform.engine.support.hierarchical.ThrowableCollector.execute(ThrowableCollector.java:73)
	at org.junit.platform.engine.support.hierarchical.NodeTestTask.lambda$executeRecursively$8(NodeTestTask.java:141)
	at org.junit.platform.engine.support.hierarchical.Node.around(Node.java:137)
	at org.junit.platform.engine.support.hierarchical.NodeTestTask.lambda$executeRecursively$9(NodeTestTask.java:139)
	at org.junit.platform.engine.support.hierarchical.ThrowableCollector.execute(ThrowableCollector.java:73)
	at org.junit.platform.engine.support.hierarchical.NodeTestTask.executeRecursively(NodeTestTask.java:138)
	at org.junit.platform.engine.support.hierarchical.NodeTestTask.execute(NodeTestTask.java:95)
	at java.base/java.util.ArrayList.forEach(ArrayList.java:1596)
	at org.junit.platform.engine.support.hierarchical.SameThreadHierarchicalTestExecutorService.invokeAll(SameThreadHierarchicalTestExecutorService.java:41)
	at org.junit.platform.engine.support.hierarchical.NodeTestTask.lambda$executeRecursively$6(NodeTestTask.java:155)
	at org.junit.platform.engine.support.hierarchical.ThrowableCollector.execute(ThrowableCollector.java:73)
	at org.junit.platform.engine.support.hierarchical.NodeTestTask.lambda$executeRecursively$8(NodeTestTask.java:141)
	at org.junit.platform.engine.support.hierarchical.Node.around(Node.java:137)
	at org.junit.platform.engine.support.hierarchical.NodeTestTask.lambda$executeRecursively$9(NodeTestTask.java:139)
	at org.junit.platform.engine.support.hierarchical.ThrowableCollector.execute(ThrowableCollector.java:73)
	at org.junit.platform.engine.support.hierarchical.NodeTestTask.executeRecursively(NodeTestTask.java:138)
	at org.junit.platform.engine.support.hierarchical.NodeTestTask.execute(NodeTestTask.java:95)
	at java.base/java.util.ArrayList.forEach(ArrayList.java:1596)
	at org.junit.platform.engine.support.hierarchical.SameThreadHierarchicalTestExecutorService.invokeAll(SameThreadHierarchicalTestExecutorService.java:41)
	at org.junit.platform.engine.support.hierarchical.NodeTestTask.lambda$executeRecursively$6(NodeTestTask.java:155)
	at org.junit.platform.engine.support.hierarchical.ThrowableCollector.execute(ThrowableCollector.java:73)
	at org.junit.platform.engine.support.hierarchical.NodeTestTask.lambda$executeRecursively$8(NodeTestTask.java:141)
	at org.junit.platform.engine.support.hierarchical.Node.around(Node.java:137)
	at org.junit.platform.engine.support.hierarchical.NodeTestTask.lambda$executeRecursively$9(NodeTestTask.java:139)
	at org.junit.platform.engine.support.hierarchical.ThrowableCollector.execute(ThrowableCollector.java:73)
	at org.junit.platform.engine.support.hierarchical.NodeTestTask.executeRecursively(NodeTestTask.java:138)
	at org.junit.platform.engine.support.hierarchical.NodeTestTask.execute(NodeTestTask.java:95)
	at org.junit.platform.engine.support.hierarchical.SameThreadHierarchicalTestExecutorService.submit(SameThreadHierarchicalTestExecutorService.java:35)
	at org.junit.platform.engine.support.hierarchical.HierarchicalTestExecutor.execute(HierarchicalTestExecutor.java:57)
	at org.junit.platform.engine.support.hierarchical.HierarchicalTestEngine.execute(HierarchicalTestEngine.java:54)
	at org.junit.platform.launcher.core.EngineExecutionOrchestrator.execute(EngineExecutionOrchestrator.java:198)
	at org.junit.platform.launcher.core.EngineExecutionOrchestrator.execute(EngineExecutionOrchestrator.java:169)
	at org.junit.platform.launcher.core.EngineExecutionOrchestrator.execute(EngineExecutionOrchestrator.java:93)
	at org.junit.platform.launcher.core.EngineExecutionOrchestrator.lambda$execute$0(EngineExecutionOrchestrator.java:58)
	at org.junit.platform.launcher.core.EngineExecutionOrchestrator.withInterceptedStreams(EngineExecutionOrchestrator.java:141)
	at org.junit.platform.launcher.core.EngineExecutionOrchestrator.execute(EngineExecutionOrchestrator.java:57)
	at org.junit.platform.launcher.core.DefaultLauncher.execute(DefaultLauncher.java:103)
	at org.junit.platform.launcher.core.DefaultLauncher.execute(DefaultLauncher.java:85)
	at org.junit.platform.launcher.core.DelegatingLauncher.execute(DelegatingLauncher.java:47)
	at org.junit.platform.launcher.core.SessionPerRequestLauncher.execute(SessionPerRequestLauncher.java:63)
	at com.intellij.junit5.JUnit5IdeaTestRunner.startRunnerWithArgs(JUnit5IdeaTestRunner.java:57)
	at com.intellij.rt.junit.IdeaTestRunner$Repeater$1.execute(IdeaTestRunner.java:38)
	at com.intellij.rt.execution.junit.TestsRepeater.repeat(TestsRepeater.java:11)
	at com.intellij.rt.junit.IdeaTestRunner$Repeater.startRunnerWithArgs(IdeaTestRunner.java:35)
	at com.intellij.rt.junit.JUnitStarter.prepareStreamsAndStart(JUnitStarter.java:232)
	at com.intellij.rt.junit.JUnitStarter.main(JUnitStarter.java:55)
2025-02-18 14:31:24 [main] INFO  l.insoft.uztis.tests.utils.TestUtils - Screenshot moved to C:\Users\ingrida.zadorozniene\Desktop\Asm\UZTIS\UZTIS_tests\test-output\screenshots\20250218\143124444_testFillNewDVPApplicationFA().png
2025-02-18 14:51:19 [main] INFO  lt.insoft.uztis.tests.UztisPageTest - Navigated to https://uztisdev.asseco.lt/home
2025-02-18 14:51:19 [main] INFO  l.i.u.t.SubmittedApplicationsPageTest - Starting test:'testFillNewDVPApplicationFA'
2025-02-18 14:51:19 [main] DEBUG l.i.u.t.SubmittedApplicationsPageTest - User logged in with test credentials.
2025-02-18 14:51:20 [main] DEBUG l.i.u.t.SubmittedApplicationsPageTest - Opened 'Application Processing' menu.
2025-02-18 14:51:20 [main] DEBUG l.i.u.t.SubmittedApplicationsPageTest - Clicked on 'Application Forms' menu.
2025-02-18 14:51:20 [main] DEBUG l.i.u.t.SubmittedApplicationsPageTest - Retrieved last description code text: 'TST-DVP-78'.
2025-02-18 14:51:20 [main] DEBUG l.i.u.t.SubmittedApplicationsPageTest - Clicked on 'Invitation' menu.
2025-02-18 14:51:21 [main] DEBUG l.i.u.t.SubmittedApplicationsPageTest - Selected application section by code: 'TST-DVP-78'.
2025-02-18 14:51:21 [main] DEBUG l.i.u.t.SubmittedApplicationsPageTest - Clicked 'Search' button.
2025-02-18 14:51:21 [main] DEBUG l.i.u.t.SubmittedApplicationsPageTest - Retrieved invitation code: ''.
2025-02-18 14:51:22 [main] DEBUG l.i.u.t.SubmittedApplicationsPageTest - Clicked on 'Submitted Applications' menu.
2025-02-18 14:51:23 [main] DEBUG l.i.u.t.SubmittedApplicationsPageTest - Selected invitation by code: 'TST-DVP-78'.
2025-02-18 14:51:23 [main] DEBUG l.i.u.t.SubmittedApplicationsPageTest - Invitation code inserted.
2025-02-18 14:51:23 [main] DEBUG l.i.u.t.SubmittedApplicationsPageTest - Clicked on 'Action Application' button.
2025-02-18 14:51:23 [main] DEBUG l.i.u.t.SubmittedApplicationsPageTest - Clicked on 'New Application' button.
2025-02-18 14:51:23 [main] DEBUG l.i.u.t.SubmittedApplicationsPageTest - Selected the 'RadioButtonFA' option.
2025-02-18 14:51:24 [main] DEBUG l.i.u.t.SubmittedApplicationsPageTest - Entered phone number: '61298745'.
2025-02-18 14:51:24 [main] DEBUG l.i.u.t.SubmittedApplicationsPageTest - Entered email: 'test@autotest.com'.
2025-02-18 14:51:34 [main] DEBUG l.i.u.t.SubmittedApplicationsPageTest - Checked 'For workplace adaptation' checkbox 1.
2025-02-18 14:51:44 [main] DEBUG l.i.u.t.SubmittedApplicationsPageTest - Checked 'For environmental adaptation' checkbox 2.
2025-02-18 14:51:44 [main] INFO  l.i.u.p.SubmittedApplicationsPage - Located the dropdown button.
2025-02-18 14:51:59 [main] INFO  l.i.u.p.SubmittedApplicationsPage - Found 1741 options in the dropdown.
2025-02-18 14:51:59 [main] INFO  l.i.u.p.SubmittedApplicationsPage - Successfully selected the value: '01.11 - Grūdinių (išskyrus ryžius), ankštinių ir aliejingų sėklų augalų auginimas'
2025-02-18 14:52:10 [main] ERROR l.i.u.p.SubmittedApplicationsPage - Failed to close the dropdown with aria-expanded = 'false'. Attempting manual close.
2025-02-18 14:52:10 [main] INFO  l.i.u.p.SubmittedApplicationsPage - Manual close attempt for the dropdown using body click.
2025-02-18 14:52:10 [main] DEBUG l.i.u.t.SubmittedApplicationsPageTest - Selected EVRK value: '01.11 - Grūdinių (išskyrus ryžius), ankštinių ir aliejingų sėklų augalų auginimas'.
2025-02-18 14:52:10 [main] DEBUG l.i.u.t.SubmittedApplicationsPageTest - Entered address: 'Vilniaus m. sav., Vilnius, Testo g. 10T'.
2025-02-18 14:52:10 [main] DEBUG l.i.u.t.SubmittedApplicationsPageTest - Selected 'For already working' option.
2025-02-18 14:52:10 [main] ERROR l.i.u.t.SubmittedApplicationsPageTest - Test 'testFillNewDVPApplicationFA' failed with error: invalid element state: Element is not currently interactable and may not be manipulated
  (Session info: chrome=132.0.6834.197)
Build info: version: '4.27.0', revision: 'd6e718d134'
System info: os.name: 'Windows 11', os.arch: 'amd64', os.version: '10.0', java.version: '21.0.3'
Driver info: org.openqa.selenium.chrome.ChromeDriver
Command: [874bab69029a3ae15f8298764ab0eb53, clearElement {id=f.5E9F82880E3BDEEFDFB25D7D53E784AF.d.8EA8517BC4AEA367B89815BAECD2957E.e.200}]
Capabilities {acceptInsecureCerts: false, browserName: chrome, browserVersion: 132.0.6834.197, chrome: {chromedriverVersion: 132.0.6834.159 (2d77d3fc445..., userDataDir: C:\Users\INGRID~1.ZAD\AppDa...}, fedcm:accounts: true, goog:chromeOptions: {debuggerAddress: localhost:62585}, networkConnectionEnabled: false, pageLoadStrategy: normal, platformName: windows, proxy: Proxy(), se:cdp: ws://localhost:62585/devtoo..., se:cdpVersion: 132.0.6834.197, setWindowRect: true, strictFileInteractability: false, timeouts: {implicit: 0, pageLoad: 300000, script: 30000}, unhandledPromptBehavior: dismiss and notify, webauthn:extension:credBlob: true, webauthn:extension:largeBlob: true, webauthn:extension:minPinLength: true, webauthn:extension:prf: true, webauthn:virtualAuthenticators: true}
Element: [[ChromeDriver: chrome on windows (874bab69029a3ae15f8298764ab0eb53)] -> xpath: (//mat-form-field[contains(.//label, 'Asmenų skaičius')]//input)[1]]
Session ID: 874bab69029a3ae15f8298764ab0eb53
org.openqa.selenium.InvalidElementStateException: invalid element state: Element is not currently interactable and may not be manipulated
  (Session info: chrome=132.0.6834.197)
Build info: version: '4.27.0', revision: 'd6e718d134'
System info: os.name: 'Windows 11', os.arch: 'amd64', os.version: '10.0', java.version: '21.0.3'
Driver info: org.openqa.selenium.chrome.ChromeDriver
Command: [874bab69029a3ae15f8298764ab0eb53, clearElement {id=f.5E9F82880E3BDEEFDFB25D7D53E784AF.d.8EA8517BC4AEA367B89815BAECD2957E.e.200}]
Capabilities {acceptInsecureCerts: false, browserName: chrome, browserVersion: 132.0.6834.197, chrome: {chromedriverVersion: 132.0.6834.159 (2d77d3fc445..., userDataDir: C:\Users\INGRID~1.ZAD\AppDa...}, fedcm:accounts: true, goog:chromeOptions: {debuggerAddress: localhost:62585}, networkConnectionEnabled: false, pageLoadStrategy: normal, platformName: windows, proxy: Proxy(), se:cdp: ws://localhost:62585/devtoo..., se:cdpVersion: 132.0.6834.197, setWindowRect: true, strictFileInteractability: false, timeouts: {implicit: 0, pageLoad: 300000, script: 30000}, unhandledPromptBehavior: dismiss and notify, webauthn:extension:credBlob: true, webauthn:extension:largeBlob: true, webauthn:extension:minPinLength: true, webauthn:extension:prf: true, webauthn:virtualAuthenticators: true}
Element: [[ChromeDriver: chrome on windows (874bab69029a3ae15f8298764ab0eb53)] -> xpath: (//mat-form-field[contains(.//label, 'Asmenų skaičius')]//input)[1]]
Session ID: 874bab69029a3ae15f8298764ab0eb53
	at java.base/jdk.internal.reflect.DirectConstructorHandleAccessor.newInstance(DirectConstructorHandleAccessor.java:62)
	at java.base/java.lang.reflect.Constructor.newInstanceWithCaller(Constructor.java:502)
	at java.base/java.lang.reflect.Constructor.newInstance(Constructor.java:486)
	at org.openqa.selenium.remote.ErrorCodec.decode(ErrorCodec.java:167)
	at org.openqa.selenium.remote.codec.w3c.W3CHttpResponseCodec.decode(W3CHttpResponseCodec.java:138)
	at org.openqa.selenium.remote.codec.w3c.W3CHttpResponseCodec.decode(W3CHttpResponseCodec.java:50)
	at org.openqa.selenium.remote.HttpCommandExecutor.execute(HttpCommandExecutor.java:190)
	at org.openqa.selenium.remote.service.DriverCommandExecutor.invokeExecute(DriverCommandExecutor.java:216)
	at org.openqa.selenium.remote.service.DriverCommandExecutor.execute(DriverCommandExecutor.java:174)
	at org.openqa.selenium.remote.RemoteWebDriver.execute(RemoteWebDriver.java:545)
	at org.openqa.selenium.remote.RemoteWebElement.execute(RemoteWebElement.java:223)
	at org.openqa.selenium.remote.RemoteWebElement.clear(RemoteWebElement.java:129)
	at java.base/jdk.internal.reflect.DirectMethodHandleAccessor.invoke(DirectMethodHandleAccessor.java:103)
	at java.base/java.lang.reflect.Method.invoke(Method.java:580)
	at org.openqa.selenium.support.pagefactory.internal.LocatingElementHandler.invoke(LocatingElementHandler.java:51)
	at jdk.proxy2/jdk.proxy2.$Proxy14.clear(Unknown Source)
	at lt.insoft.uztis.pages.SubmittedApplicationsPage.enterPersonCountOneDVP(SubmittedApplicationsPage.java:1451)
	at lt.insoft.uztis.tests.SubmittedApplicationsPageTest.testFillNewDVPApplicationFA(SubmittedApplicationsPageTest.java:557)
	at java.base/jdk.internal.reflect.DirectMethodHandleAccessor.invoke(DirectMethodHandleAccessor.java:103)
	at java.base/java.lang.reflect.Method.invoke(Method.java:580)
	at org.junit.platform.commons.util.ReflectionUtils.invokeMethod(ReflectionUtils.java:728)
	at org.junit.jupiter.engine.execution.MethodInvocation.proceed(MethodInvocation.java:60)
	at org.junit.jupiter.engine.execution.InvocationInterceptorChain$ValidatingInvocation.proceed(InvocationInterceptorChain.java:131)
	at org.junit.jupiter.engine.extension.TimeoutExtension.intercept(TimeoutExtension.java:156)
	at org.junit.jupiter.engine.extension.TimeoutExtension.interceptTestableMethod(TimeoutExtension.java:147)
	at org.junit.jupiter.engine.extension.TimeoutExtension.interceptTestMethod(TimeoutExtension.java:86)
	at org.junit.jupiter.engine.execution.InterceptingExecutableInvoker$ReflectiveInterceptorCall.lambda$ofVoidMethod$0(InterceptingExecutableInvoker.java:103)
	at org.junit.jupiter.engine.execution.InterceptingExecutableInvoker.lambda$invoke$0(InterceptingExecutableInvoker.java:93)
	at org.junit.jupiter.engine.execution.InvocationInterceptorChain$InterceptedInvocation.proceed(InvocationInterceptorChain.java:106)
	at org.junit.jupiter.engine.execution.InvocationInterceptorChain.proceed(InvocationInterceptorChain.java:64)
	at org.junit.jupiter.engine.execution.InvocationInterceptorChain.chainAndInvoke(InvocationInterceptorChain.java:45)
	at org.junit.jupiter.engine.execution.InvocationInterceptorChain.invoke(InvocationInterceptorChain.java:37)
	at org.junit.jupiter.engine.execution.InterceptingExecutableInvoker.invoke(InterceptingExecutableInvoker.java:92)
	at org.junit.jupiter.engine.execution.InterceptingExecutableInvoker.invoke(InterceptingExecutableInvoker.java:86)
	at org.junit.jupiter.engine.descriptor.TestMethodTestDescriptor.lambda$invokeTestMethod$7(TestMethodTestDescriptor.java:218)
	at org.junit.platform.engine.support.hierarchical.ThrowableCollector.execute(ThrowableCollector.java:73)
	at org.junit.jupiter.engine.descriptor.TestMethodTestDescriptor.invokeTestMethod(TestMethodTestDescriptor.java:214)
	at org.junit.jupiter.engine.descriptor.TestMethodTestDescriptor.execute(TestMethodTestDescriptor.java:139)
	at org.junit.jupiter.engine.descriptor.TestMethodTestDescriptor.execute(TestMethodTestDescriptor.java:69)
	at org.junit.platform.engine.support.hierarchical.NodeTestTask.lambda$executeRecursively$6(NodeTestTask.java:151)
	at org.junit.platform.engine.support.hierarchical.ThrowableCollector.execute(ThrowableCollector.java:73)
	at org.junit.platform.engine.support.hierarchical.NodeTestTask.lambda$executeRecursively$8(NodeTestTask.java:141)
	at org.junit.platform.engine.support.hierarchical.Node.around(Node.java:137)
	at org.junit.platform.engine.support.hierarchical.NodeTestTask.lambda$executeRecursively$9(NodeTestTask.java:139)
	at org.junit.platform.engine.support.hierarchical.ThrowableCollector.execute(ThrowableCollector.java:73)
	at org.junit.platform.engine.support.hierarchical.NodeTestTask.executeRecursively(NodeTestTask.java:138)
	at org.junit.platform.engine.support.hierarchical.NodeTestTask.execute(NodeTestTask.java:95)
	at java.base/java.util.ArrayList.forEach(ArrayList.java:1596)
	at org.junit.platform.engine.support.hierarchical.SameThreadHierarchicalTestExecutorService.invokeAll(SameThreadHierarchicalTestExecutorService.java:41)
	at org.junit.platform.engine.support.hierarchical.NodeTestTask.lambda$executeRecursively$6(NodeTestTask.java:155)
	at org.junit.platform.engine.support.hierarchical.ThrowableCollector.execute(ThrowableCollector.java:73)
	at org.junit.platform.engine.support.hierarchical.NodeTestTask.lambda$executeRecursively$8(NodeTestTask.java:141)
	at org.junit.platform.engine.support.hierarchical.Node.around(Node.java:137)
	at org.junit.platform.engine.support.hierarchical.NodeTestTask.lambda$executeRecursively$9(NodeTestTask.java:139)
	at org.junit.platform.engine.support.hierarchical.ThrowableCollector.execute(ThrowableCollector.java:73)
	at org.junit.platform.engine.support.hierarchical.NodeTestTask.executeRecursively(NodeTestTask.java:138)
	at org.junit.platform.engine.support.hierarchical.NodeTestTask.execute(NodeTestTask.java:95)
	at java.base/java.util.ArrayList.forEach(ArrayList.java:1596)
	at org.junit.platform.engine.support.hierarchical.SameThreadHierarchicalTestExecutorService.invokeAll(SameThreadHierarchicalTestExecutorService.java:41)
	at org.junit.platform.engine.support.hierarchical.NodeTestTask.lambda$executeRecursively$6(NodeTestTask.java:155)
	at org.junit.platform.engine.support.hierarchical.ThrowableCollector.execute(ThrowableCollector.java:73)
	at org.junit.platform.engine.support.hierarchical.NodeTestTask.lambda$executeRecursively$8(NodeTestTask.java:141)
	at org.junit.platform.engine.support.hierarchical.Node.around(Node.java:137)
	at org.junit.platform.engine.support.hierarchical.NodeTestTask.lambda$executeRecursively$9(NodeTestTask.java:139)
	at org.junit.platform.engine.support.hierarchical.ThrowableCollector.execute(ThrowableCollector.java:73)
	at org.junit.platform.engine.support.hierarchical.NodeTestTask.executeRecursively(NodeTestTask.java:138)
	at org.junit.platform.engine.support.hierarchical.NodeTestTask.execute(NodeTestTask.java:95)
	at org.junit.platform.engine.support.hierarchical.SameThreadHierarchicalTestExecutorService.submit(SameThreadHierarchicalTestExecutorService.java:35)
	at org.junit.platform.engine.support.hierarchical.HierarchicalTestExecutor.execute(HierarchicalTestExecutor.java:57)
	at org.junit.platform.engine.support.hierarchical.HierarchicalTestEngine.execute(HierarchicalTestEngine.java:54)
	at org.junit.platform.launcher.core.EngineExecutionOrchestrator.execute(EngineExecutionOrchestrator.java:198)
	at org.junit.platform.launcher.core.EngineExecutionOrchestrator.execute(EngineExecutionOrchestrator.java:169)
	at org.junit.platform.launcher.core.EngineExecutionOrchestrator.execute(EngineExecutionOrchestrator.java:93)
	at org.junit.platform.launcher.core.EngineExecutionOrchestrator.lambda$execute$0(EngineExecutionOrchestrator.java:58)
	at org.junit.platform.launcher.core.EngineExecutionOrchestrator.withInterceptedStreams(EngineExecutionOrchestrator.java:141)
	at org.junit.platform.launcher.core.EngineExecutionOrchestrator.execute(EngineExecutionOrchestrator.java:57)
	at org.junit.platform.launcher.core.DefaultLauncher.execute(DefaultLauncher.java:103)
	at org.junit.platform.launcher.core.DefaultLauncher.execute(DefaultLauncher.java:85)
	at org.junit.platform.launcher.core.DelegatingLauncher.execute(DelegatingLauncher.java:47)
	at org.junit.platform.launcher.core.SessionPerRequestLauncher.execute(SessionPerRequestLauncher.java:63)
	at com.intellij.junit5.JUnit5IdeaTestRunner.startRunnerWithArgs(JUnit5IdeaTestRunner.java:57)
	at com.intellij.rt.junit.IdeaTestRunner$Repeater$1.execute(IdeaTestRunner.java:38)
	at com.intellij.rt.execution.junit.TestsRepeater.repeat(TestsRepeater.java:11)
	at com.intellij.rt.junit.IdeaTestRunner$Repeater.startRunnerWithArgs(IdeaTestRunner.java:35)
	at com.intellij.rt.junit.JUnitStarter.prepareStreamsAndStart(JUnitStarter.java:232)
	at com.intellij.rt.junit.JUnitStarter.main(JUnitStarter.java:55)
2025-02-18 14:52:11 [main] INFO  l.insoft.uztis.tests.utils.TestUtils - Screenshot moved to C:\Users\ingrida.zadorozniene\Desktop\Asm\UZTIS\UZTIS_tests\test-output\screenshots\20250218\145211019_testFillNewDVPApplicationFA().png
2025-02-18 14:53:33 [main] INFO  lt.insoft.uztis.tests.UztisPageTest - Navigated to https://uztisdev.asseco.lt/home
2025-02-18 14:53:33 [main] INFO  l.i.u.t.SubmittedApplicationsPageTest - Starting test:'testFillNewDVPApplicationFA'
2025-02-18 14:53:33 [main] DEBUG l.i.u.t.SubmittedApplicationsPageTest - User logged in with test credentials.
2025-02-18 14:53:34 [main] DEBUG l.i.u.t.SubmittedApplicationsPageTest - Opened 'Application Processing' menu.
2025-02-18 14:53:34 [main] DEBUG l.i.u.t.SubmittedApplicationsPageTest - Clicked on 'Application Forms' menu.
2025-02-18 14:53:34 [main] DEBUG l.i.u.t.SubmittedApplicationsPageTest - Retrieved last description code text: 'TST-DVP-78'.
2025-02-18 14:53:34 [main] DEBUG l.i.u.t.SubmittedApplicationsPageTest - Clicked on 'Invitation' menu.
2025-02-18 14:53:35 [main] DEBUG l.i.u.t.SubmittedApplicationsPageTest - Selected application section by code: 'TST-DVP-78'.
2025-02-18 14:53:35 [main] DEBUG l.i.u.t.SubmittedApplicationsPageTest - Clicked 'Search' button.
2025-02-18 14:53:35 [main] DEBUG l.i.u.t.SubmittedApplicationsPageTest - Retrieved invitation code: ''.
2025-02-18 14:53:35 [main] DEBUG l.i.u.t.SubmittedApplicationsPageTest - Clicked on 'Submitted Applications' menu.
2025-02-18 14:53:36 [main] DEBUG l.i.u.t.SubmittedApplicationsPageTest - Selected invitation by code: 'TST-DVP-78'.
2025-02-18 14:53:36 [main] DEBUG l.i.u.t.SubmittedApplicationsPageTest - Invitation code inserted.
2025-02-18 14:53:37 [main] DEBUG l.i.u.t.SubmittedApplicationsPageTest - Clicked on 'Action Application' button.
2025-02-18 14:53:37 [main] DEBUG l.i.u.t.SubmittedApplicationsPageTest - Clicked on 'New Application' button.
2025-02-18 14:53:37 [main] DEBUG l.i.u.t.SubmittedApplicationsPageTest - Selected the 'RadioButtonFA' option.
2025-02-18 14:53:38 [main] DEBUG l.i.u.t.SubmittedApplicationsPageTest - Entered phone number: '61298745'.
2025-02-18 14:53:38 [main] DEBUG l.i.u.t.SubmittedApplicationsPageTest - Entered email: 'test@autotest.com'.
2025-02-18 14:53:48 [main] DEBUG l.i.u.t.SubmittedApplicationsPageTest - Checked 'For workplace adaptation' checkbox 1.
2025-02-18 14:53:58 [main] DEBUG l.i.u.t.SubmittedApplicationsPageTest - Checked 'For environmental adaptation' checkbox 2.
2025-02-18 14:53:58 [main] INFO  l.i.u.p.SubmittedApplicationsPage - Located the dropdown button.
2025-02-18 14:54:12 [main] INFO  l.i.u.p.SubmittedApplicationsPage - Found 1741 options in the dropdown.
2025-02-18 14:54:12 [main] INFO  l.i.u.p.SubmittedApplicationsPage - Successfully selected the value: '01.11 - Grūdinių (išskyrus ryžius), ankštinių ir aliejingų sėklų augalų auginimas'
2025-02-18 14:54:23 [main] ERROR l.i.u.p.SubmittedApplicationsPage - Failed to close the dropdown with aria-expanded = 'false'. Attempting manual close.
2025-02-18 14:54:23 [main] INFO  l.i.u.p.SubmittedApplicationsPage - Manual close attempt for the dropdown using body click.
2025-02-18 14:54:23 [main] DEBUG l.i.u.t.SubmittedApplicationsPageTest - Selected EVRK value: '01.11 - Grūdinių (išskyrus ryžius), ankštinių ir aliejingų sėklų augalų auginimas'.
2025-02-18 14:54:23 [main] DEBUG l.i.u.t.SubmittedApplicationsPageTest - Entered address: 'Vilniaus m. sav., Vilnius, Testo g. 10T'.
2025-02-18 14:54:23 [main] DEBUG l.i.u.t.SubmittedApplicationsPageTest - Selected 'For already working' option.
2025-02-18 14:54:23 [main] DEBUG l.i.u.t.SubmittedApplicationsPageTest - Entered person count1: '1'.
2025-02-18 14:54:23 [main] DEBUG l.i.u.t.SubmittedApplicationsPageTest - Selected 'For new working' option.
2025-02-18 14:54:23 [main] DEBUG l.i.u.t.SubmittedApplicationsPageTest - Entered person count2: '1'.
2025-02-18 14:54:24 [main] DEBUG l.i.u.t.SubmittedApplicationsPageTest - Clicked 'Next' button after checkboxes.
2025-02-18 14:54:24 [main] INFO  l.i.u.p.SubmittedApplicationsPage - Located the dropdown button.
2025-02-18 14:54:25 [main] INFO  l.i.u.p.SubmittedApplicationsPage - Successfully selected the value: 'Administratoriai'
2025-02-18 14:54:55 [main] ERROR l.i.u.p.SubmittedApplicationsPage - Timeout while waiting for dropdown to close with aria-expanded = 'false'.
2025-02-18 14:54:55 [main] DEBUG l.i.u.t.SubmittedApplicationsPageTest - Selected adaptable job name: 'Administratoriai'.
2025-02-18 14:54:55 [main] DEBUG l.i.u.t.SubmittedApplicationsPageTest - Entered job date.
2025-02-18 14:54:56 [main] DEBUG l.i.u.t.SubmittedApplicationsPageTest - Entered job function: 'Funkcija 1'.
2025-02-18 14:54:56 [main] INFO  l.i.u.p.SubmittedApplicationsPage - Clicking on the dropdown button.
2025-02-18 14:54:56 [main] INFO  l.i.u.p.SubmittedApplicationsPage - Found 6 options in the dropdown.
2025-02-18 14:54:56 [main] DEBUG l.i.u.p.SubmittedApplicationsPage - Checking option: 'Lengvo neįgalumo lygis ar 45-55 procentų dalyvumo lygis (iki 2023 m. gruodžio 31 d. – 45-55 procentų darbingumo lygis)'
2025-02-18 14:54:56 [main] DEBUG l.i.u.p.SubmittedApplicationsPage - Checking option: 'Lengvo neįgalumo lygis ar 45-55 procentų dalyvumo lygis (iki 2023 m. gruodžio 31 d. – 45-55 procentų darbingumo lygis)'
2025-02-18 14:54:56 [main] DEBUG l.i.u.p.SubmittedApplicationsPage - Checking option: 'Sunkaus neįgalumo lygis ar neviršijantis 25 procentų dalyvumo lygis (iki 2023 metų gruodžio 31 dienos – iki 25 procentų darbingumo lygis)'
2025-02-18 14:54:56 [main] INFO  l.i.u.p.SubmittedApplicationsPage - Successfully selected the value: 'Sunkaus neįgalumo lygis ar neviršijantis 25 procentų dalyvumo lygis (iki 2023 metų gruodžio 31 dienos – iki 25 procentų darbingumo lygis)'
2025-02-18 14:54:56 [main] INFO  l.i.u.p.SubmittedApplicationsPage - Attempting to close the dropdown.
2025-02-18 14:55:07 [main] INFO  l.i.u.p.SubmittedApplicationsPage - Dropdown should be closed now.
2025-02-18 14:55:07 [main] DEBUG l.i.u.t.SubmittedApplicationsPageTest - Selected disabilities type: 'Sunkaus neįgalumo lygis ar neviršijantis 25 procentų dalyvumo lygis (iki 2023 metų gruodžio 31 dienos – iki 25 procentų darbingumo lygis)'.
2025-02-18 14:55:07 [main] DEBUG l.i.u.t.SubmittedApplicationsPageTest - Entered disability information: 'Negalia 1'.
2025-02-18 14:55:07 [main] DEBUG l.i.u.t.SubmittedApplicationsPageTest - Entered qualification: 'Kvalifikacija 1'.
2025-02-18 14:55:07 [main] DEBUG l.i.u.t.SubmittedApplicationsPageTest - Entered job description: 'Darbo vietos aprašymas 1'.
2025-02-18 14:55:07 [main] DEBUG l.i.u.t.SubmittedApplicationsPageTest - Entered equipment description: 'Priemonių įsigyjimas 1'.
2025-02-18 14:55:08 [main] DEBUG l.i.u.t.SubmittedApplicationsPageTest - Entered work information: 'Darbai 1'.
2025-02-18 14:55:08 [main] INFO  l.i.u.p.SubmittedApplicationsPage - Located the dropdown button.
2025-02-18 14:55:08 [main] INFO  l.i.u.p.SubmittedApplicationsPage - Successfully selected the value: 'Kita'
2025-02-18 14:55:18 [main] ERROR l.i.u.p.SubmittedApplicationsPage - Timeout while waiting for dropdown to close with aria-expanded = 'false'.
2025-02-18 14:55:18 [main] DEBUG l.i.u.t.SubmittedApplicationsPageTest - Selected time mode: 'Kita'.
2025-02-18 14:55:19 [main] DEBUG l.i.u.t.SubmittedApplicationsPageTest - Selected time mode other: '6 val. per dieną ir 4 d. per savaitę'.
2025-02-18 14:55:19 [main] DEBUG l.i.u.t.SubmittedApplicationsPageTest - Entered salary amount: '1200'.
2025-02-18 14:55:19 [main] INFO  l.i.u.p.SubmittedApplicationsPage - Located the dropdown button.
2025-02-18 14:55:19 [main] INFO  l.i.u.p.SubmittedApplicationsPage - Successfully selected the value: 'Darbo vietos pritaikymui'
2025-02-18 14:55:49 [main] ERROR l.i.u.p.SubmittedApplicationsPage - Timeout while waiting for dropdown to close with aria-expanded = 'false'.
2025-02-18 14:55:49 [main] DEBUG l.i.u.t.SubmittedApplicationsPageTest - Selected adaptable job name: 'Darbo vietos pritaikymui'.
2025-02-18 14:55:59 [main] ERROR l.i.u.t.SubmittedApplicationsPageTest - Test 'testFillNewDVPApplicationFA' failed with error: no such element: Unable to locate element: {"method":"xpath","selector":"(//mat-form-field[.//label[contains(normalize-space(), 'Darbo priemonės techninis parametras')]]//input)[1]"}
  (Session info: chrome=132.0.6834.197)
For documentation on this error, please visit: https://www.selenium.dev/documentation/webdriver/troubleshooting/errors#no-such-element-exception
Build info: version: '4.27.0', revision: 'd6e718d134'
System info: os.name: 'Windows 11', os.arch: 'amd64', os.version: '10.0', java.version: '21.0.3'
Driver info: org.openqa.selenium.chrome.ChromeDriver
Command: [200bc3b5c04502a028cb621c4bbe1c4a, findElement {using=xpath, value=(//mat-form-field[.//label[contains(normalize-space(), 'Darbo priemonės techninis parametras')]]//input)[1]}]
Capabilities {acceptInsecureCerts: false, browserName: chrome, browserVersion: 132.0.6834.197, chrome: {chromedriverVersion: 132.0.6834.159 (2d77d3fc445..., userDataDir: C:\Users\INGRID~1.ZAD\AppDa...}, fedcm:accounts: true, goog:chromeOptions: {debuggerAddress: localhost:62682}, networkConnectionEnabled: false, pageLoadStrategy: normal, platformName: windows, proxy: Proxy(), se:cdp: ws://localhost:62682/devtoo..., se:cdpVersion: 132.0.6834.197, setWindowRect: true, strictFileInteractability: false, timeouts: {implicit: 0, pageLoad: 300000, script: 30000}, unhandledPromptBehavior: dismiss and notify, webauthn:extension:credBlob: true, webauthn:extension:largeBlob: true, webauthn:extension:minPinLength: true, webauthn:extension:prf: true, webauthn:virtualAuthenticators: true}
Session ID: 200bc3b5c04502a028cb621c4bbe1c4a
org.openqa.selenium.NoSuchElementException: no such element: Unable to locate element: {"method":"xpath","selector":"(//mat-form-field[.//label[contains(normalize-space(), 'Darbo priemonės techninis parametras')]]//input)[1]"}
  (Session info: chrome=132.0.6834.197)
For documentation on this error, please visit: https://www.selenium.dev/documentation/webdriver/troubleshooting/errors#no-such-element-exception
Build info: version: '4.27.0', revision: 'd6e718d134'
System info: os.name: 'Windows 11', os.arch: 'amd64', os.version: '10.0', java.version: '21.0.3'
Driver info: org.openqa.selenium.chrome.ChromeDriver
Command: [200bc3b5c04502a028cb621c4bbe1c4a, findElement {using=xpath, value=(//mat-form-field[.//label[contains(normalize-space(), 'Darbo priemonės techninis parametras')]]//input)[1]}]
Capabilities {acceptInsecureCerts: false, browserName: chrome, browserVersion: 132.0.6834.197, chrome: {chromedriverVersion: 132.0.6834.159 (2d77d3fc445..., userDataDir: C:\Users\INGRID~1.ZAD\AppDa...}, fedcm:accounts: true, goog:chromeOptions: {debuggerAddress: localhost:62682}, networkConnectionEnabled: false, pageLoadStrategy: normal, platformName: windows, proxy: Proxy(), se:cdp: ws://localhost:62682/devtoo..., se:cdpVersion: 132.0.6834.197, setWindowRect: true, strictFileInteractability: false, timeouts: {implicit: 0, pageLoad: 300000, script: 30000}, unhandledPromptBehavior: dismiss and notify, webauthn:extension:credBlob: true, webauthn:extension:largeBlob: true, webauthn:extension:minPinLength: true, webauthn:extension:prf: true, webauthn:virtualAuthenticators: true}
Session ID: 200bc3b5c04502a028cb621c4bbe1c4a
	at java.base/jdk.internal.reflect.DirectConstructorHandleAccessor.newInstance(DirectConstructorHandleAccessor.java:62)
	at java.base/java.lang.reflect.Constructor.newInstanceWithCaller(Constructor.java:502)
	at java.base/java.lang.reflect.Constructor.newInstance(Constructor.java:486)
	at org.openqa.selenium.remote.ErrorCodec.decode(ErrorCodec.java:167)
	at org.openqa.selenium.remote.codec.w3c.W3CHttpResponseCodec.decode(W3CHttpResponseCodec.java:138)
	at org.openqa.selenium.remote.codec.w3c.W3CHttpResponseCodec.decode(W3CHttpResponseCodec.java:50)
	at org.openqa.selenium.remote.HttpCommandExecutor.execute(HttpCommandExecutor.java:190)
	at org.openqa.selenium.remote.service.DriverCommandExecutor.invokeExecute(DriverCommandExecutor.java:216)
	at org.openqa.selenium.remote.service.DriverCommandExecutor.execute(DriverCommandExecutor.java:174)
	at org.openqa.selenium.remote.RemoteWebDriver.execute(RemoteWebDriver.java:545)
	at org.openqa.selenium.remote.ElementLocation$ElementFinder$2.findElement(ElementLocation.java:165)
	at org.openqa.selenium.remote.ElementLocation.findElement(ElementLocation.java:59)
	at org.openqa.selenium.remote.RemoteWebDriver.findElement(RemoteWebDriver.java:368)
	at org.openqa.selenium.remote.RemoteWebDriver.findElement(RemoteWebDriver.java:362)
	at org.openqa.selenium.support.pagefactory.DefaultElementLocator.findElement(DefaultElementLocator.java:68)
	at org.openqa.selenium.support.pagefactory.internal.LocatingElementHandler.invoke(LocatingElementHandler.java:38)
	at jdk.proxy2/jdk.proxy2.$Proxy14.clear(Unknown Source)
	at lt.insoft.uztis.pages.SubmittedApplicationsPage.enterToolParameterOne(SubmittedApplicationsPage.java:1165)
	at lt.insoft.uztis.tests.SubmittedApplicationsPageTest.testFillNewDVPApplicationFA(SubmittedApplicationsPageTest.java:646)
	at java.base/jdk.internal.reflect.DirectMethodHandleAccessor.invoke(DirectMethodHandleAccessor.java:103)
	at java.base/java.lang.reflect.Method.invoke(Method.java:580)
	at org.junit.platform.commons.util.ReflectionUtils.invokeMethod(ReflectionUtils.java:728)
	at org.junit.jupiter.engine.execution.MethodInvocation.proceed(MethodInvocation.java:60)
	at org.junit.jupiter.engine.execution.InvocationInterceptorChain$ValidatingInvocation.proceed(InvocationInterceptorChain.java:131)
	at org.junit.jupiter.engine.extension.TimeoutExtension.intercept(TimeoutExtension.java:156)
	at org.junit.jupiter.engine.extension.TimeoutExtension.interceptTestableMethod(TimeoutExtension.java:147)
	at org.junit.jupiter.engine.extension.TimeoutExtension.interceptTestMethod(TimeoutExtension.java:86)
	at org.junit.jupiter.engine.execution.InterceptingExecutableInvoker$ReflectiveInterceptorCall.lambda$ofVoidMethod$0(InterceptingExecutableInvoker.java:103)
	at org.junit.jupiter.engine.execution.InterceptingExecutableInvoker.lambda$invoke$0(InterceptingExecutableInvoker.java:93)
	at org.junit.jupiter.engine.execution.InvocationInterceptorChain$InterceptedInvocation.proceed(InvocationInterceptorChain.java:106)
	at org.junit.jupiter.engine.execution.InvocationInterceptorChain.proceed(InvocationInterceptorChain.java:64)
	at org.junit.jupiter.engine.execution.InvocationInterceptorChain.chainAndInvoke(InvocationInterceptorChain.java:45)
	at org.junit.jupiter.engine.execution.InvocationInterceptorChain.invoke(InvocationInterceptorChain.java:37)
	at org.junit.jupiter.engine.execution.InterceptingExecutableInvoker.invoke(InterceptingExecutableInvoker.java:92)
	at org.junit.jupiter.engine.execution.InterceptingExecutableInvoker.invoke(InterceptingExecutableInvoker.java:86)
	at org.junit.jupiter.engine.descriptor.TestMethodTestDescriptor.lambda$invokeTestMethod$7(TestMethodTestDescriptor.java:218)
	at org.junit.platform.engine.support.hierarchical.ThrowableCollector.execute(ThrowableCollector.java:73)
	at org.junit.jupiter.engine.descriptor.TestMethodTestDescriptor.invokeTestMethod(TestMethodTestDescriptor.java:214)
	at org.junit.jupiter.engine.descriptor.TestMethodTestDescriptor.execute(TestMethodTestDescriptor.java:139)
	at org.junit.jupiter.engine.descriptor.TestMethodTestDescriptor.execute(TestMethodTestDescriptor.java:69)
	at org.junit.platform.engine.support.hierarchical.NodeTestTask.lambda$executeRecursively$6(NodeTestTask.java:151)
	at org.junit.platform.engine.support.hierarchical.ThrowableCollector.execute(ThrowableCollector.java:73)
	at org.junit.platform.engine.support.hierarchical.NodeTestTask.lambda$executeRecursively$8(NodeTestTask.java:141)
	at org.junit.platform.engine.support.hierarchical.Node.around(Node.java:137)
	at org.junit.platform.engine.support.hierarchical.NodeTestTask.lambda$executeRecursively$9(NodeTestTask.java:139)
	at org.junit.platform.engine.support.hierarchical.ThrowableCollector.execute(ThrowableCollector.java:73)
	at org.junit.platform.engine.support.hierarchical.NodeTestTask.executeRecursively(NodeTestTask.java:138)
	at org.junit.platform.engine.support.hierarchical.NodeTestTask.execute(NodeTestTask.java:95)
	at java.base/java.util.ArrayList.forEach(ArrayList.java:1596)
	at org.junit.platform.engine.support.hierarchical.SameThreadHierarchicalTestExecutorService.invokeAll(SameThreadHierarchicalTestExecutorService.java:41)
	at org.junit.platform.engine.support.hierarchical.NodeTestTask.lambda$executeRecursively$6(NodeTestTask.java:155)
	at org.junit.platform.engine.support.hierarchical.ThrowableCollector.execute(ThrowableCollector.java:73)
	at org.junit.platform.engine.support.hierarchical.NodeTestTask.lambda$executeRecursively$8(NodeTestTask.java:141)
	at org.junit.platform.engine.support.hierarchical.Node.around(Node.java:137)
	at org.junit.platform.engine.support.hierarchical.NodeTestTask.lambda$executeRecursively$9(NodeTestTask.java:139)
	at org.junit.platform.engine.support.hierarchical.ThrowableCollector.execute(ThrowableCollector.java:73)
	at org.junit.platform.engine.support.hierarchical.NodeTestTask.executeRecursively(NodeTestTask.java:138)
	at org.junit.platform.engine.support.hierarchical.NodeTestTask.execute(NodeTestTask.java:95)
	at java.base/java.util.ArrayList.forEach(ArrayList.java:1596)
	at org.junit.platform.engine.support.hierarchical.SameThreadHierarchicalTestExecutorService.invokeAll(SameThreadHierarchicalTestExecutorService.java:41)
	at org.junit.platform.engine.support.hierarchical.NodeTestTask.lambda$executeRecursively$6(NodeTestTask.java:155)
	at org.junit.platform.engine.support.hierarchical.ThrowableCollector.execute(ThrowableCollector.java:73)
	at org.junit.platform.engine.support.hierarchical.NodeTestTask.lambda$executeRecursively$8(NodeTestTask.java:141)
	at org.junit.platform.engine.support.hierarchical.Node.around(Node.java:137)
	at org.junit.platform.engine.support.hierarchical.NodeTestTask.lambda$executeRecursively$9(NodeTestTask.java:139)
	at org.junit.platform.engine.support.hierarchical.ThrowableCollector.execute(ThrowableCollector.java:73)
	at org.junit.platform.engine.support.hierarchical.NodeTestTask.executeRecursively(NodeTestTask.java:138)
	at org.junit.platform.engine.support.hierarchical.NodeTestTask.execute(NodeTestTask.java:95)
	at org.junit.platform.engine.support.hierarchical.SameThreadHierarchicalTestExecutorService.submit(SameThreadHierarchicalTestExecutorService.java:35)
	at org.junit.platform.engine.support.hierarchical.HierarchicalTestExecutor.execute(HierarchicalTestExecutor.java:57)
	at org.junit.platform.engine.support.hierarchical.HierarchicalTestEngine.execute(HierarchicalTestEngine.java:54)
	at org.junit.platform.launcher.core.EngineExecutionOrchestrator.execute(EngineExecutionOrchestrator.java:198)
	at org.junit.platform.launcher.core.EngineExecutionOrchestrator.execute(EngineExecutionOrchestrator.java:169)
	at org.junit.platform.launcher.core.EngineExecutionOrchestrator.execute(EngineExecutionOrchestrator.java:93)
	at org.junit.platform.launcher.core.EngineExecutionOrchestrator.lambda$execute$0(EngineExecutionOrchestrator.java:58)
	at org.junit.platform.launcher.core.EngineExecutionOrchestrator.withInterceptedStreams(EngineExecutionOrchestrator.java:141)
	at org.junit.platform.launcher.core.EngineExecutionOrchestrator.execute(EngineExecutionOrchestrator.java:57)
	at org.junit.platform.launcher.core.DefaultLauncher.execute(DefaultLauncher.java:103)
	at org.junit.platform.launcher.core.DefaultLauncher.execute(DefaultLauncher.java:85)
	at org.junit.platform.launcher.core.DelegatingLauncher.execute(DelegatingLauncher.java:47)
	at org.junit.platform.launcher.core.SessionPerRequestLauncher.execute(SessionPerRequestLauncher.java:63)
	at com.intellij.junit5.JUnit5IdeaTestRunner.startRunnerWithArgs(JUnit5IdeaTestRunner.java:57)
	at com.intellij.rt.junit.IdeaTestRunner$Repeater$1.execute(IdeaTestRunner.java:38)
	at com.intellij.rt.execution.junit.TestsRepeater.repeat(TestsRepeater.java:11)
	at com.intellij.rt.junit.IdeaTestRunner$Repeater.startRunnerWithArgs(IdeaTestRunner.java:35)
	at com.intellij.rt.junit.JUnitStarter.prepareStreamsAndStart(JUnitStarter.java:232)
	at com.intellij.rt.junit.JUnitStarter.main(JUnitStarter.java:55)
2025-02-18 14:55:59 [main] INFO  l.insoft.uztis.tests.utils.TestUtils - Screenshot moved to C:\Users\ingrida.zadorozniene\Desktop\Asm\UZTIS\UZTIS_tests\test-output\screenshots\20250218\145559797_testFillNewDVPApplicationFA().png
2025-02-18 15:09:55 [main] INFO  lt.insoft.uztis.tests.UztisPageTest - Navigated to https://uztisdev.asseco.lt/home
2025-02-18 15:09:55 [main] INFO  l.i.u.t.SubmittedApplicationsPageTest - Starting test:'testFillNewDVPApplicationFA'
2025-02-18 15:09:55 [main] DEBUG l.i.u.t.SubmittedApplicationsPageTest - User logged in with test credentials.
2025-02-18 15:09:56 [main] DEBUG l.i.u.t.SubmittedApplicationsPageTest - Opened 'Application Processing' menu.
2025-02-18 15:09:56 [main] DEBUG l.i.u.t.SubmittedApplicationsPageTest - Clicked on 'Application Forms' menu.
2025-02-18 15:09:56 [main] DEBUG l.i.u.t.SubmittedApplicationsPageTest - Retrieved last description code text: 'TST-DVP-78'.
2025-02-18 15:09:56 [main] DEBUG l.i.u.t.SubmittedApplicationsPageTest - Clicked on 'Invitation' menu.
2025-02-18 15:09:57 [main] DEBUG l.i.u.t.SubmittedApplicationsPageTest - Selected application section by code: 'TST-DVP-78'.
2025-02-18 15:09:57 [main] DEBUG l.i.u.t.SubmittedApplicationsPageTest - Clicked 'Search' button.
2025-02-18 15:09:57 [main] DEBUG l.i.u.t.SubmittedApplicationsPageTest - Retrieved invitation code: ''.
2025-02-18 15:09:57 [main] DEBUG l.i.u.t.SubmittedApplicationsPageTest - Clicked on 'Submitted Applications' menu.
2025-02-18 15:09:58 [main] DEBUG l.i.u.t.SubmittedApplicationsPageTest - Selected invitation by code: 'TST-DVP-78'.
2025-02-18 15:09:58 [main] DEBUG l.i.u.t.SubmittedApplicationsPageTest - Invitation code inserted.
2025-02-18 15:09:59 [main] DEBUG l.i.u.t.SubmittedApplicationsPageTest - Clicked on 'Action Application' button.
2025-02-18 15:09:59 [main] DEBUG l.i.u.t.SubmittedApplicationsPageTest - Clicked on 'New Application' button.
2025-02-18 15:09:59 [main] DEBUG l.i.u.t.SubmittedApplicationsPageTest - Selected the 'RadioButtonFA' option.
2025-02-18 15:10:00 [main] DEBUG l.i.u.t.SubmittedApplicationsPageTest - Entered phone number: '61298745'.
2025-02-18 15:10:00 [main] DEBUG l.i.u.t.SubmittedApplicationsPageTest - Entered email: 'test@autotest.com'.
2025-02-18 15:10:10 [main] DEBUG l.i.u.t.SubmittedApplicationsPageTest - Checked 'For workplace adaptation' checkbox 1.
2025-02-18 15:10:20 [main] DEBUG l.i.u.t.SubmittedApplicationsPageTest - Checked 'For environmental adaptation' checkbox 2.
2025-02-18 15:10:20 [main] INFO  l.i.u.p.SubmittedApplicationsPage - Located the dropdown button.
2025-02-18 15:10:34 [main] INFO  l.i.u.p.SubmittedApplicationsPage - Found 1741 options in the dropdown.
2025-02-18 15:10:34 [main] INFO  l.i.u.p.SubmittedApplicationsPage - Successfully selected the value: '01.11 - Grūdinių (išskyrus ryžius), ankštinių ir aliejingų sėklų augalų auginimas'
2025-02-18 15:10:44 [main] ERROR l.i.u.p.SubmittedApplicationsPage - Failed to close the dropdown with aria-expanded = 'false'. Attempting manual close.
2025-02-18 15:10:44 [main] INFO  l.i.u.p.SubmittedApplicationsPage - Manual close attempt for the dropdown using body click.
2025-02-18 15:10:44 [main] DEBUG l.i.u.t.SubmittedApplicationsPageTest - Selected EVRK value: '01.11 - Grūdinių (išskyrus ryžius), ankštinių ir aliejingų sėklų augalų auginimas'.
2025-02-18 15:10:45 [main] DEBUG l.i.u.t.SubmittedApplicationsPageTest - Entered address: 'Vilniaus m. sav., Vilnius, Testo g. 10T'.
2025-02-18 15:10:45 [main] DEBUG l.i.u.t.SubmittedApplicationsPageTest - Selected 'For already working' option.
2025-02-18 15:10:45 [main] DEBUG l.i.u.t.SubmittedApplicationsPageTest - Entered person count1: '1'.
2025-02-18 15:10:45 [main] DEBUG l.i.u.t.SubmittedApplicationsPageTest - Selected 'For new working' option.
2025-02-18 15:10:45 [main] DEBUG l.i.u.t.SubmittedApplicationsPageTest - Entered person count2: '1'.
2025-02-18 15:10:45 [main] DEBUG l.i.u.t.SubmittedApplicationsPageTest - Clicked 'Next' button after checkboxes.
2025-02-18 15:10:45 [main] INFO  l.i.u.p.SubmittedApplicationsPage - Located the dropdown button.
2025-02-18 15:10:47 [main] INFO  l.i.u.p.SubmittedApplicationsPage - Successfully selected the value: 'Administratoriai'
2025-02-18 15:11:17 [main] ERROR l.i.u.p.SubmittedApplicationsPage - Timeout while waiting for dropdown to close with aria-expanded = 'false'.
2025-02-18 15:11:17 [main] DEBUG l.i.u.t.SubmittedApplicationsPageTest - Selected adaptable job name: 'Administratoriai'.
2025-02-18 15:11:17 [main] DEBUG l.i.u.t.SubmittedApplicationsPageTest - Entered job date.
2025-02-18 15:11:18 [main] DEBUG l.i.u.t.SubmittedApplicationsPageTest - Entered job function: 'Funkcija 1'.
2025-02-18 15:11:18 [main] DEBUG l.i.u.t.SubmittedApplicationsPageTest - Selected 'ForAlreadyWorking' 'no' option.
2025-02-18 15:11:18 [main] INFO  l.i.u.p.SubmittedApplicationsPage - Clicking on the dropdown button.
2025-02-18 15:11:18 [main] INFO  l.i.u.p.SubmittedApplicationsPage - Found 6 options in the dropdown.
2025-02-18 15:11:18 [main] DEBUG l.i.u.p.SubmittedApplicationsPage - Checking option: 'Lengvo neįgalumo lygis ar 45-55 procentų dalyvumo lygis (iki 2023 m. gruodžio 31 d. – 45-55 procentų darbingumo lygis)'
2025-02-18 15:11:18 [main] DEBUG l.i.u.p.SubmittedApplicationsPage - Checking option: 'Lengvo neįgalumo lygis ar 45-55 procentų dalyvumo lygis (iki 2023 m. gruodžio 31 d. – 45-55 procentų darbingumo lygis)'
2025-02-18 15:11:18 [main] DEBUG l.i.u.p.SubmittedApplicationsPage - Checking option: 'Sunkaus neįgalumo lygis ar neviršijantis 25 procentų dalyvumo lygis (iki 2023 metų gruodžio 31 dienos – iki 25 procentų darbingumo lygis)'
2025-02-18 15:11:18 [main] INFO  l.i.u.p.SubmittedApplicationsPage - Successfully selected the value: 'Sunkaus neįgalumo lygis ar neviršijantis 25 procentų dalyvumo lygis (iki 2023 metų gruodžio 31 dienos – iki 25 procentų darbingumo lygis)'
2025-02-18 15:11:18 [main] INFO  l.i.u.p.SubmittedApplicationsPage - Attempting to close the dropdown.
2025-02-18 15:11:29 [main] INFO  l.i.u.p.SubmittedApplicationsPage - Dropdown should be closed now.
2025-02-18 15:11:29 [main] DEBUG l.i.u.t.SubmittedApplicationsPageTest - Selected disabilities type: 'Sunkaus neįgalumo lygis ar neviršijantis 25 procentų dalyvumo lygis (iki 2023 metų gruodžio 31 dienos – iki 25 procentų darbingumo lygis)'.
2025-02-18 15:11:29 [main] DEBUG l.i.u.t.SubmittedApplicationsPageTest - Entered disability information: 'Negalia 1'.
2025-02-18 15:11:29 [main] DEBUG l.i.u.t.SubmittedApplicationsPageTest - Entered qualification: 'Kvalifikacija 1'.
2025-02-18 15:11:29 [main] DEBUG l.i.u.t.SubmittedApplicationsPageTest - Entered job description: 'Darbo vietos aprašymas 1'.
2025-02-18 15:11:30 [main] DEBUG l.i.u.t.SubmittedApplicationsPageTest - Entered equipment description: 'Priemonių įsigyjimas 1'.
2025-02-18 15:11:30 [main] DEBUG l.i.u.t.SubmittedApplicationsPageTest - Entered work information: 'Darbai 1'.
2025-02-18 15:11:30 [main] INFO  l.i.u.p.SubmittedApplicationsPage - Located the dropdown button.
2025-02-18 15:11:30 [main] INFO  l.i.u.p.SubmittedApplicationsPage - Successfully selected the value: 'Kita'
2025-02-18 15:11:41 [main] ERROR l.i.u.p.SubmittedApplicationsPage - Timeout while waiting for dropdown to close with aria-expanded = 'false'.
2025-02-18 15:11:41 [main] DEBUG l.i.u.t.SubmittedApplicationsPageTest - Selected time mode: 'Kita'.
2025-02-18 15:11:41 [main] DEBUG l.i.u.t.SubmittedApplicationsPageTest - Selected time mode other: '6 val. per dieną ir 4 d. per savaitę'.
2025-02-18 15:11:41 [main] DEBUG l.i.u.t.SubmittedApplicationsPageTest - Entered salary amount: '1200'.
2025-02-18 15:11:41 [main] INFO  l.i.u.p.SubmittedApplicationsPage - Located the dropdown button.
2025-02-18 15:11:41 [main] INFO  l.i.u.p.SubmittedApplicationsPage - Successfully selected the value: 'Darbo vietos pritaikymui'
2025-02-18 15:12:11 [main] ERROR l.i.u.p.SubmittedApplicationsPage - Timeout while waiting for dropdown to close with aria-expanded = 'false'.
2025-02-18 15:12:11 [main] DEBUG l.i.u.t.SubmittedApplicationsPageTest - Selected adaptable job name: 'Darbo vietos pritaikymui'.
2025-02-18 15:12:21 [main] ERROR l.i.u.t.SubmittedApplicationsPageTest - Test 'testFillNewDVPApplicationFA' failed with error: no such element: Unable to locate element: {"method":"xpath","selector":"(//mat-form-field[.//label[contains(normalize-space(), 'Darbo priemonės techninis parametras')]]//input)[1]"}
  (Session info: chrome=132.0.6834.197)
For documentation on this error, please visit: https://www.selenium.dev/documentation/webdriver/troubleshooting/errors#no-such-element-exception
Build info: version: '4.27.0', revision: 'd6e718d134'
System info: os.name: 'Windows 11', os.arch: 'amd64', os.version: '10.0', java.version: '21.0.3'
Driver info: org.openqa.selenium.chrome.ChromeDriver
Command: [a6bcc773fd8305ac4b46c40771f7e766, findElement {using=xpath, value=(//mat-form-field[.//label[contains(normalize-space(), 'Darbo priemonės techninis parametras')]]//input)[1]}]
Capabilities {acceptInsecureCerts: false, browserName: chrome, browserVersion: 132.0.6834.197, chrome: {chromedriverVersion: 132.0.6834.159 (2d77d3fc445..., userDataDir: C:\Users\INGRID~1.ZAD\AppDa...}, fedcm:accounts: true, goog:chromeOptions: {debuggerAddress: localhost:62855}, networkConnectionEnabled: false, pageLoadStrategy: normal, platformName: windows, proxy: Proxy(), se:cdp: ws://localhost:62855/devtoo..., se:cdpVersion: 132.0.6834.197, setWindowRect: true, strictFileInteractability: false, timeouts: {implicit: 0, pageLoad: 300000, script: 30000}, unhandledPromptBehavior: dismiss and notify, webauthn:extension:credBlob: true, webauthn:extension:largeBlob: true, webauthn:extension:minPinLength: true, webauthn:extension:prf: true, webauthn:virtualAuthenticators: true}
Session ID: a6bcc773fd8305ac4b46c40771f7e766
org.openqa.selenium.NoSuchElementException: no such element: Unable to locate element: {"method":"xpath","selector":"(//mat-form-field[.//label[contains(normalize-space(), 'Darbo priemonės techninis parametras')]]//input)[1]"}
  (Session info: chrome=132.0.6834.197)
For documentation on this error, please visit: https://www.selenium.dev/documentation/webdriver/troubleshooting/errors#no-such-element-exception
Build info: version: '4.27.0', revision: 'd6e718d134'
System info: os.name: 'Windows 11', os.arch: 'amd64', os.version: '10.0', java.version: '21.0.3'
Driver info: org.openqa.selenium.chrome.ChromeDriver
Command: [a6bcc773fd8305ac4b46c40771f7e766, findElement {using=xpath, value=(//mat-form-field[.//label[contains(normalize-space(), 'Darbo priemonės techninis parametras')]]//input)[1]}]
Capabilities {acceptInsecureCerts: false, browserName: chrome, browserVersion: 132.0.6834.197, chrome: {chromedriverVersion: 132.0.6834.159 (2d77d3fc445..., userDataDir: C:\Users\INGRID~1.ZAD\AppDa...}, fedcm:accounts: true, goog:chromeOptions: {debuggerAddress: localhost:62855}, networkConnectionEnabled: false, pageLoadStrategy: normal, platformName: windows, proxy: Proxy(), se:cdp: ws://localhost:62855/devtoo..., se:cdpVersion: 132.0.6834.197, setWindowRect: true, strictFileInteractability: false, timeouts: {implicit: 0, pageLoad: 300000, script: 30000}, unhandledPromptBehavior: dismiss and notify, webauthn:extension:credBlob: true, webauthn:extension:largeBlob: true, webauthn:extension:minPinLength: true, webauthn:extension:prf: true, webauthn:virtualAuthenticators: true}
Session ID: a6bcc773fd8305ac4b46c40771f7e766
	at java.base/jdk.internal.reflect.DirectConstructorHandleAccessor.newInstance(DirectConstructorHandleAccessor.java:62)
	at java.base/java.lang.reflect.Constructor.newInstanceWithCaller(Constructor.java:502)
	at java.base/java.lang.reflect.Constructor.newInstance(Constructor.java:486)
	at org.openqa.selenium.remote.ErrorCodec.decode(ErrorCodec.java:167)
	at org.openqa.selenium.remote.codec.w3c.W3CHttpResponseCodec.decode(W3CHttpResponseCodec.java:138)
	at org.openqa.selenium.remote.codec.w3c.W3CHttpResponseCodec.decode(W3CHttpResponseCodec.java:50)
	at org.openqa.selenium.remote.HttpCommandExecutor.execute(HttpCommandExecutor.java:190)
	at org.openqa.selenium.remote.service.DriverCommandExecutor.invokeExecute(DriverCommandExecutor.java:216)
	at org.openqa.selenium.remote.service.DriverCommandExecutor.execute(DriverCommandExecutor.java:174)
	at org.openqa.selenium.remote.RemoteWebDriver.execute(RemoteWebDriver.java:545)
	at org.openqa.selenium.remote.ElementLocation$ElementFinder$2.findElement(ElementLocation.java:165)
	at org.openqa.selenium.remote.ElementLocation.findElement(ElementLocation.java:59)
	at org.openqa.selenium.remote.RemoteWebDriver.findElement(RemoteWebDriver.java:368)
	at org.openqa.selenium.remote.RemoteWebDriver.findElement(RemoteWebDriver.java:362)
	at org.openqa.selenium.support.pagefactory.DefaultElementLocator.findElement(DefaultElementLocator.java:68)
	at org.openqa.selenium.support.pagefactory.internal.LocatingElementHandler.invoke(LocatingElementHandler.java:38)
	at jdk.proxy2/jdk.proxy2.$Proxy14.clear(Unknown Source)
	at lt.insoft.uztis.pages.SubmittedApplicationsPage.enterToolParameterOne(SubmittedApplicationsPage.java:1176)
	at lt.insoft.uztis.tests.SubmittedApplicationsPageTest.testFillNewDVPApplicationFA(SubmittedApplicationsPageTest.java:646)
	at java.base/jdk.internal.reflect.DirectMethodHandleAccessor.invoke(DirectMethodHandleAccessor.java:103)
	at java.base/java.lang.reflect.Method.invoke(Method.java:580)
	at org.junit.platform.commons.util.ReflectionUtils.invokeMethod(ReflectionUtils.java:728)
	at org.junit.jupiter.engine.execution.MethodInvocation.proceed(MethodInvocation.java:60)
	at org.junit.jupiter.engine.execution.InvocationInterceptorChain$ValidatingInvocation.proceed(InvocationInterceptorChain.java:131)
	at org.junit.jupiter.engine.extension.TimeoutExtension.intercept(TimeoutExtension.java:156)
	at org.junit.jupiter.engine.extension.TimeoutExtension.interceptTestableMethod(TimeoutExtension.java:147)
	at org.junit.jupiter.engine.extension.TimeoutExtension.interceptTestMethod(TimeoutExtension.java:86)
	at org.junit.jupiter.engine.execution.InterceptingExecutableInvoker$ReflectiveInterceptorCall.lambda$ofVoidMethod$0(InterceptingExecutableInvoker.java:103)
	at org.junit.jupiter.engine.execution.InterceptingExecutableInvoker.lambda$invoke$0(InterceptingExecutableInvoker.java:93)
	at org.junit.jupiter.engine.execution.InvocationInterceptorChain$InterceptedInvocation.proceed(InvocationInterceptorChain.java:106)
	at org.junit.jupiter.engine.execution.InvocationInterceptorChain.proceed(InvocationInterceptorChain.java:64)
	at org.junit.jupiter.engine.execution.InvocationInterceptorChain.chainAndInvoke(InvocationInterceptorChain.java:45)
	at org.junit.jupiter.engine.execution.InvocationInterceptorChain.invoke(InvocationInterceptorChain.java:37)
	at org.junit.jupiter.engine.execution.InterceptingExecutableInvoker.invoke(InterceptingExecutableInvoker.java:92)
	at org.junit.jupiter.engine.execution.InterceptingExecutableInvoker.invoke(InterceptingExecutableInvoker.java:86)
	at org.junit.jupiter.engine.descriptor.TestMethodTestDescriptor.lambda$invokeTestMethod$7(TestMethodTestDescriptor.java:218)
	at org.junit.platform.engine.support.hierarchical.ThrowableCollector.execute(ThrowableCollector.java:73)
	at org.junit.jupiter.engine.descriptor.TestMethodTestDescriptor.invokeTestMethod(TestMethodTestDescriptor.java:214)
	at org.junit.jupiter.engine.descriptor.TestMethodTestDescriptor.execute(TestMethodTestDescriptor.java:139)
	at org.junit.jupiter.engine.descriptor.TestMethodTestDescriptor.execute(TestMethodTestDescriptor.java:69)
	at org.junit.platform.engine.support.hierarchical.NodeTestTask.lambda$executeRecursively$6(NodeTestTask.java:151)
	at org.junit.platform.engine.support.hierarchical.ThrowableCollector.execute(ThrowableCollector.java:73)
	at org.junit.platform.engine.support.hierarchical.NodeTestTask.lambda$executeRecursively$8(NodeTestTask.java:141)
	at org.junit.platform.engine.support.hierarchical.Node.around(Node.java:137)
	at org.junit.platform.engine.support.hierarchical.NodeTestTask.lambda$executeRecursively$9(NodeTestTask.java:139)
	at org.junit.platform.engine.support.hierarchical.ThrowableCollector.execute(ThrowableCollector.java:73)
	at org.junit.platform.engine.support.hierarchical.NodeTestTask.executeRecursively(NodeTestTask.java:138)
	at org.junit.platform.engine.support.hierarchical.NodeTestTask.execute(NodeTestTask.java:95)
	at java.base/java.util.ArrayList.forEach(ArrayList.java:1596)
	at org.junit.platform.engine.support.hierarchical.SameThreadHierarchicalTestExecutorService.invokeAll(SameThreadHierarchicalTestExecutorService.java:41)
	at org.junit.platform.engine.support.hierarchical.NodeTestTask.lambda$executeRecursively$6(NodeTestTask.java:155)
	at org.junit.platform.engine.support.hierarchical.ThrowableCollector.execute(ThrowableCollector.java:73)
	at org.junit.platform.engine.support.hierarchical.NodeTestTask.lambda$executeRecursively$8(NodeTestTask.java:141)
	at org.junit.platform.engine.support.hierarchical.Node.around(Node.java:137)
	at org.junit.platform.engine.support.hierarchical.NodeTestTask.lambda$executeRecursively$9(NodeTestTask.java:139)
	at org.junit.platform.engine.support.hierarchical.ThrowableCollector.execute(ThrowableCollector.java:73)
	at org.junit.platform.engine.support.hierarchical.NodeTestTask.executeRecursively(NodeTestTask.java:138)
	at org.junit.platform.engine.support.hierarchical.NodeTestTask.execute(NodeTestTask.java:95)
	at java.base/java.util.ArrayList.forEach(ArrayList.java:1596)
	at org.junit.platform.engine.support.hierarchical.SameThreadHierarchicalTestExecutorService.invokeAll(SameThreadHierarchicalTestExecutorService.java:41)
	at org.junit.platform.engine.support.hierarchical.NodeTestTask.lambda$executeRecursively$6(NodeTestTask.java:155)
	at org.junit.platform.engine.support.hierarchical.ThrowableCollector.execute(ThrowableCollector.java:73)
	at org.junit.platform.engine.support.hierarchical.NodeTestTask.lambda$executeRecursively$8(NodeTestTask.java:141)
	at org.junit.platform.engine.support.hierarchical.Node.around(Node.java:137)
	at org.junit.platform.engine.support.hierarchical.NodeTestTask.lambda$executeRecursively$9(NodeTestTask.java:139)
	at org.junit.platform.engine.support.hierarchical.ThrowableCollector.execute(ThrowableCollector.java:73)
	at org.junit.platform.engine.support.hierarchical.NodeTestTask.executeRecursively(NodeTestTask.java:138)
	at org.junit.platform.engine.support.hierarchical.NodeTestTask.execute(NodeTestTask.java:95)
	at org.junit.platform.engine.support.hierarchical.SameThreadHierarchicalTestExecutorService.submit(SameThreadHierarchicalTestExecutorService.java:35)
	at org.junit.platform.engine.support.hierarchical.HierarchicalTestExecutor.execute(HierarchicalTestExecutor.java:57)
	at org.junit.platform.engine.support.hierarchical.HierarchicalTestEngine.execute(HierarchicalTestEngine.java:54)
	at org.junit.platform.launcher.core.EngineExecutionOrchestrator.execute(EngineExecutionOrchestrator.java:198)
	at org.junit.platform.launcher.core.EngineExecutionOrchestrator.execute(EngineExecutionOrchestrator.java:169)
	at org.junit.platform.launcher.core.EngineExecutionOrchestrator.execute(EngineExecutionOrchestrator.java:93)
	at org.junit.platform.launcher.core.EngineExecutionOrchestrator.lambda$execute$0(EngineExecutionOrchestrator.java:58)
	at org.junit.platform.launcher.core.EngineExecutionOrchestrator.withInterceptedStreams(EngineExecutionOrchestrator.java:141)
	at org.junit.platform.launcher.core.EngineExecutionOrchestrator.execute(EngineExecutionOrchestrator.java:57)
	at org.junit.platform.launcher.core.DefaultLauncher.execute(DefaultLauncher.java:103)
	at org.junit.platform.launcher.core.DefaultLauncher.execute(DefaultLauncher.java:85)
	at org.junit.platform.launcher.core.DelegatingLauncher.execute(DelegatingLauncher.java:47)
	at org.junit.platform.launcher.core.SessionPerRequestLauncher.execute(SessionPerRequestLauncher.java:63)
	at com.intellij.junit5.JUnit5IdeaTestRunner.startRunnerWithArgs(JUnit5IdeaTestRunner.java:57)
	at com.intellij.rt.junit.IdeaTestRunner$Repeater$1.execute(IdeaTestRunner.java:38)
	at com.intellij.rt.execution.junit.TestsRepeater.repeat(TestsRepeater.java:11)
	at com.intellij.rt.junit.IdeaTestRunner$Repeater.startRunnerWithArgs(IdeaTestRunner.java:35)
	at com.intellij.rt.junit.JUnitStarter.prepareStreamsAndStart(JUnitStarter.java:232)
	at com.intellij.rt.junit.JUnitStarter.main(JUnitStarter.java:55)
2025-02-18 15:12:21 [main] INFO  l.insoft.uztis.tests.utils.TestUtils - Screenshot moved to C:\Users\ingrida.zadorozniene\Desktop\Asm\UZTIS\UZTIS_tests\test-output\screenshots\20250218\151221989_testFillNewDVPApplicationFA().png
2025-02-18 15:28:51 [main] INFO  lt.insoft.uztis.tests.UztisPageTest - Navigated to https://uztisdev.asseco.lt/home
2025-02-18 15:28:51 [main] INFO  l.i.u.t.SubmittedApplicationsPageTest - Starting test:'testFillNewDVPApplicationFA'
2025-02-18 15:28:51 [main] DEBUG l.i.u.t.SubmittedApplicationsPageTest - User logged in with test credentials.
2025-02-18 15:28:52 [main] DEBUG l.i.u.t.SubmittedApplicationsPageTest - Opened 'Application Processing' menu.
2025-02-18 15:28:52 [main] DEBUG l.i.u.t.SubmittedApplicationsPageTest - Clicked on 'Application Forms' menu.
2025-02-18 15:28:52 [main] DEBUG l.i.u.t.SubmittedApplicationsPageTest - Retrieved last description code text: 'TST-DVP-78'.
2025-02-18 15:28:52 [main] DEBUG l.i.u.t.SubmittedApplicationsPageTest - Clicked on 'Invitation' menu.
2025-02-18 15:28:53 [main] DEBUG l.i.u.t.SubmittedApplicationsPageTest - Selected application section by code: 'TST-DVP-78'.
2025-02-18 15:28:53 [main] DEBUG l.i.u.t.SubmittedApplicationsPageTest - Clicked 'Search' button.
2025-02-18 15:28:53 [main] DEBUG l.i.u.t.SubmittedApplicationsPageTest - Retrieved invitation code: ''.
2025-02-18 15:28:54 [main] DEBUG l.i.u.t.SubmittedApplicationsPageTest - Clicked on 'Submitted Applications' menu.
2025-02-18 15:28:55 [main] DEBUG l.i.u.t.SubmittedApplicationsPageTest - Selected invitation by code: 'TST-DVP-78'.
2025-02-18 15:28:55 [main] DEBUG l.i.u.t.SubmittedApplicationsPageTest - Invitation code inserted.
2025-02-18 15:28:55 [main] DEBUG l.i.u.t.SubmittedApplicationsPageTest - Clicked on 'Action Application' button.
2025-02-18 15:28:55 [main] DEBUG l.i.u.t.SubmittedApplicationsPageTest - Clicked on 'New Application' button.
2025-02-18 15:28:56 [main] DEBUG l.i.u.t.SubmittedApplicationsPageTest - Selected the 'RadioButtonFA' option.
2025-02-18 15:28:56 [main] DEBUG l.i.u.t.SubmittedApplicationsPageTest - Entered phone number: '61298745'.
2025-02-18 15:28:56 [main] DEBUG l.i.u.t.SubmittedApplicationsPageTest - Entered email: 'test@autotest.com'.
2025-02-18 15:29:06 [main] DEBUG l.i.u.t.SubmittedApplicationsPageTest - Checked 'For workplace adaptation' checkbox 1.
2025-02-18 15:29:16 [main] DEBUG l.i.u.t.SubmittedApplicationsPageTest - Checked 'For environmental adaptation' checkbox 2.
2025-02-18 15:29:16 [main] INFO  l.i.u.p.SubmittedApplicationsPage - Located the dropdown button.
2025-02-18 15:29:29 [main] INFO  l.i.u.p.SubmittedApplicationsPage - Found 1741 options in the dropdown.
2025-02-18 15:29:30 [main] INFO  l.i.u.p.SubmittedApplicationsPage - Successfully selected the value: '01.11 - Grūdinių (išskyrus ryžius), ankštinių ir aliejingų sėklų augalų auginimas'
2025-02-18 15:29:40 [main] ERROR l.i.u.p.SubmittedApplicationsPage - Failed to close the dropdown with aria-expanded = 'false'. Attempting manual close.
2025-02-18 15:29:40 [main] INFO  l.i.u.p.SubmittedApplicationsPage - Manual close attempt for the dropdown using body click.
2025-02-18 15:29:40 [main] DEBUG l.i.u.t.SubmittedApplicationsPageTest - Selected EVRK value: '01.11 - Grūdinių (išskyrus ryžius), ankštinių ir aliejingų sėklų augalų auginimas'.
2025-02-18 15:29:40 [main] DEBUG l.i.u.t.SubmittedApplicationsPageTest - Entered address: 'Vilniaus m. sav., Vilnius, Testo g. 10T'.
2025-02-18 15:29:40 [main] DEBUG l.i.u.t.SubmittedApplicationsPageTest - Selected 'For already working' option.
2025-02-18 15:29:41 [main] DEBUG l.i.u.t.SubmittedApplicationsPageTest - Entered person count1: '1'.
2025-02-18 15:29:41 [main] DEBUG l.i.u.t.SubmittedApplicationsPageTest - Selected 'For new working' option.
2025-02-18 15:29:41 [main] DEBUG l.i.u.t.SubmittedApplicationsPageTest - Entered person count2: '1'.
2025-02-18 15:29:41 [main] DEBUG l.i.u.t.SubmittedApplicationsPageTest - Clicked 'Next' button after checkboxes.
2025-02-18 15:29:41 [main] INFO  l.i.u.p.SubmittedApplicationsPage - Located the dropdown button.
2025-02-18 15:29:43 [main] INFO  l.i.u.p.SubmittedApplicationsPage - Successfully selected the value: 'Administratoriai'
2025-02-18 15:30:13 [main] ERROR l.i.u.p.SubmittedApplicationsPage - Timeout while waiting for dropdown to close with aria-expanded = 'false'.
2025-02-18 15:30:13 [main] DEBUG l.i.u.t.SubmittedApplicationsPageTest - Selected adaptable job name: 'Administratoriai'.
2025-02-18 15:30:13 [main] DEBUG l.i.u.t.SubmittedApplicationsPageTest - Entered job date.
2025-02-18 15:30:13 [main] DEBUG l.i.u.t.SubmittedApplicationsPageTest - Entered job function: 'Funkcija 1'.
2025-02-18 15:30:14 [main] DEBUG l.i.u.t.SubmittedApplicationsPageTest - Selected 'ForAlreadyWorking' 'no' option.
2025-02-18 15:30:14 [main] INFO  l.i.u.p.SubmittedApplicationsPage - Clicking on the dropdown button.
2025-02-18 15:30:14 [main] INFO  l.i.u.p.SubmittedApplicationsPage - Found 6 options in the dropdown.
2025-02-18 15:30:14 [main] DEBUG l.i.u.p.SubmittedApplicationsPage - Checking option: 'Lengvo neįgalumo lygis ar 45-55 procentų dalyvumo lygis (iki 2023 m. gruodžio 31 d. – 45-55 procentų darbingumo lygis)'
2025-02-18 15:30:14 [main] DEBUG l.i.u.p.SubmittedApplicationsPage - Checking option: 'Lengvo neįgalumo lygis ar 45-55 procentų dalyvumo lygis (iki 2023 m. gruodžio 31 d. – 45-55 procentų darbingumo lygis)'
2025-02-18 15:30:14 [main] DEBUG l.i.u.p.SubmittedApplicationsPage - Checking option: 'Sunkaus neįgalumo lygis ar neviršijantis 25 procentų dalyvumo lygis (iki 2023 metų gruodžio 31 dienos – iki 25 procentų darbingumo lygis)'
2025-02-18 15:30:14 [main] INFO  l.i.u.p.SubmittedApplicationsPage - Successfully selected the value: 'Sunkaus neįgalumo lygis ar neviršijantis 25 procentų dalyvumo lygis (iki 2023 metų gruodžio 31 dienos – iki 25 procentų darbingumo lygis)'
2025-02-18 15:30:14 [main] INFO  l.i.u.p.SubmittedApplicationsPage - Attempting to close the dropdown.
2025-02-18 15:30:25 [main] INFO  l.i.u.p.SubmittedApplicationsPage - Dropdown should be closed now.
2025-02-18 15:30:25 [main] DEBUG l.i.u.t.SubmittedApplicationsPageTest - Selected disabilities type: 'Sunkaus neįgalumo lygis ar neviršijantis 25 procentų dalyvumo lygis (iki 2023 metų gruodžio 31 dienos – iki 25 procentų darbingumo lygis)'.
2025-02-18 15:30:25 [main] DEBUG l.i.u.t.SubmittedApplicationsPageTest - Entered disability information: 'Negalia 1'.
2025-02-18 15:30:25 [main] DEBUG l.i.u.t.SubmittedApplicationsPageTest - Entered qualification: 'Kvalifikacija 1'.
2025-02-18 15:30:25 [main] DEBUG l.i.u.t.SubmittedApplicationsPageTest - Entered job description: 'Darbo vietos aprašymas 1'.
2025-02-18 15:30:26 [main] DEBUG l.i.u.t.SubmittedApplicationsPageTest - Entered equipment description: 'Priemonių įsigyjimas 1'.
2025-02-18 15:30:26 [main] DEBUG l.i.u.t.SubmittedApplicationsPageTest - Entered work information: 'Darbai 1'.
2025-02-18 15:30:26 [main] INFO  l.i.u.p.SubmittedApplicationsPage - Located the dropdown button.
2025-02-18 15:30:26 [main] INFO  l.i.u.p.SubmittedApplicationsPage - Successfully selected the value: 'Kita'
2025-02-18 15:30:36 [main] ERROR l.i.u.p.SubmittedApplicationsPage - Timeout while waiting for dropdown to close with aria-expanded = 'false'.
2025-02-18 15:30:36 [main] DEBUG l.i.u.t.SubmittedApplicationsPageTest - Selected time mode: 'Kita'.
2025-02-18 15:30:37 [main] DEBUG l.i.u.t.SubmittedApplicationsPageTest - Selected time mode other: '6 val. per dieną ir 4 d. per savaitę'.
2025-02-18 15:30:37 [main] DEBUG l.i.u.t.SubmittedApplicationsPageTest - Entered salary amount: '1200'.
2025-02-18 15:30:47 [main] ERROR l.i.u.t.SubmittedApplicationsPageTest - Test 'testFillNewDVPApplicationFA' failed with error: element not interactable
  (Session info: chrome=132.0.6834.197)
Build info: version: '4.27.0', revision: 'd6e718d134'
System info: os.name: 'Windows 11', os.arch: 'amd64', os.version: '10.0', java.version: '21.0.3'
Driver info: org.openqa.selenium.chrome.ChromeDriver
Command: [3cd473dd28f82465304b09ba7a381812, clickElement {id=f.7687454B0C7EB342EFE867BA4AA55AE9.d.A0BC3B3B7CB4EAFA0F0551B79D21011F.e.214}]
Capabilities {acceptInsecureCerts: false, browserName: chrome, browserVersion: 132.0.6834.197, chrome: {chromedriverVersion: 132.0.6834.159 (2d77d3fc445..., userDataDir: C:\Users\INGRID~1.ZAD\AppDa...}, fedcm:accounts: true, goog:chromeOptions: {debuggerAddress: localhost:62990}, networkConnectionEnabled: false, pageLoadStrategy: normal, platformName: windows, proxy: Proxy(), se:cdp: ws://localhost:62990/devtoo..., se:cdpVersion: 132.0.6834.197, setWindowRect: true, strictFileInteractability: false, timeouts: {implicit: 0, pageLoad: 300000, script: 30000}, unhandledPromptBehavior: dismiss and notify, webauthn:extension:credBlob: true, webauthn:extension:largeBlob: true, webauthn:extension:minPinLength: true, webauthn:extension:prf: true, webauthn:virtualAuthenticators: true}
Element: [[ChromeDriver: chrome on windows (3cd473dd28f82465304b09ba7a381812)] -> xpath: (//input[@type='radio' and @value='false'])[2]]
Session ID: 3cd473dd28f82465304b09ba7a381812
org.openqa.selenium.ElementNotInteractableException: element not interactable
  (Session info: chrome=132.0.6834.197)
Build info: version: '4.27.0', revision: 'd6e718d134'
System info: os.name: 'Windows 11', os.arch: 'amd64', os.version: '10.0', java.version: '21.0.3'
Driver info: org.openqa.selenium.chrome.ChromeDriver
Command: [3cd473dd28f82465304b09ba7a381812, clickElement {id=f.7687454B0C7EB342EFE867BA4AA55AE9.d.A0BC3B3B7CB4EAFA0F0551B79D21011F.e.214}]
Capabilities {acceptInsecureCerts: false, browserName: chrome, browserVersion: 132.0.6834.197, chrome: {chromedriverVersion: 132.0.6834.159 (2d77d3fc445..., userDataDir: C:\Users\INGRID~1.ZAD\AppDa...}, fedcm:accounts: true, goog:chromeOptions: {debuggerAddress: localhost:62990}, networkConnectionEnabled: false, pageLoadStrategy: normal, platformName: windows, proxy: Proxy(), se:cdp: ws://localhost:62990/devtoo..., se:cdpVersion: 132.0.6834.197, setWindowRect: true, strictFileInteractability: false, timeouts: {implicit: 0, pageLoad: 300000, script: 30000}, unhandledPromptBehavior: dismiss and notify, webauthn:extension:credBlob: true, webauthn:extension:largeBlob: true, webauthn:extension:minPinLength: true, webauthn:extension:prf: true, webauthn:virtualAuthenticators: true}
Element: [[ChromeDriver: chrome on windows (3cd473dd28f82465304b09ba7a381812)] -> xpath: (//input[@type='radio' and @value='false'])[2]]
Session ID: 3cd473dd28f82465304b09ba7a381812
	at java.base/jdk.internal.reflect.DirectConstructorHandleAccessor.newInstance(DirectConstructorHandleAccessor.java:62)
	at java.base/java.lang.reflect.Constructor.newInstanceWithCaller(Constructor.java:502)
	at java.base/java.lang.reflect.Constructor.newInstance(Constructor.java:486)
	at org.openqa.selenium.remote.ErrorCodec.decode(ErrorCodec.java:167)
	at org.openqa.selenium.remote.codec.w3c.W3CHttpResponseCodec.decode(W3CHttpResponseCodec.java:138)
	at org.openqa.selenium.remote.codec.w3c.W3CHttpResponseCodec.decode(W3CHttpResponseCodec.java:50)
	at org.openqa.selenium.remote.HttpCommandExecutor.execute(HttpCommandExecutor.java:190)
	at org.openqa.selenium.remote.service.DriverCommandExecutor.invokeExecute(DriverCommandExecutor.java:216)
	at org.openqa.selenium.remote.service.DriverCommandExecutor.execute(DriverCommandExecutor.java:174)
	at org.openqa.selenium.remote.RemoteWebDriver.execute(RemoteWebDriver.java:545)
	at org.openqa.selenium.remote.RemoteWebElement.execute(RemoteWebElement.java:223)
	at org.openqa.selenium.remote.RemoteWebElement.click(RemoteWebElement.java:76)
	at java.base/jdk.internal.reflect.DirectMethodHandleAccessor.invoke(DirectMethodHandleAccessor.java:103)
	at java.base/java.lang.reflect.Method.invoke(Method.java:580)
	at org.openqa.selenium.support.pagefactory.internal.LocatingElementHandler.invoke(LocatingElementHandler.java:51)
	at jdk.proxy2/jdk.proxy2.$Proxy14.click(Unknown Source)
	at lt.insoft.uztis.pages.SubmittedApplicationsPage.clickRadioButtonTemporaryJob(SubmittedApplicationsPage.java:1020)
	at lt.insoft.uztis.tests.SubmittedApplicationsPageTest.testFillNewDVPApplicationFA(SubmittedApplicationsPageTest.java:624)
	at java.base/jdk.internal.reflect.DirectMethodHandleAccessor.invoke(DirectMethodHandleAccessor.java:103)
	at java.base/java.lang.reflect.Method.invoke(Method.java:580)
	at org.junit.platform.commons.util.ReflectionUtils.invokeMethod(ReflectionUtils.java:728)
	at org.junit.jupiter.engine.execution.MethodInvocation.proceed(MethodInvocation.java:60)
	at org.junit.jupiter.engine.execution.InvocationInterceptorChain$ValidatingInvocation.proceed(InvocationInterceptorChain.java:131)
	at org.junit.jupiter.engine.extension.TimeoutExtension.intercept(TimeoutExtension.java:156)
	at org.junit.jupiter.engine.extension.TimeoutExtension.interceptTestableMethod(TimeoutExtension.java:147)
	at org.junit.jupiter.engine.extension.TimeoutExtension.interceptTestMethod(TimeoutExtension.java:86)
	at org.junit.jupiter.engine.execution.InterceptingExecutableInvoker$ReflectiveInterceptorCall.lambda$ofVoidMethod$0(InterceptingExecutableInvoker.java:103)
	at org.junit.jupiter.engine.execution.InterceptingExecutableInvoker.lambda$invoke$0(InterceptingExecutableInvoker.java:93)
	at org.junit.jupiter.engine.execution.InvocationInterceptorChain$InterceptedInvocation.proceed(InvocationInterceptorChain.java:106)
	at org.junit.jupiter.engine.execution.InvocationInterceptorChain.proceed(InvocationInterceptorChain.java:64)
	at org.junit.jupiter.engine.execution.InvocationInterceptorChain.chainAndInvoke(InvocationInterceptorChain.java:45)
	at org.junit.jupiter.engine.execution.InvocationInterceptorChain.invoke(InvocationInterceptorChain.java:37)
	at org.junit.jupiter.engine.execution.InterceptingExecutableInvoker.invoke(InterceptingExecutableInvoker.java:92)
	at org.junit.jupiter.engine.execution.InterceptingExecutableInvoker.invoke(InterceptingExecutableInvoker.java:86)
	at org.junit.jupiter.engine.descriptor.TestMethodTestDescriptor.lambda$invokeTestMethod$7(TestMethodTestDescriptor.java:218)
	at org.junit.platform.engine.support.hierarchical.ThrowableCollector.execute(ThrowableCollector.java:73)
	at org.junit.jupiter.engine.descriptor.TestMethodTestDescriptor.invokeTestMethod(TestMethodTestDescriptor.java:214)
	at org.junit.jupiter.engine.descriptor.TestMethodTestDescriptor.execute(TestMethodTestDescriptor.java:139)
	at org.junit.jupiter.engine.descriptor.TestMethodTestDescriptor.execute(TestMethodTestDescriptor.java:69)
	at org.junit.platform.engine.support.hierarchical.NodeTestTask.lambda$executeRecursively$6(NodeTestTask.java:151)
	at org.junit.platform.engine.support.hierarchical.ThrowableCollector.execute(ThrowableCollector.java:73)
	at org.junit.platform.engine.support.hierarchical.NodeTestTask.lambda$executeRecursively$8(NodeTestTask.java:141)
	at org.junit.platform.engine.support.hierarchical.Node.around(Node.java:137)
	at org.junit.platform.engine.support.hierarchical.NodeTestTask.lambda$executeRecursively$9(NodeTestTask.java:139)
	at org.junit.platform.engine.support.hierarchical.ThrowableCollector.execute(ThrowableCollector.java:73)
	at org.junit.platform.engine.support.hierarchical.NodeTestTask.executeRecursively(NodeTestTask.java:138)
	at org.junit.platform.engine.support.hierarchical.NodeTestTask.execute(NodeTestTask.java:95)
	at java.base/java.util.ArrayList.forEach(ArrayList.java:1596)
	at org.junit.platform.engine.support.hierarchical.SameThreadHierarchicalTestExecutorService.invokeAll(SameThreadHierarchicalTestExecutorService.java:41)
	at org.junit.platform.engine.support.hierarchical.NodeTestTask.lambda$executeRecursively$6(NodeTestTask.java:155)
	at org.junit.platform.engine.support.hierarchical.ThrowableCollector.execute(ThrowableCollector.java:73)
	at org.junit.platform.engine.support.hierarchical.NodeTestTask.lambda$executeRecursively$8(NodeTestTask.java:141)
	at org.junit.platform.engine.support.hierarchical.Node.around(Node.java:137)
	at org.junit.platform.engine.support.hierarchical.NodeTestTask.lambda$executeRecursively$9(NodeTestTask.java:139)
	at org.junit.platform.engine.support.hierarchical.ThrowableCollector.execute(ThrowableCollector.java:73)
	at org.junit.platform.engine.support.hierarchical.NodeTestTask.executeRecursively(NodeTestTask.java:138)
	at org.junit.platform.engine.support.hierarchical.NodeTestTask.execute(NodeTestTask.java:95)
	at java.base/java.util.ArrayList.forEach(ArrayList.java:1596)
	at org.junit.platform.engine.support.hierarchical.SameThreadHierarchicalTestExecutorService.invokeAll(SameThreadHierarchicalTestExecutorService.java:41)
	at org.junit.platform.engine.support.hierarchical.NodeTestTask.lambda$executeRecursively$6(NodeTestTask.java:155)
	at org.junit.platform.engine.support.hierarchical.ThrowableCollector.execute(ThrowableCollector.java:73)
	at org.junit.platform.engine.support.hierarchical.NodeTestTask.lambda$executeRecursively$8(NodeTestTask.java:141)
	at org.junit.platform.engine.support.hierarchical.Node.around(Node.java:137)
	at org.junit.platform.engine.support.hierarchical.NodeTestTask.lambda$executeRecursively$9(NodeTestTask.java:139)
	at org.junit.platform.engine.support.hierarchical.ThrowableCollector.execute(ThrowableCollector.java:73)
	at org.junit.platform.engine.support.hierarchical.NodeTestTask.executeRecursively(NodeTestTask.java:138)
	at org.junit.platform.engine.support.hierarchical.NodeTestTask.execute(NodeTestTask.java:95)
	at org.junit.platform.engine.support.hierarchical.SameThreadHierarchicalTestExecutorService.submit(SameThreadHierarchicalTestExecutorService.java:35)
	at org.junit.platform.engine.support.hierarchical.HierarchicalTestExecutor.execute(HierarchicalTestExecutor.java:57)
	at org.junit.platform.engine.support.hierarchical.HierarchicalTestEngine.execute(HierarchicalTestEngine.java:54)
	at org.junit.platform.launcher.core.EngineExecutionOrchestrator.execute(EngineExecutionOrchestrator.java:198)
	at org.junit.platform.launcher.core.EngineExecutionOrchestrator.execute(EngineExecutionOrchestrator.java:169)
	at org.junit.platform.launcher.core.EngineExecutionOrchestrator.execute(EngineExecutionOrchestrator.java:93)
	at org.junit.platform.launcher.core.EngineExecutionOrchestrator.lambda$execute$0(EngineExecutionOrchestrator.java:58)
	at org.junit.platform.launcher.core.EngineExecutionOrchestrator.withInterceptedStreams(EngineExecutionOrchestrator.java:141)
	at org.junit.platform.launcher.core.EngineExecutionOrchestrator.execute(EngineExecutionOrchestrator.java:57)
	at org.junit.platform.launcher.core.DefaultLauncher.execute(DefaultLauncher.java:103)
	at org.junit.platform.launcher.core.DefaultLauncher.execute(DefaultLauncher.java:85)
	at org.junit.platform.launcher.core.DelegatingLauncher.execute(DelegatingLauncher.java:47)
	at org.junit.platform.launcher.core.SessionPerRequestLauncher.execute(SessionPerRequestLauncher.java:63)
	at com.intellij.junit5.JUnit5IdeaTestRunner.startRunnerWithArgs(JUnit5IdeaTestRunner.java:57)
	at com.intellij.rt.junit.IdeaTestRunner$Repeater$1.execute(IdeaTestRunner.java:38)
	at com.intellij.rt.execution.junit.TestsRepeater.repeat(TestsRepeater.java:11)
	at com.intellij.rt.junit.IdeaTestRunner$Repeater.startRunnerWithArgs(IdeaTestRunner.java:35)
	at com.intellij.rt.junit.JUnitStarter.prepareStreamsAndStart(JUnitStarter.java:232)
	at com.intellij.rt.junit.JUnitStarter.main(JUnitStarter.java:55)
2025-02-18 15:30:47 [main] INFO  l.insoft.uztis.tests.utils.TestUtils - Screenshot moved to C:\Users\ingrida.zadorozniene\Desktop\Asm\UZTIS\UZTIS_tests\test-output\screenshots\20250218\153047607_testFillNewDVPApplicationFA().png
2025-02-19 07:24:28 [main] INFO  lt.insoft.uztis.tests.UztisPageTest - Navigated to https://uztisdev.asseco.lt/home
2025-02-19 07:24:28 [main] INFO  l.i.u.t.SubmittedApplicationsPageTest - Starting test:'testFillNewDVPApplicationFA'
2025-02-19 07:24:29 [main] DEBUG l.i.u.t.SubmittedApplicationsPageTest - User logged in with test credentials.
2025-02-19 07:24:29 [main] DEBUG l.i.u.t.SubmittedApplicationsPageTest - Opened 'Application Processing' menu.
2025-02-19 07:24:29 [main] DEBUG l.i.u.t.SubmittedApplicationsPageTest - Clicked on 'Application Forms' menu.
2025-02-19 07:24:29 [main] DEBUG l.i.u.t.SubmittedApplicationsPageTest - Retrieved last description code text: 'TST-DVP-78'.
2025-02-19 07:24:30 [main] DEBUG l.i.u.t.SubmittedApplicationsPageTest - Clicked on 'Invitation' menu.
2025-02-19 07:24:30 [main] DEBUG l.i.u.t.SubmittedApplicationsPageTest - Selected application section by code: 'TST-DVP-78'.
2025-02-19 07:24:30 [main] DEBUG l.i.u.t.SubmittedApplicationsPageTest - Clicked 'Search' button.
2025-02-19 07:24:30 [main] DEBUG l.i.u.t.SubmittedApplicationsPageTest - Retrieved invitation code: ''.
2025-02-19 07:24:31 [main] DEBUG l.i.u.t.SubmittedApplicationsPageTest - Clicked on 'Submitted Applications' menu.
2025-02-19 07:24:32 [main] DEBUG l.i.u.t.SubmittedApplicationsPageTest - Selected invitation by code: 'TST-DVP-78'.
2025-02-19 07:24:32 [main] DEBUG l.i.u.t.SubmittedApplicationsPageTest - Invitation code inserted.
2025-02-19 07:24:32 [main] DEBUG l.i.u.t.SubmittedApplicationsPageTest - Clicked on 'Action Application' button.
2025-02-19 07:24:32 [main] DEBUG l.i.u.t.SubmittedApplicationsPageTest - Clicked on 'New Application' button.
2025-02-19 07:24:33 [main] DEBUG l.i.u.t.SubmittedApplicationsPageTest - Selected the 'RadioButtonFA' option.
2025-02-19 07:24:33 [main] DEBUG l.i.u.t.SubmittedApplicationsPageTest - Entered phone number: '61298745'.
2025-02-19 07:24:33 [main] DEBUG l.i.u.t.SubmittedApplicationsPageTest - Entered email: 'test@autotest.com'.
2025-02-19 07:24:43 [main] DEBUG l.i.u.t.SubmittedApplicationsPageTest - Checked 'For workplace adaptation' checkbox 1.
2025-02-19 07:24:53 [main] DEBUG l.i.u.t.SubmittedApplicationsPageTest - Checked 'For environmental adaptation' checkbox 2.
2025-02-19 07:24:53 [main] INFO  l.i.u.p.SubmittedApplicationsPage - Located the dropdown button.
2025-02-19 07:25:05 [main] INFO  l.i.u.p.SubmittedApplicationsPage - Found 1741 options in the dropdown.
2025-02-19 07:25:05 [main] INFO  l.i.u.p.SubmittedApplicationsPage - Successfully selected the value: '01.11 - Grūdinių (išskyrus ryžius), ankštinių ir aliejingų sėklų augalų auginimas'
2025-02-19 07:25:15 [main] ERROR l.i.u.p.SubmittedApplicationsPage - Failed to close the dropdown with aria-expanded = 'false'. Attempting manual close.
2025-02-19 07:25:15 [main] INFO  l.i.u.p.SubmittedApplicationsPage - Manual close attempt for the dropdown using body click.
2025-02-19 07:25:15 [main] DEBUG l.i.u.t.SubmittedApplicationsPageTest - Selected EVRK value: '01.11 - Grūdinių (išskyrus ryžius), ankštinių ir aliejingų sėklų augalų auginimas'.
2025-02-19 07:25:16 [main] DEBUG l.i.u.t.SubmittedApplicationsPageTest - Entered address: 'Vilniaus m. sav., Vilnius, Testo g. 10T'.
2025-02-19 07:25:16 [main] DEBUG l.i.u.t.SubmittedApplicationsPageTest - Selected 'For already working' option.
2025-02-19 07:25:16 [main] DEBUG l.i.u.t.SubmittedApplicationsPageTest - Entered person count1: '1'.
2025-02-19 07:25:16 [main] DEBUG l.i.u.t.SubmittedApplicationsPageTest - Selected 'For new working' option.
2025-02-19 07:25:16 [main] DEBUG l.i.u.t.SubmittedApplicationsPageTest - Entered person count2: '1'.
2025-02-19 07:25:16 [main] DEBUG l.i.u.t.SubmittedApplicationsPageTest - Clicked 'Next' button after checkboxes.
2025-02-19 07:25:16 [main] INFO  l.i.u.p.SubmittedApplicationsPage - Located the dropdown button.
2025-02-19 07:25:17 [main] INFO  l.i.u.p.SubmittedApplicationsPage - Successfully selected the value: 'Administratoriai'
2025-02-19 07:25:48 [main] ERROR l.i.u.p.SubmittedApplicationsPage - Timeout while waiting for dropdown to close with aria-expanded = 'false'.
2025-02-19 07:25:48 [main] DEBUG l.i.u.t.SubmittedApplicationsPageTest - Selected adaptable job name: 'Administratoriai'.
2025-02-19 07:25:48 [main] DEBUG l.i.u.t.SubmittedApplicationsPageTest - Entered job date.
2025-02-19 07:25:48 [main] DEBUG l.i.u.t.SubmittedApplicationsPageTest - Entered job function: 'Funkcija 1'.
2025-02-19 07:25:48 [main] DEBUG l.i.u.t.SubmittedApplicationsPageTest - Selected 'ForAlreadyWorking' 'no' option.
2025-02-19 07:25:48 [main] INFO  l.i.u.p.SubmittedApplicationsPage - Clicking on the dropdown button.
2025-02-19 07:25:49 [main] INFO  l.i.u.p.SubmittedApplicationsPage - Found 6 options in the dropdown.
2025-02-19 07:25:49 [main] DEBUG l.i.u.p.SubmittedApplicationsPage - Checking option: 'Lengvo neįgalumo lygis ar 45-55 procentų dalyvumo lygis (iki 2023 m. gruodžio 31 d. – 45-55 procentų darbingumo lygis)'
2025-02-19 07:25:49 [main] DEBUG l.i.u.p.SubmittedApplicationsPage - Checking option: 'Lengvo neįgalumo lygis ar 45-55 procentų dalyvumo lygis (iki 2023 m. gruodžio 31 d. – 45-55 procentų darbingumo lygis)'
2025-02-19 07:25:49 [main] DEBUG l.i.u.p.SubmittedApplicationsPage - Checking option: 'Sunkaus neįgalumo lygis ar neviršijantis 25 procentų dalyvumo lygis (iki 2023 metų gruodžio 31 dienos – iki 25 procentų darbingumo lygis)'
2025-02-19 07:25:49 [main] INFO  l.i.u.p.SubmittedApplicationsPage - Successfully selected the value: 'Sunkaus neįgalumo lygis ar neviršijantis 25 procentų dalyvumo lygis (iki 2023 metų gruodžio 31 dienos – iki 25 procentų darbingumo lygis)'
2025-02-19 07:25:49 [main] INFO  l.i.u.p.SubmittedApplicationsPage - Attempting to close the dropdown.
2025-02-19 07:26:00 [main] INFO  l.i.u.p.SubmittedApplicationsPage - Dropdown should be closed now.
2025-02-19 07:26:00 [main] DEBUG l.i.u.t.SubmittedApplicationsPageTest - Selected disabilities type: 'Sunkaus neįgalumo lygis ar neviršijantis 25 procentų dalyvumo lygis (iki 2023 metų gruodžio 31 dienos – iki 25 procentų darbingumo lygis)'.
2025-02-19 07:26:00 [main] DEBUG l.i.u.t.SubmittedApplicationsPageTest - Entered disability information: 'Negalia 1'.
2025-02-19 07:26:00 [main] DEBUG l.i.u.t.SubmittedApplicationsPageTest - Entered qualification: 'Kvalifikacija 1'.
2025-02-19 07:26:00 [main] DEBUG l.i.u.t.SubmittedApplicationsPageTest - Entered job description: 'Darbo vietos aprašymas 1'.
2025-02-19 07:26:01 [main] DEBUG l.i.u.t.SubmittedApplicationsPageTest - Entered equipment description: 'Priemonių įsigyjimas 1'.
2025-02-19 07:26:01 [main] DEBUG l.i.u.t.SubmittedApplicationsPageTest - Entered work information: 'Darbai 1'.
2025-02-19 07:26:01 [main] INFO  l.i.u.p.SubmittedApplicationsPage - Located the dropdown button.
2025-02-19 07:26:01 [main] INFO  l.i.u.p.SubmittedApplicationsPage - Successfully selected the value: 'Kita'
2025-02-19 07:26:11 [main] ERROR l.i.u.p.SubmittedApplicationsPage - Timeout while waiting for dropdown to close with aria-expanded = 'false'.
2025-02-19 07:26:11 [main] DEBUG l.i.u.t.SubmittedApplicationsPageTest - Selected time mode: 'Kita'.
2025-02-19 07:26:12 [main] DEBUG l.i.u.t.SubmittedApplicationsPageTest - Selected time mode other: '6 val. per dieną ir 4 d. per savaitę'.
2025-02-19 07:26:12 [main] DEBUG l.i.u.t.SubmittedApplicationsPageTest - Entered salary amount: '1200'.
2025-02-19 07:26:12 [main] DEBUG l.i.u.t.SubmittedApplicationsPageTest - Selected 'Temporary Job' radio button.
2025-02-19 07:26:12 [main] DEBUG l.i.u.t.SubmittedApplicationsPageTest - Selected 'Season Job' radio button.
2025-02-19 07:26:12 [main] DEBUG l.i.u.t.SubmittedApplicationsPageTest - Selected 'PVM' radio button.
2025-02-19 07:26:12 [main] INFO  l.i.u.p.SubmittedApplicationsPage - Located the dropdown button.
2025-02-19 07:26:13 [main] INFO  l.i.u.p.SubmittedApplicationsPage - Successfully selected the value: 'Darbo vietos pritaikymui'
2025-02-19 07:26:43 [main] ERROR l.i.u.p.SubmittedApplicationsPage - Timeout while waiting for dropdown to close with aria-expanded = 'false'.
2025-02-19 07:26:43 [main] DEBUG l.i.u.t.SubmittedApplicationsPageTest - Selected adaptable job name: 'Darbo vietos pritaikymui'.
2025-02-19 07:26:53 [main] ERROR l.i.u.t.SubmittedApplicationsPageTest - Test 'testFillNewDVPApplicationFA' failed with error: no such element: Unable to locate element: {"method":"xpath","selector":"(//mat-form-field[.//label[contains(normalize-space(), 'Darbo priemonės techninis parametras')]]//input)[1]"}
  (Session info: chrome=133.0.6943.99)
For documentation on this error, please visit: https://www.selenium.dev/documentation/webdriver/troubleshooting/errors#no-such-element-exception
Build info: version: '4.27.0', revision: 'd6e718d134'
System info: os.name: 'Windows 11', os.arch: 'amd64', os.version: '10.0', java.version: '21.0.3'
Driver info: org.openqa.selenium.chrome.ChromeDriver
Command: [eebd3967e25fce57d84335261f67c696, findElement {value=(//mat-form-field[.//label[contains(normalize-space(), 'Darbo priemonės techninis parametras')]]//input)[1], using=xpath}]
Capabilities {acceptInsecureCerts: false, browserName: chrome, browserVersion: 133.0.6943.99, chrome: {chromedriverVersion: 133.0.6943.126 (cffa127ce7b..., userDataDir: C:\Users\INGRID~1.ZAD\AppDa...}, fedcm:accounts: true, goog:chromeOptions: {debuggerAddress: localhost:61522}, networkConnectionEnabled: false, pageLoadStrategy: normal, platformName: windows, proxy: Proxy(), se:cdp: ws://localhost:61522/devtoo..., se:cdpVersion: 133.0.6943.99, setWindowRect: true, strictFileInteractability: false, timeouts: {implicit: 0, pageLoad: 300000, script: 30000}, unhandledPromptBehavior: dismiss and notify, webauthn:extension:credBlob: true, webauthn:extension:largeBlob: true, webauthn:extension:minPinLength: true, webauthn:extension:prf: true, webauthn:virtualAuthenticators: true}
Session ID: eebd3967e25fce57d84335261f67c696
org.openqa.selenium.NoSuchElementException: no such element: Unable to locate element: {"method":"xpath","selector":"(//mat-form-field[.//label[contains(normalize-space(), 'Darbo priemonės techninis parametras')]]//input)[1]"}
  (Session info: chrome=133.0.6943.99)
For documentation on this error, please visit: https://www.selenium.dev/documentation/webdriver/troubleshooting/errors#no-such-element-exception
Build info: version: '4.27.0', revision: 'd6e718d134'
System info: os.name: 'Windows 11', os.arch: 'amd64', os.version: '10.0', java.version: '21.0.3'
Driver info: org.openqa.selenium.chrome.ChromeDriver
Command: [eebd3967e25fce57d84335261f67c696, findElement {value=(//mat-form-field[.//label[contains(normalize-space(), 'Darbo priemonės techninis parametras')]]//input)[1], using=xpath}]
Capabilities {acceptInsecureCerts: false, browserName: chrome, browserVersion: 133.0.6943.99, chrome: {chromedriverVersion: 133.0.6943.126 (cffa127ce7b..., userDataDir: C:\Users\INGRID~1.ZAD\AppDa...}, fedcm:accounts: true, goog:chromeOptions: {debuggerAddress: localhost:61522}, networkConnectionEnabled: false, pageLoadStrategy: normal, platformName: windows, proxy: Proxy(), se:cdp: ws://localhost:61522/devtoo..., se:cdpVersion: 133.0.6943.99, setWindowRect: true, strictFileInteractability: false, timeouts: {implicit: 0, pageLoad: 300000, script: 30000}, unhandledPromptBehavior: dismiss and notify, webauthn:extension:credBlob: true, webauthn:extension:largeBlob: true, webauthn:extension:minPinLength: true, webauthn:extension:prf: true, webauthn:virtualAuthenticators: true}
Session ID: eebd3967e25fce57d84335261f67c696
	at java.base/jdk.internal.reflect.DirectConstructorHandleAccessor.newInstance(DirectConstructorHandleAccessor.java:62)
	at java.base/java.lang.reflect.Constructor.newInstanceWithCaller(Constructor.java:502)
	at java.base/java.lang.reflect.Constructor.newInstance(Constructor.java:486)
	at org.openqa.selenium.remote.ErrorCodec.decode(ErrorCodec.java:167)
	at org.openqa.selenium.remote.codec.w3c.W3CHttpResponseCodec.decode(W3CHttpResponseCodec.java:138)
	at org.openqa.selenium.remote.codec.w3c.W3CHttpResponseCodec.decode(W3CHttpResponseCodec.java:50)
	at org.openqa.selenium.remote.HttpCommandExecutor.execute(HttpCommandExecutor.java:190)
	at org.openqa.selenium.remote.service.DriverCommandExecutor.invokeExecute(DriverCommandExecutor.java:216)
	at org.openqa.selenium.remote.service.DriverCommandExecutor.execute(DriverCommandExecutor.java:174)
	at org.openqa.selenium.remote.RemoteWebDriver.execute(RemoteWebDriver.java:545)
	at org.openqa.selenium.remote.ElementLocation$ElementFinder$2.findElement(ElementLocation.java:165)
	at org.openqa.selenium.remote.ElementLocation.findElement(ElementLocation.java:59)
	at org.openqa.selenium.remote.RemoteWebDriver.findElement(RemoteWebDriver.java:368)
	at org.openqa.selenium.remote.RemoteWebDriver.findElement(RemoteWebDriver.java:362)
	at org.openqa.selenium.support.pagefactory.DefaultElementLocator.findElement(DefaultElementLocator.java:68)
	at org.openqa.selenium.support.pagefactory.internal.LocatingElementHandler.invoke(LocatingElementHandler.java:38)
	at jdk.proxy2/jdk.proxy2.$Proxy14.clear(Unknown Source)
	at lt.insoft.uztis.pages.SubmittedApplicationsPage.enterToolParameterOne(SubmittedApplicationsPage.java:1190)
	at lt.insoft.uztis.tests.SubmittedApplicationsPageTest.testFillNewDVPApplicationFA(SubmittedApplicationsPageTest.java:646)
	at java.base/jdk.internal.reflect.DirectMethodHandleAccessor.invoke(DirectMethodHandleAccessor.java:103)
	at java.base/java.lang.reflect.Method.invoke(Method.java:580)
	at org.junit.platform.commons.util.ReflectionUtils.invokeMethod(ReflectionUtils.java:728)
	at org.junit.jupiter.engine.execution.MethodInvocation.proceed(MethodInvocation.java:60)
	at org.junit.jupiter.engine.execution.InvocationInterceptorChain$ValidatingInvocation.proceed(InvocationInterceptorChain.java:131)
	at org.junit.jupiter.engine.extension.TimeoutExtension.intercept(TimeoutExtension.java:156)
	at org.junit.jupiter.engine.extension.TimeoutExtension.interceptTestableMethod(TimeoutExtension.java:147)
	at org.junit.jupiter.engine.extension.TimeoutExtension.interceptTestMethod(TimeoutExtension.java:86)
	at org.junit.jupiter.engine.execution.InterceptingExecutableInvoker$ReflectiveInterceptorCall.lambda$ofVoidMethod$0(InterceptingExecutableInvoker.java:103)
	at org.junit.jupiter.engine.execution.InterceptingExecutableInvoker.lambda$invoke$0(InterceptingExecutableInvoker.java:93)
	at org.junit.jupiter.engine.execution.InvocationInterceptorChain$InterceptedInvocation.proceed(InvocationInterceptorChain.java:106)
	at org.junit.jupiter.engine.execution.InvocationInterceptorChain.proceed(InvocationInterceptorChain.java:64)
	at org.junit.jupiter.engine.execution.InvocationInterceptorChain.chainAndInvoke(InvocationInterceptorChain.java:45)
	at org.junit.jupiter.engine.execution.InvocationInterceptorChain.invoke(InvocationInterceptorChain.java:37)
	at org.junit.jupiter.engine.execution.InterceptingExecutableInvoker.invoke(InterceptingExecutableInvoker.java:92)
	at org.junit.jupiter.engine.execution.InterceptingExecutableInvoker.invoke(InterceptingExecutableInvoker.java:86)
	at org.junit.jupiter.engine.descriptor.TestMethodTestDescriptor.lambda$invokeTestMethod$7(TestMethodTestDescriptor.java:218)
	at org.junit.platform.engine.support.hierarchical.ThrowableCollector.execute(ThrowableCollector.java:73)
	at org.junit.jupiter.engine.descriptor.TestMethodTestDescriptor.invokeTestMethod(TestMethodTestDescriptor.java:214)
	at org.junit.jupiter.engine.descriptor.TestMethodTestDescriptor.execute(TestMethodTestDescriptor.java:139)
	at org.junit.jupiter.engine.descriptor.TestMethodTestDescriptor.execute(TestMethodTestDescriptor.java:69)
	at org.junit.platform.engine.support.hierarchical.NodeTestTask.lambda$executeRecursively$6(NodeTestTask.java:151)
	at org.junit.platform.engine.support.hierarchical.ThrowableCollector.execute(ThrowableCollector.java:73)
	at org.junit.platform.engine.support.hierarchical.NodeTestTask.lambda$executeRecursively$8(NodeTestTask.java:141)
	at org.junit.platform.engine.support.hierarchical.Node.around(Node.java:137)
	at org.junit.platform.engine.support.hierarchical.NodeTestTask.lambda$executeRecursively$9(NodeTestTask.java:139)
	at org.junit.platform.engine.support.hierarchical.ThrowableCollector.execute(ThrowableCollector.java:73)
	at org.junit.platform.engine.support.hierarchical.NodeTestTask.executeRecursively(NodeTestTask.java:138)
	at org.junit.platform.engine.support.hierarchical.NodeTestTask.execute(NodeTestTask.java:95)
	at java.base/java.util.ArrayList.forEach(ArrayList.java:1596)
	at org.junit.platform.engine.support.hierarchical.SameThreadHierarchicalTestExecutorService.invokeAll(SameThreadHierarchicalTestExecutorService.java:41)
	at org.junit.platform.engine.support.hierarchical.NodeTestTask.lambda$executeRecursively$6(NodeTestTask.java:155)
	at org.junit.platform.engine.support.hierarchical.ThrowableCollector.execute(ThrowableCollector.java:73)
	at org.junit.platform.engine.support.hierarchical.NodeTestTask.lambda$executeRecursively$8(NodeTestTask.java:141)
	at org.junit.platform.engine.support.hierarchical.Node.around(Node.java:137)
	at org.junit.platform.engine.support.hierarchical.NodeTestTask.lambda$executeRecursively$9(NodeTestTask.java:139)
	at org.junit.platform.engine.support.hierarchical.ThrowableCollector.execute(ThrowableCollector.java:73)
	at org.junit.platform.engine.support.hierarchical.NodeTestTask.executeRecursively(NodeTestTask.java:138)
	at org.junit.platform.engine.support.hierarchical.NodeTestTask.execute(NodeTestTask.java:95)
	at java.base/java.util.ArrayList.forEach(ArrayList.java:1596)
	at org.junit.platform.engine.support.hierarchical.SameThreadHierarchicalTestExecutorService.invokeAll(SameThreadHierarchicalTestExecutorService.java:41)
	at org.junit.platform.engine.support.hierarchical.NodeTestTask.lambda$executeRecursively$6(NodeTestTask.java:155)
	at org.junit.platform.engine.support.hierarchical.ThrowableCollector.execute(ThrowableCollector.java:73)
	at org.junit.platform.engine.support.hierarchical.NodeTestTask.lambda$executeRecursively$8(NodeTestTask.java:141)
	at org.junit.platform.engine.support.hierarchical.Node.around(Node.java:137)
	at org.junit.platform.engine.support.hierarchical.NodeTestTask.lambda$executeRecursively$9(NodeTestTask.java:139)
	at org.junit.platform.engine.support.hierarchical.ThrowableCollector.execute(ThrowableCollector.java:73)
	at org.junit.platform.engine.support.hierarchical.NodeTestTask.executeRecursively(NodeTestTask.java:138)
	at org.junit.platform.engine.support.hierarchical.NodeTestTask.execute(NodeTestTask.java:95)
	at org.junit.platform.engine.support.hierarchical.SameThreadHierarchicalTestExecutorService.submit(SameThreadHierarchicalTestExecutorService.java:35)
	at org.junit.platform.engine.support.hierarchical.HierarchicalTestExecutor.execute(HierarchicalTestExecutor.java:57)
	at org.junit.platform.engine.support.hierarchical.HierarchicalTestEngine.execute(HierarchicalTestEngine.java:54)
	at org.junit.platform.launcher.core.EngineExecutionOrchestrator.execute(EngineExecutionOrchestrator.java:198)
	at org.junit.platform.launcher.core.EngineExecutionOrchestrator.execute(EngineExecutionOrchestrator.java:169)
	at org.junit.platform.launcher.core.EngineExecutionOrchestrator.execute(EngineExecutionOrchestrator.java:93)
	at org.junit.platform.launcher.core.EngineExecutionOrchestrator.lambda$execute$0(EngineExecutionOrchestrator.java:58)
	at org.junit.platform.launcher.core.EngineExecutionOrchestrator.withInterceptedStreams(EngineExecutionOrchestrator.java:141)
	at org.junit.platform.launcher.core.EngineExecutionOrchestrator.execute(EngineExecutionOrchestrator.java:57)
	at org.junit.platform.launcher.core.DefaultLauncher.execute(DefaultLauncher.java:103)
	at org.junit.platform.launcher.core.DefaultLauncher.execute(DefaultLauncher.java:85)
	at org.junit.platform.launcher.core.DelegatingLauncher.execute(DelegatingLauncher.java:47)
	at org.junit.platform.launcher.core.SessionPerRequestLauncher.execute(SessionPerRequestLauncher.java:63)
	at com.intellij.junit5.JUnit5IdeaTestRunner.startRunnerWithArgs(JUnit5IdeaTestRunner.java:57)
	at com.intellij.rt.junit.IdeaTestRunner$Repeater$1.execute(IdeaTestRunner.java:38)
	at com.intellij.rt.execution.junit.TestsRepeater.repeat(TestsRepeater.java:11)
	at com.intellij.rt.junit.IdeaTestRunner$Repeater.startRunnerWithArgs(IdeaTestRunner.java:35)
	at com.intellij.rt.junit.JUnitStarter.prepareStreamsAndStart(JUnitStarter.java:232)
	at com.intellij.rt.junit.JUnitStarter.main(JUnitStarter.java:55)
2025-02-19 07:26:53 [main] INFO  l.insoft.uztis.tests.utils.TestUtils - Screenshot moved to C:\Users\ingrida.zadorozniene\Desktop\Asm\UZTIS\UZTIS_tests\test-output\screenshots\20250219\072653624_testFillNewDVPApplicationFA().png
2025-02-19 07:41:14 [main] INFO  lt.insoft.uztis.tests.UztisPageTest - Navigated to https://uztisdev.asseco.lt/home
2025-02-19 07:41:15 [main] INFO  l.i.u.t.SubmittedApplicationsPageTest - Starting test:'testFillNewDVPApplicationFA'
2025-02-19 07:41:15 [main] DEBUG l.i.u.t.SubmittedApplicationsPageTest - User logged in with test credentials.
2025-02-19 07:41:15 [main] DEBUG l.i.u.t.SubmittedApplicationsPageTest - Opened 'Application Processing' menu.
2025-02-19 07:41:16 [main] DEBUG l.i.u.t.SubmittedApplicationsPageTest - Clicked on 'Application Forms' menu.
2025-02-19 07:41:16 [main] DEBUG l.i.u.t.SubmittedApplicationsPageTest - Retrieved last description code text: 'TST-DVP-78'.
2025-02-19 07:41:16 [main] DEBUG l.i.u.t.SubmittedApplicationsPageTest - Clicked on 'Invitation' menu.
2025-02-19 07:41:17 [main] DEBUG l.i.u.t.SubmittedApplicationsPageTest - Selected application section by code: 'TST-DVP-78'.
2025-02-19 07:41:17 [main] DEBUG l.i.u.t.SubmittedApplicationsPageTest - Clicked 'Search' button.
2025-02-19 07:41:17 [main] DEBUG l.i.u.t.SubmittedApplicationsPageTest - Retrieved invitation code: ''.
2025-02-19 07:41:17 [main] DEBUG l.i.u.t.SubmittedApplicationsPageTest - Clicked on 'Submitted Applications' menu.
2025-02-19 07:41:18 [main] DEBUG l.i.u.t.SubmittedApplicationsPageTest - Selected invitation by code: 'TST-DVP-78'.
2025-02-19 07:41:18 [main] DEBUG l.i.u.t.SubmittedApplicationsPageTest - Invitation code inserted.
2025-02-19 07:41:18 [main] DEBUG l.i.u.t.SubmittedApplicationsPageTest - Clicked on 'Action Application' button.
2025-02-19 07:41:18 [main] DEBUG l.i.u.t.SubmittedApplicationsPageTest - Clicked on 'New Application' button.
2025-02-19 07:41:19 [main] DEBUG l.i.u.t.SubmittedApplicationsPageTest - Selected the 'RadioButtonFA' option.
2025-02-19 07:41:19 [main] DEBUG l.i.u.t.SubmittedApplicationsPageTest - Entered phone number: '61298745'.
2025-02-19 07:41:19 [main] DEBUG l.i.u.t.SubmittedApplicationsPageTest - Entered email: 'test@autotest.com'.
2025-02-19 07:41:30 [main] DEBUG l.i.u.t.SubmittedApplicationsPageTest - Checked 'For workplace adaptation' checkbox 1.
2025-02-19 07:41:40 [main] DEBUG l.i.u.t.SubmittedApplicationsPageTest - Checked 'For environmental adaptation' checkbox 2.
2025-02-19 07:41:40 [main] INFO  l.i.u.p.SubmittedApplicationsPage - Located the dropdown button.
2025-02-19 07:41:54 [main] INFO  l.i.u.p.SubmittedApplicationsPage - Found 1741 options in the dropdown.
2025-02-19 07:41:54 [main] INFO  l.i.u.p.SubmittedApplicationsPage - Successfully selected the value: '01.11 - Grūdinių (išskyrus ryžius), ankštinių ir aliejingų sėklų augalų auginimas'
2025-02-19 07:42:05 [main] ERROR l.i.u.p.SubmittedApplicationsPage - Failed to close the dropdown with aria-expanded = 'false'. Attempting manual close.
2025-02-19 07:42:05 [main] INFO  l.i.u.p.SubmittedApplicationsPage - Manual close attempt for the dropdown using body click.
2025-02-19 07:42:05 [main] DEBUG l.i.u.t.SubmittedApplicationsPageTest - Selected EVRK value: '01.11 - Grūdinių (išskyrus ryžius), ankštinių ir aliejingų sėklų augalų auginimas'.
2025-02-19 07:42:05 [main] DEBUG l.i.u.t.SubmittedApplicationsPageTest - Entered address: 'Vilniaus m. sav., Vilnius, Testo g. 10T'.
2025-02-19 07:42:05 [main] DEBUG l.i.u.t.SubmittedApplicationsPageTest - Selected 'For already working' option.
2025-02-19 07:42:05 [main] DEBUG l.i.u.t.SubmittedApplicationsPageTest - Entered person count1: '1'.
2025-02-19 07:42:05 [main] DEBUG l.i.u.t.SubmittedApplicationsPageTest - Selected 'For new working' option.
2025-02-19 07:42:05 [main] DEBUG l.i.u.t.SubmittedApplicationsPageTest - Entered person count2: '1'.
2025-02-19 07:42:06 [main] DEBUG l.i.u.t.SubmittedApplicationsPageTest - Clicked 'Next' button after checkboxes.
2025-02-19 07:42:06 [main] INFO  l.i.u.p.SubmittedApplicationsPage - Located the dropdown button.
2025-02-19 07:42:07 [main] INFO  l.i.u.p.SubmittedApplicationsPage - Successfully selected the value: 'Administratoriai'
2025-02-19 07:42:37 [main] ERROR l.i.u.p.SubmittedApplicationsPage - Timeout while waiting for dropdown to close with aria-expanded = 'false'.
2025-02-19 07:42:37 [main] DEBUG l.i.u.t.SubmittedApplicationsPageTest - Selected adaptable job name: 'Administratoriai'.
2025-02-19 07:42:38 [main] DEBUG l.i.u.t.SubmittedApplicationsPageTest - Entered job date.
2025-02-19 07:42:38 [main] DEBUG l.i.u.t.SubmittedApplicationsPageTest - Entered job function: 'Funkcija 1'.
2025-02-19 07:42:38 [main] DEBUG l.i.u.t.SubmittedApplicationsPageTest - Selected 'ForAlreadyWorking' 'no' option.
2025-02-19 07:42:38 [main] INFO  l.i.u.p.SubmittedApplicationsPage - Clicking on the dropdown button.
2025-02-19 07:42:39 [main] INFO  l.i.u.p.SubmittedApplicationsPage - Found 6 options in the dropdown.
2025-02-19 07:42:39 [main] DEBUG l.i.u.p.SubmittedApplicationsPage - Checking option: 'Lengvo neįgalumo lygis ar 45-55 procentų dalyvumo lygis (iki 2023 m. gruodžio 31 d. – 45-55 procentų darbingumo lygis)'
2025-02-19 07:42:39 [main] DEBUG l.i.u.p.SubmittedApplicationsPage - Checking option: 'Lengvo neįgalumo lygis ar 45-55 procentų dalyvumo lygis (iki 2023 m. gruodžio 31 d. – 45-55 procentų darbingumo lygis)'
2025-02-19 07:42:39 [main] DEBUG l.i.u.p.SubmittedApplicationsPage - Checking option: 'Sunkaus neįgalumo lygis ar neviršijantis 25 procentų dalyvumo lygis (iki 2023 metų gruodžio 31 dienos – iki 25 procentų darbingumo lygis)'
2025-02-19 07:42:39 [main] INFO  l.i.u.p.SubmittedApplicationsPage - Successfully selected the value: 'Sunkaus neįgalumo lygis ar neviršijantis 25 procentų dalyvumo lygis (iki 2023 metų gruodžio 31 dienos – iki 25 procentų darbingumo lygis)'
2025-02-19 07:42:39 [main] INFO  l.i.u.p.SubmittedApplicationsPage - Attempting to close the dropdown.
2025-02-19 07:42:49 [main] INFO  l.i.u.p.SubmittedApplicationsPage - Dropdown should be closed now.
2025-02-19 07:42:49 [main] DEBUG l.i.u.t.SubmittedApplicationsPageTest - Selected disabilities type: 'Sunkaus neįgalumo lygis ar neviršijantis 25 procentų dalyvumo lygis (iki 2023 metų gruodžio 31 dienos – iki 25 procentų darbingumo lygis)'.
2025-02-19 07:42:50 [main] DEBUG l.i.u.t.SubmittedApplicationsPageTest - Entered disability information: 'Negalia 1'.
2025-02-19 07:42:50 [main] DEBUG l.i.u.t.SubmittedApplicationsPageTest - Entered qualification: 'Kvalifikacija 1'.
2025-02-19 07:42:50 [main] DEBUG l.i.u.t.SubmittedApplicationsPageTest - Entered job description: 'Darbo vietos aprašymas 1'.
2025-02-19 07:42:50 [main] DEBUG l.i.u.t.SubmittedApplicationsPageTest - Entered equipment description: 'Priemonių įsigyjimas 1'.
2025-02-19 07:42:50 [main] DEBUG l.i.u.t.SubmittedApplicationsPageTest - Entered work information: 'Darbai 1'.
2025-02-19 07:42:50 [main] INFO  l.i.u.p.SubmittedApplicationsPage - Located the dropdown button.
2025-02-19 07:42:51 [main] INFO  l.i.u.p.SubmittedApplicationsPage - Successfully selected the value: 'Kita'
2025-02-19 07:43:01 [main] ERROR l.i.u.p.SubmittedApplicationsPage - Timeout while waiting for dropdown to close with aria-expanded = 'false'.
2025-02-19 07:43:01 [main] DEBUG l.i.u.t.SubmittedApplicationsPageTest - Selected time mode: 'Kita'.
2025-02-19 07:43:01 [main] DEBUG l.i.u.t.SubmittedApplicationsPageTest - Selected time mode other: '6 val. per dieną ir 4 d. per savaitę'.
2025-02-19 07:43:02 [main] DEBUG l.i.u.t.SubmittedApplicationsPageTest - Entered salary amount: '1200'.
2025-02-19 07:43:02 [main] DEBUG l.i.u.t.SubmittedApplicationsPageTest - Selected 'Temporary Job' radio button.
2025-02-19 07:43:02 [main] DEBUG l.i.u.t.SubmittedApplicationsPageTest - Selected 'Season Job' radio button.
2025-02-19 07:43:02 [main] DEBUG l.i.u.t.SubmittedApplicationsPageTest - Selected 'PVM' radio button.
2025-02-19 07:43:02 [main] INFO  l.i.u.p.SubmittedApplicationsPage - Located the dropdown button.
2025-02-19 07:43:02 [main] INFO  l.i.u.p.SubmittedApplicationsPage - Successfully selected the value: 'Darbo vietos pritaikymui'
2025-02-19 07:43:33 [main] ERROR l.i.u.p.SubmittedApplicationsPage - Timeout while waiting for dropdown to close with aria-expanded = 'false'.
2025-02-19 07:43:33 [main] DEBUG l.i.u.t.SubmittedApplicationsPageTest - Selected adaptable job name: 'Darbo vietos pritaikymui'.
2025-02-19 07:43:33 [main] INFO  l.i.u.p.SubmittedApplicationsPage - Located the dropdown button.
2025-02-19 07:44:23 [main] ERROR l.i.u.t.SubmittedApplicationsPageTest - Test 'testFillNewDVPApplicationFA' failed with error: Expected condition failed: waiting for element to be clickable: [[ChromeDriver: chrome on windows (41492fb36d0b08430935c5e379f70686)] -> xpath: (//mat-label[contains(text(), 'Reikalinga')])[1]] (tried for 50 second(s) with 500 milliseconds interval)
Build info: version: '4.27.0', revision: 'd6e718d134'
System info: os.name: 'Windows 11', os.arch: 'amd64', os.version: '10.0', java.version: '21.0.3'
Driver info: org.openqa.selenium.chrome.ChromeDriver
Capabilities {acceptInsecureCerts: false, browserName: chrome, browserVersion: 133.0.6943.99, chrome: {chromedriverVersion: 133.0.6943.126 (cffa127ce7b..., userDataDir: C:\Users\INGRID~1.ZAD\AppDa...}, fedcm:accounts: true, goog:chromeOptions: {debuggerAddress: localhost:62048}, networkConnectionEnabled: false, pageLoadStrategy: normal, platformName: windows, proxy: Proxy(), se:cdp: ws://localhost:62048/devtoo..., se:cdpVersion: 133.0.6943.99, setWindowRect: true, strictFileInteractability: false, timeouts: {implicit: 0, pageLoad: 300000, script: 30000}, unhandledPromptBehavior: dismiss and notify, webauthn:extension:credBlob: true, webauthn:extension:largeBlob: true, webauthn:extension:minPinLength: true, webauthn:extension:prf: true, webauthn:virtualAuthenticators: true}
Session ID: 41492fb36d0b08430935c5e379f70686
org.openqa.selenium.TimeoutException: Expected condition failed: waiting for element to be clickable: [[ChromeDriver: chrome on windows (41492fb36d0b08430935c5e379f70686)] -> xpath: (//mat-label[contains(text(), 'Reikalinga')])[1]] (tried for 50 second(s) with 500 milliseconds interval)
Build info: version: '4.27.0', revision: 'd6e718d134'
System info: os.name: 'Windows 11', os.arch: 'amd64', os.version: '10.0', java.version: '21.0.3'
Driver info: org.openqa.selenium.chrome.ChromeDriver
Capabilities {acceptInsecureCerts: false, browserName: chrome, browserVersion: 133.0.6943.99, chrome: {chromedriverVersion: 133.0.6943.126 (cffa127ce7b..., userDataDir: C:\Users\INGRID~1.ZAD\AppDa...}, fedcm:accounts: true, goog:chromeOptions: {debuggerAddress: localhost:62048}, networkConnectionEnabled: false, pageLoadStrategy: normal, platformName: windows, proxy: Proxy(), se:cdp: ws://localhost:62048/devtoo..., se:cdpVersion: 133.0.6943.99, setWindowRect: true, strictFileInteractability: false, timeouts: {implicit: 0, pageLoad: 300000, script: 30000}, unhandledPromptBehavior: dismiss and notify, webauthn:extension:credBlob: true, webauthn:extension:largeBlob: true, webauthn:extension:minPinLength: true, webauthn:extension:prf: true, webauthn:virtualAuthenticators: true}
Session ID: 41492fb36d0b08430935c5e379f70686
	at org.openqa.selenium.support.ui.WebDriverWait.timeoutException(WebDriverWait.java:84)
	at org.openqa.selenium.support.ui.FluentWait.until(FluentWait.java:228)
	at lt.insoft.uztis.pages.SubmittedApplicationsPage.selectDropdownNecessaryForJobDVP(SubmittedApplicationsPage.java:1172)
	at lt.insoft.uztis.tests.SubmittedApplicationsPageTest.testFillNewDVPApplicationFA(SubmittedApplicationsPageTest.java:637)
	at java.base/jdk.internal.reflect.DirectMethodHandleAccessor.invoke(DirectMethodHandleAccessor.java:103)
	at java.base/java.lang.reflect.Method.invoke(Method.java:580)
	at org.junit.platform.commons.util.ReflectionUtils.invokeMethod(ReflectionUtils.java:728)
	at org.junit.jupiter.engine.execution.MethodInvocation.proceed(MethodInvocation.java:60)
	at org.junit.jupiter.engine.execution.InvocationInterceptorChain$ValidatingInvocation.proceed(InvocationInterceptorChain.java:131)
	at org.junit.jupiter.engine.extension.TimeoutExtension.intercept(TimeoutExtension.java:156)
	at org.junit.jupiter.engine.extension.TimeoutExtension.interceptTestableMethod(TimeoutExtension.java:147)
	at org.junit.jupiter.engine.extension.TimeoutExtension.interceptTestMethod(TimeoutExtension.java:86)
	at org.junit.jupiter.engine.execution.InterceptingExecutableInvoker$ReflectiveInterceptorCall.lambda$ofVoidMethod$0(InterceptingExecutableInvoker.java:103)
	at org.junit.jupiter.engine.execution.InterceptingExecutableInvoker.lambda$invoke$0(InterceptingExecutableInvoker.java:93)
	at org.junit.jupiter.engine.execution.InvocationInterceptorChain$InterceptedInvocation.proceed(InvocationInterceptorChain.java:106)
	at org.junit.jupiter.engine.execution.InvocationInterceptorChain.proceed(InvocationInterceptorChain.java:64)
	at org.junit.jupiter.engine.execution.InvocationInterceptorChain.chainAndInvoke(InvocationInterceptorChain.java:45)
	at org.junit.jupiter.engine.execution.InvocationInterceptorChain.invoke(InvocationInterceptorChain.java:37)
	at org.junit.jupiter.engine.execution.InterceptingExecutableInvoker.invoke(InterceptingExecutableInvoker.java:92)
	at org.junit.jupiter.engine.execution.InterceptingExecutableInvoker.invoke(InterceptingExecutableInvoker.java:86)
	at org.junit.jupiter.engine.descriptor.TestMethodTestDescriptor.lambda$invokeTestMethod$7(TestMethodTestDescriptor.java:218)
	at org.junit.platform.engine.support.hierarchical.ThrowableCollector.execute(ThrowableCollector.java:73)
	at org.junit.jupiter.engine.descriptor.TestMethodTestDescriptor.invokeTestMethod(TestMethodTestDescriptor.java:214)
	at org.junit.jupiter.engine.descriptor.TestMethodTestDescriptor.execute(TestMethodTestDescriptor.java:139)
	at org.junit.jupiter.engine.descriptor.TestMethodTestDescriptor.execute(TestMethodTestDescriptor.java:69)
	at org.junit.platform.engine.support.hierarchical.NodeTestTask.lambda$executeRecursively$6(NodeTestTask.java:151)
	at org.junit.platform.engine.support.hierarchical.ThrowableCollector.execute(ThrowableCollector.java:73)
	at org.junit.platform.engine.support.hierarchical.NodeTestTask.lambda$executeRecursively$8(NodeTestTask.java:141)
	at org.junit.platform.engine.support.hierarchical.Node.around(Node.java:137)
	at org.junit.platform.engine.support.hierarchical.NodeTestTask.lambda$executeRecursively$9(NodeTestTask.java:139)
	at org.junit.platform.engine.support.hierarchical.ThrowableCollector.execute(ThrowableCollector.java:73)
	at org.junit.platform.engine.support.hierarchical.NodeTestTask.executeRecursively(NodeTestTask.java:138)
	at org.junit.platform.engine.support.hierarchical.NodeTestTask.execute(NodeTestTask.java:95)
	at java.base/java.util.ArrayList.forEach(ArrayList.java:1596)
	at org.junit.platform.engine.support.hierarchical.SameThreadHierarchicalTestExecutorService.invokeAll(SameThreadHierarchicalTestExecutorService.java:41)
	at org.junit.platform.engine.support.hierarchical.NodeTestTask.lambda$executeRecursively$6(NodeTestTask.java:155)
	at org.junit.platform.engine.support.hierarchical.ThrowableCollector.execute(ThrowableCollector.java:73)
	at org.junit.platform.engine.support.hierarchical.NodeTestTask.lambda$executeRecursively$8(NodeTestTask.java:141)
	at org.junit.platform.engine.support.hierarchical.Node.around(Node.java:137)
	at org.junit.platform.engine.support.hierarchical.NodeTestTask.lambda$executeRecursively$9(NodeTestTask.java:139)
	at org.junit.platform.engine.support.hierarchical.ThrowableCollector.execute(ThrowableCollector.java:73)
	at org.junit.platform.engine.support.hierarchical.NodeTestTask.executeRecursively(NodeTestTask.java:138)
	at org.junit.platform.engine.support.hierarchical.NodeTestTask.execute(NodeTestTask.java:95)
	at java.base/java.util.ArrayList.forEach(ArrayList.java:1596)
	at org.junit.platform.engine.support.hierarchical.SameThreadHierarchicalTestExecutorService.invokeAll(SameThreadHierarchicalTestExecutorService.java:41)
	at org.junit.platform.engine.support.hierarchical.NodeTestTask.lambda$executeRecursively$6(NodeTestTask.java:155)
	at org.junit.platform.engine.support.hierarchical.ThrowableCollector.execute(ThrowableCollector.java:73)
	at org.junit.platform.engine.support.hierarchical.NodeTestTask.lambda$executeRecursively$8(NodeTestTask.java:141)
	at org.junit.platform.engine.support.hierarchical.Node.around(Node.java:137)
	at org.junit.platform.engine.support.hierarchical.NodeTestTask.lambda$executeRecursively$9(NodeTestTask.java:139)
	at org.junit.platform.engine.support.hierarchical.ThrowableCollector.execute(ThrowableCollector.java:73)
	at org.junit.platform.engine.support.hierarchical.NodeTestTask.executeRecursively(NodeTestTask.java:138)
	at org.junit.platform.engine.support.hierarchical.NodeTestTask.execute(NodeTestTask.java:95)
	at org.junit.platform.engine.support.hierarchical.SameThreadHierarchicalTestExecutorService.submit(SameThreadHierarchicalTestExecutorService.java:35)
	at org.junit.platform.engine.support.hierarchical.HierarchicalTestExecutor.execute(HierarchicalTestExecutor.java:57)
	at org.junit.platform.engine.support.hierarchical.HierarchicalTestEngine.execute(HierarchicalTestEngine.java:54)
	at org.junit.platform.launcher.core.EngineExecutionOrchestrator.execute(EngineExecutionOrchestrator.java:198)
	at org.junit.platform.launcher.core.EngineExecutionOrchestrator.execute(EngineExecutionOrchestrator.java:169)
	at org.junit.platform.launcher.core.EngineExecutionOrchestrator.execute(EngineExecutionOrchestrator.java:93)
	at org.junit.platform.launcher.core.EngineExecutionOrchestrator.lambda$execute$0(EngineExecutionOrchestrator.java:58)
	at org.junit.platform.launcher.core.EngineExecutionOrchestrator.withInterceptedStreams(EngineExecutionOrchestrator.java:141)
	at org.junit.platform.launcher.core.EngineExecutionOrchestrator.execute(EngineExecutionOrchestrator.java:57)
	at org.junit.platform.launcher.core.DefaultLauncher.execute(DefaultLauncher.java:103)
	at org.junit.platform.launcher.core.DefaultLauncher.execute(DefaultLauncher.java:85)
	at org.junit.platform.launcher.core.DelegatingLauncher.execute(DelegatingLauncher.java:47)
	at org.junit.platform.launcher.core.SessionPerRequestLauncher.execute(SessionPerRequestLauncher.java:63)
	at com.intellij.junit5.JUnit5IdeaTestRunner.startRunnerWithArgs(JUnit5IdeaTestRunner.java:57)
	at com.intellij.rt.junit.IdeaTestRunner$Repeater$1.execute(IdeaTestRunner.java:38)
	at com.intellij.rt.execution.junit.TestsRepeater.repeat(TestsRepeater.java:11)
	at com.intellij.rt.junit.IdeaTestRunner$Repeater.startRunnerWithArgs(IdeaTestRunner.java:35)
	at com.intellij.rt.junit.JUnitStarter.prepareStreamsAndStart(JUnitStarter.java:232)
	at com.intellij.rt.junit.JUnitStarter.main(JUnitStarter.java:55)
2025-02-19 07:44:23 [main] INFO  l.insoft.uztis.tests.utils.TestUtils - Screenshot moved to C:\Users\ingrida.zadorozniene\Desktop\Asm\UZTIS\UZTIS_tests\test-output\screenshots\20250219\074423370_testFillNewDVPApplicationFA().png
2025-02-19 07:44:54 [main] INFO  lt.insoft.uztis.tests.UztisPageTest - Navigated to https://uztisdev.asseco.lt/home
2025-02-19 07:44:55 [main] INFO  l.i.u.t.SubmittedApplicationsPageTest - Starting test:'testFillNewDVPApplicationFA'
2025-02-19 07:44:55 [main] DEBUG l.i.u.t.SubmittedApplicationsPageTest - User logged in with test credentials.
2025-02-19 07:44:55 [main] DEBUG l.i.u.t.SubmittedApplicationsPageTest - Opened 'Application Processing' menu.
2025-02-19 07:44:55 [main] DEBUG l.i.u.t.SubmittedApplicationsPageTest - Clicked on 'Application Forms' menu.
2025-02-19 07:44:56 [main] DEBUG l.i.u.t.SubmittedApplicationsPageTest - Retrieved last description code text: 'TST-DVP-78'.
2025-02-19 07:44:56 [main] DEBUG l.i.u.t.SubmittedApplicationsPageTest - Clicked on 'Invitation' menu.
2025-02-19 07:44:57 [main] DEBUG l.i.u.t.SubmittedApplicationsPageTest - Selected application section by code: 'TST-DVP-78'.
2025-02-19 07:44:57 [main] DEBUG l.i.u.t.SubmittedApplicationsPageTest - Clicked 'Search' button.
2025-02-19 07:44:57 [main] DEBUG l.i.u.t.SubmittedApplicationsPageTest - Retrieved invitation code: ''.
2025-02-19 07:44:57 [main] DEBUG l.i.u.t.SubmittedApplicationsPageTest - Clicked on 'Submitted Applications' menu.
2025-02-19 07:44:58 [main] DEBUG l.i.u.t.SubmittedApplicationsPageTest - Selected invitation by code: 'TST-DVP-78'.
2025-02-19 07:44:58 [main] DEBUG l.i.u.t.SubmittedApplicationsPageTest - Invitation code inserted.
2025-02-19 07:44:58 [main] DEBUG l.i.u.t.SubmittedApplicationsPageTest - Clicked on 'Action Application' button.
2025-02-19 07:44:58 [main] DEBUG l.i.u.t.SubmittedApplicationsPageTest - Clicked on 'New Application' button.
2025-02-19 07:44:59 [main] DEBUG l.i.u.t.SubmittedApplicationsPageTest - Selected the 'RadioButtonFA' option.
2025-02-19 07:44:59 [main] DEBUG l.i.u.t.SubmittedApplicationsPageTest - Entered phone number: '61298745'.
2025-02-19 07:44:59 [main] DEBUG l.i.u.t.SubmittedApplicationsPageTest - Entered email: 'test@autotest.com'.
2025-02-19 07:45:09 [main] DEBUG l.i.u.t.SubmittedApplicationsPageTest - Checked 'For workplace adaptation' checkbox 1.
2025-02-19 07:45:20 [main] DEBUG l.i.u.t.SubmittedApplicationsPageTest - Checked 'For environmental adaptation' checkbox 2.
2025-02-19 07:45:20 [main] INFO  l.i.u.p.SubmittedApplicationsPage - Located the dropdown button.
2025-02-19 07:45:34 [main] INFO  l.i.u.p.SubmittedApplicationsPage - Found 1741 options in the dropdown.
2025-02-19 07:45:34 [main] INFO  l.i.u.p.SubmittedApplicationsPage - Successfully selected the value: '01.11 - Grūdinių (išskyrus ryžius), ankštinių ir aliejingų sėklų augalų auginimas'
2025-02-19 07:45:44 [main] ERROR l.i.u.p.SubmittedApplicationsPage - Failed to close the dropdown with aria-expanded = 'false'. Attempting manual close.
2025-02-19 07:45:44 [main] INFO  l.i.u.p.SubmittedApplicationsPage - Manual close attempt for the dropdown using body click.
2025-02-19 07:45:44 [main] DEBUG l.i.u.t.SubmittedApplicationsPageTest - Selected EVRK value: '01.11 - Grūdinių (išskyrus ryžius), ankštinių ir aliejingų sėklų augalų auginimas'.
2025-02-19 07:45:45 [main] DEBUG l.i.u.t.SubmittedApplicationsPageTest - Entered address: 'Vilniaus m. sav., Vilnius, Testo g. 10T'.
2025-02-19 07:45:45 [main] DEBUG l.i.u.t.SubmittedApplicationsPageTest - Selected 'For already working' option.
2025-02-19 07:45:45 [main] DEBUG l.i.u.t.SubmittedApplicationsPageTest - Entered person count1: '1'.
2025-02-19 07:45:45 [main] DEBUG l.i.u.t.SubmittedApplicationsPageTest - Selected 'For new working' option.
2025-02-19 07:45:45 [main] DEBUG l.i.u.t.SubmittedApplicationsPageTest - Entered person count2: '1'.
2025-02-19 07:45:45 [main] DEBUG l.i.u.t.SubmittedApplicationsPageTest - Clicked 'Next' button after checkboxes.
2025-02-19 07:45:45 [main] INFO  l.i.u.p.SubmittedApplicationsPage - Located the dropdown button.
2025-02-19 07:45:47 [main] INFO  l.i.u.p.SubmittedApplicationsPage - Successfully selected the value: 'Administratoriai'
2025-02-19 07:46:17 [main] ERROR l.i.u.p.SubmittedApplicationsPage - Timeout while waiting for dropdown to close with aria-expanded = 'false'.
2025-02-19 07:46:17 [main] DEBUG l.i.u.t.SubmittedApplicationsPageTest - Selected adaptable job name: 'Administratoriai'.
2025-02-19 07:46:17 [main] DEBUG l.i.u.t.SubmittedApplicationsPageTest - Entered job date.
2025-02-19 07:46:17 [main] DEBUG l.i.u.t.SubmittedApplicationsPageTest - Entered job function: 'Funkcija 1'.
2025-02-19 07:46:18 [main] DEBUG l.i.u.t.SubmittedApplicationsPageTest - Selected 'ForAlreadyWorking' 'no' option.
2025-02-19 07:46:18 [main] INFO  l.i.u.p.SubmittedApplicationsPage - Clicking on the dropdown button.
2025-02-19 07:46:18 [main] INFO  l.i.u.p.SubmittedApplicationsPage - Found 6 options in the dropdown.
2025-02-19 07:46:18 [main] DEBUG l.i.u.p.SubmittedApplicationsPage - Checking option: 'Lengvo neįgalumo lygis ar 45-55 procentų dalyvumo lygis (iki 2023 m. gruodžio 31 d. – 45-55 procentų darbingumo lygis)'
2025-02-19 07:46:18 [main] DEBUG l.i.u.p.SubmittedApplicationsPage - Checking option: 'Lengvo neįgalumo lygis ar 45-55 procentų dalyvumo lygis (iki 2023 m. gruodžio 31 d. – 45-55 procentų darbingumo lygis)'
2025-02-19 07:46:18 [main] DEBUG l.i.u.p.SubmittedApplicationsPage - Checking option: 'Sunkaus neįgalumo lygis ar neviršijantis 25 procentų dalyvumo lygis (iki 2023 metų gruodžio 31 dienos – iki 25 procentų darbingumo lygis)'
2025-02-19 07:46:18 [main] INFO  l.i.u.p.SubmittedApplicationsPage - Successfully selected the value: 'Sunkaus neįgalumo lygis ar neviršijantis 25 procentų dalyvumo lygis (iki 2023 metų gruodžio 31 dienos – iki 25 procentų darbingumo lygis)'
2025-02-19 07:46:18 [main] INFO  l.i.u.p.SubmittedApplicationsPage - Attempting to close the dropdown.
2025-02-19 07:46:29 [main] INFO  l.i.u.p.SubmittedApplicationsPage - Dropdown should be closed now.
2025-02-19 07:46:29 [main] DEBUG l.i.u.t.SubmittedApplicationsPageTest - Selected disabilities type: 'Sunkaus neįgalumo lygis ar neviršijantis 25 procentų dalyvumo lygis (iki 2023 metų gruodžio 31 dienos – iki 25 procentų darbingumo lygis)'.
2025-02-19 07:46:29 [main] DEBUG l.i.u.t.SubmittedApplicationsPageTest - Entered disability information: 'Negalia 1'.
2025-02-19 07:46:29 [main] DEBUG l.i.u.t.SubmittedApplicationsPageTest - Entered qualification: 'Kvalifikacija 1'.
2025-02-19 07:46:29 [main] DEBUG l.i.u.t.SubmittedApplicationsPageTest - Entered job description: 'Darbo vietos aprašymas 1'.
2025-02-19 07:46:29 [main] DEBUG l.i.u.t.SubmittedApplicationsPageTest - Entered equipment description: 'Priemonių įsigyjimas 1'.
2025-02-19 07:46:30 [main] DEBUG l.i.u.t.SubmittedApplicationsPageTest - Entered work information: 'Darbai 1'.
2025-02-19 07:46:30 [main] INFO  l.i.u.p.SubmittedApplicationsPage - Located the dropdown button.
2025-02-19 07:46:30 [main] INFO  l.i.u.p.SubmittedApplicationsPage - Successfully selected the value: 'Kita'
2025-02-19 07:46:40 [main] ERROR l.i.u.p.SubmittedApplicationsPage - Timeout while waiting for dropdown to close with aria-expanded = 'false'.
2025-02-19 07:46:40 [main] DEBUG l.i.u.t.SubmittedApplicationsPageTest - Selected time mode: 'Kita'.
2025-02-19 07:46:41 [main] DEBUG l.i.u.t.SubmittedApplicationsPageTest - Selected time mode other: '6 val. per dieną ir 4 d. per savaitę'.
2025-02-19 07:46:41 [main] DEBUG l.i.u.t.SubmittedApplicationsPageTest - Entered salary amount: '1200'.
2025-02-19 07:46:41 [main] DEBUG l.i.u.t.SubmittedApplicationsPageTest - Selected 'Temporary Job' radio button.
2025-02-19 07:46:41 [main] DEBUG l.i.u.t.SubmittedApplicationsPageTest - Selected 'Season Job' radio button.
2025-02-19 07:46:41 [main] DEBUG l.i.u.t.SubmittedApplicationsPageTest - Selected 'PVM' radio button.
2025-02-19 07:46:41 [main] INFO  l.i.u.p.SubmittedApplicationsPage - Located the dropdown button.
2025-02-19 07:46:42 [main] INFO  l.i.u.p.SubmittedApplicationsPage - Successfully selected the value: 'Darbo vietos pritaikymui'
2025-02-19 07:47:12 [main] ERROR l.i.u.p.SubmittedApplicationsPage - Timeout while waiting for dropdown to close with aria-expanded = 'false'.
2025-02-19 07:47:12 [main] DEBUG l.i.u.t.SubmittedApplicationsPageTest - Selected adaptable job name: 'Darbo vietos pritaikymui'.
2025-02-19 07:47:12 [main] DEBUG l.i.u.t.SubmittedApplicationsPageTest - Selected tool: 'Darbo priemonė 1'.
2025-02-19 07:47:12 [main] DEBUG l.i.u.t.SubmittedApplicationsPageTest - Selected tool parameter one: 'Darbo priemonės 1 parametras 1'.
2025-02-19 07:47:12 [main] DEBUG l.i.u.t.SubmittedApplicationsPageTest - Selected tool parameter two: 'Darbo priemonės 1 parametras 2'.
2025-02-19 07:47:13 [main] DEBUG l.i.u.t.SubmittedApplicationsPageTest - Selected tool parameter three: 'Darbo priemonės 1 parametras 3'.
2025-02-19 07:47:13 [main] DEBUG l.i.u.t.SubmittedApplicationsPageTest - Entered tool count: '1'.
2025-02-19 07:47:13 [main] DEBUG l.i.u.t.SubmittedApplicationsPageTest - Entered price amount: '1000'.
2025-02-19 07:47:13 [main] DEBUG l.i.u.t.SubmittedApplicationsPageTest - Entered own funds amount: '800'.
2025-02-19 07:47:13 [main] DEBUG l.i.u.t.SubmittedApplicationsPageTest - Selected 'De Minimis' radio button.
2025-02-19 07:47:14 [main] DEBUG l.i.u.t.SubmittedApplicationsPageTest - Entered program name: 'Programa 1'.
2025-02-19 07:47:14 [main] DEBUG l.i.u.t.SubmittedApplicationsPageTest - Entered project date from.
2025-02-19 07:47:24 [main] ERROR l.i.u.t.SubmittedApplicationsPageTest - Test 'testFillNewDVPApplicationFA' failed with error: no such element: Unable to locate element: {"method":"xpath","selector":"(//input[contains(@class, 'mat-datepicker-input')])[4]"}
  (Session info: chrome=133.0.6943.99)
For documentation on this error, please visit: https://www.selenium.dev/documentation/webdriver/troubleshooting/errors#no-such-element-exception
Build info: version: '4.27.0', revision: 'd6e718d134'
System info: os.name: 'Windows 11', os.arch: 'amd64', os.version: '10.0', java.version: '21.0.3'
Driver info: org.openqa.selenium.chrome.ChromeDriver
Command: [155053718f7e3bdced59096103b64b1c, findElement {value=(//input[contains(@class, 'mat-datepicker-input')])[4], using=xpath}]
Capabilities {acceptInsecureCerts: false, browserName: chrome, browserVersion: 133.0.6943.99, chrome: {chromedriverVersion: 133.0.6943.126 (cffa127ce7b..., userDataDir: C:\Users\INGRID~1.ZAD\AppDa...}, fedcm:accounts: true, goog:chromeOptions: {debuggerAddress: localhost:62205}, networkConnectionEnabled: false, pageLoadStrategy: normal, platformName: windows, proxy: Proxy(), se:cdp: ws://localhost:62205/devtoo..., se:cdpVersion: 133.0.6943.99, setWindowRect: true, strictFileInteractability: false, timeouts: {implicit: 0, pageLoad: 300000, script: 30000}, unhandledPromptBehavior: dismiss and notify, webauthn:extension:credBlob: true, webauthn:extension:largeBlob: true, webauthn:extension:minPinLength: true, webauthn:extension:prf: true, webauthn:virtualAuthenticators: true}
Session ID: 155053718f7e3bdced59096103b64b1c
org.openqa.selenium.NoSuchElementException: no such element: Unable to locate element: {"method":"xpath","selector":"(//input[contains(@class, 'mat-datepicker-input')])[4]"}
  (Session info: chrome=133.0.6943.99)
For documentation on this error, please visit: https://www.selenium.dev/documentation/webdriver/troubleshooting/errors#no-such-element-exception
Build info: version: '4.27.0', revision: 'd6e718d134'
System info: os.name: 'Windows 11', os.arch: 'amd64', os.version: '10.0', java.version: '21.0.3'
Driver info: org.openqa.selenium.chrome.ChromeDriver
Command: [155053718f7e3bdced59096103b64b1c, findElement {value=(//input[contains(@class, 'mat-datepicker-input')])[4], using=xpath}]
Capabilities {acceptInsecureCerts: false, browserName: chrome, browserVersion: 133.0.6943.99, chrome: {chromedriverVersion: 133.0.6943.126 (cffa127ce7b..., userDataDir: C:\Users\INGRID~1.ZAD\AppDa...}, fedcm:accounts: true, goog:chromeOptions: {debuggerAddress: localhost:62205}, networkConnectionEnabled: false, pageLoadStrategy: normal, platformName: windows, proxy: Proxy(), se:cdp: ws://localhost:62205/devtoo..., se:cdpVersion: 133.0.6943.99, setWindowRect: true, strictFileInteractability: false, timeouts: {implicit: 0, pageLoad: 300000, script: 30000}, unhandledPromptBehavior: dismiss and notify, webauthn:extension:credBlob: true, webauthn:extension:largeBlob: true, webauthn:extension:minPinLength: true, webauthn:extension:prf: true, webauthn:virtualAuthenticators: true}
Session ID: 155053718f7e3bdced59096103b64b1c
	at java.base/jdk.internal.reflect.DirectConstructorHandleAccessor.newInstance(DirectConstructorHandleAccessor.java:62)
	at java.base/java.lang.reflect.Constructor.newInstanceWithCaller(Constructor.java:502)
	at java.base/java.lang.reflect.Constructor.newInstance(Constructor.java:486)
	at org.openqa.selenium.remote.ErrorCodec.decode(ErrorCodec.java:167)
	at org.openqa.selenium.remote.codec.w3c.W3CHttpResponseCodec.decode(W3CHttpResponseCodec.java:138)
	at org.openqa.selenium.remote.codec.w3c.W3CHttpResponseCodec.decode(W3CHttpResponseCodec.java:50)
	at org.openqa.selenium.remote.HttpCommandExecutor.execute(HttpCommandExecutor.java:190)
	at org.openqa.selenium.remote.service.DriverCommandExecutor.invokeExecute(DriverCommandExecutor.java:216)
	at org.openqa.selenium.remote.service.DriverCommandExecutor.execute(DriverCommandExecutor.java:174)
	at org.openqa.selenium.remote.RemoteWebDriver.execute(RemoteWebDriver.java:545)
	at org.openqa.selenium.remote.ElementLocation$ElementFinder$2.findElement(ElementLocation.java:165)
	at org.openqa.selenium.remote.ElementLocation.findElement(ElementLocation.java:59)
	at org.openqa.selenium.remote.RemoteWebDriver.findElement(RemoteWebDriver.java:368)
	at org.openqa.selenium.remote.RemoteWebDriver.findElement(RemoteWebDriver.java:362)
	at org.openqa.selenium.support.pagefactory.DefaultElementLocator.findElement(DefaultElementLocator.java:68)
	at org.openqa.selenium.support.pagefactory.internal.LocatingElementHandler.invoke(LocatingElementHandler.java:38)
	at jdk.proxy2/jdk.proxy2.$Proxy14.isDisplayed(Unknown Source)
	at lt.insoft.uztis.pages.SubmittedApplicationsPage.enterProjectDateUntil(SubmittedApplicationsPage.java:1334)
	at lt.insoft.uztis.tests.SubmittedApplicationsPageTest.testFillNewDVPApplicationFA(SubmittedApplicationsPageTest.java:678)
	at java.base/jdk.internal.reflect.DirectMethodHandleAccessor.invoke(DirectMethodHandleAccessor.java:103)
	at java.base/java.lang.reflect.Method.invoke(Method.java:580)
	at org.junit.platform.commons.util.ReflectionUtils.invokeMethod(ReflectionUtils.java:728)
	at org.junit.jupiter.engine.execution.MethodInvocation.proceed(MethodInvocation.java:60)
	at org.junit.jupiter.engine.execution.InvocationInterceptorChain$ValidatingInvocation.proceed(InvocationInterceptorChain.java:131)
	at org.junit.jupiter.engine.extension.TimeoutExtension.intercept(TimeoutExtension.java:156)
	at org.junit.jupiter.engine.extension.TimeoutExtension.interceptTestableMethod(TimeoutExtension.java:147)
	at org.junit.jupiter.engine.extension.TimeoutExtension.interceptTestMethod(TimeoutExtension.java:86)
	at org.junit.jupiter.engine.execution.InterceptingExecutableInvoker$ReflectiveInterceptorCall.lambda$ofVoidMethod$0(InterceptingExecutableInvoker.java:103)
	at org.junit.jupiter.engine.execution.InterceptingExecutableInvoker.lambda$invoke$0(InterceptingExecutableInvoker.java:93)
	at org.junit.jupiter.engine.execution.InvocationInterceptorChain$InterceptedInvocation.proceed(InvocationInterceptorChain.java:106)
	at org.junit.jupiter.engine.execution.InvocationInterceptorChain.proceed(InvocationInterceptorChain.java:64)
	at org.junit.jupiter.engine.execution.InvocationInterceptorChain.chainAndInvoke(InvocationInterceptorChain.java:45)
	at org.junit.jupiter.engine.execution.InvocationInterceptorChain.invoke(InvocationInterceptorChain.java:37)
	at org.junit.jupiter.engine.execution.InterceptingExecutableInvoker.invoke(InterceptingExecutableInvoker.java:92)
	at org.junit.jupiter.engine.execution.InterceptingExecutableInvoker.invoke(InterceptingExecutableInvoker.java:86)
	at org.junit.jupiter.engine.descriptor.TestMethodTestDescriptor.lambda$invokeTestMethod$7(TestMethodTestDescriptor.java:218)
	at org.junit.platform.engine.support.hierarchical.ThrowableCollector.execute(ThrowableCollector.java:73)
	at org.junit.jupiter.engine.descriptor.TestMethodTestDescriptor.invokeTestMethod(TestMethodTestDescriptor.java:214)
	at org.junit.jupiter.engine.descriptor.TestMethodTestDescriptor.execute(TestMethodTestDescriptor.java:139)
	at org.junit.jupiter.engine.descriptor.TestMethodTestDescriptor.execute(TestMethodTestDescriptor.java:69)
	at org.junit.platform.engine.support.hierarchical.NodeTestTask.lambda$executeRecursively$6(NodeTestTask.java:151)
	at org.junit.platform.engine.support.hierarchical.ThrowableCollector.execute(ThrowableCollector.java:73)
	at org.junit.platform.engine.support.hierarchical.NodeTestTask.lambda$executeRecursively$8(NodeTestTask.java:141)
	at org.junit.platform.engine.support.hierarchical.Node.around(Node.java:137)
	at org.junit.platform.engine.support.hierarchical.NodeTestTask.lambda$executeRecursively$9(NodeTestTask.java:139)
	at org.junit.platform.engine.support.hierarchical.ThrowableCollector.execute(ThrowableCollector.java:73)
	at org.junit.platform.engine.support.hierarchical.NodeTestTask.executeRecursively(NodeTestTask.java:138)
	at org.junit.platform.engine.support.hierarchical.NodeTestTask.execute(NodeTestTask.java:95)
	at java.base/java.util.ArrayList.forEach(ArrayList.java:1596)
	at org.junit.platform.engine.support.hierarchical.SameThreadHierarchicalTestExecutorService.invokeAll(SameThreadHierarchicalTestExecutorService.java:41)
	at org.junit.platform.engine.support.hierarchical.NodeTestTask.lambda$executeRecursively$6(NodeTestTask.java:155)
	at org.junit.platform.engine.support.hierarchical.ThrowableCollector.execute(ThrowableCollector.java:73)
	at org.junit.platform.engine.support.hierarchical.NodeTestTask.lambda$executeRecursively$8(NodeTestTask.java:141)
	at org.junit.platform.engine.support.hierarchical.Node.around(Node.java:137)
	at org.junit.platform.engine.support.hierarchical.NodeTestTask.lambda$executeRecursively$9(NodeTestTask.java:139)
	at org.junit.platform.engine.support.hierarchical.ThrowableCollector.execute(ThrowableCollector.java:73)
	at org.junit.platform.engine.support.hierarchical.NodeTestTask.executeRecursively(NodeTestTask.java:138)
	at org.junit.platform.engine.support.hierarchical.NodeTestTask.execute(NodeTestTask.java:95)
	at java.base/java.util.ArrayList.forEach(ArrayList.java:1596)
	at org.junit.platform.engine.support.hierarchical.SameThreadHierarchicalTestExecutorService.invokeAll(SameThreadHierarchicalTestExecutorService.java:41)
	at org.junit.platform.engine.support.hierarchical.NodeTestTask.lambda$executeRecursively$6(NodeTestTask.java:155)
	at org.junit.platform.engine.support.hierarchical.ThrowableCollector.execute(ThrowableCollector.java:73)
	at org.junit.platform.engine.support.hierarchical.NodeTestTask.lambda$executeRecursively$8(NodeTestTask.java:141)
	at org.junit.platform.engine.support.hierarchical.Node.around(Node.java:137)
	at org.junit.platform.engine.support.hierarchical.NodeTestTask.lambda$executeRecursively$9(NodeTestTask.java:139)
	at org.junit.platform.engine.support.hierarchical.ThrowableCollector.execute(ThrowableCollector.java:73)
	at org.junit.platform.engine.support.hierarchical.NodeTestTask.executeRecursively(NodeTestTask.java:138)
	at org.junit.platform.engine.support.hierarchical.NodeTestTask.execute(NodeTestTask.java:95)
	at org.junit.platform.engine.support.hierarchical.SameThreadHierarchicalTestExecutorService.submit(SameThreadHierarchicalTestExecutorService.java:35)
	at org.junit.platform.engine.support.hierarchical.HierarchicalTestExecutor.execute(HierarchicalTestExecutor.java:57)
	at org.junit.platform.engine.support.hierarchical.HierarchicalTestEngine.execute(HierarchicalTestEngine.java:54)
	at org.junit.platform.launcher.core.EngineExecutionOrchestrator.execute(EngineExecutionOrchestrator.java:198)
	at org.junit.platform.launcher.core.EngineExecutionOrchestrator.execute(EngineExecutionOrchestrator.java:169)
	at org.junit.platform.launcher.core.EngineExecutionOrchestrator.execute(EngineExecutionOrchestrator.java:93)
	at org.junit.platform.launcher.core.EngineExecutionOrchestrator.lambda$execute$0(EngineExecutionOrchestrator.java:58)
	at org.junit.platform.launcher.core.EngineExecutionOrchestrator.withInterceptedStreams(EngineExecutionOrchestrator.java:141)
	at org.junit.platform.launcher.core.EngineExecutionOrchestrator.execute(EngineExecutionOrchestrator.java:57)
	at org.junit.platform.launcher.core.DefaultLauncher.execute(DefaultLauncher.java:103)
	at org.junit.platform.launcher.core.DefaultLauncher.execute(DefaultLauncher.java:85)
	at org.junit.platform.launcher.core.DelegatingLauncher.execute(DelegatingLauncher.java:47)
	at org.junit.platform.launcher.core.SessionPerRequestLauncher.execute(SessionPerRequestLauncher.java:63)
	at com.intellij.junit5.JUnit5IdeaTestRunner.startRunnerWithArgs(JUnit5IdeaTestRunner.java:57)
	at com.intellij.rt.junit.IdeaTestRunner$Repeater$1.execute(IdeaTestRunner.java:38)
	at com.intellij.rt.execution.junit.TestsRepeater.repeat(TestsRepeater.java:11)
	at com.intellij.rt.junit.IdeaTestRunner$Repeater.startRunnerWithArgs(IdeaTestRunner.java:35)
	at com.intellij.rt.junit.JUnitStarter.prepareStreamsAndStart(JUnitStarter.java:232)
	at com.intellij.rt.junit.JUnitStarter.main(JUnitStarter.java:55)
2025-02-19 07:47:24 [main] INFO  l.insoft.uztis.tests.utils.TestUtils - Screenshot moved to C:\Users\ingrida.zadorozniene\Desktop\Asm\UZTIS\UZTIS_tests\test-output\screenshots\20250219\074724503_testFillNewDVPApplicationFA().png
2025-02-19 07:53:15 [main] INFO  lt.insoft.uztis.tests.UztisPageTest - Navigated to https://uztisdev.asseco.lt/home
2025-02-19 07:53:15 [main] INFO  l.i.u.t.SubmittedApplicationsPageTest - Starting test:'testFillNewDVPApplicationFA'
2025-02-19 07:53:16 [main] DEBUG l.i.u.t.SubmittedApplicationsPageTest - User logged in with test credentials.
2025-02-19 07:53:16 [main] DEBUG l.i.u.t.SubmittedApplicationsPageTest - Opened 'Application Processing' menu.
2025-02-19 07:53:16 [main] DEBUG l.i.u.t.SubmittedApplicationsPageTest - Clicked on 'Application Forms' menu.
2025-02-19 07:53:16 [main] DEBUG l.i.u.t.SubmittedApplicationsPageTest - Retrieved last description code text: 'TST-DVP-78'.
2025-02-19 07:53:17 [main] DEBUG l.i.u.t.SubmittedApplicationsPageTest - Clicked on 'Invitation' menu.
2025-02-19 07:53:18 [main] DEBUG l.i.u.t.SubmittedApplicationsPageTest - Selected application section by code: 'TST-DVP-78'.
2025-02-19 07:53:18 [main] DEBUG l.i.u.t.SubmittedApplicationsPageTest - Clicked 'Search' button.
2025-02-19 07:53:18 [main] DEBUG l.i.u.t.SubmittedApplicationsPageTest - Retrieved invitation code: ''.
2025-02-19 07:53:18 [main] DEBUG l.i.u.t.SubmittedApplicationsPageTest - Clicked on 'Submitted Applications' menu.
2025-02-19 07:53:19 [main] DEBUG l.i.u.t.SubmittedApplicationsPageTest - Selected invitation by code: 'TST-DVP-78'.
2025-02-19 07:53:19 [main] DEBUG l.i.u.t.SubmittedApplicationsPageTest - Invitation code inserted.
2025-02-19 07:53:19 [main] DEBUG l.i.u.t.SubmittedApplicationsPageTest - Clicked on 'Action Application' button.
2025-02-19 07:53:19 [main] DEBUG l.i.u.t.SubmittedApplicationsPageTest - Clicked on 'New Application' button.
2025-02-19 07:53:20 [main] DEBUG l.i.u.t.SubmittedApplicationsPageTest - Selected the 'RadioButtonFA' option.
2025-02-19 07:53:20 [main] DEBUG l.i.u.t.SubmittedApplicationsPageTest - Entered phone number: '61298745'.
2025-02-19 07:53:20 [main] DEBUG l.i.u.t.SubmittedApplicationsPageTest - Entered email: 'test@autotest.com'.
2025-02-19 07:53:30 [main] DEBUG l.i.u.t.SubmittedApplicationsPageTest - Checked 'For workplace adaptation' checkbox 1.
2025-02-19 07:53:41 [main] DEBUG l.i.u.t.SubmittedApplicationsPageTest - Checked 'For environmental adaptation' checkbox 2.
2025-02-19 07:53:41 [main] INFO  l.i.u.p.SubmittedApplicationsPage - Located the dropdown button.
2025-02-19 07:53:55 [main] INFO  l.i.u.p.SubmittedApplicationsPage - Found 1741 options in the dropdown.
2025-02-19 07:53:55 [main] INFO  l.i.u.p.SubmittedApplicationsPage - Successfully selected the value: '01.11 - Grūdinių (išskyrus ryžius), ankštinių ir aliejingų sėklų augalų auginimas'
2025-02-19 07:54:06 [main] ERROR l.i.u.p.SubmittedApplicationsPage - Failed to close the dropdown with aria-expanded = 'false'. Attempting manual close.
2025-02-19 07:54:06 [main] INFO  l.i.u.p.SubmittedApplicationsPage - Manual close attempt for the dropdown using body click.
2025-02-19 07:54:06 [main] DEBUG l.i.u.t.SubmittedApplicationsPageTest - Selected EVRK value: '01.11 - Grūdinių (išskyrus ryžius), ankštinių ir aliejingų sėklų augalų auginimas'.
2025-02-19 07:54:06 [main] DEBUG l.i.u.t.SubmittedApplicationsPageTest - Entered address: 'Vilniaus m. sav., Vilnius, Testo g. 10T'.
2025-02-19 07:54:06 [main] DEBUG l.i.u.t.SubmittedApplicationsPageTest - Selected 'For already working' option.
2025-02-19 07:54:06 [main] DEBUG l.i.u.t.SubmittedApplicationsPageTest - Entered person count1: '1'.
2025-02-19 07:54:07 [main] DEBUG l.i.u.t.SubmittedApplicationsPageTest - Selected 'For new working' option.
2025-02-19 07:54:07 [main] DEBUG l.i.u.t.SubmittedApplicationsPageTest - Entered person count2: '1'.
2025-02-19 07:54:07 [main] DEBUG l.i.u.t.SubmittedApplicationsPageTest - Clicked 'Next' button after checkboxes.
2025-02-19 07:54:07 [main] INFO  l.i.u.p.SubmittedApplicationsPage - Located the dropdown button.
2025-02-19 07:54:08 [main] INFO  l.i.u.p.SubmittedApplicationsPage - Successfully selected the value: 'Administratoriai'
2025-02-19 07:54:39 [main] ERROR l.i.u.p.SubmittedApplicationsPage - Timeout while waiting for dropdown to close with aria-expanded = 'false'.
2025-02-19 07:54:39 [main] DEBUG l.i.u.t.SubmittedApplicationsPageTest - Selected adaptable job name: 'Administratoriai'.
2025-02-19 07:54:39 [main] DEBUG l.i.u.t.SubmittedApplicationsPageTest - Entered job date.
2025-02-19 07:54:39 [main] DEBUG l.i.u.t.SubmittedApplicationsPageTest - Entered job function: 'Funkcija 1'.
2025-02-19 07:54:39 [main] DEBUG l.i.u.t.SubmittedApplicationsPageTest - Selected 'ForAlreadyWorking' 'no' option.
2025-02-19 07:54:39 [main] INFO  l.i.u.p.SubmittedApplicationsPage - Clicking on the dropdown button.
2025-02-19 07:54:40 [main] INFO  l.i.u.p.SubmittedApplicationsPage - Found 6 options in the dropdown.
2025-02-19 07:54:40 [main] DEBUG l.i.u.p.SubmittedApplicationsPage - Checking option: 'Lengvo neįgalumo lygis ar 45-55 procentų dalyvumo lygis (iki 2023 m. gruodžio 31 d. – 45-55 procentų darbingumo lygis)'
2025-02-19 07:54:40 [main] DEBUG l.i.u.p.SubmittedApplicationsPage - Checking option: 'Lengvo neįgalumo lygis ar 45-55 procentų dalyvumo lygis (iki 2023 m. gruodžio 31 d. – 45-55 procentų darbingumo lygis)'
2025-02-19 07:54:40 [main] DEBUG l.i.u.p.SubmittedApplicationsPage - Checking option: 'Sunkaus neįgalumo lygis ar neviršijantis 25 procentų dalyvumo lygis (iki 2023 metų gruodžio 31 dienos – iki 25 procentų darbingumo lygis)'
2025-02-19 07:54:40 [main] INFO  l.i.u.p.SubmittedApplicationsPage - Successfully selected the value: 'Sunkaus neįgalumo lygis ar neviršijantis 25 procentų dalyvumo lygis (iki 2023 metų gruodžio 31 dienos – iki 25 procentų darbingumo lygis)'
2025-02-19 07:54:40 [main] INFO  l.i.u.p.SubmittedApplicationsPage - Attempting to close the dropdown.
2025-02-19 07:54:51 [main] INFO  l.i.u.p.SubmittedApplicationsPage - Dropdown should be closed now.
2025-02-19 07:54:51 [main] DEBUG l.i.u.t.SubmittedApplicationsPageTest - Selected disabilities type: 'Sunkaus neįgalumo lygis ar neviršijantis 25 procentų dalyvumo lygis (iki 2023 metų gruodžio 31 dienos – iki 25 procentų darbingumo lygis)'.
2025-02-19 07:54:51 [main] DEBUG l.i.u.t.SubmittedApplicationsPageTest - Entered disability information: 'Negalia 1'.
2025-02-19 07:54:51 [main] DEBUG l.i.u.t.SubmittedApplicationsPageTest - Entered qualification: 'Kvalifikacija 1'.
2025-02-19 07:54:51 [main] DEBUG l.i.u.t.SubmittedApplicationsPageTest - Entered job description: 'Darbo vietos aprašymas 1'.
2025-02-19 07:54:51 [main] DEBUG l.i.u.t.SubmittedApplicationsPageTest - Entered equipment description: 'Priemonių įsigyjimas 1'.
2025-02-19 07:54:52 [main] DEBUG l.i.u.t.SubmittedApplicationsPageTest - Entered work information: 'Darbai 1'.
2025-02-19 07:54:52 [main] INFO  l.i.u.p.SubmittedApplicationsPage - Located the dropdown button.
2025-02-19 07:54:52 [main] INFO  l.i.u.p.SubmittedApplicationsPage - Successfully selected the value: 'Kita'
2025-02-19 07:55:02 [main] ERROR l.i.u.p.SubmittedApplicationsPage - Timeout while waiting for dropdown to close with aria-expanded = 'false'.
2025-02-19 07:55:02 [main] DEBUG l.i.u.t.SubmittedApplicationsPageTest - Selected time mode: 'Kita'.
2025-02-19 07:55:03 [main] DEBUG l.i.u.t.SubmittedApplicationsPageTest - Selected time mode other: '6 val. per dieną ir 4 d. per savaitę'.
2025-02-19 07:55:03 [main] DEBUG l.i.u.t.SubmittedApplicationsPageTest - Entered salary amount: '1200'.
2025-02-19 07:55:03 [main] DEBUG l.i.u.t.SubmittedApplicationsPageTest - Selected 'Temporary Job' radio button.
2025-02-19 07:55:03 [main] DEBUG l.i.u.t.SubmittedApplicationsPageTest - Selected 'Season Job' radio button.
2025-02-19 07:55:03 [main] DEBUG l.i.u.t.SubmittedApplicationsPageTest - Selected 'PVM' radio button.
2025-02-19 07:55:03 [main] INFO  l.i.u.p.SubmittedApplicationsPage - Located the dropdown button.
2025-02-19 07:55:04 [main] INFO  l.i.u.p.SubmittedApplicationsPage - Successfully selected the value: 'Darbo vietos pritaikymui'
2025-02-19 07:55:34 [main] ERROR l.i.u.p.SubmittedApplicationsPage - Timeout while waiting for dropdown to close with aria-expanded = 'false'.
2025-02-19 07:55:34 [main] DEBUG l.i.u.t.SubmittedApplicationsPageTest - Selected adaptable job name: 'Darbo vietos pritaikymui'.
2025-02-19 07:55:34 [main] DEBUG l.i.u.t.SubmittedApplicationsPageTest - Selected tool: 'Darbo priemonė 1'.
2025-02-19 07:55:34 [main] DEBUG l.i.u.t.SubmittedApplicationsPageTest - Selected tool parameter one: 'Darbo priemonės 1 parametras 1'.
2025-02-19 07:55:34 [main] DEBUG l.i.u.t.SubmittedApplicationsPageTest - Selected tool parameter two: 'Darbo priemonės 1 parametras 2'.
2025-02-19 07:55:35 [main] DEBUG l.i.u.t.SubmittedApplicationsPageTest - Selected tool parameter three: 'Darbo priemonės 1 parametras 3'.
2025-02-19 07:55:35 [main] DEBUG l.i.u.t.SubmittedApplicationsPageTest - Entered tool count: '1'.
2025-02-19 07:55:35 [main] DEBUG l.i.u.t.SubmittedApplicationsPageTest - Entered price amount: '1000'.
2025-02-19 07:55:35 [main] DEBUG l.i.u.t.SubmittedApplicationsPageTest - Entered own funds amount: '800'.
2025-02-19 07:55:35 [main] DEBUG l.i.u.t.SubmittedApplicationsPageTest - Selected 'De Minimis' radio button.
2025-02-19 07:55:35 [main] DEBUG l.i.u.t.SubmittedApplicationsPageTest - Entered program name: 'Programa 1'.
2025-02-19 07:55:36 [main] DEBUG l.i.u.t.SubmittedApplicationsPageTest - Entered project date from.
2025-02-19 07:55:36 [main] DEBUG l.i.u.t.SubmittedApplicationsPageTest - Entered project date until.
2025-02-19 07:55:36 [main] DEBUG l.i.u.t.SubmittedApplicationsPageTest - Entered support amount: '2000'.
2025-02-19 07:55:36 [main] DEBUG l.i.u.t.SubmittedApplicationsPageTest - Clicked 'Next' button.
2025-02-19 07:55:46 [main] DEBUG l.i.u.t.SubmittedApplicationsPageTest - Checked 'Legal Entities' checkbox 1.
2025-02-19 07:55:57 [main] DEBUG l.i.u.t.SubmittedApplicationsPageTest - Checked 'Legal Entities' checkbox 2.
2025-02-19 07:56:27 [main] ERROR l.i.u.t.SubmittedApplicationsPageTest - Test 'testFillNewDVPApplicationFA' failed with error: no such element: Unable to locate element: {"method":"xpath","selector":"(//div[contains(@class, 'mdc-checkbox')]//input[@type='checkbox'])[3]"}
  (Session info: chrome=133.0.6943.99)
For documentation on this error, please visit: https://www.selenium.dev/documentation/webdriver/troubleshooting/errors#no-such-element-exception
Build info: version: '4.27.0', revision: 'd6e718d134'
System info: os.name: 'Windows 11', os.arch: 'amd64', os.version: '10.0', java.version: '21.0.3'
Driver info: org.openqa.selenium.chrome.ChromeDriver
Command: [741a507b7561aedee4938902e26bb9fe, findElement {value=(//div[contains(@class, 'mdc-checkbox')]//input[@type='checkbox'])[3], using=xpath}]
Capabilities {acceptInsecureCerts: false, browserName: chrome, browserVersion: 133.0.6943.99, chrome: {chromedriverVersion: 133.0.6943.126 (cffa127ce7b..., userDataDir: C:\Users\INGRID~1.ZAD\AppDa...}, fedcm:accounts: true, goog:chromeOptions: {debuggerAddress: localhost:62476}, networkConnectionEnabled: false, pageLoadStrategy: normal, platformName: windows, proxy: Proxy(), se:cdp: ws://localhost:62476/devtoo..., se:cdpVersion: 133.0.6943.99, setWindowRect: true, strictFileInteractability: false, timeouts: {implicit: 0, pageLoad: 300000, script: 30000}, unhandledPromptBehavior: dismiss and notify, webauthn:extension:credBlob: true, webauthn:extension:largeBlob: true, webauthn:extension:minPinLength: true, webauthn:extension:prf: true, webauthn:virtualAuthenticators: true}
Session ID: 741a507b7561aedee4938902e26bb9fe
org.openqa.selenium.NoSuchElementException: no such element: Unable to locate element: {"method":"xpath","selector":"(//div[contains(@class, 'mdc-checkbox')]//input[@type='checkbox'])[3]"}
  (Session info: chrome=133.0.6943.99)
For documentation on this error, please visit: https://www.selenium.dev/documentation/webdriver/troubleshooting/errors#no-such-element-exception
Build info: version: '4.27.0', revision: 'd6e718d134'
System info: os.name: 'Windows 11', os.arch: 'amd64', os.version: '10.0', java.version: '21.0.3'
Driver info: org.openqa.selenium.chrome.ChromeDriver
Command: [741a507b7561aedee4938902e26bb9fe, findElement {value=(//div[contains(@class, 'mdc-checkbox')]//input[@type='checkbox'])[3], using=xpath}]
Capabilities {acceptInsecureCerts: false, browserName: chrome, browserVersion: 133.0.6943.99, chrome: {chromedriverVersion: 133.0.6943.126 (cffa127ce7b..., userDataDir: C:\Users\INGRID~1.ZAD\AppDa...}, fedcm:accounts: true, goog:chromeOptions: {debuggerAddress: localhost:62476}, networkConnectionEnabled: false, pageLoadStrategy: normal, platformName: windows, proxy: Proxy(), se:cdp: ws://localhost:62476/devtoo..., se:cdpVersion: 133.0.6943.99, setWindowRect: true, strictFileInteractability: false, timeouts: {implicit: 0, pageLoad: 300000, script: 30000}, unhandledPromptBehavior: dismiss and notify, webauthn:extension:credBlob: true, webauthn:extension:largeBlob: true, webauthn:extension:minPinLength: true, webauthn:extension:prf: true, webauthn:virtualAuthenticators: true}
Session ID: 741a507b7561aedee4938902e26bb9fe
	at java.base/jdk.internal.reflect.DirectConstructorHandleAccessor.newInstance(DirectConstructorHandleAccessor.java:62)
	at java.base/java.lang.reflect.Constructor.newInstanceWithCaller(Constructor.java:502)
	at java.base/java.lang.reflect.Constructor.newInstance(Constructor.java:486)
	at org.openqa.selenium.remote.ErrorCodec.decode(ErrorCodec.java:167)
	at org.openqa.selenium.remote.codec.w3c.W3CHttpResponseCodec.decode(W3CHttpResponseCodec.java:138)
	at org.openqa.selenium.remote.codec.w3c.W3CHttpResponseCodec.decode(W3CHttpResponseCodec.java:50)
	at org.openqa.selenium.remote.HttpCommandExecutor.execute(HttpCommandExecutor.java:190)
	at org.openqa.selenium.remote.service.DriverCommandExecutor.invokeExecute(DriverCommandExecutor.java:216)
	at org.openqa.selenium.remote.service.DriverCommandExecutor.execute(DriverCommandExecutor.java:174)
	at org.openqa.selenium.remote.RemoteWebDriver.execute(RemoteWebDriver.java:545)
	at org.openqa.selenium.remote.ElementLocation$ElementFinder$2.findElement(ElementLocation.java:165)
	at org.openqa.selenium.remote.ElementLocation.findElement(ElementLocation.java:59)
	at org.openqa.selenium.remote.RemoteWebDriver.findElement(RemoteWebDriver.java:368)
	at org.openqa.selenium.remote.RemoteWebDriver.findElement(RemoteWebDriver.java:362)
	at org.openqa.selenium.support.pagefactory.DefaultElementLocator.findElement(DefaultElementLocator.java:68)
	at org.openqa.selenium.support.pagefactory.internal.LocatingElementHandler.invoke(LocatingElementHandler.java:38)
	at jdk.proxy2/jdk.proxy2.$Proxy14.getWrappedElement(Unknown Source)
	at org.openqa.selenium.remote.WebElementToJsonConverter.apply(WebElementToJsonConverter.java:48)
	at java.base/java.util.stream.ReferencePipeline$3$1.accept(ReferencePipeline.java:197)
	at java.base/java.util.Spliterators$ArraySpliterator.forEachRemaining(Spliterators.java:1024)
	at java.base/java.util.stream.AbstractPipeline.copyInto(AbstractPipeline.java:509)
	at java.base/java.util.stream.AbstractPipeline.wrapAndCopyInto(AbstractPipeline.java:499)
	at java.base/java.util.stream.ReduceOps$ReduceOp.evaluateSequential(ReduceOps.java:921)
	at java.base/java.util.stream.AbstractPipeline.evaluate(AbstractPipeline.java:234)
	at java.base/java.util.stream.ReferencePipeline.collect(ReferencePipeline.java:682)
	at org.openqa.selenium.remote.RemoteWebDriver.executeScript(RemoteWebDriver.java:474)
	at lt.insoft.uztis.pages.SubmittedApplicationsPage$CheckboxHelper.clickWithJavaScript(SubmittedApplicationsPage.java:1421)
	at lt.insoft.uztis.pages.SubmittedApplicationsPage$CheckboxHelper.setConfirmationCheckbox(SubmittedApplicationsPage.java:1410)
	at lt.insoft.uztis.tests.SubmittedApplicationsPageTest.testFillNewDVPApplicationFA(SubmittedApplicationsPageTest.java:696)
	at java.base/jdk.internal.reflect.DirectMethodHandleAccessor.invoke(DirectMethodHandleAccessor.java:103)
	at java.base/java.lang.reflect.Method.invoke(Method.java:580)
	at org.junit.platform.commons.util.ReflectionUtils.invokeMethod(ReflectionUtils.java:728)
	at org.junit.jupiter.engine.execution.MethodInvocation.proceed(MethodInvocation.java:60)
	at org.junit.jupiter.engine.execution.InvocationInterceptorChain$ValidatingInvocation.proceed(InvocationInterceptorChain.java:131)
	at org.junit.jupiter.engine.extension.TimeoutExtension.intercept(TimeoutExtension.java:156)
	at org.junit.jupiter.engine.extension.TimeoutExtension.interceptTestableMethod(TimeoutExtension.java:147)
	at org.junit.jupiter.engine.extension.TimeoutExtension.interceptTestMethod(TimeoutExtension.java:86)
	at org.junit.jupiter.engine.execution.InterceptingExecutableInvoker$ReflectiveInterceptorCall.lambda$ofVoidMethod$0(InterceptingExecutableInvoker.java:103)
	at org.junit.jupiter.engine.execution.InterceptingExecutableInvoker.lambda$invoke$0(InterceptingExecutableInvoker.java:93)
	at org.junit.jupiter.engine.execution.InvocationInterceptorChain$InterceptedInvocation.proceed(InvocationInterceptorChain.java:106)
	at org.junit.jupiter.engine.execution.InvocationInterceptorChain.proceed(InvocationInterceptorChain.java:64)
	at org.junit.jupiter.engine.execution.InvocationInterceptorChain.chainAndInvoke(InvocationInterceptorChain.java:45)
	at org.junit.jupiter.engine.execution.InvocationInterceptorChain.invoke(InvocationInterceptorChain.java:37)
	at org.junit.jupiter.engine.execution.InterceptingExecutableInvoker.invoke(InterceptingExecutableInvoker.java:92)
	at org.junit.jupiter.engine.execution.InterceptingExecutableInvoker.invoke(InterceptingExecutableInvoker.java:86)
	at org.junit.jupiter.engine.descriptor.TestMethodTestDescriptor.lambda$invokeTestMethod$7(TestMethodTestDescriptor.java:218)
	at org.junit.platform.engine.support.hierarchical.ThrowableCollector.execute(ThrowableCollector.java:73)
	at org.junit.jupiter.engine.descriptor.TestMethodTestDescriptor.invokeTestMethod(TestMethodTestDescriptor.java:214)
	at org.junit.jupiter.engine.descriptor.TestMethodTestDescriptor.execute(TestMethodTestDescriptor.java:139)
	at org.junit.jupiter.engine.descriptor.TestMethodTestDescriptor.execute(TestMethodTestDescriptor.java:69)
	at org.junit.platform.engine.support.hierarchical.NodeTestTask.lambda$executeRecursively$6(NodeTestTask.java:151)
	at org.junit.platform.engine.support.hierarchical.ThrowableCollector.execute(ThrowableCollector.java:73)
	at org.junit.platform.engine.support.hierarchical.NodeTestTask.lambda$executeRecursively$8(NodeTestTask.java:141)
	at org.junit.platform.engine.support.hierarchical.Node.around(Node.java:137)
	at org.junit.platform.engine.support.hierarchical.NodeTestTask.lambda$executeRecursively$9(NodeTestTask.java:139)
	at org.junit.platform.engine.support.hierarchical.ThrowableCollector.execute(ThrowableCollector.java:73)
	at org.junit.platform.engine.support.hierarchical.NodeTestTask.executeRecursively(NodeTestTask.java:138)
	at org.junit.platform.engine.support.hierarchical.NodeTestTask.execute(NodeTestTask.java:95)
	at java.base/java.util.ArrayList.forEach(ArrayList.java:1596)
	at org.junit.platform.engine.support.hierarchical.SameThreadHierarchicalTestExecutorService.invokeAll(SameThreadHierarchicalTestExecutorService.java:41)
	at org.junit.platform.engine.support.hierarchical.NodeTestTask.lambda$executeRecursively$6(NodeTestTask.java:155)
	at org.junit.platform.engine.support.hierarchical.ThrowableCollector.execute(ThrowableCollector.java:73)
	at org.junit.platform.engine.support.hierarchical.NodeTestTask.lambda$executeRecursively$8(NodeTestTask.java:141)
	at org.junit.platform.engine.support.hierarchical.Node.around(Node.java:137)
	at org.junit.platform.engine.support.hierarchical.NodeTestTask.lambda$executeRecursively$9(NodeTestTask.java:139)
	at org.junit.platform.engine.support.hierarchical.ThrowableCollector.execute(ThrowableCollector.java:73)
	at org.junit.platform.engine.support.hierarchical.NodeTestTask.executeRecursively(NodeTestTask.java:138)
	at org.junit.platform.engine.support.hierarchical.NodeTestTask.execute(NodeTestTask.java:95)
	at java.base/java.util.ArrayList.forEach(ArrayList.java:1596)
	at org.junit.platform.engine.support.hierarchical.SameThreadHierarchicalTestExecutorService.invokeAll(SameThreadHierarchicalTestExecutorService.java:41)
	at org.junit.platform.engine.support.hierarchical.NodeTestTask.lambda$executeRecursively$6(NodeTestTask.java:155)
	at org.junit.platform.engine.support.hierarchical.ThrowableCollector.execute(ThrowableCollector.java:73)
	at org.junit.platform.engine.support.hierarchical.NodeTestTask.lambda$executeRecursively$8(NodeTestTask.java:141)
	at org.junit.platform.engine.support.hierarchical.Node.around(Node.java:137)
	at org.junit.platform.engine.support.hierarchical.NodeTestTask.lambda$executeRecursively$9(NodeTestTask.java:139)
	at org.junit.platform.engine.support.hierarchical.ThrowableCollector.execute(ThrowableCollector.java:73)
	at org.junit.platform.engine.support.hierarchical.NodeTestTask.executeRecursively(NodeTestTask.java:138)
	at org.junit.platform.engine.support.hierarchical.NodeTestTask.execute(NodeTestTask.java:95)
	at org.junit.platform.engine.support.hierarchical.SameThreadHierarchicalTestExecutorService.submit(SameThreadHierarchicalTestExecutorService.java:35)
	at org.junit.platform.engine.support.hierarchical.HierarchicalTestExecutor.execute(HierarchicalTestExecutor.java:57)
	at org.junit.platform.engine.support.hierarchical.HierarchicalTestEngine.execute(HierarchicalTestEngine.java:54)
	at org.junit.platform.launcher.core.EngineExecutionOrchestrator.execute(EngineExecutionOrchestrator.java:198)
	at org.junit.platform.launcher.core.EngineExecutionOrchestrator.execute(EngineExecutionOrchestrator.java:169)
	at org.junit.platform.launcher.core.EngineExecutionOrchestrator.execute(EngineExecutionOrchestrator.java:93)
	at org.junit.platform.launcher.core.EngineExecutionOrchestrator.lambda$execute$0(EngineExecutionOrchestrator.java:58)
	at org.junit.platform.launcher.core.EngineExecutionOrchestrator.withInterceptedStreams(EngineExecutionOrchestrator.java:141)
	at org.junit.platform.launcher.core.EngineExecutionOrchestrator.execute(EngineExecutionOrchestrator.java:57)
	at org.junit.platform.launcher.core.DefaultLauncher.execute(DefaultLauncher.java:103)
	at org.junit.platform.launcher.core.DefaultLauncher.execute(DefaultLauncher.java:85)
	at org.junit.platform.launcher.core.DelegatingLauncher.execute(DelegatingLauncher.java:47)
	at org.junit.platform.launcher.core.SessionPerRequestLauncher.execute(SessionPerRequestLauncher.java:63)
	at com.intellij.junit5.JUnit5IdeaTestRunner.startRunnerWithArgs(JUnit5IdeaTestRunner.java:57)
	at com.intellij.rt.junit.IdeaTestRunner$Repeater$1.execute(IdeaTestRunner.java:38)
	at com.intellij.rt.execution.junit.TestsRepeater.repeat(TestsRepeater.java:11)
	at com.intellij.rt.junit.IdeaTestRunner$Repeater.startRunnerWithArgs(IdeaTestRunner.java:35)
	at com.intellij.rt.junit.JUnitStarter.prepareStreamsAndStart(JUnitStarter.java:232)
	at com.intellij.rt.junit.JUnitStarter.main(JUnitStarter.java:55)
2025-02-19 07:56:27 [main] INFO  l.insoft.uztis.tests.utils.TestUtils - Screenshot moved to C:\Users\ingrida.zadorozniene\Desktop\Asm\UZTIS\UZTIS_tests\test-output\screenshots\20250219\075627415_testFillNewDVPApplicationFA().png
2025-02-19 08:11:35 [main] INFO  lt.insoft.uztis.tests.UztisPageTest - Navigated to https://uztisdev.asseco.lt/home
2025-02-19 08:11:36 [main] INFO  l.i.u.t.SubmittedApplicationsPageTest - Starting test:'testFillNewDVPApplicationFA'
2025-02-19 08:11:36 [main] DEBUG l.i.u.t.SubmittedApplicationsPageTest - User logged in with test credentials.
2025-02-19 08:11:36 [main] DEBUG l.i.u.t.SubmittedApplicationsPageTest - Opened 'Application Processing' menu.
2025-02-19 08:11:36 [main] DEBUG l.i.u.t.SubmittedApplicationsPageTest - Clicked on 'Application Forms' menu.
2025-02-19 08:11:37 [main] DEBUG l.i.u.t.SubmittedApplicationsPageTest - Retrieved last description code text: 'TST-DVP-78'.
2025-02-19 08:11:37 [main] DEBUG l.i.u.t.SubmittedApplicationsPageTest - Clicked on 'Invitation' menu.
2025-02-19 08:11:38 [main] DEBUG l.i.u.t.SubmittedApplicationsPageTest - Selected application section by code: 'TST-DVP-78'.
2025-02-19 08:11:38 [main] DEBUG l.i.u.t.SubmittedApplicationsPageTest - Clicked 'Search' button.
2025-02-19 08:11:38 [main] DEBUG l.i.u.t.SubmittedApplicationsPageTest - Retrieved invitation code: ''.
2025-02-19 08:11:38 [main] DEBUG l.i.u.t.SubmittedApplicationsPageTest - Clicked on 'Submitted Applications' menu.
2025-02-19 08:11:39 [main] DEBUG l.i.u.t.SubmittedApplicationsPageTest - Selected invitation by code: 'TST-DVP-78'.
2025-02-19 08:11:39 [main] DEBUG l.i.u.t.SubmittedApplicationsPageTest - Invitation code inserted.
2025-02-19 08:11:39 [main] DEBUG l.i.u.t.SubmittedApplicationsPageTest - Clicked on 'Action Application' button.
2025-02-19 08:11:39 [main] DEBUG l.i.u.t.SubmittedApplicationsPageTest - Clicked on 'New Application' button.
2025-02-19 08:11:40 [main] DEBUG l.i.u.t.SubmittedApplicationsPageTest - Selected the 'RadioButtonFA' option.
2025-02-19 08:11:40 [main] DEBUG l.i.u.t.SubmittedApplicationsPageTest - Entered phone number: '61298745'.
2025-02-19 08:11:40 [main] DEBUG l.i.u.t.SubmittedApplicationsPageTest - Entered email: 'test@autotest.com'.
2025-02-19 08:11:50 [main] DEBUG l.i.u.t.SubmittedApplicationsPageTest - Checked 'For workplace adaptation' checkbox 1.
2025-02-19 08:12:01 [main] DEBUG l.i.u.t.SubmittedApplicationsPageTest - Checked 'For environmental adaptation' checkbox 2.
2025-02-19 08:12:01 [main] INFO  l.i.u.p.SubmittedApplicationsPage - Located the dropdown button.
2025-02-19 08:12:15 [main] INFO  l.i.u.p.SubmittedApplicationsPage - Found 1741 options in the dropdown.
2025-02-19 08:12:15 [main] INFO  l.i.u.p.SubmittedApplicationsPage - Successfully selected the value: '01.11 - Grūdinių (išskyrus ryžius), ankštinių ir aliejingų sėklų augalų auginimas'
2025-02-19 08:12:25 [main] ERROR l.i.u.p.SubmittedApplicationsPage - Failed to close the dropdown with aria-expanded = 'false'. Attempting manual close.
2025-02-19 08:12:26 [main] INFO  l.i.u.p.SubmittedApplicationsPage - Manual close attempt for the dropdown using body click.
2025-02-19 08:12:26 [main] DEBUG l.i.u.t.SubmittedApplicationsPageTest - Selected EVRK value: '01.11 - Grūdinių (išskyrus ryžius), ankštinių ir aliejingų sėklų augalų auginimas'.
2025-02-19 08:12:26 [main] DEBUG l.i.u.t.SubmittedApplicationsPageTest - Entered address: 'Vilniaus m. sav., Vilnius, Testo g. 10T'.
2025-02-19 08:12:26 [main] DEBUG l.i.u.t.SubmittedApplicationsPageTest - Selected 'For already working' option.
2025-02-19 08:12:26 [main] DEBUG l.i.u.t.SubmittedApplicationsPageTest - Entered person count1: '1'.
2025-02-19 08:12:26 [main] DEBUG l.i.u.t.SubmittedApplicationsPageTest - Selected 'For new working' option.
2025-02-19 08:12:26 [main] DEBUG l.i.u.t.SubmittedApplicationsPageTest - Entered person count2: '1'.
2025-02-19 08:12:27 [main] DEBUG l.i.u.t.SubmittedApplicationsPageTest - Clicked 'Next' button after checkboxes.
2025-02-19 08:12:27 [main] INFO  l.i.u.p.SubmittedApplicationsPage - Located the dropdown button.
2025-02-19 08:12:27 [main] INFO  l.i.u.p.SubmittedApplicationsPage - Successfully selected the value: 'Administratoriai'
2025-02-19 08:12:58 [main] ERROR l.i.u.p.SubmittedApplicationsPage - Timeout while waiting for dropdown to close with aria-expanded = 'false'.
2025-02-19 08:12:58 [main] DEBUG l.i.u.t.SubmittedApplicationsPageTest - Selected adaptable job name: 'Administratoriai'.
2025-02-19 08:12:58 [main] DEBUG l.i.u.t.SubmittedApplicationsPageTest - Entered job date.
2025-02-19 08:12:58 [main] DEBUG l.i.u.t.SubmittedApplicationsPageTest - Entered job function: 'Funkcija 1'.
2025-02-19 08:12:58 [main] DEBUG l.i.u.t.SubmittedApplicationsPageTest - Selected 'ForAlreadyWorking' 'no' option.
2025-02-19 08:12:58 [main] INFO  l.i.u.p.SubmittedApplicationsPage - Clicking on the dropdown button.
2025-02-19 08:12:59 [main] INFO  l.i.u.p.SubmittedApplicationsPage - Found 6 options in the dropdown.
2025-02-19 08:12:59 [main] DEBUG l.i.u.p.SubmittedApplicationsPage - Checking option: 'Lengvo neįgalumo lygis ar 45-55 procentų dalyvumo lygis (iki 2023 m. gruodžio 31 d. – 45-55 procentų darbingumo lygis)'
2025-02-19 08:12:59 [main] DEBUG l.i.u.p.SubmittedApplicationsPage - Checking option: 'Lengvo neįgalumo lygis ar 45-55 procentų dalyvumo lygis (iki 2023 m. gruodžio 31 d. – 45-55 procentų darbingumo lygis)'
2025-02-19 08:12:59 [main] DEBUG l.i.u.p.SubmittedApplicationsPage - Checking option: 'Sunkaus neįgalumo lygis ar neviršijantis 25 procentų dalyvumo lygis (iki 2023 metų gruodžio 31 dienos – iki 25 procentų darbingumo lygis)'
2025-02-19 08:12:59 [main] INFO  l.i.u.p.SubmittedApplicationsPage - Successfully selected the value: 'Sunkaus neįgalumo lygis ar neviršijantis 25 procentų dalyvumo lygis (iki 2023 metų gruodžio 31 dienos – iki 25 procentų darbingumo lygis)'
2025-02-19 08:12:59 [main] INFO  l.i.u.p.SubmittedApplicationsPage - Attempting to close the dropdown.
2025-02-19 08:13:10 [main] INFO  l.i.u.p.SubmittedApplicationsPage - Dropdown should be closed now.
2025-02-19 08:13:10 [main] DEBUG l.i.u.t.SubmittedApplicationsPageTest - Selected disabilities type: 'Sunkaus neįgalumo lygis ar neviršijantis 25 procentų dalyvumo lygis (iki 2023 metų gruodžio 31 dienos – iki 25 procentų darbingumo lygis)'.
2025-02-19 08:13:10 [main] DEBUG l.i.u.t.SubmittedApplicationsPageTest - Entered disability information: 'Negalia 1'.
2025-02-19 08:13:10 [main] DEBUG l.i.u.t.SubmittedApplicationsPageTest - Entered qualification: 'Kvalifikacija 1'.
2025-02-19 08:13:10 [main] DEBUG l.i.u.t.SubmittedApplicationsPageTest - Entered job description: 'Darbo vietos aprašymas 1'.
2025-02-19 08:13:10 [main] DEBUG l.i.u.t.SubmittedApplicationsPageTest - Entered equipment description: 'Priemonių įsigyjimas 1'.
2025-02-19 08:13:11 [main] DEBUG l.i.u.t.SubmittedApplicationsPageTest - Entered work information: 'Darbai 1'.
2025-02-19 08:13:11 [main] INFO  l.i.u.p.SubmittedApplicationsPage - Located the dropdown button.
2025-02-19 08:13:11 [main] INFO  l.i.u.p.SubmittedApplicationsPage - Successfully selected the value: 'Kita'
2025-02-19 08:13:22 [main] ERROR l.i.u.p.SubmittedApplicationsPage - Timeout while waiting for dropdown to close with aria-expanded = 'false'.
2025-02-19 08:13:22 [main] DEBUG l.i.u.t.SubmittedApplicationsPageTest - Selected time mode: 'Kita'.
2025-02-19 08:13:22 [main] DEBUG l.i.u.t.SubmittedApplicationsPageTest - Selected time mode other: '6 val. per dieną ir 4 d. per savaitę'.
2025-02-19 08:13:22 [main] DEBUG l.i.u.t.SubmittedApplicationsPageTest - Entered salary amount: '1200'.
2025-02-19 08:13:22 [main] DEBUG l.i.u.t.SubmittedApplicationsPageTest - Selected 'Temporary Job' radio button.
2025-02-19 08:13:22 [main] DEBUG l.i.u.t.SubmittedApplicationsPageTest - Selected 'Season Job' radio button.
2025-02-19 08:13:22 [main] DEBUG l.i.u.t.SubmittedApplicationsPageTest - Selected 'PVM' radio button.
2025-02-19 08:13:22 [main] INFO  l.i.u.p.SubmittedApplicationsPage - Located the dropdown button.
2025-02-19 08:13:23 [main] INFO  l.i.u.p.SubmittedApplicationsPage - Successfully selected the value: 'Darbo vietos pritaikymui'
2025-02-19 08:13:53 [main] ERROR l.i.u.p.SubmittedApplicationsPage - Timeout while waiting for dropdown to close with aria-expanded = 'false'.
2025-02-19 08:13:53 [main] DEBUG l.i.u.t.SubmittedApplicationsPageTest - Selected adaptable job name: 'Darbo vietos pritaikymui'.
2025-02-19 08:13:53 [main] INFO  l.i.u.p.SubmittedApplicationsPage - Located the dropdown button.
2025-02-19 08:14:55 [main] ERROR l.i.u.t.SubmittedApplicationsPageTest - Test 'testFillNewDVPApplicationFA' failed with error: Expected condition failed: waiting for element to be clickable: Proxy element for: DefaultElementLocator 'By.xpath: //label[contains(text(),'Reikalinga')]/following-sibling::common-select//mat-select' (tried for 50 second(s) with 500 milliseconds interval)
org.openqa.selenium.TimeoutException: Expected condition failed: waiting for element to be clickable: Proxy element for: DefaultElementLocator 'By.xpath: //label[contains(text(),'Reikalinga')]/following-sibling::common-select//mat-select' (tried for 50 second(s) with 500 milliseconds interval)
	at org.openqa.selenium.support.ui.WebDriverWait.timeoutException(WebDriverWait.java:84)
	at org.openqa.selenium.support.ui.FluentWait.until(FluentWait.java:228)
	at lt.insoft.uztis.pages.SubmittedApplicationsPage.selectDropdownNecessaryForJobOneDVP(SubmittedApplicationsPage.java:1179)
	at lt.insoft.uztis.tests.SubmittedApplicationsPageTest.testFillNewDVPApplicationFA(SubmittedApplicationsPageTest.java:637)
	at java.base/jdk.internal.reflect.DirectMethodHandleAccessor.invoke(DirectMethodHandleAccessor.java:103)
	at java.base/java.lang.reflect.Method.invoke(Method.java:580)
	at org.junit.platform.commons.util.ReflectionUtils.invokeMethod(ReflectionUtils.java:728)
	at org.junit.jupiter.engine.execution.MethodInvocation.proceed(MethodInvocation.java:60)
	at org.junit.jupiter.engine.execution.InvocationInterceptorChain$ValidatingInvocation.proceed(InvocationInterceptorChain.java:131)
	at org.junit.jupiter.engine.extension.TimeoutExtension.intercept(TimeoutExtension.java:156)
	at org.junit.jupiter.engine.extension.TimeoutExtension.interceptTestableMethod(TimeoutExtension.java:147)
	at org.junit.jupiter.engine.extension.TimeoutExtension.interceptTestMethod(TimeoutExtension.java:86)
	at org.junit.jupiter.engine.execution.InterceptingExecutableInvoker$ReflectiveInterceptorCall.lambda$ofVoidMethod$0(InterceptingExecutableInvoker.java:103)
	at org.junit.jupiter.engine.execution.InterceptingExecutableInvoker.lambda$invoke$0(InterceptingExecutableInvoker.java:93)
	at org.junit.jupiter.engine.execution.InvocationInterceptorChain$InterceptedInvocation.proceed(InvocationInterceptorChain.java:106)
	at org.junit.jupiter.engine.execution.InvocationInterceptorChain.proceed(InvocationInterceptorChain.java:64)
	at org.junit.jupiter.engine.execution.InvocationInterceptorChain.chainAndInvoke(InvocationInterceptorChain.java:45)
	at org.junit.jupiter.engine.execution.InvocationInterceptorChain.invoke(InvocationInterceptorChain.java:37)
	at org.junit.jupiter.engine.execution.InterceptingExecutableInvoker.invoke(InterceptingExecutableInvoker.java:92)
	at org.junit.jupiter.engine.execution.InterceptingExecutableInvoker.invoke(InterceptingExecutableInvoker.java:86)
	at org.junit.jupiter.engine.descriptor.TestMethodTestDescriptor.lambda$invokeTestMethod$7(TestMethodTestDescriptor.java:218)
	at org.junit.platform.engine.support.hierarchical.ThrowableCollector.execute(ThrowableCollector.java:73)
	at org.junit.jupiter.engine.descriptor.TestMethodTestDescriptor.invokeTestMethod(TestMethodTestDescriptor.java:214)
	at org.junit.jupiter.engine.descriptor.TestMethodTestDescriptor.execute(TestMethodTestDescriptor.java:139)
	at org.junit.jupiter.engine.descriptor.TestMethodTestDescriptor.execute(TestMethodTestDescriptor.java:69)
	at org.junit.platform.engine.support.hierarchical.NodeTestTask.lambda$executeRecursively$6(NodeTestTask.java:151)
	at org.junit.platform.engine.support.hierarchical.ThrowableCollector.execute(ThrowableCollector.java:73)
	at org.junit.platform.engine.support.hierarchical.NodeTestTask.lambda$executeRecursively$8(NodeTestTask.java:141)
	at org.junit.platform.engine.support.hierarchical.Node.around(Node.java:137)
	at org.junit.platform.engine.support.hierarchical.NodeTestTask.lambda$executeRecursively$9(NodeTestTask.java:139)
	at org.junit.platform.engine.support.hierarchical.ThrowableCollector.execute(ThrowableCollector.java:73)
	at org.junit.platform.engine.support.hierarchical.NodeTestTask.executeRecursively(NodeTestTask.java:138)
	at org.junit.platform.engine.support.hierarchical.NodeTestTask.execute(NodeTestTask.java:95)
	at java.base/java.util.ArrayList.forEach(ArrayList.java:1596)
	at org.junit.platform.engine.support.hierarchical.SameThreadHierarchicalTestExecutorService.invokeAll(SameThreadHierarchicalTestExecutorService.java:41)
	at org.junit.platform.engine.support.hierarchical.NodeTestTask.lambda$executeRecursively$6(NodeTestTask.java:155)
	at org.junit.platform.engine.support.hierarchical.ThrowableCollector.execute(ThrowableCollector.java:73)
	at org.junit.platform.engine.support.hierarchical.NodeTestTask.lambda$executeRecursively$8(NodeTestTask.java:141)
	at org.junit.platform.engine.support.hierarchical.Node.around(Node.java:137)
	at org.junit.platform.engine.support.hierarchical.NodeTestTask.lambda$executeRecursively$9(NodeTestTask.java:139)
	at org.junit.platform.engine.support.hierarchical.ThrowableCollector.execute(ThrowableCollector.java:73)
	at org.junit.platform.engine.support.hierarchical.NodeTestTask.executeRecursively(NodeTestTask.java:138)
	at org.junit.platform.engine.support.hierarchical.NodeTestTask.execute(NodeTestTask.java:95)
	at java.base/java.util.ArrayList.forEach(ArrayList.java:1596)
	at org.junit.platform.engine.support.hierarchical.SameThreadHierarchicalTestExecutorService.invokeAll(SameThreadHierarchicalTestExecutorService.java:41)
	at org.junit.platform.engine.support.hierarchical.NodeTestTask.lambda$executeRecursively$6(NodeTestTask.java:155)
	at org.junit.platform.engine.support.hierarchical.ThrowableCollector.execute(ThrowableCollector.java:73)
	at org.junit.platform.engine.support.hierarchical.NodeTestTask.lambda$executeRecursively$8(NodeTestTask.java:141)
	at org.junit.platform.engine.support.hierarchical.Node.around(Node.java:137)
	at org.junit.platform.engine.support.hierarchical.NodeTestTask.lambda$executeRecursively$9(NodeTestTask.java:139)
	at org.junit.platform.engine.support.hierarchical.ThrowableCollector.execute(ThrowableCollector.java:73)
	at org.junit.platform.engine.support.hierarchical.NodeTestTask.executeRecursively(NodeTestTask.java:138)
	at org.junit.platform.engine.support.hierarchical.NodeTestTask.execute(NodeTestTask.java:95)
	at org.junit.platform.engine.support.hierarchical.SameThreadHierarchicalTestExecutorService.submit(SameThreadHierarchicalTestExecutorService.java:35)
	at org.junit.platform.engine.support.hierarchical.HierarchicalTestExecutor.execute(HierarchicalTestExecutor.java:57)
	at org.junit.platform.engine.support.hierarchical.HierarchicalTestEngine.execute(HierarchicalTestEngine.java:54)
	at org.junit.platform.launcher.core.EngineExecutionOrchestrator.execute(EngineExecutionOrchestrator.java:198)
	at org.junit.platform.launcher.core.EngineExecutionOrchestrator.execute(EngineExecutionOrchestrator.java:169)
	at org.junit.platform.launcher.core.EngineExecutionOrchestrator.execute(EngineExecutionOrchestrator.java:93)
	at org.junit.platform.launcher.core.EngineExecutionOrchestrator.lambda$execute$0(EngineExecutionOrchestrator.java:58)
	at org.junit.platform.launcher.core.EngineExecutionOrchestrator.withInterceptedStreams(EngineExecutionOrchestrator.java:141)
	at org.junit.platform.launcher.core.EngineExecutionOrchestrator.execute(EngineExecutionOrchestrator.java:57)
	at org.junit.platform.launcher.core.DefaultLauncher.execute(DefaultLauncher.java:103)
	at org.junit.platform.launcher.core.DefaultLauncher.execute(DefaultLauncher.java:85)
	at org.junit.platform.launcher.core.DelegatingLauncher.execute(DelegatingLauncher.java:47)
	at org.junit.platform.launcher.core.SessionPerRequestLauncher.execute(SessionPerRequestLauncher.java:63)
	at com.intellij.junit5.JUnit5IdeaTestRunner.startRunnerWithArgs(JUnit5IdeaTestRunner.java:57)
	at com.intellij.rt.junit.IdeaTestRunner$Repeater$1.execute(IdeaTestRunner.java:38)
	at com.intellij.rt.execution.junit.TestsRepeater.repeat(TestsRepeater.java:11)
	at com.intellij.rt.junit.IdeaTestRunner$Repeater.startRunnerWithArgs(IdeaTestRunner.java:35)
	at com.intellij.rt.junit.JUnitStarter.prepareStreamsAndStart(JUnitStarter.java:232)
	at com.intellij.rt.junit.JUnitStarter.main(JUnitStarter.java:55)
Caused by: org.openqa.selenium.NoSuchElementException: no such element: Unable to locate element: {"method":"xpath","selector":"//label[contains(text(),'Reikalinga')]/following-sibling::common-select//mat-select"}
  (Session info: chrome=133.0.6943.99)
For documentation on this error, please visit: https://www.selenium.dev/documentation/webdriver/troubleshooting/errors#no-such-element-exception
Build info: version: '4.27.0', revision: 'd6e718d134'
System info: os.name: 'Windows 11', os.arch: 'amd64', os.version: '10.0', java.version: '21.0.3'
Driver info: org.openqa.selenium.chrome.ChromeDriver
Command: [8be459427843048cc15aca0a661d71d4, findElement {value=//label[contains(text(),'Reikalinga')]/following-sibling::common-select//mat-select, using=xpath}]
Capabilities {acceptInsecureCerts: false, browserName: chrome, browserVersion: 133.0.6943.99, chrome: {chromedriverVersion: 133.0.6943.126 (cffa127ce7b..., userDataDir: C:\Users\INGRID~1.ZAD\AppDa...}, fedcm:accounts: true, goog:chromeOptions: {debuggerAddress: localhost:63154}, networkConnectionEnabled: false, pageLoadStrategy: normal, platformName: windows, proxy: Proxy(), se:cdp: ws://localhost:63154/devtoo..., se:cdpVersion: 133.0.6943.99, setWindowRect: true, strictFileInteractability: false, timeouts: {implicit: 0, pageLoad: 300000, script: 30000}, unhandledPromptBehavior: dismiss and notify, webauthn:extension:credBlob: true, webauthn:extension:largeBlob: true, webauthn:extension:minPinLength: true, webauthn:extension:prf: true, webauthn:virtualAuthenticators: true}
Session ID: 8be459427843048cc15aca0a661d71d4
	at java.base/jdk.internal.reflect.DirectConstructorHandleAccessor.newInstance(DirectConstructorHandleAccessor.java:62)
	at java.base/java.lang.reflect.Constructor.newInstanceWithCaller(Constructor.java:502)
	at java.base/java.lang.reflect.Constructor.newInstance(Constructor.java:486)
	at org.openqa.selenium.remote.ErrorCodec.decode(ErrorCodec.java:167)
	at org.openqa.selenium.remote.codec.w3c.W3CHttpResponseCodec.decode(W3CHttpResponseCodec.java:138)
	at org.openqa.selenium.remote.codec.w3c.W3CHttpResponseCodec.decode(W3CHttpResponseCodec.java:50)
	at org.openqa.selenium.remote.HttpCommandExecutor.execute(HttpCommandExecutor.java:190)
	at org.openqa.selenium.remote.service.DriverCommandExecutor.invokeExecute(DriverCommandExecutor.java:216)
	at org.openqa.selenium.remote.service.DriverCommandExecutor.execute(DriverCommandExecutor.java:174)
	at org.openqa.selenium.remote.RemoteWebDriver.execute(RemoteWebDriver.java:545)
	at org.openqa.selenium.remote.ElementLocation$ElementFinder$2.findElement(ElementLocation.java:165)
	at org.openqa.selenium.remote.ElementLocation.findElement(ElementLocation.java:59)
	at org.openqa.selenium.remote.RemoteWebDriver.findElement(RemoteWebDriver.java:368)
	at org.openqa.selenium.remote.RemoteWebDriver.findElement(RemoteWebDriver.java:362)
	at org.openqa.selenium.support.pagefactory.DefaultElementLocator.findElement(DefaultElementLocator.java:68)
	at org.openqa.selenium.support.pagefactory.internal.LocatingElementHandler.invoke(LocatingElementHandler.java:38)
	at jdk.proxy2/jdk.proxy2.$Proxy14.isDisplayed(Unknown Source)
	at org.openqa.selenium.support.ui.ExpectedConditions.elementIfVisible(ExpectedConditions.java:304)
	at org.openqa.selenium.support.ui.ExpectedConditions$10.apply(ExpectedConditions.java:290)
	at org.openqa.selenium.support.ui.ExpectedConditions$10.apply(ExpectedConditions.java:287)
	at org.openqa.selenium.support.ui.ExpectedConditions$23.apply(ExpectedConditions.java:656)
	at org.openqa.selenium.support.ui.ExpectedConditions$23.apply(ExpectedConditions.java:652)
	at org.openqa.selenium.support.ui.FluentWait.until(FluentWait.java:203)
	... 70 common frames omitted
2025-02-19 08:14:55 [main] INFO  l.insoft.uztis.tests.utils.TestUtils - Screenshot moved to C:\Users\ingrida.zadorozniene\Desktop\Asm\UZTIS\UZTIS_tests\test-output\screenshots\20250219\081455557_testFillNewDVPApplicationFA().png
2025-02-19 08:17:09 [main] INFO  lt.insoft.uztis.tests.UztisPageTest - Navigated to https://uztisdev.asseco.lt/home
2025-02-19 08:17:09 [main] INFO  l.i.u.t.SubmittedApplicationsPageTest - Starting test:'testFillNewDVPApplicationFA'
2025-02-19 08:17:10 [main] DEBUG l.i.u.t.SubmittedApplicationsPageTest - User logged in with test credentials.
2025-02-19 08:17:10 [main] DEBUG l.i.u.t.SubmittedApplicationsPageTest - Opened 'Application Processing' menu.
2025-02-19 08:17:10 [main] DEBUG l.i.u.t.SubmittedApplicationsPageTest - Clicked on 'Application Forms' menu.
2025-02-19 08:17:11 [main] DEBUG l.i.u.t.SubmittedApplicationsPageTest - Retrieved last description code text: 'TST-DVP-78'.
2025-02-19 08:17:11 [main] DEBUG l.i.u.t.SubmittedApplicationsPageTest - Clicked on 'Invitation' menu.
2025-02-19 08:17:12 [main] DEBUG l.i.u.t.SubmittedApplicationsPageTest - Selected application section by code: 'TST-DVP-78'.
2025-02-19 08:17:12 [main] DEBUG l.i.u.t.SubmittedApplicationsPageTest - Clicked 'Search' button.
2025-02-19 08:17:12 [main] DEBUG l.i.u.t.SubmittedApplicationsPageTest - Retrieved invitation code: ''.
2025-02-19 08:17:12 [main] DEBUG l.i.u.t.SubmittedApplicationsPageTest - Clicked on 'Submitted Applications' menu.
2025-02-19 08:17:13 [main] DEBUG l.i.u.t.SubmittedApplicationsPageTest - Selected invitation by code: 'TST-DVP-78'.
2025-02-19 08:17:13 [main] DEBUG l.i.u.t.SubmittedApplicationsPageTest - Invitation code inserted.
2025-02-19 08:17:13 [main] DEBUG l.i.u.t.SubmittedApplicationsPageTest - Clicked on 'Action Application' button.
2025-02-19 08:17:13 [main] DEBUG l.i.u.t.SubmittedApplicationsPageTest - Clicked on 'New Application' button.
2025-02-19 08:17:14 [main] DEBUG l.i.u.t.SubmittedApplicationsPageTest - Selected the 'RadioButtonFA' option.
2025-02-19 08:17:14 [main] DEBUG l.i.u.t.SubmittedApplicationsPageTest - Entered phone number: '61298745'.
2025-02-19 08:17:14 [main] DEBUG l.i.u.t.SubmittedApplicationsPageTest - Entered email: 'test@autotest.com'.
2025-02-19 08:17:24 [main] DEBUG l.i.u.t.SubmittedApplicationsPageTest - Checked 'For workplace adaptation' checkbox 1.
2025-02-19 08:17:35 [main] DEBUG l.i.u.t.SubmittedApplicationsPageTest - Checked 'For environmental adaptation' checkbox 2.
2025-02-19 08:17:35 [main] INFO  l.i.u.p.SubmittedApplicationsPage - Located the dropdown button.
2025-02-19 08:17:49 [main] INFO  l.i.u.p.SubmittedApplicationsPage - Found 1741 options in the dropdown.
2025-02-19 08:17:49 [main] INFO  l.i.u.p.SubmittedApplicationsPage - Successfully selected the value: '01.11 - Grūdinių (išskyrus ryžius), ankštinių ir aliejingų sėklų augalų auginimas'
2025-02-19 08:18:00 [main] ERROR l.i.u.p.SubmittedApplicationsPage - Failed to close the dropdown with aria-expanded = 'false'. Attempting manual close.
2025-02-19 08:18:00 [main] INFO  l.i.u.p.SubmittedApplicationsPage - Manual close attempt for the dropdown using body click.
2025-02-19 08:18:00 [main] DEBUG l.i.u.t.SubmittedApplicationsPageTest - Selected EVRK value: '01.11 - Grūdinių (išskyrus ryžius), ankštinių ir aliejingų sėklų augalų auginimas'.
2025-02-19 08:18:00 [main] DEBUG l.i.u.t.SubmittedApplicationsPageTest - Entered address: 'Vilniaus m. sav., Vilnius, Testo g. 10T'.
2025-02-19 08:18:00 [main] DEBUG l.i.u.t.SubmittedApplicationsPageTest - Selected 'For already working' option.
2025-02-19 08:18:00 [main] DEBUG l.i.u.t.SubmittedApplicationsPageTest - Entered person count1: '1'.
2025-02-19 08:18:01 [main] DEBUG l.i.u.t.SubmittedApplicationsPageTest - Selected 'For new working' option.
2025-02-19 08:18:01 [main] DEBUG l.i.u.t.SubmittedApplicationsPageTest - Entered person count2: '1'.
2025-02-19 08:18:01 [main] DEBUG l.i.u.t.SubmittedApplicationsPageTest - Clicked 'Next' button after checkboxes.
2025-02-19 08:18:01 [main] INFO  l.i.u.p.SubmittedApplicationsPage - Located the dropdown button.
2025-02-19 08:18:02 [main] INFO  l.i.u.p.SubmittedApplicationsPage - Successfully selected the value: 'Administratoriai'
2025-02-19 08:18:33 [main] ERROR l.i.u.p.SubmittedApplicationsPage - Timeout while waiting for dropdown to close with aria-expanded = 'false'.
2025-02-19 08:18:33 [main] DEBUG l.i.u.t.SubmittedApplicationsPageTest - Selected adaptable job name: 'Administratoriai'.
2025-02-19 08:18:33 [main] DEBUG l.i.u.t.SubmittedApplicationsPageTest - Entered job date.
2025-02-19 08:18:33 [main] DEBUG l.i.u.t.SubmittedApplicationsPageTest - Entered job function: 'Funkcija 1'.
2025-02-19 08:18:33 [main] DEBUG l.i.u.t.SubmittedApplicationsPageTest - Selected 'ForAlreadyWorking' 'no' option.
2025-02-19 08:18:33 [main] INFO  l.i.u.p.SubmittedApplicationsPage - Clicking on the dropdown button.
2025-02-19 08:18:34 [main] INFO  l.i.u.p.SubmittedApplicationsPage - Found 6 options in the dropdown.
2025-02-19 08:18:34 [main] DEBUG l.i.u.p.SubmittedApplicationsPage - Checking option: 'Lengvo neįgalumo lygis ar 45-55 procentų dalyvumo lygis (iki 2023 m. gruodžio 31 d. – 45-55 procentų darbingumo lygis)'
2025-02-19 08:18:34 [main] DEBUG l.i.u.p.SubmittedApplicationsPage - Checking option: 'Lengvo neįgalumo lygis ar 45-55 procentų dalyvumo lygis (iki 2023 m. gruodžio 31 d. – 45-55 procentų darbingumo lygis)'
2025-02-19 08:18:34 [main] DEBUG l.i.u.p.SubmittedApplicationsPage - Checking option: 'Sunkaus neįgalumo lygis ar neviršijantis 25 procentų dalyvumo lygis (iki 2023 metų gruodžio 31 dienos – iki 25 procentų darbingumo lygis)'
2025-02-19 08:18:34 [main] INFO  l.i.u.p.SubmittedApplicationsPage - Successfully selected the value: 'Sunkaus neįgalumo lygis ar neviršijantis 25 procentų dalyvumo lygis (iki 2023 metų gruodžio 31 dienos – iki 25 procentų darbingumo lygis)'
2025-02-19 08:18:34 [main] INFO  l.i.u.p.SubmittedApplicationsPage - Attempting to close the dropdown.
2025-02-19 08:18:44 [main] INFO  l.i.u.p.SubmittedApplicationsPage - Dropdown should be closed now.
2025-02-19 08:18:44 [main] DEBUG l.i.u.t.SubmittedApplicationsPageTest - Selected disabilities type: 'Sunkaus neįgalumo lygis ar neviršijantis 25 procentų dalyvumo lygis (iki 2023 metų gruodžio 31 dienos – iki 25 procentų darbingumo lygis)'.
2025-02-19 08:18:45 [main] DEBUG l.i.u.t.SubmittedApplicationsPageTest - Entered disability information: 'Negalia 1'.
2025-02-19 08:18:45 [main] DEBUG l.i.u.t.SubmittedApplicationsPageTest - Entered qualification: 'Kvalifikacija 1'.
2025-02-19 08:18:45 [main] DEBUG l.i.u.t.SubmittedApplicationsPageTest - Entered job description: 'Darbo vietos aprašymas 1'.
2025-02-19 08:18:45 [main] DEBUG l.i.u.t.SubmittedApplicationsPageTest - Entered equipment description: 'Priemonių įsigyjimas 1'.
2025-02-19 08:18:45 [main] DEBUG l.i.u.t.SubmittedApplicationsPageTest - Entered work information: 'Darbai 1'.
2025-02-19 08:18:45 [main] INFO  l.i.u.p.SubmittedApplicationsPage - Located the dropdown button.
2025-02-19 08:18:46 [main] INFO  l.i.u.p.SubmittedApplicationsPage - Successfully selected the value: 'Kita'
2025-02-19 08:18:57 [main] ERROR l.i.u.p.SubmittedApplicationsPage - Timeout while waiting for dropdown to close with aria-expanded = 'false'.
2025-02-19 08:18:57 [main] DEBUG l.i.u.t.SubmittedApplicationsPageTest - Selected time mode: 'Kita'.
2025-02-19 08:18:57 [main] DEBUG l.i.u.t.SubmittedApplicationsPageTest - Selected time mode other: '6 val. per dieną ir 4 d. per savaitę'.
2025-02-19 08:18:57 [main] DEBUG l.i.u.t.SubmittedApplicationsPageTest - Entered salary amount: '1200'.
2025-02-19 08:18:57 [main] DEBUG l.i.u.t.SubmittedApplicationsPageTest - Selected 'Temporary Job' radio button.
2025-02-19 08:18:57 [main] DEBUG l.i.u.t.SubmittedApplicationsPageTest - Selected 'Season Job' radio button.
2025-02-19 08:18:57 [main] DEBUG l.i.u.t.SubmittedApplicationsPageTest - Selected 'PVM' radio button.
2025-02-19 08:18:57 [main] INFO  l.i.u.p.SubmittedApplicationsPage - Located the dropdown button.
2025-02-19 08:18:58 [main] INFO  l.i.u.p.SubmittedApplicationsPage - Successfully selected the value: 'Darbo vietos pritaikymui'
2025-02-19 08:19:28 [main] ERROR l.i.u.p.SubmittedApplicationsPage - Timeout while waiting for dropdown to close with aria-expanded = 'false'.
2025-02-19 08:19:28 [main] DEBUG l.i.u.t.SubmittedApplicationsPageTest - Selected adaptable job name: 'Darbo vietos pritaikymui'.
2025-02-19 08:19:28 [main] INFO  l.i.u.p.SubmittedApplicationsPage - Located the dropdown button.
2025-02-19 08:20:18 [main] ERROR l.i.u.t.SubmittedApplicationsPageTest - Test 'testFillNewDVPApplicationFA' failed with error: Expected condition failed: waiting for element to be clickable: [[ChromeDriver: chrome on windows (b6461b0af66744fc97914a5d66fd336d)] -> xpath: //label[contains(@class, 'mdc-floating-label') and .//mat-label[contains(., 'Reikalinga')]]] (tried for 50 second(s) with 500 milliseconds interval)
Build info: version: '4.27.0', revision: 'd6e718d134'
System info: os.name: 'Windows 11', os.arch: 'amd64', os.version: '10.0', java.version: '21.0.3'
Driver info: org.openqa.selenium.chrome.ChromeDriver
Capabilities {acceptInsecureCerts: false, browserName: chrome, browserVersion: 133.0.6943.99, chrome: {chromedriverVersion: 133.0.6943.126 (cffa127ce7b..., userDataDir: C:\Users\INGRID~1.ZAD\AppDa...}, fedcm:accounts: true, goog:chromeOptions: {debuggerAddress: localhost:63356}, networkConnectionEnabled: false, pageLoadStrategy: normal, platformName: windows, proxy: Proxy(), se:cdp: ws://localhost:63356/devtoo..., se:cdpVersion: 133.0.6943.99, setWindowRect: true, strictFileInteractability: false, timeouts: {implicit: 0, pageLoad: 300000, script: 30000}, unhandledPromptBehavior: dismiss and notify, webauthn:extension:credBlob: true, webauthn:extension:largeBlob: true, webauthn:extension:minPinLength: true, webauthn:extension:prf: true, webauthn:virtualAuthenticators: true}
Session ID: b6461b0af66744fc97914a5d66fd336d
org.openqa.selenium.TimeoutException: Expected condition failed: waiting for element to be clickable: [[ChromeDriver: chrome on windows (b6461b0af66744fc97914a5d66fd336d)] -> xpath: //label[contains(@class, 'mdc-floating-label') and .//mat-label[contains(., 'Reikalinga')]]] (tried for 50 second(s) with 500 milliseconds interval)
Build info: version: '4.27.0', revision: 'd6e718d134'
System info: os.name: 'Windows 11', os.arch: 'amd64', os.version: '10.0', java.version: '21.0.3'
Driver info: org.openqa.selenium.chrome.ChromeDriver
Capabilities {acceptInsecureCerts: false, browserName: chrome, browserVersion: 133.0.6943.99, chrome: {chromedriverVersion: 133.0.6943.126 (cffa127ce7b..., userDataDir: C:\Users\INGRID~1.ZAD\AppDa...}, fedcm:accounts: true, goog:chromeOptions: {debuggerAddress: localhost:63356}, networkConnectionEnabled: false, pageLoadStrategy: normal, platformName: windows, proxy: Proxy(), se:cdp: ws://localhost:63356/devtoo..., se:cdpVersion: 133.0.6943.99, setWindowRect: true, strictFileInteractability: false, timeouts: {implicit: 0, pageLoad: 300000, script: 30000}, unhandledPromptBehavior: dismiss and notify, webauthn:extension:credBlob: true, webauthn:extension:largeBlob: true, webauthn:extension:minPinLength: true, webauthn:extension:prf: true, webauthn:virtualAuthenticators: true}
Session ID: b6461b0af66744fc97914a5d66fd336d
	at org.openqa.selenium.support.ui.WebDriverWait.timeoutException(WebDriverWait.java:84)
	at org.openqa.selenium.support.ui.FluentWait.until(FluentWait.java:228)
	at lt.insoft.uztis.pages.SubmittedApplicationsPage.selectDropdownNecessaryForJobOneDVP(SubmittedApplicationsPage.java:1179)
	at lt.insoft.uztis.tests.SubmittedApplicationsPageTest.testFillNewDVPApplicationFA(SubmittedApplicationsPageTest.java:637)
	at java.base/jdk.internal.reflect.DirectMethodHandleAccessor.invoke(DirectMethodHandleAccessor.java:103)
	at java.base/java.lang.reflect.Method.invoke(Method.java:580)
	at org.junit.platform.commons.util.ReflectionUtils.invokeMethod(ReflectionUtils.java:728)
	at org.junit.jupiter.engine.execution.MethodInvocation.proceed(MethodInvocation.java:60)
	at org.junit.jupiter.engine.execution.InvocationInterceptorChain$ValidatingInvocation.proceed(InvocationInterceptorChain.java:131)
	at org.junit.jupiter.engine.extension.TimeoutExtension.intercept(TimeoutExtension.java:156)
	at org.junit.jupiter.engine.extension.TimeoutExtension.interceptTestableMethod(TimeoutExtension.java:147)
	at org.junit.jupiter.engine.extension.TimeoutExtension.interceptTestMethod(TimeoutExtension.java:86)
	at org.junit.jupiter.engine.execution.InterceptingExecutableInvoker$ReflectiveInterceptorCall.lambda$ofVoidMethod$0(InterceptingExecutableInvoker.java:103)
	at org.junit.jupiter.engine.execution.InterceptingExecutableInvoker.lambda$invoke$0(InterceptingExecutableInvoker.java:93)
	at org.junit.jupiter.engine.execution.InvocationInterceptorChain$InterceptedInvocation.proceed(InvocationInterceptorChain.java:106)
	at org.junit.jupiter.engine.execution.InvocationInterceptorChain.proceed(InvocationInterceptorChain.java:64)
	at org.junit.jupiter.engine.execution.InvocationInterceptorChain.chainAndInvoke(InvocationInterceptorChain.java:45)
	at org.junit.jupiter.engine.execution.InvocationInterceptorChain.invoke(InvocationInterceptorChain.java:37)
	at org.junit.jupiter.engine.execution.InterceptingExecutableInvoker.invoke(InterceptingExecutableInvoker.java:92)
	at org.junit.jupiter.engine.execution.InterceptingExecutableInvoker.invoke(InterceptingExecutableInvoker.java:86)
	at org.junit.jupiter.engine.descriptor.TestMethodTestDescriptor.lambda$invokeTestMethod$7(TestMethodTestDescriptor.java:218)
	at org.junit.platform.engine.support.hierarchical.ThrowableCollector.execute(ThrowableCollector.java:73)
	at org.junit.jupiter.engine.descriptor.TestMethodTestDescriptor.invokeTestMethod(TestMethodTestDescriptor.java:214)
	at org.junit.jupiter.engine.descriptor.TestMethodTestDescriptor.execute(TestMethodTestDescriptor.java:139)
	at org.junit.jupiter.engine.descriptor.TestMethodTestDescriptor.execute(TestMethodTestDescriptor.java:69)
	at org.junit.platform.engine.support.hierarchical.NodeTestTask.lambda$executeRecursively$6(NodeTestTask.java:151)
	at org.junit.platform.engine.support.hierarchical.ThrowableCollector.execute(ThrowableCollector.java:73)
	at org.junit.platform.engine.support.hierarchical.NodeTestTask.lambda$executeRecursively$8(NodeTestTask.java:141)
	at org.junit.platform.engine.support.hierarchical.Node.around(Node.java:137)
	at org.junit.platform.engine.support.hierarchical.NodeTestTask.lambda$executeRecursively$9(NodeTestTask.java:139)
	at org.junit.platform.engine.support.hierarchical.ThrowableCollector.execute(ThrowableCollector.java:73)
	at org.junit.platform.engine.support.hierarchical.NodeTestTask.executeRecursively(NodeTestTask.java:138)
	at org.junit.platform.engine.support.hierarchical.NodeTestTask.execute(NodeTestTask.java:95)
	at java.base/java.util.ArrayList.forEach(ArrayList.java:1596)
	at org.junit.platform.engine.support.hierarchical.SameThreadHierarchicalTestExecutorService.invokeAll(SameThreadHierarchicalTestExecutorService.java:41)
	at org.junit.platform.engine.support.hierarchical.NodeTestTask.lambda$executeRecursively$6(NodeTestTask.java:155)
	at org.junit.platform.engine.support.hierarchical.ThrowableCollector.execute(ThrowableCollector.java:73)
	at org.junit.platform.engine.support.hierarchical.NodeTestTask.lambda$executeRecursively$8(NodeTestTask.java:141)
	at org.junit.platform.engine.support.hierarchical.Node.around(Node.java:137)
	at org.junit.platform.engine.support.hierarchical.NodeTestTask.lambda$executeRecursively$9(NodeTestTask.java:139)
	at org.junit.platform.engine.support.hierarchical.ThrowableCollector.execute(ThrowableCollector.java:73)
	at org.junit.platform.engine.support.hierarchical.NodeTestTask.executeRecursively(NodeTestTask.java:138)
	at org.junit.platform.engine.support.hierarchical.NodeTestTask.execute(NodeTestTask.java:95)
	at java.base/java.util.ArrayList.forEach(ArrayList.java:1596)
	at org.junit.platform.engine.support.hierarchical.SameThreadHierarchicalTestExecutorService.invokeAll(SameThreadHierarchicalTestExecutorService.java:41)
	at org.junit.platform.engine.support.hierarchical.NodeTestTask.lambda$executeRecursively$6(NodeTestTask.java:155)
	at org.junit.platform.engine.support.hierarchical.ThrowableCollector.execute(ThrowableCollector.java:73)
	at org.junit.platform.engine.support.hierarchical.NodeTestTask.lambda$executeRecursively$8(NodeTestTask.java:141)
	at org.junit.platform.engine.support.hierarchical.Node.around(Node.java:137)
	at org.junit.platform.engine.support.hierarchical.NodeTestTask.lambda$executeRecursively$9(NodeTestTask.java:139)
	at org.junit.platform.engine.support.hierarchical.ThrowableCollector.execute(ThrowableCollector.java:73)
	at org.junit.platform.engine.support.hierarchical.NodeTestTask.executeRecursively(NodeTestTask.java:138)
	at org.junit.platform.engine.support.hierarchical.NodeTestTask.execute(NodeTestTask.java:95)
	at org.junit.platform.engine.support.hierarchical.SameThreadHierarchicalTestExecutorService.submit(SameThreadHierarchicalTestExecutorService.java:35)
	at org.junit.platform.engine.support.hierarchical.HierarchicalTestExecutor.execute(HierarchicalTestExecutor.java:57)
	at org.junit.platform.engine.support.hierarchical.HierarchicalTestEngine.execute(HierarchicalTestEngine.java:54)
	at org.junit.platform.launcher.core.EngineExecutionOrchestrator.execute(EngineExecutionOrchestrator.java:198)
	at org.junit.platform.launcher.core.EngineExecutionOrchestrator.execute(EngineExecutionOrchestrator.java:169)
	at org.junit.platform.launcher.core.EngineExecutionOrchestrator.execute(EngineExecutionOrchestrator.java:93)
	at org.junit.platform.launcher.core.EngineExecutionOrchestrator.lambda$execute$0(EngineExecutionOrchestrator.java:58)
	at org.junit.platform.launcher.core.EngineExecutionOrchestrator.withInterceptedStreams(EngineExecutionOrchestrator.java:141)
	at org.junit.platform.launcher.core.EngineExecutionOrchestrator.execute(EngineExecutionOrchestrator.java:57)
	at org.junit.platform.launcher.core.DefaultLauncher.execute(DefaultLauncher.java:103)
	at org.junit.platform.launcher.core.DefaultLauncher.execute(DefaultLauncher.java:85)
	at org.junit.platform.launcher.core.DelegatingLauncher.execute(DelegatingLauncher.java:47)
	at org.junit.platform.launcher.core.SessionPerRequestLauncher.execute(SessionPerRequestLauncher.java:63)
	at com.intellij.junit5.JUnit5IdeaTestRunner.startRunnerWithArgs(JUnit5IdeaTestRunner.java:57)
	at com.intellij.rt.junit.IdeaTestRunner$Repeater$1.execute(IdeaTestRunner.java:38)
	at com.intellij.rt.execution.junit.TestsRepeater.repeat(TestsRepeater.java:11)
	at com.intellij.rt.junit.IdeaTestRunner$Repeater.startRunnerWithArgs(IdeaTestRunner.java:35)
	at com.intellij.rt.junit.JUnitStarter.prepareStreamsAndStart(JUnitStarter.java:232)
	at com.intellij.rt.junit.JUnitStarter.main(JUnitStarter.java:55)
2025-02-19 08:20:18 [main] INFO  l.insoft.uztis.tests.utils.TestUtils - Screenshot moved to C:\Users\ingrida.zadorozniene\Desktop\Asm\UZTIS\UZTIS_tests\test-output\screenshots\20250219\082018552_testFillNewDVPApplicationFA().png
2025-02-19 08:24:34 [main] INFO  lt.insoft.uztis.tests.UztisPageTest - Navigated to https://uztisdev.asseco.lt/home
2025-02-19 08:24:34 [main] INFO  l.i.u.t.SubmittedApplicationsPageTest - Starting test:'testFillNewDVPApplicationFA'
2025-02-19 08:24:34 [main] DEBUG l.i.u.t.SubmittedApplicationsPageTest - User logged in with test credentials.
2025-02-19 08:24:35 [main] DEBUG l.i.u.t.SubmittedApplicationsPageTest - Opened 'Application Processing' menu.
2025-02-19 08:24:35 [main] DEBUG l.i.u.t.SubmittedApplicationsPageTest - Clicked on 'Application Forms' menu.
2025-02-19 08:24:35 [main] DEBUG l.i.u.t.SubmittedApplicationsPageTest - Retrieved last description code text: 'TST-DVP-78'.
2025-02-19 08:24:35 [main] DEBUG l.i.u.t.SubmittedApplicationsPageTest - Clicked on 'Invitation' menu.
2025-02-19 08:24:36 [main] DEBUG l.i.u.t.SubmittedApplicationsPageTest - Selected application section by code: 'TST-DVP-78'.
2025-02-19 08:24:36 [main] DEBUG l.i.u.t.SubmittedApplicationsPageTest - Clicked 'Search' button.
2025-02-19 08:24:36 [main] DEBUG l.i.u.t.SubmittedApplicationsPageTest - Retrieved invitation code: ''.
2025-02-19 08:24:36 [main] DEBUG l.i.u.t.SubmittedApplicationsPageTest - Clicked on 'Submitted Applications' menu.
2025-02-19 08:24:38 [main] DEBUG l.i.u.t.SubmittedApplicationsPageTest - Selected invitation by code: 'TST-DVP-78'.
2025-02-19 08:24:38 [main] DEBUG l.i.u.t.SubmittedApplicationsPageTest - Invitation code inserted.
2025-02-19 08:24:38 [main] DEBUG l.i.u.t.SubmittedApplicationsPageTest - Clicked on 'Action Application' button.
2025-02-19 08:24:38 [main] DEBUG l.i.u.t.SubmittedApplicationsPageTest - Clicked on 'New Application' button.
2025-02-19 08:24:39 [main] DEBUG l.i.u.t.SubmittedApplicationsPageTest - Selected the 'RadioButtonFA' option.
2025-02-19 08:24:39 [main] DEBUG l.i.u.t.SubmittedApplicationsPageTest - Entered phone number: '61298745'.
2025-02-19 08:24:39 [main] DEBUG l.i.u.t.SubmittedApplicationsPageTest - Entered email: 'test@autotest.com'.
2025-02-19 08:24:49 [main] DEBUG l.i.u.t.SubmittedApplicationsPageTest - Checked 'For workplace adaptation' checkbox 1.
2025-02-19 08:24:59 [main] DEBUG l.i.u.t.SubmittedApplicationsPageTest - Checked 'For environmental adaptation' checkbox 2.
2025-02-19 08:24:59 [main] INFO  l.i.u.p.SubmittedApplicationsPage - Located the dropdown button.
2025-02-19 08:25:13 [main] INFO  l.i.u.p.SubmittedApplicationsPage - Found 1741 options in the dropdown.
2025-02-19 08:25:13 [main] INFO  l.i.u.p.SubmittedApplicationsPage - Successfully selected the value: '01.11 - Grūdinių (išskyrus ryžius), ankštinių ir aliejingų sėklų augalų auginimas'
2025-02-19 08:25:23 [main] ERROR l.i.u.p.SubmittedApplicationsPage - Failed to close the dropdown with aria-expanded = 'false'. Attempting manual close.
2025-02-19 08:25:24 [main] INFO  l.i.u.p.SubmittedApplicationsPage - Manual close attempt for the dropdown using body click.
2025-02-19 08:25:24 [main] DEBUG l.i.u.t.SubmittedApplicationsPageTest - Selected EVRK value: '01.11 - Grūdinių (išskyrus ryžius), ankštinių ir aliejingų sėklų augalų auginimas'.
2025-02-19 08:25:24 [main] DEBUG l.i.u.t.SubmittedApplicationsPageTest - Entered address: 'Vilniaus m. sav., Vilnius, Testo g. 10T'.
2025-02-19 08:25:24 [main] DEBUG l.i.u.t.SubmittedApplicationsPageTest - Selected 'For already working' option.
2025-02-19 08:25:24 [main] DEBUG l.i.u.t.SubmittedApplicationsPageTest - Entered person count1: '1'.
2025-02-19 08:25:24 [main] DEBUG l.i.u.t.SubmittedApplicationsPageTest - Selected 'For new working' option.
2025-02-19 08:25:24 [main] DEBUG l.i.u.t.SubmittedApplicationsPageTest - Entered person count2: '1'.
2025-02-19 08:25:25 [main] DEBUG l.i.u.t.SubmittedApplicationsPageTest - Clicked 'Next' button after checkboxes.
2025-02-19 08:25:25 [main] INFO  l.i.u.p.SubmittedApplicationsPage - Located the dropdown button.
2025-02-19 08:25:26 [main] INFO  l.i.u.p.SubmittedApplicationsPage - Successfully selected the value: 'Administratoriai'
2025-02-19 08:25:56 [main] ERROR l.i.u.p.SubmittedApplicationsPage - Timeout while waiting for dropdown to close with aria-expanded = 'false'.
2025-02-19 08:25:56 [main] DEBUG l.i.u.t.SubmittedApplicationsPageTest - Selected adaptable job name: 'Administratoriai'.
2025-02-19 08:25:56 [main] DEBUG l.i.u.t.SubmittedApplicationsPageTest - Entered job date.
2025-02-19 08:25:56 [main] DEBUG l.i.u.t.SubmittedApplicationsPageTest - Entered job function: 'Funkcija 1'.
2025-02-19 08:25:56 [main] DEBUG l.i.u.t.SubmittedApplicationsPageTest - Selected 'ForAlreadyWorking' 'no' option.
2025-02-19 08:25:56 [main] INFO  l.i.u.p.SubmittedApplicationsPage - Clicking on the dropdown button.
2025-02-19 08:25:57 [main] INFO  l.i.u.p.SubmittedApplicationsPage - Found 6 options in the dropdown.
2025-02-19 08:25:57 [main] DEBUG l.i.u.p.SubmittedApplicationsPage - Checking option: 'Lengvo neįgalumo lygis ar 45-55 procentų dalyvumo lygis (iki 2023 m. gruodžio 31 d. – 45-55 procentų darbingumo lygis)'
2025-02-19 08:25:57 [main] DEBUG l.i.u.p.SubmittedApplicationsPage - Checking option: 'Lengvo neįgalumo lygis ar 45-55 procentų dalyvumo lygis (iki 2023 m. gruodžio 31 d. – 45-55 procentų darbingumo lygis)'
2025-02-19 08:25:57 [main] DEBUG l.i.u.p.SubmittedApplicationsPage - Checking option: 'Sunkaus neįgalumo lygis ar neviršijantis 25 procentų dalyvumo lygis (iki 2023 metų gruodžio 31 dienos – iki 25 procentų darbingumo lygis)'
2025-02-19 08:25:57 [main] INFO  l.i.u.p.SubmittedApplicationsPage - Successfully selected the value: 'Sunkaus neįgalumo lygis ar neviršijantis 25 procentų dalyvumo lygis (iki 2023 metų gruodžio 31 dienos – iki 25 procentų darbingumo lygis)'
2025-02-19 08:25:57 [main] INFO  l.i.u.p.SubmittedApplicationsPage - Attempting to close the dropdown.
2025-02-19 08:26:08 [main] INFO  l.i.u.p.SubmittedApplicationsPage - Dropdown should be closed now.
2025-02-19 08:26:08 [main] DEBUG l.i.u.t.SubmittedApplicationsPageTest - Selected disabilities type: 'Sunkaus neįgalumo lygis ar neviršijantis 25 procentų dalyvumo lygis (iki 2023 metų gruodžio 31 dienos – iki 25 procentų darbingumo lygis)'.
2025-02-19 08:26:08 [main] DEBUG l.i.u.t.SubmittedApplicationsPageTest - Entered disability information: 'Negalia 1'.
2025-02-19 08:26:08 [main] DEBUG l.i.u.t.SubmittedApplicationsPageTest - Entered qualification: 'Kvalifikacija 1'.
2025-02-19 08:26:09 [main] DEBUG l.i.u.t.SubmittedApplicationsPageTest - Entered job description: 'Darbo vietos aprašymas 1'.
2025-02-19 08:26:09 [main] DEBUG l.i.u.t.SubmittedApplicationsPageTest - Entered equipment description: 'Priemonių įsigyjimas 1'.
2025-02-19 08:26:09 [main] DEBUG l.i.u.t.SubmittedApplicationsPageTest - Entered work information: 'Darbai 1'.
2025-02-19 08:26:09 [main] INFO  l.i.u.p.SubmittedApplicationsPage - Located the dropdown button.
2025-02-19 08:26:09 [main] INFO  l.i.u.p.SubmittedApplicationsPage - Successfully selected the value: 'Kita'
2025-02-19 08:26:20 [main] ERROR l.i.u.p.SubmittedApplicationsPage - Timeout while waiting for dropdown to close with aria-expanded = 'false'.
2025-02-19 08:26:20 [main] DEBUG l.i.u.t.SubmittedApplicationsPageTest - Selected time mode: 'Kita'.
2025-02-19 08:26:20 [main] DEBUG l.i.u.t.SubmittedApplicationsPageTest - Selected time mode other: '6 val. per dieną ir 4 d. per savaitę'.
2025-02-19 08:26:20 [main] DEBUG l.i.u.t.SubmittedApplicationsPageTest - Entered salary amount: '1200'.
2025-02-19 08:26:20 [main] DEBUG l.i.u.t.SubmittedApplicationsPageTest - Selected 'Temporary Job' radio button.
2025-02-19 08:26:20 [main] DEBUG l.i.u.t.SubmittedApplicationsPageTest - Selected 'Season Job' radio button.
2025-02-19 08:26:21 [main] DEBUG l.i.u.t.SubmittedApplicationsPageTest - Selected 'PVM' radio button.
2025-02-19 08:26:21 [main] INFO  l.i.u.p.SubmittedApplicationsPage - Located the dropdown button.
2025-02-19 08:26:21 [main] INFO  l.i.u.p.SubmittedApplicationsPage - Successfully selected the value: 'Darbo vietos pritaikymui'
2025-02-19 08:26:51 [main] ERROR l.i.u.p.SubmittedApplicationsPage - Timeout while waiting for dropdown to close with aria-expanded = 'false'.
2025-02-19 08:26:51 [main] DEBUG l.i.u.t.SubmittedApplicationsPageTest - Selected adaptable job name: 'Darbo vietos pritaikymui'.
2025-02-19 08:26:51 [main] INFO  l.i.u.p.SubmittedApplicationsPage - Located the dropdown button.
2025-02-19 08:27:41 [main] ERROR l.i.u.t.SubmittedApplicationsPageTest - Test 'testFillNewDVPApplicationFA' failed with error: Expected condition failed: waiting for element to be clickable: [[ChromeDriver: chrome on windows (b34d1155bd47176e7f10b9082e2d1845)] -> xpath: //mat-label[contains(text(), 'Reikalinga')]] (tried for 50 second(s) with 500 milliseconds interval)
Build info: version: '4.27.0', revision: 'd6e718d134'
System info: os.name: 'Windows 11', os.arch: 'amd64', os.version: '10.0', java.version: '21.0.3'
Driver info: org.openqa.selenium.chrome.ChromeDriver
Capabilities {acceptInsecureCerts: false, browserName: chrome, browserVersion: 133.0.6943.99, chrome: {chromedriverVersion: 133.0.6943.126 (cffa127ce7b..., userDataDir: C:\Users\INGRID~1.ZAD\AppDa...}, fedcm:accounts: true, goog:chromeOptions: {debuggerAddress: localhost:63631}, networkConnectionEnabled: false, pageLoadStrategy: normal, platformName: windows, proxy: Proxy(), se:cdp: ws://localhost:63631/devtoo..., se:cdpVersion: 133.0.6943.99, setWindowRect: true, strictFileInteractability: false, timeouts: {implicit: 0, pageLoad: 300000, script: 30000}, unhandledPromptBehavior: dismiss and notify, webauthn:extension:credBlob: true, webauthn:extension:largeBlob: true, webauthn:extension:minPinLength: true, webauthn:extension:prf: true, webauthn:virtualAuthenticators: true}
Session ID: b34d1155bd47176e7f10b9082e2d1845
org.openqa.selenium.TimeoutException: Expected condition failed: waiting for element to be clickable: [[ChromeDriver: chrome on windows (b34d1155bd47176e7f10b9082e2d1845)] -> xpath: //mat-label[contains(text(), 'Reikalinga')]] (tried for 50 second(s) with 500 milliseconds interval)
Build info: version: '4.27.0', revision: 'd6e718d134'
System info: os.name: 'Windows 11', os.arch: 'amd64', os.version: '10.0', java.version: '21.0.3'
Driver info: org.openqa.selenium.chrome.ChromeDriver
Capabilities {acceptInsecureCerts: false, browserName: chrome, browserVersion: 133.0.6943.99, chrome: {chromedriverVersion: 133.0.6943.126 (cffa127ce7b..., userDataDir: C:\Users\INGRID~1.ZAD\AppDa...}, fedcm:accounts: true, goog:chromeOptions: {debuggerAddress: localhost:63631}, networkConnectionEnabled: false, pageLoadStrategy: normal, platformName: windows, proxy: Proxy(), se:cdp: ws://localhost:63631/devtoo..., se:cdpVersion: 133.0.6943.99, setWindowRect: true, strictFileInteractability: false, timeouts: {implicit: 0, pageLoad: 300000, script: 30000}, unhandledPromptBehavior: dismiss and notify, webauthn:extension:credBlob: true, webauthn:extension:largeBlob: true, webauthn:extension:minPinLength: true, webauthn:extension:prf: true, webauthn:virtualAuthenticators: true}
Session ID: b34d1155bd47176e7f10b9082e2d1845
	at org.openqa.selenium.support.ui.WebDriverWait.timeoutException(WebDriverWait.java:84)
	at org.openqa.selenium.support.ui.FluentWait.until(FluentWait.java:228)
	at lt.insoft.uztis.pages.SubmittedApplicationsPage.selectDropdownNecessaryForJobOneDVP(SubmittedApplicationsPage.java:1179)
	at lt.insoft.uztis.tests.SubmittedApplicationsPageTest.testFillNewDVPApplicationFA(SubmittedApplicationsPageTest.java:637)
	at java.base/jdk.internal.reflect.DirectMethodHandleAccessor.invoke(DirectMethodHandleAccessor.java:103)
	at java.base/java.lang.reflect.Method.invoke(Method.java:580)
	at org.junit.platform.commons.util.ReflectionUtils.invokeMethod(ReflectionUtils.java:728)
	at org.junit.jupiter.engine.execution.MethodInvocation.proceed(MethodInvocation.java:60)
	at org.junit.jupiter.engine.execution.InvocationInterceptorChain$ValidatingInvocation.proceed(InvocationInterceptorChain.java:131)
	at org.junit.jupiter.engine.extension.TimeoutExtension.intercept(TimeoutExtension.java:156)
	at org.junit.jupiter.engine.extension.TimeoutExtension.interceptTestableMethod(TimeoutExtension.java:147)
	at org.junit.jupiter.engine.extension.TimeoutExtension.interceptTestMethod(TimeoutExtension.java:86)
	at org.junit.jupiter.engine.execution.InterceptingExecutableInvoker$ReflectiveInterceptorCall.lambda$ofVoidMethod$0(InterceptingExecutableInvoker.java:103)
	at org.junit.jupiter.engine.execution.InterceptingExecutableInvoker.lambda$invoke$0(InterceptingExecutableInvoker.java:93)
	at org.junit.jupiter.engine.execution.InvocationInterceptorChain$InterceptedInvocation.proceed(InvocationInterceptorChain.java:106)
	at org.junit.jupiter.engine.execution.InvocationInterceptorChain.proceed(InvocationInterceptorChain.java:64)
	at org.junit.jupiter.engine.execution.InvocationInterceptorChain.chainAndInvoke(InvocationInterceptorChain.java:45)
	at org.junit.jupiter.engine.execution.InvocationInterceptorChain.invoke(InvocationInterceptorChain.java:37)
	at org.junit.jupiter.engine.execution.InterceptingExecutableInvoker.invoke(InterceptingExecutableInvoker.java:92)
	at org.junit.jupiter.engine.execution.InterceptingExecutableInvoker.invoke(InterceptingExecutableInvoker.java:86)
	at org.junit.jupiter.engine.descriptor.TestMethodTestDescriptor.lambda$invokeTestMethod$7(TestMethodTestDescriptor.java:218)
	at org.junit.platform.engine.support.hierarchical.ThrowableCollector.execute(ThrowableCollector.java:73)
	at org.junit.jupiter.engine.descriptor.TestMethodTestDescriptor.invokeTestMethod(TestMethodTestDescriptor.java:214)
	at org.junit.jupiter.engine.descriptor.TestMethodTestDescriptor.execute(TestMethodTestDescriptor.java:139)
	at org.junit.jupiter.engine.descriptor.TestMethodTestDescriptor.execute(TestMethodTestDescriptor.java:69)
	at org.junit.platform.engine.support.hierarchical.NodeTestTask.lambda$executeRecursively$6(NodeTestTask.java:151)
	at org.junit.platform.engine.support.hierarchical.ThrowableCollector.execute(ThrowableCollector.java:73)
	at org.junit.platform.engine.support.hierarchical.NodeTestTask.lambda$executeRecursively$8(NodeTestTask.java:141)
	at org.junit.platform.engine.support.hierarchical.Node.around(Node.java:137)
	at org.junit.platform.engine.support.hierarchical.NodeTestTask.lambda$executeRecursively$9(NodeTestTask.java:139)
	at org.junit.platform.engine.support.hierarchical.ThrowableCollector.execute(ThrowableCollector.java:73)
	at org.junit.platform.engine.support.hierarchical.NodeTestTask.executeRecursively(NodeTestTask.java:138)
	at org.junit.platform.engine.support.hierarchical.NodeTestTask.execute(NodeTestTask.java:95)
	at java.base/java.util.ArrayList.forEach(ArrayList.java:1596)
	at org.junit.platform.engine.support.hierarchical.SameThreadHierarchicalTestExecutorService.invokeAll(SameThreadHierarchicalTestExecutorService.java:41)
	at org.junit.platform.engine.support.hierarchical.NodeTestTask.lambda$executeRecursively$6(NodeTestTask.java:155)
	at org.junit.platform.engine.support.hierarchical.ThrowableCollector.execute(ThrowableCollector.java:73)
	at org.junit.platform.engine.support.hierarchical.NodeTestTask.lambda$executeRecursively$8(NodeTestTask.java:141)
	at org.junit.platform.engine.support.hierarchical.Node.around(Node.java:137)
	at org.junit.platform.engine.support.hierarchical.NodeTestTask.lambda$executeRecursively$9(NodeTestTask.java:139)
	at org.junit.platform.engine.support.hierarchical.ThrowableCollector.execute(ThrowableCollector.java:73)
	at org.junit.platform.engine.support.hierarchical.NodeTestTask.executeRecursively(NodeTestTask.java:138)
	at org.junit.platform.engine.support.hierarchical.NodeTestTask.execute(NodeTestTask.java:95)
	at java.base/java.util.ArrayList.forEach(ArrayList.java:1596)
	at org.junit.platform.engine.support.hierarchical.SameThreadHierarchicalTestExecutorService.invokeAll(SameThreadHierarchicalTestExecutorService.java:41)
	at org.junit.platform.engine.support.hierarchical.NodeTestTask.lambda$executeRecursively$6(NodeTestTask.java:155)
	at org.junit.platform.engine.support.hierarchical.ThrowableCollector.execute(ThrowableCollector.java:73)
	at org.junit.platform.engine.support.hierarchical.NodeTestTask.lambda$executeRecursively$8(NodeTestTask.java:141)
	at org.junit.platform.engine.support.hierarchical.Node.around(Node.java:137)
	at org.junit.platform.engine.support.hierarchical.NodeTestTask.lambda$executeRecursively$9(NodeTestTask.java:139)
	at org.junit.platform.engine.support.hierarchical.ThrowableCollector.execute(ThrowableCollector.java:73)
	at org.junit.platform.engine.support.hierarchical.NodeTestTask.executeRecursively(NodeTestTask.java:138)
	at org.junit.platform.engine.support.hierarchical.NodeTestTask.execute(NodeTestTask.java:95)
	at org.junit.platform.engine.support.hierarchical.SameThreadHierarchicalTestExecutorService.submit(SameThreadHierarchicalTestExecutorService.java:35)
	at org.junit.platform.engine.support.hierarchical.HierarchicalTestExecutor.execute(HierarchicalTestExecutor.java:57)
	at org.junit.platform.engine.support.hierarchical.HierarchicalTestEngine.execute(HierarchicalTestEngine.java:54)
	at org.junit.platform.launcher.core.EngineExecutionOrchestrator.execute(EngineExecutionOrchestrator.java:198)
	at org.junit.platform.launcher.core.EngineExecutionOrchestrator.execute(EngineExecutionOrchestrator.java:169)
	at org.junit.platform.launcher.core.EngineExecutionOrchestrator.execute(EngineExecutionOrchestrator.java:93)
	at org.junit.platform.launcher.core.EngineExecutionOrchestrator.lambda$execute$0(EngineExecutionOrchestrator.java:58)
	at org.junit.platform.launcher.core.EngineExecutionOrchestrator.withInterceptedStreams(EngineExecutionOrchestrator.java:141)
	at org.junit.platform.launcher.core.EngineExecutionOrchestrator.execute(EngineExecutionOrchestrator.java:57)
	at org.junit.platform.launcher.core.DefaultLauncher.execute(DefaultLauncher.java:103)
	at org.junit.platform.launcher.core.DefaultLauncher.execute(DefaultLauncher.java:85)
	at org.junit.platform.launcher.core.DelegatingLauncher.execute(DelegatingLauncher.java:47)
	at org.junit.platform.launcher.core.SessionPerRequestLauncher.execute(SessionPerRequestLauncher.java:63)
	at com.intellij.junit5.JUnit5IdeaTestRunner.startRunnerWithArgs(JUnit5IdeaTestRunner.java:57)
	at com.intellij.rt.junit.IdeaTestRunner$Repeater$1.execute(IdeaTestRunner.java:38)
	at com.intellij.rt.execution.junit.TestsRepeater.repeat(TestsRepeater.java:11)
	at com.intellij.rt.junit.IdeaTestRunner$Repeater.startRunnerWithArgs(IdeaTestRunner.java:35)
	at com.intellij.rt.junit.JUnitStarter.prepareStreamsAndStart(JUnitStarter.java:232)
	at com.intellij.rt.junit.JUnitStarter.main(JUnitStarter.java:55)
2025-02-19 08:27:41 [main] INFO  l.insoft.uztis.tests.utils.TestUtils - Screenshot moved to C:\Users\ingrida.zadorozniene\Desktop\Asm\UZTIS\UZTIS_tests\test-output\screenshots\20250219\082741841_testFillNewDVPApplicationFA().png
2025-02-19 08:33:49 [main] INFO  lt.insoft.uztis.tests.UztisPageTest - Navigated to https://uztisdev.asseco.lt/home
2025-02-19 08:33:49 [main] INFO  l.i.uztis.tests.EvaluationsPageTest - Starting test:'testConfirmEvaluationTwo'
2025-02-19 08:33:49 [main] INFO  l.i.uztis.tests.EvaluationsPageTest - Starting test:'testNavigateToEvaluationsPage'
2025-02-19 08:33:50 [main] DEBUG l.i.uztis.tests.EvaluationsPageTest - User logged in with test credentials
2025-02-19 08:33:50 [main] DEBUG l.i.uztis.tests.EvaluationsPageTest - Opened 'Application Processing' menu.
2025-02-19 08:33:50 [main] DEBUG l.i.uztis.tests.EvaluationsPageTest - Clicked on 'Evaluations' menu.
2025-02-19 08:33:50 [main] DEBUG l.i.uztis.tests.EvaluationsPageTest - Navigating to evaluations menu.
2025-02-19 08:33:50 [main] INFO  l.i.uztis.tests.EvaluationsPageTest - Test 'testNavigateToEvaluationsPage' completed successfully.
2025-02-19 08:33:50 [main] DEBUG l.i.uztis.tests.EvaluationsPageTest - Clicked on last evaluation.
2025-02-19 08:33:51 [main] DEBUG l.i.uztis.tests.EvaluationsPageTest - Clicked 'Edit'.
2025-02-19 08:33:52 [main] DEBUG l.i.uztis.tests.EvaluationsPageTest - Clicked 'Continue'.
2025-02-19 08:33:52 [main] DEBUG l.i.uztis.tests.EvaluationsPageTest - Entered conclusion: 'Išvada - papildyta'.
2025-02-19 08:33:52 [main] DEBUG l.i.uztis.tests.EvaluationsPageTest - Entered  explanation: '; Išvada pakoreduota ranka'.
2025-02-19 08:33:52 [main] DEBUG l.i.uztis.tests.EvaluationsPageTest - Clicked 'Confirm'.
2025-02-19 08:33:52 [main] DEBUG l.i.uztis.tests.EvaluationsPageTest - Clicked 'Confirm Confirmation'.
2025-02-19 08:33:54 [main] DEBUG l.i.uztis.tests.EvaluationsPageTest - Fetched label text: Įvertinta
2025-02-19 08:33:54 [main] INFO  l.i.uztis.tests.EvaluationsPageTest - Verified that the label text matches the expected value.
2025-02-19 08:33:54 [main] INFO  l.i.uztis.tests.EvaluationsPageTest - Test 'testConfirmEvaluationTwo' completed successfully.
2025-02-19 08:34:06 [main] INFO  lt.insoft.uztis.tests.UztisPageTest - Navigated to https://uztisdev.asseco.lt/home
2025-02-19 08:34:06 [main] INFO  l.i.uztis.tests.EvaluationsPageTest - Starting test:'testFillSaveDraftEvaluationThree'
2025-02-19 08:34:06 [main] INFO  l.i.uztis.tests.EvaluationsPageTest - Starting test:'testNavigateToEvaluationsPage'
2025-02-19 08:34:07 [main] DEBUG l.i.uztis.tests.EvaluationsPageTest - User logged in with test credentials
2025-02-19 08:34:07 [main] DEBUG l.i.uztis.tests.EvaluationsPageTest - Opened 'Application Processing' menu.
2025-02-19 08:34:07 [main] DEBUG l.i.uztis.tests.EvaluationsPageTest - Clicked on 'Evaluations' menu.
2025-02-19 08:34:07 [main] DEBUG l.i.uztis.tests.EvaluationsPageTest - Navigating to evaluations menu.
2025-02-19 08:34:07 [main] INFO  l.i.uztis.tests.EvaluationsPageTest - Test 'testNavigateToEvaluationsPage' completed successfully.
2025-02-19 08:34:07 [main] DEBUG l.i.uztis.tests.EvaluationsPageTest - Clicked on last evaluation.
2025-02-19 08:34:08 [main] DEBUG l.i.uztis.tests.EvaluationsPageTest - Clicked 'Edit'.
2025-02-19 08:34:08 [main] DEBUG l.i.uztis.tests.EvaluationsPageTest - Entered commission date.
2025-02-19 08:34:09 [main] DEBUG l.i.uztis.tests.EvaluationsPageTest - Selected 'Without Commission' radio button.
2025-02-19 08:34:09 [main] DEBUG l.i.uztis.tests.EvaluationsPageTest - Entered chairman name: 'Pirmininkas Pirmininkauskas'.
2025-02-19 08:34:09 [main] DEBUG l.i.uztis.tests.EvaluationsPageTest - Entered member name: 'Narys Narauskas'.
2025-02-19 08:34:09 [main] DEBUG l.i.uztis.tests.EvaluationsPageTest - Clicked 'Continue'.
2025-02-19 08:34:09 [main] DEBUG l.i.uztis.tests.EvaluationsPageTest - Entered chairman score 1: '1'.
2025-02-19 08:34:10 [main] DEBUG l.i.uztis.tests.EvaluationsPageTest - Entered member score 1: '2'.
2025-02-19 08:34:10 [main] DEBUG l.i.uztis.tests.EvaluationsPageTest - Entered member conclusion 1: 'Išvada - palanki 1'.
2025-02-19 08:34:10 [main] DEBUG l.i.uztis.tests.EvaluationsPageTest - Entered chairman score 2: '3'.
2025-02-19 08:34:10 [main] DEBUG l.i.uztis.tests.EvaluationsPageTest - Entered member score 2: '4'.
2025-02-19 08:34:10 [main] DEBUG l.i.uztis.tests.EvaluationsPageTest - Entered member conclusion 2: 'Išvada - palanki 2'.
2025-02-19 08:34:10 [main] DEBUG l.i.uztis.tests.EvaluationsPageTest - Entered chairman score 3: '5'.
2025-02-19 08:34:10 [main] DEBUG l.i.uztis.tests.EvaluationsPageTest - Entered member score 3: '6'.
2025-02-19 08:34:11 [main] DEBUG l.i.uztis.tests.EvaluationsPageTest - Entered member conclusion 3: 'Išvada - palanki 3'.
2025-02-19 08:34:11 [main] DEBUG l.i.uztis.tests.EvaluationsPageTest - Entered chairman score 4: '7'.
2025-02-19 08:34:11 [main] DEBUG l.i.uztis.tests.EvaluationsPageTest - Entered member score 4: '8'.
2025-02-19 08:34:11 [main] DEBUG l.i.uztis.tests.EvaluationsPageTest - Entered member conclusion 4: 'Išvada - palanki 4'.
2025-02-19 08:34:11 [main] DEBUG l.i.uztis.tests.EvaluationsPageTest - Entered chairman score 5: '9'.
2025-02-19 08:34:11 [main] DEBUG l.i.uztis.tests.EvaluationsPageTest - Entered member score 5: '10'.
2025-02-19 08:34:11 [main] DEBUG l.i.uztis.tests.EvaluationsPageTest - Entered member conclusion 5: 'Išvada - palanki 5'.
2025-02-19 08:34:12 [main] DEBUG l.i.uztis.tests.EvaluationsPageTest - Clicked 'Save Draft'.
2025-02-19 08:34:12 [main] DEBUG l.insoft.uztis.pages.InvitationsPage - Verified success message: 'Duomenys sėkmingai išsaugoti.'
2025-02-19 08:34:12 [main] INFO  l.i.uztis.tests.EvaluationsPageTest - Test 'testFillSaveDraftEvaluationThree' completed successfully.
2025-02-19 08:34:31 [main] INFO  lt.insoft.uztis.tests.UztisPageTest - Navigated to https://uztisdev.asseco.lt/home
2025-02-19 08:34:31 [main] INFO  l.i.uztis.tests.EvaluationsPageTest - Starting test:'testConfirmEvaluationThree'
2025-02-19 08:34:31 [main] INFO  l.i.uztis.tests.EvaluationsPageTest - Starting test:'testNavigateToEvaluationsPage'
2025-02-19 08:34:32 [main] DEBUG l.i.uztis.tests.EvaluationsPageTest - User logged in with test credentials
2025-02-19 08:34:32 [main] DEBUG l.i.uztis.tests.EvaluationsPageTest - Opened 'Application Processing' menu.
2025-02-19 08:34:32 [main] DEBUG l.i.uztis.tests.EvaluationsPageTest - Clicked on 'Evaluations' menu.
2025-02-19 08:34:32 [main] DEBUG l.i.uztis.tests.EvaluationsPageTest - Navigating to evaluations menu.
2025-02-19 08:34:32 [main] INFO  l.i.uztis.tests.EvaluationsPageTest - Test 'testNavigateToEvaluationsPage' completed successfully.
2025-02-19 08:34:32 [main] DEBUG l.i.uztis.tests.EvaluationsPageTest - Clicked on last evaluation.
2025-02-19 08:34:33 [main] DEBUG l.i.uztis.tests.EvaluationsPageTest - Clicked 'Edit'.
2025-02-19 08:34:33 [main] DEBUG l.i.uztis.tests.EvaluationsPageTest - Clicked 'Continue'.
2025-02-19 08:34:34 [main] DEBUG l.i.uztis.tests.EvaluationsPageTest - Clicked 'Confirm'.
2025-02-19 08:34:34 [main] DEBUG l.i.uztis.tests.EvaluationsPageTest - Clicked 'Confirm Confirmation'.
2025-02-19 08:34:34 [main] DEBUG l.i.uztis.tests.EvaluationsPageTest - Fetched label text: Įvertinta
2025-02-19 08:34:34 [main] INFO  l.i.uztis.tests.EvaluationsPageTest - Verified that the label text matches the expected value.
2025-02-19 08:34:34 [main] INFO  l.i.uztis.tests.EvaluationsPageTest - Test 'testConfirmEvaluationThree' completed successfully.
2025-02-19 08:35:08 [main] INFO  lt.insoft.uztis.tests.UztisPageTest - Navigated to https://uztisdev.asseco.lt/home
2025-02-19 08:35:08 [main] INFO  l.insoft.uztis.tests.FundingPageTest - Starting test:'testFundApplication'
2025-02-19 08:35:09 [main] DEBUG l.insoft.uztis.tests.FundingPageTest - User logged in with test credentials
2025-02-19 08:35:09 [main] DEBUG l.insoft.uztis.tests.FundingPageTest - Opened 'Application Processing' menu.
2025-02-19 08:35:09 [main] DEBUG l.insoft.uztis.tests.FundingPageTest - Clicked on 'Application Forms' menu.
2025-02-19 08:35:10 [main] DEBUG l.insoft.uztis.tests.FundingPageTest - Retrieved last description code text: 'TST-DVP-78'.
2025-02-19 08:35:10 [main] DEBUG l.insoft.uztis.tests.FundingPageTest - Clicked on 'Invitation' menu.
2025-02-19 08:35:10 [main] DEBUG l.insoft.uztis.tests.FundingPageTest - Selected application section by code: 'TST-DVP-78'.
2025-02-19 08:35:11 [main] DEBUG l.insoft.uztis.tests.FundingPageTest - Clicked 'Search' button.
2025-02-19 08:35:11 [main] DEBUG l.insoft.uztis.tests.FundingPageTest - Retrieved invitation code: ''.
2025-02-19 08:35:11 [main] DEBUG l.insoft.uztis.tests.FundingPageTest - Clicked on 'Funding Queue' menu.
2025-02-19 08:35:12 [main] DEBUG l.insoft.uztis.tests.FundingPageTest - Selected invitation by code: 'TST-DVP-78'.
2025-02-19 08:35:12 [main] DEBUG l.insoft.uztis.tests.FundingPageTest - Invitation code inserted.
2025-02-19 08:35:12 [main] DEBUG l.insoft.uztis.tests.FundingPageTest - Clicked 'Form'.
2025-02-19 08:35:22 [main] ERROR l.insoft.uztis.tests.FundingPageTest - Test 'testFundApplication' failed with error: no such element: Unable to locate element: {"method":"xpath","selector":"//common-button[contains(@class, 'ng-star-inserted')]//button[contains(@class, 'btn--primary') and text()='Finansuoti']"}
  (Session info: chrome=133.0.6943.99)
For documentation on this error, please visit: https://www.selenium.dev/documentation/webdriver/troubleshooting/errors#no-such-element-exception
Build info: version: '4.27.0', revision: 'd6e718d134'
System info: os.name: 'Windows 11', os.arch: 'amd64', os.version: '10.0', java.version: '21.0.3'
Driver info: org.openqa.selenium.chrome.ChromeDriver
Command: [a7fe436339cf0e480f0ec06944fdd0fb, findElement {using=xpath, value=//common-button[contains(@class, 'ng-star-inserted')]//button[contains(@class, 'btn--primary') and text()='Finansuoti']}]
Capabilities {acceptInsecureCerts: false, browserName: chrome, browserVersion: 133.0.6943.99, chrome: {chromedriverVersion: 133.0.6943.126 (cffa127ce7b..., userDataDir: C:\Users\INGRID~1.ZAD\AppDa...}, fedcm:accounts: true, goog:chromeOptions: {debuggerAddress: localhost:64110}, networkConnectionEnabled: false, pageLoadStrategy: normal, platformName: windows, proxy: Proxy(), se:cdp: ws://localhost:64110/devtoo..., se:cdpVersion: 133.0.6943.99, setWindowRect: true, strictFileInteractability: false, timeouts: {implicit: 0, pageLoad: 300000, script: 30000}, unhandledPromptBehavior: dismiss and notify, webauthn:extension:credBlob: true, webauthn:extension:largeBlob: true, webauthn:extension:minPinLength: true, webauthn:extension:prf: true, webauthn:virtualAuthenticators: true}
Session ID: a7fe436339cf0e480f0ec06944fdd0fb
org.openqa.selenium.NoSuchElementException: no such element: Unable to locate element: {"method":"xpath","selector":"//common-button[contains(@class, 'ng-star-inserted')]//button[contains(@class, 'btn--primary') and text()='Finansuoti']"}
  (Session info: chrome=133.0.6943.99)
For documentation on this error, please visit: https://www.selenium.dev/documentation/webdriver/troubleshooting/errors#no-such-element-exception
Build info: version: '4.27.0', revision: 'd6e718d134'
System info: os.name: 'Windows 11', os.arch: 'amd64', os.version: '10.0', java.version: '21.0.3'
Driver info: org.openqa.selenium.chrome.ChromeDriver
Command: [a7fe436339cf0e480f0ec06944fdd0fb, findElement {using=xpath, value=//common-button[contains(@class, 'ng-star-inserted')]//button[contains(@class, 'btn--primary') and text()='Finansuoti']}]
Capabilities {acceptInsecureCerts: false, browserName: chrome, browserVersion: 133.0.6943.99, chrome: {chromedriverVersion: 133.0.6943.126 (cffa127ce7b..., userDataDir: C:\Users\INGRID~1.ZAD\AppDa...}, fedcm:accounts: true, goog:chromeOptions: {debuggerAddress: localhost:64110}, networkConnectionEnabled: false, pageLoadStrategy: normal, platformName: windows, proxy: Proxy(), se:cdp: ws://localhost:64110/devtoo..., se:cdpVersion: 133.0.6943.99, setWindowRect: true, strictFileInteractability: false, timeouts: {implicit: 0, pageLoad: 300000, script: 30000}, unhandledPromptBehavior: dismiss and notify, webauthn:extension:credBlob: true, webauthn:extension:largeBlob: true, webauthn:extension:minPinLength: true, webauthn:extension:prf: true, webauthn:virtualAuthenticators: true}
Session ID: a7fe436339cf0e480f0ec06944fdd0fb
	at java.base/jdk.internal.reflect.DirectConstructorHandleAccessor.newInstance(DirectConstructorHandleAccessor.java:62)
	at java.base/java.lang.reflect.Constructor.newInstanceWithCaller(Constructor.java:502)
	at java.base/java.lang.reflect.Constructor.newInstance(Constructor.java:486)
	at org.openqa.selenium.remote.ErrorCodec.decode(ErrorCodec.java:167)
	at org.openqa.selenium.remote.codec.w3c.W3CHttpResponseCodec.decode(W3CHttpResponseCodec.java:138)
	at org.openqa.selenium.remote.codec.w3c.W3CHttpResponseCodec.decode(W3CHttpResponseCodec.java:50)
	at org.openqa.selenium.remote.HttpCommandExecutor.execute(HttpCommandExecutor.java:190)
	at org.openqa.selenium.remote.service.DriverCommandExecutor.invokeExecute(DriverCommandExecutor.java:216)
	at org.openqa.selenium.remote.service.DriverCommandExecutor.execute(DriverCommandExecutor.java:174)
	at org.openqa.selenium.remote.RemoteWebDriver.execute(RemoteWebDriver.java:545)
	at org.openqa.selenium.remote.ElementLocation$ElementFinder$2.findElement(ElementLocation.java:165)
	at org.openqa.selenium.remote.ElementLocation.findElement(ElementLocation.java:59)
	at org.openqa.selenium.remote.RemoteWebDriver.findElement(RemoteWebDriver.java:368)
	at org.openqa.selenium.remote.RemoteWebDriver.findElement(RemoteWebDriver.java:362)
	at org.openqa.selenium.support.pagefactory.DefaultElementLocator.findElement(DefaultElementLocator.java:68)
	at org.openqa.selenium.support.pagefactory.internal.LocatingElementHandler.invoke(LocatingElementHandler.java:38)
	at jdk.proxy2/jdk.proxy2.$Proxy14.click(Unknown Source)
	at lt.insoft.uztis.pages.FundingPage.clickButtonFinance(FundingPage.java:51)
	at lt.insoft.uztis.tests.FundingPageTest.testFundApplication(FundingPageTest.java:98)
	at java.base/jdk.internal.reflect.DirectMethodHandleAccessor.invoke(DirectMethodHandleAccessor.java:103)
	at java.base/java.lang.reflect.Method.invoke(Method.java:580)
	at org.junit.platform.commons.util.ReflectionUtils.invokeMethod(ReflectionUtils.java:728)
	at org.junit.jupiter.engine.execution.MethodInvocation.proceed(MethodInvocation.java:60)
	at org.junit.jupiter.engine.execution.InvocationInterceptorChain$ValidatingInvocation.proceed(InvocationInterceptorChain.java:131)
	at org.junit.jupiter.engine.extension.TimeoutExtension.intercept(TimeoutExtension.java:156)
	at org.junit.jupiter.engine.extension.TimeoutExtension.interceptTestableMethod(TimeoutExtension.java:147)
	at org.junit.jupiter.engine.extension.TimeoutExtension.interceptTestMethod(TimeoutExtension.java:86)
	at org.junit.jupiter.engine.execution.InterceptingExecutableInvoker$ReflectiveInterceptorCall.lambda$ofVoidMethod$0(InterceptingExecutableInvoker.java:103)
	at org.junit.jupiter.engine.execution.InterceptingExecutableInvoker.lambda$invoke$0(InterceptingExecutableInvoker.java:93)
	at org.junit.jupiter.engine.execution.InvocationInterceptorChain$InterceptedInvocation.proceed(InvocationInterceptorChain.java:106)
	at org.junit.jupiter.engine.execution.InvocationInterceptorChain.proceed(InvocationInterceptorChain.java:64)
	at org.junit.jupiter.engine.execution.InvocationInterceptorChain.chainAndInvoke(InvocationInterceptorChain.java:45)
	at org.junit.jupiter.engine.execution.InvocationInterceptorChain.invoke(InvocationInterceptorChain.java:37)
	at org.junit.jupiter.engine.execution.InterceptingExecutableInvoker.invoke(InterceptingExecutableInvoker.java:92)
	at org.junit.jupiter.engine.execution.InterceptingExecutableInvoker.invoke(InterceptingExecutableInvoker.java:86)
	at org.junit.jupiter.engine.descriptor.TestMethodTestDescriptor.lambda$invokeTestMethod$7(TestMethodTestDescriptor.java:218)
	at org.junit.platform.engine.support.hierarchical.ThrowableCollector.execute(ThrowableCollector.java:73)
	at org.junit.jupiter.engine.descriptor.TestMethodTestDescriptor.invokeTestMethod(TestMethodTestDescriptor.java:214)
	at org.junit.jupiter.engine.descriptor.TestMethodTestDescriptor.execute(TestMethodTestDescriptor.java:139)
	at org.junit.jupiter.engine.descriptor.TestMethodTestDescriptor.execute(TestMethodTestDescriptor.java:69)
	at org.junit.platform.engine.support.hierarchical.NodeTestTask.lambda$executeRecursively$6(NodeTestTask.java:151)
	at org.junit.platform.engine.support.hierarchical.ThrowableCollector.execute(ThrowableCollector.java:73)
	at org.junit.platform.engine.support.hierarchical.NodeTestTask.lambda$executeRecursively$8(NodeTestTask.java:141)
	at org.junit.platform.engine.support.hierarchical.Node.around(Node.java:137)
	at org.junit.platform.engine.support.hierarchical.NodeTestTask.lambda$executeRecursively$9(NodeTestTask.java:139)
	at org.junit.platform.engine.support.hierarchical.ThrowableCollector.execute(ThrowableCollector.java:73)
	at org.junit.platform.engine.support.hierarchical.NodeTestTask.executeRecursively(NodeTestTask.java:138)
	at org.junit.platform.engine.support.hierarchical.NodeTestTask.execute(NodeTestTask.java:95)
	at java.base/java.util.ArrayList.forEach(ArrayList.java:1596)
	at org.junit.platform.engine.support.hierarchical.SameThreadHierarchicalTestExecutorService.invokeAll(SameThreadHierarchicalTestExecutorService.java:41)
	at org.junit.platform.engine.support.hierarchical.NodeTestTask.lambda$executeRecursively$6(NodeTestTask.java:155)
	at org.junit.platform.engine.support.hierarchical.ThrowableCollector.execute(ThrowableCollector.java:73)
	at org.junit.platform.engine.support.hierarchical.NodeTestTask.lambda$executeRecursively$8(NodeTestTask.java:141)
	at org.junit.platform.engine.support.hierarchical.Node.around(Node.java:137)
	at org.junit.platform.engine.support.hierarchical.NodeTestTask.lambda$executeRecursively$9(NodeTestTask.java:139)
	at org.junit.platform.engine.support.hierarchical.ThrowableCollector.execute(ThrowableCollector.java:73)
	at org.junit.platform.engine.support.hierarchical.NodeTestTask.executeRecursively(NodeTestTask.java:138)
	at org.junit.platform.engine.support.hierarchical.NodeTestTask.execute(NodeTestTask.java:95)
	at java.base/java.util.ArrayList.forEach(ArrayList.java:1596)
	at org.junit.platform.engine.support.hierarchical.SameThreadHierarchicalTestExecutorService.invokeAll(SameThreadHierarchicalTestExecutorService.java:41)
	at org.junit.platform.engine.support.hierarchical.NodeTestTask.lambda$executeRecursively$6(NodeTestTask.java:155)
	at org.junit.platform.engine.support.hierarchical.ThrowableCollector.execute(ThrowableCollector.java:73)
	at org.junit.platform.engine.support.hierarchical.NodeTestTask.lambda$executeRecursively$8(NodeTestTask.java:141)
	at org.junit.platform.engine.support.hierarchical.Node.around(Node.java:137)
	at org.junit.platform.engine.support.hierarchical.NodeTestTask.lambda$executeRecursively$9(NodeTestTask.java:139)
	at org.junit.platform.engine.support.hierarchical.ThrowableCollector.execute(ThrowableCollector.java:73)
	at org.junit.platform.engine.support.hierarchical.NodeTestTask.executeRecursively(NodeTestTask.java:138)
	at org.junit.platform.engine.support.hierarchical.NodeTestTask.execute(NodeTestTask.java:95)
	at org.junit.platform.engine.support.hierarchical.SameThreadHierarchicalTestExecutorService.submit(SameThreadHierarchicalTestExecutorService.java:35)
	at org.junit.platform.engine.support.hierarchical.HierarchicalTestExecutor.execute(HierarchicalTestExecutor.java:57)
	at org.junit.platform.engine.support.hierarchical.HierarchicalTestEngine.execute(HierarchicalTestEngine.java:54)
	at org.junit.platform.launcher.core.EngineExecutionOrchestrator.execute(EngineExecutionOrchestrator.java:198)
	at org.junit.platform.launcher.core.EngineExecutionOrchestrator.execute(EngineExecutionOrchestrator.java:169)
	at org.junit.platform.launcher.core.EngineExecutionOrchestrator.execute(EngineExecutionOrchestrator.java:93)
	at org.junit.platform.launcher.core.EngineExecutionOrchestrator.lambda$execute$0(EngineExecutionOrchestrator.java:58)
	at org.junit.platform.launcher.core.EngineExecutionOrchestrator.withInterceptedStreams(EngineExecutionOrchestrator.java:141)
	at org.junit.platform.launcher.core.EngineExecutionOrchestrator.execute(EngineExecutionOrchestrator.java:57)
	at org.junit.platform.launcher.core.DefaultLauncher.execute(DefaultLauncher.java:103)
	at org.junit.platform.launcher.core.DefaultLauncher.execute(DefaultLauncher.java:85)
	at org.junit.platform.launcher.core.DelegatingLauncher.execute(DelegatingLauncher.java:47)
	at org.junit.platform.launcher.core.SessionPerRequestLauncher.execute(SessionPerRequestLauncher.java:63)
	at com.intellij.junit5.JUnit5IdeaTestRunner.startRunnerWithArgs(JUnit5IdeaTestRunner.java:57)
	at com.intellij.rt.junit.IdeaTestRunner$Repeater$1.execute(IdeaTestRunner.java:38)
	at com.intellij.rt.execution.junit.TestsRepeater.repeat(TestsRepeater.java:11)
	at com.intellij.rt.junit.IdeaTestRunner$Repeater.startRunnerWithArgs(IdeaTestRunner.java:35)
	at com.intellij.rt.junit.JUnitStarter.prepareStreamsAndStart(JUnitStarter.java:232)
	at com.intellij.rt.junit.JUnitStarter.main(JUnitStarter.java:55)
2025-02-19 08:35:22 [main] INFO  l.insoft.uztis.tests.utils.TestUtils - Screenshot moved to C:\Users\ingrida.zadorozniene\Desktop\Asm\UZTIS\UZTIS_tests\test-output\screenshots\20250219\083522453_testFundApplication().png
2025-02-19 09:09:25 [main] INFO  lt.insoft.uztis.tests.UztisPageTest - Navigated to https://uztisdev.asseco.lt/home
2025-02-19 09:09:25 [main] INFO  l.i.u.tests.ApplicationFormsPageTest - Setup complete. ApplicationFormsPage initialized.
2025-02-19 09:09:25 [main] INFO  l.i.u.tests.ApplicationFormsPageTest - Starting test:'testCreateNewVuiApplication'
2025-02-19 09:09:26 [main] DEBUG l.i.u.tests.ApplicationFormsPageTest - User logged in with test credentials
2025-02-19 09:09:26 [main] DEBUG l.i.u.tests.ApplicationFormsPageTest - Opened 'Application Processing' menu.
2025-02-19 09:09:26 [main] DEBUG l.i.u.tests.ApplicationFormsPageTest - Clicked on 'Application Forms' menu.
2025-02-19 09:09:27 [main] DEBUG l.i.u.tests.ApplicationFormsPageTest - Clicked to create a new application form.
2025-02-19 09:09:27 [main] DEBUG l.i.u.tests.ApplicationFormsPageTest - Entered random application code: TST-VUI-65
2025-02-19 09:09:27 [main] DEBUG l.i.u.tests.ApplicationFormsPageTest - Selected 'Section' radio button.
2025-02-19 09:09:27 [main] INFO  l.i.uztis.pages.ApplicationFormsPage - Located the dropdown button.
2025-02-19 09:09:28 [main] INFO  l.i.uztis.pages.ApplicationFormsPage - Successfully selected the value: 'Skyrius 1'
2025-02-19 09:09:38 [main] ERROR l.i.uztis.pages.ApplicationFormsPage - Failed to close the dropdown with aria-expanded = 'false'.
2025-02-19 09:09:38 [main] DEBUG l.i.u.tests.ApplicationFormsPageTest - Selected a value from the 'Section' dropdown: 'Skyrius 1'
2025-02-19 09:09:39 [main] DEBUG l.i.u.tests.ApplicationFormsPageTest - Selected 'Budget by Municipality' option.
2025-02-19 09:09:39 [main] DEBUG l.i.u.tests.ApplicationFormsPageTest - Selected 'Financed Without Queue' option.
2025-02-19 09:09:39 [main] DEBUG l.i.u.tests.ApplicationFormsPageTest - Clicked 'Add' button.
2025-02-19 09:09:39 [main] INFO  l.i.uztis.pages.ApplicationFormsPage - Located the dropdown button.
2025-02-19 09:09:40 [main] INFO  l.i.uztis.pages.ApplicationFormsPage - Successfully selected the value: 'VUI paraiškos vertinimo forma - I etapas'
2025-02-19 09:09:50 [main] ERROR l.i.uztis.pages.ApplicationFormsPage - Failed to close the dropdown with aria-expanded = 'false'.
2025-02-19 09:09:50 [main] DEBUG l.i.u.tests.ApplicationFormsPageTest - Selected a value from the 'EvaluationOne' dropdown: 'VUI paraiškos vertinimo forma - I etapas'
2025-02-19 09:09:50 [main] INFO  l.i.uztis.pages.ApplicationFormsPage - Located the dropdown button.
2025-02-19 09:09:51 [main] INFO  l.i.uztis.pages.ApplicationFormsPage - Successfully selected the value: 'VUI paraiškos vertinimo forma - II etapas'
2025-02-19 09:10:01 [main] ERROR l.i.uztis.pages.ApplicationFormsPage - Failed to close the dropdown with aria-expanded = 'false'.
2025-02-19 09:10:01 [main] DEBUG l.i.u.tests.ApplicationFormsPageTest - Selected a value from the 'EvaluationTwon' dropdown: 'VUI paraiškos vertinimo forma - II etapas'
2025-02-19 09:10:01 [main] INFO  l.i.uztis.pages.ApplicationFormsPage - Located the dropdown button.
2025-02-19 09:10:02 [main] INFO  l.i.uztis.pages.ApplicationFormsPage - Successfully selected the value: 'VUI paraiškos vertinimo forma - III etapas'
2025-02-19 09:10:12 [main] ERROR l.i.uztis.pages.ApplicationFormsPage - Failed to close the dropdown with aria-expanded = 'false'.
2025-02-19 09:10:12 [main] DEBUG l.i.u.tests.ApplicationFormsPageTest - Selected a value from the 'EvaluationThree' dropdown: 'VUI paraiškos vertinimo forma - III etapas'
2025-02-19 09:10:12 [main] DEBUG l.i.u.tests.ApplicationFormsPageTest - Clicked 'Plus' button.
2025-02-19 09:10:13 [main] DEBUG l.i.u.tests.ApplicationFormsPageTest - Clicked 'Add' button seven times.
2025-02-19 09:10:13 [main] INFO  l.i.uztis.pages.ApplicationFormsPage - Processing dropdown index: 0
2025-02-19 09:10:23 [main] ERROR l.i.uztis.pages.ApplicationFormsPage - Timeout while waiting for dropdown to close at index: 0 with aria-expanded = 'false'
2025-02-19 09:10:23 [main] INFO  l.i.uztis.pages.ApplicationFormsPage - Processing dropdown index: 1
2025-02-19 09:10:34 [main] ERROR l.i.uztis.pages.ApplicationFormsPage - Timeout while waiting for dropdown to close at index: 1 with aria-expanded = 'false'
2025-02-19 09:10:34 [main] INFO  l.i.uztis.pages.ApplicationFormsPage - Processing dropdown index: 2
2025-02-19 09:10:45 [main] ERROR l.i.uztis.pages.ApplicationFormsPage - Timeout while waiting for dropdown to close at index: 2 with aria-expanded = 'false'
2025-02-19 09:10:45 [main] INFO  l.i.uztis.pages.ApplicationFormsPage - Processing dropdown index: 3
2025-02-19 09:10:56 [main] ERROR l.i.uztis.pages.ApplicationFormsPage - Timeout while waiting for dropdown to close at index: 3 with aria-expanded = 'false'
2025-02-19 09:10:56 [main] INFO  l.i.uztis.pages.ApplicationFormsPage - Processing dropdown index: 4
2025-02-19 09:11:06 [main] ERROR l.i.uztis.pages.ApplicationFormsPage - Timeout while waiting for dropdown to close at index: 4 with aria-expanded = 'false'
2025-02-19 09:11:06 [main] INFO  l.i.uztis.pages.ApplicationFormsPage - Processing dropdown index: 5
2025-02-19 09:11:17 [main] ERROR l.i.uztis.pages.ApplicationFormsPage - Timeout while waiting for dropdown to close at index: 5 with aria-expanded = 'false'
2025-02-19 09:11:17 [main] INFO  l.i.uztis.pages.ApplicationFormsPage - Processing dropdown index: 6
2025-02-19 09:11:28 [main] ERROR l.i.uztis.pages.ApplicationFormsPage - Timeout while waiting for dropdown to close at index: 6 with aria-expanded = 'false'
2025-02-19 09:11:28 [main] INFO  l.i.uztis.pages.ApplicationFormsPage - Processing dropdown index: 7
2025-02-19 09:11:39 [main] ERROR l.i.uztis.pages.ApplicationFormsPage - Timeout while waiting for dropdown to close at index: 7 with aria-expanded = 'false'
2025-02-19 09:11:39 [main] INFO  l.i.uztis.pages.ApplicationFormsPage - Processing input field index: 0
2025-02-19 09:11:39 [main] INFO  l.i.uztis.pages.ApplicationFormsPage - Entered value '50' into field index: 0
2025-02-19 09:11:39 [main] INFO  l.i.uztis.pages.ApplicationFormsPage - Processing input field index: 1
2025-02-19 09:11:39 [main] INFO  l.i.uztis.pages.ApplicationFormsPage - Entered value '924' into field index: 1
2025-02-19 09:11:39 [main] INFO  l.i.uztis.pages.ApplicationFormsPage - Processing input field index: 2
2025-02-19 09:11:40 [main] INFO  l.i.uztis.pages.ApplicationFormsPage - Entered value '31' into field index: 2
2025-02-19 09:11:40 [main] INFO  l.i.uztis.pages.ApplicationFormsPage - Processing input field index: 3
2025-02-19 09:11:40 [main] INFO  l.i.uztis.pages.ApplicationFormsPage - Entered value '4.7' into field index: 3
2025-02-19 09:11:40 [main] INFO  l.i.uztis.pages.ApplicationFormsPage - Processing input field index: 4
2025-02-19 09:11:40 [main] INFO  l.i.uztis.pages.ApplicationFormsPage - Entered value '35' into field index: 4
2025-02-19 09:11:40 [main] INFO  l.i.uztis.pages.ApplicationFormsPage - Processing input field index: 5
2025-02-19 09:11:40 [main] INFO  l.i.uztis.pages.ApplicationFormsPage - Entered value '20' into field index: 5
2025-02-19 09:11:40 [main] INFO  l.i.uztis.pages.ApplicationFormsPage - Processing input field index: 6
2025-02-19 09:11:40 [main] INFO  l.i.uztis.pages.ApplicationFormsPage - Entered value '30' into field index: 6
2025-02-19 09:11:40 [main] INFO  l.i.uztis.pages.ApplicationFormsPage - Processing input field index: 7
2025-02-19 09:11:40 [main] INFO  l.i.uztis.pages.ApplicationFormsPage - Entered value '60' into field index: 7
2025-02-19 09:11:40 [main] DEBUG l.i.u.tests.ApplicationFormsPageTest - Entered additional values and text.
2025-02-19 09:11:40 [main] DEBUG l.i.u.tests.ApplicationFormsPageTest - Entered application name: VUI paraiška
2025-02-19 09:11:40 [main] DEBUG l.i.u.tests.ApplicationFormsPageTest - Clicked the 'Save' button.
2025-02-19 09:11:41 [main] INFO  l.i.u.tests.ApplicationFormsPageTest - Verified success message text: 'Duomenys sėkmingai išsaugoti.'
2025-02-19 09:11:41 [main] INFO  l.i.u.tests.ApplicationFormsPageTest - Verified that the 'Save Form' button is displayed.
2025-02-19 09:11:41 [main] INFO  l.i.u.tests.ApplicationFormsPageTest - Test 'testCreateNewVuiApplication' completed successfully.
2025-02-19 10:48:44 [main] INFO  lt.insoft.uztis.tests.UztisPageTest - Navigated to https://uztisdev.asseco.lt/home
2025-02-19 10:48:44 [main] INFO  l.i.uztis.tests.InvitationsPageTest - Starting test:'testCreateNewVuiInvitationDraft'
2025-02-19 10:48:45 [main] DEBUG l.i.uztis.tests.InvitationsPageTest - User logged in with test credentials
2025-02-19 10:48:45 [main] DEBUG l.i.uztis.tests.InvitationsPageTest - Opened 'Application Processing' menu.
2025-02-19 10:48:45 [main] DEBUG l.i.uztis.tests.InvitationsPageTest - Clicked on 'Application Forms' menu.
2025-02-19 10:48:45 [main] DEBUG l.i.uztis.tests.InvitationsPageTest - Navigating to application forms menu.
2025-02-19 10:48:46 [main] DEBUG l.i.uztis.tests.InvitationsPageTest - Retrieved last description code text: 'TST-VUI-65'.
2025-02-19 10:48:46 [main] DEBUG l.i.uztis.tests.InvitationsPageTest - Clicked on 'Invitation' menu.
2025-02-19 10:48:46 [main] DEBUG l.i.uztis.tests.InvitationsPageTest - Clicked 'Create New Application Form'.
2025-02-19 10:48:47 [main] DEBUG l.i.uztis.tests.InvitationsPageTest - Selected section by code: 'TST-VUI-65'.
2025-02-19 10:48:47 [main] INFO  l.insoft.uztis.pages.InvitationsPage - Located the dropdown button.
2025-02-19 10:48:59 [main] ERROR l.insoft.uztis.pages.InvitationsPage - Timeout while waiting for dropdown to close with aria-expanded = 'false'.
2025-02-19 10:48:59 [main] DEBUG l.i.uztis.tests.InvitationsPageTest - Selected invitation number from the list.
2025-02-19 10:48:59 [main] DEBUG l.i.uztis.tests.InvitationsPageTest - Entered current date.
2025-02-19 10:48:59 [main] DEBUG l.i.uztis.tests.InvitationsPageTest - Entered start time: 00:00.
2025-02-19 10:49:00 [main] DEBUG l.i.uztis.tests.InvitationsPageTest - Entered end date.
2025-02-19 10:49:00 [main] DEBUG l.i.uztis.tests.InvitationsPageTest - Entered end time: 11:11.
2025-02-19 10:49:00 [main] DEBUG l.i.uztis.tests.InvitationsPageTest - Draft saved.
2025-02-19 10:49:01 [main] DEBUG l.insoft.uztis.pages.InvitationsPage - Verified success message: 'Duomenys sėkmingai išsaugoti.'
2025-02-19 10:49:01 [main] INFO  l.i.uztis.tests.InvitationsPageTest - Test 'testCreateNewVuiInvitationDraft' completed successfully.
2025-02-19 10:49:45 [main] INFO  lt.insoft.uztis.tests.UztisPageTest - Navigated to https://uztisdev.asseco.lt/home
2025-02-19 10:49:45 [main] INFO  l.i.u.tests.ApplicationFormsPageTest - Setup complete. ApplicationFormsPage initialized.
2025-02-19 10:49:45 [main] INFO  l.i.u.tests.ApplicationFormsPageTest - Starting test:'testEditAndSaveVuiApplication'
2025-02-19 10:49:50 [main] ERROR l.i.u.tests.ApplicationFormsPageTest - Test 'testEditAndSaveVuiApplication' failed with error: invalid session id: session deleted as the browser has closed the connection
from disconnected: unable to send message to renderer
  (Session info: chrome=133.0.6943.99)
Build info: version: '4.27.0', revision: 'd6e718d134'
System info: os.name: 'Windows 11', os.arch: 'amd64', os.version: '10.0', java.version: '21.0.3'
Driver info: org.openqa.selenium.chrome.ChromeDriver
Command: [be5936e2775c2c0e53629534dde1f2af, findElement {value=username, using=id}]
Capabilities {acceptInsecureCerts: false, browserName: chrome, browserVersion: 133.0.6943.99, chrome: {chromedriverVersion: 133.0.6943.126 (cffa127ce7b..., userDataDir: C:\Users\INGRID~1.ZAD\AppDa...}, fedcm:accounts: true, goog:chromeOptions: {debuggerAddress: localhost:52699}, networkConnectionEnabled: false, pageLoadStrategy: normal, platformName: windows, proxy: Proxy(), se:cdp: ws://localhost:52699/devtoo..., se:cdpVersion: 133.0.6943.99, setWindowRect: true, strictFileInteractability: false, timeouts: {implicit: 0, pageLoad: 300000, script: 30000}, unhandledPromptBehavior: dismiss and notify, webauthn:extension:credBlob: true, webauthn:extension:largeBlob: true, webauthn:extension:minPinLength: true, webauthn:extension:prf: true, webauthn:virtualAuthenticators: true}
Session ID: be5936e2775c2c0e53629534dde1f2af
org.openqa.selenium.NoSuchSessionException: invalid session id: session deleted as the browser has closed the connection
from disconnected: unable to send message to renderer
  (Session info: chrome=133.0.6943.99)
Build info: version: '4.27.0', revision: 'd6e718d134'
System info: os.name: 'Windows 11', os.arch: 'amd64', os.version: '10.0', java.version: '21.0.3'
Driver info: org.openqa.selenium.chrome.ChromeDriver
Command: [be5936e2775c2c0e53629534dde1f2af, findElement {value=username, using=id}]
Capabilities {acceptInsecureCerts: false, browserName: chrome, browserVersion: 133.0.6943.99, chrome: {chromedriverVersion: 133.0.6943.126 (cffa127ce7b..., userDataDir: C:\Users\INGRID~1.ZAD\AppDa...}, fedcm:accounts: true, goog:chromeOptions: {debuggerAddress: localhost:52699}, networkConnectionEnabled: false, pageLoadStrategy: normal, platformName: windows, proxy: Proxy(), se:cdp: ws://localhost:52699/devtoo..., se:cdpVersion: 133.0.6943.99, setWindowRect: true, strictFileInteractability: false, timeouts: {implicit: 0, pageLoad: 300000, script: 30000}, unhandledPromptBehavior: dismiss and notify, webauthn:extension:credBlob: true, webauthn:extension:largeBlob: true, webauthn:extension:minPinLength: true, webauthn:extension:prf: true, webauthn:virtualAuthenticators: true}
Session ID: be5936e2775c2c0e53629534dde1f2af
	at java.base/jdk.internal.reflect.DirectConstructorHandleAccessor.newInstance(DirectConstructorHandleAccessor.java:62)
	at java.base/java.lang.reflect.Constructor.newInstanceWithCaller(Constructor.java:502)
	at java.base/java.lang.reflect.Constructor.newInstance(Constructor.java:486)
	at org.openqa.selenium.remote.ErrorCodec.decode(ErrorCodec.java:167)
	at org.openqa.selenium.remote.codec.w3c.W3CHttpResponseCodec.decode(W3CHttpResponseCodec.java:138)
	at org.openqa.selenium.remote.codec.w3c.W3CHttpResponseCodec.decode(W3CHttpResponseCodec.java:50)
	at org.openqa.selenium.remote.HttpCommandExecutor.execute(HttpCommandExecutor.java:190)
	at org.openqa.selenium.remote.service.DriverCommandExecutor.invokeExecute(DriverCommandExecutor.java:216)
	at org.openqa.selenium.remote.service.DriverCommandExecutor.execute(DriverCommandExecutor.java:174)
	at org.openqa.selenium.remote.RemoteWebDriver.execute(RemoteWebDriver.java:545)
	at org.openqa.selenium.remote.ElementLocation$ElementFinder$2.findElement(ElementLocation.java:165)
	at org.openqa.selenium.remote.ElementLocation.findElement(ElementLocation.java:66)
	at org.openqa.selenium.remote.RemoteWebDriver.findElement(RemoteWebDriver.java:368)
	at org.openqa.selenium.remote.RemoteWebDriver.findElement(RemoteWebDriver.java:362)
	at org.openqa.selenium.support.pagefactory.DefaultElementLocator.findElement(DefaultElementLocator.java:68)
	at org.openqa.selenium.support.pagefactory.internal.LocatingElementHandler.invoke(LocatingElementHandler.java:38)
	at jdk.proxy2/jdk.proxy2.$Proxy14.sendKeys(Unknown Source)
	at lt.insoft.uztis.pages.ApplicationFormsPage.login(ApplicationFormsPage.java:142)
	at lt.insoft.uztis.tests.ApplicationFormsPageTest.testEditAndSaveVuiApplication(ApplicationFormsPageTest.java:190)
	at java.base/jdk.internal.reflect.DirectMethodHandleAccessor.invoke(DirectMethodHandleAccessor.java:103)
	at java.base/java.lang.reflect.Method.invoke(Method.java:580)
	at org.junit.platform.commons.util.ReflectionUtils.invokeMethod(ReflectionUtils.java:728)
	at org.junit.jupiter.engine.execution.MethodInvocation.proceed(MethodInvocation.java:60)
	at org.junit.jupiter.engine.execution.InvocationInterceptorChain$ValidatingInvocation.proceed(InvocationInterceptorChain.java:131)
	at org.junit.jupiter.engine.extension.TimeoutExtension.intercept(TimeoutExtension.java:156)
	at org.junit.jupiter.engine.extension.TimeoutExtension.interceptTestableMethod(TimeoutExtension.java:147)
	at org.junit.jupiter.engine.extension.TimeoutExtension.interceptTestMethod(TimeoutExtension.java:86)
	at org.junit.jupiter.engine.execution.InterceptingExecutableInvoker$ReflectiveInterceptorCall.lambda$ofVoidMethod$0(InterceptingExecutableInvoker.java:103)
	at org.junit.jupiter.engine.execution.InterceptingExecutableInvoker.lambda$invoke$0(InterceptingExecutableInvoker.java:93)
	at org.junit.jupiter.engine.execution.InvocationInterceptorChain$InterceptedInvocation.proceed(InvocationInterceptorChain.java:106)
	at org.junit.jupiter.engine.execution.InvocationInterceptorChain.proceed(InvocationInterceptorChain.java:64)
	at org.junit.jupiter.engine.execution.InvocationInterceptorChain.chainAndInvoke(InvocationInterceptorChain.java:45)
	at org.junit.jupiter.engine.execution.InvocationInterceptorChain.invoke(InvocationInterceptorChain.java:37)
	at org.junit.jupiter.engine.execution.InterceptingExecutableInvoker.invoke(InterceptingExecutableInvoker.java:92)
	at org.junit.jupiter.engine.execution.InterceptingExecutableInvoker.invoke(InterceptingExecutableInvoker.java:86)
	at org.junit.jupiter.engine.descriptor.TestMethodTestDescriptor.lambda$invokeTestMethod$7(TestMethodTestDescriptor.java:218)
	at org.junit.platform.engine.support.hierarchical.ThrowableCollector.execute(ThrowableCollector.java:73)
	at org.junit.jupiter.engine.descriptor.TestMethodTestDescriptor.invokeTestMethod(TestMethodTestDescriptor.java:214)
	at org.junit.jupiter.engine.descriptor.TestMethodTestDescriptor.execute(TestMethodTestDescriptor.java:139)
	at org.junit.jupiter.engine.descriptor.TestMethodTestDescriptor.execute(TestMethodTestDescriptor.java:69)
	at org.junit.platform.engine.support.hierarchical.NodeTestTask.lambda$executeRecursively$6(NodeTestTask.java:151)
	at org.junit.platform.engine.support.hierarchical.ThrowableCollector.execute(ThrowableCollector.java:73)
	at org.junit.platform.engine.support.hierarchical.NodeTestTask.lambda$executeRecursively$8(NodeTestTask.java:141)
	at org.junit.platform.engine.support.hierarchical.Node.around(Node.java:137)
	at org.junit.platform.engine.support.hierarchical.NodeTestTask.lambda$executeRecursively$9(NodeTestTask.java:139)
	at org.junit.platform.engine.support.hierarchical.ThrowableCollector.execute(ThrowableCollector.java:73)
	at org.junit.platform.engine.support.hierarchical.NodeTestTask.executeRecursively(NodeTestTask.java:138)
	at org.junit.platform.engine.support.hierarchical.NodeTestTask.execute(NodeTestTask.java:95)
	at java.base/java.util.ArrayList.forEach(ArrayList.java:1596)
	at org.junit.platform.engine.support.hierarchical.SameThreadHierarchicalTestExecutorService.invokeAll(SameThreadHierarchicalTestExecutorService.java:41)
	at org.junit.platform.engine.support.hierarchical.NodeTestTask.lambda$executeRecursively$6(NodeTestTask.java:155)
	at org.junit.platform.engine.support.hierarchical.ThrowableCollector.execute(ThrowableCollector.java:73)
	at org.junit.platform.engine.support.hierarchical.NodeTestTask.lambda$executeRecursively$8(NodeTestTask.java:141)
	at org.junit.platform.engine.support.hierarchical.Node.around(Node.java:137)
	at org.junit.platform.engine.support.hierarchical.NodeTestTask.lambda$executeRecursively$9(NodeTestTask.java:139)
	at org.junit.platform.engine.support.hierarchical.ThrowableCollector.execute(ThrowableCollector.java:73)
	at org.junit.platform.engine.support.hierarchical.NodeTestTask.executeRecursively(NodeTestTask.java:138)
	at org.junit.platform.engine.support.hierarchical.NodeTestTask.execute(NodeTestTask.java:95)
	at java.base/java.util.ArrayList.forEach(ArrayList.java:1596)
	at org.junit.platform.engine.support.hierarchical.SameThreadHierarchicalTestExecutorService.invokeAll(SameThreadHierarchicalTestExecutorService.java:41)
	at org.junit.platform.engine.support.hierarchical.NodeTestTask.lambda$executeRecursively$6(NodeTestTask.java:155)
	at org.junit.platform.engine.support.hierarchical.ThrowableCollector.execute(ThrowableCollector.java:73)
	at org.junit.platform.engine.support.hierarchical.NodeTestTask.lambda$executeRecursively$8(NodeTestTask.java:141)
	at org.junit.platform.engine.support.hierarchical.Node.around(Node.java:137)
	at org.junit.platform.engine.support.hierarchical.NodeTestTask.lambda$executeRecursively$9(NodeTestTask.java:139)
	at org.junit.platform.engine.support.hierarchical.ThrowableCollector.execute(ThrowableCollector.java:73)
	at org.junit.platform.engine.support.hierarchical.NodeTestTask.executeRecursively(NodeTestTask.java:138)
	at org.junit.platform.engine.support.hierarchical.NodeTestTask.execute(NodeTestTask.java:95)
	at org.junit.platform.engine.support.hierarchical.SameThreadHierarchicalTestExecutorService.submit(SameThreadHierarchicalTestExecutorService.java:35)
	at org.junit.platform.engine.support.hierarchical.HierarchicalTestExecutor.execute(HierarchicalTestExecutor.java:57)
	at org.junit.platform.engine.support.hierarchical.HierarchicalTestEngine.execute(HierarchicalTestEngine.java:54)
	at org.junit.platform.launcher.core.EngineExecutionOrchestrator.execute(EngineExecutionOrchestrator.java:198)
	at org.junit.platform.launcher.core.EngineExecutionOrchestrator.execute(EngineExecutionOrchestrator.java:169)
	at org.junit.platform.launcher.core.EngineExecutionOrchestrator.execute(EngineExecutionOrchestrator.java:93)
	at org.junit.platform.launcher.core.EngineExecutionOrchestrator.lambda$execute$0(EngineExecutionOrchestrator.java:58)
	at org.junit.platform.launcher.core.EngineExecutionOrchestrator.withInterceptedStreams(EngineExecutionOrchestrator.java:141)
	at org.junit.platform.launcher.core.EngineExecutionOrchestrator.execute(EngineExecutionOrchestrator.java:57)
	at org.junit.platform.launcher.core.DefaultLauncher.execute(DefaultLauncher.java:103)
	at org.junit.platform.launcher.core.DefaultLauncher.execute(DefaultLauncher.java:85)
	at org.junit.platform.launcher.core.DelegatingLauncher.execute(DelegatingLauncher.java:47)
	at org.junit.platform.launcher.core.SessionPerRequestLauncher.execute(SessionPerRequestLauncher.java:63)
	at com.intellij.junit5.JUnit5IdeaTestRunner.startRunnerWithArgs(JUnit5IdeaTestRunner.java:57)
	at com.intellij.rt.junit.IdeaTestRunner$Repeater$1.execute(IdeaTestRunner.java:38)
	at com.intellij.rt.execution.junit.TestsRepeater.repeat(TestsRepeater.java:11)
	at com.intellij.rt.junit.IdeaTestRunner$Repeater.startRunnerWithArgs(IdeaTestRunner.java:35)
	at com.intellij.rt.junit.JUnitStarter.prepareStreamsAndStart(JUnitStarter.java:232)
	at com.intellij.rt.junit.JUnitStarter.main(JUnitStarter.java:55)
2025-02-19 10:50:11 [main] INFO  lt.insoft.uztis.tests.UztisPageTest - Navigated to https://uztisdev.asseco.lt/home
2025-02-19 10:50:11 [main] INFO  l.i.u.tests.ApplicationFormsPageTest - Setup complete. ApplicationFormsPage initialized.
2025-02-19 10:50:11 [main] INFO  l.i.u.tests.ApplicationFormsPageTest - Starting test:'testEditAndSaveVuiApplication'
2025-02-19 10:50:12 [main] DEBUG l.i.u.tests.ApplicationFormsPageTest - User logged in with test credentials
2025-02-19 10:50:12 [main] DEBUG l.i.u.tests.ApplicationFormsPageTest - Opened 'Application Processing' menu.
2025-02-19 10:50:12 [main] DEBUG l.i.u.tests.ApplicationFormsPageTest - Clicked on 'Application Forms' menu.
2025-02-19 10:50:13 [main] DEBUG l.i.u.tests.ApplicationFormsPageTest - Selected the last application description.
2025-02-19 10:50:14 [main] DEBUG l.i.u.tests.ApplicationFormsPageTest - Clicked the 'Edit' button.
2025-02-19 10:50:14 [main] DEBUG l.i.u.tests.ApplicationFormsPageTest - Selected 'Municipality' radio button.
2025-02-19 10:50:14 [main] INFO  l.i.uztis.pages.ApplicationFormsPage - Located the dropdown button.
2025-02-19 10:50:14 [main] INFO  l.i.uztis.pages.ApplicationFormsPage - Successfully selected the value: 'Kauno departamentas'
2025-02-19 10:50:24 [main] ERROR l.i.uztis.pages.ApplicationFormsPage - Failed to close the dropdown with aria-expanded = 'false'.
2025-02-19 10:50:24 [main] DEBUG l.i.u.tests.ApplicationFormsPageTest - Selected a value from the 'Municipality' dropdown: 'Kauno departamentas'
2025-02-19 10:50:25 [main] DEBUG l.i.u.tests.ApplicationFormsPageTest - Selected 'Budget By Country' radio button.
2025-02-19 10:50:25 [main] DEBUG l.i.u.tests.ApplicationFormsPageTest - Selected 'Financed By Queue' radio button.
2025-02-19 10:50:25 [main] DEBUG l.i.u.tests.ApplicationFormsPageTest - Entered new application name: _paredaguota
2025-02-19 10:50:25 [main] DEBUG l.i.u.tests.ApplicationFormsPageTest - Clicked the 'Save' button.
2025-02-19 10:50:25 [main] INFO  l.i.u.tests.ApplicationFormsPageTest - Verified success message: 'Duomenys sėkmingai išsaugoti.'
2025-02-19 10:50:25 [main] INFO  l.i.u.tests.ApplicationFormsPageTest - Test 'testEditAndSaveVuiApplication' completed successfully.
2025-02-19 10:50:56 [main] INFO  lt.insoft.uztis.tests.UztisPageTest - Navigated to https://uztisdev.asseco.lt/home
2025-02-19 10:50:56 [main] INFO  l.i.uztis.tests.InvitationsPageTest - Starting test:'testCreateNewVuiInvitationDraft'
2025-02-19 10:50:56 [main] DEBUG l.i.uztis.tests.InvitationsPageTest - User logged in with test credentials
2025-02-19 10:50:56 [main] DEBUG l.i.uztis.tests.InvitationsPageTest - Opened 'Application Processing' menu.
2025-02-19 10:50:57 [main] DEBUG l.i.uztis.tests.InvitationsPageTest - Clicked on 'Application Forms' menu.
2025-02-19 10:50:57 [main] DEBUG l.i.uztis.tests.InvitationsPageTest - Navigating to application forms menu.
2025-02-19 10:50:57 [main] DEBUG l.i.uztis.tests.InvitationsPageTest - Retrieved last description code text: 'TST-VUI-65'.
2025-02-19 10:50:57 [main] DEBUG l.i.uztis.tests.InvitationsPageTest - Clicked on 'Invitation' menu.
2025-02-19 10:50:58 [main] DEBUG l.i.uztis.tests.InvitationsPageTest - Clicked 'Create New Application Form'.
2025-02-19 10:50:59 [main] DEBUG l.i.uztis.tests.InvitationsPageTest - Selected section by code: 'TST-VUI-65'.
2025-02-19 10:50:59 [main] INFO  l.insoft.uztis.pages.InvitationsPage - Located the dropdown button.
2025-02-19 10:51:10 [main] ERROR l.insoft.uztis.pages.InvitationsPage - Timeout while waiting for dropdown to close with aria-expanded = 'false'.
2025-02-19 10:51:10 [main] DEBUG l.i.uztis.tests.InvitationsPageTest - Selected invitation number from the list.
2025-02-19 10:51:10 [main] DEBUG l.i.uztis.tests.InvitationsPageTest - Entered current date.
2025-02-19 10:51:10 [main] DEBUG l.i.uztis.tests.InvitationsPageTest - Entered start time: 00:00.
2025-02-19 10:51:10 [main] DEBUG l.i.uztis.tests.InvitationsPageTest - Entered end date.
2025-02-19 10:51:11 [main] DEBUG l.i.uztis.tests.InvitationsPageTest - Entered end time: 11:11.
2025-02-19 10:51:11 [main] DEBUG l.i.uztis.tests.InvitationsPageTest - Draft saved.
2025-02-19 10:51:11 [main] DEBUG l.insoft.uztis.pages.InvitationsPage - Verified success message: 'Duomenys sėkmingai išsaugoti.'
2025-02-19 10:51:11 [main] INFO  l.i.uztis.tests.InvitationsPageTest - Test 'testCreateNewVuiInvitationDraft' completed successfully.
2025-02-19 10:51:22 [main] INFO  lt.insoft.uztis.tests.UztisPageTest - Navigated to https://uztisdev.asseco.lt/home
2025-02-19 10:51:22 [main] INFO  l.i.uztis.tests.InvitationsPageTest - Starting test:'testEditAndPublishVuiInvitationDraft'
2025-02-19 10:51:23 [main] DEBUG l.i.uztis.tests.InvitationsPageTest - User logged in with test credentials
2025-02-19 10:51:23 [main] DEBUG l.i.uztis.tests.InvitationsPageTest - Opened 'Application Processing' menu.
2025-02-19 10:51:23 [main] DEBUG l.i.uztis.tests.InvitationsPageTest - Clicked on 'Application Forms' menu.
2025-02-19 10:51:23 [main] DEBUG l.i.uztis.tests.InvitationsPageTest - Navigating to application forms menu.
2025-02-19 10:51:23 [main] DEBUG l.i.uztis.tests.InvitationsPageTest - Retrieved last description code text: 'TST-VUI-65'.
2025-02-19 10:51:23 [main] DEBUG l.i.uztis.tests.InvitationsPageTest - Clicked on 'Invitation' menu.
2025-02-19 10:51:24 [main] DEBUG l.i.uztis.tests.InvitationsPageTest - Selected section by code: 'TST-VUI-65'.
2025-02-19 10:51:24 [main] DEBUG l.i.uztis.tests.InvitationsPageTest - Clicked 'Search'.
2025-02-19 10:51:24 [main] DEBUG l.i.uztis.tests.InvitationsPageTest - Getting and inserting application code text.
2025-02-19 10:51:25 [main] DEBUG l.i.uztis.tests.InvitationsPageTest - Clicked 'InvitationDraft'.
2025-02-19 10:51:25 [main] DEBUG l.i.uztis.tests.InvitationsPageTest - Clicked 'Edit'.
2025-02-19 10:51:26 [main] DEBUG l.i.uztis.tests.InvitationsPageTest - Entered publication end date.
2025-02-19 10:51:26 [main] DEBUG l.i.uztis.tests.InvitationsPageTest - Added additional values.
2025-02-19 10:51:26 [main] INFO  l.insoft.uztis.pages.InvitationsPage - Located the dropdown button.
2025-02-19 10:51:27 [main] DEBUG l.i.uztis.tests.InvitationsPageTest - Selected the value: 'Didžiausia galima paramos suma aplinkos darbo vietai, Eur'
2025-02-19 10:51:27 [main] INFO  l.insoft.uztis.pages.InvitationsPage - Located the dropdown button.
2025-02-19 10:51:28 [main] DEBUG l.i.uztis.tests.InvitationsPageTest - Selected the value: 'Didžiausia galima paramos suma, Eur'
2025-02-19 10:51:28 [main] INFO  l.insoft.uztis.pages.InvitationsPage - Located the dropdown button.
2025-02-19 10:51:28 [main] DEBUG l.i.uztis.tests.InvitationsPageTest - Selected the value: 'Didžiausia galima paramos suma vienai darbo vietai, Eur'
2025-02-19 10:51:29 [main] DEBUG l.i.uztis.tests.InvitationsPageTest - Entered value: 11000
2025-02-19 10:51:29 [main] DEBUG l.i.uztis.tests.InvitationsPageTest - Entered value: 12000
2025-02-19 10:51:29 [main] DEBUG l.i.uztis.tests.InvitationsPageTest - Entered value: 13000
2025-02-19 10:51:29 [main] DEBUG l.i.uztis.tests.InvitationsPageTest - Checked 'Legal Entities' checkbox.
2025-02-19 10:51:29 [main] DEBUG l.i.uztis.tests.InvitationsPageTest - Unchecked 'Persons Registered with Employment Service' checkbox.
2025-02-19 10:51:29 [main] DEBUG l.i.uztis.tests.InvitationsPageTest - Checked 'Persons Registered as Employers' checkbox.
2025-02-19 10:51:29 [main] DEBUG l.i.uztis.tests.InvitationsPageTest - Entered second evaluation grade: '5'.
2025-02-19 10:51:29 [main] DEBUG l.i.uztis.tests.InvitationsPageTest - Entered third evaluation grade: '6'.
2025-02-19 10:51:30 [main] DEBUG l.i.uztis.tests.InvitationsPageTest - Entered second evaluation grade weight: '0,45'.
2025-02-19 10:51:30 [main] DEBUG l.i.uztis.tests.InvitationsPageTest - Entered third evaluation grade weight: '0,55'.
2025-02-19 10:51:30 [main] DEBUG l.i.uztis.tests.InvitationsPageTest - Entered budget: '2000'.
2025-02-19 10:51:30 [main] DEBUG l.i.uztis.tests.InvitationsPageTest - Entered description text: 'Aprašo tekstas'.
2025-02-19 10:51:30 [main] DEBUG l.i.uztis.tests.InvitationsPageTest - Entered applicants text: 'Pareiškėjų tekstas'.
2025-02-19 10:51:30 [main] DEBUG l.i.uztis.tests.InvitationsPageTest - Entered expenditures text: 'Išlaidų tekstas'.
2025-02-19 10:51:30 [main] DEBUG l.i.uztis.tests.InvitationsPageTest - Entered legislation text: 'Teisės aktų tekstas'.
2025-02-19 10:51:31 [main] DEBUG l.i.uztis.tests.InvitationsPageTest - Entered education text: 'Mokymų tekstas'.
2025-02-19 10:51:31 [main] DEBUG l.i.uztis.tests.InvitationsPageTest - File uploaded.
2025-02-19 10:51:31 [main] DEBUG l.i.uztis.tests.InvitationsPageTest - Clicked 'Publish'.
2025-02-19 10:51:31 [main] DEBUG l.i.uztis.tests.InvitationsPageTest - Publication confirmed.
2025-02-19 10:51:31 [main] DEBUG l.insoft.uztis.pages.InvitationsPage - Verified success message: 'Funkcija sėkmingai atlikta.'
2025-02-19 10:51:31 [main] INFO  l.i.uztis.tests.InvitationsPageTest - Test 'testEditAndPublishVuiInvitationDraft' completed successfully.
2025-02-19 10:51:44 [main] INFO  lt.insoft.uztis.tests.UztisPageTest - Navigated to https://uztisdev.asseco.lt/home
2025-02-19 10:51:44 [main] INFO  l.i.uztis.tests.InvitationsPageTest - Starting test:'testInsertVuiStatisticInformation'
2025-02-19 10:51:44 [main] DEBUG l.i.uztis.tests.InvitationsPageTest - User logged in with test credentials
2025-02-19 10:51:45 [main] DEBUG l.i.uztis.tests.InvitationsPageTest - Opened 'Application Processing' menu.
2025-02-19 10:51:45 [main] DEBUG l.i.uztis.tests.InvitationsPageTest - Clicked on 'Application Forms' menu.
2025-02-19 10:51:45 [main] DEBUG l.i.uztis.tests.InvitationsPageTest - Navigating to invitation forms menu.
2025-02-19 10:51:45 [main] DEBUG l.i.uztis.tests.InvitationsPageTest - Retrieved last description code text: 'TST-VUI-65'.
2025-02-19 10:51:45 [main] DEBUG l.i.uztis.tests.InvitationsPageTest - Clicked on 'Invitation' menu.
2025-02-19 10:51:46 [main] DEBUG l.i.uztis.tests.InvitationsPageTest - Selected section by code: 'TST-VUI-65'.
2025-02-19 10:51:46 [main] DEBUG l.i.uztis.tests.InvitationsPageTest - Clicked 'Search'.
2025-02-19 10:51:46 [main] DEBUG l.i.uztis.tests.InvitationsPageTest - Getting and inserting application code text.
2025-02-19 10:51:47 [main] DEBUG l.i.uztis.tests.InvitationsPageTest - Clicked 'Publishing'.
2025-02-19 10:51:47 [main] DEBUG l.i.uztis.tests.InvitationsPageTest - Clicked 'Statistic Information' tab.
2025-02-19 10:51:47 [main] DEBUG l.i.uztis.tests.InvitationsPageTest - Clicked 'Edit' button.
2025-02-19 10:51:47 [main] DEBUG l.i.uztis.tests.InvitationsPageTest - Entered current date.
2025-02-19 10:51:47 [main] DEBUG l.i.uztis.tests.InvitationsPageTest - Entered value: 8.7
2025-02-19 10:51:48 [main] DEBUG l.i.uztis.tests.InvitationsPageTest - Entered average salary: 2237.9
2025-02-19 10:51:48 [main] DEBUG l.i.uztis.tests.InvitationsPageTest - File uploaded.
2025-02-19 10:51:48 [main] DEBUG l.i.uztis.tests.InvitationsPageTest - Clicked 'Save' button.
2025-02-19 10:51:49 [main] DEBUG l.insoft.uztis.pages.InvitationsPage - Verified success message: 'Funkcija sėkmingai atlikta.'
2025-02-19 10:51:49 [main] INFO  l.i.uztis.tests.InvitationsPageTest - Test 'testInsertVuiStatisticInformation' completed successfully.
2025-02-19 12:36:33 [main] INFO  lt.insoft.uztis.tests.UztisPageTest - Navigated to https://uztisdev.asseco.lt/home
2025-02-19 12:36:33 [main] INFO  l.i.uztis.tests.InvitationsPageTest - Starting test:'testCreateNewVuiInvitationDraft'
2025-02-19 12:36:33 [main] DEBUG l.i.uztis.tests.InvitationsPageTest - User logged in with test credentials
2025-02-19 12:36:33 [main] DEBUG l.i.uztis.tests.InvitationsPageTest - Opened 'Application Processing' menu.
2025-02-19 12:36:34 [main] DEBUG l.i.uztis.tests.InvitationsPageTest - Clicked on 'Application Forms' menu.
2025-02-19 12:36:34 [main] DEBUG l.i.uztis.tests.InvitationsPageTest - Navigating to application forms menu.
2025-02-19 12:36:34 [main] DEBUG l.i.uztis.tests.InvitationsPageTest - Retrieved last description code text: 'TST-VUI-65'.
2025-02-19 12:36:34 [main] DEBUG l.i.uztis.tests.InvitationsPageTest - Clicked on 'Invitation' menu.
2025-02-19 12:36:34 [main] DEBUG l.i.uztis.tests.InvitationsPageTest - Clicked 'Create New Application Form'.
2025-02-19 12:36:35 [main] DEBUG l.i.uztis.tests.InvitationsPageTest - Selected section by code: 'TST-VUI-65'.
2025-02-19 12:36:35 [main] INFO  l.insoft.uztis.pages.InvitationsPage - Located the dropdown button.
2025-02-19 12:36:46 [main] ERROR l.insoft.uztis.pages.InvitationsPage - Timeout while waiting for dropdown to close with aria-expanded = 'false'.
2025-02-19 12:36:46 [main] DEBUG l.i.uztis.tests.InvitationsPageTest - Selected invitation number from the list.
2025-02-19 12:36:46 [main] DEBUG l.i.uztis.tests.InvitationsPageTest - Entered current date.
2025-02-19 12:36:47 [main] DEBUG l.i.uztis.tests.InvitationsPageTest - Entered start time: 00:00.
2025-02-19 12:36:47 [main] DEBUG l.i.uztis.tests.InvitationsPageTest - Entered end date.
2025-02-19 12:36:47 [main] DEBUG l.i.uztis.tests.InvitationsPageTest - Entered end time: 11:11.
2025-02-19 12:36:47 [main] DEBUG l.i.uztis.tests.InvitationsPageTest - Draft saved.
2025-02-19 12:36:47 [main] ERROR l.insoft.uztis.pages.InvitationsPage - Failed to verify the success message: 'Duomenys sėkmingai išsaugoti.'. Available messages: [Jau yra sukurta paraiška su atitinkamu atrankos Nr.]
2025-02-19 12:36:47 [main] INFO  l.i.uztis.tests.InvitationsPageTest - Test 'testCreateNewVuiInvitationDraft' completed successfully.
2025-02-19 14:29:40 [main] INFO  lt.insoft.uztis.tests.UztisPageTest - Navigated to https://uztisdev.asseco.lt/home
2025-02-19 14:29:40 [main] INFO  l.i.u.tests.ApplicationFormsPageTest - Setup complete. ApplicationFormsPage initialized.
2025-02-19 14:29:40 [main] INFO  l.i.u.tests.ApplicationFormsPageTest - Starting test:'testCreateNewVuiApplication'
2025-02-19 14:29:41 [main] DEBUG l.i.u.tests.ApplicationFormsPageTest - User logged in with test credentials
2025-02-19 14:29:41 [main] DEBUG l.i.u.tests.ApplicationFormsPageTest - Opened 'Application Processing' menu.
2025-02-19 14:29:41 [main] DEBUG l.i.u.tests.ApplicationFormsPageTest - Clicked on 'Application Forms' menu.
2025-02-19 14:29:42 [main] DEBUG l.i.u.tests.ApplicationFormsPageTest - Clicked to create a new application form.
2025-02-19 14:29:42 [main] DEBUG l.i.u.tests.ApplicationFormsPageTest - Entered random application code: TST-VUI-72
2025-02-19 14:29:42 [main] DEBUG l.i.u.tests.ApplicationFormsPageTest - Selected 'Section' radio button.
2025-02-19 14:29:42 [main] INFO  l.i.uztis.pages.ApplicationFormsPage - Located the dropdown button.
2025-02-19 14:29:42 [main] WARN  l.i.uztis.pages.ApplicationFormsPage - The value 'Skyrius 1' was not found among the options.
2025-02-19 14:29:53 [main] ERROR l.i.uztis.pages.ApplicationFormsPage - Failed to close the dropdown with aria-expanded = 'false'.
2025-02-19 14:29:53 [main] DEBUG l.i.u.tests.ApplicationFormsPageTest - Selected a value from the 'Section' dropdown: 'Skyrius 1'
2025-02-19 14:29:54 [main] ERROR l.i.u.tests.ApplicationFormsPageTest - Test 'testCreateNewVuiApplication' failed with error: element click intercepted: Element <input type="radio" class="mdc-radio__native-control" id="mat-radio-4-input" name="mat-radio-group-1" value="REGIONAL" tabindex="0"> is not clickable at point (360, 505). Other element would receive the click: <div class="cdk-overlay-backdrop cdk-overlay-transparent-backdrop cdk-overlay-backdrop-showing"></div>
  (Session info: chrome=133.0.6943.99)
Build info: version: '4.27.0', revision: 'd6e718d134'
System info: os.name: 'Windows 11', os.arch: 'amd64', os.version: '10.0', java.version: '21.0.3'
Driver info: org.openqa.selenium.chrome.ChromeDriver
Command: [bde8671cb696e8ce484168ba6a93ad4b, clickElement {id=f.63291DCC41E576CB35493E4B23A750E7.d.719A966B2890413CF7FEBC8974DBA5B9.e.40}]
Capabilities {acceptInsecureCerts: false, browserName: chrome, browserVersion: 133.0.6943.99, chrome: {chromedriverVersion: 133.0.6943.126 (cffa127ce7b..., userDataDir: C:\Users\INGRID~1.ZAD\AppDa...}, fedcm:accounts: true, goog:chromeOptions: {debuggerAddress: localhost:60370}, networkConnectionEnabled: false, pageLoadStrategy: normal, platformName: windows, proxy: Proxy(), se:cdp: ws://localhost:60370/devtoo..., se:cdpVersion: 133.0.6943.99, setWindowRect: true, strictFileInteractability: false, timeouts: {implicit: 0, pageLoad: 300000, script: 30000}, unhandledPromptBehavior: dismiss and notify, webauthn:extension:credBlob: true, webauthn:extension:largeBlob: true, webauthn:extension:minPinLength: true, webauthn:extension:prf: true, webauthn:virtualAuthenticators: true}
Element: [[ChromeDriver: chrome on windows (bde8671cb696e8ce484168ba6a93ad4b)] -> xpath: (//input[@type='radio' and @value='REGIONAL'])[2]]
Session ID: bde8671cb696e8ce484168ba6a93ad4b
org.openqa.selenium.ElementClickInterceptedException: element click intercepted: Element <input type="radio" class="mdc-radio__native-control" id="mat-radio-4-input" name="mat-radio-group-1" value="REGIONAL" tabindex="0"> is not clickable at point (360, 505). Other element would receive the click: <div class="cdk-overlay-backdrop cdk-overlay-transparent-backdrop cdk-overlay-backdrop-showing"></div>
  (Session info: chrome=133.0.6943.99)
Build info: version: '4.27.0', revision: 'd6e718d134'
System info: os.name: 'Windows 11', os.arch: 'amd64', os.version: '10.0', java.version: '21.0.3'
Driver info: org.openqa.selenium.chrome.ChromeDriver
Command: [bde8671cb696e8ce484168ba6a93ad4b, clickElement {id=f.63291DCC41E576CB35493E4B23A750E7.d.719A966B2890413CF7FEBC8974DBA5B9.e.40}]
Capabilities {acceptInsecureCerts: false, browserName: chrome, browserVersion: 133.0.6943.99, chrome: {chromedriverVersion: 133.0.6943.126 (cffa127ce7b..., userDataDir: C:\Users\INGRID~1.ZAD\AppDa...}, fedcm:accounts: true, goog:chromeOptions: {debuggerAddress: localhost:60370}, networkConnectionEnabled: false, pageLoadStrategy: normal, platformName: windows, proxy: Proxy(), se:cdp: ws://localhost:60370/devtoo..., se:cdpVersion: 133.0.6943.99, setWindowRect: true, strictFileInteractability: false, timeouts: {implicit: 0, pageLoad: 300000, script: 30000}, unhandledPromptBehavior: dismiss and notify, webauthn:extension:credBlob: true, webauthn:extension:largeBlob: true, webauthn:extension:minPinLength: true, webauthn:extension:prf: true, webauthn:virtualAuthenticators: true}
Element: [[ChromeDriver: chrome on windows (bde8671cb696e8ce484168ba6a93ad4b)] -> xpath: (//input[@type='radio' and @value='REGIONAL'])[2]]
Session ID: bde8671cb696e8ce484168ba6a93ad4b
	at java.base/jdk.internal.reflect.DirectConstructorHandleAccessor.newInstance(DirectConstructorHandleAccessor.java:62)
	at java.base/java.lang.reflect.Constructor.newInstanceWithCaller(Constructor.java:502)
	at java.base/java.lang.reflect.Constructor.newInstance(Constructor.java:486)
	at org.openqa.selenium.remote.ErrorCodec.decode(ErrorCodec.java:167)
	at org.openqa.selenium.remote.codec.w3c.W3CHttpResponseCodec.decode(W3CHttpResponseCodec.java:138)
	at org.openqa.selenium.remote.codec.w3c.W3CHttpResponseCodec.decode(W3CHttpResponseCodec.java:50)
	at org.openqa.selenium.remote.HttpCommandExecutor.execute(HttpCommandExecutor.java:190)
	at org.openqa.selenium.remote.service.DriverCommandExecutor.invokeExecute(DriverCommandExecutor.java:216)
	at org.openqa.selenium.remote.service.DriverCommandExecutor.execute(DriverCommandExecutor.java:174)
	at org.openqa.selenium.remote.RemoteWebDriver.execute(RemoteWebDriver.java:545)
	at org.openqa.selenium.remote.RemoteWebElement.execute(RemoteWebElement.java:223)
	at org.openqa.selenium.remote.RemoteWebElement.click(RemoteWebElement.java:76)
	at java.base/jdk.internal.reflect.DirectMethodHandleAccessor.invoke(DirectMethodHandleAccessor.java:103)
	at java.base/java.lang.reflect.Method.invoke(Method.java:580)
	at org.openqa.selenium.support.pagefactory.internal.LocatingElementHandler.invoke(LocatingElementHandler.java:51)
	at jdk.proxy2/jdk.proxy2.$Proxy14.click(Unknown Source)
	at lt.insoft.uztis.pages.ApplicationFormsPage.clickRadioButtonBudgetByMunicipality(ApplicationFormsPage.java:247)
	at lt.insoft.uztis.tests.ApplicationFormsPageTest.testCreateNewVuiApplication(ApplicationFormsPageTest.java:112)
	at java.base/jdk.internal.reflect.DirectMethodHandleAccessor.invoke(DirectMethodHandleAccessor.java:103)
	at java.base/java.lang.reflect.Method.invoke(Method.java:580)
	at org.junit.platform.commons.util.ReflectionUtils.invokeMethod(ReflectionUtils.java:728)
	at org.junit.jupiter.engine.execution.MethodInvocation.proceed(MethodInvocation.java:60)
	at org.junit.jupiter.engine.execution.InvocationInterceptorChain$ValidatingInvocation.proceed(InvocationInterceptorChain.java:131)
	at org.junit.jupiter.engine.extension.TimeoutExtension.intercept(TimeoutExtension.java:156)
	at org.junit.jupiter.engine.extension.TimeoutExtension.interceptTestableMethod(TimeoutExtension.java:147)
	at org.junit.jupiter.engine.extension.TimeoutExtension.interceptTestMethod(TimeoutExtension.java:86)
	at org.junit.jupiter.engine.execution.InterceptingExecutableInvoker$ReflectiveInterceptorCall.lambda$ofVoidMethod$0(InterceptingExecutableInvoker.java:103)
	at org.junit.jupiter.engine.execution.InterceptingExecutableInvoker.lambda$invoke$0(InterceptingExecutableInvoker.java:93)
	at org.junit.jupiter.engine.execution.InvocationInterceptorChain$InterceptedInvocation.proceed(InvocationInterceptorChain.java:106)
	at org.junit.jupiter.engine.execution.InvocationInterceptorChain.proceed(InvocationInterceptorChain.java:64)
	at org.junit.jupiter.engine.execution.InvocationInterceptorChain.chainAndInvoke(InvocationInterceptorChain.java:45)
	at org.junit.jupiter.engine.execution.InvocationInterceptorChain.invoke(InvocationInterceptorChain.java:37)
	at org.junit.jupiter.engine.execution.InterceptingExecutableInvoker.invoke(InterceptingExecutableInvoker.java:92)
	at org.junit.jupiter.engine.execution.InterceptingExecutableInvoker.invoke(InterceptingExecutableInvoker.java:86)
	at org.junit.jupiter.engine.descriptor.TestMethodTestDescriptor.lambda$invokeTestMethod$7(TestMethodTestDescriptor.java:218)
	at org.junit.platform.engine.support.hierarchical.ThrowableCollector.execute(ThrowableCollector.java:73)
	at org.junit.jupiter.engine.descriptor.TestMethodTestDescriptor.invokeTestMethod(TestMethodTestDescriptor.java:214)
	at org.junit.jupiter.engine.descriptor.TestMethodTestDescriptor.execute(TestMethodTestDescriptor.java:139)
	at org.junit.jupiter.engine.descriptor.TestMethodTestDescriptor.execute(TestMethodTestDescriptor.java:69)
	at org.junit.platform.engine.support.hierarchical.NodeTestTask.lambda$executeRecursively$6(NodeTestTask.java:151)
	at org.junit.platform.engine.support.hierarchical.ThrowableCollector.execute(ThrowableCollector.java:73)
	at org.junit.platform.engine.support.hierarchical.NodeTestTask.lambda$executeRecursively$8(NodeTestTask.java:141)
	at org.junit.platform.engine.support.hierarchical.Node.around(Node.java:137)
	at org.junit.platform.engine.support.hierarchical.NodeTestTask.lambda$executeRecursively$9(NodeTestTask.java:139)
	at org.junit.platform.engine.support.hierarchical.ThrowableCollector.execute(ThrowableCollector.java:73)
	at org.junit.platform.engine.support.hierarchical.NodeTestTask.executeRecursively(NodeTestTask.java:138)
	at org.junit.platform.engine.support.hierarchical.NodeTestTask.execute(NodeTestTask.java:95)
	at java.base/java.util.ArrayList.forEach(ArrayList.java:1596)
	at org.junit.platform.engine.support.hierarchical.SameThreadHierarchicalTestExecutorService.invokeAll(SameThreadHierarchicalTestExecutorService.java:41)
	at org.junit.platform.engine.support.hierarchical.NodeTestTask.lambda$executeRecursively$6(NodeTestTask.java:155)
	at org.junit.platform.engine.support.hierarchical.ThrowableCollector.execute(ThrowableCollector.java:73)
	at org.junit.platform.engine.support.hierarchical.NodeTestTask.lambda$executeRecursively$8(NodeTestTask.java:141)
	at org.junit.platform.engine.support.hierarchical.Node.around(Node.java:137)
	at org.junit.platform.engine.support.hierarchical.NodeTestTask.lambda$executeRecursively$9(NodeTestTask.java:139)
	at org.junit.platform.engine.support.hierarchical.ThrowableCollector.execute(ThrowableCollector.java:73)
	at org.junit.platform.engine.support.hierarchical.NodeTestTask.executeRecursively(NodeTestTask.java:138)
	at org.junit.platform.engine.support.hierarchical.NodeTestTask.execute(NodeTestTask.java:95)
	at java.base/java.util.ArrayList.forEach(ArrayList.java:1596)
	at org.junit.platform.engine.support.hierarchical.SameThreadHierarchicalTestExecutorService.invokeAll(SameThreadHierarchicalTestExecutorService.java:41)
	at org.junit.platform.engine.support.hierarchical.NodeTestTask.lambda$executeRecursively$6(NodeTestTask.java:155)
	at org.junit.platform.engine.support.hierarchical.ThrowableCollector.execute(ThrowableCollector.java:73)
	at org.junit.platform.engine.support.hierarchical.NodeTestTask.lambda$executeRecursively$8(NodeTestTask.java:141)
	at org.junit.platform.engine.support.hierarchical.Node.around(Node.java:137)
	at org.junit.platform.engine.support.hierarchical.NodeTestTask.lambda$executeRecursively$9(NodeTestTask.java:139)
	at org.junit.platform.engine.support.hierarchical.ThrowableCollector.execute(ThrowableCollector.java:73)
	at org.junit.platform.engine.support.hierarchical.NodeTestTask.executeRecursively(NodeTestTask.java:138)
	at org.junit.platform.engine.support.hierarchical.NodeTestTask.execute(NodeTestTask.java:95)
	at org.junit.platform.engine.support.hierarchical.SameThreadHierarchicalTestExecutorService.submit(SameThreadHierarchicalTestExecutorService.java:35)
	at org.junit.platform.engine.support.hierarchical.HierarchicalTestExecutor.execute(HierarchicalTestExecutor.java:57)
	at org.junit.platform.engine.support.hierarchical.HierarchicalTestEngine.execute(HierarchicalTestEngine.java:54)
	at org.junit.platform.launcher.core.EngineExecutionOrchestrator.execute(EngineExecutionOrchestrator.java:198)
	at org.junit.platform.launcher.core.EngineExecutionOrchestrator.execute(EngineExecutionOrchestrator.java:169)
	at org.junit.platform.launcher.core.EngineExecutionOrchestrator.execute(EngineExecutionOrchestrator.java:93)
	at org.junit.platform.launcher.core.EngineExecutionOrchestrator.lambda$execute$0(EngineExecutionOrchestrator.java:58)
	at org.junit.platform.launcher.core.EngineExecutionOrchestrator.withInterceptedStreams(EngineExecutionOrchestrator.java:141)
	at org.junit.platform.launcher.core.EngineExecutionOrchestrator.execute(EngineExecutionOrchestrator.java:57)
	at org.junit.platform.launcher.core.DefaultLauncher.execute(DefaultLauncher.java:103)
	at org.junit.platform.launcher.core.DefaultLauncher.execute(DefaultLauncher.java:85)
	at org.junit.platform.launcher.core.DelegatingLauncher.execute(DelegatingLauncher.java:47)
	at org.junit.platform.launcher.core.SessionPerRequestLauncher.execute(SessionPerRequestLauncher.java:63)
	at com.intellij.junit5.JUnit5IdeaTestRunner.startRunnerWithArgs(JUnit5IdeaTestRunner.java:57)
	at com.intellij.rt.junit.IdeaTestRunner$Repeater$1.execute(IdeaTestRunner.java:38)
	at com.intellij.rt.execution.junit.TestsRepeater.repeat(TestsRepeater.java:11)
	at com.intellij.rt.junit.IdeaTestRunner$Repeater.startRunnerWithArgs(IdeaTestRunner.java:35)
	at com.intellij.rt.junit.JUnitStarter.prepareStreamsAndStart(JUnitStarter.java:232)
	at com.intellij.rt.junit.JUnitStarter.main(JUnitStarter.java:55)
2025-02-19 14:29:54 [main] INFO  l.insoft.uztis.tests.utils.TestUtils - Screenshot moved to C:\Users\ingrida.zadorozniene\Desktop\Asm\UZTIS\UZTIS_tests\test-output\screenshots\20250219\142954590_testCreateNewVuiApplication().png
2025-02-19 14:30:11 [main] INFO  lt.insoft.uztis.tests.UztisPageTest - Navigated to https://uztisdev.asseco.lt/home
2025-02-19 14:30:11 [main] INFO  l.i.u.tests.ApplicationFormsPageTest - Setup complete. ApplicationFormsPage initialized.
2025-02-19 14:30:11 [main] INFO  l.i.u.tests.ApplicationFormsPageTest - Starting test:'testCreateNewVuiApplication'
2025-02-19 14:30:11 [main] DEBUG l.i.u.tests.ApplicationFormsPageTest - User logged in with test credentials
2025-02-19 14:30:12 [main] DEBUG l.i.u.tests.ApplicationFormsPageTest - Opened 'Application Processing' menu.
2025-02-19 14:30:12 [main] DEBUG l.i.u.tests.ApplicationFormsPageTest - Clicked on 'Application Forms' menu.
2025-02-19 14:30:12 [main] DEBUG l.i.u.tests.ApplicationFormsPageTest - Clicked to create a new application form.
2025-02-19 14:30:12 [main] DEBUG l.i.u.tests.ApplicationFormsPageTest - Entered random application code: TST-VUI-85
2025-02-19 14:30:13 [main] DEBUG l.i.u.tests.ApplicationFormsPageTest - Selected 'Section' radio button.
2025-02-19 14:30:13 [main] INFO  l.i.uztis.pages.ApplicationFormsPage - Located the dropdown button.
2025-02-19 14:30:13 [main] INFO  l.i.uztis.pages.ApplicationFormsPage - Successfully selected the value: 'Skyrius 1'
2025-02-19 14:30:23 [main] ERROR l.i.uztis.pages.ApplicationFormsPage - Failed to close the dropdown with aria-expanded = 'false'.
2025-02-19 14:30:23 [main] DEBUG l.i.u.tests.ApplicationFormsPageTest - Selected a value from the 'Section' dropdown: 'Skyrius 1'
2025-02-19 14:30:23 [main] DEBUG l.i.u.tests.ApplicationFormsPageTest - Selected 'Budget by Municipality' option.
2025-02-19 14:30:24 [main] DEBUG l.i.u.tests.ApplicationFormsPageTest - Selected 'Financed Without Queue' option.
2025-02-19 14:30:24 [main] DEBUG l.i.u.tests.ApplicationFormsPageTest - Clicked 'Add' button.
2025-02-19 14:30:24 [main] INFO  l.i.uztis.pages.ApplicationFormsPage - Located the dropdown button.
2025-02-19 14:30:25 [main] INFO  l.i.uztis.pages.ApplicationFormsPage - Successfully selected the value: 'VUI paraiškos vertinimo forma - I etapas'
2025-02-19 14:30:35 [main] ERROR l.i.uztis.pages.ApplicationFormsPage - Failed to close the dropdown with aria-expanded = 'false'.
2025-02-19 14:30:35 [main] DEBUG l.i.u.tests.ApplicationFormsPageTest - Selected a value from the 'EvaluationOne' dropdown: 'VUI paraiškos vertinimo forma - I etapas'
2025-02-19 14:30:35 [main] INFO  l.i.uztis.pages.ApplicationFormsPage - Located the dropdown button.
2025-02-19 14:30:36 [main] INFO  l.i.uztis.pages.ApplicationFormsPage - Successfully selected the value: 'VUI paraiškos vertinimo forma - II etapas'
2025-02-19 14:30:46 [main] ERROR l.i.uztis.pages.ApplicationFormsPage - Failed to close the dropdown with aria-expanded = 'false'.
2025-02-19 14:30:46 [main] DEBUG l.i.u.tests.ApplicationFormsPageTest - Selected a value from the 'EvaluationTwon' dropdown: 'VUI paraiškos vertinimo forma - II etapas'
2025-02-19 14:30:46 [main] INFO  l.i.uztis.pages.ApplicationFormsPage - Located the dropdown button.
2025-02-19 14:30:47 [main] INFO  l.i.uztis.pages.ApplicationFormsPage - Successfully selected the value: 'VUI paraiškos vertinimo forma - III etapas'
2025-02-19 14:30:57 [main] ERROR l.i.uztis.pages.ApplicationFormsPage - Failed to close the dropdown with aria-expanded = 'false'.
2025-02-19 14:30:57 [main] DEBUG l.i.u.tests.ApplicationFormsPageTest - Selected a value from the 'EvaluationThree' dropdown: 'VUI paraiškos vertinimo forma - III etapas'
2025-02-19 14:30:57 [main] DEBUG l.i.u.tests.ApplicationFormsPageTest - Clicked 'Plus' button.
2025-02-19 14:30:58 [main] DEBUG l.i.u.tests.ApplicationFormsPageTest - Clicked 'Add' button seven times.
2025-02-19 14:30:58 [main] INFO  l.i.uztis.pages.ApplicationFormsPage - Processing dropdown index: 0
2025-02-19 14:31:08 [main] ERROR l.i.uztis.pages.ApplicationFormsPage - Timeout while waiting for dropdown to close at index: 0 with aria-expanded = 'false'
2025-02-19 14:31:08 [main] INFO  l.i.uztis.pages.ApplicationFormsPage - Processing dropdown index: 1
2025-02-19 14:31:19 [main] ERROR l.i.uztis.pages.ApplicationFormsPage - Timeout while waiting for dropdown to close at index: 1 with aria-expanded = 'false'
2025-02-19 14:31:19 [main] INFO  l.i.uztis.pages.ApplicationFormsPage - Processing dropdown index: 2
2025-02-19 14:31:29 [main] ERROR l.i.uztis.pages.ApplicationFormsPage - Timeout while waiting for dropdown to close at index: 2 with aria-expanded = 'false'
2025-02-19 14:31:29 [main] INFO  l.i.uztis.pages.ApplicationFormsPage - Processing dropdown index: 3
2025-02-19 14:31:40 [main] ERROR l.i.uztis.pages.ApplicationFormsPage - Timeout while waiting for dropdown to close at index: 3 with aria-expanded = 'false'
2025-02-19 14:31:40 [main] INFO  l.i.uztis.pages.ApplicationFormsPage - Processing dropdown index: 4
2025-02-19 14:31:51 [main] ERROR l.i.uztis.pages.ApplicationFormsPage - Timeout while waiting for dropdown to close at index: 4 with aria-expanded = 'false'
2025-02-19 14:31:51 [main] INFO  l.i.uztis.pages.ApplicationFormsPage - Processing dropdown index: 5
2025-02-19 14:32:02 [main] ERROR l.i.uztis.pages.ApplicationFormsPage - Timeout while waiting for dropdown to close at index: 5 with aria-expanded = 'false'
2025-02-19 14:32:02 [main] INFO  l.i.uztis.pages.ApplicationFormsPage - Processing dropdown index: 6
2025-02-19 14:32:13 [main] ERROR l.i.uztis.pages.ApplicationFormsPage - Timeout while waiting for dropdown to close at index: 6 with aria-expanded = 'false'
2025-02-19 14:32:13 [main] INFO  l.i.uztis.pages.ApplicationFormsPage - Processing dropdown index: 7
2025-02-19 14:32:24 [main] ERROR l.i.uztis.pages.ApplicationFormsPage - Timeout while waiting for dropdown to close at index: 7 with aria-expanded = 'false'
2025-02-19 14:32:24 [main] INFO  l.i.uztis.pages.ApplicationFormsPage - Processing input field index: 0
2025-02-19 14:32:24 [main] INFO  l.i.uztis.pages.ApplicationFormsPage - Entered value '50' into field index: 0
2025-02-19 14:32:24 [main] INFO  l.i.uztis.pages.ApplicationFormsPage - Processing input field index: 1
2025-02-19 14:32:24 [main] INFO  l.i.uztis.pages.ApplicationFormsPage - Entered value '924' into field index: 1
2025-02-19 14:32:24 [main] INFO  l.i.uztis.pages.ApplicationFormsPage - Processing input field index: 2
2025-02-19 14:32:25 [main] INFO  l.i.uztis.pages.ApplicationFormsPage - Entered value '31' into field index: 2
2025-02-19 14:32:25 [main] INFO  l.i.uztis.pages.ApplicationFormsPage - Processing input field index: 3
2025-02-19 14:32:25 [main] INFO  l.i.uztis.pages.ApplicationFormsPage - Entered value '4.7' into field index: 3
2025-02-19 14:32:25 [main] INFO  l.i.uztis.pages.ApplicationFormsPage - Processing input field index: 4
2025-02-19 14:32:25 [main] INFO  l.i.uztis.pages.ApplicationFormsPage - Entered value '35' into field index: 4
2025-02-19 14:32:25 [main] INFO  l.i.uztis.pages.ApplicationFormsPage - Processing input field index: 5
2025-02-19 14:32:25 [main] INFO  l.i.uztis.pages.ApplicationFormsPage - Entered value '20' into field index: 5
2025-02-19 14:32:25 [main] INFO  l.i.uztis.pages.ApplicationFormsPage - Processing input field index: 6
2025-02-19 14:32:25 [main] INFO  l.i.uztis.pages.ApplicationFormsPage - Entered value '30' into field index: 6
2025-02-19 14:32:25 [main] INFO  l.i.uztis.pages.ApplicationFormsPage - Processing input field index: 7
2025-02-19 14:32:25 [main] INFO  l.i.uztis.pages.ApplicationFormsPage - Entered value '60' into field index: 7
2025-02-19 14:32:25 [main] DEBUG l.i.u.tests.ApplicationFormsPageTest - Entered additional values and text.
2025-02-19 14:32:25 [main] DEBUG l.i.u.tests.ApplicationFormsPageTest - Entered application name: VUI paraiška
2025-02-19 14:32:25 [main] DEBUG l.i.u.tests.ApplicationFormsPageTest - Clicked the 'Save' button.
2025-02-19 14:32:26 [main] INFO  l.i.u.tests.ApplicationFormsPageTest - Verified success message text: 'Duomenys sėkmingai išsaugoti.'
2025-02-19 14:32:26 [main] INFO  l.i.u.tests.ApplicationFormsPageTest - Verified that the 'Save Form' button is displayed.
2025-02-19 14:32:26 [main] INFO  l.i.u.tests.ApplicationFormsPageTest - Test 'testCreateNewVuiApplication' completed successfully.
2025-02-19 14:33:22 [main] INFO  lt.insoft.uztis.tests.UztisPageTest - Navigated to https://uztisdev.asseco.lt/home
2025-02-19 14:33:22 [main] INFO  l.i.u.tests.ApplicationFormsPageTest - Setup complete. ApplicationFormsPage initialized.
2025-02-19 14:33:22 [main] INFO  l.i.u.tests.ApplicationFormsPageTest - Starting test:'testEditAndSaveVuiApplication'
2025-02-19 14:33:23 [main] DEBUG l.i.u.tests.ApplicationFormsPageTest - User logged in with test credentials
2025-02-19 14:33:23 [main] DEBUG l.i.u.tests.ApplicationFormsPageTest - Opened 'Application Processing' menu.
2025-02-19 14:33:23 [main] DEBUG l.i.u.tests.ApplicationFormsPageTest - Clicked on 'Application Forms' menu.
2025-02-19 14:33:24 [main] DEBUG l.i.u.tests.ApplicationFormsPageTest - Selected the last application description.
2025-02-19 14:33:24 [main] DEBUG l.i.u.tests.ApplicationFormsPageTest - Clicked the 'Edit' button.
2025-02-19 14:33:25 [main] DEBUG l.i.u.tests.ApplicationFormsPageTest - Selected 'Municipality' radio button.
2025-02-19 14:33:25 [main] INFO  l.i.uztis.pages.ApplicationFormsPage - Located the dropdown button.
2025-02-19 14:33:25 [main] INFO  l.i.uztis.pages.ApplicationFormsPage - Successfully selected the value: 'Kauno departamentas'
2025-02-19 14:33:36 [main] ERROR l.i.uztis.pages.ApplicationFormsPage - Failed to close the dropdown with aria-expanded = 'false'.
2025-02-19 14:33:36 [main] DEBUG l.i.u.tests.ApplicationFormsPageTest - Selected a value from the 'Municipality' dropdown: 'Kauno departamentas'
2025-02-19 14:33:36 [main] DEBUG l.i.u.tests.ApplicationFormsPageTest - Selected 'Budget By Country' radio button.
2025-02-19 14:33:36 [main] DEBUG l.i.u.tests.ApplicationFormsPageTest - Selected 'Financed By Queue' radio button.
2025-02-19 14:33:36 [main] DEBUG l.i.u.tests.ApplicationFormsPageTest - Entered new application name: _paredaguota
2025-02-19 14:33:36 [main] DEBUG l.i.u.tests.ApplicationFormsPageTest - Clicked the 'Save' button.
2025-02-19 14:33:36 [main] INFO  l.i.u.tests.ApplicationFormsPageTest - Verified success message: 'Duomenys sėkmingai išsaugoti.'
2025-02-19 14:33:36 [main] INFO  l.i.u.tests.ApplicationFormsPageTest - Test 'testEditAndSaveVuiApplication' completed successfully.
2025-02-19 14:34:16 [main] INFO  lt.insoft.uztis.tests.UztisPageTest - Navigated to https://uztisdev.asseco.lt/home
2025-02-19 14:34:16 [main] INFO  l.i.uztis.tests.InvitationsPageTest - Starting test:'testCreateNewVuiInvitationDraft'
2025-02-19 14:34:17 [main] DEBUG l.i.uztis.tests.InvitationsPageTest - User logged in with test credentials
2025-02-19 14:34:17 [main] DEBUG l.i.uztis.tests.InvitationsPageTest - Opened 'Application Processing' menu.
2025-02-19 14:34:17 [main] DEBUG l.i.uztis.tests.InvitationsPageTest - Clicked on 'Application Forms' menu.
2025-02-19 14:34:17 [main] DEBUG l.i.uztis.tests.InvitationsPageTest - Navigating to application forms menu.
2025-02-19 14:34:18 [main] DEBUG l.i.uztis.tests.InvitationsPageTest - Retrieved last description code text: 'TST-VUI-85'.
2025-02-19 14:34:18 [main] DEBUG l.i.uztis.tests.InvitationsPageTest - Clicked on 'Invitation' menu.
2025-02-19 14:34:18 [main] DEBUG l.i.uztis.tests.InvitationsPageTest - Clicked 'Create New Application Form'.
2025-02-19 14:34:19 [main] DEBUG l.i.uztis.tests.InvitationsPageTest - Selected section by code: 'TST-VUI-85'.
2025-02-19 14:34:19 [main] INFO  l.insoft.uztis.pages.InvitationsPage - Located the dropdown button.
2025-02-19 14:34:30 [main] ERROR l.insoft.uztis.pages.InvitationsPage - Timeout while waiting for dropdown to close with aria-expanded = 'false'.
2025-02-19 14:34:30 [main] DEBUG l.i.uztis.tests.InvitationsPageTest - Selected invitation number from the list.
2025-02-19 14:34:31 [main] DEBUG l.i.uztis.tests.InvitationsPageTest - Entered current date.
2025-02-19 14:34:31 [main] DEBUG l.i.uztis.tests.InvitationsPageTest - Entered start time: 00:00.
2025-02-19 14:34:31 [main] DEBUG l.i.uztis.tests.InvitationsPageTest - Entered end date.
2025-02-19 14:34:31 [main] DEBUG l.i.uztis.tests.InvitationsPageTest - Entered end time: 11:11.
2025-02-19 14:34:32 [main] DEBUG l.i.uztis.tests.InvitationsPageTest - Draft saved.
2025-02-19 14:34:32 [main] DEBUG l.insoft.uztis.pages.InvitationsPage - Verified success message: 'Duomenys sėkmingai išsaugoti.'
2025-02-19 14:34:32 [main] INFO  l.i.uztis.tests.InvitationsPageTest - Test 'testCreateNewVuiInvitationDraft' completed successfully.
2025-02-19 14:34:41 [main] INFO  lt.insoft.uztis.tests.UztisPageTest - Navigated to https://uztisdev.asseco.lt/home
2025-02-19 14:34:41 [main] INFO  l.i.uztis.tests.InvitationsPageTest - Starting test:'testEditAndPublishVuiInvitationDraft'
2025-02-19 14:34:41 [main] DEBUG l.i.uztis.tests.InvitationsPageTest - User logged in with test credentials
2025-02-19 14:34:41 [main] DEBUG l.i.uztis.tests.InvitationsPageTest - Opened 'Application Processing' menu.
2025-02-19 14:34:42 [main] DEBUG l.i.uztis.tests.InvitationsPageTest - Clicked on 'Application Forms' menu.
2025-02-19 14:34:42 [main] DEBUG l.i.uztis.tests.InvitationsPageTest - Navigating to application forms menu.
2025-02-19 14:34:42 [main] DEBUG l.i.uztis.tests.InvitationsPageTest - Retrieved last description code text: 'TST-VUI-85'.
2025-02-19 14:34:42 [main] DEBUG l.i.uztis.tests.InvitationsPageTest - Clicked on 'Invitation' menu.
2025-02-19 14:34:43 [main] DEBUG l.i.uztis.tests.InvitationsPageTest - Selected section by code: 'TST-VUI-85'.
2025-02-19 14:34:43 [main] DEBUG l.i.uztis.tests.InvitationsPageTest - Clicked 'Search'.
2025-02-19 14:34:43 [main] DEBUG l.i.uztis.tests.InvitationsPageTest - Getting and inserting application code text.
2025-02-19 14:34:44 [main] DEBUG l.i.uztis.tests.InvitationsPageTest - Clicked 'InvitationDraft'.
2025-02-19 14:34:44 [main] DEBUG l.i.uztis.tests.InvitationsPageTest - Clicked 'Edit'.
2025-02-19 14:34:45 [main] DEBUG l.i.uztis.tests.InvitationsPageTest - Entered publication end date.
2025-02-19 14:34:45 [main] DEBUG l.i.uztis.tests.InvitationsPageTest - Added additional values.
2025-02-19 14:34:45 [main] INFO  l.insoft.uztis.pages.InvitationsPage - Located the dropdown button.
2025-02-19 14:34:46 [main] DEBUG l.i.uztis.tests.InvitationsPageTest - Selected the value: 'Didžiausia galima paramos suma aplinkos darbo vietai, Eur'
2025-02-19 14:34:46 [main] INFO  l.insoft.uztis.pages.InvitationsPage - Located the dropdown button.
2025-02-19 14:34:46 [main] DEBUG l.i.uztis.tests.InvitationsPageTest - Selected the value: 'Didžiausia galima paramos suma, Eur'
2025-02-19 14:34:46 [main] INFO  l.insoft.uztis.pages.InvitationsPage - Located the dropdown button.
2025-02-19 14:34:47 [main] DEBUG l.i.uztis.tests.InvitationsPageTest - Selected the value: 'Didžiausia galima paramos suma vienai darbo vietai, Eur'
2025-02-19 14:34:47 [main] DEBUG l.i.uztis.tests.InvitationsPageTest - Entered value: 11000
2025-02-19 14:34:47 [main] DEBUG l.i.uztis.tests.InvitationsPageTest - Entered value: 12000
2025-02-19 14:34:47 [main] DEBUG l.i.uztis.tests.InvitationsPageTest - Entered value: 13000
2025-02-19 14:34:48 [main] DEBUG l.i.uztis.tests.InvitationsPageTest - Checked 'Legal Entities' checkbox.
2025-02-19 14:34:48 [main] DEBUG l.i.uztis.tests.InvitationsPageTest - Unchecked 'Persons Registered with Employment Service' checkbox.
2025-02-19 14:34:48 [main] DEBUG l.i.uztis.tests.InvitationsPageTest - Checked 'Persons Registered as Employers' checkbox.
2025-02-19 14:34:48 [main] DEBUG l.i.uztis.tests.InvitationsPageTest - Entered second evaluation grade: '5'.
2025-02-19 14:34:48 [main] DEBUG l.i.uztis.tests.InvitationsPageTest - Entered third evaluation grade: '6'.
2025-02-19 14:34:48 [main] DEBUG l.i.uztis.tests.InvitationsPageTest - Entered second evaluation grade weight: '0,45'.
2025-02-19 14:34:48 [main] DEBUG l.i.uztis.tests.InvitationsPageTest - Entered third evaluation grade weight: '0,55'.
2025-02-19 14:34:48 [main] DEBUG l.i.uztis.tests.InvitationsPageTest - Entered budget: '2000'.
2025-02-19 14:34:49 [main] DEBUG l.i.uztis.tests.InvitationsPageTest - Entered description text: 'Aprašo tekstas'.
2025-02-19 14:34:49 [main] DEBUG l.i.uztis.tests.InvitationsPageTest - Entered applicants text: 'Pareiškėjų tekstas'.
2025-02-19 14:34:49 [main] DEBUG l.i.uztis.tests.InvitationsPageTest - Entered expenditures text: 'Išlaidų tekstas'.
2025-02-19 14:34:49 [main] DEBUG l.i.uztis.tests.InvitationsPageTest - Entered legislation text: 'Teisės aktų tekstas'.
2025-02-19 14:34:49 [main] DEBUG l.i.uztis.tests.InvitationsPageTest - Entered education text: 'Mokymų tekstas'.
2025-02-19 14:34:49 [main] DEBUG l.i.uztis.tests.InvitationsPageTest - File uploaded.
2025-02-19 14:34:49 [main] DEBUG l.i.uztis.tests.InvitationsPageTest - Clicked 'Publish'.
2025-02-19 14:34:49 [main] DEBUG l.i.uztis.tests.InvitationsPageTest - Publication confirmed.
2025-02-19 14:34:51 [main] DEBUG l.insoft.uztis.pages.InvitationsPage - Verified success message: 'Funkcija sėkmingai atlikta.'
2025-02-19 14:34:51 [main] INFO  l.i.uztis.tests.InvitationsPageTest - Test 'testEditAndPublishVuiInvitationDraft' completed successfully.
2025-02-19 14:35:07 [main] INFO  lt.insoft.uztis.tests.UztisPageTest - Navigated to https://uztisdev.asseco.lt/home
2025-02-19 14:35:07 [main] INFO  l.i.uztis.tests.InvitationsPageTest - Starting test:'testInsertVuiStatisticInformation'
2025-02-19 14:35:07 [main] DEBUG l.i.uztis.tests.InvitationsPageTest - User logged in with test credentials
2025-02-19 14:35:07 [main] DEBUG l.i.uztis.tests.InvitationsPageTest - Opened 'Application Processing' menu.
2025-02-19 14:35:08 [main] DEBUG l.i.uztis.tests.InvitationsPageTest - Clicked on 'Application Forms' menu.
2025-02-19 14:35:08 [main] DEBUG l.i.uztis.tests.InvitationsPageTest - Navigating to invitation forms menu.
2025-02-19 14:35:08 [main] DEBUG l.i.uztis.tests.InvitationsPageTest - Retrieved last description code text: 'TST-VUI-85'.
2025-02-19 14:35:08 [main] DEBUG l.i.uztis.tests.InvitationsPageTest - Clicked on 'Invitation' menu.
2025-02-19 14:35:09 [main] DEBUG l.i.uztis.tests.InvitationsPageTest - Selected section by code: 'TST-VUI-85'.
2025-02-19 14:35:09 [main] DEBUG l.i.uztis.tests.InvitationsPageTest - Clicked 'Search'.
2025-02-19 14:35:09 [main] DEBUG l.i.uztis.tests.InvitationsPageTest - Getting and inserting application code text.
2025-02-19 14:35:09 [main] DEBUG l.i.uztis.tests.InvitationsPageTest - Clicked 'Publishing'.
2025-02-19 14:35:10 [main] DEBUG l.i.uztis.tests.InvitationsPageTest - Clicked 'Statistic Information' tab.
2025-02-19 14:35:10 [main] DEBUG l.i.uztis.tests.InvitationsPageTest - Clicked 'Edit' button.
2025-02-19 14:35:10 [main] DEBUG l.i.uztis.tests.InvitationsPageTest - Entered current date.
2025-02-19 14:35:10 [main] DEBUG l.i.uztis.tests.InvitationsPageTest - Entered value: 8.7
2025-02-19 14:35:10 [main] DEBUG l.i.uztis.tests.InvitationsPageTest - Entered average salary: 2237.9
2025-02-19 14:35:10 [main] DEBUG l.i.uztis.tests.InvitationsPageTest - File uploaded.
2025-02-19 14:35:11 [main] DEBUG l.i.uztis.tests.InvitationsPageTest - Clicked 'Save' button.
2025-02-19 14:35:12 [main] DEBUG l.insoft.uztis.pages.InvitationsPage - Verified success message: 'Funkcija sėkmingai atlikta.'
2025-02-19 14:35:12 [main] INFO  l.i.uztis.tests.InvitationsPageTest - Test 'testInsertVuiStatisticInformation' completed successfully.
2025-02-20 07:16:14 [main] INFO  lt.insoft.uztis.tests.UztisPageTest - Navigated to https://uztisdev.asseco.lt/home
2025-02-20 07:16:14 [main] INFO  l.i.u.t.SubmittedApplicationsPageTest - Starting test:'testFillNewDVPApplicationFA'
2025-02-20 07:16:15 [main] DEBUG l.i.u.t.SubmittedApplicationsPageTest - User logged in with test credentials.
2025-02-20 07:16:15 [main] DEBUG l.i.u.t.SubmittedApplicationsPageTest - Opened 'Application Processing' menu.
2025-02-20 07:16:15 [main] DEBUG l.i.u.t.SubmittedApplicationsPageTest - Clicked on 'Application Forms' menu.
2025-02-20 07:16:15 [main] DEBUG l.i.u.t.SubmittedApplicationsPageTest - Retrieved last description code text: 'TST-DVP-68'.
2025-02-20 07:16:15 [main] DEBUG l.i.u.t.SubmittedApplicationsPageTest - Clicked on 'Invitation' menu.
2025-02-20 07:16:16 [main] DEBUG l.i.u.t.SubmittedApplicationsPageTest - Selected application section by code: 'TST-DVP-68'.
2025-02-20 07:16:16 [main] DEBUG l.i.u.t.SubmittedApplicationsPageTest - Clicked 'Search' button.
2025-02-20 07:16:16 [main] DEBUG l.i.u.t.SubmittedApplicationsPageTest - Retrieved invitation code: ''.
2025-02-20 07:16:16 [main] DEBUG l.i.u.t.SubmittedApplicationsPageTest - Clicked on 'Submitted Applications' menu.
2025-02-20 07:16:17 [main] DEBUG l.i.u.t.SubmittedApplicationsPageTest - Selected invitation by code: 'TST-DVP-68'.
2025-02-20 07:16:17 [main] DEBUG l.i.u.t.SubmittedApplicationsPageTest - Invitation code inserted.
2025-02-20 07:16:17 [main] DEBUG l.i.u.t.SubmittedApplicationsPageTest - Clicked on 'Action Application' button.
2025-02-20 07:16:27 [main] ERROR l.i.u.t.SubmittedApplicationsPageTest - Test 'testFillNewDVPApplicationFA' failed with error: no such element: Unable to locate element: {"method":"xpath","selector":"//button[contains(@class, 'mat-mdc-menu-item') and .//span[contains(text(), 'Pateikti naują')]]"}
  (Session info: chrome=133.0.6943.99)
For documentation on this error, please visit: https://www.selenium.dev/documentation/webdriver/troubleshooting/errors#no-such-element-exception
Build info: version: '4.27.0', revision: 'd6e718d134'
System info: os.name: 'Windows 11', os.arch: 'amd64', os.version: '10.0', java.version: '21.0.3'
Driver info: org.openqa.selenium.chrome.ChromeDriver
Command: [7426c0928974caa3a720b1fb6a544682, findElement {value=//button[contains(@class, 'mat-mdc-menu-item') and .//span[contains(text(), 'Pateikti naują')]], using=xpath}]
Capabilities {acceptInsecureCerts: false, browserName: chrome, browserVersion: 133.0.6943.99, chrome: {chromedriverVersion: 133.0.6943.126 (cffa127ce7b..., userDataDir: C:\Users\INGRID~1.ZAD\AppDa...}, fedcm:accounts: true, goog:chromeOptions: {debuggerAddress: localhost:55634}, networkConnectionEnabled: false, pageLoadStrategy: normal, platformName: windows, proxy: Proxy(), se:cdp: ws://localhost:55634/devtoo..., se:cdpVersion: 133.0.6943.99, setWindowRect: true, strictFileInteractability: false, timeouts: {implicit: 0, pageLoad: 300000, script: 30000}, unhandledPromptBehavior: dismiss and notify, webauthn:extension:credBlob: true, webauthn:extension:largeBlob: true, webauthn:extension:minPinLength: true, webauthn:extension:prf: true, webauthn:virtualAuthenticators: true}
Session ID: 7426c0928974caa3a720b1fb6a544682
org.openqa.selenium.NoSuchElementException: no such element: Unable to locate element: {"method":"xpath","selector":"//button[contains(@class, 'mat-mdc-menu-item') and .//span[contains(text(), 'Pateikti naują')]]"}
  (Session info: chrome=133.0.6943.99)
For documentation on this error, please visit: https://www.selenium.dev/documentation/webdriver/troubleshooting/errors#no-such-element-exception
Build info: version: '4.27.0', revision: 'd6e718d134'
System info: os.name: 'Windows 11', os.arch: 'amd64', os.version: '10.0', java.version: '21.0.3'
Driver info: org.openqa.selenium.chrome.ChromeDriver
Command: [7426c0928974caa3a720b1fb6a544682, findElement {value=//button[contains(@class, 'mat-mdc-menu-item') and .//span[contains(text(), 'Pateikti naują')]], using=xpath}]
Capabilities {acceptInsecureCerts: false, browserName: chrome, browserVersion: 133.0.6943.99, chrome: {chromedriverVersion: 133.0.6943.126 (cffa127ce7b..., userDataDir: C:\Users\INGRID~1.ZAD\AppDa...}, fedcm:accounts: true, goog:chromeOptions: {debuggerAddress: localhost:55634}, networkConnectionEnabled: false, pageLoadStrategy: normal, platformName: windows, proxy: Proxy(), se:cdp: ws://localhost:55634/devtoo..., se:cdpVersion: 133.0.6943.99, setWindowRect: true, strictFileInteractability: false, timeouts: {implicit: 0, pageLoad: 300000, script: 30000}, unhandledPromptBehavior: dismiss and notify, webauthn:extension:credBlob: true, webauthn:extension:largeBlob: true, webauthn:extension:minPinLength: true, webauthn:extension:prf: true, webauthn:virtualAuthenticators: true}
Session ID: 7426c0928974caa3a720b1fb6a544682
	at java.base/jdk.internal.reflect.DirectConstructorHandleAccessor.newInstance(DirectConstructorHandleAccessor.java:62)
	at java.base/java.lang.reflect.Constructor.newInstanceWithCaller(Constructor.java:502)
	at java.base/java.lang.reflect.Constructor.newInstance(Constructor.java:486)
	at org.openqa.selenium.remote.ErrorCodec.decode(ErrorCodec.java:167)
	at org.openqa.selenium.remote.codec.w3c.W3CHttpResponseCodec.decode(W3CHttpResponseCodec.java:138)
	at org.openqa.selenium.remote.codec.w3c.W3CHttpResponseCodec.decode(W3CHttpResponseCodec.java:50)
	at org.openqa.selenium.remote.HttpCommandExecutor.execute(HttpCommandExecutor.java:190)
	at org.openqa.selenium.remote.service.DriverCommandExecutor.invokeExecute(DriverCommandExecutor.java:216)
	at org.openqa.selenium.remote.service.DriverCommandExecutor.execute(DriverCommandExecutor.java:174)
	at org.openqa.selenium.remote.RemoteWebDriver.execute(RemoteWebDriver.java:545)
	at org.openqa.selenium.remote.ElementLocation$ElementFinder$2.findElement(ElementLocation.java:165)
	at org.openqa.selenium.remote.ElementLocation.findElement(ElementLocation.java:59)
	at org.openqa.selenium.remote.RemoteWebDriver.findElement(RemoteWebDriver.java:368)
	at org.openqa.selenium.remote.RemoteWebDriver.findElement(RemoteWebDriver.java:362)
	at org.openqa.selenium.support.pagefactory.DefaultElementLocator.findElement(DefaultElementLocator.java:68)
	at org.openqa.selenium.support.pagefactory.internal.LocatingElementHandler.invoke(LocatingElementHandler.java:38)
	at jdk.proxy2/jdk.proxy2.$Proxy14.click(Unknown Source)
	at lt.insoft.uztis.pages.SubmittedApplicationsPage.clickButtonNewApplication(SubmittedApplicationsPage.java:446)
	at lt.insoft.uztis.tests.SubmittedApplicationsPageTest.testFillNewDVPApplicationFA(SubmittedApplicationsPageTest.java:520)
	at java.base/jdk.internal.reflect.DirectMethodHandleAccessor.invoke(DirectMethodHandleAccessor.java:103)
	at java.base/java.lang.reflect.Method.invoke(Method.java:580)
	at org.junit.platform.commons.util.ReflectionUtils.invokeMethod(ReflectionUtils.java:728)
	at org.junit.jupiter.engine.execution.MethodInvocation.proceed(MethodInvocation.java:60)
	at org.junit.jupiter.engine.execution.InvocationInterceptorChain$ValidatingInvocation.proceed(InvocationInterceptorChain.java:131)
	at org.junit.jupiter.engine.extension.TimeoutExtension.intercept(TimeoutExtension.java:156)
	at org.junit.jupiter.engine.extension.TimeoutExtension.interceptTestableMethod(TimeoutExtension.java:147)
	at org.junit.jupiter.engine.extension.TimeoutExtension.interceptTestMethod(TimeoutExtension.java:86)
	at org.junit.jupiter.engine.execution.InterceptingExecutableInvoker$ReflectiveInterceptorCall.lambda$ofVoidMethod$0(InterceptingExecutableInvoker.java:103)
	at org.junit.jupiter.engine.execution.InterceptingExecutableInvoker.lambda$invoke$0(InterceptingExecutableInvoker.java:93)
	at org.junit.jupiter.engine.execution.InvocationInterceptorChain$InterceptedInvocation.proceed(InvocationInterceptorChain.java:106)
	at org.junit.jupiter.engine.execution.InvocationInterceptorChain.proceed(InvocationInterceptorChain.java:64)
	at org.junit.jupiter.engine.execution.InvocationInterceptorChain.chainAndInvoke(InvocationInterceptorChain.java:45)
	at org.junit.jupiter.engine.execution.InvocationInterceptorChain.invoke(InvocationInterceptorChain.java:37)
	at org.junit.jupiter.engine.execution.InterceptingExecutableInvoker.invoke(InterceptingExecutableInvoker.java:92)
	at org.junit.jupiter.engine.execution.InterceptingExecutableInvoker.invoke(InterceptingExecutableInvoker.java:86)
	at org.junit.jupiter.engine.descriptor.TestMethodTestDescriptor.lambda$invokeTestMethod$7(TestMethodTestDescriptor.java:218)
	at org.junit.platform.engine.support.hierarchical.ThrowableCollector.execute(ThrowableCollector.java:73)
	at org.junit.jupiter.engine.descriptor.TestMethodTestDescriptor.invokeTestMethod(TestMethodTestDescriptor.java:214)
	at org.junit.jupiter.engine.descriptor.TestMethodTestDescriptor.execute(TestMethodTestDescriptor.java:139)
	at org.junit.jupiter.engine.descriptor.TestMethodTestDescriptor.execute(TestMethodTestDescriptor.java:69)
	at org.junit.platform.engine.support.hierarchical.NodeTestTask.lambda$executeRecursively$6(NodeTestTask.java:151)
	at org.junit.platform.engine.support.hierarchical.ThrowableCollector.execute(ThrowableCollector.java:73)
	at org.junit.platform.engine.support.hierarchical.NodeTestTask.lambda$executeRecursively$8(NodeTestTask.java:141)
	at org.junit.platform.engine.support.hierarchical.Node.around(Node.java:137)
	at org.junit.platform.engine.support.hierarchical.NodeTestTask.lambda$executeRecursively$9(NodeTestTask.java:139)
	at org.junit.platform.engine.support.hierarchical.ThrowableCollector.execute(ThrowableCollector.java:73)
	at org.junit.platform.engine.support.hierarchical.NodeTestTask.executeRecursively(NodeTestTask.java:138)
	at org.junit.platform.engine.support.hierarchical.NodeTestTask.execute(NodeTestTask.java:95)
	at java.base/java.util.ArrayList.forEach(ArrayList.java:1596)
	at org.junit.platform.engine.support.hierarchical.SameThreadHierarchicalTestExecutorService.invokeAll(SameThreadHierarchicalTestExecutorService.java:41)
	at org.junit.platform.engine.support.hierarchical.NodeTestTask.lambda$executeRecursively$6(NodeTestTask.java:155)
	at org.junit.platform.engine.support.hierarchical.ThrowableCollector.execute(ThrowableCollector.java:73)
	at org.junit.platform.engine.support.hierarchical.NodeTestTask.lambda$executeRecursively$8(NodeTestTask.java:141)
	at org.junit.platform.engine.support.hierarchical.Node.around(Node.java:137)
	at org.junit.platform.engine.support.hierarchical.NodeTestTask.lambda$executeRecursively$9(NodeTestTask.java:139)
	at org.junit.platform.engine.support.hierarchical.ThrowableCollector.execute(ThrowableCollector.java:73)
	at org.junit.platform.engine.support.hierarchical.NodeTestTask.executeRecursively(NodeTestTask.java:138)
	at org.junit.platform.engine.support.hierarchical.NodeTestTask.execute(NodeTestTask.java:95)
	at java.base/java.util.ArrayList.forEach(ArrayList.java:1596)
	at org.junit.platform.engine.support.hierarchical.SameThreadHierarchicalTestExecutorService.invokeAll(SameThreadHierarchicalTestExecutorService.java:41)
	at org.junit.platform.engine.support.hierarchical.NodeTestTask.lambda$executeRecursively$6(NodeTestTask.java:155)
	at org.junit.platform.engine.support.hierarchical.ThrowableCollector.execute(ThrowableCollector.java:73)
	at org.junit.platform.engine.support.hierarchical.NodeTestTask.lambda$executeRecursively$8(NodeTestTask.java:141)
	at org.junit.platform.engine.support.hierarchical.Node.around(Node.java:137)
	at org.junit.platform.engine.support.hierarchical.NodeTestTask.lambda$executeRecursively$9(NodeTestTask.java:139)
	at org.junit.platform.engine.support.hierarchical.ThrowableCollector.execute(ThrowableCollector.java:73)
	at org.junit.platform.engine.support.hierarchical.NodeTestTask.executeRecursively(NodeTestTask.java:138)
	at org.junit.platform.engine.support.hierarchical.NodeTestTask.execute(NodeTestTask.java:95)
	at org.junit.platform.engine.support.hierarchical.SameThreadHierarchicalTestExecutorService.submit(SameThreadHierarchicalTestExecutorService.java:35)
	at org.junit.platform.engine.support.hierarchical.HierarchicalTestExecutor.execute(HierarchicalTestExecutor.java:57)
	at org.junit.platform.engine.support.hierarchical.HierarchicalTestEngine.execute(HierarchicalTestEngine.java:54)
	at org.junit.platform.launcher.core.EngineExecutionOrchestrator.execute(EngineExecutionOrchestrator.java:198)
	at org.junit.platform.launcher.core.EngineExecutionOrchestrator.execute(EngineExecutionOrchestrator.java:169)
	at org.junit.platform.launcher.core.EngineExecutionOrchestrator.execute(EngineExecutionOrchestrator.java:93)
	at org.junit.platform.launcher.core.EngineExecutionOrchestrator.lambda$execute$0(EngineExecutionOrchestrator.java:58)
	at org.junit.platform.launcher.core.EngineExecutionOrchestrator.withInterceptedStreams(EngineExecutionOrchestrator.java:141)
	at org.junit.platform.launcher.core.EngineExecutionOrchestrator.execute(EngineExecutionOrchestrator.java:57)
	at org.junit.platform.launcher.core.DefaultLauncher.execute(DefaultLauncher.java:103)
	at org.junit.platform.launcher.core.DefaultLauncher.execute(DefaultLauncher.java:85)
	at org.junit.platform.launcher.core.DelegatingLauncher.execute(DelegatingLauncher.java:47)
	at org.junit.platform.launcher.core.SessionPerRequestLauncher.execute(SessionPerRequestLauncher.java:63)
	at com.intellij.junit5.JUnit5IdeaTestRunner.startRunnerWithArgs(JUnit5IdeaTestRunner.java:57)
	at com.intellij.rt.junit.IdeaTestRunner$Repeater$1.execute(IdeaTestRunner.java:38)
	at com.intellij.rt.execution.junit.TestsRepeater.repeat(TestsRepeater.java:11)
	at com.intellij.rt.junit.IdeaTestRunner$Repeater.startRunnerWithArgs(IdeaTestRunner.java:35)
	at com.intellij.rt.junit.JUnitStarter.prepareStreamsAndStart(JUnitStarter.java:232)
	at com.intellij.rt.junit.JUnitStarter.main(JUnitStarter.java:55)
2025-02-20 07:16:28 [main] INFO  l.insoft.uztis.tests.utils.TestUtils - Screenshot moved to C:\Users\ingrida.zadorozniene\Desktop\Asm\UZTIS\UZTIS_tests\test-output\screenshots\20250220\071628144_testFillNewDVPApplicationFA().png
2025-02-20 07:17:25 [main] INFO  lt.insoft.uztis.tests.UztisPageTest - Navigated to https://uztisdev.asseco.lt/home
2025-02-20 07:17:25 [main] INFO  l.i.u.t.SubmittedApplicationsPageTest - Starting test:'testFillNewDVPApplicationFA'
2025-02-20 07:17:26 [main] DEBUG l.i.u.t.SubmittedApplicationsPageTest - User logged in with test credentials.
2025-02-20 07:17:26 [main] DEBUG l.i.u.t.SubmittedApplicationsPageTest - Opened 'Application Processing' menu.
2025-02-20 07:17:26 [main] DEBUG l.i.u.t.SubmittedApplicationsPageTest - Clicked on 'Application Forms' menu.
2025-02-20 07:17:26 [main] DEBUG l.i.u.t.SubmittedApplicationsPageTest - Retrieved last description code text: 'TST-DVP-78'.
2025-02-20 07:17:27 [main] DEBUG l.i.u.t.SubmittedApplicationsPageTest - Clicked on 'Invitation' menu.
2025-02-20 07:17:27 [main] DEBUG l.i.u.t.SubmittedApplicationsPageTest - Selected application section by code: 'TST-DVP-78'.
2025-02-20 07:17:27 [main] DEBUG l.i.u.t.SubmittedApplicationsPageTest - Clicked 'Search' button.
2025-02-20 07:17:27 [main] DEBUG l.i.u.t.SubmittedApplicationsPageTest - Retrieved invitation code: ''.
2025-02-20 07:17:28 [main] DEBUG l.i.u.t.SubmittedApplicationsPageTest - Clicked on 'Submitted Applications' menu.
2025-02-20 07:17:29 [main] DEBUG l.i.u.t.SubmittedApplicationsPageTest - Selected invitation by code: 'TST-DVP-78'.
2025-02-20 07:17:29 [main] DEBUG l.i.u.t.SubmittedApplicationsPageTest - Invitation code inserted.
2025-02-20 07:17:29 [main] DEBUG l.i.u.t.SubmittedApplicationsPageTest - Clicked on 'Action Application' button.
2025-02-20 07:17:29 [main] DEBUG l.i.u.t.SubmittedApplicationsPageTest - Clicked on 'New Application' button.
2025-02-20 07:17:29 [main] DEBUG l.i.u.t.SubmittedApplicationsPageTest - Selected the 'RadioButtonFA' option.
2025-02-20 07:17:30 [main] DEBUG l.i.u.t.SubmittedApplicationsPageTest - Entered phone number: '61298745'.
2025-02-20 07:17:30 [main] DEBUG l.i.u.t.SubmittedApplicationsPageTest - Entered email: 'test@autotest.com'.
2025-02-20 07:17:40 [main] DEBUG l.i.u.t.SubmittedApplicationsPageTest - Checked 'For workplace adaptation' checkbox 1.
2025-02-20 07:17:50 [main] DEBUG l.i.u.t.SubmittedApplicationsPageTest - Checked 'For environmental adaptation' checkbox 2.
2025-02-20 07:17:50 [main] INFO  l.i.u.p.SubmittedApplicationsPage - Located the dropdown button.
2025-02-20 07:18:04 [main] INFO  l.i.u.p.SubmittedApplicationsPage - Found 1741 options in the dropdown.
2025-02-20 07:18:04 [main] INFO  l.i.u.p.SubmittedApplicationsPage - Successfully selected the value: '01.11 - Grūdinių (išskyrus ryžius), ankštinių ir aliejingų sėklų augalų auginimas'
2025-02-20 07:18:14 [main] ERROR l.i.u.p.SubmittedApplicationsPage - Failed to close the dropdown with aria-expanded = 'false'. Attempting manual close.
2025-02-20 07:18:15 [main] INFO  l.i.u.p.SubmittedApplicationsPage - Manual close attempt for the dropdown using body click.
2025-02-20 07:18:15 [main] DEBUG l.i.u.t.SubmittedApplicationsPageTest - Selected EVRK value: '01.11 - Grūdinių (išskyrus ryžius), ankštinių ir aliejingų sėklų augalų auginimas'.
2025-02-20 07:18:15 [main] DEBUG l.i.u.t.SubmittedApplicationsPageTest - Entered address: 'Vilniaus m. sav., Vilnius, Testo g. 10T'.
2025-02-20 07:18:15 [main] DEBUG l.i.u.t.SubmittedApplicationsPageTest - Selected 'For already working' option.
2025-02-20 07:18:15 [main] DEBUG l.i.u.t.SubmittedApplicationsPageTest - Entered person count1: '1'.
2025-02-20 07:18:15 [main] DEBUG l.i.u.t.SubmittedApplicationsPageTest - Selected 'For new working' option.
2025-02-20 07:18:15 [main] DEBUG l.i.u.t.SubmittedApplicationsPageTest - Entered person count2: '1'.
2025-02-20 07:18:16 [main] DEBUG l.i.u.t.SubmittedApplicationsPageTest - Clicked 'Next' button after checkboxes.
2025-02-20 07:18:16 [main] INFO  l.i.u.p.SubmittedApplicationsPage - Located the dropdown button.
2025-02-20 07:18:17 [main] INFO  l.i.u.p.SubmittedApplicationsPage - Successfully selected the value: 'Administratoriai'
2025-02-20 07:18:47 [main] ERROR l.i.u.p.SubmittedApplicationsPage - Timeout while waiting for dropdown to close with aria-expanded = 'false'.
2025-02-20 07:18:47 [main] DEBUG l.i.u.t.SubmittedApplicationsPageTest - Selected adaptable job name: 'Administratoriai'.
2025-02-20 07:18:47 [main] DEBUG l.i.u.t.SubmittedApplicationsPageTest - Entered job date.
2025-02-20 07:18:47 [main] DEBUG l.i.u.t.SubmittedApplicationsPageTest - Entered job function: 'Funkcija 1'.
2025-02-20 07:18:47 [main] DEBUG l.i.u.t.SubmittedApplicationsPageTest - Selected 'ForAlreadyWorking' 'no' option.
2025-02-20 07:18:47 [main] INFO  l.i.u.p.SubmittedApplicationsPage - Clicking on the dropdown button.
2025-02-20 07:18:48 [main] INFO  l.i.u.p.SubmittedApplicationsPage - Found 6 options in the dropdown.
2025-02-20 07:18:48 [main] DEBUG l.i.u.p.SubmittedApplicationsPage - Checking option: 'Lengvo neįgalumo lygis ar 45-55 procentų dalyvumo lygis (iki 2023 m. gruodžio 31 d. – 45-55 procentų darbingumo lygis)'
2025-02-20 07:18:48 [main] DEBUG l.i.u.p.SubmittedApplicationsPage - Checking option: 'Lengvo neįgalumo lygis ar 45-55 procentų dalyvumo lygis (iki 2023 m. gruodžio 31 d. – 45-55 procentų darbingumo lygis)'
2025-02-20 07:18:48 [main] DEBUG l.i.u.p.SubmittedApplicationsPage - Checking option: 'Sunkaus neįgalumo lygis ar neviršijantis 25 procentų dalyvumo lygis (iki 2023 metų gruodžio 31 dienos – iki 25 procentų darbingumo lygis)'
2025-02-20 07:18:48 [main] INFO  l.i.u.p.SubmittedApplicationsPage - Successfully selected the value: 'Sunkaus neįgalumo lygis ar neviršijantis 25 procentų dalyvumo lygis (iki 2023 metų gruodžio 31 dienos – iki 25 procentų darbingumo lygis)'
2025-02-20 07:18:48 [main] INFO  l.i.u.p.SubmittedApplicationsPage - Attempting to close the dropdown.
2025-02-20 07:18:59 [main] INFO  l.i.u.p.SubmittedApplicationsPage - Dropdown should be closed now.
2025-02-20 07:18:59 [main] DEBUG l.i.u.t.SubmittedApplicationsPageTest - Selected disabilities type: 'Sunkaus neįgalumo lygis ar neviršijantis 25 procentų dalyvumo lygis (iki 2023 metų gruodžio 31 dienos – iki 25 procentų darbingumo lygis)'.
2025-02-20 07:18:59 [main] DEBUG l.i.u.t.SubmittedApplicationsPageTest - Entered disability information: 'Negalia 1'.
2025-02-20 07:18:59 [main] DEBUG l.i.u.t.SubmittedApplicationsPageTest - Entered qualification: 'Kvalifikacija 1'.
2025-02-20 07:18:59 [main] DEBUG l.i.u.t.SubmittedApplicationsPageTest - Entered job description: 'Darbo vietos aprašymas 1'.
2025-02-20 07:18:59 [main] DEBUG l.i.u.t.SubmittedApplicationsPageTest - Entered equipment description: 'Priemonių įsigyjimas 1'.
2025-02-20 07:18:59 [main] DEBUG l.i.u.t.SubmittedApplicationsPageTest - Entered work information: 'Darbai 1'.
2025-02-20 07:18:59 [main] INFO  l.i.u.p.SubmittedApplicationsPage - Located the dropdown button.
2025-02-20 07:19:00 [main] INFO  l.i.u.p.SubmittedApplicationsPage - Successfully selected the value: 'Kita'
2025-02-20 07:19:11 [main] ERROR l.i.u.p.SubmittedApplicationsPage - Timeout while waiting for dropdown to close with aria-expanded = 'false'.
2025-02-20 07:19:11 [main] DEBUG l.i.u.t.SubmittedApplicationsPageTest - Selected time mode: 'Kita'.
2025-02-20 07:19:11 [main] DEBUG l.i.u.t.SubmittedApplicationsPageTest - Selected time mode other: '6 val. per dieną ir 4 d. per savaitę'.
2025-02-20 07:19:11 [main] DEBUG l.i.u.t.SubmittedApplicationsPageTest - Entered salary amount: '1200'.
2025-02-20 07:19:11 [main] DEBUG l.i.u.t.SubmittedApplicationsPageTest - Selected 'Temporary Job' radio button.
2025-02-20 07:19:11 [main] DEBUG l.i.u.t.SubmittedApplicationsPageTest - Selected 'Season Job' radio button.
2025-02-20 07:19:11 [main] DEBUG l.i.u.t.SubmittedApplicationsPageTest - Selected 'PVM' radio button.
2025-02-20 07:19:11 [main] INFO  l.i.u.p.SubmittedApplicationsPage - Located the dropdown button.
2025-02-20 07:19:12 [main] INFO  l.i.u.p.SubmittedApplicationsPage - Successfully selected the value: 'Darbo vietos pritaikymui'
2025-02-20 07:19:42 [main] ERROR l.i.u.p.SubmittedApplicationsPage - Timeout while waiting for dropdown to close with aria-expanded = 'false'.
2025-02-20 07:19:42 [main] DEBUG l.i.u.t.SubmittedApplicationsPageTest - Selected adaptable job name: 'Darbo vietos pritaikymui'.
2025-02-20 07:19:42 [main] INFO  l.i.u.p.SubmittedApplicationsPage - Located the dropdown button.
2025-02-20 07:21:22 [main] ERROR l.i.u.t.SubmittedApplicationsPageTest - Test 'testFillNewDVPApplicationFA' failed with error: Expected condition failed: waiting for element to be clickable: [[ChromeDriver: chrome on windows (0679675f895a994f620dc992e5d6dfa2)] -> xpath: //mat-label[contains(text(), 'Reikalinga')]] (tried for 100 second(s) with 500 milliseconds interval)
Build info: version: '4.27.0', revision: 'd6e718d134'
System info: os.name: 'Windows 11', os.arch: 'amd64', os.version: '10.0', java.version: '21.0.3'
Driver info: org.openqa.selenium.chrome.ChromeDriver
Capabilities {acceptInsecureCerts: false, browserName: chrome, browserVersion: 133.0.6943.99, chrome: {chromedriverVersion: 133.0.6943.126 (cffa127ce7b..., userDataDir: C:\Users\INGRID~1.ZAD\AppDa...}, fedcm:accounts: true, goog:chromeOptions: {debuggerAddress: localhost:55701}, networkConnectionEnabled: false, pageLoadStrategy: normal, platformName: windows, proxy: Proxy(), se:cdp: ws://localhost:55701/devtoo..., se:cdpVersion: 133.0.6943.99, setWindowRect: true, strictFileInteractability: false, timeouts: {implicit: 0, pageLoad: 300000, script: 30000}, unhandledPromptBehavior: dismiss and notify, webauthn:extension:credBlob: true, webauthn:extension:largeBlob: true, webauthn:extension:minPinLength: true, webauthn:extension:prf: true, webauthn:virtualAuthenticators: true}
Session ID: 0679675f895a994f620dc992e5d6dfa2
org.openqa.selenium.TimeoutException: Expected condition failed: waiting for element to be clickable: [[ChromeDriver: chrome on windows (0679675f895a994f620dc992e5d6dfa2)] -> xpath: //mat-label[contains(text(), 'Reikalinga')]] (tried for 100 second(s) with 500 milliseconds interval)
Build info: version: '4.27.0', revision: 'd6e718d134'
System info: os.name: 'Windows 11', os.arch: 'amd64', os.version: '10.0', java.version: '21.0.3'
Driver info: org.openqa.selenium.chrome.ChromeDriver
Capabilities {acceptInsecureCerts: false, browserName: chrome, browserVersion: 133.0.6943.99, chrome: {chromedriverVersion: 133.0.6943.126 (cffa127ce7b..., userDataDir: C:\Users\INGRID~1.ZAD\AppDa...}, fedcm:accounts: true, goog:chromeOptions: {debuggerAddress: localhost:55701}, networkConnectionEnabled: false, pageLoadStrategy: normal, platformName: windows, proxy: Proxy(), se:cdp: ws://localhost:55701/devtoo..., se:cdpVersion: 133.0.6943.99, setWindowRect: true, strictFileInteractability: false, timeouts: {implicit: 0, pageLoad: 300000, script: 30000}, unhandledPromptBehavior: dismiss and notify, webauthn:extension:credBlob: true, webauthn:extension:largeBlob: true, webauthn:extension:minPinLength: true, webauthn:extension:prf: true, webauthn:virtualAuthenticators: true}
Session ID: 0679675f895a994f620dc992e5d6dfa2
	at org.openqa.selenium.support.ui.WebDriverWait.timeoutException(WebDriverWait.java:84)
	at org.openqa.selenium.support.ui.FluentWait.until(FluentWait.java:228)
	at lt.insoft.uztis.pages.SubmittedApplicationsPage.selectDropdownNecessaryForJobOneDVP(SubmittedApplicationsPage.java:1179)
	at lt.insoft.uztis.tests.SubmittedApplicationsPageTest.testFillNewDVPApplicationFA(SubmittedApplicationsPageTest.java:637)
	at java.base/jdk.internal.reflect.DirectMethodHandleAccessor.invoke(DirectMethodHandleAccessor.java:103)
	at java.base/java.lang.reflect.Method.invoke(Method.java:580)
	at org.junit.platform.commons.util.ReflectionUtils.invokeMethod(ReflectionUtils.java:728)
	at org.junit.jupiter.engine.execution.MethodInvocation.proceed(MethodInvocation.java:60)
	at org.junit.jupiter.engine.execution.InvocationInterceptorChain$ValidatingInvocation.proceed(InvocationInterceptorChain.java:131)
	at org.junit.jupiter.engine.extension.TimeoutExtension.intercept(TimeoutExtension.java:156)
	at org.junit.jupiter.engine.extension.TimeoutExtension.interceptTestableMethod(TimeoutExtension.java:147)
	at org.junit.jupiter.engine.extension.TimeoutExtension.interceptTestMethod(TimeoutExtension.java:86)
	at org.junit.jupiter.engine.execution.InterceptingExecutableInvoker$ReflectiveInterceptorCall.lambda$ofVoidMethod$0(InterceptingExecutableInvoker.java:103)
	at org.junit.jupiter.engine.execution.InterceptingExecutableInvoker.lambda$invoke$0(InterceptingExecutableInvoker.java:93)
	at org.junit.jupiter.engine.execution.InvocationInterceptorChain$InterceptedInvocation.proceed(InvocationInterceptorChain.java:106)
	at org.junit.jupiter.engine.execution.InvocationInterceptorChain.proceed(InvocationInterceptorChain.java:64)
	at org.junit.jupiter.engine.execution.InvocationInterceptorChain.chainAndInvoke(InvocationInterceptorChain.java:45)
	at org.junit.jupiter.engine.execution.InvocationInterceptorChain.invoke(InvocationInterceptorChain.java:37)
	at org.junit.jupiter.engine.execution.InterceptingExecutableInvoker.invoke(InterceptingExecutableInvoker.java:92)
	at org.junit.jupiter.engine.execution.InterceptingExecutableInvoker.invoke(InterceptingExecutableInvoker.java:86)
	at org.junit.jupiter.engine.descriptor.TestMethodTestDescriptor.lambda$invokeTestMethod$7(TestMethodTestDescriptor.java:218)
	at org.junit.platform.engine.support.hierarchical.ThrowableCollector.execute(ThrowableCollector.java:73)
	at org.junit.jupiter.engine.descriptor.TestMethodTestDescriptor.invokeTestMethod(TestMethodTestDescriptor.java:214)
	at org.junit.jupiter.engine.descriptor.TestMethodTestDescriptor.execute(TestMethodTestDescriptor.java:139)
	at org.junit.jupiter.engine.descriptor.TestMethodTestDescriptor.execute(TestMethodTestDescriptor.java:69)
	at org.junit.platform.engine.support.hierarchical.NodeTestTask.lambda$executeRecursively$6(NodeTestTask.java:151)
	at org.junit.platform.engine.support.hierarchical.ThrowableCollector.execute(ThrowableCollector.java:73)
	at org.junit.platform.engine.support.hierarchical.NodeTestTask.lambda$executeRecursively$8(NodeTestTask.java:141)
	at org.junit.platform.engine.support.hierarchical.Node.around(Node.java:137)
	at org.junit.platform.engine.support.hierarchical.NodeTestTask.lambda$executeRecursively$9(NodeTestTask.java:139)
	at org.junit.platform.engine.support.hierarchical.ThrowableCollector.execute(ThrowableCollector.java:73)
	at org.junit.platform.engine.support.hierarchical.NodeTestTask.executeRecursively(NodeTestTask.java:138)
	at org.junit.platform.engine.support.hierarchical.NodeTestTask.execute(NodeTestTask.java:95)
	at java.base/java.util.ArrayList.forEach(ArrayList.java:1596)
	at org.junit.platform.engine.support.hierarchical.SameThreadHierarchicalTestExecutorService.invokeAll(SameThreadHierarchicalTestExecutorService.java:41)
	at org.junit.platform.engine.support.hierarchical.NodeTestTask.lambda$executeRecursively$6(NodeTestTask.java:155)
	at org.junit.platform.engine.support.hierarchical.ThrowableCollector.execute(ThrowableCollector.java:73)
	at org.junit.platform.engine.support.hierarchical.NodeTestTask.lambda$executeRecursively$8(NodeTestTask.java:141)
	at org.junit.platform.engine.support.hierarchical.Node.around(Node.java:137)
	at org.junit.platform.engine.support.hierarchical.NodeTestTask.lambda$executeRecursively$9(NodeTestTask.java:139)
	at org.junit.platform.engine.support.hierarchical.ThrowableCollector.execute(ThrowableCollector.java:73)
	at org.junit.platform.engine.support.hierarchical.NodeTestTask.executeRecursively(NodeTestTask.java:138)
	at org.junit.platform.engine.support.hierarchical.NodeTestTask.execute(NodeTestTask.java:95)
	at java.base/java.util.ArrayList.forEach(ArrayList.java:1596)
	at org.junit.platform.engine.support.hierarchical.SameThreadHierarchicalTestExecutorService.invokeAll(SameThreadHierarchicalTestExecutorService.java:41)
	at org.junit.platform.engine.support.hierarchical.NodeTestTask.lambda$executeRecursively$6(NodeTestTask.java:155)
	at org.junit.platform.engine.support.hierarchical.ThrowableCollector.execute(ThrowableCollector.java:73)
	at org.junit.platform.engine.support.hierarchical.NodeTestTask.lambda$executeRecursively$8(NodeTestTask.java:141)
	at org.junit.platform.engine.support.hierarchical.Node.around(Node.java:137)
	at org.junit.platform.engine.support.hierarchical.NodeTestTask.lambda$executeRecursively$9(NodeTestTask.java:139)
	at org.junit.platform.engine.support.hierarchical.ThrowableCollector.execute(ThrowableCollector.java:73)
	at org.junit.platform.engine.support.hierarchical.NodeTestTask.executeRecursively(NodeTestTask.java:138)
	at org.junit.platform.engine.support.hierarchical.NodeTestTask.execute(NodeTestTask.java:95)
	at org.junit.platform.engine.support.hierarchical.SameThreadHierarchicalTestExecutorService.submit(SameThreadHierarchicalTestExecutorService.java:35)
	at org.junit.platform.engine.support.hierarchical.HierarchicalTestExecutor.execute(HierarchicalTestExecutor.java:57)
	at org.junit.platform.engine.support.hierarchical.HierarchicalTestEngine.execute(HierarchicalTestEngine.java:54)
	at org.junit.platform.launcher.core.EngineExecutionOrchestrator.execute(EngineExecutionOrchestrator.java:198)
	at org.junit.platform.launcher.core.EngineExecutionOrchestrator.execute(EngineExecutionOrchestrator.java:169)
	at org.junit.platform.launcher.core.EngineExecutionOrchestrator.execute(EngineExecutionOrchestrator.java:93)
	at org.junit.platform.launcher.core.EngineExecutionOrchestrator.lambda$execute$0(EngineExecutionOrchestrator.java:58)
	at org.junit.platform.launcher.core.EngineExecutionOrchestrator.withInterceptedStreams(EngineExecutionOrchestrator.java:141)
	at org.junit.platform.launcher.core.EngineExecutionOrchestrator.execute(EngineExecutionOrchestrator.java:57)
	at org.junit.platform.launcher.core.DefaultLauncher.execute(DefaultLauncher.java:103)
	at org.junit.platform.launcher.core.DefaultLauncher.execute(DefaultLauncher.java:85)
	at org.junit.platform.launcher.core.DelegatingLauncher.execute(DelegatingLauncher.java:47)
	at org.junit.platform.launcher.core.SessionPerRequestLauncher.execute(SessionPerRequestLauncher.java:63)
	at com.intellij.junit5.JUnit5IdeaTestRunner.startRunnerWithArgs(JUnit5IdeaTestRunner.java:57)
	at com.intellij.rt.junit.IdeaTestRunner$Repeater$1.execute(IdeaTestRunner.java:38)
	at com.intellij.rt.execution.junit.TestsRepeater.repeat(TestsRepeater.java:11)
	at com.intellij.rt.junit.IdeaTestRunner$Repeater.startRunnerWithArgs(IdeaTestRunner.java:35)
	at com.intellij.rt.junit.JUnitStarter.prepareStreamsAndStart(JUnitStarter.java:232)
	at com.intellij.rt.junit.JUnitStarter.main(JUnitStarter.java:55)
2025-02-20 07:21:22 [main] INFO  l.insoft.uztis.tests.utils.TestUtils - Screenshot moved to C:\Users\ingrida.zadorozniene\Desktop\Asm\UZTIS\UZTIS_tests\test-output\screenshots\20250220\072122601_testFillNewDVPApplicationFA().png
2025-02-20 07:25:08 [main] INFO  lt.insoft.uztis.tests.UztisPageTest - Navigated to https://uztisdev.asseco.lt/home
2025-02-20 07:25:08 [main] INFO  l.i.u.t.SubmittedApplicationsPageTest - Starting test:'testFillNewDVPApplicationFA'
2025-02-20 07:25:09 [main] DEBUG l.i.u.t.SubmittedApplicationsPageTest - User logged in with test credentials.
2025-02-20 07:25:09 [main] DEBUG l.i.u.t.SubmittedApplicationsPageTest - Opened 'Application Processing' menu.
2025-02-20 07:25:09 [main] DEBUG l.i.u.t.SubmittedApplicationsPageTest - Clicked on 'Application Forms' menu.
2025-02-20 07:25:09 [main] DEBUG l.i.u.t.SubmittedApplicationsPageTest - Retrieved last description code text: 'TST-DVP-78'.
2025-02-20 07:25:09 [main] DEBUG l.i.u.t.SubmittedApplicationsPageTest - Clicked on 'Invitation' menu.
2025-02-20 07:25:10 [main] DEBUG l.i.u.t.SubmittedApplicationsPageTest - Selected application section by code: 'TST-DVP-78'.
2025-02-20 07:25:10 [main] DEBUG l.i.u.t.SubmittedApplicationsPageTest - Clicked 'Search' button.
2025-02-20 07:25:10 [main] DEBUG l.i.u.t.SubmittedApplicationsPageTest - Retrieved invitation code: ''.
2025-02-20 07:25:10 [main] DEBUG l.i.u.t.SubmittedApplicationsPageTest - Clicked on 'Submitted Applications' menu.
2025-02-20 07:25:11 [main] DEBUG l.i.u.t.SubmittedApplicationsPageTest - Selected invitation by code: 'TST-DVP-78'.
2025-02-20 07:25:11 [main] DEBUG l.i.u.t.SubmittedApplicationsPageTest - Invitation code inserted.
2025-02-20 07:25:11 [main] DEBUG l.i.u.t.SubmittedApplicationsPageTest - Clicked on 'Action Application' button.
2025-02-20 07:25:12 [main] DEBUG l.i.u.t.SubmittedApplicationsPageTest - Clicked on 'New Application' button.
2025-02-20 07:25:12 [main] DEBUG l.i.u.t.SubmittedApplicationsPageTest - Selected the 'RadioButtonFA' option.
2025-02-20 07:25:12 [main] DEBUG l.i.u.t.SubmittedApplicationsPageTest - Entered phone number: '61298745'.
2025-02-20 07:25:12 [main] DEBUG l.i.u.t.SubmittedApplicationsPageTest - Entered email: 'test@autotest.com'.
2025-02-20 07:25:23 [main] DEBUG l.i.u.t.SubmittedApplicationsPageTest - Checked 'For workplace adaptation' checkbox 1.
2025-02-20 07:25:33 [main] DEBUG l.i.u.t.SubmittedApplicationsPageTest - Checked 'For environmental adaptation' checkbox 2.
2025-02-20 07:25:33 [main] INFO  l.i.u.p.SubmittedApplicationsPage - Located the dropdown button.
2025-02-20 07:25:45 [main] INFO  l.i.u.p.SubmittedApplicationsPage - Found 1741 options in the dropdown.
2025-02-20 07:25:45 [main] INFO  l.i.u.p.SubmittedApplicationsPage - Successfully selected the value: '01.11 - Grūdinių (išskyrus ryžius), ankštinių ir aliejingų sėklų augalų auginimas'
2025-02-20 07:25:55 [main] ERROR l.i.u.p.SubmittedApplicationsPage - Failed to close the dropdown with aria-expanded = 'false'. Attempting manual close.
2025-02-20 07:25:55 [main] INFO  l.i.u.p.SubmittedApplicationsPage - Manual close attempt for the dropdown using body click.
2025-02-20 07:25:55 [main] DEBUG l.i.u.t.SubmittedApplicationsPageTest - Selected EVRK value: '01.11 - Grūdinių (išskyrus ryžius), ankštinių ir aliejingų sėklų augalų auginimas'.
2025-02-20 07:25:56 [main] DEBUG l.i.u.t.SubmittedApplicationsPageTest - Entered address: 'Vilniaus m. sav., Vilnius, Testo g. 10T'.
2025-02-20 07:25:56 [main] DEBUG l.i.u.t.SubmittedApplicationsPageTest - Selected 'For already working' option.
2025-02-20 07:25:56 [main] DEBUG l.i.u.t.SubmittedApplicationsPageTest - Entered person count1: '1'.
2025-02-20 07:25:56 [main] DEBUG l.i.u.t.SubmittedApplicationsPageTest - Selected 'For new working' option.
2025-02-20 07:25:56 [main] DEBUG l.i.u.t.SubmittedApplicationsPageTest - Entered person count2: '1'.
2025-02-20 07:25:56 [main] DEBUG l.i.u.t.SubmittedApplicationsPageTest - Clicked 'Next' button after checkboxes.
2025-02-20 07:25:56 [main] INFO  l.i.u.p.SubmittedApplicationsPage - Located the dropdown button.
2025-02-20 07:25:57 [main] INFO  l.i.u.p.SubmittedApplicationsPage - Successfully selected the value: 'Administratoriai'
2025-02-20 07:26:28 [main] ERROR l.i.u.p.SubmittedApplicationsPage - Timeout while waiting for dropdown to close with aria-expanded = 'false'.
2025-02-20 07:26:28 [main] DEBUG l.i.u.t.SubmittedApplicationsPageTest - Selected adaptable job name: 'Administratoriai'.
2025-02-20 07:26:28 [main] DEBUG l.i.u.t.SubmittedApplicationsPageTest - Entered job date.
2025-02-20 07:26:28 [main] DEBUG l.i.u.t.SubmittedApplicationsPageTest - Entered job function: 'Funkcija 1'.
2025-02-20 07:26:28 [main] DEBUG l.i.u.t.SubmittedApplicationsPageTest - Selected 'ForAlreadyWorking' 'no' option.
2025-02-20 07:26:28 [main] INFO  l.i.u.p.SubmittedApplicationsPage - Clicking on the dropdown button.
2025-02-20 07:26:29 [main] INFO  l.i.u.p.SubmittedApplicationsPage - Found 6 options in the dropdown.
2025-02-20 07:26:29 [main] DEBUG l.i.u.p.SubmittedApplicationsPage - Checking option: 'Lengvo neįgalumo lygis ar 45-55 procentų dalyvumo lygis (iki 2023 m. gruodžio 31 d. – 45-55 procentų darbingumo lygis)'
2025-02-20 07:26:29 [main] DEBUG l.i.u.p.SubmittedApplicationsPage - Checking option: 'Lengvo neįgalumo lygis ar 45-55 procentų dalyvumo lygis (iki 2023 m. gruodžio 31 d. – 45-55 procentų darbingumo lygis)'
2025-02-20 07:26:29 [main] DEBUG l.i.u.p.SubmittedApplicationsPage - Checking option: 'Sunkaus neįgalumo lygis ar neviršijantis 25 procentų dalyvumo lygis (iki 2023 metų gruodžio 31 dienos – iki 25 procentų darbingumo lygis)'
2025-02-20 07:26:29 [main] INFO  l.i.u.p.SubmittedApplicationsPage - Successfully selected the value: 'Sunkaus neįgalumo lygis ar neviršijantis 25 procentų dalyvumo lygis (iki 2023 metų gruodžio 31 dienos – iki 25 procentų darbingumo lygis)'
2025-02-20 07:26:29 [main] INFO  l.i.u.p.SubmittedApplicationsPage - Attempting to close the dropdown.
2025-02-20 07:26:39 [main] INFO  l.i.u.p.SubmittedApplicationsPage - Dropdown should be closed now.
2025-02-20 07:26:39 [main] DEBUG l.i.u.t.SubmittedApplicationsPageTest - Selected disabilities type: 'Sunkaus neįgalumo lygis ar neviršijantis 25 procentų dalyvumo lygis (iki 2023 metų gruodžio 31 dienos – iki 25 procentų darbingumo lygis)'.
2025-02-20 07:26:40 [main] DEBUG l.i.u.t.SubmittedApplicationsPageTest - Entered disability information: 'Negalia 1'.
2025-02-20 07:26:40 [main] DEBUG l.i.u.t.SubmittedApplicationsPageTest - Entered qualification: 'Kvalifikacija 1'.
2025-02-20 07:26:40 [main] DEBUG l.i.u.t.SubmittedApplicationsPageTest - Entered job description: 'Darbo vietos aprašymas 1'.
2025-02-20 07:26:40 [main] DEBUG l.i.u.t.SubmittedApplicationsPageTest - Entered equipment description: 'Priemonių įsigyjimas 1'.
2025-02-20 07:26:40 [main] DEBUG l.i.u.t.SubmittedApplicationsPageTest - Entered work information: 'Darbai 1'.
2025-02-20 07:26:40 [main] INFO  l.i.u.p.SubmittedApplicationsPage - Located the dropdown button.
2025-02-20 07:26:41 [main] INFO  l.i.u.p.SubmittedApplicationsPage - Successfully selected the value: 'Kita'
2025-02-20 07:26:51 [main] ERROR l.i.u.p.SubmittedApplicationsPage - Timeout while waiting for dropdown to close with aria-expanded = 'false'.
2025-02-20 07:26:51 [main] DEBUG l.i.u.t.SubmittedApplicationsPageTest - Selected time mode: 'Kita'.
2025-02-20 07:26:51 [main] DEBUG l.i.u.t.SubmittedApplicationsPageTest - Selected time mode other: '6 val. per dieną ir 4 d. per savaitę'.
2025-02-20 07:26:51 [main] DEBUG l.i.u.t.SubmittedApplicationsPageTest - Entered salary amount: '1200'.
2025-02-20 07:26:51 [main] DEBUG l.i.u.t.SubmittedApplicationsPageTest - Selected 'Temporary Job' radio button.
2025-02-20 07:26:51 [main] DEBUG l.i.u.t.SubmittedApplicationsPageTest - Selected 'Season Job' radio button.
2025-02-20 07:26:52 [main] DEBUG l.i.u.t.SubmittedApplicationsPageTest - Selected 'PVM' radio button.
2025-02-20 07:26:52 [main] INFO  l.i.u.p.SubmittedApplicationsPage - Located the dropdown button.
2025-02-20 07:26:52 [main] INFO  l.i.u.p.SubmittedApplicationsPage - Successfully selected the value: 'Darbo vietos pritaikymui'
2025-02-20 07:27:23 [main] ERROR l.i.u.p.SubmittedApplicationsPage - Timeout while waiting for dropdown to close with aria-expanded = 'false'.
2025-02-20 07:27:23 [main] DEBUG l.i.u.t.SubmittedApplicationsPageTest - Selected adaptable job name: 'Darbo vietos pritaikymui'.
2025-02-20 07:27:23 [main] DEBUG l.i.u.t.SubmittedApplicationsPageTest - Selected tool: 'Darbo priemonė 1'.
2025-02-20 07:27:23 [main] DEBUG l.i.u.t.SubmittedApplicationsPageTest - Entered tool count: '1'.
2025-02-20 07:27:23 [main] DEBUG l.i.u.t.SubmittedApplicationsPageTest - Entered price amount: '1000'.
2025-02-20 07:27:23 [main] DEBUG l.i.u.t.SubmittedApplicationsPageTest - Entered own funds amount: '800'.
2025-02-20 07:27:23 [main] DEBUG l.i.u.t.SubmittedApplicationsPageTest - Selected 'De Minimis' radio button.
2025-02-20 07:27:24 [main] DEBUG l.i.u.t.SubmittedApplicationsPageTest - Entered program name: 'Programa 1'.
2025-02-20 07:27:24 [main] DEBUG l.i.u.t.SubmittedApplicationsPageTest - Entered project date from.
2025-02-20 07:27:24 [main] DEBUG l.i.u.t.SubmittedApplicationsPageTest - Entered project date until.
2025-02-20 07:27:24 [main] DEBUG l.i.u.t.SubmittedApplicationsPageTest - Entered support amount: '2000'.
2025-02-20 07:27:24 [main] INFO  l.i.u.p.SubmittedApplicationsPage - Located the dropdown button.
2025-02-20 07:29:04 [main] ERROR l.i.u.t.SubmittedApplicationsPageTest - Test 'testFillNewDVPApplicationFA' failed with error: Expected condition failed: waiting for element to be clickable: [[ChromeDriver: chrome on windows (f27b5190e7d479e0c565a810a8bcf3bd)] -> xpath: //mat-label[contains(text(), 'Reikalinga')]] (tried for 100 second(s) with 500 milliseconds interval)
Build info: version: '4.27.0', revision: 'd6e718d134'
System info: os.name: 'Windows 11', os.arch: 'amd64', os.version: '10.0', java.version: '21.0.3'
Driver info: org.openqa.selenium.chrome.ChromeDriver
Capabilities {acceptInsecureCerts: false, browserName: chrome, browserVersion: 133.0.6943.99, chrome: {chromedriverVersion: 133.0.6943.126 (cffa127ce7b..., userDataDir: C:\Users\INGRID~1.ZAD\AppDa...}, fedcm:accounts: true, goog:chromeOptions: {debuggerAddress: localhost:55973}, networkConnectionEnabled: false, pageLoadStrategy: normal, platformName: windows, proxy: Proxy(), se:cdp: ws://localhost:55973/devtoo..., se:cdpVersion: 133.0.6943.99, setWindowRect: true, strictFileInteractability: false, timeouts: {implicit: 0, pageLoad: 300000, script: 30000}, unhandledPromptBehavior: dismiss and notify, webauthn:extension:credBlob: true, webauthn:extension:largeBlob: true, webauthn:extension:minPinLength: true, webauthn:extension:prf: true, webauthn:virtualAuthenticators: true}
Session ID: f27b5190e7d479e0c565a810a8bcf3bd
org.openqa.selenium.TimeoutException: Expected condition failed: waiting for element to be clickable: [[ChromeDriver: chrome on windows (f27b5190e7d479e0c565a810a8bcf3bd)] -> xpath: //mat-label[contains(text(), 'Reikalinga')]] (tried for 100 second(s) with 500 milliseconds interval)
Build info: version: '4.27.0', revision: 'd6e718d134'
System info: os.name: 'Windows 11', os.arch: 'amd64', os.version: '10.0', java.version: '21.0.3'
Driver info: org.openqa.selenium.chrome.ChromeDriver
Capabilities {acceptInsecureCerts: false, browserName: chrome, browserVersion: 133.0.6943.99, chrome: {chromedriverVersion: 133.0.6943.126 (cffa127ce7b..., userDataDir: C:\Users\INGRID~1.ZAD\AppDa...}, fedcm:accounts: true, goog:chromeOptions: {debuggerAddress: localhost:55973}, networkConnectionEnabled: false, pageLoadStrategy: normal, platformName: windows, proxy: Proxy(), se:cdp: ws://localhost:55973/devtoo..., se:cdpVersion: 133.0.6943.99, setWindowRect: true, strictFileInteractability: false, timeouts: {implicit: 0, pageLoad: 300000, script: 30000}, unhandledPromptBehavior: dismiss and notify, webauthn:extension:credBlob: true, webauthn:extension:largeBlob: true, webauthn:extension:minPinLength: true, webauthn:extension:prf: true, webauthn:virtualAuthenticators: true}
Session ID: f27b5190e7d479e0c565a810a8bcf3bd
	at org.openqa.selenium.support.ui.WebDriverWait.timeoutException(WebDriverWait.java:84)
	at org.openqa.selenium.support.ui.FluentWait.until(FluentWait.java:228)
	at lt.insoft.uztis.pages.SubmittedApplicationsPage.selectDropdownNecessaryForJobOneDVP(SubmittedApplicationsPage.java:1179)
	at lt.insoft.uztis.tests.SubmittedApplicationsPageTest.testFillNewDVPApplicationFA(SubmittedApplicationsPageTest.java:689)
	at java.base/jdk.internal.reflect.DirectMethodHandleAccessor.invoke(DirectMethodHandleAccessor.java:103)
	at java.base/java.lang.reflect.Method.invoke(Method.java:580)
	at org.junit.platform.commons.util.ReflectionUtils.invokeMethod(ReflectionUtils.java:728)
	at org.junit.jupiter.engine.execution.MethodInvocation.proceed(MethodInvocation.java:60)
	at org.junit.jupiter.engine.execution.InvocationInterceptorChain$ValidatingInvocation.proceed(InvocationInterceptorChain.java:131)
	at org.junit.jupiter.engine.extension.TimeoutExtension.intercept(TimeoutExtension.java:156)
	at org.junit.jupiter.engine.extension.TimeoutExtension.interceptTestableMethod(TimeoutExtension.java:147)
	at org.junit.jupiter.engine.extension.TimeoutExtension.interceptTestMethod(TimeoutExtension.java:86)
	at org.junit.jupiter.engine.execution.InterceptingExecutableInvoker$ReflectiveInterceptorCall.lambda$ofVoidMethod$0(InterceptingExecutableInvoker.java:103)
	at org.junit.jupiter.engine.execution.InterceptingExecutableInvoker.lambda$invoke$0(InterceptingExecutableInvoker.java:93)
	at org.junit.jupiter.engine.execution.InvocationInterceptorChain$InterceptedInvocation.proceed(InvocationInterceptorChain.java:106)
	at org.junit.jupiter.engine.execution.InvocationInterceptorChain.proceed(InvocationInterceptorChain.java:64)
	at org.junit.jupiter.engine.execution.InvocationInterceptorChain.chainAndInvoke(InvocationInterceptorChain.java:45)
	at org.junit.jupiter.engine.execution.InvocationInterceptorChain.invoke(InvocationInterceptorChain.java:37)
	at org.junit.jupiter.engine.execution.InterceptingExecutableInvoker.invoke(InterceptingExecutableInvoker.java:92)
	at org.junit.jupiter.engine.execution.InterceptingExecutableInvoker.invoke(InterceptingExecutableInvoker.java:86)
	at org.junit.jupiter.engine.descriptor.TestMethodTestDescriptor.lambda$invokeTestMethod$7(TestMethodTestDescriptor.java:218)
	at org.junit.platform.engine.support.hierarchical.ThrowableCollector.execute(ThrowableCollector.java:73)
	at org.junit.jupiter.engine.descriptor.TestMethodTestDescriptor.invokeTestMethod(TestMethodTestDescriptor.java:214)
	at org.junit.jupiter.engine.descriptor.TestMethodTestDescriptor.execute(TestMethodTestDescriptor.java:139)
	at org.junit.jupiter.engine.descriptor.TestMethodTestDescriptor.execute(TestMethodTestDescriptor.java:69)
	at org.junit.platform.engine.support.hierarchical.NodeTestTask.lambda$executeRecursively$6(NodeTestTask.java:151)
	at org.junit.platform.engine.support.hierarchical.ThrowableCollector.execute(ThrowableCollector.java:73)
	at org.junit.platform.engine.support.hierarchical.NodeTestTask.lambda$executeRecursively$8(NodeTestTask.java:141)
	at org.junit.platform.engine.support.hierarchical.Node.around(Node.java:137)
	at org.junit.platform.engine.support.hierarchical.NodeTestTask.lambda$executeRecursively$9(NodeTestTask.java:139)
	at org.junit.platform.engine.support.hierarchical.ThrowableCollector.execute(ThrowableCollector.java:73)
	at org.junit.platform.engine.support.hierarchical.NodeTestTask.executeRecursively(NodeTestTask.java:138)
	at org.junit.platform.engine.support.hierarchical.NodeTestTask.execute(NodeTestTask.java:95)
	at java.base/java.util.ArrayList.forEach(ArrayList.java:1596)
	at org.junit.platform.engine.support.hierarchical.SameThreadHierarchicalTestExecutorService.invokeAll(SameThreadHierarchicalTestExecutorService.java:41)
	at org.junit.platform.engine.support.hierarchical.NodeTestTask.lambda$executeRecursively$6(NodeTestTask.java:155)
	at org.junit.platform.engine.support.hierarchical.ThrowableCollector.execute(ThrowableCollector.java:73)
	at org.junit.platform.engine.support.hierarchical.NodeTestTask.lambda$executeRecursively$8(NodeTestTask.java:141)
	at org.junit.platform.engine.support.hierarchical.Node.around(Node.java:137)
	at org.junit.platform.engine.support.hierarchical.NodeTestTask.lambda$executeRecursively$9(NodeTestTask.java:139)
	at org.junit.platform.engine.support.hierarchical.ThrowableCollector.execute(ThrowableCollector.java:73)
	at org.junit.platform.engine.support.hierarchical.NodeTestTask.executeRecursively(NodeTestTask.java:138)
	at org.junit.platform.engine.support.hierarchical.NodeTestTask.execute(NodeTestTask.java:95)
	at java.base/java.util.ArrayList.forEach(ArrayList.java:1596)
	at org.junit.platform.engine.support.hierarchical.SameThreadHierarchicalTestExecutorService.invokeAll(SameThreadHierarchicalTestExecutorService.java:41)
	at org.junit.platform.engine.support.hierarchical.NodeTestTask.lambda$executeRecursively$6(NodeTestTask.java:155)
	at org.junit.platform.engine.support.hierarchical.ThrowableCollector.execute(ThrowableCollector.java:73)
	at org.junit.platform.engine.support.hierarchical.NodeTestTask.lambda$executeRecursively$8(NodeTestTask.java:141)
	at org.junit.platform.engine.support.hierarchical.Node.around(Node.java:137)
	at org.junit.platform.engine.support.hierarchical.NodeTestTask.lambda$executeRecursively$9(NodeTestTask.java:139)
	at org.junit.platform.engine.support.hierarchical.ThrowableCollector.execute(ThrowableCollector.java:73)
	at org.junit.platform.engine.support.hierarchical.NodeTestTask.executeRecursively(NodeTestTask.java:138)
	at org.junit.platform.engine.support.hierarchical.NodeTestTask.execute(NodeTestTask.java:95)
	at org.junit.platform.engine.support.hierarchical.SameThreadHierarchicalTestExecutorService.submit(SameThreadHierarchicalTestExecutorService.java:35)
	at org.junit.platform.engine.support.hierarchical.HierarchicalTestExecutor.execute(HierarchicalTestExecutor.java:57)
	at org.junit.platform.engine.support.hierarchical.HierarchicalTestEngine.execute(HierarchicalTestEngine.java:54)
	at org.junit.platform.launcher.core.EngineExecutionOrchestrator.execute(EngineExecutionOrchestrator.java:198)
	at org.junit.platform.launcher.core.EngineExecutionOrchestrator.execute(EngineExecutionOrchestrator.java:169)
	at org.junit.platform.launcher.core.EngineExecutionOrchestrator.execute(EngineExecutionOrchestrator.java:93)
	at org.junit.platform.launcher.core.EngineExecutionOrchestrator.lambda$execute$0(EngineExecutionOrchestrator.java:58)
	at org.junit.platform.launcher.core.EngineExecutionOrchestrator.withInterceptedStreams(EngineExecutionOrchestrator.java:141)
	at org.junit.platform.launcher.core.EngineExecutionOrchestrator.execute(EngineExecutionOrchestrator.java:57)
	at org.junit.platform.launcher.core.DefaultLauncher.execute(DefaultLauncher.java:103)
	at org.junit.platform.launcher.core.DefaultLauncher.execute(DefaultLauncher.java:85)
	at org.junit.platform.launcher.core.DelegatingLauncher.execute(DelegatingLauncher.java:47)
	at org.junit.platform.launcher.core.SessionPerRequestLauncher.execute(SessionPerRequestLauncher.java:63)
	at com.intellij.junit5.JUnit5IdeaTestRunner.startRunnerWithArgs(JUnit5IdeaTestRunner.java:57)
	at com.intellij.rt.junit.IdeaTestRunner$Repeater$1.execute(IdeaTestRunner.java:38)
	at com.intellij.rt.execution.junit.TestsRepeater.repeat(TestsRepeater.java:11)
	at com.intellij.rt.junit.IdeaTestRunner$Repeater.startRunnerWithArgs(IdeaTestRunner.java:35)
	at com.intellij.rt.junit.JUnitStarter.prepareStreamsAndStart(JUnitStarter.java:232)
	at com.intellij.rt.junit.JUnitStarter.main(JUnitStarter.java:55)
2025-02-20 07:29:04 [main] INFO  l.insoft.uztis.tests.utils.TestUtils - Screenshot moved to C:\Users\ingrida.zadorozniene\Desktop\Asm\UZTIS\UZTIS_tests\test-output\screenshots\20250220\072904987_testFillNewDVPApplicationFA().png
2025-02-20 07:32:33 [main] INFO  lt.insoft.uztis.tests.UztisPageTest - Navigated to https://uztisdev.asseco.lt/home
2025-02-20 07:32:33 [main] INFO  l.i.u.t.SubmittedApplicationsPageTest - Starting test:'testFillNewDVPApplicationFA'
2025-02-20 07:32:33 [main] DEBUG l.i.u.t.SubmittedApplicationsPageTest - User logged in with test credentials.
2025-02-20 07:32:34 [main] DEBUG l.i.u.t.SubmittedApplicationsPageTest - Opened 'Application Processing' menu.
2025-02-20 07:32:34 [main] DEBUG l.i.u.t.SubmittedApplicationsPageTest - Clicked on 'Application Forms' menu.
2025-02-20 07:32:34 [main] DEBUG l.i.u.t.SubmittedApplicationsPageTest - Retrieved last description code text: 'TST-DVP-78'.
2025-02-20 07:32:34 [main] DEBUG l.i.u.t.SubmittedApplicationsPageTest - Clicked on 'Invitation' menu.
2025-02-20 07:32:35 [main] DEBUG l.i.u.t.SubmittedApplicationsPageTest - Selected application section by code: 'TST-DVP-78'.
2025-02-20 07:32:35 [main] DEBUG l.i.u.t.SubmittedApplicationsPageTest - Clicked 'Search' button.
2025-02-20 07:32:35 [main] DEBUG l.i.u.t.SubmittedApplicationsPageTest - Retrieved invitation code: ''.
2025-02-20 07:32:35 [main] DEBUG l.i.u.t.SubmittedApplicationsPageTest - Clicked on 'Submitted Applications' menu.
2025-02-20 07:32:36 [main] DEBUG l.i.u.t.SubmittedApplicationsPageTest - Selected invitation by code: 'TST-DVP-78'.
2025-02-20 07:32:36 [main] DEBUG l.i.u.t.SubmittedApplicationsPageTest - Invitation code inserted.
2025-02-20 07:32:36 [main] DEBUG l.i.u.t.SubmittedApplicationsPageTest - Clicked on 'Action Application' button.
2025-02-20 07:32:36 [main] DEBUG l.i.u.t.SubmittedApplicationsPageTest - Clicked on 'New Application' button.
2025-02-20 07:32:37 [main] DEBUG l.i.u.t.SubmittedApplicationsPageTest - Selected the 'RadioButtonFA' option.
2025-02-20 07:32:37 [main] DEBUG l.i.u.t.SubmittedApplicationsPageTest - Entered phone number: '61298745'.
2025-02-20 07:32:37 [main] DEBUG l.i.u.t.SubmittedApplicationsPageTest - Entered email: 'test@autotest.com'.
2025-02-20 07:32:47 [main] DEBUG l.i.u.t.SubmittedApplicationsPageTest - Checked 'For workplace adaptation' checkbox 1.
2025-02-20 07:32:57 [main] DEBUG l.i.u.t.SubmittedApplicationsPageTest - Checked 'For environmental adaptation' checkbox 2.
2025-02-20 07:32:57 [main] INFO  l.i.u.p.SubmittedApplicationsPage - Located the dropdown button.
2025-02-20 07:33:11 [main] INFO  l.i.u.p.SubmittedApplicationsPage - Found 1741 options in the dropdown.
2025-02-20 07:33:11 [main] INFO  l.i.u.p.SubmittedApplicationsPage - Successfully selected the value: '01.11 - Grūdinių (išskyrus ryžius), ankštinių ir aliejingų sėklų augalų auginimas'
2025-02-20 07:33:21 [main] ERROR l.i.u.p.SubmittedApplicationsPage - Failed to close the dropdown with aria-expanded = 'false'. Attempting manual close.
2025-02-20 07:33:21 [main] INFO  l.i.u.p.SubmittedApplicationsPage - Manual close attempt for the dropdown using body click.
2025-02-20 07:33:21 [main] DEBUG l.i.u.t.SubmittedApplicationsPageTest - Selected EVRK value: '01.11 - Grūdinių (išskyrus ryžius), ankštinių ir aliejingų sėklų augalų auginimas'.
2025-02-20 07:33:22 [main] DEBUG l.i.u.t.SubmittedApplicationsPageTest - Entered address: 'Vilniaus m. sav., Vilnius, Testo g. 10T'.
2025-02-20 07:33:22 [main] DEBUG l.i.u.t.SubmittedApplicationsPageTest - Selected 'For already working' option.
2025-02-20 07:33:22 [main] DEBUG l.i.u.t.SubmittedApplicationsPageTest - Entered person count1: '1'.
2025-02-20 07:33:22 [main] DEBUG l.i.u.t.SubmittedApplicationsPageTest - Selected 'For new working' option.
2025-02-20 07:33:22 [main] DEBUG l.i.u.t.SubmittedApplicationsPageTest - Entered person count2: '1'.
2025-02-20 07:33:22 [main] DEBUG l.i.u.t.SubmittedApplicationsPageTest - Clicked 'Next' button after checkboxes.
2025-02-20 07:33:22 [main] INFO  l.i.u.p.SubmittedApplicationsPage - Located the dropdown button.
2025-02-20 07:33:24 [main] INFO  l.i.u.p.SubmittedApplicationsPage - Successfully selected the value: 'Administratoriai'
2025-02-20 07:33:54 [main] ERROR l.i.u.p.SubmittedApplicationsPage - Timeout while waiting for dropdown to close with aria-expanded = 'false'.
2025-02-20 07:33:54 [main] DEBUG l.i.u.t.SubmittedApplicationsPageTest - Selected adaptable job name: 'Administratoriai'.
2025-02-20 07:33:54 [main] DEBUG l.i.u.t.SubmittedApplicationsPageTest - Entered job date.
2025-02-20 07:33:54 [main] DEBUG l.i.u.t.SubmittedApplicationsPageTest - Entered job function: 'Funkcija 1'.
2025-02-20 07:33:54 [main] DEBUG l.i.u.t.SubmittedApplicationsPageTest - Selected 'ForAlreadyWorking' 'no' option.
2025-02-20 07:33:54 [main] INFO  l.i.u.p.SubmittedApplicationsPage - Clicking on the dropdown button.
2025-02-20 07:33:54 [main] INFO  l.i.u.p.SubmittedApplicationsPage - Found 6 options in the dropdown.
2025-02-20 07:33:55 [main] DEBUG l.i.u.p.SubmittedApplicationsPage - Checking option: 'Lengvo neįgalumo lygis ar 45-55 procentų dalyvumo lygis (iki 2023 m. gruodžio 31 d. – 45-55 procentų darbingumo lygis)'
2025-02-20 07:33:55 [main] DEBUG l.i.u.p.SubmittedApplicationsPage - Checking option: 'Lengvo neįgalumo lygis ar 45-55 procentų dalyvumo lygis (iki 2023 m. gruodžio 31 d. – 45-55 procentų darbingumo lygis)'
2025-02-20 07:33:55 [main] DEBUG l.i.u.p.SubmittedApplicationsPage - Checking option: 'Sunkaus neįgalumo lygis ar neviršijantis 25 procentų dalyvumo lygis (iki 2023 metų gruodžio 31 dienos – iki 25 procentų darbingumo lygis)'
2025-02-20 07:33:55 [main] INFO  l.i.u.p.SubmittedApplicationsPage - Successfully selected the value: 'Sunkaus neįgalumo lygis ar neviršijantis 25 procentų dalyvumo lygis (iki 2023 metų gruodžio 31 dienos – iki 25 procentų darbingumo lygis)'
2025-02-20 07:33:55 [main] INFO  l.i.u.p.SubmittedApplicationsPage - Attempting to close the dropdown.
2025-02-20 07:34:05 [main] INFO  l.i.u.p.SubmittedApplicationsPage - Dropdown should be closed now.
2025-02-20 07:34:05 [main] DEBUG l.i.u.t.SubmittedApplicationsPageTest - Selected disabilities type: 'Sunkaus neįgalumo lygis ar neviršijantis 25 procentų dalyvumo lygis (iki 2023 metų gruodžio 31 dienos – iki 25 procentų darbingumo lygis)'.
2025-02-20 07:34:05 [main] DEBUG l.i.u.t.SubmittedApplicationsPageTest - Entered disability information: 'Negalia 1'.
2025-02-20 07:34:06 [main] DEBUG l.i.u.t.SubmittedApplicationsPageTest - Entered qualification: 'Kvalifikacija 1'.
2025-02-20 07:34:06 [main] DEBUG l.i.u.t.SubmittedApplicationsPageTest - Entered job description: 'Darbo vietos aprašymas 1'.
2025-02-20 07:34:06 [main] DEBUG l.i.u.t.SubmittedApplicationsPageTest - Entered equipment description: 'Priemonių įsigyjimas 1'.
2025-02-20 07:34:06 [main] DEBUG l.i.u.t.SubmittedApplicationsPageTest - Entered work information: 'Darbai 1'.
2025-02-20 07:34:06 [main] INFO  l.i.u.p.SubmittedApplicationsPage - Located the dropdown button.
2025-02-20 07:34:06 [main] INFO  l.i.u.p.SubmittedApplicationsPage - Successfully selected the value: 'Kita'
2025-02-20 07:34:17 [main] ERROR l.i.u.p.SubmittedApplicationsPage - Timeout while waiting for dropdown to close with aria-expanded = 'false'.
2025-02-20 07:34:17 [main] DEBUG l.i.u.t.SubmittedApplicationsPageTest - Selected time mode: 'Kita'.
2025-02-20 07:34:17 [main] DEBUG l.i.u.t.SubmittedApplicationsPageTest - Selected time mode other: '6 val. per dieną ir 4 d. per savaitę'.
2025-02-20 07:34:17 [main] DEBUG l.i.u.t.SubmittedApplicationsPageTest - Entered salary amount: '1200'.
2025-02-20 07:34:17 [main] DEBUG l.i.u.t.SubmittedApplicationsPageTest - Selected 'Temporary Job' radio button.
2025-02-20 07:34:17 [main] DEBUG l.i.u.t.SubmittedApplicationsPageTest - Selected 'Season Job' radio button.
2025-02-20 07:34:18 [main] DEBUG l.i.u.t.SubmittedApplicationsPageTest - Selected 'PVM' radio button.
2025-02-20 07:34:18 [main] INFO  l.i.u.p.SubmittedApplicationsPage - Located the dropdown button.
2025-02-20 07:34:18 [main] INFO  l.i.u.p.SubmittedApplicationsPage - Successfully selected the value: 'Darbo vietos pritaikymui'
2025-02-20 07:34:48 [main] ERROR l.i.u.p.SubmittedApplicationsPage - Timeout while waiting for dropdown to close with aria-expanded = 'false'.
2025-02-20 07:34:48 [main] DEBUG l.i.u.t.SubmittedApplicationsPageTest - Selected adaptable job name: 'Darbo vietos pritaikymui'.
2025-02-20 07:34:48 [main] DEBUG l.i.u.t.SubmittedApplicationsPageTest - Selected tool: 'Darbo priemonė 1'.
2025-02-20 07:34:49 [main] DEBUG l.i.u.t.SubmittedApplicationsPageTest - Entered tool count: '1'.
2025-02-20 07:34:49 [main] DEBUG l.i.u.t.SubmittedApplicationsPageTest - Entered price amount: '1000'.
2025-02-20 07:34:49 [main] DEBUG l.i.u.t.SubmittedApplicationsPageTest - Entered own funds amount: '800'.
2025-02-20 07:34:49 [main] INFO  l.i.u.p.SubmittedApplicationsPage - Located the dropdown button.
2025-02-20 07:36:29 [main] ERROR l.i.u.t.SubmittedApplicationsPageTest - Test 'testFillNewDVPApplicationFA' failed with error: Expected condition failed: waiting for element to be clickable: [[ChromeDriver: chrome on windows (943cf8ae70f43ffd4f8b6a5890ab3b25)] -> xpath: //mat-label[contains(text(), 'Reikalinga')]] (tried for 100 second(s) with 500 milliseconds interval)
Build info: version: '4.27.0', revision: 'd6e718d134'
System info: os.name: 'Windows 11', os.arch: 'amd64', os.version: '10.0', java.version: '21.0.3'
Driver info: org.openqa.selenium.chrome.ChromeDriver
Capabilities {acceptInsecureCerts: false, browserName: chrome, browserVersion: 133.0.6943.99, chrome: {chromedriverVersion: 133.0.6943.126 (cffa127ce7b..., userDataDir: C:\Users\INGRID~1.ZAD\AppDa...}, fedcm:accounts: true, goog:chromeOptions: {debuggerAddress: localhost:56223}, networkConnectionEnabled: false, pageLoadStrategy: normal, platformName: windows, proxy: Proxy(), se:cdp: ws://localhost:56223/devtoo..., se:cdpVersion: 133.0.6943.99, setWindowRect: true, strictFileInteractability: false, timeouts: {implicit: 0, pageLoad: 300000, script: 30000}, unhandledPromptBehavior: dismiss and notify, webauthn:extension:credBlob: true, webauthn:extension:largeBlob: true, webauthn:extension:minPinLength: true, webauthn:extension:prf: true, webauthn:virtualAuthenticators: true}
Session ID: 943cf8ae70f43ffd4f8b6a5890ab3b25
org.openqa.selenium.TimeoutException: Expected condition failed: waiting for element to be clickable: [[ChromeDriver: chrome on windows (943cf8ae70f43ffd4f8b6a5890ab3b25)] -> xpath: //mat-label[contains(text(), 'Reikalinga')]] (tried for 100 second(s) with 500 milliseconds interval)
Build info: version: '4.27.0', revision: 'd6e718d134'
System info: os.name: 'Windows 11', os.arch: 'amd64', os.version: '10.0', java.version: '21.0.3'
Driver info: org.openqa.selenium.chrome.ChromeDriver
Capabilities {acceptInsecureCerts: false, browserName: chrome, browserVersion: 133.0.6943.99, chrome: {chromedriverVersion: 133.0.6943.126 (cffa127ce7b..., userDataDir: C:\Users\INGRID~1.ZAD\AppDa...}, fedcm:accounts: true, goog:chromeOptions: {debuggerAddress: localhost:56223}, networkConnectionEnabled: false, pageLoadStrategy: normal, platformName: windows, proxy: Proxy(), se:cdp: ws://localhost:56223/devtoo..., se:cdpVersion: 133.0.6943.99, setWindowRect: true, strictFileInteractability: false, timeouts: {implicit: 0, pageLoad: 300000, script: 30000}, unhandledPromptBehavior: dismiss and notify, webauthn:extension:credBlob: true, webauthn:extension:largeBlob: true, webauthn:extension:minPinLength: true, webauthn:extension:prf: true, webauthn:virtualAuthenticators: true}
Session ID: 943cf8ae70f43ffd4f8b6a5890ab3b25
	at org.openqa.selenium.support.ui.WebDriverWait.timeoutException(WebDriverWait.java:84)
	at org.openqa.selenium.support.ui.FluentWait.until(FluentWait.java:228)
	at lt.insoft.uztis.pages.SubmittedApplicationsPage.selectDropdownNecessaryForJobOneDVP(SubmittedApplicationsPage.java:1179)
	at lt.insoft.uztis.tests.SubmittedApplicationsPageTest.testFillNewDVPApplicationFA(SubmittedApplicationsPageTest.java:672)
	at java.base/jdk.internal.reflect.DirectMethodHandleAccessor.invoke(DirectMethodHandleAccessor.java:103)
	at java.base/java.lang.reflect.Method.invoke(Method.java:580)
	at org.junit.platform.commons.util.ReflectionUtils.invokeMethod(ReflectionUtils.java:728)
	at org.junit.jupiter.engine.execution.MethodInvocation.proceed(MethodInvocation.java:60)
	at org.junit.jupiter.engine.execution.InvocationInterceptorChain$ValidatingInvocation.proceed(InvocationInterceptorChain.java:131)
	at org.junit.jupiter.engine.extension.TimeoutExtension.intercept(TimeoutExtension.java:156)
	at org.junit.jupiter.engine.extension.TimeoutExtension.interceptTestableMethod(TimeoutExtension.java:147)
	at org.junit.jupiter.engine.extension.TimeoutExtension.interceptTestMethod(TimeoutExtension.java:86)
	at org.junit.jupiter.engine.execution.InterceptingExecutableInvoker$ReflectiveInterceptorCall.lambda$ofVoidMethod$0(InterceptingExecutableInvoker.java:103)
	at org.junit.jupiter.engine.execution.InterceptingExecutableInvoker.lambda$invoke$0(InterceptingExecutableInvoker.java:93)
	at org.junit.jupiter.engine.execution.InvocationInterceptorChain$InterceptedInvocation.proceed(InvocationInterceptorChain.java:106)
	at org.junit.jupiter.engine.execution.InvocationInterceptorChain.proceed(InvocationInterceptorChain.java:64)
	at org.junit.jupiter.engine.execution.InvocationInterceptorChain.chainAndInvoke(InvocationInterceptorChain.java:45)
	at org.junit.jupiter.engine.execution.InvocationInterceptorChain.invoke(InvocationInterceptorChain.java:37)
	at org.junit.jupiter.engine.execution.InterceptingExecutableInvoker.invoke(InterceptingExecutableInvoker.java:92)
	at org.junit.jupiter.engine.execution.InterceptingExecutableInvoker.invoke(InterceptingExecutableInvoker.java:86)
	at org.junit.jupiter.engine.descriptor.TestMethodTestDescriptor.lambda$invokeTestMethod$7(TestMethodTestDescriptor.java:218)
	at org.junit.platform.engine.support.hierarchical.ThrowableCollector.execute(ThrowableCollector.java:73)
	at org.junit.jupiter.engine.descriptor.TestMethodTestDescriptor.invokeTestMethod(TestMethodTestDescriptor.java:214)
	at org.junit.jupiter.engine.descriptor.TestMethodTestDescriptor.execute(TestMethodTestDescriptor.java:139)
	at org.junit.jupiter.engine.descriptor.TestMethodTestDescriptor.execute(TestMethodTestDescriptor.java:69)
	at org.junit.platform.engine.support.hierarchical.NodeTestTask.lambda$executeRecursively$6(NodeTestTask.java:151)
	at org.junit.platform.engine.support.hierarchical.ThrowableCollector.execute(ThrowableCollector.java:73)
	at org.junit.platform.engine.support.hierarchical.NodeTestTask.lambda$executeRecursively$8(NodeTestTask.java:141)
	at org.junit.platform.engine.support.hierarchical.Node.around(Node.java:137)
	at org.junit.platform.engine.support.hierarchical.NodeTestTask.lambda$executeRecursively$9(NodeTestTask.java:139)
	at org.junit.platform.engine.support.hierarchical.ThrowableCollector.execute(ThrowableCollector.java:73)
	at org.junit.platform.engine.support.hierarchical.NodeTestTask.executeRecursively(NodeTestTask.java:138)
	at org.junit.platform.engine.support.hierarchical.NodeTestTask.execute(NodeTestTask.java:95)
	at java.base/java.util.ArrayList.forEach(ArrayList.java:1596)
	at org.junit.platform.engine.support.hierarchical.SameThreadHierarchicalTestExecutorService.invokeAll(SameThreadHierarchicalTestExecutorService.java:41)
	at org.junit.platform.engine.support.hierarchical.NodeTestTask.lambda$executeRecursively$6(NodeTestTask.java:155)
	at org.junit.platform.engine.support.hierarchical.ThrowableCollector.execute(ThrowableCollector.java:73)
	at org.junit.platform.engine.support.hierarchical.NodeTestTask.lambda$executeRecursively$8(NodeTestTask.java:141)
	at org.junit.platform.engine.support.hierarchical.Node.around(Node.java:137)
	at org.junit.platform.engine.support.hierarchical.NodeTestTask.lambda$executeRecursively$9(NodeTestTask.java:139)
	at org.junit.platform.engine.support.hierarchical.ThrowableCollector.execute(ThrowableCollector.java:73)
	at org.junit.platform.engine.support.hierarchical.NodeTestTask.executeRecursively(NodeTestTask.java:138)
	at org.junit.platform.engine.support.hierarchical.NodeTestTask.execute(NodeTestTask.java:95)
	at java.base/java.util.ArrayList.forEach(ArrayList.java:1596)
	at org.junit.platform.engine.support.hierarchical.SameThreadHierarchicalTestExecutorService.invokeAll(SameThreadHierarchicalTestExecutorService.java:41)
	at org.junit.platform.engine.support.hierarchical.NodeTestTask.lambda$executeRecursively$6(NodeTestTask.java:155)
	at org.junit.platform.engine.support.hierarchical.ThrowableCollector.execute(ThrowableCollector.java:73)
	at org.junit.platform.engine.support.hierarchical.NodeTestTask.lambda$executeRecursively$8(NodeTestTask.java:141)
	at org.junit.platform.engine.support.hierarchical.Node.around(Node.java:137)
	at org.junit.platform.engine.support.hierarchical.NodeTestTask.lambda$executeRecursively$9(NodeTestTask.java:139)
	at org.junit.platform.engine.support.hierarchical.ThrowableCollector.execute(ThrowableCollector.java:73)
	at org.junit.platform.engine.support.hierarchical.NodeTestTask.executeRecursively(NodeTestTask.java:138)
	at org.junit.platform.engine.support.hierarchical.NodeTestTask.execute(NodeTestTask.java:95)
	at org.junit.platform.engine.support.hierarchical.SameThreadHierarchicalTestExecutorService.submit(SameThreadHierarchicalTestExecutorService.java:35)
	at org.junit.platform.engine.support.hierarchical.HierarchicalTestExecutor.execute(HierarchicalTestExecutor.java:57)
	at org.junit.platform.engine.support.hierarchical.HierarchicalTestEngine.execute(HierarchicalTestEngine.java:54)
	at org.junit.platform.launcher.core.EngineExecutionOrchestrator.execute(EngineExecutionOrchestrator.java:198)
	at org.junit.platform.launcher.core.EngineExecutionOrchestrator.execute(EngineExecutionOrchestrator.java:169)
	at org.junit.platform.launcher.core.EngineExecutionOrchestrator.execute(EngineExecutionOrchestrator.java:93)
	at org.junit.platform.launcher.core.EngineExecutionOrchestrator.lambda$execute$0(EngineExecutionOrchestrator.java:58)
	at org.junit.platform.launcher.core.EngineExecutionOrchestrator.withInterceptedStreams(EngineExecutionOrchestrator.java:141)
	at org.junit.platform.launcher.core.EngineExecutionOrchestrator.execute(EngineExecutionOrchestrator.java:57)
	at org.junit.platform.launcher.core.DefaultLauncher.execute(DefaultLauncher.java:103)
	at org.junit.platform.launcher.core.DefaultLauncher.execute(DefaultLauncher.java:85)
	at org.junit.platform.launcher.core.DelegatingLauncher.execute(DelegatingLauncher.java:47)
	at org.junit.platform.launcher.core.SessionPerRequestLauncher.execute(SessionPerRequestLauncher.java:63)
	at com.intellij.junit5.JUnit5IdeaTestRunner.startRunnerWithArgs(JUnit5IdeaTestRunner.java:57)
	at com.intellij.rt.junit.IdeaTestRunner$Repeater$1.execute(IdeaTestRunner.java:38)
	at com.intellij.rt.execution.junit.TestsRepeater.repeat(TestsRepeater.java:11)
	at com.intellij.rt.junit.IdeaTestRunner$Repeater.startRunnerWithArgs(IdeaTestRunner.java:35)
	at com.intellij.rt.junit.JUnitStarter.prepareStreamsAndStart(JUnitStarter.java:232)
	at com.intellij.rt.junit.JUnitStarter.main(JUnitStarter.java:55)
2025-02-20 07:36:29 [main] INFO  l.insoft.uztis.tests.utils.TestUtils - Screenshot moved to C:\Users\ingrida.zadorozniene\Desktop\Asm\UZTIS\UZTIS_tests\test-output\screenshots\20250220\073629734_testFillNewDVPApplicationFA().png
2025-02-20 07:38:55 [main] INFO  lt.insoft.uztis.tests.UztisPageTest - Navigated to https://uztisdev.asseco.lt/home
2025-02-20 07:38:55 [main] INFO  l.i.u.t.SubmittedApplicationsPageTest - Starting test:'testFillNewDVPApplicationFA'
2025-02-20 07:38:55 [main] DEBUG l.i.u.t.SubmittedApplicationsPageTest - User logged in with test credentials.
2025-02-20 07:38:56 [main] DEBUG l.i.u.t.SubmittedApplicationsPageTest - Opened 'Application Processing' menu.
2025-02-20 07:38:56 [main] DEBUG l.i.u.t.SubmittedApplicationsPageTest - Clicked on 'Application Forms' menu.
2025-02-20 07:38:56 [main] DEBUG l.i.u.t.SubmittedApplicationsPageTest - Retrieved last description code text: 'TST-DVP-78'.
2025-02-20 07:38:56 [main] DEBUG l.i.u.t.SubmittedApplicationsPageTest - Clicked on 'Invitation' menu.
2025-02-20 07:38:57 [main] DEBUG l.i.u.t.SubmittedApplicationsPageTest - Selected application section by code: 'TST-DVP-78'.
2025-02-20 07:38:57 [main] DEBUG l.i.u.t.SubmittedApplicationsPageTest - Clicked 'Search' button.
2025-02-20 07:38:57 [main] DEBUG l.i.u.t.SubmittedApplicationsPageTest - Retrieved invitation code: ''.
2025-02-20 07:38:57 [main] DEBUG l.i.u.t.SubmittedApplicationsPageTest - Clicked on 'Submitted Applications' menu.
2025-02-20 07:38:58 [main] DEBUG l.i.u.t.SubmittedApplicationsPageTest - Selected invitation by code: 'TST-DVP-78'.
2025-02-20 07:38:58 [main] DEBUG l.i.u.t.SubmittedApplicationsPageTest - Invitation code inserted.
2025-02-20 07:38:58 [main] DEBUG l.i.u.t.SubmittedApplicationsPageTest - Clicked on 'Action Application' button.
2025-02-20 07:38:59 [main] DEBUG l.i.u.t.SubmittedApplicationsPageTest - Clicked on 'New Application' button.
2025-02-20 07:38:59 [main] DEBUG l.i.u.t.SubmittedApplicationsPageTest - Selected the 'RadioButtonFA' option.
2025-02-20 07:38:59 [main] DEBUG l.i.u.t.SubmittedApplicationsPageTest - Entered phone number: '61298745'.
2025-02-20 07:38:59 [main] DEBUG l.i.u.t.SubmittedApplicationsPageTest - Entered email: 'test@autotest.com'.
2025-02-20 07:39:10 [main] DEBUG l.i.u.t.SubmittedApplicationsPageTest - Checked 'For workplace adaptation' checkbox 1.
2025-02-20 07:39:20 [main] DEBUG l.i.u.t.SubmittedApplicationsPageTest - Checked 'For environmental adaptation' checkbox 2.
2025-02-20 07:39:20 [main] INFO  l.i.u.p.SubmittedApplicationsPage - Located the dropdown button.
2025-02-20 07:39:34 [main] INFO  l.i.u.p.SubmittedApplicationsPage - Found 1741 options in the dropdown.
2025-02-20 07:39:34 [main] INFO  l.i.u.p.SubmittedApplicationsPage - Successfully selected the value: '01.11 - Grūdinių (išskyrus ryžius), ankštinių ir aliejingų sėklų augalų auginimas'
2025-02-20 07:39:45 [main] ERROR l.i.u.p.SubmittedApplicationsPage - Failed to close the dropdown with aria-expanded = 'false'. Attempting manual close.
2025-02-20 07:39:45 [main] INFO  l.i.u.p.SubmittedApplicationsPage - Manual close attempt for the dropdown using body click.
2025-02-20 07:39:45 [main] DEBUG l.i.u.t.SubmittedApplicationsPageTest - Selected EVRK value: '01.11 - Grūdinių (išskyrus ryžius), ankštinių ir aliejingų sėklų augalų auginimas'.
2025-02-20 07:39:45 [main] DEBUG l.i.u.t.SubmittedApplicationsPageTest - Entered address: 'Vilniaus m. sav., Vilnius, Testo g. 10T'.
2025-02-20 07:39:45 [main] DEBUG l.i.u.t.SubmittedApplicationsPageTest - Selected 'For already working' option.
2025-02-20 07:39:45 [main] DEBUG l.i.u.t.SubmittedApplicationsPageTest - Entered person count1: '1'.
2025-02-20 07:39:45 [main] DEBUG l.i.u.t.SubmittedApplicationsPageTest - Selected 'For new working' option.
2025-02-20 07:39:46 [main] DEBUG l.i.u.t.SubmittedApplicationsPageTest - Entered person count2: '1'.
2025-02-20 07:39:46 [main] DEBUG l.i.u.t.SubmittedApplicationsPageTest - Clicked 'Next' button after checkboxes.
2025-02-20 07:39:46 [main] INFO  l.i.u.p.SubmittedApplicationsPage - Located the dropdown button.
2025-02-20 07:39:47 [main] INFO  l.i.u.p.SubmittedApplicationsPage - Successfully selected the value: 'Administratoriai'
2025-02-20 07:40:18 [main] ERROR l.i.u.p.SubmittedApplicationsPage - Timeout while waiting for dropdown to close with aria-expanded = 'false'.
2025-02-20 07:40:18 [main] DEBUG l.i.u.t.SubmittedApplicationsPageTest - Selected adaptable job name: 'Administratoriai'.
2025-02-20 07:40:18 [main] DEBUG l.i.u.t.SubmittedApplicationsPageTest - Entered job date.
2025-02-20 07:40:18 [main] DEBUG l.i.u.t.SubmittedApplicationsPageTest - Entered job function: 'Funkcija 1'.
2025-02-20 07:40:18 [main] DEBUG l.i.u.t.SubmittedApplicationsPageTest - Selected 'ForAlreadyWorking' 'no' option.
2025-02-20 07:40:18 [main] INFO  l.i.u.p.SubmittedApplicationsPage - Clicking on the dropdown button.
2025-02-20 07:40:18 [main] INFO  l.i.u.p.SubmittedApplicationsPage - Found 6 options in the dropdown.
2025-02-20 07:40:18 [main] DEBUG l.i.u.p.SubmittedApplicationsPage - Checking option: 'Lengvo neįgalumo lygis ar 45-55 procentų dalyvumo lygis (iki 2023 m. gruodžio 31 d. – 45-55 procentų darbingumo lygis)'
2025-02-20 07:40:18 [main] DEBUG l.i.u.p.SubmittedApplicationsPage - Checking option: 'Lengvo neįgalumo lygis ar 45-55 procentų dalyvumo lygis (iki 2023 m. gruodžio 31 d. – 45-55 procentų darbingumo lygis)'
2025-02-20 07:40:18 [main] DEBUG l.i.u.p.SubmittedApplicationsPage - Checking option: 'Sunkaus neįgalumo lygis ar neviršijantis 25 procentų dalyvumo lygis (iki 2023 metų gruodžio 31 dienos – iki 25 procentų darbingumo lygis)'
2025-02-20 07:40:18 [main] INFO  l.i.u.p.SubmittedApplicationsPage - Successfully selected the value: 'Sunkaus neįgalumo lygis ar neviršijantis 25 procentų dalyvumo lygis (iki 2023 metų gruodžio 31 dienos – iki 25 procentų darbingumo lygis)'
2025-02-20 07:40:18 [main] INFO  l.i.u.p.SubmittedApplicationsPage - Attempting to close the dropdown.
2025-02-20 07:40:29 [main] INFO  l.i.u.p.SubmittedApplicationsPage - Dropdown should be closed now.
2025-02-20 07:40:29 [main] DEBUG l.i.u.t.SubmittedApplicationsPageTest - Selected disabilities type: 'Sunkaus neįgalumo lygis ar neviršijantis 25 procentų dalyvumo lygis (iki 2023 metų gruodžio 31 dienos – iki 25 procentų darbingumo lygis)'.
2025-02-20 07:40:29 [main] DEBUG l.i.u.t.SubmittedApplicationsPageTest - Entered disability information: 'Negalia 1'.
2025-02-20 07:40:29 [main] DEBUG l.i.u.t.SubmittedApplicationsPageTest - Entered qualification: 'Kvalifikacija 1'.
2025-02-20 07:40:30 [main] DEBUG l.i.u.t.SubmittedApplicationsPageTest - Entered job description: 'Darbo vietos aprašymas 1'.
2025-02-20 07:40:30 [main] DEBUG l.i.u.t.SubmittedApplicationsPageTest - Entered equipment description: 'Priemonių įsigyjimas 1'.
2025-02-20 07:40:30 [main] DEBUG l.i.u.t.SubmittedApplicationsPageTest - Entered work information: 'Darbai 1'.
2025-02-20 07:40:30 [main] INFO  l.i.u.p.SubmittedApplicationsPage - Located the dropdown button.
2025-02-20 07:40:30 [main] INFO  l.i.u.p.SubmittedApplicationsPage - Successfully selected the value: 'Kita'
2025-02-20 07:40:41 [main] ERROR l.i.u.p.SubmittedApplicationsPage - Timeout while waiting for dropdown to close with aria-expanded = 'false'.
2025-02-20 07:40:41 [main] DEBUG l.i.u.t.SubmittedApplicationsPageTest - Selected time mode: 'Kita'.
2025-02-20 07:40:41 [main] DEBUG l.i.u.t.SubmittedApplicationsPageTest - Selected time mode other: '6 val. per dieną ir 4 d. per savaitę'.
2025-02-20 07:40:41 [main] DEBUG l.i.u.t.SubmittedApplicationsPageTest - Entered salary amount: '1200'.
2025-02-20 07:40:41 [main] DEBUG l.i.u.t.SubmittedApplicationsPageTest - Selected 'Temporary Job' radio button.
2025-02-20 07:40:41 [main] DEBUG l.i.u.t.SubmittedApplicationsPageTest - Selected 'Season Job' radio button.
2025-02-20 07:40:42 [main] DEBUG l.i.u.t.SubmittedApplicationsPageTest - Selected 'PVM' radio button.
2025-02-20 07:40:42 [main] INFO  l.i.u.p.SubmittedApplicationsPage - Located the dropdown button.
2025-02-20 07:40:42 [main] INFO  l.i.u.p.SubmittedApplicationsPage - Successfully selected the value: 'Darbo vietos pritaikymui'
2025-02-20 07:41:12 [main] ERROR l.i.u.p.SubmittedApplicationsPage - Timeout while waiting for dropdown to close with aria-expanded = 'false'.
2025-02-20 07:41:12 [main] DEBUG l.i.u.t.SubmittedApplicationsPageTest - Selected adaptable job name: 'Darbo vietos pritaikymui'.
2025-02-20 07:41:13 [main] DEBUG l.i.u.t.SubmittedApplicationsPageTest - Selected tool: 'Darbo priemonė 1'.
2025-02-20 07:41:13 [main] DEBUG l.i.u.t.SubmittedApplicationsPageTest - Entered tool count: '1'.
2025-02-20 07:41:13 [main] DEBUG l.i.u.t.SubmittedApplicationsPageTest - Entered price amount: '1000'.
2025-02-20 07:41:13 [main] DEBUG l.i.u.t.SubmittedApplicationsPageTest - Entered own funds amount: '800'.
2025-02-20 07:41:13 [main] INFO  l.i.u.p.SubmittedApplicationsPage - Located the dropdown button.
2025-02-20 07:49:34 [main] ERROR l.i.u.t.SubmittedApplicationsPageTest - Test 'testFillNewDVPApplicationFA' failed with error: Expected condition failed: waiting for element to be clickable: [[ChromeDriver: chrome on windows (7143c9d00c6a9f9b237747a6d04e3f65)] -> xpath: //mat-label[contains(text(), 'Reikalinga')]] (tried for 500 second(s) with 500 milliseconds interval)
Build info: version: '4.27.0', revision: 'd6e718d134'
System info: os.name: 'Windows 11', os.arch: 'amd64', os.version: '10.0', java.version: '21.0.3'
Driver info: org.openqa.selenium.chrome.ChromeDriver
Capabilities {acceptInsecureCerts: false, browserName: chrome, browserVersion: 133.0.6943.99, chrome: {chromedriverVersion: 133.0.6943.126 (cffa127ce7b..., userDataDir: C:\Users\INGRID~1.ZAD\AppDa...}, fedcm:accounts: true, goog:chromeOptions: {debuggerAddress: localhost:56436}, networkConnectionEnabled: false, pageLoadStrategy: normal, platformName: windows, proxy: Proxy(), se:cdp: ws://localhost:56436/devtoo..., se:cdpVersion: 133.0.6943.99, setWindowRect: true, strictFileInteractability: false, timeouts: {implicit: 0, pageLoad: 300000, script: 30000}, unhandledPromptBehavior: dismiss and notify, webauthn:extension:credBlob: true, webauthn:extension:largeBlob: true, webauthn:extension:minPinLength: true, webauthn:extension:prf: true, webauthn:virtualAuthenticators: true}
Session ID: 7143c9d00c6a9f9b237747a6d04e3f65
org.openqa.selenium.TimeoutException: Expected condition failed: waiting for element to be clickable: [[ChromeDriver: chrome on windows (7143c9d00c6a9f9b237747a6d04e3f65)] -> xpath: //mat-label[contains(text(), 'Reikalinga')]] (tried for 500 second(s) with 500 milliseconds interval)
Build info: version: '4.27.0', revision: 'd6e718d134'
System info: os.name: 'Windows 11', os.arch: 'amd64', os.version: '10.0', java.version: '21.0.3'
Driver info: org.openqa.selenium.chrome.ChromeDriver
Capabilities {acceptInsecureCerts: false, browserName: chrome, browserVersion: 133.0.6943.99, chrome: {chromedriverVersion: 133.0.6943.126 (cffa127ce7b..., userDataDir: C:\Users\INGRID~1.ZAD\AppDa...}, fedcm:accounts: true, goog:chromeOptions: {debuggerAddress: localhost:56436}, networkConnectionEnabled: false, pageLoadStrategy: normal, platformName: windows, proxy: Proxy(), se:cdp: ws://localhost:56436/devtoo..., se:cdpVersion: 133.0.6943.99, setWindowRect: true, strictFileInteractability: false, timeouts: {implicit: 0, pageLoad: 300000, script: 30000}, unhandledPromptBehavior: dismiss and notify, webauthn:extension:credBlob: true, webauthn:extension:largeBlob: true, webauthn:extension:minPinLength: true, webauthn:extension:prf: true, webauthn:virtualAuthenticators: true}
Session ID: 7143c9d00c6a9f9b237747a6d04e3f65
	at org.openqa.selenium.support.ui.WebDriverWait.timeoutException(WebDriverWait.java:84)
	at org.openqa.selenium.support.ui.FluentWait.until(FluentWait.java:228)
	at lt.insoft.uztis.pages.SubmittedApplicationsPage.selectDropdownNecessaryForJobOneDVP(SubmittedApplicationsPage.java:1179)
	at lt.insoft.uztis.tests.SubmittedApplicationsPageTest.testFillNewDVPApplicationFA(SubmittedApplicationsPageTest.java:672)
	at java.base/jdk.internal.reflect.DirectMethodHandleAccessor.invoke(DirectMethodHandleAccessor.java:103)
	at java.base/java.lang.reflect.Method.invoke(Method.java:580)
	at org.junit.platform.commons.util.ReflectionUtils.invokeMethod(ReflectionUtils.java:728)
	at org.junit.jupiter.engine.execution.MethodInvocation.proceed(MethodInvocation.java:60)
	at org.junit.jupiter.engine.execution.InvocationInterceptorChain$ValidatingInvocation.proceed(InvocationInterceptorChain.java:131)
	at org.junit.jupiter.engine.extension.TimeoutExtension.intercept(TimeoutExtension.java:156)
	at org.junit.jupiter.engine.extension.TimeoutExtension.interceptTestableMethod(TimeoutExtension.java:147)
	at org.junit.jupiter.engine.extension.TimeoutExtension.interceptTestMethod(TimeoutExtension.java:86)
	at org.junit.jupiter.engine.execution.InterceptingExecutableInvoker$ReflectiveInterceptorCall.lambda$ofVoidMethod$0(InterceptingExecutableInvoker.java:103)
	at org.junit.jupiter.engine.execution.InterceptingExecutableInvoker.lambda$invoke$0(InterceptingExecutableInvoker.java:93)
	at org.junit.jupiter.engine.execution.InvocationInterceptorChain$InterceptedInvocation.proceed(InvocationInterceptorChain.java:106)
	at org.junit.jupiter.engine.execution.InvocationInterceptorChain.proceed(InvocationInterceptorChain.java:64)
	at org.junit.jupiter.engine.execution.InvocationInterceptorChain.chainAndInvoke(InvocationInterceptorChain.java:45)
	at org.junit.jupiter.engine.execution.InvocationInterceptorChain.invoke(InvocationInterceptorChain.java:37)
	at org.junit.jupiter.engine.execution.InterceptingExecutableInvoker.invoke(InterceptingExecutableInvoker.java:92)
	at org.junit.jupiter.engine.execution.InterceptingExecutableInvoker.invoke(InterceptingExecutableInvoker.java:86)
	at org.junit.jupiter.engine.descriptor.TestMethodTestDescriptor.lambda$invokeTestMethod$7(TestMethodTestDescriptor.java:218)
	at org.junit.platform.engine.support.hierarchical.ThrowableCollector.execute(ThrowableCollector.java:73)
	at org.junit.jupiter.engine.descriptor.TestMethodTestDescriptor.invokeTestMethod(TestMethodTestDescriptor.java:214)
	at org.junit.jupiter.engine.descriptor.TestMethodTestDescriptor.execute(TestMethodTestDescriptor.java:139)
	at org.junit.jupiter.engine.descriptor.TestMethodTestDescriptor.execute(TestMethodTestDescriptor.java:69)
	at org.junit.platform.engine.support.hierarchical.NodeTestTask.lambda$executeRecursively$6(NodeTestTask.java:151)
	at org.junit.platform.engine.support.hierarchical.ThrowableCollector.execute(ThrowableCollector.java:73)
	at org.junit.platform.engine.support.hierarchical.NodeTestTask.lambda$executeRecursively$8(NodeTestTask.java:141)
	at org.junit.platform.engine.support.hierarchical.Node.around(Node.java:137)
	at org.junit.platform.engine.support.hierarchical.NodeTestTask.lambda$executeRecursively$9(NodeTestTask.java:139)
	at org.junit.platform.engine.support.hierarchical.ThrowableCollector.execute(ThrowableCollector.java:73)
	at org.junit.platform.engine.support.hierarchical.NodeTestTask.executeRecursively(NodeTestTask.java:138)
	at org.junit.platform.engine.support.hierarchical.NodeTestTask.execute(NodeTestTask.java:95)
	at java.base/java.util.ArrayList.forEach(ArrayList.java:1596)
	at org.junit.platform.engine.support.hierarchical.SameThreadHierarchicalTestExecutorService.invokeAll(SameThreadHierarchicalTestExecutorService.java:41)
	at org.junit.platform.engine.support.hierarchical.NodeTestTask.lambda$executeRecursively$6(NodeTestTask.java:155)
	at org.junit.platform.engine.support.hierarchical.ThrowableCollector.execute(ThrowableCollector.java:73)
	at org.junit.platform.engine.support.hierarchical.NodeTestTask.lambda$executeRecursively$8(NodeTestTask.java:141)
	at org.junit.platform.engine.support.hierarchical.Node.around(Node.java:137)
	at org.junit.platform.engine.support.hierarchical.NodeTestTask.lambda$executeRecursively$9(NodeTestTask.java:139)
	at org.junit.platform.engine.support.hierarchical.ThrowableCollector.execute(ThrowableCollector.java:73)
	at org.junit.platform.engine.support.hierarchical.NodeTestTask.executeRecursively(NodeTestTask.java:138)
	at org.junit.platform.engine.support.hierarchical.NodeTestTask.execute(NodeTestTask.java:95)
	at java.base/java.util.ArrayList.forEach(ArrayList.java:1596)
	at org.junit.platform.engine.support.hierarchical.SameThreadHierarchicalTestExecutorService.invokeAll(SameThreadHierarchicalTestExecutorService.java:41)
	at org.junit.platform.engine.support.hierarchical.NodeTestTask.lambda$executeRecursively$6(NodeTestTask.java:155)
	at org.junit.platform.engine.support.hierarchical.ThrowableCollector.execute(ThrowableCollector.java:73)
	at org.junit.platform.engine.support.hierarchical.NodeTestTask.lambda$executeRecursively$8(NodeTestTask.java:141)
	at org.junit.platform.engine.support.hierarchical.Node.around(Node.java:137)
	at org.junit.platform.engine.support.hierarchical.NodeTestTask.lambda$executeRecursively$9(NodeTestTask.java:139)
	at org.junit.platform.engine.support.hierarchical.ThrowableCollector.execute(ThrowableCollector.java:73)
	at org.junit.platform.engine.support.hierarchical.NodeTestTask.executeRecursively(NodeTestTask.java:138)
	at org.junit.platform.engine.support.hierarchical.NodeTestTask.execute(NodeTestTask.java:95)
	at org.junit.platform.engine.support.hierarchical.SameThreadHierarchicalTestExecutorService.submit(SameThreadHierarchicalTestExecutorService.java:35)
	at org.junit.platform.engine.support.hierarchical.HierarchicalTestExecutor.execute(HierarchicalTestExecutor.java:57)
	at org.junit.platform.engine.support.hierarchical.HierarchicalTestEngine.execute(HierarchicalTestEngine.java:54)
	at org.junit.platform.launcher.core.EngineExecutionOrchestrator.execute(EngineExecutionOrchestrator.java:198)
	at org.junit.platform.launcher.core.EngineExecutionOrchestrator.execute(EngineExecutionOrchestrator.java:169)
	at org.junit.platform.launcher.core.EngineExecutionOrchestrator.execute(EngineExecutionOrchestrator.java:93)
	at org.junit.platform.launcher.core.EngineExecutionOrchestrator.lambda$execute$0(EngineExecutionOrchestrator.java:58)
	at org.junit.platform.launcher.core.EngineExecutionOrchestrator.withInterceptedStreams(EngineExecutionOrchestrator.java:141)
	at org.junit.platform.launcher.core.EngineExecutionOrchestrator.execute(EngineExecutionOrchestrator.java:57)
	at org.junit.platform.launcher.core.DefaultLauncher.execute(DefaultLauncher.java:103)
	at org.junit.platform.launcher.core.DefaultLauncher.execute(DefaultLauncher.java:85)
	at org.junit.platform.launcher.core.DelegatingLauncher.execute(DelegatingLauncher.java:47)
	at org.junit.platform.launcher.core.SessionPerRequestLauncher.execute(SessionPerRequestLauncher.java:63)
	at com.intellij.junit5.JUnit5IdeaTestRunner.startRunnerWithArgs(JUnit5IdeaTestRunner.java:57)
	at com.intellij.rt.junit.IdeaTestRunner$Repeater$1.execute(IdeaTestRunner.java:38)
	at com.intellij.rt.execution.junit.TestsRepeater.repeat(TestsRepeater.java:11)
	at com.intellij.rt.junit.IdeaTestRunner$Repeater.startRunnerWithArgs(IdeaTestRunner.java:35)
	at com.intellij.rt.junit.JUnitStarter.prepareStreamsAndStart(JUnitStarter.java:232)
	at com.intellij.rt.junit.JUnitStarter.main(JUnitStarter.java:55)
2025-02-20 07:49:34 [main] INFO  l.insoft.uztis.tests.utils.TestUtils - Screenshot moved to C:\Users\ingrida.zadorozniene\Desktop\Asm\UZTIS\UZTIS_tests\test-output\screenshots\20250220\074934161_testFillNewDVPApplicationFA().png
2025-02-20 07:54:50 [main] INFO  lt.insoft.uztis.tests.UztisPageTest - Navigated to https://uztisdev.asseco.lt/home
2025-02-20 07:54:50 [main] INFO  l.i.u.t.SubmittedApplicationsPageTest - Starting test:'testFillNewDVPApplicationFA'
2025-02-20 07:54:50 [main] DEBUG l.i.u.t.SubmittedApplicationsPageTest - User logged in with test credentials.
2025-02-20 07:54:51 [main] DEBUG l.i.u.t.SubmittedApplicationsPageTest - Opened 'Application Processing' menu.
2025-02-20 07:54:51 [main] DEBUG l.i.u.t.SubmittedApplicationsPageTest - Clicked on 'Application Forms' menu.
2025-02-20 07:54:51 [main] DEBUG l.i.u.t.SubmittedApplicationsPageTest - Retrieved last description code text: 'TST-DVP-78'.
2025-02-20 07:54:51 [main] DEBUG l.i.u.t.SubmittedApplicationsPageTest - Clicked on 'Invitation' menu.
2025-02-20 07:54:52 [main] DEBUG l.i.u.t.SubmittedApplicationsPageTest - Selected application section by code: 'TST-DVP-78'.
2025-02-20 07:54:52 [main] DEBUG l.i.u.t.SubmittedApplicationsPageTest - Clicked 'Search' button.
2025-02-20 07:54:52 [main] DEBUG l.i.u.t.SubmittedApplicationsPageTest - Retrieved invitation code: ''.
2025-02-20 07:54:52 [main] DEBUG l.i.u.t.SubmittedApplicationsPageTest - Clicked on 'Submitted Applications' menu.
2025-02-20 07:54:54 [main] DEBUG l.i.u.t.SubmittedApplicationsPageTest - Selected invitation by code: 'TST-DVP-78'.
2025-02-20 07:54:54 [main] DEBUG l.i.u.t.SubmittedApplicationsPageTest - Invitation code inserted.
2025-02-20 07:54:54 [main] DEBUG l.i.u.t.SubmittedApplicationsPageTest - Clicked on 'Action Application' button.
2025-02-20 07:54:54 [main] DEBUG l.i.u.t.SubmittedApplicationsPageTest - Clicked on 'New Application' button.
2025-02-20 07:54:55 [main] DEBUG l.i.u.t.SubmittedApplicationsPageTest - Selected the 'RadioButtonFA' option.
2025-02-20 07:54:55 [main] DEBUG l.i.u.t.SubmittedApplicationsPageTest - Entered phone number: '61298745'.
2025-02-20 07:54:55 [main] DEBUG l.i.u.t.SubmittedApplicationsPageTest - Entered email: 'test@autotest.com'.
2025-02-20 07:55:05 [main] DEBUG l.i.u.t.SubmittedApplicationsPageTest - Checked 'For workplace adaptation' checkbox 1.
2025-02-20 07:55:15 [main] DEBUG l.i.u.t.SubmittedApplicationsPageTest - Checked 'For environmental adaptation' checkbox 2.
2025-02-20 07:55:15 [main] INFO  l.i.u.p.SubmittedApplicationsPage - Located the dropdown button.
2025-02-20 07:55:29 [main] INFO  l.i.u.p.SubmittedApplicationsPage - Found 1741 options in the dropdown.
2025-02-20 07:55:29 [main] INFO  l.i.u.p.SubmittedApplicationsPage - Successfully selected the value: '01.11 - Grūdinių (išskyrus ryžius), ankštinių ir aliejingų sėklų augalų auginimas'
2025-02-20 07:55:40 [main] ERROR l.i.u.p.SubmittedApplicationsPage - Failed to close the dropdown with aria-expanded = 'false'. Attempting manual close.
2025-02-20 07:55:40 [main] INFO  l.i.u.p.SubmittedApplicationsPage - Manual close attempt for the dropdown using body click.
2025-02-20 07:55:40 [main] DEBUG l.i.u.t.SubmittedApplicationsPageTest - Selected EVRK value: '01.11 - Grūdinių (išskyrus ryžius), ankštinių ir aliejingų sėklų augalų auginimas'.
2025-02-20 07:55:40 [main] DEBUG l.i.u.t.SubmittedApplicationsPageTest - Entered address: 'Vilniaus m. sav., Vilnius, Testo g. 10T'.
2025-02-20 07:55:40 [main] DEBUG l.i.u.t.SubmittedApplicationsPageTest - Selected 'For already working' option.
2025-02-20 07:55:40 [main] DEBUG l.i.u.t.SubmittedApplicationsPageTest - Entered person count1: '1'.
2025-02-20 07:55:40 [main] DEBUG l.i.u.t.SubmittedApplicationsPageTest - Selected 'For new working' option.
2025-02-20 07:55:41 [main] DEBUG l.i.u.t.SubmittedApplicationsPageTest - Entered person count2: '1'.
2025-02-20 07:55:41 [main] DEBUG l.i.u.t.SubmittedApplicationsPageTest - Clicked 'Next' button after checkboxes.
2025-02-20 07:55:41 [main] INFO  l.i.u.p.SubmittedApplicationsPage - Located the dropdown button.
2025-02-20 07:55:42 [main] INFO  l.i.u.p.SubmittedApplicationsPage - Successfully selected the value: 'Administratoriai'
2025-02-20 07:56:12 [main] ERROR l.i.u.p.SubmittedApplicationsPage - Timeout while waiting for dropdown to close with aria-expanded = 'false'.
2025-02-20 07:56:12 [main] DEBUG l.i.u.t.SubmittedApplicationsPageTest - Selected adaptable job name: 'Administratoriai'.
2025-02-20 07:56:13 [main] DEBUG l.i.u.t.SubmittedApplicationsPageTest - Entered job date.
2025-02-20 07:56:13 [main] DEBUG l.i.u.t.SubmittedApplicationsPageTest - Entered job function: 'Funkcija 1'.
2025-02-20 07:56:13 [main] DEBUG l.i.u.t.SubmittedApplicationsPageTest - Selected 'ForAlreadyWorking' 'no' option.
2025-02-20 07:56:13 [main] INFO  l.i.u.p.SubmittedApplicationsPage - Clicking on the dropdown button.
2025-02-20 07:56:14 [main] INFO  l.i.u.p.SubmittedApplicationsPage - Found 6 options in the dropdown.
2025-02-20 07:56:14 [main] DEBUG l.i.u.p.SubmittedApplicationsPage - Checking option: 'Lengvo neįgalumo lygis ar 45-55 procentų dalyvumo lygis (iki 2023 m. gruodžio 31 d. – 45-55 procentų darbingumo lygis)'
2025-02-20 07:56:14 [main] DEBUG l.i.u.p.SubmittedApplicationsPage - Checking option: 'Lengvo neįgalumo lygis ar 45-55 procentų dalyvumo lygis (iki 2023 m. gruodžio 31 d. – 45-55 procentų darbingumo lygis)'
2025-02-20 07:56:14 [main] DEBUG l.i.u.p.SubmittedApplicationsPage - Checking option: 'Sunkaus neįgalumo lygis ar neviršijantis 25 procentų dalyvumo lygis (iki 2023 metų gruodžio 31 dienos – iki 25 procentų darbingumo lygis)'
2025-02-20 07:56:14 [main] INFO  l.i.u.p.SubmittedApplicationsPage - Successfully selected the value: 'Sunkaus neįgalumo lygis ar neviršijantis 25 procentų dalyvumo lygis (iki 2023 metų gruodžio 31 dienos – iki 25 procentų darbingumo lygis)'
2025-02-20 07:56:14 [main] INFO  l.i.u.p.SubmittedApplicationsPage - Attempting to close the dropdown.
2025-02-20 07:56:24 [main] INFO  l.i.u.p.SubmittedApplicationsPage - Dropdown should be closed now.
2025-02-20 07:56:24 [main] DEBUG l.i.u.t.SubmittedApplicationsPageTest - Selected disabilities type: 'Sunkaus neįgalumo lygis ar neviršijantis 25 procentų dalyvumo lygis (iki 2023 metų gruodžio 31 dienos – iki 25 procentų darbingumo lygis)'.
2025-02-20 07:56:25 [main] DEBUG l.i.u.t.SubmittedApplicationsPageTest - Entered disability information: 'Negalia 1'.
2025-02-20 07:56:25 [main] DEBUG l.i.u.t.SubmittedApplicationsPageTest - Entered qualification: 'Kvalifikacija 1'.
2025-02-20 07:56:25 [main] DEBUG l.i.u.t.SubmittedApplicationsPageTest - Entered job description: 'Darbo vietos aprašymas 1'.
2025-02-20 07:56:25 [main] DEBUG l.i.u.t.SubmittedApplicationsPageTest - Entered equipment description: 'Priemonių įsigyjimas 1'.
2025-02-20 07:56:26 [main] DEBUG l.i.u.t.SubmittedApplicationsPageTest - Entered work information: 'Darbai 1'.
2025-02-20 07:56:26 [main] INFO  l.i.u.p.SubmittedApplicationsPage - Located the dropdown button.
2025-02-20 07:56:26 [main] INFO  l.i.u.p.SubmittedApplicationsPage - Successfully selected the value: 'Kita'
2025-02-20 07:56:36 [main] ERROR l.i.u.p.SubmittedApplicationsPage - Timeout while waiting for dropdown to close with aria-expanded = 'false'.
2025-02-20 07:56:36 [main] DEBUG l.i.u.t.SubmittedApplicationsPageTest - Selected time mode: 'Kita'.
2025-02-20 07:56:36 [main] DEBUG l.i.u.t.SubmittedApplicationsPageTest - Selected time mode other: '6 val. per dieną ir 4 d. per savaitę'.
2025-02-20 07:56:37 [main] DEBUG l.i.u.t.SubmittedApplicationsPageTest - Entered salary amount: '1200'.
2025-02-20 07:56:37 [main] DEBUG l.i.u.t.SubmittedApplicationsPageTest - Selected 'Temporary Job' radio button.
2025-02-20 07:56:37 [main] DEBUG l.i.u.t.SubmittedApplicationsPageTest - Selected 'Season Job' radio button.
2025-02-20 07:56:37 [main] DEBUG l.i.u.t.SubmittedApplicationsPageTest - Selected 'PVM' radio button.
2025-02-20 07:56:37 [main] INFO  l.i.u.p.SubmittedApplicationsPage - Located the dropdown button.
2025-02-20 07:56:37 [main] INFO  l.i.u.p.SubmittedApplicationsPage - Successfully selected the value: 'Darbo vietos pritaikymui'
2025-02-20 07:57:07 [main] ERROR l.i.u.p.SubmittedApplicationsPage - Timeout while waiting for dropdown to close with aria-expanded = 'false'.
2025-02-20 07:57:07 [main] DEBUG l.i.u.t.SubmittedApplicationsPageTest - Selected adaptable job name: 'Darbo vietos pritaikymui'.
2025-02-20 07:57:07 [main] DEBUG l.i.u.t.SubmittedApplicationsPageTest - Selected tool: 'Darbo priemonė 1'.
2025-02-20 07:57:07 [main] DEBUG l.i.u.t.SubmittedApplicationsPageTest - Entered tool count: '1'.
2025-02-20 07:57:08 [main] DEBUG l.i.u.t.SubmittedApplicationsPageTest - Entered price amount: '1000'.
2025-02-20 07:57:08 [main] DEBUG l.i.u.t.SubmittedApplicationsPageTest - Entered own funds amount: '800'.
2025-02-20 07:57:18 [main] ERROR l.i.u.p.SubmittedApplicationsPage - Nepavyko atlikti dropdown pasirinkimo: Expected condition failed: waiting for element to be clickable: By.xpath: //mat-select[contains(@class, 'mat-mdc-select')] (tried for 10 second(s) with 500 milliseconds interval)
Build info: version: '4.27.0', revision: 'd6e718d134'
System info: os.name: 'Windows 11', os.arch: 'amd64', os.version: '10.0', java.version: '21.0.3'
Driver info: org.openqa.selenium.chrome.ChromeDriver
Capabilities {acceptInsecureCerts: false, browserName: chrome, browserVersion: 133.0.6943.99, chrome: {chromedriverVersion: 133.0.6943.126 (cffa127ce7b..., userDataDir: C:\Users\INGRID~1.ZAD\AppDa...}, fedcm:accounts: true, goog:chromeOptions: {debuggerAddress: localhost:56961}, networkConnectionEnabled: false, pageLoadStrategy: normal, platformName: windows, proxy: Proxy(), se:cdp: ws://localhost:56961/devtoo..., se:cdpVersion: 133.0.6943.99, setWindowRect: true, strictFileInteractability: false, timeouts: {implicit: 0, pageLoad: 300000, script: 30000}, unhandledPromptBehavior: dismiss and notify, webauthn:extension:credBlob: true, webauthn:extension:largeBlob: true, webauthn:extension:minPinLength: true, webauthn:extension:prf: true, webauthn:virtualAuthenticators: true}
Session ID: 219eaa4cac14a3aae6077a8b46d3b24a
2025-02-20 07:57:18 [main] DEBUG l.i.u.t.SubmittedApplicationsPageTest - Selected necessary for job: 'Įsigyti'.
2025-02-20 07:57:18 [main] DEBUG l.i.u.t.SubmittedApplicationsPageTest - Selected tool parameter one: 'Darbo priemonės 1 parametras 1'.
2025-02-20 07:57:18 [main] DEBUG l.i.u.t.SubmittedApplicationsPageTest - Selected tool parameter two: 'Darbo priemonės 1 parametras 2'.
2025-02-20 07:57:19 [main] DEBUG l.i.u.t.SubmittedApplicationsPageTest - Selected tool parameter three: 'Darbo priemonės 1 parametras 3'.
2025-02-20 07:57:19 [main] DEBUG l.i.u.t.SubmittedApplicationsPageTest - Selected 'De Minimis' radio button.
2025-02-20 07:57:19 [main] DEBUG l.i.u.t.SubmittedApplicationsPageTest - Entered program name: 'Programa 1'.
2025-02-20 07:57:19 [main] DEBUG l.i.u.t.SubmittedApplicationsPageTest - Entered project date from.
2025-02-20 07:57:19 [main] DEBUG l.i.u.t.SubmittedApplicationsPageTest - Entered project date until.
2025-02-20 07:57:19 [main] DEBUG l.i.u.t.SubmittedApplicationsPageTest - Entered support amount: '2000'.
2025-02-20 07:57:19 [main] DEBUG l.i.u.t.SubmittedApplicationsPageTest - Clicked 'Next' button.
2025-02-20 07:57:30 [main] DEBUG l.i.u.t.SubmittedApplicationsPageTest - Checked 'Legal Entities' checkbox 1.
2025-02-20 07:57:40 [main] DEBUG l.i.u.t.SubmittedApplicationsPageTest - Checked 'Legal Entities' checkbox 2.
2025-02-20 07:58:10 [main] ERROR l.i.u.t.SubmittedApplicationsPageTest - Test 'testFillNewDVPApplicationFA' failed with error: no such element: Unable to locate element: {"method":"xpath","selector":"(//div[contains(@class, 'mdc-checkbox')]//input[@type='checkbox'])[3]"}
  (Session info: chrome=133.0.6943.99)
For documentation on this error, please visit: https://www.selenium.dev/documentation/webdriver/troubleshooting/errors#no-such-element-exception
Build info: version: '4.27.0', revision: 'd6e718d134'
System info: os.name: 'Windows 11', os.arch: 'amd64', os.version: '10.0', java.version: '21.0.3'
Driver info: org.openqa.selenium.chrome.ChromeDriver
Command: [219eaa4cac14a3aae6077a8b46d3b24a, findElement {using=xpath, value=(//div[contains(@class, 'mdc-checkbox')]//input[@type='checkbox'])[3]}]
Capabilities {acceptInsecureCerts: false, browserName: chrome, browserVersion: 133.0.6943.99, chrome: {chromedriverVersion: 133.0.6943.126 (cffa127ce7b..., userDataDir: C:\Users\INGRID~1.ZAD\AppDa...}, fedcm:accounts: true, goog:chromeOptions: {debuggerAddress: localhost:56961}, networkConnectionEnabled: false, pageLoadStrategy: normal, platformName: windows, proxy: Proxy(), se:cdp: ws://localhost:56961/devtoo..., se:cdpVersion: 133.0.6943.99, setWindowRect: true, strictFileInteractability: false, timeouts: {implicit: 0, pageLoad: 300000, script: 30000}, unhandledPromptBehavior: dismiss and notify, webauthn:extension:credBlob: true, webauthn:extension:largeBlob: true, webauthn:extension:minPinLength: true, webauthn:extension:prf: true, webauthn:virtualAuthenticators: true}
Session ID: 219eaa4cac14a3aae6077a8b46d3b24a
org.openqa.selenium.NoSuchElementException: no such element: Unable to locate element: {"method":"xpath","selector":"(//div[contains(@class, 'mdc-checkbox')]//input[@type='checkbox'])[3]"}
  (Session info: chrome=133.0.6943.99)
For documentation on this error, please visit: https://www.selenium.dev/documentation/webdriver/troubleshooting/errors#no-such-element-exception
Build info: version: '4.27.0', revision: 'd6e718d134'
System info: os.name: 'Windows 11', os.arch: 'amd64', os.version: '10.0', java.version: '21.0.3'
Driver info: org.openqa.selenium.chrome.ChromeDriver
Command: [219eaa4cac14a3aae6077a8b46d3b24a, findElement {using=xpath, value=(//div[contains(@class, 'mdc-checkbox')]//input[@type='checkbox'])[3]}]
Capabilities {acceptInsecureCerts: false, browserName: chrome, browserVersion: 133.0.6943.99, chrome: {chromedriverVersion: 133.0.6943.126 (cffa127ce7b..., userDataDir: C:\Users\INGRID~1.ZAD\AppDa...}, fedcm:accounts: true, goog:chromeOptions: {debuggerAddress: localhost:56961}, networkConnectionEnabled: false, pageLoadStrategy: normal, platformName: windows, proxy: Proxy(), se:cdp: ws://localhost:56961/devtoo..., se:cdpVersion: 133.0.6943.99, setWindowRect: true, strictFileInteractability: false, timeouts: {implicit: 0, pageLoad: 300000, script: 30000}, unhandledPromptBehavior: dismiss and notify, webauthn:extension:credBlob: true, webauthn:extension:largeBlob: true, webauthn:extension:minPinLength: true, webauthn:extension:prf: true, webauthn:virtualAuthenticators: true}
Session ID: 219eaa4cac14a3aae6077a8b46d3b24a
	at java.base/jdk.internal.reflect.DirectConstructorHandleAccessor.newInstance(DirectConstructorHandleAccessor.java:62)
	at java.base/java.lang.reflect.Constructor.newInstanceWithCaller(Constructor.java:502)
	at java.base/java.lang.reflect.Constructor.newInstance(Constructor.java:486)
	at org.openqa.selenium.remote.ErrorCodec.decode(ErrorCodec.java:167)
	at org.openqa.selenium.remote.codec.w3c.W3CHttpResponseCodec.decode(W3CHttpResponseCodec.java:138)
	at org.openqa.selenium.remote.codec.w3c.W3CHttpResponseCodec.decode(W3CHttpResponseCodec.java:50)
	at org.openqa.selenium.remote.HttpCommandExecutor.execute(HttpCommandExecutor.java:190)
	at org.openqa.selenium.remote.service.DriverCommandExecutor.invokeExecute(DriverCommandExecutor.java:216)
	at org.openqa.selenium.remote.service.DriverCommandExecutor.execute(DriverCommandExecutor.java:174)
	at org.openqa.selenium.remote.RemoteWebDriver.execute(RemoteWebDriver.java:545)
	at org.openqa.selenium.remote.ElementLocation$ElementFinder$2.findElement(ElementLocation.java:165)
	at org.openqa.selenium.remote.ElementLocation.findElement(ElementLocation.java:59)
	at org.openqa.selenium.remote.RemoteWebDriver.findElement(RemoteWebDriver.java:368)
	at org.openqa.selenium.remote.RemoteWebDriver.findElement(RemoteWebDriver.java:362)
	at org.openqa.selenium.support.pagefactory.DefaultElementLocator.findElement(DefaultElementLocator.java:68)
	at org.openqa.selenium.support.pagefactory.internal.LocatingElementHandler.invoke(LocatingElementHandler.java:38)
	at jdk.proxy2/jdk.proxy2.$Proxy14.getWrappedElement(Unknown Source)
	at org.openqa.selenium.remote.WebElementToJsonConverter.apply(WebElementToJsonConverter.java:48)
	at java.base/java.util.stream.ReferencePipeline$3$1.accept(ReferencePipeline.java:197)
	at java.base/java.util.Spliterators$ArraySpliterator.forEachRemaining(Spliterators.java:1024)
	at java.base/java.util.stream.AbstractPipeline.copyInto(AbstractPipeline.java:509)
	at java.base/java.util.stream.AbstractPipeline.wrapAndCopyInto(AbstractPipeline.java:499)
	at java.base/java.util.stream.ReduceOps$ReduceOp.evaluateSequential(ReduceOps.java:921)
	at java.base/java.util.stream.AbstractPipeline.evaluate(AbstractPipeline.java:234)
	at java.base/java.util.stream.ReferencePipeline.collect(ReferencePipeline.java:682)
	at org.openqa.selenium.remote.RemoteWebDriver.executeScript(RemoteWebDriver.java:474)
	at lt.insoft.uztis.pages.SubmittedApplicationsPage$CheckboxHelper.clickWithJavaScript(SubmittedApplicationsPage.java:1455)
	at lt.insoft.uztis.pages.SubmittedApplicationsPage$CheckboxHelper.setConfirmationCheckbox(SubmittedApplicationsPage.java:1444)
	at lt.insoft.uztis.tests.SubmittedApplicationsPageTest.testFillNewDVPApplicationFA(SubmittedApplicationsPageTest.java:719)
	at java.base/jdk.internal.reflect.DirectMethodHandleAccessor.invoke(DirectMethodHandleAccessor.java:103)
	at java.base/java.lang.reflect.Method.invoke(Method.java:580)
	at org.junit.platform.commons.util.ReflectionUtils.invokeMethod(ReflectionUtils.java:728)
	at org.junit.jupiter.engine.execution.MethodInvocation.proceed(MethodInvocation.java:60)
	at org.junit.jupiter.engine.execution.InvocationInterceptorChain$ValidatingInvocation.proceed(InvocationInterceptorChain.java:131)
	at org.junit.jupiter.engine.extension.TimeoutExtension.intercept(TimeoutExtension.java:156)
	at org.junit.jupiter.engine.extension.TimeoutExtension.interceptTestableMethod(TimeoutExtension.java:147)
	at org.junit.jupiter.engine.extension.TimeoutExtension.interceptTestMethod(TimeoutExtension.java:86)
	at org.junit.jupiter.engine.execution.InterceptingExecutableInvoker$ReflectiveInterceptorCall.lambda$ofVoidMethod$0(InterceptingExecutableInvoker.java:103)
	at org.junit.jupiter.engine.execution.InterceptingExecutableInvoker.lambda$invoke$0(InterceptingExecutableInvoker.java:93)
	at org.junit.jupiter.engine.execution.InvocationInterceptorChain$InterceptedInvocation.proceed(InvocationInterceptorChain.java:106)
	at org.junit.jupiter.engine.execution.InvocationInterceptorChain.proceed(InvocationInterceptorChain.java:64)
	at org.junit.jupiter.engine.execution.InvocationInterceptorChain.chainAndInvoke(InvocationInterceptorChain.java:45)
	at org.junit.jupiter.engine.execution.InvocationInterceptorChain.invoke(InvocationInterceptorChain.java:37)
	at org.junit.jupiter.engine.execution.InterceptingExecutableInvoker.invoke(InterceptingExecutableInvoker.java:92)
	at org.junit.jupiter.engine.execution.InterceptingExecutableInvoker.invoke(InterceptingExecutableInvoker.java:86)
	at org.junit.jupiter.engine.descriptor.TestMethodTestDescriptor.lambda$invokeTestMethod$7(TestMethodTestDescriptor.java:218)
	at org.junit.platform.engine.support.hierarchical.ThrowableCollector.execute(ThrowableCollector.java:73)
	at org.junit.jupiter.engine.descriptor.TestMethodTestDescriptor.invokeTestMethod(TestMethodTestDescriptor.java:214)
	at org.junit.jupiter.engine.descriptor.TestMethodTestDescriptor.execute(TestMethodTestDescriptor.java:139)
	at org.junit.jupiter.engine.descriptor.TestMethodTestDescriptor.execute(TestMethodTestDescriptor.java:69)
	at org.junit.platform.engine.support.hierarchical.NodeTestTask.lambda$executeRecursively$6(NodeTestTask.java:151)
	at org.junit.platform.engine.support.hierarchical.ThrowableCollector.execute(ThrowableCollector.java:73)
	at org.junit.platform.engine.support.hierarchical.NodeTestTask.lambda$executeRecursively$8(NodeTestTask.java:141)
	at org.junit.platform.engine.support.hierarchical.Node.around(Node.java:137)
	at org.junit.platform.engine.support.hierarchical.NodeTestTask.lambda$executeRecursively$9(NodeTestTask.java:139)
	at org.junit.platform.engine.support.hierarchical.ThrowableCollector.execute(ThrowableCollector.java:73)
	at org.junit.platform.engine.support.hierarchical.NodeTestTask.executeRecursively(NodeTestTask.java:138)
	at org.junit.platform.engine.support.hierarchical.NodeTestTask.execute(NodeTestTask.java:95)
	at java.base/java.util.ArrayList.forEach(ArrayList.java:1596)
	at org.junit.platform.engine.support.hierarchical.SameThreadHierarchicalTestExecutorService.invokeAll(SameThreadHierarchicalTestExecutorService.java:41)
	at org.junit.platform.engine.support.hierarchical.NodeTestTask.lambda$executeRecursively$6(NodeTestTask.java:155)
	at org.junit.platform.engine.support.hierarchical.ThrowableCollector.execute(ThrowableCollector.java:73)
	at org.junit.platform.engine.support.hierarchical.NodeTestTask.lambda$executeRecursively$8(NodeTestTask.java:141)
	at org.junit.platform.engine.support.hierarchical.Node.around(Node.java:137)
	at org.junit.platform.engine.support.hierarchical.NodeTestTask.lambda$executeRecursively$9(NodeTestTask.java:139)
	at org.junit.platform.engine.support.hierarchical.ThrowableCollector.execute(ThrowableCollector.java:73)
	at org.junit.platform.engine.support.hierarchical.NodeTestTask.executeRecursively(NodeTestTask.java:138)
	at org.junit.platform.engine.support.hierarchical.NodeTestTask.execute(NodeTestTask.java:95)
	at java.base/java.util.ArrayList.forEach(ArrayList.java:1596)
	at org.junit.platform.engine.support.hierarchical.SameThreadHierarchicalTestExecutorService.invokeAll(SameThreadHierarchicalTestExecutorService.java:41)
	at org.junit.platform.engine.support.hierarchical.NodeTestTask.lambda$executeRecursively$6(NodeTestTask.java:155)
	at org.junit.platform.engine.support.hierarchical.ThrowableCollector.execute(ThrowableCollector.java:73)
	at org.junit.platform.engine.support.hierarchical.NodeTestTask.lambda$executeRecursively$8(NodeTestTask.java:141)
	at org.junit.platform.engine.support.hierarchical.Node.around(Node.java:137)
	at org.junit.platform.engine.support.hierarchical.NodeTestTask.lambda$executeRecursively$9(NodeTestTask.java:139)
	at org.junit.platform.engine.support.hierarchical.ThrowableCollector.execute(ThrowableCollector.java:73)
	at org.junit.platform.engine.support.hierarchical.NodeTestTask.executeRecursively(NodeTestTask.java:138)
	at org.junit.platform.engine.support.hierarchical.NodeTestTask.execute(NodeTestTask.java:95)
	at org.junit.platform.engine.support.hierarchical.SameThreadHierarchicalTestExecutorService.submit(SameThreadHierarchicalTestExecutorService.java:35)
	at org.junit.platform.engine.support.hierarchical.HierarchicalTestExecutor.execute(HierarchicalTestExecutor.java:57)
	at org.junit.platform.engine.support.hierarchical.HierarchicalTestEngine.execute(HierarchicalTestEngine.java:54)
	at org.junit.platform.launcher.core.EngineExecutionOrchestrator.execute(EngineExecutionOrchestrator.java:198)
	at org.junit.platform.launcher.core.EngineExecutionOrchestrator.execute(EngineExecutionOrchestrator.java:169)
	at org.junit.platform.launcher.core.EngineExecutionOrchestrator.execute(EngineExecutionOrchestrator.java:93)
	at org.junit.platform.launcher.core.EngineExecutionOrchestrator.lambda$execute$0(EngineExecutionOrchestrator.java:58)
	at org.junit.platform.launcher.core.EngineExecutionOrchestrator.withInterceptedStreams(EngineExecutionOrchestrator.java:141)
	at org.junit.platform.launcher.core.EngineExecutionOrchestrator.execute(EngineExecutionOrchestrator.java:57)
	at org.junit.platform.launcher.core.DefaultLauncher.execute(DefaultLauncher.java:103)
	at org.junit.platform.launcher.core.DefaultLauncher.execute(DefaultLauncher.java:85)
	at org.junit.platform.launcher.core.DelegatingLauncher.execute(DelegatingLauncher.java:47)
	at org.junit.platform.launcher.core.SessionPerRequestLauncher.execute(SessionPerRequestLauncher.java:63)
	at com.intellij.junit5.JUnit5IdeaTestRunner.startRunnerWithArgs(JUnit5IdeaTestRunner.java:57)
	at com.intellij.rt.junit.IdeaTestRunner$Repeater$1.execute(IdeaTestRunner.java:38)
	at com.intellij.rt.execution.junit.TestsRepeater.repeat(TestsRepeater.java:11)
	at com.intellij.rt.junit.IdeaTestRunner$Repeater.startRunnerWithArgs(IdeaTestRunner.java:35)
	at com.intellij.rt.junit.JUnitStarter.prepareStreamsAndStart(JUnitStarter.java:232)
	at com.intellij.rt.junit.JUnitStarter.main(JUnitStarter.java:55)
2025-02-20 07:58:10 [main] INFO  l.insoft.uztis.tests.utils.TestUtils - Screenshot moved to C:\Users\ingrida.zadorozniene\Desktop\Asm\UZTIS\UZTIS_tests\test-output\screenshots\20250220\075810568_testFillNewDVPApplicationFA().png
2025-02-20 08:07:10 [main] INFO  lt.insoft.uztis.tests.UztisPageTest - Navigated to https://uztisdev.asseco.lt/home
2025-02-20 08:07:10 [main] INFO  l.i.u.t.SubmittedApplicationsPageTest - Starting test:'testFillNewDVPApplicationFA'
2025-02-20 08:07:11 [main] DEBUG l.i.u.t.SubmittedApplicationsPageTest - User logged in with test credentials.
2025-02-20 08:07:11 [main] DEBUG l.i.u.t.SubmittedApplicationsPageTest - Opened 'Application Processing' menu.
2025-02-20 08:07:11 [main] DEBUG l.i.u.t.SubmittedApplicationsPageTest - Clicked on 'Application Forms' menu.
2025-02-20 08:07:12 [main] DEBUG l.i.u.t.SubmittedApplicationsPageTest - Retrieved last description code text: 'TST-DVP-78'.
2025-02-20 08:07:12 [main] DEBUG l.i.u.t.SubmittedApplicationsPageTest - Clicked on 'Invitation' menu.
2025-02-20 08:07:13 [main] DEBUG l.i.u.t.SubmittedApplicationsPageTest - Selected application section by code: 'TST-DVP-78'.
2025-02-20 08:07:13 [main] DEBUG l.i.u.t.SubmittedApplicationsPageTest - Clicked 'Search' button.
2025-02-20 08:07:13 [main] DEBUG l.i.u.t.SubmittedApplicationsPageTest - Retrieved invitation code: ''.
2025-02-20 08:07:13 [main] DEBUG l.i.u.t.SubmittedApplicationsPageTest - Clicked on 'Submitted Applications' menu.
2025-02-20 08:07:14 [main] DEBUG l.i.u.t.SubmittedApplicationsPageTest - Selected invitation by code: 'TST-DVP-78'.
2025-02-20 08:07:14 [main] DEBUG l.i.u.t.SubmittedApplicationsPageTest - Invitation code inserted.
2025-02-20 08:07:15 [main] DEBUG l.i.u.t.SubmittedApplicationsPageTest - Clicked on 'Action Application' button.
2025-02-20 08:07:15 [main] DEBUG l.i.u.t.SubmittedApplicationsPageTest - Clicked on 'New Application' button.
2025-02-20 08:07:15 [main] DEBUG l.i.u.t.SubmittedApplicationsPageTest - Selected the 'RadioButtonFA' option.
2025-02-20 08:07:16 [main] DEBUG l.i.u.t.SubmittedApplicationsPageTest - Entered phone number: '61298745'.
2025-02-20 08:07:16 [main] DEBUG l.i.u.t.SubmittedApplicationsPageTest - Entered email: 'test@autotest.com'.
2025-02-20 08:07:26 [main] DEBUG l.i.u.t.SubmittedApplicationsPageTest - Checked 'For workplace adaptation' checkbox 1.
2025-02-20 08:07:36 [main] DEBUG l.i.u.t.SubmittedApplicationsPageTest - Checked 'For environmental adaptation' checkbox 2.
2025-02-20 08:07:36 [main] INFO  l.i.u.p.SubmittedApplicationsPage - Located the dropdown button.
2025-02-20 08:07:51 [main] INFO  l.i.u.p.SubmittedApplicationsPage - Found 1741 options in the dropdown.
2025-02-20 08:07:51 [main] INFO  l.i.u.p.SubmittedApplicationsPage - Successfully selected the value: '01.11 - Grūdinių (išskyrus ryžius), ankštinių ir aliejingų sėklų augalų auginimas'
2025-02-20 08:08:01 [main] ERROR l.i.u.p.SubmittedApplicationsPage - Failed to close the dropdown with aria-expanded = 'false'. Attempting manual close.
2025-02-20 08:08:01 [main] INFO  l.i.u.p.SubmittedApplicationsPage - Manual close attempt for the dropdown using body click.
2025-02-20 08:08:01 [main] DEBUG l.i.u.t.SubmittedApplicationsPageTest - Selected EVRK value: '01.11 - Grūdinių (išskyrus ryžius), ankštinių ir aliejingų sėklų augalų auginimas'.
2025-02-20 08:08:02 [main] DEBUG l.i.u.t.SubmittedApplicationsPageTest - Entered address: 'Vilniaus m. sav., Vilnius, Testo g. 10T'.
2025-02-20 08:08:02 [main] DEBUG l.i.u.t.SubmittedApplicationsPageTest - Selected 'For already working' option.
2025-02-20 08:08:02 [main] DEBUG l.i.u.t.SubmittedApplicationsPageTest - Entered person count1: '1'.
2025-02-20 08:08:02 [main] DEBUG l.i.u.t.SubmittedApplicationsPageTest - Selected 'For new working' option.
2025-02-20 08:08:02 [main] DEBUG l.i.u.t.SubmittedApplicationsPageTest - Entered person count2: '1'.
2025-02-20 08:08:03 [main] DEBUG l.i.u.t.SubmittedApplicationsPageTest - Clicked 'Next' button after checkboxes.
2025-02-20 08:08:03 [main] INFO  l.i.u.p.SubmittedApplicationsPage - Located the dropdown button.
2025-02-20 08:08:04 [main] INFO  l.i.u.p.SubmittedApplicationsPage - Successfully selected the value: 'Administratoriai'
2025-02-20 08:08:34 [main] ERROR l.i.u.p.SubmittedApplicationsPage - Timeout while waiting for dropdown to close with aria-expanded = 'false'.
2025-02-20 08:08:34 [main] DEBUG l.i.u.t.SubmittedApplicationsPageTest - Selected adaptable job name: 'Administratoriai'.
2025-02-20 08:08:34 [main] DEBUG l.i.u.t.SubmittedApplicationsPageTest - Entered job date.
2025-02-20 08:08:34 [main] DEBUG l.i.u.t.SubmittedApplicationsPageTest - Entered job function: 'Funkcija 1'.
2025-02-20 08:08:35 [main] DEBUG l.i.u.t.SubmittedApplicationsPageTest - Selected 'ForAlreadyWorking' 'no' option.
2025-02-20 08:08:35 [main] INFO  l.i.u.p.SubmittedApplicationsPage - Clicking on the dropdown button.
2025-02-20 08:08:35 [main] INFO  l.i.u.p.SubmittedApplicationsPage - Found 6 options in the dropdown.
2025-02-20 08:08:35 [main] DEBUG l.i.u.p.SubmittedApplicationsPage - Checking option: 'Lengvo neįgalumo lygis ar 45-55 procentų dalyvumo lygis (iki 2023 m. gruodžio 31 d. – 45-55 procentų darbingumo lygis)'
2025-02-20 08:08:35 [main] DEBUG l.i.u.p.SubmittedApplicationsPage - Checking option: 'Lengvo neįgalumo lygis ar 45-55 procentų dalyvumo lygis (iki 2023 m. gruodžio 31 d. – 45-55 procentų darbingumo lygis)'
2025-02-20 08:08:35 [main] DEBUG l.i.u.p.SubmittedApplicationsPage - Checking option: 'Sunkaus neįgalumo lygis ar neviršijantis 25 procentų dalyvumo lygis (iki 2023 metų gruodžio 31 dienos – iki 25 procentų darbingumo lygis)'
2025-02-20 08:08:35 [main] INFO  l.i.u.p.SubmittedApplicationsPage - Successfully selected the value: 'Sunkaus neįgalumo lygis ar neviršijantis 25 procentų dalyvumo lygis (iki 2023 metų gruodžio 31 dienos – iki 25 procentų darbingumo lygis)'
2025-02-20 08:08:35 [main] INFO  l.i.u.p.SubmittedApplicationsPage - Attempting to close the dropdown.
2025-02-20 08:08:46 [main] INFO  l.i.u.p.SubmittedApplicationsPage - Dropdown should be closed now.
2025-02-20 08:08:46 [main] DEBUG l.i.u.t.SubmittedApplicationsPageTest - Selected disabilities type: 'Sunkaus neįgalumo lygis ar neviršijantis 25 procentų dalyvumo lygis (iki 2023 metų gruodžio 31 dienos – iki 25 procentų darbingumo lygis)'.
2025-02-20 08:08:46 [main] DEBUG l.i.u.t.SubmittedApplicationsPageTest - Entered disability information: 'Negalia 1'.
2025-02-20 08:08:46 [main] DEBUG l.i.u.t.SubmittedApplicationsPageTest - Entered qualification: 'Kvalifikacija 1'.
2025-02-20 08:08:46 [main] DEBUG l.i.u.t.SubmittedApplicationsPageTest - Entered job description: 'Darbo vietos aprašymas 1'.
2025-02-20 08:08:47 [main] DEBUG l.i.u.t.SubmittedApplicationsPageTest - Entered equipment description: 'Priemonių įsigyjimas 1'.
2025-02-20 08:08:47 [main] DEBUG l.i.u.t.SubmittedApplicationsPageTest - Entered work information: 'Darbai 1'.
2025-02-20 08:08:47 [main] INFO  l.i.u.p.SubmittedApplicationsPage - Located the dropdown button.
2025-02-20 08:08:47 [main] INFO  l.i.u.p.SubmittedApplicationsPage - Successfully selected the value: 'Kita'
2025-02-20 08:08:57 [main] ERROR l.i.u.p.SubmittedApplicationsPage - Timeout while waiting for dropdown to close with aria-expanded = 'false'.
2025-02-20 08:08:57 [main] DEBUG l.i.u.t.SubmittedApplicationsPageTest - Selected time mode: 'Kita'.
2025-02-20 08:08:58 [main] DEBUG l.i.u.t.SubmittedApplicationsPageTest - Selected time mode other: '6 val. per dieną ir 4 d. per savaitę'.
2025-02-20 08:08:58 [main] DEBUG l.i.u.t.SubmittedApplicationsPageTest - Entered salary amount: '1200'.
2025-02-20 08:08:58 [main] DEBUG l.i.u.t.SubmittedApplicationsPageTest - Selected 'Temporary Job' radio button.
2025-02-20 08:08:58 [main] DEBUG l.i.u.t.SubmittedApplicationsPageTest - Selected 'Season Job' radio button.
2025-02-20 08:08:58 [main] DEBUG l.i.u.t.SubmittedApplicationsPageTest - Selected 'PVM' radio button.
2025-02-20 08:08:58 [main] INFO  l.i.u.p.SubmittedApplicationsPage - Located the dropdown button.
2025-02-20 08:08:59 [main] INFO  l.i.u.p.SubmittedApplicationsPage - Successfully selected the value: 'Darbo vietos pritaikymui'
2025-02-20 08:09:29 [main] ERROR l.i.u.p.SubmittedApplicationsPage - Timeout while waiting for dropdown to close with aria-expanded = 'false'.
2025-02-20 08:09:29 [main] DEBUG l.i.u.t.SubmittedApplicationsPageTest - Selected adaptable job name: 'Darbo vietos pritaikymui'.
2025-02-20 08:09:29 [main] DEBUG l.i.u.t.SubmittedApplicationsPageTest - Selected tool: 'Darbo priemonė 1'.
2025-02-20 08:09:29 [main] DEBUG l.i.u.t.SubmittedApplicationsPageTest - Entered tool count: '1'.
2025-02-20 08:09:29 [main] DEBUG l.i.u.t.SubmittedApplicationsPageTest - Entered price amount: '1000'.
2025-02-20 08:09:29 [main] DEBUG l.i.u.t.SubmittedApplicationsPageTest - Entered own funds amount: '800'.
2025-02-20 08:10:20 [main] ERROR l.i.u.p.SubmittedApplicationsPage - Nepavyko atlikti dropdown pasirinkimo: Expected condition failed: waiting for element to be clickable: By.xpath: //mat-label[contains(text(), 'Reikalinga')] (tried for 50 second(s) with 500 milliseconds interval)
Build info: version: '4.27.0', revision: 'd6e718d134'
System info: os.name: 'Windows 11', os.arch: 'amd64', os.version: '10.0', java.version: '21.0.3'
Driver info: org.openqa.selenium.chrome.ChromeDriver
Capabilities {acceptInsecureCerts: false, browserName: chrome, browserVersion: 133.0.6943.99, chrome: {chromedriverVersion: 133.0.6943.126 (cffa127ce7b..., userDataDir: C:\Users\INGRID~1.ZAD\AppDa...}, fedcm:accounts: true, goog:chromeOptions: {debuggerAddress: localhost:57390}, networkConnectionEnabled: false, pageLoadStrategy: normal, platformName: windows, proxy: Proxy(), se:cdp: ws://localhost:57390/devtoo..., se:cdpVersion: 133.0.6943.99, setWindowRect: true, strictFileInteractability: false, timeouts: {implicit: 0, pageLoad: 300000, script: 30000}, unhandledPromptBehavior: dismiss and notify, webauthn:extension:credBlob: true, webauthn:extension:largeBlob: true, webauthn:extension:minPinLength: true, webauthn:extension:prf: true, webauthn:virtualAuthenticators: true}
Session ID: 7f05d61256968b0e06303d9fe1c6cc4b
2025-02-20 08:10:20 [main] DEBUG l.i.u.t.SubmittedApplicationsPageTest - Selected necessary for job: 'Įsigyti'.
2025-02-20 08:10:20 [main] DEBUG l.i.u.t.SubmittedApplicationsPageTest - Selected tool parameter one: 'Darbo priemonės 1 parametras 1'.
2025-02-20 08:10:20 [main] DEBUG l.i.u.t.SubmittedApplicationsPageTest - Selected tool parameter two: 'Darbo priemonės 1 parametras 2'.
2025-02-20 08:10:20 [main] DEBUG l.i.u.t.SubmittedApplicationsPageTest - Selected tool parameter three: 'Darbo priemonės 1 parametras 3'.
2025-02-20 08:10:21 [main] DEBUG l.i.u.t.SubmittedApplicationsPageTest - Selected 'De Minimis' radio button.
2025-02-20 08:10:21 [main] DEBUG l.i.u.t.SubmittedApplicationsPageTest - Entered program name: 'Programa 1'.
2025-02-20 08:10:21 [main] DEBUG l.i.u.t.SubmittedApplicationsPageTest - Entered project date from.
2025-02-20 08:10:21 [main] DEBUG l.i.u.t.SubmittedApplicationsPageTest - Entered project date until.
2025-02-20 08:10:21 [main] DEBUG l.i.u.t.SubmittedApplicationsPageTest - Entered support amount: '2000'.
2025-02-20 08:10:22 [main] DEBUG l.i.u.t.SubmittedApplicationsPageTest - Clicked 'Next' button.
2025-02-20 08:10:32 [main] DEBUG l.i.u.t.SubmittedApplicationsPageTest - Checked 'Legal Entities' checkbox 1.
2025-02-20 08:10:42 [main] DEBUG l.i.u.t.SubmittedApplicationsPageTest - Checked 'Legal Entities' checkbox 2.
2025-02-20 08:11:12 [main] ERROR l.i.u.t.SubmittedApplicationsPageTest - Test 'testFillNewDVPApplicationFA' failed with error: no such element: Unable to locate element: {"method":"xpath","selector":"(//div[contains(@class, 'mdc-checkbox')]//input[@type='checkbox'])[3]"}
  (Session info: chrome=133.0.6943.99)
For documentation on this error, please visit: https://www.selenium.dev/documentation/webdriver/troubleshooting/errors#no-such-element-exception
Build info: version: '4.27.0', revision: 'd6e718d134'
System info: os.name: 'Windows 11', os.arch: 'amd64', os.version: '10.0', java.version: '21.0.3'
Driver info: org.openqa.selenium.chrome.ChromeDriver
Command: [7f05d61256968b0e06303d9fe1c6cc4b, findElement {value=(//div[contains(@class, 'mdc-checkbox')]//input[@type='checkbox'])[3], using=xpath}]
Capabilities {acceptInsecureCerts: false, browserName: chrome, browserVersion: 133.0.6943.99, chrome: {chromedriverVersion: 133.0.6943.126 (cffa127ce7b..., userDataDir: C:\Users\INGRID~1.ZAD\AppDa...}, fedcm:accounts: true, goog:chromeOptions: {debuggerAddress: localhost:57390}, networkConnectionEnabled: false, pageLoadStrategy: normal, platformName: windows, proxy: Proxy(), se:cdp: ws://localhost:57390/devtoo..., se:cdpVersion: 133.0.6943.99, setWindowRect: true, strictFileInteractability: false, timeouts: {implicit: 0, pageLoad: 300000, script: 30000}, unhandledPromptBehavior: dismiss and notify, webauthn:extension:credBlob: true, webauthn:extension:largeBlob: true, webauthn:extension:minPinLength: true, webauthn:extension:prf: true, webauthn:virtualAuthenticators: true}
Session ID: 7f05d61256968b0e06303d9fe1c6cc4b
org.openqa.selenium.NoSuchElementException: no such element: Unable to locate element: {"method":"xpath","selector":"(//div[contains(@class, 'mdc-checkbox')]//input[@type='checkbox'])[3]"}
  (Session info: chrome=133.0.6943.99)
For documentation on this error, please visit: https://www.selenium.dev/documentation/webdriver/troubleshooting/errors#no-such-element-exception
Build info: version: '4.27.0', revision: 'd6e718d134'
System info: os.name: 'Windows 11', os.arch: 'amd64', os.version: '10.0', java.version: '21.0.3'
Driver info: org.openqa.selenium.chrome.ChromeDriver
Command: [7f05d61256968b0e06303d9fe1c6cc4b, findElement {value=(//div[contains(@class, 'mdc-checkbox')]//input[@type='checkbox'])[3], using=xpath}]
Capabilities {acceptInsecureCerts: false, browserName: chrome, browserVersion: 133.0.6943.99, chrome: {chromedriverVersion: 133.0.6943.126 (cffa127ce7b..., userDataDir: C:\Users\INGRID~1.ZAD\AppDa...}, fedcm:accounts: true, goog:chromeOptions: {debuggerAddress: localhost:57390}, networkConnectionEnabled: false, pageLoadStrategy: normal, platformName: windows, proxy: Proxy(), se:cdp: ws://localhost:57390/devtoo..., se:cdpVersion: 133.0.6943.99, setWindowRect: true, strictFileInteractability: false, timeouts: {implicit: 0, pageLoad: 300000, script: 30000}, unhandledPromptBehavior: dismiss and notify, webauthn:extension:credBlob: true, webauthn:extension:largeBlob: true, webauthn:extension:minPinLength: true, webauthn:extension:prf: true, webauthn:virtualAuthenticators: true}
Session ID: 7f05d61256968b0e06303d9fe1c6cc4b
	at java.base/jdk.internal.reflect.DirectConstructorHandleAccessor.newInstance(DirectConstructorHandleAccessor.java:62)
	at java.base/java.lang.reflect.Constructor.newInstanceWithCaller(Constructor.java:502)
	at java.base/java.lang.reflect.Constructor.newInstance(Constructor.java:486)
	at org.openqa.selenium.remote.ErrorCodec.decode(ErrorCodec.java:167)
	at org.openqa.selenium.remote.codec.w3c.W3CHttpResponseCodec.decode(W3CHttpResponseCodec.java:138)
	at org.openqa.selenium.remote.codec.w3c.W3CHttpResponseCodec.decode(W3CHttpResponseCodec.java:50)
	at org.openqa.selenium.remote.HttpCommandExecutor.execute(HttpCommandExecutor.java:190)
	at org.openqa.selenium.remote.service.DriverCommandExecutor.invokeExecute(DriverCommandExecutor.java:216)
	at org.openqa.selenium.remote.service.DriverCommandExecutor.execute(DriverCommandExecutor.java:174)
	at org.openqa.selenium.remote.RemoteWebDriver.execute(RemoteWebDriver.java:545)
	at org.openqa.selenium.remote.ElementLocation$ElementFinder$2.findElement(ElementLocation.java:165)
	at org.openqa.selenium.remote.ElementLocation.findElement(ElementLocation.java:59)
	at org.openqa.selenium.remote.RemoteWebDriver.findElement(RemoteWebDriver.java:368)
	at org.openqa.selenium.remote.RemoteWebDriver.findElement(RemoteWebDriver.java:362)
	at org.openqa.selenium.support.pagefactory.DefaultElementLocator.findElement(DefaultElementLocator.java:68)
	at org.openqa.selenium.support.pagefactory.internal.LocatingElementHandler.invoke(LocatingElementHandler.java:38)
	at jdk.proxy2/jdk.proxy2.$Proxy14.getWrappedElement(Unknown Source)
	at org.openqa.selenium.remote.WebElementToJsonConverter.apply(WebElementToJsonConverter.java:48)
	at java.base/java.util.stream.ReferencePipeline$3$1.accept(ReferencePipeline.java:197)
	at java.base/java.util.Spliterators$ArraySpliterator.forEachRemaining(Spliterators.java:1024)
	at java.base/java.util.stream.AbstractPipeline.copyInto(AbstractPipeline.java:509)
	at java.base/java.util.stream.AbstractPipeline.wrapAndCopyInto(AbstractPipeline.java:499)
	at java.base/java.util.stream.ReduceOps$ReduceOp.evaluateSequential(ReduceOps.java:921)
	at java.base/java.util.stream.AbstractPipeline.evaluate(AbstractPipeline.java:234)
	at java.base/java.util.stream.ReferencePipeline.collect(ReferencePipeline.java:682)
	at org.openqa.selenium.remote.RemoteWebDriver.executeScript(RemoteWebDriver.java:474)
	at lt.insoft.uztis.pages.SubmittedApplicationsPage$CheckboxHelper.clickWithJavaScript(SubmittedApplicationsPage.java:1455)
	at lt.insoft.uztis.pages.SubmittedApplicationsPage$CheckboxHelper.setConfirmationCheckbox(SubmittedApplicationsPage.java:1444)
	at lt.insoft.uztis.tests.SubmittedApplicationsPageTest.testFillNewDVPApplicationFA(SubmittedApplicationsPageTest.java:719)
	at java.base/jdk.internal.reflect.DirectMethodHandleAccessor.invoke(DirectMethodHandleAccessor.java:103)
	at java.base/java.lang.reflect.Method.invoke(Method.java:580)
	at org.junit.platform.commons.util.ReflectionUtils.invokeMethod(ReflectionUtils.java:728)
	at org.junit.jupiter.engine.execution.MethodInvocation.proceed(MethodInvocation.java:60)
	at org.junit.jupiter.engine.execution.InvocationInterceptorChain$ValidatingInvocation.proceed(InvocationInterceptorChain.java:131)
	at org.junit.jupiter.engine.extension.TimeoutExtension.intercept(TimeoutExtension.java:156)
	at org.junit.jupiter.engine.extension.TimeoutExtension.interceptTestableMethod(TimeoutExtension.java:147)
	at org.junit.jupiter.engine.extension.TimeoutExtension.interceptTestMethod(TimeoutExtension.java:86)
	at org.junit.jupiter.engine.execution.InterceptingExecutableInvoker$ReflectiveInterceptorCall.lambda$ofVoidMethod$0(InterceptingExecutableInvoker.java:103)
	at org.junit.jupiter.engine.execution.InterceptingExecutableInvoker.lambda$invoke$0(InterceptingExecutableInvoker.java:93)
	at org.junit.jupiter.engine.execution.InvocationInterceptorChain$InterceptedInvocation.proceed(InvocationInterceptorChain.java:106)
	at org.junit.jupiter.engine.execution.InvocationInterceptorChain.proceed(InvocationInterceptorChain.java:64)
	at org.junit.jupiter.engine.execution.InvocationInterceptorChain.chainAndInvoke(InvocationInterceptorChain.java:45)
	at org.junit.jupiter.engine.execution.InvocationInterceptorChain.invoke(InvocationInterceptorChain.java:37)
	at org.junit.jupiter.engine.execution.InterceptingExecutableInvoker.invoke(InterceptingExecutableInvoker.java:92)
	at org.junit.jupiter.engine.execution.InterceptingExecutableInvoker.invoke(InterceptingExecutableInvoker.java:86)
	at org.junit.jupiter.engine.descriptor.TestMethodTestDescriptor.lambda$invokeTestMethod$7(TestMethodTestDescriptor.java:218)
	at org.junit.platform.engine.support.hierarchical.ThrowableCollector.execute(ThrowableCollector.java:73)
	at org.junit.jupiter.engine.descriptor.TestMethodTestDescriptor.invokeTestMethod(TestMethodTestDescriptor.java:214)
	at org.junit.jupiter.engine.descriptor.TestMethodTestDescriptor.execute(TestMethodTestDescriptor.java:139)
	at org.junit.jupiter.engine.descriptor.TestMethodTestDescriptor.execute(TestMethodTestDescriptor.java:69)
	at org.junit.platform.engine.support.hierarchical.NodeTestTask.lambda$executeRecursively$6(NodeTestTask.java:151)
	at org.junit.platform.engine.support.hierarchical.ThrowableCollector.execute(ThrowableCollector.java:73)
	at org.junit.platform.engine.support.hierarchical.NodeTestTask.lambda$executeRecursively$8(NodeTestTask.java:141)
	at org.junit.platform.engine.support.hierarchical.Node.around(Node.java:137)
	at org.junit.platform.engine.support.hierarchical.NodeTestTask.lambda$executeRecursively$9(NodeTestTask.java:139)
	at org.junit.platform.engine.support.hierarchical.ThrowableCollector.execute(ThrowableCollector.java:73)
	at org.junit.platform.engine.support.hierarchical.NodeTestTask.executeRecursively(NodeTestTask.java:138)
	at org.junit.platform.engine.support.hierarchical.NodeTestTask.execute(NodeTestTask.java:95)
	at java.base/java.util.ArrayList.forEach(ArrayList.java:1596)
	at org.junit.platform.engine.support.hierarchical.SameThreadHierarchicalTestExecutorService.invokeAll(SameThreadHierarchicalTestExecutorService.java:41)
	at org.junit.platform.engine.support.hierarchical.NodeTestTask.lambda$executeRecursively$6(NodeTestTask.java:155)
	at org.junit.platform.engine.support.hierarchical.ThrowableCollector.execute(ThrowableCollector.java:73)
	at org.junit.platform.engine.support.hierarchical.NodeTestTask.lambda$executeRecursively$8(NodeTestTask.java:141)
	at org.junit.platform.engine.support.hierarchical.Node.around(Node.java:137)
	at org.junit.platform.engine.support.hierarchical.NodeTestTask.lambda$executeRecursively$9(NodeTestTask.java:139)
	at org.junit.platform.engine.support.hierarchical.ThrowableCollector.execute(ThrowableCollector.java:73)
	at org.junit.platform.engine.support.hierarchical.NodeTestTask.executeRecursively(NodeTestTask.java:138)
	at org.junit.platform.engine.support.hierarchical.NodeTestTask.execute(NodeTestTask.java:95)
	at java.base/java.util.ArrayList.forEach(ArrayList.java:1596)
	at org.junit.platform.engine.support.hierarchical.SameThreadHierarchicalTestExecutorService.invokeAll(SameThreadHierarchicalTestExecutorService.java:41)
	at org.junit.platform.engine.support.hierarchical.NodeTestTask.lambda$executeRecursively$6(NodeTestTask.java:155)
	at org.junit.platform.engine.support.hierarchical.ThrowableCollector.execute(ThrowableCollector.java:73)
	at org.junit.platform.engine.support.hierarchical.NodeTestTask.lambda$executeRecursively$8(NodeTestTask.java:141)
	at org.junit.platform.engine.support.hierarchical.Node.around(Node.java:137)
	at org.junit.platform.engine.support.hierarchical.NodeTestTask.lambda$executeRecursively$9(NodeTestTask.java:139)
	at org.junit.platform.engine.support.hierarchical.ThrowableCollector.execute(ThrowableCollector.java:73)
	at org.junit.platform.engine.support.hierarchical.NodeTestTask.executeRecursively(NodeTestTask.java:138)
	at org.junit.platform.engine.support.hierarchical.NodeTestTask.execute(NodeTestTask.java:95)
	at org.junit.platform.engine.support.hierarchical.SameThreadHierarchicalTestExecutorService.submit(SameThreadHierarchicalTestExecutorService.java:35)
	at org.junit.platform.engine.support.hierarchical.HierarchicalTestExecutor.execute(HierarchicalTestExecutor.java:57)
	at org.junit.platform.engine.support.hierarchical.HierarchicalTestEngine.execute(HierarchicalTestEngine.java:54)
	at org.junit.platform.launcher.core.EngineExecutionOrchestrator.execute(EngineExecutionOrchestrator.java:198)
	at org.junit.platform.launcher.core.EngineExecutionOrchestrator.execute(EngineExecutionOrchestrator.java:169)
	at org.junit.platform.launcher.core.EngineExecutionOrchestrator.execute(EngineExecutionOrchestrator.java:93)
	at org.junit.platform.launcher.core.EngineExecutionOrchestrator.lambda$execute$0(EngineExecutionOrchestrator.java:58)
	at org.junit.platform.launcher.core.EngineExecutionOrchestrator.withInterceptedStreams(EngineExecutionOrchestrator.java:141)
	at org.junit.platform.launcher.core.EngineExecutionOrchestrator.execute(EngineExecutionOrchestrator.java:57)
	at org.junit.platform.launcher.core.DefaultLauncher.execute(DefaultLauncher.java:103)
	at org.junit.platform.launcher.core.DefaultLauncher.execute(DefaultLauncher.java:85)
	at org.junit.platform.launcher.core.DelegatingLauncher.execute(DelegatingLauncher.java:47)
	at org.junit.platform.launcher.core.SessionPerRequestLauncher.execute(SessionPerRequestLauncher.java:63)
	at com.intellij.junit5.JUnit5IdeaTestRunner.startRunnerWithArgs(JUnit5IdeaTestRunner.java:57)
	at com.intellij.rt.junit.IdeaTestRunner$Repeater$1.execute(IdeaTestRunner.java:38)
	at com.intellij.rt.execution.junit.TestsRepeater.repeat(TestsRepeater.java:11)
	at com.intellij.rt.junit.IdeaTestRunner$Repeater.startRunnerWithArgs(IdeaTestRunner.java:35)
	at com.intellij.rt.junit.JUnitStarter.prepareStreamsAndStart(JUnitStarter.java:232)
	at com.intellij.rt.junit.JUnitStarter.main(JUnitStarter.java:55)
2025-02-20 08:11:12 [main] INFO  l.insoft.uztis.tests.utils.TestUtils - Screenshot moved to C:\Users\ingrida.zadorozniene\Desktop\Asm\UZTIS\UZTIS_tests\test-output\screenshots\20250220\081112617_testFillNewDVPApplicationFA().png
2025-02-20 08:16:32 [main] INFO  lt.insoft.uztis.tests.UztisPageTest - Navigated to https://uztisdev.asseco.lt/home
2025-02-20 08:16:33 [main] INFO  l.i.u.t.SubmittedApplicationsPageTest - Starting test:'testFillNewDVPApplicationFA'
2025-02-20 08:16:33 [main] DEBUG l.i.u.t.SubmittedApplicationsPageTest - User logged in with test credentials.
2025-02-20 08:16:34 [main] DEBUG l.i.u.t.SubmittedApplicationsPageTest - Opened 'Application Processing' menu.
2025-02-20 08:16:34 [main] DEBUG l.i.u.t.SubmittedApplicationsPageTest - Clicked on 'Application Forms' menu.
2025-02-20 08:16:34 [main] DEBUG l.i.u.t.SubmittedApplicationsPageTest - Retrieved last description code text: 'TST-DVP-78'.
2025-02-20 08:16:34 [main] DEBUG l.i.u.t.SubmittedApplicationsPageTest - Clicked on 'Invitation' menu.
2025-02-20 08:16:35 [main] DEBUG l.i.u.t.SubmittedApplicationsPageTest - Selected application section by code: 'TST-DVP-78'.
2025-02-20 08:16:36 [main] DEBUG l.i.u.t.SubmittedApplicationsPageTest - Clicked 'Search' button.
2025-02-20 08:16:36 [main] DEBUG l.i.u.t.SubmittedApplicationsPageTest - Retrieved invitation code: ''.
2025-02-20 08:16:36 [main] DEBUG l.i.u.t.SubmittedApplicationsPageTest - Clicked on 'Submitted Applications' menu.
2025-02-20 08:16:37 [main] DEBUG l.i.u.t.SubmittedApplicationsPageTest - Selected invitation by code: 'TST-DVP-78'.
2025-02-20 08:16:37 [main] DEBUG l.i.u.t.SubmittedApplicationsPageTest - Invitation code inserted.
2025-02-20 08:16:37 [main] DEBUG l.i.u.t.SubmittedApplicationsPageTest - Clicked on 'Action Application' button.
2025-02-20 08:16:37 [main] DEBUG l.i.u.t.SubmittedApplicationsPageTest - Clicked on 'New Application' button.
2025-02-20 08:16:38 [main] DEBUG l.i.u.t.SubmittedApplicationsPageTest - Selected the 'RadioButtonFA' option.
2025-02-20 08:16:38 [main] DEBUG l.i.u.t.SubmittedApplicationsPageTest - Entered phone number: '61298745'.
2025-02-20 08:16:39 [main] DEBUG l.i.u.t.SubmittedApplicationsPageTest - Entered email: 'test@autotest.com'.
2025-02-20 08:16:49 [main] DEBUG l.i.u.t.SubmittedApplicationsPageTest - Checked 'For workplace adaptation' checkbox 1.
2025-02-20 08:16:59 [main] DEBUG l.i.u.t.SubmittedApplicationsPageTest - Checked 'For environmental adaptation' checkbox 2.
2025-02-20 08:16:59 [main] INFO  l.i.u.p.SubmittedApplicationsPage - Located the dropdown button.
2025-02-20 08:17:15 [main] INFO  l.i.u.p.SubmittedApplicationsPage - Found 1741 options in the dropdown.
2025-02-20 08:17:15 [main] INFO  l.i.u.p.SubmittedApplicationsPage - Successfully selected the value: '01.11 - Grūdinių (išskyrus ryžius), ankštinių ir aliejingų sėklų augalų auginimas'
2025-02-20 08:17:26 [main] ERROR l.i.u.p.SubmittedApplicationsPage - Failed to close the dropdown with aria-expanded = 'false'. Attempting manual close.
2025-02-20 08:17:26 [main] INFO  l.i.u.p.SubmittedApplicationsPage - Manual close attempt for the dropdown using body click.
2025-02-20 08:17:26 [main] DEBUG l.i.u.t.SubmittedApplicationsPageTest - Selected EVRK value: '01.11 - Grūdinių (išskyrus ryžius), ankštinių ir aliejingų sėklų augalų auginimas'.
2025-02-20 08:17:26 [main] DEBUG l.i.u.t.SubmittedApplicationsPageTest - Entered address: 'Vilniaus m. sav., Vilnius, Testo g. 10T'.
2025-02-20 08:17:26 [main] DEBUG l.i.u.t.SubmittedApplicationsPageTest - Selected 'For already working' option.
2025-02-20 08:17:27 [main] DEBUG l.i.u.t.SubmittedApplicationsPageTest - Entered person count1: '1'.
2025-02-20 08:17:27 [main] DEBUG l.i.u.t.SubmittedApplicationsPageTest - Selected 'For new working' option.
2025-02-20 08:17:27 [main] DEBUG l.i.u.t.SubmittedApplicationsPageTest - Entered person count2: '1'.
2025-02-20 08:17:27 [main] DEBUG l.i.u.t.SubmittedApplicationsPageTest - Clicked 'Next' button after checkboxes.
2025-02-20 08:17:27 [main] INFO  l.i.u.p.SubmittedApplicationsPage - Located the dropdown button.
2025-02-20 08:17:28 [main] INFO  l.i.u.p.SubmittedApplicationsPage - Successfully selected the value: 'Administratoriai'
2025-02-20 08:17:58 [main] ERROR l.i.u.p.SubmittedApplicationsPage - Timeout while waiting for dropdown to close with aria-expanded = 'false'.
2025-02-20 08:17:58 [main] DEBUG l.i.u.t.SubmittedApplicationsPageTest - Selected adaptable job name: 'Administratoriai'.
2025-02-20 08:17:59 [main] DEBUG l.i.u.t.SubmittedApplicationsPageTest - Entered job date.
2025-02-20 08:17:59 [main] DEBUG l.i.u.t.SubmittedApplicationsPageTest - Entered job function: 'Funkcija 1'.
2025-02-20 08:17:59 [main] DEBUG l.i.u.t.SubmittedApplicationsPageTest - Selected 'ForAlreadyWorking' 'no' option.
2025-02-20 08:17:59 [main] INFO  l.i.u.p.SubmittedApplicationsPage - Clicking on the dropdown button.
2025-02-20 08:17:59 [main] INFO  l.i.u.p.SubmittedApplicationsPage - Found 6 options in the dropdown.
2025-02-20 08:17:59 [main] DEBUG l.i.u.p.SubmittedApplicationsPage - Checking option: 'Lengvo neįgalumo lygis ar 45-55 procentų dalyvumo lygis (iki 2023 m. gruodžio 31 d. – 45-55 procentų darbingumo lygis)'
2025-02-20 08:17:59 [main] DEBUG l.i.u.p.SubmittedApplicationsPage - Checking option: 'Lengvo neįgalumo lygis ar 45-55 procentų dalyvumo lygis (iki 2023 m. gruodžio 31 d. – 45-55 procentų darbingumo lygis)'
2025-02-20 08:17:59 [main] DEBUG l.i.u.p.SubmittedApplicationsPage - Checking option: 'Sunkaus neįgalumo lygis ar neviršijantis 25 procentų dalyvumo lygis (iki 2023 metų gruodžio 31 dienos – iki 25 procentų darbingumo lygis)'
2025-02-20 08:17:59 [main] INFO  l.i.u.p.SubmittedApplicationsPage - Successfully selected the value: 'Sunkaus neįgalumo lygis ar neviršijantis 25 procentų dalyvumo lygis (iki 2023 metų gruodžio 31 dienos – iki 25 procentų darbingumo lygis)'
2025-02-20 08:17:59 [main] INFO  l.i.u.p.SubmittedApplicationsPage - Attempting to close the dropdown.
2025-02-20 08:18:10 [main] INFO  l.i.u.p.SubmittedApplicationsPage - Dropdown should be closed now.
2025-02-20 08:18:10 [main] DEBUG l.i.u.t.SubmittedApplicationsPageTest - Selected disabilities type: 'Sunkaus neįgalumo lygis ar neviršijantis 25 procentų dalyvumo lygis (iki 2023 metų gruodžio 31 dienos – iki 25 procentų darbingumo lygis)'.
2025-02-20 08:18:10 [main] DEBUG l.i.u.t.SubmittedApplicationsPageTest - Entered disability information: 'Negalia 1'.
2025-02-20 08:18:10 [main] DEBUG l.i.u.t.SubmittedApplicationsPageTest - Entered qualification: 'Kvalifikacija 1'.
2025-02-20 08:18:11 [main] DEBUG l.i.u.t.SubmittedApplicationsPageTest - Entered job description: 'Darbo vietos aprašymas 1'.
2025-02-20 08:18:11 [main] DEBUG l.i.u.t.SubmittedApplicationsPageTest - Entered equipment description: 'Priemonių įsigyjimas 1'.
2025-02-20 08:18:11 [main] DEBUG l.i.u.t.SubmittedApplicationsPageTest - Entered work information: 'Darbai 1'.
2025-02-20 08:18:11 [main] INFO  l.i.u.p.SubmittedApplicationsPage - Located the dropdown button.
2025-02-20 08:18:11 [main] INFO  l.i.u.p.SubmittedApplicationsPage - Successfully selected the value: 'Kita'
2025-02-20 08:18:22 [main] ERROR l.i.u.p.SubmittedApplicationsPage - Timeout while waiting for dropdown to close with aria-expanded = 'false'.
2025-02-20 08:18:22 [main] DEBUG l.i.u.t.SubmittedApplicationsPageTest - Selected time mode: 'Kita'.
2025-02-20 08:18:22 [main] DEBUG l.i.u.t.SubmittedApplicationsPageTest - Selected time mode other: '6 val. per dieną ir 4 d. per savaitę'.
2025-02-20 08:18:22 [main] DEBUG l.i.u.t.SubmittedApplicationsPageTest - Entered salary amount: '1200'.
2025-02-20 08:18:22 [main] DEBUG l.i.u.t.SubmittedApplicationsPageTest - Selected 'Temporary Job' radio button.
2025-02-20 08:18:23 [main] DEBUG l.i.u.t.SubmittedApplicationsPageTest - Selected 'Season Job' radio button.
2025-02-20 08:18:23 [main] DEBUG l.i.u.t.SubmittedApplicationsPageTest - Selected 'PVM' radio button.
2025-02-20 08:18:23 [main] INFO  l.i.u.p.SubmittedApplicationsPage - Located the dropdown button.
2025-02-20 08:18:23 [main] INFO  l.i.u.p.SubmittedApplicationsPage - Successfully selected the value: 'Darbo vietos pritaikymui'
2025-02-20 08:18:53 [main] ERROR l.i.u.p.SubmittedApplicationsPage - Timeout while waiting for dropdown to close with aria-expanded = 'false'.
2025-02-20 08:18:53 [main] DEBUG l.i.u.t.SubmittedApplicationsPageTest - Selected adaptable job name: 'Darbo vietos pritaikymui'.
2025-02-20 08:18:54 [main] DEBUG l.i.u.t.SubmittedApplicationsPageTest - Selected tool: 'Darbo priemonė 1'.
2025-02-20 08:18:54 [main] DEBUG l.i.u.t.SubmittedApplicationsPageTest - Entered tool count: '1'.
2025-02-20 08:18:54 [main] DEBUG l.i.u.t.SubmittedApplicationsPageTest - Entered price amount: '1000'.
2025-02-20 08:18:54 [main] DEBUG l.i.u.t.SubmittedApplicationsPageTest - Entered own funds amount: '800'.
2025-02-20 08:18:54 [main] INFO  l.i.u.p.SubmittedApplicationsPage - Located the dropdown button.
2025-02-20 08:28:02 [main] INFO  lt.insoft.uztis.tests.UztisPageTest - Navigated to https://uztisdev.asseco.lt/home
2025-02-20 08:28:02 [main] INFO  l.i.u.t.SubmittedApplicationsPageTest - Starting test:'testFillNewDVPApplicationFA'
2025-02-20 08:28:03 [main] DEBUG l.i.u.t.SubmittedApplicationsPageTest - User logged in with test credentials.
2025-02-20 08:28:03 [main] DEBUG l.i.u.t.SubmittedApplicationsPageTest - Opened 'Application Processing' menu.
2025-02-20 08:28:03 [main] DEBUG l.i.u.t.SubmittedApplicationsPageTest - Clicked on 'Application Forms' menu.
2025-02-20 08:28:04 [main] DEBUG l.i.u.t.SubmittedApplicationsPageTest - Retrieved last description code text: 'TST-DVP-78'.
2025-02-20 08:28:04 [main] DEBUG l.i.u.t.SubmittedApplicationsPageTest - Clicked on 'Invitation' menu.
2025-02-20 08:28:05 [main] DEBUG l.i.u.t.SubmittedApplicationsPageTest - Selected application section by code: 'TST-DVP-78'.
2025-02-20 08:28:05 [main] DEBUG l.i.u.t.SubmittedApplicationsPageTest - Clicked 'Search' button.
2025-02-20 08:28:05 [main] DEBUG l.i.u.t.SubmittedApplicationsPageTest - Retrieved invitation code: ''.
2025-02-20 08:28:05 [main] DEBUG l.i.u.t.SubmittedApplicationsPageTest - Clicked on 'Submitted Applications' menu.
2025-02-20 08:28:06 [main] DEBUG l.i.u.t.SubmittedApplicationsPageTest - Selected invitation by code: 'TST-DVP-78'.
2025-02-20 08:28:06 [main] DEBUG l.i.u.t.SubmittedApplicationsPageTest - Invitation code inserted.
2025-02-20 08:28:07 [main] DEBUG l.i.u.t.SubmittedApplicationsPageTest - Clicked on 'Action Application' button.
2025-02-20 08:28:07 [main] DEBUG l.i.u.t.SubmittedApplicationsPageTest - Clicked on 'New Application' button.
2025-02-20 08:28:07 [main] DEBUG l.i.u.t.SubmittedApplicationsPageTest - Selected the 'RadioButtonFA' option.
2025-02-20 08:28:08 [main] DEBUG l.i.u.t.SubmittedApplicationsPageTest - Entered phone number: '61298745'.
2025-02-20 08:28:08 [main] DEBUG l.i.u.t.SubmittedApplicationsPageTest - Entered email: 'test@autotest.com'.
2025-02-20 08:28:18 [main] DEBUG l.i.u.t.SubmittedApplicationsPageTest - Checked 'For workplace adaptation' checkbox 1.
2025-02-20 08:28:28 [main] DEBUG l.i.u.t.SubmittedApplicationsPageTest - Checked 'For environmental adaptation' checkbox 2.
2025-02-20 08:28:28 [main] INFO  l.i.u.p.SubmittedApplicationsPage - Located the dropdown button.
2025-02-20 08:28:44 [main] INFO  l.i.u.p.SubmittedApplicationsPage - Found 1741 options in the dropdown.
2025-02-20 08:28:44 [main] INFO  l.i.u.p.SubmittedApplicationsPage - Successfully selected the value: '01.11 - Grūdinių (išskyrus ryžius), ankštinių ir aliejingų sėklų augalų auginimas'
2025-02-20 08:28:54 [main] ERROR l.i.u.p.SubmittedApplicationsPage - Failed to close the dropdown with aria-expanded = 'false'. Attempting manual close.
2025-02-20 08:28:55 [main] INFO  l.i.u.p.SubmittedApplicationsPage - Manual close attempt for the dropdown using body click.
2025-02-20 08:28:55 [main] DEBUG l.i.u.t.SubmittedApplicationsPageTest - Selected EVRK value: '01.11 - Grūdinių (išskyrus ryžius), ankštinių ir aliejingų sėklų augalų auginimas'.
2025-02-20 08:28:55 [main] DEBUG l.i.u.t.SubmittedApplicationsPageTest - Entered address: 'Vilniaus m. sav., Vilnius, Testo g. 10T'.
2025-02-20 08:28:55 [main] DEBUG l.i.u.t.SubmittedApplicationsPageTest - Selected 'For already working' option.
2025-02-20 08:28:55 [main] DEBUG l.i.u.t.SubmittedApplicationsPageTest - Entered person count1: '1'.
2025-02-20 08:28:55 [main] DEBUG l.i.u.t.SubmittedApplicationsPageTest - Selected 'For new working' option.
2025-02-20 08:28:55 [main] DEBUG l.i.u.t.SubmittedApplicationsPageTest - Entered person count2: '1'.
2025-02-20 08:28:56 [main] DEBUG l.i.u.t.SubmittedApplicationsPageTest - Clicked 'Next' button after checkboxes.
2025-02-20 08:28:56 [main] INFO  l.i.u.p.SubmittedApplicationsPage - Located the dropdown button.
2025-02-20 08:28:57 [main] INFO  l.i.u.p.SubmittedApplicationsPage - Successfully selected the value: 'Administratoriai'
2025-02-20 08:29:27 [main] ERROR l.i.u.p.SubmittedApplicationsPage - Timeout while waiting for dropdown to close with aria-expanded = 'false'.
2025-02-20 08:29:27 [main] DEBUG l.i.u.t.SubmittedApplicationsPageTest - Selected adaptable job name: 'Administratoriai'.
2025-02-20 08:29:27 [main] DEBUG l.i.u.t.SubmittedApplicationsPageTest - Entered job date.
2025-02-20 08:29:27 [main] DEBUG l.i.u.t.SubmittedApplicationsPageTest - Entered job function: 'Funkcija 1'.
2025-02-20 08:29:28 [main] DEBUG l.i.u.t.SubmittedApplicationsPageTest - Selected 'ForAlreadyWorking' 'no' option.
2025-02-20 08:29:28 [main] INFO  l.i.u.p.SubmittedApplicationsPage - Clicking on the dropdown button.
2025-02-20 08:29:28 [main] INFO  l.i.u.p.SubmittedApplicationsPage - Found 6 options in the dropdown.
2025-02-20 08:29:28 [main] DEBUG l.i.u.p.SubmittedApplicationsPage - Checking option: 'Lengvo neįgalumo lygis ar 45-55 procentų dalyvumo lygis (iki 2023 m. gruodžio 31 d. – 45-55 procentų darbingumo lygis)'
2025-02-20 08:29:28 [main] DEBUG l.i.u.p.SubmittedApplicationsPage - Checking option: 'Lengvo neįgalumo lygis ar 45-55 procentų dalyvumo lygis (iki 2023 m. gruodžio 31 d. – 45-55 procentų darbingumo lygis)'
2025-02-20 08:29:28 [main] DEBUG l.i.u.p.SubmittedApplicationsPage - Checking option: 'Sunkaus neįgalumo lygis ar neviršijantis 25 procentų dalyvumo lygis (iki 2023 metų gruodžio 31 dienos – iki 25 procentų darbingumo lygis)'
2025-02-20 08:29:28 [main] INFO  l.i.u.p.SubmittedApplicationsPage - Successfully selected the value: 'Sunkaus neįgalumo lygis ar neviršijantis 25 procentų dalyvumo lygis (iki 2023 metų gruodžio 31 dienos – iki 25 procentų darbingumo lygis)'
2025-02-20 08:29:28 [main] INFO  l.i.u.p.SubmittedApplicationsPage - Attempting to close the dropdown.
2025-02-20 08:29:39 [main] INFO  l.i.u.p.SubmittedApplicationsPage - Dropdown should be closed now.
2025-02-20 08:29:39 [main] DEBUG l.i.u.t.SubmittedApplicationsPageTest - Selected disabilities type: 'Sunkaus neįgalumo lygis ar neviršijantis 25 procentų dalyvumo lygis (iki 2023 metų gruodžio 31 dienos – iki 25 procentų darbingumo lygis)'.
2025-02-20 08:29:39 [main] DEBUG l.i.u.t.SubmittedApplicationsPageTest - Entered disability information: 'Negalia 1'.
2025-02-20 08:29:39 [main] DEBUG l.i.u.t.SubmittedApplicationsPageTest - Entered qualification: 'Kvalifikacija 1'.
2025-02-20 08:29:40 [main] DEBUG l.i.u.t.SubmittedApplicationsPageTest - Entered job description: 'Darbo vietos aprašymas 1'.
2025-02-20 08:29:40 [main] DEBUG l.i.u.t.SubmittedApplicationsPageTest - Entered equipment description: 'Priemonių įsigyjimas 1'.
2025-02-20 08:29:40 [main] DEBUG l.i.u.t.SubmittedApplicationsPageTest - Entered work information: 'Darbai 1'.
2025-02-20 08:29:40 [main] INFO  l.i.u.p.SubmittedApplicationsPage - Located the dropdown button.
2025-02-20 08:29:41 [main] INFO  l.i.u.p.SubmittedApplicationsPage - Successfully selected the value: 'Kita'
2025-02-20 08:29:51 [main] ERROR l.i.u.p.SubmittedApplicationsPage - Timeout while waiting for dropdown to close with aria-expanded = 'false'.
2025-02-20 08:29:51 [main] DEBUG l.i.u.t.SubmittedApplicationsPageTest - Selected time mode: 'Kita'.
2025-02-20 08:29:51 [main] DEBUG l.i.u.t.SubmittedApplicationsPageTest - Selected time mode other: '6 val. per dieną ir 4 d. per savaitę'.
2025-02-20 08:29:52 [main] DEBUG l.i.u.t.SubmittedApplicationsPageTest - Entered salary amount: '1200'.
2025-02-20 08:29:52 [main] DEBUG l.i.u.t.SubmittedApplicationsPageTest - Selected 'Temporary Job' radio button.
2025-02-20 08:29:52 [main] DEBUG l.i.u.t.SubmittedApplicationsPageTest - Selected 'Season Job' radio button.
2025-02-20 08:29:52 [main] DEBUG l.i.u.t.SubmittedApplicationsPageTest - Selected 'PVM' radio button.
2025-02-20 08:29:52 [main] INFO  l.i.u.p.SubmittedApplicationsPage - Located the dropdown button.
2025-02-20 08:29:52 [main] INFO  l.i.u.p.SubmittedApplicationsPage - Successfully selected the value: 'Darbo vietos pritaikymui'
2025-02-20 08:30:23 [main] ERROR l.i.u.p.SubmittedApplicationsPage - Timeout while waiting for dropdown to close with aria-expanded = 'false'.
2025-02-20 08:30:23 [main] DEBUG l.i.u.t.SubmittedApplicationsPageTest - Selected adaptable job name: 'Darbo vietos pritaikymui'.
2025-02-20 08:30:23 [main] DEBUG l.i.u.t.SubmittedApplicationsPageTest - Selected tool: 'Darbo priemonė 1'.
2025-02-20 08:30:23 [main] DEBUG l.i.u.t.SubmittedApplicationsPageTest - Entered tool count: '1'.
2025-02-20 08:30:23 [main] DEBUG l.i.u.t.SubmittedApplicationsPageTest - Entered price amount: '1000'.
2025-02-20 08:30:23 [main] DEBUG l.i.u.t.SubmittedApplicationsPageTest - Entered own funds amount: '800'.
2025-02-20 08:30:23 [main] INFO  l.i.u.p.SubmittedApplicationsPage - Clicking on dropdown...
2025-02-20 08:31:26 [main] ERROR l.i.u.t.SubmittedApplicationsPageTest - Test 'testFillNewDVPApplicationFA' failed with error: Expected condition failed: waiting for element to be clickable: Proxy element for: DefaultElementLocator 'By.xpath: //common-select[contains(@class, 'common-select')]//mat-select' (tried for 50 second(s) with 500 milliseconds interval)
org.openqa.selenium.TimeoutException: Expected condition failed: waiting for element to be clickable: Proxy element for: DefaultElementLocator 'By.xpath: //common-select[contains(@class, 'common-select')]//mat-select' (tried for 50 second(s) with 500 milliseconds interval)
	at org.openqa.selenium.support.ui.WebDriverWait.timeoutException(WebDriverWait.java:84)
	at org.openqa.selenium.support.ui.FluentWait.until(FluentWait.java:228)
	at lt.insoft.uztis.pages.SubmittedApplicationsPage.selectDropdownNecessaryForJobOneDVP(SubmittedApplicationsPage.java:1211)
	at lt.insoft.uztis.tests.SubmittedApplicationsPageTest.testFillNewDVPApplicationFA(SubmittedApplicationsPageTest.java:672)
	at java.base/jdk.internal.reflect.DirectMethodHandleAccessor.invoke(DirectMethodHandleAccessor.java:103)
	at java.base/java.lang.reflect.Method.invoke(Method.java:580)
	at org.junit.platform.commons.util.ReflectionUtils.invokeMethod(ReflectionUtils.java:728)
	at org.junit.jupiter.engine.execution.MethodInvocation.proceed(MethodInvocation.java:60)
	at org.junit.jupiter.engine.execution.InvocationInterceptorChain$ValidatingInvocation.proceed(InvocationInterceptorChain.java:131)
	at org.junit.jupiter.engine.extension.TimeoutExtension.intercept(TimeoutExtension.java:156)
	at org.junit.jupiter.engine.extension.TimeoutExtension.interceptTestableMethod(TimeoutExtension.java:147)
	at org.junit.jupiter.engine.extension.TimeoutExtension.interceptTestMethod(TimeoutExtension.java:86)
	at org.junit.jupiter.engine.execution.InterceptingExecutableInvoker$ReflectiveInterceptorCall.lambda$ofVoidMethod$0(InterceptingExecutableInvoker.java:103)
	at org.junit.jupiter.engine.execution.InterceptingExecutableInvoker.lambda$invoke$0(InterceptingExecutableInvoker.java:93)
	at org.junit.jupiter.engine.execution.InvocationInterceptorChain$InterceptedInvocation.proceed(InvocationInterceptorChain.java:106)
	at org.junit.jupiter.engine.execution.InvocationInterceptorChain.proceed(InvocationInterceptorChain.java:64)
	at org.junit.jupiter.engine.execution.InvocationInterceptorChain.chainAndInvoke(InvocationInterceptorChain.java:45)
	at org.junit.jupiter.engine.execution.InvocationInterceptorChain.invoke(InvocationInterceptorChain.java:37)
	at org.junit.jupiter.engine.execution.InterceptingExecutableInvoker.invoke(InterceptingExecutableInvoker.java:92)
	at org.junit.jupiter.engine.execution.InterceptingExecutableInvoker.invoke(InterceptingExecutableInvoker.java:86)
	at org.junit.jupiter.engine.descriptor.TestMethodTestDescriptor.lambda$invokeTestMethod$7(TestMethodTestDescriptor.java:218)
	at org.junit.platform.engine.support.hierarchical.ThrowableCollector.execute(ThrowableCollector.java:73)
	at org.junit.jupiter.engine.descriptor.TestMethodTestDescriptor.invokeTestMethod(TestMethodTestDescriptor.java:214)
	at org.junit.jupiter.engine.descriptor.TestMethodTestDescriptor.execute(TestMethodTestDescriptor.java:139)
	at org.junit.jupiter.engine.descriptor.TestMethodTestDescriptor.execute(TestMethodTestDescriptor.java:69)
	at org.junit.platform.engine.support.hierarchical.NodeTestTask.lambda$executeRecursively$6(NodeTestTask.java:151)
	at org.junit.platform.engine.support.hierarchical.ThrowableCollector.execute(ThrowableCollector.java:73)
	at org.junit.platform.engine.support.hierarchical.NodeTestTask.lambda$executeRecursively$8(NodeTestTask.java:141)
	at org.junit.platform.engine.support.hierarchical.Node.around(Node.java:137)
	at org.junit.platform.engine.support.hierarchical.NodeTestTask.lambda$executeRecursively$9(NodeTestTask.java:139)
	at org.junit.platform.engine.support.hierarchical.ThrowableCollector.execute(ThrowableCollector.java:73)
	at org.junit.platform.engine.support.hierarchical.NodeTestTask.executeRecursively(NodeTestTask.java:138)
	at org.junit.platform.engine.support.hierarchical.NodeTestTask.execute(NodeTestTask.java:95)
	at java.base/java.util.ArrayList.forEach(ArrayList.java:1596)
	at org.junit.platform.engine.support.hierarchical.SameThreadHierarchicalTestExecutorService.invokeAll(SameThreadHierarchicalTestExecutorService.java:41)
	at org.junit.platform.engine.support.hierarchical.NodeTestTask.lambda$executeRecursively$6(NodeTestTask.java:155)
	at org.junit.platform.engine.support.hierarchical.ThrowableCollector.execute(ThrowableCollector.java:73)
	at org.junit.platform.engine.support.hierarchical.NodeTestTask.lambda$executeRecursively$8(NodeTestTask.java:141)
	at org.junit.platform.engine.support.hierarchical.Node.around(Node.java:137)
	at org.junit.platform.engine.support.hierarchical.NodeTestTask.lambda$executeRecursively$9(NodeTestTask.java:139)
	at org.junit.platform.engine.support.hierarchical.ThrowableCollector.execute(ThrowableCollector.java:73)
	at org.junit.platform.engine.support.hierarchical.NodeTestTask.executeRecursively(NodeTestTask.java:138)
	at org.junit.platform.engine.support.hierarchical.NodeTestTask.execute(NodeTestTask.java:95)
	at java.base/java.util.ArrayList.forEach(ArrayList.java:1596)
	at org.junit.platform.engine.support.hierarchical.SameThreadHierarchicalTestExecutorService.invokeAll(SameThreadHierarchicalTestExecutorService.java:41)
	at org.junit.platform.engine.support.hierarchical.NodeTestTask.lambda$executeRecursively$6(NodeTestTask.java:155)
	at org.junit.platform.engine.support.hierarchical.ThrowableCollector.execute(ThrowableCollector.java:73)
	at org.junit.platform.engine.support.hierarchical.NodeTestTask.lambda$executeRecursively$8(NodeTestTask.java:141)
	at org.junit.platform.engine.support.hierarchical.Node.around(Node.java:137)
	at org.junit.platform.engine.support.hierarchical.NodeTestTask.lambda$executeRecursively$9(NodeTestTask.java:139)
	at org.junit.platform.engine.support.hierarchical.ThrowableCollector.execute(ThrowableCollector.java:73)
	at org.junit.platform.engine.support.hierarchical.NodeTestTask.executeRecursively(NodeTestTask.java:138)
	at org.junit.platform.engine.support.hierarchical.NodeTestTask.execute(NodeTestTask.java:95)
	at org.junit.platform.engine.support.hierarchical.SameThreadHierarchicalTestExecutorService.submit(SameThreadHierarchicalTestExecutorService.java:35)
	at org.junit.platform.engine.support.hierarchical.HierarchicalTestExecutor.execute(HierarchicalTestExecutor.java:57)
	at org.junit.platform.engine.support.hierarchical.HierarchicalTestEngine.execute(HierarchicalTestEngine.java:54)
	at org.junit.platform.launcher.core.EngineExecutionOrchestrator.execute(EngineExecutionOrchestrator.java:198)
	at org.junit.platform.launcher.core.EngineExecutionOrchestrator.execute(EngineExecutionOrchestrator.java:169)
	at org.junit.platform.launcher.core.EngineExecutionOrchestrator.execute(EngineExecutionOrchestrator.java:93)
	at org.junit.platform.launcher.core.EngineExecutionOrchestrator.lambda$execute$0(EngineExecutionOrchestrator.java:58)
	at org.junit.platform.launcher.core.EngineExecutionOrchestrator.withInterceptedStreams(EngineExecutionOrchestrator.java:141)
	at org.junit.platform.launcher.core.EngineExecutionOrchestrator.execute(EngineExecutionOrchestrator.java:57)
	at org.junit.platform.launcher.core.DefaultLauncher.execute(DefaultLauncher.java:103)
	at org.junit.platform.launcher.core.DefaultLauncher.execute(DefaultLauncher.java:85)
	at org.junit.platform.launcher.core.DelegatingLauncher.execute(DelegatingLauncher.java:47)
	at org.junit.platform.launcher.core.SessionPerRequestLauncher.execute(SessionPerRequestLauncher.java:63)
	at com.intellij.junit5.JUnit5IdeaTestRunner.startRunnerWithArgs(JUnit5IdeaTestRunner.java:57)
	at com.intellij.rt.junit.IdeaTestRunner$Repeater$1.execute(IdeaTestRunner.java:38)
	at com.intellij.rt.execution.junit.TestsRepeater.repeat(TestsRepeater.java:11)
	at com.intellij.rt.junit.IdeaTestRunner$Repeater.startRunnerWithArgs(IdeaTestRunner.java:35)
	at com.intellij.rt.junit.JUnitStarter.prepareStreamsAndStart(JUnitStarter.java:232)
	at com.intellij.rt.junit.JUnitStarter.main(JUnitStarter.java:55)
Caused by: org.openqa.selenium.NoSuchElementException: no such element: Unable to locate element: {"method":"xpath","selector":"//common-select[contains(@class, 'common-select')]//mat-select"}
  (Session info: chrome=133.0.6943.99)
For documentation on this error, please visit: https://www.selenium.dev/documentation/webdriver/troubleshooting/errors#no-such-element-exception
Build info: version: '4.27.0', revision: 'd6e718d134'
System info: os.name: 'Windows 11', os.arch: 'amd64', os.version: '10.0', java.version: '21.0.3'
Driver info: org.openqa.selenium.chrome.ChromeDriver
Command: [543c1d8bfd2ca5b7fb5842d334b5be76, findElement {using=xpath, value=//common-select[contains(@class, 'common-select')]//mat-select}]
Capabilities {acceptInsecureCerts: false, browserName: chrome, browserVersion: 133.0.6943.99, chrome: {chromedriverVersion: 133.0.6943.126 (cffa127ce7b..., userDataDir: C:\Users\INGRID~1.ZAD\AppDa...}, fedcm:accounts: true, goog:chromeOptions: {debuggerAddress: localhost:58530}, networkConnectionEnabled: false, pageLoadStrategy: normal, platformName: windows, proxy: Proxy(), se:cdp: ws://localhost:58530/devtoo..., se:cdpVersion: 133.0.6943.99, setWindowRect: true, strictFileInteractability: false, timeouts: {implicit: 0, pageLoad: 300000, script: 30000}, unhandledPromptBehavior: dismiss and notify, webauthn:extension:credBlob: true, webauthn:extension:largeBlob: true, webauthn:extension:minPinLength: true, webauthn:extension:prf: true, webauthn:virtualAuthenticators: true}
Session ID: 543c1d8bfd2ca5b7fb5842d334b5be76
	at java.base/jdk.internal.reflect.DirectConstructorHandleAccessor.newInstance(DirectConstructorHandleAccessor.java:62)
	at java.base/java.lang.reflect.Constructor.newInstanceWithCaller(Constructor.java:502)
	at java.base/java.lang.reflect.Constructor.newInstance(Constructor.java:486)
	at org.openqa.selenium.remote.ErrorCodec.decode(ErrorCodec.java:167)
	at org.openqa.selenium.remote.codec.w3c.W3CHttpResponseCodec.decode(W3CHttpResponseCodec.java:138)
	at org.openqa.selenium.remote.codec.w3c.W3CHttpResponseCodec.decode(W3CHttpResponseCodec.java:50)
	at org.openqa.selenium.remote.HttpCommandExecutor.execute(HttpCommandExecutor.java:190)
	at org.openqa.selenium.remote.service.DriverCommandExecutor.invokeExecute(DriverCommandExecutor.java:216)
	at org.openqa.selenium.remote.service.DriverCommandExecutor.execute(DriverCommandExecutor.java:174)
	at org.openqa.selenium.remote.RemoteWebDriver.execute(RemoteWebDriver.java:545)
	at org.openqa.selenium.remote.ElementLocation$ElementFinder$2.findElement(ElementLocation.java:165)
	at org.openqa.selenium.remote.ElementLocation.findElement(ElementLocation.java:59)
	at org.openqa.selenium.remote.RemoteWebDriver.findElement(RemoteWebDriver.java:368)
	at org.openqa.selenium.remote.RemoteWebDriver.findElement(RemoteWebDriver.java:362)
	at org.openqa.selenium.support.pagefactory.DefaultElementLocator.findElement(DefaultElementLocator.java:68)
	at org.openqa.selenium.support.pagefactory.internal.LocatingElementHandler.invoke(LocatingElementHandler.java:38)
	at jdk.proxy2/jdk.proxy2.$Proxy14.isDisplayed(Unknown Source)
	at org.openqa.selenium.support.ui.ExpectedConditions.elementIfVisible(ExpectedConditions.java:304)
	at org.openqa.selenium.support.ui.ExpectedConditions$10.apply(ExpectedConditions.java:290)
	at org.openqa.selenium.support.ui.ExpectedConditions$10.apply(ExpectedConditions.java:287)
	at org.openqa.selenium.support.ui.ExpectedConditions$23.apply(ExpectedConditions.java:656)
	at org.openqa.selenium.support.ui.ExpectedConditions$23.apply(ExpectedConditions.java:652)
	at org.openqa.selenium.support.ui.FluentWait.until(FluentWait.java:203)
	... 70 common frames omitted
2025-02-20 08:31:26 [main] INFO  l.insoft.uztis.tests.utils.TestUtils - Screenshot moved to C:\Users\ingrida.zadorozniene\Desktop\Asm\UZTIS\UZTIS_tests\test-output\screenshots\20250220\083126251_testFillNewDVPApplicationFA().png
2025-02-20 08:38:09 [main] INFO  lt.insoft.uztis.tests.UztisPageTest - Navigated to https://uztisdev.asseco.lt/home
2025-02-20 08:38:09 [main] INFO  l.i.u.t.SubmittedApplicationsPageTest - Starting test:'testFillNewDVPApplicationFA'
2025-02-20 08:38:10 [main] DEBUG l.i.u.t.SubmittedApplicationsPageTest - User logged in with test credentials.
2025-02-20 08:38:10 [main] DEBUG l.i.u.t.SubmittedApplicationsPageTest - Opened 'Application Processing' menu.
2025-02-20 08:38:10 [main] DEBUG l.i.u.t.SubmittedApplicationsPageTest - Clicked on 'Application Forms' menu.
2025-02-20 08:38:11 [main] DEBUG l.i.u.t.SubmittedApplicationsPageTest - Retrieved last description code text: 'TST-DVP-78'.
2025-02-20 08:38:11 [main] DEBUG l.i.u.t.SubmittedApplicationsPageTest - Clicked on 'Invitation' menu.
2025-02-20 08:38:12 [main] DEBUG l.i.u.t.SubmittedApplicationsPageTest - Selected application section by code: 'TST-DVP-78'.
2025-02-20 08:38:12 [main] DEBUG l.i.u.t.SubmittedApplicationsPageTest - Clicked 'Search' button.
2025-02-20 08:38:12 [main] DEBUG l.i.u.t.SubmittedApplicationsPageTest - Retrieved invitation code: ''.
2025-02-20 08:38:13 [main] DEBUG l.i.u.t.SubmittedApplicationsPageTest - Clicked on 'Submitted Applications' menu.
2025-02-20 08:38:14 [main] DEBUG l.i.u.t.SubmittedApplicationsPageTest - Selected invitation by code: 'TST-DVP-78'.
2025-02-20 08:38:14 [main] DEBUG l.i.u.t.SubmittedApplicationsPageTest - Invitation code inserted.
2025-02-20 08:38:14 [main] DEBUG l.i.u.t.SubmittedApplicationsPageTest - Clicked on 'Action Application' button.
2025-02-20 08:38:14 [main] DEBUG l.i.u.t.SubmittedApplicationsPageTest - Clicked on 'New Application' button.
2025-02-20 08:38:15 [main] DEBUG l.i.u.t.SubmittedApplicationsPageTest - Selected the 'RadioButtonFA' option.
2025-02-20 08:38:16 [main] DEBUG l.i.u.t.SubmittedApplicationsPageTest - Entered phone number: '61298745'.
2025-02-20 08:38:16 [main] DEBUG l.i.u.t.SubmittedApplicationsPageTest - Entered email: 'test@autotest.com'.
2025-02-20 08:38:26 [main] DEBUG l.i.u.t.SubmittedApplicationsPageTest - Checked 'For workplace adaptation' checkbox 1.
2025-02-20 08:38:36 [main] DEBUG l.i.u.t.SubmittedApplicationsPageTest - Checked 'For environmental adaptation' checkbox 2.
2025-02-20 08:38:36 [main] INFO  l.i.u.p.SubmittedApplicationsPage - Located the dropdown button.
2025-02-20 08:38:53 [main] INFO  l.i.u.p.SubmittedApplicationsPage - Found 1741 options in the dropdown.
2025-02-20 08:38:53 [main] INFO  l.i.u.p.SubmittedApplicationsPage - Successfully selected the value: '01.11 - Grūdinių (išskyrus ryžius), ankštinių ir aliejingų sėklų augalų auginimas'
2025-02-20 08:39:04 [main] ERROR l.i.u.p.SubmittedApplicationsPage - Failed to close the dropdown with aria-expanded = 'false'. Attempting manual close.
2025-02-20 08:39:04 [main] INFO  l.i.u.p.SubmittedApplicationsPage - Manual close attempt for the dropdown using body click.
2025-02-20 08:39:04 [main] DEBUG l.i.u.t.SubmittedApplicationsPageTest - Selected EVRK value: '01.11 - Grūdinių (išskyrus ryžius), ankštinių ir aliejingų sėklų augalų auginimas'.
2025-02-20 08:39:04 [main] DEBUG l.i.u.t.SubmittedApplicationsPageTest - Entered address: 'Vilniaus m. sav., Vilnius, Testo g. 10T'.
2025-02-20 08:39:05 [main] DEBUG l.i.u.t.SubmittedApplicationsPageTest - Selected 'For already working' option.
2025-02-20 08:39:05 [main] DEBUG l.i.u.t.SubmittedApplicationsPageTest - Entered person count1: '1'.
2025-02-20 08:39:05 [main] DEBUG l.i.u.t.SubmittedApplicationsPageTest - Selected 'For new working' option.
2025-02-20 08:39:05 [main] DEBUG l.i.u.t.SubmittedApplicationsPageTest - Entered person count2: '1'.
2025-02-20 08:39:06 [main] DEBUG l.i.u.t.SubmittedApplicationsPageTest - Clicked 'Next' button after checkboxes.
2025-02-20 08:39:06 [main] INFO  l.i.u.p.SubmittedApplicationsPage - Located the dropdown button.
2025-02-20 08:39:07 [main] INFO  l.i.u.p.SubmittedApplicationsPage - Successfully selected the value: 'Administratoriai'
2025-02-20 08:39:37 [main] ERROR l.i.u.p.SubmittedApplicationsPage - Timeout while waiting for dropdown to close with aria-expanded = 'false'.
2025-02-20 08:39:37 [main] DEBUG l.i.u.t.SubmittedApplicationsPageTest - Selected adaptable job name: 'Administratoriai'.
2025-02-20 08:39:38 [main] DEBUG l.i.u.t.SubmittedApplicationsPageTest - Entered job date.
2025-02-20 08:39:38 [main] DEBUG l.i.u.t.SubmittedApplicationsPageTest - Entered job function: 'Funkcija 1'.
2025-02-20 08:39:38 [main] DEBUG l.i.u.t.SubmittedApplicationsPageTest - Selected 'ForAlreadyWorking' 'no' option.
2025-02-20 08:39:38 [main] INFO  l.i.u.p.SubmittedApplicationsPage - Clicking on the dropdown button.
2025-02-20 08:39:38 [main] INFO  l.i.u.p.SubmittedApplicationsPage - Found 6 options in the dropdown.
2025-02-20 08:39:38 [main] DEBUG l.i.u.p.SubmittedApplicationsPage - Checking option: 'Lengvo neįgalumo lygis ar 45-55 procentų dalyvumo lygis (iki 2023 m. gruodžio 31 d. – 45-55 procentų darbingumo lygis)'
2025-02-20 08:39:38 [main] DEBUG l.i.u.p.SubmittedApplicationsPage - Checking option: 'Lengvo neįgalumo lygis ar 45-55 procentų dalyvumo lygis (iki 2023 m. gruodžio 31 d. – 45-55 procentų darbingumo lygis)'
2025-02-20 08:39:38 [main] DEBUG l.i.u.p.SubmittedApplicationsPage - Checking option: 'Sunkaus neįgalumo lygis ar neviršijantis 25 procentų dalyvumo lygis (iki 2023 metų gruodžio 31 dienos – iki 25 procentų darbingumo lygis)'
2025-02-20 08:39:38 [main] INFO  l.i.u.p.SubmittedApplicationsPage - Successfully selected the value: 'Sunkaus neįgalumo lygis ar neviršijantis 25 procentų dalyvumo lygis (iki 2023 metų gruodžio 31 dienos – iki 25 procentų darbingumo lygis)'
2025-02-20 08:39:38 [main] INFO  l.i.u.p.SubmittedApplicationsPage - Attempting to close the dropdown.
2025-02-20 08:39:49 [main] INFO  l.i.u.p.SubmittedApplicationsPage - Dropdown should be closed now.
2025-02-20 08:39:49 [main] DEBUG l.i.u.t.SubmittedApplicationsPageTest - Selected disabilities type: 'Sunkaus neįgalumo lygis ar neviršijantis 25 procentų dalyvumo lygis (iki 2023 metų gruodžio 31 dienos – iki 25 procentų darbingumo lygis)'.
2025-02-20 08:39:49 [main] DEBUG l.i.u.t.SubmittedApplicationsPageTest - Entered disability information: 'Negalia 1'.
2025-02-20 08:39:50 [main] DEBUG l.i.u.t.SubmittedApplicationsPageTest - Entered qualification: 'Kvalifikacija 1'.
2025-02-20 08:39:50 [main] DEBUG l.i.u.t.SubmittedApplicationsPageTest - Entered job description: 'Darbo vietos aprašymas 1'.
2025-02-20 08:39:50 [main] DEBUG l.i.u.t.SubmittedApplicationsPageTest - Entered equipment description: 'Priemonių įsigyjimas 1'.
2025-02-20 08:39:50 [main] DEBUG l.i.u.t.SubmittedApplicationsPageTest - Entered work information: 'Darbai 1'.
2025-02-20 08:39:50 [main] INFO  l.i.u.p.SubmittedApplicationsPage - Located the dropdown button.
2025-02-20 08:39:51 [main] INFO  l.i.u.p.SubmittedApplicationsPage - Successfully selected the value: 'Kita'
2025-02-20 08:40:01 [main] ERROR l.i.u.p.SubmittedApplicationsPage - Timeout while waiting for dropdown to close with aria-expanded = 'false'.
2025-02-20 08:40:01 [main] DEBUG l.i.u.t.SubmittedApplicationsPageTest - Selected time mode: 'Kita'.
2025-02-20 08:40:02 [main] DEBUG l.i.u.t.SubmittedApplicationsPageTest - Selected time mode other: '6 val. per dieną ir 4 d. per savaitę'.
2025-02-20 08:40:02 [main] DEBUG l.i.u.t.SubmittedApplicationsPageTest - Entered salary amount: '1200'.
2025-02-20 08:40:02 [main] DEBUG l.i.u.t.SubmittedApplicationsPageTest - Selected 'Temporary Job' radio button.
2025-02-20 08:40:02 [main] DEBUG l.i.u.t.SubmittedApplicationsPageTest - Selected 'Season Job' radio button.
2025-02-20 08:40:02 [main] DEBUG l.i.u.t.SubmittedApplicationsPageTest - Selected 'PVM' radio button.
2025-02-20 08:40:02 [main] INFO  l.i.u.p.SubmittedApplicationsPage - Located the dropdown button.
2025-02-20 08:40:03 [main] INFO  l.i.u.p.SubmittedApplicationsPage - Successfully selected the value: 'Darbo vietos pritaikymui'
2025-02-20 08:40:33 [main] ERROR l.i.u.p.SubmittedApplicationsPage - Timeout while waiting for dropdown to close with aria-expanded = 'false'.
2025-02-20 08:40:33 [main] DEBUG l.i.u.t.SubmittedApplicationsPageTest - Selected adaptable job name: 'Darbo vietos pritaikymui'.
2025-02-20 08:40:33 [main] DEBUG l.i.u.t.SubmittedApplicationsPageTest - Selected tool: 'Darbo priemonė 1'.
2025-02-20 08:40:33 [main] DEBUG l.i.u.t.SubmittedApplicationsPageTest - Entered tool count: '1'.
2025-02-20 08:40:34 [main] DEBUG l.i.u.t.SubmittedApplicationsPageTest - Entered price amount: '1000'.
2025-02-20 08:40:34 [main] DEBUG l.i.u.t.SubmittedApplicationsPageTest - Entered own funds amount: '800'.
2025-02-20 08:40:34 [main] INFO  l.i.u.p.SubmittedApplicationsPage - Clicking on dropdown...
2025-02-20 08:40:34 [main] INFO  l.i.u.p.SubmittedApplicationsPage - Selecting option: Įsigyti
2025-02-20 08:40:34 [main] DEBUG l.i.u.t.SubmittedApplicationsPageTest - Selected necessary for job: 'Įsigyti'.
2025-02-20 08:40:35 [main] DEBUG l.i.u.t.SubmittedApplicationsPageTest - Selected tool parameter one: 'Darbo priemonės 1 parametras 1'.
2025-02-20 08:40:35 [main] DEBUG l.i.u.t.SubmittedApplicationsPageTest - Selected tool parameter two: 'Darbo priemonės 1 parametras 2'.
2025-02-20 08:40:35 [main] DEBUG l.i.u.t.SubmittedApplicationsPageTest - Selected tool parameter three: 'Darbo priemonės 1 parametras 3'.
2025-02-20 08:40:35 [main] DEBUG l.i.u.t.SubmittedApplicationsPageTest - Selected 'De Minimis' radio button.
2025-02-20 08:40:36 [main] DEBUG l.i.u.t.SubmittedApplicationsPageTest - Entered program name: 'Programa 1'.
2025-02-20 08:40:36 [main] DEBUG l.i.u.t.SubmittedApplicationsPageTest - Entered project date from.
2025-02-20 08:40:36 [main] DEBUG l.i.u.t.SubmittedApplicationsPageTest - Entered project date until.
2025-02-20 08:40:36 [main] DEBUG l.i.u.t.SubmittedApplicationsPageTest - Entered support amount: '2000'.
2025-02-20 08:40:36 [main] DEBUG l.i.u.t.SubmittedApplicationsPageTest - Clicked 'Next' button.
2025-02-20 08:40:47 [main] DEBUG l.i.u.t.SubmittedApplicationsPageTest - Checked 'Legal Entities' checkbox 1.
2025-02-20 08:40:57 [main] DEBUG l.i.u.t.SubmittedApplicationsPageTest - Checked 'Legal Entities' checkbox 2.
2025-02-20 08:41:27 [main] ERROR l.i.u.t.SubmittedApplicationsPageTest - Test 'testFillNewDVPApplicationFA' failed with error: no such element: Unable to locate element: {"method":"xpath","selector":"(//div[contains(@class, 'mdc-checkbox')]//input[@type='checkbox'])[3]"}
  (Session info: chrome=133.0.6943.99)
For documentation on this error, please visit: https://www.selenium.dev/documentation/webdriver/troubleshooting/errors#no-such-element-exception
Build info: version: '4.27.0', revision: 'd6e718d134'
System info: os.name: 'Windows 11', os.arch: 'amd64', os.version: '10.0', java.version: '21.0.3'
Driver info: org.openqa.selenium.chrome.ChromeDriver
Command: [8af00663d151437399d25bded3169c94, findElement {using=xpath, value=(//div[contains(@class, 'mdc-checkbox')]//input[@type='checkbox'])[3]}]
Capabilities {acceptInsecureCerts: false, browserName: chrome, browserVersion: 133.0.6943.99, chrome: {chromedriverVersion: 133.0.6943.126 (cffa127ce7b..., userDataDir: C:\Users\INGRID~1.ZAD\AppDa...}, fedcm:accounts: true, goog:chromeOptions: {debuggerAddress: localhost:59316}, networkConnectionEnabled: false, pageLoadStrategy: normal, platformName: windows, proxy: Proxy(), se:cdp: ws://localhost:59316/devtoo..., se:cdpVersion: 133.0.6943.99, setWindowRect: true, strictFileInteractability: false, timeouts: {implicit: 0, pageLoad: 300000, script: 30000}, unhandledPromptBehavior: dismiss and notify, webauthn:extension:credBlob: true, webauthn:extension:largeBlob: true, webauthn:extension:minPinLength: true, webauthn:extension:prf: true, webauthn:virtualAuthenticators: true}
Session ID: 8af00663d151437399d25bded3169c94
org.openqa.selenium.NoSuchElementException: no such element: Unable to locate element: {"method":"xpath","selector":"(//div[contains(@class, 'mdc-checkbox')]//input[@type='checkbox'])[3]"}
  (Session info: chrome=133.0.6943.99)
For documentation on this error, please visit: https://www.selenium.dev/documentation/webdriver/troubleshooting/errors#no-such-element-exception
Build info: version: '4.27.0', revision: 'd6e718d134'
System info: os.name: 'Windows 11', os.arch: 'amd64', os.version: '10.0', java.version: '21.0.3'
Driver info: org.openqa.selenium.chrome.ChromeDriver
Command: [8af00663d151437399d25bded3169c94, findElement {using=xpath, value=(//div[contains(@class, 'mdc-checkbox')]//input[@type='checkbox'])[3]}]
Capabilities {acceptInsecureCerts: false, browserName: chrome, browserVersion: 133.0.6943.99, chrome: {chromedriverVersion: 133.0.6943.126 (cffa127ce7b..., userDataDir: C:\Users\INGRID~1.ZAD\AppDa...}, fedcm:accounts: true, goog:chromeOptions: {debuggerAddress: localhost:59316}, networkConnectionEnabled: false, pageLoadStrategy: normal, platformName: windows, proxy: Proxy(), se:cdp: ws://localhost:59316/devtoo..., se:cdpVersion: 133.0.6943.99, setWindowRect: true, strictFileInteractability: false, timeouts: {implicit: 0, pageLoad: 300000, script: 30000}, unhandledPromptBehavior: dismiss and notify, webauthn:extension:credBlob: true, webauthn:extension:largeBlob: true, webauthn:extension:minPinLength: true, webauthn:extension:prf: true, webauthn:virtualAuthenticators: true}
Session ID: 8af00663d151437399d25bded3169c94
	at java.base/jdk.internal.reflect.DirectConstructorHandleAccessor.newInstance(DirectConstructorHandleAccessor.java:62)
	at java.base/java.lang.reflect.Constructor.newInstanceWithCaller(Constructor.java:502)
	at java.base/java.lang.reflect.Constructor.newInstance(Constructor.java:486)
	at org.openqa.selenium.remote.ErrorCodec.decode(ErrorCodec.java:167)
	at org.openqa.selenium.remote.codec.w3c.W3CHttpResponseCodec.decode(W3CHttpResponseCodec.java:138)
	at org.openqa.selenium.remote.codec.w3c.W3CHttpResponseCodec.decode(W3CHttpResponseCodec.java:50)
	at org.openqa.selenium.remote.HttpCommandExecutor.execute(HttpCommandExecutor.java:190)
	at org.openqa.selenium.remote.service.DriverCommandExecutor.invokeExecute(DriverCommandExecutor.java:216)
	at org.openqa.selenium.remote.service.DriverCommandExecutor.execute(DriverCommandExecutor.java:174)
	at org.openqa.selenium.remote.RemoteWebDriver.execute(RemoteWebDriver.java:545)
	at org.openqa.selenium.remote.ElementLocation$ElementFinder$2.findElement(ElementLocation.java:165)
	at org.openqa.selenium.remote.ElementLocation.findElement(ElementLocation.java:59)
	at org.openqa.selenium.remote.RemoteWebDriver.findElement(RemoteWebDriver.java:368)
	at org.openqa.selenium.remote.RemoteWebDriver.findElement(RemoteWebDriver.java:362)
	at org.openqa.selenium.support.pagefactory.DefaultElementLocator.findElement(DefaultElementLocator.java:68)
	at org.openqa.selenium.support.pagefactory.internal.LocatingElementHandler.invoke(LocatingElementHandler.java:38)
	at jdk.proxy2/jdk.proxy2.$Proxy14.getWrappedElement(Unknown Source)
	at org.openqa.selenium.remote.WebElementToJsonConverter.apply(WebElementToJsonConverter.java:48)
	at java.base/java.util.stream.ReferencePipeline$3$1.accept(ReferencePipeline.java:197)
	at java.base/java.util.Spliterators$ArraySpliterator.forEachRemaining(Spliterators.java:1024)
	at java.base/java.util.stream.AbstractPipeline.copyInto(AbstractPipeline.java:509)
	at java.base/java.util.stream.AbstractPipeline.wrapAndCopyInto(AbstractPipeline.java:499)
	at java.base/java.util.stream.ReduceOps$ReduceOp.evaluateSequential(ReduceOps.java:921)
	at java.base/java.util.stream.AbstractPipeline.evaluate(AbstractPipeline.java:234)
	at java.base/java.util.stream.ReferencePipeline.collect(ReferencePipeline.java:682)
	at org.openqa.selenium.remote.RemoteWebDriver.executeScript(RemoteWebDriver.java:474)
	at lt.insoft.uztis.pages.SubmittedApplicationsPage$CheckboxHelper.clickWithJavaScript(SubmittedApplicationsPage.java:1460)
	at lt.insoft.uztis.pages.SubmittedApplicationsPage$CheckboxHelper.setConfirmationCheckbox(SubmittedApplicationsPage.java:1449)
	at lt.insoft.uztis.tests.SubmittedApplicationsPageTest.testFillNewDVPApplicationFA(SubmittedApplicationsPageTest.java:719)
	at java.base/jdk.internal.reflect.DirectMethodHandleAccessor.invoke(DirectMethodHandleAccessor.java:103)
	at java.base/java.lang.reflect.Method.invoke(Method.java:580)
	at org.junit.platform.commons.util.ReflectionUtils.invokeMethod(ReflectionUtils.java:728)
	at org.junit.jupiter.engine.execution.MethodInvocation.proceed(MethodInvocation.java:60)
	at org.junit.jupiter.engine.execution.InvocationInterceptorChain$ValidatingInvocation.proceed(InvocationInterceptorChain.java:131)
	at org.junit.jupiter.engine.extension.TimeoutExtension.intercept(TimeoutExtension.java:156)
	at org.junit.jupiter.engine.extension.TimeoutExtension.interceptTestableMethod(TimeoutExtension.java:147)
	at org.junit.jupiter.engine.extension.TimeoutExtension.interceptTestMethod(TimeoutExtension.java:86)
	at org.junit.jupiter.engine.execution.InterceptingExecutableInvoker$ReflectiveInterceptorCall.lambda$ofVoidMethod$0(InterceptingExecutableInvoker.java:103)
	at org.junit.jupiter.engine.execution.InterceptingExecutableInvoker.lambda$invoke$0(InterceptingExecutableInvoker.java:93)
	at org.junit.jupiter.engine.execution.InvocationInterceptorChain$InterceptedInvocation.proceed(InvocationInterceptorChain.java:106)
	at org.junit.jupiter.engine.execution.InvocationInterceptorChain.proceed(InvocationInterceptorChain.java:64)
	at org.junit.jupiter.engine.execution.InvocationInterceptorChain.chainAndInvoke(InvocationInterceptorChain.java:45)
	at org.junit.jupiter.engine.execution.InvocationInterceptorChain.invoke(InvocationInterceptorChain.java:37)
	at org.junit.jupiter.engine.execution.InterceptingExecutableInvoker.invoke(InterceptingExecutableInvoker.java:92)
	at org.junit.jupiter.engine.execution.InterceptingExecutableInvoker.invoke(InterceptingExecutableInvoker.java:86)
	at org.junit.jupiter.engine.descriptor.TestMethodTestDescriptor.lambda$invokeTestMethod$7(TestMethodTestDescriptor.java:218)
	at org.junit.platform.engine.support.hierarchical.ThrowableCollector.execute(ThrowableCollector.java:73)
	at org.junit.jupiter.engine.descriptor.TestMethodTestDescriptor.invokeTestMethod(TestMethodTestDescriptor.java:214)
	at org.junit.jupiter.engine.descriptor.TestMethodTestDescriptor.execute(TestMethodTestDescriptor.java:139)
	at org.junit.jupiter.engine.descriptor.TestMethodTestDescriptor.execute(TestMethodTestDescriptor.java:69)
	at org.junit.platform.engine.support.hierarchical.NodeTestTask.lambda$executeRecursively$6(NodeTestTask.java:151)
	at org.junit.platform.engine.support.hierarchical.ThrowableCollector.execute(ThrowableCollector.java:73)
	at org.junit.platform.engine.support.hierarchical.NodeTestTask.lambda$executeRecursively$8(NodeTestTask.java:141)
	at org.junit.platform.engine.support.hierarchical.Node.around(Node.java:137)
	at org.junit.platform.engine.support.hierarchical.NodeTestTask.lambda$executeRecursively$9(NodeTestTask.java:139)
	at org.junit.platform.engine.support.hierarchical.ThrowableCollector.execute(ThrowableCollector.java:73)
	at org.junit.platform.engine.support.hierarchical.NodeTestTask.executeRecursively(NodeTestTask.java:138)
	at org.junit.platform.engine.support.hierarchical.NodeTestTask.execute(NodeTestTask.java:95)
	at java.base/java.util.ArrayList.forEach(ArrayList.java:1596)
	at org.junit.platform.engine.support.hierarchical.SameThreadHierarchicalTestExecutorService.invokeAll(SameThreadHierarchicalTestExecutorService.java:41)
	at org.junit.platform.engine.support.hierarchical.NodeTestTask.lambda$executeRecursively$6(NodeTestTask.java:155)
	at org.junit.platform.engine.support.hierarchical.ThrowableCollector.execute(ThrowableCollector.java:73)
	at org.junit.platform.engine.support.hierarchical.NodeTestTask.lambda$executeRecursively$8(NodeTestTask.java:141)
	at org.junit.platform.engine.support.hierarchical.Node.around(Node.java:137)
	at org.junit.platform.engine.support.hierarchical.NodeTestTask.lambda$executeRecursively$9(NodeTestTask.java:139)
	at org.junit.platform.engine.support.hierarchical.ThrowableCollector.execute(ThrowableCollector.java:73)
	at org.junit.platform.engine.support.hierarchical.NodeTestTask.executeRecursively(NodeTestTask.java:138)
	at org.junit.platform.engine.support.hierarchical.NodeTestTask.execute(NodeTestTask.java:95)
	at java.base/java.util.ArrayList.forEach(ArrayList.java:1596)
	at org.junit.platform.engine.support.hierarchical.SameThreadHierarchicalTestExecutorService.invokeAll(SameThreadHierarchicalTestExecutorService.java:41)
	at org.junit.platform.engine.support.hierarchical.NodeTestTask.lambda$executeRecursively$6(NodeTestTask.java:155)
	at org.junit.platform.engine.support.hierarchical.ThrowableCollector.execute(ThrowableCollector.java:73)
	at org.junit.platform.engine.support.hierarchical.NodeTestTask.lambda$executeRecursively$8(NodeTestTask.java:141)
	at org.junit.platform.engine.support.hierarchical.Node.around(Node.java:137)
	at org.junit.platform.engine.support.hierarchical.NodeTestTask.lambda$executeRecursively$9(NodeTestTask.java:139)
	at org.junit.platform.engine.support.hierarchical.ThrowableCollector.execute(ThrowableCollector.java:73)
	at org.junit.platform.engine.support.hierarchical.NodeTestTask.executeRecursively(NodeTestTask.java:138)
	at org.junit.platform.engine.support.hierarchical.NodeTestTask.execute(NodeTestTask.java:95)
	at org.junit.platform.engine.support.hierarchical.SameThreadHierarchicalTestExecutorService.submit(SameThreadHierarchicalTestExecutorService.java:35)
	at org.junit.platform.engine.support.hierarchical.HierarchicalTestExecutor.execute(HierarchicalTestExecutor.java:57)
	at org.junit.platform.engine.support.hierarchical.HierarchicalTestEngine.execute(HierarchicalTestEngine.java:54)
	at org.junit.platform.launcher.core.EngineExecutionOrchestrator.execute(EngineExecutionOrchestrator.java:198)
	at org.junit.platform.launcher.core.EngineExecutionOrchestrator.execute(EngineExecutionOrchestrator.java:169)
	at org.junit.platform.launcher.core.EngineExecutionOrchestrator.execute(EngineExecutionOrchestrator.java:93)
	at org.junit.platform.launcher.core.EngineExecutionOrchestrator.lambda$execute$0(EngineExecutionOrchestrator.java:58)
	at org.junit.platform.launcher.core.EngineExecutionOrchestrator.withInterceptedStreams(EngineExecutionOrchestrator.java:141)
	at org.junit.platform.launcher.core.EngineExecutionOrchestrator.execute(EngineExecutionOrchestrator.java:57)
	at org.junit.platform.launcher.core.DefaultLauncher.execute(DefaultLauncher.java:103)
	at org.junit.platform.launcher.core.DefaultLauncher.execute(DefaultLauncher.java:85)
	at org.junit.platform.launcher.core.DelegatingLauncher.execute(DelegatingLauncher.java:47)
	at org.junit.platform.launcher.core.SessionPerRequestLauncher.execute(SessionPerRequestLauncher.java:63)
	at com.intellij.junit5.JUnit5IdeaTestRunner.startRunnerWithArgs(JUnit5IdeaTestRunner.java:57)
	at com.intellij.rt.junit.IdeaTestRunner$Repeater$1.execute(IdeaTestRunner.java:38)
	at com.intellij.rt.execution.junit.TestsRepeater.repeat(TestsRepeater.java:11)
	at com.intellij.rt.junit.IdeaTestRunner$Repeater.startRunnerWithArgs(IdeaTestRunner.java:35)
	at com.intellij.rt.junit.JUnitStarter.prepareStreamsAndStart(JUnitStarter.java:232)
	at com.intellij.rt.junit.JUnitStarter.main(JUnitStarter.java:55)
2025-02-20 08:41:27 [main] INFO  l.insoft.uztis.tests.utils.TestUtils - Screenshot moved to C:\Users\ingrida.zadorozniene\Desktop\Asm\UZTIS\UZTIS_tests\test-output\screenshots\20250220\084127888_testFillNewDVPApplicationFA().png
2025-02-20 08:48:29 [main] INFO  lt.insoft.uztis.tests.UztisPageTest - Navigated to https://uztisdev.asseco.lt/home
2025-02-20 08:48:29 [main] INFO  l.i.u.t.SubmittedApplicationsPageTest - Starting test:'testFillNewDVPApplicationFA'
2025-02-20 08:48:30 [main] DEBUG l.i.u.t.SubmittedApplicationsPageTest - User logged in with test credentials.
2025-02-20 08:48:30 [main] DEBUG l.i.u.t.SubmittedApplicationsPageTest - Opened 'Application Processing' menu.
2025-02-20 08:48:30 [main] DEBUG l.i.u.t.SubmittedApplicationsPageTest - Clicked on 'Application Forms' menu.
2025-02-20 08:48:31 [main] DEBUG l.i.u.t.SubmittedApplicationsPageTest - Retrieved last description code text: 'TST-DVP-78'.
2025-02-20 08:48:31 [main] DEBUG l.i.u.t.SubmittedApplicationsPageTest - Clicked on 'Invitation' menu.
2025-02-20 08:48:32 [main] DEBUG l.i.u.t.SubmittedApplicationsPageTest - Selected application section by code: 'TST-DVP-78'.
2025-02-20 08:48:32 [main] DEBUG l.i.u.t.SubmittedApplicationsPageTest - Clicked 'Search' button.
2025-02-20 08:48:32 [main] DEBUG l.i.u.t.SubmittedApplicationsPageTest - Retrieved invitation code: ''.
2025-02-20 08:48:32 [main] DEBUG l.i.u.t.SubmittedApplicationsPageTest - Clicked on 'Submitted Applications' menu.
2025-02-20 08:48:34 [main] DEBUG l.i.u.t.SubmittedApplicationsPageTest - Selected invitation by code: 'TST-DVP-78'.
2025-02-20 08:48:34 [main] DEBUG l.i.u.t.SubmittedApplicationsPageTest - Invitation code inserted.
2025-02-20 08:48:34 [main] DEBUG l.i.u.t.SubmittedApplicationsPageTest - Clicked on 'Action Application' button.
2025-02-20 08:48:34 [main] DEBUG l.i.u.t.SubmittedApplicationsPageTest - Clicked on 'New Application' button.
2025-02-20 08:48:35 [main] DEBUG l.i.u.t.SubmittedApplicationsPageTest - Selected the 'RadioButtonFA' option.
2025-02-20 08:48:35 [main] DEBUG l.i.u.t.SubmittedApplicationsPageTest - Entered phone number: '61298745'.
2025-02-20 08:48:36 [main] DEBUG l.i.u.t.SubmittedApplicationsPageTest - Entered email: 'test@autotest.com'.
2025-02-20 08:48:46 [main] DEBUG l.i.u.t.SubmittedApplicationsPageTest - Checked 'For workplace adaptation' checkbox 1.
2025-02-20 08:48:57 [main] DEBUG l.i.u.t.SubmittedApplicationsPageTest - Checked 'For environmental adaptation' checkbox 2.
2025-02-20 08:48:57 [main] INFO  l.i.u.p.SubmittedApplicationsPage - Located the dropdown button.
2025-02-20 08:49:17 [main] INFO  l.i.u.p.SubmittedApplicationsPage - Found 1741 options in the dropdown.
2025-02-20 08:49:17 [main] INFO  l.i.u.p.SubmittedApplicationsPage - Successfully selected the value: '01.11 - Grūdinių (išskyrus ryžius), ankštinių ir aliejingų sėklų augalų auginimas'
2025-02-20 08:49:27 [main] ERROR l.i.u.p.SubmittedApplicationsPage - Failed to close the dropdown with aria-expanded = 'false'. Attempting manual close.
2025-02-20 08:49:27 [main] INFO  l.i.u.p.SubmittedApplicationsPage - Manual close attempt for the dropdown using body click.
2025-02-20 08:49:27 [main] DEBUG l.i.u.t.SubmittedApplicationsPageTest - Selected EVRK value: '01.11 - Grūdinių (išskyrus ryžius), ankštinių ir aliejingų sėklų augalų auginimas'.
2025-02-20 08:49:27 [main] DEBUG l.i.u.t.SubmittedApplicationsPageTest - Entered address: 'Vilniaus m. sav., Vilnius, Testo g. 10T'.
2025-02-20 08:49:27 [main] DEBUG l.i.u.t.SubmittedApplicationsPageTest - Selected 'For already working' option.
2025-02-20 08:49:28 [main] DEBUG l.i.u.t.SubmittedApplicationsPageTest - Entered person count1: '1'.
2025-02-20 08:49:28 [main] DEBUG l.i.u.t.SubmittedApplicationsPageTest - Selected 'For new working' option.
2025-02-20 08:49:28 [main] DEBUG l.i.u.t.SubmittedApplicationsPageTest - Entered person count2: '1'.
2025-02-20 08:49:29 [main] DEBUG l.i.u.t.SubmittedApplicationsPageTest - Clicked 'Next' button after checkboxes.
2025-02-20 08:49:29 [main] INFO  l.i.u.p.SubmittedApplicationsPage - Located the dropdown button.
2025-02-20 08:49:30 [main] INFO  l.i.u.p.SubmittedApplicationsPage - Successfully selected the value: 'Administratoriai'
2025-02-20 08:50:00 [main] ERROR l.i.u.p.SubmittedApplicationsPage - Timeout while waiting for dropdown to close with aria-expanded = 'false'.
2025-02-20 08:50:00 [main] DEBUG l.i.u.t.SubmittedApplicationsPageTest - Selected adaptable job name: 'Administratoriai'.
2025-02-20 08:50:01 [main] DEBUG l.i.u.t.SubmittedApplicationsPageTest - Entered job date.
2025-02-20 08:50:01 [main] DEBUG l.i.u.t.SubmittedApplicationsPageTest - Entered job function: 'Funkcija 1'.
2025-02-20 08:50:01 [main] DEBUG l.i.u.t.SubmittedApplicationsPageTest - Selected 'ForAlreadyWorking' 'no' option.
2025-02-20 08:50:01 [main] INFO  l.i.u.p.SubmittedApplicationsPage - Clicking on the dropdown button.
2025-02-20 08:50:01 [main] INFO  l.i.u.p.SubmittedApplicationsPage - Found 6 options in the dropdown.
2025-02-20 08:50:01 [main] DEBUG l.i.u.p.SubmittedApplicationsPage - Checking option: 'Lengvo neįgalumo lygis ar 45-55 procentų dalyvumo lygis (iki 2023 m. gruodžio 31 d. – 45-55 procentų darbingumo lygis)'
2025-02-20 08:50:01 [main] DEBUG l.i.u.p.SubmittedApplicationsPage - Checking option: 'Lengvo neįgalumo lygis ar 45-55 procentų dalyvumo lygis (iki 2023 m. gruodžio 31 d. – 45-55 procentų darbingumo lygis)'
2025-02-20 08:50:01 [main] DEBUG l.i.u.p.SubmittedApplicationsPage - Checking option: 'Sunkaus neįgalumo lygis ar neviršijantis 25 procentų dalyvumo lygis (iki 2023 metų gruodžio 31 dienos – iki 25 procentų darbingumo lygis)'
2025-02-20 08:50:02 [main] INFO  l.i.u.p.SubmittedApplicationsPage - Successfully selected the value: 'Sunkaus neįgalumo lygis ar neviršijantis 25 procentų dalyvumo lygis (iki 2023 metų gruodžio 31 dienos – iki 25 procentų darbingumo lygis)'
2025-02-20 08:50:02 [main] INFO  l.i.u.p.SubmittedApplicationsPage - Attempting to close the dropdown.
2025-02-20 08:50:12 [main] INFO  l.i.u.p.SubmittedApplicationsPage - Dropdown should be closed now.
2025-02-20 08:50:12 [main] DEBUG l.i.u.t.SubmittedApplicationsPageTest - Selected disabilities type: 'Sunkaus neįgalumo lygis ar neviršijantis 25 procentų dalyvumo lygis (iki 2023 metų gruodžio 31 dienos – iki 25 procentų darbingumo lygis)'.
2025-02-20 08:50:13 [main] DEBUG l.i.u.t.SubmittedApplicationsPageTest - Entered disability information: 'Negalia 1'.
2025-02-20 08:50:13 [main] DEBUG l.i.u.t.SubmittedApplicationsPageTest - Entered qualification: 'Kvalifikacija 1'.
2025-02-20 08:50:13 [main] DEBUG l.i.u.t.SubmittedApplicationsPageTest - Entered job description: 'Darbo vietos aprašymas 1'.
2025-02-20 08:50:13 [main] DEBUG l.i.u.t.SubmittedApplicationsPageTest - Entered equipment description: 'Priemonių įsigyjimas 1'.
2025-02-20 08:50:14 [main] DEBUG l.i.u.t.SubmittedApplicationsPageTest - Entered work information: 'Darbai 1'.
2025-02-20 08:50:14 [main] INFO  l.i.u.p.SubmittedApplicationsPage - Located the dropdown button.
2025-02-20 08:50:14 [main] INFO  l.i.u.p.SubmittedApplicationsPage - Successfully selected the value: 'Kita'
2025-02-20 08:50:25 [main] ERROR l.i.u.p.SubmittedApplicationsPage - Timeout while waiting for dropdown to close with aria-expanded = 'false'.
2025-02-20 08:50:25 [main] DEBUG l.i.u.t.SubmittedApplicationsPageTest - Selected time mode: 'Kita'.
2025-02-20 08:50:25 [main] DEBUG l.i.u.t.SubmittedApplicationsPageTest - Selected time mode other: '6 val. per dieną ir 4 d. per savaitę'.
2025-02-20 08:50:25 [main] DEBUG l.i.u.t.SubmittedApplicationsPageTest - Entered salary amount: '1200'.
2025-02-20 08:50:25 [main] DEBUG l.i.u.t.SubmittedApplicationsPageTest - Selected 'Temporary Job' radio button.
2025-02-20 08:50:26 [main] DEBUG l.i.u.t.SubmittedApplicationsPageTest - Selected 'Season Job' radio button.
2025-02-20 08:50:26 [main] DEBUG l.i.u.t.SubmittedApplicationsPageTest - Selected 'PVM' radio button.
2025-02-20 08:50:26 [main] INFO  l.i.u.p.SubmittedApplicationsPage - Located the dropdown button.
2025-02-20 08:50:26 [main] INFO  l.i.u.p.SubmittedApplicationsPage - Successfully selected the value: 'Darbo vietos pritaikymui'
2025-02-20 08:50:57 [main] ERROR l.i.u.p.SubmittedApplicationsPage - Timeout while waiting for dropdown to close with aria-expanded = 'false'.
2025-02-20 08:50:57 [main] DEBUG l.i.u.t.SubmittedApplicationsPageTest - Selected adaptable job name: 'Darbo vietos pritaikymui'.
2025-02-20 08:50:57 [main] DEBUG l.i.u.t.SubmittedApplicationsPageTest - Selected tool: 'Darbo priemonė 1'.
2025-02-20 08:50:57 [main] DEBUG l.i.u.t.SubmittedApplicationsPageTest - Entered tool count: '1'.
2025-02-20 08:50:57 [main] DEBUG l.i.u.t.SubmittedApplicationsPageTest - Entered price amount: '1000'.
2025-02-20 08:50:58 [main] DEBUG l.i.u.t.SubmittedApplicationsPageTest - Entered own funds amount: '800'.
2025-02-20 08:50:58 [main] DEBUG l.i.u.p.SubmittedApplicationsPage - Located the dropdown button 'Reikalinga'.
2025-02-20 08:50:58 [main] INFO  l.i.u.p.SubmittedApplicationsPage - Successfully selected the value: 'Įsigyti'
2025-02-20 08:50:58 [main] DEBUG l.i.u.t.SubmittedApplicationsPageTest - Selected necessary for job: 'Įsigyti'.
2025-02-20 08:50:59 [main] DEBUG l.i.u.t.SubmittedApplicationsPageTest - Selected tool parameter one: 'Darbo priemonės 1 parametras 1'.
2025-02-20 08:50:59 [main] DEBUG l.i.u.t.SubmittedApplicationsPageTest - Selected tool parameter two: 'Darbo priemonės 1 parametras 2'.
2025-02-20 08:50:59 [main] DEBUG l.i.u.t.SubmittedApplicationsPageTest - Selected tool parameter three: 'Darbo priemonės 1 parametras 3'.
2025-02-20 08:51:00 [main] DEBUG l.i.u.t.SubmittedApplicationsPageTest - Selected 'De Minimis' radio button.
2025-02-20 08:51:00 [main] DEBUG l.i.u.t.SubmittedApplicationsPageTest - Entered program name: 'Programa 1'.
2025-02-20 08:51:00 [main] DEBUG l.i.u.t.SubmittedApplicationsPageTest - Entered project date from.
2025-02-20 08:51:01 [main] DEBUG l.i.u.t.SubmittedApplicationsPageTest - Entered project date until.
2025-02-20 08:51:01 [main] DEBUG l.i.u.t.SubmittedApplicationsPageTest - Entered support amount: '2000'.
2025-02-20 08:51:11 [main] DEBUG l.i.u.t.SubmittedApplicationsPageTest - Checked 'Legal Entities' checkbox 1.
2025-02-20 08:51:21 [main] DEBUG l.i.u.t.SubmittedApplicationsPageTest - Checked 'Legal Entities' checkbox 2.
2025-02-20 08:51:52 [main] ERROR l.i.u.t.SubmittedApplicationsPageTest - Test 'testFillNewDVPApplicationFA' failed with error: no such element: Unable to locate element: {"method":"xpath","selector":"(//div[contains(@class, 'mdc-checkbox')]//input[@type='checkbox'])[3]"}
  (Session info: chrome=133.0.6943.99)
For documentation on this error, please visit: https://www.selenium.dev/documentation/webdriver/troubleshooting/errors#no-such-element-exception
Build info: version: '4.27.0', revision: 'd6e718d134'
System info: os.name: 'Windows 11', os.arch: 'amd64', os.version: '10.0', java.version: '21.0.3'
Driver info: org.openqa.selenium.chrome.ChromeDriver
Command: [9e9caec4c642cd6cac8bc8fef98456a9, findElement {value=(//div[contains(@class, 'mdc-checkbox')]//input[@type='checkbox'])[3], using=xpath}]
Capabilities {acceptInsecureCerts: false, browserName: chrome, browserVersion: 133.0.6943.99, chrome: {chromedriverVersion: 133.0.6943.126 (cffa127ce7b..., userDataDir: C:\Users\INGRID~1.ZAD\AppDa...}, fedcm:accounts: true, goog:chromeOptions: {debuggerAddress: localhost:60235}, networkConnectionEnabled: false, pageLoadStrategy: normal, platformName: windows, proxy: Proxy(), se:cdp: ws://localhost:60235/devtoo..., se:cdpVersion: 133.0.6943.99, setWindowRect: true, strictFileInteractability: false, timeouts: {implicit: 0, pageLoad: 300000, script: 30000}, unhandledPromptBehavior: dismiss and notify, webauthn:extension:credBlob: true, webauthn:extension:largeBlob: true, webauthn:extension:minPinLength: true, webauthn:extension:prf: true, webauthn:virtualAuthenticators: true}
Session ID: 9e9caec4c642cd6cac8bc8fef98456a9
org.openqa.selenium.NoSuchElementException: no such element: Unable to locate element: {"method":"xpath","selector":"(//div[contains(@class, 'mdc-checkbox')]//input[@type='checkbox'])[3]"}
  (Session info: chrome=133.0.6943.99)
For documentation on this error, please visit: https://www.selenium.dev/documentation/webdriver/troubleshooting/errors#no-such-element-exception
Build info: version: '4.27.0', revision: 'd6e718d134'
System info: os.name: 'Windows 11', os.arch: 'amd64', os.version: '10.0', java.version: '21.0.3'
Driver info: org.openqa.selenium.chrome.ChromeDriver
Command: [9e9caec4c642cd6cac8bc8fef98456a9, findElement {value=(//div[contains(@class, 'mdc-checkbox')]//input[@type='checkbox'])[3], using=xpath}]
Capabilities {acceptInsecureCerts: false, browserName: chrome, browserVersion: 133.0.6943.99, chrome: {chromedriverVersion: 133.0.6943.126 (cffa127ce7b..., userDataDir: C:\Users\INGRID~1.ZAD\AppDa...}, fedcm:accounts: true, goog:chromeOptions: {debuggerAddress: localhost:60235}, networkConnectionEnabled: false, pageLoadStrategy: normal, platformName: windows, proxy: Proxy(), se:cdp: ws://localhost:60235/devtoo..., se:cdpVersion: 133.0.6943.99, setWindowRect: true, strictFileInteractability: false, timeouts: {implicit: 0, pageLoad: 300000, script: 30000}, unhandledPromptBehavior: dismiss and notify, webauthn:extension:credBlob: true, webauthn:extension:largeBlob: true, webauthn:extension:minPinLength: true, webauthn:extension:prf: true, webauthn:virtualAuthenticators: true}
Session ID: 9e9caec4c642cd6cac8bc8fef98456a9
	at java.base/jdk.internal.reflect.DirectConstructorHandleAccessor.newInstance(DirectConstructorHandleAccessor.java:62)
	at java.base/java.lang.reflect.Constructor.newInstanceWithCaller(Constructor.java:502)
	at java.base/java.lang.reflect.Constructor.newInstance(Constructor.java:486)
	at org.openqa.selenium.remote.ErrorCodec.decode(ErrorCodec.java:167)
	at org.openqa.selenium.remote.codec.w3c.W3CHttpResponseCodec.decode(W3CHttpResponseCodec.java:138)
	at org.openqa.selenium.remote.codec.w3c.W3CHttpResponseCodec.decode(W3CHttpResponseCodec.java:50)
	at org.openqa.selenium.remote.HttpCommandExecutor.execute(HttpCommandExecutor.java:190)
	at org.openqa.selenium.remote.service.DriverCommandExecutor.invokeExecute(DriverCommandExecutor.java:216)
	at org.openqa.selenium.remote.service.DriverCommandExecutor.execute(DriverCommandExecutor.java:174)
	at org.openqa.selenium.remote.RemoteWebDriver.execute(RemoteWebDriver.java:545)
	at org.openqa.selenium.remote.ElementLocation$ElementFinder$2.findElement(ElementLocation.java:165)
	at org.openqa.selenium.remote.ElementLocation.findElement(ElementLocation.java:59)
	at org.openqa.selenium.remote.RemoteWebDriver.findElement(RemoteWebDriver.java:368)
	at org.openqa.selenium.remote.RemoteWebDriver.findElement(RemoteWebDriver.java:362)
	at org.openqa.selenium.support.pagefactory.DefaultElementLocator.findElement(DefaultElementLocator.java:68)
	at org.openqa.selenium.support.pagefactory.internal.LocatingElementHandler.invoke(LocatingElementHandler.java:38)
	at jdk.proxy2/jdk.proxy2.$Proxy14.getWrappedElement(Unknown Source)
	at org.openqa.selenium.remote.WebElementToJsonConverter.apply(WebElementToJsonConverter.java:48)
	at java.base/java.util.stream.ReferencePipeline$3$1.accept(ReferencePipeline.java:197)
	at java.base/java.util.Spliterators$ArraySpliterator.forEachRemaining(Spliterators.java:1024)
	at java.base/java.util.stream.AbstractPipeline.copyInto(AbstractPipeline.java:509)
	at java.base/java.util.stream.AbstractPipeline.wrapAndCopyInto(AbstractPipeline.java:499)
	at java.base/java.util.stream.ReduceOps$ReduceOp.evaluateSequential(ReduceOps.java:921)
	at java.base/java.util.stream.AbstractPipeline.evaluate(AbstractPipeline.java:234)
	at java.base/java.util.stream.ReferencePipeline.collect(ReferencePipeline.java:682)
	at org.openqa.selenium.remote.RemoteWebDriver.executeScript(RemoteWebDriver.java:474)
	at lt.insoft.uztis.pages.SubmittedApplicationsPage$CheckboxHelper.clickWithJavaScript(SubmittedApplicationsPage.java:1460)
	at lt.insoft.uztis.pages.SubmittedApplicationsPage$CheckboxHelper.setConfirmationCheckbox(SubmittedApplicationsPage.java:1449)
	at lt.insoft.uztis.tests.SubmittedApplicationsPageTest.testFillNewDVPApplicationFA(SubmittedApplicationsPageTest.java:719)
	at java.base/jdk.internal.reflect.DirectMethodHandleAccessor.invoke(DirectMethodHandleAccessor.java:103)
	at java.base/java.lang.reflect.Method.invoke(Method.java:580)
	at org.junit.platform.commons.util.ReflectionUtils.invokeMethod(ReflectionUtils.java:728)
	at org.junit.jupiter.engine.execution.MethodInvocation.proceed(MethodInvocation.java:60)
	at org.junit.jupiter.engine.execution.InvocationInterceptorChain$ValidatingInvocation.proceed(InvocationInterceptorChain.java:131)
	at org.junit.jupiter.engine.extension.TimeoutExtension.intercept(TimeoutExtension.java:156)
	at org.junit.jupiter.engine.extension.TimeoutExtension.interceptTestableMethod(TimeoutExtension.java:147)
	at org.junit.jupiter.engine.extension.TimeoutExtension.interceptTestMethod(TimeoutExtension.java:86)
	at org.junit.jupiter.engine.execution.InterceptingExecutableInvoker$ReflectiveInterceptorCall.lambda$ofVoidMethod$0(InterceptingExecutableInvoker.java:103)
	at org.junit.jupiter.engine.execution.InterceptingExecutableInvoker.lambda$invoke$0(InterceptingExecutableInvoker.java:93)
	at org.junit.jupiter.engine.execution.InvocationInterceptorChain$InterceptedInvocation.proceed(InvocationInterceptorChain.java:106)
	at org.junit.jupiter.engine.execution.InvocationInterceptorChain.proceed(InvocationInterceptorChain.java:64)
	at org.junit.jupiter.engine.execution.InvocationInterceptorChain.chainAndInvoke(InvocationInterceptorChain.java:45)
	at org.junit.jupiter.engine.execution.InvocationInterceptorChain.invoke(InvocationInterceptorChain.java:37)
	at org.junit.jupiter.engine.execution.InterceptingExecutableInvoker.invoke(InterceptingExecutableInvoker.java:92)
	at org.junit.jupiter.engine.execution.InterceptingExecutableInvoker.invoke(InterceptingExecutableInvoker.java:86)
	at org.junit.jupiter.engine.descriptor.TestMethodTestDescriptor.lambda$invokeTestMethod$7(TestMethodTestDescriptor.java:218)
	at org.junit.platform.engine.support.hierarchical.ThrowableCollector.execute(ThrowableCollector.java:73)
	at org.junit.jupiter.engine.descriptor.TestMethodTestDescriptor.invokeTestMethod(TestMethodTestDescriptor.java:214)
	at org.junit.jupiter.engine.descriptor.TestMethodTestDescriptor.execute(TestMethodTestDescriptor.java:139)
	at org.junit.jupiter.engine.descriptor.TestMethodTestDescriptor.execute(TestMethodTestDescriptor.java:69)
	at org.junit.platform.engine.support.hierarchical.NodeTestTask.lambda$executeRecursively$6(NodeTestTask.java:151)
	at org.junit.platform.engine.support.hierarchical.ThrowableCollector.execute(ThrowableCollector.java:73)
	at org.junit.platform.engine.support.hierarchical.NodeTestTask.lambda$executeRecursively$8(NodeTestTask.java:141)
	at org.junit.platform.engine.support.hierarchical.Node.around(Node.java:137)
	at org.junit.platform.engine.support.hierarchical.NodeTestTask.lambda$executeRecursively$9(NodeTestTask.java:139)
	at org.junit.platform.engine.support.hierarchical.ThrowableCollector.execute(ThrowableCollector.java:73)
	at org.junit.platform.engine.support.hierarchical.NodeTestTask.executeRecursively(NodeTestTask.java:138)
	at org.junit.platform.engine.support.hierarchical.NodeTestTask.execute(NodeTestTask.java:95)
	at java.base/java.util.ArrayList.forEach(ArrayList.java:1596)
	at org.junit.platform.engine.support.hierarchical.SameThreadHierarchicalTestExecutorService.invokeAll(SameThreadHierarchicalTestExecutorService.java:41)
	at org.junit.platform.engine.support.hierarchical.NodeTestTask.lambda$executeRecursively$6(NodeTestTask.java:155)
	at org.junit.platform.engine.support.hierarchical.ThrowableCollector.execute(ThrowableCollector.java:73)
	at org.junit.platform.engine.support.hierarchical.NodeTestTask.lambda$executeRecursively$8(NodeTestTask.java:141)
	at org.junit.platform.engine.support.hierarchical.Node.around(Node.java:137)
	at org.junit.platform.engine.support.hierarchical.NodeTestTask.lambda$executeRecursively$9(NodeTestTask.java:139)
	at org.junit.platform.engine.support.hierarchical.ThrowableCollector.execute(ThrowableCollector.java:73)
	at org.junit.platform.engine.support.hierarchical.NodeTestTask.executeRecursively(NodeTestTask.java:138)
	at org.junit.platform.engine.support.hierarchical.NodeTestTask.execute(NodeTestTask.java:95)
	at java.base/java.util.ArrayList.forEach(ArrayList.java:1596)
	at org.junit.platform.engine.support.hierarchical.SameThreadHierarchicalTestExecutorService.invokeAll(SameThreadHierarchicalTestExecutorService.java:41)
	at org.junit.platform.engine.support.hierarchical.NodeTestTask.lambda$executeRecursively$6(NodeTestTask.java:155)
	at org.junit.platform.engine.support.hierarchical.ThrowableCollector.execute(ThrowableCollector.java:73)
	at org.junit.platform.engine.support.hierarchical.NodeTestTask.lambda$executeRecursively$8(NodeTestTask.java:141)
	at org.junit.platform.engine.support.hierarchical.Node.around(Node.java:137)
	at org.junit.platform.engine.support.hierarchical.NodeTestTask.lambda$executeRecursively$9(NodeTestTask.java:139)
	at org.junit.platform.engine.support.hierarchical.ThrowableCollector.execute(ThrowableCollector.java:73)
	at org.junit.platform.engine.support.hierarchical.NodeTestTask.executeRecursively(NodeTestTask.java:138)
	at org.junit.platform.engine.support.hierarchical.NodeTestTask.execute(NodeTestTask.java:95)
	at org.junit.platform.engine.support.hierarchical.SameThreadHierarchicalTestExecutorService.submit(SameThreadHierarchicalTestExecutorService.java:35)
	at org.junit.platform.engine.support.hierarchical.HierarchicalTestExecutor.execute(HierarchicalTestExecutor.java:57)
	at org.junit.platform.engine.support.hierarchical.HierarchicalTestEngine.execute(HierarchicalTestEngine.java:54)
	at org.junit.platform.launcher.core.EngineExecutionOrchestrator.execute(EngineExecutionOrchestrator.java:198)
	at org.junit.platform.launcher.core.EngineExecutionOrchestrator.execute(EngineExecutionOrchestrator.java:169)
	at org.junit.platform.launcher.core.EngineExecutionOrchestrator.execute(EngineExecutionOrchestrator.java:93)
	at org.junit.platform.launcher.core.EngineExecutionOrchestrator.lambda$execute$0(EngineExecutionOrchestrator.java:58)
	at org.junit.platform.launcher.core.EngineExecutionOrchestrator.withInterceptedStreams(EngineExecutionOrchestrator.java:141)
	at org.junit.platform.launcher.core.EngineExecutionOrchestrator.execute(EngineExecutionOrchestrator.java:57)
	at org.junit.platform.launcher.core.DefaultLauncher.execute(DefaultLauncher.java:103)
	at org.junit.platform.launcher.core.DefaultLauncher.execute(DefaultLauncher.java:85)
	at org.junit.platform.launcher.core.DelegatingLauncher.execute(DelegatingLauncher.java:47)
	at org.junit.platform.launcher.core.SessionPerRequestLauncher.execute(SessionPerRequestLauncher.java:63)
	at com.intellij.junit5.JUnit5IdeaTestRunner.startRunnerWithArgs(JUnit5IdeaTestRunner.java:57)
	at com.intellij.rt.junit.IdeaTestRunner$Repeater$1.execute(IdeaTestRunner.java:38)
	at com.intellij.rt.execution.junit.TestsRepeater.repeat(TestsRepeater.java:11)
	at com.intellij.rt.junit.IdeaTestRunner$Repeater.startRunnerWithArgs(IdeaTestRunner.java:35)
	at com.intellij.rt.junit.JUnitStarter.prepareStreamsAndStart(JUnitStarter.java:232)
	at com.intellij.rt.junit.JUnitStarter.main(JUnitStarter.java:55)
2025-02-20 08:51:52 [main] INFO  l.insoft.uztis.tests.utils.TestUtils - Screenshot moved to C:\Users\ingrida.zadorozniene\Desktop\Asm\UZTIS\UZTIS_tests\test-output\screenshots\20250220\085152264_testFillNewDVPApplicationFA().png
2025-02-20 08:55:25 [main] INFO  lt.insoft.uztis.tests.UztisPageTest - Navigated to https://uztisdev.asseco.lt/home
2025-02-20 08:55:25 [main] INFO  l.i.u.t.SubmittedApplicationsPageTest - Starting test:'testFillNewDVPApplicationFA'
2025-02-20 08:55:26 [main] DEBUG l.i.u.t.SubmittedApplicationsPageTest - User logged in with test credentials.
2025-02-20 08:55:27 [main] DEBUG l.i.u.t.SubmittedApplicationsPageTest - Opened 'Application Processing' menu.
2025-02-20 08:55:27 [main] DEBUG l.i.u.t.SubmittedApplicationsPageTest - Clicked on 'Application Forms' menu.
2025-02-20 08:55:28 [main] DEBUG l.i.u.t.SubmittedApplicationsPageTest - Retrieved last description code text: 'TST-DVP-78'.
2025-02-20 08:55:28 [main] DEBUG l.i.u.t.SubmittedApplicationsPageTest - Clicked on 'Invitation' menu.
2025-02-20 08:55:30 [main] DEBUG l.i.u.t.SubmittedApplicationsPageTest - Selected application section by code: 'TST-DVP-78'.
2025-02-20 08:55:30 [main] DEBUG l.i.u.t.SubmittedApplicationsPageTest - Clicked 'Search' button.
2025-02-20 08:55:30 [main] DEBUG l.i.u.t.SubmittedApplicationsPageTest - Retrieved invitation code: ''.
2025-02-20 08:55:30 [main] DEBUG l.i.u.t.SubmittedApplicationsPageTest - Clicked on 'Submitted Applications' menu.
2025-02-20 08:55:32 [main] DEBUG l.i.u.t.SubmittedApplicationsPageTest - Selected invitation by code: 'TST-DVP-78'.
2025-02-20 08:55:32 [main] DEBUG l.i.u.t.SubmittedApplicationsPageTest - Invitation code inserted.
2025-02-20 08:55:32 [main] DEBUG l.i.u.t.SubmittedApplicationsPageTest - Clicked on 'Action Application' button.
2025-02-20 08:55:32 [main] DEBUG l.i.u.t.SubmittedApplicationsPageTest - Clicked on 'New Application' button.
2025-02-20 08:55:33 [main] DEBUG l.i.u.t.SubmittedApplicationsPageTest - Selected the 'RadioButtonFA' option.
2025-02-20 08:55:34 [main] DEBUG l.i.u.t.SubmittedApplicationsPageTest - Entered phone number: '61298745'.
2025-02-20 08:55:34 [main] DEBUG l.i.u.t.SubmittedApplicationsPageTest - Entered email: 'test@autotest.com'.
2025-02-20 08:55:44 [main] DEBUG l.i.u.t.SubmittedApplicationsPageTest - Checked 'For workplace adaptation' checkbox 1.
2025-02-20 08:55:55 [main] DEBUG l.i.u.t.SubmittedApplicationsPageTest - Checked 'For environmental adaptation' checkbox 2.
2025-02-20 08:55:55 [main] INFO  l.i.u.p.SubmittedApplicationsPage - Located the dropdown button.
2025-02-20 08:56:15 [main] INFO  l.i.u.p.SubmittedApplicationsPage - Found 1741 options in the dropdown.
2025-02-20 08:56:15 [main] INFO  l.i.u.p.SubmittedApplicationsPage - Successfully selected the value: '01.11 - Grūdinių (išskyrus ryžius), ankštinių ir aliejingų sėklų augalų auginimas'
2025-02-20 08:56:25 [main] ERROR l.i.u.p.SubmittedApplicationsPage - Failed to close the dropdown with aria-expanded = 'false'. Attempting manual close.
2025-02-20 08:56:26 [main] INFO  l.i.u.p.SubmittedApplicationsPage - Manual close attempt for the dropdown using body click.
2025-02-20 08:56:26 [main] DEBUG l.i.u.t.SubmittedApplicationsPageTest - Selected EVRK value: '01.11 - Grūdinių (išskyrus ryžius), ankštinių ir aliejingų sėklų augalų auginimas'.
2025-02-20 08:56:26 [main] DEBUG l.i.u.t.SubmittedApplicationsPageTest - Entered address: 'Vilniaus m. sav., Vilnius, Testo g. 10T'.
2025-02-20 08:56:26 [main] DEBUG l.i.u.t.SubmittedApplicationsPageTest - Selected 'For already working' option.
2025-02-20 08:56:26 [main] DEBUG l.i.u.t.SubmittedApplicationsPageTest - Entered person count1: '1'.
2025-02-20 08:56:27 [main] DEBUG l.i.u.t.SubmittedApplicationsPageTest - Selected 'For new working' option.
2025-02-20 08:56:27 [main] DEBUG l.i.u.t.SubmittedApplicationsPageTest - Entered person count2: '1'.
2025-02-20 08:56:27 [main] DEBUG l.i.u.t.SubmittedApplicationsPageTest - Clicked 'Next' button after checkboxes.
2025-02-20 08:56:27 [main] INFO  l.i.u.p.SubmittedApplicationsPage - Located the dropdown button.
2025-02-20 08:56:29 [main] INFO  l.i.u.p.SubmittedApplicationsPage - Successfully selected the value: 'Administratoriai'
2025-02-20 08:56:59 [main] ERROR l.i.u.p.SubmittedApplicationsPage - Timeout while waiting for dropdown to close with aria-expanded = 'false'.
2025-02-20 08:56:59 [main] DEBUG l.i.u.t.SubmittedApplicationsPageTest - Selected adaptable job name: 'Administratoriai'.
2025-02-20 08:57:00 [main] DEBUG l.i.u.t.SubmittedApplicationsPageTest - Entered job date.
2025-02-20 08:57:00 [main] DEBUG l.i.u.t.SubmittedApplicationsPageTest - Entered job function: 'Funkcija 1'.
2025-02-20 08:57:00 [main] DEBUG l.i.u.t.SubmittedApplicationsPageTest - Selected 'ForAlreadyWorking' 'no' option.
2025-02-20 08:57:00 [main] INFO  l.i.u.p.SubmittedApplicationsPage - Clicking on the dropdown button.
2025-02-20 08:57:01 [main] INFO  l.i.u.p.SubmittedApplicationsPage - Found 6 options in the dropdown.
2025-02-20 08:57:01 [main] DEBUG l.i.u.p.SubmittedApplicationsPage - Checking option: 'Lengvo neįgalumo lygis ar 45-55 procentų dalyvumo lygis (iki 2023 m. gruodžio 31 d. – 45-55 procentų darbingumo lygis)'
2025-02-20 08:57:01 [main] DEBUG l.i.u.p.SubmittedApplicationsPage - Checking option: 'Lengvo neįgalumo lygis ar 45-55 procentų dalyvumo lygis (iki 2023 m. gruodžio 31 d. – 45-55 procentų darbingumo lygis)'
2025-02-20 08:57:01 [main] DEBUG l.i.u.p.SubmittedApplicationsPage - Checking option: 'Sunkaus neįgalumo lygis ar neviršijantis 25 procentų dalyvumo lygis (iki 2023 metų gruodžio 31 dienos – iki 25 procentų darbingumo lygis)'
2025-02-20 08:57:01 [main] INFO  l.i.u.p.SubmittedApplicationsPage - Successfully selected the value: 'Sunkaus neįgalumo lygis ar neviršijantis 25 procentų dalyvumo lygis (iki 2023 metų gruodžio 31 dienos – iki 25 procentų darbingumo lygis)'
2025-02-20 08:57:01 [main] INFO  l.i.u.p.SubmittedApplicationsPage - Attempting to close the dropdown.
2025-02-20 08:57:11 [main] INFO  l.i.u.p.SubmittedApplicationsPage - Dropdown should be closed now.
2025-02-20 08:57:11 [main] DEBUG l.i.u.t.SubmittedApplicationsPageTest - Selected disabilities type: 'Sunkaus neįgalumo lygis ar neviršijantis 25 procentų dalyvumo lygis (iki 2023 metų gruodžio 31 dienos – iki 25 procentų darbingumo lygis)'.
2025-02-20 08:57:12 [main] DEBUG l.i.u.t.SubmittedApplicationsPageTest - Entered disability information: 'Negalia 1'.
2025-02-20 08:57:12 [main] DEBUG l.i.u.t.SubmittedApplicationsPageTest - Entered qualification: 'Kvalifikacija 1'.
2025-02-20 08:57:12 [main] DEBUG l.i.u.t.SubmittedApplicationsPageTest - Entered job description: 'Darbo vietos aprašymas 1'.
2025-02-20 08:57:13 [main] DEBUG l.i.u.t.SubmittedApplicationsPageTest - Entered equipment description: 'Priemonių įsigyjimas 1'.
2025-02-20 08:57:13 [main] DEBUG l.i.u.t.SubmittedApplicationsPageTest - Entered work information: 'Darbai 1'.
2025-02-20 08:57:13 [main] INFO  l.i.u.p.SubmittedApplicationsPage - Located the dropdown button.
2025-02-20 08:57:13 [main] INFO  l.i.u.p.SubmittedApplicationsPage - Successfully selected the value: 'Kita'
2025-02-20 08:57:24 [main] ERROR l.i.u.p.SubmittedApplicationsPage - Timeout while waiting for dropdown to close with aria-expanded = 'false'.
2025-02-20 08:57:24 [main] DEBUG l.i.u.t.SubmittedApplicationsPageTest - Selected time mode: 'Kita'.
2025-02-20 08:57:24 [main] DEBUG l.i.u.t.SubmittedApplicationsPageTest - Selected time mode other: '6 val. per dieną ir 4 d. per savaitę'.
2025-02-20 08:57:24 [main] DEBUG l.i.u.t.SubmittedApplicationsPageTest - Entered salary amount: '1200'.
2025-02-20 08:57:24 [main] DEBUG l.i.u.t.SubmittedApplicationsPageTest - Selected 'Temporary Job' radio button.
2025-02-20 08:57:24 [main] DEBUG l.i.u.t.SubmittedApplicationsPageTest - Selected 'Season Job' radio button.
2025-02-20 08:57:25 [main] DEBUG l.i.u.t.SubmittedApplicationsPageTest - Selected 'PVM' radio button.
2025-02-20 08:57:25 [main] INFO  l.i.u.p.SubmittedApplicationsPage - Located the dropdown button.
2025-02-20 08:57:25 [main] INFO  l.i.u.p.SubmittedApplicationsPage - Successfully selected the value: 'Darbo vietos pritaikymui'
2025-02-20 08:57:55 [main] ERROR l.i.u.p.SubmittedApplicationsPage - Timeout while waiting for dropdown to close with aria-expanded = 'false'.
2025-02-20 08:57:55 [main] DEBUG l.i.u.t.SubmittedApplicationsPageTest - Selected adaptable job name: 'Darbo vietos pritaikymui'.
2025-02-20 08:57:56 [main] DEBUG l.i.u.p.SubmittedApplicationsPage - Located the dropdown button 'Reikalinga'.
2025-02-20 08:57:56 [main] INFO  l.i.u.p.SubmittedApplicationsPage - Successfully selected the value: 'Įsigyti'
2025-02-20 08:57:56 [main] DEBUG l.i.u.t.SubmittedApplicationsPageTest - Selected necessary for job: 'Įsigyti'.
2025-02-20 08:57:56 [main] DEBUG l.i.u.t.SubmittedApplicationsPageTest - Selected tool: 'Darbo priemonė 1'.
2025-02-20 08:57:57 [main] DEBUG l.i.u.t.SubmittedApplicationsPageTest - Selected tool parameter one: 'Darbo priemonės 1 parametras 1'.
2025-02-20 08:57:57 [main] DEBUG l.i.u.t.SubmittedApplicationsPageTest - Selected tool parameter two: 'Darbo priemonės 1 parametras 2'.
2025-02-20 08:57:57 [main] DEBUG l.i.u.t.SubmittedApplicationsPageTest - Selected tool parameter three: 'Darbo priemonės 1 parametras 3'.
2025-02-20 08:57:58 [main] DEBUG l.i.u.t.SubmittedApplicationsPageTest - Entered tool count: '1'.
2025-02-20 08:57:58 [main] DEBUG l.i.u.t.SubmittedApplicationsPageTest - Entered price amount: '1000'.
2025-02-20 08:57:58 [main] DEBUG l.i.u.t.SubmittedApplicationsPageTest - Entered own funds amount: '800'.
2025-02-20 08:57:58 [main] DEBUG l.i.u.t.SubmittedApplicationsPageTest - Selected 'De Minimis' radio button.
2025-02-20 08:57:59 [main] DEBUG l.i.u.t.SubmittedApplicationsPageTest - Entered program name: 'Programa 1'.
2025-02-20 08:57:59 [main] DEBUG l.i.u.t.SubmittedApplicationsPageTest - Entered project date from.
2025-02-20 08:57:59 [main] DEBUG l.i.u.t.SubmittedApplicationsPageTest - Entered project date until.
2025-02-20 08:58:00 [main] DEBUG l.i.u.t.SubmittedApplicationsPageTest - Entered support amount: '2000'.
2025-02-20 08:58:30 [main] ERROR l.i.u.t.SubmittedApplicationsPageTest - Test 'testFillNewDVPApplicationFA' failed with error: no such element: Unable to locate element: {"method":"xpath","selector":"(//div[contains(@class, 'mdc-checkbox')]//input[@type='checkbox'])[3]"}
  (Session info: chrome=133.0.6943.99)
For documentation on this error, please visit: https://www.selenium.dev/documentation/webdriver/troubleshooting/errors#no-such-element-exception
Build info: version: '4.27.0', revision: 'd6e718d134'
System info: os.name: 'Windows 11', os.arch: 'amd64', os.version: '10.0', java.version: '21.0.3'
Driver info: org.openqa.selenium.chrome.ChromeDriver
Command: [073797582792cd1fe4d208fe29d4eb4f, findElement {value=(//div[contains(@class, 'mdc-checkbox')]//input[@type='checkbox'])[3], using=xpath}]
Capabilities {acceptInsecureCerts: false, browserName: chrome, browserVersion: 133.0.6943.99, chrome: {chromedriverVersion: 133.0.6943.126 (cffa127ce7b..., userDataDir: C:\Users\INGRID~1.ZAD\AppDa...}, fedcm:accounts: true, goog:chromeOptions: {debuggerAddress: localhost:60884}, networkConnectionEnabled: false, pageLoadStrategy: normal, platformName: windows, proxy: Proxy(), se:cdp: ws://localhost:60884/devtoo..., se:cdpVersion: 133.0.6943.99, setWindowRect: true, strictFileInteractability: false, timeouts: {implicit: 0, pageLoad: 300000, script: 30000}, unhandledPromptBehavior: dismiss and notify, webauthn:extension:credBlob: true, webauthn:extension:largeBlob: true, webauthn:extension:minPinLength: true, webauthn:extension:prf: true, webauthn:virtualAuthenticators: true}
Session ID: 073797582792cd1fe4d208fe29d4eb4f
org.openqa.selenium.NoSuchElementException: no such element: Unable to locate element: {"method":"xpath","selector":"(//div[contains(@class, 'mdc-checkbox')]//input[@type='checkbox'])[3]"}
  (Session info: chrome=133.0.6943.99)
For documentation on this error, please visit: https://www.selenium.dev/documentation/webdriver/troubleshooting/errors#no-such-element-exception
Build info: version: '4.27.0', revision: 'd6e718d134'
System info: os.name: 'Windows 11', os.arch: 'amd64', os.version: '10.0', java.version: '21.0.3'
Driver info: org.openqa.selenium.chrome.ChromeDriver
Command: [073797582792cd1fe4d208fe29d4eb4f, findElement {value=(//div[contains(@class, 'mdc-checkbox')]//input[@type='checkbox'])[3], using=xpath}]
Capabilities {acceptInsecureCerts: false, browserName: chrome, browserVersion: 133.0.6943.99, chrome: {chromedriverVersion: 133.0.6943.126 (cffa127ce7b..., userDataDir: C:\Users\INGRID~1.ZAD\AppDa...}, fedcm:accounts: true, goog:chromeOptions: {debuggerAddress: localhost:60884}, networkConnectionEnabled: false, pageLoadStrategy: normal, platformName: windows, proxy: Proxy(), se:cdp: ws://localhost:60884/devtoo..., se:cdpVersion: 133.0.6943.99, setWindowRect: true, strictFileInteractability: false, timeouts: {implicit: 0, pageLoad: 300000, script: 30000}, unhandledPromptBehavior: dismiss and notify, webauthn:extension:credBlob: true, webauthn:extension:largeBlob: true, webauthn:extension:minPinLength: true, webauthn:extension:prf: true, webauthn:virtualAuthenticators: true}
Session ID: 073797582792cd1fe4d208fe29d4eb4f
	at java.base/jdk.internal.reflect.DirectConstructorHandleAccessor.newInstance(DirectConstructorHandleAccessor.java:62)
	at java.base/java.lang.reflect.Constructor.newInstanceWithCaller(Constructor.java:502)
	at java.base/java.lang.reflect.Constructor.newInstance(Constructor.java:486)
	at org.openqa.selenium.remote.ErrorCodec.decode(ErrorCodec.java:167)
	at org.openqa.selenium.remote.codec.w3c.W3CHttpResponseCodec.decode(W3CHttpResponseCodec.java:138)
	at org.openqa.selenium.remote.codec.w3c.W3CHttpResponseCodec.decode(W3CHttpResponseCodec.java:50)
	at org.openqa.selenium.remote.HttpCommandExecutor.execute(HttpCommandExecutor.java:190)
	at org.openqa.selenium.remote.service.DriverCommandExecutor.invokeExecute(DriverCommandExecutor.java:216)
	at org.openqa.selenium.remote.service.DriverCommandExecutor.execute(DriverCommandExecutor.java:174)
	at org.openqa.selenium.remote.RemoteWebDriver.execute(RemoteWebDriver.java:545)
	at org.openqa.selenium.remote.ElementLocation$ElementFinder$2.findElement(ElementLocation.java:165)
	at org.openqa.selenium.remote.ElementLocation.findElement(ElementLocation.java:59)
	at org.openqa.selenium.remote.RemoteWebDriver.findElement(RemoteWebDriver.java:368)
	at org.openqa.selenium.remote.RemoteWebDriver.findElement(RemoteWebDriver.java:362)
	at org.openqa.selenium.support.pagefactory.DefaultElementLocator.findElement(DefaultElementLocator.java:68)
	at org.openqa.selenium.support.pagefactory.internal.LocatingElementHandler.invoke(LocatingElementHandler.java:38)
	at jdk.proxy2/jdk.proxy2.$Proxy14.getWrappedElement(Unknown Source)
	at org.openqa.selenium.remote.WebElementToJsonConverter.apply(WebElementToJsonConverter.java:48)
	at java.base/java.util.stream.ReferencePipeline$3$1.accept(ReferencePipeline.java:197)
	at java.base/java.util.Spliterators$ArraySpliterator.forEachRemaining(Spliterators.java:1024)
	at java.base/java.util.stream.AbstractPipeline.copyInto(AbstractPipeline.java:509)
	at java.base/java.util.stream.AbstractPipeline.wrapAndCopyInto(AbstractPipeline.java:499)
	at java.base/java.util.stream.ReduceOps$ReduceOp.evaluateSequential(ReduceOps.java:921)
	at java.base/java.util.stream.AbstractPipeline.evaluate(AbstractPipeline.java:234)
	at java.base/java.util.stream.ReferencePipeline.collect(ReferencePipeline.java:682)
	at org.openqa.selenium.remote.RemoteWebDriver.executeScript(RemoteWebDriver.java:474)
	at lt.insoft.uztis.pages.SubmittedApplicationsPage$CheckboxHelper.clickWithJavaScript(SubmittedApplicationsPage.java:1460)
	at lt.insoft.uztis.pages.SubmittedApplicationsPage$CheckboxHelper.setConfirmationCheckbox(SubmittedApplicationsPage.java:1449)
	at lt.insoft.uztis.tests.SubmittedApplicationsPageTest.testFillNewDVPApplicationFA(SubmittedApplicationsPageTest.java:719)
	at java.base/jdk.internal.reflect.DirectMethodHandleAccessor.invoke(DirectMethodHandleAccessor.java:103)
	at java.base/java.lang.reflect.Method.invoke(Method.java:580)
	at org.junit.platform.commons.util.ReflectionUtils.invokeMethod(ReflectionUtils.java:728)
	at org.junit.jupiter.engine.execution.MethodInvocation.proceed(MethodInvocation.java:60)
	at org.junit.jupiter.engine.execution.InvocationInterceptorChain$ValidatingInvocation.proceed(InvocationInterceptorChain.java:131)
	at org.junit.jupiter.engine.extension.TimeoutExtension.intercept(TimeoutExtension.java:156)
	at org.junit.jupiter.engine.extension.TimeoutExtension.interceptTestableMethod(TimeoutExtension.java:147)
	at org.junit.jupiter.engine.extension.TimeoutExtension.interceptTestMethod(TimeoutExtension.java:86)
	at org.junit.jupiter.engine.execution.InterceptingExecutableInvoker$ReflectiveInterceptorCall.lambda$ofVoidMethod$0(InterceptingExecutableInvoker.java:103)
	at org.junit.jupiter.engine.execution.InterceptingExecutableInvoker.lambda$invoke$0(InterceptingExecutableInvoker.java:93)
	at org.junit.jupiter.engine.execution.InvocationInterceptorChain$InterceptedInvocation.proceed(InvocationInterceptorChain.java:106)
	at org.junit.jupiter.engine.execution.InvocationInterceptorChain.proceed(InvocationInterceptorChain.java:64)
	at org.junit.jupiter.engine.execution.InvocationInterceptorChain.chainAndInvoke(InvocationInterceptorChain.java:45)
	at org.junit.jupiter.engine.execution.InvocationInterceptorChain.invoke(InvocationInterceptorChain.java:37)
	at org.junit.jupiter.engine.execution.InterceptingExecutableInvoker.invoke(InterceptingExecutableInvoker.java:92)
	at org.junit.jupiter.engine.execution.InterceptingExecutableInvoker.invoke(InterceptingExecutableInvoker.java:86)
	at org.junit.jupiter.engine.descriptor.TestMethodTestDescriptor.lambda$invokeTestMethod$7(TestMethodTestDescriptor.java:218)
	at org.junit.platform.engine.support.hierarchical.ThrowableCollector.execute(ThrowableCollector.java:73)
	at org.junit.jupiter.engine.descriptor.TestMethodTestDescriptor.invokeTestMethod(TestMethodTestDescriptor.java:214)
	at org.junit.jupiter.engine.descriptor.TestMethodTestDescriptor.execute(TestMethodTestDescriptor.java:139)
	at org.junit.jupiter.engine.descriptor.TestMethodTestDescriptor.execute(TestMethodTestDescriptor.java:69)
	at org.junit.platform.engine.support.hierarchical.NodeTestTask.lambda$executeRecursively$6(NodeTestTask.java:151)
	at org.junit.platform.engine.support.hierarchical.ThrowableCollector.execute(ThrowableCollector.java:73)
	at org.junit.platform.engine.support.hierarchical.NodeTestTask.lambda$executeRecursively$8(NodeTestTask.java:141)
	at org.junit.platform.engine.support.hierarchical.Node.around(Node.java:137)
	at org.junit.platform.engine.support.hierarchical.NodeTestTask.lambda$executeRecursively$9(NodeTestTask.java:139)
	at org.junit.platform.engine.support.hierarchical.ThrowableCollector.execute(ThrowableCollector.java:73)
	at org.junit.platform.engine.support.hierarchical.NodeTestTask.executeRecursively(NodeTestTask.java:138)
	at org.junit.platform.engine.support.hierarchical.NodeTestTask.execute(NodeTestTask.java:95)
	at java.base/java.util.ArrayList.forEach(ArrayList.java:1596)
	at org.junit.platform.engine.support.hierarchical.SameThreadHierarchicalTestExecutorService.invokeAll(SameThreadHierarchicalTestExecutorService.java:41)
	at org.junit.platform.engine.support.hierarchical.NodeTestTask.lambda$executeRecursively$6(NodeTestTask.java:155)
	at org.junit.platform.engine.support.hierarchical.ThrowableCollector.execute(ThrowableCollector.java:73)
	at org.junit.platform.engine.support.hierarchical.NodeTestTask.lambda$executeRecursively$8(NodeTestTask.java:141)
	at org.junit.platform.engine.support.hierarchical.Node.around(Node.java:137)
	at org.junit.platform.engine.support.hierarchical.NodeTestTask.lambda$executeRecursively$9(NodeTestTask.java:139)
	at org.junit.platform.engine.support.hierarchical.ThrowableCollector.execute(ThrowableCollector.java:73)
	at org.junit.platform.engine.support.hierarchical.NodeTestTask.executeRecursively(NodeTestTask.java:138)
	at org.junit.platform.engine.support.hierarchical.NodeTestTask.execute(NodeTestTask.java:95)
	at java.base/java.util.ArrayList.forEach(ArrayList.java:1596)
	at org.junit.platform.engine.support.hierarchical.SameThreadHierarchicalTestExecutorService.invokeAll(SameThreadHierarchicalTestExecutorService.java:41)
	at org.junit.platform.engine.support.hierarchical.NodeTestTask.lambda$executeRecursively$6(NodeTestTask.java:155)
	at org.junit.platform.engine.support.hierarchical.ThrowableCollector.execute(ThrowableCollector.java:73)
	at org.junit.platform.engine.support.hierarchical.NodeTestTask.lambda$executeRecursively$8(NodeTestTask.java:141)
	at org.junit.platform.engine.support.hierarchical.Node.around(Node.java:137)
	at org.junit.platform.engine.support.hierarchical.NodeTestTask.lambda$executeRecursively$9(NodeTestTask.java:139)
	at org.junit.platform.engine.support.hierarchical.ThrowableCollector.execute(ThrowableCollector.java:73)
	at org.junit.platform.engine.support.hierarchical.NodeTestTask.executeRecursively(NodeTestTask.java:138)
	at org.junit.platform.engine.support.hierarchical.NodeTestTask.execute(NodeTestTask.java:95)
	at org.junit.platform.engine.support.hierarchical.SameThreadHierarchicalTestExecutorService.submit(SameThreadHierarchicalTestExecutorService.java:35)
	at org.junit.platform.engine.support.hierarchical.HierarchicalTestExecutor.execute(HierarchicalTestExecutor.java:57)
	at org.junit.platform.engine.support.hierarchical.HierarchicalTestEngine.execute(HierarchicalTestEngine.java:54)
	at org.junit.platform.launcher.core.EngineExecutionOrchestrator.execute(EngineExecutionOrchestrator.java:198)
	at org.junit.platform.launcher.core.EngineExecutionOrchestrator.execute(EngineExecutionOrchestrator.java:169)
	at org.junit.platform.launcher.core.EngineExecutionOrchestrator.execute(EngineExecutionOrchestrator.java:93)
	at org.junit.platform.launcher.core.EngineExecutionOrchestrator.lambda$execute$0(EngineExecutionOrchestrator.java:58)
	at org.junit.platform.launcher.core.EngineExecutionOrchestrator.withInterceptedStreams(EngineExecutionOrchestrator.java:141)
	at org.junit.platform.launcher.core.EngineExecutionOrchestrator.execute(EngineExecutionOrchestrator.java:57)
	at org.junit.platform.launcher.core.DefaultLauncher.execute(DefaultLauncher.java:103)
	at org.junit.platform.launcher.core.DefaultLauncher.execute(DefaultLauncher.java:85)
	at org.junit.platform.launcher.core.DelegatingLauncher.execute(DelegatingLauncher.java:47)
	at org.junit.platform.launcher.core.SessionPerRequestLauncher.execute(SessionPerRequestLauncher.java:63)
	at com.intellij.junit5.JUnit5IdeaTestRunner.startRunnerWithArgs(JUnit5IdeaTestRunner.java:57)
	at com.intellij.rt.junit.IdeaTestRunner$Repeater$1.execute(IdeaTestRunner.java:38)
	at com.intellij.rt.execution.junit.TestsRepeater.repeat(TestsRepeater.java:11)
	at com.intellij.rt.junit.IdeaTestRunner$Repeater.startRunnerWithArgs(IdeaTestRunner.java:35)
	at com.intellij.rt.junit.JUnitStarter.prepareStreamsAndStart(JUnitStarter.java:232)
	at com.intellij.rt.junit.JUnitStarter.main(JUnitStarter.java:55)
2025-02-20 08:58:30 [main] INFO  l.insoft.uztis.tests.utils.TestUtils - Screenshot moved to C:\Users\ingrida.zadorozniene\Desktop\Asm\UZTIS\UZTIS_tests\test-output\screenshots\20250220\085830492_testFillNewDVPApplicationFA().png
2025-02-20 09:01:43 [main] INFO  lt.insoft.uztis.tests.UztisPageTest - Navigated to https://uztisdev.asseco.lt/home
2025-02-20 09:01:43 [main] INFO  l.i.u.t.SubmittedApplicationsPageTest - Starting test:'testFillNewDVPApplicationFA'
2025-02-20 09:01:44 [main] DEBUG l.i.u.t.SubmittedApplicationsPageTest - User logged in with test credentials.
2025-02-20 09:01:45 [main] DEBUG l.i.u.t.SubmittedApplicationsPageTest - Opened 'Application Processing' menu.
2025-02-20 09:01:45 [main] DEBUG l.i.u.t.SubmittedApplicationsPageTest - Clicked on 'Application Forms' menu.
2025-02-20 09:01:45 [main] DEBUG l.i.u.t.SubmittedApplicationsPageTest - Retrieved last description code text: 'TST-DVP-78'.
2025-02-20 09:01:46 [main] DEBUG l.i.u.t.SubmittedApplicationsPageTest - Clicked on 'Invitation' menu.
2025-02-20 09:01:47 [main] DEBUG l.i.u.t.SubmittedApplicationsPageTest - Selected application section by code: 'TST-DVP-78'.
2025-02-20 09:01:48 [main] DEBUG l.i.u.t.SubmittedApplicationsPageTest - Clicked 'Search' button.
2025-02-20 09:01:48 [main] DEBUG l.i.u.t.SubmittedApplicationsPageTest - Retrieved invitation code: ''.
2025-02-20 09:01:48 [main] DEBUG l.i.u.t.SubmittedApplicationsPageTest - Clicked on 'Submitted Applications' menu.
2025-02-20 09:01:50 [main] DEBUG l.i.u.t.SubmittedApplicationsPageTest - Selected invitation by code: 'TST-DVP-78'.
2025-02-20 09:01:50 [main] DEBUG l.i.u.t.SubmittedApplicationsPageTest - Invitation code inserted.
2025-02-20 09:01:50 [main] DEBUG l.i.u.t.SubmittedApplicationsPageTest - Clicked on 'Action Application' button.
2025-02-20 09:01:50 [main] DEBUG l.i.u.t.SubmittedApplicationsPageTest - Clicked on 'New Application' button.
2025-02-20 09:01:51 [main] DEBUG l.i.u.t.SubmittedApplicationsPageTest - Selected the 'RadioButtonFA' option.
2025-02-20 09:01:52 [main] DEBUG l.i.u.t.SubmittedApplicationsPageTest - Entered phone number: '61298745'.
2025-02-20 09:01:52 [main] DEBUG l.i.u.t.SubmittedApplicationsPageTest - Entered email: 'test@autotest.com'.
2025-02-20 09:02:02 [main] DEBUG l.i.u.t.SubmittedApplicationsPageTest - Checked 'For workplace adaptation' checkbox 1.
2025-02-20 09:02:13 [main] DEBUG l.i.u.t.SubmittedApplicationsPageTest - Checked 'For environmental adaptation' checkbox 2.
2025-02-20 09:02:13 [main] INFO  l.i.u.p.SubmittedApplicationsPage - Located the dropdown button.
2025-02-20 09:02:35 [main] INFO  l.i.u.p.SubmittedApplicationsPage - Found 1741 options in the dropdown.
2025-02-20 09:02:35 [main] INFO  l.i.u.p.SubmittedApplicationsPage - Successfully selected the value: '01.11 - Grūdinių (išskyrus ryžius), ankštinių ir aliejingų sėklų augalų auginimas'
2025-02-20 09:02:45 [main] ERROR l.i.u.p.SubmittedApplicationsPage - Failed to close the dropdown with aria-expanded = 'false'. Attempting manual close.
2025-02-20 09:02:46 [main] INFO  l.i.u.p.SubmittedApplicationsPage - Manual close attempt for the dropdown using body click.
2025-02-20 09:02:46 [main] DEBUG l.i.u.t.SubmittedApplicationsPageTest - Selected EVRK value: '01.11 - Grūdinių (išskyrus ryžius), ankštinių ir aliejingų sėklų augalų auginimas'.
2025-02-20 09:02:46 [main] DEBUG l.i.u.t.SubmittedApplicationsPageTest - Entered address: 'Vilniaus m. sav., Vilnius, Testo g. 10T'.
2025-02-20 09:02:46 [main] DEBUG l.i.u.t.SubmittedApplicationsPageTest - Selected 'For already working' option.
2025-02-20 09:02:47 [main] DEBUG l.i.u.t.SubmittedApplicationsPageTest - Entered person count1: '1'.
2025-02-20 09:02:47 [main] DEBUG l.i.u.t.SubmittedApplicationsPageTest - Selected 'For new working' option.
2025-02-20 09:02:47 [main] DEBUG l.i.u.t.SubmittedApplicationsPageTest - Entered person count2: '1'.
2025-02-20 09:02:48 [main] DEBUG l.i.u.t.SubmittedApplicationsPageTest - Clicked 'Next' button after checkboxes.
2025-02-20 09:02:48 [main] INFO  l.i.u.p.SubmittedApplicationsPage - Located the dropdown button.
2025-02-20 09:02:50 [main] INFO  l.i.u.p.SubmittedApplicationsPage - Successfully selected the value: 'Administratoriai'
2025-02-20 09:03:21 [main] ERROR l.i.u.p.SubmittedApplicationsPage - Timeout while waiting for dropdown to close with aria-expanded = 'false'.
2025-02-20 09:03:21 [main] DEBUG l.i.u.t.SubmittedApplicationsPageTest - Selected adaptable job name: 'Administratoriai'.
2025-02-20 09:03:21 [main] DEBUG l.i.u.t.SubmittedApplicationsPageTest - Entered job date.
2025-02-20 09:03:21 [main] DEBUG l.i.u.t.SubmittedApplicationsPageTest - Entered job function: 'Funkcija 1'.
2025-02-20 09:03:21 [main] DEBUG l.i.u.t.SubmittedApplicationsPageTest - Selected 'ForAlreadyWorking' 'no' option.
2025-02-20 09:03:21 [main] INFO  l.i.u.p.SubmittedApplicationsPage - Clicking on the dropdown button.
2025-02-20 09:03:22 [main] INFO  l.i.u.p.SubmittedApplicationsPage - Found 6 options in the dropdown.
2025-02-20 09:03:22 [main] DEBUG l.i.u.p.SubmittedApplicationsPage - Checking option: 'Lengvo neįgalumo lygis ar 45-55 procentų dalyvumo lygis (iki 2023 m. gruodžio 31 d. – 45-55 procentų darbingumo lygis)'
2025-02-20 09:03:22 [main] DEBUG l.i.u.p.SubmittedApplicationsPage - Checking option: 'Lengvo neįgalumo lygis ar 45-55 procentų dalyvumo lygis (iki 2023 m. gruodžio 31 d. – 45-55 procentų darbingumo lygis)'
2025-02-20 09:03:22 [main] DEBUG l.i.u.p.SubmittedApplicationsPage - Checking option: 'Sunkaus neįgalumo lygis ar neviršijantis 25 procentų dalyvumo lygis (iki 2023 metų gruodžio 31 dienos – iki 25 procentų darbingumo lygis)'
2025-02-20 09:03:22 [main] INFO  l.i.u.p.SubmittedApplicationsPage - Successfully selected the value: 'Sunkaus neįgalumo lygis ar neviršijantis 25 procentų dalyvumo lygis (iki 2023 metų gruodžio 31 dienos – iki 25 procentų darbingumo lygis)'
2025-02-20 09:03:22 [main] INFO  l.i.u.p.SubmittedApplicationsPage - Attempting to close the dropdown.
2025-02-20 09:03:33 [main] INFO  l.i.u.p.SubmittedApplicationsPage - Dropdown should be closed now.
2025-02-20 09:03:33 [main] DEBUG l.i.u.t.SubmittedApplicationsPageTest - Selected disabilities type: 'Sunkaus neįgalumo lygis ar neviršijantis 25 procentų dalyvumo lygis (iki 2023 metų gruodžio 31 dienos – iki 25 procentų darbingumo lygis)'.
2025-02-20 09:03:33 [main] DEBUG l.i.u.t.SubmittedApplicationsPageTest - Entered disability information: 'Negalia 1'.
2025-02-20 09:03:33 [main] DEBUG l.i.u.t.SubmittedApplicationsPageTest - Entered qualification: 'Kvalifikacija 1'.
2025-02-20 09:03:34 [main] DEBUG l.i.u.t.SubmittedApplicationsPageTest - Entered job description: 'Darbo vietos aprašymas 1'.
2025-02-20 09:03:34 [main] DEBUG l.i.u.t.SubmittedApplicationsPageTest - Entered equipment description: 'Priemonių įsigyjimas 1'.
2025-02-20 09:03:35 [main] DEBUG l.i.u.t.SubmittedApplicationsPageTest - Entered work information: 'Darbai 1'.
2025-02-20 09:03:35 [main] INFO  l.i.u.p.SubmittedApplicationsPage - Located the dropdown button.
2025-02-20 09:03:35 [main] INFO  l.i.u.p.SubmittedApplicationsPage - Successfully selected the value: 'Kita'
2025-02-20 09:03:46 [main] ERROR l.i.u.p.SubmittedApplicationsPage - Timeout while waiting for dropdown to close with aria-expanded = 'false'.
2025-02-20 09:03:46 [main] DEBUG l.i.u.t.SubmittedApplicationsPageTest - Selected time mode: 'Kita'.
2025-02-20 09:03:46 [main] DEBUG l.i.u.t.SubmittedApplicationsPageTest - Selected time mode other: '6 val. per dieną ir 4 d. per savaitę'.
2025-02-20 09:03:46 [main] DEBUG l.i.u.t.SubmittedApplicationsPageTest - Entered salary amount: '1200'.
2025-02-20 09:03:46 [main] DEBUG l.i.u.t.SubmittedApplicationsPageTest - Selected 'Temporary Job' radio button.
2025-02-20 09:03:47 [main] DEBUG l.i.u.t.SubmittedApplicationsPageTest - Selected 'Season Job' radio button.
2025-02-20 09:03:47 [main] DEBUG l.i.u.t.SubmittedApplicationsPageTest - Selected 'PVM' radio button.
2025-02-20 09:03:47 [main] INFO  l.i.u.p.SubmittedApplicationsPage - Located the dropdown button.
2025-02-20 09:03:48 [main] INFO  l.i.u.p.SubmittedApplicationsPage - Successfully selected the value: 'Darbo vietos pritaikymui'
2025-02-20 09:04:18 [main] ERROR l.i.u.p.SubmittedApplicationsPage - Timeout while waiting for dropdown to close with aria-expanded = 'false'.
2025-02-20 09:04:18 [main] DEBUG l.i.u.t.SubmittedApplicationsPageTest - Selected adaptable job name: 'Darbo vietos pritaikymui'.
2025-02-20 09:04:38 [main] ERROR l.i.u.t.SubmittedApplicationsPageTest - Test 'testFillNewDVPApplicationFA' failed with error: Expected condition failed: waiting for element to be clickable: Proxy element for: DefaultElementLocator 'By.xpath: //mat-select[@aria-label='Reikalinga']' (tried for 10 second(s) with 500 milliseconds interval)
org.openqa.selenium.TimeoutException: Expected condition failed: waiting for element to be clickable: Proxy element for: DefaultElementLocator 'By.xpath: //mat-select[@aria-label='Reikalinga']' (tried for 10 second(s) with 500 milliseconds interval)
	at org.openqa.selenium.support.ui.WebDriverWait.timeoutException(WebDriverWait.java:84)
	at org.openqa.selenium.support.ui.FluentWait.until(FluentWait.java:228)
	at lt.insoft.uztis.pages.SubmittedApplicationsPage.selectDropdownNecessaryForJobOneDVP(SubmittedApplicationsPage.java:1183)
	at lt.insoft.uztis.tests.SubmittedApplicationsPageTest.testFillNewDVPApplicationFA(SubmittedApplicationsPageTest.java:637)
	at java.base/jdk.internal.reflect.DirectMethodHandleAccessor.invoke(DirectMethodHandleAccessor.java:103)
	at java.base/java.lang.reflect.Method.invoke(Method.java:580)
	at org.junit.platform.commons.util.ReflectionUtils.invokeMethod(ReflectionUtils.java:728)
	at org.junit.jupiter.engine.execution.MethodInvocation.proceed(MethodInvocation.java:60)
	at org.junit.jupiter.engine.execution.InvocationInterceptorChain$ValidatingInvocation.proceed(InvocationInterceptorChain.java:131)
	at org.junit.jupiter.engine.extension.TimeoutExtension.intercept(TimeoutExtension.java:156)
	at org.junit.jupiter.engine.extension.TimeoutExtension.interceptTestableMethod(TimeoutExtension.java:147)
	at org.junit.jupiter.engine.extension.TimeoutExtension.interceptTestMethod(TimeoutExtension.java:86)
	at org.junit.jupiter.engine.execution.InterceptingExecutableInvoker$ReflectiveInterceptorCall.lambda$ofVoidMethod$0(InterceptingExecutableInvoker.java:103)
	at org.junit.jupiter.engine.execution.InterceptingExecutableInvoker.lambda$invoke$0(InterceptingExecutableInvoker.java:93)
	at org.junit.jupiter.engine.execution.InvocationInterceptorChain$InterceptedInvocation.proceed(InvocationInterceptorChain.java:106)
	at org.junit.jupiter.engine.execution.InvocationInterceptorChain.proceed(InvocationInterceptorChain.java:64)
	at org.junit.jupiter.engine.execution.InvocationInterceptorChain.chainAndInvoke(InvocationInterceptorChain.java:45)
	at org.junit.jupiter.engine.execution.InvocationInterceptorChain.invoke(InvocationInterceptorChain.java:37)
	at org.junit.jupiter.engine.execution.InterceptingExecutableInvoker.invoke(InterceptingExecutableInvoker.java:92)
	at org.junit.jupiter.engine.execution.InterceptingExecutableInvoker.invoke(InterceptingExecutableInvoker.java:86)
	at org.junit.jupiter.engine.descriptor.TestMethodTestDescriptor.lambda$invokeTestMethod$7(TestMethodTestDescriptor.java:218)
	at org.junit.platform.engine.support.hierarchical.ThrowableCollector.execute(ThrowableCollector.java:73)
	at org.junit.jupiter.engine.descriptor.TestMethodTestDescriptor.invokeTestMethod(TestMethodTestDescriptor.java:214)
	at org.junit.jupiter.engine.descriptor.TestMethodTestDescriptor.execute(TestMethodTestDescriptor.java:139)
	at org.junit.jupiter.engine.descriptor.TestMethodTestDescriptor.execute(TestMethodTestDescriptor.java:69)
	at org.junit.platform.engine.support.hierarchical.NodeTestTask.lambda$executeRecursively$6(NodeTestTask.java:151)
	at org.junit.platform.engine.support.hierarchical.ThrowableCollector.execute(ThrowableCollector.java:73)
	at org.junit.platform.engine.support.hierarchical.NodeTestTask.lambda$executeRecursively$8(NodeTestTask.java:141)
	at org.junit.platform.engine.support.hierarchical.Node.around(Node.java:137)
	at org.junit.platform.engine.support.hierarchical.NodeTestTask.lambda$executeRecursively$9(NodeTestTask.java:139)
	at org.junit.platform.engine.support.hierarchical.ThrowableCollector.execute(ThrowableCollector.java:73)
	at org.junit.platform.engine.support.hierarchical.NodeTestTask.executeRecursively(NodeTestTask.java:138)
	at org.junit.platform.engine.support.hierarchical.NodeTestTask.execute(NodeTestTask.java:95)
	at java.base/java.util.ArrayList.forEach(ArrayList.java:1596)
	at org.junit.platform.engine.support.hierarchical.SameThreadHierarchicalTestExecutorService.invokeAll(SameThreadHierarchicalTestExecutorService.java:41)
	at org.junit.platform.engine.support.hierarchical.NodeTestTask.lambda$executeRecursively$6(NodeTestTask.java:155)
	at org.junit.platform.engine.support.hierarchical.ThrowableCollector.execute(ThrowableCollector.java:73)
	at org.junit.platform.engine.support.hierarchical.NodeTestTask.lambda$executeRecursively$8(NodeTestTask.java:141)
	at org.junit.platform.engine.support.hierarchical.Node.around(Node.java:137)
	at org.junit.platform.engine.support.hierarchical.NodeTestTask.lambda$executeRecursively$9(NodeTestTask.java:139)
	at org.junit.platform.engine.support.hierarchical.ThrowableCollector.execute(ThrowableCollector.java:73)
	at org.junit.platform.engine.support.hierarchical.NodeTestTask.executeRecursively(NodeTestTask.java:138)
	at org.junit.platform.engine.support.hierarchical.NodeTestTask.execute(NodeTestTask.java:95)
	at java.base/java.util.ArrayList.forEach(ArrayList.java:1596)
	at org.junit.platform.engine.support.hierarchical.SameThreadHierarchicalTestExecutorService.invokeAll(SameThreadHierarchicalTestExecutorService.java:41)
	at org.junit.platform.engine.support.hierarchical.NodeTestTask.lambda$executeRecursively$6(NodeTestTask.java:155)
	at org.junit.platform.engine.support.hierarchical.ThrowableCollector.execute(ThrowableCollector.java:73)
	at org.junit.platform.engine.support.hierarchical.NodeTestTask.lambda$executeRecursively$8(NodeTestTask.java:141)
	at org.junit.platform.engine.support.hierarchical.Node.around(Node.java:137)
	at org.junit.platform.engine.support.hierarchical.NodeTestTask.lambda$executeRecursively$9(NodeTestTask.java:139)
	at org.junit.platform.engine.support.hierarchical.ThrowableCollector.execute(ThrowableCollector.java:73)
	at org.junit.platform.engine.support.hierarchical.NodeTestTask.executeRecursively(NodeTestTask.java:138)
	at org.junit.platform.engine.support.hierarchical.NodeTestTask.execute(NodeTestTask.java:95)
	at org.junit.platform.engine.support.hierarchical.SameThreadHierarchicalTestExecutorService.submit(SameThreadHierarchicalTestExecutorService.java:35)
	at org.junit.platform.engine.support.hierarchical.HierarchicalTestExecutor.execute(HierarchicalTestExecutor.java:57)
	at org.junit.platform.engine.support.hierarchical.HierarchicalTestEngine.execute(HierarchicalTestEngine.java:54)
	at org.junit.platform.launcher.core.EngineExecutionOrchestrator.execute(EngineExecutionOrchestrator.java:198)
	at org.junit.platform.launcher.core.EngineExecutionOrchestrator.execute(EngineExecutionOrchestrator.java:169)
	at org.junit.platform.launcher.core.EngineExecutionOrchestrator.execute(EngineExecutionOrchestrator.java:93)
	at org.junit.platform.launcher.core.EngineExecutionOrchestrator.lambda$execute$0(EngineExecutionOrchestrator.java:58)
	at org.junit.platform.launcher.core.EngineExecutionOrchestrator.withInterceptedStreams(EngineExecutionOrchestrator.java:141)
	at org.junit.platform.launcher.core.EngineExecutionOrchestrator.execute(EngineExecutionOrchestrator.java:57)
	at org.junit.platform.launcher.core.DefaultLauncher.execute(DefaultLauncher.java:103)
	at org.junit.platform.launcher.core.DefaultLauncher.execute(DefaultLauncher.java:85)
	at org.junit.platform.launcher.core.DelegatingLauncher.execute(DelegatingLauncher.java:47)
	at org.junit.platform.launcher.core.SessionPerRequestLauncher.execute(SessionPerRequestLauncher.java:63)
	at com.intellij.junit5.JUnit5IdeaTestRunner.startRunnerWithArgs(JUnit5IdeaTestRunner.java:57)
	at com.intellij.rt.junit.IdeaTestRunner$Repeater$1.execute(IdeaTestRunner.java:38)
	at com.intellij.rt.execution.junit.TestsRepeater.repeat(TestsRepeater.java:11)
	at com.intellij.rt.junit.IdeaTestRunner$Repeater.startRunnerWithArgs(IdeaTestRunner.java:35)
	at com.intellij.rt.junit.JUnitStarter.prepareStreamsAndStart(JUnitStarter.java:232)
	at com.intellij.rt.junit.JUnitStarter.main(JUnitStarter.java:55)
Caused by: org.openqa.selenium.NoSuchElementException: no such element: Unable to locate element: {"method":"xpath","selector":"//mat-select[@aria-label='Reikalinga']"}
  (Session info: chrome=133.0.6943.99)
For documentation on this error, please visit: https://www.selenium.dev/documentation/webdriver/troubleshooting/errors#no-such-element-exception
Build info: version: '4.27.0', revision: 'd6e718d134'
System info: os.name: 'Windows 11', os.arch: 'amd64', os.version: '10.0', java.version: '21.0.3'
Driver info: org.openqa.selenium.chrome.ChromeDriver
Command: [c47ec41dc82d211a4598677501228a1e, findElement {value=//mat-select[@aria-label='Reikalinga'], using=xpath}]
Capabilities {acceptInsecureCerts: false, browserName: chrome, browserVersion: 133.0.6943.99, chrome: {chromedriverVersion: 133.0.6943.126 (cffa127ce7b..., userDataDir: C:\Users\INGRID~1.ZAD\AppDa...}, fedcm:accounts: true, goog:chromeOptions: {debuggerAddress: localhost:61469}, networkConnectionEnabled: false, pageLoadStrategy: normal, platformName: windows, proxy: Proxy(), se:cdp: ws://localhost:61469/devtoo..., se:cdpVersion: 133.0.6943.99, setWindowRect: true, strictFileInteractability: false, timeouts: {implicit: 0, pageLoad: 300000, script: 30000}, unhandledPromptBehavior: dismiss and notify, webauthn:extension:credBlob: true, webauthn:extension:largeBlob: true, webauthn:extension:minPinLength: true, webauthn:extension:prf: true, webauthn:virtualAuthenticators: true}
Session ID: c47ec41dc82d211a4598677501228a1e
	at java.base/jdk.internal.reflect.DirectConstructorHandleAccessor.newInstance(DirectConstructorHandleAccessor.java:62)
	at java.base/java.lang.reflect.Constructor.newInstanceWithCaller(Constructor.java:502)
	at java.base/java.lang.reflect.Constructor.newInstance(Constructor.java:486)
	at org.openqa.selenium.remote.ErrorCodec.decode(ErrorCodec.java:167)
	at org.openqa.selenium.remote.codec.w3c.W3CHttpResponseCodec.decode(W3CHttpResponseCodec.java:138)
	at org.openqa.selenium.remote.codec.w3c.W3CHttpResponseCodec.decode(W3CHttpResponseCodec.java:50)
	at org.openqa.selenium.remote.HttpCommandExecutor.execute(HttpCommandExecutor.java:190)
	at org.openqa.selenium.remote.service.DriverCommandExecutor.invokeExecute(DriverCommandExecutor.java:216)
	at org.openqa.selenium.remote.service.DriverCommandExecutor.execute(DriverCommandExecutor.java:174)
	at org.openqa.selenium.remote.RemoteWebDriver.execute(RemoteWebDriver.java:545)
	at org.openqa.selenium.remote.ElementLocation$ElementFinder$2.findElement(ElementLocation.java:165)
	at org.openqa.selenium.remote.ElementLocation.findElement(ElementLocation.java:59)
	at org.openqa.selenium.remote.RemoteWebDriver.findElement(RemoteWebDriver.java:368)
	at org.openqa.selenium.remote.RemoteWebDriver.findElement(RemoteWebDriver.java:362)
	at org.openqa.selenium.support.pagefactory.DefaultElementLocator.findElement(DefaultElementLocator.java:68)
	at org.openqa.selenium.support.pagefactory.internal.LocatingElementHandler.invoke(LocatingElementHandler.java:38)
	at jdk.proxy2/jdk.proxy2.$Proxy14.isDisplayed(Unknown Source)
	at org.openqa.selenium.support.ui.ExpectedConditions.elementIfVisible(ExpectedConditions.java:304)
	at org.openqa.selenium.support.ui.ExpectedConditions$10.apply(ExpectedConditions.java:290)
	at org.openqa.selenium.support.ui.ExpectedConditions$10.apply(ExpectedConditions.java:287)
	at org.openqa.selenium.support.ui.ExpectedConditions$23.apply(ExpectedConditions.java:656)
	at org.openqa.selenium.support.ui.ExpectedConditions$23.apply(ExpectedConditions.java:652)
	at org.openqa.selenium.support.ui.FluentWait.until(FluentWait.java:203)
	... 70 common frames omitted
2025-02-20 09:04:38 [main] INFO  l.insoft.uztis.tests.utils.TestUtils - Screenshot moved to C:\Users\ingrida.zadorozniene\Desktop\Asm\UZTIS\UZTIS_tests\test-output\screenshots\20250220\090438480_testFillNewDVPApplicationFA().png
2025-02-20 09:21:37 [main] INFO  lt.insoft.uztis.tests.UztisPageTest - Navigated to https://uztisdev.asseco.lt/home
2025-02-20 09:21:37 [main] INFO  l.i.u.t.SubmittedApplicationsPageTest - Starting test:'testFillNewDVPApplicationFA'
2025-02-20 09:21:38 [main] DEBUG l.i.u.t.SubmittedApplicationsPageTest - User logged in with test credentials.
2025-02-20 09:21:38 [main] DEBUG l.i.u.t.SubmittedApplicationsPageTest - Opened 'Application Processing' menu.
2025-02-20 09:21:38 [main] DEBUG l.i.u.t.SubmittedApplicationsPageTest - Clicked on 'Application Forms' menu.
2025-02-20 09:21:38 [main] DEBUG l.i.u.t.SubmittedApplicationsPageTest - Retrieved last description code text: 'DVP'.
2025-02-20 09:21:39 [main] DEBUG l.i.u.t.SubmittedApplicationsPageTest - Clicked on 'Invitation' menu.
2025-02-20 09:21:39 [main] DEBUG l.i.u.t.SubmittedApplicationsPageTest - Selected application section by code: 'DVP'.
2025-02-20 09:21:39 [main] DEBUG l.i.u.t.SubmittedApplicationsPageTest - Clicked 'Search' button.
2025-02-20 09:21:39 [main] DEBUG l.i.u.t.SubmittedApplicationsPageTest - Retrieved invitation code: ''.
2025-02-20 09:21:40 [main] DEBUG l.i.u.t.SubmittedApplicationsPageTest - Clicked on 'Submitted Applications' menu.
2025-02-20 09:21:40 [main] DEBUG l.i.u.t.SubmittedApplicationsPageTest - Selected invitation by code: 'DVP'.
2025-02-20 09:21:40 [main] DEBUG l.i.u.t.SubmittedApplicationsPageTest - Invitation code inserted.
2025-02-20 09:21:40 [main] DEBUG l.i.u.t.SubmittedApplicationsPageTest - Clicked on 'Action Application' button.
2025-02-20 09:21:50 [main] ERROR l.i.u.t.SubmittedApplicationsPageTest - Test 'testFillNewDVPApplicationFA' failed with error: no such element: Unable to locate element: {"method":"xpath","selector":"//button[contains(@class, 'mat-mdc-menu-item') and .//span[contains(text(), 'Pateikti naują')]]"}
  (Session info: chrome=133.0.6943.99)
For documentation on this error, please visit: https://www.selenium.dev/documentation/webdriver/troubleshooting/errors#no-such-element-exception
Build info: version: '4.27.0', revision: 'd6e718d134'
System info: os.name: 'Windows 11', os.arch: 'amd64', os.version: '10.0', java.version: '21.0.3'
Driver info: org.openqa.selenium.chrome.ChromeDriver
Command: [0fb8e4b1b3fbcb90ff511bc1eee7a37b, findElement {value=//button[contains(@class, 'mat-mdc-menu-item') and .//span[contains(text(), 'Pateikti naują')]], using=xpath}]
Capabilities {acceptInsecureCerts: false, browserName: chrome, browserVersion: 133.0.6943.99, chrome: {chromedriverVersion: 133.0.6943.126 (cffa127ce7b..., userDataDir: C:\Users\INGRID~1.ZAD\AppDa...}, fedcm:accounts: true, goog:chromeOptions: {debuggerAddress: localhost:62702}, networkConnectionEnabled: false, pageLoadStrategy: normal, platformName: windows, proxy: Proxy(), se:cdp: ws://localhost:62702/devtoo..., se:cdpVersion: 133.0.6943.99, setWindowRect: true, strictFileInteractability: false, timeouts: {implicit: 0, pageLoad: 300000, script: 30000}, unhandledPromptBehavior: dismiss and notify, webauthn:extension:credBlob: true, webauthn:extension:largeBlob: true, webauthn:extension:minPinLength: true, webauthn:extension:prf: true, webauthn:virtualAuthenticators: true}
Session ID: 0fb8e4b1b3fbcb90ff511bc1eee7a37b
org.openqa.selenium.NoSuchElementException: no such element: Unable to locate element: {"method":"xpath","selector":"//button[contains(@class, 'mat-mdc-menu-item') and .//span[contains(text(), 'Pateikti naują')]]"}
  (Session info: chrome=133.0.6943.99)
For documentation on this error, please visit: https://www.selenium.dev/documentation/webdriver/troubleshooting/errors#no-such-element-exception
Build info: version: '4.27.0', revision: 'd6e718d134'
System info: os.name: 'Windows 11', os.arch: 'amd64', os.version: '10.0', java.version: '21.0.3'
Driver info: org.openqa.selenium.chrome.ChromeDriver
Command: [0fb8e4b1b3fbcb90ff511bc1eee7a37b, findElement {value=//button[contains(@class, 'mat-mdc-menu-item') and .//span[contains(text(), 'Pateikti naują')]], using=xpath}]
Capabilities {acceptInsecureCerts: false, browserName: chrome, browserVersion: 133.0.6943.99, chrome: {chromedriverVersion: 133.0.6943.126 (cffa127ce7b..., userDataDir: C:\Users\INGRID~1.ZAD\AppDa...}, fedcm:accounts: true, goog:chromeOptions: {debuggerAddress: localhost:62702}, networkConnectionEnabled: false, pageLoadStrategy: normal, platformName: windows, proxy: Proxy(), se:cdp: ws://localhost:62702/devtoo..., se:cdpVersion: 133.0.6943.99, setWindowRect: true, strictFileInteractability: false, timeouts: {implicit: 0, pageLoad: 300000, script: 30000}, unhandledPromptBehavior: dismiss and notify, webauthn:extension:credBlob: true, webauthn:extension:largeBlob: true, webauthn:extension:minPinLength: true, webauthn:extension:prf: true, webauthn:virtualAuthenticators: true}
Session ID: 0fb8e4b1b3fbcb90ff511bc1eee7a37b
	at java.base/jdk.internal.reflect.DirectConstructorHandleAccessor.newInstance(DirectConstructorHandleAccessor.java:62)
	at java.base/java.lang.reflect.Constructor.newInstanceWithCaller(Constructor.java:502)
	at java.base/java.lang.reflect.Constructor.newInstance(Constructor.java:486)
	at org.openqa.selenium.remote.ErrorCodec.decode(ErrorCodec.java:167)
	at org.openqa.selenium.remote.codec.w3c.W3CHttpResponseCodec.decode(W3CHttpResponseCodec.java:138)
	at org.openqa.selenium.remote.codec.w3c.W3CHttpResponseCodec.decode(W3CHttpResponseCodec.java:50)
	at org.openqa.selenium.remote.HttpCommandExecutor.execute(HttpCommandExecutor.java:190)
	at org.openqa.selenium.remote.service.DriverCommandExecutor.invokeExecute(DriverCommandExecutor.java:216)
	at org.openqa.selenium.remote.service.DriverCommandExecutor.execute(DriverCommandExecutor.java:174)
	at org.openqa.selenium.remote.RemoteWebDriver.execute(RemoteWebDriver.java:545)
	at org.openqa.selenium.remote.ElementLocation$ElementFinder$2.findElement(ElementLocation.java:165)
	at org.openqa.selenium.remote.ElementLocation.findElement(ElementLocation.java:59)
	at org.openqa.selenium.remote.RemoteWebDriver.findElement(RemoteWebDriver.java:368)
	at org.openqa.selenium.remote.RemoteWebDriver.findElement(RemoteWebDriver.java:362)
	at org.openqa.selenium.support.pagefactory.DefaultElementLocator.findElement(DefaultElementLocator.java:68)
	at org.openqa.selenium.support.pagefactory.internal.LocatingElementHandler.invoke(LocatingElementHandler.java:38)
	at jdk.proxy2/jdk.proxy2.$Proxy14.click(Unknown Source)
	at lt.insoft.uztis.pages.SubmittedApplicationsPage.clickButtonNewApplication(SubmittedApplicationsPage.java:450)
	at lt.insoft.uztis.tests.SubmittedApplicationsPageTest.testFillNewDVPApplicationFA(SubmittedApplicationsPageTest.java:520)
	at java.base/jdk.internal.reflect.DirectMethodHandleAccessor.invoke(DirectMethodHandleAccessor.java:103)
	at java.base/java.lang.reflect.Method.invoke(Method.java:580)
	at org.junit.platform.commons.util.ReflectionUtils.invokeMethod(ReflectionUtils.java:728)
	at org.junit.jupiter.engine.execution.MethodInvocation.proceed(MethodInvocation.java:60)
	at org.junit.jupiter.engine.execution.InvocationInterceptorChain$ValidatingInvocation.proceed(InvocationInterceptorChain.java:131)
	at org.junit.jupiter.engine.extension.TimeoutExtension.intercept(TimeoutExtension.java:156)
	at org.junit.jupiter.engine.extension.TimeoutExtension.interceptTestableMethod(TimeoutExtension.java:147)
	at org.junit.jupiter.engine.extension.TimeoutExtension.interceptTestMethod(TimeoutExtension.java:86)
	at org.junit.jupiter.engine.execution.InterceptingExecutableInvoker$ReflectiveInterceptorCall.lambda$ofVoidMethod$0(InterceptingExecutableInvoker.java:103)
	at org.junit.jupiter.engine.execution.InterceptingExecutableInvoker.lambda$invoke$0(InterceptingExecutableInvoker.java:93)
	at org.junit.jupiter.engine.execution.InvocationInterceptorChain$InterceptedInvocation.proceed(InvocationInterceptorChain.java:106)
	at org.junit.jupiter.engine.execution.InvocationInterceptorChain.proceed(InvocationInterceptorChain.java:64)
	at org.junit.jupiter.engine.execution.InvocationInterceptorChain.chainAndInvoke(InvocationInterceptorChain.java:45)
	at org.junit.jupiter.engine.execution.InvocationInterceptorChain.invoke(InvocationInterceptorChain.java:37)
	at org.junit.jupiter.engine.execution.InterceptingExecutableInvoker.invoke(InterceptingExecutableInvoker.java:92)
	at org.junit.jupiter.engine.execution.InterceptingExecutableInvoker.invoke(InterceptingExecutableInvoker.java:86)
	at org.junit.jupiter.engine.descriptor.TestMethodTestDescriptor.lambda$invokeTestMethod$7(TestMethodTestDescriptor.java:218)
	at org.junit.platform.engine.support.hierarchical.ThrowableCollector.execute(ThrowableCollector.java:73)
	at org.junit.jupiter.engine.descriptor.TestMethodTestDescriptor.invokeTestMethod(TestMethodTestDescriptor.java:214)
	at org.junit.jupiter.engine.descriptor.TestMethodTestDescriptor.execute(TestMethodTestDescriptor.java:139)
	at org.junit.jupiter.engine.descriptor.TestMethodTestDescriptor.execute(TestMethodTestDescriptor.java:69)
	at org.junit.platform.engine.support.hierarchical.NodeTestTask.lambda$executeRecursively$6(NodeTestTask.java:151)
	at org.junit.platform.engine.support.hierarchical.ThrowableCollector.execute(ThrowableCollector.java:73)
	at org.junit.platform.engine.support.hierarchical.NodeTestTask.lambda$executeRecursively$8(NodeTestTask.java:141)
	at org.junit.platform.engine.support.hierarchical.Node.around(Node.java:137)
	at org.junit.platform.engine.support.hierarchical.NodeTestTask.lambda$executeRecursively$9(NodeTestTask.java:139)
	at org.junit.platform.engine.support.hierarchical.ThrowableCollector.execute(ThrowableCollector.java:73)
	at org.junit.platform.engine.support.hierarchical.NodeTestTask.executeRecursively(NodeTestTask.java:138)
	at org.junit.platform.engine.support.hierarchical.NodeTestTask.execute(NodeTestTask.java:95)
	at java.base/java.util.ArrayList.forEach(ArrayList.java:1596)
	at org.junit.platform.engine.support.hierarchical.SameThreadHierarchicalTestExecutorService.invokeAll(SameThreadHierarchicalTestExecutorService.java:41)
	at org.junit.platform.engine.support.hierarchical.NodeTestTask.lambda$executeRecursively$6(NodeTestTask.java:155)
	at org.junit.platform.engine.support.hierarchical.ThrowableCollector.execute(ThrowableCollector.java:73)
	at org.junit.platform.engine.support.hierarchical.NodeTestTask.lambda$executeRecursively$8(NodeTestTask.java:141)
	at org.junit.platform.engine.support.hierarchical.Node.around(Node.java:137)
	at org.junit.platform.engine.support.hierarchical.NodeTestTask.lambda$executeRecursively$9(NodeTestTask.java:139)
	at org.junit.platform.engine.support.hierarchical.ThrowableCollector.execute(ThrowableCollector.java:73)
	at org.junit.platform.engine.support.hierarchical.NodeTestTask.executeRecursively(NodeTestTask.java:138)
	at org.junit.platform.engine.support.hierarchical.NodeTestTask.execute(NodeTestTask.java:95)
	at java.base/java.util.ArrayList.forEach(ArrayList.java:1596)
	at org.junit.platform.engine.support.hierarchical.SameThreadHierarchicalTestExecutorService.invokeAll(SameThreadHierarchicalTestExecutorService.java:41)
	at org.junit.platform.engine.support.hierarchical.NodeTestTask.lambda$executeRecursively$6(NodeTestTask.java:155)
	at org.junit.platform.engine.support.hierarchical.ThrowableCollector.execute(ThrowableCollector.java:73)
	at org.junit.platform.engine.support.hierarchical.NodeTestTask.lambda$executeRecursively$8(NodeTestTask.java:141)
	at org.junit.platform.engine.support.hierarchical.Node.around(Node.java:137)
	at org.junit.platform.engine.support.hierarchical.NodeTestTask.lambda$executeRecursively$9(NodeTestTask.java:139)
	at org.junit.platform.engine.support.hierarchical.ThrowableCollector.execute(ThrowableCollector.java:73)
	at org.junit.platform.engine.support.hierarchical.NodeTestTask.executeRecursively(NodeTestTask.java:138)
	at org.junit.platform.engine.support.hierarchical.NodeTestTask.execute(NodeTestTask.java:95)
	at org.junit.platform.engine.support.hierarchical.SameThreadHierarchicalTestExecutorService.submit(SameThreadHierarchicalTestExecutorService.java:35)
	at org.junit.platform.engine.support.hierarchical.HierarchicalTestExecutor.execute(HierarchicalTestExecutor.java:57)
	at org.junit.platform.engine.support.hierarchical.HierarchicalTestEngine.execute(HierarchicalTestEngine.java:54)
	at org.junit.platform.launcher.core.EngineExecutionOrchestrator.execute(EngineExecutionOrchestrator.java:198)
	at org.junit.platform.launcher.core.EngineExecutionOrchestrator.execute(EngineExecutionOrchestrator.java:169)
	at org.junit.platform.launcher.core.EngineExecutionOrchestrator.execute(EngineExecutionOrchestrator.java:93)
	at org.junit.platform.launcher.core.EngineExecutionOrchestrator.lambda$execute$0(EngineExecutionOrchestrator.java:58)
	at org.junit.platform.launcher.core.EngineExecutionOrchestrator.withInterceptedStreams(EngineExecutionOrchestrator.java:141)
	at org.junit.platform.launcher.core.EngineExecutionOrchestrator.execute(EngineExecutionOrchestrator.java:57)
	at org.junit.platform.launcher.core.DefaultLauncher.execute(DefaultLauncher.java:103)
	at org.junit.platform.launcher.core.DefaultLauncher.execute(DefaultLauncher.java:85)
	at org.junit.platform.launcher.core.DelegatingLauncher.execute(DelegatingLauncher.java:47)
	at org.junit.platform.launcher.core.SessionPerRequestLauncher.execute(SessionPerRequestLauncher.java:63)
	at com.intellij.junit5.JUnit5IdeaTestRunner.startRunnerWithArgs(JUnit5IdeaTestRunner.java:57)
	at com.intellij.rt.junit.IdeaTestRunner$Repeater$1.execute(IdeaTestRunner.java:38)
	at com.intellij.rt.execution.junit.TestsRepeater.repeat(TestsRepeater.java:11)
	at com.intellij.rt.junit.IdeaTestRunner$Repeater.startRunnerWithArgs(IdeaTestRunner.java:35)
	at com.intellij.rt.junit.JUnitStarter.prepareStreamsAndStart(JUnitStarter.java:232)
	at com.intellij.rt.junit.JUnitStarter.main(JUnitStarter.java:55)
2025-02-20 09:21:51 [main] INFO  l.insoft.uztis.tests.utils.TestUtils - Screenshot moved to C:\Users\ingrida.zadorozniene\Desktop\Asm\UZTIS\UZTIS_tests\test-output\screenshots\20250220\092151097_testFillNewDVPApplicationFA().png
2025-02-20 09:22:37 [main] INFO  lt.insoft.uztis.tests.UztisPageTest - Navigated to https://uztisdev.asseco.lt/home
2025-02-20 09:22:37 [main] INFO  l.i.u.t.SubmittedApplicationsPageTest - Starting test:'testFillNewDVPApplicationFA'
2025-02-20 09:22:38 [main] DEBUG l.i.u.t.SubmittedApplicationsPageTest - User logged in with test credentials.
2025-02-20 09:22:38 [main] DEBUG l.i.u.t.SubmittedApplicationsPageTest - Opened 'Application Processing' menu.
2025-02-20 09:22:38 [main] DEBUG l.i.u.t.SubmittedApplicationsPageTest - Clicked on 'Application Forms' menu.
2025-02-20 09:22:38 [main] DEBUG l.i.u.t.SubmittedApplicationsPageTest - Retrieved last description code text: 'TST-DVP-78'.
2025-02-20 09:22:38 [main] DEBUG l.i.u.t.SubmittedApplicationsPageTest - Clicked on 'Invitation' menu.
2025-02-20 09:22:39 [main] DEBUG l.i.u.t.SubmittedApplicationsPageTest - Selected application section by code: 'TST-DVP-78'.
2025-02-20 09:22:39 [main] DEBUG l.i.u.t.SubmittedApplicationsPageTest - Clicked 'Search' button.
2025-02-20 09:22:39 [main] DEBUG l.i.u.t.SubmittedApplicationsPageTest - Retrieved invitation code: ''.
2025-02-20 09:22:39 [main] DEBUG l.i.u.t.SubmittedApplicationsPageTest - Clicked on 'Submitted Applications' menu.
2025-02-20 09:22:40 [main] DEBUG l.i.u.t.SubmittedApplicationsPageTest - Selected invitation by code: 'TST-DVP-78'.
2025-02-20 09:22:40 [main] DEBUG l.i.u.t.SubmittedApplicationsPageTest - Invitation code inserted.
2025-02-20 09:22:41 [main] DEBUG l.i.u.t.SubmittedApplicationsPageTest - Clicked on 'Action Application' button.
2025-02-20 09:22:41 [main] DEBUG l.i.u.t.SubmittedApplicationsPageTest - Clicked on 'New Application' button.
2025-02-20 09:22:41 [main] DEBUG l.i.u.t.SubmittedApplicationsPageTest - Selected the 'RadioButtonFA' option.
2025-02-20 09:22:42 [main] DEBUG l.i.u.t.SubmittedApplicationsPageTest - Entered phone number: '61298745'.
2025-02-20 09:22:42 [main] DEBUG l.i.u.t.SubmittedApplicationsPageTest - Entered email: 'test@autotest.com'.
2025-02-20 09:22:42 [main] DEBUG l.i.u.t.SubmittedApplicationsPageTest - Checked 'For workplace adaptation' checkbox 1.
2025-02-20 09:22:42 [main] DEBUG l.i.u.t.SubmittedApplicationsPageTest - Checked 'For workplace adaptation' checkbox 2.
2025-02-20 09:22:42 [main] INFO  l.i.u.p.SubmittedApplicationsPage - Located the dropdown button.
2025-02-20 09:23:01 [main] INFO  l.i.u.p.SubmittedApplicationsPage - Found 1741 options in the dropdown.
2025-02-20 09:23:01 [main] INFO  l.i.u.p.SubmittedApplicationsPage - Successfully selected the value: '01.11 - Grūdinių (išskyrus ryžius), ankštinių ir aliejingų sėklų augalų auginimas'
2025-02-20 09:23:12 [main] ERROR l.i.u.p.SubmittedApplicationsPage - Failed to close the dropdown with aria-expanded = 'false'. Attempting manual close.
2025-02-20 09:23:12 [main] INFO  l.i.u.p.SubmittedApplicationsPage - Manual close attempt for the dropdown using body click.
2025-02-20 09:23:12 [main] DEBUG l.i.u.t.SubmittedApplicationsPageTest - Selected EVRK value: '01.11 - Grūdinių (išskyrus ryžius), ankštinių ir aliejingų sėklų augalų auginimas'.
2025-02-20 09:23:12 [main] DEBUG l.i.u.t.SubmittedApplicationsPageTest - Entered address: 'Vilniaus m. sav., Vilnius, Testo g. 10T'.
2025-02-20 09:23:12 [main] DEBUG l.i.u.t.SubmittedApplicationsPageTest - Selected 'For already working' option.
2025-02-20 09:23:12 [main] DEBUG l.i.u.t.SubmittedApplicationsPageTest - Entered person count1: '1'.
2025-02-20 09:23:13 [main] DEBUG l.i.u.t.SubmittedApplicationsPageTest - Selected 'For new working' option.
2025-02-20 09:23:13 [main] DEBUG l.i.u.t.SubmittedApplicationsPageTest - Entered person count2: '1'.
2025-02-20 09:23:13 [main] DEBUG l.i.u.t.SubmittedApplicationsPageTest - Clicked 'Next' button after checkboxes.
2025-02-20 09:23:13 [main] INFO  l.i.u.p.SubmittedApplicationsPage - Located the dropdown button.
2025-02-20 09:23:14 [main] INFO  l.i.u.p.SubmittedApplicationsPage - Successfully selected the value: 'Administratoriai'
2025-02-21 07:39:16 [main] INFO  lt.insoft.uztis.tests.UztisPageTest - Navigated to https://uztisdev.asseco.lt/home
2025-02-21 07:39:16 [main] INFO  l.i.u.tests.ApplicationFormsPageTest - Setup complete. ApplicationFormsPage initialized.
2025-02-21 07:39:16 [main] INFO  l.i.u.tests.ApplicationFormsPageTest - Starting test:'testCreateNewVuiApplication'
2025-02-21 07:39:17 [main] DEBUG l.i.u.tests.ApplicationFormsPageTest - User logged in with test credentials
2025-02-21 07:39:17 [main] DEBUG l.i.u.tests.ApplicationFormsPageTest - Opened 'Application Processing' menu.
2025-02-21 07:39:17 [main] DEBUG l.i.u.tests.ApplicationFormsPageTest - Clicked on 'Application Forms' menu.
2025-02-21 07:39:18 [main] DEBUG l.i.u.tests.ApplicationFormsPageTest - Clicked to create a new application form.
2025-02-21 07:39:18 [main] DEBUG l.i.u.tests.ApplicationFormsPageTest - Entered random application code: TST-VUI-96
2025-02-21 07:39:18 [main] DEBUG l.i.u.tests.ApplicationFormsPageTest - Selected 'Section' radio button.
2025-02-21 07:39:18 [main] INFO  l.i.uztis.pages.ApplicationFormsPage - Located the dropdown button.
2025-02-21 07:39:18 [main] INFO  l.i.uztis.pages.ApplicationFormsPage - Successfully selected the value: 'Skyrius 1'
2025-02-21 07:39:29 [main] ERROR l.i.uztis.pages.ApplicationFormsPage - Failed to close the dropdown with aria-expanded = 'false'.
2025-02-21 07:39:29 [main] DEBUG l.i.u.tests.ApplicationFormsPageTest - Selected a value from the 'Section' dropdown: 'Skyrius 1'
2025-02-21 07:39:29 [main] DEBUG l.i.u.tests.ApplicationFormsPageTest - Selected 'Budget by Municipality' option.
2025-02-21 07:39:29 [main] DEBUG l.i.u.tests.ApplicationFormsPageTest - Selected 'Financed Without Queue' option.
2025-02-21 07:39:29 [main] DEBUG l.i.u.tests.ApplicationFormsPageTest - Clicked 'Add' button.
2025-02-21 07:39:29 [main] INFO  l.i.uztis.pages.ApplicationFormsPage - Located the dropdown button.
2025-02-21 07:39:30 [main] INFO  l.i.uztis.pages.ApplicationFormsPage - Successfully selected the value: 'VUI paraiškos vertinimo forma - I etapas'
2025-02-21 07:39:40 [main] ERROR l.i.uztis.pages.ApplicationFormsPage - Failed to close the dropdown with aria-expanded = 'false'.
2025-02-21 07:39:40 [main] DEBUG l.i.u.tests.ApplicationFormsPageTest - Selected a value from the 'EvaluationOne' dropdown: 'VUI paraiškos vertinimo forma - I etapas'
2025-02-21 07:39:40 [main] INFO  l.i.uztis.pages.ApplicationFormsPage - Located the dropdown button.
2025-02-21 07:39:41 [main] INFO  l.i.uztis.pages.ApplicationFormsPage - Successfully selected the value: 'VUI paraiškos vertinimo forma - II etapas'
2025-02-21 07:39:51 [main] ERROR l.i.uztis.pages.ApplicationFormsPage - Failed to close the dropdown with aria-expanded = 'false'.
2025-02-21 07:39:51 [main] DEBUG l.i.u.tests.ApplicationFormsPageTest - Selected a value from the 'EvaluationTwon' dropdown: 'VUI paraiškos vertinimo forma - II etapas'
2025-02-21 07:39:51 [main] INFO  l.i.uztis.pages.ApplicationFormsPage - Located the dropdown button.
2025-02-21 07:39:52 [main] INFO  l.i.uztis.pages.ApplicationFormsPage - Successfully selected the value: 'VUI paraiškos vertinimo forma - III etapas'
2025-02-21 07:40:02 [main] ERROR l.i.uztis.pages.ApplicationFormsPage - Failed to close the dropdown with aria-expanded = 'false'.
2025-02-21 07:40:02 [main] DEBUG l.i.u.tests.ApplicationFormsPageTest - Selected a value from the 'EvaluationThree' dropdown: 'VUI paraiškos vertinimo forma - III etapas'
2025-02-21 07:40:02 [main] DEBUG l.i.u.tests.ApplicationFormsPageTest - Clicked 'Plus' button.
2025-02-21 07:40:03 [main] DEBUG l.i.u.tests.ApplicationFormsPageTest - Clicked 'Add' button seven times.
2025-02-21 07:40:03 [main] INFO  l.i.uztis.pages.ApplicationFormsPage - Processing dropdown index: 0
2025-02-21 07:40:13 [main] ERROR l.i.uztis.pages.ApplicationFormsPage - Timeout while waiting for dropdown to close at index: 0 with aria-expanded = 'false'
2025-02-21 07:40:13 [main] INFO  l.i.uztis.pages.ApplicationFormsPage - Processing dropdown index: 1
2025-02-21 07:40:25 [main] ERROR l.i.uztis.pages.ApplicationFormsPage - Timeout while waiting for dropdown to close at index: 1 with aria-expanded = 'false'
2025-02-21 07:40:25 [main] INFO  l.i.uztis.pages.ApplicationFormsPage - Processing dropdown index: 2
2025-02-21 07:40:35 [main] ERROR l.i.uztis.pages.ApplicationFormsPage - Timeout while waiting for dropdown to close at index: 2 with aria-expanded = 'false'
2025-02-21 07:40:35 [main] INFO  l.i.uztis.pages.ApplicationFormsPage - Processing dropdown index: 3
2025-02-21 07:40:46 [main] ERROR l.i.uztis.pages.ApplicationFormsPage - Timeout while waiting for dropdown to close at index: 3 with aria-expanded = 'false'
2025-02-21 07:40:46 [main] INFO  l.i.uztis.pages.ApplicationFormsPage - Processing dropdown index: 4
2025-02-21 07:40:57 [main] ERROR l.i.uztis.pages.ApplicationFormsPage - Timeout while waiting for dropdown to close at index: 4 with aria-expanded = 'false'
2025-02-21 07:40:57 [main] INFO  l.i.uztis.pages.ApplicationFormsPage - Processing dropdown index: 5
2025-02-21 07:41:08 [main] ERROR l.i.uztis.pages.ApplicationFormsPage - Timeout while waiting for dropdown to close at index: 5 with aria-expanded = 'false'
2025-02-21 07:41:09 [main] INFO  l.i.uztis.pages.ApplicationFormsPage - Processing dropdown index: 6
2025-02-21 07:41:20 [main] ERROR l.i.uztis.pages.ApplicationFormsPage - Timeout while waiting for dropdown to close at index: 6 with aria-expanded = 'false'
2025-02-21 07:41:20 [main] INFO  l.i.uztis.pages.ApplicationFormsPage - Processing dropdown index: 7
2025-02-21 07:41:31 [main] ERROR l.i.uztis.pages.ApplicationFormsPage - Timeout while waiting for dropdown to close at index: 7 with aria-expanded = 'false'
2025-02-21 07:41:31 [main] INFO  l.i.uztis.pages.ApplicationFormsPage - Processing input field index: 0
2025-02-21 07:41:31 [main] INFO  l.i.uztis.pages.ApplicationFormsPage - Entered value '50' into field index: 0
2025-02-21 07:41:31 [main] INFO  l.i.uztis.pages.ApplicationFormsPage - Processing input field index: 1
2025-02-21 07:41:31 [main] INFO  l.i.uztis.pages.ApplicationFormsPage - Entered value '924' into field index: 1
2025-02-21 07:41:31 [main] INFO  l.i.uztis.pages.ApplicationFormsPage - Processing input field index: 2
2025-02-21 07:41:31 [main] INFO  l.i.uztis.pages.ApplicationFormsPage - Entered value '31' into field index: 2
2025-02-21 07:41:31 [main] INFO  l.i.uztis.pages.ApplicationFormsPage - Processing input field index: 3
2025-02-21 07:41:31 [main] INFO  l.i.uztis.pages.ApplicationFormsPage - Entered value '4.7' into field index: 3
2025-02-21 07:41:31 [main] INFO  l.i.uztis.pages.ApplicationFormsPage - Processing input field index: 4
2025-02-21 07:41:32 [main] INFO  l.i.uztis.pages.ApplicationFormsPage - Entered value '35' into field index: 4
2025-02-21 07:41:32 [main] INFO  l.i.uztis.pages.ApplicationFormsPage - Processing input field index: 5
2025-02-21 07:41:32 [main] INFO  l.i.uztis.pages.ApplicationFormsPage - Entered value '20' into field index: 5
2025-02-21 07:41:32 [main] INFO  l.i.uztis.pages.ApplicationFormsPage - Processing input field index: 6
2025-02-21 07:41:32 [main] INFO  l.i.uztis.pages.ApplicationFormsPage - Entered value '30' into field index: 6
2025-02-21 07:41:32 [main] INFO  l.i.uztis.pages.ApplicationFormsPage - Processing input field index: 7
2025-02-21 07:41:32 [main] INFO  l.i.uztis.pages.ApplicationFormsPage - Entered value '60' into field index: 7
2025-02-21 07:41:32 [main] DEBUG l.i.u.tests.ApplicationFormsPageTest - Entered additional values and text.
2025-02-21 07:41:32 [main] DEBUG l.i.u.tests.ApplicationFormsPageTest - Entered application name: VUI paraiška
2025-02-21 07:41:32 [main] DEBUG l.i.u.tests.ApplicationFormsPageTest - Clicked the 'Save' button.
2025-02-21 07:41:32 [main] INFO  l.i.u.tests.ApplicationFormsPageTest - Verified success message text: 'Duomenys sėkmingai išsaugoti.'
2025-02-21 07:41:32 [main] INFO  l.i.u.tests.ApplicationFormsPageTest - Verified that the 'Save Form' button is displayed.
2025-02-21 07:41:32 [main] INFO  l.i.u.tests.ApplicationFormsPageTest - Test 'testCreateNewVuiApplication' completed successfully.
2025-02-21 07:45:52 [main] INFO  lt.insoft.uztis.tests.UztisPageTest - Navigated to https://uztisdev.asseco.lt/home
2025-02-21 07:45:52 [main] INFO  l.i.u.tests.ApplicationFormsPageTest - Setup complete. ApplicationFormsPage initialized.
2025-02-21 07:45:52 [main] INFO  l.i.u.tests.ApplicationFormsPageTest - Starting test:'testEditAndSaveVuiApplication'
2025-02-21 07:45:52 [main] DEBUG l.i.u.tests.ApplicationFormsPageTest - User logged in with test credentials
2025-02-21 07:45:52 [main] DEBUG l.i.u.tests.ApplicationFormsPageTest - Opened 'Application Processing' menu.
2025-02-21 07:45:52 [main] DEBUG l.i.u.tests.ApplicationFormsPageTest - Clicked on 'Application Forms' menu.
2025-02-21 07:45:53 [main] DEBUG l.i.u.tests.ApplicationFormsPageTest - Selected the last application description.
2025-02-21 07:45:53 [main] DEBUG l.i.u.tests.ApplicationFormsPageTest - Clicked the 'Edit' button.
2025-02-21 07:45:54 [main] DEBUG l.i.u.tests.ApplicationFormsPageTest - Selected 'Municipality' radio button.
2025-02-21 07:45:54 [main] INFO  l.i.uztis.pages.ApplicationFormsPage - Located the dropdown button.
2025-02-21 07:45:54 [main] INFO  l.i.uztis.pages.ApplicationFormsPage - Successfully selected the value: 'Kauno departamentas'
2025-02-21 07:46:04 [main] ERROR l.i.uztis.pages.ApplicationFormsPage - Failed to close the dropdown with aria-expanded = 'false'.
2025-02-21 07:46:04 [main] DEBUG l.i.u.tests.ApplicationFormsPageTest - Selected a value from the 'Municipality' dropdown: 'Kauno departamentas'
2025-02-21 07:46:05 [main] DEBUG l.i.u.tests.ApplicationFormsPageTest - Selected 'Budget By Country' radio button.
2025-02-21 07:46:05 [main] DEBUG l.i.u.tests.ApplicationFormsPageTest - Selected 'Financed By Queue' radio button.
2025-02-21 07:46:05 [main] DEBUG l.i.u.tests.ApplicationFormsPageTest - Entered new application name: _paredaguota
2025-02-21 07:46:05 [main] DEBUG l.i.u.tests.ApplicationFormsPageTest - Clicked the 'Save' button.
2025-02-21 07:46:05 [main] INFO  l.i.u.tests.ApplicationFormsPageTest - Verified success message: 'Duomenys sėkmingai išsaugoti.'
2025-02-21 07:46:05 [main] INFO  l.i.u.tests.ApplicationFormsPageTest - Test 'testEditAndSaveVuiApplication' completed successfully.
2025-02-21 07:49:35 [main] INFO  lt.insoft.uztis.tests.UztisPageTest - Navigated to https://uztisdev.asseco.lt/home
2025-02-21 07:49:35 [main] INFO  l.i.uztis.tests.InvitationsPageTest - Starting test:'testCreateNewVuiInvitationDraft'
2025-02-21 07:49:35 [main] DEBUG l.i.uztis.tests.InvitationsPageTest - User logged in with test credentials
2025-02-21 07:49:35 [main] DEBUG l.i.uztis.tests.InvitationsPageTest - Opened 'Application Processing' menu.
2025-02-21 07:49:35 [main] DEBUG l.i.uztis.tests.InvitationsPageTest - Clicked on 'Application Forms' menu.
2025-02-21 07:49:35 [main] DEBUG l.i.uztis.tests.InvitationsPageTest - Navigating to application forms menu.
2025-02-21 07:49:36 [main] DEBUG l.i.uztis.tests.InvitationsPageTest - Retrieved last description code text: 'TST-VUI-96'.
2025-02-21 07:49:36 [main] DEBUG l.i.uztis.tests.InvitationsPageTest - Clicked on 'Invitation' menu.
2025-02-21 07:49:36 [main] DEBUG l.i.uztis.tests.InvitationsPageTest - Clicked 'Create New Application Form'.
2025-02-21 07:49:37 [main] DEBUG l.i.uztis.tests.InvitationsPageTest - Selected section by code: 'TST-VUI-96'.
2025-02-21 07:49:37 [main] INFO  l.insoft.uztis.pages.InvitationsPage - Located the dropdown button.
2025-02-21 07:49:49 [main] ERROR l.insoft.uztis.pages.InvitationsPage - Timeout while waiting for dropdown to close with aria-expanded = 'false'.
2025-02-21 07:49:49 [main] DEBUG l.i.uztis.tests.InvitationsPageTest - Selected invitation number from the list.
2025-02-21 07:49:49 [main] DEBUG l.i.uztis.tests.InvitationsPageTest - Entered current date.
2025-02-21 07:49:49 [main] DEBUG l.i.uztis.tests.InvitationsPageTest - Entered start time: 00:00.
2025-02-21 07:49:49 [main] DEBUG l.i.uztis.tests.InvitationsPageTest - Entered end date.
2025-02-21 07:49:50 [main] DEBUG l.i.uztis.tests.InvitationsPageTest - Entered end time: 11:11.
2025-02-21 07:49:50 [main] DEBUG l.i.uztis.tests.InvitationsPageTest - Draft saved.
2025-02-21 07:49:50 [main] DEBUG l.insoft.uztis.pages.InvitationsPage - Verified success message: 'Duomenys sėkmingai išsaugoti.'
2025-02-21 07:49:50 [main] INFO  l.i.uztis.tests.InvitationsPageTest - Test 'testCreateNewVuiInvitationDraft' completed successfully.
2025-02-21 07:50:02 [main] INFO  lt.insoft.uztis.tests.UztisPageTest - Navigated to https://uztisdev.asseco.lt/home
2025-02-21 07:50:02 [main] INFO  l.i.uztis.tests.InvitationsPageTest - Starting test:'testEditAndPublishVuiInvitationDraft'
2025-02-21 07:50:02 [main] DEBUG l.i.uztis.tests.InvitationsPageTest - User logged in with test credentials
2025-02-21 07:50:03 [main] DEBUG l.i.uztis.tests.InvitationsPageTest - Opened 'Application Processing' menu.
2025-02-21 07:50:03 [main] DEBUG l.i.uztis.tests.InvitationsPageTest - Clicked on 'Application Forms' menu.
2025-02-21 07:50:03 [main] DEBUG l.i.uztis.tests.InvitationsPageTest - Navigating to application forms menu.
2025-02-21 07:50:03 [main] DEBUG l.i.uztis.tests.InvitationsPageTest - Retrieved last description code text: 'TST-VUI-96'.
2025-02-21 07:50:03 [main] DEBUG l.i.uztis.tests.InvitationsPageTest - Clicked on 'Invitation' menu.
2025-02-21 07:50:04 [main] DEBUG l.i.uztis.tests.InvitationsPageTest - Selected section by code: 'TST-VUI-96'.
2025-02-21 07:50:05 [main] DEBUG l.i.uztis.tests.InvitationsPageTest - Clicked 'Search'.
2025-02-21 07:50:05 [main] DEBUG l.i.uztis.tests.InvitationsPageTest - Getting and inserting application code text.
2025-02-21 07:50:05 [main] DEBUG l.i.uztis.tests.InvitationsPageTest - Clicked 'InvitationDraft'.
2025-02-21 07:50:05 [main] DEBUG l.i.uztis.tests.InvitationsPageTest - Clicked 'Edit'.
2025-02-21 07:50:06 [main] DEBUG l.i.uztis.tests.InvitationsPageTest - Entered publication end date.
2025-02-21 07:50:06 [main] DEBUG l.i.uztis.tests.InvitationsPageTest - Added additional values.
2025-02-21 07:50:06 [main] INFO  l.insoft.uztis.pages.InvitationsPage - Located the dropdown button.
2025-02-21 07:50:07 [main] DEBUG l.i.uztis.tests.InvitationsPageTest - Selected the value: 'Didžiausia galima paramos suma aplinkos darbo vietai, Eur'
2025-02-21 07:50:07 [main] INFO  l.insoft.uztis.pages.InvitationsPage - Located the dropdown button.
2025-02-21 07:50:07 [main] DEBUG l.i.uztis.tests.InvitationsPageTest - Selected the value: 'Didžiausia galima paramos suma, Eur'
2025-02-21 07:50:07 [main] INFO  l.insoft.uztis.pages.InvitationsPage - Located the dropdown button.
2025-02-21 07:50:08 [main] DEBUG l.i.uztis.tests.InvitationsPageTest - Selected the value: 'Didžiausia galima paramos suma vienai darbo vietai, Eur'
2025-02-21 07:50:08 [main] DEBUG l.i.uztis.tests.InvitationsPageTest - Entered value: 11000
2025-02-21 07:50:08 [main] DEBUG l.i.uztis.tests.InvitationsPageTest - Entered value: 12000
2025-02-21 07:50:08 [main] DEBUG l.i.uztis.tests.InvitationsPageTest - Entered value: 13000
2025-02-21 07:50:09 [main] DEBUG l.i.uztis.tests.InvitationsPageTest - Checked 'Legal Entities' checkbox.
2025-02-21 07:50:09 [main] DEBUG l.i.uztis.tests.InvitationsPageTest - Unchecked 'Persons Registered with Employment Service' checkbox.
2025-02-21 07:50:09 [main] DEBUG l.i.uztis.tests.InvitationsPageTest - Checked 'Persons Registered as Employers' checkbox.
2025-02-21 07:50:09 [main] DEBUG l.i.uztis.tests.InvitationsPageTest - Entered second evaluation grade: '5'.
2025-02-21 07:50:09 [main] DEBUG l.i.uztis.tests.InvitationsPageTest - Entered third evaluation grade: '6'.
2025-02-21 07:50:09 [main] DEBUG l.i.uztis.tests.InvitationsPageTest - Entered second evaluation grade weight: '0,45'.
2025-02-21 07:50:09 [main] DEBUG l.i.uztis.tests.InvitationsPageTest - Entered third evaluation grade weight: '0,55'.
2025-02-21 07:50:09 [main] DEBUG l.i.uztis.tests.InvitationsPageTest - Entered budget: '2000'.
2025-02-21 07:50:09 [main] DEBUG l.i.uztis.tests.InvitationsPageTest - Entered description text: 'Aprašo tekstas'.
2025-02-21 07:50:10 [main] DEBUG l.i.uztis.tests.InvitationsPageTest - Entered applicants text: 'Pareiškėjų tekstas'.
2025-02-21 07:50:10 [main] DEBUG l.i.uztis.tests.InvitationsPageTest - Entered expenditures text: 'Išlaidų tekstas'.
2025-02-21 07:50:10 [main] DEBUG l.i.uztis.tests.InvitationsPageTest - Entered legislation text: 'Teisės aktų tekstas'.
2025-02-21 07:50:10 [main] DEBUG l.i.uztis.tests.InvitationsPageTest - Entered education text: 'Mokymų tekstas'.
2025-02-21 07:50:10 [main] DEBUG l.i.uztis.tests.InvitationsPageTest - File uploaded.
2025-02-21 07:50:10 [main] DEBUG l.i.uztis.tests.InvitationsPageTest - Clicked 'Publish'.
2025-02-21 07:50:10 [main] DEBUG l.i.uztis.tests.InvitationsPageTest - Publication confirmed.
2025-02-21 07:50:11 [main] DEBUG l.insoft.uztis.pages.InvitationsPage - Verified success message: 'Funkcija sėkmingai atlikta.'
2025-02-21 07:50:11 [main] INFO  l.i.uztis.tests.InvitationsPageTest - Test 'testEditAndPublishVuiInvitationDraft' completed successfully.
2025-02-21 07:50:32 [main] INFO  lt.insoft.uztis.tests.UztisPageTest - Navigated to https://uztisdev.asseco.lt/home
2025-02-21 07:50:32 [main] INFO  l.i.uztis.tests.InvitationsPageTest - Starting test:'testStopPublicationVuiInvitation'
2025-02-21 07:50:33 [main] DEBUG l.i.uztis.tests.InvitationsPageTest - User logged in with test credentials
2025-02-21 07:50:33 [main] DEBUG l.i.uztis.tests.InvitationsPageTest - Opened 'Application Processing' menu.
2025-02-21 07:50:33 [main] DEBUG l.i.uztis.tests.InvitationsPageTest - Clicked on 'Application Forms' menu.
2025-02-21 07:50:33 [main] DEBUG l.i.uztis.tests.InvitationsPageTest - Navigating to application forms menu.
2025-02-21 07:50:34 [main] DEBUG l.i.uztis.tests.InvitationsPageTest - Retrieved last description code text: 'TST-VUI-96'.
2025-02-21 07:50:34 [main] DEBUG l.i.uztis.tests.InvitationsPageTest - Clicked on 'Invitation' menu.
2025-02-21 07:50:35 [main] DEBUG l.i.uztis.tests.InvitationsPageTest - Selected section by code: 'TST-VUI-96'.
2025-02-21 07:50:35 [main] DEBUG l.i.uztis.tests.InvitationsPageTest - Clicked 'Search'.
2025-02-21 07:50:35 [main] DEBUG l.i.uztis.tests.InvitationsPageTest - Getting and inserting application code text.
2025-02-21 07:50:35 [main] DEBUG l.i.uztis.tests.InvitationsPageTest - Clicked 'Publishing'.
2025-02-21 07:50:36 [main] DEBUG l.i.uztis.tests.InvitationsPageTest - Clicked 'Action'.
2025-02-21 07:50:36 [main] DEBUG l.i.uztis.tests.InvitationsPageTest - Clicked 'Stop Publication'.
2025-02-21 07:50:36 [main] DEBUG l.i.uztis.tests.InvitationsPageTest - Entered expenditures text: 'Priežasties aprašas'.
2025-02-21 07:50:36 [main] DEBUG l.i.uztis.tests.InvitationsPageTest - Clicked 'Stop Publication Confirmation'.
2025-02-21 07:50:36 [main] DEBUG l.i.uztis.tests.InvitationsPageTest - Fetched label text: Sustabdytas publikavimas
2025-02-21 07:50:36 [main] INFO  l.i.uztis.tests.InvitationsPageTest - 'goToInvitationPageTest' completed. Label is: Sustabdytas publikavimas
2025-02-21 07:50:36 [main] INFO  l.i.uztis.tests.InvitationsPageTest - Test 'testStopPublicationVuiInvitation' completed successfully.
2025-02-21 07:50:46 [main] INFO  lt.insoft.uztis.tests.UztisPageTest - Navigated to https://uztisdev.asseco.lt/home
2025-02-21 07:50:46 [main] INFO  l.i.uztis.tests.InvitationsPageTest - Starting test:'testArchiveVuiInvitation'
2025-02-21 07:50:46 [main] DEBUG l.i.uztis.tests.InvitationsPageTest - User logged in with test credentials
2025-02-21 07:50:47 [main] DEBUG l.i.uztis.tests.InvitationsPageTest - Opened 'Application Processing' menu.
2025-02-21 07:50:47 [main] DEBUG l.i.uztis.tests.InvitationsPageTest - Clicked on 'Application Forms' menu.
2025-02-21 07:50:47 [main] DEBUG l.i.uztis.tests.InvitationsPageTest - Navigating to application forms menu.
2025-02-21 07:50:47 [main] DEBUG l.i.uztis.tests.InvitationsPageTest - Retrieved last description code text: 'TST-VUI-96'.
2025-02-21 07:50:47 [main] DEBUG l.i.uztis.tests.InvitationsPageTest - Clicked on 'Invitation' menu.
2025-02-21 07:50:48 [main] DEBUG l.i.uztis.tests.InvitationsPageTest - Selected section by code: 'TST-VUI-96'.
2025-02-21 07:50:49 [main] DEBUG l.i.uztis.tests.InvitationsPageTest - Clicked 'Search'.
2025-02-21 07:50:49 [main] DEBUG l.i.uztis.tests.InvitationsPageTest - Getting and inserting application code text.
2025-02-21 07:50:49 [main] DEBUG l.i.uztis.tests.InvitationsPageTest - Clicked 'Publication Stopped'.
2025-02-21 07:50:49 [main] DEBUG l.i.uztis.tests.InvitationsPageTest - Clicked 'Action'.
2025-02-21 07:50:49 [main] DEBUG l.i.uztis.tests.InvitationsPageTest - Clicked 'Archive'.
2025-02-21 07:50:50 [main] DEBUG l.i.uztis.tests.InvitationsPageTest - Entered expenditures text: 'Priežasties aprašas'.
2025-02-21 07:50:50 [main] DEBUG l.i.uztis.tests.InvitationsPageTest - Clicked 'Stop Publication Confirmation'.
2025-02-21 07:50:50 [main] DEBUG l.i.uztis.tests.InvitationsPageTest - Fetched label text: Archyvuotas
2025-02-21 07:50:50 [main] INFO  l.i.uztis.tests.InvitationsPageTest - 'goToInvitationPageTest' completed. Label is: Archyvuotas
2025-02-21 07:50:50 [main] INFO  l.i.uztis.tests.InvitationsPageTest - Test 'testArchiveVuiInvitation' completed successfully.
2025-02-21 07:50:59 [main] INFO  lt.insoft.uztis.tests.UztisPageTest - Navigated to https://uztisdev.asseco.lt/home
2025-02-21 07:50:59 [main] INFO  l.i.uztis.tests.InvitationsPageTest - Starting test:'testDeleteVuiInvitation'
2025-02-21 07:51:00 [main] DEBUG l.i.uztis.tests.InvitationsPageTest - User logged in with test credentials
2025-02-21 07:51:00 [main] DEBUG l.i.uztis.tests.InvitationsPageTest - Opened 'Application Processing' menu.
2025-02-21 07:51:00 [main] DEBUG l.i.uztis.tests.InvitationsPageTest - Clicked on 'Application Forms' menu.
2025-02-21 07:51:00 [main] DEBUG l.i.uztis.tests.InvitationsPageTest - Navigating to application forms menu.
2025-02-21 07:51:00 [main] DEBUG l.i.uztis.tests.InvitationsPageTest - Retrieved last description code text: 'TST-VUI-96'.
2025-02-21 07:51:01 [main] DEBUG l.i.uztis.tests.InvitationsPageTest - Clicked on 'Invitation' menu.
2025-02-21 07:51:02 [main] DEBUG l.i.uztis.tests.InvitationsPageTest - Selected section by code: 'TST-VUI-96'.
2025-02-21 07:51:02 [main] DEBUG l.i.uztis.tests.InvitationsPageTest - Clicked 'Search'.
2025-02-21 07:51:02 [main] DEBUG l.i.uztis.tests.InvitationsPageTest - Getting and inserting application code text.
2025-02-21 07:51:02 [main] DEBUG l.i.uztis.tests.InvitationsPageTest - Clicked 'Archived'.
2025-02-21 07:51:03 [main] DEBUG l.i.uztis.tests.InvitationsPageTest - Clicked 'Action'.
2025-02-21 07:51:03 [main] DEBUG l.i.uztis.tests.InvitationsPageTest - Clicked 'Delete'.
2025-02-21 07:51:03 [main] DEBUG l.i.uztis.tests.InvitationsPageTest - Clicked 'Stop Publication Confirmation'.
2025-02-21 07:51:03 [main] DEBUG l.insoft.uztis.pages.InvitationsPage - Verified success message: 'Įrašas sėkmingai pašalintas.'
2025-02-21 07:51:03 [main] INFO  l.i.uztis.tests.InvitationsPageTest - Test 'testDeleteVuiInvitation' completed successfully.
2025-02-21 07:51:23 [main] INFO  lt.insoft.uztis.tests.UztisPageTest - Navigated to https://uztisdev.asseco.lt/home
2025-02-21 07:51:23 [main] INFO  l.i.uztis.tests.InvitationsPageTest - Starting test:'testCreateNewVuiInvitationDraft'
2025-02-21 07:51:23 [main] DEBUG l.i.uztis.tests.InvitationsPageTest - User logged in with test credentials
2025-02-21 07:51:24 [main] DEBUG l.i.uztis.tests.InvitationsPageTest - Opened 'Application Processing' menu.
2025-02-21 07:51:24 [main] DEBUG l.i.uztis.tests.InvitationsPageTest - Clicked on 'Application Forms' menu.
2025-02-21 07:51:24 [main] DEBUG l.i.uztis.tests.InvitationsPageTest - Navigating to application forms menu.
2025-02-21 07:51:24 [main] DEBUG l.i.uztis.tests.InvitationsPageTest - Retrieved last description code text: 'TST-VUI-96'.
2025-02-21 07:51:24 [main] DEBUG l.i.uztis.tests.InvitationsPageTest - Clicked on 'Invitation' menu.
2025-02-21 07:51:24 [main] DEBUG l.i.uztis.tests.InvitationsPageTest - Clicked 'Create New Application Form'.
2025-02-21 07:51:25 [main] DEBUG l.i.uztis.tests.InvitationsPageTest - Selected section by code: 'TST-VUI-96'.
2025-02-21 07:51:25 [main] INFO  l.insoft.uztis.pages.InvitationsPage - Located the dropdown button.
2025-02-21 07:51:37 [main] ERROR l.insoft.uztis.pages.InvitationsPage - Timeout while waiting for dropdown to close with aria-expanded = 'false'.
2025-02-21 07:51:37 [main] DEBUG l.i.uztis.tests.InvitationsPageTest - Selected invitation number from the list.
2025-02-21 07:51:37 [main] DEBUG l.i.uztis.tests.InvitationsPageTest - Entered current date.
2025-02-21 07:51:37 [main] DEBUG l.i.uztis.tests.InvitationsPageTest - Entered start time: 00:00.
2025-02-21 07:51:37 [main] DEBUG l.i.uztis.tests.InvitationsPageTest - Entered end date.
2025-02-21 07:51:38 [main] DEBUG l.i.uztis.tests.InvitationsPageTest - Entered end time: 11:11.
2025-02-21 07:51:38 [main] DEBUG l.i.uztis.tests.InvitationsPageTest - Draft saved.
2025-02-21 07:51:38 [main] DEBUG l.insoft.uztis.pages.InvitationsPage - Verified success message: 'Duomenys sėkmingai išsaugoti.'
2025-02-21 07:51:38 [main] INFO  l.i.uztis.tests.InvitationsPageTest - Test 'testCreateNewVuiInvitationDraft' completed successfully.
2025-02-21 07:51:48 [main] INFO  lt.insoft.uztis.tests.UztisPageTest - Navigated to https://uztisdev.asseco.lt/home
2025-02-21 07:51:48 [main] INFO  l.i.uztis.tests.InvitationsPageTest - Starting test:'testEditAndPublishVuiInvitationDraft'
2025-02-21 07:51:49 [main] DEBUG l.i.uztis.tests.InvitationsPageTest - User logged in with test credentials
2025-02-21 07:51:49 [main] DEBUG l.i.uztis.tests.InvitationsPageTest - Opened 'Application Processing' menu.
2025-02-21 07:51:49 [main] DEBUG l.i.uztis.tests.InvitationsPageTest - Clicked on 'Application Forms' menu.
2025-02-21 07:51:49 [main] DEBUG l.i.uztis.tests.InvitationsPageTest - Navigating to application forms menu.
2025-02-21 07:51:50 [main] DEBUG l.i.uztis.tests.InvitationsPageTest - Retrieved last description code text: 'TST-VUI-96'.
2025-02-21 07:51:50 [main] DEBUG l.i.uztis.tests.InvitationsPageTest - Clicked on 'Invitation' menu.
2025-02-21 07:51:51 [main] DEBUG l.i.uztis.tests.InvitationsPageTest - Selected section by code: 'TST-VUI-96'.
2025-02-21 07:51:51 [main] DEBUG l.i.uztis.tests.InvitationsPageTest - Clicked 'Search'.
2025-02-21 07:51:51 [main] DEBUG l.i.uztis.tests.InvitationsPageTest - Getting and inserting application code text.
2025-02-21 07:51:51 [main] DEBUG l.i.uztis.tests.InvitationsPageTest - Clicked 'InvitationDraft'.
2025-02-21 07:51:52 [main] DEBUG l.i.uztis.tests.InvitationsPageTest - Clicked 'Edit'.
2025-02-21 07:51:52 [main] DEBUG l.i.uztis.tests.InvitationsPageTest - Entered publication end date.
2025-02-21 07:51:53 [main] DEBUG l.i.uztis.tests.InvitationsPageTest - Added additional values.
2025-02-21 07:51:53 [main] INFO  l.insoft.uztis.pages.InvitationsPage - Located the dropdown button.
2025-02-21 07:51:53 [main] DEBUG l.i.uztis.tests.InvitationsPageTest - Selected the value: 'Didžiausia galima paramos suma aplinkos darbo vietai, Eur'
2025-02-21 07:51:53 [main] INFO  l.insoft.uztis.pages.InvitationsPage - Located the dropdown button.
2025-02-21 07:51:53 [main] DEBUG l.i.uztis.tests.InvitationsPageTest - Selected the value: 'Didžiausia galima paramos suma, Eur'
2025-02-21 07:51:53 [main] INFO  l.insoft.uztis.pages.InvitationsPage - Located the dropdown button.
2025-02-21 07:51:54 [main] DEBUG l.i.uztis.tests.InvitationsPageTest - Selected the value: 'Didžiausia galima paramos suma vienai darbo vietai, Eur'
2025-02-21 07:51:54 [main] DEBUG l.i.uztis.tests.InvitationsPageTest - Entered value: 11000
2025-02-21 07:51:54 [main] DEBUG l.i.uztis.tests.InvitationsPageTest - Entered value: 12000
2025-02-21 07:51:55 [main] DEBUG l.i.uztis.tests.InvitationsPageTest - Entered value: 13000
2025-02-21 07:51:55 [main] DEBUG l.i.uztis.tests.InvitationsPageTest - Checked 'Legal Entities' checkbox.
2025-02-21 07:51:55 [main] DEBUG l.i.uztis.tests.InvitationsPageTest - Unchecked 'Persons Registered with Employment Service' checkbox.
2025-02-21 07:51:55 [main] DEBUG l.i.uztis.tests.InvitationsPageTest - Checked 'Persons Registered as Employers' checkbox.
2025-02-21 07:51:55 [main] DEBUG l.i.uztis.tests.InvitationsPageTest - Entered second evaluation grade: '5'.
2025-02-21 07:51:55 [main] DEBUG l.i.uztis.tests.InvitationsPageTest - Entered third evaluation grade: '6'.
2025-02-21 07:51:55 [main] DEBUG l.i.uztis.tests.InvitationsPageTest - Entered second evaluation grade weight: '0,45'.
2025-02-21 07:51:56 [main] DEBUG l.i.uztis.tests.InvitationsPageTest - Entered third evaluation grade weight: '0,55'.
2025-02-21 07:51:56 [main] DEBUG l.i.uztis.tests.InvitationsPageTest - Entered budget: '2000'.
2025-02-21 07:51:56 [main] DEBUG l.i.uztis.tests.InvitationsPageTest - Entered description text: 'Aprašo tekstas'.
2025-02-21 07:51:56 [main] DEBUG l.i.uztis.tests.InvitationsPageTest - Entered applicants text: 'Pareiškėjų tekstas'.
2025-02-21 07:51:56 [main] DEBUG l.i.uztis.tests.InvitationsPageTest - Entered expenditures text: 'Išlaidų tekstas'.
2025-02-21 07:51:56 [main] DEBUG l.i.uztis.tests.InvitationsPageTest - Entered legislation text: 'Teisės aktų tekstas'.
2025-02-21 07:51:56 [main] DEBUG l.i.uztis.tests.InvitationsPageTest - Entered education text: 'Mokymų tekstas'.
2025-02-21 07:51:56 [main] DEBUG l.i.uztis.tests.InvitationsPageTest - File uploaded.
2025-02-21 07:51:57 [main] DEBUG l.i.uztis.tests.InvitationsPageTest - Clicked 'Publish'.
2025-02-21 07:51:57 [main] DEBUG l.i.uztis.tests.InvitationsPageTest - Publication confirmed.
2025-02-21 07:51:57 [main] DEBUG l.insoft.uztis.pages.InvitationsPage - Verified success message: 'Funkcija sėkmingai atlikta.'
2025-02-21 07:51:57 [main] INFO  l.i.uztis.tests.InvitationsPageTest - Test 'testEditAndPublishVuiInvitationDraft' completed successfully.
2025-02-21 07:52:08 [main] INFO  lt.insoft.uztis.tests.UztisPageTest - Navigated to https://uztisdev.asseco.lt/home
2025-02-21 07:52:08 [main] INFO  l.i.uztis.tests.InvitationsPageTest - Starting test:'testInsertVuiStatisticInformation'
2025-02-21 07:52:08 [main] DEBUG l.i.uztis.tests.InvitationsPageTest - User logged in with test credentials
2025-02-21 07:52:08 [main] DEBUG l.i.uztis.tests.InvitationsPageTest - Opened 'Application Processing' menu.
2025-02-21 07:52:09 [main] DEBUG l.i.uztis.tests.InvitationsPageTest - Clicked on 'Application Forms' menu.
2025-02-21 07:52:09 [main] DEBUG l.i.uztis.tests.InvitationsPageTest - Navigating to invitation forms menu.
2025-02-21 07:52:09 [main] DEBUG l.i.uztis.tests.InvitationsPageTest - Retrieved last description code text: 'TST-VUI-96'.
2025-02-21 07:52:09 [main] DEBUG l.i.uztis.tests.InvitationsPageTest - Clicked on 'Invitation' menu.
2025-02-21 07:52:10 [main] DEBUG l.i.uztis.tests.InvitationsPageTest - Selected section by code: 'TST-VUI-96'.
2025-02-21 07:52:10 [main] DEBUG l.i.uztis.tests.InvitationsPageTest - Clicked 'Search'.
2025-02-21 07:52:10 [main] DEBUG l.i.uztis.tests.InvitationsPageTest - Getting and inserting application code text.
2025-02-21 07:52:10 [main] DEBUG l.i.uztis.tests.InvitationsPageTest - Clicked 'Publishing'.
2025-02-21 07:52:11 [main] DEBUG l.i.uztis.tests.InvitationsPageTest - Clicked 'Statistic Information' tab.
2025-02-21 07:52:11 [main] DEBUG l.i.uztis.tests.InvitationsPageTest - Clicked 'Edit' button.
2025-02-21 07:52:11 [main] DEBUG l.i.uztis.tests.InvitationsPageTest - Entered current date.
2025-02-21 07:52:11 [main] DEBUG l.i.uztis.tests.InvitationsPageTest - Entered value: 8.7
2025-02-21 07:52:12 [main] DEBUG l.i.uztis.tests.InvitationsPageTest - Entered average salary: 2237.9
2025-02-21 07:52:12 [main] DEBUG l.i.uztis.tests.InvitationsPageTest - File uploaded.
2025-02-21 07:52:12 [main] DEBUG l.i.uztis.tests.InvitationsPageTest - Clicked 'Save' button.
2025-02-21 07:52:13 [main] DEBUG l.insoft.uztis.pages.InvitationsPage - Verified success message: 'Funkcija sėkmingai atlikta.'
2025-02-21 07:52:13 [main] INFO  l.i.uztis.tests.InvitationsPageTest - Test 'testInsertVuiStatisticInformation' completed successfully.
2025-02-21 08:04:07 [main] INFO  lt.insoft.uztis.tests.UztisPageTest - Navigated to https://uztisdev.asseco.lt/home
2025-02-21 08:04:07 [main] INFO  l.i.u.t.SubmittedApplicationsPageTest - Starting test:'testFillNewVUIPApplicationFA'
2025-02-21 08:04:08 [main] DEBUG l.i.u.t.SubmittedApplicationsPageTest - User logged in with test credentials.
2025-02-21 08:04:08 [main] DEBUG l.i.u.t.SubmittedApplicationsPageTest - Opened 'Application Processing' menu.
2025-02-21 08:04:08 [main] DEBUG l.i.u.t.SubmittedApplicationsPageTest - Clicked on 'Application Forms' menu.
2025-02-21 08:04:08 [main] DEBUG l.i.u.t.SubmittedApplicationsPageTest - Retrieved last description code text: 'TST-VUI-96'.
2025-02-21 08:04:08 [main] DEBUG l.i.u.t.SubmittedApplicationsPageTest - Clicked on 'Invitation' menu.
2025-02-21 08:04:10 [main] DEBUG l.i.u.t.SubmittedApplicationsPageTest - Selected application section by code: 'TST-VUI-96'.
2025-02-21 08:04:10 [main] DEBUG l.i.u.t.SubmittedApplicationsPageTest - Clicked 'Search' button.
2025-02-21 08:04:10 [main] DEBUG l.i.u.t.SubmittedApplicationsPageTest - Retrieved invitation code: ''.
2025-02-21 08:04:10 [main] DEBUG l.i.u.t.SubmittedApplicationsPageTest - Clicked on 'Submitted Applications' menu.
2025-02-21 08:04:11 [main] DEBUG l.i.u.t.SubmittedApplicationsPageTest - Selected invitation by code: 'TST-VUI-96'.
2025-02-21 08:04:11 [main] DEBUG l.i.u.t.SubmittedApplicationsPageTest - Invitation code inserted.
2025-02-21 08:04:11 [main] DEBUG l.i.u.t.SubmittedApplicationsPageTest - Clicked on 'Action Application' button.
2025-02-21 08:04:11 [main] DEBUG l.i.u.t.SubmittedApplicationsPageTest - Clicked on 'New Application' button.
2025-02-21 08:04:12 [main] DEBUG l.i.u.t.SubmittedApplicationsPageTest - Selected the 'RadioButtonFA' option.
2025-02-21 08:04:12 [main] DEBUG l.i.u.t.SubmittedApplicationsPageTest - Entered phone number: '61298745'.
2025-02-21 08:04:12 [main] DEBUG l.i.u.t.SubmittedApplicationsPageTest - Entered email: 'test@autotest.com'.
2025-02-21 08:04:12 [main] INFO  l.i.u.p.SubmittedApplicationsPage - Clicking on the dropdown button.
2025-02-21 08:04:31 [main] INFO  l.i.u.p.SubmittedApplicationsPage - Found 1741 options in the dropdown.
2025-02-21 08:04:31 [main] DEBUG l.i.u.p.SubmittedApplicationsPage - Checking option: ''
2025-02-21 08:04:31 [main] DEBUG l.i.u.p.SubmittedApplicationsPage - Checking option: '01.11 - Grūdinių (išskyrus ryžius), ankštinių ir aliejingų sėklų augalų auginimas'
2025-02-21 08:04:31 [main] INFO  l.i.u.p.SubmittedApplicationsPage - Successfully selected the value: '01.11 - Grūdinių (išskyrus ryžius), ankštinių ir aliejingų sėklų augalų auginimas'
2025-02-21 08:04:31 [main] INFO  l.i.u.p.SubmittedApplicationsPage - Attempting to close the dropdown.
2025-02-21 08:04:42 [main] INFO  l.i.u.p.SubmittedApplicationsPage - Dropdown should be closed now.
2025-02-21 08:04:42 [main] DEBUG l.i.u.t.SubmittedApplicationsPageTest - Selected EVRK value: '01.11 - Grūdinių (išskyrus ryžius), ankštinių ir aliejingų sėklų augalų auginimas'.
2025-02-21 08:04:42 [main] DEBUG l.i.u.t.SubmittedApplicationsPageTest - Entered address: 'Vilniaus m. sav., Vilnius, Testo g. 10T'.
2025-02-21 08:04:42 [main] DEBUG l.i.u.t.SubmittedApplicationsPageTest - Entered project date.
2025-02-21 08:04:42 [main] DEBUG l.i.u.t.SubmittedApplicationsPageTest - Entered job count: '1'.
2025-02-21 08:04:42 [main] DEBUG l.i.u.t.SubmittedApplicationsPageTest - Clicked 'Next' button.
2025-02-21 08:04:42 [main] INFO  l.i.u.p.SubmittedApplicationsPage - Located the dropdown button.
2025-02-21 08:04:44 [main] INFO  l.i.u.p.SubmittedApplicationsPage - Successfully selected the value: 'Administratoriai'
2025-02-21 08:05:14 [main] ERROR l.i.u.p.SubmittedApplicationsPage - Timeout while waiting for dropdown to close with aria-expanded = 'false'.
2025-02-21 08:05:14 [main] DEBUG l.i.u.t.SubmittedApplicationsPageTest - Selected job name: 'Administratoriai'.
2025-02-21 08:05:14 [main] DEBUG l.i.u.t.SubmittedApplicationsPageTest - Entered job function: 'Funkcija 1'.
2025-02-21 08:05:14 [main] DEBUG l.i.u.t.SubmittedApplicationsPageTest - Selected 'RadioButtonWithDisabilities' option.
2025-02-21 08:05:14 [main] INFO  l.i.u.p.SubmittedApplicationsPage - Clicking on the dropdown button.
2025-02-21 08:05:14 [main] INFO  l.i.u.p.SubmittedApplicationsPage - Found 34 options in the dropdown.
2025-02-21 08:05:14 [main] DEBUG l.i.u.p.SubmittedApplicationsPage - Checking option: 'Asmenys, kuriems suteiktas pabėgėlio statusas ar perkeliamojo asmens statusas, arba asmenys, kuriems suteikta papildoma ar laikinoji apsauga, ir asmenys, turintys teisę gauti laikinąją apsaugą, iki sprendimo dėl laikinosios apsaugos suteikimo (nesuteikimo) priėmimo, tačiau ne ilgiau kaip laikinosios apsaugos laikotarpiu'
2025-02-21 08:05:14 [main] DEBUG l.i.u.p.SubmittedApplicationsPage - Checking option: 'Asmenys, kuriems suteiktas pabėgėlio statusas ar perkeliamojo asmens statusas, arba asmenys, kuriems suteikta papildoma ar laikinoji apsauga, ir asmenys, turintys teisę gauti laikinąją apsaugą, iki sprendimo dėl laikinosios apsaugos suteikimo (nesuteikimo) priėmimo, tačiau ne ilgiau kaip laikinosios apsaugos laikotarpiu'
2025-02-21 08:05:14 [main] DEBUG l.i.u.p.SubmittedApplicationsPage - Checking option: 'Asmenys, turintys teisę į papildomas užimtumo garantijas pagal Lietuvos Respublikos valstybės įmonės Ignalinos atominės elektrinės darbuotojų papildomų užimtumo ir socialinių garantijų įstatymą'
2025-02-21 08:05:14 [main] DEBUG l.i.u.p.SubmittedApplicationsPage - Checking option: 'Asmenys, turintys teisę į papildomas užimtumo garantijas pagal Lietuvos Respublikos valstybės įmonės Ignalinos atominės elektrinės darbuotojų papildomų užimtumo ir socialinių garantijų įstatymą'
2025-02-21 08:05:14 [main] DEBUG l.i.u.p.SubmittedApplicationsPage - Checking option: 'Bedarbiai iki 29 metų'
2025-02-21 08:05:14 [main] DEBUG l.i.u.p.SubmittedApplicationsPage - Checking option: 'Bedarbiai iki 29 metų'
2025-02-21 08:05:14 [main] DEBUG l.i.u.p.SubmittedApplicationsPage - Checking option: 'Bedarbiai, kurie yra darbingo amžiaus neįgalieji, kuriems nustatytas 30–40 procentų darbingumo lygis arba vidutinis neįgalumo lygis'
2025-02-21 08:05:14 [main] DEBUG l.i.u.p.SubmittedApplicationsPage - Checking option: 'Bedarbiai, kurie yra darbingo amžiaus neįgalieji, kuriems nustatytas 30–40 procentų darbingumo lygis arba vidutinis neįgalumo lygis'
2025-02-21 08:05:14 [main] DEBUG l.i.u.p.SubmittedApplicationsPage - Checking option: 'Bedarbiai, kurie yra darbingo amžiaus neįgalieji, kuriems nustatytas 45–55 procentų darbingumo lygis arba lengvas neįgalumo lygis'
2025-02-21 08:05:14 [main] DEBUG l.i.u.p.SubmittedApplicationsPage - Checking option: 'Bedarbiai, kurie yra darbingo amžiaus neįgalieji, kuriems nustatytas 45–55 procentų darbingumo lygis arba lengvas neįgalumo lygis'
2025-02-21 08:05:14 [main] DEBUG l.i.u.p.SubmittedApplicationsPage - Checking option: 'Bedarbiai, kurie yra darbingo amžiaus neįgalieji, kuriems nustatytas iki 25 procentų darbingumo lygis arba sunkus neįgalumo lygis'
2025-02-21 08:05:15 [main] INFO  l.i.u.p.SubmittedApplicationsPage - Successfully selected the value: 'Bedarbiai, kurie yra darbingo amžiaus neįgalieji, kuriems nustatytas iki 25 procentų darbingumo lygis arba sunkus neįgalumo lygis'
2025-02-21 08:05:15 [main] INFO  l.i.u.p.SubmittedApplicationsPage - Attempting to close the dropdown.
2025-02-21 08:05:25 [main] INFO  l.i.u.p.SubmittedApplicationsPage - Dropdown should be closed now.
2025-02-21 08:05:25 [main] DEBUG l.i.u.t.SubmittedApplicationsPageTest - Selected disabilities type: 'Bedarbiai, kurie yra darbingo amžiaus neįgalieji, kuriems nustatytas iki 25 procentų darbingumo lygis arba sunkus neįgalumo lygis'.
2025-02-21 08:05:25 [main] DEBUG l.i.u.t.SubmittedApplicationsPageTest - Entered disability information: 'Negalia 1'.
2025-02-21 08:05:25 [main] INFO  l.i.u.p.SubmittedApplicationsPage - Located the dropdown button.
2025-02-21 08:05:26 [main] INFO  l.i.u.p.SubmittedApplicationsPage - Successfully selected the value: 'Kita'
2025-02-21 08:05:36 [main] ERROR l.i.u.p.SubmittedApplicationsPage - Timeout while waiting for dropdown to close with aria-expanded = 'false'.
2025-02-21 08:05:36 [main] DEBUG l.i.u.t.SubmittedApplicationsPageTest - Selected time mode: 'Kita'.
2025-02-21 08:05:36 [main] DEBUG l.i.u.t.SubmittedApplicationsPageTest - Selected time mode other: '6 val. per dieną ir 4 d. per savaitę'.
2025-02-21 08:05:36 [main] DEBUG l.i.u.t.SubmittedApplicationsPageTest - Entered qualification: 'Kvalifikacija 1'.
2025-02-21 08:05:37 [main] DEBUG l.i.u.t.SubmittedApplicationsPageTest - Entered job date.
2025-02-21 08:05:37 [main] DEBUG l.i.u.t.SubmittedApplicationsPageTest - Entered salary amount: '1200'.
2025-02-21 08:05:37 [main] DEBUG l.i.u.t.SubmittedApplicationsPageTest - Selected 'Temporary Job' radio button.
2025-02-21 08:05:37 [main] DEBUG l.i.u.t.SubmittedApplicationsPageTest - Selected 'Season Job' radio button.
2025-02-21 08:05:37 [main] DEBUG l.i.u.t.SubmittedApplicationsPageTest - Selected 'Energy' radio button.
2025-02-21 08:05:37 [main] DEBUG l.i.u.t.SubmittedApplicationsPageTest - Selected 'Repair' radio button.
2025-02-21 08:05:37 [main] DEBUG l.i.u.t.SubmittedApplicationsPageTest - Entered job description: 'Veikla 1'.
2025-02-21 08:05:38 [main] DEBUG l.i.u.t.SubmittedApplicationsPageTest - Entered process description: 'Procesas 1'.
2025-02-21 08:05:38 [main] DEBUG l.i.u.t.SubmittedApplicationsPageTest - Entered energy information: 'Energija 1'.
2025-02-21 08:05:38 [main] DEBUG l.i.u.t.SubmittedApplicationsPageTest - Entered repair information: 'Remontas 1'.
2025-02-21 08:05:38 [main] DEBUG l.i.u.t.SubmittedApplicationsPageTest - Selected 'PVM' radio button.
2025-02-21 08:05:38 [main] INFO  l.i.u.p.SubmittedApplicationsPage - Located the dropdown button.
2025-02-21 08:05:39 [main] INFO  l.i.u.p.SubmittedApplicationsPage - Successfully selected the value: 'Įsigyti'
2025-02-21 08:05:59 [main] ERROR l.i.u.p.SubmittedApplicationsPage - Timeout while waiting for dropdown to close with aria-expanded = 'false'.
2025-02-21 08:05:59 [main] DEBUG l.i.u.t.SubmittedApplicationsPageTest - Selected necessary for job: 'Įsigyti'.
2025-02-21 08:05:59 [main] DEBUG l.i.u.t.SubmittedApplicationsPageTest - Selected tool: 'Darbo priemonė 1'.
2025-02-21 08:05:59 [main] DEBUG l.i.u.t.SubmittedApplicationsPageTest - Selected tool parameter one: 'Darbo priemonės 1 parametras 1'.
2025-02-21 08:05:59 [main] DEBUG l.i.u.t.SubmittedApplicationsPageTest - Selected tool parameter two: 'Darbo priemonės 1 parametras 2'.
2025-02-21 08:06:00 [main] DEBUG l.i.u.t.SubmittedApplicationsPageTest - Selected tool parameter three: 'Darbo priemonės 1 parametras 3'.
2025-02-21 08:06:00 [main] DEBUG l.i.u.t.SubmittedApplicationsPageTest - Entered tool count: '1'.
2025-02-21 08:06:00 [main] DEBUG l.i.u.t.SubmittedApplicationsPageTest - Entered price amount 1: '1000'.
2025-02-21 08:06:00 [main] DEBUG l.i.u.t.SubmittedApplicationsPageTest - Entered own funds amount 1: '800'.
2025-02-21 08:06:00 [main] DEBUG l.i.u.t.SubmittedApplicationsPageTest - Clicked 'Add' button.
2025-02-21 08:06:00 [main] INFO  l.i.u.p.SubmittedApplicationsPage - Located the dropdown button.
2025-02-21 08:06:01 [main] INFO  l.i.u.p.SubmittedApplicationsPage - Successfully selected the value: 'Remontuoti'
2025-02-21 08:06:21 [main] ERROR l.i.u.p.SubmittedApplicationsPage - Timeout while waiting for dropdown to close with aria-expanded = 'false'.
2025-02-21 08:06:21 [main] DEBUG l.i.u.t.SubmittedApplicationsPageTest - Selected necessary for job 'to repair': 'Remontuoti'.
2025-02-21 08:06:21 [main] DEBUG l.i.u.t.SubmittedApplicationsPageTest - Selected repair name: 'Remonto pavadinimas 1'.
2025-02-21 08:06:21 [main] DEBUG l.i.u.t.SubmittedApplicationsPageTest - Entered repair information: 'Remonto aprašymas 1'.
2025-02-21 08:06:21 [main] DEBUG l.i.u.t.SubmittedApplicationsPageTest - Entered price amount 2: '1000'.
2025-02-21 08:06:22 [main] DEBUG l.i.u.t.SubmittedApplicationsPageTest - Entered own funds amount 2: '900'.
2025-02-21 08:06:22 [main] DEBUG l.i.u.t.SubmittedApplicationsPageTest - Entered country percentage: '50'.
2025-02-21 08:06:22 [main] DEBUG l.i.u.t.SubmittedApplicationsPageTest - Entered institution percentage: '50'.
2025-02-21 08:06:22 [main] DEBUG l.i.u.t.SubmittedApplicationsPageTest - Entered municipality percentage: '50'.
2025-02-21 08:06:22 [main] DEBUG l.i.u.t.SubmittedApplicationsPageTest - Selected 'De Minimis' radio button.
2025-02-21 08:06:22 [main] DEBUG l.i.u.t.SubmittedApplicationsPageTest - Entered program name: 'Programa 1'.
2025-02-21 08:06:22 [main] DEBUG l.i.u.t.SubmittedApplicationsPageTest - Entered project date from.
2025-02-21 08:06:23 [main] DEBUG l.i.u.t.SubmittedApplicationsPageTest - Entered project date until.
2025-02-21 08:06:23 [main] DEBUG l.i.u.t.SubmittedApplicationsPageTest - Entered support amount: '2000'.
2025-02-21 08:06:23 [main] DEBUG l.i.u.t.SubmittedApplicationsPageTest - Clicked 'Next' button.
2025-02-21 08:06:33 [main] DEBUG l.i.u.t.SubmittedApplicationsPageTest - Checked 'Legal Entities' checkbox 1.
2025-02-21 08:06:43 [main] DEBUG l.i.u.t.SubmittedApplicationsPageTest - Checked 'Legal Entities' checkbox 2.
2025-02-21 08:06:53 [main] DEBUG l.i.u.t.SubmittedApplicationsPageTest - Checked 'Legal Entities' checkbox 3.
2025-02-21 08:06:53 [main] DEBUG l.i.u.t.SubmittedApplicationsPageTest - Test finished: All 'Legal Entities' checkboxes checked successfully.
2025-02-21 08:06:53 [main] DEBUG l.i.u.t.SubmittedApplicationsPageTest - Clicked 'Next' button after checkboxes.
2025-02-21 08:07:04 [main] ERROR l.i.u.p.SubmittedApplicationsPage - Error selecting radio button: Expected condition failed: waiting for element to be clickable: By.xpath: (//input[@type='radio' and @value='false'])[8] (tried for 10 second(s) with 500 milliseconds interval)
Build info: version: '4.27.0', revision: 'd6e718d134'
System info: os.name: 'Windows 11', os.arch: 'amd64', os.version: '10.0', java.version: '21.0.3'
Driver info: org.openqa.selenium.chrome.ChromeDriver
Capabilities {acceptInsecureCerts: false, browserName: chrome, browserVersion: 133.0.6943.127, chrome: {chromedriverVersion: 133.0.6943.126 (cffa127ce7b..., userDataDir: C:\Users\INGRID~1.ZAD\AppDa...}, fedcm:accounts: true, goog:chromeOptions: {debuggerAddress: localhost:65509}, networkConnectionEnabled: false, pageLoadStrategy: normal, platformName: windows, proxy: Proxy(), se:cdp: ws://localhost:65509/devtoo..., se:cdpVersion: 133.0.6943.127, setWindowRect: true, strictFileInteractability: false, timeouts: {implicit: 0, pageLoad: 300000, script: 30000}, unhandledPromptBehavior: dismiss and notify, webauthn:extension:credBlob: true, webauthn:extension:largeBlob: true, webauthn:extension:minPinLength: true, webauthn:extension:prf: true, webauthn:virtualAuthenticators: true}
Session ID: edb7fe51718016a9ff45f409554dfd93
2025-02-21 08:07:04 [main] INFO  l.i.u.t.SubmittedApplicationsPageTest - Marking 'Ne' radio button 1
2025-02-21 08:07:14 [main] ERROR l.i.u.p.SubmittedApplicationsPage - Error selecting radio button: Expected condition failed: waiting for element to be clickable: By.xpath: (//input[@type='radio' and @value='false'])[9] (tried for 10 second(s) with 500 milliseconds interval)
Build info: version: '4.27.0', revision: 'd6e718d134'
System info: os.name: 'Windows 11', os.arch: 'amd64', os.version: '10.0', java.version: '21.0.3'
Driver info: org.openqa.selenium.chrome.ChromeDriver
Capabilities {acceptInsecureCerts: false, browserName: chrome, browserVersion: 133.0.6943.127, chrome: {chromedriverVersion: 133.0.6943.126 (cffa127ce7b..., userDataDir: C:\Users\INGRID~1.ZAD\AppDa...}, fedcm:accounts: true, goog:chromeOptions: {debuggerAddress: localhost:65509}, networkConnectionEnabled: false, pageLoadStrategy: normal, platformName: windows, proxy: Proxy(), se:cdp: ws://localhost:65509/devtoo..., se:cdpVersion: 133.0.6943.127, setWindowRect: true, strictFileInteractability: false, timeouts: {implicit: 0, pageLoad: 300000, script: 30000}, unhandledPromptBehavior: dismiss and notify, webauthn:extension:credBlob: true, webauthn:extension:largeBlob: true, webauthn:extension:minPinLength: true, webauthn:extension:prf: true, webauthn:virtualAuthenticators: true}
Session ID: edb7fe51718016a9ff45f409554dfd93
2025-02-21 08:07:14 [main] INFO  l.i.u.t.SubmittedApplicationsPageTest - Marking 'Ne' radio button 2
2025-02-21 08:07:24 [main] ERROR l.i.u.p.SubmittedApplicationsPage - Error selecting radio button: Expected condition failed: waiting for element to be clickable: By.xpath: (//input[@type='radio' and @value='false'])[10] (tried for 10 second(s) with 500 milliseconds interval)
Build info: version: '4.27.0', revision: 'd6e718d134'
System info: os.name: 'Windows 11', os.arch: 'amd64', os.version: '10.0', java.version: '21.0.3'
Driver info: org.openqa.selenium.chrome.ChromeDriver
Capabilities {acceptInsecureCerts: false, browserName: chrome, browserVersion: 133.0.6943.127, chrome: {chromedriverVersion: 133.0.6943.126 (cffa127ce7b..., userDataDir: C:\Users\INGRID~1.ZAD\AppDa...}, fedcm:accounts: true, goog:chromeOptions: {debuggerAddress: localhost:65509}, networkConnectionEnabled: false, pageLoadStrategy: normal, platformName: windows, proxy: Proxy(), se:cdp: ws://localhost:65509/devtoo..., se:cdpVersion: 133.0.6943.127, setWindowRect: true, strictFileInteractability: false, timeouts: {implicit: 0, pageLoad: 300000, script: 30000}, unhandledPromptBehavior: dismiss and notify, webauthn:extension:credBlob: true, webauthn:extension:largeBlob: true, webauthn:extension:minPinLength: true, webauthn:extension:prf: true, webauthn:virtualAuthenticators: true}
Session ID: edb7fe51718016a9ff45f409554dfd93
2025-02-21 08:07:24 [main] INFO  l.i.u.t.SubmittedApplicationsPageTest - Marking 'Ne' radio button 3
2025-02-21 08:07:34 [main] ERROR l.i.u.p.SubmittedApplicationsPage - Error selecting radio button: Expected condition failed: waiting for element to be clickable: By.xpath: (//input[@type='radio' and @value='false'])[11] (tried for 10 second(s) with 500 milliseconds interval)
Build info: version: '4.27.0', revision: 'd6e718d134'
System info: os.name: 'Windows 11', os.arch: 'amd64', os.version: '10.0', java.version: '21.0.3'
Driver info: org.openqa.selenium.chrome.ChromeDriver
Capabilities {acceptInsecureCerts: false, browserName: chrome, browserVersion: 133.0.6943.127, chrome: {chromedriverVersion: 133.0.6943.126 (cffa127ce7b..., userDataDir: C:\Users\INGRID~1.ZAD\AppDa...}, fedcm:accounts: true, goog:chromeOptions: {debuggerAddress: localhost:65509}, networkConnectionEnabled: false, pageLoadStrategy: normal, platformName: windows, proxy: Proxy(), se:cdp: ws://localhost:65509/devtoo..., se:cdpVersion: 133.0.6943.127, setWindowRect: true, strictFileInteractability: false, timeouts: {implicit: 0, pageLoad: 300000, script: 30000}, unhandledPromptBehavior: dismiss and notify, webauthn:extension:credBlob: true, webauthn:extension:largeBlob: true, webauthn:extension:minPinLength: true, webauthn:extension:prf: true, webauthn:virtualAuthenticators: true}
Session ID: edb7fe51718016a9ff45f409554dfd93
2025-02-21 08:07:34 [main] INFO  l.i.u.t.SubmittedApplicationsPageTest - Marking 'Ne' radio button 4
2025-02-21 08:07:44 [main] ERROR l.i.u.p.SubmittedApplicationsPage - Error selecting radio button: Expected condition failed: waiting for element to be clickable: By.xpath: (//input[@type='radio' and @value='false'])[12] (tried for 10 second(s) with 500 milliseconds interval)
Build info: version: '4.27.0', revision: 'd6e718d134'
System info: os.name: 'Windows 11', os.arch: 'amd64', os.version: '10.0', java.version: '21.0.3'
Driver info: org.openqa.selenium.chrome.ChromeDriver
Capabilities {acceptInsecureCerts: false, browserName: chrome, browserVersion: 133.0.6943.127, chrome: {chromedriverVersion: 133.0.6943.126 (cffa127ce7b..., userDataDir: C:\Users\INGRID~1.ZAD\AppDa...}, fedcm:accounts: true, goog:chromeOptions: {debuggerAddress: localhost:65509}, networkConnectionEnabled: false, pageLoadStrategy: normal, platformName: windows, proxy: Proxy(), se:cdp: ws://localhost:65509/devtoo..., se:cdpVersion: 133.0.6943.127, setWindowRect: true, strictFileInteractability: false, timeouts: {implicit: 0, pageLoad: 300000, script: 30000}, unhandledPromptBehavior: dismiss and notify, webauthn:extension:credBlob: true, webauthn:extension:largeBlob: true, webauthn:extension:minPinLength: true, webauthn:extension:prf: true, webauthn:virtualAuthenticators: true}
Session ID: edb7fe51718016a9ff45f409554dfd93
2025-02-21 08:07:44 [main] INFO  l.i.u.t.SubmittedApplicationsPageTest - Marking 'Ne' radio button 5
2025-02-21 08:07:54 [main] ERROR l.i.u.p.SubmittedApplicationsPage - Error selecting radio button: Expected condition failed: waiting for element to be clickable: By.xpath: (//input[@type='radio' and @value='false'])[13] (tried for 10 second(s) with 500 milliseconds interval)
Build info: version: '4.27.0', revision: 'd6e718d134'
System info: os.name: 'Windows 11', os.arch: 'amd64', os.version: '10.0', java.version: '21.0.3'
Driver info: org.openqa.selenium.chrome.ChromeDriver
Capabilities {acceptInsecureCerts: false, browserName: chrome, browserVersion: 133.0.6943.127, chrome: {chromedriverVersion: 133.0.6943.126 (cffa127ce7b..., userDataDir: C:\Users\INGRID~1.ZAD\AppDa...}, fedcm:accounts: true, goog:chromeOptions: {debuggerAddress: localhost:65509}, networkConnectionEnabled: false, pageLoadStrategy: normal, platformName: windows, proxy: Proxy(), se:cdp: ws://localhost:65509/devtoo..., se:cdpVersion: 133.0.6943.127, setWindowRect: true, strictFileInteractability: false, timeouts: {implicit: 0, pageLoad: 300000, script: 30000}, unhandledPromptBehavior: dismiss and notify, webauthn:extension:credBlob: true, webauthn:extension:largeBlob: true, webauthn:extension:minPinLength: true, webauthn:extension:prf: true, webauthn:virtualAuthenticators: true}
Session ID: edb7fe51718016a9ff45f409554dfd93
2025-02-21 08:07:54 [main] INFO  l.i.u.t.SubmittedApplicationsPageTest - Marking 'Ne' radio button 6
2025-02-21 08:08:04 [main] ERROR l.i.u.p.SubmittedApplicationsPage - Error selecting radio button: Expected condition failed: waiting for element to be clickable: By.xpath: (//input[@type='radio' and @value='true'])[14] (tried for 10 second(s) with 500 milliseconds interval)
Build info: version: '4.27.0', revision: 'd6e718d134'
System info: os.name: 'Windows 11', os.arch: 'amd64', os.version: '10.0', java.version: '21.0.3'
Driver info: org.openqa.selenium.chrome.ChromeDriver
Capabilities {acceptInsecureCerts: false, browserName: chrome, browserVersion: 133.0.6943.127, chrome: {chromedriverVersion: 133.0.6943.126 (cffa127ce7b..., userDataDir: C:\Users\INGRID~1.ZAD\AppDa...}, fedcm:accounts: true, goog:chromeOptions: {debuggerAddress: localhost:65509}, networkConnectionEnabled: false, pageLoadStrategy: normal, platformName: windows, proxy: Proxy(), se:cdp: ws://localhost:65509/devtoo..., se:cdpVersion: 133.0.6943.127, setWindowRect: true, strictFileInteractability: false, timeouts: {implicit: 0, pageLoad: 300000, script: 30000}, unhandledPromptBehavior: dismiss and notify, webauthn:extension:credBlob: true, webauthn:extension:largeBlob: true, webauthn:extension:minPinLength: true, webauthn:extension:prf: true, webauthn:virtualAuthenticators: true}
Session ID: edb7fe51718016a9ff45f409554dfd93
2025-02-21 08:08:04 [main] INFO  l.i.u.t.SubmittedApplicationsPageTest - Marking 'Taip' radio button 7
2025-02-21 08:08:14 [main] ERROR l.i.u.p.SubmittedApplicationsPage - Error selecting radio button: Expected condition failed: waiting for element to be clickable: By.xpath: (//input[@type='radio' and @value='true'])[15] (tried for 10 second(s) with 500 milliseconds interval)
Build info: version: '4.27.0', revision: 'd6e718d134'
System info: os.name: 'Windows 11', os.arch: 'amd64', os.version: '10.0', java.version: '21.0.3'
Driver info: org.openqa.selenium.chrome.ChromeDriver
Capabilities {acceptInsecureCerts: false, browserName: chrome, browserVersion: 133.0.6943.127, chrome: {chromedriverVersion: 133.0.6943.126 (cffa127ce7b..., userDataDir: C:\Users\INGRID~1.ZAD\AppDa...}, fedcm:accounts: true, goog:chromeOptions: {debuggerAddress: localhost:65509}, networkConnectionEnabled: false, pageLoadStrategy: normal, platformName: windows, proxy: Proxy(), se:cdp: ws://localhost:65509/devtoo..., se:cdpVersion: 133.0.6943.127, setWindowRect: true, strictFileInteractability: false, timeouts: {implicit: 0, pageLoad: 300000, script: 30000}, unhandledPromptBehavior: dismiss and notify, webauthn:extension:credBlob: true, webauthn:extension:largeBlob: true, webauthn:extension:minPinLength: true, webauthn:extension:prf: true, webauthn:virtualAuthenticators: true}
Session ID: edb7fe51718016a9ff45f409554dfd93
2025-02-21 08:08:14 [main] INFO  l.i.u.t.SubmittedApplicationsPageTest - Marking 'Taip' radio button 8
2025-02-21 08:08:24 [main] ERROR l.i.u.p.SubmittedApplicationsPage - Error selecting radio button: Expected condition failed: waiting for element to be clickable: By.xpath: (//input[@type='radio' and @value='true'])[16] (tried for 10 second(s) with 500 milliseconds interval)
Build info: version: '4.27.0', revision: 'd6e718d134'
System info: os.name: 'Windows 11', os.arch: 'amd64', os.version: '10.0', java.version: '21.0.3'
Driver info: org.openqa.selenium.chrome.ChromeDriver
Capabilities {acceptInsecureCerts: false, browserName: chrome, browserVersion: 133.0.6943.127, chrome: {chromedriverVersion: 133.0.6943.126 (cffa127ce7b..., userDataDir: C:\Users\INGRID~1.ZAD\AppDa...}, fedcm:accounts: true, goog:chromeOptions: {debuggerAddress: localhost:65509}, networkConnectionEnabled: false, pageLoadStrategy: normal, platformName: windows, proxy: Proxy(), se:cdp: ws://localhost:65509/devtoo..., se:cdpVersion: 133.0.6943.127, setWindowRect: true, strictFileInteractability: false, timeouts: {implicit: 0, pageLoad: 300000, script: 30000}, unhandledPromptBehavior: dismiss and notify, webauthn:extension:credBlob: true, webauthn:extension:largeBlob: true, webauthn:extension:minPinLength: true, webauthn:extension:prf: true, webauthn:virtualAuthenticators: true}
Session ID: edb7fe51718016a9ff45f409554dfd93
2025-02-21 08:08:24 [main] INFO  l.i.u.t.SubmittedApplicationsPageTest - Marking 'Taip' radio button 9
2025-02-21 08:08:34 [main] ERROR l.i.u.p.SubmittedApplicationsPage - Error selecting radio button: Expected condition failed: waiting for element to be clickable: By.xpath: (//input[@type='radio' and @value='true'])[17] (tried for 10 second(s) with 500 milliseconds interval)
Build info: version: '4.27.0', revision: 'd6e718d134'
System info: os.name: 'Windows 11', os.arch: 'amd64', os.version: '10.0', java.version: '21.0.3'
Driver info: org.openqa.selenium.chrome.ChromeDriver
Capabilities {acceptInsecureCerts: false, browserName: chrome, browserVersion: 133.0.6943.127, chrome: {chromedriverVersion: 133.0.6943.126 (cffa127ce7b..., userDataDir: C:\Users\INGRID~1.ZAD\AppDa...}, fedcm:accounts: true, goog:chromeOptions: {debuggerAddress: localhost:65509}, networkConnectionEnabled: false, pageLoadStrategy: normal, platformName: windows, proxy: Proxy(), se:cdp: ws://localhost:65509/devtoo..., se:cdpVersion: 133.0.6943.127, setWindowRect: true, strictFileInteractability: false, timeouts: {implicit: 0, pageLoad: 300000, script: 30000}, unhandledPromptBehavior: dismiss and notify, webauthn:extension:credBlob: true, webauthn:extension:largeBlob: true, webauthn:extension:minPinLength: true, webauthn:extension:prf: true, webauthn:virtualAuthenticators: true}
Session ID: edb7fe51718016a9ff45f409554dfd93
2025-02-21 08:08:34 [main] INFO  l.i.u.t.SubmittedApplicationsPageTest - Marking 'Taip' radio button 10
2025-02-21 08:08:44 [main] ERROR l.i.u.p.SubmittedApplicationsPage - Error selecting radio button: Expected condition failed: waiting for element to be clickable: By.xpath: (//input[@type='radio' and @value='true'])[18] (tried for 10 second(s) with 500 milliseconds interval)
Build info: version: '4.27.0', revision: 'd6e718d134'
System info: os.name: 'Windows 11', os.arch: 'amd64', os.version: '10.0', java.version: '21.0.3'
Driver info: org.openqa.selenium.chrome.ChromeDriver
Capabilities {acceptInsecureCerts: false, browserName: chrome, browserVersion: 133.0.6943.127, chrome: {chromedriverVersion: 133.0.6943.126 (cffa127ce7b..., userDataDir: C:\Users\INGRID~1.ZAD\AppDa...}, fedcm:accounts: true, goog:chromeOptions: {debuggerAddress: localhost:65509}, networkConnectionEnabled: false, pageLoadStrategy: normal, platformName: windows, proxy: Proxy(), se:cdp: ws://localhost:65509/devtoo..., se:cdpVersion: 133.0.6943.127, setWindowRect: true, strictFileInteractability: false, timeouts: {implicit: 0, pageLoad: 300000, script: 30000}, unhandledPromptBehavior: dismiss and notify, webauthn:extension:credBlob: true, webauthn:extension:largeBlob: true, webauthn:extension:minPinLength: true, webauthn:extension:prf: true, webauthn:virtualAuthenticators: true}
Session ID: edb7fe51718016a9ff45f409554dfd93
2025-02-21 08:08:45 [main] INFO  l.i.u.t.SubmittedApplicationsPageTest - Marking 'Taip' radio button 11
2025-02-21 08:08:55 [main] ERROR l.i.u.p.SubmittedApplicationsPage - Error selecting radio button: Expected condition failed: waiting for element to be clickable: By.xpath: (//input[@type='radio' and @value='true'])[19] (tried for 10 second(s) with 500 milliseconds interval)
Build info: version: '4.27.0', revision: 'd6e718d134'
System info: os.name: 'Windows 11', os.arch: 'amd64', os.version: '10.0', java.version: '21.0.3'
Driver info: org.openqa.selenium.chrome.ChromeDriver
Capabilities {acceptInsecureCerts: false, browserName: chrome, browserVersion: 133.0.6943.127, chrome: {chromedriverVersion: 133.0.6943.126 (cffa127ce7b..., userDataDir: C:\Users\INGRID~1.ZAD\AppDa...}, fedcm:accounts: true, goog:chromeOptions: {debuggerAddress: localhost:65509}, networkConnectionEnabled: false, pageLoadStrategy: normal, platformName: windows, proxy: Proxy(), se:cdp: ws://localhost:65509/devtoo..., se:cdpVersion: 133.0.6943.127, setWindowRect: true, strictFileInteractability: false, timeouts: {implicit: 0, pageLoad: 300000, script: 30000}, unhandledPromptBehavior: dismiss and notify, webauthn:extension:credBlob: true, webauthn:extension:largeBlob: true, webauthn:extension:minPinLength: true, webauthn:extension:prf: true, webauthn:virtualAuthenticators: true}
Session ID: edb7fe51718016a9ff45f409554dfd93
2025-02-21 08:08:55 [main] INFO  l.i.u.t.SubmittedApplicationsPageTest - Marking 'Taip' radio button 12
2025-02-21 08:09:05 [main] DEBUG l.i.u.t.SubmittedApplicationsPageTest - Checked 'ConfirmationStepFour'
2025-02-21 08:09:05 [main] DEBUG l.i.u.t.SubmittedApplicationsPageTest - Clicked 'Next' button after checkboxes.
2025-02-21 08:09:05 [main] INFO  l.i.u.p.SubmittedApplicationsPage - File uploaded successfully to an input element.
2025-02-21 08:09:05 [main] INFO  l.i.u.p.SubmittedApplicationsPage - File uploaded successfully to an input element.
2025-02-21 08:09:05 [main] INFO  l.i.u.p.SubmittedApplicationsPage - File uploaded successfully to an input element.
2025-02-21 08:09:05 [main] INFO  l.i.u.p.SubmittedApplicationsPage - File uploaded successfully to an input element.
2025-02-21 08:09:05 [main] INFO  l.i.u.p.SubmittedApplicationsPage - File uploaded successfully to an input element.
2025-02-21 08:09:05 [main] INFO  l.i.u.p.SubmittedApplicationsPage - File uploaded successfully to an input element.
2025-02-21 08:09:05 [main] INFO  l.i.u.p.SubmittedApplicationsPage - File uploaded successfully to an input element.
2025-02-21 08:09:05 [main] INFO  l.i.u.p.SubmittedApplicationsPage - File uploaded successfully to an input element.
2025-02-21 08:09:05 [main] INFO  l.i.u.p.SubmittedApplicationsPage - File uploaded successfully to an input element.
2025-02-21 08:09:06 [main] INFO  l.i.u.p.SubmittedApplicationsPage - File uploaded successfully to an input element.
2025-02-21 08:09:06 [main] DEBUG l.i.u.t.SubmittedApplicationsPageTest - Entered program name: 'Dokumentas 1'.
2025-02-21 08:09:06 [main] DEBUG l.i.u.t.SubmittedApplicationsPageTest - Entered program name: 'Dokumentas 2'.
2025-02-21 08:09:06 [main] DEBUG l.i.u.t.SubmittedApplicationsPageTest - Entered program name: 'Dokumentas 3'.
2025-02-21 08:09:06 [main] DEBUG l.i.u.t.SubmittedApplicationsPageTest - Entered program name: 'Dokumentas 4'.
2025-02-21 08:09:06 [main] DEBUG l.i.u.t.SubmittedApplicationsPageTest - Entered program name: 'Dokumentas 5'.
2025-02-21 08:09:06 [main] DEBUG l.i.u.t.SubmittedApplicationsPageTest - Entered program name: 'Dokumentas 6'.
2025-02-21 08:09:07 [main] DEBUG l.i.u.t.SubmittedApplicationsPageTest - Entered program name: 'Dokumentas 4'.
2025-02-21 08:09:07 [main] DEBUG l.i.u.t.SubmittedApplicationsPageTest - Entered program name: 'Dokumentas 8'.
2025-02-21 08:09:07 [main] DEBUG l.i.u.t.SubmittedApplicationsPageTest - Entered program name: 'Dokumentas 9'.
2025-02-21 08:09:07 [main] DEBUG l.i.u.t.SubmittedApplicationsPageTest - Entered program name: 'Dokumentas 10'.
2025-02-21 08:09:17 [main] DEBUG l.i.u.t.SubmittedApplicationsPageTest - Checked 'ConfirmationDocument'
2025-02-21 08:09:27 [main] DEBUG l.i.u.t.SubmittedApplicationsPageTest - Checked 'ConfirmationApplication'
2025-02-21 08:09:27 [main] DEBUG l.i.u.t.SubmittedApplicationsPageTest - Clicked 'SaveDraft' button after checkboxes.
2025-02-21 08:09:28 [main] DEBUG l.insoft.uztis.pages.InvitationsPage - Verified success message: 'Ruošinys sėkmingai išsaugotas.'
2025-02-21 08:09:28 [main] DEBUG l.i.u.t.SubmittedApplicationsPageTest - Clicked 'Review' button after checkboxes.
2025-02-21 08:09:28 [main] INFO  l.i.u.t.SubmittedApplicationsPageTest - Test 'testFillNewVUIApplicationFA' completed successfully.
2025-02-21 08:19:13 [main] INFO  lt.insoft.uztis.tests.UztisPageTest - Navigated to https://uztisdev.asseco.lt/home
2025-02-21 08:19:13 [main] INFO  l.i.u.t.SubmittedApplicationsPageTest - Starting test:'testAddEvaluators'
2025-02-21 08:19:13 [main] DEBUG l.i.u.t.SubmittedApplicationsPageTest - User logged in with test credentials.
2025-02-21 08:19:14 [main] DEBUG l.i.u.t.SubmittedApplicationsPageTest - Opened 'Application Processing' menu.
2025-02-21 08:19:14 [main] DEBUG l.i.u.t.SubmittedApplicationsPageTest - Clicked on 'Application Forms' menu.
2025-02-21 08:19:14 [main] DEBUG l.i.u.t.SubmittedApplicationsPageTest - Retrieved last description code text: 'TST-VUI-96'.
2025-02-21 08:19:14 [main] DEBUG l.i.u.t.SubmittedApplicationsPageTest - Clicked on 'Invitation' menu.
2025-02-21 08:19:15 [main] DEBUG l.i.u.t.SubmittedApplicationsPageTest - Selected application section by code: 'TST-VUI-96'.
2025-02-21 08:19:15 [main] DEBUG l.i.u.t.SubmittedApplicationsPageTest - Clicked 'Search' button.
2025-02-21 08:19:15 [main] DEBUG l.i.u.t.SubmittedApplicationsPageTest - Retrieved invitation code: ''.
2025-02-21 08:19:15 [main] DEBUG l.i.u.t.SubmittedApplicationsPageTest - Clicked on 'Submitted Applications' menu.
2025-02-21 08:19:17 [main] DEBUG l.i.u.t.SubmittedApplicationsPageTest - Selected invitation by code: 'TST-VUI-96'.
2025-02-21 08:19:17 [main] DEBUG l.i.u.t.SubmittedApplicationsPageTest - Invitation code inserted.
2025-02-21 08:19:17 [main] DEBUG l.i.u.t.SubmittedApplicationsPageTest - Clicked on 'Action Application' button.
2025-02-21 08:19:17 [main] DEBUG l.i.u.t.SubmittedApplicationsPageTest - Clicked on 'Add Evaluators' button.
2025-02-21 08:19:17 [main] DEBUG l.i.u.t.SubmittedApplicationsPageTest - Entered first evaluation date.
2025-02-21 08:19:17 [main] DEBUG l.i.u.t.SubmittedApplicationsPageTest - Entered second evaluation date.
2025-02-21 08:19:18 [main] DEBUG l.i.u.t.SubmittedApplicationsPageTest - Entered third evaluation date.
2025-02-21 08:19:18 [main] DEBUG l.i.u.t.SubmittedApplicationsPageTest - Clicked on 'Add Evaluators' confirmation button.
2025-02-21 08:19:18 [main] DEBUG l.insoft.uztis.pages.InvitationsPage - Verified success message: 'Paraiškų vertinimai sėkmingai priskirti vertintojams.'
2025-02-21 08:19:18 [main] INFO  l.i.u.t.SubmittedApplicationsPageTest - Test 'testAddEvaluators' completed successfully.
2025-02-21 09:09:59 [main] INFO  lt.insoft.uztis.tests.UztisPageTest - Navigated to https://uztisdev.asseco.lt/home
2025-02-21 09:09:59 [main] INFO  l.i.u.t.SubmittedApplicationsPageTest - Starting test:'testFillNewVUIPApplicationFA'
2025-02-21 09:10:00 [main] DEBUG l.i.u.t.SubmittedApplicationsPageTest - User logged in with test credentials.
2025-02-21 09:10:00 [main] DEBUG l.i.u.t.SubmittedApplicationsPageTest - Opened 'Application Processing' menu.
2025-02-21 09:10:00 [main] DEBUG l.i.u.t.SubmittedApplicationsPageTest - Clicked on 'Application Forms' menu.
2025-02-21 09:10:01 [main] DEBUG l.i.u.t.SubmittedApplicationsPageTest - Retrieved last description code text: 'TST-VUI-96'.
2025-02-21 09:10:01 [main] DEBUG l.i.u.t.SubmittedApplicationsPageTest - Clicked on 'Invitation' menu.
2025-02-21 09:10:02 [main] DEBUG l.i.u.t.SubmittedApplicationsPageTest - Selected application section by code: 'TST-VUI-96'.
2025-02-21 09:10:02 [main] DEBUG l.i.u.t.SubmittedApplicationsPageTest - Clicked 'Search' button.
2025-02-21 09:10:02 [main] DEBUG l.i.u.t.SubmittedApplicationsPageTest - Retrieved invitation code: ''.
2025-02-21 09:10:02 [main] DEBUG l.i.u.t.SubmittedApplicationsPageTest - Clicked on 'Submitted Applications' menu.
2025-02-21 09:10:03 [main] DEBUG l.i.u.t.SubmittedApplicationsPageTest - Selected invitation by code: 'TST-VUI-96'.
2025-02-21 09:10:03 [main] DEBUG l.i.u.t.SubmittedApplicationsPageTest - Invitation code inserted.
2025-02-21 09:10:03 [main] DEBUG l.i.u.t.SubmittedApplicationsPageTest - Clicked on 'Action Application' button.
2025-02-21 09:10:04 [main] DEBUG l.i.u.t.SubmittedApplicationsPageTest - Clicked on 'New Application' button.
2025-02-21 09:10:04 [main] DEBUG l.i.u.t.SubmittedApplicationsPageTest - Selected the 'RadioButtonFA' option.
2025-02-21 09:10:04 [main] DEBUG l.i.u.t.SubmittedApplicationsPageTest - Entered phone number: '61298745'.
2025-02-21 09:10:04 [main] DEBUG l.i.u.t.SubmittedApplicationsPageTest - Entered email: 'test@autotest.com'.
2025-02-21 09:10:04 [main] INFO  l.i.u.p.SubmittedApplicationsPage - Clicking on the dropdown button.
2025-02-21 09:10:21 [main] INFO  l.i.u.p.SubmittedApplicationsPage - Found 1741 options in the dropdown.
2025-02-21 09:10:21 [main] DEBUG l.i.u.p.SubmittedApplicationsPage - Checking option: ''
2025-02-21 09:10:21 [main] DEBUG l.i.u.p.SubmittedApplicationsPage - Checking option: '01.11 - Grūdinių (išskyrus ryžius), ankštinių ir aliejingų sėklų augalų auginimas'
2025-02-21 09:10:21 [main] INFO  l.i.u.p.SubmittedApplicationsPage - Successfully selected the value: '01.11 - Grūdinių (išskyrus ryžius), ankštinių ir aliejingų sėklų augalų auginimas'
2025-02-21 09:10:21 [main] INFO  l.i.u.p.SubmittedApplicationsPage - Attempting to close the dropdown.
2025-02-21 09:10:32 [main] INFO  l.i.u.p.SubmittedApplicationsPage - Dropdown should be closed now.
2025-02-21 09:10:32 [main] DEBUG l.i.u.t.SubmittedApplicationsPageTest - Selected EVRK value: '01.11 - Grūdinių (išskyrus ryžius), ankštinių ir aliejingų sėklų augalų auginimas'.
2025-02-21 09:10:32 [main] DEBUG l.i.u.t.SubmittedApplicationsPageTest - Entered address: 'Vilniaus m. sav., Vilnius, Testo g. 10T'.
2025-02-21 09:10:32 [main] DEBUG l.i.u.t.SubmittedApplicationsPageTest - Entered project date.
2025-02-21 09:10:32 [main] DEBUG l.i.u.t.SubmittedApplicationsPageTest - Entered job count: '1'.
2025-02-21 09:10:33 [main] DEBUG l.i.u.t.SubmittedApplicationsPageTest - Clicked 'Next' button.
2025-02-21 09:10:33 [main] INFO  l.i.u.p.SubmittedApplicationsPage - Located the dropdown button.
2025-02-21 09:10:34 [main] INFO  l.i.u.p.SubmittedApplicationsPage - Successfully selected the value: 'Administratoriai'
2025-02-21 09:11:04 [main] ERROR l.i.u.p.SubmittedApplicationsPage - Timeout while waiting for dropdown to close with aria-expanded = 'false'.
2025-02-21 09:11:04 [main] DEBUG l.i.u.t.SubmittedApplicationsPageTest - Selected job name: 'Administratoriai'.
2025-02-21 09:11:05 [main] DEBUG l.i.u.t.SubmittedApplicationsPageTest - Entered job function: 'Funkcija 1'.
2025-02-21 09:11:05 [main] DEBUG l.i.u.t.SubmittedApplicationsPageTest - Selected 'RadioButtonWithDisabilities' option.
2025-02-21 09:11:05 [main] INFO  l.i.u.p.SubmittedApplicationsPage - Clicking on the dropdown button.
2025-02-21 09:11:06 [main] INFO  l.i.u.p.SubmittedApplicationsPage - Found 34 options in the dropdown.
2025-02-21 09:11:06 [main] DEBUG l.i.u.p.SubmittedApplicationsPage - Checking option: 'Asmenys, kuriems suteiktas pabėgėlio statusas ar perkeliamojo asmens statusas, arba asmenys, kuriems suteikta papildoma ar laikinoji apsauga, ir asmenys, turintys teisę gauti laikinąją apsaugą, iki sprendimo dėl laikinosios apsaugos suteikimo (nesuteikimo) priėmimo, tačiau ne ilgiau kaip laikinosios apsaugos laikotarpiu'
2025-02-21 09:11:06 [main] DEBUG l.i.u.p.SubmittedApplicationsPage - Checking option: 'Asmenys, kuriems suteiktas pabėgėlio statusas ar perkeliamojo asmens statusas, arba asmenys, kuriems suteikta papildoma ar laikinoji apsauga, ir asmenys, turintys teisę gauti laikinąją apsaugą, iki sprendimo dėl laikinosios apsaugos suteikimo (nesuteikimo) priėmimo, tačiau ne ilgiau kaip laikinosios apsaugos laikotarpiu'
2025-02-21 09:11:06 [main] DEBUG l.i.u.p.SubmittedApplicationsPage - Checking option: 'Asmenys, turintys teisę į papildomas užimtumo garantijas pagal Lietuvos Respublikos valstybės įmonės Ignalinos atominės elektrinės darbuotojų papildomų užimtumo ir socialinių garantijų įstatymą'
2025-02-21 09:11:06 [main] DEBUG l.i.u.p.SubmittedApplicationsPage - Checking option: 'Asmenys, turintys teisę į papildomas užimtumo garantijas pagal Lietuvos Respublikos valstybės įmonės Ignalinos atominės elektrinės darbuotojų papildomų užimtumo ir socialinių garantijų įstatymą'
2025-02-21 09:11:06 [main] DEBUG l.i.u.p.SubmittedApplicationsPage - Checking option: 'Bedarbiai iki 29 metų'
2025-02-21 09:11:06 [main] DEBUG l.i.u.p.SubmittedApplicationsPage - Checking option: 'Bedarbiai iki 29 metų'
2025-02-21 09:11:06 [main] DEBUG l.i.u.p.SubmittedApplicationsPage - Checking option: 'Bedarbiai, kurie yra darbingo amžiaus neįgalieji, kuriems nustatytas 30–40 procentų darbingumo lygis arba vidutinis neįgalumo lygis'
2025-02-21 09:11:06 [main] DEBUG l.i.u.p.SubmittedApplicationsPage - Checking option: 'Bedarbiai, kurie yra darbingo amžiaus neįgalieji, kuriems nustatytas 30–40 procentų darbingumo lygis arba vidutinis neįgalumo lygis'
2025-02-21 09:11:06 [main] DEBUG l.i.u.p.SubmittedApplicationsPage - Checking option: 'Bedarbiai, kurie yra darbingo amžiaus neįgalieji, kuriems nustatytas 45–55 procentų darbingumo lygis arba lengvas neįgalumo lygis'
2025-02-21 09:11:06 [main] DEBUG l.i.u.p.SubmittedApplicationsPage - Checking option: 'Bedarbiai, kurie yra darbingo amžiaus neįgalieji, kuriems nustatytas 45–55 procentų darbingumo lygis arba lengvas neįgalumo lygis'
2025-02-21 09:11:06 [main] DEBUG l.i.u.p.SubmittedApplicationsPage - Checking option: 'Bedarbiai, kurie yra darbingo amžiaus neįgalieji, kuriems nustatytas iki 25 procentų darbingumo lygis arba sunkus neįgalumo lygis'
2025-02-21 09:11:06 [main] INFO  l.i.u.p.SubmittedApplicationsPage - Successfully selected the value: 'Bedarbiai, kurie yra darbingo amžiaus neįgalieji, kuriems nustatytas iki 25 procentų darbingumo lygis arba sunkus neįgalumo lygis'
2025-02-21 09:11:06 [main] INFO  l.i.u.p.SubmittedApplicationsPage - Attempting to close the dropdown.
2025-02-21 09:11:16 [main] INFO  l.i.u.p.SubmittedApplicationsPage - Dropdown should be closed now.
2025-02-21 09:11:16 [main] DEBUG l.i.u.t.SubmittedApplicationsPageTest - Selected disabilities type: 'Bedarbiai, kurie yra darbingo amžiaus neįgalieji, kuriems nustatytas iki 25 procentų darbingumo lygis arba sunkus neįgalumo lygis'.
2025-02-21 09:11:16 [main] DEBUG l.i.u.t.SubmittedApplicationsPageTest - Entered disability information: 'Negalia 1'.
2025-02-21 09:11:16 [main] INFO  l.i.u.p.SubmittedApplicationsPage - Located the dropdown button.
2025-02-21 09:11:17 [main] INFO  l.i.u.p.SubmittedApplicationsPage - Successfully selected the value: 'Kita'
2025-02-21 09:11:27 [main] ERROR l.i.u.p.SubmittedApplicationsPage - Timeout while waiting for dropdown to close with aria-expanded = 'false'.
2025-02-21 09:11:27 [main] DEBUG l.i.u.t.SubmittedApplicationsPageTest - Selected time mode: 'Kita'.
2025-02-21 09:11:27 [main] DEBUG l.i.u.t.SubmittedApplicationsPageTest - Selected time mode other: '6 val. per dieną ir 4 d. per savaitę'.
2025-02-21 09:11:27 [main] DEBUG l.i.u.t.SubmittedApplicationsPageTest - Entered qualification: 'Kvalifikacija 1'.
2025-02-21 09:11:27 [main] DEBUG l.i.u.t.SubmittedApplicationsPageTest - Entered job date.
2025-02-21 09:11:28 [main] DEBUG l.i.u.t.SubmittedApplicationsPageTest - Entered salary amount: '1200'.
2025-02-21 09:11:28 [main] DEBUG l.i.u.t.SubmittedApplicationsPageTest - Selected 'Temporary Job' radio button.
2025-02-21 09:11:28 [main] DEBUG l.i.u.t.SubmittedApplicationsPageTest - Selected 'Season Job' radio button.
2025-02-21 09:11:28 [main] DEBUG l.i.u.t.SubmittedApplicationsPageTest - Selected 'Energy' radio button.
2025-02-21 09:11:28 [main] DEBUG l.i.u.t.SubmittedApplicationsPageTest - Selected 'Repair' radio button.
2025-02-21 09:11:28 [main] DEBUG l.i.u.t.SubmittedApplicationsPageTest - Entered job description: 'Veikla 1'.
2025-02-21 09:11:28 [main] DEBUG l.i.u.t.SubmittedApplicationsPageTest - Entered process description: 'Procesas 1'.
2025-02-21 09:11:29 [main] DEBUG l.i.u.t.SubmittedApplicationsPageTest - Entered energy information: 'Energija 1'.
2025-02-21 09:11:29 [main] DEBUG l.i.u.t.SubmittedApplicationsPageTest - Entered repair information: 'Remontas 1'.
2025-02-21 09:11:29 [main] DEBUG l.i.u.t.SubmittedApplicationsPageTest - Selected 'PVM' radio button.
2025-02-21 09:11:29 [main] INFO  l.i.u.p.SubmittedApplicationsPage - Located the dropdown button.
2025-02-21 09:11:30 [main] INFO  l.i.u.p.SubmittedApplicationsPage - Successfully selected the value: 'Įsigyti'
2025-02-21 09:11:50 [main] ERROR l.i.u.p.SubmittedApplicationsPage - Timeout while waiting for dropdown to close with aria-expanded = 'false'.
2025-02-21 09:11:50 [main] DEBUG l.i.u.t.SubmittedApplicationsPageTest - Selected necessary for job: 'Įsigyti'.
2025-02-21 09:11:50 [main] DEBUG l.i.u.t.SubmittedApplicationsPageTest - Selected tool: 'Darbo priemonė 1'.
2025-02-21 09:11:50 [main] DEBUG l.i.u.t.SubmittedApplicationsPageTest - Selected tool parameter one: 'Darbo priemonės 1 parametras 1'.
2025-02-21 09:11:50 [main] DEBUG l.i.u.t.SubmittedApplicationsPageTest - Selected tool parameter two: 'Darbo priemonės 1 parametras 2'.
2025-02-21 09:11:51 [main] DEBUG l.i.u.t.SubmittedApplicationsPageTest - Selected tool parameter three: 'Darbo priemonės 1 parametras 3'.
2025-02-21 09:11:51 [main] DEBUG l.i.u.t.SubmittedApplicationsPageTest - Entered tool count: '1'.
2025-02-21 09:11:51 [main] DEBUG l.i.u.t.SubmittedApplicationsPageTest - Entered price amount 1: '1000'.
2025-02-21 09:11:51 [main] DEBUG l.i.u.t.SubmittedApplicationsPageTest - Entered own funds amount 1: '800'.
2025-02-21 09:11:51 [main] DEBUG l.i.u.t.SubmittedApplicationsPageTest - Clicked 'Add' button.
2025-02-21 09:11:51 [main] INFO  l.i.u.p.SubmittedApplicationsPage - Located the dropdown button.
2025-02-21 09:11:51 [main] INFO  l.i.u.p.SubmittedApplicationsPage - Successfully selected the value: 'Remontuoti'
2025-02-21 09:12:11 [main] ERROR l.i.u.p.SubmittedApplicationsPage - Timeout while waiting for dropdown to close with aria-expanded = 'false'.
2025-02-21 09:12:11 [main] DEBUG l.i.u.t.SubmittedApplicationsPageTest - Selected necessary for job 'to repair': 'Remontuoti'.
2025-02-21 09:12:12 [main] DEBUG l.i.u.t.SubmittedApplicationsPageTest - Selected repair name: 'Remonto pavadinimas 1'.
2025-02-21 09:12:12 [main] DEBUG l.i.u.t.SubmittedApplicationsPageTest - Entered repair information: 'Remonto aprašymas 1'.
2025-02-21 09:12:12 [main] DEBUG l.i.u.t.SubmittedApplicationsPageTest - Entered price amount 2: '1000'.
2025-02-21 09:12:12 [main] DEBUG l.i.u.t.SubmittedApplicationsPageTest - Entered own funds amount 2: '900'.
2025-02-21 09:12:12 [main] DEBUG l.i.u.t.SubmittedApplicationsPageTest - Entered country percentage: '50'.
2025-02-21 09:12:13 [main] DEBUG l.i.u.t.SubmittedApplicationsPageTest - Entered institution percentage: '50'.
2025-02-21 09:12:13 [main] DEBUG l.i.u.t.SubmittedApplicationsPageTest - Entered municipality percentage: '50'.
2025-02-21 09:12:13 [main] DEBUG l.i.u.t.SubmittedApplicationsPageTest - Selected 'De Minimis' radio button.
2025-02-21 09:12:13 [main] DEBUG l.i.u.t.SubmittedApplicationsPageTest - Entered program name: 'Programa 1'.
2025-02-21 09:12:13 [main] DEBUG l.i.u.t.SubmittedApplicationsPageTest - Entered project date from.
2025-02-21 09:12:13 [main] DEBUG l.i.u.t.SubmittedApplicationsPageTest - Entered project date until.
2025-02-21 09:12:13 [main] DEBUG l.i.u.t.SubmittedApplicationsPageTest - Entered support amount: '2000'.
2025-02-21 09:12:14 [main] DEBUG l.i.u.t.SubmittedApplicationsPageTest - Clicked 'Next' button.
2025-02-21 09:12:24 [main] DEBUG l.i.u.t.SubmittedApplicationsPageTest - Checked 'Legal Entities' checkbox 1.
2025-02-21 09:12:34 [main] DEBUG l.i.u.t.SubmittedApplicationsPageTest - Checked 'Legal Entities' checkbox 2.
2025-02-21 09:12:44 [main] DEBUG l.i.u.t.SubmittedApplicationsPageTest - Checked 'Legal Entities' checkbox 3.
2025-02-21 09:12:44 [main] DEBUG l.i.u.t.SubmittedApplicationsPageTest - Test finished: All 'Legal Entities' checkboxes checked successfully.
2025-02-21 09:12:44 [main] DEBUG l.i.u.t.SubmittedApplicationsPageTest - Clicked 'Next' button after checkboxes.
2025-02-21 09:12:54 [main] ERROR l.i.u.p.SubmittedApplicationsPage - Error selecting radio button: Expected condition failed: waiting for element to be clickable: By.xpath: (//input[@type='radio' and @value='false'])[8] (tried for 10 second(s) with 500 milliseconds interval)
Build info: version: '4.27.0', revision: 'd6e718d134'
System info: os.name: 'Windows 11', os.arch: 'amd64', os.version: '10.0', java.version: '21.0.3'
Driver info: org.openqa.selenium.chrome.ChromeDriver
Capabilities {acceptInsecureCerts: false, browserName: chrome, browserVersion: 133.0.6943.127, chrome: {chromedriverVersion: 133.0.6943.126 (cffa127ce7b..., userDataDir: C:\Users\INGRID~1.ZAD\AppDa...}, fedcm:accounts: true, goog:chromeOptions: {debuggerAddress: localhost:51523}, networkConnectionEnabled: false, pageLoadStrategy: normal, platformName: windows, proxy: Proxy(), se:cdp: ws://localhost:51523/devtoo..., se:cdpVersion: 133.0.6943.127, setWindowRect: true, strictFileInteractability: false, timeouts: {implicit: 0, pageLoad: 300000, script: 30000}, unhandledPromptBehavior: dismiss and notify, webauthn:extension:credBlob: true, webauthn:extension:largeBlob: true, webauthn:extension:minPinLength: true, webauthn:extension:prf: true, webauthn:virtualAuthenticators: true}
Session ID: ed234a782ac498cf52676492dc65c711
2025-02-21 09:12:54 [main] INFO  l.i.u.t.SubmittedApplicationsPageTest - Marking 'Ne' radio button 1
2025-02-21 09:13:04 [main] ERROR l.i.u.p.SubmittedApplicationsPage - Error selecting radio button: Expected condition failed: waiting for element to be clickable: By.xpath: (//input[@type='radio' and @value='false'])[9] (tried for 10 second(s) with 500 milliseconds interval)
Build info: version: '4.27.0', revision: 'd6e718d134'
System info: os.name: 'Windows 11', os.arch: 'amd64', os.version: '10.0', java.version: '21.0.3'
Driver info: org.openqa.selenium.chrome.ChromeDriver
Capabilities {acceptInsecureCerts: false, browserName: chrome, browserVersion: 133.0.6943.127, chrome: {chromedriverVersion: 133.0.6943.126 (cffa127ce7b..., userDataDir: C:\Users\INGRID~1.ZAD\AppDa...}, fedcm:accounts: true, goog:chromeOptions: {debuggerAddress: localhost:51523}, networkConnectionEnabled: false, pageLoadStrategy: normal, platformName: windows, proxy: Proxy(), se:cdp: ws://localhost:51523/devtoo..., se:cdpVersion: 133.0.6943.127, setWindowRect: true, strictFileInteractability: false, timeouts: {implicit: 0, pageLoad: 300000, script: 30000}, unhandledPromptBehavior: dismiss and notify, webauthn:extension:credBlob: true, webauthn:extension:largeBlob: true, webauthn:extension:minPinLength: true, webauthn:extension:prf: true, webauthn:virtualAuthenticators: true}
Session ID: ed234a782ac498cf52676492dc65c711
2025-02-21 09:13:04 [main] INFO  l.i.u.t.SubmittedApplicationsPageTest - Marking 'Ne' radio button 2
2025-02-21 09:13:14 [main] ERROR l.i.u.p.SubmittedApplicationsPage - Error selecting radio button: Expected condition failed: waiting for element to be clickable: By.xpath: (//input[@type='radio' and @value='false'])[10] (tried for 10 second(s) with 500 milliseconds interval)
Build info: version: '4.27.0', revision: 'd6e718d134'
System info: os.name: 'Windows 11', os.arch: 'amd64', os.version: '10.0', java.version: '21.0.3'
Driver info: org.openqa.selenium.chrome.ChromeDriver
Capabilities {acceptInsecureCerts: false, browserName: chrome, browserVersion: 133.0.6943.127, chrome: {chromedriverVersion: 133.0.6943.126 (cffa127ce7b..., userDataDir: C:\Users\INGRID~1.ZAD\AppDa...}, fedcm:accounts: true, goog:chromeOptions: {debuggerAddress: localhost:51523}, networkConnectionEnabled: false, pageLoadStrategy: normal, platformName: windows, proxy: Proxy(), se:cdp: ws://localhost:51523/devtoo..., se:cdpVersion: 133.0.6943.127, setWindowRect: true, strictFileInteractability: false, timeouts: {implicit: 0, pageLoad: 300000, script: 30000}, unhandledPromptBehavior: dismiss and notify, webauthn:extension:credBlob: true, webauthn:extension:largeBlob: true, webauthn:extension:minPinLength: true, webauthn:extension:prf: true, webauthn:virtualAuthenticators: true}
Session ID: ed234a782ac498cf52676492dc65c711
2025-02-21 09:13:14 [main] INFO  l.i.u.t.SubmittedApplicationsPageTest - Marking 'Ne' radio button 3
2025-02-21 09:13:25 [main] ERROR l.i.u.p.SubmittedApplicationsPage - Error selecting radio button: Expected condition failed: waiting for element to be clickable: By.xpath: (//input[@type='radio' and @value='false'])[11] (tried for 10 second(s) with 500 milliseconds interval)
Build info: version: '4.27.0', revision: 'd6e718d134'
System info: os.name: 'Windows 11', os.arch: 'amd64', os.version: '10.0', java.version: '21.0.3'
Driver info: org.openqa.selenium.chrome.ChromeDriver
Capabilities {acceptInsecureCerts: false, browserName: chrome, browserVersion: 133.0.6943.127, chrome: {chromedriverVersion: 133.0.6943.126 (cffa127ce7b..., userDataDir: C:\Users\INGRID~1.ZAD\AppDa...}, fedcm:accounts: true, goog:chromeOptions: {debuggerAddress: localhost:51523}, networkConnectionEnabled: false, pageLoadStrategy: normal, platformName: windows, proxy: Proxy(), se:cdp: ws://localhost:51523/devtoo..., se:cdpVersion: 133.0.6943.127, setWindowRect: true, strictFileInteractability: false, timeouts: {implicit: 0, pageLoad: 300000, script: 30000}, unhandledPromptBehavior: dismiss and notify, webauthn:extension:credBlob: true, webauthn:extension:largeBlob: true, webauthn:extension:minPinLength: true, webauthn:extension:prf: true, webauthn:virtualAuthenticators: true}
Session ID: ed234a782ac498cf52676492dc65c711
2025-02-21 09:13:25 [main] INFO  l.i.u.t.SubmittedApplicationsPageTest - Marking 'Ne' radio button 4
2025-02-21 09:13:35 [main] ERROR l.i.u.p.SubmittedApplicationsPage - Error selecting radio button: Expected condition failed: waiting for element to be clickable: By.xpath: (//input[@type='radio' and @value='false'])[12] (tried for 10 second(s) with 500 milliseconds interval)
Build info: version: '4.27.0', revision: 'd6e718d134'
System info: os.name: 'Windows 11', os.arch: 'amd64', os.version: '10.0', java.version: '21.0.3'
Driver info: org.openqa.selenium.chrome.ChromeDriver
Capabilities {acceptInsecureCerts: false, browserName: chrome, browserVersion: 133.0.6943.127, chrome: {chromedriverVersion: 133.0.6943.126 (cffa127ce7b..., userDataDir: C:\Users\INGRID~1.ZAD\AppDa...}, fedcm:accounts: true, goog:chromeOptions: {debuggerAddress: localhost:51523}, networkConnectionEnabled: false, pageLoadStrategy: normal, platformName: windows, proxy: Proxy(), se:cdp: ws://localhost:51523/devtoo..., se:cdpVersion: 133.0.6943.127, setWindowRect: true, strictFileInteractability: false, timeouts: {implicit: 0, pageLoad: 300000, script: 30000}, unhandledPromptBehavior: dismiss and notify, webauthn:extension:credBlob: true, webauthn:extension:largeBlob: true, webauthn:extension:minPinLength: true, webauthn:extension:prf: true, webauthn:virtualAuthenticators: true}
Session ID: ed234a782ac498cf52676492dc65c711
2025-02-21 09:13:35 [main] INFO  l.i.u.t.SubmittedApplicationsPageTest - Marking 'Ne' radio button 5
2025-02-21 09:13:45 [main] ERROR l.i.u.p.SubmittedApplicationsPage - Error selecting radio button: Expected condition failed: waiting for element to be clickable: By.xpath: (//input[@type='radio' and @value='false'])[13] (tried for 10 second(s) with 500 milliseconds interval)
Build info: version: '4.27.0', revision: 'd6e718d134'
System info: os.name: 'Windows 11', os.arch: 'amd64', os.version: '10.0', java.version: '21.0.3'
Driver info: org.openqa.selenium.chrome.ChromeDriver
Capabilities {acceptInsecureCerts: false, browserName: chrome, browserVersion: 133.0.6943.127, chrome: {chromedriverVersion: 133.0.6943.126 (cffa127ce7b..., userDataDir: C:\Users\INGRID~1.ZAD\AppDa...}, fedcm:accounts: true, goog:chromeOptions: {debuggerAddress: localhost:51523}, networkConnectionEnabled: false, pageLoadStrategy: normal, platformName: windows, proxy: Proxy(), se:cdp: ws://localhost:51523/devtoo..., se:cdpVersion: 133.0.6943.127, setWindowRect: true, strictFileInteractability: false, timeouts: {implicit: 0, pageLoad: 300000, script: 30000}, unhandledPromptBehavior: dismiss and notify, webauthn:extension:credBlob: true, webauthn:extension:largeBlob: true, webauthn:extension:minPinLength: true, webauthn:extension:prf: true, webauthn:virtualAuthenticators: true}
Session ID: ed234a782ac498cf52676492dc65c711
2025-02-21 09:13:45 [main] INFO  l.i.u.t.SubmittedApplicationsPageTest - Marking 'Ne' radio button 6
2025-02-21 09:13:55 [main] ERROR l.i.u.p.SubmittedApplicationsPage - Error selecting radio button: Expected condition failed: waiting for element to be clickable: By.xpath: (//input[@type='radio' and @value='true'])[14] (tried for 10 second(s) with 500 milliseconds interval)
Build info: version: '4.27.0', revision: 'd6e718d134'
System info: os.name: 'Windows 11', os.arch: 'amd64', os.version: '10.0', java.version: '21.0.3'
Driver info: org.openqa.selenium.chrome.ChromeDriver
Capabilities {acceptInsecureCerts: false, browserName: chrome, browserVersion: 133.0.6943.127, chrome: {chromedriverVersion: 133.0.6943.126 (cffa127ce7b..., userDataDir: C:\Users\INGRID~1.ZAD\AppDa...}, fedcm:accounts: true, goog:chromeOptions: {debuggerAddress: localhost:51523}, networkConnectionEnabled: false, pageLoadStrategy: normal, platformName: windows, proxy: Proxy(), se:cdp: ws://localhost:51523/devtoo..., se:cdpVersion: 133.0.6943.127, setWindowRect: true, strictFileInteractability: false, timeouts: {implicit: 0, pageLoad: 300000, script: 30000}, unhandledPromptBehavior: dismiss and notify, webauthn:extension:credBlob: true, webauthn:extension:largeBlob: true, webauthn:extension:minPinLength: true, webauthn:extension:prf: true, webauthn:virtualAuthenticators: true}
Session ID: ed234a782ac498cf52676492dc65c711
2025-02-21 09:13:55 [main] INFO  l.i.u.t.SubmittedApplicationsPageTest - Marking 'Taip' radio button 7
2025-02-21 09:14:05 [main] ERROR l.i.u.p.SubmittedApplicationsPage - Error selecting radio button: Expected condition failed: waiting for element to be clickable: By.xpath: (//input[@type='radio' and @value='true'])[15] (tried for 10 second(s) with 500 milliseconds interval)
Build info: version: '4.27.0', revision: 'd6e718d134'
System info: os.name: 'Windows 11', os.arch: 'amd64', os.version: '10.0', java.version: '21.0.3'
Driver info: org.openqa.selenium.chrome.ChromeDriver
Capabilities {acceptInsecureCerts: false, browserName: chrome, browserVersion: 133.0.6943.127, chrome: {chromedriverVersion: 133.0.6943.126 (cffa127ce7b..., userDataDir: C:\Users\INGRID~1.ZAD\AppDa...}, fedcm:accounts: true, goog:chromeOptions: {debuggerAddress: localhost:51523}, networkConnectionEnabled: false, pageLoadStrategy: normal, platformName: windows, proxy: Proxy(), se:cdp: ws://localhost:51523/devtoo..., se:cdpVersion: 133.0.6943.127, setWindowRect: true, strictFileInteractability: false, timeouts: {implicit: 0, pageLoad: 300000, script: 30000}, unhandledPromptBehavior: dismiss and notify, webauthn:extension:credBlob: true, webauthn:extension:largeBlob: true, webauthn:extension:minPinLength: true, webauthn:extension:prf: true, webauthn:virtualAuthenticators: true}
Session ID: ed234a782ac498cf52676492dc65c711
2025-02-21 09:14:05 [main] INFO  l.i.u.t.SubmittedApplicationsPageTest - Marking 'Taip' radio button 8
2025-02-21 09:14:15 [main] ERROR l.i.u.p.SubmittedApplicationsPage - Error selecting radio button: Expected condition failed: waiting for element to be clickable: By.xpath: (//input[@type='radio' and @value='true'])[16] (tried for 10 second(s) with 500 milliseconds interval)
Build info: version: '4.27.0', revision: 'd6e718d134'
System info: os.name: 'Windows 11', os.arch: 'amd64', os.version: '10.0', java.version: '21.0.3'
Driver info: org.openqa.selenium.chrome.ChromeDriver
Capabilities {acceptInsecureCerts: false, browserName: chrome, browserVersion: 133.0.6943.127, chrome: {chromedriverVersion: 133.0.6943.126 (cffa127ce7b..., userDataDir: C:\Users\INGRID~1.ZAD\AppDa...}, fedcm:accounts: true, goog:chromeOptions: {debuggerAddress: localhost:51523}, networkConnectionEnabled: false, pageLoadStrategy: normal, platformName: windows, proxy: Proxy(), se:cdp: ws://localhost:51523/devtoo..., se:cdpVersion: 133.0.6943.127, setWindowRect: true, strictFileInteractability: false, timeouts: {implicit: 0, pageLoad: 300000, script: 30000}, unhandledPromptBehavior: dismiss and notify, webauthn:extension:credBlob: true, webauthn:extension:largeBlob: true, webauthn:extension:minPinLength: true, webauthn:extension:prf: true, webauthn:virtualAuthenticators: true}
Session ID: ed234a782ac498cf52676492dc65c711
2025-02-21 09:14:15 [main] INFO  l.i.u.t.SubmittedApplicationsPageTest - Marking 'Taip' radio button 9
2025-02-21 09:14:25 [main] ERROR l.i.u.p.SubmittedApplicationsPage - Error selecting radio button: Expected condition failed: waiting for element to be clickable: By.xpath: (//input[@type='radio' and @value='true'])[17] (tried for 10 second(s) with 500 milliseconds interval)
Build info: version: '4.27.0', revision: 'd6e718d134'
System info: os.name: 'Windows 11', os.arch: 'amd64', os.version: '10.0', java.version: '21.0.3'
Driver info: org.openqa.selenium.chrome.ChromeDriver
Capabilities {acceptInsecureCerts: false, browserName: chrome, browserVersion: 133.0.6943.127, chrome: {chromedriverVersion: 133.0.6943.126 (cffa127ce7b..., userDataDir: C:\Users\INGRID~1.ZAD\AppDa...}, fedcm:accounts: true, goog:chromeOptions: {debuggerAddress: localhost:51523}, networkConnectionEnabled: false, pageLoadStrategy: normal, platformName: windows, proxy: Proxy(), se:cdp: ws://localhost:51523/devtoo..., se:cdpVersion: 133.0.6943.127, setWindowRect: true, strictFileInteractability: false, timeouts: {implicit: 0, pageLoad: 300000, script: 30000}, unhandledPromptBehavior: dismiss and notify, webauthn:extension:credBlob: true, webauthn:extension:largeBlob: true, webauthn:extension:minPinLength: true, webauthn:extension:prf: true, webauthn:virtualAuthenticators: true}
Session ID: ed234a782ac498cf52676492dc65c711
2025-02-21 09:14:25 [main] INFO  l.i.u.t.SubmittedApplicationsPageTest - Marking 'Taip' radio button 10
2025-02-21 09:14:35 [main] ERROR l.i.u.p.SubmittedApplicationsPage - Error selecting radio button: Expected condition failed: waiting for element to be clickable: By.xpath: (//input[@type='radio' and @value='true'])[18] (tried for 10 second(s) with 500 milliseconds interval)
Build info: version: '4.27.0', revision: 'd6e718d134'
System info: os.name: 'Windows 11', os.arch: 'amd64', os.version: '10.0', java.version: '21.0.3'
Driver info: org.openqa.selenium.chrome.ChromeDriver
Capabilities {acceptInsecureCerts: false, browserName: chrome, browserVersion: 133.0.6943.127, chrome: {chromedriverVersion: 133.0.6943.126 (cffa127ce7b..., userDataDir: C:\Users\INGRID~1.ZAD\AppDa...}, fedcm:accounts: true, goog:chromeOptions: {debuggerAddress: localhost:51523}, networkConnectionEnabled: false, pageLoadStrategy: normal, platformName: windows, proxy: Proxy(), se:cdp: ws://localhost:51523/devtoo..., se:cdpVersion: 133.0.6943.127, setWindowRect: true, strictFileInteractability: false, timeouts: {implicit: 0, pageLoad: 300000, script: 30000}, unhandledPromptBehavior: dismiss and notify, webauthn:extension:credBlob: true, webauthn:extension:largeBlob: true, webauthn:extension:minPinLength: true, webauthn:extension:prf: true, webauthn:virtualAuthenticators: true}
Session ID: ed234a782ac498cf52676492dc65c711
2025-02-21 09:14:35 [main] INFO  l.i.u.t.SubmittedApplicationsPageTest - Marking 'Taip' radio button 11
2025-02-21 09:14:45 [main] ERROR l.i.u.p.SubmittedApplicationsPage - Error selecting radio button: Expected condition failed: waiting for element to be clickable: By.xpath: (//input[@type='radio' and @value='true'])[19] (tried for 10 second(s) with 500 milliseconds interval)
Build info: version: '4.27.0', revision: 'd6e718d134'
System info: os.name: 'Windows 11', os.arch: 'amd64', os.version: '10.0', java.version: '21.0.3'
Driver info: org.openqa.selenium.chrome.ChromeDriver
Capabilities {acceptInsecureCerts: false, browserName: chrome, browserVersion: 133.0.6943.127, chrome: {chromedriverVersion: 133.0.6943.126 (cffa127ce7b..., userDataDir: C:\Users\INGRID~1.ZAD\AppDa...}, fedcm:accounts: true, goog:chromeOptions: {debuggerAddress: localhost:51523}, networkConnectionEnabled: false, pageLoadStrategy: normal, platformName: windows, proxy: Proxy(), se:cdp: ws://localhost:51523/devtoo..., se:cdpVersion: 133.0.6943.127, setWindowRect: true, strictFileInteractability: false, timeouts: {implicit: 0, pageLoad: 300000, script: 30000}, unhandledPromptBehavior: dismiss and notify, webauthn:extension:credBlob: true, webauthn:extension:largeBlob: true, webauthn:extension:minPinLength: true, webauthn:extension:prf: true, webauthn:virtualAuthenticators: true}
Session ID: ed234a782ac498cf52676492dc65c711
2025-02-21 09:14:45 [main] INFO  l.i.u.t.SubmittedApplicationsPageTest - Marking 'Taip' radio button 12
2025-02-21 09:14:55 [main] DEBUG l.i.u.t.SubmittedApplicationsPageTest - Checked 'ConfirmationStepFour'
2025-02-21 09:14:56 [main] DEBUG l.i.u.t.SubmittedApplicationsPageTest - Clicked 'Next' button after checkboxes.
2025-02-21 09:14:56 [main] INFO  l.i.u.p.SubmittedApplicationsPage - File uploaded successfully to an input element.
2025-02-21 09:14:56 [main] INFO  l.i.u.p.SubmittedApplicationsPage - File uploaded successfully to an input element.
2025-02-21 09:14:56 [main] INFO  l.i.u.p.SubmittedApplicationsPage - File uploaded successfully to an input element.
2025-02-21 09:14:56 [main] INFO  l.i.u.p.SubmittedApplicationsPage - File uploaded successfully to an input element.
2025-02-21 09:14:56 [main] INFO  l.i.u.p.SubmittedApplicationsPage - File uploaded successfully to an input element.
2025-02-21 09:14:56 [main] INFO  l.i.u.p.SubmittedApplicationsPage - File uploaded successfully to an input element.
2025-02-21 09:14:56 [main] INFO  l.i.u.p.SubmittedApplicationsPage - File uploaded successfully to an input element.
2025-02-21 09:14:56 [main] INFO  l.i.u.p.SubmittedApplicationsPage - File uploaded successfully to an input element.
2025-02-21 09:14:56 [main] INFO  l.i.u.p.SubmittedApplicationsPage - File uploaded successfully to an input element.
2025-02-21 09:14:56 [main] INFO  l.i.u.p.SubmittedApplicationsPage - File uploaded successfully to an input element.
2025-02-21 09:14:56 [main] DEBUG l.i.u.t.SubmittedApplicationsPageTest - Entered program name: 'Dokumentas 1'.
2025-02-21 09:14:57 [main] DEBUG l.i.u.t.SubmittedApplicationsPageTest - Entered program name: 'Dokumentas 2'.
2025-02-21 09:14:57 [main] DEBUG l.i.u.t.SubmittedApplicationsPageTest - Entered program name: 'Dokumentas 3'.
2025-02-21 09:14:57 [main] DEBUG l.i.u.t.SubmittedApplicationsPageTest - Entered program name: 'Dokumentas 4'.
2025-02-21 09:14:57 [main] DEBUG l.i.u.t.SubmittedApplicationsPageTest - Entered program name: 'Dokumentas 5'.
2025-02-21 09:14:57 [main] DEBUG l.i.u.t.SubmittedApplicationsPageTest - Entered program name: 'Dokumentas 6'.
2025-02-21 09:14:57 [main] DEBUG l.i.u.t.SubmittedApplicationsPageTest - Entered program name: 'Dokumentas 4'.
2025-02-21 09:14:58 [main] DEBUG l.i.u.t.SubmittedApplicationsPageTest - Entered program name: 'Dokumentas 8'.
2025-02-21 09:14:58 [main] DEBUG l.i.u.t.SubmittedApplicationsPageTest - Entered program name: 'Dokumentas 9'.
2025-02-21 09:14:58 [main] DEBUG l.i.u.t.SubmittedApplicationsPageTest - Entered program name: 'Dokumentas 10'.
2025-02-21 09:15:08 [main] DEBUG l.i.u.t.SubmittedApplicationsPageTest - Checked 'ConfirmationDocument'
2025-02-21 09:15:18 [main] DEBUG l.i.u.t.SubmittedApplicationsPageTest - Checked 'ConfirmationApplication'
2025-02-21 09:15:18 [main] DEBUG l.i.u.t.SubmittedApplicationsPageTest - Clicked 'SaveDraft' button after checkboxes.
2025-02-21 09:15:18 [main] DEBUG l.insoft.uztis.pages.InvitationsPage - Verified success message: 'Ruošinys sėkmingai išsaugotas.'
2025-02-21 09:15:18 [main] DEBUG l.i.u.t.SubmittedApplicationsPageTest - Clicked 'Review' button after checkboxes.
2025-02-21 09:15:18 [main] INFO  l.i.u.t.SubmittedApplicationsPageTest - Test 'testFillNewVUIApplicationFA' completed successfully.
2025-02-24 08:32:15 [main] INFO  lt.insoft.uztis.tests.UztisPageTest - Navigated to https://uztisdev.asseco.lt/home
2025-02-24 08:32:15 [main] INFO  l.i.u.t.SubmittedApplicationsPageTest - Starting test:'testFillNewVUIPApplicationFA'
2025-02-24 08:32:16 [main] DEBUG l.i.u.t.SubmittedApplicationsPageTest - User logged in with test credentials.
2025-02-24 08:32:16 [main] DEBUG l.i.u.t.SubmittedApplicationsPageTest - Opened 'Application Processing' menu.
2025-02-24 08:32:16 [main] DEBUG l.i.u.t.SubmittedApplicationsPageTest - Clicked on 'Application Forms' menu.
2025-02-24 08:32:17 [main] DEBUG l.i.u.t.SubmittedApplicationsPageTest - Retrieved last description code text: 'TST-VUI-96'.
2025-02-24 08:32:17 [main] DEBUG l.i.u.t.SubmittedApplicationsPageTest - Clicked on 'Invitation' menu.
2025-02-24 08:32:18 [main] DEBUG l.i.u.t.SubmittedApplicationsPageTest - Selected application section by code: 'TST-VUI-96'.
2025-02-24 08:32:18 [main] DEBUG l.i.u.t.SubmittedApplicationsPageTest - Clicked 'Search' button.
2025-02-24 08:32:18 [main] DEBUG l.i.u.t.SubmittedApplicationsPageTest - Retrieved invitation code: ''.
2025-02-24 08:32:18 [main] DEBUG l.i.u.t.SubmittedApplicationsPageTest - Clicked on 'Submitted Applications' menu.
2025-02-24 08:32:19 [main] DEBUG l.i.u.t.SubmittedApplicationsPageTest - Selected invitation by code: 'TST-VUI-96'.
2025-02-24 08:32:19 [main] DEBUG l.i.u.t.SubmittedApplicationsPageTest - Invitation code inserted.
2025-02-24 08:32:19 [main] DEBUG l.i.u.t.SubmittedApplicationsPageTest - Clicked on 'Action Application' button.
2025-02-24 08:32:20 [main] DEBUG l.i.u.t.SubmittedApplicationsPageTest - Clicked on 'New Application' button.
2025-02-24 08:32:20 [main] DEBUG l.i.u.t.SubmittedApplicationsPageTest - Selected the 'RadioButtonFA' option.
2025-02-24 08:32:20 [main] DEBUG l.i.u.t.SubmittedApplicationsPageTest - Entered phone number: '61298745'.
2025-02-24 08:32:20 [main] DEBUG l.i.u.t.SubmittedApplicationsPageTest - Entered email: 'test@autotest.com'.
2025-02-24 08:32:20 [main] INFO  l.i.u.p.SubmittedApplicationsPage - Clicking on the dropdown button.
2025-02-24 08:32:38 [main] INFO  l.i.u.p.SubmittedApplicationsPage - Found 1741 options in the dropdown.
2025-02-24 08:32:38 [main] DEBUG l.i.u.p.SubmittedApplicationsPage - Checking option: ''
2025-02-24 08:32:38 [main] DEBUG l.i.u.p.SubmittedApplicationsPage - Checking option: '01.11 - Grūdinių (išskyrus ryžius), ankštinių ir aliejingų sėklų augalų auginimas'
2025-02-24 08:32:38 [main] INFO  l.i.u.p.SubmittedApplicationsPage - Successfully selected the value: '01.11 - Grūdinių (išskyrus ryžius), ankštinių ir aliejingų sėklų augalų auginimas'
2025-02-24 08:32:38 [main] INFO  l.i.u.p.SubmittedApplicationsPage - Attempting to close the dropdown.
2025-02-24 08:32:49 [main] INFO  l.i.u.p.SubmittedApplicationsPage - Dropdown should be closed now.
2025-02-24 08:32:49 [main] DEBUG l.i.u.t.SubmittedApplicationsPageTest - Selected EVRK value: '01.11 - Grūdinių (išskyrus ryžius), ankštinių ir aliejingų sėklų augalų auginimas'.
2025-02-24 08:32:49 [main] DEBUG l.i.u.t.SubmittedApplicationsPageTest - Entered address: 'Vilniaus m. sav., Vilnius, Testo g. 10T'.
2025-02-24 08:32:49 [main] DEBUG l.i.u.t.SubmittedApplicationsPageTest - Entered project date.
2025-02-24 08:32:49 [main] DEBUG l.i.u.t.SubmittedApplicationsPageTest - Entered job count: '1'.
2025-02-24 08:32:50 [main] DEBUG l.i.u.t.SubmittedApplicationsPageTest - Clicked 'Next' button.
2025-02-24 08:32:50 [main] INFO  l.i.u.p.SubmittedApplicationsPage - Located the dropdown button.
2025-02-24 08:32:51 [main] INFO  l.i.u.p.SubmittedApplicationsPage - Successfully selected the value: 'Administratoriai'
2025-02-24 08:33:21 [main] ERROR l.i.u.p.SubmittedApplicationsPage - Timeout while waiting for dropdown to close with aria-expanded = 'false'.
2025-02-24 08:33:21 [main] DEBUG l.i.u.t.SubmittedApplicationsPageTest - Selected job name: 'Administratoriai'.
2025-02-24 08:33:21 [main] DEBUG l.i.u.t.SubmittedApplicationsPageTest - Entered job function: 'Funkcija 1'.
2025-02-24 08:33:21 [main] DEBUG l.i.u.t.SubmittedApplicationsPageTest - Selected 'RadioButtonWithDisabilities' option.
2025-02-24 08:33:21 [main] INFO  l.i.u.p.SubmittedApplicationsPage - Clicking on the dropdown button.
2025-02-24 08:33:22 [main] INFO  l.i.u.p.SubmittedApplicationsPage - Found 34 options in the dropdown.
2025-02-24 08:33:22 [main] DEBUG l.i.u.p.SubmittedApplicationsPage - Checking option: 'Asmenys, kuriems suteiktas pabėgėlio statusas ar perkeliamojo asmens statusas, arba asmenys, kuriems suteikta papildoma ar laikinoji apsauga, ir asmenys, turintys teisę gauti laikinąją apsaugą, iki sprendimo dėl laikinosios apsaugos suteikimo (nesuteikimo) priėmimo, tačiau ne ilgiau kaip laikinosios apsaugos laikotarpiu'
2025-02-24 08:33:22 [main] DEBUG l.i.u.p.SubmittedApplicationsPage - Checking option: 'Asmenys, kuriems suteiktas pabėgėlio statusas ar perkeliamojo asmens statusas, arba asmenys, kuriems suteikta papildoma ar laikinoji apsauga, ir asmenys, turintys teisę gauti laikinąją apsaugą, iki sprendimo dėl laikinosios apsaugos suteikimo (nesuteikimo) priėmimo, tačiau ne ilgiau kaip laikinosios apsaugos laikotarpiu'
2025-02-24 08:33:22 [main] DEBUG l.i.u.p.SubmittedApplicationsPage - Checking option: 'Asmenys, turintys teisę į papildomas užimtumo garantijas pagal Lietuvos Respublikos valstybės įmonės Ignalinos atominės elektrinės darbuotojų papildomų užimtumo ir socialinių garantijų įstatymą'
2025-02-24 08:33:22 [main] DEBUG l.i.u.p.SubmittedApplicationsPage - Checking option: 'Asmenys, turintys teisę į papildomas užimtumo garantijas pagal Lietuvos Respublikos valstybės įmonės Ignalinos atominės elektrinės darbuotojų papildomų užimtumo ir socialinių garantijų įstatymą'
2025-02-24 08:33:22 [main] DEBUG l.i.u.p.SubmittedApplicationsPage - Checking option: 'Bedarbiai iki 29 metų'
2025-02-24 08:33:22 [main] DEBUG l.i.u.p.SubmittedApplicationsPage - Checking option: 'Bedarbiai iki 29 metų'
2025-02-24 08:33:22 [main] DEBUG l.i.u.p.SubmittedApplicationsPage - Checking option: 'Bedarbiai, kurie yra darbingo amžiaus neįgalieji, kuriems nustatytas 30–40 procentų darbingumo lygis arba vidutinis neįgalumo lygis'
2025-02-24 08:33:22 [main] DEBUG l.i.u.p.SubmittedApplicationsPage - Checking option: 'Bedarbiai, kurie yra darbingo amžiaus neįgalieji, kuriems nustatytas 30–40 procentų darbingumo lygis arba vidutinis neįgalumo lygis'
2025-02-24 08:33:22 [main] DEBUG l.i.u.p.SubmittedApplicationsPage - Checking option: 'Bedarbiai, kurie yra darbingo amžiaus neįgalieji, kuriems nustatytas 45–55 procentų darbingumo lygis arba lengvas neįgalumo lygis'
2025-02-24 08:33:22 [main] DEBUG l.i.u.p.SubmittedApplicationsPage - Checking option: 'Bedarbiai, kurie yra darbingo amžiaus neįgalieji, kuriems nustatytas 45–55 procentų darbingumo lygis arba lengvas neįgalumo lygis'
2025-02-24 08:33:22 [main] DEBUG l.i.u.p.SubmittedApplicationsPage - Checking option: 'Bedarbiai, kurie yra darbingo amžiaus neįgalieji, kuriems nustatytas iki 25 procentų darbingumo lygis arba sunkus neįgalumo lygis'
2025-02-24 08:33:22 [main] INFO  l.i.u.p.SubmittedApplicationsPage - Successfully selected the value: 'Bedarbiai, kurie yra darbingo amžiaus neįgalieji, kuriems nustatytas iki 25 procentų darbingumo lygis arba sunkus neįgalumo lygis'
2025-02-24 08:33:22 [main] INFO  l.i.u.p.SubmittedApplicationsPage - Attempting to close the dropdown.
2025-02-24 08:33:33 [main] INFO  l.i.u.p.SubmittedApplicationsPage - Dropdown should be closed now.
2025-02-24 08:33:33 [main] DEBUG l.i.u.t.SubmittedApplicationsPageTest - Selected disabilities type: 'Bedarbiai, kurie yra darbingo amžiaus neįgalieji, kuriems nustatytas iki 25 procentų darbingumo lygis arba sunkus neįgalumo lygis'.
2025-02-24 08:33:33 [main] DEBUG l.i.u.t.SubmittedApplicationsPageTest - Entered disability information: 'Negalia 1'.
2025-02-24 08:33:33 [main] INFO  l.i.u.p.SubmittedApplicationsPage - Located the dropdown button.
2025-02-24 08:33:34 [main] INFO  l.i.u.p.SubmittedApplicationsPage - Successfully selected the value: 'Kita'
2025-02-24 08:33:44 [main] ERROR l.i.u.p.SubmittedApplicationsPage - Timeout while waiting for dropdown to close with aria-expanded = 'false'.
2025-02-24 08:33:44 [main] DEBUG l.i.u.t.SubmittedApplicationsPageTest - Selected time mode: 'Kita'.
2025-02-24 08:33:44 [main] DEBUG l.i.u.t.SubmittedApplicationsPageTest - Selected time mode other: '6 val. per dieną ir 4 d. per savaitę'.
2025-02-24 08:33:44 [main] DEBUG l.i.u.t.SubmittedApplicationsPageTest - Entered qualification: 'Kvalifikacija 1'.
2025-02-24 08:33:45 [main] DEBUG l.i.u.t.SubmittedApplicationsPageTest - Entered job date.
2025-02-24 08:33:45 [main] DEBUG l.i.u.t.SubmittedApplicationsPageTest - Entered salary amount: '1200'.
2025-02-24 08:33:45 [main] DEBUG l.i.u.t.SubmittedApplicationsPageTest - Selected 'Temporary Job' radio button.
2025-02-24 08:33:45 [main] DEBUG l.i.u.t.SubmittedApplicationsPageTest - Selected 'Season Job' radio button.
2025-02-24 08:33:45 [main] DEBUG l.i.u.t.SubmittedApplicationsPageTest - Selected 'Energy' radio button.
2025-02-24 08:33:45 [main] DEBUG l.i.u.t.SubmittedApplicationsPageTest - Selected 'Repair' radio button.
2025-02-24 08:33:45 [main] DEBUG l.i.u.t.SubmittedApplicationsPageTest - Entered job description: 'Veikla 1'.
2025-02-24 08:33:46 [main] DEBUG l.i.u.t.SubmittedApplicationsPageTest - Entered process description: 'Procesas 1'.
2025-02-24 08:33:46 [main] DEBUG l.i.u.t.SubmittedApplicationsPageTest - Entered energy information: 'Energija 1'.
2025-02-24 08:33:46 [main] DEBUG l.i.u.t.SubmittedApplicationsPageTest - Entered repair information: 'Remontas 1'.
2025-02-24 08:33:46 [main] DEBUG l.i.u.t.SubmittedApplicationsPageTest - Selected 'PVM' radio button.
2025-02-24 08:33:46 [main] INFO  l.i.u.p.SubmittedApplicationsPage - Located the dropdown button.
2025-02-24 08:33:47 [main] INFO  l.i.u.p.SubmittedApplicationsPage - Successfully selected the value: 'Įsigyti'
2025-02-24 08:34:07 [main] ERROR l.i.u.p.SubmittedApplicationsPage - Timeout while waiting for dropdown to close with aria-expanded = 'false'.
2025-02-24 08:34:07 [main] DEBUG l.i.u.t.SubmittedApplicationsPageTest - Selected necessary for job: 'Įsigyti'.
2025-02-24 08:34:07 [main] DEBUG l.i.u.t.SubmittedApplicationsPageTest - Selected tool: 'Darbo priemonė 1'.
2025-02-24 08:34:07 [main] DEBUG l.i.u.t.SubmittedApplicationsPageTest - Selected tool parameter one: 'Darbo priemonės 1 parametras 1'.
2025-02-24 08:34:07 [main] DEBUG l.i.u.t.SubmittedApplicationsPageTest - Selected tool parameter two: 'Darbo priemonės 1 parametras 2'.
2025-02-24 08:34:08 [main] DEBUG l.i.u.t.SubmittedApplicationsPageTest - Selected tool parameter three: 'Darbo priemonės 1 parametras 3'.
2025-02-24 08:34:08 [main] DEBUG l.i.u.t.SubmittedApplicationsPageTest - Entered tool count: '1'.
2025-02-24 08:34:08 [main] DEBUG l.i.u.t.SubmittedApplicationsPageTest - Entered price amount 1: '1000'.
2025-02-24 08:34:08 [main] DEBUG l.i.u.t.SubmittedApplicationsPageTest - Entered own funds amount 1: '800'.
2025-02-24 08:34:08 [main] DEBUG l.i.u.t.SubmittedApplicationsPageTest - Clicked 'Add' button.
2025-02-24 08:34:08 [main] INFO  l.i.u.p.SubmittedApplicationsPage - Located the dropdown button.
2025-02-24 08:34:09 [main] INFO  l.i.u.p.SubmittedApplicationsPage - Successfully selected the value: 'Remontuoti'
2025-02-24 08:34:29 [main] ERROR l.i.u.p.SubmittedApplicationsPage - Timeout while waiting for dropdown to close with aria-expanded = 'false'.
2025-02-24 08:34:29 [main] DEBUG l.i.u.t.SubmittedApplicationsPageTest - Selected necessary for job 'to repair': 'Remontuoti'.
2025-02-24 08:34:29 [main] DEBUG l.i.u.t.SubmittedApplicationsPageTest - Selected repair name: 'Remonto pavadinimas 1'.
2025-02-24 08:34:29 [main] DEBUG l.i.u.t.SubmittedApplicationsPageTest - Entered repair information: 'Remonto aprašymas 1'.
2025-02-24 08:34:30 [main] DEBUG l.i.u.t.SubmittedApplicationsPageTest - Entered price amount 2: '1000'.
2025-02-24 08:34:30 [main] DEBUG l.i.u.t.SubmittedApplicationsPageTest - Entered own funds amount 2: '900'.
2025-02-24 08:34:30 [main] DEBUG l.i.u.t.SubmittedApplicationsPageTest - Entered country percentage: '50'.
2025-02-24 08:34:30 [main] DEBUG l.i.u.t.SubmittedApplicationsPageTest - Entered institution percentage: '50'.
2025-02-24 08:34:30 [main] DEBUG l.i.u.t.SubmittedApplicationsPageTest - Entered municipality percentage: '50'.
2025-02-24 08:34:30 [main] DEBUG l.i.u.t.SubmittedApplicationsPageTest - Selected 'De Minimis' radio button.
2025-02-24 08:34:30 [main] DEBUG l.i.u.t.SubmittedApplicationsPageTest - Entered program name: 'Programa 1'.
2025-02-24 08:34:31 [main] DEBUG l.i.u.t.SubmittedApplicationsPageTest - Entered project date from.
2025-02-24 08:34:31 [main] DEBUG l.i.u.t.SubmittedApplicationsPageTest - Entered project date until.
2025-02-24 08:34:31 [main] DEBUG l.i.u.t.SubmittedApplicationsPageTest - Entered support amount: '2000'.
2025-02-24 08:34:31 [main] DEBUG l.i.u.t.SubmittedApplicationsPageTest - Clicked 'Next' button.
2025-02-24 08:34:41 [main] DEBUG l.i.u.t.SubmittedApplicationsPageTest - Checked 'Legal Entities' checkbox 1.
2025-02-24 08:34:51 [main] DEBUG l.i.u.t.SubmittedApplicationsPageTest - Checked 'Legal Entities' checkbox 2.
2025-02-24 08:35:01 [main] DEBUG l.i.u.t.SubmittedApplicationsPageTest - Checked 'Legal Entities' checkbox 3.
2025-02-24 08:35:01 [main] DEBUG l.i.u.t.SubmittedApplicationsPageTest - Test finished: All 'Legal Entities' checkboxes checked successfully.
2025-02-24 08:35:02 [main] DEBUG l.i.u.t.SubmittedApplicationsPageTest - Clicked 'Next' button after checkboxes.
2025-02-24 08:35:12 [main] ERROR l.i.u.p.SubmittedApplicationsPage - Error selecting radio button: Expected condition failed: waiting for element to be clickable: By.xpath: (//input[@type='radio' and @value='false'])[8] (tried for 10 second(s) with 500 milliseconds interval)
Build info: version: '4.27.0', revision: 'd6e718d134'
System info: os.name: 'Windows 11', os.arch: 'amd64', os.version: '10.0', java.version: '21.0.3'
Driver info: org.openqa.selenium.chrome.ChromeDriver
Capabilities {acceptInsecureCerts: false, browserName: chrome, browserVersion: 133.0.6943.127, chrome: {chromedriverVersion: 133.0.6943.126 (cffa127ce7b..., userDataDir: C:\Users\INGRID~1.ZAD\AppDa...}, fedcm:accounts: true, goog:chromeOptions: {debuggerAddress: localhost:52419}, networkConnectionEnabled: false, pageLoadStrategy: normal, platformName: windows, proxy: Proxy(), se:cdp: ws://localhost:52419/devtoo..., se:cdpVersion: 133.0.6943.127, setWindowRect: true, strictFileInteractability: false, timeouts: {implicit: 0, pageLoad: 300000, script: 30000}, unhandledPromptBehavior: dismiss and notify, webauthn:extension:credBlob: true, webauthn:extension:largeBlob: true, webauthn:extension:minPinLength: true, webauthn:extension:prf: true, webauthn:virtualAuthenticators: true}
Session ID: 5ee5f2770b0909b0c3a95420c4eb6169
2025-02-24 08:35:12 [main] INFO  l.i.u.t.SubmittedApplicationsPageTest - Marking 'Ne' radio button 1
2025-02-24 08:35:22 [main] ERROR l.i.u.p.SubmittedApplicationsPage - Error selecting radio button: Expected condition failed: waiting for element to be clickable: By.xpath: (//input[@type='radio' and @value='false'])[9] (tried for 10 second(s) with 500 milliseconds interval)
Build info: version: '4.27.0', revision: 'd6e718d134'
System info: os.name: 'Windows 11', os.arch: 'amd64', os.version: '10.0', java.version: '21.0.3'
Driver info: org.openqa.selenium.chrome.ChromeDriver
Capabilities {acceptInsecureCerts: false, browserName: chrome, browserVersion: 133.0.6943.127, chrome: {chromedriverVersion: 133.0.6943.126 (cffa127ce7b..., userDataDir: C:\Users\INGRID~1.ZAD\AppDa...}, fedcm:accounts: true, goog:chromeOptions: {debuggerAddress: localhost:52419}, networkConnectionEnabled: false, pageLoadStrategy: normal, platformName: windows, proxy: Proxy(), se:cdp: ws://localhost:52419/devtoo..., se:cdpVersion: 133.0.6943.127, setWindowRect: true, strictFileInteractability: false, timeouts: {implicit: 0, pageLoad: 300000, script: 30000}, unhandledPromptBehavior: dismiss and notify, webauthn:extension:credBlob: true, webauthn:extension:largeBlob: true, webauthn:extension:minPinLength: true, webauthn:extension:prf: true, webauthn:virtualAuthenticators: true}
Session ID: 5ee5f2770b0909b0c3a95420c4eb6169
2025-02-24 08:35:22 [main] INFO  l.i.u.t.SubmittedApplicationsPageTest - Marking 'Ne' radio button 2
2025-02-24 08:35:32 [main] ERROR l.i.u.p.SubmittedApplicationsPage - Error selecting radio button: Expected condition failed: waiting for element to be clickable: By.xpath: (//input[@type='radio' and @value='false'])[10] (tried for 10 second(s) with 500 milliseconds interval)
Build info: version: '4.27.0', revision: 'd6e718d134'
System info: os.name: 'Windows 11', os.arch: 'amd64', os.version: '10.0', java.version: '21.0.3'
Driver info: org.openqa.selenium.chrome.ChromeDriver
Capabilities {acceptInsecureCerts: false, browserName: chrome, browserVersion: 133.0.6943.127, chrome: {chromedriverVersion: 133.0.6943.126 (cffa127ce7b..., userDataDir: C:\Users\INGRID~1.ZAD\AppDa...}, fedcm:accounts: true, goog:chromeOptions: {debuggerAddress: localhost:52419}, networkConnectionEnabled: false, pageLoadStrategy: normal, platformName: windows, proxy: Proxy(), se:cdp: ws://localhost:52419/devtoo..., se:cdpVersion: 133.0.6943.127, setWindowRect: true, strictFileInteractability: false, timeouts: {implicit: 0, pageLoad: 300000, script: 30000}, unhandledPromptBehavior: dismiss and notify, webauthn:extension:credBlob: true, webauthn:extension:largeBlob: true, webauthn:extension:minPinLength: true, webauthn:extension:prf: true, webauthn:virtualAuthenticators: true}
Session ID: 5ee5f2770b0909b0c3a95420c4eb6169
2025-02-24 08:35:32 [main] INFO  l.i.u.t.SubmittedApplicationsPageTest - Marking 'Ne' radio button 3
2025-02-24 08:35:42 [main] ERROR l.i.u.p.SubmittedApplicationsPage - Error selecting radio button: Expected condition failed: waiting for element to be clickable: By.xpath: (//input[@type='radio' and @value='false'])[11] (tried for 10 second(s) with 500 milliseconds interval)
Build info: version: '4.27.0', revision: 'd6e718d134'
System info: os.name: 'Windows 11', os.arch: 'amd64', os.version: '10.0', java.version: '21.0.3'
Driver info: org.openqa.selenium.chrome.ChromeDriver
Capabilities {acceptInsecureCerts: false, browserName: chrome, browserVersion: 133.0.6943.127, chrome: {chromedriverVersion: 133.0.6943.126 (cffa127ce7b..., userDataDir: C:\Users\INGRID~1.ZAD\AppDa...}, fedcm:accounts: true, goog:chromeOptions: {debuggerAddress: localhost:52419}, networkConnectionEnabled: false, pageLoadStrategy: normal, platformName: windows, proxy: Proxy(), se:cdp: ws://localhost:52419/devtoo..., se:cdpVersion: 133.0.6943.127, setWindowRect: true, strictFileInteractability: false, timeouts: {implicit: 0, pageLoad: 300000, script: 30000}, unhandledPromptBehavior: dismiss and notify, webauthn:extension:credBlob: true, webauthn:extension:largeBlob: true, webauthn:extension:minPinLength: true, webauthn:extension:prf: true, webauthn:virtualAuthenticators: true}
Session ID: 5ee5f2770b0909b0c3a95420c4eb6169
2025-02-24 08:35:42 [main] INFO  l.i.u.t.SubmittedApplicationsPageTest - Marking 'Ne' radio button 4
2025-02-24 08:35:52 [main] ERROR l.i.u.p.SubmittedApplicationsPage - Error selecting radio button: Expected condition failed: waiting for element to be clickable: By.xpath: (//input[@type='radio' and @value='false'])[12] (tried for 10 second(s) with 500 milliseconds interval)
Build info: version: '4.27.0', revision: 'd6e718d134'
System info: os.name: 'Windows 11', os.arch: 'amd64', os.version: '10.0', java.version: '21.0.3'
Driver info: org.openqa.selenium.chrome.ChromeDriver
Capabilities {acceptInsecureCerts: false, browserName: chrome, browserVersion: 133.0.6943.127, chrome: {chromedriverVersion: 133.0.6943.126 (cffa127ce7b..., userDataDir: C:\Users\INGRID~1.ZAD\AppDa...}, fedcm:accounts: true, goog:chromeOptions: {debuggerAddress: localhost:52419}, networkConnectionEnabled: false, pageLoadStrategy: normal, platformName: windows, proxy: Proxy(), se:cdp: ws://localhost:52419/devtoo..., se:cdpVersion: 133.0.6943.127, setWindowRect: true, strictFileInteractability: false, timeouts: {implicit: 0, pageLoad: 300000, script: 30000}, unhandledPromptBehavior: dismiss and notify, webauthn:extension:credBlob: true, webauthn:extension:largeBlob: true, webauthn:extension:minPinLength: true, webauthn:extension:prf: true, webauthn:virtualAuthenticators: true}
Session ID: 5ee5f2770b0909b0c3a95420c4eb6169
2025-02-24 08:35:52 [main] INFO  l.i.u.t.SubmittedApplicationsPageTest - Marking 'Ne' radio button 5
2025-02-24 08:36:02 [main] ERROR l.i.u.p.SubmittedApplicationsPage - Error selecting radio button: Expected condition failed: waiting for element to be clickable: By.xpath: (//input[@type='radio' and @value='false'])[13] (tried for 10 second(s) with 500 milliseconds interval)
Build info: version: '4.27.0', revision: 'd6e718d134'
System info: os.name: 'Windows 11', os.arch: 'amd64', os.version: '10.0', java.version: '21.0.3'
Driver info: org.openqa.selenium.chrome.ChromeDriver
Capabilities {acceptInsecureCerts: false, browserName: chrome, browserVersion: 133.0.6943.127, chrome: {chromedriverVersion: 133.0.6943.126 (cffa127ce7b..., userDataDir: C:\Users\INGRID~1.ZAD\AppDa...}, fedcm:accounts: true, goog:chromeOptions: {debuggerAddress: localhost:52419}, networkConnectionEnabled: false, pageLoadStrategy: normal, platformName: windows, proxy: Proxy(), se:cdp: ws://localhost:52419/devtoo..., se:cdpVersion: 133.0.6943.127, setWindowRect: true, strictFileInteractability: false, timeouts: {implicit: 0, pageLoad: 300000, script: 30000}, unhandledPromptBehavior: dismiss and notify, webauthn:extension:credBlob: true, webauthn:extension:largeBlob: true, webauthn:extension:minPinLength: true, webauthn:extension:prf: true, webauthn:virtualAuthenticators: true}
Session ID: 5ee5f2770b0909b0c3a95420c4eb6169
2025-02-24 08:36:02 [main] INFO  l.i.u.t.SubmittedApplicationsPageTest - Marking 'Ne' radio button 6
2025-02-24 08:36:13 [main] ERROR l.i.u.p.SubmittedApplicationsPage - Error selecting radio button: Expected condition failed: waiting for element to be clickable: By.xpath: (//input[@type='radio' and @value='true'])[14] (tried for 10 second(s) with 500 milliseconds interval)
Build info: version: '4.27.0', revision: 'd6e718d134'
System info: os.name: 'Windows 11', os.arch: 'amd64', os.version: '10.0', java.version: '21.0.3'
Driver info: org.openqa.selenium.chrome.ChromeDriver
Capabilities {acceptInsecureCerts: false, browserName: chrome, browserVersion: 133.0.6943.127, chrome: {chromedriverVersion: 133.0.6943.126 (cffa127ce7b..., userDataDir: C:\Users\INGRID~1.ZAD\AppDa...}, fedcm:accounts: true, goog:chromeOptions: {debuggerAddress: localhost:52419}, networkConnectionEnabled: false, pageLoadStrategy: normal, platformName: windows, proxy: Proxy(), se:cdp: ws://localhost:52419/devtoo..., se:cdpVersion: 133.0.6943.127, setWindowRect: true, strictFileInteractability: false, timeouts: {implicit: 0, pageLoad: 300000, script: 30000}, unhandledPromptBehavior: dismiss and notify, webauthn:extension:credBlob: true, webauthn:extension:largeBlob: true, webauthn:extension:minPinLength: true, webauthn:extension:prf: true, webauthn:virtualAuthenticators: true}
Session ID: 5ee5f2770b0909b0c3a95420c4eb6169
2025-02-24 08:36:13 [main] INFO  l.i.u.t.SubmittedApplicationsPageTest - Marking 'Taip' radio button 7
2025-02-24 08:36:23 [main] ERROR l.i.u.p.SubmittedApplicationsPage - Error selecting radio button: Expected condition failed: waiting for element to be clickable: By.xpath: (//input[@type='radio' and @value='true'])[15] (tried for 10 second(s) with 500 milliseconds interval)
Build info: version: '4.27.0', revision: 'd6e718d134'
System info: os.name: 'Windows 11', os.arch: 'amd64', os.version: '10.0', java.version: '21.0.3'
Driver info: org.openqa.selenium.chrome.ChromeDriver
Capabilities {acceptInsecureCerts: false, browserName: chrome, browserVersion: 133.0.6943.127, chrome: {chromedriverVersion: 133.0.6943.126 (cffa127ce7b..., userDataDir: C:\Users\INGRID~1.ZAD\AppDa...}, fedcm:accounts: true, goog:chromeOptions: {debuggerAddress: localhost:52419}, networkConnectionEnabled: false, pageLoadStrategy: normal, platformName: windows, proxy: Proxy(), se:cdp: ws://localhost:52419/devtoo..., se:cdpVersion: 133.0.6943.127, setWindowRect: true, strictFileInteractability: false, timeouts: {implicit: 0, pageLoad: 300000, script: 30000}, unhandledPromptBehavior: dismiss and notify, webauthn:extension:credBlob: true, webauthn:extension:largeBlob: true, webauthn:extension:minPinLength: true, webauthn:extension:prf: true, webauthn:virtualAuthenticators: true}
Session ID: 5ee5f2770b0909b0c3a95420c4eb6169
2025-02-24 08:36:23 [main] INFO  l.i.u.t.SubmittedApplicationsPageTest - Marking 'Taip' radio button 8
2025-02-24 08:36:34 [main] ERROR l.i.u.p.SubmittedApplicationsPage - Error selecting radio button: Expected condition failed: waiting for element to be clickable: By.xpath: (//input[@type='radio' and @value='true'])[16] (tried for 10 second(s) with 500 milliseconds interval)
Build info: version: '4.27.0', revision: 'd6e718d134'
System info: os.name: 'Windows 11', os.arch: 'amd64', os.version: '10.0', java.version: '21.0.3'
Driver info: org.openqa.selenium.chrome.ChromeDriver
Capabilities {acceptInsecureCerts: false, browserName: chrome, browserVersion: 133.0.6943.127, chrome: {chromedriverVersion: 133.0.6943.126 (cffa127ce7b..., userDataDir: C:\Users\INGRID~1.ZAD\AppDa...}, fedcm:accounts: true, goog:chromeOptions: {debuggerAddress: localhost:52419}, networkConnectionEnabled: false, pageLoadStrategy: normal, platformName: windows, proxy: Proxy(), se:cdp: ws://localhost:52419/devtoo..., se:cdpVersion: 133.0.6943.127, setWindowRect: true, strictFileInteractability: false, timeouts: {implicit: 0, pageLoad: 300000, script: 30000}, unhandledPromptBehavior: dismiss and notify, webauthn:extension:credBlob: true, webauthn:extension:largeBlob: true, webauthn:extension:minPinLength: true, webauthn:extension:prf: true, webauthn:virtualAuthenticators: true}
Session ID: 5ee5f2770b0909b0c3a95420c4eb6169
2025-02-24 08:36:34 [main] INFO  l.i.u.t.SubmittedApplicationsPageTest - Marking 'Taip' radio button 9
2025-02-24 08:36:44 [main] ERROR l.i.u.p.SubmittedApplicationsPage - Error selecting radio button: Expected condition failed: waiting for element to be clickable: By.xpath: (//input[@type='radio' and @value='true'])[17] (tried for 10 second(s) with 500 milliseconds interval)
Build info: version: '4.27.0', revision: 'd6e718d134'
System info: os.name: 'Windows 11', os.arch: 'amd64', os.version: '10.0', java.version: '21.0.3'
Driver info: org.openqa.selenium.chrome.ChromeDriver
Capabilities {acceptInsecureCerts: false, browserName: chrome, browserVersion: 133.0.6943.127, chrome: {chromedriverVersion: 133.0.6943.126 (cffa127ce7b..., userDataDir: C:\Users\INGRID~1.ZAD\AppDa...}, fedcm:accounts: true, goog:chromeOptions: {debuggerAddress: localhost:52419}, networkConnectionEnabled: false, pageLoadStrategy: normal, platformName: windows, proxy: Proxy(), se:cdp: ws://localhost:52419/devtoo..., se:cdpVersion: 133.0.6943.127, setWindowRect: true, strictFileInteractability: false, timeouts: {implicit: 0, pageLoad: 300000, script: 30000}, unhandledPromptBehavior: dismiss and notify, webauthn:extension:credBlob: true, webauthn:extension:largeBlob: true, webauthn:extension:minPinLength: true, webauthn:extension:prf: true, webauthn:virtualAuthenticators: true}
Session ID: 5ee5f2770b0909b0c3a95420c4eb6169
2025-02-24 08:36:44 [main] INFO  l.i.u.t.SubmittedApplicationsPageTest - Marking 'Taip' radio button 10
2025-02-24 08:36:54 [main] ERROR l.i.u.p.SubmittedApplicationsPage - Error selecting radio button: Expected condition failed: waiting for element to be clickable: By.xpath: (//input[@type='radio' and @value='true'])[18] (tried for 10 second(s) with 500 milliseconds interval)
Build info: version: '4.27.0', revision: 'd6e718d134'
System info: os.name: 'Windows 11', os.arch: 'amd64', os.version: '10.0', java.version: '21.0.3'
Driver info: org.openqa.selenium.chrome.ChromeDriver
Capabilities {acceptInsecureCerts: false, browserName: chrome, browserVersion: 133.0.6943.127, chrome: {chromedriverVersion: 133.0.6943.126 (cffa127ce7b..., userDataDir: C:\Users\INGRID~1.ZAD\AppDa...}, fedcm:accounts: true, goog:chromeOptions: {debuggerAddress: localhost:52419}, networkConnectionEnabled: false, pageLoadStrategy: normal, platformName: windows, proxy: Proxy(), se:cdp: ws://localhost:52419/devtoo..., se:cdpVersion: 133.0.6943.127, setWindowRect: true, strictFileInteractability: false, timeouts: {implicit: 0, pageLoad: 300000, script: 30000}, unhandledPromptBehavior: dismiss and notify, webauthn:extension:credBlob: true, webauthn:extension:largeBlob: true, webauthn:extension:minPinLength: true, webauthn:extension:prf: true, webauthn:virtualAuthenticators: true}
Session ID: 5ee5f2770b0909b0c3a95420c4eb6169
2025-02-24 08:36:54 [main] INFO  l.i.u.t.SubmittedApplicationsPageTest - Marking 'Taip' radio button 11
2025-02-24 08:37:04 [main] ERROR l.i.u.p.SubmittedApplicationsPage - Error selecting radio button: Expected condition failed: waiting for element to be clickable: By.xpath: (//input[@type='radio' and @value='true'])[19] (tried for 10 second(s) with 500 milliseconds interval)
Build info: version: '4.27.0', revision: 'd6e718d134'
System info: os.name: 'Windows 11', os.arch: 'amd64', os.version: '10.0', java.version: '21.0.3'
Driver info: org.openqa.selenium.chrome.ChromeDriver
Capabilities {acceptInsecureCerts: false, browserName: chrome, browserVersion: 133.0.6943.127, chrome: {chromedriverVersion: 133.0.6943.126 (cffa127ce7b..., userDataDir: C:\Users\INGRID~1.ZAD\AppDa...}, fedcm:accounts: true, goog:chromeOptions: {debuggerAddress: localhost:52419}, networkConnectionEnabled: false, pageLoadStrategy: normal, platformName: windows, proxy: Proxy(), se:cdp: ws://localhost:52419/devtoo..., se:cdpVersion: 133.0.6943.127, setWindowRect: true, strictFileInteractability: false, timeouts: {implicit: 0, pageLoad: 300000, script: 30000}, unhandledPromptBehavior: dismiss and notify, webauthn:extension:credBlob: true, webauthn:extension:largeBlob: true, webauthn:extension:minPinLength: true, webauthn:extension:prf: true, webauthn:virtualAuthenticators: true}
Session ID: 5ee5f2770b0909b0c3a95420c4eb6169
2025-02-24 08:37:04 [main] INFO  l.i.u.t.SubmittedApplicationsPageTest - Marking 'Taip' radio button 12
2025-02-24 08:37:14 [main] DEBUG l.i.u.t.SubmittedApplicationsPageTest - Checked 'ConfirmationStepFour'
2025-02-24 08:37:15 [main] DEBUG l.i.u.t.SubmittedApplicationsPageTest - Clicked 'Next' button after checkboxes.
2025-02-24 08:37:15 [main] INFO  l.i.u.p.SubmittedApplicationsPage - File uploaded successfully to an input element.
2025-02-24 08:37:15 [main] INFO  l.i.u.p.SubmittedApplicationsPage - File uploaded successfully to an input element.
2025-02-24 08:37:15 [main] INFO  l.i.u.p.SubmittedApplicationsPage - File uploaded successfully to an input element.
2025-02-24 08:37:15 [main] INFO  l.i.u.p.SubmittedApplicationsPage - File uploaded successfully to an input element.
2025-02-24 08:37:15 [main] INFO  l.i.u.p.SubmittedApplicationsPage - File uploaded successfully to an input element.
2025-02-24 08:37:15 [main] INFO  l.i.u.p.SubmittedApplicationsPage - File uploaded successfully to an input element.
2025-02-24 08:37:15 [main] INFO  l.i.u.p.SubmittedApplicationsPage - File uploaded successfully to an input element.
2025-02-24 08:37:15 [main] INFO  l.i.u.p.SubmittedApplicationsPage - File uploaded successfully to an input element.
2025-02-24 08:37:15 [main] INFO  l.i.u.p.SubmittedApplicationsPage - File uploaded successfully to an input element.
2025-02-24 08:37:15 [main] INFO  l.i.u.p.SubmittedApplicationsPage - File uploaded successfully to an input element.
2025-02-24 08:37:15 [main] DEBUG l.i.u.t.SubmittedApplicationsPageTest - Entered program name: 'Dokumentas 1'.
2025-02-24 08:37:16 [main] DEBUG l.i.u.t.SubmittedApplicationsPageTest - Entered program name: 'Dokumentas 2'.
2025-02-24 08:37:16 [main] DEBUG l.i.u.t.SubmittedApplicationsPageTest - Entered program name: 'Dokumentas 3'.
2025-02-24 08:37:16 [main] DEBUG l.i.u.t.SubmittedApplicationsPageTest - Entered program name: 'Dokumentas 4'.
2025-02-24 08:37:16 [main] DEBUG l.i.u.t.SubmittedApplicationsPageTest - Entered program name: 'Dokumentas 5'.
2025-02-24 08:37:16 [main] DEBUG l.i.u.t.SubmittedApplicationsPageTest - Entered program name: 'Dokumentas 6'.
2025-02-24 08:37:16 [main] DEBUG l.i.u.t.SubmittedApplicationsPageTest - Entered program name: 'Dokumentas 4'.
2025-02-24 08:37:17 [main] DEBUG l.i.u.t.SubmittedApplicationsPageTest - Entered program name: 'Dokumentas 8'.
2025-02-24 08:37:17 [main] DEBUG l.i.u.t.SubmittedApplicationsPageTest - Entered program name: 'Dokumentas 9'.
2025-02-24 08:37:17 [main] DEBUG l.i.u.t.SubmittedApplicationsPageTest - Entered program name: 'Dokumentas 10'.
2025-02-24 08:37:27 [main] DEBUG l.i.u.t.SubmittedApplicationsPageTest - Checked 'ConfirmationDocument'
2025-02-24 08:37:37 [main] DEBUG l.i.u.t.SubmittedApplicationsPageTest - Checked 'ConfirmationApplication'
2025-02-24 08:37:37 [main] DEBUG l.i.u.t.SubmittedApplicationsPageTest - Clicked 'SaveDraft' button after checkboxes.
2025-02-24 08:37:37 [main] DEBUG l.insoft.uztis.pages.InvitationsPage - Verified success message: 'Ruošinys sėkmingai išsaugotas.'
2025-02-24 08:37:37 [main] DEBUG l.i.u.t.SubmittedApplicationsPageTest - Clicked 'Review' button after checkboxes.
2025-02-24 08:37:37 [main] INFO  l.i.u.t.SubmittedApplicationsPageTest - Test 'testFillNewVUIApplicationFA' completed successfully.
2025-02-24 09:20:47 [main] INFO  lt.insoft.uztis.tests.UztisPageTest - Navigated to https://uztisdev.asseco.lt/home
2025-02-24 09:20:47 [main] INFO  l.i.u.tests.ApplicationFormsPageTest - Setup complete. ApplicationFormsPage initialized.
2025-02-24 09:20:47 [main] INFO  l.i.u.tests.ApplicationFormsPageTest - Starting test:'testCreateNewPvkApplication'
2025-02-24 09:20:48 [main] DEBUG l.i.u.tests.ApplicationFormsPageTest - User logged in with test credentials
2025-02-24 09:20:48 [main] DEBUG l.i.u.tests.ApplicationFormsPageTest - Opened 'Application Processing' menu.
2025-02-24 09:20:48 [main] DEBUG l.i.u.tests.ApplicationFormsPageTest - Clicked on 'Application Forms' menu.
2025-02-24 09:20:49 [main] DEBUG l.i.u.tests.ApplicationFormsPageTest - Clicked to create a new application form.
2025-02-24 09:20:49 [main] DEBUG l.i.u.tests.ApplicationFormsPageTest - Entered random application code: TST-PVK-08
2025-02-24 09:20:49 [main] DEBUG l.i.u.tests.ApplicationFormsPageTest - Selected 'Municipality' radio button.
2025-02-24 09:20:49 [main] INFO  l.i.uztis.pages.ApplicationFormsPage - Located the dropdown button.
2025-02-24 09:20:49 [main] INFO  l.i.uztis.pages.ApplicationFormsPage - Successfully selected the value: 'Kauno departamentas'
2025-02-24 09:21:00 [main] ERROR l.i.uztis.pages.ApplicationFormsPage - Failed to close the dropdown with aria-expanded = 'false'.
2025-02-24 09:21:00 [main] DEBUG l.i.u.tests.ApplicationFormsPageTest - Selected a value from the 'Municipality' dropdown: 'Kauno departamentas'
2025-02-24 09:21:00 [main] DEBUG l.i.u.tests.ApplicationFormsPageTest - Selected 'Budget by Municipality' option.
2025-02-24 09:21:00 [main] DEBUG l.i.u.tests.ApplicationFormsPageTest - Selected 'Financed By Queue' radio button.
2025-02-24 09:21:00 [main] DEBUG l.i.u.tests.ApplicationFormsPageTest - Clicked 'Add' button.
2025-02-24 09:21:00 [main] INFO  l.i.uztis.pages.ApplicationFormsPage - Located the dropdown button.
2025-02-24 09:21:01 [main] INFO  l.i.uztis.pages.ApplicationFormsPage - Successfully selected the value: 'PVK paraiškos vertinimo forma - I etapas'
2025-02-24 09:21:11 [main] ERROR l.i.uztis.pages.ApplicationFormsPage - Failed to close the dropdown with aria-expanded = 'false'.
2025-02-24 09:21:11 [main] DEBUG l.i.u.tests.ApplicationFormsPageTest - Selected a value from the 'EvaluationOne' dropdown: 'PVK paraiškos vertinimo forma - I etapas'
2025-02-24 09:21:11 [main] INFO  l.i.uztis.pages.ApplicationFormsPage - Located the dropdown button.
2025-02-24 09:21:12 [main] INFO  l.i.uztis.pages.ApplicationFormsPage - Successfully selected the value: 'PVK paraiškos vertinimo forma - II etapas'
2025-02-24 09:21:22 [main] ERROR l.i.uztis.pages.ApplicationFormsPage - Failed to close the dropdown with aria-expanded = 'false'.
2025-02-24 09:21:22 [main] DEBUG l.i.u.tests.ApplicationFormsPageTest - Selected a value from the 'EvaluationTwon' dropdown: 'PVK paraiškos vertinimo forma - II etapas'
2025-02-24 09:21:22 [main] INFO  l.i.uztis.pages.ApplicationFormsPage - Located the dropdown button.
2025-02-24 09:21:23 [main] INFO  l.i.uztis.pages.ApplicationFormsPage - Successfully selected the value: 'PVK paraiškos vertinimo forma - III etapas'
2025-02-24 09:21:33 [main] ERROR l.i.uztis.pages.ApplicationFormsPage - Failed to close the dropdown with aria-expanded = 'false'.
2025-02-24 09:21:33 [main] DEBUG l.i.u.tests.ApplicationFormsPageTest - Selected a value from the 'EvaluationThree' dropdown: 'PVK paraiškos vertinimo forma - III etapas'
2025-02-24 09:21:33 [main] DEBUG l.i.u.tests.ApplicationFormsPageTest - Clicked 'Plus' button.
2025-02-24 09:21:33 [main] DEBUG l.i.u.tests.ApplicationFormsPageTest - Clicked 'Add' button seven times.
2025-02-24 09:21:34 [main] INFO  l.i.uztis.pages.ApplicationFormsPage - Processing dropdown index: 0
2025-02-24 09:21:44 [main] ERROR l.i.uztis.pages.ApplicationFormsPage - Timeout while waiting for dropdown to close at index: 0 with aria-expanded = 'false'
2025-02-24 09:21:44 [main] INFO  l.i.uztis.pages.ApplicationFormsPage - Processing dropdown index: 1
2025-02-24 09:21:56 [main] ERROR l.i.uztis.pages.ApplicationFormsPage - Timeout while waiting for dropdown to close at index: 1 with aria-expanded = 'false'
2025-02-24 09:21:56 [main] INFO  l.i.uztis.pages.ApplicationFormsPage - Processing dropdown index: 2
2025-02-24 09:22:06 [main] ERROR l.i.uztis.pages.ApplicationFormsPage - Timeout while waiting for dropdown to close at index: 2 with aria-expanded = 'false'
2025-02-24 09:22:06 [main] INFO  l.i.uztis.pages.ApplicationFormsPage - Processing dropdown index: 3
2025-02-24 09:22:17 [main] ERROR l.i.uztis.pages.ApplicationFormsPage - Timeout while waiting for dropdown to close at index: 3 with aria-expanded = 'false'
2025-02-24 09:22:17 [main] INFO  l.i.uztis.pages.ApplicationFormsPage - Processing dropdown index: 4
2025-02-24 09:22:28 [main] ERROR l.i.uztis.pages.ApplicationFormsPage - Timeout while waiting for dropdown to close at index: 4 with aria-expanded = 'false'
2025-02-24 09:22:28 [main] INFO  l.i.uztis.pages.ApplicationFormsPage - Processing dropdown index: 5
2025-02-24 09:22:38 [main] ERROR l.i.uztis.pages.ApplicationFormsPage - Timeout while waiting for dropdown to close at index: 5 with aria-expanded = 'false'
2025-02-24 09:22:38 [main] INFO  l.i.uztis.pages.ApplicationFormsPage - Processing dropdown index: 6
2025-02-24 09:22:50 [main] ERROR l.i.uztis.pages.ApplicationFormsPage - Timeout while waiting for dropdown to close at index: 6 with aria-expanded = 'false'
2025-02-24 09:22:50 [main] INFO  l.i.uztis.pages.ApplicationFormsPage - Processing dropdown index: 7
2025-02-24 09:23:01 [main] ERROR l.i.uztis.pages.ApplicationFormsPage - Timeout while waiting for dropdown to close at index: 7 with aria-expanded = 'false'
2025-02-24 09:23:01 [main] INFO  l.i.uztis.pages.ApplicationFormsPage - Processing input field index: 0
2025-02-24 09:23:01 [main] INFO  l.i.uztis.pages.ApplicationFormsPage - Entered value '50' into field index: 0
2025-02-24 09:23:01 [main] INFO  l.i.uztis.pages.ApplicationFormsPage - Processing input field index: 1
2025-02-24 09:23:01 [main] INFO  l.i.uztis.pages.ApplicationFormsPage - Entered value '924' into field index: 1
2025-02-24 09:23:01 [main] INFO  l.i.uztis.pages.ApplicationFormsPage - Processing input field index: 2
2025-02-24 09:23:01 [main] INFO  l.i.uztis.pages.ApplicationFormsPage - Entered value '31' into field index: 2
2025-02-24 09:23:01 [main] INFO  l.i.uztis.pages.ApplicationFormsPage - Processing input field index: 3
2025-02-24 09:23:01 [main] INFO  l.i.uztis.pages.ApplicationFormsPage - Entered value '4.7' into field index: 3
2025-02-24 09:23:01 [main] INFO  l.i.uztis.pages.ApplicationFormsPage - Processing input field index: 4
2025-02-24 09:23:02 [main] INFO  l.i.uztis.pages.ApplicationFormsPage - Entered value '35' into field index: 4
2025-02-24 09:23:02 [main] INFO  l.i.uztis.pages.ApplicationFormsPage - Processing input field index: 5
2025-02-24 09:23:02 [main] INFO  l.i.uztis.pages.ApplicationFormsPage - Entered value '20' into field index: 5
2025-02-24 09:23:02 [main] INFO  l.i.uztis.pages.ApplicationFormsPage - Processing input field index: 6
2025-02-24 09:23:02 [main] INFO  l.i.uztis.pages.ApplicationFormsPage - Entered value '30' into field index: 6
2025-02-24 09:23:02 [main] INFO  l.i.uztis.pages.ApplicationFormsPage - Processing input field index: 7
2025-02-24 09:23:02 [main] INFO  l.i.uztis.pages.ApplicationFormsPage - Entered value '60' into field index: 7
2025-02-24 09:23:02 [main] DEBUG l.i.u.tests.ApplicationFormsPageTest - Entered additional values and text.
2025-02-24 09:23:02 [main] DEBUG l.i.u.tests.ApplicationFormsPageTest - Entered application name: PVK paraiška
2025-02-24 09:23:02 [main] DEBUG l.i.u.tests.ApplicationFormsPageTest - Clicked the 'Save' button.
2025-02-24 09:23:02 [main] INFO  l.i.u.tests.ApplicationFormsPageTest - Verified success message: 'Duomenys sėkmingai išsaugoti.'
2025-02-24 09:23:02 [main] INFO  l.i.u.tests.ApplicationFormsPageTest - Verified that the 'Save Form' button is displayed.
2025-02-24 09:23:02 [main] INFO  l.i.u.tests.ApplicationFormsPageTest - Test 'testCreateNewPvkApplication' completed successfully.
2025-02-24 09:24:12 [main] INFO  lt.insoft.uztis.tests.UztisPageTest - Navigated to https://uztisdev.asseco.lt/home
2025-02-24 09:24:12 [main] INFO  l.i.uztis.tests.InvitationsPageTest - Starting test:'testCreateNewPvkInvitation'
2025-02-24 09:24:13 [main] DEBUG l.i.uztis.tests.InvitationsPageTest - User logged in with test credentials
2025-02-24 09:24:13 [main] DEBUG l.i.uztis.tests.InvitationsPageTest - Opened 'Application Processing' menu.
2025-02-24 09:24:13 [main] DEBUG l.i.uztis.tests.InvitationsPageTest - Clicked on 'Application Forms' menu.
2025-02-24 09:24:13 [main] DEBUG l.i.uztis.tests.InvitationsPageTest - Navigating to application forms menu.
2025-02-24 09:24:15 [main] DEBUG l.i.uztis.tests.InvitationsPageTest - Retrieved last description code text: 'TST-PVK-08'.
2025-02-24 09:24:15 [main] DEBUG l.i.uztis.tests.InvitationsPageTest - Clicked on 'Invitation' menu.
2025-02-24 09:24:16 [main] DEBUG l.i.uztis.tests.InvitationsPageTest - Clicked 'Create New Application Form'.
2025-02-24 09:24:16 [main] DEBUG l.i.uztis.tests.InvitationsPageTest - Selected section by code: 'TST-PVK-08'.
2025-02-24 09:24:16 [main] INFO  l.insoft.uztis.pages.InvitationsPage - Located the dropdown button.
2025-02-24 09:24:27 [main] ERROR l.insoft.uztis.pages.InvitationsPage - Timeout while waiting for dropdown to close with aria-expanded = 'false'.
2025-02-24 09:24:27 [main] DEBUG l.i.uztis.tests.InvitationsPageTest - Selected invitation number from the list.
2025-02-24 09:24:27 [main] DEBUG l.i.uztis.tests.InvitationsPageTest - Entered current date.
2025-02-24 09:24:28 [main] DEBUG l.i.uztis.tests.InvitationsPageTest - Entered start time: 00:00.
2025-02-24 09:24:28 [main] DEBUG l.i.uztis.tests.InvitationsPageTest - Entered end date.
2025-02-24 09:24:28 [main] DEBUG l.i.uztis.tests.InvitationsPageTest - Entered end time: 11:11.
2025-02-24 09:24:29 [main] DEBUG l.i.uztis.tests.InvitationsPageTest - Entered publication end date.
2025-02-24 09:24:29 [main] DEBUG l.i.uztis.tests.InvitationsPageTest - Added additional values.
2025-02-24 09:24:29 [main] INFO  l.insoft.uztis.pages.InvitationsPage - Located the dropdown button.
2025-02-24 09:24:30 [main] DEBUG l.i.uztis.tests.InvitationsPageTest - Selected the value: 'Didžiausia galima paramos suma aplinkos darbo vietai, Eur'
2025-02-24 09:24:30 [main] INFO  l.insoft.uztis.pages.InvitationsPage - Located the dropdown button.
2025-02-24 09:24:30 [main] DEBUG l.i.uztis.tests.InvitationsPageTest - Selected the value: 'Didžiausia galima paramos suma, Eur'
2025-02-24 09:24:30 [main] INFO  l.insoft.uztis.pages.InvitationsPage - Located the dropdown button.
2025-02-24 09:24:31 [main] DEBUG l.i.uztis.tests.InvitationsPageTest - Selected the value: 'Didžiausia galima paramos suma vienai darbo vietai, Eur'
2025-02-24 09:24:31 [main] DEBUG l.i.uztis.tests.InvitationsPageTest - Entered value: 11000
2025-02-24 09:24:31 [main] DEBUG l.i.uztis.tests.InvitationsPageTest - Entered value: 12000
2025-02-24 09:24:31 [main] DEBUG l.i.uztis.tests.InvitationsPageTest - Entered value: 13000
2025-02-24 09:24:31 [main] DEBUG l.i.uztis.tests.InvitationsPageTest - Checked 'Legal Entities' checkbox.
2025-02-24 09:24:32 [main] DEBUG l.i.uztis.tests.InvitationsPageTest - Unchecked 'Persons Registered with Employment Service' checkbox.
2025-02-24 09:24:32 [main] DEBUG l.i.uztis.tests.InvitationsPageTest - Checked 'Persons Registered as Employers' checkbox.
2025-02-24 09:24:32 [main] DEBUG l.i.uztis.tests.InvitationsPageTest - Entered second evaluation grade: '5'.
2025-02-24 09:24:32 [main] DEBUG l.i.uztis.tests.InvitationsPageTest - Entered third evaluation grade: '6'.
2025-02-24 09:24:32 [main] DEBUG l.i.uztis.tests.InvitationsPageTest - Entered second evaluation grade weight: '0,45'.
2025-02-24 09:24:32 [main] DEBUG l.i.uztis.tests.InvitationsPageTest - Entered third evaluation grade weight: '0,55'.
2025-02-24 09:24:32 [main] DEBUG l.i.uztis.tests.InvitationsPageTest - Entered budget: '2000'.
2025-02-24 09:24:32 [main] DEBUG l.i.uztis.tests.InvitationsPageTest - Entered budget: '2000'.
2025-02-24 09:24:32 [main] DEBUG l.i.uztis.tests.InvitationsPageTest - Entered budget: '2000'.
2025-02-24 09:24:32 [main] DEBUG l.i.uztis.tests.InvitationsPageTest - Entered budget: '2000'.
2025-02-24 09:24:33 [main] DEBUG l.i.uztis.tests.InvitationsPageTest - Entered budget: '2000'.
2025-02-24 09:24:33 [main] DEBUG l.i.uztis.tests.InvitationsPageTest - Entered description text: 'Aprašo tekstas'.
2025-02-24 09:24:33 [main] DEBUG l.i.uztis.tests.InvitationsPageTest - Entered applicants text: 'Pareiškėjų tekstas'.
2025-02-24 09:24:33 [main] DEBUG l.i.uztis.tests.InvitationsPageTest - Entered expenditures text: 'Išlaidų tekstas'.
2025-02-24 09:24:33 [main] DEBUG l.i.uztis.tests.InvitationsPageTest - Entered legislation text: 'Teisės aktų tekstas'.
2025-02-24 09:24:33 [main] DEBUG l.i.uztis.tests.InvitationsPageTest - Entered education text: 'Mokymų tekstas'.
2025-02-24 09:24:33 [main] DEBUG l.i.uztis.tests.InvitationsPageTest - File uploaded.
2025-02-24 09:24:33 [main] DEBUG l.i.uztis.tests.InvitationsPageTest - Clicked 'Publish'.
2025-02-24 09:24:34 [main] DEBUG l.i.uztis.tests.InvitationsPageTest - Publication confirmed.
2025-02-24 09:24:34 [main] DEBUG l.insoft.uztis.pages.InvitationsPage - Verified success message: 'Funkcija sėkmingai atlikta.'
2025-02-24 09:24:34 [main] INFO  l.i.uztis.tests.InvitationsPageTest - Test 'testCreateNewPvkInvitation' completed successfully.
2025-02-24 09:24:52 [main] INFO  lt.insoft.uztis.tests.UztisPageTest - Navigated to https://uztisdev.asseco.lt/home
2025-02-24 09:24:52 [main] INFO  l.i.uztis.tests.InvitationsPageTest - Starting test:'testInsertVuiStatisticInformation'
2025-02-24 09:24:53 [main] DEBUG l.i.uztis.tests.InvitationsPageTest - User logged in with test credentials
2025-02-24 09:24:53 [main] DEBUG l.i.uztis.tests.InvitationsPageTest - Opened 'Application Processing' menu.
2025-02-24 09:24:53 [main] DEBUG l.i.uztis.tests.InvitationsPageTest - Clicked on 'Application Forms' menu.
2025-02-24 09:24:53 [main] DEBUG l.i.uztis.tests.InvitationsPageTest - Navigating to invitation forms menu.
2025-02-24 09:24:54 [main] DEBUG l.i.uztis.tests.InvitationsPageTest - Retrieved last description code text: 'TST-PVK-08'.
2025-02-24 09:24:54 [main] DEBUG l.i.uztis.tests.InvitationsPageTest - Clicked on 'Invitation' menu.
2025-02-24 09:24:55 [main] DEBUG l.i.uztis.tests.InvitationsPageTest - Selected section by code: 'TST-PVK-08'.
2025-02-24 09:24:55 [main] DEBUG l.i.uztis.tests.InvitationsPageTest - Clicked 'Search'.
2025-02-24 09:24:55 [main] DEBUG l.i.uztis.tests.InvitationsPageTest - Getting and inserting application code text.
2025-02-24 09:24:55 [main] DEBUG l.i.uztis.tests.InvitationsPageTest - Clicked 'Publishing'.
2025-02-24 09:24:56 [main] DEBUG l.i.uztis.tests.InvitationsPageTest - Clicked 'Statistic Information' tab.
2025-02-24 09:24:56 [main] DEBUG l.i.uztis.tests.InvitationsPageTest - Clicked 'Edit' button.
2025-02-24 09:24:56 [main] DEBUG l.i.uztis.tests.InvitationsPageTest - Entered current date.
2025-02-24 09:24:56 [main] DEBUG l.i.uztis.tests.InvitationsPageTest - Entered value: 8.7
2025-02-24 09:24:56 [main] DEBUG l.i.uztis.tests.InvitationsPageTest - Entered average salary: 2237.9
2025-02-24 09:24:56 [main] DEBUG l.i.uztis.tests.InvitationsPageTest - File uploaded.
2025-02-24 09:24:56 [main] DEBUG l.i.uztis.tests.InvitationsPageTest - Clicked 'Save' button.
2025-02-24 09:24:57 [main] DEBUG l.insoft.uztis.pages.InvitationsPage - Verified success message: 'Funkcija sėkmingai atlikta.'
2025-02-24 09:24:57 [main] INFO  l.i.uztis.tests.InvitationsPageTest - Test 'testInsertVuiStatisticInformation' completed successfully.
2025-02-24 14:22:20 [main] INFO  lt.insoft.uztis.tests.UztisPageTest - Navigated to https://uztisdev.asseco.lt/home
2025-02-24 14:22:20 [main] INFO  l.i.u.tests.ApplicationFormsPageTest - Setup complete. ApplicationFormsPage initialized.
2025-02-24 14:22:20 [main] INFO  l.i.u.tests.ApplicationFormsPageTest - Starting test:'testCreateNewDvpApplication'
2025-02-24 14:22:20 [main] DEBUG l.i.u.tests.ApplicationFormsPageTest - User logged in with test credentials
2025-02-24 14:22:20 [main] DEBUG l.i.u.tests.ApplicationFormsPageTest - Opened 'Application Processing' menu.
2025-02-24 14:22:20 [main] DEBUG l.i.u.tests.ApplicationFormsPageTest - Clicked on 'Application Forms' menu.
2025-02-24 14:22:23 [main] DEBUG l.i.u.tests.ApplicationFormsPageTest - Clicked to create a new application form.
2025-02-24 14:22:24 [main] DEBUG l.i.u.tests.ApplicationFormsPageTest - Entered random application code: TST-DVP-40
2025-02-24 14:22:24 [main] DEBUG l.i.u.tests.ApplicationFormsPageTest - Selected 'Municipality' radio button.
2025-02-24 14:22:24 [main] INFO  l.i.uztis.pages.ApplicationFormsPage - Located the dropdown button.
2025-02-24 14:22:24 [main] INFO  l.i.uztis.pages.ApplicationFormsPage - Successfully selected the value: 'Kauno departamentas'
2025-02-24 14:22:35 [main] ERROR l.i.uztis.pages.ApplicationFormsPage - Failed to close the dropdown with aria-expanded = 'false'.
2025-02-24 14:22:35 [main] DEBUG l.i.u.tests.ApplicationFormsPageTest - Selected a value from the 'Municipality' dropdown: 'Kauno departamentas'
2025-02-24 14:22:35 [main] DEBUG l.i.u.tests.ApplicationFormsPageTest - Selected 'Budget By Country' radio button.
2025-02-24 14:22:35 [main] DEBUG l.i.u.tests.ApplicationFormsPageTest - Selected 'Financed Without Queue' option.
2025-02-24 14:22:35 [main] INFO  l.i.uztis.pages.ApplicationFormsPage - Located the dropdown button.
2025-02-24 14:22:36 [main] INFO  l.i.uztis.pages.ApplicationFormsPage - Successfully selected the value: 'DVP paraiškos vertinimo forma - I etapas'
2025-02-24 14:22:46 [main] ERROR l.i.uztis.pages.ApplicationFormsPage - Failed to close the dropdown with aria-expanded = 'false'.
2025-02-24 14:22:46 [main] DEBUG l.i.u.tests.ApplicationFormsPageTest - Selected a value from the 'EvaluationOne' dropdown: 'DVP paraiškos vertinimo forma - I etapas'
2025-02-24 14:22:46 [main] DEBUG l.i.u.tests.ApplicationFormsPageTest - Clicked 'Plus' button.
2025-02-24 14:22:47 [main] DEBUG l.i.u.tests.ApplicationFormsPageTest - Clicked 'Add' button seven times.
2025-02-24 14:22:47 [main] INFO  l.i.uztis.pages.ApplicationFormsPage - Processing dropdown index: 0
2025-02-24 14:22:58 [main] ERROR l.i.uztis.pages.ApplicationFormsPage - Timeout while waiting for dropdown to close at index: 0 with aria-expanded = 'false'
2025-02-24 14:22:58 [main] INFO  l.i.uztis.pages.ApplicationFormsPage - Processing dropdown index: 1
2025-02-24 14:23:08 [main] ERROR l.i.uztis.pages.ApplicationFormsPage - Timeout while waiting for dropdown to close at index: 1 with aria-expanded = 'false'
2025-02-24 14:23:08 [main] INFO  l.i.uztis.pages.ApplicationFormsPage - Processing dropdown index: 2
2025-02-24 14:23:19 [main] ERROR l.i.uztis.pages.ApplicationFormsPage - Timeout while waiting for dropdown to close at index: 2 with aria-expanded = 'false'
2025-02-24 14:23:19 [main] INFO  l.i.uztis.pages.ApplicationFormsPage - Processing dropdown index: 3
2025-02-24 14:23:30 [main] ERROR l.i.uztis.pages.ApplicationFormsPage - Timeout while waiting for dropdown to close at index: 3 with aria-expanded = 'false'
2025-02-24 14:23:30 [main] INFO  l.i.uztis.pages.ApplicationFormsPage - Processing dropdown index: 4
2025-02-24 14:23:40 [main] ERROR l.i.uztis.pages.ApplicationFormsPage - Timeout while waiting for dropdown to close at index: 4 with aria-expanded = 'false'
2025-02-24 14:23:40 [main] INFO  l.i.uztis.pages.ApplicationFormsPage - Processing dropdown index: 5
2025-02-24 14:23:51 [main] ERROR l.i.uztis.pages.ApplicationFormsPage - Timeout while waiting for dropdown to close at index: 5 with aria-expanded = 'false'
2025-02-24 14:23:51 [main] INFO  l.i.uztis.pages.ApplicationFormsPage - Processing dropdown index: 6
2025-02-24 14:24:02 [main] ERROR l.i.uztis.pages.ApplicationFormsPage - Timeout while waiting for dropdown to close at index: 6 with aria-expanded = 'false'
2025-02-24 14:24:02 [main] INFO  l.i.uztis.pages.ApplicationFormsPage - Processing dropdown index: 7
2025-02-24 14:24:14 [main] ERROR l.i.uztis.pages.ApplicationFormsPage - Timeout while waiting for dropdown to close at index: 7 with aria-expanded = 'false'
2025-02-24 14:24:14 [main] INFO  l.i.uztis.pages.ApplicationFormsPage - Processing input field index: 0
2025-02-24 14:24:14 [main] INFO  l.i.uztis.pages.ApplicationFormsPage - Entered value '50' into field index: 0
2025-02-24 14:24:14 [main] INFO  l.i.uztis.pages.ApplicationFormsPage - Processing input field index: 1
2025-02-24 14:24:14 [main] INFO  l.i.uztis.pages.ApplicationFormsPage - Entered value '924' into field index: 1
2025-02-24 14:24:14 [main] INFO  l.i.uztis.pages.ApplicationFormsPage - Processing input field index: 2
2025-02-24 14:24:14 [main] INFO  l.i.uztis.pages.ApplicationFormsPage - Entered value '31' into field index: 2
2025-02-24 14:24:14 [main] INFO  l.i.uztis.pages.ApplicationFormsPage - Processing input field index: 3
2025-02-24 14:24:14 [main] INFO  l.i.uztis.pages.ApplicationFormsPage - Entered value '4.7' into field index: 3
2025-02-24 14:24:14 [main] INFO  l.i.uztis.pages.ApplicationFormsPage - Processing input field index: 4
2025-02-24 14:24:14 [main] INFO  l.i.uztis.pages.ApplicationFormsPage - Entered value '35' into field index: 4
2025-02-24 14:24:14 [main] INFO  l.i.uztis.pages.ApplicationFormsPage - Processing input field index: 5
2025-02-24 14:24:14 [main] INFO  l.i.uztis.pages.ApplicationFormsPage - Entered value '20' into field index: 5
2025-02-24 14:24:14 [main] INFO  l.i.uztis.pages.ApplicationFormsPage - Processing input field index: 6
2025-02-24 14:24:15 [main] INFO  l.i.uztis.pages.ApplicationFormsPage - Entered value '30' into field index: 6
2025-02-24 14:24:15 [main] INFO  l.i.uztis.pages.ApplicationFormsPage - Processing input field index: 7
2025-02-24 14:24:15 [main] INFO  l.i.uztis.pages.ApplicationFormsPage - Entered value '60' into field index: 7
2025-02-24 14:24:15 [main] DEBUG l.i.u.tests.ApplicationFormsPageTest - Entered additional values and text.
2025-02-24 14:24:15 [main] DEBUG l.i.u.tests.ApplicationFormsPageTest - Entered application name: DVP paraiška
2025-02-24 14:24:15 [main] DEBUG l.i.u.tests.ApplicationFormsPageTest - Clicked the 'Save' button.
2025-02-24 14:24:15 [main] INFO  l.i.u.tests.ApplicationFormsPageTest - Verified success message: 'Duomenys sėkmingai išsaugoti.'
2025-02-24 14:24:15 [main] INFO  l.i.u.tests.ApplicationFormsPageTest - Verified that the 'Save Form' button is displayed.
2025-02-24 14:24:15 [main] INFO  l.i.u.tests.ApplicationFormsPageTest - Test 'testCreateNewDvpApplication' completed successfully.
2025-02-24 14:28:38 [main] INFO  lt.insoft.uztis.tests.UztisPageTest - Navigated to https://uztisdev.asseco.lt/home
2025-02-24 14:28:38 [main] INFO  l.i.uztis.tests.InvitationsPageTest - Starting test:'testCreateNewDvpInvitation'
2025-02-24 14:28:39 [main] DEBUG l.i.uztis.tests.InvitationsPageTest - User logged in with test credentials
2025-02-24 14:28:39 [main] DEBUG l.i.uztis.tests.InvitationsPageTest - Opened 'Application Processing' menu.
2025-02-24 14:28:39 [main] DEBUG l.i.uztis.tests.InvitationsPageTest - Clicked on 'Application Forms' menu.
2025-02-24 14:28:39 [main] DEBUG l.i.uztis.tests.InvitationsPageTest - Navigating to application forms menu.
2025-02-24 14:28:40 [main] DEBUG l.i.uztis.tests.InvitationsPageTest - Retrieved last description code text: 'TST-DVP-40'.
2025-02-24 14:28:40 [main] DEBUG l.i.uztis.tests.InvitationsPageTest - Clicked on 'Invitation' menu.
2025-02-24 14:28:40 [main] DEBUG l.i.uztis.tests.InvitationsPageTest - Clicked 'Create New Application Form'.
2025-02-24 14:28:41 [main] DEBUG l.i.uztis.tests.InvitationsPageTest - Selected section by code: 'TST-DVP-40'.
2025-02-24 14:28:41 [main] INFO  l.insoft.uztis.pages.InvitationsPage - Located the dropdown button.
2025-02-24 14:28:52 [main] ERROR l.insoft.uztis.pages.InvitationsPage - Timeout while waiting for dropdown to close with aria-expanded = 'false'.
2025-02-24 14:28:52 [main] DEBUG l.i.uztis.tests.InvitationsPageTest - Selected invitation number from the list.
2025-02-24 14:28:52 [main] DEBUG l.i.uztis.tests.InvitationsPageTest - Entered current date.
2025-02-24 14:28:53 [main] DEBUG l.i.uztis.tests.InvitationsPageTest - Entered start time: 00:00.
2025-02-24 14:28:53 [main] DEBUG l.i.uztis.tests.InvitationsPageTest - Entered end date.
2025-02-24 14:28:53 [main] DEBUG l.i.uztis.tests.InvitationsPageTest - Entered end time: 11:11.
2025-02-24 14:28:53 [main] DEBUG l.i.uztis.tests.InvitationsPageTest - Entered publication end date.
2025-02-24 14:28:53 [main] DEBUG l.i.uztis.tests.InvitationsPageTest - Added additional values.
2025-02-24 14:28:53 [main] INFO  l.insoft.uztis.pages.InvitationsPage - Located the dropdown button.
2025-02-24 14:28:54 [main] DEBUG l.i.uztis.tests.InvitationsPageTest - Selected the value: 'Didžiausia galima paramos suma aplinkos darbo vietai, Eur'
2025-02-24 14:28:54 [main] INFO  l.insoft.uztis.pages.InvitationsPage - Located the dropdown button.
2025-02-24 14:28:55 [main] DEBUG l.i.uztis.tests.InvitationsPageTest - Selected the value: 'Didžiausia galima paramos suma, Eur'
2025-02-24 14:28:55 [main] INFO  l.insoft.uztis.pages.InvitationsPage - Located the dropdown button.
2025-02-24 14:28:56 [main] DEBUG l.i.uztis.tests.InvitationsPageTest - Selected the value: 'Didžiausia galima paramos suma vienai darbo vietai, Eur'
2025-02-24 14:28:56 [main] DEBUG l.i.uztis.tests.InvitationsPageTest - Entered value: 11000
2025-02-24 14:28:56 [main] DEBUG l.i.uztis.tests.InvitationsPageTest - Entered value: 12000
2025-02-24 14:28:56 [main] DEBUG l.i.uztis.tests.InvitationsPageTest - Entered value: 13000
2025-02-24 14:28:57 [main] DEBUG l.i.uztis.tests.InvitationsPageTest - Checked 'Legal Entities' checkbox.
2025-02-24 14:28:57 [main] DEBUG l.i.uztis.tests.InvitationsPageTest - Unchecked 'Persons Registered with Employment Service' checkbox.
2025-02-24 14:28:57 [main] DEBUG l.i.uztis.tests.InvitationsPageTest - Checked 'Persons Registered as Employers' checkbox.
2025-02-24 14:28:57 [main] DEBUG l.i.uztis.tests.InvitationsPageTest - Entered budget: '2000'.
2025-02-24 14:28:57 [main] DEBUG l.i.uztis.tests.InvitationsPageTest - Entered description text: 'Aprašo tekstas'.
2025-02-24 14:28:57 [main] DEBUG l.i.uztis.tests.InvitationsPageTest - Entered applicants text: 'Pareiškėjų tekstas'.
2025-02-24 14:28:57 [main] DEBUG l.i.uztis.tests.InvitationsPageTest - Entered expenditures text: 'Išlaidų tekstas'.
2025-02-24 14:28:58 [main] DEBUG l.i.uztis.tests.InvitationsPageTest - Entered legislation text: 'Teisės aktų tekstas'.
2025-02-24 14:28:58 [main] DEBUG l.i.uztis.tests.InvitationsPageTest - Entered education text: 'Mokymų tekstas'.
2025-02-24 14:28:58 [main] DEBUG l.i.uztis.tests.InvitationsPageTest - File uploaded.
2025-02-24 14:28:58 [main] DEBUG l.i.uztis.tests.InvitationsPageTest - Clicked 'Publish'.
2025-02-24 14:28:58 [main] DEBUG l.i.uztis.tests.InvitationsPageTest - Publication confirmed.
2025-02-24 14:28:58 [main] DEBUG l.insoft.uztis.pages.InvitationsPage - Verified success message: 'Funkcija sėkmingai atlikta.'
2025-02-24 14:28:58 [main] INFO  l.i.uztis.tests.InvitationsPageTest - Test 'testCreateNewDvpInvitation' completed successfully.
2025-02-24 14:32:59 [main] INFO  lt.insoft.uztis.tests.UztisPageTest - Navigated to https://uztisdev.asseco.lt/home
2025-02-24 14:32:59 [main] INFO  l.i.u.t.SubmittedApplicationsPageTest - Starting test:'testFillNewDVPApplicationFA'
2025-02-24 14:33:00 [main] DEBUG l.i.u.t.SubmittedApplicationsPageTest - User logged in with test credentials.
2025-02-24 14:33:00 [main] DEBUG l.i.u.t.SubmittedApplicationsPageTest - Opened 'Application Processing' menu.
2025-02-24 14:33:00 [main] DEBUG l.i.u.t.SubmittedApplicationsPageTest - Clicked on 'Application Forms' menu.
2025-02-24 14:33:03 [main] DEBUG l.i.u.t.SubmittedApplicationsPageTest - Retrieved last description code text: 'TST-DVP-40'.
2025-02-24 14:33:03 [main] DEBUG l.i.u.t.SubmittedApplicationsPageTest - Clicked on 'Invitation' menu.
2025-02-24 14:33:03 [main] ERROR l.insoft.uztis.pages.InvitationsPage - Failed to select value in dropdown: Option with text 'TST-DVP-40' not found in dropdown!
2025-02-24 14:33:03 [main] ERROR l.i.u.t.SubmittedApplicationsPageTest - Test 'testFillNewDVPApplicationFA' failed with error: Option with text 'TST-DVP-40' not found in dropdown!
java.lang.RuntimeException: Option with text 'TST-DVP-40' not found in dropdown!
	at lt.insoft.uztis.pages.InvitationsPage.lambda$selectValueFromApplication$1(InvitationsPage.java:244)
	at java.base/java.util.Optional.orElseThrow(Optional.java:403)
	at lt.insoft.uztis.pages.InvitationsPage.selectValueFromApplication(InvitationsPage.java:244)
	at lt.insoft.uztis.tests.SubmittedApplicationsPageTest.getAndInsertInvitationCodeText(SubmittedApplicationsPageTest.java:49)
	at lt.insoft.uztis.tests.SubmittedApplicationsPageTest.testFillNewDVPApplicationFA(SubmittedApplicationsPageTest.java:514)
	at java.base/jdk.internal.reflect.DirectMethodHandleAccessor.invoke(DirectMethodHandleAccessor.java:103)
	at java.base/java.lang.reflect.Method.invoke(Method.java:580)
	at org.junit.platform.commons.util.ReflectionUtils.invokeMethod(ReflectionUtils.java:728)
	at org.junit.jupiter.engine.execution.MethodInvocation.proceed(MethodInvocation.java:60)
	at org.junit.jupiter.engine.execution.InvocationInterceptorChain$ValidatingInvocation.proceed(InvocationInterceptorChain.java:131)
	at org.junit.jupiter.engine.extension.TimeoutExtension.intercept(TimeoutExtension.java:156)
	at org.junit.jupiter.engine.extension.TimeoutExtension.interceptTestableMethod(TimeoutExtension.java:147)
	at org.junit.jupiter.engine.extension.TimeoutExtension.interceptTestMethod(TimeoutExtension.java:86)
	at org.junit.jupiter.engine.execution.InterceptingExecutableInvoker$ReflectiveInterceptorCall.lambda$ofVoidMethod$0(InterceptingExecutableInvoker.java:103)
	at org.junit.jupiter.engine.execution.InterceptingExecutableInvoker.lambda$invoke$0(InterceptingExecutableInvoker.java:93)
	at org.junit.jupiter.engine.execution.InvocationInterceptorChain$InterceptedInvocation.proceed(InvocationInterceptorChain.java:106)
	at org.junit.jupiter.engine.execution.InvocationInterceptorChain.proceed(InvocationInterceptorChain.java:64)
	at org.junit.jupiter.engine.execution.InvocationInterceptorChain.chainAndInvoke(InvocationInterceptorChain.java:45)
	at org.junit.jupiter.engine.execution.InvocationInterceptorChain.invoke(InvocationInterceptorChain.java:37)
	at org.junit.jupiter.engine.execution.InterceptingExecutableInvoker.invoke(InterceptingExecutableInvoker.java:92)
	at org.junit.jupiter.engine.execution.InterceptingExecutableInvoker.invoke(InterceptingExecutableInvoker.java:86)
	at org.junit.jupiter.engine.descriptor.TestMethodTestDescriptor.lambda$invokeTestMethod$7(TestMethodTestDescriptor.java:218)
	at org.junit.platform.engine.support.hierarchical.ThrowableCollector.execute(ThrowableCollector.java:73)
	at org.junit.jupiter.engine.descriptor.TestMethodTestDescriptor.invokeTestMethod(TestMethodTestDescriptor.java:214)
	at org.junit.jupiter.engine.descriptor.TestMethodTestDescriptor.execute(TestMethodTestDescriptor.java:139)
	at org.junit.jupiter.engine.descriptor.TestMethodTestDescriptor.execute(TestMethodTestDescriptor.java:69)
	at org.junit.platform.engine.support.hierarchical.NodeTestTask.lambda$executeRecursively$6(NodeTestTask.java:151)
	at org.junit.platform.engine.support.hierarchical.ThrowableCollector.execute(ThrowableCollector.java:73)
	at org.junit.platform.engine.support.hierarchical.NodeTestTask.lambda$executeRecursively$8(NodeTestTask.java:141)
	at org.junit.platform.engine.support.hierarchical.Node.around(Node.java:137)
	at org.junit.platform.engine.support.hierarchical.NodeTestTask.lambda$executeRecursively$9(NodeTestTask.java:139)
	at org.junit.platform.engine.support.hierarchical.ThrowableCollector.execute(ThrowableCollector.java:73)
	at org.junit.platform.engine.support.hierarchical.NodeTestTask.executeRecursively(NodeTestTask.java:138)
	at org.junit.platform.engine.support.hierarchical.NodeTestTask.execute(NodeTestTask.java:95)
	at java.base/java.util.ArrayList.forEach(ArrayList.java:1596)
	at org.junit.platform.engine.support.hierarchical.SameThreadHierarchicalTestExecutorService.invokeAll(SameThreadHierarchicalTestExecutorService.java:41)
	at org.junit.platform.engine.support.hierarchical.NodeTestTask.lambda$executeRecursively$6(NodeTestTask.java:155)
	at org.junit.platform.engine.support.hierarchical.ThrowableCollector.execute(ThrowableCollector.java:73)
	at org.junit.platform.engine.support.hierarchical.NodeTestTask.lambda$executeRecursively$8(NodeTestTask.java:141)
	at org.junit.platform.engine.support.hierarchical.Node.around(Node.java:137)
	at org.junit.platform.engine.support.hierarchical.NodeTestTask.lambda$executeRecursively$9(NodeTestTask.java:139)
	at org.junit.platform.engine.support.hierarchical.ThrowableCollector.execute(ThrowableCollector.java:73)
	at org.junit.platform.engine.support.hierarchical.NodeTestTask.executeRecursively(NodeTestTask.java:138)
	at org.junit.platform.engine.support.hierarchical.NodeTestTask.execute(NodeTestTask.java:95)
	at java.base/java.util.ArrayList.forEach(ArrayList.java:1596)
	at org.junit.platform.engine.support.hierarchical.SameThreadHierarchicalTestExecutorService.invokeAll(SameThreadHierarchicalTestExecutorService.java:41)
	at org.junit.platform.engine.support.hierarchical.NodeTestTask.lambda$executeRecursively$6(NodeTestTask.java:155)
	at org.junit.platform.engine.support.hierarchical.ThrowableCollector.execute(ThrowableCollector.java:73)
	at org.junit.platform.engine.support.hierarchical.NodeTestTask.lambda$executeRecursively$8(NodeTestTask.java:141)
	at org.junit.platform.engine.support.hierarchical.Node.around(Node.java:137)
	at org.junit.platform.engine.support.hierarchical.NodeTestTask.lambda$executeRecursively$9(NodeTestTask.java:139)
	at org.junit.platform.engine.support.hierarchical.ThrowableCollector.execute(ThrowableCollector.java:73)
	at org.junit.platform.engine.support.hierarchical.NodeTestTask.executeRecursively(NodeTestTask.java:138)
	at org.junit.platform.engine.support.hierarchical.NodeTestTask.execute(NodeTestTask.java:95)
	at org.junit.platform.engine.support.hierarchical.SameThreadHierarchicalTestExecutorService.submit(SameThreadHierarchicalTestExecutorService.java:35)
	at org.junit.platform.engine.support.hierarchical.HierarchicalTestExecutor.execute(HierarchicalTestExecutor.java:57)
	at org.junit.platform.engine.support.hierarchical.HierarchicalTestEngine.execute(HierarchicalTestEngine.java:54)
	at org.junit.platform.launcher.core.EngineExecutionOrchestrator.execute(EngineExecutionOrchestrator.java:198)
	at org.junit.platform.launcher.core.EngineExecutionOrchestrator.execute(EngineExecutionOrchestrator.java:169)
	at org.junit.platform.launcher.core.EngineExecutionOrchestrator.execute(EngineExecutionOrchestrator.java:93)
	at org.junit.platform.launcher.core.EngineExecutionOrchestrator.lambda$execute$0(EngineExecutionOrchestrator.java:58)
	at org.junit.platform.launcher.core.EngineExecutionOrchestrator.withInterceptedStreams(EngineExecutionOrchestrator.java:141)
	at org.junit.platform.launcher.core.EngineExecutionOrchestrator.execute(EngineExecutionOrchestrator.java:57)
	at org.junit.platform.launcher.core.DefaultLauncher.execute(DefaultLauncher.java:103)
	at org.junit.platform.launcher.core.DefaultLauncher.execute(DefaultLauncher.java:85)
	at org.junit.platform.launcher.core.DelegatingLauncher.execute(DelegatingLauncher.java:47)
	at org.junit.platform.launcher.core.SessionPerRequestLauncher.execute(SessionPerRequestLauncher.java:63)
	at com.intellij.junit5.JUnit5IdeaTestRunner.startRunnerWithArgs(JUnit5IdeaTestRunner.java:57)
	at com.intellij.rt.junit.IdeaTestRunner$Repeater$1.execute(IdeaTestRunner.java:38)
	at com.intellij.rt.execution.junit.TestsRepeater.repeat(TestsRepeater.java:11)
	at com.intellij.rt.junit.IdeaTestRunner$Repeater.startRunnerWithArgs(IdeaTestRunner.java:35)
	at com.intellij.rt.junit.JUnitStarter.prepareStreamsAndStart(JUnitStarter.java:232)
	at com.intellij.rt.junit.JUnitStarter.main(JUnitStarter.java:55)
2025-02-24 14:33:03 [main] INFO  l.insoft.uztis.tests.utils.TestUtils - Screenshot moved to C:\Users\ingrida.zadorozniene\Desktop\Asm\UZTIS\UZTIS_tests\test-output\screenshots\20250224\143303666_testFillNewDVPApplicationFA().png
2025-02-24 14:33:20 [main] INFO  lt.insoft.uztis.tests.UztisPageTest - Navigated to https://uztisdev.asseco.lt/home
2025-02-24 14:33:20 [main] INFO  l.i.u.t.SubmittedApplicationsPageTest - Starting test:'testFillNewDVPApplicationFA'
2025-02-24 14:33:20 [main] DEBUG l.i.u.t.SubmittedApplicationsPageTest - User logged in with test credentials.
2025-02-24 14:33:21 [main] DEBUG l.i.u.t.SubmittedApplicationsPageTest - Opened 'Application Processing' menu.
2025-02-24 14:33:21 [main] DEBUG l.i.u.t.SubmittedApplicationsPageTest - Clicked on 'Application Forms' menu.
2025-02-24 14:33:22 [main] DEBUG l.i.u.t.SubmittedApplicationsPageTest - Retrieved last description code text: 'TST-DVP-40'.
2025-02-24 14:33:22 [main] DEBUG l.i.u.t.SubmittedApplicationsPageTest - Clicked on 'Invitation' menu.
2025-02-24 14:33:23 [main] DEBUG l.i.u.t.SubmittedApplicationsPageTest - Selected application section by code: 'TST-DVP-40'.
2025-02-24 14:33:23 [main] DEBUG l.i.u.t.SubmittedApplicationsPageTest - Clicked 'Search' button.
2025-02-24 14:33:23 [main] DEBUG l.i.u.t.SubmittedApplicationsPageTest - Retrieved invitation code: ''.
2025-02-24 14:33:23 [main] DEBUG l.i.u.t.SubmittedApplicationsPageTest - Clicked on 'Submitted Applications' menu.
2025-02-24 14:33:24 [main] DEBUG l.i.u.t.SubmittedApplicationsPageTest - Selected invitation by code: 'TST-DVP-40'.
2025-02-24 14:33:24 [main] DEBUG l.i.u.t.SubmittedApplicationsPageTest - Invitation code inserted.
2025-02-24 14:33:24 [main] DEBUG l.i.u.t.SubmittedApplicationsPageTest - Clicked on 'Action Application' button.
2025-02-24 14:33:25 [main] DEBUG l.i.u.t.SubmittedApplicationsPageTest - Clicked on 'New Application' button.
2025-02-24 14:33:25 [main] DEBUG l.i.u.t.SubmittedApplicationsPageTest - Selected the 'RadioButtonFA' option.
2025-02-24 14:33:25 [main] DEBUG l.i.u.t.SubmittedApplicationsPageTest - Entered phone number: '61298745'.
2025-02-24 14:33:25 [main] DEBUG l.i.u.t.SubmittedApplicationsPageTest - Entered email: 'test@autotest.com'.
2025-02-24 14:33:26 [main] DEBUG l.i.u.t.SubmittedApplicationsPageTest - Checked 'For workplace adaptation' checkbox 1.
2025-02-24 14:33:26 [main] DEBUG l.i.u.t.SubmittedApplicationsPageTest - Checked 'For workplace adaptation' checkbox 2.
2025-02-24 14:33:26 [main] INFO  l.i.u.p.SubmittedApplicationsPage - Located the dropdown button.
2025-02-24 14:33:46 [main] INFO  l.i.u.p.SubmittedApplicationsPage - Found 1741 options in the dropdown.
2025-02-24 14:33:46 [main] INFO  l.i.u.p.SubmittedApplicationsPage - Successfully selected the value: '01.11 - Grūdinių (išskyrus ryžius), ankštinių ir aliejingų sėklų augalų auginimas'
2025-02-24 14:33:56 [main] ERROR l.i.u.p.SubmittedApplicationsPage - Failed to close the dropdown with aria-expanded = 'false'. Attempting manual close.
2025-02-24 14:33:56 [main] INFO  l.i.u.p.SubmittedApplicationsPage - Manual close attempt for the dropdown using body click.
2025-02-24 14:33:56 [main] DEBUG l.i.u.t.SubmittedApplicationsPageTest - Selected EVRK value: '01.11 - Grūdinių (išskyrus ryžius), ankštinių ir aliejingų sėklų augalų auginimas'.
2025-02-24 14:33:56 [main] DEBUG l.i.u.t.SubmittedApplicationsPageTest - Entered address: 'Vilniaus m. sav., Vilnius, Testo g. 10T'.
2025-02-24 14:33:57 [main] DEBUG l.i.u.t.SubmittedApplicationsPageTest - Selected 'For already working' option.
2025-02-24 14:33:57 [main] DEBUG l.i.u.t.SubmittedApplicationsPageTest - Entered person count1: '1'.
2025-02-24 14:33:57 [main] DEBUG l.i.u.t.SubmittedApplicationsPageTest - Selected 'For new working' option.
2025-02-24 14:33:57 [main] DEBUG l.i.u.t.SubmittedApplicationsPageTest - Entered person count2: '1'.
2025-02-24 14:33:57 [main] DEBUG l.i.u.t.SubmittedApplicationsPageTest - Clicked 'Next' button after checkboxes.
2025-02-24 14:33:57 [main] INFO  l.i.u.p.SubmittedApplicationsPage - Located the dropdown button.
2025-02-24 14:33:58 [main] INFO  l.i.u.p.SubmittedApplicationsPage - Successfully selected the value: 'Administratoriai'
2025-02-24 14:34:29 [main] ERROR l.i.u.p.SubmittedApplicationsPage - Timeout while waiting for dropdown to close with aria-expanded = 'false'.
2025-02-24 14:34:29 [main] DEBUG l.i.u.t.SubmittedApplicationsPageTest - Selected adaptable job name: 'Administratoriai'.
2025-02-24 14:34:29 [main] DEBUG l.i.u.t.SubmittedApplicationsPageTest - Entered job date.
2025-02-24 14:34:29 [main] DEBUG l.i.u.t.SubmittedApplicationsPageTest - Entered job function: 'Funkcija 1'.
2025-02-24 14:34:29 [main] DEBUG l.i.u.t.SubmittedApplicationsPageTest - Selected 'ForAlreadyWorking' 'no' option.
2025-02-24 14:34:29 [main] INFO  l.i.u.p.SubmittedApplicationsPage - Clicking on the dropdown button.
2025-02-24 14:34:30 [main] INFO  l.i.u.p.SubmittedApplicationsPage - Found 6 options in the dropdown.
2025-02-24 14:34:30 [main] DEBUG l.i.u.p.SubmittedApplicationsPage - Checking option: 'Lengvo neįgalumo lygis ar 45-55 procentų dalyvumo lygis (iki 2023 m. gruodžio 31 d. – 45-55 procentų darbingumo lygis)'
2025-02-24 14:34:30 [main] DEBUG l.i.u.p.SubmittedApplicationsPage - Checking option: 'Lengvo neįgalumo lygis ar 45-55 procentų dalyvumo lygis (iki 2023 m. gruodžio 31 d. – 45-55 procentų darbingumo lygis)'
2025-02-24 14:34:30 [main] DEBUG l.i.u.p.SubmittedApplicationsPage - Checking option: 'Sunkaus neįgalumo lygis ar neviršijantis 25 procentų dalyvumo lygis (iki 2023 metų gruodžio 31 dienos – iki 25 procentų darbingumo lygis)'
2025-02-24 14:34:30 [main] INFO  l.i.u.p.SubmittedApplicationsPage - Successfully selected the value: 'Sunkaus neįgalumo lygis ar neviršijantis 25 procentų dalyvumo lygis (iki 2023 metų gruodžio 31 dienos – iki 25 procentų darbingumo lygis)'
2025-02-24 14:34:30 [main] INFO  l.i.u.p.SubmittedApplicationsPage - Attempting to close the dropdown.
2025-02-24 14:34:41 [main] INFO  l.i.u.p.SubmittedApplicationsPage - Dropdown should be closed now.
2025-02-24 14:34:41 [main] DEBUG l.i.u.t.SubmittedApplicationsPageTest - Selected disabilities type: 'Sunkaus neįgalumo lygis ar neviršijantis 25 procentų dalyvumo lygis (iki 2023 metų gruodžio 31 dienos – iki 25 procentų darbingumo lygis)'.
2025-02-24 14:34:41 [main] DEBUG l.i.u.t.SubmittedApplicationsPageTest - Entered disability information: 'Negalia 1'.
2025-02-24 14:34:41 [main] DEBUG l.i.u.t.SubmittedApplicationsPageTest - Entered qualification: 'Kvalifikacija 1'.
2025-02-24 14:34:41 [main] DEBUG l.i.u.t.SubmittedApplicationsPageTest - Entered job description: 'Darbo vietos aprašymas 1'.
2025-02-24 14:34:41 [main] DEBUG l.i.u.t.SubmittedApplicationsPageTest - Entered equipment description: 'Priemonių įsigyjimas 1'.
2025-02-24 14:34:41 [main] DEBUG l.i.u.t.SubmittedApplicationsPageTest - Entered work information: 'Darbai 1'.
2025-02-24 14:34:41 [main] INFO  l.i.u.p.SubmittedApplicationsPage - Located the dropdown button.
2025-02-24 14:34:42 [main] INFO  l.i.u.p.SubmittedApplicationsPage - Successfully selected the value: 'Kita'
2025-02-24 14:34:52 [main] ERROR l.i.u.p.SubmittedApplicationsPage - Timeout while waiting for dropdown to close with aria-expanded = 'false'.
2025-02-24 14:34:52 [main] DEBUG l.i.u.t.SubmittedApplicationsPageTest - Selected time mode: 'Kita'.
2025-02-24 14:34:52 [main] DEBUG l.i.u.t.SubmittedApplicationsPageTest - Selected time mode other: '6 val. per dieną ir 4 d. per savaitę'.
2025-02-24 14:34:52 [main] DEBUG l.i.u.t.SubmittedApplicationsPageTest - Entered salary amount: '1200'.
2025-02-24 14:34:53 [main] DEBUG l.i.u.t.SubmittedApplicationsPageTest - Selected 'Temporary Job' radio button.
2025-02-24 14:34:53 [main] DEBUG l.i.u.t.SubmittedApplicationsPageTest - Selected 'Season Job' radio button.
2025-02-24 14:34:53 [main] DEBUG l.i.u.t.SubmittedApplicationsPageTest - Selected 'PVM' radio button.
2025-02-24 14:34:53 [main] INFO  l.i.u.p.SubmittedApplicationsPage - Located the dropdown button.
2025-02-24 14:34:53 [main] INFO  l.i.u.p.SubmittedApplicationsPage - Successfully selected the value: 'Darbo vietos pritaikymui'
2025-02-24 14:35:24 [main] ERROR l.i.u.p.SubmittedApplicationsPage - Timeout while waiting for dropdown to close with aria-expanded = 'false'.
2025-02-24 14:35:24 [main] DEBUG l.i.u.t.SubmittedApplicationsPageTest - Selected adaptable job name: 'Darbo vietos pritaikymui'.
2025-02-24 14:35:24 [main] DEBUG l.i.u.p.SubmittedApplicationsPage - Located the dropdown button 'Reikalinga'.
2025-02-24 14:35:24 [main] INFO  l.i.u.p.SubmittedApplicationsPage - Successfully selected the value: 'Įsigyti'
2025-02-24 14:35:24 [main] DEBUG l.i.u.t.SubmittedApplicationsPageTest - Selected necessary for job: 'Įsigyti'.
2025-02-24 14:35:25 [main] DEBUG l.i.u.t.SubmittedApplicationsPageTest - Selected tool: 'Darbo priemonė 1'.
2025-02-24 14:35:25 [main] DEBUG l.i.u.t.SubmittedApplicationsPageTest - Selected tool parameter one: 'Darbo priemonės 1 parametras 1'.
2025-02-24 14:35:25 [main] DEBUG l.i.u.t.SubmittedApplicationsPageTest - Selected tool parameter two: 'Darbo priemonės 1 parametras 2'.
2025-02-24 14:35:25 [main] DEBUG l.i.u.t.SubmittedApplicationsPageTest - Selected tool parameter three: 'Darbo priemonės 1 parametras 3'.
2025-02-24 14:35:25 [main] DEBUG l.i.u.t.SubmittedApplicationsPageTest - Entered tool count: '1'.
2025-02-24 14:35:25 [main] DEBUG l.i.u.t.SubmittedApplicationsPageTest - Entered price amount: '1000'.
2025-02-24 14:35:26 [main] DEBUG l.i.u.t.SubmittedApplicationsPageTest - Entered own funds amount: '800'.
2025-02-24 14:35:26 [main] DEBUG l.i.u.t.SubmittedApplicationsPageTest - Selected 'De Minimis' radio button.
2025-02-24 14:35:26 [main] DEBUG l.i.u.t.SubmittedApplicationsPageTest - Entered program name: 'Programa 1'.
2025-02-24 14:35:26 [main] DEBUG l.i.u.t.SubmittedApplicationsPageTest - Entered project date from.
2025-02-24 14:35:26 [main] DEBUG l.i.u.t.SubmittedApplicationsPageTest - Entered project date until.
2025-02-24 14:35:27 [main] DEBUG l.i.u.t.SubmittedApplicationsPageTest - Entered support amount: '2000'.
2025-02-24 14:35:57 [main] ERROR l.i.u.t.SubmittedApplicationsPageTest - Test 'testFillNewDVPApplicationFA' failed with error: no such element: Unable to locate element: {"method":"xpath","selector":"(//div[contains(@class, 'mdc-checkbox')]//input[@type='checkbox'])[3]"}
  (Session info: chrome=133.0.6943.127)
For documentation on this error, please visit: https://www.selenium.dev/documentation/webdriver/troubleshooting/errors#no-such-element-exception
Build info: version: '4.27.0', revision: 'd6e718d134'
System info: os.name: 'Windows 11', os.arch: 'amd64', os.version: '10.0', java.version: '21.0.3'
Driver info: org.openqa.selenium.chrome.ChromeDriver
Command: [d8d82e46ac4da7e14b1534c9c99062e4, findElement {using=xpath, value=(//div[contains(@class, 'mdc-checkbox')]//input[@type='checkbox'])[3]}]
Capabilities {acceptInsecureCerts: false, browserName: chrome, browserVersion: 133.0.6943.127, chrome: {chromedriverVersion: 133.0.6943.126 (cffa127ce7b..., userDataDir: C:\Users\INGRID~1.ZAD\AppDa...}, fedcm:accounts: true, goog:chromeOptions: {debuggerAddress: localhost:61584}, networkConnectionEnabled: false, pageLoadStrategy: normal, platformName: windows, proxy: Proxy(), se:cdp: ws://localhost:61584/devtoo..., se:cdpVersion: 133.0.6943.127, setWindowRect: true, strictFileInteractability: false, timeouts: {implicit: 0, pageLoad: 300000, script: 30000}, unhandledPromptBehavior: dismiss and notify, webauthn:extension:credBlob: true, webauthn:extension:largeBlob: true, webauthn:extension:minPinLength: true, webauthn:extension:prf: true, webauthn:virtualAuthenticators: true}
Session ID: d8d82e46ac4da7e14b1534c9c99062e4
org.openqa.selenium.NoSuchElementException: no such element: Unable to locate element: {"method":"xpath","selector":"(//div[contains(@class, 'mdc-checkbox')]//input[@type='checkbox'])[3]"}
  (Session info: chrome=133.0.6943.127)
For documentation on this error, please visit: https://www.selenium.dev/documentation/webdriver/troubleshooting/errors#no-such-element-exception
Build info: version: '4.27.0', revision: 'd6e718d134'
System info: os.name: 'Windows 11', os.arch: 'amd64', os.version: '10.0', java.version: '21.0.3'
Driver info: org.openqa.selenium.chrome.ChromeDriver
Command: [d8d82e46ac4da7e14b1534c9c99062e4, findElement {using=xpath, value=(//div[contains(@class, 'mdc-checkbox')]//input[@type='checkbox'])[3]}]
Capabilities {acceptInsecureCerts: false, browserName: chrome, browserVersion: 133.0.6943.127, chrome: {chromedriverVersion: 133.0.6943.126 (cffa127ce7b..., userDataDir: C:\Users\INGRID~1.ZAD\AppDa...}, fedcm:accounts: true, goog:chromeOptions: {debuggerAddress: localhost:61584}, networkConnectionEnabled: false, pageLoadStrategy: normal, platformName: windows, proxy: Proxy(), se:cdp: ws://localhost:61584/devtoo..., se:cdpVersion: 133.0.6943.127, setWindowRect: true, strictFileInteractability: false, timeouts: {implicit: 0, pageLoad: 300000, script: 30000}, unhandledPromptBehavior: dismiss and notify, webauthn:extension:credBlob: true, webauthn:extension:largeBlob: true, webauthn:extension:minPinLength: true, webauthn:extension:prf: true, webauthn:virtualAuthenticators: true}
Session ID: d8d82e46ac4da7e14b1534c9c99062e4
	at java.base/jdk.internal.reflect.DirectConstructorHandleAccessor.newInstance(DirectConstructorHandleAccessor.java:62)
	at java.base/java.lang.reflect.Constructor.newInstanceWithCaller(Constructor.java:502)
	at java.base/java.lang.reflect.Constructor.newInstance(Constructor.java:486)
	at org.openqa.selenium.remote.ErrorCodec.decode(ErrorCodec.java:167)
	at org.openqa.selenium.remote.codec.w3c.W3CHttpResponseCodec.decode(W3CHttpResponseCodec.java:138)
	at org.openqa.selenium.remote.codec.w3c.W3CHttpResponseCodec.decode(W3CHttpResponseCodec.java:50)
	at org.openqa.selenium.remote.HttpCommandExecutor.execute(HttpCommandExecutor.java:190)
	at org.openqa.selenium.remote.service.DriverCommandExecutor.invokeExecute(DriverCommandExecutor.java:216)
	at org.openqa.selenium.remote.service.DriverCommandExecutor.execute(DriverCommandExecutor.java:174)
	at org.openqa.selenium.remote.RemoteWebDriver.execute(RemoteWebDriver.java:545)
	at org.openqa.selenium.remote.ElementLocation$ElementFinder$2.findElement(ElementLocation.java:165)
	at org.openqa.selenium.remote.ElementLocation.findElement(ElementLocation.java:59)
	at org.openqa.selenium.remote.RemoteWebDriver.findElement(RemoteWebDriver.java:368)
	at org.openqa.selenium.remote.RemoteWebDriver.findElement(RemoteWebDriver.java:362)
	at org.openqa.selenium.support.pagefactory.DefaultElementLocator.findElement(DefaultElementLocator.java:68)
	at org.openqa.selenium.support.pagefactory.internal.LocatingElementHandler.invoke(LocatingElementHandler.java:38)
	at jdk.proxy2/jdk.proxy2.$Proxy14.getWrappedElement(Unknown Source)
	at org.openqa.selenium.remote.WebElementToJsonConverter.apply(WebElementToJsonConverter.java:48)
	at java.base/java.util.stream.ReferencePipeline$3$1.accept(ReferencePipeline.java:197)
	at java.base/java.util.Spliterators$ArraySpliterator.forEachRemaining(Spliterators.java:1024)
	at java.base/java.util.stream.AbstractPipeline.copyInto(AbstractPipeline.java:509)
	at java.base/java.util.stream.AbstractPipeline.wrapAndCopyInto(AbstractPipeline.java:499)
	at java.base/java.util.stream.ReduceOps$ReduceOp.evaluateSequential(ReduceOps.java:921)
	at java.base/java.util.stream.AbstractPipeline.evaluate(AbstractPipeline.java:234)
	at java.base/java.util.stream.ReferencePipeline.collect(ReferencePipeline.java:682)
	at org.openqa.selenium.remote.RemoteWebDriver.executeScript(RemoteWebDriver.java:474)
	at lt.insoft.uztis.pages.SubmittedApplicationsPage$CheckboxHelper.clickWithJavaScript(SubmittedApplicationsPage.java:1460)
	at lt.insoft.uztis.pages.SubmittedApplicationsPage$CheckboxHelper.setConfirmationCheckbox(SubmittedApplicationsPage.java:1449)
	at lt.insoft.uztis.tests.SubmittedApplicationsPageTest.testFillNewDVPApplicationFA(SubmittedApplicationsPageTest.java:703)
	at java.base/jdk.internal.reflect.DirectMethodHandleAccessor.invoke(DirectMethodHandleAccessor.java:103)
	at java.base/java.lang.reflect.Method.invoke(Method.java:580)
	at org.junit.platform.commons.util.ReflectionUtils.invokeMethod(ReflectionUtils.java:728)
	at org.junit.jupiter.engine.execution.MethodInvocation.proceed(MethodInvocation.java:60)
	at org.junit.jupiter.engine.execution.InvocationInterceptorChain$ValidatingInvocation.proceed(InvocationInterceptorChain.java:131)
	at org.junit.jupiter.engine.extension.TimeoutExtension.intercept(TimeoutExtension.java:156)
	at org.junit.jupiter.engine.extension.TimeoutExtension.interceptTestableMethod(TimeoutExtension.java:147)
	at org.junit.jupiter.engine.extension.TimeoutExtension.interceptTestMethod(TimeoutExtension.java:86)
	at org.junit.jupiter.engine.execution.InterceptingExecutableInvoker$ReflectiveInterceptorCall.lambda$ofVoidMethod$0(InterceptingExecutableInvoker.java:103)
	at org.junit.jupiter.engine.execution.InterceptingExecutableInvoker.lambda$invoke$0(InterceptingExecutableInvoker.java:93)
	at org.junit.jupiter.engine.execution.InvocationInterceptorChain$InterceptedInvocation.proceed(InvocationInterceptorChain.java:106)
	at org.junit.jupiter.engine.execution.InvocationInterceptorChain.proceed(InvocationInterceptorChain.java:64)
	at org.junit.jupiter.engine.execution.InvocationInterceptorChain.chainAndInvoke(InvocationInterceptorChain.java:45)
	at org.junit.jupiter.engine.execution.InvocationInterceptorChain.invoke(InvocationInterceptorChain.java:37)
	at org.junit.jupiter.engine.execution.InterceptingExecutableInvoker.invoke(InterceptingExecutableInvoker.java:92)
	at org.junit.jupiter.engine.execution.InterceptingExecutableInvoker.invoke(InterceptingExecutableInvoker.java:86)
	at org.junit.jupiter.engine.descriptor.TestMethodTestDescriptor.lambda$invokeTestMethod$7(TestMethodTestDescriptor.java:218)
	at org.junit.platform.engine.support.hierarchical.ThrowableCollector.execute(ThrowableCollector.java:73)
	at org.junit.jupiter.engine.descriptor.TestMethodTestDescriptor.invokeTestMethod(TestMethodTestDescriptor.java:214)
	at org.junit.jupiter.engine.descriptor.TestMethodTestDescriptor.execute(TestMethodTestDescriptor.java:139)
	at org.junit.jupiter.engine.descriptor.TestMethodTestDescriptor.execute(TestMethodTestDescriptor.java:69)
	at org.junit.platform.engine.support.hierarchical.NodeTestTask.lambda$executeRecursively$6(NodeTestTask.java:151)
	at org.junit.platform.engine.support.hierarchical.ThrowableCollector.execute(ThrowableCollector.java:73)
	at org.junit.platform.engine.support.hierarchical.NodeTestTask.lambda$executeRecursively$8(NodeTestTask.java:141)
	at org.junit.platform.engine.support.hierarchical.Node.around(Node.java:137)
	at org.junit.platform.engine.support.hierarchical.NodeTestTask.lambda$executeRecursively$9(NodeTestTask.java:139)
	at org.junit.platform.engine.support.hierarchical.ThrowableCollector.execute(ThrowableCollector.java:73)
	at org.junit.platform.engine.support.hierarchical.NodeTestTask.executeRecursively(NodeTestTask.java:138)
	at org.junit.platform.engine.support.hierarchical.NodeTestTask.execute(NodeTestTask.java:95)
	at java.base/java.util.ArrayList.forEach(ArrayList.java:1596)
	at org.junit.platform.engine.support.hierarchical.SameThreadHierarchicalTestExecutorService.invokeAll(SameThreadHierarchicalTestExecutorService.java:41)
	at org.junit.platform.engine.support.hierarchical.NodeTestTask.lambda$executeRecursively$6(NodeTestTask.java:155)
	at org.junit.platform.engine.support.hierarchical.ThrowableCollector.execute(ThrowableCollector.java:73)
	at org.junit.platform.engine.support.hierarchical.NodeTestTask.lambda$executeRecursively$8(NodeTestTask.java:141)
	at org.junit.platform.engine.support.hierarchical.Node.around(Node.java:137)
	at org.junit.platform.engine.support.hierarchical.NodeTestTask.lambda$executeRecursively$9(NodeTestTask.java:139)
	at org.junit.platform.engine.support.hierarchical.ThrowableCollector.execute(ThrowableCollector.java:73)
	at org.junit.platform.engine.support.hierarchical.NodeTestTask.executeRecursively(NodeTestTask.java:138)
	at org.junit.platform.engine.support.hierarchical.NodeTestTask.execute(NodeTestTask.java:95)
	at java.base/java.util.ArrayList.forEach(ArrayList.java:1596)
	at org.junit.platform.engine.support.hierarchical.SameThreadHierarchicalTestExecutorService.invokeAll(SameThreadHierarchicalTestExecutorService.java:41)
	at org.junit.platform.engine.support.hierarchical.NodeTestTask.lambda$executeRecursively$6(NodeTestTask.java:155)
	at org.junit.platform.engine.support.hierarchical.ThrowableCollector.execute(ThrowableCollector.java:73)
	at org.junit.platform.engine.support.hierarchical.NodeTestTask.lambda$executeRecursively$8(NodeTestTask.java:141)
	at org.junit.platform.engine.support.hierarchical.Node.around(Node.java:137)
	at org.junit.platform.engine.support.hierarchical.NodeTestTask.lambda$executeRecursively$9(NodeTestTask.java:139)
	at org.junit.platform.engine.support.hierarchical.ThrowableCollector.execute(ThrowableCollector.java:73)
	at org.junit.platform.engine.support.hierarchical.NodeTestTask.executeRecursively(NodeTestTask.java:138)
	at org.junit.platform.engine.support.hierarchical.NodeTestTask.execute(NodeTestTask.java:95)
	at org.junit.platform.engine.support.hierarchical.SameThreadHierarchicalTestExecutorService.submit(SameThreadHierarchicalTestExecutorService.java:35)
	at org.junit.platform.engine.support.hierarchical.HierarchicalTestExecutor.execute(HierarchicalTestExecutor.java:57)
	at org.junit.platform.engine.support.hierarchical.HierarchicalTestEngine.execute(HierarchicalTestEngine.java:54)
	at org.junit.platform.launcher.core.EngineExecutionOrchestrator.execute(EngineExecutionOrchestrator.java:198)
	at org.junit.platform.launcher.core.EngineExecutionOrchestrator.execute(EngineExecutionOrchestrator.java:169)
	at org.junit.platform.launcher.core.EngineExecutionOrchestrator.execute(EngineExecutionOrchestrator.java:93)
	at org.junit.platform.launcher.core.EngineExecutionOrchestrator.lambda$execute$0(EngineExecutionOrchestrator.java:58)
	at org.junit.platform.launcher.core.EngineExecutionOrchestrator.withInterceptedStreams(EngineExecutionOrchestrator.java:141)
	at org.junit.platform.launcher.core.EngineExecutionOrchestrator.execute(EngineExecutionOrchestrator.java:57)
	at org.junit.platform.launcher.core.DefaultLauncher.execute(DefaultLauncher.java:103)
	at org.junit.platform.launcher.core.DefaultLauncher.execute(DefaultLauncher.java:85)
	at org.junit.platform.launcher.core.DelegatingLauncher.execute(DelegatingLauncher.java:47)
	at org.junit.platform.launcher.core.SessionPerRequestLauncher.execute(SessionPerRequestLauncher.java:63)
	at com.intellij.junit5.JUnit5IdeaTestRunner.startRunnerWithArgs(JUnit5IdeaTestRunner.java:57)
	at com.intellij.rt.junit.IdeaTestRunner$Repeater$1.execute(IdeaTestRunner.java:38)
	at com.intellij.rt.execution.junit.TestsRepeater.repeat(TestsRepeater.java:11)
	at com.intellij.rt.junit.IdeaTestRunner$Repeater.startRunnerWithArgs(IdeaTestRunner.java:35)
	at com.intellij.rt.junit.JUnitStarter.prepareStreamsAndStart(JUnitStarter.java:232)
	at com.intellij.rt.junit.JUnitStarter.main(JUnitStarter.java:55)
2025-02-24 14:35:57 [main] INFO  l.insoft.uztis.tests.utils.TestUtils - Screenshot moved to C:\Users\ingrida.zadorozniene\Desktop\Asm\UZTIS\UZTIS_tests\test-output\screenshots\20250224\143557333_testFillNewDVPApplicationFA().png
2025-02-27 07:50:10 [main] INFO  lt.insoft.uztis.tests.UztisPageTest - Navigated to https://uztisdev.asseco.lt/home
2025-02-27 07:50:10 [main] INFO  l.i.u.tests.ApplicationFormsPageTest - Setup complete. ApplicationFormsPage initialized.
2025-02-27 07:50:10 [main] INFO  l.i.u.tests.ApplicationFormsPageTest - Starting test:'testCreateNewVuiApplication'
2025-02-27 07:50:10 [main] DEBUG l.i.u.tests.ApplicationFormsPageTest - User logged in with test credentials
2025-02-27 07:50:11 [main] DEBUG l.i.u.tests.ApplicationFormsPageTest - Opened 'Application Processing' menu.
2025-02-27 07:50:21 [main] ERROR l.i.u.tests.ApplicationFormsPageTest - Test 'testCreateNewVuiApplication' failed with error: element not interactable
  (Session info: chrome=133.0.6943.141)
Build info: version: '4.27.0', revision: 'd6e718d134'
System info: os.name: 'Windows 11', os.arch: 'amd64', os.version: '10.0', java.version: '21.0.3'
Driver info: org.openqa.selenium.chrome.ChromeDriver
Command: [6486d8bbada9b9391bf8d1cb6bc4af39, clickElement {id=f.6895E8D301C9175D21E347D0D31DE11D.d.B69CD9335622A09626B605D5ECC815C5.e.38}]
Capabilities {acceptInsecureCerts: false, browserName: chrome, browserVersion: 133.0.6943.141, chrome: {chromedriverVersion: 133.0.6943.141 (2a5d6da0d61..., userDataDir: C:\Users\INGRID~1.ZAD\AppDa...}, fedcm:accounts: true, goog:chromeOptions: {debuggerAddress: localhost:58072}, networkConnectionEnabled: false, pageLoadStrategy: normal, platformName: windows, proxy: Proxy(), se:cdp: ws://localhost:58072/devtoo..., se:cdpVersion: 133.0.6943.141, setWindowRect: true, strictFileInteractability: false, timeouts: {implicit: 0, pageLoad: 300000, script: 30000}, unhandledPromptBehavior: dismiss and notify, webauthn:extension:credBlob: true, webauthn:extension:largeBlob: true, webauthn:extension:minPinLength: true, webauthn:extension:prf: true, webauthn:virtualAuthenticators: true}
Element: [[ChromeDriver: chrome on windows (6486d8bbada9b9391bf8d1cb6bc4af39)] -> xpath: //a[@href='/application/description']]
Session ID: 6486d8bbada9b9391bf8d1cb6bc4af39
org.openqa.selenium.ElementNotInteractableException: element not interactable
  (Session info: chrome=133.0.6943.141)
Build info: version: '4.27.0', revision: 'd6e718d134'
System info: os.name: 'Windows 11', os.arch: 'amd64', os.version: '10.0', java.version: '21.0.3'
Driver info: org.openqa.selenium.chrome.ChromeDriver
Command: [6486d8bbada9b9391bf8d1cb6bc4af39, clickElement {id=f.6895E8D301C9175D21E347D0D31DE11D.d.B69CD9335622A09626B605D5ECC815C5.e.38}]
Capabilities {acceptInsecureCerts: false, browserName: chrome, browserVersion: 133.0.6943.141, chrome: {chromedriverVersion: 133.0.6943.141 (2a5d6da0d61..., userDataDir: C:\Users\INGRID~1.ZAD\AppDa...}, fedcm:accounts: true, goog:chromeOptions: {debuggerAddress: localhost:58072}, networkConnectionEnabled: false, pageLoadStrategy: normal, platformName: windows, proxy: Proxy(), se:cdp: ws://localhost:58072/devtoo..., se:cdpVersion: 133.0.6943.141, setWindowRect: true, strictFileInteractability: false, timeouts: {implicit: 0, pageLoad: 300000, script: 30000}, unhandledPromptBehavior: dismiss and notify, webauthn:extension:credBlob: true, webauthn:extension:largeBlob: true, webauthn:extension:minPinLength: true, webauthn:extension:prf: true, webauthn:virtualAuthenticators: true}
Element: [[ChromeDriver: chrome on windows (6486d8bbada9b9391bf8d1cb6bc4af39)] -> xpath: //a[@href='/application/description']]
Session ID: 6486d8bbada9b9391bf8d1cb6bc4af39
	at java.base/jdk.internal.reflect.DirectConstructorHandleAccessor.newInstance(DirectConstructorHandleAccessor.java:62)
	at java.base/java.lang.reflect.Constructor.newInstanceWithCaller(Constructor.java:502)
	at java.base/java.lang.reflect.Constructor.newInstance(Constructor.java:486)
	at org.openqa.selenium.remote.ErrorCodec.decode(ErrorCodec.java:167)
	at org.openqa.selenium.remote.codec.w3c.W3CHttpResponseCodec.decode(W3CHttpResponseCodec.java:138)
	at org.openqa.selenium.remote.codec.w3c.W3CHttpResponseCodec.decode(W3CHttpResponseCodec.java:50)
	at org.openqa.selenium.remote.HttpCommandExecutor.execute(HttpCommandExecutor.java:190)
	at org.openqa.selenium.remote.service.DriverCommandExecutor.invokeExecute(DriverCommandExecutor.java:216)
	at org.openqa.selenium.remote.service.DriverCommandExecutor.execute(DriverCommandExecutor.java:174)
	at org.openqa.selenium.remote.RemoteWebDriver.execute(RemoteWebDriver.java:545)
	at org.openqa.selenium.remote.RemoteWebElement.execute(RemoteWebElement.java:223)
	at org.openqa.selenium.remote.RemoteWebElement.click(RemoteWebElement.java:76)
	at java.base/jdk.internal.reflect.DirectMethodHandleAccessor.invoke(DirectMethodHandleAccessor.java:103)
	at java.base/java.lang.reflect.Method.invoke(Method.java:580)
	at org.openqa.selenium.support.pagefactory.internal.LocatingElementHandler.invoke(LocatingElementHandler.java:51)
	at jdk.proxy2/jdk.proxy2.$Proxy14.click(Unknown Source)
	at lt.insoft.uztis.pages.ApplicationFormsPage.clickMenuApplicationForms(ApplicationFormsPage.java:174)
	at lt.insoft.uztis.tests.ApplicationFormsPageTest.navigateToApplicationFormsMenu(ApplicationFormsPageTest.java:25)
	at lt.insoft.uztis.tests.ApplicationFormsPageTest.testCreateNewVuiApplication(ApplicationFormsPageTest.java:95)
	at java.base/jdk.internal.reflect.DirectMethodHandleAccessor.invoke(DirectMethodHandleAccessor.java:103)
	at java.base/java.lang.reflect.Method.invoke(Method.java:580)
	at org.junit.platform.commons.util.ReflectionUtils.invokeMethod(ReflectionUtils.java:728)
	at org.junit.jupiter.engine.execution.MethodInvocation.proceed(MethodInvocation.java:60)
	at org.junit.jupiter.engine.execution.InvocationInterceptorChain$ValidatingInvocation.proceed(InvocationInterceptorChain.java:131)
	at org.junit.jupiter.engine.extension.TimeoutExtension.intercept(TimeoutExtension.java:156)
	at org.junit.jupiter.engine.extension.TimeoutExtension.interceptTestableMethod(TimeoutExtension.java:147)
	at org.junit.jupiter.engine.extension.TimeoutExtension.interceptTestMethod(TimeoutExtension.java:86)
	at org.junit.jupiter.engine.execution.InterceptingExecutableInvoker$ReflectiveInterceptorCall.lambda$ofVoidMethod$0(InterceptingExecutableInvoker.java:103)
	at org.junit.jupiter.engine.execution.InterceptingExecutableInvoker.lambda$invoke$0(InterceptingExecutableInvoker.java:93)
	at org.junit.jupiter.engine.execution.InvocationInterceptorChain$InterceptedInvocation.proceed(InvocationInterceptorChain.java:106)
	at org.junit.jupiter.engine.execution.InvocationInterceptorChain.proceed(InvocationInterceptorChain.java:64)
	at org.junit.jupiter.engine.execution.InvocationInterceptorChain.chainAndInvoke(InvocationInterceptorChain.java:45)
	at org.junit.jupiter.engine.execution.InvocationInterceptorChain.invoke(InvocationInterceptorChain.java:37)
	at org.junit.jupiter.engine.execution.InterceptingExecutableInvoker.invoke(InterceptingExecutableInvoker.java:92)
	at org.junit.jupiter.engine.execution.InterceptingExecutableInvoker.invoke(InterceptingExecutableInvoker.java:86)
	at org.junit.jupiter.engine.descriptor.TestMethodTestDescriptor.lambda$invokeTestMethod$7(TestMethodTestDescriptor.java:218)
	at org.junit.platform.engine.support.hierarchical.ThrowableCollector.execute(ThrowableCollector.java:73)
	at org.junit.jupiter.engine.descriptor.TestMethodTestDescriptor.invokeTestMethod(TestMethodTestDescriptor.java:214)
	at org.junit.jupiter.engine.descriptor.TestMethodTestDescriptor.execute(TestMethodTestDescriptor.java:139)
	at org.junit.jupiter.engine.descriptor.TestMethodTestDescriptor.execute(TestMethodTestDescriptor.java:69)
	at org.junit.platform.engine.support.hierarchical.NodeTestTask.lambda$executeRecursively$6(NodeTestTask.java:151)
	at org.junit.platform.engine.support.hierarchical.ThrowableCollector.execute(ThrowableCollector.java:73)
	at org.junit.platform.engine.support.hierarchical.NodeTestTask.lambda$executeRecursively$8(NodeTestTask.java:141)
	at org.junit.platform.engine.support.hierarchical.Node.around(Node.java:137)
	at org.junit.platform.engine.support.hierarchical.NodeTestTask.lambda$executeRecursively$9(NodeTestTask.java:139)
	at org.junit.platform.engine.support.hierarchical.ThrowableCollector.execute(ThrowableCollector.java:73)
	at org.junit.platform.engine.support.hierarchical.NodeTestTask.executeRecursively(NodeTestTask.java:138)
	at org.junit.platform.engine.support.hierarchical.NodeTestTask.execute(NodeTestTask.java:95)
	at java.base/java.util.ArrayList.forEach(ArrayList.java:1596)
	at org.junit.platform.engine.support.hierarchical.SameThreadHierarchicalTestExecutorService.invokeAll(SameThreadHierarchicalTestExecutorService.java:41)
	at org.junit.platform.engine.support.hierarchical.NodeTestTask.lambda$executeRecursively$6(NodeTestTask.java:155)
	at org.junit.platform.engine.support.hierarchical.ThrowableCollector.execute(ThrowableCollector.java:73)
	at org.junit.platform.engine.support.hierarchical.NodeTestTask.lambda$executeRecursively$8(NodeTestTask.java:141)
	at org.junit.platform.engine.support.hierarchical.Node.around(Node.java:137)
	at org.junit.platform.engine.support.hierarchical.NodeTestTask.lambda$executeRecursively$9(NodeTestTask.java:139)
	at org.junit.platform.engine.support.hierarchical.ThrowableCollector.execute(ThrowableCollector.java:73)
	at org.junit.platform.engine.support.hierarchical.NodeTestTask.executeRecursively(NodeTestTask.java:138)
	at org.junit.platform.engine.support.hierarchical.NodeTestTask.execute(NodeTestTask.java:95)
	at java.base/java.util.ArrayList.forEach(ArrayList.java:1596)
	at org.junit.platform.engine.support.hierarchical.SameThreadHierarchicalTestExecutorService.invokeAll(SameThreadHierarchicalTestExecutorService.java:41)
	at org.junit.platform.engine.support.hierarchical.NodeTestTask.lambda$executeRecursively$6(NodeTestTask.java:155)
	at org.junit.platform.engine.support.hierarchical.ThrowableCollector.execute(ThrowableCollector.java:73)
	at org.junit.platform.engine.support.hierarchical.NodeTestTask.lambda$executeRecursively$8(NodeTestTask.java:141)
	at org.junit.platform.engine.support.hierarchical.Node.around(Node.java:137)
	at org.junit.platform.engine.support.hierarchical.NodeTestTask.lambda$executeRecursively$9(NodeTestTask.java:139)
	at org.junit.platform.engine.support.hierarchical.ThrowableCollector.execute(ThrowableCollector.java:73)
	at org.junit.platform.engine.support.hierarchical.NodeTestTask.executeRecursively(NodeTestTask.java:138)
	at org.junit.platform.engine.support.hierarchical.NodeTestTask.execute(NodeTestTask.java:95)
	at org.junit.platform.engine.support.hierarchical.SameThreadHierarchicalTestExecutorService.submit(SameThreadHierarchicalTestExecutorService.java:35)
	at org.junit.platform.engine.support.hierarchical.HierarchicalTestExecutor.execute(HierarchicalTestExecutor.java:57)
	at org.junit.platform.engine.support.hierarchical.HierarchicalTestEngine.execute(HierarchicalTestEngine.java:54)
	at org.junit.platform.launcher.core.EngineExecutionOrchestrator.execute(EngineExecutionOrchestrator.java:198)
	at org.junit.platform.launcher.core.EngineExecutionOrchestrator.execute(EngineExecutionOrchestrator.java:169)
	at org.junit.platform.launcher.core.EngineExecutionOrchestrator.execute(EngineExecutionOrchestrator.java:93)
	at org.junit.platform.launcher.core.EngineExecutionOrchestrator.lambda$execute$0(EngineExecutionOrchestrator.java:58)
	at org.junit.platform.launcher.core.EngineExecutionOrchestrator.withInterceptedStreams(EngineExecutionOrchestrator.java:141)
	at org.junit.platform.launcher.core.EngineExecutionOrchestrator.execute(EngineExecutionOrchestrator.java:57)
	at org.junit.platform.launcher.core.DefaultLauncher.execute(DefaultLauncher.java:103)
	at org.junit.platform.launcher.core.DefaultLauncher.execute(DefaultLauncher.java:85)
	at org.junit.platform.launcher.core.DelegatingLauncher.execute(DelegatingLauncher.java:47)
	at org.junit.platform.launcher.core.SessionPerRequestLauncher.execute(SessionPerRequestLauncher.java:63)
	at com.intellij.junit5.JUnit5IdeaTestRunner.startRunnerWithArgs(JUnit5IdeaTestRunner.java:57)
	at com.intellij.rt.junit.IdeaTestRunner$Repeater$1.execute(IdeaTestRunner.java:38)
	at com.intellij.rt.execution.junit.TestsRepeater.repeat(TestsRepeater.java:11)
	at com.intellij.rt.junit.IdeaTestRunner$Repeater.startRunnerWithArgs(IdeaTestRunner.java:35)
	at com.intellij.rt.junit.JUnitStarter.prepareStreamsAndStart(JUnitStarter.java:232)
	at com.intellij.rt.junit.JUnitStarter.main(JUnitStarter.java:55)
2025-02-27 07:50:21 [main] INFO  l.insoft.uztis.tests.utils.TestUtils - Screenshot moved to C:\Users\ingrida.zadorozniene\Desktop\Asm\UZTIS\UZTIS_tests\test-output\screenshots\20250227\075021337_testCreateNewVuiApplication().png
2025-02-27 07:50:31 [main] INFO  lt.insoft.uztis.tests.UztisPageTest - Navigated to https://uztisdev.asseco.lt/home
2025-02-27 07:50:31 [main] INFO  l.i.u.tests.ApplicationFormsPageTest - Setup complete. ApplicationFormsPage initialized.
2025-02-27 07:50:31 [main] INFO  l.i.u.tests.ApplicationFormsPageTest - Starting test:'testCreateNewVuiApplication'
2025-02-27 07:50:31 [main] DEBUG l.i.u.tests.ApplicationFormsPageTest - User logged in with test credentials
2025-02-27 07:50:31 [main] DEBUG l.i.u.tests.ApplicationFormsPageTest - Opened 'Application Processing' menu.
2025-02-27 07:50:41 [main] ERROR l.i.u.tests.ApplicationFormsPageTest - Test 'testCreateNewVuiApplication' failed with error: element not interactable
  (Session info: chrome=133.0.6943.141)
Build info: version: '4.27.0', revision: 'd6e718d134'
System info: os.name: 'Windows 11', os.arch: 'amd64', os.version: '10.0', java.version: '21.0.3'
Driver info: org.openqa.selenium.chrome.ChromeDriver
Command: [e5a22517b78e6bd30eb50f646acce40c, clickElement {id=f.F35E65091D61A9E1A0F25CEBC3C17B09.d.85F0D008F9D05D6653FEE47C90E6A076.e.36}]
Capabilities {acceptInsecureCerts: false, browserName: chrome, browserVersion: 133.0.6943.141, chrome: {chromedriverVersion: 133.0.6943.141 (2a5d6da0d61..., userDataDir: C:\Users\INGRID~1.ZAD\AppDa...}, fedcm:accounts: true, goog:chromeOptions: {debuggerAddress: localhost:58103}, networkConnectionEnabled: false, pageLoadStrategy: normal, platformName: windows, proxy: Proxy(), se:cdp: ws://localhost:58103/devtoo..., se:cdpVersion: 133.0.6943.141, setWindowRect: true, strictFileInteractability: false, timeouts: {implicit: 0, pageLoad: 300000, script: 30000}, unhandledPromptBehavior: dismiss and notify, webauthn:extension:credBlob: true, webauthn:extension:largeBlob: true, webauthn:extension:minPinLength: true, webauthn:extension:prf: true, webauthn:virtualAuthenticators: true}
Element: [[ChromeDriver: chrome on windows (e5a22517b78e6bd30eb50f646acce40c)] -> xpath: //a[@href='/application/description']]
Session ID: e5a22517b78e6bd30eb50f646acce40c
org.openqa.selenium.ElementNotInteractableException: element not interactable
  (Session info: chrome=133.0.6943.141)
Build info: version: '4.27.0', revision: 'd6e718d134'
System info: os.name: 'Windows 11', os.arch: 'amd64', os.version: '10.0', java.version: '21.0.3'
Driver info: org.openqa.selenium.chrome.ChromeDriver
Command: [e5a22517b78e6bd30eb50f646acce40c, clickElement {id=f.F35E65091D61A9E1A0F25CEBC3C17B09.d.85F0D008F9D05D6653FEE47C90E6A076.e.36}]
Capabilities {acceptInsecureCerts: false, browserName: chrome, browserVersion: 133.0.6943.141, chrome: {chromedriverVersion: 133.0.6943.141 (2a5d6da0d61..., userDataDir: C:\Users\INGRID~1.ZAD\AppDa...}, fedcm:accounts: true, goog:chromeOptions: {debuggerAddress: localhost:58103}, networkConnectionEnabled: false, pageLoadStrategy: normal, platformName: windows, proxy: Proxy(), se:cdp: ws://localhost:58103/devtoo..., se:cdpVersion: 133.0.6943.141, setWindowRect: true, strictFileInteractability: false, timeouts: {implicit: 0, pageLoad: 300000, script: 30000}, unhandledPromptBehavior: dismiss and notify, webauthn:extension:credBlob: true, webauthn:extension:largeBlob: true, webauthn:extension:minPinLength: true, webauthn:extension:prf: true, webauthn:virtualAuthenticators: true}
Element: [[ChromeDriver: chrome on windows (e5a22517b78e6bd30eb50f646acce40c)] -> xpath: //a[@href='/application/description']]
Session ID: e5a22517b78e6bd30eb50f646acce40c
	at java.base/jdk.internal.reflect.DirectConstructorHandleAccessor.newInstance(DirectConstructorHandleAccessor.java:62)
	at java.base/java.lang.reflect.Constructor.newInstanceWithCaller(Constructor.java:502)
	at java.base/java.lang.reflect.Constructor.newInstance(Constructor.java:486)
	at org.openqa.selenium.remote.ErrorCodec.decode(ErrorCodec.java:167)
	at org.openqa.selenium.remote.codec.w3c.W3CHttpResponseCodec.decode(W3CHttpResponseCodec.java:138)
	at org.openqa.selenium.remote.codec.w3c.W3CHttpResponseCodec.decode(W3CHttpResponseCodec.java:50)
	at org.openqa.selenium.remote.HttpCommandExecutor.execute(HttpCommandExecutor.java:190)
	at org.openqa.selenium.remote.service.DriverCommandExecutor.invokeExecute(DriverCommandExecutor.java:216)
	at org.openqa.selenium.remote.service.DriverCommandExecutor.execute(DriverCommandExecutor.java:174)
	at org.openqa.selenium.remote.RemoteWebDriver.execute(RemoteWebDriver.java:545)
	at org.openqa.selenium.remote.RemoteWebElement.execute(RemoteWebElement.java:223)
	at org.openqa.selenium.remote.RemoteWebElement.click(RemoteWebElement.java:76)
	at java.base/jdk.internal.reflect.DirectMethodHandleAccessor.invoke(DirectMethodHandleAccessor.java:103)
	at java.base/java.lang.reflect.Method.invoke(Method.java:580)
	at org.openqa.selenium.support.pagefactory.internal.LocatingElementHandler.invoke(LocatingElementHandler.java:51)
	at jdk.proxy2/jdk.proxy2.$Proxy14.click(Unknown Source)
	at lt.insoft.uztis.pages.ApplicationFormsPage.clickMenuApplicationForms(ApplicationFormsPage.java:174)
	at lt.insoft.uztis.tests.ApplicationFormsPageTest.navigateToApplicationFormsMenu(ApplicationFormsPageTest.java:25)
	at lt.insoft.uztis.tests.ApplicationFormsPageTest.testCreateNewVuiApplication(ApplicationFormsPageTest.java:95)
	at java.base/jdk.internal.reflect.DirectMethodHandleAccessor.invoke(DirectMethodHandleAccessor.java:103)
	at java.base/java.lang.reflect.Method.invoke(Method.java:580)
	at org.junit.platform.commons.util.ReflectionUtils.invokeMethod(ReflectionUtils.java:728)
	at org.junit.jupiter.engine.execution.MethodInvocation.proceed(MethodInvocation.java:60)
	at org.junit.jupiter.engine.execution.InvocationInterceptorChain$ValidatingInvocation.proceed(InvocationInterceptorChain.java:131)
	at org.junit.jupiter.engine.extension.TimeoutExtension.intercept(TimeoutExtension.java:156)
	at org.junit.jupiter.engine.extension.TimeoutExtension.interceptTestableMethod(TimeoutExtension.java:147)
	at org.junit.jupiter.engine.extension.TimeoutExtension.interceptTestMethod(TimeoutExtension.java:86)
	at org.junit.jupiter.engine.execution.InterceptingExecutableInvoker$ReflectiveInterceptorCall.lambda$ofVoidMethod$0(InterceptingExecutableInvoker.java:103)
	at org.junit.jupiter.engine.execution.InterceptingExecutableInvoker.lambda$invoke$0(InterceptingExecutableInvoker.java:93)
	at org.junit.jupiter.engine.execution.InvocationInterceptorChain$InterceptedInvocation.proceed(InvocationInterceptorChain.java:106)
	at org.junit.jupiter.engine.execution.InvocationInterceptorChain.proceed(InvocationInterceptorChain.java:64)
	at org.junit.jupiter.engine.execution.InvocationInterceptorChain.chainAndInvoke(InvocationInterceptorChain.java:45)
	at org.junit.jupiter.engine.execution.InvocationInterceptorChain.invoke(InvocationInterceptorChain.java:37)
	at org.junit.jupiter.engine.execution.InterceptingExecutableInvoker.invoke(InterceptingExecutableInvoker.java:92)
	at org.junit.jupiter.engine.execution.InterceptingExecutableInvoker.invoke(InterceptingExecutableInvoker.java:86)
	at org.junit.jupiter.engine.descriptor.TestMethodTestDescriptor.lambda$invokeTestMethod$7(TestMethodTestDescriptor.java:218)
	at org.junit.platform.engine.support.hierarchical.ThrowableCollector.execute(ThrowableCollector.java:73)
	at org.junit.jupiter.engine.descriptor.TestMethodTestDescriptor.invokeTestMethod(TestMethodTestDescriptor.java:214)
	at org.junit.jupiter.engine.descriptor.TestMethodTestDescriptor.execute(TestMethodTestDescriptor.java:139)
	at org.junit.jupiter.engine.descriptor.TestMethodTestDescriptor.execute(TestMethodTestDescriptor.java:69)
	at org.junit.platform.engine.support.hierarchical.NodeTestTask.lambda$executeRecursively$6(NodeTestTask.java:151)
	at org.junit.platform.engine.support.hierarchical.ThrowableCollector.execute(ThrowableCollector.java:73)
	at org.junit.platform.engine.support.hierarchical.NodeTestTask.lambda$executeRecursively$8(NodeTestTask.java:141)
	at org.junit.platform.engine.support.hierarchical.Node.around(Node.java:137)
	at org.junit.platform.engine.support.hierarchical.NodeTestTask.lambda$executeRecursively$9(NodeTestTask.java:139)
	at org.junit.platform.engine.support.hierarchical.ThrowableCollector.execute(ThrowableCollector.java:73)
	at org.junit.platform.engine.support.hierarchical.NodeTestTask.executeRecursively(NodeTestTask.java:138)
	at org.junit.platform.engine.support.hierarchical.NodeTestTask.execute(NodeTestTask.java:95)
	at java.base/java.util.ArrayList.forEach(ArrayList.java:1596)
	at org.junit.platform.engine.support.hierarchical.SameThreadHierarchicalTestExecutorService.invokeAll(SameThreadHierarchicalTestExecutorService.java:41)
	at org.junit.platform.engine.support.hierarchical.NodeTestTask.lambda$executeRecursively$6(NodeTestTask.java:155)
	at org.junit.platform.engine.support.hierarchical.ThrowableCollector.execute(ThrowableCollector.java:73)
	at org.junit.platform.engine.support.hierarchical.NodeTestTask.lambda$executeRecursively$8(NodeTestTask.java:141)
	at org.junit.platform.engine.support.hierarchical.Node.around(Node.java:137)
	at org.junit.platform.engine.support.hierarchical.NodeTestTask.lambda$executeRecursively$9(NodeTestTask.java:139)
	at org.junit.platform.engine.support.hierarchical.ThrowableCollector.execute(ThrowableCollector.java:73)
	at org.junit.platform.engine.support.hierarchical.NodeTestTask.executeRecursively(NodeTestTask.java:138)
	at org.junit.platform.engine.support.hierarchical.NodeTestTask.execute(NodeTestTask.java:95)
	at java.base/java.util.ArrayList.forEach(ArrayList.java:1596)
	at org.junit.platform.engine.support.hierarchical.SameThreadHierarchicalTestExecutorService.invokeAll(SameThreadHierarchicalTestExecutorService.java:41)
	at org.junit.platform.engine.support.hierarchical.NodeTestTask.lambda$executeRecursively$6(NodeTestTask.java:155)
	at org.junit.platform.engine.support.hierarchical.ThrowableCollector.execute(ThrowableCollector.java:73)
	at org.junit.platform.engine.support.hierarchical.NodeTestTask.lambda$executeRecursively$8(NodeTestTask.java:141)
	at org.junit.platform.engine.support.hierarchical.Node.around(Node.java:137)
	at org.junit.platform.engine.support.hierarchical.NodeTestTask.lambda$executeRecursively$9(NodeTestTask.java:139)
	at org.junit.platform.engine.support.hierarchical.ThrowableCollector.execute(ThrowableCollector.java:73)
	at org.junit.platform.engine.support.hierarchical.NodeTestTask.executeRecursively(NodeTestTask.java:138)
	at org.junit.platform.engine.support.hierarchical.NodeTestTask.execute(NodeTestTask.java:95)
	at org.junit.platform.engine.support.hierarchical.SameThreadHierarchicalTestExecutorService.submit(SameThreadHierarchicalTestExecutorService.java:35)
	at org.junit.platform.engine.support.hierarchical.HierarchicalTestExecutor.execute(HierarchicalTestExecutor.java:57)
	at org.junit.platform.engine.support.hierarchical.HierarchicalTestEngine.execute(HierarchicalTestEngine.java:54)
	at org.junit.platform.launcher.core.EngineExecutionOrchestrator.execute(EngineExecutionOrchestrator.java:198)
	at org.junit.platform.launcher.core.EngineExecutionOrchestrator.execute(EngineExecutionOrchestrator.java:169)
	at org.junit.platform.launcher.core.EngineExecutionOrchestrator.execute(EngineExecutionOrchestrator.java:93)
	at org.junit.platform.launcher.core.EngineExecutionOrchestrator.lambda$execute$0(EngineExecutionOrchestrator.java:58)
	at org.junit.platform.launcher.core.EngineExecutionOrchestrator.withInterceptedStreams(EngineExecutionOrchestrator.java:141)
	at org.junit.platform.launcher.core.EngineExecutionOrchestrator.execute(EngineExecutionOrchestrator.java:57)
	at org.junit.platform.launcher.core.DefaultLauncher.execute(DefaultLauncher.java:103)
	at org.junit.platform.launcher.core.DefaultLauncher.execute(DefaultLauncher.java:85)
	at org.junit.platform.launcher.core.DelegatingLauncher.execute(DelegatingLauncher.java:47)
	at org.junit.platform.launcher.core.SessionPerRequestLauncher.execute(SessionPerRequestLauncher.java:63)
	at com.intellij.junit5.JUnit5IdeaTestRunner.startRunnerWithArgs(JUnit5IdeaTestRunner.java:57)
	at com.intellij.rt.junit.IdeaTestRunner$Repeater$1.execute(IdeaTestRunner.java:38)
	at com.intellij.rt.execution.junit.TestsRepeater.repeat(TestsRepeater.java:11)
	at com.intellij.rt.junit.IdeaTestRunner$Repeater.startRunnerWithArgs(IdeaTestRunner.java:35)
	at com.intellij.rt.junit.JUnitStarter.prepareStreamsAndStart(JUnitStarter.java:232)
	at com.intellij.rt.junit.JUnitStarter.main(JUnitStarter.java:55)
2025-02-27 07:50:42 [main] INFO  l.insoft.uztis.tests.utils.TestUtils - Screenshot moved to C:\Users\ingrida.zadorozniene\Desktop\Asm\UZTIS\UZTIS_tests\test-output\screenshots\20250227\075042062_testCreateNewVuiApplication().png
2025-02-27 14:04:14 [main] INFO  lt.insoft.uztis.tests.UztisPageTest - Navigated to https://uztisdev.asseco.lt/home
2025-02-27 14:04:14 [main] INFO  l.i.u.tests.ApplicationFormsPageTest - Setup complete. ApplicationFormsPage initialized.
2025-02-27 14:04:14 [main] INFO  l.i.u.tests.ApplicationFormsPageTest - Starting test:'testCreateNewVuiApplication'
2025-02-27 14:04:14 [main] DEBUG l.i.u.tests.ApplicationFormsPageTest - User logged in with test credentials
2025-02-27 14:04:24 [main] ERROR l.i.uztis.pages.ApplicationFormsPage - MenuApplicationProcessing button is not displayed no such element: Unable to locate element: {"method":"xpath","selector":"//mat-expansion-panel-header[.//span[contains(text(), 'Paraiškų tvarkymas')]]"}
  (Session info: chrome=133.0.6943.141)
For documentation on this error, please visit: https://www.selenium.dev/documentation/webdriver/troubleshooting/errors#no-such-element-exception
Build info: version: '4.27.0', revision: 'd6e718d134'
System info: os.name: 'Windows 11', os.arch: 'amd64', os.version: '10.0', java.version: '21.0.3'
Driver info: org.openqa.selenium.chrome.ChromeDriver
Command: [f64261564d7bb198319e24a9bb3b0daa, findElement {value=//mat-expansion-panel-header[.//span[contains(text(), 'Paraiškų tvarkymas')]], using=xpath}]
Capabilities {acceptInsecureCerts: false, browserName: chrome, browserVersion: 133.0.6943.141, chrome: {chromedriverVersion: 133.0.6943.141 (2a5d6da0d61..., userDataDir: C:\Users\INGRID~1.ZAD\AppDa...}, fedcm:accounts: true, goog:chromeOptions: {debuggerAddress: localhost:54158}, networkConnectionEnabled: false, pageLoadStrategy: normal, platformName: windows, proxy: Proxy(), se:cdp: ws://localhost:54158/devtoo..., se:cdpVersion: 133.0.6943.141, setWindowRect: true, strictFileInteractability: false, timeouts: {implicit: 0, pageLoad: 300000, script: 30000}, unhandledPromptBehavior: dismiss and notify, webauthn:extension:credBlob: true, webauthn:extension:largeBlob: true, webauthn:extension:minPinLength: true, webauthn:extension:prf: true, webauthn:virtualAuthenticators: true}
Session ID: f64261564d7bb198319e24a9bb3b0daa
2025-02-27 14:04:24 [main] ERROR l.i.u.tests.ApplicationFormsPageTest - Test 'testCreateNewVuiApplication' failed with error: MenuApplicationProcessing is not displayed!
java.lang.RuntimeException: MenuApplicationProcessing is not displayed!
	at lt.insoft.uztis.pages.ApplicationFormsPage.openMenuApplicationProcessing(ApplicationFormsPage.java:151)
	at lt.insoft.uztis.tests.ApplicationFormsPageTest.navigateToApplicationFormsMenu(ApplicationFormsPageTest.java:23)
	at lt.insoft.uztis.tests.ApplicationFormsPageTest.testCreateNewVuiApplication(ApplicationFormsPageTest.java:95)
	at java.base/jdk.internal.reflect.DirectMethodHandleAccessor.invoke(DirectMethodHandleAccessor.java:103)
	at java.base/java.lang.reflect.Method.invoke(Method.java:580)
	at org.junit.platform.commons.util.ReflectionUtils.invokeMethod(ReflectionUtils.java:728)
	at org.junit.jupiter.engine.execution.MethodInvocation.proceed(MethodInvocation.java:60)
	at org.junit.jupiter.engine.execution.InvocationInterceptorChain$ValidatingInvocation.proceed(InvocationInterceptorChain.java:131)
	at org.junit.jupiter.engine.extension.TimeoutExtension.intercept(TimeoutExtension.java:156)
	at org.junit.jupiter.engine.extension.TimeoutExtension.interceptTestableMethod(TimeoutExtension.java:147)
	at org.junit.jupiter.engine.extension.TimeoutExtension.interceptTestMethod(TimeoutExtension.java:86)
	at org.junit.jupiter.engine.execution.InterceptingExecutableInvoker$ReflectiveInterceptorCall.lambda$ofVoidMethod$0(InterceptingExecutableInvoker.java:103)
	at org.junit.jupiter.engine.execution.InterceptingExecutableInvoker.lambda$invoke$0(InterceptingExecutableInvoker.java:93)
	at org.junit.jupiter.engine.execution.InvocationInterceptorChain$InterceptedInvocation.proceed(InvocationInterceptorChain.java:106)
	at org.junit.jupiter.engine.execution.InvocationInterceptorChain.proceed(InvocationInterceptorChain.java:64)
	at org.junit.jupiter.engine.execution.InvocationInterceptorChain.chainAndInvoke(InvocationInterceptorChain.java:45)
	at org.junit.jupiter.engine.execution.InvocationInterceptorChain.invoke(InvocationInterceptorChain.java:37)
	at org.junit.jupiter.engine.execution.InterceptingExecutableInvoker.invoke(InterceptingExecutableInvoker.java:92)
	at org.junit.jupiter.engine.execution.InterceptingExecutableInvoker.invoke(InterceptingExecutableInvoker.java:86)
	at org.junit.jupiter.engine.descriptor.TestMethodTestDescriptor.lambda$invokeTestMethod$7(TestMethodTestDescriptor.java:218)
	at org.junit.platform.engine.support.hierarchical.ThrowableCollector.execute(ThrowableCollector.java:73)
	at org.junit.jupiter.engine.descriptor.TestMethodTestDescriptor.invokeTestMethod(TestMethodTestDescriptor.java:214)
	at org.junit.jupiter.engine.descriptor.TestMethodTestDescriptor.execute(TestMethodTestDescriptor.java:139)
	at org.junit.jupiter.engine.descriptor.TestMethodTestDescriptor.execute(TestMethodTestDescriptor.java:69)
	at org.junit.platform.engine.support.hierarchical.NodeTestTask.lambda$executeRecursively$6(NodeTestTask.java:151)
	at org.junit.platform.engine.support.hierarchical.ThrowableCollector.execute(ThrowableCollector.java:73)
	at org.junit.platform.engine.support.hierarchical.NodeTestTask.lambda$executeRecursively$8(NodeTestTask.java:141)
	at org.junit.platform.engine.support.hierarchical.Node.around(Node.java:137)
	at org.junit.platform.engine.support.hierarchical.NodeTestTask.lambda$executeRecursively$9(NodeTestTask.java:139)
	at org.junit.platform.engine.support.hierarchical.ThrowableCollector.execute(ThrowableCollector.java:73)
	at org.junit.platform.engine.support.hierarchical.NodeTestTask.executeRecursively(NodeTestTask.java:138)
	at org.junit.platform.engine.support.hierarchical.NodeTestTask.execute(NodeTestTask.java:95)
	at java.base/java.util.ArrayList.forEach(ArrayList.java:1596)
	at org.junit.platform.engine.support.hierarchical.SameThreadHierarchicalTestExecutorService.invokeAll(SameThreadHierarchicalTestExecutorService.java:41)
	at org.junit.platform.engine.support.hierarchical.NodeTestTask.lambda$executeRecursively$6(NodeTestTask.java:155)
	at org.junit.platform.engine.support.hierarchical.ThrowableCollector.execute(ThrowableCollector.java:73)
	at org.junit.platform.engine.support.hierarchical.NodeTestTask.lambda$executeRecursively$8(NodeTestTask.java:141)
	at org.junit.platform.engine.support.hierarchical.Node.around(Node.java:137)
	at org.junit.platform.engine.support.hierarchical.NodeTestTask.lambda$executeRecursively$9(NodeTestTask.java:139)
	at org.junit.platform.engine.support.hierarchical.ThrowableCollector.execute(ThrowableCollector.java:73)
	at org.junit.platform.engine.support.hierarchical.NodeTestTask.executeRecursively(NodeTestTask.java:138)
	at org.junit.platform.engine.support.hierarchical.NodeTestTask.execute(NodeTestTask.java:95)
	at java.base/java.util.ArrayList.forEach(ArrayList.java:1596)
	at org.junit.platform.engine.support.hierarchical.SameThreadHierarchicalTestExecutorService.invokeAll(SameThreadHierarchicalTestExecutorService.java:41)
	at org.junit.platform.engine.support.hierarchical.NodeTestTask.lambda$executeRecursively$6(NodeTestTask.java:155)
	at org.junit.platform.engine.support.hierarchical.ThrowableCollector.execute(ThrowableCollector.java:73)
	at org.junit.platform.engine.support.hierarchical.NodeTestTask.lambda$executeRecursively$8(NodeTestTask.java:141)
	at org.junit.platform.engine.support.hierarchical.Node.around(Node.java:137)
	at org.junit.platform.engine.support.hierarchical.NodeTestTask.lambda$executeRecursively$9(NodeTestTask.java:139)
	at org.junit.platform.engine.support.hierarchical.ThrowableCollector.execute(ThrowableCollector.java:73)
	at org.junit.platform.engine.support.hierarchical.NodeTestTask.executeRecursively(NodeTestTask.java:138)
	at org.junit.platform.engine.support.hierarchical.NodeTestTask.execute(NodeTestTask.java:95)
	at org.junit.platform.engine.support.hierarchical.SameThreadHierarchicalTestExecutorService.submit(SameThreadHierarchicalTestExecutorService.java:35)
	at org.junit.platform.engine.support.hierarchical.HierarchicalTestExecutor.execute(HierarchicalTestExecutor.java:57)
	at org.junit.platform.engine.support.hierarchical.HierarchicalTestEngine.execute(HierarchicalTestEngine.java:54)
	at org.junit.platform.launcher.core.EngineExecutionOrchestrator.execute(EngineExecutionOrchestrator.java:198)
	at org.junit.platform.launcher.core.EngineExecutionOrchestrator.execute(EngineExecutionOrchestrator.java:169)
	at org.junit.platform.launcher.core.EngineExecutionOrchestrator.execute(EngineExecutionOrchestrator.java:93)
	at org.junit.platform.launcher.core.EngineExecutionOrchestrator.lambda$execute$0(EngineExecutionOrchestrator.java:58)
	at org.junit.platform.launcher.core.EngineExecutionOrchestrator.withInterceptedStreams(EngineExecutionOrchestrator.java:141)
	at org.junit.platform.launcher.core.EngineExecutionOrchestrator.execute(EngineExecutionOrchestrator.java:57)
	at org.junit.platform.launcher.core.DefaultLauncher.execute(DefaultLauncher.java:103)
	at org.junit.platform.launcher.core.DefaultLauncher.execute(DefaultLauncher.java:85)
	at org.junit.platform.launcher.core.DelegatingLauncher.execute(DelegatingLauncher.java:47)
	at org.junit.platform.launcher.core.SessionPerRequestLauncher.execute(SessionPerRequestLauncher.java:63)
	at com.intellij.junit5.JUnit5IdeaTestRunner.startRunnerWithArgs(JUnit5IdeaTestRunner.java:57)
	at com.intellij.rt.junit.IdeaTestRunner$Repeater$1.execute(IdeaTestRunner.java:38)
	at com.intellij.rt.execution.junit.TestsRepeater.repeat(TestsRepeater.java:11)
	at com.intellij.rt.junit.IdeaTestRunner$Repeater.startRunnerWithArgs(IdeaTestRunner.java:35)
	at com.intellij.rt.junit.JUnitStarter.prepareStreamsAndStart(JUnitStarter.java:232)
	at com.intellij.rt.junit.JUnitStarter.main(JUnitStarter.java:55)
2025-02-27 14:04:24 [main] INFO  l.insoft.uztis.tests.utils.TestUtils - Screenshot moved to C:\Users\ingrida.zadorozniene\Desktop\Asm\UZTIS\UZTIS_tests\test-output\screenshots\20250227\140424871_testCreateNewVuiApplication().png
2025-02-27 14:07:45 [main] INFO  lt.insoft.uztis.tests.UztisPageTest - Navigated to https://uztisdev.asseco.lt/home
2025-02-27 14:07:45 [main] INFO  l.i.u.tests.ApplicationFormsPageTest - Setup complete. ApplicationFormsPage initialized.
2025-02-27 14:07:45 [main] INFO  l.i.u.tests.ApplicationFormsPageTest - Starting test:'testCreateNewVuiApplication'
2025-02-27 14:07:46 [main] DEBUG l.i.u.tests.ApplicationFormsPageTest - User logged in with test credentials
2025-02-27 14:07:53 [main] ERROR l.i.uztis.pages.ApplicationFormsPage - MenuApplicationProcessing button is not displayed invalid session id: session deleted as the browser has closed the connection
from disconnected: unable to send message to renderer
  (Session info: chrome=133.0.6943.141)
Build info: version: '4.27.0', revision: 'd6e718d134'
System info: os.name: 'Windows 11', os.arch: 'amd64', os.version: '10.0', java.version: '21.0.3'
Driver info: org.openqa.selenium.chrome.ChromeDriver
Command: [5fd689b72c268f398f8d740157555db8, findElement {using=xpath, value=//mat-expansion-panel-header[.//span[contains(text(), 'Paraiškų tvarkymas')]]}]
Capabilities {acceptInsecureCerts: false, browserName: chrome, browserVersion: 133.0.6943.141, chrome: {chromedriverVersion: 133.0.6943.141 (2a5d6da0d61..., userDataDir: C:\Users\INGRID~1.ZAD\AppDa...}, fedcm:accounts: true, goog:chromeOptions: {debuggerAddress: localhost:54302}, networkConnectionEnabled: false, pageLoadStrategy: normal, platformName: windows, proxy: Proxy(), se:cdp: ws://localhost:54302/devtoo..., se:cdpVersion: 133.0.6943.141, setWindowRect: true, strictFileInteractability: false, timeouts: {implicit: 0, pageLoad: 300000, script: 30000}, unhandledPromptBehavior: dismiss and notify, webauthn:extension:credBlob: true, webauthn:extension:largeBlob: true, webauthn:extension:minPinLength: true, webauthn:extension:prf: true, webauthn:virtualAuthenticators: true}
Session ID: 5fd689b72c268f398f8d740157555db8
2025-02-27 14:07:53 [main] ERROR l.i.u.tests.ApplicationFormsPageTest - Test 'testCreateNewVuiApplication' failed with error: MenuApplicationProcessing is not displayed!
java.lang.RuntimeException: MenuApplicationProcessing is not displayed!
	at lt.insoft.uztis.pages.ApplicationFormsPage.openMenuApplicationProcessing(ApplicationFormsPage.java:152)
	at lt.insoft.uztis.tests.ApplicationFormsPageTest.navigateToApplicationFormsMenu(ApplicationFormsPageTest.java:23)
	at lt.insoft.uztis.tests.ApplicationFormsPageTest.testCreateNewVuiApplication(ApplicationFormsPageTest.java:95)
	at java.base/jdk.internal.reflect.DirectMethodHandleAccessor.invoke(DirectMethodHandleAccessor.java:103)
	at java.base/java.lang.reflect.Method.invoke(Method.java:580)
	at org.junit.platform.commons.util.ReflectionUtils.invokeMethod(ReflectionUtils.java:728)
	at org.junit.jupiter.engine.execution.MethodInvocation.proceed(MethodInvocation.java:60)
	at org.junit.jupiter.engine.execution.InvocationInterceptorChain$ValidatingInvocation.proceed(InvocationInterceptorChain.java:131)
	at org.junit.jupiter.engine.extension.TimeoutExtension.intercept(TimeoutExtension.java:156)
	at org.junit.jupiter.engine.extension.TimeoutExtension.interceptTestableMethod(TimeoutExtension.java:147)
	at org.junit.jupiter.engine.extension.TimeoutExtension.interceptTestMethod(TimeoutExtension.java:86)
	at org.junit.jupiter.engine.execution.InterceptingExecutableInvoker$ReflectiveInterceptorCall.lambda$ofVoidMethod$0(InterceptingExecutableInvoker.java:103)
	at org.junit.jupiter.engine.execution.InterceptingExecutableInvoker.lambda$invoke$0(InterceptingExecutableInvoker.java:93)
	at org.junit.jupiter.engine.execution.InvocationInterceptorChain$InterceptedInvocation.proceed(InvocationInterceptorChain.java:106)
	at org.junit.jupiter.engine.execution.InvocationInterceptorChain.proceed(InvocationInterceptorChain.java:64)
	at org.junit.jupiter.engine.execution.InvocationInterceptorChain.chainAndInvoke(InvocationInterceptorChain.java:45)
	at org.junit.jupiter.engine.execution.InvocationInterceptorChain.invoke(InvocationInterceptorChain.java:37)
	at org.junit.jupiter.engine.execution.InterceptingExecutableInvoker.invoke(InterceptingExecutableInvoker.java:92)
	at org.junit.jupiter.engine.execution.InterceptingExecutableInvoker.invoke(InterceptingExecutableInvoker.java:86)
	at org.junit.jupiter.engine.descriptor.TestMethodTestDescriptor.lambda$invokeTestMethod$7(TestMethodTestDescriptor.java:218)
	at org.junit.platform.engine.support.hierarchical.ThrowableCollector.execute(ThrowableCollector.java:73)
	at org.junit.jupiter.engine.descriptor.TestMethodTestDescriptor.invokeTestMethod(TestMethodTestDescriptor.java:214)
	at org.junit.jupiter.engine.descriptor.TestMethodTestDescriptor.execute(TestMethodTestDescriptor.java:139)
	at org.junit.jupiter.engine.descriptor.TestMethodTestDescriptor.execute(TestMethodTestDescriptor.java:69)
	at org.junit.platform.engine.support.hierarchical.NodeTestTask.lambda$executeRecursively$6(NodeTestTask.java:151)
	at org.junit.platform.engine.support.hierarchical.ThrowableCollector.execute(ThrowableCollector.java:73)
	at org.junit.platform.engine.support.hierarchical.NodeTestTask.lambda$executeRecursively$8(NodeTestTask.java:141)
	at org.junit.platform.engine.support.hierarchical.Node.around(Node.java:137)
	at org.junit.platform.engine.support.hierarchical.NodeTestTask.lambda$executeRecursively$9(NodeTestTask.java:139)
	at org.junit.platform.engine.support.hierarchical.ThrowableCollector.execute(ThrowableCollector.java:73)
	at org.junit.platform.engine.support.hierarchical.NodeTestTask.executeRecursively(NodeTestTask.java:138)
	at org.junit.platform.engine.support.hierarchical.NodeTestTask.execute(NodeTestTask.java:95)
	at java.base/java.util.ArrayList.forEach(ArrayList.java:1596)
	at org.junit.platform.engine.support.hierarchical.SameThreadHierarchicalTestExecutorService.invokeAll(SameThreadHierarchicalTestExecutorService.java:41)
	at org.junit.platform.engine.support.hierarchical.NodeTestTask.lambda$executeRecursively$6(NodeTestTask.java:155)
	at org.junit.platform.engine.support.hierarchical.ThrowableCollector.execute(ThrowableCollector.java:73)
	at org.junit.platform.engine.support.hierarchical.NodeTestTask.lambda$executeRecursively$8(NodeTestTask.java:141)
	at org.junit.platform.engine.support.hierarchical.Node.around(Node.java:137)
	at org.junit.platform.engine.support.hierarchical.NodeTestTask.lambda$executeRecursively$9(NodeTestTask.java:139)
	at org.junit.platform.engine.support.hierarchical.ThrowableCollector.execute(ThrowableCollector.java:73)
	at org.junit.platform.engine.support.hierarchical.NodeTestTask.executeRecursively(NodeTestTask.java:138)
	at org.junit.platform.engine.support.hierarchical.NodeTestTask.execute(NodeTestTask.java:95)
	at java.base/java.util.ArrayList.forEach(ArrayList.java:1596)
	at org.junit.platform.engine.support.hierarchical.SameThreadHierarchicalTestExecutorService.invokeAll(SameThreadHierarchicalTestExecutorService.java:41)
	at org.junit.platform.engine.support.hierarchical.NodeTestTask.lambda$executeRecursively$6(NodeTestTask.java:155)
	at org.junit.platform.engine.support.hierarchical.ThrowableCollector.execute(ThrowableCollector.java:73)
	at org.junit.platform.engine.support.hierarchical.NodeTestTask.lambda$executeRecursively$8(NodeTestTask.java:141)
	at org.junit.platform.engine.support.hierarchical.Node.around(Node.java:137)
	at org.junit.platform.engine.support.hierarchical.NodeTestTask.lambda$executeRecursively$9(NodeTestTask.java:139)
	at org.junit.platform.engine.support.hierarchical.ThrowableCollector.execute(ThrowableCollector.java:73)
	at org.junit.platform.engine.support.hierarchical.NodeTestTask.executeRecursively(NodeTestTask.java:138)
	at org.junit.platform.engine.support.hierarchical.NodeTestTask.execute(NodeTestTask.java:95)
	at org.junit.platform.engine.support.hierarchical.SameThreadHierarchicalTestExecutorService.submit(SameThreadHierarchicalTestExecutorService.java:35)
	at org.junit.platform.engine.support.hierarchical.HierarchicalTestExecutor.execute(HierarchicalTestExecutor.java:57)
	at org.junit.platform.engine.support.hierarchical.HierarchicalTestEngine.execute(HierarchicalTestEngine.java:54)
	at org.junit.platform.launcher.core.EngineExecutionOrchestrator.execute(EngineExecutionOrchestrator.java:198)
	at org.junit.platform.launcher.core.EngineExecutionOrchestrator.execute(EngineExecutionOrchestrator.java:169)
	at org.junit.platform.launcher.core.EngineExecutionOrchestrator.execute(EngineExecutionOrchestrator.java:93)
	at org.junit.platform.launcher.core.EngineExecutionOrchestrator.lambda$execute$0(EngineExecutionOrchestrator.java:58)
	at org.junit.platform.launcher.core.EngineExecutionOrchestrator.withInterceptedStreams(EngineExecutionOrchestrator.java:141)
	at org.junit.platform.launcher.core.EngineExecutionOrchestrator.execute(EngineExecutionOrchestrator.java:57)
	at org.junit.platform.launcher.core.DefaultLauncher.execute(DefaultLauncher.java:103)
	at org.junit.platform.launcher.core.DefaultLauncher.execute(DefaultLauncher.java:85)
	at org.junit.platform.launcher.core.DelegatingLauncher.execute(DelegatingLauncher.java:47)
	at org.junit.platform.launcher.core.SessionPerRequestLauncher.execute(SessionPerRequestLauncher.java:63)
	at com.intellij.junit5.JUnit5IdeaTestRunner.startRunnerWithArgs(JUnit5IdeaTestRunner.java:57)
	at com.intellij.rt.junit.IdeaTestRunner$Repeater$1.execute(IdeaTestRunner.java:38)
	at com.intellij.rt.execution.junit.TestsRepeater.repeat(TestsRepeater.java:11)
	at com.intellij.rt.junit.IdeaTestRunner$Repeater.startRunnerWithArgs(IdeaTestRunner.java:35)
	at com.intellij.rt.junit.JUnitStarter.prepareStreamsAndStart(JUnitStarter.java:232)
	at com.intellij.rt.junit.JUnitStarter.main(JUnitStarter.java:55)
2025-02-27 14:09:50 [main] INFO  lt.insoft.uztis.tests.UztisPageTest - Navigated to https://uztisdev.asseco.lt/home
2025-02-27 14:09:50 [main] INFO  l.i.u.tests.ApplicationFormsPageTest - Setup complete. ApplicationFormsPage initialized.
2025-02-27 14:09:50 [main] INFO  l.i.u.tests.ApplicationFormsPageTest - Starting test:'testCreateNewVuiApplication'
2025-02-27 14:09:50 [main] DEBUG l.i.u.tests.ApplicationFormsPageTest - User logged in with test credentials
2025-02-27 14:09:58 [main] ERROR l.i.uztis.pages.ApplicationFormsPage - MenuApplicationProcessing button is not displayed invalid session id: session deleted as the browser has closed the connection
from disconnected: unable to send message to renderer
  (Session info: chrome=133.0.6943.141)
Build info: version: '4.27.0', revision: 'd6e718d134'
System info: os.name: 'Windows 11', os.arch: 'amd64', os.version: '10.0', java.version: '21.0.3'
Driver info: org.openqa.selenium.chrome.ChromeDriver
Command: [46002a21d0a4720d53d94f45489196e8, findElement {value=//mat-expansion-panel-header[.//span[contains(text(), 'Paraiškų tvarkymas')]]//mat-icon[text()='expand_more'], using=xpath}]
Capabilities {acceptInsecureCerts: false, browserName: chrome, browserVersion: 133.0.6943.141, chrome: {chromedriverVersion: 133.0.6943.141 (2a5d6da0d61..., userDataDir: C:\Users\INGRID~1.ZAD\AppDa...}, fedcm:accounts: true, goog:chromeOptions: {debuggerAddress: localhost:54384}, networkConnectionEnabled: false, pageLoadStrategy: normal, platformName: windows, proxy: Proxy(), se:cdp: ws://localhost:54384/devtoo..., se:cdpVersion: 133.0.6943.141, setWindowRect: true, strictFileInteractability: false, timeouts: {implicit: 0, pageLoad: 300000, script: 30000}, unhandledPromptBehavior: dismiss and notify, webauthn:extension:credBlob: true, webauthn:extension:largeBlob: true, webauthn:extension:minPinLength: true, webauthn:extension:prf: true, webauthn:virtualAuthenticators: true}
Session ID: 46002a21d0a4720d53d94f45489196e8
2025-02-27 14:09:58 [main] ERROR l.i.u.tests.ApplicationFormsPageTest - Test 'testCreateNewVuiApplication' failed with error: MenuApplicationProcessing is not displayed!
java.lang.RuntimeException: MenuApplicationProcessing is not displayed!
	at lt.insoft.uztis.pages.ApplicationFormsPage.openMenuApplicationProcessing(ApplicationFormsPage.java:153)
	at lt.insoft.uztis.tests.ApplicationFormsPageTest.navigateToApplicationFormsMenu(ApplicationFormsPageTest.java:23)
	at lt.insoft.uztis.tests.ApplicationFormsPageTest.testCreateNewVuiApplication(ApplicationFormsPageTest.java:95)
	at java.base/jdk.internal.reflect.DirectMethodHandleAccessor.invoke(DirectMethodHandleAccessor.java:103)
	at java.base/java.lang.reflect.Method.invoke(Method.java:580)
	at org.junit.platform.commons.util.ReflectionUtils.invokeMethod(ReflectionUtils.java:728)
	at org.junit.jupiter.engine.execution.MethodInvocation.proceed(MethodInvocation.java:60)
	at org.junit.jupiter.engine.execution.InvocationInterceptorChain$ValidatingInvocation.proceed(InvocationInterceptorChain.java:131)
	at org.junit.jupiter.engine.extension.TimeoutExtension.intercept(TimeoutExtension.java:156)
	at org.junit.jupiter.engine.extension.TimeoutExtension.interceptTestableMethod(TimeoutExtension.java:147)
	at org.junit.jupiter.engine.extension.TimeoutExtension.interceptTestMethod(TimeoutExtension.java:86)
	at org.junit.jupiter.engine.execution.InterceptingExecutableInvoker$ReflectiveInterceptorCall.lambda$ofVoidMethod$0(InterceptingExecutableInvoker.java:103)
	at org.junit.jupiter.engine.execution.InterceptingExecutableInvoker.lambda$invoke$0(InterceptingExecutableInvoker.java:93)
	at org.junit.jupiter.engine.execution.InvocationInterceptorChain$InterceptedInvocation.proceed(InvocationInterceptorChain.java:106)
	at org.junit.jupiter.engine.execution.InvocationInterceptorChain.proceed(InvocationInterceptorChain.java:64)
	at org.junit.jupiter.engine.execution.InvocationInterceptorChain.chainAndInvoke(InvocationInterceptorChain.java:45)
	at org.junit.jupiter.engine.execution.InvocationInterceptorChain.invoke(InvocationInterceptorChain.java:37)
	at org.junit.jupiter.engine.execution.InterceptingExecutableInvoker.invoke(InterceptingExecutableInvoker.java:92)
	at org.junit.jupiter.engine.execution.InterceptingExecutableInvoker.invoke(InterceptingExecutableInvoker.java:86)
	at org.junit.jupiter.engine.descriptor.TestMethodTestDescriptor.lambda$invokeTestMethod$7(TestMethodTestDescriptor.java:218)
	at org.junit.platform.engine.support.hierarchical.ThrowableCollector.execute(ThrowableCollector.java:73)
	at org.junit.jupiter.engine.descriptor.TestMethodTestDescriptor.invokeTestMethod(TestMethodTestDescriptor.java:214)
	at org.junit.jupiter.engine.descriptor.TestMethodTestDescriptor.execute(TestMethodTestDescriptor.java:139)
	at org.junit.jupiter.engine.descriptor.TestMethodTestDescriptor.execute(TestMethodTestDescriptor.java:69)
	at org.junit.platform.engine.support.hierarchical.NodeTestTask.lambda$executeRecursively$6(NodeTestTask.java:151)
	at org.junit.platform.engine.support.hierarchical.ThrowableCollector.execute(ThrowableCollector.java:73)
	at org.junit.platform.engine.support.hierarchical.NodeTestTask.lambda$executeRecursively$8(NodeTestTask.java:141)
	at org.junit.platform.engine.support.hierarchical.Node.around(Node.java:137)
	at org.junit.platform.engine.support.hierarchical.NodeTestTask.lambda$executeRecursively$9(NodeTestTask.java:139)
	at org.junit.platform.engine.support.hierarchical.ThrowableCollector.execute(ThrowableCollector.java:73)
	at org.junit.platform.engine.support.hierarchical.NodeTestTask.executeRecursively(NodeTestTask.java:138)
	at org.junit.platform.engine.support.hierarchical.NodeTestTask.execute(NodeTestTask.java:95)
	at java.base/java.util.ArrayList.forEach(ArrayList.java:1596)
	at org.junit.platform.engine.support.hierarchical.SameThreadHierarchicalTestExecutorService.invokeAll(SameThreadHierarchicalTestExecutorService.java:41)
	at org.junit.platform.engine.support.hierarchical.NodeTestTask.lambda$executeRecursively$6(NodeTestTask.java:155)
	at org.junit.platform.engine.support.hierarchical.ThrowableCollector.execute(ThrowableCollector.java:73)
	at org.junit.platform.engine.support.hierarchical.NodeTestTask.lambda$executeRecursively$8(NodeTestTask.java:141)
	at org.junit.platform.engine.support.hierarchical.Node.around(Node.java:137)
	at org.junit.platform.engine.support.hierarchical.NodeTestTask.lambda$executeRecursively$9(NodeTestTask.java:139)
	at org.junit.platform.engine.support.hierarchical.ThrowableCollector.execute(ThrowableCollector.java:73)
	at org.junit.platform.engine.support.hierarchical.NodeTestTask.executeRecursively(NodeTestTask.java:138)
	at org.junit.platform.engine.support.hierarchical.NodeTestTask.execute(NodeTestTask.java:95)
	at java.base/java.util.ArrayList.forEach(ArrayList.java:1596)
	at org.junit.platform.engine.support.hierarchical.SameThreadHierarchicalTestExecutorService.invokeAll(SameThreadHierarchicalTestExecutorService.java:41)
	at org.junit.platform.engine.support.hierarchical.NodeTestTask.lambda$executeRecursively$6(NodeTestTask.java:155)
	at org.junit.platform.engine.support.hierarchical.ThrowableCollector.execute(ThrowableCollector.java:73)
	at org.junit.platform.engine.support.hierarchical.NodeTestTask.lambda$executeRecursively$8(NodeTestTask.java:141)
	at org.junit.platform.engine.support.hierarchical.Node.around(Node.java:137)
	at org.junit.platform.engine.support.hierarchical.NodeTestTask.lambda$executeRecursively$9(NodeTestTask.java:139)
	at org.junit.platform.engine.support.hierarchical.ThrowableCollector.execute(ThrowableCollector.java:73)
	at org.junit.platform.engine.support.hierarchical.NodeTestTask.executeRecursively(NodeTestTask.java:138)
	at org.junit.platform.engine.support.hierarchical.NodeTestTask.execute(NodeTestTask.java:95)
	at org.junit.platform.engine.support.hierarchical.SameThreadHierarchicalTestExecutorService.submit(SameThreadHierarchicalTestExecutorService.java:35)
	at org.junit.platform.engine.support.hierarchical.HierarchicalTestExecutor.execute(HierarchicalTestExecutor.java:57)
	at org.junit.platform.engine.support.hierarchical.HierarchicalTestEngine.execute(HierarchicalTestEngine.java:54)
	at org.junit.platform.launcher.core.EngineExecutionOrchestrator.execute(EngineExecutionOrchestrator.java:198)
	at org.junit.platform.launcher.core.EngineExecutionOrchestrator.execute(EngineExecutionOrchestrator.java:169)
	at org.junit.platform.launcher.core.EngineExecutionOrchestrator.execute(EngineExecutionOrchestrator.java:93)
	at org.junit.platform.launcher.core.EngineExecutionOrchestrator.lambda$execute$0(EngineExecutionOrchestrator.java:58)
	at org.junit.platform.launcher.core.EngineExecutionOrchestrator.withInterceptedStreams(EngineExecutionOrchestrator.java:141)
	at org.junit.platform.launcher.core.EngineExecutionOrchestrator.execute(EngineExecutionOrchestrator.java:57)
	at org.junit.platform.launcher.core.DefaultLauncher.execute(DefaultLauncher.java:103)
	at org.junit.platform.launcher.core.DefaultLauncher.execute(DefaultLauncher.java:85)
	at org.junit.platform.launcher.core.DelegatingLauncher.execute(DelegatingLauncher.java:47)
	at org.junit.platform.launcher.core.SessionPerRequestLauncher.execute(SessionPerRequestLauncher.java:63)
	at com.intellij.junit5.JUnit5IdeaTestRunner.startRunnerWithArgs(JUnit5IdeaTestRunner.java:57)
	at com.intellij.rt.junit.IdeaTestRunner$Repeater$1.execute(IdeaTestRunner.java:38)
	at com.intellij.rt.execution.junit.TestsRepeater.repeat(TestsRepeater.java:11)
	at com.intellij.rt.junit.IdeaTestRunner$Repeater.startRunnerWithArgs(IdeaTestRunner.java:35)
	at com.intellij.rt.junit.JUnitStarter.prepareStreamsAndStart(JUnitStarter.java:232)
	at com.intellij.rt.junit.JUnitStarter.main(JUnitStarter.java:55)
2025-02-27 14:11:52 [main] INFO  lt.insoft.uztis.tests.UztisPageTest - Navigated to https://uztisdev.asseco.lt/home
2025-02-27 14:11:52 [main] INFO  l.i.u.tests.ApplicationFormsPageTest - Setup complete. ApplicationFormsPage initialized.
2025-02-27 14:11:52 [main] INFO  l.i.u.tests.ApplicationFormsPageTest - Starting test:'testCreateNewVuiApplication'
2025-02-27 14:11:52 [main] DEBUG l.i.u.tests.ApplicationFormsPageTest - User logged in with test credentials
2025-02-27 14:12:02 [main] ERROR l.i.uztis.pages.ApplicationFormsPage - MenuApplicationProcessing button is not displayed no such element: Unable to locate element: {"method":"xpath","selector":"//span[@class='mat-content mat-content-hide-toggle']//span[contains(text(), 'Paraiškų tvarkymas')]"}
  (Session info: chrome=133.0.6943.141)
For documentation on this error, please visit: https://www.selenium.dev/documentation/webdriver/troubleshooting/errors#no-such-element-exception
Build info: version: '4.27.0', revision: 'd6e718d134'
System info: os.name: 'Windows 11', os.arch: 'amd64', os.version: '10.0', java.version: '21.0.3'
Driver info: org.openqa.selenium.chrome.ChromeDriver
Command: [175398e388c756fd521bff3ca0ec7c30, findElement {using=xpath, value=//span[@class='mat-content mat-content-hide-toggle']//span[contains(text(), 'Paraiškų tvarkymas')]}]
Capabilities {acceptInsecureCerts: false, browserName: chrome, browserVersion: 133.0.6943.141, chrome: {chromedriverVersion: 133.0.6943.141 (2a5d6da0d61..., userDataDir: C:\Users\INGRID~1.ZAD\AppDa...}, fedcm:accounts: true, goog:chromeOptions: {debuggerAddress: localhost:54466}, networkConnectionEnabled: false, pageLoadStrategy: normal, platformName: windows, proxy: Proxy(), se:cdp: ws://localhost:54466/devtoo..., se:cdpVersion: 133.0.6943.141, setWindowRect: true, strictFileInteractability: false, timeouts: {implicit: 0, pageLoad: 300000, script: 30000}, unhandledPromptBehavior: dismiss and notify, webauthn:extension:credBlob: true, webauthn:extension:largeBlob: true, webauthn:extension:minPinLength: true, webauthn:extension:prf: true, webauthn:virtualAuthenticators: true}
Session ID: 175398e388c756fd521bff3ca0ec7c30
2025-02-27 14:12:02 [main] ERROR l.i.u.tests.ApplicationFormsPageTest - Test 'testCreateNewVuiApplication' failed with error: MenuApplicationProcessing is not displayed!
java.lang.RuntimeException: MenuApplicationProcessing is not displayed!
	at lt.insoft.uztis.pages.ApplicationFormsPage.openMenuApplicationProcessing(ApplicationFormsPage.java:154)
	at lt.insoft.uztis.tests.ApplicationFormsPageTest.navigateToApplicationFormsMenu(ApplicationFormsPageTest.java:23)
	at lt.insoft.uztis.tests.ApplicationFormsPageTest.testCreateNewVuiApplication(ApplicationFormsPageTest.java:95)
	at java.base/jdk.internal.reflect.DirectMethodHandleAccessor.invoke(DirectMethodHandleAccessor.java:103)
	at java.base/java.lang.reflect.Method.invoke(Method.java:580)
	at org.junit.platform.commons.util.ReflectionUtils.invokeMethod(ReflectionUtils.java:728)
	at org.junit.jupiter.engine.execution.MethodInvocation.proceed(MethodInvocation.java:60)
	at org.junit.jupiter.engine.execution.InvocationInterceptorChain$ValidatingInvocation.proceed(InvocationInterceptorChain.java:131)
	at org.junit.jupiter.engine.extension.TimeoutExtension.intercept(TimeoutExtension.java:156)
	at org.junit.jupiter.engine.extension.TimeoutExtension.interceptTestableMethod(TimeoutExtension.java:147)
	at org.junit.jupiter.engine.extension.TimeoutExtension.interceptTestMethod(TimeoutExtension.java:86)
	at org.junit.jupiter.engine.execution.InterceptingExecutableInvoker$ReflectiveInterceptorCall.lambda$ofVoidMethod$0(InterceptingExecutableInvoker.java:103)
	at org.junit.jupiter.engine.execution.InterceptingExecutableInvoker.lambda$invoke$0(InterceptingExecutableInvoker.java:93)
	at org.junit.jupiter.engine.execution.InvocationInterceptorChain$InterceptedInvocation.proceed(InvocationInterceptorChain.java:106)
	at org.junit.jupiter.engine.execution.InvocationInterceptorChain.proceed(InvocationInterceptorChain.java:64)
	at org.junit.jupiter.engine.execution.InvocationInterceptorChain.chainAndInvoke(InvocationInterceptorChain.java:45)
	at org.junit.jupiter.engine.execution.InvocationInterceptorChain.invoke(InvocationInterceptorChain.java:37)
	at org.junit.jupiter.engine.execution.InterceptingExecutableInvoker.invoke(InterceptingExecutableInvoker.java:92)
	at org.junit.jupiter.engine.execution.InterceptingExecutableInvoker.invoke(InterceptingExecutableInvoker.java:86)
	at org.junit.jupiter.engine.descriptor.TestMethodTestDescriptor.lambda$invokeTestMethod$7(TestMethodTestDescriptor.java:218)
	at org.junit.platform.engine.support.hierarchical.ThrowableCollector.execute(ThrowableCollector.java:73)
	at org.junit.jupiter.engine.descriptor.TestMethodTestDescriptor.invokeTestMethod(TestMethodTestDescriptor.java:214)
	at org.junit.jupiter.engine.descriptor.TestMethodTestDescriptor.execute(TestMethodTestDescriptor.java:139)
	at org.junit.jupiter.engine.descriptor.TestMethodTestDescriptor.execute(TestMethodTestDescriptor.java:69)
	at org.junit.platform.engine.support.hierarchical.NodeTestTask.lambda$executeRecursively$6(NodeTestTask.java:151)
	at org.junit.platform.engine.support.hierarchical.ThrowableCollector.execute(ThrowableCollector.java:73)
	at org.junit.platform.engine.support.hierarchical.NodeTestTask.lambda$executeRecursively$8(NodeTestTask.java:141)
	at org.junit.platform.engine.support.hierarchical.Node.around(Node.java:137)
	at org.junit.platform.engine.support.hierarchical.NodeTestTask.lambda$executeRecursively$9(NodeTestTask.java:139)
	at org.junit.platform.engine.support.hierarchical.ThrowableCollector.execute(ThrowableCollector.java:73)
	at org.junit.platform.engine.support.hierarchical.NodeTestTask.executeRecursively(NodeTestTask.java:138)
	at org.junit.platform.engine.support.hierarchical.NodeTestTask.execute(NodeTestTask.java:95)
	at java.base/java.util.ArrayList.forEach(ArrayList.java:1596)
	at org.junit.platform.engine.support.hierarchical.SameThreadHierarchicalTestExecutorService.invokeAll(SameThreadHierarchicalTestExecutorService.java:41)
	at org.junit.platform.engine.support.hierarchical.NodeTestTask.lambda$executeRecursively$6(NodeTestTask.java:155)
	at org.junit.platform.engine.support.hierarchical.ThrowableCollector.execute(ThrowableCollector.java:73)
	at org.junit.platform.engine.support.hierarchical.NodeTestTask.lambda$executeRecursively$8(NodeTestTask.java:141)
	at org.junit.platform.engine.support.hierarchical.Node.around(Node.java:137)
	at org.junit.platform.engine.support.hierarchical.NodeTestTask.lambda$executeRecursively$9(NodeTestTask.java:139)
	at org.junit.platform.engine.support.hierarchical.ThrowableCollector.execute(ThrowableCollector.java:73)
	at org.junit.platform.engine.support.hierarchical.NodeTestTask.executeRecursively(NodeTestTask.java:138)
	at org.junit.platform.engine.support.hierarchical.NodeTestTask.execute(NodeTestTask.java:95)
	at java.base/java.util.ArrayList.forEach(ArrayList.java:1596)
	at org.junit.platform.engine.support.hierarchical.SameThreadHierarchicalTestExecutorService.invokeAll(SameThreadHierarchicalTestExecutorService.java:41)
	at org.junit.platform.engine.support.hierarchical.NodeTestTask.lambda$executeRecursively$6(NodeTestTask.java:155)
	at org.junit.platform.engine.support.hierarchical.ThrowableCollector.execute(ThrowableCollector.java:73)
	at org.junit.platform.engine.support.hierarchical.NodeTestTask.lambda$executeRecursively$8(NodeTestTask.java:141)
	at org.junit.platform.engine.support.hierarchical.Node.around(Node.java:137)
	at org.junit.platform.engine.support.hierarchical.NodeTestTask.lambda$executeRecursively$9(NodeTestTask.java:139)
	at org.junit.platform.engine.support.hierarchical.ThrowableCollector.execute(ThrowableCollector.java:73)
	at org.junit.platform.engine.support.hierarchical.NodeTestTask.executeRecursively(NodeTestTask.java:138)
	at org.junit.platform.engine.support.hierarchical.NodeTestTask.execute(NodeTestTask.java:95)
	at org.junit.platform.engine.support.hierarchical.SameThreadHierarchicalTestExecutorService.submit(SameThreadHierarchicalTestExecutorService.java:35)
	at org.junit.platform.engine.support.hierarchical.HierarchicalTestExecutor.execute(HierarchicalTestExecutor.java:57)
	at org.junit.platform.engine.support.hierarchical.HierarchicalTestEngine.execute(HierarchicalTestEngine.java:54)
	at org.junit.platform.launcher.core.EngineExecutionOrchestrator.execute(EngineExecutionOrchestrator.java:198)
	at org.junit.platform.launcher.core.EngineExecutionOrchestrator.execute(EngineExecutionOrchestrator.java:169)
	at org.junit.platform.launcher.core.EngineExecutionOrchestrator.execute(EngineExecutionOrchestrator.java:93)
	at org.junit.platform.launcher.core.EngineExecutionOrchestrator.lambda$execute$0(EngineExecutionOrchestrator.java:58)
	at org.junit.platform.launcher.core.EngineExecutionOrchestrator.withInterceptedStreams(EngineExecutionOrchestrator.java:141)
	at org.junit.platform.launcher.core.EngineExecutionOrchestrator.execute(EngineExecutionOrchestrator.java:57)
	at org.junit.platform.launcher.core.DefaultLauncher.execute(DefaultLauncher.java:103)
	at org.junit.platform.launcher.core.DefaultLauncher.execute(DefaultLauncher.java:85)
	at org.junit.platform.launcher.core.DelegatingLauncher.execute(DelegatingLauncher.java:47)
	at org.junit.platform.launcher.core.SessionPerRequestLauncher.execute(SessionPerRequestLauncher.java:63)
	at com.intellij.junit5.JUnit5IdeaTestRunner.startRunnerWithArgs(JUnit5IdeaTestRunner.java:57)
	at com.intellij.rt.junit.IdeaTestRunner$Repeater$1.execute(IdeaTestRunner.java:38)
	at com.intellij.rt.execution.junit.TestsRepeater.repeat(TestsRepeater.java:11)
	at com.intellij.rt.junit.IdeaTestRunner$Repeater.startRunnerWithArgs(IdeaTestRunner.java:35)
	at com.intellij.rt.junit.JUnitStarter.prepareStreamsAndStart(JUnitStarter.java:232)
	at com.intellij.rt.junit.JUnitStarter.main(JUnitStarter.java:55)
2025-02-27 14:12:03 [main] INFO  l.insoft.uztis.tests.utils.TestUtils - Screenshot moved to C:\Users\ingrida.zadorozniene\Desktop\Asm\UZTIS\UZTIS_tests\test-output\screenshots\20250227\141203064_testCreateNewVuiApplication().png
2025-02-27 14:13:00 [main] INFO  lt.insoft.uztis.tests.UztisPageTest - Navigated to https://uztisdev.asseco.lt/home
2025-02-27 14:13:00 [main] INFO  l.i.u.tests.ApplicationFormsPageTest - Setup complete. ApplicationFormsPage initialized.
2025-02-27 14:13:00 [main] INFO  l.i.u.tests.ApplicationFormsPageTest - Starting test:'testCreateNewVuiApplication'
2025-02-27 14:13:01 [main] DEBUG l.i.u.tests.ApplicationFormsPageTest - User logged in with test credentials
2025-02-27 14:13:07 [main] ERROR l.i.uztis.pages.ApplicationFormsPage - MenuApplicationProcessing button is not displayed invalid session id: session deleted as the browser has closed the connection
from disconnected: unable to send message to renderer
  (Session info: chrome=133.0.6943.141)
Build info: version: '4.27.0', revision: 'd6e718d134'
System info: os.name: 'Windows 11', os.arch: 'amd64', os.version: '10.0', java.version: '21.0.3'
Driver info: org.openqa.selenium.chrome.ChromeDriver
Command: [a4bc20493627dbd73647ab30a8d34b68, findElement {using=xpath, value=//span[@class='mat-content mat-content-hide-toggle']//mat-icon[text()='expand_more']}]
Capabilities {acceptInsecureCerts: false, browserName: chrome, browserVersion: 133.0.6943.141, chrome: {chromedriverVersion: 133.0.6943.141 (2a5d6da0d61..., userDataDir: C:\Users\INGRID~1.ZAD\AppDa...}, fedcm:accounts: true, goog:chromeOptions: {debuggerAddress: localhost:54525}, networkConnectionEnabled: false, pageLoadStrategy: normal, platformName: windows, proxy: Proxy(), se:cdp: ws://localhost:54525/devtoo..., se:cdpVersion: 133.0.6943.141, setWindowRect: true, strictFileInteractability: false, timeouts: {implicit: 0, pageLoad: 300000, script: 30000}, unhandledPromptBehavior: dismiss and notify, webauthn:extension:credBlob: true, webauthn:extension:largeBlob: true, webauthn:extension:minPinLength: true, webauthn:extension:prf: true, webauthn:virtualAuthenticators: true}
Session ID: a4bc20493627dbd73647ab30a8d34b68
2025-02-27 14:13:07 [main] ERROR l.i.u.tests.ApplicationFormsPageTest - Test 'testCreateNewVuiApplication' failed with error: MenuApplicationProcessing is not displayed!
java.lang.RuntimeException: MenuApplicationProcessing is not displayed!
	at lt.insoft.uztis.pages.ApplicationFormsPage.openMenuApplicationProcessing(ApplicationFormsPage.java:155)
	at lt.insoft.uztis.tests.ApplicationFormsPageTest.navigateToApplicationFormsMenu(ApplicationFormsPageTest.java:23)
	at lt.insoft.uztis.tests.ApplicationFormsPageTest.testCreateNewVuiApplication(ApplicationFormsPageTest.java:95)
	at java.base/jdk.internal.reflect.DirectMethodHandleAccessor.invoke(DirectMethodHandleAccessor.java:103)
	at java.base/java.lang.reflect.Method.invoke(Method.java:580)
	at org.junit.platform.commons.util.ReflectionUtils.invokeMethod(ReflectionUtils.java:728)
	at org.junit.jupiter.engine.execution.MethodInvocation.proceed(MethodInvocation.java:60)
	at org.junit.jupiter.engine.execution.InvocationInterceptorChain$ValidatingInvocation.proceed(InvocationInterceptorChain.java:131)
	at org.junit.jupiter.engine.extension.TimeoutExtension.intercept(TimeoutExtension.java:156)
	at org.junit.jupiter.engine.extension.TimeoutExtension.interceptTestableMethod(TimeoutExtension.java:147)
	at org.junit.jupiter.engine.extension.TimeoutExtension.interceptTestMethod(TimeoutExtension.java:86)
	at org.junit.jupiter.engine.execution.InterceptingExecutableInvoker$ReflectiveInterceptorCall.lambda$ofVoidMethod$0(InterceptingExecutableInvoker.java:103)
	at org.junit.jupiter.engine.execution.InterceptingExecutableInvoker.lambda$invoke$0(InterceptingExecutableInvoker.java:93)
	at org.junit.jupiter.engine.execution.InvocationInterceptorChain$InterceptedInvocation.proceed(InvocationInterceptorChain.java:106)
	at org.junit.jupiter.engine.execution.InvocationInterceptorChain.proceed(InvocationInterceptorChain.java:64)
	at org.junit.jupiter.engine.execution.InvocationInterceptorChain.chainAndInvoke(InvocationInterceptorChain.java:45)
	at org.junit.jupiter.engine.execution.InvocationInterceptorChain.invoke(InvocationInterceptorChain.java:37)
	at org.junit.jupiter.engine.execution.InterceptingExecutableInvoker.invoke(InterceptingExecutableInvoker.java:92)
	at org.junit.jupiter.engine.execution.InterceptingExecutableInvoker.invoke(InterceptingExecutableInvoker.java:86)
	at org.junit.jupiter.engine.descriptor.TestMethodTestDescriptor.lambda$invokeTestMethod$7(TestMethodTestDescriptor.java:218)
	at org.junit.platform.engine.support.hierarchical.ThrowableCollector.execute(ThrowableCollector.java:73)
	at org.junit.jupiter.engine.descriptor.TestMethodTestDescriptor.invokeTestMethod(TestMethodTestDescriptor.java:214)
	at org.junit.jupiter.engine.descriptor.TestMethodTestDescriptor.execute(TestMethodTestDescriptor.java:139)
	at org.junit.jupiter.engine.descriptor.TestMethodTestDescriptor.execute(TestMethodTestDescriptor.java:69)
	at org.junit.platform.engine.support.hierarchical.NodeTestTask.lambda$executeRecursively$6(NodeTestTask.java:151)
	at org.junit.platform.engine.support.hierarchical.ThrowableCollector.execute(ThrowableCollector.java:73)
	at org.junit.platform.engine.support.hierarchical.NodeTestTask.lambda$executeRecursively$8(NodeTestTask.java:141)
	at org.junit.platform.engine.support.hierarchical.Node.around(Node.java:137)
	at org.junit.platform.engine.support.hierarchical.NodeTestTask.lambda$executeRecursively$9(NodeTestTask.java:139)
	at org.junit.platform.engine.support.hierarchical.ThrowableCollector.execute(ThrowableCollector.java:73)
	at org.junit.platform.engine.support.hierarchical.NodeTestTask.executeRecursively(NodeTestTask.java:138)
	at org.junit.platform.engine.support.hierarchical.NodeTestTask.execute(NodeTestTask.java:95)
	at java.base/java.util.ArrayList.forEach(ArrayList.java:1596)
	at org.junit.platform.engine.support.hierarchical.SameThreadHierarchicalTestExecutorService.invokeAll(SameThreadHierarchicalTestExecutorService.java:41)
	at org.junit.platform.engine.support.hierarchical.NodeTestTask.lambda$executeRecursively$6(NodeTestTask.java:155)
	at org.junit.platform.engine.support.hierarchical.ThrowableCollector.execute(ThrowableCollector.java:73)
	at org.junit.platform.engine.support.hierarchical.NodeTestTask.lambda$executeRecursively$8(NodeTestTask.java:141)
	at org.junit.platform.engine.support.hierarchical.Node.around(Node.java:137)
	at org.junit.platform.engine.support.hierarchical.NodeTestTask.lambda$executeRecursively$9(NodeTestTask.java:139)
	at org.junit.platform.engine.support.hierarchical.ThrowableCollector.execute(ThrowableCollector.java:73)
	at org.junit.platform.engine.support.hierarchical.NodeTestTask.executeRecursively(NodeTestTask.java:138)
	at org.junit.platform.engine.support.hierarchical.NodeTestTask.execute(NodeTestTask.java:95)
	at java.base/java.util.ArrayList.forEach(ArrayList.java:1596)
	at org.junit.platform.engine.support.hierarchical.SameThreadHierarchicalTestExecutorService.invokeAll(SameThreadHierarchicalTestExecutorService.java:41)
	at org.junit.platform.engine.support.hierarchical.NodeTestTask.lambda$executeRecursively$6(NodeTestTask.java:155)
	at org.junit.platform.engine.support.hierarchical.ThrowableCollector.execute(ThrowableCollector.java:73)
	at org.junit.platform.engine.support.hierarchical.NodeTestTask.lambda$executeRecursively$8(NodeTestTask.java:141)
	at org.junit.platform.engine.support.hierarchical.Node.around(Node.java:137)
	at org.junit.platform.engine.support.hierarchical.NodeTestTask.lambda$executeRecursively$9(NodeTestTask.java:139)
	at org.junit.platform.engine.support.hierarchical.ThrowableCollector.execute(ThrowableCollector.java:73)
	at org.junit.platform.engine.support.hierarchical.NodeTestTask.executeRecursively(NodeTestTask.java:138)
	at org.junit.platform.engine.support.hierarchical.NodeTestTask.execute(NodeTestTask.java:95)
	at org.junit.platform.engine.support.hierarchical.SameThreadHierarchicalTestExecutorService.submit(SameThreadHierarchicalTestExecutorService.java:35)
	at org.junit.platform.engine.support.hierarchical.HierarchicalTestExecutor.execute(HierarchicalTestExecutor.java:57)
	at org.junit.platform.engine.support.hierarchical.HierarchicalTestEngine.execute(HierarchicalTestEngine.java:54)
	at org.junit.platform.launcher.core.EngineExecutionOrchestrator.execute(EngineExecutionOrchestrator.java:198)
	at org.junit.platform.launcher.core.EngineExecutionOrchestrator.execute(EngineExecutionOrchestrator.java:169)
	at org.junit.platform.launcher.core.EngineExecutionOrchestrator.execute(EngineExecutionOrchestrator.java:93)
	at org.junit.platform.launcher.core.EngineExecutionOrchestrator.lambda$execute$0(EngineExecutionOrchestrator.java:58)
	at org.junit.platform.launcher.core.EngineExecutionOrchestrator.withInterceptedStreams(EngineExecutionOrchestrator.java:141)
	at org.junit.platform.launcher.core.EngineExecutionOrchestrator.execute(EngineExecutionOrchestrator.java:57)
	at org.junit.platform.launcher.core.DefaultLauncher.execute(DefaultLauncher.java:103)
	at org.junit.platform.launcher.core.DefaultLauncher.execute(DefaultLauncher.java:85)
	at org.junit.platform.launcher.core.DelegatingLauncher.execute(DelegatingLauncher.java:47)
	at org.junit.platform.launcher.core.SessionPerRequestLauncher.execute(SessionPerRequestLauncher.java:63)
	at com.intellij.junit5.JUnit5IdeaTestRunner.startRunnerWithArgs(JUnit5IdeaTestRunner.java:57)
	at com.intellij.rt.junit.IdeaTestRunner$Repeater$1.execute(IdeaTestRunner.java:38)
	at com.intellij.rt.execution.junit.TestsRepeater.repeat(TestsRepeater.java:11)
	at com.intellij.rt.junit.IdeaTestRunner$Repeater.startRunnerWithArgs(IdeaTestRunner.java:35)
	at com.intellij.rt.junit.JUnitStarter.prepareStreamsAndStart(JUnitStarter.java:232)
	at com.intellij.rt.junit.JUnitStarter.main(JUnitStarter.java:55)
2025-02-27 14:33:14 [main] INFO  lt.insoft.uztis.tests.UztisPageTest - Navigated to https://uztisdev.asseco.lt/home
2025-02-27 14:33:14 [main] INFO  l.i.u.tests.ApplicationFormsPageTest - Setup complete. ApplicationFormsPage initialized.
2025-02-27 14:33:14 [main] INFO  l.i.u.tests.ApplicationFormsPageTest - Starting test:'testCreateNewVuiApplication'
2025-02-27 14:33:15 [main] DEBUG l.i.u.tests.ApplicationFormsPageTest - User logged in with test credentials
2025-02-27 14:33:18 [main] ERROR l.i.uztis.pages.ApplicationFormsPage - MenuApplicationProcessing button is not displayed invalid session id: session deleted as the browser has closed the connection
from disconnected: unable to send message to renderer
  (Session info: chrome=133.0.6943.141)
Build info: version: '4.27.0', revision: 'd6e718d134'
System info: os.name: 'Windows 11', os.arch: 'amd64', os.version: '10.0', java.version: '21.0.3'
Driver info: org.openqa.selenium.chrome.ChromeDriver
Command: [b599a3dc5ad99b079384f901cd165c4c, findElement {value=//span[@class='mat-content mat-content-hide-toggle']//mat-icon[text()='expand_more'], using=xpath}]
Capabilities {acceptInsecureCerts: false, browserName: chrome, browserVersion: 133.0.6943.141, chrome: {chromedriverVersion: 133.0.6943.141 (2a5d6da0d61..., userDataDir: C:\Users\INGRID~1.ZAD\AppDa...}, fedcm:accounts: true, goog:chromeOptions: {debuggerAddress: localhost:55153}, networkConnectionEnabled: false, pageLoadStrategy: normal, platformName: windows, proxy: Proxy(), se:cdp: ws://localhost:55153/devtoo..., se:cdpVersion: 133.0.6943.141, setWindowRect: true, strictFileInteractability: false, timeouts: {implicit: 0, pageLoad: 300000, script: 30000}, unhandledPromptBehavior: dismiss and notify, webauthn:extension:credBlob: true, webauthn:extension:largeBlob: true, webauthn:extension:minPinLength: true, webauthn:extension:prf: true, webauthn:virtualAuthenticators: true}
Session ID: b599a3dc5ad99b079384f901cd165c4c
2025-02-27 14:33:18 [main] ERROR l.i.u.tests.ApplicationFormsPageTest - Test 'testCreateNewVuiApplication' failed with error: MenuApplicationProcessing is not displayed!
java.lang.RuntimeException: MenuApplicationProcessing is not displayed!
	at lt.insoft.uztis.pages.ApplicationFormsPage.openMenuApplicationProcessing(ApplicationFormsPage.java:155)
	at lt.insoft.uztis.tests.ApplicationFormsPageTest.navigateToApplicationFormsMenu(ApplicationFormsPageTest.java:23)
	at lt.insoft.uztis.tests.ApplicationFormsPageTest.testCreateNewVuiApplication(ApplicationFormsPageTest.java:95)
	at java.base/jdk.internal.reflect.DirectMethodHandleAccessor.invoke(DirectMethodHandleAccessor.java:103)
	at java.base/java.lang.reflect.Method.invoke(Method.java:580)
	at org.junit.platform.commons.util.ReflectionUtils.invokeMethod(ReflectionUtils.java:728)
	at org.junit.jupiter.engine.execution.MethodInvocation.proceed(MethodInvocation.java:60)
	at org.junit.jupiter.engine.execution.InvocationInterceptorChain$ValidatingInvocation.proceed(InvocationInterceptorChain.java:131)
	at org.junit.jupiter.engine.extension.TimeoutExtension.intercept(TimeoutExtension.java:156)
	at org.junit.jupiter.engine.extension.TimeoutExtension.interceptTestableMethod(TimeoutExtension.java:147)
	at org.junit.jupiter.engine.extension.TimeoutExtension.interceptTestMethod(TimeoutExtension.java:86)
	at org.junit.jupiter.engine.execution.InterceptingExecutableInvoker$ReflectiveInterceptorCall.lambda$ofVoidMethod$0(InterceptingExecutableInvoker.java:103)
	at org.junit.jupiter.engine.execution.InterceptingExecutableInvoker.lambda$invoke$0(InterceptingExecutableInvoker.java:93)
	at org.junit.jupiter.engine.execution.InvocationInterceptorChain$InterceptedInvocation.proceed(InvocationInterceptorChain.java:106)
	at org.junit.jupiter.engine.execution.InvocationInterceptorChain.proceed(InvocationInterceptorChain.java:64)
	at org.junit.jupiter.engine.execution.InvocationInterceptorChain.chainAndInvoke(InvocationInterceptorChain.java:45)
	at org.junit.jupiter.engine.execution.InvocationInterceptorChain.invoke(InvocationInterceptorChain.java:37)
	at org.junit.jupiter.engine.execution.InterceptingExecutableInvoker.invoke(InterceptingExecutableInvoker.java:92)
	at org.junit.jupiter.engine.execution.InterceptingExecutableInvoker.invoke(InterceptingExecutableInvoker.java:86)
	at org.junit.jupiter.engine.descriptor.TestMethodTestDescriptor.lambda$invokeTestMethod$7(TestMethodTestDescriptor.java:218)
	at org.junit.platform.engine.support.hierarchical.ThrowableCollector.execute(ThrowableCollector.java:73)
	at org.junit.jupiter.engine.descriptor.TestMethodTestDescriptor.invokeTestMethod(TestMethodTestDescriptor.java:214)
	at org.junit.jupiter.engine.descriptor.TestMethodTestDescriptor.execute(TestMethodTestDescriptor.java:139)
	at org.junit.jupiter.engine.descriptor.TestMethodTestDescriptor.execute(TestMethodTestDescriptor.java:69)
	at org.junit.platform.engine.support.hierarchical.NodeTestTask.lambda$executeRecursively$6(NodeTestTask.java:151)
	at org.junit.platform.engine.support.hierarchical.ThrowableCollector.execute(ThrowableCollector.java:73)
	at org.junit.platform.engine.support.hierarchical.NodeTestTask.lambda$executeRecursively$8(NodeTestTask.java:141)
	at org.junit.platform.engine.support.hierarchical.Node.around(Node.java:137)
	at org.junit.platform.engine.support.hierarchical.NodeTestTask.lambda$executeRecursively$9(NodeTestTask.java:139)
	at org.junit.platform.engine.support.hierarchical.ThrowableCollector.execute(ThrowableCollector.java:73)
	at org.junit.platform.engine.support.hierarchical.NodeTestTask.executeRecursively(NodeTestTask.java:138)
	at org.junit.platform.engine.support.hierarchical.NodeTestTask.execute(NodeTestTask.java:95)
	at java.base/java.util.ArrayList.forEach(ArrayList.java:1596)
	at org.junit.platform.engine.support.hierarchical.SameThreadHierarchicalTestExecutorService.invokeAll(SameThreadHierarchicalTestExecutorService.java:41)
	at org.junit.platform.engine.support.hierarchical.NodeTestTask.lambda$executeRecursively$6(NodeTestTask.java:155)
	at org.junit.platform.engine.support.hierarchical.ThrowableCollector.execute(ThrowableCollector.java:73)
	at org.junit.platform.engine.support.hierarchical.NodeTestTask.lambda$executeRecursively$8(NodeTestTask.java:141)
	at org.junit.platform.engine.support.hierarchical.Node.around(Node.java:137)
	at org.junit.platform.engine.support.hierarchical.NodeTestTask.lambda$executeRecursively$9(NodeTestTask.java:139)
	at org.junit.platform.engine.support.hierarchical.ThrowableCollector.execute(ThrowableCollector.java:73)
	at org.junit.platform.engine.support.hierarchical.NodeTestTask.executeRecursively(NodeTestTask.java:138)
	at org.junit.platform.engine.support.hierarchical.NodeTestTask.execute(NodeTestTask.java:95)
	at java.base/java.util.ArrayList.forEach(ArrayList.java:1596)
	at org.junit.platform.engine.support.hierarchical.SameThreadHierarchicalTestExecutorService.invokeAll(SameThreadHierarchicalTestExecutorService.java:41)
	at org.junit.platform.engine.support.hierarchical.NodeTestTask.lambda$executeRecursively$6(NodeTestTask.java:155)
	at org.junit.platform.engine.support.hierarchical.ThrowableCollector.execute(ThrowableCollector.java:73)
	at org.junit.platform.engine.support.hierarchical.NodeTestTask.lambda$executeRecursively$8(NodeTestTask.java:141)
	at org.junit.platform.engine.support.hierarchical.Node.around(Node.java:137)
	at org.junit.platform.engine.support.hierarchical.NodeTestTask.lambda$executeRecursively$9(NodeTestTask.java:139)
	at org.junit.platform.engine.support.hierarchical.ThrowableCollector.execute(ThrowableCollector.java:73)
	at org.junit.platform.engine.support.hierarchical.NodeTestTask.executeRecursively(NodeTestTask.java:138)
	at org.junit.platform.engine.support.hierarchical.NodeTestTask.execute(NodeTestTask.java:95)
	at org.junit.platform.engine.support.hierarchical.SameThreadHierarchicalTestExecutorService.submit(SameThreadHierarchicalTestExecutorService.java:35)
	at org.junit.platform.engine.support.hierarchical.HierarchicalTestExecutor.execute(HierarchicalTestExecutor.java:57)
	at org.junit.platform.engine.support.hierarchical.HierarchicalTestEngine.execute(HierarchicalTestEngine.java:54)
	at org.junit.platform.launcher.core.EngineExecutionOrchestrator.execute(EngineExecutionOrchestrator.java:198)
	at org.junit.platform.launcher.core.EngineExecutionOrchestrator.execute(EngineExecutionOrchestrator.java:169)
	at org.junit.platform.launcher.core.EngineExecutionOrchestrator.execute(EngineExecutionOrchestrator.java:93)
	at org.junit.platform.launcher.core.EngineExecutionOrchestrator.lambda$execute$0(EngineExecutionOrchestrator.java:58)
	at org.junit.platform.launcher.core.EngineExecutionOrchestrator.withInterceptedStreams(EngineExecutionOrchestrator.java:141)
	at org.junit.platform.launcher.core.EngineExecutionOrchestrator.execute(EngineExecutionOrchestrator.java:57)
	at org.junit.platform.launcher.core.DefaultLauncher.execute(DefaultLauncher.java:103)
	at org.junit.platform.launcher.core.DefaultLauncher.execute(DefaultLauncher.java:85)
	at org.junit.platform.launcher.core.DelegatingLauncher.execute(DelegatingLauncher.java:47)
	at org.junit.platform.launcher.core.SessionPerRequestLauncher.execute(SessionPerRequestLauncher.java:63)
	at com.intellij.junit5.JUnit5IdeaTestRunner.startRunnerWithArgs(JUnit5IdeaTestRunner.java:57)
	at com.intellij.rt.junit.IdeaTestRunner$Repeater$1.execute(IdeaTestRunner.java:38)
	at com.intellij.rt.execution.junit.TestsRepeater.repeat(TestsRepeater.java:11)
	at com.intellij.rt.junit.IdeaTestRunner$Repeater.startRunnerWithArgs(IdeaTestRunner.java:35)
	at com.intellij.rt.junit.JUnitStarter.prepareStreamsAndStart(JUnitStarter.java:232)
	at com.intellij.rt.junit.JUnitStarter.main(JUnitStarter.java:55)
2025-02-27 14:34:39 [main] INFO  lt.insoft.uztis.tests.UztisPageTest - Navigated to https://uztisdev.asseco.lt/home
2025-02-27 14:34:39 [main] INFO  l.i.u.tests.ApplicationFormsPageTest - Setup complete. ApplicationFormsPage initialized.
2025-02-27 14:34:39 [main] INFO  l.i.u.tests.ApplicationFormsPageTest - Starting test:'testCreateNewPvkApplication'
2025-02-27 14:34:39 [main] DEBUG l.i.u.tests.ApplicationFormsPageTest - User logged in with test credentials
2025-02-27 14:34:50 [main] ERROR l.i.uztis.pages.ApplicationFormsPage - MenuApplicationProcessing button is not displayed no such element: Unable to locate element: {"method":"xpath","selector":"//mat-expansion-panel-header[.//span[contains(text(), 'Paraiškų tvarkymas')]]//mat-icon[text()='expand_more']"}
  (Session info: chrome=133.0.6943.141)
For documentation on this error, please visit: https://www.selenium.dev/documentation/webdriver/troubleshooting/errors#no-such-element-exception
Build info: version: '4.27.0', revision: 'd6e718d134'
System info: os.name: 'Windows 11', os.arch: 'amd64', os.version: '10.0', java.version: '21.0.3'
Driver info: org.openqa.selenium.chrome.ChromeDriver
Command: [9dc033aed984eb9ea53128dd9203df21, findElement {using=xpath, value=//mat-expansion-panel-header[.//span[contains(text(), 'Paraiškų tvarkymas')]]//mat-icon[text()='expand_more']}]
Capabilities {acceptInsecureCerts: false, browserName: chrome, browserVersion: 133.0.6943.141, chrome: {chromedriverVersion: 133.0.6943.141 (2a5d6da0d61..., userDataDir: C:\Users\INGRID~1.ZAD\AppDa...}, fedcm:accounts: true, goog:chromeOptions: {debuggerAddress: localhost:55215}, networkConnectionEnabled: false, pageLoadStrategy: normal, platformName: windows, proxy: Proxy(), se:cdp: ws://localhost:55215/devtoo..., se:cdpVersion: 133.0.6943.141, setWindowRect: true, strictFileInteractability: false, timeouts: {implicit: 0, pageLoad: 300000, script: 30000}, unhandledPromptBehavior: dismiss and notify, webauthn:extension:credBlob: true, webauthn:extension:largeBlob: true, webauthn:extension:minPinLength: true, webauthn:extension:prf: true, webauthn:virtualAuthenticators: true}
Session ID: 9dc033aed984eb9ea53128dd9203df21
2025-02-27 14:34:50 [main] ERROR l.i.u.tests.ApplicationFormsPageTest - Test 'testCreateNewPvkApplication' failed with error: MenuApplicationProcessing is not displayed!
java.lang.RuntimeException: MenuApplicationProcessing is not displayed!
	at lt.insoft.uztis.pages.ApplicationFormsPage.openMenuApplicationProcessing(ApplicationFormsPage.java:155)
	at lt.insoft.uztis.tests.ApplicationFormsPageTest.navigateToApplicationFormsMenu(ApplicationFormsPageTest.java:23)
	at lt.insoft.uztis.tests.ApplicationFormsPageTest.testCreateNewPvkApplication(ApplicationFormsPageTest.java:344)
	at java.base/jdk.internal.reflect.DirectMethodHandleAccessor.invoke(DirectMethodHandleAccessor.java:103)
	at java.base/java.lang.reflect.Method.invoke(Method.java:580)
	at org.junit.platform.commons.util.ReflectionUtils.invokeMethod(ReflectionUtils.java:728)
	at org.junit.jupiter.engine.execution.MethodInvocation.proceed(MethodInvocation.java:60)
	at org.junit.jupiter.engine.execution.InvocationInterceptorChain$ValidatingInvocation.proceed(InvocationInterceptorChain.java:131)
	at org.junit.jupiter.engine.extension.TimeoutExtension.intercept(TimeoutExtension.java:156)
	at org.junit.jupiter.engine.extension.TimeoutExtension.interceptTestableMethod(TimeoutExtension.java:147)
	at org.junit.jupiter.engine.extension.TimeoutExtension.interceptTestMethod(TimeoutExtension.java:86)
	at org.junit.jupiter.engine.execution.InterceptingExecutableInvoker$ReflectiveInterceptorCall.lambda$ofVoidMethod$0(InterceptingExecutableInvoker.java:103)
	at org.junit.jupiter.engine.execution.InterceptingExecutableInvoker.lambda$invoke$0(InterceptingExecutableInvoker.java:93)
	at org.junit.jupiter.engine.execution.InvocationInterceptorChain$InterceptedInvocation.proceed(InvocationInterceptorChain.java:106)
	at org.junit.jupiter.engine.execution.InvocationInterceptorChain.proceed(InvocationInterceptorChain.java:64)
	at org.junit.jupiter.engine.execution.InvocationInterceptorChain.chainAndInvoke(InvocationInterceptorChain.java:45)
	at org.junit.jupiter.engine.execution.InvocationInterceptorChain.invoke(InvocationInterceptorChain.java:37)
	at org.junit.jupiter.engine.execution.InterceptingExecutableInvoker.invoke(InterceptingExecutableInvoker.java:92)
	at org.junit.jupiter.engine.execution.InterceptingExecutableInvoker.invoke(InterceptingExecutableInvoker.java:86)
	at org.junit.jupiter.engine.descriptor.TestMethodTestDescriptor.lambda$invokeTestMethod$7(TestMethodTestDescriptor.java:218)
	at org.junit.platform.engine.support.hierarchical.ThrowableCollector.execute(ThrowableCollector.java:73)
	at org.junit.jupiter.engine.descriptor.TestMethodTestDescriptor.invokeTestMethod(TestMethodTestDescriptor.java:214)
	at org.junit.jupiter.engine.descriptor.TestMethodTestDescriptor.execute(TestMethodTestDescriptor.java:139)
	at org.junit.jupiter.engine.descriptor.TestMethodTestDescriptor.execute(TestMethodTestDescriptor.java:69)
	at org.junit.platform.engine.support.hierarchical.NodeTestTask.lambda$executeRecursively$6(NodeTestTask.java:151)
	at org.junit.platform.engine.support.hierarchical.ThrowableCollector.execute(ThrowableCollector.java:73)
	at org.junit.platform.engine.support.hierarchical.NodeTestTask.lambda$executeRecursively$8(NodeTestTask.java:141)
	at org.junit.platform.engine.support.hierarchical.Node.around(Node.java:137)
	at org.junit.platform.engine.support.hierarchical.NodeTestTask.lambda$executeRecursively$9(NodeTestTask.java:139)
	at org.junit.platform.engine.support.hierarchical.ThrowableCollector.execute(ThrowableCollector.java:73)
	at org.junit.platform.engine.support.hierarchical.NodeTestTask.executeRecursively(NodeTestTask.java:138)
	at org.junit.platform.engine.support.hierarchical.NodeTestTask.execute(NodeTestTask.java:95)
	at java.base/java.util.ArrayList.forEach(ArrayList.java:1596)
	at org.junit.platform.engine.support.hierarchical.SameThreadHierarchicalTestExecutorService.invokeAll(SameThreadHierarchicalTestExecutorService.java:41)
	at org.junit.platform.engine.support.hierarchical.NodeTestTask.lambda$executeRecursively$6(NodeTestTask.java:155)
	at org.junit.platform.engine.support.hierarchical.ThrowableCollector.execute(ThrowableCollector.java:73)
	at org.junit.platform.engine.support.hierarchical.NodeTestTask.lambda$executeRecursively$8(NodeTestTask.java:141)
	at org.junit.platform.engine.support.hierarchical.Node.around(Node.java:137)
	at org.junit.platform.engine.support.hierarchical.NodeTestTask.lambda$executeRecursively$9(NodeTestTask.java:139)
	at org.junit.platform.engine.support.hierarchical.ThrowableCollector.execute(ThrowableCollector.java:73)
	at org.junit.platform.engine.support.hierarchical.NodeTestTask.executeRecursively(NodeTestTask.java:138)
	at org.junit.platform.engine.support.hierarchical.NodeTestTask.execute(NodeTestTask.java:95)
	at java.base/java.util.ArrayList.forEach(ArrayList.java:1596)
	at org.junit.platform.engine.support.hierarchical.SameThreadHierarchicalTestExecutorService.invokeAll(SameThreadHierarchicalTestExecutorService.java:41)
	at org.junit.platform.engine.support.hierarchical.NodeTestTask.lambda$executeRecursively$6(NodeTestTask.java:155)
	at org.junit.platform.engine.support.hierarchical.ThrowableCollector.execute(ThrowableCollector.java:73)
	at org.junit.platform.engine.support.hierarchical.NodeTestTask.lambda$executeRecursively$8(NodeTestTask.java:141)
	at org.junit.platform.engine.support.hierarchical.Node.around(Node.java:137)
	at org.junit.platform.engine.support.hierarchical.NodeTestTask.lambda$executeRecursively$9(NodeTestTask.java:139)
	at org.junit.platform.engine.support.hierarchical.ThrowableCollector.execute(ThrowableCollector.java:73)
	at org.junit.platform.engine.support.hierarchical.NodeTestTask.executeRecursively(NodeTestTask.java:138)
	at org.junit.platform.engine.support.hierarchical.NodeTestTask.execute(NodeTestTask.java:95)
	at org.junit.platform.engine.support.hierarchical.SameThreadHierarchicalTestExecutorService.submit(SameThreadHierarchicalTestExecutorService.java:35)
	at org.junit.platform.engine.support.hierarchical.HierarchicalTestExecutor.execute(HierarchicalTestExecutor.java:57)
	at org.junit.platform.engine.support.hierarchical.HierarchicalTestEngine.execute(HierarchicalTestEngine.java:54)
	at org.junit.platform.launcher.core.EngineExecutionOrchestrator.execute(EngineExecutionOrchestrator.java:198)
	at org.junit.platform.launcher.core.EngineExecutionOrchestrator.execute(EngineExecutionOrchestrator.java:169)
	at org.junit.platform.launcher.core.EngineExecutionOrchestrator.execute(EngineExecutionOrchestrator.java:93)
	at org.junit.platform.launcher.core.EngineExecutionOrchestrator.lambda$execute$0(EngineExecutionOrchestrator.java:58)
	at org.junit.platform.launcher.core.EngineExecutionOrchestrator.withInterceptedStreams(EngineExecutionOrchestrator.java:141)
	at org.junit.platform.launcher.core.EngineExecutionOrchestrator.execute(EngineExecutionOrchestrator.java:57)
	at org.junit.platform.launcher.core.DefaultLauncher.execute(DefaultLauncher.java:103)
	at org.junit.platform.launcher.core.DefaultLauncher.execute(DefaultLauncher.java:85)
	at org.junit.platform.launcher.core.DelegatingLauncher.execute(DelegatingLauncher.java:47)
	at org.junit.platform.launcher.core.SessionPerRequestLauncher.execute(SessionPerRequestLauncher.java:63)
	at com.intellij.junit5.JUnit5IdeaTestRunner.startRunnerWithArgs(JUnit5IdeaTestRunner.java:57)
	at com.intellij.rt.junit.IdeaTestRunner$Repeater$1.execute(IdeaTestRunner.java:38)
	at com.intellij.rt.execution.junit.TestsRepeater.repeat(TestsRepeater.java:11)
	at com.intellij.rt.junit.IdeaTestRunner$Repeater.startRunnerWithArgs(IdeaTestRunner.java:35)
	at com.intellij.rt.junit.JUnitStarter.prepareStreamsAndStart(JUnitStarter.java:232)
	at com.intellij.rt.junit.JUnitStarter.main(JUnitStarter.java:55)
2025-02-27 14:34:50 [main] INFO  l.insoft.uztis.tests.utils.TestUtils - Screenshot moved to C:\Users\ingrida.zadorozniene\Desktop\Asm\UZTIS\UZTIS_tests\test-output\screenshots\20250227\143450171_testCreateNewPvkApplication().png
2025-02-27 14:34:52 [main] INFO  lt.insoft.uztis.tests.UztisPageTest - Navigated to https://uztisdev.asseco.lt/home
2025-02-27 14:34:52 [main] INFO  l.i.u.tests.ApplicationFormsPageTest - Setup complete. ApplicationFormsPage initialized.
2025-02-27 14:34:52 [main] INFO  l.i.u.tests.ApplicationFormsPageTest - Starting test:'testCreateNewVuiApplication'
2025-02-27 14:34:52 [main] DEBUG l.i.u.tests.ApplicationFormsPageTest - User logged in with test credentials
2025-02-27 14:34:56 [main] ERROR l.i.uztis.pages.ApplicationFormsPage - MenuApplicationProcessing button is not displayed invalid session id: session deleted as the browser has closed the connection
from disconnected: unable to send message to renderer
  (Session info: chrome=133.0.6943.141)
Build info: version: '4.27.0', revision: 'd6e718d134'
System info: os.name: 'Windows 11', os.arch: 'amd64', os.version: '10.0', java.version: '21.0.3'
Driver info: org.openqa.selenium.chrome.ChromeDriver
Command: [0d2554c9982397f694d25f19648ff86d, findElement {using=xpath, value=//mat-expansion-panel-header[.//span[contains(text(), 'Paraiškų tvarkymas')]]//mat-icon[text()='expand_more']}]
Capabilities {acceptInsecureCerts: false, browserName: chrome, browserVersion: 133.0.6943.141, chrome: {chromedriverVersion: 133.0.6943.141 (2a5d6da0d61..., userDataDir: C:\Users\INGRID~1.ZAD\AppDa...}, fedcm:accounts: true, goog:chromeOptions: {debuggerAddress: localhost:55238}, networkConnectionEnabled: false, pageLoadStrategy: normal, platformName: windows, proxy: Proxy(), se:cdp: ws://localhost:55238/devtoo..., se:cdpVersion: 133.0.6943.141, setWindowRect: true, strictFileInteractability: false, timeouts: {implicit: 0, pageLoad: 300000, script: 30000}, unhandledPromptBehavior: dismiss and notify, webauthn:extension:credBlob: true, webauthn:extension:largeBlob: true, webauthn:extension:minPinLength: true, webauthn:extension:prf: true, webauthn:virtualAuthenticators: true}
Session ID: 0d2554c9982397f694d25f19648ff86d
2025-02-27 14:34:56 [main] ERROR l.i.u.tests.ApplicationFormsPageTest - Test 'testCreateNewVuiApplication' failed with error: MenuApplicationProcessing is not displayed!
java.lang.RuntimeException: MenuApplicationProcessing is not displayed!
	at lt.insoft.uztis.pages.ApplicationFormsPage.openMenuApplicationProcessing(ApplicationFormsPage.java:155)
	at lt.insoft.uztis.tests.ApplicationFormsPageTest.navigateToApplicationFormsMenu(ApplicationFormsPageTest.java:23)
	at lt.insoft.uztis.tests.ApplicationFormsPageTest.testCreateNewVuiApplication(ApplicationFormsPageTest.java:95)
	at java.base/jdk.internal.reflect.DirectMethodHandleAccessor.invoke(DirectMethodHandleAccessor.java:103)
	at java.base/java.lang.reflect.Method.invoke(Method.java:580)
	at org.junit.platform.commons.util.ReflectionUtils.invokeMethod(ReflectionUtils.java:728)
	at org.junit.jupiter.engine.execution.MethodInvocation.proceed(MethodInvocation.java:60)
	at org.junit.jupiter.engine.execution.InvocationInterceptorChain$ValidatingInvocation.proceed(InvocationInterceptorChain.java:131)
	at org.junit.jupiter.engine.extension.TimeoutExtension.intercept(TimeoutExtension.java:156)
	at org.junit.jupiter.engine.extension.TimeoutExtension.interceptTestableMethod(TimeoutExtension.java:147)
	at org.junit.jupiter.engine.extension.TimeoutExtension.interceptTestMethod(TimeoutExtension.java:86)
	at org.junit.jupiter.engine.execution.InterceptingExecutableInvoker$ReflectiveInterceptorCall.lambda$ofVoidMethod$0(InterceptingExecutableInvoker.java:103)
	at org.junit.jupiter.engine.execution.InterceptingExecutableInvoker.lambda$invoke$0(InterceptingExecutableInvoker.java:93)
	at org.junit.jupiter.engine.execution.InvocationInterceptorChain$InterceptedInvocation.proceed(InvocationInterceptorChain.java:106)
	at org.junit.jupiter.engine.execution.InvocationInterceptorChain.proceed(InvocationInterceptorChain.java:64)
	at org.junit.jupiter.engine.execution.InvocationInterceptorChain.chainAndInvoke(InvocationInterceptorChain.java:45)
	at org.junit.jupiter.engine.execution.InvocationInterceptorChain.invoke(InvocationInterceptorChain.java:37)
	at org.junit.jupiter.engine.execution.InterceptingExecutableInvoker.invoke(InterceptingExecutableInvoker.java:92)
	at org.junit.jupiter.engine.execution.InterceptingExecutableInvoker.invoke(InterceptingExecutableInvoker.java:86)
	at org.junit.jupiter.engine.descriptor.TestMethodTestDescriptor.lambda$invokeTestMethod$7(TestMethodTestDescriptor.java:218)
	at org.junit.platform.engine.support.hierarchical.ThrowableCollector.execute(ThrowableCollector.java:73)
	at org.junit.jupiter.engine.descriptor.TestMethodTestDescriptor.invokeTestMethod(TestMethodTestDescriptor.java:214)
	at org.junit.jupiter.engine.descriptor.TestMethodTestDescriptor.execute(TestMethodTestDescriptor.java:139)
	at org.junit.jupiter.engine.descriptor.TestMethodTestDescriptor.execute(TestMethodTestDescriptor.java:69)
	at org.junit.platform.engine.support.hierarchical.NodeTestTask.lambda$executeRecursively$6(NodeTestTask.java:151)
	at org.junit.platform.engine.support.hierarchical.ThrowableCollector.execute(ThrowableCollector.java:73)
	at org.junit.platform.engine.support.hierarchical.NodeTestTask.lambda$executeRecursively$8(NodeTestTask.java:141)
	at org.junit.platform.engine.support.hierarchical.Node.around(Node.java:137)
	at org.junit.platform.engine.support.hierarchical.NodeTestTask.lambda$executeRecursively$9(NodeTestTask.java:139)
	at org.junit.platform.engine.support.hierarchical.ThrowableCollector.execute(ThrowableCollector.java:73)
	at org.junit.platform.engine.support.hierarchical.NodeTestTask.executeRecursively(NodeTestTask.java:138)
	at org.junit.platform.engine.support.hierarchical.NodeTestTask.execute(NodeTestTask.java:95)
	at java.base/java.util.ArrayList.forEach(ArrayList.java:1596)
	at org.junit.platform.engine.support.hierarchical.SameThreadHierarchicalTestExecutorService.invokeAll(SameThreadHierarchicalTestExecutorService.java:41)
	at org.junit.platform.engine.support.hierarchical.NodeTestTask.lambda$executeRecursively$6(NodeTestTask.java:155)
	at org.junit.platform.engine.support.hierarchical.ThrowableCollector.execute(ThrowableCollector.java:73)
	at org.junit.platform.engine.support.hierarchical.NodeTestTask.lambda$executeRecursively$8(NodeTestTask.java:141)
	at org.junit.platform.engine.support.hierarchical.Node.around(Node.java:137)
	at org.junit.platform.engine.support.hierarchical.NodeTestTask.lambda$executeRecursively$9(NodeTestTask.java:139)
	at org.junit.platform.engine.support.hierarchical.ThrowableCollector.execute(ThrowableCollector.java:73)
	at org.junit.platform.engine.support.hierarchical.NodeTestTask.executeRecursively(NodeTestTask.java:138)
	at org.junit.platform.engine.support.hierarchical.NodeTestTask.execute(NodeTestTask.java:95)
	at java.base/java.util.ArrayList.forEach(ArrayList.java:1596)
	at org.junit.platform.engine.support.hierarchical.SameThreadHierarchicalTestExecutorService.invokeAll(SameThreadHierarchicalTestExecutorService.java:41)
	at org.junit.platform.engine.support.hierarchical.NodeTestTask.lambda$executeRecursively$6(NodeTestTask.java:155)
	at org.junit.platform.engine.support.hierarchical.ThrowableCollector.execute(ThrowableCollector.java:73)
	at org.junit.platform.engine.support.hierarchical.NodeTestTask.lambda$executeRecursively$8(NodeTestTask.java:141)
	at org.junit.platform.engine.support.hierarchical.Node.around(Node.java:137)
	at org.junit.platform.engine.support.hierarchical.NodeTestTask.lambda$executeRecursively$9(NodeTestTask.java:139)
	at org.junit.platform.engine.support.hierarchical.ThrowableCollector.execute(ThrowableCollector.java:73)
	at org.junit.platform.engine.support.hierarchical.NodeTestTask.executeRecursively(NodeTestTask.java:138)
	at org.junit.platform.engine.support.hierarchical.NodeTestTask.execute(NodeTestTask.java:95)
	at org.junit.platform.engine.support.hierarchical.SameThreadHierarchicalTestExecutorService.submit(SameThreadHierarchicalTestExecutorService.java:35)
	at org.junit.platform.engine.support.hierarchical.HierarchicalTestExecutor.execute(HierarchicalTestExecutor.java:57)
	at org.junit.platform.engine.support.hierarchical.HierarchicalTestEngine.execute(HierarchicalTestEngine.java:54)
	at org.junit.platform.launcher.core.EngineExecutionOrchestrator.execute(EngineExecutionOrchestrator.java:198)
	at org.junit.platform.launcher.core.EngineExecutionOrchestrator.execute(EngineExecutionOrchestrator.java:169)
	at org.junit.platform.launcher.core.EngineExecutionOrchestrator.execute(EngineExecutionOrchestrator.java:93)
	at org.junit.platform.launcher.core.EngineExecutionOrchestrator.lambda$execute$0(EngineExecutionOrchestrator.java:58)
	at org.junit.platform.launcher.core.EngineExecutionOrchestrator.withInterceptedStreams(EngineExecutionOrchestrator.java:141)
	at org.junit.platform.launcher.core.EngineExecutionOrchestrator.execute(EngineExecutionOrchestrator.java:57)
	at org.junit.platform.launcher.core.DefaultLauncher.execute(DefaultLauncher.java:103)
	at org.junit.platform.launcher.core.DefaultLauncher.execute(DefaultLauncher.java:85)
	at org.junit.platform.launcher.core.DelegatingLauncher.execute(DelegatingLauncher.java:47)
	at org.junit.platform.launcher.core.SessionPerRequestLauncher.execute(SessionPerRequestLauncher.java:63)
	at com.intellij.junit5.JUnit5IdeaTestRunner.startRunnerWithArgs(JUnit5IdeaTestRunner.java:57)
	at com.intellij.rt.junit.IdeaTestRunner$Repeater$1.execute(IdeaTestRunner.java:38)
	at com.intellij.rt.execution.junit.TestsRepeater.repeat(TestsRepeater.java:11)
	at com.intellij.rt.junit.IdeaTestRunner$Repeater.startRunnerWithArgs(IdeaTestRunner.java:35)
	at com.intellij.rt.junit.JUnitStarter.prepareStreamsAndStart(JUnitStarter.java:232)
	at com.intellij.rt.junit.JUnitStarter.main(JUnitStarter.java:55)
2025-02-27 14:34:58 [main] INFO  lt.insoft.uztis.tests.UztisPageTest - Navigated to https://uztisdev.asseco.lt/home
2025-02-27 14:34:58 [main] INFO  l.i.u.tests.ApplicationFormsPageTest - Setup complete. ApplicationFormsPage initialized.
2025-02-27 14:34:58 [main] INFO  l.i.u.tests.ApplicationFormsPageTest - Starting test:'testEditAndSaveVuiApplication'
2025-02-27 14:34:59 [main] DEBUG l.i.u.tests.ApplicationFormsPageTest - User logged in with test credentials
2025-02-27 14:35:19 [main] INFO  lt.insoft.uztis.tests.UztisPageTest - Navigated to https://uztisdev.asseco.lt/home
2025-02-27 14:35:19 [main] INFO  l.i.u.tests.ApplicationFormsPageTest - Setup complete. ApplicationFormsPage initialized.
2025-02-27 14:35:19 [main] INFO  l.i.u.tests.ApplicationFormsPageTest - Starting test:'testNavigateToAndReviewApplicationFormsPageTest'
2025-02-27 14:35:20 [main] DEBUG l.i.u.tests.ApplicationFormsPageTest - User logged in with test credentials
2025-02-27 14:35:23 [main] ERROR l.i.uztis.pages.ApplicationFormsPage - MenuApplicationProcessing button is not displayed invalid session id: session deleted as the browser has closed the connection
from disconnected: unable to send message to renderer
  (Session info: chrome=133.0.6943.141)
Build info: version: '4.27.0', revision: 'd6e718d134'
System info: os.name: 'Windows 11', os.arch: 'amd64', os.version: '10.0', java.version: '21.0.3'
Driver info: org.openqa.selenium.chrome.ChromeDriver
Command: [155885663b87924cf8b06450eb15fc43, findElement {value=//mat-expansion-panel-header[.//span[contains(text(), 'Paraiškų tvarkymas')]]//mat-icon[text()='expand_more'], using=xpath}]
Capabilities {acceptInsecureCerts: false, browserName: chrome, browserVersion: 133.0.6943.141, chrome: {chromedriverVersion: 133.0.6943.141 (2a5d6da0d61..., userDataDir: C:\Users\INGRID~1.ZAD\AppDa...}, fedcm:accounts: true, goog:chromeOptions: {debuggerAddress: localhost:55289}, networkConnectionEnabled: false, pageLoadStrategy: normal, platformName: windows, proxy: Proxy(), se:cdp: ws://localhost:55289/devtoo..., se:cdpVersion: 133.0.6943.141, setWindowRect: true, strictFileInteractability: false, timeouts: {implicit: 0, pageLoad: 300000, script: 30000}, unhandledPromptBehavior: dismiss and notify, webauthn:extension:credBlob: true, webauthn:extension:largeBlob: true, webauthn:extension:minPinLength: true, webauthn:extension:prf: true, webauthn:virtualAuthenticators: true}
Session ID: 155885663b87924cf8b06450eb15fc43
2025-02-27 14:35:23 [main] ERROR l.i.u.tests.ApplicationFormsPageTest - Test 'testNavigateToAndReviewApplicationFormsPageTest' failed with error: MenuApplicationProcessing is not displayed!
java.lang.RuntimeException: MenuApplicationProcessing is not displayed!
	at lt.insoft.uztis.pages.ApplicationFormsPage.openMenuApplicationProcessing(ApplicationFormsPage.java:155)
	at lt.insoft.uztis.tests.ApplicationFormsPageTest.navigateToApplicationFormsMenu(ApplicationFormsPageTest.java:23)
	at lt.insoft.uztis.tests.ApplicationFormsPageTest.testNavigateToAndReviewApplicationFormsPageTest(ApplicationFormsPageTest.java:60)
	at java.base/jdk.internal.reflect.DirectMethodHandleAccessor.invoke(DirectMethodHandleAccessor.java:103)
	at java.base/java.lang.reflect.Method.invoke(Method.java:580)
	at org.junit.platform.commons.util.ReflectionUtils.invokeMethod(ReflectionUtils.java:728)
	at org.junit.jupiter.engine.execution.MethodInvocation.proceed(MethodInvocation.java:60)
	at org.junit.jupiter.engine.execution.InvocationInterceptorChain$ValidatingInvocation.proceed(InvocationInterceptorChain.java:131)
	at org.junit.jupiter.engine.extension.TimeoutExtension.intercept(TimeoutExtension.java:156)
	at org.junit.jupiter.engine.extension.TimeoutExtension.interceptTestableMethod(TimeoutExtension.java:147)
	at org.junit.jupiter.engine.extension.TimeoutExtension.interceptTestMethod(TimeoutExtension.java:86)
	at org.junit.jupiter.engine.execution.InterceptingExecutableInvoker$ReflectiveInterceptorCall.lambda$ofVoidMethod$0(InterceptingExecutableInvoker.java:103)
	at org.junit.jupiter.engine.execution.InterceptingExecutableInvoker.lambda$invoke$0(InterceptingExecutableInvoker.java:93)
	at org.junit.jupiter.engine.execution.InvocationInterceptorChain$InterceptedInvocation.proceed(InvocationInterceptorChain.java:106)
	at org.junit.jupiter.engine.execution.InvocationInterceptorChain.proceed(InvocationInterceptorChain.java:64)
	at org.junit.jupiter.engine.execution.InvocationInterceptorChain.chainAndInvoke(InvocationInterceptorChain.java:45)
	at org.junit.jupiter.engine.execution.InvocationInterceptorChain.invoke(InvocationInterceptorChain.java:37)
	at org.junit.jupiter.engine.execution.InterceptingExecutableInvoker.invoke(InterceptingExecutableInvoker.java:92)
	at org.junit.jupiter.engine.execution.InterceptingExecutableInvoker.invoke(InterceptingExecutableInvoker.java:86)
	at org.junit.jupiter.engine.descriptor.TestMethodTestDescriptor.lambda$invokeTestMethod$7(TestMethodTestDescriptor.java:218)
	at org.junit.platform.engine.support.hierarchical.ThrowableCollector.execute(ThrowableCollector.java:73)
	at org.junit.jupiter.engine.descriptor.TestMethodTestDescriptor.invokeTestMethod(TestMethodTestDescriptor.java:214)
	at org.junit.jupiter.engine.descriptor.TestMethodTestDescriptor.execute(TestMethodTestDescriptor.java:139)
	at org.junit.jupiter.engine.descriptor.TestMethodTestDescriptor.execute(TestMethodTestDescriptor.java:69)
	at org.junit.platform.engine.support.hierarchical.NodeTestTask.lambda$executeRecursively$6(NodeTestTask.java:151)
	at org.junit.platform.engine.support.hierarchical.ThrowableCollector.execute(ThrowableCollector.java:73)
	at org.junit.platform.engine.support.hierarchical.NodeTestTask.lambda$executeRecursively$8(NodeTestTask.java:141)
	at org.junit.platform.engine.support.hierarchical.Node.around(Node.java:137)
	at org.junit.platform.engine.support.hierarchical.NodeTestTask.lambda$executeRecursively$9(NodeTestTask.java:139)
	at org.junit.platform.engine.support.hierarchical.ThrowableCollector.execute(ThrowableCollector.java:73)
	at org.junit.platform.engine.support.hierarchical.NodeTestTask.executeRecursively(NodeTestTask.java:138)
	at org.junit.platform.engine.support.hierarchical.NodeTestTask.execute(NodeTestTask.java:95)
	at java.base/java.util.ArrayList.forEach(ArrayList.java:1596)
	at org.junit.platform.engine.support.hierarchical.SameThreadHierarchicalTestExecutorService.invokeAll(SameThreadHierarchicalTestExecutorService.java:41)
	at org.junit.platform.engine.support.hierarchical.NodeTestTask.lambda$executeRecursively$6(NodeTestTask.java:155)
	at org.junit.platform.engine.support.hierarchical.ThrowableCollector.execute(ThrowableCollector.java:73)
	at org.junit.platform.engine.support.hierarchical.NodeTestTask.lambda$executeRecursively$8(NodeTestTask.java:141)
	at org.junit.platform.engine.support.hierarchical.Node.around(Node.java:137)
	at org.junit.platform.engine.support.hierarchical.NodeTestTask.lambda$executeRecursively$9(NodeTestTask.java:139)
	at org.junit.platform.engine.support.hierarchical.ThrowableCollector.execute(ThrowableCollector.java:73)
	at org.junit.platform.engine.support.hierarchical.NodeTestTask.executeRecursively(NodeTestTask.java:138)
	at org.junit.platform.engine.support.hierarchical.NodeTestTask.execute(NodeTestTask.java:95)
	at java.base/java.util.ArrayList.forEach(ArrayList.java:1596)
	at org.junit.platform.engine.support.hierarchical.SameThreadHierarchicalTestExecutorService.invokeAll(SameThreadHierarchicalTestExecutorService.java:41)
	at org.junit.platform.engine.support.hierarchical.NodeTestTask.lambda$executeRecursively$6(NodeTestTask.java:155)
	at org.junit.platform.engine.support.hierarchical.ThrowableCollector.execute(ThrowableCollector.java:73)
	at org.junit.platform.engine.support.hierarchical.NodeTestTask.lambda$executeRecursively$8(NodeTestTask.java:141)
	at org.junit.platform.engine.support.hierarchical.Node.around(Node.java:137)
	at org.junit.platform.engine.support.hierarchical.NodeTestTask.lambda$executeRecursively$9(NodeTestTask.java:139)
	at org.junit.platform.engine.support.hierarchical.ThrowableCollector.execute(ThrowableCollector.java:73)
	at org.junit.platform.engine.support.hierarchical.NodeTestTask.executeRecursively(NodeTestTask.java:138)
	at org.junit.platform.engine.support.hierarchical.NodeTestTask.execute(NodeTestTask.java:95)
	at org.junit.platform.engine.support.hierarchical.SameThreadHierarchicalTestExecutorService.submit(SameThreadHierarchicalTestExecutorService.java:35)
	at org.junit.platform.engine.support.hierarchical.HierarchicalTestExecutor.execute(HierarchicalTestExecutor.java:57)
	at org.junit.platform.engine.support.hierarchical.HierarchicalTestEngine.execute(HierarchicalTestEngine.java:54)
	at org.junit.platform.launcher.core.EngineExecutionOrchestrator.execute(EngineExecutionOrchestrator.java:198)
	at org.junit.platform.launcher.core.EngineExecutionOrchestrator.execute(EngineExecutionOrchestrator.java:169)
	at org.junit.platform.launcher.core.EngineExecutionOrchestrator.execute(EngineExecutionOrchestrator.java:93)
	at org.junit.platform.launcher.core.EngineExecutionOrchestrator.lambda$execute$0(EngineExecutionOrchestrator.java:58)
	at org.junit.platform.launcher.core.EngineExecutionOrchestrator.withInterceptedStreams(EngineExecutionOrchestrator.java:141)
	at org.junit.platform.launcher.core.EngineExecutionOrchestrator.execute(EngineExecutionOrchestrator.java:57)
	at org.junit.platform.launcher.core.DefaultLauncher.execute(DefaultLauncher.java:103)
	at org.junit.platform.launcher.core.DefaultLauncher.execute(DefaultLauncher.java:85)
	at org.junit.platform.launcher.core.DelegatingLauncher.execute(DelegatingLauncher.java:47)
	at org.junit.platform.launcher.core.SessionPerRequestLauncher.execute(SessionPerRequestLauncher.java:63)
	at com.intellij.junit5.JUnit5IdeaTestRunner.startRunnerWithArgs(JUnit5IdeaTestRunner.java:57)
	at com.intellij.rt.junit.IdeaTestRunner$Repeater$1.execute(IdeaTestRunner.java:38)
	at com.intellij.rt.execution.junit.TestsRepeater.repeat(TestsRepeater.java:11)
	at com.intellij.rt.junit.IdeaTestRunner$Repeater.startRunnerWithArgs(IdeaTestRunner.java:35)
	at com.intellij.rt.junit.JUnitStarter.prepareStreamsAndStart(JUnitStarter.java:232)
	at com.intellij.rt.junit.JUnitStarter.main(JUnitStarter.java:55)
2025-02-27 14:36:50 [main] INFO  lt.insoft.uztis.tests.UztisPageTest - Navigated to https://uztisdev.asseco.lt/home
2025-02-27 14:36:50 [main] INFO  l.i.u.tests.ApplicationFormsPageTest - Setup complete. ApplicationFormsPage initialized.
2025-02-27 14:36:50 [main] INFO  l.i.u.tests.ApplicationFormsPageTest - Starting test:'testNavigateToAndReviewApplicationFormsPageTest'
2025-02-27 14:36:50 [main] DEBUG l.i.u.tests.ApplicationFormsPageTest - User logged in with test credentials
2025-02-27 14:36:50 [main] DEBUG l.i.u.tests.ApplicationFormsPageTest - Opened 'Application Processing' menu.
2025-02-27 14:36:50 [main] DEBUG l.i.u.tests.ApplicationFormsPageTest - Clicked on 'Application Forms' menu.
2025-02-27 14:36:51 [main] DEBUG l.i.u.tests.ApplicationFormsPageTest - Fetched label text: Paraiškų formos
2025-02-27 14:36:51 [main] INFO  l.i.u.tests.ApplicationFormsPageTest - Verified that the label text matches the expected value.
2025-02-27 14:36:51 [main] DEBUG l.i.u.tests.ApplicationFormsPageTest - Selected the last application description.
2025-02-27 14:36:51 [main] INFO  l.i.u.tests.ApplicationFormsPageTest - Verified that the 'Edit' button is displayed.
2025-02-27 14:36:51 [main] INFO  l.i.u.tests.ApplicationFormsPageTest - Test 'testNavigateToAndReviewApplicationFormsPageTest' completed successfully.
2025-02-27 14:43:47 [main] INFO  lt.insoft.uztis.tests.UztisPageTest - Navigated to https://uztisdev.asseco.lt/home
2025-02-27 14:43:47 [main] INFO  l.i.u.tests.ApplicationFormsPageTest - Setup complete. ApplicationFormsPage initialized.
2025-02-27 14:43:47 [main] INFO  l.i.u.tests.ApplicationFormsPageTest - Starting test:'testCreateNewVuiApplication'
2025-02-27 14:43:48 [main] DEBUG l.i.u.tests.ApplicationFormsPageTest - User logged in with test credentials
2025-02-27 14:43:48 [main] DEBUG l.i.u.tests.ApplicationFormsPageTest - Opened 'Application Processing' menu.
2025-02-27 14:43:48 [main] DEBUG l.i.u.tests.ApplicationFormsPageTest - Clicked on 'Application Forms' menu.
2025-02-27 14:43:48 [main] DEBUG l.i.u.tests.ApplicationFormsPageTest - Clicked to create a new application form.
2025-02-27 14:43:49 [main] DEBUG l.i.u.tests.ApplicationFormsPageTest - Entered random application code: TST-VUI-97
2025-02-27 14:43:49 [main] DEBUG l.i.u.tests.ApplicationFormsPageTest - Selected 'Section' radio button.
2025-02-27 14:43:49 [main] INFO  l.i.uztis.pages.ApplicationFormsPage - Located the dropdown button.
2025-02-27 14:43:49 [main] WARN  l.i.uztis.pages.ApplicationFormsPage - The value 'Skyrius 1' was not found among the options.
2025-02-27 14:43:59 [main] ERROR l.i.uztis.pages.ApplicationFormsPage - Failed to close the dropdown with aria-expanded = 'false'.
2025-02-27 14:43:59 [main] DEBUG l.i.u.tests.ApplicationFormsPageTest - Selected a value from the 'Section' dropdown: 'Skyrius 1'
2025-02-27 14:44:00 [main] ERROR l.i.u.tests.ApplicationFormsPageTest - Test 'testCreateNewVuiApplication' failed with error: element click intercepted: Element <input type="radio" class="mdc-radio__native-control" id="mat-radio-4-input" name="mat-radio-group-1" value="REGIONAL" tabindex="0"> is not clickable at point (360, 505). Other element would receive the click: <div class="cdk-overlay-backdrop cdk-overlay-transparent-backdrop cdk-overlay-backdrop-showing"></div>
  (Session info: chrome=133.0.6943.141)
Build info: version: '4.27.0', revision: 'd6e718d134'
System info: os.name: 'Windows 11', os.arch: 'amd64', os.version: '10.0', java.version: '21.0.3'
Driver info: org.openqa.selenium.chrome.ChromeDriver
Command: [9442c0a82caf76ef2250aebce590d17f, clickElement {id=f.629627702BEC0E0D357A0E5AC7323D5B.d.C3425030B32D0A3708E7460FF00E90DD.e.40}]
Capabilities {acceptInsecureCerts: false, browserName: chrome, browserVersion: 133.0.6943.141, chrome: {chromedriverVersion: 133.0.6943.141 (2a5d6da0d61..., userDataDir: C:\Users\INGRID~1.ZAD\AppDa...}, fedcm:accounts: true, goog:chromeOptions: {debuggerAddress: localhost:55604}, networkConnectionEnabled: false, pageLoadStrategy: normal, platformName: windows, proxy: Proxy(), se:cdp: ws://localhost:55604/devtoo..., se:cdpVersion: 133.0.6943.141, setWindowRect: true, strictFileInteractability: false, timeouts: {implicit: 0, pageLoad: 300000, script: 30000}, unhandledPromptBehavior: dismiss and notify, webauthn:extension:credBlob: true, webauthn:extension:largeBlob: true, webauthn:extension:minPinLength: true, webauthn:extension:prf: true, webauthn:virtualAuthenticators: true}
Element: [[ChromeDriver: chrome on windows (9442c0a82caf76ef2250aebce590d17f)] -> xpath: (//input[@type='radio' and @value='REGIONAL'])[2]]
Session ID: 9442c0a82caf76ef2250aebce590d17f
org.openqa.selenium.ElementClickInterceptedException: element click intercepted: Element <input type="radio" class="mdc-radio__native-control" id="mat-radio-4-input" name="mat-radio-group-1" value="REGIONAL" tabindex="0"> is not clickable at point (360, 505). Other element would receive the click: <div class="cdk-overlay-backdrop cdk-overlay-transparent-backdrop cdk-overlay-backdrop-showing"></div>
  (Session info: chrome=133.0.6943.141)
Build info: version: '4.27.0', revision: 'd6e718d134'
System info: os.name: 'Windows 11', os.arch: 'amd64', os.version: '10.0', java.version: '21.0.3'
Driver info: org.openqa.selenium.chrome.ChromeDriver
Command: [9442c0a82caf76ef2250aebce590d17f, clickElement {id=f.629627702BEC0E0D357A0E5AC7323D5B.d.C3425030B32D0A3708E7460FF00E90DD.e.40}]
Capabilities {acceptInsecureCerts: false, browserName: chrome, browserVersion: 133.0.6943.141, chrome: {chromedriverVersion: 133.0.6943.141 (2a5d6da0d61..., userDataDir: C:\Users\INGRID~1.ZAD\AppDa...}, fedcm:accounts: true, goog:chromeOptions: {debuggerAddress: localhost:55604}, networkConnectionEnabled: false, pageLoadStrategy: normal, platformName: windows, proxy: Proxy(), se:cdp: ws://localhost:55604/devtoo..., se:cdpVersion: 133.0.6943.141, setWindowRect: true, strictFileInteractability: false, timeouts: {implicit: 0, pageLoad: 300000, script: 30000}, unhandledPromptBehavior: dismiss and notify, webauthn:extension:credBlob: true, webauthn:extension:largeBlob: true, webauthn:extension:minPinLength: true, webauthn:extension:prf: true, webauthn:virtualAuthenticators: true}
Element: [[ChromeDriver: chrome on windows (9442c0a82caf76ef2250aebce590d17f)] -> xpath: (//input[@type='radio' and @value='REGIONAL'])[2]]
Session ID: 9442c0a82caf76ef2250aebce590d17f
	at java.base/jdk.internal.reflect.DirectConstructorHandleAccessor.newInstance(DirectConstructorHandleAccessor.java:62)
	at java.base/java.lang.reflect.Constructor.newInstanceWithCaller(Constructor.java:502)
	at java.base/java.lang.reflect.Constructor.newInstance(Constructor.java:486)
	at org.openqa.selenium.remote.ErrorCodec.decode(ErrorCodec.java:167)
	at org.openqa.selenium.remote.codec.w3c.W3CHttpResponseCodec.decode(W3CHttpResponseCodec.java:138)
	at org.openqa.selenium.remote.codec.w3c.W3CHttpResponseCodec.decode(W3CHttpResponseCodec.java:50)
	at org.openqa.selenium.remote.HttpCommandExecutor.execute(HttpCommandExecutor.java:190)
	at org.openqa.selenium.remote.service.DriverCommandExecutor.invokeExecute(DriverCommandExecutor.java:216)
	at org.openqa.selenium.remote.service.DriverCommandExecutor.execute(DriverCommandExecutor.java:174)
	at org.openqa.selenium.remote.RemoteWebDriver.execute(RemoteWebDriver.java:545)
	at org.openqa.selenium.remote.RemoteWebElement.execute(RemoteWebElement.java:223)
	at org.openqa.selenium.remote.RemoteWebElement.click(RemoteWebElement.java:76)
	at java.base/jdk.internal.reflect.DirectMethodHandleAccessor.invoke(DirectMethodHandleAccessor.java:103)
	at java.base/java.lang.reflect.Method.invoke(Method.java:580)
	at org.openqa.selenium.support.pagefactory.internal.LocatingElementHandler.invoke(LocatingElementHandler.java:51)
	at jdk.proxy2/jdk.proxy2.$Proxy14.click(Unknown Source)
	at lt.insoft.uztis.pages.ApplicationFormsPage.clickRadioButtonBudgetByMunicipality(ApplicationFormsPage.java:251)
	at lt.insoft.uztis.tests.ApplicationFormsPageTest.testCreateNewVuiApplication(ApplicationFormsPageTest.java:112)
	at java.base/jdk.internal.reflect.DirectMethodHandleAccessor.invoke(DirectMethodHandleAccessor.java:103)
	at java.base/java.lang.reflect.Method.invoke(Method.java:580)
	at org.junit.platform.commons.util.ReflectionUtils.invokeMethod(ReflectionUtils.java:728)
	at org.junit.jupiter.engine.execution.MethodInvocation.proceed(MethodInvocation.java:60)
	at org.junit.jupiter.engine.execution.InvocationInterceptorChain$ValidatingInvocation.proceed(InvocationInterceptorChain.java:131)
	at org.junit.jupiter.engine.extension.TimeoutExtension.intercept(TimeoutExtension.java:156)
	at org.junit.jupiter.engine.extension.TimeoutExtension.interceptTestableMethod(TimeoutExtension.java:147)
	at org.junit.jupiter.engine.extension.TimeoutExtension.interceptTestMethod(TimeoutExtension.java:86)
	at org.junit.jupiter.engine.execution.InterceptingExecutableInvoker$ReflectiveInterceptorCall.lambda$ofVoidMethod$0(InterceptingExecutableInvoker.java:103)
	at org.junit.jupiter.engine.execution.InterceptingExecutableInvoker.lambda$invoke$0(InterceptingExecutableInvoker.java:93)
	at org.junit.jupiter.engine.execution.InvocationInterceptorChain$InterceptedInvocation.proceed(InvocationInterceptorChain.java:106)
	at org.junit.jupiter.engine.execution.InvocationInterceptorChain.proceed(InvocationInterceptorChain.java:64)
	at org.junit.jupiter.engine.execution.InvocationInterceptorChain.chainAndInvoke(InvocationInterceptorChain.java:45)
	at org.junit.jupiter.engine.execution.InvocationInterceptorChain.invoke(InvocationInterceptorChain.java:37)
	at org.junit.jupiter.engine.execution.InterceptingExecutableInvoker.invoke(InterceptingExecutableInvoker.java:92)
	at org.junit.jupiter.engine.execution.InterceptingExecutableInvoker.invoke(InterceptingExecutableInvoker.java:86)
	at org.junit.jupiter.engine.descriptor.TestMethodTestDescriptor.lambda$invokeTestMethod$7(TestMethodTestDescriptor.java:218)
	at org.junit.platform.engine.support.hierarchical.ThrowableCollector.execute(ThrowableCollector.java:73)
	at org.junit.jupiter.engine.descriptor.TestMethodTestDescriptor.invokeTestMethod(TestMethodTestDescriptor.java:214)
	at org.junit.jupiter.engine.descriptor.TestMethodTestDescriptor.execute(TestMethodTestDescriptor.java:139)
	at org.junit.jupiter.engine.descriptor.TestMethodTestDescriptor.execute(TestMethodTestDescriptor.java:69)
	at org.junit.platform.engine.support.hierarchical.NodeTestTask.lambda$executeRecursively$6(NodeTestTask.java:151)
	at org.junit.platform.engine.support.hierarchical.ThrowableCollector.execute(ThrowableCollector.java:73)
	at org.junit.platform.engine.support.hierarchical.NodeTestTask.lambda$executeRecursively$8(NodeTestTask.java:141)
	at org.junit.platform.engine.support.hierarchical.Node.around(Node.java:137)
	at org.junit.platform.engine.support.hierarchical.NodeTestTask.lambda$executeRecursively$9(NodeTestTask.java:139)
	at org.junit.platform.engine.support.hierarchical.ThrowableCollector.execute(ThrowableCollector.java:73)
	at org.junit.platform.engine.support.hierarchical.NodeTestTask.executeRecursively(NodeTestTask.java:138)
	at org.junit.platform.engine.support.hierarchical.NodeTestTask.execute(NodeTestTask.java:95)
	at java.base/java.util.ArrayList.forEach(ArrayList.java:1596)
	at org.junit.platform.engine.support.hierarchical.SameThreadHierarchicalTestExecutorService.invokeAll(SameThreadHierarchicalTestExecutorService.java:41)
	at org.junit.platform.engine.support.hierarchical.NodeTestTask.lambda$executeRecursively$6(NodeTestTask.java:155)
	at org.junit.platform.engine.support.hierarchical.ThrowableCollector.execute(ThrowableCollector.java:73)
	at org.junit.platform.engine.support.hierarchical.NodeTestTask.lambda$executeRecursively$8(NodeTestTask.java:141)
	at org.junit.platform.engine.support.hierarchical.Node.around(Node.java:137)
	at org.junit.platform.engine.support.hierarchical.NodeTestTask.lambda$executeRecursively$9(NodeTestTask.java:139)
	at org.junit.platform.engine.support.hierarchical.ThrowableCollector.execute(ThrowableCollector.java:73)
	at org.junit.platform.engine.support.hierarchical.NodeTestTask.executeRecursively(NodeTestTask.java:138)
	at org.junit.platform.engine.support.hierarchical.NodeTestTask.execute(NodeTestTask.java:95)
	at java.base/java.util.ArrayList.forEach(ArrayList.java:1596)
	at org.junit.platform.engine.support.hierarchical.SameThreadHierarchicalTestExecutorService.invokeAll(SameThreadHierarchicalTestExecutorService.java:41)
	at org.junit.platform.engine.support.hierarchical.NodeTestTask.lambda$executeRecursively$6(NodeTestTask.java:155)
	at org.junit.platform.engine.support.hierarchical.ThrowableCollector.execute(ThrowableCollector.java:73)
	at org.junit.platform.engine.support.hierarchical.NodeTestTask.lambda$executeRecursively$8(NodeTestTask.java:141)
	at org.junit.platform.engine.support.hierarchical.Node.around(Node.java:137)
	at org.junit.platform.engine.support.hierarchical.NodeTestTask.lambda$executeRecursively$9(NodeTestTask.java:139)
	at org.junit.platform.engine.support.hierarchical.ThrowableCollector.execute(ThrowableCollector.java:73)
	at org.junit.platform.engine.support.hierarchical.NodeTestTask.executeRecursively(NodeTestTask.java:138)
	at org.junit.platform.engine.support.hierarchical.NodeTestTask.execute(NodeTestTask.java:95)
	at org.junit.platform.engine.support.hierarchical.SameThreadHierarchicalTestExecutorService.submit(SameThreadHierarchicalTestExecutorService.java:35)
	at org.junit.platform.engine.support.hierarchical.HierarchicalTestExecutor.execute(HierarchicalTestExecutor.java:57)
	at org.junit.platform.engine.support.hierarchical.HierarchicalTestEngine.execute(HierarchicalTestEngine.java:54)
	at org.junit.platform.launcher.core.EngineExecutionOrchestrator.execute(EngineExecutionOrchestrator.java:198)
	at org.junit.platform.launcher.core.EngineExecutionOrchestrator.execute(EngineExecutionOrchestrator.java:169)
	at org.junit.platform.launcher.core.EngineExecutionOrchestrator.execute(EngineExecutionOrchestrator.java:93)
	at org.junit.platform.launcher.core.EngineExecutionOrchestrator.lambda$execute$0(EngineExecutionOrchestrator.java:58)
	at org.junit.platform.launcher.core.EngineExecutionOrchestrator.withInterceptedStreams(EngineExecutionOrchestrator.java:141)
	at org.junit.platform.launcher.core.EngineExecutionOrchestrator.execute(EngineExecutionOrchestrator.java:57)
	at org.junit.platform.launcher.core.DefaultLauncher.execute(DefaultLauncher.java:103)
	at org.junit.platform.launcher.core.DefaultLauncher.execute(DefaultLauncher.java:85)
	at org.junit.platform.launcher.core.DelegatingLauncher.execute(DelegatingLauncher.java:47)
	at org.junit.platform.launcher.core.SessionPerRequestLauncher.execute(SessionPerRequestLauncher.java:63)
	at com.intellij.junit5.JUnit5IdeaTestRunner.startRunnerWithArgs(JUnit5IdeaTestRunner.java:57)
	at com.intellij.rt.junit.IdeaTestRunner$Repeater$1.execute(IdeaTestRunner.java:38)
	at com.intellij.rt.execution.junit.TestsRepeater.repeat(TestsRepeater.java:11)
	at com.intellij.rt.junit.IdeaTestRunner$Repeater.startRunnerWithArgs(IdeaTestRunner.java:35)
	at com.intellij.rt.junit.JUnitStarter.prepareStreamsAndStart(JUnitStarter.java:232)
	at com.intellij.rt.junit.JUnitStarter.main(JUnitStarter.java:55)
2025-02-27 14:44:01 [main] INFO  l.insoft.uztis.tests.utils.TestUtils - Screenshot moved to C:\Users\ingrida.zadorozniene\Desktop\Asm\UZTIS\UZTIS_tests\test-output\screenshots\20250227\144401081_testCreateNewVuiApplication().png
2025-02-27 14:44:35 [main] INFO  lt.insoft.uztis.tests.UztisPageTest - Navigated to https://uztisdev.asseco.lt/home
2025-02-27 14:44:35 [main] INFO  l.i.u.tests.ApplicationFormsPageTest - Setup complete. ApplicationFormsPage initialized.
2025-02-27 14:44:35 [main] INFO  l.i.u.tests.ApplicationFormsPageTest - Starting test:'testCreateNewVuiApplication'
2025-02-27 14:44:36 [main] DEBUG l.i.u.tests.ApplicationFormsPageTest - User logged in with test credentials
2025-02-27 14:44:36 [main] DEBUG l.i.u.tests.ApplicationFormsPageTest - Opened 'Application Processing' menu.
2025-02-27 14:44:36 [main] DEBUG l.i.u.tests.ApplicationFormsPageTest - Clicked on 'Application Forms' menu.
2025-02-27 14:44:37 [main] DEBUG l.i.u.tests.ApplicationFormsPageTest - Clicked to create a new application form.
2025-02-27 14:44:37 [main] DEBUG l.i.u.tests.ApplicationFormsPageTest - Entered random application code: TST-VUI-52
2025-02-27 14:44:37 [main] DEBUG l.i.u.tests.ApplicationFormsPageTest - Selected 'Section' radio button.
2025-02-27 14:44:37 [main] INFO  l.i.uztis.pages.ApplicationFormsPage - Located the dropdown button.
2025-02-27 14:44:38 [main] INFO  l.i.uztis.pages.ApplicationFormsPage - Successfully selected the value: 'Skyrius 1'
2025-02-27 14:44:48 [main] ERROR l.i.uztis.pages.ApplicationFormsPage - Failed to close the dropdown with aria-expanded = 'false'.
2025-02-27 14:44:48 [main] DEBUG l.i.u.tests.ApplicationFormsPageTest - Selected a value from the 'Section' dropdown: 'Skyrius 1'
2025-02-27 14:44:48 [main] DEBUG l.i.u.tests.ApplicationFormsPageTest - Selected 'Budget by Municipality' option.
2025-02-27 14:44:48 [main] DEBUG l.i.u.tests.ApplicationFormsPageTest - Selected 'Financed Without Queue' option.
2025-02-27 14:44:49 [main] DEBUG l.i.u.tests.ApplicationFormsPageTest - Clicked 'Add' button.
2025-02-27 14:44:49 [main] INFO  l.i.uztis.pages.ApplicationFormsPage - Located the dropdown button.
2025-02-27 14:44:49 [main] INFO  l.i.uztis.pages.ApplicationFormsPage - Successfully selected the value: 'VUI paraiškos vertinimo forma - I etapas'
2025-02-27 14:45:00 [main] ERROR l.i.uztis.pages.ApplicationFormsPage - Failed to close the dropdown with aria-expanded = 'false'.
2025-02-27 14:45:00 [main] DEBUG l.i.u.tests.ApplicationFormsPageTest - Selected a value from the 'EvaluationOne' dropdown: 'VUI paraiškos vertinimo forma - I etapas'
2025-02-27 14:45:00 [main] INFO  l.i.uztis.pages.ApplicationFormsPage - Located the dropdown button.
2025-02-27 14:45:00 [main] INFO  l.i.uztis.pages.ApplicationFormsPage - Successfully selected the value: 'VUI paraiškos vertinimo forma - II etapas'
2025-02-27 14:45:11 [main] ERROR l.i.uztis.pages.ApplicationFormsPage - Failed to close the dropdown with aria-expanded = 'false'.
2025-02-27 14:45:11 [main] DEBUG l.i.u.tests.ApplicationFormsPageTest - Selected a value from the 'EvaluationTwon' dropdown: 'VUI paraiškos vertinimo forma - II etapas'
2025-02-27 14:45:11 [main] INFO  l.i.uztis.pages.ApplicationFormsPage - Located the dropdown button.
2025-02-27 14:45:12 [main] INFO  l.i.uztis.pages.ApplicationFormsPage - Successfully selected the value: 'VUI paraiškos vertinimo forma - III etapas'
2025-02-27 14:45:22 [main] ERROR l.i.uztis.pages.ApplicationFormsPage - Failed to close the dropdown with aria-expanded = 'false'.
2025-02-27 14:45:22 [main] DEBUG l.i.u.tests.ApplicationFormsPageTest - Selected a value from the 'EvaluationThree' dropdown: 'VUI paraiškos vertinimo forma - III etapas'
2025-02-27 14:45:22 [main] DEBUG l.i.u.tests.ApplicationFormsPageTest - Clicked 'Plus' button.
2025-02-27 14:45:22 [main] DEBUG l.i.u.tests.ApplicationFormsPageTest - Clicked 'Add' button seven times.
2025-02-27 14:45:22 [main] INFO  l.i.uztis.pages.ApplicationFormsPage - Processing dropdown index: 0
2025-02-27 14:45:33 [main] ERROR l.i.uztis.pages.ApplicationFormsPage - Timeout while waiting for dropdown to close at index: 0 with aria-expanded = 'false'
2025-02-27 14:45:33 [main] INFO  l.i.uztis.pages.ApplicationFormsPage - Processing dropdown index: 1
2025-02-27 14:45:44 [main] ERROR l.i.uztis.pages.ApplicationFormsPage - Timeout while waiting for dropdown to close at index: 1 with aria-expanded = 'false'
2025-02-27 14:45:44 [main] INFO  l.i.uztis.pages.ApplicationFormsPage - Processing dropdown index: 2
2025-02-27 14:45:55 [main] ERROR l.i.uztis.pages.ApplicationFormsPage - Timeout while waiting for dropdown to close at index: 2 with aria-expanded = 'false'
2025-02-27 14:45:55 [main] INFO  l.i.uztis.pages.ApplicationFormsPage - Processing dropdown index: 3
2025-02-27 14:46:06 [main] ERROR l.i.uztis.pages.ApplicationFormsPage - Timeout while waiting for dropdown to close at index: 3 with aria-expanded = 'false'
2025-02-27 14:46:06 [main] INFO  l.i.uztis.pages.ApplicationFormsPage - Processing dropdown index: 4
2025-02-27 14:46:16 [main] ERROR l.i.uztis.pages.ApplicationFormsPage - Timeout while waiting for dropdown to close at index: 4 with aria-expanded = 'false'
2025-02-27 14:46:16 [main] INFO  l.i.uztis.pages.ApplicationFormsPage - Processing dropdown index: 5
2025-02-27 14:46:27 [main] ERROR l.i.uztis.pages.ApplicationFormsPage - Timeout while waiting for dropdown to close at index: 5 with aria-expanded = 'false'
2025-02-27 14:46:27 [main] INFO  l.i.uztis.pages.ApplicationFormsPage - Processing dropdown index: 6
2025-02-27 14:46:38 [main] ERROR l.i.uztis.pages.ApplicationFormsPage - Timeout while waiting for dropdown to close at index: 6 with aria-expanded = 'false'
2025-02-27 14:46:38 [main] INFO  l.i.uztis.pages.ApplicationFormsPage - Processing dropdown index: 7
2025-02-27 14:46:49 [main] ERROR l.i.uztis.pages.ApplicationFormsPage - Timeout while waiting for dropdown to close at index: 7 with aria-expanded = 'false'
2025-02-27 14:46:49 [main] INFO  l.i.uztis.pages.ApplicationFormsPage - Processing input field index: 0
2025-02-27 14:46:49 [main] INFO  l.i.uztis.pages.ApplicationFormsPage - Entered value '50' into field index: 0
2025-02-27 14:46:49 [main] INFO  l.i.uztis.pages.ApplicationFormsPage - Processing input field index: 1
2025-02-27 14:46:49 [main] INFO  l.i.uztis.pages.ApplicationFormsPage - Entered value '924' into field index: 1
2025-02-27 14:46:49 [main] INFO  l.i.uztis.pages.ApplicationFormsPage - Processing input field index: 2
2025-02-27 14:46:49 [main] INFO  l.i.uztis.pages.ApplicationFormsPage - Entered value '31' into field index: 2
2025-02-27 14:46:49 [main] INFO  l.i.uztis.pages.ApplicationFormsPage - Processing input field index: 3
2025-02-27 14:46:49 [main] INFO  l.i.uztis.pages.ApplicationFormsPage - Entered value '4.7' into field index: 3
2025-02-27 14:46:49 [main] INFO  l.i.uztis.pages.ApplicationFormsPage - Processing input field index: 4
2025-02-27 14:46:49 [main] INFO  l.i.uztis.pages.ApplicationFormsPage - Entered value '35' into field index: 4
2025-02-27 14:46:49 [main] INFO  l.i.uztis.pages.ApplicationFormsPage - Processing input field index: 5
2025-02-27 14:46:50 [main] INFO  l.i.uztis.pages.ApplicationFormsPage - Entered value '20' into field index: 5
2025-02-27 14:46:50 [main] INFO  l.i.uztis.pages.ApplicationFormsPage - Processing input field index: 6
2025-02-27 14:46:50 [main] INFO  l.i.uztis.pages.ApplicationFormsPage - Entered value '30' into field index: 6
2025-02-27 14:46:50 [main] INFO  l.i.uztis.pages.ApplicationFormsPage - Processing input field index: 7
2025-02-27 14:46:50 [main] INFO  l.i.uztis.pages.ApplicationFormsPage - Entered value '60' into field index: 7
2025-02-27 14:46:50 [main] DEBUG l.i.u.tests.ApplicationFormsPageTest - Entered additional values and text.
2025-02-27 14:46:50 [main] DEBUG l.i.u.tests.ApplicationFormsPageTest - Entered application name: VUI paraiška
2025-02-27 14:46:50 [main] DEBUG l.i.u.tests.ApplicationFormsPageTest - Clicked the 'Save' button.
2025-02-27 14:46:51 [main] INFO  l.i.u.tests.ApplicationFormsPageTest - Verified success message text: 'Duomenys sėkmingai išsaugoti.'
2025-02-27 14:46:51 [main] INFO  l.i.u.tests.ApplicationFormsPageTest - Verified that the 'Save Form' button is displayed.
2025-02-27 14:46:51 [main] INFO  l.i.u.tests.ApplicationFormsPageTest - Test 'testCreateNewVuiApplication' completed successfully.
2025-02-27 14:50:38 [main] INFO  lt.insoft.uztis.tests.UztisPageTest - Navigated to https://uztisdev.asseco.lt/home
2025-02-27 14:50:38 [main] INFO  l.i.u.tests.ApplicationFormsPageTest - Setup complete. ApplicationFormsPage initialized.
2025-02-27 14:50:38 [main] INFO  l.i.u.tests.ApplicationFormsPageTest - Starting test:'testEditAndSaveVuiApplication'
2025-02-27 14:50:38 [main] DEBUG l.i.u.tests.ApplicationFormsPageTest - User logged in with test credentials
2025-02-27 14:50:39 [main] DEBUG l.i.u.tests.ApplicationFormsPageTest - Opened 'Application Processing' menu.
2025-02-27 14:50:39 [main] DEBUG l.i.u.tests.ApplicationFormsPageTest - Clicked on 'Application Forms' menu.
2025-02-27 14:50:40 [main] DEBUG l.i.u.tests.ApplicationFormsPageTest - Selected the last application description.
2025-02-27 14:50:40 [main] DEBUG l.i.u.tests.ApplicationFormsPageTest - Clicked the 'Edit' button.
2025-02-27 14:50:40 [main] DEBUG l.i.u.tests.ApplicationFormsPageTest - Selected 'Municipality' radio button.
2025-02-27 14:50:40 [main] INFO  l.i.uztis.pages.ApplicationFormsPage - Located the dropdown button.
2025-02-27 14:50:41 [main] INFO  l.i.uztis.pages.ApplicationFormsPage - Successfully selected the value: 'Kauno departamentas'
2025-02-27 14:50:51 [main] ERROR l.i.uztis.pages.ApplicationFormsPage - Failed to close the dropdown with aria-expanded = 'false'.
2025-02-27 14:50:51 [main] DEBUG l.i.u.tests.ApplicationFormsPageTest - Selected a value from the 'Municipality' dropdown: 'Kauno departamentas'
2025-02-27 14:50:51 [main] DEBUG l.i.u.tests.ApplicationFormsPageTest - Selected 'Budget By Country' radio button.
2025-02-27 14:50:52 [main] DEBUG l.i.u.tests.ApplicationFormsPageTest - Selected 'Financed By Queue' radio button.
2025-02-27 14:50:52 [main] DEBUG l.i.u.tests.ApplicationFormsPageTest - Entered new application name: _paredaguota
2025-02-27 14:50:52 [main] DEBUG l.i.u.tests.ApplicationFormsPageTest - Clicked the 'Save' button.
2025-02-27 14:50:52 [main] INFO  l.i.u.tests.ApplicationFormsPageTest - Verified success message: 'Duomenys sėkmingai išsaugoti.'
2025-02-27 14:50:52 [main] INFO  l.i.u.tests.ApplicationFormsPageTest - Test 'testEditAndSaveVuiApplication' completed successfully.
2025-02-27 14:52:03 [main] INFO  lt.insoft.uztis.tests.UztisPageTest - Navigated to https://uztisdev.asseco.lt/home
2025-02-27 14:52:03 [main] INFO  l.i.uztis.tests.InvitationsPageTest - Starting test:'testCreateNewVuiInvitationDraft_toEdit'
2025-02-27 14:52:04 [main] DEBUG l.i.uztis.tests.InvitationsPageTest - User logged in with test credentials
2025-02-27 14:52:04 [main] DEBUG l.i.uztis.tests.InvitationsPageTest - Opened 'Application Processing' menu.
2025-02-27 14:52:04 [main] DEBUG l.i.uztis.tests.InvitationsPageTest - Clicked on 'Application Forms' menu.
2025-02-27 14:52:04 [main] DEBUG l.i.uztis.tests.InvitationsPageTest - Navigating to application forms menu.
2025-02-27 14:52:05 [main] DEBUG l.i.uztis.tests.InvitationsPageTest - Retrieved last description code text: 'TST-VUI-52'.
2025-02-27 14:52:05 [main] DEBUG l.i.uztis.tests.InvitationsPageTest - Clicked on 'Invitation' menu.
2025-02-27 14:52:05 [main] DEBUG l.i.uztis.tests.InvitationsPageTest - Clicked 'Create New Application Form'.
2025-02-27 14:52:06 [main] DEBUG l.i.uztis.tests.InvitationsPageTest - Selected section by code: 'TST-VUI-52'.
2025-02-27 14:52:06 [main] INFO  l.insoft.uztis.pages.InvitationsPage - Located the dropdown button.
2025-02-27 14:52:17 [main] ERROR l.insoft.uztis.pages.InvitationsPage - Timeout while waiting for dropdown to close with aria-expanded = 'false'.
2025-02-27 14:52:17 [main] DEBUG l.i.uztis.tests.InvitationsPageTest - Selected invitation number from the list.
2025-02-27 14:52:18 [main] DEBUG l.i.uztis.tests.InvitationsPageTest - Entered current date.
2025-02-27 14:52:18 [main] DEBUG l.i.uztis.tests.InvitationsPageTest - Entered start time: 00:00.
2025-02-27 14:52:18 [main] DEBUG l.i.uztis.tests.InvitationsPageTest - Entered end date.
2025-02-27 14:52:18 [main] DEBUG l.i.uztis.tests.InvitationsPageTest - Entered end time: 11:11.
2025-02-27 14:52:19 [main] DEBUG l.i.uztis.tests.InvitationsPageTest - Draft saved.
2025-02-27 14:52:19 [main] DEBUG l.insoft.uztis.pages.InvitationsPage - Verified success message: 'Duomenys sėkmingai išsaugoti.'
2025-02-27 14:52:19 [main] INFO  l.i.uztis.tests.InvitationsPageTest - Test 'testCreateNewVuiInvitationDraft_toEdit' completed successfully.
2025-02-27 14:52:33 [main] INFO  lt.insoft.uztis.tests.UztisPageTest - Navigated to https://uztisdev.asseco.lt/home
2025-02-27 14:52:33 [main] INFO  l.i.uztis.tests.InvitationsPageTest - Starting test:'testEditAndPublishVuiInvitationDraft'
2025-02-27 14:52:33 [main] DEBUG l.i.uztis.tests.InvitationsPageTest - User logged in with test credentials
2025-02-27 14:52:34 [main] DEBUG l.i.uztis.tests.InvitationsPageTest - Opened 'Application Processing' menu.
2025-02-27 14:52:34 [main] DEBUG l.i.uztis.tests.InvitationsPageTest - Clicked on 'Application Forms' menu.
2025-02-27 14:52:34 [main] DEBUG l.i.uztis.tests.InvitationsPageTest - Navigating to application forms menu.
2025-02-27 14:52:34 [main] DEBUG l.i.uztis.tests.InvitationsPageTest - Retrieved last description code text: 'TST-VUI-52'.
2025-02-27 14:52:34 [main] DEBUG l.i.uztis.tests.InvitationsPageTest - Clicked on 'Invitation' menu.
2025-02-27 14:52:35 [main] DEBUG l.i.uztis.tests.InvitationsPageTest - Selected section by code: 'TST-VUI-52'.
2025-02-27 14:52:35 [main] DEBUG l.i.uztis.tests.InvitationsPageTest - Clicked 'Search'.
2025-02-27 14:52:35 [main] DEBUG l.i.uztis.tests.InvitationsPageTest - Getting and inserting application code text.
2025-02-27 14:52:36 [main] DEBUG l.i.uztis.tests.InvitationsPageTest - Clicked 'InvitationDraft'.
2025-02-27 14:52:36 [main] DEBUG l.i.uztis.tests.InvitationsPageTest - Clicked 'Edit'.
2025-02-27 14:52:37 [main] DEBUG l.i.uztis.tests.InvitationsPageTest - Entered publication end date.
2025-02-27 14:52:37 [main] DEBUG l.i.uztis.tests.InvitationsPageTest - Added additional values.
2025-02-27 14:52:37 [main] INFO  l.insoft.uztis.pages.InvitationsPage - Located the dropdown button.
2025-02-27 14:52:37 [main] DEBUG l.i.uztis.tests.InvitationsPageTest - Selected the value: 'Didžiausia galima paramos suma aplinkos darbo vietai, Eur'
2025-02-27 14:52:37 [main] INFO  l.insoft.uztis.pages.InvitationsPage - Located the dropdown button.
2025-02-27 14:52:38 [main] DEBUG l.i.uztis.tests.InvitationsPageTest - Selected the value: 'Didžiausia galima paramos suma, Eur'
2025-02-27 14:52:38 [main] INFO  l.insoft.uztis.pages.InvitationsPage - Located the dropdown button.
2025-02-27 14:52:39 [main] DEBUG l.i.uztis.tests.InvitationsPageTest - Selected the value: 'Didžiausia galima paramos suma vienai darbo vietai, Eur'
2025-02-27 14:52:39 [main] DEBUG l.i.uztis.tests.InvitationsPageTest - Entered value: 11000
2025-02-27 14:52:39 [main] DEBUG l.i.uztis.tests.InvitationsPageTest - Entered value: 12000
2025-02-27 14:52:40 [main] DEBUG l.i.uztis.tests.InvitationsPageTest - Entered value: 13000
2025-02-27 14:52:40 [main] DEBUG l.i.uztis.tests.InvitationsPageTest - Checked 'Legal Entities' checkbox.
2025-02-27 14:52:40 [main] DEBUG l.i.uztis.tests.InvitationsPageTest - Unchecked 'Persons Registered with Employment Service' checkbox.
2025-02-27 14:52:40 [main] DEBUG l.i.uztis.tests.InvitationsPageTest - Checked 'Persons Registered as Employers' checkbox.
2025-02-27 14:52:40 [main] DEBUG l.i.uztis.tests.InvitationsPageTest - Entered second evaluation grade: '5'.
2025-02-27 14:52:40 [main] DEBUG l.i.uztis.tests.InvitationsPageTest - Entered third evaluation grade: '6'.
2025-02-27 14:52:40 [main] DEBUG l.i.uztis.tests.InvitationsPageTest - Entered second evaluation grade weight: '0,45'.
2025-02-27 14:52:40 [main] DEBUG l.i.uztis.tests.InvitationsPageTest - Entered third evaluation grade weight: '0,55'.
2025-02-27 14:52:40 [main] DEBUG l.i.uztis.tests.InvitationsPageTest - Entered budget: '2000'.
2025-02-27 14:52:41 [main] DEBUG l.i.uztis.tests.InvitationsPageTest - Entered description text: 'Aprašo tekstas'.
2025-02-27 14:52:41 [main] DEBUG l.i.uztis.tests.InvitationsPageTest - Entered applicants text: 'Pareiškėjų tekstas'.
2025-02-27 14:52:41 [main] DEBUG l.i.uztis.tests.InvitationsPageTest - Entered expenditures text: 'Išlaidų tekstas'.
2025-02-27 14:52:41 [main] DEBUG l.i.uztis.tests.InvitationsPageTest - Entered legislation text: 'Teisės aktų tekstas'.
2025-02-27 14:52:41 [main] DEBUG l.i.uztis.tests.InvitationsPageTest - Entered education text: 'Mokymų tekstas'.
2025-02-27 14:52:41 [main] DEBUG l.i.uztis.tests.InvitationsPageTest - File uploaded.
2025-02-27 14:52:41 [main] DEBUG l.i.uztis.tests.InvitationsPageTest - Clicked 'Publish'.
2025-02-27 14:52:41 [main] DEBUG l.i.uztis.tests.InvitationsPageTest - Publication confirmed.
2025-02-27 14:52:42 [main] DEBUG l.insoft.uztis.pages.InvitationsPage - Verified success message: 'Funkcija sėkmingai atlikta.'
2025-02-27 14:52:42 [main] INFO  l.i.uztis.tests.InvitationsPageTest - Test 'testEditAndPublishVuiInvitationDraft' completed successfully.
2025-02-27 14:52:55 [main] INFO  lt.insoft.uztis.tests.UztisPageTest - Navigated to https://uztisdev.asseco.lt/home
2025-02-27 14:52:55 [main] INFO  l.i.uztis.tests.InvitationsPageTest - Starting test:'testStopPublicationVuiInvitation'
2025-02-27 14:52:56 [main] DEBUG l.i.uztis.tests.InvitationsPageTest - User logged in with test credentials
2025-02-27 14:52:56 [main] DEBUG l.i.uztis.tests.InvitationsPageTest - Opened 'Application Processing' menu.
2025-02-27 14:52:56 [main] DEBUG l.i.uztis.tests.InvitationsPageTest - Clicked on 'Application Forms' menu.
2025-02-27 14:52:56 [main] DEBUG l.i.uztis.tests.InvitationsPageTest - Navigating to application forms menu.
2025-02-27 14:52:57 [main] DEBUG l.i.uztis.tests.InvitationsPageTest - Retrieved last description code text: 'TST-VUI-52'.
2025-02-27 14:52:57 [main] DEBUG l.i.uztis.tests.InvitationsPageTest - Clicked on 'Invitation' menu.
2025-02-27 14:52:58 [main] DEBUG l.i.uztis.tests.InvitationsPageTest - Selected section by code: 'TST-VUI-52'.
2025-02-27 14:52:58 [main] DEBUG l.i.uztis.tests.InvitationsPageTest - Clicked 'Search'.
2025-02-27 14:52:58 [main] DEBUG l.i.uztis.tests.InvitationsPageTest - Getting and inserting application code text.
2025-02-27 14:52:58 [main] DEBUG l.i.uztis.tests.InvitationsPageTest - Clicked 'Publishing'.
2025-02-27 14:52:59 [main] DEBUG l.i.uztis.tests.InvitationsPageTest - Clicked 'Action'.
2025-02-27 14:52:59 [main] DEBUG l.i.uztis.tests.InvitationsPageTest - Clicked 'Stop Publication'.
2025-02-27 14:52:59 [main] DEBUG l.i.uztis.tests.InvitationsPageTest - Entered expenditures text: 'Priežasties aprašas'.
2025-02-27 14:52:59 [main] DEBUG l.i.uztis.tests.InvitationsPageTest - Clicked 'Stop Publication Confirmation'.
2025-02-27 14:52:59 [main] DEBUG l.i.uztis.tests.InvitationsPageTest - Fetched label text: Sustabdytas publikavimas
2025-02-27 14:52:59 [main] INFO  l.i.uztis.tests.InvitationsPageTest - 'goToInvitationPageTest' completed. Label is: Sustabdytas publikavimas
2025-02-27 14:52:59 [main] INFO  l.i.uztis.tests.InvitationsPageTest - Test 'testStopPublicationVuiInvitation' completed successfully.
2025-02-27 14:53:09 [main] INFO  lt.insoft.uztis.tests.UztisPageTest - Navigated to https://uztisdev.asseco.lt/home
2025-02-27 14:53:09 [main] INFO  l.i.uztis.tests.InvitationsPageTest - Starting test:'testArchiveVuiInvitation'
2025-02-27 14:53:10 [main] DEBUG l.i.uztis.tests.InvitationsPageTest - User logged in with test credentials
2025-02-27 14:53:10 [main] DEBUG l.i.uztis.tests.InvitationsPageTest - Opened 'Application Processing' menu.
2025-02-27 14:53:10 [main] DEBUG l.i.uztis.tests.InvitationsPageTest - Clicked on 'Application Forms' menu.
2025-02-27 14:53:10 [main] DEBUG l.i.uztis.tests.InvitationsPageTest - Navigating to application forms menu.
2025-02-27 14:53:11 [main] DEBUG l.i.uztis.tests.InvitationsPageTest - Retrieved last description code text: 'TST-VUI-52'.
2025-02-27 14:53:11 [main] DEBUG l.i.uztis.tests.InvitationsPageTest - Clicked on 'Invitation' menu.
2025-02-27 14:53:12 [main] DEBUG l.i.uztis.tests.InvitationsPageTest - Selected section by code: 'TST-VUI-52'.
2025-02-27 14:53:12 [main] DEBUG l.i.uztis.tests.InvitationsPageTest - Clicked 'Search'.
2025-02-27 14:53:12 [main] DEBUG l.i.uztis.tests.InvitationsPageTest - Getting and inserting application code text.
2025-02-27 14:53:12 [main] DEBUG l.i.uztis.tests.InvitationsPageTest - Clicked 'Publication Stopped'.
2025-02-27 14:53:13 [main] DEBUG l.i.uztis.tests.InvitationsPageTest - Clicked 'Action'.
2025-02-27 14:53:13 [main] DEBUG l.i.uztis.tests.InvitationsPageTest - Clicked 'Archive'.
2025-02-27 14:53:13 [main] DEBUG l.i.uztis.tests.InvitationsPageTest - Entered expenditures text: 'Priežasties aprašas'.
2025-02-27 14:53:13 [main] DEBUG l.i.uztis.tests.InvitationsPageTest - Clicked 'Stop Publication Confirmation'.
2025-02-27 14:53:13 [main] DEBUG l.i.uztis.tests.InvitationsPageTest - Fetched label text: Archyvuotas
2025-02-27 14:53:13 [main] INFO  l.i.uztis.tests.InvitationsPageTest - 'goToInvitationPageTest' completed. Label is: Archyvuotas
2025-02-27 14:53:13 [main] INFO  l.i.uztis.tests.InvitationsPageTest - Test 'testArchiveVuiInvitation' completed successfully.
2025-02-27 14:53:22 [main] INFO  lt.insoft.uztis.tests.UztisPageTest - Navigated to https://uztisdev.asseco.lt/home
2025-02-27 14:53:22 [main] INFO  l.i.uztis.tests.InvitationsPageTest - Starting test:'testDeleteVuiInvitation'
2025-02-27 14:53:23 [main] DEBUG l.i.uztis.tests.InvitationsPageTest - User logged in with test credentials
2025-02-27 14:53:23 [main] DEBUG l.i.uztis.tests.InvitationsPageTest - Opened 'Application Processing' menu.
2025-02-27 14:53:24 [main] DEBUG l.i.uztis.tests.InvitationsPageTest - Clicked on 'Application Forms' menu.
2025-02-27 14:53:24 [main] DEBUG l.i.uztis.tests.InvitationsPageTest - Navigating to application forms menu.
2025-02-27 14:53:24 [main] DEBUG l.i.uztis.tests.InvitationsPageTest - Retrieved last description code text: 'TST-VUI-52'.
2025-02-27 14:53:24 [main] DEBUG l.i.uztis.tests.InvitationsPageTest - Clicked on 'Invitation' menu.
2025-02-27 14:53:25 [main] DEBUG l.i.uztis.tests.InvitationsPageTest - Selected section by code: 'TST-VUI-52'.
2025-02-27 14:53:25 [main] DEBUG l.i.uztis.tests.InvitationsPageTest - Clicked 'Search'.
2025-02-27 14:53:25 [main] DEBUG l.i.uztis.tests.InvitationsPageTest - Getting and inserting application code text.
2025-02-27 14:53:25 [main] DEBUG l.i.uztis.tests.InvitationsPageTest - Clicked 'Archived'.
2025-02-27 14:53:26 [main] DEBUG l.i.uztis.tests.InvitationsPageTest - Clicked 'Action'.
2025-02-27 14:53:26 [main] DEBUG l.i.uztis.tests.InvitationsPageTest - Clicked 'Delete'.
2025-02-27 14:53:26 [main] DEBUG l.i.uztis.tests.InvitationsPageTest - Clicked 'Stop Publication Confirmation'.
2025-02-27 14:53:26 [main] DEBUG l.insoft.uztis.pages.InvitationsPage - Verified success message: 'Įrašas sėkmingai pašalintas.'
2025-02-27 14:53:26 [main] INFO  l.i.uztis.tests.InvitationsPageTest - Test 'testDeleteVuiInvitation' completed successfully.
2025-02-27 15:02:10 [main] INFO  lt.insoft.uztis.tests.UztisPageTest - Navigated to https://uztisdev.asseco.lt/home
2025-02-27 15:02:10 [main] INFO  l.i.u.tests.ApplicationFormsPageTest - Setup complete. ApplicationFormsPage initialized.
2025-02-27 15:02:10 [main] INFO  l.i.u.tests.ApplicationFormsPageTest - Starting test:'testAddContract'
2025-02-27 15:02:10 [main] DEBUG l.i.u.tests.ApplicationFormsPageTest - User logged in with test credentials
2025-02-27 15:02:11 [main] DEBUG l.i.u.tests.ApplicationFormsPageTest - Opened 'Application Processing' menu.
2025-02-27 15:02:11 [main] DEBUG l.i.u.tests.ApplicationFormsPageTest - Clicked on 'Application Forms' menu.
2025-02-27 15:02:11 [main] DEBUG l.i.u.tests.ApplicationFormsPageTest - Selected the last application description.
2025-02-27 15:02:12 [main] DEBUG l.i.u.tests.ApplicationFormsPageTest - Clicked 'Project Progress' tab.
2025-02-27 15:02:12 [main] DEBUG l.i.u.tests.ApplicationFormsPageTest - Clicked the 'Edit' button.
2025-02-27 15:02:12 [main] INFO  l.i.u.tests.ApplicationFormsPageTest - Test 'testAddContract' completed successfully.
2025-02-27 15:11:12 [main] INFO  lt.insoft.uztis.tests.UztisPageTest - Navigated to https://uztisdev.asseco.lt/home
2025-02-27 15:11:12 [main] INFO  l.i.u.tests.ApplicationFormsPageTest - Setup complete. ApplicationFormsPage initialized.
2025-02-27 15:11:12 [main] INFO  l.i.u.tests.ApplicationFormsPageTest - Starting test:'testAddContract'
2025-02-27 15:11:12 [main] DEBUG l.i.u.tests.ApplicationFormsPageTest - User logged in with test credentials
2025-02-27 15:11:13 [main] DEBUG l.i.u.tests.ApplicationFormsPageTest - Opened 'Application Processing' menu.
2025-02-27 15:11:13 [main] DEBUG l.i.u.tests.ApplicationFormsPageTest - Clicked on 'Application Forms' menu.
2025-02-27 15:11:13 [main] DEBUG l.i.u.tests.ApplicationFormsPageTest - Selected the last application description.
2025-02-27 15:11:14 [main] DEBUG l.i.u.tests.ApplicationFormsPageTest - Clicked 'Project Progress' tab.
2025-02-27 15:11:14 [main] DEBUG l.i.u.tests.ApplicationFormsPageTest - Clicked the 'Edit' button.
2025-02-27 15:11:14 [main] INFO  l.i.uztis.pages.ApplicationFormsPage - Located the dropdown button.
2025-02-27 15:11:18 [main] INFO  l.i.uztis.pages.ApplicationFormsPage - Successfully selected the value: 'Vietinių užimtumo iniciatyvų projekto įgyvendinimo ir finansavimo sutartis'
2025-02-27 15:11:28 [main] ERROR l.i.uztis.pages.ApplicationFormsPage - Failed to close the dropdown with aria-expanded = 'false'.
2025-02-27 15:11:28 [main] DEBUG l.i.u.tests.ApplicationFormsPageTest - Selected a value from the 'Document' dropdown: 'Vietinių užimtumo iniciatyvų projekto įgyvendinimo ir finansavimo sutartis'
2025-02-27 15:11:28 [main] INFO  l.i.u.tests.ApplicationFormsPageTest - Test 'testAddContract' completed successfully.
2025-02-27 15:12:15 [main] INFO  lt.insoft.uztis.tests.UztisPageTest - Navigated to https://uztisdev.asseco.lt/home
2025-02-27 15:12:15 [main] INFO  l.i.u.tests.ApplicationFormsPageTest - Setup complete. ApplicationFormsPage initialized.
2025-02-27 15:12:15 [main] INFO  l.i.u.tests.ApplicationFormsPageTest - Starting test:'testAddContract'
2025-02-27 15:12:15 [main] DEBUG l.i.u.tests.ApplicationFormsPageTest - User logged in with test credentials
2025-02-27 15:12:15 [main] DEBUG l.i.u.tests.ApplicationFormsPageTest - Opened 'Application Processing' menu.
2025-02-27 15:12:16 [main] DEBUG l.i.u.tests.ApplicationFormsPageTest - Clicked on 'Application Forms' menu.
2025-02-27 15:12:16 [main] DEBUG l.i.u.tests.ApplicationFormsPageTest - Selected the last application description.
2025-02-27 15:12:17 [main] DEBUG l.i.u.tests.ApplicationFormsPageTest - Clicked 'Project Progress' tab.
2025-02-27 15:12:17 [main] DEBUG l.i.u.tests.ApplicationFormsPageTest - Clicked the 'Edit' button.
2025-02-27 15:12:17 [main] INFO  l.i.uztis.pages.ApplicationFormsPage - Located the dropdown button.
2025-02-27 15:12:20 [main] INFO  l.i.uztis.pages.ApplicationFormsPage - Successfully selected the value: 'Vietinių užimtumo iniciatyvų projekto įgyvendinimo ir finansavimo sutartis'
2025-02-27 15:12:27 [main] ERROR l.i.u.tests.ApplicationFormsPageTest - Test 'testAddContract' failed with error: Error communicating with the remote browser. It may have died.
Build info: version: '4.27.0', revision: 'd6e718d134'
System info: os.name: 'Windows 11', os.arch: 'amd64', os.version: '10.0', java.version: '21.0.3'
Driver info: org.openqa.selenium.chrome.ChromeDriver
Command: [9e0395ac635311525928be21d84b08ac, getElementAttribute [id, name]]
Capabilities {acceptInsecureCerts: false, browserName: chrome, browserVersion: 133.0.6943.141, chrome: {chromedriverVersion: 133.0.6943.141 (2a5d6da0d61..., userDataDir: C:\Users\INGRID~1.ZAD\AppDa...}, fedcm:accounts: true, goog:chromeOptions: {debuggerAddress: localhost:56750}, networkConnectionEnabled: false, pageLoadStrategy: normal, platformName: windows, proxy: Proxy(), se:cdp: ws://localhost:56750/devtoo..., se:cdpVersion: 133.0.6943.141, setWindowRect: true, strictFileInteractability: false, timeouts: {implicit: 0, pageLoad: 300000, script: 30000}, unhandledPromptBehavior: dismiss and notify, webauthn:extension:credBlob: true, webauthn:extension:largeBlob: true, webauthn:extension:minPinLength: true, webauthn:extension:prf: true, webauthn:virtualAuthenticators: true}
Element: [[ChromeDriver: chrome on windows (9e0395ac635311525928be21d84b08ac)] -> xpath: (//mat-label[contains(text(), 'Dokumentas')])[3]]
Session ID: 9e0395ac635311525928be21d84b08ac
org.openqa.selenium.remote.UnreachableBrowserException: Error communicating with the remote browser. It may have died.
Build info: version: '4.27.0', revision: 'd6e718d134'
System info: os.name: 'Windows 11', os.arch: 'amd64', os.version: '10.0', java.version: '21.0.3'
Driver info: org.openqa.selenium.chrome.ChromeDriver
Command: [9e0395ac635311525928be21d84b08ac, getElementAttribute [id, name]]
Capabilities {acceptInsecureCerts: false, browserName: chrome, browserVersion: 133.0.6943.141, chrome: {chromedriverVersion: 133.0.6943.141 (2a5d6da0d61..., userDataDir: C:\Users\INGRID~1.ZAD\AppDa...}, fedcm:accounts: true, goog:chromeOptions: {debuggerAddress: localhost:56750}, networkConnectionEnabled: false, pageLoadStrategy: normal, platformName: windows, proxy: Proxy(), se:cdp: ws://localhost:56750/devtoo..., se:cdpVersion: 133.0.6943.141, setWindowRect: true, strictFileInteractability: false, timeouts: {implicit: 0, pageLoad: 300000, script: 30000}, unhandledPromptBehavior: dismiss and notify, webauthn:extension:credBlob: true, webauthn:extension:largeBlob: true, webauthn:extension:minPinLength: true, webauthn:extension:prf: true, webauthn:virtualAuthenticators: true}
Element: [[ChromeDriver: chrome on windows (9e0395ac635311525928be21d84b08ac)] -> xpath: (//mat-label[contains(text(), 'Dokumentas')])[3]]
Session ID: 9e0395ac635311525928be21d84b08ac
	at org.openqa.selenium.remote.RemoteWebDriver.execute(RemoteWebDriver.java:572)
	at org.openqa.selenium.remote.RemoteWebElement.execute(RemoteWebElement.java:223)
	at org.openqa.selenium.remote.RemoteWebElement.getAttribute(RemoteWebElement.java:149)
	at java.base/jdk.internal.reflect.DirectMethodHandleAccessor.invoke(DirectMethodHandleAccessor.java:103)
	at java.base/java.lang.reflect.Method.invoke(Method.java:580)
	at org.openqa.selenium.support.pagefactory.internal.LocatingElementHandler.invoke(LocatingElementHandler.java:51)
	at jdk.proxy2/jdk.proxy2.$Proxy14.getAttribute(Unknown Source)
	at org.openqa.selenium.support.ui.ExpectedConditions$39.apply(ExpectedConditions.java:1094)
	at org.openqa.selenium.support.ui.ExpectedConditions$39.apply(ExpectedConditions.java:1089)
	at org.openqa.selenium.support.ui.FluentWait.until(FluentWait.java:203)
	at lt.insoft.uztis.pages.ApplicationFormsPage.selectValuesByListDocument(ApplicationFormsPage.java:180)
	at lt.insoft.uztis.tests.ApplicationFormsPageTest.testAddContract(ApplicationFormsPageTest.java:267)
	at java.base/jdk.internal.reflect.DirectMethodHandleAccessor.invoke(DirectMethodHandleAccessor.java:103)
	at java.base/java.lang.reflect.Method.invoke(Method.java:580)
	at org.junit.platform.commons.util.ReflectionUtils.invokeMethod(ReflectionUtils.java:728)
	at org.junit.jupiter.engine.execution.MethodInvocation.proceed(MethodInvocation.java:60)
	at org.junit.jupiter.engine.execution.InvocationInterceptorChain$ValidatingInvocation.proceed(InvocationInterceptorChain.java:131)
	at org.junit.jupiter.engine.extension.TimeoutExtension.intercept(TimeoutExtension.java:156)
	at org.junit.jupiter.engine.extension.TimeoutExtension.interceptTestableMethod(TimeoutExtension.java:147)
	at org.junit.jupiter.engine.extension.TimeoutExtension.interceptTestMethod(TimeoutExtension.java:86)
	at org.junit.jupiter.engine.execution.InterceptingExecutableInvoker$ReflectiveInterceptorCall.lambda$ofVoidMethod$0(InterceptingExecutableInvoker.java:103)
	at org.junit.jupiter.engine.execution.InterceptingExecutableInvoker.lambda$invoke$0(InterceptingExecutableInvoker.java:93)
	at org.junit.jupiter.engine.execution.InvocationInterceptorChain$InterceptedInvocation.proceed(InvocationInterceptorChain.java:106)
	at org.junit.jupiter.engine.execution.InvocationInterceptorChain.proceed(InvocationInterceptorChain.java:64)
	at org.junit.jupiter.engine.execution.InvocationInterceptorChain.chainAndInvoke(InvocationInterceptorChain.java:45)
	at org.junit.jupiter.engine.execution.InvocationInterceptorChain.invoke(InvocationInterceptorChain.java:37)
	at org.junit.jupiter.engine.execution.InterceptingExecutableInvoker.invoke(InterceptingExecutableInvoker.java:92)
	at org.junit.jupiter.engine.execution.InterceptingExecutableInvoker.invoke(InterceptingExecutableInvoker.java:86)
	at org.junit.jupiter.engine.descriptor.TestMethodTestDescriptor.lambda$invokeTestMethod$7(TestMethodTestDescriptor.java:218)
	at org.junit.platform.engine.support.hierarchical.ThrowableCollector.execute(ThrowableCollector.java:73)
	at org.junit.jupiter.engine.descriptor.TestMethodTestDescriptor.invokeTestMethod(TestMethodTestDescriptor.java:214)
	at org.junit.jupiter.engine.descriptor.TestMethodTestDescriptor.execute(TestMethodTestDescriptor.java:139)
	at org.junit.jupiter.engine.descriptor.TestMethodTestDescriptor.execute(TestMethodTestDescriptor.java:69)
	at org.junit.platform.engine.support.hierarchical.NodeTestTask.lambda$executeRecursively$6(NodeTestTask.java:151)
	at org.junit.platform.engine.support.hierarchical.ThrowableCollector.execute(ThrowableCollector.java:73)
	at org.junit.platform.engine.support.hierarchical.NodeTestTask.lambda$executeRecursively$8(NodeTestTask.java:141)
	at org.junit.platform.engine.support.hierarchical.Node.around(Node.java:137)
	at org.junit.platform.engine.support.hierarchical.NodeTestTask.lambda$executeRecursively$9(NodeTestTask.java:139)
	at org.junit.platform.engine.support.hierarchical.ThrowableCollector.execute(ThrowableCollector.java:73)
	at org.junit.platform.engine.support.hierarchical.NodeTestTask.executeRecursively(NodeTestTask.java:138)
	at org.junit.platform.engine.support.hierarchical.NodeTestTask.execute(NodeTestTask.java:95)
	at java.base/java.util.ArrayList.forEach(ArrayList.java:1596)
	at org.junit.platform.engine.support.hierarchical.SameThreadHierarchicalTestExecutorService.invokeAll(SameThreadHierarchicalTestExecutorService.java:41)
	at org.junit.platform.engine.support.hierarchical.NodeTestTask.lambda$executeRecursively$6(NodeTestTask.java:155)
	at org.junit.platform.engine.support.hierarchical.ThrowableCollector.execute(ThrowableCollector.java:73)
	at org.junit.platform.engine.support.hierarchical.NodeTestTask.lambda$executeRecursively$8(NodeTestTask.java:141)
	at org.junit.platform.engine.support.hierarchical.Node.around(Node.java:137)
	at org.junit.platform.engine.support.hierarchical.NodeTestTask.lambda$executeRecursively$9(NodeTestTask.java:139)
	at org.junit.platform.engine.support.hierarchical.ThrowableCollector.execute(ThrowableCollector.java:73)
	at org.junit.platform.engine.support.hierarchical.NodeTestTask.executeRecursively(NodeTestTask.java:138)
	at org.junit.platform.engine.support.hierarchical.NodeTestTask.execute(NodeTestTask.java:95)
	at java.base/java.util.ArrayList.forEach(ArrayList.java:1596)
	at org.junit.platform.engine.support.hierarchical.SameThreadHierarchicalTestExecutorService.invokeAll(SameThreadHierarchicalTestExecutorService.java:41)
	at org.junit.platform.engine.support.hierarchical.NodeTestTask.lambda$executeRecursively$6(NodeTestTask.java:155)
	at org.junit.platform.engine.support.hierarchical.ThrowableCollector.execute(ThrowableCollector.java:73)
	at org.junit.platform.engine.support.hierarchical.NodeTestTask.lambda$executeRecursively$8(NodeTestTask.java:141)
	at org.junit.platform.engine.support.hierarchical.Node.around(Node.java:137)
	at org.junit.platform.engine.support.hierarchical.NodeTestTask.lambda$executeRecursively$9(NodeTestTask.java:139)
	at org.junit.platform.engine.support.hierarchical.ThrowableCollector.execute(ThrowableCollector.java:73)
	at org.junit.platform.engine.support.hierarchical.NodeTestTask.executeRecursively(NodeTestTask.java:138)
	at org.junit.platform.engine.support.hierarchical.NodeTestTask.execute(NodeTestTask.java:95)
	at org.junit.platform.engine.support.hierarchical.SameThreadHierarchicalTestExecutorService.submit(SameThreadHierarchicalTestExecutorService.java:35)
	at org.junit.platform.engine.support.hierarchical.HierarchicalTestExecutor.execute(HierarchicalTestExecutor.java:57)
	at org.junit.platform.engine.support.hierarchical.HierarchicalTestEngine.execute(HierarchicalTestEngine.java:54)
	at org.junit.platform.launcher.core.EngineExecutionOrchestrator.execute(EngineExecutionOrchestrator.java:198)
	at org.junit.platform.launcher.core.EngineExecutionOrchestrator.execute(EngineExecutionOrchestrator.java:169)
	at org.junit.platform.launcher.core.EngineExecutionOrchestrator.execute(EngineExecutionOrchestrator.java:93)
	at org.junit.platform.launcher.core.EngineExecutionOrchestrator.lambda$execute$0(EngineExecutionOrchestrator.java:58)
	at org.junit.platform.launcher.core.EngineExecutionOrchestrator.withInterceptedStreams(EngineExecutionOrchestrator.java:141)
	at org.junit.platform.launcher.core.EngineExecutionOrchestrator.execute(EngineExecutionOrchestrator.java:57)
	at org.junit.platform.launcher.core.DefaultLauncher.execute(DefaultLauncher.java:103)
	at org.junit.platform.launcher.core.DefaultLauncher.execute(DefaultLauncher.java:85)
	at org.junit.platform.launcher.core.DelegatingLauncher.execute(DelegatingLauncher.java:47)
	at org.junit.platform.launcher.core.SessionPerRequestLauncher.execute(SessionPerRequestLauncher.java:63)
	at com.intellij.junit5.JUnit5IdeaTestRunner.startRunnerWithArgs(JUnit5IdeaTestRunner.java:57)
	at com.intellij.rt.junit.IdeaTestRunner$Repeater$1.execute(IdeaTestRunner.java:38)
	at com.intellij.rt.execution.junit.TestsRepeater.repeat(TestsRepeater.java:11)
	at com.intellij.rt.junit.IdeaTestRunner$Repeater.startRunnerWithArgs(IdeaTestRunner.java:35)
	at com.intellij.rt.junit.JUnitStarter.prepareStreamsAndStart(JUnitStarter.java:232)
	at com.intellij.rt.junit.JUnitStarter.main(JUnitStarter.java:55)
Caused by: java.io.UncheckedIOException: java.io.IOException: HTTP/1.1 header parser received no bytes
	at org.openqa.selenium.remote.http.jdk.JdkHttpClient.execute0(JdkHttpClient.java:496)
	at org.openqa.selenium.remote.http.AddSeleniumUserAgent.lambda$apply$0(AddSeleniumUserAgent.java:42)
	at org.openqa.selenium.remote.http.Filter.lambda$andFinally$1(Filter.java:55)
	at org.openqa.selenium.remote.http.jdk.JdkHttpClient.lambda$executeAsync$1(JdkHttpClient.java:383)
	at java.base/java.util.concurrent.Executors$RunnableAdapter.call(Executors.java:572)
	at java.base/java.util.concurrent.FutureTask.run(FutureTask.java:317)
	at java.base/java.util.concurrent.ThreadPoolExecutor.runWorker(ThreadPoolExecutor.java:1144)
	at java.base/java.util.concurrent.ThreadPoolExecutor$Worker.run(ThreadPoolExecutor.java:642)
	at java.base/java.lang.Thread.run(Thread.java:1583)
Caused by: java.io.IOException: HTTP/1.1 header parser received no bytes
	at java.net.http/jdk.internal.net.http.HttpClientImpl.send(HttpClientImpl.java:964)
	at java.net.http/jdk.internal.net.http.HttpClientFacade.send(HttpClientFacade.java:133)
	at org.openqa.selenium.remote.http.jdk.JdkHttpClient.execute0(JdkHttpClient.java:455)
	... 8 common frames omitted
Caused by: java.io.IOException: HTTP/1.1 header parser received no bytes
	at java.net.http/jdk.internal.net.http.common.Utils.wrapWithExtraDetail(Utils.java:388)
	at java.net.http/jdk.internal.net.http.Http1Response$HeadersReader.onReadError(Http1Response.java:590)
	at java.net.http/jdk.internal.net.http.Http1AsyncReceiver.checkForErrors(Http1AsyncReceiver.java:302)
	at java.net.http/jdk.internal.net.http.Http1AsyncReceiver.flush(Http1AsyncReceiver.java:268)
	at java.net.http/jdk.internal.net.http.common.SequentialScheduler$LockingRestartableTask.run(SequentialScheduler.java:182)
	at java.net.http/jdk.internal.net.http.common.SequentialScheduler$CompleteRestartableTask.run(SequentialScheduler.java:149)
	at java.net.http/jdk.internal.net.http.common.SequentialScheduler$SchedulableTask.run(SequentialScheduler.java:207)
	... 3 common frames omitted
Caused by: java.net.SocketException: Connection reset
	at java.base/sun.nio.ch.SocketChannelImpl.throwConnectionReset(SocketChannelImpl.java:401)
	at java.base/sun.nio.ch.SocketChannelImpl.read(SocketChannelImpl.java:434)
	at java.net.http/jdk.internal.net.http.SocketTube.readAvailable(SocketTube.java:1178)
	at java.net.http/jdk.internal.net.http.SocketTube$InternalReadPublisher$InternalReadSubscription.read(SocketTube.java:841)
	at java.net.http/jdk.internal.net.http.SocketTube$SocketFlowTask.run(SocketTube.java:181)
	at java.net.http/jdk.internal.net.http.common.SequentialScheduler$SchedulableTask.run(SequentialScheduler.java:207)
	at java.net.http/jdk.internal.net.http.common.SequentialScheduler.runOrSchedule(SequentialScheduler.java:280)
	at java.net.http/jdk.internal.net.http.common.SequentialScheduler.runOrSchedule(SequentialScheduler.java:233)
	at java.net.http/jdk.internal.net.http.SocketTube$InternalReadPublisher$InternalReadSubscription.signalReadable(SocketTube.java:782)
	at java.net.http/jdk.internal.net.http.SocketTube$InternalReadPublisher$ReadEvent.signalEvent(SocketTube.java:965)
	at java.net.http/jdk.internal.net.http.SocketTube$SocketFlowEvent.handle(SocketTube.java:253)
	at java.net.http/jdk.internal.net.http.HttpClientImpl$SelectorManager.handleEvent(HttpClientImpl.java:1467)
	at java.net.http/jdk.internal.net.http.HttpClientImpl$SelectorManager.lambda$run$3(HttpClientImpl.java:1412)
	at java.base/java.util.ArrayList.forEach(ArrayList.java:1596)
	at java.net.http/jdk.internal.net.http.HttpClientImpl$SelectorManager.run(HttpClientImpl.java:1412)
2025-02-28 07:20:38 [main] INFO  lt.insoft.uztis.tests.UztisPageTest - Navigated to https://uztisdev.asseco.lt/home
2025-02-28 07:20:38 [main] INFO  l.i.u.tests.ApplicationFormsPageTest - Setup complete. ApplicationFormsPage initialized.
2025-02-28 07:20:38 [main] INFO  l.i.u.tests.ApplicationFormsPageTest - Starting test:'testAddContract'
2025-02-28 07:20:38 [main] DEBUG l.i.u.tests.ApplicationFormsPageTest - User logged in with test credentials
2025-02-28 07:20:39 [main] DEBUG l.i.u.tests.ApplicationFormsPageTest - Opened 'Application Processing' menu.
2025-02-28 07:20:39 [main] DEBUG l.i.u.tests.ApplicationFormsPageTest - Clicked on 'Application Forms' menu.
2025-02-28 07:20:39 [main] DEBUG l.i.u.tests.ApplicationFormsPageTest - Selected the last application description.
2025-02-28 07:20:40 [main] DEBUG l.i.u.tests.ApplicationFormsPageTest - Clicked 'Project Progress' tab.
2025-02-28 07:20:40 [main] DEBUG l.i.u.tests.ApplicationFormsPageTest - Clicked the 'Edit' button.
2025-02-28 07:20:40 [main] INFO  l.i.uztis.pages.ApplicationFormsPage - Located the dropdown button.
2025-02-28 07:20:43 [main] INFO  l.i.uztis.pages.ApplicationFormsPage - Successfully selected the value: 'Vietinių užimtumo iniciatyvų projekto įgyvendinimo ir finansavimo sutartis'
2025-02-28 07:20:54 [main] ERROR l.i.uztis.pages.ApplicationFormsPage - Failed to close the dropdown with aria-expanded = 'false'.
2025-02-28 07:20:54 [main] DEBUG l.i.u.tests.ApplicationFormsPageTest - Selected a value from the 'Document' dropdown: 'Vietinių užimtumo iniciatyvų projekto įgyvendinimo ir finansavimo sutartis'
2025-02-28 07:20:54 [main] DEBUG l.i.u.tests.ApplicationFormsPageTest - Clicked the 'Save' button.
2025-02-28 07:20:54 [main] INFO  l.i.u.tests.ApplicationFormsPageTest - Verified success message: 'Duomenys sėkmingai išsaugoti.'
2025-02-28 07:20:54 [main] INFO  l.i.u.tests.ApplicationFormsPageTest - Test 'testAddContract' completed successfully.
2025-02-28 07:50:52 [main] INFO  lt.insoft.uztis.tests.UztisPageTest - Navigated to https://uztisdev.asseco.lt/home
2025-02-28 07:50:52 [main] INFO  l.i.u.tests.ApplicationFormsPageTest - Setup complete. ApplicationFormsPage initialized.
2025-02-28 07:50:52 [main] INFO  l.i.u.tests.ApplicationFormsPageTest - Starting test:'testCreateNewDvpApplication'
2025-02-28 07:50:52 [main] DEBUG l.i.u.tests.ApplicationFormsPageTest - User logged in with test credentials
2025-02-28 07:50:52 [main] DEBUG l.i.u.tests.ApplicationFormsPageTest - Opened 'Application Processing' menu.
2025-02-28 07:50:52 [main] DEBUG l.i.u.tests.ApplicationFormsPageTest - Clicked on 'Application Forms' menu.
2025-02-28 07:50:53 [main] DEBUG l.i.u.tests.ApplicationFormsPageTest - Clicked to create a new application form.
2025-02-28 07:50:53 [main] DEBUG l.i.u.tests.ApplicationFormsPageTest - Entered random application code: TST-DVP-28
2025-02-28 07:50:53 [main] DEBUG l.i.u.tests.ApplicationFormsPageTest - Selected 'Municipality' radio button.
2025-02-28 07:50:53 [main] INFO  l.i.uztis.pages.ApplicationFormsPage - Located the dropdown button.
2025-02-28 07:50:53 [main] INFO  l.i.uztis.pages.ApplicationFormsPage - Successfully selected the value: 'Kauno departamentas'
2025-02-28 07:51:04 [main] ERROR l.i.uztis.pages.ApplicationFormsPage - Failed to close the dropdown with aria-expanded = 'false'.
2025-02-28 07:51:04 [main] DEBUG l.i.u.tests.ApplicationFormsPageTest - Selected a value from the 'Municipality' dropdown: 'Kauno departamentas'
2025-02-28 07:51:04 [main] DEBUG l.i.u.tests.ApplicationFormsPageTest - Selected 'Budget By Country' radio button.
2025-02-28 07:51:04 [main] DEBUG l.i.u.tests.ApplicationFormsPageTest - Selected 'Financed Without Queue' option.
2025-02-28 07:51:04 [main] INFO  l.i.uztis.pages.ApplicationFormsPage - Located the dropdown button.
2025-02-28 07:51:05 [main] INFO  l.i.uztis.pages.ApplicationFormsPage - Successfully selected the value: 'DVP paraiškos vertinimo forma - I etapas'
2025-02-28 07:51:15 [main] ERROR l.i.uztis.pages.ApplicationFormsPage - Failed to close the dropdown with aria-expanded = 'false'.
2025-02-28 07:51:15 [main] DEBUG l.i.u.tests.ApplicationFormsPageTest - Selected a value from the 'EvaluationOne' dropdown: 'DVP paraiškos vertinimo forma - I etapas'
2025-02-28 07:51:15 [main] DEBUG l.i.u.tests.ApplicationFormsPageTest - Clicked 'Plus' button.
2025-02-28 07:51:16 [main] DEBUG l.i.u.tests.ApplicationFormsPageTest - Clicked 'Add' button seven times.
2025-02-28 07:51:16 [main] INFO  l.i.uztis.pages.ApplicationFormsPage - Processing dropdown index: 0
2025-02-28 07:51:27 [main] ERROR l.i.uztis.pages.ApplicationFormsPage - Timeout while waiting for dropdown to close at index: 0 with aria-expanded = 'false'
2025-02-28 07:51:27 [main] INFO  l.i.uztis.pages.ApplicationFormsPage - Processing dropdown index: 1
2025-02-28 07:51:37 [main] ERROR l.i.uztis.pages.ApplicationFormsPage - Timeout while waiting for dropdown to close at index: 1 with aria-expanded = 'false'
2025-02-28 07:51:37 [main] INFO  l.i.uztis.pages.ApplicationFormsPage - Processing dropdown index: 2
2025-02-28 07:51:48 [main] ERROR l.i.uztis.pages.ApplicationFormsPage - Timeout while waiting for dropdown to close at index: 2 with aria-expanded = 'false'
2025-02-28 07:51:48 [main] INFO  l.i.uztis.pages.ApplicationFormsPage - Processing dropdown index: 3
2025-02-28 07:51:59 [main] ERROR l.i.uztis.pages.ApplicationFormsPage - Timeout while waiting for dropdown to close at index: 3 with aria-expanded = 'false'
2025-02-28 07:51:59 [main] INFO  l.i.uztis.pages.ApplicationFormsPage - Processing dropdown index: 4
2025-02-28 07:52:10 [main] ERROR l.i.uztis.pages.ApplicationFormsPage - Timeout while waiting for dropdown to close at index: 4 with aria-expanded = 'false'
2025-02-28 07:52:10 [main] INFO  l.i.uztis.pages.ApplicationFormsPage - Processing dropdown index: 5
2025-02-28 07:52:21 [main] ERROR l.i.uztis.pages.ApplicationFormsPage - Timeout while waiting for dropdown to close at index: 5 with aria-expanded = 'false'
2025-02-28 07:52:21 [main] INFO  l.i.uztis.pages.ApplicationFormsPage - Processing dropdown index: 6
2025-02-28 07:52:31 [main] ERROR l.i.uztis.pages.ApplicationFormsPage - Timeout while waiting for dropdown to close at index: 6 with aria-expanded = 'false'
2025-02-28 07:52:31 [main] INFO  l.i.uztis.pages.ApplicationFormsPage - Processing dropdown index: 7
2025-02-28 07:52:42 [main] ERROR l.i.uztis.pages.ApplicationFormsPage - Timeout while waiting for dropdown to close at index: 7 with aria-expanded = 'false'
2025-02-28 07:52:42 [main] INFO  l.i.uztis.pages.ApplicationFormsPage - Processing input field index: 0
2025-02-28 07:52:42 [main] INFO  l.i.uztis.pages.ApplicationFormsPage - Entered value '50' into field index: 0
2025-02-28 07:52:42 [main] INFO  l.i.uztis.pages.ApplicationFormsPage - Processing input field index: 1
2025-02-28 07:52:42 [main] INFO  l.i.uztis.pages.ApplicationFormsPage - Entered value '924' into field index: 1
2025-02-28 07:52:43 [main] INFO  l.i.uztis.pages.ApplicationFormsPage - Processing input field index: 2
2025-02-28 07:52:43 [main] INFO  l.i.uztis.pages.ApplicationFormsPage - Entered value '31' into field index: 2
2025-02-28 07:52:43 [main] INFO  l.i.uztis.pages.ApplicationFormsPage - Processing input field index: 3
2025-02-28 07:52:43 [main] INFO  l.i.uztis.pages.ApplicationFormsPage - Entered value '4.7' into field index: 3
2025-02-28 07:52:43 [main] INFO  l.i.uztis.pages.ApplicationFormsPage - Processing input field index: 4
2025-02-28 07:52:43 [main] INFO  l.i.uztis.pages.ApplicationFormsPage - Entered value '35' into field index: 4
2025-02-28 07:52:43 [main] INFO  l.i.uztis.pages.ApplicationFormsPage - Processing input field index: 5
2025-02-28 07:52:43 [main] INFO  l.i.uztis.pages.ApplicationFormsPage - Entered value '20' into field index: 5
2025-02-28 07:52:43 [main] INFO  l.i.uztis.pages.ApplicationFormsPage - Processing input field index: 6
2025-02-28 07:52:43 [main] INFO  l.i.uztis.pages.ApplicationFormsPage - Entered value '30' into field index: 6
2025-02-28 07:52:43 [main] INFO  l.i.uztis.pages.ApplicationFormsPage - Processing input field index: 7
2025-02-28 07:52:43 [main] INFO  l.i.uztis.pages.ApplicationFormsPage - Entered value '60' into field index: 7
2025-02-28 07:52:43 [main] DEBUG l.i.u.tests.ApplicationFormsPageTest - Entered additional values and text.
2025-02-28 07:52:43 [main] DEBUG l.i.u.tests.ApplicationFormsPageTest - Entered application name: DVP paraiška
2025-02-28 07:52:43 [main] DEBUG l.i.u.tests.ApplicationFormsPageTest - Clicked the 'Save' button.
2025-02-28 07:52:44 [main] DEBUG l.i.uztis.pages.ApplicationFormsPage - Verified success message: 'Duomenys sėkmingai išsaugoti.'
2025-02-28 07:52:44 [main] INFO  l.i.u.tests.ApplicationFormsPageTest - Verified that the 'Save Form' button is displayed.
2025-02-28 07:52:44 [main] INFO  l.i.u.tests.ApplicationFormsPageTest - Test 'testCreateNewDvpApplication' completed successfully.
2025-02-28 07:53:15 [main] INFO  lt.insoft.uztis.tests.UztisPageTest - Navigated to https://uztisdev.asseco.lt/home
2025-02-28 07:53:15 [main] INFO  l.i.u.tests.ApplicationFormsPageTest - Setup complete. ApplicationFormsPage initialized.
2025-02-28 07:53:15 [main] INFO  l.i.u.tests.ApplicationFormsPageTest - Starting test:'testAddContractDVP'
2025-02-28 07:53:16 [main] DEBUG l.i.u.tests.ApplicationFormsPageTest - User logged in with test credentials
2025-02-28 07:53:16 [main] DEBUG l.i.u.tests.ApplicationFormsPageTest - Opened 'Application Processing' menu.
2025-02-28 07:53:16 [main] DEBUG l.i.u.tests.ApplicationFormsPageTest - Clicked on 'Application Forms' menu.
2025-02-28 07:53:17 [main] DEBUG l.i.u.tests.ApplicationFormsPageTest - Selected the last application description.
2025-02-28 07:53:17 [main] DEBUG l.i.u.tests.ApplicationFormsPageTest - Clicked 'Project Progress' tab.
2025-02-28 07:53:17 [main] DEBUG l.i.u.tests.ApplicationFormsPageTest - Clicked the 'Edit' button.
2025-02-28 07:53:17 [main] INFO  l.i.uztis.pages.ApplicationFormsPage - Located the dropdown button.
2025-02-28 07:53:19 [main] INFO  l.i.uztis.pages.ApplicationFormsPage - Successfully selected the value: 'Darbo vietų pritaikymo ir finansavimo sutartis'
2025-02-28 07:53:30 [main] ERROR l.i.uztis.pages.ApplicationFormsPage - Failed to close the dropdown with aria-expanded = 'false'.
2025-02-28 07:53:30 [main] DEBUG l.i.u.tests.ApplicationFormsPageTest - Selected a value from the 'Document' dropdown: 'Darbo vietų pritaikymo ir finansavimo sutartis'
2025-02-28 07:53:30 [main] DEBUG l.i.u.tests.ApplicationFormsPageTest - Clicked the 'Save' button.
2025-02-28 07:53:30 [main] ERROR l.i.uztis.pages.ApplicationFormsPage - Failed to verify the success message: 'Funkcija sėkmingai atlikta.'. Available messages: [Duomenys sėkmingai išsaugoti.]
2025-02-28 07:53:30 [main] INFO  l.i.u.tests.ApplicationFormsPageTest - Test 'testAddContractDVP' completed successfully.
2025-02-28 08:25:57 [main] INFO  lt.insoft.uztis.tests.UztisPageTest - Navigated to https://uztisdev.asseco.lt/home
2025-02-28 08:25:57 [main] INFO  l.i.uztis.tests.InvitationsPageTest - Starting test:'testCreateNewVuiInvitationDraft_toEdit'
2025-02-28 08:25:58 [main] DEBUG l.i.uztis.tests.InvitationsPageTest - User logged in with test credentials
2025-02-28 08:25:58 [main] DEBUG l.i.uztis.tests.InvitationsPageTest - Opened 'Application Processing' menu.
2025-02-28 08:25:58 [main] DEBUG l.i.uztis.tests.InvitationsPageTest - Clicked on 'Application Forms' menu.
2025-02-28 08:25:58 [main] DEBUG l.i.uztis.tests.InvitationsPageTest - Navigating to application forms menu.
2025-02-28 08:25:58 [main] DEBUG l.i.uztis.tests.InvitationsPageTest - Retrieved last description code text: 'TST-VUI-52'.
2025-02-28 08:25:58 [main] DEBUG l.i.uztis.tests.InvitationsPageTest - Clicked on 'Invitation' menu.
2025-02-28 08:25:59 [main] DEBUG l.i.uztis.tests.InvitationsPageTest - Clicked 'Create New Application Form'.
2025-02-28 08:26:00 [main] DEBUG l.i.uztis.tests.InvitationsPageTest - Selected section by code: 'TST-VUI-52'.
2025-02-28 08:26:00 [main] INFO  l.insoft.uztis.pages.InvitationsPage - Located the dropdown button.
2025-02-28 08:26:11 [main] ERROR l.insoft.uztis.pages.InvitationsPage - Timeout while waiting for dropdown to close with aria-expanded = 'false'.
2025-02-28 08:26:11 [main] DEBUG l.i.uztis.tests.InvitationsPageTest - Selected invitation number from the list.
2025-02-28 08:26:11 [main] DEBUG l.i.uztis.tests.InvitationsPageTest - Entered current date.
2025-02-28 08:26:11 [main] DEBUG l.i.uztis.tests.InvitationsPageTest - Entered start time: 00:00.
2025-02-28 08:26:12 [main] DEBUG l.i.uztis.tests.InvitationsPageTest - Entered end date.
2025-02-28 08:26:12 [main] DEBUG l.i.uztis.tests.InvitationsPageTest - Entered end time: 11:11.
2025-02-28 08:26:12 [main] DEBUG l.i.uztis.tests.InvitationsPageTest - Draft saved.
2025-02-28 08:26:12 [main] DEBUG l.i.uztis.pages.ApplicationFormsPage - Verified success message: 'Duomenys sėkmingai išsaugoti.'
2025-02-28 08:26:12 [main] INFO  l.i.uztis.tests.InvitationsPageTest - Test 'testCreateNewVuiInvitationDraft_toEdit' completed successfully.
2025-02-28 08:26:32 [main] INFO  lt.insoft.uztis.tests.UztisPageTest - Navigated to https://uztisdev.asseco.lt/home
2025-02-28 08:26:32 [main] INFO  l.i.uztis.tests.InvitationsPageTest - Starting test:'testEditAndPublishVuiInvitationDraft'
2025-02-28 08:26:32 [main] DEBUG l.i.uztis.tests.InvitationsPageTest - User logged in with test credentials
2025-02-28 08:26:33 [main] DEBUG l.i.uztis.tests.InvitationsPageTest - Opened 'Application Processing' menu.
2025-02-28 08:26:33 [main] DEBUG l.i.uztis.tests.InvitationsPageTest - Clicked on 'Application Forms' menu.
2025-02-28 08:26:33 [main] DEBUG l.i.uztis.tests.InvitationsPageTest - Navigating to application forms menu.
2025-02-28 08:26:33 [main] DEBUG l.i.uztis.tests.InvitationsPageTest - Retrieved last description code text: 'TST-VUI-52'.
2025-02-28 08:26:33 [main] DEBUG l.i.uztis.tests.InvitationsPageTest - Clicked on 'Invitation' menu.
2025-02-28 08:26:34 [main] DEBUG l.i.uztis.tests.InvitationsPageTest - Selected section by code: 'TST-VUI-52'.
2025-02-28 08:26:34 [main] DEBUG l.i.uztis.tests.InvitationsPageTest - Clicked 'Search'.
2025-02-28 08:26:34 [main] DEBUG l.i.uztis.tests.InvitationsPageTest - Getting and inserting application code text.
2025-02-28 08:26:34 [main] DEBUG l.i.uztis.tests.InvitationsPageTest - Clicked 'InvitationDraft'.
2025-02-28 08:26:35 [main] DEBUG l.i.uztis.tests.InvitationsPageTest - Clicked 'Edit'.
2025-02-28 08:26:35 [main] DEBUG l.i.uztis.tests.InvitationsPageTest - Entered publication end date.
2025-02-28 08:26:36 [main] DEBUG l.i.uztis.tests.InvitationsPageTest - Added additional values.
2025-02-28 08:26:36 [main] INFO  l.insoft.uztis.pages.InvitationsPage - Located the dropdown button.
2025-02-28 08:26:36 [main] DEBUG l.i.uztis.tests.InvitationsPageTest - Selected the value: 'Didžiausia galima paramos suma aplinkos darbo vietai, Eur'
2025-02-28 08:26:36 [main] INFO  l.insoft.uztis.pages.InvitationsPage - Located the dropdown button.
2025-02-28 08:26:36 [main] DEBUG l.i.uztis.tests.InvitationsPageTest - Selected the value: 'Didžiausia galima paramos suma, Eur'
2025-02-28 08:26:36 [main] INFO  l.insoft.uztis.pages.InvitationsPage - Located the dropdown button.
2025-02-28 08:26:37 [main] DEBUG l.i.uztis.tests.InvitationsPageTest - Selected the value: 'Didžiausia galima paramos suma vienai darbo vietai, Eur'
2025-02-28 08:26:37 [main] DEBUG l.i.uztis.tests.InvitationsPageTest - Entered value: 11000
2025-02-28 08:26:37 [main] DEBUG l.i.uztis.tests.InvitationsPageTest - Entered value: 12000
2025-02-28 08:26:37 [main] DEBUG l.i.uztis.tests.InvitationsPageTest - Entered value: 13000
2025-02-28 08:26:37 [main] DEBUG l.i.uztis.tests.InvitationsPageTest - Checked 'Legal Entities' checkbox.
2025-02-28 08:26:37 [main] DEBUG l.i.uztis.tests.InvitationsPageTest - Unchecked 'Persons Registered with Employment Service' checkbox.
2025-02-28 08:26:37 [main] DEBUG l.i.uztis.tests.InvitationsPageTest - Checked 'Persons Registered as Employers' checkbox.
2025-02-28 08:26:38 [main] DEBUG l.i.uztis.tests.InvitationsPageTest - Entered second evaluation grade: '5'.
2025-02-28 08:26:38 [main] DEBUG l.i.uztis.tests.InvitationsPageTest - Entered third evaluation grade: '6'.
2025-02-28 08:26:38 [main] DEBUG l.i.uztis.tests.InvitationsPageTest - Entered second evaluation grade weight: '0,45'.
2025-02-28 08:26:38 [main] DEBUG l.i.uztis.tests.InvitationsPageTest - Entered third evaluation grade weight: '0,55'.
2025-02-28 08:26:38 [main] DEBUG l.i.uztis.tests.InvitationsPageTest - Entered budget: '2000'.
2025-02-28 08:26:38 [main] DEBUG l.i.uztis.tests.InvitationsPageTest - Entered description text: 'Aprašo tekstas'.
2025-02-28 08:26:38 [main] DEBUG l.i.uztis.tests.InvitationsPageTest - Entered applicants text: 'Pareiškėjų tekstas'.
2025-02-28 08:26:38 [main] DEBUG l.i.uztis.tests.InvitationsPageTest - Entered expenditures text: 'Išlaidų tekstas'.
2025-02-28 08:26:39 [main] DEBUG l.i.uztis.tests.InvitationsPageTest - Entered legislation text: 'Teisės aktų tekstas'.
2025-02-28 08:26:39 [main] DEBUG l.i.uztis.tests.InvitationsPageTest - Entered education text: 'Mokymų tekstas'.
2025-02-28 08:26:39 [main] DEBUG l.i.uztis.tests.InvitationsPageTest - File uploaded.
2025-02-28 08:26:39 [main] DEBUG l.i.uztis.tests.InvitationsPageTest - Clicked 'Publish'.
2025-02-28 08:26:39 [main] DEBUG l.i.uztis.tests.InvitationsPageTest - Publication confirmed.
2025-02-28 08:26:40 [main] DEBUG l.i.uztis.pages.ApplicationFormsPage - Verified success message: 'Funkcija sėkmingai atlikta.'
2025-02-28 08:26:40 [main] INFO  l.i.uztis.tests.InvitationsPageTest - Test 'testEditAndPublishVuiInvitationDraft' completed successfully.
2025-02-28 09:14:53 [main] INFO  lt.insoft.uztis.tests.UztisPageTest - Navigated to https://uztisdev.asseco.lt/home
2025-02-28 09:14:53 [main] INFO  l.i.u.t.SubmittedApplicationsPageTest - Starting test:'testFillNewVUIPApplicationFA'
2025-02-28 09:14:54 [main] DEBUG l.i.u.t.SubmittedApplicationsPageTest - User logged in with test credentials.
2025-02-28 09:14:54 [main] DEBUG l.i.u.t.SubmittedApplicationsPageTest - Opened 'Application Processing' menu.
2025-02-28 09:14:54 [main] DEBUG l.i.u.t.SubmittedApplicationsPageTest - Clicked on 'Application Forms' menu.
2025-02-28 09:14:54 [main] DEBUG l.i.u.t.SubmittedApplicationsPageTest - Retrieved last description code text: 'TST-VUI-52'.
2025-02-28 09:14:55 [main] DEBUG l.i.u.t.SubmittedApplicationsPageTest - Clicked on 'Invitation' menu.
2025-02-28 09:14:56 [main] DEBUG l.i.u.t.SubmittedApplicationsPageTest - Selected application section by code: 'TST-VUI-52'.
2025-02-28 09:14:56 [main] DEBUG l.i.u.t.SubmittedApplicationsPageTest - Clicked 'Search' button.
2025-02-28 09:14:56 [main] DEBUG l.i.u.t.SubmittedApplicationsPageTest - Retrieved invitation code: ''.
2025-02-28 09:14:56 [main] DEBUG l.i.u.t.SubmittedApplicationsPageTest - Clicked on 'Submitted Applications' menu.
2025-02-28 09:14:57 [main] DEBUG l.i.u.t.SubmittedApplicationsPageTest - Selected invitation by code: 'TST-VUI-52'.
2025-02-28 09:14:57 [main] DEBUG l.i.u.t.SubmittedApplicationsPageTest - Invitation code inserted.
2025-02-28 09:14:57 [main] DEBUG l.i.u.t.SubmittedApplicationsPageTest - Clicked on 'Action Application' button.
2025-02-28 09:14:58 [main] DEBUG l.i.u.t.SubmittedApplicationsPageTest - Clicked on 'New Application' button.
2025-02-28 09:14:58 [main] DEBUG l.i.u.t.SubmittedApplicationsPageTest - Selected the 'RadioButtonFA' option.
2025-02-28 09:14:58 [main] DEBUG l.i.u.t.SubmittedApplicationsPageTest - Entered phone number: '61298745'.
2025-02-28 09:14:58 [main] DEBUG l.i.u.t.SubmittedApplicationsPageTest - Entered email: 'test@autotest.com'.
2025-02-28 09:14:58 [main] INFO  l.i.u.p.SubmittedApplicationsPage - Clicking on the dropdown button.
2025-02-28 09:15:16 [main] INFO  l.i.u.p.SubmittedApplicationsPage - Found 1741 options in the dropdown.
2025-02-28 09:15:16 [main] DEBUG l.i.u.p.SubmittedApplicationsPage - Checking option: ''
2025-02-28 09:15:16 [main] DEBUG l.i.u.p.SubmittedApplicationsPage - Checking option: '01.11 - Grūdinių (išskyrus ryžius), ankštinių ir aliejingų sėklų augalų auginimas'
2025-02-28 09:15:16 [main] INFO  l.i.u.p.SubmittedApplicationsPage - Successfully selected the value: '01.11 - Grūdinių (išskyrus ryžius), ankštinių ir aliejingų sėklų augalų auginimas'
2025-02-28 09:15:16 [main] INFO  l.i.u.p.SubmittedApplicationsPage - Attempting to close the dropdown.
2025-02-28 09:15:27 [main] INFO  l.i.u.p.SubmittedApplicationsPage - Dropdown should be closed now.
2025-02-28 09:15:27 [main] DEBUG l.i.u.t.SubmittedApplicationsPageTest - Selected EVRK value: '01.11 - Grūdinių (išskyrus ryžius), ankštinių ir aliejingų sėklų augalų auginimas'.
2025-02-28 09:15:27 [main] ERROR l.i.u.t.SubmittedApplicationsPageTest - Test 'testFillNewVUIApplicationFA' failed with error: invalid element state
  (Session info: chrome=133.0.6943.142)
Build info: version: '4.27.0', revision: 'd6e718d134'
System info: os.name: 'Windows 11', os.arch: 'amd64', os.version: '10.0', java.version: '21.0.3'
Driver info: org.openqa.selenium.chrome.ChromeDriver
Command: [a75b73f9cec1690aa23d3e0cd74edf18, clearElement {id=f.358C8AE19590B0FA788EB311A3DFF9BE.d.BC36D43C0D46CB8C42C8EE9815614FD6.e.229}]
Capabilities {acceptInsecureCerts: false, browserName: chrome, browserVersion: 133.0.6943.142, chrome: {chromedriverVersion: 133.0.6943.141 (2a5d6da0d61..., userDataDir: C:\Users\INGRID~1.ZAD\AppDa...}, fedcm:accounts: true, goog:chromeOptions: {debuggerAddress: localhost:64795}, networkConnectionEnabled: false, pageLoadStrategy: normal, platformName: windows, proxy: Proxy(), se:cdp: ws://localhost:64795/devtoo..., se:cdpVersion: 133.0.6943.142, setWindowRect: true, strictFileInteractability: false, timeouts: {implicit: 0, pageLoad: 300000, script: 30000}, unhandledPromptBehavior: dismiss and notify, webauthn:extension:credBlob: true, webauthn:extension:largeBlob: true, webauthn:extension:minPinLength: true, webauthn:extension:prf: true, webauthn:virtualAuthenticators: true}
Element: [[ChromeDriver: chrome on windows (a75b73f9cec1690aa23d3e0cd74edf18)] -> xpath: //mat-form-field[.//label[contains(., 'Planuojamos (-ų) steigti darbo vietos (-ų) adresas')]]//input]
Session ID: a75b73f9cec1690aa23d3e0cd74edf18
org.openqa.selenium.InvalidElementStateException: invalid element state
  (Session info: chrome=133.0.6943.142)
Build info: version: '4.27.0', revision: 'd6e718d134'
System info: os.name: 'Windows 11', os.arch: 'amd64', os.version: '10.0', java.version: '21.0.3'
Driver info: org.openqa.selenium.chrome.ChromeDriver
Command: [a75b73f9cec1690aa23d3e0cd74edf18, clearElement {id=f.358C8AE19590B0FA788EB311A3DFF9BE.d.BC36D43C0D46CB8C42C8EE9815614FD6.e.229}]
Capabilities {acceptInsecureCerts: false, browserName: chrome, browserVersion: 133.0.6943.142, chrome: {chromedriverVersion: 133.0.6943.141 (2a5d6da0d61..., userDataDir: C:\Users\INGRID~1.ZAD\AppDa...}, fedcm:accounts: true, goog:chromeOptions: {debuggerAddress: localhost:64795}, networkConnectionEnabled: false, pageLoadStrategy: normal, platformName: windows, proxy: Proxy(), se:cdp: ws://localhost:64795/devtoo..., se:cdpVersion: 133.0.6943.142, setWindowRect: true, strictFileInteractability: false, timeouts: {implicit: 0, pageLoad: 300000, script: 30000}, unhandledPromptBehavior: dismiss and notify, webauthn:extension:credBlob: true, webauthn:extension:largeBlob: true, webauthn:extension:minPinLength: true, webauthn:extension:prf: true, webauthn:virtualAuthenticators: true}
Element: [[ChromeDriver: chrome on windows (a75b73f9cec1690aa23d3e0cd74edf18)] -> xpath: //mat-form-field[.//label[contains(., 'Planuojamos (-ų) steigti darbo vietos (-ų) adresas')]]//input]
Session ID: a75b73f9cec1690aa23d3e0cd74edf18
	at java.base/jdk.internal.reflect.DirectConstructorHandleAccessor.newInstance(DirectConstructorHandleAccessor.java:62)
	at java.base/java.lang.reflect.Constructor.newInstanceWithCaller(Constructor.java:502)
	at java.base/java.lang.reflect.Constructor.newInstance(Constructor.java:486)
	at org.openqa.selenium.remote.ErrorCodec.decode(ErrorCodec.java:167)
	at org.openqa.selenium.remote.codec.w3c.W3CHttpResponseCodec.decode(W3CHttpResponseCodec.java:138)
	at org.openqa.selenium.remote.codec.w3c.W3CHttpResponseCodec.decode(W3CHttpResponseCodec.java:50)
	at org.openqa.selenium.remote.HttpCommandExecutor.execute(HttpCommandExecutor.java:190)
	at org.openqa.selenium.remote.service.DriverCommandExecutor.invokeExecute(DriverCommandExecutor.java:216)
	at org.openqa.selenium.remote.service.DriverCommandExecutor.execute(DriverCommandExecutor.java:174)
	at org.openqa.selenium.remote.RemoteWebDriver.execute(RemoteWebDriver.java:545)
	at org.openqa.selenium.remote.RemoteWebElement.execute(RemoteWebElement.java:223)
	at org.openqa.selenium.remote.RemoteWebElement.clear(RemoteWebElement.java:129)
	at java.base/jdk.internal.reflect.DirectMethodHandleAccessor.invoke(DirectMethodHandleAccessor.java:103)
	at java.base/java.lang.reflect.Method.invoke(Method.java:580)
	at org.openqa.selenium.support.pagefactory.internal.LocatingElementHandler.invoke(LocatingElementHandler.java:51)
	at jdk.proxy2/jdk.proxy2.$Proxy14.clear(Unknown Source)
	at lt.insoft.uztis.pages.SubmittedApplicationsPage.enterAddress(SubmittedApplicationsPage.java:659)
	at lt.insoft.uztis.tests.SubmittedApplicationsPageTest.testFillNewVUIApplicationFA(SubmittedApplicationsPageTest.java:168)
	at java.base/jdk.internal.reflect.DirectMethodHandleAccessor.invoke(DirectMethodHandleAccessor.java:103)
	at java.base/java.lang.reflect.Method.invoke(Method.java:580)
	at org.junit.platform.commons.util.ReflectionUtils.invokeMethod(ReflectionUtils.java:728)
	at org.junit.jupiter.engine.execution.MethodInvocation.proceed(MethodInvocation.java:60)
	at org.junit.jupiter.engine.execution.InvocationInterceptorChain$ValidatingInvocation.proceed(InvocationInterceptorChain.java:131)
	at org.junit.jupiter.engine.extension.TimeoutExtension.intercept(TimeoutExtension.java:156)
	at org.junit.jupiter.engine.extension.TimeoutExtension.interceptTestableMethod(TimeoutExtension.java:147)
	at org.junit.jupiter.engine.extension.TimeoutExtension.interceptTestMethod(TimeoutExtension.java:86)
	at org.junit.jupiter.engine.execution.InterceptingExecutableInvoker$ReflectiveInterceptorCall.lambda$ofVoidMethod$0(InterceptingExecutableInvoker.java:103)
	at org.junit.jupiter.engine.execution.InterceptingExecutableInvoker.lambda$invoke$0(InterceptingExecutableInvoker.java:93)
	at org.junit.jupiter.engine.execution.InvocationInterceptorChain$InterceptedInvocation.proceed(InvocationInterceptorChain.java:106)
	at org.junit.jupiter.engine.execution.InvocationInterceptorChain.proceed(InvocationInterceptorChain.java:64)
	at org.junit.jupiter.engine.execution.InvocationInterceptorChain.chainAndInvoke(InvocationInterceptorChain.java:45)
	at org.junit.jupiter.engine.execution.InvocationInterceptorChain.invoke(InvocationInterceptorChain.java:37)
	at org.junit.jupiter.engine.execution.InterceptingExecutableInvoker.invoke(InterceptingExecutableInvoker.java:92)
	at org.junit.jupiter.engine.execution.InterceptingExecutableInvoker.invoke(InterceptingExecutableInvoker.java:86)
	at org.junit.jupiter.engine.descriptor.TestMethodTestDescriptor.lambda$invokeTestMethod$7(TestMethodTestDescriptor.java:218)
	at org.junit.platform.engine.support.hierarchical.ThrowableCollector.execute(ThrowableCollector.java:73)
	at org.junit.jupiter.engine.descriptor.TestMethodTestDescriptor.invokeTestMethod(TestMethodTestDescriptor.java:214)
	at org.junit.jupiter.engine.descriptor.TestMethodTestDescriptor.execute(TestMethodTestDescriptor.java:139)
	at org.junit.jupiter.engine.descriptor.TestMethodTestDescriptor.execute(TestMethodTestDescriptor.java:69)
	at org.junit.platform.engine.support.hierarchical.NodeTestTask.lambda$executeRecursively$6(NodeTestTask.java:151)
	at org.junit.platform.engine.support.hierarchical.ThrowableCollector.execute(ThrowableCollector.java:73)
	at org.junit.platform.engine.support.hierarchical.NodeTestTask.lambda$executeRecursively$8(NodeTestTask.java:141)
	at org.junit.platform.engine.support.hierarchical.Node.around(Node.java:137)
	at org.junit.platform.engine.support.hierarchical.NodeTestTask.lambda$executeRecursively$9(NodeTestTask.java:139)
	at org.junit.platform.engine.support.hierarchical.ThrowableCollector.execute(ThrowableCollector.java:73)
	at org.junit.platform.engine.support.hierarchical.NodeTestTask.executeRecursively(NodeTestTask.java:138)
	at org.junit.platform.engine.support.hierarchical.NodeTestTask.execute(NodeTestTask.java:95)
	at java.base/java.util.ArrayList.forEach(ArrayList.java:1596)
	at org.junit.platform.engine.support.hierarchical.SameThreadHierarchicalTestExecutorService.invokeAll(SameThreadHierarchicalTestExecutorService.java:41)
	at org.junit.platform.engine.support.hierarchical.NodeTestTask.lambda$executeRecursively$6(NodeTestTask.java:155)
	at org.junit.platform.engine.support.hierarchical.ThrowableCollector.execute(ThrowableCollector.java:73)
	at org.junit.platform.engine.support.hierarchical.NodeTestTask.lambda$executeRecursively$8(NodeTestTask.java:141)
	at org.junit.platform.engine.support.hierarchical.Node.around(Node.java:137)
	at org.junit.platform.engine.support.hierarchical.NodeTestTask.lambda$executeRecursively$9(NodeTestTask.java:139)
	at org.junit.platform.engine.support.hierarchical.ThrowableCollector.execute(ThrowableCollector.java:73)
	at org.junit.platform.engine.support.hierarchical.NodeTestTask.executeRecursively(NodeTestTask.java:138)
	at org.junit.platform.engine.support.hierarchical.NodeTestTask.execute(NodeTestTask.java:95)
	at java.base/java.util.ArrayList.forEach(ArrayList.java:1596)
	at org.junit.platform.engine.support.hierarchical.SameThreadHierarchicalTestExecutorService.invokeAll(SameThreadHierarchicalTestExecutorService.java:41)
	at org.junit.platform.engine.support.hierarchical.NodeTestTask.lambda$executeRecursively$6(NodeTestTask.java:155)
	at org.junit.platform.engine.support.hierarchical.ThrowableCollector.execute(ThrowableCollector.java:73)
	at org.junit.platform.engine.support.hierarchical.NodeTestTask.lambda$executeRecursively$8(NodeTestTask.java:141)
	at org.junit.platform.engine.support.hierarchical.Node.around(Node.java:137)
	at org.junit.platform.engine.support.hierarchical.NodeTestTask.lambda$executeRecursively$9(NodeTestTask.java:139)
	at org.junit.platform.engine.support.hierarchical.ThrowableCollector.execute(ThrowableCollector.java:73)
	at org.junit.platform.engine.support.hierarchical.NodeTestTask.executeRecursively(NodeTestTask.java:138)
	at org.junit.platform.engine.support.hierarchical.NodeTestTask.execute(NodeTestTask.java:95)
	at org.junit.platform.engine.support.hierarchical.SameThreadHierarchicalTestExecutorService.submit(SameThreadHierarchicalTestExecutorService.java:35)
	at org.junit.platform.engine.support.hierarchical.HierarchicalTestExecutor.execute(HierarchicalTestExecutor.java:57)
	at org.junit.platform.engine.support.hierarchical.HierarchicalTestEngine.execute(HierarchicalTestEngine.java:54)
	at org.junit.platform.launcher.core.EngineExecutionOrchestrator.execute(EngineExecutionOrchestrator.java:198)
	at org.junit.platform.launcher.core.EngineExecutionOrchestrator.execute(EngineExecutionOrchestrator.java:169)
	at org.junit.platform.launcher.core.EngineExecutionOrchestrator.execute(EngineExecutionOrchestrator.java:93)
	at org.junit.platform.launcher.core.EngineExecutionOrchestrator.lambda$execute$0(EngineExecutionOrchestrator.java:58)
	at org.junit.platform.launcher.core.EngineExecutionOrchestrator.withInterceptedStreams(EngineExecutionOrchestrator.java:141)
	at org.junit.platform.launcher.core.EngineExecutionOrchestrator.execute(EngineExecutionOrchestrator.java:57)
	at org.junit.platform.launcher.core.DefaultLauncher.execute(DefaultLauncher.java:103)
	at org.junit.platform.launcher.core.DefaultLauncher.execute(DefaultLauncher.java:85)
	at org.junit.platform.launcher.core.DelegatingLauncher.execute(DelegatingLauncher.java:47)
	at org.junit.platform.launcher.core.SessionPerRequestLauncher.execute(SessionPerRequestLauncher.java:63)
	at com.intellij.junit5.JUnit5IdeaTestRunner.startRunnerWithArgs(JUnit5IdeaTestRunner.java:57)
	at com.intellij.rt.junit.IdeaTestRunner$Repeater$1.execute(IdeaTestRunner.java:38)
	at com.intellij.rt.execution.junit.TestsRepeater.repeat(TestsRepeater.java:11)
	at com.intellij.rt.junit.IdeaTestRunner$Repeater.startRunnerWithArgs(IdeaTestRunner.java:35)
	at com.intellij.rt.junit.JUnitStarter.prepareStreamsAndStart(JUnitStarter.java:232)
	at com.intellij.rt.junit.JUnitStarter.main(JUnitStarter.java:55)
2025-02-28 09:15:27 [main] INFO  l.insoft.uztis.tests.utils.TestUtils - Screenshot moved to C:\Users\ingrida.zadorozniene\Desktop\Asm\UZTIS\UZTIS_tests\test-output\screenshots\20250228\091527721_testFillNewVUIApplicationFA().png
2025-02-28 09:19:11 [main] INFO  lt.insoft.uztis.tests.UztisPageTest - Navigated to https://uztisdev.asseco.lt/home
2025-02-28 09:19:11 [main] INFO  l.i.uztis.tests.InvitationsPageTest - Starting test:'testInsertVuiStatisticInformation'
2025-02-28 09:19:11 [main] DEBUG l.i.uztis.tests.InvitationsPageTest - User logged in with test credentials
2025-02-28 09:19:11 [main] DEBUG l.i.uztis.tests.InvitationsPageTest - Opened 'Application Processing' menu.
2025-02-28 09:19:11 [main] DEBUG l.i.uztis.tests.InvitationsPageTest - Clicked on 'Application Forms' menu.
2025-02-28 09:19:11 [main] DEBUG l.i.uztis.tests.InvitationsPageTest - Navigating to invitation forms menu.
2025-02-28 09:19:12 [main] DEBUG l.i.uztis.tests.InvitationsPageTest - Retrieved last description code text: 'TST-VUI-52'.
2025-02-28 09:19:12 [main] DEBUG l.i.uztis.tests.InvitationsPageTest - Clicked on 'Invitation' menu.
2025-02-28 09:19:13 [main] DEBUG l.i.uztis.tests.InvitationsPageTest - Selected section by code: 'TST-VUI-52'.
2025-02-28 09:19:14 [main] DEBUG l.i.uztis.tests.InvitationsPageTest - Clicked 'Search'.
2025-02-28 09:19:14 [main] DEBUG l.i.uztis.tests.InvitationsPageTest - Getting and inserting application code text.
2025-02-28 09:19:14 [main] DEBUG l.i.uztis.tests.InvitationsPageTest - Clicked 'Publishing'.
2025-02-28 09:19:14 [main] DEBUG l.i.uztis.tests.InvitationsPageTest - Clicked 'Statistic Information' tab.
2025-02-28 09:19:14 [main] DEBUG l.i.uztis.tests.InvitationsPageTest - Clicked 'Edit' button.
2025-02-28 09:19:15 [main] DEBUG l.i.uztis.tests.InvitationsPageTest - Entered current date.
2025-02-28 09:19:15 [main] DEBUG l.i.uztis.tests.InvitationsPageTest - Entered value: 8.7
2025-02-28 09:19:15 [main] DEBUG l.i.uztis.tests.InvitationsPageTest - Entered average salary: 2237.9
2025-02-28 09:19:15 [main] DEBUG l.i.uztis.tests.InvitationsPageTest - File uploaded.
2025-02-28 09:19:15 [main] DEBUG l.i.uztis.tests.InvitationsPageTest - Clicked 'Save' button.
2025-02-28 09:19:16 [main] DEBUG l.i.uztis.pages.ApplicationFormsPage - Verified success message: 'Funkcija sėkmingai atlikta.'
2025-02-28 09:19:16 [main] INFO  l.i.uztis.tests.InvitationsPageTest - Verified success message
2025-02-28 09:19:16 [main] INFO  l.i.uztis.tests.InvitationsPageTest - Test 'testInsertVuiStatisticInformation' completed successfully.
2025-02-28 10:27:30 [main] INFO  lt.insoft.uztis.tests.UztisPageTest - Navigated to https://uztisdev.asseco.lt/home
2025-02-28 10:27:30 [main] INFO  l.i.u.t.SubmittedApplicationsPageTest - Starting test:'testFillNewVUIPApplicationFA'
2025-02-28 10:27:31 [main] DEBUG l.i.u.t.SubmittedApplicationsPageTest - User logged in with test credentials.
2025-02-28 10:27:31 [main] DEBUG l.i.u.t.SubmittedApplicationsPageTest - Opened 'Application Processing' menu.
2025-02-28 10:27:31 [main] DEBUG l.i.u.t.SubmittedApplicationsPageTest - Clicked on 'Application Forms' menu.
2025-02-28 10:27:32 [main] DEBUG l.i.u.t.SubmittedApplicationsPageTest - Retrieved last description code text: 'TST-VUI-52'.
2025-02-28 10:27:32 [main] DEBUG l.i.u.t.SubmittedApplicationsPageTest - Clicked on 'Invitation' menu.
2025-02-28 10:27:33 [main] DEBUG l.i.u.t.SubmittedApplicationsPageTest - Selected application section by code: 'TST-VUI-52'.
2025-02-28 10:27:33 [main] DEBUG l.i.u.t.SubmittedApplicationsPageTest - Clicked 'Search' button.
2025-02-28 10:27:33 [main] DEBUG l.i.u.t.SubmittedApplicationsPageTest - Retrieved invitation code: ''.
2025-02-28 10:27:33 [main] DEBUG l.i.u.t.SubmittedApplicationsPageTest - Clicked on 'Submitted Applications' menu.
2025-02-28 10:27:35 [main] DEBUG l.i.u.t.SubmittedApplicationsPageTest - Selected invitation by code: 'TST-VUI-52'.
2025-02-28 10:27:35 [main] DEBUG l.i.u.t.SubmittedApplicationsPageTest - Invitation code inserted.
2025-02-28 10:27:35 [main] DEBUG l.i.u.t.SubmittedApplicationsPageTest - Clicked on 'Action Application' button.
2025-02-28 10:27:35 [main] DEBUG l.i.u.t.SubmittedApplicationsPageTest - Clicked on 'New Application' button.
2025-02-28 10:27:35 [main] DEBUG l.i.u.t.SubmittedApplicationsPageTest - Selected the 'RadioButtonFA' option.
2025-02-28 10:27:36 [main] DEBUG l.i.u.t.SubmittedApplicationsPageTest - Entered phone number: '61298745'.
2025-02-28 10:27:36 [main] DEBUG l.i.u.t.SubmittedApplicationsPageTest - Entered email: 'test@autotest.com'.
2025-02-28 10:27:36 [main] INFO  l.i.u.p.SubmittedApplicationsPage - Clicking on the dropdown button.
2025-02-28 10:27:55 [main] INFO  l.i.u.p.SubmittedApplicationsPage - Found 1741 options in the dropdown.
2025-02-28 10:27:55 [main] DEBUG l.i.u.p.SubmittedApplicationsPage - Checking option: ''
2025-02-28 10:27:55 [main] DEBUG l.i.u.p.SubmittedApplicationsPage - Checking option: '01.11 - Grūdinių (išskyrus ryžius), ankštinių ir aliejingų sėklų augalų auginimas'
2025-02-28 10:27:56 [main] INFO  l.i.u.p.SubmittedApplicationsPage - Successfully selected the value: '01.11 - Grūdinių (išskyrus ryžius), ankštinių ir aliejingų sėklų augalų auginimas'
2025-02-28 10:27:56 [main] INFO  l.i.u.p.SubmittedApplicationsPage - Attempting to close the dropdown.
2025-02-28 10:28:06 [main] INFO  l.i.u.p.SubmittedApplicationsPage - Dropdown should be closed now.
2025-02-28 10:28:06 [main] DEBUG l.i.u.t.SubmittedApplicationsPageTest - Selected EVRK value: '01.11 - Grūdinių (išskyrus ryžius), ankštinių ir aliejingų sėklų augalų auginimas'.
2025-02-28 10:28:16 [main] ERROR l.i.u.t.SubmittedApplicationsPageTest - Test 'testFillNewVUIApplicationFA' failed with error: no such element: Unable to locate element: {"method":"xpath","selector":"//label[contains(text(), 'Planuojamos (-ų) steigti darbo vietos (-ų) adresas')]/../../..//input"}
  (Session info: chrome=133.0.6943.142)
For documentation on this error, please visit: https://www.selenium.dev/documentation/webdriver/troubleshooting/errors#no-such-element-exception
Build info: version: '4.27.0', revision: 'd6e718d134'
System info: os.name: 'Windows 11', os.arch: 'amd64', os.version: '10.0', java.version: '21.0.3'
Driver info: org.openqa.selenium.chrome.ChromeDriver
Command: [d89c53d64f3fc830db598876d8eb517b, findElement {value=//label[contains(text(), 'Planuojamos (-ų) steigti darbo vietos (-ų) adresas')]/../../..//input, using=xpath}]
Capabilities {acceptInsecureCerts: false, browserName: chrome, browserVersion: 133.0.6943.142, chrome: {chromedriverVersion: 133.0.6943.141 (2a5d6da0d61..., userDataDir: C:\Users\INGRID~1.ZAD\AppDa...}, fedcm:accounts: true, goog:chromeOptions: {debuggerAddress: localhost:50754}, networkConnectionEnabled: false, pageLoadStrategy: normal, platformName: windows, proxy: Proxy(), se:cdp: ws://localhost:50754/devtoo..., se:cdpVersion: 133.0.6943.142, setWindowRect: true, strictFileInteractability: false, timeouts: {implicit: 0, pageLoad: 300000, script: 30000}, unhandledPromptBehavior: dismiss and notify, webauthn:extension:credBlob: true, webauthn:extension:largeBlob: true, webauthn:extension:minPinLength: true, webauthn:extension:prf: true, webauthn:virtualAuthenticators: true}
Session ID: d89c53d64f3fc830db598876d8eb517b
org.openqa.selenium.NoSuchElementException: no such element: Unable to locate element: {"method":"xpath","selector":"//label[contains(text(), 'Planuojamos (-ų) steigti darbo vietos (-ų) adresas')]/../../..//input"}
  (Session info: chrome=133.0.6943.142)
For documentation on this error, please visit: https://www.selenium.dev/documentation/webdriver/troubleshooting/errors#no-such-element-exception
Build info: version: '4.27.0', revision: 'd6e718d134'
System info: os.name: 'Windows 11', os.arch: 'amd64', os.version: '10.0', java.version: '21.0.3'
Driver info: org.openqa.selenium.chrome.ChromeDriver
Command: [d89c53d64f3fc830db598876d8eb517b, findElement {value=//label[contains(text(), 'Planuojamos (-ų) steigti darbo vietos (-ų) adresas')]/../../..//input, using=xpath}]
Capabilities {acceptInsecureCerts: false, browserName: chrome, browserVersion: 133.0.6943.142, chrome: {chromedriverVersion: 133.0.6943.141 (2a5d6da0d61..., userDataDir: C:\Users\INGRID~1.ZAD\AppDa...}, fedcm:accounts: true, goog:chromeOptions: {debuggerAddress: localhost:50754}, networkConnectionEnabled: false, pageLoadStrategy: normal, platformName: windows, proxy: Proxy(), se:cdp: ws://localhost:50754/devtoo..., se:cdpVersion: 133.0.6943.142, setWindowRect: true, strictFileInteractability: false, timeouts: {implicit: 0, pageLoad: 300000, script: 30000}, unhandledPromptBehavior: dismiss and notify, webauthn:extension:credBlob: true, webauthn:extension:largeBlob: true, webauthn:extension:minPinLength: true, webauthn:extension:prf: true, webauthn:virtualAuthenticators: true}
Session ID: d89c53d64f3fc830db598876d8eb517b
	at java.base/jdk.internal.reflect.DirectConstructorHandleAccessor.newInstance(DirectConstructorHandleAccessor.java:62)
	at java.base/java.lang.reflect.Constructor.newInstanceWithCaller(Constructor.java:502)
	at java.base/java.lang.reflect.Constructor.newInstance(Constructor.java:486)
	at org.openqa.selenium.remote.ErrorCodec.decode(ErrorCodec.java:167)
	at org.openqa.selenium.remote.codec.w3c.W3CHttpResponseCodec.decode(W3CHttpResponseCodec.java:138)
	at org.openqa.selenium.remote.codec.w3c.W3CHttpResponseCodec.decode(W3CHttpResponseCodec.java:50)
	at org.openqa.selenium.remote.HttpCommandExecutor.execute(HttpCommandExecutor.java:190)
	at org.openqa.selenium.remote.service.DriverCommandExecutor.invokeExecute(DriverCommandExecutor.java:216)
	at org.openqa.selenium.remote.service.DriverCommandExecutor.execute(DriverCommandExecutor.java:174)
	at org.openqa.selenium.remote.RemoteWebDriver.execute(RemoteWebDriver.java:545)
	at org.openqa.selenium.remote.ElementLocation$ElementFinder$2.findElement(ElementLocation.java:165)
	at org.openqa.selenium.remote.ElementLocation.findElement(ElementLocation.java:59)
	at org.openqa.selenium.remote.RemoteWebDriver.findElement(RemoteWebDriver.java:368)
	at org.openqa.selenium.remote.RemoteWebDriver.findElement(RemoteWebDriver.java:362)
	at org.openqa.selenium.support.pagefactory.DefaultElementLocator.findElement(DefaultElementLocator.java:68)
	at org.openqa.selenium.support.pagefactory.internal.LocatingElementHandler.invoke(LocatingElementHandler.java:38)
	at jdk.proxy2/jdk.proxy2.$Proxy14.click(Unknown Source)
	at lt.insoft.uztis.pages.SubmittedApplicationsPage.clickAddressComponent(SubmittedApplicationsPage.java:669)
	at lt.insoft.uztis.tests.SubmittedApplicationsPageTest.testFillNewVUIApplicationFA(SubmittedApplicationsPageTest.java:171)
	at java.base/jdk.internal.reflect.DirectMethodHandleAccessor.invoke(DirectMethodHandleAccessor.java:103)
	at java.base/java.lang.reflect.Method.invoke(Method.java:580)
	at org.junit.platform.commons.util.ReflectionUtils.invokeMethod(ReflectionUtils.java:728)
	at org.junit.jupiter.engine.execution.MethodInvocation.proceed(MethodInvocation.java:60)
	at org.junit.jupiter.engine.execution.InvocationInterceptorChain$ValidatingInvocation.proceed(InvocationInterceptorChain.java:131)
	at org.junit.jupiter.engine.extension.TimeoutExtension.intercept(TimeoutExtension.java:156)
	at org.junit.jupiter.engine.extension.TimeoutExtension.interceptTestableMethod(TimeoutExtension.java:147)
	at org.junit.jupiter.engine.extension.TimeoutExtension.interceptTestMethod(TimeoutExtension.java:86)
	at org.junit.jupiter.engine.execution.InterceptingExecutableInvoker$ReflectiveInterceptorCall.lambda$ofVoidMethod$0(InterceptingExecutableInvoker.java:103)
	at org.junit.jupiter.engine.execution.InterceptingExecutableInvoker.lambda$invoke$0(InterceptingExecutableInvoker.java:93)
	at org.junit.jupiter.engine.execution.InvocationInterceptorChain$InterceptedInvocation.proceed(InvocationInterceptorChain.java:106)
	at org.junit.jupiter.engine.execution.InvocationInterceptorChain.proceed(InvocationInterceptorChain.java:64)
	at org.junit.jupiter.engine.execution.InvocationInterceptorChain.chainAndInvoke(InvocationInterceptorChain.java:45)
	at org.junit.jupiter.engine.execution.InvocationInterceptorChain.invoke(InvocationInterceptorChain.java:37)
	at org.junit.jupiter.engine.execution.InterceptingExecutableInvoker.invoke(InterceptingExecutableInvoker.java:92)
	at org.junit.jupiter.engine.execution.InterceptingExecutableInvoker.invoke(InterceptingExecutableInvoker.java:86)
	at org.junit.jupiter.engine.descriptor.TestMethodTestDescriptor.lambda$invokeTestMethod$7(TestMethodTestDescriptor.java:218)
	at org.junit.platform.engine.support.hierarchical.ThrowableCollector.execute(ThrowableCollector.java:73)
	at org.junit.jupiter.engine.descriptor.TestMethodTestDescriptor.invokeTestMethod(TestMethodTestDescriptor.java:214)
	at org.junit.jupiter.engine.descriptor.TestMethodTestDescriptor.execute(TestMethodTestDescriptor.java:139)
	at org.junit.jupiter.engine.descriptor.TestMethodTestDescriptor.execute(TestMethodTestDescriptor.java:69)
	at org.junit.platform.engine.support.hierarchical.NodeTestTask.lambda$executeRecursively$6(NodeTestTask.java:151)
	at org.junit.platform.engine.support.hierarchical.ThrowableCollector.execute(ThrowableCollector.java:73)
	at org.junit.platform.engine.support.hierarchical.NodeTestTask.lambda$executeRecursively$8(NodeTestTask.java:141)
	at org.junit.platform.engine.support.hierarchical.Node.around(Node.java:137)
	at org.junit.platform.engine.support.hierarchical.NodeTestTask.lambda$executeRecursively$9(NodeTestTask.java:139)
	at org.junit.platform.engine.support.hierarchical.ThrowableCollector.execute(ThrowableCollector.java:73)
	at org.junit.platform.engine.support.hierarchical.NodeTestTask.executeRecursively(NodeTestTask.java:138)
	at org.junit.platform.engine.support.hierarchical.NodeTestTask.execute(NodeTestTask.java:95)
	at java.base/java.util.ArrayList.forEach(ArrayList.java:1596)
	at org.junit.platform.engine.support.hierarchical.SameThreadHierarchicalTestExecutorService.invokeAll(SameThreadHierarchicalTestExecutorService.java:41)
	at org.junit.platform.engine.support.hierarchical.NodeTestTask.lambda$executeRecursively$6(NodeTestTask.java:155)
	at org.junit.platform.engine.support.hierarchical.ThrowableCollector.execute(ThrowableCollector.java:73)
	at org.junit.platform.engine.support.hierarchical.NodeTestTask.lambda$executeRecursively$8(NodeTestTask.java:141)
	at org.junit.platform.engine.support.hierarchical.Node.around(Node.java:137)
	at org.junit.platform.engine.support.hierarchical.NodeTestTask.lambda$executeRecursively$9(NodeTestTask.java:139)
	at org.junit.platform.engine.support.hierarchical.ThrowableCollector.execute(ThrowableCollector.java:73)
	at org.junit.platform.engine.support.hierarchical.NodeTestTask.executeRecursively(NodeTestTask.java:138)
	at org.junit.platform.engine.support.hierarchical.NodeTestTask.execute(NodeTestTask.java:95)
	at java.base/java.util.ArrayList.forEach(ArrayList.java:1596)
	at org.junit.platform.engine.support.hierarchical.SameThreadHierarchicalTestExecutorService.invokeAll(SameThreadHierarchicalTestExecutorService.java:41)
	at org.junit.platform.engine.support.hierarchical.NodeTestTask.lambda$executeRecursively$6(NodeTestTask.java:155)
	at org.junit.platform.engine.support.hierarchical.ThrowableCollector.execute(ThrowableCollector.java:73)
	at org.junit.platform.engine.support.hierarchical.NodeTestTask.lambda$executeRecursively$8(NodeTestTask.java:141)
	at org.junit.platform.engine.support.hierarchical.Node.around(Node.java:137)
	at org.junit.platform.engine.support.hierarchical.NodeTestTask.lambda$executeRecursively$9(NodeTestTask.java:139)
	at org.junit.platform.engine.support.hierarchical.ThrowableCollector.execute(ThrowableCollector.java:73)
	at org.junit.platform.engine.support.hierarchical.NodeTestTask.executeRecursively(NodeTestTask.java:138)
	at org.junit.platform.engine.support.hierarchical.NodeTestTask.execute(NodeTestTask.java:95)
	at org.junit.platform.engine.support.hierarchical.SameThreadHierarchicalTestExecutorService.submit(SameThreadHierarchicalTestExecutorService.java:35)
	at org.junit.platform.engine.support.hierarchical.HierarchicalTestExecutor.execute(HierarchicalTestExecutor.java:57)
	at org.junit.platform.engine.support.hierarchical.HierarchicalTestEngine.execute(HierarchicalTestEngine.java:54)
	at org.junit.platform.launcher.core.EngineExecutionOrchestrator.execute(EngineExecutionOrchestrator.java:198)
	at org.junit.platform.launcher.core.EngineExecutionOrchestrator.execute(EngineExecutionOrchestrator.java:169)
	at org.junit.platform.launcher.core.EngineExecutionOrchestrator.execute(EngineExecutionOrchestrator.java:93)
	at org.junit.platform.launcher.core.EngineExecutionOrchestrator.lambda$execute$0(EngineExecutionOrchestrator.java:58)
	at org.junit.platform.launcher.core.EngineExecutionOrchestrator.withInterceptedStreams(EngineExecutionOrchestrator.java:141)
	at org.junit.platform.launcher.core.EngineExecutionOrchestrator.execute(EngineExecutionOrchestrator.java:57)
	at org.junit.platform.launcher.core.DefaultLauncher.execute(DefaultLauncher.java:103)
	at org.junit.platform.launcher.core.DefaultLauncher.execute(DefaultLauncher.java:85)
	at org.junit.platform.launcher.core.DelegatingLauncher.execute(DelegatingLauncher.java:47)
	at org.junit.platform.launcher.core.SessionPerRequestLauncher.execute(SessionPerRequestLauncher.java:63)
	at com.intellij.junit5.JUnit5IdeaTestRunner.startRunnerWithArgs(JUnit5IdeaTestRunner.java:57)
	at com.intellij.rt.junit.IdeaTestRunner$Repeater$1.execute(IdeaTestRunner.java:38)
	at com.intellij.rt.execution.junit.TestsRepeater.repeat(TestsRepeater.java:11)
	at com.intellij.rt.junit.IdeaTestRunner$Repeater.startRunnerWithArgs(IdeaTestRunner.java:35)
	at com.intellij.rt.junit.JUnitStarter.prepareStreamsAndStart(JUnitStarter.java:232)
	at com.intellij.rt.junit.JUnitStarter.main(JUnitStarter.java:55)
2025-02-28 10:28:17 [main] INFO  l.insoft.uztis.tests.utils.TestUtils - Screenshot moved to C:\Users\ingrida.zadorozniene\Desktop\Asm\UZTIS\UZTIS_tests\test-output\screenshots\20250228\102817003_testFillNewVUIApplicationFA().png
2025-02-28 10:39:55 [main] INFO  lt.insoft.uztis.tests.UztisPageTest - Navigated to https://uztisdev.asseco.lt/home
2025-02-28 10:39:55 [main] INFO  l.i.u.t.SubmittedApplicationsPageTest - Starting test:'testFillNewVUIPApplicationFA'
2025-02-28 10:39:55 [main] DEBUG l.i.u.t.SubmittedApplicationsPageTest - User logged in with test credentials.
2025-02-28 10:39:56 [main] DEBUG l.i.u.t.SubmittedApplicationsPageTest - Opened 'Application Processing' menu.
2025-02-28 10:39:56 [main] DEBUG l.i.u.t.SubmittedApplicationsPageTest - Clicked on 'Application Forms' menu.
2025-02-28 10:39:57 [main] DEBUG l.i.u.t.SubmittedApplicationsPageTest - Retrieved last description code text: 'TST-VUI-52'.
2025-02-28 10:39:57 [main] DEBUG l.i.u.t.SubmittedApplicationsPageTest - Clicked on 'Invitation' menu.
2025-02-28 10:39:58 [main] DEBUG l.i.u.t.SubmittedApplicationsPageTest - Selected application section by code: 'TST-VUI-52'.
2025-02-28 10:39:58 [main] DEBUG l.i.u.t.SubmittedApplicationsPageTest - Clicked 'Search' button.
2025-02-28 10:39:58 [main] DEBUG l.i.u.t.SubmittedApplicationsPageTest - Retrieved invitation code: ''.
2025-02-28 10:39:58 [main] DEBUG l.i.u.t.SubmittedApplicationsPageTest - Clicked on 'Submitted Applications' menu.
2025-02-28 10:40:00 [main] DEBUG l.i.u.t.SubmittedApplicationsPageTest - Selected invitation by code: 'TST-VUI-52'.
2025-02-28 10:40:00 [main] DEBUG l.i.u.t.SubmittedApplicationsPageTest - Invitation code inserted.
2025-02-28 10:40:00 [main] DEBUG l.i.u.t.SubmittedApplicationsPageTest - Clicked on 'Action Application' button.
2025-02-28 10:40:00 [main] DEBUG l.i.u.t.SubmittedApplicationsPageTest - Clicked on 'New Application' button.
2025-02-28 10:40:01 [main] DEBUG l.i.u.t.SubmittedApplicationsPageTest - Selected the 'RadioButtonFA' option.
2025-02-28 10:40:01 [main] DEBUG l.i.u.t.SubmittedApplicationsPageTest - Entered phone number: '61298745'.
2025-02-28 10:40:01 [main] DEBUG l.i.u.t.SubmittedApplicationsPageTest - Entered email: 'test@autotest.com'.
2025-02-28 10:40:01 [main] INFO  l.i.u.p.SubmittedApplicationsPage - Clicking on the dropdown button.
2025-02-28 10:40:20 [main] INFO  l.i.u.p.SubmittedApplicationsPage - Found 1741 options in the dropdown.
2025-02-28 10:40:20 [main] DEBUG l.i.u.p.SubmittedApplicationsPage - Checking option: ''
2025-02-28 10:40:20 [main] DEBUG l.i.u.p.SubmittedApplicationsPage - Checking option: '01.11 - Grūdinių (išskyrus ryžius), ankštinių ir aliejingų sėklų augalų auginimas'
2025-02-28 10:40:20 [main] INFO  l.i.u.p.SubmittedApplicationsPage - Successfully selected the value: '01.11 - Grūdinių (išskyrus ryžius), ankštinių ir aliejingų sėklų augalų auginimas'
2025-02-28 10:40:20 [main] INFO  l.i.u.p.SubmittedApplicationsPage - Attempting to close the dropdown.
2025-02-28 10:40:31 [main] INFO  l.i.u.p.SubmittedApplicationsPage - Dropdown should be closed now.
2025-02-28 10:40:31 [main] DEBUG l.i.u.t.SubmittedApplicationsPageTest - Selected EVRK value: '01.11 - Grūdinių (išskyrus ryžius), ankštinių ir aliejingų sėklų augalų auginimas'.
2025-02-28 10:40:41 [main] ERROR l.i.u.t.SubmittedApplicationsPageTest - Test 'testFillNewVUIApplicationFA' failed with error: no such element: Unable to locate element: {"method":"xpath","selector":"//input[@class='primary-control mat-mdc-form-field-input-control mat-mdc-form-field-input' and @readonly]"}
  (Session info: chrome=133.0.6943.142)
For documentation on this error, please visit: https://www.selenium.dev/documentation/webdriver/troubleshooting/errors#no-such-element-exception
Build info: version: '4.27.0', revision: 'd6e718d134'
System info: os.name: 'Windows 11', os.arch: 'amd64', os.version: '10.0', java.version: '21.0.3'
Driver info: org.openqa.selenium.chrome.ChromeDriver
Command: [5d9d4310439eff6a10649b49a71cfa1d, findElement {value=//input[@class='primary-control mat-mdc-form-field-input-control mat-mdc-form-field-input' and @readonly], using=xpath}]
Capabilities {acceptInsecureCerts: false, browserName: chrome, browserVersion: 133.0.6943.142, chrome: {chromedriverVersion: 133.0.6943.141 (2a5d6da0d61..., userDataDir: C:\Users\INGRID~1.ZAD\AppDa...}, fedcm:accounts: true, goog:chromeOptions: {debuggerAddress: localhost:51242}, networkConnectionEnabled: false, pageLoadStrategy: normal, platformName: windows, proxy: Proxy(), se:cdp: ws://localhost:51242/devtoo..., se:cdpVersion: 133.0.6943.142, setWindowRect: true, strictFileInteractability: false, timeouts: {implicit: 0, pageLoad: 300000, script: 30000}, unhandledPromptBehavior: dismiss and notify, webauthn:extension:credBlob: true, webauthn:extension:largeBlob: true, webauthn:extension:minPinLength: true, webauthn:extension:prf: true, webauthn:virtualAuthenticators: true}
Session ID: 5d9d4310439eff6a10649b49a71cfa1d
org.openqa.selenium.NoSuchElementException: no such element: Unable to locate element: {"method":"xpath","selector":"//input[@class='primary-control mat-mdc-form-field-input-control mat-mdc-form-field-input' and @readonly]"}
  (Session info: chrome=133.0.6943.142)
For documentation on this error, please visit: https://www.selenium.dev/documentation/webdriver/troubleshooting/errors#no-such-element-exception
Build info: version: '4.27.0', revision: 'd6e718d134'
System info: os.name: 'Windows 11', os.arch: 'amd64', os.version: '10.0', java.version: '21.0.3'
Driver info: org.openqa.selenium.chrome.ChromeDriver
Command: [5d9d4310439eff6a10649b49a71cfa1d, findElement {value=//input[@class='primary-control mat-mdc-form-field-input-control mat-mdc-form-field-input' and @readonly], using=xpath}]
Capabilities {acceptInsecureCerts: false, browserName: chrome, browserVersion: 133.0.6943.142, chrome: {chromedriverVersion: 133.0.6943.141 (2a5d6da0d61..., userDataDir: C:\Users\INGRID~1.ZAD\AppDa...}, fedcm:accounts: true, goog:chromeOptions: {debuggerAddress: localhost:51242}, networkConnectionEnabled: false, pageLoadStrategy: normal, platformName: windows, proxy: Proxy(), se:cdp: ws://localhost:51242/devtoo..., se:cdpVersion: 133.0.6943.142, setWindowRect: true, strictFileInteractability: false, timeouts: {implicit: 0, pageLoad: 300000, script: 30000}, unhandledPromptBehavior: dismiss and notify, webauthn:extension:credBlob: true, webauthn:extension:largeBlob: true, webauthn:extension:minPinLength: true, webauthn:extension:prf: true, webauthn:virtualAuthenticators: true}
Session ID: 5d9d4310439eff6a10649b49a71cfa1d
	at java.base/jdk.internal.reflect.DirectConstructorHandleAccessor.newInstance(DirectConstructorHandleAccessor.java:62)
	at java.base/java.lang.reflect.Constructor.newInstanceWithCaller(Constructor.java:502)
	at java.base/java.lang.reflect.Constructor.newInstance(Constructor.java:486)
	at org.openqa.selenium.remote.ErrorCodec.decode(ErrorCodec.java:167)
	at org.openqa.selenium.remote.codec.w3c.W3CHttpResponseCodec.decode(W3CHttpResponseCodec.java:138)
	at org.openqa.selenium.remote.codec.w3c.W3CHttpResponseCodec.decode(W3CHttpResponseCodec.java:50)
	at org.openqa.selenium.remote.HttpCommandExecutor.execute(HttpCommandExecutor.java:190)
	at org.openqa.selenium.remote.service.DriverCommandExecutor.invokeExecute(DriverCommandExecutor.java:216)
	at org.openqa.selenium.remote.service.DriverCommandExecutor.execute(DriverCommandExecutor.java:174)
	at org.openqa.selenium.remote.RemoteWebDriver.execute(RemoteWebDriver.java:545)
	at org.openqa.selenium.remote.ElementLocation$ElementFinder$2.findElement(ElementLocation.java:165)
	at org.openqa.selenium.remote.ElementLocation.findElement(ElementLocation.java:59)
	at org.openqa.selenium.remote.RemoteWebDriver.findElement(RemoteWebDriver.java:368)
	at org.openqa.selenium.remote.RemoteWebDriver.findElement(RemoteWebDriver.java:362)
	at org.openqa.selenium.support.pagefactory.DefaultElementLocator.findElement(DefaultElementLocator.java:68)
	at org.openqa.selenium.support.pagefactory.internal.LocatingElementHandler.invoke(LocatingElementHandler.java:38)
	at jdk.proxy2/jdk.proxy2.$Proxy14.click(Unknown Source)
	at lt.insoft.uztis.pages.SubmittedApplicationsPage.clickAddressComponent(SubmittedApplicationsPage.java:669)
	at lt.insoft.uztis.tests.SubmittedApplicationsPageTest.testFillNewVUIApplicationFA(SubmittedApplicationsPageTest.java:171)
	at java.base/jdk.internal.reflect.DirectMethodHandleAccessor.invoke(DirectMethodHandleAccessor.java:103)
	at java.base/java.lang.reflect.Method.invoke(Method.java:580)
	at org.junit.platform.commons.util.ReflectionUtils.invokeMethod(ReflectionUtils.java:728)
	at org.junit.jupiter.engine.execution.MethodInvocation.proceed(MethodInvocation.java:60)
	at org.junit.jupiter.engine.execution.InvocationInterceptorChain$ValidatingInvocation.proceed(InvocationInterceptorChain.java:131)
	at org.junit.jupiter.engine.extension.TimeoutExtension.intercept(TimeoutExtension.java:156)
	at org.junit.jupiter.engine.extension.TimeoutExtension.interceptTestableMethod(TimeoutExtension.java:147)
	at org.junit.jupiter.engine.extension.TimeoutExtension.interceptTestMethod(TimeoutExtension.java:86)
	at org.junit.jupiter.engine.execution.InterceptingExecutableInvoker$ReflectiveInterceptorCall.lambda$ofVoidMethod$0(InterceptingExecutableInvoker.java:103)
	at org.junit.jupiter.engine.execution.InterceptingExecutableInvoker.lambda$invoke$0(InterceptingExecutableInvoker.java:93)
	at org.junit.jupiter.engine.execution.InvocationInterceptorChain$InterceptedInvocation.proceed(InvocationInterceptorChain.java:106)
	at org.junit.jupiter.engine.execution.InvocationInterceptorChain.proceed(InvocationInterceptorChain.java:64)
	at org.junit.jupiter.engine.execution.InvocationInterceptorChain.chainAndInvoke(InvocationInterceptorChain.java:45)
	at org.junit.jupiter.engine.execution.InvocationInterceptorChain.invoke(InvocationInterceptorChain.java:37)
	at org.junit.jupiter.engine.execution.InterceptingExecutableInvoker.invoke(InterceptingExecutableInvoker.java:92)
	at org.junit.jupiter.engine.execution.InterceptingExecutableInvoker.invoke(InterceptingExecutableInvoker.java:86)
	at org.junit.jupiter.engine.descriptor.TestMethodTestDescriptor.lambda$invokeTestMethod$7(TestMethodTestDescriptor.java:218)
	at org.junit.platform.engine.support.hierarchical.ThrowableCollector.execute(ThrowableCollector.java:73)
	at org.junit.jupiter.engine.descriptor.TestMethodTestDescriptor.invokeTestMethod(TestMethodTestDescriptor.java:214)
	at org.junit.jupiter.engine.descriptor.TestMethodTestDescriptor.execute(TestMethodTestDescriptor.java:139)
	at org.junit.jupiter.engine.descriptor.TestMethodTestDescriptor.execute(TestMethodTestDescriptor.java:69)
	at org.junit.platform.engine.support.hierarchical.NodeTestTask.lambda$executeRecursively$6(NodeTestTask.java:151)
	at org.junit.platform.engine.support.hierarchical.ThrowableCollector.execute(ThrowableCollector.java:73)
	at org.junit.platform.engine.support.hierarchical.NodeTestTask.lambda$executeRecursively$8(NodeTestTask.java:141)
	at org.junit.platform.engine.support.hierarchical.Node.around(Node.java:137)
	at org.junit.platform.engine.support.hierarchical.NodeTestTask.lambda$executeRecursively$9(NodeTestTask.java:139)
	at org.junit.platform.engine.support.hierarchical.ThrowableCollector.execute(ThrowableCollector.java:73)
	at org.junit.platform.engine.support.hierarchical.NodeTestTask.executeRecursively(NodeTestTask.java:138)
	at org.junit.platform.engine.support.hierarchical.NodeTestTask.execute(NodeTestTask.java:95)
	at java.base/java.util.ArrayList.forEach(ArrayList.java:1596)
	at org.junit.platform.engine.support.hierarchical.SameThreadHierarchicalTestExecutorService.invokeAll(SameThreadHierarchicalTestExecutorService.java:41)
	at org.junit.platform.engine.support.hierarchical.NodeTestTask.lambda$executeRecursively$6(NodeTestTask.java:155)
	at org.junit.platform.engine.support.hierarchical.ThrowableCollector.execute(ThrowableCollector.java:73)
	at org.junit.platform.engine.support.hierarchical.NodeTestTask.lambda$executeRecursively$8(NodeTestTask.java:141)
	at org.junit.platform.engine.support.hierarchical.Node.around(Node.java:137)
	at org.junit.platform.engine.support.hierarchical.NodeTestTask.lambda$executeRecursively$9(NodeTestTask.java:139)
	at org.junit.platform.engine.support.hierarchical.ThrowableCollector.execute(ThrowableCollector.java:73)
	at org.junit.platform.engine.support.hierarchical.NodeTestTask.executeRecursively(NodeTestTask.java:138)
	at org.junit.platform.engine.support.hierarchical.NodeTestTask.execute(NodeTestTask.java:95)
	at java.base/java.util.ArrayList.forEach(ArrayList.java:1596)
	at org.junit.platform.engine.support.hierarchical.SameThreadHierarchicalTestExecutorService.invokeAll(SameThreadHierarchicalTestExecutorService.java:41)
	at org.junit.platform.engine.support.hierarchical.NodeTestTask.lambda$executeRecursively$6(NodeTestTask.java:155)
	at org.junit.platform.engine.support.hierarchical.ThrowableCollector.execute(ThrowableCollector.java:73)
	at org.junit.platform.engine.support.hierarchical.NodeTestTask.lambda$executeRecursively$8(NodeTestTask.java:141)
	at org.junit.platform.engine.support.hierarchical.Node.around(Node.java:137)
	at org.junit.platform.engine.support.hierarchical.NodeTestTask.lambda$executeRecursively$9(NodeTestTask.java:139)
	at org.junit.platform.engine.support.hierarchical.ThrowableCollector.execute(ThrowableCollector.java:73)
	at org.junit.platform.engine.support.hierarchical.NodeTestTask.executeRecursively(NodeTestTask.java:138)
	at org.junit.platform.engine.support.hierarchical.NodeTestTask.execute(NodeTestTask.java:95)
	at org.junit.platform.engine.support.hierarchical.SameThreadHierarchicalTestExecutorService.submit(SameThreadHierarchicalTestExecutorService.java:35)
	at org.junit.platform.engine.support.hierarchical.HierarchicalTestExecutor.execute(HierarchicalTestExecutor.java:57)
	at org.junit.platform.engine.support.hierarchical.HierarchicalTestEngine.execute(HierarchicalTestEngine.java:54)
	at org.junit.platform.launcher.core.EngineExecutionOrchestrator.execute(EngineExecutionOrchestrator.java:198)
	at org.junit.platform.launcher.core.EngineExecutionOrchestrator.execute(EngineExecutionOrchestrator.java:169)
	at org.junit.platform.launcher.core.EngineExecutionOrchestrator.execute(EngineExecutionOrchestrator.java:93)
	at org.junit.platform.launcher.core.EngineExecutionOrchestrator.lambda$execute$0(EngineExecutionOrchestrator.java:58)
	at org.junit.platform.launcher.core.EngineExecutionOrchestrator.withInterceptedStreams(EngineExecutionOrchestrator.java:141)
	at org.junit.platform.launcher.core.EngineExecutionOrchestrator.execute(EngineExecutionOrchestrator.java:57)
	at org.junit.platform.launcher.core.DefaultLauncher.execute(DefaultLauncher.java:103)
	at org.junit.platform.launcher.core.DefaultLauncher.execute(DefaultLauncher.java:85)
	at org.junit.platform.launcher.core.DelegatingLauncher.execute(DelegatingLauncher.java:47)
	at org.junit.platform.launcher.core.SessionPerRequestLauncher.execute(SessionPerRequestLauncher.java:63)
	at com.intellij.junit5.JUnit5IdeaTestRunner.startRunnerWithArgs(JUnit5IdeaTestRunner.java:57)
	at com.intellij.rt.junit.IdeaTestRunner$Repeater$1.execute(IdeaTestRunner.java:38)
	at com.intellij.rt.execution.junit.TestsRepeater.repeat(TestsRepeater.java:11)
	at com.intellij.rt.junit.IdeaTestRunner$Repeater.startRunnerWithArgs(IdeaTestRunner.java:35)
	at com.intellij.rt.junit.JUnitStarter.prepareStreamsAndStart(JUnitStarter.java:232)
	at com.intellij.rt.junit.JUnitStarter.main(JUnitStarter.java:55)
2025-02-28 10:40:41 [main] INFO  l.insoft.uztis.tests.utils.TestUtils - Screenshot moved to C:\Users\ingrida.zadorozniene\Desktop\Asm\UZTIS\UZTIS_tests\test-output\screenshots\20250228\104041646_testFillNewVUIApplicationFA().png
2025-02-28 10:42:46 [main] INFO  lt.insoft.uztis.tests.UztisPageTest - Navigated to https://uztisdev.asseco.lt/home
2025-02-28 10:42:46 [main] INFO  l.i.u.t.SubmittedApplicationsPageTest - Starting test:'testFillNewVUIPApplicationFA'
2025-02-28 10:42:46 [main] DEBUG l.i.u.t.SubmittedApplicationsPageTest - User logged in with test credentials.
2025-02-28 10:42:47 [main] DEBUG l.i.u.t.SubmittedApplicationsPageTest - Opened 'Application Processing' menu.
2025-02-28 10:42:47 [main] DEBUG l.i.u.t.SubmittedApplicationsPageTest - Clicked on 'Application Forms' menu.
2025-02-28 10:42:47 [main] DEBUG l.i.u.t.SubmittedApplicationsPageTest - Retrieved last description code text: 'TST-VUI-52'.
2025-02-28 10:42:47 [main] DEBUG l.i.u.t.SubmittedApplicationsPageTest - Clicked on 'Invitation' menu.
2025-02-28 10:42:49 [main] DEBUG l.i.u.t.SubmittedApplicationsPageTest - Selected application section by code: 'TST-VUI-52'.
2025-02-28 10:42:49 [main] DEBUG l.i.u.t.SubmittedApplicationsPageTest - Clicked 'Search' button.
2025-02-28 10:42:49 [main] DEBUG l.i.u.t.SubmittedApplicationsPageTest - Retrieved invitation code: ''.
2025-02-28 10:42:49 [main] DEBUG l.i.u.t.SubmittedApplicationsPageTest - Clicked on 'Submitted Applications' menu.
2025-02-28 10:42:50 [main] DEBUG l.i.u.t.SubmittedApplicationsPageTest - Selected invitation by code: 'TST-VUI-52'.
2025-02-28 10:42:50 [main] DEBUG l.i.u.t.SubmittedApplicationsPageTest - Invitation code inserted.
2025-02-28 10:42:50 [main] DEBUG l.i.u.t.SubmittedApplicationsPageTest - Clicked on 'Action Application' button.
2025-02-28 10:42:51 [main] DEBUG l.i.u.t.SubmittedApplicationsPageTest - Clicked on 'New Application' button.
2025-02-28 10:42:51 [main] DEBUG l.i.u.t.SubmittedApplicationsPageTest - Selected the 'RadioButtonFA' option.
2025-02-28 10:42:51 [main] DEBUG l.i.u.t.SubmittedApplicationsPageTest - Entered phone number: '61298745'.
2025-02-28 10:42:51 [main] DEBUG l.i.u.t.SubmittedApplicationsPageTest - Entered email: 'test@autotest.com'.
2025-02-28 10:42:51 [main] INFO  l.i.u.p.SubmittedApplicationsPage - Clicking on the dropdown button.
2025-02-28 10:43:09 [main] INFO  l.i.u.p.SubmittedApplicationsPage - Found 1741 options in the dropdown.
2025-02-28 10:43:09 [main] DEBUG l.i.u.p.SubmittedApplicationsPage - Checking option: ''
2025-02-28 10:43:09 [main] DEBUG l.i.u.p.SubmittedApplicationsPage - Checking option: '01.11 - Grūdinių (išskyrus ryžius), ankštinių ir aliejingų sėklų augalų auginimas'
2025-02-28 10:43:09 [main] INFO  l.i.u.p.SubmittedApplicationsPage - Successfully selected the value: '01.11 - Grūdinių (išskyrus ryžius), ankštinių ir aliejingų sėklų augalų auginimas'
2025-02-28 10:43:09 [main] INFO  l.i.u.p.SubmittedApplicationsPage - Attempting to close the dropdown.
2025-02-28 10:43:20 [main] INFO  l.i.u.p.SubmittedApplicationsPage - Dropdown should be closed now.
2025-02-28 10:43:20 [main] DEBUG l.i.u.t.SubmittedApplicationsPageTest - Selected EVRK value: '01.11 - Grūdinių (išskyrus ryžius), ankštinių ir aliejingų sėklų augalų auginimas'.
2025-02-28 10:43:30 [main] ERROR l.i.u.t.SubmittedApplicationsPageTest - Test 'testFillNewVUIApplicationFA' failed with error: no such element: Unable to locate element: {"method":"xpath","selector":"//span[matsuffix]//mat-icon[contains(text(), 'edit')]"}
  (Session info: chrome=133.0.6943.142)
For documentation on this error, please visit: https://www.selenium.dev/documentation/webdriver/troubleshooting/errors#no-such-element-exception
Build info: version: '4.27.0', revision: 'd6e718d134'
System info: os.name: 'Windows 11', os.arch: 'amd64', os.version: '10.0', java.version: '21.0.3'
Driver info: org.openqa.selenium.chrome.ChromeDriver
Command: [c82dfdf33a77225e241341bea3cb5721, findElement {using=xpath, value=//span[matsuffix]//mat-icon[contains(text(), 'edit')]}]
Capabilities {acceptInsecureCerts: false, browserName: chrome, browserVersion: 133.0.6943.142, chrome: {chromedriverVersion: 133.0.6943.141 (2a5d6da0d61..., userDataDir: C:\Users\INGRID~1.ZAD\AppDa...}, fedcm:accounts: true, goog:chromeOptions: {debuggerAddress: localhost:51365}, networkConnectionEnabled: false, pageLoadStrategy: normal, platformName: windows, proxy: Proxy(), se:cdp: ws://localhost:51365/devtoo..., se:cdpVersion: 133.0.6943.142, setWindowRect: true, strictFileInteractability: false, timeouts: {implicit: 0, pageLoad: 300000, script: 30000}, unhandledPromptBehavior: dismiss and notify, webauthn:extension:credBlob: true, webauthn:extension:largeBlob: true, webauthn:extension:minPinLength: true, webauthn:extension:prf: true, webauthn:virtualAuthenticators: true}
Session ID: c82dfdf33a77225e241341bea3cb5721
org.openqa.selenium.NoSuchElementException: no such element: Unable to locate element: {"method":"xpath","selector":"//span[matsuffix]//mat-icon[contains(text(), 'edit')]"}
  (Session info: chrome=133.0.6943.142)
For documentation on this error, please visit: https://www.selenium.dev/documentation/webdriver/troubleshooting/errors#no-such-element-exception
Build info: version: '4.27.0', revision: 'd6e718d134'
System info: os.name: 'Windows 11', os.arch: 'amd64', os.version: '10.0', java.version: '21.0.3'
Driver info: org.openqa.selenium.chrome.ChromeDriver
Command: [c82dfdf33a77225e241341bea3cb5721, findElement {using=xpath, value=//span[matsuffix]//mat-icon[contains(text(), 'edit')]}]
Capabilities {acceptInsecureCerts: false, browserName: chrome, browserVersion: 133.0.6943.142, chrome: {chromedriverVersion: 133.0.6943.141 (2a5d6da0d61..., userDataDir: C:\Users\INGRID~1.ZAD\AppDa...}, fedcm:accounts: true, goog:chromeOptions: {debuggerAddress: localhost:51365}, networkConnectionEnabled: false, pageLoadStrategy: normal, platformName: windows, proxy: Proxy(), se:cdp: ws://localhost:51365/devtoo..., se:cdpVersion: 133.0.6943.142, setWindowRect: true, strictFileInteractability: false, timeouts: {implicit: 0, pageLoad: 300000, script: 30000}, unhandledPromptBehavior: dismiss and notify, webauthn:extension:credBlob: true, webauthn:extension:largeBlob: true, webauthn:extension:minPinLength: true, webauthn:extension:prf: true, webauthn:virtualAuthenticators: true}
Session ID: c82dfdf33a77225e241341bea3cb5721
	at java.base/jdk.internal.reflect.DirectConstructorHandleAccessor.newInstance(DirectConstructorHandleAccessor.java:62)
	at java.base/java.lang.reflect.Constructor.newInstanceWithCaller(Constructor.java:502)
	at java.base/java.lang.reflect.Constructor.newInstance(Constructor.java:486)
	at org.openqa.selenium.remote.ErrorCodec.decode(ErrorCodec.java:167)
	at org.openqa.selenium.remote.codec.w3c.W3CHttpResponseCodec.decode(W3CHttpResponseCodec.java:138)
	at org.openqa.selenium.remote.codec.w3c.W3CHttpResponseCodec.decode(W3CHttpResponseCodec.java:50)
	at org.openqa.selenium.remote.HttpCommandExecutor.execute(HttpCommandExecutor.java:190)
	at org.openqa.selenium.remote.service.DriverCommandExecutor.invokeExecute(DriverCommandExecutor.java:216)
	at org.openqa.selenium.remote.service.DriverCommandExecutor.execute(DriverCommandExecutor.java:174)
	at org.openqa.selenium.remote.RemoteWebDriver.execute(RemoteWebDriver.java:545)
	at org.openqa.selenium.remote.ElementLocation$ElementFinder$2.findElement(ElementLocation.java:165)
	at org.openqa.selenium.remote.ElementLocation.findElement(ElementLocation.java:59)
	at org.openqa.selenium.remote.RemoteWebDriver.findElement(RemoteWebDriver.java:368)
	at org.openqa.selenium.remote.RemoteWebDriver.findElement(RemoteWebDriver.java:362)
	at org.openqa.selenium.support.pagefactory.DefaultElementLocator.findElement(DefaultElementLocator.java:68)
	at org.openqa.selenium.support.pagefactory.internal.LocatingElementHandler.invoke(LocatingElementHandler.java:38)
	at jdk.proxy2/jdk.proxy2.$Proxy14.click(Unknown Source)
	at lt.insoft.uztis.pages.SubmittedApplicationsPage.clickAddressComponent(SubmittedApplicationsPage.java:670)
	at lt.insoft.uztis.tests.SubmittedApplicationsPageTest.testFillNewVUIApplicationFA(SubmittedApplicationsPageTest.java:171)
	at java.base/jdk.internal.reflect.DirectMethodHandleAccessor.invoke(DirectMethodHandleAccessor.java:103)
	at java.base/java.lang.reflect.Method.invoke(Method.java:580)
	at org.junit.platform.commons.util.ReflectionUtils.invokeMethod(ReflectionUtils.java:728)
	at org.junit.jupiter.engine.execution.MethodInvocation.proceed(MethodInvocation.java:60)
	at org.junit.jupiter.engine.execution.InvocationInterceptorChain$ValidatingInvocation.proceed(InvocationInterceptorChain.java:131)
	at org.junit.jupiter.engine.extension.TimeoutExtension.intercept(TimeoutExtension.java:156)
	at org.junit.jupiter.engine.extension.TimeoutExtension.interceptTestableMethod(TimeoutExtension.java:147)
	at org.junit.jupiter.engine.extension.TimeoutExtension.interceptTestMethod(TimeoutExtension.java:86)
	at org.junit.jupiter.engine.execution.InterceptingExecutableInvoker$ReflectiveInterceptorCall.lambda$ofVoidMethod$0(InterceptingExecutableInvoker.java:103)
	at org.junit.jupiter.engine.execution.InterceptingExecutableInvoker.lambda$invoke$0(InterceptingExecutableInvoker.java:93)
	at org.junit.jupiter.engine.execution.InvocationInterceptorChain$InterceptedInvocation.proceed(InvocationInterceptorChain.java:106)
	at org.junit.jupiter.engine.execution.InvocationInterceptorChain.proceed(InvocationInterceptorChain.java:64)
	at org.junit.jupiter.engine.execution.InvocationInterceptorChain.chainAndInvoke(InvocationInterceptorChain.java:45)
	at org.junit.jupiter.engine.execution.InvocationInterceptorChain.invoke(InvocationInterceptorChain.java:37)
	at org.junit.jupiter.engine.execution.InterceptingExecutableInvoker.invoke(InterceptingExecutableInvoker.java:92)
	at org.junit.jupiter.engine.execution.InterceptingExecutableInvoker.invoke(InterceptingExecutableInvoker.java:86)
	at org.junit.jupiter.engine.descriptor.TestMethodTestDescriptor.lambda$invokeTestMethod$7(TestMethodTestDescriptor.java:218)
	at org.junit.platform.engine.support.hierarchical.ThrowableCollector.execute(ThrowableCollector.java:73)
	at org.junit.jupiter.engine.descriptor.TestMethodTestDescriptor.invokeTestMethod(TestMethodTestDescriptor.java:214)
	at org.junit.jupiter.engine.descriptor.TestMethodTestDescriptor.execute(TestMethodTestDescriptor.java:139)
	at org.junit.jupiter.engine.descriptor.TestMethodTestDescriptor.execute(TestMethodTestDescriptor.java:69)
	at org.junit.platform.engine.support.hierarchical.NodeTestTask.lambda$executeRecursively$6(NodeTestTask.java:151)
	at org.junit.platform.engine.support.hierarchical.ThrowableCollector.execute(ThrowableCollector.java:73)
	at org.junit.platform.engine.support.hierarchical.NodeTestTask.lambda$executeRecursively$8(NodeTestTask.java:141)
	at org.junit.platform.engine.support.hierarchical.Node.around(Node.java:137)
	at org.junit.platform.engine.support.hierarchical.NodeTestTask.lambda$executeRecursively$9(NodeTestTask.java:139)
	at org.junit.platform.engine.support.hierarchical.ThrowableCollector.execute(ThrowableCollector.java:73)
	at org.junit.platform.engine.support.hierarchical.NodeTestTask.executeRecursively(NodeTestTask.java:138)
	at org.junit.platform.engine.support.hierarchical.NodeTestTask.execute(NodeTestTask.java:95)
	at java.base/java.util.ArrayList.forEach(ArrayList.java:1596)
	at org.junit.platform.engine.support.hierarchical.SameThreadHierarchicalTestExecutorService.invokeAll(SameThreadHierarchicalTestExecutorService.java:41)
	at org.junit.platform.engine.support.hierarchical.NodeTestTask.lambda$executeRecursively$6(NodeTestTask.java:155)
	at org.junit.platform.engine.support.hierarchical.ThrowableCollector.execute(ThrowableCollector.java:73)
	at org.junit.platform.engine.support.hierarchical.NodeTestTask.lambda$executeRecursively$8(NodeTestTask.java:141)
	at org.junit.platform.engine.support.hierarchical.Node.around(Node.java:137)
	at org.junit.platform.engine.support.hierarchical.NodeTestTask.lambda$executeRecursively$9(NodeTestTask.java:139)
	at org.junit.platform.engine.support.hierarchical.ThrowableCollector.execute(ThrowableCollector.java:73)
	at org.junit.platform.engine.support.hierarchical.NodeTestTask.executeRecursively(NodeTestTask.java:138)
	at org.junit.platform.engine.support.hierarchical.NodeTestTask.execute(NodeTestTask.java:95)
	at java.base/java.util.ArrayList.forEach(ArrayList.java:1596)
	at org.junit.platform.engine.support.hierarchical.SameThreadHierarchicalTestExecutorService.invokeAll(SameThreadHierarchicalTestExecutorService.java:41)
	at org.junit.platform.engine.support.hierarchical.NodeTestTask.lambda$executeRecursively$6(NodeTestTask.java:155)
	at org.junit.platform.engine.support.hierarchical.ThrowableCollector.execute(ThrowableCollector.java:73)
	at org.junit.platform.engine.support.hierarchical.NodeTestTask.lambda$executeRecursively$8(NodeTestTask.java:141)
	at org.junit.platform.engine.support.hierarchical.Node.around(Node.java:137)
	at org.junit.platform.engine.support.hierarchical.NodeTestTask.lambda$executeRecursively$9(NodeTestTask.java:139)
	at org.junit.platform.engine.support.hierarchical.ThrowableCollector.execute(ThrowableCollector.java:73)
	at org.junit.platform.engine.support.hierarchical.NodeTestTask.executeRecursively(NodeTestTask.java:138)
	at org.junit.platform.engine.support.hierarchical.NodeTestTask.execute(NodeTestTask.java:95)
	at org.junit.platform.engine.support.hierarchical.SameThreadHierarchicalTestExecutorService.submit(SameThreadHierarchicalTestExecutorService.java:35)
	at org.junit.platform.engine.support.hierarchical.HierarchicalTestExecutor.execute(HierarchicalTestExecutor.java:57)
	at org.junit.platform.engine.support.hierarchical.HierarchicalTestEngine.execute(HierarchicalTestEngine.java:54)
	at org.junit.platform.launcher.core.EngineExecutionOrchestrator.execute(EngineExecutionOrchestrator.java:198)
	at org.junit.platform.launcher.core.EngineExecutionOrchestrator.execute(EngineExecutionOrchestrator.java:169)
	at org.junit.platform.launcher.core.EngineExecutionOrchestrator.execute(EngineExecutionOrchestrator.java:93)
	at org.junit.platform.launcher.core.EngineExecutionOrchestrator.lambda$execute$0(EngineExecutionOrchestrator.java:58)
	at org.junit.platform.launcher.core.EngineExecutionOrchestrator.withInterceptedStreams(EngineExecutionOrchestrator.java:141)
	at org.junit.platform.launcher.core.EngineExecutionOrchestrator.execute(EngineExecutionOrchestrator.java:57)
	at org.junit.platform.launcher.core.DefaultLauncher.execute(DefaultLauncher.java:103)
	at org.junit.platform.launcher.core.DefaultLauncher.execute(DefaultLauncher.java:85)
	at org.junit.platform.launcher.core.DelegatingLauncher.execute(DelegatingLauncher.java:47)
	at org.junit.platform.launcher.core.SessionPerRequestLauncher.execute(SessionPerRequestLauncher.java:63)
	at com.intellij.junit5.JUnit5IdeaTestRunner.startRunnerWithArgs(JUnit5IdeaTestRunner.java:57)
	at com.intellij.rt.junit.IdeaTestRunner$Repeater$1.execute(IdeaTestRunner.java:38)
	at com.intellij.rt.execution.junit.TestsRepeater.repeat(TestsRepeater.java:11)
	at com.intellij.rt.junit.IdeaTestRunner$Repeater.startRunnerWithArgs(IdeaTestRunner.java:35)
	at com.intellij.rt.junit.JUnitStarter.prepareStreamsAndStart(JUnitStarter.java:232)
	at com.intellij.rt.junit.JUnitStarter.main(JUnitStarter.java:55)
2025-02-28 10:43:30 [main] INFO  l.insoft.uztis.tests.utils.TestUtils - Screenshot moved to C:\Users\ingrida.zadorozniene\Desktop\Asm\UZTIS\UZTIS_tests\test-output\screenshots\20250228\104330854_testFillNewVUIApplicationFA().png
2025-02-28 10:46:57 [main] INFO  lt.insoft.uztis.tests.UztisPageTest - Navigated to https://uztisdev.asseco.lt/home
2025-02-28 10:46:57 [main] INFO  l.i.u.t.SubmittedApplicationsPageTest - Starting test:'testFillNewVUIPApplicationFA'
2025-02-28 10:46:57 [main] DEBUG l.i.u.t.SubmittedApplicationsPageTest - User logged in with test credentials.
2025-02-28 10:46:57 [main] DEBUG l.i.u.t.SubmittedApplicationsPageTest - Opened 'Application Processing' menu.
2025-02-28 10:46:58 [main] DEBUG l.i.u.t.SubmittedApplicationsPageTest - Clicked on 'Application Forms' menu.
2025-02-28 10:46:58 [main] DEBUG l.i.u.t.SubmittedApplicationsPageTest - Retrieved last description code text: 'PVK'.
2025-02-28 10:46:58 [main] DEBUG l.i.u.t.SubmittedApplicationsPageTest - Clicked on 'Invitation' menu.
2025-02-28 10:46:59 [main] DEBUG l.i.u.t.SubmittedApplicationsPageTest - Selected application section by code: 'PVK'.
2025-02-28 10:46:59 [main] DEBUG l.i.u.t.SubmittedApplicationsPageTest - Clicked 'Search' button.
2025-02-28 10:46:59 [main] DEBUG l.i.u.t.SubmittedApplicationsPageTest - Retrieved invitation code: ''.
2025-02-28 10:46:59 [main] DEBUG l.i.u.t.SubmittedApplicationsPageTest - Clicked on 'Submitted Applications' menu.
2025-02-28 10:47:00 [main] DEBUG l.i.u.t.SubmittedApplicationsPageTest - Selected invitation by code: 'PVK'.
2025-02-28 10:47:00 [main] DEBUG l.i.u.t.SubmittedApplicationsPageTest - Invitation code inserted.
2025-02-28 10:47:00 [main] DEBUG l.i.u.t.SubmittedApplicationsPageTest - Clicked on 'Action Application' button.
2025-02-28 10:47:10 [main] ERROR l.i.u.t.SubmittedApplicationsPageTest - Test 'testFillNewVUIApplicationFA' failed with error: no such element: Unable to locate element: {"method":"xpath","selector":"//button[contains(@class, 'mat-mdc-menu-item') and .//span[contains(text(), 'Pateikti naują')]]"}
  (Session info: chrome=133.0.6943.142)
For documentation on this error, please visit: https://www.selenium.dev/documentation/webdriver/troubleshooting/errors#no-such-element-exception
Build info: version: '4.27.0', revision: 'd6e718d134'
System info: os.name: 'Windows 11', os.arch: 'amd64', os.version: '10.0', java.version: '21.0.3'
Driver info: org.openqa.selenium.chrome.ChromeDriver
Command: [1d3dcc890327b50ebbd6963870883b0c, findElement {using=xpath, value=//button[contains(@class, 'mat-mdc-menu-item') and .//span[contains(text(), 'Pateikti naują')]]}]
Capabilities {acceptInsecureCerts: false, browserName: chrome, browserVersion: 133.0.6943.142, chrome: {chromedriverVersion: 133.0.6943.141 (2a5d6da0d61..., userDataDir: C:\Users\INGRID~1.ZAD\AppDa...}, fedcm:accounts: true, goog:chromeOptions: {debuggerAddress: localhost:51524}, networkConnectionEnabled: false, pageLoadStrategy: normal, platformName: windows, proxy: Proxy(), se:cdp: ws://localhost:51524/devtoo..., se:cdpVersion: 133.0.6943.142, setWindowRect: true, strictFileInteractability: false, timeouts: {implicit: 0, pageLoad: 300000, script: 30000}, unhandledPromptBehavior: dismiss and notify, webauthn:extension:credBlob: true, webauthn:extension:largeBlob: true, webauthn:extension:minPinLength: true, webauthn:extension:prf: true, webauthn:virtualAuthenticators: true}
Session ID: 1d3dcc890327b50ebbd6963870883b0c
org.openqa.selenium.NoSuchElementException: no such element: Unable to locate element: {"method":"xpath","selector":"//button[contains(@class, 'mat-mdc-menu-item') and .//span[contains(text(), 'Pateikti naują')]]"}
  (Session info: chrome=133.0.6943.142)
For documentation on this error, please visit: https://www.selenium.dev/documentation/webdriver/troubleshooting/errors#no-such-element-exception
Build info: version: '4.27.0', revision: 'd6e718d134'
System info: os.name: 'Windows 11', os.arch: 'amd64', os.version: '10.0', java.version: '21.0.3'
Driver info: org.openqa.selenium.chrome.ChromeDriver
Command: [1d3dcc890327b50ebbd6963870883b0c, findElement {using=xpath, value=//button[contains(@class, 'mat-mdc-menu-item') and .//span[contains(text(), 'Pateikti naują')]]}]
Capabilities {acceptInsecureCerts: false, browserName: chrome, browserVersion: 133.0.6943.142, chrome: {chromedriverVersion: 133.0.6943.141 (2a5d6da0d61..., userDataDir: C:\Users\INGRID~1.ZAD\AppDa...}, fedcm:accounts: true, goog:chromeOptions: {debuggerAddress: localhost:51524}, networkConnectionEnabled: false, pageLoadStrategy: normal, platformName: windows, proxy: Proxy(), se:cdp: ws://localhost:51524/devtoo..., se:cdpVersion: 133.0.6943.142, setWindowRect: true, strictFileInteractability: false, timeouts: {implicit: 0, pageLoad: 300000, script: 30000}, unhandledPromptBehavior: dismiss and notify, webauthn:extension:credBlob: true, webauthn:extension:largeBlob: true, webauthn:extension:minPinLength: true, webauthn:extension:prf: true, webauthn:virtualAuthenticators: true}
Session ID: 1d3dcc890327b50ebbd6963870883b0c
	at java.base/jdk.internal.reflect.DirectConstructorHandleAccessor.newInstance(DirectConstructorHandleAccessor.java:62)
	at java.base/java.lang.reflect.Constructor.newInstanceWithCaller(Constructor.java:502)
	at java.base/java.lang.reflect.Constructor.newInstance(Constructor.java:486)
	at org.openqa.selenium.remote.ErrorCodec.decode(ErrorCodec.java:167)
	at org.openqa.selenium.remote.codec.w3c.W3CHttpResponseCodec.decode(W3CHttpResponseCodec.java:138)
	at org.openqa.selenium.remote.codec.w3c.W3CHttpResponseCodec.decode(W3CHttpResponseCodec.java:50)
	at org.openqa.selenium.remote.HttpCommandExecutor.execute(HttpCommandExecutor.java:190)
	at org.openqa.selenium.remote.service.DriverCommandExecutor.invokeExecute(DriverCommandExecutor.java:216)
	at org.openqa.selenium.remote.service.DriverCommandExecutor.execute(DriverCommandExecutor.java:174)
	at org.openqa.selenium.remote.RemoteWebDriver.execute(RemoteWebDriver.java:545)
	at org.openqa.selenium.remote.ElementLocation$ElementFinder$2.findElement(ElementLocation.java:165)
	at org.openqa.selenium.remote.ElementLocation.findElement(ElementLocation.java:59)
	at org.openqa.selenium.remote.RemoteWebDriver.findElement(RemoteWebDriver.java:368)
	at org.openqa.selenium.remote.RemoteWebDriver.findElement(RemoteWebDriver.java:362)
	at org.openqa.selenium.support.pagefactory.DefaultElementLocator.findElement(DefaultElementLocator.java:68)
	at org.openqa.selenium.support.pagefactory.internal.LocatingElementHandler.invoke(LocatingElementHandler.java:38)
	at jdk.proxy2/jdk.proxy2.$Proxy14.click(Unknown Source)
	at lt.insoft.uztis.pages.SubmittedApplicationsPage.clickButtonNewApplication(SubmittedApplicationsPage.java:465)
	at lt.insoft.uztis.tests.SubmittedApplicationsPageTest.testFillNewVUIApplicationFA(SubmittedApplicationsPageTest.java:149)
	at java.base/jdk.internal.reflect.DirectMethodHandleAccessor.invoke(DirectMethodHandleAccessor.java:103)
	at java.base/java.lang.reflect.Method.invoke(Method.java:580)
	at org.junit.platform.commons.util.ReflectionUtils.invokeMethod(ReflectionUtils.java:728)
	at org.junit.jupiter.engine.execution.MethodInvocation.proceed(MethodInvocation.java:60)
	at org.junit.jupiter.engine.execution.InvocationInterceptorChain$ValidatingInvocation.proceed(InvocationInterceptorChain.java:131)
	at org.junit.jupiter.engine.extension.TimeoutExtension.intercept(TimeoutExtension.java:156)
	at org.junit.jupiter.engine.extension.TimeoutExtension.interceptTestableMethod(TimeoutExtension.java:147)
	at org.junit.jupiter.engine.extension.TimeoutExtension.interceptTestMethod(TimeoutExtension.java:86)
	at org.junit.jupiter.engine.execution.InterceptingExecutableInvoker$ReflectiveInterceptorCall.lambda$ofVoidMethod$0(InterceptingExecutableInvoker.java:103)
	at org.junit.jupiter.engine.execution.InterceptingExecutableInvoker.lambda$invoke$0(InterceptingExecutableInvoker.java:93)
	at org.junit.jupiter.engine.execution.InvocationInterceptorChain$InterceptedInvocation.proceed(InvocationInterceptorChain.java:106)
	at org.junit.jupiter.engine.execution.InvocationInterceptorChain.proceed(InvocationInterceptorChain.java:64)
	at org.junit.jupiter.engine.execution.InvocationInterceptorChain.chainAndInvoke(InvocationInterceptorChain.java:45)
	at org.junit.jupiter.engine.execution.InvocationInterceptorChain.invoke(InvocationInterceptorChain.java:37)
	at org.junit.jupiter.engine.execution.InterceptingExecutableInvoker.invoke(InterceptingExecutableInvoker.java:92)
	at org.junit.jupiter.engine.execution.InterceptingExecutableInvoker.invoke(InterceptingExecutableInvoker.java:86)
	at org.junit.jupiter.engine.descriptor.TestMethodTestDescriptor.lambda$invokeTestMethod$7(TestMethodTestDescriptor.java:218)
	at org.junit.platform.engine.support.hierarchical.ThrowableCollector.execute(ThrowableCollector.java:73)
	at org.junit.jupiter.engine.descriptor.TestMethodTestDescriptor.invokeTestMethod(TestMethodTestDescriptor.java:214)
	at org.junit.jupiter.engine.descriptor.TestMethodTestDescriptor.execute(TestMethodTestDescriptor.java:139)
	at org.junit.jupiter.engine.descriptor.TestMethodTestDescriptor.execute(TestMethodTestDescriptor.java:69)
	at org.junit.platform.engine.support.hierarchical.NodeTestTask.lambda$executeRecursively$6(NodeTestTask.java:151)
	at org.junit.platform.engine.support.hierarchical.ThrowableCollector.execute(ThrowableCollector.java:73)
	at org.junit.platform.engine.support.hierarchical.NodeTestTask.lambda$executeRecursively$8(NodeTestTask.java:141)
	at org.junit.platform.engine.support.hierarchical.Node.around(Node.java:137)
	at org.junit.platform.engine.support.hierarchical.NodeTestTask.lambda$executeRecursively$9(NodeTestTask.java:139)
	at org.junit.platform.engine.support.hierarchical.ThrowableCollector.execute(ThrowableCollector.java:73)
	at org.junit.platform.engine.support.hierarchical.NodeTestTask.executeRecursively(NodeTestTask.java:138)
	at org.junit.platform.engine.support.hierarchical.NodeTestTask.execute(NodeTestTask.java:95)
	at java.base/java.util.ArrayList.forEach(ArrayList.java:1596)
	at org.junit.platform.engine.support.hierarchical.SameThreadHierarchicalTestExecutorService.invokeAll(SameThreadHierarchicalTestExecutorService.java:41)
	at org.junit.platform.engine.support.hierarchical.NodeTestTask.lambda$executeRecursively$6(NodeTestTask.java:155)
	at org.junit.platform.engine.support.hierarchical.ThrowableCollector.execute(ThrowableCollector.java:73)
	at org.junit.platform.engine.support.hierarchical.NodeTestTask.lambda$executeRecursively$8(NodeTestTask.java:141)
	at org.junit.platform.engine.support.hierarchical.Node.around(Node.java:137)
	at org.junit.platform.engine.support.hierarchical.NodeTestTask.lambda$executeRecursively$9(NodeTestTask.java:139)
	at org.junit.platform.engine.support.hierarchical.ThrowableCollector.execute(ThrowableCollector.java:73)
	at org.junit.platform.engine.support.hierarchical.NodeTestTask.executeRecursively(NodeTestTask.java:138)
	at org.junit.platform.engine.support.hierarchical.NodeTestTask.execute(NodeTestTask.java:95)
	at java.base/java.util.ArrayList.forEach(ArrayList.java:1596)
	at org.junit.platform.engine.support.hierarchical.SameThreadHierarchicalTestExecutorService.invokeAll(SameThreadHierarchicalTestExecutorService.java:41)
	at org.junit.platform.engine.support.hierarchical.NodeTestTask.lambda$executeRecursively$6(NodeTestTask.java:155)
	at org.junit.platform.engine.support.hierarchical.ThrowableCollector.execute(ThrowableCollector.java:73)
	at org.junit.platform.engine.support.hierarchical.NodeTestTask.lambda$executeRecursively$8(NodeTestTask.java:141)
	at org.junit.platform.engine.support.hierarchical.Node.around(Node.java:137)
	at org.junit.platform.engine.support.hierarchical.NodeTestTask.lambda$executeRecursively$9(NodeTestTask.java:139)
	at org.junit.platform.engine.support.hierarchical.ThrowableCollector.execute(ThrowableCollector.java:73)
	at org.junit.platform.engine.support.hierarchical.NodeTestTask.executeRecursively(NodeTestTask.java:138)
	at org.junit.platform.engine.support.hierarchical.NodeTestTask.execute(NodeTestTask.java:95)
	at org.junit.platform.engine.support.hierarchical.SameThreadHierarchicalTestExecutorService.submit(SameThreadHierarchicalTestExecutorService.java:35)
	at org.junit.platform.engine.support.hierarchical.HierarchicalTestExecutor.execute(HierarchicalTestExecutor.java:57)
	at org.junit.platform.engine.support.hierarchical.HierarchicalTestEngine.execute(HierarchicalTestEngine.java:54)
	at org.junit.platform.launcher.core.EngineExecutionOrchestrator.execute(EngineExecutionOrchestrator.java:198)
	at org.junit.platform.launcher.core.EngineExecutionOrchestrator.execute(EngineExecutionOrchestrator.java:169)
	at org.junit.platform.launcher.core.EngineExecutionOrchestrator.execute(EngineExecutionOrchestrator.java:93)
	at org.junit.platform.launcher.core.EngineExecutionOrchestrator.lambda$execute$0(EngineExecutionOrchestrator.java:58)
	at org.junit.platform.launcher.core.EngineExecutionOrchestrator.withInterceptedStreams(EngineExecutionOrchestrator.java:141)
	at org.junit.platform.launcher.core.EngineExecutionOrchestrator.execute(EngineExecutionOrchestrator.java:57)
	at org.junit.platform.launcher.core.DefaultLauncher.execute(DefaultLauncher.java:103)
	at org.junit.platform.launcher.core.DefaultLauncher.execute(DefaultLauncher.java:85)
	at org.junit.platform.launcher.core.DelegatingLauncher.execute(DelegatingLauncher.java:47)
	at org.junit.platform.launcher.core.SessionPerRequestLauncher.execute(SessionPerRequestLauncher.java:63)
	at com.intellij.junit5.JUnit5IdeaTestRunner.startRunnerWithArgs(JUnit5IdeaTestRunner.java:57)
	at com.intellij.rt.junit.IdeaTestRunner$Repeater$1.execute(IdeaTestRunner.java:38)
	at com.intellij.rt.execution.junit.TestsRepeater.repeat(TestsRepeater.java:11)
	at com.intellij.rt.junit.IdeaTestRunner$Repeater.startRunnerWithArgs(IdeaTestRunner.java:35)
	at com.intellij.rt.junit.JUnitStarter.prepareStreamsAndStart(JUnitStarter.java:232)
	at com.intellij.rt.junit.JUnitStarter.main(JUnitStarter.java:55)
2025-02-28 10:47:10 [main] INFO  l.insoft.uztis.tests.utils.TestUtils - Screenshot moved to C:\Users\ingrida.zadorozniene\Desktop\Asm\UZTIS\UZTIS_tests\test-output\screenshots\20250228\104710942_testFillNewVUIApplicationFA().png
2025-02-28 10:47:57 [main] INFO  lt.insoft.uztis.tests.UztisPageTest - Navigated to https://uztisdev.asseco.lt/home
2025-02-28 10:47:57 [main] INFO  l.i.u.t.SubmittedApplicationsPageTest - Starting test:'testFillNewVUIPApplicationFA'
2025-02-28 10:47:58 [main] DEBUG l.i.u.t.SubmittedApplicationsPageTest - User logged in with test credentials.
2025-02-28 10:47:58 [main] DEBUG l.i.u.t.SubmittedApplicationsPageTest - Opened 'Application Processing' menu.
2025-02-28 10:47:58 [main] DEBUG l.i.u.t.SubmittedApplicationsPageTest - Clicked on 'Application Forms' menu.
2025-02-28 10:47:58 [main] DEBUG l.i.u.t.SubmittedApplicationsPageTest - Retrieved last description code text: 'TST-VUI-52'.
2025-02-28 10:47:59 [main] DEBUG l.i.u.t.SubmittedApplicationsPageTest - Clicked on 'Invitation' menu.
2025-02-28 10:48:00 [main] DEBUG l.i.u.t.SubmittedApplicationsPageTest - Selected application section by code: 'TST-VUI-52'.
2025-02-28 10:48:00 [main] DEBUG l.i.u.t.SubmittedApplicationsPageTest - Clicked 'Search' button.
2025-02-28 10:48:00 [main] DEBUG l.i.u.t.SubmittedApplicationsPageTest - Retrieved invitation code: ''.
2025-02-28 10:48:00 [main] DEBUG l.i.u.t.SubmittedApplicationsPageTest - Clicked on 'Submitted Applications' menu.
2025-02-28 10:48:01 [main] DEBUG l.i.u.t.SubmittedApplicationsPageTest - Selected invitation by code: 'TST-VUI-52'.
2025-02-28 10:48:01 [main] DEBUG l.i.u.t.SubmittedApplicationsPageTest - Invitation code inserted.
2025-02-28 10:48:01 [main] DEBUG l.i.u.t.SubmittedApplicationsPageTest - Clicked on 'Action Application' button.
2025-02-28 10:48:02 [main] DEBUG l.i.u.t.SubmittedApplicationsPageTest - Clicked on 'New Application' button.
2025-02-28 10:48:02 [main] DEBUG l.i.u.t.SubmittedApplicationsPageTest - Selected the 'RadioButtonFA' option.
2025-02-28 10:48:02 [main] DEBUG l.i.u.t.SubmittedApplicationsPageTest - Entered phone number: '61298745'.
2025-02-28 10:48:02 [main] DEBUG l.i.u.t.SubmittedApplicationsPageTest - Entered email: 'test@autotest.com'.
2025-02-28 10:48:02 [main] INFO  l.i.u.p.SubmittedApplicationsPage - Clicking on the dropdown button.
2025-02-28 10:48:20 [main] INFO  l.i.u.p.SubmittedApplicationsPage - Found 1741 options in the dropdown.
2025-02-28 10:48:20 [main] DEBUG l.i.u.p.SubmittedApplicationsPage - Checking option: ''
2025-02-28 10:48:20 [main] DEBUG l.i.u.p.SubmittedApplicationsPage - Checking option: '01.11 - Grūdinių (išskyrus ryžius), ankštinių ir aliejingų sėklų augalų auginimas'
2025-02-28 10:48:20 [main] INFO  l.i.u.p.SubmittedApplicationsPage - Successfully selected the value: '01.11 - Grūdinių (išskyrus ryžius), ankštinių ir aliejingų sėklų augalų auginimas'
2025-02-28 10:48:20 [main] INFO  l.i.u.p.SubmittedApplicationsPage - Attempting to close the dropdown.
2025-02-28 10:48:31 [main] INFO  l.i.u.p.SubmittedApplicationsPage - Dropdown should be closed now.
2025-02-28 10:48:31 [main] DEBUG l.i.u.t.SubmittedApplicationsPageTest - Selected EVRK value: '01.11 - Grūdinių (išskyrus ryžius), ankštinių ir aliejingų sėklų augalų auginimas'.
2025-02-28 10:48:41 [main] ERROR l.i.u.t.SubmittedApplicationsPageTest - Test 'testFillNewVUIApplicationFA' failed with error: no such element: Unable to locate element: {"method":"xpath","selector":"//span[matsuffix]//mat-icon[contains(text(), 'edit')]"}
  (Session info: chrome=133.0.6943.142)
For documentation on this error, please visit: https://www.selenium.dev/documentation/webdriver/troubleshooting/errors#no-such-element-exception
Build info: version: '4.27.0', revision: 'd6e718d134'
System info: os.name: 'Windows 11', os.arch: 'amd64', os.version: '10.0', java.version: '21.0.3'
Driver info: org.openqa.selenium.chrome.ChromeDriver
Command: [41e2ffd014ce32d7e36bc74f01f403ea, findElement {using=xpath, value=//span[matsuffix]//mat-icon[contains(text(), 'edit')]}]
Capabilities {acceptInsecureCerts: false, browserName: chrome, browserVersion: 133.0.6943.142, chrome: {chromedriverVersion: 133.0.6943.141 (2a5d6da0d61..., userDataDir: C:\Users\INGRID~1.ZAD\AppDa...}, fedcm:accounts: true, goog:chromeOptions: {debuggerAddress: localhost:51580}, networkConnectionEnabled: false, pageLoadStrategy: normal, platformName: windows, proxy: Proxy(), se:cdp: ws://localhost:51580/devtoo..., se:cdpVersion: 133.0.6943.142, setWindowRect: true, strictFileInteractability: false, timeouts: {implicit: 0, pageLoad: 300000, script: 30000}, unhandledPromptBehavior: dismiss and notify, webauthn:extension:credBlob: true, webauthn:extension:largeBlob: true, webauthn:extension:minPinLength: true, webauthn:extension:prf: true, webauthn:virtualAuthenticators: true}
Session ID: 41e2ffd014ce32d7e36bc74f01f403ea
org.openqa.selenium.NoSuchElementException: no such element: Unable to locate element: {"method":"xpath","selector":"//span[matsuffix]//mat-icon[contains(text(), 'edit')]"}
  (Session info: chrome=133.0.6943.142)
For documentation on this error, please visit: https://www.selenium.dev/documentation/webdriver/troubleshooting/errors#no-such-element-exception
Build info: version: '4.27.0', revision: 'd6e718d134'
System info: os.name: 'Windows 11', os.arch: 'amd64', os.version: '10.0', java.version: '21.0.3'
Driver info: org.openqa.selenium.chrome.ChromeDriver
Command: [41e2ffd014ce32d7e36bc74f01f403ea, findElement {using=xpath, value=//span[matsuffix]//mat-icon[contains(text(), 'edit')]}]
Capabilities {acceptInsecureCerts: false, browserName: chrome, browserVersion: 133.0.6943.142, chrome: {chromedriverVersion: 133.0.6943.141 (2a5d6da0d61..., userDataDir: C:\Users\INGRID~1.ZAD\AppDa...}, fedcm:accounts: true, goog:chromeOptions: {debuggerAddress: localhost:51580}, networkConnectionEnabled: false, pageLoadStrategy: normal, platformName: windows, proxy: Proxy(), se:cdp: ws://localhost:51580/devtoo..., se:cdpVersion: 133.0.6943.142, setWindowRect: true, strictFileInteractability: false, timeouts: {implicit: 0, pageLoad: 300000, script: 30000}, unhandledPromptBehavior: dismiss and notify, webauthn:extension:credBlob: true, webauthn:extension:largeBlob: true, webauthn:extension:minPinLength: true, webauthn:extension:prf: true, webauthn:virtualAuthenticators: true}
Session ID: 41e2ffd014ce32d7e36bc74f01f403ea
	at java.base/jdk.internal.reflect.DirectConstructorHandleAccessor.newInstance(DirectConstructorHandleAccessor.java:62)
	at java.base/java.lang.reflect.Constructor.newInstanceWithCaller(Constructor.java:502)
	at java.base/java.lang.reflect.Constructor.newInstance(Constructor.java:486)
	at org.openqa.selenium.remote.ErrorCodec.decode(ErrorCodec.java:167)
	at org.openqa.selenium.remote.codec.w3c.W3CHttpResponseCodec.decode(W3CHttpResponseCodec.java:138)
	at org.openqa.selenium.remote.codec.w3c.W3CHttpResponseCodec.decode(W3CHttpResponseCodec.java:50)
	at org.openqa.selenium.remote.HttpCommandExecutor.execute(HttpCommandExecutor.java:190)
	at org.openqa.selenium.remote.service.DriverCommandExecutor.invokeExecute(DriverCommandExecutor.java:216)
	at org.openqa.selenium.remote.service.DriverCommandExecutor.execute(DriverCommandExecutor.java:174)
	at org.openqa.selenium.remote.RemoteWebDriver.execute(RemoteWebDriver.java:545)
	at org.openqa.selenium.remote.ElementLocation$ElementFinder$2.findElement(ElementLocation.java:165)
	at org.openqa.selenium.remote.ElementLocation.findElement(ElementLocation.java:59)
	at org.openqa.selenium.remote.RemoteWebDriver.findElement(RemoteWebDriver.java:368)
	at org.openqa.selenium.remote.RemoteWebDriver.findElement(RemoteWebDriver.java:362)
	at org.openqa.selenium.support.pagefactory.DefaultElementLocator.findElement(DefaultElementLocator.java:68)
	at org.openqa.selenium.support.pagefactory.internal.LocatingElementHandler.invoke(LocatingElementHandler.java:38)
	at jdk.proxy2/jdk.proxy2.$Proxy14.click(Unknown Source)
	at lt.insoft.uztis.pages.SubmittedApplicationsPage.clickAddressComponent(SubmittedApplicationsPage.java:670)
	at lt.insoft.uztis.tests.SubmittedApplicationsPageTest.testFillNewVUIApplicationFA(SubmittedApplicationsPageTest.java:171)
	at java.base/jdk.internal.reflect.DirectMethodHandleAccessor.invoke(DirectMethodHandleAccessor.java:103)
	at java.base/java.lang.reflect.Method.invoke(Method.java:580)
	at org.junit.platform.commons.util.ReflectionUtils.invokeMethod(ReflectionUtils.java:728)
	at org.junit.jupiter.engine.execution.MethodInvocation.proceed(MethodInvocation.java:60)
	at org.junit.jupiter.engine.execution.InvocationInterceptorChain$ValidatingInvocation.proceed(InvocationInterceptorChain.java:131)
	at org.junit.jupiter.engine.extension.TimeoutExtension.intercept(TimeoutExtension.java:156)
	at org.junit.jupiter.engine.extension.TimeoutExtension.interceptTestableMethod(TimeoutExtension.java:147)
	at org.junit.jupiter.engine.extension.TimeoutExtension.interceptTestMethod(TimeoutExtension.java:86)
	at org.junit.jupiter.engine.execution.InterceptingExecutableInvoker$ReflectiveInterceptorCall.lambda$ofVoidMethod$0(InterceptingExecutableInvoker.java:103)
	at org.junit.jupiter.engine.execution.InterceptingExecutableInvoker.lambda$invoke$0(InterceptingExecutableInvoker.java:93)
	at org.junit.jupiter.engine.execution.InvocationInterceptorChain$InterceptedInvocation.proceed(InvocationInterceptorChain.java:106)
	at org.junit.jupiter.engine.execution.InvocationInterceptorChain.proceed(InvocationInterceptorChain.java:64)
	at org.junit.jupiter.engine.execution.InvocationInterceptorChain.chainAndInvoke(InvocationInterceptorChain.java:45)
	at org.junit.jupiter.engine.execution.InvocationInterceptorChain.invoke(InvocationInterceptorChain.java:37)
	at org.junit.jupiter.engine.execution.InterceptingExecutableInvoker.invoke(InterceptingExecutableInvoker.java:92)
	at org.junit.jupiter.engine.execution.InterceptingExecutableInvoker.invoke(InterceptingExecutableInvoker.java:86)
	at org.junit.jupiter.engine.descriptor.TestMethodTestDescriptor.lambda$invokeTestMethod$7(TestMethodTestDescriptor.java:218)
	at org.junit.platform.engine.support.hierarchical.ThrowableCollector.execute(ThrowableCollector.java:73)
	at org.junit.jupiter.engine.descriptor.TestMethodTestDescriptor.invokeTestMethod(TestMethodTestDescriptor.java:214)
	at org.junit.jupiter.engine.descriptor.TestMethodTestDescriptor.execute(TestMethodTestDescriptor.java:139)
	at org.junit.jupiter.engine.descriptor.TestMethodTestDescriptor.execute(TestMethodTestDescriptor.java:69)
	at org.junit.platform.engine.support.hierarchical.NodeTestTask.lambda$executeRecursively$6(NodeTestTask.java:151)
	at org.junit.platform.engine.support.hierarchical.ThrowableCollector.execute(ThrowableCollector.java:73)
	at org.junit.platform.engine.support.hierarchical.NodeTestTask.lambda$executeRecursively$8(NodeTestTask.java:141)
	at org.junit.platform.engine.support.hierarchical.Node.around(Node.java:137)
	at org.junit.platform.engine.support.hierarchical.NodeTestTask.lambda$executeRecursively$9(NodeTestTask.java:139)
	at org.junit.platform.engine.support.hierarchical.ThrowableCollector.execute(ThrowableCollector.java:73)
	at org.junit.platform.engine.support.hierarchical.NodeTestTask.executeRecursively(NodeTestTask.java:138)
	at org.junit.platform.engine.support.hierarchical.NodeTestTask.execute(NodeTestTask.java:95)
	at java.base/java.util.ArrayList.forEach(ArrayList.java:1596)
	at org.junit.platform.engine.support.hierarchical.SameThreadHierarchicalTestExecutorService.invokeAll(SameThreadHierarchicalTestExecutorService.java:41)
	at org.junit.platform.engine.support.hierarchical.NodeTestTask.lambda$executeRecursively$6(NodeTestTask.java:155)
	at org.junit.platform.engine.support.hierarchical.ThrowableCollector.execute(ThrowableCollector.java:73)
	at org.junit.platform.engine.support.hierarchical.NodeTestTask.lambda$executeRecursively$8(NodeTestTask.java:141)
	at org.junit.platform.engine.support.hierarchical.Node.around(Node.java:137)
	at org.junit.platform.engine.support.hierarchical.NodeTestTask.lambda$executeRecursively$9(NodeTestTask.java:139)
	at org.junit.platform.engine.support.hierarchical.ThrowableCollector.execute(ThrowableCollector.java:73)
	at org.junit.platform.engine.support.hierarchical.NodeTestTask.executeRecursively(NodeTestTask.java:138)
	at org.junit.platform.engine.support.hierarchical.NodeTestTask.execute(NodeTestTask.java:95)
	at java.base/java.util.ArrayList.forEach(ArrayList.java:1596)
	at org.junit.platform.engine.support.hierarchical.SameThreadHierarchicalTestExecutorService.invokeAll(SameThreadHierarchicalTestExecutorService.java:41)
	at org.junit.platform.engine.support.hierarchical.NodeTestTask.lambda$executeRecursively$6(NodeTestTask.java:155)
	at org.junit.platform.engine.support.hierarchical.ThrowableCollector.execute(ThrowableCollector.java:73)
	at org.junit.platform.engine.support.hierarchical.NodeTestTask.lambda$executeRecursively$8(NodeTestTask.java:141)
	at org.junit.platform.engine.support.hierarchical.Node.around(Node.java:137)
	at org.junit.platform.engine.support.hierarchical.NodeTestTask.lambda$executeRecursively$9(NodeTestTask.java:139)
	at org.junit.platform.engine.support.hierarchical.ThrowableCollector.execute(ThrowableCollector.java:73)
	at org.junit.platform.engine.support.hierarchical.NodeTestTask.executeRecursively(NodeTestTask.java:138)
	at org.junit.platform.engine.support.hierarchical.NodeTestTask.execute(NodeTestTask.java:95)
	at org.junit.platform.engine.support.hierarchical.SameThreadHierarchicalTestExecutorService.submit(SameThreadHierarchicalTestExecutorService.java:35)
	at org.junit.platform.engine.support.hierarchical.HierarchicalTestExecutor.execute(HierarchicalTestExecutor.java:57)
	at org.junit.platform.engine.support.hierarchical.HierarchicalTestEngine.execute(HierarchicalTestEngine.java:54)
	at org.junit.platform.launcher.core.EngineExecutionOrchestrator.execute(EngineExecutionOrchestrator.java:198)
	at org.junit.platform.launcher.core.EngineExecutionOrchestrator.execute(EngineExecutionOrchestrator.java:169)
	at org.junit.platform.launcher.core.EngineExecutionOrchestrator.execute(EngineExecutionOrchestrator.java:93)
	at org.junit.platform.launcher.core.EngineExecutionOrchestrator.lambda$execute$0(EngineExecutionOrchestrator.java:58)
	at org.junit.platform.launcher.core.EngineExecutionOrchestrator.withInterceptedStreams(EngineExecutionOrchestrator.java:141)
	at org.junit.platform.launcher.core.EngineExecutionOrchestrator.execute(EngineExecutionOrchestrator.java:57)
	at org.junit.platform.launcher.core.DefaultLauncher.execute(DefaultLauncher.java:103)
	at org.junit.platform.launcher.core.DefaultLauncher.execute(DefaultLauncher.java:85)
	at org.junit.platform.launcher.core.DelegatingLauncher.execute(DelegatingLauncher.java:47)
	at org.junit.platform.launcher.core.SessionPerRequestLauncher.execute(SessionPerRequestLauncher.java:63)
	at com.intellij.junit5.JUnit5IdeaTestRunner.startRunnerWithArgs(JUnit5IdeaTestRunner.java:57)
	at com.intellij.rt.junit.IdeaTestRunner$Repeater$1.execute(IdeaTestRunner.java:38)
	at com.intellij.rt.execution.junit.TestsRepeater.repeat(TestsRepeater.java:11)
	at com.intellij.rt.junit.IdeaTestRunner$Repeater.startRunnerWithArgs(IdeaTestRunner.java:35)
	at com.intellij.rt.junit.JUnitStarter.prepareStreamsAndStart(JUnitStarter.java:232)
	at com.intellij.rt.junit.JUnitStarter.main(JUnitStarter.java:55)
2025-02-28 10:48:41 [main] INFO  l.insoft.uztis.tests.utils.TestUtils - Screenshot moved to C:\Users\ingrida.zadorozniene\Desktop\Asm\UZTIS\UZTIS_tests\test-output\screenshots\20250228\104841466_testFillNewVUIApplicationFA().png
2025-02-28 10:51:34 [main] INFO  lt.insoft.uztis.tests.UztisPageTest - Navigated to https://uztisdev.asseco.lt/home
2025-02-28 10:51:34 [main] INFO  l.i.u.t.SubmittedApplicationsPageTest - Starting test:'testFillNewVUIPApplicationFA'
2025-02-28 10:51:36 [main] DEBUG l.i.u.t.SubmittedApplicationsPageTest - User logged in with test credentials.
2025-02-28 10:51:36 [main] DEBUG l.i.u.t.SubmittedApplicationsPageTest - Opened 'Application Processing' menu.
2025-02-28 10:51:36 [main] DEBUG l.i.u.t.SubmittedApplicationsPageTest - Clicked on 'Application Forms' menu.
2025-02-28 10:51:40 [main] DEBUG l.i.u.t.SubmittedApplicationsPageTest - Retrieved last description code text: 'TST-VUI-52'.
2025-02-28 10:51:40 [main] DEBUG l.i.u.t.SubmittedApplicationsPageTest - Clicked on 'Invitation' menu.
2025-02-28 10:51:41 [main] DEBUG l.i.u.t.SubmittedApplicationsPageTest - Selected application section by code: 'TST-VUI-52'.
2025-02-28 10:51:41 [main] DEBUG l.i.u.t.SubmittedApplicationsPageTest - Clicked 'Search' button.
2025-02-28 10:51:41 [main] DEBUG l.i.u.t.SubmittedApplicationsPageTest - Retrieved invitation code: ''.
2025-02-28 10:51:41 [main] DEBUG l.i.u.t.SubmittedApplicationsPageTest - Clicked on 'Submitted Applications' menu.
2025-02-28 10:51:42 [main] DEBUG l.i.u.t.SubmittedApplicationsPageTest - Selected invitation by code: 'TST-VUI-52'.
2025-02-28 10:51:42 [main] DEBUG l.i.u.t.SubmittedApplicationsPageTest - Invitation code inserted.
2025-02-28 10:51:43 [main] DEBUG l.i.u.t.SubmittedApplicationsPageTest - Clicked on 'Action Application' button.
2025-02-28 10:51:43 [main] DEBUG l.i.u.t.SubmittedApplicationsPageTest - Clicked on 'New Application' button.
2025-02-28 10:51:44 [main] DEBUG l.i.u.t.SubmittedApplicationsPageTest - Selected the 'RadioButtonFA' option.
2025-02-28 10:51:44 [main] DEBUG l.i.u.t.SubmittedApplicationsPageTest - Entered phone number: '61298745'.
2025-02-28 10:51:44 [main] DEBUG l.i.u.t.SubmittedApplicationsPageTest - Entered email: 'test@autotest.com'.
2025-02-28 10:51:44 [main] INFO  l.i.u.p.SubmittedApplicationsPage - Clicking on the dropdown button.
2025-02-28 10:52:03 [main] INFO  l.i.u.p.SubmittedApplicationsPage - Found 1741 options in the dropdown.
2025-02-28 10:52:03 [main] DEBUG l.i.u.p.SubmittedApplicationsPage - Checking option: ''
2025-02-28 10:52:03 [main] DEBUG l.i.u.p.SubmittedApplicationsPage - Checking option: '01.11 - Grūdinių (išskyrus ryžius), ankštinių ir aliejingų sėklų augalų auginimas'
2025-02-28 10:52:03 [main] INFO  l.i.u.p.SubmittedApplicationsPage - Successfully selected the value: '01.11 - Grūdinių (išskyrus ryžius), ankštinių ir aliejingų sėklų augalų auginimas'
2025-02-28 10:52:03 [main] INFO  l.i.u.p.SubmittedApplicationsPage - Attempting to close the dropdown.
2025-02-28 10:52:14 [main] INFO  l.i.u.p.SubmittedApplicationsPage - Dropdown should be closed now.
2025-02-28 10:52:14 [main] DEBUG l.i.u.t.SubmittedApplicationsPageTest - Selected EVRK value: '01.11 - Grūdinių (išskyrus ryžius), ankštinių ir aliejingų sėklų augalų auginimas'.
2025-02-28 10:52:15 [main] ERROR l.i.u.t.SubmittedApplicationsPageTest - Test 'testFillNewVUIApplicationFA' failed with error: element click intercepted: Element <input class="primary-control mat-mdc-form-field-input-control mat-mdc-form-field-input ng-untouched ng-pristine" placeholder="" type="text" readonly="" pattern="" disabled=""> is not clickable at point (838, 675). Other element would receive the click: <mat-form-field class="mat-mdc-form-field ng-tns-c508571215-19 mat-mdc-form-field-type-common-text-input mat-mdc-form-field-has-icon-prefix mat-mdc-form-field-has-icon-suffix mat-form-field-disabled mat-form-field-appearance-outline mat-primary ng-untouched ng-star-inserted ng-dirty" style="--mat-form-field-notch-max-width: calc(100% - 40px);">...</mat-form-field>
  (Session info: chrome=133.0.6943.142)
Build info: version: '4.27.0', revision: 'd6e718d134'
System info: os.name: 'Windows 11', os.arch: 'amd64', os.version: '10.0', java.version: '21.0.3'
Driver info: org.openqa.selenium.chrome.ChromeDriver
Command: [f185773a01060ecd7d0a5c136badaac7, clickElement {id=f.9C1AF16E6ED8B193DF0E8A42DA675790.d.7EE1E98CEF2B5CEB730A7BCBAFF63423.e.221}]
Capabilities {acceptInsecureCerts: false, browserName: chrome, browserVersion: 133.0.6943.142, chrome: {chromedriverVersion: 133.0.6943.141 (2a5d6da0d61..., userDataDir: C:\Users\INGRID~1.ZAD\AppDa...}, fedcm:accounts: true, goog:chromeOptions: {debuggerAddress: localhost:51706}, networkConnectionEnabled: false, pageLoadStrategy: normal, platformName: windows, proxy: Proxy(), se:cdp: ws://localhost:51706/devtoo..., se:cdpVersion: 133.0.6943.142, setWindowRect: true, strictFileInteractability: false, timeouts: {implicit: 0, pageLoad: 300000, script: 30000}, unhandledPromptBehavior: dismiss and notify, webauthn:extension:credBlob: true, webauthn:extension:largeBlob: true, webauthn:extension:minPinLength: true, webauthn:extension:prf: true, webauthn:virtualAuthenticators: true}
Element: [[ChromeDriver: chrome on windows (f185773a01060ecd7d0a5c136badaac7)] -> xpath: //input[contains(@class, 'primary-control') and @readonly]]
Session ID: f185773a01060ecd7d0a5c136badaac7
org.openqa.selenium.ElementClickInterceptedException: element click intercepted: Element <input class="primary-control mat-mdc-form-field-input-control mat-mdc-form-field-input ng-untouched ng-pristine" placeholder="" type="text" readonly="" pattern="" disabled=""> is not clickable at point (838, 675). Other element would receive the click: <mat-form-field class="mat-mdc-form-field ng-tns-c508571215-19 mat-mdc-form-field-type-common-text-input mat-mdc-form-field-has-icon-prefix mat-mdc-form-field-has-icon-suffix mat-form-field-disabled mat-form-field-appearance-outline mat-primary ng-untouched ng-star-inserted ng-dirty" style="--mat-form-field-notch-max-width: calc(100% - 40px);">...</mat-form-field>
  (Session info: chrome=133.0.6943.142)
Build info: version: '4.27.0', revision: 'd6e718d134'
System info: os.name: 'Windows 11', os.arch: 'amd64', os.version: '10.0', java.version: '21.0.3'
Driver info: org.openqa.selenium.chrome.ChromeDriver
Command: [f185773a01060ecd7d0a5c136badaac7, clickElement {id=f.9C1AF16E6ED8B193DF0E8A42DA675790.d.7EE1E98CEF2B5CEB730A7BCBAFF63423.e.221}]
Capabilities {acceptInsecureCerts: false, browserName: chrome, browserVersion: 133.0.6943.142, chrome: {chromedriverVersion: 133.0.6943.141 (2a5d6da0d61..., userDataDir: C:\Users\INGRID~1.ZAD\AppDa...}, fedcm:accounts: true, goog:chromeOptions: {debuggerAddress: localhost:51706}, networkConnectionEnabled: false, pageLoadStrategy: normal, platformName: windows, proxy: Proxy(), se:cdp: ws://localhost:51706/devtoo..., se:cdpVersion: 133.0.6943.142, setWindowRect: true, strictFileInteractability: false, timeouts: {implicit: 0, pageLoad: 300000, script: 30000}, unhandledPromptBehavior: dismiss and notify, webauthn:extension:credBlob: true, webauthn:extension:largeBlob: true, webauthn:extension:minPinLength: true, webauthn:extension:prf: true, webauthn:virtualAuthenticators: true}
Element: [[ChromeDriver: chrome on windows (f185773a01060ecd7d0a5c136badaac7)] -> xpath: //input[contains(@class, 'primary-control') and @readonly]]
Session ID: f185773a01060ecd7d0a5c136badaac7
	at java.base/jdk.internal.reflect.DirectConstructorHandleAccessor.newInstance(DirectConstructorHandleAccessor.java:62)
	at java.base/java.lang.reflect.Constructor.newInstanceWithCaller(Constructor.java:502)
	at java.base/java.lang.reflect.Constructor.newInstance(Constructor.java:486)
	at org.openqa.selenium.remote.ErrorCodec.decode(ErrorCodec.java:167)
	at org.openqa.selenium.remote.codec.w3c.W3CHttpResponseCodec.decode(W3CHttpResponseCodec.java:138)
	at org.openqa.selenium.remote.codec.w3c.W3CHttpResponseCodec.decode(W3CHttpResponseCodec.java:50)
	at org.openqa.selenium.remote.HttpCommandExecutor.execute(HttpCommandExecutor.java:190)
	at org.openqa.selenium.remote.service.DriverCommandExecutor.invokeExecute(DriverCommandExecutor.java:216)
	at org.openqa.selenium.remote.service.DriverCommandExecutor.execute(DriverCommandExecutor.java:174)
	at org.openqa.selenium.remote.RemoteWebDriver.execute(RemoteWebDriver.java:545)
	at org.openqa.selenium.remote.RemoteWebElement.execute(RemoteWebElement.java:223)
	at org.openqa.selenium.remote.RemoteWebElement.click(RemoteWebElement.java:76)
	at java.base/jdk.internal.reflect.DirectMethodHandleAccessor.invoke(DirectMethodHandleAccessor.java:103)
	at java.base/java.lang.reflect.Method.invoke(Method.java:580)
	at org.openqa.selenium.support.pagefactory.internal.LocatingElementHandler.invoke(LocatingElementHandler.java:51)
	at jdk.proxy2/jdk.proxy2.$Proxy14.click(Unknown Source)
	at lt.insoft.uztis.pages.SubmittedApplicationsPage.clickAddressComponent(SubmittedApplicationsPage.java:671)
	at lt.insoft.uztis.tests.SubmittedApplicationsPageTest.testFillNewVUIApplicationFA(SubmittedApplicationsPageTest.java:171)
	at java.base/jdk.internal.reflect.DirectMethodHandleAccessor.invoke(DirectMethodHandleAccessor.java:103)
	at java.base/java.lang.reflect.Method.invoke(Method.java:580)
	at org.junit.platform.commons.util.ReflectionUtils.invokeMethod(ReflectionUtils.java:728)
	at org.junit.jupiter.engine.execution.MethodInvocation.proceed(MethodInvocation.java:60)
	at org.junit.jupiter.engine.execution.InvocationInterceptorChain$ValidatingInvocation.proceed(InvocationInterceptorChain.java:131)
	at org.junit.jupiter.engine.extension.TimeoutExtension.intercept(TimeoutExtension.java:156)
	at org.junit.jupiter.engine.extension.TimeoutExtension.interceptTestableMethod(TimeoutExtension.java:147)
	at org.junit.jupiter.engine.extension.TimeoutExtension.interceptTestMethod(TimeoutExtension.java:86)
	at org.junit.jupiter.engine.execution.InterceptingExecutableInvoker$ReflectiveInterceptorCall.lambda$ofVoidMethod$0(InterceptingExecutableInvoker.java:103)
	at org.junit.jupiter.engine.execution.InterceptingExecutableInvoker.lambda$invoke$0(InterceptingExecutableInvoker.java:93)
	at org.junit.jupiter.engine.execution.InvocationInterceptorChain$InterceptedInvocation.proceed(InvocationInterceptorChain.java:106)
	at org.junit.jupiter.engine.execution.InvocationInterceptorChain.proceed(InvocationInterceptorChain.java:64)
	at org.junit.jupiter.engine.execution.InvocationInterceptorChain.chainAndInvoke(InvocationInterceptorChain.java:45)
	at org.junit.jupiter.engine.execution.InvocationInterceptorChain.invoke(InvocationInterceptorChain.java:37)
	at org.junit.jupiter.engine.execution.InterceptingExecutableInvoker.invoke(InterceptingExecutableInvoker.java:92)
	at org.junit.jupiter.engine.execution.InterceptingExecutableInvoker.invoke(InterceptingExecutableInvoker.java:86)
	at org.junit.jupiter.engine.descriptor.TestMethodTestDescriptor.lambda$invokeTestMethod$7(TestMethodTestDescriptor.java:218)
	at org.junit.platform.engine.support.hierarchical.ThrowableCollector.execute(ThrowableCollector.java:73)
	at org.junit.jupiter.engine.descriptor.TestMethodTestDescriptor.invokeTestMethod(TestMethodTestDescriptor.java:214)
	at org.junit.jupiter.engine.descriptor.TestMethodTestDescriptor.execute(TestMethodTestDescriptor.java:139)
	at org.junit.jupiter.engine.descriptor.TestMethodTestDescriptor.execute(TestMethodTestDescriptor.java:69)
	at org.junit.platform.engine.support.hierarchical.NodeTestTask.lambda$executeRecursively$6(NodeTestTask.java:151)
	at org.junit.platform.engine.support.hierarchical.ThrowableCollector.execute(ThrowableCollector.java:73)
	at org.junit.platform.engine.support.hierarchical.NodeTestTask.lambda$executeRecursively$8(NodeTestTask.java:141)
	at org.junit.platform.engine.support.hierarchical.Node.around(Node.java:137)
	at org.junit.platform.engine.support.hierarchical.NodeTestTask.lambda$executeRecursively$9(NodeTestTask.java:139)
	at org.junit.platform.engine.support.hierarchical.ThrowableCollector.execute(ThrowableCollector.java:73)
	at org.junit.platform.engine.support.hierarchical.NodeTestTask.executeRecursively(NodeTestTask.java:138)
	at org.junit.platform.engine.support.hierarchical.NodeTestTask.execute(NodeTestTask.java:95)
	at java.base/java.util.ArrayList.forEach(ArrayList.java:1596)
	at org.junit.platform.engine.support.hierarchical.SameThreadHierarchicalTestExecutorService.invokeAll(SameThreadHierarchicalTestExecutorService.java:41)
	at org.junit.platform.engine.support.hierarchical.NodeTestTask.lambda$executeRecursively$6(NodeTestTask.java:155)
	at org.junit.platform.engine.support.hierarchical.ThrowableCollector.execute(ThrowableCollector.java:73)
	at org.junit.platform.engine.support.hierarchical.NodeTestTask.lambda$executeRecursively$8(NodeTestTask.java:141)
	at org.junit.platform.engine.support.hierarchical.Node.around(Node.java:137)
	at org.junit.platform.engine.support.hierarchical.NodeTestTask.lambda$executeRecursively$9(NodeTestTask.java:139)
	at org.junit.platform.engine.support.hierarchical.ThrowableCollector.execute(ThrowableCollector.java:73)
	at org.junit.platform.engine.support.hierarchical.NodeTestTask.executeRecursively(NodeTestTask.java:138)
	at org.junit.platform.engine.support.hierarchical.NodeTestTask.execute(NodeTestTask.java:95)
	at java.base/java.util.ArrayList.forEach(ArrayList.java:1596)
	at org.junit.platform.engine.support.hierarchical.SameThreadHierarchicalTestExecutorService.invokeAll(SameThreadHierarchicalTestExecutorService.java:41)
	at org.junit.platform.engine.support.hierarchical.NodeTestTask.lambda$executeRecursively$6(NodeTestTask.java:155)
	at org.junit.platform.engine.support.hierarchical.ThrowableCollector.execute(ThrowableCollector.java:73)
	at org.junit.platform.engine.support.hierarchical.NodeTestTask.lambda$executeRecursively$8(NodeTestTask.java:141)
	at org.junit.platform.engine.support.hierarchical.Node.around(Node.java:137)
	at org.junit.platform.engine.support.hierarchical.NodeTestTask.lambda$executeRecursively$9(NodeTestTask.java:139)
	at org.junit.platform.engine.support.hierarchical.ThrowableCollector.execute(ThrowableCollector.java:73)
	at org.junit.platform.engine.support.hierarchical.NodeTestTask.executeRecursively(NodeTestTask.java:138)
	at org.junit.platform.engine.support.hierarchical.NodeTestTask.execute(NodeTestTask.java:95)
	at org.junit.platform.engine.support.hierarchical.SameThreadHierarchicalTestExecutorService.submit(SameThreadHierarchicalTestExecutorService.java:35)
	at org.junit.platform.engine.support.hierarchical.HierarchicalTestExecutor.execute(HierarchicalTestExecutor.java:57)
	at org.junit.platform.engine.support.hierarchical.HierarchicalTestEngine.execute(HierarchicalTestEngine.java:54)
	at org.junit.platform.launcher.core.EngineExecutionOrchestrator.execute(EngineExecutionOrchestrator.java:198)
	at org.junit.platform.launcher.core.EngineExecutionOrchestrator.execute(EngineExecutionOrchestrator.java:169)
	at org.junit.platform.launcher.core.EngineExecutionOrchestrator.execute(EngineExecutionOrchestrator.java:93)
	at org.junit.platform.launcher.core.EngineExecutionOrchestrator.lambda$execute$0(EngineExecutionOrchestrator.java:58)
	at org.junit.platform.launcher.core.EngineExecutionOrchestrator.withInterceptedStreams(EngineExecutionOrchestrator.java:141)
	at org.junit.platform.launcher.core.EngineExecutionOrchestrator.execute(EngineExecutionOrchestrator.java:57)
	at org.junit.platform.launcher.core.DefaultLauncher.execute(DefaultLauncher.java:103)
	at org.junit.platform.launcher.core.DefaultLauncher.execute(DefaultLauncher.java:85)
	at org.junit.platform.launcher.core.DelegatingLauncher.execute(DelegatingLauncher.java:47)
	at org.junit.platform.launcher.core.SessionPerRequestLauncher.execute(SessionPerRequestLauncher.java:63)
	at com.intellij.junit5.JUnit5IdeaTestRunner.startRunnerWithArgs(JUnit5IdeaTestRunner.java:57)
	at com.intellij.rt.junit.IdeaTestRunner$Repeater$1.execute(IdeaTestRunner.java:38)
	at com.intellij.rt.execution.junit.TestsRepeater.repeat(TestsRepeater.java:11)
	at com.intellij.rt.junit.IdeaTestRunner$Repeater.startRunnerWithArgs(IdeaTestRunner.java:35)
	at com.intellij.rt.junit.JUnitStarter.prepareStreamsAndStart(JUnitStarter.java:232)
	at com.intellij.rt.junit.JUnitStarter.main(JUnitStarter.java:55)
2025-02-28 10:52:15 [main] INFO  l.insoft.uztis.tests.utils.TestUtils - Screenshot moved to C:\Users\ingrida.zadorozniene\Desktop\Asm\UZTIS\UZTIS_tests\test-output\screenshots\20250228\105215704_testFillNewVUIApplicationFA().png
2025-02-28 10:52:54 [main] INFO  lt.insoft.uztis.tests.UztisPageTest - Navigated to https://uztisdev.asseco.lt/home
2025-02-28 10:52:54 [main] INFO  l.i.u.t.SubmittedApplicationsPageTest - Starting test:'testFillNewVUIPApplicationFA'
2025-02-28 10:52:55 [main] DEBUG l.i.u.t.SubmittedApplicationsPageTest - User logged in with test credentials.
2025-02-28 10:52:55 [main] DEBUG l.i.u.t.SubmittedApplicationsPageTest - Opened 'Application Processing' menu.
2025-02-28 10:52:55 [main] DEBUG l.i.u.t.SubmittedApplicationsPageTest - Clicked on 'Application Forms' menu.
2025-02-28 10:52:55 [main] DEBUG l.i.u.t.SubmittedApplicationsPageTest - Retrieved last description code text: 'TST-VUI-52'.
2025-02-28 10:52:55 [main] DEBUG l.i.u.t.SubmittedApplicationsPageTest - Clicked on 'Invitation' menu.
2025-02-28 10:52:57 [main] DEBUG l.i.u.t.SubmittedApplicationsPageTest - Selected application section by code: 'TST-VUI-52'.
2025-02-28 10:52:57 [main] DEBUG l.i.u.t.SubmittedApplicationsPageTest - Clicked 'Search' button.
2025-02-28 10:52:57 [main] DEBUG l.i.u.t.SubmittedApplicationsPageTest - Retrieved invitation code: ''.
2025-02-28 10:52:57 [main] DEBUG l.i.u.t.SubmittedApplicationsPageTest - Clicked on 'Submitted Applications' menu.
2025-02-28 10:52:58 [main] DEBUG l.i.u.t.SubmittedApplicationsPageTest - Selected invitation by code: 'TST-VUI-52'.
2025-02-28 10:52:58 [main] DEBUG l.i.u.t.SubmittedApplicationsPageTest - Invitation code inserted.
2025-02-28 10:52:58 [main] DEBUG l.i.u.t.SubmittedApplicationsPageTest - Clicked on 'Action Application' button.
2025-02-28 10:52:59 [main] DEBUG l.i.u.t.SubmittedApplicationsPageTest - Clicked on 'New Application' button.
2025-02-28 10:52:59 [main] DEBUG l.i.u.t.SubmittedApplicationsPageTest - Selected the 'RadioButtonFA' option.
2025-02-28 10:52:59 [main] DEBUG l.i.u.t.SubmittedApplicationsPageTest - Entered phone number: '61298745'.
2025-02-28 10:52:59 [main] DEBUG l.i.u.t.SubmittedApplicationsPageTest - Entered email: 'test@autotest.com'.
2025-02-28 10:52:59 [main] INFO  l.i.u.p.SubmittedApplicationsPage - Clicking on the dropdown button.
2025-02-28 10:53:17 [main] INFO  l.i.u.p.SubmittedApplicationsPage - Found 1741 options in the dropdown.
2025-02-28 10:53:17 [main] DEBUG l.i.u.p.SubmittedApplicationsPage - Checking option: ''
2025-02-28 10:53:17 [main] DEBUG l.i.u.p.SubmittedApplicationsPage - Checking option: '01.11 - Grūdinių (išskyrus ryžius), ankštinių ir aliejingų sėklų augalų auginimas'
2025-02-28 10:53:18 [main] INFO  l.i.u.p.SubmittedApplicationsPage - Successfully selected the value: '01.11 - Grūdinių (išskyrus ryžius), ankštinių ir aliejingų sėklų augalų auginimas'
2025-02-28 10:53:18 [main] INFO  l.i.u.p.SubmittedApplicationsPage - Attempting to close the dropdown.
2025-02-28 10:53:28 [main] INFO  l.i.u.p.SubmittedApplicationsPage - Dropdown should be closed now.
2025-02-28 10:53:28 [main] DEBUG l.i.u.t.SubmittedApplicationsPageTest - Selected EVRK value: '01.11 - Grūdinių (išskyrus ryžius), ankštinių ir aliejingų sėklų augalų auginimas'.
2025-02-28 10:53:29 [main] DEBUG l.i.u.t.SubmittedApplicationsPageTest - Entered project date.
2025-02-28 10:53:29 [main] DEBUG l.i.u.t.SubmittedApplicationsPageTest - Entered job count: '1'.
2025-02-28 10:53:30 [main] ERROR l.i.u.t.SubmittedApplicationsPageTest - Test 'testFillNewVUIApplicationFA' failed with error: element click intercepted: Element <input class="primary-control mat-mdc-form-field-input-control mat-mdc-form-field-input ng-untouched ng-pristine" placeholder="" type="text" readonly="" pattern="" disabled=""> is not clickable at point (838, 358). Other element would receive the click: <mat-form-field class="mat-mdc-form-field ng-tns-c508571215-19 mat-mdc-form-field-type-common-text-input mat-mdc-form-field-has-icon-prefix mat-mdc-form-field-has-icon-suffix mat-form-field-disabled mat-form-field-appearance-outline mat-primary ng-untouched ng-star-inserted ng-dirty" style="--mat-form-field-notch-max-width: calc(100% - 40px);">...</mat-form-field>
  (Session info: chrome=133.0.6943.142)
Build info: version: '4.27.0', revision: 'd6e718d134'
System info: os.name: 'Windows 11', os.arch: 'amd64', os.version: '10.0', java.version: '21.0.3'
Driver info: org.openqa.selenium.chrome.ChromeDriver
Command: [3a16a861c4a09f76eda5b13856e39953, clickElement {id=f.CCD913B3C9C08BE7EA3E18210611EC2E.d.CC6B62D02965EFFD266F88B221B4C6BB.e.218}]
Capabilities {acceptInsecureCerts: false, browserName: chrome, browserVersion: 133.0.6943.142, chrome: {chromedriverVersion: 133.0.6943.141 (2a5d6da0d61..., userDataDir: C:\Users\INGRID~1.ZAD\AppDa...}, fedcm:accounts: true, goog:chromeOptions: {debuggerAddress: localhost:51775}, networkConnectionEnabled: false, pageLoadStrategy: normal, platformName: windows, proxy: Proxy(), se:cdp: ws://localhost:51775/devtoo..., se:cdpVersion: 133.0.6943.142, setWindowRect: true, strictFileInteractability: false, timeouts: {implicit: 0, pageLoad: 300000, script: 30000}, unhandledPromptBehavior: dismiss and notify, webauthn:extension:credBlob: true, webauthn:extension:largeBlob: true, webauthn:extension:minPinLength: true, webauthn:extension:prf: true, webauthn:virtualAuthenticators: true}
Element: [[ChromeDriver: chrome on windows (3a16a861c4a09f76eda5b13856e39953)] -> xpath: //input[contains(@class, 'primary-control') and @readonly]]
Session ID: 3a16a861c4a09f76eda5b13856e39953
org.openqa.selenium.ElementClickInterceptedException: element click intercepted: Element <input class="primary-control mat-mdc-form-field-input-control mat-mdc-form-field-input ng-untouched ng-pristine" placeholder="" type="text" readonly="" pattern="" disabled=""> is not clickable at point (838, 358). Other element would receive the click: <mat-form-field class="mat-mdc-form-field ng-tns-c508571215-19 mat-mdc-form-field-type-common-text-input mat-mdc-form-field-has-icon-prefix mat-mdc-form-field-has-icon-suffix mat-form-field-disabled mat-form-field-appearance-outline mat-primary ng-untouched ng-star-inserted ng-dirty" style="--mat-form-field-notch-max-width: calc(100% - 40px);">...</mat-form-field>
  (Session info: chrome=133.0.6943.142)
Build info: version: '4.27.0', revision: 'd6e718d134'
System info: os.name: 'Windows 11', os.arch: 'amd64', os.version: '10.0', java.version: '21.0.3'
Driver info: org.openqa.selenium.chrome.ChromeDriver
Command: [3a16a861c4a09f76eda5b13856e39953, clickElement {id=f.CCD913B3C9C08BE7EA3E18210611EC2E.d.CC6B62D02965EFFD266F88B221B4C6BB.e.218}]
Capabilities {acceptInsecureCerts: false, browserName: chrome, browserVersion: 133.0.6943.142, chrome: {chromedriverVersion: 133.0.6943.141 (2a5d6da0d61..., userDataDir: C:\Users\INGRID~1.ZAD\AppDa...}, fedcm:accounts: true, goog:chromeOptions: {debuggerAddress: localhost:51775}, networkConnectionEnabled: false, pageLoadStrategy: normal, platformName: windows, proxy: Proxy(), se:cdp: ws://localhost:51775/devtoo..., se:cdpVersion: 133.0.6943.142, setWindowRect: true, strictFileInteractability: false, timeouts: {implicit: 0, pageLoad: 300000, script: 30000}, unhandledPromptBehavior: dismiss and notify, webauthn:extension:credBlob: true, webauthn:extension:largeBlob: true, webauthn:extension:minPinLength: true, webauthn:extension:prf: true, webauthn:virtualAuthenticators: true}
Element: [[ChromeDriver: chrome on windows (3a16a861c4a09f76eda5b13856e39953)] -> xpath: //input[contains(@class, 'primary-control') and @readonly]]
Session ID: 3a16a861c4a09f76eda5b13856e39953
	at java.base/jdk.internal.reflect.DirectConstructorHandleAccessor.newInstance(DirectConstructorHandleAccessor.java:62)
	at java.base/java.lang.reflect.Constructor.newInstanceWithCaller(Constructor.java:502)
	at java.base/java.lang.reflect.Constructor.newInstance(Constructor.java:486)
	at org.openqa.selenium.remote.ErrorCodec.decode(ErrorCodec.java:167)
	at org.openqa.selenium.remote.codec.w3c.W3CHttpResponseCodec.decode(W3CHttpResponseCodec.java:138)
	at org.openqa.selenium.remote.codec.w3c.W3CHttpResponseCodec.decode(W3CHttpResponseCodec.java:50)
	at org.openqa.selenium.remote.HttpCommandExecutor.execute(HttpCommandExecutor.java:190)
	at org.openqa.selenium.remote.service.DriverCommandExecutor.invokeExecute(DriverCommandExecutor.java:216)
	at org.openqa.selenium.remote.service.DriverCommandExecutor.execute(DriverCommandExecutor.java:174)
	at org.openqa.selenium.remote.RemoteWebDriver.execute(RemoteWebDriver.java:545)
	at org.openqa.selenium.remote.RemoteWebElement.execute(RemoteWebElement.java:223)
	at org.openqa.selenium.remote.RemoteWebElement.click(RemoteWebElement.java:76)
	at java.base/jdk.internal.reflect.DirectMethodHandleAccessor.invoke(DirectMethodHandleAccessor.java:103)
	at java.base/java.lang.reflect.Method.invoke(Method.java:580)
	at org.openqa.selenium.support.pagefactory.internal.LocatingElementHandler.invoke(LocatingElementHandler.java:51)
	at jdk.proxy2/jdk.proxy2.$Proxy14.click(Unknown Source)
	at lt.insoft.uztis.pages.SubmittedApplicationsPage.clickAddressComponent(SubmittedApplicationsPage.java:671)
	at lt.insoft.uztis.tests.SubmittedApplicationsPageTest.testFillNewVUIApplicationFA(SubmittedApplicationsPageTest.java:179)
	at java.base/jdk.internal.reflect.DirectMethodHandleAccessor.invoke(DirectMethodHandleAccessor.java:103)
	at java.base/java.lang.reflect.Method.invoke(Method.java:580)
	at org.junit.platform.commons.util.ReflectionUtils.invokeMethod(ReflectionUtils.java:728)
	at org.junit.jupiter.engine.execution.MethodInvocation.proceed(MethodInvocation.java:60)
	at org.junit.jupiter.engine.execution.InvocationInterceptorChain$ValidatingInvocation.proceed(InvocationInterceptorChain.java:131)
	at org.junit.jupiter.engine.extension.TimeoutExtension.intercept(TimeoutExtension.java:156)
	at org.junit.jupiter.engine.extension.TimeoutExtension.interceptTestableMethod(TimeoutExtension.java:147)
	at org.junit.jupiter.engine.extension.TimeoutExtension.interceptTestMethod(TimeoutExtension.java:86)
	at org.junit.jupiter.engine.execution.InterceptingExecutableInvoker$ReflectiveInterceptorCall.lambda$ofVoidMethod$0(InterceptingExecutableInvoker.java:103)
	at org.junit.jupiter.engine.execution.InterceptingExecutableInvoker.lambda$invoke$0(InterceptingExecutableInvoker.java:93)
	at org.junit.jupiter.engine.execution.InvocationInterceptorChain$InterceptedInvocation.proceed(InvocationInterceptorChain.java:106)
	at org.junit.jupiter.engine.execution.InvocationInterceptorChain.proceed(InvocationInterceptorChain.java:64)
	at org.junit.jupiter.engine.execution.InvocationInterceptorChain.chainAndInvoke(InvocationInterceptorChain.java:45)
	at org.junit.jupiter.engine.execution.InvocationInterceptorChain.invoke(InvocationInterceptorChain.java:37)
	at org.junit.jupiter.engine.execution.InterceptingExecutableInvoker.invoke(InterceptingExecutableInvoker.java:92)
	at org.junit.jupiter.engine.execution.InterceptingExecutableInvoker.invoke(InterceptingExecutableInvoker.java:86)
	at org.junit.jupiter.engine.descriptor.TestMethodTestDescriptor.lambda$invokeTestMethod$7(TestMethodTestDescriptor.java:218)
	at org.junit.platform.engine.support.hierarchical.ThrowableCollector.execute(ThrowableCollector.java:73)
	at org.junit.jupiter.engine.descriptor.TestMethodTestDescriptor.invokeTestMethod(TestMethodTestDescriptor.java:214)
	at org.junit.jupiter.engine.descriptor.TestMethodTestDescriptor.execute(TestMethodTestDescriptor.java:139)
	at org.junit.jupiter.engine.descriptor.TestMethodTestDescriptor.execute(TestMethodTestDescriptor.java:69)
	at org.junit.platform.engine.support.hierarchical.NodeTestTask.lambda$executeRecursively$6(NodeTestTask.java:151)
	at org.junit.platform.engine.support.hierarchical.ThrowableCollector.execute(ThrowableCollector.java:73)
	at org.junit.platform.engine.support.hierarchical.NodeTestTask.lambda$executeRecursively$8(NodeTestTask.java:141)
	at org.junit.platform.engine.support.hierarchical.Node.around(Node.java:137)
	at org.junit.platform.engine.support.hierarchical.NodeTestTask.lambda$executeRecursively$9(NodeTestTask.java:139)
	at org.junit.platform.engine.support.hierarchical.ThrowableCollector.execute(ThrowableCollector.java:73)
	at org.junit.platform.engine.support.hierarchical.NodeTestTask.executeRecursively(NodeTestTask.java:138)
	at org.junit.platform.engine.support.hierarchical.NodeTestTask.execute(NodeTestTask.java:95)
	at java.base/java.util.ArrayList.forEach(ArrayList.java:1596)
	at org.junit.platform.engine.support.hierarchical.SameThreadHierarchicalTestExecutorService.invokeAll(SameThreadHierarchicalTestExecutorService.java:41)
	at org.junit.platform.engine.support.hierarchical.NodeTestTask.lambda$executeRecursively$6(NodeTestTask.java:155)
	at org.junit.platform.engine.support.hierarchical.ThrowableCollector.execute(ThrowableCollector.java:73)
	at org.junit.platform.engine.support.hierarchical.NodeTestTask.lambda$executeRecursively$8(NodeTestTask.java:141)
	at org.junit.platform.engine.support.hierarchical.Node.around(Node.java:137)
	at org.junit.platform.engine.support.hierarchical.NodeTestTask.lambda$executeRecursively$9(NodeTestTask.java:139)
	at org.junit.platform.engine.support.hierarchical.ThrowableCollector.execute(ThrowableCollector.java:73)
	at org.junit.platform.engine.support.hierarchical.NodeTestTask.executeRecursively(NodeTestTask.java:138)
	at org.junit.platform.engine.support.hierarchical.NodeTestTask.execute(NodeTestTask.java:95)
	at java.base/java.util.ArrayList.forEach(ArrayList.java:1596)
	at org.junit.platform.engine.support.hierarchical.SameThreadHierarchicalTestExecutorService.invokeAll(SameThreadHierarchicalTestExecutorService.java:41)
	at org.junit.platform.engine.support.hierarchical.NodeTestTask.lambda$executeRecursively$6(NodeTestTask.java:155)
	at org.junit.platform.engine.support.hierarchical.ThrowableCollector.execute(ThrowableCollector.java:73)
	at org.junit.platform.engine.support.hierarchical.NodeTestTask.lambda$executeRecursively$8(NodeTestTask.java:141)
	at org.junit.platform.engine.support.hierarchical.Node.around(Node.java:137)
	at org.junit.platform.engine.support.hierarchical.NodeTestTask.lambda$executeRecursively$9(NodeTestTask.java:139)
	at org.junit.platform.engine.support.hierarchical.ThrowableCollector.execute(ThrowableCollector.java:73)
	at org.junit.platform.engine.support.hierarchical.NodeTestTask.executeRecursively(NodeTestTask.java:138)
	at org.junit.platform.engine.support.hierarchical.NodeTestTask.execute(NodeTestTask.java:95)
	at org.junit.platform.engine.support.hierarchical.SameThreadHierarchicalTestExecutorService.submit(SameThreadHierarchicalTestExecutorService.java:35)
	at org.junit.platform.engine.support.hierarchical.HierarchicalTestExecutor.execute(HierarchicalTestExecutor.java:57)
	at org.junit.platform.engine.support.hierarchical.HierarchicalTestEngine.execute(HierarchicalTestEngine.java:54)
	at org.junit.platform.launcher.core.EngineExecutionOrchestrator.execute(EngineExecutionOrchestrator.java:198)
	at org.junit.platform.launcher.core.EngineExecutionOrchestrator.execute(EngineExecutionOrchestrator.java:169)
	at org.junit.platform.launcher.core.EngineExecutionOrchestrator.execute(EngineExecutionOrchestrator.java:93)
	at org.junit.platform.launcher.core.EngineExecutionOrchestrator.lambda$execute$0(EngineExecutionOrchestrator.java:58)
	at org.junit.platform.launcher.core.EngineExecutionOrchestrator.withInterceptedStreams(EngineExecutionOrchestrator.java:141)
	at org.junit.platform.launcher.core.EngineExecutionOrchestrator.execute(EngineExecutionOrchestrator.java:57)
	at org.junit.platform.launcher.core.DefaultLauncher.execute(DefaultLauncher.java:103)
	at org.junit.platform.launcher.core.DefaultLauncher.execute(DefaultLauncher.java:85)
	at org.junit.platform.launcher.core.DelegatingLauncher.execute(DelegatingLauncher.java:47)
	at org.junit.platform.launcher.core.SessionPerRequestLauncher.execute(SessionPerRequestLauncher.java:63)
	at com.intellij.junit5.JUnit5IdeaTestRunner.startRunnerWithArgs(JUnit5IdeaTestRunner.java:57)
	at com.intellij.rt.junit.IdeaTestRunner$Repeater$1.execute(IdeaTestRunner.java:38)
	at com.intellij.rt.execution.junit.TestsRepeater.repeat(TestsRepeater.java:11)
	at com.intellij.rt.junit.IdeaTestRunner$Repeater.startRunnerWithArgs(IdeaTestRunner.java:35)
	at com.intellij.rt.junit.JUnitStarter.prepareStreamsAndStart(JUnitStarter.java:232)
	at com.intellij.rt.junit.JUnitStarter.main(JUnitStarter.java:55)
2025-02-28 10:53:30 [main] INFO  l.insoft.uztis.tests.utils.TestUtils - Screenshot moved to C:\Users\ingrida.zadorozniene\Desktop\Asm\UZTIS\UZTIS_tests\test-output\screenshots\20250228\105330311_testFillNewVUIApplicationFA().png
2025-02-28 10:54:36 [main] INFO  lt.insoft.uztis.tests.UztisPageTest - Navigated to https://uztisdev.asseco.lt/home
2025-02-28 10:54:36 [main] INFO  l.i.u.t.SubmittedApplicationsPageTest - Starting test:'testFillNewVUIPApplicationFA'
2025-02-28 10:54:36 [main] DEBUG l.i.u.t.SubmittedApplicationsPageTest - User logged in with test credentials.
2025-02-28 10:54:37 [main] DEBUG l.i.u.t.SubmittedApplicationsPageTest - Opened 'Application Processing' menu.
2025-02-28 10:54:37 [main] DEBUG l.i.u.t.SubmittedApplicationsPageTest - Clicked on 'Application Forms' menu.
2025-02-28 10:54:37 [main] DEBUG l.i.u.t.SubmittedApplicationsPageTest - Retrieved last description code text: 'TST-VUI-52'.
2025-02-28 10:54:37 [main] DEBUG l.i.u.t.SubmittedApplicationsPageTest - Clicked on 'Invitation' menu.
2025-02-28 10:54:38 [main] DEBUG l.i.u.t.SubmittedApplicationsPageTest - Selected application section by code: 'TST-VUI-52'.
2025-02-28 10:54:38 [main] DEBUG l.i.u.t.SubmittedApplicationsPageTest - Clicked 'Search' button.
2025-02-28 10:54:38 [main] DEBUG l.i.u.t.SubmittedApplicationsPageTest - Retrieved invitation code: ''.
2025-02-28 10:54:38 [main] DEBUG l.i.u.t.SubmittedApplicationsPageTest - Clicked on 'Submitted Applications' menu.
2025-02-28 10:54:40 [main] DEBUG l.i.u.t.SubmittedApplicationsPageTest - Selected invitation by code: 'TST-VUI-52'.
2025-02-28 10:54:40 [main] DEBUG l.i.u.t.SubmittedApplicationsPageTest - Invitation code inserted.
2025-02-28 10:54:40 [main] DEBUG l.i.u.t.SubmittedApplicationsPageTest - Clicked on 'Action Application' button.
2025-02-28 10:54:40 [main] DEBUG l.i.u.t.SubmittedApplicationsPageTest - Clicked on 'New Application' button.
2025-02-28 10:54:41 [main] DEBUG l.i.u.t.SubmittedApplicationsPageTest - Selected the 'RadioButtonFA' option.
2025-02-28 10:54:41 [main] DEBUG l.i.u.t.SubmittedApplicationsPageTest - Entered phone number: '61298745'.
2025-02-28 10:54:41 [main] DEBUG l.i.u.t.SubmittedApplicationsPageTest - Entered email: 'test@autotest.com'.
2025-02-28 10:54:41 [main] INFO  l.i.u.p.SubmittedApplicationsPage - Clicking on the dropdown button.
2025-02-28 10:55:00 [main] INFO  l.i.u.p.SubmittedApplicationsPage - Found 1741 options in the dropdown.
2025-02-28 10:55:00 [main] DEBUG l.i.u.p.SubmittedApplicationsPage - Checking option: ''
2025-02-28 10:55:00 [main] DEBUG l.i.u.p.SubmittedApplicationsPage - Checking option: '01.11 - Grūdinių (išskyrus ryžius), ankštinių ir aliejingų sėklų augalų auginimas'
2025-02-28 10:55:00 [main] INFO  l.i.u.p.SubmittedApplicationsPage - Successfully selected the value: '01.11 - Grūdinių (išskyrus ryžius), ankštinių ir aliejingų sėklų augalų auginimas'
2025-02-28 10:55:00 [main] INFO  l.i.u.p.SubmittedApplicationsPage - Attempting to close the dropdown.
2025-02-28 10:55:10 [main] INFO  l.i.u.p.SubmittedApplicationsPage - Dropdown should be closed now.
2025-02-28 10:55:10 [main] DEBUG l.i.u.t.SubmittedApplicationsPageTest - Selected EVRK value: '01.11 - Grūdinių (išskyrus ryžius), ankštinių ir aliejingų sėklų augalų auginimas'.
2025-02-28 10:55:11 [main] DEBUG l.i.u.t.SubmittedApplicationsPageTest - Entered project date.
2025-02-28 10:55:11 [main] DEBUG l.i.u.t.SubmittedApplicationsPageTest - Entered job count: '1'.
2025-02-28 10:55:12 [main] ERROR l.i.u.t.SubmittedApplicationsPageTest - Test 'testFillNewVUIApplicationFA' failed with error: element click intercepted: Element <div class="mat-mdc-form-field-infix ng-tns-c508571215-16">...</div> is not clickable at point (1111, 69). Other element would receive the click: <mat-form-field class="mat-mdc-form-field ng-tns-c508571215-16 mat-mdc-form-field-type-common-text-input mat-mdc-form-field-has-icon-prefix mat-mdc-form-field-has-icon-suffix mat-form-field-disabled mat-form-field-appearance-outline mat-primary ng-untouched ng-star-inserted ng-dirty" style="--mat-form-field-notch-max-width: calc(100% - 8px);">...</mat-form-field>
  (Session info: chrome=133.0.6943.142)
Build info: version: '4.27.0', revision: 'd6e718d134'
System info: os.name: 'Windows 11', os.arch: 'amd64', os.version: '10.0', java.version: '21.0.3'
Driver info: org.openqa.selenium.chrome.ChromeDriver
Command: [52fa400625f98ad8be61ee1dc0ce0fb8, clickElement {id=f.2E50B6BE440500F88F0A9E66F66BBE07.d.073E38303C65F5BE2A975E396EB8C0BD.e.2020}]
Capabilities {acceptInsecureCerts: false, browserName: chrome, browserVersion: 133.0.6943.142, chrome: {chromedriverVersion: 133.0.6943.141 (2a5d6da0d61..., userDataDir: C:\Users\INGRID~1.ZAD\AppDa...}, fedcm:accounts: true, goog:chromeOptions: {debuggerAddress: localhost:51863}, networkConnectionEnabled: false, pageLoadStrategy: normal, platformName: windows, proxy: Proxy(), se:cdp: ws://localhost:51863/devtoo..., se:cdpVersion: 133.0.6943.142, setWindowRect: true, strictFileInteractability: false, timeouts: {implicit: 0, pageLoad: 300000, script: 30000}, unhandledPromptBehavior: dismiss and notify, webauthn:extension:credBlob: true, webauthn:extension:largeBlob: true, webauthn:extension:minPinLength: true, webauthn:extension:prf: true, webauthn:virtualAuthenticators: true}
Element: [[ChromeDriver: chrome on windows (52fa400625f98ad8be61ee1dc0ce0fb8)] -> xpath: //div[contains(@class, 'mat-mdc-form-field-infix')]]
Session ID: 52fa400625f98ad8be61ee1dc0ce0fb8
org.openqa.selenium.ElementClickInterceptedException: element click intercepted: Element <div class="mat-mdc-form-field-infix ng-tns-c508571215-16">...</div> is not clickable at point (1111, 69). Other element would receive the click: <mat-form-field class="mat-mdc-form-field ng-tns-c508571215-16 mat-mdc-form-field-type-common-text-input mat-mdc-form-field-has-icon-prefix mat-mdc-form-field-has-icon-suffix mat-form-field-disabled mat-form-field-appearance-outline mat-primary ng-untouched ng-star-inserted ng-dirty" style="--mat-form-field-notch-max-width: calc(100% - 8px);">...</mat-form-field>
  (Session info: chrome=133.0.6943.142)
Build info: version: '4.27.0', revision: 'd6e718d134'
System info: os.name: 'Windows 11', os.arch: 'amd64', os.version: '10.0', java.version: '21.0.3'
Driver info: org.openqa.selenium.chrome.ChromeDriver
Command: [52fa400625f98ad8be61ee1dc0ce0fb8, clickElement {id=f.2E50B6BE440500F88F0A9E66F66BBE07.d.073E38303C65F5BE2A975E396EB8C0BD.e.2020}]
Capabilities {acceptInsecureCerts: false, browserName: chrome, browserVersion: 133.0.6943.142, chrome: {chromedriverVersion: 133.0.6943.141 (2a5d6da0d61..., userDataDir: C:\Users\INGRID~1.ZAD\AppDa...}, fedcm:accounts: true, goog:chromeOptions: {debuggerAddress: localhost:51863}, networkConnectionEnabled: false, pageLoadStrategy: normal, platformName: windows, proxy: Proxy(), se:cdp: ws://localhost:51863/devtoo..., se:cdpVersion: 133.0.6943.142, setWindowRect: true, strictFileInteractability: false, timeouts: {implicit: 0, pageLoad: 300000, script: 30000}, unhandledPromptBehavior: dismiss and notify, webauthn:extension:credBlob: true, webauthn:extension:largeBlob: true, webauthn:extension:minPinLength: true, webauthn:extension:prf: true, webauthn:virtualAuthenticators: true}
Element: [[ChromeDriver: chrome on windows (52fa400625f98ad8be61ee1dc0ce0fb8)] -> xpath: //div[contains(@class, 'mat-mdc-form-field-infix')]]
Session ID: 52fa400625f98ad8be61ee1dc0ce0fb8
	at java.base/jdk.internal.reflect.DirectConstructorHandleAccessor.newInstance(DirectConstructorHandleAccessor.java:62)
	at java.base/java.lang.reflect.Constructor.newInstanceWithCaller(Constructor.java:502)
	at java.base/java.lang.reflect.Constructor.newInstance(Constructor.java:486)
	at org.openqa.selenium.remote.ErrorCodec.decode(ErrorCodec.java:167)
	at org.openqa.selenium.remote.codec.w3c.W3CHttpResponseCodec.decode(W3CHttpResponseCodec.java:138)
	at org.openqa.selenium.remote.codec.w3c.W3CHttpResponseCodec.decode(W3CHttpResponseCodec.java:50)
	at org.openqa.selenium.remote.HttpCommandExecutor.execute(HttpCommandExecutor.java:190)
	at org.openqa.selenium.remote.service.DriverCommandExecutor.invokeExecute(DriverCommandExecutor.java:216)
	at org.openqa.selenium.remote.service.DriverCommandExecutor.execute(DriverCommandExecutor.java:174)
	at org.openqa.selenium.remote.RemoteWebDriver.execute(RemoteWebDriver.java:545)
	at org.openqa.selenium.remote.RemoteWebElement.execute(RemoteWebElement.java:223)
	at org.openqa.selenium.remote.RemoteWebElement.click(RemoteWebElement.java:76)
	at java.base/jdk.internal.reflect.DirectMethodHandleAccessor.invoke(DirectMethodHandleAccessor.java:103)
	at java.base/java.lang.reflect.Method.invoke(Method.java:580)
	at org.openqa.selenium.support.pagefactory.internal.LocatingElementHandler.invoke(LocatingElementHandler.java:51)
	at jdk.proxy2/jdk.proxy2.$Proxy14.click(Unknown Source)
	at lt.insoft.uztis.pages.SubmittedApplicationsPage.clickAddressComponent(SubmittedApplicationsPage.java:672)
	at lt.insoft.uztis.tests.SubmittedApplicationsPageTest.testFillNewVUIApplicationFA(SubmittedApplicationsPageTest.java:179)
	at java.base/jdk.internal.reflect.DirectMethodHandleAccessor.invoke(DirectMethodHandleAccessor.java:103)
	at java.base/java.lang.reflect.Method.invoke(Method.java:580)
	at org.junit.platform.commons.util.ReflectionUtils.invokeMethod(ReflectionUtils.java:728)
	at org.junit.jupiter.engine.execution.MethodInvocation.proceed(MethodInvocation.java:60)
	at org.junit.jupiter.engine.execution.InvocationInterceptorChain$ValidatingInvocation.proceed(InvocationInterceptorChain.java:131)
	at org.junit.jupiter.engine.extension.TimeoutExtension.intercept(TimeoutExtension.java:156)
	at org.junit.jupiter.engine.extension.TimeoutExtension.interceptTestableMethod(TimeoutExtension.java:147)
	at org.junit.jupiter.engine.extension.TimeoutExtension.interceptTestMethod(TimeoutExtension.java:86)
	at org.junit.jupiter.engine.execution.InterceptingExecutableInvoker$ReflectiveInterceptorCall.lambda$ofVoidMethod$0(InterceptingExecutableInvoker.java:103)
	at org.junit.jupiter.engine.execution.InterceptingExecutableInvoker.lambda$invoke$0(InterceptingExecutableInvoker.java:93)
	at org.junit.jupiter.engine.execution.InvocationInterceptorChain$InterceptedInvocation.proceed(InvocationInterceptorChain.java:106)
	at org.junit.jupiter.engine.execution.InvocationInterceptorChain.proceed(InvocationInterceptorChain.java:64)
	at org.junit.jupiter.engine.execution.InvocationInterceptorChain.chainAndInvoke(InvocationInterceptorChain.java:45)
	at org.junit.jupiter.engine.execution.InvocationInterceptorChain.invoke(InvocationInterceptorChain.java:37)
	at org.junit.jupiter.engine.execution.InterceptingExecutableInvoker.invoke(InterceptingExecutableInvoker.java:92)
	at org.junit.jupiter.engine.execution.InterceptingExecutableInvoker.invoke(InterceptingExecutableInvoker.java:86)
	at org.junit.jupiter.engine.descriptor.TestMethodTestDescriptor.lambda$invokeTestMethod$7(TestMethodTestDescriptor.java:218)
	at org.junit.platform.engine.support.hierarchical.ThrowableCollector.execute(ThrowableCollector.java:73)
	at org.junit.jupiter.engine.descriptor.TestMethodTestDescriptor.invokeTestMethod(TestMethodTestDescriptor.java:214)
	at org.junit.jupiter.engine.descriptor.TestMethodTestDescriptor.execute(TestMethodTestDescriptor.java:139)
	at org.junit.jupiter.engine.descriptor.TestMethodTestDescriptor.execute(TestMethodTestDescriptor.java:69)
	at org.junit.platform.engine.support.hierarchical.NodeTestTask.lambda$executeRecursively$6(NodeTestTask.java:151)
	at org.junit.platform.engine.support.hierarchical.ThrowableCollector.execute(ThrowableCollector.java:73)
	at org.junit.platform.engine.support.hierarchical.NodeTestTask.lambda$executeRecursively$8(NodeTestTask.java:141)
	at org.junit.platform.engine.support.hierarchical.Node.around(Node.java:137)
	at org.junit.platform.engine.support.hierarchical.NodeTestTask.lambda$executeRecursively$9(NodeTestTask.java:139)
	at org.junit.platform.engine.support.hierarchical.ThrowableCollector.execute(ThrowableCollector.java:73)
	at org.junit.platform.engine.support.hierarchical.NodeTestTask.executeRecursively(NodeTestTask.java:138)
	at org.junit.platform.engine.support.hierarchical.NodeTestTask.execute(NodeTestTask.java:95)
	at java.base/java.util.ArrayList.forEach(ArrayList.java:1596)
	at org.junit.platform.engine.support.hierarchical.SameThreadHierarchicalTestExecutorService.invokeAll(SameThreadHierarchicalTestExecutorService.java:41)
	at org.junit.platform.engine.support.hierarchical.NodeTestTask.lambda$executeRecursively$6(NodeTestTask.java:155)
	at org.junit.platform.engine.support.hierarchical.ThrowableCollector.execute(ThrowableCollector.java:73)
	at org.junit.platform.engine.support.hierarchical.NodeTestTask.lambda$executeRecursively$8(NodeTestTask.java:141)
	at org.junit.platform.engine.support.hierarchical.Node.around(Node.java:137)
	at org.junit.platform.engine.support.hierarchical.NodeTestTask.lambda$executeRecursively$9(NodeTestTask.java:139)
	at org.junit.platform.engine.support.hierarchical.ThrowableCollector.execute(ThrowableCollector.java:73)
	at org.junit.platform.engine.support.hierarchical.NodeTestTask.executeRecursively(NodeTestTask.java:138)
	at org.junit.platform.engine.support.hierarchical.NodeTestTask.execute(NodeTestTask.java:95)
	at java.base/java.util.ArrayList.forEach(ArrayList.java:1596)
	at org.junit.platform.engine.support.hierarchical.SameThreadHierarchicalTestExecutorService.invokeAll(SameThreadHierarchicalTestExecutorService.java:41)
	at org.junit.platform.engine.support.hierarchical.NodeTestTask.lambda$executeRecursively$6(NodeTestTask.java:155)
	at org.junit.platform.engine.support.hierarchical.ThrowableCollector.execute(ThrowableCollector.java:73)
	at org.junit.platform.engine.support.hierarchical.NodeTestTask.lambda$executeRecursively$8(NodeTestTask.java:141)
	at org.junit.platform.engine.support.hierarchical.Node.around(Node.java:137)
	at org.junit.platform.engine.support.hierarchical.NodeTestTask.lambda$executeRecursively$9(NodeTestTask.java:139)
	at org.junit.platform.engine.support.hierarchical.ThrowableCollector.execute(ThrowableCollector.java:73)
	at org.junit.platform.engine.support.hierarchical.NodeTestTask.executeRecursively(NodeTestTask.java:138)
	at org.junit.platform.engine.support.hierarchical.NodeTestTask.execute(NodeTestTask.java:95)
	at org.junit.platform.engine.support.hierarchical.SameThreadHierarchicalTestExecutorService.submit(SameThreadHierarchicalTestExecutorService.java:35)
	at org.junit.platform.engine.support.hierarchical.HierarchicalTestExecutor.execute(HierarchicalTestExecutor.java:57)
	at org.junit.platform.engine.support.hierarchical.HierarchicalTestEngine.execute(HierarchicalTestEngine.java:54)
	at org.junit.platform.launcher.core.EngineExecutionOrchestrator.execute(EngineExecutionOrchestrator.java:198)
	at org.junit.platform.launcher.core.EngineExecutionOrchestrator.execute(EngineExecutionOrchestrator.java:169)
	at org.junit.platform.launcher.core.EngineExecutionOrchestrator.execute(EngineExecutionOrchestrator.java:93)
	at org.junit.platform.launcher.core.EngineExecutionOrchestrator.lambda$execute$0(EngineExecutionOrchestrator.java:58)
	at org.junit.platform.launcher.core.EngineExecutionOrchestrator.withInterceptedStreams(EngineExecutionOrchestrator.java:141)
	at org.junit.platform.launcher.core.EngineExecutionOrchestrator.execute(EngineExecutionOrchestrator.java:57)
	at org.junit.platform.launcher.core.DefaultLauncher.execute(DefaultLauncher.java:103)
	at org.junit.platform.launcher.core.DefaultLauncher.execute(DefaultLauncher.java:85)
	at org.junit.platform.launcher.core.DelegatingLauncher.execute(DelegatingLauncher.java:47)
	at org.junit.platform.launcher.core.SessionPerRequestLauncher.execute(SessionPerRequestLauncher.java:63)
	at com.intellij.junit5.JUnit5IdeaTestRunner.startRunnerWithArgs(JUnit5IdeaTestRunner.java:57)
	at com.intellij.rt.junit.IdeaTestRunner$Repeater$1.execute(IdeaTestRunner.java:38)
	at com.intellij.rt.execution.junit.TestsRepeater.repeat(TestsRepeater.java:11)
	at com.intellij.rt.junit.IdeaTestRunner$Repeater.startRunnerWithArgs(IdeaTestRunner.java:35)
	at com.intellij.rt.junit.JUnitStarter.prepareStreamsAndStart(JUnitStarter.java:232)
	at com.intellij.rt.junit.JUnitStarter.main(JUnitStarter.java:55)
2025-02-28 10:55:12 [main] INFO  l.insoft.uztis.tests.utils.TestUtils - Screenshot moved to C:\Users\ingrida.zadorozniene\Desktop\Asm\UZTIS\UZTIS_tests\test-output\screenshots\20250228\105512452_testFillNewVUIApplicationFA().png
2025-02-28 10:55:52 [main] INFO  lt.insoft.uztis.tests.UztisPageTest - Navigated to https://uztisdev.asseco.lt/home
2025-02-28 10:55:52 [main] INFO  l.i.u.t.SubmittedApplicationsPageTest - Starting test:'testFillNewVUIPApplicationFA'
2025-02-28 10:55:52 [main] DEBUG l.i.u.t.SubmittedApplicationsPageTest - User logged in with test credentials.
2025-02-28 10:55:53 [main] DEBUG l.i.u.t.SubmittedApplicationsPageTest - Opened 'Application Processing' menu.
2025-02-28 10:55:53 [main] DEBUG l.i.u.t.SubmittedApplicationsPageTest - Clicked on 'Application Forms' menu.
2025-02-28 10:55:53 [main] DEBUG l.i.u.t.SubmittedApplicationsPageTest - Retrieved last description code text: 'TST-VUI-52'.
2025-02-28 10:55:53 [main] DEBUG l.i.u.t.SubmittedApplicationsPageTest - Clicked on 'Invitation' menu.
2025-02-28 10:55:54 [main] DEBUG l.i.u.t.SubmittedApplicationsPageTest - Selected application section by code: 'TST-VUI-52'.
2025-02-28 10:55:54 [main] DEBUG l.i.u.t.SubmittedApplicationsPageTest - Clicked 'Search' button.
2025-02-28 10:55:55 [main] DEBUG l.i.u.t.SubmittedApplicationsPageTest - Retrieved invitation code: ''.
2025-02-28 10:55:55 [main] DEBUG l.i.u.t.SubmittedApplicationsPageTest - Clicked on 'Submitted Applications' menu.
2025-02-28 10:55:56 [main] DEBUG l.i.u.t.SubmittedApplicationsPageTest - Selected invitation by code: 'TST-VUI-52'.
2025-02-28 10:55:56 [main] DEBUG l.i.u.t.SubmittedApplicationsPageTest - Invitation code inserted.
2025-02-28 10:55:56 [main] DEBUG l.i.u.t.SubmittedApplicationsPageTest - Clicked on 'Action Application' button.
2025-02-28 10:55:56 [main] DEBUG l.i.u.t.SubmittedApplicationsPageTest - Clicked on 'New Application' button.
2025-02-28 10:55:57 [main] DEBUG l.i.u.t.SubmittedApplicationsPageTest - Selected the 'RadioButtonFA' option.
2025-02-28 10:55:57 [main] DEBUG l.i.u.t.SubmittedApplicationsPageTest - Entered phone number: '61298745'.
2025-02-28 10:55:57 [main] DEBUG l.i.u.t.SubmittedApplicationsPageTest - Entered email: 'test@autotest.com'.
2025-02-28 10:55:57 [main] INFO  l.i.u.p.SubmittedApplicationsPage - Clicking on the dropdown button.
2025-02-28 10:56:15 [main] INFO  l.i.u.p.SubmittedApplicationsPage - Found 1741 options in the dropdown.
2025-02-28 10:56:15 [main] DEBUG l.i.u.p.SubmittedApplicationsPage - Checking option: ''
2025-02-28 10:56:15 [main] DEBUG l.i.u.p.SubmittedApplicationsPage - Checking option: '01.11 - Grūdinių (išskyrus ryžius), ankštinių ir aliejingų sėklų augalų auginimas'
2025-02-28 10:56:16 [main] INFO  l.i.u.p.SubmittedApplicationsPage - Successfully selected the value: '01.11 - Grūdinių (išskyrus ryžius), ankštinių ir aliejingų sėklų augalų auginimas'
2025-02-28 10:56:16 [main] INFO  l.i.u.p.SubmittedApplicationsPage - Attempting to close the dropdown.
2025-02-28 10:56:26 [main] INFO  l.i.u.p.SubmittedApplicationsPage - Dropdown should be closed now.
2025-02-28 10:56:26 [main] DEBUG l.i.u.t.SubmittedApplicationsPageTest - Selected EVRK value: '01.11 - Grūdinių (išskyrus ryžius), ankštinių ir aliejingų sėklų augalų auginimas'.
2025-02-28 10:56:26 [main] DEBUG l.i.u.t.SubmittedApplicationsPageTest - Entered project date.
2025-02-28 10:56:27 [main] DEBUG l.i.u.t.SubmittedApplicationsPageTest - Entered job count: '1'.
2025-02-28 10:56:37 [main] ERROR l.i.u.t.SubmittedApplicationsPageTest - Test 'testFillNewVUIApplicationFA' failed with error: no such element: Unable to locate element: {"method":"xpath","selector":"//input[@id='common-text-input-25']"}
  (Session info: chrome=133.0.6943.142)
For documentation on this error, please visit: https://www.selenium.dev/documentation/webdriver/troubleshooting/errors#no-such-element-exception
Build info: version: '4.27.0', revision: 'd6e718d134'
System info: os.name: 'Windows 11', os.arch: 'amd64', os.version: '10.0', java.version: '21.0.3'
Driver info: org.openqa.selenium.chrome.ChromeDriver
Command: [572b334f8873c7b4959c73c52d3a2ef6, findElement {value=//input[@id='common-text-input-25'], using=xpath}]
Capabilities {acceptInsecureCerts: false, browserName: chrome, browserVersion: 133.0.6943.142, chrome: {chromedriverVersion: 133.0.6943.141 (2a5d6da0d61..., userDataDir: C:\Users\INGRID~1.ZAD\AppDa...}, fedcm:accounts: true, goog:chromeOptions: {debuggerAddress: localhost:51923}, networkConnectionEnabled: false, pageLoadStrategy: normal, platformName: windows, proxy: Proxy(), se:cdp: ws://localhost:51923/devtoo..., se:cdpVersion: 133.0.6943.142, setWindowRect: true, strictFileInteractability: false, timeouts: {implicit: 0, pageLoad: 300000, script: 30000}, unhandledPromptBehavior: dismiss and notify, webauthn:extension:credBlob: true, webauthn:extension:largeBlob: true, webauthn:extension:minPinLength: true, webauthn:extension:prf: true, webauthn:virtualAuthenticators: true}
Session ID: 572b334f8873c7b4959c73c52d3a2ef6
org.openqa.selenium.NoSuchElementException: no such element: Unable to locate element: {"method":"xpath","selector":"//input[@id='common-text-input-25']"}
  (Session info: chrome=133.0.6943.142)
For documentation on this error, please visit: https://www.selenium.dev/documentation/webdriver/troubleshooting/errors#no-such-element-exception
Build info: version: '4.27.0', revision: 'd6e718d134'
System info: os.name: 'Windows 11', os.arch: 'amd64', os.version: '10.0', java.version: '21.0.3'
Driver info: org.openqa.selenium.chrome.ChromeDriver
Command: [572b334f8873c7b4959c73c52d3a2ef6, findElement {value=//input[@id='common-text-input-25'], using=xpath}]
Capabilities {acceptInsecureCerts: false, browserName: chrome, browserVersion: 133.0.6943.142, chrome: {chromedriverVersion: 133.0.6943.141 (2a5d6da0d61..., userDataDir: C:\Users\INGRID~1.ZAD\AppDa...}, fedcm:accounts: true, goog:chromeOptions: {debuggerAddress: localhost:51923}, networkConnectionEnabled: false, pageLoadStrategy: normal, platformName: windows, proxy: Proxy(), se:cdp: ws://localhost:51923/devtoo..., se:cdpVersion: 133.0.6943.142, setWindowRect: true, strictFileInteractability: false, timeouts: {implicit: 0, pageLoad: 300000, script: 30000}, unhandledPromptBehavior: dismiss and notify, webauthn:extension:credBlob: true, webauthn:extension:largeBlob: true, webauthn:extension:minPinLength: true, webauthn:extension:prf: true, webauthn:virtualAuthenticators: true}
Session ID: 572b334f8873c7b4959c73c52d3a2ef6
	at java.base/jdk.internal.reflect.DirectConstructorHandleAccessor.newInstance(DirectConstructorHandleAccessor.java:62)
	at java.base/java.lang.reflect.Constructor.newInstanceWithCaller(Constructor.java:502)
	at java.base/java.lang.reflect.Constructor.newInstance(Constructor.java:486)
	at org.openqa.selenium.remote.ErrorCodec.decode(ErrorCodec.java:167)
	at org.openqa.selenium.remote.codec.w3c.W3CHttpResponseCodec.decode(W3CHttpResponseCodec.java:138)
	at org.openqa.selenium.remote.codec.w3c.W3CHttpResponseCodec.decode(W3CHttpResponseCodec.java:50)
	at org.openqa.selenium.remote.HttpCommandExecutor.execute(HttpCommandExecutor.java:190)
	at org.openqa.selenium.remote.service.DriverCommandExecutor.invokeExecute(DriverCommandExecutor.java:216)
	at org.openqa.selenium.remote.service.DriverCommandExecutor.execute(DriverCommandExecutor.java:174)
	at org.openqa.selenium.remote.RemoteWebDriver.execute(RemoteWebDriver.java:545)
	at org.openqa.selenium.remote.ElementLocation$ElementFinder$2.findElement(ElementLocation.java:165)
	at org.openqa.selenium.remote.ElementLocation.findElement(ElementLocation.java:59)
	at org.openqa.selenium.remote.RemoteWebDriver.findElement(RemoteWebDriver.java:368)
	at org.openqa.selenium.remote.RemoteWebDriver.findElement(RemoteWebDriver.java:362)
	at org.openqa.selenium.support.pagefactory.DefaultElementLocator.findElement(DefaultElementLocator.java:68)
	at org.openqa.selenium.support.pagefactory.internal.LocatingElementHandler.invoke(LocatingElementHandler.java:38)
	at jdk.proxy2/jdk.proxy2.$Proxy14.click(Unknown Source)
	at lt.insoft.uztis.pages.SubmittedApplicationsPage.clickAddressComponent(SubmittedApplicationsPage.java:673)
	at lt.insoft.uztis.tests.SubmittedApplicationsPageTest.testFillNewVUIApplicationFA(SubmittedApplicationsPageTest.java:179)
	at java.base/jdk.internal.reflect.DirectMethodHandleAccessor.invoke(DirectMethodHandleAccessor.java:103)
	at java.base/java.lang.reflect.Method.invoke(Method.java:580)
	at org.junit.platform.commons.util.ReflectionUtils.invokeMethod(ReflectionUtils.java:728)
	at org.junit.jupiter.engine.execution.MethodInvocation.proceed(MethodInvocation.java:60)
	at org.junit.jupiter.engine.execution.InvocationInterceptorChain$ValidatingInvocation.proceed(InvocationInterceptorChain.java:131)
	at org.junit.jupiter.engine.extension.TimeoutExtension.intercept(TimeoutExtension.java:156)
	at org.junit.jupiter.engine.extension.TimeoutExtension.interceptTestableMethod(TimeoutExtension.java:147)
	at org.junit.jupiter.engine.extension.TimeoutExtension.interceptTestMethod(TimeoutExtension.java:86)
	at org.junit.jupiter.engine.execution.InterceptingExecutableInvoker$ReflectiveInterceptorCall.lambda$ofVoidMethod$0(InterceptingExecutableInvoker.java:103)
	at org.junit.jupiter.engine.execution.InterceptingExecutableInvoker.lambda$invoke$0(InterceptingExecutableInvoker.java:93)
	at org.junit.jupiter.engine.execution.InvocationInterceptorChain$InterceptedInvocation.proceed(InvocationInterceptorChain.java:106)
	at org.junit.jupiter.engine.execution.InvocationInterceptorChain.proceed(InvocationInterceptorChain.java:64)
	at org.junit.jupiter.engine.execution.InvocationInterceptorChain.chainAndInvoke(InvocationInterceptorChain.java:45)
	at org.junit.jupiter.engine.execution.InvocationInterceptorChain.invoke(InvocationInterceptorChain.java:37)
	at org.junit.jupiter.engine.execution.InterceptingExecutableInvoker.invoke(InterceptingExecutableInvoker.java:92)
	at org.junit.jupiter.engine.execution.InterceptingExecutableInvoker.invoke(InterceptingExecutableInvoker.java:86)
	at org.junit.jupiter.engine.descriptor.TestMethodTestDescriptor.lambda$invokeTestMethod$7(TestMethodTestDescriptor.java:218)
	at org.junit.platform.engine.support.hierarchical.ThrowableCollector.execute(ThrowableCollector.java:73)
	at org.junit.jupiter.engine.descriptor.TestMethodTestDescriptor.invokeTestMethod(TestMethodTestDescriptor.java:214)
	at org.junit.jupiter.engine.descriptor.TestMethodTestDescriptor.execute(TestMethodTestDescriptor.java:139)
	at org.junit.jupiter.engine.descriptor.TestMethodTestDescriptor.execute(TestMethodTestDescriptor.java:69)
	at org.junit.platform.engine.support.hierarchical.NodeTestTask.lambda$executeRecursively$6(NodeTestTask.java:151)
	at org.junit.platform.engine.support.hierarchical.ThrowableCollector.execute(ThrowableCollector.java:73)
	at org.junit.platform.engine.support.hierarchical.NodeTestTask.lambda$executeRecursively$8(NodeTestTask.java:141)
	at org.junit.platform.engine.support.hierarchical.Node.around(Node.java:137)
	at org.junit.platform.engine.support.hierarchical.NodeTestTask.lambda$executeRecursively$9(NodeTestTask.java:139)
	at org.junit.platform.engine.support.hierarchical.ThrowableCollector.execute(ThrowableCollector.java:73)
	at org.junit.platform.engine.support.hierarchical.NodeTestTask.executeRecursively(NodeTestTask.java:138)
	at org.junit.platform.engine.support.hierarchical.NodeTestTask.execute(NodeTestTask.java:95)
	at java.base/java.util.ArrayList.forEach(ArrayList.java:1596)
	at org.junit.platform.engine.support.hierarchical.SameThreadHierarchicalTestExecutorService.invokeAll(SameThreadHierarchicalTestExecutorService.java:41)
	at org.junit.platform.engine.support.hierarchical.NodeTestTask.lambda$executeRecursively$6(NodeTestTask.java:155)
	at org.junit.platform.engine.support.hierarchical.ThrowableCollector.execute(ThrowableCollector.java:73)
	at org.junit.platform.engine.support.hierarchical.NodeTestTask.lambda$executeRecursively$8(NodeTestTask.java:141)
	at org.junit.platform.engine.support.hierarchical.Node.around(Node.java:137)
	at org.junit.platform.engine.support.hierarchical.NodeTestTask.lambda$executeRecursively$9(NodeTestTask.java:139)
	at org.junit.platform.engine.support.hierarchical.ThrowableCollector.execute(ThrowableCollector.java:73)
	at org.junit.platform.engine.support.hierarchical.NodeTestTask.executeRecursively(NodeTestTask.java:138)
	at org.junit.platform.engine.support.hierarchical.NodeTestTask.execute(NodeTestTask.java:95)
	at java.base/java.util.ArrayList.forEach(ArrayList.java:1596)
	at org.junit.platform.engine.support.hierarchical.SameThreadHierarchicalTestExecutorService.invokeAll(SameThreadHierarchicalTestExecutorService.java:41)
	at org.junit.platform.engine.support.hierarchical.NodeTestTask.lambda$executeRecursively$6(NodeTestTask.java:155)
	at org.junit.platform.engine.support.hierarchical.ThrowableCollector.execute(ThrowableCollector.java:73)
	at org.junit.platform.engine.support.hierarchical.NodeTestTask.lambda$executeRecursively$8(NodeTestTask.java:141)
	at org.junit.platform.engine.support.hierarchical.Node.around(Node.java:137)
	at org.junit.platform.engine.support.hierarchical.NodeTestTask.lambda$executeRecursively$9(NodeTestTask.java:139)
	at org.junit.platform.engine.support.hierarchical.ThrowableCollector.execute(ThrowableCollector.java:73)
	at org.junit.platform.engine.support.hierarchical.NodeTestTask.executeRecursively(NodeTestTask.java:138)
	at org.junit.platform.engine.support.hierarchical.NodeTestTask.execute(NodeTestTask.java:95)
	at org.junit.platform.engine.support.hierarchical.SameThreadHierarchicalTestExecutorService.submit(SameThreadHierarchicalTestExecutorService.java:35)
	at org.junit.platform.engine.support.hierarchical.HierarchicalTestExecutor.execute(HierarchicalTestExecutor.java:57)
	at org.junit.platform.engine.support.hierarchical.HierarchicalTestEngine.execute(HierarchicalTestEngine.java:54)
	at org.junit.platform.launcher.core.EngineExecutionOrchestrator.execute(EngineExecutionOrchestrator.java:198)
	at org.junit.platform.launcher.core.EngineExecutionOrchestrator.execute(EngineExecutionOrchestrator.java:169)
	at org.junit.platform.launcher.core.EngineExecutionOrchestrator.execute(EngineExecutionOrchestrator.java:93)
	at org.junit.platform.launcher.core.EngineExecutionOrchestrator.lambda$execute$0(EngineExecutionOrchestrator.java:58)
	at org.junit.platform.launcher.core.EngineExecutionOrchestrator.withInterceptedStreams(EngineExecutionOrchestrator.java:141)
	at org.junit.platform.launcher.core.EngineExecutionOrchestrator.execute(EngineExecutionOrchestrator.java:57)
	at org.junit.platform.launcher.core.DefaultLauncher.execute(DefaultLauncher.java:103)
	at org.junit.platform.launcher.core.DefaultLauncher.execute(DefaultLauncher.java:85)
	at org.junit.platform.launcher.core.DelegatingLauncher.execute(DelegatingLauncher.java:47)
	at org.junit.platform.launcher.core.SessionPerRequestLauncher.execute(SessionPerRequestLauncher.java:63)
	at com.intellij.junit5.JUnit5IdeaTestRunner.startRunnerWithArgs(JUnit5IdeaTestRunner.java:57)
	at com.intellij.rt.junit.IdeaTestRunner$Repeater$1.execute(IdeaTestRunner.java:38)
	at com.intellij.rt.execution.junit.TestsRepeater.repeat(TestsRepeater.java:11)
	at com.intellij.rt.junit.IdeaTestRunner$Repeater.startRunnerWithArgs(IdeaTestRunner.java:35)
	at com.intellij.rt.junit.JUnitStarter.prepareStreamsAndStart(JUnitStarter.java:232)
	at com.intellij.rt.junit.JUnitStarter.main(JUnitStarter.java:55)
2025-02-28 10:56:37 [main] INFO  l.insoft.uztis.tests.utils.TestUtils - Screenshot moved to C:\Users\ingrida.zadorozniene\Desktop\Asm\UZTIS\UZTIS_tests\test-output\screenshots\20250228\105637224_testFillNewVUIApplicationFA().png
2025-02-28 10:59:22 [main] INFO  lt.insoft.uztis.tests.UztisPageTest - Navigated to https://uztisdev.asseco.lt/home
2025-02-28 10:59:22 [main] INFO  l.i.u.t.SubmittedApplicationsPageTest - Starting test:'testFillNewVUIPApplicationFA'
2025-02-28 10:59:22 [main] DEBUG l.i.u.t.SubmittedApplicationsPageTest - User logged in with test credentials.
2025-02-28 10:59:23 [main] DEBUG l.i.u.t.SubmittedApplicationsPageTest - Opened 'Application Processing' menu.
2025-02-28 10:59:23 [main] DEBUG l.i.u.t.SubmittedApplicationsPageTest - Clicked on 'Application Forms' menu.
2025-02-28 10:59:23 [main] DEBUG l.i.u.t.SubmittedApplicationsPageTest - Retrieved last description code text: 'TST-VUI-52'.
2025-02-28 10:59:23 [main] DEBUG l.i.u.t.SubmittedApplicationsPageTest - Clicked on 'Invitation' menu.
2025-02-28 10:59:24 [main] DEBUG l.i.u.t.SubmittedApplicationsPageTest - Selected application section by code: 'TST-VUI-52'.
2025-02-28 10:59:24 [main] DEBUG l.i.u.t.SubmittedApplicationsPageTest - Clicked 'Search' button.
2025-02-28 10:59:24 [main] DEBUG l.i.u.t.SubmittedApplicationsPageTest - Retrieved invitation code: ''.
2025-02-28 10:59:25 [main] DEBUG l.i.u.t.SubmittedApplicationsPageTest - Clicked on 'Submitted Applications' menu.
2025-02-28 10:59:26 [main] DEBUG l.i.u.t.SubmittedApplicationsPageTest - Selected invitation by code: 'TST-VUI-52'.
2025-02-28 10:59:26 [main] DEBUG l.i.u.t.SubmittedApplicationsPageTest - Invitation code inserted.
2025-02-28 10:59:26 [main] DEBUG l.i.u.t.SubmittedApplicationsPageTest - Clicked on 'Action Application' button.
2025-02-28 10:59:26 [main] DEBUG l.i.u.t.SubmittedApplicationsPageTest - Clicked on 'New Application' button.
2025-02-28 10:59:27 [main] DEBUG l.i.u.t.SubmittedApplicationsPageTest - Selected the 'RadioButtonFA' option.
2025-02-28 10:59:27 [main] DEBUG l.i.u.t.SubmittedApplicationsPageTest - Entered phone number: '61298745'.
2025-02-28 10:59:27 [main] DEBUG l.i.u.t.SubmittedApplicationsPageTest - Entered email: 'test@autotest.com'.
2025-02-28 10:59:27 [main] INFO  l.i.u.p.SubmittedApplicationsPage - Clicking on the dropdown button.
2025-02-28 10:59:44 [main] INFO  l.i.u.p.SubmittedApplicationsPage - Found 1741 options in the dropdown.
2025-02-28 10:59:44 [main] DEBUG l.i.u.p.SubmittedApplicationsPage - Checking option: ''
2025-02-28 10:59:44 [main] DEBUG l.i.u.p.SubmittedApplicationsPage - Checking option: '01.11 - Grūdinių (išskyrus ryžius), ankštinių ir aliejingų sėklų augalų auginimas'
2025-02-28 10:59:44 [main] INFO  l.i.u.p.SubmittedApplicationsPage - Successfully selected the value: '01.11 - Grūdinių (išskyrus ryžius), ankštinių ir aliejingų sėklų augalų auginimas'
2025-02-28 10:59:44 [main] INFO  l.i.u.p.SubmittedApplicationsPage - Attempting to close the dropdown.
2025-02-28 10:59:55 [main] INFO  l.i.u.p.SubmittedApplicationsPage - Dropdown should be closed now.
2025-02-28 10:59:55 [main] DEBUG l.i.u.t.SubmittedApplicationsPageTest - Selected EVRK value: '01.11 - Grūdinių (išskyrus ryžius), ankštinių ir aliejingų sėklų augalų auginimas'.
2025-02-28 10:59:55 [main] DEBUG l.i.u.t.SubmittedApplicationsPageTest - Entered project date.
2025-02-28 10:59:55 [main] DEBUG l.i.u.t.SubmittedApplicationsPageTest - Entered job count: '1'.
2025-02-28 11:00:15 [main] DEBUG l.i.u.t.SubmittedApplicationsPageTest - Clicked on 'Address Component' button.
2025-02-28 11:00:15 [main] DEBUG l.i.u.t.SubmittedApplicationsPageTest - Clicked 'Next' button.
2025-02-28 11:00:15 [main] INFO  l.i.u.p.SubmittedApplicationsPage - Located the dropdown button.
2025-02-28 11:00:56 [main] ERROR l.i.u.p.SubmittedApplicationsPage - Dropdown button click failed: Expected condition failed: waiting for element to be clickable: Proxy element for: DefaultElementLocator 'By.xpath: //mat-label[contains(text(), 'Darbo vietos pavadinimas')]' (tried for 30 second(s) with 500 milliseconds interval)
2025-02-28 11:01:06 [main] ERROR l.i.u.p.SubmittedApplicationsPage - Failed to select dropdown option: invalid session id: session deleted as the browser has closed the connection
from disconnected: unable to send message to renderer
  (Session info: chrome=133.0.6943.142)
Build info: version: '4.27.0', revision: 'd6e718d134'
System info: os.name: 'Windows 11', os.arch: 'amd64', os.version: '10.0', java.version: '21.0.3'
Driver info: org.openqa.selenium.chrome.ChromeDriver
Command: [3caeba3f89e653e8c46bae01c2eb3d3e, findElements {value=//mat-option/span, using=xpath}]
Capabilities {acceptInsecureCerts: false, browserName: chrome, browserVersion: 133.0.6943.142, chrome: {chromedriverVersion: 133.0.6943.141 (2a5d6da0d61..., userDataDir: C:\Users\INGRID~1.ZAD\AppDa...}, fedcm:accounts: true, goog:chromeOptions: {debuggerAddress: localhost:52051}, networkConnectionEnabled: false, pageLoadStrategy: normal, platformName: windows, proxy: Proxy(), se:cdp: ws://localhost:52051/devtoo..., se:cdpVersion: 133.0.6943.142, setWindowRect: true, strictFileInteractability: false, timeouts: {implicit: 0, pageLoad: 300000, script: 30000}, unhandledPromptBehavior: dismiss and notify, webauthn:extension:credBlob: true, webauthn:extension:largeBlob: true, webauthn:extension:minPinLength: true, webauthn:extension:prf: true, webauthn:virtualAuthenticators: true}
Session ID: 3caeba3f89e653e8c46bae01c2eb3d3e
2025-02-28 11:01:06 [main] ERROR l.i.u.t.SubmittedApplicationsPageTest - Test 'testFillNewVUIApplicationFA' failed with error: invalid session id
Build info: version: '4.27.0', revision: 'd6e718d134'
System info: os.name: 'Windows 11', os.arch: 'amd64', os.version: '10.0', java.version: '21.0.3'
Driver info: org.openqa.selenium.chrome.ChromeDriver
Command: [3caeba3f89e653e8c46bae01c2eb3d3e, findElement {value=//mat-label[contains(text(), 'Darbo vietos pavadinimas')], using=xpath}]
Capabilities {acceptInsecureCerts: false, browserName: chrome, browserVersion: 133.0.6943.142, chrome: {chromedriverVersion: 133.0.6943.141 (2a5d6da0d61..., userDataDir: C:\Users\INGRID~1.ZAD\AppDa...}, fedcm:accounts: true, goog:chromeOptions: {debuggerAddress: localhost:52051}, networkConnectionEnabled: false, pageLoadStrategy: normal, platformName: windows, proxy: Proxy(), se:cdp: ws://localhost:52051/devtoo..., se:cdpVersion: 133.0.6943.142, setWindowRect: true, strictFileInteractability: false, timeouts: {implicit: 0, pageLoad: 300000, script: 30000}, unhandledPromptBehavior: dismiss and notify, webauthn:extension:credBlob: true, webauthn:extension:largeBlob: true, webauthn:extension:minPinLength: true, webauthn:extension:prf: true, webauthn:virtualAuthenticators: true}
Session ID: 3caeba3f89e653e8c46bae01c2eb3d3e
org.openqa.selenium.NoSuchSessionException: invalid session id
Build info: version: '4.27.0', revision: 'd6e718d134'
System info: os.name: 'Windows 11', os.arch: 'amd64', os.version: '10.0', java.version: '21.0.3'
Driver info: org.openqa.selenium.chrome.ChromeDriver
Command: [3caeba3f89e653e8c46bae01c2eb3d3e, findElement {value=//mat-label[contains(text(), 'Darbo vietos pavadinimas')], using=xpath}]
Capabilities {acceptInsecureCerts: false, browserName: chrome, browserVersion: 133.0.6943.142, chrome: {chromedriverVersion: 133.0.6943.141 (2a5d6da0d61..., userDataDir: C:\Users\INGRID~1.ZAD\AppDa...}, fedcm:accounts: true, goog:chromeOptions: {debuggerAddress: localhost:52051}, networkConnectionEnabled: false, pageLoadStrategy: normal, platformName: windows, proxy: Proxy(), se:cdp: ws://localhost:52051/devtoo..., se:cdpVersion: 133.0.6943.142, setWindowRect: true, strictFileInteractability: false, timeouts: {implicit: 0, pageLoad: 300000, script: 30000}, unhandledPromptBehavior: dismiss and notify, webauthn:extension:credBlob: true, webauthn:extension:largeBlob: true, webauthn:extension:minPinLength: true, webauthn:extension:prf: true, webauthn:virtualAuthenticators: true}
Session ID: 3caeba3f89e653e8c46bae01c2eb3d3e
	at java.base/jdk.internal.reflect.DirectConstructorHandleAccessor.newInstance(DirectConstructorHandleAccessor.java:62)
	at java.base/java.lang.reflect.Constructor.newInstanceWithCaller(Constructor.java:502)
	at java.base/java.lang.reflect.Constructor.newInstance(Constructor.java:486)
	at org.openqa.selenium.remote.ErrorCodec.decode(ErrorCodec.java:167)
	at org.openqa.selenium.remote.codec.w3c.W3CHttpResponseCodec.decode(W3CHttpResponseCodec.java:138)
	at org.openqa.selenium.remote.codec.w3c.W3CHttpResponseCodec.decode(W3CHttpResponseCodec.java:50)
	at org.openqa.selenium.remote.HttpCommandExecutor.execute(HttpCommandExecutor.java:190)
	at org.openqa.selenium.remote.service.DriverCommandExecutor.invokeExecute(DriverCommandExecutor.java:216)
	at org.openqa.selenium.remote.service.DriverCommandExecutor.execute(DriverCommandExecutor.java:174)
	at org.openqa.selenium.remote.RemoteWebDriver.execute(RemoteWebDriver.java:545)
	at org.openqa.selenium.remote.ElementLocation$ElementFinder$2.findElement(ElementLocation.java:165)
	at org.openqa.selenium.remote.ElementLocation.findElement(ElementLocation.java:59)
	at org.openqa.selenium.remote.RemoteWebDriver.findElement(RemoteWebDriver.java:368)
	at org.openqa.selenium.remote.RemoteWebDriver.findElement(RemoteWebDriver.java:362)
	at org.openqa.selenium.support.pagefactory.DefaultElementLocator.findElement(DefaultElementLocator.java:68)
	at org.openqa.selenium.support.pagefactory.internal.LocatingElementHandler.invoke(LocatingElementHandler.java:38)
	at jdk.proxy2/jdk.proxy2.$Proxy14.getAttribute(Unknown Source)
	at org.openqa.selenium.support.ui.ExpectedConditions$39.apply(ExpectedConditions.java:1094)
	at org.openqa.selenium.support.ui.ExpectedConditions$39.apply(ExpectedConditions.java:1089)
	at org.openqa.selenium.support.ui.FluentWait.until(FluentWait.java:203)
	at lt.insoft.uztis.pages.SubmittedApplicationsPage.selectDropdownJobName(SubmittedApplicationsPage.java:801)
	at lt.insoft.uztis.tests.SubmittedApplicationsPageTest.testFillNewVUIApplicationFA(SubmittedApplicationsPageTest.java:187)
	at java.base/jdk.internal.reflect.DirectMethodHandleAccessor.invoke(DirectMethodHandleAccessor.java:103)
	at java.base/java.lang.reflect.Method.invoke(Method.java:580)
	at org.junit.platform.commons.util.ReflectionUtils.invokeMethod(ReflectionUtils.java:728)
	at org.junit.jupiter.engine.execution.MethodInvocation.proceed(MethodInvocation.java:60)
	at org.junit.jupiter.engine.execution.InvocationInterceptorChain$ValidatingInvocation.proceed(InvocationInterceptorChain.java:131)
	at org.junit.jupiter.engine.extension.TimeoutExtension.intercept(TimeoutExtension.java:156)
	at org.junit.jupiter.engine.extension.TimeoutExtension.interceptTestableMethod(TimeoutExtension.java:147)
	at org.junit.jupiter.engine.extension.TimeoutExtension.interceptTestMethod(TimeoutExtension.java:86)
	at org.junit.jupiter.engine.execution.InterceptingExecutableInvoker$ReflectiveInterceptorCall.lambda$ofVoidMethod$0(InterceptingExecutableInvoker.java:103)
	at org.junit.jupiter.engine.execution.InterceptingExecutableInvoker.lambda$invoke$0(InterceptingExecutableInvoker.java:93)
	at org.junit.jupiter.engine.execution.InvocationInterceptorChain$InterceptedInvocation.proceed(InvocationInterceptorChain.java:106)
	at org.junit.jupiter.engine.execution.InvocationInterceptorChain.proceed(InvocationInterceptorChain.java:64)
	at org.junit.jupiter.engine.execution.InvocationInterceptorChain.chainAndInvoke(InvocationInterceptorChain.java:45)
	at org.junit.jupiter.engine.execution.InvocationInterceptorChain.invoke(InvocationInterceptorChain.java:37)
	at org.junit.jupiter.engine.execution.InterceptingExecutableInvoker.invoke(InterceptingExecutableInvoker.java:92)
	at org.junit.jupiter.engine.execution.InterceptingExecutableInvoker.invoke(InterceptingExecutableInvoker.java:86)
	at org.junit.jupiter.engine.descriptor.TestMethodTestDescriptor.lambda$invokeTestMethod$7(TestMethodTestDescriptor.java:218)
	at org.junit.platform.engine.support.hierarchical.ThrowableCollector.execute(ThrowableCollector.java:73)
	at org.junit.jupiter.engine.descriptor.TestMethodTestDescriptor.invokeTestMethod(TestMethodTestDescriptor.java:214)
	at org.junit.jupiter.engine.descriptor.TestMethodTestDescriptor.execute(TestMethodTestDescriptor.java:139)
	at org.junit.jupiter.engine.descriptor.TestMethodTestDescriptor.execute(TestMethodTestDescriptor.java:69)
	at org.junit.platform.engine.support.hierarchical.NodeTestTask.lambda$executeRecursively$6(NodeTestTask.java:151)
	at org.junit.platform.engine.support.hierarchical.ThrowableCollector.execute(ThrowableCollector.java:73)
	at org.junit.platform.engine.support.hierarchical.NodeTestTask.lambda$executeRecursively$8(NodeTestTask.java:141)
	at org.junit.platform.engine.support.hierarchical.Node.around(Node.java:137)
	at org.junit.platform.engine.support.hierarchical.NodeTestTask.lambda$executeRecursively$9(NodeTestTask.java:139)
	at org.junit.platform.engine.support.hierarchical.ThrowableCollector.execute(ThrowableCollector.java:73)
	at org.junit.platform.engine.support.hierarchical.NodeTestTask.executeRecursively(NodeTestTask.java:138)
	at org.junit.platform.engine.support.hierarchical.NodeTestTask.execute(NodeTestTask.java:95)
	at java.base/java.util.ArrayList.forEach(ArrayList.java:1596)
	at org.junit.platform.engine.support.hierarchical.SameThreadHierarchicalTestExecutorService.invokeAll(SameThreadHierarchicalTestExecutorService.java:41)
	at org.junit.platform.engine.support.hierarchical.NodeTestTask.lambda$executeRecursively$6(NodeTestTask.java:155)
	at org.junit.platform.engine.support.hierarchical.ThrowableCollector.execute(ThrowableCollector.java:73)
	at org.junit.platform.engine.support.hierarchical.NodeTestTask.lambda$executeRecursively$8(NodeTestTask.java:141)
	at org.junit.platform.engine.support.hierarchical.Node.around(Node.java:137)
	at org.junit.platform.engine.support.hierarchical.NodeTestTask.lambda$executeRecursively$9(NodeTestTask.java:139)
	at org.junit.platform.engine.support.hierarchical.ThrowableCollector.execute(ThrowableCollector.java:73)
	at org.junit.platform.engine.support.hierarchical.NodeTestTask.executeRecursively(NodeTestTask.java:138)
	at org.junit.platform.engine.support.hierarchical.NodeTestTask.execute(NodeTestTask.java:95)
	at java.base/java.util.ArrayList.forEach(ArrayList.java:1596)
	at org.junit.platform.engine.support.hierarchical.SameThreadHierarchicalTestExecutorService.invokeAll(SameThreadHierarchicalTestExecutorService.java:41)
	at org.junit.platform.engine.support.hierarchical.NodeTestTask.lambda$executeRecursively$6(NodeTestTask.java:155)
	at org.junit.platform.engine.support.hierarchical.ThrowableCollector.execute(ThrowableCollector.java:73)
	at org.junit.platform.engine.support.hierarchical.NodeTestTask.lambda$executeRecursively$8(NodeTestTask.java:141)
	at org.junit.platform.engine.support.hierarchical.Node.around(Node.java:137)
	at org.junit.platform.engine.support.hierarchical.NodeTestTask.lambda$executeRecursively$9(NodeTestTask.java:139)
	at org.junit.platform.engine.support.hierarchical.ThrowableCollector.execute(ThrowableCollector.java:73)
	at org.junit.platform.engine.support.hierarchical.NodeTestTask.executeRecursively(NodeTestTask.java:138)
	at org.junit.platform.engine.support.hierarchical.NodeTestTask.execute(NodeTestTask.java:95)
	at org.junit.platform.engine.support.hierarchical.SameThreadHierarchicalTestExecutorService.submit(SameThreadHierarchicalTestExecutorService.java:35)
	at org.junit.platform.engine.support.hierarchical.HierarchicalTestExecutor.execute(HierarchicalTestExecutor.java:57)
	at org.junit.platform.engine.support.hierarchical.HierarchicalTestEngine.execute(HierarchicalTestEngine.java:54)
	at org.junit.platform.launcher.core.EngineExecutionOrchestrator.execute(EngineExecutionOrchestrator.java:198)
	at org.junit.platform.launcher.core.EngineExecutionOrchestrator.execute(EngineExecutionOrchestrator.java:169)
	at org.junit.platform.launcher.core.EngineExecutionOrchestrator.execute(EngineExecutionOrchestrator.java:93)
	at org.junit.platform.launcher.core.EngineExecutionOrchestrator.lambda$execute$0(EngineExecutionOrchestrator.java:58)
	at org.junit.platform.launcher.core.EngineExecutionOrchestrator.withInterceptedStreams(EngineExecutionOrchestrator.java:141)
	at org.junit.platform.launcher.core.EngineExecutionOrchestrator.execute(EngineExecutionOrchestrator.java:57)
	at org.junit.platform.launcher.core.DefaultLauncher.execute(DefaultLauncher.java:103)
	at org.junit.platform.launcher.core.DefaultLauncher.execute(DefaultLauncher.java:85)
	at org.junit.platform.launcher.core.DelegatingLauncher.execute(DelegatingLauncher.java:47)
	at org.junit.platform.launcher.core.SessionPerRequestLauncher.execute(SessionPerRequestLauncher.java:63)
	at com.intellij.junit5.JUnit5IdeaTestRunner.startRunnerWithArgs(JUnit5IdeaTestRunner.java:57)
	at com.intellij.rt.junit.IdeaTestRunner$Repeater$1.execute(IdeaTestRunner.java:38)
	at com.intellij.rt.execution.junit.TestsRepeater.repeat(TestsRepeater.java:11)
	at com.intellij.rt.junit.IdeaTestRunner$Repeater.startRunnerWithArgs(IdeaTestRunner.java:35)
	at com.intellij.rt.junit.JUnitStarter.prepareStreamsAndStart(JUnitStarter.java:232)
	at com.intellij.rt.junit.JUnitStarter.main(JUnitStarter.java:55)
2025-02-28 11:02:27 [main] INFO  lt.insoft.uztis.tests.UztisPageTest - Navigated to https://uztisdev.asseco.lt/home
2025-02-28 11:02:27 [main] INFO  l.i.u.t.SubmittedApplicationsPageTest - Starting test:'testFillNewVUIPApplicationFA'
2025-02-28 11:02:28 [main] DEBUG l.i.u.t.SubmittedApplicationsPageTest - User logged in with test credentials.
2025-02-28 11:02:28 [main] DEBUG l.i.u.t.SubmittedApplicationsPageTest - Opened 'Application Processing' menu.
2025-02-28 11:02:28 [main] DEBUG l.i.u.t.SubmittedApplicationsPageTest - Clicked on 'Application Forms' menu.
2025-02-28 11:02:28 [main] DEBUG l.i.u.t.SubmittedApplicationsPageTest - Retrieved last description code text: 'TST-VUI-52'.
2025-02-28 11:02:29 [main] DEBUG l.i.u.t.SubmittedApplicationsPageTest - Clicked on 'Invitation' menu.
2025-02-28 11:02:30 [main] DEBUG l.i.u.t.SubmittedApplicationsPageTest - Selected application section by code: 'TST-VUI-52'.
2025-02-28 11:02:30 [main] DEBUG l.i.u.t.SubmittedApplicationsPageTest - Clicked 'Search' button.
2025-02-28 11:02:30 [main] DEBUG l.i.u.t.SubmittedApplicationsPageTest - Retrieved invitation code: ''.
2025-02-28 11:02:30 [main] DEBUG l.i.u.t.SubmittedApplicationsPageTest - Clicked on 'Submitted Applications' menu.
2025-02-28 11:02:31 [main] DEBUG l.i.u.t.SubmittedApplicationsPageTest - Selected invitation by code: 'TST-VUI-52'.
2025-02-28 11:02:31 [main] DEBUG l.i.u.t.SubmittedApplicationsPageTest - Invitation code inserted.
2025-02-28 11:02:32 [main] DEBUG l.i.u.t.SubmittedApplicationsPageTest - Clicked on 'Action Application' button.
2025-02-28 11:02:32 [main] DEBUG l.i.u.t.SubmittedApplicationsPageTest - Clicked on 'New Application' button.
2025-02-28 11:02:32 [main] DEBUG l.i.u.t.SubmittedApplicationsPageTest - Selected the 'RadioButtonFA' option.
2025-02-28 11:02:32 [main] DEBUG l.i.u.t.SubmittedApplicationsPageTest - Entered phone number: '61298745'.
2025-02-28 11:02:32 [main] DEBUG l.i.u.t.SubmittedApplicationsPageTest - Entered email: 'test@autotest.com'.
2025-02-28 11:02:32 [main] INFO  l.i.u.p.SubmittedApplicationsPage - Clicking on the dropdown button.
2025-02-28 11:02:51 [main] INFO  l.i.u.p.SubmittedApplicationsPage - Found 1741 options in the dropdown.
2025-02-28 11:02:51 [main] DEBUG l.i.u.p.SubmittedApplicationsPage - Checking option: ''
2025-02-28 11:02:51 [main] DEBUG l.i.u.p.SubmittedApplicationsPage - Checking option: '01.11 - Grūdinių (išskyrus ryžius), ankštinių ir aliejingų sėklų augalų auginimas'
2025-02-28 11:02:51 [main] INFO  l.i.u.p.SubmittedApplicationsPage - Successfully selected the value: '01.11 - Grūdinių (išskyrus ryžius), ankštinių ir aliejingų sėklų augalų auginimas'
2025-02-28 11:02:51 [main] INFO  l.i.u.p.SubmittedApplicationsPage - Attempting to close the dropdown.
2025-02-28 11:03:02 [main] INFO  l.i.u.p.SubmittedApplicationsPage - Dropdown should be closed now.
2025-02-28 11:03:02 [main] DEBUG l.i.u.t.SubmittedApplicationsPageTest - Selected EVRK value: '01.11 - Grūdinių (išskyrus ryžius), ankštinių ir aliejingų sėklų augalų auginimas'.
2025-02-28 11:03:02 [main] DEBUG l.i.u.t.SubmittedApplicationsPageTest - Entered project date.
2025-02-28 11:03:02 [main] DEBUG l.i.u.t.SubmittedApplicationsPageTest - Entered job count: '1'.
2025-02-28 11:03:02 [main] DEBUG l.i.u.t.SubmittedApplicationsPageTest - Clicked on 'Address Component' button.
2025-02-28 11:03:03 [main] ERROR l.i.u.t.SubmittedApplicationsPageTest - Test 'testFillNewVUIApplicationFA' failed with error: element click intercepted: Element <button type="button" class="i-forms-stepper-button i-forms-stepper-button-next">...</button> is not clickable at point (1823, 971). Other element would receive the click: <div class="cdk-overlay-backdrop cdk-overlay-dark-backdrop cdk-overlay-backdrop-showing"></div>
  (Session info: chrome=133.0.6943.142)
Build info: version: '4.27.0', revision: 'd6e718d134'
System info: os.name: 'Windows 11', os.arch: 'amd64', os.version: '10.0', java.version: '21.0.3'
Driver info: org.openqa.selenium.chrome.ChromeDriver
Command: [db77d564096aa1e9a1a862f8e02e197c, clickElement {id=f.5E1B1D9BBCDB411DC5FFE4753030BE46.d.522004EEEDA5AD13326721073E0A5BA7.e.2031}]
Capabilities {acceptInsecureCerts: false, browserName: chrome, browserVersion: 133.0.6943.142, chrome: {chromedriverVersion: 133.0.6943.141 (2a5d6da0d61..., userDataDir: C:\Users\INGRID~1.ZAD\AppDa...}, fedcm:accounts: true, goog:chromeOptions: {debuggerAddress: localhost:52170}, networkConnectionEnabled: false, pageLoadStrategy: normal, platformName: windows, proxy: Proxy(), se:cdp: ws://localhost:52170/devtoo..., se:cdpVersion: 133.0.6943.142, setWindowRect: true, strictFileInteractability: false, timeouts: {implicit: 0, pageLoad: 300000, script: 30000}, unhandledPromptBehavior: dismiss and notify, webauthn:extension:credBlob: true, webauthn:extension:largeBlob: true, webauthn:extension:minPinLength: true, webauthn:extension:prf: true, webauthn:virtualAuthenticators: true}
Element: [[ChromeDriver: chrome on windows (db77d564096aa1e9a1a862f8e02e197c)] -> xpath: //button[contains(@class, 'i-forms-stepper-button-next') and normalize-space(text())='Toliau']]
Session ID: db77d564096aa1e9a1a862f8e02e197c
org.openqa.selenium.ElementClickInterceptedException: element click intercepted: Element <button type="button" class="i-forms-stepper-button i-forms-stepper-button-next">...</button> is not clickable at point (1823, 971). Other element would receive the click: <div class="cdk-overlay-backdrop cdk-overlay-dark-backdrop cdk-overlay-backdrop-showing"></div>
  (Session info: chrome=133.0.6943.142)
Build info: version: '4.27.0', revision: 'd6e718d134'
System info: os.name: 'Windows 11', os.arch: 'amd64', os.version: '10.0', java.version: '21.0.3'
Driver info: org.openqa.selenium.chrome.ChromeDriver
Command: [db77d564096aa1e9a1a862f8e02e197c, clickElement {id=f.5E1B1D9BBCDB411DC5FFE4753030BE46.d.522004EEEDA5AD13326721073E0A5BA7.e.2031}]
Capabilities {acceptInsecureCerts: false, browserName: chrome, browserVersion: 133.0.6943.142, chrome: {chromedriverVersion: 133.0.6943.141 (2a5d6da0d61..., userDataDir: C:\Users\INGRID~1.ZAD\AppDa...}, fedcm:accounts: true, goog:chromeOptions: {debuggerAddress: localhost:52170}, networkConnectionEnabled: false, pageLoadStrategy: normal, platformName: windows, proxy: Proxy(), se:cdp: ws://localhost:52170/devtoo..., se:cdpVersion: 133.0.6943.142, setWindowRect: true, strictFileInteractability: false, timeouts: {implicit: 0, pageLoad: 300000, script: 30000}, unhandledPromptBehavior: dismiss and notify, webauthn:extension:credBlob: true, webauthn:extension:largeBlob: true, webauthn:extension:minPinLength: true, webauthn:extension:prf: true, webauthn:virtualAuthenticators: true}
Element: [[ChromeDriver: chrome on windows (db77d564096aa1e9a1a862f8e02e197c)] -> xpath: //button[contains(@class, 'i-forms-stepper-button-next') and normalize-space(text())='Toliau']]
Session ID: db77d564096aa1e9a1a862f8e02e197c
	at java.base/jdk.internal.reflect.DirectConstructorHandleAccessor.newInstance(DirectConstructorHandleAccessor.java:62)
	at java.base/java.lang.reflect.Constructor.newInstanceWithCaller(Constructor.java:502)
	at java.base/java.lang.reflect.Constructor.newInstance(Constructor.java:486)
	at org.openqa.selenium.remote.ErrorCodec.decode(ErrorCodec.java:167)
	at org.openqa.selenium.remote.codec.w3c.W3CHttpResponseCodec.decode(W3CHttpResponseCodec.java:138)
	at org.openqa.selenium.remote.codec.w3c.W3CHttpResponseCodec.decode(W3CHttpResponseCodec.java:50)
	at org.openqa.selenium.remote.HttpCommandExecutor.execute(HttpCommandExecutor.java:190)
	at org.openqa.selenium.remote.service.DriverCommandExecutor.invokeExecute(DriverCommandExecutor.java:216)
	at org.openqa.selenium.remote.service.DriverCommandExecutor.execute(DriverCommandExecutor.java:174)
	at org.openqa.selenium.remote.RemoteWebDriver.execute(RemoteWebDriver.java:545)
	at org.openqa.selenium.remote.RemoteWebElement.execute(RemoteWebElement.java:223)
	at org.openqa.selenium.remote.RemoteWebElement.click(RemoteWebElement.java:76)
	at java.base/jdk.internal.reflect.DirectMethodHandleAccessor.invoke(DirectMethodHandleAccessor.java:103)
	at java.base/java.lang.reflect.Method.invoke(Method.java:580)
	at org.openqa.selenium.support.pagefactory.internal.LocatingElementHandler.invoke(LocatingElementHandler.java:51)
	at jdk.proxy2/jdk.proxy2.$Proxy14.click(Unknown Source)
	at lt.insoft.uztis.pages.SubmittedApplicationsPage.clickButtonNext(SubmittedApplicationsPage.java:737)
	at lt.insoft.uztis.tests.SubmittedApplicationsPageTest.testFillNewVUIApplicationFA(SubmittedApplicationsPageTest.java:182)
	at java.base/jdk.internal.reflect.DirectMethodHandleAccessor.invoke(DirectMethodHandleAccessor.java:103)
	at java.base/java.lang.reflect.Method.invoke(Method.java:580)
	at org.junit.platform.commons.util.ReflectionUtils.invokeMethod(ReflectionUtils.java:728)
	at org.junit.jupiter.engine.execution.MethodInvocation.proceed(MethodInvocation.java:60)
	at org.junit.jupiter.engine.execution.InvocationInterceptorChain$ValidatingInvocation.proceed(InvocationInterceptorChain.java:131)
	at org.junit.jupiter.engine.extension.TimeoutExtension.intercept(TimeoutExtension.java:156)
	at org.junit.jupiter.engine.extension.TimeoutExtension.interceptTestableMethod(TimeoutExtension.java:147)
	at org.junit.jupiter.engine.extension.TimeoutExtension.interceptTestMethod(TimeoutExtension.java:86)
	at org.junit.jupiter.engine.execution.InterceptingExecutableInvoker$ReflectiveInterceptorCall.lambda$ofVoidMethod$0(InterceptingExecutableInvoker.java:103)
	at org.junit.jupiter.engine.execution.InterceptingExecutableInvoker.lambda$invoke$0(InterceptingExecutableInvoker.java:93)
	at org.junit.jupiter.engine.execution.InvocationInterceptorChain$InterceptedInvocation.proceed(InvocationInterceptorChain.java:106)
	at org.junit.jupiter.engine.execution.InvocationInterceptorChain.proceed(InvocationInterceptorChain.java:64)
	at org.junit.jupiter.engine.execution.InvocationInterceptorChain.chainAndInvoke(InvocationInterceptorChain.java:45)
	at org.junit.jupiter.engine.execution.InvocationInterceptorChain.invoke(InvocationInterceptorChain.java:37)
	at org.junit.jupiter.engine.execution.InterceptingExecutableInvoker.invoke(InterceptingExecutableInvoker.java:92)
	at org.junit.jupiter.engine.execution.InterceptingExecutableInvoker.invoke(InterceptingExecutableInvoker.java:86)
	at org.junit.jupiter.engine.descriptor.TestMethodTestDescriptor.lambda$invokeTestMethod$7(TestMethodTestDescriptor.java:218)
	at org.junit.platform.engine.support.hierarchical.ThrowableCollector.execute(ThrowableCollector.java:73)
	at org.junit.jupiter.engine.descriptor.TestMethodTestDescriptor.invokeTestMethod(TestMethodTestDescriptor.java:214)
	at org.junit.jupiter.engine.descriptor.TestMethodTestDescriptor.execute(TestMethodTestDescriptor.java:139)
	at org.junit.jupiter.engine.descriptor.TestMethodTestDescriptor.execute(TestMethodTestDescriptor.java:69)
	at org.junit.platform.engine.support.hierarchical.NodeTestTask.lambda$executeRecursively$6(NodeTestTask.java:151)
	at org.junit.platform.engine.support.hierarchical.ThrowableCollector.execute(ThrowableCollector.java:73)
	at org.junit.platform.engine.support.hierarchical.NodeTestTask.lambda$executeRecursively$8(NodeTestTask.java:141)
	at org.junit.platform.engine.support.hierarchical.Node.around(Node.java:137)
	at org.junit.platform.engine.support.hierarchical.NodeTestTask.lambda$executeRecursively$9(NodeTestTask.java:139)
	at org.junit.platform.engine.support.hierarchical.ThrowableCollector.execute(ThrowableCollector.java:73)
	at org.junit.platform.engine.support.hierarchical.NodeTestTask.executeRecursively(NodeTestTask.java:138)
	at org.junit.platform.engine.support.hierarchical.NodeTestTask.execute(NodeTestTask.java:95)
	at java.base/java.util.ArrayList.forEach(ArrayList.java:1596)
	at org.junit.platform.engine.support.hierarchical.SameThreadHierarchicalTestExecutorService.invokeAll(SameThreadHierarchicalTestExecutorService.java:41)
	at org.junit.platform.engine.support.hierarchical.NodeTestTask.lambda$executeRecursively$6(NodeTestTask.java:155)
	at org.junit.platform.engine.support.hierarchical.ThrowableCollector.execute(ThrowableCollector.java:73)
	at org.junit.platform.engine.support.hierarchical.NodeTestTask.lambda$executeRecursively$8(NodeTestTask.java:141)
	at org.junit.platform.engine.support.hierarchical.Node.around(Node.java:137)
	at org.junit.platform.engine.support.hierarchical.NodeTestTask.lambda$executeRecursively$9(NodeTestTask.java:139)
	at org.junit.platform.engine.support.hierarchical.ThrowableCollector.execute(ThrowableCollector.java:73)
	at org.junit.platform.engine.support.hierarchical.NodeTestTask.executeRecursively(NodeTestTask.java:138)
	at org.junit.platform.engine.support.hierarchical.NodeTestTask.execute(NodeTestTask.java:95)
	at java.base/java.util.ArrayList.forEach(ArrayList.java:1596)
	at org.junit.platform.engine.support.hierarchical.SameThreadHierarchicalTestExecutorService.invokeAll(SameThreadHierarchicalTestExecutorService.java:41)
	at org.junit.platform.engine.support.hierarchical.NodeTestTask.lambda$executeRecursively$6(NodeTestTask.java:155)
	at org.junit.platform.engine.support.hierarchical.ThrowableCollector.execute(ThrowableCollector.java:73)
	at org.junit.platform.engine.support.hierarchical.NodeTestTask.lambda$executeRecursively$8(NodeTestTask.java:141)
	at org.junit.platform.engine.support.hierarchical.Node.around(Node.java:137)
	at org.junit.platform.engine.support.hierarchical.NodeTestTask.lambda$executeRecursively$9(NodeTestTask.java:139)
	at org.junit.platform.engine.support.hierarchical.ThrowableCollector.execute(ThrowableCollector.java:73)
	at org.junit.platform.engine.support.hierarchical.NodeTestTask.executeRecursively(NodeTestTask.java:138)
	at org.junit.platform.engine.support.hierarchical.NodeTestTask.execute(NodeTestTask.java:95)
	at org.junit.platform.engine.support.hierarchical.SameThreadHierarchicalTestExecutorService.submit(SameThreadHierarchicalTestExecutorService.java:35)
	at org.junit.platform.engine.support.hierarchical.HierarchicalTestExecutor.execute(HierarchicalTestExecutor.java:57)
	at org.junit.platform.engine.support.hierarchical.HierarchicalTestEngine.execute(HierarchicalTestEngine.java:54)
	at org.junit.platform.launcher.core.EngineExecutionOrchestrator.execute(EngineExecutionOrchestrator.java:198)
	at org.junit.platform.launcher.core.EngineExecutionOrchestrator.execute(EngineExecutionOrchestrator.java:169)
	at org.junit.platform.launcher.core.EngineExecutionOrchestrator.execute(EngineExecutionOrchestrator.java:93)
	at org.junit.platform.launcher.core.EngineExecutionOrchestrator.lambda$execute$0(EngineExecutionOrchestrator.java:58)
	at org.junit.platform.launcher.core.EngineExecutionOrchestrator.withInterceptedStreams(EngineExecutionOrchestrator.java:141)
	at org.junit.platform.launcher.core.EngineExecutionOrchestrator.execute(EngineExecutionOrchestrator.java:57)
	at org.junit.platform.launcher.core.DefaultLauncher.execute(DefaultLauncher.java:103)
	at org.junit.platform.launcher.core.DefaultLauncher.execute(DefaultLauncher.java:85)
	at org.junit.platform.launcher.core.DelegatingLauncher.execute(DelegatingLauncher.java:47)
	at org.junit.platform.launcher.core.SessionPerRequestLauncher.execute(SessionPerRequestLauncher.java:63)
	at com.intellij.junit5.JUnit5IdeaTestRunner.startRunnerWithArgs(JUnit5IdeaTestRunner.java:57)
	at com.intellij.rt.junit.IdeaTestRunner$Repeater$1.execute(IdeaTestRunner.java:38)
	at com.intellij.rt.execution.junit.TestsRepeater.repeat(TestsRepeater.java:11)
	at com.intellij.rt.junit.IdeaTestRunner$Repeater.startRunnerWithArgs(IdeaTestRunner.java:35)
	at com.intellij.rt.junit.JUnitStarter.prepareStreamsAndStart(JUnitStarter.java:232)
	at com.intellij.rt.junit.JUnitStarter.main(JUnitStarter.java:55)
2025-02-28 11:03:04 [main] INFO  l.insoft.uztis.tests.utils.TestUtils - Screenshot moved to C:\Users\ingrida.zadorozniene\Desktop\Asm\UZTIS\UZTIS_tests\test-output\screenshots\20250228\110304088_testFillNewVUIApplicationFA().png
2025-02-28 11:07:11 [main] INFO  lt.insoft.uztis.tests.UztisPageTest - Navigated to https://uztisdev.asseco.lt/home
2025-02-28 11:07:11 [main] INFO  l.i.u.t.SubmittedApplicationsPageTest - Starting test:'testFillNewVUIPApplicationFA'
2025-02-28 11:07:12 [main] DEBUG l.i.u.t.SubmittedApplicationsPageTest - User logged in with test credentials.
2025-02-28 11:07:12 [main] DEBUG l.i.u.t.SubmittedApplicationsPageTest - Opened 'Application Processing' menu.
2025-02-28 11:07:12 [main] DEBUG l.i.u.t.SubmittedApplicationsPageTest - Clicked on 'Application Forms' menu.
2025-02-28 11:07:12 [main] DEBUG l.i.u.t.SubmittedApplicationsPageTest - Retrieved last description code text: 'TST-VUI-52'.
2025-02-28 11:07:12 [main] DEBUG l.i.u.t.SubmittedApplicationsPageTest - Clicked on 'Invitation' menu.
2025-02-28 11:07:13 [main] DEBUG l.i.u.t.SubmittedApplicationsPageTest - Selected application section by code: 'TST-VUI-52'.
2025-02-28 11:07:14 [main] DEBUG l.i.u.t.SubmittedApplicationsPageTest - Clicked 'Search' button.
2025-02-28 11:07:14 [main] DEBUG l.i.u.t.SubmittedApplicationsPageTest - Retrieved invitation code: ''.
2025-02-28 11:07:14 [main] DEBUG l.i.u.t.SubmittedApplicationsPageTest - Clicked on 'Submitted Applications' menu.
2025-02-28 11:07:15 [main] DEBUG l.i.u.t.SubmittedApplicationsPageTest - Selected invitation by code: 'TST-VUI-52'.
2025-02-28 11:07:15 [main] DEBUG l.i.u.t.SubmittedApplicationsPageTest - Invitation code inserted.
2025-02-28 11:07:15 [main] DEBUG l.i.u.t.SubmittedApplicationsPageTest - Clicked on 'Action Application' button.
2025-02-28 11:07:15 [main] DEBUG l.i.u.t.SubmittedApplicationsPageTest - Clicked on 'New Application' button.
2025-02-28 11:07:16 [main] DEBUG l.i.u.t.SubmittedApplicationsPageTest - Selected the 'RadioButtonFA' option.
2025-02-28 11:07:16 [main] DEBUG l.i.u.t.SubmittedApplicationsPageTest - Entered phone number: '61298745'.
2025-02-28 11:07:16 [main] DEBUG l.i.u.t.SubmittedApplicationsPageTest - Entered email: 'test@autotest.com'.
2025-02-28 11:07:16 [main] INFO  l.i.u.p.SubmittedApplicationsPage - Clicking on the dropdown button.
2025-02-28 11:07:34 [main] INFO  l.i.u.p.SubmittedApplicationsPage - Found 1741 options in the dropdown.
2025-02-28 11:07:34 [main] DEBUG l.i.u.p.SubmittedApplicationsPage - Checking option: ''
2025-02-28 11:07:34 [main] DEBUG l.i.u.p.SubmittedApplicationsPage - Checking option: '01.11 - Grūdinių (išskyrus ryžius), ankštinių ir aliejingų sėklų augalų auginimas'
2025-02-28 11:07:34 [main] INFO  l.i.u.p.SubmittedApplicationsPage - Successfully selected the value: '01.11 - Grūdinių (išskyrus ryžius), ankštinių ir aliejingų sėklų augalų auginimas'
2025-02-28 11:07:34 [main] INFO  l.i.u.p.SubmittedApplicationsPage - Attempting to close the dropdown.
2025-02-28 11:07:45 [main] INFO  l.i.u.p.SubmittedApplicationsPage - Dropdown should be closed now.
2025-02-28 11:07:45 [main] DEBUG l.i.u.t.SubmittedApplicationsPageTest - Selected EVRK value: '01.11 - Grūdinių (išskyrus ryžius), ankštinių ir aliejingų sėklų augalų auginimas'.
2025-02-28 11:07:45 [main] DEBUG l.i.u.t.SubmittedApplicationsPageTest - Entered project date.
2025-02-28 11:07:45 [main] DEBUG l.i.u.t.SubmittedApplicationsPageTest - Entered job count: '1'.
2025-02-28 11:07:45 [main] DEBUG l.i.u.t.SubmittedApplicationsPageTest - Clicked on 'Address Component' button.
2025-02-28 11:07:46 [main] ERROR l.i.u.t.SubmittedApplicationsPageTest - Test 'testFillNewVUIApplicationFA' failed with error: element click intercepted: Element <button type="button" class="i-forms-stepper-button i-forms-stepper-button-next">...</button> is not clickable at point (1823, 992). Other element would receive the click: <div class="cdk-overlay-backdrop cdk-overlay-dark-backdrop cdk-overlay-backdrop-showing"></div>
  (Session info: chrome=133.0.6943.142)
Build info: version: '4.27.0', revision: 'd6e718d134'
System info: os.name: 'Windows 11', os.arch: 'amd64', os.version: '10.0', java.version: '21.0.3'
Driver info: org.openqa.selenium.chrome.ChromeDriver
Command: [68a502e50ed6d084a9029251bef7b3db, clickElement {id=f.842A2BF0FCA958D4818F304C97FEFF89.d.ECED63ED1B7FFF8A105FD0C1BE996CAD.e.2040}]
Capabilities {acceptInsecureCerts: false, browserName: chrome, browserVersion: 133.0.6943.142, chrome: {chromedriverVersion: 133.0.6943.141 (2a5d6da0d61..., userDataDir: C:\Users\INGRID~1.ZAD\AppDa...}, fedcm:accounts: true, goog:chromeOptions: {debuggerAddress: localhost:52389}, networkConnectionEnabled: false, pageLoadStrategy: normal, platformName: windows, proxy: Proxy(), se:cdp: ws://localhost:52389/devtoo..., se:cdpVersion: 133.0.6943.142, setWindowRect: true, strictFileInteractability: false, timeouts: {implicit: 0, pageLoad: 300000, script: 30000}, unhandledPromptBehavior: dismiss and notify, webauthn:extension:credBlob: true, webauthn:extension:largeBlob: true, webauthn:extension:minPinLength: true, webauthn:extension:prf: true, webauthn:virtualAuthenticators: true}
Element: [[ChromeDriver: chrome on windows (68a502e50ed6d084a9029251bef7b3db)] -> xpath: //button[contains(@class, 'i-forms-stepper-button-next') and normalize-space(text())='Toliau']]
Session ID: 68a502e50ed6d084a9029251bef7b3db
org.openqa.selenium.ElementClickInterceptedException: element click intercepted: Element <button type="button" class="i-forms-stepper-button i-forms-stepper-button-next">...</button> is not clickable at point (1823, 992). Other element would receive the click: <div class="cdk-overlay-backdrop cdk-overlay-dark-backdrop cdk-overlay-backdrop-showing"></div>
  (Session info: chrome=133.0.6943.142)
Build info: version: '4.27.0', revision: 'd6e718d134'
System info: os.name: 'Windows 11', os.arch: 'amd64', os.version: '10.0', java.version: '21.0.3'
Driver info: org.openqa.selenium.chrome.ChromeDriver
Command: [68a502e50ed6d084a9029251bef7b3db, clickElement {id=f.842A2BF0FCA958D4818F304C97FEFF89.d.ECED63ED1B7FFF8A105FD0C1BE996CAD.e.2040}]
Capabilities {acceptInsecureCerts: false, browserName: chrome, browserVersion: 133.0.6943.142, chrome: {chromedriverVersion: 133.0.6943.141 (2a5d6da0d61..., userDataDir: C:\Users\INGRID~1.ZAD\AppDa...}, fedcm:accounts: true, goog:chromeOptions: {debuggerAddress: localhost:52389}, networkConnectionEnabled: false, pageLoadStrategy: normal, platformName: windows, proxy: Proxy(), se:cdp: ws://localhost:52389/devtoo..., se:cdpVersion: 133.0.6943.142, setWindowRect: true, strictFileInteractability: false, timeouts: {implicit: 0, pageLoad: 300000, script: 30000}, unhandledPromptBehavior: dismiss and notify, webauthn:extension:credBlob: true, webauthn:extension:largeBlob: true, webauthn:extension:minPinLength: true, webauthn:extension:prf: true, webauthn:virtualAuthenticators: true}
Element: [[ChromeDriver: chrome on windows (68a502e50ed6d084a9029251bef7b3db)] -> xpath: //button[contains(@class, 'i-forms-stepper-button-next') and normalize-space(text())='Toliau']]
Session ID: 68a502e50ed6d084a9029251bef7b3db
	at java.base/jdk.internal.reflect.DirectConstructorHandleAccessor.newInstance(DirectConstructorHandleAccessor.java:62)
	at java.base/java.lang.reflect.Constructor.newInstanceWithCaller(Constructor.java:502)
	at java.base/java.lang.reflect.Constructor.newInstance(Constructor.java:486)
	at org.openqa.selenium.remote.ErrorCodec.decode(ErrorCodec.java:167)
	at org.openqa.selenium.remote.codec.w3c.W3CHttpResponseCodec.decode(W3CHttpResponseCodec.java:138)
	at org.openqa.selenium.remote.codec.w3c.W3CHttpResponseCodec.decode(W3CHttpResponseCodec.java:50)
	at org.openqa.selenium.remote.HttpCommandExecutor.execute(HttpCommandExecutor.java:190)
	at org.openqa.selenium.remote.service.DriverCommandExecutor.invokeExecute(DriverCommandExecutor.java:216)
	at org.openqa.selenium.remote.service.DriverCommandExecutor.execute(DriverCommandExecutor.java:174)
	at org.openqa.selenium.remote.RemoteWebDriver.execute(RemoteWebDriver.java:545)
	at org.openqa.selenium.remote.RemoteWebElement.execute(RemoteWebElement.java:223)
	at org.openqa.selenium.remote.RemoteWebElement.click(RemoteWebElement.java:76)
	at java.base/jdk.internal.reflect.DirectMethodHandleAccessor.invoke(DirectMethodHandleAccessor.java:103)
	at java.base/java.lang.reflect.Method.invoke(Method.java:580)
	at org.openqa.selenium.support.pagefactory.internal.LocatingElementHandler.invoke(LocatingElementHandler.java:51)
	at jdk.proxy2/jdk.proxy2.$Proxy14.click(Unknown Source)
	at lt.insoft.uztis.pages.SubmittedApplicationsPage.clickButtonNext(SubmittedApplicationsPage.java:737)
	at lt.insoft.uztis.tests.SubmittedApplicationsPageTest.testFillNewVUIApplicationFA(SubmittedApplicationsPageTest.java:182)
	at java.base/jdk.internal.reflect.DirectMethodHandleAccessor.invoke(DirectMethodHandleAccessor.java:103)
	at java.base/java.lang.reflect.Method.invoke(Method.java:580)
	at org.junit.platform.commons.util.ReflectionUtils.invokeMethod(ReflectionUtils.java:728)
	at org.junit.jupiter.engine.execution.MethodInvocation.proceed(MethodInvocation.java:60)
	at org.junit.jupiter.engine.execution.InvocationInterceptorChain$ValidatingInvocation.proceed(InvocationInterceptorChain.java:131)
	at org.junit.jupiter.engine.extension.TimeoutExtension.intercept(TimeoutExtension.java:156)
	at org.junit.jupiter.engine.extension.TimeoutExtension.interceptTestableMethod(TimeoutExtension.java:147)
	at org.junit.jupiter.engine.extension.TimeoutExtension.interceptTestMethod(TimeoutExtension.java:86)
	at org.junit.jupiter.engine.execution.InterceptingExecutableInvoker$ReflectiveInterceptorCall.lambda$ofVoidMethod$0(InterceptingExecutableInvoker.java:103)
	at org.junit.jupiter.engine.execution.InterceptingExecutableInvoker.lambda$invoke$0(InterceptingExecutableInvoker.java:93)
	at org.junit.jupiter.engine.execution.InvocationInterceptorChain$InterceptedInvocation.proceed(InvocationInterceptorChain.java:106)
	at org.junit.jupiter.engine.execution.InvocationInterceptorChain.proceed(InvocationInterceptorChain.java:64)
	at org.junit.jupiter.engine.execution.InvocationInterceptorChain.chainAndInvoke(InvocationInterceptorChain.java:45)
	at org.junit.jupiter.engine.execution.InvocationInterceptorChain.invoke(InvocationInterceptorChain.java:37)
	at org.junit.jupiter.engine.execution.InterceptingExecutableInvoker.invoke(InterceptingExecutableInvoker.java:92)
	at org.junit.jupiter.engine.execution.InterceptingExecutableInvoker.invoke(InterceptingExecutableInvoker.java:86)
	at org.junit.jupiter.engine.descriptor.TestMethodTestDescriptor.lambda$invokeTestMethod$7(TestMethodTestDescriptor.java:218)
	at org.junit.platform.engine.support.hierarchical.ThrowableCollector.execute(ThrowableCollector.java:73)
	at org.junit.jupiter.engine.descriptor.TestMethodTestDescriptor.invokeTestMethod(TestMethodTestDescriptor.java:214)
	at org.junit.jupiter.engine.descriptor.TestMethodTestDescriptor.execute(TestMethodTestDescriptor.java:139)
	at org.junit.jupiter.engine.descriptor.TestMethodTestDescriptor.execute(TestMethodTestDescriptor.java:69)
	at org.junit.platform.engine.support.hierarchical.NodeTestTask.lambda$executeRecursively$6(NodeTestTask.java:151)
	at org.junit.platform.engine.support.hierarchical.ThrowableCollector.execute(ThrowableCollector.java:73)
	at org.junit.platform.engine.support.hierarchical.NodeTestTask.lambda$executeRecursively$8(NodeTestTask.java:141)
	at org.junit.platform.engine.support.hierarchical.Node.around(Node.java:137)
	at org.junit.platform.engine.support.hierarchical.NodeTestTask.lambda$executeRecursively$9(NodeTestTask.java:139)
	at org.junit.platform.engine.support.hierarchical.ThrowableCollector.execute(ThrowableCollector.java:73)
	at org.junit.platform.engine.support.hierarchical.NodeTestTask.executeRecursively(NodeTestTask.java:138)
	at org.junit.platform.engine.support.hierarchical.NodeTestTask.execute(NodeTestTask.java:95)
	at java.base/java.util.ArrayList.forEach(ArrayList.java:1596)
	at org.junit.platform.engine.support.hierarchical.SameThreadHierarchicalTestExecutorService.invokeAll(SameThreadHierarchicalTestExecutorService.java:41)
	at org.junit.platform.engine.support.hierarchical.NodeTestTask.lambda$executeRecursively$6(NodeTestTask.java:155)
	at org.junit.platform.engine.support.hierarchical.ThrowableCollector.execute(ThrowableCollector.java:73)
	at org.junit.platform.engine.support.hierarchical.NodeTestTask.lambda$executeRecursively$8(NodeTestTask.java:141)
	at org.junit.platform.engine.support.hierarchical.Node.around(Node.java:137)
	at org.junit.platform.engine.support.hierarchical.NodeTestTask.lambda$executeRecursively$9(NodeTestTask.java:139)
	at org.junit.platform.engine.support.hierarchical.ThrowableCollector.execute(ThrowableCollector.java:73)
	at org.junit.platform.engine.support.hierarchical.NodeTestTask.executeRecursively(NodeTestTask.java:138)
	at org.junit.platform.engine.support.hierarchical.NodeTestTask.execute(NodeTestTask.java:95)
	at java.base/java.util.ArrayList.forEach(ArrayList.java:1596)
	at org.junit.platform.engine.support.hierarchical.SameThreadHierarchicalTestExecutorService.invokeAll(SameThreadHierarchicalTestExecutorService.java:41)
	at org.junit.platform.engine.support.hierarchical.NodeTestTask.lambda$executeRecursively$6(NodeTestTask.java:155)
	at org.junit.platform.engine.support.hierarchical.ThrowableCollector.execute(ThrowableCollector.java:73)
	at org.junit.platform.engine.support.hierarchical.NodeTestTask.lambda$executeRecursively$8(NodeTestTask.java:141)
	at org.junit.platform.engine.support.hierarchical.Node.around(Node.java:137)
	at org.junit.platform.engine.support.hierarchical.NodeTestTask.lambda$executeRecursively$9(NodeTestTask.java:139)
	at org.junit.platform.engine.support.hierarchical.ThrowableCollector.execute(ThrowableCollector.java:73)
	at org.junit.platform.engine.support.hierarchical.NodeTestTask.executeRecursively(NodeTestTask.java:138)
	at org.junit.platform.engine.support.hierarchical.NodeTestTask.execute(NodeTestTask.java:95)
	at org.junit.platform.engine.support.hierarchical.SameThreadHierarchicalTestExecutorService.submit(SameThreadHierarchicalTestExecutorService.java:35)
	at org.junit.platform.engine.support.hierarchical.HierarchicalTestExecutor.execute(HierarchicalTestExecutor.java:57)
	at org.junit.platform.engine.support.hierarchical.HierarchicalTestEngine.execute(HierarchicalTestEngine.java:54)
	at org.junit.platform.launcher.core.EngineExecutionOrchestrator.execute(EngineExecutionOrchestrator.java:198)
	at org.junit.platform.launcher.core.EngineExecutionOrchestrator.execute(EngineExecutionOrchestrator.java:169)
	at org.junit.platform.launcher.core.EngineExecutionOrchestrator.execute(EngineExecutionOrchestrator.java:93)
	at org.junit.platform.launcher.core.EngineExecutionOrchestrator.lambda$execute$0(EngineExecutionOrchestrator.java:58)
	at org.junit.platform.launcher.core.EngineExecutionOrchestrator.withInterceptedStreams(EngineExecutionOrchestrator.java:141)
	at org.junit.platform.launcher.core.EngineExecutionOrchestrator.execute(EngineExecutionOrchestrator.java:57)
	at org.junit.platform.launcher.core.DefaultLauncher.execute(DefaultLauncher.java:103)
	at org.junit.platform.launcher.core.DefaultLauncher.execute(DefaultLauncher.java:85)
	at org.junit.platform.launcher.core.DelegatingLauncher.execute(DelegatingLauncher.java:47)
	at org.junit.platform.launcher.core.SessionPerRequestLauncher.execute(SessionPerRequestLauncher.java:63)
	at com.intellij.junit5.JUnit5IdeaTestRunner.startRunnerWithArgs(JUnit5IdeaTestRunner.java:57)
	at com.intellij.rt.junit.IdeaTestRunner$Repeater$1.execute(IdeaTestRunner.java:38)
	at com.intellij.rt.execution.junit.TestsRepeater.repeat(TestsRepeater.java:11)
	at com.intellij.rt.junit.IdeaTestRunner$Repeater.startRunnerWithArgs(IdeaTestRunner.java:35)
	at com.intellij.rt.junit.JUnitStarter.prepareStreamsAndStart(JUnitStarter.java:232)
	at com.intellij.rt.junit.JUnitStarter.main(JUnitStarter.java:55)
2025-02-28 11:07:46 [main] INFO  l.insoft.uztis.tests.utils.TestUtils - Screenshot moved to C:\Users\ingrida.zadorozniene\Desktop\Asm\UZTIS\UZTIS_tests\test-output\screenshots\20250228\110746753_testFillNewVUIApplicationFA().png
2025-02-28 14:45:12 [main] INFO  lt.insoft.uztis.tests.UztisPageTest - Navigated to https://uztisdev.asseco.lt/home
2025-02-28 14:45:12 [main] INFO  l.i.u.t.SubmittedApplicationsPageTest - Starting test:'testFillNewVUIPApplicationFA'
2025-02-28 14:45:12 [main] DEBUG l.i.u.t.SubmittedApplicationsPageTest - User logged in with test credentials.
2025-02-28 14:45:13 [main] DEBUG l.i.u.t.SubmittedApplicationsPageTest - Opened 'Application Processing' menu.
2025-02-28 14:45:13 [main] DEBUG l.i.u.t.SubmittedApplicationsPageTest - Clicked on 'Application Forms' menu.
2025-02-28 14:45:14 [main] DEBUG l.i.u.t.SubmittedApplicationsPageTest - Retrieved last description code text: 'TST-VUI-52'.
2025-02-28 14:45:14 [main] DEBUG l.i.u.t.SubmittedApplicationsPageTest - Clicked on 'Invitation' menu.
2025-02-28 14:45:15 [main] DEBUG l.i.u.t.SubmittedApplicationsPageTest - Selected application section by code: 'TST-VUI-52'.
2025-02-28 14:45:15 [main] DEBUG l.i.u.t.SubmittedApplicationsPageTest - Clicked 'Search' button.
2025-02-28 14:45:15 [main] DEBUG l.i.u.t.SubmittedApplicationsPageTest - Retrieved invitation code: ''.
2025-02-28 14:45:15 [main] DEBUG l.i.u.t.SubmittedApplicationsPageTest - Clicked on 'Submitted Applications' menu.
2025-02-28 14:45:16 [main] DEBUG l.i.u.t.SubmittedApplicationsPageTest - Selected invitation by code: 'TST-VUI-52'.
2025-02-28 14:45:16 [main] DEBUG l.i.u.t.SubmittedApplicationsPageTest - Invitation code inserted.
2025-02-28 14:45:16 [main] DEBUG l.i.u.t.SubmittedApplicationsPageTest - Clicked on 'Action Application' button.
2025-02-28 14:45:17 [main] DEBUG l.i.u.t.SubmittedApplicationsPageTest - Clicked on 'New Application' button.
2025-02-28 14:45:17 [main] DEBUG l.i.u.t.SubmittedApplicationsPageTest - Selected the 'RadioButtonFA' option.
2025-02-28 14:45:17 [main] DEBUG l.i.u.t.SubmittedApplicationsPageTest - Entered phone number: '61298745'.
2025-02-28 14:45:17 [main] DEBUG l.i.u.t.SubmittedApplicationsPageTest - Entered email: 'test@autotest.com'.
2025-02-28 14:45:17 [main] INFO  l.i.u.p.SubmittedApplicationsPage - Clicking on the dropdown button.
2025-02-28 14:45:33 [main] INFO  l.i.u.p.SubmittedApplicationsPage - Found 1741 options in the dropdown.
2025-02-28 14:45:33 [main] DEBUG l.i.u.p.SubmittedApplicationsPage - Checking option: ''
2025-02-28 14:45:33 [main] DEBUG l.i.u.p.SubmittedApplicationsPage - Checking option: '01.11 - Grūdinių (išskyrus ryžius), ankštinių ir aliejingų sėklų augalų auginimas'
2025-02-28 14:45:33 [main] INFO  l.i.u.p.SubmittedApplicationsPage - Successfully selected the value: '01.11 - Grūdinių (išskyrus ryžius), ankštinių ir aliejingų sėklų augalų auginimas'
2025-02-28 14:45:33 [main] INFO  l.i.u.p.SubmittedApplicationsPage - Attempting to close the dropdown.
2025-02-28 14:45:44 [main] INFO  l.i.u.p.SubmittedApplicationsPage - Dropdown should be closed now.
2025-02-28 14:45:44 [main] DEBUG l.i.u.t.SubmittedApplicationsPageTest - Selected EVRK value: '01.11 - Grūdinių (išskyrus ryžius), ankštinių ir aliejingų sėklų augalų auginimas'.
2025-02-28 14:45:44 [main] DEBUG l.i.u.t.SubmittedApplicationsPageTest - Entered project date.
2025-02-28 14:45:44 [main] DEBUG l.i.u.t.SubmittedApplicationsPageTest - Entered job count: '1'.
2025-02-28 14:45:45 [main] DEBUG l.i.u.t.SubmittedApplicationsPageTest - Clicked on 'Address Component' button.
2025-02-28 14:45:45 [main] INFO  l.i.u.p.SubmittedApplicationsPage - Located the dropdown button.
2025-02-28 14:45:46 [main] ERROR l.i.u.p.SubmittedApplicationsPage - Dropdown button click failed: element click intercepted: Element <mat-select role="combobox" aria-haspopup="listbox" class="mat-mdc-select primary-control ng-tns-c1073613477-25 mat-mdc-select-multiple ng-valid ng-star-inserted ng-dirty ng-touched" aria-labelledby="mat-select-value-7" id="mat-select-7" tabindex="0" aria-expanded="false" aria-required="false" aria-disabled="false" aria-invalid="false">...</mat-select> is not clickable at point (836, 651). Other element would receive the click: <div class="modal-footer btn-group-mobile reverse-mobile gap-3">...</div>
  (Session info: chrome=133.0.6943.142)
Build info: version: '4.27.0', revision: 'd6e718d134'
System info: os.name: 'Windows 11', os.arch: 'amd64', os.version: '10.0', java.version: '21.0.3'
Driver info: org.openqa.selenium.chrome.ChromeDriver
Command: [4ff5fd42b01adcb9da7938b4f618c37b, clickElement {id=f.6D827AD77FC7085696B4919D5551FE96.d.EF3BCC62839186A374EE83B3707DEB1D.e.2020}]
Capabilities {acceptInsecureCerts: false, browserName: chrome, browserVersion: 133.0.6943.142, chrome: {chromedriverVersion: 133.0.6943.141 (2a5d6da0d61..., userDataDir: C:\Users\INGRID~1.ZAD\AppDa...}, fedcm:accounts: true, goog:chromeOptions: {debuggerAddress: localhost:59630}, networkConnectionEnabled: false, pageLoadStrategy: normal, platformName: windows, proxy: Proxy(), se:cdp: ws://localhost:59630/devtoo..., se:cdpVersion: 133.0.6943.142, setWindowRect: true, strictFileInteractability: false, timeouts: {implicit: 0, pageLoad: 300000, script: 30000}, unhandledPromptBehavior: dismiss and notify, webauthn:extension:credBlob: true, webauthn:extension:largeBlob: true, webauthn:extension:minPinLength: true, webauthn:extension:prf: true, webauthn:virtualAuthenticators: true}
Element: [[ChromeDriver: chrome on windows (4ff5fd42b01adcb9da7938b4f618c37b)] -> xpath: (//mat-select[contains(@class, 'mat-mdc-select')])[1]]
Session ID: 4ff5fd42b01adcb9da7938b4f618c37b
2025-02-28 14:46:17 [main] ERROR l.i.u.p.SubmittedApplicationsPage - Failed to select dropdown option: Expected condition failed: waiting for visibility of all elements located by By.xpath: //mat-option/span (tried for 30 second(s) with 500 milliseconds interval)
Build info: version: '4.27.0', revision: 'd6e718d134'
System info: os.name: 'Windows 11', os.arch: 'amd64', os.version: '10.0', java.version: '21.0.3'
Driver info: org.openqa.selenium.chrome.ChromeDriver
Capabilities {acceptInsecureCerts: false, browserName: chrome, browserVersion: 133.0.6943.142, chrome: {chromedriverVersion: 133.0.6943.141 (2a5d6da0d61..., userDataDir: C:\Users\INGRID~1.ZAD\AppDa...}, fedcm:accounts: true, goog:chromeOptions: {debuggerAddress: localhost:59630}, networkConnectionEnabled: false, pageLoadStrategy: normal, platformName: windows, proxy: Proxy(), se:cdp: ws://localhost:59630/devtoo..., se:cdpVersion: 133.0.6943.142, setWindowRect: true, strictFileInteractability: false, timeouts: {implicit: 0, pageLoad: 300000, script: 30000}, unhandledPromptBehavior: dismiss and notify, webauthn:extension:credBlob: true, webauthn:extension:largeBlob: true, webauthn:extension:minPinLength: true, webauthn:extension:prf: true, webauthn:virtualAuthenticators: true}
Session ID: 4ff5fd42b01adcb9da7938b4f618c37b
2025-02-28 14:46:17 [main] DEBUG l.i.u.t.SubmittedApplicationsPageTest - Selected country: 'Lietuva'.
2025-02-28 14:46:17 [main] INFO  l.i.u.p.SubmittedApplicationsPage - Located the dropdown button.
2025-02-28 14:46:20 [main] WARN  l.i.u.p.SubmittedApplicationsPage - Dropdown value 'Vilnius, Vilniaus miesto sav.' not found.
2025-02-28 14:46:51 [main] ERROR l.i.u.p.SubmittedApplicationsPage - Timeout while waiting for dropdown to close with aria-expanded = 'false'.
2025-02-28 14:46:51 [main] DEBUG l.i.u.t.SubmittedApplicationsPageTest - Selected country: 'Vilnius, Vilniaus miesto sav.'.
2025-02-28 14:46:51 [main] INFO  l.i.u.p.SubmittedApplicationsPage - Located the dropdown button.
2025-02-28 14:47:32 [main] ERROR l.i.u.p.SubmittedApplicationsPage - Dropdown button click failed: Expected condition failed: waiting for element to be clickable: Proxy element for: DefaultElementLocator 'By.xpath: (//mat-select[contains(@class, 'mat-mdc-select')])[3]' (tried for 30 second(s) with 500 milliseconds interval)
2025-02-28 14:47:35 [main] WARN  l.i.u.p.SubmittedApplicationsPage - Dropdown value 'V. Grybo g.' not found.
2025-02-28 14:48:06 [main] ERROR l.i.u.p.SubmittedApplicationsPage - Timeout while waiting for dropdown to close with aria-expanded = 'false'.
2025-02-28 14:48:06 [main] DEBUG l.i.u.t.SubmittedApplicationsPageTest - Selected country: 'V. Grybo g.'.
2025-02-28 14:48:06 [main] INFO  l.i.u.p.SubmittedApplicationsPage - Located the dropdown button.
2025-02-28 14:48:47 [main] ERROR l.i.u.p.SubmittedApplicationsPage - Dropdown button click failed: Expected condition failed: waiting for element to be clickable: Proxy element for: DefaultElementLocator 'By.xpath: (//mat-select[contains(@class, 'mat-mdc-select')])[4]' (tried for 30 second(s) with 500 milliseconds interval)
2025-02-28 14:48:50 [main] WARN  l.i.u.p.SubmittedApplicationsPage - Dropdown value '1' not found.
2025-02-28 14:49:21 [main] ERROR l.i.u.p.SubmittedApplicationsPage - Timeout while waiting for dropdown to close with aria-expanded = 'false'.
2025-02-28 14:49:21 [main] DEBUG l.i.u.t.SubmittedApplicationsPageTest - Selected country: '1'.
2025-02-28 14:49:21 [main] INFO  l.i.u.p.SubmittedApplicationsPage - Located the dropdown button.
2025-02-28 14:50:02 [main] ERROR l.i.u.p.SubmittedApplicationsPage - Dropdown button click failed: Expected condition failed: waiting for element to be clickable: Proxy element for: DefaultElementLocator 'By.xpath: (//mat-select[contains(@class, 'mat-mdc-select')])[5]' (tried for 30 second(s) with 500 milliseconds interval)
2025-02-28 14:50:05 [main] WARN  l.i.u.p.SubmittedApplicationsPage - Dropdown value '1' not found.
2025-02-28 14:50:36 [main] ERROR l.i.u.p.SubmittedApplicationsPage - Timeout while waiting for dropdown to close with aria-expanded = 'false'.
2025-02-28 14:50:36 [main] DEBUG l.i.u.t.SubmittedApplicationsPageTest - Selected country: '1'.
2025-02-28 14:50:37 [main] ERROR l.i.u.t.SubmittedApplicationsPageTest - Test 'testFillNewVUIApplicationFA' failed with error: element click intercepted: Element <button type="button" class="i-forms-stepper-button i-forms-stepper-button-next">...</button> is not clickable at point (1823, 971). Other element would receive the click: <div class="cdk-overlay-backdrop cdk-overlay-transparent-backdrop cdk-overlay-backdrop-showing"></div>
  (Session info: chrome=133.0.6943.142)
Build info: version: '4.27.0', revision: 'd6e718d134'
System info: os.name: 'Windows 11', os.arch: 'amd64', os.version: '10.0', java.version: '21.0.3'
Driver info: org.openqa.selenium.chrome.ChromeDriver
Command: [4ff5fd42b01adcb9da7938b4f618c37b, clickElement {id=f.6D827AD77FC7085696B4919D5551FE96.d.EF3BCC62839186A374EE83B3707DEB1D.e.2034}]
Capabilities {acceptInsecureCerts: false, browserName: chrome, browserVersion: 133.0.6943.142, chrome: {chromedriverVersion: 133.0.6943.141 (2a5d6da0d61..., userDataDir: C:\Users\INGRID~1.ZAD\AppDa...}, fedcm:accounts: true, goog:chromeOptions: {debuggerAddress: localhost:59630}, networkConnectionEnabled: false, pageLoadStrategy: normal, platformName: windows, proxy: Proxy(), se:cdp: ws://localhost:59630/devtoo..., se:cdpVersion: 133.0.6943.142, setWindowRect: true, strictFileInteractability: false, timeouts: {implicit: 0, pageLoad: 300000, script: 30000}, unhandledPromptBehavior: dismiss and notify, webauthn:extension:credBlob: true, webauthn:extension:largeBlob: true, webauthn:extension:minPinLength: true, webauthn:extension:prf: true, webauthn:virtualAuthenticators: true}
Element: [[ChromeDriver: chrome on windows (4ff5fd42b01adcb9da7938b4f618c37b)] -> xpath: //button[contains(@class, 'i-forms-stepper-button-next') and normalize-space(text())='Toliau']]
Session ID: 4ff5fd42b01adcb9da7938b4f618c37b
org.openqa.selenium.ElementClickInterceptedException: element click intercepted: Element <button type="button" class="i-forms-stepper-button i-forms-stepper-button-next">...</button> is not clickable at point (1823, 971). Other element would receive the click: <div class="cdk-overlay-backdrop cdk-overlay-transparent-backdrop cdk-overlay-backdrop-showing"></div>
  (Session info: chrome=133.0.6943.142)
Build info: version: '4.27.0', revision: 'd6e718d134'
System info: os.name: 'Windows 11', os.arch: 'amd64', os.version: '10.0', java.version: '21.0.3'
Driver info: org.openqa.selenium.chrome.ChromeDriver
Command: [4ff5fd42b01adcb9da7938b4f618c37b, clickElement {id=f.6D827AD77FC7085696B4919D5551FE96.d.EF3BCC62839186A374EE83B3707DEB1D.e.2034}]
Capabilities {acceptInsecureCerts: false, browserName: chrome, browserVersion: 133.0.6943.142, chrome: {chromedriverVersion: 133.0.6943.141 (2a5d6da0d61..., userDataDir: C:\Users\INGRID~1.ZAD\AppDa...}, fedcm:accounts: true, goog:chromeOptions: {debuggerAddress: localhost:59630}, networkConnectionEnabled: false, pageLoadStrategy: normal, platformName: windows, proxy: Proxy(), se:cdp: ws://localhost:59630/devtoo..., se:cdpVersion: 133.0.6943.142, setWindowRect: true, strictFileInteractability: false, timeouts: {implicit: 0, pageLoad: 300000, script: 30000}, unhandledPromptBehavior: dismiss and notify, webauthn:extension:credBlob: true, webauthn:extension:largeBlob: true, webauthn:extension:minPinLength: true, webauthn:extension:prf: true, webauthn:virtualAuthenticators: true}
Element: [[ChromeDriver: chrome on windows (4ff5fd42b01adcb9da7938b4f618c37b)] -> xpath: //button[contains(@class, 'i-forms-stepper-button-next') and normalize-space(text())='Toliau']]
Session ID: 4ff5fd42b01adcb9da7938b4f618c37b
	at java.base/jdk.internal.reflect.DirectConstructorHandleAccessor.newInstance(DirectConstructorHandleAccessor.java:62)
	at java.base/java.lang.reflect.Constructor.newInstanceWithCaller(Constructor.java:502)
	at java.base/java.lang.reflect.Constructor.newInstance(Constructor.java:486)
	at org.openqa.selenium.remote.ErrorCodec.decode(ErrorCodec.java:167)
	at org.openqa.selenium.remote.codec.w3c.W3CHttpResponseCodec.decode(W3CHttpResponseCodec.java:138)
	at org.openqa.selenium.remote.codec.w3c.W3CHttpResponseCodec.decode(W3CHttpResponseCodec.java:50)
	at org.openqa.selenium.remote.HttpCommandExecutor.execute(HttpCommandExecutor.java:190)
	at org.openqa.selenium.remote.service.DriverCommandExecutor.invokeExecute(DriverCommandExecutor.java:216)
	at org.openqa.selenium.remote.service.DriverCommandExecutor.execute(DriverCommandExecutor.java:174)
	at org.openqa.selenium.remote.RemoteWebDriver.execute(RemoteWebDriver.java:545)
	at org.openqa.selenium.remote.RemoteWebElement.execute(RemoteWebElement.java:223)
	at org.openqa.selenium.remote.RemoteWebElement.click(RemoteWebElement.java:76)
	at java.base/jdk.internal.reflect.DirectMethodHandleAccessor.invoke(DirectMethodHandleAccessor.java:103)
	at java.base/java.lang.reflect.Method.invoke(Method.java:580)
	at org.openqa.selenium.support.pagefactory.internal.LocatingElementHandler.invoke(LocatingElementHandler.java:51)
	at jdk.proxy2/jdk.proxy2.$Proxy14.click(Unknown Source)
	at lt.insoft.uztis.pages.SubmittedApplicationsPage.clickButtonNext(SubmittedApplicationsPage.java:953)
	at lt.insoft.uztis.tests.SubmittedApplicationsPageTest.testFillNewVUIApplicationFA(SubmittedApplicationsPageTest.java:203)
	at java.base/jdk.internal.reflect.DirectMethodHandleAccessor.invoke(DirectMethodHandleAccessor.java:103)
	at java.base/java.lang.reflect.Method.invoke(Method.java:580)
	at org.junit.platform.commons.util.ReflectionUtils.invokeMethod(ReflectionUtils.java:728)
	at org.junit.jupiter.engine.execution.MethodInvocation.proceed(MethodInvocation.java:60)
	at org.junit.jupiter.engine.execution.InvocationInterceptorChain$ValidatingInvocation.proceed(InvocationInterceptorChain.java:131)
	at org.junit.jupiter.engine.extension.TimeoutExtension.intercept(TimeoutExtension.java:156)
	at org.junit.jupiter.engine.extension.TimeoutExtension.interceptTestableMethod(TimeoutExtension.java:147)
	at org.junit.jupiter.engine.extension.TimeoutExtension.interceptTestMethod(TimeoutExtension.java:86)
	at org.junit.jupiter.engine.execution.InterceptingExecutableInvoker$ReflectiveInterceptorCall.lambda$ofVoidMethod$0(InterceptingExecutableInvoker.java:103)
	at org.junit.jupiter.engine.execution.InterceptingExecutableInvoker.lambda$invoke$0(InterceptingExecutableInvoker.java:93)
	at org.junit.jupiter.engine.execution.InvocationInterceptorChain$InterceptedInvocation.proceed(InvocationInterceptorChain.java:106)
	at org.junit.jupiter.engine.execution.InvocationInterceptorChain.proceed(InvocationInterceptorChain.java:64)
	at org.junit.jupiter.engine.execution.InvocationInterceptorChain.chainAndInvoke(InvocationInterceptorChain.java:45)
	at org.junit.jupiter.engine.execution.InvocationInterceptorChain.invoke(InvocationInterceptorChain.java:37)
	at org.junit.jupiter.engine.execution.InterceptingExecutableInvoker.invoke(InterceptingExecutableInvoker.java:92)
	at org.junit.jupiter.engine.execution.InterceptingExecutableInvoker.invoke(InterceptingExecutableInvoker.java:86)
	at org.junit.jupiter.engine.descriptor.TestMethodTestDescriptor.lambda$invokeTestMethod$7(TestMethodTestDescriptor.java:218)
	at org.junit.platform.engine.support.hierarchical.ThrowableCollector.execute(ThrowableCollector.java:73)
	at org.junit.jupiter.engine.descriptor.TestMethodTestDescriptor.invokeTestMethod(TestMethodTestDescriptor.java:214)
	at org.junit.jupiter.engine.descriptor.TestMethodTestDescriptor.execute(TestMethodTestDescriptor.java:139)
	at org.junit.jupiter.engine.descriptor.TestMethodTestDescriptor.execute(TestMethodTestDescriptor.java:69)
	at org.junit.platform.engine.support.hierarchical.NodeTestTask.lambda$executeRecursively$6(NodeTestTask.java:151)
	at org.junit.platform.engine.support.hierarchical.ThrowableCollector.execute(ThrowableCollector.java:73)
	at org.junit.platform.engine.support.hierarchical.NodeTestTask.lambda$executeRecursively$8(NodeTestTask.java:141)
	at org.junit.platform.engine.support.hierarchical.Node.around(Node.java:137)
	at org.junit.platform.engine.support.hierarchical.NodeTestTask.lambda$executeRecursively$9(NodeTestTask.java:139)
	at org.junit.platform.engine.support.hierarchical.ThrowableCollector.execute(ThrowableCollector.java:73)
	at org.junit.platform.engine.support.hierarchical.NodeTestTask.executeRecursively(NodeTestTask.java:138)
	at org.junit.platform.engine.support.hierarchical.NodeTestTask.execute(NodeTestTask.java:95)
	at java.base/java.util.ArrayList.forEach(ArrayList.java:1596)
	at org.junit.platform.engine.support.hierarchical.SameThreadHierarchicalTestExecutorService.invokeAll(SameThreadHierarchicalTestExecutorService.java:41)
	at org.junit.platform.engine.support.hierarchical.NodeTestTask.lambda$executeRecursively$6(NodeTestTask.java:155)
	at org.junit.platform.engine.support.hierarchical.ThrowableCollector.execute(ThrowableCollector.java:73)
	at org.junit.platform.engine.support.hierarchical.NodeTestTask.lambda$executeRecursively$8(NodeTestTask.java:141)
	at org.junit.platform.engine.support.hierarchical.Node.around(Node.java:137)
	at org.junit.platform.engine.support.hierarchical.NodeTestTask.lambda$executeRecursively$9(NodeTestTask.java:139)
	at org.junit.platform.engine.support.hierarchical.ThrowableCollector.execute(ThrowableCollector.java:73)
	at org.junit.platform.engine.support.hierarchical.NodeTestTask.executeRecursively(NodeTestTask.java:138)
	at org.junit.platform.engine.support.hierarchical.NodeTestTask.execute(NodeTestTask.java:95)
	at java.base/java.util.ArrayList.forEach(ArrayList.java:1596)
	at org.junit.platform.engine.support.hierarchical.SameThreadHierarchicalTestExecutorService.invokeAll(SameThreadHierarchicalTestExecutorService.java:41)
	at org.junit.platform.engine.support.hierarchical.NodeTestTask.lambda$executeRecursively$6(NodeTestTask.java:155)
	at org.junit.platform.engine.support.hierarchical.ThrowableCollector.execute(ThrowableCollector.java:73)
	at org.junit.platform.engine.support.hierarchical.NodeTestTask.lambda$executeRecursively$8(NodeTestTask.java:141)
	at org.junit.platform.engine.support.hierarchical.Node.around(Node.java:137)
	at org.junit.platform.engine.support.hierarchical.NodeTestTask.lambda$executeRecursively$9(NodeTestTask.java:139)
	at org.junit.platform.engine.support.hierarchical.ThrowableCollector.execute(ThrowableCollector.java:73)
	at org.junit.platform.engine.support.hierarchical.NodeTestTask.executeRecursively(NodeTestTask.java:138)
	at org.junit.platform.engine.support.hierarchical.NodeTestTask.execute(NodeTestTask.java:95)
	at org.junit.platform.engine.support.hierarchical.SameThreadHierarchicalTestExecutorService.submit(SameThreadHierarchicalTestExecutorService.java:35)
	at org.junit.platform.engine.support.hierarchical.HierarchicalTestExecutor.execute(HierarchicalTestExecutor.java:57)
	at org.junit.platform.engine.support.hierarchical.HierarchicalTestEngine.execute(HierarchicalTestEngine.java:54)
	at org.junit.platform.launcher.core.EngineExecutionOrchestrator.execute(EngineExecutionOrchestrator.java:198)
	at org.junit.platform.launcher.core.EngineExecutionOrchestrator.execute(EngineExecutionOrchestrator.java:169)
	at org.junit.platform.launcher.core.EngineExecutionOrchestrator.execute(EngineExecutionOrchestrator.java:93)
	at org.junit.platform.launcher.core.EngineExecutionOrchestrator.lambda$execute$0(EngineExecutionOrchestrator.java:58)
	at org.junit.platform.launcher.core.EngineExecutionOrchestrator.withInterceptedStreams(EngineExecutionOrchestrator.java:141)
	at org.junit.platform.launcher.core.EngineExecutionOrchestrator.execute(EngineExecutionOrchestrator.java:57)
	at org.junit.platform.launcher.core.DefaultLauncher.execute(DefaultLauncher.java:103)
	at org.junit.platform.launcher.core.DefaultLauncher.execute(DefaultLauncher.java:85)
	at org.junit.platform.launcher.core.DelegatingLauncher.execute(DelegatingLauncher.java:47)
	at org.junit.platform.launcher.core.SessionPerRequestLauncher.execute(SessionPerRequestLauncher.java:63)
	at com.intellij.junit5.JUnit5IdeaTestRunner.startRunnerWithArgs(JUnit5IdeaTestRunner.java:57)
	at com.intellij.rt.junit.IdeaTestRunner$Repeater$1.execute(IdeaTestRunner.java:38)
	at com.intellij.rt.execution.junit.TestsRepeater.repeat(TestsRepeater.java:11)
	at com.intellij.rt.junit.IdeaTestRunner$Repeater.startRunnerWithArgs(IdeaTestRunner.java:35)
	at com.intellij.rt.junit.JUnitStarter.prepareStreamsAndStart(JUnitStarter.java:232)
	at com.intellij.rt.junit.JUnitStarter.main(JUnitStarter.java:55)
2025-02-28 14:50:37 [main] INFO  l.insoft.uztis.tests.utils.TestUtils - Screenshot moved to C:\Users\ingrida.zadorozniene\Desktop\Asm\UZTIS\UZTIS_tests\test-output\screenshots\20250228\145037448_testFillNewVUIApplicationFA().png
2025-02-28 14:52:28 [main] INFO  lt.insoft.uztis.tests.UztisPageTest - Navigated to https://uztisdev.asseco.lt/home
2025-02-28 14:52:28 [main] INFO  l.i.u.t.SubmittedApplicationsPageTest - Starting test:'testFillNewVUIPApplicationFA'
2025-02-28 14:52:29 [main] DEBUG l.i.u.t.SubmittedApplicationsPageTest - User logged in with test credentials.
2025-02-28 14:52:29 [main] DEBUG l.i.u.t.SubmittedApplicationsPageTest - Opened 'Application Processing' menu.
2025-02-28 14:52:29 [main] DEBUG l.i.u.t.SubmittedApplicationsPageTest - Clicked on 'Application Forms' menu.
2025-02-28 14:52:30 [main] DEBUG l.i.u.t.SubmittedApplicationsPageTest - Retrieved last description code text: 'TST-VUI-52'.
2025-02-28 14:52:30 [main] DEBUG l.i.u.t.SubmittedApplicationsPageTest - Clicked on 'Invitation' menu.
2025-02-28 14:52:31 [main] DEBUG l.i.u.t.SubmittedApplicationsPageTest - Selected application section by code: 'TST-VUI-52'.
2025-02-28 14:52:31 [main] DEBUG l.i.u.t.SubmittedApplicationsPageTest - Clicked 'Search' button.
2025-02-28 14:52:31 [main] DEBUG l.i.u.t.SubmittedApplicationsPageTest - Retrieved invitation code: ''.
2025-02-28 14:52:31 [main] DEBUG l.i.u.t.SubmittedApplicationsPageTest - Clicked on 'Submitted Applications' menu.
2025-02-28 14:52:33 [main] DEBUG l.i.u.t.SubmittedApplicationsPageTest - Selected invitation by code: 'TST-VUI-52'.
2025-02-28 14:52:33 [main] DEBUG l.i.u.t.SubmittedApplicationsPageTest - Invitation code inserted.
2025-02-28 14:52:33 [main] DEBUG l.i.u.t.SubmittedApplicationsPageTest - Clicked on 'Action Application' button.
2025-02-28 14:52:33 [main] DEBUG l.i.u.t.SubmittedApplicationsPageTest - Clicked on 'New Application' button.
2025-02-28 14:52:33 [main] DEBUG l.i.u.t.SubmittedApplicationsPageTest - Selected the 'RadioButtonFA' option.
2025-02-28 14:52:34 [main] DEBUG l.i.u.t.SubmittedApplicationsPageTest - Entered phone number: '61298745'.
2025-02-28 14:52:34 [main] DEBUG l.i.u.t.SubmittedApplicationsPageTest - Entered email: 'test@autotest.com'.
2025-02-28 14:52:34 [main] INFO  l.i.u.p.SubmittedApplicationsPage - Clicking on the dropdown button.
2025-02-28 14:52:53 [main] INFO  l.i.u.p.SubmittedApplicationsPage - Found 1741 options in the dropdown.
2025-02-28 14:52:53 [main] DEBUG l.i.u.p.SubmittedApplicationsPage - Checking option: ''
2025-02-28 14:52:53 [main] DEBUG l.i.u.p.SubmittedApplicationsPage - Checking option: '01.11 - Grūdinių (išskyrus ryžius), ankštinių ir aliejingų sėklų augalų auginimas'
2025-02-28 14:52:53 [main] INFO  l.i.u.p.SubmittedApplicationsPage - Successfully selected the value: '01.11 - Grūdinių (išskyrus ryžius), ankštinių ir aliejingų sėklų augalų auginimas'
2025-02-28 14:52:53 [main] INFO  l.i.u.p.SubmittedApplicationsPage - Attempting to close the dropdown.
2025-02-28 14:53:04 [main] INFO  l.i.u.p.SubmittedApplicationsPage - Dropdown should be closed now.
2025-02-28 14:53:04 [main] DEBUG l.i.u.t.SubmittedApplicationsPageTest - Selected EVRK value: '01.11 - Grūdinių (išskyrus ryžius), ankštinių ir aliejingų sėklų augalų auginimas'.
2025-02-28 14:53:04 [main] DEBUG l.i.u.t.SubmittedApplicationsPageTest - Entered project date.
2025-02-28 14:53:04 [main] DEBUG l.i.u.t.SubmittedApplicationsPageTest - Entered job count: '1'.
2025-02-28 14:53:04 [main] DEBUG l.i.u.t.SubmittedApplicationsPageTest - Clicked on 'Address Component' button.
2025-02-28 14:53:04 [main] INFO  l.i.u.p.SubmittedApplicationsPage - Located the dropdown button.
2025-02-28 14:53:05 [main] ERROR l.i.u.p.SubmittedApplicationsPage - Dropdown button click failed: element click intercepted: Element <mat-select role="combobox" aria-haspopup="listbox" class="mat-mdc-select primary-control ng-tns-c1073613477-25 mat-mdc-select-multiple ng-valid ng-star-inserted ng-dirty ng-touched" aria-labelledby="mat-select-value-7" id="mat-select-7" tabindex="0" aria-expanded="false" aria-required="false" aria-disabled="false" aria-invalid="false">...</mat-select> is not clickable at point (836, 651). Other element would receive the click: <div class="modal-footer btn-group-mobile reverse-mobile gap-3">...</div>
  (Session info: chrome=133.0.6943.142)
Build info: version: '4.27.0', revision: 'd6e718d134'
System info: os.name: 'Windows 11', os.arch: 'amd64', os.version: '10.0', java.version: '21.0.3'
Driver info: org.openqa.selenium.chrome.ChromeDriver
Command: [9fba10e8a7070eec5c970fc1baaf0f4d, clickElement {id=f.409EEBB7EB2BA3CB9FFE15C50ACFAEAF.d.838768453B1F56542CA457912700EBEC.e.2025}]
Capabilities {acceptInsecureCerts: false, browserName: chrome, browserVersion: 133.0.6943.142, chrome: {chromedriverVersion: 133.0.6943.141 (2a5d6da0d61..., userDataDir: C:\Users\INGRID~1.ZAD\AppDa...}, fedcm:accounts: true, goog:chromeOptions: {debuggerAddress: localhost:59882}, networkConnectionEnabled: false, pageLoadStrategy: normal, platformName: windows, proxy: Proxy(), se:cdp: ws://localhost:59882/devtoo..., se:cdpVersion: 133.0.6943.142, setWindowRect: true, strictFileInteractability: false, timeouts: {implicit: 0, pageLoad: 300000, script: 30000}, unhandledPromptBehavior: dismiss and notify, webauthn:extension:credBlob: true, webauthn:extension:largeBlob: true, webauthn:extension:minPinLength: true, webauthn:extension:prf: true, webauthn:virtualAuthenticators: true}
Element: [[ChromeDriver: chrome on windows (9fba10e8a7070eec5c970fc1baaf0f4d)] -> xpath: //mat-select[contains(@class, 'mat-mdc-select')]]
Session ID: 9fba10e8a7070eec5c970fc1baaf0f4d
2025-02-28 14:53:36 [main] ERROR l.i.u.p.SubmittedApplicationsPage - Failed to select dropdown option: Expected condition failed: waiting for visibility of all elements located by By.xpath: //mat-option/span (tried for 30 second(s) with 500 milliseconds interval)
Build info: version: '4.27.0', revision: 'd6e718d134'
System info: os.name: 'Windows 11', os.arch: 'amd64', os.version: '10.0', java.version: '21.0.3'
Driver info: org.openqa.selenium.chrome.ChromeDriver
Capabilities {acceptInsecureCerts: false, browserName: chrome, browserVersion: 133.0.6943.142, chrome: {chromedriverVersion: 133.0.6943.141 (2a5d6da0d61..., userDataDir: C:\Users\INGRID~1.ZAD\AppDa...}, fedcm:accounts: true, goog:chromeOptions: {debuggerAddress: localhost:59882}, networkConnectionEnabled: false, pageLoadStrategy: normal, platformName: windows, proxy: Proxy(), se:cdp: ws://localhost:59882/devtoo..., se:cdpVersion: 133.0.6943.142, setWindowRect: true, strictFileInteractability: false, timeouts: {implicit: 0, pageLoad: 300000, script: 30000}, unhandledPromptBehavior: dismiss and notify, webauthn:extension:credBlob: true, webauthn:extension:largeBlob: true, webauthn:extension:minPinLength: true, webauthn:extension:prf: true, webauthn:virtualAuthenticators: true}
Session ID: 9fba10e8a7070eec5c970fc1baaf0f4d
2025-02-28 14:53:36 [main] DEBUG l.i.u.t.SubmittedApplicationsPageTest - Selected country: 'Lietuva'.
2025-02-28 14:53:36 [main] INFO  l.i.u.p.SubmittedApplicationsPage - Located the dropdown button.
2025-02-28 14:53:37 [main] ERROR l.i.u.p.SubmittedApplicationsPage - Dropdown button click failed: element click intercepted: Element <mat-select role="combobox" aria-haspopup="listbox" class="mat-mdc-select primary-control ng-tns-c1073613477-25 mat-mdc-select-multiple ng-valid ng-star-inserted ng-dirty ng-touched" aria-labelledby="mat-select-value-7" id="mat-select-7" tabindex="0" aria-expanded="false" aria-required="false" aria-disabled="false" aria-invalid="false">...</mat-select> is not clickable at point (836, 651). Other element would receive the click: <div class="modal-footer btn-group-mobile reverse-mobile gap-3">...</div>
  (Session info: chrome=133.0.6943.142)
Build info: version: '4.27.0', revision: 'd6e718d134'
System info: os.name: 'Windows 11', os.arch: 'amd64', os.version: '10.0', java.version: '21.0.3'
Driver info: org.openqa.selenium.chrome.ChromeDriver
Command: [9fba10e8a7070eec5c970fc1baaf0f4d, clickElement {id=f.409EEBB7EB2BA3CB9FFE15C50ACFAEAF.d.838768453B1F56542CA457912700EBEC.e.2025}]
Capabilities {acceptInsecureCerts: false, browserName: chrome, browserVersion: 133.0.6943.142, chrome: {chromedriverVersion: 133.0.6943.141 (2a5d6da0d61..., userDataDir: C:\Users\INGRID~1.ZAD\AppDa...}, fedcm:accounts: true, goog:chromeOptions: {debuggerAddress: localhost:59882}, networkConnectionEnabled: false, pageLoadStrategy: normal, platformName: windows, proxy: Proxy(), se:cdp: ws://localhost:59882/devtoo..., se:cdpVersion: 133.0.6943.142, setWindowRect: true, strictFileInteractability: false, timeouts: {implicit: 0, pageLoad: 300000, script: 30000}, unhandledPromptBehavior: dismiss and notify, webauthn:extension:credBlob: true, webauthn:extension:largeBlob: true, webauthn:extension:minPinLength: true, webauthn:extension:prf: true, webauthn:virtualAuthenticators: true}
Element: [[ChromeDriver: chrome on windows (9fba10e8a7070eec5c970fc1baaf0f4d)] -> xpath: (//mat-select[contains(@class, 'mat-mdc-select')])[1]]
Session ID: 9fba10e8a7070eec5c970fc1baaf0f4d
2025-02-28 14:54:08 [main] ERROR l.i.u.p.SubmittedApplicationsPage - Failed to select dropdown option: Expected condition failed: waiting for visibility of all elements located by By.xpath: //mat-option/span (tried for 30 second(s) with 500 milliseconds interval)
Build info: version: '4.27.0', revision: 'd6e718d134'
System info: os.name: 'Windows 11', os.arch: 'amd64', os.version: '10.0', java.version: '21.0.3'
Driver info: org.openqa.selenium.chrome.ChromeDriver
Capabilities {acceptInsecureCerts: false, browserName: chrome, browserVersion: 133.0.6943.142, chrome: {chromedriverVersion: 133.0.6943.141 (2a5d6da0d61..., userDataDir: C:\Users\INGRID~1.ZAD\AppDa...}, fedcm:accounts: true, goog:chromeOptions: {debuggerAddress: localhost:59882}, networkConnectionEnabled: false, pageLoadStrategy: normal, platformName: windows, proxy: Proxy(), se:cdp: ws://localhost:59882/devtoo..., se:cdpVersion: 133.0.6943.142, setWindowRect: true, strictFileInteractability: false, timeouts: {implicit: 0, pageLoad: 300000, script: 30000}, unhandledPromptBehavior: dismiss and notify, webauthn:extension:credBlob: true, webauthn:extension:largeBlob: true, webauthn:extension:minPinLength: true, webauthn:extension:prf: true, webauthn:virtualAuthenticators: true}
Session ID: 9fba10e8a7070eec5c970fc1baaf0f4d
2025-02-28 14:54:08 [main] DEBUG l.i.u.t.SubmittedApplicationsPageTest - Selected country: 'Vilnius, Vilniaus miesto sav.'.
2025-02-28 14:54:08 [main] INFO  l.i.u.p.SubmittedApplicationsPage - Located the dropdown button.
2025-02-28 14:54:12 [main] WARN  l.i.u.p.SubmittedApplicationsPage - Dropdown value 'V. Grybo g.' not found.
2025-02-28 14:54:42 [main] ERROR l.i.u.p.SubmittedApplicationsPage - Timeout while waiting for dropdown to close with aria-expanded = 'false'.
2025-02-28 14:54:42 [main] DEBUG l.i.u.t.SubmittedApplicationsPageTest - Selected country: 'V. Grybo g.'.
2025-02-28 14:54:42 [main] INFO  l.i.u.p.SubmittedApplicationsPage - Located the dropdown button.
2025-02-28 14:55:23 [main] ERROR l.i.u.p.SubmittedApplicationsPage - Dropdown button click failed: Expected condition failed: waiting for element to be clickable: Proxy element for: DefaultElementLocator 'By.xpath: (//mat-select[contains(@class, 'mat-mdc-select')])[3]' (tried for 30 second(s) with 500 milliseconds interval)
2025-02-28 14:55:27 [main] WARN  l.i.u.p.SubmittedApplicationsPage - Dropdown value '1' not found.
2025-02-28 14:55:58 [main] ERROR l.i.u.p.SubmittedApplicationsPage - Timeout while waiting for dropdown to close with aria-expanded = 'false'.
2025-02-28 14:55:58 [main] DEBUG l.i.u.t.SubmittedApplicationsPageTest - Selected country: '1'.
2025-02-28 14:55:58 [main] INFO  l.i.u.p.SubmittedApplicationsPage - Located the dropdown button.
2025-02-28 14:56:39 [main] ERROR l.i.u.p.SubmittedApplicationsPage - Dropdown button click failed: Expected condition failed: waiting for element to be clickable: Proxy element for: DefaultElementLocator 'By.xpath: (//mat-select[contains(@class, 'mat-mdc-select')])[4]' (tried for 30 second(s) with 500 milliseconds interval)
2025-02-28 14:56:42 [main] WARN  l.i.u.p.SubmittedApplicationsPage - Dropdown value '1' not found.
2025-02-28 14:57:07 [main] ERROR l.i.u.t.SubmittedApplicationsPageTest - Test 'testFillNewVUIApplicationFA' failed with error: invalid session id: session deleted as the browser has closed the connection
from disconnected: unable to send message to renderer
  (Session info: chrome=133.0.6943.142)
Build info: version: '4.27.0', revision: 'd6e718d134'
System info: os.name: 'Windows 11', os.arch: 'amd64', os.version: '10.0', java.version: '21.0.3'
Driver info: org.openqa.selenium.chrome.ChromeDriver
Command: [9fba10e8a7070eec5c970fc1baaf0f4d, findElement {using=xpath, value=(//mat-select[contains(@class, 'mat-mdc-select')])[4]}]
Capabilities {acceptInsecureCerts: false, browserName: chrome, browserVersion: 133.0.6943.142, chrome: {chromedriverVersion: 133.0.6943.141 (2a5d6da0d61..., userDataDir: C:\Users\INGRID~1.ZAD\AppDa...}, fedcm:accounts: true, goog:chromeOptions: {debuggerAddress: localhost:59882}, networkConnectionEnabled: false, pageLoadStrategy: normal, platformName: windows, proxy: Proxy(), se:cdp: ws://localhost:59882/devtoo..., se:cdpVersion: 133.0.6943.142, setWindowRect: true, strictFileInteractability: false, timeouts: {implicit: 0, pageLoad: 300000, script: 30000}, unhandledPromptBehavior: dismiss and notify, webauthn:extension:credBlob: true, webauthn:extension:largeBlob: true, webauthn:extension:minPinLength: true, webauthn:extension:prf: true, webauthn:virtualAuthenticators: true}
Session ID: 9fba10e8a7070eec5c970fc1baaf0f4d
org.openqa.selenium.NoSuchSessionException: invalid session id: session deleted as the browser has closed the connection
from disconnected: unable to send message to renderer
  (Session info: chrome=133.0.6943.142)
Build info: version: '4.27.0', revision: 'd6e718d134'
System info: os.name: 'Windows 11', os.arch: 'amd64', os.version: '10.0', java.version: '21.0.3'
Driver info: org.openqa.selenium.chrome.ChromeDriver
Command: [9fba10e8a7070eec5c970fc1baaf0f4d, findElement {using=xpath, value=(//mat-select[contains(@class, 'mat-mdc-select')])[4]}]
Capabilities {acceptInsecureCerts: false, browserName: chrome, browserVersion: 133.0.6943.142, chrome: {chromedriverVersion: 133.0.6943.141 (2a5d6da0d61..., userDataDir: C:\Users\INGRID~1.ZAD\AppDa...}, fedcm:accounts: true, goog:chromeOptions: {debuggerAddress: localhost:59882}, networkConnectionEnabled: false, pageLoadStrategy: normal, platformName: windows, proxy: Proxy(), se:cdp: ws://localhost:59882/devtoo..., se:cdpVersion: 133.0.6943.142, setWindowRect: true, strictFileInteractability: false, timeouts: {implicit: 0, pageLoad: 300000, script: 30000}, unhandledPromptBehavior: dismiss and notify, webauthn:extension:credBlob: true, webauthn:extension:largeBlob: true, webauthn:extension:minPinLength: true, webauthn:extension:prf: true, webauthn:virtualAuthenticators: true}
Session ID: 9fba10e8a7070eec5c970fc1baaf0f4d
	at java.base/jdk.internal.reflect.DirectConstructorHandleAccessor.newInstance(DirectConstructorHandleAccessor.java:62)
	at java.base/java.lang.reflect.Constructor.newInstanceWithCaller(Constructor.java:502)
	at java.base/java.lang.reflect.Constructor.newInstance(Constructor.java:486)
	at org.openqa.selenium.remote.ErrorCodec.decode(ErrorCodec.java:167)
	at org.openqa.selenium.remote.codec.w3c.W3CHttpResponseCodec.decode(W3CHttpResponseCodec.java:138)
	at org.openqa.selenium.remote.codec.w3c.W3CHttpResponseCodec.decode(W3CHttpResponseCodec.java:50)
	at org.openqa.selenium.remote.HttpCommandExecutor.execute(HttpCommandExecutor.java:190)
	at org.openqa.selenium.remote.service.DriverCommandExecutor.invokeExecute(DriverCommandExecutor.java:216)
	at org.openqa.selenium.remote.service.DriverCommandExecutor.execute(DriverCommandExecutor.java:174)
	at org.openqa.selenium.remote.RemoteWebDriver.execute(RemoteWebDriver.java:545)
	at org.openqa.selenium.remote.ElementLocation$ElementFinder$2.findElement(ElementLocation.java:165)
	at org.openqa.selenium.remote.ElementLocation.findElement(ElementLocation.java:59)
	at org.openqa.selenium.remote.RemoteWebDriver.findElement(RemoteWebDriver.java:368)
	at org.openqa.selenium.remote.RemoteWebDriver.findElement(RemoteWebDriver.java:362)
	at org.openqa.selenium.support.pagefactory.DefaultElementLocator.findElement(DefaultElementLocator.java:68)
	at org.openqa.selenium.support.pagefactory.internal.LocatingElementHandler.invoke(LocatingElementHandler.java:38)
	at jdk.proxy2/jdk.proxy2.$Proxy14.getAttribute(Unknown Source)
	at org.openqa.selenium.support.ui.ExpectedConditions$39.apply(ExpectedConditions.java:1094)
	at org.openqa.selenium.support.ui.ExpectedConditions$39.apply(ExpectedConditions.java:1089)
	at org.openqa.selenium.support.ui.FluentWait.until(FluentWait.java:203)
	at lt.insoft.uztis.pages.SubmittedApplicationsPage.selectDropdownAddressApartment(SubmittedApplicationsPage.java:904)
	at lt.insoft.uztis.tests.SubmittedApplicationsPageTest.testFillNewVUIApplicationFA(SubmittedApplicationsPageTest.java:199)
	at java.base/jdk.internal.reflect.DirectMethodHandleAccessor.invoke(DirectMethodHandleAccessor.java:103)
	at java.base/java.lang.reflect.Method.invoke(Method.java:580)
	at org.junit.platform.commons.util.ReflectionUtils.invokeMethod(ReflectionUtils.java:728)
	at org.junit.jupiter.engine.execution.MethodInvocation.proceed(MethodInvocation.java:60)
	at org.junit.jupiter.engine.execution.InvocationInterceptorChain$ValidatingInvocation.proceed(InvocationInterceptorChain.java:131)
	at org.junit.jupiter.engine.extension.TimeoutExtension.intercept(TimeoutExtension.java:156)
	at org.junit.jupiter.engine.extension.TimeoutExtension.interceptTestableMethod(TimeoutExtension.java:147)
	at org.junit.jupiter.engine.extension.TimeoutExtension.interceptTestMethod(TimeoutExtension.java:86)
	at org.junit.jupiter.engine.execution.InterceptingExecutableInvoker$ReflectiveInterceptorCall.lambda$ofVoidMethod$0(InterceptingExecutableInvoker.java:103)
	at org.junit.jupiter.engine.execution.InterceptingExecutableInvoker.lambda$invoke$0(InterceptingExecutableInvoker.java:93)
	at org.junit.jupiter.engine.execution.InvocationInterceptorChain$InterceptedInvocation.proceed(InvocationInterceptorChain.java:106)
	at org.junit.jupiter.engine.execution.InvocationInterceptorChain.proceed(InvocationInterceptorChain.java:64)
	at org.junit.jupiter.engine.execution.InvocationInterceptorChain.chainAndInvoke(InvocationInterceptorChain.java:45)
	at org.junit.jupiter.engine.execution.InvocationInterceptorChain.invoke(InvocationInterceptorChain.java:37)
	at org.junit.jupiter.engine.execution.InterceptingExecutableInvoker.invoke(InterceptingExecutableInvoker.java:92)
	at org.junit.jupiter.engine.execution.InterceptingExecutableInvoker.invoke(InterceptingExecutableInvoker.java:86)
	at org.junit.jupiter.engine.descriptor.TestMethodTestDescriptor.lambda$invokeTestMethod$7(TestMethodTestDescriptor.java:218)
	at org.junit.platform.engine.support.hierarchical.ThrowableCollector.execute(ThrowableCollector.java:73)
	at org.junit.jupiter.engine.descriptor.TestMethodTestDescriptor.invokeTestMethod(TestMethodTestDescriptor.java:214)
	at org.junit.jupiter.engine.descriptor.TestMethodTestDescriptor.execute(TestMethodTestDescriptor.java:139)
	at org.junit.jupiter.engine.descriptor.TestMethodTestDescriptor.execute(TestMethodTestDescriptor.java:69)
	at org.junit.platform.engine.support.hierarchical.NodeTestTask.lambda$executeRecursively$6(NodeTestTask.java:151)
	at org.junit.platform.engine.support.hierarchical.ThrowableCollector.execute(ThrowableCollector.java:73)
	at org.junit.platform.engine.support.hierarchical.NodeTestTask.lambda$executeRecursively$8(NodeTestTask.java:141)
	at org.junit.platform.engine.support.hierarchical.Node.around(Node.java:137)
	at org.junit.platform.engine.support.hierarchical.NodeTestTask.lambda$executeRecursively$9(NodeTestTask.java:139)
	at org.junit.platform.engine.support.hierarchical.ThrowableCollector.execute(ThrowableCollector.java:73)
	at org.junit.platform.engine.support.hierarchical.NodeTestTask.executeRecursively(NodeTestTask.java:138)
	at org.junit.platform.engine.support.hierarchical.NodeTestTask.execute(NodeTestTask.java:95)
	at java.base/java.util.ArrayList.forEach(ArrayList.java:1596)
	at org.junit.platform.engine.support.hierarchical.SameThreadHierarchicalTestExecutorService.invokeAll(SameThreadHierarchicalTestExecutorService.java:41)
	at org.junit.platform.engine.support.hierarchical.NodeTestTask.lambda$executeRecursively$6(NodeTestTask.java:155)
	at org.junit.platform.engine.support.hierarchical.ThrowableCollector.execute(ThrowableCollector.java:73)
	at org.junit.platform.engine.support.hierarchical.NodeTestTask.lambda$executeRecursively$8(NodeTestTask.java:141)
	at org.junit.platform.engine.support.hierarchical.Node.around(Node.java:137)
	at org.junit.platform.engine.support.hierarchical.NodeTestTask.lambda$executeRecursively$9(NodeTestTask.java:139)
	at org.junit.platform.engine.support.hierarchical.ThrowableCollector.execute(ThrowableCollector.java:73)
	at org.junit.platform.engine.support.hierarchical.NodeTestTask.executeRecursively(NodeTestTask.java:138)
	at org.junit.platform.engine.support.hierarchical.NodeTestTask.execute(NodeTestTask.java:95)
	at java.base/java.util.ArrayList.forEach(ArrayList.java:1596)
	at org.junit.platform.engine.support.hierarchical.SameThreadHierarchicalTestExecutorService.invokeAll(SameThreadHierarchicalTestExecutorService.java:41)
	at org.junit.platform.engine.support.hierarchical.NodeTestTask.lambda$executeRecursively$6(NodeTestTask.java:155)
	at org.junit.platform.engine.support.hierarchical.ThrowableCollector.execute(ThrowableCollector.java:73)
	at org.junit.platform.engine.support.hierarchical.NodeTestTask.lambda$executeRecursively$8(NodeTestTask.java:141)
	at org.junit.platform.engine.support.hierarchical.Node.around(Node.java:137)
	at org.junit.platform.engine.support.hierarchical.NodeTestTask.lambda$executeRecursively$9(NodeTestTask.java:139)
	at org.junit.platform.engine.support.hierarchical.ThrowableCollector.execute(ThrowableCollector.java:73)
	at org.junit.platform.engine.support.hierarchical.NodeTestTask.executeRecursively(NodeTestTask.java:138)
	at org.junit.platform.engine.support.hierarchical.NodeTestTask.execute(NodeTestTask.java:95)
	at org.junit.platform.engine.support.hierarchical.SameThreadHierarchicalTestExecutorService.submit(SameThreadHierarchicalTestExecutorService.java:35)
	at org.junit.platform.engine.support.hierarchical.HierarchicalTestExecutor.execute(HierarchicalTestExecutor.java:57)
	at org.junit.platform.engine.support.hierarchical.HierarchicalTestEngine.execute(HierarchicalTestEngine.java:54)
	at org.junit.platform.launcher.core.EngineExecutionOrchestrator.execute(EngineExecutionOrchestrator.java:198)
	at org.junit.platform.launcher.core.EngineExecutionOrchestrator.execute(EngineExecutionOrchestrator.java:169)
	at org.junit.platform.launcher.core.EngineExecutionOrchestrator.execute(EngineExecutionOrchestrator.java:93)
	at org.junit.platform.launcher.core.EngineExecutionOrchestrator.lambda$execute$0(EngineExecutionOrchestrator.java:58)
	at org.junit.platform.launcher.core.EngineExecutionOrchestrator.withInterceptedStreams(EngineExecutionOrchestrator.java:141)
	at org.junit.platform.launcher.core.EngineExecutionOrchestrator.execute(EngineExecutionOrchestrator.java:57)
	at org.junit.platform.launcher.core.DefaultLauncher.execute(DefaultLauncher.java:103)
	at org.junit.platform.launcher.core.DefaultLauncher.execute(DefaultLauncher.java:85)
	at org.junit.platform.launcher.core.DelegatingLauncher.execute(DelegatingLauncher.java:47)
	at org.junit.platform.launcher.core.SessionPerRequestLauncher.execute(SessionPerRequestLauncher.java:63)
	at com.intellij.junit5.JUnit5IdeaTestRunner.startRunnerWithArgs(JUnit5IdeaTestRunner.java:57)
	at com.intellij.rt.junit.IdeaTestRunner$Repeater$1.execute(IdeaTestRunner.java:38)
	at com.intellij.rt.execution.junit.TestsRepeater.repeat(TestsRepeater.java:11)
	at com.intellij.rt.junit.IdeaTestRunner$Repeater.startRunnerWithArgs(IdeaTestRunner.java:35)
	at com.intellij.rt.junit.JUnitStarter.prepareStreamsAndStart(JUnitStarter.java:232)
	at com.intellij.rt.junit.JUnitStarter.main(JUnitStarter.java:55)
2025-02-28 15:04:36 [main] INFO  lt.insoft.uztis.tests.UztisPageTest - Navigated to https://uztisdev.asseco.lt/home
2025-02-28 15:04:36 [main] INFO  l.i.u.t.SubmittedApplicationsPageTest - Starting test:'testFillNewVUIPApplicationFA'
2025-02-28 15:04:36 [main] DEBUG l.i.u.t.SubmittedApplicationsPageTest - User logged in with test credentials.
2025-02-28 15:04:36 [main] DEBUG l.i.u.t.SubmittedApplicationsPageTest - Opened 'Application Processing' menu.
2025-02-28 15:04:36 [main] DEBUG l.i.u.t.SubmittedApplicationsPageTest - Clicked on 'Application Forms' menu.
2025-02-28 15:04:37 [main] DEBUG l.i.u.t.SubmittedApplicationsPageTest - Retrieved last description code text: 'TST-VUI-52'.
2025-02-28 15:04:37 [main] DEBUG l.i.u.t.SubmittedApplicationsPageTest - Clicked on 'Invitation' menu.
2025-02-28 15:04:38 [main] DEBUG l.i.u.t.SubmittedApplicationsPageTest - Selected application section by code: 'TST-VUI-52'.
2025-02-28 15:04:38 [main] DEBUG l.i.u.t.SubmittedApplicationsPageTest - Clicked 'Search' button.
2025-02-28 15:04:38 [main] DEBUG l.i.u.t.SubmittedApplicationsPageTest - Retrieved invitation code: ''.
2025-02-28 15:04:38 [main] DEBUG l.i.u.t.SubmittedApplicationsPageTest - Clicked on 'Submitted Applications' menu.
2025-02-28 15:04:40 [main] DEBUG l.i.u.t.SubmittedApplicationsPageTest - Selected invitation by code: 'TST-VUI-52'.
2025-02-28 15:04:40 [main] DEBUG l.i.u.t.SubmittedApplicationsPageTest - Invitation code inserted.
2025-02-28 15:04:40 [main] DEBUG l.i.u.t.SubmittedApplicationsPageTest - Clicked on 'Action Application' button.
2025-02-28 15:04:40 [main] DEBUG l.i.u.t.SubmittedApplicationsPageTest - Clicked on 'New Application' button.
2025-02-28 15:04:40 [main] DEBUG l.i.u.t.SubmittedApplicationsPageTest - Selected the 'RadioButtonFA' option.
2025-02-28 15:04:41 [main] DEBUG l.i.u.t.SubmittedApplicationsPageTest - Entered phone number: '61298745'.
2025-02-28 15:04:41 [main] DEBUG l.i.u.t.SubmittedApplicationsPageTest - Entered email: 'test@autotest.com'.
2025-02-28 15:04:41 [main] INFO  l.i.u.p.SubmittedApplicationsPage - Clicking on the dropdown button.
2025-02-28 15:04:59 [main] INFO  l.i.u.p.SubmittedApplicationsPage - Found 1741 options in the dropdown.
2025-02-28 15:04:59 [main] DEBUG l.i.u.p.SubmittedApplicationsPage - Checking option: ''
2025-02-28 15:04:59 [main] DEBUG l.i.u.p.SubmittedApplicationsPage - Checking option: '01.11 - Grūdinių (išskyrus ryžius), ankštinių ir aliejingų sėklų augalų auginimas'
2025-02-28 15:04:59 [main] INFO  l.i.u.p.SubmittedApplicationsPage - Successfully selected the value: '01.11 - Grūdinių (išskyrus ryžius), ankštinių ir aliejingų sėklų augalų auginimas'
2025-02-28 15:04:59 [main] INFO  l.i.u.p.SubmittedApplicationsPage - Attempting to close the dropdown.
2025-02-28 15:05:10 [main] INFO  l.i.u.p.SubmittedApplicationsPage - Dropdown should be closed now.
2025-02-28 15:05:10 [main] DEBUG l.i.u.t.SubmittedApplicationsPageTest - Selected EVRK value: '01.11 - Grūdinių (išskyrus ryžius), ankštinių ir aliejingų sėklų augalų auginimas'.
2025-02-28 15:05:10 [main] DEBUG l.i.u.t.SubmittedApplicationsPageTest - Entered project date.
2025-02-28 15:05:10 [main] DEBUG l.i.u.t.SubmittedApplicationsPageTest - Entered job count: '1'.
2025-02-28 15:05:10 [main] DEBUG l.i.u.t.SubmittedApplicationsPageTest - Clicked on 'Address Component' button.
2025-02-28 15:05:10 [main] INFO  l.i.u.p.SubmittedApplicationsPage - Located the dropdown button.
2025-02-28 15:05:12 [main] ERROR l.i.u.p.SubmittedApplicationsPage - Dropdown button click failed: element click intercepted: Element <mat-select role="combobox" aria-haspopup="listbox" class="mat-mdc-select primary-control ng-tns-c1073613477-25 mat-mdc-select-multiple ng-valid ng-star-inserted ng-dirty ng-touched" aria-labelledby="mat-select-value-7" id="mat-select-7" tabindex="0" aria-expanded="false" aria-required="false" aria-disabled="false" aria-invalid="false">...</mat-select> is not clickable at point (836, 651). Other element would receive the click: <div class="modal-footer btn-group-mobile reverse-mobile gap-3">...</div>
  (Session info: chrome=133.0.6943.142)
Build info: version: '4.27.0', revision: 'd6e718d134'
System info: os.name: 'Windows 11', os.arch: 'amd64', os.version: '10.0', java.version: '21.0.3'
Driver info: org.openqa.selenium.chrome.ChromeDriver
Command: [93f19b76c6527373ad76b34628c54fa5, clickElement {id=f.470C76D8B899A86DB0753E3850AF8B91.d.B2423C92285614EB44525B993D3E8135.e.2023}]
Capabilities {acceptInsecureCerts: false, browserName: chrome, browserVersion: 133.0.6943.142, chrome: {chromedriverVersion: 133.0.6943.141 (2a5d6da0d61..., userDataDir: C:\Users\INGRID~1.ZAD\AppDa...}, fedcm:accounts: true, goog:chromeOptions: {debuggerAddress: localhost:60289}, networkConnectionEnabled: false, pageLoadStrategy: normal, platformName: windows, proxy: Proxy(), se:cdp: ws://localhost:60289/devtoo..., se:cdpVersion: 133.0.6943.142, setWindowRect: true, strictFileInteractability: false, timeouts: {implicit: 0, pageLoad: 300000, script: 30000}, unhandledPromptBehavior: dismiss and notify, webauthn:extension:credBlob: true, webauthn:extension:largeBlob: true, webauthn:extension:minPinLength: true, webauthn:extension:prf: true, webauthn:virtualAuthenticators: true}
Element: [[ChromeDriver: chrome on windows (93f19b76c6527373ad76b34628c54fa5)] -> xpath: //mat-select[contains(@class, 'mat-mdc-select')]]
Session ID: 93f19b76c6527373ad76b34628c54fa5
2025-02-28 15:05:43 [main] ERROR l.i.u.p.SubmittedApplicationsPage - Failed to select dropdown option: Expected condition failed: waiting for visibility of all elements located by By.xpath: //mat-option/span (tried for 30 second(s) with 500 milliseconds interval)
Build info: version: '4.27.0', revision: 'd6e718d134'
System info: os.name: 'Windows 11', os.arch: 'amd64', os.version: '10.0', java.version: '21.0.3'
Driver info: org.openqa.selenium.chrome.ChromeDriver
Capabilities {acceptInsecureCerts: false, browserName: chrome, browserVersion: 133.0.6943.142, chrome: {chromedriverVersion: 133.0.6943.141 (2a5d6da0d61..., userDataDir: C:\Users\INGRID~1.ZAD\AppDa...}, fedcm:accounts: true, goog:chromeOptions: {debuggerAddress: localhost:60289}, networkConnectionEnabled: false, pageLoadStrategy: normal, platformName: windows, proxy: Proxy(), se:cdp: ws://localhost:60289/devtoo..., se:cdpVersion: 133.0.6943.142, setWindowRect: true, strictFileInteractability: false, timeouts: {implicit: 0, pageLoad: 300000, script: 30000}, unhandledPromptBehavior: dismiss and notify, webauthn:extension:credBlob: true, webauthn:extension:largeBlob: true, webauthn:extension:minPinLength: true, webauthn:extension:prf: true, webauthn:virtualAuthenticators: true}
Session ID: 93f19b76c6527373ad76b34628c54fa5
2025-02-28 15:05:43 [main] DEBUG l.i.u.t.SubmittedApplicationsPageTest - Selected country: 'Lietuva'.
2025-02-28 15:05:44 [main] ERROR l.i.u.t.SubmittedApplicationsPageTest - Test 'testFillNewVUIApplicationFA' failed with error: element click intercepted: Element <button type="button" class="i-forms-stepper-button i-forms-stepper-button-next">...</button> is not clickable at point (1823, 971). Other element would receive the click: <div class="cdk-overlay-backdrop cdk-overlay-dark-backdrop cdk-overlay-backdrop-showing"></div>
  (Session info: chrome=133.0.6943.142)
Build info: version: '4.27.0', revision: 'd6e718d134'
System info: os.name: 'Windows 11', os.arch: 'amd64', os.version: '10.0', java.version: '21.0.3'
Driver info: org.openqa.selenium.chrome.ChromeDriver
Command: [93f19b76c6527373ad76b34628c54fa5, clickElement {id=f.470C76D8B899A86DB0753E3850AF8B91.d.B2423C92285614EB44525B993D3E8135.e.2035}]
Capabilities {acceptInsecureCerts: false, browserName: chrome, browserVersion: 133.0.6943.142, chrome: {chromedriverVersion: 133.0.6943.141 (2a5d6da0d61..., userDataDir: C:\Users\INGRID~1.ZAD\AppDa...}, fedcm:accounts: true, goog:chromeOptions: {debuggerAddress: localhost:60289}, networkConnectionEnabled: false, pageLoadStrategy: normal, platformName: windows, proxy: Proxy(), se:cdp: ws://localhost:60289/devtoo..., se:cdpVersion: 133.0.6943.142, setWindowRect: true, strictFileInteractability: false, timeouts: {implicit: 0, pageLoad: 300000, script: 30000}, unhandledPromptBehavior: dismiss and notify, webauthn:extension:credBlob: true, webauthn:extension:largeBlob: true, webauthn:extension:minPinLength: true, webauthn:extension:prf: true, webauthn:virtualAuthenticators: true}
Element: [[ChromeDriver: chrome on windows (93f19b76c6527373ad76b34628c54fa5)] -> xpath: //button[contains(@class, 'i-forms-stepper-button-next') and normalize-space(text())='Toliau']]
Session ID: 93f19b76c6527373ad76b34628c54fa5
org.openqa.selenium.ElementClickInterceptedException: element click intercepted: Element <button type="button" class="i-forms-stepper-button i-forms-stepper-button-next">...</button> is not clickable at point (1823, 971). Other element would receive the click: <div class="cdk-overlay-backdrop cdk-overlay-dark-backdrop cdk-overlay-backdrop-showing"></div>
  (Session info: chrome=133.0.6943.142)
Build info: version: '4.27.0', revision: 'd6e718d134'
System info: os.name: 'Windows 11', os.arch: 'amd64', os.version: '10.0', java.version: '21.0.3'
Driver info: org.openqa.selenium.chrome.ChromeDriver
Command: [93f19b76c6527373ad76b34628c54fa5, clickElement {id=f.470C76D8B899A86DB0753E3850AF8B91.d.B2423C92285614EB44525B993D3E8135.e.2035}]
Capabilities {acceptInsecureCerts: false, browserName: chrome, browserVersion: 133.0.6943.142, chrome: {chromedriverVersion: 133.0.6943.141 (2a5d6da0d61..., userDataDir: C:\Users\INGRID~1.ZAD\AppDa...}, fedcm:accounts: true, goog:chromeOptions: {debuggerAddress: localhost:60289}, networkConnectionEnabled: false, pageLoadStrategy: normal, platformName: windows, proxy: Proxy(), se:cdp: ws://localhost:60289/devtoo..., se:cdpVersion: 133.0.6943.142, setWindowRect: true, strictFileInteractability: false, timeouts: {implicit: 0, pageLoad: 300000, script: 30000}, unhandledPromptBehavior: dismiss and notify, webauthn:extension:credBlob: true, webauthn:extension:largeBlob: true, webauthn:extension:minPinLength: true, webauthn:extension:prf: true, webauthn:virtualAuthenticators: true}
Element: [[ChromeDriver: chrome on windows (93f19b76c6527373ad76b34628c54fa5)] -> xpath: //button[contains(@class, 'i-forms-stepper-button-next') and normalize-space(text())='Toliau']]
Session ID: 93f19b76c6527373ad76b34628c54fa5
	at java.base/jdk.internal.reflect.DirectConstructorHandleAccessor.newInstance(DirectConstructorHandleAccessor.java:62)
	at java.base/java.lang.reflect.Constructor.newInstanceWithCaller(Constructor.java:502)
	at java.base/java.lang.reflect.Constructor.newInstance(Constructor.java:486)
	at org.openqa.selenium.remote.ErrorCodec.decode(ErrorCodec.java:167)
	at org.openqa.selenium.remote.codec.w3c.W3CHttpResponseCodec.decode(W3CHttpResponseCodec.java:138)
	at org.openqa.selenium.remote.codec.w3c.W3CHttpResponseCodec.decode(W3CHttpResponseCodec.java:50)
	at org.openqa.selenium.remote.HttpCommandExecutor.execute(HttpCommandExecutor.java:190)
	at org.openqa.selenium.remote.service.DriverCommandExecutor.invokeExecute(DriverCommandExecutor.java:216)
	at org.openqa.selenium.remote.service.DriverCommandExecutor.execute(DriverCommandExecutor.java:174)
	at org.openqa.selenium.remote.RemoteWebDriver.execute(RemoteWebDriver.java:545)
	at org.openqa.selenium.remote.RemoteWebElement.execute(RemoteWebElement.java:223)
	at org.openqa.selenium.remote.RemoteWebElement.click(RemoteWebElement.java:76)
	at java.base/jdk.internal.reflect.DirectMethodHandleAccessor.invoke(DirectMethodHandleAccessor.java:103)
	at java.base/java.lang.reflect.Method.invoke(Method.java:580)
	at org.openqa.selenium.support.pagefactory.internal.LocatingElementHandler.invoke(LocatingElementHandler.java:51)
	at jdk.proxy2/jdk.proxy2.$Proxy14.click(Unknown Source)
	at lt.insoft.uztis.pages.SubmittedApplicationsPage.clickButtonNext(SubmittedApplicationsPage.java:953)
	at lt.insoft.uztis.tests.SubmittedApplicationsPageTest.testFillNewVUIApplicationFA(SubmittedApplicationsPageTest.java:203)
	at java.base/jdk.internal.reflect.DirectMethodHandleAccessor.invoke(DirectMethodHandleAccessor.java:103)
	at java.base/java.lang.reflect.Method.invoke(Method.java:580)
	at org.junit.platform.commons.util.ReflectionUtils.invokeMethod(ReflectionUtils.java:728)
	at org.junit.jupiter.engine.execution.MethodInvocation.proceed(MethodInvocation.java:60)
	at org.junit.jupiter.engine.execution.InvocationInterceptorChain$ValidatingInvocation.proceed(InvocationInterceptorChain.java:131)
	at org.junit.jupiter.engine.extension.TimeoutExtension.intercept(TimeoutExtension.java:156)
	at org.junit.jupiter.engine.extension.TimeoutExtension.interceptTestableMethod(TimeoutExtension.java:147)
	at org.junit.jupiter.engine.extension.TimeoutExtension.interceptTestMethod(TimeoutExtension.java:86)
	at org.junit.jupiter.engine.execution.InterceptingExecutableInvoker$ReflectiveInterceptorCall.lambda$ofVoidMethod$0(InterceptingExecutableInvoker.java:103)
	at org.junit.jupiter.engine.execution.InterceptingExecutableInvoker.lambda$invoke$0(InterceptingExecutableInvoker.java:93)
	at org.junit.jupiter.engine.execution.InvocationInterceptorChain$InterceptedInvocation.proceed(InvocationInterceptorChain.java:106)
	at org.junit.jupiter.engine.execution.InvocationInterceptorChain.proceed(InvocationInterceptorChain.java:64)
	at org.junit.jupiter.engine.execution.InvocationInterceptorChain.chainAndInvoke(InvocationInterceptorChain.java:45)
	at org.junit.jupiter.engine.execution.InvocationInterceptorChain.invoke(InvocationInterceptorChain.java:37)
	at org.junit.jupiter.engine.execution.InterceptingExecutableInvoker.invoke(InterceptingExecutableInvoker.java:92)
	at org.junit.jupiter.engine.execution.InterceptingExecutableInvoker.invoke(InterceptingExecutableInvoker.java:86)
	at org.junit.jupiter.engine.descriptor.TestMethodTestDescriptor.lambda$invokeTestMethod$7(TestMethodTestDescriptor.java:218)
	at org.junit.platform.engine.support.hierarchical.ThrowableCollector.execute(ThrowableCollector.java:73)
	at org.junit.jupiter.engine.descriptor.TestMethodTestDescriptor.invokeTestMethod(TestMethodTestDescriptor.java:214)
	at org.junit.jupiter.engine.descriptor.TestMethodTestDescriptor.execute(TestMethodTestDescriptor.java:139)
	at org.junit.jupiter.engine.descriptor.TestMethodTestDescriptor.execute(TestMethodTestDescriptor.java:69)
	at org.junit.platform.engine.support.hierarchical.NodeTestTask.lambda$executeRecursively$6(NodeTestTask.java:151)
	at org.junit.platform.engine.support.hierarchical.ThrowableCollector.execute(ThrowableCollector.java:73)
	at org.junit.platform.engine.support.hierarchical.NodeTestTask.lambda$executeRecursively$8(NodeTestTask.java:141)
	at org.junit.platform.engine.support.hierarchical.Node.around(Node.java:137)
	at org.junit.platform.engine.support.hierarchical.NodeTestTask.lambda$executeRecursively$9(NodeTestTask.java:139)
	at org.junit.platform.engine.support.hierarchical.ThrowableCollector.execute(ThrowableCollector.java:73)
	at org.junit.platform.engine.support.hierarchical.NodeTestTask.executeRecursively(NodeTestTask.java:138)
	at org.junit.platform.engine.support.hierarchical.NodeTestTask.execute(NodeTestTask.java:95)
	at java.base/java.util.ArrayList.forEach(ArrayList.java:1596)
	at org.junit.platform.engine.support.hierarchical.SameThreadHierarchicalTestExecutorService.invokeAll(SameThreadHierarchicalTestExecutorService.java:41)
	at org.junit.platform.engine.support.hierarchical.NodeTestTask.lambda$executeRecursively$6(NodeTestTask.java:155)
	at org.junit.platform.engine.support.hierarchical.ThrowableCollector.execute(ThrowableCollector.java:73)
	at org.junit.platform.engine.support.hierarchical.NodeTestTask.lambda$executeRecursively$8(NodeTestTask.java:141)
	at org.junit.platform.engine.support.hierarchical.Node.around(Node.java:137)
	at org.junit.platform.engine.support.hierarchical.NodeTestTask.lambda$executeRecursively$9(NodeTestTask.java:139)
	at org.junit.platform.engine.support.hierarchical.ThrowableCollector.execute(ThrowableCollector.java:73)
	at org.junit.platform.engine.support.hierarchical.NodeTestTask.executeRecursively(NodeTestTask.java:138)
	at org.junit.platform.engine.support.hierarchical.NodeTestTask.execute(NodeTestTask.java:95)
	at java.base/java.util.ArrayList.forEach(ArrayList.java:1596)
	at org.junit.platform.engine.support.hierarchical.SameThreadHierarchicalTestExecutorService.invokeAll(SameThreadHierarchicalTestExecutorService.java:41)
	at org.junit.platform.engine.support.hierarchical.NodeTestTask.lambda$executeRecursively$6(NodeTestTask.java:155)
	at org.junit.platform.engine.support.hierarchical.ThrowableCollector.execute(ThrowableCollector.java:73)
	at org.junit.platform.engine.support.hierarchical.NodeTestTask.lambda$executeRecursively$8(NodeTestTask.java:141)
	at org.junit.platform.engine.support.hierarchical.Node.around(Node.java:137)
	at org.junit.platform.engine.support.hierarchical.NodeTestTask.lambda$executeRecursively$9(NodeTestTask.java:139)
	at org.junit.platform.engine.support.hierarchical.ThrowableCollector.execute(ThrowableCollector.java:73)
	at org.junit.platform.engine.support.hierarchical.NodeTestTask.executeRecursively(NodeTestTask.java:138)
	at org.junit.platform.engine.support.hierarchical.NodeTestTask.execute(NodeTestTask.java:95)
	at org.junit.platform.engine.support.hierarchical.SameThreadHierarchicalTestExecutorService.submit(SameThreadHierarchicalTestExecutorService.java:35)
	at org.junit.platform.engine.support.hierarchical.HierarchicalTestExecutor.execute(HierarchicalTestExecutor.java:57)
	at org.junit.platform.engine.support.hierarchical.HierarchicalTestEngine.execute(HierarchicalTestEngine.java:54)
	at org.junit.platform.launcher.core.EngineExecutionOrchestrator.execute(EngineExecutionOrchestrator.java:198)
	at org.junit.platform.launcher.core.EngineExecutionOrchestrator.execute(EngineExecutionOrchestrator.java:169)
	at org.junit.platform.launcher.core.EngineExecutionOrchestrator.execute(EngineExecutionOrchestrator.java:93)
	at org.junit.platform.launcher.core.EngineExecutionOrchestrator.lambda$execute$0(EngineExecutionOrchestrator.java:58)
	at org.junit.platform.launcher.core.EngineExecutionOrchestrator.withInterceptedStreams(EngineExecutionOrchestrator.java:141)
	at org.junit.platform.launcher.core.EngineExecutionOrchestrator.execute(EngineExecutionOrchestrator.java:57)
	at org.junit.platform.launcher.core.DefaultLauncher.execute(DefaultLauncher.java:103)
	at org.junit.platform.launcher.core.DefaultLauncher.execute(DefaultLauncher.java:85)
	at org.junit.platform.launcher.core.DelegatingLauncher.execute(DelegatingLauncher.java:47)
	at org.junit.platform.launcher.core.SessionPerRequestLauncher.execute(SessionPerRequestLauncher.java:63)
	at com.intellij.junit5.JUnit5IdeaTestRunner.startRunnerWithArgs(JUnit5IdeaTestRunner.java:57)
	at com.intellij.rt.junit.IdeaTestRunner$Repeater$1.execute(IdeaTestRunner.java:38)
	at com.intellij.rt.execution.junit.TestsRepeater.repeat(TestsRepeater.java:11)
	at com.intellij.rt.junit.IdeaTestRunner$Repeater.startRunnerWithArgs(IdeaTestRunner.java:35)
	at com.intellij.rt.junit.JUnitStarter.prepareStreamsAndStart(JUnitStarter.java:232)
	at com.intellij.rt.junit.JUnitStarter.main(JUnitStarter.java:55)
2025-02-28 15:05:44 [main] INFO  l.insoft.uztis.tests.utils.TestUtils - Screenshot moved to C:\Users\ingrida.zadorozniene\Desktop\Asm\UZTIS\UZTIS_tests\test-output\screenshots\20250228\150544438_testFillNewVUIApplicationFA().png
2025-02-28 15:08:47 [main] INFO  lt.insoft.uztis.tests.UztisPageTest - Navigated to https://uztisdev.asseco.lt/home
2025-02-28 15:08:47 [main] INFO  l.i.u.t.SubmittedApplicationsPageTest - Starting test:'testFillNewVUIPApplicationFA'
2025-02-28 15:08:48 [main] DEBUG l.i.u.t.SubmittedApplicationsPageTest - User logged in with test credentials.
2025-02-28 15:08:48 [main] DEBUG l.i.u.t.SubmittedApplicationsPageTest - Opened 'Application Processing' menu.
2025-02-28 15:08:48 [main] DEBUG l.i.u.t.SubmittedApplicationsPageTest - Clicked on 'Application Forms' menu.
2025-02-28 15:08:49 [main] DEBUG l.i.u.t.SubmittedApplicationsPageTest - Retrieved last description code text: 'TST-VUI-52'.
2025-02-28 15:08:49 [main] DEBUG l.i.u.t.SubmittedApplicationsPageTest - Clicked on 'Invitation' menu.
2025-02-28 15:08:50 [main] DEBUG l.i.u.t.SubmittedApplicationsPageTest - Selected application section by code: 'TST-VUI-52'.
2025-02-28 15:08:50 [main] DEBUG l.i.u.t.SubmittedApplicationsPageTest - Clicked 'Search' button.
2025-02-28 15:08:50 [main] DEBUG l.i.u.t.SubmittedApplicationsPageTest - Retrieved invitation code: ''.
2025-02-28 15:08:50 [main] DEBUG l.i.u.t.SubmittedApplicationsPageTest - Clicked on 'Submitted Applications' menu.
2025-02-28 15:08:52 [main] DEBUG l.i.u.t.SubmittedApplicationsPageTest - Selected invitation by code: 'TST-VUI-52'.
2025-02-28 15:08:52 [main] DEBUG l.i.u.t.SubmittedApplicationsPageTest - Invitation code inserted.
2025-02-28 15:08:52 [main] DEBUG l.i.u.t.SubmittedApplicationsPageTest - Clicked on 'Action Application' button.
2025-02-28 15:08:52 [main] DEBUG l.i.u.t.SubmittedApplicationsPageTest - Clicked on 'New Application' button.
2025-02-28 15:08:52 [main] DEBUG l.i.u.t.SubmittedApplicationsPageTest - Selected the 'RadioButtonFA' option.
2025-02-28 15:08:53 [main] DEBUG l.i.u.t.SubmittedApplicationsPageTest - Entered phone number: '61298745'.
2025-02-28 15:08:53 [main] DEBUG l.i.u.t.SubmittedApplicationsPageTest - Entered email: 'test@autotest.com'.
2025-02-28 15:08:53 [main] INFO  l.i.u.p.SubmittedApplicationsPage - Clicking on the dropdown button.
2025-02-28 15:09:11 [main] INFO  l.i.u.p.SubmittedApplicationsPage - Found 1741 options in the dropdown.
2025-02-28 15:09:11 [main] DEBUG l.i.u.p.SubmittedApplicationsPage - Checking option: ''
2025-02-28 15:09:11 [main] DEBUG l.i.u.p.SubmittedApplicationsPage - Checking option: '01.11 - Grūdinių (išskyrus ryžius), ankštinių ir aliejingų sėklų augalų auginimas'
2025-02-28 15:09:11 [main] INFO  l.i.u.p.SubmittedApplicationsPage - Successfully selected the value: '01.11 - Grūdinių (išskyrus ryžius), ankštinių ir aliejingų sėklų augalų auginimas'
2025-02-28 15:09:11 [main] INFO  l.i.u.p.SubmittedApplicationsPage - Attempting to close the dropdown.
2025-02-28 15:09:22 [main] INFO  l.i.u.p.SubmittedApplicationsPage - Dropdown should be closed now.
2025-02-28 15:09:22 [main] DEBUG l.i.u.t.SubmittedApplicationsPageTest - Selected EVRK value: '01.11 - Grūdinių (išskyrus ryžius), ankštinių ir aliejingų sėklų augalų auginimas'.
2025-02-28 15:09:22 [main] DEBUG l.i.u.t.SubmittedApplicationsPageTest - Entered project date.
2025-02-28 15:09:22 [main] DEBUG l.i.u.t.SubmittedApplicationsPageTest - Entered job count: '1'.
2025-02-28 15:09:22 [main] DEBUG l.i.u.t.SubmittedApplicationsPageTest - Clicked on 'Address Component' button.
2025-02-28 15:09:22 [main] INFO  l.i.u.p.SubmittedApplicationsPage - Located the dropdown button.
2025-02-28 15:09:25 [main] INFO  l.i.u.p.SubmittedApplicationsPage - Successfully selected the value: 'Lietuva'
2025-02-28 15:09:25 [main] DEBUG l.i.u.t.SubmittedApplicationsPageTest - Selected country: 'Lietuva'.
2025-02-28 15:09:26 [main] ERROR l.i.u.t.SubmittedApplicationsPageTest - Test 'testFillNewVUIApplicationFA' failed with error: element click intercepted: Element <button type="button" class="i-forms-stepper-button i-forms-stepper-button-next">...</button> is not clickable at point (1823, 992). Other element would receive the click: <div class="cdk-overlay-backdrop cdk-overlay-dark-backdrop cdk-overlay-backdrop-showing"></div>
  (Session info: chrome=133.0.6943.142)
Build info: version: '4.27.0', revision: 'd6e718d134'
System info: os.name: 'Windows 11', os.arch: 'amd64', os.version: '10.0', java.version: '21.0.3'
Driver info: org.openqa.selenium.chrome.ChromeDriver
Command: [64f92f37b48ce26b64f2deb6721bd58d, clickElement {id=f.2DC3A31C1F2C7663008D4595AA82CF44.d.7B374660D6C1AF8C9816F4FE52C4B839.e.2026}]
Capabilities {acceptInsecureCerts: false, browserName: chrome, browserVersion: 133.0.6943.142, chrome: {chromedriverVersion: 133.0.6943.141 (2a5d6da0d61..., userDataDir: C:\Users\INGRID~1.ZAD\AppDa...}, fedcm:accounts: true, goog:chromeOptions: {debuggerAddress: localhost:60464}, networkConnectionEnabled: false, pageLoadStrategy: normal, platformName: windows, proxy: Proxy(), se:cdp: ws://localhost:60464/devtoo..., se:cdpVersion: 133.0.6943.142, setWindowRect: true, strictFileInteractability: false, timeouts: {implicit: 0, pageLoad: 300000, script: 30000}, unhandledPromptBehavior: dismiss and notify, webauthn:extension:credBlob: true, webauthn:extension:largeBlob: true, webauthn:extension:minPinLength: true, webauthn:extension:prf: true, webauthn:virtualAuthenticators: true}
Element: [[ChromeDriver: chrome on windows (64f92f37b48ce26b64f2deb6721bd58d)] -> xpath: //button[contains(@class, 'i-forms-stepper-button-next') and normalize-space(text())='Toliau']]
Session ID: 64f92f37b48ce26b64f2deb6721bd58d
org.openqa.selenium.ElementClickInterceptedException: element click intercepted: Element <button type="button" class="i-forms-stepper-button i-forms-stepper-button-next">...</button> is not clickable at point (1823, 992). Other element would receive the click: <div class="cdk-overlay-backdrop cdk-overlay-dark-backdrop cdk-overlay-backdrop-showing"></div>
  (Session info: chrome=133.0.6943.142)
Build info: version: '4.27.0', revision: 'd6e718d134'
System info: os.name: 'Windows 11', os.arch: 'amd64', os.version: '10.0', java.version: '21.0.3'
Driver info: org.openqa.selenium.chrome.ChromeDriver
Command: [64f92f37b48ce26b64f2deb6721bd58d, clickElement {id=f.2DC3A31C1F2C7663008D4595AA82CF44.d.7B374660D6C1AF8C9816F4FE52C4B839.e.2026}]
Capabilities {acceptInsecureCerts: false, browserName: chrome, browserVersion: 133.0.6943.142, chrome: {chromedriverVersion: 133.0.6943.141 (2a5d6da0d61..., userDataDir: C:\Users\INGRID~1.ZAD\AppDa...}, fedcm:accounts: true, goog:chromeOptions: {debuggerAddress: localhost:60464}, networkConnectionEnabled: false, pageLoadStrategy: normal, platformName: windows, proxy: Proxy(), se:cdp: ws://localhost:60464/devtoo..., se:cdpVersion: 133.0.6943.142, setWindowRect: true, strictFileInteractability: false, timeouts: {implicit: 0, pageLoad: 300000, script: 30000}, unhandledPromptBehavior: dismiss and notify, webauthn:extension:credBlob: true, webauthn:extension:largeBlob: true, webauthn:extension:minPinLength: true, webauthn:extension:prf: true, webauthn:virtualAuthenticators: true}
Element: [[ChromeDriver: chrome on windows (64f92f37b48ce26b64f2deb6721bd58d)] -> xpath: //button[contains(@class, 'i-forms-stepper-button-next') and normalize-space(text())='Toliau']]
Session ID: 64f92f37b48ce26b64f2deb6721bd58d
	at java.base/jdk.internal.reflect.DirectConstructorHandleAccessor.newInstance(DirectConstructorHandleAccessor.java:62)
	at java.base/java.lang.reflect.Constructor.newInstanceWithCaller(Constructor.java:502)
	at java.base/java.lang.reflect.Constructor.newInstance(Constructor.java:486)
	at org.openqa.selenium.remote.ErrorCodec.decode(ErrorCodec.java:167)
	at org.openqa.selenium.remote.codec.w3c.W3CHttpResponseCodec.decode(W3CHttpResponseCodec.java:138)
	at org.openqa.selenium.remote.codec.w3c.W3CHttpResponseCodec.decode(W3CHttpResponseCodec.java:50)
	at org.openqa.selenium.remote.HttpCommandExecutor.execute(HttpCommandExecutor.java:190)
	at org.openqa.selenium.remote.service.DriverCommandExecutor.invokeExecute(DriverCommandExecutor.java:216)
	at org.openqa.selenium.remote.service.DriverCommandExecutor.execute(DriverCommandExecutor.java:174)
	at org.openqa.selenium.remote.RemoteWebDriver.execute(RemoteWebDriver.java:545)
	at org.openqa.selenium.remote.RemoteWebElement.execute(RemoteWebElement.java:223)
	at org.openqa.selenium.remote.RemoteWebElement.click(RemoteWebElement.java:76)
	at java.base/jdk.internal.reflect.DirectMethodHandleAccessor.invoke(DirectMethodHandleAccessor.java:103)
	at java.base/java.lang.reflect.Method.invoke(Method.java:580)
	at org.openqa.selenium.support.pagefactory.internal.LocatingElementHandler.invoke(LocatingElementHandler.java:51)
	at jdk.proxy2/jdk.proxy2.$Proxy14.click(Unknown Source)
	at lt.insoft.uztis.pages.SubmittedApplicationsPage.clickButtonNext(SubmittedApplicationsPage.java:953)
	at lt.insoft.uztis.tests.SubmittedApplicationsPageTest.testFillNewVUIApplicationFA(SubmittedApplicationsPageTest.java:203)
	at java.base/jdk.internal.reflect.DirectMethodHandleAccessor.invoke(DirectMethodHandleAccessor.java:103)
	at java.base/java.lang.reflect.Method.invoke(Method.java:580)
	at org.junit.platform.commons.util.ReflectionUtils.invokeMethod(ReflectionUtils.java:728)
	at org.junit.jupiter.engine.execution.MethodInvocation.proceed(MethodInvocation.java:60)
	at org.junit.jupiter.engine.execution.InvocationInterceptorChain$ValidatingInvocation.proceed(InvocationInterceptorChain.java:131)
	at org.junit.jupiter.engine.extension.TimeoutExtension.intercept(TimeoutExtension.java:156)
	at org.junit.jupiter.engine.extension.TimeoutExtension.interceptTestableMethod(TimeoutExtension.java:147)
	at org.junit.jupiter.engine.extension.TimeoutExtension.interceptTestMethod(TimeoutExtension.java:86)
	at org.junit.jupiter.engine.execution.InterceptingExecutableInvoker$ReflectiveInterceptorCall.lambda$ofVoidMethod$0(InterceptingExecutableInvoker.java:103)
	at org.junit.jupiter.engine.execution.InterceptingExecutableInvoker.lambda$invoke$0(InterceptingExecutableInvoker.java:93)
	at org.junit.jupiter.engine.execution.InvocationInterceptorChain$InterceptedInvocation.proceed(InvocationInterceptorChain.java:106)
	at org.junit.jupiter.engine.execution.InvocationInterceptorChain.proceed(InvocationInterceptorChain.java:64)
	at org.junit.jupiter.engine.execution.InvocationInterceptorChain.chainAndInvoke(InvocationInterceptorChain.java:45)
	at org.junit.jupiter.engine.execution.InvocationInterceptorChain.invoke(InvocationInterceptorChain.java:37)
	at org.junit.jupiter.engine.execution.InterceptingExecutableInvoker.invoke(InterceptingExecutableInvoker.java:92)
	at org.junit.jupiter.engine.execution.InterceptingExecutableInvoker.invoke(InterceptingExecutableInvoker.java:86)
	at org.junit.jupiter.engine.descriptor.TestMethodTestDescriptor.lambda$invokeTestMethod$7(TestMethodTestDescriptor.java:218)
	at org.junit.platform.engine.support.hierarchical.ThrowableCollector.execute(ThrowableCollector.java:73)
	at org.junit.jupiter.engine.descriptor.TestMethodTestDescriptor.invokeTestMethod(TestMethodTestDescriptor.java:214)
	at org.junit.jupiter.engine.descriptor.TestMethodTestDescriptor.execute(TestMethodTestDescriptor.java:139)
	at org.junit.jupiter.engine.descriptor.TestMethodTestDescriptor.execute(TestMethodTestDescriptor.java:69)
	at org.junit.platform.engine.support.hierarchical.NodeTestTask.lambda$executeRecursively$6(NodeTestTask.java:151)
	at org.junit.platform.engine.support.hierarchical.ThrowableCollector.execute(ThrowableCollector.java:73)
	at org.junit.platform.engine.support.hierarchical.NodeTestTask.lambda$executeRecursively$8(NodeTestTask.java:141)
	at org.junit.platform.engine.support.hierarchical.Node.around(Node.java:137)
	at org.junit.platform.engine.support.hierarchical.NodeTestTask.lambda$executeRecursively$9(NodeTestTask.java:139)
	at org.junit.platform.engine.support.hierarchical.ThrowableCollector.execute(ThrowableCollector.java:73)
	at org.junit.platform.engine.support.hierarchical.NodeTestTask.executeRecursively(NodeTestTask.java:138)
	at org.junit.platform.engine.support.hierarchical.NodeTestTask.execute(NodeTestTask.java:95)
	at java.base/java.util.ArrayList.forEach(ArrayList.java:1596)
	at org.junit.platform.engine.support.hierarchical.SameThreadHierarchicalTestExecutorService.invokeAll(SameThreadHierarchicalTestExecutorService.java:41)
	at org.junit.platform.engine.support.hierarchical.NodeTestTask.lambda$executeRecursively$6(NodeTestTask.java:155)
	at org.junit.platform.engine.support.hierarchical.ThrowableCollector.execute(ThrowableCollector.java:73)
	at org.junit.platform.engine.support.hierarchical.NodeTestTask.lambda$executeRecursively$8(NodeTestTask.java:141)
	at org.junit.platform.engine.support.hierarchical.Node.around(Node.java:137)
	at org.junit.platform.engine.support.hierarchical.NodeTestTask.lambda$executeRecursively$9(NodeTestTask.java:139)
	at org.junit.platform.engine.support.hierarchical.ThrowableCollector.execute(ThrowableCollector.java:73)
	at org.junit.platform.engine.support.hierarchical.NodeTestTask.executeRecursively(NodeTestTask.java:138)
	at org.junit.platform.engine.support.hierarchical.NodeTestTask.execute(NodeTestTask.java:95)
	at java.base/java.util.ArrayList.forEach(ArrayList.java:1596)
	at org.junit.platform.engine.support.hierarchical.SameThreadHierarchicalTestExecutorService.invokeAll(SameThreadHierarchicalTestExecutorService.java:41)
	at org.junit.platform.engine.support.hierarchical.NodeTestTask.lambda$executeRecursively$6(NodeTestTask.java:155)
	at org.junit.platform.engine.support.hierarchical.ThrowableCollector.execute(ThrowableCollector.java:73)
	at org.junit.platform.engine.support.hierarchical.NodeTestTask.lambda$executeRecursively$8(NodeTestTask.java:141)
	at org.junit.platform.engine.support.hierarchical.Node.around(Node.java:137)
	at org.junit.platform.engine.support.hierarchical.NodeTestTask.lambda$executeRecursively$9(NodeTestTask.java:139)
	at org.junit.platform.engine.support.hierarchical.ThrowableCollector.execute(ThrowableCollector.java:73)
	at org.junit.platform.engine.support.hierarchical.NodeTestTask.executeRecursively(NodeTestTask.java:138)
	at org.junit.platform.engine.support.hierarchical.NodeTestTask.execute(NodeTestTask.java:95)
	at org.junit.platform.engine.support.hierarchical.SameThreadHierarchicalTestExecutorService.submit(SameThreadHierarchicalTestExecutorService.java:35)
	at org.junit.platform.engine.support.hierarchical.HierarchicalTestExecutor.execute(HierarchicalTestExecutor.java:57)
	at org.junit.platform.engine.support.hierarchical.HierarchicalTestEngine.execute(HierarchicalTestEngine.java:54)
	at org.junit.platform.launcher.core.EngineExecutionOrchestrator.execute(EngineExecutionOrchestrator.java:198)
	at org.junit.platform.launcher.core.EngineExecutionOrchestrator.execute(EngineExecutionOrchestrator.java:169)
	at org.junit.platform.launcher.core.EngineExecutionOrchestrator.execute(EngineExecutionOrchestrator.java:93)
	at org.junit.platform.launcher.core.EngineExecutionOrchestrator.lambda$execute$0(EngineExecutionOrchestrator.java:58)
	at org.junit.platform.launcher.core.EngineExecutionOrchestrator.withInterceptedStreams(EngineExecutionOrchestrator.java:141)
	at org.junit.platform.launcher.core.EngineExecutionOrchestrator.execute(EngineExecutionOrchestrator.java:57)
	at org.junit.platform.launcher.core.DefaultLauncher.execute(DefaultLauncher.java:103)
	at org.junit.platform.launcher.core.DefaultLauncher.execute(DefaultLauncher.java:85)
	at org.junit.platform.launcher.core.DelegatingLauncher.execute(DelegatingLauncher.java:47)
	at org.junit.platform.launcher.core.SessionPerRequestLauncher.execute(SessionPerRequestLauncher.java:63)
	at com.intellij.junit5.JUnit5IdeaTestRunner.startRunnerWithArgs(JUnit5IdeaTestRunner.java:57)
	at com.intellij.rt.junit.IdeaTestRunner$Repeater$1.execute(IdeaTestRunner.java:38)
	at com.intellij.rt.execution.junit.TestsRepeater.repeat(TestsRepeater.java:11)
	at com.intellij.rt.junit.IdeaTestRunner$Repeater.startRunnerWithArgs(IdeaTestRunner.java:35)
	at com.intellij.rt.junit.JUnitStarter.prepareStreamsAndStart(JUnitStarter.java:232)
	at com.intellij.rt.junit.JUnitStarter.main(JUnitStarter.java:55)
2025-02-28 15:09:26 [main] INFO  l.insoft.uztis.tests.utils.TestUtils - Screenshot moved to C:\Users\ingrida.zadorozniene\Desktop\Asm\UZTIS\UZTIS_tests\test-output\screenshots\20250228\150926502_testFillNewVUIApplicationFA().png
2025-02-28 15:14:34 [main] INFO  lt.insoft.uztis.tests.UztisPageTest - Navigated to https://uztisdev.asseco.lt/home
2025-02-28 15:14:34 [main] INFO  l.i.u.t.SubmittedApplicationsPageTest - Starting test:'testFillNewVUIPApplicationFA'
2025-02-28 15:14:35 [main] DEBUG l.i.u.t.SubmittedApplicationsPageTest - User logged in with test credentials.
2025-02-28 15:14:35 [main] DEBUG l.i.u.t.SubmittedApplicationsPageTest - Opened 'Application Processing' menu.
2025-02-28 15:14:35 [main] DEBUG l.i.u.t.SubmittedApplicationsPageTest - Clicked on 'Application Forms' menu.
2025-02-28 15:14:35 [main] DEBUG l.i.u.t.SubmittedApplicationsPageTest - Retrieved last description code text: 'TST-VUI-52'.
2025-02-28 15:14:36 [main] DEBUG l.i.u.t.SubmittedApplicationsPageTest - Clicked on 'Invitation' menu.
2025-02-28 15:14:37 [main] DEBUG l.i.u.t.SubmittedApplicationsPageTest - Selected application section by code: 'TST-VUI-52'.
2025-02-28 15:14:37 [main] DEBUG l.i.u.t.SubmittedApplicationsPageTest - Clicked 'Search' button.
2025-02-28 15:14:37 [main] DEBUG l.i.u.t.SubmittedApplicationsPageTest - Retrieved invitation code: ''.
2025-02-28 15:14:37 [main] DEBUG l.i.u.t.SubmittedApplicationsPageTest - Clicked on 'Submitted Applications' menu.
2025-02-28 15:14:38 [main] DEBUG l.i.u.t.SubmittedApplicationsPageTest - Selected invitation by code: 'TST-VUI-52'.
2025-02-28 15:14:38 [main] DEBUG l.i.u.t.SubmittedApplicationsPageTest - Invitation code inserted.
2025-02-28 15:14:38 [main] DEBUG l.i.u.t.SubmittedApplicationsPageTest - Clicked on 'Action Application' button.
2025-02-28 15:14:39 [main] DEBUG l.i.u.t.SubmittedApplicationsPageTest - Clicked on 'New Application' button.
2025-02-28 15:14:39 [main] DEBUG l.i.u.t.SubmittedApplicationsPageTest - Selected the 'RadioButtonFA' option.
2025-02-28 15:14:39 [main] DEBUG l.i.u.t.SubmittedApplicationsPageTest - Entered phone number: '61298745'.
2025-02-28 15:14:39 [main] DEBUG l.i.u.t.SubmittedApplicationsPageTest - Entered email: 'test@autotest.com'.
2025-02-28 15:14:39 [main] INFO  l.i.u.p.SubmittedApplicationsPage - Clicking on the dropdown button.
2025-02-28 15:14:55 [main] INFO  l.i.u.p.SubmittedApplicationsPage - Found 1741 options in the dropdown.
2025-02-28 15:14:55 [main] DEBUG l.i.u.p.SubmittedApplicationsPage - Checking option: ''
2025-02-28 15:14:55 [main] DEBUG l.i.u.p.SubmittedApplicationsPage - Checking option: '01.11 - Grūdinių (išskyrus ryžius), ankštinių ir aliejingų sėklų augalų auginimas'
2025-02-28 15:14:55 [main] INFO  l.i.u.p.SubmittedApplicationsPage - Successfully selected the value: '01.11 - Grūdinių (išskyrus ryžius), ankštinių ir aliejingų sėklų augalų auginimas'
2025-02-28 15:14:55 [main] INFO  l.i.u.p.SubmittedApplicationsPage - Attempting to close the dropdown.
2025-02-28 15:15:06 [main] INFO  l.i.u.p.SubmittedApplicationsPage - Dropdown should be closed now.
2025-02-28 15:15:06 [main] DEBUG l.i.u.t.SubmittedApplicationsPageTest - Selected EVRK value: '01.11 - Grūdinių (išskyrus ryžius), ankštinių ir aliejingų sėklų augalų auginimas'.
2025-02-28 15:15:06 [main] DEBUG l.i.u.t.SubmittedApplicationsPageTest - Entered project date.
2025-02-28 15:15:06 [main] DEBUG l.i.u.t.SubmittedApplicationsPageTest - Entered job count: '1'.
2025-02-28 15:15:07 [main] DEBUG l.i.u.t.SubmittedApplicationsPageTest - Clicked on 'Address Component' button.
2025-02-28 15:15:07 [main] INFO  l.i.u.p.SubmittedApplicationsPage - Located the dropdown button.
2025-02-28 15:15:09 [main] INFO  l.i.u.p.SubmittedApplicationsPage - Successfully selected the value: 'Lietuva'
2025-02-28 15:15:09 [main] DEBUG l.i.u.t.SubmittedApplicationsPageTest - Selected country: 'Lietuva'.
2025-02-28 15:15:09 [main] INFO  l.i.u.p.SubmittedApplicationsPage - Located the dropdown button.
2025-02-28 15:15:10 [main] WARN  l.i.u.p.SubmittedApplicationsPage - Dropdown value 'Vilnius' not found.
2025-02-28 15:15:40 [main] ERROR l.i.u.p.SubmittedApplicationsPage - Timeout while waiting for dropdown to close with aria-expanded = 'false'.
2025-02-28 15:15:40 [main] DEBUG l.i.u.t.SubmittedApplicationsPageTest - Selected city: 'Vilnius'.
2025-02-28 15:15:40 [main] INFO  l.i.u.p.SubmittedApplicationsPage - Located the dropdown button.
2025-02-28 15:15:41 [main] ERROR l.i.u.p.SubmittedApplicationsPage - Dropdown button click failed: element click intercepted: Element <mat-select role="combobox" aria-haspopup="listbox" class="mat-mdc-select primary-control ng-tns-c1073613477-34 mat-mdc-select-required ng-star-inserted ng-touched ng-dirty ng-valid" aria-labelledby="mat-select-value-8" id="mat-select-8" tabindex="0" aria-expanded="false" aria-required="true" aria-disabled="false" aria-invalid="false" required="">...</mat-select> is not clickable at point (960, 391). Other element would receive the click: <div class="cdk-overlay-backdrop cdk-overlay-transparent-backdrop cdk-overlay-backdrop-showing"></div>
  (Session info: chrome=133.0.6943.142)
Build info: version: '4.27.0', revision: 'd6e718d134'
System info: os.name: 'Windows 11', os.arch: 'amd64', os.version: '10.0', java.version: '21.0.3'
Driver info: org.openqa.selenium.chrome.ChromeDriver
Command: [8f2910e601585db9ebf6e4b30d2fc040, clickElement {id=f.4023A5CFE9734077B5AB7E56BD63DF03.d.F11CFE6E1D18AEAEBEF50D0B5FEE510A.e.2034}]
Capabilities {acceptInsecureCerts: false, browserName: chrome, browserVersion: 133.0.6943.142, chrome: {chromedriverVersion: 133.0.6943.141 (2a5d6da0d61..., userDataDir: C:\Users\INGRID~1.ZAD\AppDa...}, fedcm:accounts: true, goog:chromeOptions: {debuggerAddress: localhost:60665}, networkConnectionEnabled: false, pageLoadStrategy: normal, platformName: windows, proxy: Proxy(), se:cdp: ws://localhost:60665/devtoo..., se:cdpVersion: 133.0.6943.142, setWindowRect: true, strictFileInteractability: false, timeouts: {implicit: 0, pageLoad: 300000, script: 30000}, unhandledPromptBehavior: dismiss and notify, webauthn:extension:credBlob: true, webauthn:extension:largeBlob: true, webauthn:extension:minPinLength: true, webauthn:extension:prf: true, webauthn:virtualAuthenticators: true}
Element: [[ChromeDriver: chrome on windows (8f2910e601585db9ebf6e4b30d2fc040)] -> xpath: (//mat-select[contains(@class, 'mat-mdc-select')])[2]]
Session ID: 8f2910e601585db9ebf6e4b30d2fc040
2025-02-28 15:15:41 [main] WARN  l.i.u.p.SubmittedApplicationsPage - Dropdown value 'V. Grybo g.' not found.
2025-02-28 15:15:41 [main] DEBUG l.i.u.t.SubmittedApplicationsPageTest - Selected street: 'V. Grybo g.'.
2025-02-28 15:15:41 [main] INFO  l.i.u.p.SubmittedApplicationsPage - Located the dropdown button.
2025-02-28 15:15:42 [main] ERROR l.i.u.p.SubmittedApplicationsPage - Dropdown button click failed: element click intercepted: Element <mat-select role="combobox" aria-haspopup="listbox" class="mat-mdc-select primary-control ng-tns-c1073613477-40 mat-mdc-select-required mat-mdc-select-empty ng-untouched ng-pristine ng-invalid ng-star-inserted" aria-labelledby="mat-select-value-9" id="mat-select-9" tabindex="0" aria-expanded="true" aria-required="true" aria-disabled="false" aria-invalid="false" required="" aria-controls="mat-select-9-panel" aria-activedescendant="mat-option-1305">...</mat-select> is not clickable at point (960, 447). Other element would receive the click: <div class="cdk-overlay-backdrop cdk-overlay-transparent-backdrop cdk-overlay-backdrop-showing"></div>
  (Session info: chrome=133.0.6943.142)
Build info: version: '4.27.0', revision: 'd6e718d134'
System info: os.name: 'Windows 11', os.arch: 'amd64', os.version: '10.0', java.version: '21.0.3'
Driver info: org.openqa.selenium.chrome.ChromeDriver
Command: [8f2910e601585db9ebf6e4b30d2fc040, clickElement {id=f.4023A5CFE9734077B5AB7E56BD63DF03.d.F11CFE6E1D18AEAEBEF50D0B5FEE510A.e.2292}]
Capabilities {acceptInsecureCerts: false, browserName: chrome, browserVersion: 133.0.6943.142, chrome: {chromedriverVersion: 133.0.6943.141 (2a5d6da0d61..., userDataDir: C:\Users\INGRID~1.ZAD\AppDa...}, fedcm:accounts: true, goog:chromeOptions: {debuggerAddress: localhost:60665}, networkConnectionEnabled: false, pageLoadStrategy: normal, platformName: windows, proxy: Proxy(), se:cdp: ws://localhost:60665/devtoo..., se:cdpVersion: 133.0.6943.142, setWindowRect: true, strictFileInteractability: false, timeouts: {implicit: 0, pageLoad: 300000, script: 30000}, unhandledPromptBehavior: dismiss and notify, webauthn:extension:credBlob: true, webauthn:extension:largeBlob: true, webauthn:extension:minPinLength: true, webauthn:extension:prf: true, webauthn:virtualAuthenticators: true}
Element: [[ChromeDriver: chrome on windows (8f2910e601585db9ebf6e4b30d2fc040)] -> xpath: (//mat-select[contains(@class, 'mat-mdc-select')])[3]]
Session ID: 8f2910e601585db9ebf6e4b30d2fc040
2025-02-28 15:15:42 [main] WARN  l.i.u.p.SubmittedApplicationsPage - Dropdown value '1' not found.
2025-02-28 15:16:13 [main] ERROR l.i.u.p.SubmittedApplicationsPage - Timeout while waiting for dropdown to close with aria-expanded = 'false'.
2025-02-28 15:16:13 [main] DEBUG l.i.u.t.SubmittedApplicationsPageTest - Selected house: '1'.
2025-02-28 15:16:13 [main] INFO  l.i.u.p.SubmittedApplicationsPage - Located the dropdown button.
2025-02-28 15:16:15 [main] ERROR l.i.u.p.SubmittedApplicationsPage - Dropdown button click failed: element click intercepted: Element <mat-select role="combobox" aria-haspopup="listbox" class="mat-mdc-select primary-control ng-tns-c1073613477-42 mat-mdc-select-required mat-mdc-select-empty ng-untouched ng-pristine ng-invalid ng-star-inserted" aria-labelledby="mat-select-value-10" id="mat-select-10" tabindex="0" aria-expanded="false" aria-required="true" aria-disabled="false" aria-invalid="false" required="">...</mat-select> is not clickable at point (960, 503). Other element would receive the click: <mat-option role="option" class="mat-mdc-option mdc-list-item ng-star-inserted mat-mdc-option-active" id="mat-option-1305" aria-selected="false" aria-disabled="false" style="">...</mat-option>
  (Session info: chrome=133.0.6943.142)
Build info: version: '4.27.0', revision: 'd6e718d134'
System info: os.name: 'Windows 11', os.arch: 'amd64', os.version: '10.0', java.version: '21.0.3'
Driver info: org.openqa.selenium.chrome.ChromeDriver
Command: [8f2910e601585db9ebf6e4b30d2fc040, clickElement {id=f.4023A5CFE9734077B5AB7E56BD63DF03.d.F11CFE6E1D18AEAEBEF50D0B5FEE510A.e.2321}]
Capabilities {acceptInsecureCerts: false, browserName: chrome, browserVersion: 133.0.6943.142, chrome: {chromedriverVersion: 133.0.6943.141 (2a5d6da0d61..., userDataDir: C:\Users\INGRID~1.ZAD\AppDa...}, fedcm:accounts: true, goog:chromeOptions: {debuggerAddress: localhost:60665}, networkConnectionEnabled: false, pageLoadStrategy: normal, platformName: windows, proxy: Proxy(), se:cdp: ws://localhost:60665/devtoo..., se:cdpVersion: 133.0.6943.142, setWindowRect: true, strictFileInteractability: false, timeouts: {implicit: 0, pageLoad: 300000, script: 30000}, unhandledPromptBehavior: dismiss and notify, webauthn:extension:credBlob: true, webauthn:extension:largeBlob: true, webauthn:extension:minPinLength: true, webauthn:extension:prf: true, webauthn:virtualAuthenticators: true}
Element: [[ChromeDriver: chrome on windows (8f2910e601585db9ebf6e4b30d2fc040)] -> xpath: (//mat-select[contains(@class, 'mat-mdc-select')])[4]]
Session ID: 8f2910e601585db9ebf6e4b30d2fc040
2025-02-28 15:16:15 [main] WARN  l.i.u.p.SubmittedApplicationsPage - Dropdown value '1' not found.
2025-02-28 15:16:15 [main] DEBUG l.i.u.t.SubmittedApplicationsPageTest - Selected apartment: '1'.
2025-02-28 15:16:16 [main] ERROR l.i.u.t.SubmittedApplicationsPageTest - Test 'testFillNewVUIApplicationFA' failed with error: element click intercepted: Element <button type="button" class="i-forms-stepper-button i-forms-stepper-button-next">...</button> is not clickable at point (1823, 992). Other element would receive the click: <div class="cdk-overlay-backdrop cdk-overlay-transparent-backdrop cdk-overlay-backdrop-showing"></div>
  (Session info: chrome=133.0.6943.142)
Build info: version: '4.27.0', revision: 'd6e718d134'
System info: os.name: 'Windows 11', os.arch: 'amd64', os.version: '10.0', java.version: '21.0.3'
Driver info: org.openqa.selenium.chrome.ChromeDriver
Command: [8f2910e601585db9ebf6e4b30d2fc040, clickElement {id=f.4023A5CFE9734077B5AB7E56BD63DF03.d.F11CFE6E1D18AEAEBEF50D0B5FEE510A.e.2033}]
Capabilities {acceptInsecureCerts: false, browserName: chrome, browserVersion: 133.0.6943.142, chrome: {chromedriverVersion: 133.0.6943.141 (2a5d6da0d61..., userDataDir: C:\Users\INGRID~1.ZAD\AppDa...}, fedcm:accounts: true, goog:chromeOptions: {debuggerAddress: localhost:60665}, networkConnectionEnabled: false, pageLoadStrategy: normal, platformName: windows, proxy: Proxy(), se:cdp: ws://localhost:60665/devtoo..., se:cdpVersion: 133.0.6943.142, setWindowRect: true, strictFileInteractability: false, timeouts: {implicit: 0, pageLoad: 300000, script: 30000}, unhandledPromptBehavior: dismiss and notify, webauthn:extension:credBlob: true, webauthn:extension:largeBlob: true, webauthn:extension:minPinLength: true, webauthn:extension:prf: true, webauthn:virtualAuthenticators: true}
Element: [[ChromeDriver: chrome on windows (8f2910e601585db9ebf6e4b30d2fc040)] -> xpath: //button[contains(@class, 'i-forms-stepper-button-next') and normalize-space(text())='Toliau']]
Session ID: 8f2910e601585db9ebf6e4b30d2fc040
org.openqa.selenium.ElementClickInterceptedException: element click intercepted: Element <button type="button" class="i-forms-stepper-button i-forms-stepper-button-next">...</button> is not clickable at point (1823, 992). Other element would receive the click: <div class="cdk-overlay-backdrop cdk-overlay-transparent-backdrop cdk-overlay-backdrop-showing"></div>
  (Session info: chrome=133.0.6943.142)
Build info: version: '4.27.0', revision: 'd6e718d134'
System info: os.name: 'Windows 11', os.arch: 'amd64', os.version: '10.0', java.version: '21.0.3'
Driver info: org.openqa.selenium.chrome.ChromeDriver
Command: [8f2910e601585db9ebf6e4b30d2fc040, clickElement {id=f.4023A5CFE9734077B5AB7E56BD63DF03.d.F11CFE6E1D18AEAEBEF50D0B5FEE510A.e.2033}]
Capabilities {acceptInsecureCerts: false, browserName: chrome, browserVersion: 133.0.6943.142, chrome: {chromedriverVersion: 133.0.6943.141 (2a5d6da0d61..., userDataDir: C:\Users\INGRID~1.ZAD\AppDa...}, fedcm:accounts: true, goog:chromeOptions: {debuggerAddress: localhost:60665}, networkConnectionEnabled: false, pageLoadStrategy: normal, platformName: windows, proxy: Proxy(), se:cdp: ws://localhost:60665/devtoo..., se:cdpVersion: 133.0.6943.142, setWindowRect: true, strictFileInteractability: false, timeouts: {implicit: 0, pageLoad: 300000, script: 30000}, unhandledPromptBehavior: dismiss and notify, webauthn:extension:credBlob: true, webauthn:extension:largeBlob: true, webauthn:extension:minPinLength: true, webauthn:extension:prf: true, webauthn:virtualAuthenticators: true}
Element: [[ChromeDriver: chrome on windows (8f2910e601585db9ebf6e4b30d2fc040)] -> xpath: //button[contains(@class, 'i-forms-stepper-button-next') and normalize-space(text())='Toliau']]
Session ID: 8f2910e601585db9ebf6e4b30d2fc040
	at java.base/jdk.internal.reflect.DirectConstructorHandleAccessor.newInstance(DirectConstructorHandleAccessor.java:62)
	at java.base/java.lang.reflect.Constructor.newInstanceWithCaller(Constructor.java:502)
	at java.base/java.lang.reflect.Constructor.newInstance(Constructor.java:486)
	at org.openqa.selenium.remote.ErrorCodec.decode(ErrorCodec.java:167)
	at org.openqa.selenium.remote.codec.w3c.W3CHttpResponseCodec.decode(W3CHttpResponseCodec.java:138)
	at org.openqa.selenium.remote.codec.w3c.W3CHttpResponseCodec.decode(W3CHttpResponseCodec.java:50)
	at org.openqa.selenium.remote.HttpCommandExecutor.execute(HttpCommandExecutor.java:190)
	at org.openqa.selenium.remote.service.DriverCommandExecutor.invokeExecute(DriverCommandExecutor.java:216)
	at org.openqa.selenium.remote.service.DriverCommandExecutor.execute(DriverCommandExecutor.java:174)
	at org.openqa.selenium.remote.RemoteWebDriver.execute(RemoteWebDriver.java:545)
	at org.openqa.selenium.remote.RemoteWebElement.execute(RemoteWebElement.java:223)
	at org.openqa.selenium.remote.RemoteWebElement.click(RemoteWebElement.java:76)
	at java.base/jdk.internal.reflect.DirectMethodHandleAccessor.invoke(DirectMethodHandleAccessor.java:103)
	at java.base/java.lang.reflect.Method.invoke(Method.java:580)
	at org.openqa.selenium.support.pagefactory.internal.LocatingElementHandler.invoke(LocatingElementHandler.java:51)
	at jdk.proxy2/jdk.proxy2.$Proxy14.click(Unknown Source)
	at lt.insoft.uztis.pages.SubmittedApplicationsPage.clickButtonNext(SubmittedApplicationsPage.java:953)
	at lt.insoft.uztis.tests.SubmittedApplicationsPageTest.testFillNewVUIApplicationFA(SubmittedApplicationsPageTest.java:203)
	at java.base/jdk.internal.reflect.DirectMethodHandleAccessor.invoke(DirectMethodHandleAccessor.java:103)
	at java.base/java.lang.reflect.Method.invoke(Method.java:580)
	at org.junit.platform.commons.util.ReflectionUtils.invokeMethod(ReflectionUtils.java:728)
	at org.junit.jupiter.engine.execution.MethodInvocation.proceed(MethodInvocation.java:60)
	at org.junit.jupiter.engine.execution.InvocationInterceptorChain$ValidatingInvocation.proceed(InvocationInterceptorChain.java:131)
	at org.junit.jupiter.engine.extension.TimeoutExtension.intercept(TimeoutExtension.java:156)
	at org.junit.jupiter.engine.extension.TimeoutExtension.interceptTestableMethod(TimeoutExtension.java:147)
	at org.junit.jupiter.engine.extension.TimeoutExtension.interceptTestMethod(TimeoutExtension.java:86)
	at org.junit.jupiter.engine.execution.InterceptingExecutableInvoker$ReflectiveInterceptorCall.lambda$ofVoidMethod$0(InterceptingExecutableInvoker.java:103)
	at org.junit.jupiter.engine.execution.InterceptingExecutableInvoker.lambda$invoke$0(InterceptingExecutableInvoker.java:93)
	at org.junit.jupiter.engine.execution.InvocationInterceptorChain$InterceptedInvocation.proceed(InvocationInterceptorChain.java:106)
	at org.junit.jupiter.engine.execution.InvocationInterceptorChain.proceed(InvocationInterceptorChain.java:64)
	at org.junit.jupiter.engine.execution.InvocationInterceptorChain.chainAndInvoke(InvocationInterceptorChain.java:45)
	at org.junit.jupiter.engine.execution.InvocationInterceptorChain.invoke(InvocationInterceptorChain.java:37)
	at org.junit.jupiter.engine.execution.InterceptingExecutableInvoker.invoke(InterceptingExecutableInvoker.java:92)
	at org.junit.jupiter.engine.execution.InterceptingExecutableInvoker.invoke(InterceptingExecutableInvoker.java:86)
	at org.junit.jupiter.engine.descriptor.TestMethodTestDescriptor.lambda$invokeTestMethod$7(TestMethodTestDescriptor.java:218)
	at org.junit.platform.engine.support.hierarchical.ThrowableCollector.execute(ThrowableCollector.java:73)
	at org.junit.jupiter.engine.descriptor.TestMethodTestDescriptor.invokeTestMethod(TestMethodTestDescriptor.java:214)
	at org.junit.jupiter.engine.descriptor.TestMethodTestDescriptor.execute(TestMethodTestDescriptor.java:139)
	at org.junit.jupiter.engine.descriptor.TestMethodTestDescriptor.execute(TestMethodTestDescriptor.java:69)
	at org.junit.platform.engine.support.hierarchical.NodeTestTask.lambda$executeRecursively$6(NodeTestTask.java:151)
	at org.junit.platform.engine.support.hierarchical.ThrowableCollector.execute(ThrowableCollector.java:73)
	at org.junit.platform.engine.support.hierarchical.NodeTestTask.lambda$executeRecursively$8(NodeTestTask.java:141)
	at org.junit.platform.engine.support.hierarchical.Node.around(Node.java:137)
	at org.junit.platform.engine.support.hierarchical.NodeTestTask.lambda$executeRecursively$9(NodeTestTask.java:139)
	at org.junit.platform.engine.support.hierarchical.ThrowableCollector.execute(ThrowableCollector.java:73)
	at org.junit.platform.engine.support.hierarchical.NodeTestTask.executeRecursively(NodeTestTask.java:138)
	at org.junit.platform.engine.support.hierarchical.NodeTestTask.execute(NodeTestTask.java:95)
	at java.base/java.util.ArrayList.forEach(ArrayList.java:1596)
	at org.junit.platform.engine.support.hierarchical.SameThreadHierarchicalTestExecutorService.invokeAll(SameThreadHierarchicalTestExecutorService.java:41)
	at org.junit.platform.engine.support.hierarchical.NodeTestTask.lambda$executeRecursively$6(NodeTestTask.java:155)
	at org.junit.platform.engine.support.hierarchical.ThrowableCollector.execute(ThrowableCollector.java:73)
	at org.junit.platform.engine.support.hierarchical.NodeTestTask.lambda$executeRecursively$8(NodeTestTask.java:141)
	at org.junit.platform.engine.support.hierarchical.Node.around(Node.java:137)
	at org.junit.platform.engine.support.hierarchical.NodeTestTask.lambda$executeRecursively$9(NodeTestTask.java:139)
	at org.junit.platform.engine.support.hierarchical.ThrowableCollector.execute(ThrowableCollector.java:73)
	at org.junit.platform.engine.support.hierarchical.NodeTestTask.executeRecursively(NodeTestTask.java:138)
	at org.junit.platform.engine.support.hierarchical.NodeTestTask.execute(NodeTestTask.java:95)
	at java.base/java.util.ArrayList.forEach(ArrayList.java:1596)
	at org.junit.platform.engine.support.hierarchical.SameThreadHierarchicalTestExecutorService.invokeAll(SameThreadHierarchicalTestExecutorService.java:41)
	at org.junit.platform.engine.support.hierarchical.NodeTestTask.lambda$executeRecursively$6(NodeTestTask.java:155)
	at org.junit.platform.engine.support.hierarchical.ThrowableCollector.execute(ThrowableCollector.java:73)
	at org.junit.platform.engine.support.hierarchical.NodeTestTask.lambda$executeRecursively$8(NodeTestTask.java:141)
	at org.junit.platform.engine.support.hierarchical.Node.around(Node.java:137)
	at org.junit.platform.engine.support.hierarchical.NodeTestTask.lambda$executeRecursively$9(NodeTestTask.java:139)
	at org.junit.platform.engine.support.hierarchical.ThrowableCollector.execute(ThrowableCollector.java:73)
	at org.junit.platform.engine.support.hierarchical.NodeTestTask.executeRecursively(NodeTestTask.java:138)
	at org.junit.platform.engine.support.hierarchical.NodeTestTask.execute(NodeTestTask.java:95)
	at org.junit.platform.engine.support.hierarchical.SameThreadHierarchicalTestExecutorService.submit(SameThreadHierarchicalTestExecutorService.java:35)
	at org.junit.platform.engine.support.hierarchical.HierarchicalTestExecutor.execute(HierarchicalTestExecutor.java:57)
	at org.junit.platform.engine.support.hierarchical.HierarchicalTestEngine.execute(HierarchicalTestEngine.java:54)
	at org.junit.platform.launcher.core.EngineExecutionOrchestrator.execute(EngineExecutionOrchestrator.java:198)
	at org.junit.platform.launcher.core.EngineExecutionOrchestrator.execute(EngineExecutionOrchestrator.java:169)
	at org.junit.platform.launcher.core.EngineExecutionOrchestrator.execute(EngineExecutionOrchestrator.java:93)
	at org.junit.platform.launcher.core.EngineExecutionOrchestrator.lambda$execute$0(EngineExecutionOrchestrator.java:58)
	at org.junit.platform.launcher.core.EngineExecutionOrchestrator.withInterceptedStreams(EngineExecutionOrchestrator.java:141)
	at org.junit.platform.launcher.core.EngineExecutionOrchestrator.execute(EngineExecutionOrchestrator.java:57)
	at org.junit.platform.launcher.core.DefaultLauncher.execute(DefaultLauncher.java:103)
	at org.junit.platform.launcher.core.DefaultLauncher.execute(DefaultLauncher.java:85)
	at org.junit.platform.launcher.core.DelegatingLauncher.execute(DelegatingLauncher.java:47)
	at org.junit.platform.launcher.core.SessionPerRequestLauncher.execute(SessionPerRequestLauncher.java:63)
	at com.intellij.junit5.JUnit5IdeaTestRunner.startRunnerWithArgs(JUnit5IdeaTestRunner.java:57)
	at com.intellij.rt.junit.IdeaTestRunner$Repeater$1.execute(IdeaTestRunner.java:38)
	at com.intellij.rt.execution.junit.TestsRepeater.repeat(TestsRepeater.java:11)
	at com.intellij.rt.junit.IdeaTestRunner$Repeater.startRunnerWithArgs(IdeaTestRunner.java:35)
	at com.intellij.rt.junit.JUnitStarter.prepareStreamsAndStart(JUnitStarter.java:232)
	at com.intellij.rt.junit.JUnitStarter.main(JUnitStarter.java:55)
2025-02-28 15:16:16 [main] INFO  l.insoft.uztis.tests.utils.TestUtils - Screenshot moved to C:\Users\ingrida.zadorozniene\Desktop\Asm\UZTIS\UZTIS_tests\test-output\screenshots\20250228\151616720_testFillNewVUIApplicationFA().png
2025-02-28 15:22:00 [main] INFO  lt.insoft.uztis.tests.UztisPageTest - Navigated to https://uztisdev.asseco.lt/home
2025-02-28 15:22:00 [main] INFO  l.i.u.t.SubmittedApplicationsPageTest - Starting test:'testFillNewVUIPApplicationFA'
2025-02-28 15:22:00 [main] DEBUG l.i.u.t.SubmittedApplicationsPageTest - User logged in with test credentials.
2025-02-28 15:22:00 [main] DEBUG l.i.u.t.SubmittedApplicationsPageTest - Opened 'Application Processing' menu.
2025-02-28 15:22:00 [main] DEBUG l.i.u.t.SubmittedApplicationsPageTest - Clicked on 'Application Forms' menu.
2025-02-28 15:22:01 [main] DEBUG l.i.u.t.SubmittedApplicationsPageTest - Retrieved last description code text: 'TST-VUI-52'.
2025-02-28 15:22:02 [main] DEBUG l.i.u.t.SubmittedApplicationsPageTest - Clicked on 'Invitation' menu.
2025-02-28 15:22:03 [main] DEBUG l.i.u.t.SubmittedApplicationsPageTest - Selected application section by code: 'TST-VUI-52'.
2025-02-28 15:22:03 [main] DEBUG l.i.u.t.SubmittedApplicationsPageTest - Clicked 'Search' button.
2025-02-28 15:22:03 [main] DEBUG l.i.u.t.SubmittedApplicationsPageTest - Retrieved invitation code: ''.
2025-02-28 15:22:03 [main] DEBUG l.i.u.t.SubmittedApplicationsPageTest - Clicked on 'Submitted Applications' menu.
2025-02-28 15:22:04 [main] DEBUG l.i.u.t.SubmittedApplicationsPageTest - Selected invitation by code: 'TST-VUI-52'.
2025-02-28 15:22:04 [main] DEBUG l.i.u.t.SubmittedApplicationsPageTest - Invitation code inserted.
2025-02-28 15:22:04 [main] DEBUG l.i.u.t.SubmittedApplicationsPageTest - Clicked on 'Action Application' button.
2025-02-28 15:22:05 [main] DEBUG l.i.u.t.SubmittedApplicationsPageTest - Clicked on 'New Application' button.
2025-02-28 15:22:05 [main] DEBUG l.i.u.t.SubmittedApplicationsPageTest - Selected the 'RadioButtonFA' option.
2025-02-28 15:22:05 [main] DEBUG l.i.u.t.SubmittedApplicationsPageTest - Entered phone number: '61298745'.
2025-02-28 15:22:05 [main] DEBUG l.i.u.t.SubmittedApplicationsPageTest - Entered email: 'test@autotest.com'.
2025-02-28 15:22:05 [main] INFO  l.i.u.p.SubmittedApplicationsPage - Clicking on the dropdown button.
2025-02-28 15:22:23 [main] INFO  l.i.u.p.SubmittedApplicationsPage - Found 1741 options in the dropdown.
2025-02-28 15:22:23 [main] DEBUG l.i.u.p.SubmittedApplicationsPage - Checking option: ''
2025-02-28 15:22:23 [main] DEBUG l.i.u.p.SubmittedApplicationsPage - Checking option: '01.11 - Grūdinių (išskyrus ryžius), ankštinių ir aliejingų sėklų augalų auginimas'
2025-02-28 15:22:23 [main] INFO  l.i.u.p.SubmittedApplicationsPage - Successfully selected the value: '01.11 - Grūdinių (išskyrus ryžius), ankštinių ir aliejingų sėklų augalų auginimas'
2025-02-28 15:22:23 [main] INFO  l.i.u.p.SubmittedApplicationsPage - Attempting to close the dropdown.
2025-02-28 15:22:34 [main] INFO  l.i.u.p.SubmittedApplicationsPage - Dropdown should be closed now.
2025-02-28 15:22:34 [main] DEBUG l.i.u.t.SubmittedApplicationsPageTest - Selected EVRK value: '01.11 - Grūdinių (išskyrus ryžius), ankštinių ir aliejingų sėklų augalų auginimas'.
2025-02-28 15:22:34 [main] DEBUG l.i.u.t.SubmittedApplicationsPageTest - Entered project date.
2025-02-28 15:22:34 [main] DEBUG l.i.u.t.SubmittedApplicationsPageTest - Entered job count: '1'.
2025-02-28 15:22:34 [main] DEBUG l.i.u.t.SubmittedApplicationsPageTest - Clicked on 'Address Component' button.
2025-02-28 15:22:34 [main] INFO  l.i.u.p.SubmittedApplicationsPage - Located the dropdown button.
2025-02-28 15:22:37 [main] INFO  l.i.u.p.SubmittedApplicationsPage - Successfully selected the value: 'Lietuva'
2025-02-28 15:22:37 [main] DEBUG l.i.u.t.SubmittedApplicationsPageTest - Selected country: 'Lietuva'.
2025-02-28 15:22:37 [main] INFO  l.i.u.p.SubmittedApplicationsPage - Located the dropdown button.
2025-02-28 15:22:38 [main] WARN  l.i.u.p.SubmittedApplicationsPage - Dropdown value 'Vilnius, Vilniaus miesto sav.' not found.
2025-02-28 15:23:33 [main] INFO  lt.insoft.uztis.tests.UztisPageTest - Navigated to https://uztisdev.asseco.lt/home
2025-02-28 15:23:33 [main] INFO  l.i.u.t.SubmittedApplicationsPageTest - Starting test:'testFillNewVUIPApplicationFA'
2025-02-28 15:23:34 [main] DEBUG l.i.u.t.SubmittedApplicationsPageTest - User logged in with test credentials.
2025-02-28 15:23:34 [main] DEBUG l.i.u.t.SubmittedApplicationsPageTest - Opened 'Application Processing' menu.
2025-02-28 15:23:34 [main] DEBUG l.i.u.t.SubmittedApplicationsPageTest - Clicked on 'Application Forms' menu.
2025-02-28 15:23:35 [main] DEBUG l.i.u.t.SubmittedApplicationsPageTest - Retrieved last description code text: 'TST-VUI-52'.
2025-02-28 15:23:35 [main] DEBUG l.i.u.t.SubmittedApplicationsPageTest - Clicked on 'Invitation' menu.
2025-02-28 15:23:36 [main] DEBUG l.i.u.t.SubmittedApplicationsPageTest - Selected application section by code: 'TST-VUI-52'.
2025-02-28 15:23:36 [main] DEBUG l.i.u.t.SubmittedApplicationsPageTest - Clicked 'Search' button.
2025-02-28 15:23:36 [main] DEBUG l.i.u.t.SubmittedApplicationsPageTest - Retrieved invitation code: ''.
2025-02-28 15:23:36 [main] DEBUG l.i.u.t.SubmittedApplicationsPageTest - Clicked on 'Submitted Applications' menu.
2025-02-28 15:23:38 [main] DEBUG l.i.u.t.SubmittedApplicationsPageTest - Selected invitation by code: 'TST-VUI-52'.
2025-02-28 15:23:38 [main] DEBUG l.i.u.t.SubmittedApplicationsPageTest - Invitation code inserted.
2025-02-28 15:23:38 [main] DEBUG l.i.u.t.SubmittedApplicationsPageTest - Clicked on 'Action Application' button.
2025-02-28 15:23:38 [main] DEBUG l.i.u.t.SubmittedApplicationsPageTest - Clicked on 'New Application' button.
2025-02-28 15:23:38 [main] DEBUG l.i.u.t.SubmittedApplicationsPageTest - Selected the 'RadioButtonFA' option.
2025-02-28 15:23:39 [main] DEBUG l.i.u.t.SubmittedApplicationsPageTest - Entered phone number: '61298745'.
2025-02-28 15:23:39 [main] DEBUG l.i.u.t.SubmittedApplicationsPageTest - Entered email: 'test@autotest.com'.
2025-02-28 15:23:39 [main] INFO  l.i.u.p.SubmittedApplicationsPage - Clicking on the dropdown button.
2025-02-28 15:23:58 [main] INFO  l.i.u.p.SubmittedApplicationsPage - Found 1741 options in the dropdown.
2025-02-28 15:23:58 [main] DEBUG l.i.u.p.SubmittedApplicationsPage - Checking option: ''
2025-02-28 15:23:58 [main] DEBUG l.i.u.p.SubmittedApplicationsPage - Checking option: '01.11 - Grūdinių (išskyrus ryžius), ankštinių ir aliejingų sėklų augalų auginimas'
2025-02-28 15:23:58 [main] INFO  l.i.u.p.SubmittedApplicationsPage - Successfully selected the value: '01.11 - Grūdinių (išskyrus ryžius), ankštinių ir aliejingų sėklų augalų auginimas'
2025-02-28 15:23:58 [main] INFO  l.i.u.p.SubmittedApplicationsPage - Attempting to close the dropdown.
2025-02-28 15:24:09 [main] INFO  l.i.u.p.SubmittedApplicationsPage - Dropdown should be closed now.
2025-02-28 15:24:09 [main] DEBUG l.i.u.t.SubmittedApplicationsPageTest - Selected EVRK value: '01.11 - Grūdinių (išskyrus ryžius), ankštinių ir aliejingų sėklų augalų auginimas'.
2025-02-28 15:24:09 [main] DEBUG l.i.u.t.SubmittedApplicationsPageTest - Entered project date.
2025-02-28 15:24:09 [main] DEBUG l.i.u.t.SubmittedApplicationsPageTest - Entered job count: '1'.
2025-02-28 15:24:09 [main] DEBUG l.i.u.t.SubmittedApplicationsPageTest - Clicked on 'Address Component' button.
2025-02-28 15:24:09 [main] INFO  l.i.u.p.SubmittedApplicationsPage - Located the dropdown button.
2025-02-28 15:24:12 [main] INFO  l.i.u.p.SubmittedApplicationsPage - Successfully selected the value: 'Lietuva'
2025-02-28 15:24:12 [main] DEBUG l.i.u.t.SubmittedApplicationsPageTest - Selected country: 'Lietuva'.
2025-02-28 15:24:12 [main] INFO  l.i.u.p.SubmittedApplicationsPage - Located the dropdown button.
2025-02-28 15:24:13 [main] WARN  l.i.u.p.SubmittedApplicationsPage - Dropdown value 'V. Grybo g.' not found.
2025-02-28 15:24:22 [main] ERROR l.i.u.t.SubmittedApplicationsPageTest - Test 'testFillNewVUIApplicationFA' failed with error: Error communicating with the remote browser. It may have died.
Build info: version: '4.27.0', revision: 'd6e718d134'
System info: os.name: 'Windows 11', os.arch: 'amd64', os.version: '10.0', java.version: '21.0.3'
Driver info: org.openqa.selenium.chrome.ChromeDriver
Command: [0364c9b236655666f5b8bdb320aae09c, findElement [value, using]]
Capabilities {acceptInsecureCerts: false, browserName: chrome, browserVersion: 133.0.6943.142, chrome: {chromedriverVersion: 133.0.6943.141 (2a5d6da0d61..., userDataDir: C:\Users\INGRID~1.ZAD\AppDa...}, fedcm:accounts: true, goog:chromeOptions: {debuggerAddress: localhost:61029}, networkConnectionEnabled: false, pageLoadStrategy: normal, platformName: windows, proxy: Proxy(), se:cdp: ws://localhost:61029/devtoo..., se:cdpVersion: 133.0.6943.142, setWindowRect: true, strictFileInteractability: false, timeouts: {implicit: 0, pageLoad: 300000, script: 30000}, unhandledPromptBehavior: dismiss and notify, webauthn:extension:credBlob: true, webauthn:extension:largeBlob: true, webauthn:extension:minPinLength: true, webauthn:extension:prf: true, webauthn:virtualAuthenticators: true}
Session ID: 0364c9b236655666f5b8bdb320aae09c
org.openqa.selenium.remote.UnreachableBrowserException: Error communicating with the remote browser. It may have died.
Build info: version: '4.27.0', revision: 'd6e718d134'
System info: os.name: 'Windows 11', os.arch: 'amd64', os.version: '10.0', java.version: '21.0.3'
Driver info: org.openqa.selenium.chrome.ChromeDriver
Command: [0364c9b236655666f5b8bdb320aae09c, findElement [value, using]]
Capabilities {acceptInsecureCerts: false, browserName: chrome, browserVersion: 133.0.6943.142, chrome: {chromedriverVersion: 133.0.6943.141 (2a5d6da0d61..., userDataDir: C:\Users\INGRID~1.ZAD\AppDa...}, fedcm:accounts: true, goog:chromeOptions: {debuggerAddress: localhost:61029}, networkConnectionEnabled: false, pageLoadStrategy: normal, platformName: windows, proxy: Proxy(), se:cdp: ws://localhost:61029/devtoo..., se:cdpVersion: 133.0.6943.142, setWindowRect: true, strictFileInteractability: false, timeouts: {implicit: 0, pageLoad: 300000, script: 30000}, unhandledPromptBehavior: dismiss and notify, webauthn:extension:credBlob: true, webauthn:extension:largeBlob: true, webauthn:extension:minPinLength: true, webauthn:extension:prf: true, webauthn:virtualAuthenticators: true}
Session ID: 0364c9b236655666f5b8bdb320aae09c
	at org.openqa.selenium.remote.RemoteWebDriver.execute(RemoteWebDriver.java:572)
	at org.openqa.selenium.remote.ElementLocation$ElementFinder$2.findElement(ElementLocation.java:165)
	at org.openqa.selenium.remote.ElementLocation.findElement(ElementLocation.java:59)
	at org.openqa.selenium.remote.RemoteWebDriver.findElement(RemoteWebDriver.java:368)
	at org.openqa.selenium.remote.RemoteWebDriver.findElement(RemoteWebDriver.java:362)
	at org.openqa.selenium.support.pagefactory.DefaultElementLocator.findElement(DefaultElementLocator.java:68)
	at org.openqa.selenium.support.pagefactory.internal.LocatingElementHandler.invoke(LocatingElementHandler.java:38)
	at jdk.proxy2/jdk.proxy2.$Proxy14.getAttribute(Unknown Source)
	at org.openqa.selenium.support.ui.ExpectedConditions$39.apply(ExpectedConditions.java:1094)
	at org.openqa.selenium.support.ui.ExpectedConditions$39.apply(ExpectedConditions.java:1089)
	at org.openqa.selenium.support.ui.FluentWait.until(FluentWait.java:203)
	at lt.insoft.uztis.pages.SubmittedApplicationsPage.selectDropdownAddressStreet(SubmittedApplicationsPage.java:822)
	at lt.insoft.uztis.tests.SubmittedApplicationsPageTest.testFillNewVUIApplicationFA(SubmittedApplicationsPageTest.java:191)
	at java.base/jdk.internal.reflect.DirectMethodHandleAccessor.invoke(DirectMethodHandleAccessor.java:103)
	at java.base/java.lang.reflect.Method.invoke(Method.java:580)
	at org.junit.platform.commons.util.ReflectionUtils.invokeMethod(ReflectionUtils.java:728)
	at org.junit.jupiter.engine.execution.MethodInvocation.proceed(MethodInvocation.java:60)
	at org.junit.jupiter.engine.execution.InvocationInterceptorChain$ValidatingInvocation.proceed(InvocationInterceptorChain.java:131)
	at org.junit.jupiter.engine.extension.TimeoutExtension.intercept(TimeoutExtension.java:156)
	at org.junit.jupiter.engine.extension.TimeoutExtension.interceptTestableMethod(TimeoutExtension.java:147)
	at org.junit.jupiter.engine.extension.TimeoutExtension.interceptTestMethod(TimeoutExtension.java:86)
	at org.junit.jupiter.engine.execution.InterceptingExecutableInvoker$ReflectiveInterceptorCall.lambda$ofVoidMethod$0(InterceptingExecutableInvoker.java:103)
	at org.junit.jupiter.engine.execution.InterceptingExecutableInvoker.lambda$invoke$0(InterceptingExecutableInvoker.java:93)
	at org.junit.jupiter.engine.execution.InvocationInterceptorChain$InterceptedInvocation.proceed(InvocationInterceptorChain.java:106)
	at org.junit.jupiter.engine.execution.InvocationInterceptorChain.proceed(InvocationInterceptorChain.java:64)
	at org.junit.jupiter.engine.execution.InvocationInterceptorChain.chainAndInvoke(InvocationInterceptorChain.java:45)
	at org.junit.jupiter.engine.execution.InvocationInterceptorChain.invoke(InvocationInterceptorChain.java:37)
	at org.junit.jupiter.engine.execution.InterceptingExecutableInvoker.invoke(InterceptingExecutableInvoker.java:92)
	at org.junit.jupiter.engine.execution.InterceptingExecutableInvoker.invoke(InterceptingExecutableInvoker.java:86)
	at org.junit.jupiter.engine.descriptor.TestMethodTestDescriptor.lambda$invokeTestMethod$7(TestMethodTestDescriptor.java:218)
	at org.junit.platform.engine.support.hierarchical.ThrowableCollector.execute(ThrowableCollector.java:73)
	at org.junit.jupiter.engine.descriptor.TestMethodTestDescriptor.invokeTestMethod(TestMethodTestDescriptor.java:214)
	at org.junit.jupiter.engine.descriptor.TestMethodTestDescriptor.execute(TestMethodTestDescriptor.java:139)
	at org.junit.jupiter.engine.descriptor.TestMethodTestDescriptor.execute(TestMethodTestDescriptor.java:69)
	at org.junit.platform.engine.support.hierarchical.NodeTestTask.lambda$executeRecursively$6(NodeTestTask.java:151)
	at org.junit.platform.engine.support.hierarchical.ThrowableCollector.execute(ThrowableCollector.java:73)
	at org.junit.platform.engine.support.hierarchical.NodeTestTask.lambda$executeRecursively$8(NodeTestTask.java:141)
	at org.junit.platform.engine.support.hierarchical.Node.around(Node.java:137)
	at org.junit.platform.engine.support.hierarchical.NodeTestTask.lambda$executeRecursively$9(NodeTestTask.java:139)
	at org.junit.platform.engine.support.hierarchical.ThrowableCollector.execute(ThrowableCollector.java:73)
	at org.junit.platform.engine.support.hierarchical.NodeTestTask.executeRecursively(NodeTestTask.java:138)
	at org.junit.platform.engine.support.hierarchical.NodeTestTask.execute(NodeTestTask.java:95)
	at java.base/java.util.ArrayList.forEach(ArrayList.java:1596)
	at org.junit.platform.engine.support.hierarchical.SameThreadHierarchicalTestExecutorService.invokeAll(SameThreadHierarchicalTestExecutorService.java:41)
	at org.junit.platform.engine.support.hierarchical.NodeTestTask.lambda$executeRecursively$6(NodeTestTask.java:155)
	at org.junit.platform.engine.support.hierarchical.ThrowableCollector.execute(ThrowableCollector.java:73)
	at org.junit.platform.engine.support.hierarchical.NodeTestTask.lambda$executeRecursively$8(NodeTestTask.java:141)
	at org.junit.platform.engine.support.hierarchical.Node.around(Node.java:137)
	at org.junit.platform.engine.support.hierarchical.NodeTestTask.lambda$executeRecursively$9(NodeTestTask.java:139)
	at org.junit.platform.engine.support.hierarchical.ThrowableCollector.execute(ThrowableCollector.java:73)
	at org.junit.platform.engine.support.hierarchical.NodeTestTask.executeRecursively(NodeTestTask.java:138)
	at org.junit.platform.engine.support.hierarchical.NodeTestTask.execute(NodeTestTask.java:95)
	at java.base/java.util.ArrayList.forEach(ArrayList.java:1596)
	at org.junit.platform.engine.support.hierarchical.SameThreadHierarchicalTestExecutorService.invokeAll(SameThreadHierarchicalTestExecutorService.java:41)
	at org.junit.platform.engine.support.hierarchical.NodeTestTask.lambda$executeRecursively$6(NodeTestTask.java:155)
	at org.junit.platform.engine.support.hierarchical.ThrowableCollector.execute(ThrowableCollector.java:73)
	at org.junit.platform.engine.support.hierarchical.NodeTestTask.lambda$executeRecursively$8(NodeTestTask.java:141)
	at org.junit.platform.engine.support.hierarchical.Node.around(Node.java:137)
	at org.junit.platform.engine.support.hierarchical.NodeTestTask.lambda$executeRecursively$9(NodeTestTask.java:139)
	at org.junit.platform.engine.support.hierarchical.ThrowableCollector.execute(ThrowableCollector.java:73)
	at org.junit.platform.engine.support.hierarchical.NodeTestTask.executeRecursively(NodeTestTask.java:138)
	at org.junit.platform.engine.support.hierarchical.NodeTestTask.execute(NodeTestTask.java:95)
	at org.junit.platform.engine.support.hierarchical.SameThreadHierarchicalTestExecutorService.submit(SameThreadHierarchicalTestExecutorService.java:35)
	at org.junit.platform.engine.support.hierarchical.HierarchicalTestExecutor.execute(HierarchicalTestExecutor.java:57)
	at org.junit.platform.engine.support.hierarchical.HierarchicalTestEngine.execute(HierarchicalTestEngine.java:54)
	at org.junit.platform.launcher.core.EngineExecutionOrchestrator.execute(EngineExecutionOrchestrator.java:198)
	at org.junit.platform.launcher.core.EngineExecutionOrchestrator.execute(EngineExecutionOrchestrator.java:169)
	at org.junit.platform.launcher.core.EngineExecutionOrchestrator.execute(EngineExecutionOrchestrator.java:93)
	at org.junit.platform.launcher.core.EngineExecutionOrchestrator.lambda$execute$0(EngineExecutionOrchestrator.java:58)
	at org.junit.platform.launcher.core.EngineExecutionOrchestrator.withInterceptedStreams(EngineExecutionOrchestrator.java:141)
	at org.junit.platform.launcher.core.EngineExecutionOrchestrator.execute(EngineExecutionOrchestrator.java:57)
	at org.junit.platform.launcher.core.DefaultLauncher.execute(DefaultLauncher.java:103)
	at org.junit.platform.launcher.core.DefaultLauncher.execute(DefaultLauncher.java:85)
	at org.junit.platform.launcher.core.DelegatingLauncher.execute(DelegatingLauncher.java:47)
	at org.junit.platform.launcher.core.SessionPerRequestLauncher.execute(SessionPerRequestLauncher.java:63)
	at com.intellij.junit5.JUnit5IdeaTestRunner.startRunnerWithArgs(JUnit5IdeaTestRunner.java:57)
	at com.intellij.rt.junit.IdeaTestRunner$Repeater$1.execute(IdeaTestRunner.java:38)
	at com.intellij.rt.execution.junit.TestsRepeater.repeat(TestsRepeater.java:11)
	at com.intellij.rt.junit.IdeaTestRunner$Repeater.startRunnerWithArgs(IdeaTestRunner.java:35)
	at com.intellij.rt.junit.JUnitStarter.prepareStreamsAndStart(JUnitStarter.java:232)
	at com.intellij.rt.junit.JUnitStarter.main(JUnitStarter.java:55)
Caused by: java.io.UncheckedIOException: java.io.IOException: HTTP/1.1 header parser received no bytes
	at org.openqa.selenium.remote.http.jdk.JdkHttpClient.execute0(JdkHttpClient.java:496)
	at org.openqa.selenium.remote.http.AddSeleniumUserAgent.lambda$apply$0(AddSeleniumUserAgent.java:42)
	at org.openqa.selenium.remote.http.Filter.lambda$andFinally$1(Filter.java:55)
	at org.openqa.selenium.remote.http.jdk.JdkHttpClient.lambda$executeAsync$1(JdkHttpClient.java:383)
	at java.base/java.util.concurrent.Executors$RunnableAdapter.call(Executors.java:572)
	at java.base/java.util.concurrent.FutureTask.run(FutureTask.java:317)
	at java.base/java.util.concurrent.ThreadPoolExecutor.runWorker(ThreadPoolExecutor.java:1144)
	at java.base/java.util.concurrent.ThreadPoolExecutor$Worker.run(ThreadPoolExecutor.java:642)
	at java.base/java.lang.Thread.run(Thread.java:1583)
Caused by: java.io.IOException: HTTP/1.1 header parser received no bytes
	at java.net.http/jdk.internal.net.http.HttpClientImpl.send(HttpClientImpl.java:964)
	at java.net.http/jdk.internal.net.http.HttpClientFacade.send(HttpClientFacade.java:133)
	at org.openqa.selenium.remote.http.jdk.JdkHttpClient.execute0(JdkHttpClient.java:455)
	... 8 common frames omitted
Caused by: java.io.IOException: HTTP/1.1 header parser received no bytes
	at java.net.http/jdk.internal.net.http.common.Utils.wrapWithExtraDetail(Utils.java:388)
	at java.net.http/jdk.internal.net.http.Http1Response$HeadersReader.onReadError(Http1Response.java:590)
	at java.net.http/jdk.internal.net.http.Http1AsyncReceiver.checkForErrors(Http1AsyncReceiver.java:302)
	at java.net.http/jdk.internal.net.http.Http1AsyncReceiver.flush(Http1AsyncReceiver.java:268)
	at java.net.http/jdk.internal.net.http.common.SequentialScheduler$LockingRestartableTask.run(SequentialScheduler.java:182)
	at java.net.http/jdk.internal.net.http.common.SequentialScheduler$CompleteRestartableTask.run(SequentialScheduler.java:149)
	at java.net.http/jdk.internal.net.http.common.SequentialScheduler$SchedulableTask.run(SequentialScheduler.java:207)
	... 3 common frames omitted
Caused by: java.net.SocketException: Connection reset
	at java.base/sun.nio.ch.SocketChannelImpl.throwConnectionReset(SocketChannelImpl.java:401)
	at java.base/sun.nio.ch.SocketChannelImpl.read(SocketChannelImpl.java:434)
	at java.net.http/jdk.internal.net.http.SocketTube.readAvailable(SocketTube.java:1178)
	at java.net.http/jdk.internal.net.http.SocketTube$InternalReadPublisher$InternalReadSubscription.read(SocketTube.java:841)
	at java.net.http/jdk.internal.net.http.SocketTube$SocketFlowTask.run(SocketTube.java:181)
	at java.net.http/jdk.internal.net.http.common.SequentialScheduler$SchedulableTask.run(SequentialScheduler.java:207)
	at java.net.http/jdk.internal.net.http.common.SequentialScheduler.runOrSchedule(SequentialScheduler.java:280)
	at java.net.http/jdk.internal.net.http.common.SequentialScheduler.runOrSchedule(SequentialScheduler.java:233)
	at java.net.http/jdk.internal.net.http.SocketTube$InternalReadPublisher$InternalReadSubscription.signalReadable(SocketTube.java:782)
	at java.net.http/jdk.internal.net.http.SocketTube$InternalReadPublisher$ReadEvent.signalEvent(SocketTube.java:965)
	at java.net.http/jdk.internal.net.http.SocketTube$SocketFlowEvent.handle(SocketTube.java:253)
	at java.net.http/jdk.internal.net.http.HttpClientImpl$SelectorManager.handleEvent(HttpClientImpl.java:1467)
	at java.net.http/jdk.internal.net.http.HttpClientImpl$SelectorManager.lambda$run$3(HttpClientImpl.java:1412)
	at java.base/java.util.ArrayList.forEach(ArrayList.java:1596)
	at java.net.http/jdk.internal.net.http.HttpClientImpl$SelectorManager.run(HttpClientImpl.java:1412)
2025-02-28 15:27:31 [main] INFO  lt.insoft.uztis.tests.UztisPageTest - Navigated to https://uztisdev.asseco.lt/home
2025-02-28 15:27:31 [main] INFO  l.i.u.t.SubmittedApplicationsPageTest - Starting test:'testFillNewVUIPApplicationFA'
2025-02-28 15:27:31 [main] DEBUG l.i.u.t.SubmittedApplicationsPageTest - User logged in with test credentials.
2025-02-28 15:27:31 [main] DEBUG l.i.u.t.SubmittedApplicationsPageTest - Opened 'Application Processing' menu.
2025-02-28 15:27:31 [main] DEBUG l.i.u.t.SubmittedApplicationsPageTest - Clicked on 'Application Forms' menu.
2025-02-28 15:27:32 [main] DEBUG l.i.u.t.SubmittedApplicationsPageTest - Retrieved last description code text: 'TST-VUI-52'.
2025-02-28 15:27:32 [main] DEBUG l.i.u.t.SubmittedApplicationsPageTest - Clicked on 'Invitation' menu.
2025-02-28 15:27:33 [main] DEBUG l.i.u.t.SubmittedApplicationsPageTest - Selected application section by code: 'TST-VUI-52'.
2025-02-28 15:27:33 [main] DEBUG l.i.u.t.SubmittedApplicationsPageTest - Clicked 'Search' button.
2025-02-28 15:27:33 [main] DEBUG l.i.u.t.SubmittedApplicationsPageTest - Retrieved invitation code: ''.
2025-02-28 15:27:33 [main] DEBUG l.i.u.t.SubmittedApplicationsPageTest - Clicked on 'Submitted Applications' menu.
2025-02-28 15:27:35 [main] DEBUG l.i.u.t.SubmittedApplicationsPageTest - Selected invitation by code: 'TST-VUI-52'.
2025-02-28 15:27:35 [main] DEBUG l.i.u.t.SubmittedApplicationsPageTest - Invitation code inserted.
2025-02-28 15:27:35 [main] DEBUG l.i.u.t.SubmittedApplicationsPageTest - Clicked on 'Action Application' button.
2025-02-28 15:27:35 [main] DEBUG l.i.u.t.SubmittedApplicationsPageTest - Clicked on 'New Application' button.
2025-02-28 15:27:36 [main] DEBUG l.i.u.t.SubmittedApplicationsPageTest - Selected the 'RadioButtonFA' option.
2025-02-28 15:27:36 [main] DEBUG l.i.u.t.SubmittedApplicationsPageTest - Entered phone number: '61298745'.
2025-02-28 15:27:36 [main] DEBUG l.i.u.t.SubmittedApplicationsPageTest - Entered email: 'test@autotest.com'.
2025-02-28 15:27:36 [main] INFO  l.i.u.p.SubmittedApplicationsPage - Clicking on the dropdown button.
2025-02-28 15:27:53 [main] INFO  l.i.u.p.SubmittedApplicationsPage - Found 1741 options in the dropdown.
2025-02-28 15:27:53 [main] DEBUG l.i.u.p.SubmittedApplicationsPage - Checking option: ''
2025-02-28 15:27:53 [main] DEBUG l.i.u.p.SubmittedApplicationsPage - Checking option: '01.11 - Grūdinių (išskyrus ryžius), ankštinių ir aliejingų sėklų augalų auginimas'
2025-02-28 15:27:54 [main] INFO  l.i.u.p.SubmittedApplicationsPage - Successfully selected the value: '01.11 - Grūdinių (išskyrus ryžius), ankštinių ir aliejingų sėklų augalų auginimas'
2025-02-28 15:27:54 [main] INFO  l.i.u.p.SubmittedApplicationsPage - Attempting to close the dropdown.
2025-02-28 15:28:04 [main] INFO  l.i.u.p.SubmittedApplicationsPage - Dropdown should be closed now.
2025-02-28 15:28:04 [main] DEBUG l.i.u.t.SubmittedApplicationsPageTest - Selected EVRK value: '01.11 - Grūdinių (išskyrus ryžius), ankštinių ir aliejingų sėklų augalų auginimas'.
2025-02-28 15:28:04 [main] DEBUG l.i.u.t.SubmittedApplicationsPageTest - Entered project date.
2025-02-28 15:28:05 [main] DEBUG l.i.u.t.SubmittedApplicationsPageTest - Entered job count: '1'.
2025-02-28 15:28:05 [main] DEBUG l.i.u.t.SubmittedApplicationsPageTest - Clicked on 'Address Component' button.
2025-02-28 15:28:05 [main] INFO  l.i.u.p.SubmittedApplicationsPage - Located the dropdown button.
2025-02-28 15:28:08 [main] INFO  l.i.u.p.SubmittedApplicationsPage - Successfully selected the value: 'Lietuva'
2025-02-28 15:28:08 [main] DEBUG l.i.u.t.SubmittedApplicationsPageTest - Selected country: 'Lietuva'.
2025-02-28 15:28:08 [main] INFO  l.i.u.p.SubmittedApplicationsPage - Located the dropdown button.
2025-02-28 15:28:49 [main] ERROR l.i.u.p.SubmittedApplicationsPage - Dropdown button click failed: Expected condition failed: waiting for element to be clickable: Proxy element for: DefaultElementLocator 'By.xpath: //div[contains(@class, 'addr-option')]//span[@class='area-center' and text()='Vilnius']/following-sibling::span[@class='alt-name' and text()='Vilniaus miesto sav.']' (tried for 30 second(s) with 500 milliseconds interval)
2025-02-28 15:30:03 [main] INFO  lt.insoft.uztis.tests.UztisPageTest - Navigated to https://uztisdev.asseco.lt/home
2025-02-28 15:30:03 [main] INFO  l.i.u.t.SubmittedApplicationsPageTest - Starting test:'testFillNewVUIPApplicationFA'
2025-02-28 15:30:03 [main] DEBUG l.i.u.t.SubmittedApplicationsPageTest - User logged in with test credentials.
2025-02-28 15:30:03 [main] DEBUG l.i.u.t.SubmittedApplicationsPageTest - Opened 'Application Processing' menu.
2025-02-28 15:30:04 [main] DEBUG l.i.u.t.SubmittedApplicationsPageTest - Clicked on 'Application Forms' menu.
2025-02-28 15:30:04 [main] DEBUG l.i.u.t.SubmittedApplicationsPageTest - Retrieved last description code text: 'TST-VUI-52'.
2025-02-28 15:30:05 [main] DEBUG l.i.u.t.SubmittedApplicationsPageTest - Clicked on 'Invitation' menu.
2025-02-28 15:30:06 [main] DEBUG l.i.u.t.SubmittedApplicationsPageTest - Selected application section by code: 'TST-VUI-52'.
2025-02-28 15:30:06 [main] DEBUG l.i.u.t.SubmittedApplicationsPageTest - Clicked 'Search' button.
2025-02-28 15:30:06 [main] DEBUG l.i.u.t.SubmittedApplicationsPageTest - Retrieved invitation code: ''.
2025-02-28 15:30:06 [main] DEBUG l.i.u.t.SubmittedApplicationsPageTest - Clicked on 'Submitted Applications' menu.
2025-02-28 15:30:07 [main] DEBUG l.i.u.t.SubmittedApplicationsPageTest - Selected invitation by code: 'TST-VUI-52'.
2025-02-28 15:30:07 [main] DEBUG l.i.u.t.SubmittedApplicationsPageTest - Invitation code inserted.
2025-02-28 15:30:07 [main] DEBUG l.i.u.t.SubmittedApplicationsPageTest - Clicked on 'Action Application' button.
2025-02-28 15:30:08 [main] DEBUG l.i.u.t.SubmittedApplicationsPageTest - Clicked on 'New Application' button.
2025-02-28 15:30:08 [main] DEBUG l.i.u.t.SubmittedApplicationsPageTest - Selected the 'RadioButtonFA' option.
2025-02-28 15:30:08 [main] DEBUG l.i.u.t.SubmittedApplicationsPageTest - Entered phone number: '61298745'.
2025-02-28 15:30:08 [main] DEBUG l.i.u.t.SubmittedApplicationsPageTest - Entered email: 'test@autotest.com'.
2025-02-28 15:30:08 [main] INFO  l.i.u.p.SubmittedApplicationsPage - Clicking on the dropdown button.
2025-02-28 15:30:24 [main] INFO  l.i.u.p.SubmittedApplicationsPage - Found 1741 options in the dropdown.
2025-02-28 15:30:24 [main] DEBUG l.i.u.p.SubmittedApplicationsPage - Checking option: ''
2025-02-28 15:30:24 [main] DEBUG l.i.u.p.SubmittedApplicationsPage - Checking option: '01.11 - Grūdinių (išskyrus ryžius), ankštinių ir aliejingų sėklų augalų auginimas'
2025-02-28 15:30:25 [main] INFO  l.i.u.p.SubmittedApplicationsPage - Successfully selected the value: '01.11 - Grūdinių (išskyrus ryžius), ankštinių ir aliejingų sėklų augalų auginimas'
2025-02-28 15:30:25 [main] INFO  l.i.u.p.SubmittedApplicationsPage - Attempting to close the dropdown.
2025-02-28 15:30:35 [main] INFO  l.i.u.p.SubmittedApplicationsPage - Dropdown should be closed now.
2025-02-28 15:30:35 [main] DEBUG l.i.u.t.SubmittedApplicationsPageTest - Selected EVRK value: '01.11 - Grūdinių (išskyrus ryžius), ankštinių ir aliejingų sėklų augalų auginimas'.
2025-02-28 15:30:36 [main] DEBUG l.i.u.t.SubmittedApplicationsPageTest - Entered project date.
2025-02-28 15:30:36 [main] DEBUG l.i.u.t.SubmittedApplicationsPageTest - Entered job count: '1'.
2025-02-28 15:30:36 [main] DEBUG l.i.u.t.SubmittedApplicationsPageTest - Clicked on 'Address Component' button.
2025-02-28 15:30:36 [main] INFO  l.i.u.p.SubmittedApplicationsPage - Located the dropdown button.
2025-02-28 15:30:38 [main] INFO  l.i.u.p.SubmittedApplicationsPage - Successfully selected the value: 'Lietuva'
2025-02-28 15:30:39 [main] DEBUG l.i.u.t.SubmittedApplicationsPageTest - Selected country: 'Lietuva'.
2025-02-28 15:30:39 [main] INFO  l.i.u.p.SubmittedApplicationsPage - Located the dropdown button.
2025-02-28 15:31:20 [main] ERROR l.i.u.p.SubmittedApplicationsPage - Dropdown button click failed: Expected condition failed: waiting for element to be clickable: Proxy element for: DefaultElementLocator 'By.xpath: //mat-option//mat-label[contains(text(), 'Vilnius')]/following-sibling::mat-label[contains(text(), 'Vilniaus miesto sav.')]' (tried for 30 second(s) with 500 milliseconds interval)
2025-02-28 15:31:20 [main] ERROR l.i.u.p.SubmittedApplicationsPage - Failed to select dropdown option: invalid session id: session deleted as the browser has closed the connection
from disconnected: unable to send message to renderer
  (Session info: chrome=133.0.6943.142)
Build info: version: '4.27.0', revision: 'd6e718d134'
System info: os.name: 'Windows 11', os.arch: 'amd64', os.version: '10.0', java.version: '21.0.3'
Driver info: org.openqa.selenium.chrome.ChromeDriver
Command: [f7378ccb316835f63d5fe2a036829c76, findElements {value=//mat-option/span, using=xpath}]
Capabilities {acceptInsecureCerts: false, browserName: chrome, browserVersion: 133.0.6943.142, chrome: {chromedriverVersion: 133.0.6943.141 (2a5d6da0d61..., userDataDir: C:\Users\INGRID~1.ZAD\AppDa...}, fedcm:accounts: true, goog:chromeOptions: {debuggerAddress: localhost:61289}, networkConnectionEnabled: false, pageLoadStrategy: normal, platformName: windows, proxy: Proxy(), se:cdp: ws://localhost:61289/devtoo..., se:cdpVersion: 133.0.6943.142, setWindowRect: true, strictFileInteractability: false, timeouts: {implicit: 0, pageLoad: 300000, script: 30000}, unhandledPromptBehavior: dismiss and notify, webauthn:extension:credBlob: true, webauthn:extension:largeBlob: true, webauthn:extension:minPinLength: true, webauthn:extension:prf: true, webauthn:virtualAuthenticators: true}
Session ID: f7378ccb316835f63d5fe2a036829c76
2025-02-28 15:31:20 [main] ERROR l.i.u.t.SubmittedApplicationsPageTest - Test 'testFillNewVUIApplicationFA' failed with error: invalid session id
Build info: version: '4.27.0', revision: 'd6e718d134'
System info: os.name: 'Windows 11', os.arch: 'amd64', os.version: '10.0', java.version: '21.0.3'
Driver info: org.openqa.selenium.chrome.ChromeDriver
Command: [f7378ccb316835f63d5fe2a036829c76, findElement {value=//mat-option//mat-label[contains(text(), 'Vilnius')]/following-sibling::mat-label[contains(text(), 'Vilniaus miesto sav.')], using=xpath}]
Capabilities {acceptInsecureCerts: false, browserName: chrome, browserVersion: 133.0.6943.142, chrome: {chromedriverVersion: 133.0.6943.141 (2a5d6da0d61..., userDataDir: C:\Users\INGRID~1.ZAD\AppDa...}, fedcm:accounts: true, goog:chromeOptions: {debuggerAddress: localhost:61289}, networkConnectionEnabled: false, pageLoadStrategy: normal, platformName: windows, proxy: Proxy(), se:cdp: ws://localhost:61289/devtoo..., se:cdpVersion: 133.0.6943.142, setWindowRect: true, strictFileInteractability: false, timeouts: {implicit: 0, pageLoad: 300000, script: 30000}, unhandledPromptBehavior: dismiss and notify, webauthn:extension:credBlob: true, webauthn:extension:largeBlob: true, webauthn:extension:minPinLength: true, webauthn:extension:prf: true, webauthn:virtualAuthenticators: true}
Session ID: f7378ccb316835f63d5fe2a036829c76
org.openqa.selenium.NoSuchSessionException: invalid session id
Build info: version: '4.27.0', revision: 'd6e718d134'
System info: os.name: 'Windows 11', os.arch: 'amd64', os.version: '10.0', java.version: '21.0.3'
Driver info: org.openqa.selenium.chrome.ChromeDriver
Command: [f7378ccb316835f63d5fe2a036829c76, findElement {value=//mat-option//mat-label[contains(text(), 'Vilnius')]/following-sibling::mat-label[contains(text(), 'Vilniaus miesto sav.')], using=xpath}]
Capabilities {acceptInsecureCerts: false, browserName: chrome, browserVersion: 133.0.6943.142, chrome: {chromedriverVersion: 133.0.6943.141 (2a5d6da0d61..., userDataDir: C:\Users\INGRID~1.ZAD\AppDa...}, fedcm:accounts: true, goog:chromeOptions: {debuggerAddress: localhost:61289}, networkConnectionEnabled: false, pageLoadStrategy: normal, platformName: windows, proxy: Proxy(), se:cdp: ws://localhost:61289/devtoo..., se:cdpVersion: 133.0.6943.142, setWindowRect: true, strictFileInteractability: false, timeouts: {implicit: 0, pageLoad: 300000, script: 30000}, unhandledPromptBehavior: dismiss and notify, webauthn:extension:credBlob: true, webauthn:extension:largeBlob: true, webauthn:extension:minPinLength: true, webauthn:extension:prf: true, webauthn:virtualAuthenticators: true}
Session ID: f7378ccb316835f63d5fe2a036829c76
	at java.base/jdk.internal.reflect.DirectConstructorHandleAccessor.newInstance(DirectConstructorHandleAccessor.java:62)
	at java.base/java.lang.reflect.Constructor.newInstanceWithCaller(Constructor.java:502)
	at java.base/java.lang.reflect.Constructor.newInstance(Constructor.java:486)
	at org.openqa.selenium.remote.ErrorCodec.decode(ErrorCodec.java:167)
	at org.openqa.selenium.remote.codec.w3c.W3CHttpResponseCodec.decode(W3CHttpResponseCodec.java:138)
	at org.openqa.selenium.remote.codec.w3c.W3CHttpResponseCodec.decode(W3CHttpResponseCodec.java:50)
	at org.openqa.selenium.remote.HttpCommandExecutor.execute(HttpCommandExecutor.java:190)
	at org.openqa.selenium.remote.service.DriverCommandExecutor.invokeExecute(DriverCommandExecutor.java:216)
	at org.openqa.selenium.remote.service.DriverCommandExecutor.execute(DriverCommandExecutor.java:174)
	at org.openqa.selenium.remote.RemoteWebDriver.execute(RemoteWebDriver.java:545)
	at org.openqa.selenium.remote.ElementLocation$ElementFinder$2.findElement(ElementLocation.java:165)
	at org.openqa.selenium.remote.ElementLocation.findElement(ElementLocation.java:59)
	at org.openqa.selenium.remote.RemoteWebDriver.findElement(RemoteWebDriver.java:368)
	at org.openqa.selenium.remote.RemoteWebDriver.findElement(RemoteWebDriver.java:362)
	at org.openqa.selenium.support.pagefactory.DefaultElementLocator.findElement(DefaultElementLocator.java:68)
	at org.openqa.selenium.support.pagefactory.internal.LocatingElementHandler.invoke(LocatingElementHandler.java:38)
	at jdk.proxy2/jdk.proxy2.$Proxy14.getAttribute(Unknown Source)
	at org.openqa.selenium.support.ui.ExpectedConditions$39.apply(ExpectedConditions.java:1094)
	at org.openqa.selenium.support.ui.ExpectedConditions$39.apply(ExpectedConditions.java:1089)
	at org.openqa.selenium.support.ui.FluentWait.until(FluentWait.java:203)
	at lt.insoft.uztis.pages.SubmittedApplicationsPage.selectDropdownAddressCity(SubmittedApplicationsPage.java:781)
	at lt.insoft.uztis.tests.SubmittedApplicationsPageTest.testFillNewVUIApplicationFA(SubmittedApplicationsPageTest.java:187)
	at java.base/jdk.internal.reflect.DirectMethodHandleAccessor.invoke(DirectMethodHandleAccessor.java:103)
	at java.base/java.lang.reflect.Method.invoke(Method.java:580)
	at org.junit.platform.commons.util.ReflectionUtils.invokeMethod(ReflectionUtils.java:728)
	at org.junit.jupiter.engine.execution.MethodInvocation.proceed(MethodInvocation.java:60)
	at org.junit.jupiter.engine.execution.InvocationInterceptorChain$ValidatingInvocation.proceed(InvocationInterceptorChain.java:131)
	at org.junit.jupiter.engine.extension.TimeoutExtension.intercept(TimeoutExtension.java:156)
	at org.junit.jupiter.engine.extension.TimeoutExtension.interceptTestableMethod(TimeoutExtension.java:147)
	at org.junit.jupiter.engine.extension.TimeoutExtension.interceptTestMethod(TimeoutExtension.java:86)
	at org.junit.jupiter.engine.execution.InterceptingExecutableInvoker$ReflectiveInterceptorCall.lambda$ofVoidMethod$0(InterceptingExecutableInvoker.java:103)
	at org.junit.jupiter.engine.execution.InterceptingExecutableInvoker.lambda$invoke$0(InterceptingExecutableInvoker.java:93)
	at org.junit.jupiter.engine.execution.InvocationInterceptorChain$InterceptedInvocation.proceed(InvocationInterceptorChain.java:106)
	at org.junit.jupiter.engine.execution.InvocationInterceptorChain.proceed(InvocationInterceptorChain.java:64)
	at org.junit.jupiter.engine.execution.InvocationInterceptorChain.chainAndInvoke(InvocationInterceptorChain.java:45)
	at org.junit.jupiter.engine.execution.InvocationInterceptorChain.invoke(InvocationInterceptorChain.java:37)
	at org.junit.jupiter.engine.execution.InterceptingExecutableInvoker.invoke(InterceptingExecutableInvoker.java:92)
	at org.junit.jupiter.engine.execution.InterceptingExecutableInvoker.invoke(InterceptingExecutableInvoker.java:86)
	at org.junit.jupiter.engine.descriptor.TestMethodTestDescriptor.lambda$invokeTestMethod$7(TestMethodTestDescriptor.java:218)
	at org.junit.platform.engine.support.hierarchical.ThrowableCollector.execute(ThrowableCollector.java:73)
	at org.junit.jupiter.engine.descriptor.TestMethodTestDescriptor.invokeTestMethod(TestMethodTestDescriptor.java:214)
	at org.junit.jupiter.engine.descriptor.TestMethodTestDescriptor.execute(TestMethodTestDescriptor.java:139)
	at org.junit.jupiter.engine.descriptor.TestMethodTestDescriptor.execute(TestMethodTestDescriptor.java:69)
	at org.junit.platform.engine.support.hierarchical.NodeTestTask.lambda$executeRecursively$6(NodeTestTask.java:151)
	at org.junit.platform.engine.support.hierarchical.ThrowableCollector.execute(ThrowableCollector.java:73)
	at org.junit.platform.engine.support.hierarchical.NodeTestTask.lambda$executeRecursively$8(NodeTestTask.java:141)
	at org.junit.platform.engine.support.hierarchical.Node.around(Node.java:137)
	at org.junit.platform.engine.support.hierarchical.NodeTestTask.lambda$executeRecursively$9(NodeTestTask.java:139)
	at org.junit.platform.engine.support.hierarchical.ThrowableCollector.execute(ThrowableCollector.java:73)
	at org.junit.platform.engine.support.hierarchical.NodeTestTask.executeRecursively(NodeTestTask.java:138)
	at org.junit.platform.engine.support.hierarchical.NodeTestTask.execute(NodeTestTask.java:95)
	at java.base/java.util.ArrayList.forEach(ArrayList.java:1596)
	at org.junit.platform.engine.support.hierarchical.SameThreadHierarchicalTestExecutorService.invokeAll(SameThreadHierarchicalTestExecutorService.java:41)
	at org.junit.platform.engine.support.hierarchical.NodeTestTask.lambda$executeRecursively$6(NodeTestTask.java:155)
	at org.junit.platform.engine.support.hierarchical.ThrowableCollector.execute(ThrowableCollector.java:73)
	at org.junit.platform.engine.support.hierarchical.NodeTestTask.lambda$executeRecursively$8(NodeTestTask.java:141)
	at org.junit.platform.engine.support.hierarchical.Node.around(Node.java:137)
	at org.junit.platform.engine.support.hierarchical.NodeTestTask.lambda$executeRecursively$9(NodeTestTask.java:139)
	at org.junit.platform.engine.support.hierarchical.ThrowableCollector.execute(ThrowableCollector.java:73)
	at org.junit.platform.engine.support.hierarchical.NodeTestTask.executeRecursively(NodeTestTask.java:138)
	at org.junit.platform.engine.support.hierarchical.NodeTestTask.execute(NodeTestTask.java:95)
	at java.base/java.util.ArrayList.forEach(ArrayList.java:1596)
	at org.junit.platform.engine.support.hierarchical.SameThreadHierarchicalTestExecutorService.invokeAll(SameThreadHierarchicalTestExecutorService.java:41)
	at org.junit.platform.engine.support.hierarchical.NodeTestTask.lambda$executeRecursively$6(NodeTestTask.java:155)
	at org.junit.platform.engine.support.hierarchical.ThrowableCollector.execute(ThrowableCollector.java:73)
	at org.junit.platform.engine.support.hierarchical.NodeTestTask.lambda$executeRecursively$8(NodeTestTask.java:141)
	at org.junit.platform.engine.support.hierarchical.Node.around(Node.java:137)
	at org.junit.platform.engine.support.hierarchical.NodeTestTask.lambda$executeRecursively$9(NodeTestTask.java:139)
	at org.junit.platform.engine.support.hierarchical.ThrowableCollector.execute(ThrowableCollector.java:73)
	at org.junit.platform.engine.support.hierarchical.NodeTestTask.executeRecursively(NodeTestTask.java:138)
	at org.junit.platform.engine.support.hierarchical.NodeTestTask.execute(NodeTestTask.java:95)
	at org.junit.platform.engine.support.hierarchical.SameThreadHierarchicalTestExecutorService.submit(SameThreadHierarchicalTestExecutorService.java:35)
	at org.junit.platform.engine.support.hierarchical.HierarchicalTestExecutor.execute(HierarchicalTestExecutor.java:57)
	at org.junit.platform.engine.support.hierarchical.HierarchicalTestEngine.execute(HierarchicalTestEngine.java:54)
	at org.junit.platform.launcher.core.EngineExecutionOrchestrator.execute(EngineExecutionOrchestrator.java:198)
	at org.junit.platform.launcher.core.EngineExecutionOrchestrator.execute(EngineExecutionOrchestrator.java:169)
	at org.junit.platform.launcher.core.EngineExecutionOrchestrator.execute(EngineExecutionOrchestrator.java:93)
	at org.junit.platform.launcher.core.EngineExecutionOrchestrator.lambda$execute$0(EngineExecutionOrchestrator.java:58)
	at org.junit.platform.launcher.core.EngineExecutionOrchestrator.withInterceptedStreams(EngineExecutionOrchestrator.java:141)
	at org.junit.platform.launcher.core.EngineExecutionOrchestrator.execute(EngineExecutionOrchestrator.java:57)
	at org.junit.platform.launcher.core.DefaultLauncher.execute(DefaultLauncher.java:103)
	at org.junit.platform.launcher.core.DefaultLauncher.execute(DefaultLauncher.java:85)
	at org.junit.platform.launcher.core.DelegatingLauncher.execute(DelegatingLauncher.java:47)
	at org.junit.platform.launcher.core.SessionPerRequestLauncher.execute(SessionPerRequestLauncher.java:63)
	at com.intellij.junit5.JUnit5IdeaTestRunner.startRunnerWithArgs(JUnit5IdeaTestRunner.java:57)
	at com.intellij.rt.junit.IdeaTestRunner$Repeater$1.execute(IdeaTestRunner.java:38)
	at com.intellij.rt.execution.junit.TestsRepeater.repeat(TestsRepeater.java:11)
	at com.intellij.rt.junit.IdeaTestRunner$Repeater.startRunnerWithArgs(IdeaTestRunner.java:35)
	at com.intellij.rt.junit.JUnitStarter.prepareStreamsAndStart(JUnitStarter.java:232)
	at com.intellij.rt.junit.JUnitStarter.main(JUnitStarter.java:55)
2025-02-28 15:31:49 [main] INFO  lt.insoft.uztis.tests.UztisPageTest - Navigated to https://uztisdev.asseco.lt/home
2025-02-28 15:31:49 [main] INFO  l.i.u.t.SubmittedApplicationsPageTest - Starting test:'testFillNewVUIPApplicationFA'
2025-02-28 15:31:49 [main] DEBUG l.i.u.t.SubmittedApplicationsPageTest - User logged in with test credentials.
2025-02-28 15:31:49 [main] DEBUG l.i.u.t.SubmittedApplicationsPageTest - Opened 'Application Processing' menu.
2025-02-28 15:31:50 [main] DEBUG l.i.u.t.SubmittedApplicationsPageTest - Clicked on 'Application Forms' menu.
2025-02-28 15:31:50 [main] DEBUG l.i.u.t.SubmittedApplicationsPageTest - Retrieved last description code text: 'TST-VUI-52'.
2025-02-28 15:31:50 [main] DEBUG l.i.u.t.SubmittedApplicationsPageTest - Clicked on 'Invitation' menu.
2025-02-28 15:31:51 [main] DEBUG l.i.u.t.SubmittedApplicationsPageTest - Selected application section by code: 'TST-VUI-52'.
2025-02-28 15:31:51 [main] DEBUG l.i.u.t.SubmittedApplicationsPageTest - Clicked 'Search' button.
2025-02-28 15:31:51 [main] DEBUG l.i.u.t.SubmittedApplicationsPageTest - Retrieved invitation code: ''.
2025-02-28 15:31:51 [main] DEBUG l.i.u.t.SubmittedApplicationsPageTest - Clicked on 'Submitted Applications' menu.
2025-02-28 15:31:53 [main] DEBUG l.i.u.t.SubmittedApplicationsPageTest - Selected invitation by code: 'TST-VUI-52'.
2025-02-28 15:31:53 [main] DEBUG l.i.u.t.SubmittedApplicationsPageTest - Invitation code inserted.
2025-02-28 15:31:53 [main] DEBUG l.i.u.t.SubmittedApplicationsPageTest - Clicked on 'Action Application' button.
2025-02-28 15:31:53 [main] DEBUG l.i.u.t.SubmittedApplicationsPageTest - Clicked on 'New Application' button.
2025-02-28 15:31:53 [main] DEBUG l.i.u.t.SubmittedApplicationsPageTest - Selected the 'RadioButtonFA' option.
2025-02-28 15:31:54 [main] DEBUG l.i.u.t.SubmittedApplicationsPageTest - Entered phone number: '61298745'.
2025-02-28 15:31:54 [main] DEBUG l.i.u.t.SubmittedApplicationsPageTest - Entered email: 'test@autotest.com'.
2025-02-28 15:31:54 [main] INFO  l.i.u.p.SubmittedApplicationsPage - Clicking on the dropdown button.
2025-02-28 15:32:11 [main] INFO  l.i.u.p.SubmittedApplicationsPage - Found 1741 options in the dropdown.
2025-02-28 15:32:11 [main] DEBUG l.i.u.p.SubmittedApplicationsPage - Checking option: ''
2025-02-28 15:32:11 [main] DEBUG l.i.u.p.SubmittedApplicationsPage - Checking option: '01.11 - Grūdinių (išskyrus ryžius), ankštinių ir aliejingų sėklų augalų auginimas'
2025-02-28 15:32:11 [main] INFO  l.i.u.p.SubmittedApplicationsPage - Successfully selected the value: '01.11 - Grūdinių (išskyrus ryžius), ankštinių ir aliejingų sėklų augalų auginimas'
2025-02-28 15:32:11 [main] INFO  l.i.u.p.SubmittedApplicationsPage - Attempting to close the dropdown.
2025-02-28 15:32:22 [main] INFO  l.i.u.p.SubmittedApplicationsPage - Dropdown should be closed now.
2025-02-28 15:32:22 [main] DEBUG l.i.u.t.SubmittedApplicationsPageTest - Selected EVRK value: '01.11 - Grūdinių (išskyrus ryžius), ankštinių ir aliejingų sėklų augalų auginimas'.
2025-02-28 15:32:22 [main] DEBUG l.i.u.t.SubmittedApplicationsPageTest - Entered project date.
2025-02-28 15:32:22 [main] DEBUG l.i.u.t.SubmittedApplicationsPageTest - Entered job count: '1'.
2025-02-28 15:32:22 [main] DEBUG l.i.u.t.SubmittedApplicationsPageTest - Clicked on 'Address Component' button.
2025-02-28 15:32:22 [main] INFO  l.i.u.p.SubmittedApplicationsPage - Located the dropdown button.
2025-02-28 15:32:25 [main] INFO  l.i.u.p.SubmittedApplicationsPage - Successfully selected the value: 'Lietuva'
2025-02-28 15:32:25 [main] DEBUG l.i.u.t.SubmittedApplicationsPageTest - Selected country: 'Lietuva'.
2025-02-28 15:32:25 [main] INFO  l.i.u.p.SubmittedApplicationsPage - Located the dropdown button.
2025-02-28 15:32:25 [main] WARN  l.i.u.p.SubmittedApplicationsPage - Dropdown value 'Vilnius, Vilniaus miesto sav.' not found.
2025-02-28 15:32:55 [main] ERROR l.i.u.p.SubmittedApplicationsPage - Timeout while waiting for dropdown to close with aria-expanded = 'false'.
2025-02-28 15:32:55 [main] DEBUG l.i.u.t.SubmittedApplicationsPageTest - Selected city: 'Vilnius, Vilniaus miesto sav.'.
2025-02-28 15:32:55 [main] INFO  l.i.u.p.SubmittedApplicationsPage - Located the dropdown button.
2025-02-28 15:32:57 [main] ERROR l.i.u.p.SubmittedApplicationsPage - Dropdown button click failed: element click intercepted: Element <mat-select role="combobox" aria-haspopup="listbox" class="mat-mdc-select primary-control ng-tns-c1073613477-42 mat-mdc-select-required mat-mdc-select-empty ng-untouched ng-pristine ng-invalid ng-star-inserted" aria-labelledby="mat-select-value-10" id="mat-select-10" tabindex="0" aria-expanded="false" aria-required="true" aria-disabled="false" aria-invalid="false" required="">...</mat-select> is not clickable at point (960, 503). Other element would receive the click: <mat-option role="option" class="mat-mdc-option mdc-list-item mat-mdc-option-active ng-tns-c1073613477-40 ng-star-inserted" id="mat-option-1265" aria-selected="false" aria-disabled="false" style="">...</mat-option>
  (Session info: chrome=133.0.6943.142)
Build info: version: '4.27.0', revision: 'd6e718d134'
System info: os.name: 'Windows 11', os.arch: 'amd64', os.version: '10.0', java.version: '21.0.3'
Driver info: org.openqa.selenium.chrome.ChromeDriver
Command: [4a88822525edb6a300a0862498aba786, clickElement {id=f.D2BC4687B5751B5A4231179046BEE6FF.d.51F4B16961A82E8D913807EE3ED9D194.e.2312}]
Capabilities {acceptInsecureCerts: false, browserName: chrome, browserVersion: 133.0.6943.142, chrome: {chromedriverVersion: 133.0.6943.141 (2a5d6da0d61..., userDataDir: C:\Users\INGRID~1.ZAD\AppDa...}, fedcm:accounts: true, goog:chromeOptions: {debuggerAddress: localhost:61363}, networkConnectionEnabled: false, pageLoadStrategy: normal, platformName: windows, proxy: Proxy(), se:cdp: ws://localhost:61363/devtoo..., se:cdpVersion: 133.0.6943.142, setWindowRect: true, strictFileInteractability: false, timeouts: {implicit: 0, pageLoad: 300000, script: 30000}, unhandledPromptBehavior: dismiss and notify, webauthn:extension:credBlob: true, webauthn:extension:largeBlob: true, webauthn:extension:minPinLength: true, webauthn:extension:prf: true, webauthn:virtualAuthenticators: true}
Element: [[ChromeDriver: chrome on windows (4a88822525edb6a300a0862498aba786)] -> xpath: //mat-label[contains(text(), 'Gatvė')]/following::mat-select[1]]
Session ID: 4a88822525edb6a300a0862498aba786
2025-02-28 15:32:57 [main] WARN  l.i.u.p.SubmittedApplicationsPage - Dropdown value 'V. Grybo g.' not found.
2025-02-28 15:32:57 [main] DEBUG l.i.u.t.SubmittedApplicationsPageTest - Selected street: 'V. Grybo g.'.
2025-02-28 15:32:57 [main] INFO  l.i.u.p.SubmittedApplicationsPage - Located the dropdown button.
2025-02-28 15:32:58 [main] ERROR l.i.u.p.SubmittedApplicationsPage - Dropdown button click failed: element click intercepted: Element <mat-select role="combobox" aria-haspopup="listbox" class="mat-mdc-select primary-control ng-tns-c1073613477-44 mat-mdc-select-required mat-mdc-select-empty ng-untouched ng-pristine ng-invalid ng-star-inserted" aria-labelledby="mat-select-value-11" id="mat-select-11" tabindex="0" aria-expanded="false" aria-required="true" aria-disabled="false" aria-invalid="false" required="">...</mat-select> is not clickable at point (960, 559). Other element would receive the click: <mat-option role="option" class="mat-mdc-option mdc-list-item ng-tns-c1073613477-40 ng-star-inserted" id="mat-option-1266" aria-selected="false" aria-disabled="false" style="">...</mat-option>
  (Session info: chrome=133.0.6943.142)
Build info: version: '4.27.0', revision: 'd6e718d134'
System info: os.name: 'Windows 11', os.arch: 'amd64', os.version: '10.0', java.version: '21.0.3'
Driver info: org.openqa.selenium.chrome.ChromeDriver
Command: [4a88822525edb6a300a0862498aba786, clickElement {id=f.D2BC4687B5751B5A4231179046BEE6FF.d.51F4B16961A82E8D913807EE3ED9D194.e.2313}]
Capabilities {acceptInsecureCerts: false, browserName: chrome, browserVersion: 133.0.6943.142, chrome: {chromedriverVersion: 133.0.6943.141 (2a5d6da0d61..., userDataDir: C:\Users\INGRID~1.ZAD\AppDa...}, fedcm:accounts: true, goog:chromeOptions: {debuggerAddress: localhost:61363}, networkConnectionEnabled: false, pageLoadStrategy: normal, platformName: windows, proxy: Proxy(), se:cdp: ws://localhost:61363/devtoo..., se:cdpVersion: 133.0.6943.142, setWindowRect: true, strictFileInteractability: false, timeouts: {implicit: 0, pageLoad: 300000, script: 30000}, unhandledPromptBehavior: dismiss and notify, webauthn:extension:credBlob: true, webauthn:extension:largeBlob: true, webauthn:extension:minPinLength: true, webauthn:extension:prf: true, webauthn:virtualAuthenticators: true}
Element: [[ChromeDriver: chrome on windows (4a88822525edb6a300a0862498aba786)] -> xpath: //mat-label[contains(text(), 'Namo Nr.')]/following::mat-select[1]]
Session ID: 4a88822525edb6a300a0862498aba786
2025-02-28 15:32:58 [main] WARN  l.i.u.p.SubmittedApplicationsPage - Dropdown value '1' not found.
2025-02-28 15:32:58 [main] DEBUG l.i.u.t.SubmittedApplicationsPageTest - Selected house: '1'.
2025-02-28 15:32:58 [main] INFO  l.i.u.p.SubmittedApplicationsPage - Located the dropdown button.
2025-02-28 15:32:59 [main] ERROR l.i.u.p.SubmittedApplicationsPage - Dropdown button click failed: element click intercepted: Element <mat-select role="combobox" aria-haspopup="listbox" class="mat-mdc-select primary-control ng-tns-c1073613477-46 mat-mdc-select-empty ng-untouched ng-pristine ng-valid ng-star-inserted" aria-labelledby="mat-select-value-12" id="mat-select-12" tabindex="0" aria-expanded="false" aria-required="false" aria-disabled="false" aria-invalid="false">...</mat-select> is not clickable at point (960, 615). Other element would receive the click: <mat-option role="option" class="mat-mdc-option mdc-list-item ng-tns-c1073613477-40 ng-star-inserted" id="mat-option-1267" aria-selected="false" aria-disabled="false" style="">...</mat-option>
  (Session info: chrome=133.0.6943.142)
Build info: version: '4.27.0', revision: 'd6e718d134'
System info: os.name: 'Windows 11', os.arch: 'amd64', os.version: '10.0', java.version: '21.0.3'
Driver info: org.openqa.selenium.chrome.ChromeDriver
Command: [4a88822525edb6a300a0862498aba786, clickElement {id=f.D2BC4687B5751B5A4231179046BEE6FF.d.51F4B16961A82E8D913807EE3ED9D194.e.2314}]
Capabilities {acceptInsecureCerts: false, browserName: chrome, browserVersion: 133.0.6943.142, chrome: {chromedriverVersion: 133.0.6943.141 (2a5d6da0d61..., userDataDir: C:\Users\INGRID~1.ZAD\AppDa...}, fedcm:accounts: true, goog:chromeOptions: {debuggerAddress: localhost:61363}, networkConnectionEnabled: false, pageLoadStrategy: normal, platformName: windows, proxy: Proxy(), se:cdp: ws://localhost:61363/devtoo..., se:cdpVersion: 133.0.6943.142, setWindowRect: true, strictFileInteractability: false, timeouts: {implicit: 0, pageLoad: 300000, script: 30000}, unhandledPromptBehavior: dismiss and notify, webauthn:extension:credBlob: true, webauthn:extension:largeBlob: true, webauthn:extension:minPinLength: true, webauthn:extension:prf: true, webauthn:virtualAuthenticators: true}
Element: [[ChromeDriver: chrome on windows (4a88822525edb6a300a0862498aba786)] -> xpath: //mat-label[contains(text(), 'Buto / patalpos Nr.')]/following::mat-select[1]]
Session ID: 4a88822525edb6a300a0862498aba786
2025-02-28 15:32:59 [main] WARN  l.i.u.p.SubmittedApplicationsPage - Dropdown value '1' not found.
2025-02-28 15:32:59 [main] DEBUG l.i.u.t.SubmittedApplicationsPageTest - Selected apartment: '1'.
2025-02-28 15:33:00 [main] ERROR l.i.u.t.SubmittedApplicationsPageTest - Test 'testFillNewVUIApplicationFA' failed with error: element click intercepted: Element <button type="button" class="i-forms-stepper-button i-forms-stepper-button-next">...</button> is not clickable at point (1823, 992). Other element would receive the click: <div class="cdk-overlay-backdrop cdk-overlay-transparent-backdrop cdk-overlay-backdrop-showing"></div>
  (Session info: chrome=133.0.6943.142)
Build info: version: '4.27.0', revision: 'd6e718d134'
System info: os.name: 'Windows 11', os.arch: 'amd64', os.version: '10.0', java.version: '21.0.3'
Driver info: org.openqa.selenium.chrome.ChromeDriver
Command: [4a88822525edb6a300a0862498aba786, clickElement {id=f.D2BC4687B5751B5A4231179046BEE6FF.d.51F4B16961A82E8D913807EE3ED9D194.e.2032}]
Capabilities {acceptInsecureCerts: false, browserName: chrome, browserVersion: 133.0.6943.142, chrome: {chromedriverVersion: 133.0.6943.141 (2a5d6da0d61..., userDataDir: C:\Users\INGRID~1.ZAD\AppDa...}, fedcm:accounts: true, goog:chromeOptions: {debuggerAddress: localhost:61363}, networkConnectionEnabled: false, pageLoadStrategy: normal, platformName: windows, proxy: Proxy(), se:cdp: ws://localhost:61363/devtoo..., se:cdpVersion: 133.0.6943.142, setWindowRect: true, strictFileInteractability: false, timeouts: {implicit: 0, pageLoad: 300000, script: 30000}, unhandledPromptBehavior: dismiss and notify, webauthn:extension:credBlob: true, webauthn:extension:largeBlob: true, webauthn:extension:minPinLength: true, webauthn:extension:prf: true, webauthn:virtualAuthenticators: true}
Element: [[ChromeDriver: chrome on windows (4a88822525edb6a300a0862498aba786)] -> xpath: //button[contains(@class, 'i-forms-stepper-button-next') and normalize-space(text())='Toliau']]
Session ID: 4a88822525edb6a300a0862498aba786
org.openqa.selenium.ElementClickInterceptedException: element click intercepted: Element <button type="button" class="i-forms-stepper-button i-forms-stepper-button-next">...</button> is not clickable at point (1823, 992). Other element would receive the click: <div class="cdk-overlay-backdrop cdk-overlay-transparent-backdrop cdk-overlay-backdrop-showing"></div>
  (Session info: chrome=133.0.6943.142)
Build info: version: '4.27.0', revision: 'd6e718d134'
System info: os.name: 'Windows 11', os.arch: 'amd64', os.version: '10.0', java.version: '21.0.3'
Driver info: org.openqa.selenium.chrome.ChromeDriver
Command: [4a88822525edb6a300a0862498aba786, clickElement {id=f.D2BC4687B5751B5A4231179046BEE6FF.d.51F4B16961A82E8D913807EE3ED9D194.e.2032}]
Capabilities {acceptInsecureCerts: false, browserName: chrome, browserVersion: 133.0.6943.142, chrome: {chromedriverVersion: 133.0.6943.141 (2a5d6da0d61..., userDataDir: C:\Users\INGRID~1.ZAD\AppDa...}, fedcm:accounts: true, goog:chromeOptions: {debuggerAddress: localhost:61363}, networkConnectionEnabled: false, pageLoadStrategy: normal, platformName: windows, proxy: Proxy(), se:cdp: ws://localhost:61363/devtoo..., se:cdpVersion: 133.0.6943.142, setWindowRect: true, strictFileInteractability: false, timeouts: {implicit: 0, pageLoad: 300000, script: 30000}, unhandledPromptBehavior: dismiss and notify, webauthn:extension:credBlob: true, webauthn:extension:largeBlob: true, webauthn:extension:minPinLength: true, webauthn:extension:prf: true, webauthn:virtualAuthenticators: true}
Element: [[ChromeDriver: chrome on windows (4a88822525edb6a300a0862498aba786)] -> xpath: //button[contains(@class, 'i-forms-stepper-button-next') and normalize-space(text())='Toliau']]
Session ID: 4a88822525edb6a300a0862498aba786
	at java.base/jdk.internal.reflect.DirectConstructorHandleAccessor.newInstance(DirectConstructorHandleAccessor.java:62)
	at java.base/java.lang.reflect.Constructor.newInstanceWithCaller(Constructor.java:502)
	at java.base/java.lang.reflect.Constructor.newInstance(Constructor.java:486)
	at org.openqa.selenium.remote.ErrorCodec.decode(ErrorCodec.java:167)
	at org.openqa.selenium.remote.codec.w3c.W3CHttpResponseCodec.decode(W3CHttpResponseCodec.java:138)
	at org.openqa.selenium.remote.codec.w3c.W3CHttpResponseCodec.decode(W3CHttpResponseCodec.java:50)
	at org.openqa.selenium.remote.HttpCommandExecutor.execute(HttpCommandExecutor.java:190)
	at org.openqa.selenium.remote.service.DriverCommandExecutor.invokeExecute(DriverCommandExecutor.java:216)
	at org.openqa.selenium.remote.service.DriverCommandExecutor.execute(DriverCommandExecutor.java:174)
	at org.openqa.selenium.remote.RemoteWebDriver.execute(RemoteWebDriver.java:545)
	at org.openqa.selenium.remote.RemoteWebElement.execute(RemoteWebElement.java:223)
	at org.openqa.selenium.remote.RemoteWebElement.click(RemoteWebElement.java:76)
	at java.base/jdk.internal.reflect.DirectMethodHandleAccessor.invoke(DirectMethodHandleAccessor.java:103)
	at java.base/java.lang.reflect.Method.invoke(Method.java:580)
	at org.openqa.selenium.support.pagefactory.internal.LocatingElementHandler.invoke(LocatingElementHandler.java:51)
	at jdk.proxy2/jdk.proxy2.$Proxy14.click(Unknown Source)
	at lt.insoft.uztis.pages.SubmittedApplicationsPage.clickButtonNext(SubmittedApplicationsPage.java:953)
	at lt.insoft.uztis.tests.SubmittedApplicationsPageTest.testFillNewVUIApplicationFA(SubmittedApplicationsPageTest.java:203)
	at java.base/jdk.internal.reflect.DirectMethodHandleAccessor.invoke(DirectMethodHandleAccessor.java:103)
	at java.base/java.lang.reflect.Method.invoke(Method.java:580)
	at org.junit.platform.commons.util.ReflectionUtils.invokeMethod(ReflectionUtils.java:728)
	at org.junit.jupiter.engine.execution.MethodInvocation.proceed(MethodInvocation.java:60)
	at org.junit.jupiter.engine.execution.InvocationInterceptorChain$ValidatingInvocation.proceed(InvocationInterceptorChain.java:131)
	at org.junit.jupiter.engine.extension.TimeoutExtension.intercept(TimeoutExtension.java:156)
	at org.junit.jupiter.engine.extension.TimeoutExtension.interceptTestableMethod(TimeoutExtension.java:147)
	at org.junit.jupiter.engine.extension.TimeoutExtension.interceptTestMethod(TimeoutExtension.java:86)
	at org.junit.jupiter.engine.execution.InterceptingExecutableInvoker$ReflectiveInterceptorCall.lambda$ofVoidMethod$0(InterceptingExecutableInvoker.java:103)
	at org.junit.jupiter.engine.execution.InterceptingExecutableInvoker.lambda$invoke$0(InterceptingExecutableInvoker.java:93)
	at org.junit.jupiter.engine.execution.InvocationInterceptorChain$InterceptedInvocation.proceed(InvocationInterceptorChain.java:106)
	at org.junit.jupiter.engine.execution.InvocationInterceptorChain.proceed(InvocationInterceptorChain.java:64)
	at org.junit.jupiter.engine.execution.InvocationInterceptorChain.chainAndInvoke(InvocationInterceptorChain.java:45)
	at org.junit.jupiter.engine.execution.InvocationInterceptorChain.invoke(InvocationInterceptorChain.java:37)
	at org.junit.jupiter.engine.execution.InterceptingExecutableInvoker.invoke(InterceptingExecutableInvoker.java:92)
	at org.junit.jupiter.engine.execution.InterceptingExecutableInvoker.invoke(InterceptingExecutableInvoker.java:86)
	at org.junit.jupiter.engine.descriptor.TestMethodTestDescriptor.lambda$invokeTestMethod$7(TestMethodTestDescriptor.java:218)
	at org.junit.platform.engine.support.hierarchical.ThrowableCollector.execute(ThrowableCollector.java:73)
	at org.junit.jupiter.engine.descriptor.TestMethodTestDescriptor.invokeTestMethod(TestMethodTestDescriptor.java:214)
	at org.junit.jupiter.engine.descriptor.TestMethodTestDescriptor.execute(TestMethodTestDescriptor.java:139)
	at org.junit.jupiter.engine.descriptor.TestMethodTestDescriptor.execute(TestMethodTestDescriptor.java:69)
	at org.junit.platform.engine.support.hierarchical.NodeTestTask.lambda$executeRecursively$6(NodeTestTask.java:151)
	at org.junit.platform.engine.support.hierarchical.ThrowableCollector.execute(ThrowableCollector.java:73)
	at org.junit.platform.engine.support.hierarchical.NodeTestTask.lambda$executeRecursively$8(NodeTestTask.java:141)
	at org.junit.platform.engine.support.hierarchical.Node.around(Node.java:137)
	at org.junit.platform.engine.support.hierarchical.NodeTestTask.lambda$executeRecursively$9(NodeTestTask.java:139)
	at org.junit.platform.engine.support.hierarchical.ThrowableCollector.execute(ThrowableCollector.java:73)
	at org.junit.platform.engine.support.hierarchical.NodeTestTask.executeRecursively(NodeTestTask.java:138)
	at org.junit.platform.engine.support.hierarchical.NodeTestTask.execute(NodeTestTask.java:95)
	at java.base/java.util.ArrayList.forEach(ArrayList.java:1596)
	at org.junit.platform.engine.support.hierarchical.SameThreadHierarchicalTestExecutorService.invokeAll(SameThreadHierarchicalTestExecutorService.java:41)
	at org.junit.platform.engine.support.hierarchical.NodeTestTask.lambda$executeRecursively$6(NodeTestTask.java:155)
	at org.junit.platform.engine.support.hierarchical.ThrowableCollector.execute(ThrowableCollector.java:73)
	at org.junit.platform.engine.support.hierarchical.NodeTestTask.lambda$executeRecursively$8(NodeTestTask.java:141)
	at org.junit.platform.engine.support.hierarchical.Node.around(Node.java:137)
	at org.junit.platform.engine.support.hierarchical.NodeTestTask.lambda$executeRecursively$9(NodeTestTask.java:139)
	at org.junit.platform.engine.support.hierarchical.ThrowableCollector.execute(ThrowableCollector.java:73)
	at org.junit.platform.engine.support.hierarchical.NodeTestTask.executeRecursively(NodeTestTask.java:138)
	at org.junit.platform.engine.support.hierarchical.NodeTestTask.execute(NodeTestTask.java:95)
	at java.base/java.util.ArrayList.forEach(ArrayList.java:1596)
	at org.junit.platform.engine.support.hierarchical.SameThreadHierarchicalTestExecutorService.invokeAll(SameThreadHierarchicalTestExecutorService.java:41)
	at org.junit.platform.engine.support.hierarchical.NodeTestTask.lambda$executeRecursively$6(NodeTestTask.java:155)
	at org.junit.platform.engine.support.hierarchical.ThrowableCollector.execute(ThrowableCollector.java:73)
	at org.junit.platform.engine.support.hierarchical.NodeTestTask.lambda$executeRecursively$8(NodeTestTask.java:141)
	at org.junit.platform.engine.support.hierarchical.Node.around(Node.java:137)
	at org.junit.platform.engine.support.hierarchical.NodeTestTask.lambda$executeRecursively$9(NodeTestTask.java:139)
	at org.junit.platform.engine.support.hierarchical.ThrowableCollector.execute(ThrowableCollector.java:73)
	at org.junit.platform.engine.support.hierarchical.NodeTestTask.executeRecursively(NodeTestTask.java:138)
	at org.junit.platform.engine.support.hierarchical.NodeTestTask.execute(NodeTestTask.java:95)
	at org.junit.platform.engine.support.hierarchical.SameThreadHierarchicalTestExecutorService.submit(SameThreadHierarchicalTestExecutorService.java:35)
	at org.junit.platform.engine.support.hierarchical.HierarchicalTestExecutor.execute(HierarchicalTestExecutor.java:57)
	at org.junit.platform.engine.support.hierarchical.HierarchicalTestEngine.execute(HierarchicalTestEngine.java:54)
	at org.junit.platform.launcher.core.EngineExecutionOrchestrator.execute(EngineExecutionOrchestrator.java:198)
	at org.junit.platform.launcher.core.EngineExecutionOrchestrator.execute(EngineExecutionOrchestrator.java:169)
	at org.junit.platform.launcher.core.EngineExecutionOrchestrator.execute(EngineExecutionOrchestrator.java:93)
	at org.junit.platform.launcher.core.EngineExecutionOrchestrator.lambda$execute$0(EngineExecutionOrchestrator.java:58)
	at org.junit.platform.launcher.core.EngineExecutionOrchestrator.withInterceptedStreams(EngineExecutionOrchestrator.java:141)
	at org.junit.platform.launcher.core.EngineExecutionOrchestrator.execute(EngineExecutionOrchestrator.java:57)
	at org.junit.platform.launcher.core.DefaultLauncher.execute(DefaultLauncher.java:103)
	at org.junit.platform.launcher.core.DefaultLauncher.execute(DefaultLauncher.java:85)
	at org.junit.platform.launcher.core.DelegatingLauncher.execute(DelegatingLauncher.java:47)
	at org.junit.platform.launcher.core.SessionPerRequestLauncher.execute(SessionPerRequestLauncher.java:63)
	at com.intellij.junit5.JUnit5IdeaTestRunner.startRunnerWithArgs(JUnit5IdeaTestRunner.java:57)
	at com.intellij.rt.junit.IdeaTestRunner$Repeater$1.execute(IdeaTestRunner.java:38)
	at com.intellij.rt.execution.junit.TestsRepeater.repeat(TestsRepeater.java:11)
	at com.intellij.rt.junit.IdeaTestRunner$Repeater.startRunnerWithArgs(IdeaTestRunner.java:35)
	at com.intellij.rt.junit.JUnitStarter.prepareStreamsAndStart(JUnitStarter.java:232)
	at com.intellij.rt.junit.JUnitStarter.main(JUnitStarter.java:55)
2025-02-28 15:33:01 [main] INFO  l.insoft.uztis.tests.utils.TestUtils - Screenshot moved to C:\Users\ingrida.zadorozniene\Desktop\Asm\UZTIS\UZTIS_tests\test-output\screenshots\20250228\153301050_testFillNewVUIApplicationFA().png
2025-02-28 15:41:51 [main] INFO  lt.insoft.uztis.tests.UztisPageTest - Navigated to https://uztisdev.asseco.lt/home
2025-02-28 15:41:51 [main] INFO  l.i.u.t.SubmittedApplicationsPageTest - Starting test:'testFillNewVUIPApplicationFA'
2025-02-28 15:41:52 [main] DEBUG l.i.u.t.SubmittedApplicationsPageTest - User logged in with test credentials.
2025-02-28 15:41:52 [main] DEBUG l.i.u.t.SubmittedApplicationsPageTest - Opened 'Application Processing' menu.
2025-02-28 15:41:52 [main] DEBUG l.i.u.t.SubmittedApplicationsPageTest - Clicked on 'Application Forms' menu.
2025-02-28 15:41:53 [main] DEBUG l.i.u.t.SubmittedApplicationsPageTest - Retrieved last description code text: 'TST-VUI-52'.
2025-02-28 15:41:53 [main] DEBUG l.i.u.t.SubmittedApplicationsPageTest - Clicked on 'Invitation' menu.
2025-02-28 15:41:54 [main] DEBUG l.i.u.t.SubmittedApplicationsPageTest - Selected application section by code: 'TST-VUI-52'.
2025-02-28 15:41:54 [main] DEBUG l.i.u.t.SubmittedApplicationsPageTest - Clicked 'Search' button.
2025-02-28 15:41:54 [main] DEBUG l.i.u.t.SubmittedApplicationsPageTest - Retrieved invitation code: ''.
2025-02-28 15:41:54 [main] DEBUG l.i.u.t.SubmittedApplicationsPageTest - Clicked on 'Submitted Applications' menu.
2025-02-28 15:41:56 [main] DEBUG l.i.u.t.SubmittedApplicationsPageTest - Selected invitation by code: 'TST-VUI-52'.
2025-02-28 15:41:56 [main] DEBUG l.i.u.t.SubmittedApplicationsPageTest - Invitation code inserted.
2025-02-28 15:41:56 [main] DEBUG l.i.u.t.SubmittedApplicationsPageTest - Clicked on 'Action Application' button.
2025-02-28 15:41:56 [main] DEBUG l.i.u.t.SubmittedApplicationsPageTest - Clicked on 'New Application' button.
2025-02-28 15:41:56 [main] DEBUG l.i.u.t.SubmittedApplicationsPageTest - Selected the 'RadioButtonFA' option.
2025-02-28 15:41:57 [main] DEBUG l.i.u.t.SubmittedApplicationsPageTest - Entered phone number: '61298745'.
2025-02-28 15:41:57 [main] DEBUG l.i.u.t.SubmittedApplicationsPageTest - Entered email: 'test@autotest.com'.
2025-02-28 15:41:57 [main] INFO  l.i.u.p.SubmittedApplicationsPage - Clicking on the dropdown button.
2025-02-28 15:42:14 [main] INFO  l.i.u.p.SubmittedApplicationsPage - Found 1741 options in the dropdown.
2025-02-28 15:42:14 [main] DEBUG l.i.u.p.SubmittedApplicationsPage - Checking option: ''
2025-02-28 15:42:14 [main] DEBUG l.i.u.p.SubmittedApplicationsPage - Checking option: '01.11 - Grūdinių (išskyrus ryžius), ankštinių ir aliejingų sėklų augalų auginimas'
2025-02-28 15:42:14 [main] INFO  l.i.u.p.SubmittedApplicationsPage - Successfully selected the value: '01.11 - Grūdinių (išskyrus ryžius), ankštinių ir aliejingų sėklų augalų auginimas'
2025-02-28 15:42:14 [main] INFO  l.i.u.p.SubmittedApplicationsPage - Attempting to close the dropdown.
2025-02-28 15:42:24 [main] INFO  l.i.u.p.SubmittedApplicationsPage - Dropdown should be closed now.
2025-02-28 15:42:24 [main] DEBUG l.i.u.t.SubmittedApplicationsPageTest - Selected EVRK value: '01.11 - Grūdinių (išskyrus ryžius), ankštinių ir aliejingų sėklų augalų auginimas'.
2025-02-28 15:42:25 [main] DEBUG l.i.u.t.SubmittedApplicationsPageTest - Entered project date.
2025-02-28 15:42:25 [main] DEBUG l.i.u.t.SubmittedApplicationsPageTest - Entered job count: '1'.
2025-02-28 15:42:25 [main] DEBUG l.i.u.t.SubmittedApplicationsPageTest - Clicked on 'Address Component' button.
2025-02-28 15:42:25 [main] INFO  l.i.u.p.SubmittedApplicationsPage - Located the dropdown button.
2025-02-28 15:42:27 [main] INFO  l.i.u.p.SubmittedApplicationsPage - Successfully selected the value: 'Lietuva'
2025-02-28 15:42:28 [main] DEBUG l.i.u.t.SubmittedApplicationsPageTest - Selected country: 'Lietuva'.
2025-02-28 15:42:28 [main] INFO  l.i.u.p.SubmittedApplicationsPage - Located the dropdown button.
2025-02-28 15:42:28 [main] WARN  l.i.u.p.SubmittedApplicationsPage - Dropdown value 'Vilnius' not found.
2025-02-28 15:42:39 [main] ERROR l.i.u.t.SubmittedApplicationsPageTest - Test 'testFillNewVUIApplicationFA' failed with error: invalid session id: session deleted as the browser has closed the connection
from disconnected: not connected to DevTools
  (Session info: chrome=133.0.6943.142)
Build info: version: '4.27.0', revision: 'd6e718d134'
System info: os.name: 'Windows 11', os.arch: 'amd64', os.version: '10.0', java.version: '21.0.3'
Driver info: org.openqa.selenium.chrome.ChromeDriver
Command: [d6f9af730b5576bd5cd4a9541935035a, findElement {value=//mat-label[contains(text(), 'Miestas')]/ancestor::mat-form-field, using=xpath}]
Capabilities {acceptInsecureCerts: false, browserName: chrome, browserVersion: 133.0.6943.142, chrome: {chromedriverVersion: 133.0.6943.141 (2a5d6da0d61..., userDataDir: C:\Users\INGRID~1.ZAD\AppDa...}, fedcm:accounts: true, goog:chromeOptions: {debuggerAddress: localhost:61720}, networkConnectionEnabled: false, pageLoadStrategy: normal, platformName: windows, proxy: Proxy(), se:cdp: ws://localhost:61720/devtoo..., se:cdpVersion: 133.0.6943.142, setWindowRect: true, strictFileInteractability: false, timeouts: {implicit: 0, pageLoad: 300000, script: 30000}, unhandledPromptBehavior: dismiss and notify, webauthn:extension:credBlob: true, webauthn:extension:largeBlob: true, webauthn:extension:minPinLength: true, webauthn:extension:prf: true, webauthn:virtualAuthenticators: true}
Session ID: d6f9af730b5576bd5cd4a9541935035a
org.openqa.selenium.NoSuchSessionException: invalid session id: session deleted as the browser has closed the connection
from disconnected: not connected to DevTools
  (Session info: chrome=133.0.6943.142)
Build info: version: '4.27.0', revision: 'd6e718d134'
System info: os.name: 'Windows 11', os.arch: 'amd64', os.version: '10.0', java.version: '21.0.3'
Driver info: org.openqa.selenium.chrome.ChromeDriver
Command: [d6f9af730b5576bd5cd4a9541935035a, findElement {value=//mat-label[contains(text(), 'Miestas')]/ancestor::mat-form-field, using=xpath}]
Capabilities {acceptInsecureCerts: false, browserName: chrome, browserVersion: 133.0.6943.142, chrome: {chromedriverVersion: 133.0.6943.141 (2a5d6da0d61..., userDataDir: C:\Users\INGRID~1.ZAD\AppDa...}, fedcm:accounts: true, goog:chromeOptions: {debuggerAddress: localhost:61720}, networkConnectionEnabled: false, pageLoadStrategy: normal, platformName: windows, proxy: Proxy(), se:cdp: ws://localhost:61720/devtoo..., se:cdpVersion: 133.0.6943.142, setWindowRect: true, strictFileInteractability: false, timeouts: {implicit: 0, pageLoad: 300000, script: 30000}, unhandledPromptBehavior: dismiss and notify, webauthn:extension:credBlob: true, webauthn:extension:largeBlob: true, webauthn:extension:minPinLength: true, webauthn:extension:prf: true, webauthn:virtualAuthenticators: true}
Session ID: d6f9af730b5576bd5cd4a9541935035a
	at java.base/jdk.internal.reflect.DirectConstructorHandleAccessor.newInstance(DirectConstructorHandleAccessor.java:62)
	at java.base/java.lang.reflect.Constructor.newInstanceWithCaller(Constructor.java:502)
	at java.base/java.lang.reflect.Constructor.newInstance(Constructor.java:486)
	at org.openqa.selenium.remote.ErrorCodec.decode(ErrorCodec.java:167)
	at org.openqa.selenium.remote.codec.w3c.W3CHttpResponseCodec.decode(W3CHttpResponseCodec.java:138)
	at org.openqa.selenium.remote.codec.w3c.W3CHttpResponseCodec.decode(W3CHttpResponseCodec.java:50)
	at org.openqa.selenium.remote.HttpCommandExecutor.execute(HttpCommandExecutor.java:190)
	at org.openqa.selenium.remote.service.DriverCommandExecutor.invokeExecute(DriverCommandExecutor.java:216)
	at org.openqa.selenium.remote.service.DriverCommandExecutor.execute(DriverCommandExecutor.java:174)
	at org.openqa.selenium.remote.RemoteWebDriver.execute(RemoteWebDriver.java:545)
	at org.openqa.selenium.remote.ElementLocation$ElementFinder$2.findElement(ElementLocation.java:165)
	at org.openqa.selenium.remote.ElementLocation.findElement(ElementLocation.java:59)
	at org.openqa.selenium.remote.RemoteWebDriver.findElement(RemoteWebDriver.java:368)
	at org.openqa.selenium.remote.RemoteWebDriver.findElement(RemoteWebDriver.java:362)
	at org.openqa.selenium.support.pagefactory.DefaultElementLocator.findElement(DefaultElementLocator.java:68)
	at org.openqa.selenium.support.pagefactory.internal.LocatingElementHandler.invoke(LocatingElementHandler.java:38)
	at jdk.proxy2/jdk.proxy2.$Proxy14.getAttribute(Unknown Source)
	at org.openqa.selenium.support.ui.ExpectedConditions$39.apply(ExpectedConditions.java:1094)
	at org.openqa.selenium.support.ui.ExpectedConditions$39.apply(ExpectedConditions.java:1089)
	at org.openqa.selenium.support.ui.FluentWait.until(FluentWait.java:203)
	at lt.insoft.uztis.pages.SubmittedApplicationsPage.selectDropdownAddressCity(SubmittedApplicationsPage.java:781)
	at lt.insoft.uztis.tests.SubmittedApplicationsPageTest.testFillNewVUIApplicationFA(SubmittedApplicationsPageTest.java:195)
	at java.base/jdk.internal.reflect.DirectMethodHandleAccessor.invoke(DirectMethodHandleAccessor.java:103)
	at java.base/java.lang.reflect.Method.invoke(Method.java:580)
	at org.junit.platform.commons.util.ReflectionUtils.invokeMethod(ReflectionUtils.java:728)
	at org.junit.jupiter.engine.execution.MethodInvocation.proceed(MethodInvocation.java:60)
	at org.junit.jupiter.engine.execution.InvocationInterceptorChain$ValidatingInvocation.proceed(InvocationInterceptorChain.java:131)
	at org.junit.jupiter.engine.extension.TimeoutExtension.intercept(TimeoutExtension.java:156)
	at org.junit.jupiter.engine.extension.TimeoutExtension.interceptTestableMethod(TimeoutExtension.java:147)
	at org.junit.jupiter.engine.extension.TimeoutExtension.interceptTestMethod(TimeoutExtension.java:86)
	at org.junit.jupiter.engine.execution.InterceptingExecutableInvoker$ReflectiveInterceptorCall.lambda$ofVoidMethod$0(InterceptingExecutableInvoker.java:103)
	at org.junit.jupiter.engine.execution.InterceptingExecutableInvoker.lambda$invoke$0(InterceptingExecutableInvoker.java:93)
	at org.junit.jupiter.engine.execution.InvocationInterceptorChain$InterceptedInvocation.proceed(InvocationInterceptorChain.java:106)
	at org.junit.jupiter.engine.execution.InvocationInterceptorChain.proceed(InvocationInterceptorChain.java:64)
	at org.junit.jupiter.engine.execution.InvocationInterceptorChain.chainAndInvoke(InvocationInterceptorChain.java:45)
	at org.junit.jupiter.engine.execution.InvocationInterceptorChain.invoke(InvocationInterceptorChain.java:37)
	at org.junit.jupiter.engine.execution.InterceptingExecutableInvoker.invoke(InterceptingExecutableInvoker.java:92)
	at org.junit.jupiter.engine.execution.InterceptingExecutableInvoker.invoke(InterceptingExecutableInvoker.java:86)
	at org.junit.jupiter.engine.descriptor.TestMethodTestDescriptor.lambda$invokeTestMethod$7(TestMethodTestDescriptor.java:218)
	at org.junit.platform.engine.support.hierarchical.ThrowableCollector.execute(ThrowableCollector.java:73)
	at org.junit.jupiter.engine.descriptor.TestMethodTestDescriptor.invokeTestMethod(TestMethodTestDescriptor.java:214)
	at org.junit.jupiter.engine.descriptor.TestMethodTestDescriptor.execute(TestMethodTestDescriptor.java:139)
	at org.junit.jupiter.engine.descriptor.TestMethodTestDescriptor.execute(TestMethodTestDescriptor.java:69)
	at org.junit.platform.engine.support.hierarchical.NodeTestTask.lambda$executeRecursively$6(NodeTestTask.java:151)
	at org.junit.platform.engine.support.hierarchical.ThrowableCollector.execute(ThrowableCollector.java:73)
	at org.junit.platform.engine.support.hierarchical.NodeTestTask.lambda$executeRecursively$8(NodeTestTask.java:141)
	at org.junit.platform.engine.support.hierarchical.Node.around(Node.java:137)
	at org.junit.platform.engine.support.hierarchical.NodeTestTask.lambda$executeRecursively$9(NodeTestTask.java:139)
	at org.junit.platform.engine.support.hierarchical.ThrowableCollector.execute(ThrowableCollector.java:73)
	at org.junit.platform.engine.support.hierarchical.NodeTestTask.executeRecursively(NodeTestTask.java:138)
	at org.junit.platform.engine.support.hierarchical.NodeTestTask.execute(NodeTestTask.java:95)
	at java.base/java.util.ArrayList.forEach(ArrayList.java:1596)
	at org.junit.platform.engine.support.hierarchical.SameThreadHierarchicalTestExecutorService.invokeAll(SameThreadHierarchicalTestExecutorService.java:41)
	at org.junit.platform.engine.support.hierarchical.NodeTestTask.lambda$executeRecursively$6(NodeTestTask.java:155)
	at org.junit.platform.engine.support.hierarchical.ThrowableCollector.execute(ThrowableCollector.java:73)
	at org.junit.platform.engine.support.hierarchical.NodeTestTask.lambda$executeRecursively$8(NodeTestTask.java:141)
	at org.junit.platform.engine.support.hierarchical.Node.around(Node.java:137)
	at org.junit.platform.engine.support.hierarchical.NodeTestTask.lambda$executeRecursively$9(NodeTestTask.java:139)
	at org.junit.platform.engine.support.hierarchical.ThrowableCollector.execute(ThrowableCollector.java:73)
	at org.junit.platform.engine.support.hierarchical.NodeTestTask.executeRecursively(NodeTestTask.java:138)
	at org.junit.platform.engine.support.hierarchical.NodeTestTask.execute(NodeTestTask.java:95)
	at java.base/java.util.ArrayList.forEach(ArrayList.java:1596)
	at org.junit.platform.engine.support.hierarchical.SameThreadHierarchicalTestExecutorService.invokeAll(SameThreadHierarchicalTestExecutorService.java:41)
	at org.junit.platform.engine.support.hierarchical.NodeTestTask.lambda$executeRecursively$6(NodeTestTask.java:155)
	at org.junit.platform.engine.support.hierarchical.ThrowableCollector.execute(ThrowableCollector.java:73)
	at org.junit.platform.engine.support.hierarchical.NodeTestTask.lambda$executeRecursively$8(NodeTestTask.java:141)
	at org.junit.platform.engine.support.hierarchical.Node.around(Node.java:137)
	at org.junit.platform.engine.support.hierarchical.NodeTestTask.lambda$executeRecursively$9(NodeTestTask.java:139)
	at org.junit.platform.engine.support.hierarchical.ThrowableCollector.execute(ThrowableCollector.java:73)
	at org.junit.platform.engine.support.hierarchical.NodeTestTask.executeRecursively(NodeTestTask.java:138)
	at org.junit.platform.engine.support.hierarchical.NodeTestTask.execute(NodeTestTask.java:95)
	at org.junit.platform.engine.support.hierarchical.SameThreadHierarchicalTestExecutorService.submit(SameThreadHierarchicalTestExecutorService.java:35)
	at org.junit.platform.engine.support.hierarchical.HierarchicalTestExecutor.execute(HierarchicalTestExecutor.java:57)
	at org.junit.platform.engine.support.hierarchical.HierarchicalTestEngine.execute(HierarchicalTestEngine.java:54)
	at org.junit.platform.launcher.core.EngineExecutionOrchestrator.execute(EngineExecutionOrchestrator.java:198)
	at org.junit.platform.launcher.core.EngineExecutionOrchestrator.execute(EngineExecutionOrchestrator.java:169)
	at org.junit.platform.launcher.core.EngineExecutionOrchestrator.execute(EngineExecutionOrchestrator.java:93)
	at org.junit.platform.launcher.core.EngineExecutionOrchestrator.lambda$execute$0(EngineExecutionOrchestrator.java:58)
	at org.junit.platform.launcher.core.EngineExecutionOrchestrator.withInterceptedStreams(EngineExecutionOrchestrator.java:141)
	at org.junit.platform.launcher.core.EngineExecutionOrchestrator.execute(EngineExecutionOrchestrator.java:57)
	at org.junit.platform.launcher.core.DefaultLauncher.execute(DefaultLauncher.java:103)
	at org.junit.platform.launcher.core.DefaultLauncher.execute(DefaultLauncher.java:85)
	at org.junit.platform.launcher.core.DelegatingLauncher.execute(DelegatingLauncher.java:47)
	at org.junit.platform.launcher.core.SessionPerRequestLauncher.execute(SessionPerRequestLauncher.java:63)
	at com.intellij.junit5.JUnit5IdeaTestRunner.startRunnerWithArgs(JUnit5IdeaTestRunner.java:57)
	at com.intellij.rt.junit.IdeaTestRunner$Repeater$1.execute(IdeaTestRunner.java:38)
	at com.intellij.rt.execution.junit.TestsRepeater.repeat(TestsRepeater.java:11)
	at com.intellij.rt.junit.IdeaTestRunner$Repeater.startRunnerWithArgs(IdeaTestRunner.java:35)
	at com.intellij.rt.junit.JUnitStarter.prepareStreamsAndStart(JUnitStarter.java:232)
	at com.intellij.rt.junit.JUnitStarter.main(JUnitStarter.java:55)
2025-03-03 07:27:22 [main] INFO  lt.insoft.uztis.tests.UztisPageTest - Navigated to https://uztisdev.asseco.lt/home
2025-03-03 07:27:22 [main] INFO  l.i.u.t.SubmittedApplicationsPageTest - Starting test:'testFillNewVUIPApplicationFA'
2025-03-03 07:27:23 [main] DEBUG l.i.u.t.SubmittedApplicationsPageTest - User logged in with test credentials.
2025-03-03 07:27:23 [main] DEBUG l.i.u.t.SubmittedApplicationsPageTest - Opened 'Application Processing' menu.
2025-03-03 07:27:23 [main] DEBUG l.i.u.t.SubmittedApplicationsPageTest - Clicked on 'Application Forms' menu.
2025-03-03 07:27:23 [main] DEBUG l.i.u.t.SubmittedApplicationsPageTest - Retrieved last description code text: 'TST-VUI-52'.
2025-03-03 07:27:24 [main] DEBUG l.i.u.t.SubmittedApplicationsPageTest - Clicked on 'Invitation' menu.
2025-03-03 07:27:25 [main] DEBUG l.i.u.t.SubmittedApplicationsPageTest - Selected application section by code: 'TST-VUI-52'.
2025-03-03 07:27:25 [main] DEBUG l.i.u.t.SubmittedApplicationsPageTest - Clicked 'Search' button.
2025-03-03 07:27:25 [main] DEBUG l.i.u.t.SubmittedApplicationsPageTest - Retrieved invitation code: ''.
2025-03-03 07:27:25 [main] DEBUG l.i.u.t.SubmittedApplicationsPageTest - Clicked on 'Submitted Applications' menu.
2025-03-03 07:27:26 [main] DEBUG l.i.u.t.SubmittedApplicationsPageTest - Selected invitation by code: 'TST-VUI-52'.
2025-03-03 07:27:26 [main] DEBUG l.i.u.t.SubmittedApplicationsPageTest - Invitation code inserted.
2025-03-03 07:27:26 [main] DEBUG l.i.u.t.SubmittedApplicationsPageTest - Clicked on 'Action Application' button.
2025-03-03 07:27:26 [main] DEBUG l.i.u.t.SubmittedApplicationsPageTest - Clicked on 'New Application' button.
2025-03-03 07:27:27 [main] DEBUG l.i.u.t.SubmittedApplicationsPageTest - Selected the 'RadioButtonFA' option.
2025-03-03 07:27:27 [main] DEBUG l.i.u.t.SubmittedApplicationsPageTest - Entered phone number: '61298745'.
2025-03-03 07:27:27 [main] DEBUG l.i.u.t.SubmittedApplicationsPageTest - Entered email: 'test@autotest.com'.
2025-03-03 07:27:27 [main] INFO  l.i.u.p.SubmittedApplicationsPage - Clicking on the dropdown button.
2025-03-03 07:27:43 [main] INFO  l.i.u.p.SubmittedApplicationsPage - Found 1741 options in the dropdown.
2025-03-03 07:27:43 [main] DEBUG l.i.u.p.SubmittedApplicationsPage - Checking option: ''
2025-03-03 07:27:43 [main] DEBUG l.i.u.p.SubmittedApplicationsPage - Checking option: '01.11 - Grūdinių (išskyrus ryžius), ankštinių ir aliejingų sėklų augalų auginimas'
2025-03-03 07:27:43 [main] INFO  l.i.u.p.SubmittedApplicationsPage - Successfully selected the value: '01.11 - Grūdinių (išskyrus ryžius), ankštinių ir aliejingų sėklų augalų auginimas'
2025-03-03 07:27:43 [main] INFO  l.i.u.p.SubmittedApplicationsPage - Attempting to close the dropdown.
2025-03-03 07:27:54 [main] INFO  l.i.u.p.SubmittedApplicationsPage - Dropdown should be closed now.
2025-03-03 07:27:54 [main] DEBUG l.i.u.t.SubmittedApplicationsPageTest - Selected EVRK value: '01.11 - Grūdinių (išskyrus ryžius), ankštinių ir aliejingų sėklų augalų auginimas'.
2025-03-03 07:27:54 [main] DEBUG l.i.u.t.SubmittedApplicationsPageTest - Entered project date.
2025-03-03 07:27:54 [main] DEBUG l.i.u.t.SubmittedApplicationsPageTest - Entered job count: '1'.
2025-03-03 07:27:54 [main] DEBUG l.i.u.t.SubmittedApplicationsPageTest - Clicked on 'Address Component' button.
2025-03-03 07:27:54 [main] INFO  l.i.u.p.SubmittedApplicationsPage - Located the dropdown button.
2025-03-03 07:27:57 [main] INFO  l.i.u.p.SubmittedApplicationsPage - Successfully selected the value: 'Lietuva'
2025-03-03 07:27:57 [main] DEBUG l.i.u.t.SubmittedApplicationsPageTest - Selected country: 'Lietuva'.
2025-03-03 07:27:57 [main] INFO  l.i.u.p.SubmittedApplicationsPage - Located the dropdown button.
2025-03-03 07:28:29 [main] ERROR l.i.u.p.SubmittedApplicationsPage - Failed to select dropdown option: Expected condition failed: waiting for visibility of all elements located by By.xpath: //div[contains(@class, 'addr-option')]/span[@class='area-center'] (tried for 30 second(s) with 500 milliseconds interval)
Build info: version: '4.27.0', revision: 'd6e718d134'
System info: os.name: 'Windows 11', os.arch: 'amd64', os.version: '10.0', java.version: '21.0.3'
Driver info: org.openqa.selenium.chrome.ChromeDriver
Capabilities {acceptInsecureCerts: false, browserName: chrome, browserVersion: 133.0.6943.142, chrome: {chromedriverVersion: 133.0.6943.141 (2a5d6da0d61..., userDataDir: C:\Users\INGRID~1.ZAD\AppDa...}, fedcm:accounts: true, goog:chromeOptions: {debuggerAddress: localhost:58954}, networkConnectionEnabled: false, pageLoadStrategy: normal, platformName: windows, proxy: Proxy(), se:cdp: ws://localhost:58954/devtoo..., se:cdpVersion: 133.0.6943.142, setWindowRect: true, strictFileInteractability: false, timeouts: {implicit: 0, pageLoad: 300000, script: 30000}, unhandledPromptBehavior: dismiss and notify, webauthn:extension:credBlob: true, webauthn:extension:largeBlob: true, webauthn:extension:minPinLength: true, webauthn:extension:prf: true, webauthn:virtualAuthenticators: true}
Session ID: 55668d4543a3e41640fc20990ad5c97d
2025-03-03 07:28:59 [main] ERROR l.i.u.p.SubmittedApplicationsPage - Timeout while waiting for dropdown to close with aria-expanded = 'false'.
2025-03-03 07:28:59 [main] DEBUG l.i.u.t.SubmittedApplicationsPageTest - Selected city: 'Vilnius'.
2025-03-03 07:28:59 [main] INFO  l.i.u.p.SubmittedApplicationsPage - Located the dropdown button.
2025-03-03 07:29:00 [main] ERROR l.i.u.p.SubmittedApplicationsPage - Dropdown button click failed: element click intercepted: Element <mat-select role="combobox" aria-haspopup="listbox" class="mat-mdc-select primary-control ng-tns-c1073613477-42 mat-mdc-select-required mat-mdc-select-empty ng-untouched ng-pristine ng-invalid ng-star-inserted" aria-labelledby="mat-select-value-10" id="mat-select-10" tabindex="0" aria-expanded="false" aria-required="true" aria-disabled="false" aria-invalid="false" required="">...</mat-select> is not clickable at point (960, 503). Other element would receive the click: <mat-option role="option" class="mat-mdc-option mdc-list-item mat-mdc-option-active ng-tns-c1073613477-40 ng-star-inserted" id="mat-option-1265" aria-selected="false" aria-disabled="false" style="">...</mat-option>
  (Session info: chrome=133.0.6943.142)
Build info: version: '4.27.0', revision: 'd6e718d134'
System info: os.name: 'Windows 11', os.arch: 'amd64', os.version: '10.0', java.version: '21.0.3'
Driver info: org.openqa.selenium.chrome.ChromeDriver
Command: [55668d4543a3e41640fc20990ad5c97d, clickElement {id=f.8A7145D1027FE79E37D866019787F51F.d.A0830292D85F6F05E912A85C0F6D299C.e.2303}]
Capabilities {acceptInsecureCerts: false, browserName: chrome, browserVersion: 133.0.6943.142, chrome: {chromedriverVersion: 133.0.6943.141 (2a5d6da0d61..., userDataDir: C:\Users\INGRID~1.ZAD\AppDa...}, fedcm:accounts: true, goog:chromeOptions: {debuggerAddress: localhost:58954}, networkConnectionEnabled: false, pageLoadStrategy: normal, platformName: windows, proxy: Proxy(), se:cdp: ws://localhost:58954/devtoo..., se:cdpVersion: 133.0.6943.142, setWindowRect: true, strictFileInteractability: false, timeouts: {implicit: 0, pageLoad: 300000, script: 30000}, unhandledPromptBehavior: dismiss and notify, webauthn:extension:credBlob: true, webauthn:extension:largeBlob: true, webauthn:extension:minPinLength: true, webauthn:extension:prf: true, webauthn:virtualAuthenticators: true}
Element: [[ChromeDriver: chrome on windows (55668d4543a3e41640fc20990ad5c97d)] -> xpath: //mat-label[contains(text(), 'Gatvė')]/following::mat-select[1]]
Session ID: 55668d4543a3e41640fc20990ad5c97d
2025-03-03 07:29:00 [main] WARN  l.i.u.p.SubmittedApplicationsPage - Dropdown value 'V. Grybo g.' not found.
2025-03-03 07:29:00 [main] DEBUG l.i.u.t.SubmittedApplicationsPageTest - Selected street: 'V. Grybo g.'.
2025-03-03 07:29:00 [main] INFO  l.i.u.p.SubmittedApplicationsPage - Located the dropdown button.
2025-03-03 07:29:01 [main] ERROR l.i.u.p.SubmittedApplicationsPage - Dropdown button click failed: element click intercepted: Element <mat-select role="combobox" aria-haspopup="listbox" class="mat-mdc-select primary-control ng-tns-c1073613477-44 mat-mdc-select-required mat-mdc-select-empty ng-untouched ng-pristine ng-invalid ng-star-inserted" aria-labelledby="mat-select-value-11" id="mat-select-11" tabindex="0" aria-expanded="false" aria-required="true" aria-disabled="false" aria-invalid="false" required="">...</mat-select> is not clickable at point (960, 559). Other element would receive the click: <mat-option role="option" class="mat-mdc-option mdc-list-item ng-tns-c1073613477-40 ng-star-inserted" id="mat-option-1266" aria-selected="false" aria-disabled="false" style="">...</mat-option>
  (Session info: chrome=133.0.6943.142)
Build info: version: '4.27.0', revision: 'd6e718d134'
System info: os.name: 'Windows 11', os.arch: 'amd64', os.version: '10.0', java.version: '21.0.3'
Driver info: org.openqa.selenium.chrome.ChromeDriver
Command: [55668d4543a3e41640fc20990ad5c97d, clickElement {id=f.8A7145D1027FE79E37D866019787F51F.d.A0830292D85F6F05E912A85C0F6D299C.e.2315}]
Capabilities {acceptInsecureCerts: false, browserName: chrome, browserVersion: 133.0.6943.142, chrome: {chromedriverVersion: 133.0.6943.141 (2a5d6da0d61..., userDataDir: C:\Users\INGRID~1.ZAD\AppDa...}, fedcm:accounts: true, goog:chromeOptions: {debuggerAddress: localhost:58954}, networkConnectionEnabled: false, pageLoadStrategy: normal, platformName: windows, proxy: Proxy(), se:cdp: ws://localhost:58954/devtoo..., se:cdpVersion: 133.0.6943.142, setWindowRect: true, strictFileInteractability: false, timeouts: {implicit: 0, pageLoad: 300000, script: 30000}, unhandledPromptBehavior: dismiss and notify, webauthn:extension:credBlob: true, webauthn:extension:largeBlob: true, webauthn:extension:minPinLength: true, webauthn:extension:prf: true, webauthn:virtualAuthenticators: true}
Element: [[ChromeDriver: chrome on windows (55668d4543a3e41640fc20990ad5c97d)] -> xpath: //mat-label[contains(text(), 'Namo Nr.')]/following::mat-select[1]]
Session ID: 55668d4543a3e41640fc20990ad5c97d
2025-03-03 07:29:02 [main] WARN  l.i.u.p.SubmittedApplicationsPage - Dropdown value '1' not found.
2025-03-03 07:29:02 [main] DEBUG l.i.u.t.SubmittedApplicationsPageTest - Selected house: '1'.
2025-03-03 07:29:02 [main] INFO  l.i.u.p.SubmittedApplicationsPage - Located the dropdown button.
2025-03-03 07:29:03 [main] ERROR l.i.u.p.SubmittedApplicationsPage - Dropdown button click failed: element click intercepted: Element <mat-select role="combobox" aria-haspopup="listbox" class="mat-mdc-select primary-control ng-tns-c1073613477-46 mat-mdc-select-empty ng-untouched ng-pristine ng-valid ng-star-inserted" aria-labelledby="mat-select-value-12" id="mat-select-12" tabindex="0" aria-expanded="false" aria-required="false" aria-disabled="false" aria-invalid="false">...</mat-select> is not clickable at point (960, 615). Other element would receive the click: <mat-option role="option" class="mat-mdc-option mdc-list-item ng-tns-c1073613477-40 ng-star-inserted" id="mat-option-1267" aria-selected="false" aria-disabled="false" style="">...</mat-option>
  (Session info: chrome=133.0.6943.142)
Build info: version: '4.27.0', revision: 'd6e718d134'
System info: os.name: 'Windows 11', os.arch: 'amd64', os.version: '10.0', java.version: '21.0.3'
Driver info: org.openqa.selenium.chrome.ChromeDriver
Command: [55668d4543a3e41640fc20990ad5c97d, clickElement {id=f.8A7145D1027FE79E37D866019787F51F.d.A0830292D85F6F05E912A85C0F6D299C.e.2316}]
Capabilities {acceptInsecureCerts: false, browserName: chrome, browserVersion: 133.0.6943.142, chrome: {chromedriverVersion: 133.0.6943.141 (2a5d6da0d61..., userDataDir: C:\Users\INGRID~1.ZAD\AppDa...}, fedcm:accounts: true, goog:chromeOptions: {debuggerAddress: localhost:58954}, networkConnectionEnabled: false, pageLoadStrategy: normal, platformName: windows, proxy: Proxy(), se:cdp: ws://localhost:58954/devtoo..., se:cdpVersion: 133.0.6943.142, setWindowRect: true, strictFileInteractability: false, timeouts: {implicit: 0, pageLoad: 300000, script: 30000}, unhandledPromptBehavior: dismiss and notify, webauthn:extension:credBlob: true, webauthn:extension:largeBlob: true, webauthn:extension:minPinLength: true, webauthn:extension:prf: true, webauthn:virtualAuthenticators: true}
Element: [[ChromeDriver: chrome on windows (55668d4543a3e41640fc20990ad5c97d)] -> xpath: //mat-label[contains(text(), 'Buto / patalpos Nr.')]/following::mat-select[1]]
Session ID: 55668d4543a3e41640fc20990ad5c97d
2025-03-03 07:29:03 [main] WARN  l.i.u.p.SubmittedApplicationsPage - Dropdown value '1' not found.
2025-03-03 07:29:03 [main] DEBUG l.i.u.t.SubmittedApplicationsPageTest - Selected apartment: '1'.
2025-03-03 07:29:04 [main] ERROR l.i.u.t.SubmittedApplicationsPageTest - Test 'testFillNewVUIApplicationFA' failed with error: element click intercepted: Element <button type="button" class="i-forms-stepper-button i-forms-stepper-button-next">...</button> is not clickable at point (1823, 992). Other element would receive the click: <div class="cdk-overlay-backdrop cdk-overlay-transparent-backdrop cdk-overlay-backdrop-showing"></div>
  (Session info: chrome=133.0.6943.142)
Build info: version: '4.27.0', revision: 'd6e718d134'
System info: os.name: 'Windows 11', os.arch: 'amd64', os.version: '10.0', java.version: '21.0.3'
Driver info: org.openqa.selenium.chrome.ChromeDriver
Command: [55668d4543a3e41640fc20990ad5c97d, clickElement {id=f.8A7145D1027FE79E37D866019787F51F.d.A0830292D85F6F05E912A85C0F6D299C.e.2034}]
Capabilities {acceptInsecureCerts: false, browserName: chrome, browserVersion: 133.0.6943.142, chrome: {chromedriverVersion: 133.0.6943.141 (2a5d6da0d61..., userDataDir: C:\Users\INGRID~1.ZAD\AppDa...}, fedcm:accounts: true, goog:chromeOptions: {debuggerAddress: localhost:58954}, networkConnectionEnabled: false, pageLoadStrategy: normal, platformName: windows, proxy: Proxy(), se:cdp: ws://localhost:58954/devtoo..., se:cdpVersion: 133.0.6943.142, setWindowRect: true, strictFileInteractability: false, timeouts: {implicit: 0, pageLoad: 300000, script: 30000}, unhandledPromptBehavior: dismiss and notify, webauthn:extension:credBlob: true, webauthn:extension:largeBlob: true, webauthn:extension:minPinLength: true, webauthn:extension:prf: true, webauthn:virtualAuthenticators: true}
Element: [[ChromeDriver: chrome on windows (55668d4543a3e41640fc20990ad5c97d)] -> xpath: //button[contains(@class, 'i-forms-stepper-button-next') and normalize-space(text())='Toliau']]
Session ID: 55668d4543a3e41640fc20990ad5c97d
org.openqa.selenium.ElementClickInterceptedException: element click intercepted: Element <button type="button" class="i-forms-stepper-button i-forms-stepper-button-next">...</button> is not clickable at point (1823, 992). Other element would receive the click: <div class="cdk-overlay-backdrop cdk-overlay-transparent-backdrop cdk-overlay-backdrop-showing"></div>
  (Session info: chrome=133.0.6943.142)
Build info: version: '4.27.0', revision: 'd6e718d134'
System info: os.name: 'Windows 11', os.arch: 'amd64', os.version: '10.0', java.version: '21.0.3'
Driver info: org.openqa.selenium.chrome.ChromeDriver
Command: [55668d4543a3e41640fc20990ad5c97d, clickElement {id=f.8A7145D1027FE79E37D866019787F51F.d.A0830292D85F6F05E912A85C0F6D299C.e.2034}]
Capabilities {acceptInsecureCerts: false, browserName: chrome, browserVersion: 133.0.6943.142, chrome: {chromedriverVersion: 133.0.6943.141 (2a5d6da0d61..., userDataDir: C:\Users\INGRID~1.ZAD\AppDa...}, fedcm:accounts: true, goog:chromeOptions: {debuggerAddress: localhost:58954}, networkConnectionEnabled: false, pageLoadStrategy: normal, platformName: windows, proxy: Proxy(), se:cdp: ws://localhost:58954/devtoo..., se:cdpVersion: 133.0.6943.142, setWindowRect: true, strictFileInteractability: false, timeouts: {implicit: 0, pageLoad: 300000, script: 30000}, unhandledPromptBehavior: dismiss and notify, webauthn:extension:credBlob: true, webauthn:extension:largeBlob: true, webauthn:extension:minPinLength: true, webauthn:extension:prf: true, webauthn:virtualAuthenticators: true}
Element: [[ChromeDriver: chrome on windows (55668d4543a3e41640fc20990ad5c97d)] -> xpath: //button[contains(@class, 'i-forms-stepper-button-next') and normalize-space(text())='Toliau']]
Session ID: 55668d4543a3e41640fc20990ad5c97d
	at java.base/jdk.internal.reflect.DirectConstructorHandleAccessor.newInstance(DirectConstructorHandleAccessor.java:62)
	at java.base/java.lang.reflect.Constructor.newInstanceWithCaller(Constructor.java:502)
	at java.base/java.lang.reflect.Constructor.newInstance(Constructor.java:486)
	at org.openqa.selenium.remote.ErrorCodec.decode(ErrorCodec.java:167)
	at org.openqa.selenium.remote.codec.w3c.W3CHttpResponseCodec.decode(W3CHttpResponseCodec.java:138)
	at org.openqa.selenium.remote.codec.w3c.W3CHttpResponseCodec.decode(W3CHttpResponseCodec.java:50)
	at org.openqa.selenium.remote.HttpCommandExecutor.execute(HttpCommandExecutor.java:190)
	at org.openqa.selenium.remote.service.DriverCommandExecutor.invokeExecute(DriverCommandExecutor.java:216)
	at org.openqa.selenium.remote.service.DriverCommandExecutor.execute(DriverCommandExecutor.java:174)
	at org.openqa.selenium.remote.RemoteWebDriver.execute(RemoteWebDriver.java:545)
	at org.openqa.selenium.remote.RemoteWebElement.execute(RemoteWebElement.java:223)
	at org.openqa.selenium.remote.RemoteWebElement.click(RemoteWebElement.java:76)
	at java.base/jdk.internal.reflect.DirectMethodHandleAccessor.invoke(DirectMethodHandleAccessor.java:103)
	at java.base/java.lang.reflect.Method.invoke(Method.java:580)
	at org.openqa.selenium.support.pagefactory.internal.LocatingElementHandler.invoke(LocatingElementHandler.java:51)
	at jdk.proxy2/jdk.proxy2.$Proxy14.click(Unknown Source)
	at lt.insoft.uztis.pages.SubmittedApplicationsPage.clickButtonNext(SubmittedApplicationsPage.java:995)
	at lt.insoft.uztis.tests.SubmittedApplicationsPageTest.testFillNewVUIApplicationFA(SubmittedApplicationsPageTest.java:217)
	at java.base/jdk.internal.reflect.DirectMethodHandleAccessor.invoke(DirectMethodHandleAccessor.java:103)
	at java.base/java.lang.reflect.Method.invoke(Method.java:580)
	at org.junit.platform.commons.util.ReflectionUtils.invokeMethod(ReflectionUtils.java:728)
	at org.junit.jupiter.engine.execution.MethodInvocation.proceed(MethodInvocation.java:60)
	at org.junit.jupiter.engine.execution.InvocationInterceptorChain$ValidatingInvocation.proceed(InvocationInterceptorChain.java:131)
	at org.junit.jupiter.engine.extension.TimeoutExtension.intercept(TimeoutExtension.java:156)
	at org.junit.jupiter.engine.extension.TimeoutExtension.interceptTestableMethod(TimeoutExtension.java:147)
	at org.junit.jupiter.engine.extension.TimeoutExtension.interceptTestMethod(TimeoutExtension.java:86)
	at org.junit.jupiter.engine.execution.InterceptingExecutableInvoker$ReflectiveInterceptorCall.lambda$ofVoidMethod$0(InterceptingExecutableInvoker.java:103)
	at org.junit.jupiter.engine.execution.InterceptingExecutableInvoker.lambda$invoke$0(InterceptingExecutableInvoker.java:93)
	at org.junit.jupiter.engine.execution.InvocationInterceptorChain$InterceptedInvocation.proceed(InvocationInterceptorChain.java:106)
	at org.junit.jupiter.engine.execution.InvocationInterceptorChain.proceed(InvocationInterceptorChain.java:64)
	at org.junit.jupiter.engine.execution.InvocationInterceptorChain.chainAndInvoke(InvocationInterceptorChain.java:45)
	at org.junit.jupiter.engine.execution.InvocationInterceptorChain.invoke(InvocationInterceptorChain.java:37)
	at org.junit.jupiter.engine.execution.InterceptingExecutableInvoker.invoke(InterceptingExecutableInvoker.java:92)
	at org.junit.jupiter.engine.execution.InterceptingExecutableInvoker.invoke(InterceptingExecutableInvoker.java:86)
	at org.junit.jupiter.engine.descriptor.TestMethodTestDescriptor.lambda$invokeTestMethod$7(TestMethodTestDescriptor.java:218)
	at org.junit.platform.engine.support.hierarchical.ThrowableCollector.execute(ThrowableCollector.java:73)
	at org.junit.jupiter.engine.descriptor.TestMethodTestDescriptor.invokeTestMethod(TestMethodTestDescriptor.java:214)
	at org.junit.jupiter.engine.descriptor.TestMethodTestDescriptor.execute(TestMethodTestDescriptor.java:139)
	at org.junit.jupiter.engine.descriptor.TestMethodTestDescriptor.execute(TestMethodTestDescriptor.java:69)
	at org.junit.platform.engine.support.hierarchical.NodeTestTask.lambda$executeRecursively$6(NodeTestTask.java:151)
	at org.junit.platform.engine.support.hierarchical.ThrowableCollector.execute(ThrowableCollector.java:73)
	at org.junit.platform.engine.support.hierarchical.NodeTestTask.lambda$executeRecursively$8(NodeTestTask.java:141)
	at org.junit.platform.engine.support.hierarchical.Node.around(Node.java:137)
	at org.junit.platform.engine.support.hierarchical.NodeTestTask.lambda$executeRecursively$9(NodeTestTask.java:139)
	at org.junit.platform.engine.support.hierarchical.ThrowableCollector.execute(ThrowableCollector.java:73)
	at org.junit.platform.engine.support.hierarchical.NodeTestTask.executeRecursively(NodeTestTask.java:138)
	at org.junit.platform.engine.support.hierarchical.NodeTestTask.execute(NodeTestTask.java:95)
	at java.base/java.util.ArrayList.forEach(ArrayList.java:1596)
	at org.junit.platform.engine.support.hierarchical.SameThreadHierarchicalTestExecutorService.invokeAll(SameThreadHierarchicalTestExecutorService.java:41)
	at org.junit.platform.engine.support.hierarchical.NodeTestTask.lambda$executeRecursively$6(NodeTestTask.java:155)
	at org.junit.platform.engine.support.hierarchical.ThrowableCollector.execute(ThrowableCollector.java:73)
	at org.junit.platform.engine.support.hierarchical.NodeTestTask.lambda$executeRecursively$8(NodeTestTask.java:141)
	at org.junit.platform.engine.support.hierarchical.Node.around(Node.java:137)
	at org.junit.platform.engine.support.hierarchical.NodeTestTask.lambda$executeRecursively$9(NodeTestTask.java:139)
	at org.junit.platform.engine.support.hierarchical.ThrowableCollector.execute(ThrowableCollector.java:73)
	at org.junit.platform.engine.support.hierarchical.NodeTestTask.executeRecursively(NodeTestTask.java:138)
	at org.junit.platform.engine.support.hierarchical.NodeTestTask.execute(NodeTestTask.java:95)
	at java.base/java.util.ArrayList.forEach(ArrayList.java:1596)
	at org.junit.platform.engine.support.hierarchical.SameThreadHierarchicalTestExecutorService.invokeAll(SameThreadHierarchicalTestExecutorService.java:41)
	at org.junit.platform.engine.support.hierarchical.NodeTestTask.lambda$executeRecursively$6(NodeTestTask.java:155)
	at org.junit.platform.engine.support.hierarchical.ThrowableCollector.execute(ThrowableCollector.java:73)
	at org.junit.platform.engine.support.hierarchical.NodeTestTask.lambda$executeRecursively$8(NodeTestTask.java:141)
	at org.junit.platform.engine.support.hierarchical.Node.around(Node.java:137)
	at org.junit.platform.engine.support.hierarchical.NodeTestTask.lambda$executeRecursively$9(NodeTestTask.java:139)
	at org.junit.platform.engine.support.hierarchical.ThrowableCollector.execute(ThrowableCollector.java:73)
	at org.junit.platform.engine.support.hierarchical.NodeTestTask.executeRecursively(NodeTestTask.java:138)
	at org.junit.platform.engine.support.hierarchical.NodeTestTask.execute(NodeTestTask.java:95)
	at org.junit.platform.engine.support.hierarchical.SameThreadHierarchicalTestExecutorService.submit(SameThreadHierarchicalTestExecutorService.java:35)
	at org.junit.platform.engine.support.hierarchical.HierarchicalTestExecutor.execute(HierarchicalTestExecutor.java:57)
	at org.junit.platform.engine.support.hierarchical.HierarchicalTestEngine.execute(HierarchicalTestEngine.java:54)
	at org.junit.platform.launcher.core.EngineExecutionOrchestrator.execute(EngineExecutionOrchestrator.java:198)
	at org.junit.platform.launcher.core.EngineExecutionOrchestrator.execute(EngineExecutionOrchestrator.java:169)
	at org.junit.platform.launcher.core.EngineExecutionOrchestrator.execute(EngineExecutionOrchestrator.java:93)
	at org.junit.platform.launcher.core.EngineExecutionOrchestrator.lambda$execute$0(EngineExecutionOrchestrator.java:58)
	at org.junit.platform.launcher.core.EngineExecutionOrchestrator.withInterceptedStreams(EngineExecutionOrchestrator.java:141)
	at org.junit.platform.launcher.core.EngineExecutionOrchestrator.execute(EngineExecutionOrchestrator.java:57)
	at org.junit.platform.launcher.core.DefaultLauncher.execute(DefaultLauncher.java:103)
	at org.junit.platform.launcher.core.DefaultLauncher.execute(DefaultLauncher.java:85)
	at org.junit.platform.launcher.core.DelegatingLauncher.execute(DelegatingLauncher.java:47)
	at org.junit.platform.launcher.core.SessionPerRequestLauncher.execute(SessionPerRequestLauncher.java:63)
	at com.intellij.junit5.JUnit5IdeaTestRunner.startRunnerWithArgs(JUnit5IdeaTestRunner.java:57)
	at com.intellij.rt.junit.IdeaTestRunner$Repeater$1.execute(IdeaTestRunner.java:38)
	at com.intellij.rt.execution.junit.TestsRepeater.repeat(TestsRepeater.java:11)
	at com.intellij.rt.junit.IdeaTestRunner$Repeater.startRunnerWithArgs(IdeaTestRunner.java:35)
	at com.intellij.rt.junit.JUnitStarter.prepareStreamsAndStart(JUnitStarter.java:232)
	at com.intellij.rt.junit.JUnitStarter.main(JUnitStarter.java:55)
2025-03-03 07:29:04 [main] INFO  l.insoft.uztis.tests.utils.TestUtils - Screenshot moved to C:\Users\ingrida.zadorozniene\Desktop\Asm\UZTIS\UZTIS_tests\test-output\screenshots\20250303\072904606_testFillNewVUIApplicationFA().png
2025-03-03 07:32:24 [main] INFO  lt.insoft.uztis.tests.UztisPageTest - Navigated to https://uztisdev.asseco.lt/home
2025-03-03 07:32:24 [main] INFO  l.i.u.t.SubmittedApplicationsPageTest - Starting test:'testFillNewVUIPApplicationFA'
2025-03-03 07:32:24 [main] DEBUG l.i.u.t.SubmittedApplicationsPageTest - User logged in with test credentials.
2025-03-03 07:32:24 [main] DEBUG l.i.u.t.SubmittedApplicationsPageTest - Opened 'Application Processing' menu.
2025-03-03 07:32:25 [main] DEBUG l.i.u.t.SubmittedApplicationsPageTest - Clicked on 'Application Forms' menu.
2025-03-03 07:32:25 [main] DEBUG l.i.u.t.SubmittedApplicationsPageTest - Retrieved last description code text: 'TST-VUI-52'.
2025-03-03 07:32:25 [main] DEBUG l.i.u.t.SubmittedApplicationsPageTest - Clicked on 'Invitation' menu.
2025-03-03 07:32:26 [main] DEBUG l.i.u.t.SubmittedApplicationsPageTest - Selected application section by code: 'TST-VUI-52'.
2025-03-03 07:32:26 [main] DEBUG l.i.u.t.SubmittedApplicationsPageTest - Clicked 'Search' button.
2025-03-03 07:32:26 [main] DEBUG l.i.u.t.SubmittedApplicationsPageTest - Retrieved invitation code: ''.
2025-03-03 07:32:26 [main] DEBUG l.i.u.t.SubmittedApplicationsPageTest - Clicked on 'Submitted Applications' menu.
2025-03-03 07:32:28 [main] DEBUG l.i.u.t.SubmittedApplicationsPageTest - Selected invitation by code: 'TST-VUI-52'.
2025-03-03 07:32:28 [main] DEBUG l.i.u.t.SubmittedApplicationsPageTest - Invitation code inserted.
2025-03-03 07:32:28 [main] DEBUG l.i.u.t.SubmittedApplicationsPageTest - Clicked on 'Action Application' button.
2025-03-03 07:32:28 [main] DEBUG l.i.u.t.SubmittedApplicationsPageTest - Clicked on 'New Application' button.
2025-03-03 07:32:28 [main] DEBUG l.i.u.t.SubmittedApplicationsPageTest - Selected the 'RadioButtonFA' option.
2025-03-03 07:32:29 [main] DEBUG l.i.u.t.SubmittedApplicationsPageTest - Entered phone number: '61298745'.
2025-03-03 07:32:29 [main] DEBUG l.i.u.t.SubmittedApplicationsPageTest - Entered email: 'test@autotest.com'.
2025-03-03 07:32:29 [main] INFO  l.i.u.p.SubmittedApplicationsPage - Clicking on the dropdown button.
2025-03-03 07:32:48 [main] INFO  l.i.u.p.SubmittedApplicationsPage - Found 1741 options in the dropdown.
2025-03-03 07:32:48 [main] DEBUG l.i.u.p.SubmittedApplicationsPage - Checking option: ''
2025-03-03 07:32:48 [main] DEBUG l.i.u.p.SubmittedApplicationsPage - Checking option: '01.11 - Grūdinių (išskyrus ryžius), ankštinių ir aliejingų sėklų augalų auginimas'
2025-03-03 07:32:48 [main] INFO  l.i.u.p.SubmittedApplicationsPage - Successfully selected the value: '01.11 - Grūdinių (išskyrus ryžius), ankštinių ir aliejingų sėklų augalų auginimas'
2025-03-03 07:32:48 [main] INFO  l.i.u.p.SubmittedApplicationsPage - Attempting to close the dropdown.
2025-03-03 07:32:58 [main] INFO  l.i.u.p.SubmittedApplicationsPage - Dropdown should be closed now.
2025-03-03 07:32:58 [main] DEBUG l.i.u.t.SubmittedApplicationsPageTest - Selected EVRK value: '01.11 - Grūdinių (išskyrus ryžius), ankštinių ir aliejingų sėklų augalų auginimas'.
2025-03-03 07:32:59 [main] DEBUG l.i.u.t.SubmittedApplicationsPageTest - Entered project date.
2025-03-03 07:32:59 [main] DEBUG l.i.u.t.SubmittedApplicationsPageTest - Entered job count: '1'.
2025-03-03 07:32:59 [main] DEBUG l.i.u.t.SubmittedApplicationsPageTest - Clicked on 'Address Component' button.
2025-03-03 07:32:59 [main] INFO  l.i.u.p.SubmittedApplicationsPage - Located the dropdown button.
2025-03-03 07:33:02 [main] INFO  l.i.u.p.SubmittedApplicationsPage - Successfully selected the value: 'Lietuva'
2025-03-03 07:33:02 [main] DEBUG l.i.u.t.SubmittedApplicationsPageTest - Selected country: 'Lietuva'.
2025-03-03 07:33:02 [main] INFO  l.i.u.p.SubmittedApplicationsPage - Located the dropdown button.
2025-03-03 07:33:12 [main] ERROR l.i.u.p.SubmittedApplicationsPage - Failed to select dropdown option: no such element: Unable to locate element: {"method":"xpath","selector":".//span[@class='area-center']"}
  (Session info: chrome=133.0.6943.142)
For documentation on this error, please visit: https://www.selenium.dev/documentation/webdriver/troubleshooting/errors#no-such-element-exception
Build info: version: '4.27.0', revision: 'd6e718d134'
System info: os.name: 'Windows 11', os.arch: 'amd64', os.version: '10.0', java.version: '21.0.3'
Driver info: org.openqa.selenium.chrome.ChromeDriver
Command: [bccf81f41508cc5c4ed22ab8ac53ab04, findChildElement {id=f.D96CDD983831ECBF42AF69CAF0BA7D6A.d.6D3E6115A043D2FFB0E40994A0E2078F.e.2295, value=.//span[@class='area-center'], using=xpath}]
Capabilities {acceptInsecureCerts: false, browserName: chrome, browserVersion: 133.0.6943.142, chrome: {chromedriverVersion: 133.0.6943.141 (2a5d6da0d61..., userDataDir: C:\Users\INGRID~1.ZAD\AppDa...}, fedcm:accounts: true, goog:chromeOptions: {debuggerAddress: localhost:59158}, networkConnectionEnabled: false, pageLoadStrategy: normal, platformName: windows, proxy: Proxy(), se:cdp: ws://localhost:59158/devtoo..., se:cdpVersion: 133.0.6943.142, setWindowRect: true, strictFileInteractability: false, timeouts: {implicit: 0, pageLoad: 300000, script: 30000}, unhandledPromptBehavior: dismiss and notify, webauthn:extension:credBlob: true, webauthn:extension:largeBlob: true, webauthn:extension:minPinLength: true, webauthn:extension:prf: true, webauthn:virtualAuthenticators: true}
Session ID: bccf81f41508cc5c4ed22ab8ac53ab04
2025-03-03 07:33:43 [main] ERROR l.i.u.p.SubmittedApplicationsPage - Timeout while waiting for dropdown to close with aria-expanded = 'false'.
2025-03-03 07:33:43 [main] DEBUG l.i.u.t.SubmittedApplicationsPageTest - Selected city: 'Vilnius' and district: 'Vilniaus miesto sav.'.
2025-03-03 07:33:43 [main] INFO  l.i.u.p.SubmittedApplicationsPage - Located the dropdown button.
2025-03-03 07:33:44 [main] ERROR l.i.u.p.SubmittedApplicationsPage - Dropdown button click failed: element click intercepted: Element <mat-select role="combobox" aria-haspopup="listbox" class="mat-mdc-select primary-control ng-tns-c1073613477-42 mat-mdc-select-required mat-mdc-select-empty ng-untouched ng-pristine ng-invalid ng-star-inserted" aria-labelledby="mat-select-value-10" id="mat-select-10" tabindex="0" aria-expanded="false" aria-required="true" aria-disabled="false" aria-invalid="false" required="">...</mat-select> is not clickable at point (960, 503). Other element would receive the click: <mat-option role="option" class="mat-mdc-option mdc-list-item mat-mdc-option-active ng-tns-c1073613477-40 ng-star-inserted" id="mat-option-1265" aria-selected="false" aria-disabled="false" style="">...</mat-option>
  (Session info: chrome=133.0.6943.142)
Build info: version: '4.27.0', revision: 'd6e718d134'
System info: os.name: 'Windows 11', os.arch: 'amd64', os.version: '10.0', java.version: '21.0.3'
Driver info: org.openqa.selenium.chrome.ChromeDriver
Command: [bccf81f41508cc5c4ed22ab8ac53ab04, clickElement {id=f.D96CDD983831ECBF42AF69CAF0BA7D6A.d.6D3E6115A043D2FFB0E40994A0E2078F.e.2314}]
Capabilities {acceptInsecureCerts: false, browserName: chrome, browserVersion: 133.0.6943.142, chrome: {chromedriverVersion: 133.0.6943.141 (2a5d6da0d61..., userDataDir: C:\Users\INGRID~1.ZAD\AppDa...}, fedcm:accounts: true, goog:chromeOptions: {debuggerAddress: localhost:59158}, networkConnectionEnabled: false, pageLoadStrategy: normal, platformName: windows, proxy: Proxy(), se:cdp: ws://localhost:59158/devtoo..., se:cdpVersion: 133.0.6943.142, setWindowRect: true, strictFileInteractability: false, timeouts: {implicit: 0, pageLoad: 300000, script: 30000}, unhandledPromptBehavior: dismiss and notify, webauthn:extension:credBlob: true, webauthn:extension:largeBlob: true, webauthn:extension:minPinLength: true, webauthn:extension:prf: true, webauthn:virtualAuthenticators: true}
Element: [[ChromeDriver: chrome on windows (bccf81f41508cc5c4ed22ab8ac53ab04)] -> xpath: //mat-label[contains(text(), 'Gatvė')]/following::mat-select[1]]
Session ID: bccf81f41508cc5c4ed22ab8ac53ab04
2025-03-03 07:33:44 [main] WARN  l.i.u.p.SubmittedApplicationsPage - Dropdown value 'V. Grybo g.' not found.
2025-03-03 07:33:44 [main] DEBUG l.i.u.t.SubmittedApplicationsPageTest - Selected street: 'V. Grybo g.'.
2025-03-03 07:33:44 [main] INFO  l.i.u.p.SubmittedApplicationsPage - Located the dropdown button.
2025-03-03 07:33:45 [main] ERROR l.i.u.p.SubmittedApplicationsPage - Dropdown button click failed: element click intercepted: Element <mat-select role="combobox" aria-haspopup="listbox" class="mat-mdc-select primary-control ng-tns-c1073613477-44 mat-mdc-select-required mat-mdc-select-empty ng-untouched ng-pristine ng-invalid ng-star-inserted" aria-labelledby="mat-select-value-11" id="mat-select-11" tabindex="0" aria-expanded="false" aria-required="true" aria-disabled="false" aria-invalid="false" required="">...</mat-select> is not clickable at point (960, 559). Other element would receive the click: <mat-option role="option" class="mat-mdc-option mdc-list-item ng-tns-c1073613477-40 ng-star-inserted" id="mat-option-1266" aria-selected="false" aria-disabled="false" style="">...</mat-option>
  (Session info: chrome=133.0.6943.142)
Build info: version: '4.27.0', revision: 'd6e718d134'
System info: os.name: 'Windows 11', os.arch: 'amd64', os.version: '10.0', java.version: '21.0.3'
Driver info: org.openqa.selenium.chrome.ChromeDriver
Command: [bccf81f41508cc5c4ed22ab8ac53ab04, clickElement {id=f.D96CDD983831ECBF42AF69CAF0BA7D6A.d.6D3E6115A043D2FFB0E40994A0E2078F.e.2326}]
Capabilities {acceptInsecureCerts: false, browserName: chrome, browserVersion: 133.0.6943.142, chrome: {chromedriverVersion: 133.0.6943.141 (2a5d6da0d61..., userDataDir: C:\Users\INGRID~1.ZAD\AppDa...}, fedcm:accounts: true, goog:chromeOptions: {debuggerAddress: localhost:59158}, networkConnectionEnabled: false, pageLoadStrategy: normal, platformName: windows, proxy: Proxy(), se:cdp: ws://localhost:59158/devtoo..., se:cdpVersion: 133.0.6943.142, setWindowRect: true, strictFileInteractability: false, timeouts: {implicit: 0, pageLoad: 300000, script: 30000}, unhandledPromptBehavior: dismiss and notify, webauthn:extension:credBlob: true, webauthn:extension:largeBlob: true, webauthn:extension:minPinLength: true, webauthn:extension:prf: true, webauthn:virtualAuthenticators: true}
Element: [[ChromeDriver: chrome on windows (bccf81f41508cc5c4ed22ab8ac53ab04)] -> xpath: //mat-label[contains(text(), 'Namo Nr.')]/following::mat-select[1]]
Session ID: bccf81f41508cc5c4ed22ab8ac53ab04
2025-03-03 07:33:45 [main] WARN  l.i.u.p.SubmittedApplicationsPage - Dropdown value '1' not found.
2025-03-03 07:33:45 [main] DEBUG l.i.u.t.SubmittedApplicationsPageTest - Selected house: '1'.
2025-03-03 07:33:45 [main] INFO  l.i.u.p.SubmittedApplicationsPage - Located the dropdown button.
2025-03-03 07:33:46 [main] ERROR l.i.u.p.SubmittedApplicationsPage - Dropdown button click failed: element click intercepted: Element <mat-select role="combobox" aria-haspopup="listbox" class="mat-mdc-select primary-control ng-tns-c1073613477-46 mat-mdc-select-empty ng-untouched ng-pristine ng-valid ng-star-inserted" aria-labelledby="mat-select-value-12" id="mat-select-12" tabindex="0" aria-expanded="false" aria-required="false" aria-disabled="false" aria-invalid="false">...</mat-select> is not clickable at point (960, 615). Other element would receive the click: <mat-option role="option" class="mat-mdc-option mdc-list-item ng-tns-c1073613477-40 ng-star-inserted" id="mat-option-1267" aria-selected="false" aria-disabled="false" style="">...</mat-option>
  (Session info: chrome=133.0.6943.142)
Build info: version: '4.27.0', revision: 'd6e718d134'
System info: os.name: 'Windows 11', os.arch: 'amd64', os.version: '10.0', java.version: '21.0.3'
Driver info: org.openqa.selenium.chrome.ChromeDriver
Command: [bccf81f41508cc5c4ed22ab8ac53ab04, clickElement {id=f.D96CDD983831ECBF42AF69CAF0BA7D6A.d.6D3E6115A043D2FFB0E40994A0E2078F.e.2327}]
Capabilities {acceptInsecureCerts: false, browserName: chrome, browserVersion: 133.0.6943.142, chrome: {chromedriverVersion: 133.0.6943.141 (2a5d6da0d61..., userDataDir: C:\Users\INGRID~1.ZAD\AppDa...}, fedcm:accounts: true, goog:chromeOptions: {debuggerAddress: localhost:59158}, networkConnectionEnabled: false, pageLoadStrategy: normal, platformName: windows, proxy: Proxy(), se:cdp: ws://localhost:59158/devtoo..., se:cdpVersion: 133.0.6943.142, setWindowRect: true, strictFileInteractability: false, timeouts: {implicit: 0, pageLoad: 300000, script: 30000}, unhandledPromptBehavior: dismiss and notify, webauthn:extension:credBlob: true, webauthn:extension:largeBlob: true, webauthn:extension:minPinLength: true, webauthn:extension:prf: true, webauthn:virtualAuthenticators: true}
Element: [[ChromeDriver: chrome on windows (bccf81f41508cc5c4ed22ab8ac53ab04)] -> xpath: //mat-label[contains(text(), 'Buto / patalpos Nr.')]/following::mat-select[1]]
Session ID: bccf81f41508cc5c4ed22ab8ac53ab04
2025-03-03 07:33:46 [main] WARN  l.i.u.p.SubmittedApplicationsPage - Dropdown value '1' not found.
2025-03-03 07:33:47 [main] DEBUG l.i.u.t.SubmittedApplicationsPageTest - Selected apartment: '1'.
2025-03-03 07:33:48 [main] ERROR l.i.u.t.SubmittedApplicationsPageTest - Test 'testFillNewVUIApplicationFA' failed with error: element click intercepted: Element <button type="button" class="i-forms-stepper-button i-forms-stepper-button-next">...</button> is not clickable at point (1823, 992). Other element would receive the click: <div class="cdk-overlay-backdrop cdk-overlay-transparent-backdrop cdk-overlay-backdrop-showing"></div>
  (Session info: chrome=133.0.6943.142)
Build info: version: '4.27.0', revision: 'd6e718d134'
System info: os.name: 'Windows 11', os.arch: 'amd64', os.version: '10.0', java.version: '21.0.3'
Driver info: org.openqa.selenium.chrome.ChromeDriver
Command: [bccf81f41508cc5c4ed22ab8ac53ab04, clickElement {id=f.D96CDD983831ECBF42AF69CAF0BA7D6A.d.6D3E6115A043D2FFB0E40994A0E2078F.e.2033}]
Capabilities {acceptInsecureCerts: false, browserName: chrome, browserVersion: 133.0.6943.142, chrome: {chromedriverVersion: 133.0.6943.141 (2a5d6da0d61..., userDataDir: C:\Users\INGRID~1.ZAD\AppDa...}, fedcm:accounts: true, goog:chromeOptions: {debuggerAddress: localhost:59158}, networkConnectionEnabled: false, pageLoadStrategy: normal, platformName: windows, proxy: Proxy(), se:cdp: ws://localhost:59158/devtoo..., se:cdpVersion: 133.0.6943.142, setWindowRect: true, strictFileInteractability: false, timeouts: {implicit: 0, pageLoad: 300000, script: 30000}, unhandledPromptBehavior: dismiss and notify, webauthn:extension:credBlob: true, webauthn:extension:largeBlob: true, webauthn:extension:minPinLength: true, webauthn:extension:prf: true, webauthn:virtualAuthenticators: true}
Element: [[ChromeDriver: chrome on windows (bccf81f41508cc5c4ed22ab8ac53ab04)] -> xpath: //button[contains(@class, 'i-forms-stepper-button-next') and normalize-space(text())='Toliau']]
Session ID: bccf81f41508cc5c4ed22ab8ac53ab04
org.openqa.selenium.ElementClickInterceptedException: element click intercepted: Element <button type="button" class="i-forms-stepper-button i-forms-stepper-button-next">...</button> is not clickable at point (1823, 992). Other element would receive the click: <div class="cdk-overlay-backdrop cdk-overlay-transparent-backdrop cdk-overlay-backdrop-showing"></div>
  (Session info: chrome=133.0.6943.142)
Build info: version: '4.27.0', revision: 'd6e718d134'
System info: os.name: 'Windows 11', os.arch: 'amd64', os.version: '10.0', java.version: '21.0.3'
Driver info: org.openqa.selenium.chrome.ChromeDriver
Command: [bccf81f41508cc5c4ed22ab8ac53ab04, clickElement {id=f.D96CDD983831ECBF42AF69CAF0BA7D6A.d.6D3E6115A043D2FFB0E40994A0E2078F.e.2033}]
Capabilities {acceptInsecureCerts: false, browserName: chrome, browserVersion: 133.0.6943.142, chrome: {chromedriverVersion: 133.0.6943.141 (2a5d6da0d61..., userDataDir: C:\Users\INGRID~1.ZAD\AppDa...}, fedcm:accounts: true, goog:chromeOptions: {debuggerAddress: localhost:59158}, networkConnectionEnabled: false, pageLoadStrategy: normal, platformName: windows, proxy: Proxy(), se:cdp: ws://localhost:59158/devtoo..., se:cdpVersion: 133.0.6943.142, setWindowRect: true, strictFileInteractability: false, timeouts: {implicit: 0, pageLoad: 300000, script: 30000}, unhandledPromptBehavior: dismiss and notify, webauthn:extension:credBlob: true, webauthn:extension:largeBlob: true, webauthn:extension:minPinLength: true, webauthn:extension:prf: true, webauthn:virtualAuthenticators: true}
Element: [[ChromeDriver: chrome on windows (bccf81f41508cc5c4ed22ab8ac53ab04)] -> xpath: //button[contains(@class, 'i-forms-stepper-button-next') and normalize-space(text())='Toliau']]
Session ID: bccf81f41508cc5c4ed22ab8ac53ab04
	at java.base/jdk.internal.reflect.DirectConstructorHandleAccessor.newInstance(DirectConstructorHandleAccessor.java:62)
	at java.base/java.lang.reflect.Constructor.newInstanceWithCaller(Constructor.java:502)
	at java.base/java.lang.reflect.Constructor.newInstance(Constructor.java:486)
	at org.openqa.selenium.remote.ErrorCodec.decode(ErrorCodec.java:167)
	at org.openqa.selenium.remote.codec.w3c.W3CHttpResponseCodec.decode(W3CHttpResponseCodec.java:138)
	at org.openqa.selenium.remote.codec.w3c.W3CHttpResponseCodec.decode(W3CHttpResponseCodec.java:50)
	at org.openqa.selenium.remote.HttpCommandExecutor.execute(HttpCommandExecutor.java:190)
	at org.openqa.selenium.remote.service.DriverCommandExecutor.invokeExecute(DriverCommandExecutor.java:216)
	at org.openqa.selenium.remote.service.DriverCommandExecutor.execute(DriverCommandExecutor.java:174)
	at org.openqa.selenium.remote.RemoteWebDriver.execute(RemoteWebDriver.java:545)
	at org.openqa.selenium.remote.RemoteWebElement.execute(RemoteWebElement.java:223)
	at org.openqa.selenium.remote.RemoteWebElement.click(RemoteWebElement.java:76)
	at java.base/jdk.internal.reflect.DirectMethodHandleAccessor.invoke(DirectMethodHandleAccessor.java:103)
	at java.base/java.lang.reflect.Method.invoke(Method.java:580)
	at org.openqa.selenium.support.pagefactory.internal.LocatingElementHandler.invoke(LocatingElementHandler.java:51)
	at jdk.proxy2/jdk.proxy2.$Proxy14.click(Unknown Source)
	at lt.insoft.uztis.pages.SubmittedApplicationsPage.clickButtonNext(SubmittedApplicationsPage.java:1001)
	at lt.insoft.uztis.tests.SubmittedApplicationsPageTest.testFillNewVUIApplicationFA(SubmittedApplicationsPageTest.java:217)
	at java.base/jdk.internal.reflect.DirectMethodHandleAccessor.invoke(DirectMethodHandleAccessor.java:103)
	at java.base/java.lang.reflect.Method.invoke(Method.java:580)
	at org.junit.platform.commons.util.ReflectionUtils.invokeMethod(ReflectionUtils.java:728)
	at org.junit.jupiter.engine.execution.MethodInvocation.proceed(MethodInvocation.java:60)
	at org.junit.jupiter.engine.execution.InvocationInterceptorChain$ValidatingInvocation.proceed(InvocationInterceptorChain.java:131)
	at org.junit.jupiter.engine.extension.TimeoutExtension.intercept(TimeoutExtension.java:156)
	at org.junit.jupiter.engine.extension.TimeoutExtension.interceptTestableMethod(TimeoutExtension.java:147)
	at org.junit.jupiter.engine.extension.TimeoutExtension.interceptTestMethod(TimeoutExtension.java:86)
	at org.junit.jupiter.engine.execution.InterceptingExecutableInvoker$ReflectiveInterceptorCall.lambda$ofVoidMethod$0(InterceptingExecutableInvoker.java:103)
	at org.junit.jupiter.engine.execution.InterceptingExecutableInvoker.lambda$invoke$0(InterceptingExecutableInvoker.java:93)
	at org.junit.jupiter.engine.execution.InvocationInterceptorChain$InterceptedInvocation.proceed(InvocationInterceptorChain.java:106)
	at org.junit.jupiter.engine.execution.InvocationInterceptorChain.proceed(InvocationInterceptorChain.java:64)
	at org.junit.jupiter.engine.execution.InvocationInterceptorChain.chainAndInvoke(InvocationInterceptorChain.java:45)
	at org.junit.jupiter.engine.execution.InvocationInterceptorChain.invoke(InvocationInterceptorChain.java:37)
	at org.junit.jupiter.engine.execution.InterceptingExecutableInvoker.invoke(InterceptingExecutableInvoker.java:92)
	at org.junit.jupiter.engine.execution.InterceptingExecutableInvoker.invoke(InterceptingExecutableInvoker.java:86)
	at org.junit.jupiter.engine.descriptor.TestMethodTestDescriptor.lambda$invokeTestMethod$7(TestMethodTestDescriptor.java:218)
	at org.junit.platform.engine.support.hierarchical.ThrowableCollector.execute(ThrowableCollector.java:73)
	at org.junit.jupiter.engine.descriptor.TestMethodTestDescriptor.invokeTestMethod(TestMethodTestDescriptor.java:214)
	at org.junit.jupiter.engine.descriptor.TestMethodTestDescriptor.execute(TestMethodTestDescriptor.java:139)
	at org.junit.jupiter.engine.descriptor.TestMethodTestDescriptor.execute(TestMethodTestDescriptor.java:69)
	at org.junit.platform.engine.support.hierarchical.NodeTestTask.lambda$executeRecursively$6(NodeTestTask.java:151)
	at org.junit.platform.engine.support.hierarchical.ThrowableCollector.execute(ThrowableCollector.java:73)
	at org.junit.platform.engine.support.hierarchical.NodeTestTask.lambda$executeRecursively$8(NodeTestTask.java:141)
	at org.junit.platform.engine.support.hierarchical.Node.around(Node.java:137)
	at org.junit.platform.engine.support.hierarchical.NodeTestTask.lambda$executeRecursively$9(NodeTestTask.java:139)
	at org.junit.platform.engine.support.hierarchical.ThrowableCollector.execute(ThrowableCollector.java:73)
	at org.junit.platform.engine.support.hierarchical.NodeTestTask.executeRecursively(NodeTestTask.java:138)
	at org.junit.platform.engine.support.hierarchical.NodeTestTask.execute(NodeTestTask.java:95)
	at java.base/java.util.ArrayList.forEach(ArrayList.java:1596)
	at org.junit.platform.engine.support.hierarchical.SameThreadHierarchicalTestExecutorService.invokeAll(SameThreadHierarchicalTestExecutorService.java:41)
	at org.junit.platform.engine.support.hierarchical.NodeTestTask.lambda$executeRecursively$6(NodeTestTask.java:155)
	at org.junit.platform.engine.support.hierarchical.ThrowableCollector.execute(ThrowableCollector.java:73)
	at org.junit.platform.engine.support.hierarchical.NodeTestTask.lambda$executeRecursively$8(NodeTestTask.java:141)
	at org.junit.platform.engine.support.hierarchical.Node.around(Node.java:137)
	at org.junit.platform.engine.support.hierarchical.NodeTestTask.lambda$executeRecursively$9(NodeTestTask.java:139)
	at org.junit.platform.engine.support.hierarchical.ThrowableCollector.execute(ThrowableCollector.java:73)
	at org.junit.platform.engine.support.hierarchical.NodeTestTask.executeRecursively(NodeTestTask.java:138)
	at org.junit.platform.engine.support.hierarchical.NodeTestTask.execute(NodeTestTask.java:95)
	at java.base/java.util.ArrayList.forEach(ArrayList.java:1596)
	at org.junit.platform.engine.support.hierarchical.SameThreadHierarchicalTestExecutorService.invokeAll(SameThreadHierarchicalTestExecutorService.java:41)
	at org.junit.platform.engine.support.hierarchical.NodeTestTask.lambda$executeRecursively$6(NodeTestTask.java:155)
	at org.junit.platform.engine.support.hierarchical.ThrowableCollector.execute(ThrowableCollector.java:73)
	at org.junit.platform.engine.support.hierarchical.NodeTestTask.lambda$executeRecursively$8(NodeTestTask.java:141)
	at org.junit.platform.engine.support.hierarchical.Node.around(Node.java:137)
	at org.junit.platform.engine.support.hierarchical.NodeTestTask.lambda$executeRecursively$9(NodeTestTask.java:139)
	at org.junit.platform.engine.support.hierarchical.ThrowableCollector.execute(ThrowableCollector.java:73)
	at org.junit.platform.engine.support.hierarchical.NodeTestTask.executeRecursively(NodeTestTask.java:138)
	at org.junit.platform.engine.support.hierarchical.NodeTestTask.execute(NodeTestTask.java:95)
	at org.junit.platform.engine.support.hierarchical.SameThreadHierarchicalTestExecutorService.submit(SameThreadHierarchicalTestExecutorService.java:35)
	at org.junit.platform.engine.support.hierarchical.HierarchicalTestExecutor.execute(HierarchicalTestExecutor.java:57)
	at org.junit.platform.engine.support.hierarchical.HierarchicalTestEngine.execute(HierarchicalTestEngine.java:54)
	at org.junit.platform.launcher.core.EngineExecutionOrchestrator.execute(EngineExecutionOrchestrator.java:198)
	at org.junit.platform.launcher.core.EngineExecutionOrchestrator.execute(EngineExecutionOrchestrator.java:169)
	at org.junit.platform.launcher.core.EngineExecutionOrchestrator.execute(EngineExecutionOrchestrator.java:93)
	at org.junit.platform.launcher.core.EngineExecutionOrchestrator.lambda$execute$0(EngineExecutionOrchestrator.java:58)
	at org.junit.platform.launcher.core.EngineExecutionOrchestrator.withInterceptedStreams(EngineExecutionOrchestrator.java:141)
	at org.junit.platform.launcher.core.EngineExecutionOrchestrator.execute(EngineExecutionOrchestrator.java:57)
	at org.junit.platform.launcher.core.DefaultLauncher.execute(DefaultLauncher.java:103)
	at org.junit.platform.launcher.core.DefaultLauncher.execute(DefaultLauncher.java:85)
	at org.junit.platform.launcher.core.DelegatingLauncher.execute(DelegatingLauncher.java:47)
	at org.junit.platform.launcher.core.SessionPerRequestLauncher.execute(SessionPerRequestLauncher.java:63)
	at com.intellij.junit5.JUnit5IdeaTestRunner.startRunnerWithArgs(JUnit5IdeaTestRunner.java:57)
	at com.intellij.rt.junit.IdeaTestRunner$Repeater$1.execute(IdeaTestRunner.java:38)
	at com.intellij.rt.execution.junit.TestsRepeater.repeat(TestsRepeater.java:11)
	at com.intellij.rt.junit.IdeaTestRunner$Repeater.startRunnerWithArgs(IdeaTestRunner.java:35)
	at com.intellij.rt.junit.JUnitStarter.prepareStreamsAndStart(JUnitStarter.java:232)
	at com.intellij.rt.junit.JUnitStarter.main(JUnitStarter.java:55)
2025-03-03 07:33:48 [main] INFO  l.insoft.uztis.tests.utils.TestUtils - Screenshot moved to C:\Users\ingrida.zadorozniene\Desktop\Asm\UZTIS\UZTIS_tests\test-output\screenshots\20250303\073348252_testFillNewVUIApplicationFA().png
2025-03-03 07:41:18 [main] INFO  lt.insoft.uztis.tests.UztisPageTest - Navigated to https://uztisdev.asseco.lt/home
2025-03-03 07:41:18 [main] INFO  l.i.u.t.SubmittedApplicationsPageTest - Starting test:'testFillNewVUIPApplicationFA'
2025-03-03 07:41:19 [main] DEBUG l.i.u.t.SubmittedApplicationsPageTest - User logged in with test credentials.
2025-03-03 07:41:19 [main] DEBUG l.i.u.t.SubmittedApplicationsPageTest - Opened 'Application Processing' menu.
2025-03-03 07:41:19 [main] DEBUG l.i.u.t.SubmittedApplicationsPageTest - Clicked on 'Application Forms' menu.
2025-03-03 07:41:19 [main] DEBUG l.i.u.t.SubmittedApplicationsPageTest - Retrieved last description code text: 'TST-VUI-52'.
2025-03-03 07:41:19 [main] DEBUG l.i.u.t.SubmittedApplicationsPageTest - Clicked on 'Invitation' menu.
2025-03-03 07:41:21 [main] DEBUG l.i.u.t.SubmittedApplicationsPageTest - Selected application section by code: 'TST-VUI-52'.
2025-03-03 07:41:21 [main] DEBUG l.i.u.t.SubmittedApplicationsPageTest - Clicked 'Search' button.
2025-03-03 07:41:21 [main] DEBUG l.i.u.t.SubmittedApplicationsPageTest - Retrieved invitation code: ''.
2025-03-03 07:41:21 [main] DEBUG l.i.u.t.SubmittedApplicationsPageTest - Clicked on 'Submitted Applications' menu.
2025-03-03 07:41:23 [main] DEBUG l.i.u.t.SubmittedApplicationsPageTest - Selected invitation by code: 'TST-VUI-52'.
2025-03-03 07:41:23 [main] DEBUG l.i.u.t.SubmittedApplicationsPageTest - Invitation code inserted.
2025-03-03 07:41:23 [main] DEBUG l.i.u.t.SubmittedApplicationsPageTest - Clicked on 'Action Application' button.
2025-03-03 07:41:23 [main] DEBUG l.i.u.t.SubmittedApplicationsPageTest - Clicked on 'New Application' button.
2025-03-03 07:41:24 [main] DEBUG l.i.u.t.SubmittedApplicationsPageTest - Selected the 'RadioButtonFA' option.
2025-03-03 07:41:24 [main] DEBUG l.i.u.t.SubmittedApplicationsPageTest - Entered phone number: '61298745'.
2025-03-03 07:41:24 [main] DEBUG l.i.u.t.SubmittedApplicationsPageTest - Entered email: 'test@autotest.com'.
2025-03-03 07:41:24 [main] INFO  l.i.u.p.SubmittedApplicationsPage - Clicking on the dropdown button.
2025-03-03 07:41:41 [main] INFO  l.i.u.p.SubmittedApplicationsPage - Found 1741 options in the dropdown.
2025-03-03 07:41:41 [main] DEBUG l.i.u.p.SubmittedApplicationsPage - Checking option: ''
2025-03-03 07:41:41 [main] DEBUG l.i.u.p.SubmittedApplicationsPage - Checking option: '01.11 - Grūdinių (išskyrus ryžius), ankštinių ir aliejingų sėklų augalų auginimas'
2025-03-03 07:41:41 [main] INFO  l.i.u.p.SubmittedApplicationsPage - Successfully selected the value: '01.11 - Grūdinių (išskyrus ryžius), ankštinių ir aliejingų sėklų augalų auginimas'
2025-03-03 07:41:41 [main] INFO  l.i.u.p.SubmittedApplicationsPage - Attempting to close the dropdown.
2025-03-03 07:41:52 [main] INFO  l.i.u.p.SubmittedApplicationsPage - Dropdown should be closed now.
2025-03-03 07:41:52 [main] DEBUG l.i.u.t.SubmittedApplicationsPageTest - Selected EVRK value: '01.11 - Grūdinių (išskyrus ryžius), ankštinių ir aliejingų sėklų augalų auginimas'.
2025-03-03 07:41:52 [main] DEBUG l.i.u.t.SubmittedApplicationsPageTest - Entered project date.
2025-03-03 07:41:52 [main] DEBUG l.i.u.t.SubmittedApplicationsPageTest - Entered job count: '1'.
2025-03-03 07:41:52 [main] DEBUG l.i.u.t.SubmittedApplicationsPageTest - Clicked on 'Address Component' button.
2025-03-03 07:41:52 [main] INFO  l.i.u.p.SubmittedApplicationsPage - Located the dropdown button.
2025-03-03 07:41:55 [main] INFO  l.i.u.p.SubmittedApplicationsPage - Successfully selected the value: 'Lietuva'
2025-03-03 07:41:55 [main] DEBUG l.i.u.t.SubmittedApplicationsPageTest - Selected country: 'Lietuva'.
2025-03-03 07:41:55 [main] INFO  l.i.u.p.SubmittedApplicationsPage - Waiting for the overlay to disappear...
2025-03-03 07:42:25 [main] WARN  l.i.u.p.SubmittedApplicationsPage - Overlay did not disappear within the timeout.
2025-03-03 07:42:25 [main] INFO  l.i.u.p.SubmittedApplicationsPage - Clicking on the dropdown button.
2025-03-03 07:42:26 [main] INFO  l.i.u.p.SubmittedApplicationsPage - Waiting for dropdown options to be visible...
2025-03-03 07:42:36 [main] WARN  l.i.u.p.SubmittedApplicationsPage - Could not find expected structure inside dropdown option.
2025-03-03 07:42:46 [main] WARN  l.i.u.p.SubmittedApplicationsPage - Could not find expected structure inside dropdown option.
2025-03-03 07:42:56 [main] WARN  l.i.u.p.SubmittedApplicationsPage - Could not find expected structure inside dropdown option.
2025-03-03 07:43:06 [main] WARN  l.i.u.p.SubmittedApplicationsPage - Could not find expected structure inside dropdown option.
2025-03-03 07:43:16 [main] WARN  l.i.u.p.SubmittedApplicationsPage - Could not find expected structure inside dropdown option.
2025-03-03 07:43:26 [main] WARN  l.i.u.p.SubmittedApplicationsPage - Could not find expected structure inside dropdown option.
2025-03-03 07:43:36 [main] WARN  l.i.u.p.SubmittedApplicationsPage - Could not find expected structure inside dropdown option.
2025-03-03 07:43:46 [main] WARN  l.i.u.p.SubmittedApplicationsPage - Could not find expected structure inside dropdown option.
2025-03-03 07:43:56 [main] WARN  l.i.u.p.SubmittedApplicationsPage - Could not find expected structure inside dropdown option.
2025-03-03 07:44:06 [main] WARN  l.i.u.p.SubmittedApplicationsPage - Could not find expected structure inside dropdown option.
2025-03-03 07:44:06 [main] WARN  l.i.u.p.SubmittedApplicationsPage - Dropdown value 'Vilnius - Vilniaus miesto sav.' not found.
2025-03-03 07:44:36 [main] ERROR l.i.u.p.SubmittedApplicationsPage - Timeout while waiting for dropdown to close with aria-expanded = 'false'.
2025-03-03 07:44:36 [main] DEBUG l.i.u.t.SubmittedApplicationsPageTest - Selected city: 'Vilnius' and district: 'Vilniaus miesto sav.'.
2025-03-03 07:44:36 [main] INFO  l.i.u.p.SubmittedApplicationsPage - Located the dropdown button.
2025-03-03 07:44:37 [main] ERROR l.i.u.p.SubmittedApplicationsPage - Dropdown button click failed: element click intercepted: Element <mat-select role="combobox" aria-haspopup="listbox" class="mat-mdc-select primary-control ng-tns-c1073613477-42 mat-mdc-select-required mat-mdc-select-empty ng-untouched ng-pristine ng-invalid ng-star-inserted" aria-labelledby="mat-select-value-10" id="mat-select-10" tabindex="0" aria-expanded="false" aria-required="true" aria-disabled="false" aria-invalid="false" required="">...</mat-select> is not clickable at point (960, 503). Other element would receive the click: <mat-option role="option" class="mat-mdc-option mdc-list-item mat-mdc-option-active ng-tns-c1073613477-40 ng-star-inserted" id="mat-option-1265" aria-selected="false" aria-disabled="false" style="">...</mat-option>
  (Session info: chrome=133.0.6943.142)
Build info: version: '4.27.0', revision: 'd6e718d134'
System info: os.name: 'Windows 11', os.arch: 'amd64', os.version: '10.0', java.version: '21.0.3'
Driver info: org.openqa.selenium.chrome.ChromeDriver
Command: [a671cd42987ab70400a75456b7e1ebb3, clickElement {id=f.CAA2E4C06EA870A19292BBDCDE8DC20C.d.9E454C97011BA4EFD84A4669F1AF4B9F.e.2317}]
Capabilities {acceptInsecureCerts: false, browserName: chrome, browserVersion: 133.0.6943.142, chrome: {chromedriverVersion: 133.0.6943.141 (2a5d6da0d61..., userDataDir: C:\Users\INGRID~1.ZAD\AppDa...}, fedcm:accounts: true, goog:chromeOptions: {debuggerAddress: localhost:59465}, networkConnectionEnabled: false, pageLoadStrategy: normal, platformName: windows, proxy: Proxy(), se:cdp: ws://localhost:59465/devtoo..., se:cdpVersion: 133.0.6943.142, setWindowRect: true, strictFileInteractability: false, timeouts: {implicit: 0, pageLoad: 300000, script: 30000}, unhandledPromptBehavior: dismiss and notify, webauthn:extension:credBlob: true, webauthn:extension:largeBlob: true, webauthn:extension:minPinLength: true, webauthn:extension:prf: true, webauthn:virtualAuthenticators: true}
Element: [[ChromeDriver: chrome on windows (a671cd42987ab70400a75456b7e1ebb3)] -> xpath: //mat-label[contains(text(), 'Gatvė')]/following::mat-select[1]]
Session ID: a671cd42987ab70400a75456b7e1ebb3
2025-03-03 07:44:38 [main] WARN  l.i.u.p.SubmittedApplicationsPage - Dropdown value 'V. Grybo g.' not found.
2025-03-03 07:44:38 [main] DEBUG l.i.u.t.SubmittedApplicationsPageTest - Selected street: 'V. Grybo g.'.
2025-03-03 07:44:38 [main] INFO  l.i.u.p.SubmittedApplicationsPage - Located the dropdown button.
2025-03-03 07:44:39 [main] ERROR l.i.u.p.SubmittedApplicationsPage - Dropdown button click failed: element click intercepted: Element <mat-select role="combobox" aria-haspopup="listbox" class="mat-mdc-select primary-control ng-tns-c1073613477-44 mat-mdc-select-required mat-mdc-select-empty ng-untouched ng-pristine ng-invalid ng-star-inserted" aria-labelledby="mat-select-value-11" id="mat-select-11" tabindex="0" aria-expanded="false" aria-required="true" aria-disabled="false" aria-invalid="false" required="">...</mat-select> is not clickable at point (960, 559). Other element would receive the click: <mat-option role="option" class="mat-mdc-option mdc-list-item ng-tns-c1073613477-40 ng-star-inserted" id="mat-option-1266" aria-selected="false" aria-disabled="false" style="">...</mat-option>
  (Session info: chrome=133.0.6943.142)
Build info: version: '4.27.0', revision: 'd6e718d134'
System info: os.name: 'Windows 11', os.arch: 'amd64', os.version: '10.0', java.version: '21.0.3'
Driver info: org.openqa.selenium.chrome.ChromeDriver
Command: [a671cd42987ab70400a75456b7e1ebb3, clickElement {id=f.CAA2E4C06EA870A19292BBDCDE8DC20C.d.9E454C97011BA4EFD84A4669F1AF4B9F.e.2329}]
Capabilities {acceptInsecureCerts: false, browserName: chrome, browserVersion: 133.0.6943.142, chrome: {chromedriverVersion: 133.0.6943.141 (2a5d6da0d61..., userDataDir: C:\Users\INGRID~1.ZAD\AppDa...}, fedcm:accounts: true, goog:chromeOptions: {debuggerAddress: localhost:59465}, networkConnectionEnabled: false, pageLoadStrategy: normal, platformName: windows, proxy: Proxy(), se:cdp: ws://localhost:59465/devtoo..., se:cdpVersion: 133.0.6943.142, setWindowRect: true, strictFileInteractability: false, timeouts: {implicit: 0, pageLoad: 300000, script: 30000}, unhandledPromptBehavior: dismiss and notify, webauthn:extension:credBlob: true, webauthn:extension:largeBlob: true, webauthn:extension:minPinLength: true, webauthn:extension:prf: true, webauthn:virtualAuthenticators: true}
Element: [[ChromeDriver: chrome on windows (a671cd42987ab70400a75456b7e1ebb3)] -> xpath: //mat-label[contains(text(), 'Namo Nr.')]/following::mat-select[1]]
Session ID: a671cd42987ab70400a75456b7e1ebb3
2025-03-03 07:44:39 [main] WARN  l.i.u.p.SubmittedApplicationsPage - Dropdown value '1' not found.
2025-03-03 07:44:39 [main] DEBUG l.i.u.t.SubmittedApplicationsPageTest - Selected house: '1'.
2025-03-03 07:44:39 [main] INFO  l.i.u.p.SubmittedApplicationsPage - Located the dropdown button.
2025-03-03 07:44:40 [main] ERROR l.i.u.p.SubmittedApplicationsPage - Dropdown button click failed: element click intercepted: Element <mat-select role="combobox" aria-haspopup="listbox" class="mat-mdc-select primary-control ng-tns-c1073613477-46 mat-mdc-select-empty ng-untouched ng-pristine ng-valid ng-star-inserted" aria-labelledby="mat-select-value-12" id="mat-select-12" tabindex="0" aria-expanded="false" aria-required="false" aria-disabled="false" aria-invalid="false">...</mat-select> is not clickable at point (960, 615). Other element would receive the click: <mat-option role="option" class="mat-mdc-option mdc-list-item ng-tns-c1073613477-40 ng-star-inserted" id="mat-option-1267" aria-selected="false" aria-disabled="false" style="">...</mat-option>
  (Session info: chrome=133.0.6943.142)
Build info: version: '4.27.0', revision: 'd6e718d134'
System info: os.name: 'Windows 11', os.arch: 'amd64', os.version: '10.0', java.version: '21.0.3'
Driver info: org.openqa.selenium.chrome.ChromeDriver
Command: [a671cd42987ab70400a75456b7e1ebb3, clickElement {id=f.CAA2E4C06EA870A19292BBDCDE8DC20C.d.9E454C97011BA4EFD84A4669F1AF4B9F.e.2330}]
Capabilities {acceptInsecureCerts: false, browserName: chrome, browserVersion: 133.0.6943.142, chrome: {chromedriverVersion: 133.0.6943.141 (2a5d6da0d61..., userDataDir: C:\Users\INGRID~1.ZAD\AppDa...}, fedcm:accounts: true, goog:chromeOptions: {debuggerAddress: localhost:59465}, networkConnectionEnabled: false, pageLoadStrategy: normal, platformName: windows, proxy: Proxy(), se:cdp: ws://localhost:59465/devtoo..., se:cdpVersion: 133.0.6943.142, setWindowRect: true, strictFileInteractability: false, timeouts: {implicit: 0, pageLoad: 300000, script: 30000}, unhandledPromptBehavior: dismiss and notify, webauthn:extension:credBlob: true, webauthn:extension:largeBlob: true, webauthn:extension:minPinLength: true, webauthn:extension:prf: true, webauthn:virtualAuthenticators: true}
Element: [[ChromeDriver: chrome on windows (a671cd42987ab70400a75456b7e1ebb3)] -> xpath: //mat-label[contains(text(), 'Buto / patalpos Nr.')]/following::mat-select[1]]
Session ID: a671cd42987ab70400a75456b7e1ebb3
2025-03-03 07:44:40 [main] WARN  l.i.u.p.SubmittedApplicationsPage - Dropdown value '1' not found.
2025-03-03 07:44:40 [main] DEBUG l.i.u.t.SubmittedApplicationsPageTest - Selected apartment: '1'.
2025-03-03 07:44:41 [main] ERROR l.i.u.t.SubmittedApplicationsPageTest - Test 'testFillNewVUIApplicationFA' failed with error: element click intercepted: Element <button type="button" class="i-forms-stepper-button i-forms-stepper-button-next">...</button> is not clickable at point (1823, 992). Other element would receive the click: <div class="cdk-overlay-backdrop cdk-overlay-transparent-backdrop cdk-overlay-backdrop-showing"></div>
  (Session info: chrome=133.0.6943.142)
Build info: version: '4.27.0', revision: 'd6e718d134'
System info: os.name: 'Windows 11', os.arch: 'amd64', os.version: '10.0', java.version: '21.0.3'
Driver info: org.openqa.selenium.chrome.ChromeDriver
Command: [a671cd42987ab70400a75456b7e1ebb3, clickElement {id=f.CAA2E4C06EA870A19292BBDCDE8DC20C.d.9E454C97011BA4EFD84A4669F1AF4B9F.e.2036}]
Capabilities {acceptInsecureCerts: false, browserName: chrome, browserVersion: 133.0.6943.142, chrome: {chromedriverVersion: 133.0.6943.141 (2a5d6da0d61..., userDataDir: C:\Users\INGRID~1.ZAD\AppDa...}, fedcm:accounts: true, goog:chromeOptions: {debuggerAddress: localhost:59465}, networkConnectionEnabled: false, pageLoadStrategy: normal, platformName: windows, proxy: Proxy(), se:cdp: ws://localhost:59465/devtoo..., se:cdpVersion: 133.0.6943.142, setWindowRect: true, strictFileInteractability: false, timeouts: {implicit: 0, pageLoad: 300000, script: 30000}, unhandledPromptBehavior: dismiss and notify, webauthn:extension:credBlob: true, webauthn:extension:largeBlob: true, webauthn:extension:minPinLength: true, webauthn:extension:prf: true, webauthn:virtualAuthenticators: true}
Element: [[ChromeDriver: chrome on windows (a671cd42987ab70400a75456b7e1ebb3)] -> xpath: //button[contains(@class, 'i-forms-stepper-button-next') and normalize-space(text())='Toliau']]
Session ID: a671cd42987ab70400a75456b7e1ebb3
org.openqa.selenium.ElementClickInterceptedException: element click intercepted: Element <button type="button" class="i-forms-stepper-button i-forms-stepper-button-next">...</button> is not clickable at point (1823, 992). Other element would receive the click: <div class="cdk-overlay-backdrop cdk-overlay-transparent-backdrop cdk-overlay-backdrop-showing"></div>
  (Session info: chrome=133.0.6943.142)
Build info: version: '4.27.0', revision: 'd6e718d134'
System info: os.name: 'Windows 11', os.arch: 'amd64', os.version: '10.0', java.version: '21.0.3'
Driver info: org.openqa.selenium.chrome.ChromeDriver
Command: [a671cd42987ab70400a75456b7e1ebb3, clickElement {id=f.CAA2E4C06EA870A19292BBDCDE8DC20C.d.9E454C97011BA4EFD84A4669F1AF4B9F.e.2036}]
Capabilities {acceptInsecureCerts: false, browserName: chrome, browserVersion: 133.0.6943.142, chrome: {chromedriverVersion: 133.0.6943.141 (2a5d6da0d61..., userDataDir: C:\Users\INGRID~1.ZAD\AppDa...}, fedcm:accounts: true, goog:chromeOptions: {debuggerAddress: localhost:59465}, networkConnectionEnabled: false, pageLoadStrategy: normal, platformName: windows, proxy: Proxy(), se:cdp: ws://localhost:59465/devtoo..., se:cdpVersion: 133.0.6943.142, setWindowRect: true, strictFileInteractability: false, timeouts: {implicit: 0, pageLoad: 300000, script: 30000}, unhandledPromptBehavior: dismiss and notify, webauthn:extension:credBlob: true, webauthn:extension:largeBlob: true, webauthn:extension:minPinLength: true, webauthn:extension:prf: true, webauthn:virtualAuthenticators: true}
Element: [[ChromeDriver: chrome on windows (a671cd42987ab70400a75456b7e1ebb3)] -> xpath: //button[contains(@class, 'i-forms-stepper-button-next') and normalize-space(text())='Toliau']]
Session ID: a671cd42987ab70400a75456b7e1ebb3
	at java.base/jdk.internal.reflect.DirectConstructorHandleAccessor.newInstance(DirectConstructorHandleAccessor.java:62)
	at java.base/java.lang.reflect.Constructor.newInstanceWithCaller(Constructor.java:502)
	at java.base/java.lang.reflect.Constructor.newInstance(Constructor.java:486)
	at org.openqa.selenium.remote.ErrorCodec.decode(ErrorCodec.java:167)
	at org.openqa.selenium.remote.codec.w3c.W3CHttpResponseCodec.decode(W3CHttpResponseCodec.java:138)
	at org.openqa.selenium.remote.codec.w3c.W3CHttpResponseCodec.decode(W3CHttpResponseCodec.java:50)
	at org.openqa.selenium.remote.HttpCommandExecutor.execute(HttpCommandExecutor.java:190)
	at org.openqa.selenium.remote.service.DriverCommandExecutor.invokeExecute(DriverCommandExecutor.java:216)
	at org.openqa.selenium.remote.service.DriverCommandExecutor.execute(DriverCommandExecutor.java:174)
	at org.openqa.selenium.remote.RemoteWebDriver.execute(RemoteWebDriver.java:545)
	at org.openqa.selenium.remote.RemoteWebElement.execute(RemoteWebElement.java:223)
	at org.openqa.selenium.remote.RemoteWebElement.click(RemoteWebElement.java:76)
	at java.base/jdk.internal.reflect.DirectMethodHandleAccessor.invoke(DirectMethodHandleAccessor.java:103)
	at java.base/java.lang.reflect.Method.invoke(Method.java:580)
	at org.openqa.selenium.support.pagefactory.internal.LocatingElementHandler.invoke(LocatingElementHandler.java:51)
	at jdk.proxy2/jdk.proxy2.$Proxy14.click(Unknown Source)
	at lt.insoft.uztis.pages.SubmittedApplicationsPage.clickButtonNext(SubmittedApplicationsPage.java:1030)
	at lt.insoft.uztis.tests.SubmittedApplicationsPageTest.testFillNewVUIApplicationFA(SubmittedApplicationsPageTest.java:217)
	at java.base/jdk.internal.reflect.DirectMethodHandleAccessor.invoke(DirectMethodHandleAccessor.java:103)
	at java.base/java.lang.reflect.Method.invoke(Method.java:580)
	at org.junit.platform.commons.util.ReflectionUtils.invokeMethod(ReflectionUtils.java:728)
	at org.junit.jupiter.engine.execution.MethodInvocation.proceed(MethodInvocation.java:60)
	at org.junit.jupiter.engine.execution.InvocationInterceptorChain$ValidatingInvocation.proceed(InvocationInterceptorChain.java:131)
	at org.junit.jupiter.engine.extension.TimeoutExtension.intercept(TimeoutExtension.java:156)
	at org.junit.jupiter.engine.extension.TimeoutExtension.interceptTestableMethod(TimeoutExtension.java:147)
	at org.junit.jupiter.engine.extension.TimeoutExtension.interceptTestMethod(TimeoutExtension.java:86)
	at org.junit.jupiter.engine.execution.InterceptingExecutableInvoker$ReflectiveInterceptorCall.lambda$ofVoidMethod$0(InterceptingExecutableInvoker.java:103)
	at org.junit.jupiter.engine.execution.InterceptingExecutableInvoker.lambda$invoke$0(InterceptingExecutableInvoker.java:93)
	at org.junit.jupiter.engine.execution.InvocationInterceptorChain$InterceptedInvocation.proceed(InvocationInterceptorChain.java:106)
	at org.junit.jupiter.engine.execution.InvocationInterceptorChain.proceed(InvocationInterceptorChain.java:64)
	at org.junit.jupiter.engine.execution.InvocationInterceptorChain.chainAndInvoke(InvocationInterceptorChain.java:45)
	at org.junit.jupiter.engine.execution.InvocationInterceptorChain.invoke(InvocationInterceptorChain.java:37)
	at org.junit.jupiter.engine.execution.InterceptingExecutableInvoker.invoke(InterceptingExecutableInvoker.java:92)
	at org.junit.jupiter.engine.execution.InterceptingExecutableInvoker.invoke(InterceptingExecutableInvoker.java:86)
	at org.junit.jupiter.engine.descriptor.TestMethodTestDescriptor.lambda$invokeTestMethod$7(TestMethodTestDescriptor.java:218)
	at org.junit.platform.engine.support.hierarchical.ThrowableCollector.execute(ThrowableCollector.java:73)
	at org.junit.jupiter.engine.descriptor.TestMethodTestDescriptor.invokeTestMethod(TestMethodTestDescriptor.java:214)
	at org.junit.jupiter.engine.descriptor.TestMethodTestDescriptor.execute(TestMethodTestDescriptor.java:139)
	at org.junit.jupiter.engine.descriptor.TestMethodTestDescriptor.execute(TestMethodTestDescriptor.java:69)
	at org.junit.platform.engine.support.hierarchical.NodeTestTask.lambda$executeRecursively$6(NodeTestTask.java:151)
	at org.junit.platform.engine.support.hierarchical.ThrowableCollector.execute(ThrowableCollector.java:73)
	at org.junit.platform.engine.support.hierarchical.NodeTestTask.lambda$executeRecursively$8(NodeTestTask.java:141)
	at org.junit.platform.engine.support.hierarchical.Node.around(Node.java:137)
	at org.junit.platform.engine.support.hierarchical.NodeTestTask.lambda$executeRecursively$9(NodeTestTask.java:139)
	at org.junit.platform.engine.support.hierarchical.ThrowableCollector.execute(ThrowableCollector.java:73)
	at org.junit.platform.engine.support.hierarchical.NodeTestTask.executeRecursively(NodeTestTask.java:138)
	at org.junit.platform.engine.support.hierarchical.NodeTestTask.execute(NodeTestTask.java:95)
	at java.base/java.util.ArrayList.forEach(ArrayList.java:1596)
	at org.junit.platform.engine.support.hierarchical.SameThreadHierarchicalTestExecutorService.invokeAll(SameThreadHierarchicalTestExecutorService.java:41)
	at org.junit.platform.engine.support.hierarchical.NodeTestTask.lambda$executeRecursively$6(NodeTestTask.java:155)
	at org.junit.platform.engine.support.hierarchical.ThrowableCollector.execute(ThrowableCollector.java:73)
	at org.junit.platform.engine.support.hierarchical.NodeTestTask.lambda$executeRecursively$8(NodeTestTask.java:141)
	at org.junit.platform.engine.support.hierarchical.Node.around(Node.java:137)
	at org.junit.platform.engine.support.hierarchical.NodeTestTask.lambda$executeRecursively$9(NodeTestTask.java:139)
	at org.junit.platform.engine.support.hierarchical.ThrowableCollector.execute(ThrowableCollector.java:73)
	at org.junit.platform.engine.support.hierarchical.NodeTestTask.executeRecursively(NodeTestTask.java:138)
	at org.junit.platform.engine.support.hierarchical.NodeTestTask.execute(NodeTestTask.java:95)
	at java.base/java.util.ArrayList.forEach(ArrayList.java:1596)
	at org.junit.platform.engine.support.hierarchical.SameThreadHierarchicalTestExecutorService.invokeAll(SameThreadHierarchicalTestExecutorService.java:41)
	at org.junit.platform.engine.support.hierarchical.NodeTestTask.lambda$executeRecursively$6(NodeTestTask.java:155)
	at org.junit.platform.engine.support.hierarchical.ThrowableCollector.execute(ThrowableCollector.java:73)
	at org.junit.platform.engine.support.hierarchical.NodeTestTask.lambda$executeRecursively$8(NodeTestTask.java:141)
	at org.junit.platform.engine.support.hierarchical.Node.around(Node.java:137)
	at org.junit.platform.engine.support.hierarchical.NodeTestTask.lambda$executeRecursively$9(NodeTestTask.java:139)
	at org.junit.platform.engine.support.hierarchical.ThrowableCollector.execute(ThrowableCollector.java:73)
	at org.junit.platform.engine.support.hierarchical.NodeTestTask.executeRecursively(NodeTestTask.java:138)
	at org.junit.platform.engine.support.hierarchical.NodeTestTask.execute(NodeTestTask.java:95)
	at org.junit.platform.engine.support.hierarchical.SameThreadHierarchicalTestExecutorService.submit(SameThreadHierarchicalTestExecutorService.java:35)
	at org.junit.platform.engine.support.hierarchical.HierarchicalTestExecutor.execute(HierarchicalTestExecutor.java:57)
	at org.junit.platform.engine.support.hierarchical.HierarchicalTestEngine.execute(HierarchicalTestEngine.java:54)
	at org.junit.platform.launcher.core.EngineExecutionOrchestrator.execute(EngineExecutionOrchestrator.java:198)
	at org.junit.platform.launcher.core.EngineExecutionOrchestrator.execute(EngineExecutionOrchestrator.java:169)
	at org.junit.platform.launcher.core.EngineExecutionOrchestrator.execute(EngineExecutionOrchestrator.java:93)
	at org.junit.platform.launcher.core.EngineExecutionOrchestrator.lambda$execute$0(EngineExecutionOrchestrator.java:58)
	at org.junit.platform.launcher.core.EngineExecutionOrchestrator.withInterceptedStreams(EngineExecutionOrchestrator.java:141)
	at org.junit.platform.launcher.core.EngineExecutionOrchestrator.execute(EngineExecutionOrchestrator.java:57)
	at org.junit.platform.launcher.core.DefaultLauncher.execute(DefaultLauncher.java:103)
	at org.junit.platform.launcher.core.DefaultLauncher.execute(DefaultLauncher.java:85)
	at org.junit.platform.launcher.core.DelegatingLauncher.execute(DelegatingLauncher.java:47)
	at org.junit.platform.launcher.core.SessionPerRequestLauncher.execute(SessionPerRequestLauncher.java:63)
	at com.intellij.junit5.JUnit5IdeaTestRunner.startRunnerWithArgs(JUnit5IdeaTestRunner.java:57)
	at com.intellij.rt.junit.IdeaTestRunner$Repeater$1.execute(IdeaTestRunner.java:38)
	at com.intellij.rt.execution.junit.TestsRepeater.repeat(TestsRepeater.java:11)
	at com.intellij.rt.junit.IdeaTestRunner$Repeater.startRunnerWithArgs(IdeaTestRunner.java:35)
	at com.intellij.rt.junit.JUnitStarter.prepareStreamsAndStart(JUnitStarter.java:232)
	at com.intellij.rt.junit.JUnitStarter.main(JUnitStarter.java:55)
2025-03-03 07:44:42 [main] INFO  l.insoft.uztis.tests.utils.TestUtils - Screenshot moved to C:\Users\ingrida.zadorozniene\Desktop\Asm\UZTIS\UZTIS_tests\test-output\screenshots\20250303\074442142_testFillNewVUIApplicationFA().png
2025-03-03 07:50:22 [main] INFO  lt.insoft.uztis.tests.UztisPageTest - Navigated to https://uztisdev.asseco.lt/home
2025-03-03 07:50:22 [main] INFO  l.i.u.t.SubmittedApplicationsPageTest - Starting test:'testFillNewVUIPApplicationFA'
2025-03-03 07:50:23 [main] DEBUG l.i.u.t.SubmittedApplicationsPageTest - User logged in with test credentials.
2025-03-03 07:50:23 [main] DEBUG l.i.u.t.SubmittedApplicationsPageTest - Opened 'Application Processing' menu.
2025-03-03 07:50:23 [main] DEBUG l.i.u.t.SubmittedApplicationsPageTest - Clicked on 'Application Forms' menu.
2025-03-03 07:50:23 [main] DEBUG l.i.u.t.SubmittedApplicationsPageTest - Retrieved last description code text: 'TST-VUI-52'.
2025-03-03 07:50:23 [main] DEBUG l.i.u.t.SubmittedApplicationsPageTest - Clicked on 'Invitation' menu.
2025-03-03 07:50:24 [main] DEBUG l.i.u.t.SubmittedApplicationsPageTest - Selected application section by code: 'TST-VUI-52'.
2025-03-03 07:50:24 [main] DEBUG l.i.u.t.SubmittedApplicationsPageTest - Clicked 'Search' button.
2025-03-03 07:50:25 [main] DEBUG l.i.u.t.SubmittedApplicationsPageTest - Retrieved invitation code: ''.
2025-03-03 07:50:25 [main] DEBUG l.i.u.t.SubmittedApplicationsPageTest - Clicked on 'Submitted Applications' menu.
2025-03-03 07:50:26 [main] DEBUG l.i.u.t.SubmittedApplicationsPageTest - Selected invitation by code: 'TST-VUI-52'.
2025-03-03 07:50:26 [main] DEBUG l.i.u.t.SubmittedApplicationsPageTest - Invitation code inserted.
2025-03-03 07:50:26 [main] DEBUG l.i.u.t.SubmittedApplicationsPageTest - Clicked on 'Action Application' button.
2025-03-03 07:50:26 [main] DEBUG l.i.u.t.SubmittedApplicationsPageTest - Clicked on 'New Application' button.
2025-03-03 07:50:27 [main] DEBUG l.i.u.t.SubmittedApplicationsPageTest - Selected the 'RadioButtonFA' option.
2025-03-03 07:50:27 [main] DEBUG l.i.u.t.SubmittedApplicationsPageTest - Entered phone number: '61298745'.
2025-03-03 07:50:27 [main] DEBUG l.i.u.t.SubmittedApplicationsPageTest - Entered email: 'test@autotest.com'.
2025-03-03 07:50:27 [main] INFO  l.i.u.p.SubmittedApplicationsPage - Clicking on the dropdown button.
2025-03-03 07:50:46 [main] INFO  l.i.u.p.SubmittedApplicationsPage - Found 1741 options in the dropdown.
2025-03-03 07:50:46 [main] DEBUG l.i.u.p.SubmittedApplicationsPage - Checking option: ''
2025-03-03 07:50:46 [main] DEBUG l.i.u.p.SubmittedApplicationsPage - Checking option: '01.11 - Grūdinių (išskyrus ryžius), ankštinių ir aliejingų sėklų augalų auginimas'
2025-03-03 07:50:46 [main] INFO  l.i.u.p.SubmittedApplicationsPage - Successfully selected the value: '01.11 - Grūdinių (išskyrus ryžius), ankštinių ir aliejingų sėklų augalų auginimas'
2025-03-03 07:50:46 [main] INFO  l.i.u.p.SubmittedApplicationsPage - Attempting to close the dropdown.
2025-03-03 07:50:57 [main] INFO  l.i.u.p.SubmittedApplicationsPage - Dropdown should be closed now.
2025-03-03 07:50:57 [main] DEBUG l.i.u.t.SubmittedApplicationsPageTest - Selected EVRK value: '01.11 - Grūdinių (išskyrus ryžius), ankštinių ir aliejingų sėklų augalų auginimas'.
2025-03-03 07:50:57 [main] DEBUG l.i.u.t.SubmittedApplicationsPageTest - Entered project date.
2025-03-03 07:50:57 [main] DEBUG l.i.u.t.SubmittedApplicationsPageTest - Entered job count: '1'.
2025-03-03 07:50:57 [main] DEBUG l.i.u.t.SubmittedApplicationsPageTest - Clicked on 'Address Component' button.
2025-03-03 07:50:57 [main] INFO  l.i.u.p.SubmittedApplicationsPage - Located the dropdown button.
2025-03-03 07:51:00 [main] INFO  l.i.u.p.SubmittedApplicationsPage - Successfully selected the value: 'Lietuva'
2025-03-03 07:51:00 [main] DEBUG l.i.u.t.SubmittedApplicationsPageTest - Selected country: 'Lietuva'.
2025-03-03 07:51:00 [main] INFO  l.i.u.p.SubmittedApplicationsPage - Waiting for the overlay to disappear...
2025-03-03 07:51:30 [main] WARN  l.i.u.p.SubmittedApplicationsPage - Overlay did not disappear within the timeout.
2025-03-03 07:51:30 [main] INFO  l.i.u.p.SubmittedApplicationsPage - Clicking on the dropdown button.
2025-03-03 07:51:31 [main] INFO  l.i.u.p.SubmittedApplicationsPage - Waiting for dropdown options to be visible...
2025-03-03 07:51:31 [main] INFO  l.i.u.p.SubmittedApplicationsPage - Dropdown options found: 10
2025-03-03 07:51:31 [main] INFO  l.i.u.p.SubmittedApplicationsPage - Option Text: 'Abakų k.
Kretingos rajono sav., Kartenos sen.'
2025-03-03 07:51:41 [main] WARN  l.i.u.p.SubmittedApplicationsPage - Could not find expected structure inside dropdown option.
2025-03-03 07:51:41 [main] INFO  l.i.u.p.SubmittedApplicationsPage - Option Text: 'Abarauskų k.
Lazdijų rajono sav., Veisiejų sen.'
2025-03-03 07:51:51 [main] WARN  l.i.u.p.SubmittedApplicationsPage - Could not find expected structure inside dropdown option.
2025-03-03 07:51:51 [main] INFO  l.i.u.p.SubmittedApplicationsPage - Option Text: 'Abejučių k.
Švenčionių rajono sav., Pabradės sen.'
2025-03-03 07:52:01 [main] WARN  l.i.u.p.SubmittedApplicationsPage - Could not find expected structure inside dropdown option.
2025-03-03 07:52:01 [main] INFO  l.i.u.p.SubmittedApplicationsPage - Option Text: 'Abejutų k.
Kupiškio rajono sav., Alizavos sen.'
2025-03-03 07:52:11 [main] WARN  l.i.u.p.SubmittedApplicationsPage - Could not find expected structure inside dropdown option.
2025-03-03 07:52:11 [main] INFO  l.i.u.p.SubmittedApplicationsPage - Option Text: 'Ablingos k.
Klaipėdos rajono sav., Endriejavo sen.'
2025-03-03 07:52:21 [main] WARN  l.i.u.p.SubmittedApplicationsPage - Could not find expected structure inside dropdown option.
2025-03-03 07:52:21 [main] INFO  l.i.u.p.SubmittedApplicationsPage - Option Text: 'Abložynės k.
Radviliškio rajono sav., Grinkiškio sen.'
2025-03-03 07:52:31 [main] WARN  l.i.u.p.SubmittedApplicationsPage - Could not find expected structure inside dropdown option.
2025-03-03 07:52:31 [main] INFO  l.i.u.p.SubmittedApplicationsPage - Option Text: 'Abokų k.
Plungės rajono sav., Žlibinų sen.'
2025-03-03 07:52:41 [main] WARN  l.i.u.p.SubmittedApplicationsPage - Could not find expected structure inside dropdown option.
2025-03-03 07:52:41 [main] INFO  l.i.u.p.SubmittedApplicationsPage - Option Text: 'Abolų k.
Šalčininkų rajono sav., Akmenynės sen.'
2025-03-03 07:52:51 [main] WARN  l.i.u.p.SubmittedApplicationsPage - Could not find expected structure inside dropdown option.
2025-03-03 07:52:51 [main] INFO  l.i.u.p.SubmittedApplicationsPage - Option Text: 'Abramaučiznos k.
Molėtų rajono sav., Giedraičių sen.'
2025-03-03 07:53:01 [main] WARN  l.i.u.p.SubmittedApplicationsPage - Could not find expected structure inside dropdown option.
2025-03-03 07:53:01 [main] INFO  l.i.u.p.SubmittedApplicationsPage - Option Text: 'Abrieskų k.
Radviliškio rajono sav., Šaukoto sen.'
2025-03-03 07:53:11 [main] WARN  l.i.u.p.SubmittedApplicationsPage - Could not find expected structure inside dropdown option.
2025-03-03 07:53:11 [main] WARN  l.i.u.p.SubmittedApplicationsPage - Dropdown value 'Vilnius - Vilniaus miesto sav.' not found.
2025-03-03 07:53:41 [main] ERROR l.i.u.p.SubmittedApplicationsPage - Timeout while waiting for dropdown to close with aria-expanded = 'false'.
2025-03-03 07:53:41 [main] DEBUG l.i.u.t.SubmittedApplicationsPageTest - Selected city: 'Vilnius' and district: 'Vilniaus miesto sav.'.
2025-03-03 07:53:41 [main] INFO  l.i.u.p.SubmittedApplicationsPage - Located the dropdown button.
2025-03-03 07:53:42 [main] ERROR l.i.u.p.SubmittedApplicationsPage - Dropdown button click failed: element click intercepted: Element <mat-select role="combobox" aria-haspopup="listbox" class="mat-mdc-select primary-control ng-tns-c1073613477-42 mat-mdc-select-required mat-mdc-select-empty ng-untouched ng-pristine ng-invalid ng-star-inserted" aria-labelledby="mat-select-value-10" id="mat-select-10" tabindex="0" aria-expanded="false" aria-required="true" aria-disabled="false" aria-invalid="false" required="">...</mat-select> is not clickable at point (960, 503). Other element would receive the click: <mat-option role="option" class="mat-mdc-option mdc-list-item ng-tns-c1073613477-40 ng-star-inserted" id="mat-option-1269" aria-selected="false" aria-disabled="false" style="">...</mat-option>
  (Session info: chrome=133.0.6943.142)
Build info: version: '4.27.0', revision: 'd6e718d134'
System info: os.name: 'Windows 11', os.arch: 'amd64', os.version: '10.0', java.version: '21.0.3'
Driver info: org.openqa.selenium.chrome.ChromeDriver
Command: [6496baac141af207db187463b6a80299, clickElement {id=f.970204748FE53F77A37FADDFA516FC35.d.EC508874AEEF6330BB8ABD258C4A34D2.e.2318}]
Capabilities {acceptInsecureCerts: false, browserName: chrome, browserVersion: 133.0.6943.142, chrome: {chromedriverVersion: 133.0.6943.141 (2a5d6da0d61..., userDataDir: C:\Users\INGRID~1.ZAD\AppDa...}, fedcm:accounts: true, goog:chromeOptions: {debuggerAddress: localhost:59795}, networkConnectionEnabled: false, pageLoadStrategy: normal, platformName: windows, proxy: Proxy(), se:cdp: ws://localhost:59795/devtoo..., se:cdpVersion: 133.0.6943.142, setWindowRect: true, strictFileInteractability: false, timeouts: {implicit: 0, pageLoad: 300000, script: 30000}, unhandledPromptBehavior: dismiss and notify, webauthn:extension:credBlob: true, webauthn:extension:largeBlob: true, webauthn:extension:minPinLength: true, webauthn:extension:prf: true, webauthn:virtualAuthenticators: true}
Element: [[ChromeDriver: chrome on windows (6496baac141af207db187463b6a80299)] -> xpath: //mat-label[contains(text(), 'Gatvė')]/following::mat-select[1]]
Session ID: 6496baac141af207db187463b6a80299
2025-03-03 07:53:43 [main] WARN  l.i.u.p.SubmittedApplicationsPage - Dropdown value 'V. Grybo g.' not found.
2025-03-03 07:53:43 [main] DEBUG l.i.u.t.SubmittedApplicationsPageTest - Selected street: 'V. Grybo g.'.
2025-03-03 07:53:43 [main] INFO  l.i.u.p.SubmittedApplicationsPage - Located the dropdown button.
2025-03-03 07:53:44 [main] ERROR l.i.u.p.SubmittedApplicationsPage - Dropdown button click failed: element click intercepted: Element <mat-select role="combobox" aria-haspopup="listbox" class="mat-mdc-select primary-control ng-tns-c1073613477-44 mat-mdc-select-required mat-mdc-select-empty ng-untouched ng-pristine ng-invalid ng-star-inserted" aria-labelledby="mat-select-value-11" id="mat-select-11" tabindex="0" aria-expanded="false" aria-required="true" aria-disabled="false" aria-invalid="false" required="">...</mat-select> is not clickable at point (960, 559). Other element would receive the click: <mat-option role="option" class="mat-mdc-option mdc-list-item ng-tns-c1073613477-40 ng-star-inserted" id="mat-option-1270" aria-selected="false" aria-disabled="false" style="">...</mat-option>
  (Session info: chrome=133.0.6943.142)
Build info: version: '4.27.0', revision: 'd6e718d134'
System info: os.name: 'Windows 11', os.arch: 'amd64', os.version: '10.0', java.version: '21.0.3'
Driver info: org.openqa.selenium.chrome.ChromeDriver
Command: [6496baac141af207db187463b6a80299, clickElement {id=f.970204748FE53F77A37FADDFA516FC35.d.EC508874AEEF6330BB8ABD258C4A34D2.e.2330}]
Capabilities {acceptInsecureCerts: false, browserName: chrome, browserVersion: 133.0.6943.142, chrome: {chromedriverVersion: 133.0.6943.141 (2a5d6da0d61..., userDataDir: C:\Users\INGRID~1.ZAD\AppDa...}, fedcm:accounts: true, goog:chromeOptions: {debuggerAddress: localhost:59795}, networkConnectionEnabled: false, pageLoadStrategy: normal, platformName: windows, proxy: Proxy(), se:cdp: ws://localhost:59795/devtoo..., se:cdpVersion: 133.0.6943.142, setWindowRect: true, strictFileInteractability: false, timeouts: {implicit: 0, pageLoad: 300000, script: 30000}, unhandledPromptBehavior: dismiss and notify, webauthn:extension:credBlob: true, webauthn:extension:largeBlob: true, webauthn:extension:minPinLength: true, webauthn:extension:prf: true, webauthn:virtualAuthenticators: true}
Element: [[ChromeDriver: chrome on windows (6496baac141af207db187463b6a80299)] -> xpath: //mat-label[contains(text(), 'Namo Nr.')]/following::mat-select[1]]
Session ID: 6496baac141af207db187463b6a80299
2025-03-03 07:53:44 [main] WARN  l.i.u.p.SubmittedApplicationsPage - Dropdown value '1' not found.
2025-03-03 07:53:44 [main] DEBUG l.i.u.t.SubmittedApplicationsPageTest - Selected house: '1'.
2025-03-03 07:53:44 [main] INFO  l.i.u.p.SubmittedApplicationsPage - Located the dropdown button.
2025-03-03 07:53:45 [main] ERROR l.i.u.p.SubmittedApplicationsPage - Dropdown button click failed: element click intercepted: Element <mat-select role="combobox" aria-haspopup="listbox" class="mat-mdc-select primary-control ng-tns-c1073613477-46 mat-mdc-select-empty ng-untouched ng-pristine ng-valid ng-star-inserted" aria-labelledby="mat-select-value-12" id="mat-select-12" tabindex="0" aria-expanded="false" aria-required="false" aria-disabled="false" aria-invalid="false">...</mat-select> is not clickable at point (960, 615). Other element would receive the click: <mat-option role="option" class="mat-mdc-option mdc-list-item ng-tns-c1073613477-40 ng-star-inserted" id="mat-option-1272" aria-selected="false" aria-disabled="false" style="">...</mat-option>
  (Session info: chrome=133.0.6943.142)
Build info: version: '4.27.0', revision: 'd6e718d134'
System info: os.name: 'Windows 11', os.arch: 'amd64', os.version: '10.0', java.version: '21.0.3'
Driver info: org.openqa.selenium.chrome.ChromeDriver
Command: [6496baac141af207db187463b6a80299, clickElement {id=f.970204748FE53F77A37FADDFA516FC35.d.EC508874AEEF6330BB8ABD258C4A34D2.e.2331}]
Capabilities {acceptInsecureCerts: false, browserName: chrome, browserVersion: 133.0.6943.142, chrome: {chromedriverVersion: 133.0.6943.141 (2a5d6da0d61..., userDataDir: C:\Users\INGRID~1.ZAD\AppDa...}, fedcm:accounts: true, goog:chromeOptions: {debuggerAddress: localhost:59795}, networkConnectionEnabled: false, pageLoadStrategy: normal, platformName: windows, proxy: Proxy(), se:cdp: ws://localhost:59795/devtoo..., se:cdpVersion: 133.0.6943.142, setWindowRect: true, strictFileInteractability: false, timeouts: {implicit: 0, pageLoad: 300000, script: 30000}, unhandledPromptBehavior: dismiss and notify, webauthn:extension:credBlob: true, webauthn:extension:largeBlob: true, webauthn:extension:minPinLength: true, webauthn:extension:prf: true, webauthn:virtualAuthenticators: true}
Element: [[ChromeDriver: chrome on windows (6496baac141af207db187463b6a80299)] -> xpath: //mat-label[contains(text(), 'Buto / patalpos Nr.')]/following::mat-select[1]]
Session ID: 6496baac141af207db187463b6a80299
2025-03-03 07:53:45 [main] WARN  l.i.u.p.SubmittedApplicationsPage - Dropdown value '1' not found.
2025-03-03 07:53:45 [main] DEBUG l.i.u.t.SubmittedApplicationsPageTest - Selected apartment: '1'.
2025-03-03 07:53:46 [main] ERROR l.i.u.t.SubmittedApplicationsPageTest - Test 'testFillNewVUIApplicationFA' failed with error: element click intercepted: Element <button type="button" class="i-forms-stepper-button i-forms-stepper-button-next">...</button> is not clickable at point (1823, 992). Other element would receive the click: <div class="cdk-overlay-backdrop cdk-overlay-transparent-backdrop cdk-overlay-backdrop-showing"></div>
  (Session info: chrome=133.0.6943.142)
Build info: version: '4.27.0', revision: 'd6e718d134'
System info: os.name: 'Windows 11', os.arch: 'amd64', os.version: '10.0', java.version: '21.0.3'
Driver info: org.openqa.selenium.chrome.ChromeDriver
Command: [6496baac141af207db187463b6a80299, clickElement {id=f.970204748FE53F77A37FADDFA516FC35.d.EC508874AEEF6330BB8ABD258C4A34D2.e.2035}]
Capabilities {acceptInsecureCerts: false, browserName: chrome, browserVersion: 133.0.6943.142, chrome: {chromedriverVersion: 133.0.6943.141 (2a5d6da0d61..., userDataDir: C:\Users\INGRID~1.ZAD\AppDa...}, fedcm:accounts: true, goog:chromeOptions: {debuggerAddress: localhost:59795}, networkConnectionEnabled: false, pageLoadStrategy: normal, platformName: windows, proxy: Proxy(), se:cdp: ws://localhost:59795/devtoo..., se:cdpVersion: 133.0.6943.142, setWindowRect: true, strictFileInteractability: false, timeouts: {implicit: 0, pageLoad: 300000, script: 30000}, unhandledPromptBehavior: dismiss and notify, webauthn:extension:credBlob: true, webauthn:extension:largeBlob: true, webauthn:extension:minPinLength: true, webauthn:extension:prf: true, webauthn:virtualAuthenticators: true}
Element: [[ChromeDriver: chrome on windows (6496baac141af207db187463b6a80299)] -> xpath: //button[contains(@class, 'i-forms-stepper-button-next') and normalize-space(text())='Toliau']]
Session ID: 6496baac141af207db187463b6a80299
org.openqa.selenium.ElementClickInterceptedException: element click intercepted: Element <button type="button" class="i-forms-stepper-button i-forms-stepper-button-next">...</button> is not clickable at point (1823, 992). Other element would receive the click: <div class="cdk-overlay-backdrop cdk-overlay-transparent-backdrop cdk-overlay-backdrop-showing"></div>
  (Session info: chrome=133.0.6943.142)
Build info: version: '4.27.0', revision: 'd6e718d134'
System info: os.name: 'Windows 11', os.arch: 'amd64', os.version: '10.0', java.version: '21.0.3'
Driver info: org.openqa.selenium.chrome.ChromeDriver
Command: [6496baac141af207db187463b6a80299, clickElement {id=f.970204748FE53F77A37FADDFA516FC35.d.EC508874AEEF6330BB8ABD258C4A34D2.e.2035}]
Capabilities {acceptInsecureCerts: false, browserName: chrome, browserVersion: 133.0.6943.142, chrome: {chromedriverVersion: 133.0.6943.141 (2a5d6da0d61..., userDataDir: C:\Users\INGRID~1.ZAD\AppDa...}, fedcm:accounts: true, goog:chromeOptions: {debuggerAddress: localhost:59795}, networkConnectionEnabled: false, pageLoadStrategy: normal, platformName: windows, proxy: Proxy(), se:cdp: ws://localhost:59795/devtoo..., se:cdpVersion: 133.0.6943.142, setWindowRect: true, strictFileInteractability: false, timeouts: {implicit: 0, pageLoad: 300000, script: 30000}, unhandledPromptBehavior: dismiss and notify, webauthn:extension:credBlob: true, webauthn:extension:largeBlob: true, webauthn:extension:minPinLength: true, webauthn:extension:prf: true, webauthn:virtualAuthenticators: true}
Element: [[ChromeDriver: chrome on windows (6496baac141af207db187463b6a80299)] -> xpath: //button[contains(@class, 'i-forms-stepper-button-next') and normalize-space(text())='Toliau']]
Session ID: 6496baac141af207db187463b6a80299
	at java.base/jdk.internal.reflect.DirectConstructorHandleAccessor.newInstance(DirectConstructorHandleAccessor.java:62)
	at java.base/java.lang.reflect.Constructor.newInstanceWithCaller(Constructor.java:502)
	at java.base/java.lang.reflect.Constructor.newInstance(Constructor.java:486)
	at org.openqa.selenium.remote.ErrorCodec.decode(ErrorCodec.java:167)
	at org.openqa.selenium.remote.codec.w3c.W3CHttpResponseCodec.decode(W3CHttpResponseCodec.java:138)
	at org.openqa.selenium.remote.codec.w3c.W3CHttpResponseCodec.decode(W3CHttpResponseCodec.java:50)
	at org.openqa.selenium.remote.HttpCommandExecutor.execute(HttpCommandExecutor.java:190)
	at org.openqa.selenium.remote.service.DriverCommandExecutor.invokeExecute(DriverCommandExecutor.java:216)
	at org.openqa.selenium.remote.service.DriverCommandExecutor.execute(DriverCommandExecutor.java:174)
	at org.openqa.selenium.remote.RemoteWebDriver.execute(RemoteWebDriver.java:545)
	at org.openqa.selenium.remote.RemoteWebElement.execute(RemoteWebElement.java:223)
	at org.openqa.selenium.remote.RemoteWebElement.click(RemoteWebElement.java:76)
	at java.base/jdk.internal.reflect.DirectMethodHandleAccessor.invoke(DirectMethodHandleAccessor.java:103)
	at java.base/java.lang.reflect.Method.invoke(Method.java:580)
	at org.openqa.selenium.support.pagefactory.internal.LocatingElementHandler.invoke(LocatingElementHandler.java:51)
	at jdk.proxy2/jdk.proxy2.$Proxy14.click(Unknown Source)
	at lt.insoft.uztis.pages.SubmittedApplicationsPage.clickButtonNext(SubmittedApplicationsPage.java:1028)
	at lt.insoft.uztis.tests.SubmittedApplicationsPageTest.testFillNewVUIApplicationFA(SubmittedApplicationsPageTest.java:217)
	at java.base/jdk.internal.reflect.DirectMethodHandleAccessor.invoke(DirectMethodHandleAccessor.java:103)
	at java.base/java.lang.reflect.Method.invoke(Method.java:580)
	at org.junit.platform.commons.util.ReflectionUtils.invokeMethod(ReflectionUtils.java:728)
	at org.junit.jupiter.engine.execution.MethodInvocation.proceed(MethodInvocation.java:60)
	at org.junit.jupiter.engine.execution.InvocationInterceptorChain$ValidatingInvocation.proceed(InvocationInterceptorChain.java:131)
	at org.junit.jupiter.engine.extension.TimeoutExtension.intercept(TimeoutExtension.java:156)
	at org.junit.jupiter.engine.extension.TimeoutExtension.interceptTestableMethod(TimeoutExtension.java:147)
	at org.junit.jupiter.engine.extension.TimeoutExtension.interceptTestMethod(TimeoutExtension.java:86)
	at org.junit.jupiter.engine.execution.InterceptingExecutableInvoker$ReflectiveInterceptorCall.lambda$ofVoidMethod$0(InterceptingExecutableInvoker.java:103)
	at org.junit.jupiter.engine.execution.InterceptingExecutableInvoker.lambda$invoke$0(InterceptingExecutableInvoker.java:93)
	at org.junit.jupiter.engine.execution.InvocationInterceptorChain$InterceptedInvocation.proceed(InvocationInterceptorChain.java:106)
	at org.junit.jupiter.engine.execution.InvocationInterceptorChain.proceed(InvocationInterceptorChain.java:64)
	at org.junit.jupiter.engine.execution.InvocationInterceptorChain.chainAndInvoke(InvocationInterceptorChain.java:45)
	at org.junit.jupiter.engine.execution.InvocationInterceptorChain.invoke(InvocationInterceptorChain.java:37)
	at org.junit.jupiter.engine.execution.InterceptingExecutableInvoker.invoke(InterceptingExecutableInvoker.java:92)
	at org.junit.jupiter.engine.execution.InterceptingExecutableInvoker.invoke(InterceptingExecutableInvoker.java:86)
	at org.junit.jupiter.engine.descriptor.TestMethodTestDescriptor.lambda$invokeTestMethod$7(TestMethodTestDescriptor.java:218)
	at org.junit.platform.engine.support.hierarchical.ThrowableCollector.execute(ThrowableCollector.java:73)
	at org.junit.jupiter.engine.descriptor.TestMethodTestDescriptor.invokeTestMethod(TestMethodTestDescriptor.java:214)
	at org.junit.jupiter.engine.descriptor.TestMethodTestDescriptor.execute(TestMethodTestDescriptor.java:139)
	at org.junit.jupiter.engine.descriptor.TestMethodTestDescriptor.execute(TestMethodTestDescriptor.java:69)
	at org.junit.platform.engine.support.hierarchical.NodeTestTask.lambda$executeRecursively$6(NodeTestTask.java:151)
	at org.junit.platform.engine.support.hierarchical.ThrowableCollector.execute(ThrowableCollector.java:73)
	at org.junit.platform.engine.support.hierarchical.NodeTestTask.lambda$executeRecursively$8(NodeTestTask.java:141)
	at org.junit.platform.engine.support.hierarchical.Node.around(Node.java:137)
	at org.junit.platform.engine.support.hierarchical.NodeTestTask.lambda$executeRecursively$9(NodeTestTask.java:139)
	at org.junit.platform.engine.support.hierarchical.ThrowableCollector.execute(ThrowableCollector.java:73)
	at org.junit.platform.engine.support.hierarchical.NodeTestTask.executeRecursively(NodeTestTask.java:138)
	at org.junit.platform.engine.support.hierarchical.NodeTestTask.execute(NodeTestTask.java:95)
	at java.base/java.util.ArrayList.forEach(ArrayList.java:1596)
	at org.junit.platform.engine.support.hierarchical.SameThreadHierarchicalTestExecutorService.invokeAll(SameThreadHierarchicalTestExecutorService.java:41)
	at org.junit.platform.engine.support.hierarchical.NodeTestTask.lambda$executeRecursively$6(NodeTestTask.java:155)
	at org.junit.platform.engine.support.hierarchical.ThrowableCollector.execute(ThrowableCollector.java:73)
	at org.junit.platform.engine.support.hierarchical.NodeTestTask.lambda$executeRecursively$8(NodeTestTask.java:141)
	at org.junit.platform.engine.support.hierarchical.Node.around(Node.java:137)
	at org.junit.platform.engine.support.hierarchical.NodeTestTask.lambda$executeRecursively$9(NodeTestTask.java:139)
	at org.junit.platform.engine.support.hierarchical.ThrowableCollector.execute(ThrowableCollector.java:73)
	at org.junit.platform.engine.support.hierarchical.NodeTestTask.executeRecursively(NodeTestTask.java:138)
	at org.junit.platform.engine.support.hierarchical.NodeTestTask.execute(NodeTestTask.java:95)
	at java.base/java.util.ArrayList.forEach(ArrayList.java:1596)
	at org.junit.platform.engine.support.hierarchical.SameThreadHierarchicalTestExecutorService.invokeAll(SameThreadHierarchicalTestExecutorService.java:41)
	at org.junit.platform.engine.support.hierarchical.NodeTestTask.lambda$executeRecursively$6(NodeTestTask.java:155)
	at org.junit.platform.engine.support.hierarchical.ThrowableCollector.execute(ThrowableCollector.java:73)
	at org.junit.platform.engine.support.hierarchical.NodeTestTask.lambda$executeRecursively$8(NodeTestTask.java:141)
	at org.junit.platform.engine.support.hierarchical.Node.around(Node.java:137)
	at org.junit.platform.engine.support.hierarchical.NodeTestTask.lambda$executeRecursively$9(NodeTestTask.java:139)
	at org.junit.platform.engine.support.hierarchical.ThrowableCollector.execute(ThrowableCollector.java:73)
	at org.junit.platform.engine.support.hierarchical.NodeTestTask.executeRecursively(NodeTestTask.java:138)
	at org.junit.platform.engine.support.hierarchical.NodeTestTask.execute(NodeTestTask.java:95)
	at org.junit.platform.engine.support.hierarchical.SameThreadHierarchicalTestExecutorService.submit(SameThreadHierarchicalTestExecutorService.java:35)
	at org.junit.platform.engine.support.hierarchical.HierarchicalTestExecutor.execute(HierarchicalTestExecutor.java:57)
	at org.junit.platform.engine.support.hierarchical.HierarchicalTestEngine.execute(HierarchicalTestEngine.java:54)
	at org.junit.platform.launcher.core.EngineExecutionOrchestrator.execute(EngineExecutionOrchestrator.java:198)
	at org.junit.platform.launcher.core.EngineExecutionOrchestrator.execute(EngineExecutionOrchestrator.java:169)
	at org.junit.platform.launcher.core.EngineExecutionOrchestrator.execute(EngineExecutionOrchestrator.java:93)
	at org.junit.platform.launcher.core.EngineExecutionOrchestrator.lambda$execute$0(EngineExecutionOrchestrator.java:58)
	at org.junit.platform.launcher.core.EngineExecutionOrchestrator.withInterceptedStreams(EngineExecutionOrchestrator.java:141)
	at org.junit.platform.launcher.core.EngineExecutionOrchestrator.execute(EngineExecutionOrchestrator.java:57)
	at org.junit.platform.launcher.core.DefaultLauncher.execute(DefaultLauncher.java:103)
	at org.junit.platform.launcher.core.DefaultLauncher.execute(DefaultLauncher.java:85)
	at org.junit.platform.launcher.core.DelegatingLauncher.execute(DelegatingLauncher.java:47)
	at org.junit.platform.launcher.core.SessionPerRequestLauncher.execute(SessionPerRequestLauncher.java:63)
	at com.intellij.junit5.JUnit5IdeaTestRunner.startRunnerWithArgs(JUnit5IdeaTestRunner.java:57)
	at com.intellij.rt.junit.IdeaTestRunner$Repeater$1.execute(IdeaTestRunner.java:38)
	at com.intellij.rt.execution.junit.TestsRepeater.repeat(TestsRepeater.java:11)
	at com.intellij.rt.junit.IdeaTestRunner$Repeater.startRunnerWithArgs(IdeaTestRunner.java:35)
	at com.intellij.rt.junit.JUnitStarter.prepareStreamsAndStart(JUnitStarter.java:232)
	at com.intellij.rt.junit.JUnitStarter.main(JUnitStarter.java:55)
2025-03-03 07:53:46 [main] INFO  l.insoft.uztis.tests.utils.TestUtils - Screenshot moved to C:\Users\ingrida.zadorozniene\Desktop\Asm\UZTIS\UZTIS_tests\test-output\screenshots\20250303\075346980_testFillNewVUIApplicationFA().png
2025-03-03 07:54:47 [main] INFO  lt.insoft.uztis.tests.UztisPageTest - Navigated to https://uztisdev.asseco.lt/home
2025-03-03 07:54:47 [main] INFO  l.i.u.t.SubmittedApplicationsPageTest - Starting test:'testFillNewVUIPApplicationFA'
2025-03-03 07:54:47 [main] DEBUG l.i.u.t.SubmittedApplicationsPageTest - User logged in with test credentials.
2025-03-03 07:54:48 [main] DEBUG l.i.u.t.SubmittedApplicationsPageTest - Opened 'Application Processing' menu.
2025-03-03 07:54:48 [main] DEBUG l.i.u.t.SubmittedApplicationsPageTest - Clicked on 'Application Forms' menu.
2025-03-03 07:54:48 [main] DEBUG l.i.u.t.SubmittedApplicationsPageTest - Retrieved last description code text: 'TST-VUI-52'.
2025-03-03 07:54:48 [main] DEBUG l.i.u.t.SubmittedApplicationsPageTest - Clicked on 'Invitation' menu.
2025-03-03 07:54:49 [main] DEBUG l.i.u.t.SubmittedApplicationsPageTest - Selected application section by code: 'TST-VUI-52'.
2025-03-03 07:54:49 [main] DEBUG l.i.u.t.SubmittedApplicationsPageTest - Clicked 'Search' button.
2025-03-03 07:54:49 [main] DEBUG l.i.u.t.SubmittedApplicationsPageTest - Retrieved invitation code: ''.
2025-03-03 07:54:49 [main] DEBUG l.i.u.t.SubmittedApplicationsPageTest - Clicked on 'Submitted Applications' menu.
2025-03-03 07:54:51 [main] DEBUG l.i.u.t.SubmittedApplicationsPageTest - Selected invitation by code: 'TST-VUI-52'.
2025-03-03 07:54:51 [main] DEBUG l.i.u.t.SubmittedApplicationsPageTest - Invitation code inserted.
2025-03-03 07:54:51 [main] DEBUG l.i.u.t.SubmittedApplicationsPageTest - Clicked on 'Action Application' button.
2025-03-03 07:54:51 [main] DEBUG l.i.u.t.SubmittedApplicationsPageTest - Clicked on 'New Application' button.
2025-03-03 07:54:52 [main] DEBUG l.i.u.t.SubmittedApplicationsPageTest - Selected the 'RadioButtonFA' option.
2025-03-03 07:54:52 [main] DEBUG l.i.u.t.SubmittedApplicationsPageTest - Entered phone number: '61298745'.
2025-03-03 07:54:52 [main] DEBUG l.i.u.t.SubmittedApplicationsPageTest - Entered email: 'test@autotest.com'.
2025-03-03 07:54:52 [main] INFO  l.i.u.p.SubmittedApplicationsPage - Clicking on the dropdown button.
2025-03-03 07:55:10 [main] INFO  l.i.u.p.SubmittedApplicationsPage - Found 1741 options in the dropdown.
2025-03-03 07:55:10 [main] DEBUG l.i.u.p.SubmittedApplicationsPage - Checking option: ''
2025-03-03 07:55:10 [main] DEBUG l.i.u.p.SubmittedApplicationsPage - Checking option: '01.11 - Grūdinių (išskyrus ryžius), ankštinių ir aliejingų sėklų augalų auginimas'
2025-03-03 07:55:10 [main] INFO  l.i.u.p.SubmittedApplicationsPage - Successfully selected the value: '01.11 - Grūdinių (išskyrus ryžius), ankštinių ir aliejingų sėklų augalų auginimas'
2025-03-03 07:55:10 [main] INFO  l.i.u.p.SubmittedApplicationsPage - Attempting to close the dropdown.
2025-03-03 07:55:21 [main] INFO  l.i.u.p.SubmittedApplicationsPage - Dropdown should be closed now.
2025-03-03 07:55:21 [main] DEBUG l.i.u.t.SubmittedApplicationsPageTest - Selected EVRK value: '01.11 - Grūdinių (išskyrus ryžius), ankštinių ir aliejingų sėklų augalų auginimas'.
2025-03-03 07:55:21 [main] DEBUG l.i.u.t.SubmittedApplicationsPageTest - Entered project date.
2025-03-03 07:55:21 [main] DEBUG l.i.u.t.SubmittedApplicationsPageTest - Entered job count: '1'.
2025-03-03 07:55:21 [main] DEBUG l.i.u.t.SubmittedApplicationsPageTest - Clicked on 'Address Component' button.
2025-03-03 07:55:21 [main] INFO  l.i.u.p.SubmittedApplicationsPage - Located the dropdown button.
2025-03-03 07:55:24 [main] INFO  l.i.u.p.SubmittedApplicationsPage - Successfully selected the value: 'Lietuva'
2025-03-03 07:55:24 [main] DEBUG l.i.u.t.SubmittedApplicationsPageTest - Selected country: 'Lietuva'.
2025-03-03 07:55:24 [main] INFO  l.i.u.p.SubmittedApplicationsPage - Waiting for the overlay to disappear...
2025-03-03 07:55:54 [main] WARN  l.i.u.p.SubmittedApplicationsPage - Overlay did not disappear within the timeout.
2025-03-03 07:55:54 [main] INFO  l.i.u.p.SubmittedApplicationsPage - Clicking on the dropdown button.
2025-03-03 07:55:54 [main] INFO  l.i.u.p.SubmittedApplicationsPage - Waiting for dropdown options to be visible...
2025-03-03 07:55:54 [main] INFO  l.i.u.p.SubmittedApplicationsPage - Dropdown options found: 10
2025-03-03 07:55:54 [main] INFO  l.i.u.p.SubmittedApplicationsPage - Option Text: 'Abakų k.
Kretingos rajono sav., Kartenos sen.'
2025-03-03 07:56:04 [main] WARN  l.i.u.p.SubmittedApplicationsPage - Could not find expected structure inside dropdown option.
2025-03-03 07:56:04 [main] INFO  l.i.u.p.SubmittedApplicationsPage - Option Text: 'Abarauskų k.
Lazdijų rajono sav., Veisiejų sen.'
2025-03-03 07:56:14 [main] WARN  l.i.u.p.SubmittedApplicationsPage - Could not find expected structure inside dropdown option.
2025-03-03 07:56:14 [main] INFO  l.i.u.p.SubmittedApplicationsPage - Option Text: 'Abejučių k.
Švenčionių rajono sav., Pabradės sen.'
2025-03-03 07:56:24 [main] WARN  l.i.u.p.SubmittedApplicationsPage - Could not find expected structure inside dropdown option.
2025-03-03 07:56:25 [main] INFO  l.i.u.p.SubmittedApplicationsPage - Option Text: 'Abejutų k.
Kupiškio rajono sav., Alizavos sen.'
2025-03-03 07:56:35 [main] WARN  l.i.u.p.SubmittedApplicationsPage - Could not find expected structure inside dropdown option.
2025-03-03 07:56:35 [main] INFO  l.i.u.p.SubmittedApplicationsPage - Option Text: 'Ablingos k.
Klaipėdos rajono sav., Endriejavo sen.'
2025-03-03 07:56:45 [main] WARN  l.i.u.p.SubmittedApplicationsPage - Could not find expected structure inside dropdown option.
2025-03-03 07:56:45 [main] INFO  l.i.u.p.SubmittedApplicationsPage - Option Text: 'Abložynės k.
Radviliškio rajono sav., Grinkiškio sen.'
2025-03-03 07:56:55 [main] WARN  l.i.u.p.SubmittedApplicationsPage - Could not find expected structure inside dropdown option.
2025-03-03 07:56:55 [main] INFO  l.i.u.p.SubmittedApplicationsPage - Option Text: 'Abokų k.
Plungės rajono sav., Žlibinų sen.'
2025-03-03 07:57:05 [main] WARN  l.i.u.p.SubmittedApplicationsPage - Could not find expected structure inside dropdown option.
2025-03-03 07:57:05 [main] INFO  l.i.u.p.SubmittedApplicationsPage - Option Text: 'Abolų k.
Šalčininkų rajono sav., Akmenynės sen.'
2025-03-03 07:57:15 [main] WARN  l.i.u.p.SubmittedApplicationsPage - Could not find expected structure inside dropdown option.
2025-03-03 07:57:15 [main] INFO  l.i.u.p.SubmittedApplicationsPage - Option Text: 'Abramaučiznos k.
Molėtų rajono sav., Giedraičių sen.'
2025-03-03 07:57:25 [main] WARN  l.i.u.p.SubmittedApplicationsPage - Could not find expected structure inside dropdown option.
2025-03-03 07:57:25 [main] INFO  l.i.u.p.SubmittedApplicationsPage - Option Text: 'Abrieskų k.
Radviliškio rajono sav., Šaukoto sen.'
2025-03-03 07:57:35 [main] WARN  l.i.u.p.SubmittedApplicationsPage - Could not find expected structure inside dropdown option.
2025-03-03 07:57:35 [main] WARN  l.i.u.p.SubmittedApplicationsPage - Dropdown value 'Vilnius - Vilniaus miesto sav.' not found.
2025-03-03 07:58:05 [main] ERROR l.i.u.p.SubmittedApplicationsPage - Timeout while waiting for dropdown to close with aria-expanded = 'false'.
2025-03-03 07:58:05 [main] DEBUG l.i.u.t.SubmittedApplicationsPageTest - Selected city: 'Vilnius' and district: 'Vilniaus miesto sav.'.
2025-03-03 07:58:05 [main] INFO  l.i.u.p.SubmittedApplicationsPage - Located the dropdown button.
2025-03-03 07:58:06 [main] ERROR l.i.u.p.SubmittedApplicationsPage - Dropdown button click failed: element click intercepted: Element <mat-select role="combobox" aria-haspopup="listbox" class="mat-mdc-select primary-control ng-tns-c1073613477-42 mat-mdc-select-required mat-mdc-select-empty ng-untouched ng-pristine ng-invalid ng-star-inserted" aria-labelledby="mat-select-value-10" id="mat-select-10" tabindex="0" aria-expanded="false" aria-required="true" aria-disabled="false" aria-invalid="false" required="">...</mat-select> is not clickable at point (960, 503). Other element would receive the click: <mat-option role="option" class="mat-mdc-option mdc-list-item mat-mdc-option-active ng-tns-c1073613477-40 ng-star-inserted" id="mat-option-1265" aria-selected="false" aria-disabled="false" style="">...</mat-option>
  (Session info: chrome=133.0.6943.142)
Build info: version: '4.27.0', revision: 'd6e718d134'
System info: os.name: 'Windows 11', os.arch: 'amd64', os.version: '10.0', java.version: '21.0.3'
Driver info: org.openqa.selenium.chrome.ChromeDriver
Command: [973c49db04cc5a630e9d47b4f160a621, clickElement {id=f.6112871E057E70760737B797032F4A82.d.5DD75AF87190B02E04AF79F77637E080.e.2315}]
Capabilities {acceptInsecureCerts: false, browserName: chrome, browserVersion: 133.0.6943.142, chrome: {chromedriverVersion: 133.0.6943.141 (2a5d6da0d61..., userDataDir: C:\Users\INGRID~1.ZAD\AppDa...}, fedcm:accounts: true, goog:chromeOptions: {debuggerAddress: localhost:59956}, networkConnectionEnabled: false, pageLoadStrategy: normal, platformName: windows, proxy: Proxy(), se:cdp: ws://localhost:59956/devtoo..., se:cdpVersion: 133.0.6943.142, setWindowRect: true, strictFileInteractability: false, timeouts: {implicit: 0, pageLoad: 300000, script: 30000}, unhandledPromptBehavior: dismiss and notify, webauthn:extension:credBlob: true, webauthn:extension:largeBlob: true, webauthn:extension:minPinLength: true, webauthn:extension:prf: true, webauthn:virtualAuthenticators: true}
Element: [[ChromeDriver: chrome on windows (973c49db04cc5a630e9d47b4f160a621)] -> xpath: //mat-label[contains(text(), 'Gatvė')]/following::mat-select[1]]
Session ID: 973c49db04cc5a630e9d47b4f160a621
2025-03-03 07:58:06 [main] WARN  l.i.u.p.SubmittedApplicationsPage - Dropdown value 'V. Grybo g.' not found.
2025-03-03 07:58:06 [main] DEBUG l.i.u.t.SubmittedApplicationsPageTest - Selected street: 'V. Grybo g.'.
2025-03-03 07:58:06 [main] INFO  l.i.u.p.SubmittedApplicationsPage - Located the dropdown button.
2025-03-03 07:58:07 [main] ERROR l.i.u.p.SubmittedApplicationsPage - Dropdown button click failed: element click intercepted: Element <mat-select role="combobox" aria-haspopup="listbox" class="mat-mdc-select primary-control ng-tns-c1073613477-44 mat-mdc-select-required mat-mdc-select-empty ng-untouched ng-pristine ng-invalid ng-star-inserted" aria-labelledby="mat-select-value-11" id="mat-select-11" tabindex="0" aria-expanded="false" aria-required="true" aria-disabled="false" aria-invalid="false" required="">...</mat-select> is not clickable at point (960, 559). Other element would receive the click: <mat-option role="option" class="mat-mdc-option mdc-list-item ng-tns-c1073613477-40 ng-star-inserted" id="mat-option-1266" aria-selected="false" aria-disabled="false" style="">...</mat-option>
  (Session info: chrome=133.0.6943.142)
Build info: version: '4.27.0', revision: 'd6e718d134'
System info: os.name: 'Windows 11', os.arch: 'amd64', os.version: '10.0', java.version: '21.0.3'
Driver info: org.openqa.selenium.chrome.ChromeDriver
Command: [973c49db04cc5a630e9d47b4f160a621, clickElement {id=f.6112871E057E70760737B797032F4A82.d.5DD75AF87190B02E04AF79F77637E080.e.2327}]
Capabilities {acceptInsecureCerts: false, browserName: chrome, browserVersion: 133.0.6943.142, chrome: {chromedriverVersion: 133.0.6943.141 (2a5d6da0d61..., userDataDir: C:\Users\INGRID~1.ZAD\AppDa...}, fedcm:accounts: true, goog:chromeOptions: {debuggerAddress: localhost:59956}, networkConnectionEnabled: false, pageLoadStrategy: normal, platformName: windows, proxy: Proxy(), se:cdp: ws://localhost:59956/devtoo..., se:cdpVersion: 133.0.6943.142, setWindowRect: true, strictFileInteractability: false, timeouts: {implicit: 0, pageLoad: 300000, script: 30000}, unhandledPromptBehavior: dismiss and notify, webauthn:extension:credBlob: true, webauthn:extension:largeBlob: true, webauthn:extension:minPinLength: true, webauthn:extension:prf: true, webauthn:virtualAuthenticators: true}
Element: [[ChromeDriver: chrome on windows (973c49db04cc5a630e9d47b4f160a621)] -> xpath: //mat-label[contains(text(), 'Namo Nr.')]/following::mat-select[1]]
Session ID: 973c49db04cc5a630e9d47b4f160a621
2025-03-03 07:58:08 [main] WARN  l.i.u.p.SubmittedApplicationsPage - Dropdown value '1' not found.
2025-03-03 07:58:08 [main] DEBUG l.i.u.t.SubmittedApplicationsPageTest - Selected house: '1'.
2025-03-03 07:58:08 [main] INFO  l.i.u.p.SubmittedApplicationsPage - Located the dropdown button.
2025-03-03 07:58:09 [main] ERROR l.i.u.p.SubmittedApplicationsPage - Dropdown button click failed: element click intercepted: Element <mat-select role="combobox" aria-haspopup="listbox" class="mat-mdc-select primary-control ng-tns-c1073613477-46 mat-mdc-select-empty ng-untouched ng-pristine ng-valid ng-star-inserted" aria-labelledby="mat-select-value-12" id="mat-select-12" tabindex="0" aria-expanded="false" aria-required="false" aria-disabled="false" aria-invalid="false">...</mat-select> is not clickable at point (960, 615). Other element would receive the click: <mat-option role="option" class="mat-mdc-option mdc-list-item ng-tns-c1073613477-40 ng-star-inserted" id="mat-option-1267" aria-selected="false" aria-disabled="false" style="">...</mat-option>
  (Session info: chrome=133.0.6943.142)
Build info: version: '4.27.0', revision: 'd6e718d134'
System info: os.name: 'Windows 11', os.arch: 'amd64', os.version: '10.0', java.version: '21.0.3'
Driver info: org.openqa.selenium.chrome.ChromeDriver
Command: [973c49db04cc5a630e9d47b4f160a621, clickElement {id=f.6112871E057E70760737B797032F4A82.d.5DD75AF87190B02E04AF79F77637E080.e.2328}]
Capabilities {acceptInsecureCerts: false, browserName: chrome, browserVersion: 133.0.6943.142, chrome: {chromedriverVersion: 133.0.6943.141 (2a5d6da0d61..., userDataDir: C:\Users\INGRID~1.ZAD\AppDa...}, fedcm:accounts: true, goog:chromeOptions: {debuggerAddress: localhost:59956}, networkConnectionEnabled: false, pageLoadStrategy: normal, platformName: windows, proxy: Proxy(), se:cdp: ws://localhost:59956/devtoo..., se:cdpVersion: 133.0.6943.142, setWindowRect: true, strictFileInteractability: false, timeouts: {implicit: 0, pageLoad: 300000, script: 30000}, unhandledPromptBehavior: dismiss and notify, webauthn:extension:credBlob: true, webauthn:extension:largeBlob: true, webauthn:extension:minPinLength: true, webauthn:extension:prf: true, webauthn:virtualAuthenticators: true}
Element: [[ChromeDriver: chrome on windows (973c49db04cc5a630e9d47b4f160a621)] -> xpath: //mat-label[contains(text(), 'Buto / patalpos Nr.')]/following::mat-select[1]]
Session ID: 973c49db04cc5a630e9d47b4f160a621
2025-03-03 07:58:09 [main] WARN  l.i.u.p.SubmittedApplicationsPage - Dropdown value '1' not found.
2025-03-03 07:58:09 [main] DEBUG l.i.u.t.SubmittedApplicationsPageTest - Selected apartment: '1'.
2025-03-03 07:58:10 [main] ERROR l.i.u.t.SubmittedApplicationsPageTest - Test 'testFillNewVUIApplicationFA' failed with error: element click intercepted: Element <button type="button" class="i-forms-stepper-button i-forms-stepper-button-next">...</button> is not clickable at point (1823, 992). Other element would receive the click: <div class="cdk-overlay-backdrop cdk-overlay-transparent-backdrop cdk-overlay-backdrop-showing"></div>
  (Session info: chrome=133.0.6943.142)
Build info: version: '4.27.0', revision: 'd6e718d134'
System info: os.name: 'Windows 11', os.arch: 'amd64', os.version: '10.0', java.version: '21.0.3'
Driver info: org.openqa.selenium.chrome.ChromeDriver
Command: [973c49db04cc5a630e9d47b4f160a621, clickElement {id=f.6112871E057E70760737B797032F4A82.d.5DD75AF87190B02E04AF79F77637E080.e.2034}]
Capabilities {acceptInsecureCerts: false, browserName: chrome, browserVersion: 133.0.6943.142, chrome: {chromedriverVersion: 133.0.6943.141 (2a5d6da0d61..., userDataDir: C:\Users\INGRID~1.ZAD\AppDa...}, fedcm:accounts: true, goog:chromeOptions: {debuggerAddress: localhost:59956}, networkConnectionEnabled: false, pageLoadStrategy: normal, platformName: windows, proxy: Proxy(), se:cdp: ws://localhost:59956/devtoo..., se:cdpVersion: 133.0.6943.142, setWindowRect: true, strictFileInteractability: false, timeouts: {implicit: 0, pageLoad: 300000, script: 30000}, unhandledPromptBehavior: dismiss and notify, webauthn:extension:credBlob: true, webauthn:extension:largeBlob: true, webauthn:extension:minPinLength: true, webauthn:extension:prf: true, webauthn:virtualAuthenticators: true}
Element: [[ChromeDriver: chrome on windows (973c49db04cc5a630e9d47b4f160a621)] -> xpath: //button[contains(@class, 'i-forms-stepper-button-next') and normalize-space(text())='Toliau']]
Session ID: 973c49db04cc5a630e9d47b4f160a621
org.openqa.selenium.ElementClickInterceptedException: element click intercepted: Element <button type="button" class="i-forms-stepper-button i-forms-stepper-button-next">...</button> is not clickable at point (1823, 992). Other element would receive the click: <div class="cdk-overlay-backdrop cdk-overlay-transparent-backdrop cdk-overlay-backdrop-showing"></div>
  (Session info: chrome=133.0.6943.142)
Build info: version: '4.27.0', revision: 'd6e718d134'
System info: os.name: 'Windows 11', os.arch: 'amd64', os.version: '10.0', java.version: '21.0.3'
Driver info: org.openqa.selenium.chrome.ChromeDriver
Command: [973c49db04cc5a630e9d47b4f160a621, clickElement {id=f.6112871E057E70760737B797032F4A82.d.5DD75AF87190B02E04AF79F77637E080.e.2034}]
Capabilities {acceptInsecureCerts: false, browserName: chrome, browserVersion: 133.0.6943.142, chrome: {chromedriverVersion: 133.0.6943.141 (2a5d6da0d61..., userDataDir: C:\Users\INGRID~1.ZAD\AppDa...}, fedcm:accounts: true, goog:chromeOptions: {debuggerAddress: localhost:59956}, networkConnectionEnabled: false, pageLoadStrategy: normal, platformName: windows, proxy: Proxy(), se:cdp: ws://localhost:59956/devtoo..., se:cdpVersion: 133.0.6943.142, setWindowRect: true, strictFileInteractability: false, timeouts: {implicit: 0, pageLoad: 300000, script: 30000}, unhandledPromptBehavior: dismiss and notify, webauthn:extension:credBlob: true, webauthn:extension:largeBlob: true, webauthn:extension:minPinLength: true, webauthn:extension:prf: true, webauthn:virtualAuthenticators: true}
Element: [[ChromeDriver: chrome on windows (973c49db04cc5a630e9d47b4f160a621)] -> xpath: //button[contains(@class, 'i-forms-stepper-button-next') and normalize-space(text())='Toliau']]
Session ID: 973c49db04cc5a630e9d47b4f160a621
	at java.base/jdk.internal.reflect.DirectConstructorHandleAccessor.newInstance(DirectConstructorHandleAccessor.java:62)
	at java.base/java.lang.reflect.Constructor.newInstanceWithCaller(Constructor.java:502)
	at java.base/java.lang.reflect.Constructor.newInstance(Constructor.java:486)
	at org.openqa.selenium.remote.ErrorCodec.decode(ErrorCodec.java:167)
	at org.openqa.selenium.remote.codec.w3c.W3CHttpResponseCodec.decode(W3CHttpResponseCodec.java:138)
	at org.openqa.selenium.remote.codec.w3c.W3CHttpResponseCodec.decode(W3CHttpResponseCodec.java:50)
	at org.openqa.selenium.remote.HttpCommandExecutor.execute(HttpCommandExecutor.java:190)
	at org.openqa.selenium.remote.service.DriverCommandExecutor.invokeExecute(DriverCommandExecutor.java:216)
	at org.openqa.selenium.remote.service.DriverCommandExecutor.execute(DriverCommandExecutor.java:174)
	at org.openqa.selenium.remote.RemoteWebDriver.execute(RemoteWebDriver.java:545)
	at org.openqa.selenium.remote.RemoteWebElement.execute(RemoteWebElement.java:223)
	at org.openqa.selenium.remote.RemoteWebElement.click(RemoteWebElement.java:76)
	at java.base/jdk.internal.reflect.DirectMethodHandleAccessor.invoke(DirectMethodHandleAccessor.java:103)
	at java.base/java.lang.reflect.Method.invoke(Method.java:580)
	at org.openqa.selenium.support.pagefactory.internal.LocatingElementHandler.invoke(LocatingElementHandler.java:51)
	at jdk.proxy2/jdk.proxy2.$Proxy14.click(Unknown Source)
	at lt.insoft.uztis.pages.SubmittedApplicationsPage.clickButtonNext(SubmittedApplicationsPage.java:1027)
	at lt.insoft.uztis.tests.SubmittedApplicationsPageTest.testFillNewVUIApplicationFA(SubmittedApplicationsPageTest.java:217)
	at java.base/jdk.internal.reflect.DirectMethodHandleAccessor.invoke(DirectMethodHandleAccessor.java:103)
	at java.base/java.lang.reflect.Method.invoke(Method.java:580)
	at org.junit.platform.commons.util.ReflectionUtils.invokeMethod(ReflectionUtils.java:728)
	at org.junit.jupiter.engine.execution.MethodInvocation.proceed(MethodInvocation.java:60)
	at org.junit.jupiter.engine.execution.InvocationInterceptorChain$ValidatingInvocation.proceed(InvocationInterceptorChain.java:131)
	at org.junit.jupiter.engine.extension.TimeoutExtension.intercept(TimeoutExtension.java:156)
	at org.junit.jupiter.engine.extension.TimeoutExtension.interceptTestableMethod(TimeoutExtension.java:147)
	at org.junit.jupiter.engine.extension.TimeoutExtension.interceptTestMethod(TimeoutExtension.java:86)
	at org.junit.jupiter.engine.execution.InterceptingExecutableInvoker$ReflectiveInterceptorCall.lambda$ofVoidMethod$0(InterceptingExecutableInvoker.java:103)
	at org.junit.jupiter.engine.execution.InterceptingExecutableInvoker.lambda$invoke$0(InterceptingExecutableInvoker.java:93)
	at org.junit.jupiter.engine.execution.InvocationInterceptorChain$InterceptedInvocation.proceed(InvocationInterceptorChain.java:106)
	at org.junit.jupiter.engine.execution.InvocationInterceptorChain.proceed(InvocationInterceptorChain.java:64)
	at org.junit.jupiter.engine.execution.InvocationInterceptorChain.chainAndInvoke(InvocationInterceptorChain.java:45)
	at org.junit.jupiter.engine.execution.InvocationInterceptorChain.invoke(InvocationInterceptorChain.java:37)
	at org.junit.jupiter.engine.execution.InterceptingExecutableInvoker.invoke(InterceptingExecutableInvoker.java:92)
	at org.junit.jupiter.engine.execution.InterceptingExecutableInvoker.invoke(InterceptingExecutableInvoker.java:86)
	at org.junit.jupiter.engine.descriptor.TestMethodTestDescriptor.lambda$invokeTestMethod$7(TestMethodTestDescriptor.java:218)
	at org.junit.platform.engine.support.hierarchical.ThrowableCollector.execute(ThrowableCollector.java:73)
	at org.junit.jupiter.engine.descriptor.TestMethodTestDescriptor.invokeTestMethod(TestMethodTestDescriptor.java:214)
	at org.junit.jupiter.engine.descriptor.TestMethodTestDescriptor.execute(TestMethodTestDescriptor.java:139)
	at org.junit.jupiter.engine.descriptor.TestMethodTestDescriptor.execute(TestMethodTestDescriptor.java:69)
	at org.junit.platform.engine.support.hierarchical.NodeTestTask.lambda$executeRecursively$6(NodeTestTask.java:151)
	at org.junit.platform.engine.support.hierarchical.ThrowableCollector.execute(ThrowableCollector.java:73)
	at org.junit.platform.engine.support.hierarchical.NodeTestTask.lambda$executeRecursively$8(NodeTestTask.java:141)
	at org.junit.platform.engine.support.hierarchical.Node.around(Node.java:137)
	at org.junit.platform.engine.support.hierarchical.NodeTestTask.lambda$executeRecursively$9(NodeTestTask.java:139)
	at org.junit.platform.engine.support.hierarchical.ThrowableCollector.execute(ThrowableCollector.java:73)
	at org.junit.platform.engine.support.hierarchical.NodeTestTask.executeRecursively(NodeTestTask.java:138)
	at org.junit.platform.engine.support.hierarchical.NodeTestTask.execute(NodeTestTask.java:95)
	at java.base/java.util.ArrayList.forEach(ArrayList.java:1596)
	at org.junit.platform.engine.support.hierarchical.SameThreadHierarchicalTestExecutorService.invokeAll(SameThreadHierarchicalTestExecutorService.java:41)
	at org.junit.platform.engine.support.hierarchical.NodeTestTask.lambda$executeRecursively$6(NodeTestTask.java:155)
	at org.junit.platform.engine.support.hierarchical.ThrowableCollector.execute(ThrowableCollector.java:73)
	at org.junit.platform.engine.support.hierarchical.NodeTestTask.lambda$executeRecursively$8(NodeTestTask.java:141)
	at org.junit.platform.engine.support.hierarchical.Node.around(Node.java:137)
	at org.junit.platform.engine.support.hierarchical.NodeTestTask.lambda$executeRecursively$9(NodeTestTask.java:139)
	at org.junit.platform.engine.support.hierarchical.ThrowableCollector.execute(ThrowableCollector.java:73)
	at org.junit.platform.engine.support.hierarchical.NodeTestTask.executeRecursively(NodeTestTask.java:138)
	at org.junit.platform.engine.support.hierarchical.NodeTestTask.execute(NodeTestTask.java:95)
	at java.base/java.util.ArrayList.forEach(ArrayList.java:1596)
	at org.junit.platform.engine.support.hierarchical.SameThreadHierarchicalTestExecutorService.invokeAll(SameThreadHierarchicalTestExecutorService.java:41)
	at org.junit.platform.engine.support.hierarchical.NodeTestTask.lambda$executeRecursively$6(NodeTestTask.java:155)
	at org.junit.platform.engine.support.hierarchical.ThrowableCollector.execute(ThrowableCollector.java:73)
	at org.junit.platform.engine.support.hierarchical.NodeTestTask.lambda$executeRecursively$8(NodeTestTask.java:141)
	at org.junit.platform.engine.support.hierarchical.Node.around(Node.java:137)
	at org.junit.platform.engine.support.hierarchical.NodeTestTask.lambda$executeRecursively$9(NodeTestTask.java:139)
	at org.junit.platform.engine.support.hierarchical.ThrowableCollector.execute(ThrowableCollector.java:73)
	at org.junit.platform.engine.support.hierarchical.NodeTestTask.executeRecursively(NodeTestTask.java:138)
	at org.junit.platform.engine.support.hierarchical.NodeTestTask.execute(NodeTestTask.java:95)
	at org.junit.platform.engine.support.hierarchical.SameThreadHierarchicalTestExecutorService.submit(SameThreadHierarchicalTestExecutorService.java:35)
	at org.junit.platform.engine.support.hierarchical.HierarchicalTestExecutor.execute(HierarchicalTestExecutor.java:57)
	at org.junit.platform.engine.support.hierarchical.HierarchicalTestEngine.execute(HierarchicalTestEngine.java:54)
	at org.junit.platform.launcher.core.EngineExecutionOrchestrator.execute(EngineExecutionOrchestrator.java:198)
	at org.junit.platform.launcher.core.EngineExecutionOrchestrator.execute(EngineExecutionOrchestrator.java:169)
	at org.junit.platform.launcher.core.EngineExecutionOrchestrator.execute(EngineExecutionOrchestrator.java:93)
	at org.junit.platform.launcher.core.EngineExecutionOrchestrator.lambda$execute$0(EngineExecutionOrchestrator.java:58)
	at org.junit.platform.launcher.core.EngineExecutionOrchestrator.withInterceptedStreams(EngineExecutionOrchestrator.java:141)
	at org.junit.platform.launcher.core.EngineExecutionOrchestrator.execute(EngineExecutionOrchestrator.java:57)
	at org.junit.platform.launcher.core.DefaultLauncher.execute(DefaultLauncher.java:103)
	at org.junit.platform.launcher.core.DefaultLauncher.execute(DefaultLauncher.java:85)
	at org.junit.platform.launcher.core.DelegatingLauncher.execute(DelegatingLauncher.java:47)
	at org.junit.platform.launcher.core.SessionPerRequestLauncher.execute(SessionPerRequestLauncher.java:63)
	at com.intellij.junit5.JUnit5IdeaTestRunner.startRunnerWithArgs(JUnit5IdeaTestRunner.java:57)
	at com.intellij.rt.junit.IdeaTestRunner$Repeater$1.execute(IdeaTestRunner.java:38)
	at com.intellij.rt.execution.junit.TestsRepeater.repeat(TestsRepeater.java:11)
	at com.intellij.rt.junit.IdeaTestRunner$Repeater.startRunnerWithArgs(IdeaTestRunner.java:35)
	at com.intellij.rt.junit.JUnitStarter.prepareStreamsAndStart(JUnitStarter.java:232)
	at com.intellij.rt.junit.JUnitStarter.main(JUnitStarter.java:55)
2025-03-03 07:58:10 [main] INFO  l.insoft.uztis.tests.utils.TestUtils - Screenshot moved to C:\Users\ingrida.zadorozniene\Desktop\Asm\UZTIS\UZTIS_tests\test-output\screenshots\20250303\075810640_testFillNewVUIApplicationFA().png
2025-03-03 07:59:51 [main] INFO  lt.insoft.uztis.tests.UztisPageTest - Navigated to https://uztisdev.asseco.lt/home
2025-03-03 07:59:51 [main] INFO  l.i.u.t.SubmittedApplicationsPageTest - Starting test:'testFillNewVUIPApplicationFA'
2025-03-03 07:59:51 [main] DEBUG l.i.u.t.SubmittedApplicationsPageTest - User logged in with test credentials.
2025-03-03 07:59:52 [main] DEBUG l.i.u.t.SubmittedApplicationsPageTest - Opened 'Application Processing' menu.
2025-03-03 07:59:52 [main] DEBUG l.i.u.t.SubmittedApplicationsPageTest - Clicked on 'Application Forms' menu.
2025-03-03 07:59:52 [main] DEBUG l.i.u.t.SubmittedApplicationsPageTest - Retrieved last description code text: 'TST-VUI-52'.
2025-03-03 07:59:52 [main] DEBUG l.i.u.t.SubmittedApplicationsPageTest - Clicked on 'Invitation' menu.
2025-03-03 07:59:53 [main] DEBUG l.i.u.t.SubmittedApplicationsPageTest - Selected application section by code: 'TST-VUI-52'.
2025-03-03 07:59:53 [main] DEBUG l.i.u.t.SubmittedApplicationsPageTest - Clicked 'Search' button.
2025-03-03 07:59:54 [main] DEBUG l.i.u.t.SubmittedApplicationsPageTest - Retrieved invitation code: ''.
2025-03-03 07:59:54 [main] DEBUG l.i.u.t.SubmittedApplicationsPageTest - Clicked on 'Submitted Applications' menu.
2025-03-03 07:59:55 [main] DEBUG l.i.u.t.SubmittedApplicationsPageTest - Selected invitation by code: 'TST-VUI-52'.
2025-03-03 07:59:55 [main] DEBUG l.i.u.t.SubmittedApplicationsPageTest - Invitation code inserted.
2025-03-03 07:59:55 [main] DEBUG l.i.u.t.SubmittedApplicationsPageTest - Clicked on 'Action Application' button.
2025-03-03 07:59:55 [main] DEBUG l.i.u.t.SubmittedApplicationsPageTest - Clicked on 'New Application' button.
2025-03-03 07:59:56 [main] DEBUG l.i.u.t.SubmittedApplicationsPageTest - Selected the 'RadioButtonFA' option.
2025-03-03 07:59:56 [main] DEBUG l.i.u.t.SubmittedApplicationsPageTest - Entered phone number: '61298745'.
2025-03-03 07:59:56 [main] DEBUG l.i.u.t.SubmittedApplicationsPageTest - Entered email: 'test@autotest.com'.
2025-03-03 07:59:56 [main] INFO  l.i.u.p.SubmittedApplicationsPage - Clicking on the dropdown button.
2025-03-03 08:00:13 [main] INFO  l.i.u.p.SubmittedApplicationsPage - Found 1741 options in the dropdown.
2025-03-03 08:00:13 [main] DEBUG l.i.u.p.SubmittedApplicationsPage - Checking option: ''
2025-03-03 08:00:13 [main] DEBUG l.i.u.p.SubmittedApplicationsPage - Checking option: '01.11 - Grūdinių (išskyrus ryžius), ankštinių ir aliejingų sėklų augalų auginimas'
2025-03-03 08:00:13 [main] INFO  l.i.u.p.SubmittedApplicationsPage - Successfully selected the value: '01.11 - Grūdinių (išskyrus ryžius), ankštinių ir aliejingų sėklų augalų auginimas'
2025-03-03 08:00:13 [main] INFO  l.i.u.p.SubmittedApplicationsPage - Attempting to close the dropdown.
2025-03-03 08:00:24 [main] INFO  l.i.u.p.SubmittedApplicationsPage - Dropdown should be closed now.
2025-03-03 08:00:24 [main] DEBUG l.i.u.t.SubmittedApplicationsPageTest - Selected EVRK value: '01.11 - Grūdinių (išskyrus ryžius), ankštinių ir aliejingų sėklų augalų auginimas'.
2025-03-03 08:00:24 [main] DEBUG l.i.u.t.SubmittedApplicationsPageTest - Entered project date.
2025-03-03 08:00:24 [main] DEBUG l.i.u.t.SubmittedApplicationsPageTest - Entered job count: '1'.
2025-03-03 08:00:25 [main] DEBUG l.i.u.t.SubmittedApplicationsPageTest - Clicked on 'Address Component' button.
2025-03-03 08:00:25 [main] INFO  l.i.u.p.SubmittedApplicationsPage - Located the dropdown button.
2025-03-03 08:00:27 [main] INFO  l.i.u.p.SubmittedApplicationsPage - Successfully selected the value: 'Lietuva'
2025-03-03 08:00:27 [main] DEBUG l.i.u.t.SubmittedApplicationsPageTest - Selected country: 'Lietuva'.
2025-03-03 08:00:27 [main] INFO  l.i.u.p.SubmittedApplicationsPage - Waiting for the overlay to disappear...
2025-03-03 08:00:58 [main] WARN  l.i.u.p.SubmittedApplicationsPage - Overlay did not disappear within the timeout.
2025-03-03 08:00:58 [main] INFO  l.i.u.p.SubmittedApplicationsPage - Clicking on the dropdown to open the search field.
2025-03-03 08:01:29 [main] ERROR l.i.u.p.SubmittedApplicationsPage - Failed to input city in the search box: Expected condition failed: waiting for visibility of element located by By.xpath: //input[@aria-label='Search for city'] (tried for 30 second(s) with 500 milliseconds interval)
Build info: version: '4.27.0', revision: 'd6e718d134'
System info: os.name: 'Windows 11', os.arch: 'amd64', os.version: '10.0', java.version: '21.0.3'
Driver info: org.openqa.selenium.chrome.ChromeDriver
Capabilities {acceptInsecureCerts: false, browserName: chrome, browserVersion: 133.0.6943.142, chrome: {chromedriverVersion: 133.0.6943.141 (2a5d6da0d61..., userDataDir: C:\Users\INGRID~1.ZAD\AppDa...}, fedcm:accounts: true, goog:chromeOptions: {debuggerAddress: localhost:60149}, networkConnectionEnabled: false, pageLoadStrategy: normal, platformName: windows, proxy: Proxy(), se:cdp: ws://localhost:60149/devtoo..., se:cdpVersion: 133.0.6943.142, setWindowRect: true, strictFileInteractability: false, timeouts: {implicit: 0, pageLoad: 300000, script: 30000}, unhandledPromptBehavior: dismiss and notify, webauthn:extension:credBlob: true, webauthn:extension:largeBlob: true, webauthn:extension:minPinLength: true, webauthn:extension:prf: true, webauthn:virtualAuthenticators: true}
Session ID: f5d82a10a50a5bf72499310a9ab206e3
2025-03-03 08:01:29 [main] INFO  l.i.u.p.SubmittedApplicationsPage - Waiting for dropdown options to be visible...
2025-03-03 08:01:29 [main] INFO  l.i.u.p.SubmittedApplicationsPage - Dropdown options found: 10
2025-03-03 08:01:39 [main] WARN  l.i.u.p.SubmittedApplicationsPage - Could not find expected structure inside dropdown option.
2025-03-03 08:04:38 [main] INFO  lt.insoft.uztis.tests.UztisPageTest - Navigated to https://uztisdev.asseco.lt/home
2025-03-03 08:04:38 [main] INFO  l.i.u.t.SubmittedApplicationsPageTest - Starting test:'testFillNewVUIPApplicationFA'
2025-03-03 08:04:38 [main] DEBUG l.i.u.t.SubmittedApplicationsPageTest - User logged in with test credentials.
2025-03-03 08:04:39 [main] DEBUG l.i.u.t.SubmittedApplicationsPageTest - Opened 'Application Processing' menu.
2025-03-03 08:04:39 [main] DEBUG l.i.u.t.SubmittedApplicationsPageTest - Clicked on 'Application Forms' menu.
2025-03-03 08:04:39 [main] DEBUG l.i.u.t.SubmittedApplicationsPageTest - Retrieved last description code text: 'TST-VUI-52'.
2025-03-03 08:04:40 [main] DEBUG l.i.u.t.SubmittedApplicationsPageTest - Clicked on 'Invitation' menu.
2025-03-03 08:04:41 [main] DEBUG l.i.u.t.SubmittedApplicationsPageTest - Selected application section by code: 'TST-VUI-52'.
2025-03-03 08:04:41 [main] DEBUG l.i.u.t.SubmittedApplicationsPageTest - Clicked 'Search' button.
2025-03-03 08:04:41 [main] DEBUG l.i.u.t.SubmittedApplicationsPageTest - Retrieved invitation code: ''.
2025-03-03 08:04:41 [main] DEBUG l.i.u.t.SubmittedApplicationsPageTest - Clicked on 'Submitted Applications' menu.
2025-03-03 08:04:42 [main] DEBUG l.i.u.t.SubmittedApplicationsPageTest - Selected invitation by code: 'TST-VUI-52'.
2025-03-03 08:04:42 [main] DEBUG l.i.u.t.SubmittedApplicationsPageTest - Invitation code inserted.
2025-03-03 08:04:42 [main] DEBUG l.i.u.t.SubmittedApplicationsPageTest - Clicked on 'Action Application' button.
2025-03-03 08:04:43 [main] DEBUG l.i.u.t.SubmittedApplicationsPageTest - Clicked on 'New Application' button.
2025-03-03 08:04:43 [main] DEBUG l.i.u.t.SubmittedApplicationsPageTest - Selected the 'RadioButtonFA' option.
2025-03-03 08:04:43 [main] DEBUG l.i.u.t.SubmittedApplicationsPageTest - Entered phone number: '61298745'.
2025-03-03 08:04:44 [main] DEBUG l.i.u.t.SubmittedApplicationsPageTest - Entered email: 'test@autotest.com'.
2025-03-03 08:04:44 [main] INFO  l.i.u.p.SubmittedApplicationsPage - Clicking on the dropdown button.
2025-03-03 08:05:02 [main] INFO  l.i.u.p.SubmittedApplicationsPage - Found 1741 options in the dropdown.
2025-03-03 08:05:02 [main] DEBUG l.i.u.p.SubmittedApplicationsPage - Checking option: ''
2025-03-03 08:05:02 [main] DEBUG l.i.u.p.SubmittedApplicationsPage - Checking option: '01.11 - Grūdinių (išskyrus ryžius), ankštinių ir aliejingų sėklų augalų auginimas'
2025-03-03 08:05:02 [main] INFO  l.i.u.p.SubmittedApplicationsPage - Successfully selected the value: '01.11 - Grūdinių (išskyrus ryžius), ankštinių ir aliejingų sėklų augalų auginimas'
2025-03-03 08:05:02 [main] INFO  l.i.u.p.SubmittedApplicationsPage - Attempting to close the dropdown.
2025-03-03 08:05:13 [main] INFO  l.i.u.p.SubmittedApplicationsPage - Dropdown should be closed now.
2025-03-03 08:05:13 [main] DEBUG l.i.u.t.SubmittedApplicationsPageTest - Selected EVRK value: '01.11 - Grūdinių (išskyrus ryžius), ankštinių ir aliejingų sėklų augalų auginimas'.
2025-03-03 08:05:13 [main] DEBUG l.i.u.t.SubmittedApplicationsPageTest - Entered project date.
2025-03-03 08:05:13 [main] DEBUG l.i.u.t.SubmittedApplicationsPageTest - Entered job count: '1'.
2025-03-03 08:05:13 [main] DEBUG l.i.u.t.SubmittedApplicationsPageTest - Clicked on 'Address Component' button.
2025-03-03 08:05:13 [main] INFO  l.i.u.p.SubmittedApplicationsPage - Located the dropdown button.
2025-03-03 08:05:16 [main] INFO  l.i.u.p.SubmittedApplicationsPage - Successfully selected the value: 'Lietuva'
2025-03-03 08:05:16 [main] DEBUG l.i.u.t.SubmittedApplicationsPageTest - Selected country: 'Lietuva'.
2025-03-03 08:05:46 [main] ERROR l.i.u.p.SubmittedApplicationsPage - Error during search and selection: Expected condition failed: waiting for element to no longer be visible: By.className: cdk-overlay-backdrop (tried for 30 second(s) with 500 milliseconds interval)
Build info: version: '4.27.0', revision: 'd6e718d134'
System info: os.name: 'Windows 11', os.arch: 'amd64', os.version: '10.0', java.version: '21.0.3'
Driver info: org.openqa.selenium.chrome.ChromeDriver
Capabilities {acceptInsecureCerts: false, browserName: chrome, browserVersion: 133.0.6943.142, chrome: {chromedriverVersion: 133.0.6943.141 (2a5d6da0d61..., userDataDir: C:\Users\INGRID~1.ZAD\AppDa...}, fedcm:accounts: true, goog:chromeOptions: {debuggerAddress: localhost:60337}, networkConnectionEnabled: false, pageLoadStrategy: normal, platformName: windows, proxy: Proxy(), se:cdp: ws://localhost:60337/devtoo..., se:cdpVersion: 133.0.6943.142, setWindowRect: true, strictFileInteractability: false, timeouts: {implicit: 0, pageLoad: 300000, script: 30000}, unhandledPromptBehavior: dismiss and notify, webauthn:extension:credBlob: true, webauthn:extension:largeBlob: true, webauthn:extension:minPinLength: true, webauthn:extension:prf: true, webauthn:virtualAuthenticators: true}
Session ID: bed8e4f0164f9d89945649890d24b478
2025-03-03 08:05:46 [main] DEBUG l.i.u.t.SubmittedApplicationsPageTest - Selected city: 'Vilnius' and district: 'Vilniaus miesto sav.'.
2025-03-03 08:05:46 [main] INFO  l.i.u.p.SubmittedApplicationsPage - Located the dropdown button.
2025-03-03 08:05:46 [main] WARN  l.i.u.p.SubmittedApplicationsPage - Dropdown value 'V. Grybo g.' not found.
2025-03-03 08:07:03 [main] INFO  lt.insoft.uztis.tests.UztisPageTest - Navigated to https://uztisdev.asseco.lt/home
2025-03-03 08:07:03 [main] INFO  l.i.u.t.SubmittedApplicationsPageTest - Starting test:'testFillNewVUIPApplicationFA'
2025-03-03 08:07:04 [main] DEBUG l.i.u.t.SubmittedApplicationsPageTest - User logged in with test credentials.
2025-03-03 08:07:04 [main] DEBUG l.i.u.t.SubmittedApplicationsPageTest - Opened 'Application Processing' menu.
2025-03-03 08:07:04 [main] DEBUG l.i.u.t.SubmittedApplicationsPageTest - Clicked on 'Application Forms' menu.
2025-03-03 08:07:05 [main] DEBUG l.i.u.t.SubmittedApplicationsPageTest - Retrieved last description code text: 'TST-VUI-52'.
2025-03-03 08:07:05 [main] DEBUG l.i.u.t.SubmittedApplicationsPageTest - Clicked on 'Invitation' menu.
2025-03-03 08:07:06 [main] DEBUG l.i.u.t.SubmittedApplicationsPageTest - Selected application section by code: 'TST-VUI-52'.
2025-03-03 08:07:06 [main] DEBUG l.i.u.t.SubmittedApplicationsPageTest - Clicked 'Search' button.
2025-03-03 08:07:06 [main] DEBUG l.i.u.t.SubmittedApplicationsPageTest - Retrieved invitation code: ''.
2025-03-03 08:07:06 [main] DEBUG l.i.u.t.SubmittedApplicationsPageTest - Clicked on 'Submitted Applications' menu.
2025-03-03 08:07:07 [main] DEBUG l.i.u.t.SubmittedApplicationsPageTest - Selected invitation by code: 'TST-VUI-52'.
2025-03-03 08:07:07 [main] DEBUG l.i.u.t.SubmittedApplicationsPageTest - Invitation code inserted.
2025-03-03 08:07:07 [main] DEBUG l.i.u.t.SubmittedApplicationsPageTest - Clicked on 'Action Application' button.
2025-03-03 08:07:08 [main] DEBUG l.i.u.t.SubmittedApplicationsPageTest - Clicked on 'New Application' button.
2025-03-03 08:07:08 [main] DEBUG l.i.u.t.SubmittedApplicationsPageTest - Selected the 'RadioButtonFA' option.
2025-03-03 08:07:08 [main] DEBUG l.i.u.t.SubmittedApplicationsPageTest - Entered phone number: '61298745'.
2025-03-03 08:07:08 [main] DEBUG l.i.u.t.SubmittedApplicationsPageTest - Entered email: 'test@autotest.com'.
2025-03-03 08:07:08 [main] INFO  l.i.u.p.SubmittedApplicationsPage - Clicking on the dropdown button.
2025-03-03 08:07:25 [main] INFO  l.i.u.p.SubmittedApplicationsPage - Found 1741 options in the dropdown.
2025-03-03 08:07:25 [main] DEBUG l.i.u.p.SubmittedApplicationsPage - Checking option: ''
2025-03-03 08:07:25 [main] DEBUG l.i.u.p.SubmittedApplicationsPage - Checking option: '01.11 - Grūdinių (išskyrus ryžius), ankštinių ir aliejingų sėklų augalų auginimas'
2025-03-03 08:07:25 [main] INFO  l.i.u.p.SubmittedApplicationsPage - Successfully selected the value: '01.11 - Grūdinių (išskyrus ryžius), ankštinių ir aliejingų sėklų augalų auginimas'
2025-03-03 08:07:25 [main] INFO  l.i.u.p.SubmittedApplicationsPage - Attempting to close the dropdown.
2025-03-03 08:07:36 [main] INFO  l.i.u.p.SubmittedApplicationsPage - Dropdown should be closed now.
2025-03-03 08:07:36 [main] DEBUG l.i.u.t.SubmittedApplicationsPageTest - Selected EVRK value: '01.11 - Grūdinių (išskyrus ryžius), ankštinių ir aliejingų sėklų augalų auginimas'.
2025-03-03 08:07:36 [main] DEBUG l.i.u.t.SubmittedApplicationsPageTest - Entered project date.
2025-03-03 08:07:36 [main] DEBUG l.i.u.t.SubmittedApplicationsPageTest - Entered job count: '1'.
2025-03-03 08:07:36 [main] DEBUG l.i.u.t.SubmittedApplicationsPageTest - Clicked on 'Address Component' button.
2025-03-03 08:07:36 [main] INFO  l.i.u.p.SubmittedApplicationsPage - Located the dropdown button.
2025-03-03 08:07:39 [main] INFO  l.i.u.p.SubmittedApplicationsPage - Successfully selected the value: 'Lietuva'
2025-03-03 08:07:39 [main] DEBUG l.i.u.t.SubmittedApplicationsPageTest - Selected country: 'Lietuva'.
2025-03-03 08:08:09 [main] ERROR l.i.u.p.SubmittedApplicationsPage - Error during search and selection: Expected condition failed: waiting for element to no longer be visible: By.className: cdk-overlay-backdrop (tried for 30 second(s) with 500 milliseconds interval)
Build info: version: '4.27.0', revision: 'd6e718d134'
System info: os.name: 'Windows 11', os.arch: 'amd64', os.version: '10.0', java.version: '21.0.3'
Driver info: org.openqa.selenium.chrome.ChromeDriver
Capabilities {acceptInsecureCerts: false, browserName: chrome, browserVersion: 133.0.6943.142, chrome: {chromedriverVersion: 133.0.6943.141 (2a5d6da0d61..., userDataDir: C:\Users\INGRID~1.ZAD\AppDa...}, fedcm:accounts: true, goog:chromeOptions: {debuggerAddress: localhost:60453}, networkConnectionEnabled: false, pageLoadStrategy: normal, platformName: windows, proxy: Proxy(), se:cdp: ws://localhost:60453/devtoo..., se:cdpVersion: 133.0.6943.142, setWindowRect: true, strictFileInteractability: false, timeouts: {implicit: 0, pageLoad: 300000, script: 30000}, unhandledPromptBehavior: dismiss and notify, webauthn:extension:credBlob: true, webauthn:extension:largeBlob: true, webauthn:extension:minPinLength: true, webauthn:extension:prf: true, webauthn:virtualAuthenticators: true}
Session ID: 6b6fe036de6232d5ab51cad633974306
2025-03-03 08:08:09 [main] DEBUG l.i.u.t.SubmittedApplicationsPageTest - Selected city: 'Vilnius' and district: 'Vilniaus miesto sav.'.
2025-03-03 08:08:09 [main] INFO  l.i.u.p.SubmittedApplicationsPage - Located the dropdown button.
2025-03-03 08:08:09 [main] WARN  l.i.u.p.SubmittedApplicationsPage - Dropdown value 'V. Grybo g.' not found.
2025-03-03 08:08:40 [main] ERROR l.i.u.p.SubmittedApplicationsPage - Timeout while waiting for dropdown to close with aria-expanded = 'false'.
2025-03-03 08:08:40 [main] DEBUG l.i.u.t.SubmittedApplicationsPageTest - Selected street: 'V. Grybo g.'.
2025-03-03 08:08:40 [main] INFO  l.i.u.p.SubmittedApplicationsPage - Located the dropdown button.
2025-03-03 08:23:36 [main] INFO  lt.insoft.uztis.tests.UztisPageTest - Navigated to https://uztisdev.asseco.lt/home
2025-03-03 08:23:37 [main] INFO  l.i.u.t.SubmittedApplicationsPageTest - Starting test:'testFillNewVUIPApplicationFA'
2025-03-03 08:23:37 [main] DEBUG l.i.u.t.SubmittedApplicationsPageTest - User logged in with test credentials.
2025-03-03 08:23:38 [main] DEBUG l.i.u.t.SubmittedApplicationsPageTest - Opened 'Application Processing' menu.
2025-03-03 08:23:38 [main] DEBUG l.i.u.t.SubmittedApplicationsPageTest - Clicked on 'Application Forms' menu.
2025-03-03 08:23:38 [main] DEBUG l.i.u.t.SubmittedApplicationsPageTest - Retrieved last description code text: 'TST-VUI-52'.
2025-03-03 08:23:38 [main] DEBUG l.i.u.t.SubmittedApplicationsPageTest - Clicked on 'Invitation' menu.
2025-03-03 08:23:39 [main] DEBUG l.i.u.t.SubmittedApplicationsPageTest - Selected application section by code: 'TST-VUI-52'.
2025-03-03 08:23:39 [main] DEBUG l.i.u.t.SubmittedApplicationsPageTest - Clicked 'Search' button.
2025-03-03 08:23:39 [main] DEBUG l.i.u.t.SubmittedApplicationsPageTest - Retrieved invitation code: ''.
2025-03-03 08:23:39 [main] DEBUG l.i.u.t.SubmittedApplicationsPageTest - Clicked on 'Submitted Applications' menu.
2025-03-03 08:23:41 [main] DEBUG l.i.u.t.SubmittedApplicationsPageTest - Selected invitation by code: 'TST-VUI-52'.
2025-03-03 08:23:41 [main] DEBUG l.i.u.t.SubmittedApplicationsPageTest - Invitation code inserted.
2025-03-03 08:23:41 [main] DEBUG l.i.u.t.SubmittedApplicationsPageTest - Clicked on 'Action Application' button.
2025-03-03 08:23:41 [main] DEBUG l.i.u.t.SubmittedApplicationsPageTest - Clicked on 'New Application' button.
2025-03-03 08:23:42 [main] DEBUG l.i.u.t.SubmittedApplicationsPageTest - Selected the 'RadioButtonFA' option.
2025-03-03 08:23:42 [main] DEBUG l.i.u.t.SubmittedApplicationsPageTest - Entered phone number: '61298745'.
2025-03-03 08:23:42 [main] DEBUG l.i.u.t.SubmittedApplicationsPageTest - Entered email: 'test@autotest.com'.
2025-03-03 08:23:42 [main] INFO  l.i.u.p.SubmittedApplicationsPage - Clicking on the dropdown button.
2025-03-03 08:24:00 [main] INFO  l.i.u.p.SubmittedApplicationsPage - Found 1741 options in the dropdown.
2025-03-03 08:24:00 [main] DEBUG l.i.u.p.SubmittedApplicationsPage - Checking option: ''
2025-03-03 08:24:00 [main] DEBUG l.i.u.p.SubmittedApplicationsPage - Checking option: '01.11 - Grūdinių (išskyrus ryžius), ankštinių ir aliejingų sėklų augalų auginimas'
2025-03-03 08:24:00 [main] INFO  l.i.u.p.SubmittedApplicationsPage - Successfully selected the value: '01.11 - Grūdinių (išskyrus ryžius), ankštinių ir aliejingų sėklų augalų auginimas'
2025-03-03 08:24:00 [main] INFO  l.i.u.p.SubmittedApplicationsPage - Attempting to close the dropdown.
2025-03-03 08:24:10 [main] INFO  l.i.u.p.SubmittedApplicationsPage - Dropdown should be closed now.
2025-03-03 08:24:10 [main] DEBUG l.i.u.t.SubmittedApplicationsPageTest - Selected EVRK value: '01.11 - Grūdinių (išskyrus ryžius), ankštinių ir aliejingų sėklų augalų auginimas'.
2025-03-03 08:24:11 [main] DEBUG l.i.u.t.SubmittedApplicationsPageTest - Entered project date.
2025-03-03 08:24:11 [main] DEBUG l.i.u.t.SubmittedApplicationsPageTest - Entered job count: '1'.
2025-03-03 08:24:11 [main] DEBUG l.i.u.t.SubmittedApplicationsPageTest - Clicked on 'Address Component' button.
2025-03-03 08:24:11 [main] INFO  l.i.u.p.SubmittedApplicationsPage - Located the dropdown button.
2025-03-03 08:24:13 [main] INFO  l.i.u.p.SubmittedApplicationsPage - Successfully selected the value: 'Lietuva'
2025-03-03 08:24:13 [main] DEBUG l.i.u.t.SubmittedApplicationsPageTest - Selected country: 'Lietuva'.
2025-03-03 08:24:13 [main] ERROR l.i.u.t.SubmittedApplicationsPageTest - Test 'testFillNewVUIApplicationFA' failed with error: invalid selector: Unable to locate an element with the xpath expression const searchField = document.evaluate("//input[@placeholder='Ieškoti...']", document, null, XPathResult.FIRST_ORDERED_NODE_TYPE, null).singleNodeValue; because of the following error:
SyntaxError: Failed to execute 'evaluate' on 'Document': The string 'const searchField = document.evaluate("//input[@placeholder='Ieškoti...']", document, null, XPathResult.FIRST_ORDERED_NODE_TYPE, null).singleNodeValue;' is not a valid XPath expression.
  (Session info: chrome=133.0.6943.142)
For documentation on this error, please visit: https://www.selenium.dev/documentation/webdriver/troubleshooting/errors#invalid-selector-exception
Build info: version: '4.27.0', revision: 'd6e718d134'
System info: os.name: 'Windows 11', os.arch: 'amd64', os.version: '10.0', java.version: '21.0.3'
Driver info: org.openqa.selenium.chrome.ChromeDriver
Command: [42389dd478a3c04f692e346d888aacf7, findElement {value=const searchField = document.evaluate("//input[@placeholder='Ieškoti...']", document, null, XPathResult.FIRST_ORDERED_NODE_TYPE, null).singleNodeValue;, using=xpath}]
Capabilities {acceptInsecureCerts: false, browserName: chrome, browserVersion: 133.0.6943.142, chrome: {chromedriverVersion: 133.0.6943.141 (2a5d6da0d61..., userDataDir: C:\Users\INGRID~1.ZAD\AppDa...}, fedcm:accounts: true, goog:chromeOptions: {debuggerAddress: localhost:61003}, networkConnectionEnabled: false, pageLoadStrategy: normal, platformName: windows, proxy: Proxy(), se:cdp: ws://localhost:61003/devtoo..., se:cdpVersion: 133.0.6943.142, setWindowRect: true, strictFileInteractability: false, timeouts: {implicit: 0, pageLoad: 300000, script: 30000}, unhandledPromptBehavior: dismiss and notify, webauthn:extension:credBlob: true, webauthn:extension:largeBlob: true, webauthn:extension:minPinLength: true, webauthn:extension:prf: true, webauthn:virtualAuthenticators: true}
Session ID: 42389dd478a3c04f692e346d888aacf7
org.openqa.selenium.InvalidSelectorException: invalid selector: Unable to locate an element with the xpath expression const searchField = document.evaluate("//input[@placeholder='Ieškoti...']", document, null, XPathResult.FIRST_ORDERED_NODE_TYPE, null).singleNodeValue; because of the following error:
SyntaxError: Failed to execute 'evaluate' on 'Document': The string 'const searchField = document.evaluate("//input[@placeholder='Ieškoti...']", document, null, XPathResult.FIRST_ORDERED_NODE_TYPE, null).singleNodeValue;' is not a valid XPath expression.
  (Session info: chrome=133.0.6943.142)
For documentation on this error, please visit: https://www.selenium.dev/documentation/webdriver/troubleshooting/errors#invalid-selector-exception
Build info: version: '4.27.0', revision: 'd6e718d134'
System info: os.name: 'Windows 11', os.arch: 'amd64', os.version: '10.0', java.version: '21.0.3'
Driver info: org.openqa.selenium.chrome.ChromeDriver
Command: [42389dd478a3c04f692e346d888aacf7, findElement {value=const searchField = document.evaluate("//input[@placeholder='Ieškoti...']", document, null, XPathResult.FIRST_ORDERED_NODE_TYPE, null).singleNodeValue;, using=xpath}]
Capabilities {acceptInsecureCerts: false, browserName: chrome, browserVersion: 133.0.6943.142, chrome: {chromedriverVersion: 133.0.6943.141 (2a5d6da0d61..., userDataDir: C:\Users\INGRID~1.ZAD\AppDa...}, fedcm:accounts: true, goog:chromeOptions: {debuggerAddress: localhost:61003}, networkConnectionEnabled: false, pageLoadStrategy: normal, platformName: windows, proxy: Proxy(), se:cdp: ws://localhost:61003/devtoo..., se:cdpVersion: 133.0.6943.142, setWindowRect: true, strictFileInteractability: false, timeouts: {implicit: 0, pageLoad: 300000, script: 30000}, unhandledPromptBehavior: dismiss and notify, webauthn:extension:credBlob: true, webauthn:extension:largeBlob: true, webauthn:extension:minPinLength: true, webauthn:extension:prf: true, webauthn:virtualAuthenticators: true}
Session ID: 42389dd478a3c04f692e346d888aacf7
	at java.base/jdk.internal.reflect.DirectConstructorHandleAccessor.newInstance(DirectConstructorHandleAccessor.java:62)
	at java.base/java.lang.reflect.Constructor.newInstanceWithCaller(Constructor.java:502)
	at java.base/java.lang.reflect.Constructor.newInstance(Constructor.java:486)
	at org.openqa.selenium.remote.ErrorCodec.decode(ErrorCodec.java:167)
	at org.openqa.selenium.remote.codec.w3c.W3CHttpResponseCodec.decode(W3CHttpResponseCodec.java:138)
	at org.openqa.selenium.remote.codec.w3c.W3CHttpResponseCodec.decode(W3CHttpResponseCodec.java:50)
	at org.openqa.selenium.remote.HttpCommandExecutor.execute(HttpCommandExecutor.java:190)
	at org.openqa.selenium.remote.service.DriverCommandExecutor.invokeExecute(DriverCommandExecutor.java:216)
	at org.openqa.selenium.remote.service.DriverCommandExecutor.execute(DriverCommandExecutor.java:174)
	at org.openqa.selenium.remote.RemoteWebDriver.execute(RemoteWebDriver.java:545)
	at org.openqa.selenium.remote.ElementLocation$ElementFinder$2.findElement(ElementLocation.java:165)
	at org.openqa.selenium.remote.ElementLocation.findElement(ElementLocation.java:59)
	at org.openqa.selenium.remote.RemoteWebDriver.findElement(RemoteWebDriver.java:368)
	at org.openqa.selenium.remote.RemoteWebDriver.findElement(RemoteWebDriver.java:362)
	at org.openqa.selenium.support.pagefactory.DefaultElementLocator.findElement(DefaultElementLocator.java:68)
	at org.openqa.selenium.support.pagefactory.internal.LocatingElementHandler.invoke(LocatingElementHandler.java:38)
	at jdk.proxy2/jdk.proxy2.$Proxy14.sendKeys(Unknown Source)
	at lt.insoft.uztis.pages.SubmittedApplicationsPage.enterCityName(SubmittedApplicationsPage.java:752)
	at lt.insoft.uztis.tests.SubmittedApplicationsPageTest.testFillNewVUIApplicationFA(SubmittedApplicationsPageTest.java:200)
	at java.base/jdk.internal.reflect.DirectMethodHandleAccessor.invoke(DirectMethodHandleAccessor.java:103)
	at java.base/java.lang.reflect.Method.invoke(Method.java:580)
	at org.junit.platform.commons.util.ReflectionUtils.invokeMethod(ReflectionUtils.java:728)
	at org.junit.jupiter.engine.execution.MethodInvocation.proceed(MethodInvocation.java:60)
	at org.junit.jupiter.engine.execution.InvocationInterceptorChain$ValidatingInvocation.proceed(InvocationInterceptorChain.java:131)
	at org.junit.jupiter.engine.extension.TimeoutExtension.intercept(TimeoutExtension.java:156)
	at org.junit.jupiter.engine.extension.TimeoutExtension.interceptTestableMethod(TimeoutExtension.java:147)
	at org.junit.jupiter.engine.extension.TimeoutExtension.interceptTestMethod(TimeoutExtension.java:86)
	at org.junit.jupiter.engine.execution.InterceptingExecutableInvoker$ReflectiveInterceptorCall.lambda$ofVoidMethod$0(InterceptingExecutableInvoker.java:103)
	at org.junit.jupiter.engine.execution.InterceptingExecutableInvoker.lambda$invoke$0(InterceptingExecutableInvoker.java:93)
	at org.junit.jupiter.engine.execution.InvocationInterceptorChain$InterceptedInvocation.proceed(InvocationInterceptorChain.java:106)
	at org.junit.jupiter.engine.execution.InvocationInterceptorChain.proceed(InvocationInterceptorChain.java:64)
	at org.junit.jupiter.engine.execution.InvocationInterceptorChain.chainAndInvoke(InvocationInterceptorChain.java:45)
	at org.junit.jupiter.engine.execution.InvocationInterceptorChain.invoke(InvocationInterceptorChain.java:37)
	at org.junit.jupiter.engine.execution.InterceptingExecutableInvoker.invoke(InterceptingExecutableInvoker.java:92)
	at org.junit.jupiter.engine.execution.InterceptingExecutableInvoker.invoke(InterceptingExecutableInvoker.java:86)
	at org.junit.jupiter.engine.descriptor.TestMethodTestDescriptor.lambda$invokeTestMethod$7(TestMethodTestDescriptor.java:218)
	at org.junit.platform.engine.support.hierarchical.ThrowableCollector.execute(ThrowableCollector.java:73)
	at org.junit.jupiter.engine.descriptor.TestMethodTestDescriptor.invokeTestMethod(TestMethodTestDescriptor.java:214)
	at org.junit.jupiter.engine.descriptor.TestMethodTestDescriptor.execute(TestMethodTestDescriptor.java:139)
	at org.junit.jupiter.engine.descriptor.TestMethodTestDescriptor.execute(TestMethodTestDescriptor.java:69)
	at org.junit.platform.engine.support.hierarchical.NodeTestTask.lambda$executeRecursively$6(NodeTestTask.java:151)
	at org.junit.platform.engine.support.hierarchical.ThrowableCollector.execute(ThrowableCollector.java:73)
	at org.junit.platform.engine.support.hierarchical.NodeTestTask.lambda$executeRecursively$8(NodeTestTask.java:141)
	at org.junit.platform.engine.support.hierarchical.Node.around(Node.java:137)
	at org.junit.platform.engine.support.hierarchical.NodeTestTask.lambda$executeRecursively$9(NodeTestTask.java:139)
	at org.junit.platform.engine.support.hierarchical.ThrowableCollector.execute(ThrowableCollector.java:73)
	at org.junit.platform.engine.support.hierarchical.NodeTestTask.executeRecursively(NodeTestTask.java:138)
	at org.junit.platform.engine.support.hierarchical.NodeTestTask.execute(NodeTestTask.java:95)
	at java.base/java.util.ArrayList.forEach(ArrayList.java:1596)
	at org.junit.platform.engine.support.hierarchical.SameThreadHierarchicalTestExecutorService.invokeAll(SameThreadHierarchicalTestExecutorService.java:41)
	at org.junit.platform.engine.support.hierarchical.NodeTestTask.lambda$executeRecursively$6(NodeTestTask.java:155)
	at org.junit.platform.engine.support.hierarchical.ThrowableCollector.execute(ThrowableCollector.java:73)
	at org.junit.platform.engine.support.hierarchical.NodeTestTask.lambda$executeRecursively$8(NodeTestTask.java:141)
	at org.junit.platform.engine.support.hierarchical.Node.around(Node.java:137)
	at org.junit.platform.engine.support.hierarchical.NodeTestTask.lambda$executeRecursively$9(NodeTestTask.java:139)
	at org.junit.platform.engine.support.hierarchical.ThrowableCollector.execute(ThrowableCollector.java:73)
	at org.junit.platform.engine.support.hierarchical.NodeTestTask.executeRecursively(NodeTestTask.java:138)
	at org.junit.platform.engine.support.hierarchical.NodeTestTask.execute(NodeTestTask.java:95)
	at java.base/java.util.ArrayList.forEach(ArrayList.java:1596)
	at org.junit.platform.engine.support.hierarchical.SameThreadHierarchicalTestExecutorService.invokeAll(SameThreadHierarchicalTestExecutorService.java:41)
	at org.junit.platform.engine.support.hierarchical.NodeTestTask.lambda$executeRecursively$6(NodeTestTask.java:155)
	at org.junit.platform.engine.support.hierarchical.ThrowableCollector.execute(ThrowableCollector.java:73)
	at org.junit.platform.engine.support.hierarchical.NodeTestTask.lambda$executeRecursively$8(NodeTestTask.java:141)
	at org.junit.platform.engine.support.hierarchical.Node.around(Node.java:137)
	at org.junit.platform.engine.support.hierarchical.NodeTestTask.lambda$executeRecursively$9(NodeTestTask.java:139)
	at org.junit.platform.engine.support.hierarchical.ThrowableCollector.execute(ThrowableCollector.java:73)
	at org.junit.platform.engine.support.hierarchical.NodeTestTask.executeRecursively(NodeTestTask.java:138)
	at org.junit.platform.engine.support.hierarchical.NodeTestTask.execute(NodeTestTask.java:95)
	at org.junit.platform.engine.support.hierarchical.SameThreadHierarchicalTestExecutorService.submit(SameThreadHierarchicalTestExecutorService.java:35)
	at org.junit.platform.engine.support.hierarchical.HierarchicalTestExecutor.execute(HierarchicalTestExecutor.java:57)
	at org.junit.platform.engine.support.hierarchical.HierarchicalTestEngine.execute(HierarchicalTestEngine.java:54)
	at org.junit.platform.launcher.core.EngineExecutionOrchestrator.execute(EngineExecutionOrchestrator.java:198)
	at org.junit.platform.launcher.core.EngineExecutionOrchestrator.execute(EngineExecutionOrchestrator.java:169)
	at org.junit.platform.launcher.core.EngineExecutionOrchestrator.execute(EngineExecutionOrchestrator.java:93)
	at org.junit.platform.launcher.core.EngineExecutionOrchestrator.lambda$execute$0(EngineExecutionOrchestrator.java:58)
	at org.junit.platform.launcher.core.EngineExecutionOrchestrator.withInterceptedStreams(EngineExecutionOrchestrator.java:141)
	at org.junit.platform.launcher.core.EngineExecutionOrchestrator.execute(EngineExecutionOrchestrator.java:57)
	at org.junit.platform.launcher.core.DefaultLauncher.execute(DefaultLauncher.java:103)
	at org.junit.platform.launcher.core.DefaultLauncher.execute(DefaultLauncher.java:85)
	at org.junit.platform.launcher.core.DelegatingLauncher.execute(DelegatingLauncher.java:47)
	at org.junit.platform.launcher.core.SessionPerRequestLauncher.execute(SessionPerRequestLauncher.java:63)
	at com.intellij.junit5.JUnit5IdeaTestRunner.startRunnerWithArgs(JUnit5IdeaTestRunner.java:57)
	at com.intellij.rt.junit.IdeaTestRunner$Repeater$1.execute(IdeaTestRunner.java:38)
	at com.intellij.rt.execution.junit.TestsRepeater.repeat(TestsRepeater.java:11)
	at com.intellij.rt.junit.IdeaTestRunner$Repeater.startRunnerWithArgs(IdeaTestRunner.java:35)
	at com.intellij.rt.junit.JUnitStarter.prepareStreamsAndStart(JUnitStarter.java:232)
	at com.intellij.rt.junit.JUnitStarter.main(JUnitStarter.java:55)
2025-03-03 08:24:14 [main] INFO  l.insoft.uztis.tests.utils.TestUtils - Screenshot moved to C:\Users\ingrida.zadorozniene\Desktop\Asm\UZTIS\UZTIS_tests\test-output\screenshots\20250303\082414063_testFillNewVUIApplicationFA().png
2025-03-03 08:30:14 [main] INFO  lt.insoft.uztis.tests.UztisPageTest - Navigated to https://uztisdev.asseco.lt/home
2025-03-03 08:30:14 [main] INFO  l.i.u.t.SubmittedApplicationsPageTest - Starting test:'testFillNewVUIPApplicationFA'
2025-03-03 08:30:15 [main] DEBUG l.i.u.t.SubmittedApplicationsPageTest - User logged in with test credentials.
2025-03-03 08:30:15 [main] DEBUG l.i.u.t.SubmittedApplicationsPageTest - Opened 'Application Processing' menu.
2025-03-03 08:30:15 [main] DEBUG l.i.u.t.SubmittedApplicationsPageTest - Clicked on 'Application Forms' menu.
2025-03-03 08:30:16 [main] DEBUG l.i.u.t.SubmittedApplicationsPageTest - Retrieved last description code text: 'TST-VUI-52'.
2025-03-03 08:30:16 [main] DEBUG l.i.u.t.SubmittedApplicationsPageTest - Clicked on 'Invitation' menu.
2025-03-03 08:30:17 [main] DEBUG l.i.u.t.SubmittedApplicationsPageTest - Selected application section by code: 'TST-VUI-52'.
2025-03-03 08:30:17 [main] DEBUG l.i.u.t.SubmittedApplicationsPageTest - Clicked 'Search' button.
2025-03-03 08:30:17 [main] DEBUG l.i.u.t.SubmittedApplicationsPageTest - Retrieved invitation code: ''.
2025-03-03 08:30:17 [main] DEBUG l.i.u.t.SubmittedApplicationsPageTest - Clicked on 'Submitted Applications' menu.
2025-03-03 08:30:18 [main] DEBUG l.i.u.t.SubmittedApplicationsPageTest - Selected invitation by code: 'TST-VUI-52'.
2025-03-03 08:30:18 [main] DEBUG l.i.u.t.SubmittedApplicationsPageTest - Invitation code inserted.
2025-03-03 08:30:19 [main] DEBUG l.i.u.t.SubmittedApplicationsPageTest - Clicked on 'Action Application' button.
2025-03-03 08:30:19 [main] DEBUG l.i.u.t.SubmittedApplicationsPageTest - Clicked on 'New Application' button.
2025-03-03 08:30:19 [main] DEBUG l.i.u.t.SubmittedApplicationsPageTest - Selected the 'RadioButtonFA' option.
2025-03-03 08:30:19 [main] DEBUG l.i.u.t.SubmittedApplicationsPageTest - Entered phone number: '61298745'.
2025-03-03 08:30:20 [main] DEBUG l.i.u.t.SubmittedApplicationsPageTest - Entered email: 'test@autotest.com'.
2025-03-03 08:30:20 [main] INFO  l.i.u.p.SubmittedApplicationsPage - Clicking on the dropdown button.
2025-03-03 08:30:36 [main] INFO  l.i.u.p.SubmittedApplicationsPage - Found 1741 options in the dropdown.
2025-03-03 08:30:36 [main] DEBUG l.i.u.p.SubmittedApplicationsPage - Checking option: ''
2025-03-03 08:30:36 [main] DEBUG l.i.u.p.SubmittedApplicationsPage - Checking option: '01.11 - Grūdinių (išskyrus ryžius), ankštinių ir aliejingų sėklų augalų auginimas'
2025-03-03 08:30:36 [main] INFO  l.i.u.p.SubmittedApplicationsPage - Successfully selected the value: '01.11 - Grūdinių (išskyrus ryžius), ankštinių ir aliejingų sėklų augalų auginimas'
2025-03-03 08:30:36 [main] INFO  l.i.u.p.SubmittedApplicationsPage - Attempting to close the dropdown.
2025-03-03 08:30:47 [main] INFO  l.i.u.p.SubmittedApplicationsPage - Dropdown should be closed now.
2025-03-03 08:30:47 [main] DEBUG l.i.u.t.SubmittedApplicationsPageTest - Selected EVRK value: '01.11 - Grūdinių (išskyrus ryžius), ankštinių ir aliejingų sėklų augalų auginimas'.
2025-03-03 08:30:47 [main] DEBUG l.i.u.t.SubmittedApplicationsPageTest - Entered project date.
2025-03-03 08:30:47 [main] DEBUG l.i.u.t.SubmittedApplicationsPageTest - Entered job count: '1'.
2025-03-03 08:30:47 [main] DEBUG l.i.u.t.SubmittedApplicationsPageTest - Clicked on 'Address Component' button.
2025-03-03 08:30:47 [main] INFO  l.i.u.p.SubmittedApplicationsPage - Located the dropdown button.
2025-03-03 08:30:50 [main] INFO  l.i.u.p.SubmittedApplicationsPage - Successfully selected the value: 'Lietuva'
2025-03-03 08:30:50 [main] DEBUG l.i.u.t.SubmittedApplicationsPageTest - Selected country: 'Lietuva'.
2025-03-03 08:30:50 [main] DEBUG l.i.u.t.SubmittedApplicationsPageTest - Clicked on 'City Dropdown' button.
2025-03-03 08:30:50 [main] ERROR l.i.u.t.SubmittedApplicationsPageTest - Test 'testFillNewVUIApplicationFA' failed with error: invalid selector: Unable to locate an element with the xpath expression const searchField = document.evaluate("//input[@placeholder='Ieškoti...']", document, null, XPathResult.FIRST_ORDERED_NODE_TYPE, null).singleNodeValue; because of the following error:
SyntaxError: Failed to execute 'evaluate' on 'Document': The string 'const searchField = document.evaluate("//input[@placeholder='Ieškoti...']", document, null, XPathResult.FIRST_ORDERED_NODE_TYPE, null).singleNodeValue;' is not a valid XPath expression.
  (Session info: chrome=133.0.6943.142)
For documentation on this error, please visit: https://www.selenium.dev/documentation/webdriver/troubleshooting/errors#invalid-selector-exception
Build info: version: '4.27.0', revision: 'd6e718d134'
System info: os.name: 'Windows 11', os.arch: 'amd64', os.version: '10.0', java.version: '21.0.3'
Driver info: org.openqa.selenium.chrome.ChromeDriver
Command: [0c991c5e052d04e3a1c885f670d22eaa, findElement {using=xpath, value=const searchField = document.evaluate("//input[@placeholder='Ieškoti...']", document, null, XPathResult.FIRST_ORDERED_NODE_TYPE, null).singleNodeValue;}]
Capabilities {acceptInsecureCerts: false, browserName: chrome, browserVersion: 133.0.6943.142, chrome: {chromedriverVersion: 133.0.6943.141 (2a5d6da0d61..., userDataDir: C:\Users\INGRID~1.ZAD\AppDa...}, fedcm:accounts: true, goog:chromeOptions: {debuggerAddress: localhost:61228}, networkConnectionEnabled: false, pageLoadStrategy: normal, platformName: windows, proxy: Proxy(), se:cdp: ws://localhost:61228/devtoo..., se:cdpVersion: 133.0.6943.142, setWindowRect: true, strictFileInteractability: false, timeouts: {implicit: 0, pageLoad: 300000, script: 30000}, unhandledPromptBehavior: dismiss and notify, webauthn:extension:credBlob: true, webauthn:extension:largeBlob: true, webauthn:extension:minPinLength: true, webauthn:extension:prf: true, webauthn:virtualAuthenticators: true}
Session ID: 0c991c5e052d04e3a1c885f670d22eaa
org.openqa.selenium.InvalidSelectorException: invalid selector: Unable to locate an element with the xpath expression const searchField = document.evaluate("//input[@placeholder='Ieškoti...']", document, null, XPathResult.FIRST_ORDERED_NODE_TYPE, null).singleNodeValue; because of the following error:
SyntaxError: Failed to execute 'evaluate' on 'Document': The string 'const searchField = document.evaluate("//input[@placeholder='Ieškoti...']", document, null, XPathResult.FIRST_ORDERED_NODE_TYPE, null).singleNodeValue;' is not a valid XPath expression.
  (Session info: chrome=133.0.6943.142)
For documentation on this error, please visit: https://www.selenium.dev/documentation/webdriver/troubleshooting/errors#invalid-selector-exception
Build info: version: '4.27.0', revision: 'd6e718d134'
System info: os.name: 'Windows 11', os.arch: 'amd64', os.version: '10.0', java.version: '21.0.3'
Driver info: org.openqa.selenium.chrome.ChromeDriver
Command: [0c991c5e052d04e3a1c885f670d22eaa, findElement {using=xpath, value=const searchField = document.evaluate("//input[@placeholder='Ieškoti...']", document, null, XPathResult.FIRST_ORDERED_NODE_TYPE, null).singleNodeValue;}]
Capabilities {acceptInsecureCerts: false, browserName: chrome, browserVersion: 133.0.6943.142, chrome: {chromedriverVersion: 133.0.6943.141 (2a5d6da0d61..., userDataDir: C:\Users\INGRID~1.ZAD\AppDa...}, fedcm:accounts: true, goog:chromeOptions: {debuggerAddress: localhost:61228}, networkConnectionEnabled: false, pageLoadStrategy: normal, platformName: windows, proxy: Proxy(), se:cdp: ws://localhost:61228/devtoo..., se:cdpVersion: 133.0.6943.142, setWindowRect: true, strictFileInteractability: false, timeouts: {implicit: 0, pageLoad: 300000, script: 30000}, unhandledPromptBehavior: dismiss and notify, webauthn:extension:credBlob: true, webauthn:extension:largeBlob: true, webauthn:extension:minPinLength: true, webauthn:extension:prf: true, webauthn:virtualAuthenticators: true}
Session ID: 0c991c5e052d04e3a1c885f670d22eaa
	at java.base/jdk.internal.reflect.DirectConstructorHandleAccessor.newInstance(DirectConstructorHandleAccessor.java:62)
	at java.base/java.lang.reflect.Constructor.newInstanceWithCaller(Constructor.java:502)
	at java.base/java.lang.reflect.Constructor.newInstance(Constructor.java:486)
	at org.openqa.selenium.remote.ErrorCodec.decode(ErrorCodec.java:167)
	at org.openqa.selenium.remote.codec.w3c.W3CHttpResponseCodec.decode(W3CHttpResponseCodec.java:138)
	at org.openqa.selenium.remote.codec.w3c.W3CHttpResponseCodec.decode(W3CHttpResponseCodec.java:50)
	at org.openqa.selenium.remote.HttpCommandExecutor.execute(HttpCommandExecutor.java:190)
	at org.openqa.selenium.remote.service.DriverCommandExecutor.invokeExecute(DriverCommandExecutor.java:216)
	at org.openqa.selenium.remote.service.DriverCommandExecutor.execute(DriverCommandExecutor.java:174)
	at org.openqa.selenium.remote.RemoteWebDriver.execute(RemoteWebDriver.java:545)
	at org.openqa.selenium.remote.ElementLocation$ElementFinder$2.findElement(ElementLocation.java:165)
	at org.openqa.selenium.remote.ElementLocation.findElement(ElementLocation.java:59)
	at org.openqa.selenium.remote.RemoteWebDriver.findElement(RemoteWebDriver.java:368)
	at org.openqa.selenium.remote.RemoteWebDriver.findElement(RemoteWebDriver.java:362)
	at org.openqa.selenium.support.pagefactory.DefaultElementLocator.findElement(DefaultElementLocator.java:68)
	at org.openqa.selenium.support.pagefactory.internal.LocatingElementHandler.invoke(LocatingElementHandler.java:38)
	at jdk.proxy2/jdk.proxy2.$Proxy14.sendKeys(Unknown Source)
	at lt.insoft.uztis.pages.SubmittedApplicationsPage.enterCityName(SubmittedApplicationsPage.java:757)
	at lt.insoft.uztis.tests.SubmittedApplicationsPageTest.testFillNewVUIApplicationFA(SubmittedApplicationsPageTest.java:201)
	at java.base/jdk.internal.reflect.DirectMethodHandleAccessor.invoke(DirectMethodHandleAccessor.java:103)
	at java.base/java.lang.reflect.Method.invoke(Method.java:580)
	at org.junit.platform.commons.util.ReflectionUtils.invokeMethod(ReflectionUtils.java:728)
	at org.junit.jupiter.engine.execution.MethodInvocation.proceed(MethodInvocation.java:60)
	at org.junit.jupiter.engine.execution.InvocationInterceptorChain$ValidatingInvocation.proceed(InvocationInterceptorChain.java:131)
	at org.junit.jupiter.engine.extension.TimeoutExtension.intercept(TimeoutExtension.java:156)
	at org.junit.jupiter.engine.extension.TimeoutExtension.interceptTestableMethod(TimeoutExtension.java:147)
	at org.junit.jupiter.engine.extension.TimeoutExtension.interceptTestMethod(TimeoutExtension.java:86)
	at org.junit.jupiter.engine.execution.InterceptingExecutableInvoker$ReflectiveInterceptorCall.lambda$ofVoidMethod$0(InterceptingExecutableInvoker.java:103)
	at org.junit.jupiter.engine.execution.InterceptingExecutableInvoker.lambda$invoke$0(InterceptingExecutableInvoker.java:93)
	at org.junit.jupiter.engine.execution.InvocationInterceptorChain$InterceptedInvocation.proceed(InvocationInterceptorChain.java:106)
	at org.junit.jupiter.engine.execution.InvocationInterceptorChain.proceed(InvocationInterceptorChain.java:64)
	at org.junit.jupiter.engine.execution.InvocationInterceptorChain.chainAndInvoke(InvocationInterceptorChain.java:45)
	at org.junit.jupiter.engine.execution.InvocationInterceptorChain.invoke(InvocationInterceptorChain.java:37)
	at org.junit.jupiter.engine.execution.InterceptingExecutableInvoker.invoke(InterceptingExecutableInvoker.java:92)
	at org.junit.jupiter.engine.execution.InterceptingExecutableInvoker.invoke(InterceptingExecutableInvoker.java:86)
	at org.junit.jupiter.engine.descriptor.TestMethodTestDescriptor.lambda$invokeTestMethod$7(TestMethodTestDescriptor.java:218)
	at org.junit.platform.engine.support.hierarchical.ThrowableCollector.execute(ThrowableCollector.java:73)
	at org.junit.jupiter.engine.descriptor.TestMethodTestDescriptor.invokeTestMethod(TestMethodTestDescriptor.java:214)
	at org.junit.jupiter.engine.descriptor.TestMethodTestDescriptor.execute(TestMethodTestDescriptor.java:139)
	at org.junit.jupiter.engine.descriptor.TestMethodTestDescriptor.execute(TestMethodTestDescriptor.java:69)
	at org.junit.platform.engine.support.hierarchical.NodeTestTask.lambda$executeRecursively$6(NodeTestTask.java:151)
	at org.junit.platform.engine.support.hierarchical.ThrowableCollector.execute(ThrowableCollector.java:73)
	at org.junit.platform.engine.support.hierarchical.NodeTestTask.lambda$executeRecursively$8(NodeTestTask.java:141)
	at org.junit.platform.engine.support.hierarchical.Node.around(Node.java:137)
	at org.junit.platform.engine.support.hierarchical.NodeTestTask.lambda$executeRecursively$9(NodeTestTask.java:139)
	at org.junit.platform.engine.support.hierarchical.ThrowableCollector.execute(ThrowableCollector.java:73)
	at org.junit.platform.engine.support.hierarchical.NodeTestTask.executeRecursively(NodeTestTask.java:138)
	at org.junit.platform.engine.support.hierarchical.NodeTestTask.execute(NodeTestTask.java:95)
	at java.base/java.util.ArrayList.forEach(ArrayList.java:1596)
	at org.junit.platform.engine.support.hierarchical.SameThreadHierarchicalTestExecutorService.invokeAll(SameThreadHierarchicalTestExecutorService.java:41)
	at org.junit.platform.engine.support.hierarchical.NodeTestTask.lambda$executeRecursively$6(NodeTestTask.java:155)
	at org.junit.platform.engine.support.hierarchical.ThrowableCollector.execute(ThrowableCollector.java:73)
	at org.junit.platform.engine.support.hierarchical.NodeTestTask.lambda$executeRecursively$8(NodeTestTask.java:141)
	at org.junit.platform.engine.support.hierarchical.Node.around(Node.java:137)
	at org.junit.platform.engine.support.hierarchical.NodeTestTask.lambda$executeRecursively$9(NodeTestTask.java:139)
	at org.junit.platform.engine.support.hierarchical.ThrowableCollector.execute(ThrowableCollector.java:73)
	at org.junit.platform.engine.support.hierarchical.NodeTestTask.executeRecursively(NodeTestTask.java:138)
	at org.junit.platform.engine.support.hierarchical.NodeTestTask.execute(NodeTestTask.java:95)
	at java.base/java.util.ArrayList.forEach(ArrayList.java:1596)
	at org.junit.platform.engine.support.hierarchical.SameThreadHierarchicalTestExecutorService.invokeAll(SameThreadHierarchicalTestExecutorService.java:41)
	at org.junit.platform.engine.support.hierarchical.NodeTestTask.lambda$executeRecursively$6(NodeTestTask.java:155)
	at org.junit.platform.engine.support.hierarchical.ThrowableCollector.execute(ThrowableCollector.java:73)
	at org.junit.platform.engine.support.hierarchical.NodeTestTask.lambda$executeRecursively$8(NodeTestTask.java:141)
	at org.junit.platform.engine.support.hierarchical.Node.around(Node.java:137)
	at org.junit.platform.engine.support.hierarchical.NodeTestTask.lambda$executeRecursively$9(NodeTestTask.java:139)
	at org.junit.platform.engine.support.hierarchical.ThrowableCollector.execute(ThrowableCollector.java:73)
	at org.junit.platform.engine.support.hierarchical.NodeTestTask.executeRecursively(NodeTestTask.java:138)
	at org.junit.platform.engine.support.hierarchical.NodeTestTask.execute(NodeTestTask.java:95)
	at org.junit.platform.engine.support.hierarchical.SameThreadHierarchicalTestExecutorService.submit(SameThreadHierarchicalTestExecutorService.java:35)
	at org.junit.platform.engine.support.hierarchical.HierarchicalTestExecutor.execute(HierarchicalTestExecutor.java:57)
	at org.junit.platform.engine.support.hierarchical.HierarchicalTestEngine.execute(HierarchicalTestEngine.java:54)
	at org.junit.platform.launcher.core.EngineExecutionOrchestrator.execute(EngineExecutionOrchestrator.java:198)
	at org.junit.platform.launcher.core.EngineExecutionOrchestrator.execute(EngineExecutionOrchestrator.java:169)
	at org.junit.platform.launcher.core.EngineExecutionOrchestrator.execute(EngineExecutionOrchestrator.java:93)
	at org.junit.platform.launcher.core.EngineExecutionOrchestrator.lambda$execute$0(EngineExecutionOrchestrator.java:58)
	at org.junit.platform.launcher.core.EngineExecutionOrchestrator.withInterceptedStreams(EngineExecutionOrchestrator.java:141)
	at org.junit.platform.launcher.core.EngineExecutionOrchestrator.execute(EngineExecutionOrchestrator.java:57)
	at org.junit.platform.launcher.core.DefaultLauncher.execute(DefaultLauncher.java:103)
	at org.junit.platform.launcher.core.DefaultLauncher.execute(DefaultLauncher.java:85)
	at org.junit.platform.launcher.core.DelegatingLauncher.execute(DelegatingLauncher.java:47)
	at org.junit.platform.launcher.core.SessionPerRequestLauncher.execute(SessionPerRequestLauncher.java:63)
	at com.intellij.junit5.JUnit5IdeaTestRunner.startRunnerWithArgs(JUnit5IdeaTestRunner.java:57)
	at com.intellij.rt.junit.IdeaTestRunner$Repeater$1.execute(IdeaTestRunner.java:38)
	at com.intellij.rt.execution.junit.TestsRepeater.repeat(TestsRepeater.java:11)
	at com.intellij.rt.junit.IdeaTestRunner$Repeater.startRunnerWithArgs(IdeaTestRunner.java:35)
	at com.intellij.rt.junit.JUnitStarter.prepareStreamsAndStart(JUnitStarter.java:232)
	at com.intellij.rt.junit.JUnitStarter.main(JUnitStarter.java:55)
2025-03-03 08:30:50 [main] INFO  l.insoft.uztis.tests.utils.TestUtils - Screenshot moved to C:\Users\ingrida.zadorozniene\Desktop\Asm\UZTIS\UZTIS_tests\test-output\screenshots\20250303\083050507_testFillNewVUIApplicationFA().png
2025-03-03 08:34:23 [main] INFO  lt.insoft.uztis.tests.UztisPageTest - Navigated to https://uztisdev.asseco.lt/home
2025-03-03 08:34:23 [main] INFO  l.i.u.t.SubmittedApplicationsPageTest - Starting test:'testFillNewVUIPApplicationFA'
2025-03-03 08:34:23 [main] DEBUG l.i.u.t.SubmittedApplicationsPageTest - User logged in with test credentials.
2025-03-03 08:34:23 [main] DEBUG l.i.u.t.SubmittedApplicationsPageTest - Opened 'Application Processing' menu.
2025-03-03 08:34:24 [main] DEBUG l.i.u.t.SubmittedApplicationsPageTest - Clicked on 'Application Forms' menu.
2025-03-03 08:34:24 [main] DEBUG l.i.u.t.SubmittedApplicationsPageTest - Retrieved last description code text: 'TST-VUI-52'.
2025-03-03 08:34:24 [main] DEBUG l.i.u.t.SubmittedApplicationsPageTest - Clicked on 'Invitation' menu.
2025-03-03 08:34:25 [main] DEBUG l.i.u.t.SubmittedApplicationsPageTest - Selected application section by code: 'TST-VUI-52'.
2025-03-03 08:34:25 [main] DEBUG l.i.u.t.SubmittedApplicationsPageTest - Clicked 'Search' button.
2025-03-03 08:34:25 [main] DEBUG l.i.u.t.SubmittedApplicationsPageTest - Retrieved invitation code: ''.
2025-03-03 08:34:25 [main] DEBUG l.i.u.t.SubmittedApplicationsPageTest - Clicked on 'Submitted Applications' menu.
2025-03-03 08:34:27 [main] DEBUG l.i.u.t.SubmittedApplicationsPageTest - Selected invitation by code: 'TST-VUI-52'.
2025-03-03 08:34:27 [main] DEBUG l.i.u.t.SubmittedApplicationsPageTest - Invitation code inserted.
2025-03-03 08:34:27 [main] DEBUG l.i.u.t.SubmittedApplicationsPageTest - Clicked on 'Action Application' button.
2025-03-03 08:34:27 [main] DEBUG l.i.u.t.SubmittedApplicationsPageTest - Clicked on 'New Application' button.
2025-03-03 08:34:28 [main] DEBUG l.i.u.t.SubmittedApplicationsPageTest - Selected the 'RadioButtonFA' option.
2025-03-03 08:34:28 [main] DEBUG l.i.u.t.SubmittedApplicationsPageTest - Entered phone number: '61298745'.
2025-03-03 08:34:28 [main] DEBUG l.i.u.t.SubmittedApplicationsPageTest - Entered email: 'test@autotest.com'.
2025-03-03 08:34:28 [main] DEBUG l.i.u.t.SubmittedApplicationsPageTest - Clicked on 'Address Component' button.
2025-03-03 08:34:28 [main] INFO  l.i.u.p.SubmittedApplicationsPage - Located the dropdown button.
2025-03-03 08:34:32 [main] INFO  l.i.u.p.SubmittedApplicationsPage - Successfully selected the value: 'Lietuva'
2025-03-03 08:34:32 [main] DEBUG l.i.u.t.SubmittedApplicationsPageTest - Selected country: 'Lietuva'.
2025-03-03 08:34:32 [main] DEBUG l.i.u.t.SubmittedApplicationsPageTest - Clicked on 'City Dropdown' button.
2025-03-03 08:34:32 [main] DEBUG l.i.u.t.SubmittedApplicationsPageTest - Select search value.
2025-03-03 08:34:32 [main] INFO  l.i.u.p.SubmittedApplicationsPage - Located the dropdown button.
2025-03-03 08:34:34 [main] ERROR l.i.u.p.SubmittedApplicationsPage - Dropdown button click failed: element click intercepted: Element <mat-select role="combobox" aria-haspopup="listbox" class="mat-mdc-select primary-control ng-tns-c1073613477-42 mat-mdc-select-required mat-mdc-select-empty ng-untouched ng-pristine ng-invalid ng-star-inserted" aria-labelledby="mat-select-value-10" id="mat-select-10" tabindex="0" aria-expanded="false" aria-required="true" aria-disabled="false" aria-invalid="false" required="">...</mat-select> is not clickable at point (960, 503). Other element would receive the click: <mat-option role="option" class="mat-mdc-option mdc-list-item ng-star-inserted mat-mdc-option-active" id="mat-option-1275" aria-selected="false" aria-disabled="false" style="">...</mat-option>
  (Session info: chrome=133.0.6943.142)
Build info: version: '4.27.0', revision: 'd6e718d134'
System info: os.name: 'Windows 11', os.arch: 'amd64', os.version: '10.0', java.version: '21.0.3'
Driver info: org.openqa.selenium.chrome.ChromeDriver
Command: [1d2c9825b69130c0e654c9ffd796797c, clickElement {id=f.ED50A917E0802CBFDA7C1B640AC78212.d.2D42639E1CBB9ECB7AB2303218F47F1A.e.544}]
Capabilities {acceptInsecureCerts: false, browserName: chrome, browserVersion: 133.0.6943.142, chrome: {chromedriverVersion: 133.0.6943.141 (2a5d6da0d61..., userDataDir: C:\Users\INGRID~1.ZAD\AppDa...}, fedcm:accounts: true, goog:chromeOptions: {debuggerAddress: localhost:61387}, networkConnectionEnabled: false, pageLoadStrategy: normal, platformName: windows, proxy: Proxy(), se:cdp: ws://localhost:61387/devtoo..., se:cdpVersion: 133.0.6943.142, setWindowRect: true, strictFileInteractability: false, timeouts: {implicit: 0, pageLoad: 300000, script: 30000}, unhandledPromptBehavior: dismiss and notify, webauthn:extension:credBlob: true, webauthn:extension:largeBlob: true, webauthn:extension:minPinLength: true, webauthn:extension:prf: true, webauthn:virtualAuthenticators: true}
Element: [[ChromeDriver: chrome on windows (1d2c9825b69130c0e654c9ffd796797c)] -> xpath: //mat-label[contains(text(), 'Gatvė')]/following::mat-select[1]]
Session ID: 1d2c9825b69130c0e654c9ffd796797c
2025-03-03 08:34:34 [main] WARN  l.i.u.p.SubmittedApplicationsPage - Dropdown value 'V. Grybo g.' not found.
2025-03-03 08:34:34 [main] DEBUG l.i.u.t.SubmittedApplicationsPageTest - Selected street: 'V. Grybo g.'.
2025-03-03 08:34:34 [main] INFO  l.i.u.p.SubmittedApplicationsPage - Located the dropdown button.
2025-03-03 08:34:35 [main] ERROR l.i.u.p.SubmittedApplicationsPage - Dropdown button click failed: element click intercepted: Element <mat-select role="combobox" aria-haspopup="listbox" class="mat-mdc-select primary-control ng-tns-c1073613477-44 mat-mdc-select-required mat-mdc-select-empty ng-untouched ng-pristine ng-invalid ng-star-inserted" aria-labelledby="mat-select-value-11" id="mat-select-11" tabindex="0" aria-expanded="false" aria-required="true" aria-disabled="false" aria-invalid="false" required="">...</mat-select> is not clickable at point (960, 559). Other element would receive the click: <mat-option role="option" class="mat-mdc-option mdc-list-item ng-star-inserted" id="mat-option-1276" aria-selected="false" aria-disabled="false" style="">...</mat-option>
  (Session info: chrome=133.0.6943.142)
Build info: version: '4.27.0', revision: 'd6e718d134'
System info: os.name: 'Windows 11', os.arch: 'amd64', os.version: '10.0', java.version: '21.0.3'
Driver info: org.openqa.selenium.chrome.ChromeDriver
Command: [1d2c9825b69130c0e654c9ffd796797c, clickElement {id=f.ED50A917E0802CBFDA7C1B640AC78212.d.2D42639E1CBB9ECB7AB2303218F47F1A.e.554}]
Capabilities {acceptInsecureCerts: false, browserName: chrome, browserVersion: 133.0.6943.142, chrome: {chromedriverVersion: 133.0.6943.141 (2a5d6da0d61..., userDataDir: C:\Users\INGRID~1.ZAD\AppDa...}, fedcm:accounts: true, goog:chromeOptions: {debuggerAddress: localhost:61387}, networkConnectionEnabled: false, pageLoadStrategy: normal, platformName: windows, proxy: Proxy(), se:cdp: ws://localhost:61387/devtoo..., se:cdpVersion: 133.0.6943.142, setWindowRect: true, strictFileInteractability: false, timeouts: {implicit: 0, pageLoad: 300000, script: 30000}, unhandledPromptBehavior: dismiss and notify, webauthn:extension:credBlob: true, webauthn:extension:largeBlob: true, webauthn:extension:minPinLength: true, webauthn:extension:prf: true, webauthn:virtualAuthenticators: true}
Element: [[ChromeDriver: chrome on windows (1d2c9825b69130c0e654c9ffd796797c)] -> xpath: //mat-label[contains(text(), 'Namo Nr.')]/following::mat-select[1]]
Session ID: 1d2c9825b69130c0e654c9ffd796797c
2025-03-03 08:34:35 [main] WARN  l.i.u.p.SubmittedApplicationsPage - Dropdown value '1' not found.
2025-03-03 08:34:35 [main] DEBUG l.i.u.t.SubmittedApplicationsPageTest - Selected house: '1'.
2025-03-03 08:34:35 [main] INFO  l.i.u.p.SubmittedApplicationsPage - Located the dropdown button.
2025-03-03 08:34:36 [main] ERROR l.i.u.p.SubmittedApplicationsPage - Dropdown button click failed: element click intercepted: Element <mat-select role="combobox" aria-haspopup="listbox" class="mat-mdc-select primary-control ng-tns-c1073613477-46 mat-mdc-select-empty ng-untouched ng-pristine ng-valid ng-star-inserted" aria-labelledby="mat-select-value-12" id="mat-select-12" tabindex="0" aria-expanded="false" aria-required="false" aria-disabled="false" aria-invalid="false">...</mat-select> is not clickable at point (960, 615). Other element would receive the click: <div class="cdk-overlay-backdrop cdk-overlay-transparent-backdrop cdk-overlay-backdrop-showing"></div>
  (Session info: chrome=133.0.6943.142)
Build info: version: '4.27.0', revision: 'd6e718d134'
System info: os.name: 'Windows 11', os.arch: 'amd64', os.version: '10.0', java.version: '21.0.3'
Driver info: org.openqa.selenium.chrome.ChromeDriver
Command: [1d2c9825b69130c0e654c9ffd796797c, clickElement {id=f.ED50A917E0802CBFDA7C1B640AC78212.d.2D42639E1CBB9ECB7AB2303218F47F1A.e.556}]
Capabilities {acceptInsecureCerts: false, browserName: chrome, browserVersion: 133.0.6943.142, chrome: {chromedriverVersion: 133.0.6943.141 (2a5d6da0d61..., userDataDir: C:\Users\INGRID~1.ZAD\AppDa...}, fedcm:accounts: true, goog:chromeOptions: {debuggerAddress: localhost:61387}, networkConnectionEnabled: false, pageLoadStrategy: normal, platformName: windows, proxy: Proxy(), se:cdp: ws://localhost:61387/devtoo..., se:cdpVersion: 133.0.6943.142, setWindowRect: true, strictFileInteractability: false, timeouts: {implicit: 0, pageLoad: 300000, script: 30000}, unhandledPromptBehavior: dismiss and notify, webauthn:extension:credBlob: true, webauthn:extension:largeBlob: true, webauthn:extension:minPinLength: true, webauthn:extension:prf: true, webauthn:virtualAuthenticators: true}
Element: [[ChromeDriver: chrome on windows (1d2c9825b69130c0e654c9ffd796797c)] -> xpath: //mat-label[contains(text(), 'Buto / patalpos Nr.')]/following::mat-select[1]]
Session ID: 1d2c9825b69130c0e654c9ffd796797c
2025-03-03 08:34:36 [main] WARN  l.i.u.p.SubmittedApplicationsPage - Dropdown value '1' not found.
2025-03-03 08:34:36 [main] DEBUG l.i.u.t.SubmittedApplicationsPageTest - Selected apartment: '1'.
2025-03-03 08:34:37 [main] ERROR l.i.u.t.SubmittedApplicationsPageTest - Test 'testFillNewVUIApplicationFA' failed with error: element click intercepted: Element <button type="button" class="i-forms-stepper-button i-forms-stepper-button-next">...</button> is not clickable at point (1823, 991). Other element would receive the click: <div class="cdk-overlay-backdrop cdk-overlay-transparent-backdrop cdk-overlay-backdrop-showing"></div>
  (Session info: chrome=133.0.6943.142)
Build info: version: '4.27.0', revision: 'd6e718d134'
System info: os.name: 'Windows 11', os.arch: 'amd64', os.version: '10.0', java.version: '21.0.3'
Driver info: org.openqa.selenium.chrome.ChromeDriver
Command: [1d2c9825b69130c0e654c9ffd796797c, clickElement {id=f.ED50A917E0802CBFDA7C1B640AC78212.d.2D42639E1CBB9ECB7AB2303218F47F1A.e.557}]
Capabilities {acceptInsecureCerts: false, browserName: chrome, browserVersion: 133.0.6943.142, chrome: {chromedriverVersion: 133.0.6943.141 (2a5d6da0d61..., userDataDir: C:\Users\INGRID~1.ZAD\AppDa...}, fedcm:accounts: true, goog:chromeOptions: {debuggerAddress: localhost:61387}, networkConnectionEnabled: false, pageLoadStrategy: normal, platformName: windows, proxy: Proxy(), se:cdp: ws://localhost:61387/devtoo..., se:cdpVersion: 133.0.6943.142, setWindowRect: true, strictFileInteractability: false, timeouts: {implicit: 0, pageLoad: 300000, script: 30000}, unhandledPromptBehavior: dismiss and notify, webauthn:extension:credBlob: true, webauthn:extension:largeBlob: true, webauthn:extension:minPinLength: true, webauthn:extension:prf: true, webauthn:virtualAuthenticators: true}
Element: [[ChromeDriver: chrome on windows (1d2c9825b69130c0e654c9ffd796797c)] -> xpath: //button[contains(@class, 'i-forms-stepper-button-next') and normalize-space(text())='Toliau']]
Session ID: 1d2c9825b69130c0e654c9ffd796797c
org.openqa.selenium.ElementClickInterceptedException: element click intercepted: Element <button type="button" class="i-forms-stepper-button i-forms-stepper-button-next">...</button> is not clickable at point (1823, 991). Other element would receive the click: <div class="cdk-overlay-backdrop cdk-overlay-transparent-backdrop cdk-overlay-backdrop-showing"></div>
  (Session info: chrome=133.0.6943.142)
Build info: version: '4.27.0', revision: 'd6e718d134'
System info: os.name: 'Windows 11', os.arch: 'amd64', os.version: '10.0', java.version: '21.0.3'
Driver info: org.openqa.selenium.chrome.ChromeDriver
Command: [1d2c9825b69130c0e654c9ffd796797c, clickElement {id=f.ED50A917E0802CBFDA7C1B640AC78212.d.2D42639E1CBB9ECB7AB2303218F47F1A.e.557}]
Capabilities {acceptInsecureCerts: false, browserName: chrome, browserVersion: 133.0.6943.142, chrome: {chromedriverVersion: 133.0.6943.141 (2a5d6da0d61..., userDataDir: C:\Users\INGRID~1.ZAD\AppDa...}, fedcm:accounts: true, goog:chromeOptions: {debuggerAddress: localhost:61387}, networkConnectionEnabled: false, pageLoadStrategy: normal, platformName: windows, proxy: Proxy(), se:cdp: ws://localhost:61387/devtoo..., se:cdpVersion: 133.0.6943.142, setWindowRect: true, strictFileInteractability: false, timeouts: {implicit: 0, pageLoad: 300000, script: 30000}, unhandledPromptBehavior: dismiss and notify, webauthn:extension:credBlob: true, webauthn:extension:largeBlob: true, webauthn:extension:minPinLength: true, webauthn:extension:prf: true, webauthn:virtualAuthenticators: true}
Element: [[ChromeDriver: chrome on windows (1d2c9825b69130c0e654c9ffd796797c)] -> xpath: //button[contains(@class, 'i-forms-stepper-button-next') and normalize-space(text())='Toliau']]
Session ID: 1d2c9825b69130c0e654c9ffd796797c
	at java.base/jdk.internal.reflect.DirectConstructorHandleAccessor.newInstance(DirectConstructorHandleAccessor.java:62)
	at java.base/java.lang.reflect.Constructor.newInstanceWithCaller(Constructor.java:502)
	at java.base/java.lang.reflect.Constructor.newInstance(Constructor.java:486)
	at org.openqa.selenium.remote.ErrorCodec.decode(ErrorCodec.java:167)
	at org.openqa.selenium.remote.codec.w3c.W3CHttpResponseCodec.decode(W3CHttpResponseCodec.java:138)
	at org.openqa.selenium.remote.codec.w3c.W3CHttpResponseCodec.decode(W3CHttpResponseCodec.java:50)
	at org.openqa.selenium.remote.HttpCommandExecutor.execute(HttpCommandExecutor.java:190)
	at org.openqa.selenium.remote.service.DriverCommandExecutor.invokeExecute(DriverCommandExecutor.java:216)
	at org.openqa.selenium.remote.service.DriverCommandExecutor.execute(DriverCommandExecutor.java:174)
	at org.openqa.selenium.remote.RemoteWebDriver.execute(RemoteWebDriver.java:545)
	at org.openqa.selenium.remote.RemoteWebElement.execute(RemoteWebElement.java:223)
	at org.openqa.selenium.remote.RemoteWebElement.click(RemoteWebElement.java:76)
	at java.base/jdk.internal.reflect.DirectMethodHandleAccessor.invoke(DirectMethodHandleAccessor.java:103)
	at java.base/java.lang.reflect.Method.invoke(Method.java:580)
	at org.openqa.selenium.support.pagefactory.internal.LocatingElementHandler.invoke(LocatingElementHandler.java:51)
	at jdk.proxy2/jdk.proxy2.$Proxy14.click(Unknown Source)
	at lt.insoft.uztis.pages.SubmittedApplicationsPage.clickButtonNext(SubmittedApplicationsPage.java:1039)
	at lt.insoft.uztis.tests.SubmittedApplicationsPageTest.testFillNewVUIApplicationFA(SubmittedApplicationsPageTest.java:223)
	at java.base/jdk.internal.reflect.DirectMethodHandleAccessor.invoke(DirectMethodHandleAccessor.java:103)
	at java.base/java.lang.reflect.Method.invoke(Method.java:580)
	at org.junit.platform.commons.util.ReflectionUtils.invokeMethod(ReflectionUtils.java:728)
	at org.junit.jupiter.engine.execution.MethodInvocation.proceed(MethodInvocation.java:60)
	at org.junit.jupiter.engine.execution.InvocationInterceptorChain$ValidatingInvocation.proceed(InvocationInterceptorChain.java:131)
	at org.junit.jupiter.engine.extension.TimeoutExtension.intercept(TimeoutExtension.java:156)
	at org.junit.jupiter.engine.extension.TimeoutExtension.interceptTestableMethod(TimeoutExtension.java:147)
	at org.junit.jupiter.engine.extension.TimeoutExtension.interceptTestMethod(TimeoutExtension.java:86)
	at org.junit.jupiter.engine.execution.InterceptingExecutableInvoker$ReflectiveInterceptorCall.lambda$ofVoidMethod$0(InterceptingExecutableInvoker.java:103)
	at org.junit.jupiter.engine.execution.InterceptingExecutableInvoker.lambda$invoke$0(InterceptingExecutableInvoker.java:93)
	at org.junit.jupiter.engine.execution.InvocationInterceptorChain$InterceptedInvocation.proceed(InvocationInterceptorChain.java:106)
	at org.junit.jupiter.engine.execution.InvocationInterceptorChain.proceed(InvocationInterceptorChain.java:64)
	at org.junit.jupiter.engine.execution.InvocationInterceptorChain.chainAndInvoke(InvocationInterceptorChain.java:45)
	at org.junit.jupiter.engine.execution.InvocationInterceptorChain.invoke(InvocationInterceptorChain.java:37)
	at org.junit.jupiter.engine.execution.InterceptingExecutableInvoker.invoke(InterceptingExecutableInvoker.java:92)
	at org.junit.jupiter.engine.execution.InterceptingExecutableInvoker.invoke(InterceptingExecutableInvoker.java:86)
	at org.junit.jupiter.engine.descriptor.TestMethodTestDescriptor.lambda$invokeTestMethod$7(TestMethodTestDescriptor.java:218)
	at org.junit.platform.engine.support.hierarchical.ThrowableCollector.execute(ThrowableCollector.java:73)
	at org.junit.jupiter.engine.descriptor.TestMethodTestDescriptor.invokeTestMethod(TestMethodTestDescriptor.java:214)
	at org.junit.jupiter.engine.descriptor.TestMethodTestDescriptor.execute(TestMethodTestDescriptor.java:139)
	at org.junit.jupiter.engine.descriptor.TestMethodTestDescriptor.execute(TestMethodTestDescriptor.java:69)
	at org.junit.platform.engine.support.hierarchical.NodeTestTask.lambda$executeRecursively$6(NodeTestTask.java:151)
	at org.junit.platform.engine.support.hierarchical.ThrowableCollector.execute(ThrowableCollector.java:73)
	at org.junit.platform.engine.support.hierarchical.NodeTestTask.lambda$executeRecursively$8(NodeTestTask.java:141)
	at org.junit.platform.engine.support.hierarchical.Node.around(Node.java:137)
	at org.junit.platform.engine.support.hierarchical.NodeTestTask.lambda$executeRecursively$9(NodeTestTask.java:139)
	at org.junit.platform.engine.support.hierarchical.ThrowableCollector.execute(ThrowableCollector.java:73)
	at org.junit.platform.engine.support.hierarchical.NodeTestTask.executeRecursively(NodeTestTask.java:138)
	at org.junit.platform.engine.support.hierarchical.NodeTestTask.execute(NodeTestTask.java:95)
	at java.base/java.util.ArrayList.forEach(ArrayList.java:1596)
	at org.junit.platform.engine.support.hierarchical.SameThreadHierarchicalTestExecutorService.invokeAll(SameThreadHierarchicalTestExecutorService.java:41)
	at org.junit.platform.engine.support.hierarchical.NodeTestTask.lambda$executeRecursively$6(NodeTestTask.java:155)
	at org.junit.platform.engine.support.hierarchical.ThrowableCollector.execute(ThrowableCollector.java:73)
	at org.junit.platform.engine.support.hierarchical.NodeTestTask.lambda$executeRecursively$8(NodeTestTask.java:141)
	at org.junit.platform.engine.support.hierarchical.Node.around(Node.java:137)
	at org.junit.platform.engine.support.hierarchical.NodeTestTask.lambda$executeRecursively$9(NodeTestTask.java:139)
	at org.junit.platform.engine.support.hierarchical.ThrowableCollector.execute(ThrowableCollector.java:73)
	at org.junit.platform.engine.support.hierarchical.NodeTestTask.executeRecursively(NodeTestTask.java:138)
	at org.junit.platform.engine.support.hierarchical.NodeTestTask.execute(NodeTestTask.java:95)
	at java.base/java.util.ArrayList.forEach(ArrayList.java:1596)
	at org.junit.platform.engine.support.hierarchical.SameThreadHierarchicalTestExecutorService.invokeAll(SameThreadHierarchicalTestExecutorService.java:41)
	at org.junit.platform.engine.support.hierarchical.NodeTestTask.lambda$executeRecursively$6(NodeTestTask.java:155)
	at org.junit.platform.engine.support.hierarchical.ThrowableCollector.execute(ThrowableCollector.java:73)
	at org.junit.platform.engine.support.hierarchical.NodeTestTask.lambda$executeRecursively$8(NodeTestTask.java:141)
	at org.junit.platform.engine.support.hierarchical.Node.around(Node.java:137)
	at org.junit.platform.engine.support.hierarchical.NodeTestTask.lambda$executeRecursively$9(NodeTestTask.java:139)
	at org.junit.platform.engine.support.hierarchical.ThrowableCollector.execute(ThrowableCollector.java:73)
	at org.junit.platform.engine.support.hierarchical.NodeTestTask.executeRecursively(NodeTestTask.java:138)
	at org.junit.platform.engine.support.hierarchical.NodeTestTask.execute(NodeTestTask.java:95)
	at org.junit.platform.engine.support.hierarchical.SameThreadHierarchicalTestExecutorService.submit(SameThreadHierarchicalTestExecutorService.java:35)
	at org.junit.platform.engine.support.hierarchical.HierarchicalTestExecutor.execute(HierarchicalTestExecutor.java:57)
	at org.junit.platform.engine.support.hierarchical.HierarchicalTestEngine.execute(HierarchicalTestEngine.java:54)
	at org.junit.platform.launcher.core.EngineExecutionOrchestrator.execute(EngineExecutionOrchestrator.java:198)
	at org.junit.platform.launcher.core.EngineExecutionOrchestrator.execute(EngineExecutionOrchestrator.java:169)
	at org.junit.platform.launcher.core.EngineExecutionOrchestrator.execute(EngineExecutionOrchestrator.java:93)
	at org.junit.platform.launcher.core.EngineExecutionOrchestrator.lambda$execute$0(EngineExecutionOrchestrator.java:58)
	at org.junit.platform.launcher.core.EngineExecutionOrchestrator.withInterceptedStreams(EngineExecutionOrchestrator.java:141)
	at org.junit.platform.launcher.core.EngineExecutionOrchestrator.execute(EngineExecutionOrchestrator.java:57)
	at org.junit.platform.launcher.core.DefaultLauncher.execute(DefaultLauncher.java:103)
	at org.junit.platform.launcher.core.DefaultLauncher.execute(DefaultLauncher.java:85)
	at org.junit.platform.launcher.core.DelegatingLauncher.execute(DelegatingLauncher.java:47)
	at org.junit.platform.launcher.core.SessionPerRequestLauncher.execute(SessionPerRequestLauncher.java:63)
	at com.intellij.junit5.JUnit5IdeaTestRunner.startRunnerWithArgs(JUnit5IdeaTestRunner.java:57)
	at com.intellij.rt.junit.IdeaTestRunner$Repeater$1.execute(IdeaTestRunner.java:38)
	at com.intellij.rt.execution.junit.TestsRepeater.repeat(TestsRepeater.java:11)
	at com.intellij.rt.junit.IdeaTestRunner$Repeater.startRunnerWithArgs(IdeaTestRunner.java:35)
	at com.intellij.rt.junit.JUnitStarter.prepareStreamsAndStart(JUnitStarter.java:232)
	at com.intellij.rt.junit.JUnitStarter.main(JUnitStarter.java:55)
2025-03-03 08:34:37 [main] INFO  l.insoft.uztis.tests.utils.TestUtils - Screenshot moved to C:\Users\ingrida.zadorozniene\Desktop\Asm\UZTIS\UZTIS_tests\test-output\screenshots\20250303\083437937_testFillNewVUIApplicationFA().png
2025-03-03 09:15:11 [main] INFO  lt.insoft.uztis.tests.UztisPageTest - Navigated to https://uztisdev.asseco.lt/home
2025-03-03 09:15:11 [main] INFO  l.i.u.t.SubmittedApplicationsPageTest - Starting test:'testFillNewVUIPApplicationFA'
2025-03-03 09:15:12 [main] DEBUG l.i.u.t.SubmittedApplicationsPageTest - User logged in with test credentials.
2025-03-03 09:15:12 [main] DEBUG l.i.u.t.SubmittedApplicationsPageTest - Opened 'Application Processing' menu.
2025-03-03 09:15:12 [main] DEBUG l.i.u.t.SubmittedApplicationsPageTest - Clicked on 'Application Forms' menu.
2025-03-03 09:15:13 [main] DEBUG l.i.u.t.SubmittedApplicationsPageTest - Retrieved last description code text: 'TST-VUI-52'.
2025-03-03 09:15:13 [main] DEBUG l.i.u.t.SubmittedApplicationsPageTest - Clicked on 'Invitation' menu.
2025-03-03 09:15:14 [main] DEBUG l.i.u.t.SubmittedApplicationsPageTest - Selected application section by code: 'TST-VUI-52'.
2025-03-03 09:15:15 [main] DEBUG l.i.u.t.SubmittedApplicationsPageTest - Clicked 'Search' button.
2025-03-03 09:15:15 [main] DEBUG l.i.u.t.SubmittedApplicationsPageTest - Retrieved invitation code: ''.
2025-03-03 09:15:15 [main] DEBUG l.i.u.t.SubmittedApplicationsPageTest - Clicked on 'Submitted Applications' menu.
2025-03-03 09:15:16 [main] DEBUG l.i.u.t.SubmittedApplicationsPageTest - Selected invitation by code: 'TST-VUI-52'.
2025-03-03 09:15:16 [main] DEBUG l.i.u.t.SubmittedApplicationsPageTest - Invitation code inserted.
2025-03-03 09:15:16 [main] DEBUG l.i.u.t.SubmittedApplicationsPageTest - Clicked on 'Action Application' button.
2025-03-03 09:15:16 [main] DEBUG l.i.u.t.SubmittedApplicationsPageTest - Clicked on 'New Application' button.
2025-03-03 09:15:17 [main] DEBUG l.i.u.t.SubmittedApplicationsPageTest - Selected the 'RadioButtonFA' option.
2025-03-03 09:15:17 [main] DEBUG l.i.u.t.SubmittedApplicationsPageTest - Entered phone number: '61298745'.
2025-03-03 09:15:17 [main] DEBUG l.i.u.t.SubmittedApplicationsPageTest - Entered email: 'test@autotest.com'.
2025-03-03 09:15:17 [main] DEBUG l.i.u.t.SubmittedApplicationsPageTest - Clicked on 'Address Component' button.
2025-03-03 09:15:17 [main] INFO  l.i.u.p.SubmittedApplicationsPage - Located the dropdown button.
2025-03-03 09:15:21 [main] INFO  l.i.u.p.SubmittedApplicationsPage - Successfully selected the value: 'Lietuva'
2025-03-03 09:15:21 [main] DEBUG l.i.u.t.SubmittedApplicationsPageTest - Selected country: 'Lietuva'.
2025-03-03 09:15:21 [main] INFO  l.i.u.p.SubmittedApplicationsPage - Located the dropdown search field.
2025-03-03 09:15:21 [main] ERROR l.i.u.p.SubmittedApplicationsPage - Failed to enter search value: stale element reference: stale element not found in the current frame
  (Session info: chrome=133.0.6943.142)
For documentation on this error, please visit: https://www.selenium.dev/documentation/webdriver/troubleshooting/errors#stale-element-reference-exception
Build info: version: '4.27.0', revision: 'd6e718d134'
System info: os.name: 'Windows 11', os.arch: 'amd64', os.version: '10.0', java.version: '21.0.3'
Driver info: org.openqa.selenium.chrome.ChromeDriver
Command: [1dd08d25c76251844cf8812b66ba82d7, clickElement {id=f.383681DFB7E97C03E4673925FBFE5540.d.CEEA94C405AD47F46F07F2C4102C51EF.e.530}]
Capabilities {acceptInsecureCerts: false, browserName: chrome, browserVersion: 133.0.6943.142, chrome: {chromedriverVersion: 133.0.6943.141 (2a5d6da0d61..., userDataDir: C:\Users\INGRID~1.ZAD\AppDa...}, fedcm:accounts: true, goog:chromeOptions: {debuggerAddress: localhost:62716}, networkConnectionEnabled: false, pageLoadStrategy: normal, platformName: windows, proxy: Proxy(), se:cdp: ws://localhost:62716/devtoo..., se:cdpVersion: 133.0.6943.142, setWindowRect: true, strictFileInteractability: false, timeouts: {implicit: 0, pageLoad: 300000, script: 30000}, unhandledPromptBehavior: dismiss and notify, webauthn:extension:credBlob: true, webauthn:extension:largeBlob: true, webauthn:extension:minPinLength: true, webauthn:extension:prf: true, webauthn:virtualAuthenticators: true}
Element: [[ChromeDriver: chrome on windows (1dd08d25c76251844cf8812b66ba82d7)] -> xpath: //input[@placeholder='Ieškoti...']]
Session ID: 1dd08d25c76251844cf8812b66ba82d7
2025-03-03 09:15:52 [main] ERROR l.i.u.p.SubmittedApplicationsPage - Failed to select dropdown option: Expected condition failed: waiting for visibility of all elements located by By.xpath: //mat-option/span (tried for 30 second(s) with 500 milliseconds interval)
Build info: version: '4.27.0', revision: 'd6e718d134'
System info: os.name: 'Windows 11', os.arch: 'amd64', os.version: '10.0', java.version: '21.0.3'
Driver info: org.openqa.selenium.chrome.ChromeDriver
Capabilities {acceptInsecureCerts: false, browserName: chrome, browserVersion: 133.0.6943.142, chrome: {chromedriverVersion: 133.0.6943.141 (2a5d6da0d61..., userDataDir: C:\Users\INGRID~1.ZAD\AppDa...}, fedcm:accounts: true, goog:chromeOptions: {debuggerAddress: localhost:62716}, networkConnectionEnabled: false, pageLoadStrategy: normal, platformName: windows, proxy: Proxy(), se:cdp: ws://localhost:62716/devtoo..., se:cdpVersion: 133.0.6943.142, setWindowRect: true, strictFileInteractability: false, timeouts: {implicit: 0, pageLoad: 300000, script: 30000}, unhandledPromptBehavior: dismiss and notify, webauthn:extension:credBlob: true, webauthn:extension:largeBlob: true, webauthn:extension:minPinLength: true, webauthn:extension:prf: true, webauthn:virtualAuthenticators: true}
Session ID: 1dd08d25c76251844cf8812b66ba82d7
2025-03-03 09:16:13 [main] ERROR l.i.u.t.SubmittedApplicationsPageTest - Test 'testFillNewVUIApplicationFA' failed with error: invalid session id: session deleted as the browser has closed the connection
from disconnected: not connected to DevTools
  (Session info: chrome=133.0.6943.142)
Build info: version: '4.27.0', revision: 'd6e718d134'
System info: os.name: 'Windows 11', os.arch: 'amd64', os.version: '10.0', java.version: '21.0.3'
Driver info: org.openqa.selenium.chrome.ChromeDriver
Command: [1dd08d25c76251844cf8812b66ba82d7, findElement {using=xpath, value=//mat-label[contains(text(), 'Miestas')]/ancestor::mat-form-field}]
Capabilities {acceptInsecureCerts: false, browserName: chrome, browserVersion: 133.0.6943.142, chrome: {chromedriverVersion: 133.0.6943.141 (2a5d6da0d61..., userDataDir: C:\Users\INGRID~1.ZAD\AppDa...}, fedcm:accounts: true, goog:chromeOptions: {debuggerAddress: localhost:62716}, networkConnectionEnabled: false, pageLoadStrategy: normal, platformName: windows, proxy: Proxy(), se:cdp: ws://localhost:62716/devtoo..., se:cdpVersion: 133.0.6943.142, setWindowRect: true, strictFileInteractability: false, timeouts: {implicit: 0, pageLoad: 300000, script: 30000}, unhandledPromptBehavior: dismiss and notify, webauthn:extension:credBlob: true, webauthn:extension:largeBlob: true, webauthn:extension:minPinLength: true, webauthn:extension:prf: true, webauthn:virtualAuthenticators: true}
Session ID: 1dd08d25c76251844cf8812b66ba82d7
org.openqa.selenium.NoSuchSessionException: invalid session id: session deleted as the browser has closed the connection
from disconnected: not connected to DevTools
  (Session info: chrome=133.0.6943.142)
Build info: version: '4.27.0', revision: 'd6e718d134'
System info: os.name: 'Windows 11', os.arch: 'amd64', os.version: '10.0', java.version: '21.0.3'
Driver info: org.openqa.selenium.chrome.ChromeDriver
Command: [1dd08d25c76251844cf8812b66ba82d7, findElement {using=xpath, value=//mat-label[contains(text(), 'Miestas')]/ancestor::mat-form-field}]
Capabilities {acceptInsecureCerts: false, browserName: chrome, browserVersion: 133.0.6943.142, chrome: {chromedriverVersion: 133.0.6943.141 (2a5d6da0d61..., userDataDir: C:\Users\INGRID~1.ZAD\AppDa...}, fedcm:accounts: true, goog:chromeOptions: {debuggerAddress: localhost:62716}, networkConnectionEnabled: false, pageLoadStrategy: normal, platformName: windows, proxy: Proxy(), se:cdp: ws://localhost:62716/devtoo..., se:cdpVersion: 133.0.6943.142, setWindowRect: true, strictFileInteractability: false, timeouts: {implicit: 0, pageLoad: 300000, script: 30000}, unhandledPromptBehavior: dismiss and notify, webauthn:extension:credBlob: true, webauthn:extension:largeBlob: true, webauthn:extension:minPinLength: true, webauthn:extension:prf: true, webauthn:virtualAuthenticators: true}
Session ID: 1dd08d25c76251844cf8812b66ba82d7
	at java.base/jdk.internal.reflect.DirectConstructorHandleAccessor.newInstance(DirectConstructorHandleAccessor.java:62)
	at java.base/java.lang.reflect.Constructor.newInstanceWithCaller(Constructor.java:502)
	at java.base/java.lang.reflect.Constructor.newInstance(Constructor.java:486)
	at org.openqa.selenium.remote.ErrorCodec.decode(ErrorCodec.java:167)
	at org.openqa.selenium.remote.codec.w3c.W3CHttpResponseCodec.decode(W3CHttpResponseCodec.java:138)
	at org.openqa.selenium.remote.codec.w3c.W3CHttpResponseCodec.decode(W3CHttpResponseCodec.java:50)
	at org.openqa.selenium.remote.HttpCommandExecutor.execute(HttpCommandExecutor.java:190)
	at org.openqa.selenium.remote.service.DriverCommandExecutor.invokeExecute(DriverCommandExecutor.java:216)
	at org.openqa.selenium.remote.service.DriverCommandExecutor.execute(DriverCommandExecutor.java:174)
	at org.openqa.selenium.remote.RemoteWebDriver.execute(RemoteWebDriver.java:545)
	at org.openqa.selenium.remote.ElementLocation$ElementFinder$2.findElement(ElementLocation.java:165)
	at org.openqa.selenium.remote.ElementLocation.findElement(ElementLocation.java:59)
	at org.openqa.selenium.remote.RemoteWebDriver.findElement(RemoteWebDriver.java:368)
	at org.openqa.selenium.remote.RemoteWebDriver.findElement(RemoteWebDriver.java:362)
	at org.openqa.selenium.support.pagefactory.DefaultElementLocator.findElement(DefaultElementLocator.java:68)
	at org.openqa.selenium.support.pagefactory.internal.LocatingElementHandler.invoke(LocatingElementHandler.java:38)
	at jdk.proxy2/jdk.proxy2.$Proxy14.getAttribute(Unknown Source)
	at org.openqa.selenium.support.ui.ExpectedConditions$39.apply(ExpectedConditions.java:1094)
	at org.openqa.selenium.support.ui.ExpectedConditions$39.apply(ExpectedConditions.java:1089)
	at org.openqa.selenium.support.ui.FluentWait.until(FluentWait.java:203)
	at lt.insoft.uztis.pages.SubmittedApplicationsPage.selectDropdownAddressCity(SubmittedApplicationsPage.java:806)
	at lt.insoft.uztis.tests.SubmittedApplicationsPageTest.testFillNewVUIApplicationFA(SubmittedApplicationsPageTest.java:195)
	at java.base/jdk.internal.reflect.DirectMethodHandleAccessor.invoke(DirectMethodHandleAccessor.java:103)
	at java.base/java.lang.reflect.Method.invoke(Method.java:580)
	at org.junit.platform.commons.util.ReflectionUtils.invokeMethod(ReflectionUtils.java:728)
	at org.junit.jupiter.engine.execution.MethodInvocation.proceed(MethodInvocation.java:60)
	at org.junit.jupiter.engine.execution.InvocationInterceptorChain$ValidatingInvocation.proceed(InvocationInterceptorChain.java:131)
	at org.junit.jupiter.engine.extension.TimeoutExtension.intercept(TimeoutExtension.java:156)
	at org.junit.jupiter.engine.extension.TimeoutExtension.interceptTestableMethod(TimeoutExtension.java:147)
	at org.junit.jupiter.engine.extension.TimeoutExtension.interceptTestMethod(TimeoutExtension.java:86)
	at org.junit.jupiter.engine.execution.InterceptingExecutableInvoker$ReflectiveInterceptorCall.lambda$ofVoidMethod$0(InterceptingExecutableInvoker.java:103)
	at org.junit.jupiter.engine.execution.InterceptingExecutableInvoker.lambda$invoke$0(InterceptingExecutableInvoker.java:93)
	at org.junit.jupiter.engine.execution.InvocationInterceptorChain$InterceptedInvocation.proceed(InvocationInterceptorChain.java:106)
	at org.junit.jupiter.engine.execution.InvocationInterceptorChain.proceed(InvocationInterceptorChain.java:64)
	at org.junit.jupiter.engine.execution.InvocationInterceptorChain.chainAndInvoke(InvocationInterceptorChain.java:45)
	at org.junit.jupiter.engine.execution.InvocationInterceptorChain.invoke(InvocationInterceptorChain.java:37)
	at org.junit.jupiter.engine.execution.InterceptingExecutableInvoker.invoke(InterceptingExecutableInvoker.java:92)
	at org.junit.jupiter.engine.execution.InterceptingExecutableInvoker.invoke(InterceptingExecutableInvoker.java:86)
	at org.junit.jupiter.engine.descriptor.TestMethodTestDescriptor.lambda$invokeTestMethod$7(TestMethodTestDescriptor.java:218)
	at org.junit.platform.engine.support.hierarchical.ThrowableCollector.execute(ThrowableCollector.java:73)
	at org.junit.jupiter.engine.descriptor.TestMethodTestDescriptor.invokeTestMethod(TestMethodTestDescriptor.java:214)
	at org.junit.jupiter.engine.descriptor.TestMethodTestDescriptor.execute(TestMethodTestDescriptor.java:139)
	at org.junit.jupiter.engine.descriptor.TestMethodTestDescriptor.execute(TestMethodTestDescriptor.java:69)
	at org.junit.platform.engine.support.hierarchical.NodeTestTask.lambda$executeRecursively$6(NodeTestTask.java:151)
	at org.junit.platform.engine.support.hierarchical.ThrowableCollector.execute(ThrowableCollector.java:73)
	at org.junit.platform.engine.support.hierarchical.NodeTestTask.lambda$executeRecursively$8(NodeTestTask.java:141)
	at org.junit.platform.engine.support.hierarchical.Node.around(Node.java:137)
	at org.junit.platform.engine.support.hierarchical.NodeTestTask.lambda$executeRecursively$9(NodeTestTask.java:139)
	at org.junit.platform.engine.support.hierarchical.ThrowableCollector.execute(ThrowableCollector.java:73)
	at org.junit.platform.engine.support.hierarchical.NodeTestTask.executeRecursively(NodeTestTask.java:138)
	at org.junit.platform.engine.support.hierarchical.NodeTestTask.execute(NodeTestTask.java:95)
	at java.base/java.util.ArrayList.forEach(ArrayList.java:1596)
	at org.junit.platform.engine.support.hierarchical.SameThreadHierarchicalTestExecutorService.invokeAll(SameThreadHierarchicalTestExecutorService.java:41)
	at org.junit.platform.engine.support.hierarchical.NodeTestTask.lambda$executeRecursively$6(NodeTestTask.java:155)
	at org.junit.platform.engine.support.hierarchical.ThrowableCollector.execute(ThrowableCollector.java:73)
	at org.junit.platform.engine.support.hierarchical.NodeTestTask.lambda$executeRecursively$8(NodeTestTask.java:141)
	at org.junit.platform.engine.support.hierarchical.Node.around(Node.java:137)
	at org.junit.platform.engine.support.hierarchical.NodeTestTask.lambda$executeRecursively$9(NodeTestTask.java:139)
	at org.junit.platform.engine.support.hierarchical.ThrowableCollector.execute(ThrowableCollector.java:73)
	at org.junit.platform.engine.support.hierarchical.NodeTestTask.executeRecursively(NodeTestTask.java:138)
	at org.junit.platform.engine.support.hierarchical.NodeTestTask.execute(NodeTestTask.java:95)
	at java.base/java.util.ArrayList.forEach(ArrayList.java:1596)
	at org.junit.platform.engine.support.hierarchical.SameThreadHierarchicalTestExecutorService.invokeAll(SameThreadHierarchicalTestExecutorService.java:41)
	at org.junit.platform.engine.support.hierarchical.NodeTestTask.lambda$executeRecursively$6(NodeTestTask.java:155)
	at org.junit.platform.engine.support.hierarchical.ThrowableCollector.execute(ThrowableCollector.java:73)
	at org.junit.platform.engine.support.hierarchical.NodeTestTask.lambda$executeRecursively$8(NodeTestTask.java:141)
	at org.junit.platform.engine.support.hierarchical.Node.around(Node.java:137)
	at org.junit.platform.engine.support.hierarchical.NodeTestTask.lambda$executeRecursively$9(NodeTestTask.java:139)
	at org.junit.platform.engine.support.hierarchical.ThrowableCollector.execute(ThrowableCollector.java:73)
	at org.junit.platform.engine.support.hierarchical.NodeTestTask.executeRecursively(NodeTestTask.java:138)
	at org.junit.platform.engine.support.hierarchical.NodeTestTask.execute(NodeTestTask.java:95)
	at org.junit.platform.engine.support.hierarchical.SameThreadHierarchicalTestExecutorService.submit(SameThreadHierarchicalTestExecutorService.java:35)
	at org.junit.platform.engine.support.hierarchical.HierarchicalTestExecutor.execute(HierarchicalTestExecutor.java:57)
	at org.junit.platform.engine.support.hierarchical.HierarchicalTestEngine.execute(HierarchicalTestEngine.java:54)
	at org.junit.platform.launcher.core.EngineExecutionOrchestrator.execute(EngineExecutionOrchestrator.java:198)
	at org.junit.platform.launcher.core.EngineExecutionOrchestrator.execute(EngineExecutionOrchestrator.java:169)
	at org.junit.platform.launcher.core.EngineExecutionOrchestrator.execute(EngineExecutionOrchestrator.java:93)
	at org.junit.platform.launcher.core.EngineExecutionOrchestrator.lambda$execute$0(EngineExecutionOrchestrator.java:58)
	at org.junit.platform.launcher.core.EngineExecutionOrchestrator.withInterceptedStreams(EngineExecutionOrchestrator.java:141)
	at org.junit.platform.launcher.core.EngineExecutionOrchestrator.execute(EngineExecutionOrchestrator.java:57)
	at org.junit.platform.launcher.core.DefaultLauncher.execute(DefaultLauncher.java:103)
	at org.junit.platform.launcher.core.DefaultLauncher.execute(DefaultLauncher.java:85)
	at org.junit.platform.launcher.core.DelegatingLauncher.execute(DelegatingLauncher.java:47)
	at org.junit.platform.launcher.core.SessionPerRequestLauncher.execute(SessionPerRequestLauncher.java:63)
	at com.intellij.junit5.JUnit5IdeaTestRunner.startRunnerWithArgs(JUnit5IdeaTestRunner.java:57)
	at com.intellij.rt.junit.IdeaTestRunner$Repeater$1.execute(IdeaTestRunner.java:38)
	at com.intellij.rt.execution.junit.TestsRepeater.repeat(TestsRepeater.java:11)
	at com.intellij.rt.junit.IdeaTestRunner$Repeater.startRunnerWithArgs(IdeaTestRunner.java:35)
	at com.intellij.rt.junit.JUnitStarter.prepareStreamsAndStart(JUnitStarter.java:232)
	at com.intellij.rt.junit.JUnitStarter.main(JUnitStarter.java:55)
2025-03-03 09:20:23 [main] INFO  lt.insoft.uztis.tests.UztisPageTest - Navigated to https://uztisdev.asseco.lt/home
2025-03-03 09:20:23 [main] INFO  l.i.u.t.SubmittedApplicationsPageTest - Starting test:'testFillNewVUIPApplicationFA'
2025-03-03 09:20:24 [main] DEBUG l.i.u.t.SubmittedApplicationsPageTest - User logged in with test credentials.
2025-03-03 09:20:24 [main] DEBUG l.i.u.t.SubmittedApplicationsPageTest - Opened 'Application Processing' menu.
2025-03-03 09:20:24 [main] DEBUG l.i.u.t.SubmittedApplicationsPageTest - Clicked on 'Application Forms' menu.
2025-03-03 09:20:24 [main] DEBUG l.i.u.t.SubmittedApplicationsPageTest - Retrieved last description code text: 'TST-VUI-52'.
2025-03-03 09:20:25 [main] DEBUG l.i.u.t.SubmittedApplicationsPageTest - Clicked on 'Invitation' menu.
2025-03-03 09:20:26 [main] DEBUG l.i.u.t.SubmittedApplicationsPageTest - Selected application section by code: 'TST-VUI-52'.
2025-03-03 09:20:26 [main] DEBUG l.i.u.t.SubmittedApplicationsPageTest - Clicked 'Search' button.
2025-03-03 09:20:26 [main] DEBUG l.i.u.t.SubmittedApplicationsPageTest - Retrieved invitation code: ''.
2025-03-03 09:20:26 [main] DEBUG l.i.u.t.SubmittedApplicationsPageTest - Clicked on 'Submitted Applications' menu.
2025-03-03 09:20:27 [main] DEBUG l.i.u.t.SubmittedApplicationsPageTest - Selected invitation by code: 'TST-VUI-52'.
2025-03-03 09:20:27 [main] DEBUG l.i.u.t.SubmittedApplicationsPageTest - Invitation code inserted.
2025-03-03 09:20:27 [main] DEBUG l.i.u.t.SubmittedApplicationsPageTest - Clicked on 'Action Application' button.
2025-03-03 09:20:28 [main] DEBUG l.i.u.t.SubmittedApplicationsPageTest - Clicked on 'New Application' button.
2025-03-03 09:20:28 [main] DEBUG l.i.u.t.SubmittedApplicationsPageTest - Selected the 'RadioButtonFA' option.
2025-03-03 09:20:28 [main] DEBUG l.i.u.t.SubmittedApplicationsPageTest - Entered phone number: '61298745'.
2025-03-03 09:20:28 [main] DEBUG l.i.u.t.SubmittedApplicationsPageTest - Entered email: 'test@autotest.com'.
2025-03-03 09:20:29 [main] DEBUG l.i.u.t.SubmittedApplicationsPageTest - Clicked on 'Address Component' button.
2025-03-03 09:20:29 [main] INFO  l.i.u.p.SubmittedApplicationsPage - Located the dropdown button.
2025-03-03 09:20:32 [main] INFO  l.i.u.p.SubmittedApplicationsPage - Successfully selected the value: 'Lietuva'
2025-03-03 09:20:32 [main] DEBUG l.i.u.t.SubmittedApplicationsPageTest - Selected country: 'Lietuva'.
2025-03-03 09:20:32 [main] INFO  l.i.u.p.SubmittedApplicationsPage - Located the dropdown search field.
2025-03-03 09:20:32 [main] ERROR l.i.u.p.SubmittedApplicationsPage - Failed to enter search value: stale element reference: stale element not found in the current frame
  (Session info: chrome=133.0.6943.142)
For documentation on this error, please visit: https://www.selenium.dev/documentation/webdriver/troubleshooting/errors#stale-element-reference-exception
Build info: version: '4.27.0', revision: 'd6e718d134'
System info: os.name: 'Windows 11', os.arch: 'amd64', os.version: '10.0', java.version: '21.0.3'
Driver info: org.openqa.selenium.chrome.ChromeDriver
Command: [724206fad93e1c9ce42a0d491f329bc5, clickElement {id=f.6D3D58600A6646A10066F9CCF5399AA8.d.1A634411B3577E0B9DB36AC5D3A33E98.e.530}]
Capabilities {acceptInsecureCerts: false, browserName: chrome, browserVersion: 133.0.6943.142, chrome: {chromedriverVersion: 133.0.6943.141 (2a5d6da0d61..., userDataDir: C:\Users\INGRID~1.ZAD\AppDa...}, fedcm:accounts: true, goog:chromeOptions: {debuggerAddress: localhost:62908}, networkConnectionEnabled: false, pageLoadStrategy: normal, platformName: windows, proxy: Proxy(), se:cdp: ws://localhost:62908/devtoo..., se:cdpVersion: 133.0.6943.142, setWindowRect: true, strictFileInteractability: false, timeouts: {implicit: 0, pageLoad: 300000, script: 30000}, unhandledPromptBehavior: dismiss and notify, webauthn:extension:credBlob: true, webauthn:extension:largeBlob: true, webauthn:extension:minPinLength: true, webauthn:extension:prf: true, webauthn:virtualAuthenticators: true}
Element: [[ChromeDriver: chrome on windows (724206fad93e1c9ce42a0d491f329bc5)] -> xpath: //input[@placeholder='Ieškoti...']]
Session ID: 724206fad93e1c9ce42a0d491f329bc5
2025-03-03 09:23:39 [main] INFO  lt.insoft.uztis.tests.UztisPageTest - Navigated to https://uztisdev.asseco.lt/home
2025-03-03 09:23:39 [main] INFO  l.i.u.t.SubmittedApplicationsPageTest - Starting test:'testFillNewVUIPApplicationFA'
2025-03-03 09:23:39 [main] DEBUG l.i.u.t.SubmittedApplicationsPageTest - User logged in with test credentials.
2025-03-03 09:23:39 [main] DEBUG l.i.u.t.SubmittedApplicationsPageTest - Opened 'Application Processing' menu.
2025-03-03 09:23:39 [main] DEBUG l.i.u.t.SubmittedApplicationsPageTest - Clicked on 'Application Forms' menu.
2025-03-03 09:23:40 [main] DEBUG l.i.u.t.SubmittedApplicationsPageTest - Retrieved last description code text: 'TST-VUI-52'.
2025-03-03 09:23:40 [main] DEBUG l.i.u.t.SubmittedApplicationsPageTest - Clicked on 'Invitation' menu.
2025-03-03 09:23:41 [main] DEBUG l.i.u.t.SubmittedApplicationsPageTest - Selected application section by code: 'TST-VUI-52'.
2025-03-03 09:23:41 [main] DEBUG l.i.u.t.SubmittedApplicationsPageTest - Clicked 'Search' button.
2025-03-03 09:23:41 [main] DEBUG l.i.u.t.SubmittedApplicationsPageTest - Retrieved invitation code: ''.
2025-03-03 09:23:41 [main] DEBUG l.i.u.t.SubmittedApplicationsPageTest - Clicked on 'Submitted Applications' menu.
2025-03-03 09:23:43 [main] DEBUG l.i.u.t.SubmittedApplicationsPageTest - Selected invitation by code: 'TST-VUI-52'.
2025-03-03 09:23:43 [main] DEBUG l.i.u.t.SubmittedApplicationsPageTest - Invitation code inserted.
2025-03-03 09:23:43 [main] DEBUG l.i.u.t.SubmittedApplicationsPageTest - Clicked on 'Action Application' button.
2025-03-03 09:23:43 [main] DEBUG l.i.u.t.SubmittedApplicationsPageTest - Clicked on 'New Application' button.
2025-03-03 09:23:44 [main] DEBUG l.i.u.t.SubmittedApplicationsPageTest - Selected the 'RadioButtonFA' option.
2025-03-03 09:23:44 [main] DEBUG l.i.u.t.SubmittedApplicationsPageTest - Entered phone number: '61298745'.
2025-03-03 09:23:44 [main] DEBUG l.i.u.t.SubmittedApplicationsPageTest - Entered email: 'test@autotest.com'.
2025-03-03 09:23:44 [main] DEBUG l.i.u.t.SubmittedApplicationsPageTest - Clicked on 'Address Component' button.
2025-03-03 09:23:44 [main] INFO  l.i.u.p.SubmittedApplicationsPage - Located the dropdown button.
2025-03-03 09:23:48 [main] INFO  l.i.u.p.SubmittedApplicationsPage - Successfully selected the value: 'Lietuva'
2025-03-03 09:23:48 [main] DEBUG l.i.u.t.SubmittedApplicationsPageTest - Selected country: 'Lietuva'.
2025-03-03 09:23:48 [main] INFO  l.i.u.p.SubmittedApplicationsPage - Located the dropdown search field.
2025-03-03 09:23:48 [main] INFO  l.i.u.p.SubmittedApplicationsPage - Dropdown city is opened.
2025-03-03 09:23:49 [main] INFO  l.i.u.p.SubmittedApplicationsPage - Searched for value: 'Vilnius'
2025-03-03 09:23:49 [main] ERROR l.i.u.p.SubmittedApplicationsPage - Failed to select dropdown option: stale element reference: stale element not found in the current frame
  (Session info: chrome=133.0.6943.142)
For documentation on this error, please visit: https://www.selenium.dev/documentation/webdriver/troubleshooting/errors#stale-element-reference-exception
Build info: version: '4.27.0', revision: 'd6e718d134'
System info: os.name: 'Windows 11', os.arch: 'amd64', os.version: '10.0', java.version: '21.0.3'
Driver info: org.openqa.selenium.chrome.ChromeDriver
Command: [94e21e37ec52baa0ef41311372c003aa, isElementDisplayed {id=f.DB3D9D917EA16D6EFF8EC5D0950B7E95.d.12B35DB1BCB4758AF9805500976AC8DA.e.545}]
Capabilities {acceptInsecureCerts: false, browserName: chrome, browserVersion: 133.0.6943.142, chrome: {chromedriverVersion: 133.0.6943.141 (2a5d6da0d61..., userDataDir: C:\Users\INGRID~1.ZAD\AppDa...}, fedcm:accounts: true, goog:chromeOptions: {debuggerAddress: localhost:63023}, networkConnectionEnabled: false, pageLoadStrategy: normal, platformName: windows, proxy: Proxy(), se:cdp: ws://localhost:63023/devtoo..., se:cdpVersion: 133.0.6943.142, setWindowRect: true, strictFileInteractability: false, timeouts: {implicit: 0, pageLoad: 300000, script: 30000}, unhandledPromptBehavior: dismiss and notify, webauthn:extension:credBlob: true, webauthn:extension:largeBlob: true, webauthn:extension:minPinLength: true, webauthn:extension:prf: true, webauthn:virtualAuthenticators: true}
Element: [[ChromeDriver: chrome on windows (94e21e37ec52baa0ef41311372c003aa)] -> xpath: //mat-option/span]
Session ID: 94e21e37ec52baa0ef41311372c003aa
2025-03-03 09:24:19 [main] ERROR l.i.u.p.SubmittedApplicationsPage - Timeout while waiting for dropdown to close with aria-expanded = 'false'.
2025-03-03 09:24:19 [main] INFO  l.i.u.p.SubmittedApplicationsPage - Located the dropdown button.
2025-03-03 09:24:19 [main] WARN  l.i.u.p.SubmittedApplicationsPage - Dropdown value 'V. Grybo g.' not found.
2025-03-03 09:24:41 [main] DEBUG l.i.u.t.SubmittedApplicationsPageTest - Selected street: 'V. Grybo g.'.
2025-03-03 09:24:41 [main] INFO  l.i.u.p.SubmittedApplicationsPage - Located the dropdown button.
2025-03-03 09:24:41 [main] WARN  l.i.u.p.SubmittedApplicationsPage - Dropdown value '1' not found.
2025-03-03 09:25:03 [main] DEBUG l.i.u.t.SubmittedApplicationsPageTest - Selected house: '1'.
2025-03-03 09:25:03 [main] INFO  l.i.u.p.SubmittedApplicationsPage - Located the dropdown button.
2025-03-03 09:25:04 [main] WARN  l.i.u.p.SubmittedApplicationsPage - Dropdown value '1' not found.
2025-03-03 09:25:05 [main] ERROR l.i.u.t.SubmittedApplicationsPageTest - Test 'testFillNewVUIApplicationFA' failed with error: invalid session id: session deleted as the browser has closed the connection
from disconnected: not connected to DevTools
  (Session info: chrome=133.0.6943.142)
Build info: version: '4.27.0', revision: 'd6e718d134'
System info: os.name: 'Windows 11', os.arch: 'amd64', os.version: '10.0', java.version: '21.0.3'
Driver info: org.openqa.selenium.chrome.ChromeDriver
Command: [94e21e37ec52baa0ef41311372c003aa, findElement {value=//mat-label[contains(text(), 'Buto / patalpos Nr.')]/following::mat-select[1], using=xpath}]
Capabilities {acceptInsecureCerts: false, browserName: chrome, browserVersion: 133.0.6943.142, chrome: {chromedriverVersion: 133.0.6943.141 (2a5d6da0d61..., userDataDir: C:\Users\INGRID~1.ZAD\AppDa...}, fedcm:accounts: true, goog:chromeOptions: {debuggerAddress: localhost:63023}, networkConnectionEnabled: false, pageLoadStrategy: normal, platformName: windows, proxy: Proxy(), se:cdp: ws://localhost:63023/devtoo..., se:cdpVersion: 133.0.6943.142, setWindowRect: true, strictFileInteractability: false, timeouts: {implicit: 0, pageLoad: 300000, script: 30000}, unhandledPromptBehavior: dismiss and notify, webauthn:extension:credBlob: true, webauthn:extension:largeBlob: true, webauthn:extension:minPinLength: true, webauthn:extension:prf: true, webauthn:virtualAuthenticators: true}
Session ID: 94e21e37ec52baa0ef41311372c003aa
org.openqa.selenium.NoSuchSessionException: invalid session id: session deleted as the browser has closed the connection
from disconnected: not connected to DevTools
  (Session info: chrome=133.0.6943.142)
Build info: version: '4.27.0', revision: 'd6e718d134'
System info: os.name: 'Windows 11', os.arch: 'amd64', os.version: '10.0', java.version: '21.0.3'
Driver info: org.openqa.selenium.chrome.ChromeDriver
Command: [94e21e37ec52baa0ef41311372c003aa, findElement {value=//mat-label[contains(text(), 'Buto / patalpos Nr.')]/following::mat-select[1], using=xpath}]
Capabilities {acceptInsecureCerts: false, browserName: chrome, browserVersion: 133.0.6943.142, chrome: {chromedriverVersion: 133.0.6943.141 (2a5d6da0d61..., userDataDir: C:\Users\INGRID~1.ZAD\AppDa...}, fedcm:accounts: true, goog:chromeOptions: {debuggerAddress: localhost:63023}, networkConnectionEnabled: false, pageLoadStrategy: normal, platformName: windows, proxy: Proxy(), se:cdp: ws://localhost:63023/devtoo..., se:cdpVersion: 133.0.6943.142, setWindowRect: true, strictFileInteractability: false, timeouts: {implicit: 0, pageLoad: 300000, script: 30000}, unhandledPromptBehavior: dismiss and notify, webauthn:extension:credBlob: true, webauthn:extension:largeBlob: true, webauthn:extension:minPinLength: true, webauthn:extension:prf: true, webauthn:virtualAuthenticators: true}
Session ID: 94e21e37ec52baa0ef41311372c003aa
	at java.base/jdk.internal.reflect.DirectConstructorHandleAccessor.newInstance(DirectConstructorHandleAccessor.java:62)
	at java.base/java.lang.reflect.Constructor.newInstanceWithCaller(Constructor.java:502)
	at java.base/java.lang.reflect.Constructor.newInstance(Constructor.java:486)
	at org.openqa.selenium.remote.ErrorCodec.decode(ErrorCodec.java:167)
	at org.openqa.selenium.remote.codec.w3c.W3CHttpResponseCodec.decode(W3CHttpResponseCodec.java:138)
	at org.openqa.selenium.remote.codec.w3c.W3CHttpResponseCodec.decode(W3CHttpResponseCodec.java:50)
	at org.openqa.selenium.remote.HttpCommandExecutor.execute(HttpCommandExecutor.java:190)
	at org.openqa.selenium.remote.service.DriverCommandExecutor.invokeExecute(DriverCommandExecutor.java:216)
	at org.openqa.selenium.remote.service.DriverCommandExecutor.execute(DriverCommandExecutor.java:174)
	at org.openqa.selenium.remote.RemoteWebDriver.execute(RemoteWebDriver.java:545)
	at org.openqa.selenium.remote.ElementLocation$ElementFinder$2.findElement(ElementLocation.java:165)
	at org.openqa.selenium.remote.ElementLocation.findElement(ElementLocation.java:59)
	at org.openqa.selenium.remote.RemoteWebDriver.findElement(RemoteWebDriver.java:368)
	at org.openqa.selenium.remote.RemoteWebDriver.findElement(RemoteWebDriver.java:362)
	at org.openqa.selenium.support.pagefactory.DefaultElementLocator.findElement(DefaultElementLocator.java:68)
	at org.openqa.selenium.support.pagefactory.internal.LocatingElementHandler.invoke(LocatingElementHandler.java:38)
	at jdk.proxy2/jdk.proxy2.$Proxy14.getAttribute(Unknown Source)
	at org.openqa.selenium.support.ui.ExpectedConditions$39.apply(ExpectedConditions.java:1094)
	at org.openqa.selenium.support.ui.ExpectedConditions$39.apply(ExpectedConditions.java:1089)
	at org.openqa.selenium.support.ui.FluentWait.until(FluentWait.java:203)
	at lt.insoft.uztis.pages.SubmittedApplicationsPage.selectDropdownAddressApartment(SubmittedApplicationsPage.java:982)
	at lt.insoft.uztis.tests.SubmittedApplicationsPageTest.testFillNewVUIApplicationFA(SubmittedApplicationsPageTest.java:227)
	at java.base/jdk.internal.reflect.DirectMethodHandleAccessor.invoke(DirectMethodHandleAccessor.java:103)
	at java.base/java.lang.reflect.Method.invoke(Method.java:580)
	at org.junit.platform.commons.util.ReflectionUtils.invokeMethod(ReflectionUtils.java:728)
	at org.junit.jupiter.engine.execution.MethodInvocation.proceed(MethodInvocation.java:60)
	at org.junit.jupiter.engine.execution.InvocationInterceptorChain$ValidatingInvocation.proceed(InvocationInterceptorChain.java:131)
	at org.junit.jupiter.engine.extension.TimeoutExtension.intercept(TimeoutExtension.java:156)
	at org.junit.jupiter.engine.extension.TimeoutExtension.interceptTestableMethod(TimeoutExtension.java:147)
	at org.junit.jupiter.engine.extension.TimeoutExtension.interceptTestMethod(TimeoutExtension.java:86)
	at org.junit.jupiter.engine.execution.InterceptingExecutableInvoker$ReflectiveInterceptorCall.lambda$ofVoidMethod$0(InterceptingExecutableInvoker.java:103)
	at org.junit.jupiter.engine.execution.InterceptingExecutableInvoker.lambda$invoke$0(InterceptingExecutableInvoker.java:93)
	at org.junit.jupiter.engine.execution.InvocationInterceptorChain$InterceptedInvocation.proceed(InvocationInterceptorChain.java:106)
	at org.junit.jupiter.engine.execution.InvocationInterceptorChain.proceed(InvocationInterceptorChain.java:64)
	at org.junit.jupiter.engine.execution.InvocationInterceptorChain.chainAndInvoke(InvocationInterceptorChain.java:45)
	at org.junit.jupiter.engine.execution.InvocationInterceptorChain.invoke(InvocationInterceptorChain.java:37)
	at org.junit.jupiter.engine.execution.InterceptingExecutableInvoker.invoke(InterceptingExecutableInvoker.java:92)
	at org.junit.jupiter.engine.execution.InterceptingExecutableInvoker.invoke(InterceptingExecutableInvoker.java:86)
	at org.junit.jupiter.engine.descriptor.TestMethodTestDescriptor.lambda$invokeTestMethod$7(TestMethodTestDescriptor.java:218)
	at org.junit.platform.engine.support.hierarchical.ThrowableCollector.execute(ThrowableCollector.java:73)
	at org.junit.jupiter.engine.descriptor.TestMethodTestDescriptor.invokeTestMethod(TestMethodTestDescriptor.java:214)
	at org.junit.jupiter.engine.descriptor.TestMethodTestDescriptor.execute(TestMethodTestDescriptor.java:139)
	at org.junit.jupiter.engine.descriptor.TestMethodTestDescriptor.execute(TestMethodTestDescriptor.java:69)
	at org.junit.platform.engine.support.hierarchical.NodeTestTask.lambda$executeRecursively$6(NodeTestTask.java:151)
	at org.junit.platform.engine.support.hierarchical.ThrowableCollector.execute(ThrowableCollector.java:73)
	at org.junit.platform.engine.support.hierarchical.NodeTestTask.lambda$executeRecursively$8(NodeTestTask.java:141)
	at org.junit.platform.engine.support.hierarchical.Node.around(Node.java:137)
	at org.junit.platform.engine.support.hierarchical.NodeTestTask.lambda$executeRecursively$9(NodeTestTask.java:139)
	at org.junit.platform.engine.support.hierarchical.ThrowableCollector.execute(ThrowableCollector.java:73)
	at org.junit.platform.engine.support.hierarchical.NodeTestTask.executeRecursively(NodeTestTask.java:138)
	at org.junit.platform.engine.support.hierarchical.NodeTestTask.execute(NodeTestTask.java:95)
	at java.base/java.util.ArrayList.forEach(ArrayList.java:1596)
	at org.junit.platform.engine.support.hierarchical.SameThreadHierarchicalTestExecutorService.invokeAll(SameThreadHierarchicalTestExecutorService.java:41)
	at org.junit.platform.engine.support.hierarchical.NodeTestTask.lambda$executeRecursively$6(NodeTestTask.java:155)
	at org.junit.platform.engine.support.hierarchical.ThrowableCollector.execute(ThrowableCollector.java:73)
	at org.junit.platform.engine.support.hierarchical.NodeTestTask.lambda$executeRecursively$8(NodeTestTask.java:141)
	at org.junit.platform.engine.support.hierarchical.Node.around(Node.java:137)
	at org.junit.platform.engine.support.hierarchical.NodeTestTask.lambda$executeRecursively$9(NodeTestTask.java:139)
	at org.junit.platform.engine.support.hierarchical.ThrowableCollector.execute(ThrowableCollector.java:73)
	at org.junit.platform.engine.support.hierarchical.NodeTestTask.executeRecursively(NodeTestTask.java:138)
	at org.junit.platform.engine.support.hierarchical.NodeTestTask.execute(NodeTestTask.java:95)
	at java.base/java.util.ArrayList.forEach(ArrayList.java:1596)
	at org.junit.platform.engine.support.hierarchical.SameThreadHierarchicalTestExecutorService.invokeAll(SameThreadHierarchicalTestExecutorService.java:41)
	at org.junit.platform.engine.support.hierarchical.NodeTestTask.lambda$executeRecursively$6(NodeTestTask.java:155)
	at org.junit.platform.engine.support.hierarchical.ThrowableCollector.execute(ThrowableCollector.java:73)
	at org.junit.platform.engine.support.hierarchical.NodeTestTask.lambda$executeRecursively$8(NodeTestTask.java:141)
	at org.junit.platform.engine.support.hierarchical.Node.around(Node.java:137)
	at org.junit.platform.engine.support.hierarchical.NodeTestTask.lambda$executeRecursively$9(NodeTestTask.java:139)
	at org.junit.platform.engine.support.hierarchical.ThrowableCollector.execute(ThrowableCollector.java:73)
	at org.junit.platform.engine.support.hierarchical.NodeTestTask.executeRecursively(NodeTestTask.java:138)
	at org.junit.platform.engine.support.hierarchical.NodeTestTask.execute(NodeTestTask.java:95)
	at org.junit.platform.engine.support.hierarchical.SameThreadHierarchicalTestExecutorService.submit(SameThreadHierarchicalTestExecutorService.java:35)
	at org.junit.platform.engine.support.hierarchical.HierarchicalTestExecutor.execute(HierarchicalTestExecutor.java:57)
	at org.junit.platform.engine.support.hierarchical.HierarchicalTestEngine.execute(HierarchicalTestEngine.java:54)
	at org.junit.platform.launcher.core.EngineExecutionOrchestrator.execute(EngineExecutionOrchestrator.java:198)
	at org.junit.platform.launcher.core.EngineExecutionOrchestrator.execute(EngineExecutionOrchestrator.java:169)
	at org.junit.platform.launcher.core.EngineExecutionOrchestrator.execute(EngineExecutionOrchestrator.java:93)
	at org.junit.platform.launcher.core.EngineExecutionOrchestrator.lambda$execute$0(EngineExecutionOrchestrator.java:58)
	at org.junit.platform.launcher.core.EngineExecutionOrchestrator.withInterceptedStreams(EngineExecutionOrchestrator.java:141)
	at org.junit.platform.launcher.core.EngineExecutionOrchestrator.execute(EngineExecutionOrchestrator.java:57)
	at org.junit.platform.launcher.core.DefaultLauncher.execute(DefaultLauncher.java:103)
	at org.junit.platform.launcher.core.DefaultLauncher.execute(DefaultLauncher.java:85)
	at org.junit.platform.launcher.core.DelegatingLauncher.execute(DelegatingLauncher.java:47)
	at org.junit.platform.launcher.core.SessionPerRequestLauncher.execute(SessionPerRequestLauncher.java:63)
	at com.intellij.junit5.JUnit5IdeaTestRunner.startRunnerWithArgs(JUnit5IdeaTestRunner.java:57)
	at com.intellij.rt.junit.IdeaTestRunner$Repeater$1.execute(IdeaTestRunner.java:38)
	at com.intellij.rt.execution.junit.TestsRepeater.repeat(TestsRepeater.java:11)
	at com.intellij.rt.junit.IdeaTestRunner$Repeater.startRunnerWithArgs(IdeaTestRunner.java:35)
	at com.intellij.rt.junit.JUnitStarter.prepareStreamsAndStart(JUnitStarter.java:232)
	at com.intellij.rt.junit.JUnitStarter.main(JUnitStarter.java:55)
2025-03-03 09:25:28 [main] INFO  lt.insoft.uztis.tests.UztisPageTest - Navigated to https://uztisdev.asseco.lt/home
2025-03-03 09:25:28 [main] INFO  l.i.u.t.SubmittedApplicationsPageTest - Starting test:'testFillNewVUIPApplicationFA'
2025-03-03 09:25:29 [main] DEBUG l.i.u.t.SubmittedApplicationsPageTest - User logged in with test credentials.
2025-03-03 09:25:29 [main] DEBUG l.i.u.t.SubmittedApplicationsPageTest - Opened 'Application Processing' menu.
2025-03-03 09:25:29 [main] DEBUG l.i.u.t.SubmittedApplicationsPageTest - Clicked on 'Application Forms' menu.
2025-03-03 09:25:29 [main] DEBUG l.i.u.t.SubmittedApplicationsPageTest - Retrieved last description code text: 'TST-VUI-52'.
2025-03-03 09:25:30 [main] DEBUG l.i.u.t.SubmittedApplicationsPageTest - Clicked on 'Invitation' menu.
2025-03-03 09:25:31 [main] DEBUG l.i.u.t.SubmittedApplicationsPageTest - Selected application section by code: 'TST-VUI-52'.
2025-03-03 09:25:31 [main] DEBUG l.i.u.t.SubmittedApplicationsPageTest - Clicked 'Search' button.
2025-03-03 09:25:31 [main] DEBUG l.i.u.t.SubmittedApplicationsPageTest - Retrieved invitation code: ''.
2025-03-03 09:25:31 [main] DEBUG l.i.u.t.SubmittedApplicationsPageTest - Clicked on 'Submitted Applications' menu.
2025-03-03 09:25:32 [main] DEBUG l.i.u.t.SubmittedApplicationsPageTest - Selected invitation by code: 'TST-VUI-52'.
2025-03-03 09:25:32 [main] DEBUG l.i.u.t.SubmittedApplicationsPageTest - Invitation code inserted.
2025-03-03 09:25:32 [main] DEBUG l.i.u.t.SubmittedApplicationsPageTest - Clicked on 'Action Application' button.
2025-03-03 09:25:33 [main] DEBUG l.i.u.t.SubmittedApplicationsPageTest - Clicked on 'New Application' button.
2025-03-03 09:25:33 [main] DEBUG l.i.u.t.SubmittedApplicationsPageTest - Selected the 'RadioButtonFA' option.
2025-03-03 09:25:33 [main] DEBUG l.i.u.t.SubmittedApplicationsPageTest - Entered phone number: '61298745'.
2025-03-03 09:25:33 [main] DEBUG l.i.u.t.SubmittedApplicationsPageTest - Entered email: 'test@autotest.com'.
2025-03-03 09:25:34 [main] DEBUG l.i.u.t.SubmittedApplicationsPageTest - Clicked on 'Address Component' button.
2025-03-03 09:25:34 [main] INFO  l.i.u.p.SubmittedApplicationsPage - Located the dropdown button.
2025-03-03 09:25:37 [main] INFO  l.i.u.p.SubmittedApplicationsPage - Successfully selected the value: 'Lietuva'
2025-03-03 09:25:37 [main] DEBUG l.i.u.t.SubmittedApplicationsPageTest - Selected country: 'Lietuva'.
2025-03-03 09:25:37 [main] INFO  l.i.u.p.SubmittedApplicationsPage - Located the dropdown search field.
2025-03-03 09:25:38 [main] INFO  l.i.u.p.SubmittedApplicationsPage - Dropdown city is opened.
2025-03-03 09:25:38 [main] INFO  l.i.u.p.SubmittedApplicationsPage - Searched for value: 'Vilnius'
2025-03-03 09:25:38 [main] ERROR l.i.u.p.SubmittedApplicationsPage - Failed to select dropdown option: stale element reference: stale element not found in the current frame
  (Session info: chrome=133.0.6943.142)
For documentation on this error, please visit: https://www.selenium.dev/documentation/webdriver/troubleshooting/errors#stale-element-reference-exception
Build info: version: '4.27.0', revision: 'd6e718d134'
System info: os.name: 'Windows 11', os.arch: 'amd64', os.version: '10.0', java.version: '21.0.3'
Driver info: org.openqa.selenium.chrome.ChromeDriver
Command: [ea939e71ebf4f5bc60bf72d8ed92778f, isElementDisplayed {id=f.AEE97798528E484D90109A9DFCC78D0F.d.18D87232B66D65D41866CDC55ADDBF71.e.553}]
Capabilities {acceptInsecureCerts: false, browserName: chrome, browserVersion: 133.0.6943.142, chrome: {chromedriverVersion: 133.0.6943.141 (2a5d6da0d61..., userDataDir: C:\Users\INGRID~1.ZAD\AppDa...}, fedcm:accounts: true, goog:chromeOptions: {debuggerAddress: localhost:63109}, networkConnectionEnabled: false, pageLoadStrategy: normal, platformName: windows, proxy: Proxy(), se:cdp: ws://localhost:63109/devtoo..., se:cdpVersion: 133.0.6943.142, setWindowRect: true, strictFileInteractability: false, timeouts: {implicit: 0, pageLoad: 300000, script: 30000}, unhandledPromptBehavior: dismiss and notify, webauthn:extension:credBlob: true, webauthn:extension:largeBlob: true, webauthn:extension:minPinLength: true, webauthn:extension:prf: true, webauthn:virtualAuthenticators: true}
Element: [[ChromeDriver: chrome on windows (ea939e71ebf4f5bc60bf72d8ed92778f)] -> xpath: //mat-option/span]
Session ID: ea939e71ebf4f5bc60bf72d8ed92778f
2025-03-03 09:26:09 [main] ERROR l.i.u.p.SubmittedApplicationsPage - Timeout while waiting for dropdown to close with aria-expanded = 'false'.
2025-03-03 09:26:09 [main] INFO  l.i.u.p.SubmittedApplicationsPage - Located the dropdown search field.
2025-03-03 09:26:10 [main] ERROR l.i.u.p.SubmittedApplicationsPage - Dropdown city click failed: element click intercepted: Element <mat-form-field class="mat-mdc-form-field ng-tns-c508571215-39 mat-mdc-form-field-type-common-select mat-mdc-form-field-has-icon-prefix mat-mdc-form-field-has-icon-suffix mat-form-field-appearance-outline mat-primary ng-star-inserted ng-dirty ng-valid ng-touched mat-focused" style="--mat-form-field-notch-max-width: calc(100% - 8px);">...</mat-form-field> is not clickable at point (960, 449). Other element would receive the click: <div class="cdk-overlay-backdrop cdk-overlay-transparent-backdrop cdk-overlay-backdrop-showing"></div>
  (Session info: chrome=133.0.6943.142)
Build info: version: '4.27.0', revision: 'd6e718d134'
System info: os.name: 'Windows 11', os.arch: 'amd64', os.version: '10.0', java.version: '21.0.3'
Driver info: org.openqa.selenium.chrome.ChromeDriver
Command: [ea939e71ebf4f5bc60bf72d8ed92778f, clickElement {id=f.AEE97798528E484D90109A9DFCC78D0F.d.18D87232B66D65D41866CDC55ADDBF71.e.535}]
Capabilities {acceptInsecureCerts: false, browserName: chrome, browserVersion: 133.0.6943.142, chrome: {chromedriverVersion: 133.0.6943.141 (2a5d6da0d61..., userDataDir: C:\Users\INGRID~1.ZAD\AppDa...}, fedcm:accounts: true, goog:chromeOptions: {debuggerAddress: localhost:63109}, networkConnectionEnabled: false, pageLoadStrategy: normal, platformName: windows, proxy: Proxy(), se:cdp: ws://localhost:63109/devtoo..., se:cdpVersion: 133.0.6943.142, setWindowRect: true, strictFileInteractability: false, timeouts: {implicit: 0, pageLoad: 300000, script: 30000}, unhandledPromptBehavior: dismiss and notify, webauthn:extension:credBlob: true, webauthn:extension:largeBlob: true, webauthn:extension:minPinLength: true, webauthn:extension:prf: true, webauthn:virtualAuthenticators: true}
Element: [[ChromeDriver: chrome on windows (ea939e71ebf4f5bc60bf72d8ed92778f)] -> xpath: //mat-label[contains(text(), 'Miestas')]/ancestor::mat-form-field]
Session ID: ea939e71ebf4f5bc60bf72d8ed92778f
2025-03-03 09:26:10 [main] INFO  l.i.u.p.SubmittedApplicationsPage - Searched for value: 'Vilniaus miesto sav.'
2025-03-03 09:26:10 [main] WARN  l.i.u.p.SubmittedApplicationsPage - Dropdown value 'Vilniaus miesto sav.' not found.
2025-03-03 09:26:41 [main] ERROR l.i.u.p.SubmittedApplicationsPage - Timeout while waiting for dropdown to close with aria-expanded = 'false'.
2025-03-03 09:26:41 [main] INFO  l.i.u.p.SubmittedApplicationsPage - Located the dropdown button.
2025-03-03 09:26:41 [main] WARN  l.i.u.p.SubmittedApplicationsPage - Dropdown value 'V. Grybo g.' not found.
2025-03-03 09:27:12 [main] ERROR l.i.u.p.SubmittedApplicationsPage - Timeout while waiting for dropdown to close with aria-expanded = 'false'.
2025-03-03 09:27:12 [main] DEBUG l.i.u.t.SubmittedApplicationsPageTest - Selected street: 'V. Grybo g.'.
2025-03-03 09:27:12 [main] INFO  l.i.u.p.SubmittedApplicationsPage - Located the dropdown button.
2025-03-03 09:27:13 [main] ERROR l.i.u.p.SubmittedApplicationsPage - Dropdown button click failed: element click intercepted: Element <mat-select role="combobox" aria-haspopup="listbox" class="mat-mdc-select primary-control ng-tns-c1073613477-44 mat-mdc-select-required mat-mdc-select-empty ng-untouched ng-pristine ng-invalid ng-star-inserted" aria-labelledby="mat-select-value-11" id="mat-select-11" tabindex="0" aria-expanded="false" aria-required="true" aria-disabled="false" aria-invalid="false" required="">...</mat-select> is not clickable at point (960, 570). Other element would receive the click: <div role="listbox" tabindex="-1" class="ng-trigger ng-trigger-transformPanel ng-tns-c1073613477-42 mat-mdc-select-panel mdc-menu-surface mdc-menu-surface--open ng-star-inserted" id="mat-select-10-panel" aria-multiselectable="false">...</div>
  (Session info: chrome=133.0.6943.142)
Build info: version: '4.27.0', revision: 'd6e718d134'
System info: os.name: 'Windows 11', os.arch: 'amd64', os.version: '10.0', java.version: '21.0.3'
Driver info: org.openqa.selenium.chrome.ChromeDriver
Command: [ea939e71ebf4f5bc60bf72d8ed92778f, clickElement {id=f.AEE97798528E484D90109A9DFCC78D0F.d.18D87232B66D65D41866CDC55ADDBF71.e.585}]
Capabilities {acceptInsecureCerts: false, browserName: chrome, browserVersion: 133.0.6943.142, chrome: {chromedriverVersion: 133.0.6943.141 (2a5d6da0d61..., userDataDir: C:\Users\INGRID~1.ZAD\AppDa...}, fedcm:accounts: true, goog:chromeOptions: {debuggerAddress: localhost:63109}, networkConnectionEnabled: false, pageLoadStrategy: normal, platformName: windows, proxy: Proxy(), se:cdp: ws://localhost:63109/devtoo..., se:cdpVersion: 133.0.6943.142, setWindowRect: true, strictFileInteractability: false, timeouts: {implicit: 0, pageLoad: 300000, script: 30000}, unhandledPromptBehavior: dismiss and notify, webauthn:extension:credBlob: true, webauthn:extension:largeBlob: true, webauthn:extension:minPinLength: true, webauthn:extension:prf: true, webauthn:virtualAuthenticators: true}
Element: [[ChromeDriver: chrome on windows (ea939e71ebf4f5bc60bf72d8ed92778f)] -> xpath: //mat-label[contains(text(), 'Namo Nr.')]/following::mat-select[1]]
Session ID: ea939e71ebf4f5bc60bf72d8ed92778f
2025-03-03 09:27:13 [main] WARN  l.i.u.p.SubmittedApplicationsPage - Dropdown value '1' not found.
2025-03-03 09:27:13 [main] DEBUG l.i.u.t.SubmittedApplicationsPageTest - Selected house: '1'.
2025-03-03 09:27:13 [main] INFO  l.i.u.p.SubmittedApplicationsPage - Located the dropdown button.
2025-03-03 09:27:14 [main] ERROR l.i.u.p.SubmittedApplicationsPage - Dropdown button click failed: element click intercepted: Element <mat-select role="combobox" aria-haspopup="listbox" class="mat-mdc-select primary-control ng-tns-c1073613477-46 mat-mdc-select-empty ng-untouched ng-pristine ng-valid ng-star-inserted" aria-labelledby="mat-select-value-12" id="mat-select-12" tabindex="0" aria-expanded="false" aria-required="false" aria-disabled="false" aria-invalid="false">...</mat-select> is not clickable at point (960, 626). Other element would receive the click: <div class="cdk-overlay-backdrop cdk-overlay-transparent-backdrop cdk-overlay-backdrop-showing"></div>
  (Session info: chrome=133.0.6943.142)
Build info: version: '4.27.0', revision: 'd6e718d134'
System info: os.name: 'Windows 11', os.arch: 'amd64', os.version: '10.0', java.version: '21.0.3'
Driver info: org.openqa.selenium.chrome.ChromeDriver
Command: [ea939e71ebf4f5bc60bf72d8ed92778f, clickElement {id=f.AEE97798528E484D90109A9DFCC78D0F.d.18D87232B66D65D41866CDC55ADDBF71.e.586}]
Capabilities {acceptInsecureCerts: false, browserName: chrome, browserVersion: 133.0.6943.142, chrome: {chromedriverVersion: 133.0.6943.141 (2a5d6da0d61..., userDataDir: C:\Users\INGRID~1.ZAD\AppDa...}, fedcm:accounts: true, goog:chromeOptions: {debuggerAddress: localhost:63109}, networkConnectionEnabled: false, pageLoadStrategy: normal, platformName: windows, proxy: Proxy(), se:cdp: ws://localhost:63109/devtoo..., se:cdpVersion: 133.0.6943.142, setWindowRect: true, strictFileInteractability: false, timeouts: {implicit: 0, pageLoad: 300000, script: 30000}, unhandledPromptBehavior: dismiss and notify, webauthn:extension:credBlob: true, webauthn:extension:largeBlob: true, webauthn:extension:minPinLength: true, webauthn:extension:prf: true, webauthn:virtualAuthenticators: true}
Element: [[ChromeDriver: chrome on windows (ea939e71ebf4f5bc60bf72d8ed92778f)] -> xpath: //mat-label[contains(text(), 'Buto / patalpos Nr.')]/following::mat-select[1]]
Session ID: ea939e71ebf4f5bc60bf72d8ed92778f
2025-03-03 09:27:14 [main] WARN  l.i.u.p.SubmittedApplicationsPage - Dropdown value '1' not found.
2025-03-03 09:27:14 [main] DEBUG l.i.u.t.SubmittedApplicationsPageTest - Selected apartment: '1'.
2025-03-03 09:27:15 [main] ERROR l.i.u.t.SubmittedApplicationsPageTest - Test 'testFillNewVUIApplicationFA' failed with error: element click intercepted: Element <button type="button" class="i-forms-stepper-button i-forms-stepper-button-next">...</button> is not clickable at point (1823, 991). Other element would receive the click: <div class="cdk-overlay-backdrop cdk-overlay-transparent-backdrop cdk-overlay-backdrop-showing"></div>
  (Session info: chrome=133.0.6943.142)
Build info: version: '4.27.0', revision: 'd6e718d134'
System info: os.name: 'Windows 11', os.arch: 'amd64', os.version: '10.0', java.version: '21.0.3'
Driver info: org.openqa.selenium.chrome.ChromeDriver
Command: [ea939e71ebf4f5bc60bf72d8ed92778f, clickElement {id=f.AEE97798528E484D90109A9DFCC78D0F.d.18D87232B66D65D41866CDC55ADDBF71.e.587}]
Capabilities {acceptInsecureCerts: false, browserName: chrome, browserVersion: 133.0.6943.142, chrome: {chromedriverVersion: 133.0.6943.141 (2a5d6da0d61..., userDataDir: C:\Users\INGRID~1.ZAD\AppDa...}, fedcm:accounts: true, goog:chromeOptions: {debuggerAddress: localhost:63109}, networkConnectionEnabled: false, pageLoadStrategy: normal, platformName: windows, proxy: Proxy(), se:cdp: ws://localhost:63109/devtoo..., se:cdpVersion: 133.0.6943.142, setWindowRect: true, strictFileInteractability: false, timeouts: {implicit: 0, pageLoad: 300000, script: 30000}, unhandledPromptBehavior: dismiss and notify, webauthn:extension:credBlob: true, webauthn:extension:largeBlob: true, webauthn:extension:minPinLength: true, webauthn:extension:prf: true, webauthn:virtualAuthenticators: true}
Element: [[ChromeDriver: chrome on windows (ea939e71ebf4f5bc60bf72d8ed92778f)] -> xpath: //button[contains(@class, 'i-forms-stepper-button-next') and normalize-space(text())='Toliau']]
Session ID: ea939e71ebf4f5bc60bf72d8ed92778f
org.openqa.selenium.ElementClickInterceptedException: element click intercepted: Element <button type="button" class="i-forms-stepper-button i-forms-stepper-button-next">...</button> is not clickable at point (1823, 991). Other element would receive the click: <div class="cdk-overlay-backdrop cdk-overlay-transparent-backdrop cdk-overlay-backdrop-showing"></div>
  (Session info: chrome=133.0.6943.142)
Build info: version: '4.27.0', revision: 'd6e718d134'
System info: os.name: 'Windows 11', os.arch: 'amd64', os.version: '10.0', java.version: '21.0.3'
Driver info: org.openqa.selenium.chrome.ChromeDriver
Command: [ea939e71ebf4f5bc60bf72d8ed92778f, clickElement {id=f.AEE97798528E484D90109A9DFCC78D0F.d.18D87232B66D65D41866CDC55ADDBF71.e.587}]
Capabilities {acceptInsecureCerts: false, browserName: chrome, browserVersion: 133.0.6943.142, chrome: {chromedriverVersion: 133.0.6943.141 (2a5d6da0d61..., userDataDir: C:\Users\INGRID~1.ZAD\AppDa...}, fedcm:accounts: true, goog:chromeOptions: {debuggerAddress: localhost:63109}, networkConnectionEnabled: false, pageLoadStrategy: normal, platformName: windows, proxy: Proxy(), se:cdp: ws://localhost:63109/devtoo..., se:cdpVersion: 133.0.6943.142, setWindowRect: true, strictFileInteractability: false, timeouts: {implicit: 0, pageLoad: 300000, script: 30000}, unhandledPromptBehavior: dismiss and notify, webauthn:extension:credBlob: true, webauthn:extension:largeBlob: true, webauthn:extension:minPinLength: true, webauthn:extension:prf: true, webauthn:virtualAuthenticators: true}
Element: [[ChromeDriver: chrome on windows (ea939e71ebf4f5bc60bf72d8ed92778f)] -> xpath: //button[contains(@class, 'i-forms-stepper-button-next') and normalize-space(text())='Toliau']]
Session ID: ea939e71ebf4f5bc60bf72d8ed92778f
	at java.base/jdk.internal.reflect.DirectConstructorHandleAccessor.newInstance(DirectConstructorHandleAccessor.java:62)
	at java.base/java.lang.reflect.Constructor.newInstanceWithCaller(Constructor.java:502)
	at java.base/java.lang.reflect.Constructor.newInstance(Constructor.java:486)
	at org.openqa.selenium.remote.ErrorCodec.decode(ErrorCodec.java:167)
	at org.openqa.selenium.remote.codec.w3c.W3CHttpResponseCodec.decode(W3CHttpResponseCodec.java:138)
	at org.openqa.selenium.remote.codec.w3c.W3CHttpResponseCodec.decode(W3CHttpResponseCodec.java:50)
	at org.openqa.selenium.remote.HttpCommandExecutor.execute(HttpCommandExecutor.java:190)
	at org.openqa.selenium.remote.service.DriverCommandExecutor.invokeExecute(DriverCommandExecutor.java:216)
	at org.openqa.selenium.remote.service.DriverCommandExecutor.execute(DriverCommandExecutor.java:174)
	at org.openqa.selenium.remote.RemoteWebDriver.execute(RemoteWebDriver.java:545)
	at org.openqa.selenium.remote.RemoteWebElement.execute(RemoteWebElement.java:223)
	at org.openqa.selenium.remote.RemoteWebElement.click(RemoteWebElement.java:76)
	at java.base/jdk.internal.reflect.DirectMethodHandleAccessor.invoke(DirectMethodHandleAccessor.java:103)
	at java.base/java.lang.reflect.Method.invoke(Method.java:580)
	at org.openqa.selenium.support.pagefactory.internal.LocatingElementHandler.invoke(LocatingElementHandler.java:51)
	at jdk.proxy2/jdk.proxy2.$Proxy14.click(Unknown Source)
	at lt.insoft.uztis.pages.SubmittedApplicationsPage.clickButtonNext(SubmittedApplicationsPage.java:1031)
	at lt.insoft.uztis.tests.SubmittedApplicationsPageTest.testFillNewVUIApplicationFA(SubmittedApplicationsPageTest.java:231)
	at java.base/jdk.internal.reflect.DirectMethodHandleAccessor.invoke(DirectMethodHandleAccessor.java:103)
	at java.base/java.lang.reflect.Method.invoke(Method.java:580)
	at org.junit.platform.commons.util.ReflectionUtils.invokeMethod(ReflectionUtils.java:728)
	at org.junit.jupiter.engine.execution.MethodInvocation.proceed(MethodInvocation.java:60)
	at org.junit.jupiter.engine.execution.InvocationInterceptorChain$ValidatingInvocation.proceed(InvocationInterceptorChain.java:131)
	at org.junit.jupiter.engine.extension.TimeoutExtension.intercept(TimeoutExtension.java:156)
	at org.junit.jupiter.engine.extension.TimeoutExtension.interceptTestableMethod(TimeoutExtension.java:147)
	at org.junit.jupiter.engine.extension.TimeoutExtension.interceptTestMethod(TimeoutExtension.java:86)
	at org.junit.jupiter.engine.execution.InterceptingExecutableInvoker$ReflectiveInterceptorCall.lambda$ofVoidMethod$0(InterceptingExecutableInvoker.java:103)
	at org.junit.jupiter.engine.execution.InterceptingExecutableInvoker.lambda$invoke$0(InterceptingExecutableInvoker.java:93)
	at org.junit.jupiter.engine.execution.InvocationInterceptorChain$InterceptedInvocation.proceed(InvocationInterceptorChain.java:106)
	at org.junit.jupiter.engine.execution.InvocationInterceptorChain.proceed(InvocationInterceptorChain.java:64)
	at org.junit.jupiter.engine.execution.InvocationInterceptorChain.chainAndInvoke(InvocationInterceptorChain.java:45)
	at org.junit.jupiter.engine.execution.InvocationInterceptorChain.invoke(InvocationInterceptorChain.java:37)
	at org.junit.jupiter.engine.execution.InterceptingExecutableInvoker.invoke(InterceptingExecutableInvoker.java:92)
	at org.junit.jupiter.engine.execution.InterceptingExecutableInvoker.invoke(InterceptingExecutableInvoker.java:86)
	at org.junit.jupiter.engine.descriptor.TestMethodTestDescriptor.lambda$invokeTestMethod$7(TestMethodTestDescriptor.java:218)
	at org.junit.platform.engine.support.hierarchical.ThrowableCollector.execute(ThrowableCollector.java:73)
	at org.junit.jupiter.engine.descriptor.TestMethodTestDescriptor.invokeTestMethod(TestMethodTestDescriptor.java:214)
	at org.junit.jupiter.engine.descriptor.TestMethodTestDescriptor.execute(TestMethodTestDescriptor.java:139)
	at org.junit.jupiter.engine.descriptor.TestMethodTestDescriptor.execute(TestMethodTestDescriptor.java:69)
	at org.junit.platform.engine.support.hierarchical.NodeTestTask.lambda$executeRecursively$6(NodeTestTask.java:151)
	at org.junit.platform.engine.support.hierarchical.ThrowableCollector.execute(ThrowableCollector.java:73)
	at org.junit.platform.engine.support.hierarchical.NodeTestTask.lambda$executeRecursively$8(NodeTestTask.java:141)
	at org.junit.platform.engine.support.hierarchical.Node.around(Node.java:137)
	at org.junit.platform.engine.support.hierarchical.NodeTestTask.lambda$executeRecursively$9(NodeTestTask.java:139)
	at org.junit.platform.engine.support.hierarchical.ThrowableCollector.execute(ThrowableCollector.java:73)
	at org.junit.platform.engine.support.hierarchical.NodeTestTask.executeRecursively(NodeTestTask.java:138)
	at org.junit.platform.engine.support.hierarchical.NodeTestTask.execute(NodeTestTask.java:95)
	at java.base/java.util.ArrayList.forEach(ArrayList.java:1596)
	at org.junit.platform.engine.support.hierarchical.SameThreadHierarchicalTestExecutorService.invokeAll(SameThreadHierarchicalTestExecutorService.java:41)
	at org.junit.platform.engine.support.hierarchical.NodeTestTask.lambda$executeRecursively$6(NodeTestTask.java:155)
	at org.junit.platform.engine.support.hierarchical.ThrowableCollector.execute(ThrowableCollector.java:73)
	at org.junit.platform.engine.support.hierarchical.NodeTestTask.lambda$executeRecursively$8(NodeTestTask.java:141)
	at org.junit.platform.engine.support.hierarchical.Node.around(Node.java:137)
	at org.junit.platform.engine.support.hierarchical.NodeTestTask.lambda$executeRecursively$9(NodeTestTask.java:139)
	at org.junit.platform.engine.support.hierarchical.ThrowableCollector.execute(ThrowableCollector.java:73)
	at org.junit.platform.engine.support.hierarchical.NodeTestTask.executeRecursively(NodeTestTask.java:138)
	at org.junit.platform.engine.support.hierarchical.NodeTestTask.execute(NodeTestTask.java:95)
	at java.base/java.util.ArrayList.forEach(ArrayList.java:1596)
	at org.junit.platform.engine.support.hierarchical.SameThreadHierarchicalTestExecutorService.invokeAll(SameThreadHierarchicalTestExecutorService.java:41)
	at org.junit.platform.engine.support.hierarchical.NodeTestTask.lambda$executeRecursively$6(NodeTestTask.java:155)
	at org.junit.platform.engine.support.hierarchical.ThrowableCollector.execute(ThrowableCollector.java:73)
	at org.junit.platform.engine.support.hierarchical.NodeTestTask.lambda$executeRecursively$8(NodeTestTask.java:141)
	at org.junit.platform.engine.support.hierarchical.Node.around(Node.java:137)
	at org.junit.platform.engine.support.hierarchical.NodeTestTask.lambda$executeRecursively$9(NodeTestTask.java:139)
	at org.junit.platform.engine.support.hierarchical.ThrowableCollector.execute(ThrowableCollector.java:73)
	at org.junit.platform.engine.support.hierarchical.NodeTestTask.executeRecursively(NodeTestTask.java:138)
	at org.junit.platform.engine.support.hierarchical.NodeTestTask.execute(NodeTestTask.java:95)
	at org.junit.platform.engine.support.hierarchical.SameThreadHierarchicalTestExecutorService.submit(SameThreadHierarchicalTestExecutorService.java:35)
	at org.junit.platform.engine.support.hierarchical.HierarchicalTestExecutor.execute(HierarchicalTestExecutor.java:57)
	at org.junit.platform.engine.support.hierarchical.HierarchicalTestEngine.execute(HierarchicalTestEngine.java:54)
	at org.junit.platform.launcher.core.EngineExecutionOrchestrator.execute(EngineExecutionOrchestrator.java:198)
	at org.junit.platform.launcher.core.EngineExecutionOrchestrator.execute(EngineExecutionOrchestrator.java:169)
	at org.junit.platform.launcher.core.EngineExecutionOrchestrator.execute(EngineExecutionOrchestrator.java:93)
	at org.junit.platform.launcher.core.EngineExecutionOrchestrator.lambda$execute$0(EngineExecutionOrchestrator.java:58)
	at org.junit.platform.launcher.core.EngineExecutionOrchestrator.withInterceptedStreams(EngineExecutionOrchestrator.java:141)
	at org.junit.platform.launcher.core.EngineExecutionOrchestrator.execute(EngineExecutionOrchestrator.java:57)
	at org.junit.platform.launcher.core.DefaultLauncher.execute(DefaultLauncher.java:103)
	at org.junit.platform.launcher.core.DefaultLauncher.execute(DefaultLauncher.java:85)
	at org.junit.platform.launcher.core.DelegatingLauncher.execute(DelegatingLauncher.java:47)
	at org.junit.platform.launcher.core.SessionPerRequestLauncher.execute(SessionPerRequestLauncher.java:63)
	at com.intellij.junit5.JUnit5IdeaTestRunner.startRunnerWithArgs(JUnit5IdeaTestRunner.java:57)
	at com.intellij.rt.junit.IdeaTestRunner$Repeater$1.execute(IdeaTestRunner.java:38)
	at com.intellij.rt.execution.junit.TestsRepeater.repeat(TestsRepeater.java:11)
	at com.intellij.rt.junit.IdeaTestRunner$Repeater.startRunnerWithArgs(IdeaTestRunner.java:35)
	at com.intellij.rt.junit.JUnitStarter.prepareStreamsAndStart(JUnitStarter.java:232)
	at com.intellij.rt.junit.JUnitStarter.main(JUnitStarter.java:55)
2025-03-03 09:27:15 [main] INFO  l.insoft.uztis.tests.utils.TestUtils - Screenshot moved to C:\Users\ingrida.zadorozniene\Desktop\Asm\UZTIS\UZTIS_tests\test-output\screenshots\20250303\092715702_testFillNewVUIApplicationFA().png
2025-03-03 09:30:41 [main] INFO  lt.insoft.uztis.tests.UztisPageTest - Navigated to https://uztisdev.asseco.lt/home
2025-03-03 09:30:41 [main] INFO  l.i.u.t.SubmittedApplicationsPageTest - Starting test:'testFillNewVUIPApplicationFA'
2025-03-03 09:30:42 [main] DEBUG l.i.u.t.SubmittedApplicationsPageTest - User logged in with test credentials.
2025-03-03 09:30:42 [main] DEBUG l.i.u.t.SubmittedApplicationsPageTest - Opened 'Application Processing' menu.
2025-03-03 09:30:42 [main] DEBUG l.i.u.t.SubmittedApplicationsPageTest - Clicked on 'Application Forms' menu.
2025-03-03 09:30:43 [main] DEBUG l.i.u.t.SubmittedApplicationsPageTest - Retrieved last description code text: 'TST-VUI-52'.
2025-03-03 09:30:43 [main] DEBUG l.i.u.t.SubmittedApplicationsPageTest - Clicked on 'Invitation' menu.
2025-03-03 09:30:44 [main] DEBUG l.i.u.t.SubmittedApplicationsPageTest - Selected application section by code: 'TST-VUI-52'.
2025-03-03 09:30:44 [main] DEBUG l.i.u.t.SubmittedApplicationsPageTest - Clicked 'Search' button.
2025-03-03 09:30:44 [main] DEBUG l.i.u.t.SubmittedApplicationsPageTest - Retrieved invitation code: ''.
2025-03-03 09:30:44 [main] DEBUG l.i.u.t.SubmittedApplicationsPageTest - Clicked on 'Submitted Applications' menu.
2025-03-03 09:30:46 [main] DEBUG l.i.u.t.SubmittedApplicationsPageTest - Selected invitation by code: 'TST-VUI-52'.
2025-03-03 09:30:46 [main] DEBUG l.i.u.t.SubmittedApplicationsPageTest - Invitation code inserted.
2025-03-03 09:30:46 [main] DEBUG l.i.u.t.SubmittedApplicationsPageTest - Clicked on 'Action Application' button.
2025-03-03 09:30:46 [main] DEBUG l.i.u.t.SubmittedApplicationsPageTest - Clicked on 'New Application' button.
2025-03-03 09:30:46 [main] DEBUG l.i.u.t.SubmittedApplicationsPageTest - Selected the 'RadioButtonFA' option.
2025-03-03 09:30:47 [main] DEBUG l.i.u.t.SubmittedApplicationsPageTest - Entered phone number: '61298745'.
2025-03-03 09:30:47 [main] DEBUG l.i.u.t.SubmittedApplicationsPageTest - Entered email: 'test@autotest.com'.
2025-03-03 09:30:47 [main] DEBUG l.i.u.t.SubmittedApplicationsPageTest - Clicked on 'Address Component' button.
2025-03-03 09:30:47 [main] INFO  l.i.u.p.SubmittedApplicationsPage - Located the dropdown button.
2025-03-03 09:30:51 [main] INFO  l.i.u.p.SubmittedApplicationsPage - Successfully selected the value: 'Lietuva'
2025-03-03 09:30:51 [main] DEBUG l.i.u.t.SubmittedApplicationsPageTest - Selected country: 'Lietuva'.
2025-03-03 09:30:51 [main] INFO  l.i.u.p.SubmittedApplicationsPage - Located the dropdown search field.
2025-03-03 09:30:51 [main] INFO  l.i.u.p.SubmittedApplicationsPage - Dropdown city is opened.
2025-03-03 09:30:52 [main] INFO  l.i.u.p.SubmittedApplicationsPage - Searched for value: 'Vilnius'
2025-03-03 09:30:52 [main] ERROR l.i.u.p.SubmittedApplicationsPage - Failed to select dropdown option: stale element reference: stale element not found in the current frame
  (Session info: chrome=133.0.6943.142)
For documentation on this error, please visit: https://www.selenium.dev/documentation/webdriver/troubleshooting/errors#stale-element-reference-exception
Build info: version: '4.27.0', revision: 'd6e718d134'
System info: os.name: 'Windows 11', os.arch: 'amd64', os.version: '10.0', java.version: '21.0.3'
Driver info: org.openqa.selenium.chrome.ChromeDriver
Command: [0dce7b17de053d5882cd2d3d8540026d, isElementDisplayed {id=f.43A9AC28BA8671DDAE0B6107E8DA3E8A.d.B43432D5E86250A38CE5E5B4FEFB7E82.e.555}]
Capabilities {acceptInsecureCerts: false, browserName: chrome, browserVersion: 133.0.6943.142, chrome: {chromedriverVersion: 133.0.6943.141 (2a5d6da0d61..., userDataDir: C:\Users\INGRID~1.ZAD\AppDa...}, fedcm:accounts: true, goog:chromeOptions: {debuggerAddress: localhost:63317}, networkConnectionEnabled: false, pageLoadStrategy: normal, platformName: windows, proxy: Proxy(), se:cdp: ws://localhost:63317/devtoo..., se:cdpVersion: 133.0.6943.142, setWindowRect: true, strictFileInteractability: false, timeouts: {implicit: 0, pageLoad: 300000, script: 30000}, unhandledPromptBehavior: dismiss and notify, webauthn:extension:credBlob: true, webauthn:extension:largeBlob: true, webauthn:extension:minPinLength: true, webauthn:extension:prf: true, webauthn:virtualAuthenticators: true}
Element: [[ChromeDriver: chrome on windows (0dce7b17de053d5882cd2d3d8540026d)] -> xpath: //mat-option/span]
Session ID: 0dce7b17de053d5882cd2d3d8540026d
2025-03-03 09:31:22 [main] ERROR l.i.u.p.SubmittedApplicationsPage - Timeout while waiting for dropdown to close with aria-expanded = 'false'.
2025-03-03 09:31:22 [main] INFO  l.i.u.p.SubmittedApplicationsPage - Located the dropdown search field.
2025-03-03 09:31:22 [main] INFO  l.i.u.p.SubmittedApplicationsPage - Dropdown city is opened.
2025-03-03 09:31:22 [main] INFO  l.i.u.p.SubmittedApplicationsPage - Searched for value: 'Vilniaus miesto sav.'
2025-03-03 09:31:22 [main] WARN  l.i.u.p.SubmittedApplicationsPage - Dropdown value 'Vilniaus miesto sav.' not found.
2025-03-03 09:31:53 [main] ERROR l.i.u.p.SubmittedApplicationsPage - Timeout while waiting for dropdown to close with aria-expanded = 'false'.
2025-03-03 09:31:53 [main] INFO  l.i.u.p.SubmittedApplicationsPage - Located the dropdown button.
2025-03-03 09:31:53 [main] WARN  l.i.u.p.SubmittedApplicationsPage - Dropdown value 'V. Grybo g.' not found.
2025-03-03 09:32:24 [main] ERROR l.i.u.p.SubmittedApplicationsPage - Timeout while waiting for dropdown to close with aria-expanded = 'false'.
2025-03-03 09:32:24 [main] DEBUG l.i.u.t.SubmittedApplicationsPageTest - Selected street: 'V. Grybo g.'.
2025-03-03 09:32:24 [main] INFO  l.i.u.p.SubmittedApplicationsPage - Located the dropdown button.
2025-03-03 09:32:25 [main] ERROR l.i.u.p.SubmittedApplicationsPage - Dropdown button click failed: element click intercepted: Element <mat-select role="combobox" aria-haspopup="listbox" class="mat-mdc-select primary-control ng-tns-c1073613477-44 mat-mdc-select-required mat-mdc-select-empty ng-untouched ng-pristine ng-invalid ng-star-inserted" aria-labelledby="mat-select-value-11" id="mat-select-11" tabindex="0" aria-expanded="false" aria-required="true" aria-disabled="false" aria-invalid="false" required="">...</mat-select> is not clickable at point (960, 559). Other element would receive the click: <mat-option role="option" class="mat-mdc-option mdc-list-item mat-mdc-option-active ng-tns-c1073613477-42 ng-star-inserted" id="mat-option-1275" aria-selected="false" aria-disabled="false" style="">...</mat-option>
  (Session info: chrome=133.0.6943.142)
Build info: version: '4.27.0', revision: 'd6e718d134'
System info: os.name: 'Windows 11', os.arch: 'amd64', os.version: '10.0', java.version: '21.0.3'
Driver info: org.openqa.selenium.chrome.ChromeDriver
Command: [0dce7b17de053d5882cd2d3d8540026d, clickElement {id=f.43A9AC28BA8671DDAE0B6107E8DA3E8A.d.B43432D5E86250A38CE5E5B4FEFB7E82.e.574}]
Capabilities {acceptInsecureCerts: false, browserName: chrome, browserVersion: 133.0.6943.142, chrome: {chromedriverVersion: 133.0.6943.141 (2a5d6da0d61..., userDataDir: C:\Users\INGRID~1.ZAD\AppDa...}, fedcm:accounts: true, goog:chromeOptions: {debuggerAddress: localhost:63317}, networkConnectionEnabled: false, pageLoadStrategy: normal, platformName: windows, proxy: Proxy(), se:cdp: ws://localhost:63317/devtoo..., se:cdpVersion: 133.0.6943.142, setWindowRect: true, strictFileInteractability: false, timeouts: {implicit: 0, pageLoad: 300000, script: 30000}, unhandledPromptBehavior: dismiss and notify, webauthn:extension:credBlob: true, webauthn:extension:largeBlob: true, webauthn:extension:minPinLength: true, webauthn:extension:prf: true, webauthn:virtualAuthenticators: true}
Element: [[ChromeDriver: chrome on windows (0dce7b17de053d5882cd2d3d8540026d)] -> xpath: //mat-label[contains(text(), 'Namo Nr.')]/following::mat-select[1]]
Session ID: 0dce7b17de053d5882cd2d3d8540026d
2025-03-03 09:32:25 [main] WARN  l.i.u.p.SubmittedApplicationsPage - Dropdown value '1' not found.
2025-03-03 09:32:25 [main] DEBUG l.i.u.t.SubmittedApplicationsPageTest - Selected house: '1'.
2025-03-03 09:32:25 [main] INFO  l.i.u.p.SubmittedApplicationsPage - Located the dropdown button.
2025-03-03 09:32:26 [main] ERROR l.i.u.p.SubmittedApplicationsPage - Dropdown button click failed: element click intercepted: Element <mat-select role="combobox" aria-haspopup="listbox" class="mat-mdc-select primary-control ng-tns-c1073613477-46 mat-mdc-select-empty ng-untouched ng-pristine ng-valid ng-star-inserted" aria-labelledby="mat-select-value-12" id="mat-select-12" tabindex="0" aria-expanded="false" aria-required="false" aria-disabled="false" aria-invalid="false">...</mat-select> is not clickable at point (960, 615). Other element would receive the click: <mat-option role="option" class="mat-mdc-option mdc-list-item ng-tns-c1073613477-42 ng-star-inserted" id="mat-option-1276" aria-selected="false" aria-disabled="false" style="">...</mat-option>
  (Session info: chrome=133.0.6943.142)
Build info: version: '4.27.0', revision: 'd6e718d134'
System info: os.name: 'Windows 11', os.arch: 'amd64', os.version: '10.0', java.version: '21.0.3'
Driver info: org.openqa.selenium.chrome.ChromeDriver
Command: [0dce7b17de053d5882cd2d3d8540026d, clickElement {id=f.43A9AC28BA8671DDAE0B6107E8DA3E8A.d.B43432D5E86250A38CE5E5B4FEFB7E82.e.575}]
Capabilities {acceptInsecureCerts: false, browserName: chrome, browserVersion: 133.0.6943.142, chrome: {chromedriverVersion: 133.0.6943.141 (2a5d6da0d61..., userDataDir: C:\Users\INGRID~1.ZAD\AppDa...}, fedcm:accounts: true, goog:chromeOptions: {debuggerAddress: localhost:63317}, networkConnectionEnabled: false, pageLoadStrategy: normal, platformName: windows, proxy: Proxy(), se:cdp: ws://localhost:63317/devtoo..., se:cdpVersion: 133.0.6943.142, setWindowRect: true, strictFileInteractability: false, timeouts: {implicit: 0, pageLoad: 300000, script: 30000}, unhandledPromptBehavior: dismiss and notify, webauthn:extension:credBlob: true, webauthn:extension:largeBlob: true, webauthn:extension:minPinLength: true, webauthn:extension:prf: true, webauthn:virtualAuthenticators: true}
Element: [[ChromeDriver: chrome on windows (0dce7b17de053d5882cd2d3d8540026d)] -> xpath: //mat-label[contains(text(), 'Buto / patalpos Nr.')]/following::mat-select[1]]
Session ID: 0dce7b17de053d5882cd2d3d8540026d
2025-03-03 09:32:26 [main] WARN  l.i.u.p.SubmittedApplicationsPage - Dropdown value '1' not found.
2025-03-03 09:32:26 [main] DEBUG l.i.u.t.SubmittedApplicationsPageTest - Selected apartment: '1'.
2025-03-03 09:32:27 [main] ERROR l.i.u.t.SubmittedApplicationsPageTest - Test 'testFillNewVUIApplicationFA' failed with error: element click intercepted: Element <button type="button" class="i-forms-stepper-button i-forms-stepper-button-next">...</button> is not clickable at point (1823, 991). Other element would receive the click: <div class="cdk-overlay-backdrop cdk-overlay-transparent-backdrop cdk-overlay-backdrop-showing"></div>
  (Session info: chrome=133.0.6943.142)
Build info: version: '4.27.0', revision: 'd6e718d134'
System info: os.name: 'Windows 11', os.arch: 'amd64', os.version: '10.0', java.version: '21.0.3'
Driver info: org.openqa.selenium.chrome.ChromeDriver
Command: [0dce7b17de053d5882cd2d3d8540026d, clickElement {id=f.43A9AC28BA8671DDAE0B6107E8DA3E8A.d.B43432D5E86250A38CE5E5B4FEFB7E82.e.576}]
Capabilities {acceptInsecureCerts: false, browserName: chrome, browserVersion: 133.0.6943.142, chrome: {chromedriverVersion: 133.0.6943.141 (2a5d6da0d61..., userDataDir: C:\Users\INGRID~1.ZAD\AppDa...}, fedcm:accounts: true, goog:chromeOptions: {debuggerAddress: localhost:63317}, networkConnectionEnabled: false, pageLoadStrategy: normal, platformName: windows, proxy: Proxy(), se:cdp: ws://localhost:63317/devtoo..., se:cdpVersion: 133.0.6943.142, setWindowRect: true, strictFileInteractability: false, timeouts: {implicit: 0, pageLoad: 300000, script: 30000}, unhandledPromptBehavior: dismiss and notify, webauthn:extension:credBlob: true, webauthn:extension:largeBlob: true, webauthn:extension:minPinLength: true, webauthn:extension:prf: true, webauthn:virtualAuthenticators: true}
Element: [[ChromeDriver: chrome on windows (0dce7b17de053d5882cd2d3d8540026d)] -> xpath: //button[contains(@class, 'i-forms-stepper-button-next') and normalize-space(text())='Toliau']]
Session ID: 0dce7b17de053d5882cd2d3d8540026d
org.openqa.selenium.ElementClickInterceptedException: element click intercepted: Element <button type="button" class="i-forms-stepper-button i-forms-stepper-button-next">...</button> is not clickable at point (1823, 991). Other element would receive the click: <div class="cdk-overlay-backdrop cdk-overlay-transparent-backdrop cdk-overlay-backdrop-showing"></div>
  (Session info: chrome=133.0.6943.142)
Build info: version: '4.27.0', revision: 'd6e718d134'
System info: os.name: 'Windows 11', os.arch: 'amd64', os.version: '10.0', java.version: '21.0.3'
Driver info: org.openqa.selenium.chrome.ChromeDriver
Command: [0dce7b17de053d5882cd2d3d8540026d, clickElement {id=f.43A9AC28BA8671DDAE0B6107E8DA3E8A.d.B43432D5E86250A38CE5E5B4FEFB7E82.e.576}]
Capabilities {acceptInsecureCerts: false, browserName: chrome, browserVersion: 133.0.6943.142, chrome: {chromedriverVersion: 133.0.6943.141 (2a5d6da0d61..., userDataDir: C:\Users\INGRID~1.ZAD\AppDa...}, fedcm:accounts: true, goog:chromeOptions: {debuggerAddress: localhost:63317}, networkConnectionEnabled: false, pageLoadStrategy: normal, platformName: windows, proxy: Proxy(), se:cdp: ws://localhost:63317/devtoo..., se:cdpVersion: 133.0.6943.142, setWindowRect: true, strictFileInteractability: false, timeouts: {implicit: 0, pageLoad: 300000, script: 30000}, unhandledPromptBehavior: dismiss and notify, webauthn:extension:credBlob: true, webauthn:extension:largeBlob: true, webauthn:extension:minPinLength: true, webauthn:extension:prf: true, webauthn:virtualAuthenticators: true}
Element: [[ChromeDriver: chrome on windows (0dce7b17de053d5882cd2d3d8540026d)] -> xpath: //button[contains(@class, 'i-forms-stepper-button-next') and normalize-space(text())='Toliau']]
Session ID: 0dce7b17de053d5882cd2d3d8540026d
	at java.base/jdk.internal.reflect.DirectConstructorHandleAccessor.newInstance(DirectConstructorHandleAccessor.java:62)
	at java.base/java.lang.reflect.Constructor.newInstanceWithCaller(Constructor.java:502)
	at java.base/java.lang.reflect.Constructor.newInstance(Constructor.java:486)
	at org.openqa.selenium.remote.ErrorCodec.decode(ErrorCodec.java:167)
	at org.openqa.selenium.remote.codec.w3c.W3CHttpResponseCodec.decode(W3CHttpResponseCodec.java:138)
	at org.openqa.selenium.remote.codec.w3c.W3CHttpResponseCodec.decode(W3CHttpResponseCodec.java:50)
	at org.openqa.selenium.remote.HttpCommandExecutor.execute(HttpCommandExecutor.java:190)
	at org.openqa.selenium.remote.service.DriverCommandExecutor.invokeExecute(DriverCommandExecutor.java:216)
	at org.openqa.selenium.remote.service.DriverCommandExecutor.execute(DriverCommandExecutor.java:174)
	at org.openqa.selenium.remote.RemoteWebDriver.execute(RemoteWebDriver.java:545)
	at org.openqa.selenium.remote.RemoteWebElement.execute(RemoteWebElement.java:223)
	at org.openqa.selenium.remote.RemoteWebElement.click(RemoteWebElement.java:76)
	at java.base/jdk.internal.reflect.DirectMethodHandleAccessor.invoke(DirectMethodHandleAccessor.java:103)
	at java.base/java.lang.reflect.Method.invoke(Method.java:580)
	at org.openqa.selenium.support.pagefactory.internal.LocatingElementHandler.invoke(LocatingElementHandler.java:51)
	at jdk.proxy2/jdk.proxy2.$Proxy14.click(Unknown Source)
	at lt.insoft.uztis.pages.SubmittedApplicationsPage.clickButtonNext(SubmittedApplicationsPage.java:1031)
	at lt.insoft.uztis.tests.SubmittedApplicationsPageTest.testFillNewVUIApplicationFA(SubmittedApplicationsPageTest.java:231)
	at java.base/jdk.internal.reflect.DirectMethodHandleAccessor.invoke(DirectMethodHandleAccessor.java:103)
	at java.base/java.lang.reflect.Method.invoke(Method.java:580)
	at org.junit.platform.commons.util.ReflectionUtils.invokeMethod(ReflectionUtils.java:728)
	at org.junit.jupiter.engine.execution.MethodInvocation.proceed(MethodInvocation.java:60)
	at org.junit.jupiter.engine.execution.InvocationInterceptorChain$ValidatingInvocation.proceed(InvocationInterceptorChain.java:131)
	at org.junit.jupiter.engine.extension.TimeoutExtension.intercept(TimeoutExtension.java:156)
	at org.junit.jupiter.engine.extension.TimeoutExtension.interceptTestableMethod(TimeoutExtension.java:147)
	at org.junit.jupiter.engine.extension.TimeoutExtension.interceptTestMethod(TimeoutExtension.java:86)
	at org.junit.jupiter.engine.execution.InterceptingExecutableInvoker$ReflectiveInterceptorCall.lambda$ofVoidMethod$0(InterceptingExecutableInvoker.java:103)
	at org.junit.jupiter.engine.execution.InterceptingExecutableInvoker.lambda$invoke$0(InterceptingExecutableInvoker.java:93)
	at org.junit.jupiter.engine.execution.InvocationInterceptorChain$InterceptedInvocation.proceed(InvocationInterceptorChain.java:106)
	at org.junit.jupiter.engine.execution.InvocationInterceptorChain.proceed(InvocationInterceptorChain.java:64)
	at org.junit.jupiter.engine.execution.InvocationInterceptorChain.chainAndInvoke(InvocationInterceptorChain.java:45)
	at org.junit.jupiter.engine.execution.InvocationInterceptorChain.invoke(InvocationInterceptorChain.java:37)
	at org.junit.jupiter.engine.execution.InterceptingExecutableInvoker.invoke(InterceptingExecutableInvoker.java:92)
	at org.junit.jupiter.engine.execution.InterceptingExecutableInvoker.invoke(InterceptingExecutableInvoker.java:86)
	at org.junit.jupiter.engine.descriptor.TestMethodTestDescriptor.lambda$invokeTestMethod$7(TestMethodTestDescriptor.java:218)
	at org.junit.platform.engine.support.hierarchical.ThrowableCollector.execute(ThrowableCollector.java:73)
	at org.junit.jupiter.engine.descriptor.TestMethodTestDescriptor.invokeTestMethod(TestMethodTestDescriptor.java:214)
	at org.junit.jupiter.engine.descriptor.TestMethodTestDescriptor.execute(TestMethodTestDescriptor.java:139)
	at org.junit.jupiter.engine.descriptor.TestMethodTestDescriptor.execute(TestMethodTestDescriptor.java:69)
	at org.junit.platform.engine.support.hierarchical.NodeTestTask.lambda$executeRecursively$6(NodeTestTask.java:151)
	at org.junit.platform.engine.support.hierarchical.ThrowableCollector.execute(ThrowableCollector.java:73)
	at org.junit.platform.engine.support.hierarchical.NodeTestTask.lambda$executeRecursively$8(NodeTestTask.java:141)
	at org.junit.platform.engine.support.hierarchical.Node.around(Node.java:137)
	at org.junit.platform.engine.support.hierarchical.NodeTestTask.lambda$executeRecursively$9(NodeTestTask.java:139)
	at org.junit.platform.engine.support.hierarchical.ThrowableCollector.execute(ThrowableCollector.java:73)
	at org.junit.platform.engine.support.hierarchical.NodeTestTask.executeRecursively(NodeTestTask.java:138)
	at org.junit.platform.engine.support.hierarchical.NodeTestTask.execute(NodeTestTask.java:95)
	at java.base/java.util.ArrayList.forEach(ArrayList.java:1596)
	at org.junit.platform.engine.support.hierarchical.SameThreadHierarchicalTestExecutorService.invokeAll(SameThreadHierarchicalTestExecutorService.java:41)
	at org.junit.platform.engine.support.hierarchical.NodeTestTask.lambda$executeRecursively$6(NodeTestTask.java:155)
	at org.junit.platform.engine.support.hierarchical.ThrowableCollector.execute(ThrowableCollector.java:73)
	at org.junit.platform.engine.support.hierarchical.NodeTestTask.lambda$executeRecursively$8(NodeTestTask.java:141)
	at org.junit.platform.engine.support.hierarchical.Node.around(Node.java:137)
	at org.junit.platform.engine.support.hierarchical.NodeTestTask.lambda$executeRecursively$9(NodeTestTask.java:139)
	at org.junit.platform.engine.support.hierarchical.ThrowableCollector.execute(ThrowableCollector.java:73)
	at org.junit.platform.engine.support.hierarchical.NodeTestTask.executeRecursively(NodeTestTask.java:138)
	at org.junit.platform.engine.support.hierarchical.NodeTestTask.execute(NodeTestTask.java:95)
	at java.base/java.util.ArrayList.forEach(ArrayList.java:1596)
	at org.junit.platform.engine.support.hierarchical.SameThreadHierarchicalTestExecutorService.invokeAll(SameThreadHierarchicalTestExecutorService.java:41)
	at org.junit.platform.engine.support.hierarchical.NodeTestTask.lambda$executeRecursively$6(NodeTestTask.java:155)
	at org.junit.platform.engine.support.hierarchical.ThrowableCollector.execute(ThrowableCollector.java:73)
	at org.junit.platform.engine.support.hierarchical.NodeTestTask.lambda$executeRecursively$8(NodeTestTask.java:141)
	at org.junit.platform.engine.support.hierarchical.Node.around(Node.java:137)
	at org.junit.platform.engine.support.hierarchical.NodeTestTask.lambda$executeRecursively$9(NodeTestTask.java:139)
	at org.junit.platform.engine.support.hierarchical.ThrowableCollector.execute(ThrowableCollector.java:73)
	at org.junit.platform.engine.support.hierarchical.NodeTestTask.executeRecursively(NodeTestTask.java:138)
	at org.junit.platform.engine.support.hierarchical.NodeTestTask.execute(NodeTestTask.java:95)
	at org.junit.platform.engine.support.hierarchical.SameThreadHierarchicalTestExecutorService.submit(SameThreadHierarchicalTestExecutorService.java:35)
	at org.junit.platform.engine.support.hierarchical.HierarchicalTestExecutor.execute(HierarchicalTestExecutor.java:57)
	at org.junit.platform.engine.support.hierarchical.HierarchicalTestEngine.execute(HierarchicalTestEngine.java:54)
	at org.junit.platform.launcher.core.EngineExecutionOrchestrator.execute(EngineExecutionOrchestrator.java:198)
	at org.junit.platform.launcher.core.EngineExecutionOrchestrator.execute(EngineExecutionOrchestrator.java:169)
	at org.junit.platform.launcher.core.EngineExecutionOrchestrator.execute(EngineExecutionOrchestrator.java:93)
	at org.junit.platform.launcher.core.EngineExecutionOrchestrator.lambda$execute$0(EngineExecutionOrchestrator.java:58)
	at org.junit.platform.launcher.core.EngineExecutionOrchestrator.withInterceptedStreams(EngineExecutionOrchestrator.java:141)
	at org.junit.platform.launcher.core.EngineExecutionOrchestrator.execute(EngineExecutionOrchestrator.java:57)
	at org.junit.platform.launcher.core.DefaultLauncher.execute(DefaultLauncher.java:103)
	at org.junit.platform.launcher.core.DefaultLauncher.execute(DefaultLauncher.java:85)
	at org.junit.platform.launcher.core.DelegatingLauncher.execute(DelegatingLauncher.java:47)
	at org.junit.platform.launcher.core.SessionPerRequestLauncher.execute(SessionPerRequestLauncher.java:63)
	at com.intellij.junit5.JUnit5IdeaTestRunner.startRunnerWithArgs(JUnit5IdeaTestRunner.java:57)
	at com.intellij.rt.junit.IdeaTestRunner$Repeater$1.execute(IdeaTestRunner.java:38)
	at com.intellij.rt.execution.junit.TestsRepeater.repeat(TestsRepeater.java:11)
	at com.intellij.rt.junit.IdeaTestRunner$Repeater.startRunnerWithArgs(IdeaTestRunner.java:35)
	at com.intellij.rt.junit.JUnitStarter.prepareStreamsAndStart(JUnitStarter.java:232)
	at com.intellij.rt.junit.JUnitStarter.main(JUnitStarter.java:55)
2025-03-03 09:32:27 [main] INFO  l.insoft.uztis.tests.utils.TestUtils - Screenshot moved to C:\Users\ingrida.zadorozniene\Desktop\Asm\UZTIS\UZTIS_tests\test-output\screenshots\20250303\093227746_testFillNewVUIApplicationFA().png
2025-03-03 09:36:08 [main] INFO  lt.insoft.uztis.tests.UztisPageTest - Navigated to https://uztisdev.asseco.lt/home
2025-03-03 09:36:08 [main] INFO  l.i.u.t.SubmittedApplicationsPageTest - Starting test:'testFillNewVUIPApplicationFA'
2025-03-03 09:36:08 [main] DEBUG l.i.u.t.SubmittedApplicationsPageTest - User logged in with test credentials.
2025-03-03 09:36:09 [main] DEBUG l.i.u.t.SubmittedApplicationsPageTest - Opened 'Application Processing' menu.
2025-03-03 09:36:09 [main] DEBUG l.i.u.t.SubmittedApplicationsPageTest - Clicked on 'Application Forms' menu.
2025-03-03 09:36:09 [main] DEBUG l.i.u.t.SubmittedApplicationsPageTest - Retrieved last description code text: 'TST-VUI-52'.
2025-03-03 09:36:09 [main] DEBUG l.i.u.t.SubmittedApplicationsPageTest - Clicked on 'Invitation' menu.
2025-03-03 09:36:10 [main] DEBUG l.i.u.t.SubmittedApplicationsPageTest - Selected application section by code: 'TST-VUI-52'.
2025-03-03 09:36:11 [main] DEBUG l.i.u.t.SubmittedApplicationsPageTest - Clicked 'Search' button.
2025-03-03 09:36:11 [main] DEBUG l.i.u.t.SubmittedApplicationsPageTest - Retrieved invitation code: ''.
2025-03-03 09:36:11 [main] DEBUG l.i.u.t.SubmittedApplicationsPageTest - Clicked on 'Submitted Applications' menu.
2025-03-03 09:36:12 [main] DEBUG l.i.u.t.SubmittedApplicationsPageTest - Selected invitation by code: 'TST-VUI-52'.
2025-03-03 09:36:12 [main] DEBUG l.i.u.t.SubmittedApplicationsPageTest - Invitation code inserted.
2025-03-03 09:36:12 [main] DEBUG l.i.u.t.SubmittedApplicationsPageTest - Clicked on 'Action Application' button.
2025-03-03 09:36:13 [main] DEBUG l.i.u.t.SubmittedApplicationsPageTest - Clicked on 'New Application' button.
2025-03-03 09:36:13 [main] DEBUG l.i.u.t.SubmittedApplicationsPageTest - Selected the 'RadioButtonFA' option.
2025-03-03 09:36:13 [main] DEBUG l.i.u.t.SubmittedApplicationsPageTest - Entered phone number: '61298745'.
2025-03-03 09:36:13 [main] DEBUG l.i.u.t.SubmittedApplicationsPageTest - Entered email: 'test@autotest.com'.
2025-03-03 09:36:14 [main] DEBUG l.i.u.t.SubmittedApplicationsPageTest - Clicked on 'Address Component' button.
2025-03-03 09:36:14 [main] INFO  l.i.u.p.SubmittedApplicationsPage - Located the dropdown button.
2025-03-03 09:36:17 [main] INFO  l.i.u.p.SubmittedApplicationsPage - Successfully selected the value: 'Lietuva'
2025-03-03 09:36:17 [main] DEBUG l.i.u.t.SubmittedApplicationsPageTest - Selected country: 'Lietuva'.
2025-03-03 09:36:17 [main] INFO  l.i.u.p.SubmittedApplicationsPage - Located the dropdown search field.
2025-03-03 09:36:18 [main] INFO  l.i.u.p.SubmittedApplicationsPage - Dropdown city is opened.
2025-03-03 09:36:18 [main] INFO  l.i.u.p.SubmittedApplicationsPage - Searched for value: 'Vilnius'
2025-03-03 09:36:19 [main] ERROR l.i.u.p.SubmittedApplicationsPage - Failed to select dropdown option: stale element reference: stale element not found in the current frame
  (Session info: chrome=133.0.6943.142)
For documentation on this error, please visit: https://www.selenium.dev/documentation/webdriver/troubleshooting/errors#stale-element-reference-exception
Build info: version: '4.27.0', revision: 'd6e718d134'
System info: os.name: 'Windows 11', os.arch: 'amd64', os.version: '10.0', java.version: '21.0.3'
Driver info: org.openqa.selenium.chrome.ChromeDriver
Command: [f399dc200946c0f3f3bb467f1e3eb5ba, isElementDisplayed {id=f.F10F982BB105A2F92021FA12E783A40C.d.0C1671E8DDC968DA0ABFFBF75F936A53.e.555}]
Capabilities {acceptInsecureCerts: false, browserName: chrome, browserVersion: 133.0.6943.142, chrome: {chromedriverVersion: 133.0.6943.141 (2a5d6da0d61..., userDataDir: C:\Users\INGRID~1.ZAD\AppDa...}, fedcm:accounts: true, goog:chromeOptions: {debuggerAddress: localhost:63477}, networkConnectionEnabled: false, pageLoadStrategy: normal, platformName: windows, proxy: Proxy(), se:cdp: ws://localhost:63477/devtoo..., se:cdpVersion: 133.0.6943.142, setWindowRect: true, strictFileInteractability: false, timeouts: {implicit: 0, pageLoad: 300000, script: 30000}, unhandledPromptBehavior: dismiss and notify, webauthn:extension:credBlob: true, webauthn:extension:largeBlob: true, webauthn:extension:minPinLength: true, webauthn:extension:prf: true, webauthn:virtualAuthenticators: true}
Element: [[ChromeDriver: chrome on windows (f399dc200946c0f3f3bb467f1e3eb5ba)] -> xpath: //mat-option/span]
Session ID: f399dc200946c0f3f3bb467f1e3eb5ba
2025-03-03 09:36:49 [main] ERROR l.i.u.p.SubmittedApplicationsPage - Timeout while waiting for dropdown to close with aria-expanded = 'false'.
2025-03-03 09:36:49 [main] INFO  l.i.u.p.SubmittedApplicationsPage - Located the dropdown button.
2025-03-03 09:36:50 [main] ERROR l.i.u.p.SubmittedApplicationsPage - Dropdown button click failed: element click intercepted: Element <mat-select role="combobox" aria-haspopup="listbox" class="mat-mdc-select primary-control ng-tns-c1073613477-42 mat-mdc-select-required mat-mdc-select-empty ng-untouched ng-pristine ng-invalid ng-star-inserted" aria-labelledby="mat-select-value-10" id="mat-select-10" tabindex="0" aria-expanded="true" aria-required="true" aria-disabled="false" aria-invalid="false" required="" aria-controls="mat-select-10-panel" aria-activedescendant="mat-option-1285">...</mat-select> is not clickable at point (960, 503). Other element would receive the click: <div class="cdk-overlay-backdrop cdk-overlay-transparent-backdrop cdk-overlay-backdrop-showing"></div>
  (Session info: chrome=133.0.6943.142)
Build info: version: '4.27.0', revision: 'd6e718d134'
System info: os.name: 'Windows 11', os.arch: 'amd64', os.version: '10.0', java.version: '21.0.3'
Driver info: org.openqa.selenium.chrome.ChromeDriver
Command: [f399dc200946c0f3f3bb467f1e3eb5ba, clickElement {id=f.F10F982BB105A2F92021FA12E783A40C.d.0C1671E8DDC968DA0ABFFBF75F936A53.e.566}]
Capabilities {acceptInsecureCerts: false, browserName: chrome, browserVersion: 133.0.6943.142, chrome: {chromedriverVersion: 133.0.6943.141 (2a5d6da0d61..., userDataDir: C:\Users\INGRID~1.ZAD\AppDa...}, fedcm:accounts: true, goog:chromeOptions: {debuggerAddress: localhost:63477}, networkConnectionEnabled: false, pageLoadStrategy: normal, platformName: windows, proxy: Proxy(), se:cdp: ws://localhost:63477/devtoo..., se:cdpVersion: 133.0.6943.142, setWindowRect: true, strictFileInteractability: false, timeouts: {implicit: 0, pageLoad: 300000, script: 30000}, unhandledPromptBehavior: dismiss and notify, webauthn:extension:credBlob: true, webauthn:extension:largeBlob: true, webauthn:extension:minPinLength: true, webauthn:extension:prf: true, webauthn:virtualAuthenticators: true}
Element: [[ChromeDriver: chrome on windows (f399dc200946c0f3f3bb467f1e3eb5ba)] -> xpath: //mat-label[contains(text(), 'Gatvė')]/following::mat-select[1]]
Session ID: f399dc200946c0f3f3bb467f1e3eb5ba
2025-03-03 09:36:50 [main] WARN  l.i.u.p.SubmittedApplicationsPage - Dropdown value 'V. Grybo g.' not found.
2025-03-03 09:37:12 [main] DEBUG l.i.u.t.SubmittedApplicationsPageTest - Selected street: 'V. Grybo g.'.
2025-03-03 09:37:12 [main] INFO  l.i.u.p.SubmittedApplicationsPage - Located the dropdown button.
2025-03-03 09:37:13 [main] WARN  l.i.u.p.SubmittedApplicationsPage - Dropdown value '1' not found.
2025-03-03 09:37:15 [main] DEBUG l.i.u.t.SubmittedApplicationsPageTest - Selected house: '1'.
2025-03-03 09:37:15 [main] INFO  l.i.u.p.SubmittedApplicationsPage - Located the dropdown button.
2025-03-03 09:37:15 [main] WARN  l.i.u.p.SubmittedApplicationsPage - Dropdown value '1' not found.
2025-03-03 09:37:16 [main] DEBUG l.i.u.t.SubmittedApplicationsPageTest - Selected apartment: '1'.
2025-03-03 09:37:17 [main] ERROR l.i.u.t.SubmittedApplicationsPageTest - Test 'testFillNewVUIApplicationFA' failed with error: element click intercepted: Element <button type="button" class="i-forms-stepper-button i-forms-stepper-button-next">...</button> is not clickable at point (1823, 991). Other element would receive the click: <div class="cdk-overlay-backdrop cdk-overlay-transparent-backdrop cdk-overlay-backdrop-showing"></div>
  (Session info: chrome=133.0.6943.142)
Build info: version: '4.27.0', revision: 'd6e718d134'
System info: os.name: 'Windows 11', os.arch: 'amd64', os.version: '10.0', java.version: '21.0.3'
Driver info: org.openqa.selenium.chrome.ChromeDriver
Command: [f399dc200946c0f3f3bb467f1e3eb5ba, clickElement {id=f.F10F982BB105A2F92021FA12E783A40C.d.0C1671E8DDC968DA0ABFFBF75F936A53.e.600}]
Capabilities {acceptInsecureCerts: false, browserName: chrome, browserVersion: 133.0.6943.142, chrome: {chromedriverVersion: 133.0.6943.141 (2a5d6da0d61..., userDataDir: C:\Users\INGRID~1.ZAD\AppDa...}, fedcm:accounts: true, goog:chromeOptions: {debuggerAddress: localhost:63477}, networkConnectionEnabled: false, pageLoadStrategy: normal, platformName: windows, proxy: Proxy(), se:cdp: ws://localhost:63477/devtoo..., se:cdpVersion: 133.0.6943.142, setWindowRect: true, strictFileInteractability: false, timeouts: {implicit: 0, pageLoad: 300000, script: 30000}, unhandledPromptBehavior: dismiss and notify, webauthn:extension:credBlob: true, webauthn:extension:largeBlob: true, webauthn:extension:minPinLength: true, webauthn:extension:prf: true, webauthn:virtualAuthenticators: true}
Element: [[ChromeDriver: chrome on windows (f399dc200946c0f3f3bb467f1e3eb5ba)] -> xpath: //button[contains(@class, 'i-forms-stepper-button-next') and normalize-space(text())='Toliau']]
Session ID: f399dc200946c0f3f3bb467f1e3eb5ba
org.openqa.selenium.ElementClickInterceptedException: element click intercepted: Element <button type="button" class="i-forms-stepper-button i-forms-stepper-button-next">...</button> is not clickable at point (1823, 991). Other element would receive the click: <div class="cdk-overlay-backdrop cdk-overlay-transparent-backdrop cdk-overlay-backdrop-showing"></div>
  (Session info: chrome=133.0.6943.142)
Build info: version: '4.27.0', revision: 'd6e718d134'
System info: os.name: 'Windows 11', os.arch: 'amd64', os.version: '10.0', java.version: '21.0.3'
Driver info: org.openqa.selenium.chrome.ChromeDriver
Command: [f399dc200946c0f3f3bb467f1e3eb5ba, clickElement {id=f.F10F982BB105A2F92021FA12E783A40C.d.0C1671E8DDC968DA0ABFFBF75F936A53.e.600}]
Capabilities {acceptInsecureCerts: false, browserName: chrome, browserVersion: 133.0.6943.142, chrome: {chromedriverVersion: 133.0.6943.141 (2a5d6da0d61..., userDataDir: C:\Users\INGRID~1.ZAD\AppDa...}, fedcm:accounts: true, goog:chromeOptions: {debuggerAddress: localhost:63477}, networkConnectionEnabled: false, pageLoadStrategy: normal, platformName: windows, proxy: Proxy(), se:cdp: ws://localhost:63477/devtoo..., se:cdpVersion: 133.0.6943.142, setWindowRect: true, strictFileInteractability: false, timeouts: {implicit: 0, pageLoad: 300000, script: 30000}, unhandledPromptBehavior: dismiss and notify, webauthn:extension:credBlob: true, webauthn:extension:largeBlob: true, webauthn:extension:minPinLength: true, webauthn:extension:prf: true, webauthn:virtualAuthenticators: true}
Element: [[ChromeDriver: chrome on windows (f399dc200946c0f3f3bb467f1e3eb5ba)] -> xpath: //button[contains(@class, 'i-forms-stepper-button-next') and normalize-space(text())='Toliau']]
Session ID: f399dc200946c0f3f3bb467f1e3eb5ba
	at java.base/jdk.internal.reflect.DirectConstructorHandleAccessor.newInstance(DirectConstructorHandleAccessor.java:62)
	at java.base/java.lang.reflect.Constructor.newInstanceWithCaller(Constructor.java:502)
	at java.base/java.lang.reflect.Constructor.newInstance(Constructor.java:486)
	at org.openqa.selenium.remote.ErrorCodec.decode(ErrorCodec.java:167)
	at org.openqa.selenium.remote.codec.w3c.W3CHttpResponseCodec.decode(W3CHttpResponseCodec.java:138)
	at org.openqa.selenium.remote.codec.w3c.W3CHttpResponseCodec.decode(W3CHttpResponseCodec.java:50)
	at org.openqa.selenium.remote.HttpCommandExecutor.execute(HttpCommandExecutor.java:190)
	at org.openqa.selenium.remote.service.DriverCommandExecutor.invokeExecute(DriverCommandExecutor.java:216)
	at org.openqa.selenium.remote.service.DriverCommandExecutor.execute(DriverCommandExecutor.java:174)
	at org.openqa.selenium.remote.RemoteWebDriver.execute(RemoteWebDriver.java:545)
	at org.openqa.selenium.remote.RemoteWebElement.execute(RemoteWebElement.java:223)
	at org.openqa.selenium.remote.RemoteWebElement.click(RemoteWebElement.java:76)
	at java.base/jdk.internal.reflect.DirectMethodHandleAccessor.invoke(DirectMethodHandleAccessor.java:103)
	at java.base/java.lang.reflect.Method.invoke(Method.java:580)
	at org.openqa.selenium.support.pagefactory.internal.LocatingElementHandler.invoke(LocatingElementHandler.java:51)
	at jdk.proxy2/jdk.proxy2.$Proxy14.click(Unknown Source)
	at lt.insoft.uztis.pages.SubmittedApplicationsPage.clickButtonNext(SubmittedApplicationsPage.java:1032)
	at lt.insoft.uztis.tests.SubmittedApplicationsPageTest.testFillNewVUIApplicationFA(SubmittedApplicationsPageTest.java:231)
	at java.base/jdk.internal.reflect.DirectMethodHandleAccessor.invoke(DirectMethodHandleAccessor.java:103)
	at java.base/java.lang.reflect.Method.invoke(Method.java:580)
	at org.junit.platform.commons.util.ReflectionUtils.invokeMethod(ReflectionUtils.java:728)
	at org.junit.jupiter.engine.execution.MethodInvocation.proceed(MethodInvocation.java:60)
	at org.junit.jupiter.engine.execution.InvocationInterceptorChain$ValidatingInvocation.proceed(InvocationInterceptorChain.java:131)
	at org.junit.jupiter.engine.extension.TimeoutExtension.intercept(TimeoutExtension.java:156)
	at org.junit.jupiter.engine.extension.TimeoutExtension.interceptTestableMethod(TimeoutExtension.java:147)
	at org.junit.jupiter.engine.extension.TimeoutExtension.interceptTestMethod(TimeoutExtension.java:86)
	at org.junit.jupiter.engine.execution.InterceptingExecutableInvoker$ReflectiveInterceptorCall.lambda$ofVoidMethod$0(InterceptingExecutableInvoker.java:103)
	at org.junit.jupiter.engine.execution.InterceptingExecutableInvoker.lambda$invoke$0(InterceptingExecutableInvoker.java:93)
	at org.junit.jupiter.engine.execution.InvocationInterceptorChain$InterceptedInvocation.proceed(InvocationInterceptorChain.java:106)
	at org.junit.jupiter.engine.execution.InvocationInterceptorChain.proceed(InvocationInterceptorChain.java:64)
	at org.junit.jupiter.engine.execution.InvocationInterceptorChain.chainAndInvoke(InvocationInterceptorChain.java:45)
	at org.junit.jupiter.engine.execution.InvocationInterceptorChain.invoke(InvocationInterceptorChain.java:37)
	at org.junit.jupiter.engine.execution.InterceptingExecutableInvoker.invoke(InterceptingExecutableInvoker.java:92)
	at org.junit.jupiter.engine.execution.InterceptingExecutableInvoker.invoke(InterceptingExecutableInvoker.java:86)
	at org.junit.jupiter.engine.descriptor.TestMethodTestDescriptor.lambda$invokeTestMethod$7(TestMethodTestDescriptor.java:218)
	at org.junit.platform.engine.support.hierarchical.ThrowableCollector.execute(ThrowableCollector.java:73)
	at org.junit.jupiter.engine.descriptor.TestMethodTestDescriptor.invokeTestMethod(TestMethodTestDescriptor.java:214)
	at org.junit.jupiter.engine.descriptor.TestMethodTestDescriptor.execute(TestMethodTestDescriptor.java:139)
	at org.junit.jupiter.engine.descriptor.TestMethodTestDescriptor.execute(TestMethodTestDescriptor.java:69)
	at org.junit.platform.engine.support.hierarchical.NodeTestTask.lambda$executeRecursively$6(NodeTestTask.java:151)
	at org.junit.platform.engine.support.hierarchical.ThrowableCollector.execute(ThrowableCollector.java:73)
	at org.junit.platform.engine.support.hierarchical.NodeTestTask.lambda$executeRecursively$8(NodeTestTask.java:141)
	at org.junit.platform.engine.support.hierarchical.Node.around(Node.java:137)
	at org.junit.platform.engine.support.hierarchical.NodeTestTask.lambda$executeRecursively$9(NodeTestTask.java:139)
	at org.junit.platform.engine.support.hierarchical.ThrowableCollector.execute(ThrowableCollector.java:73)
	at org.junit.platform.engine.support.hierarchical.NodeTestTask.executeRecursively(NodeTestTask.java:138)
	at org.junit.platform.engine.support.hierarchical.NodeTestTask.execute(NodeTestTask.java:95)
	at java.base/java.util.ArrayList.forEach(ArrayList.java:1596)
	at org.junit.platform.engine.support.hierarchical.SameThreadHierarchicalTestExecutorService.invokeAll(SameThreadHierarchicalTestExecutorService.java:41)
	at org.junit.platform.engine.support.hierarchical.NodeTestTask.lambda$executeRecursively$6(NodeTestTask.java:155)
	at org.junit.platform.engine.support.hierarchical.ThrowableCollector.execute(ThrowableCollector.java:73)
	at org.junit.platform.engine.support.hierarchical.NodeTestTask.lambda$executeRecursively$8(NodeTestTask.java:141)
	at org.junit.platform.engine.support.hierarchical.Node.around(Node.java:137)
	at org.junit.platform.engine.support.hierarchical.NodeTestTask.lambda$executeRecursively$9(NodeTestTask.java:139)
	at org.junit.platform.engine.support.hierarchical.ThrowableCollector.execute(ThrowableCollector.java:73)
	at org.junit.platform.engine.support.hierarchical.NodeTestTask.executeRecursively(NodeTestTask.java:138)
	at org.junit.platform.engine.support.hierarchical.NodeTestTask.execute(NodeTestTask.java:95)
	at java.base/java.util.ArrayList.forEach(ArrayList.java:1596)
	at org.junit.platform.engine.support.hierarchical.SameThreadHierarchicalTestExecutorService.invokeAll(SameThreadHierarchicalTestExecutorService.java:41)
	at org.junit.platform.engine.support.hierarchical.NodeTestTask.lambda$executeRecursively$6(NodeTestTask.java:155)
	at org.junit.platform.engine.support.hierarchical.ThrowableCollector.execute(ThrowableCollector.java:73)
	at org.junit.platform.engine.support.hierarchical.NodeTestTask.lambda$executeRecursively$8(NodeTestTask.java:141)
	at org.junit.platform.engine.support.hierarchical.Node.around(Node.java:137)
	at org.junit.platform.engine.support.hierarchical.NodeTestTask.lambda$executeRecursively$9(NodeTestTask.java:139)
	at org.junit.platform.engine.support.hierarchical.ThrowableCollector.execute(ThrowableCollector.java:73)
	at org.junit.platform.engine.support.hierarchical.NodeTestTask.executeRecursively(NodeTestTask.java:138)
	at org.junit.platform.engine.support.hierarchical.NodeTestTask.execute(NodeTestTask.java:95)
	at org.junit.platform.engine.support.hierarchical.SameThreadHierarchicalTestExecutorService.submit(SameThreadHierarchicalTestExecutorService.java:35)
	at org.junit.platform.engine.support.hierarchical.HierarchicalTestExecutor.execute(HierarchicalTestExecutor.java:57)
	at org.junit.platform.engine.support.hierarchical.HierarchicalTestEngine.execute(HierarchicalTestEngine.java:54)
	at org.junit.platform.launcher.core.EngineExecutionOrchestrator.execute(EngineExecutionOrchestrator.java:198)
	at org.junit.platform.launcher.core.EngineExecutionOrchestrator.execute(EngineExecutionOrchestrator.java:169)
	at org.junit.platform.launcher.core.EngineExecutionOrchestrator.execute(EngineExecutionOrchestrator.java:93)
	at org.junit.platform.launcher.core.EngineExecutionOrchestrator.lambda$execute$0(EngineExecutionOrchestrator.java:58)
	at org.junit.platform.launcher.core.EngineExecutionOrchestrator.withInterceptedStreams(EngineExecutionOrchestrator.java:141)
	at org.junit.platform.launcher.core.EngineExecutionOrchestrator.execute(EngineExecutionOrchestrator.java:57)
	at org.junit.platform.launcher.core.DefaultLauncher.execute(DefaultLauncher.java:103)
	at org.junit.platform.launcher.core.DefaultLauncher.execute(DefaultLauncher.java:85)
	at org.junit.platform.launcher.core.DelegatingLauncher.execute(DelegatingLauncher.java:47)
	at org.junit.platform.launcher.core.SessionPerRequestLauncher.execute(SessionPerRequestLauncher.java:63)
	at com.intellij.junit5.JUnit5IdeaTestRunner.startRunnerWithArgs(JUnit5IdeaTestRunner.java:57)
	at com.intellij.rt.junit.IdeaTestRunner$Repeater$1.execute(IdeaTestRunner.java:38)
	at com.intellij.rt.execution.junit.TestsRepeater.repeat(TestsRepeater.java:11)
	at com.intellij.rt.junit.IdeaTestRunner$Repeater.startRunnerWithArgs(IdeaTestRunner.java:35)
	at com.intellij.rt.junit.JUnitStarter.prepareStreamsAndStart(JUnitStarter.java:232)
	at com.intellij.rt.junit.JUnitStarter.main(JUnitStarter.java:55)
2025-03-03 09:37:17 [main] INFO  l.insoft.uztis.tests.utils.TestUtils - Screenshot moved to C:\Users\ingrida.zadorozniene\Desktop\Asm\UZTIS\UZTIS_tests\test-output\screenshots\20250303\093717588_testFillNewVUIApplicationFA().png
2025-03-03 09:38:29 [main] INFO  lt.insoft.uztis.tests.UztisPageTest - Navigated to https://uztisdev.asseco.lt/home
2025-03-03 09:38:29 [main] INFO  l.i.u.t.SubmittedApplicationsPageTest - Starting test:'testFillNewVUIPApplicationFA'
2025-03-03 09:38:29 [main] DEBUG l.i.u.t.SubmittedApplicationsPageTest - User logged in with test credentials.
2025-03-03 09:38:29 [main] DEBUG l.i.u.t.SubmittedApplicationsPageTest - Opened 'Application Processing' menu.
2025-03-03 09:38:29 [main] DEBUG l.i.u.t.SubmittedApplicationsPageTest - Clicked on 'Application Forms' menu.
2025-03-03 09:38:30 [main] DEBUG l.i.u.t.SubmittedApplicationsPageTest - Retrieved last description code text: 'TST-VUI-52'.
2025-03-03 09:38:30 [main] DEBUG l.i.u.t.SubmittedApplicationsPageTest - Clicked on 'Invitation' menu.
2025-03-03 09:38:31 [main] DEBUG l.i.u.t.SubmittedApplicationsPageTest - Selected application section by code: 'TST-VUI-52'.
2025-03-03 09:38:31 [main] DEBUG l.i.u.t.SubmittedApplicationsPageTest - Clicked 'Search' button.
2025-03-03 09:38:31 [main] DEBUG l.i.u.t.SubmittedApplicationsPageTest - Retrieved invitation code: ''.
2025-03-03 09:38:32 [main] DEBUG l.i.u.t.SubmittedApplicationsPageTest - Clicked on 'Submitted Applications' menu.
2025-03-03 09:38:33 [main] DEBUG l.i.u.t.SubmittedApplicationsPageTest - Selected invitation by code: 'TST-VUI-52'.
2025-03-03 09:38:33 [main] DEBUG l.i.u.t.SubmittedApplicationsPageTest - Invitation code inserted.
2025-03-03 09:38:33 [main] DEBUG l.i.u.t.SubmittedApplicationsPageTest - Clicked on 'Action Application' button.
2025-03-03 09:38:33 [main] DEBUG l.i.u.t.SubmittedApplicationsPageTest - Clicked on 'New Application' button.
2025-03-03 09:38:34 [main] DEBUG l.i.u.t.SubmittedApplicationsPageTest - Selected the 'RadioButtonFA' option.
2025-03-03 09:38:34 [main] DEBUG l.i.u.t.SubmittedApplicationsPageTest - Entered phone number: '61298745'.
2025-03-03 09:38:34 [main] DEBUG l.i.u.t.SubmittedApplicationsPageTest - Entered email: 'test@autotest.com'.
2025-03-03 09:38:34 [main] DEBUG l.i.u.t.SubmittedApplicationsPageTest - Clicked on 'Address Component' button.
2025-03-03 09:38:34 [main] INFO  l.i.u.p.SubmittedApplicationsPage - Located the dropdown button.
2025-03-03 09:38:38 [main] INFO  l.i.u.p.SubmittedApplicationsPage - Successfully selected the value: 'Lietuva'
2025-03-03 09:38:38 [main] DEBUG l.i.u.t.SubmittedApplicationsPageTest - Selected country: 'Lietuva'.
2025-03-03 09:38:38 [main] INFO  l.i.u.p.SubmittedApplicationsPage - Located the dropdown search field.
2025-03-03 09:38:38 [main] INFO  l.i.u.p.SubmittedApplicationsPage - Dropdown city is opened.
2025-03-03 09:38:39 [main] INFO  l.i.u.p.SubmittedApplicationsPage - Searched for value: 'Vilnius'
2025-03-03 09:38:39 [main] ERROR l.i.u.p.SubmittedApplicationsPage - Failed to select dropdown option: stale element reference: stale element not found in the current frame
  (Session info: chrome=133.0.6943.142)
For documentation on this error, please visit: https://www.selenium.dev/documentation/webdriver/troubleshooting/errors#stale-element-reference-exception
Build info: version: '4.27.0', revision: 'd6e718d134'
System info: os.name: 'Windows 11', os.arch: 'amd64', os.version: '10.0', java.version: '21.0.3'
Driver info: org.openqa.selenium.chrome.ChromeDriver
Command: [641fe6bd624a8615c0b2d62cf2af313f, isElementDisplayed {id=f.A7D5F62E16C347575C915F0105E88D1E.d.7695CDA26F45D913A56BB74FC10E016D.e.559}]
Capabilities {acceptInsecureCerts: false, browserName: chrome, browserVersion: 133.0.6943.142, chrome: {chromedriverVersion: 133.0.6943.141 (2a5d6da0d61..., userDataDir: C:\Users\INGRID~1.ZAD\AppDa...}, fedcm:accounts: true, goog:chromeOptions: {debuggerAddress: localhost:63578}, networkConnectionEnabled: false, pageLoadStrategy: normal, platformName: windows, proxy: Proxy(), se:cdp: ws://localhost:63578/devtoo..., se:cdpVersion: 133.0.6943.142, setWindowRect: true, strictFileInteractability: false, timeouts: {implicit: 0, pageLoad: 300000, script: 30000}, unhandledPromptBehavior: dismiss and notify, webauthn:extension:credBlob: true, webauthn:extension:largeBlob: true, webauthn:extension:minPinLength: true, webauthn:extension:prf: true, webauthn:virtualAuthenticators: true}
Element: [[ChromeDriver: chrome on windows (641fe6bd624a8615c0b2d62cf2af313f)] -> xpath: //mat-option/span]
Session ID: 641fe6bd624a8615c0b2d62cf2af313f
2025-03-03 09:39:09 [main] ERROR l.i.u.p.SubmittedApplicationsPage - Timeout while waiting for dropdown to close with aria-expanded = 'false'.
2025-03-03 09:39:09 [main] INFO  l.i.u.p.SubmittedApplicationsPage - Located the dropdown button.
2025-03-03 09:39:10 [main] INFO  l.i.u.p.SubmittedApplicationsPage - Successfully selected the value: 'Piliakalnio g.'
2025-03-03 09:39:10 [main] DEBUG l.i.u.t.SubmittedApplicationsPageTest - Selected street: 'Piliakalnio g.'.
2025-03-03 09:39:10 [main] INFO  l.i.u.p.SubmittedApplicationsPage - Located the dropdown button.
2025-03-03 09:39:11 [main] INFO  l.i.u.p.SubmittedApplicationsPage - Successfully selected the value: '11'
2025-03-03 09:39:11 [main] DEBUG l.i.u.t.SubmittedApplicationsPageTest - Selected house: '11'.
2025-03-03 09:39:11 [main] INFO  l.i.u.p.SubmittedApplicationsPage - Located the dropdown button.
2025-03-03 09:39:12 [main] ERROR l.i.u.p.SubmittedApplicationsPage - Dropdown button click failed: element click intercepted: Element <mat-select role="combobox" aria-haspopup="listbox" class="mat-mdc-select primary-control ng-tns-c1073613477-46 mat-mdc-select-empty ng-untouched ng-pristine ng-star-inserted mat-mdc-select-disabled" aria-labelledby="mat-select-value-12" id="mat-select-12" tabindex="-1" aria-expanded="false" aria-required="false" aria-disabled="true" aria-invalid="false">...</mat-select> is not clickable at point (960, 615). Other element would receive the click: <mat-form-field class="mat-mdc-form-field ng-tns-c508571215-45 mat-mdc-form-field-type-common-select mat-mdc-form-field-has-icon-prefix mat-mdc-form-field-has-icon-suffix mat-form-field-appearance-outline mat-form-field-hide-placeholder mat-primary ng-untouched ng-pristine ng-star-inserted mat-form-field-disabled" style="--mat-form-field-notch-max-width: calc(100% - 8px);">...</mat-form-field>
  (Session info: chrome=133.0.6943.142)
Build info: version: '4.27.0', revision: 'd6e718d134'
System info: os.name: 'Windows 11', os.arch: 'amd64', os.version: '10.0', java.version: '21.0.3'
Driver info: org.openqa.selenium.chrome.ChromeDriver
Command: [641fe6bd624a8615c0b2d62cf2af313f, clickElement {id=f.A7D5F62E16C347575C915F0105E88D1E.d.7695CDA26F45D913A56BB74FC10E016D.e.580}]
Capabilities {acceptInsecureCerts: false, browserName: chrome, browserVersion: 133.0.6943.142, chrome: {chromedriverVersion: 133.0.6943.141 (2a5d6da0d61..., userDataDir: C:\Users\INGRID~1.ZAD\AppDa...}, fedcm:accounts: true, goog:chromeOptions: {debuggerAddress: localhost:63578}, networkConnectionEnabled: false, pageLoadStrategy: normal, platformName: windows, proxy: Proxy(), se:cdp: ws://localhost:63578/devtoo..., se:cdpVersion: 133.0.6943.142, setWindowRect: true, strictFileInteractability: false, timeouts: {implicit: 0, pageLoad: 300000, script: 30000}, unhandledPromptBehavior: dismiss and notify, webauthn:extension:credBlob: true, webauthn:extension:largeBlob: true, webauthn:extension:minPinLength: true, webauthn:extension:prf: true, webauthn:virtualAuthenticators: true}
Element: [[ChromeDriver: chrome on windows (641fe6bd624a8615c0b2d62cf2af313f)] -> xpath: //mat-label[contains(text(), 'Buto / patalpos Nr.')]/following::mat-select[1]]
Session ID: 641fe6bd624a8615c0b2d62cf2af313f
2025-03-03 09:39:43 [main] ERROR l.i.u.p.SubmittedApplicationsPage - Failed to select dropdown option: Expected condition failed: waiting for visibility of all elements located by By.xpath: //mat-option/span (tried for 30 second(s) with 500 milliseconds interval)
Build info: version: '4.27.0', revision: 'd6e718d134'
System info: os.name: 'Windows 11', os.arch: 'amd64', os.version: '10.0', java.version: '21.0.3'
Driver info: org.openqa.selenium.chrome.ChromeDriver
Capabilities {acceptInsecureCerts: false, browserName: chrome, browserVersion: 133.0.6943.142, chrome: {chromedriverVersion: 133.0.6943.141 (2a5d6da0d61..., userDataDir: C:\Users\INGRID~1.ZAD\AppDa...}, fedcm:accounts: true, goog:chromeOptions: {debuggerAddress: localhost:63578}, networkConnectionEnabled: false, pageLoadStrategy: normal, platformName: windows, proxy: Proxy(), se:cdp: ws://localhost:63578/devtoo..., se:cdpVersion: 133.0.6943.142, setWindowRect: true, strictFileInteractability: false, timeouts: {implicit: 0, pageLoad: 300000, script: 30000}, unhandledPromptBehavior: dismiss and notify, webauthn:extension:credBlob: true, webauthn:extension:largeBlob: true, webauthn:extension:minPinLength: true, webauthn:extension:prf: true, webauthn:virtualAuthenticators: true}
Session ID: 641fe6bd624a8615c0b2d62cf2af313f
2025-03-03 09:39:43 [main] DEBUG l.i.u.t.SubmittedApplicationsPageTest - Selected apartment: '1'.
2025-03-03 09:39:44 [main] ERROR l.i.u.t.SubmittedApplicationsPageTest - Test 'testFillNewVUIApplicationFA' failed with error: element click intercepted: Element <button type="button" class="i-forms-stepper-button i-forms-stepper-button-next">...</button> is not clickable at point (1823, 991). Other element would receive the click: <div class="cdk-overlay-backdrop cdk-overlay-dark-backdrop cdk-overlay-backdrop-showing"></div>
  (Session info: chrome=133.0.6943.142)
Build info: version: '4.27.0', revision: 'd6e718d134'
System info: os.name: 'Windows 11', os.arch: 'amd64', os.version: '10.0', java.version: '21.0.3'
Driver info: org.openqa.selenium.chrome.ChromeDriver
Command: [641fe6bd624a8615c0b2d62cf2af313f, clickElement {id=f.A7D5F62E16C347575C915F0105E88D1E.d.7695CDA26F45D913A56BB74FC10E016D.e.582}]
Capabilities {acceptInsecureCerts: false, browserName: chrome, browserVersion: 133.0.6943.142, chrome: {chromedriverVersion: 133.0.6943.141 (2a5d6da0d61..., userDataDir: C:\Users\INGRID~1.ZAD\AppDa...}, fedcm:accounts: true, goog:chromeOptions: {debuggerAddress: localhost:63578}, networkConnectionEnabled: false, pageLoadStrategy: normal, platformName: windows, proxy: Proxy(), se:cdp: ws://localhost:63578/devtoo..., se:cdpVersion: 133.0.6943.142, setWindowRect: true, strictFileInteractability: false, timeouts: {implicit: 0, pageLoad: 300000, script: 30000}, unhandledPromptBehavior: dismiss and notify, webauthn:extension:credBlob: true, webauthn:extension:largeBlob: true, webauthn:extension:minPinLength: true, webauthn:extension:prf: true, webauthn:virtualAuthenticators: true}
Element: [[ChromeDriver: chrome on windows (641fe6bd624a8615c0b2d62cf2af313f)] -> xpath: //button[contains(@class, 'i-forms-stepper-button-next') and normalize-space(text())='Toliau']]
Session ID: 641fe6bd624a8615c0b2d62cf2af313f
org.openqa.selenium.ElementClickInterceptedException: element click intercepted: Element <button type="button" class="i-forms-stepper-button i-forms-stepper-button-next">...</button> is not clickable at point (1823, 991). Other element would receive the click: <div class="cdk-overlay-backdrop cdk-overlay-dark-backdrop cdk-overlay-backdrop-showing"></div>
  (Session info: chrome=133.0.6943.142)
Build info: version: '4.27.0', revision: 'd6e718d134'
System info: os.name: 'Windows 11', os.arch: 'amd64', os.version: '10.0', java.version: '21.0.3'
Driver info: org.openqa.selenium.chrome.ChromeDriver
Command: [641fe6bd624a8615c0b2d62cf2af313f, clickElement {id=f.A7D5F62E16C347575C915F0105E88D1E.d.7695CDA26F45D913A56BB74FC10E016D.e.582}]
Capabilities {acceptInsecureCerts: false, browserName: chrome, browserVersion: 133.0.6943.142, chrome: {chromedriverVersion: 133.0.6943.141 (2a5d6da0d61..., userDataDir: C:\Users\INGRID~1.ZAD\AppDa...}, fedcm:accounts: true, goog:chromeOptions: {debuggerAddress: localhost:63578}, networkConnectionEnabled: false, pageLoadStrategy: normal, platformName: windows, proxy: Proxy(), se:cdp: ws://localhost:63578/devtoo..., se:cdpVersion: 133.0.6943.142, setWindowRect: true, strictFileInteractability: false, timeouts: {implicit: 0, pageLoad: 300000, script: 30000}, unhandledPromptBehavior: dismiss and notify, webauthn:extension:credBlob: true, webauthn:extension:largeBlob: true, webauthn:extension:minPinLength: true, webauthn:extension:prf: true, webauthn:virtualAuthenticators: true}
Element: [[ChromeDriver: chrome on windows (641fe6bd624a8615c0b2d62cf2af313f)] -> xpath: //button[contains(@class, 'i-forms-stepper-button-next') and normalize-space(text())='Toliau']]
Session ID: 641fe6bd624a8615c0b2d62cf2af313f
	at java.base/jdk.internal.reflect.DirectConstructorHandleAccessor.newInstance(DirectConstructorHandleAccessor.java:62)
	at java.base/java.lang.reflect.Constructor.newInstanceWithCaller(Constructor.java:502)
	at java.base/java.lang.reflect.Constructor.newInstance(Constructor.java:486)
	at org.openqa.selenium.remote.ErrorCodec.decode(ErrorCodec.java:167)
	at org.openqa.selenium.remote.codec.w3c.W3CHttpResponseCodec.decode(W3CHttpResponseCodec.java:138)
	at org.openqa.selenium.remote.codec.w3c.W3CHttpResponseCodec.decode(W3CHttpResponseCodec.java:50)
	at org.openqa.selenium.remote.HttpCommandExecutor.execute(HttpCommandExecutor.java:190)
	at org.openqa.selenium.remote.service.DriverCommandExecutor.invokeExecute(DriverCommandExecutor.java:216)
	at org.openqa.selenium.remote.service.DriverCommandExecutor.execute(DriverCommandExecutor.java:174)
	at org.openqa.selenium.remote.RemoteWebDriver.execute(RemoteWebDriver.java:545)
	at org.openqa.selenium.remote.RemoteWebElement.execute(RemoteWebElement.java:223)
	at org.openqa.selenium.remote.RemoteWebElement.click(RemoteWebElement.java:76)
	at java.base/jdk.internal.reflect.DirectMethodHandleAccessor.invoke(DirectMethodHandleAccessor.java:103)
	at java.base/java.lang.reflect.Method.invoke(Method.java:580)
	at org.openqa.selenium.support.pagefactory.internal.LocatingElementHandler.invoke(LocatingElementHandler.java:51)
	at jdk.proxy2/jdk.proxy2.$Proxy14.click(Unknown Source)
	at lt.insoft.uztis.pages.SubmittedApplicationsPage.clickButtonNext(SubmittedApplicationsPage.java:1032)
	at lt.insoft.uztis.tests.SubmittedApplicationsPageTest.testFillNewVUIApplicationFA(SubmittedApplicationsPageTest.java:231)
	at java.base/jdk.internal.reflect.DirectMethodHandleAccessor.invoke(DirectMethodHandleAccessor.java:103)
	at java.base/java.lang.reflect.Method.invoke(Method.java:580)
	at org.junit.platform.commons.util.ReflectionUtils.invokeMethod(ReflectionUtils.java:728)
	at org.junit.jupiter.engine.execution.MethodInvocation.proceed(MethodInvocation.java:60)
	at org.junit.jupiter.engine.execution.InvocationInterceptorChain$ValidatingInvocation.proceed(InvocationInterceptorChain.java:131)
	at org.junit.jupiter.engine.extension.TimeoutExtension.intercept(TimeoutExtension.java:156)
	at org.junit.jupiter.engine.extension.TimeoutExtension.interceptTestableMethod(TimeoutExtension.java:147)
	at org.junit.jupiter.engine.extension.TimeoutExtension.interceptTestMethod(TimeoutExtension.java:86)
	at org.junit.jupiter.engine.execution.InterceptingExecutableInvoker$ReflectiveInterceptorCall.lambda$ofVoidMethod$0(InterceptingExecutableInvoker.java:103)
	at org.junit.jupiter.engine.execution.InterceptingExecutableInvoker.lambda$invoke$0(InterceptingExecutableInvoker.java:93)
	at org.junit.jupiter.engine.execution.InvocationInterceptorChain$InterceptedInvocation.proceed(InvocationInterceptorChain.java:106)
	at org.junit.jupiter.engine.execution.InvocationInterceptorChain.proceed(InvocationInterceptorChain.java:64)
	at org.junit.jupiter.engine.execution.InvocationInterceptorChain.chainAndInvoke(InvocationInterceptorChain.java:45)
	at org.junit.jupiter.engine.execution.InvocationInterceptorChain.invoke(InvocationInterceptorChain.java:37)
	at org.junit.jupiter.engine.execution.InterceptingExecutableInvoker.invoke(InterceptingExecutableInvoker.java:92)
	at org.junit.jupiter.engine.execution.InterceptingExecutableInvoker.invoke(InterceptingExecutableInvoker.java:86)
	at org.junit.jupiter.engine.descriptor.TestMethodTestDescriptor.lambda$invokeTestMethod$7(TestMethodTestDescriptor.java:218)
	at org.junit.platform.engine.support.hierarchical.ThrowableCollector.execute(ThrowableCollector.java:73)
	at org.junit.jupiter.engine.descriptor.TestMethodTestDescriptor.invokeTestMethod(TestMethodTestDescriptor.java:214)
	at org.junit.jupiter.engine.descriptor.TestMethodTestDescriptor.execute(TestMethodTestDescriptor.java:139)
	at org.junit.jupiter.engine.descriptor.TestMethodTestDescriptor.execute(TestMethodTestDescriptor.java:69)
	at org.junit.platform.engine.support.hierarchical.NodeTestTask.lambda$executeRecursively$6(NodeTestTask.java:151)
	at org.junit.platform.engine.support.hierarchical.ThrowableCollector.execute(ThrowableCollector.java:73)
	at org.junit.platform.engine.support.hierarchical.NodeTestTask.lambda$executeRecursively$8(NodeTestTask.java:141)
	at org.junit.platform.engine.support.hierarchical.Node.around(Node.java:137)
	at org.junit.platform.engine.support.hierarchical.NodeTestTask.lambda$executeRecursively$9(NodeTestTask.java:139)
	at org.junit.platform.engine.support.hierarchical.ThrowableCollector.execute(ThrowableCollector.java:73)
	at org.junit.platform.engine.support.hierarchical.NodeTestTask.executeRecursively(NodeTestTask.java:138)
	at org.junit.platform.engine.support.hierarchical.NodeTestTask.execute(NodeTestTask.java:95)
	at java.base/java.util.ArrayList.forEach(ArrayList.java:1596)
	at org.junit.platform.engine.support.hierarchical.SameThreadHierarchicalTestExecutorService.invokeAll(SameThreadHierarchicalTestExecutorService.java:41)
	at org.junit.platform.engine.support.hierarchical.NodeTestTask.lambda$executeRecursively$6(NodeTestTask.java:155)
	at org.junit.platform.engine.support.hierarchical.ThrowableCollector.execute(ThrowableCollector.java:73)
	at org.junit.platform.engine.support.hierarchical.NodeTestTask.lambda$executeRecursively$8(NodeTestTask.java:141)
	at org.junit.platform.engine.support.hierarchical.Node.around(Node.java:137)
	at org.junit.platform.engine.support.hierarchical.NodeTestTask.lambda$executeRecursively$9(NodeTestTask.java:139)
	at org.junit.platform.engine.support.hierarchical.ThrowableCollector.execute(ThrowableCollector.java:73)
	at org.junit.platform.engine.support.hierarchical.NodeTestTask.executeRecursively(NodeTestTask.java:138)
	at org.junit.platform.engine.support.hierarchical.NodeTestTask.execute(NodeTestTask.java:95)
	at java.base/java.util.ArrayList.forEach(ArrayList.java:1596)
	at org.junit.platform.engine.support.hierarchical.SameThreadHierarchicalTestExecutorService.invokeAll(SameThreadHierarchicalTestExecutorService.java:41)
	at org.junit.platform.engine.support.hierarchical.NodeTestTask.lambda$executeRecursively$6(NodeTestTask.java:155)
	at org.junit.platform.engine.support.hierarchical.ThrowableCollector.execute(ThrowableCollector.java:73)
	at org.junit.platform.engine.support.hierarchical.NodeTestTask.lambda$executeRecursively$8(NodeTestTask.java:141)
	at org.junit.platform.engine.support.hierarchical.Node.around(Node.java:137)
	at org.junit.platform.engine.support.hierarchical.NodeTestTask.lambda$executeRecursively$9(NodeTestTask.java:139)
	at org.junit.platform.engine.support.hierarchical.ThrowableCollector.execute(ThrowableCollector.java:73)
	at org.junit.platform.engine.support.hierarchical.NodeTestTask.executeRecursively(NodeTestTask.java:138)
	at org.junit.platform.engine.support.hierarchical.NodeTestTask.execute(NodeTestTask.java:95)
	at org.junit.platform.engine.support.hierarchical.SameThreadHierarchicalTestExecutorService.submit(SameThreadHierarchicalTestExecutorService.java:35)
	at org.junit.platform.engine.support.hierarchical.HierarchicalTestExecutor.execute(HierarchicalTestExecutor.java:57)
	at org.junit.platform.engine.support.hierarchical.HierarchicalTestEngine.execute(HierarchicalTestEngine.java:54)
	at org.junit.platform.launcher.core.EngineExecutionOrchestrator.execute(EngineExecutionOrchestrator.java:198)
	at org.junit.platform.launcher.core.EngineExecutionOrchestrator.execute(EngineExecutionOrchestrator.java:169)
	at org.junit.platform.launcher.core.EngineExecutionOrchestrator.execute(EngineExecutionOrchestrator.java:93)
	at org.junit.platform.launcher.core.EngineExecutionOrchestrator.lambda$execute$0(EngineExecutionOrchestrator.java:58)
	at org.junit.platform.launcher.core.EngineExecutionOrchestrator.withInterceptedStreams(EngineExecutionOrchestrator.java:141)
	at org.junit.platform.launcher.core.EngineExecutionOrchestrator.execute(EngineExecutionOrchestrator.java:57)
	at org.junit.platform.launcher.core.DefaultLauncher.execute(DefaultLauncher.java:103)
	at org.junit.platform.launcher.core.DefaultLauncher.execute(DefaultLauncher.java:85)
	at org.junit.platform.launcher.core.DelegatingLauncher.execute(DelegatingLauncher.java:47)
	at org.junit.platform.launcher.core.SessionPerRequestLauncher.execute(SessionPerRequestLauncher.java:63)
	at com.intellij.junit5.JUnit5IdeaTestRunner.startRunnerWithArgs(JUnit5IdeaTestRunner.java:57)
	at com.intellij.rt.junit.IdeaTestRunner$Repeater$1.execute(IdeaTestRunner.java:38)
	at com.intellij.rt.execution.junit.TestsRepeater.repeat(TestsRepeater.java:11)
	at com.intellij.rt.junit.IdeaTestRunner$Repeater.startRunnerWithArgs(IdeaTestRunner.java:35)
	at com.intellij.rt.junit.JUnitStarter.prepareStreamsAndStart(JUnitStarter.java:232)
	at com.intellij.rt.junit.JUnitStarter.main(JUnitStarter.java:55)
2025-03-03 09:39:44 [main] INFO  l.insoft.uztis.tests.utils.TestUtils - Screenshot moved to C:\Users\ingrida.zadorozniene\Desktop\Asm\UZTIS\UZTIS_tests\test-output\screenshots\20250303\093944595_testFillNewVUIApplicationFA().png
2025-03-03 09:42:05 [main] INFO  lt.insoft.uztis.tests.UztisPageTest - Navigated to https://uztisdev.asseco.lt/home
2025-03-03 09:42:06 [main] INFO  l.i.u.t.SubmittedApplicationsPageTest - Starting test:'testFillNewVUIPApplicationFA'
2025-03-03 09:42:06 [main] DEBUG l.i.u.t.SubmittedApplicationsPageTest - User logged in with test credentials.
2025-03-03 09:42:06 [main] DEBUG l.i.u.t.SubmittedApplicationsPageTest - Opened 'Application Processing' menu.
2025-03-03 09:42:06 [main] DEBUG l.i.u.t.SubmittedApplicationsPageTest - Clicked on 'Application Forms' menu.
2025-03-03 09:42:07 [main] DEBUG l.i.u.t.SubmittedApplicationsPageTest - Retrieved last description code text: 'TST-VUI-52'.
2025-03-03 09:42:07 [main] DEBUG l.i.u.t.SubmittedApplicationsPageTest - Clicked on 'Invitation' menu.
2025-03-03 09:42:08 [main] DEBUG l.i.u.t.SubmittedApplicationsPageTest - Selected application section by code: 'TST-VUI-52'.
2025-03-03 09:42:08 [main] DEBUG l.i.u.t.SubmittedApplicationsPageTest - Clicked 'Search' button.
2025-03-03 09:42:08 [main] DEBUG l.i.u.t.SubmittedApplicationsPageTest - Retrieved invitation code: ''.
2025-03-03 09:42:08 [main] DEBUG l.i.u.t.SubmittedApplicationsPageTest - Clicked on 'Submitted Applications' menu.
2025-03-03 09:42:10 [main] DEBUG l.i.u.t.SubmittedApplicationsPageTest - Selected invitation by code: 'TST-VUI-52'.
2025-03-03 09:42:10 [main] DEBUG l.i.u.t.SubmittedApplicationsPageTest - Invitation code inserted.
2025-03-03 09:42:10 [main] DEBUG l.i.u.t.SubmittedApplicationsPageTest - Clicked on 'Action Application' button.
2025-03-03 09:42:10 [main] DEBUG l.i.u.t.SubmittedApplicationsPageTest - Clicked on 'New Application' button.
2025-03-03 09:42:10 [main] DEBUG l.i.u.t.SubmittedApplicationsPageTest - Selected the 'RadioButtonFA' option.
2025-03-03 09:42:11 [main] DEBUG l.i.u.t.SubmittedApplicationsPageTest - Entered phone number: '61298745'.
2025-03-03 09:42:11 [main] DEBUG l.i.u.t.SubmittedApplicationsPageTest - Entered email: 'test@autotest.com'.
2025-03-03 09:42:11 [main] DEBUG l.i.u.t.SubmittedApplicationsPageTest - Clicked on 'Address Component' button.
2025-03-03 09:42:11 [main] INFO  l.i.u.p.SubmittedApplicationsPage - Located the dropdown button.
2025-03-03 09:42:14 [main] INFO  l.i.u.p.SubmittedApplicationsPage - Successfully selected the value: 'Lietuva'
2025-03-03 09:42:14 [main] DEBUG l.i.u.t.SubmittedApplicationsPageTest - Selected country: 'Lietuva'.
2025-03-03 09:42:14 [main] INFO  l.i.u.p.SubmittedApplicationsPage - Located the dropdown button.
2025-03-03 09:42:15 [main] INFO  l.i.u.p.SubmittedApplicationsPage - Successfully selected the value: 'Abakų k.
Kretingos rajono sav., Kartenos sen.'
2025-03-03 09:42:45 [main] ERROR l.i.u.p.SubmittedApplicationsPage - Timeout while waiting for dropdown to close with aria-expanded = 'false'.
2025-03-03 09:42:45 [main] INFO  l.i.u.p.SubmittedApplicationsPage - Located the dropdown button.
2025-03-03 09:42:46 [main] INFO  l.i.u.p.SubmittedApplicationsPage - Successfully selected the value: 'Piliakalnio g.'
2025-03-03 09:42:46 [main] DEBUG l.i.u.t.SubmittedApplicationsPageTest - Selected street: 'Piliakalnio g.'.
2025-03-03 09:42:46 [main] INFO  l.i.u.p.SubmittedApplicationsPage - Located the dropdown button.
2025-03-03 09:42:47 [main] INFO  l.i.u.p.SubmittedApplicationsPage - Successfully selected the value: '11'
2025-03-03 09:42:47 [main] DEBUG l.i.u.t.SubmittedApplicationsPageTest - Selected house: '11'.
2025-03-03 09:42:47 [main] INFO  l.i.u.p.SubmittedApplicationsPage - Located the dropdown button.
2025-03-03 09:42:48 [main] ERROR l.i.u.p.SubmittedApplicationsPage - Dropdown button click failed: element click intercepted: Element <mat-select role="combobox" aria-haspopup="listbox" class="mat-mdc-select primary-control ng-tns-c1073613477-46 mat-mdc-select-empty ng-untouched ng-pristine ng-star-inserted mat-mdc-select-disabled" aria-labelledby="mat-select-value-12" id="mat-select-12" tabindex="-1" aria-expanded="false" aria-required="false" aria-disabled="true" aria-invalid="false">...</mat-select> is not clickable at point (960, 615). Other element would receive the click: <mat-form-field class="mat-mdc-form-field ng-tns-c508571215-45 mat-mdc-form-field-type-common-select mat-mdc-form-field-has-icon-prefix mat-mdc-form-field-has-icon-suffix mat-form-field-appearance-outline mat-form-field-hide-placeholder mat-primary ng-untouched ng-pristine ng-star-inserted mat-form-field-disabled" style="--mat-form-field-notch-max-width: calc(100% - 8px);">...</mat-form-field>
  (Session info: chrome=133.0.6943.142)
Build info: version: '4.27.0', revision: 'd6e718d134'
System info: os.name: 'Windows 11', os.arch: 'amd64', os.version: '10.0', java.version: '21.0.3'
Driver info: org.openqa.selenium.chrome.ChromeDriver
Command: [a892f935aa3726dfcc04b4d0b4b77310, clickElement {id=f.F6AF8DB5DD6B97B617641AEF7A387EFA.d.46F3D72DD6CDB9AC5C48C87AE6962ADE.e.577}]
Capabilities {acceptInsecureCerts: false, browserName: chrome, browserVersion: 133.0.6943.142, chrome: {chromedriverVersion: 133.0.6943.141 (2a5d6da0d61..., userDataDir: C:\Users\INGRID~1.ZAD\AppDa...}, fedcm:accounts: true, goog:chromeOptions: {debuggerAddress: localhost:63703}, networkConnectionEnabled: false, pageLoadStrategy: normal, platformName: windows, proxy: Proxy(), se:cdp: ws://localhost:63703/devtoo..., se:cdpVersion: 133.0.6943.142, setWindowRect: true, strictFileInteractability: false, timeouts: {implicit: 0, pageLoad: 300000, script: 30000}, unhandledPromptBehavior: dismiss and notify, webauthn:extension:credBlob: true, webauthn:extension:largeBlob: true, webauthn:extension:minPinLength: true, webauthn:extension:prf: true, webauthn:virtualAuthenticators: true}
Element: [[ChromeDriver: chrome on windows (a892f935aa3726dfcc04b4d0b4b77310)] -> xpath: //mat-label[contains(text(), 'Buto / patalpos Nr.')]/following::mat-select[1]]
Session ID: a892f935aa3726dfcc04b4d0b4b77310
2025-03-03 09:43:19 [main] ERROR l.i.u.p.SubmittedApplicationsPage - Failed to select dropdown option: Expected condition failed: waiting for visibility of all elements located by By.xpath: //mat-option/span (tried for 30 second(s) with 500 milliseconds interval)
Build info: version: '4.27.0', revision: 'd6e718d134'
System info: os.name: 'Windows 11', os.arch: 'amd64', os.version: '10.0', java.version: '21.0.3'
Driver info: org.openqa.selenium.chrome.ChromeDriver
Capabilities {acceptInsecureCerts: false, browserName: chrome, browserVersion: 133.0.6943.142, chrome: {chromedriverVersion: 133.0.6943.141 (2a5d6da0d61..., userDataDir: C:\Users\INGRID~1.ZAD\AppDa...}, fedcm:accounts: true, goog:chromeOptions: {debuggerAddress: localhost:63703}, networkConnectionEnabled: false, pageLoadStrategy: normal, platformName: windows, proxy: Proxy(), se:cdp: ws://localhost:63703/devtoo..., se:cdpVersion: 133.0.6943.142, setWindowRect: true, strictFileInteractability: false, timeouts: {implicit: 0, pageLoad: 300000, script: 30000}, unhandledPromptBehavior: dismiss and notify, webauthn:extension:credBlob: true, webauthn:extension:largeBlob: true, webauthn:extension:minPinLength: true, webauthn:extension:prf: true, webauthn:virtualAuthenticators: true}
Session ID: a892f935aa3726dfcc04b4d0b4b77310
2025-03-03 09:43:19 [main] DEBUG l.i.u.t.SubmittedApplicationsPageTest - Selected apartment: '1'.
2025-03-03 09:43:20 [main] ERROR l.i.u.t.SubmittedApplicationsPageTest - Test 'testFillNewVUIApplicationFA' failed with error: element click intercepted: Element <button type="button" class="i-forms-stepper-button i-forms-stepper-button-next">...</button> is not clickable at point (1823, 991). Other element would receive the click: <div class="cdk-overlay-backdrop cdk-overlay-dark-backdrop cdk-overlay-backdrop-showing"></div>
  (Session info: chrome=133.0.6943.142)
Build info: version: '4.27.0', revision: 'd6e718d134'
System info: os.name: 'Windows 11', os.arch: 'amd64', os.version: '10.0', java.version: '21.0.3'
Driver info: org.openqa.selenium.chrome.ChromeDriver
Command: [a892f935aa3726dfcc04b4d0b4b77310, clickElement {id=f.F6AF8DB5DD6B97B617641AEF7A387EFA.d.46F3D72DD6CDB9AC5C48C87AE6962ADE.e.579}]
Capabilities {acceptInsecureCerts: false, browserName: chrome, browserVersion: 133.0.6943.142, chrome: {chromedriverVersion: 133.0.6943.141 (2a5d6da0d61..., userDataDir: C:\Users\INGRID~1.ZAD\AppDa...}, fedcm:accounts: true, goog:chromeOptions: {debuggerAddress: localhost:63703}, networkConnectionEnabled: false, pageLoadStrategy: normal, platformName: windows, proxy: Proxy(), se:cdp: ws://localhost:63703/devtoo..., se:cdpVersion: 133.0.6943.142, setWindowRect: true, strictFileInteractability: false, timeouts: {implicit: 0, pageLoad: 300000, script: 30000}, unhandledPromptBehavior: dismiss and notify, webauthn:extension:credBlob: true, webauthn:extension:largeBlob: true, webauthn:extension:minPinLength: true, webauthn:extension:prf: true, webauthn:virtualAuthenticators: true}
Element: [[ChromeDriver: chrome on windows (a892f935aa3726dfcc04b4d0b4b77310)] -> xpath: //button[contains(@class, 'i-forms-stepper-button-next') and normalize-space(text())='Toliau']]
Session ID: a892f935aa3726dfcc04b4d0b4b77310
org.openqa.selenium.ElementClickInterceptedException: element click intercepted: Element <button type="button" class="i-forms-stepper-button i-forms-stepper-button-next">...</button> is not clickable at point (1823, 991). Other element would receive the click: <div class="cdk-overlay-backdrop cdk-overlay-dark-backdrop cdk-overlay-backdrop-showing"></div>
  (Session info: chrome=133.0.6943.142)
Build info: version: '4.27.0', revision: 'd6e718d134'
System info: os.name: 'Windows 11', os.arch: 'amd64', os.version: '10.0', java.version: '21.0.3'
Driver info: org.openqa.selenium.chrome.ChromeDriver
Command: [a892f935aa3726dfcc04b4d0b4b77310, clickElement {id=f.F6AF8DB5DD6B97B617641AEF7A387EFA.d.46F3D72DD6CDB9AC5C48C87AE6962ADE.e.579}]
Capabilities {acceptInsecureCerts: false, browserName: chrome, browserVersion: 133.0.6943.142, chrome: {chromedriverVersion: 133.0.6943.141 (2a5d6da0d61..., userDataDir: C:\Users\INGRID~1.ZAD\AppDa...}, fedcm:accounts: true, goog:chromeOptions: {debuggerAddress: localhost:63703}, networkConnectionEnabled: false, pageLoadStrategy: normal, platformName: windows, proxy: Proxy(), se:cdp: ws://localhost:63703/devtoo..., se:cdpVersion: 133.0.6943.142, setWindowRect: true, strictFileInteractability: false, timeouts: {implicit: 0, pageLoad: 300000, script: 30000}, unhandledPromptBehavior: dismiss and notify, webauthn:extension:credBlob: true, webauthn:extension:largeBlob: true, webauthn:extension:minPinLength: true, webauthn:extension:prf: true, webauthn:virtualAuthenticators: true}
Element: [[ChromeDriver: chrome on windows (a892f935aa3726dfcc04b4d0b4b77310)] -> xpath: //button[contains(@class, 'i-forms-stepper-button-next') and normalize-space(text())='Toliau']]
Session ID: a892f935aa3726dfcc04b4d0b4b77310
	at java.base/jdk.internal.reflect.DirectConstructorHandleAccessor.newInstance(DirectConstructorHandleAccessor.java:62)
	at java.base/java.lang.reflect.Constructor.newInstanceWithCaller(Constructor.java:502)
	at java.base/java.lang.reflect.Constructor.newInstance(Constructor.java:486)
	at org.openqa.selenium.remote.ErrorCodec.decode(ErrorCodec.java:167)
	at org.openqa.selenium.remote.codec.w3c.W3CHttpResponseCodec.decode(W3CHttpResponseCodec.java:138)
	at org.openqa.selenium.remote.codec.w3c.W3CHttpResponseCodec.decode(W3CHttpResponseCodec.java:50)
	at org.openqa.selenium.remote.HttpCommandExecutor.execute(HttpCommandExecutor.java:190)
	at org.openqa.selenium.remote.service.DriverCommandExecutor.invokeExecute(DriverCommandExecutor.java:216)
	at org.openqa.selenium.remote.service.DriverCommandExecutor.execute(DriverCommandExecutor.java:174)
	at org.openqa.selenium.remote.RemoteWebDriver.execute(RemoteWebDriver.java:545)
	at org.openqa.selenium.remote.RemoteWebElement.execute(RemoteWebElement.java:223)
	at org.openqa.selenium.remote.RemoteWebElement.click(RemoteWebElement.java:76)
	at java.base/jdk.internal.reflect.DirectMethodHandleAccessor.invoke(DirectMethodHandleAccessor.java:103)
	at java.base/java.lang.reflect.Method.invoke(Method.java:580)
	at org.openqa.selenium.support.pagefactory.internal.LocatingElementHandler.invoke(LocatingElementHandler.java:51)
	at jdk.proxy2/jdk.proxy2.$Proxy14.click(Unknown Source)
	at lt.insoft.uztis.pages.SubmittedApplicationsPage.clickButtonNext(SubmittedApplicationsPage.java:1032)
	at lt.insoft.uztis.tests.SubmittedApplicationsPageTest.testFillNewVUIApplicationFA(SubmittedApplicationsPageTest.java:246)
	at java.base/jdk.internal.reflect.DirectMethodHandleAccessor.invoke(DirectMethodHandleAccessor.java:103)
	at java.base/java.lang.reflect.Method.invoke(Method.java:580)
	at org.junit.platform.commons.util.ReflectionUtils.invokeMethod(ReflectionUtils.java:728)
	at org.junit.jupiter.engine.execution.MethodInvocation.proceed(MethodInvocation.java:60)
	at org.junit.jupiter.engine.execution.InvocationInterceptorChain$ValidatingInvocation.proceed(InvocationInterceptorChain.java:131)
	at org.junit.jupiter.engine.extension.TimeoutExtension.intercept(TimeoutExtension.java:156)
	at org.junit.jupiter.engine.extension.TimeoutExtension.interceptTestableMethod(TimeoutExtension.java:147)
	at org.junit.jupiter.engine.extension.TimeoutExtension.interceptTestMethod(TimeoutExtension.java:86)
	at org.junit.jupiter.engine.execution.InterceptingExecutableInvoker$ReflectiveInterceptorCall.lambda$ofVoidMethod$0(InterceptingExecutableInvoker.java:103)
	at org.junit.jupiter.engine.execution.InterceptingExecutableInvoker.lambda$invoke$0(InterceptingExecutableInvoker.java:93)
	at org.junit.jupiter.engine.execution.InvocationInterceptorChain$InterceptedInvocation.proceed(InvocationInterceptorChain.java:106)
	at org.junit.jupiter.engine.execution.InvocationInterceptorChain.proceed(InvocationInterceptorChain.java:64)
	at org.junit.jupiter.engine.execution.InvocationInterceptorChain.chainAndInvoke(InvocationInterceptorChain.java:45)
	at org.junit.jupiter.engine.execution.InvocationInterceptorChain.invoke(InvocationInterceptorChain.java:37)
	at org.junit.jupiter.engine.execution.InterceptingExecutableInvoker.invoke(InterceptingExecutableInvoker.java:92)
	at org.junit.jupiter.engine.execution.InterceptingExecutableInvoker.invoke(InterceptingExecutableInvoker.java:86)
	at org.junit.jupiter.engine.descriptor.TestMethodTestDescriptor.lambda$invokeTestMethod$7(TestMethodTestDescriptor.java:218)
	at org.junit.platform.engine.support.hierarchical.ThrowableCollector.execute(ThrowableCollector.java:73)
	at org.junit.jupiter.engine.descriptor.TestMethodTestDescriptor.invokeTestMethod(TestMethodTestDescriptor.java:214)
	at org.junit.jupiter.engine.descriptor.TestMethodTestDescriptor.execute(TestMethodTestDescriptor.java:139)
	at org.junit.jupiter.engine.descriptor.TestMethodTestDescriptor.execute(TestMethodTestDescriptor.java:69)
	at org.junit.platform.engine.support.hierarchical.NodeTestTask.lambda$executeRecursively$6(NodeTestTask.java:151)
	at org.junit.platform.engine.support.hierarchical.ThrowableCollector.execute(ThrowableCollector.java:73)
	at org.junit.platform.engine.support.hierarchical.NodeTestTask.lambda$executeRecursively$8(NodeTestTask.java:141)
	at org.junit.platform.engine.support.hierarchical.Node.around(Node.java:137)
	at org.junit.platform.engine.support.hierarchical.NodeTestTask.lambda$executeRecursively$9(NodeTestTask.java:139)
	at org.junit.platform.engine.support.hierarchical.ThrowableCollector.execute(ThrowableCollector.java:73)
	at org.junit.platform.engine.support.hierarchical.NodeTestTask.executeRecursively(NodeTestTask.java:138)
	at org.junit.platform.engine.support.hierarchical.NodeTestTask.execute(NodeTestTask.java:95)
	at java.base/java.util.ArrayList.forEach(ArrayList.java:1596)
	at org.junit.platform.engine.support.hierarchical.SameThreadHierarchicalTestExecutorService.invokeAll(SameThreadHierarchicalTestExecutorService.java:41)
	at org.junit.platform.engine.support.hierarchical.NodeTestTask.lambda$executeRecursively$6(NodeTestTask.java:155)
	at org.junit.platform.engine.support.hierarchical.ThrowableCollector.execute(ThrowableCollector.java:73)
	at org.junit.platform.engine.support.hierarchical.NodeTestTask.lambda$executeRecursively$8(NodeTestTask.java:141)
	at org.junit.platform.engine.support.hierarchical.Node.around(Node.java:137)
	at org.junit.platform.engine.support.hierarchical.NodeTestTask.lambda$executeRecursively$9(NodeTestTask.java:139)
	at org.junit.platform.engine.support.hierarchical.ThrowableCollector.execute(ThrowableCollector.java:73)
	at org.junit.platform.engine.support.hierarchical.NodeTestTask.executeRecursively(NodeTestTask.java:138)
	at org.junit.platform.engine.support.hierarchical.NodeTestTask.execute(NodeTestTask.java:95)
	at java.base/java.util.ArrayList.forEach(ArrayList.java:1596)
	at org.junit.platform.engine.support.hierarchical.SameThreadHierarchicalTestExecutorService.invokeAll(SameThreadHierarchicalTestExecutorService.java:41)
	at org.junit.platform.engine.support.hierarchical.NodeTestTask.lambda$executeRecursively$6(NodeTestTask.java:155)
	at org.junit.platform.engine.support.hierarchical.ThrowableCollector.execute(ThrowableCollector.java:73)
	at org.junit.platform.engine.support.hierarchical.NodeTestTask.lambda$executeRecursively$8(NodeTestTask.java:141)
	at org.junit.platform.engine.support.hierarchical.Node.around(Node.java:137)
	at org.junit.platform.engine.support.hierarchical.NodeTestTask.lambda$executeRecursively$9(NodeTestTask.java:139)
	at org.junit.platform.engine.support.hierarchical.ThrowableCollector.execute(ThrowableCollector.java:73)
	at org.junit.platform.engine.support.hierarchical.NodeTestTask.executeRecursively(NodeTestTask.java:138)
	at org.junit.platform.engine.support.hierarchical.NodeTestTask.execute(NodeTestTask.java:95)
	at org.junit.platform.engine.support.hierarchical.SameThreadHierarchicalTestExecutorService.submit(SameThreadHierarchicalTestExecutorService.java:35)
	at org.junit.platform.engine.support.hierarchical.HierarchicalTestExecutor.execute(HierarchicalTestExecutor.java:57)
	at org.junit.platform.engine.support.hierarchical.HierarchicalTestEngine.execute(HierarchicalTestEngine.java:54)
	at org.junit.platform.launcher.core.EngineExecutionOrchestrator.execute(EngineExecutionOrchestrator.java:198)
	at org.junit.platform.launcher.core.EngineExecutionOrchestrator.execute(EngineExecutionOrchestrator.java:169)
	at org.junit.platform.launcher.core.EngineExecutionOrchestrator.execute(EngineExecutionOrchestrator.java:93)
	at org.junit.platform.launcher.core.EngineExecutionOrchestrator.lambda$execute$0(EngineExecutionOrchestrator.java:58)
	at org.junit.platform.launcher.core.EngineExecutionOrchestrator.withInterceptedStreams(EngineExecutionOrchestrator.java:141)
	at org.junit.platform.launcher.core.EngineExecutionOrchestrator.execute(EngineExecutionOrchestrator.java:57)
	at org.junit.platform.launcher.core.DefaultLauncher.execute(DefaultLauncher.java:103)
	at org.junit.platform.launcher.core.DefaultLauncher.execute(DefaultLauncher.java:85)
	at org.junit.platform.launcher.core.DelegatingLauncher.execute(DelegatingLauncher.java:47)
	at org.junit.platform.launcher.core.SessionPerRequestLauncher.execute(SessionPerRequestLauncher.java:63)
	at com.intellij.junit5.JUnit5IdeaTestRunner.startRunnerWithArgs(JUnit5IdeaTestRunner.java:57)
	at com.intellij.rt.junit.IdeaTestRunner$Repeater$1.execute(IdeaTestRunner.java:38)
	at com.intellij.rt.execution.junit.TestsRepeater.repeat(TestsRepeater.java:11)
	at com.intellij.rt.junit.IdeaTestRunner$Repeater.startRunnerWithArgs(IdeaTestRunner.java:35)
	at com.intellij.rt.junit.JUnitStarter.prepareStreamsAndStart(JUnitStarter.java:232)
	at com.intellij.rt.junit.JUnitStarter.main(JUnitStarter.java:55)
2025-03-03 09:43:21 [main] INFO  l.insoft.uztis.tests.utils.TestUtils - Screenshot moved to C:\Users\ingrida.zadorozniene\Desktop\Asm\UZTIS\UZTIS_tests\test-output\screenshots\20250303\094321066_testFillNewVUIApplicationFA().png
2025-03-03 10:28:04 [main] INFO  lt.insoft.uztis.tests.UztisPageTest - Navigated to https://uztisdev.asseco.lt/home
2025-03-03 10:28:04 [main] INFO  l.i.u.t.SubmittedApplicationsPageTest - Starting test:'testFillNewVUIPApplicationFA'
2025-03-03 10:28:05 [main] DEBUG l.i.u.t.SubmittedApplicationsPageTest - User logged in with test credentials.
2025-03-03 10:28:05 [main] DEBUG l.i.u.t.SubmittedApplicationsPageTest - Opened 'Application Processing' menu.
2025-03-03 10:28:05 [main] DEBUG l.i.u.t.SubmittedApplicationsPageTest - Clicked on 'Application Forms' menu.
2025-03-03 10:28:06 [main] DEBUG l.i.u.t.SubmittedApplicationsPageTest - Retrieved last description code text: 'TST-VUI-52'.
2025-03-03 10:28:06 [main] DEBUG l.i.u.t.SubmittedApplicationsPageTest - Clicked on 'Invitation' menu.
2025-03-03 10:28:07 [main] DEBUG l.i.u.t.SubmittedApplicationsPageTest - Selected application section by code: 'TST-VUI-52'.
2025-03-03 10:28:07 [main] DEBUG l.i.u.t.SubmittedApplicationsPageTest - Clicked 'Search' button.
2025-03-03 10:28:07 [main] DEBUG l.i.u.t.SubmittedApplicationsPageTest - Retrieved invitation code: ''.
2025-03-03 10:28:07 [main] DEBUG l.i.u.t.SubmittedApplicationsPageTest - Clicked on 'Submitted Applications' menu.
2025-03-03 10:28:08 [main] DEBUG l.i.u.t.SubmittedApplicationsPageTest - Selected invitation by code: 'TST-VUI-52'.
2025-03-03 10:28:08 [main] DEBUG l.i.u.t.SubmittedApplicationsPageTest - Invitation code inserted.
2025-03-03 10:28:09 [main] DEBUG l.i.u.t.SubmittedApplicationsPageTest - Clicked on 'Action Application' button.
2025-03-03 10:28:09 [main] DEBUG l.i.u.t.SubmittedApplicationsPageTest - Clicked on 'New Application' button.
2025-03-03 10:28:09 [main] DEBUG l.i.u.t.SubmittedApplicationsPageTest - Selected the 'RadioButtonFA' option.
2025-03-03 10:28:09 [main] DEBUG l.i.u.t.SubmittedApplicationsPageTest - Entered phone number: '61298745'.
2025-03-03 10:28:10 [main] DEBUG l.i.u.t.SubmittedApplicationsPageTest - Entered email: 'test@autotest.com'.
2025-03-03 10:28:10 [main] DEBUG l.i.u.t.SubmittedApplicationsPageTest - Clicked on 'Address Component' button.
2025-03-03 10:28:10 [main] INFO  l.i.u.p.SubmittedApplicationsPage - Located the dropdown button.
2025-03-03 10:28:13 [main] INFO  l.i.u.p.SubmittedApplicationsPage - Successfully selected the value: 'Lietuva'
2025-03-03 10:28:13 [main] DEBUG l.i.u.t.SubmittedApplicationsPageTest - Selected country: 'Lietuva'.
2025-03-03 10:28:13 [main] INFO  l.i.u.p.SubmittedApplicationsPage - Located the dropdown button.
2025-03-03 10:28:14 [main] WARN  l.i.u.p.SubmittedApplicationsPage - Dropdown value 'Abakų k.
Kretingos rajono sav., Kartenos sen.' not found.
2025-03-03 10:28:44 [main] ERROR l.i.u.p.SubmittedApplicationsPage - Timeout while waiting for dropdown to close with aria-expanded = 'false'.
2025-03-03 10:28:44 [main] DEBUG l.i.u.t.SubmittedApplicationsPageTest - Selected city: 'Abakų k.
Kretingos rajono sav., Kartenos sen.'.
2025-03-03 10:28:44 [main] INFO  l.i.u.p.SubmittedApplicationsPage - Located the dropdown button.
2025-03-03 10:28:45 [main] ERROR l.i.u.p.SubmittedApplicationsPage - Dropdown button click failed: element click intercepted: Element <mat-select role="combobox" aria-haspopup="listbox" class="mat-mdc-select primary-control ng-tns-c1073613477-42 mat-mdc-select-required mat-mdc-select-empty ng-untouched ng-pristine ng-invalid ng-star-inserted" aria-labelledby="mat-select-value-10" id="mat-select-10" tabindex="0" aria-expanded="false" aria-required="true" aria-disabled="false" aria-invalid="false" required="">...</mat-select> is not clickable at point (960, 503). Other element would receive the click: <div role="listbox" tabindex="-1" class="ng-trigger ng-trigger-transformPanel ng-tns-c1073613477-40 mat-mdc-select-panel mdc-menu-surface mdc-menu-surface--open ng-star-inserted" id="mat-select-9-panel" aria-multiselectable="false">...</div>
  (Session info: chrome=133.0.6943.142)
Build info: version: '4.27.0', revision: 'd6e718d134'
System info: os.name: 'Windows 11', os.arch: 'amd64', os.version: '10.0', java.version: '21.0.3'
Driver info: org.openqa.selenium.chrome.ChromeDriver
Command: [a75267f6991bd634b44c47d98d7094b3, clickElement {id=f.961FDEC119B35C420B2A8FCBAC73F9D5.d.2194BB2326075E65E427FCC647D36112.e.547}]
Capabilities {acceptInsecureCerts: false, browserName: chrome, browserVersion: 133.0.6943.142, chrome: {chromedriverVersion: 133.0.6943.141 (2a5d6da0d61..., userDataDir: C:\Users\INGRID~1.ZAD\AppDa...}, fedcm:accounts: true, goog:chromeOptions: {debuggerAddress: localhost:56942}, networkConnectionEnabled: false, pageLoadStrategy: normal, platformName: windows, proxy: Proxy(), se:cdp: ws://localhost:56942/devtoo..., se:cdpVersion: 133.0.6943.142, setWindowRect: true, strictFileInteractability: false, timeouts: {implicit: 0, pageLoad: 300000, script: 30000}, unhandledPromptBehavior: dismiss and notify, webauthn:extension:credBlob: true, webauthn:extension:largeBlob: true, webauthn:extension:minPinLength: true, webauthn:extension:prf: true, webauthn:virtualAuthenticators: true}
Element: [[ChromeDriver: chrome on windows (a75267f6991bd634b44c47d98d7094b3)] -> xpath: //mat-label[contains(text(), 'Gatvė')]/following::mat-select[1]]
Session ID: a75267f6991bd634b44c47d98d7094b3
2025-03-03 10:28:45 [main] WARN  l.i.u.p.SubmittedApplicationsPage - Dropdown value 'Piliakalnio g.' not found.
2025-03-03 10:28:46 [main] DEBUG l.i.u.t.SubmittedApplicationsPageTest - Selected street: 'Piliakalnio g.'.
2025-03-03 10:28:46 [main] INFO  l.i.u.p.SubmittedApplicationsPage - Located the dropdown button.
2025-03-03 10:28:47 [main] ERROR l.i.u.p.SubmittedApplicationsPage - Dropdown button click failed: element click intercepted: Element <mat-select role="combobox" aria-haspopup="listbox" class="mat-mdc-select primary-control ng-tns-c1073613477-44 mat-mdc-select-required mat-mdc-select-empty ng-untouched ng-pristine ng-invalid ng-star-inserted" aria-labelledby="mat-select-value-11" id="mat-select-11" tabindex="0" aria-expanded="false" aria-required="true" aria-disabled="false" aria-invalid="false" required="">...</mat-select> is not clickable at point (960, 559). Other element would receive the click: <div class="cdk-overlay-backdrop cdk-overlay-transparent-backdrop cdk-overlay-backdrop-showing"></div>
  (Session info: chrome=133.0.6943.142)
Build info: version: '4.27.0', revision: 'd6e718d134'
System info: os.name: 'Windows 11', os.arch: 'amd64', os.version: '10.0', java.version: '21.0.3'
Driver info: org.openqa.selenium.chrome.ChromeDriver
Command: [a75267f6991bd634b44c47d98d7094b3, clickElement {id=f.961FDEC119B35C420B2A8FCBAC73F9D5.d.2194BB2326075E65E427FCC647D36112.e.548}]
Capabilities {acceptInsecureCerts: false, browserName: chrome, browserVersion: 133.0.6943.142, chrome: {chromedriverVersion: 133.0.6943.141 (2a5d6da0d61..., userDataDir: C:\Users\INGRID~1.ZAD\AppDa...}, fedcm:accounts: true, goog:chromeOptions: {debuggerAddress: localhost:56942}, networkConnectionEnabled: false, pageLoadStrategy: normal, platformName: windows, proxy: Proxy(), se:cdp: ws://localhost:56942/devtoo..., se:cdpVersion: 133.0.6943.142, setWindowRect: true, strictFileInteractability: false, timeouts: {implicit: 0, pageLoad: 300000, script: 30000}, unhandledPromptBehavior: dismiss and notify, webauthn:extension:credBlob: true, webauthn:extension:largeBlob: true, webauthn:extension:minPinLength: true, webauthn:extension:prf: true, webauthn:virtualAuthenticators: true}
Element: [[ChromeDriver: chrome on windows (a75267f6991bd634b44c47d98d7094b3)] -> xpath: //mat-label[contains(text(), 'Namo Nr.')]/following::mat-select[1]]
Session ID: a75267f6991bd634b44c47d98d7094b3
2025-03-03 10:28:47 [main] WARN  l.i.u.p.SubmittedApplicationsPage - Dropdown value '11' not found.
2025-03-03 10:28:47 [main] DEBUG l.i.u.t.SubmittedApplicationsPageTest - Selected house: '11'.
2025-03-03 10:28:47 [main] INFO  l.i.u.p.SubmittedApplicationsPage - Located the dropdown button.
2025-03-03 10:28:48 [main] ERROR l.i.u.p.SubmittedApplicationsPage - Dropdown button click failed: element click intercepted: Element <mat-select role="combobox" aria-haspopup="listbox" class="mat-mdc-select primary-control ng-tns-c1073613477-46 mat-mdc-select-empty ng-untouched ng-pristine ng-valid ng-star-inserted" aria-labelledby="mat-select-value-12" id="mat-select-12" tabindex="0" aria-expanded="false" aria-required="false" aria-disabled="false" aria-invalid="false">...</mat-select> is not clickable at point (960, 615). Other element would receive the click: <div class="cdk-overlay-backdrop cdk-overlay-transparent-backdrop cdk-overlay-backdrop-showing"></div>
  (Session info: chrome=133.0.6943.142)
Build info: version: '4.27.0', revision: 'd6e718d134'
System info: os.name: 'Windows 11', os.arch: 'amd64', os.version: '10.0', java.version: '21.0.3'
Driver info: org.openqa.selenium.chrome.ChromeDriver
Command: [a75267f6991bd634b44c47d98d7094b3, clickElement {id=f.961FDEC119B35C420B2A8FCBAC73F9D5.d.2194BB2326075E65E427FCC647D36112.e.549}]
Capabilities {acceptInsecureCerts: false, browserName: chrome, browserVersion: 133.0.6943.142, chrome: {chromedriverVersion: 133.0.6943.141 (2a5d6da0d61..., userDataDir: C:\Users\INGRID~1.ZAD\AppDa...}, fedcm:accounts: true, goog:chromeOptions: {debuggerAddress: localhost:56942}, networkConnectionEnabled: false, pageLoadStrategy: normal, platformName: windows, proxy: Proxy(), se:cdp: ws://localhost:56942/devtoo..., se:cdpVersion: 133.0.6943.142, setWindowRect: true, strictFileInteractability: false, timeouts: {implicit: 0, pageLoad: 300000, script: 30000}, unhandledPromptBehavior: dismiss and notify, webauthn:extension:credBlob: true, webauthn:extension:largeBlob: true, webauthn:extension:minPinLength: true, webauthn:extension:prf: true, webauthn:virtualAuthenticators: true}
Element: [[ChromeDriver: chrome on windows (a75267f6991bd634b44c47d98d7094b3)] -> xpath: //mat-label[contains(text(), 'Buto / patalpos Nr.')]/following::mat-select[1]]
Session ID: a75267f6991bd634b44c47d98d7094b3
2025-03-03 10:28:48 [main] WARN  l.i.u.p.SubmittedApplicationsPage - Dropdown value '1' not found.
2025-03-03 10:28:48 [main] DEBUG l.i.u.t.SubmittedApplicationsPageTest - Selected apartment: '1'.
2025-03-03 10:28:48 [main] DEBUG l.i.u.t.SubmittedApplicationsPageTest - Entered project date.
2025-03-03 10:28:48 [main] DEBUG l.i.u.t.SubmittedApplicationsPageTest - Entered job count: '1'.
2025-03-03 10:28:49 [main] ERROR l.i.u.t.SubmittedApplicationsPageTest - Test 'testFillNewVUIApplicationFA' failed with error: element click intercepted: Element <button type="button" class="i-forms-stepper-button i-forms-stepper-button-next">...</button> is not clickable at point (1823, 971). Other element would receive the click: <div class="cdk-overlay-backdrop cdk-overlay-transparent-backdrop cdk-overlay-backdrop-showing"></div>
  (Session info: chrome=133.0.6943.142)
Build info: version: '4.27.0', revision: 'd6e718d134'
System info: os.name: 'Windows 11', os.arch: 'amd64', os.version: '10.0', java.version: '21.0.3'
Driver info: org.openqa.selenium.chrome.ChromeDriver
Command: [a75267f6991bd634b44c47d98d7094b3, clickElement {id=f.961FDEC119B35C420B2A8FCBAC73F9D5.d.2194BB2326075E65E427FCC647D36112.e.555}]
Capabilities {acceptInsecureCerts: false, browserName: chrome, browserVersion: 133.0.6943.142, chrome: {chromedriverVersion: 133.0.6943.141 (2a5d6da0d61..., userDataDir: C:\Users\INGRID~1.ZAD\AppDa...}, fedcm:accounts: true, goog:chromeOptions: {debuggerAddress: localhost:56942}, networkConnectionEnabled: false, pageLoadStrategy: normal, platformName: windows, proxy: Proxy(), se:cdp: ws://localhost:56942/devtoo..., se:cdpVersion: 133.0.6943.142, setWindowRect: true, strictFileInteractability: false, timeouts: {implicit: 0, pageLoad: 300000, script: 30000}, unhandledPromptBehavior: dismiss and notify, webauthn:extension:credBlob: true, webauthn:extension:largeBlob: true, webauthn:extension:minPinLength: true, webauthn:extension:prf: true, webauthn:virtualAuthenticators: true}
Element: [[ChromeDriver: chrome on windows (a75267f6991bd634b44c47d98d7094b3)] -> xpath: //button[contains(@class, 'i-forms-stepper-button-next') and normalize-space(text())='Toliau']]
Session ID: a75267f6991bd634b44c47d98d7094b3
org.openqa.selenium.ElementClickInterceptedException: element click intercepted: Element <button type="button" class="i-forms-stepper-button i-forms-stepper-button-next">...</button> is not clickable at point (1823, 971). Other element would receive the click: <div class="cdk-overlay-backdrop cdk-overlay-transparent-backdrop cdk-overlay-backdrop-showing"></div>
  (Session info: chrome=133.0.6943.142)
Build info: version: '4.27.0', revision: 'd6e718d134'
System info: os.name: 'Windows 11', os.arch: 'amd64', os.version: '10.0', java.version: '21.0.3'
Driver info: org.openqa.selenium.chrome.ChromeDriver
Command: [a75267f6991bd634b44c47d98d7094b3, clickElement {id=f.961FDEC119B35C420B2A8FCBAC73F9D5.d.2194BB2326075E65E427FCC647D36112.e.555}]
Capabilities {acceptInsecureCerts: false, browserName: chrome, browserVersion: 133.0.6943.142, chrome: {chromedriverVersion: 133.0.6943.141 (2a5d6da0d61..., userDataDir: C:\Users\INGRID~1.ZAD\AppDa...}, fedcm:accounts: true, goog:chromeOptions: {debuggerAddress: localhost:56942}, networkConnectionEnabled: false, pageLoadStrategy: normal, platformName: windows, proxy: Proxy(), se:cdp: ws://localhost:56942/devtoo..., se:cdpVersion: 133.0.6943.142, setWindowRect: true, strictFileInteractability: false, timeouts: {implicit: 0, pageLoad: 300000, script: 30000}, unhandledPromptBehavior: dismiss and notify, webauthn:extension:credBlob: true, webauthn:extension:largeBlob: true, webauthn:extension:minPinLength: true, webauthn:extension:prf: true, webauthn:virtualAuthenticators: true}
Element: [[ChromeDriver: chrome on windows (a75267f6991bd634b44c47d98d7094b3)] -> xpath: //button[contains(@class, 'i-forms-stepper-button-next') and normalize-space(text())='Toliau']]
Session ID: a75267f6991bd634b44c47d98d7094b3
	at java.base/jdk.internal.reflect.DirectConstructorHandleAccessor.newInstance(DirectConstructorHandleAccessor.java:62)
	at java.base/java.lang.reflect.Constructor.newInstanceWithCaller(Constructor.java:502)
	at java.base/java.lang.reflect.Constructor.newInstance(Constructor.java:486)
	at org.openqa.selenium.remote.ErrorCodec.decode(ErrorCodec.java:167)
	at org.openqa.selenium.remote.codec.w3c.W3CHttpResponseCodec.decode(W3CHttpResponseCodec.java:138)
	at org.openqa.selenium.remote.codec.w3c.W3CHttpResponseCodec.decode(W3CHttpResponseCodec.java:50)
	at org.openqa.selenium.remote.HttpCommandExecutor.execute(HttpCommandExecutor.java:190)
	at org.openqa.selenium.remote.service.DriverCommandExecutor.invokeExecute(DriverCommandExecutor.java:216)
	at org.openqa.selenium.remote.service.DriverCommandExecutor.execute(DriverCommandExecutor.java:174)
	at org.openqa.selenium.remote.RemoteWebDriver.execute(RemoteWebDriver.java:545)
	at org.openqa.selenium.remote.RemoteWebElement.execute(RemoteWebElement.java:223)
	at org.openqa.selenium.remote.RemoteWebElement.click(RemoteWebElement.java:76)
	at java.base/jdk.internal.reflect.DirectMethodHandleAccessor.invoke(DirectMethodHandleAccessor.java:103)
	at java.base/java.lang.reflect.Method.invoke(Method.java:580)
	at org.openqa.selenium.support.pagefactory.internal.LocatingElementHandler.invoke(LocatingElementHandler.java:51)
	at jdk.proxy2/jdk.proxy2.$Proxy14.click(Unknown Source)
	at lt.insoft.uztis.pages.SubmittedApplicationsPage.clickButtonNext(SubmittedApplicationsPage.java:1032)
	at lt.insoft.uztis.tests.SubmittedApplicationsPageTest.testFillNewVUIApplicationFA(SubmittedApplicationsPageTest.java:199)
	at java.base/jdk.internal.reflect.DirectMethodHandleAccessor.invoke(DirectMethodHandleAccessor.java:103)
	at java.base/java.lang.reflect.Method.invoke(Method.java:580)
	at org.junit.platform.commons.util.ReflectionUtils.invokeMethod(ReflectionUtils.java:728)
	at org.junit.jupiter.engine.execution.MethodInvocation.proceed(MethodInvocation.java:60)
	at org.junit.jupiter.engine.execution.InvocationInterceptorChain$ValidatingInvocation.proceed(InvocationInterceptorChain.java:131)
	at org.junit.jupiter.engine.extension.TimeoutExtension.intercept(TimeoutExtension.java:156)
	at org.junit.jupiter.engine.extension.TimeoutExtension.interceptTestableMethod(TimeoutExtension.java:147)
	at org.junit.jupiter.engine.extension.TimeoutExtension.interceptTestMethod(TimeoutExtension.java:86)
	at org.junit.jupiter.engine.execution.InterceptingExecutableInvoker$ReflectiveInterceptorCall.lambda$ofVoidMethod$0(InterceptingExecutableInvoker.java:103)
	at org.junit.jupiter.engine.execution.InterceptingExecutableInvoker.lambda$invoke$0(InterceptingExecutableInvoker.java:93)
	at org.junit.jupiter.engine.execution.InvocationInterceptorChain$InterceptedInvocation.proceed(InvocationInterceptorChain.java:106)
	at org.junit.jupiter.engine.execution.InvocationInterceptorChain.proceed(InvocationInterceptorChain.java:64)
	at org.junit.jupiter.engine.execution.InvocationInterceptorChain.chainAndInvoke(InvocationInterceptorChain.java:45)
	at org.junit.jupiter.engine.execution.InvocationInterceptorChain.invoke(InvocationInterceptorChain.java:37)
	at org.junit.jupiter.engine.execution.InterceptingExecutableInvoker.invoke(InterceptingExecutableInvoker.java:92)
	at org.junit.jupiter.engine.execution.InterceptingExecutableInvoker.invoke(InterceptingExecutableInvoker.java:86)
	at org.junit.jupiter.engine.descriptor.TestMethodTestDescriptor.lambda$invokeTestMethod$7(TestMethodTestDescriptor.java:218)
	at org.junit.platform.engine.support.hierarchical.ThrowableCollector.execute(ThrowableCollector.java:73)
	at org.junit.jupiter.engine.descriptor.TestMethodTestDescriptor.invokeTestMethod(TestMethodTestDescriptor.java:214)
	at org.junit.jupiter.engine.descriptor.TestMethodTestDescriptor.execute(TestMethodTestDescriptor.java:139)
	at org.junit.jupiter.engine.descriptor.TestMethodTestDescriptor.execute(TestMethodTestDescriptor.java:69)
	at org.junit.platform.engine.support.hierarchical.NodeTestTask.lambda$executeRecursively$6(NodeTestTask.java:151)
	at org.junit.platform.engine.support.hierarchical.ThrowableCollector.execute(ThrowableCollector.java:73)
	at org.junit.platform.engine.support.hierarchical.NodeTestTask.lambda$executeRecursively$8(NodeTestTask.java:141)
	at org.junit.platform.engine.support.hierarchical.Node.around(Node.java:137)
	at org.junit.platform.engine.support.hierarchical.NodeTestTask.lambda$executeRecursively$9(NodeTestTask.java:139)
	at org.junit.platform.engine.support.hierarchical.ThrowableCollector.execute(ThrowableCollector.java:73)
	at org.junit.platform.engine.support.hierarchical.NodeTestTask.executeRecursively(NodeTestTask.java:138)
	at org.junit.platform.engine.support.hierarchical.NodeTestTask.execute(NodeTestTask.java:95)
	at java.base/java.util.ArrayList.forEach(ArrayList.java:1596)
	at org.junit.platform.engine.support.hierarchical.SameThreadHierarchicalTestExecutorService.invokeAll(SameThreadHierarchicalTestExecutorService.java:41)
	at org.junit.platform.engine.support.hierarchical.NodeTestTask.lambda$executeRecursively$6(NodeTestTask.java:155)
	at org.junit.platform.engine.support.hierarchical.ThrowableCollector.execute(ThrowableCollector.java:73)
	at org.junit.platform.engine.support.hierarchical.NodeTestTask.lambda$executeRecursively$8(NodeTestTask.java:141)
	at org.junit.platform.engine.support.hierarchical.Node.around(Node.java:137)
	at org.junit.platform.engine.support.hierarchical.NodeTestTask.lambda$executeRecursively$9(NodeTestTask.java:139)
	at org.junit.platform.engine.support.hierarchical.ThrowableCollector.execute(ThrowableCollector.java:73)
	at org.junit.platform.engine.support.hierarchical.NodeTestTask.executeRecursively(NodeTestTask.java:138)
	at org.junit.platform.engine.support.hierarchical.NodeTestTask.execute(NodeTestTask.java:95)
	at java.base/java.util.ArrayList.forEach(ArrayList.java:1596)
	at org.junit.platform.engine.support.hierarchical.SameThreadHierarchicalTestExecutorService.invokeAll(SameThreadHierarchicalTestExecutorService.java:41)
	at org.junit.platform.engine.support.hierarchical.NodeTestTask.lambda$executeRecursively$6(NodeTestTask.java:155)
	at org.junit.platform.engine.support.hierarchical.ThrowableCollector.execute(ThrowableCollector.java:73)
	at org.junit.platform.engine.support.hierarchical.NodeTestTask.lambda$executeRecursively$8(NodeTestTask.java:141)
	at org.junit.platform.engine.support.hierarchical.Node.around(Node.java:137)
	at org.junit.platform.engine.support.hierarchical.NodeTestTask.lambda$executeRecursively$9(NodeTestTask.java:139)
	at org.junit.platform.engine.support.hierarchical.ThrowableCollector.execute(ThrowableCollector.java:73)
	at org.junit.platform.engine.support.hierarchical.NodeTestTask.executeRecursively(NodeTestTask.java:138)
	at org.junit.platform.engine.support.hierarchical.NodeTestTask.execute(NodeTestTask.java:95)
	at org.junit.platform.engine.support.hierarchical.SameThreadHierarchicalTestExecutorService.submit(SameThreadHierarchicalTestExecutorService.java:35)
	at org.junit.platform.engine.support.hierarchical.HierarchicalTestExecutor.execute(HierarchicalTestExecutor.java:57)
	at org.junit.platform.engine.support.hierarchical.HierarchicalTestEngine.execute(HierarchicalTestEngine.java:54)
	at org.junit.platform.launcher.core.EngineExecutionOrchestrator.execute(EngineExecutionOrchestrator.java:198)
	at org.junit.platform.launcher.core.EngineExecutionOrchestrator.execute(EngineExecutionOrchestrator.java:169)
	at org.junit.platform.launcher.core.EngineExecutionOrchestrator.execute(EngineExecutionOrchestrator.java:93)
	at org.junit.platform.launcher.core.EngineExecutionOrchestrator.lambda$execute$0(EngineExecutionOrchestrator.java:58)
	at org.junit.platform.launcher.core.EngineExecutionOrchestrator.withInterceptedStreams(EngineExecutionOrchestrator.java:141)
	at org.junit.platform.launcher.core.EngineExecutionOrchestrator.execute(EngineExecutionOrchestrator.java:57)
	at org.junit.platform.launcher.core.DefaultLauncher.execute(DefaultLauncher.java:103)
	at org.junit.platform.launcher.core.DefaultLauncher.execute(DefaultLauncher.java:85)
	at org.junit.platform.launcher.core.DelegatingLauncher.execute(DelegatingLauncher.java:47)
	at org.junit.platform.launcher.core.SessionPerRequestLauncher.execute(SessionPerRequestLauncher.java:63)
	at com.intellij.junit5.JUnit5IdeaTestRunner.startRunnerWithArgs(JUnit5IdeaTestRunner.java:57)
	at com.intellij.rt.junit.IdeaTestRunner$Repeater$1.execute(IdeaTestRunner.java:38)
	at com.intellij.rt.execution.junit.TestsRepeater.repeat(TestsRepeater.java:11)
	at com.intellij.rt.junit.IdeaTestRunner$Repeater.startRunnerWithArgs(IdeaTestRunner.java:35)
	at com.intellij.rt.junit.JUnitStarter.prepareStreamsAndStart(JUnitStarter.java:232)
	at com.intellij.rt.junit.JUnitStarter.main(JUnitStarter.java:55)
2025-03-03 10:28:49 [main] INFO  l.insoft.uztis.tests.utils.TestUtils - Screenshot moved to C:\Users\ingrida.zadorozniene\Desktop\Asm\UZTIS\UZTIS_tests\test-output\screenshots\20250303\102849853_testFillNewVUIApplicationFA().png
2025-03-03 10:31:07 [main] INFO  lt.insoft.uztis.tests.UztisPageTest - Navigated to https://uztisdev.asseco.lt/home
2025-03-03 10:31:07 [main] INFO  l.i.u.t.SubmittedApplicationsPageTest - Starting test:'testFillNewVUIPApplicationFA'
2025-03-03 10:31:08 [main] DEBUG l.i.u.t.SubmittedApplicationsPageTest - User logged in with test credentials.
2025-03-03 10:31:08 [main] DEBUG l.i.u.t.SubmittedApplicationsPageTest - Opened 'Application Processing' menu.
2025-03-03 10:31:08 [main] DEBUG l.i.u.t.SubmittedApplicationsPageTest - Clicked on 'Application Forms' menu.
2025-03-03 10:31:08 [main] DEBUG l.i.u.t.SubmittedApplicationsPageTest - Retrieved last description code text: 'TST-VUI-52'.
2025-03-03 10:31:09 [main] DEBUG l.i.u.t.SubmittedApplicationsPageTest - Clicked on 'Invitation' menu.
2025-03-03 10:31:10 [main] DEBUG l.i.u.t.SubmittedApplicationsPageTest - Selected application section by code: 'TST-VUI-52'.
2025-03-03 10:31:10 [main] DEBUG l.i.u.t.SubmittedApplicationsPageTest - Clicked 'Search' button.
2025-03-03 10:31:10 [main] DEBUG l.i.u.t.SubmittedApplicationsPageTest - Retrieved invitation code: ''.
2025-03-03 10:31:10 [main] DEBUG l.i.u.t.SubmittedApplicationsPageTest - Clicked on 'Submitted Applications' menu.
2025-03-03 10:31:11 [main] DEBUG l.i.u.t.SubmittedApplicationsPageTest - Selected invitation by code: 'TST-VUI-52'.
2025-03-03 10:31:11 [main] DEBUG l.i.u.t.SubmittedApplicationsPageTest - Invitation code inserted.
2025-03-03 10:31:11 [main] DEBUG l.i.u.t.SubmittedApplicationsPageTest - Clicked on 'Action Application' button.
2025-03-03 10:31:12 [main] DEBUG l.i.u.t.SubmittedApplicationsPageTest - Clicked on 'New Application' button.
2025-03-03 10:31:12 [main] DEBUG l.i.u.t.SubmittedApplicationsPageTest - Selected the 'RadioButtonFA' option.
2025-03-03 10:31:12 [main] DEBUG l.i.u.t.SubmittedApplicationsPageTest - Entered phone number: '61298745'.
2025-03-03 10:31:12 [main] DEBUG l.i.u.t.SubmittedApplicationsPageTest - Entered email: 'test@autotest.com'.
2025-03-03 10:31:13 [main] DEBUG l.i.u.t.SubmittedApplicationsPageTest - Clicked on 'Address Component' button.
2025-03-03 10:31:13 [main] INFO  l.i.u.p.SubmittedApplicationsPage - Located the dropdown button.
2025-03-03 10:31:16 [main] INFO  l.i.u.p.SubmittedApplicationsPage - Successfully selected the value: 'Lietuva'
2025-03-03 10:31:16 [main] DEBUG l.i.u.t.SubmittedApplicationsPageTest - Selected country: 'Lietuva'.
2025-03-03 10:31:16 [main] INFO  l.i.u.p.SubmittedApplicationsPage - Located the dropdown search field.
2025-03-03 10:31:16 [main] INFO  l.i.u.p.SubmittedApplicationsPage - Dropdown city is opened.
2025-03-03 10:31:17 [main] INFO  l.i.u.p.SubmittedApplicationsPage - Searched for value: 'Abakų k.
Kretingos rajono sav., Kartenos sen.'
2025-03-03 10:31:17 [main] WARN  l.i.u.p.SubmittedApplicationsPage - Dropdown value 'Abakų k.
Kretingos rajono sav., Kartenos sen.' not found.
2025-03-03 10:31:30 [main] ERROR l.i.u.t.SubmittedApplicationsPageTest - Test 'testFillNewVUIApplicationFA' failed with error: invalid session id: session deleted as the browser has closed the connection
from disconnected: not connected to DevTools
  (Session info: chrome=133.0.6943.142)
Build info: version: '4.27.0', revision: 'd6e718d134'
System info: os.name: 'Windows 11', os.arch: 'amd64', os.version: '10.0', java.version: '21.0.3'
Driver info: org.openqa.selenium.chrome.ChromeDriver
Command: [e6d7170f1f91685484ee62da60d731d7, findElement {value=//mat-label[contains(text(), 'Miestas')]/ancestor::mat-form-field, using=xpath}]
Capabilities {acceptInsecureCerts: false, browserName: chrome, browserVersion: 133.0.6943.142, chrome: {chromedriverVersion: 133.0.6943.141 (2a5d6da0d61..., userDataDir: C:\Users\INGRID~1.ZAD\AppDa...}, fedcm:accounts: true, goog:chromeOptions: {debuggerAddress: localhost:57066}, networkConnectionEnabled: false, pageLoadStrategy: normal, platformName: windows, proxy: Proxy(), se:cdp: ws://localhost:57066/devtoo..., se:cdpVersion: 133.0.6943.142, setWindowRect: true, strictFileInteractability: false, timeouts: {implicit: 0, pageLoad: 300000, script: 30000}, unhandledPromptBehavior: dismiss and notify, webauthn:extension:credBlob: true, webauthn:extension:largeBlob: true, webauthn:extension:minPinLength: true, webauthn:extension:prf: true, webauthn:virtualAuthenticators: true}
Session ID: e6d7170f1f91685484ee62da60d731d7
org.openqa.selenium.NoSuchSessionException: invalid session id: session deleted as the browser has closed the connection
from disconnected: not connected to DevTools
  (Session info: chrome=133.0.6943.142)
Build info: version: '4.27.0', revision: 'd6e718d134'
System info: os.name: 'Windows 11', os.arch: 'amd64', os.version: '10.0', java.version: '21.0.3'
Driver info: org.openqa.selenium.chrome.ChromeDriver
Command: [e6d7170f1f91685484ee62da60d731d7, findElement {value=//mat-label[contains(text(), 'Miestas')]/ancestor::mat-form-field, using=xpath}]
Capabilities {acceptInsecureCerts: false, browserName: chrome, browserVersion: 133.0.6943.142, chrome: {chromedriverVersion: 133.0.6943.141 (2a5d6da0d61..., userDataDir: C:\Users\INGRID~1.ZAD\AppDa...}, fedcm:accounts: true, goog:chromeOptions: {debuggerAddress: localhost:57066}, networkConnectionEnabled: false, pageLoadStrategy: normal, platformName: windows, proxy: Proxy(), se:cdp: ws://localhost:57066/devtoo..., se:cdpVersion: 133.0.6943.142, setWindowRect: true, strictFileInteractability: false, timeouts: {implicit: 0, pageLoad: 300000, script: 30000}, unhandledPromptBehavior: dismiss and notify, webauthn:extension:credBlob: true, webauthn:extension:largeBlob: true, webauthn:extension:minPinLength: true, webauthn:extension:prf: true, webauthn:virtualAuthenticators: true}
Session ID: e6d7170f1f91685484ee62da60d731d7
	at java.base/jdk.internal.reflect.DirectConstructorHandleAccessor.newInstance(DirectConstructorHandleAccessor.java:62)
	at java.base/java.lang.reflect.Constructor.newInstanceWithCaller(Constructor.java:502)
	at java.base/java.lang.reflect.Constructor.newInstance(Constructor.java:486)
	at org.openqa.selenium.remote.ErrorCodec.decode(ErrorCodec.java:167)
	at org.openqa.selenium.remote.codec.w3c.W3CHttpResponseCodec.decode(W3CHttpResponseCodec.java:138)
	at org.openqa.selenium.remote.codec.w3c.W3CHttpResponseCodec.decode(W3CHttpResponseCodec.java:50)
	at org.openqa.selenium.remote.HttpCommandExecutor.execute(HttpCommandExecutor.java:190)
	at org.openqa.selenium.remote.service.DriverCommandExecutor.invokeExecute(DriverCommandExecutor.java:216)
	at org.openqa.selenium.remote.service.DriverCommandExecutor.execute(DriverCommandExecutor.java:174)
	at org.openqa.selenium.remote.RemoteWebDriver.execute(RemoteWebDriver.java:545)
	at org.openqa.selenium.remote.ElementLocation$ElementFinder$2.findElement(ElementLocation.java:165)
	at org.openqa.selenium.remote.ElementLocation.findElement(ElementLocation.java:59)
	at org.openqa.selenium.remote.RemoteWebDriver.findElement(RemoteWebDriver.java:368)
	at org.openqa.selenium.remote.RemoteWebDriver.findElement(RemoteWebDriver.java:362)
	at org.openqa.selenium.support.pagefactory.DefaultElementLocator.findElement(DefaultElementLocator.java:68)
	at org.openqa.selenium.support.pagefactory.internal.LocatingElementHandler.invoke(LocatingElementHandler.java:38)
	at jdk.proxy2/jdk.proxy2.$Proxy14.getAttribute(Unknown Source)
	at org.openqa.selenium.support.ui.ExpectedConditions$39.apply(ExpectedConditions.java:1094)
	at org.openqa.selenium.support.ui.ExpectedConditions$39.apply(ExpectedConditions.java:1089)
	at org.openqa.selenium.support.ui.FluentWait.until(FluentWait.java:203)
	at lt.insoft.uztis.pages.SubmittedApplicationsPage.selectDropdownAddressCity(SubmittedApplicationsPage.java:816)
	at lt.insoft.uztis.tests.SubmittedApplicationsPageTest.testFillNewVUIApplicationFA(SubmittedApplicationsPageTest.java:177)
	at java.base/jdk.internal.reflect.DirectMethodHandleAccessor.invoke(DirectMethodHandleAccessor.java:103)
	at java.base/java.lang.reflect.Method.invoke(Method.java:580)
	at org.junit.platform.commons.util.ReflectionUtils.invokeMethod(ReflectionUtils.java:728)
	at org.junit.jupiter.engine.execution.MethodInvocation.proceed(MethodInvocation.java:60)
	at org.junit.jupiter.engine.execution.InvocationInterceptorChain$ValidatingInvocation.proceed(InvocationInterceptorChain.java:131)
	at org.junit.jupiter.engine.extension.TimeoutExtension.intercept(TimeoutExtension.java:156)
	at org.junit.jupiter.engine.extension.TimeoutExtension.interceptTestableMethod(TimeoutExtension.java:147)
	at org.junit.jupiter.engine.extension.TimeoutExtension.interceptTestMethod(TimeoutExtension.java:86)
	at org.junit.jupiter.engine.execution.InterceptingExecutableInvoker$ReflectiveInterceptorCall.lambda$ofVoidMethod$0(InterceptingExecutableInvoker.java:103)
	at org.junit.jupiter.engine.execution.InterceptingExecutableInvoker.lambda$invoke$0(InterceptingExecutableInvoker.java:93)
	at org.junit.jupiter.engine.execution.InvocationInterceptorChain$InterceptedInvocation.proceed(InvocationInterceptorChain.java:106)
	at org.junit.jupiter.engine.execution.InvocationInterceptorChain.proceed(InvocationInterceptorChain.java:64)
	at org.junit.jupiter.engine.execution.InvocationInterceptorChain.chainAndInvoke(InvocationInterceptorChain.java:45)
	at org.junit.jupiter.engine.execution.InvocationInterceptorChain.invoke(InvocationInterceptorChain.java:37)
	at org.junit.jupiter.engine.execution.InterceptingExecutableInvoker.invoke(InterceptingExecutableInvoker.java:92)
	at org.junit.jupiter.engine.execution.InterceptingExecutableInvoker.invoke(InterceptingExecutableInvoker.java:86)
	at org.junit.jupiter.engine.descriptor.TestMethodTestDescriptor.lambda$invokeTestMethod$7(TestMethodTestDescriptor.java:218)
	at org.junit.platform.engine.support.hierarchical.ThrowableCollector.execute(ThrowableCollector.java:73)
	at org.junit.jupiter.engine.descriptor.TestMethodTestDescriptor.invokeTestMethod(TestMethodTestDescriptor.java:214)
	at org.junit.jupiter.engine.descriptor.TestMethodTestDescriptor.execute(TestMethodTestDescriptor.java:139)
	at org.junit.jupiter.engine.descriptor.TestMethodTestDescriptor.execute(TestMethodTestDescriptor.java:69)
	at org.junit.platform.engine.support.hierarchical.NodeTestTask.lambda$executeRecursively$6(NodeTestTask.java:151)
	at org.junit.platform.engine.support.hierarchical.ThrowableCollector.execute(ThrowableCollector.java:73)
	at org.junit.platform.engine.support.hierarchical.NodeTestTask.lambda$executeRecursively$8(NodeTestTask.java:141)
	at org.junit.platform.engine.support.hierarchical.Node.around(Node.java:137)
	at org.junit.platform.engine.support.hierarchical.NodeTestTask.lambda$executeRecursively$9(NodeTestTask.java:139)
	at org.junit.platform.engine.support.hierarchical.ThrowableCollector.execute(ThrowableCollector.java:73)
	at org.junit.platform.engine.support.hierarchical.NodeTestTask.executeRecursively(NodeTestTask.java:138)
	at org.junit.platform.engine.support.hierarchical.NodeTestTask.execute(NodeTestTask.java:95)
	at java.base/java.util.ArrayList.forEach(ArrayList.java:1596)
	at org.junit.platform.engine.support.hierarchical.SameThreadHierarchicalTestExecutorService.invokeAll(SameThreadHierarchicalTestExecutorService.java:41)
	at org.junit.platform.engine.support.hierarchical.NodeTestTask.lambda$executeRecursively$6(NodeTestTask.java:155)
	at org.junit.platform.engine.support.hierarchical.ThrowableCollector.execute(ThrowableCollector.java:73)
	at org.junit.platform.engine.support.hierarchical.NodeTestTask.lambda$executeRecursively$8(NodeTestTask.java:141)
	at org.junit.platform.engine.support.hierarchical.Node.around(Node.java:137)
	at org.junit.platform.engine.support.hierarchical.NodeTestTask.lambda$executeRecursively$9(NodeTestTask.java:139)
	at org.junit.platform.engine.support.hierarchical.ThrowableCollector.execute(ThrowableCollector.java:73)
	at org.junit.platform.engine.support.hierarchical.NodeTestTask.executeRecursively(NodeTestTask.java:138)
	at org.junit.platform.engine.support.hierarchical.NodeTestTask.execute(NodeTestTask.java:95)
	at java.base/java.util.ArrayList.forEach(ArrayList.java:1596)
	at org.junit.platform.engine.support.hierarchical.SameThreadHierarchicalTestExecutorService.invokeAll(SameThreadHierarchicalTestExecutorService.java:41)
	at org.junit.platform.engine.support.hierarchical.NodeTestTask.lambda$executeRecursively$6(NodeTestTask.java:155)
	at org.junit.platform.engine.support.hierarchical.ThrowableCollector.execute(ThrowableCollector.java:73)
	at org.junit.platform.engine.support.hierarchical.NodeTestTask.lambda$executeRecursively$8(NodeTestTask.java:141)
	at org.junit.platform.engine.support.hierarchical.Node.around(Node.java:137)
	at org.junit.platform.engine.support.hierarchical.NodeTestTask.lambda$executeRecursively$9(NodeTestTask.java:139)
	at org.junit.platform.engine.support.hierarchical.ThrowableCollector.execute(ThrowableCollector.java:73)
	at org.junit.platform.engine.support.hierarchical.NodeTestTask.executeRecursively(NodeTestTask.java:138)
	at org.junit.platform.engine.support.hierarchical.NodeTestTask.execute(NodeTestTask.java:95)
	at org.junit.platform.engine.support.hierarchical.SameThreadHierarchicalTestExecutorService.submit(SameThreadHierarchicalTestExecutorService.java:35)
	at org.junit.platform.engine.support.hierarchical.HierarchicalTestExecutor.execute(HierarchicalTestExecutor.java:57)
	at org.junit.platform.engine.support.hierarchical.HierarchicalTestEngine.execute(HierarchicalTestEngine.java:54)
	at org.junit.platform.launcher.core.EngineExecutionOrchestrator.execute(EngineExecutionOrchestrator.java:198)
	at org.junit.platform.launcher.core.EngineExecutionOrchestrator.execute(EngineExecutionOrchestrator.java:169)
	at org.junit.platform.launcher.core.EngineExecutionOrchestrator.execute(EngineExecutionOrchestrator.java:93)
	at org.junit.platform.launcher.core.EngineExecutionOrchestrator.lambda$execute$0(EngineExecutionOrchestrator.java:58)
	at org.junit.platform.launcher.core.EngineExecutionOrchestrator.withInterceptedStreams(EngineExecutionOrchestrator.java:141)
	at org.junit.platform.launcher.core.EngineExecutionOrchestrator.execute(EngineExecutionOrchestrator.java:57)
	at org.junit.platform.launcher.core.DefaultLauncher.execute(DefaultLauncher.java:103)
	at org.junit.platform.launcher.core.DefaultLauncher.execute(DefaultLauncher.java:85)
	at org.junit.platform.launcher.core.DelegatingLauncher.execute(DelegatingLauncher.java:47)
	at org.junit.platform.launcher.core.SessionPerRequestLauncher.execute(SessionPerRequestLauncher.java:63)
	at com.intellij.junit5.JUnit5IdeaTestRunner.startRunnerWithArgs(JUnit5IdeaTestRunner.java:57)
	at com.intellij.rt.junit.IdeaTestRunner$Repeater$1.execute(IdeaTestRunner.java:38)
	at com.intellij.rt.execution.junit.TestsRepeater.repeat(TestsRepeater.java:11)
	at com.intellij.rt.junit.IdeaTestRunner$Repeater.startRunnerWithArgs(IdeaTestRunner.java:35)
	at com.intellij.rt.junit.JUnitStarter.prepareStreamsAndStart(JUnitStarter.java:232)
	at com.intellij.rt.junit.JUnitStarter.main(JUnitStarter.java:55)
2025-03-03 10:38:50 [main] INFO  lt.insoft.uztis.tests.UztisPageTest - Navigated to https://uztisdev.asseco.lt/home
2025-03-03 10:38:50 [main] INFO  l.i.u.t.SubmittedApplicationsPageTest - Starting test:'testFillNewVUIPApplicationFA'
2025-03-03 10:38:50 [main] DEBUG l.i.u.t.SubmittedApplicationsPageTest - User logged in with test credentials.
2025-03-03 10:38:50 [main] DEBUG l.i.u.t.SubmittedApplicationsPageTest - Opened 'Application Processing' menu.
2025-03-03 10:38:51 [main] DEBUG l.i.u.t.SubmittedApplicationsPageTest - Clicked on 'Application Forms' menu.
2025-03-03 10:38:51 [main] DEBUG l.i.u.t.SubmittedApplicationsPageTest - Retrieved last description code text: 'TST-VUI-52'.
2025-03-03 10:38:51 [main] DEBUG l.i.u.t.SubmittedApplicationsPageTest - Clicked on 'Invitation' menu.
2025-03-03 10:38:52 [main] DEBUG l.i.u.t.SubmittedApplicationsPageTest - Selected application section by code: 'TST-VUI-52'.
2025-03-03 10:38:52 [main] DEBUG l.i.u.t.SubmittedApplicationsPageTest - Clicked 'Search' button.
2025-03-03 10:38:52 [main] DEBUG l.i.u.t.SubmittedApplicationsPageTest - Retrieved invitation code: ''.
2025-03-03 10:38:52 [main] DEBUG l.i.u.t.SubmittedApplicationsPageTest - Clicked on 'Submitted Applications' menu.
2025-03-03 10:38:54 [main] DEBUG l.i.u.t.SubmittedApplicationsPageTest - Selected invitation by code: 'TST-VUI-52'.
2025-03-03 10:38:54 [main] DEBUG l.i.u.t.SubmittedApplicationsPageTest - Invitation code inserted.
2025-03-03 10:38:54 [main] DEBUG l.i.u.t.SubmittedApplicationsPageTest - Clicked on 'Action Application' button.
2025-03-03 10:38:54 [main] DEBUG l.i.u.t.SubmittedApplicationsPageTest - Clicked on 'New Application' button.
2025-03-03 10:38:54 [main] DEBUG l.i.u.t.SubmittedApplicationsPageTest - Selected the 'RadioButtonFA' option.
2025-03-03 10:38:55 [main] DEBUG l.i.u.t.SubmittedApplicationsPageTest - Entered phone number: '61298745'.
2025-03-03 10:38:55 [main] DEBUG l.i.u.t.SubmittedApplicationsPageTest - Entered email: 'test@autotest.com'.
2025-03-03 10:38:55 [main] DEBUG l.i.u.t.SubmittedApplicationsPageTest - Clicked on 'Address Component' button.
2025-03-03 10:38:55 [main] INFO  l.i.u.p.SubmittedApplicationsPage - Located the dropdown button.
2025-03-03 10:38:59 [main] INFO  l.i.u.p.SubmittedApplicationsPage - Successfully selected the value: 'Lietuva'
2025-03-03 10:38:59 [main] DEBUG l.i.u.t.SubmittedApplicationsPageTest - Selected country: 'Lietuva'.
2025-03-03 10:38:59 [main] INFO  l.i.u.p.SubmittedApplicationsPage - Located the dropdown search field.
2025-03-03 10:38:59 [main] INFO  l.i.u.p.SubmittedApplicationsPage - Dropdown city is opened.
2025-03-03 10:39:00 [main] INFO  l.i.u.p.SubmittedApplicationsPage - Searched for value: 'Vilnius'
2025-03-03 10:39:00 [main] ERROR l.i.u.p.SubmittedApplicationsPage - Failed to select dropdown option: stale element reference: stale element not found in the current frame
  (Session info: chrome=133.0.6943.142)
For documentation on this error, please visit: https://www.selenium.dev/documentation/webdriver/troubleshooting/errors#stale-element-reference-exception
Build info: version: '4.27.0', revision: 'd6e718d134'
System info: os.name: 'Windows 11', os.arch: 'amd64', os.version: '10.0', java.version: '21.0.3'
Driver info: org.openqa.selenium.chrome.ChromeDriver
Command: [a993fa4471b82ecb17f53057bd4800a9, isElementDisplayed {id=f.ED29F82F56D71B205F0A4044377EC955.d.4014E78ABEF5D9B3ABF397363BDBC13B.e.546}]
Capabilities {acceptInsecureCerts: false, browserName: chrome, browserVersion: 133.0.6943.142, chrome: {chromedriverVersion: 133.0.6943.141 (2a5d6da0d61..., userDataDir: C:\Users\INGRID~1.ZAD\AppDa...}, fedcm:accounts: true, goog:chromeOptions: {debuggerAddress: localhost:57412}, networkConnectionEnabled: false, pageLoadStrategy: normal, platformName: windows, proxy: Proxy(), se:cdp: ws://localhost:57412/devtoo..., se:cdpVersion: 133.0.6943.142, setWindowRect: true, strictFileInteractability: false, timeouts: {implicit: 0, pageLoad: 300000, script: 30000}, unhandledPromptBehavior: dismiss and notify, webauthn:extension:credBlob: true, webauthn:extension:largeBlob: true, webauthn:extension:minPinLength: true, webauthn:extension:prf: true, webauthn:virtualAuthenticators: true}
Element: [[ChromeDriver: chrome on windows (a993fa4471b82ecb17f53057bd4800a9)] -> xpath: //mat-option/span]
Session ID: a993fa4471b82ecb17f53057bd4800a9
2025-03-03 10:39:30 [main] ERROR l.i.u.p.SubmittedApplicationsPage - Timeout while waiting for dropdown to close with aria-expanded = 'false'.
2025-03-03 10:39:30 [main] DEBUG l.i.u.t.SubmittedApplicationsPageTest - Selected city: 'Vilnius'.
2025-03-03 10:39:30 [main] INFO  l.i.u.p.SubmittedApplicationsPage - Located the dropdown button.
2025-03-03 10:41:09 [main] INFO  lt.insoft.uztis.tests.UztisPageTest - Navigated to https://uztisdev.asseco.lt/home
2025-03-03 10:41:09 [main] INFO  l.i.u.t.SubmittedApplicationsPageTest - Starting test:'testFillNewVUIPApplicationFA'
2025-03-03 10:41:09 [main] DEBUG l.i.u.t.SubmittedApplicationsPageTest - User logged in with test credentials.
2025-03-03 10:41:10 [main] DEBUG l.i.u.t.SubmittedApplicationsPageTest - Opened 'Application Processing' menu.
2025-03-03 10:41:10 [main] DEBUG l.i.u.t.SubmittedApplicationsPageTest - Clicked on 'Application Forms' menu.
2025-03-03 10:41:11 [main] DEBUG l.i.u.t.SubmittedApplicationsPageTest - Retrieved last description code text: 'TST-VUI-52'.
2025-03-03 10:41:11 [main] DEBUG l.i.u.t.SubmittedApplicationsPageTest - Clicked on 'Invitation' menu.
2025-03-03 10:41:12 [main] DEBUG l.i.u.t.SubmittedApplicationsPageTest - Selected application section by code: 'TST-VUI-52'.
2025-03-03 10:41:12 [main] DEBUG l.i.u.t.SubmittedApplicationsPageTest - Clicked 'Search' button.
2025-03-03 10:41:12 [main] DEBUG l.i.u.t.SubmittedApplicationsPageTest - Retrieved invitation code: ''.
2025-03-03 10:41:12 [main] DEBUG l.i.u.t.SubmittedApplicationsPageTest - Clicked on 'Submitted Applications' menu.
2025-03-03 10:41:13 [main] DEBUG l.i.u.t.SubmittedApplicationsPageTest - Selected invitation by code: 'TST-VUI-52'.
2025-03-03 10:41:13 [main] DEBUG l.i.u.t.SubmittedApplicationsPageTest - Invitation code inserted.
2025-03-03 10:41:14 [main] DEBUG l.i.u.t.SubmittedApplicationsPageTest - Clicked on 'Action Application' button.
2025-03-03 10:41:14 [main] DEBUG l.i.u.t.SubmittedApplicationsPageTest - Clicked on 'New Application' button.
2025-03-03 10:41:14 [main] DEBUG l.i.u.t.SubmittedApplicationsPageTest - Selected the 'RadioButtonFA' option.
2025-03-03 10:41:14 [main] DEBUG l.i.u.t.SubmittedApplicationsPageTest - Entered phone number: '61298745'.
2025-03-03 10:41:15 [main] DEBUG l.i.u.t.SubmittedApplicationsPageTest - Entered email: 'test@autotest.com'.
2025-03-03 10:41:15 [main] DEBUG l.i.u.t.SubmittedApplicationsPageTest - Clicked on 'Address Component' button.
2025-03-03 10:41:15 [main] INFO  l.i.u.p.SubmittedApplicationsPage - Located the dropdown button.
2025-03-03 10:41:19 [main] INFO  l.i.u.p.SubmittedApplicationsPage - Successfully selected the value: 'Lietuva'
2025-03-03 10:41:19 [main] DEBUG l.i.u.t.SubmittedApplicationsPageTest - Selected country: 'Lietuva'.
2025-03-03 10:41:19 [main] INFO  l.i.u.p.SubmittedApplicationsPage - Located the dropdown search field.
2025-03-03 10:41:19 [main] INFO  l.i.u.p.SubmittedApplicationsPage - Dropdown city is opened.
2025-03-03 10:41:19 [main] INFO  l.i.u.p.SubmittedApplicationsPage - Searched for value: 'viln'
2025-03-03 10:41:20 [main] ERROR l.i.u.p.SubmittedApplicationsPage - Failed to select dropdown option: stale element reference: stale element not found in the current frame
  (Session info: chrome=133.0.6943.142)
For documentation on this error, please visit: https://www.selenium.dev/documentation/webdriver/troubleshooting/errors#stale-element-reference-exception
Build info: version: '4.27.0', revision: 'd6e718d134'
System info: os.name: 'Windows 11', os.arch: 'amd64', os.version: '10.0', java.version: '21.0.3'
Driver info: org.openqa.selenium.chrome.ChromeDriver
Command: [620f56c0131c91f4ad3c4877b0baaf8a, getElementText {id=f.DCC5FF15930BFA1343765B0FA27CEC30.d.168F615C5CC54E2502BEA9D4FBF46D6C.e.545}]
Capabilities {acceptInsecureCerts: false, browserName: chrome, browserVersion: 133.0.6943.142, chrome: {chromedriverVersion: 133.0.6943.141 (2a5d6da0d61..., userDataDir: C:\Users\INGRID~1.ZAD\AppDa...}, fedcm:accounts: true, goog:chromeOptions: {debuggerAddress: localhost:57505}, networkConnectionEnabled: false, pageLoadStrategy: normal, platformName: windows, proxy: Proxy(), se:cdp: ws://localhost:57505/devtoo..., se:cdpVersion: 133.0.6943.142, setWindowRect: true, strictFileInteractability: false, timeouts: {implicit: 0, pageLoad: 300000, script: 30000}, unhandledPromptBehavior: dismiss and notify, webauthn:extension:credBlob: true, webauthn:extension:largeBlob: true, webauthn:extension:minPinLength: true, webauthn:extension:prf: true, webauthn:virtualAuthenticators: true}
Element: [[ChromeDriver: chrome on windows (620f56c0131c91f4ad3c4877b0baaf8a)] -> xpath: //mat-option/span]
Session ID: 620f56c0131c91f4ad3c4877b0baaf8a
2025-03-03 10:44:53 [main] INFO  lt.insoft.uztis.tests.UztisPageTest - Navigated to https://uztisdev.asseco.lt/home
2025-03-03 10:44:53 [main] INFO  l.i.u.t.SubmittedApplicationsPageTest - Starting test:'testFillNewVUIPApplicationFA'
2025-03-03 10:44:54 [main] DEBUG l.i.u.t.SubmittedApplicationsPageTest - User logged in with test credentials.
2025-03-03 10:44:54 [main] DEBUG l.i.u.t.SubmittedApplicationsPageTest - Opened 'Application Processing' menu.
2025-03-03 10:44:54 [main] DEBUG l.i.u.t.SubmittedApplicationsPageTest - Clicked on 'Application Forms' menu.
2025-03-03 10:44:55 [main] DEBUG l.i.u.t.SubmittedApplicationsPageTest - Retrieved last description code text: 'TST-VUI-52'.
2025-03-03 10:44:55 [main] DEBUG l.i.u.t.SubmittedApplicationsPageTest - Clicked on 'Invitation' menu.
2025-03-03 10:44:56 [main] DEBUG l.i.u.t.SubmittedApplicationsPageTest - Selected application section by code: 'TST-VUI-52'.
2025-03-03 10:44:56 [main] DEBUG l.i.u.t.SubmittedApplicationsPageTest - Clicked 'Search' button.
2025-03-03 10:44:56 [main] DEBUG l.i.u.t.SubmittedApplicationsPageTest - Retrieved invitation code: ''.
2025-03-03 10:44:56 [main] DEBUG l.i.u.t.SubmittedApplicationsPageTest - Clicked on 'Submitted Applications' menu.
2025-03-03 10:44:57 [main] DEBUG l.i.u.t.SubmittedApplicationsPageTest - Selected invitation by code: 'TST-VUI-52'.
2025-03-03 10:44:57 [main] DEBUG l.i.u.t.SubmittedApplicationsPageTest - Invitation code inserted.
2025-03-03 10:44:58 [main] DEBUG l.i.u.t.SubmittedApplicationsPageTest - Clicked on 'Action Application' button.
2025-03-03 10:44:58 [main] DEBUG l.i.u.t.SubmittedApplicationsPageTest - Clicked on 'New Application' button.
2025-03-03 10:44:58 [main] DEBUG l.i.u.t.SubmittedApplicationsPageTest - Selected the 'RadioButtonFA' option.
2025-03-03 10:44:58 [main] DEBUG l.i.u.t.SubmittedApplicationsPageTest - Entered phone number: '61298745'.
2025-03-03 10:44:59 [main] DEBUG l.i.u.t.SubmittedApplicationsPageTest - Entered email: 'test@autotest.com'.
2025-03-03 10:44:59 [main] DEBUG l.i.u.t.SubmittedApplicationsPageTest - Clicked on 'Address Component' button.
2025-03-03 10:44:59 [main] INFO  l.i.u.p.SubmittedApplicationsPage - Located the dropdown button.
2025-03-03 10:45:02 [main] INFO  l.i.u.p.SubmittedApplicationsPage - Successfully selected the value: 'Lietuva'
2025-03-03 10:45:02 [main] DEBUG l.i.u.t.SubmittedApplicationsPageTest - Selected country: 'Lietuva'.
2025-03-03 10:45:02 [main] INFO  l.i.u.p.SubmittedApplicationsPage - Located the dropdown search field.
2025-03-03 10:45:02 [main] INFO  l.i.u.p.SubmittedApplicationsPage - Dropdown city is opened.
2025-03-03 10:45:03 [main] INFO  l.i.u.p.SubmittedApplicationsPage - Searched for value: 'viln'
2025-03-03 10:45:03 [main] ERROR l.i.u.p.SubmittedApplicationsPage - Failed to select dropdown option: stale element reference: stale element not found in the current frame
  (Session info: chrome=133.0.6943.142)
For documentation on this error, please visit: https://www.selenium.dev/documentation/webdriver/troubleshooting/errors#stale-element-reference-exception
Build info: version: '4.27.0', revision: 'd6e718d134'
System info: os.name: 'Windows 11', os.arch: 'amd64', os.version: '10.0', java.version: '21.0.3'
Driver info: org.openqa.selenium.chrome.ChromeDriver
Command: [29eab67030199a3ce733af4e5d5ef12a, isElementDisplayed {id=f.EA84A8F51911748EC6129C03378BE13D.d.48B1C91FD2A21BE068DE845E77B2BE1A.e.557}]
Capabilities {acceptInsecureCerts: false, browserName: chrome, browserVersion: 133.0.6943.142, chrome: {chromedriverVersion: 133.0.6943.141 (2a5d6da0d61..., userDataDir: C:\Users\INGRID~1.ZAD\AppDa...}, fedcm:accounts: true, goog:chromeOptions: {debuggerAddress: localhost:57645}, networkConnectionEnabled: false, pageLoadStrategy: normal, platformName: windows, proxy: Proxy(), se:cdp: ws://localhost:57645/devtoo..., se:cdpVersion: 133.0.6943.142, setWindowRect: true, strictFileInteractability: false, timeouts: {implicit: 0, pageLoad: 300000, script: 30000}, unhandledPromptBehavior: dismiss and notify, webauthn:extension:credBlob: true, webauthn:extension:largeBlob: true, webauthn:extension:minPinLength: true, webauthn:extension:prf: true, webauthn:virtualAuthenticators: true}
Element: [[ChromeDriver: chrome on windows (29eab67030199a3ce733af4e5d5ef12a)] -> xpath: //mat-option/span]
Session ID: 29eab67030199a3ce733af4e5d5ef12a
2025-03-03 10:47:22 [main] INFO  lt.insoft.uztis.tests.UztisPageTest - Navigated to https://uztisdev.asseco.lt/home
2025-03-03 10:47:23 [main] INFO  l.i.u.t.SubmittedApplicationsPageTest - Starting test:'testFillNewVUIPApplicationFA'
2025-03-03 10:47:23 [main] DEBUG l.i.u.t.SubmittedApplicationsPageTest - User logged in with test credentials.
2025-03-03 10:47:23 [main] DEBUG l.i.u.t.SubmittedApplicationsPageTest - Opened 'Application Processing' menu.
2025-03-03 10:47:23 [main] DEBUG l.i.u.t.SubmittedApplicationsPageTest - Clicked on 'Application Forms' menu.
2025-03-03 10:47:24 [main] DEBUG l.i.u.t.SubmittedApplicationsPageTest - Retrieved last description code text: 'TST-VUI-52'.
2025-03-03 10:47:24 [main] DEBUG l.i.u.t.SubmittedApplicationsPageTest - Clicked on 'Invitation' menu.
2025-03-03 10:47:25 [main] DEBUG l.i.u.t.SubmittedApplicationsPageTest - Selected application section by code: 'TST-VUI-52'.
2025-03-03 10:47:25 [main] DEBUG l.i.u.t.SubmittedApplicationsPageTest - Clicked 'Search' button.
2025-03-03 10:47:25 [main] DEBUG l.i.u.t.SubmittedApplicationsPageTest - Retrieved invitation code: ''.
2025-03-03 10:47:25 [main] DEBUG l.i.u.t.SubmittedApplicationsPageTest - Clicked on 'Submitted Applications' menu.
2025-03-03 10:47:26 [main] DEBUG l.i.u.t.SubmittedApplicationsPageTest - Selected invitation by code: 'TST-VUI-52'.
2025-03-03 10:47:26 [main] DEBUG l.i.u.t.SubmittedApplicationsPageTest - Invitation code inserted.
2025-03-03 10:47:27 [main] DEBUG l.i.u.t.SubmittedApplicationsPageTest - Clicked on 'Action Application' button.
2025-03-03 10:47:27 [main] DEBUG l.i.u.t.SubmittedApplicationsPageTest - Clicked on 'New Application' button.
2025-03-03 10:47:27 [main] DEBUG l.i.u.t.SubmittedApplicationsPageTest - Selected the 'RadioButtonFA' option.
2025-03-03 10:47:27 [main] DEBUG l.i.u.t.SubmittedApplicationsPageTest - Entered phone number: '61298745'.
2025-03-03 10:47:27 [main] DEBUG l.i.u.t.SubmittedApplicationsPageTest - Entered email: 'test@autotest.com'.
2025-03-03 10:47:28 [main] DEBUG l.i.u.t.SubmittedApplicationsPageTest - Clicked on 'Address Component' button.
2025-03-03 10:47:28 [main] INFO  l.i.u.p.SubmittedApplicationsPage - Located the dropdown button.
2025-03-03 10:47:31 [main] INFO  l.i.u.p.SubmittedApplicationsPage - Successfully selected the value: 'Lietuva'
2025-03-03 10:47:31 [main] DEBUG l.i.u.t.SubmittedApplicationsPageTest - Selected country: 'Lietuva'.
2025-03-03 10:47:31 [main] INFO  l.i.u.p.SubmittedApplicationsPage - Located the dropdown search field.
2025-03-03 10:47:32 [main] INFO  l.i.u.p.SubmittedApplicationsPage - Dropdown city is opened.
2025-03-03 10:47:32 [main] INFO  l.i.u.p.SubmittedApplicationsPage - Searched for value: 'viln'
2025-03-03 10:47:32 [main] ERROR l.i.u.p.SubmittedApplicationsPage - Failed to select dropdown option: stale element reference: stale element not found in the current frame
  (Session info: chrome=133.0.6943.142)
For documentation on this error, please visit: https://www.selenium.dev/documentation/webdriver/troubleshooting/errors#stale-element-reference-exception
Build info: version: '4.27.0', revision: 'd6e718d134'
System info: os.name: 'Windows 11', os.arch: 'amd64', os.version: '10.0', java.version: '21.0.3'
Driver info: org.openqa.selenium.chrome.ChromeDriver
Command: [a66cac13376afc4ec23bbfac2c0c085c, isElementDisplayed {id=f.0D6B8AF56BA7418C4090C1006EA09EBD.d.F097146254FC441C031CFDF1F3C2DE33.e.556}]
Capabilities {acceptInsecureCerts: false, browserName: chrome, browserVersion: 133.0.6943.142, chrome: {chromedriverVersion: 133.0.6943.141 (2a5d6da0d61..., userDataDir: C:\Users\INGRID~1.ZAD\AppDa...}, fedcm:accounts: true, goog:chromeOptions: {debuggerAddress: localhost:57755}, networkConnectionEnabled: false, pageLoadStrategy: normal, platformName: windows, proxy: Proxy(), se:cdp: ws://localhost:57755/devtoo..., se:cdpVersion: 133.0.6943.142, setWindowRect: true, strictFileInteractability: false, timeouts: {implicit: 0, pageLoad: 300000, script: 30000}, unhandledPromptBehavior: dismiss and notify, webauthn:extension:credBlob: true, webauthn:extension:largeBlob: true, webauthn:extension:minPinLength: true, webauthn:extension:prf: true, webauthn:virtualAuthenticators: true}
Element: [[ChromeDriver: chrome on windows (a66cac13376afc4ec23bbfac2c0c085c)] -> xpath: //mat-option/span]
Session ID: a66cac13376afc4ec23bbfac2c0c085c
2025-03-03 10:48:29 [main] INFO  lt.insoft.uztis.tests.UztisPageTest - Navigated to https://uztisdev.asseco.lt/home
2025-03-03 10:48:29 [main] INFO  l.i.u.t.SubmittedApplicationsPageTest - Starting test:'testFillNewVUIPApplicationFA'
2025-03-03 10:48:30 [main] DEBUG l.i.u.t.SubmittedApplicationsPageTest - User logged in with test credentials.
2025-03-03 10:48:30 [main] DEBUG l.i.u.t.SubmittedApplicationsPageTest - Opened 'Application Processing' menu.
2025-03-03 10:48:30 [main] DEBUG l.i.u.t.SubmittedApplicationsPageTest - Clicked on 'Application Forms' menu.
2025-03-03 10:48:30 [main] DEBUG l.i.u.t.SubmittedApplicationsPageTest - Retrieved last description code text: 'TST-VUI-52'.
2025-03-03 10:48:31 [main] DEBUG l.i.u.t.SubmittedApplicationsPageTest - Clicked on 'Invitation' menu.
2025-03-03 10:48:32 [main] DEBUG l.i.u.t.SubmittedApplicationsPageTest - Selected application section by code: 'TST-VUI-52'.
2025-03-03 10:48:32 [main] DEBUG l.i.u.t.SubmittedApplicationsPageTest - Clicked 'Search' button.
2025-03-03 10:48:32 [main] DEBUG l.i.u.t.SubmittedApplicationsPageTest - Retrieved invitation code: ''.
2025-03-03 10:48:32 [main] DEBUG l.i.u.t.SubmittedApplicationsPageTest - Clicked on 'Submitted Applications' menu.
2025-03-03 10:48:33 [main] DEBUG l.i.u.t.SubmittedApplicationsPageTest - Selected invitation by code: 'TST-VUI-52'.
2025-03-03 10:48:33 [main] DEBUG l.i.u.t.SubmittedApplicationsPageTest - Invitation code inserted.
2025-03-03 10:48:33 [main] DEBUG l.i.u.t.SubmittedApplicationsPageTest - Clicked on 'Action Application' button.
2025-03-03 10:48:34 [main] DEBUG l.i.u.t.SubmittedApplicationsPageTest - Clicked on 'New Application' button.
2025-03-03 10:48:34 [main] DEBUG l.i.u.t.SubmittedApplicationsPageTest - Selected the 'RadioButtonFA' option.
2025-03-03 10:48:34 [main] DEBUG l.i.u.t.SubmittedApplicationsPageTest - Entered phone number: '61298745'.
2025-03-03 10:48:34 [main] DEBUG l.i.u.t.SubmittedApplicationsPageTest - Entered email: 'test@autotest.com'.
2025-03-03 10:48:35 [main] DEBUG l.i.u.t.SubmittedApplicationsPageTest - Clicked on 'Address Component' button.
2025-03-03 10:48:35 [main] INFO  l.i.u.p.SubmittedApplicationsPage - Located the dropdown button.
2025-03-03 10:48:38 [main] INFO  l.i.u.p.SubmittedApplicationsPage - Successfully selected the value: 'Lietuva'
2025-03-03 10:48:38 [main] DEBUG l.i.u.t.SubmittedApplicationsPageTest - Selected country: 'Lietuva'.
2025-03-03 10:48:38 [main] INFO  l.i.u.p.SubmittedApplicationsPage - Located the dropdown search field.
2025-03-03 10:48:39 [main] INFO  l.i.u.p.SubmittedApplicationsPage - Dropdown city is opened.
2025-03-03 10:48:39 [main] INFO  l.i.u.p.SubmittedApplicationsPage - Searched for value: 'viln'
2025-03-03 10:48:40 [main] WARN  l.i.u.p.SubmittedApplicationsPage - Dropdown value 'viln' not found.
2025-03-03 10:49:35 [main] INFO  lt.insoft.uztis.tests.UztisPageTest - Navigated to https://uztisdev.asseco.lt/home
2025-03-03 10:49:35 [main] INFO  l.i.u.t.SubmittedApplicationsPageTest - Starting test:'testFillNewVUIPApplicationFA'
2025-03-03 10:49:35 [main] DEBUG l.i.u.t.SubmittedApplicationsPageTest - User logged in with test credentials.
2025-03-03 10:49:36 [main] DEBUG l.i.u.t.SubmittedApplicationsPageTest - Opened 'Application Processing' menu.
2025-03-03 10:49:36 [main] DEBUG l.i.u.t.SubmittedApplicationsPageTest - Clicked on 'Application Forms' menu.
2025-03-03 10:49:37 [main] DEBUG l.i.u.t.SubmittedApplicationsPageTest - Retrieved last description code text: 'TST-VUI-52'.
2025-03-03 10:49:37 [main] DEBUG l.i.u.t.SubmittedApplicationsPageTest - Clicked on 'Invitation' menu.
2025-03-03 10:49:38 [main] DEBUG l.i.u.t.SubmittedApplicationsPageTest - Selected application section by code: 'TST-VUI-52'.
2025-03-03 10:49:38 [main] DEBUG l.i.u.t.SubmittedApplicationsPageTest - Clicked 'Search' button.
2025-03-03 10:49:38 [main] DEBUG l.i.u.t.SubmittedApplicationsPageTest - Retrieved invitation code: ''.
2025-03-03 10:49:38 [main] DEBUG l.i.u.t.SubmittedApplicationsPageTest - Clicked on 'Submitted Applications' menu.
2025-03-03 10:49:40 [main] DEBUG l.i.u.t.SubmittedApplicationsPageTest - Selected invitation by code: 'TST-VUI-52'.
2025-03-03 10:49:40 [main] DEBUG l.i.u.t.SubmittedApplicationsPageTest - Invitation code inserted.
2025-03-03 10:49:40 [main] DEBUG l.i.u.t.SubmittedApplicationsPageTest - Clicked on 'Action Application' button.
2025-03-03 10:49:40 [main] DEBUG l.i.u.t.SubmittedApplicationsPageTest - Clicked on 'New Application' button.
2025-03-03 10:49:41 [main] DEBUG l.i.u.t.SubmittedApplicationsPageTest - Selected the 'RadioButtonFA' option.
2025-03-03 10:49:41 [main] DEBUG l.i.u.t.SubmittedApplicationsPageTest - Entered phone number: '61298745'.
2025-03-03 10:49:41 [main] DEBUG l.i.u.t.SubmittedApplicationsPageTest - Entered email: 'test@autotest.com'.
2025-03-03 10:49:41 [main] DEBUG l.i.u.t.SubmittedApplicationsPageTest - Clicked on 'Address Component' button.
2025-03-03 10:49:41 [main] INFO  l.i.u.p.SubmittedApplicationsPage - Located the dropdown button.
2025-03-03 10:49:45 [main] INFO  l.i.u.p.SubmittedApplicationsPage - Successfully selected the value: 'Lietuva'
2025-03-03 10:49:45 [main] DEBUG l.i.u.t.SubmittedApplicationsPageTest - Selected country: 'Lietuva'.
2025-03-03 10:49:45 [main] INFO  l.i.u.p.SubmittedApplicationsPage - Located the dropdown search field.
2025-03-03 10:49:45 [main] INFO  l.i.u.p.SubmittedApplicationsPage - Dropdown city is opened.
2025-03-03 10:49:46 [main] INFO  l.i.u.p.SubmittedApplicationsPage - Searched for value: 'Vilnius'
2025-03-03 10:49:46 [main] WARN  l.i.u.p.SubmittedApplicationsPage - Dropdown value 'Vilnius' not found.
2025-03-03 10:50:16 [main] ERROR l.i.u.p.SubmittedApplicationsPage - Timeout while waiting for dropdown to close with aria-expanded = 'false'.
2025-03-03 10:50:16 [main] INFO  l.i.u.p.SubmittedApplicationsPage - Located the dropdown search field.
2025-03-03 10:50:17 [main] ERROR l.i.u.p.SubmittedApplicationsPage - Dropdown city click failed: element click intercepted: Element <mat-form-field class="mat-mdc-form-field ng-tns-c508571215-39 mat-mdc-form-field-type-common-select mat-mdc-form-field-has-icon-prefix mat-mdc-form-field-has-icon-suffix mat-form-field-appearance-outline mat-primary ng-untouched ng-pristine ng-invalid ng-star-inserted mat-focused" style="--mat-form-field-notch-max-width: calc(100% - 8px);">...</mat-form-field> is not clickable at point (960, 449). Other element would receive the click: <div class="cdk-overlay-backdrop cdk-overlay-transparent-backdrop cdk-overlay-backdrop-showing"></div>
  (Session info: chrome=133.0.6943.142)
Build info: version: '4.27.0', revision: 'd6e718d134'
System info: os.name: 'Windows 11', os.arch: 'amd64', os.version: '10.0', java.version: '21.0.3'
Driver info: org.openqa.selenium.chrome.ChromeDriver
Command: [2c687268feeb6dec168acfa209fe3ef7, clickElement {id=f.8349AA781681AF14B21FC5682F91D54F.d.CB8D31D11E630988F832C25CEE26DB9B.e.535}]
Capabilities {acceptInsecureCerts: false, browserName: chrome, browserVersion: 133.0.6943.142, chrome: {chromedriverVersion: 133.0.6943.141 (2a5d6da0d61..., userDataDir: C:\Users\INGRID~1.ZAD\AppDa...}, fedcm:accounts: true, goog:chromeOptions: {debuggerAddress: localhost:57864}, networkConnectionEnabled: false, pageLoadStrategy: normal, platformName: windows, proxy: Proxy(), se:cdp: ws://localhost:57864/devtoo..., se:cdpVersion: 133.0.6943.142, setWindowRect: true, strictFileInteractability: false, timeouts: {implicit: 0, pageLoad: 300000, script: 30000}, unhandledPromptBehavior: dismiss and notify, webauthn:extension:credBlob: true, webauthn:extension:largeBlob: true, webauthn:extension:minPinLength: true, webauthn:extension:prf: true, webauthn:virtualAuthenticators: true}
Element: [[ChromeDriver: chrome on windows (2c687268feeb6dec168acfa209fe3ef7)] -> xpath: //mat-label[contains(text(), 'Miestas')]/ancestor::mat-form-field]
Session ID: 2c687268feeb6dec168acfa209fe3ef7
2025-03-03 10:50:18 [main] INFO  l.i.u.p.SubmittedApplicationsPage - Searched for value: 'Vilnius'
2025-03-03 10:50:18 [main] WARN  l.i.u.p.SubmittedApplicationsPage - Dropdown value 'Vilnius' not found.
2025-03-03 10:50:48 [main] ERROR l.i.u.p.SubmittedApplicationsPage - Timeout while waiting for dropdown to close with aria-expanded = 'false'.
2025-03-03 10:50:48 [main] DEBUG l.i.u.t.SubmittedApplicationsPageTest - Selected city: 'Vilnius'.
2025-03-03 10:50:48 [main] INFO  l.i.u.p.SubmittedApplicationsPage - Located the dropdown button.
2025-03-03 10:50:49 [main] ERROR l.i.u.p.SubmittedApplicationsPage - Dropdown button click failed: element click intercepted: Element <mat-select role="combobox" aria-haspopup="listbox" class="mat-mdc-select primary-control ng-tns-c1073613477-42 mat-mdc-select-required mat-mdc-select-empty ng-untouched ng-pristine ng-invalid ng-star-inserted" aria-labelledby="mat-select-value-10" id="mat-select-10" tabindex="0" aria-expanded="false" aria-required="true" aria-disabled="false" aria-invalid="false" required="">...</mat-select> is not clickable at point (682, 514). Other element would receive the click: <mat-option role="option" class="mat-mdc-option mdc-list-item ng-star-inserted mat-mdc-option-active ng-tns-c1073613477-40" id="mat-option-1275" aria-selected="false" aria-disabled="false" style="">...</mat-option>
  (Session info: chrome=133.0.6943.142)
Build info: version: '4.27.0', revision: 'd6e718d134'
System info: os.name: 'Windows 11', os.arch: 'amd64', os.version: '10.0', java.version: '21.0.3'
Driver info: org.openqa.selenium.chrome.ChromeDriver
Command: [2c687268feeb6dec168acfa209fe3ef7, clickElement {id=f.8349AA781681AF14B21FC5682F91D54F.d.CB8D31D11E630988F832C25CEE26DB9B.e.1464}]
Capabilities {acceptInsecureCerts: false, browserName: chrome, browserVersion: 133.0.6943.142, chrome: {chromedriverVersion: 133.0.6943.141 (2a5d6da0d61..., userDataDir: C:\Users\INGRID~1.ZAD\AppDa...}, fedcm:accounts: true, goog:chromeOptions: {debuggerAddress: localhost:57864}, networkConnectionEnabled: false, pageLoadStrategy: normal, platformName: windows, proxy: Proxy(), se:cdp: ws://localhost:57864/devtoo..., se:cdpVersion: 133.0.6943.142, setWindowRect: true, strictFileInteractability: false, timeouts: {implicit: 0, pageLoad: 300000, script: 30000}, unhandledPromptBehavior: dismiss and notify, webauthn:extension:credBlob: true, webauthn:extension:largeBlob: true, webauthn:extension:minPinLength: true, webauthn:extension:prf: true, webauthn:virtualAuthenticators: true}
Element: [[ChromeDriver: chrome on windows (2c687268feeb6dec168acfa209fe3ef7)] -> xpath: //mat-label[contains(text(), 'Gatvė')]/following::mat-select[1]]
Session ID: 2c687268feeb6dec168acfa209fe3ef7
2025-03-03 10:50:49 [main] WARN  l.i.u.p.SubmittedApplicationsPage - Dropdown value 'Piliakalnio g.' not found.
2025-03-03 10:50:50 [main] DEBUG l.i.u.t.SubmittedApplicationsPageTest - Selected street: 'Piliakalnio g.'.
2025-03-03 10:50:50 [main] INFO  l.i.u.p.SubmittedApplicationsPage - Located the dropdown button.
2025-03-03 10:50:51 [main] ERROR l.i.u.p.SubmittedApplicationsPage - Dropdown button click failed: element click intercepted: Element <mat-select role="combobox" aria-haspopup="listbox" class="mat-mdc-select primary-control ng-tns-c1073613477-44 mat-mdc-select-required mat-mdc-select-empty ng-untouched ng-pristine ng-invalid ng-star-inserted" aria-labelledby="mat-select-value-11" id="mat-select-11" tabindex="0" aria-expanded="false" aria-required="true" aria-disabled="false" aria-invalid="false" required="">...</mat-select> is not clickable at point (682, 570). Other element would receive the click: <div role="listbox" tabindex="-1" class="ng-trigger ng-trigger-transformPanel ng-tns-c1073613477-40 mat-mdc-select-panel mdc-menu-surface mdc-menu-surface--open ng-star-inserted" id="mat-select-9-panel" aria-multiselectable="false">...</div>
  (Session info: chrome=133.0.6943.142)
Build info: version: '4.27.0', revision: 'd6e718d134'
System info: os.name: 'Windows 11', os.arch: 'amd64', os.version: '10.0', java.version: '21.0.3'
Driver info: org.openqa.selenium.chrome.ChromeDriver
Command: [2c687268feeb6dec168acfa209fe3ef7, clickElement {id=f.8349AA781681AF14B21FC5682F91D54F.d.CB8D31D11E630988F832C25CEE26DB9B.e.1492}]
Capabilities {acceptInsecureCerts: false, browserName: chrome, browserVersion: 133.0.6943.142, chrome: {chromedriverVersion: 133.0.6943.141 (2a5d6da0d61..., userDataDir: C:\Users\INGRID~1.ZAD\AppDa...}, fedcm:accounts: true, goog:chromeOptions: {debuggerAddress: localhost:57864}, networkConnectionEnabled: false, pageLoadStrategy: normal, platformName: windows, proxy: Proxy(), se:cdp: ws://localhost:57864/devtoo..., se:cdpVersion: 133.0.6943.142, setWindowRect: true, strictFileInteractability: false, timeouts: {implicit: 0, pageLoad: 300000, script: 30000}, unhandledPromptBehavior: dismiss and notify, webauthn:extension:credBlob: true, webauthn:extension:largeBlob: true, webauthn:extension:minPinLength: true, webauthn:extension:prf: true, webauthn:virtualAuthenticators: true}
Element: [[ChromeDriver: chrome on windows (2c687268feeb6dec168acfa209fe3ef7)] -> xpath: //mat-label[contains(text(), 'Namo Nr.')]/following::mat-select[1]]
Session ID: 2c687268feeb6dec168acfa209fe3ef7
2025-03-03 10:50:51 [main] WARN  l.i.u.p.SubmittedApplicationsPage - Dropdown value '11' not found.
2025-03-03 10:50:51 [main] DEBUG l.i.u.t.SubmittedApplicationsPageTest - Selected house: '11'.
2025-03-03 10:50:51 [main] INFO  l.i.u.p.SubmittedApplicationsPage - Located the dropdown button.
2025-03-03 10:50:52 [main] ERROR l.i.u.p.SubmittedApplicationsPage - Dropdown button click failed: element click intercepted: Element <mat-select role="combobox" aria-haspopup="listbox" class="mat-mdc-select primary-control ng-tns-c1073613477-46 mat-mdc-select-empty ng-untouched ng-pristine ng-valid ng-star-inserted" aria-labelledby="mat-select-value-12" id="mat-select-12" tabindex="0" aria-expanded="false" aria-required="false" aria-disabled="false" aria-invalid="false">...</mat-select> is not clickable at point (682, 626). Other element would receive the click: <div class="cdk-overlay-backdrop cdk-overlay-transparent-backdrop cdk-overlay-backdrop-showing"></div>
  (Session info: chrome=133.0.6943.142)
Build info: version: '4.27.0', revision: 'd6e718d134'
System info: os.name: 'Windows 11', os.arch: 'amd64', os.version: '10.0', java.version: '21.0.3'
Driver info: org.openqa.selenium.chrome.ChromeDriver
Command: [2c687268feeb6dec168acfa209fe3ef7, clickElement {id=f.8349AA781681AF14B21FC5682F91D54F.d.CB8D31D11E630988F832C25CEE26DB9B.e.1520}]
Capabilities {acceptInsecureCerts: false, browserName: chrome, browserVersion: 133.0.6943.142, chrome: {chromedriverVersion: 133.0.6943.141 (2a5d6da0d61..., userDataDir: C:\Users\INGRID~1.ZAD\AppDa...}, fedcm:accounts: true, goog:chromeOptions: {debuggerAddress: localhost:57864}, networkConnectionEnabled: false, pageLoadStrategy: normal, platformName: windows, proxy: Proxy(), se:cdp: ws://localhost:57864/devtoo..., se:cdpVersion: 133.0.6943.142, setWindowRect: true, strictFileInteractability: false, timeouts: {implicit: 0, pageLoad: 300000, script: 30000}, unhandledPromptBehavior: dismiss and notify, webauthn:extension:credBlob: true, webauthn:extension:largeBlob: true, webauthn:extension:minPinLength: true, webauthn:extension:prf: true, webauthn:virtualAuthenticators: true}
Element: [[ChromeDriver: chrome on windows (2c687268feeb6dec168acfa209fe3ef7)] -> xpath: //mat-label[contains(text(), 'Buto / patalpos Nr.')]/following::mat-select[1]]
Session ID: 2c687268feeb6dec168acfa209fe3ef7
2025-03-03 10:50:52 [main] WARN  l.i.u.p.SubmittedApplicationsPage - Dropdown value '1' not found.
2025-03-03 10:50:52 [main] DEBUG l.i.u.t.SubmittedApplicationsPageTest - Selected apartment: '1'.
2025-03-03 10:50:52 [main] DEBUG l.i.u.t.SubmittedApplicationsPageTest - Entered project date.
2025-03-03 10:50:52 [main] DEBUG l.i.u.t.SubmittedApplicationsPageTest - Entered job count: '1'.
2025-03-03 10:50:54 [main] ERROR l.i.u.t.SubmittedApplicationsPageTest - Test 'testFillNewVUIApplicationFA' failed with error: element click intercepted: Element <button type="button" class="i-forms-stepper-button i-forms-stepper-button-next">...</button> is not clickable at point (1268, 971). Other element would receive the click: <div class="cdk-overlay-backdrop cdk-overlay-transparent-backdrop cdk-overlay-backdrop-showing"></div>
  (Session info: chrome=133.0.6943.142)
Build info: version: '4.27.0', revision: 'd6e718d134'
System info: os.name: 'Windows 11', os.arch: 'amd64', os.version: '10.0', java.version: '21.0.3'
Driver info: org.openqa.selenium.chrome.ChromeDriver
Command: [2c687268feeb6dec168acfa209fe3ef7, clickElement {id=f.8349AA781681AF14B21FC5682F91D54F.d.CB8D31D11E630988F832C25CEE26DB9B.e.1404}]
Capabilities {acceptInsecureCerts: false, browserName: chrome, browserVersion: 133.0.6943.142, chrome: {chromedriverVersion: 133.0.6943.141 (2a5d6da0d61..., userDataDir: C:\Users\INGRID~1.ZAD\AppDa...}, fedcm:accounts: true, goog:chromeOptions: {debuggerAddress: localhost:57864}, networkConnectionEnabled: false, pageLoadStrategy: normal, platformName: windows, proxy: Proxy(), se:cdp: ws://localhost:57864/devtoo..., se:cdpVersion: 133.0.6943.142, setWindowRect: true, strictFileInteractability: false, timeouts: {implicit: 0, pageLoad: 300000, script: 30000}, unhandledPromptBehavior: dismiss and notify, webauthn:extension:credBlob: true, webauthn:extension:largeBlob: true, webauthn:extension:minPinLength: true, webauthn:extension:prf: true, webauthn:virtualAuthenticators: true}
Element: [[ChromeDriver: chrome on windows (2c687268feeb6dec168acfa209fe3ef7)] -> xpath: //button[contains(@class, 'i-forms-stepper-button-next') and normalize-space(text())='Toliau']]
Session ID: 2c687268feeb6dec168acfa209fe3ef7
org.openqa.selenium.ElementClickInterceptedException: element click intercepted: Element <button type="button" class="i-forms-stepper-button i-forms-stepper-button-next">...</button> is not clickable at point (1268, 971). Other element would receive the click: <div class="cdk-overlay-backdrop cdk-overlay-transparent-backdrop cdk-overlay-backdrop-showing"></div>
  (Session info: chrome=133.0.6943.142)
Build info: version: '4.27.0', revision: 'd6e718d134'
System info: os.name: 'Windows 11', os.arch: 'amd64', os.version: '10.0', java.version: '21.0.3'
Driver info: org.openqa.selenium.chrome.ChromeDriver
Command: [2c687268feeb6dec168acfa209fe3ef7, clickElement {id=f.8349AA781681AF14B21FC5682F91D54F.d.CB8D31D11E630988F832C25CEE26DB9B.e.1404}]
Capabilities {acceptInsecureCerts: false, browserName: chrome, browserVersion: 133.0.6943.142, chrome: {chromedriverVersion: 133.0.6943.141 (2a5d6da0d61..., userDataDir: C:\Users\INGRID~1.ZAD\AppDa...}, fedcm:accounts: true, goog:chromeOptions: {debuggerAddress: localhost:57864}, networkConnectionEnabled: false, pageLoadStrategy: normal, platformName: windows, proxy: Proxy(), se:cdp: ws://localhost:57864/devtoo..., se:cdpVersion: 133.0.6943.142, setWindowRect: true, strictFileInteractability: false, timeouts: {implicit: 0, pageLoad: 300000, script: 30000}, unhandledPromptBehavior: dismiss and notify, webauthn:extension:credBlob: true, webauthn:extension:largeBlob: true, webauthn:extension:minPinLength: true, webauthn:extension:prf: true, webauthn:virtualAuthenticators: true}
Element: [[ChromeDriver: chrome on windows (2c687268feeb6dec168acfa209fe3ef7)] -> xpath: //button[contains(@class, 'i-forms-stepper-button-next') and normalize-space(text())='Toliau']]
Session ID: 2c687268feeb6dec168acfa209fe3ef7
	at java.base/jdk.internal.reflect.DirectConstructorHandleAccessor.newInstance(DirectConstructorHandleAccessor.java:62)
	at java.base/java.lang.reflect.Constructor.newInstanceWithCaller(Constructor.java:502)
	at java.base/java.lang.reflect.Constructor.newInstance(Constructor.java:486)
	at org.openqa.selenium.remote.ErrorCodec.decode(ErrorCodec.java:167)
	at org.openqa.selenium.remote.codec.w3c.W3CHttpResponseCodec.decode(W3CHttpResponseCodec.java:138)
	at org.openqa.selenium.remote.codec.w3c.W3CHttpResponseCodec.decode(W3CHttpResponseCodec.java:50)
	at org.openqa.selenium.remote.HttpCommandExecutor.execute(HttpCommandExecutor.java:190)
	at org.openqa.selenium.remote.service.DriverCommandExecutor.invokeExecute(DriverCommandExecutor.java:216)
	at org.openqa.selenium.remote.service.DriverCommandExecutor.execute(DriverCommandExecutor.java:174)
	at org.openqa.selenium.remote.RemoteWebDriver.execute(RemoteWebDriver.java:545)
	at org.openqa.selenium.remote.RemoteWebElement.execute(RemoteWebElement.java:223)
	at org.openqa.selenium.remote.RemoteWebElement.click(RemoteWebElement.java:76)
	at java.base/jdk.internal.reflect.DirectMethodHandleAccessor.invoke(DirectMethodHandleAccessor.java:103)
	at java.base/java.lang.reflect.Method.invoke(Method.java:580)
	at org.openqa.selenium.support.pagefactory.internal.LocatingElementHandler.invoke(LocatingElementHandler.java:51)
	at jdk.proxy2/jdk.proxy2.$Proxy14.click(Unknown Source)
	at lt.insoft.uztis.pages.SubmittedApplicationsPage.clickButtonNext(SubmittedApplicationsPage.java:1032)
	at lt.insoft.uztis.tests.SubmittedApplicationsPageTest.testFillNewVUIApplicationFA(SubmittedApplicationsPageTest.java:205)
	at java.base/jdk.internal.reflect.DirectMethodHandleAccessor.invoke(DirectMethodHandleAccessor.java:103)
	at java.base/java.lang.reflect.Method.invoke(Method.java:580)
	at org.junit.platform.commons.util.ReflectionUtils.invokeMethod(ReflectionUtils.java:728)
	at org.junit.jupiter.engine.execution.MethodInvocation.proceed(MethodInvocation.java:60)
	at org.junit.jupiter.engine.execution.InvocationInterceptorChain$ValidatingInvocation.proceed(InvocationInterceptorChain.java:131)
	at org.junit.jupiter.engine.extension.TimeoutExtension.intercept(TimeoutExtension.java:156)
	at org.junit.jupiter.engine.extension.TimeoutExtension.interceptTestableMethod(TimeoutExtension.java:147)
	at org.junit.jupiter.engine.extension.TimeoutExtension.interceptTestMethod(TimeoutExtension.java:86)
	at org.junit.jupiter.engine.execution.InterceptingExecutableInvoker$ReflectiveInterceptorCall.lambda$ofVoidMethod$0(InterceptingExecutableInvoker.java:103)
	at org.junit.jupiter.engine.execution.InterceptingExecutableInvoker.lambda$invoke$0(InterceptingExecutableInvoker.java:93)
	at org.junit.jupiter.engine.execution.InvocationInterceptorChain$InterceptedInvocation.proceed(InvocationInterceptorChain.java:106)
	at org.junit.jupiter.engine.execution.InvocationInterceptorChain.proceed(InvocationInterceptorChain.java:64)
	at org.junit.jupiter.engine.execution.InvocationInterceptorChain.chainAndInvoke(InvocationInterceptorChain.java:45)
	at org.junit.jupiter.engine.execution.InvocationInterceptorChain.invoke(InvocationInterceptorChain.java:37)
	at org.junit.jupiter.engine.execution.InterceptingExecutableInvoker.invoke(InterceptingExecutableInvoker.java:92)
	at org.junit.jupiter.engine.execution.InterceptingExecutableInvoker.invoke(InterceptingExecutableInvoker.java:86)
	at org.junit.jupiter.engine.descriptor.TestMethodTestDescriptor.lambda$invokeTestMethod$7(TestMethodTestDescriptor.java:218)
	at org.junit.platform.engine.support.hierarchical.ThrowableCollector.execute(ThrowableCollector.java:73)
	at org.junit.jupiter.engine.descriptor.TestMethodTestDescriptor.invokeTestMethod(TestMethodTestDescriptor.java:214)
	at org.junit.jupiter.engine.descriptor.TestMethodTestDescriptor.execute(TestMethodTestDescriptor.java:139)
	at org.junit.jupiter.engine.descriptor.TestMethodTestDescriptor.execute(TestMethodTestDescriptor.java:69)
	at org.junit.platform.engine.support.hierarchical.NodeTestTask.lambda$executeRecursively$6(NodeTestTask.java:151)
	at org.junit.platform.engine.support.hierarchical.ThrowableCollector.execute(ThrowableCollector.java:73)
	at org.junit.platform.engine.support.hierarchical.NodeTestTask.lambda$executeRecursively$8(NodeTestTask.java:141)
	at org.junit.platform.engine.support.hierarchical.Node.around(Node.java:137)
	at org.junit.platform.engine.support.hierarchical.NodeTestTask.lambda$executeRecursively$9(NodeTestTask.java:139)
	at org.junit.platform.engine.support.hierarchical.ThrowableCollector.execute(ThrowableCollector.java:73)
	at org.junit.platform.engine.support.hierarchical.NodeTestTask.executeRecursively(NodeTestTask.java:138)
	at org.junit.platform.engine.support.hierarchical.NodeTestTask.execute(NodeTestTask.java:95)
	at java.base/java.util.ArrayList.forEach(ArrayList.java:1596)
	at org.junit.platform.engine.support.hierarchical.SameThreadHierarchicalTestExecutorService.invokeAll(SameThreadHierarchicalTestExecutorService.java:41)
	at org.junit.platform.engine.support.hierarchical.NodeTestTask.lambda$executeRecursively$6(NodeTestTask.java:155)
	at org.junit.platform.engine.support.hierarchical.ThrowableCollector.execute(ThrowableCollector.java:73)
	at org.junit.platform.engine.support.hierarchical.NodeTestTask.lambda$executeRecursively$8(NodeTestTask.java:141)
	at org.junit.platform.engine.support.hierarchical.Node.around(Node.java:137)
	at org.junit.platform.engine.support.hierarchical.NodeTestTask.lambda$executeRecursively$9(NodeTestTask.java:139)
	at org.junit.platform.engine.support.hierarchical.ThrowableCollector.execute(ThrowableCollector.java:73)
	at org.junit.platform.engine.support.hierarchical.NodeTestTask.executeRecursively(NodeTestTask.java:138)
	at org.junit.platform.engine.support.hierarchical.NodeTestTask.execute(NodeTestTask.java:95)
	at java.base/java.util.ArrayList.forEach(ArrayList.java:1596)
	at org.junit.platform.engine.support.hierarchical.SameThreadHierarchicalTestExecutorService.invokeAll(SameThreadHierarchicalTestExecutorService.java:41)
	at org.junit.platform.engine.support.hierarchical.NodeTestTask.lambda$executeRecursively$6(NodeTestTask.java:155)
	at org.junit.platform.engine.support.hierarchical.ThrowableCollector.execute(ThrowableCollector.java:73)
	at org.junit.platform.engine.support.hierarchical.NodeTestTask.lambda$executeRecursively$8(NodeTestTask.java:141)
	at org.junit.platform.engine.support.hierarchical.Node.around(Node.java:137)
	at org.junit.platform.engine.support.hierarchical.NodeTestTask.lambda$executeRecursively$9(NodeTestTask.java:139)
	at org.junit.platform.engine.support.hierarchical.ThrowableCollector.execute(ThrowableCollector.java:73)
	at org.junit.platform.engine.support.hierarchical.NodeTestTask.executeRecursively(NodeTestTask.java:138)
	at org.junit.platform.engine.support.hierarchical.NodeTestTask.execute(NodeTestTask.java:95)
	at org.junit.platform.engine.support.hierarchical.SameThreadHierarchicalTestExecutorService.submit(SameThreadHierarchicalTestExecutorService.java:35)
	at org.junit.platform.engine.support.hierarchical.HierarchicalTestExecutor.execute(HierarchicalTestExecutor.java:57)
	at org.junit.platform.engine.support.hierarchical.HierarchicalTestEngine.execute(HierarchicalTestEngine.java:54)
	at org.junit.platform.launcher.core.EngineExecutionOrchestrator.execute(EngineExecutionOrchestrator.java:198)
	at org.junit.platform.launcher.core.EngineExecutionOrchestrator.execute(EngineExecutionOrchestrator.java:169)
	at org.junit.platform.launcher.core.EngineExecutionOrchestrator.execute(EngineExecutionOrchestrator.java:93)
	at org.junit.platform.launcher.core.EngineExecutionOrchestrator.lambda$execute$0(EngineExecutionOrchestrator.java:58)
	at org.junit.platform.launcher.core.EngineExecutionOrchestrator.withInterceptedStreams(EngineExecutionOrchestrator.java:141)
	at org.junit.platform.launcher.core.EngineExecutionOrchestrator.execute(EngineExecutionOrchestrator.java:57)
	at org.junit.platform.launcher.core.DefaultLauncher.execute(DefaultLauncher.java:103)
	at org.junit.platform.launcher.core.DefaultLauncher.execute(DefaultLauncher.java:85)
	at org.junit.platform.launcher.core.DelegatingLauncher.execute(DelegatingLauncher.java:47)
	at org.junit.platform.launcher.core.SessionPerRequestLauncher.execute(SessionPerRequestLauncher.java:63)
	at com.intellij.junit5.JUnit5IdeaTestRunner.startRunnerWithArgs(JUnit5IdeaTestRunner.java:57)
	at com.intellij.rt.junit.IdeaTestRunner$Repeater$1.execute(IdeaTestRunner.java:38)
	at com.intellij.rt.execution.junit.TestsRepeater.repeat(TestsRepeater.java:11)
	at com.intellij.rt.junit.IdeaTestRunner$Repeater.startRunnerWithArgs(IdeaTestRunner.java:35)
	at com.intellij.rt.junit.JUnitStarter.prepareStreamsAndStart(JUnitStarter.java:232)
	at com.intellij.rt.junit.JUnitStarter.main(JUnitStarter.java:55)
2025-03-03 10:50:54 [main] INFO  l.insoft.uztis.tests.utils.TestUtils - Screenshot moved to C:\Users\ingrida.zadorozniene\Desktop\Asm\UZTIS\UZTIS_tests\test-output\screenshots\20250303\105054300_testFillNewVUIApplicationFA().png
2025-03-03 10:56:56 [main] INFO  lt.insoft.uztis.tests.UztisPageTest - Navigated to https://uztisdev.asseco.lt/home
2025-03-03 10:56:56 [main] INFO  l.i.u.t.SubmittedApplicationsPageTest - Starting test:'testFillNewVUIPApplicationFA'
2025-03-03 10:56:57 [main] DEBUG l.i.u.t.SubmittedApplicationsPageTest - User logged in with test credentials.
2025-03-03 10:56:57 [main] DEBUG l.i.u.t.SubmittedApplicationsPageTest - Opened 'Application Processing' menu.
2025-03-03 10:56:57 [main] DEBUG l.i.u.t.SubmittedApplicationsPageTest - Clicked on 'Application Forms' menu.
2025-03-03 10:56:57 [main] DEBUG l.i.u.t.SubmittedApplicationsPageTest - Retrieved last description code text: 'TST-VUI-52'.
2025-03-03 10:56:58 [main] DEBUG l.i.u.t.SubmittedApplicationsPageTest - Clicked on 'Invitation' menu.
2025-03-03 10:56:59 [main] DEBUG l.i.u.t.SubmittedApplicationsPageTest - Selected application section by code: 'TST-VUI-52'.
2025-03-03 10:56:59 [main] DEBUG l.i.u.t.SubmittedApplicationsPageTest - Clicked 'Search' button.
2025-03-03 10:56:59 [main] DEBUG l.i.u.t.SubmittedApplicationsPageTest - Retrieved invitation code: ''.
2025-03-03 10:56:59 [main] DEBUG l.i.u.t.SubmittedApplicationsPageTest - Clicked on 'Submitted Applications' menu.
2025-03-03 10:57:00 [main] DEBUG l.i.u.t.SubmittedApplicationsPageTest - Selected invitation by code: 'TST-VUI-52'.
2025-03-03 10:57:00 [main] DEBUG l.i.u.t.SubmittedApplicationsPageTest - Invitation code inserted.
2025-03-03 10:57:01 [main] DEBUG l.i.u.t.SubmittedApplicationsPageTest - Clicked on 'Action Application' button.
2025-03-03 10:57:01 [main] DEBUG l.i.u.t.SubmittedApplicationsPageTest - Clicked on 'New Application' button.
2025-03-03 10:57:01 [main] DEBUG l.i.u.t.SubmittedApplicationsPageTest - Selected the 'RadioButtonFA' option.
2025-03-03 10:57:02 [main] DEBUG l.i.u.t.SubmittedApplicationsPageTest - Entered phone number: '61298745'.
2025-03-03 10:57:02 [main] DEBUG l.i.u.t.SubmittedApplicationsPageTest - Entered email: 'test@autotest.com'.
2025-03-03 10:57:02 [main] DEBUG l.i.u.t.SubmittedApplicationsPageTest - Clicked on 'Address Component' button.
2025-03-03 10:57:02 [main] INFO  l.i.u.p.SubmittedApplicationsPage - Located the dropdown button.
2025-03-03 10:57:06 [main] INFO  l.i.u.p.SubmittedApplicationsPage - Successfully selected the value: 'Lietuva'
2025-03-03 10:57:06 [main] DEBUG l.i.u.t.SubmittedApplicationsPageTest - Selected country: 'Lietuva'.
2025-03-03 10:57:06 [main] INFO  l.i.u.p.SubmittedApplicationsPage - Located the dropdown search field.
2025-03-03 10:57:06 [main] INFO  l.i.u.p.SubmittedApplicationsPage - Dropdown city is opened.
2025-03-03 10:57:07 [main] INFO  l.i.u.p.SubmittedApplicationsPage - Searched for value: 'Vilnius'
2025-03-03 10:57:39 [main] ERROR l.i.u.p.SubmittedApplicationsPage - Failed to select dropdown option: Expected condition failed: waiting for visibility of all elements located by By.xpath: //mat-option/span[contains(@class, 'area-center') and contains(text(), 'Vilnius')] | //mat-option/span[contains(@class, 'alt-name') and contains(text(), 'Vilnius')] (tried for 30 second(s) with 500 milliseconds interval)
Build info: version: '4.27.0', revision: 'd6e718d134'
System info: os.name: 'Windows 11', os.arch: 'amd64', os.version: '10.0', java.version: '21.0.3'
Driver info: org.openqa.selenium.chrome.ChromeDriver
Capabilities {acceptInsecureCerts: false, browserName: chrome, browserVersion: 133.0.6943.142, chrome: {chromedriverVersion: 133.0.6943.141 (2a5d6da0d61..., userDataDir: C:\Users\INGRID~1.ZAD\AppDa...}, fedcm:accounts: true, goog:chromeOptions: {debuggerAddress: localhost:58295}, networkConnectionEnabled: false, pageLoadStrategy: normal, platformName: windows, proxy: Proxy(), se:cdp: ws://localhost:58295/devtoo..., se:cdpVersion: 133.0.6943.142, setWindowRect: true, strictFileInteractability: false, timeouts: {implicit: 0, pageLoad: 300000, script: 30000}, unhandledPromptBehavior: dismiss and notify, webauthn:extension:credBlob: true, webauthn:extension:largeBlob: true, webauthn:extension:minPinLength: true, webauthn:extension:prf: true, webauthn:virtualAuthenticators: true}
Session ID: 734c0f8f177bc4ca7245a4ebf16f3719
2025-03-03 10:58:14 [main] INFO  lt.insoft.uztis.tests.UztisPageTest - Navigated to https://uztisdev.asseco.lt/home
2025-03-03 10:58:14 [main] INFO  l.i.u.t.SubmittedApplicationsPageTest - Starting test:'testFillNewVUIPApplicationFA'
2025-03-03 10:58:14 [main] DEBUG l.i.u.t.SubmittedApplicationsPageTest - User logged in with test credentials.
2025-03-03 10:58:15 [main] DEBUG l.i.u.t.SubmittedApplicationsPageTest - Opened 'Application Processing' menu.
2025-03-03 10:58:15 [main] DEBUG l.i.u.t.SubmittedApplicationsPageTest - Clicked on 'Application Forms' menu.
2025-03-03 10:58:16 [main] DEBUG l.i.u.t.SubmittedApplicationsPageTest - Retrieved last description code text: 'TST-VUI-52'.
2025-03-03 10:58:16 [main] DEBUG l.i.u.t.SubmittedApplicationsPageTest - Clicked on 'Invitation' menu.
2025-03-03 10:58:17 [main] DEBUG l.i.u.t.SubmittedApplicationsPageTest - Selected application section by code: 'TST-VUI-52'.
2025-03-03 10:58:17 [main] DEBUG l.i.u.t.SubmittedApplicationsPageTest - Clicked 'Search' button.
2025-03-03 10:58:17 [main] DEBUG l.i.u.t.SubmittedApplicationsPageTest - Retrieved invitation code: ''.
2025-03-03 10:58:17 [main] DEBUG l.i.u.t.SubmittedApplicationsPageTest - Clicked on 'Submitted Applications' menu.
2025-03-03 10:58:18 [main] DEBUG l.i.u.t.SubmittedApplicationsPageTest - Selected invitation by code: 'TST-VUI-52'.
2025-03-03 10:58:18 [main] DEBUG l.i.u.t.SubmittedApplicationsPageTest - Invitation code inserted.
2025-03-03 10:58:18 [main] DEBUG l.i.u.t.SubmittedApplicationsPageTest - Clicked on 'Action Application' button.
2025-03-03 10:58:19 [main] DEBUG l.i.u.t.SubmittedApplicationsPageTest - Clicked on 'New Application' button.
2025-03-03 10:58:19 [main] DEBUG l.i.u.t.SubmittedApplicationsPageTest - Selected the 'RadioButtonFA' option.
2025-03-03 10:58:19 [main] DEBUG l.i.u.t.SubmittedApplicationsPageTest - Entered phone number: '61298745'.
2025-03-03 10:58:19 [main] DEBUG l.i.u.t.SubmittedApplicationsPageTest - Entered email: 'test@autotest.com'.
2025-03-03 10:58:20 [main] DEBUG l.i.u.t.SubmittedApplicationsPageTest - Clicked on 'Address Component' button.
2025-03-03 10:58:20 [main] INFO  l.i.u.p.SubmittedApplicationsPage - Located the dropdown button.
2025-03-03 10:58:24 [main] INFO  l.i.u.p.SubmittedApplicationsPage - Successfully selected the value: 'Lietuva'
2025-03-03 10:58:24 [main] DEBUG l.i.u.t.SubmittedApplicationsPageTest - Selected country: 'Lietuva'.
2025-03-03 10:58:24 [main] INFO  l.i.u.p.SubmittedApplicationsPage - Located the dropdown search field.
2025-03-03 10:58:24 [main] INFO  l.i.u.p.SubmittedApplicationsPage - Dropdown city is opened.
2025-03-03 10:58:25 [main] INFO  l.i.u.p.SubmittedApplicationsPage - Searched for value: 'Vilnius'
2025-03-03 10:58:56 [main] ERROR l.i.u.p.SubmittedApplicationsPage - Failed to select dropdown option: Expected condition failed: waiting for visibility of all elements located by By.xpath: //mat-option/span[contains(@class, 'area-center') and contains(text(), 'Vilnius')] | //mat-option/span[contains(@class, 'alt-name') and contains(text(), 'Vilnius')] (tried for 30 second(s) with 500 milliseconds interval)
Build info: version: '4.27.0', revision: 'd6e718d134'
System info: os.name: 'Windows 11', os.arch: 'amd64', os.version: '10.0', java.version: '21.0.3'
Driver info: org.openqa.selenium.chrome.ChromeDriver
Capabilities {acceptInsecureCerts: false, browserName: chrome, browserVersion: 133.0.6943.142, chrome: {chromedriverVersion: 133.0.6943.141 (2a5d6da0d61..., userDataDir: C:\Users\INGRID~1.ZAD\AppDa...}, fedcm:accounts: true, goog:chromeOptions: {debuggerAddress: localhost:58391}, networkConnectionEnabled: false, pageLoadStrategy: normal, platformName: windows, proxy: Proxy(), se:cdp: ws://localhost:58391/devtoo..., se:cdpVersion: 133.0.6943.142, setWindowRect: true, strictFileInteractability: false, timeouts: {implicit: 0, pageLoad: 300000, script: 30000}, unhandledPromptBehavior: dismiss and notify, webauthn:extension:credBlob: true, webauthn:extension:largeBlob: true, webauthn:extension:minPinLength: true, webauthn:extension:prf: true, webauthn:virtualAuthenticators: true}
Session ID: 80d1de78478e2ccf15c7737f3daf2bd5
2025-03-03 10:59:27 [main] ERROR l.i.u.p.SubmittedApplicationsPage - Timeout while waiting for dropdown to close with aria-expanded = 'false'.
2025-03-03 10:59:27 [main] INFO  l.i.u.p.SubmittedApplicationsPage - Located the dropdown search field.
2025-03-03 10:59:57 [main] ERROR l.i.u.p.SubmittedApplicationsPage - Dropdown city click failed: no such window: target window already closed
from unknown error: web view not found
  (Session info: chrome=133.0.6943.142)
Build info: version: '4.27.0', revision: 'd6e718d134'
System info: os.name: 'Windows 11', os.arch: 'amd64', os.version: '10.0', java.version: '21.0.3'
Driver info: org.openqa.selenium.chrome.ChromeDriver
Command: [80d1de78478e2ccf15c7737f3daf2bd5, findElement {using=xpath, value=//mat-label[contains(text(), 'Miestas')]/ancestor::mat-form-field}]
Capabilities {acceptInsecureCerts: false, browserName: chrome, browserVersion: 133.0.6943.142, chrome: {chromedriverVersion: 133.0.6943.141 (2a5d6da0d61..., userDataDir: C:\Users\INGRID~1.ZAD\AppDa...}, fedcm:accounts: true, goog:chromeOptions: {debuggerAddress: localhost:58391}, networkConnectionEnabled: false, pageLoadStrategy: normal, platformName: windows, proxy: Proxy(), se:cdp: ws://localhost:58391/devtoo..., se:cdpVersion: 133.0.6943.142, setWindowRect: true, strictFileInteractability: false, timeouts: {implicit: 0, pageLoad: 300000, script: 30000}, unhandledPromptBehavior: dismiss and notify, webauthn:extension:credBlob: true, webauthn:extension:largeBlob: true, webauthn:extension:minPinLength: true, webauthn:extension:prf: true, webauthn:virtualAuthenticators: true}
Session ID: 80d1de78478e2ccf15c7737f3daf2bd5
2025-03-03 11:00:27 [main] ERROR l.i.u.p.SubmittedApplicationsPage - Failed to enter search value: no such window: target window already closed
from unknown error: web view not found
  (Session info: chrome=133.0.6943.142)
Build info: version: '4.27.0', revision: 'd6e718d134'
System info: os.name: 'Windows 11', os.arch: 'amd64', os.version: '10.0', java.version: '21.0.3'
Driver info: org.openqa.selenium.chrome.ChromeDriver
Command: [80d1de78478e2ccf15c7737f3daf2bd5, findElement {using=xpath, value=//input[@placeholder='Ieškoti...']}]
Capabilities {acceptInsecureCerts: false, browserName: chrome, browserVersion: 133.0.6943.142, chrome: {chromedriverVersion: 133.0.6943.141 (2a5d6da0d61..., userDataDir: C:\Users\INGRID~1.ZAD\AppDa...}, fedcm:accounts: true, goog:chromeOptions: {debuggerAddress: localhost:58391}, networkConnectionEnabled: false, pageLoadStrategy: normal, platformName: windows, proxy: Proxy(), se:cdp: ws://localhost:58391/devtoo..., se:cdpVersion: 133.0.6943.142, setWindowRect: true, strictFileInteractability: false, timeouts: {implicit: 0, pageLoad: 300000, script: 30000}, unhandledPromptBehavior: dismiss and notify, webauthn:extension:credBlob: true, webauthn:extension:largeBlob: true, webauthn:extension:minPinLength: true, webauthn:extension:prf: true, webauthn:virtualAuthenticators: true}
Session ID: 80d1de78478e2ccf15c7737f3daf2bd5
2025-03-03 11:00:48 [main] INFO  lt.insoft.uztis.tests.UztisPageTest - Navigated to https://uztisdev.asseco.lt/home
2025-03-03 11:00:48 [main] INFO  l.i.u.t.SubmittedApplicationsPageTest - Starting test:'testFillNewVUIPApplicationFA'
2025-03-03 11:00:49 [main] DEBUG l.i.u.t.SubmittedApplicationsPageTest - User logged in with test credentials.
2025-03-03 11:00:49 [main] DEBUG l.i.u.t.SubmittedApplicationsPageTest - Opened 'Application Processing' menu.
2025-03-03 11:00:49 [main] DEBUG l.i.u.t.SubmittedApplicationsPageTest - Clicked on 'Application Forms' menu.
2025-03-03 11:00:50 [main] DEBUG l.i.u.t.SubmittedApplicationsPageTest - Retrieved last description code text: 'TST-VUI-52'.
2025-03-03 11:00:50 [main] DEBUG l.i.u.t.SubmittedApplicationsPageTest - Clicked on 'Invitation' menu.
2025-03-03 11:00:51 [main] DEBUG l.i.u.t.SubmittedApplicationsPageTest - Selected application section by code: 'TST-VUI-52'.
2025-03-03 11:00:51 [main] DEBUG l.i.u.t.SubmittedApplicationsPageTest - Clicked 'Search' button.
2025-03-03 11:00:51 [main] DEBUG l.i.u.t.SubmittedApplicationsPageTest - Retrieved invitation code: ''.
2025-03-03 11:00:51 [main] DEBUG l.i.u.t.SubmittedApplicationsPageTest - Clicked on 'Submitted Applications' menu.
2025-03-03 11:00:53 [main] DEBUG l.i.u.t.SubmittedApplicationsPageTest - Selected invitation by code: 'TST-VUI-52'.
2025-03-03 11:00:53 [main] DEBUG l.i.u.t.SubmittedApplicationsPageTest - Invitation code inserted.
2025-03-03 11:00:53 [main] DEBUG l.i.u.t.SubmittedApplicationsPageTest - Clicked on 'Action Application' button.
2025-03-03 11:00:53 [main] DEBUG l.i.u.t.SubmittedApplicationsPageTest - Clicked on 'New Application' button.
2025-03-03 11:00:53 [main] DEBUG l.i.u.t.SubmittedApplicationsPageTest - Selected the 'RadioButtonFA' option.
2025-03-03 11:00:54 [main] DEBUG l.i.u.t.SubmittedApplicationsPageTest - Entered phone number: '61298745'.
2025-03-03 11:00:54 [main] DEBUG l.i.u.t.SubmittedApplicationsPageTest - Entered email: 'test@autotest.com'.
2025-03-03 11:00:54 [main] DEBUG l.i.u.t.SubmittedApplicationsPageTest - Clicked on 'Address Component' button.
2025-03-03 11:00:54 [main] INFO  l.i.u.p.SubmittedApplicationsPage - Located the dropdown button.
2025-03-03 11:00:57 [main] INFO  l.i.u.p.SubmittedApplicationsPage - Successfully selected the value: 'Lietuva'
2025-03-03 11:00:58 [main] DEBUG l.i.u.t.SubmittedApplicationsPageTest - Selected country: 'Lietuva'.
2025-03-03 11:00:58 [main] INFO  l.i.u.p.SubmittedApplicationsPage - Located the dropdown search field.
2025-03-03 11:00:58 [main] INFO  l.i.u.p.SubmittedApplicationsPage - Dropdown city is opened.
2025-03-03 11:00:59 [main] INFO  l.i.u.p.SubmittedApplicationsPage - Searched for value: 'Vilnius, Vilnius miesto sav.'
2025-03-03 11:01:31 [main] ERROR l.i.u.p.SubmittedApplicationsPage - Failed to select dropdown option: Expected condition failed: waiting for visibility of all elements located by By.xpath: //mat-option/span[contains(@class, 'area-center') and contains(text(), 'Vilnius, Vilnius miesto sav.')] | //mat-option/span[contains(@class, 'alt-name') and contains(text(), 'Vilnius, Vilnius miesto sav.')] (tried for 30 second(s) with 500 milliseconds interval)
Build info: version: '4.27.0', revision: 'd6e718d134'
System info: os.name: 'Windows 11', os.arch: 'amd64', os.version: '10.0', java.version: '21.0.3'
Driver info: org.openqa.selenium.chrome.ChromeDriver
Capabilities {acceptInsecureCerts: false, browserName: chrome, browserVersion: 133.0.6943.142, chrome: {chromedriverVersion: 133.0.6943.141 (2a5d6da0d61..., userDataDir: C:\Users\INGRID~1.ZAD\AppDa...}, fedcm:accounts: true, goog:chromeOptions: {debuggerAddress: localhost:58536}, networkConnectionEnabled: false, pageLoadStrategy: normal, platformName: windows, proxy: Proxy(), se:cdp: ws://localhost:58536/devtoo..., se:cdpVersion: 133.0.6943.142, setWindowRect: true, strictFileInteractability: false, timeouts: {implicit: 0, pageLoad: 300000, script: 30000}, unhandledPromptBehavior: dismiss and notify, webauthn:extension:credBlob: true, webauthn:extension:largeBlob: true, webauthn:extension:minPinLength: true, webauthn:extension:prf: true, webauthn:virtualAuthenticators: true}
Session ID: 72680b53d44ef7dfd20df4727ea72f75
2025-03-03 11:02:01 [main] ERROR l.i.u.p.SubmittedApplicationsPage - Timeout while waiting for dropdown to close with aria-expanded = 'false'.
2025-03-03 11:02:01 [main] INFO  l.i.u.p.SubmittedApplicationsPage - Located the dropdown search field.
2025-03-03 11:02:01 [main] INFO  l.i.u.p.SubmittedApplicationsPage - Dropdown city is opened.
2025-03-03 11:02:02 [main] INFO  l.i.u.p.SubmittedApplicationsPage - Searched for value: 'Vilnius, Vilnius miesto sav.'
2025-03-03 11:02:17 [main] ERROR l.i.u.p.SubmittedApplicationsPage - Failed to select dropdown option: invalid session id: session deleted as the browser has closed the connection
from disconnected: unable to send message to renderer
  (Session info: chrome=133.0.6943.142)
Build info: version: '4.27.0', revision: 'd6e718d134'
System info: os.name: 'Windows 11', os.arch: 'amd64', os.version: '10.0', java.version: '21.0.3'
Driver info: org.openqa.selenium.chrome.ChromeDriver
Command: [72680b53d44ef7dfd20df4727ea72f75, findElements {value=//mat-option/span[contains(@class, 'area-center') and contains(text(), 'Vilnius, Vilnius miesto sav.')] | //mat-option/span[contains(@class, 'alt-name') and contains(text(), 'Vilnius, Vilnius miesto sav.')], using=xpath}]
Capabilities {acceptInsecureCerts: false, browserName: chrome, browserVersion: 133.0.6943.142, chrome: {chromedriverVersion: 133.0.6943.141 (2a5d6da0d61..., userDataDir: C:\Users\INGRID~1.ZAD\AppDa...}, fedcm:accounts: true, goog:chromeOptions: {debuggerAddress: localhost:58536}, networkConnectionEnabled: false, pageLoadStrategy: normal, platformName: windows, proxy: Proxy(), se:cdp: ws://localhost:58536/devtoo..., se:cdpVersion: 133.0.6943.142, setWindowRect: true, strictFileInteractability: false, timeouts: {implicit: 0, pageLoad: 300000, script: 30000}, unhandledPromptBehavior: dismiss and notify, webauthn:extension:credBlob: true, webauthn:extension:largeBlob: true, webauthn:extension:minPinLength: true, webauthn:extension:prf: true, webauthn:virtualAuthenticators: true}
Session ID: 72680b53d44ef7dfd20df4727ea72f75
2025-03-03 11:02:18 [main] ERROR l.i.u.t.SubmittedApplicationsPageTest - Test 'testFillNewVUIApplicationFA' failed with error: invalid session id
Build info: version: '4.27.0', revision: 'd6e718d134'
System info: os.name: 'Windows 11', os.arch: 'amd64', os.version: '10.0', java.version: '21.0.3'
Driver info: org.openqa.selenium.chrome.ChromeDriver
Command: [72680b53d44ef7dfd20df4727ea72f75, findElement {value=//mat-label[contains(text(), 'Miestas')]/ancestor::mat-form-field, using=xpath}]
Capabilities {acceptInsecureCerts: false, browserName: chrome, browserVersion: 133.0.6943.142, chrome: {chromedriverVersion: 133.0.6943.141 (2a5d6da0d61..., userDataDir: C:\Users\INGRID~1.ZAD\AppDa...}, fedcm:accounts: true, goog:chromeOptions: {debuggerAddress: localhost:58536}, networkConnectionEnabled: false, pageLoadStrategy: normal, platformName: windows, proxy: Proxy(), se:cdp: ws://localhost:58536/devtoo..., se:cdpVersion: 133.0.6943.142, setWindowRect: true, strictFileInteractability: false, timeouts: {implicit: 0, pageLoad: 300000, script: 30000}, unhandledPromptBehavior: dismiss and notify, webauthn:extension:credBlob: true, webauthn:extension:largeBlob: true, webauthn:extension:minPinLength: true, webauthn:extension:prf: true, webauthn:virtualAuthenticators: true}
Session ID: 72680b53d44ef7dfd20df4727ea72f75
org.openqa.selenium.NoSuchSessionException: invalid session id
Build info: version: '4.27.0', revision: 'd6e718d134'
System info: os.name: 'Windows 11', os.arch: 'amd64', os.version: '10.0', java.version: '21.0.3'
Driver info: org.openqa.selenium.chrome.ChromeDriver
Command: [72680b53d44ef7dfd20df4727ea72f75, findElement {value=//mat-label[contains(text(), 'Miestas')]/ancestor::mat-form-field, using=xpath}]
Capabilities {acceptInsecureCerts: false, browserName: chrome, browserVersion: 133.0.6943.142, chrome: {chromedriverVersion: 133.0.6943.141 (2a5d6da0d61..., userDataDir: C:\Users\INGRID~1.ZAD\AppDa...}, fedcm:accounts: true, goog:chromeOptions: {debuggerAddress: localhost:58536}, networkConnectionEnabled: false, pageLoadStrategy: normal, platformName: windows, proxy: Proxy(), se:cdp: ws://localhost:58536/devtoo..., se:cdpVersion: 133.0.6943.142, setWindowRect: true, strictFileInteractability: false, timeouts: {implicit: 0, pageLoad: 300000, script: 30000}, unhandledPromptBehavior: dismiss and notify, webauthn:extension:credBlob: true, webauthn:extension:largeBlob: true, webauthn:extension:minPinLength: true, webauthn:extension:prf: true, webauthn:virtualAuthenticators: true}
Session ID: 72680b53d44ef7dfd20df4727ea72f75
	at java.base/jdk.internal.reflect.DirectConstructorHandleAccessor.newInstance(DirectConstructorHandleAccessor.java:62)
	at java.base/java.lang.reflect.Constructor.newInstanceWithCaller(Constructor.java:502)
	at java.base/java.lang.reflect.Constructor.newInstance(Constructor.java:486)
	at org.openqa.selenium.remote.ErrorCodec.decode(ErrorCodec.java:167)
	at org.openqa.selenium.remote.codec.w3c.W3CHttpResponseCodec.decode(W3CHttpResponseCodec.java:138)
	at org.openqa.selenium.remote.codec.w3c.W3CHttpResponseCodec.decode(W3CHttpResponseCodec.java:50)
	at org.openqa.selenium.remote.HttpCommandExecutor.execute(HttpCommandExecutor.java:190)
	at org.openqa.selenium.remote.service.DriverCommandExecutor.invokeExecute(DriverCommandExecutor.java:216)
	at org.openqa.selenium.remote.service.DriverCommandExecutor.execute(DriverCommandExecutor.java:174)
	at org.openqa.selenium.remote.RemoteWebDriver.execute(RemoteWebDriver.java:545)
	at org.openqa.selenium.remote.ElementLocation$ElementFinder$2.findElement(ElementLocation.java:165)
	at org.openqa.selenium.remote.ElementLocation.findElement(ElementLocation.java:59)
	at org.openqa.selenium.remote.RemoteWebDriver.findElement(RemoteWebDriver.java:368)
	at org.openqa.selenium.remote.RemoteWebDriver.findElement(RemoteWebDriver.java:362)
	at org.openqa.selenium.support.pagefactory.DefaultElementLocator.findElement(DefaultElementLocator.java:68)
	at org.openqa.selenium.support.pagefactory.internal.LocatingElementHandler.invoke(LocatingElementHandler.java:38)
	at jdk.proxy2/jdk.proxy2.$Proxy14.getAttribute(Unknown Source)
	at org.openqa.selenium.support.ui.ExpectedConditions$39.apply(ExpectedConditions.java:1094)
	at org.openqa.selenium.support.ui.ExpectedConditions$39.apply(ExpectedConditions.java:1089)
	at org.openqa.selenium.support.ui.FluentWait.until(FluentWait.java:203)
	at lt.insoft.uztis.pages.SubmittedApplicationsPage.selectDropdownAddressCity(SubmittedApplicationsPage.java:887)
	at lt.insoft.uztis.tests.SubmittedApplicationsPageTest.testFillNewVUIApplicationFA(SubmittedApplicationsPageTest.java:193)
	at java.base/jdk.internal.reflect.DirectMethodHandleAccessor.invoke(DirectMethodHandleAccessor.java:103)
	at java.base/java.lang.reflect.Method.invoke(Method.java:580)
	at org.junit.platform.commons.util.ReflectionUtils.invokeMethod(ReflectionUtils.java:728)
	at org.junit.jupiter.engine.execution.MethodInvocation.proceed(MethodInvocation.java:60)
	at org.junit.jupiter.engine.execution.InvocationInterceptorChain$ValidatingInvocation.proceed(InvocationInterceptorChain.java:131)
	at org.junit.jupiter.engine.extension.TimeoutExtension.intercept(TimeoutExtension.java:156)
	at org.junit.jupiter.engine.extension.TimeoutExtension.interceptTestableMethod(TimeoutExtension.java:147)
	at org.junit.jupiter.engine.extension.TimeoutExtension.interceptTestMethod(TimeoutExtension.java:86)
	at org.junit.jupiter.engine.execution.InterceptingExecutableInvoker$ReflectiveInterceptorCall.lambda$ofVoidMethod$0(InterceptingExecutableInvoker.java:103)
	at org.junit.jupiter.engine.execution.InterceptingExecutableInvoker.lambda$invoke$0(InterceptingExecutableInvoker.java:93)
	at org.junit.jupiter.engine.execution.InvocationInterceptorChain$InterceptedInvocation.proceed(InvocationInterceptorChain.java:106)
	at org.junit.jupiter.engine.execution.InvocationInterceptorChain.proceed(InvocationInterceptorChain.java:64)
	at org.junit.jupiter.engine.execution.InvocationInterceptorChain.chainAndInvoke(InvocationInterceptorChain.java:45)
	at org.junit.jupiter.engine.execution.InvocationInterceptorChain.invoke(InvocationInterceptorChain.java:37)
	at org.junit.jupiter.engine.execution.InterceptingExecutableInvoker.invoke(InterceptingExecutableInvoker.java:92)
	at org.junit.jupiter.engine.execution.InterceptingExecutableInvoker.invoke(InterceptingExecutableInvoker.java:86)
	at org.junit.jupiter.engine.descriptor.TestMethodTestDescriptor.lambda$invokeTestMethod$7(TestMethodTestDescriptor.java:218)
	at org.junit.platform.engine.support.hierarchical.ThrowableCollector.execute(ThrowableCollector.java:73)
	at org.junit.jupiter.engine.descriptor.TestMethodTestDescriptor.invokeTestMethod(TestMethodTestDescriptor.java:214)
	at org.junit.jupiter.engine.descriptor.TestMethodTestDescriptor.execute(TestMethodTestDescriptor.java:139)
	at org.junit.jupiter.engine.descriptor.TestMethodTestDescriptor.execute(TestMethodTestDescriptor.java:69)
	at org.junit.platform.engine.support.hierarchical.NodeTestTask.lambda$executeRecursively$6(NodeTestTask.java:151)
	at org.junit.platform.engine.support.hierarchical.ThrowableCollector.execute(ThrowableCollector.java:73)
	at org.junit.platform.engine.support.hierarchical.NodeTestTask.lambda$executeRecursively$8(NodeTestTask.java:141)
	at org.junit.platform.engine.support.hierarchical.Node.around(Node.java:137)
	at org.junit.platform.engine.support.hierarchical.NodeTestTask.lambda$executeRecursively$9(NodeTestTask.java:139)
	at org.junit.platform.engine.support.hierarchical.ThrowableCollector.execute(ThrowableCollector.java:73)
	at org.junit.platform.engine.support.hierarchical.NodeTestTask.executeRecursively(NodeTestTask.java:138)
	at org.junit.platform.engine.support.hierarchical.NodeTestTask.execute(NodeTestTask.java:95)
	at java.base/java.util.ArrayList.forEach(ArrayList.java:1596)
	at org.junit.platform.engine.support.hierarchical.SameThreadHierarchicalTestExecutorService.invokeAll(SameThreadHierarchicalTestExecutorService.java:41)
	at org.junit.platform.engine.support.hierarchical.NodeTestTask.lambda$executeRecursively$6(NodeTestTask.java:155)
	at org.junit.platform.engine.support.hierarchical.ThrowableCollector.execute(ThrowableCollector.java:73)
	at org.junit.platform.engine.support.hierarchical.NodeTestTask.lambda$executeRecursively$8(NodeTestTask.java:141)
	at org.junit.platform.engine.support.hierarchical.Node.around(Node.java:137)
	at org.junit.platform.engine.support.hierarchical.NodeTestTask.lambda$executeRecursively$9(NodeTestTask.java:139)
	at org.junit.platform.engine.support.hierarchical.ThrowableCollector.execute(ThrowableCollector.java:73)
	at org.junit.platform.engine.support.hierarchical.NodeTestTask.executeRecursively(NodeTestTask.java:138)
	at org.junit.platform.engine.support.hierarchical.NodeTestTask.execute(NodeTestTask.java:95)
	at java.base/java.util.ArrayList.forEach(ArrayList.java:1596)
	at org.junit.platform.engine.support.hierarchical.SameThreadHierarchicalTestExecutorService.invokeAll(SameThreadHierarchicalTestExecutorService.java:41)
	at org.junit.platform.engine.support.hierarchical.NodeTestTask.lambda$executeRecursively$6(NodeTestTask.java:155)
	at org.junit.platform.engine.support.hierarchical.ThrowableCollector.execute(ThrowableCollector.java:73)
	at org.junit.platform.engine.support.hierarchical.NodeTestTask.lambda$executeRecursively$8(NodeTestTask.java:141)
	at org.junit.platform.engine.support.hierarchical.Node.around(Node.java:137)
	at org.junit.platform.engine.support.hierarchical.NodeTestTask.lambda$executeRecursively$9(NodeTestTask.java:139)
	at org.junit.platform.engine.support.hierarchical.ThrowableCollector.execute(ThrowableCollector.java:73)
	at org.junit.platform.engine.support.hierarchical.NodeTestTask.executeRecursively(NodeTestTask.java:138)
	at org.junit.platform.engine.support.hierarchical.NodeTestTask.execute(NodeTestTask.java:95)
	at org.junit.platform.engine.support.hierarchical.SameThreadHierarchicalTestExecutorService.submit(SameThreadHierarchicalTestExecutorService.java:35)
	at org.junit.platform.engine.support.hierarchical.HierarchicalTestExecutor.execute(HierarchicalTestExecutor.java:57)
	at org.junit.platform.engine.support.hierarchical.HierarchicalTestEngine.execute(HierarchicalTestEngine.java:54)
	at org.junit.platform.launcher.core.EngineExecutionOrchestrator.execute(EngineExecutionOrchestrator.java:198)
	at org.junit.platform.launcher.core.EngineExecutionOrchestrator.execute(EngineExecutionOrchestrator.java:169)
	at org.junit.platform.launcher.core.EngineExecutionOrchestrator.execute(EngineExecutionOrchestrator.java:93)
	at org.junit.platform.launcher.core.EngineExecutionOrchestrator.lambda$execute$0(EngineExecutionOrchestrator.java:58)
	at org.junit.platform.launcher.core.EngineExecutionOrchestrator.withInterceptedStreams(EngineExecutionOrchestrator.java:141)
	at org.junit.platform.launcher.core.EngineExecutionOrchestrator.execute(EngineExecutionOrchestrator.java:57)
	at org.junit.platform.launcher.core.DefaultLauncher.execute(DefaultLauncher.java:103)
	at org.junit.platform.launcher.core.DefaultLauncher.execute(DefaultLauncher.java:85)
	at org.junit.platform.launcher.core.DelegatingLauncher.execute(DelegatingLauncher.java:47)
	at org.junit.platform.launcher.core.SessionPerRequestLauncher.execute(SessionPerRequestLauncher.java:63)
	at com.intellij.junit5.JUnit5IdeaTestRunner.startRunnerWithArgs(JUnit5IdeaTestRunner.java:57)
	at com.intellij.rt.junit.IdeaTestRunner$Repeater$1.execute(IdeaTestRunner.java:38)
	at com.intellij.rt.execution.junit.TestsRepeater.repeat(TestsRepeater.java:11)
	at com.intellij.rt.junit.IdeaTestRunner$Repeater.startRunnerWithArgs(IdeaTestRunner.java:35)
	at com.intellij.rt.junit.JUnitStarter.prepareStreamsAndStart(JUnitStarter.java:232)
	at com.intellij.rt.junit.JUnitStarter.main(JUnitStarter.java:55)
2025-03-03 11:02:31 [main] INFO  lt.insoft.uztis.tests.UztisPageTest - Navigated to https://uztisdev.asseco.lt/home
2025-03-03 11:02:31 [main] INFO  l.i.u.t.SubmittedApplicationsPageTest - Starting test:'testFillNewVUIPApplicationFA'
2025-03-03 11:02:32 [main] DEBUG l.i.u.t.SubmittedApplicationsPageTest - User logged in with test credentials.
2025-03-03 11:02:32 [main] DEBUG l.i.u.t.SubmittedApplicationsPageTest - Opened 'Application Processing' menu.
2025-03-03 11:02:32 [main] DEBUG l.i.u.t.SubmittedApplicationsPageTest - Clicked on 'Application Forms' menu.
2025-03-03 11:02:33 [main] DEBUG l.i.u.t.SubmittedApplicationsPageTest - Retrieved last description code text: 'TST-VUI-52'.
2025-03-03 11:02:33 [main] DEBUG l.i.u.t.SubmittedApplicationsPageTest - Clicked on 'Invitation' menu.
2025-03-03 11:02:34 [main] DEBUG l.i.u.t.SubmittedApplicationsPageTest - Selected application section by code: 'TST-VUI-52'.
2025-03-03 11:02:34 [main] DEBUG l.i.u.t.SubmittedApplicationsPageTest - Clicked 'Search' button.
2025-03-03 11:02:34 [main] DEBUG l.i.u.t.SubmittedApplicationsPageTest - Retrieved invitation code: ''.
2025-03-03 11:02:34 [main] DEBUG l.i.u.t.SubmittedApplicationsPageTest - Clicked on 'Submitted Applications' menu.
2025-03-03 11:02:36 [main] DEBUG l.i.u.t.SubmittedApplicationsPageTest - Selected invitation by code: 'TST-VUI-52'.
2025-03-03 11:02:36 [main] DEBUG l.i.u.t.SubmittedApplicationsPageTest - Invitation code inserted.
2025-03-03 11:02:36 [main] DEBUG l.i.u.t.SubmittedApplicationsPageTest - Clicked on 'Action Application' button.
2025-03-03 11:02:36 [main] DEBUG l.i.u.t.SubmittedApplicationsPageTest - Clicked on 'New Application' button.
2025-03-03 11:02:36 [main] DEBUG l.i.u.t.SubmittedApplicationsPageTest - Selected the 'RadioButtonFA' option.
2025-03-03 11:02:37 [main] DEBUG l.i.u.t.SubmittedApplicationsPageTest - Entered phone number: '61298745'.
2025-03-03 11:02:37 [main] DEBUG l.i.u.t.SubmittedApplicationsPageTest - Entered email: 'test@autotest.com'.
2025-03-03 11:02:37 [main] DEBUG l.i.u.t.SubmittedApplicationsPageTest - Clicked on 'Address Component' button.
2025-03-03 11:02:37 [main] INFO  l.i.u.p.SubmittedApplicationsPage - Located the dropdown button.
2025-03-03 11:02:41 [main] INFO  l.i.u.p.SubmittedApplicationsPage - Successfully selected the value: 'Lietuva'
2025-03-03 11:02:41 [main] DEBUG l.i.u.t.SubmittedApplicationsPageTest - Selected country: 'Lietuva'.
2025-03-03 11:02:41 [main] INFO  l.i.u.p.SubmittedApplicationsPage - Located the dropdown search field.
2025-03-03 11:02:41 [main] INFO  l.i.u.p.SubmittedApplicationsPage - Dropdown city is opened.
2025-03-03 11:02:42 [main] INFO  l.i.u.p.SubmittedApplicationsPage - Searched for value: 'Vilnius'
2025-03-03 11:10:06 [main] INFO  lt.insoft.uztis.tests.UztisPageTest - Navigated to https://uztisdev.asseco.lt/home
2025-03-03 11:10:06 [main] INFO  l.i.u.t.SubmittedApplicationsPageTest - Starting test:'testFillNewVUIPApplicationFA'
2025-03-03 11:10:07 [main] DEBUG l.i.u.t.SubmittedApplicationsPageTest - User logged in with test credentials.
2025-03-03 11:10:07 [main] DEBUG l.i.u.t.SubmittedApplicationsPageTest - Opened 'Application Processing' menu.
2025-03-03 11:10:07 [main] DEBUG l.i.u.t.SubmittedApplicationsPageTest - Clicked on 'Application Forms' menu.
2025-03-03 11:10:15 [main] ERROR l.i.u.t.SubmittedApplicationsPageTest - Test 'testFillNewVUIApplicationFA' failed with error: Error communicating with the remote browser. It may have died.
Build info: version: '4.27.0', revision: 'd6e718d134'
System info: os.name: 'Windows 11', os.arch: 'amd64', os.version: '10.0', java.version: '21.0.3'
Driver info: org.openqa.selenium.chrome.ChromeDriver
Command: [7ede72e18db202f3a49982c979790027, findElement [using, value]]
Capabilities {acceptInsecureCerts: false, browserName: chrome, browserVersion: 133.0.6943.142, chrome: {chromedriverVersion: 133.0.6943.141 (2a5d6da0d61..., userDataDir: C:\Users\INGRID~1.ZAD\AppDa...}, fedcm:accounts: true, goog:chromeOptions: {debuggerAddress: localhost:58991}, networkConnectionEnabled: false, pageLoadStrategy: normal, platformName: windows, proxy: Proxy(), se:cdp: ws://localhost:58991/devtoo..., se:cdpVersion: 133.0.6943.142, setWindowRect: true, strictFileInteractability: false, timeouts: {implicit: 0, pageLoad: 300000, script: 30000}, unhandledPromptBehavior: dismiss and notify, webauthn:extension:credBlob: true, webauthn:extension:largeBlob: true, webauthn:extension:minPinLength: true, webauthn:extension:prf: true, webauthn:virtualAuthenticators: true}
Session ID: 7ede72e18db202f3a49982c979790027
org.openqa.selenium.remote.UnreachableBrowserException: Error communicating with the remote browser. It may have died.
Build info: version: '4.27.0', revision: 'd6e718d134'
System info: os.name: 'Windows 11', os.arch: 'amd64', os.version: '10.0', java.version: '21.0.3'
Driver info: org.openqa.selenium.chrome.ChromeDriver
Command: [7ede72e18db202f3a49982c979790027, findElement [using, value]]
Capabilities {acceptInsecureCerts: false, browserName: chrome, browserVersion: 133.0.6943.142, chrome: {chromedriverVersion: 133.0.6943.141 (2a5d6da0d61..., userDataDir: C:\Users\INGRID~1.ZAD\AppDa...}, fedcm:accounts: true, goog:chromeOptions: {debuggerAddress: localhost:58991}, networkConnectionEnabled: false, pageLoadStrategy: normal, platformName: windows, proxy: Proxy(), se:cdp: ws://localhost:58991/devtoo..., se:cdpVersion: 133.0.6943.142, setWindowRect: true, strictFileInteractability: false, timeouts: {implicit: 0, pageLoad: 300000, script: 30000}, unhandledPromptBehavior: dismiss and notify, webauthn:extension:credBlob: true, webauthn:extension:largeBlob: true, webauthn:extension:minPinLength: true, webauthn:extension:prf: true, webauthn:virtualAuthenticators: true}
Session ID: 7ede72e18db202f3a49982c979790027
	at org.openqa.selenium.remote.RemoteWebDriver.execute(RemoteWebDriver.java:572)
	at org.openqa.selenium.remote.ElementLocation$ElementFinder$2.findElement(ElementLocation.java:165)
	at org.openqa.selenium.remote.ElementLocation.findElement(ElementLocation.java:59)
	at org.openqa.selenium.remote.RemoteWebDriver.findElement(RemoteWebDriver.java:368)
	at org.openqa.selenium.remote.RemoteWebDriver.findElement(RemoteWebDriver.java:362)
	at org.openqa.selenium.support.pagefactory.DefaultElementLocator.findElement(DefaultElementLocator.java:68)
	at org.openqa.selenium.support.pagefactory.internal.LocatingElementHandler.invoke(LocatingElementHandler.java:38)
	at jdk.proxy2/jdk.proxy2.$Proxy14.getText(Unknown Source)
	at lt.insoft.uztis.pages.ApplicationFormsPage.getLastDescriptionCode(ApplicationFormsPage.java:588)
	at lt.insoft.uztis.tests.SubmittedApplicationsPageTest.getAndInsertInvitationCodeText(SubmittedApplicationsPageTest.java:43)
	at lt.insoft.uztis.tests.SubmittedApplicationsPageTest.testFillNewVUIApplicationFA(SubmittedApplicationsPageTest.java:143)
	at java.base/jdk.internal.reflect.DirectMethodHandleAccessor.invoke(DirectMethodHandleAccessor.java:103)
	at java.base/java.lang.reflect.Method.invoke(Method.java:580)
	at org.junit.platform.commons.util.ReflectionUtils.invokeMethod(ReflectionUtils.java:728)
	at org.junit.jupiter.engine.execution.MethodInvocation.proceed(MethodInvocation.java:60)
	at org.junit.jupiter.engine.execution.InvocationInterceptorChain$ValidatingInvocation.proceed(InvocationInterceptorChain.java:131)
	at org.junit.jupiter.engine.extension.TimeoutExtension.intercept(TimeoutExtension.java:156)
	at org.junit.jupiter.engine.extension.TimeoutExtension.interceptTestableMethod(TimeoutExtension.java:147)
	at org.junit.jupiter.engine.extension.TimeoutExtension.interceptTestMethod(TimeoutExtension.java:86)
	at org.junit.jupiter.engine.execution.InterceptingExecutableInvoker$ReflectiveInterceptorCall.lambda$ofVoidMethod$0(InterceptingExecutableInvoker.java:103)
	at org.junit.jupiter.engine.execution.InterceptingExecutableInvoker.lambda$invoke$0(InterceptingExecutableInvoker.java:93)
	at org.junit.jupiter.engine.execution.InvocationInterceptorChain$InterceptedInvocation.proceed(InvocationInterceptorChain.java:106)
	at org.junit.jupiter.engine.execution.InvocationInterceptorChain.proceed(InvocationInterceptorChain.java:64)
	at org.junit.jupiter.engine.execution.InvocationInterceptorChain.chainAndInvoke(InvocationInterceptorChain.java:45)
	at org.junit.jupiter.engine.execution.InvocationInterceptorChain.invoke(InvocationInterceptorChain.java:37)
	at org.junit.jupiter.engine.execution.InterceptingExecutableInvoker.invoke(InterceptingExecutableInvoker.java:92)
	at org.junit.jupiter.engine.execution.InterceptingExecutableInvoker.invoke(InterceptingExecutableInvoker.java:86)
	at org.junit.jupiter.engine.descriptor.TestMethodTestDescriptor.lambda$invokeTestMethod$7(TestMethodTestDescriptor.java:218)
	at org.junit.platform.engine.support.hierarchical.ThrowableCollector.execute(ThrowableCollector.java:73)
	at org.junit.jupiter.engine.descriptor.TestMethodTestDescriptor.invokeTestMethod(TestMethodTestDescriptor.java:214)
	at org.junit.jupiter.engine.descriptor.TestMethodTestDescriptor.execute(TestMethodTestDescriptor.java:139)
	at org.junit.jupiter.engine.descriptor.TestMethodTestDescriptor.execute(TestMethodTestDescriptor.java:69)
	at org.junit.platform.engine.support.hierarchical.NodeTestTask.lambda$executeRecursively$6(NodeTestTask.java:151)
	at org.junit.platform.engine.support.hierarchical.ThrowableCollector.execute(ThrowableCollector.java:73)
	at org.junit.platform.engine.support.hierarchical.NodeTestTask.lambda$executeRecursively$8(NodeTestTask.java:141)
	at org.junit.platform.engine.support.hierarchical.Node.around(Node.java:137)
	at org.junit.platform.engine.support.hierarchical.NodeTestTask.lambda$executeRecursively$9(NodeTestTask.java:139)
	at org.junit.platform.engine.support.hierarchical.ThrowableCollector.execute(ThrowableCollector.java:73)
	at org.junit.platform.engine.support.hierarchical.NodeTestTask.executeRecursively(NodeTestTask.java:138)
	at org.junit.platform.engine.support.hierarchical.NodeTestTask.execute(NodeTestTask.java:95)
	at java.base/java.util.ArrayList.forEach(ArrayList.java:1596)
	at org.junit.platform.engine.support.hierarchical.SameThreadHierarchicalTestExecutorService.invokeAll(SameThreadHierarchicalTestExecutorService.java:41)
	at org.junit.platform.engine.support.hierarchical.NodeTestTask.lambda$executeRecursively$6(NodeTestTask.java:155)
	at org.junit.platform.engine.support.hierarchical.ThrowableCollector.execute(ThrowableCollector.java:73)
	at org.junit.platform.engine.support.hierarchical.NodeTestTask.lambda$executeRecursively$8(NodeTestTask.java:141)
	at org.junit.platform.engine.support.hierarchical.Node.around(Node.java:137)
	at org.junit.platform.engine.support.hierarchical.NodeTestTask.lambda$executeRecursively$9(NodeTestTask.java:139)
	at org.junit.platform.engine.support.hierarchical.ThrowableCollector.execute(ThrowableCollector.java:73)
	at org.junit.platform.engine.support.hierarchical.NodeTestTask.executeRecursively(NodeTestTask.java:138)
	at org.junit.platform.engine.support.hierarchical.NodeTestTask.execute(NodeTestTask.java:95)
	at java.base/java.util.ArrayList.forEach(ArrayList.java:1596)
	at org.junit.platform.engine.support.hierarchical.SameThreadHierarchicalTestExecutorService.invokeAll(SameThreadHierarchicalTestExecutorService.java:41)
	at org.junit.platform.engine.support.hierarchical.NodeTestTask.lambda$executeRecursively$6(NodeTestTask.java:155)
	at org.junit.platform.engine.support.hierarchical.ThrowableCollector.execute(ThrowableCollector.java:73)
	at org.junit.platform.engine.support.hierarchical.NodeTestTask.lambda$executeRecursively$8(NodeTestTask.java:141)
	at org.junit.platform.engine.support.hierarchical.Node.around(Node.java:137)
	at org.junit.platform.engine.support.hierarchical.NodeTestTask.lambda$executeRecursively$9(NodeTestTask.java:139)
	at org.junit.platform.engine.support.hierarchical.ThrowableCollector.execute(ThrowableCollector.java:73)
	at org.junit.platform.engine.support.hierarchical.NodeTestTask.executeRecursively(NodeTestTask.java:138)
	at org.junit.platform.engine.support.hierarchical.NodeTestTask.execute(NodeTestTask.java:95)
	at org.junit.platform.engine.support.hierarchical.SameThreadHierarchicalTestExecutorService.submit(SameThreadHierarchicalTestExecutorService.java:35)
	at org.junit.platform.engine.support.hierarchical.HierarchicalTestExecutor.execute(HierarchicalTestExecutor.java:57)
	at org.junit.platform.engine.support.hierarchical.HierarchicalTestEngine.execute(HierarchicalTestEngine.java:54)
	at org.junit.platform.launcher.core.EngineExecutionOrchestrator.execute(EngineExecutionOrchestrator.java:198)
	at org.junit.platform.launcher.core.EngineExecutionOrchestrator.execute(EngineExecutionOrchestrator.java:169)
	at org.junit.platform.launcher.core.EngineExecutionOrchestrator.execute(EngineExecutionOrchestrator.java:93)
	at org.junit.platform.launcher.core.EngineExecutionOrchestrator.lambda$execute$0(EngineExecutionOrchestrator.java:58)
	at org.junit.platform.launcher.core.EngineExecutionOrchestrator.withInterceptedStreams(EngineExecutionOrchestrator.java:141)
	at org.junit.platform.launcher.core.EngineExecutionOrchestrator.execute(EngineExecutionOrchestrator.java:57)
	at org.junit.platform.launcher.core.DefaultLauncher.execute(DefaultLauncher.java:103)
	at org.junit.platform.launcher.core.DefaultLauncher.execute(DefaultLauncher.java:85)
	at org.junit.platform.launcher.core.DelegatingLauncher.execute(DelegatingLauncher.java:47)
	at org.junit.platform.launcher.core.SessionPerRequestLauncher.execute(SessionPerRequestLauncher.java:63)
	at com.intellij.junit5.JUnit5IdeaTestRunner.startRunnerWithArgs(JUnit5IdeaTestRunner.java:57)
	at com.intellij.rt.junit.IdeaTestRunner$Repeater$1.execute(IdeaTestRunner.java:38)
	at com.intellij.rt.execution.junit.TestsRepeater.repeat(TestsRepeater.java:11)
	at com.intellij.rt.junit.IdeaTestRunner$Repeater.startRunnerWithArgs(IdeaTestRunner.java:35)
	at com.intellij.rt.junit.JUnitStarter.prepareStreamsAndStart(JUnitStarter.java:232)
	at com.intellij.rt.junit.JUnitStarter.main(JUnitStarter.java:55)
Caused by: java.io.UncheckedIOException: java.io.IOException: HTTP/1.1 header parser received no bytes
	at org.openqa.selenium.remote.http.jdk.JdkHttpClient.execute0(JdkHttpClient.java:496)
	at org.openqa.selenium.remote.http.AddSeleniumUserAgent.lambda$apply$0(AddSeleniumUserAgent.java:42)
	at org.openqa.selenium.remote.http.Filter.lambda$andFinally$1(Filter.java:55)
	at org.openqa.selenium.remote.http.jdk.JdkHttpClient.lambda$executeAsync$1(JdkHttpClient.java:383)
	at java.base/java.util.concurrent.Executors$RunnableAdapter.call(Executors.java:572)
	at java.base/java.util.concurrent.FutureTask.run(FutureTask.java:317)
	at java.base/java.util.concurrent.ThreadPoolExecutor.runWorker(ThreadPoolExecutor.java:1144)
	at java.base/java.util.concurrent.ThreadPoolExecutor$Worker.run(ThreadPoolExecutor.java:642)
	at java.base/java.lang.Thread.run(Thread.java:1583)
Caused by: java.io.IOException: HTTP/1.1 header parser received no bytes
	at java.net.http/jdk.internal.net.http.HttpClientImpl.send(HttpClientImpl.java:964)
	at java.net.http/jdk.internal.net.http.HttpClientFacade.send(HttpClientFacade.java:133)
	at org.openqa.selenium.remote.http.jdk.JdkHttpClient.execute0(JdkHttpClient.java:455)
	... 8 common frames omitted
Caused by: java.io.IOException: HTTP/1.1 header parser received no bytes
	at java.net.http/jdk.internal.net.http.common.Utils.wrapWithExtraDetail(Utils.java:388)
	at java.net.http/jdk.internal.net.http.Http1Response$HeadersReader.onReadError(Http1Response.java:590)
	at java.net.http/jdk.internal.net.http.Http1AsyncReceiver.checkForErrors(Http1AsyncReceiver.java:302)
	at java.net.http/jdk.internal.net.http.Http1AsyncReceiver.flush(Http1AsyncReceiver.java:268)
	at java.net.http/jdk.internal.net.http.common.SequentialScheduler$LockingRestartableTask.run(SequentialScheduler.java:182)
	at java.net.http/jdk.internal.net.http.common.SequentialScheduler$CompleteRestartableTask.run(SequentialScheduler.java:149)
	at java.net.http/jdk.internal.net.http.common.SequentialScheduler$SchedulableTask.run(SequentialScheduler.java:207)
	... 3 common frames omitted
Caused by: java.net.SocketException: Connection reset
	at java.base/sun.nio.ch.SocketChannelImpl.throwConnectionReset(SocketChannelImpl.java:401)
	at java.base/sun.nio.ch.SocketChannelImpl.read(SocketChannelImpl.java:434)
	at java.net.http/jdk.internal.net.http.SocketTube.readAvailable(SocketTube.java:1178)
	at java.net.http/jdk.internal.net.http.SocketTube$InternalReadPublisher$InternalReadSubscription.read(SocketTube.java:841)
	at java.net.http/jdk.internal.net.http.SocketTube$SocketFlowTask.run(SocketTube.java:181)
	at java.net.http/jdk.internal.net.http.common.SequentialScheduler$SchedulableTask.run(SequentialScheduler.java:207)
	at java.net.http/jdk.internal.net.http.common.SequentialScheduler.runOrSchedule(SequentialScheduler.java:280)
	at java.net.http/jdk.internal.net.http.common.SequentialScheduler.runOrSchedule(SequentialScheduler.java:233)
	at java.net.http/jdk.internal.net.http.SocketTube$InternalReadPublisher$InternalReadSubscription.signalReadable(SocketTube.java:782)
	at java.net.http/jdk.internal.net.http.SocketTube$InternalReadPublisher$ReadEvent.signalEvent(SocketTube.java:965)
	at java.net.http/jdk.internal.net.http.SocketTube$SocketFlowEvent.handle(SocketTube.java:253)
	at java.net.http/jdk.internal.net.http.HttpClientImpl$SelectorManager.handleEvent(HttpClientImpl.java:1467)
	at java.net.http/jdk.internal.net.http.HttpClientImpl$SelectorManager.lambda$run$3(HttpClientImpl.java:1412)
	at java.base/java.util.ArrayList.forEach(ArrayList.java:1596)
	at java.net.http/jdk.internal.net.http.HttpClientImpl$SelectorManager.run(HttpClientImpl.java:1412)
2025-03-03 11:10:24 [main] INFO  lt.insoft.uztis.tests.UztisPageTest - Navigated to https://uztisdev.asseco.lt/home
2025-03-03 11:10:24 [main] INFO  l.i.u.t.SubmittedApplicationsPageTest - Starting test:'testFillNewVUIPApplicationFA'
2025-03-03 11:10:24 [main] DEBUG l.i.u.t.SubmittedApplicationsPageTest - User logged in with test credentials.
2025-03-03 11:10:25 [main] DEBUG l.i.u.t.SubmittedApplicationsPageTest - Opened 'Application Processing' menu.
2025-03-03 11:10:25 [main] DEBUG l.i.u.t.SubmittedApplicationsPageTest - Clicked on 'Application Forms' menu.
2025-03-03 11:10:29 [main] ERROR l.i.u.t.SubmittedApplicationsPageTest - Test 'testFillNewVUIApplicationFA' failed with error: invalid session id: session deleted as the browser has closed the connection
from disconnected: unable to send message to renderer
  (Session info: chrome=133.0.6943.142)
Build info: version: '4.27.0', revision: 'd6e718d134'
System info: os.name: 'Windows 11', os.arch: 'amd64', os.version: '10.0', java.version: '21.0.3'
Driver info: org.openqa.selenium.chrome.ChromeDriver
Command: [e8c51493ddc6b89196e09dad1dd9f40f, findElement {value=//td[@class='mat-mdc-cell mdc-data-table__cell cdk-cell cdk-column-CODE mat-column-CODE ng-star-inserted' and @role='cell'], using=xpath}]
Capabilities {acceptInsecureCerts: false, browserName: chrome, browserVersion: 133.0.6943.142, chrome: {chromedriverVersion: 133.0.6943.141 (2a5d6da0d61..., userDataDir: C:\Users\INGRID~1.ZAD\AppDa...}, fedcm:accounts: true, goog:chromeOptions: {debuggerAddress: localhost:59024}, networkConnectionEnabled: false, pageLoadStrategy: normal, platformName: windows, proxy: Proxy(), se:cdp: ws://localhost:59024/devtoo..., se:cdpVersion: 133.0.6943.142, setWindowRect: true, strictFileInteractability: false, timeouts: {implicit: 0, pageLoad: 300000, script: 30000}, unhandledPromptBehavior: dismiss and notify, webauthn:extension:credBlob: true, webauthn:extension:largeBlob: true, webauthn:extension:minPinLength: true, webauthn:extension:prf: true, webauthn:virtualAuthenticators: true}
Session ID: e8c51493ddc6b89196e09dad1dd9f40f
org.openqa.selenium.NoSuchSessionException: invalid session id: session deleted as the browser has closed the connection
from disconnected: unable to send message to renderer
  (Session info: chrome=133.0.6943.142)
Build info: version: '4.27.0', revision: 'd6e718d134'
System info: os.name: 'Windows 11', os.arch: 'amd64', os.version: '10.0', java.version: '21.0.3'
Driver info: org.openqa.selenium.chrome.ChromeDriver
Command: [e8c51493ddc6b89196e09dad1dd9f40f, findElement {value=//td[@class='mat-mdc-cell mdc-data-table__cell cdk-cell cdk-column-CODE mat-column-CODE ng-star-inserted' and @role='cell'], using=xpath}]
Capabilities {acceptInsecureCerts: false, browserName: chrome, browserVersion: 133.0.6943.142, chrome: {chromedriverVersion: 133.0.6943.141 (2a5d6da0d61..., userDataDir: C:\Users\INGRID~1.ZAD\AppDa...}, fedcm:accounts: true, goog:chromeOptions: {debuggerAddress: localhost:59024}, networkConnectionEnabled: false, pageLoadStrategy: normal, platformName: windows, proxy: Proxy(), se:cdp: ws://localhost:59024/devtoo..., se:cdpVersion: 133.0.6943.142, setWindowRect: true, strictFileInteractability: false, timeouts: {implicit: 0, pageLoad: 300000, script: 30000}, unhandledPromptBehavior: dismiss and notify, webauthn:extension:credBlob: true, webauthn:extension:largeBlob: true, webauthn:extension:minPinLength: true, webauthn:extension:prf: true, webauthn:virtualAuthenticators: true}
Session ID: e8c51493ddc6b89196e09dad1dd9f40f
	at java.base/jdk.internal.reflect.DirectConstructorHandleAccessor.newInstance(DirectConstructorHandleAccessor.java:62)
	at java.base/java.lang.reflect.Constructor.newInstanceWithCaller(Constructor.java:502)
	at java.base/java.lang.reflect.Constructor.newInstance(Constructor.java:486)
	at org.openqa.selenium.remote.ErrorCodec.decode(ErrorCodec.java:167)
	at org.openqa.selenium.remote.codec.w3c.W3CHttpResponseCodec.decode(W3CHttpResponseCodec.java:138)
	at org.openqa.selenium.remote.codec.w3c.W3CHttpResponseCodec.decode(W3CHttpResponseCodec.java:50)
	at org.openqa.selenium.remote.HttpCommandExecutor.execute(HttpCommandExecutor.java:190)
	at org.openqa.selenium.remote.service.DriverCommandExecutor.invokeExecute(DriverCommandExecutor.java:216)
	at org.openqa.selenium.remote.service.DriverCommandExecutor.execute(DriverCommandExecutor.java:174)
	at org.openqa.selenium.remote.RemoteWebDriver.execute(RemoteWebDriver.java:545)
	at org.openqa.selenium.remote.ElementLocation$ElementFinder$2.findElement(ElementLocation.java:165)
	at org.openqa.selenium.remote.ElementLocation.findElement(ElementLocation.java:59)
	at org.openqa.selenium.remote.RemoteWebDriver.findElement(RemoteWebDriver.java:368)
	at org.openqa.selenium.remote.RemoteWebDriver.findElement(RemoteWebDriver.java:362)
	at org.openqa.selenium.support.pagefactory.DefaultElementLocator.findElement(DefaultElementLocator.java:68)
	at org.openqa.selenium.support.pagefactory.internal.LocatingElementHandler.invoke(LocatingElementHandler.java:38)
	at jdk.proxy2/jdk.proxy2.$Proxy14.getText(Unknown Source)
	at lt.insoft.uztis.pages.ApplicationFormsPage.getLastDescriptionCode(ApplicationFormsPage.java:588)
	at lt.insoft.uztis.tests.SubmittedApplicationsPageTest.getAndInsertInvitationCodeText(SubmittedApplicationsPageTest.java:43)
	at lt.insoft.uztis.tests.SubmittedApplicationsPageTest.testFillNewVUIApplicationFA(SubmittedApplicationsPageTest.java:143)
	at java.base/jdk.internal.reflect.DirectMethodHandleAccessor.invoke(DirectMethodHandleAccessor.java:103)
	at java.base/java.lang.reflect.Method.invoke(Method.java:580)
	at org.junit.platform.commons.util.ReflectionUtils.invokeMethod(ReflectionUtils.java:728)
	at org.junit.jupiter.engine.execution.MethodInvocation.proceed(MethodInvocation.java:60)
	at org.junit.jupiter.engine.execution.InvocationInterceptorChain$ValidatingInvocation.proceed(InvocationInterceptorChain.java:131)
	at org.junit.jupiter.engine.extension.TimeoutExtension.intercept(TimeoutExtension.java:156)
	at org.junit.jupiter.engine.extension.TimeoutExtension.interceptTestableMethod(TimeoutExtension.java:147)
	at org.junit.jupiter.engine.extension.TimeoutExtension.interceptTestMethod(TimeoutExtension.java:86)
	at org.junit.jupiter.engine.execution.InterceptingExecutableInvoker$ReflectiveInterceptorCall.lambda$ofVoidMethod$0(InterceptingExecutableInvoker.java:103)
	at org.junit.jupiter.engine.execution.InterceptingExecutableInvoker.lambda$invoke$0(InterceptingExecutableInvoker.java:93)
	at org.junit.jupiter.engine.execution.InvocationInterceptorChain$InterceptedInvocation.proceed(InvocationInterceptorChain.java:106)
	at org.junit.jupiter.engine.execution.InvocationInterceptorChain.proceed(InvocationInterceptorChain.java:64)
	at org.junit.jupiter.engine.execution.InvocationInterceptorChain.chainAndInvoke(InvocationInterceptorChain.java:45)
	at org.junit.jupiter.engine.execution.InvocationInterceptorChain.invoke(InvocationInterceptorChain.java:37)
	at org.junit.jupiter.engine.execution.InterceptingExecutableInvoker.invoke(InterceptingExecutableInvoker.java:92)
	at org.junit.jupiter.engine.execution.InterceptingExecutableInvoker.invoke(InterceptingExecutableInvoker.java:86)
	at org.junit.jupiter.engine.descriptor.TestMethodTestDescriptor.lambda$invokeTestMethod$7(TestMethodTestDescriptor.java:218)
	at org.junit.platform.engine.support.hierarchical.ThrowableCollector.execute(ThrowableCollector.java:73)
	at org.junit.jupiter.engine.descriptor.TestMethodTestDescriptor.invokeTestMethod(TestMethodTestDescriptor.java:214)
	at org.junit.jupiter.engine.descriptor.TestMethodTestDescriptor.execute(TestMethodTestDescriptor.java:139)
	at org.junit.jupiter.engine.descriptor.TestMethodTestDescriptor.execute(TestMethodTestDescriptor.java:69)
	at org.junit.platform.engine.support.hierarchical.NodeTestTask.lambda$executeRecursively$6(NodeTestTask.java:151)
	at org.junit.platform.engine.support.hierarchical.ThrowableCollector.execute(ThrowableCollector.java:73)
	at org.junit.platform.engine.support.hierarchical.NodeTestTask.lambda$executeRecursively$8(NodeTestTask.java:141)
	at org.junit.platform.engine.support.hierarchical.Node.around(Node.java:137)
	at org.junit.platform.engine.support.hierarchical.NodeTestTask.lambda$executeRecursively$9(NodeTestTask.java:139)
	at org.junit.platform.engine.support.hierarchical.ThrowableCollector.execute(ThrowableCollector.java:73)
	at org.junit.platform.engine.support.hierarchical.NodeTestTask.executeRecursively(NodeTestTask.java:138)
	at org.junit.platform.engine.support.hierarchical.NodeTestTask.execute(NodeTestTask.java:95)
	at java.base/java.util.ArrayList.forEach(ArrayList.java:1596)
	at org.junit.platform.engine.support.hierarchical.SameThreadHierarchicalTestExecutorService.invokeAll(SameThreadHierarchicalTestExecutorService.java:41)
	at org.junit.platform.engine.support.hierarchical.NodeTestTask.lambda$executeRecursively$6(NodeTestTask.java:155)
	at org.junit.platform.engine.support.hierarchical.ThrowableCollector.execute(ThrowableCollector.java:73)
	at org.junit.platform.engine.support.hierarchical.NodeTestTask.lambda$executeRecursively$8(NodeTestTask.java:141)
	at org.junit.platform.engine.support.hierarchical.Node.around(Node.java:137)
	at org.junit.platform.engine.support.hierarchical.NodeTestTask.lambda$executeRecursively$9(NodeTestTask.java:139)
	at org.junit.platform.engine.support.hierarchical.ThrowableCollector.execute(ThrowableCollector.java:73)
	at org.junit.platform.engine.support.hierarchical.NodeTestTask.executeRecursively(NodeTestTask.java:138)
	at org.junit.platform.engine.support.hierarchical.NodeTestTask.execute(NodeTestTask.java:95)
	at java.base/java.util.ArrayList.forEach(ArrayList.java:1596)
	at org.junit.platform.engine.support.hierarchical.SameThreadHierarchicalTestExecutorService.invokeAll(SameThreadHierarchicalTestExecutorService.java:41)
	at org.junit.platform.engine.support.hierarchical.NodeTestTask.lambda$executeRecursively$6(NodeTestTask.java:155)
	at org.junit.platform.engine.support.hierarchical.ThrowableCollector.execute(ThrowableCollector.java:73)
	at org.junit.platform.engine.support.hierarchical.NodeTestTask.lambda$executeRecursively$8(NodeTestTask.java:141)
	at org.junit.platform.engine.support.hierarchical.Node.around(Node.java:137)
	at org.junit.platform.engine.support.hierarchical.NodeTestTask.lambda$executeRecursively$9(NodeTestTask.java:139)
	at org.junit.platform.engine.support.hierarchical.ThrowableCollector.execute(ThrowableCollector.java:73)
	at org.junit.platform.engine.support.hierarchical.NodeTestTask.executeRecursively(NodeTestTask.java:138)
	at org.junit.platform.engine.support.hierarchical.NodeTestTask.execute(NodeTestTask.java:95)
	at org.junit.platform.engine.support.hierarchical.SameThreadHierarchicalTestExecutorService.submit(SameThreadHierarchicalTestExecutorService.java:35)
	at org.junit.platform.engine.support.hierarchical.HierarchicalTestExecutor.execute(HierarchicalTestExecutor.java:57)
	at org.junit.platform.engine.support.hierarchical.HierarchicalTestEngine.execute(HierarchicalTestEngine.java:54)
	at org.junit.platform.launcher.core.EngineExecutionOrchestrator.execute(EngineExecutionOrchestrator.java:198)
	at org.junit.platform.launcher.core.EngineExecutionOrchestrator.execute(EngineExecutionOrchestrator.java:169)
	at org.junit.platform.launcher.core.EngineExecutionOrchestrator.execute(EngineExecutionOrchestrator.java:93)
	at org.junit.platform.launcher.core.EngineExecutionOrchestrator.lambda$execute$0(EngineExecutionOrchestrator.java:58)
	at org.junit.platform.launcher.core.EngineExecutionOrchestrator.withInterceptedStreams(EngineExecutionOrchestrator.java:141)
	at org.junit.platform.launcher.core.EngineExecutionOrchestrator.execute(EngineExecutionOrchestrator.java:57)
	at org.junit.platform.launcher.core.DefaultLauncher.execute(DefaultLauncher.java:103)
	at org.junit.platform.launcher.core.DefaultLauncher.execute(DefaultLauncher.java:85)
	at org.junit.platform.launcher.core.DelegatingLauncher.execute(DelegatingLauncher.java:47)
	at org.junit.platform.launcher.core.SessionPerRequestLauncher.execute(SessionPerRequestLauncher.java:63)
	at com.intellij.junit5.JUnit5IdeaTestRunner.startRunnerWithArgs(JUnit5IdeaTestRunner.java:57)
	at com.intellij.rt.junit.IdeaTestRunner$Repeater$1.execute(IdeaTestRunner.java:38)
	at com.intellij.rt.execution.junit.TestsRepeater.repeat(TestsRepeater.java:11)
	at com.intellij.rt.junit.IdeaTestRunner$Repeater.startRunnerWithArgs(IdeaTestRunner.java:35)
	at com.intellij.rt.junit.JUnitStarter.prepareStreamsAndStart(JUnitStarter.java:232)
	at com.intellij.rt.junit.JUnitStarter.main(JUnitStarter.java:55)
2025-03-03 12:09:57 [main] INFO  lt.insoft.uztis.tests.UztisPageTest - Navigated to https://uztisdev.asseco.lt/home
2025-03-03 12:09:57 [main] INFO  l.i.u.t.SubmittedApplicationsPageTest - Starting test:'testFillNewVUIPApplicationFA'
2025-03-03 12:09:58 [main] DEBUG l.i.u.t.SubmittedApplicationsPageTest - User logged in with test credentials.
2025-03-03 12:09:58 [main] DEBUG l.i.u.t.SubmittedApplicationsPageTest - Opened 'Application Processing' menu.
2025-03-03 12:09:58 [main] DEBUG l.i.u.t.SubmittedApplicationsPageTest - Clicked on 'Application Forms' menu.
2025-03-03 12:09:58 [main] DEBUG l.i.u.t.SubmittedApplicationsPageTest - Retrieved last description code text: 'TST-VUI-52'.
2025-03-03 12:09:59 [main] DEBUG l.i.u.t.SubmittedApplicationsPageTest - Clicked on 'Invitation' menu.
2025-03-03 12:10:00 [main] DEBUG l.i.u.t.SubmittedApplicationsPageTest - Selected application section by code: 'TST-VUI-52'.
2025-03-03 12:10:00 [main] DEBUG l.i.u.t.SubmittedApplicationsPageTest - Clicked 'Search' button.
2025-03-03 12:10:00 [main] DEBUG l.i.u.t.SubmittedApplicationsPageTest - Retrieved invitation code: ''.
2025-03-03 12:10:00 [main] DEBUG l.i.u.t.SubmittedApplicationsPageTest - Clicked on 'Submitted Applications' menu.
2025-03-03 12:10:01 [main] DEBUG l.i.u.t.SubmittedApplicationsPageTest - Selected invitation by code: 'TST-VUI-52'.
2025-03-03 12:10:01 [main] DEBUG l.i.u.t.SubmittedApplicationsPageTest - Invitation code inserted.
2025-03-03 12:10:01 [main] DEBUG l.i.u.t.SubmittedApplicationsPageTest - Clicked on 'Action Application' button.
2025-03-03 12:10:01 [main] DEBUG l.i.u.t.SubmittedApplicationsPageTest - Clicked on 'New Application' button.
2025-03-03 12:10:02 [main] DEBUG l.i.u.t.SubmittedApplicationsPageTest - Selected the 'RadioButtonFA' option.
2025-03-03 12:10:02 [main] DEBUG l.i.u.t.SubmittedApplicationsPageTest - Entered phone number: '61298745'.
2025-03-03 12:10:02 [main] DEBUG l.i.u.t.SubmittedApplicationsPageTest - Entered email: 'test@autotest.com'.
2025-03-03 12:10:02 [main] DEBUG l.i.u.t.SubmittedApplicationsPageTest - Clicked on 'Address Component' button.
2025-03-03 12:10:02 [main] INFO  l.i.u.p.SubmittedApplicationsPage - Located the dropdown button.
2025-03-03 12:10:06 [main] INFO  l.i.u.p.SubmittedApplicationsPage - Successfully selected the value: 'Lietuva'
2025-03-03 12:10:06 [main] DEBUG l.i.u.t.SubmittedApplicationsPageTest - Selected country: 'Lietuva'.
2025-03-03 12:10:06 [main] INFO  l.i.u.p.SubmittedApplicationsPage - Located the dropdown search field.
2025-03-03 12:10:06 [main] INFO  l.i.u.p.SubmittedApplicationsPage - Dropdown city is opened.
2025-03-03 12:10:08 [main] INFO  l.i.u.p.SubmittedApplicationsPage - Searched for value: 'Vilnius'
2025-03-03 12:10:30 [main] ERROR l.i.u.p.SubmittedApplicationsPage - Failed to select dropdown option: invalid session id: session deleted as the browser has closed the connection
from disconnected: unable to send message to renderer
  (Session info: chrome=133.0.6943.142)
Build info: version: '4.27.0', revision: 'd6e718d134'
System info: os.name: 'Windows 11', os.arch: 'amd64', os.version: '10.0', java.version: '21.0.3'
Driver info: org.openqa.selenium.chrome.ChromeDriver
Command: [9f9748d48126e6d90c0077886a42e1bc, findElements {using=xpath, value=//mat-option/span[contains(@class, 'area-center') and contains(text(), 'Vilnius')]}]
Capabilities {acceptInsecureCerts: false, browserName: chrome, browserVersion: 133.0.6943.142, chrome: {chromedriverVersion: 133.0.6943.141 (2a5d6da0d61..., userDataDir: C:\Users\INGRID~1.ZAD\AppDa...}, fedcm:accounts: true, goog:chromeOptions: {debuggerAddress: localhost:60940}, networkConnectionEnabled: false, pageLoadStrategy: normal, platformName: windows, proxy: Proxy(), se:cdp: ws://localhost:60940/devtoo..., se:cdpVersion: 133.0.6943.142, setWindowRect: true, strictFileInteractability: false, timeouts: {implicit: 0, pageLoad: 300000, script: 30000}, unhandledPromptBehavior: dismiss and notify, webauthn:extension:credBlob: true, webauthn:extension:largeBlob: true, webauthn:extension:minPinLength: true, webauthn:extension:prf: true, webauthn:virtualAuthenticators: true}
Session ID: 9f9748d48126e6d90c0077886a42e1bc
2025-03-03 12:10:30 [main] ERROR l.i.u.t.SubmittedApplicationsPageTest - Test 'testFillNewVUIApplicationFA' failed with error: invalid session id
Build info: version: '4.27.0', revision: 'd6e718d134'
System info: os.name: 'Windows 11', os.arch: 'amd64', os.version: '10.0', java.version: '21.0.3'
Driver info: org.openqa.selenium.chrome.ChromeDriver
Command: [9f9748d48126e6d90c0077886a42e1bc, findElement {using=xpath, value=//mat-label[contains(text(), 'Miestas')]/ancestor::mat-form-field}]
Capabilities {acceptInsecureCerts: false, browserName: chrome, browserVersion: 133.0.6943.142, chrome: {chromedriverVersion: 133.0.6943.141 (2a5d6da0d61..., userDataDir: C:\Users\INGRID~1.ZAD\AppDa...}, fedcm:accounts: true, goog:chromeOptions: {debuggerAddress: localhost:60940}, networkConnectionEnabled: false, pageLoadStrategy: normal, platformName: windows, proxy: Proxy(), se:cdp: ws://localhost:60940/devtoo..., se:cdpVersion: 133.0.6943.142, setWindowRect: true, strictFileInteractability: false, timeouts: {implicit: 0, pageLoad: 300000, script: 30000}, unhandledPromptBehavior: dismiss and notify, webauthn:extension:credBlob: true, webauthn:extension:largeBlob: true, webauthn:extension:minPinLength: true, webauthn:extension:prf: true, webauthn:virtualAuthenticators: true}
Session ID: 9f9748d48126e6d90c0077886a42e1bc
org.openqa.selenium.NoSuchSessionException: invalid session id
Build info: version: '4.27.0', revision: 'd6e718d134'
System info: os.name: 'Windows 11', os.arch: 'amd64', os.version: '10.0', java.version: '21.0.3'
Driver info: org.openqa.selenium.chrome.ChromeDriver
Command: [9f9748d48126e6d90c0077886a42e1bc, findElement {using=xpath, value=//mat-label[contains(text(), 'Miestas')]/ancestor::mat-form-field}]
Capabilities {acceptInsecureCerts: false, browserName: chrome, browserVersion: 133.0.6943.142, chrome: {chromedriverVersion: 133.0.6943.141 (2a5d6da0d61..., userDataDir: C:\Users\INGRID~1.ZAD\AppDa...}, fedcm:accounts: true, goog:chromeOptions: {debuggerAddress: localhost:60940}, networkConnectionEnabled: false, pageLoadStrategy: normal, platformName: windows, proxy: Proxy(), se:cdp: ws://localhost:60940/devtoo..., se:cdpVersion: 133.0.6943.142, setWindowRect: true, strictFileInteractability: false, timeouts: {implicit: 0, pageLoad: 300000, script: 30000}, unhandledPromptBehavior: dismiss and notify, webauthn:extension:credBlob: true, webauthn:extension:largeBlob: true, webauthn:extension:minPinLength: true, webauthn:extension:prf: true, webauthn:virtualAuthenticators: true}
Session ID: 9f9748d48126e6d90c0077886a42e1bc
	at java.base/jdk.internal.reflect.DirectConstructorHandleAccessor.newInstance(DirectConstructorHandleAccessor.java:62)
	at java.base/java.lang.reflect.Constructor.newInstanceWithCaller(Constructor.java:502)
	at java.base/java.lang.reflect.Constructor.newInstance(Constructor.java:486)
	at org.openqa.selenium.remote.ErrorCodec.decode(ErrorCodec.java:167)
	at org.openqa.selenium.remote.codec.w3c.W3CHttpResponseCodec.decode(W3CHttpResponseCodec.java:138)
	at org.openqa.selenium.remote.codec.w3c.W3CHttpResponseCodec.decode(W3CHttpResponseCodec.java:50)
	at org.openqa.selenium.remote.HttpCommandExecutor.execute(HttpCommandExecutor.java:190)
	at org.openqa.selenium.remote.service.DriverCommandExecutor.invokeExecute(DriverCommandExecutor.java:216)
	at org.openqa.selenium.remote.service.DriverCommandExecutor.execute(DriverCommandExecutor.java:174)
	at org.openqa.selenium.remote.RemoteWebDriver.execute(RemoteWebDriver.java:545)
	at org.openqa.selenium.remote.ElementLocation$ElementFinder$2.findElement(ElementLocation.java:165)
	at org.openqa.selenium.remote.ElementLocation.findElement(ElementLocation.java:59)
	at org.openqa.selenium.remote.RemoteWebDriver.findElement(RemoteWebDriver.java:368)
	at org.openqa.selenium.remote.RemoteWebDriver.findElement(RemoteWebDriver.java:362)
	at org.openqa.selenium.support.pagefactory.DefaultElementLocator.findElement(DefaultElementLocator.java:68)
	at org.openqa.selenium.support.pagefactory.internal.LocatingElementHandler.invoke(LocatingElementHandler.java:38)
	at jdk.proxy2/jdk.proxy2.$Proxy14.getAttribute(Unknown Source)
	at org.openqa.selenium.support.ui.ExpectedConditions$39.apply(ExpectedConditions.java:1094)
	at org.openqa.selenium.support.ui.ExpectedConditions$39.apply(ExpectedConditions.java:1089)
	at org.openqa.selenium.support.ui.FluentWait.until(FluentWait.java:203)
	at lt.insoft.uztis.pages.SubmittedApplicationsPage.selectDropdownAddressCity(SubmittedApplicationsPage.java:966)
	at lt.insoft.uztis.tests.SubmittedApplicationsPageTest.testFillNewVUIApplicationFA(SubmittedApplicationsPageTest.java:190)
	at java.base/jdk.internal.reflect.DirectMethodHandleAccessor.invoke(DirectMethodHandleAccessor.java:103)
	at java.base/java.lang.reflect.Method.invoke(Method.java:580)
	at org.junit.platform.commons.util.ReflectionUtils.invokeMethod(ReflectionUtils.java:728)
	at org.junit.jupiter.engine.execution.MethodInvocation.proceed(MethodInvocation.java:60)
	at org.junit.jupiter.engine.execution.InvocationInterceptorChain$ValidatingInvocation.proceed(InvocationInterceptorChain.java:131)
	at org.junit.jupiter.engine.extension.TimeoutExtension.intercept(TimeoutExtension.java:156)
	at org.junit.jupiter.engine.extension.TimeoutExtension.interceptTestableMethod(TimeoutExtension.java:147)
	at org.junit.jupiter.engine.extension.TimeoutExtension.interceptTestMethod(TimeoutExtension.java:86)
	at org.junit.jupiter.engine.execution.InterceptingExecutableInvoker$ReflectiveInterceptorCall.lambda$ofVoidMethod$0(InterceptingExecutableInvoker.java:103)
	at org.junit.jupiter.engine.execution.InterceptingExecutableInvoker.lambda$invoke$0(InterceptingExecutableInvoker.java:93)
	at org.junit.jupiter.engine.execution.InvocationInterceptorChain$InterceptedInvocation.proceed(InvocationInterceptorChain.java:106)
	at org.junit.jupiter.engine.execution.InvocationInterceptorChain.proceed(InvocationInterceptorChain.java:64)
	at org.junit.jupiter.engine.execution.InvocationInterceptorChain.chainAndInvoke(InvocationInterceptorChain.java:45)
	at org.junit.jupiter.engine.execution.InvocationInterceptorChain.invoke(InvocationInterceptorChain.java:37)
	at org.junit.jupiter.engine.execution.InterceptingExecutableInvoker.invoke(InterceptingExecutableInvoker.java:92)
	at org.junit.jupiter.engine.execution.InterceptingExecutableInvoker.invoke(InterceptingExecutableInvoker.java:86)
	at org.junit.jupiter.engine.descriptor.TestMethodTestDescriptor.lambda$invokeTestMethod$7(TestMethodTestDescriptor.java:218)
	at org.junit.platform.engine.support.hierarchical.ThrowableCollector.execute(ThrowableCollector.java:73)
	at org.junit.jupiter.engine.descriptor.TestMethodTestDescriptor.invokeTestMethod(TestMethodTestDescriptor.java:214)
	at org.junit.jupiter.engine.descriptor.TestMethodTestDescriptor.execute(TestMethodTestDescriptor.java:139)
	at org.junit.jupiter.engine.descriptor.TestMethodTestDescriptor.execute(TestMethodTestDescriptor.java:69)
	at org.junit.platform.engine.support.hierarchical.NodeTestTask.lambda$executeRecursively$6(NodeTestTask.java:151)
	at org.junit.platform.engine.support.hierarchical.ThrowableCollector.execute(ThrowableCollector.java:73)
	at org.junit.platform.engine.support.hierarchical.NodeTestTask.lambda$executeRecursively$8(NodeTestTask.java:141)
	at org.junit.platform.engine.support.hierarchical.Node.around(Node.java:137)
	at org.junit.platform.engine.support.hierarchical.NodeTestTask.lambda$executeRecursively$9(NodeTestTask.java:139)
	at org.junit.platform.engine.support.hierarchical.ThrowableCollector.execute(ThrowableCollector.java:73)
	at org.junit.platform.engine.support.hierarchical.NodeTestTask.executeRecursively(NodeTestTask.java:138)
	at org.junit.platform.engine.support.hierarchical.NodeTestTask.execute(NodeTestTask.java:95)
	at java.base/java.util.ArrayList.forEach(ArrayList.java:1596)
	at org.junit.platform.engine.support.hierarchical.SameThreadHierarchicalTestExecutorService.invokeAll(SameThreadHierarchicalTestExecutorService.java:41)
	at org.junit.platform.engine.support.hierarchical.NodeTestTask.lambda$executeRecursively$6(NodeTestTask.java:155)
	at org.junit.platform.engine.support.hierarchical.ThrowableCollector.execute(ThrowableCollector.java:73)
	at org.junit.platform.engine.support.hierarchical.NodeTestTask.lambda$executeRecursively$8(NodeTestTask.java:141)
	at org.junit.platform.engine.support.hierarchical.Node.around(Node.java:137)
	at org.junit.platform.engine.support.hierarchical.NodeTestTask.lambda$executeRecursively$9(NodeTestTask.java:139)
	at org.junit.platform.engine.support.hierarchical.ThrowableCollector.execute(ThrowableCollector.java:73)
	at org.junit.platform.engine.support.hierarchical.NodeTestTask.executeRecursively(NodeTestTask.java:138)
	at org.junit.platform.engine.support.hierarchical.NodeTestTask.execute(NodeTestTask.java:95)
	at java.base/java.util.ArrayList.forEach(ArrayList.java:1596)
	at org.junit.platform.engine.support.hierarchical.SameThreadHierarchicalTestExecutorService.invokeAll(SameThreadHierarchicalTestExecutorService.java:41)
	at org.junit.platform.engine.support.hierarchical.NodeTestTask.lambda$executeRecursively$6(NodeTestTask.java:155)
	at org.junit.platform.engine.support.hierarchical.ThrowableCollector.execute(ThrowableCollector.java:73)
	at org.junit.platform.engine.support.hierarchical.NodeTestTask.lambda$executeRecursively$8(NodeTestTask.java:141)
	at org.junit.platform.engine.support.hierarchical.Node.around(Node.java:137)
	at org.junit.platform.engine.support.hierarchical.NodeTestTask.lambda$executeRecursively$9(NodeTestTask.java:139)
	at org.junit.platform.engine.support.hierarchical.ThrowableCollector.execute(ThrowableCollector.java:73)
	at org.junit.platform.engine.support.hierarchical.NodeTestTask.executeRecursively(NodeTestTask.java:138)
	at org.junit.platform.engine.support.hierarchical.NodeTestTask.execute(NodeTestTask.java:95)
	at org.junit.platform.engine.support.hierarchical.SameThreadHierarchicalTestExecutorService.submit(SameThreadHierarchicalTestExecutorService.java:35)
	at org.junit.platform.engine.support.hierarchical.HierarchicalTestExecutor.execute(HierarchicalTestExecutor.java:57)
	at org.junit.platform.engine.support.hierarchical.HierarchicalTestEngine.execute(HierarchicalTestEngine.java:54)
	at org.junit.platform.launcher.core.EngineExecutionOrchestrator.execute(EngineExecutionOrchestrator.java:198)
	at org.junit.platform.launcher.core.EngineExecutionOrchestrator.execute(EngineExecutionOrchestrator.java:169)
	at org.junit.platform.launcher.core.EngineExecutionOrchestrator.execute(EngineExecutionOrchestrator.java:93)
	at org.junit.platform.launcher.core.EngineExecutionOrchestrator.lambda$execute$0(EngineExecutionOrchestrator.java:58)
	at org.junit.platform.launcher.core.EngineExecutionOrchestrator.withInterceptedStreams(EngineExecutionOrchestrator.java:141)
	at org.junit.platform.launcher.core.EngineExecutionOrchestrator.execute(EngineExecutionOrchestrator.java:57)
	at org.junit.platform.launcher.core.DefaultLauncher.execute(DefaultLauncher.java:103)
	at org.junit.platform.launcher.core.DefaultLauncher.execute(DefaultLauncher.java:85)
	at org.junit.platform.launcher.core.DelegatingLauncher.execute(DelegatingLauncher.java:47)
	at org.junit.platform.launcher.core.SessionPerRequestLauncher.execute(SessionPerRequestLauncher.java:63)
	at com.intellij.junit5.JUnit5IdeaTestRunner.startRunnerWithArgs(JUnit5IdeaTestRunner.java:57)
	at com.intellij.rt.junit.IdeaTestRunner$Repeater$1.execute(IdeaTestRunner.java:38)
	at com.intellij.rt.execution.junit.TestsRepeater.repeat(TestsRepeater.java:11)
	at com.intellij.rt.junit.IdeaTestRunner$Repeater.startRunnerWithArgs(IdeaTestRunner.java:35)
	at com.intellij.rt.junit.JUnitStarter.prepareStreamsAndStart(JUnitStarter.java:232)
	at com.intellij.rt.junit.JUnitStarter.main(JUnitStarter.java:55)
2025-03-03 12:11:51 [main] INFO  lt.insoft.uztis.tests.UztisPageTest - Navigated to https://uztisdev.asseco.lt/home
2025-03-03 12:11:51 [main] INFO  l.i.u.t.SubmittedApplicationsPageTest - Starting test:'testFillNewVUIPApplicationFA'
2025-03-03 12:11:52 [main] DEBUG l.i.u.t.SubmittedApplicationsPageTest - User logged in with test credentials.
2025-03-03 12:11:52 [main] DEBUG l.i.u.t.SubmittedApplicationsPageTest - Opened 'Application Processing' menu.
2025-03-03 12:11:52 [main] DEBUG l.i.u.t.SubmittedApplicationsPageTest - Clicked on 'Application Forms' menu.
2025-03-03 12:11:52 [main] DEBUG l.i.u.t.SubmittedApplicationsPageTest - Retrieved last description code text: 'TST-VUI-52'.
2025-03-03 12:11:53 [main] DEBUG l.i.u.t.SubmittedApplicationsPageTest - Clicked on 'Invitation' menu.
2025-03-03 12:11:54 [main] DEBUG l.i.u.t.SubmittedApplicationsPageTest - Selected application section by code: 'TST-VUI-52'.
2025-03-03 12:11:54 [main] DEBUG l.i.u.t.SubmittedApplicationsPageTest - Clicked 'Search' button.
2025-03-03 12:11:54 [main] DEBUG l.i.u.t.SubmittedApplicationsPageTest - Retrieved invitation code: ''.
2025-03-03 12:11:54 [main] DEBUG l.i.u.t.SubmittedApplicationsPageTest - Clicked on 'Submitted Applications' menu.
2025-03-03 12:11:55 [main] DEBUG l.i.u.t.SubmittedApplicationsPageTest - Selected invitation by code: 'TST-VUI-52'.
2025-03-03 12:11:55 [main] DEBUG l.i.u.t.SubmittedApplicationsPageTest - Invitation code inserted.
2025-03-03 12:11:55 [main] DEBUG l.i.u.t.SubmittedApplicationsPageTest - Clicked on 'Action Application' button.
2025-03-03 12:11:55 [main] DEBUG l.i.u.t.SubmittedApplicationsPageTest - Clicked on 'New Application' button.
2025-03-03 12:11:56 [main] DEBUG l.i.u.t.SubmittedApplicationsPageTest - Selected the 'RadioButtonFA' option.
2025-03-03 12:11:56 [main] DEBUG l.i.u.t.SubmittedApplicationsPageTest - Entered phone number: '61298745'.
2025-03-03 12:11:56 [main] DEBUG l.i.u.t.SubmittedApplicationsPageTest - Entered email: 'test@autotest.com'.
2025-03-03 12:11:56 [main] DEBUG l.i.u.t.SubmittedApplicationsPageTest - Clicked on 'Address Component' button.
2025-03-03 12:11:56 [main] INFO  l.i.u.p.SubmittedApplicationsPage - Located the dropdown button.
2025-03-03 12:12:00 [main] INFO  l.i.u.p.SubmittedApplicationsPage - Successfully selected the value: 'Lietuva'
2025-03-03 12:12:00 [main] DEBUG l.i.u.t.SubmittedApplicationsPageTest - Selected country: 'Lietuva'.
2025-03-03 12:12:00 [main] INFO  l.i.u.p.SubmittedApplicationsPage - Located the dropdown search field.
2025-03-03 12:12:00 [main] INFO  l.i.u.p.SubmittedApplicationsPage - Dropdown city is opened.
2025-03-03 12:12:01 [main] INFO  l.i.u.p.SubmittedApplicationsPage - Searched for value: 'Vilnius'
2025-03-03 12:12:09 [main] ERROR l.i.u.p.SubmittedApplicationsPage - Failed to select dropdown option: invalid session id: session deleted as the browser has closed the connection
from disconnected: unable to send message to renderer
  (Session info: chrome=133.0.6943.142)
Build info: version: '4.27.0', revision: 'd6e718d134'
System info: os.name: 'Windows 11', os.arch: 'amd64', os.version: '10.0', java.version: '21.0.3'
Driver info: org.openqa.selenium.chrome.ChromeDriver
Command: [2f5093c545281a8832cfb415b77f8289, findElements {using=xpath, value=//mat-option/span[contains(@class, 'area-center') and contains(text(), 'Vilnius')]}]
Capabilities {acceptInsecureCerts: false, browserName: chrome, browserVersion: 133.0.6943.142, chrome: {chromedriverVersion: 133.0.6943.141 (2a5d6da0d61..., userDataDir: C:\Users\INGRID~1.ZAD\AppDa...}, fedcm:accounts: true, goog:chromeOptions: {debuggerAddress: localhost:61022}, networkConnectionEnabled: false, pageLoadStrategy: normal, platformName: windows, proxy: Proxy(), se:cdp: ws://localhost:61022/devtoo..., se:cdpVersion: 133.0.6943.142, setWindowRect: true, strictFileInteractability: false, timeouts: {implicit: 0, pageLoad: 300000, script: 30000}, unhandledPromptBehavior: dismiss and notify, webauthn:extension:credBlob: true, webauthn:extension:largeBlob: true, webauthn:extension:minPinLength: true, webauthn:extension:prf: true, webauthn:virtualAuthenticators: true}
Session ID: 2f5093c545281a8832cfb415b77f8289
2025-03-03 12:12:09 [main] ERROR l.i.u.t.SubmittedApplicationsPageTest - Test 'testFillNewVUIApplicationFA' failed with error: invalid session id
Build info: version: '4.27.0', revision: 'd6e718d134'
System info: os.name: 'Windows 11', os.arch: 'amd64', os.version: '10.0', java.version: '21.0.3'
Driver info: org.openqa.selenium.chrome.ChromeDriver
Command: [2f5093c545281a8832cfb415b77f8289, findElement {using=xpath, value=//mat-label[contains(text(), 'Miestas')]/ancestor::mat-form-field}]
Capabilities {acceptInsecureCerts: false, browserName: chrome, browserVersion: 133.0.6943.142, chrome: {chromedriverVersion: 133.0.6943.141 (2a5d6da0d61..., userDataDir: C:\Users\INGRID~1.ZAD\AppDa...}, fedcm:accounts: true, goog:chromeOptions: {debuggerAddress: localhost:61022}, networkConnectionEnabled: false, pageLoadStrategy: normal, platformName: windows, proxy: Proxy(), se:cdp: ws://localhost:61022/devtoo..., se:cdpVersion: 133.0.6943.142, setWindowRect: true, strictFileInteractability: false, timeouts: {implicit: 0, pageLoad: 300000, script: 30000}, unhandledPromptBehavior: dismiss and notify, webauthn:extension:credBlob: true, webauthn:extension:largeBlob: true, webauthn:extension:minPinLength: true, webauthn:extension:prf: true, webauthn:virtualAuthenticators: true}
Session ID: 2f5093c545281a8832cfb415b77f8289
org.openqa.selenium.NoSuchSessionException: invalid session id
Build info: version: '4.27.0', revision: 'd6e718d134'
System info: os.name: 'Windows 11', os.arch: 'amd64', os.version: '10.0', java.version: '21.0.3'
Driver info: org.openqa.selenium.chrome.ChromeDriver
Command: [2f5093c545281a8832cfb415b77f8289, findElement {using=xpath, value=//mat-label[contains(text(), 'Miestas')]/ancestor::mat-form-field}]
Capabilities {acceptInsecureCerts: false, browserName: chrome, browserVersion: 133.0.6943.142, chrome: {chromedriverVersion: 133.0.6943.141 (2a5d6da0d61..., userDataDir: C:\Users\INGRID~1.ZAD\AppDa...}, fedcm:accounts: true, goog:chromeOptions: {debuggerAddress: localhost:61022}, networkConnectionEnabled: false, pageLoadStrategy: normal, platformName: windows, proxy: Proxy(), se:cdp: ws://localhost:61022/devtoo..., se:cdpVersion: 133.0.6943.142, setWindowRect: true, strictFileInteractability: false, timeouts: {implicit: 0, pageLoad: 300000, script: 30000}, unhandledPromptBehavior: dismiss and notify, webauthn:extension:credBlob: true, webauthn:extension:largeBlob: true, webauthn:extension:minPinLength: true, webauthn:extension:prf: true, webauthn:virtualAuthenticators: true}
Session ID: 2f5093c545281a8832cfb415b77f8289
	at java.base/jdk.internal.reflect.DirectConstructorHandleAccessor.newInstance(DirectConstructorHandleAccessor.java:62)
	at java.base/java.lang.reflect.Constructor.newInstanceWithCaller(Constructor.java:502)
	at java.base/java.lang.reflect.Constructor.newInstance(Constructor.java:486)
	at org.openqa.selenium.remote.ErrorCodec.decode(ErrorCodec.java:167)
	at org.openqa.selenium.remote.codec.w3c.W3CHttpResponseCodec.decode(W3CHttpResponseCodec.java:138)
	at org.openqa.selenium.remote.codec.w3c.W3CHttpResponseCodec.decode(W3CHttpResponseCodec.java:50)
	at org.openqa.selenium.remote.HttpCommandExecutor.execute(HttpCommandExecutor.java:190)
	at org.openqa.selenium.remote.service.DriverCommandExecutor.invokeExecute(DriverCommandExecutor.java:216)
	at org.openqa.selenium.remote.service.DriverCommandExecutor.execute(DriverCommandExecutor.java:174)
	at org.openqa.selenium.remote.RemoteWebDriver.execute(RemoteWebDriver.java:545)
	at org.openqa.selenium.remote.ElementLocation$ElementFinder$2.findElement(ElementLocation.java:165)
	at org.openqa.selenium.remote.ElementLocation.findElement(ElementLocation.java:59)
	at org.openqa.selenium.remote.RemoteWebDriver.findElement(RemoteWebDriver.java:368)
	at org.openqa.selenium.remote.RemoteWebDriver.findElement(RemoteWebDriver.java:362)
	at org.openqa.selenium.support.pagefactory.DefaultElementLocator.findElement(DefaultElementLocator.java:68)
	at org.openqa.selenium.support.pagefactory.internal.LocatingElementHandler.invoke(LocatingElementHandler.java:38)
	at jdk.proxy2/jdk.proxy2.$Proxy14.getAttribute(Unknown Source)
	at org.openqa.selenium.support.ui.ExpectedConditions$39.apply(ExpectedConditions.java:1094)
	at org.openqa.selenium.support.ui.ExpectedConditions$39.apply(ExpectedConditions.java:1089)
	at org.openqa.selenium.support.ui.FluentWait.until(FluentWait.java:203)
	at lt.insoft.uztis.pages.SubmittedApplicationsPage.selectDropdownAddressCity(SubmittedApplicationsPage.java:966)
	at lt.insoft.uztis.tests.SubmittedApplicationsPageTest.testFillNewVUIApplicationFA(SubmittedApplicationsPageTest.java:190)
	at java.base/jdk.internal.reflect.DirectMethodHandleAccessor.invoke(DirectMethodHandleAccessor.java:103)
	at java.base/java.lang.reflect.Method.invoke(Method.java:580)
	at org.junit.platform.commons.util.ReflectionUtils.invokeMethod(ReflectionUtils.java:728)
	at org.junit.jupiter.engine.execution.MethodInvocation.proceed(MethodInvocation.java:60)
	at org.junit.jupiter.engine.execution.InvocationInterceptorChain$ValidatingInvocation.proceed(InvocationInterceptorChain.java:131)
	at org.junit.jupiter.engine.extension.TimeoutExtension.intercept(TimeoutExtension.java:156)
	at org.junit.jupiter.engine.extension.TimeoutExtension.interceptTestableMethod(TimeoutExtension.java:147)
	at org.junit.jupiter.engine.extension.TimeoutExtension.interceptTestMethod(TimeoutExtension.java:86)
	at org.junit.jupiter.engine.execution.InterceptingExecutableInvoker$ReflectiveInterceptorCall.lambda$ofVoidMethod$0(InterceptingExecutableInvoker.java:103)
	at org.junit.jupiter.engine.execution.InterceptingExecutableInvoker.lambda$invoke$0(InterceptingExecutableInvoker.java:93)
	at org.junit.jupiter.engine.execution.InvocationInterceptorChain$InterceptedInvocation.proceed(InvocationInterceptorChain.java:106)
	at org.junit.jupiter.engine.execution.InvocationInterceptorChain.proceed(InvocationInterceptorChain.java:64)
	at org.junit.jupiter.engine.execution.InvocationInterceptorChain.chainAndInvoke(InvocationInterceptorChain.java:45)
	at org.junit.jupiter.engine.execution.InvocationInterceptorChain.invoke(InvocationInterceptorChain.java:37)
	at org.junit.jupiter.engine.execution.InterceptingExecutableInvoker.invoke(InterceptingExecutableInvoker.java:92)
	at org.junit.jupiter.engine.execution.InterceptingExecutableInvoker.invoke(InterceptingExecutableInvoker.java:86)
	at org.junit.jupiter.engine.descriptor.TestMethodTestDescriptor.lambda$invokeTestMethod$7(TestMethodTestDescriptor.java:218)
	at org.junit.platform.engine.support.hierarchical.ThrowableCollector.execute(ThrowableCollector.java:73)
	at org.junit.jupiter.engine.descriptor.TestMethodTestDescriptor.invokeTestMethod(TestMethodTestDescriptor.java:214)
	at org.junit.jupiter.engine.descriptor.TestMethodTestDescriptor.execute(TestMethodTestDescriptor.java:139)
	at org.junit.jupiter.engine.descriptor.TestMethodTestDescriptor.execute(TestMethodTestDescriptor.java:69)
	at org.junit.platform.engine.support.hierarchical.NodeTestTask.lambda$executeRecursively$6(NodeTestTask.java:151)
	at org.junit.platform.engine.support.hierarchical.ThrowableCollector.execute(ThrowableCollector.java:73)
	at org.junit.platform.engine.support.hierarchical.NodeTestTask.lambda$executeRecursively$8(NodeTestTask.java:141)
	at org.junit.platform.engine.support.hierarchical.Node.around(Node.java:137)
	at org.junit.platform.engine.support.hierarchical.NodeTestTask.lambda$executeRecursively$9(NodeTestTask.java:139)
	at org.junit.platform.engine.support.hierarchical.ThrowableCollector.execute(ThrowableCollector.java:73)
	at org.junit.platform.engine.support.hierarchical.NodeTestTask.executeRecursively(NodeTestTask.java:138)
	at org.junit.platform.engine.support.hierarchical.NodeTestTask.execute(NodeTestTask.java:95)
	at java.base/java.util.ArrayList.forEach(ArrayList.java:1596)
	at org.junit.platform.engine.support.hierarchical.SameThreadHierarchicalTestExecutorService.invokeAll(SameThreadHierarchicalTestExecutorService.java:41)
	at org.junit.platform.engine.support.hierarchical.NodeTestTask.lambda$executeRecursively$6(NodeTestTask.java:155)
	at org.junit.platform.engine.support.hierarchical.ThrowableCollector.execute(ThrowableCollector.java:73)
	at org.junit.platform.engine.support.hierarchical.NodeTestTask.lambda$executeRecursively$8(NodeTestTask.java:141)
	at org.junit.platform.engine.support.hierarchical.Node.around(Node.java:137)
	at org.junit.platform.engine.support.hierarchical.NodeTestTask.lambda$executeRecursively$9(NodeTestTask.java:139)
	at org.junit.platform.engine.support.hierarchical.ThrowableCollector.execute(ThrowableCollector.java:73)
	at org.junit.platform.engine.support.hierarchical.NodeTestTask.executeRecursively(NodeTestTask.java:138)
	at org.junit.platform.engine.support.hierarchical.NodeTestTask.execute(NodeTestTask.java:95)
	at java.base/java.util.ArrayList.forEach(ArrayList.java:1596)
	at org.junit.platform.engine.support.hierarchical.SameThreadHierarchicalTestExecutorService.invokeAll(SameThreadHierarchicalTestExecutorService.java:41)
	at org.junit.platform.engine.support.hierarchical.NodeTestTask.lambda$executeRecursively$6(NodeTestTask.java:155)
	at org.junit.platform.engine.support.hierarchical.ThrowableCollector.execute(ThrowableCollector.java:73)
	at org.junit.platform.engine.support.hierarchical.NodeTestTask.lambda$executeRecursively$8(NodeTestTask.java:141)
	at org.junit.platform.engine.support.hierarchical.Node.around(Node.java:137)
	at org.junit.platform.engine.support.hierarchical.NodeTestTask.lambda$executeRecursively$9(NodeTestTask.java:139)
	at org.junit.platform.engine.support.hierarchical.ThrowableCollector.execute(ThrowableCollector.java:73)
	at org.junit.platform.engine.support.hierarchical.NodeTestTask.executeRecursively(NodeTestTask.java:138)
	at org.junit.platform.engine.support.hierarchical.NodeTestTask.execute(NodeTestTask.java:95)
	at org.junit.platform.engine.support.hierarchical.SameThreadHierarchicalTestExecutorService.submit(SameThreadHierarchicalTestExecutorService.java:35)
	at org.junit.platform.engine.support.hierarchical.HierarchicalTestExecutor.execute(HierarchicalTestExecutor.java:57)
	at org.junit.platform.engine.support.hierarchical.HierarchicalTestEngine.execute(HierarchicalTestEngine.java:54)
	at org.junit.platform.launcher.core.EngineExecutionOrchestrator.execute(EngineExecutionOrchestrator.java:198)
	at org.junit.platform.launcher.core.EngineExecutionOrchestrator.execute(EngineExecutionOrchestrator.java:169)
	at org.junit.platform.launcher.core.EngineExecutionOrchestrator.execute(EngineExecutionOrchestrator.java:93)
	at org.junit.platform.launcher.core.EngineExecutionOrchestrator.lambda$execute$0(EngineExecutionOrchestrator.java:58)
	at org.junit.platform.launcher.core.EngineExecutionOrchestrator.withInterceptedStreams(EngineExecutionOrchestrator.java:141)
	at org.junit.platform.launcher.core.EngineExecutionOrchestrator.execute(EngineExecutionOrchestrator.java:57)
	at org.junit.platform.launcher.core.DefaultLauncher.execute(DefaultLauncher.java:103)
	at org.junit.platform.launcher.core.DefaultLauncher.execute(DefaultLauncher.java:85)
	at org.junit.platform.launcher.core.DelegatingLauncher.execute(DelegatingLauncher.java:47)
	at org.junit.platform.launcher.core.SessionPerRequestLauncher.execute(SessionPerRequestLauncher.java:63)
	at com.intellij.junit5.JUnit5IdeaTestRunner.startRunnerWithArgs(JUnit5IdeaTestRunner.java:57)
	at com.intellij.rt.junit.IdeaTestRunner$Repeater$1.execute(IdeaTestRunner.java:38)
	at com.intellij.rt.execution.junit.TestsRepeater.repeat(TestsRepeater.java:11)
	at com.intellij.rt.junit.IdeaTestRunner$Repeater.startRunnerWithArgs(IdeaTestRunner.java:35)
	at com.intellij.rt.junit.JUnitStarter.prepareStreamsAndStart(JUnitStarter.java:232)
	at com.intellij.rt.junit.JUnitStarter.main(JUnitStarter.java:55)
2025-03-03 12:17:01 [main] INFO  lt.insoft.uztis.tests.UztisPageTest - Navigated to https://uztisdev.asseco.lt/home
2025-03-03 12:17:01 [main] INFO  l.i.u.t.SubmittedApplicationsPageTest - Starting test:'testFillNewVUIPApplicationFA'
2025-03-03 12:17:02 [main] DEBUG l.i.u.t.SubmittedApplicationsPageTest - User logged in with test credentials.
2025-03-03 12:17:02 [main] DEBUG l.i.u.t.SubmittedApplicationsPageTest - Opened 'Application Processing' menu.
2025-03-03 12:17:02 [main] DEBUG l.i.u.t.SubmittedApplicationsPageTest - Clicked on 'Application Forms' menu.
2025-03-03 12:17:03 [main] DEBUG l.i.u.t.SubmittedApplicationsPageTest - Retrieved last description code text: 'TST-VUI-52'.
2025-03-03 12:17:03 [main] DEBUG l.i.u.t.SubmittedApplicationsPageTest - Clicked on 'Invitation' menu.
2025-03-03 12:17:04 [main] DEBUG l.i.u.t.SubmittedApplicationsPageTest - Selected application section by code: 'TST-VUI-52'.
2025-03-03 12:17:04 [main] DEBUG l.i.u.t.SubmittedApplicationsPageTest - Clicked 'Search' button.
2025-03-03 12:17:04 [main] DEBUG l.i.u.t.SubmittedApplicationsPageTest - Retrieved invitation code: ''.
2025-03-03 12:17:04 [main] DEBUG l.i.u.t.SubmittedApplicationsPageTest - Clicked on 'Submitted Applications' menu.
2025-03-03 12:17:06 [main] DEBUG l.i.u.t.SubmittedApplicationsPageTest - Selected invitation by code: 'TST-VUI-52'.
2025-03-03 12:17:06 [main] DEBUG l.i.u.t.SubmittedApplicationsPageTest - Invitation code inserted.
2025-03-03 12:17:06 [main] DEBUG l.i.u.t.SubmittedApplicationsPageTest - Clicked on 'Action Application' button.
2025-03-03 12:17:06 [main] DEBUG l.i.u.t.SubmittedApplicationsPageTest - Clicked on 'New Application' button.
2025-03-03 12:17:06 [main] DEBUG l.i.u.t.SubmittedApplicationsPageTest - Selected the 'RadioButtonFA' option.
2025-03-03 12:17:07 [main] DEBUG l.i.u.t.SubmittedApplicationsPageTest - Entered phone number: '61298745'.
2025-03-03 12:17:07 [main] DEBUG l.i.u.t.SubmittedApplicationsPageTest - Entered email: 'test@autotest.com'.
2025-03-03 12:17:07 [main] DEBUG l.i.u.t.SubmittedApplicationsPageTest - Clicked on 'Address Component' button.
2025-03-03 12:17:07 [main] INFO  l.i.u.p.SubmittedApplicationsPage - Located the dropdown button.
2025-03-03 12:17:11 [main] INFO  l.i.u.p.SubmittedApplicationsPage - Successfully selected the value: 'Lietuva'
2025-03-03 12:17:11 [main] DEBUG l.i.u.t.SubmittedApplicationsPageTest - Selected country: 'Lietuva'.
2025-03-03 12:17:11 [main] INFO  l.i.u.p.SubmittedApplicationsPage - Located the dropdown search field.
2025-03-03 12:17:11 [main] INFO  l.i.u.p.SubmittedApplicationsPage - Dropdown city is opened.
2025-03-03 12:17:13 [main] INFO  l.i.u.p.SubmittedApplicationsPage - Searched for value: 'Vilnius'
2025-03-03 12:17:44 [main] ERROR l.i.u.p.SubmittedApplicationsPage - Failed to select dropdown option: Expected condition failed: waiting for visibility of all elements located by By.xpath: //mat-option/span[contains(@class, 'area-center') and contains(text(), 'Vilnius')] (tried for 30 second(s) with 500 milliseconds interval)
Build info: version: '4.27.0', revision: 'd6e718d134'
System info: os.name: 'Windows 11', os.arch: 'amd64', os.version: '10.0', java.version: '21.0.3'
Driver info: org.openqa.selenium.chrome.ChromeDriver
Capabilities {acceptInsecureCerts: false, browserName: chrome, browserVersion: 133.0.6943.142, chrome: {chromedriverVersion: 133.0.6943.141 (2a5d6da0d61..., userDataDir: C:\Users\INGRID~1.ZAD\AppDa...}, fedcm:accounts: true, goog:chromeOptions: {debuggerAddress: localhost:61214}, networkConnectionEnabled: false, pageLoadStrategy: normal, platformName: windows, proxy: Proxy(), se:cdp: ws://localhost:61214/devtoo..., se:cdpVersion: 133.0.6943.142, setWindowRect: true, strictFileInteractability: false, timeouts: {implicit: 0, pageLoad: 300000, script: 30000}, unhandledPromptBehavior: dismiss and notify, webauthn:extension:credBlob: true, webauthn:extension:largeBlob: true, webauthn:extension:minPinLength: true, webauthn:extension:prf: true, webauthn:virtualAuthenticators: true}
Session ID: 45d5f7e81092024431feadaede254e9f
2025-03-03 12:18:14 [main] ERROR l.i.u.p.SubmittedApplicationsPage - Timeout while waiting for dropdown to close with aria-expanded = 'false'.
2025-03-03 12:18:14 [main] INFO  l.i.u.p.SubmittedApplicationsPage - Located the dropdown button.
2025-03-03 12:18:15 [main] ERROR l.i.u.p.SubmittedApplicationsPage - Dropdown button click failed: element click intercepted: Element <mat-select role="combobox" aria-haspopup="listbox" class="mat-mdc-select primary-control ng-tns-c1073613477-42 mat-mdc-select-required mat-mdc-select-empty ng-untouched ng-pristine ng-star-inserted mat-mdc-select-disabled" aria-labelledby="mat-select-value-10" id="mat-select-10" tabindex="-1" aria-expanded="false" aria-required="true" aria-disabled="true" aria-invalid="false" required="">...</mat-select> is not clickable at point (960, 503). Other element would receive the click: <mat-option role="option" class="mat-mdc-option mdc-list-item ng-star-inserted mdc-list-item--selected mat-mdc-option-active" id="mat-option-1281" aria-selected="true" aria-disabled="false" style="">...</mat-option>
  (Session info: chrome=133.0.6943.142)
Build info: version: '4.27.0', revision: 'd6e718d134'
System info: os.name: 'Windows 11', os.arch: 'amd64', os.version: '10.0', java.version: '21.0.3'
Driver info: org.openqa.selenium.chrome.ChromeDriver
Command: [45d5f7e81092024431feadaede254e9f, clickElement {id=f.5C0C99D6B5ED5B3556E674BD0B6ACEF2.d.375BF5D231B674ADA039F4D7A01FF82C.e.562}]
Capabilities {acceptInsecureCerts: false, browserName: chrome, browserVersion: 133.0.6943.142, chrome: {chromedriverVersion: 133.0.6943.141 (2a5d6da0d61..., userDataDir: C:\Users\INGRID~1.ZAD\AppDa...}, fedcm:accounts: true, goog:chromeOptions: {debuggerAddress: localhost:61214}, networkConnectionEnabled: false, pageLoadStrategy: normal, platformName: windows, proxy: Proxy(), se:cdp: ws://localhost:61214/devtoo..., se:cdpVersion: 133.0.6943.142, setWindowRect: true, strictFileInteractability: false, timeouts: {implicit: 0, pageLoad: 300000, script: 30000}, unhandledPromptBehavior: dismiss and notify, webauthn:extension:credBlob: true, webauthn:extension:largeBlob: true, webauthn:extension:minPinLength: true, webauthn:extension:prf: true, webauthn:virtualAuthenticators: true}
Element: [[ChromeDriver: chrome on windows (45d5f7e81092024431feadaede254e9f)] -> xpath: //mat-label[contains(text(), 'Gatvė')]/following::mat-select[1]]
Session ID: 45d5f7e81092024431feadaede254e9f
2025-03-03 12:18:15 [main] WARN  l.i.u.p.SubmittedApplicationsPage - Dropdown value 'Piliakalnio g.' not found.
2025-03-03 12:18:15 [main] DEBUG l.i.u.t.SubmittedApplicationsPageTest - Selected street: 'Piliakalnio g.'.
2025-03-03 12:18:15 [main] INFO  l.i.u.p.SubmittedApplicationsPage - Located the dropdown button.
2025-03-03 12:18:16 [main] ERROR l.i.u.p.SubmittedApplicationsPage - Dropdown button click failed: element click intercepted: Element <mat-select role="combobox" aria-haspopup="listbox" class="mat-mdc-select primary-control ng-tns-c1073613477-44 mat-mdc-select-required mat-mdc-select-empty ng-untouched ng-pristine ng-star-inserted mat-mdc-select-disabled" aria-labelledby="mat-select-value-11" id="mat-select-11" tabindex="-1" aria-expanded="false" aria-required="true" aria-disabled="true" aria-invalid="false" required="">...</mat-select> is not clickable at point (960, 559). Other element would receive the click: <div class="cdk-overlay-backdrop cdk-overlay-transparent-backdrop cdk-overlay-backdrop-showing"></div>
  (Session info: chrome=133.0.6943.142)
Build info: version: '4.27.0', revision: 'd6e718d134'
System info: os.name: 'Windows 11', os.arch: 'amd64', os.version: '10.0', java.version: '21.0.3'
Driver info: org.openqa.selenium.chrome.ChromeDriver
Command: [45d5f7e81092024431feadaede254e9f, clickElement {id=f.5C0C99D6B5ED5B3556E674BD0B6ACEF2.d.375BF5D231B674ADA039F4D7A01FF82C.e.566}]
Capabilities {acceptInsecureCerts: false, browserName: chrome, browserVersion: 133.0.6943.142, chrome: {chromedriverVersion: 133.0.6943.141 (2a5d6da0d61..., userDataDir: C:\Users\INGRID~1.ZAD\AppDa...}, fedcm:accounts: true, goog:chromeOptions: {debuggerAddress: localhost:61214}, networkConnectionEnabled: false, pageLoadStrategy: normal, platformName: windows, proxy: Proxy(), se:cdp: ws://localhost:61214/devtoo..., se:cdpVersion: 133.0.6943.142, setWindowRect: true, strictFileInteractability: false, timeouts: {implicit: 0, pageLoad: 300000, script: 30000}, unhandledPromptBehavior: dismiss and notify, webauthn:extension:credBlob: true, webauthn:extension:largeBlob: true, webauthn:extension:minPinLength: true, webauthn:extension:prf: true, webauthn:virtualAuthenticators: true}
Element: [[ChromeDriver: chrome on windows (45d5f7e81092024431feadaede254e9f)] -> xpath: //mat-label[contains(text(), 'Namo Nr.')]/following::mat-select[1]]
Session ID: 45d5f7e81092024431feadaede254e9f
2025-03-03 12:18:16 [main] WARN  l.i.u.p.SubmittedApplicationsPage - Dropdown value '11' not found.
2025-03-03 12:18:16 [main] DEBUG l.i.u.t.SubmittedApplicationsPageTest - Selected house: '11'.
2025-03-03 12:18:16 [main] INFO  l.i.u.p.SubmittedApplicationsPage - Located the dropdown button.
2025-03-03 12:18:18 [main] ERROR l.i.u.p.SubmittedApplicationsPage - Dropdown button click failed: element click intercepted: Element <mat-select role="combobox" aria-haspopup="listbox" class="mat-mdc-select primary-control ng-tns-c1073613477-46 mat-mdc-select-empty ng-untouched ng-pristine ng-star-inserted mat-mdc-select-disabled" aria-labelledby="mat-select-value-12" id="mat-select-12" tabindex="-1" aria-expanded="false" aria-required="false" aria-disabled="true" aria-invalid="false">...</mat-select> is not clickable at point (960, 615). Other element would receive the click: <div class="cdk-overlay-backdrop cdk-overlay-transparent-backdrop cdk-overlay-backdrop-showing"></div>
  (Session info: chrome=133.0.6943.142)
Build info: version: '4.27.0', revision: 'd6e718d134'
System info: os.name: 'Windows 11', os.arch: 'amd64', os.version: '10.0', java.version: '21.0.3'
Driver info: org.openqa.selenium.chrome.ChromeDriver
Command: [45d5f7e81092024431feadaede254e9f, clickElement {id=f.5C0C99D6B5ED5B3556E674BD0B6ACEF2.d.375BF5D231B674ADA039F4D7A01FF82C.e.567}]
Capabilities {acceptInsecureCerts: false, browserName: chrome, browserVersion: 133.0.6943.142, chrome: {chromedriverVersion: 133.0.6943.141 (2a5d6da0d61..., userDataDir: C:\Users\INGRID~1.ZAD\AppDa...}, fedcm:accounts: true, goog:chromeOptions: {debuggerAddress: localhost:61214}, networkConnectionEnabled: false, pageLoadStrategy: normal, platformName: windows, proxy: Proxy(), se:cdp: ws://localhost:61214/devtoo..., se:cdpVersion: 133.0.6943.142, setWindowRect: true, strictFileInteractability: false, timeouts: {implicit: 0, pageLoad: 300000, script: 30000}, unhandledPromptBehavior: dismiss and notify, webauthn:extension:credBlob: true, webauthn:extension:largeBlob: true, webauthn:extension:minPinLength: true, webauthn:extension:prf: true, webauthn:virtualAuthenticators: true}
Element: [[ChromeDriver: chrome on windows (45d5f7e81092024431feadaede254e9f)] -> xpath: //mat-label[contains(text(), 'Buto / patalpos Nr.')]/following::mat-select[1]]
Session ID: 45d5f7e81092024431feadaede254e9f
2025-03-03 12:18:18 [main] WARN  l.i.u.p.SubmittedApplicationsPage - Dropdown value '1' not found.
2025-03-03 12:18:18 [main] DEBUG l.i.u.t.SubmittedApplicationsPageTest - Selected apartment: '1'.
2025-03-03 12:18:18 [main] DEBUG l.i.u.t.SubmittedApplicationsPageTest - Entered project date.
2025-03-03 12:18:18 [main] DEBUG l.i.u.t.SubmittedApplicationsPageTest - Entered job count: '1'.
2025-03-03 12:18:19 [main] ERROR l.i.u.t.SubmittedApplicationsPageTest - Test 'testFillNewVUIApplicationFA' failed with error: element click intercepted: Element <button type="button" class="i-forms-stepper-button i-forms-stepper-button-next">...</button> is not clickable at point (1823, 971). Other element would receive the click: <div class="cdk-overlay-backdrop cdk-overlay-transparent-backdrop cdk-overlay-backdrop-showing"></div>
  (Session info: chrome=133.0.6943.142)
Build info: version: '4.27.0', revision: 'd6e718d134'
System info: os.name: 'Windows 11', os.arch: 'amd64', os.version: '10.0', java.version: '21.0.3'
Driver info: org.openqa.selenium.chrome.ChromeDriver
Command: [45d5f7e81092024431feadaede254e9f, clickElement {id=f.5C0C99D6B5ED5B3556E674BD0B6ACEF2.d.375BF5D231B674ADA039F4D7A01FF82C.e.572}]
Capabilities {acceptInsecureCerts: false, browserName: chrome, browserVersion: 133.0.6943.142, chrome: {chromedriverVersion: 133.0.6943.141 (2a5d6da0d61..., userDataDir: C:\Users\INGRID~1.ZAD\AppDa...}, fedcm:accounts: true, goog:chromeOptions: {debuggerAddress: localhost:61214}, networkConnectionEnabled: false, pageLoadStrategy: normal, platformName: windows, proxy: Proxy(), se:cdp: ws://localhost:61214/devtoo..., se:cdpVersion: 133.0.6943.142, setWindowRect: true, strictFileInteractability: false, timeouts: {implicit: 0, pageLoad: 300000, script: 30000}, unhandledPromptBehavior: dismiss and notify, webauthn:extension:credBlob: true, webauthn:extension:largeBlob: true, webauthn:extension:minPinLength: true, webauthn:extension:prf: true, webauthn:virtualAuthenticators: true}
Element: [[ChromeDriver: chrome on windows (45d5f7e81092024431feadaede254e9f)] -> xpath: //button[contains(@class, 'i-forms-stepper-button-next') and normalize-space(text())='Toliau']]
Session ID: 45d5f7e81092024431feadaede254e9f
org.openqa.selenium.ElementClickInterceptedException: element click intercepted: Element <button type="button" class="i-forms-stepper-button i-forms-stepper-button-next">...</button> is not clickable at point (1823, 971). Other element would receive the click: <div class="cdk-overlay-backdrop cdk-overlay-transparent-backdrop cdk-overlay-backdrop-showing"></div>
  (Session info: chrome=133.0.6943.142)
Build info: version: '4.27.0', revision: 'd6e718d134'
System info: os.name: 'Windows 11', os.arch: 'amd64', os.version: '10.0', java.version: '21.0.3'
Driver info: org.openqa.selenium.chrome.ChromeDriver
Command: [45d5f7e81092024431feadaede254e9f, clickElement {id=f.5C0C99D6B5ED5B3556E674BD0B6ACEF2.d.375BF5D231B674ADA039F4D7A01FF82C.e.572}]
Capabilities {acceptInsecureCerts: false, browserName: chrome, browserVersion: 133.0.6943.142, chrome: {chromedriverVersion: 133.0.6943.141 (2a5d6da0d61..., userDataDir: C:\Users\INGRID~1.ZAD\AppDa...}, fedcm:accounts: true, goog:chromeOptions: {debuggerAddress: localhost:61214}, networkConnectionEnabled: false, pageLoadStrategy: normal, platformName: windows, proxy: Proxy(), se:cdp: ws://localhost:61214/devtoo..., se:cdpVersion: 133.0.6943.142, setWindowRect: true, strictFileInteractability: false, timeouts: {implicit: 0, pageLoad: 300000, script: 30000}, unhandledPromptBehavior: dismiss and notify, webauthn:extension:credBlob: true, webauthn:extension:largeBlob: true, webauthn:extension:minPinLength: true, webauthn:extension:prf: true, webauthn:virtualAuthenticators: true}
Element: [[ChromeDriver: chrome on windows (45d5f7e81092024431feadaede254e9f)] -> xpath: //button[contains(@class, 'i-forms-stepper-button-next') and normalize-space(text())='Toliau']]
Session ID: 45d5f7e81092024431feadaede254e9f
	at java.base/jdk.internal.reflect.DirectConstructorHandleAccessor.newInstance(DirectConstructorHandleAccessor.java:62)
	at java.base/java.lang.reflect.Constructor.newInstanceWithCaller(Constructor.java:502)
	at java.base/java.lang.reflect.Constructor.newInstance(Constructor.java:486)
	at org.openqa.selenium.remote.ErrorCodec.decode(ErrorCodec.java:167)
	at org.openqa.selenium.remote.codec.w3c.W3CHttpResponseCodec.decode(W3CHttpResponseCodec.java:138)
	at org.openqa.selenium.remote.codec.w3c.W3CHttpResponseCodec.decode(W3CHttpResponseCodec.java:50)
	at org.openqa.selenium.remote.HttpCommandExecutor.execute(HttpCommandExecutor.java:190)
	at org.openqa.selenium.remote.service.DriverCommandExecutor.invokeExecute(DriverCommandExecutor.java:216)
	at org.openqa.selenium.remote.service.DriverCommandExecutor.execute(DriverCommandExecutor.java:174)
	at org.openqa.selenium.remote.RemoteWebDriver.execute(RemoteWebDriver.java:545)
	at org.openqa.selenium.remote.RemoteWebElement.execute(RemoteWebElement.java:223)
	at org.openqa.selenium.remote.RemoteWebElement.click(RemoteWebElement.java:76)
	at java.base/jdk.internal.reflect.DirectMethodHandleAccessor.invoke(DirectMethodHandleAccessor.java:103)
	at java.base/java.lang.reflect.Method.invoke(Method.java:580)
	at org.openqa.selenium.support.pagefactory.internal.LocatingElementHandler.invoke(LocatingElementHandler.java:51)
	at jdk.proxy2/jdk.proxy2.$Proxy14.click(Unknown Source)
	at lt.insoft.uztis.pages.SubmittedApplicationsPage.clickButtonNext(SubmittedApplicationsPage.java:1182)
	at lt.insoft.uztis.tests.SubmittedApplicationsPageTest.testFillNewVUIApplicationFA(SubmittedApplicationsPageTest.java:219)
	at java.base/jdk.internal.reflect.DirectMethodHandleAccessor.invoke(DirectMethodHandleAccessor.java:103)
	at java.base/java.lang.reflect.Method.invoke(Method.java:580)
	at org.junit.platform.commons.util.ReflectionUtils.invokeMethod(ReflectionUtils.java:728)
	at org.junit.jupiter.engine.execution.MethodInvocation.proceed(MethodInvocation.java:60)
	at org.junit.jupiter.engine.execution.InvocationInterceptorChain$ValidatingInvocation.proceed(InvocationInterceptorChain.java:131)
	at org.junit.jupiter.engine.extension.TimeoutExtension.intercept(TimeoutExtension.java:156)
	at org.junit.jupiter.engine.extension.TimeoutExtension.interceptTestableMethod(TimeoutExtension.java:147)
	at org.junit.jupiter.engine.extension.TimeoutExtension.interceptTestMethod(TimeoutExtension.java:86)
	at org.junit.jupiter.engine.execution.InterceptingExecutableInvoker$ReflectiveInterceptorCall.lambda$ofVoidMethod$0(InterceptingExecutableInvoker.java:103)
	at org.junit.jupiter.engine.execution.InterceptingExecutableInvoker.lambda$invoke$0(InterceptingExecutableInvoker.java:93)
	at org.junit.jupiter.engine.execution.InvocationInterceptorChain$InterceptedInvocation.proceed(InvocationInterceptorChain.java:106)
	at org.junit.jupiter.engine.execution.InvocationInterceptorChain.proceed(InvocationInterceptorChain.java:64)
	at org.junit.jupiter.engine.execution.InvocationInterceptorChain.chainAndInvoke(InvocationInterceptorChain.java:45)
	at org.junit.jupiter.engine.execution.InvocationInterceptorChain.invoke(InvocationInterceptorChain.java:37)
	at org.junit.jupiter.engine.execution.InterceptingExecutableInvoker.invoke(InterceptingExecutableInvoker.java:92)
	at org.junit.jupiter.engine.execution.InterceptingExecutableInvoker.invoke(InterceptingExecutableInvoker.java:86)
	at org.junit.jupiter.engine.descriptor.TestMethodTestDescriptor.lambda$invokeTestMethod$7(TestMethodTestDescriptor.java:218)
	at org.junit.platform.engine.support.hierarchical.ThrowableCollector.execute(ThrowableCollector.java:73)
	at org.junit.jupiter.engine.descriptor.TestMethodTestDescriptor.invokeTestMethod(TestMethodTestDescriptor.java:214)
	at org.junit.jupiter.engine.descriptor.TestMethodTestDescriptor.execute(TestMethodTestDescriptor.java:139)
	at org.junit.jupiter.engine.descriptor.TestMethodTestDescriptor.execute(TestMethodTestDescriptor.java:69)
	at org.junit.platform.engine.support.hierarchical.NodeTestTask.lambda$executeRecursively$6(NodeTestTask.java:151)
	at org.junit.platform.engine.support.hierarchical.ThrowableCollector.execute(ThrowableCollector.java:73)
	at org.junit.platform.engine.support.hierarchical.NodeTestTask.lambda$executeRecursively$8(NodeTestTask.java:141)
	at org.junit.platform.engine.support.hierarchical.Node.around(Node.java:137)
	at org.junit.platform.engine.support.hierarchical.NodeTestTask.lambda$executeRecursively$9(NodeTestTask.java:139)
	at org.junit.platform.engine.support.hierarchical.ThrowableCollector.execute(ThrowableCollector.java:73)
	at org.junit.platform.engine.support.hierarchical.NodeTestTask.executeRecursively(NodeTestTask.java:138)
	at org.junit.platform.engine.support.hierarchical.NodeTestTask.execute(NodeTestTask.java:95)
	at java.base/java.util.ArrayList.forEach(ArrayList.java:1596)
	at org.junit.platform.engine.support.hierarchical.SameThreadHierarchicalTestExecutorService.invokeAll(SameThreadHierarchicalTestExecutorService.java:41)
	at org.junit.platform.engine.support.hierarchical.NodeTestTask.lambda$executeRecursively$6(NodeTestTask.java:155)
	at org.junit.platform.engine.support.hierarchical.ThrowableCollector.execute(ThrowableCollector.java:73)
	at org.junit.platform.engine.support.hierarchical.NodeTestTask.lambda$executeRecursively$8(NodeTestTask.java:141)
	at org.junit.platform.engine.support.hierarchical.Node.around(Node.java:137)
	at org.junit.platform.engine.support.hierarchical.NodeTestTask.lambda$executeRecursively$9(NodeTestTask.java:139)
	at org.junit.platform.engine.support.hierarchical.ThrowableCollector.execute(ThrowableCollector.java:73)
	at org.junit.platform.engine.support.hierarchical.NodeTestTask.executeRecursively(NodeTestTask.java:138)
	at org.junit.platform.engine.support.hierarchical.NodeTestTask.execute(NodeTestTask.java:95)
	at java.base/java.util.ArrayList.forEach(ArrayList.java:1596)
	at org.junit.platform.engine.support.hierarchical.SameThreadHierarchicalTestExecutorService.invokeAll(SameThreadHierarchicalTestExecutorService.java:41)
	at org.junit.platform.engine.support.hierarchical.NodeTestTask.lambda$executeRecursively$6(NodeTestTask.java:155)
	at org.junit.platform.engine.support.hierarchical.ThrowableCollector.execute(ThrowableCollector.java:73)
	at org.junit.platform.engine.support.hierarchical.NodeTestTask.lambda$executeRecursively$8(NodeTestTask.java:141)
	at org.junit.platform.engine.support.hierarchical.Node.around(Node.java:137)
	at org.junit.platform.engine.support.hierarchical.NodeTestTask.lambda$executeRecursively$9(NodeTestTask.java:139)
	at org.junit.platform.engine.support.hierarchical.ThrowableCollector.execute(ThrowableCollector.java:73)
	at org.junit.platform.engine.support.hierarchical.NodeTestTask.executeRecursively(NodeTestTask.java:138)
	at org.junit.platform.engine.support.hierarchical.NodeTestTask.execute(NodeTestTask.java:95)
	at org.junit.platform.engine.support.hierarchical.SameThreadHierarchicalTestExecutorService.submit(SameThreadHierarchicalTestExecutorService.java:35)
	at org.junit.platform.engine.support.hierarchical.HierarchicalTestExecutor.execute(HierarchicalTestExecutor.java:57)
	at org.junit.platform.engine.support.hierarchical.HierarchicalTestEngine.execute(HierarchicalTestEngine.java:54)
	at org.junit.platform.launcher.core.EngineExecutionOrchestrator.execute(EngineExecutionOrchestrator.java:198)
	at org.junit.platform.launcher.core.EngineExecutionOrchestrator.execute(EngineExecutionOrchestrator.java:169)
	at org.junit.platform.launcher.core.EngineExecutionOrchestrator.execute(EngineExecutionOrchestrator.java:93)
	at org.junit.platform.launcher.core.EngineExecutionOrchestrator.lambda$execute$0(EngineExecutionOrchestrator.java:58)
	at org.junit.platform.launcher.core.EngineExecutionOrchestrator.withInterceptedStreams(EngineExecutionOrchestrator.java:141)
	at org.junit.platform.launcher.core.EngineExecutionOrchestrator.execute(EngineExecutionOrchestrator.java:57)
	at org.junit.platform.launcher.core.DefaultLauncher.execute(DefaultLauncher.java:103)
	at org.junit.platform.launcher.core.DefaultLauncher.execute(DefaultLauncher.java:85)
	at org.junit.platform.launcher.core.DelegatingLauncher.execute(DelegatingLauncher.java:47)
	at org.junit.platform.launcher.core.SessionPerRequestLauncher.execute(SessionPerRequestLauncher.java:63)
	at com.intellij.junit5.JUnit5IdeaTestRunner.startRunnerWithArgs(JUnit5IdeaTestRunner.java:57)
	at com.intellij.rt.junit.IdeaTestRunner$Repeater$1.execute(IdeaTestRunner.java:38)
	at com.intellij.rt.execution.junit.TestsRepeater.repeat(TestsRepeater.java:11)
	at com.intellij.rt.junit.IdeaTestRunner$Repeater.startRunnerWithArgs(IdeaTestRunner.java:35)
	at com.intellij.rt.junit.JUnitStarter.prepareStreamsAndStart(JUnitStarter.java:232)
	at com.intellij.rt.junit.JUnitStarter.main(JUnitStarter.java:55)
2025-03-03 12:18:19 [main] INFO  l.insoft.uztis.tests.utils.TestUtils - Screenshot moved to C:\Users\ingrida.zadorozniene\Desktop\Asm\UZTIS\UZTIS_tests\test-output\screenshots\20250303\121819539_testFillNewVUIApplicationFA().png
2025-03-03 12:29:18 [main] INFO  lt.insoft.uztis.tests.UztisPageTest - Navigated to https://uztisdev.asseco.lt/home
2025-03-03 12:29:18 [main] INFO  l.i.u.t.SubmittedApplicationsPageTest - Starting test:'testFillNewVUIPApplicationFA'
2025-03-03 12:29:19 [main] DEBUG l.i.u.t.SubmittedApplicationsPageTest - User logged in with test credentials.
2025-03-03 12:29:19 [main] DEBUG l.i.u.t.SubmittedApplicationsPageTest - Opened 'Application Processing' menu.
2025-03-03 12:29:19 [main] DEBUG l.i.u.t.SubmittedApplicationsPageTest - Clicked on 'Application Forms' menu.
2025-03-03 12:29:19 [main] DEBUG l.i.u.t.SubmittedApplicationsPageTest - Retrieved last description code text: 'TST-VUI-52'.
2025-03-03 12:29:20 [main] DEBUG l.i.u.t.SubmittedApplicationsPageTest - Clicked on 'Invitation' menu.
2025-03-03 12:29:21 [main] DEBUG l.i.u.t.SubmittedApplicationsPageTest - Selected application section by code: 'TST-VUI-52'.
2025-03-03 12:29:21 [main] DEBUG l.i.u.t.SubmittedApplicationsPageTest - Clicked 'Search' button.
2025-03-03 12:29:21 [main] DEBUG l.i.u.t.SubmittedApplicationsPageTest - Retrieved invitation code: ''.
2025-03-03 12:29:21 [main] DEBUG l.i.u.t.SubmittedApplicationsPageTest - Clicked on 'Submitted Applications' menu.
2025-03-03 12:29:22 [main] DEBUG l.i.u.t.SubmittedApplicationsPageTest - Selected invitation by code: 'TST-VUI-52'.
2025-03-03 12:29:22 [main] DEBUG l.i.u.t.SubmittedApplicationsPageTest - Invitation code inserted.
2025-03-03 12:29:22 [main] DEBUG l.i.u.t.SubmittedApplicationsPageTest - Clicked on 'Action Application' button.
2025-03-03 12:29:22 [main] DEBUG l.i.u.t.SubmittedApplicationsPageTest - Clicked on 'New Application' button.
2025-03-03 12:29:23 [main] DEBUG l.i.u.t.SubmittedApplicationsPageTest - Selected the 'RadioButtonFA' option.
2025-03-03 12:29:23 [main] DEBUG l.i.u.t.SubmittedApplicationsPageTest - Entered phone number: '61298745'.
2025-03-03 12:29:23 [main] DEBUG l.i.u.t.SubmittedApplicationsPageTest - Entered email: 'test@autotest.com'.
2025-03-03 12:29:23 [main] DEBUG l.i.u.t.SubmittedApplicationsPageTest - Clicked on 'Address Component' button.
2025-03-03 12:29:23 [main] INFO  l.i.u.p.SubmittedApplicationsPage - Located the dropdown button.
2025-03-03 12:29:27 [main] INFO  l.i.u.p.SubmittedApplicationsPage - Successfully selected the value: 'Lietuva'
2025-03-03 12:29:27 [main] DEBUG l.i.u.t.SubmittedApplicationsPageTest - Selected country: 'Lietuva'.
2025-03-03 12:29:27 [main] INFO  l.i.u.p.SubmittedApplicationsPage - Located the dropdown search field.
2025-03-03 12:29:27 [main] INFO  l.i.u.p.SubmittedApplicationsPage - Dropdown city is opened.
2025-03-03 12:29:28 [main] INFO  l.i.u.p.SubmittedApplicationsPage - Searched for value: 'Vilnius'
2025-03-03 12:29:28 [main] INFO  l.i.u.p.SubmittedApplicationsPage - Successfully selected: 'Vilnius'
2025-03-03 12:29:59 [main] WARN  l.i.u.p.SubmittedApplicationsPage - Dropdown did not close as expected.
2025-03-03 12:30:09 [main] ERROR l.i.u.t.SubmittedApplicationsPageTest - Test 'testFillNewVUIApplicationFA' failed with error: Test failed: no such element: Unable to locate element: {"method":"xpath","selector":"//mat-option[@aria-selected='true']//span[contains(@class, 'area-center')]"}
  (Session info: chrome=133.0.6943.142)
For documentation on this error, please visit: https://www.selenium.dev/documentation/webdriver/troubleshooting/errors#no-such-element-exception
Build info: version: '4.27.0', revision: 'd6e718d134'
System info: os.name: 'Windows 11', os.arch: 'amd64', os.version: '10.0', java.version: '21.0.3'
Driver info: org.openqa.selenium.chrome.ChromeDriver
Command: [8f2ae626593580946fe5180ce75c617b, findElement {using=xpath, value=//mat-option[@aria-selected='true']//span[contains(@class, 'area-center')]}]
Capabilities {acceptInsecureCerts: false, browserName: chrome, browserVersion: 133.0.6943.142, chrome: {chromedriverVersion: 133.0.6943.141 (2a5d6da0d61..., userDataDir: C:\Users\INGRID~1.ZAD\AppDa...}, fedcm:accounts: true, goog:chromeOptions: {debuggerAddress: localhost:61632}, networkConnectionEnabled: false, pageLoadStrategy: normal, platformName: windows, proxy: Proxy(), se:cdp: ws://localhost:61632/devtoo..., se:cdpVersion: 133.0.6943.142, setWindowRect: true, strictFileInteractability: false, timeouts: {implicit: 0, pageLoad: 300000, script: 30000}, unhandledPromptBehavior: dismiss and notify, webauthn:extension:credBlob: true, webauthn:extension:largeBlob: true, webauthn:extension:minPinLength: true, webauthn:extension:prf: true, webauthn:virtualAuthenticators: true}
Session ID: 8f2ae626593580946fe5180ce75c617b
java.lang.AssertionError: Test failed: no such element: Unable to locate element: {"method":"xpath","selector":"//mat-option[@aria-selected='true']//span[contains(@class, 'area-center')]"}
  (Session info: chrome=133.0.6943.142)
For documentation on this error, please visit: https://www.selenium.dev/documentation/webdriver/troubleshooting/errors#no-such-element-exception
Build info: version: '4.27.0', revision: 'd6e718d134'
System info: os.name: 'Windows 11', os.arch: 'amd64', os.version: '10.0', java.version: '21.0.3'
Driver info: org.openqa.selenium.chrome.ChromeDriver
Command: [8f2ae626593580946fe5180ce75c617b, findElement {using=xpath, value=//mat-option[@aria-selected='true']//span[contains(@class, 'area-center')]}]
Capabilities {acceptInsecureCerts: false, browserName: chrome, browserVersion: 133.0.6943.142, chrome: {chromedriverVersion: 133.0.6943.141 (2a5d6da0d61..., userDataDir: C:\Users\INGRID~1.ZAD\AppDa...}, fedcm:accounts: true, goog:chromeOptions: {debuggerAddress: localhost:61632}, networkConnectionEnabled: false, pageLoadStrategy: normal, platformName: windows, proxy: Proxy(), se:cdp: ws://localhost:61632/devtoo..., se:cdpVersion: 133.0.6943.142, setWindowRect: true, strictFileInteractability: false, timeouts: {implicit: 0, pageLoad: 300000, script: 30000}, unhandledPromptBehavior: dismiss and notify, webauthn:extension:credBlob: true, webauthn:extension:largeBlob: true, webauthn:extension:minPinLength: true, webauthn:extension:prf: true, webauthn:virtualAuthenticators: true}
Session ID: 8f2ae626593580946fe5180ce75c617b
	at org.testng.Assert.fail(Assert.java:110)
	at lt.insoft.uztis.tests.SubmittedApplicationsPageTest.testFillNewVUIApplicationFA(SubmittedApplicationsPageTest.java:217)
	at java.base/jdk.internal.reflect.DirectMethodHandleAccessor.invoke(DirectMethodHandleAccessor.java:103)
	at java.base/java.lang.reflect.Method.invoke(Method.java:580)
	at org.junit.platform.commons.util.ReflectionUtils.invokeMethod(ReflectionUtils.java:728)
	at org.junit.jupiter.engine.execution.MethodInvocation.proceed(MethodInvocation.java:60)
	at org.junit.jupiter.engine.execution.InvocationInterceptorChain$ValidatingInvocation.proceed(InvocationInterceptorChain.java:131)
	at org.junit.jupiter.engine.extension.TimeoutExtension.intercept(TimeoutExtension.java:156)
	at org.junit.jupiter.engine.extension.TimeoutExtension.interceptTestableMethod(TimeoutExtension.java:147)
	at org.junit.jupiter.engine.extension.TimeoutExtension.interceptTestMethod(TimeoutExtension.java:86)
	at org.junit.jupiter.engine.execution.InterceptingExecutableInvoker$ReflectiveInterceptorCall.lambda$ofVoidMethod$0(InterceptingExecutableInvoker.java:103)
	at org.junit.jupiter.engine.execution.InterceptingExecutableInvoker.lambda$invoke$0(InterceptingExecutableInvoker.java:93)
	at org.junit.jupiter.engine.execution.InvocationInterceptorChain$InterceptedInvocation.proceed(InvocationInterceptorChain.java:106)
	at org.junit.jupiter.engine.execution.InvocationInterceptorChain.proceed(InvocationInterceptorChain.java:64)
	at org.junit.jupiter.engine.execution.InvocationInterceptorChain.chainAndInvoke(InvocationInterceptorChain.java:45)
	at org.junit.jupiter.engine.execution.InvocationInterceptorChain.invoke(InvocationInterceptorChain.java:37)
	at org.junit.jupiter.engine.execution.InterceptingExecutableInvoker.invoke(InterceptingExecutableInvoker.java:92)
	at org.junit.jupiter.engine.execution.InterceptingExecutableInvoker.invoke(InterceptingExecutableInvoker.java:86)
	at org.junit.jupiter.engine.descriptor.TestMethodTestDescriptor.lambda$invokeTestMethod$7(TestMethodTestDescriptor.java:218)
	at org.junit.platform.engine.support.hierarchical.ThrowableCollector.execute(ThrowableCollector.java:73)
	at org.junit.jupiter.engine.descriptor.TestMethodTestDescriptor.invokeTestMethod(TestMethodTestDescriptor.java:214)
	at org.junit.jupiter.engine.descriptor.TestMethodTestDescriptor.execute(TestMethodTestDescriptor.java:139)
	at org.junit.jupiter.engine.descriptor.TestMethodTestDescriptor.execute(TestMethodTestDescriptor.java:69)
	at org.junit.platform.engine.support.hierarchical.NodeTestTask.lambda$executeRecursively$6(NodeTestTask.java:151)
	at org.junit.platform.engine.support.hierarchical.ThrowableCollector.execute(ThrowableCollector.java:73)
	at org.junit.platform.engine.support.hierarchical.NodeTestTask.lambda$executeRecursively$8(NodeTestTask.java:141)
	at org.junit.platform.engine.support.hierarchical.Node.around(Node.java:137)
	at org.junit.platform.engine.support.hierarchical.NodeTestTask.lambda$executeRecursively$9(NodeTestTask.java:139)
	at org.junit.platform.engine.support.hierarchical.ThrowableCollector.execute(ThrowableCollector.java:73)
	at org.junit.platform.engine.support.hierarchical.NodeTestTask.executeRecursively(NodeTestTask.java:138)
	at org.junit.platform.engine.support.hierarchical.NodeTestTask.execute(NodeTestTask.java:95)
	at java.base/java.util.ArrayList.forEach(ArrayList.java:1596)
	at org.junit.platform.engine.support.hierarchical.SameThreadHierarchicalTestExecutorService.invokeAll(SameThreadHierarchicalTestExecutorService.java:41)
	at org.junit.platform.engine.support.hierarchical.NodeTestTask.lambda$executeRecursively$6(NodeTestTask.java:155)
	at org.junit.platform.engine.support.hierarchical.ThrowableCollector.execute(ThrowableCollector.java:73)
	at org.junit.platform.engine.support.hierarchical.NodeTestTask.lambda$executeRecursively$8(NodeTestTask.java:141)
	at org.junit.platform.engine.support.hierarchical.Node.around(Node.java:137)
	at org.junit.platform.engine.support.hierarchical.NodeTestTask.lambda$executeRecursively$9(NodeTestTask.java:139)
	at org.junit.platform.engine.support.hierarchical.ThrowableCollector.execute(ThrowableCollector.java:73)
	at org.junit.platform.engine.support.hierarchical.NodeTestTask.executeRecursively(NodeTestTask.java:138)
	at org.junit.platform.engine.support.hierarchical.NodeTestTask.execute(NodeTestTask.java:95)
	at java.base/java.util.ArrayList.forEach(ArrayList.java:1596)
	at org.junit.platform.engine.support.hierarchical.SameThreadHierarchicalTestExecutorService.invokeAll(SameThreadHierarchicalTestExecutorService.java:41)
	at org.junit.platform.engine.support.hierarchical.NodeTestTask.lambda$executeRecursively$6(NodeTestTask.java:155)
	at org.junit.platform.engine.support.hierarchical.ThrowableCollector.execute(ThrowableCollector.java:73)
	at org.junit.platform.engine.support.hierarchical.NodeTestTask.lambda$executeRecursively$8(NodeTestTask.java:141)
	at org.junit.platform.engine.support.hierarchical.Node.around(Node.java:137)
	at org.junit.platform.engine.support.hierarchical.NodeTestTask.lambda$executeRecursively$9(NodeTestTask.java:139)
	at org.junit.platform.engine.support.hierarchical.ThrowableCollector.execute(ThrowableCollector.java:73)
	at org.junit.platform.engine.support.hierarchical.NodeTestTask.executeRecursively(NodeTestTask.java:138)
	at org.junit.platform.engine.support.hierarchical.NodeTestTask.execute(NodeTestTask.java:95)
	at org.junit.platform.engine.support.hierarchical.SameThreadHierarchicalTestExecutorService.submit(SameThreadHierarchicalTestExecutorService.java:35)
	at org.junit.platform.engine.support.hierarchical.HierarchicalTestExecutor.execute(HierarchicalTestExecutor.java:57)
	at org.junit.platform.engine.support.hierarchical.HierarchicalTestEngine.execute(HierarchicalTestEngine.java:54)
	at org.junit.platform.launcher.core.EngineExecutionOrchestrator.execute(EngineExecutionOrchestrator.java:198)
	at org.junit.platform.launcher.core.EngineExecutionOrchestrator.execute(EngineExecutionOrchestrator.java:169)
	at org.junit.platform.launcher.core.EngineExecutionOrchestrator.execute(EngineExecutionOrchestrator.java:93)
	at org.junit.platform.launcher.core.EngineExecutionOrchestrator.lambda$execute$0(EngineExecutionOrchestrator.java:58)
	at org.junit.platform.launcher.core.EngineExecutionOrchestrator.withInterceptedStreams(EngineExecutionOrchestrator.java:141)
	at org.junit.platform.launcher.core.EngineExecutionOrchestrator.execute(EngineExecutionOrchestrator.java:57)
	at org.junit.platform.launcher.core.DefaultLauncher.execute(DefaultLauncher.java:103)
	at org.junit.platform.launcher.core.DefaultLauncher.execute(DefaultLauncher.java:85)
	at org.junit.platform.launcher.core.DelegatingLauncher.execute(DelegatingLauncher.java:47)
	at org.junit.platform.launcher.core.SessionPerRequestLauncher.execute(SessionPerRequestLauncher.java:63)
	at com.intellij.junit5.JUnit5IdeaTestRunner.startRunnerWithArgs(JUnit5IdeaTestRunner.java:57)
	at com.intellij.rt.junit.IdeaTestRunner$Repeater$1.execute(IdeaTestRunner.java:38)
	at com.intellij.rt.execution.junit.TestsRepeater.repeat(TestsRepeater.java:11)
	at com.intellij.rt.junit.IdeaTestRunner$Repeater.startRunnerWithArgs(IdeaTestRunner.java:35)
	at com.intellij.rt.junit.JUnitStarter.prepareStreamsAndStart(JUnitStarter.java:232)
	at com.intellij.rt.junit.JUnitStarter.main(JUnitStarter.java:55)
2025-03-03 12:30:09 [main] INFO  l.insoft.uztis.tests.utils.TestUtils - Screenshot moved to C:\Users\ingrida.zadorozniene\Desktop\Asm\UZTIS\UZTIS_tests\test-output\screenshots\20250303\123009551_testFillNewVUIApplicationFA().png
2025-03-03 12:31:30 [main] INFO  lt.insoft.uztis.tests.UztisPageTest - Navigated to https://uztisdev.asseco.lt/home
2025-03-03 12:31:30 [main] INFO  l.i.u.t.SubmittedApplicationsPageTest - Starting test:'testFillNewVUIPApplicationFA'
2025-03-03 12:31:30 [main] DEBUG l.i.u.t.SubmittedApplicationsPageTest - User logged in with test credentials.
2025-03-03 12:31:31 [main] DEBUG l.i.u.t.SubmittedApplicationsPageTest - Opened 'Application Processing' menu.
2025-03-03 12:31:31 [main] DEBUG l.i.u.t.SubmittedApplicationsPageTest - Clicked on 'Application Forms' menu.
2025-03-03 12:31:31 [main] DEBUG l.i.u.t.SubmittedApplicationsPageTest - Retrieved last description code text: 'TST-VUI-52'.
2025-03-03 12:31:31 [main] DEBUG l.i.u.t.SubmittedApplicationsPageTest - Clicked on 'Invitation' menu.
2025-03-03 12:31:32 [main] DEBUG l.i.u.t.SubmittedApplicationsPageTest - Selected application section by code: 'TST-VUI-52'.
2025-03-03 12:31:32 [main] DEBUG l.i.u.t.SubmittedApplicationsPageTest - Clicked 'Search' button.
2025-03-03 12:31:32 [main] DEBUG l.i.u.t.SubmittedApplicationsPageTest - Retrieved invitation code: ''.
2025-03-03 12:31:33 [main] DEBUG l.i.u.t.SubmittedApplicationsPageTest - Clicked on 'Submitted Applications' menu.
2025-03-03 12:31:34 [main] DEBUG l.i.u.t.SubmittedApplicationsPageTest - Selected invitation by code: 'TST-VUI-52'.
2025-03-03 12:31:34 [main] DEBUG l.i.u.t.SubmittedApplicationsPageTest - Invitation code inserted.
2025-03-03 12:31:34 [main] DEBUG l.i.u.t.SubmittedApplicationsPageTest - Clicked on 'Action Application' button.
2025-03-03 12:31:34 [main] DEBUG l.i.u.t.SubmittedApplicationsPageTest - Clicked on 'New Application' button.
2025-03-03 12:31:35 [main] DEBUG l.i.u.t.SubmittedApplicationsPageTest - Selected the 'RadioButtonFA' option.
2025-03-03 12:31:35 [main] DEBUG l.i.u.t.SubmittedApplicationsPageTest - Entered phone number: '61298745'.
2025-03-03 12:31:35 [main] DEBUG l.i.u.t.SubmittedApplicationsPageTest - Entered email: 'test@autotest.com'.
2025-03-03 12:31:35 [main] DEBUG l.i.u.t.SubmittedApplicationsPageTest - Clicked on 'Address Component' button.
2025-03-03 12:31:35 [main] INFO  l.i.u.p.SubmittedApplicationsPage - Located the dropdown button.
2025-03-03 12:31:39 [main] INFO  l.i.u.p.SubmittedApplicationsPage - Successfully selected the value: 'Lietuva'
2025-03-03 12:31:39 [main] DEBUG l.i.u.t.SubmittedApplicationsPageTest - Selected country: 'Lietuva'.
2025-03-03 12:31:39 [main] INFO  l.i.u.p.SubmittedApplicationsPage - Located the dropdown search field.
2025-03-03 12:31:40 [main] INFO  l.i.u.p.SubmittedApplicationsPage - Dropdown city is opened.
2025-03-03 12:31:40 [main] INFO  l.i.u.p.SubmittedApplicationsPage - Searched for value: 'Vilnius'
2025-03-03 12:31:41 [main] INFO  l.i.u.p.SubmittedApplicationsPage - Successfully selected: 'Vilnius'
2025-03-03 12:32:11 [main] WARN  l.i.u.p.SubmittedApplicationsPage - Dropdown did not close as expected.
2025-03-03 12:32:21 [main] ERROR l.i.u.t.SubmittedApplicationsPageTest - Test 'testFillNewVUIApplicationFA' failed with error: Test failed: no such element: Unable to locate element: {"method":"xpath","selector":"//mat-option[@aria-selected='true']//span[contains(@class, 'area-center')]"}
  (Session info: chrome=133.0.6943.142)
For documentation on this error, please visit: https://www.selenium.dev/documentation/webdriver/troubleshooting/errors#no-such-element-exception
Build info: version: '4.27.0', revision: 'd6e718d134'
System info: os.name: 'Windows 11', os.arch: 'amd64', os.version: '10.0', java.version: '21.0.3'
Driver info: org.openqa.selenium.chrome.ChromeDriver
Command: [178d00159eda2d220c00dd980eb9481b, findElement {value=//mat-option[@aria-selected='true']//span[contains(@class, 'area-center')], using=xpath}]
Capabilities {acceptInsecureCerts: false, browserName: chrome, browserVersion: 133.0.6943.142, chrome: {chromedriverVersion: 133.0.6943.141 (2a5d6da0d61..., userDataDir: C:\Users\INGRID~1.ZAD\AppDa...}, fedcm:accounts: true, goog:chromeOptions: {debuggerAddress: localhost:61723}, networkConnectionEnabled: false, pageLoadStrategy: normal, platformName: windows, proxy: Proxy(), se:cdp: ws://localhost:61723/devtoo..., se:cdpVersion: 133.0.6943.142, setWindowRect: true, strictFileInteractability: false, timeouts: {implicit: 0, pageLoad: 300000, script: 30000}, unhandledPromptBehavior: dismiss and notify, webauthn:extension:credBlob: true, webauthn:extension:largeBlob: true, webauthn:extension:minPinLength: true, webauthn:extension:prf: true, webauthn:virtualAuthenticators: true}
Session ID: 178d00159eda2d220c00dd980eb9481b
java.lang.AssertionError: Test failed: no such element: Unable to locate element: {"method":"xpath","selector":"//mat-option[@aria-selected='true']//span[contains(@class, 'area-center')]"}
  (Session info: chrome=133.0.6943.142)
For documentation on this error, please visit: https://www.selenium.dev/documentation/webdriver/troubleshooting/errors#no-such-element-exception
Build info: version: '4.27.0', revision: 'd6e718d134'
System info: os.name: 'Windows 11', os.arch: 'amd64', os.version: '10.0', java.version: '21.0.3'
Driver info: org.openqa.selenium.chrome.ChromeDriver
Command: [178d00159eda2d220c00dd980eb9481b, findElement {value=//mat-option[@aria-selected='true']//span[contains(@class, 'area-center')], using=xpath}]
Capabilities {acceptInsecureCerts: false, browserName: chrome, browserVersion: 133.0.6943.142, chrome: {chromedriverVersion: 133.0.6943.141 (2a5d6da0d61..., userDataDir: C:\Users\INGRID~1.ZAD\AppDa...}, fedcm:accounts: true, goog:chromeOptions: {debuggerAddress: localhost:61723}, networkConnectionEnabled: false, pageLoadStrategy: normal, platformName: windows, proxy: Proxy(), se:cdp: ws://localhost:61723/devtoo..., se:cdpVersion: 133.0.6943.142, setWindowRect: true, strictFileInteractability: false, timeouts: {implicit: 0, pageLoad: 300000, script: 30000}, unhandledPromptBehavior: dismiss and notify, webauthn:extension:credBlob: true, webauthn:extension:largeBlob: true, webauthn:extension:minPinLength: true, webauthn:extension:prf: true, webauthn:virtualAuthenticators: true}
Session ID: 178d00159eda2d220c00dd980eb9481b
	at org.testng.Assert.fail(Assert.java:110)
	at lt.insoft.uztis.tests.SubmittedApplicationsPageTest.testFillNewVUIApplicationFA(SubmittedApplicationsPageTest.java:217)
	at java.base/jdk.internal.reflect.DirectMethodHandleAccessor.invoke(DirectMethodHandleAccessor.java:103)
	at java.base/java.lang.reflect.Method.invoke(Method.java:580)
	at org.junit.platform.commons.util.ReflectionUtils.invokeMethod(ReflectionUtils.java:728)
	at org.junit.jupiter.engine.execution.MethodInvocation.proceed(MethodInvocation.java:60)
	at org.junit.jupiter.engine.execution.InvocationInterceptorChain$ValidatingInvocation.proceed(InvocationInterceptorChain.java:131)
	at org.junit.jupiter.engine.extension.TimeoutExtension.intercept(TimeoutExtension.java:156)
	at org.junit.jupiter.engine.extension.TimeoutExtension.interceptTestableMethod(TimeoutExtension.java:147)
	at org.junit.jupiter.engine.extension.TimeoutExtension.interceptTestMethod(TimeoutExtension.java:86)
	at org.junit.jupiter.engine.execution.InterceptingExecutableInvoker$ReflectiveInterceptorCall.lambda$ofVoidMethod$0(InterceptingExecutableInvoker.java:103)
	at org.junit.jupiter.engine.execution.InterceptingExecutableInvoker.lambda$invoke$0(InterceptingExecutableInvoker.java:93)
	at org.junit.jupiter.engine.execution.InvocationInterceptorChain$InterceptedInvocation.proceed(InvocationInterceptorChain.java:106)
	at org.junit.jupiter.engine.execution.InvocationInterceptorChain.proceed(InvocationInterceptorChain.java:64)
	at org.junit.jupiter.engine.execution.InvocationInterceptorChain.chainAndInvoke(InvocationInterceptorChain.java:45)
	at org.junit.jupiter.engine.execution.InvocationInterceptorChain.invoke(InvocationInterceptorChain.java:37)
	at org.junit.jupiter.engine.execution.InterceptingExecutableInvoker.invoke(InterceptingExecutableInvoker.java:92)
	at org.junit.jupiter.engine.execution.InterceptingExecutableInvoker.invoke(InterceptingExecutableInvoker.java:86)
	at org.junit.jupiter.engine.descriptor.TestMethodTestDescriptor.lambda$invokeTestMethod$7(TestMethodTestDescriptor.java:218)
	at org.junit.platform.engine.support.hierarchical.ThrowableCollector.execute(ThrowableCollector.java:73)
	at org.junit.jupiter.engine.descriptor.TestMethodTestDescriptor.invokeTestMethod(TestMethodTestDescriptor.java:214)
	at org.junit.jupiter.engine.descriptor.TestMethodTestDescriptor.execute(TestMethodTestDescriptor.java:139)
	at org.junit.jupiter.engine.descriptor.TestMethodTestDescriptor.execute(TestMethodTestDescriptor.java:69)
	at org.junit.platform.engine.support.hierarchical.NodeTestTask.lambda$executeRecursively$6(NodeTestTask.java:151)
	at org.junit.platform.engine.support.hierarchical.ThrowableCollector.execute(ThrowableCollector.java:73)
	at org.junit.platform.engine.support.hierarchical.NodeTestTask.lambda$executeRecursively$8(NodeTestTask.java:141)
	at org.junit.platform.engine.support.hierarchical.Node.around(Node.java:137)
	at org.junit.platform.engine.support.hierarchical.NodeTestTask.lambda$executeRecursively$9(NodeTestTask.java:139)
	at org.junit.platform.engine.support.hierarchical.ThrowableCollector.execute(ThrowableCollector.java:73)
	at org.junit.platform.engine.support.hierarchical.NodeTestTask.executeRecursively(NodeTestTask.java:138)
	at org.junit.platform.engine.support.hierarchical.NodeTestTask.execute(NodeTestTask.java:95)
	at java.base/java.util.ArrayList.forEach(ArrayList.java:1596)
	at org.junit.platform.engine.support.hierarchical.SameThreadHierarchicalTestExecutorService.invokeAll(SameThreadHierarchicalTestExecutorService.java:41)
	at org.junit.platform.engine.support.hierarchical.NodeTestTask.lambda$executeRecursively$6(NodeTestTask.java:155)
	at org.junit.platform.engine.support.hierarchical.ThrowableCollector.execute(ThrowableCollector.java:73)
	at org.junit.platform.engine.support.hierarchical.NodeTestTask.lambda$executeRecursively$8(NodeTestTask.java:141)
	at org.junit.platform.engine.support.hierarchical.Node.around(Node.java:137)
	at org.junit.platform.engine.support.hierarchical.NodeTestTask.lambda$executeRecursively$9(NodeTestTask.java:139)
	at org.junit.platform.engine.support.hierarchical.ThrowableCollector.execute(ThrowableCollector.java:73)
	at org.junit.platform.engine.support.hierarchical.NodeTestTask.executeRecursively(NodeTestTask.java:138)
	at org.junit.platform.engine.support.hierarchical.NodeTestTask.execute(NodeTestTask.java:95)
	at java.base/java.util.ArrayList.forEach(ArrayList.java:1596)
	at org.junit.platform.engine.support.hierarchical.SameThreadHierarchicalTestExecutorService.invokeAll(SameThreadHierarchicalTestExecutorService.java:41)
	at org.junit.platform.engine.support.hierarchical.NodeTestTask.lambda$executeRecursively$6(NodeTestTask.java:155)
	at org.junit.platform.engine.support.hierarchical.ThrowableCollector.execute(ThrowableCollector.java:73)
	at org.junit.platform.engine.support.hierarchical.NodeTestTask.lambda$executeRecursively$8(NodeTestTask.java:141)
	at org.junit.platform.engine.support.hierarchical.Node.around(Node.java:137)
	at org.junit.platform.engine.support.hierarchical.NodeTestTask.lambda$executeRecursively$9(NodeTestTask.java:139)
	at org.junit.platform.engine.support.hierarchical.ThrowableCollector.execute(ThrowableCollector.java:73)
	at org.junit.platform.engine.support.hierarchical.NodeTestTask.executeRecursively(NodeTestTask.java:138)
	at org.junit.platform.engine.support.hierarchical.NodeTestTask.execute(NodeTestTask.java:95)
	at org.junit.platform.engine.support.hierarchical.SameThreadHierarchicalTestExecutorService.submit(SameThreadHierarchicalTestExecutorService.java:35)
	at org.junit.platform.engine.support.hierarchical.HierarchicalTestExecutor.execute(HierarchicalTestExecutor.java:57)
	at org.junit.platform.engine.support.hierarchical.HierarchicalTestEngine.execute(HierarchicalTestEngine.java:54)
	at org.junit.platform.launcher.core.EngineExecutionOrchestrator.execute(EngineExecutionOrchestrator.java:198)
	at org.junit.platform.launcher.core.EngineExecutionOrchestrator.execute(EngineExecutionOrchestrator.java:169)
	at org.junit.platform.launcher.core.EngineExecutionOrchestrator.execute(EngineExecutionOrchestrator.java:93)
	at org.junit.platform.launcher.core.EngineExecutionOrchestrator.lambda$execute$0(EngineExecutionOrchestrator.java:58)
	at org.junit.platform.launcher.core.EngineExecutionOrchestrator.withInterceptedStreams(EngineExecutionOrchestrator.java:141)
	at org.junit.platform.launcher.core.EngineExecutionOrchestrator.execute(EngineExecutionOrchestrator.java:57)
	at org.junit.platform.launcher.core.DefaultLauncher.execute(DefaultLauncher.java:103)
	at org.junit.platform.launcher.core.DefaultLauncher.execute(DefaultLauncher.java:85)
	at org.junit.platform.launcher.core.DelegatingLauncher.execute(DelegatingLauncher.java:47)
	at org.junit.platform.launcher.core.SessionPerRequestLauncher.execute(SessionPerRequestLauncher.java:63)
	at com.intellij.junit5.JUnit5IdeaTestRunner.startRunnerWithArgs(JUnit5IdeaTestRunner.java:57)
	at com.intellij.rt.junit.IdeaTestRunner$Repeater$1.execute(IdeaTestRunner.java:38)
	at com.intellij.rt.execution.junit.TestsRepeater.repeat(TestsRepeater.java:11)
	at com.intellij.rt.junit.IdeaTestRunner$Repeater.startRunnerWithArgs(IdeaTestRunner.java:35)
	at com.intellij.rt.junit.JUnitStarter.prepareStreamsAndStart(JUnitStarter.java:232)
	at com.intellij.rt.junit.JUnitStarter.main(JUnitStarter.java:55)
2025-03-03 12:32:21 [main] INFO  l.insoft.uztis.tests.utils.TestUtils - Screenshot moved to C:\Users\ingrida.zadorozniene\Desktop\Asm\UZTIS\UZTIS_tests\test-output\screenshots\20250303\123221769_testFillNewVUIApplicationFA().png
2025-03-03 12:37:33 [main] INFO  lt.insoft.uztis.tests.UztisPageTest - Navigated to https://uztisdev.asseco.lt/home
2025-03-03 12:37:33 [main] INFO  l.i.u.t.SubmittedApplicationsPageTest - Starting test:'testFillNewVUIPApplicationFA'
2025-03-03 12:37:33 [main] DEBUG l.i.u.t.SubmittedApplicationsPageTest - User logged in with test credentials.
2025-03-03 12:37:34 [main] DEBUG l.i.u.t.SubmittedApplicationsPageTest - Opened 'Application Processing' menu.
2025-03-03 12:37:34 [main] DEBUG l.i.u.t.SubmittedApplicationsPageTest - Clicked on 'Application Forms' menu.
2025-03-03 12:37:34 [main] DEBUG l.i.u.t.SubmittedApplicationsPageTest - Retrieved last description code text: 'TST-VUI-52'.
2025-03-03 12:37:34 [main] DEBUG l.i.u.t.SubmittedApplicationsPageTest - Clicked on 'Invitation' menu.
2025-03-03 12:37:35 [main] DEBUG l.i.u.t.SubmittedApplicationsPageTest - Selected application section by code: 'TST-VUI-52'.
2025-03-03 12:37:35 [main] DEBUG l.i.u.t.SubmittedApplicationsPageTest - Clicked 'Search' button.
2025-03-03 12:37:35 [main] DEBUG l.i.u.t.SubmittedApplicationsPageTest - Retrieved invitation code: ''.
2025-03-03 12:37:35 [main] DEBUG l.i.u.t.SubmittedApplicationsPageTest - Clicked on 'Submitted Applications' menu.
2025-03-03 12:37:37 [main] DEBUG l.i.u.t.SubmittedApplicationsPageTest - Selected invitation by code: 'TST-VUI-52'.
2025-03-03 12:37:37 [main] DEBUG l.i.u.t.SubmittedApplicationsPageTest - Invitation code inserted.
2025-03-03 12:37:37 [main] DEBUG l.i.u.t.SubmittedApplicationsPageTest - Clicked on 'Action Application' button.
2025-03-03 12:37:37 [main] DEBUG l.i.u.t.SubmittedApplicationsPageTest - Clicked on 'New Application' button.
2025-03-03 12:37:38 [main] DEBUG l.i.u.t.SubmittedApplicationsPageTest - Selected the 'RadioButtonFA' option.
2025-03-03 12:37:38 [main] DEBUG l.i.u.t.SubmittedApplicationsPageTest - Entered phone number: '61298745'.
2025-03-03 12:37:38 [main] DEBUG l.i.u.t.SubmittedApplicationsPageTest - Entered email: 'test@autotest.com'.
2025-03-03 12:37:38 [main] DEBUG l.i.u.t.SubmittedApplicationsPageTest - Clicked on 'Address Component' button.
2025-03-03 12:37:38 [main] INFO  l.i.u.p.SubmittedApplicationsPage - Located the dropdown button.
2025-03-03 12:37:42 [main] INFO  l.i.u.p.SubmittedApplicationsPage - Successfully selected the value: 'Lietuva'
2025-03-03 12:37:42 [main] DEBUG l.i.u.t.SubmittedApplicationsPageTest - Selected country: 'Lietuva'.
2025-03-03 12:37:42 [main] INFO  l.i.u.p.SubmittedApplicationsPage - Located the dropdown search field.
2025-03-03 12:37:42 [main] INFO  l.i.u.p.SubmittedApplicationsPage - Dropdown city is opened.
2025-03-03 12:37:42 [main] INFO  l.i.u.p.SubmittedApplicationsPage - Searched for value: 'Vilnius'
2025-03-03 12:37:43 [main] INFO  l.i.u.p.SubmittedApplicationsPage - Successfully selected: 'Vilnius'
2025-03-03 12:37:43 [main] INFO  l.i.u.p.SubmittedApplicationsPage - Located the dropdown button.
2025-03-03 12:37:44 [main] INFO  l.i.u.p.SubmittedApplicationsPage - Successfully selected the value: 'A. Domaševičiaus g.'
2025-03-03 12:37:44 [main] DEBUG l.i.u.t.SubmittedApplicationsPageTest - Selected street: 'A. Domaševičiaus g.'.
2025-03-03 12:37:44 [main] INFO  l.i.u.p.SubmittedApplicationsPage - Located the dropdown button.
2025-03-03 12:37:45 [main] INFO  l.i.u.p.SubmittedApplicationsPage - Successfully selected the value: '1'
2025-03-03 12:37:45 [main] DEBUG l.i.u.t.SubmittedApplicationsPageTest - Selected house: '1'.
2025-03-03 12:37:45 [main] INFO  l.i.u.p.SubmittedApplicationsPage - Located the dropdown button.
2025-03-03 12:37:46 [main] INFO  l.i.u.p.SubmittedApplicationsPage - Successfully selected the value: '1'
2025-03-03 12:37:46 [main] DEBUG l.i.u.t.SubmittedApplicationsPageTest - Selected apartment: '1'.
2025-03-03 12:37:46 [main] DEBUG l.i.u.t.SubmittedApplicationsPageTest - Entered project date.
2025-03-03 12:37:46 [main] DEBUG l.i.u.t.SubmittedApplicationsPageTest - Entered job count: '1'.
2025-03-03 12:37:47 [main] ERROR l.i.u.t.SubmittedApplicationsPageTest - Test 'testFillNewVUIApplicationFA' failed with error: element click intercepted: Element <button type="button" class="i-forms-stepper-button i-forms-stepper-button-next">...</button> is not clickable at point (1823, 971). Other element would receive the click: <div class="cdk-overlay-backdrop cdk-overlay-dark-backdrop cdk-overlay-backdrop-showing"></div>
  (Session info: chrome=133.0.6943.142)
Build info: version: '4.27.0', revision: 'd6e718d134'
System info: os.name: 'Windows 11', os.arch: 'amd64', os.version: '10.0', java.version: '21.0.3'
Driver info: org.openqa.selenium.chrome.ChromeDriver
Command: [9abcea2900ec2513d5068eea9e7b5f6a, clickElement {id=f.F5A23537E3703AFCBA3733770B2C8D13.d.87FE3AD3CBE40D97862E42178D474B36.e.591}]
Capabilities {acceptInsecureCerts: false, browserName: chrome, browserVersion: 133.0.6943.142, chrome: {chromedriverVersion: 133.0.6943.141 (2a5d6da0d61..., userDataDir: C:\Users\INGRID~1.ZAD\AppDa...}, fedcm:accounts: true, goog:chromeOptions: {debuggerAddress: localhost:61933}, networkConnectionEnabled: false, pageLoadStrategy: normal, platformName: windows, proxy: Proxy(), se:cdp: ws://localhost:61933/devtoo..., se:cdpVersion: 133.0.6943.142, setWindowRect: true, strictFileInteractability: false, timeouts: {implicit: 0, pageLoad: 300000, script: 30000}, unhandledPromptBehavior: dismiss and notify, webauthn:extension:credBlob: true, webauthn:extension:largeBlob: true, webauthn:extension:minPinLength: true, webauthn:extension:prf: true, webauthn:virtualAuthenticators: true}
Element: [[ChromeDriver: chrome on windows (9abcea2900ec2513d5068eea9e7b5f6a)] -> xpath: //button[contains(@class, 'i-forms-stepper-button-next') and normalize-space(text())='Toliau']]
Session ID: 9abcea2900ec2513d5068eea9e7b5f6a
org.openqa.selenium.ElementClickInterceptedException: element click intercepted: Element <button type="button" class="i-forms-stepper-button i-forms-stepper-button-next">...</button> is not clickable at point (1823, 971). Other element would receive the click: <div class="cdk-overlay-backdrop cdk-overlay-dark-backdrop cdk-overlay-backdrop-showing"></div>
  (Session info: chrome=133.0.6943.142)
Build info: version: '4.27.0', revision: 'd6e718d134'
System info: os.name: 'Windows 11', os.arch: 'amd64', os.version: '10.0', java.version: '21.0.3'
Driver info: org.openqa.selenium.chrome.ChromeDriver
Command: [9abcea2900ec2513d5068eea9e7b5f6a, clickElement {id=f.F5A23537E3703AFCBA3733770B2C8D13.d.87FE3AD3CBE40D97862E42178D474B36.e.591}]
Capabilities {acceptInsecureCerts: false, browserName: chrome, browserVersion: 133.0.6943.142, chrome: {chromedriverVersion: 133.0.6943.141 (2a5d6da0d61..., userDataDir: C:\Users\INGRID~1.ZAD\AppDa...}, fedcm:accounts: true, goog:chromeOptions: {debuggerAddress: localhost:61933}, networkConnectionEnabled: false, pageLoadStrategy: normal, platformName: windows, proxy: Proxy(), se:cdp: ws://localhost:61933/devtoo..., se:cdpVersion: 133.0.6943.142, setWindowRect: true, strictFileInteractability: false, timeouts: {implicit: 0, pageLoad: 300000, script: 30000}, unhandledPromptBehavior: dismiss and notify, webauthn:extension:credBlob: true, webauthn:extension:largeBlob: true, webauthn:extension:minPinLength: true, webauthn:extension:prf: true, webauthn:virtualAuthenticators: true}
Element: [[ChromeDriver: chrome on windows (9abcea2900ec2513d5068eea9e7b5f6a)] -> xpath: //button[contains(@class, 'i-forms-stepper-button-next') and normalize-space(text())='Toliau']]
Session ID: 9abcea2900ec2513d5068eea9e7b5f6a
	at java.base/jdk.internal.reflect.DirectConstructorHandleAccessor.newInstance(DirectConstructorHandleAccessor.java:62)
	at java.base/java.lang.reflect.Constructor.newInstanceWithCaller(Constructor.java:502)
	at java.base/java.lang.reflect.Constructor.newInstance(Constructor.java:486)
	at org.openqa.selenium.remote.ErrorCodec.decode(ErrorCodec.java:167)
	at org.openqa.selenium.remote.codec.w3c.W3CHttpResponseCodec.decode(W3CHttpResponseCodec.java:138)
	at org.openqa.selenium.remote.codec.w3c.W3CHttpResponseCodec.decode(W3CHttpResponseCodec.java:50)
	at org.openqa.selenium.remote.HttpCommandExecutor.execute(HttpCommandExecutor.java:190)
	at org.openqa.selenium.remote.service.DriverCommandExecutor.invokeExecute(DriverCommandExecutor.java:216)
	at org.openqa.selenium.remote.service.DriverCommandExecutor.execute(DriverCommandExecutor.java:174)
	at org.openqa.selenium.remote.RemoteWebDriver.execute(RemoteWebDriver.java:545)
	at org.openqa.selenium.remote.RemoteWebElement.execute(RemoteWebElement.java:223)
	at org.openqa.selenium.remote.RemoteWebElement.click(RemoteWebElement.java:76)
	at java.base/jdk.internal.reflect.DirectMethodHandleAccessor.invoke(DirectMethodHandleAccessor.java:103)
	at java.base/java.lang.reflect.Method.invoke(Method.java:580)
	at org.openqa.selenium.support.pagefactory.internal.LocatingElementHandler.invoke(LocatingElementHandler.java:51)
	at jdk.proxy2/jdk.proxy2.$Proxy14.click(Unknown Source)
	at lt.insoft.uztis.pages.SubmittedApplicationsPage.clickButtonNext(SubmittedApplicationsPage.java:1191)
	at lt.insoft.uztis.tests.SubmittedApplicationsPageTest.testFillNewVUIApplicationFA(SubmittedApplicationsPageTest.java:239)
	at java.base/jdk.internal.reflect.DirectMethodHandleAccessor.invoke(DirectMethodHandleAccessor.java:103)
	at java.base/java.lang.reflect.Method.invoke(Method.java:580)
	at org.junit.platform.commons.util.ReflectionUtils.invokeMethod(ReflectionUtils.java:728)
	at org.junit.jupiter.engine.execution.MethodInvocation.proceed(MethodInvocation.java:60)
	at org.junit.jupiter.engine.execution.InvocationInterceptorChain$ValidatingInvocation.proceed(InvocationInterceptorChain.java:131)
	at org.junit.jupiter.engine.extension.TimeoutExtension.intercept(TimeoutExtension.java:156)
	at org.junit.jupiter.engine.extension.TimeoutExtension.interceptTestableMethod(TimeoutExtension.java:147)
	at org.junit.jupiter.engine.extension.TimeoutExtension.interceptTestMethod(TimeoutExtension.java:86)
	at org.junit.jupiter.engine.execution.InterceptingExecutableInvoker$ReflectiveInterceptorCall.lambda$ofVoidMethod$0(InterceptingExecutableInvoker.java:103)
	at org.junit.jupiter.engine.execution.InterceptingExecutableInvoker.lambda$invoke$0(InterceptingExecutableInvoker.java:93)
	at org.junit.jupiter.engine.execution.InvocationInterceptorChain$InterceptedInvocation.proceed(InvocationInterceptorChain.java:106)
	at org.junit.jupiter.engine.execution.InvocationInterceptorChain.proceed(InvocationInterceptorChain.java:64)
	at org.junit.jupiter.engine.execution.InvocationInterceptorChain.chainAndInvoke(InvocationInterceptorChain.java:45)
	at org.junit.jupiter.engine.execution.InvocationInterceptorChain.invoke(InvocationInterceptorChain.java:37)
	at org.junit.jupiter.engine.execution.InterceptingExecutableInvoker.invoke(InterceptingExecutableInvoker.java:92)
	at org.junit.jupiter.engine.execution.InterceptingExecutableInvoker.invoke(InterceptingExecutableInvoker.java:86)
	at org.junit.jupiter.engine.descriptor.TestMethodTestDescriptor.lambda$invokeTestMethod$7(TestMethodTestDescriptor.java:218)
	at org.junit.platform.engine.support.hierarchical.ThrowableCollector.execute(ThrowableCollector.java:73)
	at org.junit.jupiter.engine.descriptor.TestMethodTestDescriptor.invokeTestMethod(TestMethodTestDescriptor.java:214)
	at org.junit.jupiter.engine.descriptor.TestMethodTestDescriptor.execute(TestMethodTestDescriptor.java:139)
	at org.junit.jupiter.engine.descriptor.TestMethodTestDescriptor.execute(TestMethodTestDescriptor.java:69)
	at org.junit.platform.engine.support.hierarchical.NodeTestTask.lambda$executeRecursively$6(NodeTestTask.java:151)
	at org.junit.platform.engine.support.hierarchical.ThrowableCollector.execute(ThrowableCollector.java:73)
	at org.junit.platform.engine.support.hierarchical.NodeTestTask.lambda$executeRecursively$8(NodeTestTask.java:141)
	at org.junit.platform.engine.support.hierarchical.Node.around(Node.java:137)
	at org.junit.platform.engine.support.hierarchical.NodeTestTask.lambda$executeRecursively$9(NodeTestTask.java:139)
	at org.junit.platform.engine.support.hierarchical.ThrowableCollector.execute(ThrowableCollector.java:73)
	at org.junit.platform.engine.support.hierarchical.NodeTestTask.executeRecursively(NodeTestTask.java:138)
	at org.junit.platform.engine.support.hierarchical.NodeTestTask.execute(NodeTestTask.java:95)
	at java.base/java.util.ArrayList.forEach(ArrayList.java:1596)
	at org.junit.platform.engine.support.hierarchical.SameThreadHierarchicalTestExecutorService.invokeAll(SameThreadHierarchicalTestExecutorService.java:41)
	at org.junit.platform.engine.support.hierarchical.NodeTestTask.lambda$executeRecursively$6(NodeTestTask.java:155)
	at org.junit.platform.engine.support.hierarchical.ThrowableCollector.execute(ThrowableCollector.java:73)
	at org.junit.platform.engine.support.hierarchical.NodeTestTask.lambda$executeRecursively$8(NodeTestTask.java:141)
	at org.junit.platform.engine.support.hierarchical.Node.around(Node.java:137)
	at org.junit.platform.engine.support.hierarchical.NodeTestTask.lambda$executeRecursively$9(NodeTestTask.java:139)
	at org.junit.platform.engine.support.hierarchical.ThrowableCollector.execute(ThrowableCollector.java:73)
	at org.junit.platform.engine.support.hierarchical.NodeTestTask.executeRecursively(NodeTestTask.java:138)
	at org.junit.platform.engine.support.hierarchical.NodeTestTask.execute(NodeTestTask.java:95)
	at java.base/java.util.ArrayList.forEach(ArrayList.java:1596)
	at org.junit.platform.engine.support.hierarchical.SameThreadHierarchicalTestExecutorService.invokeAll(SameThreadHierarchicalTestExecutorService.java:41)
	at org.junit.platform.engine.support.hierarchical.NodeTestTask.lambda$executeRecursively$6(NodeTestTask.java:155)
	at org.junit.platform.engine.support.hierarchical.ThrowableCollector.execute(ThrowableCollector.java:73)
	at org.junit.platform.engine.support.hierarchical.NodeTestTask.lambda$executeRecursively$8(NodeTestTask.java:141)
	at org.junit.platform.engine.support.hierarchical.Node.around(Node.java:137)
	at org.junit.platform.engine.support.hierarchical.NodeTestTask.lambda$executeRecursively$9(NodeTestTask.java:139)
	at org.junit.platform.engine.support.hierarchical.ThrowableCollector.execute(ThrowableCollector.java:73)
	at org.junit.platform.engine.support.hierarchical.NodeTestTask.executeRecursively(NodeTestTask.java:138)
	at org.junit.platform.engine.support.hierarchical.NodeTestTask.execute(NodeTestTask.java:95)
	at org.junit.platform.engine.support.hierarchical.SameThreadHierarchicalTestExecutorService.submit(SameThreadHierarchicalTestExecutorService.java:35)
	at org.junit.platform.engine.support.hierarchical.HierarchicalTestExecutor.execute(HierarchicalTestExecutor.java:57)
	at org.junit.platform.engine.support.hierarchical.HierarchicalTestEngine.execute(HierarchicalTestEngine.java:54)
	at org.junit.platform.launcher.core.EngineExecutionOrchestrator.execute(EngineExecutionOrchestrator.java:198)
	at org.junit.platform.launcher.core.EngineExecutionOrchestrator.execute(EngineExecutionOrchestrator.java:169)
	at org.junit.platform.launcher.core.EngineExecutionOrchestrator.execute(EngineExecutionOrchestrator.java:93)
	at org.junit.platform.launcher.core.EngineExecutionOrchestrator.lambda$execute$0(EngineExecutionOrchestrator.java:58)
	at org.junit.platform.launcher.core.EngineExecutionOrchestrator.withInterceptedStreams(EngineExecutionOrchestrator.java:141)
	at org.junit.platform.launcher.core.EngineExecutionOrchestrator.execute(EngineExecutionOrchestrator.java:57)
	at org.junit.platform.launcher.core.DefaultLauncher.execute(DefaultLauncher.java:103)
	at org.junit.platform.launcher.core.DefaultLauncher.execute(DefaultLauncher.java:85)
	at org.junit.platform.launcher.core.DelegatingLauncher.execute(DelegatingLauncher.java:47)
	at org.junit.platform.launcher.core.SessionPerRequestLauncher.execute(SessionPerRequestLauncher.java:63)
	at com.intellij.junit5.JUnit5IdeaTestRunner.startRunnerWithArgs(JUnit5IdeaTestRunner.java:57)
	at com.intellij.rt.junit.IdeaTestRunner$Repeater$1.execute(IdeaTestRunner.java:38)
	at com.intellij.rt.execution.junit.TestsRepeater.repeat(TestsRepeater.java:11)
	at com.intellij.rt.junit.IdeaTestRunner$Repeater.startRunnerWithArgs(IdeaTestRunner.java:35)
	at com.intellij.rt.junit.JUnitStarter.prepareStreamsAndStart(JUnitStarter.java:232)
	at com.intellij.rt.junit.JUnitStarter.main(JUnitStarter.java:55)
2025-03-03 12:37:47 [main] INFO  l.insoft.uztis.tests.utils.TestUtils - Screenshot moved to C:\Users\ingrida.zadorozniene\Desktop\Asm\UZTIS\UZTIS_tests\test-output\screenshots\20250303\123747774_testFillNewVUIApplicationFA().png
2025-03-03 12:43:17 [main] INFO  lt.insoft.uztis.tests.UztisPageTest - Navigated to https://uztisdev.asseco.lt/home
2025-03-03 12:43:17 [main] INFO  l.i.u.t.SubmittedApplicationsPageTest - Starting test:'testFillNewVUIPApplicationFA'
2025-03-03 12:43:18 [main] DEBUG l.i.u.t.SubmittedApplicationsPageTest - User logged in with test credentials.
2025-03-03 12:43:18 [main] DEBUG l.i.u.t.SubmittedApplicationsPageTest - Opened 'Application Processing' menu.
2025-03-03 12:43:18 [main] DEBUG l.i.u.t.SubmittedApplicationsPageTest - Clicked on 'Application Forms' menu.
2025-03-03 12:43:18 [main] DEBUG l.i.u.t.SubmittedApplicationsPageTest - Retrieved last description code text: 'TST-VUI-52'.
2025-03-03 12:43:19 [main] DEBUG l.i.u.t.SubmittedApplicationsPageTest - Clicked on 'Invitation' menu.
2025-03-03 12:43:20 [main] DEBUG l.i.u.t.SubmittedApplicationsPageTest - Selected application section by code: 'TST-VUI-52'.
2025-03-03 12:43:20 [main] DEBUG l.i.u.t.SubmittedApplicationsPageTest - Clicked 'Search' button.
2025-03-03 12:43:20 [main] DEBUG l.i.u.t.SubmittedApplicationsPageTest - Retrieved invitation code: ''.
2025-03-03 12:43:20 [main] DEBUG l.i.u.t.SubmittedApplicationsPageTest - Clicked on 'Submitted Applications' menu.
2025-03-03 12:43:21 [main] DEBUG l.i.u.t.SubmittedApplicationsPageTest - Selected invitation by code: 'TST-VUI-52'.
2025-03-03 12:43:21 [main] DEBUG l.i.u.t.SubmittedApplicationsPageTest - Invitation code inserted.
2025-03-03 12:43:21 [main] DEBUG l.i.u.t.SubmittedApplicationsPageTest - Clicked on 'Action Application' button.
2025-03-03 12:43:22 [main] DEBUG l.i.u.t.SubmittedApplicationsPageTest - Clicked on 'New Application' button.
2025-03-03 12:43:22 [main] DEBUG l.i.u.t.SubmittedApplicationsPageTest - Selected the 'RadioButtonFA' option.
2025-03-03 12:43:22 [main] DEBUG l.i.u.t.SubmittedApplicationsPageTest - Entered phone number: '61298745'.
2025-03-03 12:43:23 [main] DEBUG l.i.u.t.SubmittedApplicationsPageTest - Entered email: 'test@autotest.com'.
2025-03-03 12:43:23 [main] DEBUG l.i.u.t.SubmittedApplicationsPageTest - Clicked on 'Address Component' button.
2025-03-03 12:43:23 [main] INFO  l.i.u.p.SubmittedApplicationsPage - Located the dropdown button.
2025-03-03 12:43:27 [main] INFO  l.i.u.p.SubmittedApplicationsPage - Successfully selected the value: 'Lietuva'
2025-03-03 12:43:27 [main] DEBUG l.i.u.t.SubmittedApplicationsPageTest - Selected country: 'Lietuva'.
2025-03-03 12:43:27 [main] INFO  l.i.u.p.SubmittedApplicationsPage - Located the dropdown search field.
2025-03-03 12:43:27 [main] INFO  l.i.u.p.SubmittedApplicationsPage - Dropdown city is opened.
2025-03-03 12:43:27 [main] INFO  l.i.u.p.SubmittedApplicationsPage - Searched for value: 'Vilnius'
2025-03-03 12:43:28 [main] INFO  l.i.u.p.SubmittedApplicationsPage - Successfully selected: 'Vilnius'
2025-03-03 12:43:28 [main] INFO  l.i.u.p.SubmittedApplicationsPage - Located the dropdown button.
2025-03-03 12:43:29 [main] INFO  l.i.u.p.SubmittedApplicationsPage - Successfully selected the value: 'A. Domaševičiaus g.'
2025-03-03 12:43:29 [main] DEBUG l.i.u.t.SubmittedApplicationsPageTest - Selected street: 'A. Domaševičiaus g.'.
2025-03-03 12:43:29 [main] INFO  l.i.u.p.SubmittedApplicationsPage - Located the dropdown button.
2025-03-03 12:43:29 [main] INFO  l.i.u.p.SubmittedApplicationsPage - Successfully selected the value: '1'
2025-03-03 12:43:29 [main] DEBUG l.i.u.t.SubmittedApplicationsPageTest - Selected house: '1'.
2025-03-03 12:43:29 [main] INFO  l.i.u.p.SubmittedApplicationsPage - Located the dropdown button.
2025-03-03 12:43:30 [main] INFO  l.i.u.p.SubmittedApplicationsPage - Successfully selected the value: '1'
2025-03-03 12:43:30 [main] DEBUG l.i.u.t.SubmittedApplicationsPageTest - Selected apartment: '1'.
2025-03-03 12:43:30 [main] DEBUG l.i.u.t.SubmittedApplicationsPageTest - Entered project date.
2025-03-03 12:43:30 [main] DEBUG l.i.u.t.SubmittedApplicationsPageTest - Entered job count: '1'.
2025-03-03 12:43:31 [main] ERROR l.i.u.t.SubmittedApplicationsPageTest - Test 'testFillNewVUIApplicationFA' failed with error: element click intercepted: Element <button type="button" class="i-forms-stepper-button i-forms-stepper-button-next">...</button> is not clickable at point (1823, 971). Other element would receive the click: <div class="cdk-overlay-backdrop cdk-overlay-dark-backdrop cdk-overlay-backdrop-showing"></div>
  (Session info: chrome=133.0.6943.142)
Build info: version: '4.27.0', revision: 'd6e718d134'
System info: os.name: 'Windows 11', os.arch: 'amd64', os.version: '10.0', java.version: '21.0.3'
Driver info: org.openqa.selenium.chrome.ChromeDriver
Command: [3fdddf05513c1ddda96bc0b754feafe7, clickElement {id=f.5C4572693ECDA49F12147F25838AB82A.d.39013841080913A3AACC57F0D2041592.e.592}]
Capabilities {acceptInsecureCerts: false, browserName: chrome, browserVersion: 133.0.6943.142, chrome: {chromedriverVersion: 133.0.6943.141 (2a5d6da0d61..., userDataDir: C:\Users\INGRID~1.ZAD\AppDa...}, fedcm:accounts: true, goog:chromeOptions: {debuggerAddress: localhost:62127}, networkConnectionEnabled: false, pageLoadStrategy: normal, platformName: windows, proxy: Proxy(), se:cdp: ws://localhost:62127/devtoo..., se:cdpVersion: 133.0.6943.142, setWindowRect: true, strictFileInteractability: false, timeouts: {implicit: 0, pageLoad: 300000, script: 30000}, unhandledPromptBehavior: dismiss and notify, webauthn:extension:credBlob: true, webauthn:extension:largeBlob: true, webauthn:extension:minPinLength: true, webauthn:extension:prf: true, webauthn:virtualAuthenticators: true}
Element: [[ChromeDriver: chrome on windows (3fdddf05513c1ddda96bc0b754feafe7)] -> xpath: //button[contains(@class, 'i-forms-stepper-button-next') and normalize-space(text())='Toliau']]
Session ID: 3fdddf05513c1ddda96bc0b754feafe7
org.openqa.selenium.ElementClickInterceptedException: element click intercepted: Element <button type="button" class="i-forms-stepper-button i-forms-stepper-button-next">...</button> is not clickable at point (1823, 971). Other element would receive the click: <div class="cdk-overlay-backdrop cdk-overlay-dark-backdrop cdk-overlay-backdrop-showing"></div>
  (Session info: chrome=133.0.6943.142)
Build info: version: '4.27.0', revision: 'd6e718d134'
System info: os.name: 'Windows 11', os.arch: 'amd64', os.version: '10.0', java.version: '21.0.3'
Driver info: org.openqa.selenium.chrome.ChromeDriver
Command: [3fdddf05513c1ddda96bc0b754feafe7, clickElement {id=f.5C4572693ECDA49F12147F25838AB82A.d.39013841080913A3AACC57F0D2041592.e.592}]
Capabilities {acceptInsecureCerts: false, browserName: chrome, browserVersion: 133.0.6943.142, chrome: {chromedriverVersion: 133.0.6943.141 (2a5d6da0d61..., userDataDir: C:\Users\INGRID~1.ZAD\AppDa...}, fedcm:accounts: true, goog:chromeOptions: {debuggerAddress: localhost:62127}, networkConnectionEnabled: false, pageLoadStrategy: normal, platformName: windows, proxy: Proxy(), se:cdp: ws://localhost:62127/devtoo..., se:cdpVersion: 133.0.6943.142, setWindowRect: true, strictFileInteractability: false, timeouts: {implicit: 0, pageLoad: 300000, script: 30000}, unhandledPromptBehavior: dismiss and notify, webauthn:extension:credBlob: true, webauthn:extension:largeBlob: true, webauthn:extension:minPinLength: true, webauthn:extension:prf: true, webauthn:virtualAuthenticators: true}
Element: [[ChromeDriver: chrome on windows (3fdddf05513c1ddda96bc0b754feafe7)] -> xpath: //button[contains(@class, 'i-forms-stepper-button-next') and normalize-space(text())='Toliau']]
Session ID: 3fdddf05513c1ddda96bc0b754feafe7
	at java.base/jdk.internal.reflect.DirectConstructorHandleAccessor.newInstance(DirectConstructorHandleAccessor.java:62)
	at java.base/java.lang.reflect.Constructor.newInstanceWithCaller(Constructor.java:502)
	at java.base/java.lang.reflect.Constructor.newInstance(Constructor.java:486)
	at org.openqa.selenium.remote.ErrorCodec.decode(ErrorCodec.java:167)
	at org.openqa.selenium.remote.codec.w3c.W3CHttpResponseCodec.decode(W3CHttpResponseCodec.java:138)
	at org.openqa.selenium.remote.codec.w3c.W3CHttpResponseCodec.decode(W3CHttpResponseCodec.java:50)
	at org.openqa.selenium.remote.HttpCommandExecutor.execute(HttpCommandExecutor.java:190)
	at org.openqa.selenium.remote.service.DriverCommandExecutor.invokeExecute(DriverCommandExecutor.java:216)
	at org.openqa.selenium.remote.service.DriverCommandExecutor.execute(DriverCommandExecutor.java:174)
	at org.openqa.selenium.remote.RemoteWebDriver.execute(RemoteWebDriver.java:545)
	at org.openqa.selenium.remote.RemoteWebElement.execute(RemoteWebElement.java:223)
	at org.openqa.selenium.remote.RemoteWebElement.click(RemoteWebElement.java:76)
	at java.base/jdk.internal.reflect.DirectMethodHandleAccessor.invoke(DirectMethodHandleAccessor.java:103)
	at java.base/java.lang.reflect.Method.invoke(Method.java:580)
	at org.openqa.selenium.support.pagefactory.internal.LocatingElementHandler.invoke(LocatingElementHandler.java:51)
	at jdk.proxy2/jdk.proxy2.$Proxy14.click(Unknown Source)
	at lt.insoft.uztis.pages.SubmittedApplicationsPage.clickButtonNext(SubmittedApplicationsPage.java:958)
	at lt.insoft.uztis.tests.SubmittedApplicationsPageTest.testFillNewVUIApplicationFA(SubmittedApplicationsPageTest.java:239)
	at java.base/jdk.internal.reflect.DirectMethodHandleAccessor.invoke(DirectMethodHandleAccessor.java:103)
	at java.base/java.lang.reflect.Method.invoke(Method.java:580)
	at org.junit.platform.commons.util.ReflectionUtils.invokeMethod(ReflectionUtils.java:728)
	at org.junit.jupiter.engine.execution.MethodInvocation.proceed(MethodInvocation.java:60)
	at org.junit.jupiter.engine.execution.InvocationInterceptorChain$ValidatingInvocation.proceed(InvocationInterceptorChain.java:131)
	at org.junit.jupiter.engine.extension.TimeoutExtension.intercept(TimeoutExtension.java:156)
	at org.junit.jupiter.engine.extension.TimeoutExtension.interceptTestableMethod(TimeoutExtension.java:147)
	at org.junit.jupiter.engine.extension.TimeoutExtension.interceptTestMethod(TimeoutExtension.java:86)
	at org.junit.jupiter.engine.execution.InterceptingExecutableInvoker$ReflectiveInterceptorCall.lambda$ofVoidMethod$0(InterceptingExecutableInvoker.java:103)
	at org.junit.jupiter.engine.execution.InterceptingExecutableInvoker.lambda$invoke$0(InterceptingExecutableInvoker.java:93)
	at org.junit.jupiter.engine.execution.InvocationInterceptorChain$InterceptedInvocation.proceed(InvocationInterceptorChain.java:106)
	at org.junit.jupiter.engine.execution.InvocationInterceptorChain.proceed(InvocationInterceptorChain.java:64)
	at org.junit.jupiter.engine.execution.InvocationInterceptorChain.chainAndInvoke(InvocationInterceptorChain.java:45)
	at org.junit.jupiter.engine.execution.InvocationInterceptorChain.invoke(InvocationInterceptorChain.java:37)
	at org.junit.jupiter.engine.execution.InterceptingExecutableInvoker.invoke(InterceptingExecutableInvoker.java:92)
	at org.junit.jupiter.engine.execution.InterceptingExecutableInvoker.invoke(InterceptingExecutableInvoker.java:86)
	at org.junit.jupiter.engine.descriptor.TestMethodTestDescriptor.lambda$invokeTestMethod$7(TestMethodTestDescriptor.java:218)
	at org.junit.platform.engine.support.hierarchical.ThrowableCollector.execute(ThrowableCollector.java:73)
	at org.junit.jupiter.engine.descriptor.TestMethodTestDescriptor.invokeTestMethod(TestMethodTestDescriptor.java:214)
	at org.junit.jupiter.engine.descriptor.TestMethodTestDescriptor.execute(TestMethodTestDescriptor.java:139)
	at org.junit.jupiter.engine.descriptor.TestMethodTestDescriptor.execute(TestMethodTestDescriptor.java:69)
	at org.junit.platform.engine.support.hierarchical.NodeTestTask.lambda$executeRecursively$6(NodeTestTask.java:151)
	at org.junit.platform.engine.support.hierarchical.ThrowableCollector.execute(ThrowableCollector.java:73)
	at org.junit.platform.engine.support.hierarchical.NodeTestTask.lambda$executeRecursively$8(NodeTestTask.java:141)
	at org.junit.platform.engine.support.hierarchical.Node.around(Node.java:137)
	at org.junit.platform.engine.support.hierarchical.NodeTestTask.lambda$executeRecursively$9(NodeTestTask.java:139)
	at org.junit.platform.engine.support.hierarchical.ThrowableCollector.execute(ThrowableCollector.java:73)
	at org.junit.platform.engine.support.hierarchical.NodeTestTask.executeRecursively(NodeTestTask.java:138)
	at org.junit.platform.engine.support.hierarchical.NodeTestTask.execute(NodeTestTask.java:95)
	at java.base/java.util.ArrayList.forEach(ArrayList.java:1596)
	at org.junit.platform.engine.support.hierarchical.SameThreadHierarchicalTestExecutorService.invokeAll(SameThreadHierarchicalTestExecutorService.java:41)
	at org.junit.platform.engine.support.hierarchical.NodeTestTask.lambda$executeRecursively$6(NodeTestTask.java:155)
	at org.junit.platform.engine.support.hierarchical.ThrowableCollector.execute(ThrowableCollector.java:73)
	at org.junit.platform.engine.support.hierarchical.NodeTestTask.lambda$executeRecursively$8(NodeTestTask.java:141)
	at org.junit.platform.engine.support.hierarchical.Node.around(Node.java:137)
	at org.junit.platform.engine.support.hierarchical.NodeTestTask.lambda$executeRecursively$9(NodeTestTask.java:139)
	at org.junit.platform.engine.support.hierarchical.ThrowableCollector.execute(ThrowableCollector.java:73)
	at org.junit.platform.engine.support.hierarchical.NodeTestTask.executeRecursively(NodeTestTask.java:138)
	at org.junit.platform.engine.support.hierarchical.NodeTestTask.execute(NodeTestTask.java:95)
	at java.base/java.util.ArrayList.forEach(ArrayList.java:1596)
	at org.junit.platform.engine.support.hierarchical.SameThreadHierarchicalTestExecutorService.invokeAll(SameThreadHierarchicalTestExecutorService.java:41)
	at org.junit.platform.engine.support.hierarchical.NodeTestTask.lambda$executeRecursively$6(NodeTestTask.java:155)
	at org.junit.platform.engine.support.hierarchical.ThrowableCollector.execute(ThrowableCollector.java:73)
	at org.junit.platform.engine.support.hierarchical.NodeTestTask.lambda$executeRecursively$8(NodeTestTask.java:141)
	at org.junit.platform.engine.support.hierarchical.Node.around(Node.java:137)
	at org.junit.platform.engine.support.hierarchical.NodeTestTask.lambda$executeRecursively$9(NodeTestTask.java:139)
	at org.junit.platform.engine.support.hierarchical.ThrowableCollector.execute(ThrowableCollector.java:73)
	at org.junit.platform.engine.support.hierarchical.NodeTestTask.executeRecursively(NodeTestTask.java:138)
	at org.junit.platform.engine.support.hierarchical.NodeTestTask.execute(NodeTestTask.java:95)
	at org.junit.platform.engine.support.hierarchical.SameThreadHierarchicalTestExecutorService.submit(SameThreadHierarchicalTestExecutorService.java:35)
	at org.junit.platform.engine.support.hierarchical.HierarchicalTestExecutor.execute(HierarchicalTestExecutor.java:57)
	at org.junit.platform.engine.support.hierarchical.HierarchicalTestEngine.execute(HierarchicalTestEngine.java:54)
	at org.junit.platform.launcher.core.EngineExecutionOrchestrator.execute(EngineExecutionOrchestrator.java:198)
	at org.junit.platform.launcher.core.EngineExecutionOrchestrator.execute(EngineExecutionOrchestrator.java:169)
	at org.junit.platform.launcher.core.EngineExecutionOrchestrator.execute(EngineExecutionOrchestrator.java:93)
	at org.junit.platform.launcher.core.EngineExecutionOrchestrator.lambda$execute$0(EngineExecutionOrchestrator.java:58)
	at org.junit.platform.launcher.core.EngineExecutionOrchestrator.withInterceptedStreams(EngineExecutionOrchestrator.java:141)
	at org.junit.platform.launcher.core.EngineExecutionOrchestrator.execute(EngineExecutionOrchestrator.java:57)
	at org.junit.platform.launcher.core.DefaultLauncher.execute(DefaultLauncher.java:103)
	at org.junit.platform.launcher.core.DefaultLauncher.execute(DefaultLauncher.java:85)
	at org.junit.platform.launcher.core.DelegatingLauncher.execute(DelegatingLauncher.java:47)
	at org.junit.platform.launcher.core.SessionPerRequestLauncher.execute(SessionPerRequestLauncher.java:63)
	at com.intellij.junit5.JUnit5IdeaTestRunner.startRunnerWithArgs(JUnit5IdeaTestRunner.java:57)
	at com.intellij.rt.junit.IdeaTestRunner$Repeater$1.execute(IdeaTestRunner.java:38)
	at com.intellij.rt.execution.junit.TestsRepeater.repeat(TestsRepeater.java:11)
	at com.intellij.rt.junit.IdeaTestRunner$Repeater.startRunnerWithArgs(IdeaTestRunner.java:35)
	at com.intellij.rt.junit.JUnitStarter.prepareStreamsAndStart(JUnitStarter.java:232)
	at com.intellij.rt.junit.JUnitStarter.main(JUnitStarter.java:55)
2025-03-03 12:43:32 [main] INFO  l.insoft.uztis.tests.utils.TestUtils - Screenshot moved to C:\Users\ingrida.zadorozniene\Desktop\Asm\UZTIS\UZTIS_tests\test-output\screenshots\20250303\124332062_testFillNewVUIApplicationFA().png
2025-03-03 12:46:17 [main] INFO  lt.insoft.uztis.tests.UztisPageTest - Navigated to https://uztisdev.asseco.lt/home
2025-03-03 12:46:17 [main] INFO  l.i.u.t.SubmittedApplicationsPageTest - Starting test:'testFillNewVUIPApplicationFA'
2025-03-03 12:46:18 [main] DEBUG l.i.u.t.SubmittedApplicationsPageTest - User logged in with test credentials.
2025-03-03 12:46:18 [main] DEBUG l.i.u.t.SubmittedApplicationsPageTest - Opened 'Application Processing' menu.
2025-03-03 12:46:18 [main] DEBUG l.i.u.t.SubmittedApplicationsPageTest - Clicked on 'Application Forms' menu.
2025-03-03 12:46:19 [main] DEBUG l.i.u.t.SubmittedApplicationsPageTest - Retrieved last description code text: 'TST-VUI-52'.
2025-03-03 12:46:19 [main] DEBUG l.i.u.t.SubmittedApplicationsPageTest - Clicked on 'Invitation' menu.
2025-03-03 12:46:20 [main] DEBUG l.i.u.t.SubmittedApplicationsPageTest - Selected application section by code: 'TST-VUI-52'.
2025-03-03 12:46:20 [main] DEBUG l.i.u.t.SubmittedApplicationsPageTest - Clicked 'Search' button.
2025-03-03 12:46:20 [main] DEBUG l.i.u.t.SubmittedApplicationsPageTest - Retrieved invitation code: ''.
2025-03-03 12:46:20 [main] DEBUG l.i.u.t.SubmittedApplicationsPageTest - Clicked on 'Submitted Applications' menu.
2025-03-03 12:46:21 [main] DEBUG l.i.u.t.SubmittedApplicationsPageTest - Selected invitation by code: 'TST-VUI-52'.
2025-03-03 12:46:21 [main] DEBUG l.i.u.t.SubmittedApplicationsPageTest - Invitation code inserted.
2025-03-03 12:46:22 [main] DEBUG l.i.u.t.SubmittedApplicationsPageTest - Clicked on 'Action Application' button.
2025-03-03 12:46:22 [main] DEBUG l.i.u.t.SubmittedApplicationsPageTest - Clicked on 'New Application' button.
2025-03-03 12:46:22 [main] DEBUG l.i.u.t.SubmittedApplicationsPageTest - Selected the 'RadioButtonFA' option.
2025-03-03 12:46:23 [main] DEBUG l.i.u.t.SubmittedApplicationsPageTest - Entered phone number: '61298745'.
2025-03-03 12:46:23 [main] DEBUG l.i.u.t.SubmittedApplicationsPageTest - Entered email: 'test@autotest.com'.
2025-03-03 12:46:23 [main] DEBUG l.i.u.t.SubmittedApplicationsPageTest - Clicked on 'Address Component' button.
2025-03-03 12:46:23 [main] INFO  l.i.u.p.SubmittedApplicationsPage - Located the dropdown button.
2025-03-03 12:46:27 [main] INFO  l.i.u.p.SubmittedApplicationsPage - Successfully selected the value: 'Lietuva'
2025-03-03 12:46:27 [main] DEBUG l.i.u.t.SubmittedApplicationsPageTest - Selected country: 'Lietuva'.
2025-03-03 12:46:27 [main] INFO  l.i.u.p.SubmittedApplicationsPage - Located the dropdown search field.
2025-03-03 12:46:27 [main] INFO  l.i.u.p.SubmittedApplicationsPage - Dropdown city is opened.
2025-03-03 12:46:27 [main] INFO  l.i.u.p.SubmittedApplicationsPage - Searched for value: 'Vilnius'
2025-03-03 12:46:28 [main] INFO  l.i.u.p.SubmittedApplicationsPage - Successfully selected: 'Vilnius'
2025-03-03 12:46:28 [main] INFO  l.i.u.p.SubmittedApplicationsPage - Located the dropdown button.
2025-03-03 12:46:29 [main] INFO  l.i.u.p.SubmittedApplicationsPage - Successfully selected the value: 'A. Domaševičiaus g.'
2025-03-03 12:46:29 [main] DEBUG l.i.u.t.SubmittedApplicationsPageTest - Selected street: 'A. Domaševičiaus g.'.
2025-03-03 12:46:29 [main] INFO  l.i.u.p.SubmittedApplicationsPage - Located the dropdown button.
2025-03-03 12:46:30 [main] INFO  l.i.u.p.SubmittedApplicationsPage - Successfully selected the value: '1'
2025-03-03 12:46:30 [main] DEBUG l.i.u.t.SubmittedApplicationsPageTest - Selected house: '1'.
2025-03-03 12:46:30 [main] INFO  l.i.u.p.SubmittedApplicationsPage - Located the dropdown button.
2025-03-03 12:46:31 [main] INFO  l.i.u.p.SubmittedApplicationsPage - Successfully selected the value: '1'
2025-03-03 12:46:31 [main] DEBUG l.i.u.t.SubmittedApplicationsPageTest - Selected apartment: '1'.
2025-03-03 12:46:31 [main] DEBUG l.i.u.t.SubmittedApplicationsPageTest - Clicked 'Confirm' button.
2025-03-03 12:46:31 [main] DEBUG l.i.u.t.SubmittedApplicationsPageTest - Entered project date.
2025-03-03 12:46:31 [main] DEBUG l.i.u.t.SubmittedApplicationsPageTest - Entered job count: '1'.
2025-03-03 12:46:31 [main] INFO  l.i.u.p.SubmittedApplicationsPage - Located the dropdown button.
2025-03-03 12:46:39 [main] ERROR l.i.u.p.SubmittedApplicationsPage - Dropdown button click failed: invalid session id: session deleted as the browser has closed the connection
from disconnected: unable to send message to renderer
  (Session info: chrome=133.0.6943.142)
Build info: version: '4.27.0', revision: 'd6e718d134'
System info: os.name: 'Windows 11', os.arch: 'amd64', os.version: '10.0', java.version: '21.0.3'
Driver info: org.openqa.selenium.chrome.ChromeDriver
Command: [f09fcc64fc24cc8ac6c8a927747a6251, findElement {using=xpath, value=//mat-label[contains(text(), 'Darbo vietos pavadinimas')]}]
Capabilities {acceptInsecureCerts: false, browserName: chrome, browserVersion: 133.0.6943.142, chrome: {chromedriverVersion: 133.0.6943.141 (2a5d6da0d61..., userDataDir: C:\Users\INGRID~1.ZAD\AppDa...}, fedcm:accounts: true, goog:chromeOptions: {debuggerAddress: localhost:62239}, networkConnectionEnabled: false, pageLoadStrategy: normal, platformName: windows, proxy: Proxy(), se:cdp: ws://localhost:62239/devtoo..., se:cdpVersion: 133.0.6943.142, setWindowRect: true, strictFileInteractability: false, timeouts: {implicit: 0, pageLoad: 300000, script: 30000}, unhandledPromptBehavior: dismiss and notify, webauthn:extension:credBlob: true, webauthn:extension:largeBlob: true, webauthn:extension:minPinLength: true, webauthn:extension:prf: true, webauthn:virtualAuthenticators: true}
Session ID: f09fcc64fc24cc8ac6c8a927747a6251
2025-03-03 12:46:39 [main] ERROR l.i.u.p.SubmittedApplicationsPage - Failed to select dropdown option: invalid session id
Build info: version: '4.27.0', revision: 'd6e718d134'
System info: os.name: 'Windows 11', os.arch: 'amd64', os.version: '10.0', java.version: '21.0.3'
Driver info: org.openqa.selenium.chrome.ChromeDriver
Command: [f09fcc64fc24cc8ac6c8a927747a6251, findElements {using=xpath, value=//mat-option/span}]
Capabilities {acceptInsecureCerts: false, browserName: chrome, browserVersion: 133.0.6943.142, chrome: {chromedriverVersion: 133.0.6943.141 (2a5d6da0d61..., userDataDir: C:\Users\INGRID~1.ZAD\AppDa...}, fedcm:accounts: true, goog:chromeOptions: {debuggerAddress: localhost:62239}, networkConnectionEnabled: false, pageLoadStrategy: normal, platformName: windows, proxy: Proxy(), se:cdp: ws://localhost:62239/devtoo..., se:cdpVersion: 133.0.6943.142, setWindowRect: true, strictFileInteractability: false, timeouts: {implicit: 0, pageLoad: 300000, script: 30000}, unhandledPromptBehavior: dismiss and notify, webauthn:extension:credBlob: true, webauthn:extension:largeBlob: true, webauthn:extension:minPinLength: true, webauthn:extension:prf: true, webauthn:virtualAuthenticators: true}
Session ID: f09fcc64fc24cc8ac6c8a927747a6251
2025-03-03 12:46:39 [main] ERROR l.i.u.t.SubmittedApplicationsPageTest - Test 'testFillNewVUIApplicationFA' failed with error: invalid session id
Build info: version: '4.27.0', revision: 'd6e718d134'
System info: os.name: 'Windows 11', os.arch: 'amd64', os.version: '10.0', java.version: '21.0.3'
Driver info: org.openqa.selenium.chrome.ChromeDriver
Command: [f09fcc64fc24cc8ac6c8a927747a6251, findElement {using=xpath, value=//mat-label[contains(text(), 'Darbo vietos pavadinimas')]}]
Capabilities {acceptInsecureCerts: false, browserName: chrome, browserVersion: 133.0.6943.142, chrome: {chromedriverVersion: 133.0.6943.141 (2a5d6da0d61..., userDataDir: C:\Users\INGRID~1.ZAD\AppDa...}, fedcm:accounts: true, goog:chromeOptions: {debuggerAddress: localhost:62239}, networkConnectionEnabled: false, pageLoadStrategy: normal, platformName: windows, proxy: Proxy(), se:cdp: ws://localhost:62239/devtoo..., se:cdpVersion: 133.0.6943.142, setWindowRect: true, strictFileInteractability: false, timeouts: {implicit: 0, pageLoad: 300000, script: 30000}, unhandledPromptBehavior: dismiss and notify, webauthn:extension:credBlob: true, webauthn:extension:largeBlob: true, webauthn:extension:minPinLength: true, webauthn:extension:prf: true, webauthn:virtualAuthenticators: true}
Session ID: f09fcc64fc24cc8ac6c8a927747a6251
org.openqa.selenium.NoSuchSessionException: invalid session id
Build info: version: '4.27.0', revision: 'd6e718d134'
System info: os.name: 'Windows 11', os.arch: 'amd64', os.version: '10.0', java.version: '21.0.3'
Driver info: org.openqa.selenium.chrome.ChromeDriver
Command: [f09fcc64fc24cc8ac6c8a927747a6251, findElement {using=xpath, value=//mat-label[contains(text(), 'Darbo vietos pavadinimas')]}]
Capabilities {acceptInsecureCerts: false, browserName: chrome, browserVersion: 133.0.6943.142, chrome: {chromedriverVersion: 133.0.6943.141 (2a5d6da0d61..., userDataDir: C:\Users\INGRID~1.ZAD\AppDa...}, fedcm:accounts: true, goog:chromeOptions: {debuggerAddress: localhost:62239}, networkConnectionEnabled: false, pageLoadStrategy: normal, platformName: windows, proxy: Proxy(), se:cdp: ws://localhost:62239/devtoo..., se:cdpVersion: 133.0.6943.142, setWindowRect: true, strictFileInteractability: false, timeouts: {implicit: 0, pageLoad: 300000, script: 30000}, unhandledPromptBehavior: dismiss and notify, webauthn:extension:credBlob: true, webauthn:extension:largeBlob: true, webauthn:extension:minPinLength: true, webauthn:extension:prf: true, webauthn:virtualAuthenticators: true}
Session ID: f09fcc64fc24cc8ac6c8a927747a6251
	at java.base/jdk.internal.reflect.DirectConstructorHandleAccessor.newInstance(DirectConstructorHandleAccessor.java:62)
	at java.base/java.lang.reflect.Constructor.newInstanceWithCaller(Constructor.java:502)
	at java.base/java.lang.reflect.Constructor.newInstance(Constructor.java:486)
	at org.openqa.selenium.remote.ErrorCodec.decode(ErrorCodec.java:167)
	at org.openqa.selenium.remote.codec.w3c.W3CHttpResponseCodec.decode(W3CHttpResponseCodec.java:138)
	at org.openqa.selenium.remote.codec.w3c.W3CHttpResponseCodec.decode(W3CHttpResponseCodec.java:50)
	at org.openqa.selenium.remote.HttpCommandExecutor.execute(HttpCommandExecutor.java:190)
	at org.openqa.selenium.remote.service.DriverCommandExecutor.invokeExecute(DriverCommandExecutor.java:216)
	at org.openqa.selenium.remote.service.DriverCommandExecutor.execute(DriverCommandExecutor.java:174)
	at org.openqa.selenium.remote.RemoteWebDriver.execute(RemoteWebDriver.java:545)
	at org.openqa.selenium.remote.ElementLocation$ElementFinder$2.findElement(ElementLocation.java:165)
	at org.openqa.selenium.remote.ElementLocation.findElement(ElementLocation.java:59)
	at org.openqa.selenium.remote.RemoteWebDriver.findElement(RemoteWebDriver.java:368)
	at org.openqa.selenium.remote.RemoteWebDriver.findElement(RemoteWebDriver.java:362)
	at org.openqa.selenium.support.pagefactory.DefaultElementLocator.findElement(DefaultElementLocator.java:68)
	at org.openqa.selenium.support.pagefactory.internal.LocatingElementHandler.invoke(LocatingElementHandler.java:38)
	at jdk.proxy2/jdk.proxy2.$Proxy14.getAttribute(Unknown Source)
	at org.openqa.selenium.support.ui.ExpectedConditions$39.apply(ExpectedConditions.java:1094)
	at org.openqa.selenium.support.ui.ExpectedConditions$39.apply(ExpectedConditions.java:1089)
	at org.openqa.selenium.support.ui.FluentWait.until(FluentWait.java:203)
	at lt.insoft.uztis.pages.SubmittedApplicationsPage.selectDropdownJobName(SubmittedApplicationsPage.java:1027)
	at lt.insoft.uztis.tests.SubmittedApplicationsPageTest.testFillNewVUIApplicationFA(SubmittedApplicationsPageTest.java:223)
	at java.base/jdk.internal.reflect.DirectMethodHandleAccessor.invoke(DirectMethodHandleAccessor.java:103)
	at java.base/java.lang.reflect.Method.invoke(Method.java:580)
	at org.junit.platform.commons.util.ReflectionUtils.invokeMethod(ReflectionUtils.java:728)
	at org.junit.jupiter.engine.execution.MethodInvocation.proceed(MethodInvocation.java:60)
	at org.junit.jupiter.engine.execution.InvocationInterceptorChain$ValidatingInvocation.proceed(InvocationInterceptorChain.java:131)
	at org.junit.jupiter.engine.extension.TimeoutExtension.intercept(TimeoutExtension.java:156)
	at org.junit.jupiter.engine.extension.TimeoutExtension.interceptTestableMethod(TimeoutExtension.java:147)
	at org.junit.jupiter.engine.extension.TimeoutExtension.interceptTestMethod(TimeoutExtension.java:86)
	at org.junit.jupiter.engine.execution.InterceptingExecutableInvoker$ReflectiveInterceptorCall.lambda$ofVoidMethod$0(InterceptingExecutableInvoker.java:103)
	at org.junit.jupiter.engine.execution.InterceptingExecutableInvoker.lambda$invoke$0(InterceptingExecutableInvoker.java:93)
	at org.junit.jupiter.engine.execution.InvocationInterceptorChain$InterceptedInvocation.proceed(InvocationInterceptorChain.java:106)
	at org.junit.jupiter.engine.execution.InvocationInterceptorChain.proceed(InvocationInterceptorChain.java:64)
	at org.junit.jupiter.engine.execution.InvocationInterceptorChain.chainAndInvoke(InvocationInterceptorChain.java:45)
	at org.junit.jupiter.engine.execution.InvocationInterceptorChain.invoke(InvocationInterceptorChain.java:37)
	at org.junit.jupiter.engine.execution.InterceptingExecutableInvoker.invoke(InterceptingExecutableInvoker.java:92)
	at org.junit.jupiter.engine.execution.InterceptingExecutableInvoker.invoke(InterceptingExecutableInvoker.java:86)
	at org.junit.jupiter.engine.descriptor.TestMethodTestDescriptor.lambda$invokeTestMethod$7(TestMethodTestDescriptor.java:218)
	at org.junit.platform.engine.support.hierarchical.ThrowableCollector.execute(ThrowableCollector.java:73)
	at org.junit.jupiter.engine.descriptor.TestMethodTestDescriptor.invokeTestMethod(TestMethodTestDescriptor.java:214)
	at org.junit.jupiter.engine.descriptor.TestMethodTestDescriptor.execute(TestMethodTestDescriptor.java:139)
	at org.junit.jupiter.engine.descriptor.TestMethodTestDescriptor.execute(TestMethodTestDescriptor.java:69)
	at org.junit.platform.engine.support.hierarchical.NodeTestTask.lambda$executeRecursively$6(NodeTestTask.java:151)
	at org.junit.platform.engine.support.hierarchical.ThrowableCollector.execute(ThrowableCollector.java:73)
	at org.junit.platform.engine.support.hierarchical.NodeTestTask.lambda$executeRecursively$8(NodeTestTask.java:141)
	at org.junit.platform.engine.support.hierarchical.Node.around(Node.java:137)
	at org.junit.platform.engine.support.hierarchical.NodeTestTask.lambda$executeRecursively$9(NodeTestTask.java:139)
	at org.junit.platform.engine.support.hierarchical.ThrowableCollector.execute(ThrowableCollector.java:73)
	at org.junit.platform.engine.support.hierarchical.NodeTestTask.executeRecursively(NodeTestTask.java:138)
	at org.junit.platform.engine.support.hierarchical.NodeTestTask.execute(NodeTestTask.java:95)
	at java.base/java.util.ArrayList.forEach(ArrayList.java:1596)
	at org.junit.platform.engine.support.hierarchical.SameThreadHierarchicalTestExecutorService.invokeAll(SameThreadHierarchicalTestExecutorService.java:41)
	at org.junit.platform.engine.support.hierarchical.NodeTestTask.lambda$executeRecursively$6(NodeTestTask.java:155)
	at org.junit.platform.engine.support.hierarchical.ThrowableCollector.execute(ThrowableCollector.java:73)
	at org.junit.platform.engine.support.hierarchical.NodeTestTask.lambda$executeRecursively$8(NodeTestTask.java:141)
	at org.junit.platform.engine.support.hierarchical.Node.around(Node.java:137)
	at org.junit.platform.engine.support.hierarchical.NodeTestTask.lambda$executeRecursively$9(NodeTestTask.java:139)
	at org.junit.platform.engine.support.hierarchical.ThrowableCollector.execute(ThrowableCollector.java:73)
	at org.junit.platform.engine.support.hierarchical.NodeTestTask.executeRecursively(NodeTestTask.java:138)
	at org.junit.platform.engine.support.hierarchical.NodeTestTask.execute(NodeTestTask.java:95)
	at java.base/java.util.ArrayList.forEach(ArrayList.java:1596)
	at org.junit.platform.engine.support.hierarchical.SameThreadHierarchicalTestExecutorService.invokeAll(SameThreadHierarchicalTestExecutorService.java:41)
	at org.junit.platform.engine.support.hierarchical.NodeTestTask.lambda$executeRecursively$6(NodeTestTask.java:155)
	at org.junit.platform.engine.support.hierarchical.ThrowableCollector.execute(ThrowableCollector.java:73)
	at org.junit.platform.engine.support.hierarchical.NodeTestTask.lambda$executeRecursively$8(NodeTestTask.java:141)
	at org.junit.platform.engine.support.hierarchical.Node.around(Node.java:137)
	at org.junit.platform.engine.support.hierarchical.NodeTestTask.lambda$executeRecursively$9(NodeTestTask.java:139)
	at org.junit.platform.engine.support.hierarchical.ThrowableCollector.execute(ThrowableCollector.java:73)
	at org.junit.platform.engine.support.hierarchical.NodeTestTask.executeRecursively(NodeTestTask.java:138)
	at org.junit.platform.engine.support.hierarchical.NodeTestTask.execute(NodeTestTask.java:95)
	at org.junit.platform.engine.support.hierarchical.SameThreadHierarchicalTestExecutorService.submit(SameThreadHierarchicalTestExecutorService.java:35)
	at org.junit.platform.engine.support.hierarchical.HierarchicalTestExecutor.execute(HierarchicalTestExecutor.java:57)
	at org.junit.platform.engine.support.hierarchical.HierarchicalTestEngine.execute(HierarchicalTestEngine.java:54)
	at org.junit.platform.launcher.core.EngineExecutionOrchestrator.execute(EngineExecutionOrchestrator.java:198)
	at org.junit.platform.launcher.core.EngineExecutionOrchestrator.execute(EngineExecutionOrchestrator.java:169)
	at org.junit.platform.launcher.core.EngineExecutionOrchestrator.execute(EngineExecutionOrchestrator.java:93)
	at org.junit.platform.launcher.core.EngineExecutionOrchestrator.lambda$execute$0(EngineExecutionOrchestrator.java:58)
	at org.junit.platform.launcher.core.EngineExecutionOrchestrator.withInterceptedStreams(EngineExecutionOrchestrator.java:141)
	at org.junit.platform.launcher.core.EngineExecutionOrchestrator.execute(EngineExecutionOrchestrator.java:57)
	at org.junit.platform.launcher.core.DefaultLauncher.execute(DefaultLauncher.java:103)
	at org.junit.platform.launcher.core.DefaultLauncher.execute(DefaultLauncher.java:85)
	at org.junit.platform.launcher.core.DelegatingLauncher.execute(DelegatingLauncher.java:47)
	at org.junit.platform.launcher.core.SessionPerRequestLauncher.execute(SessionPerRequestLauncher.java:63)
	at com.intellij.junit5.JUnit5IdeaTestRunner.startRunnerWithArgs(JUnit5IdeaTestRunner.java:57)
	at com.intellij.rt.junit.IdeaTestRunner$Repeater$1.execute(IdeaTestRunner.java:38)
	at com.intellij.rt.execution.junit.TestsRepeater.repeat(TestsRepeater.java:11)
	at com.intellij.rt.junit.IdeaTestRunner$Repeater.startRunnerWithArgs(IdeaTestRunner.java:35)
	at com.intellij.rt.junit.JUnitStarter.prepareStreamsAndStart(JUnitStarter.java:232)
	at com.intellij.rt.junit.JUnitStarter.main(JUnitStarter.java:55)
2025-03-04 08:42:11 [main] INFO  lt.insoft.uztis.tests.UztisPageTest - Navigated to https://uztisdev.asseco.lt/home
2025-03-04 08:42:11 [main] INFO  l.i.u.tests.ApplicationFormsPageTest - Setup complete. ApplicationFormsPage initialized.
2025-03-04 08:42:11 [main] INFO  l.i.u.tests.ApplicationFormsPageTest - Starting test:'testCreateNewPvkApplication'
2025-03-04 08:42:12 [main] DEBUG l.i.u.tests.ApplicationFormsPageTest - User logged in with test credentials
2025-03-04 08:42:12 [main] DEBUG l.i.u.tests.ApplicationFormsPageTest - Opened 'Application Processing' menu.
2025-03-04 08:42:12 [main] DEBUG l.i.u.tests.ApplicationFormsPageTest - Clicked on 'Application Forms' menu.
2025-03-04 08:42:13 [main] DEBUG l.i.u.tests.ApplicationFormsPageTest - Clicked to create a new application form.
2025-03-04 08:42:13 [main] DEBUG l.i.u.tests.ApplicationFormsPageTest - Entered random application code: TST-PVK-12
2025-03-04 08:42:13 [main] DEBUG l.i.u.tests.ApplicationFormsPageTest - Selected 'Municipality' radio button.
2025-03-04 08:42:13 [main] INFO  l.i.uztis.pages.ApplicationFormsPage - Located the dropdown button.
2025-03-04 08:42:14 [main] INFO  l.i.uztis.pages.ApplicationFormsPage - Successfully selected the value: 'Kauno departamentas'
2025-03-04 08:42:24 [main] ERROR l.i.uztis.pages.ApplicationFormsPage - Failed to close the dropdown with aria-expanded = 'false'.
2025-03-04 08:42:24 [main] DEBUG l.i.u.tests.ApplicationFormsPageTest - Selected a value from the 'Municipality' dropdown: 'Kauno departamentas'
2025-03-04 08:42:24 [main] DEBUG l.i.u.tests.ApplicationFormsPageTest - Selected 'Budget by Municipality' option.
2025-03-04 08:42:24 [main] DEBUG l.i.u.tests.ApplicationFormsPageTest - Selected 'Financed By Queue' radio button.
2025-03-04 08:42:25 [main] DEBUG l.i.u.tests.ApplicationFormsPageTest - Clicked 'Add' button.
2025-03-04 08:42:25 [main] INFO  l.i.uztis.pages.ApplicationFormsPage - Located the dropdown button.
2025-03-04 08:42:25 [main] INFO  l.i.uztis.pages.ApplicationFormsPage - Successfully selected the value: 'PVK paraiškos vertinimo forma - I etapas'
2025-03-04 08:42:36 [main] ERROR l.i.uztis.pages.ApplicationFormsPage - Failed to close the dropdown with aria-expanded = 'false'.
2025-03-04 08:42:36 [main] DEBUG l.i.u.tests.ApplicationFormsPageTest - Selected a value from the 'EvaluationOne' dropdown: 'PVK paraiškos vertinimo forma - I etapas'
2025-03-04 08:42:36 [main] INFO  l.i.uztis.pages.ApplicationFormsPage - Located the dropdown button.
2025-03-04 08:42:36 [main] INFO  l.i.uztis.pages.ApplicationFormsPage - Successfully selected the value: 'PVK paraiškos vertinimo forma - II etapas'
2025-03-04 08:42:47 [main] ERROR l.i.uztis.pages.ApplicationFormsPage - Failed to close the dropdown with aria-expanded = 'false'.
2025-03-04 08:42:47 [main] DEBUG l.i.u.tests.ApplicationFormsPageTest - Selected a value from the 'EvaluationTwon' dropdown: 'PVK paraiškos vertinimo forma - II etapas'
2025-03-04 08:42:47 [main] INFO  l.i.uztis.pages.ApplicationFormsPage - Located the dropdown button.
2025-03-04 08:42:47 [main] INFO  l.i.uztis.pages.ApplicationFormsPage - Successfully selected the value: 'PVK paraiškos vertinimo forma - III etapas'
2025-03-04 08:42:58 [main] ERROR l.i.uztis.pages.ApplicationFormsPage - Failed to close the dropdown with aria-expanded = 'false'.
2025-03-04 08:42:58 [main] DEBUG l.i.u.tests.ApplicationFormsPageTest - Selected a value from the 'EvaluationThree' dropdown: 'PVK paraiškos vertinimo forma - III etapas'
2025-03-04 08:42:58 [main] DEBUG l.i.u.tests.ApplicationFormsPageTest - Clicked 'Plus' button.
2025-03-04 08:42:58 [main] DEBUG l.i.u.tests.ApplicationFormsPageTest - Clicked 'Add' button seven times.
2025-03-04 08:42:58 [main] INFO  l.i.uztis.pages.ApplicationFormsPage - Processing dropdown index: 0
2025-03-04 08:43:09 [main] ERROR l.i.uztis.pages.ApplicationFormsPage - Timeout while waiting for dropdown to close at index: 0 with aria-expanded = 'false'
2025-03-04 08:43:09 [main] INFO  l.i.uztis.pages.ApplicationFormsPage - Processing dropdown index: 1
2025-03-04 08:43:20 [main] ERROR l.i.uztis.pages.ApplicationFormsPage - Timeout while waiting for dropdown to close at index: 1 with aria-expanded = 'false'
2025-03-04 08:43:20 [main] INFO  l.i.uztis.pages.ApplicationFormsPage - Processing dropdown index: 2
2025-03-04 08:43:31 [main] ERROR l.i.uztis.pages.ApplicationFormsPage - Timeout while waiting for dropdown to close at index: 2 with aria-expanded = 'false'
2025-03-04 08:43:31 [main] INFO  l.i.uztis.pages.ApplicationFormsPage - Processing dropdown index: 3
2025-03-04 08:43:42 [main] ERROR l.i.uztis.pages.ApplicationFormsPage - Timeout while waiting for dropdown to close at index: 3 with aria-expanded = 'false'
2025-03-04 08:43:42 [main] INFO  l.i.uztis.pages.ApplicationFormsPage - Processing dropdown index: 4
2025-03-04 08:43:53 [main] ERROR l.i.uztis.pages.ApplicationFormsPage - Timeout while waiting for dropdown to close at index: 4 with aria-expanded = 'false'
2025-03-04 08:43:53 [main] INFO  l.i.uztis.pages.ApplicationFormsPage - Processing dropdown index: 5
2025-03-04 08:44:03 [main] ERROR l.i.uztis.pages.ApplicationFormsPage - Timeout while waiting for dropdown to close at index: 5 with aria-expanded = 'false'
2025-03-04 08:44:03 [main] INFO  l.i.uztis.pages.ApplicationFormsPage - Processing dropdown index: 6
2025-03-04 08:44:15 [main] ERROR l.i.uztis.pages.ApplicationFormsPage - Timeout while waiting for dropdown to close at index: 6 with aria-expanded = 'false'
2025-03-04 08:44:15 [main] INFO  l.i.uztis.pages.ApplicationFormsPage - Processing dropdown index: 7
2025-03-04 08:44:25 [main] ERROR l.i.uztis.pages.ApplicationFormsPage - Timeout while waiting for dropdown to close at index: 7 with aria-expanded = 'false'
2025-03-04 08:44:25 [main] INFO  l.i.uztis.pages.ApplicationFormsPage - Processing input field index: 0
2025-03-04 08:44:25 [main] INFO  l.i.uztis.pages.ApplicationFormsPage - Entered value '50' into field index: 0
2025-03-04 08:44:26 [main] INFO  l.i.uztis.pages.ApplicationFormsPage - Processing input field index: 1
2025-03-04 08:44:26 [main] INFO  l.i.uztis.pages.ApplicationFormsPage - Entered value '924' into field index: 1
2025-03-04 08:44:26 [main] INFO  l.i.uztis.pages.ApplicationFormsPage - Processing input field index: 2
2025-03-04 08:44:26 [main] INFO  l.i.uztis.pages.ApplicationFormsPage - Entered value '31' into field index: 2
2025-03-04 08:44:26 [main] INFO  l.i.uztis.pages.ApplicationFormsPage - Processing input field index: 3
2025-03-04 08:44:26 [main] INFO  l.i.uztis.pages.ApplicationFormsPage - Entered value '4.7' into field index: 3
2025-03-04 08:44:26 [main] INFO  l.i.uztis.pages.ApplicationFormsPage - Processing input field index: 4
2025-03-04 08:44:26 [main] INFO  l.i.uztis.pages.ApplicationFormsPage - Entered value '35' into field index: 4
2025-03-04 08:44:26 [main] INFO  l.i.uztis.pages.ApplicationFormsPage - Processing input field index: 5
2025-03-04 08:44:26 [main] INFO  l.i.uztis.pages.ApplicationFormsPage - Entered value '20' into field index: 5
2025-03-04 08:44:26 [main] INFO  l.i.uztis.pages.ApplicationFormsPage - Processing input field index: 6
2025-03-04 08:44:26 [main] INFO  l.i.uztis.pages.ApplicationFormsPage - Entered value '30' into field index: 6
2025-03-04 08:44:26 [main] INFO  l.i.uztis.pages.ApplicationFormsPage - Processing input field index: 7
2025-03-04 08:44:26 [main] INFO  l.i.uztis.pages.ApplicationFormsPage - Entered value '60' into field index: 7
2025-03-04 08:44:26 [main] DEBUG l.i.u.tests.ApplicationFormsPageTest - Entered additional values and text.
2025-03-04 08:44:26 [main] DEBUG l.i.u.tests.ApplicationFormsPageTest - Entered application name: PVK paraiška
2025-03-04 08:44:27 [main] DEBUG l.i.u.tests.ApplicationFormsPageTest - Clicked the 'Save' button.
2025-03-04 08:44:28 [main] DEBUG l.i.uztis.pages.ApplicationFormsPage - Verified success message: 'Duomenys sėkmingai išsaugoti.'
2025-03-04 08:44:28 [main] INFO  l.i.u.tests.ApplicationFormsPageTest - Verified success message
2025-03-04 08:44:28 [main] INFO  l.i.u.tests.ApplicationFormsPageTest - Verified that the 'Save Form' button is displayed.
2025-03-04 08:44:28 [main] INFO  l.i.u.tests.ApplicationFormsPageTest - Test 'testCreateNewPvkApplication' completed successfully.
2025-03-04 08:47:22 [main] INFO  lt.insoft.uztis.tests.UztisPageTest - Navigated to https://uztisdev.asseco.lt/home
2025-03-04 08:47:22 [main] INFO  l.i.u.tests.ApplicationFormsPageTest - Setup complete. ApplicationFormsPage initialized.
2025-03-04 08:47:22 [main] INFO  l.i.u.tests.ApplicationFormsPageTest - Starting test:'testAddContractPVK'
2025-03-04 08:47:23 [main] DEBUG l.i.u.tests.ApplicationFormsPageTest - User logged in with test credentials
2025-03-04 08:47:23 [main] DEBUG l.i.u.tests.ApplicationFormsPageTest - Opened 'Application Processing' menu.
2025-03-04 08:47:23 [main] DEBUG l.i.u.tests.ApplicationFormsPageTest - Clicked on 'Application Forms' menu.
2025-03-04 08:47:23 [main] DEBUG l.i.u.tests.ApplicationFormsPageTest - Selected the last application description.
2025-03-04 08:47:24 [main] DEBUG l.i.u.tests.ApplicationFormsPageTest - Clicked 'Project Progress' tab.
2025-03-04 08:47:24 [main] DEBUG l.i.u.tests.ApplicationFormsPageTest - Clicked the 'Edit' button.
2025-03-04 08:47:24 [main] INFO  l.i.uztis.pages.ApplicationFormsPage - Located the dropdown button.
2025-03-04 08:47:26 [main] INFO  l.i.uztis.pages.ApplicationFormsPage - Successfully selected the value: 'Paramos verslui kurti sutartis'
2025-03-04 08:47:37 [main] ERROR l.i.uztis.pages.ApplicationFormsPage - Failed to close the dropdown with aria-expanded = 'false'.
2025-03-04 08:47:37 [main] DEBUG l.i.u.tests.ApplicationFormsPageTest - Selected a value from the 'Document' dropdown: 'Paramos verslui kurti sutartis'
2025-03-04 08:47:37 [main] DEBUG l.i.u.tests.ApplicationFormsPageTest - Clicked the 'Save' button.
2025-03-04 08:47:37 [main] ERROR l.i.uztis.pages.ApplicationFormsPage - Failed to verify the success message: 'Funkcija sėkmingai atlikta.'. Available messages: [Duomenys sėkmingai išsaugoti.]
2025-03-04 08:47:37 [main] INFO  l.i.u.tests.ApplicationFormsPageTest - Verified success message
2025-03-04 08:47:37 [main] INFO  l.i.u.tests.ApplicationFormsPageTest - Test 'testAddContractPVK' completed successfully.
2025-03-04 08:48:11 [main] INFO  lt.insoft.uztis.tests.UztisPageTest - Navigated to https://uztisdev.asseco.lt/home
2025-03-04 08:48:11 [main] INFO  l.i.uztis.tests.InvitationsPageTest - Starting test:'testCreateNewPvkInvitation'
2025-03-04 08:48:11 [main] DEBUG l.i.uztis.tests.InvitationsPageTest - User logged in with test credentials
2025-03-04 08:48:11 [main] DEBUG l.i.uztis.tests.InvitationsPageTest - Opened 'Application Processing' menu.
2025-03-04 08:48:11 [main] DEBUG l.i.uztis.tests.InvitationsPageTest - Clicked on 'Application Forms' menu.
2025-03-04 08:48:11 [main] DEBUG l.i.uztis.tests.InvitationsPageTest - Navigating to application forms menu.
2025-03-04 08:48:12 [main] DEBUG l.i.uztis.tests.InvitationsPageTest - Retrieved last description code text: 'TST-PVK-12'.
2025-03-04 08:48:12 [main] DEBUG l.i.uztis.tests.InvitationsPageTest - Clicked on 'Invitation' menu.
2025-03-04 08:48:12 [main] DEBUG l.i.uztis.tests.InvitationsPageTest - Clicked 'Create New Application Form'.
2025-03-04 08:48:13 [main] DEBUG l.i.uztis.tests.InvitationsPageTest - Selected section by code: 'TST-PVK-12'.
2025-03-04 08:48:13 [main] INFO  l.insoft.uztis.pages.InvitationsPage - Located the dropdown button.
2025-03-04 08:48:24 [main] ERROR l.insoft.uztis.pages.InvitationsPage - Timeout while waiting for dropdown to close with aria-expanded = 'false'.
2025-03-04 08:48:24 [main] DEBUG l.i.uztis.tests.InvitationsPageTest - Selected invitation number from the list.
2025-03-04 08:48:25 [main] DEBUG l.i.uztis.tests.InvitationsPageTest - Entered current date.
2025-03-04 08:48:25 [main] DEBUG l.i.uztis.tests.InvitationsPageTest - Entered start time: 00:00.
2025-03-04 08:48:25 [main] DEBUG l.i.uztis.tests.InvitationsPageTest - Entered end date.
2025-03-04 08:48:26 [main] DEBUG l.i.uztis.tests.InvitationsPageTest - Entered end time: 11:11.
2025-03-04 08:48:26 [main] DEBUG l.i.uztis.tests.InvitationsPageTest - Entered publication end date.
2025-03-04 08:48:26 [main] DEBUG l.i.uztis.tests.InvitationsPageTest - Added additional values.
2025-03-04 08:48:26 [main] INFO  l.insoft.uztis.pages.InvitationsPage - Located the dropdown button.
2025-03-04 08:48:27 [main] DEBUG l.i.uztis.tests.InvitationsPageTest - Selected the value: 'Didžiausia galima paramos suma aplinkos darbo vietai, Eur'
2025-03-04 08:48:27 [main] INFO  l.insoft.uztis.pages.InvitationsPage - Located the dropdown button.
2025-03-04 08:48:28 [main] DEBUG l.i.uztis.tests.InvitationsPageTest - Selected the value: 'Didžiausia galima paramos suma, Eur'
2025-03-04 08:48:28 [main] INFO  l.insoft.uztis.pages.InvitationsPage - Located the dropdown button.
2025-03-04 08:48:28 [main] DEBUG l.i.uztis.tests.InvitationsPageTest - Selected the value: 'Didžiausia galima paramos suma vienai darbo vietai, Eur'
2025-03-04 08:48:29 [main] DEBUG l.i.uztis.tests.InvitationsPageTest - Entered value: 11000
2025-03-04 08:48:29 [main] DEBUG l.i.uztis.tests.InvitationsPageTest - Entered value: 12000
2025-03-04 08:48:29 [main] DEBUG l.i.uztis.tests.InvitationsPageTest - Entered value: 13000
2025-03-04 08:48:29 [main] DEBUG l.i.uztis.tests.InvitationsPageTest - Checked 'Legal Entities' checkbox.
2025-03-04 08:48:29 [main] DEBUG l.i.uztis.tests.InvitationsPageTest - Unchecked 'Persons Registered with Employment Service' checkbox.
2025-03-04 08:48:29 [main] DEBUG l.i.uztis.tests.InvitationsPageTest - Checked 'Persons Registered as Employers' checkbox.
2025-03-04 08:48:29 [main] DEBUG l.i.uztis.tests.InvitationsPageTest - Entered second evaluation grade: '5'.
2025-03-04 08:48:30 [main] DEBUG l.i.uztis.tests.InvitationsPageTest - Entered third evaluation grade: '6'.
2025-03-04 08:48:30 [main] DEBUG l.i.uztis.tests.InvitationsPageTest - Entered second evaluation grade weight: '0,45'.
2025-03-04 08:48:30 [main] DEBUG l.i.uztis.tests.InvitationsPageTest - Entered third evaluation grade weight: '0,55'.
2025-03-04 08:48:30 [main] DEBUG l.i.uztis.tests.InvitationsPageTest - Entered budget: '2000'.
2025-03-04 08:48:30 [main] DEBUG l.i.uztis.tests.InvitationsPageTest - Entered budget: '2000'.
2025-03-04 08:48:30 [main] DEBUG l.i.uztis.tests.InvitationsPageTest - Entered budget: '2000'.
2025-03-04 08:48:30 [main] DEBUG l.i.uztis.tests.InvitationsPageTest - Entered budget: '2000'.
2025-03-04 08:48:30 [main] DEBUG l.i.uztis.tests.InvitationsPageTest - Entered budget: '2000'.
2025-03-04 08:48:30 [main] DEBUG l.i.uztis.tests.InvitationsPageTest - Entered description text: 'Aprašo tekstas'.
2025-03-04 08:48:30 [main] DEBUG l.i.uztis.tests.InvitationsPageTest - Entered applicants text: 'Pareiškėjų tekstas'.
2025-03-04 08:48:31 [main] DEBUG l.i.uztis.tests.InvitationsPageTest - Entered expenditures text: 'Išlaidų tekstas'.
2025-03-04 08:48:31 [main] DEBUG l.i.uztis.tests.InvitationsPageTest - Entered legislation text: 'Teisės aktų tekstas'.
2025-03-04 08:48:31 [main] DEBUG l.i.uztis.tests.InvitationsPageTest - Entered education text: 'Mokymų tekstas'.
2025-03-04 08:48:31 [main] DEBUG l.i.uztis.tests.InvitationsPageTest - File uploaded.
2025-03-04 08:48:31 [main] DEBUG l.i.uztis.tests.InvitationsPageTest - Clicked 'Publish'.
2025-03-04 08:48:31 [main] DEBUG l.i.uztis.tests.InvitationsPageTest - Publication confirmed.
2025-03-04 08:48:34 [main] DEBUG l.i.uztis.pages.ApplicationFormsPage - Verified success message: 'Funkcija sėkmingai atlikta.'
2025-03-04 08:48:34 [main] INFO  l.i.uztis.tests.InvitationsPageTest - Verified success message
2025-03-04 08:48:34 [main] INFO  l.i.uztis.tests.InvitationsPageTest - Test 'testCreateNewPvkInvitation' completed successfully.
2025-03-04 08:50:16 [main] INFO  lt.insoft.uztis.tests.UztisPageTest - Navigated to https://uztisdev.asseco.lt/home
2025-03-04 08:50:16 [main] INFO  l.i.uztis.tests.InvitationsPageTest - Starting test:'testInsertVui_PvkStatisticInformation'
2025-03-04 08:50:16 [main] DEBUG l.i.uztis.tests.InvitationsPageTest - User logged in with test credentials
2025-03-04 08:50:17 [main] DEBUG l.i.uztis.tests.InvitationsPageTest - Opened 'Application Processing' menu.
2025-03-04 08:50:17 [main] DEBUG l.i.uztis.tests.InvitationsPageTest - Clicked on 'Application Forms' menu.
2025-03-04 08:50:17 [main] DEBUG l.i.uztis.tests.InvitationsPageTest - Navigating to invitation forms menu.
2025-03-04 08:50:17 [main] DEBUG l.i.uztis.tests.InvitationsPageTest - Retrieved last description code text: 'TST-PVK-12'.
2025-03-04 08:50:17 [main] DEBUG l.i.uztis.tests.InvitationsPageTest - Clicked on 'Invitation' menu.
2025-03-04 08:50:18 [main] DEBUG l.i.uztis.tests.InvitationsPageTest - Selected section by code: 'TST-PVK-12'.
2025-03-04 08:50:18 [main] DEBUG l.i.uztis.tests.InvitationsPageTest - Clicked 'Search'.
2025-03-04 08:50:18 [main] DEBUG l.i.uztis.tests.InvitationsPageTest - Getting and inserting application code text.
2025-03-04 08:50:18 [main] DEBUG l.i.uztis.tests.InvitationsPageTest - Clicked 'Publishing'.
2025-03-04 08:50:19 [main] DEBUG l.i.uztis.tests.InvitationsPageTest - Clicked 'Statistic Information' tab.
2025-03-04 08:50:19 [main] DEBUG l.i.uztis.tests.InvitationsPageTest - Clicked 'Edit' button.
2025-03-04 08:50:19 [main] DEBUG l.i.uztis.tests.InvitationsPageTest - Entered current date.
2025-03-04 08:50:19 [main] DEBUG l.i.uztis.tests.InvitationsPageTest - Entered value: 8.7
2025-03-04 08:50:19 [main] DEBUG l.i.uztis.tests.InvitationsPageTest - Entered average salary: 2237.9
2025-03-04 08:50:19 [main] DEBUG l.i.uztis.tests.InvitationsPageTest - File uploaded.
2025-03-04 08:50:19 [main] DEBUG l.i.uztis.tests.InvitationsPageTest - Clicked 'Save' button.
2025-03-04 08:50:21 [main] DEBUG l.i.uztis.pages.ApplicationFormsPage - Verified success message: 'Funkcija sėkmingai atlikta.'
2025-03-04 08:50:21 [main] INFO  l.i.uztis.tests.InvitationsPageTest - Verified success message
2025-03-04 08:50:21 [main] INFO  l.i.uztis.tests.InvitationsPageTest - Test 'testInsertVui_PvkStatisticInformation' completed successfully.
2025-03-04 14:53:46 [main] INFO  lt.insoft.uztis.tests.UztisPageTest - Navigated to https://uztisdev.asseco.lt/home
2025-03-04 14:53:46 [main] INFO  l.i.u.t.SubmittedApplicationsPageTest - Starting test:'testFillNewVUIPApplicationFA'
2025-03-04 14:53:47 [main] DEBUG l.i.u.t.SubmittedApplicationsPageTest - User logged in with test credentials.
2025-03-04 14:53:47 [main] DEBUG l.i.u.t.SubmittedApplicationsPageTest - Opened 'Application Processing' menu.
2025-03-04 14:53:47 [main] DEBUG l.i.u.t.SubmittedApplicationsPageTest - Clicked on 'Application Forms' menu.
2025-03-04 14:53:48 [main] DEBUG l.i.u.t.SubmittedApplicationsPageTest - Retrieved last description code text: 'TST-VUI-52'.
2025-03-04 14:53:48 [main] DEBUG l.i.u.t.SubmittedApplicationsPageTest - Clicked on 'Invitation' menu.
2025-03-04 14:53:49 [main] DEBUG l.i.u.t.SubmittedApplicationsPageTest - Selected application section by code: 'TST-VUI-52'.
2025-03-04 14:53:49 [main] DEBUG l.i.u.t.SubmittedApplicationsPageTest - Clicked 'Search' button.
2025-03-04 14:53:49 [main] DEBUG l.i.u.t.SubmittedApplicationsPageTest - Retrieved invitation code: ''.
2025-03-04 14:53:49 [main] DEBUG l.i.u.t.SubmittedApplicationsPageTest - Clicked on 'Submitted Applications' menu.
2025-03-04 14:53:50 [main] DEBUG l.i.u.t.SubmittedApplicationsPageTest - Selected invitation by code: 'TST-VUI-52'.
2025-03-04 14:53:50 [main] DEBUG l.i.u.t.SubmittedApplicationsPageTest - Invitation code inserted.
2025-03-04 14:53:51 [main] DEBUG l.i.u.t.SubmittedApplicationsPageTest - Clicked on 'Action Application' button.
2025-03-04 14:53:51 [main] DEBUG l.i.u.t.SubmittedApplicationsPageTest - Clicked on 'New Application' button.
2025-03-04 14:53:51 [main] DEBUG l.i.u.t.SubmittedApplicationsPageTest - Selected the 'RadioButtonFA' option.
2025-03-04 14:53:51 [main] DEBUG l.i.u.t.SubmittedApplicationsPageTest - Entered phone number: '61298745'.
2025-03-04 14:53:52 [main] DEBUG l.i.u.t.SubmittedApplicationsPageTest - Entered email: 'test@autotest.com'.
2025-03-04 14:53:52 [main] INFO  l.i.u.p.SubmittedApplicationsPage - Clicking on the dropdown button.
2025-03-04 14:54:08 [main] INFO  l.i.u.p.SubmittedApplicationsPage - Found 1741 options in the dropdown.
2025-03-04 14:54:08 [main] DEBUG l.i.u.p.SubmittedApplicationsPage - Checking option: ''
2025-03-04 14:54:08 [main] DEBUG l.i.u.p.SubmittedApplicationsPage - Checking option: '01.11 - Grūdinių (išskyrus ryžius), ankštinių ir aliejingų sėklų augalų auginimas'
2025-03-04 14:54:08 [main] INFO  l.i.u.p.SubmittedApplicationsPage - Successfully selected the value: '01.11 - Grūdinių (išskyrus ryžius), ankštinių ir aliejingų sėklų augalų auginimas'
2025-03-04 14:54:08 [main] INFO  l.i.u.p.SubmittedApplicationsPage - Attempting to close the dropdown.
2025-03-04 14:54:19 [main] INFO  l.i.u.p.SubmittedApplicationsPage - Dropdown should be closed now.
2025-03-04 14:54:19 [main] DEBUG l.i.u.t.SubmittedApplicationsPageTest - Selected EVRK value: '01.11 - Grūdinių (išskyrus ryžius), ankštinių ir aliejingų sėklų augalų auginimas'.
2025-03-04 14:54:19 [main] DEBUG l.i.u.t.SubmittedApplicationsPageTest - Clicked on 'Address Component' button.
2025-03-04 14:54:19 [main] INFO  l.i.u.p.SubmittedApplicationsPage - Located the dropdown button.
2025-03-04 14:54:22 [main] INFO  l.i.u.p.SubmittedApplicationsPage - Successfully selected the value: 'Lietuva'
2025-03-04 14:54:22 [main] DEBUG l.i.u.t.SubmittedApplicationsPageTest - Selected country: 'Lietuva'.
2025-03-04 14:54:22 [main] INFO  l.i.u.p.SubmittedApplicationsPage - Located the dropdown search field.
2025-03-04 14:54:22 [main] INFO  l.i.u.p.SubmittedApplicationsPage - Dropdown city is opened.
2025-03-04 14:54:23 [main] INFO  l.i.u.p.SubmittedApplicationsPage - Searched for value: 'Vilnius'
2025-03-04 14:54:23 [main] INFO  l.i.u.p.SubmittedApplicationsPage - Successfully selected: 'Vilnius'
2025-03-04 14:54:23 [main] INFO  l.i.u.p.SubmittedApplicationsPage - Located the dropdown button.
2025-03-04 14:54:24 [main] INFO  l.i.u.p.SubmittedApplicationsPage - Successfully selected the value: 'A. Domaševičiaus g.'
2025-03-04 14:54:24 [main] DEBUG l.i.u.t.SubmittedApplicationsPageTest - Selected street: 'A. Domaševičiaus g.'.
2025-03-04 14:54:24 [main] INFO  l.i.u.p.SubmittedApplicationsPage - Located the dropdown button.
2025-03-04 14:54:24 [main] INFO  l.i.u.p.SubmittedApplicationsPage - Successfully selected the value: '1'
2025-03-04 14:54:24 [main] DEBUG l.i.u.t.SubmittedApplicationsPageTest - Selected house: '1'.
2025-03-04 14:54:24 [main] INFO  l.i.u.p.SubmittedApplicationsPage - Located the dropdown button.
2025-03-04 14:54:24 [main] INFO  l.i.u.p.SubmittedApplicationsPage - Successfully selected the value: '1'
2025-03-04 14:54:24 [main] DEBUG l.i.u.t.SubmittedApplicationsPageTest - Selected apartment: '1'.
2025-03-04 14:54:24 [main] DEBUG l.i.u.t.SubmittedApplicationsPageTest - Clicked 'Confirm' button.
2025-03-04 14:54:25 [main] DEBUG l.i.u.t.SubmittedApplicationsPageTest - Entered project date.
2025-03-04 14:54:25 [main] DEBUG l.i.u.t.SubmittedApplicationsPageTest - Entered job count: '1'.
2025-03-04 14:54:25 [main] INFO  l.i.u.p.SubmittedApplicationsPage - Located the dropdown button.
2025-03-04 14:55:06 [main] ERROR l.i.u.p.SubmittedApplicationsPage - Dropdown button click failed: Expected condition failed: waiting for element to be clickable: Proxy element for: DefaultElementLocator 'By.xpath: //mat-label[contains(text(), 'Darbo vietos pavadinimas')]' (tried for 30 second(s) with 500 milliseconds interval)
2025-03-04 14:55:46 [main] INFO  lt.insoft.uztis.tests.UztisPageTest - Navigated to https://uztisdev.asseco.lt/home
2025-03-04 14:55:46 [main] INFO  l.i.u.t.SubmittedApplicationsPageTest - Starting test:'testFillNewVUIPApplicationFA'
2025-03-04 14:55:47 [main] DEBUG l.i.u.t.SubmittedApplicationsPageTest - User logged in with test credentials.
2025-03-04 14:55:47 [main] DEBUG l.i.u.t.SubmittedApplicationsPageTest - Opened 'Application Processing' menu.
2025-03-04 14:55:47 [main] DEBUG l.i.u.t.SubmittedApplicationsPageTest - Clicked on 'Application Forms' menu.
2025-03-04 14:55:48 [main] DEBUG l.i.u.t.SubmittedApplicationsPageTest - Retrieved last description code text: 'TST-VUI-52'.
2025-03-04 14:55:48 [main] DEBUG l.i.u.t.SubmittedApplicationsPageTest - Clicked on 'Invitation' menu.
2025-03-04 14:55:49 [main] DEBUG l.i.u.t.SubmittedApplicationsPageTest - Selected application section by code: 'TST-VUI-52'.
2025-03-04 14:55:49 [main] DEBUG l.i.u.t.SubmittedApplicationsPageTest - Clicked 'Search' button.
2025-03-04 14:55:49 [main] DEBUG l.i.u.t.SubmittedApplicationsPageTest - Retrieved invitation code: ''.
2025-03-04 14:55:49 [main] DEBUG l.i.u.t.SubmittedApplicationsPageTest - Clicked on 'Submitted Applications' menu.
2025-03-04 14:55:50 [main] DEBUG l.i.u.t.SubmittedApplicationsPageTest - Selected invitation by code: 'TST-VUI-52'.
2025-03-04 14:55:50 [main] DEBUG l.i.u.t.SubmittedApplicationsPageTest - Invitation code inserted.
2025-03-04 14:55:51 [main] DEBUG l.i.u.t.SubmittedApplicationsPageTest - Clicked on 'Action Application' button.
2025-03-04 14:55:51 [main] DEBUG l.i.u.t.SubmittedApplicationsPageTest - Clicked on 'New Application' button.
2025-03-04 14:55:51 [main] DEBUG l.i.u.t.SubmittedApplicationsPageTest - Selected the 'RadioButtonFA' option.
2025-03-04 14:55:51 [main] DEBUG l.i.u.t.SubmittedApplicationsPageTest - Entered phone number: '61298745'.
2025-03-04 14:55:52 [main] DEBUG l.i.u.t.SubmittedApplicationsPageTest - Entered email: 'test@autotest.com'.
2025-03-04 14:55:52 [main] INFO  l.i.u.p.SubmittedApplicationsPage - Clicking on the dropdown button.
2025-03-04 14:56:11 [main] INFO  l.i.u.p.SubmittedApplicationsPage - Found 1741 options in the dropdown.
2025-03-04 14:56:11 [main] DEBUG l.i.u.p.SubmittedApplicationsPage - Checking option: ''
2025-03-04 14:56:11 [main] DEBUG l.i.u.p.SubmittedApplicationsPage - Checking option: '01.11 - Grūdinių (išskyrus ryžius), ankštinių ir aliejingų sėklų augalų auginimas'
2025-03-04 14:56:11 [main] INFO  l.i.u.p.SubmittedApplicationsPage - Successfully selected the value: '01.11 - Grūdinių (išskyrus ryžius), ankštinių ir aliejingų sėklų augalų auginimas'
2025-03-04 14:56:11 [main] INFO  l.i.u.p.SubmittedApplicationsPage - Attempting to close the dropdown.
2025-03-04 14:56:22 [main] INFO  l.i.u.p.SubmittedApplicationsPage - Dropdown should be closed now.
2025-03-04 14:56:22 [main] DEBUG l.i.u.t.SubmittedApplicationsPageTest - Selected EVRK value: '01.11 - Grūdinių (išskyrus ryžius), ankštinių ir aliejingų sėklų augalų auginimas'.
2025-03-04 14:56:22 [main] DEBUG l.i.u.t.SubmittedApplicationsPageTest - Clicked on 'Address Component' button.
2025-03-04 14:56:22 [main] INFO  l.i.u.p.SubmittedApplicationsPage - Located the dropdown button.
2025-03-04 14:56:25 [main] INFO  l.i.u.p.SubmittedApplicationsPage - Successfully selected the value: 'Lietuva'
2025-03-04 14:56:25 [main] DEBUG l.i.u.t.SubmittedApplicationsPageTest - Selected country: 'Lietuva'.
2025-03-04 14:56:25 [main] INFO  l.i.u.p.SubmittedApplicationsPage - Located the dropdown search field.
2025-03-04 14:56:25 [main] INFO  l.i.u.p.SubmittedApplicationsPage - Dropdown city is opened.
2025-03-04 14:56:25 [main] INFO  l.i.u.p.SubmittedApplicationsPage - Searched for value: 'Vilnius'
2025-03-04 14:56:26 [main] INFO  l.i.u.p.SubmittedApplicationsPage - Successfully selected: 'Vilnius'
2025-03-04 14:56:26 [main] INFO  l.i.u.p.SubmittedApplicationsPage - Located the dropdown button.
2025-03-04 14:56:27 [main] INFO  l.i.u.p.SubmittedApplicationsPage - Successfully selected the value: 'A. Domaševičiaus g.'
2025-03-04 14:56:27 [main] DEBUG l.i.u.t.SubmittedApplicationsPageTest - Selected street: 'A. Domaševičiaus g.'.
2025-03-04 14:56:27 [main] INFO  l.i.u.p.SubmittedApplicationsPage - Located the dropdown button.
2025-03-04 14:56:27 [main] INFO  l.i.u.p.SubmittedApplicationsPage - Successfully selected the value: '1'
2025-03-04 14:56:27 [main] DEBUG l.i.u.t.SubmittedApplicationsPageTest - Selected house: '1'.
2025-03-04 14:56:27 [main] INFO  l.i.u.p.SubmittedApplicationsPage - Located the dropdown button.
2025-03-04 14:56:28 [main] INFO  l.i.u.p.SubmittedApplicationsPage - Successfully selected the value: '1'
2025-03-04 14:56:28 [main] DEBUG l.i.u.t.SubmittedApplicationsPageTest - Selected apartment: '1'.
2025-03-04 14:56:28 [main] DEBUG l.i.u.t.SubmittedApplicationsPageTest - Clicked 'Confirm' button.
2025-03-04 14:56:28 [main] DEBUG l.i.u.t.SubmittedApplicationsPageTest - Entered project date.
2025-03-04 14:56:29 [main] DEBUG l.i.u.t.SubmittedApplicationsPageTest - Entered job count: '1'.
2025-03-04 14:56:29 [main] DEBUG l.i.u.t.SubmittedApplicationsPageTest - Clicked 'Next' button.
2025-03-04 14:56:29 [main] INFO  l.i.u.p.SubmittedApplicationsPage - Located the dropdown button.
2025-03-04 14:56:30 [main] INFO  l.i.u.p.SubmittedApplicationsPage - Successfully selected the value: 'Administratoriai'
2025-03-04 14:57:00 [main] ERROR l.i.u.p.SubmittedApplicationsPage - Timeout while waiting for dropdown to close with aria-expanded = 'false'.
2025-03-04 14:57:00 [main] DEBUG l.i.u.t.SubmittedApplicationsPageTest - Selected job name: 'Administratoriai'.
2025-03-04 14:57:00 [main] DEBUG l.i.u.t.SubmittedApplicationsPageTest - Entered job function: 'Funkcija 1'.
2025-03-04 14:57:00 [main] DEBUG l.i.u.t.SubmittedApplicationsPageTest - Selected 'RadioButtonWithDisabilities' option.
2025-03-04 14:57:00 [main] INFO  l.i.u.p.SubmittedApplicationsPage - Clicking on the dropdown button.
2025-03-04 14:57:01 [main] INFO  l.i.u.p.SubmittedApplicationsPage - Found 34 options in the dropdown.
2025-03-04 14:57:01 [main] DEBUG l.i.u.p.SubmittedApplicationsPage - Checking option: 'Asmenys, kuriems suteiktas pabėgėlio statusas ar perkeliamojo asmens statusas, arba asmenys, kuriems suteikta papildoma ar laikinoji apsauga, ir asmenys, turintys teisę gauti laikinąją apsaugą, iki sprendimo dėl laikinosios apsaugos suteikimo (nesuteikimo) priėmimo, tačiau ne ilgiau kaip laikinosios apsaugos laikotarpiu'
2025-03-04 14:57:01 [main] DEBUG l.i.u.p.SubmittedApplicationsPage - Checking option: 'Asmenys, kuriems suteiktas pabėgėlio statusas ar perkeliamojo asmens statusas, arba asmenys, kuriems suteikta papildoma ar laikinoji apsauga, ir asmenys, turintys teisę gauti laikinąją apsaugą, iki sprendimo dėl laikinosios apsaugos suteikimo (nesuteikimo) priėmimo, tačiau ne ilgiau kaip laikinosios apsaugos laikotarpiu'
2025-03-04 14:57:01 [main] DEBUG l.i.u.p.SubmittedApplicationsPage - Checking option: 'Asmenys, turintys teisę į papildomas užimtumo garantijas pagal Lietuvos Respublikos valstybės įmonės Ignalinos atominės elektrinės darbuotojų papildomų užimtumo ir socialinių garantijų įstatymą'
2025-03-04 14:57:01 [main] DEBUG l.i.u.p.SubmittedApplicationsPage - Checking option: 'Asmenys, turintys teisę į papildomas užimtumo garantijas pagal Lietuvos Respublikos valstybės įmonės Ignalinos atominės elektrinės darbuotojų papildomų užimtumo ir socialinių garantijų įstatymą'
2025-03-04 14:57:01 [main] DEBUG l.i.u.p.SubmittedApplicationsPage - Checking option: 'Bedarbiai iki 29 metų'
2025-03-04 14:57:01 [main] DEBUG l.i.u.p.SubmittedApplicationsPage - Checking option: 'Bedarbiai iki 29 metų'
2025-03-04 14:57:01 [main] DEBUG l.i.u.p.SubmittedApplicationsPage - Checking option: 'Bedarbiai, kurie yra darbingo amžiaus neįgalieji, kuriems nustatytas 30–40 procentų darbingumo lygis arba vidutinis neįgalumo lygis'
2025-03-04 14:57:01 [main] DEBUG l.i.u.p.SubmittedApplicationsPage - Checking option: 'Bedarbiai, kurie yra darbingo amžiaus neįgalieji, kuriems nustatytas 30–40 procentų darbingumo lygis arba vidutinis neįgalumo lygis'
2025-03-04 14:57:01 [main] DEBUG l.i.u.p.SubmittedApplicationsPage - Checking option: 'Bedarbiai, kurie yra darbingo amžiaus neįgalieji, kuriems nustatytas 45–55 procentų darbingumo lygis arba lengvas neįgalumo lygis'
2025-03-04 14:57:01 [main] DEBUG l.i.u.p.SubmittedApplicationsPage - Checking option: 'Bedarbiai, kurie yra darbingo amžiaus neįgalieji, kuriems nustatytas 45–55 procentų darbingumo lygis arba lengvas neįgalumo lygis'
2025-03-04 14:57:01 [main] DEBUG l.i.u.p.SubmittedApplicationsPage - Checking option: 'Bedarbiai, kurie yra darbingo amžiaus neįgalieji, kuriems nustatytas iki 25 procentų darbingumo lygis arba sunkus neįgalumo lygis'
2025-03-04 14:57:01 [main] INFO  l.i.u.p.SubmittedApplicationsPage - Successfully selected the value: 'Bedarbiai, kurie yra darbingo amžiaus neįgalieji, kuriems nustatytas iki 25 procentų darbingumo lygis arba sunkus neįgalumo lygis'
2025-03-04 14:57:01 [main] INFO  l.i.u.p.SubmittedApplicationsPage - Attempting to close the dropdown.
2025-03-04 14:57:11 [main] INFO  l.i.u.p.SubmittedApplicationsPage - Dropdown should be closed now.
2025-03-04 14:57:11 [main] DEBUG l.i.u.t.SubmittedApplicationsPageTest - Selected disabilities type: 'Bedarbiai, kurie yra darbingo amžiaus neįgalieji, kuriems nustatytas iki 25 procentų darbingumo lygis arba sunkus neįgalumo lygis'.
2025-03-04 14:57:12 [main] DEBUG l.i.u.t.SubmittedApplicationsPageTest - Entered disability information: 'Negalia 1'.
2025-03-04 14:57:12 [main] INFO  l.i.u.p.SubmittedApplicationsPage - Located the dropdown button.
2025-03-04 14:57:12 [main] INFO  l.i.u.p.SubmittedApplicationsPage - Successfully selected the value: 'Kita'
2025-03-04 14:57:23 [main] ERROR l.i.u.p.SubmittedApplicationsPage - Timeout while waiting for dropdown to close with aria-expanded = 'false'.
2025-03-04 14:57:23 [main] DEBUG l.i.u.t.SubmittedApplicationsPageTest - Selected time mode: 'Kita'.
2025-03-04 14:57:23 [main] DEBUG l.i.u.t.SubmittedApplicationsPageTest - Selected time mode other: '6 val. per dieną ir 4 d. per savaitę'.
2025-03-04 14:57:23 [main] DEBUG l.i.u.t.SubmittedApplicationsPageTest - Entered qualification: 'Kvalifikacija 1'.
2025-03-04 14:57:23 [main] DEBUG l.i.u.t.SubmittedApplicationsPageTest - Entered job date.
2025-03-04 14:57:23 [main] DEBUG l.i.u.t.SubmittedApplicationsPageTest - Entered salary amount: '1200'.
2025-03-04 14:57:23 [main] DEBUG l.i.u.t.SubmittedApplicationsPageTest - Selected 'Temporary Job' radio button.
2025-03-04 14:57:23 [main] DEBUG l.i.u.t.SubmittedApplicationsPageTest - Selected 'Season Job' radio button.
2025-03-04 14:57:24 [main] DEBUG l.i.u.t.SubmittedApplicationsPageTest - Selected 'Energy' radio button.
2025-03-04 14:57:24 [main] DEBUG l.i.u.t.SubmittedApplicationsPageTest - Selected 'Repair' radio button.
2025-03-04 14:57:24 [main] DEBUG l.i.u.t.SubmittedApplicationsPageTest - Entered job description: 'Veikla 1'.
2025-03-04 14:57:24 [main] DEBUG l.i.u.t.SubmittedApplicationsPageTest - Entered process description: 'Procesas 1'.
2025-03-04 14:57:24 [main] DEBUG l.i.u.t.SubmittedApplicationsPageTest - Entered energy information: 'Energija 1'.
2025-03-04 14:57:24 [main] DEBUG l.i.u.t.SubmittedApplicationsPageTest - Entered repair information: 'Remontas 1'.
2025-03-04 14:57:25 [main] DEBUG l.i.u.t.SubmittedApplicationsPageTest - Selected 'PVM' radio button.
2025-03-04 14:57:25 [main] INFO  l.i.u.p.SubmittedApplicationsPage - Located the dropdown button.
2025-03-04 14:57:25 [main] INFO  l.i.u.p.SubmittedApplicationsPage - Successfully selected the value: 'Įsigyti'
2025-03-04 14:57:46 [main] ERROR l.i.u.p.SubmittedApplicationsPage - Timeout while waiting for dropdown to close with aria-expanded = 'false'.
2025-03-04 14:57:46 [main] DEBUG l.i.u.t.SubmittedApplicationsPageTest - Selected necessary for job: 'Įsigyti'.
2025-03-04 14:57:46 [main] DEBUG l.i.u.t.SubmittedApplicationsPageTest - Selected tool: 'Darbo priemonė 1'.
2025-03-04 14:57:46 [main] DEBUG l.i.u.t.SubmittedApplicationsPageTest - Selected tool parameter one: 'Darbo priemonės 1 parametras 1'.
2025-03-04 14:57:46 [main] DEBUG l.i.u.t.SubmittedApplicationsPageTest - Selected tool parameter two: 'Darbo priemonės 1 parametras 2'.
2025-03-04 14:57:46 [main] DEBUG l.i.u.t.SubmittedApplicationsPageTest - Selected tool parameter three: 'Darbo priemonės 1 parametras 3'.
2025-03-04 14:57:46 [main] DEBUG l.i.u.t.SubmittedApplicationsPageTest - Entered tool count: '1'.
2025-03-04 14:57:47 [main] DEBUG l.i.u.t.SubmittedApplicationsPageTest - Entered price amount 1: '1000'.
2025-03-04 14:57:47 [main] DEBUG l.i.u.t.SubmittedApplicationsPageTest - Entered own funds amount 1: '800'.
2025-03-04 14:57:47 [main] DEBUG l.i.u.t.SubmittedApplicationsPageTest - Clicked 'Add' button.
2025-03-04 14:57:47 [main] INFO  l.i.u.p.SubmittedApplicationsPage - Located the dropdown button.
2025-03-04 14:57:47 [main] INFO  l.i.u.p.SubmittedApplicationsPage - Successfully selected the value: 'Remontuoti'
2025-03-04 14:58:07 [main] ERROR l.i.u.p.SubmittedApplicationsPage - Timeout while waiting for dropdown to close with aria-expanded = 'false'.
2025-03-04 14:58:07 [main] DEBUG l.i.u.t.SubmittedApplicationsPageTest - Selected necessary for job 'to repair': 'Remontuoti'.
2025-03-04 14:58:08 [main] DEBUG l.i.u.t.SubmittedApplicationsPageTest - Selected repair name: 'Remonto pavadinimas 1'.
2025-03-04 14:58:08 [main] DEBUG l.i.u.t.SubmittedApplicationsPageTest - Entered repair information: 'Remonto aprašymas 1'.
2025-03-04 14:58:08 [main] DEBUG l.i.u.t.SubmittedApplicationsPageTest - Entered price amount 2: '1000'.
2025-03-04 14:58:08 [main] DEBUG l.i.u.t.SubmittedApplicationsPageTest - Entered own funds amount 2: '900'.
2025-03-04 14:58:08 [main] DEBUG l.i.u.t.SubmittedApplicationsPageTest - Entered country percentage: '50'.
2025-03-04 14:58:08 [main] DEBUG l.i.u.t.SubmittedApplicationsPageTest - Entered institution percentage: '50'.
2025-03-04 14:58:09 [main] DEBUG l.i.u.t.SubmittedApplicationsPageTest - Entered municipality percentage: '50'.
2025-03-04 14:58:09 [main] DEBUG l.i.u.t.SubmittedApplicationsPageTest - Selected 'De Minimis' radio button.
2025-03-04 14:58:09 [main] DEBUG l.i.u.t.SubmittedApplicationsPageTest - Entered program name: 'Programa 1'.
2025-03-04 14:58:09 [main] DEBUG l.i.u.t.SubmittedApplicationsPageTest - Entered project date from.
2025-03-04 14:58:09 [main] DEBUG l.i.u.t.SubmittedApplicationsPageTest - Entered project date until.
2025-03-04 14:58:09 [main] DEBUG l.i.u.t.SubmittedApplicationsPageTest - Entered support amount: '2000'.
2025-03-04 14:58:10 [main] DEBUG l.i.u.t.SubmittedApplicationsPageTest - Clicked 'Next' button.
2025-03-04 14:58:11 [main] ERROR l.i.u.t.SubmittedApplicationsPageTest - Test 'testFillNewVUIApplicationFA' failed with error: element click intercepted: Element <input type="checkbox" class="mdc-checkbox__native-control" id="mat-mdc-checkbox-1-input" tabindex="0"> is not clickable at point (885, 354). Other element would receive the click: <p>...</p>
  (Session info: chrome=133.0.6943.142)
Build info: version: '4.27.0', revision: 'd6e718d134'
System info: os.name: 'Windows 11', os.arch: 'amd64', os.version: '10.0', java.version: '21.0.3'
Driver info: org.openqa.selenium.chrome.ChromeDriver
Command: [6b9ea659a7784f588bc7a2d46ebe2ba1, clickElement {id=f.49137330217F6EA856220A844D05E3B4.d.48BB3B48D69D18F8969D53EBD332C8DF.e.2683}]
Capabilities {acceptInsecureCerts: false, browserName: chrome, browserVersion: 133.0.6943.142, chrome: {chromedriverVersion: 133.0.6943.141 (2a5d6da0d61..., userDataDir: C:\Users\INGRID~1.ZAD\AppDa...}, fedcm:accounts: true, goog:chromeOptions: {debuggerAddress: localhost:61298}, networkConnectionEnabled: false, pageLoadStrategy: normal, platformName: windows, proxy: Proxy(), se:cdp: ws://localhost:61298/devtoo..., se:cdpVersion: 133.0.6943.142, setWindowRect: true, strictFileInteractability: false, timeouts: {implicit: 0, pageLoad: 300000, script: 30000}, unhandledPromptBehavior: dismiss and notify, webauthn:extension:credBlob: true, webauthn:extension:largeBlob: true, webauthn:extension:minPinLength: true, webauthn:extension:prf: true, webauthn:virtualAuthenticators: true}
Element: [[ChromeDriver: chrome on windows (6b9ea659a7784f588bc7a2d46ebe2ba1)] -> xpath: (//div[contains(@class, 'mdc-checkbox')]//input[@type='checkbox'])[1]]
Session ID: 6b9ea659a7784f588bc7a2d46ebe2ba1
org.openqa.selenium.ElementClickInterceptedException: element click intercepted: Element <input type="checkbox" class="mdc-checkbox__native-control" id="mat-mdc-checkbox-1-input" tabindex="0"> is not clickable at point (885, 354). Other element would receive the click: <p>...</p>
  (Session info: chrome=133.0.6943.142)
Build info: version: '4.27.0', revision: 'd6e718d134'
System info: os.name: 'Windows 11', os.arch: 'amd64', os.version: '10.0', java.version: '21.0.3'
Driver info: org.openqa.selenium.chrome.ChromeDriver
Command: [6b9ea659a7784f588bc7a2d46ebe2ba1, clickElement {id=f.49137330217F6EA856220A844D05E3B4.d.48BB3B48D69D18F8969D53EBD332C8DF.e.2683}]
Capabilities {acceptInsecureCerts: false, browserName: chrome, browserVersion: 133.0.6943.142, chrome: {chromedriverVersion: 133.0.6943.141 (2a5d6da0d61..., userDataDir: C:\Users\INGRID~1.ZAD\AppDa...}, fedcm:accounts: true, goog:chromeOptions: {debuggerAddress: localhost:61298}, networkConnectionEnabled: false, pageLoadStrategy: normal, platformName: windows, proxy: Proxy(), se:cdp: ws://localhost:61298/devtoo..., se:cdpVersion: 133.0.6943.142, setWindowRect: true, strictFileInteractability: false, timeouts: {implicit: 0, pageLoad: 300000, script: 30000}, unhandledPromptBehavior: dismiss and notify, webauthn:extension:credBlob: true, webauthn:extension:largeBlob: true, webauthn:extension:minPinLength: true, webauthn:extension:prf: true, webauthn:virtualAuthenticators: true}
Element: [[ChromeDriver: chrome on windows (6b9ea659a7784f588bc7a2d46ebe2ba1)] -> xpath: (//div[contains(@class, 'mdc-checkbox')]//input[@type='checkbox'])[1]]
Session ID: 6b9ea659a7784f588bc7a2d46ebe2ba1
	at java.base/jdk.internal.reflect.DirectConstructorHandleAccessor.newInstance(DirectConstructorHandleAccessor.java:62)
	at java.base/java.lang.reflect.Constructor.newInstanceWithCaller(Constructor.java:502)
	at java.base/java.lang.reflect.Constructor.newInstance(Constructor.java:486)
	at org.openqa.selenium.remote.ErrorCodec.decode(ErrorCodec.java:167)
	at org.openqa.selenium.remote.codec.w3c.W3CHttpResponseCodec.decode(W3CHttpResponseCodec.java:138)
	at org.openqa.selenium.remote.codec.w3c.W3CHttpResponseCodec.decode(W3CHttpResponseCodec.java:50)
	at org.openqa.selenium.remote.HttpCommandExecutor.execute(HttpCommandExecutor.java:190)
	at org.openqa.selenium.remote.service.DriverCommandExecutor.invokeExecute(DriverCommandExecutor.java:216)
	at org.openqa.selenium.remote.service.DriverCommandExecutor.execute(DriverCommandExecutor.java:174)
	at org.openqa.selenium.remote.RemoteWebDriver.execute(RemoteWebDriver.java:545)
	at org.openqa.selenium.remote.RemoteWebElement.execute(RemoteWebElement.java:223)
	at org.openqa.selenium.remote.RemoteWebElement.click(RemoteWebElement.java:76)
	at java.base/jdk.internal.reflect.DirectMethodHandleAccessor.invoke(DirectMethodHandleAccessor.java:103)
	at java.base/java.lang.reflect.Method.invoke(Method.java:580)
	at org.openqa.selenium.support.pagefactory.internal.LocatingElementHandler.invoke(LocatingElementHandler.java:51)
	at jdk.proxy2/jdk.proxy2.$Proxy14.click(Unknown Source)
	at lt.insoft.uztis.pages.InvitationsPage.setCheckbox(InvitationsPage.java:481)
	at lt.insoft.uztis.tests.SubmittedApplicationsPageTest.testFillNewVUIApplicationFA(SubmittedApplicationsPageTest.java:365)
	at java.base/jdk.internal.reflect.DirectMethodHandleAccessor.invoke(DirectMethodHandleAccessor.java:103)
	at java.base/java.lang.reflect.Method.invoke(Method.java:580)
	at org.junit.platform.commons.util.ReflectionUtils.invokeMethod(ReflectionUtils.java:728)
	at org.junit.jupiter.engine.execution.MethodInvocation.proceed(MethodInvocation.java:60)
	at org.junit.jupiter.engine.execution.InvocationInterceptorChain$ValidatingInvocation.proceed(InvocationInterceptorChain.java:131)
	at org.junit.jupiter.engine.extension.TimeoutExtension.intercept(TimeoutExtension.java:156)
	at org.junit.jupiter.engine.extension.TimeoutExtension.interceptTestableMethod(TimeoutExtension.java:147)
	at org.junit.jupiter.engine.extension.TimeoutExtension.interceptTestMethod(TimeoutExtension.java:86)
	at org.junit.jupiter.engine.execution.InterceptingExecutableInvoker$ReflectiveInterceptorCall.lambda$ofVoidMethod$0(InterceptingExecutableInvoker.java:103)
	at org.junit.jupiter.engine.execution.InterceptingExecutableInvoker.lambda$invoke$0(InterceptingExecutableInvoker.java:93)
	at org.junit.jupiter.engine.execution.InvocationInterceptorChain$InterceptedInvocation.proceed(InvocationInterceptorChain.java:106)
	at org.junit.jupiter.engine.execution.InvocationInterceptorChain.proceed(InvocationInterceptorChain.java:64)
	at org.junit.jupiter.engine.execution.InvocationInterceptorChain.chainAndInvoke(InvocationInterceptorChain.java:45)
	at org.junit.jupiter.engine.execution.InvocationInterceptorChain.invoke(InvocationInterceptorChain.java:37)
	at org.junit.jupiter.engine.execution.InterceptingExecutableInvoker.invoke(InterceptingExecutableInvoker.java:92)
	at org.junit.jupiter.engine.execution.InterceptingExecutableInvoker.invoke(InterceptingExecutableInvoker.java:86)
	at org.junit.jupiter.engine.descriptor.TestMethodTestDescriptor.lambda$invokeTestMethod$7(TestMethodTestDescriptor.java:218)
	at org.junit.platform.engine.support.hierarchical.ThrowableCollector.execute(ThrowableCollector.java:73)
	at org.junit.jupiter.engine.descriptor.TestMethodTestDescriptor.invokeTestMethod(TestMethodTestDescriptor.java:214)
	at org.junit.jupiter.engine.descriptor.TestMethodTestDescriptor.execute(TestMethodTestDescriptor.java:139)
	at org.junit.jupiter.engine.descriptor.TestMethodTestDescriptor.execute(TestMethodTestDescriptor.java:69)
	at org.junit.platform.engine.support.hierarchical.NodeTestTask.lambda$executeRecursively$6(NodeTestTask.java:151)
	at org.junit.platform.engine.support.hierarchical.ThrowableCollector.execute(ThrowableCollector.java:73)
	at org.junit.platform.engine.support.hierarchical.NodeTestTask.lambda$executeRecursively$8(NodeTestTask.java:141)
	at org.junit.platform.engine.support.hierarchical.Node.around(Node.java:137)
	at org.junit.platform.engine.support.hierarchical.NodeTestTask.lambda$executeRecursively$9(NodeTestTask.java:139)
	at org.junit.platform.engine.support.hierarchical.ThrowableCollector.execute(ThrowableCollector.java:73)
	at org.junit.platform.engine.support.hierarchical.NodeTestTask.executeRecursively(NodeTestTask.java:138)
	at org.junit.platform.engine.support.hierarchical.NodeTestTask.execute(NodeTestTask.java:95)
	at java.base/java.util.ArrayList.forEach(ArrayList.java:1596)
	at org.junit.platform.engine.support.hierarchical.SameThreadHierarchicalTestExecutorService.invokeAll(SameThreadHierarchicalTestExecutorService.java:41)
	at org.junit.platform.engine.support.hierarchical.NodeTestTask.lambda$executeRecursively$6(NodeTestTask.java:155)
	at org.junit.platform.engine.support.hierarchical.ThrowableCollector.execute(ThrowableCollector.java:73)
	at org.junit.platform.engine.support.hierarchical.NodeTestTask.lambda$executeRecursively$8(NodeTestTask.java:141)
	at org.junit.platform.engine.support.hierarchical.Node.around(Node.java:137)
	at org.junit.platform.engine.support.hierarchical.NodeTestTask.lambda$executeRecursively$9(NodeTestTask.java:139)
	at org.junit.platform.engine.support.hierarchical.ThrowableCollector.execute(ThrowableCollector.java:73)
	at org.junit.platform.engine.support.hierarchical.NodeTestTask.executeRecursively(NodeTestTask.java:138)
	at org.junit.platform.engine.support.hierarchical.NodeTestTask.execute(NodeTestTask.java:95)
	at java.base/java.util.ArrayList.forEach(ArrayList.java:1596)
	at org.junit.platform.engine.support.hierarchical.SameThreadHierarchicalTestExecutorService.invokeAll(SameThreadHierarchicalTestExecutorService.java:41)
	at org.junit.platform.engine.support.hierarchical.NodeTestTask.lambda$executeRecursively$6(NodeTestTask.java:155)
	at org.junit.platform.engine.support.hierarchical.ThrowableCollector.execute(ThrowableCollector.java:73)
	at org.junit.platform.engine.support.hierarchical.NodeTestTask.lambda$executeRecursively$8(NodeTestTask.java:141)
	at org.junit.platform.engine.support.hierarchical.Node.around(Node.java:137)
	at org.junit.platform.engine.support.hierarchical.NodeTestTask.lambda$executeRecursively$9(NodeTestTask.java:139)
	at org.junit.platform.engine.support.hierarchical.ThrowableCollector.execute(ThrowableCollector.java:73)
	at org.junit.platform.engine.support.hierarchical.NodeTestTask.executeRecursively(NodeTestTask.java:138)
	at org.junit.platform.engine.support.hierarchical.NodeTestTask.execute(NodeTestTask.java:95)
	at org.junit.platform.engine.support.hierarchical.SameThreadHierarchicalTestExecutorService.submit(SameThreadHierarchicalTestExecutorService.java:35)
	at org.junit.platform.engine.support.hierarchical.HierarchicalTestExecutor.execute(HierarchicalTestExecutor.java:57)
	at org.junit.platform.engine.support.hierarchical.HierarchicalTestEngine.execute(HierarchicalTestEngine.java:54)
	at org.junit.platform.launcher.core.EngineExecutionOrchestrator.execute(EngineExecutionOrchestrator.java:198)
	at org.junit.platform.launcher.core.EngineExecutionOrchestrator.execute(EngineExecutionOrchestrator.java:169)
	at org.junit.platform.launcher.core.EngineExecutionOrchestrator.execute(EngineExecutionOrchestrator.java:93)
	at org.junit.platform.launcher.core.EngineExecutionOrchestrator.lambda$execute$0(EngineExecutionOrchestrator.java:58)
	at org.junit.platform.launcher.core.EngineExecutionOrchestrator.withInterceptedStreams(EngineExecutionOrchestrator.java:141)
	at org.junit.platform.launcher.core.EngineExecutionOrchestrator.execute(EngineExecutionOrchestrator.java:57)
	at org.junit.platform.launcher.core.DefaultLauncher.execute(DefaultLauncher.java:103)
	at org.junit.platform.launcher.core.DefaultLauncher.execute(DefaultLauncher.java:85)
	at org.junit.platform.launcher.core.DelegatingLauncher.execute(DelegatingLauncher.java:47)
	at org.junit.platform.launcher.core.SessionPerRequestLauncher.execute(SessionPerRequestLauncher.java:63)
	at com.intellij.junit5.JUnit5IdeaTestRunner.startRunnerWithArgs(JUnit5IdeaTestRunner.java:57)
	at com.intellij.rt.junit.IdeaTestRunner$Repeater$1.execute(IdeaTestRunner.java:38)
	at com.intellij.rt.execution.junit.TestsRepeater.repeat(TestsRepeater.java:11)
	at com.intellij.rt.junit.IdeaTestRunner$Repeater.startRunnerWithArgs(IdeaTestRunner.java:35)
	at com.intellij.rt.junit.JUnitStarter.prepareStreamsAndStart(JUnitStarter.java:232)
	at com.intellij.rt.junit.JUnitStarter.main(JUnitStarter.java:55)
2025-03-04 14:58:11 [main] INFO  l.insoft.uztis.tests.utils.TestUtils - Screenshot moved to C:\Users\ingrida.zadorozniene\Desktop\Asm\UZTIS\UZTIS_tests\test-output\screenshots\20250304\145811475_testFillNewVUIApplicationFA().png
2025-03-04 15:02:23 [main] INFO  lt.insoft.uztis.tests.UztisPageTest - Navigated to https://uztisdev.asseco.lt/home
2025-03-04 15:02:24 [main] INFO  l.i.u.t.SubmittedApplicationsPageTest - Starting test:'testFillNewVUIPApplicationFA'
2025-03-04 15:02:24 [main] DEBUG l.i.u.t.SubmittedApplicationsPageTest - User logged in with test credentials.
2025-03-04 15:02:24 [main] DEBUG l.i.u.t.SubmittedApplicationsPageTest - Opened 'Application Processing' menu.
2025-03-04 15:02:24 [main] DEBUG l.i.u.t.SubmittedApplicationsPageTest - Clicked on 'Application Forms' menu.
2025-03-04 15:02:25 [main] DEBUG l.i.u.t.SubmittedApplicationsPageTest - Retrieved last description code text: 'TST-VUI-52'.
2025-03-04 15:02:25 [main] DEBUG l.i.u.t.SubmittedApplicationsPageTest - Clicked on 'Invitation' menu.
2025-03-04 15:02:26 [main] DEBUG l.i.u.t.SubmittedApplicationsPageTest - Selected application section by code: 'TST-VUI-52'.
2025-03-04 15:02:26 [main] DEBUG l.i.u.t.SubmittedApplicationsPageTest - Clicked 'Search' button.
2025-03-04 15:02:26 [main] DEBUG l.i.u.t.SubmittedApplicationsPageTest - Retrieved invitation code: ''.
2025-03-04 15:02:26 [main] DEBUG l.i.u.t.SubmittedApplicationsPageTest - Clicked on 'Submitted Applications' menu.
2025-03-04 15:02:28 [main] DEBUG l.i.u.t.SubmittedApplicationsPageTest - Selected invitation by code: 'TST-VUI-52'.
2025-03-04 15:02:28 [main] DEBUG l.i.u.t.SubmittedApplicationsPageTest - Invitation code inserted.
2025-03-04 15:02:28 [main] DEBUG l.i.u.t.SubmittedApplicationsPageTest - Clicked on 'Action Application' button.
2025-03-04 15:02:28 [main] DEBUG l.i.u.t.SubmittedApplicationsPageTest - Clicked on 'New Application' button.
2025-03-04 15:02:28 [main] DEBUG l.i.u.t.SubmittedApplicationsPageTest - Selected the 'RadioButtonFA' option.
2025-03-04 15:02:29 [main] DEBUG l.i.u.t.SubmittedApplicationsPageTest - Entered phone number: '61298745'.
2025-03-04 15:02:29 [main] DEBUG l.i.u.t.SubmittedApplicationsPageTest - Entered email: 'test@autotest.com'.
2025-03-04 15:02:29 [main] INFO  l.i.u.p.SubmittedApplicationsPage - Clicking on the dropdown button.
2025-03-04 15:02:47 [main] INFO  l.i.u.p.SubmittedApplicationsPage - Found 1741 options in the dropdown.
2025-03-04 15:02:47 [main] DEBUG l.i.u.p.SubmittedApplicationsPage - Checking option: ''
2025-03-04 15:02:47 [main] DEBUG l.i.u.p.SubmittedApplicationsPage - Checking option: '01.11 - Grūdinių (išskyrus ryžius), ankštinių ir aliejingų sėklų augalų auginimas'
2025-03-04 15:02:47 [main] INFO  l.i.u.p.SubmittedApplicationsPage - Successfully selected the value: '01.11 - Grūdinių (išskyrus ryžius), ankštinių ir aliejingų sėklų augalų auginimas'
2025-03-04 15:02:47 [main] INFO  l.i.u.p.SubmittedApplicationsPage - Attempting to close the dropdown.
2025-03-04 15:02:58 [main] INFO  l.i.u.p.SubmittedApplicationsPage - Dropdown should be closed now.
2025-03-04 15:02:58 [main] DEBUG l.i.u.t.SubmittedApplicationsPageTest - Selected EVRK value: '01.11 - Grūdinių (išskyrus ryžius), ankštinių ir aliejingų sėklų augalų auginimas'.
2025-03-04 15:02:58 [main] DEBUG l.i.u.t.SubmittedApplicationsPageTest - Clicked on 'Address Component' button.
2025-03-04 15:02:58 [main] INFO  l.i.u.p.SubmittedApplicationsPage - Located the dropdown button.
2025-03-04 15:03:01 [main] INFO  l.i.u.p.SubmittedApplicationsPage - Successfully selected the value: 'Lietuva'
2025-03-04 15:03:01 [main] DEBUG l.i.u.t.SubmittedApplicationsPageTest - Selected country: 'Lietuva'.
2025-03-04 15:03:01 [main] INFO  l.i.u.p.SubmittedApplicationsPage - Located the dropdown search field.
2025-03-04 15:03:01 [main] INFO  l.i.u.p.SubmittedApplicationsPage - Dropdown city is opened.
2025-03-04 15:03:01 [main] INFO  l.i.u.p.SubmittedApplicationsPage - Searched for value: 'Vilnius'
2025-03-04 15:03:02 [main] INFO  l.i.u.p.SubmittedApplicationsPage - Successfully selected: 'Vilnius'
2025-03-04 15:03:02 [main] INFO  l.i.u.p.SubmittedApplicationsPage - Located the dropdown button.
2025-03-04 15:03:03 [main] INFO  l.i.u.p.SubmittedApplicationsPage - Successfully selected the value: 'A. Domaševičiaus g.'
2025-03-04 15:03:03 [main] DEBUG l.i.u.t.SubmittedApplicationsPageTest - Selected street: 'A. Domaševičiaus g.'.
2025-03-04 15:03:03 [main] INFO  l.i.u.p.SubmittedApplicationsPage - Located the dropdown button.
2025-03-04 15:03:03 [main] INFO  l.i.u.p.SubmittedApplicationsPage - Successfully selected the value: '1'
2025-03-04 15:03:03 [main] DEBUG l.i.u.t.SubmittedApplicationsPageTest - Selected house: '1'.
2025-03-04 15:03:03 [main] INFO  l.i.u.p.SubmittedApplicationsPage - Located the dropdown button.
2025-03-04 15:03:04 [main] INFO  l.i.u.p.SubmittedApplicationsPage - Successfully selected the value: '1'
2025-03-04 15:03:04 [main] DEBUG l.i.u.t.SubmittedApplicationsPageTest - Selected apartment: '1'.
2025-03-04 15:03:04 [main] DEBUG l.i.u.t.SubmittedApplicationsPageTest - Clicked 'Confirm' button.
2025-03-04 15:03:04 [main] DEBUG l.i.u.t.SubmittedApplicationsPageTest - Entered project date.
2025-03-04 15:03:04 [main] DEBUG l.i.u.t.SubmittedApplicationsPageTest - Entered job count: '1'.
2025-03-04 15:03:05 [main] DEBUG l.i.u.t.SubmittedApplicationsPageTest - Clicked 'Next' button.
2025-03-04 15:03:05 [main] INFO  l.i.u.p.SubmittedApplicationsPage - Located the dropdown button.
2025-03-04 15:03:06 [main] INFO  l.i.u.p.SubmittedApplicationsPage - Successfully selected the value: 'Administratoriai'
2025-03-04 15:03:36 [main] ERROR l.i.u.p.SubmittedApplicationsPage - Timeout while waiting for dropdown to close with aria-expanded = 'false'.
2025-03-04 15:03:36 [main] DEBUG l.i.u.t.SubmittedApplicationsPageTest - Selected job name: 'Administratoriai'.
2025-03-04 15:03:36 [main] DEBUG l.i.u.t.SubmittedApplicationsPageTest - Entered job function: 'Funkcija 1'.
2025-03-04 15:03:36 [main] DEBUG l.i.u.t.SubmittedApplicationsPageTest - Selected 'RadioButtonWithDisabilities' option.
2025-03-04 15:03:36 [main] INFO  l.i.u.p.SubmittedApplicationsPage - Clicking on the dropdown button.
2025-03-04 15:03:37 [main] INFO  l.i.u.p.SubmittedApplicationsPage - Found 34 options in the dropdown.
2025-03-04 15:03:37 [main] DEBUG l.i.u.p.SubmittedApplicationsPage - Checking option: 'Asmenys, kuriems suteiktas pabėgėlio statusas ar perkeliamojo asmens statusas, arba asmenys, kuriems suteikta papildoma ar laikinoji apsauga, ir asmenys, turintys teisę gauti laikinąją apsaugą, iki sprendimo dėl laikinosios apsaugos suteikimo (nesuteikimo) priėmimo, tačiau ne ilgiau kaip laikinosios apsaugos laikotarpiu'
2025-03-04 15:03:37 [main] DEBUG l.i.u.p.SubmittedApplicationsPage - Checking option: 'Asmenys, kuriems suteiktas pabėgėlio statusas ar perkeliamojo asmens statusas, arba asmenys, kuriems suteikta papildoma ar laikinoji apsauga, ir asmenys, turintys teisę gauti laikinąją apsaugą, iki sprendimo dėl laikinosios apsaugos suteikimo (nesuteikimo) priėmimo, tačiau ne ilgiau kaip laikinosios apsaugos laikotarpiu'
2025-03-04 15:03:37 [main] DEBUG l.i.u.p.SubmittedApplicationsPage - Checking option: 'Asmenys, turintys teisę į papildomas užimtumo garantijas pagal Lietuvos Respublikos valstybės įmonės Ignalinos atominės elektrinės darbuotojų papildomų užimtumo ir socialinių garantijų įstatymą'
2025-03-04 15:03:37 [main] DEBUG l.i.u.p.SubmittedApplicationsPage - Checking option: 'Asmenys, turintys teisę į papildomas užimtumo garantijas pagal Lietuvos Respublikos valstybės įmonės Ignalinos atominės elektrinės darbuotojų papildomų užimtumo ir socialinių garantijų įstatymą'
2025-03-04 15:03:37 [main] DEBUG l.i.u.p.SubmittedApplicationsPage - Checking option: 'Bedarbiai iki 29 metų'
2025-03-04 15:03:37 [main] DEBUG l.i.u.p.SubmittedApplicationsPage - Checking option: 'Bedarbiai iki 29 metų'
2025-03-04 15:03:37 [main] DEBUG l.i.u.p.SubmittedApplicationsPage - Checking option: 'Bedarbiai, kurie yra darbingo amžiaus neįgalieji, kuriems nustatytas 30–40 procentų darbingumo lygis arba vidutinis neįgalumo lygis'
2025-03-04 15:03:37 [main] DEBUG l.i.u.p.SubmittedApplicationsPage - Checking option: 'Bedarbiai, kurie yra darbingo amžiaus neįgalieji, kuriems nustatytas 30–40 procentų darbingumo lygis arba vidutinis neįgalumo lygis'
2025-03-04 15:03:37 [main] DEBUG l.i.u.p.SubmittedApplicationsPage - Checking option: 'Bedarbiai, kurie yra darbingo amžiaus neįgalieji, kuriems nustatytas 45–55 procentų darbingumo lygis arba lengvas neįgalumo lygis'
2025-03-04 15:03:37 [main] DEBUG l.i.u.p.SubmittedApplicationsPage - Checking option: 'Bedarbiai, kurie yra darbingo amžiaus neįgalieji, kuriems nustatytas 45–55 procentų darbingumo lygis arba lengvas neįgalumo lygis'
2025-03-04 15:03:37 [main] DEBUG l.i.u.p.SubmittedApplicationsPage - Checking option: 'Bedarbiai, kurie yra darbingo amžiaus neįgalieji, kuriems nustatytas iki 25 procentų darbingumo lygis arba sunkus neįgalumo lygis'
2025-03-04 15:03:37 [main] INFO  l.i.u.p.SubmittedApplicationsPage - Successfully selected the value: 'Bedarbiai, kurie yra darbingo amžiaus neįgalieji, kuriems nustatytas iki 25 procentų darbingumo lygis arba sunkus neįgalumo lygis'
2025-03-04 15:03:37 [main] INFO  l.i.u.p.SubmittedApplicationsPage - Attempting to close the dropdown.
2025-03-04 15:06:01 [main] INFO  lt.insoft.uztis.tests.UztisPageTest - Navigated to https://uztisdev.asseco.lt/home
2025-03-04 15:06:01 [main] INFO  l.i.u.t.SubmittedApplicationsPageTest - Starting test:'testFillNewVUIPApplicationFA'
2025-03-04 15:06:02 [main] DEBUG l.i.u.t.SubmittedApplicationsPageTest - User logged in with test credentials.
2025-03-04 15:06:02 [main] DEBUG l.i.u.t.SubmittedApplicationsPageTest - Opened 'Application Processing' menu.
2025-03-04 15:06:02 [main] DEBUG l.i.u.t.SubmittedApplicationsPageTest - Clicked on 'Application Forms' menu.
2025-03-04 15:06:03 [main] DEBUG l.i.u.t.SubmittedApplicationsPageTest - Retrieved last description code text: 'TST-VUI-52'.
2025-03-04 15:06:03 [main] DEBUG l.i.u.t.SubmittedApplicationsPageTest - Clicked on 'Invitation' menu.
2025-03-04 15:06:04 [main] DEBUG l.i.u.t.SubmittedApplicationsPageTest - Selected application section by code: 'TST-VUI-52'.
2025-03-04 15:06:04 [main] DEBUG l.i.u.t.SubmittedApplicationsPageTest - Clicked 'Search' button.
2025-03-04 15:06:04 [main] DEBUG l.i.u.t.SubmittedApplicationsPageTest - Retrieved invitation code: ''.
2025-03-04 15:06:04 [main] DEBUG l.i.u.t.SubmittedApplicationsPageTest - Clicked on 'Submitted Applications' menu.
2025-03-04 15:06:05 [main] DEBUG l.i.u.t.SubmittedApplicationsPageTest - Selected invitation by code: 'TST-VUI-52'.
2025-03-04 15:06:05 [main] DEBUG l.i.u.t.SubmittedApplicationsPageTest - Invitation code inserted.
2025-03-04 15:06:05 [main] DEBUG l.i.u.t.SubmittedApplicationsPageTest - Clicked on 'Action Application' button.
2025-03-04 15:06:06 [main] DEBUG l.i.u.t.SubmittedApplicationsPageTest - Clicked on 'New Application' button.
2025-03-04 15:06:06 [main] DEBUG l.i.u.t.SubmittedApplicationsPageTest - Selected the 'RadioButtonFA' option.
2025-03-04 15:06:06 [main] DEBUG l.i.u.t.SubmittedApplicationsPageTest - Entered phone number: '61298745'.
2025-03-04 15:06:06 [main] DEBUG l.i.u.t.SubmittedApplicationsPageTest - Entered email: 'test@autotest.com'.
2025-03-04 15:06:06 [main] INFO  l.i.u.p.SubmittedApplicationsPage - Clicking on the dropdown button.
2025-03-04 15:06:24 [main] INFO  l.i.u.p.SubmittedApplicationsPage - Found 1741 options in the dropdown.
2025-03-04 15:06:24 [main] DEBUG l.i.u.p.SubmittedApplicationsPage - Checking option: ''
2025-03-04 15:06:24 [main] DEBUG l.i.u.p.SubmittedApplicationsPage - Checking option: '01.11 - Grūdinių (išskyrus ryžius), ankštinių ir aliejingų sėklų augalų auginimas'
2025-03-04 15:06:24 [main] INFO  l.i.u.p.SubmittedApplicationsPage - Successfully selected the value: '01.11 - Grūdinių (išskyrus ryžius), ankštinių ir aliejingų sėklų augalų auginimas'
2025-03-04 15:06:24 [main] INFO  l.i.u.p.SubmittedApplicationsPage - Attempting to close the dropdown.
2025-03-04 15:06:35 [main] INFO  l.i.u.p.SubmittedApplicationsPage - Dropdown should be closed now.
2025-03-04 15:06:35 [main] DEBUG l.i.u.t.SubmittedApplicationsPageTest - Selected EVRK value: '01.11 - Grūdinių (išskyrus ryžius), ankštinių ir aliejingų sėklų augalų auginimas'.
2025-03-04 15:06:35 [main] DEBUG l.i.u.t.SubmittedApplicationsPageTest - Clicked on 'Address Component' button.
2025-03-04 15:06:35 [main] INFO  l.i.u.p.SubmittedApplicationsPage - Located the dropdown button.
2025-03-04 15:06:38 [main] INFO  l.i.u.p.SubmittedApplicationsPage - Successfully selected the value: 'Lietuva'
2025-03-04 15:06:38 [main] DEBUG l.i.u.t.SubmittedApplicationsPageTest - Selected country: 'Lietuva'.
2025-03-04 15:06:38 [main] INFO  l.i.u.p.SubmittedApplicationsPage - Located the dropdown search field.
2025-03-04 15:06:39 [main] INFO  l.i.u.p.SubmittedApplicationsPage - Dropdown city is opened.
2025-03-04 15:06:39 [main] INFO  l.i.u.p.SubmittedApplicationsPage - Searched for value: 'Vilnius'
2025-03-04 15:06:40 [main] INFO  l.i.u.p.SubmittedApplicationsPage - Successfully selected: 'Vilnius'
2025-03-04 15:06:40 [main] INFO  l.i.u.p.SubmittedApplicationsPage - Located the dropdown button.
2025-03-04 15:06:40 [main] INFO  l.i.u.p.SubmittedApplicationsPage - Successfully selected the value: 'A. Domaševičiaus g.'
2025-03-04 15:06:40 [main] DEBUG l.i.u.t.SubmittedApplicationsPageTest - Selected street: 'A. Domaševičiaus g.'.
2025-03-04 15:06:40 [main] INFO  l.i.u.p.SubmittedApplicationsPage - Located the dropdown button.
2025-03-04 15:06:41 [main] INFO  l.i.u.p.SubmittedApplicationsPage - Successfully selected the value: '1'
2025-03-04 15:06:41 [main] DEBUG l.i.u.t.SubmittedApplicationsPageTest - Selected house: '1'.
2025-03-04 15:06:41 [main] INFO  l.i.u.p.SubmittedApplicationsPage - Located the dropdown button.
2025-03-04 15:06:41 [main] INFO  l.i.u.p.SubmittedApplicationsPage - Successfully selected the value: '1'
2025-03-04 15:06:42 [main] DEBUG l.i.u.t.SubmittedApplicationsPageTest - Selected apartment: '1'.
2025-03-04 15:06:42 [main] DEBUG l.i.u.t.SubmittedApplicationsPageTest - Clicked 'Confirm' button.
2025-03-04 15:06:42 [main] DEBUG l.i.u.t.SubmittedApplicationsPageTest - Entered project date.
2025-03-04 15:06:42 [main] DEBUG l.i.u.t.SubmittedApplicationsPageTest - Entered job count: '1'.
2025-03-04 15:06:42 [main] DEBUG l.i.u.t.SubmittedApplicationsPageTest - Clicked 'Next' button.
2025-03-04 15:06:42 [main] INFO  l.i.u.p.SubmittedApplicationsPage - Located the dropdown button.
2025-03-04 15:06:43 [main] INFO  l.i.u.p.SubmittedApplicationsPage - Successfully selected the value: 'Administratoriai'
2025-03-04 15:06:43 [main] DEBUG l.i.u.t.SubmittedApplicationsPageTest - Selected job name: 'Administratoriai'.
2025-03-04 15:06:43 [main] DEBUG l.i.u.t.SubmittedApplicationsPageTest - Entered job function: 'Funkcija 1'.
2025-03-04 15:06:43 [main] DEBUG l.i.u.t.SubmittedApplicationsPageTest - Selected 'RadioButtonWithDisabilities' option.
2025-03-04 15:06:43 [main] INFO  l.i.u.p.SubmittedApplicationsPage - Clicking on the dropdown button.
2025-03-04 15:06:44 [main] INFO  l.i.u.p.SubmittedApplicationsPage - Found 34 options in the dropdown.
2025-03-04 15:06:44 [main] DEBUG l.i.u.p.SubmittedApplicationsPage - Checking option: 'Asmenys, kuriems suteiktas pabėgėlio statusas ar perkeliamojo asmens statusas, arba asmenys, kuriems suteikta papildoma ar laikinoji apsauga, ir asmenys, turintys teisę gauti laikinąją apsaugą, iki sprendimo dėl laikinosios apsaugos suteikimo (nesuteikimo) priėmimo, tačiau ne ilgiau kaip laikinosios apsaugos laikotarpiu'
2025-03-04 15:06:44 [main] DEBUG l.i.u.p.SubmittedApplicationsPage - Checking option: 'Asmenys, kuriems suteiktas pabėgėlio statusas ar perkeliamojo asmens statusas, arba asmenys, kuriems suteikta papildoma ar laikinoji apsauga, ir asmenys, turintys teisę gauti laikinąją apsaugą, iki sprendimo dėl laikinosios apsaugos suteikimo (nesuteikimo) priėmimo, tačiau ne ilgiau kaip laikinosios apsaugos laikotarpiu'
2025-03-04 15:06:44 [main] DEBUG l.i.u.p.SubmittedApplicationsPage - Checking option: 'Asmenys, turintys teisę į papildomas užimtumo garantijas pagal Lietuvos Respublikos valstybės įmonės Ignalinos atominės elektrinės darbuotojų papildomų užimtumo ir socialinių garantijų įstatymą'
2025-03-04 15:06:44 [main] DEBUG l.i.u.p.SubmittedApplicationsPage - Checking option: 'Asmenys, turintys teisę į papildomas užimtumo garantijas pagal Lietuvos Respublikos valstybės įmonės Ignalinos atominės elektrinės darbuotojų papildomų užimtumo ir socialinių garantijų įstatymą'
2025-03-04 15:06:44 [main] DEBUG l.i.u.p.SubmittedApplicationsPage - Checking option: 'Bedarbiai iki 29 metų'
2025-03-04 15:06:44 [main] DEBUG l.i.u.p.SubmittedApplicationsPage - Checking option: 'Bedarbiai iki 29 metų'
2025-03-04 15:06:44 [main] DEBUG l.i.u.p.SubmittedApplicationsPage - Checking option: 'Bedarbiai, kurie yra darbingo amžiaus neįgalieji, kuriems nustatytas 30–40 procentų darbingumo lygis arba vidutinis neįgalumo lygis'
2025-03-04 15:06:44 [main] DEBUG l.i.u.p.SubmittedApplicationsPage - Checking option: 'Bedarbiai, kurie yra darbingo amžiaus neįgalieji, kuriems nustatytas 30–40 procentų darbingumo lygis arba vidutinis neįgalumo lygis'
2025-03-04 15:06:44 [main] DEBUG l.i.u.p.SubmittedApplicationsPage - Checking option: 'Bedarbiai, kurie yra darbingo amžiaus neįgalieji, kuriems nustatytas 45–55 procentų darbingumo lygis arba lengvas neįgalumo lygis'
2025-03-04 15:06:44 [main] DEBUG l.i.u.p.SubmittedApplicationsPage - Checking option: 'Bedarbiai, kurie yra darbingo amžiaus neįgalieji, kuriems nustatytas 45–55 procentų darbingumo lygis arba lengvas neįgalumo lygis'
2025-03-04 15:06:44 [main] DEBUG l.i.u.p.SubmittedApplicationsPage - Checking option: 'Bedarbiai, kurie yra darbingo amžiaus neįgalieji, kuriems nustatytas iki 25 procentų darbingumo lygis arba sunkus neįgalumo lygis'
2025-03-04 15:06:44 [main] INFO  l.i.u.p.SubmittedApplicationsPage - Successfully selected the value: 'Bedarbiai, kurie yra darbingo amžiaus neįgalieji, kuriems nustatytas iki 25 procentų darbingumo lygis arba sunkus neįgalumo lygis'
2025-03-04 15:06:44 [main] INFO  l.i.u.p.SubmittedApplicationsPage - Attempting to close the dropdown.
2025-03-04 15:06:55 [main] INFO  l.i.u.p.SubmittedApplicationsPage - Dropdown should be closed now.
2025-03-04 15:06:55 [main] DEBUG l.i.u.t.SubmittedApplicationsPageTest - Selected disabilities type: 'Bedarbiai, kurie yra darbingo amžiaus neįgalieji, kuriems nustatytas iki 25 procentų darbingumo lygis arba sunkus neįgalumo lygis'.
2025-03-04 15:06:55 [main] DEBUG l.i.u.t.SubmittedApplicationsPageTest - Entered disability information: 'Negalia 1'.
2025-03-04 15:06:55 [main] INFO  l.i.u.p.SubmittedApplicationsPage - Located the dropdown button.
2025-03-04 15:06:56 [main] INFO  l.i.u.p.SubmittedApplicationsPage - Successfully selected the value: 'Kita'
2025-03-04 15:07:06 [main] ERROR l.i.u.p.SubmittedApplicationsPage - Timeout while waiting for dropdown to close with aria-expanded = 'false'.
2025-03-04 15:07:06 [main] DEBUG l.i.u.t.SubmittedApplicationsPageTest - Selected time mode: 'Kita'.
2025-03-04 15:07:06 [main] DEBUG l.i.u.t.SubmittedApplicationsPageTest - Selected time mode other: '6 val. per dieną ir 4 d. per savaitę'.
2025-03-04 15:11:54 [main] INFO  lt.insoft.uztis.tests.UztisPageTest - Navigated to https://uztisdev.asseco.lt/home
2025-03-04 15:11:54 [main] INFO  l.i.u.t.SubmittedApplicationsPageTest - Starting test:'testFillNewVUIPApplicationFA'
2025-03-04 15:11:54 [main] DEBUG l.i.u.t.SubmittedApplicationsPageTest - User logged in with test credentials.
2025-03-04 15:11:54 [main] DEBUG l.i.u.t.SubmittedApplicationsPageTest - Opened 'Application Processing' menu.
2025-03-04 15:11:54 [main] DEBUG l.i.u.t.SubmittedApplicationsPageTest - Clicked on 'Application Forms' menu.
2025-03-04 15:11:55 [main] DEBUG l.i.u.t.SubmittedApplicationsPageTest - Retrieved last description code text: 'TST-VUI-52'.
2025-03-04 15:11:55 [main] DEBUG l.i.u.t.SubmittedApplicationsPageTest - Clicked on 'Invitation' menu.
2025-03-04 15:11:56 [main] DEBUG l.i.u.t.SubmittedApplicationsPageTest - Selected application section by code: 'TST-VUI-52'.
2025-03-04 15:11:56 [main] DEBUG l.i.u.t.SubmittedApplicationsPageTest - Clicked 'Search' button.
2025-03-04 15:11:56 [main] DEBUG l.i.u.t.SubmittedApplicationsPageTest - Retrieved invitation code: ''.
2025-03-04 15:11:56 [main] DEBUG l.i.u.t.SubmittedApplicationsPageTest - Clicked on 'Submitted Applications' menu.
2025-03-04 15:11:58 [main] DEBUG l.i.u.t.SubmittedApplicationsPageTest - Selected invitation by code: 'TST-VUI-52'.
2025-03-04 15:11:58 [main] DEBUG l.i.u.t.SubmittedApplicationsPageTest - Invitation code inserted.
2025-03-04 15:11:58 [main] DEBUG l.i.u.t.SubmittedApplicationsPageTest - Clicked on 'Action Application' button.
2025-03-04 15:11:58 [main] DEBUG l.i.u.t.SubmittedApplicationsPageTest - Clicked on 'New Application' button.
2025-03-04 15:11:59 [main] DEBUG l.i.u.t.SubmittedApplicationsPageTest - Selected the 'RadioButtonFA' option.
2025-03-04 15:11:59 [main] DEBUG l.i.u.t.SubmittedApplicationsPageTest - Entered phone number: '61298745'.
2025-03-04 15:11:59 [main] DEBUG l.i.u.t.SubmittedApplicationsPageTest - Entered email: 'test@autotest.com'.
2025-03-04 15:11:59 [main] INFO  l.i.u.p.SubmittedApplicationsPage - Clicking on the dropdown button.
2025-03-04 15:12:16 [main] INFO  l.i.u.p.SubmittedApplicationsPage - Found 1741 options in the dropdown.
2025-03-04 15:12:16 [main] DEBUG l.i.u.p.SubmittedApplicationsPage - Checking option: ''
2025-03-04 15:12:16 [main] DEBUG l.i.u.p.SubmittedApplicationsPage - Checking option: '01.11 - Grūdinių (išskyrus ryžius), ankštinių ir aliejingų sėklų augalų auginimas'
2025-03-04 15:12:17 [main] INFO  l.i.u.p.SubmittedApplicationsPage - Successfully selected the value: '01.11 - Grūdinių (išskyrus ryžius), ankštinių ir aliejingų sėklų augalų auginimas'
2025-03-04 15:12:17 [main] INFO  l.i.u.p.SubmittedApplicationsPage - Attempting to close the dropdown.
2025-03-04 15:12:17 [main] DEBUG l.i.u.t.SubmittedApplicationsPageTest - Selected EVRK value: '01.11 - Grūdinių (išskyrus ryžius), ankštinių ir aliejingų sėklų augalų auginimas'.
2025-03-04 15:12:17 [main] DEBUG l.i.u.t.SubmittedApplicationsPageTest - Clicked on 'Address Component' button.
2025-03-04 15:12:17 [main] INFO  l.i.u.p.SubmittedApplicationsPage - Located the dropdown button.
2025-03-04 15:12:21 [main] INFO  l.i.u.p.SubmittedApplicationsPage - Successfully selected the value: 'Lietuva'
2025-03-04 15:12:21 [main] DEBUG l.i.u.t.SubmittedApplicationsPageTest - Selected country: 'Lietuva'.
2025-03-04 15:12:21 [main] INFO  l.i.u.p.SubmittedApplicationsPage - Located the dropdown search field.
2025-03-04 15:12:21 [main] INFO  l.i.u.p.SubmittedApplicationsPage - Dropdown city is opened.
2025-03-04 15:12:21 [main] INFO  l.i.u.p.SubmittedApplicationsPage - Searched for value: 'Vilnius'
2025-03-04 15:12:22 [main] INFO  l.i.u.p.SubmittedApplicationsPage - Successfully selected: 'Vilnius'
2025-03-04 15:12:22 [main] INFO  l.i.u.p.SubmittedApplicationsPage - Located the dropdown button.
2025-03-04 15:12:23 [main] INFO  l.i.u.p.SubmittedApplicationsPage - Successfully selected the value: 'A. Domaševičiaus g.'
2025-03-04 15:12:23 [main] DEBUG l.i.u.t.SubmittedApplicationsPageTest - Selected street: 'A. Domaševičiaus g.'.
2025-03-04 15:12:23 [main] INFO  l.i.u.p.SubmittedApplicationsPage - Located the dropdown button.
2025-03-04 15:12:23 [main] INFO  l.i.u.p.SubmittedApplicationsPage - Successfully selected the value: '1'
2025-03-04 15:12:23 [main] DEBUG l.i.u.t.SubmittedApplicationsPageTest - Selected house: '1'.
2025-03-04 15:12:23 [main] INFO  l.i.u.p.SubmittedApplicationsPage - Located the dropdown button.
2025-03-04 15:12:24 [main] INFO  l.i.u.p.SubmittedApplicationsPage - Successfully selected the value: '1'
2025-03-04 15:12:24 [main] DEBUG l.i.u.t.SubmittedApplicationsPageTest - Selected apartment: '1'.
2025-03-04 15:12:24 [main] DEBUG l.i.u.t.SubmittedApplicationsPageTest - Clicked 'Confirm' button.
2025-03-04 15:12:24 [main] DEBUG l.i.u.t.SubmittedApplicationsPageTest - Entered project date.
2025-03-04 15:12:25 [main] DEBUG l.i.u.t.SubmittedApplicationsPageTest - Entered job count: '1'.
2025-03-04 15:12:25 [main] DEBUG l.i.u.t.SubmittedApplicationsPageTest - Clicked 'Next' button.
2025-03-04 15:12:25 [main] INFO  l.i.u.p.SubmittedApplicationsPage - Located the dropdown button.
2025-03-04 15:12:26 [main] INFO  l.i.u.p.SubmittedApplicationsPage - Successfully selected the value: 'Administratoriai'
2025-03-04 15:12:26 [main] DEBUG l.i.u.t.SubmittedApplicationsPageTest - Selected job name: 'Administratoriai'.
2025-03-04 15:12:26 [main] DEBUG l.i.u.t.SubmittedApplicationsPageTest - Entered job function: 'Funkcija 1'.
2025-03-04 15:12:27 [main] DEBUG l.i.u.t.SubmittedApplicationsPageTest - Selected 'RadioButtonWithDisabilities' option.
2025-03-04 15:12:27 [main] INFO  l.i.u.p.SubmittedApplicationsPage - Clicking on the dropdown button.
2025-03-04 15:12:27 [main] INFO  l.i.u.p.SubmittedApplicationsPage - Found 34 options in the dropdown.
2025-03-04 15:12:27 [main] DEBUG l.i.u.p.SubmittedApplicationsPage - Checking option: 'Asmenys, kuriems suteiktas pabėgėlio statusas ar perkeliamojo asmens statusas, arba asmenys, kuriems suteikta papildoma ar laikinoji apsauga, ir asmenys, turintys teisę gauti laikinąją apsaugą, iki sprendimo dėl laikinosios apsaugos suteikimo (nesuteikimo) priėmimo, tačiau ne ilgiau kaip laikinosios apsaugos laikotarpiu'
2025-03-04 15:12:27 [main] DEBUG l.i.u.p.SubmittedApplicationsPage - Checking option: 'Asmenys, kuriems suteiktas pabėgėlio statusas ar perkeliamojo asmens statusas, arba asmenys, kuriems suteikta papildoma ar laikinoji apsauga, ir asmenys, turintys teisę gauti laikinąją apsaugą, iki sprendimo dėl laikinosios apsaugos suteikimo (nesuteikimo) priėmimo, tačiau ne ilgiau kaip laikinosios apsaugos laikotarpiu'
2025-03-04 15:12:27 [main] DEBUG l.i.u.p.SubmittedApplicationsPage - Checking option: 'Asmenys, turintys teisę į papildomas užimtumo garantijas pagal Lietuvos Respublikos valstybės įmonės Ignalinos atominės elektrinės darbuotojų papildomų užimtumo ir socialinių garantijų įstatymą'
2025-03-04 15:12:27 [main] DEBUG l.i.u.p.SubmittedApplicationsPage - Checking option: 'Asmenys, turintys teisę į papildomas užimtumo garantijas pagal Lietuvos Respublikos valstybės įmonės Ignalinos atominės elektrinės darbuotojų papildomų užimtumo ir socialinių garantijų įstatymą'
2025-03-04 15:12:27 [main] DEBUG l.i.u.p.SubmittedApplicationsPage - Checking option: 'Bedarbiai iki 29 metų'
2025-03-04 15:12:27 [main] DEBUG l.i.u.p.SubmittedApplicationsPage - Checking option: 'Bedarbiai iki 29 metų'
2025-03-04 15:12:27 [main] DEBUG l.i.u.p.SubmittedApplicationsPage - Checking option: 'Bedarbiai, kurie yra darbingo amžiaus neįgalieji, kuriems nustatytas 30–40 procentų darbingumo lygis arba vidutinis neįgalumo lygis'
2025-03-04 15:12:27 [main] DEBUG l.i.u.p.SubmittedApplicationsPage - Checking option: 'Bedarbiai, kurie yra darbingo amžiaus neįgalieji, kuriems nustatytas 30–40 procentų darbingumo lygis arba vidutinis neįgalumo lygis'
2025-03-04 15:12:27 [main] DEBUG l.i.u.p.SubmittedApplicationsPage - Checking option: 'Bedarbiai, kurie yra darbingo amžiaus neįgalieji, kuriems nustatytas 45–55 procentų darbingumo lygis arba lengvas neįgalumo lygis'
2025-03-04 15:12:27 [main] DEBUG l.i.u.p.SubmittedApplicationsPage - Checking option: 'Bedarbiai, kurie yra darbingo amžiaus neįgalieji, kuriems nustatytas 45–55 procentų darbingumo lygis arba lengvas neįgalumo lygis'
2025-03-04 15:12:27 [main] DEBUG l.i.u.p.SubmittedApplicationsPage - Checking option: 'Bedarbiai, kurie yra darbingo amžiaus neįgalieji, kuriems nustatytas iki 25 procentų darbingumo lygis arba sunkus neįgalumo lygis'
2025-03-04 15:12:28 [main] INFO  l.i.u.p.SubmittedApplicationsPage - Successfully selected the value: 'Bedarbiai, kurie yra darbingo amžiaus neįgalieji, kuriems nustatytas iki 25 procentų darbingumo lygis arba sunkus neįgalumo lygis'
2025-03-04 15:12:28 [main] INFO  l.i.u.p.SubmittedApplicationsPage - Attempting to close the dropdown.
2025-03-04 15:12:38 [main] INFO  l.i.u.p.SubmittedApplicationsPage - Dropdown should be closed now.
2025-03-04 15:12:38 [main] DEBUG l.i.u.t.SubmittedApplicationsPageTest - Selected disabilities type: 'Bedarbiai, kurie yra darbingo amžiaus neįgalieji, kuriems nustatytas iki 25 procentų darbingumo lygis arba sunkus neįgalumo lygis'.
2025-03-04 15:12:38 [main] DEBUG l.i.u.t.SubmittedApplicationsPageTest - Entered disability information: 'Negalia 1'.
2025-03-04 15:12:38 [main] INFO  l.i.u.p.SubmittedApplicationsPage - Located the dropdown button.
2025-03-04 15:12:39 [main] INFO  l.i.u.p.SubmittedApplicationsPage - Successfully selected the value: 'Kita'
2025-03-04 15:12:50 [main] ERROR l.i.u.p.SubmittedApplicationsPage - Timeout while waiting for dropdown to close with aria-expanded = 'false'.
2025-03-04 15:12:50 [main] DEBUG l.i.u.t.SubmittedApplicationsPageTest - Selected time mode: 'Kita'.
2025-03-04 15:12:50 [main] DEBUG l.i.u.t.SubmittedApplicationsPageTest - Selected time mode other: '6 val. per dieną ir 4 d. per savaitę'.
2025-03-04 15:12:50 [main] DEBUG l.i.u.t.SubmittedApplicationsPageTest - Entered qualification: 'Kvalifikacija 1'.
2025-03-04 15:12:50 [main] DEBUG l.i.u.t.SubmittedApplicationsPageTest - Entered job date.
2025-03-04 15:12:50 [main] DEBUG l.i.u.t.SubmittedApplicationsPageTest - Entered salary amount: '1200'.
2025-03-04 15:12:50 [main] DEBUG l.i.u.t.SubmittedApplicationsPageTest - Selected 'Temporary Job' radio button.
2025-03-04 15:12:51 [main] DEBUG l.i.u.t.SubmittedApplicationsPageTest - Selected 'Season Job' radio button.
2025-03-04 15:12:51 [main] DEBUG l.i.u.t.SubmittedApplicationsPageTest - Selected 'Energy' radio button.
2025-03-04 15:12:51 [main] DEBUG l.i.u.t.SubmittedApplicationsPageTest - Selected 'Repair' radio button.
2025-03-04 15:12:51 [main] DEBUG l.i.u.t.SubmittedApplicationsPageTest - Entered job description: 'Veikla 1'.
2025-03-04 15:12:51 [main] DEBUG l.i.u.t.SubmittedApplicationsPageTest - Entered process description: 'Procesas 1'.
2025-03-04 15:12:51 [main] DEBUG l.i.u.t.SubmittedApplicationsPageTest - Entered energy information: 'Energija 1'.
2025-03-04 15:12:52 [main] DEBUG l.i.u.t.SubmittedApplicationsPageTest - Entered repair information: 'Remontas 1'.
2025-03-04 15:12:52 [main] DEBUG l.i.u.t.SubmittedApplicationsPageTest - Selected 'PVM' radio button.
2025-03-04 15:12:52 [main] INFO  l.i.u.p.SubmittedApplicationsPage - Located the dropdown button.
2025-03-04 15:12:52 [main] INFO  l.i.u.p.SubmittedApplicationsPage - Successfully selected the value: 'Įsigyti'
2025-03-04 15:12:52 [main] DEBUG l.i.u.t.SubmittedApplicationsPageTest - Selected necessary for job: 'Įsigyti'.
2025-03-04 15:12:53 [main] DEBUG l.i.u.t.SubmittedApplicationsPageTest - Selected tool: 'Darbo priemonė 1'.
2025-03-04 15:12:53 [main] DEBUG l.i.u.t.SubmittedApplicationsPageTest - Selected tool parameter one: 'Darbo priemonės 1 parametras 1'.
2025-03-04 15:12:53 [main] DEBUG l.i.u.t.SubmittedApplicationsPageTest - Selected tool parameter two: 'Darbo priemonės 1 parametras 2'.
2025-03-04 15:12:53 [main] DEBUG l.i.u.t.SubmittedApplicationsPageTest - Selected tool parameter three: 'Darbo priemonės 1 parametras 3'.
2025-03-04 15:12:53 [main] DEBUG l.i.u.t.SubmittedApplicationsPageTest - Entered tool count: '1'.
2025-03-04 15:12:54 [main] DEBUG l.i.u.t.SubmittedApplicationsPageTest - Entered price amount 1: '1000'.
2025-03-04 15:12:54 [main] DEBUG l.i.u.t.SubmittedApplicationsPageTest - Entered own funds amount 1: '800'.
2025-03-04 15:12:54 [main] DEBUG l.i.u.t.SubmittedApplicationsPageTest - Clicked 'Add' button.
2025-03-04 15:12:54 [main] INFO  l.i.u.p.SubmittedApplicationsPage - Located the dropdown button.
2025-03-04 15:12:54 [main] INFO  l.i.u.p.SubmittedApplicationsPage - Successfully selected the value: 'Remontuoti'
2025-03-04 15:12:54 [main] DEBUG l.i.u.t.SubmittedApplicationsPageTest - Selected necessary for job 'to repair': 'Remontuoti'.
2025-03-04 15:12:55 [main] DEBUG l.i.u.t.SubmittedApplicationsPageTest - Selected repair name: 'Remonto pavadinimas 1'.
2025-03-04 15:12:55 [main] DEBUG l.i.u.t.SubmittedApplicationsPageTest - Entered repair information: 'Remonto aprašymas 1'.
2025-03-04 15:12:55 [main] DEBUG l.i.u.t.SubmittedApplicationsPageTest - Entered price amount 2: '1000'.
2025-03-04 15:12:55 [main] DEBUG l.i.u.t.SubmittedApplicationsPageTest - Entered own funds amount 2: '900'.
2025-03-04 15:12:55 [main] DEBUG l.i.u.t.SubmittedApplicationsPageTest - Entered country percentage: '50'.
2025-03-04 15:12:55 [main] DEBUG l.i.u.t.SubmittedApplicationsPageTest - Entered institution percentage: '50'.
2025-03-04 15:12:55 [main] DEBUG l.i.u.t.SubmittedApplicationsPageTest - Entered municipality percentage: '50'.
2025-03-04 15:12:56 [main] DEBUG l.i.u.t.SubmittedApplicationsPageTest - Selected 'De Minimis' radio button.
2025-03-04 15:12:56 [main] DEBUG l.i.u.t.SubmittedApplicationsPageTest - Entered program name: 'Programa 1'.
2025-03-04 15:12:56 [main] DEBUG l.i.u.t.SubmittedApplicationsPageTest - Entered project date from.
2025-03-04 15:12:56 [main] DEBUG l.i.u.t.SubmittedApplicationsPageTest - Entered project date until.
2025-03-04 15:12:56 [main] DEBUG l.i.u.t.SubmittedApplicationsPageTest - Entered support amount: '2000'.
2025-03-04 15:12:56 [main] DEBUG l.i.u.t.SubmittedApplicationsPageTest - Clicked 'Next' button.
2025-03-04 15:12:58 [main] ERROR l.i.u.t.SubmittedApplicationsPageTest - Test 'testFillNewVUIApplicationFA' failed with error: element click intercepted: Element <input type="checkbox" class="mdc-checkbox__native-control" id="mat-mdc-checkbox-1-input" tabindex="0"> is not clickable at point (884, 354). Other element would receive the click: <p>...</p>
  (Session info: chrome=133.0.6943.142)
Build info: version: '4.27.0', revision: 'd6e718d134'
System info: os.name: 'Windows 11', os.arch: 'amd64', os.version: '10.0', java.version: '21.0.3'
Driver info: org.openqa.selenium.chrome.ChromeDriver
Command: [e45a070555c5a5d41ec37e2e6af39f9a, clickElement {id=f.D3CEC5305DDA017093FCC0EC78046BB9.d.A8145325A006CAD16CD61ACBA21DDDDB.e.2677}]
Capabilities {acceptInsecureCerts: false, browserName: chrome, browserVersion: 133.0.6943.142, chrome: {chromedriverVersion: 133.0.6943.141 (2a5d6da0d61..., userDataDir: C:\Users\INGRID~1.ZAD\AppDa...}, fedcm:accounts: true, goog:chromeOptions: {debuggerAddress: localhost:61910}, networkConnectionEnabled: false, pageLoadStrategy: normal, platformName: windows, proxy: Proxy(), se:cdp: ws://localhost:61910/devtoo..., se:cdpVersion: 133.0.6943.142, setWindowRect: true, strictFileInteractability: false, timeouts: {implicit: 0, pageLoad: 300000, script: 30000}, unhandledPromptBehavior: dismiss and notify, webauthn:extension:credBlob: true, webauthn:extension:largeBlob: true, webauthn:extension:minPinLength: true, webauthn:extension:prf: true, webauthn:virtualAuthenticators: true}
Element: [[ChromeDriver: chrome on windows (e45a070555c5a5d41ec37e2e6af39f9a)] -> xpath: (//div[contains(@class, 'mdc-checkbox')]//input[@type='checkbox'])[1]]
Session ID: e45a070555c5a5d41ec37e2e6af39f9a
org.openqa.selenium.ElementClickInterceptedException: element click intercepted: Element <input type="checkbox" class="mdc-checkbox__native-control" id="mat-mdc-checkbox-1-input" tabindex="0"> is not clickable at point (884, 354). Other element would receive the click: <p>...</p>
  (Session info: chrome=133.0.6943.142)
Build info: version: '4.27.0', revision: 'd6e718d134'
System info: os.name: 'Windows 11', os.arch: 'amd64', os.version: '10.0', java.version: '21.0.3'
Driver info: org.openqa.selenium.chrome.ChromeDriver
Command: [e45a070555c5a5d41ec37e2e6af39f9a, clickElement {id=f.D3CEC5305DDA017093FCC0EC78046BB9.d.A8145325A006CAD16CD61ACBA21DDDDB.e.2677}]
Capabilities {acceptInsecureCerts: false, browserName: chrome, browserVersion: 133.0.6943.142, chrome: {chromedriverVersion: 133.0.6943.141 (2a5d6da0d61..., userDataDir: C:\Users\INGRID~1.ZAD\AppDa...}, fedcm:accounts: true, goog:chromeOptions: {debuggerAddress: localhost:61910}, networkConnectionEnabled: false, pageLoadStrategy: normal, platformName: windows, proxy: Proxy(), se:cdp: ws://localhost:61910/devtoo..., se:cdpVersion: 133.0.6943.142, setWindowRect: true, strictFileInteractability: false, timeouts: {implicit: 0, pageLoad: 300000, script: 30000}, unhandledPromptBehavior: dismiss and notify, webauthn:extension:credBlob: true, webauthn:extension:largeBlob: true, webauthn:extension:minPinLength: true, webauthn:extension:prf: true, webauthn:virtualAuthenticators: true}
Element: [[ChromeDriver: chrome on windows (e45a070555c5a5d41ec37e2e6af39f9a)] -> xpath: (//div[contains(@class, 'mdc-checkbox')]//input[@type='checkbox'])[1]]
Session ID: e45a070555c5a5d41ec37e2e6af39f9a
	at java.base/jdk.internal.reflect.DirectConstructorHandleAccessor.newInstance(DirectConstructorHandleAccessor.java:62)
	at java.base/java.lang.reflect.Constructor.newInstanceWithCaller(Constructor.java:502)
	at java.base/java.lang.reflect.Constructor.newInstance(Constructor.java:486)
	at org.openqa.selenium.remote.ErrorCodec.decode(ErrorCodec.java:167)
	at org.openqa.selenium.remote.codec.w3c.W3CHttpResponseCodec.decode(W3CHttpResponseCodec.java:138)
	at org.openqa.selenium.remote.codec.w3c.W3CHttpResponseCodec.decode(W3CHttpResponseCodec.java:50)
	at org.openqa.selenium.remote.HttpCommandExecutor.execute(HttpCommandExecutor.java:190)
	at org.openqa.selenium.remote.service.DriverCommandExecutor.invokeExecute(DriverCommandExecutor.java:216)
	at org.openqa.selenium.remote.service.DriverCommandExecutor.execute(DriverCommandExecutor.java:174)
	at org.openqa.selenium.remote.RemoteWebDriver.execute(RemoteWebDriver.java:545)
	at org.openqa.selenium.remote.RemoteWebElement.execute(RemoteWebElement.java:223)
	at org.openqa.selenium.remote.RemoteWebElement.click(RemoteWebElement.java:76)
	at java.base/jdk.internal.reflect.DirectMethodHandleAccessor.invoke(DirectMethodHandleAccessor.java:103)
	at java.base/java.lang.reflect.Method.invoke(Method.java:580)
	at org.openqa.selenium.support.pagefactory.internal.LocatingElementHandler.invoke(LocatingElementHandler.java:51)
	at jdk.proxy2/jdk.proxy2.$Proxy14.click(Unknown Source)
	at lt.insoft.uztis.pages.InvitationsPage.setCheckbox(InvitationsPage.java:481)
	at lt.insoft.uztis.tests.SubmittedApplicationsPageTest.testFillNewVUIApplicationFA(SubmittedApplicationsPageTest.java:365)
	at java.base/jdk.internal.reflect.DirectMethodHandleAccessor.invoke(DirectMethodHandleAccessor.java:103)
	at java.base/java.lang.reflect.Method.invoke(Method.java:580)
	at org.junit.platform.commons.util.ReflectionUtils.invokeMethod(ReflectionUtils.java:728)
	at org.junit.jupiter.engine.execution.MethodInvocation.proceed(MethodInvocation.java:60)
	at org.junit.jupiter.engine.execution.InvocationInterceptorChain$ValidatingInvocation.proceed(InvocationInterceptorChain.java:131)
	at org.junit.jupiter.engine.extension.TimeoutExtension.intercept(TimeoutExtension.java:156)
	at org.junit.jupiter.engine.extension.TimeoutExtension.interceptTestableMethod(TimeoutExtension.java:147)
	at org.junit.jupiter.engine.extension.TimeoutExtension.interceptTestMethod(TimeoutExtension.java:86)
	at org.junit.jupiter.engine.execution.InterceptingExecutableInvoker$ReflectiveInterceptorCall.lambda$ofVoidMethod$0(InterceptingExecutableInvoker.java:103)
	at org.junit.jupiter.engine.execution.InterceptingExecutableInvoker.lambda$invoke$0(InterceptingExecutableInvoker.java:93)
	at org.junit.jupiter.engine.execution.InvocationInterceptorChain$InterceptedInvocation.proceed(InvocationInterceptorChain.java:106)
	at org.junit.jupiter.engine.execution.InvocationInterceptorChain.proceed(InvocationInterceptorChain.java:64)
	at org.junit.jupiter.engine.execution.InvocationInterceptorChain.chainAndInvoke(InvocationInterceptorChain.java:45)
	at org.junit.jupiter.engine.execution.InvocationInterceptorChain.invoke(InvocationInterceptorChain.java:37)
	at org.junit.jupiter.engine.execution.InterceptingExecutableInvoker.invoke(InterceptingExecutableInvoker.java:92)
	at org.junit.jupiter.engine.execution.InterceptingExecutableInvoker.invoke(InterceptingExecutableInvoker.java:86)
	at org.junit.jupiter.engine.descriptor.TestMethodTestDescriptor.lambda$invokeTestMethod$7(TestMethodTestDescriptor.java:218)
	at org.junit.platform.engine.support.hierarchical.ThrowableCollector.execute(ThrowableCollector.java:73)
	at org.junit.jupiter.engine.descriptor.TestMethodTestDescriptor.invokeTestMethod(TestMethodTestDescriptor.java:214)
	at org.junit.jupiter.engine.descriptor.TestMethodTestDescriptor.execute(TestMethodTestDescriptor.java:139)
	at org.junit.jupiter.engine.descriptor.TestMethodTestDescriptor.execute(TestMethodTestDescriptor.java:69)
	at org.junit.platform.engine.support.hierarchical.NodeTestTask.lambda$executeRecursively$6(NodeTestTask.java:151)
	at org.junit.platform.engine.support.hierarchical.ThrowableCollector.execute(ThrowableCollector.java:73)
	at org.junit.platform.engine.support.hierarchical.NodeTestTask.lambda$executeRecursively$8(NodeTestTask.java:141)
	at org.junit.platform.engine.support.hierarchical.Node.around(Node.java:137)
	at org.junit.platform.engine.support.hierarchical.NodeTestTask.lambda$executeRecursively$9(NodeTestTask.java:139)
	at org.junit.platform.engine.support.hierarchical.ThrowableCollector.execute(ThrowableCollector.java:73)
	at org.junit.platform.engine.support.hierarchical.NodeTestTask.executeRecursively(NodeTestTask.java:138)
	at org.junit.platform.engine.support.hierarchical.NodeTestTask.execute(NodeTestTask.java:95)
	at java.base/java.util.ArrayList.forEach(ArrayList.java:1596)
	at org.junit.platform.engine.support.hierarchical.SameThreadHierarchicalTestExecutorService.invokeAll(SameThreadHierarchicalTestExecutorService.java:41)
	at org.junit.platform.engine.support.hierarchical.NodeTestTask.lambda$executeRecursively$6(NodeTestTask.java:155)
	at org.junit.platform.engine.support.hierarchical.ThrowableCollector.execute(ThrowableCollector.java:73)
	at org.junit.platform.engine.support.hierarchical.NodeTestTask.lambda$executeRecursively$8(NodeTestTask.java:141)
	at org.junit.platform.engine.support.hierarchical.Node.around(Node.java:137)
	at org.junit.platform.engine.support.hierarchical.NodeTestTask.lambda$executeRecursively$9(NodeTestTask.java:139)
	at org.junit.platform.engine.support.hierarchical.ThrowableCollector.execute(ThrowableCollector.java:73)
	at org.junit.platform.engine.support.hierarchical.NodeTestTask.executeRecursively(NodeTestTask.java:138)
	at org.junit.platform.engine.support.hierarchical.NodeTestTask.execute(NodeTestTask.java:95)
	at java.base/java.util.ArrayList.forEach(ArrayList.java:1596)
	at org.junit.platform.engine.support.hierarchical.SameThreadHierarchicalTestExecutorService.invokeAll(SameThreadHierarchicalTestExecutorService.java:41)
	at org.junit.platform.engine.support.hierarchical.NodeTestTask.lambda$executeRecursively$6(NodeTestTask.java:155)
	at org.junit.platform.engine.support.hierarchical.ThrowableCollector.execute(ThrowableCollector.java:73)
	at org.junit.platform.engine.support.hierarchical.NodeTestTask.lambda$executeRecursively$8(NodeTestTask.java:141)
	at org.junit.platform.engine.support.hierarchical.Node.around(Node.java:137)
	at org.junit.platform.engine.support.hierarchical.NodeTestTask.lambda$executeRecursively$9(NodeTestTask.java:139)
	at org.junit.platform.engine.support.hierarchical.ThrowableCollector.execute(ThrowableCollector.java:73)
	at org.junit.platform.engine.support.hierarchical.NodeTestTask.executeRecursively(NodeTestTask.java:138)
	at org.junit.platform.engine.support.hierarchical.NodeTestTask.execute(NodeTestTask.java:95)
	at org.junit.platform.engine.support.hierarchical.SameThreadHierarchicalTestExecutorService.submit(SameThreadHierarchicalTestExecutorService.java:35)
	at org.junit.platform.engine.support.hierarchical.HierarchicalTestExecutor.execute(HierarchicalTestExecutor.java:57)
	at org.junit.platform.engine.support.hierarchical.HierarchicalTestEngine.execute(HierarchicalTestEngine.java:54)
	at org.junit.platform.launcher.core.EngineExecutionOrchestrator.execute(EngineExecutionOrchestrator.java:198)
	at org.junit.platform.launcher.core.EngineExecutionOrchestrator.execute(EngineExecutionOrchestrator.java:169)
	at org.junit.platform.launcher.core.EngineExecutionOrchestrator.execute(EngineExecutionOrchestrator.java:93)
	at org.junit.platform.launcher.core.EngineExecutionOrchestrator.lambda$execute$0(EngineExecutionOrchestrator.java:58)
	at org.junit.platform.launcher.core.EngineExecutionOrchestrator.withInterceptedStreams(EngineExecutionOrchestrator.java:141)
	at org.junit.platform.launcher.core.EngineExecutionOrchestrator.execute(EngineExecutionOrchestrator.java:57)
	at org.junit.platform.launcher.core.DefaultLauncher.execute(DefaultLauncher.java:103)
	at org.junit.platform.launcher.core.DefaultLauncher.execute(DefaultLauncher.java:85)
	at org.junit.platform.launcher.core.DelegatingLauncher.execute(DelegatingLauncher.java:47)
	at org.junit.platform.launcher.core.SessionPerRequestLauncher.execute(SessionPerRequestLauncher.java:63)
	at com.intellij.junit5.JUnit5IdeaTestRunner.startRunnerWithArgs(JUnit5IdeaTestRunner.java:57)
	at com.intellij.rt.junit.IdeaTestRunner$Repeater$1.execute(IdeaTestRunner.java:38)
	at com.intellij.rt.execution.junit.TestsRepeater.repeat(TestsRepeater.java:11)
	at com.intellij.rt.junit.IdeaTestRunner$Repeater.startRunnerWithArgs(IdeaTestRunner.java:35)
	at com.intellij.rt.junit.JUnitStarter.prepareStreamsAndStart(JUnitStarter.java:232)
	at com.intellij.rt.junit.JUnitStarter.main(JUnitStarter.java:55)
2025-03-04 15:12:58 [main] INFO  l.insoft.uztis.tests.utils.TestUtils - Screenshot moved to C:\Users\ingrida.zadorozniene\Desktop\Asm\UZTIS\UZTIS_tests\test-output\screenshots\20250304\151258362_testFillNewVUIApplicationFA().png
2025-03-04 15:14:57 [main] INFO  lt.insoft.uztis.tests.UztisPageTest - Navigated to https://uztisdev.asseco.lt/home
2025-03-04 15:14:57 [main] INFO  l.i.u.t.SubmittedApplicationsPageTest - Starting test:'testFillNewVUIPApplicationFA'
2025-03-04 15:14:58 [main] DEBUG l.i.u.t.SubmittedApplicationsPageTest - User logged in with test credentials.
2025-03-04 15:14:58 [main] DEBUG l.i.u.t.SubmittedApplicationsPageTest - Opened 'Application Processing' menu.
2025-03-04 15:14:58 [main] DEBUG l.i.u.t.SubmittedApplicationsPageTest - Clicked on 'Application Forms' menu.
2025-03-04 15:14:59 [main] DEBUG l.i.u.t.SubmittedApplicationsPageTest - Retrieved last description code text: 'TST-VUI-52'.
2025-03-04 15:14:59 [main] DEBUG l.i.u.t.SubmittedApplicationsPageTest - Clicked on 'Invitation' menu.
2025-03-04 15:15:01 [main] DEBUG l.i.u.t.SubmittedApplicationsPageTest - Selected application section by code: 'TST-VUI-52'.
2025-03-04 15:15:01 [main] DEBUG l.i.u.t.SubmittedApplicationsPageTest - Clicked 'Search' button.
2025-03-04 15:15:01 [main] DEBUG l.i.u.t.SubmittedApplicationsPageTest - Retrieved invitation code: ''.
2025-03-04 15:15:01 [main] DEBUG l.i.u.t.SubmittedApplicationsPageTest - Clicked on 'Submitted Applications' menu.
2025-03-04 15:15:02 [main] DEBUG l.i.u.t.SubmittedApplicationsPageTest - Selected invitation by code: 'TST-VUI-52'.
2025-03-04 15:15:02 [main] DEBUG l.i.u.t.SubmittedApplicationsPageTest - Invitation code inserted.
2025-03-04 15:15:03 [main] DEBUG l.i.u.t.SubmittedApplicationsPageTest - Clicked on 'Action Application' button.
2025-03-04 15:15:03 [main] DEBUG l.i.u.t.SubmittedApplicationsPageTest - Clicked on 'New Application' button.
2025-03-04 15:15:03 [main] DEBUG l.i.u.t.SubmittedApplicationsPageTest - Selected the 'RadioButtonFA' option.
2025-03-04 15:15:04 [main] DEBUG l.i.u.t.SubmittedApplicationsPageTest - Entered phone number: '61298745'.
2025-03-04 15:15:04 [main] DEBUG l.i.u.t.SubmittedApplicationsPageTest - Entered email: 'test@autotest.com'.
2025-03-04 15:15:04 [main] INFO  l.i.u.p.SubmittedApplicationsPage - Clicking on the dropdown button.
2025-03-04 15:15:25 [main] INFO  l.i.u.p.SubmittedApplicationsPage - Found 1741 options in the dropdown.
2025-03-04 15:15:25 [main] DEBUG l.i.u.p.SubmittedApplicationsPage - Checking option: ''
2025-03-04 15:15:25 [main] DEBUG l.i.u.p.SubmittedApplicationsPage - Checking option: '01.11 - Grūdinių (išskyrus ryžius), ankštinių ir aliejingų sėklų augalų auginimas'
2025-03-04 15:15:25 [main] INFO  l.i.u.p.SubmittedApplicationsPage - Successfully selected the value: '01.11 - Grūdinių (išskyrus ryžius), ankštinių ir aliejingų sėklų augalų auginimas'
2025-03-04 15:15:25 [main] INFO  l.i.u.p.SubmittedApplicationsPage - Attempting to close the dropdown.
2025-03-04 15:15:26 [main] DEBUG l.i.u.t.SubmittedApplicationsPageTest - Selected EVRK value: '01.11 - Grūdinių (išskyrus ryžius), ankštinių ir aliejingų sėklų augalų auginimas'.
2025-03-04 15:15:26 [main] DEBUG l.i.u.t.SubmittedApplicationsPageTest - Clicked on 'Address Component' button.
2025-03-04 15:15:26 [main] INFO  l.i.u.p.SubmittedApplicationsPage - Located the dropdown button.
2025-03-04 15:15:29 [main] INFO  l.i.u.p.SubmittedApplicationsPage - Successfully selected the value: 'Lietuva'
2025-03-04 15:15:29 [main] DEBUG l.i.u.t.SubmittedApplicationsPageTest - Selected country: 'Lietuva'.
2025-03-04 15:15:29 [main] INFO  l.i.u.p.SubmittedApplicationsPage - Located the dropdown search field.
2025-03-04 15:15:29 [main] INFO  l.i.u.p.SubmittedApplicationsPage - Dropdown city is opened.
2025-03-04 15:15:30 [main] INFO  l.i.u.p.SubmittedApplicationsPage - Searched for value: 'Vilnius'
2025-03-04 15:15:30 [main] INFO  l.i.u.p.SubmittedApplicationsPage - Successfully selected: 'Vilnius'
2025-03-04 15:15:30 [main] INFO  l.i.u.p.SubmittedApplicationsPage - Located the dropdown button.
2025-03-04 15:15:31 [main] INFO  l.i.u.p.SubmittedApplicationsPage - Successfully selected the value: 'A. Domaševičiaus g.'
2025-03-04 15:15:31 [main] DEBUG l.i.u.t.SubmittedApplicationsPageTest - Selected street: 'A. Domaševičiaus g.'.
2025-03-04 15:15:31 [main] INFO  l.i.u.p.SubmittedApplicationsPage - Located the dropdown button.
2025-03-04 15:15:32 [main] INFO  l.i.u.p.SubmittedApplicationsPage - Successfully selected the value: '1'
2025-03-04 15:15:32 [main] DEBUG l.i.u.t.SubmittedApplicationsPageTest - Selected house: '1'.
2025-03-04 15:15:32 [main] INFO  l.i.u.p.SubmittedApplicationsPage - Located the dropdown button.
2025-03-04 15:15:32 [main] INFO  l.i.u.p.SubmittedApplicationsPage - Successfully selected the value: '1'
2025-03-04 15:15:32 [main] DEBUG l.i.u.t.SubmittedApplicationsPageTest - Selected apartment: '1'.
2025-03-04 15:15:32 [main] DEBUG l.i.u.t.SubmittedApplicationsPageTest - Clicked 'Confirm' button.
2025-03-04 15:15:32 [main] DEBUG l.i.u.t.SubmittedApplicationsPageTest - Entered project date.
2025-03-04 15:15:32 [main] DEBUG l.i.u.t.SubmittedApplicationsPageTest - Entered job count: '1'.
2025-03-04 15:15:33 [main] DEBUG l.i.u.t.SubmittedApplicationsPageTest - Clicked 'Next' button.
2025-03-04 15:15:33 [main] INFO  l.i.u.p.SubmittedApplicationsPage - Located the dropdown button.
2025-03-04 15:15:34 [main] INFO  l.i.u.p.SubmittedApplicationsPage - Successfully selected the value: 'Administratoriai'
2025-03-04 15:15:34 [main] DEBUG l.i.u.t.SubmittedApplicationsPageTest - Selected job name: 'Administratoriai'.
2025-03-04 15:15:34 [main] DEBUG l.i.u.t.SubmittedApplicationsPageTest - Entered job function: 'Funkcija 1'.
2025-03-04 15:15:34 [main] DEBUG l.i.u.t.SubmittedApplicationsPageTest - Selected 'RadioButtonWithDisabilities' option.
2025-03-04 15:15:34 [main] INFO  l.i.u.p.SubmittedApplicationsPage - Clicking on the dropdown button.
2025-03-04 15:15:35 [main] INFO  l.i.u.p.SubmittedApplicationsPage - Found 34 options in the dropdown.
2025-03-04 15:15:35 [main] DEBUG l.i.u.p.SubmittedApplicationsPage - Checking option: 'Asmenys, kuriems suteiktas pabėgėlio statusas ar perkeliamojo asmens statusas, arba asmenys, kuriems suteikta papildoma ar laikinoji apsauga, ir asmenys, turintys teisę gauti laikinąją apsaugą, iki sprendimo dėl laikinosios apsaugos suteikimo (nesuteikimo) priėmimo, tačiau ne ilgiau kaip laikinosios apsaugos laikotarpiu'
2025-03-04 15:15:35 [main] DEBUG l.i.u.p.SubmittedApplicationsPage - Checking option: 'Asmenys, kuriems suteiktas pabėgėlio statusas ar perkeliamojo asmens statusas, arba asmenys, kuriems suteikta papildoma ar laikinoji apsauga, ir asmenys, turintys teisę gauti laikinąją apsaugą, iki sprendimo dėl laikinosios apsaugos suteikimo (nesuteikimo) priėmimo, tačiau ne ilgiau kaip laikinosios apsaugos laikotarpiu'
2025-03-04 15:15:35 [main] DEBUG l.i.u.p.SubmittedApplicationsPage - Checking option: 'Asmenys, turintys teisę į papildomas užimtumo garantijas pagal Lietuvos Respublikos valstybės įmonės Ignalinos atominės elektrinės darbuotojų papildomų užimtumo ir socialinių garantijų įstatymą'
2025-03-04 15:15:35 [main] DEBUG l.i.u.p.SubmittedApplicationsPage - Checking option: 'Asmenys, turintys teisę į papildomas užimtumo garantijas pagal Lietuvos Respublikos valstybės įmonės Ignalinos atominės elektrinės darbuotojų papildomų užimtumo ir socialinių garantijų įstatymą'
2025-03-04 15:15:35 [main] DEBUG l.i.u.p.SubmittedApplicationsPage - Checking option: 'Bedarbiai iki 29 metų'
2025-03-04 15:15:35 [main] DEBUG l.i.u.p.SubmittedApplicationsPage - Checking option: 'Bedarbiai iki 29 metų'
2025-03-04 15:15:35 [main] DEBUG l.i.u.p.SubmittedApplicationsPage - Checking option: 'Bedarbiai, kurie yra darbingo amžiaus neįgalieji, kuriems nustatytas 30–40 procentų darbingumo lygis arba vidutinis neįgalumo lygis'
2025-03-04 15:15:35 [main] DEBUG l.i.u.p.SubmittedApplicationsPage - Checking option: 'Bedarbiai, kurie yra darbingo amžiaus neįgalieji, kuriems nustatytas 30–40 procentų darbingumo lygis arba vidutinis neįgalumo lygis'
2025-03-04 15:15:35 [main] DEBUG l.i.u.p.SubmittedApplicationsPage - Checking option: 'Bedarbiai, kurie yra darbingo amžiaus neįgalieji, kuriems nustatytas 45–55 procentų darbingumo lygis arba lengvas neįgalumo lygis'
2025-03-04 15:15:35 [main] DEBUG l.i.u.p.SubmittedApplicationsPage - Checking option: 'Bedarbiai, kurie yra darbingo amžiaus neįgalieji, kuriems nustatytas 45–55 procentų darbingumo lygis arba lengvas neįgalumo lygis'
2025-03-04 15:15:35 [main] DEBUG l.i.u.p.SubmittedApplicationsPage - Checking option: 'Bedarbiai, kurie yra darbingo amžiaus neįgalieji, kuriems nustatytas iki 25 procentų darbingumo lygis arba sunkus neįgalumo lygis'
2025-03-04 15:15:36 [main] INFO  l.i.u.p.SubmittedApplicationsPage - Successfully selected the value: 'Bedarbiai, kurie yra darbingo amžiaus neįgalieji, kuriems nustatytas iki 25 procentų darbingumo lygis arba sunkus neįgalumo lygis'
2025-03-04 15:15:36 [main] INFO  l.i.u.p.SubmittedApplicationsPage - Attempting to close the dropdown.
2025-03-04 15:15:36 [main] DEBUG l.i.u.t.SubmittedApplicationsPageTest - Selected disabilities type: 'Bedarbiai, kurie yra darbingo amžiaus neįgalieji, kuriems nustatytas iki 25 procentų darbingumo lygis arba sunkus neįgalumo lygis'.
2025-03-04 15:15:36 [main] DEBUG l.i.u.t.SubmittedApplicationsPageTest - Entered disability information: 'Negalia 1'.
2025-03-04 15:15:36 [main] INFO  l.i.u.p.SubmittedApplicationsPage - Located the dropdown button.
2025-03-04 15:15:37 [main] INFO  l.i.u.p.SubmittedApplicationsPage - Successfully selected the value: 'Kita'
2025-03-04 15:15:37 [main] DEBUG l.i.u.t.SubmittedApplicationsPageTest - Selected time mode: 'Kita'.
2025-03-04 15:15:37 [main] DEBUG l.i.u.t.SubmittedApplicationsPageTest - Selected time mode other: '6 val. per dieną ir 4 d. per savaitę'.
2025-03-04 15:15:38 [main] DEBUG l.i.u.t.SubmittedApplicationsPageTest - Entered qualification: 'Kvalifikacija 1'.
2025-03-04 15:15:38 [main] DEBUG l.i.u.t.SubmittedApplicationsPageTest - Entered job date.
2025-03-04 15:15:38 [main] DEBUG l.i.u.t.SubmittedApplicationsPageTest - Entered salary amount: '1200'.
2025-03-04 15:15:38 [main] DEBUG l.i.u.t.SubmittedApplicationsPageTest - Selected 'Temporary Job' radio button.
2025-03-04 15:15:38 [main] DEBUG l.i.u.t.SubmittedApplicationsPageTest - Selected 'Season Job' radio button.
2025-03-04 15:15:39 [main] DEBUG l.i.u.t.SubmittedApplicationsPageTest - Selected 'Energy' radio button.
2025-03-04 15:15:39 [main] DEBUG l.i.u.t.SubmittedApplicationsPageTest - Selected 'Repair' radio button.
2025-03-04 15:15:39 [main] DEBUG l.i.u.t.SubmittedApplicationsPageTest - Entered job description: 'Veikla 1'.
2025-03-04 15:15:39 [main] DEBUG l.i.u.t.SubmittedApplicationsPageTest - Entered process description: 'Procesas 1'.
2025-03-04 15:15:40 [main] DEBUG l.i.u.t.SubmittedApplicationsPageTest - Entered energy information: 'Energija 1'.
2025-03-04 15:15:40 [main] DEBUG l.i.u.t.SubmittedApplicationsPageTest - Entered repair information: 'Remontas 1'.
2025-03-04 15:15:40 [main] DEBUG l.i.u.t.SubmittedApplicationsPageTest - Selected 'PVM' radio button.
2025-03-04 15:15:40 [main] INFO  l.i.u.p.SubmittedApplicationsPage - Located the dropdown button.
2025-03-04 15:15:41 [main] INFO  l.i.u.p.SubmittedApplicationsPage - Successfully selected the value: 'Įsigyti'
2025-03-04 15:15:41 [main] DEBUG l.i.u.t.SubmittedApplicationsPageTest - Selected necessary for job: 'Įsigyti'.
2025-03-04 15:15:41 [main] DEBUG l.i.u.t.SubmittedApplicationsPageTest - Selected tool: 'Darbo priemonė 1'.
2025-03-04 15:15:41 [main] DEBUG l.i.u.t.SubmittedApplicationsPageTest - Selected tool parameter one: 'Darbo priemonės 1 parametras 1'.
2025-03-04 15:15:42 [main] DEBUG l.i.u.t.SubmittedApplicationsPageTest - Selected tool parameter two: 'Darbo priemonės 1 parametras 2'.
2025-03-04 15:15:42 [main] DEBUG l.i.u.t.SubmittedApplicationsPageTest - Selected tool parameter three: 'Darbo priemonės 1 parametras 3'.
2025-03-04 15:15:42 [main] DEBUG l.i.u.t.SubmittedApplicationsPageTest - Entered tool count: '1'.
2025-03-04 15:15:42 [main] DEBUG l.i.u.t.SubmittedApplicationsPageTest - Entered price amount 1: '1000'.
2025-03-04 15:15:43 [main] DEBUG l.i.u.t.SubmittedApplicationsPageTest - Entered own funds amount 1: '800'.
2025-03-04 15:15:43 [main] DEBUG l.i.u.t.SubmittedApplicationsPageTest - Clicked 'Add' button.
2025-03-04 15:15:43 [main] INFO  l.i.u.p.SubmittedApplicationsPage - Located the dropdown button.
2025-03-04 15:15:43 [main] INFO  l.i.u.p.SubmittedApplicationsPage - Successfully selected the value: 'Remontuoti'
2025-03-04 15:15:43 [main] DEBUG l.i.u.t.SubmittedApplicationsPageTest - Selected necessary for job 'to repair': 'Remontuoti'.
2025-03-04 15:15:44 [main] DEBUG l.i.u.t.SubmittedApplicationsPageTest - Selected repair name: 'Remonto pavadinimas 1'.
2025-03-04 15:15:44 [main] DEBUG l.i.u.t.SubmittedApplicationsPageTest - Entered repair information: 'Remonto aprašymas 1'.
2025-03-04 15:15:44 [main] DEBUG l.i.u.t.SubmittedApplicationsPageTest - Entered price amount 2: '1000'.
2025-03-04 15:15:44 [main] DEBUG l.i.u.t.SubmittedApplicationsPageTest - Entered own funds amount 2: '900'.
2025-03-04 15:15:45 [main] DEBUG l.i.u.t.SubmittedApplicationsPageTest - Entered country percentage: '50'.
2025-03-04 15:15:45 [main] DEBUG l.i.u.t.SubmittedApplicationsPageTest - Entered institution percentage: '50'.
2025-03-04 15:15:45 [main] DEBUG l.i.u.t.SubmittedApplicationsPageTest - Entered municipality percentage: '50'.
2025-03-04 15:15:45 [main] DEBUG l.i.u.t.SubmittedApplicationsPageTest - Selected 'De Minimis' radio button.
2025-03-04 15:15:46 [main] DEBUG l.i.u.t.SubmittedApplicationsPageTest - Entered program name: 'Programa 1'.
2025-03-04 15:15:46 [main] DEBUG l.i.u.t.SubmittedApplicationsPageTest - Entered project date from.
2025-03-04 15:15:46 [main] DEBUG l.i.u.t.SubmittedApplicationsPageTest - Entered project date until.
2025-03-04 15:15:46 [main] DEBUG l.i.u.t.SubmittedApplicationsPageTest - Entered support amount: '2000'.
2025-03-04 15:15:47 [main] DEBUG l.i.u.t.SubmittedApplicationsPageTest - Clicked 'Next' button.
2025-03-04 15:15:48 [main] ERROR l.i.u.t.SubmittedApplicationsPageTest - Test 'testFillNewVUIApplicationFA' failed with error: element click intercepted: Element <input type="checkbox" class="mdc-checkbox__native-control" id="mat-mdc-checkbox-1-input" tabindex="0"> is not clickable at point (803, 354). Other element would receive the click: <strong>...</strong>
  (Session info: chrome=133.0.6943.142)
Build info: version: '4.27.0', revision: 'd6e718d134'
System info: os.name: 'Windows 11', os.arch: 'amd64', os.version: '10.0', java.version: '21.0.3'
Driver info: org.openqa.selenium.chrome.ChromeDriver
Command: [855192f6eda60f18ab4d5c874dd50ceb, clickElement {id=f.FE5E49693FE5E935CA2AB15F7CC423E5.d.C73223105AA4A2145265D7828E98D239.e.2685}]
Capabilities {acceptInsecureCerts: false, browserName: chrome, browserVersion: 133.0.6943.142, chrome: {chromedriverVersion: 133.0.6943.141 (2a5d6da0d61..., userDataDir: C:\Users\INGRID~1.ZAD\AppDa...}, fedcm:accounts: true, goog:chromeOptions: {debuggerAddress: localhost:62030}, networkConnectionEnabled: false, pageLoadStrategy: normal, platformName: windows, proxy: Proxy(), se:cdp: ws://localhost:62030/devtoo..., se:cdpVersion: 133.0.6943.142, setWindowRect: true, strictFileInteractability: false, timeouts: {implicit: 0, pageLoad: 300000, script: 30000}, unhandledPromptBehavior: dismiss and notify, webauthn:extension:credBlob: true, webauthn:extension:largeBlob: true, webauthn:extension:minPinLength: true, webauthn:extension:prf: true, webauthn:virtualAuthenticators: true}
Element: [[ChromeDriver: chrome on windows (855192f6eda60f18ab4d5c874dd50ceb)] -> xpath: (//div[contains(@class, 'mdc-checkbox')]//input[@type='checkbox'])[1]]
Session ID: 855192f6eda60f18ab4d5c874dd50ceb
org.openqa.selenium.ElementClickInterceptedException: element click intercepted: Element <input type="checkbox" class="mdc-checkbox__native-control" id="mat-mdc-checkbox-1-input" tabindex="0"> is not clickable at point (803, 354). Other element would receive the click: <strong>...</strong>
  (Session info: chrome=133.0.6943.142)
Build info: version: '4.27.0', revision: 'd6e718d134'
System info: os.name: 'Windows 11', os.arch: 'amd64', os.version: '10.0', java.version: '21.0.3'
Driver info: org.openqa.selenium.chrome.ChromeDriver
Command: [855192f6eda60f18ab4d5c874dd50ceb, clickElement {id=f.FE5E49693FE5E935CA2AB15F7CC423E5.d.C73223105AA4A2145265D7828E98D239.e.2685}]
Capabilities {acceptInsecureCerts: false, browserName: chrome, browserVersion: 133.0.6943.142, chrome: {chromedriverVersion: 133.0.6943.141 (2a5d6da0d61..., userDataDir: C:\Users\INGRID~1.ZAD\AppDa...}, fedcm:accounts: true, goog:chromeOptions: {debuggerAddress: localhost:62030}, networkConnectionEnabled: false, pageLoadStrategy: normal, platformName: windows, proxy: Proxy(), se:cdp: ws://localhost:62030/devtoo..., se:cdpVersion: 133.0.6943.142, setWindowRect: true, strictFileInteractability: false, timeouts: {implicit: 0, pageLoad: 300000, script: 30000}, unhandledPromptBehavior: dismiss and notify, webauthn:extension:credBlob: true, webauthn:extension:largeBlob: true, webauthn:extension:minPinLength: true, webauthn:extension:prf: true, webauthn:virtualAuthenticators: true}
Element: [[ChromeDriver: chrome on windows (855192f6eda60f18ab4d5c874dd50ceb)] -> xpath: (//div[contains(@class, 'mdc-checkbox')]//input[@type='checkbox'])[1]]
Session ID: 855192f6eda60f18ab4d5c874dd50ceb
	at java.base/jdk.internal.reflect.DirectConstructorHandleAccessor.newInstance(DirectConstructorHandleAccessor.java:62)
	at java.base/java.lang.reflect.Constructor.newInstanceWithCaller(Constructor.java:502)
	at java.base/java.lang.reflect.Constructor.newInstance(Constructor.java:486)
	at org.openqa.selenium.remote.ErrorCodec.decode(ErrorCodec.java:167)
	at org.openqa.selenium.remote.codec.w3c.W3CHttpResponseCodec.decode(W3CHttpResponseCodec.java:138)
	at org.openqa.selenium.remote.codec.w3c.W3CHttpResponseCodec.decode(W3CHttpResponseCodec.java:50)
	at org.openqa.selenium.remote.HttpCommandExecutor.execute(HttpCommandExecutor.java:190)
	at org.openqa.selenium.remote.service.DriverCommandExecutor.invokeExecute(DriverCommandExecutor.java:216)
	at org.openqa.selenium.remote.service.DriverCommandExecutor.execute(DriverCommandExecutor.java:174)
	at org.openqa.selenium.remote.RemoteWebDriver.execute(RemoteWebDriver.java:545)
	at org.openqa.selenium.remote.RemoteWebElement.execute(RemoteWebElement.java:223)
	at org.openqa.selenium.remote.RemoteWebElement.click(RemoteWebElement.java:76)
	at java.base/jdk.internal.reflect.DirectMethodHandleAccessor.invoke(DirectMethodHandleAccessor.java:103)
	at java.base/java.lang.reflect.Method.invoke(Method.java:580)
	at org.openqa.selenium.support.pagefactory.internal.LocatingElementHandler.invoke(LocatingElementHandler.java:51)
	at jdk.proxy2/jdk.proxy2.$Proxy14.click(Unknown Source)
	at lt.insoft.uztis.pages.InvitationsPage.setCheckbox(InvitationsPage.java:481)
	at lt.insoft.uztis.tests.SubmittedApplicationsPageTest.testFillNewVUIApplicationFA(SubmittedApplicationsPageTest.java:365)
	at java.base/jdk.internal.reflect.DirectMethodHandleAccessor.invoke(DirectMethodHandleAccessor.java:103)
	at java.base/java.lang.reflect.Method.invoke(Method.java:580)
	at org.junit.platform.commons.util.ReflectionUtils.invokeMethod(ReflectionUtils.java:728)
	at org.junit.jupiter.engine.execution.MethodInvocation.proceed(MethodInvocation.java:60)
	at org.junit.jupiter.engine.execution.InvocationInterceptorChain$ValidatingInvocation.proceed(InvocationInterceptorChain.java:131)
	at org.junit.jupiter.engine.extension.TimeoutExtension.intercept(TimeoutExtension.java:156)
	at org.junit.jupiter.engine.extension.TimeoutExtension.interceptTestableMethod(TimeoutExtension.java:147)
	at org.junit.jupiter.engine.extension.TimeoutExtension.interceptTestMethod(TimeoutExtension.java:86)
	at org.junit.jupiter.engine.execution.InterceptingExecutableInvoker$ReflectiveInterceptorCall.lambda$ofVoidMethod$0(InterceptingExecutableInvoker.java:103)
	at org.junit.jupiter.engine.execution.InterceptingExecutableInvoker.lambda$invoke$0(InterceptingExecutableInvoker.java:93)
	at org.junit.jupiter.engine.execution.InvocationInterceptorChain$InterceptedInvocation.proceed(InvocationInterceptorChain.java:106)
	at org.junit.jupiter.engine.execution.InvocationInterceptorChain.proceed(InvocationInterceptorChain.java:64)
	at org.junit.jupiter.engine.execution.InvocationInterceptorChain.chainAndInvoke(InvocationInterceptorChain.java:45)
	at org.junit.jupiter.engine.execution.InvocationInterceptorChain.invoke(InvocationInterceptorChain.java:37)
	at org.junit.jupiter.engine.execution.InterceptingExecutableInvoker.invoke(InterceptingExecutableInvoker.java:92)
	at org.junit.jupiter.engine.execution.InterceptingExecutableInvoker.invoke(InterceptingExecutableInvoker.java:86)
	at org.junit.jupiter.engine.descriptor.TestMethodTestDescriptor.lambda$invokeTestMethod$7(TestMethodTestDescriptor.java:218)
	at org.junit.platform.engine.support.hierarchical.ThrowableCollector.execute(ThrowableCollector.java:73)
	at org.junit.jupiter.engine.descriptor.TestMethodTestDescriptor.invokeTestMethod(TestMethodTestDescriptor.java:214)
	at org.junit.jupiter.engine.descriptor.TestMethodTestDescriptor.execute(TestMethodTestDescriptor.java:139)
	at org.junit.jupiter.engine.descriptor.TestMethodTestDescriptor.execute(TestMethodTestDescriptor.java:69)
	at org.junit.platform.engine.support.hierarchical.NodeTestTask.lambda$executeRecursively$6(NodeTestTask.java:151)
	at org.junit.platform.engine.support.hierarchical.ThrowableCollector.execute(ThrowableCollector.java:73)
	at org.junit.platform.engine.support.hierarchical.NodeTestTask.lambda$executeRecursively$8(NodeTestTask.java:141)
	at org.junit.platform.engine.support.hierarchical.Node.around(Node.java:137)
	at org.junit.platform.engine.support.hierarchical.NodeTestTask.lambda$executeRecursively$9(NodeTestTask.java:139)
	at org.junit.platform.engine.support.hierarchical.ThrowableCollector.execute(ThrowableCollector.java:73)
	at org.junit.platform.engine.support.hierarchical.NodeTestTask.executeRecursively(NodeTestTask.java:138)
	at org.junit.platform.engine.support.hierarchical.NodeTestTask.execute(NodeTestTask.java:95)
	at java.base/java.util.ArrayList.forEach(ArrayList.java:1596)
	at org.junit.platform.engine.support.hierarchical.SameThreadHierarchicalTestExecutorService.invokeAll(SameThreadHierarchicalTestExecutorService.java:41)
	at org.junit.platform.engine.support.hierarchical.NodeTestTask.lambda$executeRecursively$6(NodeTestTask.java:155)
	at org.junit.platform.engine.support.hierarchical.ThrowableCollector.execute(ThrowableCollector.java:73)
	at org.junit.platform.engine.support.hierarchical.NodeTestTask.lambda$executeRecursively$8(NodeTestTask.java:141)
	at org.junit.platform.engine.support.hierarchical.Node.around(Node.java:137)
	at org.junit.platform.engine.support.hierarchical.NodeTestTask.lambda$executeRecursively$9(NodeTestTask.java:139)
	at org.junit.platform.engine.support.hierarchical.ThrowableCollector.execute(ThrowableCollector.java:73)
	at org.junit.platform.engine.support.hierarchical.NodeTestTask.executeRecursively(NodeTestTask.java:138)
	at org.junit.platform.engine.support.hierarchical.NodeTestTask.execute(NodeTestTask.java:95)
	at java.base/java.util.ArrayList.forEach(ArrayList.java:1596)
	at org.junit.platform.engine.support.hierarchical.SameThreadHierarchicalTestExecutorService.invokeAll(SameThreadHierarchicalTestExecutorService.java:41)
	at org.junit.platform.engine.support.hierarchical.NodeTestTask.lambda$executeRecursively$6(NodeTestTask.java:155)
	at org.junit.platform.engine.support.hierarchical.ThrowableCollector.execute(ThrowableCollector.java:73)
	at org.junit.platform.engine.support.hierarchical.NodeTestTask.lambda$executeRecursively$8(NodeTestTask.java:141)
	at org.junit.platform.engine.support.hierarchical.Node.around(Node.java:137)
	at org.junit.platform.engine.support.hierarchical.NodeTestTask.lambda$executeRecursively$9(NodeTestTask.java:139)
	at org.junit.platform.engine.support.hierarchical.ThrowableCollector.execute(ThrowableCollector.java:73)
	at org.junit.platform.engine.support.hierarchical.NodeTestTask.executeRecursively(NodeTestTask.java:138)
	at org.junit.platform.engine.support.hierarchical.NodeTestTask.execute(NodeTestTask.java:95)
	at org.junit.platform.engine.support.hierarchical.SameThreadHierarchicalTestExecutorService.submit(SameThreadHierarchicalTestExecutorService.java:35)
	at org.junit.platform.engine.support.hierarchical.HierarchicalTestExecutor.execute(HierarchicalTestExecutor.java:57)
	at org.junit.platform.engine.support.hierarchical.HierarchicalTestEngine.execute(HierarchicalTestEngine.java:54)
	at org.junit.platform.launcher.core.EngineExecutionOrchestrator.execute(EngineExecutionOrchestrator.java:198)
	at org.junit.platform.launcher.core.EngineExecutionOrchestrator.execute(EngineExecutionOrchestrator.java:169)
	at org.junit.platform.launcher.core.EngineExecutionOrchestrator.execute(EngineExecutionOrchestrator.java:93)
	at org.junit.platform.launcher.core.EngineExecutionOrchestrator.lambda$execute$0(EngineExecutionOrchestrator.java:58)
	at org.junit.platform.launcher.core.EngineExecutionOrchestrator.withInterceptedStreams(EngineExecutionOrchestrator.java:141)
	at org.junit.platform.launcher.core.EngineExecutionOrchestrator.execute(EngineExecutionOrchestrator.java:57)
	at org.junit.platform.launcher.core.DefaultLauncher.execute(DefaultLauncher.java:103)
	at org.junit.platform.launcher.core.DefaultLauncher.execute(DefaultLauncher.java:85)
	at org.junit.platform.launcher.core.DelegatingLauncher.execute(DelegatingLauncher.java:47)
	at org.junit.platform.launcher.core.SessionPerRequestLauncher.execute(SessionPerRequestLauncher.java:63)
	at com.intellij.junit5.JUnit5IdeaTestRunner.startRunnerWithArgs(JUnit5IdeaTestRunner.java:57)
	at com.intellij.rt.junit.IdeaTestRunner$Repeater$1.execute(IdeaTestRunner.java:38)
	at com.intellij.rt.execution.junit.TestsRepeater.repeat(TestsRepeater.java:11)
	at com.intellij.rt.junit.IdeaTestRunner$Repeater.startRunnerWithArgs(IdeaTestRunner.java:35)
	at com.intellij.rt.junit.JUnitStarter.prepareStreamsAndStart(JUnitStarter.java:232)
	at com.intellij.rt.junit.JUnitStarter.main(JUnitStarter.java:55)
2025-03-04 15:15:48 [main] INFO  l.insoft.uztis.tests.utils.TestUtils - Screenshot moved to C:\Users\ingrida.zadorozniene\Desktop\Asm\UZTIS\UZTIS_tests\test-output\screenshots\20250304\151548462_testFillNewVUIApplicationFA().png
2025-03-04 15:23:39 [main] INFO  lt.insoft.uztis.tests.UztisPageTest - Navigated to https://uztisdev.asseco.lt/home
2025-03-04 15:23:39 [main] INFO  l.i.u.t.SubmittedApplicationsPageTest - Starting test:'testFillNewVUIPApplicationFA'
2025-03-04 15:23:40 [main] DEBUG l.i.u.t.SubmittedApplicationsPageTest - User logged in with test credentials.
2025-03-04 15:23:40 [main] DEBUG l.i.u.t.SubmittedApplicationsPageTest - Opened 'Application Processing' menu.
2025-03-04 15:23:40 [main] DEBUG l.i.u.t.SubmittedApplicationsPageTest - Clicked on 'Application Forms' menu.
2025-03-04 15:23:42 [main] DEBUG l.i.u.t.SubmittedApplicationsPageTest - Retrieved last description code text: 'TST-VUI-52'.
2025-03-04 15:23:42 [main] DEBUG l.i.u.t.SubmittedApplicationsPageTest - Clicked on 'Invitation' menu.
2025-03-04 15:23:43 [main] DEBUG l.i.u.t.SubmittedApplicationsPageTest - Selected application section by code: 'TST-VUI-52'.
2025-03-04 15:23:43 [main] DEBUG l.i.u.t.SubmittedApplicationsPageTest - Clicked 'Search' button.
2025-03-04 15:23:43 [main] DEBUG l.i.u.t.SubmittedApplicationsPageTest - Retrieved invitation code: ''.
2025-03-04 15:23:43 [main] DEBUG l.i.u.t.SubmittedApplicationsPageTest - Clicked on 'Submitted Applications' menu.
2025-03-04 15:23:45 [main] DEBUG l.i.u.t.SubmittedApplicationsPageTest - Selected invitation by code: 'TST-VUI-52'.
2025-03-04 15:23:45 [main] DEBUG l.i.u.t.SubmittedApplicationsPageTest - Invitation code inserted.
2025-03-04 15:23:45 [main] DEBUG l.i.u.t.SubmittedApplicationsPageTest - Clicked on 'Action Application' button.
2025-03-04 15:23:45 [main] DEBUG l.i.u.t.SubmittedApplicationsPageTest - Clicked on 'New Application' button.
2025-03-04 15:23:46 [main] DEBUG l.i.u.t.SubmittedApplicationsPageTest - Selected the 'RadioButtonFA' option.
2025-03-04 15:23:46 [main] DEBUG l.i.u.t.SubmittedApplicationsPageTest - Entered phone number: '61298745'.
2025-03-04 15:23:46 [main] DEBUG l.i.u.t.SubmittedApplicationsPageTest - Entered email: 'test@autotest.com'.
2025-03-04 15:23:46 [main] INFO  l.i.u.p.SubmittedApplicationsPage - Clicking on the dropdown button.
2025-03-04 15:24:04 [main] INFO  l.i.u.p.SubmittedApplicationsPage - Found 1741 options in the dropdown.
2025-03-04 15:24:04 [main] DEBUG l.i.u.p.SubmittedApplicationsPage - Checking option: ''
2025-03-04 15:24:04 [main] DEBUG l.i.u.p.SubmittedApplicationsPage - Checking option: '01.11 - Grūdinių (išskyrus ryžius), ankštinių ir aliejingų sėklų augalų auginimas'
2025-03-04 15:24:04 [main] INFO  l.i.u.p.SubmittedApplicationsPage - Successfully selected the value: '01.11 - Grūdinių (išskyrus ryžius), ankštinių ir aliejingų sėklų augalų auginimas'
2025-03-04 15:24:04 [main] INFO  l.i.u.p.SubmittedApplicationsPage - Attempting to close the dropdown.
2025-03-04 15:24:05 [main] DEBUG l.i.u.t.SubmittedApplicationsPageTest - Selected EVRK value: '01.11 - Grūdinių (išskyrus ryžius), ankštinių ir aliejingų sėklų augalų auginimas'.
2025-03-04 15:24:05 [main] DEBUG l.i.u.t.SubmittedApplicationsPageTest - Clicked on 'Address Component' button.
2025-03-04 15:24:05 [main] INFO  l.i.u.p.SubmittedApplicationsPage - Located the dropdown button.
2025-03-04 15:24:08 [main] INFO  l.i.u.p.SubmittedApplicationsPage - Successfully selected the value: 'Lietuva'
2025-03-04 15:24:08 [main] DEBUG l.i.u.t.SubmittedApplicationsPageTest - Selected country: 'Lietuva'.
2025-03-04 15:24:08 [main] INFO  l.i.u.p.SubmittedApplicationsPage - Located the dropdown search field.
2025-03-04 15:24:09 [main] INFO  l.i.u.p.SubmittedApplicationsPage - Dropdown city is opened.
2025-03-04 15:24:09 [main] INFO  l.i.u.p.SubmittedApplicationsPage - Searched for value: 'Vilnius'
2025-03-04 15:24:10 [main] INFO  l.i.u.p.SubmittedApplicationsPage - Successfully selected: 'Vilnius'
2025-03-04 15:24:10 [main] INFO  l.i.u.p.SubmittedApplicationsPage - Located the dropdown button.
2025-03-04 15:24:11 [main] INFO  l.i.u.p.SubmittedApplicationsPage - Successfully selected the value: 'A. Domaševičiaus g.'
2025-03-04 15:24:11 [main] DEBUG l.i.u.t.SubmittedApplicationsPageTest - Selected street: 'A. Domaševičiaus g.'.
2025-03-04 15:24:11 [main] INFO  l.i.u.p.SubmittedApplicationsPage - Located the dropdown button.
2025-03-04 15:24:12 [main] INFO  l.i.u.p.SubmittedApplicationsPage - Successfully selected the value: '1'
2025-03-04 15:24:12 [main] DEBUG l.i.u.t.SubmittedApplicationsPageTest - Selected house: '1'.
2025-03-04 15:24:12 [main] INFO  l.i.u.p.SubmittedApplicationsPage - Located the dropdown button.
2025-03-04 15:24:12 [main] INFO  l.i.u.p.SubmittedApplicationsPage - Successfully selected the value: '1'
2025-03-04 15:24:12 [main] DEBUG l.i.u.t.SubmittedApplicationsPageTest - Selected apartment: '1'.
2025-03-04 15:24:12 [main] DEBUG l.i.u.t.SubmittedApplicationsPageTest - Clicked 'Confirm' button.
2025-03-04 15:24:12 [main] DEBUG l.i.u.t.SubmittedApplicationsPageTest - Entered project date.
2025-03-04 15:24:12 [main] DEBUG l.i.u.t.SubmittedApplicationsPageTest - Entered job count: '1'.
2025-03-04 15:24:13 [main] DEBUG l.i.u.t.SubmittedApplicationsPageTest - Clicked 'Next' button.
2025-03-04 15:24:13 [main] INFO  l.i.u.p.SubmittedApplicationsPage - Located the dropdown button.
2025-03-04 15:24:14 [main] INFO  l.i.u.p.SubmittedApplicationsPage - Successfully selected the value: 'Administratoriai'
2025-03-04 15:24:14 [main] DEBUG l.i.u.t.SubmittedApplicationsPageTest - Selected job name: 'Administratoriai'.
2025-03-04 15:24:14 [main] DEBUG l.i.u.t.SubmittedApplicationsPageTest - Entered job function: 'Funkcija 1'.
2025-03-04 15:24:14 [main] DEBUG l.i.u.t.SubmittedApplicationsPageTest - Selected 'RadioButtonWithDisabilities' option.
2025-03-04 15:24:14 [main] INFO  l.i.u.p.SubmittedApplicationsPage - Clicking on the dropdown button.
2025-03-04 15:24:15 [main] INFO  l.i.u.p.SubmittedApplicationsPage - Found 34 options in the dropdown.
2025-03-04 15:24:15 [main] DEBUG l.i.u.p.SubmittedApplicationsPage - Checking option: 'Asmenys, kuriems suteiktas pabėgėlio statusas ar perkeliamojo asmens statusas, arba asmenys, kuriems suteikta papildoma ar laikinoji apsauga, ir asmenys, turintys teisę gauti laikinąją apsaugą, iki sprendimo dėl laikinosios apsaugos suteikimo (nesuteikimo) priėmimo, tačiau ne ilgiau kaip laikinosios apsaugos laikotarpiu'
2025-03-04 15:24:15 [main] DEBUG l.i.u.p.SubmittedApplicationsPage - Checking option: 'Asmenys, kuriems suteiktas pabėgėlio statusas ar perkeliamojo asmens statusas, arba asmenys, kuriems suteikta papildoma ar laikinoji apsauga, ir asmenys, turintys teisę gauti laikinąją apsaugą, iki sprendimo dėl laikinosios apsaugos suteikimo (nesuteikimo) priėmimo, tačiau ne ilgiau kaip laikinosios apsaugos laikotarpiu'
2025-03-04 15:24:15 [main] DEBUG l.i.u.p.SubmittedApplicationsPage - Checking option: 'Asmenys, turintys teisę į papildomas užimtumo garantijas pagal Lietuvos Respublikos valstybės įmonės Ignalinos atominės elektrinės darbuotojų papildomų užimtumo ir socialinių garantijų įstatymą'
2025-03-04 15:24:15 [main] DEBUG l.i.u.p.SubmittedApplicationsPage - Checking option: 'Asmenys, turintys teisę į papildomas užimtumo garantijas pagal Lietuvos Respublikos valstybės įmonės Ignalinos atominės elektrinės darbuotojų papildomų užimtumo ir socialinių garantijų įstatymą'
2025-03-04 15:24:15 [main] DEBUG l.i.u.p.SubmittedApplicationsPage - Checking option: 'Bedarbiai iki 29 metų'
2025-03-04 15:24:15 [main] DEBUG l.i.u.p.SubmittedApplicationsPage - Checking option: 'Bedarbiai iki 29 metų'
2025-03-04 15:24:15 [main] DEBUG l.i.u.p.SubmittedApplicationsPage - Checking option: 'Bedarbiai, kurie yra darbingo amžiaus neįgalieji, kuriems nustatytas 30–40 procentų darbingumo lygis arba vidutinis neįgalumo lygis'
2025-03-04 15:24:15 [main] DEBUG l.i.u.p.SubmittedApplicationsPage - Checking option: 'Bedarbiai, kurie yra darbingo amžiaus neįgalieji, kuriems nustatytas 30–40 procentų darbingumo lygis arba vidutinis neįgalumo lygis'
2025-03-04 15:24:15 [main] DEBUG l.i.u.p.SubmittedApplicationsPage - Checking option: 'Bedarbiai, kurie yra darbingo amžiaus neįgalieji, kuriems nustatytas 45–55 procentų darbingumo lygis arba lengvas neįgalumo lygis'
2025-03-04 15:24:15 [main] DEBUG l.i.u.p.SubmittedApplicationsPage - Checking option: 'Bedarbiai, kurie yra darbingo amžiaus neįgalieji, kuriems nustatytas 45–55 procentų darbingumo lygis arba lengvas neįgalumo lygis'
2025-03-04 15:24:15 [main] DEBUG l.i.u.p.SubmittedApplicationsPage - Checking option: 'Bedarbiai, kurie yra darbingo amžiaus neįgalieji, kuriems nustatytas iki 25 procentų darbingumo lygis arba sunkus neįgalumo lygis'
2025-03-04 15:24:15 [main] INFO  l.i.u.p.SubmittedApplicationsPage - Successfully selected the value: 'Bedarbiai, kurie yra darbingo amžiaus neįgalieji, kuriems nustatytas iki 25 procentų darbingumo lygis arba sunkus neįgalumo lygis'
2025-03-04 15:24:15 [main] INFO  l.i.u.p.SubmittedApplicationsPage - Attempting to close the dropdown.
2025-03-04 15:24:16 [main] DEBUG l.i.u.t.SubmittedApplicationsPageTest - Selected disabilities type: 'Bedarbiai, kurie yra darbingo amžiaus neįgalieji, kuriems nustatytas iki 25 procentų darbingumo lygis arba sunkus neįgalumo lygis'.
2025-03-04 15:24:16 [main] DEBUG l.i.u.t.SubmittedApplicationsPageTest - Entered disability information: 'Negalia 1'.
2025-03-04 15:24:16 [main] INFO  l.i.u.p.SubmittedApplicationsPage - Located the dropdown button.
2025-03-04 15:24:16 [main] INFO  l.i.u.p.SubmittedApplicationsPage - Successfully selected the value: 'Kita'
2025-03-04 15:24:16 [main] DEBUG l.i.u.t.SubmittedApplicationsPageTest - Selected time mode: 'Kita'.
2025-03-04 15:24:17 [main] DEBUG l.i.u.t.SubmittedApplicationsPageTest - Selected time mode other: '6 val. per dieną ir 4 d. per savaitę'.
2025-03-04 15:24:17 [main] DEBUG l.i.u.t.SubmittedApplicationsPageTest - Entered qualification: 'Kvalifikacija 1'.
2025-03-04 15:24:17 [main] DEBUG l.i.u.t.SubmittedApplicationsPageTest - Entered job date.
2025-03-04 15:24:18 [main] DEBUG l.i.u.t.SubmittedApplicationsPageTest - Entered salary amount: '1200'.
2025-03-04 15:24:18 [main] DEBUG l.i.u.t.SubmittedApplicationsPageTest - Selected 'Temporary Job' radio button.
2025-03-04 15:24:18 [main] DEBUG l.i.u.t.SubmittedApplicationsPageTest - Selected 'Season Job' radio button.
2025-03-04 15:24:18 [main] DEBUG l.i.u.t.SubmittedApplicationsPageTest - Selected 'Energy' radio button.
2025-03-04 15:24:18 [main] DEBUG l.i.u.t.SubmittedApplicationsPageTest - Selected 'Repair' radio button.
2025-03-04 15:24:19 [main] DEBUG l.i.u.t.SubmittedApplicationsPageTest - Entered job description: 'Veikla 1'.
2025-03-04 15:24:19 [main] DEBUG l.i.u.t.SubmittedApplicationsPageTest - Entered process description: 'Procesas 1'.
2025-03-04 15:24:19 [main] DEBUG l.i.u.t.SubmittedApplicationsPageTest - Entered energy information: 'Energija 1'.
2025-03-04 15:24:19 [main] DEBUG l.i.u.t.SubmittedApplicationsPageTest - Entered repair information: 'Remontas 1'.
2025-03-04 15:24:19 [main] DEBUG l.i.u.t.SubmittedApplicationsPageTest - Selected 'PVM' radio button.
2025-03-04 15:24:19 [main] INFO  l.i.u.p.SubmittedApplicationsPage - Located the dropdown button.
2025-03-04 15:24:20 [main] INFO  l.i.u.p.SubmittedApplicationsPage - Successfully selected the value: 'Įsigyti'
2025-03-04 15:24:20 [main] DEBUG l.i.u.t.SubmittedApplicationsPageTest - Selected necessary for job: 'Įsigyti'.
2025-03-04 15:24:21 [main] DEBUG l.i.u.t.SubmittedApplicationsPageTest - Selected tool: 'Darbo priemonė 1'.
2025-03-04 15:24:21 [main] DEBUG l.i.u.t.SubmittedApplicationsPageTest - Selected tool parameter one: 'Darbo priemonės 1 parametras 1'.
2025-03-04 15:24:21 [main] DEBUG l.i.u.t.SubmittedApplicationsPageTest - Selected tool parameter two: 'Darbo priemonės 1 parametras 2'.
2025-03-04 15:24:21 [main] DEBUG l.i.u.t.SubmittedApplicationsPageTest - Selected tool parameter three: 'Darbo priemonės 1 parametras 3'.
2025-03-04 15:24:22 [main] DEBUG l.i.u.t.SubmittedApplicationsPageTest - Entered tool count: '1'.
2025-03-04 15:24:22 [main] DEBUG l.i.u.t.SubmittedApplicationsPageTest - Entered price amount 1: '1000'.
2025-03-04 15:24:22 [main] DEBUG l.i.u.t.SubmittedApplicationsPageTest - Entered own funds amount 1: '800'.
2025-03-04 15:24:22 [main] DEBUG l.i.u.t.SubmittedApplicationsPageTest - Clicked 'Add' button.
2025-03-04 15:24:22 [main] INFO  l.i.u.p.SubmittedApplicationsPage - Located the dropdown button.
2025-03-04 15:24:23 [main] INFO  l.i.u.p.SubmittedApplicationsPage - Successfully selected the value: 'Remontuoti'
2025-03-04 15:24:23 [main] DEBUG l.i.u.t.SubmittedApplicationsPageTest - Selected necessary for job 'to repair': 'Remontuoti'.
2025-03-04 15:24:23 [main] DEBUG l.i.u.t.SubmittedApplicationsPageTest - Selected repair name: 'Remonto pavadinimas 1'.
2025-03-04 15:24:23 [main] DEBUG l.i.u.t.SubmittedApplicationsPageTest - Entered repair information: 'Remonto aprašymas 1'.
2025-03-04 15:24:23 [main] DEBUG l.i.u.t.SubmittedApplicationsPageTest - Entered price amount 2: '1000'.
2025-03-04 15:24:24 [main] DEBUG l.i.u.t.SubmittedApplicationsPageTest - Entered own funds amount 2: '900'.
2025-03-04 15:24:24 [main] DEBUG l.i.u.t.SubmittedApplicationsPageTest - Entered country percentage: '50'.
2025-03-04 15:24:24 [main] DEBUG l.i.u.t.SubmittedApplicationsPageTest - Entered institution percentage: '50'.
2025-03-04 15:24:24 [main] DEBUG l.i.u.t.SubmittedApplicationsPageTest - Entered municipality percentage: '50'.
2025-03-04 15:24:24 [main] DEBUG l.i.u.t.SubmittedApplicationsPageTest - Selected 'De Minimis' radio button.
2025-03-04 15:24:25 [main] DEBUG l.i.u.t.SubmittedApplicationsPageTest - Entered program name: 'Programa 1'.
2025-03-04 15:24:25 [main] DEBUG l.i.u.t.SubmittedApplicationsPageTest - Entered project date from.
2025-03-04 15:24:25 [main] DEBUG l.i.u.t.SubmittedApplicationsPageTest - Entered project date until.
2025-03-04 15:24:25 [main] DEBUG l.i.u.t.SubmittedApplicationsPageTest - Entered support amount: '2000'.
2025-03-04 15:24:26 [main] DEBUG l.i.u.t.SubmittedApplicationsPageTest - Clicked 'Next' button.
2025-03-04 15:24:27 [main] ERROR l.i.u.t.SubmittedApplicationsPageTest - Test 'testFillNewVUIApplicationFA' failed with error: element click intercepted: Element <input type="checkbox" class="mdc-checkbox__native-control" id="mat-mdc-checkbox-3-input" tabindex="0"> is not clickable at point (671, 887). Other element would receive the click: <p>...</p>
  (Session info: chrome=133.0.6943.142)
Build info: version: '4.27.0', revision: 'd6e718d134'
System info: os.name: 'Windows 11', os.arch: 'amd64', os.version: '10.0', java.version: '21.0.3'
Driver info: org.openqa.selenium.chrome.ChromeDriver
Command: [35729e25d6da8fda98acb74330db6c55, clickElement {id=f.2FBB4714841DF8B6AA14E717A18B4FB3.d.F79EC28FF8B0845EBF5DCB9B4ABAC0C5.e.2683}]
Capabilities {acceptInsecureCerts: false, browserName: chrome, browserVersion: 133.0.6943.142, chrome: {chromedriverVersion: 133.0.6943.141 (2a5d6da0d61..., userDataDir: C:\Users\INGRID~1.ZAD\AppDa...}, fedcm:accounts: true, goog:chromeOptions: {debuggerAddress: localhost:62328}, networkConnectionEnabled: false, pageLoadStrategy: normal, platformName: windows, proxy: Proxy(), se:cdp: ws://localhost:62328/devtoo..., se:cdpVersion: 133.0.6943.142, setWindowRect: true, strictFileInteractability: false, timeouts: {implicit: 0, pageLoad: 300000, script: 30000}, unhandledPromptBehavior: dismiss and notify, webauthn:extension:credBlob: true, webauthn:extension:largeBlob: true, webauthn:extension:minPinLength: true, webauthn:extension:prf: true, webauthn:virtualAuthenticators: true}
Element: [[ChromeDriver: chrome on windows (35729e25d6da8fda98acb74330db6c55)] -> xpath: (//div[contains(@class, 'mdc-checkbox')]//input[@type='checkbox'])[3]]
Session ID: 35729e25d6da8fda98acb74330db6c55
org.openqa.selenium.ElementClickInterceptedException: element click intercepted: Element <input type="checkbox" class="mdc-checkbox__native-control" id="mat-mdc-checkbox-3-input" tabindex="0"> is not clickable at point (671, 887). Other element would receive the click: <p>...</p>
  (Session info: chrome=133.0.6943.142)
Build info: version: '4.27.0', revision: 'd6e718d134'
System info: os.name: 'Windows 11', os.arch: 'amd64', os.version: '10.0', java.version: '21.0.3'
Driver info: org.openqa.selenium.chrome.ChromeDriver
Command: [35729e25d6da8fda98acb74330db6c55, clickElement {id=f.2FBB4714841DF8B6AA14E717A18B4FB3.d.F79EC28FF8B0845EBF5DCB9B4ABAC0C5.e.2683}]
Capabilities {acceptInsecureCerts: false, browserName: chrome, browserVersion: 133.0.6943.142, chrome: {chromedriverVersion: 133.0.6943.141 (2a5d6da0d61..., userDataDir: C:\Users\INGRID~1.ZAD\AppDa...}, fedcm:accounts: true, goog:chromeOptions: {debuggerAddress: localhost:62328}, networkConnectionEnabled: false, pageLoadStrategy: normal, platformName: windows, proxy: Proxy(), se:cdp: ws://localhost:62328/devtoo..., se:cdpVersion: 133.0.6943.142, setWindowRect: true, strictFileInteractability: false, timeouts: {implicit: 0, pageLoad: 300000, script: 30000}, unhandledPromptBehavior: dismiss and notify, webauthn:extension:credBlob: true, webauthn:extension:largeBlob: true, webauthn:extension:minPinLength: true, webauthn:extension:prf: true, webauthn:virtualAuthenticators: true}
Element: [[ChromeDriver: chrome on windows (35729e25d6da8fda98acb74330db6c55)] -> xpath: (//div[contains(@class, 'mdc-checkbox')]//input[@type='checkbox'])[3]]
Session ID: 35729e25d6da8fda98acb74330db6c55
	at java.base/jdk.internal.reflect.DirectConstructorHandleAccessor.newInstance(DirectConstructorHandleAccessor.java:62)
	at java.base/java.lang.reflect.Constructor.newInstanceWithCaller(Constructor.java:502)
	at java.base/java.lang.reflect.Constructor.newInstance(Constructor.java:486)
	at org.openqa.selenium.remote.ErrorCodec.decode(ErrorCodec.java:167)
	at org.openqa.selenium.remote.codec.w3c.W3CHttpResponseCodec.decode(W3CHttpResponseCodec.java:138)
	at org.openqa.selenium.remote.codec.w3c.W3CHttpResponseCodec.decode(W3CHttpResponseCodec.java:50)
	at org.openqa.selenium.remote.HttpCommandExecutor.execute(HttpCommandExecutor.java:190)
	at org.openqa.selenium.remote.service.DriverCommandExecutor.invokeExecute(DriverCommandExecutor.java:216)
	at org.openqa.selenium.remote.service.DriverCommandExecutor.execute(DriverCommandExecutor.java:174)
	at org.openqa.selenium.remote.RemoteWebDriver.execute(RemoteWebDriver.java:545)
	at org.openqa.selenium.remote.RemoteWebElement.execute(RemoteWebElement.java:223)
	at org.openqa.selenium.remote.RemoteWebElement.click(RemoteWebElement.java:76)
	at java.base/jdk.internal.reflect.DirectMethodHandleAccessor.invoke(DirectMethodHandleAccessor.java:103)
	at java.base/java.lang.reflect.Method.invoke(Method.java:580)
	at org.openqa.selenium.support.pagefactory.internal.LocatingElementHandler.invoke(LocatingElementHandler.java:51)
	at jdk.proxy2/jdk.proxy2.$Proxy14.click(Unknown Source)
	at lt.insoft.uztis.pages.InvitationsPage.setCheckbox(InvitationsPage.java:481)
	at lt.insoft.uztis.tests.SubmittedApplicationsPageTest.testFillNewVUIApplicationFA(SubmittedApplicationsPageTest.java:365)
	at java.base/jdk.internal.reflect.DirectMethodHandleAccessor.invoke(DirectMethodHandleAccessor.java:103)
	at java.base/java.lang.reflect.Method.invoke(Method.java:580)
	at org.junit.platform.commons.util.ReflectionUtils.invokeMethod(ReflectionUtils.java:728)
	at org.junit.jupiter.engine.execution.MethodInvocation.proceed(MethodInvocation.java:60)
	at org.junit.jupiter.engine.execution.InvocationInterceptorChain$ValidatingInvocation.proceed(InvocationInterceptorChain.java:131)
	at org.junit.jupiter.engine.extension.TimeoutExtension.intercept(TimeoutExtension.java:156)
	at org.junit.jupiter.engine.extension.TimeoutExtension.interceptTestableMethod(TimeoutExtension.java:147)
	at org.junit.jupiter.engine.extension.TimeoutExtension.interceptTestMethod(TimeoutExtension.java:86)
	at org.junit.jupiter.engine.execution.InterceptingExecutableInvoker$ReflectiveInterceptorCall.lambda$ofVoidMethod$0(InterceptingExecutableInvoker.java:103)
	at org.junit.jupiter.engine.execution.InterceptingExecutableInvoker.lambda$invoke$0(InterceptingExecutableInvoker.java:93)
	at org.junit.jupiter.engine.execution.InvocationInterceptorChain$InterceptedInvocation.proceed(InvocationInterceptorChain.java:106)
	at org.junit.jupiter.engine.execution.InvocationInterceptorChain.proceed(InvocationInterceptorChain.java:64)
	at org.junit.jupiter.engine.execution.InvocationInterceptorChain.chainAndInvoke(InvocationInterceptorChain.java:45)
	at org.junit.jupiter.engine.execution.InvocationInterceptorChain.invoke(InvocationInterceptorChain.java:37)
	at org.junit.jupiter.engine.execution.InterceptingExecutableInvoker.invoke(InterceptingExecutableInvoker.java:92)
	at org.junit.jupiter.engine.execution.InterceptingExecutableInvoker.invoke(InterceptingExecutableInvoker.java:86)
	at org.junit.jupiter.engine.descriptor.TestMethodTestDescriptor.lambda$invokeTestMethod$7(TestMethodTestDescriptor.java:218)
	at org.junit.platform.engine.support.hierarchical.ThrowableCollector.execute(ThrowableCollector.java:73)
	at org.junit.jupiter.engine.descriptor.TestMethodTestDescriptor.invokeTestMethod(TestMethodTestDescriptor.java:214)
	at org.junit.jupiter.engine.descriptor.TestMethodTestDescriptor.execute(TestMethodTestDescriptor.java:139)
	at org.junit.jupiter.engine.descriptor.TestMethodTestDescriptor.execute(TestMethodTestDescriptor.java:69)
	at org.junit.platform.engine.support.hierarchical.NodeTestTask.lambda$executeRecursively$6(NodeTestTask.java:151)
	at org.junit.platform.engine.support.hierarchical.ThrowableCollector.execute(ThrowableCollector.java:73)
	at org.junit.platform.engine.support.hierarchical.NodeTestTask.lambda$executeRecursively$8(NodeTestTask.java:141)
	at org.junit.platform.engine.support.hierarchical.Node.around(Node.java:137)
	at org.junit.platform.engine.support.hierarchical.NodeTestTask.lambda$executeRecursively$9(NodeTestTask.java:139)
	at org.junit.platform.engine.support.hierarchical.ThrowableCollector.execute(ThrowableCollector.java:73)
	at org.junit.platform.engine.support.hierarchical.NodeTestTask.executeRecursively(NodeTestTask.java:138)
	at org.junit.platform.engine.support.hierarchical.NodeTestTask.execute(NodeTestTask.java:95)
	at java.base/java.util.ArrayList.forEach(ArrayList.java:1596)
	at org.junit.platform.engine.support.hierarchical.SameThreadHierarchicalTestExecutorService.invokeAll(SameThreadHierarchicalTestExecutorService.java:41)
	at org.junit.platform.engine.support.hierarchical.NodeTestTask.lambda$executeRecursively$6(NodeTestTask.java:155)
	at org.junit.platform.engine.support.hierarchical.ThrowableCollector.execute(ThrowableCollector.java:73)
	at org.junit.platform.engine.support.hierarchical.NodeTestTask.lambda$executeRecursively$8(NodeTestTask.java:141)
	at org.junit.platform.engine.support.hierarchical.Node.around(Node.java:137)
	at org.junit.platform.engine.support.hierarchical.NodeTestTask.lambda$executeRecursively$9(NodeTestTask.java:139)
	at org.junit.platform.engine.support.hierarchical.ThrowableCollector.execute(ThrowableCollector.java:73)
	at org.junit.platform.engine.support.hierarchical.NodeTestTask.executeRecursively(NodeTestTask.java:138)
	at org.junit.platform.engine.support.hierarchical.NodeTestTask.execute(NodeTestTask.java:95)
	at java.base/java.util.ArrayList.forEach(ArrayList.java:1596)
	at org.junit.platform.engine.support.hierarchical.SameThreadHierarchicalTestExecutorService.invokeAll(SameThreadHierarchicalTestExecutorService.java:41)
	at org.junit.platform.engine.support.hierarchical.NodeTestTask.lambda$executeRecursively$6(NodeTestTask.java:155)
	at org.junit.platform.engine.support.hierarchical.ThrowableCollector.execute(ThrowableCollector.java:73)
	at org.junit.platform.engine.support.hierarchical.NodeTestTask.lambda$executeRecursively$8(NodeTestTask.java:141)
	at org.junit.platform.engine.support.hierarchical.Node.around(Node.java:137)
	at org.junit.platform.engine.support.hierarchical.NodeTestTask.lambda$executeRecursively$9(NodeTestTask.java:139)
	at org.junit.platform.engine.support.hierarchical.ThrowableCollector.execute(ThrowableCollector.java:73)
	at org.junit.platform.engine.support.hierarchical.NodeTestTask.executeRecursively(NodeTestTask.java:138)
	at org.junit.platform.engine.support.hierarchical.NodeTestTask.execute(NodeTestTask.java:95)
	at org.junit.platform.engine.support.hierarchical.SameThreadHierarchicalTestExecutorService.submit(SameThreadHierarchicalTestExecutorService.java:35)
	at org.junit.platform.engine.support.hierarchical.HierarchicalTestExecutor.execute(HierarchicalTestExecutor.java:57)
	at org.junit.platform.engine.support.hierarchical.HierarchicalTestEngine.execute(HierarchicalTestEngine.java:54)
	at org.junit.platform.launcher.core.EngineExecutionOrchestrator.execute(EngineExecutionOrchestrator.java:198)
	at org.junit.platform.launcher.core.EngineExecutionOrchestrator.execute(EngineExecutionOrchestrator.java:169)
	at org.junit.platform.launcher.core.EngineExecutionOrchestrator.execute(EngineExecutionOrchestrator.java:93)
	at org.junit.platform.launcher.core.EngineExecutionOrchestrator.lambda$execute$0(EngineExecutionOrchestrator.java:58)
	at org.junit.platform.launcher.core.EngineExecutionOrchestrator.withInterceptedStreams(EngineExecutionOrchestrator.java:141)
	at org.junit.platform.launcher.core.EngineExecutionOrchestrator.execute(EngineExecutionOrchestrator.java:57)
	at org.junit.platform.launcher.core.DefaultLauncher.execute(DefaultLauncher.java:103)
	at org.junit.platform.launcher.core.DefaultLauncher.execute(DefaultLauncher.java:85)
	at org.junit.platform.launcher.core.DelegatingLauncher.execute(DelegatingLauncher.java:47)
	at org.junit.platform.launcher.core.SessionPerRequestLauncher.execute(SessionPerRequestLauncher.java:63)
	at com.intellij.junit5.JUnit5IdeaTestRunner.startRunnerWithArgs(JUnit5IdeaTestRunner.java:57)
	at com.intellij.rt.junit.IdeaTestRunner$Repeater$1.execute(IdeaTestRunner.java:38)
	at com.intellij.rt.execution.junit.TestsRepeater.repeat(TestsRepeater.java:11)
	at com.intellij.rt.junit.IdeaTestRunner$Repeater.startRunnerWithArgs(IdeaTestRunner.java:35)
	at com.intellij.rt.junit.JUnitStarter.prepareStreamsAndStart(JUnitStarter.java:232)
	at com.intellij.rt.junit.JUnitStarter.main(JUnitStarter.java:55)
2025-03-04 15:24:27 [main] INFO  l.insoft.uztis.tests.utils.TestUtils - Screenshot moved to C:\Users\ingrida.zadorozniene\Desktop\Asm\UZTIS\UZTIS_tests\test-output\screenshots\20250304\152427616_testFillNewVUIApplicationFA().png
2025-03-05 10:14:00 [main] INFO  lt.insoft.uztis.tests.UztisPageTest - Navigated to https://uztisdev.asseco.lt/home
2025-03-05 10:14:00 [main] INFO  l.i.u.tests.ApplicationFormsPageTest - Setup complete. ApplicationFormsPage initialized.
2025-03-05 10:14:00 [main] INFO  l.i.u.tests.ApplicationFormsPageTest - Starting test:'testCreateNewDvpApplication'
2025-03-05 10:14:00 [main] DEBUG l.i.u.tests.ApplicationFormsPageTest - User logged in with test credentials
2025-03-05 10:14:00 [main] DEBUG l.i.u.tests.ApplicationFormsPageTest - Opened 'Application Processing' menu.
2025-03-05 10:14:01 [main] DEBUG l.i.u.tests.ApplicationFormsPageTest - Clicked on 'Application Forms' menu.
2025-03-05 10:14:01 [main] DEBUG l.i.u.tests.ApplicationFormsPageTest - Clicked to create a new application form.
2025-03-05 10:14:01 [main] DEBUG l.i.u.tests.ApplicationFormsPageTest - Entered random application code: TST-DVP-36
2025-03-05 10:14:01 [main] DEBUG l.i.u.tests.ApplicationFormsPageTest - Selected 'Municipality' radio button.
2025-03-05 10:14:01 [main] INFO  l.i.uztis.pages.ApplicationFormsPage - Located the dropdown button.
2025-03-05 10:14:02 [main] WARN  l.i.uztis.pages.ApplicationFormsPage - The value 'Kauno departamentas' was not found among the options.
2025-03-05 10:14:22 [main] INFO  lt.insoft.uztis.tests.UztisPageTest - Navigated to https://uztisdev.asseco.lt/home
2025-03-05 10:14:22 [main] INFO  l.i.u.tests.ApplicationFormsPageTest - Setup complete. ApplicationFormsPage initialized.
2025-03-05 10:14:22 [main] INFO  l.i.u.tests.ApplicationFormsPageTest - Starting test:'testCreateNewDvpApplication'
2025-03-05 10:14:22 [main] DEBUG l.i.u.tests.ApplicationFormsPageTest - User logged in with test credentials
2025-03-05 10:14:23 [main] DEBUG l.i.u.tests.ApplicationFormsPageTest - Opened 'Application Processing' menu.
2025-03-05 10:14:23 [main] DEBUG l.i.u.tests.ApplicationFormsPageTest - Clicked on 'Application Forms' menu.
2025-03-05 10:14:23 [main] DEBUG l.i.u.tests.ApplicationFormsPageTest - Clicked to create a new application form.
2025-03-05 10:14:23 [main] DEBUG l.i.u.tests.ApplicationFormsPageTest - Entered random application code: TST-DVP-22
2025-03-05 10:14:24 [main] DEBUG l.i.u.tests.ApplicationFormsPageTest - Selected 'Municipality' radio button.
2025-03-05 10:14:24 [main] INFO  l.i.uztis.pages.ApplicationFormsPage - Located the dropdown button.
2025-03-05 10:14:24 [main] INFO  l.i.uztis.pages.ApplicationFormsPage - Successfully selected the value: 'Kauno departamentas'
2025-03-05 10:14:34 [main] ERROR l.i.uztis.pages.ApplicationFormsPage - Failed to close the dropdown with aria-expanded = 'false'.
2025-03-05 10:14:34 [main] DEBUG l.i.u.tests.ApplicationFormsPageTest - Selected a value from the 'Municipality' dropdown: 'Kauno departamentas'
2025-03-05 10:14:34 [main] DEBUG l.i.u.tests.ApplicationFormsPageTest - Selected 'Budget By Country' radio button.
2025-03-05 10:14:35 [main] DEBUG l.i.u.tests.ApplicationFormsPageTest - Selected 'Financed Without Queue' option.
2025-03-05 10:14:35 [main] INFO  l.i.uztis.pages.ApplicationFormsPage - Located the dropdown button.
2025-03-05 10:14:35 [main] INFO  l.i.uztis.pages.ApplicationFormsPage - Successfully selected the value: 'DVP paraiškos vertinimo forma - I etapas'
2025-03-05 10:14:46 [main] ERROR l.i.uztis.pages.ApplicationFormsPage - Failed to close the dropdown with aria-expanded = 'false'.
2025-03-05 10:14:46 [main] DEBUG l.i.u.tests.ApplicationFormsPageTest - Selected a value from the 'EvaluationOne' dropdown: 'DVP paraiškos vertinimo forma - I etapas'
2025-03-05 10:14:46 [main] DEBUG l.i.u.tests.ApplicationFormsPageTest - Clicked 'Plus' button.
2025-03-05 10:14:46 [main] DEBUG l.i.u.tests.ApplicationFormsPageTest - Clicked 'Add' button seven times.
2025-03-05 10:14:46 [main] INFO  l.i.uztis.pages.ApplicationFormsPage - Processing dropdown index: 0
2025-03-05 10:14:58 [main] ERROR l.i.uztis.pages.ApplicationFormsPage - Timeout while waiting for dropdown to close at index: 0 with aria-expanded = 'false'
2025-03-05 10:14:58 [main] INFO  l.i.uztis.pages.ApplicationFormsPage - Processing dropdown index: 1
2025-03-05 10:15:08 [main] ERROR l.i.uztis.pages.ApplicationFormsPage - Timeout while waiting for dropdown to close at index: 1 with aria-expanded = 'false'
2025-03-05 10:15:08 [main] INFO  l.i.uztis.pages.ApplicationFormsPage - Processing dropdown index: 2
2025-03-05 10:15:18 [main] ERROR l.i.uztis.pages.ApplicationFormsPage - Timeout while waiting for dropdown to close at index: 2 with aria-expanded = 'false'
2025-03-05 10:15:18 [main] INFO  l.i.uztis.pages.ApplicationFormsPage - Processing dropdown index: 3
2025-03-05 10:15:29 [main] ERROR l.i.uztis.pages.ApplicationFormsPage - Timeout while waiting for dropdown to close at index: 3 with aria-expanded = 'false'
2025-03-05 10:15:29 [main] INFO  l.i.uztis.pages.ApplicationFormsPage - Processing dropdown index: 4
2025-03-05 10:15:40 [main] ERROR l.i.uztis.pages.ApplicationFormsPage - Timeout while waiting for dropdown to close at index: 4 with aria-expanded = 'false'
2025-03-05 10:15:40 [main] INFO  l.i.uztis.pages.ApplicationFormsPage - Processing dropdown index: 5
2025-03-05 10:15:50 [main] ERROR l.i.uztis.pages.ApplicationFormsPage - Timeout while waiting for dropdown to close at index: 5 with aria-expanded = 'false'
2025-03-05 10:15:50 [main] INFO  l.i.uztis.pages.ApplicationFormsPage - Processing dropdown index: 6
2025-03-05 10:16:01 [main] ERROR l.i.uztis.pages.ApplicationFormsPage - Timeout while waiting for dropdown to close at index: 6 with aria-expanded = 'false'
2025-03-05 10:16:01 [main] INFO  l.i.uztis.pages.ApplicationFormsPage - Processing dropdown index: 7
2025-03-05 10:16:11 [main] ERROR l.i.uztis.pages.ApplicationFormsPage - Timeout while waiting for dropdown to close at index: 7 with aria-expanded = 'false'
2025-03-05 10:16:11 [main] INFO  l.i.uztis.pages.ApplicationFormsPage - Processing input field index: 0
2025-03-05 10:16:11 [main] INFO  l.i.uztis.pages.ApplicationFormsPage - Entered value '50' into field index: 0
2025-03-05 10:16:11 [main] INFO  l.i.uztis.pages.ApplicationFormsPage - Processing input field index: 1
2025-03-05 10:16:12 [main] INFO  l.i.uztis.pages.ApplicationFormsPage - Entered value '924' into field index: 1
2025-03-05 10:16:12 [main] INFO  l.i.uztis.pages.ApplicationFormsPage - Processing input field index: 2
2025-03-05 10:16:12 [main] INFO  l.i.uztis.pages.ApplicationFormsPage - Entered value '31' into field index: 2
2025-03-05 10:16:12 [main] INFO  l.i.uztis.pages.ApplicationFormsPage - Processing input field index: 3
2025-03-05 10:16:12 [main] INFO  l.i.uztis.pages.ApplicationFormsPage - Entered value '4.7' into field index: 3
2025-03-05 10:16:12 [main] INFO  l.i.uztis.pages.ApplicationFormsPage - Processing input field index: 4
2025-03-05 10:16:12 [main] INFO  l.i.uztis.pages.ApplicationFormsPage - Entered value '35' into field index: 4
2025-03-05 10:16:12 [main] INFO  l.i.uztis.pages.ApplicationFormsPage - Processing input field index: 5
2025-03-05 10:16:12 [main] INFO  l.i.uztis.pages.ApplicationFormsPage - Entered value '20' into field index: 5
2025-03-05 10:16:12 [main] INFO  l.i.uztis.pages.ApplicationFormsPage - Processing input field index: 6
2025-03-05 10:16:12 [main] INFO  l.i.uztis.pages.ApplicationFormsPage - Entered value '30' into field index: 6
2025-03-05 10:16:12 [main] INFO  l.i.uztis.pages.ApplicationFormsPage - Processing input field index: 7
2025-03-05 10:16:12 [main] INFO  l.i.uztis.pages.ApplicationFormsPage - Entered value '60' into field index: 7
2025-03-05 10:16:12 [main] DEBUG l.i.u.tests.ApplicationFormsPageTest - Entered additional values and text.
2025-03-05 10:16:12 [main] DEBUG l.i.u.tests.ApplicationFormsPageTest - Entered application name: DVP paraiška
2025-03-05 10:16:13 [main] DEBUG l.i.u.tests.ApplicationFormsPageTest - Clicked the 'Save' button.
2025-03-05 10:16:13 [main] DEBUG l.i.uztis.pages.ApplicationFormsPage - Verified success message: 'Duomenys sėkmingai išsaugoti.'
2025-03-05 10:16:13 [main] INFO  l.i.u.tests.ApplicationFormsPageTest - Verified success message
2025-03-05 10:16:13 [main] INFO  l.i.u.tests.ApplicationFormsPageTest - Verified that the 'Save Form' button is displayed.
2025-03-05 10:16:13 [main] INFO  l.i.u.tests.ApplicationFormsPageTest - Test 'testCreateNewDvpApplication' completed successfully.
2025-03-05 13:19:55 [main] INFO  lt.insoft.uztis.tests.UztisPageTest - Navigated to https://uztisdev.asseco.lt/home
2025-03-05 13:19:55 [main] INFO  l.i.u.tests.ApplicationFormsPageTest - Setup complete. ApplicationFormsPage initialized.
2025-03-05 13:19:55 [main] INFO  l.i.u.tests.ApplicationFormsPageTest - Starting test:'testAddContractDVP'
2025-03-05 13:19:55 [main] DEBUG l.i.u.tests.ApplicationFormsPageTest - User logged in with test credentials
2025-03-05 13:19:56 [main] DEBUG l.i.u.tests.ApplicationFormsPageTest - Opened 'Application Processing' menu.
2025-03-05 13:19:56 [main] DEBUG l.i.u.tests.ApplicationFormsPageTest - Clicked on 'Application Forms' menu.
2025-03-05 13:19:56 [main] DEBUG l.i.u.tests.ApplicationFormsPageTest - Selected the last application description.
2025-03-05 13:19:57 [main] DEBUG l.i.u.tests.ApplicationFormsPageTest - Clicked 'Project Progress' tab.
2025-03-05 13:19:57 [main] DEBUG l.i.u.tests.ApplicationFormsPageTest - Clicked the 'Edit' button.
2025-03-05 13:19:57 [main] INFO  l.i.uztis.pages.ApplicationFormsPage - Located the dropdown button.
2025-03-05 13:19:59 [main] INFO  l.i.uztis.pages.ApplicationFormsPage - Successfully selected the value: 'Darbo vietų pritaikymo ir finansavimo sutartis'
2025-03-05 13:20:09 [main] ERROR l.i.uztis.pages.ApplicationFormsPage - Failed to close the dropdown with aria-expanded = 'false'.
2025-03-05 13:20:09 [main] DEBUG l.i.u.tests.ApplicationFormsPageTest - Selected a value from the 'Document' dropdown: 'Darbo vietų pritaikymo ir finansavimo sutartis'
2025-03-05 13:20:09 [main] DEBUG l.i.u.tests.ApplicationFormsPageTest - Clicked the 'Save' button.
2025-03-05 13:20:10 [main] ERROR l.i.uztis.pages.ApplicationFormsPage - Failed to verify the success message: 'Funkcija sėkmingai atlikta.'. Available messages: [Duomenys sėkmingai išsaugoti.]
2025-03-05 13:20:10 [main] INFO  l.i.u.tests.ApplicationFormsPageTest - Verified success message
2025-03-05 13:20:10 [main] INFO  l.i.u.tests.ApplicationFormsPageTest - Test 'testAddContractDVP' completed successfully.
2025-03-05 13:20:50 [main] INFO  lt.insoft.uztis.tests.UztisPageTest - Navigated to https://uztisdev.asseco.lt/home
2025-03-05 13:20:50 [main] INFO  l.i.uztis.tests.InvitationsPageTest - Starting test:'testCreateNewDvpInvitation'
2025-03-05 13:20:50 [main] DEBUG l.i.uztis.tests.InvitationsPageTest - User logged in with test credentials
2025-03-05 13:20:51 [main] DEBUG l.i.uztis.tests.InvitationsPageTest - Opened 'Application Processing' menu.
2025-03-05 13:20:51 [main] DEBUG l.i.uztis.tests.InvitationsPageTest - Clicked on 'Application Forms' menu.
2025-03-05 13:20:51 [main] DEBUG l.i.uztis.tests.InvitationsPageTest - Navigating to application forms menu.
2025-03-05 13:21:01 [main] ERROR l.i.uztis.tests.InvitationsPageTest - Test 'testCreateNewDvpInvitation' failed with error: no such element: Unable to locate element: {"method":"xpath","selector":"//td[@class='mat-mdc-cell mdc-data-table__cell cdk-cell cdk-column-CODE mat-column-CODE ng-star-inserted' and @role='cell']"}
  (Session info: chrome=133.0.6943.142)
For documentation on this error, please visit: https://www.selenium.dev/documentation/webdriver/troubleshooting/errors#no-such-element-exception
Build info: version: '4.27.0', revision: 'd6e718d134'
System info: os.name: 'Windows 11', os.arch: 'amd64', os.version: '10.0', java.version: '21.0.3'
Driver info: org.openqa.selenium.chrome.ChromeDriver
Command: [c6ea4e6bcc9d5d95b2f2c65c406c0b84, findElement {value=//td[@class='mat-mdc-cell mdc-data-table__cell cdk-cell cdk-column-CODE mat-column-CODE ng-star-inserted' and @role='cell'], using=xpath}]
Capabilities {acceptInsecureCerts: false, browserName: chrome, browserVersion: 133.0.6943.142, chrome: {chromedriverVersion: 133.0.6943.141 (2a5d6da0d61..., userDataDir: C:\Users\INGRID~1.ZAD\AppDa...}, fedcm:accounts: true, goog:chromeOptions: {debuggerAddress: localhost:60161}, networkConnectionEnabled: false, pageLoadStrategy: normal, platformName: windows, proxy: Proxy(), se:cdp: ws://localhost:60161/devtoo..., se:cdpVersion: 133.0.6943.142, setWindowRect: true, strictFileInteractability: false, timeouts: {implicit: 0, pageLoad: 300000, script: 30000}, unhandledPromptBehavior: dismiss and notify, webauthn:extension:credBlob: true, webauthn:extension:largeBlob: true, webauthn:extension:minPinLength: true, webauthn:extension:prf: true, webauthn:virtualAuthenticators: true}
Session ID: c6ea4e6bcc9d5d95b2f2c65c406c0b84
org.openqa.selenium.NoSuchElementException: no such element: Unable to locate element: {"method":"xpath","selector":"//td[@class='mat-mdc-cell mdc-data-table__cell cdk-cell cdk-column-CODE mat-column-CODE ng-star-inserted' and @role='cell']"}
  (Session info: chrome=133.0.6943.142)
For documentation on this error, please visit: https://www.selenium.dev/documentation/webdriver/troubleshooting/errors#no-such-element-exception
Build info: version: '4.27.0', revision: 'd6e718d134'
System info: os.name: 'Windows 11', os.arch: 'amd64', os.version: '10.0', java.version: '21.0.3'
Driver info: org.openqa.selenium.chrome.ChromeDriver
Command: [c6ea4e6bcc9d5d95b2f2c65c406c0b84, findElement {value=//td[@class='mat-mdc-cell mdc-data-table__cell cdk-cell cdk-column-CODE mat-column-CODE ng-star-inserted' and @role='cell'], using=xpath}]
Capabilities {acceptInsecureCerts: false, browserName: chrome, browserVersion: 133.0.6943.142, chrome: {chromedriverVersion: 133.0.6943.141 (2a5d6da0d61..., userDataDir: C:\Users\INGRID~1.ZAD\AppDa...}, fedcm:accounts: true, goog:chromeOptions: {debuggerAddress: localhost:60161}, networkConnectionEnabled: false, pageLoadStrategy: normal, platformName: windows, proxy: Proxy(), se:cdp: ws://localhost:60161/devtoo..., se:cdpVersion: 133.0.6943.142, setWindowRect: true, strictFileInteractability: false, timeouts: {implicit: 0, pageLoad: 300000, script: 30000}, unhandledPromptBehavior: dismiss and notify, webauthn:extension:credBlob: true, webauthn:extension:largeBlob: true, webauthn:extension:minPinLength: true, webauthn:extension:prf: true, webauthn:virtualAuthenticators: true}
Session ID: c6ea4e6bcc9d5d95b2f2c65c406c0b84
	at java.base/jdk.internal.reflect.DirectConstructorHandleAccessor.newInstance(DirectConstructorHandleAccessor.java:62)
	at java.base/java.lang.reflect.Constructor.newInstanceWithCaller(Constructor.java:502)
	at java.base/java.lang.reflect.Constructor.newInstance(Constructor.java:486)
	at org.openqa.selenium.remote.ErrorCodec.decode(ErrorCodec.java:167)
	at org.openqa.selenium.remote.codec.w3c.W3CHttpResponseCodec.decode(W3CHttpResponseCodec.java:138)
	at org.openqa.selenium.remote.codec.w3c.W3CHttpResponseCodec.decode(W3CHttpResponseCodec.java:50)
	at org.openqa.selenium.remote.HttpCommandExecutor.execute(HttpCommandExecutor.java:190)
	at org.openqa.selenium.remote.service.DriverCommandExecutor.invokeExecute(DriverCommandExecutor.java:216)
	at org.openqa.selenium.remote.service.DriverCommandExecutor.execute(DriverCommandExecutor.java:174)
	at org.openqa.selenium.remote.RemoteWebDriver.execute(RemoteWebDriver.java:545)
	at org.openqa.selenium.remote.ElementLocation$ElementFinder$2.findElement(ElementLocation.java:165)
	at org.openqa.selenium.remote.ElementLocation.findElement(ElementLocation.java:59)
	at org.openqa.selenium.remote.RemoteWebDriver.findElement(RemoteWebDriver.java:368)
	at org.openqa.selenium.remote.RemoteWebDriver.findElement(RemoteWebDriver.java:362)
	at org.openqa.selenium.support.pagefactory.DefaultElementLocator.findElement(DefaultElementLocator.java:68)
	at org.openqa.selenium.support.pagefactory.internal.LocatingElementHandler.invoke(LocatingElementHandler.java:38)
	at jdk.proxy2/jdk.proxy2.$Proxy14.getText(Unknown Source)
	at lt.insoft.uztis.pages.ApplicationFormsPage.getLastDescriptionCode(ApplicationFormsPage.java:557)
	at lt.insoft.uztis.tests.InvitationsPageTest.testCreateNewDvpInvitation(InvitationsPageTest.java:456)
	at java.base/jdk.internal.reflect.DirectMethodHandleAccessor.invoke(DirectMethodHandleAccessor.java:103)
	at java.base/java.lang.reflect.Method.invoke(Method.java:580)
	at org.junit.platform.commons.util.ReflectionUtils.invokeMethod(ReflectionUtils.java:728)
	at org.junit.jupiter.engine.execution.MethodInvocation.proceed(MethodInvocation.java:60)
	at org.junit.jupiter.engine.execution.InvocationInterceptorChain$ValidatingInvocation.proceed(InvocationInterceptorChain.java:131)
	at org.junit.jupiter.engine.extension.TimeoutExtension.intercept(TimeoutExtension.java:156)
	at org.junit.jupiter.engine.extension.TimeoutExtension.interceptTestableMethod(TimeoutExtension.java:147)
	at org.junit.jupiter.engine.extension.TimeoutExtension.interceptTestMethod(TimeoutExtension.java:86)
	at org.junit.jupiter.engine.execution.InterceptingExecutableInvoker$ReflectiveInterceptorCall.lambda$ofVoidMethod$0(InterceptingExecutableInvoker.java:103)
	at org.junit.jupiter.engine.execution.InterceptingExecutableInvoker.lambda$invoke$0(InterceptingExecutableInvoker.java:93)
	at org.junit.jupiter.engine.execution.InvocationInterceptorChain$InterceptedInvocation.proceed(InvocationInterceptorChain.java:106)
	at org.junit.jupiter.engine.execution.InvocationInterceptorChain.proceed(InvocationInterceptorChain.java:64)
	at org.junit.jupiter.engine.execution.InvocationInterceptorChain.chainAndInvoke(InvocationInterceptorChain.java:45)
	at org.junit.jupiter.engine.execution.InvocationInterceptorChain.invoke(InvocationInterceptorChain.java:37)
	at org.junit.jupiter.engine.execution.InterceptingExecutableInvoker.invoke(InterceptingExecutableInvoker.java:92)
	at org.junit.jupiter.engine.execution.InterceptingExecutableInvoker.invoke(InterceptingExecutableInvoker.java:86)
	at org.junit.jupiter.engine.descriptor.TestMethodTestDescriptor.lambda$invokeTestMethod$7(TestMethodTestDescriptor.java:218)
	at org.junit.platform.engine.support.hierarchical.ThrowableCollector.execute(ThrowableCollector.java:73)
	at org.junit.jupiter.engine.descriptor.TestMethodTestDescriptor.invokeTestMethod(TestMethodTestDescriptor.java:214)
	at org.junit.jupiter.engine.descriptor.TestMethodTestDescriptor.execute(TestMethodTestDescriptor.java:139)
	at org.junit.jupiter.engine.descriptor.TestMethodTestDescriptor.execute(TestMethodTestDescriptor.java:69)
	at org.junit.platform.engine.support.hierarchical.NodeTestTask.lambda$executeRecursively$6(NodeTestTask.java:151)
	at org.junit.platform.engine.support.hierarchical.ThrowableCollector.execute(ThrowableCollector.java:73)
	at org.junit.platform.engine.support.hierarchical.NodeTestTask.lambda$executeRecursively$8(NodeTestTask.java:141)
	at org.junit.platform.engine.support.hierarchical.Node.around(Node.java:137)
	at org.junit.platform.engine.support.hierarchical.NodeTestTask.lambda$executeRecursively$9(NodeTestTask.java:139)
	at org.junit.platform.engine.support.hierarchical.ThrowableCollector.execute(ThrowableCollector.java:73)
	at org.junit.platform.engine.support.hierarchical.NodeTestTask.executeRecursively(NodeTestTask.java:138)
	at org.junit.platform.engine.support.hierarchical.NodeTestTask.execute(NodeTestTask.java:95)
	at java.base/java.util.ArrayList.forEach(ArrayList.java:1596)
	at org.junit.platform.engine.support.hierarchical.SameThreadHierarchicalTestExecutorService.invokeAll(SameThreadHierarchicalTestExecutorService.java:41)
	at org.junit.platform.engine.support.hierarchical.NodeTestTask.lambda$executeRecursively$6(NodeTestTask.java:155)
	at org.junit.platform.engine.support.hierarchical.ThrowableCollector.execute(ThrowableCollector.java:73)
	at org.junit.platform.engine.support.hierarchical.NodeTestTask.lambda$executeRecursively$8(NodeTestTask.java:141)
	at org.junit.platform.engine.support.hierarchical.Node.around(Node.java:137)
	at org.junit.platform.engine.support.hierarchical.NodeTestTask.lambda$executeRecursively$9(NodeTestTask.java:139)
	at org.junit.platform.engine.support.hierarchical.ThrowableCollector.execute(ThrowableCollector.java:73)
	at org.junit.platform.engine.support.hierarchical.NodeTestTask.executeRecursively(NodeTestTask.java:138)
	at org.junit.platform.engine.support.hierarchical.NodeTestTask.execute(NodeTestTask.java:95)
	at java.base/java.util.ArrayList.forEach(ArrayList.java:1596)
	at org.junit.platform.engine.support.hierarchical.SameThreadHierarchicalTestExecutorService.invokeAll(SameThreadHierarchicalTestExecutorService.java:41)
	at org.junit.platform.engine.support.hierarchical.NodeTestTask.lambda$executeRecursively$6(NodeTestTask.java:155)
	at org.junit.platform.engine.support.hierarchical.ThrowableCollector.execute(ThrowableCollector.java:73)
	at org.junit.platform.engine.support.hierarchical.NodeTestTask.lambda$executeRecursively$8(NodeTestTask.java:141)
	at org.junit.platform.engine.support.hierarchical.Node.around(Node.java:137)
	at org.junit.platform.engine.support.hierarchical.NodeTestTask.lambda$executeRecursively$9(NodeTestTask.java:139)
	at org.junit.platform.engine.support.hierarchical.ThrowableCollector.execute(ThrowableCollector.java:73)
	at org.junit.platform.engine.support.hierarchical.NodeTestTask.executeRecursively(NodeTestTask.java:138)
	at org.junit.platform.engine.support.hierarchical.NodeTestTask.execute(NodeTestTask.java:95)
	at org.junit.platform.engine.support.hierarchical.SameThreadHierarchicalTestExecutorService.submit(SameThreadHierarchicalTestExecutorService.java:35)
	at org.junit.platform.engine.support.hierarchical.HierarchicalTestExecutor.execute(HierarchicalTestExecutor.java:57)
	at org.junit.platform.engine.support.hierarchical.HierarchicalTestEngine.execute(HierarchicalTestEngine.java:54)
	at org.junit.platform.launcher.core.EngineExecutionOrchestrator.execute(EngineExecutionOrchestrator.java:198)
	at org.junit.platform.launcher.core.EngineExecutionOrchestrator.execute(EngineExecutionOrchestrator.java:169)
	at org.junit.platform.launcher.core.EngineExecutionOrchestrator.execute(EngineExecutionOrchestrator.java:93)
	at org.junit.platform.launcher.core.EngineExecutionOrchestrator.lambda$execute$0(EngineExecutionOrchestrator.java:58)
	at org.junit.platform.launcher.core.EngineExecutionOrchestrator.withInterceptedStreams(EngineExecutionOrchestrator.java:141)
	at org.junit.platform.launcher.core.EngineExecutionOrchestrator.execute(EngineExecutionOrchestrator.java:57)
	at org.junit.platform.launcher.core.DefaultLauncher.execute(DefaultLauncher.java:103)
	at org.junit.platform.launcher.core.DefaultLauncher.execute(DefaultLauncher.java:85)
	at org.junit.platform.launcher.core.DelegatingLauncher.execute(DelegatingLauncher.java:47)
	at org.junit.platform.launcher.core.SessionPerRequestLauncher.execute(SessionPerRequestLauncher.java:63)
	at com.intellij.junit5.JUnit5IdeaTestRunner.startRunnerWithArgs(JUnit5IdeaTestRunner.java:57)
	at com.intellij.rt.junit.IdeaTestRunner$Repeater$1.execute(IdeaTestRunner.java:38)
	at com.intellij.rt.execution.junit.TestsRepeater.repeat(TestsRepeater.java:11)
	at com.intellij.rt.junit.IdeaTestRunner$Repeater.startRunnerWithArgs(IdeaTestRunner.java:35)
	at com.intellij.rt.junit.JUnitStarter.prepareStreamsAndStart(JUnitStarter.java:232)
	at com.intellij.rt.junit.JUnitStarter.main(JUnitStarter.java:55)
2025-03-05 13:21:01 [main] INFO  l.insoft.uztis.tests.utils.TestUtils - Screenshot moved to C:\Users\ingrida.zadorozniene\Desktop\Asm\UZTIS\UZTIS_tests\test-output\screenshots\20250305\132101483_testCreateNewDvpInvitation().png
2025-03-05 13:21:15 [main] INFO  lt.insoft.uztis.tests.UztisPageTest - Navigated to https://uztisdev.asseco.lt/home
2025-03-05 13:21:15 [main] INFO  l.i.uztis.tests.InvitationsPageTest - Starting test:'testCreateNewDvpInvitation'
2025-03-05 13:21:15 [main] DEBUG l.i.uztis.tests.InvitationsPageTest - User logged in with test credentials
2025-03-05 13:21:16 [main] DEBUG l.i.uztis.tests.InvitationsPageTest - Opened 'Application Processing' menu.
2025-03-05 13:21:16 [main] DEBUG l.i.uztis.tests.InvitationsPageTest - Clicked on 'Application Forms' menu.
2025-03-05 13:21:16 [main] DEBUG l.i.uztis.tests.InvitationsPageTest - Navigating to application forms menu.
2025-03-05 13:21:26 [main] ERROR l.i.uztis.tests.InvitationsPageTest - Test 'testCreateNewDvpInvitation' failed with error: no such element: Unable to locate element: {"method":"xpath","selector":"//td[@class='mat-mdc-cell mdc-data-table__cell cdk-cell cdk-column-CODE mat-column-CODE ng-star-inserted' and @role='cell']"}
  (Session info: chrome=133.0.6943.142)
For documentation on this error, please visit: https://www.selenium.dev/documentation/webdriver/troubleshooting/errors#no-such-element-exception
Build info: version: '4.27.0', revision: 'd6e718d134'
System info: os.name: 'Windows 11', os.arch: 'amd64', os.version: '10.0', java.version: '21.0.3'
Driver info: org.openqa.selenium.chrome.ChromeDriver
Command: [725a13a5d71f57b887e23f4649467c14, findElement {value=//td[@class='mat-mdc-cell mdc-data-table__cell cdk-cell cdk-column-CODE mat-column-CODE ng-star-inserted' and @role='cell'], using=xpath}]
Capabilities {acceptInsecureCerts: false, browserName: chrome, browserVersion: 133.0.6943.142, chrome: {chromedriverVersion: 133.0.6943.141 (2a5d6da0d61..., userDataDir: C:\Users\INGRID~1.ZAD\AppDa...}, fedcm:accounts: true, goog:chromeOptions: {debuggerAddress: localhost:60202}, networkConnectionEnabled: false, pageLoadStrategy: normal, platformName: windows, proxy: Proxy(), se:cdp: ws://localhost:60202/devtoo..., se:cdpVersion: 133.0.6943.142, setWindowRect: true, strictFileInteractability: false, timeouts: {implicit: 0, pageLoad: 300000, script: 30000}, unhandledPromptBehavior: dismiss and notify, webauthn:extension:credBlob: true, webauthn:extension:largeBlob: true, webauthn:extension:minPinLength: true, webauthn:extension:prf: true, webauthn:virtualAuthenticators: true}
Session ID: 725a13a5d71f57b887e23f4649467c14
org.openqa.selenium.NoSuchElementException: no such element: Unable to locate element: {"method":"xpath","selector":"//td[@class='mat-mdc-cell mdc-data-table__cell cdk-cell cdk-column-CODE mat-column-CODE ng-star-inserted' and @role='cell']"}
  (Session info: chrome=133.0.6943.142)
For documentation on this error, please visit: https://www.selenium.dev/documentation/webdriver/troubleshooting/errors#no-such-element-exception
Build info: version: '4.27.0', revision: 'd6e718d134'
System info: os.name: 'Windows 11', os.arch: 'amd64', os.version: '10.0', java.version: '21.0.3'
Driver info: org.openqa.selenium.chrome.ChromeDriver
Command: [725a13a5d71f57b887e23f4649467c14, findElement {value=//td[@class='mat-mdc-cell mdc-data-table__cell cdk-cell cdk-column-CODE mat-column-CODE ng-star-inserted' and @role='cell'], using=xpath}]
Capabilities {acceptInsecureCerts: false, browserName: chrome, browserVersion: 133.0.6943.142, chrome: {chromedriverVersion: 133.0.6943.141 (2a5d6da0d61..., userDataDir: C:\Users\INGRID~1.ZAD\AppDa...}, fedcm:accounts: true, goog:chromeOptions: {debuggerAddress: localhost:60202}, networkConnectionEnabled: false, pageLoadStrategy: normal, platformName: windows, proxy: Proxy(), se:cdp: ws://localhost:60202/devtoo..., se:cdpVersion: 133.0.6943.142, setWindowRect: true, strictFileInteractability: false, timeouts: {implicit: 0, pageLoad: 300000, script: 30000}, unhandledPromptBehavior: dismiss and notify, webauthn:extension:credBlob: true, webauthn:extension:largeBlob: true, webauthn:extension:minPinLength: true, webauthn:extension:prf: true, webauthn:virtualAuthenticators: true}
Session ID: 725a13a5d71f57b887e23f4649467c14
	at java.base/jdk.internal.reflect.DirectConstructorHandleAccessor.newInstance(DirectConstructorHandleAccessor.java:62)
	at java.base/java.lang.reflect.Constructor.newInstanceWithCaller(Constructor.java:502)
	at java.base/java.lang.reflect.Constructor.newInstance(Constructor.java:486)
	at org.openqa.selenium.remote.ErrorCodec.decode(ErrorCodec.java:167)
	at org.openqa.selenium.remote.codec.w3c.W3CHttpResponseCodec.decode(W3CHttpResponseCodec.java:138)
	at org.openqa.selenium.remote.codec.w3c.W3CHttpResponseCodec.decode(W3CHttpResponseCodec.java:50)
	at org.openqa.selenium.remote.HttpCommandExecutor.execute(HttpCommandExecutor.java:190)
	at org.openqa.selenium.remote.service.DriverCommandExecutor.invokeExecute(DriverCommandExecutor.java:216)
	at org.openqa.selenium.remote.service.DriverCommandExecutor.execute(DriverCommandExecutor.java:174)
	at org.openqa.selenium.remote.RemoteWebDriver.execute(RemoteWebDriver.java:545)
	at org.openqa.selenium.remote.ElementLocation$ElementFinder$2.findElement(ElementLocation.java:165)
	at org.openqa.selenium.remote.ElementLocation.findElement(ElementLocation.java:59)
	at org.openqa.selenium.remote.RemoteWebDriver.findElement(RemoteWebDriver.java:368)
	at org.openqa.selenium.remote.RemoteWebDriver.findElement(RemoteWebDriver.java:362)
	at org.openqa.selenium.support.pagefactory.DefaultElementLocator.findElement(DefaultElementLocator.java:68)
	at org.openqa.selenium.support.pagefactory.internal.LocatingElementHandler.invoke(LocatingElementHandler.java:38)
	at jdk.proxy2/jdk.proxy2.$Proxy14.getText(Unknown Source)
	at lt.insoft.uztis.pages.ApplicationFormsPage.getLastDescriptionCode(ApplicationFormsPage.java:557)
	at lt.insoft.uztis.tests.InvitationsPageTest.testCreateNewDvpInvitation(InvitationsPageTest.java:456)
	at java.base/jdk.internal.reflect.DirectMethodHandleAccessor.invoke(DirectMethodHandleAccessor.java:103)
	at java.base/java.lang.reflect.Method.invoke(Method.java:580)
	at org.junit.platform.commons.util.ReflectionUtils.invokeMethod(ReflectionUtils.java:728)
	at org.junit.jupiter.engine.execution.MethodInvocation.proceed(MethodInvocation.java:60)
	at org.junit.jupiter.engine.execution.InvocationInterceptorChain$ValidatingInvocation.proceed(InvocationInterceptorChain.java:131)
	at org.junit.jupiter.engine.extension.TimeoutExtension.intercept(TimeoutExtension.java:156)
	at org.junit.jupiter.engine.extension.TimeoutExtension.interceptTestableMethod(TimeoutExtension.java:147)
	at org.junit.jupiter.engine.extension.TimeoutExtension.interceptTestMethod(TimeoutExtension.java:86)
	at org.junit.jupiter.engine.execution.InterceptingExecutableInvoker$ReflectiveInterceptorCall.lambda$ofVoidMethod$0(InterceptingExecutableInvoker.java:103)
	at org.junit.jupiter.engine.execution.InterceptingExecutableInvoker.lambda$invoke$0(InterceptingExecutableInvoker.java:93)
	at org.junit.jupiter.engine.execution.InvocationInterceptorChain$InterceptedInvocation.proceed(InvocationInterceptorChain.java:106)
	at org.junit.jupiter.engine.execution.InvocationInterceptorChain.proceed(InvocationInterceptorChain.java:64)
	at org.junit.jupiter.engine.execution.InvocationInterceptorChain.chainAndInvoke(InvocationInterceptorChain.java:45)
	at org.junit.jupiter.engine.execution.InvocationInterceptorChain.invoke(InvocationInterceptorChain.java:37)
	at org.junit.jupiter.engine.execution.InterceptingExecutableInvoker.invoke(InterceptingExecutableInvoker.java:92)
	at org.junit.jupiter.engine.execution.InterceptingExecutableInvoker.invoke(InterceptingExecutableInvoker.java:86)
	at org.junit.jupiter.engine.descriptor.TestMethodTestDescriptor.lambda$invokeTestMethod$7(TestMethodTestDescriptor.java:218)
	at org.junit.platform.engine.support.hierarchical.ThrowableCollector.execute(ThrowableCollector.java:73)
	at org.junit.jupiter.engine.descriptor.TestMethodTestDescriptor.invokeTestMethod(TestMethodTestDescriptor.java:214)
	at org.junit.jupiter.engine.descriptor.TestMethodTestDescriptor.execute(TestMethodTestDescriptor.java:139)
	at org.junit.jupiter.engine.descriptor.TestMethodTestDescriptor.execute(TestMethodTestDescriptor.java:69)
	at org.junit.platform.engine.support.hierarchical.NodeTestTask.lambda$executeRecursively$6(NodeTestTask.java:151)
	at org.junit.platform.engine.support.hierarchical.ThrowableCollector.execute(ThrowableCollector.java:73)
	at org.junit.platform.engine.support.hierarchical.NodeTestTask.lambda$executeRecursively$8(NodeTestTask.java:141)
	at org.junit.platform.engine.support.hierarchical.Node.around(Node.java:137)
	at org.junit.platform.engine.support.hierarchical.NodeTestTask.lambda$executeRecursively$9(NodeTestTask.java:139)
	at org.junit.platform.engine.support.hierarchical.ThrowableCollector.execute(ThrowableCollector.java:73)
	at org.junit.platform.engine.support.hierarchical.NodeTestTask.executeRecursively(NodeTestTask.java:138)
	at org.junit.platform.engine.support.hierarchical.NodeTestTask.execute(NodeTestTask.java:95)
	at java.base/java.util.ArrayList.forEach(ArrayList.java:1596)
	at org.junit.platform.engine.support.hierarchical.SameThreadHierarchicalTestExecutorService.invokeAll(SameThreadHierarchicalTestExecutorService.java:41)
	at org.junit.platform.engine.support.hierarchical.NodeTestTask.lambda$executeRecursively$6(NodeTestTask.java:155)
	at org.junit.platform.engine.support.hierarchical.ThrowableCollector.execute(ThrowableCollector.java:73)
	at org.junit.platform.engine.support.hierarchical.NodeTestTask.lambda$executeRecursively$8(NodeTestTask.java:141)
	at org.junit.platform.engine.support.hierarchical.Node.around(Node.java:137)
	at org.junit.platform.engine.support.hierarchical.NodeTestTask.lambda$executeRecursively$9(NodeTestTask.java:139)
	at org.junit.platform.engine.support.hierarchical.ThrowableCollector.execute(ThrowableCollector.java:73)
	at org.junit.platform.engine.support.hierarchical.NodeTestTask.executeRecursively(NodeTestTask.java:138)
	at org.junit.platform.engine.support.hierarchical.NodeTestTask.execute(NodeTestTask.java:95)
	at java.base/java.util.ArrayList.forEach(ArrayList.java:1596)
	at org.junit.platform.engine.support.hierarchical.SameThreadHierarchicalTestExecutorService.invokeAll(SameThreadHierarchicalTestExecutorService.java:41)
	at org.junit.platform.engine.support.hierarchical.NodeTestTask.lambda$executeRecursively$6(NodeTestTask.java:155)
	at org.junit.platform.engine.support.hierarchical.ThrowableCollector.execute(ThrowableCollector.java:73)
	at org.junit.platform.engine.support.hierarchical.NodeTestTask.lambda$executeRecursively$8(NodeTestTask.java:141)
	at org.junit.platform.engine.support.hierarchical.Node.around(Node.java:137)
	at org.junit.platform.engine.support.hierarchical.NodeTestTask.lambda$executeRecursively$9(NodeTestTask.java:139)
	at org.junit.platform.engine.support.hierarchical.ThrowableCollector.execute(ThrowableCollector.java:73)
	at org.junit.platform.engine.support.hierarchical.NodeTestTask.executeRecursively(NodeTestTask.java:138)
	at org.junit.platform.engine.support.hierarchical.NodeTestTask.execute(NodeTestTask.java:95)
	at org.junit.platform.engine.support.hierarchical.SameThreadHierarchicalTestExecutorService.submit(SameThreadHierarchicalTestExecutorService.java:35)
	at org.junit.platform.engine.support.hierarchical.HierarchicalTestExecutor.execute(HierarchicalTestExecutor.java:57)
	at org.junit.platform.engine.support.hierarchical.HierarchicalTestEngine.execute(HierarchicalTestEngine.java:54)
	at org.junit.platform.launcher.core.EngineExecutionOrchestrator.execute(EngineExecutionOrchestrator.java:198)
	at org.junit.platform.launcher.core.EngineExecutionOrchestrator.execute(EngineExecutionOrchestrator.java:169)
	at org.junit.platform.launcher.core.EngineExecutionOrchestrator.execute(EngineExecutionOrchestrator.java:93)
	at org.junit.platform.launcher.core.EngineExecutionOrchestrator.lambda$execute$0(EngineExecutionOrchestrator.java:58)
	at org.junit.platform.launcher.core.EngineExecutionOrchestrator.withInterceptedStreams(EngineExecutionOrchestrator.java:141)
	at org.junit.platform.launcher.core.EngineExecutionOrchestrator.execute(EngineExecutionOrchestrator.java:57)
	at org.junit.platform.launcher.core.DefaultLauncher.execute(DefaultLauncher.java:103)
	at org.junit.platform.launcher.core.DefaultLauncher.execute(DefaultLauncher.java:85)
	at org.junit.platform.launcher.core.DelegatingLauncher.execute(DelegatingLauncher.java:47)
	at org.junit.platform.launcher.core.SessionPerRequestLauncher.execute(SessionPerRequestLauncher.java:63)
	at com.intellij.junit5.JUnit5IdeaTestRunner.startRunnerWithArgs(JUnit5IdeaTestRunner.java:57)
	at com.intellij.rt.junit.IdeaTestRunner$Repeater$1.execute(IdeaTestRunner.java:38)
	at com.intellij.rt.execution.junit.TestsRepeater.repeat(TestsRepeater.java:11)
	at com.intellij.rt.junit.IdeaTestRunner$Repeater.startRunnerWithArgs(IdeaTestRunner.java:35)
	at com.intellij.rt.junit.JUnitStarter.prepareStreamsAndStart(JUnitStarter.java:232)
	at com.intellij.rt.junit.JUnitStarter.main(JUnitStarter.java:55)
2025-03-05 13:21:26 [main] INFO  l.insoft.uztis.tests.utils.TestUtils - Screenshot moved to C:\Users\ingrida.zadorozniene\Desktop\Asm\UZTIS\UZTIS_tests\test-output\screenshots\20250305\132126506_testCreateNewDvpInvitation().png
2025-03-05 13:23:12 [main] INFO  lt.insoft.uztis.tests.UztisPageTest - Navigated to https://uztisdev.asseco.lt/home
2025-03-05 13:23:12 [main] INFO  l.i.u.tests.ApplicationFormsPageTest - Setup complete. ApplicationFormsPage initialized.
2025-03-05 13:23:12 [main] INFO  l.i.u.tests.ApplicationFormsPageTest - Starting test:'testCreateNewVuiApplication'
2025-03-05 13:23:13 [main] DEBUG l.i.u.tests.ApplicationFormsPageTest - User logged in with test credentials
2025-03-05 13:23:13 [main] DEBUG l.i.u.tests.ApplicationFormsPageTest - Opened 'Application Processing' menu.
2025-03-05 13:23:13 [main] DEBUG l.i.u.tests.ApplicationFormsPageTest - Clicked on 'Application Forms' menu.
2025-03-05 13:23:14 [main] DEBUG l.i.u.tests.ApplicationFormsPageTest - Clicked to create a new application form.
2025-03-05 13:23:14 [main] DEBUG l.i.u.tests.ApplicationFormsPageTest - Entered random application code: TST-VUI-03
2025-03-05 13:23:14 [main] DEBUG l.i.u.tests.ApplicationFormsPageTest - Selected 'Section' radio button.
2025-03-05 13:23:14 [main] INFO  l.i.uztis.pages.ApplicationFormsPage - Located the dropdown button.
2025-03-05 13:23:14 [main] INFO  l.i.uztis.pages.ApplicationFormsPage - Successfully selected the value: 'Skyrius 1'
2025-03-05 13:23:25 [main] ERROR l.i.uztis.pages.ApplicationFormsPage - Failed to close the dropdown with aria-expanded = 'false'.
2025-03-05 13:23:25 [main] DEBUG l.i.u.tests.ApplicationFormsPageTest - Selected a value from the 'Section' dropdown: 'Skyrius 1'
2025-03-05 13:23:25 [main] DEBUG l.i.u.tests.ApplicationFormsPageTest - Selected 'Budget by Municipality' option.
2025-03-05 13:23:25 [main] DEBUG l.i.u.tests.ApplicationFormsPageTest - Selected 'Financed Without Queue' option.
2025-03-05 13:23:25 [main] DEBUG l.i.u.tests.ApplicationFormsPageTest - Clicked 'Add' button.
2025-03-05 13:23:25 [main] INFO  l.i.uztis.pages.ApplicationFormsPage - Located the dropdown button.
2025-03-05 13:23:26 [main] INFO  l.i.uztis.pages.ApplicationFormsPage - Successfully selected the value: 'VUI paraiškos vertinimo forma - I etapas'
2025-03-05 13:23:36 [main] ERROR l.i.uztis.pages.ApplicationFormsPage - Failed to close the dropdown with aria-expanded = 'false'.
2025-03-05 13:23:36 [main] DEBUG l.i.u.tests.ApplicationFormsPageTest - Selected a value from the 'EvaluationOne' dropdown: 'VUI paraiškos vertinimo forma - I etapas'
2025-03-05 13:23:36 [main] INFO  l.i.uztis.pages.ApplicationFormsPage - Located the dropdown button.
2025-03-05 13:23:37 [main] INFO  l.i.uztis.pages.ApplicationFormsPage - Successfully selected the value: 'VUI paraiškos vertinimo forma - II etapas'
2025-03-05 13:23:48 [main] ERROR l.i.uztis.pages.ApplicationFormsPage - Failed to close the dropdown with aria-expanded = 'false'.
2025-03-05 13:23:48 [main] DEBUG l.i.u.tests.ApplicationFormsPageTest - Selected a value from the 'EvaluationTwon' dropdown: 'VUI paraiškos vertinimo forma - II etapas'
2025-03-05 13:23:48 [main] INFO  l.i.uztis.pages.ApplicationFormsPage - Located the dropdown button.
2025-03-05 13:23:48 [main] INFO  l.i.uztis.pages.ApplicationFormsPage - Successfully selected the value: 'VUI paraiškos vertinimo forma - III etapas'
2025-03-05 13:23:58 [main] ERROR l.i.uztis.pages.ApplicationFormsPage - Failed to close the dropdown with aria-expanded = 'false'.
2025-03-05 13:23:58 [main] DEBUG l.i.u.tests.ApplicationFormsPageTest - Selected a value from the 'EvaluationThree' dropdown: 'VUI paraiškos vertinimo forma - III etapas'
2025-03-05 13:23:58 [main] DEBUG l.i.u.tests.ApplicationFormsPageTest - Clicked 'Plus' button.
2025-03-05 13:23:59 [main] DEBUG l.i.u.tests.ApplicationFormsPageTest - Clicked 'Add' button seven times.
2025-03-05 13:23:59 [main] INFO  l.i.uztis.pages.ApplicationFormsPage - Processing dropdown index: 0
2025-03-05 13:24:09 [main] ERROR l.i.uztis.pages.ApplicationFormsPage - Timeout while waiting for dropdown to close at index: 0 with aria-expanded = 'false'
2025-03-05 13:24:09 [main] INFO  l.i.uztis.pages.ApplicationFormsPage - Processing dropdown index: 1
2025-03-05 13:24:21 [main] ERROR l.i.uztis.pages.ApplicationFormsPage - Timeout while waiting for dropdown to close at index: 1 with aria-expanded = 'false'
2025-03-05 13:24:21 [main] INFO  l.i.uztis.pages.ApplicationFormsPage - Processing dropdown index: 2
2025-03-05 13:24:31 [main] ERROR l.i.uztis.pages.ApplicationFormsPage - Timeout while waiting for dropdown to close at index: 2 with aria-expanded = 'false'
2025-03-05 13:24:31 [main] INFO  l.i.uztis.pages.ApplicationFormsPage - Processing dropdown index: 3
2025-03-05 13:24:42 [main] ERROR l.i.uztis.pages.ApplicationFormsPage - Timeout while waiting for dropdown to close at index: 3 with aria-expanded = 'false'
2025-03-05 13:24:42 [main] INFO  l.i.uztis.pages.ApplicationFormsPage - Processing dropdown index: 4
2025-03-05 13:24:53 [main] ERROR l.i.uztis.pages.ApplicationFormsPage - Timeout while waiting for dropdown to close at index: 4 with aria-expanded = 'false'
2025-03-05 13:24:53 [main] INFO  l.i.uztis.pages.ApplicationFormsPage - Processing dropdown index: 5
2025-03-05 13:25:04 [main] ERROR l.i.uztis.pages.ApplicationFormsPage - Timeout while waiting for dropdown to close at index: 5 with aria-expanded = 'false'
2025-03-05 13:25:04 [main] INFO  l.i.uztis.pages.ApplicationFormsPage - Processing dropdown index: 6
2025-03-05 13:25:15 [main] ERROR l.i.uztis.pages.ApplicationFormsPage - Timeout while waiting for dropdown to close at index: 6 with aria-expanded = 'false'
2025-03-05 13:25:15 [main] INFO  l.i.uztis.pages.ApplicationFormsPage - Processing dropdown index: 7
2025-03-05 13:25:26 [main] ERROR l.i.uztis.pages.ApplicationFormsPage - Timeout while waiting for dropdown to close at index: 7 with aria-expanded = 'false'
2025-03-05 13:25:26 [main] INFO  l.i.uztis.pages.ApplicationFormsPage - Processing input field index: 0
2025-03-05 13:25:26 [main] INFO  l.i.uztis.pages.ApplicationFormsPage - Entered value '50' into field index: 0
2025-03-05 13:25:26 [main] INFO  l.i.uztis.pages.ApplicationFormsPage - Processing input field index: 1
2025-03-05 13:25:26 [main] INFO  l.i.uztis.pages.ApplicationFormsPage - Entered value '924' into field index: 1
2025-03-05 13:25:26 [main] INFO  l.i.uztis.pages.ApplicationFormsPage - Processing input field index: 2
2025-03-05 13:25:26 [main] INFO  l.i.uztis.pages.ApplicationFormsPage - Entered value '31' into field index: 2
2025-03-05 13:25:26 [main] INFO  l.i.uztis.pages.ApplicationFormsPage - Processing input field index: 3
2025-03-05 13:25:26 [main] INFO  l.i.uztis.pages.ApplicationFormsPage - Entered value '4.7' into field index: 3
2025-03-05 13:25:26 [main] INFO  l.i.uztis.pages.ApplicationFormsPage - Processing input field index: 4
2025-03-05 13:25:26 [main] INFO  l.i.uztis.pages.ApplicationFormsPage - Entered value '35' into field index: 4
2025-03-05 13:25:26 [main] INFO  l.i.uztis.pages.ApplicationFormsPage - Processing input field index: 5
2025-03-05 13:25:26 [main] INFO  l.i.uztis.pages.ApplicationFormsPage - Entered value '20' into field index: 5
2025-03-05 13:25:26 [main] INFO  l.i.uztis.pages.ApplicationFormsPage - Processing input field index: 6
2025-03-05 13:25:27 [main] INFO  l.i.uztis.pages.ApplicationFormsPage - Entered value '30' into field index: 6
2025-03-05 13:25:27 [main] INFO  l.i.uztis.pages.ApplicationFormsPage - Processing input field index: 7
2025-03-05 13:25:27 [main] INFO  l.i.uztis.pages.ApplicationFormsPage - Entered value '60' into field index: 7
2025-03-05 13:25:27 [main] DEBUG l.i.u.tests.ApplicationFormsPageTest - Entered additional values and text.
2025-03-05 13:25:27 [main] DEBUG l.i.u.tests.ApplicationFormsPageTest - Entered application name: VUI paraiška
2025-03-05 13:25:27 [main] DEBUG l.i.u.tests.ApplicationFormsPageTest - Clicked the 'Save' button.
2025-03-05 13:25:27 [main] DEBUG l.i.uztis.pages.ApplicationFormsPage - Verified success message: 'Duomenys sėkmingai išsaugoti.'
2025-03-05 13:25:27 [main] INFO  l.i.u.tests.ApplicationFormsPageTest - Verified success message
2025-03-05 13:25:27 [main] INFO  l.i.u.tests.ApplicationFormsPageTest - Verified that the 'Save Form' button is displayed.
2025-03-05 13:25:27 [main] INFO  l.i.u.tests.ApplicationFormsPageTest - Test 'testCreateNewVuiApplication' completed successfully.
2025-03-05 13:25:43 [main] INFO  lt.insoft.uztis.tests.UztisPageTest - Navigated to https://uztisdev.asseco.lt/home
2025-03-05 13:25:43 [main] INFO  l.i.u.tests.ApplicationFormsPageTest - Setup complete. ApplicationFormsPage initialized.
2025-03-05 13:25:43 [main] INFO  l.i.u.tests.ApplicationFormsPageTest - Starting test:'testEditAndSaveVuiApplication'
2025-03-05 13:25:44 [main] DEBUG l.i.u.tests.ApplicationFormsPageTest - User logged in with test credentials
2025-03-05 13:25:44 [main] DEBUG l.i.u.tests.ApplicationFormsPageTest - Opened 'Application Processing' menu.
2025-03-05 13:25:44 [main] DEBUG l.i.u.tests.ApplicationFormsPageTest - Clicked on 'Application Forms' menu.
2025-03-05 13:25:45 [main] DEBUG l.i.u.tests.ApplicationFormsPageTest - Selected the last application description.
2025-03-05 13:25:46 [main] DEBUG l.i.u.tests.ApplicationFormsPageTest - Clicked the 'Edit' button.
2025-03-05 13:25:46 [main] DEBUG l.i.u.tests.ApplicationFormsPageTest - Selected 'Municipality' radio button.
2025-03-05 13:25:46 [main] INFO  l.i.uztis.pages.ApplicationFormsPage - Located the dropdown button.
2025-03-05 13:25:46 [main] INFO  l.i.uztis.pages.ApplicationFormsPage - Successfully selected the value: 'Kauno departamentas'
2025-03-05 13:25:57 [main] ERROR l.i.uztis.pages.ApplicationFormsPage - Failed to close the dropdown with aria-expanded = 'false'.
2025-03-05 13:25:57 [main] DEBUG l.i.u.tests.ApplicationFormsPageTest - Selected a value from the 'Municipality' dropdown: 'Kauno departamentas'
2025-03-05 13:25:57 [main] DEBUG l.i.u.tests.ApplicationFormsPageTest - Selected 'Budget By Country' radio button.
2025-03-05 13:25:57 [main] DEBUG l.i.u.tests.ApplicationFormsPageTest - Selected 'Financed By Queue' radio button.
2025-03-05 13:25:57 [main] DEBUG l.i.u.tests.ApplicationFormsPageTest - Entered new application name: _paredaguota
2025-03-05 13:25:57 [main] DEBUG l.i.u.tests.ApplicationFormsPageTest - Clicked the 'Save' button.
2025-03-05 13:25:57 [main] DEBUG l.i.uztis.pages.ApplicationFormsPage - Verified success message: 'Duomenys sėkmingai išsaugoti.'
2025-03-05 13:25:57 [main] INFO  l.i.u.tests.ApplicationFormsPageTest - Verified success message
2025-03-05 13:25:57 [main] INFO  l.i.u.tests.ApplicationFormsPageTest - Test 'testEditAndSaveVuiApplication' completed successfully.
2025-03-05 13:26:24 [main] INFO  lt.insoft.uztis.tests.UztisPageTest - Navigated to https://uztisdev.asseco.lt/home
2025-03-05 13:26:24 [main] INFO  l.i.uztis.tests.InvitationsPageTest - Starting test:'testCreateNewVuiInvitationDraft'
2025-03-05 13:26:24 [main] DEBUG l.i.uztis.tests.InvitationsPageTest - User logged in with test credentials
2025-03-05 13:26:24 [main] DEBUG l.i.uztis.tests.InvitationsPageTest - Opened 'Application Processing' menu.
2025-03-05 13:26:24 [main] DEBUG l.i.uztis.tests.InvitationsPageTest - Clicked on 'Application Forms' menu.
2025-03-05 13:26:24 [main] DEBUG l.i.uztis.tests.InvitationsPageTest - Navigating to application forms menu.
2025-03-05 13:26:34 [main] ERROR l.i.uztis.tests.InvitationsPageTest - Test 'testCreateNewVuiInvitationDraft' failed with error: no such element: Unable to locate element: {"method":"xpath","selector":"//td[@class='mat-mdc-cell mdc-data-table__cell cdk-cell cdk-column-CODE mat-column-CODE ng-star-inserted' and @role='cell']"}
  (Session info: chrome=133.0.6943.142)
For documentation on this error, please visit: https://www.selenium.dev/documentation/webdriver/troubleshooting/errors#no-such-element-exception
Build info: version: '4.27.0', revision: 'd6e718d134'
System info: os.name: 'Windows 11', os.arch: 'amd64', os.version: '10.0', java.version: '21.0.3'
Driver info: org.openqa.selenium.chrome.ChromeDriver
Command: [92524564362bcc042a101f2e5b705094, findElement {using=xpath, value=//td[@class='mat-mdc-cell mdc-data-table__cell cdk-cell cdk-column-CODE mat-column-CODE ng-star-inserted' and @role='cell']}]
Capabilities {acceptInsecureCerts: false, browserName: chrome, browserVersion: 133.0.6943.142, chrome: {chromedriverVersion: 133.0.6943.141 (2a5d6da0d61..., userDataDir: C:\Users\INGRID~1.ZAD\AppDa...}, fedcm:accounts: true, goog:chromeOptions: {debuggerAddress: localhost:60444}, networkConnectionEnabled: false, pageLoadStrategy: normal, platformName: windows, proxy: Proxy(), se:cdp: ws://localhost:60444/devtoo..., se:cdpVersion: 133.0.6943.142, setWindowRect: true, strictFileInteractability: false, timeouts: {implicit: 0, pageLoad: 300000, script: 30000}, unhandledPromptBehavior: dismiss and notify, webauthn:extension:credBlob: true, webauthn:extension:largeBlob: true, webauthn:extension:minPinLength: true, webauthn:extension:prf: true, webauthn:virtualAuthenticators: true}
Session ID: 92524564362bcc042a101f2e5b705094
org.openqa.selenium.NoSuchElementException: no such element: Unable to locate element: {"method":"xpath","selector":"//td[@class='mat-mdc-cell mdc-data-table__cell cdk-cell cdk-column-CODE mat-column-CODE ng-star-inserted' and @role='cell']"}
  (Session info: chrome=133.0.6943.142)
For documentation on this error, please visit: https://www.selenium.dev/documentation/webdriver/troubleshooting/errors#no-such-element-exception
Build info: version: '4.27.0', revision: 'd6e718d134'
System info: os.name: 'Windows 11', os.arch: 'amd64', os.version: '10.0', java.version: '21.0.3'
Driver info: org.openqa.selenium.chrome.ChromeDriver
Command: [92524564362bcc042a101f2e5b705094, findElement {using=xpath, value=//td[@class='mat-mdc-cell mdc-data-table__cell cdk-cell cdk-column-CODE mat-column-CODE ng-star-inserted' and @role='cell']}]
Capabilities {acceptInsecureCerts: false, browserName: chrome, browserVersion: 133.0.6943.142, chrome: {chromedriverVersion: 133.0.6943.141 (2a5d6da0d61..., userDataDir: C:\Users\INGRID~1.ZAD\AppDa...}, fedcm:accounts: true, goog:chromeOptions: {debuggerAddress: localhost:60444}, networkConnectionEnabled: false, pageLoadStrategy: normal, platformName: windows, proxy: Proxy(), se:cdp: ws://localhost:60444/devtoo..., se:cdpVersion: 133.0.6943.142, setWindowRect: true, strictFileInteractability: false, timeouts: {implicit: 0, pageLoad: 300000, script: 30000}, unhandledPromptBehavior: dismiss and notify, webauthn:extension:credBlob: true, webauthn:extension:largeBlob: true, webauthn:extension:minPinLength: true, webauthn:extension:prf: true, webauthn:virtualAuthenticators: true}
Session ID: 92524564362bcc042a101f2e5b705094
	at java.base/jdk.internal.reflect.DirectConstructorHandleAccessor.newInstance(DirectConstructorHandleAccessor.java:62)
	at java.base/java.lang.reflect.Constructor.newInstanceWithCaller(Constructor.java:502)
	at java.base/java.lang.reflect.Constructor.newInstance(Constructor.java:486)
	at org.openqa.selenium.remote.ErrorCodec.decode(ErrorCodec.java:167)
	at org.openqa.selenium.remote.codec.w3c.W3CHttpResponseCodec.decode(W3CHttpResponseCodec.java:138)
	at org.openqa.selenium.remote.codec.w3c.W3CHttpResponseCodec.decode(W3CHttpResponseCodec.java:50)
	at org.openqa.selenium.remote.HttpCommandExecutor.execute(HttpCommandExecutor.java:190)
	at org.openqa.selenium.remote.service.DriverCommandExecutor.invokeExecute(DriverCommandExecutor.java:216)
	at org.openqa.selenium.remote.service.DriverCommandExecutor.execute(DriverCommandExecutor.java:174)
	at org.openqa.selenium.remote.RemoteWebDriver.execute(RemoteWebDriver.java:545)
	at org.openqa.selenium.remote.ElementLocation$ElementFinder$2.findElement(ElementLocation.java:165)
	at org.openqa.selenium.remote.ElementLocation.findElement(ElementLocation.java:59)
	at org.openqa.selenium.remote.RemoteWebDriver.findElement(RemoteWebDriver.java:368)
	at org.openqa.selenium.remote.RemoteWebDriver.findElement(RemoteWebDriver.java:362)
	at org.openqa.selenium.support.pagefactory.DefaultElementLocator.findElement(DefaultElementLocator.java:68)
	at org.openqa.selenium.support.pagefactory.internal.LocatingElementHandler.invoke(LocatingElementHandler.java:38)
	at jdk.proxy2/jdk.proxy2.$Proxy14.getText(Unknown Source)
	at lt.insoft.uztis.pages.ApplicationFormsPage.getLastDescriptionCode(ApplicationFormsPage.java:557)
	at lt.insoft.uztis.tests.InvitationsPageTest.testCreateNewVuiInvitationDraft(InvitationsPageTest.java:95)
	at java.base/jdk.internal.reflect.DirectMethodHandleAccessor.invoke(DirectMethodHandleAccessor.java:103)
	at java.base/java.lang.reflect.Method.invoke(Method.java:580)
	at org.junit.platform.commons.util.ReflectionUtils.invokeMethod(ReflectionUtils.java:728)
	at org.junit.jupiter.engine.execution.MethodInvocation.proceed(MethodInvocation.java:60)
	at org.junit.jupiter.engine.execution.InvocationInterceptorChain$ValidatingInvocation.proceed(InvocationInterceptorChain.java:131)
	at org.junit.jupiter.engine.extension.TimeoutExtension.intercept(TimeoutExtension.java:156)
	at org.junit.jupiter.engine.extension.TimeoutExtension.interceptTestableMethod(TimeoutExtension.java:147)
	at org.junit.jupiter.engine.extension.TimeoutExtension.interceptTestMethod(TimeoutExtension.java:86)
	at org.junit.jupiter.engine.execution.InterceptingExecutableInvoker$ReflectiveInterceptorCall.lambda$ofVoidMethod$0(InterceptingExecutableInvoker.java:103)
	at org.junit.jupiter.engine.execution.InterceptingExecutableInvoker.lambda$invoke$0(InterceptingExecutableInvoker.java:93)
	at org.junit.jupiter.engine.execution.InvocationInterceptorChain$InterceptedInvocation.proceed(InvocationInterceptorChain.java:106)
	at org.junit.jupiter.engine.execution.InvocationInterceptorChain.proceed(InvocationInterceptorChain.java:64)
	at org.junit.jupiter.engine.execution.InvocationInterceptorChain.chainAndInvoke(InvocationInterceptorChain.java:45)
	at org.junit.jupiter.engine.execution.InvocationInterceptorChain.invoke(InvocationInterceptorChain.java:37)
	at org.junit.jupiter.engine.execution.InterceptingExecutableInvoker.invoke(InterceptingExecutableInvoker.java:92)
	at org.junit.jupiter.engine.execution.InterceptingExecutableInvoker.invoke(InterceptingExecutableInvoker.java:86)
	at org.junit.jupiter.engine.descriptor.TestMethodTestDescriptor.lambda$invokeTestMethod$7(TestMethodTestDescriptor.java:218)
	at org.junit.platform.engine.support.hierarchical.ThrowableCollector.execute(ThrowableCollector.java:73)
	at org.junit.jupiter.engine.descriptor.TestMethodTestDescriptor.invokeTestMethod(TestMethodTestDescriptor.java:214)
	at org.junit.jupiter.engine.descriptor.TestMethodTestDescriptor.execute(TestMethodTestDescriptor.java:139)
	at org.junit.jupiter.engine.descriptor.TestMethodTestDescriptor.execute(TestMethodTestDescriptor.java:69)
	at org.junit.platform.engine.support.hierarchical.NodeTestTask.lambda$executeRecursively$6(NodeTestTask.java:151)
	at org.junit.platform.engine.support.hierarchical.ThrowableCollector.execute(ThrowableCollector.java:73)
	at org.junit.platform.engine.support.hierarchical.NodeTestTask.lambda$executeRecursively$8(NodeTestTask.java:141)
	at org.junit.platform.engine.support.hierarchical.Node.around(Node.java:137)
	at org.junit.platform.engine.support.hierarchical.NodeTestTask.lambda$executeRecursively$9(NodeTestTask.java:139)
	at org.junit.platform.engine.support.hierarchical.ThrowableCollector.execute(ThrowableCollector.java:73)
	at org.junit.platform.engine.support.hierarchical.NodeTestTask.executeRecursively(NodeTestTask.java:138)
	at org.junit.platform.engine.support.hierarchical.NodeTestTask.execute(NodeTestTask.java:95)
	at java.base/java.util.ArrayList.forEach(ArrayList.java:1596)
	at org.junit.platform.engine.support.hierarchical.SameThreadHierarchicalTestExecutorService.invokeAll(SameThreadHierarchicalTestExecutorService.java:41)
	at org.junit.platform.engine.support.hierarchical.NodeTestTask.lambda$executeRecursively$6(NodeTestTask.java:155)
	at org.junit.platform.engine.support.hierarchical.ThrowableCollector.execute(ThrowableCollector.java:73)
	at org.junit.platform.engine.support.hierarchical.NodeTestTask.lambda$executeRecursively$8(NodeTestTask.java:141)
	at org.junit.platform.engine.support.hierarchical.Node.around(Node.java:137)
	at org.junit.platform.engine.support.hierarchical.NodeTestTask.lambda$executeRecursively$9(NodeTestTask.java:139)
	at org.junit.platform.engine.support.hierarchical.ThrowableCollector.execute(ThrowableCollector.java:73)
	at org.junit.platform.engine.support.hierarchical.NodeTestTask.executeRecursively(NodeTestTask.java:138)
	at org.junit.platform.engine.support.hierarchical.NodeTestTask.execute(NodeTestTask.java:95)
	at java.base/java.util.ArrayList.forEach(ArrayList.java:1596)
	at org.junit.platform.engine.support.hierarchical.SameThreadHierarchicalTestExecutorService.invokeAll(SameThreadHierarchicalTestExecutorService.java:41)
	at org.junit.platform.engine.support.hierarchical.NodeTestTask.lambda$executeRecursively$6(NodeTestTask.java:155)
	at org.junit.platform.engine.support.hierarchical.ThrowableCollector.execute(ThrowableCollector.java:73)
	at org.junit.platform.engine.support.hierarchical.NodeTestTask.lambda$executeRecursively$8(NodeTestTask.java:141)
	at org.junit.platform.engine.support.hierarchical.Node.around(Node.java:137)
	at org.junit.platform.engine.support.hierarchical.NodeTestTask.lambda$executeRecursively$9(NodeTestTask.java:139)
	at org.junit.platform.engine.support.hierarchical.ThrowableCollector.execute(ThrowableCollector.java:73)
	at org.junit.platform.engine.support.hierarchical.NodeTestTask.executeRecursively(NodeTestTask.java:138)
	at org.junit.platform.engine.support.hierarchical.NodeTestTask.execute(NodeTestTask.java:95)
	at org.junit.platform.engine.support.hierarchical.SameThreadHierarchicalTestExecutorService.submit(SameThreadHierarchicalTestExecutorService.java:35)
	at org.junit.platform.engine.support.hierarchical.HierarchicalTestExecutor.execute(HierarchicalTestExecutor.java:57)
	at org.junit.platform.engine.support.hierarchical.HierarchicalTestEngine.execute(HierarchicalTestEngine.java:54)
	at org.junit.platform.launcher.core.EngineExecutionOrchestrator.execute(EngineExecutionOrchestrator.java:198)
	at org.junit.platform.launcher.core.EngineExecutionOrchestrator.execute(EngineExecutionOrchestrator.java:169)
	at org.junit.platform.launcher.core.EngineExecutionOrchestrator.execute(EngineExecutionOrchestrator.java:93)
	at org.junit.platform.launcher.core.EngineExecutionOrchestrator.lambda$execute$0(EngineExecutionOrchestrator.java:58)
	at org.junit.platform.launcher.core.EngineExecutionOrchestrator.withInterceptedStreams(EngineExecutionOrchestrator.java:141)
	at org.junit.platform.launcher.core.EngineExecutionOrchestrator.execute(EngineExecutionOrchestrator.java:57)
	at org.junit.platform.launcher.core.DefaultLauncher.execute(DefaultLauncher.java:103)
	at org.junit.platform.launcher.core.DefaultLauncher.execute(DefaultLauncher.java:85)
	at org.junit.platform.launcher.core.DelegatingLauncher.execute(DelegatingLauncher.java:47)
	at org.junit.platform.launcher.core.SessionPerRequestLauncher.execute(SessionPerRequestLauncher.java:63)
	at com.intellij.junit5.JUnit5IdeaTestRunner.startRunnerWithArgs(JUnit5IdeaTestRunner.java:57)
	at com.intellij.rt.junit.IdeaTestRunner$Repeater$1.execute(IdeaTestRunner.java:38)
	at com.intellij.rt.execution.junit.TestsRepeater.repeat(TestsRepeater.java:11)
	at com.intellij.rt.junit.IdeaTestRunner$Repeater.startRunnerWithArgs(IdeaTestRunner.java:35)
	at com.intellij.rt.junit.JUnitStarter.prepareStreamsAndStart(JUnitStarter.java:232)
	at com.intellij.rt.junit.JUnitStarter.main(JUnitStarter.java:55)
2025-03-05 13:26:35 [main] INFO  l.insoft.uztis.tests.utils.TestUtils - Screenshot moved to C:\Users\ingrida.zadorozniene\Desktop\Asm\UZTIS\UZTIS_tests\test-output\screenshots\20250305\132635060_testCreateNewVuiInvitationDraft().png
2025-03-05 13:31:28 [main] INFO  lt.insoft.uztis.tests.UztisPageTest - Navigated to https://uztisdev.asseco.lt/home
2025-03-05 13:31:28 [main] INFO  l.i.uztis.tests.InvitationsPageTest - Starting test:'testCreateNewDvpInvitation'
2025-03-05 13:31:29 [main] DEBUG l.i.uztis.tests.InvitationsPageTest - User logged in with test credentials
2025-03-05 13:31:29 [main] DEBUG l.i.uztis.tests.InvitationsPageTest - Opened 'Application Processing' menu.
2025-03-05 13:31:29 [main] DEBUG l.i.uztis.tests.InvitationsPageTest - Clicked on 'Application Forms' menu.
2025-03-05 13:31:29 [main] DEBUG l.i.uztis.tests.InvitationsPageTest - Navigating to application forms menu.
2025-03-05 13:31:30 [main] DEBUG l.i.uztis.tests.InvitationsPageTest - Retrieved last description code text: 'TST-DVP-22'.
2025-03-05 13:31:30 [main] DEBUG l.i.uztis.tests.InvitationsPageTest - Clicked on 'Invitation' menu.
2025-03-05 13:31:30 [main] DEBUG l.i.uztis.tests.InvitationsPageTest - Clicked 'Create New Application Form'.
2025-03-05 13:31:31 [main] DEBUG l.i.uztis.tests.InvitationsPageTest - Selected section by code: 'TST-DVP-22'.
2025-03-05 13:31:31 [main] INFO  l.insoft.uztis.pages.InvitationsPage - Located the dropdown button.
2025-03-05 13:31:43 [main] ERROR l.insoft.uztis.pages.InvitationsPage - Timeout while waiting for dropdown to close with aria-expanded = 'false'.
2025-03-05 13:31:43 [main] DEBUG l.i.uztis.tests.InvitationsPageTest - Selected invitation number from the list.
2025-03-05 13:31:43 [main] DEBUG l.i.uztis.tests.InvitationsPageTest - Entered current date.
2025-03-05 13:31:43 [main] DEBUG l.i.uztis.tests.InvitationsPageTest - Entered start time: 00:00.
2025-03-05 13:31:44 [main] DEBUG l.i.uztis.tests.InvitationsPageTest - Entered end date.
2025-03-05 13:31:44 [main] DEBUG l.i.uztis.tests.InvitationsPageTest - Entered end time: 11:11.
2025-03-05 13:31:44 [main] DEBUG l.i.uztis.tests.InvitationsPageTest - Entered publication end date.
2025-03-05 13:31:45 [main] DEBUG l.i.uztis.tests.InvitationsPageTest - Added additional values.
2025-03-05 13:31:45 [main] INFO  l.insoft.uztis.pages.InvitationsPage - Located the dropdown button.
2025-03-05 13:31:45 [main] DEBUG l.i.uztis.tests.InvitationsPageTest - Selected the value: 'Didžiausia galima paramos suma aplinkos darbo vietai, Eur'
2025-03-05 13:31:45 [main] INFO  l.insoft.uztis.pages.InvitationsPage - Located the dropdown button.
2025-03-05 13:31:46 [main] DEBUG l.i.uztis.tests.InvitationsPageTest - Selected the value: 'Didžiausia galima paramos suma, Eur'
2025-03-05 13:31:46 [main] INFO  l.insoft.uztis.pages.InvitationsPage - Located the dropdown button.
2025-03-05 13:31:46 [main] DEBUG l.i.uztis.tests.InvitationsPageTest - Selected the value: 'Didžiausia galima paramos suma vienai darbo vietai, Eur'
2025-03-05 13:31:46 [main] DEBUG l.i.uztis.tests.InvitationsPageTest - Entered value: 11000
2025-03-05 13:31:47 [main] DEBUG l.i.uztis.tests.InvitationsPageTest - Entered value: 12000
2025-03-05 13:31:47 [main] DEBUG l.i.uztis.tests.InvitationsPageTest - Entered value: 13000
2025-03-05 13:31:47 [main] DEBUG l.i.uztis.tests.InvitationsPageTest - Checked 'Legal Entities' checkbox.
2025-03-05 13:31:47 [main] DEBUG l.i.uztis.tests.InvitationsPageTest - Unchecked 'Persons Registered with Employment Service' checkbox.
2025-03-05 13:31:47 [main] DEBUG l.i.uztis.tests.InvitationsPageTest - Checked 'Persons Registered as Employers' checkbox.
2025-03-05 13:31:47 [main] DEBUG l.i.uztis.tests.InvitationsPageTest - Entered budget: '2000'.
2025-03-05 13:31:47 [main] DEBUG l.i.uztis.tests.InvitationsPageTest - Entered description text: 'Aprašo tekstas'.
2025-03-05 13:31:48 [main] DEBUG l.i.uztis.tests.InvitationsPageTest - Entered applicants text: 'Pareiškėjų tekstas'.
2025-03-05 13:31:48 [main] DEBUG l.i.uztis.tests.InvitationsPageTest - Entered expenditures text: 'Išlaidų tekstas'.
2025-03-05 13:31:48 [main] DEBUG l.i.uztis.tests.InvitationsPageTest - Entered legislation text: 'Teisės aktų tekstas'.
2025-03-05 13:31:48 [main] DEBUG l.i.uztis.tests.InvitationsPageTest - Entered education text: 'Mokymų tekstas'.
2025-03-05 13:31:48 [main] DEBUG l.i.uztis.tests.InvitationsPageTest - File uploaded.
2025-03-05 13:31:48 [main] DEBUG l.i.uztis.tests.InvitationsPageTest - Clicked 'Publish'.
2025-03-05 13:31:58 [main] ERROR l.i.uztis.tests.InvitationsPageTest - Test 'testCreateNewDvpInvitation' failed with error: no such element: Unable to locate element: {"method":"css selector","selector":".reverse-mobile .ng-star-inserted:nth-of-type(2)"}
  (Session info: chrome=133.0.6943.142)
For documentation on this error, please visit: https://www.selenium.dev/documentation/webdriver/troubleshooting/errors#no-such-element-exception
Build info: version: '4.27.0', revision: 'd6e718d134'
System info: os.name: 'Windows 11', os.arch: 'amd64', os.version: '10.0', java.version: '21.0.3'
Driver info: org.openqa.selenium.chrome.ChromeDriver
Command: [725b7707c2f908b3af4f7770a0e19702, findElement {value=.reverse-mobile .ng-star-inserted:nth-of-type(2), using=css selector}]
Capabilities {acceptInsecureCerts: false, browserName: chrome, browserVersion: 133.0.6943.142, chrome: {chromedriverVersion: 133.0.6943.141 (2a5d6da0d61..., userDataDir: C:\Users\INGRID~1.ZAD\AppDa...}, fedcm:accounts: true, goog:chromeOptions: {debuggerAddress: localhost:60653}, networkConnectionEnabled: false, pageLoadStrategy: normal, platformName: windows, proxy: Proxy(), se:cdp: ws://localhost:60653/devtoo..., se:cdpVersion: 133.0.6943.142, setWindowRect: true, strictFileInteractability: false, timeouts: {implicit: 0, pageLoad: 300000, script: 30000}, unhandledPromptBehavior: dismiss and notify, webauthn:extension:credBlob: true, webauthn:extension:largeBlob: true, webauthn:extension:minPinLength: true, webauthn:extension:prf: true, webauthn:virtualAuthenticators: true}
Session ID: 725b7707c2f908b3af4f7770a0e19702
org.openqa.selenium.NoSuchElementException: no such element: Unable to locate element: {"method":"css selector","selector":".reverse-mobile .ng-star-inserted:nth-of-type(2)"}
  (Session info: chrome=133.0.6943.142)
For documentation on this error, please visit: https://www.selenium.dev/documentation/webdriver/troubleshooting/errors#no-such-element-exception
Build info: version: '4.27.0', revision: 'd6e718d134'
System info: os.name: 'Windows 11', os.arch: 'amd64', os.version: '10.0', java.version: '21.0.3'
Driver info: org.openqa.selenium.chrome.ChromeDriver
Command: [725b7707c2f908b3af4f7770a0e19702, findElement {value=.reverse-mobile .ng-star-inserted:nth-of-type(2), using=css selector}]
Capabilities {acceptInsecureCerts: false, browserName: chrome, browserVersion: 133.0.6943.142, chrome: {chromedriverVersion: 133.0.6943.141 (2a5d6da0d61..., userDataDir: C:\Users\INGRID~1.ZAD\AppDa...}, fedcm:accounts: true, goog:chromeOptions: {debuggerAddress: localhost:60653}, networkConnectionEnabled: false, pageLoadStrategy: normal, platformName: windows, proxy: Proxy(), se:cdp: ws://localhost:60653/devtoo..., se:cdpVersion: 133.0.6943.142, setWindowRect: true, strictFileInteractability: false, timeouts: {implicit: 0, pageLoad: 300000, script: 30000}, unhandledPromptBehavior: dismiss and notify, webauthn:extension:credBlob: true, webauthn:extension:largeBlob: true, webauthn:extension:minPinLength: true, webauthn:extension:prf: true, webauthn:virtualAuthenticators: true}
Session ID: 725b7707c2f908b3af4f7770a0e19702
	at java.base/jdk.internal.reflect.DirectConstructorHandleAccessor.newInstance(DirectConstructorHandleAccessor.java:62)
	at java.base/java.lang.reflect.Constructor.newInstanceWithCaller(Constructor.java:502)
	at java.base/java.lang.reflect.Constructor.newInstance(Constructor.java:486)
	at org.openqa.selenium.remote.ErrorCodec.decode(ErrorCodec.java:167)
	at org.openqa.selenium.remote.codec.w3c.W3CHttpResponseCodec.decode(W3CHttpResponseCodec.java:138)
	at org.openqa.selenium.remote.codec.w3c.W3CHttpResponseCodec.decode(W3CHttpResponseCodec.java:50)
	at org.openqa.selenium.remote.HttpCommandExecutor.execute(HttpCommandExecutor.java:190)
	at org.openqa.selenium.remote.service.DriverCommandExecutor.invokeExecute(DriverCommandExecutor.java:216)
	at org.openqa.selenium.remote.service.DriverCommandExecutor.execute(DriverCommandExecutor.java:174)
	at org.openqa.selenium.remote.RemoteWebDriver.execute(RemoteWebDriver.java:545)
	at org.openqa.selenium.remote.ElementLocation$ElementFinder$2.findElement(ElementLocation.java:165)
	at org.openqa.selenium.remote.ElementLocation.findElement(ElementLocation.java:59)
	at org.openqa.selenium.remote.RemoteWebDriver.findElement(RemoteWebDriver.java:368)
	at org.openqa.selenium.remote.RemoteWebDriver.findElement(RemoteWebDriver.java:362)
	at org.openqa.selenium.support.pagefactory.DefaultElementLocator.findElement(DefaultElementLocator.java:68)
	at org.openqa.selenium.support.pagefactory.internal.LocatingElementHandler.invoke(LocatingElementHandler.java:38)
	at jdk.proxy2/jdk.proxy2.$Proxy14.click(Unknown Source)
	at lt.insoft.uztis.pages.InvitationsPage.clickButtonPublicationConfirmation(InvitationsPage.java:566)
	at lt.insoft.uztis.tests.InvitationsPageTest.testCreateNewDvpInvitation(InvitationsPageTest.java:558)
	at java.base/jdk.internal.reflect.DirectMethodHandleAccessor.invoke(DirectMethodHandleAccessor.java:103)
	at java.base/java.lang.reflect.Method.invoke(Method.java:580)
	at org.junit.platform.commons.util.ReflectionUtils.invokeMethod(ReflectionUtils.java:728)
	at org.junit.jupiter.engine.execution.MethodInvocation.proceed(MethodInvocation.java:60)
	at org.junit.jupiter.engine.execution.InvocationInterceptorChain$ValidatingInvocation.proceed(InvocationInterceptorChain.java:131)
	at org.junit.jupiter.engine.extension.TimeoutExtension.intercept(TimeoutExtension.java:156)
	at org.junit.jupiter.engine.extension.TimeoutExtension.interceptTestableMethod(TimeoutExtension.java:147)
	at org.junit.jupiter.engine.extension.TimeoutExtension.interceptTestMethod(TimeoutExtension.java:86)
	at org.junit.jupiter.engine.execution.InterceptingExecutableInvoker$ReflectiveInterceptorCall.lambda$ofVoidMethod$0(InterceptingExecutableInvoker.java:103)
	at org.junit.jupiter.engine.execution.InterceptingExecutableInvoker.lambda$invoke$0(InterceptingExecutableInvoker.java:93)
	at org.junit.jupiter.engine.execution.InvocationInterceptorChain$InterceptedInvocation.proceed(InvocationInterceptorChain.java:106)
	at org.junit.jupiter.engine.execution.InvocationInterceptorChain.proceed(InvocationInterceptorChain.java:64)
	at org.junit.jupiter.engine.execution.InvocationInterceptorChain.chainAndInvoke(InvocationInterceptorChain.java:45)
	at org.junit.jupiter.engine.execution.InvocationInterceptorChain.invoke(InvocationInterceptorChain.java:37)
	at org.junit.jupiter.engine.execution.InterceptingExecutableInvoker.invoke(InterceptingExecutableInvoker.java:92)
	at org.junit.jupiter.engine.execution.InterceptingExecutableInvoker.invoke(InterceptingExecutableInvoker.java:86)
	at org.junit.jupiter.engine.descriptor.TestMethodTestDescriptor.lambda$invokeTestMethod$7(TestMethodTestDescriptor.java:218)
	at org.junit.platform.engine.support.hierarchical.ThrowableCollector.execute(ThrowableCollector.java:73)
	at org.junit.jupiter.engine.descriptor.TestMethodTestDescriptor.invokeTestMethod(TestMethodTestDescriptor.java:214)
	at org.junit.jupiter.engine.descriptor.TestMethodTestDescriptor.execute(TestMethodTestDescriptor.java:139)
	at org.junit.jupiter.engine.descriptor.TestMethodTestDescriptor.execute(TestMethodTestDescriptor.java:69)
	at org.junit.platform.engine.support.hierarchical.NodeTestTask.lambda$executeRecursively$6(NodeTestTask.java:151)
	at org.junit.platform.engine.support.hierarchical.ThrowableCollector.execute(ThrowableCollector.java:73)
	at org.junit.platform.engine.support.hierarchical.NodeTestTask.lambda$executeRecursively$8(NodeTestTask.java:141)
	at org.junit.platform.engine.support.hierarchical.Node.around(Node.java:137)
	at org.junit.platform.engine.support.hierarchical.NodeTestTask.lambda$executeRecursively$9(NodeTestTask.java:139)
	at org.junit.platform.engine.support.hierarchical.ThrowableCollector.execute(ThrowableCollector.java:73)
	at org.junit.platform.engine.support.hierarchical.NodeTestTask.executeRecursively(NodeTestTask.java:138)
	at org.junit.platform.engine.support.hierarchical.NodeTestTask.execute(NodeTestTask.java:95)
	at java.base/java.util.ArrayList.forEach(ArrayList.java:1596)
	at org.junit.platform.engine.support.hierarchical.SameThreadHierarchicalTestExecutorService.invokeAll(SameThreadHierarchicalTestExecutorService.java:41)
	at org.junit.platform.engine.support.hierarchical.NodeTestTask.lambda$executeRecursively$6(NodeTestTask.java:155)
	at org.junit.platform.engine.support.hierarchical.ThrowableCollector.execute(ThrowableCollector.java:73)
	at org.junit.platform.engine.support.hierarchical.NodeTestTask.lambda$executeRecursively$8(NodeTestTask.java:141)
	at org.junit.platform.engine.support.hierarchical.Node.around(Node.java:137)
	at org.junit.platform.engine.support.hierarchical.NodeTestTask.lambda$executeRecursively$9(NodeTestTask.java:139)
	at org.junit.platform.engine.support.hierarchical.ThrowableCollector.execute(ThrowableCollector.java:73)
	at org.junit.platform.engine.support.hierarchical.NodeTestTask.executeRecursively(NodeTestTask.java:138)
	at org.junit.platform.engine.support.hierarchical.NodeTestTask.execute(NodeTestTask.java:95)
	at java.base/java.util.ArrayList.forEach(ArrayList.java:1596)
	at org.junit.platform.engine.support.hierarchical.SameThreadHierarchicalTestExecutorService.invokeAll(SameThreadHierarchicalTestExecutorService.java:41)
	at org.junit.platform.engine.support.hierarchical.NodeTestTask.lambda$executeRecursively$6(NodeTestTask.java:155)
	at org.junit.platform.engine.support.hierarchical.ThrowableCollector.execute(ThrowableCollector.java:73)
	at org.junit.platform.engine.support.hierarchical.NodeTestTask.lambda$executeRecursively$8(NodeTestTask.java:141)
	at org.junit.platform.engine.support.hierarchical.Node.around(Node.java:137)
	at org.junit.platform.engine.support.hierarchical.NodeTestTask.lambda$executeRecursively$9(NodeTestTask.java:139)
	at org.junit.platform.engine.support.hierarchical.ThrowableCollector.execute(ThrowableCollector.java:73)
	at org.junit.platform.engine.support.hierarchical.NodeTestTask.executeRecursively(NodeTestTask.java:138)
	at org.junit.platform.engine.support.hierarchical.NodeTestTask.execute(NodeTestTask.java:95)
	at org.junit.platform.engine.support.hierarchical.SameThreadHierarchicalTestExecutorService.submit(SameThreadHierarchicalTestExecutorService.java:35)
	at org.junit.platform.engine.support.hierarchical.HierarchicalTestExecutor.execute(HierarchicalTestExecutor.java:57)
	at org.junit.platform.engine.support.hierarchical.HierarchicalTestEngine.execute(HierarchicalTestEngine.java:54)
	at org.junit.platform.launcher.core.EngineExecutionOrchestrator.execute(EngineExecutionOrchestrator.java:198)
	at org.junit.platform.launcher.core.EngineExecutionOrchestrator.execute(EngineExecutionOrchestrator.java:169)
	at org.junit.platform.launcher.core.EngineExecutionOrchestrator.execute(EngineExecutionOrchestrator.java:93)
	at org.junit.platform.launcher.core.EngineExecutionOrchestrator.lambda$execute$0(EngineExecutionOrchestrator.java:58)
	at org.junit.platform.launcher.core.EngineExecutionOrchestrator.withInterceptedStreams(EngineExecutionOrchestrator.java:141)
	at org.junit.platform.launcher.core.EngineExecutionOrchestrator.execute(EngineExecutionOrchestrator.java:57)
	at org.junit.platform.launcher.core.DefaultLauncher.execute(DefaultLauncher.java:103)
	at org.junit.platform.launcher.core.DefaultLauncher.execute(DefaultLauncher.java:85)
	at org.junit.platform.launcher.core.DelegatingLauncher.execute(DelegatingLauncher.java:47)
	at org.junit.platform.launcher.core.SessionPerRequestLauncher.execute(SessionPerRequestLauncher.java:63)
	at com.intellij.junit5.JUnit5IdeaTestRunner.startRunnerWithArgs(JUnit5IdeaTestRunner.java:57)
	at com.intellij.rt.junit.IdeaTestRunner$Repeater$1.execute(IdeaTestRunner.java:38)
	at com.intellij.rt.execution.junit.TestsRepeater.repeat(TestsRepeater.java:11)
	at com.intellij.rt.junit.IdeaTestRunner$Repeater.startRunnerWithArgs(IdeaTestRunner.java:35)
	at com.intellij.rt.junit.JUnitStarter.prepareStreamsAndStart(JUnitStarter.java:232)
	at com.intellij.rt.junit.JUnitStarter.main(JUnitStarter.java:55)
2025-03-05 13:31:58 [main] INFO  l.insoft.uztis.tests.utils.TestUtils - Screenshot moved to C:\Users\ingrida.zadorozniene\Desktop\Asm\UZTIS\UZTIS_tests\test-output\screenshots\20250305\133158949_testCreateNewDvpInvitation().png
2025-03-05 13:35:29 [main] INFO  lt.insoft.uztis.tests.UztisPageTest - Navigated to https://uztisdev.asseco.lt/home
2025-03-05 13:35:29 [main] INFO  l.i.uztis.tests.InvitationsPageTest - Starting test:'testCreateNewDvpInvitation'
2025-03-05 13:35:30 [main] DEBUG l.i.uztis.tests.InvitationsPageTest - User logged in with test credentials
2025-03-05 13:35:30 [main] DEBUG l.i.uztis.tests.InvitationsPageTest - Opened 'Application Processing' menu.
2025-03-05 13:35:30 [main] DEBUG l.i.uztis.tests.InvitationsPageTest - Clicked on 'Application Forms' menu.
2025-03-05 13:35:30 [main] DEBUG l.i.uztis.tests.InvitationsPageTest - Navigating to application forms menu.
2025-03-05 13:35:30 [main] DEBUG l.i.uztis.tests.InvitationsPageTest - Retrieved last description code text: 'TST-DVP-22'.
2025-03-05 13:35:30 [main] DEBUG l.i.uztis.tests.InvitationsPageTest - Clicked on 'Invitation' menu.
2025-03-05 13:35:31 [main] DEBUG l.i.uztis.tests.InvitationsPageTest - Clicked 'Create New Application Form'.
2025-03-05 13:35:31 [main] DEBUG l.i.uztis.tests.InvitationsPageTest - Selected section by code: 'TST-DVP-22'.
2025-03-05 13:35:31 [main] INFO  l.insoft.uztis.pages.InvitationsPage - Located the dropdown button.
2025-03-05 13:35:43 [main] ERROR l.insoft.uztis.pages.InvitationsPage - Timeout while waiting for dropdown to close with aria-expanded = 'false'.
2025-03-05 13:35:43 [main] DEBUG l.i.uztis.tests.InvitationsPageTest - Selected invitation number from the list.
2025-03-05 13:35:43 [main] DEBUG l.i.uztis.tests.InvitationsPageTest - Entered current date.
2025-03-05 13:35:44 [main] DEBUG l.i.uztis.tests.InvitationsPageTest - Entered start time: 00:00.
2025-03-05 13:35:44 [main] DEBUG l.i.uztis.tests.InvitationsPageTest - Entered end date.
2025-03-05 13:35:44 [main] DEBUG l.i.uztis.tests.InvitationsPageTest - Entered end time: 11:11.
2025-03-05 13:35:44 [main] DEBUG l.i.uztis.tests.InvitationsPageTest - Entered publication end date.
2025-03-05 13:35:45 [main] DEBUG l.i.uztis.tests.InvitationsPageTest - Added additional values.
2025-03-05 13:35:45 [main] INFO  l.insoft.uztis.pages.InvitationsPage - Located the dropdown button.
2025-03-05 13:35:45 [main] DEBUG l.i.uztis.tests.InvitationsPageTest - Selected the value: 'Didžiausia galima paramos suma aplinkos darbo vietai, Eur'
2025-03-05 13:35:45 [main] INFO  l.insoft.uztis.pages.InvitationsPage - Located the dropdown button.
2025-03-05 13:35:46 [main] DEBUG l.i.uztis.tests.InvitationsPageTest - Selected the value: 'Didžiausia galima paramos suma, Eur'
2025-03-05 13:35:46 [main] INFO  l.insoft.uztis.pages.InvitationsPage - Located the dropdown button.
2025-03-05 13:35:47 [main] DEBUG l.i.uztis.tests.InvitationsPageTest - Selected the value: 'Didžiausia galima paramos suma vienai darbo vietai, Eur'
2025-03-05 13:35:47 [main] DEBUG l.i.uztis.tests.InvitationsPageTest - Entered value: 11000
2025-03-05 13:35:47 [main] DEBUG l.i.uztis.tests.InvitationsPageTest - Entered value: 12000
2025-03-05 13:35:48 [main] DEBUG l.i.uztis.tests.InvitationsPageTest - Entered value: 13000
2025-03-05 13:35:48 [main] DEBUG l.i.uztis.tests.InvitationsPageTest - Checked 'Legal Entities' checkbox.
2025-03-05 13:35:48 [main] DEBUG l.i.uztis.tests.InvitationsPageTest - Unchecked 'Persons Registered with Employment Service' checkbox.
2025-03-05 13:35:48 [main] DEBUG l.i.uztis.tests.InvitationsPageTest - Checked 'Persons Registered as Employers' checkbox.
2025-03-05 13:35:48 [main] DEBUG l.i.uztis.tests.InvitationsPageTest - Entered budget: '2000'.
2025-03-05 13:35:48 [main] DEBUG l.i.uztis.tests.InvitationsPageTest - Entered description text: 'Aprašo tekstas'.
2025-03-05 13:35:48 [main] DEBUG l.i.uztis.tests.InvitationsPageTest - Entered applicants text: 'Pareiškėjų tekstas'.
2025-03-05 13:35:49 [main] DEBUG l.i.uztis.tests.InvitationsPageTest - Entered expenditures text: 'Išlaidų tekstas'.
2025-03-05 13:35:49 [main] DEBUG l.i.uztis.tests.InvitationsPageTest - Entered legislation text: 'Teisės aktų tekstas'.
2025-03-05 13:35:49 [main] DEBUG l.i.uztis.tests.InvitationsPageTest - Entered education text: 'Mokymų tekstas'.
2025-03-05 13:35:49 [main] DEBUG l.i.uztis.tests.InvitationsPageTest - File uploaded.
2025-03-05 13:35:49 [main] DEBUG l.i.uztis.tests.InvitationsPageTest - Clicked 'Publish'.
2025-03-05 13:35:50 [main] ERROR l.i.uztis.tests.InvitationsPageTest - Test 'testCreateNewDvpInvitation' failed with error: element click intercepted: Element <button type="submit" class="btn btn--primary">...</button> is not clickable at point (1578, 991). Other element would receive the click: <div class="cdk-overlay-backdrop cdk-overlay-dark-backdrop cdk-overlay-backdrop-showing"></div>
  (Session info: chrome=133.0.6943.142)
Build info: version: '4.27.0', revision: 'd6e718d134'
System info: os.name: 'Windows 11', os.arch: 'amd64', os.version: '10.0', java.version: '21.0.3'
Driver info: org.openqa.selenium.chrome.ChromeDriver
Command: [cc358534a998615686cf71449c8295c3, clickElement {id=f.D66E2D180EF2911446A64DE95352F5AB.d.D52420678AFD18AD5CA537C6548C13ED.e.300}]
Capabilities {acceptInsecureCerts: false, browserName: chrome, browserVersion: 133.0.6943.142, chrome: {chromedriverVersion: 133.0.6943.141 (2a5d6da0d61..., userDataDir: C:\Users\INGRID~1.ZAD\AppDa...}, fedcm:accounts: true, goog:chromeOptions: {debuggerAddress: localhost:60887}, networkConnectionEnabled: false, pageLoadStrategy: normal, platformName: windows, proxy: Proxy(), se:cdp: ws://localhost:60887/devtoo..., se:cdpVersion: 133.0.6943.142, setWindowRect: true, strictFileInteractability: false, timeouts: {implicit: 0, pageLoad: 300000, script: 30000}, unhandledPromptBehavior: dismiss and notify, webauthn:extension:credBlob: true, webauthn:extension:largeBlob: true, webauthn:extension:minPinLength: true, webauthn:extension:prf: true, webauthn:virtualAuthenticators: true}
Element: [[ChromeDriver: chrome on windows (cc358534a998615686cf71449c8295c3)] -> css selector: button.btn.btn--primary]
Session ID: cc358534a998615686cf71449c8295c3
org.openqa.selenium.ElementClickInterceptedException: element click intercepted: Element <button type="submit" class="btn btn--primary">...</button> is not clickable at point (1578, 991). Other element would receive the click: <div class="cdk-overlay-backdrop cdk-overlay-dark-backdrop cdk-overlay-backdrop-showing"></div>
  (Session info: chrome=133.0.6943.142)
Build info: version: '4.27.0', revision: 'd6e718d134'
System info: os.name: 'Windows 11', os.arch: 'amd64', os.version: '10.0', java.version: '21.0.3'
Driver info: org.openqa.selenium.chrome.ChromeDriver
Command: [cc358534a998615686cf71449c8295c3, clickElement {id=f.D66E2D180EF2911446A64DE95352F5AB.d.D52420678AFD18AD5CA537C6548C13ED.e.300}]
Capabilities {acceptInsecureCerts: false, browserName: chrome, browserVersion: 133.0.6943.142, chrome: {chromedriverVersion: 133.0.6943.141 (2a5d6da0d61..., userDataDir: C:\Users\INGRID~1.ZAD\AppDa...}, fedcm:accounts: true, goog:chromeOptions: {debuggerAddress: localhost:60887}, networkConnectionEnabled: false, pageLoadStrategy: normal, platformName: windows, proxy: Proxy(), se:cdp: ws://localhost:60887/devtoo..., se:cdpVersion: 133.0.6943.142, setWindowRect: true, strictFileInteractability: false, timeouts: {implicit: 0, pageLoad: 300000, script: 30000}, unhandledPromptBehavior: dismiss and notify, webauthn:extension:credBlob: true, webauthn:extension:largeBlob: true, webauthn:extension:minPinLength: true, webauthn:extension:prf: true, webauthn:virtualAuthenticators: true}
Element: [[ChromeDriver: chrome on windows (cc358534a998615686cf71449c8295c3)] -> css selector: button.btn.btn--primary]
Session ID: cc358534a998615686cf71449c8295c3
	at java.base/jdk.internal.reflect.DirectConstructorHandleAccessor.newInstance(DirectConstructorHandleAccessor.java:62)
	at java.base/java.lang.reflect.Constructor.newInstanceWithCaller(Constructor.java:502)
	at java.base/java.lang.reflect.Constructor.newInstance(Constructor.java:486)
	at org.openqa.selenium.remote.ErrorCodec.decode(ErrorCodec.java:167)
	at org.openqa.selenium.remote.codec.w3c.W3CHttpResponseCodec.decode(W3CHttpResponseCodec.java:138)
	at org.openqa.selenium.remote.codec.w3c.W3CHttpResponseCodec.decode(W3CHttpResponseCodec.java:50)
	at org.openqa.selenium.remote.HttpCommandExecutor.execute(HttpCommandExecutor.java:190)
	at org.openqa.selenium.remote.service.DriverCommandExecutor.invokeExecute(DriverCommandExecutor.java:216)
	at org.openqa.selenium.remote.service.DriverCommandExecutor.execute(DriverCommandExecutor.java:174)
	at org.openqa.selenium.remote.RemoteWebDriver.execute(RemoteWebDriver.java:545)
	at org.openqa.selenium.remote.RemoteWebElement.execute(RemoteWebElement.java:223)
	at org.openqa.selenium.remote.RemoteWebElement.click(RemoteWebElement.java:76)
	at java.base/jdk.internal.reflect.DirectMethodHandleAccessor.invoke(DirectMethodHandleAccessor.java:103)
	at java.base/java.lang.reflect.Method.invoke(Method.java:580)
	at org.openqa.selenium.support.pagefactory.internal.LocatingElementHandler.invoke(LocatingElementHandler.java:51)
	at jdk.proxy2/jdk.proxy2.$Proxy14.click(Unknown Source)
	at lt.insoft.uztis.pages.InvitationsPage.clickButtonPublicationConfirmation(InvitationsPage.java:567)
	at lt.insoft.uztis.tests.InvitationsPageTest.testCreateNewDvpInvitation(InvitationsPageTest.java:558)
	at java.base/jdk.internal.reflect.DirectMethodHandleAccessor.invoke(DirectMethodHandleAccessor.java:103)
	at java.base/java.lang.reflect.Method.invoke(Method.java:580)
	at org.junit.platform.commons.util.ReflectionUtils.invokeMethod(ReflectionUtils.java:728)
	at org.junit.jupiter.engine.execution.MethodInvocation.proceed(MethodInvocation.java:60)
	at org.junit.jupiter.engine.execution.InvocationInterceptorChain$ValidatingInvocation.proceed(InvocationInterceptorChain.java:131)
	at org.junit.jupiter.engine.extension.TimeoutExtension.intercept(TimeoutExtension.java:156)
	at org.junit.jupiter.engine.extension.TimeoutExtension.interceptTestableMethod(TimeoutExtension.java:147)
	at org.junit.jupiter.engine.extension.TimeoutExtension.interceptTestMethod(TimeoutExtension.java:86)
	at org.junit.jupiter.engine.execution.InterceptingExecutableInvoker$ReflectiveInterceptorCall.lambda$ofVoidMethod$0(InterceptingExecutableInvoker.java:103)
	at org.junit.jupiter.engine.execution.InterceptingExecutableInvoker.lambda$invoke$0(InterceptingExecutableInvoker.java:93)
	at org.junit.jupiter.engine.execution.InvocationInterceptorChain$InterceptedInvocation.proceed(InvocationInterceptorChain.java:106)
	at org.junit.jupiter.engine.execution.InvocationInterceptorChain.proceed(InvocationInterceptorChain.java:64)
	at org.junit.jupiter.engine.execution.InvocationInterceptorChain.chainAndInvoke(InvocationInterceptorChain.java:45)
	at org.junit.jupiter.engine.execution.InvocationInterceptorChain.invoke(InvocationInterceptorChain.java:37)
	at org.junit.jupiter.engine.execution.InterceptingExecutableInvoker.invoke(InterceptingExecutableInvoker.java:92)
	at org.junit.jupiter.engine.execution.InterceptingExecutableInvoker.invoke(InterceptingExecutableInvoker.java:86)
	at org.junit.jupiter.engine.descriptor.TestMethodTestDescriptor.lambda$invokeTestMethod$7(TestMethodTestDescriptor.java:218)
	at org.junit.platform.engine.support.hierarchical.ThrowableCollector.execute(ThrowableCollector.java:73)
	at org.junit.jupiter.engine.descriptor.TestMethodTestDescriptor.invokeTestMethod(TestMethodTestDescriptor.java:214)
	at org.junit.jupiter.engine.descriptor.TestMethodTestDescriptor.execute(TestMethodTestDescriptor.java:139)
	at org.junit.jupiter.engine.descriptor.TestMethodTestDescriptor.execute(TestMethodTestDescriptor.java:69)
	at org.junit.platform.engine.support.hierarchical.NodeTestTask.lambda$executeRecursively$6(NodeTestTask.java:151)
	at org.junit.platform.engine.support.hierarchical.ThrowableCollector.execute(ThrowableCollector.java:73)
	at org.junit.platform.engine.support.hierarchical.NodeTestTask.lambda$executeRecursively$8(NodeTestTask.java:141)
	at org.junit.platform.engine.support.hierarchical.Node.around(Node.java:137)
	at org.junit.platform.engine.support.hierarchical.NodeTestTask.lambda$executeRecursively$9(NodeTestTask.java:139)
	at org.junit.platform.engine.support.hierarchical.ThrowableCollector.execute(ThrowableCollector.java:73)
	at org.junit.platform.engine.support.hierarchical.NodeTestTask.executeRecursively(NodeTestTask.java:138)
	at org.junit.platform.engine.support.hierarchical.NodeTestTask.execute(NodeTestTask.java:95)
	at java.base/java.util.ArrayList.forEach(ArrayList.java:1596)
	at org.junit.platform.engine.support.hierarchical.SameThreadHierarchicalTestExecutorService.invokeAll(SameThreadHierarchicalTestExecutorService.java:41)
	at org.junit.platform.engine.support.hierarchical.NodeTestTask.lambda$executeRecursively$6(NodeTestTask.java:155)
	at org.junit.platform.engine.support.hierarchical.ThrowableCollector.execute(ThrowableCollector.java:73)
	at org.junit.platform.engine.support.hierarchical.NodeTestTask.lambda$executeRecursively$8(NodeTestTask.java:141)
	at org.junit.platform.engine.support.hierarchical.Node.around(Node.java:137)
	at org.junit.platform.engine.support.hierarchical.NodeTestTask.lambda$executeRecursively$9(NodeTestTask.java:139)
	at org.junit.platform.engine.support.hierarchical.ThrowableCollector.execute(ThrowableCollector.java:73)
	at org.junit.platform.engine.support.hierarchical.NodeTestTask.executeRecursively(NodeTestTask.java:138)
	at org.junit.platform.engine.support.hierarchical.NodeTestTask.execute(NodeTestTask.java:95)
	at java.base/java.util.ArrayList.forEach(ArrayList.java:1596)
	at org.junit.platform.engine.support.hierarchical.SameThreadHierarchicalTestExecutorService.invokeAll(SameThreadHierarchicalTestExecutorService.java:41)
	at org.junit.platform.engine.support.hierarchical.NodeTestTask.lambda$executeRecursively$6(NodeTestTask.java:155)
	at org.junit.platform.engine.support.hierarchical.ThrowableCollector.execute(ThrowableCollector.java:73)
	at org.junit.platform.engine.support.hierarchical.NodeTestTask.lambda$executeRecursively$8(NodeTestTask.java:141)
	at org.junit.platform.engine.support.hierarchical.Node.around(Node.java:137)
	at org.junit.platform.engine.support.hierarchical.NodeTestTask.lambda$executeRecursively$9(NodeTestTask.java:139)
	at org.junit.platform.engine.support.hierarchical.ThrowableCollector.execute(ThrowableCollector.java:73)
	at org.junit.platform.engine.support.hierarchical.NodeTestTask.executeRecursively(NodeTestTask.java:138)
	at org.junit.platform.engine.support.hierarchical.NodeTestTask.execute(NodeTestTask.java:95)
	at org.junit.platform.engine.support.hierarchical.SameThreadHierarchicalTestExecutorService.submit(SameThreadHierarchicalTestExecutorService.java:35)
	at org.junit.platform.engine.support.hierarchical.HierarchicalTestExecutor.execute(HierarchicalTestExecutor.java:57)
	at org.junit.platform.engine.support.hierarchical.HierarchicalTestEngine.execute(HierarchicalTestEngine.java:54)
	at org.junit.platform.launcher.core.EngineExecutionOrchestrator.execute(EngineExecutionOrchestrator.java:198)
	at org.junit.platform.launcher.core.EngineExecutionOrchestrator.execute(EngineExecutionOrchestrator.java:169)
	at org.junit.platform.launcher.core.EngineExecutionOrchestrator.execute(EngineExecutionOrchestrator.java:93)
	at org.junit.platform.launcher.core.EngineExecutionOrchestrator.lambda$execute$0(EngineExecutionOrchestrator.java:58)
	at org.junit.platform.launcher.core.EngineExecutionOrchestrator.withInterceptedStreams(EngineExecutionOrchestrator.java:141)
	at org.junit.platform.launcher.core.EngineExecutionOrchestrator.execute(EngineExecutionOrchestrator.java:57)
	at org.junit.platform.launcher.core.DefaultLauncher.execute(DefaultLauncher.java:103)
	at org.junit.platform.launcher.core.DefaultLauncher.execute(DefaultLauncher.java:85)
	at org.junit.platform.launcher.core.DelegatingLauncher.execute(DelegatingLauncher.java:47)
	at org.junit.platform.launcher.core.SessionPerRequestLauncher.execute(SessionPerRequestLauncher.java:63)
	at com.intellij.junit5.JUnit5IdeaTestRunner.startRunnerWithArgs(JUnit5IdeaTestRunner.java:57)
	at com.intellij.rt.junit.IdeaTestRunner$Repeater$1.execute(IdeaTestRunner.java:38)
	at com.intellij.rt.execution.junit.TestsRepeater.repeat(TestsRepeater.java:11)
	at com.intellij.rt.junit.IdeaTestRunner$Repeater.startRunnerWithArgs(IdeaTestRunner.java:35)
	at com.intellij.rt.junit.JUnitStarter.prepareStreamsAndStart(JUnitStarter.java:232)
	at com.intellij.rt.junit.JUnitStarter.main(JUnitStarter.java:55)
2025-03-05 13:35:50 [main] INFO  l.insoft.uztis.tests.utils.TestUtils - Screenshot moved to C:\Users\ingrida.zadorozniene\Desktop\Asm\UZTIS\UZTIS_tests\test-output\screenshots\20250305\133550803_testCreateNewDvpInvitation().png
2025-03-05 13:36:16 [main] INFO  lt.insoft.uztis.tests.UztisPageTest - Navigated to https://uztisdev.asseco.lt/home
2025-03-05 13:36:16 [main] INFO  l.i.uztis.tests.InvitationsPageTest - Starting test:'testCreateNewDvpInvitation'
2025-03-05 13:36:17 [main] DEBUG l.i.uztis.tests.InvitationsPageTest - User logged in with test credentials
2025-03-05 13:36:17 [main] DEBUG l.i.uztis.tests.InvitationsPageTest - Opened 'Application Processing' menu.
2025-03-05 13:36:17 [main] DEBUG l.i.uztis.tests.InvitationsPageTest - Clicked on 'Application Forms' menu.
2025-03-05 13:36:17 [main] DEBUG l.i.uztis.tests.InvitationsPageTest - Navigating to application forms menu.
2025-03-05 13:36:17 [main] DEBUG l.i.uztis.tests.InvitationsPageTest - Retrieved last description code text: 'TST-DVP-22'.
2025-03-05 13:36:17 [main] DEBUG l.i.uztis.tests.InvitationsPageTest - Clicked on 'Invitation' menu.
2025-03-05 13:36:18 [main] DEBUG l.i.uztis.tests.InvitationsPageTest - Clicked 'Create New Application Form'.
2025-03-05 13:36:18 [main] DEBUG l.i.uztis.tests.InvitationsPageTest - Selected section by code: 'TST-DVP-22'.
2025-03-05 13:36:18 [main] INFO  l.insoft.uztis.pages.InvitationsPage - Located the dropdown button.
2025-03-05 13:36:30 [main] ERROR l.insoft.uztis.pages.InvitationsPage - Timeout while waiting for dropdown to close with aria-expanded = 'false'.
2025-03-05 13:36:30 [main] DEBUG l.i.uztis.tests.InvitationsPageTest - Selected invitation number from the list.
2025-03-05 13:36:30 [main] DEBUG l.i.uztis.tests.InvitationsPageTest - Entered current date.
2025-03-05 13:36:30 [main] DEBUG l.i.uztis.tests.InvitationsPageTest - Entered start time: 00:00.
2025-03-05 13:36:30 [main] DEBUG l.i.uztis.tests.InvitationsPageTest - Entered end date.
2025-03-05 13:36:31 [main] DEBUG l.i.uztis.tests.InvitationsPageTest - Entered end time: 11:11.
2025-03-05 13:36:31 [main] DEBUG l.i.uztis.tests.InvitationsPageTest - Entered publication end date.
2025-03-05 13:36:31 [main] DEBUG l.i.uztis.tests.InvitationsPageTest - Added additional values.
2025-03-05 13:36:31 [main] INFO  l.insoft.uztis.pages.InvitationsPage - Located the dropdown button.
2025-03-05 13:36:32 [main] DEBUG l.i.uztis.tests.InvitationsPageTest - Selected the value: 'Didžiausia galima paramos suma aplinkos darbo vietai, Eur'
2025-03-05 13:36:32 [main] INFO  l.insoft.uztis.pages.InvitationsPage - Located the dropdown button.
2025-03-05 13:36:33 [main] DEBUG l.i.uztis.tests.InvitationsPageTest - Selected the value: 'Didžiausia galima paramos suma, Eur'
2025-03-05 13:36:33 [main] INFO  l.insoft.uztis.pages.InvitationsPage - Located the dropdown button.
2025-03-05 13:36:33 [main] DEBUG l.i.uztis.tests.InvitationsPageTest - Selected the value: 'Didžiausia galima paramos suma vienai darbo vietai, Eur'
2025-03-05 13:36:33 [main] DEBUG l.i.uztis.tests.InvitationsPageTest - Entered value: 11000
2025-03-05 13:36:33 [main] DEBUG l.i.uztis.tests.InvitationsPageTest - Entered value: 12000
2025-03-05 13:36:34 [main] DEBUG l.i.uztis.tests.InvitationsPageTest - Entered value: 13000
2025-03-05 13:36:34 [main] DEBUG l.i.uztis.tests.InvitationsPageTest - Checked 'Legal Entities' checkbox.
2025-03-05 13:36:34 [main] DEBUG l.i.uztis.tests.InvitationsPageTest - Unchecked 'Persons Registered with Employment Service' checkbox.
2025-03-05 13:36:34 [main] DEBUG l.i.uztis.tests.InvitationsPageTest - Checked 'Persons Registered as Employers' checkbox.
2025-03-05 13:36:34 [main] DEBUG l.i.uztis.tests.InvitationsPageTest - Entered budget: '2000'.
2025-03-05 13:36:34 [main] DEBUG l.i.uztis.tests.InvitationsPageTest - Entered description text: 'Aprašo tekstas'.
2025-03-05 13:36:34 [main] DEBUG l.i.uztis.tests.InvitationsPageTest - Entered applicants text: 'Pareiškėjų tekstas'.
2025-03-05 13:36:35 [main] DEBUG l.i.uztis.tests.InvitationsPageTest - Entered expenditures text: 'Išlaidų tekstas'.
2025-03-05 13:36:35 [main] DEBUG l.i.uztis.tests.InvitationsPageTest - Entered legislation text: 'Teisės aktų tekstas'.
2025-03-05 13:36:35 [main] DEBUG l.i.uztis.tests.InvitationsPageTest - Entered education text: 'Mokymų tekstas'.
2025-03-05 13:36:35 [main] DEBUG l.i.uztis.tests.InvitationsPageTest - File uploaded.
2025-03-05 13:36:35 [main] DEBUG l.i.uztis.tests.InvitationsPageTest - Clicked 'Publish'.
2025-03-05 13:36:35 [main] DEBUG l.i.uztis.tests.InvitationsPageTest - Publication confirmed.
2025-03-05 13:36:37 [main] DEBUG l.i.uztis.pages.ApplicationFormsPage - Verified success message: 'Funkcija sėkmingai atlikta.'
2025-03-05 13:36:37 [main] INFO  l.i.uztis.tests.InvitationsPageTest - Verified success message
2025-03-05 13:36:37 [main] INFO  l.i.uztis.tests.InvitationsPageTest - Test 'testCreateNewDvpInvitation' completed successfully.
2025-03-05 13:40:24 [main] INFO  lt.insoft.uztis.tests.UztisPageTest - Navigated to https://uztisdev.asseco.lt/home
2025-03-05 13:40:24 [main] INFO  l.i.u.t.SubmittedApplicationsPageTest - Starting test:'testFillNewDVPApplicationFA'
2025-03-05 13:40:25 [main] DEBUG l.i.u.t.SubmittedApplicationsPageTest - User logged in with test credentials.
2025-03-05 13:40:25 [main] DEBUG l.i.u.t.SubmittedApplicationsPageTest - Opened 'Application Processing' menu.
2025-03-05 13:40:25 [main] DEBUG l.i.u.t.SubmittedApplicationsPageTest - Clicked on 'Application Forms' menu.
2025-03-05 13:40:26 [main] DEBUG l.i.u.t.SubmittedApplicationsPageTest - Retrieved last description code text: 'TST-DVP-22'.
2025-03-05 13:40:26 [main] DEBUG l.i.u.t.SubmittedApplicationsPageTest - Clicked on 'Invitation' menu.
2025-03-05 13:40:27 [main] DEBUG l.i.u.t.SubmittedApplicationsPageTest - Selected application section by code: 'TST-DVP-22'.
2025-03-05 13:40:27 [main] DEBUG l.i.u.t.SubmittedApplicationsPageTest - Clicked 'Search' button.
2025-03-05 13:40:27 [main] DEBUG l.i.u.t.SubmittedApplicationsPageTest - Retrieved invitation code: ''.
2025-03-05 13:40:27 [main] DEBUG l.i.u.t.SubmittedApplicationsPageTest - Clicked on 'Submitted Applications' menu.
2025-03-05 13:40:28 [main] DEBUG l.i.u.t.SubmittedApplicationsPageTest - Selected invitation by code: 'TST-DVP-22'.
2025-03-05 13:40:28 [main] DEBUG l.i.u.t.SubmittedApplicationsPageTest - Invitation code inserted.
2025-03-05 13:40:28 [main] DEBUG l.i.u.t.SubmittedApplicationsPageTest - Clicked on 'Action Application' button.
2025-03-05 13:40:28 [main] DEBUG l.i.u.t.SubmittedApplicationsPageTest - Clicked on 'New Application' button.
2025-03-05 13:40:29 [main] DEBUG l.i.u.t.SubmittedApplicationsPageTest - Selected the 'RadioButtonFA' option.
2025-03-05 13:40:29 [main] DEBUG l.i.u.t.SubmittedApplicationsPageTest - Entered phone number: '61298745'.
2025-03-05 13:40:29 [main] DEBUG l.i.u.t.SubmittedApplicationsPageTest - Entered email: 'test@autotest.com'.
2025-03-05 13:40:29 [main] DEBUG l.i.u.t.SubmittedApplicationsPageTest - Checked 'For workplace adaptation' checkbox 1.
2025-03-05 13:40:30 [main] DEBUG l.i.u.t.SubmittedApplicationsPageTest - Checked 'For environmental adaptation' checkbox 2.
2025-03-05 13:40:30 [main] INFO  l.i.u.p.SubmittedApplicationsPage - Located the dropdown button.
2025-03-05 13:40:51 [main] INFO  l.i.u.p.SubmittedApplicationsPage - Found 1741 options in the dropdown.
2025-03-05 13:40:51 [main] INFO  l.i.u.p.SubmittedApplicationsPage - Successfully selected the value: '01.11 - Grūdinių (išskyrus ryžius), ankštinių ir aliejingų sėklų augalų auginimas'
2025-03-05 13:41:01 [main] ERROR l.i.u.p.SubmittedApplicationsPage - Failed to close the dropdown with aria-expanded = 'false'. Attempting manual close.
2025-03-05 13:41:01 [main] INFO  l.i.u.p.SubmittedApplicationsPage - Manual close attempt for the dropdown using body click.
2025-03-05 13:41:01 [main] DEBUG l.i.u.t.SubmittedApplicationsPageTest - Selected EVRK value: '01.11 - Grūdinių (išskyrus ryžius), ankštinių ir aliejingų sėklų augalų auginimas'.
2025-03-05 13:41:02 [main] DEBUG l.i.u.t.SubmittedApplicationsPageTest - Clicked on 'Address Component' button.
2025-03-05 13:41:02 [main] INFO  l.i.u.p.SubmittedApplicationsPage - Located the dropdown button.
2025-03-05 13:41:05 [main] INFO  l.i.u.p.SubmittedApplicationsPage - Successfully selected the value: 'Lietuva'
2025-03-05 13:41:05 [main] DEBUG l.i.u.t.SubmittedApplicationsPageTest - Selected country: 'Lietuva'.
2025-03-05 13:41:05 [main] INFO  l.i.u.p.SubmittedApplicationsPage - Located the dropdown search field.
2025-03-05 13:41:05 [main] INFO  l.i.u.p.SubmittedApplicationsPage - Dropdown city is opened.
2025-03-05 13:41:05 [main] INFO  l.i.u.p.SubmittedApplicationsPage - Searched for value: 'Vilnius'
2025-03-05 13:41:06 [main] INFO  l.i.u.p.SubmittedApplicationsPage - Successfully selected: 'Vilnius'
2025-03-05 13:41:06 [main] INFO  l.i.u.p.SubmittedApplicationsPage - Located the dropdown button.
2025-03-05 13:41:07 [main] INFO  l.i.u.p.SubmittedApplicationsPage - Successfully selected the value: 'A. Domaševičiaus g.'
2025-03-05 13:41:07 [main] DEBUG l.i.u.t.SubmittedApplicationsPageTest - Selected street: 'A. Domaševičiaus g.'.
2025-03-05 13:41:07 [main] INFO  l.i.u.p.SubmittedApplicationsPage - Located the dropdown button.
2025-03-05 13:41:07 [main] INFO  l.i.u.p.SubmittedApplicationsPage - Successfully selected the value: '1'
2025-03-05 13:41:07 [main] DEBUG l.i.u.t.SubmittedApplicationsPageTest - Selected house: '1'.
2025-03-05 13:41:07 [main] INFO  l.i.u.p.SubmittedApplicationsPage - Located the dropdown button.
2025-03-05 13:41:07 [main] INFO  l.i.u.p.SubmittedApplicationsPage - Successfully selected the value: '1'
2025-03-05 13:41:07 [main] DEBUG l.i.u.t.SubmittedApplicationsPageTest - Selected apartment: '1'.
2025-03-05 13:41:08 [main] DEBUG l.i.u.t.SubmittedApplicationsPageTest - Clicked 'Confirm' button.
2025-03-05 13:41:08 [main] DEBUG l.i.u.t.SubmittedApplicationsPageTest - Selected 'For already working' option.
2025-03-05 13:41:08 [main] DEBUG l.i.u.t.SubmittedApplicationsPageTest - Entered person count1: '1'.
2025-03-05 13:41:08 [main] DEBUG l.i.u.t.SubmittedApplicationsPageTest - Selected 'For new working' option.
2025-03-05 13:41:08 [main] DEBUG l.i.u.t.SubmittedApplicationsPageTest - Entered person count2: '1'.
2025-03-05 13:41:08 [main] DEBUG l.i.u.t.SubmittedApplicationsPageTest - Clicked 'Next' button after checkboxes.
2025-03-05 13:41:08 [main] INFO  l.i.u.p.SubmittedApplicationsPage - Located the dropdown button.
2025-03-05 13:41:09 [main] INFO  l.i.u.p.SubmittedApplicationsPage - Successfully selected the value: 'Administratoriai'
2025-03-05 13:41:39 [main] ERROR l.i.u.p.SubmittedApplicationsPage - Timeout while waiting for dropdown to close with aria-expanded = 'false'.
2025-03-05 13:41:39 [main] DEBUG l.i.u.t.SubmittedApplicationsPageTest - Selected adaptable job name: 'Administratoriai'.
2025-03-05 13:41:40 [main] DEBUG l.i.u.t.SubmittedApplicationsPageTest - Entered job date.
2025-03-05 13:41:40 [main] DEBUG l.i.u.t.SubmittedApplicationsPageTest - Entered job function: 'Funkcija 1'.
2025-03-05 13:41:40 [main] DEBUG l.i.u.t.SubmittedApplicationsPageTest - Selected 'For already working' 'no' option.
2025-03-05 13:41:40 [main] INFO  l.i.u.p.SubmittedApplicationsPage - Clicking on the dropdown button.
2025-03-05 13:41:41 [main] INFO  l.i.u.p.SubmittedApplicationsPage - Found 6 options in the dropdown.
2025-03-05 13:41:41 [main] DEBUG l.i.u.p.SubmittedApplicationsPage - Checking option: 'Lengvo neįgalumo lygis ar 45-55 procentų dalyvumo lygis (iki 2023 m. gruodžio 31 d. – 45-55 procentų darbingumo lygis)'
2025-03-05 13:41:41 [main] DEBUG l.i.u.p.SubmittedApplicationsPage - Checking option: 'Lengvo neįgalumo lygis ar 45-55 procentų dalyvumo lygis (iki 2023 m. gruodžio 31 d. – 45-55 procentų darbingumo lygis)'
2025-03-05 13:41:41 [main] DEBUG l.i.u.p.SubmittedApplicationsPage - Checking option: 'Sunkaus neįgalumo lygis ar neviršijantis 25 procentų dalyvumo lygis (iki 2023 metų gruodžio 31 dienos – iki 25 procentų darbingumo lygis)'
2025-03-05 13:41:41 [main] INFO  l.i.u.p.SubmittedApplicationsPage - Successfully selected the value: 'Sunkaus neįgalumo lygis ar neviršijantis 25 procentų dalyvumo lygis (iki 2023 metų gruodžio 31 dienos – iki 25 procentų darbingumo lygis)'
2025-03-05 13:41:41 [main] INFO  l.i.u.p.SubmittedApplicationsPage - Attempting to close the dropdown.
2025-03-05 13:41:51 [main] INFO  l.i.u.p.SubmittedApplicationsPage - Dropdown should be closed now.
2025-03-05 13:41:51 [main] DEBUG l.i.u.t.SubmittedApplicationsPageTest - Selected disabilities type: 'Sunkaus neįgalumo lygis ar neviršijantis 25 procentų dalyvumo lygis (iki 2023 metų gruodžio 31 dienos – iki 25 procentų darbingumo lygis)'.
2025-03-05 13:41:51 [main] DEBUG l.i.u.t.SubmittedApplicationsPageTest - Entered disability information: 'Negalia 1'.
2025-03-05 13:41:52 [main] DEBUG l.i.u.t.SubmittedApplicationsPageTest - Entered qualification: 'Kvalifikacija 1'.
2025-03-05 13:41:52 [main] DEBUG l.i.u.t.SubmittedApplicationsPageTest - Entered job description: 'Darbo vietos aprašymas 1'.
2025-03-05 13:41:52 [main] DEBUG l.i.u.t.SubmittedApplicationsPageTest - Entered equipment description: 'Priemonių įsigyjimas 1'.
2025-03-05 13:41:52 [main] DEBUG l.i.u.t.SubmittedApplicationsPageTest - Entered work information: 'Darbai 1'.
2025-03-05 13:41:52 [main] INFO  l.i.u.p.SubmittedApplicationsPage - Located the dropdown button.
2025-03-05 13:41:52 [main] INFO  l.i.u.p.SubmittedApplicationsPage - Successfully selected the value: 'Kita'
2025-03-05 13:41:52 [main] DEBUG l.i.u.t.SubmittedApplicationsPageTest - Selected time mode: 'Kita'.
2025-03-05 13:41:53 [main] DEBUG l.i.u.t.SubmittedApplicationsPageTest - Selected time mode other: '6 val. per dieną ir 4 d. per savaitę'.
2025-03-05 13:41:53 [main] DEBUG l.i.u.t.SubmittedApplicationsPageTest - Entered salary amount: '1200'.
2025-03-05 13:41:53 [main] DEBUG l.i.u.t.SubmittedApplicationsPageTest - Selected 'Temporary Job' radio button.
2025-03-05 13:41:53 [main] DEBUG l.i.u.t.SubmittedApplicationsPageTest - Selected 'Season Job' radio button.
2025-03-05 13:41:53 [main] DEBUG l.i.u.t.SubmittedApplicationsPageTest - Selected 'PVM' radio button.
2025-03-05 13:41:53 [main] INFO  l.i.u.p.SubmittedApplicationsPage - Located the dropdown button.
2025-03-05 13:41:54 [main] INFO  l.i.u.p.SubmittedApplicationsPage - Successfully selected the value: 'Darbo vietos pritaikymui'
2025-03-05 13:41:54 [main] DEBUG l.i.u.t.SubmittedApplicationsPageTest - Selected adaptable job name: 'Darbo vietos pritaikymui'.
2025-03-05 13:42:14 [main] ERROR l.i.u.t.SubmittedApplicationsPageTest - Test 'testFillNewDVPApplicationFA' failed with error: Expected condition failed: waiting for element to be clickable: Proxy element for: DefaultElementLocator 'By.xpath: //mat-select[@id='mat-select-11']' (tried for 10 second(s) with 500 milliseconds interval)
org.openqa.selenium.TimeoutException: Expected condition failed: waiting for element to be clickable: Proxy element for: DefaultElementLocator 'By.xpath: //mat-select[@id='mat-select-11']' (tried for 10 second(s) with 500 milliseconds interval)
	at org.openqa.selenium.support.ui.WebDriverWait.timeoutException(WebDriverWait.java:84)
	at org.openqa.selenium.support.ui.FluentWait.until(FluentWait.java:228)
	at lt.insoft.uztis.pages.SubmittedApplicationsPage.selectDropdownNecessaryForJobOne_DVP(SubmittedApplicationsPage.java:1307)
	at lt.insoft.uztis.tests.SubmittedApplicationsPageTest.testFillNewDVPApplicationFA(SubmittedApplicationsPageTest.java:706)
	at java.base/jdk.internal.reflect.DirectMethodHandleAccessor.invoke(DirectMethodHandleAccessor.java:103)
	at java.base/java.lang.reflect.Method.invoke(Method.java:580)
	at org.junit.platform.commons.util.ReflectionUtils.invokeMethod(ReflectionUtils.java:728)
	at org.junit.jupiter.engine.execution.MethodInvocation.proceed(MethodInvocation.java:60)
	at org.junit.jupiter.engine.execution.InvocationInterceptorChain$ValidatingInvocation.proceed(InvocationInterceptorChain.java:131)
	at org.junit.jupiter.engine.extension.TimeoutExtension.intercept(TimeoutExtension.java:156)
	at org.junit.jupiter.engine.extension.TimeoutExtension.interceptTestableMethod(TimeoutExtension.java:147)
	at org.junit.jupiter.engine.extension.TimeoutExtension.interceptTestMethod(TimeoutExtension.java:86)
	at org.junit.jupiter.engine.execution.InterceptingExecutableInvoker$ReflectiveInterceptorCall.lambda$ofVoidMethod$0(InterceptingExecutableInvoker.java:103)
	at org.junit.jupiter.engine.execution.InterceptingExecutableInvoker.lambda$invoke$0(InterceptingExecutableInvoker.java:93)
	at org.junit.jupiter.engine.execution.InvocationInterceptorChain$InterceptedInvocation.proceed(InvocationInterceptorChain.java:106)
	at org.junit.jupiter.engine.execution.InvocationInterceptorChain.proceed(InvocationInterceptorChain.java:64)
	at org.junit.jupiter.engine.execution.InvocationInterceptorChain.chainAndInvoke(InvocationInterceptorChain.java:45)
	at org.junit.jupiter.engine.execution.InvocationInterceptorChain.invoke(InvocationInterceptorChain.java:37)
	at org.junit.jupiter.engine.execution.InterceptingExecutableInvoker.invoke(InterceptingExecutableInvoker.java:92)
	at org.junit.jupiter.engine.execution.InterceptingExecutableInvoker.invoke(InterceptingExecutableInvoker.java:86)
	at org.junit.jupiter.engine.descriptor.TestMethodTestDescriptor.lambda$invokeTestMethod$7(TestMethodTestDescriptor.java:218)
	at org.junit.platform.engine.support.hierarchical.ThrowableCollector.execute(ThrowableCollector.java:73)
	at org.junit.jupiter.engine.descriptor.TestMethodTestDescriptor.invokeTestMethod(TestMethodTestDescriptor.java:214)
	at org.junit.jupiter.engine.descriptor.TestMethodTestDescriptor.execute(TestMethodTestDescriptor.java:139)
	at org.junit.jupiter.engine.descriptor.TestMethodTestDescriptor.execute(TestMethodTestDescriptor.java:69)
	at org.junit.platform.engine.support.hierarchical.NodeTestTask.lambda$executeRecursively$6(NodeTestTask.java:151)
	at org.junit.platform.engine.support.hierarchical.ThrowableCollector.execute(ThrowableCollector.java:73)
	at org.junit.platform.engine.support.hierarchical.NodeTestTask.lambda$executeRecursively$8(NodeTestTask.java:141)
	at org.junit.platform.engine.support.hierarchical.Node.around(Node.java:137)
	at org.junit.platform.engine.support.hierarchical.NodeTestTask.lambda$executeRecursively$9(NodeTestTask.java:139)
	at org.junit.platform.engine.support.hierarchical.ThrowableCollector.execute(ThrowableCollector.java:73)
	at org.junit.platform.engine.support.hierarchical.NodeTestTask.executeRecursively(NodeTestTask.java:138)
	at org.junit.platform.engine.support.hierarchical.NodeTestTask.execute(NodeTestTask.java:95)
	at java.base/java.util.ArrayList.forEach(ArrayList.java:1596)
	at org.junit.platform.engine.support.hierarchical.SameThreadHierarchicalTestExecutorService.invokeAll(SameThreadHierarchicalTestExecutorService.java:41)
	at org.junit.platform.engine.support.hierarchical.NodeTestTask.lambda$executeRecursively$6(NodeTestTask.java:155)
	at org.junit.platform.engine.support.hierarchical.ThrowableCollector.execute(ThrowableCollector.java:73)
	at org.junit.platform.engine.support.hierarchical.NodeTestTask.lambda$executeRecursively$8(NodeTestTask.java:141)
	at org.junit.platform.engine.support.hierarchical.Node.around(Node.java:137)
	at org.junit.platform.engine.support.hierarchical.NodeTestTask.lambda$executeRecursively$9(NodeTestTask.java:139)
	at org.junit.platform.engine.support.hierarchical.ThrowableCollector.execute(ThrowableCollector.java:73)
	at org.junit.platform.engine.support.hierarchical.NodeTestTask.executeRecursively(NodeTestTask.java:138)
	at org.junit.platform.engine.support.hierarchical.NodeTestTask.execute(NodeTestTask.java:95)
	at java.base/java.util.ArrayList.forEach(ArrayList.java:1596)
	at org.junit.platform.engine.support.hierarchical.SameThreadHierarchicalTestExecutorService.invokeAll(SameThreadHierarchicalTestExecutorService.java:41)
	at org.junit.platform.engine.support.hierarchical.NodeTestTask.lambda$executeRecursively$6(NodeTestTask.java:155)
	at org.junit.platform.engine.support.hierarchical.ThrowableCollector.execute(ThrowableCollector.java:73)
	at org.junit.platform.engine.support.hierarchical.NodeTestTask.lambda$executeRecursively$8(NodeTestTask.java:141)
	at org.junit.platform.engine.support.hierarchical.Node.around(Node.java:137)
	at org.junit.platform.engine.support.hierarchical.NodeTestTask.lambda$executeRecursively$9(NodeTestTask.java:139)
	at org.junit.platform.engine.support.hierarchical.ThrowableCollector.execute(ThrowableCollector.java:73)
	at org.junit.platform.engine.support.hierarchical.NodeTestTask.executeRecursively(NodeTestTask.java:138)
	at org.junit.platform.engine.support.hierarchical.NodeTestTask.execute(NodeTestTask.java:95)
	at org.junit.platform.engine.support.hierarchical.SameThreadHierarchicalTestExecutorService.submit(SameThreadHierarchicalTestExecutorService.java:35)
	at org.junit.platform.engine.support.hierarchical.HierarchicalTestExecutor.execute(HierarchicalTestExecutor.java:57)
	at org.junit.platform.engine.support.hierarchical.HierarchicalTestEngine.execute(HierarchicalTestEngine.java:54)
	at org.junit.platform.launcher.core.EngineExecutionOrchestrator.execute(EngineExecutionOrchestrator.java:198)
	at org.junit.platform.launcher.core.EngineExecutionOrchestrator.execute(EngineExecutionOrchestrator.java:169)
	at org.junit.platform.launcher.core.EngineExecutionOrchestrator.execute(EngineExecutionOrchestrator.java:93)
	at org.junit.platform.launcher.core.EngineExecutionOrchestrator.lambda$execute$0(EngineExecutionOrchestrator.java:58)
	at org.junit.platform.launcher.core.EngineExecutionOrchestrator.withInterceptedStreams(EngineExecutionOrchestrator.java:141)
	at org.junit.platform.launcher.core.EngineExecutionOrchestrator.execute(EngineExecutionOrchestrator.java:57)
	at org.junit.platform.launcher.core.DefaultLauncher.execute(DefaultLauncher.java:103)
	at org.junit.platform.launcher.core.DefaultLauncher.execute(DefaultLauncher.java:85)
	at org.junit.platform.launcher.core.DelegatingLauncher.execute(DelegatingLauncher.java:47)
	at org.junit.platform.launcher.core.SessionPerRequestLauncher.execute(SessionPerRequestLauncher.java:63)
	at com.intellij.junit5.JUnit5IdeaTestRunner.startRunnerWithArgs(JUnit5IdeaTestRunner.java:57)
	at com.intellij.rt.junit.IdeaTestRunner$Repeater$1.execute(IdeaTestRunner.java:38)
	at com.intellij.rt.execution.junit.TestsRepeater.repeat(TestsRepeater.java:11)
	at com.intellij.rt.junit.IdeaTestRunner$Repeater.startRunnerWithArgs(IdeaTestRunner.java:35)
	at com.intellij.rt.junit.JUnitStarter.prepareStreamsAndStart(JUnitStarter.java:232)
	at com.intellij.rt.junit.JUnitStarter.main(JUnitStarter.java:55)
Caused by: org.openqa.selenium.NoSuchElementException: no such element: Unable to locate element: {"method":"xpath","selector":"//mat-select[@id='mat-select-11']"}
  (Session info: chrome=133.0.6943.142)
For documentation on this error, please visit: https://www.selenium.dev/documentation/webdriver/troubleshooting/errors#no-such-element-exception
Build info: version: '4.27.0', revision: 'd6e718d134'
System info: os.name: 'Windows 11', os.arch: 'amd64', os.version: '10.0', java.version: '21.0.3'
Driver info: org.openqa.selenium.chrome.ChromeDriver
Command: [9b3e64e5754539f523c74b099cfe0e2a, findElement {using=xpath, value=//mat-select[@id='mat-select-11']}]
Capabilities {acceptInsecureCerts: false, browserName: chrome, browserVersion: 133.0.6943.142, chrome: {chromedriverVersion: 133.0.6943.141 (2a5d6da0d61..., userDataDir: C:\Users\INGRID~1.ZAD\AppDa...}, fedcm:accounts: true, goog:chromeOptions: {debuggerAddress: localhost:61231}, networkConnectionEnabled: false, pageLoadStrategy: normal, platformName: windows, proxy: Proxy(), se:cdp: ws://localhost:61231/devtoo..., se:cdpVersion: 133.0.6943.142, setWindowRect: true, strictFileInteractability: false, timeouts: {implicit: 0, pageLoad: 300000, script: 30000}, unhandledPromptBehavior: dismiss and notify, webauthn:extension:credBlob: true, webauthn:extension:largeBlob: true, webauthn:extension:minPinLength: true, webauthn:extension:prf: true, webauthn:virtualAuthenticators: true}
Session ID: 9b3e64e5754539f523c74b099cfe0e2a
	at java.base/jdk.internal.reflect.DirectConstructorHandleAccessor.newInstance(DirectConstructorHandleAccessor.java:62)
	at java.base/java.lang.reflect.Constructor.newInstanceWithCaller(Constructor.java:502)
	at java.base/java.lang.reflect.Constructor.newInstance(Constructor.java:486)
	at org.openqa.selenium.remote.ErrorCodec.decode(ErrorCodec.java:167)
	at org.openqa.selenium.remote.codec.w3c.W3CHttpResponseCodec.decode(W3CHttpResponseCodec.java:138)
	at org.openqa.selenium.remote.codec.w3c.W3CHttpResponseCodec.decode(W3CHttpResponseCodec.java:50)
	at org.openqa.selenium.remote.HttpCommandExecutor.execute(HttpCommandExecutor.java:190)
	at org.openqa.selenium.remote.service.DriverCommandExecutor.invokeExecute(DriverCommandExecutor.java:216)
	at org.openqa.selenium.remote.service.DriverCommandExecutor.execute(DriverCommandExecutor.java:174)
	at org.openqa.selenium.remote.RemoteWebDriver.execute(RemoteWebDriver.java:545)
	at org.openqa.selenium.remote.ElementLocation$ElementFinder$2.findElement(ElementLocation.java:165)
	at org.openqa.selenium.remote.ElementLocation.findElement(ElementLocation.java:59)
	at org.openqa.selenium.remote.RemoteWebDriver.findElement(RemoteWebDriver.java:368)
	at org.openqa.selenium.remote.RemoteWebDriver.findElement(RemoteWebDriver.java:362)
	at org.openqa.selenium.support.pagefactory.DefaultElementLocator.findElement(DefaultElementLocator.java:68)
	at org.openqa.selenium.support.pagefactory.internal.LocatingElementHandler.invoke(LocatingElementHandler.java:38)
	at jdk.proxy2/jdk.proxy2.$Proxy14.isDisplayed(Unknown Source)
	at org.openqa.selenium.support.ui.ExpectedConditions.elementIfVisible(ExpectedConditions.java:304)
	at org.openqa.selenium.support.ui.ExpectedConditions$10.apply(ExpectedConditions.java:290)
	at org.openqa.selenium.support.ui.ExpectedConditions$10.apply(ExpectedConditions.java:287)
	at org.openqa.selenium.support.ui.ExpectedConditions$23.apply(ExpectedConditions.java:656)
	at org.openqa.selenium.support.ui.ExpectedConditions$23.apply(ExpectedConditions.java:652)
	at org.openqa.selenium.support.ui.FluentWait.until(FluentWait.java:203)
	... 70 common frames omitted
2025-03-05 13:42:14 [main] INFO  l.insoft.uztis.tests.utils.TestUtils - Screenshot moved to C:\Users\ingrida.zadorozniene\Desktop\Asm\UZTIS\UZTIS_tests\test-output\screenshots\20250305\134214694_testFillNewDVPApplicationFA().png
2025-03-05 13:47:37 [main] INFO  lt.insoft.uztis.tests.UztisPageTest - Navigated to https://uztisdev.asseco.lt/home
2025-03-05 13:47:38 [main] INFO  l.i.u.t.SubmittedApplicationsPageTest - Starting test:'testFillNewDVPApplicationFA'
2025-03-05 13:47:38 [main] DEBUG l.i.u.t.SubmittedApplicationsPageTest - User logged in with test credentials.
2025-03-05 13:47:38 [main] DEBUG l.i.u.t.SubmittedApplicationsPageTest - Opened 'Application Processing' menu.
2025-03-05 13:47:39 [main] DEBUG l.i.u.t.SubmittedApplicationsPageTest - Clicked on 'Application Forms' menu.
2025-03-05 13:47:39 [main] DEBUG l.i.u.t.SubmittedApplicationsPageTest - Retrieved last description code text: 'TST-DVP-22'.
2025-03-05 13:47:39 [main] DEBUG l.i.u.t.SubmittedApplicationsPageTest - Clicked on 'Invitation' menu.
2025-03-05 13:47:40 [main] DEBUG l.i.u.t.SubmittedApplicationsPageTest - Selected application section by code: 'TST-DVP-22'.
2025-03-05 13:47:40 [main] DEBUG l.i.u.t.SubmittedApplicationsPageTest - Clicked 'Search' button.
2025-03-05 13:47:40 [main] DEBUG l.i.u.t.SubmittedApplicationsPageTest - Retrieved invitation code: ''.
2025-03-05 13:47:40 [main] DEBUG l.i.u.t.SubmittedApplicationsPageTest - Clicked on 'Submitted Applications' menu.
2025-03-05 13:47:41 [main] DEBUG l.i.u.t.SubmittedApplicationsPageTest - Selected invitation by code: 'TST-DVP-22'.
2025-03-05 13:47:41 [main] DEBUG l.i.u.t.SubmittedApplicationsPageTest - Invitation code inserted.
2025-03-05 13:47:42 [main] DEBUG l.i.u.t.SubmittedApplicationsPageTest - Clicked on 'Action Application' button.
2025-03-05 13:47:42 [main] DEBUG l.i.u.t.SubmittedApplicationsPageTest - Clicked on 'New Application' button.
2025-03-05 13:47:42 [main] DEBUG l.i.u.t.SubmittedApplicationsPageTest - Selected the 'RadioButtonFA' option.
2025-03-05 13:47:43 [main] DEBUG l.i.u.t.SubmittedApplicationsPageTest - Entered phone number: '61298745'.
2025-03-05 13:47:43 [main] DEBUG l.i.u.t.SubmittedApplicationsPageTest - Entered email: 'test@autotest.com'.
2025-03-05 13:47:43 [main] DEBUG l.i.u.t.SubmittedApplicationsPageTest - Checked 'For workplace adaptation' checkbox 1.
2025-03-05 13:47:43 [main] DEBUG l.i.u.t.SubmittedApplicationsPageTest - Checked 'For environmental adaptation' checkbox 2.
2025-03-05 13:47:43 [main] INFO  l.i.u.p.SubmittedApplicationsPage - Located the dropdown button.
2025-03-05 13:48:05 [main] INFO  l.i.u.p.SubmittedApplicationsPage - Found 1741 options in the dropdown.
2025-03-05 13:48:05 [main] INFO  l.i.u.p.SubmittedApplicationsPage - Successfully selected the value: '01.11 - Grūdinių (išskyrus ryžius), ankštinių ir aliejingų sėklų augalų auginimas'
2025-03-05 13:48:15 [main] ERROR l.i.u.p.SubmittedApplicationsPage - Failed to close the dropdown with aria-expanded = 'false'. Attempting manual close.
2025-03-05 13:48:15 [main] INFO  l.i.u.p.SubmittedApplicationsPage - Manual close attempt for the dropdown using body click.
2025-03-05 13:48:15 [main] DEBUG l.i.u.t.SubmittedApplicationsPageTest - Selected EVRK value: '01.11 - Grūdinių (išskyrus ryžius), ankštinių ir aliejingų sėklų augalų auginimas'.
2025-03-05 13:48:16 [main] DEBUG l.i.u.t.SubmittedApplicationsPageTest - Clicked on 'Address Component' button.
2025-03-05 13:48:16 [main] INFO  l.i.u.p.SubmittedApplicationsPage - Located the dropdown button.
2025-03-05 13:48:19 [main] INFO  l.i.u.p.SubmittedApplicationsPage - Successfully selected the value: 'Lietuva'
2025-03-05 13:48:19 [main] DEBUG l.i.u.t.SubmittedApplicationsPageTest - Selected country: 'Lietuva'.
2025-03-05 13:48:19 [main] INFO  l.i.u.p.SubmittedApplicationsPage - Located the dropdown search field.
2025-03-05 13:48:19 [main] INFO  l.i.u.p.SubmittedApplicationsPage - Dropdown city is opened.
2025-03-05 13:48:20 [main] INFO  l.i.u.p.SubmittedApplicationsPage - Searched for value: 'Vilnius'
2025-03-05 13:48:20 [main] INFO  l.i.u.p.SubmittedApplicationsPage - Successfully selected: 'Vilnius'
2025-03-05 13:48:21 [main] INFO  l.i.u.p.SubmittedApplicationsPage - Located the dropdown button.
2025-03-05 13:48:21 [main] INFO  l.i.u.p.SubmittedApplicationsPage - Successfully selected the value: 'A. Domaševičiaus g.'
2025-03-05 13:48:21 [main] DEBUG l.i.u.t.SubmittedApplicationsPageTest - Selected street: 'A. Domaševičiaus g.'.
2025-03-05 13:48:21 [main] INFO  l.i.u.p.SubmittedApplicationsPage - Located the dropdown button.
2025-03-05 13:48:22 [main] INFO  l.i.u.p.SubmittedApplicationsPage - Successfully selected the value: '1'
2025-03-05 13:48:22 [main] DEBUG l.i.u.t.SubmittedApplicationsPageTest - Selected house: '1'.
2025-03-05 13:48:22 [main] INFO  l.i.u.p.SubmittedApplicationsPage - Located the dropdown button.
2025-03-05 13:48:23 [main] INFO  l.i.u.p.SubmittedApplicationsPage - Successfully selected the value: '1'
2025-03-05 13:48:23 [main] DEBUG l.i.u.t.SubmittedApplicationsPageTest - Selected apartment: '1'.
2025-03-05 13:48:23 [main] DEBUG l.i.u.t.SubmittedApplicationsPageTest - Clicked 'Confirm' button.
2025-03-05 13:48:23 [main] DEBUG l.i.u.t.SubmittedApplicationsPageTest - Selected 'For already working' option.
2025-03-05 13:48:23 [main] DEBUG l.i.u.t.SubmittedApplicationsPageTest - Entered person count1: '1'.
2025-03-05 13:48:24 [main] DEBUG l.i.u.t.SubmittedApplicationsPageTest - Selected 'For new working' option.
2025-03-05 13:48:24 [main] DEBUG l.i.u.t.SubmittedApplicationsPageTest - Entered person count2: '1'.
2025-03-05 13:48:24 [main] DEBUG l.i.u.t.SubmittedApplicationsPageTest - Clicked 'Next' button after checkboxes.
2025-03-05 13:48:24 [main] INFO  l.i.u.p.SubmittedApplicationsPage - Located the dropdown button.
2025-03-05 13:48:25 [main] INFO  l.i.u.p.SubmittedApplicationsPage - Successfully selected the value: 'Administratoriai'
2025-03-05 13:48:55 [main] ERROR l.i.u.p.SubmittedApplicationsPage - Timeout while waiting for dropdown to close with aria-expanded = 'false'.
2025-03-05 13:48:55 [main] DEBUG l.i.u.t.SubmittedApplicationsPageTest - Selected adaptable job name: 'Administratoriai'.
2025-03-05 13:48:55 [main] DEBUG l.i.u.t.SubmittedApplicationsPageTest - Entered job date.
2025-03-05 13:48:55 [main] DEBUG l.i.u.t.SubmittedApplicationsPageTest - Entered job function: 'Funkcija 1'.
2025-03-05 13:48:56 [main] DEBUG l.i.u.t.SubmittedApplicationsPageTest - Selected 'For already working' 'no' option.
2025-03-05 13:48:56 [main] INFO  l.i.u.p.SubmittedApplicationsPage - Clicking on the dropdown button.
2025-03-05 13:48:56 [main] INFO  l.i.u.p.SubmittedApplicationsPage - Found 6 options in the dropdown.
2025-03-05 13:48:56 [main] DEBUG l.i.u.p.SubmittedApplicationsPage - Checking option: 'Lengvo neįgalumo lygis ar 45-55 procentų dalyvumo lygis (iki 2023 m. gruodžio 31 d. – 45-55 procentų darbingumo lygis)'
2025-03-05 13:48:56 [main] DEBUG l.i.u.p.SubmittedApplicationsPage - Checking option: 'Lengvo neįgalumo lygis ar 45-55 procentų dalyvumo lygis (iki 2023 m. gruodžio 31 d. – 45-55 procentų darbingumo lygis)'
2025-03-05 13:48:56 [main] DEBUG l.i.u.p.SubmittedApplicationsPage - Checking option: 'Sunkaus neįgalumo lygis ar neviršijantis 25 procentų dalyvumo lygis (iki 2023 metų gruodžio 31 dienos – iki 25 procentų darbingumo lygis)'
2025-03-05 13:48:56 [main] INFO  l.i.u.p.SubmittedApplicationsPage - Successfully selected the value: 'Sunkaus neįgalumo lygis ar neviršijantis 25 procentų dalyvumo lygis (iki 2023 metų gruodžio 31 dienos – iki 25 procentų darbingumo lygis)'
2025-03-05 13:48:56 [main] INFO  l.i.u.p.SubmittedApplicationsPage - Attempting to close the dropdown.
2025-03-05 13:49:07 [main] INFO  l.i.u.p.SubmittedApplicationsPage - Dropdown should be closed now.
2025-03-05 13:49:07 [main] DEBUG l.i.u.t.SubmittedApplicationsPageTest - Selected disabilities type: 'Sunkaus neįgalumo lygis ar neviršijantis 25 procentų dalyvumo lygis (iki 2023 metų gruodžio 31 dienos – iki 25 procentų darbingumo lygis)'.
2025-03-05 13:49:07 [main] DEBUG l.i.u.t.SubmittedApplicationsPageTest - Entered disability information: 'Negalia 1'.
2025-03-05 13:49:07 [main] DEBUG l.i.u.t.SubmittedApplicationsPageTest - Entered qualification: 'Kvalifikacija 1'.
2025-03-05 13:49:07 [main] DEBUG l.i.u.t.SubmittedApplicationsPageTest - Entered job description: 'Darbo vietos aprašymas 1'.
2025-03-05 13:49:07 [main] DEBUG l.i.u.t.SubmittedApplicationsPageTest - Entered equipment description: 'Priemonių įsigyjimas 1'.
2025-03-05 13:49:08 [main] DEBUG l.i.u.t.SubmittedApplicationsPageTest - Entered work information: 'Darbai 1'.
2025-03-05 13:49:08 [main] INFO  l.i.u.p.SubmittedApplicationsPage - Located the dropdown button.
2025-03-05 13:49:08 [main] INFO  l.i.u.p.SubmittedApplicationsPage - Successfully selected the value: 'Kita'
2025-03-05 13:49:08 [main] DEBUG l.i.u.t.SubmittedApplicationsPageTest - Selected time mode: 'Kita'.
2025-03-05 13:49:08 [main] DEBUG l.i.u.t.SubmittedApplicationsPageTest - Selected time mode other: '6 val. per dieną ir 4 d. per savaitę'.
2025-03-05 13:49:08 [main] DEBUG l.i.u.t.SubmittedApplicationsPageTest - Entered salary amount: '1200'.
2025-03-05 13:49:08 [main] DEBUG l.i.u.t.SubmittedApplicationsPageTest - Selected 'Temporary Job' radio button.
2025-03-05 13:49:08 [main] DEBUG l.i.u.t.SubmittedApplicationsPageTest - Selected 'Season Job' radio button.
2025-03-05 13:49:09 [main] DEBUG l.i.u.t.SubmittedApplicationsPageTest - Selected 'PVM' radio button.
2025-03-05 13:49:09 [main] INFO  l.i.u.p.SubmittedApplicationsPage - Located the dropdown button.
2025-03-05 13:49:09 [main] INFO  l.i.u.p.SubmittedApplicationsPage - Successfully selected the value: 'Darbo vietos pritaikymui'
2025-03-05 13:49:09 [main] DEBUG l.i.u.t.SubmittedApplicationsPageTest - Selected adaptable job name: 'Darbo vietos pritaikymui'.
2025-03-05 13:49:29 [main] ERROR l.i.u.t.SubmittedApplicationsPageTest - Test 'testFillNewDVPApplicationFA' failed with error: Expected condition failed: waiting for element to be clickable: Proxy element for: DefaultElementLocator 'By.xpath: //mat-select[contains(@class, 'mat-select')]' (tried for 10 second(s) with 500 milliseconds interval)
org.openqa.selenium.TimeoutException: Expected condition failed: waiting for element to be clickable: Proxy element for: DefaultElementLocator 'By.xpath: //mat-select[contains(@class, 'mat-select')]' (tried for 10 second(s) with 500 milliseconds interval)
	at org.openqa.selenium.support.ui.WebDriverWait.timeoutException(WebDriverWait.java:84)
	at org.openqa.selenium.support.ui.FluentWait.until(FluentWait.java:228)
	at lt.insoft.uztis.pages.SubmittedApplicationsPage.selectDropdownNecessaryForJobOne_DVP(SubmittedApplicationsPage.java:1309)
	at lt.insoft.uztis.tests.SubmittedApplicationsPageTest.testFillNewDVPApplicationFA(SubmittedApplicationsPageTest.java:706)
	at java.base/jdk.internal.reflect.DirectMethodHandleAccessor.invoke(DirectMethodHandleAccessor.java:103)
	at java.base/java.lang.reflect.Method.invoke(Method.java:580)
	at org.junit.platform.commons.util.ReflectionUtils.invokeMethod(ReflectionUtils.java:728)
	at org.junit.jupiter.engine.execution.MethodInvocation.proceed(MethodInvocation.java:60)
	at org.junit.jupiter.engine.execution.InvocationInterceptorChain$ValidatingInvocation.proceed(InvocationInterceptorChain.java:131)
	at org.junit.jupiter.engine.extension.TimeoutExtension.intercept(TimeoutExtension.java:156)
	at org.junit.jupiter.engine.extension.TimeoutExtension.interceptTestableMethod(TimeoutExtension.java:147)
	at org.junit.jupiter.engine.extension.TimeoutExtension.interceptTestMethod(TimeoutExtension.java:86)
	at org.junit.jupiter.engine.execution.InterceptingExecutableInvoker$ReflectiveInterceptorCall.lambda$ofVoidMethod$0(InterceptingExecutableInvoker.java:103)
	at org.junit.jupiter.engine.execution.InterceptingExecutableInvoker.lambda$invoke$0(InterceptingExecutableInvoker.java:93)
	at org.junit.jupiter.engine.execution.InvocationInterceptorChain$InterceptedInvocation.proceed(InvocationInterceptorChain.java:106)
	at org.junit.jupiter.engine.execution.InvocationInterceptorChain.proceed(InvocationInterceptorChain.java:64)
	at org.junit.jupiter.engine.execution.InvocationInterceptorChain.chainAndInvoke(InvocationInterceptorChain.java:45)
	at org.junit.jupiter.engine.execution.InvocationInterceptorChain.invoke(InvocationInterceptorChain.java:37)
	at org.junit.jupiter.engine.execution.InterceptingExecutableInvoker.invoke(InterceptingExecutableInvoker.java:92)
	at org.junit.jupiter.engine.execution.InterceptingExecutableInvoker.invoke(InterceptingExecutableInvoker.java:86)
	at org.junit.jupiter.engine.descriptor.TestMethodTestDescriptor.lambda$invokeTestMethod$7(TestMethodTestDescriptor.java:218)
	at org.junit.platform.engine.support.hierarchical.ThrowableCollector.execute(ThrowableCollector.java:73)
	at org.junit.jupiter.engine.descriptor.TestMethodTestDescriptor.invokeTestMethod(TestMethodTestDescriptor.java:214)
	at org.junit.jupiter.engine.descriptor.TestMethodTestDescriptor.execute(TestMethodTestDescriptor.java:139)
	at org.junit.jupiter.engine.descriptor.TestMethodTestDescriptor.execute(TestMethodTestDescriptor.java:69)
	at org.junit.platform.engine.support.hierarchical.NodeTestTask.lambda$executeRecursively$6(NodeTestTask.java:151)
	at org.junit.platform.engine.support.hierarchical.ThrowableCollector.execute(ThrowableCollector.java:73)
	at org.junit.platform.engine.support.hierarchical.NodeTestTask.lambda$executeRecursively$8(NodeTestTask.java:141)
	at org.junit.platform.engine.support.hierarchical.Node.around(Node.java:137)
	at org.junit.platform.engine.support.hierarchical.NodeTestTask.lambda$executeRecursively$9(NodeTestTask.java:139)
	at org.junit.platform.engine.support.hierarchical.ThrowableCollector.execute(ThrowableCollector.java:73)
	at org.junit.platform.engine.support.hierarchical.NodeTestTask.executeRecursively(NodeTestTask.java:138)
	at org.junit.platform.engine.support.hierarchical.NodeTestTask.execute(NodeTestTask.java:95)
	at java.base/java.util.ArrayList.forEach(ArrayList.java:1596)
	at org.junit.platform.engine.support.hierarchical.SameThreadHierarchicalTestExecutorService.invokeAll(SameThreadHierarchicalTestExecutorService.java:41)
	at org.junit.platform.engine.support.hierarchical.NodeTestTask.lambda$executeRecursively$6(NodeTestTask.java:155)
	at org.junit.platform.engine.support.hierarchical.ThrowableCollector.execute(ThrowableCollector.java:73)
	at org.junit.platform.engine.support.hierarchical.NodeTestTask.lambda$executeRecursively$8(NodeTestTask.java:141)
	at org.junit.platform.engine.support.hierarchical.Node.around(Node.java:137)
	at org.junit.platform.engine.support.hierarchical.NodeTestTask.lambda$executeRecursively$9(NodeTestTask.java:139)
	at org.junit.platform.engine.support.hierarchical.ThrowableCollector.execute(ThrowableCollector.java:73)
	at org.junit.platform.engine.support.hierarchical.NodeTestTask.executeRecursively(NodeTestTask.java:138)
	at org.junit.platform.engine.support.hierarchical.NodeTestTask.execute(NodeTestTask.java:95)
	at java.base/java.util.ArrayList.forEach(ArrayList.java:1596)
	at org.junit.platform.engine.support.hierarchical.SameThreadHierarchicalTestExecutorService.invokeAll(SameThreadHierarchicalTestExecutorService.java:41)
	at org.junit.platform.engine.support.hierarchical.NodeTestTask.lambda$executeRecursively$6(NodeTestTask.java:155)
	at org.junit.platform.engine.support.hierarchical.ThrowableCollector.execute(ThrowableCollector.java:73)
	at org.junit.platform.engine.support.hierarchical.NodeTestTask.lambda$executeRecursively$8(NodeTestTask.java:141)
	at org.junit.platform.engine.support.hierarchical.Node.around(Node.java:137)
	at org.junit.platform.engine.support.hierarchical.NodeTestTask.lambda$executeRecursively$9(NodeTestTask.java:139)
	at org.junit.platform.engine.support.hierarchical.ThrowableCollector.execute(ThrowableCollector.java:73)
	at org.junit.platform.engine.support.hierarchical.NodeTestTask.executeRecursively(NodeTestTask.java:138)
	at org.junit.platform.engine.support.hierarchical.NodeTestTask.execute(NodeTestTask.java:95)
	at org.junit.platform.engine.support.hierarchical.SameThreadHierarchicalTestExecutorService.submit(SameThreadHierarchicalTestExecutorService.java:35)
	at org.junit.platform.engine.support.hierarchical.HierarchicalTestExecutor.execute(HierarchicalTestExecutor.java:57)
	at org.junit.platform.engine.support.hierarchical.HierarchicalTestEngine.execute(HierarchicalTestEngine.java:54)
	at org.junit.platform.launcher.core.EngineExecutionOrchestrator.execute(EngineExecutionOrchestrator.java:198)
	at org.junit.platform.launcher.core.EngineExecutionOrchestrator.execute(EngineExecutionOrchestrator.java:169)
	at org.junit.platform.launcher.core.EngineExecutionOrchestrator.execute(EngineExecutionOrchestrator.java:93)
	at org.junit.platform.launcher.core.EngineExecutionOrchestrator.lambda$execute$0(EngineExecutionOrchestrator.java:58)
	at org.junit.platform.launcher.core.EngineExecutionOrchestrator.withInterceptedStreams(EngineExecutionOrchestrator.java:141)
	at org.junit.platform.launcher.core.EngineExecutionOrchestrator.execute(EngineExecutionOrchestrator.java:57)
	at org.junit.platform.launcher.core.DefaultLauncher.execute(DefaultLauncher.java:103)
	at org.junit.platform.launcher.core.DefaultLauncher.execute(DefaultLauncher.java:85)
	at org.junit.platform.launcher.core.DelegatingLauncher.execute(DelegatingLauncher.java:47)
	at org.junit.platform.launcher.core.SessionPerRequestLauncher.execute(SessionPerRequestLauncher.java:63)
	at com.intellij.junit5.JUnit5IdeaTestRunner.startRunnerWithArgs(JUnit5IdeaTestRunner.java:57)
	at com.intellij.rt.junit.IdeaTestRunner$Repeater$1.execute(IdeaTestRunner.java:38)
	at com.intellij.rt.execution.junit.TestsRepeater.repeat(TestsRepeater.java:11)
	at com.intellij.rt.junit.IdeaTestRunner$Repeater.startRunnerWithArgs(IdeaTestRunner.java:35)
	at com.intellij.rt.junit.JUnitStarter.prepareStreamsAndStart(JUnitStarter.java:232)
	at com.intellij.rt.junit.JUnitStarter.main(JUnitStarter.java:55)
Caused by: org.openqa.selenium.NoSuchElementException: no such element: Unable to locate element: {"method":"xpath","selector":"//mat-select[contains(@class, 'mat-select')]"}
  (Session info: chrome=133.0.6943.142)
For documentation on this error, please visit: https://www.selenium.dev/documentation/webdriver/troubleshooting/errors#no-such-element-exception
Build info: version: '4.27.0', revision: 'd6e718d134'
System info: os.name: 'Windows 11', os.arch: 'amd64', os.version: '10.0', java.version: '21.0.3'
Driver info: org.openqa.selenium.chrome.ChromeDriver
Command: [150822fb5fecf87d8ff0f259d44b217c, findElement {value=//mat-select[contains(@class, 'mat-select')], using=xpath}]
Capabilities {acceptInsecureCerts: false, browserName: chrome, browserVersion: 133.0.6943.142, chrome: {chromedriverVersion: 133.0.6943.141 (2a5d6da0d61..., userDataDir: C:\Users\INGRID~1.ZAD\AppDa...}, fedcm:accounts: true, goog:chromeOptions: {debuggerAddress: localhost:61745}, networkConnectionEnabled: false, pageLoadStrategy: normal, platformName: windows, proxy: Proxy(), se:cdp: ws://localhost:61745/devtoo..., se:cdpVersion: 133.0.6943.142, setWindowRect: true, strictFileInteractability: false, timeouts: {implicit: 0, pageLoad: 300000, script: 30000}, unhandledPromptBehavior: dismiss and notify, webauthn:extension:credBlob: true, webauthn:extension:largeBlob: true, webauthn:extension:minPinLength: true, webauthn:extension:prf: true, webauthn:virtualAuthenticators: true}
Session ID: 150822fb5fecf87d8ff0f259d44b217c
	at java.base/jdk.internal.reflect.DirectConstructorHandleAccessor.newInstance(DirectConstructorHandleAccessor.java:62)
	at java.base/java.lang.reflect.Constructor.newInstanceWithCaller(Constructor.java:502)
	at java.base/java.lang.reflect.Constructor.newInstance(Constructor.java:486)
	at org.openqa.selenium.remote.ErrorCodec.decode(ErrorCodec.java:167)
	at org.openqa.selenium.remote.codec.w3c.W3CHttpResponseCodec.decode(W3CHttpResponseCodec.java:138)
	at org.openqa.selenium.remote.codec.w3c.W3CHttpResponseCodec.decode(W3CHttpResponseCodec.java:50)
	at org.openqa.selenium.remote.HttpCommandExecutor.execute(HttpCommandExecutor.java:190)
	at org.openqa.selenium.remote.service.DriverCommandExecutor.invokeExecute(DriverCommandExecutor.java:216)
	at org.openqa.selenium.remote.service.DriverCommandExecutor.execute(DriverCommandExecutor.java:174)
	at org.openqa.selenium.remote.RemoteWebDriver.execute(RemoteWebDriver.java:545)
	at org.openqa.selenium.remote.ElementLocation$ElementFinder$2.findElement(ElementLocation.java:165)
	at org.openqa.selenium.remote.ElementLocation.findElement(ElementLocation.java:59)
	at org.openqa.selenium.remote.RemoteWebDriver.findElement(RemoteWebDriver.java:368)
	at org.openqa.selenium.remote.RemoteWebDriver.findElement(RemoteWebDriver.java:362)
	at org.openqa.selenium.support.pagefactory.DefaultElementLocator.findElement(DefaultElementLocator.java:68)
	at org.openqa.selenium.support.pagefactory.internal.LocatingElementHandler.invoke(LocatingElementHandler.java:38)
	at jdk.proxy2/jdk.proxy2.$Proxy14.isDisplayed(Unknown Source)
	at org.openqa.selenium.support.ui.ExpectedConditions.elementIfVisible(ExpectedConditions.java:304)
	at org.openqa.selenium.support.ui.ExpectedConditions$10.apply(ExpectedConditions.java:290)
	at org.openqa.selenium.support.ui.ExpectedConditions$10.apply(ExpectedConditions.java:287)
	at org.openqa.selenium.support.ui.ExpectedConditions$23.apply(ExpectedConditions.java:656)
	at org.openqa.selenium.support.ui.ExpectedConditions$23.apply(ExpectedConditions.java:652)
	at org.openqa.selenium.support.ui.FluentWait.until(FluentWait.java:203)
	... 70 common frames omitted
2025-03-05 13:49:29 [main] INFO  l.insoft.uztis.tests.utils.TestUtils - Screenshot moved to C:\Users\ingrida.zadorozniene\Desktop\Asm\UZTIS\UZTIS_tests\test-output\screenshots\20250305\134929643_testFillNewDVPApplicationFA().png
2025-03-05 13:50:43 [main] INFO  lt.insoft.uztis.tests.UztisPageTest - Navigated to https://uztisdev.asseco.lt/home
2025-03-05 13:50:43 [main] INFO  l.i.u.t.SubmittedApplicationsPageTest - Starting test:'testFillNewDVPApplicationFA'
2025-03-05 13:50:43 [main] DEBUG l.i.u.t.SubmittedApplicationsPageTest - User logged in with test credentials.
2025-03-05 13:50:44 [main] DEBUG l.i.u.t.SubmittedApplicationsPageTest - Opened 'Application Processing' menu.
2025-03-05 13:50:44 [main] DEBUG l.i.u.t.SubmittedApplicationsPageTest - Clicked on 'Application Forms' menu.
2025-03-05 13:50:44 [main] DEBUG l.i.u.t.SubmittedApplicationsPageTest - Retrieved last description code text: 'TST-DVP-22'.
2025-03-05 13:50:44 [main] DEBUG l.i.u.t.SubmittedApplicationsPageTest - Clicked on 'Invitation' menu.
2025-03-05 13:50:45 [main] DEBUG l.i.u.t.SubmittedApplicationsPageTest - Selected application section by code: 'TST-DVP-22'.
2025-03-05 13:50:45 [main] DEBUG l.i.u.t.SubmittedApplicationsPageTest - Clicked 'Search' button.
2025-03-05 13:50:45 [main] DEBUG l.i.u.t.SubmittedApplicationsPageTest - Retrieved invitation code: ''.
2025-03-05 13:50:45 [main] DEBUG l.i.u.t.SubmittedApplicationsPageTest - Clicked on 'Submitted Applications' menu.
2025-03-05 13:50:47 [main] DEBUG l.i.u.t.SubmittedApplicationsPageTest - Selected invitation by code: 'TST-DVP-22'.
2025-03-05 13:50:47 [main] DEBUG l.i.u.t.SubmittedApplicationsPageTest - Invitation code inserted.
2025-03-05 13:50:47 [main] DEBUG l.i.u.t.SubmittedApplicationsPageTest - Clicked on 'Action Application' button.
2025-03-05 13:50:47 [main] DEBUG l.i.u.t.SubmittedApplicationsPageTest - Clicked on 'New Application' button.
2025-03-05 13:50:48 [main] DEBUG l.i.u.t.SubmittedApplicationsPageTest - Selected the 'RadioButtonFA' option.
2025-03-05 13:50:48 [main] DEBUG l.i.u.t.SubmittedApplicationsPageTest - Entered phone number: '61298745'.
2025-03-05 13:50:48 [main] DEBUG l.i.u.t.SubmittedApplicationsPageTest - Entered email: 'test@autotest.com'.
2025-03-05 13:50:48 [main] DEBUG l.i.u.t.SubmittedApplicationsPageTest - Checked 'For workplace adaptation' checkbox 1.
2025-03-05 13:50:48 [main] DEBUG l.i.u.t.SubmittedApplicationsPageTest - Checked 'For environmental adaptation' checkbox 2.
2025-03-05 13:50:48 [main] INFO  l.i.u.p.SubmittedApplicationsPage - Located the dropdown button.
2025-03-05 13:51:10 [main] INFO  l.i.u.p.SubmittedApplicationsPage - Found 1741 options in the dropdown.
2025-03-05 13:51:10 [main] INFO  l.i.u.p.SubmittedApplicationsPage - Successfully selected the value: '01.11 - Grūdinių (išskyrus ryžius), ankštinių ir aliejingų sėklų augalų auginimas'
2025-03-05 13:51:20 [main] ERROR l.i.u.p.SubmittedApplicationsPage - Failed to close the dropdown with aria-expanded = 'false'. Attempting manual close.
2025-03-05 13:51:20 [main] INFO  l.i.u.p.SubmittedApplicationsPage - Manual close attempt for the dropdown using body click.
2025-03-05 13:51:20 [main] DEBUG l.i.u.t.SubmittedApplicationsPageTest - Selected EVRK value: '01.11 - Grūdinių (išskyrus ryžius), ankštinių ir aliejingų sėklų augalų auginimas'.
2025-03-05 13:51:21 [main] DEBUG l.i.u.t.SubmittedApplicationsPageTest - Clicked on 'Address Component' button.
2025-03-05 13:51:21 [main] INFO  l.i.u.p.SubmittedApplicationsPage - Located the dropdown button.
2025-03-05 13:51:24 [main] INFO  l.i.u.p.SubmittedApplicationsPage - Successfully selected the value: 'Lietuva'
2025-03-05 13:51:24 [main] DEBUG l.i.u.t.SubmittedApplicationsPageTest - Selected country: 'Lietuva'.
2025-03-05 13:51:24 [main] INFO  l.i.u.p.SubmittedApplicationsPage - Located the dropdown search field.
2025-03-05 13:51:24 [main] INFO  l.i.u.p.SubmittedApplicationsPage - Dropdown city is opened.
2025-03-05 13:51:24 [main] INFO  l.i.u.p.SubmittedApplicationsPage - Searched for value: 'Vilnius'
2025-03-05 13:51:25 [main] INFO  l.i.u.p.SubmittedApplicationsPage - Successfully selected: 'Vilnius'
2025-03-05 13:51:25 [main] INFO  l.i.u.p.SubmittedApplicationsPage - Located the dropdown button.
2025-03-05 13:51:26 [main] INFO  l.i.u.p.SubmittedApplicationsPage - Successfully selected the value: 'A. Domaševičiaus g.'
2025-03-05 13:51:26 [main] DEBUG l.i.u.t.SubmittedApplicationsPageTest - Selected street: 'A. Domaševičiaus g.'.
2025-03-05 13:51:26 [main] INFO  l.i.u.p.SubmittedApplicationsPage - Located the dropdown button.
2025-03-05 13:51:26 [main] INFO  l.i.u.p.SubmittedApplicationsPage - Successfully selected the value: '1'
2025-03-05 13:51:26 [main] DEBUG l.i.u.t.SubmittedApplicationsPageTest - Selected house: '1'.
2025-03-05 13:51:26 [main] INFO  l.i.u.p.SubmittedApplicationsPage - Located the dropdown button.
2025-03-05 13:51:27 [main] INFO  l.i.u.p.SubmittedApplicationsPage - Successfully selected the value: '1'
2025-03-05 13:51:27 [main] DEBUG l.i.u.t.SubmittedApplicationsPageTest - Selected apartment: '1'.
2025-03-05 13:51:27 [main] DEBUG l.i.u.t.SubmittedApplicationsPageTest - Clicked 'Confirm' button.
2025-03-05 13:51:27 [main] DEBUG l.i.u.t.SubmittedApplicationsPageTest - Selected 'For already working' option.
2025-03-05 13:51:28 [main] DEBUG l.i.u.t.SubmittedApplicationsPageTest - Entered person count1: '1'.
2025-03-05 13:51:28 [main] DEBUG l.i.u.t.SubmittedApplicationsPageTest - Selected 'For new working' option.
2025-03-05 13:51:28 [main] DEBUG l.i.u.t.SubmittedApplicationsPageTest - Entered person count2: '1'.
2025-03-05 13:51:28 [main] DEBUG l.i.u.t.SubmittedApplicationsPageTest - Clicked 'Next' button after checkboxes.
2025-03-05 13:51:28 [main] INFO  l.i.u.p.SubmittedApplicationsPage - Located the dropdown button.
2025-03-05 13:51:29 [main] INFO  l.i.u.p.SubmittedApplicationsPage - Successfully selected the value: 'Administratoriai'
2025-03-05 13:51:59 [main] ERROR l.i.u.p.SubmittedApplicationsPage - Timeout while waiting for dropdown to close with aria-expanded = 'false'.
2025-03-05 13:51:59 [main] DEBUG l.i.u.t.SubmittedApplicationsPageTest - Selected adaptable job name: 'Administratoriai'.
2025-03-05 13:51:59 [main] DEBUG l.i.u.t.SubmittedApplicationsPageTest - Entered job date.
2025-03-05 13:52:00 [main] DEBUG l.i.u.t.SubmittedApplicationsPageTest - Entered job function: 'Funkcija 1'.
2025-03-05 13:52:00 [main] DEBUG l.i.u.t.SubmittedApplicationsPageTest - Selected 'For already working' 'no' option.
2025-03-05 13:52:00 [main] INFO  l.i.u.p.SubmittedApplicationsPage - Clicking on the dropdown button.
2025-03-05 13:52:00 [main] INFO  l.i.u.p.SubmittedApplicationsPage - Found 6 options in the dropdown.
2025-03-05 13:52:00 [main] DEBUG l.i.u.p.SubmittedApplicationsPage - Checking option: 'Lengvo neįgalumo lygis ar 45-55 procentų dalyvumo lygis (iki 2023 m. gruodžio 31 d. – 45-55 procentų darbingumo lygis)'
2025-03-05 13:52:00 [main] DEBUG l.i.u.p.SubmittedApplicationsPage - Checking option: 'Lengvo neįgalumo lygis ar 45-55 procentų dalyvumo lygis (iki 2023 m. gruodžio 31 d. – 45-55 procentų darbingumo lygis)'
2025-03-05 13:52:00 [main] DEBUG l.i.u.p.SubmittedApplicationsPage - Checking option: 'Sunkaus neįgalumo lygis ar neviršijantis 25 procentų dalyvumo lygis (iki 2023 metų gruodžio 31 dienos – iki 25 procentų darbingumo lygis)'
2025-03-05 13:52:00 [main] INFO  l.i.u.p.SubmittedApplicationsPage - Successfully selected the value: 'Sunkaus neįgalumo lygis ar neviršijantis 25 procentų dalyvumo lygis (iki 2023 metų gruodžio 31 dienos – iki 25 procentų darbingumo lygis)'
2025-03-05 13:52:00 [main] INFO  l.i.u.p.SubmittedApplicationsPage - Attempting to close the dropdown.
2025-03-05 13:52:11 [main] INFO  l.i.u.p.SubmittedApplicationsPage - Dropdown should be closed now.
2025-03-05 13:52:11 [main] DEBUG l.i.u.t.SubmittedApplicationsPageTest - Selected disabilities type: 'Sunkaus neįgalumo lygis ar neviršijantis 25 procentų dalyvumo lygis (iki 2023 metų gruodžio 31 dienos – iki 25 procentų darbingumo lygis)'.
2025-03-05 13:52:11 [main] DEBUG l.i.u.t.SubmittedApplicationsPageTest - Entered disability information: 'Negalia 1'.
2025-03-05 13:52:11 [main] DEBUG l.i.u.t.SubmittedApplicationsPageTest - Entered qualification: 'Kvalifikacija 1'.
2025-03-05 13:52:11 [main] DEBUG l.i.u.t.SubmittedApplicationsPageTest - Entered job description: 'Darbo vietos aprašymas 1'.
2025-03-05 13:52:11 [main] DEBUG l.i.u.t.SubmittedApplicationsPageTest - Entered equipment description: 'Priemonių įsigyjimas 1'.
2025-03-05 13:52:12 [main] DEBUG l.i.u.t.SubmittedApplicationsPageTest - Entered work information: 'Darbai 1'.
2025-03-05 13:52:12 [main] INFO  l.i.u.p.SubmittedApplicationsPage - Located the dropdown button.
2025-03-05 13:52:12 [main] INFO  l.i.u.p.SubmittedApplicationsPage - Successfully selected the value: 'Kita'
2025-03-05 13:52:12 [main] DEBUG l.i.u.t.SubmittedApplicationsPageTest - Selected time mode: 'Kita'.
2025-03-05 13:52:12 [main] DEBUG l.i.u.t.SubmittedApplicationsPageTest - Selected time mode other: '6 val. per dieną ir 4 d. per savaitę'.
2025-03-05 13:52:12 [main] DEBUG l.i.u.t.SubmittedApplicationsPageTest - Entered salary amount: '1200'.
2025-03-05 13:52:12 [main] DEBUG l.i.u.t.SubmittedApplicationsPageTest - Selected 'Temporary Job' radio button.
2025-03-05 13:52:12 [main] DEBUG l.i.u.t.SubmittedApplicationsPageTest - Selected 'Season Job' radio button.
2025-03-05 13:52:13 [main] DEBUG l.i.u.t.SubmittedApplicationsPageTest - Selected 'PVM' radio button.
2025-03-05 13:52:13 [main] INFO  l.i.u.p.SubmittedApplicationsPage - Located the dropdown button.
2025-03-05 13:52:13 [main] INFO  l.i.u.p.SubmittedApplicationsPage - Successfully selected the value: 'Darbo vietos pritaikymui'
2025-03-05 13:52:13 [main] DEBUG l.i.u.t.SubmittedApplicationsPageTest - Selected adaptable job name: 'Darbo vietos pritaikymui'.
2025-03-05 13:52:13 [main] DEBUG l.i.u.p.SubmittedApplicationsPage - Located the dropdown button 'Reikalinga'.
2025-03-05 13:52:14 [main] WARN  l.i.u.p.SubmittedApplicationsPage - Dropdown value 'Įsigyti' not found.
2025-03-05 13:52:24 [main] ERROR l.i.u.p.SubmittedApplicationsPage - Timeout while waiting for dropdown to close with aria-expanded = 'false'.
2025-03-05 13:52:24 [main] DEBUG l.i.u.t.SubmittedApplicationsPageTest - Selected necessary for job: 'Įsigyti'.
2025-03-05 13:52:24 [main] DEBUG l.i.u.t.SubmittedApplicationsPageTest - Selected tool: 'Darbo priemonė 1'.
2025-03-05 13:52:24 [main] DEBUG l.i.u.t.SubmittedApplicationsPageTest - Selected tool parameter one: 'Darbo priemonės 1 parametras 1'.
2025-03-05 13:52:24 [main] DEBUG l.i.u.t.SubmittedApplicationsPageTest - Selected tool parameter two: 'Darbo priemonės 1 parametras 2'.
2025-03-05 13:52:24 [main] DEBUG l.i.u.t.SubmittedApplicationsPageTest - Selected tool parameter three: 'Darbo priemonės 1 parametras 3'.
2025-03-05 13:52:25 [main] DEBUG l.i.u.t.SubmittedApplicationsPageTest - Entered tool count: '1'.
2025-03-05 13:52:25 [main] DEBUG l.i.u.t.SubmittedApplicationsPageTest - Entered price amount: '1000'.
2025-03-05 13:52:25 [main] DEBUG l.i.u.t.SubmittedApplicationsPageTest - Entered own funds amount: '800'.
2025-03-05 13:52:26 [main] ERROR l.i.u.t.SubmittedApplicationsPageTest - Test 'testFillNewDVPApplicationFA' failed with error: element click intercepted: Element <input type="radio" class="mdc-radio__native-control" id="mat-radio-14-input" name="mat-radio-group-7" value="true" tabindex="0"> is not clickable at point (360, 993). Other element would receive the click: <div class="cdk-overlay-backdrop cdk-overlay-transparent-backdrop cdk-overlay-backdrop-showing"></div>
  (Session info: chrome=133.0.6943.142)
Build info: version: '4.27.0', revision: 'd6e718d134'
System info: os.name: 'Windows 11', os.arch: 'amd64', os.version: '10.0', java.version: '21.0.3'
Driver info: org.openqa.selenium.chrome.ChromeDriver
Command: [38a96a14160d00d2f806701c8cc1a118, clickElement {id=f.392BE545B91163619C41B2DA78D70839.d.5D53BF9C764EA13053D8D39EA9A8B2A3.e.2414}]
Capabilities {acceptInsecureCerts: false, browserName: chrome, browserVersion: 133.0.6943.142, chrome: {chromedriverVersion: 133.0.6943.141 (2a5d6da0d61..., userDataDir: C:\Users\INGRID~1.ZAD\AppDa...}, fedcm:accounts: true, goog:chromeOptions: {debuggerAddress: localhost:61960}, networkConnectionEnabled: false, pageLoadStrategy: normal, platformName: windows, proxy: Proxy(), se:cdp: ws://localhost:61960/devtoo..., se:cdpVersion: 133.0.6943.142, setWindowRect: true, strictFileInteractability: false, timeouts: {implicit: 0, pageLoad: 300000, script: 30000}, unhandledPromptBehavior: dismiss and notify, webauthn:extension:credBlob: true, webauthn:extension:largeBlob: true, webauthn:extension:minPinLength: true, webauthn:extension:prf: true, webauthn:virtualAuthenticators: true}
Element: [[ChromeDriver: chrome on windows (38a96a14160d00d2f806701c8cc1a118)] -> xpath: (//input[@type='radio' and @value='true'])[7]]
Session ID: 38a96a14160d00d2f806701c8cc1a118
org.openqa.selenium.ElementClickInterceptedException: element click intercepted: Element <input type="radio" class="mdc-radio__native-control" id="mat-radio-14-input" name="mat-radio-group-7" value="true" tabindex="0"> is not clickable at point (360, 993). Other element would receive the click: <div class="cdk-overlay-backdrop cdk-overlay-transparent-backdrop cdk-overlay-backdrop-showing"></div>
  (Session info: chrome=133.0.6943.142)
Build info: version: '4.27.0', revision: 'd6e718d134'
System info: os.name: 'Windows 11', os.arch: 'amd64', os.version: '10.0', java.version: '21.0.3'
Driver info: org.openqa.selenium.chrome.ChromeDriver
Command: [38a96a14160d00d2f806701c8cc1a118, clickElement {id=f.392BE545B91163619C41B2DA78D70839.d.5D53BF9C764EA13053D8D39EA9A8B2A3.e.2414}]
Capabilities {acceptInsecureCerts: false, browserName: chrome, browserVersion: 133.0.6943.142, chrome: {chromedriverVersion: 133.0.6943.141 (2a5d6da0d61..., userDataDir: C:\Users\INGRID~1.ZAD\AppDa...}, fedcm:accounts: true, goog:chromeOptions: {debuggerAddress: localhost:61960}, networkConnectionEnabled: false, pageLoadStrategy: normal, platformName: windows, proxy: Proxy(), se:cdp: ws://localhost:61960/devtoo..., se:cdpVersion: 133.0.6943.142, setWindowRect: true, strictFileInteractability: false, timeouts: {implicit: 0, pageLoad: 300000, script: 30000}, unhandledPromptBehavior: dismiss and notify, webauthn:extension:credBlob: true, webauthn:extension:largeBlob: true, webauthn:extension:minPinLength: true, webauthn:extension:prf: true, webauthn:virtualAuthenticators: true}
Element: [[ChromeDriver: chrome on windows (38a96a14160d00d2f806701c8cc1a118)] -> xpath: (//input[@type='radio' and @value='true'])[7]]
Session ID: 38a96a14160d00d2f806701c8cc1a118
	at java.base/jdk.internal.reflect.DirectConstructorHandleAccessor.newInstance(DirectConstructorHandleAccessor.java:62)
	at java.base/java.lang.reflect.Constructor.newInstanceWithCaller(Constructor.java:502)
	at java.base/java.lang.reflect.Constructor.newInstance(Constructor.java:486)
	at org.openqa.selenium.remote.ErrorCodec.decode(ErrorCodec.java:167)
	at org.openqa.selenium.remote.codec.w3c.W3CHttpResponseCodec.decode(W3CHttpResponseCodec.java:138)
	at org.openqa.selenium.remote.codec.w3c.W3CHttpResponseCodec.decode(W3CHttpResponseCodec.java:50)
	at org.openqa.selenium.remote.HttpCommandExecutor.execute(HttpCommandExecutor.java:190)
	at org.openqa.selenium.remote.service.DriverCommandExecutor.invokeExecute(DriverCommandExecutor.java:216)
	at org.openqa.selenium.remote.service.DriverCommandExecutor.execute(DriverCommandExecutor.java:174)
	at org.openqa.selenium.remote.RemoteWebDriver.execute(RemoteWebDriver.java:545)
	at org.openqa.selenium.remote.RemoteWebElement.execute(RemoteWebElement.java:223)
	at org.openqa.selenium.remote.RemoteWebElement.click(RemoteWebElement.java:76)
	at java.base/jdk.internal.reflect.DirectMethodHandleAccessor.invoke(DirectMethodHandleAccessor.java:103)
	at java.base/java.lang.reflect.Method.invoke(Method.java:580)
	at org.openqa.selenium.support.pagefactory.internal.LocatingElementHandler.invoke(LocatingElementHandler.java:51)
	at jdk.proxy2/jdk.proxy2.$Proxy14.click(Unknown Source)
	at lt.insoft.uztis.pages.SubmittedApplicationsPage.clickRadioButtonDeMinimis(SubmittedApplicationsPage.java:1473)
	at lt.insoft.uztis.tests.SubmittedApplicationsPageTest.testFillNewDVPApplicationFA(SubmittedApplicationsPageTest.java:737)
	at java.base/jdk.internal.reflect.DirectMethodHandleAccessor.invoke(DirectMethodHandleAccessor.java:103)
	at java.base/java.lang.reflect.Method.invoke(Method.java:580)
	at org.junit.platform.commons.util.ReflectionUtils.invokeMethod(ReflectionUtils.java:728)
	at org.junit.jupiter.engine.execution.MethodInvocation.proceed(MethodInvocation.java:60)
	at org.junit.jupiter.engine.execution.InvocationInterceptorChain$ValidatingInvocation.proceed(InvocationInterceptorChain.java:131)
	at org.junit.jupiter.engine.extension.TimeoutExtension.intercept(TimeoutExtension.java:156)
	at org.junit.jupiter.engine.extension.TimeoutExtension.interceptTestableMethod(TimeoutExtension.java:147)
	at org.junit.jupiter.engine.extension.TimeoutExtension.interceptTestMethod(TimeoutExtension.java:86)
	at org.junit.jupiter.engine.execution.InterceptingExecutableInvoker$ReflectiveInterceptorCall.lambda$ofVoidMethod$0(InterceptingExecutableInvoker.java:103)
	at org.junit.jupiter.engine.execution.InterceptingExecutableInvoker.lambda$invoke$0(InterceptingExecutableInvoker.java:93)
	at org.junit.jupiter.engine.execution.InvocationInterceptorChain$InterceptedInvocation.proceed(InvocationInterceptorChain.java:106)
	at org.junit.jupiter.engine.execution.InvocationInterceptorChain.proceed(InvocationInterceptorChain.java:64)
	at org.junit.jupiter.engine.execution.InvocationInterceptorChain.chainAndInvoke(InvocationInterceptorChain.java:45)
	at org.junit.jupiter.engine.execution.InvocationInterceptorChain.invoke(InvocationInterceptorChain.java:37)
	at org.junit.jupiter.engine.execution.InterceptingExecutableInvoker.invoke(InterceptingExecutableInvoker.java:92)
	at org.junit.jupiter.engine.execution.InterceptingExecutableInvoker.invoke(InterceptingExecutableInvoker.java:86)
	at org.junit.jupiter.engine.descriptor.TestMethodTestDescriptor.lambda$invokeTestMethod$7(TestMethodTestDescriptor.java:218)
	at org.junit.platform.engine.support.hierarchical.ThrowableCollector.execute(ThrowableCollector.java:73)
	at org.junit.jupiter.engine.descriptor.TestMethodTestDescriptor.invokeTestMethod(TestMethodTestDescriptor.java:214)
	at org.junit.jupiter.engine.descriptor.TestMethodTestDescriptor.execute(TestMethodTestDescriptor.java:139)
	at org.junit.jupiter.engine.descriptor.TestMethodTestDescriptor.execute(TestMethodTestDescriptor.java:69)
	at org.junit.platform.engine.support.hierarchical.NodeTestTask.lambda$executeRecursively$6(NodeTestTask.java:151)
	at org.junit.platform.engine.support.hierarchical.ThrowableCollector.execute(ThrowableCollector.java:73)
	at org.junit.platform.engine.support.hierarchical.NodeTestTask.lambda$executeRecursively$8(NodeTestTask.java:141)
	at org.junit.platform.engine.support.hierarchical.Node.around(Node.java:137)
	at org.junit.platform.engine.support.hierarchical.NodeTestTask.lambda$executeRecursively$9(NodeTestTask.java:139)
	at org.junit.platform.engine.support.hierarchical.ThrowableCollector.execute(ThrowableCollector.java:73)
	at org.junit.platform.engine.support.hierarchical.NodeTestTask.executeRecursively(NodeTestTask.java:138)
	at org.junit.platform.engine.support.hierarchical.NodeTestTask.execute(NodeTestTask.java:95)
	at java.base/java.util.ArrayList.forEach(ArrayList.java:1596)
	at org.junit.platform.engine.support.hierarchical.SameThreadHierarchicalTestExecutorService.invokeAll(SameThreadHierarchicalTestExecutorService.java:41)
	at org.junit.platform.engine.support.hierarchical.NodeTestTask.lambda$executeRecursively$6(NodeTestTask.java:155)
	at org.junit.platform.engine.support.hierarchical.ThrowableCollector.execute(ThrowableCollector.java:73)
	at org.junit.platform.engine.support.hierarchical.NodeTestTask.lambda$executeRecursively$8(NodeTestTask.java:141)
	at org.junit.platform.engine.support.hierarchical.Node.around(Node.java:137)
	at org.junit.platform.engine.support.hierarchical.NodeTestTask.lambda$executeRecursively$9(NodeTestTask.java:139)
	at org.junit.platform.engine.support.hierarchical.ThrowableCollector.execute(ThrowableCollector.java:73)
	at org.junit.platform.engine.support.hierarchical.NodeTestTask.executeRecursively(NodeTestTask.java:138)
	at org.junit.platform.engine.support.hierarchical.NodeTestTask.execute(NodeTestTask.java:95)
	at java.base/java.util.ArrayList.forEach(ArrayList.java:1596)
	at org.junit.platform.engine.support.hierarchical.SameThreadHierarchicalTestExecutorService.invokeAll(SameThreadHierarchicalTestExecutorService.java:41)
	at org.junit.platform.engine.support.hierarchical.NodeTestTask.lambda$executeRecursively$6(NodeTestTask.java:155)
	at org.junit.platform.engine.support.hierarchical.ThrowableCollector.execute(ThrowableCollector.java:73)
	at org.junit.platform.engine.support.hierarchical.NodeTestTask.lambda$executeRecursively$8(NodeTestTask.java:141)
	at org.junit.platform.engine.support.hierarchical.Node.around(Node.java:137)
	at org.junit.platform.engine.support.hierarchical.NodeTestTask.lambda$executeRecursively$9(NodeTestTask.java:139)
	at org.junit.platform.engine.support.hierarchical.ThrowableCollector.execute(ThrowableCollector.java:73)
	at org.junit.platform.engine.support.hierarchical.NodeTestTask.executeRecursively(NodeTestTask.java:138)
	at org.junit.platform.engine.support.hierarchical.NodeTestTask.execute(NodeTestTask.java:95)
	at org.junit.platform.engine.support.hierarchical.SameThreadHierarchicalTestExecutorService.submit(SameThreadHierarchicalTestExecutorService.java:35)
	at org.junit.platform.engine.support.hierarchical.HierarchicalTestExecutor.execute(HierarchicalTestExecutor.java:57)
	at org.junit.platform.engine.support.hierarchical.HierarchicalTestEngine.execute(HierarchicalTestEngine.java:54)
	at org.junit.platform.launcher.core.EngineExecutionOrchestrator.execute(EngineExecutionOrchestrator.java:198)
	at org.junit.platform.launcher.core.EngineExecutionOrchestrator.execute(EngineExecutionOrchestrator.java:169)
	at org.junit.platform.launcher.core.EngineExecutionOrchestrator.execute(EngineExecutionOrchestrator.java:93)
	at org.junit.platform.launcher.core.EngineExecutionOrchestrator.lambda$execute$0(EngineExecutionOrchestrator.java:58)
	at org.junit.platform.launcher.core.EngineExecutionOrchestrator.withInterceptedStreams(EngineExecutionOrchestrator.java:141)
	at org.junit.platform.launcher.core.EngineExecutionOrchestrator.execute(EngineExecutionOrchestrator.java:57)
	at org.junit.platform.launcher.core.DefaultLauncher.execute(DefaultLauncher.java:103)
	at org.junit.platform.launcher.core.DefaultLauncher.execute(DefaultLauncher.java:85)
	at org.junit.platform.launcher.core.DelegatingLauncher.execute(DelegatingLauncher.java:47)
	at org.junit.platform.launcher.core.SessionPerRequestLauncher.execute(SessionPerRequestLauncher.java:63)
	at com.intellij.junit5.JUnit5IdeaTestRunner.startRunnerWithArgs(JUnit5IdeaTestRunner.java:57)
	at com.intellij.rt.junit.IdeaTestRunner$Repeater$1.execute(IdeaTestRunner.java:38)
	at com.intellij.rt.execution.junit.TestsRepeater.repeat(TestsRepeater.java:11)
	at com.intellij.rt.junit.IdeaTestRunner$Repeater.startRunnerWithArgs(IdeaTestRunner.java:35)
	at com.intellij.rt.junit.JUnitStarter.prepareStreamsAndStart(JUnitStarter.java:232)
	at com.intellij.rt.junit.JUnitStarter.main(JUnitStarter.java:55)
2025-03-05 13:52:26 [main] INFO  l.insoft.uztis.tests.utils.TestUtils - Screenshot moved to C:\Users\ingrida.zadorozniene\Desktop\Asm\UZTIS\UZTIS_tests\test-output\screenshots\20250305\135226554_testFillNewDVPApplicationFA().png
2025-03-06 10:55:53 [main] INFO  lt.insoft.uztis.tests.UztisPageTest - Navigated to https://uztisdev.asseco.lt/home
2025-03-06 10:55:53 [main] INFO  l.i.u.t.SubmittedApplicationsPageTest - Starting test:'testFillNewDVPApplicationFA'
2025-03-06 10:55:53 [main] DEBUG l.i.u.t.SubmittedApplicationsPageTest - User logged in with test credentials.
2025-03-06 10:55:54 [main] DEBUG l.i.u.t.SubmittedApplicationsPageTest - Opened 'Application Processing' menu.
2025-03-06 10:55:54 [main] DEBUG l.i.u.t.SubmittedApplicationsPageTest - Clicked on 'Application Forms' menu.
2025-03-06 10:55:55 [main] DEBUG l.i.u.t.SubmittedApplicationsPageTest - Retrieved last description code text: 'TST-DVP-22'.
2025-03-06 10:55:55 [main] DEBUG l.i.u.t.SubmittedApplicationsPageTest - Clicked on 'Invitation' menu.
2025-03-06 10:55:56 [main] DEBUG l.i.u.t.SubmittedApplicationsPageTest - Selected application section by code: 'TST-DVP-22'.
2025-03-06 10:55:56 [main] DEBUG l.i.u.t.SubmittedApplicationsPageTest - Clicked 'Search' button.
2025-03-06 10:55:56 [main] DEBUG l.i.u.t.SubmittedApplicationsPageTest - Retrieved invitation code: ''.
2025-03-06 10:55:56 [main] DEBUG l.i.u.t.SubmittedApplicationsPageTest - Clicked on 'Submitted Applications' menu.
2025-03-06 10:55:57 [main] DEBUG l.i.u.t.SubmittedApplicationsPageTest - Selected invitation by code: 'TST-DVP-22'.
2025-03-06 10:55:57 [main] DEBUG l.i.u.t.SubmittedApplicationsPageTest - Invitation code inserted.
2025-03-06 10:55:57 [main] DEBUG l.i.u.t.SubmittedApplicationsPageTest - Clicked on 'Action Application' button.
2025-03-06 10:55:58 [main] DEBUG l.i.u.t.SubmittedApplicationsPageTest - Clicked on 'New Application' button.
2025-03-06 10:55:58 [main] DEBUG l.i.u.t.SubmittedApplicationsPageTest - Selected the 'RadioButtonFA' option.
2025-03-06 10:55:58 [main] DEBUG l.i.u.t.SubmittedApplicationsPageTest - Entered phone number: '61298745'.
2025-03-06 10:55:59 [main] DEBUG l.i.u.t.SubmittedApplicationsPageTest - Entered email: 'test@autotest.com'.
2025-03-06 10:55:59 [main] DEBUG l.i.u.t.SubmittedApplicationsPageTest - Checked 'For workplace adaptation' checkbox 1.
2025-03-06 10:55:59 [main] DEBUG l.i.u.t.SubmittedApplicationsPageTest - Checked 'For environmental adaptation' checkbox 2.
2025-03-06 10:55:59 [main] INFO  l.i.u.p.SubmittedApplicationsPage - Located the dropdown button.
2025-03-06 10:56:18 [main] INFO  l.i.u.p.SubmittedApplicationsPage - Found 1741 options in the dropdown.
2025-03-06 10:56:18 [main] INFO  l.i.u.p.SubmittedApplicationsPage - Successfully selected the value: '01.11 - Grūdinių (išskyrus ryžius), ankštinių ir aliejingų sėklų augalų auginimas'
2025-03-06 10:56:28 [main] ERROR l.i.u.p.SubmittedApplicationsPage - Failed to close the dropdown with aria-expanded = 'false'. Attempting manual close.
2025-03-06 10:56:28 [main] INFO  l.i.u.p.SubmittedApplicationsPage - Manual close attempt for the dropdown using body click.
2025-03-06 10:56:28 [main] DEBUG l.i.u.t.SubmittedApplicationsPageTest - Selected EVRK value: '01.11 - Grūdinių (išskyrus ryžius), ankštinių ir aliejingų sėklų augalų auginimas'.
2025-03-06 10:56:28 [main] DEBUG l.i.u.t.SubmittedApplicationsPageTest - Clicked on 'Address Component' button.
2025-03-06 10:56:28 [main] INFO  l.i.u.p.SubmittedApplicationsPage - Located the dropdown button.
2025-03-06 10:56:31 [main] INFO  l.i.u.p.SubmittedApplicationsPage - Successfully selected the value: 'Lietuva'
2025-03-06 10:56:31 [main] DEBUG l.i.u.t.SubmittedApplicationsPageTest - Selected country: 'Lietuva'.
2025-03-06 10:56:31 [main] INFO  l.i.u.p.SubmittedApplicationsPage - Located the dropdown search field.
2025-03-06 10:56:31 [main] INFO  l.i.u.p.SubmittedApplicationsPage - Dropdown city is opened.
2025-03-06 10:56:31 [main] INFO  l.i.u.p.SubmittedApplicationsPage - Searched for value: 'Vilnius'
2025-03-06 10:56:32 [main] INFO  l.i.u.p.SubmittedApplicationsPage - Successfully selected: 'Vilnius'
2025-03-06 10:56:32 [main] INFO  l.i.u.p.SubmittedApplicationsPage - Located the dropdown button.
2025-03-06 10:56:33 [main] INFO  l.i.u.p.SubmittedApplicationsPage - Successfully selected the value: 'A. Domaševičiaus g.'
2025-03-06 10:56:33 [main] DEBUG l.i.u.t.SubmittedApplicationsPageTest - Selected street: 'A. Domaševičiaus g.'.
2025-03-06 10:56:33 [main] INFO  l.i.u.p.SubmittedApplicationsPage - Located the dropdown button.
2025-03-06 10:56:34 [main] INFO  l.i.u.p.SubmittedApplicationsPage - Successfully selected the value: '1'
2025-03-06 10:56:34 [main] DEBUG l.i.u.t.SubmittedApplicationsPageTest - Selected house: '1'.
2025-03-06 10:56:34 [main] INFO  l.i.u.p.SubmittedApplicationsPage - Located the dropdown button.
2025-03-06 10:56:34 [main] INFO  l.i.u.p.SubmittedApplicationsPage - Successfully selected the value: '1'
2025-03-06 10:56:34 [main] DEBUG l.i.u.t.SubmittedApplicationsPageTest - Selected apartment: '1'.
2025-03-06 10:56:34 [main] DEBUG l.i.u.t.SubmittedApplicationsPageTest - Clicked 'Confirm' button.
2025-03-06 10:56:35 [main] DEBUG l.i.u.t.SubmittedApplicationsPageTest - Selected 'For already working' option.
2025-03-06 10:56:35 [main] DEBUG l.i.u.t.SubmittedApplicationsPageTest - Entered person count1: '1'.
2025-03-06 10:56:35 [main] DEBUG l.i.u.t.SubmittedApplicationsPageTest - Selected 'For new working' option.
2025-03-06 10:56:35 [main] DEBUG l.i.u.t.SubmittedApplicationsPageTest - Entered person count2: '1'.
2025-03-06 10:56:35 [main] DEBUG l.i.u.t.SubmittedApplicationsPageTest - Clicked 'Next' button after checkboxes.
2025-03-06 10:56:35 [main] INFO  l.i.u.p.SubmittedApplicationsPage - Located the dropdown button.
2025-03-06 10:56:36 [main] INFO  l.i.u.p.SubmittedApplicationsPage - Successfully selected the value: 'Administratoriai'
2025-03-06 10:57:06 [main] ERROR l.i.u.p.SubmittedApplicationsPage - Timeout while waiting for dropdown to close with aria-expanded = 'false'.
2025-03-06 10:57:06 [main] DEBUG l.i.u.t.SubmittedApplicationsPageTest - Selected adaptable job name: 'Administratoriai'.
2025-03-06 10:57:06 [main] DEBUG l.i.u.t.SubmittedApplicationsPageTest - Entered job date.
2025-03-06 10:57:07 [main] DEBUG l.i.u.t.SubmittedApplicationsPageTest - Entered job function: 'Funkcija 1'.
2025-03-06 10:57:07 [main] DEBUG l.i.u.t.SubmittedApplicationsPageTest - Selected 'For already working' 'no' option.
2025-03-06 10:57:07 [main] INFO  l.i.u.p.SubmittedApplicationsPage - Clicking on the dropdown button.
2025-03-06 10:57:07 [main] INFO  l.i.u.p.SubmittedApplicationsPage - Found 6 options in the dropdown.
2025-03-06 10:57:07 [main] DEBUG l.i.u.p.SubmittedApplicationsPage - Checking option: 'Lengvo neįgalumo lygis ar 45-55 procentų dalyvumo lygis (iki 2023 m. gruodžio 31 d. – 45-55 procentų darbingumo lygis)'
2025-03-06 10:57:07 [main] DEBUG l.i.u.p.SubmittedApplicationsPage - Checking option: 'Lengvo neįgalumo lygis ar 45-55 procentų dalyvumo lygis (iki 2023 m. gruodžio 31 d. – 45-55 procentų darbingumo lygis)'
2025-03-06 10:57:07 [main] DEBUG l.i.u.p.SubmittedApplicationsPage - Checking option: 'Sunkaus neįgalumo lygis ar neviršijantis 25 procentų dalyvumo lygis (iki 2023 metų gruodžio 31 dienos – iki 25 procentų darbingumo lygis)'
2025-03-06 10:57:07 [main] INFO  l.i.u.p.SubmittedApplicationsPage - Successfully selected the value: 'Sunkaus neįgalumo lygis ar neviršijantis 25 procentų dalyvumo lygis (iki 2023 metų gruodžio 31 dienos – iki 25 procentų darbingumo lygis)'
2025-03-06 10:57:07 [main] INFO  l.i.u.p.SubmittedApplicationsPage - Attempting to close the dropdown.
2025-03-06 10:57:18 [main] INFO  l.i.u.p.SubmittedApplicationsPage - Dropdown should be closed now.
2025-03-06 10:57:18 [main] DEBUG l.i.u.t.SubmittedApplicationsPageTest - Selected disabilities type: 'Sunkaus neįgalumo lygis ar neviršijantis 25 procentų dalyvumo lygis (iki 2023 metų gruodžio 31 dienos – iki 25 procentų darbingumo lygis)'.
2025-03-06 10:57:18 [main] DEBUG l.i.u.t.SubmittedApplicationsPageTest - Entered disability information: 'Negalia 1'.
2025-03-06 10:57:18 [main] DEBUG l.i.u.t.SubmittedApplicationsPageTest - Entered qualification: 'Kvalifikacija 1'.
2025-03-06 10:57:18 [main] DEBUG l.i.u.t.SubmittedApplicationsPageTest - Entered job description: 'Darbo vietos aprašymas 1'.
2025-03-06 10:57:18 [main] DEBUG l.i.u.t.SubmittedApplicationsPageTest - Entered equipment description: 'Priemonių įsigyjimas 1'.
2025-03-06 10:57:19 [main] DEBUG l.i.u.t.SubmittedApplicationsPageTest - Entered work information: 'Darbai 1'.
2025-03-06 10:57:19 [main] INFO  l.i.u.p.SubmittedApplicationsPage - Located the dropdown button.
2025-03-06 10:57:19 [main] INFO  l.i.u.p.SubmittedApplicationsPage - Successfully selected the value: 'Kita'
2025-03-06 10:57:19 [main] DEBUG l.i.u.t.SubmittedApplicationsPageTest - Selected time mode: 'Kita'.
2025-03-06 10:57:19 [main] DEBUG l.i.u.t.SubmittedApplicationsPageTest - Selected time mode other: '6 val. per dieną ir 4 d. per savaitę'.
2025-03-06 10:57:19 [main] DEBUG l.i.u.t.SubmittedApplicationsPageTest - Entered salary amount: '1200'.
2025-03-06 10:57:19 [main] DEBUG l.i.u.t.SubmittedApplicationsPageTest - Selected 'Temporary Job' radio button.
2025-03-06 10:57:19 [main] DEBUG l.i.u.t.SubmittedApplicationsPageTest - Selected 'Season Job' radio button.
2025-03-06 10:57:20 [main] DEBUG l.i.u.t.SubmittedApplicationsPageTest - Selected 'PVM' radio button.
2025-03-06 10:57:20 [main] INFO  l.i.u.p.SubmittedApplicationsPage - Located the dropdown button.
2025-03-06 10:57:20 [main] INFO  l.i.u.p.SubmittedApplicationsPage - Successfully selected the value: 'Darbo vietos pritaikymui'
2025-03-06 10:57:20 [main] DEBUG l.i.u.t.SubmittedApplicationsPageTest - Selected adaptable job name: 'Darbo vietos pritaikymui'.
2025-03-06 10:57:30 [main] ERROR l.i.u.t.SubmittedApplicationsPageTest - Test 'testFillNewDVPApplicationFA' failed with error: Expected condition failed: waiting for element to be clickable: [[ChromeDriver: chrome on windows (e20f19c71b3278668ba79ee42140f6ef)] -> xpath: (//mat-label[contains(text(), 'Reikalinga')])[1]] (tried for 10 second(s) with 500 milliseconds interval)
Build info: version: '4.27.0', revision: 'd6e718d134'
System info: os.name: 'Windows 11', os.arch: 'amd64', os.version: '10.0', java.version: '21.0.3'
Driver info: org.openqa.selenium.chrome.ChromeDriver
Capabilities {acceptInsecureCerts: false, browserName: chrome, browserVersion: 133.0.6943.142, chrome: {chromedriverVersion: 133.0.6943.141 (2a5d6da0d61..., userDataDir: C:\Users\INGRID~1.ZAD\AppDa...}, fedcm:accounts: true, goog:chromeOptions: {debuggerAddress: localhost:55388}, networkConnectionEnabled: false, pageLoadStrategy: normal, platformName: windows, proxy: Proxy(), se:cdp: ws://localhost:55388/devtoo..., se:cdpVersion: 133.0.6943.142, setWindowRect: true, strictFileInteractability: false, timeouts: {implicit: 0, pageLoad: 300000, script: 30000}, unhandledPromptBehavior: dismiss and notify, webauthn:extension:credBlob: true, webauthn:extension:largeBlob: true, webauthn:extension:minPinLength: true, webauthn:extension:prf: true, webauthn:virtualAuthenticators: true}
Session ID: e20f19c71b3278668ba79ee42140f6ef
org.openqa.selenium.TimeoutException: Expected condition failed: waiting for element to be clickable: [[ChromeDriver: chrome on windows (e20f19c71b3278668ba79ee42140f6ef)] -> xpath: (//mat-label[contains(text(), 'Reikalinga')])[1]] (tried for 10 second(s) with 500 milliseconds interval)
Build info: version: '4.27.0', revision: 'd6e718d134'
System info: os.name: 'Windows 11', os.arch: 'amd64', os.version: '10.0', java.version: '21.0.3'
Driver info: org.openqa.selenium.chrome.ChromeDriver
Capabilities {acceptInsecureCerts: false, browserName: chrome, browserVersion: 133.0.6943.142, chrome: {chromedriverVersion: 133.0.6943.141 (2a5d6da0d61..., userDataDir: C:\Users\INGRID~1.ZAD\AppDa...}, fedcm:accounts: true, goog:chromeOptions: {debuggerAddress: localhost:55388}, networkConnectionEnabled: false, pageLoadStrategy: normal, platformName: windows, proxy: Proxy(), se:cdp: ws://localhost:55388/devtoo..., se:cdpVersion: 133.0.6943.142, setWindowRect: true, strictFileInteractability: false, timeouts: {implicit: 0, pageLoad: 300000, script: 30000}, unhandledPromptBehavior: dismiss and notify, webauthn:extension:credBlob: true, webauthn:extension:largeBlob: true, webauthn:extension:minPinLength: true, webauthn:extension:prf: true, webauthn:virtualAuthenticators: true}
Session ID: e20f19c71b3278668ba79ee42140f6ef
	at org.openqa.selenium.support.ui.WebDriverWait.timeoutException(WebDriverWait.java:84)
	at org.openqa.selenium.support.ui.FluentWait.until(FluentWait.java:228)
	at lt.insoft.uztis.pages.SubmittedApplicationsPage.selectDropdownNecessaryForJobOne_DVP(SubmittedApplicationsPage.java:1309)
	at lt.insoft.uztis.tests.SubmittedApplicationsPageTest.testFillNewDVPApplicationFA(SubmittedApplicationsPageTest.java:706)
	at java.base/jdk.internal.reflect.DirectMethodHandleAccessor.invoke(DirectMethodHandleAccessor.java:103)
	at java.base/java.lang.reflect.Method.invoke(Method.java:580)
	at org.junit.platform.commons.util.ReflectionUtils.invokeMethod(ReflectionUtils.java:728)
	at org.junit.jupiter.engine.execution.MethodInvocation.proceed(MethodInvocation.java:60)
	at org.junit.jupiter.engine.execution.InvocationInterceptorChain$ValidatingInvocation.proceed(InvocationInterceptorChain.java:131)
	at org.junit.jupiter.engine.extension.TimeoutExtension.intercept(TimeoutExtension.java:156)
	at org.junit.jupiter.engine.extension.TimeoutExtension.interceptTestableMethod(TimeoutExtension.java:147)
	at org.junit.jupiter.engine.extension.TimeoutExtension.interceptTestMethod(TimeoutExtension.java:86)
	at org.junit.jupiter.engine.execution.InterceptingExecutableInvoker$ReflectiveInterceptorCall.lambda$ofVoidMethod$0(InterceptingExecutableInvoker.java:103)
	at org.junit.jupiter.engine.execution.InterceptingExecutableInvoker.lambda$invoke$0(InterceptingExecutableInvoker.java:93)
	at org.junit.jupiter.engine.execution.InvocationInterceptorChain$InterceptedInvocation.proceed(InvocationInterceptorChain.java:106)
	at org.junit.jupiter.engine.execution.InvocationInterceptorChain.proceed(InvocationInterceptorChain.java:64)
	at org.junit.jupiter.engine.execution.InvocationInterceptorChain.chainAndInvoke(InvocationInterceptorChain.java:45)
	at org.junit.jupiter.engine.execution.InvocationInterceptorChain.invoke(InvocationInterceptorChain.java:37)
	at org.junit.jupiter.engine.execution.InterceptingExecutableInvoker.invoke(InterceptingExecutableInvoker.java:92)
	at org.junit.jupiter.engine.execution.InterceptingExecutableInvoker.invoke(InterceptingExecutableInvoker.java:86)
	at org.junit.jupiter.engine.descriptor.TestMethodTestDescriptor.lambda$invokeTestMethod$7(TestMethodTestDescriptor.java:218)
	at org.junit.platform.engine.support.hierarchical.ThrowableCollector.execute(ThrowableCollector.java:73)
	at org.junit.jupiter.engine.descriptor.TestMethodTestDescriptor.invokeTestMethod(TestMethodTestDescriptor.java:214)
	at org.junit.jupiter.engine.descriptor.TestMethodTestDescriptor.execute(TestMethodTestDescriptor.java:139)
	at org.junit.jupiter.engine.descriptor.TestMethodTestDescriptor.execute(TestMethodTestDescriptor.java:69)
	at org.junit.platform.engine.support.hierarchical.NodeTestTask.lambda$executeRecursively$6(NodeTestTask.java:151)
	at org.junit.platform.engine.support.hierarchical.ThrowableCollector.execute(ThrowableCollector.java:73)
	at org.junit.platform.engine.support.hierarchical.NodeTestTask.lambda$executeRecursively$8(NodeTestTask.java:141)
	at org.junit.platform.engine.support.hierarchical.Node.around(Node.java:137)
	at org.junit.platform.engine.support.hierarchical.NodeTestTask.lambda$executeRecursively$9(NodeTestTask.java:139)
	at org.junit.platform.engine.support.hierarchical.ThrowableCollector.execute(ThrowableCollector.java:73)
	at org.junit.platform.engine.support.hierarchical.NodeTestTask.executeRecursively(NodeTestTask.java:138)
	at org.junit.platform.engine.support.hierarchical.NodeTestTask.execute(NodeTestTask.java:95)
	at java.base/java.util.ArrayList.forEach(ArrayList.java:1596)
	at org.junit.platform.engine.support.hierarchical.SameThreadHierarchicalTestExecutorService.invokeAll(SameThreadHierarchicalTestExecutorService.java:41)
	at org.junit.platform.engine.support.hierarchical.NodeTestTask.lambda$executeRecursively$6(NodeTestTask.java:155)
	at org.junit.platform.engine.support.hierarchical.ThrowableCollector.execute(ThrowableCollector.java:73)
	at org.junit.platform.engine.support.hierarchical.NodeTestTask.lambda$executeRecursively$8(NodeTestTask.java:141)
	at org.junit.platform.engine.support.hierarchical.Node.around(Node.java:137)
	at org.junit.platform.engine.support.hierarchical.NodeTestTask.lambda$executeRecursively$9(NodeTestTask.java:139)
	at org.junit.platform.engine.support.hierarchical.ThrowableCollector.execute(ThrowableCollector.java:73)
	at org.junit.platform.engine.support.hierarchical.NodeTestTask.executeRecursively(NodeTestTask.java:138)
	at org.junit.platform.engine.support.hierarchical.NodeTestTask.execute(NodeTestTask.java:95)
	at java.base/java.util.ArrayList.forEach(ArrayList.java:1596)
	at org.junit.platform.engine.support.hierarchical.SameThreadHierarchicalTestExecutorService.invokeAll(SameThreadHierarchicalTestExecutorService.java:41)
	at org.junit.platform.engine.support.hierarchical.NodeTestTask.lambda$executeRecursively$6(NodeTestTask.java:155)
	at org.junit.platform.engine.support.hierarchical.ThrowableCollector.execute(ThrowableCollector.java:73)
	at org.junit.platform.engine.support.hierarchical.NodeTestTask.lambda$executeRecursively$8(NodeTestTask.java:141)
	at org.junit.platform.engine.support.hierarchical.Node.around(Node.java:137)
	at org.junit.platform.engine.support.hierarchical.NodeTestTask.lambda$executeRecursively$9(NodeTestTask.java:139)
	at org.junit.platform.engine.support.hierarchical.ThrowableCollector.execute(ThrowableCollector.java:73)
	at org.junit.platform.engine.support.hierarchical.NodeTestTask.executeRecursively(NodeTestTask.java:138)
	at org.junit.platform.engine.support.hierarchical.NodeTestTask.execute(NodeTestTask.java:95)
	at org.junit.platform.engine.support.hierarchical.SameThreadHierarchicalTestExecutorService.submit(SameThreadHierarchicalTestExecutorService.java:35)
	at org.junit.platform.engine.support.hierarchical.HierarchicalTestExecutor.execute(HierarchicalTestExecutor.java:57)
	at org.junit.platform.engine.support.hierarchical.HierarchicalTestEngine.execute(HierarchicalTestEngine.java:54)
	at org.junit.platform.launcher.core.EngineExecutionOrchestrator.execute(EngineExecutionOrchestrator.java:198)
	at org.junit.platform.launcher.core.EngineExecutionOrchestrator.execute(EngineExecutionOrchestrator.java:169)
	at org.junit.platform.launcher.core.EngineExecutionOrchestrator.execute(EngineExecutionOrchestrator.java:93)
	at org.junit.platform.launcher.core.EngineExecutionOrchestrator.lambda$execute$0(EngineExecutionOrchestrator.java:58)
	at org.junit.platform.launcher.core.EngineExecutionOrchestrator.withInterceptedStreams(EngineExecutionOrchestrator.java:141)
	at org.junit.platform.launcher.core.EngineExecutionOrchestrator.execute(EngineExecutionOrchestrator.java:57)
	at org.junit.platform.launcher.core.DefaultLauncher.execute(DefaultLauncher.java:103)
	at org.junit.platform.launcher.core.DefaultLauncher.execute(DefaultLauncher.java:85)
	at org.junit.platform.launcher.core.DelegatingLauncher.execute(DelegatingLauncher.java:47)
	at org.junit.platform.launcher.core.SessionPerRequestLauncher.execute(SessionPerRequestLauncher.java:63)
	at com.intellij.junit5.JUnit5IdeaTestRunner.startRunnerWithArgs(JUnit5IdeaTestRunner.java:57)
	at com.intellij.rt.junit.IdeaTestRunner$Repeater$1.execute(IdeaTestRunner.java:38)
	at com.intellij.rt.execution.junit.TestsRepeater.repeat(TestsRepeater.java:11)
	at com.intellij.rt.junit.IdeaTestRunner$Repeater.startRunnerWithArgs(IdeaTestRunner.java:35)
	at com.intellij.rt.junit.JUnitStarter.prepareStreamsAndStart(JUnitStarter.java:232)
	at com.intellij.rt.junit.JUnitStarter.main(JUnitStarter.java:55)
2025-03-06 10:57:30 [main] INFO  l.insoft.uztis.tests.utils.TestUtils - Screenshot moved to C:\Users\ingrida.zadorozniene\Desktop\Asm\UZTIS\UZTIS_tests\test-output\screenshots\20250306\105730619_testFillNewDVPApplicationFA().png
2025-03-06 11:14:30 [main] INFO  lt.insoft.uztis.tests.UztisPageTest - Navigated to https://uztisdev.asseco.lt/home
2025-03-06 11:14:31 [main] INFO  l.i.u.t.SubmittedApplicationsPageTest - Starting test:'testFillNewDVPApplicationFA'
2025-03-06 11:14:31 [main] DEBUG l.i.u.t.SubmittedApplicationsPageTest - User logged in with test credentials.
2025-03-06 11:14:32 [main] DEBUG l.i.u.t.SubmittedApplicationsPageTest - Opened 'Application Processing' menu.
2025-03-06 11:14:32 [main] DEBUG l.i.u.t.SubmittedApplicationsPageTest - Clicked on 'Application Forms' menu.
2025-03-06 11:14:33 [main] DEBUG l.i.u.t.SubmittedApplicationsPageTest - Retrieved last description code text: 'TST-DVP-22'.
2025-03-06 11:14:33 [main] DEBUG l.i.u.t.SubmittedApplicationsPageTest - Clicked on 'Invitation' menu.
2025-03-06 11:14:34 [main] DEBUG l.i.u.t.SubmittedApplicationsPageTest - Selected application section by code: 'TST-DVP-22'.
2025-03-06 11:14:34 [main] DEBUG l.i.u.t.SubmittedApplicationsPageTest - Clicked 'Search' button.
2025-03-06 11:14:34 [main] DEBUG l.i.u.t.SubmittedApplicationsPageTest - Retrieved invitation code: ''.
2025-03-06 11:14:34 [main] DEBUG l.i.u.t.SubmittedApplicationsPageTest - Clicked on 'Submitted Applications' menu.
2025-03-06 11:14:35 [main] DEBUG l.i.u.t.SubmittedApplicationsPageTest - Selected invitation by code: 'TST-DVP-22'.
2025-03-06 11:14:35 [main] DEBUG l.i.u.t.SubmittedApplicationsPageTest - Invitation code inserted.
2025-03-06 11:14:36 [main] DEBUG l.i.u.t.SubmittedApplicationsPageTest - Clicked on 'Action Application' button.
2025-03-06 11:14:36 [main] DEBUG l.i.u.t.SubmittedApplicationsPageTest - Clicked on 'New Application' button.
2025-03-06 11:14:36 [main] DEBUG l.i.u.t.SubmittedApplicationsPageTest - Selected the 'RadioButtonFA' option.
2025-03-06 11:14:36 [main] DEBUG l.i.u.t.SubmittedApplicationsPageTest - Entered phone number: '61298745'.
2025-03-06 11:14:37 [main] DEBUG l.i.u.t.SubmittedApplicationsPageTest - Entered email: 'test@autotest.com'.
2025-03-06 11:14:37 [main] DEBUG l.i.u.t.SubmittedApplicationsPageTest - Checked 'For workplace adaptation' checkbox 1.
2025-03-06 11:14:37 [main] DEBUG l.i.u.t.SubmittedApplicationsPageTest - Checked 'For environmental adaptation' checkbox 2.
2025-03-06 11:14:37 [main] INFO  l.i.u.p.SubmittedApplicationsPage - Located the dropdown button.
2025-03-06 11:14:56 [main] INFO  l.i.u.p.SubmittedApplicationsPage - Found 1741 options in the dropdown.
2025-03-06 11:14:56 [main] INFO  l.i.u.p.SubmittedApplicationsPage - Successfully selected the value: '01.11 - Grūdinių (išskyrus ryžius), ankštinių ir aliejingų sėklų augalų auginimas'
2025-03-06 11:15:06 [main] ERROR l.i.u.p.SubmittedApplicationsPage - Failed to close the dropdown with aria-expanded = 'false'. Attempting manual close.
2025-03-06 11:15:06 [main] INFO  l.i.u.p.SubmittedApplicationsPage - Manual close attempt for the dropdown using body click.
2025-03-06 11:15:06 [main] DEBUG l.i.u.t.SubmittedApplicationsPageTest - Selected EVRK value: '01.11 - Grūdinių (išskyrus ryžius), ankštinių ir aliejingų sėklų augalų auginimas'.
2025-03-06 11:15:06 [main] DEBUG l.i.u.t.SubmittedApplicationsPageTest - Clicked on 'Address Component' button.
2025-03-06 11:15:06 [main] INFO  l.i.u.p.SubmittedApplicationsPage - Located the dropdown button.
2025-03-06 11:15:09 [main] INFO  l.i.u.p.SubmittedApplicationsPage - Successfully selected the value: 'Lietuva'
2025-03-06 11:15:09 [main] DEBUG l.i.u.t.SubmittedApplicationsPageTest - Selected country: 'Lietuva'.
2025-03-06 11:15:09 [main] INFO  l.i.u.p.SubmittedApplicationsPage - Located the dropdown search field.
2025-03-06 11:15:09 [main] INFO  l.i.u.p.SubmittedApplicationsPage - Dropdown city is opened.
2025-03-06 11:15:10 [main] INFO  l.i.u.p.SubmittedApplicationsPage - Searched for value: 'Vilnius'
2025-03-06 11:15:11 [main] INFO  l.i.u.p.SubmittedApplicationsPage - Successfully selected: 'Vilnius'
2025-03-06 11:15:11 [main] INFO  l.i.u.p.SubmittedApplicationsPage - Located the dropdown button.
2025-03-06 11:15:12 [main] INFO  l.i.u.p.SubmittedApplicationsPage - Successfully selected the value: 'A. Domaševičiaus g.'
2025-03-06 11:15:12 [main] DEBUG l.i.u.t.SubmittedApplicationsPageTest - Selected street: 'A. Domaševičiaus g.'.
2025-03-06 11:15:12 [main] INFO  l.i.u.p.SubmittedApplicationsPage - Located the dropdown button.
2025-03-06 11:15:13 [main] INFO  l.i.u.p.SubmittedApplicationsPage - Successfully selected the value: '1'
2025-03-06 11:15:13 [main] DEBUG l.i.u.t.SubmittedApplicationsPageTest - Selected house: '1'.
2025-03-06 11:15:13 [main] INFO  l.i.u.p.SubmittedApplicationsPage - Located the dropdown button.
2025-03-06 11:15:13 [main] INFO  l.i.u.p.SubmittedApplicationsPage - Successfully selected the value: '1'
2025-03-06 11:15:13 [main] DEBUG l.i.u.t.SubmittedApplicationsPageTest - Selected apartment: '1'.
2025-03-06 11:15:13 [main] DEBUG l.i.u.t.SubmittedApplicationsPageTest - Clicked 'Confirm' button.
2025-03-06 11:15:13 [main] DEBUG l.i.u.t.SubmittedApplicationsPageTest - Selected 'For already working' option.
2025-03-06 11:15:13 [main] DEBUG l.i.u.t.SubmittedApplicationsPageTest - Entered person count1: '1'.
2025-03-06 11:15:13 [main] DEBUG l.i.u.t.SubmittedApplicationsPageTest - Selected 'For new working' option.
2025-03-06 11:15:14 [main] DEBUG l.i.u.t.SubmittedApplicationsPageTest - Entered person count2: '1'.
2025-03-06 11:15:14 [main] DEBUG l.i.u.t.SubmittedApplicationsPageTest - Clicked 'Next' button after checkboxes.
2025-03-06 11:15:14 [main] INFO  l.i.u.p.SubmittedApplicationsPage - Located the dropdown button.
2025-03-06 11:15:15 [main] INFO  l.i.u.p.SubmittedApplicationsPage - Successfully selected the value: 'Administratoriai'
2025-03-06 11:15:45 [main] ERROR l.i.u.p.SubmittedApplicationsPage - Timeout while waiting for dropdown to close with aria-expanded = 'false'.
2025-03-06 11:15:45 [main] DEBUG l.i.u.t.SubmittedApplicationsPageTest - Selected adaptable job name: 'Administratoriai'.
2025-03-06 11:15:45 [main] DEBUG l.i.u.t.SubmittedApplicationsPageTest - Entered job date.
2025-03-06 11:15:45 [main] DEBUG l.i.u.t.SubmittedApplicationsPageTest - Entered job function: 'Funkcija 1'.
2025-03-06 11:15:45 [main] DEBUG l.i.u.t.SubmittedApplicationsPageTest - Selected 'For already working' 'no' option.
2025-03-06 11:15:45 [main] INFO  l.i.u.p.SubmittedApplicationsPage - Clicking on the dropdown button.
2025-03-06 11:15:45 [main] INFO  l.i.u.p.SubmittedApplicationsPage - Found 6 options in the dropdown.
2025-03-06 11:15:45 [main] DEBUG l.i.u.p.SubmittedApplicationsPage - Checking option: 'Lengvo neįgalumo lygis ar 45-55 procentų dalyvumo lygis (iki 2023 m. gruodžio 31 d. – 45-55 procentų darbingumo lygis)'
2025-03-06 11:15:45 [main] DEBUG l.i.u.p.SubmittedApplicationsPage - Checking option: 'Lengvo neįgalumo lygis ar 45-55 procentų dalyvumo lygis (iki 2023 m. gruodžio 31 d. – 45-55 procentų darbingumo lygis)'
2025-03-06 11:15:45 [main] DEBUG l.i.u.p.SubmittedApplicationsPage - Checking option: 'Sunkaus neįgalumo lygis ar neviršijantis 25 procentų dalyvumo lygis (iki 2023 metų gruodžio 31 dienos – iki 25 procentų darbingumo lygis)'
2025-03-06 11:15:45 [main] ERROR l.i.u.p.SubmittedApplicationsPage - Error occurred while selecting value: stale element reference: stale element not found in the current frame
  (Session info: chrome=133.0.6943.142)
For documentation on this error, please visit: https://www.selenium.dev/documentation/webdriver/troubleshooting/errors#stale-element-reference-exception
Build info: version: '4.27.0', revision: 'd6e718d134'
System info: os.name: 'Windows 11', os.arch: 'amd64', os.version: '10.0', java.version: '21.0.3'
Driver info: org.openqa.selenium.chrome.ChromeDriver
Command: [a11f97199af5f406f3af95a978c42887, clickElement {id=f.4931FCB43646B447270ED364033C33A7.d.89187F3B212D858EDB81168A706CDFC6.e.2491}]
Capabilities {acceptInsecureCerts: false, browserName: chrome, browserVersion: 133.0.6943.142, chrome: {chromedriverVersion: 133.0.6943.141 (2a5d6da0d61..., userDataDir: C:\Users\INGRID~1.ZAD\AppDa...}, fedcm:accounts: true, goog:chromeOptions: {debuggerAddress: localhost:56026}, networkConnectionEnabled: false, pageLoadStrategy: normal, platformName: windows, proxy: Proxy(), se:cdp: ws://localhost:56026/devtoo..., se:cdpVersion: 133.0.6943.142, setWindowRect: true, strictFileInteractability: false, timeouts: {implicit: 0, pageLoad: 300000, script: 30000}, unhandledPromptBehavior: dismiss and notify, webauthn:extension:credBlob: true, webauthn:extension:largeBlob: true, webauthn:extension:minPinLength: true, webauthn:extension:prf: true, webauthn:virtualAuthenticators: true}
Element: [[ChromeDriver: chrome on windows (a11f97199af5f406f3af95a978c42887)] -> xpath: //mat-option//span]
Session ID: a11f97199af5f406f3af95a978c42887
2025-03-06 11:15:45 [main] ERROR l.i.u.t.SubmittedApplicationsPageTest - Test 'testFillNewDVPApplicationFA' failed with error: Failed to select value from dropdown.
java.lang.RuntimeException: Failed to select value from dropdown.
	at lt.insoft.uztis.pages.SubmittedApplicationsPage.selectValueByListDisabilitiesLevel_DVP(SubmittedApplicationsPage.java:1099)
	at lt.insoft.uztis.tests.SubmittedApplicationsPageTest.testFillNewDVPApplicationFA(SubmittedApplicationsPageTest.java:662)
	at java.base/jdk.internal.reflect.DirectMethodHandleAccessor.invoke(DirectMethodHandleAccessor.java:103)
	at java.base/java.lang.reflect.Method.invoke(Method.java:580)
	at org.junit.platform.commons.util.ReflectionUtils.invokeMethod(ReflectionUtils.java:728)
	at org.junit.jupiter.engine.execution.MethodInvocation.proceed(MethodInvocation.java:60)
	at org.junit.jupiter.engine.execution.InvocationInterceptorChain$ValidatingInvocation.proceed(InvocationInterceptorChain.java:131)
	at org.junit.jupiter.engine.extension.TimeoutExtension.intercept(TimeoutExtension.java:156)
	at org.junit.jupiter.engine.extension.TimeoutExtension.interceptTestableMethod(TimeoutExtension.java:147)
	at org.junit.jupiter.engine.extension.TimeoutExtension.interceptTestMethod(TimeoutExtension.java:86)
	at org.junit.jupiter.engine.execution.InterceptingExecutableInvoker$ReflectiveInterceptorCall.lambda$ofVoidMethod$0(InterceptingExecutableInvoker.java:103)
	at org.junit.jupiter.engine.execution.InterceptingExecutableInvoker.lambda$invoke$0(InterceptingExecutableInvoker.java:93)
	at org.junit.jupiter.engine.execution.InvocationInterceptorChain$InterceptedInvocation.proceed(InvocationInterceptorChain.java:106)
	at org.junit.jupiter.engine.execution.InvocationInterceptorChain.proceed(InvocationInterceptorChain.java:64)
	at org.junit.jupiter.engine.execution.InvocationInterceptorChain.chainAndInvoke(InvocationInterceptorChain.java:45)
	at org.junit.jupiter.engine.execution.InvocationInterceptorChain.invoke(InvocationInterceptorChain.java:37)
	at org.junit.jupiter.engine.execution.InterceptingExecutableInvoker.invoke(InterceptingExecutableInvoker.java:92)
	at org.junit.jupiter.engine.execution.InterceptingExecutableInvoker.invoke(InterceptingExecutableInvoker.java:86)
	at org.junit.jupiter.engine.descriptor.TestMethodTestDescriptor.lambda$invokeTestMethod$7(TestMethodTestDescriptor.java:218)
	at org.junit.platform.engine.support.hierarchical.ThrowableCollector.execute(ThrowableCollector.java:73)
	at org.junit.jupiter.engine.descriptor.TestMethodTestDescriptor.invokeTestMethod(TestMethodTestDescriptor.java:214)
	at org.junit.jupiter.engine.descriptor.TestMethodTestDescriptor.execute(TestMethodTestDescriptor.java:139)
	at org.junit.jupiter.engine.descriptor.TestMethodTestDescriptor.execute(TestMethodTestDescriptor.java:69)
	at org.junit.platform.engine.support.hierarchical.NodeTestTask.lambda$executeRecursively$6(NodeTestTask.java:151)
	at org.junit.platform.engine.support.hierarchical.ThrowableCollector.execute(ThrowableCollector.java:73)
	at org.junit.platform.engine.support.hierarchical.NodeTestTask.lambda$executeRecursively$8(NodeTestTask.java:141)
	at org.junit.platform.engine.support.hierarchical.Node.around(Node.java:137)
	at org.junit.platform.engine.support.hierarchical.NodeTestTask.lambda$executeRecursively$9(NodeTestTask.java:139)
	at org.junit.platform.engine.support.hierarchical.ThrowableCollector.execute(ThrowableCollector.java:73)
	at org.junit.platform.engine.support.hierarchical.NodeTestTask.executeRecursively(NodeTestTask.java:138)
	at org.junit.platform.engine.support.hierarchical.NodeTestTask.execute(NodeTestTask.java:95)
	at java.base/java.util.ArrayList.forEach(ArrayList.java:1596)
	at org.junit.platform.engine.support.hierarchical.SameThreadHierarchicalTestExecutorService.invokeAll(SameThreadHierarchicalTestExecutorService.java:41)
	at org.junit.platform.engine.support.hierarchical.NodeTestTask.lambda$executeRecursively$6(NodeTestTask.java:155)
	at org.junit.platform.engine.support.hierarchical.ThrowableCollector.execute(ThrowableCollector.java:73)
	at org.junit.platform.engine.support.hierarchical.NodeTestTask.lambda$executeRecursively$8(NodeTestTask.java:141)
	at org.junit.platform.engine.support.hierarchical.Node.around(Node.java:137)
	at org.junit.platform.engine.support.hierarchical.NodeTestTask.lambda$executeRecursively$9(NodeTestTask.java:139)
	at org.junit.platform.engine.support.hierarchical.ThrowableCollector.execute(ThrowableCollector.java:73)
	at org.junit.platform.engine.support.hierarchical.NodeTestTask.executeRecursively(NodeTestTask.java:138)
	at org.junit.platform.engine.support.hierarchical.NodeTestTask.execute(NodeTestTask.java:95)
	at java.base/java.util.ArrayList.forEach(ArrayList.java:1596)
	at org.junit.platform.engine.support.hierarchical.SameThreadHierarchicalTestExecutorService.invokeAll(SameThreadHierarchicalTestExecutorService.java:41)
	at org.junit.platform.engine.support.hierarchical.NodeTestTask.lambda$executeRecursively$6(NodeTestTask.java:155)
	at org.junit.platform.engine.support.hierarchical.ThrowableCollector.execute(ThrowableCollector.java:73)
	at org.junit.platform.engine.support.hierarchical.NodeTestTask.lambda$executeRecursively$8(NodeTestTask.java:141)
	at org.junit.platform.engine.support.hierarchical.Node.around(Node.java:137)
	at org.junit.platform.engine.support.hierarchical.NodeTestTask.lambda$executeRecursively$9(NodeTestTask.java:139)
	at org.junit.platform.engine.support.hierarchical.ThrowableCollector.execute(ThrowableCollector.java:73)
	at org.junit.platform.engine.support.hierarchical.NodeTestTask.executeRecursively(NodeTestTask.java:138)
	at org.junit.platform.engine.support.hierarchical.NodeTestTask.execute(NodeTestTask.java:95)
	at org.junit.platform.engine.support.hierarchical.SameThreadHierarchicalTestExecutorService.submit(SameThreadHierarchicalTestExecutorService.java:35)
	at org.junit.platform.engine.support.hierarchical.HierarchicalTestExecutor.execute(HierarchicalTestExecutor.java:57)
	at org.junit.platform.engine.support.hierarchical.HierarchicalTestEngine.execute(HierarchicalTestEngine.java:54)
	at org.junit.platform.launcher.core.EngineExecutionOrchestrator.execute(EngineExecutionOrchestrator.java:198)
	at org.junit.platform.launcher.core.EngineExecutionOrchestrator.execute(EngineExecutionOrchestrator.java:169)
	at org.junit.platform.launcher.core.EngineExecutionOrchestrator.execute(EngineExecutionOrchestrator.java:93)
	at org.junit.platform.launcher.core.EngineExecutionOrchestrator.lambda$execute$0(EngineExecutionOrchestrator.java:58)
	at org.junit.platform.launcher.core.EngineExecutionOrchestrator.withInterceptedStreams(EngineExecutionOrchestrator.java:141)
	at org.junit.platform.launcher.core.EngineExecutionOrchestrator.execute(EngineExecutionOrchestrator.java:57)
	at org.junit.platform.launcher.core.DefaultLauncher.execute(DefaultLauncher.java:103)
	at org.junit.platform.launcher.core.DefaultLauncher.execute(DefaultLauncher.java:85)
	at org.junit.platform.launcher.core.DelegatingLauncher.execute(DelegatingLauncher.java:47)
	at org.junit.platform.launcher.core.SessionPerRequestLauncher.execute(SessionPerRequestLauncher.java:63)
	at com.intellij.junit5.JUnit5IdeaTestRunner.startRunnerWithArgs(JUnit5IdeaTestRunner.java:57)
	at com.intellij.rt.junit.IdeaTestRunner$Repeater$1.execute(IdeaTestRunner.java:38)
	at com.intellij.rt.execution.junit.TestsRepeater.repeat(TestsRepeater.java:11)
	at com.intellij.rt.junit.IdeaTestRunner$Repeater.startRunnerWithArgs(IdeaTestRunner.java:35)
	at com.intellij.rt.junit.JUnitStarter.prepareStreamsAndStart(JUnitStarter.java:232)
	at com.intellij.rt.junit.JUnitStarter.main(JUnitStarter.java:55)
Caused by: org.openqa.selenium.StaleElementReferenceException: stale element reference: stale element not found in the current frame
  (Session info: chrome=133.0.6943.142)
For documentation on this error, please visit: https://www.selenium.dev/documentation/webdriver/troubleshooting/errors#stale-element-reference-exception
Build info: version: '4.27.0', revision: 'd6e718d134'
System info: os.name: 'Windows 11', os.arch: 'amd64', os.version: '10.0', java.version: '21.0.3'
Driver info: org.openqa.selenium.chrome.ChromeDriver
Command: [a11f97199af5f406f3af95a978c42887, clickElement {id=f.4931FCB43646B447270ED364033C33A7.d.89187F3B212D858EDB81168A706CDFC6.e.2491}]
Capabilities {acceptInsecureCerts: false, browserName: chrome, browserVersion: 133.0.6943.142, chrome: {chromedriverVersion: 133.0.6943.141 (2a5d6da0d61..., userDataDir: C:\Users\INGRID~1.ZAD\AppDa...}, fedcm:accounts: true, goog:chromeOptions: {debuggerAddress: localhost:56026}, networkConnectionEnabled: false, pageLoadStrategy: normal, platformName: windows, proxy: Proxy(), se:cdp: ws://localhost:56026/devtoo..., se:cdpVersion: 133.0.6943.142, setWindowRect: true, strictFileInteractability: false, timeouts: {implicit: 0, pageLoad: 300000, script: 30000}, unhandledPromptBehavior: dismiss and notify, webauthn:extension:credBlob: true, webauthn:extension:largeBlob: true, webauthn:extension:minPinLength: true, webauthn:extension:prf: true, webauthn:virtualAuthenticators: true}
Element: [[ChromeDriver: chrome on windows (a11f97199af5f406f3af95a978c42887)] -> xpath: //mat-option//span]
Session ID: a11f97199af5f406f3af95a978c42887
	at java.base/jdk.internal.reflect.DirectConstructorHandleAccessor.newInstance(DirectConstructorHandleAccessor.java:62)
	at java.base/java.lang.reflect.Constructor.newInstanceWithCaller(Constructor.java:502)
	at java.base/java.lang.reflect.Constructor.newInstance(Constructor.java:486)
	at org.openqa.selenium.remote.ErrorCodec.decode(ErrorCodec.java:167)
	at org.openqa.selenium.remote.codec.w3c.W3CHttpResponseCodec.decode(W3CHttpResponseCodec.java:138)
	at org.openqa.selenium.remote.codec.w3c.W3CHttpResponseCodec.decode(W3CHttpResponseCodec.java:50)
	at org.openqa.selenium.remote.HttpCommandExecutor.execute(HttpCommandExecutor.java:190)
	at org.openqa.selenium.remote.service.DriverCommandExecutor.invokeExecute(DriverCommandExecutor.java:216)
	at org.openqa.selenium.remote.service.DriverCommandExecutor.execute(DriverCommandExecutor.java:174)
	at org.openqa.selenium.remote.RemoteWebDriver.execute(RemoteWebDriver.java:545)
	at org.openqa.selenium.remote.RemoteWebElement.execute(RemoteWebElement.java:223)
	at org.openqa.selenium.remote.RemoteWebElement.click(RemoteWebElement.java:76)
	at lt.insoft.uztis.pages.SubmittedApplicationsPage.selectValueByListDisabilitiesLevel_DVP(SubmittedApplicationsPage.java:1072)
	... 69 common frames omitted
2025-03-06 11:15:46 [main] INFO  l.insoft.uztis.tests.utils.TestUtils - Screenshot moved to C:\Users\ingrida.zadorozniene\Desktop\Asm\UZTIS\UZTIS_tests\test-output\screenshots\20250306\111546097_testFillNewDVPApplicationFA().png
2025-03-06 11:18:53 [main] INFO  lt.insoft.uztis.tests.UztisPageTest - Navigated to https://uztisdev.asseco.lt/home
2025-03-06 11:18:53 [main] INFO  l.i.u.t.SubmittedApplicationsPageTest - Starting test:'testFillNewDVPApplicationFA'
2025-03-06 11:18:53 [main] DEBUG l.i.u.t.SubmittedApplicationsPageTest - User logged in with test credentials.
2025-03-06 11:18:54 [main] DEBUG l.i.u.t.SubmittedApplicationsPageTest - Opened 'Application Processing' menu.
2025-03-06 11:18:54 [main] DEBUG l.i.u.t.SubmittedApplicationsPageTest - Clicked on 'Application Forms' menu.
2025-03-06 11:18:55 [main] DEBUG l.i.u.t.SubmittedApplicationsPageTest - Retrieved last description code text: 'TST-DVP-22'.
2025-03-06 11:18:55 [main] DEBUG l.i.u.t.SubmittedApplicationsPageTest - Clicked on 'Invitation' menu.
2025-03-06 11:18:56 [main] DEBUG l.i.u.t.SubmittedApplicationsPageTest - Selected application section by code: 'TST-DVP-22'.
2025-03-06 11:18:56 [main] DEBUG l.i.u.t.SubmittedApplicationsPageTest - Clicked 'Search' button.
2025-03-06 11:18:56 [main] DEBUG l.i.u.t.SubmittedApplicationsPageTest - Retrieved invitation code: ''.
2025-03-06 11:18:56 [main] DEBUG l.i.u.t.SubmittedApplicationsPageTest - Clicked on 'Submitted Applications' menu.
2025-03-06 11:18:57 [main] DEBUG l.i.u.t.SubmittedApplicationsPageTest - Selected invitation by code: 'TST-DVP-22'.
2025-03-06 11:18:57 [main] DEBUG l.i.u.t.SubmittedApplicationsPageTest - Invitation code inserted.
2025-03-06 11:18:57 [main] DEBUG l.i.u.t.SubmittedApplicationsPageTest - Clicked on 'Action Application' button.
2025-03-06 11:18:58 [main] DEBUG l.i.u.t.SubmittedApplicationsPageTest - Clicked on 'New Application' button.
2025-03-06 11:18:58 [main] DEBUG l.i.u.t.SubmittedApplicationsPageTest - Selected the 'RadioButtonFA' option.
2025-03-06 11:18:58 [main] DEBUG l.i.u.t.SubmittedApplicationsPageTest - Entered phone number: '61298745'.
2025-03-06 11:18:59 [main] DEBUG l.i.u.t.SubmittedApplicationsPageTest - Entered email: 'test@autotest.com'.
2025-03-06 11:18:59 [main] DEBUG l.i.u.t.SubmittedApplicationsPageTest - Checked 'For workplace adaptation' checkbox 1.
2025-03-06 11:18:59 [main] DEBUG l.i.u.t.SubmittedApplicationsPageTest - Checked 'For environmental adaptation' checkbox 2.
2025-03-06 11:18:59 [main] INFO  l.i.u.p.SubmittedApplicationsPage - Located the dropdown button.
2025-03-06 11:19:19 [main] INFO  l.i.u.p.SubmittedApplicationsPage - Found 1741 options in the dropdown.
2025-03-06 11:19:19 [main] INFO  l.i.u.p.SubmittedApplicationsPage - Successfully selected the value: '01.11 - Grūdinių (išskyrus ryžius), ankštinių ir aliejingų sėklų augalų auginimas'
2025-03-06 11:19:30 [main] ERROR l.i.u.p.SubmittedApplicationsPage - Failed to close the dropdown with aria-expanded = 'false'. Attempting manual close.
2025-03-06 11:19:30 [main] INFO  l.i.u.p.SubmittedApplicationsPage - Manual close attempt for the dropdown using body click.
2025-03-06 11:19:30 [main] DEBUG l.i.u.t.SubmittedApplicationsPageTest - Selected EVRK value: '01.11 - Grūdinių (išskyrus ryžius), ankštinių ir aliejingų sėklų augalų auginimas'.
2025-03-06 11:19:30 [main] DEBUG l.i.u.t.SubmittedApplicationsPageTest - Clicked on 'Address Component' button.
2025-03-06 11:19:30 [main] INFO  l.i.u.p.SubmittedApplicationsPage - Located the dropdown button.
2025-03-06 11:19:33 [main] INFO  l.i.u.p.SubmittedApplicationsPage - Successfully selected the value: 'Lietuva'
2025-03-06 11:19:33 [main] DEBUG l.i.u.t.SubmittedApplicationsPageTest - Selected country: 'Lietuva'.
2025-03-06 11:19:33 [main] INFO  l.i.u.p.SubmittedApplicationsPage - Located the dropdown search field.
2025-03-06 11:19:33 [main] INFO  l.i.u.p.SubmittedApplicationsPage - Dropdown city is opened.
2025-03-06 11:19:34 [main] INFO  l.i.u.p.SubmittedApplicationsPage - Searched for value: 'Vilnius'
2025-03-06 11:19:34 [main] INFO  l.i.u.p.SubmittedApplicationsPage - Successfully selected: 'Vilnius'
2025-03-06 11:19:34 [main] INFO  l.i.u.p.SubmittedApplicationsPage - Located the dropdown button.
2025-03-06 11:19:35 [main] INFO  l.i.u.p.SubmittedApplicationsPage - Successfully selected the value: 'A. Domaševičiaus g.'
2025-03-06 11:19:35 [main] DEBUG l.i.u.t.SubmittedApplicationsPageTest - Selected street: 'A. Domaševičiaus g.'.
2025-03-06 11:19:35 [main] INFO  l.i.u.p.SubmittedApplicationsPage - Located the dropdown button.
2025-03-06 11:19:36 [main] INFO  l.i.u.p.SubmittedApplicationsPage - Successfully selected the value: '1'
2025-03-06 11:19:36 [main] DEBUG l.i.u.t.SubmittedApplicationsPageTest - Selected house: '1'.
2025-03-06 11:19:36 [main] INFO  l.i.u.p.SubmittedApplicationsPage - Located the dropdown button.
2025-03-06 11:19:37 [main] INFO  l.i.u.p.SubmittedApplicationsPage - Successfully selected the value: '1'
2025-03-06 11:19:37 [main] DEBUG l.i.u.t.SubmittedApplicationsPageTest - Selected apartment: '1'.
2025-03-06 11:19:37 [main] DEBUG l.i.u.t.SubmittedApplicationsPageTest - Clicked 'Confirm' button.
2025-03-06 11:19:37 [main] DEBUG l.i.u.t.SubmittedApplicationsPageTest - Selected 'For already working' option.
2025-03-06 11:19:37 [main] DEBUG l.i.u.t.SubmittedApplicationsPageTest - Entered person count1: '1'.
2025-03-06 11:19:37 [main] DEBUG l.i.u.t.SubmittedApplicationsPageTest - Selected 'For new working' option.
2025-03-06 11:19:38 [main] DEBUG l.i.u.t.SubmittedApplicationsPageTest - Entered person count2: '1'.
2025-03-06 11:19:38 [main] DEBUG l.i.u.t.SubmittedApplicationsPageTest - Clicked 'Next' button after checkboxes.
2025-03-06 11:19:38 [main] INFO  l.i.u.p.SubmittedApplicationsPage - Located the dropdown button.
2025-03-06 11:19:39 [main] INFO  l.i.u.p.SubmittedApplicationsPage - Successfully selected the value: 'Administratoriai'
2025-03-06 11:19:39 [main] DEBUG l.i.u.t.SubmittedApplicationsPageTest - Selected adaptable job name: 'Administratoriai'.
2025-03-06 11:19:39 [main] DEBUG l.i.u.t.SubmittedApplicationsPageTest - Entered job date.
2025-03-06 11:19:39 [main] DEBUG l.i.u.t.SubmittedApplicationsPageTest - Entered job function: 'Funkcija 1'.
2025-03-06 11:19:39 [main] DEBUG l.i.u.t.SubmittedApplicationsPageTest - Selected 'For already working' 'no' option.
2025-03-06 11:19:39 [main] INFO  l.i.u.p.SubmittedApplicationsPage - Clicking on the dropdown button.
2025-03-06 11:19:40 [main] INFO  l.i.u.p.SubmittedApplicationsPage - Found 6 options in the dropdown.
2025-03-06 11:19:40 [main] DEBUG l.i.u.p.SubmittedApplicationsPage - Checking option: 'Lengvo neįgalumo lygis ar 45-55 procentų dalyvumo lygis (iki 2023 m. gruodžio 31 d. – 45-55 procentų darbingumo lygis)'
2025-03-06 11:19:40 [main] DEBUG l.i.u.p.SubmittedApplicationsPage - Checking option: 'Lengvo neįgalumo lygis ar 45-55 procentų dalyvumo lygis (iki 2023 m. gruodžio 31 d. – 45-55 procentų darbingumo lygis)'
2025-03-06 11:19:40 [main] DEBUG l.i.u.p.SubmittedApplicationsPage - Checking option: 'Sunkaus neįgalumo lygis ar neviršijantis 25 procentų dalyvumo lygis (iki 2023 metų gruodžio 31 dienos – iki 25 procentų darbingumo lygis)'
2025-03-06 11:19:40 [main] INFO  l.i.u.p.SubmittedApplicationsPage - Successfully selected the value: 'Sunkaus neįgalumo lygis ar neviršijantis 25 procentų dalyvumo lygis (iki 2023 metų gruodžio 31 dienos – iki 25 procentų darbingumo lygis)'
2025-03-06 11:19:40 [main] INFO  l.i.u.p.SubmittedApplicationsPage - Attempting to close the dropdown.
2025-03-06 11:19:41 [main] DEBUG l.i.u.t.SubmittedApplicationsPageTest - Selected disabilities type: 'Sunkaus neįgalumo lygis ar neviršijantis 25 procentų dalyvumo lygis (iki 2023 metų gruodžio 31 dienos – iki 25 procentų darbingumo lygis)'.
2025-03-06 11:19:41 [main] DEBUG l.i.u.t.SubmittedApplicationsPageTest - Entered disability information: 'Negalia 1'.
2025-03-06 11:19:41 [main] DEBUG l.i.u.t.SubmittedApplicationsPageTest - Entered qualification: 'Kvalifikacija 1'.
2025-03-06 11:19:41 [main] DEBUG l.i.u.t.SubmittedApplicationsPageTest - Entered job description: 'Darbo vietos aprašymas 1'.
2025-03-06 11:19:42 [main] DEBUG l.i.u.t.SubmittedApplicationsPageTest - Entered equipment description: 'Priemonių įsigyjimas 1'.
2025-03-06 11:19:42 [main] DEBUG l.i.u.t.SubmittedApplicationsPageTest - Entered work information: 'Darbai 1'.
2025-03-06 11:19:42 [main] INFO  l.i.u.p.SubmittedApplicationsPage - Located the dropdown button.
2025-03-06 11:19:42 [main] INFO  l.i.u.p.SubmittedApplicationsPage - Successfully selected the value: 'Kita'
2025-03-06 11:19:42 [main] DEBUG l.i.u.t.SubmittedApplicationsPageTest - Selected time mode: 'Kita'.
2025-03-06 11:19:43 [main] DEBUG l.i.u.t.SubmittedApplicationsPageTest - Selected time mode other: '6 val. per dieną ir 4 d. per savaitę'.
2025-03-06 11:19:43 [main] DEBUG l.i.u.t.SubmittedApplicationsPageTest - Entered salary amount: '1200'.
2025-03-06 11:19:43 [main] DEBUG l.i.u.t.SubmittedApplicationsPageTest - Selected 'Temporary Job' radio button.
2025-03-06 11:19:43 [main] DEBUG l.i.u.t.SubmittedApplicationsPageTest - Selected 'Season Job' radio button.
2025-03-06 11:19:43 [main] DEBUG l.i.u.t.SubmittedApplicationsPageTest - Selected 'PVM' radio button.
2025-03-06 11:19:43 [main] INFO  l.i.u.p.SubmittedApplicationsPage - Located the dropdown button.
2025-03-06 11:19:44 [main] INFO  l.i.u.p.SubmittedApplicationsPage - Successfully selected the value: 'Darbo vietos pritaikymui'
2025-03-06 11:19:44 [main] DEBUG l.i.u.t.SubmittedApplicationsPageTest - Selected adaptable job name: 'Darbo vietos pritaikymui'.
2025-03-06 11:19:44 [main] DEBUG l.i.u.p.SubmittedApplicationsPage - Located the dropdown button 'Reikalinga'.
2025-03-06 11:19:44 [main] WARN  l.i.u.p.SubmittedApplicationsPage - Dropdown value 'Įsigyti' not found.
2025-03-06 11:19:54 [main] ERROR l.i.u.p.SubmittedApplicationsPage - Timeout while waiting for dropdown to close with aria-expanded = 'false'.
2025-03-06 11:19:54 [main] DEBUG l.i.u.t.SubmittedApplicationsPageTest - Selected necessary for job: 'Įsigyti'.
2025-03-06 11:19:54 [main] DEBUG l.i.u.t.SubmittedApplicationsPageTest - Selected tool: 'Darbo priemonė 1'.
2025-03-06 11:19:55 [main] DEBUG l.i.u.t.SubmittedApplicationsPageTest - Selected tool parameter one: 'Darbo priemonės 1 parametras 1'.
2025-03-06 11:19:55 [main] DEBUG l.i.u.t.SubmittedApplicationsPageTest - Selected tool parameter two: 'Darbo priemonės 1 parametras 2'.
2025-03-06 11:19:55 [main] DEBUG l.i.u.t.SubmittedApplicationsPageTest - Selected tool parameter three: 'Darbo priemonės 1 parametras 3'.
2025-03-06 11:19:55 [main] DEBUG l.i.u.t.SubmittedApplicationsPageTest - Entered tool count: '1'.
2025-03-06 11:19:55 [main] DEBUG l.i.u.t.SubmittedApplicationsPageTest - Entered price amount: '1000'.
2025-03-06 11:19:55 [main] DEBUG l.i.u.t.SubmittedApplicationsPageTest - Entered own funds amount: '800'.
2025-03-06 11:19:57 [main] ERROR l.i.u.t.SubmittedApplicationsPageTest - Test 'testFillNewDVPApplicationFA' failed with error: element click intercepted: Element <input type="radio" class="mdc-radio__native-control" id="mat-radio-14-input" name="mat-radio-group-7" value="true" tabindex="0"> is not clickable at point (360, 658). Other element would receive the click: <div class="cdk-overlay-backdrop cdk-overlay-transparent-backdrop cdk-overlay-backdrop-showing"></div>
  (Session info: chrome=133.0.6943.142)
Build info: version: '4.27.0', revision: 'd6e718d134'
System info: os.name: 'Windows 11', os.arch: 'amd64', os.version: '10.0', java.version: '21.0.3'
Driver info: org.openqa.selenium.chrome.ChromeDriver
Command: [810bff9b4c871d11d9dd5a1fc772ac92, clickElement {id=f.9EA6BE03E027591BE7B1710585E167FE.d.FBFAB483BB2DCF6A3A780835CAE06E36.e.2413}]
Capabilities {acceptInsecureCerts: false, browserName: chrome, browserVersion: 133.0.6943.142, chrome: {chromedriverVersion: 133.0.6943.141 (2a5d6da0d61..., userDataDir: C:\Users\INGRID~1.ZAD\AppDa...}, fedcm:accounts: true, goog:chromeOptions: {debuggerAddress: localhost:64995}, networkConnectionEnabled: false, pageLoadStrategy: normal, platformName: windows, proxy: Proxy(), se:cdp: ws://localhost:64995/devtoo..., se:cdpVersion: 133.0.6943.142, setWindowRect: true, strictFileInteractability: false, timeouts: {implicit: 0, pageLoad: 300000, script: 30000}, unhandledPromptBehavior: dismiss and notify, webauthn:extension:credBlob: true, webauthn:extension:largeBlob: true, webauthn:extension:minPinLength: true, webauthn:extension:prf: true, webauthn:virtualAuthenticators: true}
Element: [[ChromeDriver: chrome on windows (810bff9b4c871d11d9dd5a1fc772ac92)] -> xpath: (//input[@type='radio' and @value='true'])[7]]
Session ID: 810bff9b4c871d11d9dd5a1fc772ac92
org.openqa.selenium.ElementClickInterceptedException: element click intercepted: Element <input type="radio" class="mdc-radio__native-control" id="mat-radio-14-input" name="mat-radio-group-7" value="true" tabindex="0"> is not clickable at point (360, 658). Other element would receive the click: <div class="cdk-overlay-backdrop cdk-overlay-transparent-backdrop cdk-overlay-backdrop-showing"></div>
  (Session info: chrome=133.0.6943.142)
Build info: version: '4.27.0', revision: 'd6e718d134'
System info: os.name: 'Windows 11', os.arch: 'amd64', os.version: '10.0', java.version: '21.0.3'
Driver info: org.openqa.selenium.chrome.ChromeDriver
Command: [810bff9b4c871d11d9dd5a1fc772ac92, clickElement {id=f.9EA6BE03E027591BE7B1710585E167FE.d.FBFAB483BB2DCF6A3A780835CAE06E36.e.2413}]
Capabilities {acceptInsecureCerts: false, browserName: chrome, browserVersion: 133.0.6943.142, chrome: {chromedriverVersion: 133.0.6943.141 (2a5d6da0d61..., userDataDir: C:\Users\INGRID~1.ZAD\AppDa...}, fedcm:accounts: true, goog:chromeOptions: {debuggerAddress: localhost:64995}, networkConnectionEnabled: false, pageLoadStrategy: normal, platformName: windows, proxy: Proxy(), se:cdp: ws://localhost:64995/devtoo..., se:cdpVersion: 133.0.6943.142, setWindowRect: true, strictFileInteractability: false, timeouts: {implicit: 0, pageLoad: 300000, script: 30000}, unhandledPromptBehavior: dismiss and notify, webauthn:extension:credBlob: true, webauthn:extension:largeBlob: true, webauthn:extension:minPinLength: true, webauthn:extension:prf: true, webauthn:virtualAuthenticators: true}
Element: [[ChromeDriver: chrome on windows (810bff9b4c871d11d9dd5a1fc772ac92)] -> xpath: (//input[@type='radio' and @value='true'])[7]]
Session ID: 810bff9b4c871d11d9dd5a1fc772ac92
	at java.base/jdk.internal.reflect.DirectConstructorHandleAccessor.newInstance(DirectConstructorHandleAccessor.java:62)
	at java.base/java.lang.reflect.Constructor.newInstanceWithCaller(Constructor.java:502)
	at java.base/java.lang.reflect.Constructor.newInstance(Constructor.java:486)
	at org.openqa.selenium.remote.ErrorCodec.decode(ErrorCodec.java:167)
	at org.openqa.selenium.remote.codec.w3c.W3CHttpResponseCodec.decode(W3CHttpResponseCodec.java:138)
	at org.openqa.selenium.remote.codec.w3c.W3CHttpResponseCodec.decode(W3CHttpResponseCodec.java:50)
	at org.openqa.selenium.remote.HttpCommandExecutor.execute(HttpCommandExecutor.java:190)
	at org.openqa.selenium.remote.service.DriverCommandExecutor.invokeExecute(DriverCommandExecutor.java:216)
	at org.openqa.selenium.remote.service.DriverCommandExecutor.execute(DriverCommandExecutor.java:174)
	at org.openqa.selenium.remote.RemoteWebDriver.execute(RemoteWebDriver.java:545)
	at org.openqa.selenium.remote.RemoteWebElement.execute(RemoteWebElement.java:223)
	at org.openqa.selenium.remote.RemoteWebElement.click(RemoteWebElement.java:76)
	at java.base/jdk.internal.reflect.DirectMethodHandleAccessor.invoke(DirectMethodHandleAccessor.java:103)
	at java.base/java.lang.reflect.Method.invoke(Method.java:580)
	at org.openqa.selenium.support.pagefactory.internal.LocatingElementHandler.invoke(LocatingElementHandler.java:51)
	at jdk.proxy2/jdk.proxy2.$Proxy14.click(Unknown Source)
	at lt.insoft.uztis.pages.SubmittedApplicationsPage.clickRadioButtonDeMinimis(SubmittedApplicationsPage.java:1474)
	at lt.insoft.uztis.tests.SubmittedApplicationsPageTest.testFillNewDVPApplicationFA(SubmittedApplicationsPageTest.java:742)
	at java.base/jdk.internal.reflect.DirectMethodHandleAccessor.invoke(DirectMethodHandleAccessor.java:103)
	at java.base/java.lang.reflect.Method.invoke(Method.java:580)
	at org.junit.platform.commons.util.ReflectionUtils.invokeMethod(ReflectionUtils.java:728)
	at org.junit.jupiter.engine.execution.MethodInvocation.proceed(MethodInvocation.java:60)
	at org.junit.jupiter.engine.execution.InvocationInterceptorChain$ValidatingInvocation.proceed(InvocationInterceptorChain.java:131)
	at org.junit.jupiter.engine.extension.TimeoutExtension.intercept(TimeoutExtension.java:156)
	at org.junit.jupiter.engine.extension.TimeoutExtension.interceptTestableMethod(TimeoutExtension.java:147)
	at org.junit.jupiter.engine.extension.TimeoutExtension.interceptTestMethod(TimeoutExtension.java:86)
	at org.junit.jupiter.engine.execution.InterceptingExecutableInvoker$ReflectiveInterceptorCall.lambda$ofVoidMethod$0(InterceptingExecutableInvoker.java:103)
	at org.junit.jupiter.engine.execution.InterceptingExecutableInvoker.lambda$invoke$0(InterceptingExecutableInvoker.java:93)
	at org.junit.jupiter.engine.execution.InvocationInterceptorChain$InterceptedInvocation.proceed(InvocationInterceptorChain.java:106)
	at org.junit.jupiter.engine.execution.InvocationInterceptorChain.proceed(InvocationInterceptorChain.java:64)
	at org.junit.jupiter.engine.execution.InvocationInterceptorChain.chainAndInvoke(InvocationInterceptorChain.java:45)
	at org.junit.jupiter.engine.execution.InvocationInterceptorChain.invoke(InvocationInterceptorChain.java:37)
	at org.junit.jupiter.engine.execution.InterceptingExecutableInvoker.invoke(InterceptingExecutableInvoker.java:92)
	at org.junit.jupiter.engine.execution.InterceptingExecutableInvoker.invoke(InterceptingExecutableInvoker.java:86)
	at org.junit.jupiter.engine.descriptor.TestMethodTestDescriptor.lambda$invokeTestMethod$7(TestMethodTestDescriptor.java:218)
	at org.junit.platform.engine.support.hierarchical.ThrowableCollector.execute(ThrowableCollector.java:73)
	at org.junit.jupiter.engine.descriptor.TestMethodTestDescriptor.invokeTestMethod(TestMethodTestDescriptor.java:214)
	at org.junit.jupiter.engine.descriptor.TestMethodTestDescriptor.execute(TestMethodTestDescriptor.java:139)
	at org.junit.jupiter.engine.descriptor.TestMethodTestDescriptor.execute(TestMethodTestDescriptor.java:69)
	at org.junit.platform.engine.support.hierarchical.NodeTestTask.lambda$executeRecursively$6(NodeTestTask.java:151)
	at org.junit.platform.engine.support.hierarchical.ThrowableCollector.execute(ThrowableCollector.java:73)
	at org.junit.platform.engine.support.hierarchical.NodeTestTask.lambda$executeRecursively$8(NodeTestTask.java:141)
	at org.junit.platform.engine.support.hierarchical.Node.around(Node.java:137)
	at org.junit.platform.engine.support.hierarchical.NodeTestTask.lambda$executeRecursively$9(NodeTestTask.java:139)
	at org.junit.platform.engine.support.hierarchical.ThrowableCollector.execute(ThrowableCollector.java:73)
	at org.junit.platform.engine.support.hierarchical.NodeTestTask.executeRecursively(NodeTestTask.java:138)
	at org.junit.platform.engine.support.hierarchical.NodeTestTask.execute(NodeTestTask.java:95)
	at java.base/java.util.ArrayList.forEach(ArrayList.java:1596)
	at org.junit.platform.engine.support.hierarchical.SameThreadHierarchicalTestExecutorService.invokeAll(SameThreadHierarchicalTestExecutorService.java:41)
	at org.junit.platform.engine.support.hierarchical.NodeTestTask.lambda$executeRecursively$6(NodeTestTask.java:155)
	at org.junit.platform.engine.support.hierarchical.ThrowableCollector.execute(ThrowableCollector.java:73)
	at org.junit.platform.engine.support.hierarchical.NodeTestTask.lambda$executeRecursively$8(NodeTestTask.java:141)
	at org.junit.platform.engine.support.hierarchical.Node.around(Node.java:137)
	at org.junit.platform.engine.support.hierarchical.NodeTestTask.lambda$executeRecursively$9(NodeTestTask.java:139)
	at org.junit.platform.engine.support.hierarchical.ThrowableCollector.execute(ThrowableCollector.java:73)
	at org.junit.platform.engine.support.hierarchical.NodeTestTask.executeRecursively(NodeTestTask.java:138)
	at org.junit.platform.engine.support.hierarchical.NodeTestTask.execute(NodeTestTask.java:95)
	at java.base/java.util.ArrayList.forEach(ArrayList.java:1596)
	at org.junit.platform.engine.support.hierarchical.SameThreadHierarchicalTestExecutorService.invokeAll(SameThreadHierarchicalTestExecutorService.java:41)
	at org.junit.platform.engine.support.hierarchical.NodeTestTask.lambda$executeRecursively$6(NodeTestTask.java:155)
	at org.junit.platform.engine.support.hierarchical.ThrowableCollector.execute(ThrowableCollector.java:73)
	at org.junit.platform.engine.support.hierarchical.NodeTestTask.lambda$executeRecursively$8(NodeTestTask.java:141)
	at org.junit.platform.engine.support.hierarchical.Node.around(Node.java:137)
	at org.junit.platform.engine.support.hierarchical.NodeTestTask.lambda$executeRecursively$9(NodeTestTask.java:139)
	at org.junit.platform.engine.support.hierarchical.ThrowableCollector.execute(ThrowableCollector.java:73)
	at org.junit.platform.engine.support.hierarchical.NodeTestTask.executeRecursively(NodeTestTask.java:138)
	at org.junit.platform.engine.support.hierarchical.NodeTestTask.execute(NodeTestTask.java:95)
	at org.junit.platform.engine.support.hierarchical.SameThreadHierarchicalTestExecutorService.submit(SameThreadHierarchicalTestExecutorService.java:35)
	at org.junit.platform.engine.support.hierarchical.HierarchicalTestExecutor.execute(HierarchicalTestExecutor.java:57)
	at org.junit.platform.engine.support.hierarchical.HierarchicalTestEngine.execute(HierarchicalTestEngine.java:54)
	at org.junit.platform.launcher.core.EngineExecutionOrchestrator.execute(EngineExecutionOrchestrator.java:198)
	at org.junit.platform.launcher.core.EngineExecutionOrchestrator.execute(EngineExecutionOrchestrator.java:169)
	at org.junit.platform.launcher.core.EngineExecutionOrchestrator.execute(EngineExecutionOrchestrator.java:93)
	at org.junit.platform.launcher.core.EngineExecutionOrchestrator.lambda$execute$0(EngineExecutionOrchestrator.java:58)
	at org.junit.platform.launcher.core.EngineExecutionOrchestrator.withInterceptedStreams(EngineExecutionOrchestrator.java:141)
	at org.junit.platform.launcher.core.EngineExecutionOrchestrator.execute(EngineExecutionOrchestrator.java:57)
	at org.junit.platform.launcher.core.DefaultLauncher.execute(DefaultLauncher.java:103)
	at org.junit.platform.launcher.core.DefaultLauncher.execute(DefaultLauncher.java:85)
	at org.junit.platform.launcher.core.DelegatingLauncher.execute(DelegatingLauncher.java:47)
	at org.junit.platform.launcher.core.SessionPerRequestLauncher.execute(SessionPerRequestLauncher.java:63)
	at com.intellij.junit5.JUnit5IdeaTestRunner.startRunnerWithArgs(JUnit5IdeaTestRunner.java:57)
	at com.intellij.rt.junit.IdeaTestRunner$Repeater$1.execute(IdeaTestRunner.java:38)
	at com.intellij.rt.execution.junit.TestsRepeater.repeat(TestsRepeater.java:11)
	at com.intellij.rt.junit.IdeaTestRunner$Repeater.startRunnerWithArgs(IdeaTestRunner.java:35)
	at com.intellij.rt.junit.JUnitStarter.prepareStreamsAndStart(JUnitStarter.java:232)
	at com.intellij.rt.junit.JUnitStarter.main(JUnitStarter.java:55)
2025-03-06 11:19:57 [main] INFO  l.insoft.uztis.tests.utils.TestUtils - Screenshot moved to C:\Users\ingrida.zadorozniene\Desktop\Asm\UZTIS\UZTIS_tests\test-output\screenshots\20250306\111957325_testFillNewDVPApplicationFA().png
2025-03-06 11:24:04 [main] INFO  lt.insoft.uztis.tests.UztisPageTest - Navigated to https://uztisdev.asseco.lt/home
2025-03-06 11:24:04 [main] INFO  l.i.u.t.SubmittedApplicationsPageTest - Starting test:'testFillNewDVPApplicationFA'
2025-03-06 11:24:04 [main] DEBUG l.i.u.t.SubmittedApplicationsPageTest - User logged in with test credentials.
2025-03-06 11:24:05 [main] DEBUG l.i.u.t.SubmittedApplicationsPageTest - Opened 'Application Processing' menu.
2025-03-06 11:24:05 [main] DEBUG l.i.u.t.SubmittedApplicationsPageTest - Clicked on 'Application Forms' menu.
2025-03-06 11:24:06 [main] DEBUG l.i.u.t.SubmittedApplicationsPageTest - Retrieved last description code text: 'TST-DVP-22'.
2025-03-06 11:24:06 [main] DEBUG l.i.u.t.SubmittedApplicationsPageTest - Clicked on 'Invitation' menu.
2025-03-06 11:24:07 [main] DEBUG l.i.u.t.SubmittedApplicationsPageTest - Selected application section by code: 'TST-DVP-22'.
2025-03-06 11:24:07 [main] DEBUG l.i.u.t.SubmittedApplicationsPageTest - Clicked 'Search' button.
2025-03-06 11:24:07 [main] DEBUG l.i.u.t.SubmittedApplicationsPageTest - Retrieved invitation code: ''.
2025-03-06 11:24:07 [main] DEBUG l.i.u.t.SubmittedApplicationsPageTest - Clicked on 'Submitted Applications' menu.
2025-03-06 11:24:08 [main] DEBUG l.i.u.t.SubmittedApplicationsPageTest - Selected invitation by code: 'TST-DVP-22'.
2025-03-06 11:24:08 [main] DEBUG l.i.u.t.SubmittedApplicationsPageTest - Invitation code inserted.
2025-03-06 11:24:08 [main] DEBUG l.i.u.t.SubmittedApplicationsPageTest - Clicked on 'Action Application' button.
2025-03-06 11:24:09 [main] DEBUG l.i.u.t.SubmittedApplicationsPageTest - Clicked on 'New Application' button.
2025-03-06 11:24:09 [main] DEBUG l.i.u.t.SubmittedApplicationsPageTest - Selected the 'RadioButtonFA' option.
2025-03-06 11:24:10 [main] DEBUG l.i.u.t.SubmittedApplicationsPageTest - Entered phone number: '61298745'.
2025-03-06 11:24:10 [main] DEBUG l.i.u.t.SubmittedApplicationsPageTest - Entered email: 'test@autotest.com'.
2025-03-06 11:24:10 [main] DEBUG l.i.u.t.SubmittedApplicationsPageTest - Checked 'For workplace adaptation' checkbox 1.
2025-03-06 11:24:10 [main] DEBUG l.i.u.t.SubmittedApplicationsPageTest - Checked 'For environmental adaptation' checkbox 2.
2025-03-06 11:24:10 [main] INFO  l.i.u.p.SubmittedApplicationsPage - Located the dropdown button.
2025-03-06 11:24:29 [main] INFO  l.i.u.p.SubmittedApplicationsPage - Found 1741 options in the dropdown.
2025-03-06 11:24:29 [main] INFO  l.i.u.p.SubmittedApplicationsPage - Successfully selected the value: '01.11 - Grūdinių (išskyrus ryžius), ankštinių ir aliejingų sėklų augalų auginimas'
2025-03-06 11:24:39 [main] ERROR l.i.u.p.SubmittedApplicationsPage - Failed to close the dropdown with aria-expanded = 'false'. Attempting manual close.
2025-03-06 11:24:39 [main] INFO  l.i.u.p.SubmittedApplicationsPage - Manual close attempt for the dropdown using body click.
2025-03-06 11:24:39 [main] DEBUG l.i.u.t.SubmittedApplicationsPageTest - Selected EVRK value: '01.11 - Grūdinių (išskyrus ryžius), ankštinių ir aliejingų sėklų augalų auginimas'.
2025-03-06 11:24:39 [main] DEBUG l.i.u.t.SubmittedApplicationsPageTest - Clicked on 'Address Component' button.
2025-03-06 11:24:39 [main] INFO  l.i.u.p.SubmittedApplicationsPage - Located the dropdown button.
2025-03-06 11:24:42 [main] INFO  l.i.u.p.SubmittedApplicationsPage - Successfully selected the value: 'Lietuva'
2025-03-06 11:24:42 [main] DEBUG l.i.u.t.SubmittedApplicationsPageTest - Selected country: 'Lietuva'.
2025-03-06 11:24:42 [main] INFO  l.i.u.p.SubmittedApplicationsPage - Located the dropdown search field.
2025-03-06 11:24:42 [main] INFO  l.i.u.p.SubmittedApplicationsPage - Dropdown city is opened.
2025-03-06 11:24:42 [main] INFO  l.i.u.p.SubmittedApplicationsPage - Searched for value: 'Vilnius'
2025-03-06 11:24:43 [main] INFO  l.i.u.p.SubmittedApplicationsPage - Successfully selected: 'Vilnius'
2025-03-06 11:24:43 [main] INFO  l.i.u.p.SubmittedApplicationsPage - Located the dropdown button.
2025-03-06 11:24:43 [main] INFO  l.i.u.p.SubmittedApplicationsPage - Successfully selected the value: 'A. Domaševičiaus g.'
2025-03-06 11:24:44 [main] DEBUG l.i.u.t.SubmittedApplicationsPageTest - Selected street: 'A. Domaševičiaus g.'.
2025-03-06 11:24:44 [main] INFO  l.i.u.p.SubmittedApplicationsPage - Located the dropdown button.
2025-03-06 11:24:44 [main] INFO  l.i.u.p.SubmittedApplicationsPage - Successfully selected the value: '1'
2025-03-06 11:24:44 [main] DEBUG l.i.u.t.SubmittedApplicationsPageTest - Selected house: '1'.
2025-03-06 11:24:44 [main] INFO  l.i.u.p.SubmittedApplicationsPage - Located the dropdown button.
2025-03-06 11:24:44 [main] INFO  l.i.u.p.SubmittedApplicationsPage - Successfully selected the value: '1'
2025-03-06 11:24:44 [main] DEBUG l.i.u.t.SubmittedApplicationsPageTest - Selected apartment: '1'.
2025-03-06 11:24:44 [main] DEBUG l.i.u.t.SubmittedApplicationsPageTest - Clicked 'Confirm' button.
2025-03-06 11:24:44 [main] DEBUG l.i.u.t.SubmittedApplicationsPageTest - Selected 'For already working' option.
2025-03-06 11:24:45 [main] DEBUG l.i.u.t.SubmittedApplicationsPageTest - Entered person count1: '1'.
2025-03-06 11:24:45 [main] DEBUG l.i.u.t.SubmittedApplicationsPageTest - Selected 'For new working' option.
2025-03-06 11:24:45 [main] DEBUG l.i.u.t.SubmittedApplicationsPageTest - Entered person count2: '1'.
2025-03-06 11:24:45 [main] DEBUG l.i.u.t.SubmittedApplicationsPageTest - Clicked 'Next' button after checkboxes.
2025-03-06 11:24:45 [main] INFO  l.i.u.p.SubmittedApplicationsPage - Located the dropdown button.
2025-03-06 11:24:46 [main] INFO  l.i.u.p.SubmittedApplicationsPage - Successfully selected the value: 'Administratoriai'
2025-03-06 11:24:46 [main] DEBUG l.i.u.t.SubmittedApplicationsPageTest - Selected adaptable job name: 'Administratoriai'.
2025-03-06 11:24:46 [main] DEBUG l.i.u.t.SubmittedApplicationsPageTest - Entered job date.
2025-03-06 11:24:46 [main] DEBUG l.i.u.t.SubmittedApplicationsPageTest - Entered job function: 'Funkcija 1'.
2025-03-06 11:24:47 [main] DEBUG l.i.u.t.SubmittedApplicationsPageTest - Selected 'For already working' 'no' option.
2025-03-06 11:24:47 [main] INFO  l.i.u.p.SubmittedApplicationsPage - Clicking on the dropdown button.
2025-03-06 11:24:47 [main] INFO  l.i.u.p.SubmittedApplicationsPage - Found 6 options in the dropdown.
2025-03-06 11:24:47 [main] DEBUG l.i.u.p.SubmittedApplicationsPage - Checking option: 'Lengvo neįgalumo lygis ar 45-55 procentų dalyvumo lygis (iki 2023 m. gruodžio 31 d. – 45-55 procentų darbingumo lygis)'
2025-03-06 11:24:47 [main] DEBUG l.i.u.p.SubmittedApplicationsPage - Checking option: 'Lengvo neįgalumo lygis ar 45-55 procentų dalyvumo lygis (iki 2023 m. gruodžio 31 d. – 45-55 procentų darbingumo lygis)'
2025-03-06 11:24:47 [main] DEBUG l.i.u.p.SubmittedApplicationsPage - Checking option: 'Sunkaus neįgalumo lygis ar neviršijantis 25 procentų dalyvumo lygis (iki 2023 metų gruodžio 31 dienos – iki 25 procentų darbingumo lygis)'
2025-03-06 11:24:47 [main] INFO  l.i.u.p.SubmittedApplicationsPage - Successfully selected the value: 'Sunkaus neįgalumo lygis ar neviršijantis 25 procentų dalyvumo lygis (iki 2023 metų gruodžio 31 dienos – iki 25 procentų darbingumo lygis)'
2025-03-06 11:24:47 [main] INFO  l.i.u.p.SubmittedApplicationsPage - Attempting to close the dropdown.
2025-03-06 11:24:48 [main] DEBUG l.i.u.t.SubmittedApplicationsPageTest - Selected disabilities type: 'Sunkaus neįgalumo lygis ar neviršijantis 25 procentų dalyvumo lygis (iki 2023 metų gruodžio 31 dienos – iki 25 procentų darbingumo lygis)'.
2025-03-06 11:24:48 [main] DEBUG l.i.u.t.SubmittedApplicationsPageTest - Entered disability information: 'Negalia 1'.
2025-03-06 11:24:49 [main] DEBUG l.i.u.t.SubmittedApplicationsPageTest - Entered qualification: 'Kvalifikacija 1'.
2025-03-06 11:24:49 [main] DEBUG l.i.u.t.SubmittedApplicationsPageTest - Entered job description: 'Darbo vietos aprašymas 1'.
2025-03-06 11:24:49 [main] DEBUG l.i.u.t.SubmittedApplicationsPageTest - Entered equipment description: 'Priemonių įsigyjimas 1'.
2025-03-06 11:24:49 [main] DEBUG l.i.u.t.SubmittedApplicationsPageTest - Entered work information: 'Darbai 1'.
2025-03-06 11:24:49 [main] INFO  l.i.u.p.SubmittedApplicationsPage - Located the dropdown button.
2025-03-06 11:24:50 [main] INFO  l.i.u.p.SubmittedApplicationsPage - Successfully selected the value: 'Kita'
2025-03-06 11:24:50 [main] DEBUG l.i.u.t.SubmittedApplicationsPageTest - Selected time mode: 'Kita'.
2025-03-06 11:24:50 [main] DEBUG l.i.u.t.SubmittedApplicationsPageTest - Selected time mode other: '6 val. per dieną ir 4 d. per savaitę'.
2025-03-06 11:24:50 [main] DEBUG l.i.u.t.SubmittedApplicationsPageTest - Entered salary amount: '1200'.
2025-03-06 11:24:50 [main] DEBUG l.i.u.t.SubmittedApplicationsPageTest - Selected 'Temporary Job' radio button.
2025-03-06 11:24:51 [main] DEBUG l.i.u.t.SubmittedApplicationsPageTest - Selected 'Season Job' radio button.
2025-03-06 11:24:51 [main] DEBUG l.i.u.t.SubmittedApplicationsPageTest - Selected 'PVM' radio button.
2025-03-06 11:24:51 [main] INFO  l.i.u.p.SubmittedApplicationsPage - Located the dropdown button.
2025-03-06 11:24:51 [main] INFO  l.i.u.p.SubmittedApplicationsPage - Successfully selected the value: 'Darbo vietos pritaikymui'
2025-03-06 11:24:51 [main] DEBUG l.i.u.t.SubmittedApplicationsPageTest - Selected adaptable job name: 'Darbo vietos pritaikymui'.
2025-03-06 11:25:01 [main] ERROR l.i.u.t.SubmittedApplicationsPageTest - Test 'testFillNewDVPApplicationFA' failed with error: Expected condition failed: waiting for element to be clickable: [[ChromeDriver: chrome on windows (475d29b9da89d874832164c0463bc7f7)] -> xpath: //*[contains(text(), 'Reikalinga')]] (tried for 10 second(s) with 500 milliseconds interval)
Build info: version: '4.27.0', revision: 'd6e718d134'
System info: os.name: 'Windows 11', os.arch: 'amd64', os.version: '10.0', java.version: '21.0.3'
Driver info: org.openqa.selenium.chrome.ChromeDriver
Capabilities {acceptInsecureCerts: false, browserName: chrome, browserVersion: 133.0.6943.142, chrome: {chromedriverVersion: 133.0.6943.141 (2a5d6da0d61..., userDataDir: C:\Users\INGRID~1.ZAD\AppDa...}, fedcm:accounts: true, goog:chromeOptions: {debuggerAddress: localhost:65179}, networkConnectionEnabled: false, pageLoadStrategy: normal, platformName: windows, proxy: Proxy(), se:cdp: ws://localhost:65179/devtoo..., se:cdpVersion: 133.0.6943.142, setWindowRect: true, strictFileInteractability: false, timeouts: {implicit: 0, pageLoad: 300000, script: 30000}, unhandledPromptBehavior: dismiss and notify, webauthn:extension:credBlob: true, webauthn:extension:largeBlob: true, webauthn:extension:minPinLength: true, webauthn:extension:prf: true, webauthn:virtualAuthenticators: true}
Session ID: 475d29b9da89d874832164c0463bc7f7
org.openqa.selenium.TimeoutException: Expected condition failed: waiting for element to be clickable: [[ChromeDriver: chrome on windows (475d29b9da89d874832164c0463bc7f7)] -> xpath: //*[contains(text(), 'Reikalinga')]] (tried for 10 second(s) with 500 milliseconds interval)
Build info: version: '4.27.0', revision: 'd6e718d134'
System info: os.name: 'Windows 11', os.arch: 'amd64', os.version: '10.0', java.version: '21.0.3'
Driver info: org.openqa.selenium.chrome.ChromeDriver
Capabilities {acceptInsecureCerts: false, browserName: chrome, browserVersion: 133.0.6943.142, chrome: {chromedriverVersion: 133.0.6943.141 (2a5d6da0d61..., userDataDir: C:\Users\INGRID~1.ZAD\AppDa...}, fedcm:accounts: true, goog:chromeOptions: {debuggerAddress: localhost:65179}, networkConnectionEnabled: false, pageLoadStrategy: normal, platformName: windows, proxy: Proxy(), se:cdp: ws://localhost:65179/devtoo..., se:cdpVersion: 133.0.6943.142, setWindowRect: true, strictFileInteractability: false, timeouts: {implicit: 0, pageLoad: 300000, script: 30000}, unhandledPromptBehavior: dismiss and notify, webauthn:extension:credBlob: true, webauthn:extension:largeBlob: true, webauthn:extension:minPinLength: true, webauthn:extension:prf: true, webauthn:virtualAuthenticators: true}
Session ID: 475d29b9da89d874832164c0463bc7f7
	at org.openqa.selenium.support.ui.WebDriverWait.timeoutException(WebDriverWait.java:84)
	at org.openqa.selenium.support.ui.FluentWait.until(FluentWait.java:228)
	at lt.insoft.uztis.pages.SubmittedApplicationsPage.selectDropdownNecessaryForJobOne_DVP(SubmittedApplicationsPage.java:1309)
	at lt.insoft.uztis.tests.SubmittedApplicationsPageTest.testFillNewDVPApplicationFA(SubmittedApplicationsPageTest.java:711)
	at java.base/jdk.internal.reflect.DirectMethodHandleAccessor.invoke(DirectMethodHandleAccessor.java:103)
	at java.base/java.lang.reflect.Method.invoke(Method.java:580)
	at org.junit.platform.commons.util.ReflectionUtils.invokeMethod(ReflectionUtils.java:728)
	at org.junit.jupiter.engine.execution.MethodInvocation.proceed(MethodInvocation.java:60)
	at org.junit.jupiter.engine.execution.InvocationInterceptorChain$ValidatingInvocation.proceed(InvocationInterceptorChain.java:131)
	at org.junit.jupiter.engine.extension.TimeoutExtension.intercept(TimeoutExtension.java:156)
	at org.junit.jupiter.engine.extension.TimeoutExtension.interceptTestableMethod(TimeoutExtension.java:147)
	at org.junit.jupiter.engine.extension.TimeoutExtension.interceptTestMethod(TimeoutExtension.java:86)
	at org.junit.jupiter.engine.execution.InterceptingExecutableInvoker$ReflectiveInterceptorCall.lambda$ofVoidMethod$0(InterceptingExecutableInvoker.java:103)
	at org.junit.jupiter.engine.execution.InterceptingExecutableInvoker.lambda$invoke$0(InterceptingExecutableInvoker.java:93)
	at org.junit.jupiter.engine.execution.InvocationInterceptorChain$InterceptedInvocation.proceed(InvocationInterceptorChain.java:106)
	at org.junit.jupiter.engine.execution.InvocationInterceptorChain.proceed(InvocationInterceptorChain.java:64)
	at org.junit.jupiter.engine.execution.InvocationInterceptorChain.chainAndInvoke(InvocationInterceptorChain.java:45)
	at org.junit.jupiter.engine.execution.InvocationInterceptorChain.invoke(InvocationInterceptorChain.java:37)
	at org.junit.jupiter.engine.execution.InterceptingExecutableInvoker.invoke(InterceptingExecutableInvoker.java:92)
	at org.junit.jupiter.engine.execution.InterceptingExecutableInvoker.invoke(InterceptingExecutableInvoker.java:86)
	at org.junit.jupiter.engine.descriptor.TestMethodTestDescriptor.lambda$invokeTestMethod$7(TestMethodTestDescriptor.java:218)
	at org.junit.platform.engine.support.hierarchical.ThrowableCollector.execute(ThrowableCollector.java:73)
	at org.junit.jupiter.engine.descriptor.TestMethodTestDescriptor.invokeTestMethod(TestMethodTestDescriptor.java:214)
	at org.junit.jupiter.engine.descriptor.TestMethodTestDescriptor.execute(TestMethodTestDescriptor.java:139)
	at org.junit.jupiter.engine.descriptor.TestMethodTestDescriptor.execute(TestMethodTestDescriptor.java:69)
	at org.junit.platform.engine.support.hierarchical.NodeTestTask.lambda$executeRecursively$6(NodeTestTask.java:151)
	at org.junit.platform.engine.support.hierarchical.ThrowableCollector.execute(ThrowableCollector.java:73)
	at org.junit.platform.engine.support.hierarchical.NodeTestTask.lambda$executeRecursively$8(NodeTestTask.java:141)
	at org.junit.platform.engine.support.hierarchical.Node.around(Node.java:137)
	at org.junit.platform.engine.support.hierarchical.NodeTestTask.lambda$executeRecursively$9(NodeTestTask.java:139)
	at org.junit.platform.engine.support.hierarchical.ThrowableCollector.execute(ThrowableCollector.java:73)
	at org.junit.platform.engine.support.hierarchical.NodeTestTask.executeRecursively(NodeTestTask.java:138)
	at org.junit.platform.engine.support.hierarchical.NodeTestTask.execute(NodeTestTask.java:95)
	at java.base/java.util.ArrayList.forEach(ArrayList.java:1596)
	at org.junit.platform.engine.support.hierarchical.SameThreadHierarchicalTestExecutorService.invokeAll(SameThreadHierarchicalTestExecutorService.java:41)
	at org.junit.platform.engine.support.hierarchical.NodeTestTask.lambda$executeRecursively$6(NodeTestTask.java:155)
	at org.junit.platform.engine.support.hierarchical.ThrowableCollector.execute(ThrowableCollector.java:73)
	at org.junit.platform.engine.support.hierarchical.NodeTestTask.lambda$executeRecursively$8(NodeTestTask.java:141)
	at org.junit.platform.engine.support.hierarchical.Node.around(Node.java:137)
	at org.junit.platform.engine.support.hierarchical.NodeTestTask.lambda$executeRecursively$9(NodeTestTask.java:139)
	at org.junit.platform.engine.support.hierarchical.ThrowableCollector.execute(ThrowableCollector.java:73)
	at org.junit.platform.engine.support.hierarchical.NodeTestTask.executeRecursively(NodeTestTask.java:138)
	at org.junit.platform.engine.support.hierarchical.NodeTestTask.execute(NodeTestTask.java:95)
	at java.base/java.util.ArrayList.forEach(ArrayList.java:1596)
	at org.junit.platform.engine.support.hierarchical.SameThreadHierarchicalTestExecutorService.invokeAll(SameThreadHierarchicalTestExecutorService.java:41)
	at org.junit.platform.engine.support.hierarchical.NodeTestTask.lambda$executeRecursively$6(NodeTestTask.java:155)
	at org.junit.platform.engine.support.hierarchical.ThrowableCollector.execute(ThrowableCollector.java:73)
	at org.junit.platform.engine.support.hierarchical.NodeTestTask.lambda$executeRecursively$8(NodeTestTask.java:141)
	at org.junit.platform.engine.support.hierarchical.Node.around(Node.java:137)
	at org.junit.platform.engine.support.hierarchical.NodeTestTask.lambda$executeRecursively$9(NodeTestTask.java:139)
	at org.junit.platform.engine.support.hierarchical.ThrowableCollector.execute(ThrowableCollector.java:73)
	at org.junit.platform.engine.support.hierarchical.NodeTestTask.executeRecursively(NodeTestTask.java:138)
	at org.junit.platform.engine.support.hierarchical.NodeTestTask.execute(NodeTestTask.java:95)
	at org.junit.platform.engine.support.hierarchical.SameThreadHierarchicalTestExecutorService.submit(SameThreadHierarchicalTestExecutorService.java:35)
	at org.junit.platform.engine.support.hierarchical.HierarchicalTestExecutor.execute(HierarchicalTestExecutor.java:57)
	at org.junit.platform.engine.support.hierarchical.HierarchicalTestEngine.execute(HierarchicalTestEngine.java:54)
	at org.junit.platform.launcher.core.EngineExecutionOrchestrator.execute(EngineExecutionOrchestrator.java:198)
	at org.junit.platform.launcher.core.EngineExecutionOrchestrator.execute(EngineExecutionOrchestrator.java:169)
	at org.junit.platform.launcher.core.EngineExecutionOrchestrator.execute(EngineExecutionOrchestrator.java:93)
	at org.junit.platform.launcher.core.EngineExecutionOrchestrator.lambda$execute$0(EngineExecutionOrchestrator.java:58)
	at org.junit.platform.launcher.core.EngineExecutionOrchestrator.withInterceptedStreams(EngineExecutionOrchestrator.java:141)
	at org.junit.platform.launcher.core.EngineExecutionOrchestrator.execute(EngineExecutionOrchestrator.java:57)
	at org.junit.platform.launcher.core.DefaultLauncher.execute(DefaultLauncher.java:103)
	at org.junit.platform.launcher.core.DefaultLauncher.execute(DefaultLauncher.java:85)
	at org.junit.platform.launcher.core.DelegatingLauncher.execute(DelegatingLauncher.java:47)
	at org.junit.platform.launcher.core.SessionPerRequestLauncher.execute(SessionPerRequestLauncher.java:63)
	at com.intellij.junit5.JUnit5IdeaTestRunner.startRunnerWithArgs(JUnit5IdeaTestRunner.java:57)
	at com.intellij.rt.junit.IdeaTestRunner$Repeater$1.execute(IdeaTestRunner.java:38)
	at com.intellij.rt.execution.junit.TestsRepeater.repeat(TestsRepeater.java:11)
	at com.intellij.rt.junit.IdeaTestRunner$Repeater.startRunnerWithArgs(IdeaTestRunner.java:35)
	at com.intellij.rt.junit.JUnitStarter.prepareStreamsAndStart(JUnitStarter.java:232)
	at com.intellij.rt.junit.JUnitStarter.main(JUnitStarter.java:55)
2025-03-06 11:25:02 [main] INFO  l.insoft.uztis.tests.utils.TestUtils - Screenshot moved to C:\Users\ingrida.zadorozniene\Desktop\Asm\UZTIS\UZTIS_tests\test-output\screenshots\20250306\112501995_testFillNewDVPApplicationFA().png
2025-03-06 11:27:45 [main] INFO  lt.insoft.uztis.tests.UztisPageTest - Navigated to https://uztisdev.asseco.lt/home
2025-03-06 11:27:45 [main] INFO  l.i.u.t.SubmittedApplicationsPageTest - Starting test:'testFillNewDVPApplicationFA'
2025-03-06 11:27:46 [main] DEBUG l.i.u.t.SubmittedApplicationsPageTest - User logged in with test credentials.
2025-03-06 11:27:46 [main] DEBUG l.i.u.t.SubmittedApplicationsPageTest - Opened 'Application Processing' menu.
2025-03-06 11:27:46 [main] DEBUG l.i.u.t.SubmittedApplicationsPageTest - Clicked on 'Application Forms' menu.
2025-03-06 11:27:47 [main] DEBUG l.i.u.t.SubmittedApplicationsPageTest - Retrieved last description code text: 'TST-DVP-22'.
2025-03-06 11:27:47 [main] DEBUG l.i.u.t.SubmittedApplicationsPageTest - Clicked on 'Invitation' menu.
2025-03-06 11:27:48 [main] DEBUG l.i.u.t.SubmittedApplicationsPageTest - Selected application section by code: 'TST-DVP-22'.
2025-03-06 11:27:48 [main] DEBUG l.i.u.t.SubmittedApplicationsPageTest - Clicked 'Search' button.
2025-03-06 11:27:48 [main] DEBUG l.i.u.t.SubmittedApplicationsPageTest - Retrieved invitation code: ''.
2025-03-06 11:27:48 [main] DEBUG l.i.u.t.SubmittedApplicationsPageTest - Clicked on 'Submitted Applications' menu.
2025-03-06 11:27:49 [main] DEBUG l.i.u.t.SubmittedApplicationsPageTest - Selected invitation by code: 'TST-DVP-22'.
2025-03-06 11:27:49 [main] DEBUG l.i.u.t.SubmittedApplicationsPageTest - Invitation code inserted.
2025-03-06 11:27:50 [main] DEBUG l.i.u.t.SubmittedApplicationsPageTest - Clicked on 'Action Application' button.
2025-03-06 11:27:50 [main] DEBUG l.i.u.t.SubmittedApplicationsPageTest - Clicked on 'New Application' button.
2025-03-06 11:27:50 [main] DEBUG l.i.u.t.SubmittedApplicationsPageTest - Selected the 'RadioButtonFA' option.
2025-03-06 11:27:51 [main] DEBUG l.i.u.t.SubmittedApplicationsPageTest - Entered phone number: '61298745'.
2025-03-06 11:27:51 [main] DEBUG l.i.u.t.SubmittedApplicationsPageTest - Entered email: 'test@autotest.com'.
2025-03-06 11:27:51 [main] DEBUG l.i.u.t.SubmittedApplicationsPageTest - Checked 'For workplace adaptation' checkbox 1.
2025-03-06 11:27:51 [main] DEBUG l.i.u.t.SubmittedApplicationsPageTest - Checked 'For environmental adaptation' checkbox 2.
2025-03-06 11:27:51 [main] INFO  l.i.u.p.SubmittedApplicationsPage - Located the dropdown button.
2025-03-06 11:28:11 [main] INFO  l.i.u.p.SubmittedApplicationsPage - Found 1741 options in the dropdown.
2025-03-06 11:28:11 [main] INFO  l.i.u.p.SubmittedApplicationsPage - Successfully selected the value: '01.11 - Grūdinių (išskyrus ryžius), ankštinių ir aliejingų sėklų augalų auginimas'
2025-03-06 11:28:21 [main] ERROR l.i.u.p.SubmittedApplicationsPage - Failed to close the dropdown with aria-expanded = 'false'. Attempting manual close.
2025-03-06 11:28:21 [main] INFO  l.i.u.p.SubmittedApplicationsPage - Manual close attempt for the dropdown using body click.
2025-03-06 11:28:21 [main] DEBUG l.i.u.t.SubmittedApplicationsPageTest - Selected EVRK value: '01.11 - Grūdinių (išskyrus ryžius), ankštinių ir aliejingų sėklų augalų auginimas'.
2025-03-06 11:28:21 [main] DEBUG l.i.u.t.SubmittedApplicationsPageTest - Clicked on 'Address Component' button.
2025-03-06 11:28:21 [main] INFO  l.i.u.p.SubmittedApplicationsPage - Located the dropdown button.
2025-03-06 11:28:24 [main] INFO  l.i.u.p.SubmittedApplicationsPage - Successfully selected the value: 'Lietuva'
2025-03-06 11:28:24 [main] DEBUG l.i.u.t.SubmittedApplicationsPageTest - Selected country: 'Lietuva'.
2025-03-06 11:28:24 [main] INFO  l.i.u.p.SubmittedApplicationsPage - Located the dropdown search field.
2025-03-06 11:28:25 [main] INFO  l.i.u.p.SubmittedApplicationsPage - Dropdown city is opened.
2025-03-06 11:28:25 [main] INFO  l.i.u.p.SubmittedApplicationsPage - Searched for value: 'Vilnius'
2025-03-06 11:28:26 [main] INFO  l.i.u.p.SubmittedApplicationsPage - Successfully selected: 'Vilnius'
2025-03-06 11:28:26 [main] INFO  l.i.u.p.SubmittedApplicationsPage - Located the dropdown button.
2025-03-06 11:28:27 [main] INFO  l.i.u.p.SubmittedApplicationsPage - Successfully selected the value: 'A. Domaševičiaus g.'
2025-03-06 11:28:27 [main] DEBUG l.i.u.t.SubmittedApplicationsPageTest - Selected street: 'A. Domaševičiaus g.'.
2025-03-06 11:28:27 [main] INFO  l.i.u.p.SubmittedApplicationsPage - Located the dropdown button.
2025-03-06 11:28:27 [main] INFO  l.i.u.p.SubmittedApplicationsPage - Successfully selected the value: '1'
2025-03-06 11:28:27 [main] DEBUG l.i.u.t.SubmittedApplicationsPageTest - Selected house: '1'.
2025-03-06 11:28:27 [main] INFO  l.i.u.p.SubmittedApplicationsPage - Located the dropdown button.
2025-03-06 11:28:28 [main] INFO  l.i.u.p.SubmittedApplicationsPage - Successfully selected the value: '1'
2025-03-06 11:28:28 [main] DEBUG l.i.u.t.SubmittedApplicationsPageTest - Selected apartment: '1'.
2025-03-06 11:28:28 [main] DEBUG l.i.u.t.SubmittedApplicationsPageTest - Clicked 'Confirm' button.
2025-03-06 11:28:28 [main] DEBUG l.i.u.t.SubmittedApplicationsPageTest - Selected 'For already working' option.
2025-03-06 11:28:28 [main] DEBUG l.i.u.t.SubmittedApplicationsPageTest - Entered person count1: '1'.
2025-03-06 11:28:28 [main] DEBUG l.i.u.t.SubmittedApplicationsPageTest - Selected 'For new working' option.
2025-03-06 11:28:28 [main] DEBUG l.i.u.t.SubmittedApplicationsPageTest - Entered person count2: '1'.
2025-03-06 11:28:29 [main] DEBUG l.i.u.t.SubmittedApplicationsPageTest - Clicked 'Next' button after checkboxes.
2025-03-06 11:28:29 [main] INFO  l.i.u.p.SubmittedApplicationsPage - Located the dropdown button.
2025-03-06 11:28:29 [main] INFO  l.i.u.p.SubmittedApplicationsPage - Successfully selected the value: 'Administratoriai'
2025-03-06 11:28:29 [main] DEBUG l.i.u.t.SubmittedApplicationsPageTest - Selected adaptable job name: 'Administratoriai'.
2025-03-06 11:28:30 [main] DEBUG l.i.u.t.SubmittedApplicationsPageTest - Entered job date.
2025-03-06 11:28:30 [main] DEBUG l.i.u.t.SubmittedApplicationsPageTest - Entered job function: 'Funkcija 1'.
2025-03-06 11:28:30 [main] DEBUG l.i.u.t.SubmittedApplicationsPageTest - Selected 'For already working' 'no' option.
2025-03-06 11:28:30 [main] INFO  l.i.u.p.SubmittedApplicationsPage - Clicking on the dropdown button.
2025-03-06 11:28:31 [main] INFO  l.i.u.p.SubmittedApplicationsPage - Found 6 options in the dropdown.
2025-03-06 11:28:31 [main] DEBUG l.i.u.p.SubmittedApplicationsPage - Checking option: 'Lengvo neįgalumo lygis ar 45-55 procentų dalyvumo lygis (iki 2023 m. gruodžio 31 d. – 45-55 procentų darbingumo lygis)'
2025-03-06 11:28:31 [main] DEBUG l.i.u.p.SubmittedApplicationsPage - Checking option: 'Lengvo neįgalumo lygis ar 45-55 procentų dalyvumo lygis (iki 2023 m. gruodžio 31 d. – 45-55 procentų darbingumo lygis)'
2025-03-06 11:28:31 [main] DEBUG l.i.u.p.SubmittedApplicationsPage - Checking option: 'Sunkaus neįgalumo lygis ar neviršijantis 25 procentų dalyvumo lygis (iki 2023 metų gruodžio 31 dienos – iki 25 procentų darbingumo lygis)'
2025-03-06 11:28:31 [main] INFO  l.i.u.p.SubmittedApplicationsPage - Successfully selected the value: 'Sunkaus neįgalumo lygis ar neviršijantis 25 procentų dalyvumo lygis (iki 2023 metų gruodžio 31 dienos – iki 25 procentų darbingumo lygis)'
2025-03-06 11:28:31 [main] INFO  l.i.u.p.SubmittedApplicationsPage - Attempting to close the dropdown.
2025-03-06 11:28:32 [main] DEBUG l.i.u.t.SubmittedApplicationsPageTest - Selected disabilities type: 'Sunkaus neįgalumo lygis ar neviršijantis 25 procentų dalyvumo lygis (iki 2023 metų gruodžio 31 dienos – iki 25 procentų darbingumo lygis)'.
2025-03-06 11:28:32 [main] DEBUG l.i.u.t.SubmittedApplicationsPageTest - Entered disability information: 'Negalia 1'.
2025-03-06 11:28:32 [main] DEBUG l.i.u.t.SubmittedApplicationsPageTest - Entered qualification: 'Kvalifikacija 1'.
2025-03-06 11:28:32 [main] DEBUG l.i.u.t.SubmittedApplicationsPageTest - Entered job description: 'Darbo vietos aprašymas 1'.
2025-03-06 11:28:33 [main] DEBUG l.i.u.t.SubmittedApplicationsPageTest - Entered equipment description: 'Priemonių įsigyjimas 1'.
2025-03-06 11:28:33 [main] DEBUG l.i.u.t.SubmittedApplicationsPageTest - Entered work information: 'Darbai 1'.
2025-03-06 11:28:33 [main] INFO  l.i.u.p.SubmittedApplicationsPage - Located the dropdown button.
2025-03-06 11:28:33 [main] INFO  l.i.u.p.SubmittedApplicationsPage - Successfully selected the value: 'Kita'
2025-03-06 11:28:33 [main] DEBUG l.i.u.t.SubmittedApplicationsPageTest - Selected time mode: 'Kita'.
2025-03-06 11:28:34 [main] DEBUG l.i.u.t.SubmittedApplicationsPageTest - Selected time mode other: '6 val. per dieną ir 4 d. per savaitę'.
2025-03-06 11:28:34 [main] DEBUG l.i.u.t.SubmittedApplicationsPageTest - Entered salary amount: '1200'.
2025-03-06 11:28:34 [main] DEBUG l.i.u.t.SubmittedApplicationsPageTest - Selected 'Temporary Job' radio button.
2025-03-06 11:28:34 [main] DEBUG l.i.u.t.SubmittedApplicationsPageTest - Selected 'Season Job' radio button.
2025-03-06 11:28:34 [main] DEBUG l.i.u.t.SubmittedApplicationsPageTest - Selected 'PVM' radio button.
2025-03-06 11:28:34 [main] INFO  l.i.u.p.SubmittedApplicationsPage - Located the dropdown button.
2025-03-06 11:28:35 [main] INFO  l.i.u.p.SubmittedApplicationsPage - Successfully selected the value: 'Darbo vietos pritaikymui'
2025-03-06 11:28:35 [main] DEBUG l.i.u.t.SubmittedApplicationsPageTest - Selected adaptable job name: 'Darbo vietos pritaikymui'.
2025-03-06 11:28:55 [main] ERROR l.i.u.t.SubmittedApplicationsPageTest - Test 'testFillNewDVPApplicationFA' failed with error: Expected condition failed: waiting for element to be clickable: Proxy element for: DefaultElementLocator 'By.xpath: //mat-option[.//span[contains(text(), 'Reikalinga')]]' (tried for 10 second(s) with 500 milliseconds interval)
org.openqa.selenium.TimeoutException: Expected condition failed: waiting for element to be clickable: Proxy element for: DefaultElementLocator 'By.xpath: //mat-option[.//span[contains(text(), 'Reikalinga')]]' (tried for 10 second(s) with 500 milliseconds interval)
	at org.openqa.selenium.support.ui.WebDriverWait.timeoutException(WebDriverWait.java:84)
	at org.openqa.selenium.support.ui.FluentWait.until(FluentWait.java:228)
	at lt.insoft.uztis.pages.SubmittedApplicationsPage.selectDropdownNecessaryForJobOne_DVP(SubmittedApplicationsPage.java:1310)
	at lt.insoft.uztis.tests.SubmittedApplicationsPageTest.testFillNewDVPApplicationFA(SubmittedApplicationsPageTest.java:711)
	at java.base/jdk.internal.reflect.DirectMethodHandleAccessor.invoke(DirectMethodHandleAccessor.java:103)
	at java.base/java.lang.reflect.Method.invoke(Method.java:580)
	at org.junit.platform.commons.util.ReflectionUtils.invokeMethod(ReflectionUtils.java:728)
	at org.junit.jupiter.engine.execution.MethodInvocation.proceed(MethodInvocation.java:60)
	at org.junit.jupiter.engine.execution.InvocationInterceptorChain$ValidatingInvocation.proceed(InvocationInterceptorChain.java:131)
	at org.junit.jupiter.engine.extension.TimeoutExtension.intercept(TimeoutExtension.java:156)
	at org.junit.jupiter.engine.extension.TimeoutExtension.interceptTestableMethod(TimeoutExtension.java:147)
	at org.junit.jupiter.engine.extension.TimeoutExtension.interceptTestMethod(TimeoutExtension.java:86)
	at org.junit.jupiter.engine.execution.InterceptingExecutableInvoker$ReflectiveInterceptorCall.lambda$ofVoidMethod$0(InterceptingExecutableInvoker.java:103)
	at org.junit.jupiter.engine.execution.InterceptingExecutableInvoker.lambda$invoke$0(InterceptingExecutableInvoker.java:93)
	at org.junit.jupiter.engine.execution.InvocationInterceptorChain$InterceptedInvocation.proceed(InvocationInterceptorChain.java:106)
	at org.junit.jupiter.engine.execution.InvocationInterceptorChain.proceed(InvocationInterceptorChain.java:64)
	at org.junit.jupiter.engine.execution.InvocationInterceptorChain.chainAndInvoke(InvocationInterceptorChain.java:45)
	at org.junit.jupiter.engine.execution.InvocationInterceptorChain.invoke(InvocationInterceptorChain.java:37)
	at org.junit.jupiter.engine.execution.InterceptingExecutableInvoker.invoke(InterceptingExecutableInvoker.java:92)
	at org.junit.jupiter.engine.execution.InterceptingExecutableInvoker.invoke(InterceptingExecutableInvoker.java:86)
	at org.junit.jupiter.engine.descriptor.TestMethodTestDescriptor.lambda$invokeTestMethod$7(TestMethodTestDescriptor.java:218)
	at org.junit.platform.engine.support.hierarchical.ThrowableCollector.execute(ThrowableCollector.java:73)
	at org.junit.jupiter.engine.descriptor.TestMethodTestDescriptor.invokeTestMethod(TestMethodTestDescriptor.java:214)
	at org.junit.jupiter.engine.descriptor.TestMethodTestDescriptor.execute(TestMethodTestDescriptor.java:139)
	at org.junit.jupiter.engine.descriptor.TestMethodTestDescriptor.execute(TestMethodTestDescriptor.java:69)
	at org.junit.platform.engine.support.hierarchical.NodeTestTask.lambda$executeRecursively$6(NodeTestTask.java:151)
	at org.junit.platform.engine.support.hierarchical.ThrowableCollector.execute(ThrowableCollector.java:73)
	at org.junit.platform.engine.support.hierarchical.NodeTestTask.lambda$executeRecursively$8(NodeTestTask.java:141)
	at org.junit.platform.engine.support.hierarchical.Node.around(Node.java:137)
	at org.junit.platform.engine.support.hierarchical.NodeTestTask.lambda$executeRecursively$9(NodeTestTask.java:139)
	at org.junit.platform.engine.support.hierarchical.ThrowableCollector.execute(ThrowableCollector.java:73)
	at org.junit.platform.engine.support.hierarchical.NodeTestTask.executeRecursively(NodeTestTask.java:138)
	at org.junit.platform.engine.support.hierarchical.NodeTestTask.execute(NodeTestTask.java:95)
	at java.base/java.util.ArrayList.forEach(ArrayList.java:1596)
	at org.junit.platform.engine.support.hierarchical.SameThreadHierarchicalTestExecutorService.invokeAll(SameThreadHierarchicalTestExecutorService.java:41)
	at org.junit.platform.engine.support.hierarchical.NodeTestTask.lambda$executeRecursively$6(NodeTestTask.java:155)
	at org.junit.platform.engine.support.hierarchical.ThrowableCollector.execute(ThrowableCollector.java:73)
	at org.junit.platform.engine.support.hierarchical.NodeTestTask.lambda$executeRecursively$8(NodeTestTask.java:141)
	at org.junit.platform.engine.support.hierarchical.Node.around(Node.java:137)
	at org.junit.platform.engine.support.hierarchical.NodeTestTask.lambda$executeRecursively$9(NodeTestTask.java:139)
	at org.junit.platform.engine.support.hierarchical.ThrowableCollector.execute(ThrowableCollector.java:73)
	at org.junit.platform.engine.support.hierarchical.NodeTestTask.executeRecursively(NodeTestTask.java:138)
	at org.junit.platform.engine.support.hierarchical.NodeTestTask.execute(NodeTestTask.java:95)
	at java.base/java.util.ArrayList.forEach(ArrayList.java:1596)
	at org.junit.platform.engine.support.hierarchical.SameThreadHierarchicalTestExecutorService.invokeAll(SameThreadHierarchicalTestExecutorService.java:41)
	at org.junit.platform.engine.support.hierarchical.NodeTestTask.lambda$executeRecursively$6(NodeTestTask.java:155)
	at org.junit.platform.engine.support.hierarchical.ThrowableCollector.execute(ThrowableCollector.java:73)
	at org.junit.platform.engine.support.hierarchical.NodeTestTask.lambda$executeRecursively$8(NodeTestTask.java:141)
	at org.junit.platform.engine.support.hierarchical.Node.around(Node.java:137)
	at org.junit.platform.engine.support.hierarchical.NodeTestTask.lambda$executeRecursively$9(NodeTestTask.java:139)
	at org.junit.platform.engine.support.hierarchical.ThrowableCollector.execute(ThrowableCollector.java:73)
	at org.junit.platform.engine.support.hierarchical.NodeTestTask.executeRecursively(NodeTestTask.java:138)
	at org.junit.platform.engine.support.hierarchical.NodeTestTask.execute(NodeTestTask.java:95)
	at org.junit.platform.engine.support.hierarchical.SameThreadHierarchicalTestExecutorService.submit(SameThreadHierarchicalTestExecutorService.java:35)
	at org.junit.platform.engine.support.hierarchical.HierarchicalTestExecutor.execute(HierarchicalTestExecutor.java:57)
	at org.junit.platform.engine.support.hierarchical.HierarchicalTestEngine.execute(HierarchicalTestEngine.java:54)
	at org.junit.platform.launcher.core.EngineExecutionOrchestrator.execute(EngineExecutionOrchestrator.java:198)
	at org.junit.platform.launcher.core.EngineExecutionOrchestrator.execute(EngineExecutionOrchestrator.java:169)
	at org.junit.platform.launcher.core.EngineExecutionOrchestrator.execute(EngineExecutionOrchestrator.java:93)
	at org.junit.platform.launcher.core.EngineExecutionOrchestrator.lambda$execute$0(EngineExecutionOrchestrator.java:58)
	at org.junit.platform.launcher.core.EngineExecutionOrchestrator.withInterceptedStreams(EngineExecutionOrchestrator.java:141)
	at org.junit.platform.launcher.core.EngineExecutionOrchestrator.execute(EngineExecutionOrchestrator.java:57)
	at org.junit.platform.launcher.core.DefaultLauncher.execute(DefaultLauncher.java:103)
	at org.junit.platform.launcher.core.DefaultLauncher.execute(DefaultLauncher.java:85)
	at org.junit.platform.launcher.core.DelegatingLauncher.execute(DelegatingLauncher.java:47)
	at org.junit.platform.launcher.core.SessionPerRequestLauncher.execute(SessionPerRequestLauncher.java:63)
	at com.intellij.junit5.JUnit5IdeaTestRunner.startRunnerWithArgs(JUnit5IdeaTestRunner.java:57)
	at com.intellij.rt.junit.IdeaTestRunner$Repeater$1.execute(IdeaTestRunner.java:38)
	at com.intellij.rt.execution.junit.TestsRepeater.repeat(TestsRepeater.java:11)
	at com.intellij.rt.junit.IdeaTestRunner$Repeater.startRunnerWithArgs(IdeaTestRunner.java:35)
	at com.intellij.rt.junit.JUnitStarter.prepareStreamsAndStart(JUnitStarter.java:232)
	at com.intellij.rt.junit.JUnitStarter.main(JUnitStarter.java:55)
Caused by: org.openqa.selenium.NoSuchElementException: no such element: Unable to locate element: {"method":"xpath","selector":"//mat-option[.//span[contains(text(), 'Reikalinga')]]"}
  (Session info: chrome=133.0.6943.142)
For documentation on this error, please visit: https://www.selenium.dev/documentation/webdriver/troubleshooting/errors#no-such-element-exception
Build info: version: '4.27.0', revision: 'd6e718d134'
System info: os.name: 'Windows 11', os.arch: 'amd64', os.version: '10.0', java.version: '21.0.3'
Driver info: org.openqa.selenium.chrome.ChromeDriver
Command: [ff358cc58d815c7c2396d72d26444333, findElement {using=xpath, value=//mat-option[.//span[contains(text(), 'Reikalinga')]]}]
Capabilities {acceptInsecureCerts: false, browserName: chrome, browserVersion: 133.0.6943.142, chrome: {chromedriverVersion: 133.0.6943.141 (2a5d6da0d61..., userDataDir: C:\Users\INGRID~1.ZAD\AppDa...}, fedcm:accounts: true, goog:chromeOptions: {debuggerAddress: localhost:65342}, networkConnectionEnabled: false, pageLoadStrategy: normal, platformName: windows, proxy: Proxy(), se:cdp: ws://localhost:65342/devtoo..., se:cdpVersion: 133.0.6943.142, setWindowRect: true, strictFileInteractability: false, timeouts: {implicit: 0, pageLoad: 300000, script: 30000}, unhandledPromptBehavior: dismiss and notify, webauthn:extension:credBlob: true, webauthn:extension:largeBlob: true, webauthn:extension:minPinLength: true, webauthn:extension:prf: true, webauthn:virtualAuthenticators: true}
Session ID: ff358cc58d815c7c2396d72d26444333
	at java.base/jdk.internal.reflect.DirectConstructorHandleAccessor.newInstance(DirectConstructorHandleAccessor.java:62)
	at java.base/java.lang.reflect.Constructor.newInstanceWithCaller(Constructor.java:502)
	at java.base/java.lang.reflect.Constructor.newInstance(Constructor.java:486)
	at org.openqa.selenium.remote.ErrorCodec.decode(ErrorCodec.java:167)
	at org.openqa.selenium.remote.codec.w3c.W3CHttpResponseCodec.decode(W3CHttpResponseCodec.java:138)
	at org.openqa.selenium.remote.codec.w3c.W3CHttpResponseCodec.decode(W3CHttpResponseCodec.java:50)
	at org.openqa.selenium.remote.HttpCommandExecutor.execute(HttpCommandExecutor.java:190)
	at org.openqa.selenium.remote.service.DriverCommandExecutor.invokeExecute(DriverCommandExecutor.java:216)
	at org.openqa.selenium.remote.service.DriverCommandExecutor.execute(DriverCommandExecutor.java:174)
	at org.openqa.selenium.remote.RemoteWebDriver.execute(RemoteWebDriver.java:545)
	at org.openqa.selenium.remote.ElementLocation$ElementFinder$2.findElement(ElementLocation.java:165)
	at org.openqa.selenium.remote.ElementLocation.findElement(ElementLocation.java:59)
	at org.openqa.selenium.remote.RemoteWebDriver.findElement(RemoteWebDriver.java:368)
	at org.openqa.selenium.remote.RemoteWebDriver.findElement(RemoteWebDriver.java:362)
	at org.openqa.selenium.support.pagefactory.DefaultElementLocator.findElement(DefaultElementLocator.java:68)
	at org.openqa.selenium.support.pagefactory.internal.LocatingElementHandler.invoke(LocatingElementHandler.java:38)
	at jdk.proxy2/jdk.proxy2.$Proxy14.isDisplayed(Unknown Source)
	at org.openqa.selenium.support.ui.ExpectedConditions.elementIfVisible(ExpectedConditions.java:304)
	at org.openqa.selenium.support.ui.ExpectedConditions$10.apply(ExpectedConditions.java:290)
	at org.openqa.selenium.support.ui.ExpectedConditions$10.apply(ExpectedConditions.java:287)
	at org.openqa.selenium.support.ui.ExpectedConditions$23.apply(ExpectedConditions.java:656)
	at org.openqa.selenium.support.ui.ExpectedConditions$23.apply(ExpectedConditions.java:652)
	at org.openqa.selenium.support.ui.FluentWait.until(FluentWait.java:203)
	... 70 common frames omitted
2025-03-06 11:28:55 [main] INFO  l.insoft.uztis.tests.utils.TestUtils - Screenshot moved to C:\Users\ingrida.zadorozniene\Desktop\Asm\UZTIS\UZTIS_tests\test-output\screenshots\20250306\112855589_testFillNewDVPApplicationFA().png
2025-03-06 11:37:47 [main] INFO  lt.insoft.uztis.tests.UztisPageTest - Navigated to https://uztisdev.asseco.lt/home
2025-03-06 11:37:47 [main] INFO  l.i.u.t.SubmittedApplicationsPageTest - Starting test:'testFillNewDVPApplicationFA'
2025-03-06 11:37:47 [main] DEBUG l.i.u.t.SubmittedApplicationsPageTest - User logged in with test credentials.
2025-03-06 11:37:48 [main] DEBUG l.i.u.t.SubmittedApplicationsPageTest - Opened 'Application Processing' menu.
2025-03-06 11:37:48 [main] DEBUG l.i.u.t.SubmittedApplicationsPageTest - Clicked on 'Application Forms' menu.
2025-03-06 11:37:48 [main] DEBUG l.i.u.t.SubmittedApplicationsPageTest - Retrieved last description code text: 'TST-DVP-22'.
2025-03-06 11:37:49 [main] DEBUG l.i.u.t.SubmittedApplicationsPageTest - Clicked on 'Invitation' menu.
2025-03-06 11:37:50 [main] DEBUG l.i.u.t.SubmittedApplicationsPageTest - Selected application section by code: 'TST-DVP-22'.
2025-03-06 11:37:50 [main] DEBUG l.i.u.t.SubmittedApplicationsPageTest - Clicked 'Search' button.
2025-03-06 11:37:50 [main] DEBUG l.i.u.t.SubmittedApplicationsPageTest - Retrieved invitation code: ''.
2025-03-06 11:37:50 [main] DEBUG l.i.u.t.SubmittedApplicationsPageTest - Clicked on 'Submitted Applications' menu.
2025-03-06 11:37:51 [main] DEBUG l.i.u.t.SubmittedApplicationsPageTest - Selected invitation by code: 'TST-DVP-22'.
2025-03-06 11:37:51 [main] DEBUG l.i.u.t.SubmittedApplicationsPageTest - Invitation code inserted.
2025-03-06 11:37:51 [main] DEBUG l.i.u.t.SubmittedApplicationsPageTest - Clicked on 'Action Application' button.
2025-03-06 11:37:51 [main] DEBUG l.i.u.t.SubmittedApplicationsPageTest - Clicked on 'New Application' button.
2025-03-06 11:37:52 [main] DEBUG l.i.u.t.SubmittedApplicationsPageTest - Selected the 'RadioButtonFA' option.
2025-03-06 11:37:52 [main] DEBUG l.i.u.t.SubmittedApplicationsPageTest - Entered phone number: '61298745'.
2025-03-06 11:37:52 [main] DEBUG l.i.u.t.SubmittedApplicationsPageTest - Entered email: 'test@autotest.com'.
2025-03-06 11:37:52 [main] DEBUG l.i.u.t.SubmittedApplicationsPageTest - Checked 'For workplace adaptation' checkbox 1.
2025-03-06 11:37:53 [main] DEBUG l.i.u.t.SubmittedApplicationsPageTest - Checked 'For environmental adaptation' checkbox 2.
2025-03-06 11:37:53 [main] INFO  l.i.u.p.SubmittedApplicationsPage - Located the dropdown button.
2025-03-06 11:38:12 [main] INFO  l.i.u.p.SubmittedApplicationsPage - Found 1741 options in the dropdown.
2025-03-06 11:38:13 [main] INFO  l.i.u.p.SubmittedApplicationsPage - Successfully selected the value: '01.11 - Grūdinių (išskyrus ryžius), ankštinių ir aliejingų sėklų augalų auginimas'
2025-03-06 11:38:23 [main] ERROR l.i.u.p.SubmittedApplicationsPage - Failed to close the dropdown with aria-expanded = 'false'. Attempting manual close.
2025-03-06 11:38:23 [main] INFO  l.i.u.p.SubmittedApplicationsPage - Manual close attempt for the dropdown using body click.
2025-03-06 11:38:23 [main] DEBUG l.i.u.t.SubmittedApplicationsPageTest - Selected EVRK value: '01.11 - Grūdinių (išskyrus ryžius), ankštinių ir aliejingų sėklų augalų auginimas'.
2025-03-06 11:38:23 [main] DEBUG l.i.u.t.SubmittedApplicationsPageTest - Clicked on 'Address Component' button.
2025-03-06 11:38:23 [main] INFO  l.i.u.p.SubmittedApplicationsPage - Located the dropdown button.
2025-03-06 11:38:26 [main] INFO  l.i.u.p.SubmittedApplicationsPage - Successfully selected the value: 'Lietuva'
2025-03-06 11:38:26 [main] DEBUG l.i.u.t.SubmittedApplicationsPageTest - Selected country: 'Lietuva'.
2025-03-06 11:38:26 [main] INFO  l.i.u.p.SubmittedApplicationsPage - Located the dropdown search field.
2025-03-06 11:38:26 [main] INFO  l.i.u.p.SubmittedApplicationsPage - Dropdown city is opened.
2025-03-06 11:38:27 [main] INFO  l.i.u.p.SubmittedApplicationsPage - Searched for value: 'Vilnius'
2025-03-06 11:38:27 [main] INFO  l.i.u.p.SubmittedApplicationsPage - Successfully selected: 'Vilnius'
2025-03-06 11:38:28 [main] INFO  l.i.u.p.SubmittedApplicationsPage - Located the dropdown button.
2025-03-06 11:38:28 [main] INFO  l.i.u.p.SubmittedApplicationsPage - Successfully selected the value: 'A. Domaševičiaus g.'
2025-03-06 11:38:28 [main] DEBUG l.i.u.t.SubmittedApplicationsPageTest - Selected street: 'A. Domaševičiaus g.'.
2025-03-06 11:38:28 [main] INFO  l.i.u.p.SubmittedApplicationsPage - Located the dropdown button.
2025-03-06 11:38:28 [main] INFO  l.i.u.p.SubmittedApplicationsPage - Successfully selected the value: '1'
2025-03-06 11:38:28 [main] DEBUG l.i.u.t.SubmittedApplicationsPageTest - Selected house: '1'.
2025-03-06 11:38:28 [main] INFO  l.i.u.p.SubmittedApplicationsPage - Located the dropdown button.
2025-03-06 11:38:29 [main] INFO  l.i.u.p.SubmittedApplicationsPage - Successfully selected the value: '1'
2025-03-06 11:38:29 [main] DEBUG l.i.u.t.SubmittedApplicationsPageTest - Selected apartment: '1'.
2025-03-06 11:38:29 [main] DEBUG l.i.u.t.SubmittedApplicationsPageTest - Clicked 'Confirm' button.
2025-03-06 11:38:29 [main] DEBUG l.i.u.t.SubmittedApplicationsPageTest - Selected 'For already working' option.
2025-03-06 11:38:29 [main] DEBUG l.i.u.t.SubmittedApplicationsPageTest - Entered person count1: '1'.
2025-03-06 11:38:29 [main] DEBUG l.i.u.t.SubmittedApplicationsPageTest - Selected 'For new working' option.
2025-03-06 11:38:29 [main] DEBUG l.i.u.t.SubmittedApplicationsPageTest - Entered person count2: '1'.
2025-03-06 11:38:30 [main] DEBUG l.i.u.t.SubmittedApplicationsPageTest - Clicked 'Next' button after checkboxes.
2025-03-06 11:38:30 [main] INFO  l.i.u.p.SubmittedApplicationsPage - Located the dropdown button.
2025-03-06 11:38:30 [main] INFO  l.i.u.p.SubmittedApplicationsPage - Successfully selected the value: 'Administratoriai'
2025-03-06 11:38:30 [main] DEBUG l.i.u.t.SubmittedApplicationsPageTest - Selected adaptable job name: 'Administratoriai'.
2025-03-06 11:38:31 [main] DEBUG l.i.u.t.SubmittedApplicationsPageTest - Entered job date.
2025-03-06 11:38:31 [main] DEBUG l.i.u.t.SubmittedApplicationsPageTest - Entered job function: 'Funkcija 1'.
2025-03-06 11:38:31 [main] DEBUG l.i.u.t.SubmittedApplicationsPageTest - Selected 'For already working' 'no' option.
2025-03-06 11:38:31 [main] INFO  l.i.u.p.SubmittedApplicationsPage - Clicking on the dropdown button.
2025-03-06 11:38:32 [main] INFO  l.i.u.p.SubmittedApplicationsPage - Found 6 options in the dropdown.
2025-03-06 11:38:32 [main] DEBUG l.i.u.p.SubmittedApplicationsPage - Checking option: 'Lengvo neįgalumo lygis ar 45-55 procentų dalyvumo lygis (iki 2023 m. gruodžio 31 d. – 45-55 procentų darbingumo lygis)'
2025-03-06 11:38:32 [main] DEBUG l.i.u.p.SubmittedApplicationsPage - Checking option: 'Lengvo neįgalumo lygis ar 45-55 procentų dalyvumo lygis (iki 2023 m. gruodžio 31 d. – 45-55 procentų darbingumo lygis)'
2025-03-06 11:38:32 [main] DEBUG l.i.u.p.SubmittedApplicationsPage - Checking option: 'Sunkaus neįgalumo lygis ar neviršijantis 25 procentų dalyvumo lygis (iki 2023 metų gruodžio 31 dienos – iki 25 procentų darbingumo lygis)'
2025-03-06 11:38:32 [main] INFO  l.i.u.p.SubmittedApplicationsPage - Successfully selected the value: 'Sunkaus neįgalumo lygis ar neviršijantis 25 procentų dalyvumo lygis (iki 2023 metų gruodžio 31 dienos – iki 25 procentų darbingumo lygis)'
2025-03-06 11:38:32 [main] INFO  l.i.u.p.SubmittedApplicationsPage - Attempting to close the dropdown.
2025-03-06 11:38:33 [main] DEBUG l.i.u.t.SubmittedApplicationsPageTest - Selected disabilities type: 'Sunkaus neįgalumo lygis ar neviršijantis 25 procentų dalyvumo lygis (iki 2023 metų gruodžio 31 dienos – iki 25 procentų darbingumo lygis)'.
2025-03-06 11:38:33 [main] DEBUG l.i.u.t.SubmittedApplicationsPageTest - Entered disability information: 'Negalia 1'.
2025-03-06 11:38:33 [main] DEBUG l.i.u.t.SubmittedApplicationsPageTest - Entered qualification: 'Kvalifikacija 1'.
2025-03-06 11:38:33 [main] DEBUG l.i.u.t.SubmittedApplicationsPageTest - Entered job description: 'Darbo vietos aprašymas 1'.
2025-03-06 11:38:34 [main] DEBUG l.i.u.t.SubmittedApplicationsPageTest - Entered equipment description: 'Priemonių įsigyjimas 1'.
2025-03-06 11:38:34 [main] DEBUG l.i.u.t.SubmittedApplicationsPageTest - Entered work information: 'Darbai 1'.
2025-03-06 11:38:34 [main] INFO  l.i.u.p.SubmittedApplicationsPage - Located the dropdown button.
2025-03-06 11:38:34 [main] INFO  l.i.u.p.SubmittedApplicationsPage - Successfully selected the value: 'Kita'
2025-03-06 11:38:34 [main] DEBUG l.i.u.t.SubmittedApplicationsPageTest - Selected time mode: 'Kita'.
2025-03-06 11:38:35 [main] DEBUG l.i.u.t.SubmittedApplicationsPageTest - Selected time mode other: '6 val. per dieną ir 4 d. per savaitę'.
2025-03-06 11:38:35 [main] DEBUG l.i.u.t.SubmittedApplicationsPageTest - Entered salary amount: '1200'.
2025-03-06 11:38:35 [main] DEBUG l.i.u.t.SubmittedApplicationsPageTest - Selected 'Temporary Job' radio button.
2025-03-06 11:38:35 [main] DEBUG l.i.u.t.SubmittedApplicationsPageTest - Selected 'Season Job' radio button.
2025-03-06 11:38:35 [main] DEBUG l.i.u.t.SubmittedApplicationsPageTest - Selected 'PVM' radio button.
2025-03-06 11:38:35 [main] INFO  l.i.u.p.SubmittedApplicationsPage - Located the dropdown button.
2025-03-06 11:38:36 [main] INFO  l.i.u.p.SubmittedApplicationsPage - Successfully selected the value: 'Darbo vietos pritaikymui'
2025-03-06 11:39:06 [main] ERROR l.i.u.p.SubmittedApplicationsPage - Timeout while waiting for dropdown to close with aria-expanded = 'false'.
2025-03-06 11:39:06 [main] DEBUG l.i.u.t.SubmittedApplicationsPageTest - Selected adaptable job name: 'Darbo vietos pritaikymui'.
2025-03-06 11:39:06 [main] DEBUG l.i.u.t.SubmittedApplicationsPageTest - Selected 'De Minimis' radio button.
2025-03-06 11:39:26 [main] ERROR l.i.u.t.SubmittedApplicationsPageTest - Test 'testFillNewDVPApplicationFA' failed with error: Expected condition failed: waiting for element to be clickable: Proxy element for: DefaultElementLocator 'By.xpath: //mat-option[.//span[contains(text(), 'Reikalinga')]]' (tried for 10 second(s) with 500 milliseconds interval)
org.openqa.selenium.TimeoutException: Expected condition failed: waiting for element to be clickable: Proxy element for: DefaultElementLocator 'By.xpath: //mat-option[.//span[contains(text(), 'Reikalinga')]]' (tried for 10 second(s) with 500 milliseconds interval)
	at org.openqa.selenium.support.ui.WebDriverWait.timeoutException(WebDriverWait.java:84)
	at org.openqa.selenium.support.ui.FluentWait.until(FluentWait.java:228)
	at lt.insoft.uztis.pages.SubmittedApplicationsPage.selectDropdownNecessaryForJobOne_DVP(SubmittedApplicationsPage.java:1310)
	at lt.insoft.uztis.tests.SubmittedApplicationsPageTest.testFillNewDVPApplicationFA(SubmittedApplicationsPageTest.java:714)
	at java.base/jdk.internal.reflect.DirectMethodHandleAccessor.invoke(DirectMethodHandleAccessor.java:103)
	at java.base/java.lang.reflect.Method.invoke(Method.java:580)
	at org.junit.platform.commons.util.ReflectionUtils.invokeMethod(ReflectionUtils.java:728)
	at org.junit.jupiter.engine.execution.MethodInvocation.proceed(MethodInvocation.java:60)
	at org.junit.jupiter.engine.execution.InvocationInterceptorChain$ValidatingInvocation.proceed(InvocationInterceptorChain.java:131)
	at org.junit.jupiter.engine.extension.TimeoutExtension.intercept(TimeoutExtension.java:156)
	at org.junit.jupiter.engine.extension.TimeoutExtension.interceptTestableMethod(TimeoutExtension.java:147)
	at org.junit.jupiter.engine.extension.TimeoutExtension.interceptTestMethod(TimeoutExtension.java:86)
	at org.junit.jupiter.engine.execution.InterceptingExecutableInvoker$ReflectiveInterceptorCall.lambda$ofVoidMethod$0(InterceptingExecutableInvoker.java:103)
	at org.junit.jupiter.engine.execution.InterceptingExecutableInvoker.lambda$invoke$0(InterceptingExecutableInvoker.java:93)
	at org.junit.jupiter.engine.execution.InvocationInterceptorChain$InterceptedInvocation.proceed(InvocationInterceptorChain.java:106)
	at org.junit.jupiter.engine.execution.InvocationInterceptorChain.proceed(InvocationInterceptorChain.java:64)
	at org.junit.jupiter.engine.execution.InvocationInterceptorChain.chainAndInvoke(InvocationInterceptorChain.java:45)
	at org.junit.jupiter.engine.execution.InvocationInterceptorChain.invoke(InvocationInterceptorChain.java:37)
	at org.junit.jupiter.engine.execution.InterceptingExecutableInvoker.invoke(InterceptingExecutableInvoker.java:92)
	at org.junit.jupiter.engine.execution.InterceptingExecutableInvoker.invoke(InterceptingExecutableInvoker.java:86)
	at org.junit.jupiter.engine.descriptor.TestMethodTestDescriptor.lambda$invokeTestMethod$7(TestMethodTestDescriptor.java:218)
	at org.junit.platform.engine.support.hierarchical.ThrowableCollector.execute(ThrowableCollector.java:73)
	at org.junit.jupiter.engine.descriptor.TestMethodTestDescriptor.invokeTestMethod(TestMethodTestDescriptor.java:214)
	at org.junit.jupiter.engine.descriptor.TestMethodTestDescriptor.execute(TestMethodTestDescriptor.java:139)
	at org.junit.jupiter.engine.descriptor.TestMethodTestDescriptor.execute(TestMethodTestDescriptor.java:69)
	at org.junit.platform.engine.support.hierarchical.NodeTestTask.lambda$executeRecursively$6(NodeTestTask.java:151)
	at org.junit.platform.engine.support.hierarchical.ThrowableCollector.execute(ThrowableCollector.java:73)
	at org.junit.platform.engine.support.hierarchical.NodeTestTask.lambda$executeRecursively$8(NodeTestTask.java:141)
	at org.junit.platform.engine.support.hierarchical.Node.around(Node.java:137)
	at org.junit.platform.engine.support.hierarchical.NodeTestTask.lambda$executeRecursively$9(NodeTestTask.java:139)
	at org.junit.platform.engine.support.hierarchical.ThrowableCollector.execute(ThrowableCollector.java:73)
	at org.junit.platform.engine.support.hierarchical.NodeTestTask.executeRecursively(NodeTestTask.java:138)
	at org.junit.platform.engine.support.hierarchical.NodeTestTask.execute(NodeTestTask.java:95)
	at java.base/java.util.ArrayList.forEach(ArrayList.java:1596)
	at org.junit.platform.engine.support.hierarchical.SameThreadHierarchicalTestExecutorService.invokeAll(SameThreadHierarchicalTestExecutorService.java:41)
	at org.junit.platform.engine.support.hierarchical.NodeTestTask.lambda$executeRecursively$6(NodeTestTask.java:155)
	at org.junit.platform.engine.support.hierarchical.ThrowableCollector.execute(ThrowableCollector.java:73)
	at org.junit.platform.engine.support.hierarchical.NodeTestTask.lambda$executeRecursively$8(NodeTestTask.java:141)
	at org.junit.platform.engine.support.hierarchical.Node.around(Node.java:137)
	at org.junit.platform.engine.support.hierarchical.NodeTestTask.lambda$executeRecursively$9(NodeTestTask.java:139)
	at org.junit.platform.engine.support.hierarchical.ThrowableCollector.execute(ThrowableCollector.java:73)
	at org.junit.platform.engine.support.hierarchical.NodeTestTask.executeRecursively(NodeTestTask.java:138)
	at org.junit.platform.engine.support.hierarchical.NodeTestTask.execute(NodeTestTask.java:95)
	at java.base/java.util.ArrayList.forEach(ArrayList.java:1596)
	at org.junit.platform.engine.support.hierarchical.SameThreadHierarchicalTestExecutorService.invokeAll(SameThreadHierarchicalTestExecutorService.java:41)
	at org.junit.platform.engine.support.hierarchical.NodeTestTask.lambda$executeRecursively$6(NodeTestTask.java:155)
	at org.junit.platform.engine.support.hierarchical.ThrowableCollector.execute(ThrowableCollector.java:73)
	at org.junit.platform.engine.support.hierarchical.NodeTestTask.lambda$executeRecursively$8(NodeTestTask.java:141)
	at org.junit.platform.engine.support.hierarchical.Node.around(Node.java:137)
	at org.junit.platform.engine.support.hierarchical.NodeTestTask.lambda$executeRecursively$9(NodeTestTask.java:139)
	at org.junit.platform.engine.support.hierarchical.ThrowableCollector.execute(ThrowableCollector.java:73)
	at org.junit.platform.engine.support.hierarchical.NodeTestTask.executeRecursively(NodeTestTask.java:138)
	at org.junit.platform.engine.support.hierarchical.NodeTestTask.execute(NodeTestTask.java:95)
	at org.junit.platform.engine.support.hierarchical.SameThreadHierarchicalTestExecutorService.submit(SameThreadHierarchicalTestExecutorService.java:35)
	at org.junit.platform.engine.support.hierarchical.HierarchicalTestExecutor.execute(HierarchicalTestExecutor.java:57)
	at org.junit.platform.engine.support.hierarchical.HierarchicalTestEngine.execute(HierarchicalTestEngine.java:54)
	at org.junit.platform.launcher.core.EngineExecutionOrchestrator.execute(EngineExecutionOrchestrator.java:198)
	at org.junit.platform.launcher.core.EngineExecutionOrchestrator.execute(EngineExecutionOrchestrator.java:169)
	at org.junit.platform.launcher.core.EngineExecutionOrchestrator.execute(EngineExecutionOrchestrator.java:93)
	at org.junit.platform.launcher.core.EngineExecutionOrchestrator.lambda$execute$0(EngineExecutionOrchestrator.java:58)
	at org.junit.platform.launcher.core.EngineExecutionOrchestrator.withInterceptedStreams(EngineExecutionOrchestrator.java:141)
	at org.junit.platform.launcher.core.EngineExecutionOrchestrator.execute(EngineExecutionOrchestrator.java:57)
	at org.junit.platform.launcher.core.DefaultLauncher.execute(DefaultLauncher.java:103)
	at org.junit.platform.launcher.core.DefaultLauncher.execute(DefaultLauncher.java:85)
	at org.junit.platform.launcher.core.DelegatingLauncher.execute(DelegatingLauncher.java:47)
	at org.junit.platform.launcher.core.SessionPerRequestLauncher.execute(SessionPerRequestLauncher.java:63)
	at com.intellij.junit5.JUnit5IdeaTestRunner.startRunnerWithArgs(JUnit5IdeaTestRunner.java:57)
	at com.intellij.rt.junit.IdeaTestRunner$Repeater$1.execute(IdeaTestRunner.java:38)
	at com.intellij.rt.execution.junit.TestsRepeater.repeat(TestsRepeater.java:11)
	at com.intellij.rt.junit.IdeaTestRunner$Repeater.startRunnerWithArgs(IdeaTestRunner.java:35)
	at com.intellij.rt.junit.JUnitStarter.prepareStreamsAndStart(JUnitStarter.java:232)
	at com.intellij.rt.junit.JUnitStarter.main(JUnitStarter.java:55)
Caused by: org.openqa.selenium.NoSuchElementException: no such element: Unable to locate element: {"method":"xpath","selector":"//mat-option[.//span[contains(text(), 'Reikalinga')]]"}
  (Session info: chrome=133.0.6943.142)
For documentation on this error, please visit: https://www.selenium.dev/documentation/webdriver/troubleshooting/errors#no-such-element-exception
Build info: version: '4.27.0', revision: 'd6e718d134'
System info: os.name: 'Windows 11', os.arch: 'amd64', os.version: '10.0', java.version: '21.0.3'
Driver info: org.openqa.selenium.chrome.ChromeDriver
Command: [5354cc7719e4c4922ed8bd56449a3258, findElement {using=xpath, value=//mat-option[.//span[contains(text(), 'Reikalinga')]]}]
Capabilities {acceptInsecureCerts: false, browserName: chrome, browserVersion: 133.0.6943.142, chrome: {chromedriverVersion: 133.0.6943.141 (2a5d6da0d61..., userDataDir: C:\Users\INGRID~1.ZAD\AppDa...}, fedcm:accounts: true, goog:chromeOptions: {debuggerAddress: localhost:49284}, networkConnectionEnabled: false, pageLoadStrategy: normal, platformName: windows, proxy: Proxy(), se:cdp: ws://localhost:49284/devtoo..., se:cdpVersion: 133.0.6943.142, setWindowRect: true, strictFileInteractability: false, timeouts: {implicit: 0, pageLoad: 300000, script: 30000}, unhandledPromptBehavior: dismiss and notify, webauthn:extension:credBlob: true, webauthn:extension:largeBlob: true, webauthn:extension:minPinLength: true, webauthn:extension:prf: true, webauthn:virtualAuthenticators: true}
Session ID: 5354cc7719e4c4922ed8bd56449a3258
	at java.base/jdk.internal.reflect.DirectConstructorHandleAccessor.newInstance(DirectConstructorHandleAccessor.java:62)
	at java.base/java.lang.reflect.Constructor.newInstanceWithCaller(Constructor.java:502)
	at java.base/java.lang.reflect.Constructor.newInstance(Constructor.java:486)
	at org.openqa.selenium.remote.ErrorCodec.decode(ErrorCodec.java:167)
	at org.openqa.selenium.remote.codec.w3c.W3CHttpResponseCodec.decode(W3CHttpResponseCodec.java:138)
	at org.openqa.selenium.remote.codec.w3c.W3CHttpResponseCodec.decode(W3CHttpResponseCodec.java:50)
	at org.openqa.selenium.remote.HttpCommandExecutor.execute(HttpCommandExecutor.java:190)
	at org.openqa.selenium.remote.service.DriverCommandExecutor.invokeExecute(DriverCommandExecutor.java:216)
	at org.openqa.selenium.remote.service.DriverCommandExecutor.execute(DriverCommandExecutor.java:174)
	at org.openqa.selenium.remote.RemoteWebDriver.execute(RemoteWebDriver.java:545)
	at org.openqa.selenium.remote.ElementLocation$ElementFinder$2.findElement(ElementLocation.java:165)
	at org.openqa.selenium.remote.ElementLocation.findElement(ElementLocation.java:59)
	at org.openqa.selenium.remote.RemoteWebDriver.findElement(RemoteWebDriver.java:368)
	at org.openqa.selenium.remote.RemoteWebDriver.findElement(RemoteWebDriver.java:362)
	at org.openqa.selenium.support.pagefactory.DefaultElementLocator.findElement(DefaultElementLocator.java:68)
	at org.openqa.selenium.support.pagefactory.internal.LocatingElementHandler.invoke(LocatingElementHandler.java:38)
	at jdk.proxy2/jdk.proxy2.$Proxy14.isDisplayed(Unknown Source)
	at org.openqa.selenium.support.ui.ExpectedConditions.elementIfVisible(ExpectedConditions.java:304)
	at org.openqa.selenium.support.ui.ExpectedConditions$10.apply(ExpectedConditions.java:290)
	at org.openqa.selenium.support.ui.ExpectedConditions$10.apply(ExpectedConditions.java:287)
	at org.openqa.selenium.support.ui.ExpectedConditions$23.apply(ExpectedConditions.java:656)
	at org.openqa.selenium.support.ui.ExpectedConditions$23.apply(ExpectedConditions.java:652)
	at org.openqa.selenium.support.ui.FluentWait.until(FluentWait.java:203)
	... 70 common frames omitted
2025-03-06 11:39:26 [main] INFO  l.insoft.uztis.tests.utils.TestUtils - Screenshot moved to C:\Users\ingrida.zadorozniene\Desktop\Asm\UZTIS\UZTIS_tests\test-output\screenshots\20250306\113926884_testFillNewDVPApplicationFA().png
2025-03-06 11:44:20 [main] INFO  lt.insoft.uztis.tests.UztisPageTest - Navigated to https://uztisdev.asseco.lt/home
2025-03-06 11:44:20 [main] INFO  l.i.u.t.SubmittedApplicationsPageTest - Starting test:'testFillNewDVPApplicationFA'
2025-03-06 11:44:21 [main] DEBUG l.i.u.t.SubmittedApplicationsPageTest - User logged in with test credentials.
2025-03-06 11:44:21 [main] DEBUG l.i.u.t.SubmittedApplicationsPageTest - Opened 'Application Processing' menu.
2025-03-06 11:44:21 [main] DEBUG l.i.u.t.SubmittedApplicationsPageTest - Clicked on 'Application Forms' menu.
2025-03-06 11:44:22 [main] DEBUG l.i.u.t.SubmittedApplicationsPageTest - Retrieved last description code text: 'TST-DVP-22'.
2025-03-06 11:44:22 [main] DEBUG l.i.u.t.SubmittedApplicationsPageTest - Clicked on 'Invitation' menu.
2025-03-06 11:44:23 [main] DEBUG l.i.u.t.SubmittedApplicationsPageTest - Selected application section by code: 'TST-DVP-22'.
2025-03-06 11:44:23 [main] DEBUG l.i.u.t.SubmittedApplicationsPageTest - Clicked 'Search' button.
2025-03-06 11:44:23 [main] DEBUG l.i.u.t.SubmittedApplicationsPageTest - Retrieved invitation code: ''.
2025-03-06 11:44:23 [main] DEBUG l.i.u.t.SubmittedApplicationsPageTest - Clicked on 'Submitted Applications' menu.
2025-03-06 11:44:25 [main] DEBUG l.i.u.t.SubmittedApplicationsPageTest - Selected invitation by code: 'TST-DVP-22'.
2025-03-06 11:44:25 [main] DEBUG l.i.u.t.SubmittedApplicationsPageTest - Invitation code inserted.
2025-03-06 11:44:25 [main] DEBUG l.i.u.t.SubmittedApplicationsPageTest - Clicked on 'Action Application' button.
2025-03-06 11:44:25 [main] DEBUG l.i.u.t.SubmittedApplicationsPageTest - Clicked on 'New Application' button.
2025-03-06 11:44:25 [main] DEBUG l.i.u.t.SubmittedApplicationsPageTest - Selected the 'RadioButtonFA' option.
2025-03-06 11:44:26 [main] DEBUG l.i.u.t.SubmittedApplicationsPageTest - Entered phone number: '61298745'.
2025-03-06 11:44:26 [main] DEBUG l.i.u.t.SubmittedApplicationsPageTest - Entered email: 'test@autotest.com'.
2025-03-06 11:44:26 [main] DEBUG l.i.u.t.SubmittedApplicationsPageTest - Checked 'For workplace adaptation' checkbox 1.
2025-03-06 11:44:26 [main] DEBUG l.i.u.t.SubmittedApplicationsPageTest - Checked 'For environmental adaptation' checkbox 2.
2025-03-06 11:44:26 [main] INFO  l.i.u.p.SubmittedApplicationsPage - Located the dropdown button.
2025-03-06 11:44:46 [main] INFO  l.i.u.p.SubmittedApplicationsPage - Found 1741 options in the dropdown.
2025-03-06 11:44:46 [main] INFO  l.i.u.p.SubmittedApplicationsPage - Successfully selected the value: '01.11 - Grūdinių (išskyrus ryžius), ankštinių ir aliejingų sėklų augalų auginimas'
2025-03-06 11:44:56 [main] ERROR l.i.u.p.SubmittedApplicationsPage - Failed to close the dropdown with aria-expanded = 'false'. Attempting manual close.
2025-03-06 11:44:56 [main] INFO  l.i.u.p.SubmittedApplicationsPage - Manual close attempt for the dropdown using body click.
2025-03-06 11:44:56 [main] DEBUG l.i.u.t.SubmittedApplicationsPageTest - Selected EVRK value: '01.11 - Grūdinių (išskyrus ryžius), ankštinių ir aliejingų sėklų augalų auginimas'.
2025-03-06 11:44:56 [main] DEBUG l.i.u.t.SubmittedApplicationsPageTest - Clicked on 'Address Component' button.
2025-03-06 11:44:56 [main] INFO  l.i.u.p.SubmittedApplicationsPage - Located the dropdown button.
2025-03-06 11:44:59 [main] INFO  l.i.u.p.SubmittedApplicationsPage - Successfully selected the value: 'Lietuva'
2025-03-06 11:44:59 [main] DEBUG l.i.u.t.SubmittedApplicationsPageTest - Selected country: 'Lietuva'.
2025-03-06 11:44:59 [main] INFO  l.i.u.p.SubmittedApplicationsPage - Located the dropdown search field.
2025-03-06 11:45:00 [main] INFO  l.i.u.p.SubmittedApplicationsPage - Dropdown city is opened.
2025-03-06 11:45:00 [main] INFO  l.i.u.p.SubmittedApplicationsPage - Searched for value: 'Vilnius'
2025-03-06 11:45:01 [main] INFO  l.i.u.p.SubmittedApplicationsPage - Successfully selected: 'Vilnius'
2025-03-06 11:45:01 [main] INFO  l.i.u.p.SubmittedApplicationsPage - Located the dropdown button.
2025-03-06 11:45:01 [main] INFO  l.i.u.p.SubmittedApplicationsPage - Successfully selected the value: 'A. Domaševičiaus g.'
2025-03-06 11:45:01 [main] DEBUG l.i.u.t.SubmittedApplicationsPageTest - Selected street: 'A. Domaševičiaus g.'.
2025-03-06 11:45:01 [main] INFO  l.i.u.p.SubmittedApplicationsPage - Located the dropdown button.
2025-03-06 11:45:01 [main] INFO  l.i.u.p.SubmittedApplicationsPage - Successfully selected the value: '1'
2025-03-06 11:45:01 [main] DEBUG l.i.u.t.SubmittedApplicationsPageTest - Selected house: '1'.
2025-03-06 11:45:01 [main] INFO  l.i.u.p.SubmittedApplicationsPage - Located the dropdown button.
2025-03-06 11:45:02 [main] INFO  l.i.u.p.SubmittedApplicationsPage - Successfully selected the value: '1'
2025-03-06 11:45:02 [main] DEBUG l.i.u.t.SubmittedApplicationsPageTest - Selected apartment: '1'.
2025-03-06 11:45:02 [main] DEBUG l.i.u.t.SubmittedApplicationsPageTest - Clicked 'Confirm' button.
2025-03-06 11:45:02 [main] DEBUG l.i.u.t.SubmittedApplicationsPageTest - Selected 'For already working' option.
2025-03-06 11:45:03 [main] DEBUG l.i.u.t.SubmittedApplicationsPageTest - Entered person count1: '1'.
2025-03-06 11:45:03 [main] DEBUG l.i.u.t.SubmittedApplicationsPageTest - Selected 'For new working' option.
2025-03-06 11:45:03 [main] DEBUG l.i.u.t.SubmittedApplicationsPageTest - Entered person count2: '1'.
2025-03-06 11:45:03 [main] DEBUG l.i.u.t.SubmittedApplicationsPageTest - Clicked 'Next' button after checkboxes.
2025-03-06 11:45:03 [main] INFO  l.i.u.p.SubmittedApplicationsPage - Located the dropdown button.
2025-03-06 11:45:04 [main] INFO  l.i.u.p.SubmittedApplicationsPage - Successfully selected the value: 'Administratoriai'
2025-03-06 11:45:04 [main] DEBUG l.i.u.t.SubmittedApplicationsPageTest - Selected adaptable job name: 'Administratoriai'.
2025-03-06 11:45:04 [main] DEBUG l.i.u.t.SubmittedApplicationsPageTest - Entered job date.
2025-03-06 11:45:05 [main] DEBUG l.i.u.t.SubmittedApplicationsPageTest - Entered job function: 'Funkcija 1'.
2025-03-06 11:45:05 [main] DEBUG l.i.u.t.SubmittedApplicationsPageTest - Selected 'For already working' 'no' option.
2025-03-06 11:45:05 [main] INFO  l.i.u.p.SubmittedApplicationsPage - Clicking on the dropdown button.
2025-03-06 11:45:05 [main] INFO  l.i.u.p.SubmittedApplicationsPage - Found 6 options in the dropdown.
2025-03-06 11:45:05 [main] DEBUG l.i.u.p.SubmittedApplicationsPage - Checking option: 'Lengvo neįgalumo lygis ar 45-55 procentų dalyvumo lygis (iki 2023 m. gruodžio 31 d. – 45-55 procentų darbingumo lygis)'
2025-03-06 11:45:05 [main] DEBUG l.i.u.p.SubmittedApplicationsPage - Checking option: 'Lengvo neįgalumo lygis ar 45-55 procentų dalyvumo lygis (iki 2023 m. gruodžio 31 d. – 45-55 procentų darbingumo lygis)'
2025-03-06 11:45:05 [main] DEBUG l.i.u.p.SubmittedApplicationsPage - Checking option: 'Sunkaus neįgalumo lygis ar neviršijantis 25 procentų dalyvumo lygis (iki 2023 metų gruodžio 31 dienos – iki 25 procentų darbingumo lygis)'
2025-03-06 11:45:05 [main] INFO  l.i.u.p.SubmittedApplicationsPage - Successfully selected the value: 'Sunkaus neįgalumo lygis ar neviršijantis 25 procentų dalyvumo lygis (iki 2023 metų gruodžio 31 dienos – iki 25 procentų darbingumo lygis)'
2025-03-06 11:45:05 [main] INFO  l.i.u.p.SubmittedApplicationsPage - Attempting to close the dropdown.
2025-03-06 11:45:06 [main] DEBUG l.i.u.t.SubmittedApplicationsPageTest - Selected disabilities type: 'Sunkaus neįgalumo lygis ar neviršijantis 25 procentų dalyvumo lygis (iki 2023 metų gruodžio 31 dienos – iki 25 procentų darbingumo lygis)'.
2025-03-06 11:45:06 [main] DEBUG l.i.u.t.SubmittedApplicationsPageTest - Entered disability information: 'Negalia 1'.
2025-03-06 11:45:06 [main] DEBUG l.i.u.t.SubmittedApplicationsPageTest - Entered qualification: 'Kvalifikacija 1'.
2025-03-06 11:45:06 [main] DEBUG l.i.u.t.SubmittedApplicationsPageTest - Entered job description: 'Darbo vietos aprašymas 1'.
2025-03-06 11:45:07 [main] DEBUG l.i.u.t.SubmittedApplicationsPageTest - Entered equipment description: 'Priemonių įsigyjimas 1'.
2025-03-06 11:45:07 [main] DEBUG l.i.u.t.SubmittedApplicationsPageTest - Entered work information: 'Darbai 1'.
2025-03-06 11:45:07 [main] INFO  l.i.u.p.SubmittedApplicationsPage - Located the dropdown button.
2025-03-06 11:45:07 [main] INFO  l.i.u.p.SubmittedApplicationsPage - Successfully selected the value: 'Kita'
2025-03-06 11:45:07 [main] DEBUG l.i.u.t.SubmittedApplicationsPageTest - Selected time mode: 'Kita'.
2025-03-06 11:45:08 [main] DEBUG l.i.u.t.SubmittedApplicationsPageTest - Selected time mode other: '6 val. per dieną ir 4 d. per savaitę'.
2025-03-06 11:45:08 [main] DEBUG l.i.u.t.SubmittedApplicationsPageTest - Entered salary amount: '1200'.
2025-03-06 11:45:08 [main] DEBUG l.i.u.t.SubmittedApplicationsPageTest - Selected 'Temporary Job' radio button.
2025-03-06 11:45:08 [main] DEBUG l.i.u.t.SubmittedApplicationsPageTest - Selected 'Season Job' radio button.
2025-03-06 11:45:08 [main] DEBUG l.i.u.t.SubmittedApplicationsPageTest - Selected 'PVM' radio button.
2025-03-06 11:45:08 [main] INFO  l.i.u.p.SubmittedApplicationsPage - Located the dropdown button.
2025-03-06 11:45:09 [main] INFO  l.i.u.p.SubmittedApplicationsPage - Successfully selected the value: 'Darbo vietos pritaikymui'
2025-03-06 11:45:39 [main] ERROR l.i.u.p.SubmittedApplicationsPage - Timeout while waiting for dropdown to close with aria-expanded = 'false'.
2025-03-06 11:45:39 [main] DEBUG l.i.u.t.SubmittedApplicationsPageTest - Selected adaptable job name: 'Darbo vietos pritaikymui'.
2025-03-06 11:45:49 [main] ERROR l.i.u.p.SubmittedApplicationsPage - Dropdown 'Reikalinga' is not visible or clickable.
org.openqa.selenium.TimeoutException: Expected condition failed: waiting for visibility of [[ChromeDriver: chrome on windows (0aba1546f099548015045abb053a1679)] -> xpath: //mat-label[contains(text(), 'Reikalinga')]] (tried for 10 second(s) with 500 milliseconds interval)
Build info: version: '4.27.0', revision: 'd6e718d134'
System info: os.name: 'Windows 11', os.arch: 'amd64', os.version: '10.0', java.version: '21.0.3'
Driver info: org.openqa.selenium.chrome.ChromeDriver
Capabilities {acceptInsecureCerts: false, browserName: chrome, browserVersion: 133.0.6943.142, chrome: {chromedriverVersion: 133.0.6943.141 (2a5d6da0d61..., userDataDir: C:\Users\INGRID~1.ZAD\AppDa...}, fedcm:accounts: true, goog:chromeOptions: {debuggerAddress: localhost:49527}, networkConnectionEnabled: false, pageLoadStrategy: normal, platformName: windows, proxy: Proxy(), se:cdp: ws://localhost:49527/devtoo..., se:cdpVersion: 133.0.6943.142, setWindowRect: true, strictFileInteractability: false, timeouts: {implicit: 0, pageLoad: 300000, script: 30000}, unhandledPromptBehavior: dismiss and notify, webauthn:extension:credBlob: true, webauthn:extension:largeBlob: true, webauthn:extension:minPinLength: true, webauthn:extension:prf: true, webauthn:virtualAuthenticators: true}
Session ID: 0aba1546f099548015045abb053a1679
	at org.openqa.selenium.support.ui.WebDriverWait.timeoutException(WebDriverWait.java:84)
	at org.openqa.selenium.support.ui.FluentWait.until(FluentWait.java:228)
	at lt.insoft.uztis.pages.SubmittedApplicationsPage.selectDropdownNecessaryForJobOne_DVP(SubmittedApplicationsPage.java:1313)
	at lt.insoft.uztis.tests.SubmittedApplicationsPageTest.testFillNewDVPApplicationFA(SubmittedApplicationsPageTest.java:711)
	at java.base/jdk.internal.reflect.DirectMethodHandleAccessor.invoke(DirectMethodHandleAccessor.java:103)
	at java.base/java.lang.reflect.Method.invoke(Method.java:580)
	at org.junit.platform.commons.util.ReflectionUtils.invokeMethod(ReflectionUtils.java:728)
	at org.junit.jupiter.engine.execution.MethodInvocation.proceed(MethodInvocation.java:60)
	at org.junit.jupiter.engine.execution.InvocationInterceptorChain$ValidatingInvocation.proceed(InvocationInterceptorChain.java:131)
	at org.junit.jupiter.engine.extension.TimeoutExtension.intercept(TimeoutExtension.java:156)
	at org.junit.jupiter.engine.extension.TimeoutExtension.interceptTestableMethod(TimeoutExtension.java:147)
	at org.junit.jupiter.engine.extension.TimeoutExtension.interceptTestMethod(TimeoutExtension.java:86)
	at org.junit.jupiter.engine.execution.InterceptingExecutableInvoker$ReflectiveInterceptorCall.lambda$ofVoidMethod$0(InterceptingExecutableInvoker.java:103)
	at org.junit.jupiter.engine.execution.InterceptingExecutableInvoker.lambda$invoke$0(InterceptingExecutableInvoker.java:93)
	at org.junit.jupiter.engine.execution.InvocationInterceptorChain$InterceptedInvocation.proceed(InvocationInterceptorChain.java:106)
	at org.junit.jupiter.engine.execution.InvocationInterceptorChain.proceed(InvocationInterceptorChain.java:64)
	at org.junit.jupiter.engine.execution.InvocationInterceptorChain.chainAndInvoke(InvocationInterceptorChain.java:45)
	at org.junit.jupiter.engine.execution.InvocationInterceptorChain.invoke(InvocationInterceptorChain.java:37)
	at org.junit.jupiter.engine.execution.InterceptingExecutableInvoker.invoke(InterceptingExecutableInvoker.java:92)
	at org.junit.jupiter.engine.execution.InterceptingExecutableInvoker.invoke(InterceptingExecutableInvoker.java:86)
	at org.junit.jupiter.engine.descriptor.TestMethodTestDescriptor.lambda$invokeTestMethod$7(TestMethodTestDescriptor.java:218)
	at org.junit.platform.engine.support.hierarchical.ThrowableCollector.execute(ThrowableCollector.java:73)
	at org.junit.jupiter.engine.descriptor.TestMethodTestDescriptor.invokeTestMethod(TestMethodTestDescriptor.java:214)
	at org.junit.jupiter.engine.descriptor.TestMethodTestDescriptor.execute(TestMethodTestDescriptor.java:139)
	at org.junit.jupiter.engine.descriptor.TestMethodTestDescriptor.execute(TestMethodTestDescriptor.java:69)
	at org.junit.platform.engine.support.hierarchical.NodeTestTask.lambda$executeRecursively$6(NodeTestTask.java:151)
	at org.junit.platform.engine.support.hierarchical.ThrowableCollector.execute(ThrowableCollector.java:73)
	at org.junit.platform.engine.support.hierarchical.NodeTestTask.lambda$executeRecursively$8(NodeTestTask.java:141)
	at org.junit.platform.engine.support.hierarchical.Node.around(Node.java:137)
	at org.junit.platform.engine.support.hierarchical.NodeTestTask.lambda$executeRecursively$9(NodeTestTask.java:139)
	at org.junit.platform.engine.support.hierarchical.ThrowableCollector.execute(ThrowableCollector.java:73)
	at org.junit.platform.engine.support.hierarchical.NodeTestTask.executeRecursively(NodeTestTask.java:138)
	at org.junit.platform.engine.support.hierarchical.NodeTestTask.execute(NodeTestTask.java:95)
	at java.base/java.util.ArrayList.forEach(ArrayList.java:1596)
	at org.junit.platform.engine.support.hierarchical.SameThreadHierarchicalTestExecutorService.invokeAll(SameThreadHierarchicalTestExecutorService.java:41)
	at org.junit.platform.engine.support.hierarchical.NodeTestTask.lambda$executeRecursively$6(NodeTestTask.java:155)
	at org.junit.platform.engine.support.hierarchical.ThrowableCollector.execute(ThrowableCollector.java:73)
	at org.junit.platform.engine.support.hierarchical.NodeTestTask.lambda$executeRecursively$8(NodeTestTask.java:141)
	at org.junit.platform.engine.support.hierarchical.Node.around(Node.java:137)
	at org.junit.platform.engine.support.hierarchical.NodeTestTask.lambda$executeRecursively$9(NodeTestTask.java:139)
	at org.junit.platform.engine.support.hierarchical.ThrowableCollector.execute(ThrowableCollector.java:73)
	at org.junit.platform.engine.support.hierarchical.NodeTestTask.executeRecursively(NodeTestTask.java:138)
	at org.junit.platform.engine.support.hierarchical.NodeTestTask.execute(NodeTestTask.java:95)
	at java.base/java.util.ArrayList.forEach(ArrayList.java:1596)
	at org.junit.platform.engine.support.hierarchical.SameThreadHierarchicalTestExecutorService.invokeAll(SameThreadHierarchicalTestExecutorService.java:41)
	at org.junit.platform.engine.support.hierarchical.NodeTestTask.lambda$executeRecursively$6(NodeTestTask.java:155)
	at org.junit.platform.engine.support.hierarchical.ThrowableCollector.execute(ThrowableCollector.java:73)
	at org.junit.platform.engine.support.hierarchical.NodeTestTask.lambda$executeRecursively$8(NodeTestTask.java:141)
	at org.junit.platform.engine.support.hierarchical.Node.around(Node.java:137)
	at org.junit.platform.engine.support.hierarchical.NodeTestTask.lambda$executeRecursively$9(NodeTestTask.java:139)
	at org.junit.platform.engine.support.hierarchical.ThrowableCollector.execute(ThrowableCollector.java:73)
	at org.junit.platform.engine.support.hierarchical.NodeTestTask.executeRecursively(NodeTestTask.java:138)
	at org.junit.platform.engine.support.hierarchical.NodeTestTask.execute(NodeTestTask.java:95)
	at org.junit.platform.engine.support.hierarchical.SameThreadHierarchicalTestExecutorService.submit(SameThreadHierarchicalTestExecutorService.java:35)
	at org.junit.platform.engine.support.hierarchical.HierarchicalTestExecutor.execute(HierarchicalTestExecutor.java:57)
	at org.junit.platform.engine.support.hierarchical.HierarchicalTestEngine.execute(HierarchicalTestEngine.java:54)
	at org.junit.platform.launcher.core.EngineExecutionOrchestrator.execute(EngineExecutionOrchestrator.java:198)
	at org.junit.platform.launcher.core.EngineExecutionOrchestrator.execute(EngineExecutionOrchestrator.java:169)
	at org.junit.platform.launcher.core.EngineExecutionOrchestrator.execute(EngineExecutionOrchestrator.java:93)
	at org.junit.platform.launcher.core.EngineExecutionOrchestrator.lambda$execute$0(EngineExecutionOrchestrator.java:58)
	at org.junit.platform.launcher.core.EngineExecutionOrchestrator.withInterceptedStreams(EngineExecutionOrchestrator.java:141)
	at org.junit.platform.launcher.core.EngineExecutionOrchestrator.execute(EngineExecutionOrchestrator.java:57)
	at org.junit.platform.launcher.core.DefaultLauncher.execute(DefaultLauncher.java:103)
	at org.junit.platform.launcher.core.DefaultLauncher.execute(DefaultLauncher.java:85)
	at org.junit.platform.launcher.core.DelegatingLauncher.execute(DelegatingLauncher.java:47)
	at org.junit.platform.launcher.core.SessionPerRequestLauncher.execute(SessionPerRequestLauncher.java:63)
	at com.intellij.junit5.JUnit5IdeaTestRunner.startRunnerWithArgs(JUnit5IdeaTestRunner.java:57)
	at com.intellij.rt.junit.IdeaTestRunner$Repeater$1.execute(IdeaTestRunner.java:38)
	at com.intellij.rt.execution.junit.TestsRepeater.repeat(TestsRepeater.java:11)
	at com.intellij.rt.junit.IdeaTestRunner$Repeater.startRunnerWithArgs(IdeaTestRunner.java:35)
	at com.intellij.rt.junit.JUnitStarter.prepareStreamsAndStart(JUnitStarter.java:232)
	at com.intellij.rt.junit.JUnitStarter.main(JUnitStarter.java:55)
2025-03-06 11:45:49 [main] DEBUG l.i.u.t.SubmittedApplicationsPageTest - Selected necessary for job: 'Įsigyti'.
2025-03-06 11:45:49 [main] DEBUG l.i.u.t.SubmittedApplicationsPageTest - Selected tool: 'Darbo priemonė 1'.
2025-03-06 11:45:49 [main] DEBUG l.i.u.t.SubmittedApplicationsPageTest - Selected tool parameter one: 'Darbo priemonės 1 parametras 1'.
2025-03-06 11:45:50 [main] DEBUG l.i.u.t.SubmittedApplicationsPageTest - Selected tool parameter two: 'Darbo priemonės 1 parametras 2'.
2025-03-06 11:45:50 [main] DEBUG l.i.u.t.SubmittedApplicationsPageTest - Selected tool parameter three: 'Darbo priemonės 1 parametras 3'.
2025-03-06 11:45:50 [main] DEBUG l.i.u.t.SubmittedApplicationsPageTest - Entered tool count: '1'.
2025-03-06 11:45:50 [main] DEBUG l.i.u.t.SubmittedApplicationsPageTest - Entered price amount: '1000'.
2025-03-06 11:45:50 [main] DEBUG l.i.u.t.SubmittedApplicationsPageTest - Entered own funds amount: '800'.
2025-03-06 11:45:50 [main] DEBUG l.i.u.t.SubmittedApplicationsPageTest - Selected 'De Minimis' radio button.
2025-03-06 11:45:51 [main] DEBUG l.i.u.t.SubmittedApplicationsPageTest - Entered program name: 'Programa 1'.
2025-03-06 11:45:51 [main] DEBUG l.i.u.t.SubmittedApplicationsPageTest - Entered project date from.
2025-03-06 11:45:51 [main] DEBUG l.i.u.t.SubmittedApplicationsPageTest - Entered project date until.
2025-03-06 11:45:51 [main] DEBUG l.i.u.t.SubmittedApplicationsPageTest - Entered support amount: '2000'.
2025-03-06 11:46:01 [main] ERROR l.i.u.t.SubmittedApplicationsPageTest - Test 'testFillNewDVPApplicationFA' failed with error: no such element: Unable to locate element: {"method":"xpath","selector":"(//div[contains(@class, 'mdc-checkbox')]//input[@type='checkbox'])[3]"}
  (Session info: chrome=133.0.6943.142)
For documentation on this error, please visit: https://www.selenium.dev/documentation/webdriver/troubleshooting/errors#no-such-element-exception
Build info: version: '4.27.0', revision: 'd6e718d134'
System info: os.name: 'Windows 11', os.arch: 'amd64', os.version: '10.0', java.version: '21.0.3'
Driver info: org.openqa.selenium.chrome.ChromeDriver
Command: [0aba1546f099548015045abb053a1679, findElement {using=xpath, value=(//div[contains(@class, 'mdc-checkbox')]//input[@type='checkbox'])[3]}]
Capabilities {acceptInsecureCerts: false, browserName: chrome, browserVersion: 133.0.6943.142, chrome: {chromedriverVersion: 133.0.6943.141 (2a5d6da0d61..., userDataDir: C:\Users\INGRID~1.ZAD\AppDa...}, fedcm:accounts: true, goog:chromeOptions: {debuggerAddress: localhost:49527}, networkConnectionEnabled: false, pageLoadStrategy: normal, platformName: windows, proxy: Proxy(), se:cdp: ws://localhost:49527/devtoo..., se:cdpVersion: 133.0.6943.142, setWindowRect: true, strictFileInteractability: false, timeouts: {implicit: 0, pageLoad: 300000, script: 30000}, unhandledPromptBehavior: dismiss and notify, webauthn:extension:credBlob: true, webauthn:extension:largeBlob: true, webauthn:extension:minPinLength: true, webauthn:extension:prf: true, webauthn:virtualAuthenticators: true}
Session ID: 0aba1546f099548015045abb053a1679
org.openqa.selenium.NoSuchElementException: no such element: Unable to locate element: {"method":"xpath","selector":"(//div[contains(@class, 'mdc-checkbox')]//input[@type='checkbox'])[3]"}
  (Session info: chrome=133.0.6943.142)
For documentation on this error, please visit: https://www.selenium.dev/documentation/webdriver/troubleshooting/errors#no-such-element-exception
Build info: version: '4.27.0', revision: 'd6e718d134'
System info: os.name: 'Windows 11', os.arch: 'amd64', os.version: '10.0', java.version: '21.0.3'
Driver info: org.openqa.selenium.chrome.ChromeDriver
Command: [0aba1546f099548015045abb053a1679, findElement {using=xpath, value=(//div[contains(@class, 'mdc-checkbox')]//input[@type='checkbox'])[3]}]
Capabilities {acceptInsecureCerts: false, browserName: chrome, browserVersion: 133.0.6943.142, chrome: {chromedriverVersion: 133.0.6943.141 (2a5d6da0d61..., userDataDir: C:\Users\INGRID~1.ZAD\AppDa...}, fedcm:accounts: true, goog:chromeOptions: {debuggerAddress: localhost:49527}, networkConnectionEnabled: false, pageLoadStrategy: normal, platformName: windows, proxy: Proxy(), se:cdp: ws://localhost:49527/devtoo..., se:cdpVersion: 133.0.6943.142, setWindowRect: true, strictFileInteractability: false, timeouts: {implicit: 0, pageLoad: 300000, script: 30000}, unhandledPromptBehavior: dismiss and notify, webauthn:extension:credBlob: true, webauthn:extension:largeBlob: true, webauthn:extension:minPinLength: true, webauthn:extension:prf: true, webauthn:virtualAuthenticators: true}
Session ID: 0aba1546f099548015045abb053a1679
	at java.base/jdk.internal.reflect.DirectConstructorHandleAccessor.newInstance(DirectConstructorHandleAccessor.java:62)
	at java.base/java.lang.reflect.Constructor.newInstanceWithCaller(Constructor.java:502)
	at java.base/java.lang.reflect.Constructor.newInstance(Constructor.java:486)
	at org.openqa.selenium.remote.ErrorCodec.decode(ErrorCodec.java:167)
	at org.openqa.selenium.remote.codec.w3c.W3CHttpResponseCodec.decode(W3CHttpResponseCodec.java:138)
	at org.openqa.selenium.remote.codec.w3c.W3CHttpResponseCodec.decode(W3CHttpResponseCodec.java:50)
	at org.openqa.selenium.remote.HttpCommandExecutor.execute(HttpCommandExecutor.java:190)
	at org.openqa.selenium.remote.service.DriverCommandExecutor.invokeExecute(DriverCommandExecutor.java:216)
	at org.openqa.selenium.remote.service.DriverCommandExecutor.execute(DriverCommandExecutor.java:174)
	at org.openqa.selenium.remote.RemoteWebDriver.execute(RemoteWebDriver.java:545)
	at org.openqa.selenium.remote.ElementLocation$ElementFinder$2.findElement(ElementLocation.java:165)
	at org.openqa.selenium.remote.ElementLocation.findElement(ElementLocation.java:59)
	at org.openqa.selenium.remote.RemoteWebDriver.findElement(RemoteWebDriver.java:368)
	at org.openqa.selenium.remote.RemoteWebDriver.findElement(RemoteWebDriver.java:362)
	at org.openqa.selenium.support.pagefactory.DefaultElementLocator.findElement(DefaultElementLocator.java:68)
	at org.openqa.selenium.support.pagefactory.internal.LocatingElementHandler.invoke(LocatingElementHandler.java:38)
	at jdk.proxy2/jdk.proxy2.$Proxy14.isSelected(Unknown Source)
	at lt.insoft.uztis.pages.InvitationsPage.setCheckbox(InvitationsPage.java:480)
	at lt.insoft.uztis.tests.SubmittedApplicationsPageTest.testFillNewDVPApplicationFA(SubmittedApplicationsPageTest.java:772)
	at java.base/jdk.internal.reflect.DirectMethodHandleAccessor.invoke(DirectMethodHandleAccessor.java:103)
	at java.base/java.lang.reflect.Method.invoke(Method.java:580)
	at org.junit.platform.commons.util.ReflectionUtils.invokeMethod(ReflectionUtils.java:728)
	at org.junit.jupiter.engine.execution.MethodInvocation.proceed(MethodInvocation.java:60)
	at org.junit.jupiter.engine.execution.InvocationInterceptorChain$ValidatingInvocation.proceed(InvocationInterceptorChain.java:131)
	at org.junit.jupiter.engine.extension.TimeoutExtension.intercept(TimeoutExtension.java:156)
	at org.junit.jupiter.engine.extension.TimeoutExtension.interceptTestableMethod(TimeoutExtension.java:147)
	at org.junit.jupiter.engine.extension.TimeoutExtension.interceptTestMethod(TimeoutExtension.java:86)
	at org.junit.jupiter.engine.execution.InterceptingExecutableInvoker$ReflectiveInterceptorCall.lambda$ofVoidMethod$0(InterceptingExecutableInvoker.java:103)
	at org.junit.jupiter.engine.execution.InterceptingExecutableInvoker.lambda$invoke$0(InterceptingExecutableInvoker.java:93)
	at org.junit.jupiter.engine.execution.InvocationInterceptorChain$InterceptedInvocation.proceed(InvocationInterceptorChain.java:106)
	at org.junit.jupiter.engine.execution.InvocationInterceptorChain.proceed(InvocationInterceptorChain.java:64)
	at org.junit.jupiter.engine.execution.InvocationInterceptorChain.chainAndInvoke(InvocationInterceptorChain.java:45)
	at org.junit.jupiter.engine.execution.InvocationInterceptorChain.invoke(InvocationInterceptorChain.java:37)
	at org.junit.jupiter.engine.execution.InterceptingExecutableInvoker.invoke(InterceptingExecutableInvoker.java:92)
	at org.junit.jupiter.engine.execution.InterceptingExecutableInvoker.invoke(InterceptingExecutableInvoker.java:86)
	at org.junit.jupiter.engine.descriptor.TestMethodTestDescriptor.lambda$invokeTestMethod$7(TestMethodTestDescriptor.java:218)
	at org.junit.platform.engine.support.hierarchical.ThrowableCollector.execute(ThrowableCollector.java:73)
	at org.junit.jupiter.engine.descriptor.TestMethodTestDescriptor.invokeTestMethod(TestMethodTestDescriptor.java:214)
	at org.junit.jupiter.engine.descriptor.TestMethodTestDescriptor.execute(TestMethodTestDescriptor.java:139)
	at org.junit.jupiter.engine.descriptor.TestMethodTestDescriptor.execute(TestMethodTestDescriptor.java:69)
	at org.junit.platform.engine.support.hierarchical.NodeTestTask.lambda$executeRecursively$6(NodeTestTask.java:151)
	at org.junit.platform.engine.support.hierarchical.ThrowableCollector.execute(ThrowableCollector.java:73)
	at org.junit.platform.engine.support.hierarchical.NodeTestTask.lambda$executeRecursively$8(NodeTestTask.java:141)
	at org.junit.platform.engine.support.hierarchical.Node.around(Node.java:137)
	at org.junit.platform.engine.support.hierarchical.NodeTestTask.lambda$executeRecursively$9(NodeTestTask.java:139)
	at org.junit.platform.engine.support.hierarchical.ThrowableCollector.execute(ThrowableCollector.java:73)
	at org.junit.platform.engine.support.hierarchical.NodeTestTask.executeRecursively(NodeTestTask.java:138)
	at org.junit.platform.engine.support.hierarchical.NodeTestTask.execute(NodeTestTask.java:95)
	at java.base/java.util.ArrayList.forEach(ArrayList.java:1596)
	at org.junit.platform.engine.support.hierarchical.SameThreadHierarchicalTestExecutorService.invokeAll(SameThreadHierarchicalTestExecutorService.java:41)
	at org.junit.platform.engine.support.hierarchical.NodeTestTask.lambda$executeRecursively$6(NodeTestTask.java:155)
	at org.junit.platform.engine.support.hierarchical.ThrowableCollector.execute(ThrowableCollector.java:73)
	at org.junit.platform.engine.support.hierarchical.NodeTestTask.lambda$executeRecursively$8(NodeTestTask.java:141)
	at org.junit.platform.engine.support.hierarchical.Node.around(Node.java:137)
	at org.junit.platform.engine.support.hierarchical.NodeTestTask.lambda$executeRecursively$9(NodeTestTask.java:139)
	at org.junit.platform.engine.support.hierarchical.ThrowableCollector.execute(ThrowableCollector.java:73)
	at org.junit.platform.engine.support.hierarchical.NodeTestTask.executeRecursively(NodeTestTask.java:138)
	at org.junit.platform.engine.support.hierarchical.NodeTestTask.execute(NodeTestTask.java:95)
	at java.base/java.util.ArrayList.forEach(ArrayList.java:1596)
	at org.junit.platform.engine.support.hierarchical.SameThreadHierarchicalTestExecutorService.invokeAll(SameThreadHierarchicalTestExecutorService.java:41)
	at org.junit.platform.engine.support.hierarchical.NodeTestTask.lambda$executeRecursively$6(NodeTestTask.java:155)
	at org.junit.platform.engine.support.hierarchical.ThrowableCollector.execute(ThrowableCollector.java:73)
	at org.junit.platform.engine.support.hierarchical.NodeTestTask.lambda$executeRecursively$8(NodeTestTask.java:141)
	at org.junit.platform.engine.support.hierarchical.Node.around(Node.java:137)
	at org.junit.platform.engine.support.hierarchical.NodeTestTask.lambda$executeRecursively$9(NodeTestTask.java:139)
	at org.junit.platform.engine.support.hierarchical.ThrowableCollector.execute(ThrowableCollector.java:73)
	at org.junit.platform.engine.support.hierarchical.NodeTestTask.executeRecursively(NodeTestTask.java:138)
	at org.junit.platform.engine.support.hierarchical.NodeTestTask.execute(NodeTestTask.java:95)
	at org.junit.platform.engine.support.hierarchical.SameThreadHierarchicalTestExecutorService.submit(SameThreadHierarchicalTestExecutorService.java:35)
	at org.junit.platform.engine.support.hierarchical.HierarchicalTestExecutor.execute(HierarchicalTestExecutor.java:57)
	at org.junit.platform.engine.support.hierarchical.HierarchicalTestEngine.execute(HierarchicalTestEngine.java:54)
	at org.junit.platform.launcher.core.EngineExecutionOrchestrator.execute(EngineExecutionOrchestrator.java:198)
	at org.junit.platform.launcher.core.EngineExecutionOrchestrator.execute(EngineExecutionOrchestrator.java:169)
	at org.junit.platform.launcher.core.EngineExecutionOrchestrator.execute(EngineExecutionOrchestrator.java:93)
	at org.junit.platform.launcher.core.EngineExecutionOrchestrator.lambda$execute$0(EngineExecutionOrchestrator.java:58)
	at org.junit.platform.launcher.core.EngineExecutionOrchestrator.withInterceptedStreams(EngineExecutionOrchestrator.java:141)
	at org.junit.platform.launcher.core.EngineExecutionOrchestrator.execute(EngineExecutionOrchestrator.java:57)
	at org.junit.platform.launcher.core.DefaultLauncher.execute(DefaultLauncher.java:103)
	at org.junit.platform.launcher.core.DefaultLauncher.execute(DefaultLauncher.java:85)
	at org.junit.platform.launcher.core.DelegatingLauncher.execute(DelegatingLauncher.java:47)
	at org.junit.platform.launcher.core.SessionPerRequestLauncher.execute(SessionPerRequestLauncher.java:63)
	at com.intellij.junit5.JUnit5IdeaTestRunner.startRunnerWithArgs(JUnit5IdeaTestRunner.java:57)
	at com.intellij.rt.junit.IdeaTestRunner$Repeater$1.execute(IdeaTestRunner.java:38)
	at com.intellij.rt.execution.junit.TestsRepeater.repeat(TestsRepeater.java:11)
	at com.intellij.rt.junit.IdeaTestRunner$Repeater.startRunnerWithArgs(IdeaTestRunner.java:35)
	at com.intellij.rt.junit.JUnitStarter.prepareStreamsAndStart(JUnitStarter.java:232)
	at com.intellij.rt.junit.JUnitStarter.main(JUnitStarter.java:55)
2025-03-06 11:46:01 [main] INFO  l.insoft.uztis.tests.utils.TestUtils - Screenshot moved to C:\Users\ingrida.zadorozniene\Desktop\Asm\UZTIS\UZTIS_tests\test-output\screenshots\20250306\114601810_testFillNewDVPApplicationFA().png
2025-03-06 11:50:40 [main] INFO  lt.insoft.uztis.tests.UztisPageTest - Navigated to https://uztisdev.asseco.lt/home
2025-03-06 11:50:40 [main] INFO  l.i.u.t.SubmittedApplicationsPageTest - Starting test:'testFillNewDVPApplicationFA'
2025-03-06 11:50:41 [main] DEBUG l.i.u.t.SubmittedApplicationsPageTest - User logged in with test credentials.
2025-03-06 11:50:41 [main] DEBUG l.i.u.t.SubmittedApplicationsPageTest - Opened 'Application Processing' menu.
2025-03-06 11:50:42 [main] DEBUG l.i.u.t.SubmittedApplicationsPageTest - Clicked on 'Application Forms' menu.
2025-03-06 11:50:42 [main] DEBUG l.i.u.t.SubmittedApplicationsPageTest - Retrieved last description code text: 'TST-DVP-22'.
2025-03-06 11:50:43 [main] DEBUG l.i.u.t.SubmittedApplicationsPageTest - Clicked on 'Invitation' menu.
2025-03-06 11:50:44 [main] DEBUG l.i.u.t.SubmittedApplicationsPageTest - Selected application section by code: 'TST-DVP-22'.
2025-03-06 11:50:44 [main] DEBUG l.i.u.t.SubmittedApplicationsPageTest - Clicked 'Search' button.
2025-03-06 11:50:44 [main] DEBUG l.i.u.t.SubmittedApplicationsPageTest - Retrieved invitation code: ''.
2025-03-06 11:50:44 [main] DEBUG l.i.u.t.SubmittedApplicationsPageTest - Clicked on 'Submitted Applications' menu.
2025-03-06 11:50:45 [main] DEBUG l.i.u.t.SubmittedApplicationsPageTest - Selected invitation by code: 'TST-DVP-22'.
2025-03-06 11:50:45 [main] DEBUG l.i.u.t.SubmittedApplicationsPageTest - Invitation code inserted.
2025-03-06 11:50:45 [main] DEBUG l.i.u.t.SubmittedApplicationsPageTest - Clicked on 'Action Application' button.
2025-03-06 11:50:45 [main] DEBUG l.i.u.t.SubmittedApplicationsPageTest - Clicked on 'New Application' button.
2025-03-06 11:50:46 [main] DEBUG l.i.u.t.SubmittedApplicationsPageTest - Selected the 'RadioButtonFA' option.
2025-03-06 11:50:46 [main] DEBUG l.i.u.t.SubmittedApplicationsPageTest - Entered phone number: '61298745'.
2025-03-06 11:50:47 [main] DEBUG l.i.u.t.SubmittedApplicationsPageTest - Entered email: 'test@autotest.com'.
2025-03-06 11:50:47 [main] DEBUG l.i.u.t.SubmittedApplicationsPageTest - Checked 'For workplace adaptation' checkbox 1.
2025-03-06 11:50:47 [main] DEBUG l.i.u.t.SubmittedApplicationsPageTest - Checked 'For environmental adaptation' checkbox 2.
2025-03-06 11:50:47 [main] INFO  l.i.u.p.SubmittedApplicationsPage - Located the dropdown button.
2025-03-06 11:51:08 [main] INFO  l.i.u.p.SubmittedApplicationsPage - Found 1741 options in the dropdown.
2025-03-06 11:51:08 [main] INFO  l.i.u.p.SubmittedApplicationsPage - Successfully selected the value: '01.11 - Grūdinių (išskyrus ryžius), ankštinių ir aliejingų sėklų augalų auginimas'
2025-03-06 11:51:18 [main] ERROR l.i.u.p.SubmittedApplicationsPage - Failed to close the dropdown with aria-expanded = 'false'. Attempting manual close.
2025-03-06 11:51:18 [main] INFO  l.i.u.p.SubmittedApplicationsPage - Manual close attempt for the dropdown using body click.
2025-03-06 11:51:18 [main] DEBUG l.i.u.t.SubmittedApplicationsPageTest - Selected EVRK value: '01.11 - Grūdinių (išskyrus ryžius), ankštinių ir aliejingų sėklų augalų auginimas'.
2025-03-06 11:51:18 [main] DEBUG l.i.u.t.SubmittedApplicationsPageTest - Clicked on 'Address Component' button.
2025-03-06 11:51:18 [main] INFO  l.i.u.p.SubmittedApplicationsPage - Located the dropdown button.
2025-03-06 11:51:21 [main] INFO  l.i.u.p.SubmittedApplicationsPage - Successfully selected the value: 'Lietuva'
2025-03-06 11:51:22 [main] DEBUG l.i.u.t.SubmittedApplicationsPageTest - Selected country: 'Lietuva'.
2025-03-06 11:51:22 [main] INFO  l.i.u.p.SubmittedApplicationsPage - Located the dropdown search field.
2025-03-06 11:51:22 [main] INFO  l.i.u.p.SubmittedApplicationsPage - Dropdown city is opened.
2025-03-06 11:51:22 [main] INFO  l.i.u.p.SubmittedApplicationsPage - Searched for value: 'Vilnius'
2025-03-06 11:51:23 [main] INFO  l.i.u.p.SubmittedApplicationsPage - Successfully selected: 'Vilnius'
2025-03-06 11:51:23 [main] INFO  l.i.u.p.SubmittedApplicationsPage - Located the dropdown button.
2025-03-06 11:51:24 [main] INFO  l.i.u.p.SubmittedApplicationsPage - Successfully selected the value: 'A. Domaševičiaus g.'
2025-03-06 11:51:24 [main] DEBUG l.i.u.t.SubmittedApplicationsPageTest - Selected street: 'A. Domaševičiaus g.'.
2025-03-06 11:51:24 [main] INFO  l.i.u.p.SubmittedApplicationsPage - Located the dropdown button.
2025-03-06 11:51:24 [main] INFO  l.i.u.p.SubmittedApplicationsPage - Successfully selected the value: '1'
2025-03-06 11:51:24 [main] DEBUG l.i.u.t.SubmittedApplicationsPageTest - Selected house: '1'.
2025-03-06 11:51:24 [main] INFO  l.i.u.p.SubmittedApplicationsPage - Located the dropdown button.
2025-03-06 11:51:24 [main] INFO  l.i.u.p.SubmittedApplicationsPage - Successfully selected the value: '1'
2025-03-06 11:51:24 [main] DEBUG l.i.u.t.SubmittedApplicationsPageTest - Selected apartment: '1'.
2025-03-06 11:51:24 [main] DEBUG l.i.u.t.SubmittedApplicationsPageTest - Clicked 'Confirm' button.
2025-03-06 11:51:25 [main] DEBUG l.i.u.t.SubmittedApplicationsPageTest - Selected 'For already working' option.
2025-03-06 11:51:25 [main] DEBUG l.i.u.t.SubmittedApplicationsPageTest - Entered person count1: '1'.
2025-03-06 11:51:25 [main] DEBUG l.i.u.t.SubmittedApplicationsPageTest - Selected 'For new working' option.
2025-03-06 11:51:25 [main] DEBUG l.i.u.t.SubmittedApplicationsPageTest - Entered person count2: '1'.
2025-03-06 11:51:25 [main] DEBUG l.i.u.t.SubmittedApplicationsPageTest - Clicked 'Next' button after checkboxes.
2025-03-06 11:51:25 [main] INFO  l.i.u.p.SubmittedApplicationsPage - Located the dropdown button.
2025-03-06 11:51:26 [main] INFO  l.i.u.p.SubmittedApplicationsPage - Successfully selected the value: 'Administratoriai'
2025-03-06 11:51:26 [main] DEBUG l.i.u.t.SubmittedApplicationsPageTest - Selected adaptable job name: 'Administratoriai'.
2025-03-06 11:51:26 [main] DEBUG l.i.u.t.SubmittedApplicationsPageTest - Entered job date.
2025-03-06 11:51:27 [main] DEBUG l.i.u.t.SubmittedApplicationsPageTest - Entered job function: 'Funkcija 1'.
2025-03-06 11:51:27 [main] DEBUG l.i.u.t.SubmittedApplicationsPageTest - Selected 'For already working' 'no' option.
2025-03-06 11:51:27 [main] INFO  l.i.u.p.SubmittedApplicationsPage - Clicking on the dropdown button.
2025-03-06 11:51:27 [main] INFO  l.i.u.p.SubmittedApplicationsPage - Found 6 options in the dropdown.
2025-03-06 11:51:27 [main] DEBUG l.i.u.p.SubmittedApplicationsPage - Checking option: 'Lengvo neįgalumo lygis ar 45-55 procentų dalyvumo lygis (iki 2023 m. gruodžio 31 d. – 45-55 procentų darbingumo lygis)'
2025-03-06 11:51:27 [main] DEBUG l.i.u.p.SubmittedApplicationsPage - Checking option: 'Lengvo neįgalumo lygis ar 45-55 procentų dalyvumo lygis (iki 2023 m. gruodžio 31 d. – 45-55 procentų darbingumo lygis)'
2025-03-06 11:51:27 [main] DEBUG l.i.u.p.SubmittedApplicationsPage - Checking option: 'Sunkaus neįgalumo lygis ar neviršijantis 25 procentų dalyvumo lygis (iki 2023 metų gruodžio 31 dienos – iki 25 procentų darbingumo lygis)'
2025-03-06 11:51:27 [main] INFO  l.i.u.p.SubmittedApplicationsPage - Successfully selected the value: 'Sunkaus neįgalumo lygis ar neviršijantis 25 procentų dalyvumo lygis (iki 2023 metų gruodžio 31 dienos – iki 25 procentų darbingumo lygis)'
2025-03-06 11:51:27 [main] INFO  l.i.u.p.SubmittedApplicationsPage - Attempting to close the dropdown.
2025-03-06 11:51:28 [main] DEBUG l.i.u.t.SubmittedApplicationsPageTest - Selected disabilities type: 'Sunkaus neįgalumo lygis ar neviršijantis 25 procentų dalyvumo lygis (iki 2023 metų gruodžio 31 dienos – iki 25 procentų darbingumo lygis)'.
2025-03-06 11:51:28 [main] DEBUG l.i.u.t.SubmittedApplicationsPageTest - Entered disability information: 'Negalia 1'.
2025-03-06 11:51:28 [main] DEBUG l.i.u.t.SubmittedApplicationsPageTest - Entered qualification: 'Kvalifikacija 1'.
2025-03-06 11:51:29 [main] DEBUG l.i.u.t.SubmittedApplicationsPageTest - Entered job description: 'Darbo vietos aprašymas 1'.
2025-03-06 11:51:29 [main] DEBUG l.i.u.t.SubmittedApplicationsPageTest - Entered equipment description: 'Priemonių įsigyjimas 1'.
2025-03-06 11:51:29 [main] DEBUG l.i.u.t.SubmittedApplicationsPageTest - Entered work information: 'Darbai 1'.
2025-03-06 11:51:29 [main] INFO  l.i.u.p.SubmittedApplicationsPage - Located the dropdown button.
2025-03-06 11:51:30 [main] INFO  l.i.u.p.SubmittedApplicationsPage - Successfully selected the value: 'Kita'
2025-03-06 11:51:30 [main] DEBUG l.i.u.t.SubmittedApplicationsPageTest - Selected time mode: 'Kita'.
2025-03-06 11:51:30 [main] DEBUG l.i.u.t.SubmittedApplicationsPageTest - Selected time mode other: '6 val. per dieną ir 4 d. per savaitę'.
2025-03-06 11:51:30 [main] DEBUG l.i.u.t.SubmittedApplicationsPageTest - Entered salary amount: '1200'.
2025-03-06 11:51:30 [main] DEBUG l.i.u.t.SubmittedApplicationsPageTest - Selected 'Temporary Job' radio button.
2025-03-06 11:51:30 [main] DEBUG l.i.u.t.SubmittedApplicationsPageTest - Selected 'Season Job' radio button.
2025-03-06 11:51:31 [main] DEBUG l.i.u.t.SubmittedApplicationsPageTest - Selected 'PVM' radio button.
2025-03-06 11:51:31 [main] INFO  l.i.u.p.SubmittedApplicationsPage - Located the dropdown button.
2025-03-06 11:51:31 [main] INFO  l.i.u.p.SubmittedApplicationsPage - Successfully selected the value: 'Darbo vietos pritaikymui'
2025-03-06 11:52:01 [main] ERROR l.i.u.p.SubmittedApplicationsPage - Timeout while waiting for dropdown to close with aria-expanded = 'false'.
2025-03-06 11:52:01 [main] DEBUG l.i.u.t.SubmittedApplicationsPageTest - Selected adaptable job name: 'Darbo vietos pritaikymui'.
2025-03-06 11:52:01 [main] DEBUG l.i.u.p.SubmittedApplicationsPage - Located and clicked the dropdown button 'Reikalinga'.
2025-03-06 11:52:01 [main] INFO  l.i.u.p.SubmittedApplicationsPage - Successfully selected the value: 'Įsigyti'
2025-03-06 11:52:12 [main] DEBUG l.i.u.t.SubmittedApplicationsPageTest - Selected necessary for job: 'Įsigyti'.
2025-03-06 11:52:12 [main] DEBUG l.i.u.t.SubmittedApplicationsPageTest - Selected tool: 'Darbo priemonė 1'.
2025-03-06 11:52:12 [main] DEBUG l.i.u.t.SubmittedApplicationsPageTest - Selected tool parameter one: 'Darbo priemonės 1 parametras 1'.
2025-03-06 11:52:13 [main] DEBUG l.i.u.t.SubmittedApplicationsPageTest - Selected tool parameter two: 'Darbo priemonės 1 parametras 2'.
2025-03-06 11:52:13 [main] DEBUG l.i.u.t.SubmittedApplicationsPageTest - Selected tool parameter three: 'Darbo priemonės 1 parametras 3'.
2025-03-06 11:52:13 [main] DEBUG l.i.u.t.SubmittedApplicationsPageTest - Entered tool count: '1'.
2025-03-06 11:52:13 [main] DEBUG l.i.u.t.SubmittedApplicationsPageTest - Entered price amount: '1000'.
2025-03-06 11:52:13 [main] DEBUG l.i.u.t.SubmittedApplicationsPageTest - Entered own funds amount: '800'.
2025-03-06 11:52:13 [main] DEBUG l.i.u.t.SubmittedApplicationsPageTest - Selected 'De Minimis' radio button.
2025-03-06 11:52:14 [main] DEBUG l.i.u.t.SubmittedApplicationsPageTest - Entered program name: 'Programa 1'.
2025-03-06 11:52:14 [main] DEBUG l.i.u.t.SubmittedApplicationsPageTest - Entered project date from.
2025-03-06 11:52:14 [main] DEBUG l.i.u.t.SubmittedApplicationsPageTest - Entered project date until.
2025-03-06 11:52:14 [main] DEBUG l.i.u.t.SubmittedApplicationsPageTest - Entered support amount: '2000'.
2025-03-06 11:52:24 [main] ERROR l.i.u.t.SubmittedApplicationsPageTest - Test 'testFillNewDVPApplicationFA' failed with error: no such element: Unable to locate element: {"method":"xpath","selector":"(//div[contains(@class, 'mdc-checkbox')]//input[@type='checkbox'])[3]"}
  (Session info: chrome=133.0.6943.142)
For documentation on this error, please visit: https://www.selenium.dev/documentation/webdriver/troubleshooting/errors#no-such-element-exception
Build info: version: '4.27.0', revision: 'd6e718d134'
System info: os.name: 'Windows 11', os.arch: 'amd64', os.version: '10.0', java.version: '21.0.3'
Driver info: org.openqa.selenium.chrome.ChromeDriver
Command: [4d81173e40ff0d6a15c853d3e927b48a, findElement {using=xpath, value=(//div[contains(@class, 'mdc-checkbox')]//input[@type='checkbox'])[3]}]
Capabilities {acceptInsecureCerts: false, browserName: chrome, browserVersion: 133.0.6943.142, chrome: {chromedriverVersion: 133.0.6943.141 (2a5d6da0d61..., userDataDir: C:\Users\INGRID~1.ZAD\AppDa...}, fedcm:accounts: true, goog:chromeOptions: {debuggerAddress: localhost:49750}, networkConnectionEnabled: false, pageLoadStrategy: normal, platformName: windows, proxy: Proxy(), se:cdp: ws://localhost:49750/devtoo..., se:cdpVersion: 133.0.6943.142, setWindowRect: true, strictFileInteractability: false, timeouts: {implicit: 0, pageLoad: 300000, script: 30000}, unhandledPromptBehavior: dismiss and notify, webauthn:extension:credBlob: true, webauthn:extension:largeBlob: true, webauthn:extension:minPinLength: true, webauthn:extension:prf: true, webauthn:virtualAuthenticators: true}
Session ID: 4d81173e40ff0d6a15c853d3e927b48a
org.openqa.selenium.NoSuchElementException: no such element: Unable to locate element: {"method":"xpath","selector":"(//div[contains(@class, 'mdc-checkbox')]//input[@type='checkbox'])[3]"}
  (Session info: chrome=133.0.6943.142)
For documentation on this error, please visit: https://www.selenium.dev/documentation/webdriver/troubleshooting/errors#no-such-element-exception
Build info: version: '4.27.0', revision: 'd6e718d134'
System info: os.name: 'Windows 11', os.arch: 'amd64', os.version: '10.0', java.version: '21.0.3'
Driver info: org.openqa.selenium.chrome.ChromeDriver
Command: [4d81173e40ff0d6a15c853d3e927b48a, findElement {using=xpath, value=(//div[contains(@class, 'mdc-checkbox')]//input[@type='checkbox'])[3]}]
Capabilities {acceptInsecureCerts: false, browserName: chrome, browserVersion: 133.0.6943.142, chrome: {chromedriverVersion: 133.0.6943.141 (2a5d6da0d61..., userDataDir: C:\Users\INGRID~1.ZAD\AppDa...}, fedcm:accounts: true, goog:chromeOptions: {debuggerAddress: localhost:49750}, networkConnectionEnabled: false, pageLoadStrategy: normal, platformName: windows, proxy: Proxy(), se:cdp: ws://localhost:49750/devtoo..., se:cdpVersion: 133.0.6943.142, setWindowRect: true, strictFileInteractability: false, timeouts: {implicit: 0, pageLoad: 300000, script: 30000}, unhandledPromptBehavior: dismiss and notify, webauthn:extension:credBlob: true, webauthn:extension:largeBlob: true, webauthn:extension:minPinLength: true, webauthn:extension:prf: true, webauthn:virtualAuthenticators: true}
Session ID: 4d81173e40ff0d6a15c853d3e927b48a
	at java.base/jdk.internal.reflect.DirectConstructorHandleAccessor.newInstance(DirectConstructorHandleAccessor.java:62)
	at java.base/java.lang.reflect.Constructor.newInstanceWithCaller(Constructor.java:502)
	at java.base/java.lang.reflect.Constructor.newInstance(Constructor.java:486)
	at org.openqa.selenium.remote.ErrorCodec.decode(ErrorCodec.java:167)
	at org.openqa.selenium.remote.codec.w3c.W3CHttpResponseCodec.decode(W3CHttpResponseCodec.java:138)
	at org.openqa.selenium.remote.codec.w3c.W3CHttpResponseCodec.decode(W3CHttpResponseCodec.java:50)
	at org.openqa.selenium.remote.HttpCommandExecutor.execute(HttpCommandExecutor.java:190)
	at org.openqa.selenium.remote.service.DriverCommandExecutor.invokeExecute(DriverCommandExecutor.java:216)
	at org.openqa.selenium.remote.service.DriverCommandExecutor.execute(DriverCommandExecutor.java:174)
	at org.openqa.selenium.remote.RemoteWebDriver.execute(RemoteWebDriver.java:545)
	at org.openqa.selenium.remote.ElementLocation$ElementFinder$2.findElement(ElementLocation.java:165)
	at org.openqa.selenium.remote.ElementLocation.findElement(ElementLocation.java:59)
	at org.openqa.selenium.remote.RemoteWebDriver.findElement(RemoteWebDriver.java:368)
	at org.openqa.selenium.remote.RemoteWebDriver.findElement(RemoteWebDriver.java:362)
	at org.openqa.selenium.support.pagefactory.DefaultElementLocator.findElement(DefaultElementLocator.java:68)
	at org.openqa.selenium.support.pagefactory.internal.LocatingElementHandler.invoke(LocatingElementHandler.java:38)
	at jdk.proxy2/jdk.proxy2.$Proxy14.isSelected(Unknown Source)
	at lt.insoft.uztis.pages.InvitationsPage.setCheckbox(InvitationsPage.java:480)
	at lt.insoft.uztis.tests.SubmittedApplicationsPageTest.testFillNewDVPApplicationFA(SubmittedApplicationsPageTest.java:772)
	at java.base/jdk.internal.reflect.DirectMethodHandleAccessor.invoke(DirectMethodHandleAccessor.java:103)
	at java.base/java.lang.reflect.Method.invoke(Method.java:580)
	at org.junit.platform.commons.util.ReflectionUtils.invokeMethod(ReflectionUtils.java:728)
	at org.junit.jupiter.engine.execution.MethodInvocation.proceed(MethodInvocation.java:60)
	at org.junit.jupiter.engine.execution.InvocationInterceptorChain$ValidatingInvocation.proceed(InvocationInterceptorChain.java:131)
	at org.junit.jupiter.engine.extension.TimeoutExtension.intercept(TimeoutExtension.java:156)
	at org.junit.jupiter.engine.extension.TimeoutExtension.interceptTestableMethod(TimeoutExtension.java:147)
	at org.junit.jupiter.engine.extension.TimeoutExtension.interceptTestMethod(TimeoutExtension.java:86)
	at org.junit.jupiter.engine.execution.InterceptingExecutableInvoker$ReflectiveInterceptorCall.lambda$ofVoidMethod$0(InterceptingExecutableInvoker.java:103)
	at org.junit.jupiter.engine.execution.InterceptingExecutableInvoker.lambda$invoke$0(InterceptingExecutableInvoker.java:93)
	at org.junit.jupiter.engine.execution.InvocationInterceptorChain$InterceptedInvocation.proceed(InvocationInterceptorChain.java:106)
	at org.junit.jupiter.engine.execution.InvocationInterceptorChain.proceed(InvocationInterceptorChain.java:64)
	at org.junit.jupiter.engine.execution.InvocationInterceptorChain.chainAndInvoke(InvocationInterceptorChain.java:45)
	at org.junit.jupiter.engine.execution.InvocationInterceptorChain.invoke(InvocationInterceptorChain.java:37)
	at org.junit.jupiter.engine.execution.InterceptingExecutableInvoker.invoke(InterceptingExecutableInvoker.java:92)
	at org.junit.jupiter.engine.execution.InterceptingExecutableInvoker.invoke(InterceptingExecutableInvoker.java:86)
	at org.junit.jupiter.engine.descriptor.TestMethodTestDescriptor.lambda$invokeTestMethod$7(TestMethodTestDescriptor.java:218)
	at org.junit.platform.engine.support.hierarchical.ThrowableCollector.execute(ThrowableCollector.java:73)
	at org.junit.jupiter.engine.descriptor.TestMethodTestDescriptor.invokeTestMethod(TestMethodTestDescriptor.java:214)
	at org.junit.jupiter.engine.descriptor.TestMethodTestDescriptor.execute(TestMethodTestDescriptor.java:139)
	at org.junit.jupiter.engine.descriptor.TestMethodTestDescriptor.execute(TestMethodTestDescriptor.java:69)
	at org.junit.platform.engine.support.hierarchical.NodeTestTask.lambda$executeRecursively$6(NodeTestTask.java:151)
	at org.junit.platform.engine.support.hierarchical.ThrowableCollector.execute(ThrowableCollector.java:73)
	at org.junit.platform.engine.support.hierarchical.NodeTestTask.lambda$executeRecursively$8(NodeTestTask.java:141)
	at org.junit.platform.engine.support.hierarchical.Node.around(Node.java:137)
	at org.junit.platform.engine.support.hierarchical.NodeTestTask.lambda$executeRecursively$9(NodeTestTask.java:139)
	at org.junit.platform.engine.support.hierarchical.ThrowableCollector.execute(ThrowableCollector.java:73)
	at org.junit.platform.engine.support.hierarchical.NodeTestTask.executeRecursively(NodeTestTask.java:138)
	at org.junit.platform.engine.support.hierarchical.NodeTestTask.execute(NodeTestTask.java:95)
	at java.base/java.util.ArrayList.forEach(ArrayList.java:1596)
	at org.junit.platform.engine.support.hierarchical.SameThreadHierarchicalTestExecutorService.invokeAll(SameThreadHierarchicalTestExecutorService.java:41)
	at org.junit.platform.engine.support.hierarchical.NodeTestTask.lambda$executeRecursively$6(NodeTestTask.java:155)
	at org.junit.platform.engine.support.hierarchical.ThrowableCollector.execute(ThrowableCollector.java:73)
	at org.junit.platform.engine.support.hierarchical.NodeTestTask.lambda$executeRecursively$8(NodeTestTask.java:141)
	at org.junit.platform.engine.support.hierarchical.Node.around(Node.java:137)
	at org.junit.platform.engine.support.hierarchical.NodeTestTask.lambda$executeRecursively$9(NodeTestTask.java:139)
	at org.junit.platform.engine.support.hierarchical.ThrowableCollector.execute(ThrowableCollector.java:73)
	at org.junit.platform.engine.support.hierarchical.NodeTestTask.executeRecursively(NodeTestTask.java:138)
	at org.junit.platform.engine.support.hierarchical.NodeTestTask.execute(NodeTestTask.java:95)
	at java.base/java.util.ArrayList.forEach(ArrayList.java:1596)
	at org.junit.platform.engine.support.hierarchical.SameThreadHierarchicalTestExecutorService.invokeAll(SameThreadHierarchicalTestExecutorService.java:41)
	at org.junit.platform.engine.support.hierarchical.NodeTestTask.lambda$executeRecursively$6(NodeTestTask.java:155)
	at org.junit.platform.engine.support.hierarchical.ThrowableCollector.execute(ThrowableCollector.java:73)
	at org.junit.platform.engine.support.hierarchical.NodeTestTask.lambda$executeRecursively$8(NodeTestTask.java:141)
	at org.junit.platform.engine.support.hierarchical.Node.around(Node.java:137)
	at org.junit.platform.engine.support.hierarchical.NodeTestTask.lambda$executeRecursively$9(NodeTestTask.java:139)
	at org.junit.platform.engine.support.hierarchical.ThrowableCollector.execute(ThrowableCollector.java:73)
	at org.junit.platform.engine.support.hierarchical.NodeTestTask.executeRecursively(NodeTestTask.java:138)
	at org.junit.platform.engine.support.hierarchical.NodeTestTask.execute(NodeTestTask.java:95)
	at org.junit.platform.engine.support.hierarchical.SameThreadHierarchicalTestExecutorService.submit(SameThreadHierarchicalTestExecutorService.java:35)
	at org.junit.platform.engine.support.hierarchical.HierarchicalTestExecutor.execute(HierarchicalTestExecutor.java:57)
	at org.junit.platform.engine.support.hierarchical.HierarchicalTestEngine.execute(HierarchicalTestEngine.java:54)
	at org.junit.platform.launcher.core.EngineExecutionOrchestrator.execute(EngineExecutionOrchestrator.java:198)
	at org.junit.platform.launcher.core.EngineExecutionOrchestrator.execute(EngineExecutionOrchestrator.java:169)
	at org.junit.platform.launcher.core.EngineExecutionOrchestrator.execute(EngineExecutionOrchestrator.java:93)
	at org.junit.platform.launcher.core.EngineExecutionOrchestrator.lambda$execute$0(EngineExecutionOrchestrator.java:58)
	at org.junit.platform.launcher.core.EngineExecutionOrchestrator.withInterceptedStreams(EngineExecutionOrchestrator.java:141)
	at org.junit.platform.launcher.core.EngineExecutionOrchestrator.execute(EngineExecutionOrchestrator.java:57)
	at org.junit.platform.launcher.core.DefaultLauncher.execute(DefaultLauncher.java:103)
	at org.junit.platform.launcher.core.DefaultLauncher.execute(DefaultLauncher.java:85)
	at org.junit.platform.launcher.core.DelegatingLauncher.execute(DelegatingLauncher.java:47)
	at org.junit.platform.launcher.core.SessionPerRequestLauncher.execute(SessionPerRequestLauncher.java:63)
	at com.intellij.junit5.JUnit5IdeaTestRunner.startRunnerWithArgs(JUnit5IdeaTestRunner.java:57)
	at com.intellij.rt.junit.IdeaTestRunner$Repeater$1.execute(IdeaTestRunner.java:38)
	at com.intellij.rt.execution.junit.TestsRepeater.repeat(TestsRepeater.java:11)
	at com.intellij.rt.junit.IdeaTestRunner$Repeater.startRunnerWithArgs(IdeaTestRunner.java:35)
	at com.intellij.rt.junit.JUnitStarter.prepareStreamsAndStart(JUnitStarter.java:232)
	at com.intellij.rt.junit.JUnitStarter.main(JUnitStarter.java:55)
2025-03-06 11:52:24 [main] INFO  l.insoft.uztis.tests.utils.TestUtils - Screenshot moved to C:\Users\ingrida.zadorozniene\Desktop\Asm\UZTIS\UZTIS_tests\test-output\screenshots\20250306\115224929_testFillNewDVPApplicationFA().png
2025-03-06 12:54:55 [main] INFO  lt.insoft.uztis.tests.UztisPageTest - Navigated to https://uztisdev.asseco.lt/home
2025-03-06 12:54:55 [main] INFO  l.i.u.t.SubmittedApplicationsPageTest - Starting test:'testFillNewDVPApplicationFA'
2025-03-06 12:54:56 [main] DEBUG l.i.u.t.SubmittedApplicationsPageTest - User logged in with test credentials.
2025-03-06 12:54:56 [main] DEBUG l.i.u.t.SubmittedApplicationsPageTest - Opened 'Application Processing' menu.
2025-03-06 12:54:56 [main] DEBUG l.i.u.t.SubmittedApplicationsPageTest - Clicked on 'Application Forms' menu.
2025-03-06 12:54:56 [main] DEBUG l.i.u.t.SubmittedApplicationsPageTest - Retrieved last description code text: 'TST-DVP-22'.
2025-03-06 12:54:57 [main] DEBUG l.i.u.t.SubmittedApplicationsPageTest - Clicked on 'Invitation' menu.
2025-03-06 12:54:58 [main] DEBUG l.i.u.t.SubmittedApplicationsPageTest - Selected application section by code: 'TST-DVP-22'.
2025-03-06 12:54:58 [main] DEBUG l.i.u.t.SubmittedApplicationsPageTest - Clicked 'Search' button.
2025-03-06 12:54:58 [main] DEBUG l.i.u.t.SubmittedApplicationsPageTest - Retrieved invitation code: ''.
2025-03-06 12:54:58 [main] DEBUG l.i.u.t.SubmittedApplicationsPageTest - Clicked on 'Submitted Applications' menu.
2025-03-06 12:54:59 [main] DEBUG l.i.u.t.SubmittedApplicationsPageTest - Selected invitation by code: 'TST-DVP-22'.
2025-03-06 12:54:59 [main] DEBUG l.i.u.t.SubmittedApplicationsPageTest - Invitation code inserted.
2025-03-06 12:54:59 [main] DEBUG l.i.u.t.SubmittedApplicationsPageTest - Clicked on 'Action Application' button.
2025-03-06 12:54:59 [main] DEBUG l.i.u.t.SubmittedApplicationsPageTest - Clicked on 'New Application' button.
2025-03-06 12:55:00 [main] DEBUG l.i.u.t.SubmittedApplicationsPageTest - Selected the 'RadioButtonFA' option.
2025-03-06 12:55:00 [main] DEBUG l.i.u.t.SubmittedApplicationsPageTest - Entered phone number: '61298745'.
2025-03-06 12:55:00 [main] DEBUG l.i.u.t.SubmittedApplicationsPageTest - Entered email: 'test@autotest.com'.
2025-03-06 12:55:00 [main] DEBUG l.i.u.t.SubmittedApplicationsPageTest - Checked 'For workplace adaptation' checkbox 1.
2025-03-06 12:55:01 [main] DEBUG l.i.u.t.SubmittedApplicationsPageTest - Checked 'For environmental adaptation' checkbox 2.
2025-03-06 12:55:01 [main] INFO  l.i.u.p.SubmittedApplicationsPage - Located the dropdown button.
2025-03-06 12:55:21 [main] INFO  l.i.u.p.SubmittedApplicationsPage - Found 1741 options in the dropdown.
2025-03-06 12:55:21 [main] INFO  l.i.u.p.SubmittedApplicationsPage - Successfully selected the value: '01.11 - Grūdinių (išskyrus ryžius), ankštinių ir aliejingų sėklų augalų auginimas'
2025-03-06 12:55:31 [main] ERROR l.i.u.p.SubmittedApplicationsPage - Failed to close the dropdown with aria-expanded = 'false'. Attempting manual close.
2025-03-06 12:55:32 [main] INFO  l.i.u.p.SubmittedApplicationsPage - Manual close attempt for the dropdown using body click.
2025-03-06 12:55:32 [main] DEBUG l.i.u.t.SubmittedApplicationsPageTest - Selected EVRK value: '01.11 - Grūdinių (išskyrus ryžius), ankštinių ir aliejingų sėklų augalų auginimas'.
2025-03-06 12:55:32 [main] DEBUG l.i.u.t.SubmittedApplicationsPageTest - Clicked on 'Address Component' button.
2025-03-06 12:55:32 [main] INFO  l.i.u.p.SubmittedApplicationsPage - Located the dropdown button.
2025-03-06 12:55:35 [main] INFO  l.i.u.p.SubmittedApplicationsPage - Successfully selected the value: 'Lietuva'
2025-03-06 12:55:35 [main] DEBUG l.i.u.t.SubmittedApplicationsPageTest - Selected country: 'Lietuva'.
2025-03-06 12:55:35 [main] INFO  l.i.u.p.SubmittedApplicationsPage - Located the dropdown search field.
2025-03-06 12:55:35 [main] INFO  l.i.u.p.SubmittedApplicationsPage - Dropdown city is opened.
2025-03-06 12:55:35 [main] INFO  l.i.u.p.SubmittedApplicationsPage - Searched for value: 'Vilnius'
2025-03-06 12:55:50 [main] ERROR l.i.u.p.SubmittedApplicationsPage - Failed to select correct dropdown option: invalid session id: session deleted as the browser has closed the connection
from disconnected: unable to send message to renderer
  (Session info: chrome=133.0.6943.142)
Build info: version: '4.27.0', revision: 'd6e718d134'
System info: os.name: 'Windows 11', os.arch: 'amd64', os.version: '10.0', java.version: '21.0.3'
Driver info: org.openqa.selenium.chrome.ChromeDriver
Command: [2137c734a704e75a5b86e8f952035fff, findElement {using=xpath, value=//mat-option//span[contains(@class, 'area-center') and text()='Vilnius']}]
Capabilities {acceptInsecureCerts: false, browserName: chrome, browserVersion: 133.0.6943.142, chrome: {chromedriverVersion: 133.0.6943.141 (2a5d6da0d61..., userDataDir: C:\Users\INGRID~1.ZAD\AppDa...}, fedcm:accounts: true, goog:chromeOptions: {debuggerAddress: localhost:51825}, networkConnectionEnabled: false, pageLoadStrategy: normal, platformName: windows, proxy: Proxy(), se:cdp: ws://localhost:51825/devtoo..., se:cdpVersion: 133.0.6943.142, setWindowRect: true, strictFileInteractability: false, timeouts: {implicit: 0, pageLoad: 300000, script: 30000}, unhandledPromptBehavior: dismiss and notify, webauthn:extension:credBlob: true, webauthn:extension:largeBlob: true, webauthn:extension:minPinLength: true, webauthn:extension:prf: true, webauthn:virtualAuthenticators: true}
Session ID: 2137c734a704e75a5b86e8f952035fff
2025-03-06 12:55:50 [main] ERROR l.i.u.t.SubmittedApplicationsPageTest - Test 'testFillNewDVPApplicationFA' failed with error: Test failed: invalid session id
Build info: version: '4.27.0', revision: 'd6e718d134'
System info: os.name: 'Windows 11', os.arch: 'amd64', os.version: '10.0', java.version: '21.0.3'
Driver info: org.openqa.selenium.chrome.ChromeDriver
Command: [2137c734a704e75a5b86e8f952035fff, findElement {using=xpath, value=//mat-option[@aria-selected='true']//span[contains(@class, 'area-center')]}]
Capabilities {acceptInsecureCerts: false, browserName: chrome, browserVersion: 133.0.6943.142, chrome: {chromedriverVersion: 133.0.6943.141 (2a5d6da0d61..., userDataDir: C:\Users\INGRID~1.ZAD\AppDa...}, fedcm:accounts: true, goog:chromeOptions: {debuggerAddress: localhost:51825}, networkConnectionEnabled: false, pageLoadStrategy: normal, platformName: windows, proxy: Proxy(), se:cdp: ws://localhost:51825/devtoo..., se:cdpVersion: 133.0.6943.142, setWindowRect: true, strictFileInteractability: false, timeouts: {implicit: 0, pageLoad: 300000, script: 30000}, unhandledPromptBehavior: dismiss and notify, webauthn:extension:credBlob: true, webauthn:extension:largeBlob: true, webauthn:extension:minPinLength: true, webauthn:extension:prf: true, webauthn:virtualAuthenticators: true}
Session ID: 2137c734a704e75a5b86e8f952035fff
java.lang.AssertionError: Test failed: invalid session id
Build info: version: '4.27.0', revision: 'd6e718d134'
System info: os.name: 'Windows 11', os.arch: 'amd64', os.version: '10.0', java.version: '21.0.3'
Driver info: org.openqa.selenium.chrome.ChromeDriver
Command: [2137c734a704e75a5b86e8f952035fff, findElement {using=xpath, value=//mat-option[@aria-selected='true']//span[contains(@class, 'area-center')]}]
Capabilities {acceptInsecureCerts: false, browserName: chrome, browserVersion: 133.0.6943.142, chrome: {chromedriverVersion: 133.0.6943.141 (2a5d6da0d61..., userDataDir: C:\Users\INGRID~1.ZAD\AppDa...}, fedcm:accounts: true, goog:chromeOptions: {debuggerAddress: localhost:51825}, networkConnectionEnabled: false, pageLoadStrategy: normal, platformName: windows, proxy: Proxy(), se:cdp: ws://localhost:51825/devtoo..., se:cdpVersion: 133.0.6943.142, setWindowRect: true, strictFileInteractability: false, timeouts: {implicit: 0, pageLoad: 300000, script: 30000}, unhandledPromptBehavior: dismiss and notify, webauthn:extension:credBlob: true, webauthn:extension:largeBlob: true, webauthn:extension:minPinLength: true, webauthn:extension:prf: true, webauthn:virtualAuthenticators: true}
Session ID: 2137c734a704e75a5b86e8f952035fff
	at org.testng.Assert.fail(Assert.java:110)
	at lt.insoft.uztis.tests.SubmittedApplicationsPageTest.testFillNewDVPApplicationFA(SubmittedApplicationsPageTest.java:607)
	at java.base/jdk.internal.reflect.DirectMethodHandleAccessor.invoke(DirectMethodHandleAccessor.java:103)
	at java.base/java.lang.reflect.Method.invoke(Method.java:580)
	at org.junit.platform.commons.util.ReflectionUtils.invokeMethod(ReflectionUtils.java:728)
	at org.junit.jupiter.engine.execution.MethodInvocation.proceed(MethodInvocation.java:60)
	at org.junit.jupiter.engine.execution.InvocationInterceptorChain$ValidatingInvocation.proceed(InvocationInterceptorChain.java:131)
	at org.junit.jupiter.engine.extension.TimeoutExtension.intercept(TimeoutExtension.java:156)
	at org.junit.jupiter.engine.extension.TimeoutExtension.interceptTestableMethod(TimeoutExtension.java:147)
	at org.junit.jupiter.engine.extension.TimeoutExtension.interceptTestMethod(TimeoutExtension.java:86)
	at org.junit.jupiter.engine.execution.InterceptingExecutableInvoker$ReflectiveInterceptorCall.lambda$ofVoidMethod$0(InterceptingExecutableInvoker.java:103)
	at org.junit.jupiter.engine.execution.InterceptingExecutableInvoker.lambda$invoke$0(InterceptingExecutableInvoker.java:93)
	at org.junit.jupiter.engine.execution.InvocationInterceptorChain$InterceptedInvocation.proceed(InvocationInterceptorChain.java:106)
	at org.junit.jupiter.engine.execution.InvocationInterceptorChain.proceed(InvocationInterceptorChain.java:64)
	at org.junit.jupiter.engine.execution.InvocationInterceptorChain.chainAndInvoke(InvocationInterceptorChain.java:45)
	at org.junit.jupiter.engine.execution.InvocationInterceptorChain.invoke(InvocationInterceptorChain.java:37)
	at org.junit.jupiter.engine.execution.InterceptingExecutableInvoker.invoke(InterceptingExecutableInvoker.java:92)
	at org.junit.jupiter.engine.execution.InterceptingExecutableInvoker.invoke(InterceptingExecutableInvoker.java:86)
	at org.junit.jupiter.engine.descriptor.TestMethodTestDescriptor.lambda$invokeTestMethod$7(TestMethodTestDescriptor.java:218)
	at org.junit.platform.engine.support.hierarchical.ThrowableCollector.execute(ThrowableCollector.java:73)
	at org.junit.jupiter.engine.descriptor.TestMethodTestDescriptor.invokeTestMethod(TestMethodTestDescriptor.java:214)
	at org.junit.jupiter.engine.descriptor.TestMethodTestDescriptor.execute(TestMethodTestDescriptor.java:139)
	at org.junit.jupiter.engine.descriptor.TestMethodTestDescriptor.execute(TestMethodTestDescriptor.java:69)
	at org.junit.platform.engine.support.hierarchical.NodeTestTask.lambda$executeRecursively$6(NodeTestTask.java:151)
	at org.junit.platform.engine.support.hierarchical.ThrowableCollector.execute(ThrowableCollector.java:73)
	at org.junit.platform.engine.support.hierarchical.NodeTestTask.lambda$executeRecursively$8(NodeTestTask.java:141)
	at org.junit.platform.engine.support.hierarchical.Node.around(Node.java:137)
	at org.junit.platform.engine.support.hierarchical.NodeTestTask.lambda$executeRecursively$9(NodeTestTask.java:139)
	at org.junit.platform.engine.support.hierarchical.ThrowableCollector.execute(ThrowableCollector.java:73)
	at org.junit.platform.engine.support.hierarchical.NodeTestTask.executeRecursively(NodeTestTask.java:138)
	at org.junit.platform.engine.support.hierarchical.NodeTestTask.execute(NodeTestTask.java:95)
	at java.base/java.util.ArrayList.forEach(ArrayList.java:1596)
	at org.junit.platform.engine.support.hierarchical.SameThreadHierarchicalTestExecutorService.invokeAll(SameThreadHierarchicalTestExecutorService.java:41)
	at org.junit.platform.engine.support.hierarchical.NodeTestTask.lambda$executeRecursively$6(NodeTestTask.java:155)
	at org.junit.platform.engine.support.hierarchical.ThrowableCollector.execute(ThrowableCollector.java:73)
	at org.junit.platform.engine.support.hierarchical.NodeTestTask.lambda$executeRecursively$8(NodeTestTask.java:141)
	at org.junit.platform.engine.support.hierarchical.Node.around(Node.java:137)
	at org.junit.platform.engine.support.hierarchical.NodeTestTask.lambda$executeRecursively$9(NodeTestTask.java:139)
	at org.junit.platform.engine.support.hierarchical.ThrowableCollector.execute(ThrowableCollector.java:73)
	at org.junit.platform.engine.support.hierarchical.NodeTestTask.executeRecursively(NodeTestTask.java:138)
	at org.junit.platform.engine.support.hierarchical.NodeTestTask.execute(NodeTestTask.java:95)
	at java.base/java.util.ArrayList.forEach(ArrayList.java:1596)
	at org.junit.platform.engine.support.hierarchical.SameThreadHierarchicalTestExecutorService.invokeAll(SameThreadHierarchicalTestExecutorService.java:41)
	at org.junit.platform.engine.support.hierarchical.NodeTestTask.lambda$executeRecursively$6(NodeTestTask.java:155)
	at org.junit.platform.engine.support.hierarchical.ThrowableCollector.execute(ThrowableCollector.java:73)
	at org.junit.platform.engine.support.hierarchical.NodeTestTask.lambda$executeRecursively$8(NodeTestTask.java:141)
	at org.junit.platform.engine.support.hierarchical.Node.around(Node.java:137)
	at org.junit.platform.engine.support.hierarchical.NodeTestTask.lambda$executeRecursively$9(NodeTestTask.java:139)
	at org.junit.platform.engine.support.hierarchical.ThrowableCollector.execute(ThrowableCollector.java:73)
	at org.junit.platform.engine.support.hierarchical.NodeTestTask.executeRecursively(NodeTestTask.java:138)
	at org.junit.platform.engine.support.hierarchical.NodeTestTask.execute(NodeTestTask.java:95)
	at org.junit.platform.engine.support.hierarchical.SameThreadHierarchicalTestExecutorService.submit(SameThreadHierarchicalTestExecutorService.java:35)
	at org.junit.platform.engine.support.hierarchical.HierarchicalTestExecutor.execute(HierarchicalTestExecutor.java:57)
	at org.junit.platform.engine.support.hierarchical.HierarchicalTestEngine.execute(HierarchicalTestEngine.java:54)
	at org.junit.platform.launcher.core.EngineExecutionOrchestrator.execute(EngineExecutionOrchestrator.java:198)
	at org.junit.platform.launcher.core.EngineExecutionOrchestrator.execute(EngineExecutionOrchestrator.java:169)
	at org.junit.platform.launcher.core.EngineExecutionOrchestrator.execute(EngineExecutionOrchestrator.java:93)
	at org.junit.platform.launcher.core.EngineExecutionOrchestrator.lambda$execute$0(EngineExecutionOrchestrator.java:58)
	at org.junit.platform.launcher.core.EngineExecutionOrchestrator.withInterceptedStreams(EngineExecutionOrchestrator.java:141)
	at org.junit.platform.launcher.core.EngineExecutionOrchestrator.execute(EngineExecutionOrchestrator.java:57)
	at org.junit.platform.launcher.core.DefaultLauncher.execute(DefaultLauncher.java:103)
	at org.junit.platform.launcher.core.DefaultLauncher.execute(DefaultLauncher.java:85)
	at org.junit.platform.launcher.core.DelegatingLauncher.execute(DelegatingLauncher.java:47)
	at org.junit.platform.launcher.core.SessionPerRequestLauncher.execute(SessionPerRequestLauncher.java:63)
	at com.intellij.junit5.JUnit5IdeaTestRunner.startRunnerWithArgs(JUnit5IdeaTestRunner.java:57)
	at com.intellij.rt.junit.IdeaTestRunner$Repeater$1.execute(IdeaTestRunner.java:38)
	at com.intellij.rt.execution.junit.TestsRepeater.repeat(TestsRepeater.java:11)
	at com.intellij.rt.junit.IdeaTestRunner$Repeater.startRunnerWithArgs(IdeaTestRunner.java:35)
	at com.intellij.rt.junit.JUnitStarter.prepareStreamsAndStart(JUnitStarter.java:232)
	at com.intellij.rt.junit.JUnitStarter.main(JUnitStarter.java:55)
2025-03-06 13:18:18 [main] INFO  lt.insoft.uztis.tests.UztisPageTest - Navigated to https://uztisdev.asseco.lt/home
2025-03-06 13:18:18 [main] INFO  l.i.u.t.SubmittedApplicationsPageTest - Starting test:'testFillNewDVPApplicationFA'
2025-03-06 13:18:19 [main] DEBUG l.i.u.t.SubmittedApplicationsPageTest - User logged in with test credentials.
2025-03-06 13:18:19 [main] DEBUG l.i.u.t.SubmittedApplicationsPageTest - Opened 'Application Processing' menu.
2025-03-06 13:18:20 [main] DEBUG l.i.u.t.SubmittedApplicationsPageTest - Clicked on 'Application Forms' menu.
2025-03-06 13:18:20 [main] DEBUG l.i.u.t.SubmittedApplicationsPageTest - Retrieved last description code text: 'TST-DVP-22'.
2025-03-06 13:18:21 [main] DEBUG l.i.u.t.SubmittedApplicationsPageTest - Clicked on 'Invitation' menu.
2025-03-06 13:18:22 [main] DEBUG l.i.u.t.SubmittedApplicationsPageTest - Selected application section by code: 'TST-DVP-22'.
2025-03-06 13:18:22 [main] DEBUG l.i.u.t.SubmittedApplicationsPageTest - Clicked 'Search' button.
2025-03-06 13:18:22 [main] DEBUG l.i.u.t.SubmittedApplicationsPageTest - Retrieved invitation code: ''.
2025-03-06 13:18:22 [main] DEBUG l.i.u.t.SubmittedApplicationsPageTest - Clicked on 'Submitted Applications' menu.
2025-03-06 13:18:23 [main] DEBUG l.i.u.t.SubmittedApplicationsPageTest - Selected invitation by code: 'TST-DVP-22'.
2025-03-06 13:18:23 [main] DEBUG l.i.u.t.SubmittedApplicationsPageTest - Invitation code inserted.
2025-03-06 13:18:24 [main] DEBUG l.i.u.t.SubmittedApplicationsPageTest - Clicked on 'Action Application' button.
2025-03-06 13:18:24 [main] DEBUG l.i.u.t.SubmittedApplicationsPageTest - Clicked on 'New Application' button.
2025-03-06 13:18:25 [main] DEBUG l.i.u.t.SubmittedApplicationsPageTest - Selected the 'RadioButtonFA' option.
2025-03-06 13:18:25 [main] DEBUG l.i.u.t.SubmittedApplicationsPageTest - Entered phone number: '61298745'.
2025-03-06 13:18:25 [main] DEBUG l.i.u.t.SubmittedApplicationsPageTest - Entered email: 'test@autotest.com'.
2025-03-06 13:18:25 [main] DEBUG l.i.u.t.SubmittedApplicationsPageTest - Checked 'For workplace adaptation' checkbox 1.
2025-03-06 13:18:25 [main] DEBUG l.i.u.t.SubmittedApplicationsPageTest - Checked 'For environmental adaptation' checkbox 2.
2025-03-06 13:18:25 [main] INFO  l.i.u.p.SubmittedApplicationsPage - Located the dropdown button.
2025-03-06 13:18:44 [main] INFO  l.i.u.p.SubmittedApplicationsPage - Found 1741 options in the dropdown.
2025-03-06 13:18:44 [main] INFO  l.i.u.p.SubmittedApplicationsPage - Successfully selected the value: '01.11 - Grūdinių (išskyrus ryžius), ankštinių ir aliejingų sėklų augalų auginimas'
2025-03-06 13:18:55 [main] ERROR l.i.u.p.SubmittedApplicationsPage - Failed to close the dropdown with aria-expanded = 'false'. Attempting manual close.
2025-03-06 13:18:55 [main] INFO  l.i.u.p.SubmittedApplicationsPage - Manual close attempt for the dropdown using body click.
2025-03-06 13:18:55 [main] DEBUG l.i.u.t.SubmittedApplicationsPageTest - Selected EVRK value: '01.11 - Grūdinių (išskyrus ryžius), ankštinių ir aliejingų sėklų augalų auginimas'.
2025-03-06 13:18:55 [main] DEBUG l.i.u.t.SubmittedApplicationsPageTest - Clicked on 'Address Component' button.
2025-03-06 13:18:55 [main] INFO  l.i.u.p.SubmittedApplicationsPage - Located the dropdown button.
2025-03-06 13:18:58 [main] INFO  l.i.u.p.SubmittedApplicationsPage - Successfully selected the value: 'Lietuva'
2025-03-06 13:18:58 [main] DEBUG l.i.u.t.SubmittedApplicationsPageTest - Selected country: 'Lietuva'.
2025-03-06 13:18:58 [main] INFO  l.i.u.p.SubmittedApplicationsPage - Located the dropdown search field.
2025-03-06 13:18:58 [main] INFO  l.i.u.p.SubmittedApplicationsPage - Dropdown city is opened.
2025-03-06 13:18:58 [main] INFO  l.i.u.p.SubmittedApplicationsPage - Searched for value: 'Vilnius'
2025-03-06 13:18:59 [main] INFO  l.i.u.p.SubmittedApplicationsPage - Successfully selected: 'Vilnius'
2025-03-06 13:18:59 [main] INFO  l.i.u.p.SubmittedApplicationsPage - Located the dropdown button.
2025-03-06 13:19:00 [main] INFO  l.i.u.p.SubmittedApplicationsPage - Successfully selected the value: 'A. Domaševičiaus g.'
2025-03-06 13:19:00 [main] DEBUG l.i.u.t.SubmittedApplicationsPageTest - Selected street: 'A. Domaševičiaus g.'.
2025-03-06 13:19:00 [main] INFO  l.i.u.p.SubmittedApplicationsPage - Located the dropdown button.
2025-03-06 13:19:00 [main] INFO  l.i.u.p.SubmittedApplicationsPage - Successfully selected the value: '1'
2025-03-06 13:19:00 [main] DEBUG l.i.u.t.SubmittedApplicationsPageTest - Selected house: '1'.
2025-03-06 13:19:00 [main] INFO  l.i.u.p.SubmittedApplicationsPage - Located the dropdown button.
2025-03-06 13:19:00 [main] INFO  l.i.u.p.SubmittedApplicationsPage - Successfully selected the value: '1'
2025-03-06 13:19:00 [main] DEBUG l.i.u.t.SubmittedApplicationsPageTest - Selected apartment: '1'.
2025-03-06 13:19:00 [main] DEBUG l.i.u.t.SubmittedApplicationsPageTest - Clicked 'Confirm' button.
2025-03-06 13:19:00 [main] DEBUG l.i.u.t.SubmittedApplicationsPageTest - Selected 'For already working' option.
2025-03-06 13:19:01 [main] DEBUG l.i.u.t.SubmittedApplicationsPageTest - Entered person count1: '1'.
2025-03-06 13:19:01 [main] DEBUG l.i.u.t.SubmittedApplicationsPageTest - Selected 'For new working' option.
2025-03-06 13:19:01 [main] DEBUG l.i.u.t.SubmittedApplicationsPageTest - Entered person count2: '1'.
2025-03-06 13:19:01 [main] DEBUG l.i.u.t.SubmittedApplicationsPageTest - Clicked 'Next' button after checkboxes.
2025-03-06 13:19:01 [main] INFO  l.i.u.p.SubmittedApplicationsPage - Located the dropdown button.
2025-03-06 13:19:02 [main] INFO  l.i.u.p.SubmittedApplicationsPage - Successfully selected the value: 'Administratoriai'
2025-03-06 13:19:02 [main] DEBUG l.i.u.t.SubmittedApplicationsPageTest - Selected adaptable job name: 'Administratoriai'.
2025-03-06 13:19:02 [main] DEBUG l.i.u.t.SubmittedApplicationsPageTest - Entered job date.
2025-03-06 13:19:02 [main] DEBUG l.i.u.t.SubmittedApplicationsPageTest - Entered job function: 'Funkcija 1'.
2025-03-06 13:19:02 [main] DEBUG l.i.u.t.SubmittedApplicationsPageTest - Selected 'For already working' 'no' option.
2025-03-06 13:19:02 [main] INFO  l.i.u.p.SubmittedApplicationsPage - Clicking on the dropdown button.
2025-03-06 13:19:03 [main] INFO  l.i.u.p.SubmittedApplicationsPage - Found 6 options in the dropdown.
2025-03-06 13:19:03 [main] DEBUG l.i.u.p.SubmittedApplicationsPage - Checking option: 'Lengvo neįgalumo lygis ar 45-55 procentų dalyvumo lygis (iki 2023 m. gruodžio 31 d. – 45-55 procentų darbingumo lygis)'
2025-03-06 13:19:03 [main] DEBUG l.i.u.p.SubmittedApplicationsPage - Checking option: 'Lengvo neįgalumo lygis ar 45-55 procentų dalyvumo lygis (iki 2023 m. gruodžio 31 d. – 45-55 procentų darbingumo lygis)'
2025-03-06 13:19:03 [main] DEBUG l.i.u.p.SubmittedApplicationsPage - Checking option: 'Sunkaus neįgalumo lygis ar neviršijantis 25 procentų dalyvumo lygis (iki 2023 metų gruodžio 31 dienos – iki 25 procentų darbingumo lygis)'
2025-03-06 13:19:03 [main] INFO  l.i.u.p.SubmittedApplicationsPage - Successfully selected the value: 'Sunkaus neįgalumo lygis ar neviršijantis 25 procentų dalyvumo lygis (iki 2023 metų gruodžio 31 dienos – iki 25 procentų darbingumo lygis)'
2025-03-06 13:19:03 [main] INFO  l.i.u.p.SubmittedApplicationsPage - Attempting to close the dropdown.
2025-03-06 13:19:04 [main] DEBUG l.i.u.t.SubmittedApplicationsPageTest - Selected disabilities type: 'Sunkaus neįgalumo lygis ar neviršijantis 25 procentų dalyvumo lygis (iki 2023 metų gruodžio 31 dienos – iki 25 procentų darbingumo lygis)'.
2025-03-06 13:19:04 [main] DEBUG l.i.u.t.SubmittedApplicationsPageTest - Entered disability information: 'Negalia 1'.
2025-03-06 13:19:05 [main] DEBUG l.i.u.t.SubmittedApplicationsPageTest - Entered qualification: 'Kvalifikacija 1'.
2025-03-06 13:19:05 [main] DEBUG l.i.u.t.SubmittedApplicationsPageTest - Entered job description: 'Darbo vietos aprašymas 1'.
2025-03-06 13:19:05 [main] DEBUG l.i.u.t.SubmittedApplicationsPageTest - Entered equipment description: 'Priemonių įsigyjimas 1'.
2025-03-06 13:19:05 [main] DEBUG l.i.u.t.SubmittedApplicationsPageTest - Entered work information: 'Darbai 1'.
2025-03-06 13:19:05 [main] INFO  l.i.u.p.SubmittedApplicationsPage - Located the dropdown button.
2025-03-06 13:19:06 [main] INFO  l.i.u.p.SubmittedApplicationsPage - Successfully selected the value: 'Kita'
2025-03-06 13:19:06 [main] DEBUG l.i.u.t.SubmittedApplicationsPageTest - Selected time mode: 'Kita'.
2025-03-06 13:19:06 [main] DEBUG l.i.u.t.SubmittedApplicationsPageTest - Selected time mode other: '6 val. per dieną ir 4 d. per savaitę'.
2025-03-06 13:19:06 [main] DEBUG l.i.u.t.SubmittedApplicationsPageTest - Entered salary amount: '1200'.
2025-03-06 13:19:06 [main] DEBUG l.i.u.t.SubmittedApplicationsPageTest - Selected 'Temporary Job' radio button.
2025-03-06 13:19:07 [main] DEBUG l.i.u.t.SubmittedApplicationsPageTest - Selected 'Season Job' radio button.
2025-03-06 13:19:07 [main] DEBUG l.i.u.t.SubmittedApplicationsPageTest - Selected 'PVM' radio button.
2025-03-06 13:19:07 [main] INFO  l.i.u.p.SubmittedApplicationsPage - Located the dropdown button.
2025-03-06 13:19:07 [main] INFO  l.i.u.p.SubmittedApplicationsPage - Successfully selected the value: 'Darbo vietos pritaikymui'
2025-03-06 13:19:37 [main] ERROR l.i.u.p.SubmittedApplicationsPage - Timeout while waiting for dropdown to close with aria-expanded = 'false'.
2025-03-06 13:19:37 [main] DEBUG l.i.u.t.SubmittedApplicationsPageTest - Selected adaptable job name: 'Darbo vietos pritaikymui'.
2025-03-06 13:19:37 [main] DEBUG l.i.u.p.SubmittedApplicationsPage - Located and clicked the dropdown button 'Reikalinga'.
2025-03-06 13:19:37 [main] INFO  l.i.u.p.SubmittedApplicationsPage - Successfully selected the value: 'Įsigyti'
2025-03-06 13:19:48 [main] DEBUG l.i.u.t.SubmittedApplicationsPageTest - Selected necessary for job: 'Įsigyti'.
2025-03-06 13:19:48 [main] DEBUG l.i.u.t.SubmittedApplicationsPageTest - Selected tool: 'Darbo priemonė 1'.
2025-03-06 13:19:48 [main] DEBUG l.i.u.t.SubmittedApplicationsPageTest - Selected tool parameter one: 'Darbo priemonės 1 parametras 1'.
2025-03-06 13:19:49 [main] DEBUG l.i.u.t.SubmittedApplicationsPageTest - Selected tool parameter two: 'Darbo priemonės 1 parametras 2'.
2025-03-06 13:19:49 [main] DEBUG l.i.u.t.SubmittedApplicationsPageTest - Selected tool parameter three: 'Darbo priemonės 1 parametras 3'.
2025-03-06 13:19:49 [main] DEBUG l.i.u.t.SubmittedApplicationsPageTest - Entered tool count: '1'.
2025-03-06 13:19:49 [main] DEBUG l.i.u.t.SubmittedApplicationsPageTest - Entered price amount: '1000'.
2025-03-06 13:19:49 [main] DEBUG l.i.u.t.SubmittedApplicationsPageTest - Entered own funds amount: '800'.
2025-03-06 13:19:50 [main] DEBUG l.i.u.t.SubmittedApplicationsPageTest - Clicked 'Add Job Place' button.
2025-03-06 13:19:50 [main] DEBUG l.i.u.t.SubmittedApplicationsPageTest - Selected 'De Minimis' radio button.
2025-03-06 13:20:00 [main] ERROR l.i.u.t.SubmittedApplicationsPageTest - Test 'testFillNewDVPApplicationFA' failed with error: no such element: Unable to locate element: {"method":"xpath","selector":"//mat-form-field[contains(.//label, 'Projekto ir finansuojančios programos pavadinimas')]//input"}
  (Session info: chrome=133.0.6943.142)
For documentation on this error, please visit: https://www.selenium.dev/documentation/webdriver/troubleshooting/errors#no-such-element-exception
Build info: version: '4.27.0', revision: 'd6e718d134'
System info: os.name: 'Windows 11', os.arch: 'amd64', os.version: '10.0', java.version: '21.0.3'
Driver info: org.openqa.selenium.chrome.ChromeDriver
Command: [a44132bd666eb2f6973979c2b432266c, findElement {value=//mat-form-field[contains(.//label, 'Projekto ir finansuojančios programos pavadinimas')]//input, using=xpath}]
Capabilities {acceptInsecureCerts: false, browserName: chrome, browserVersion: 133.0.6943.142, chrome: {chromedriverVersion: 133.0.6943.141 (2a5d6da0d61..., userDataDir: C:\Users\INGRID~1.ZAD\AppDa...}, fedcm:accounts: true, goog:chromeOptions: {debuggerAddress: localhost:52582}, networkConnectionEnabled: false, pageLoadStrategy: normal, platformName: windows, proxy: Proxy(), se:cdp: ws://localhost:52582/devtoo..., se:cdpVersion: 133.0.6943.142, setWindowRect: true, strictFileInteractability: false, timeouts: {implicit: 0, pageLoad: 300000, script: 30000}, unhandledPromptBehavior: dismiss and notify, webauthn:extension:credBlob: true, webauthn:extension:largeBlob: true, webauthn:extension:minPinLength: true, webauthn:extension:prf: true, webauthn:virtualAuthenticators: true}
Session ID: a44132bd666eb2f6973979c2b432266c
org.openqa.selenium.NoSuchElementException: no such element: Unable to locate element: {"method":"xpath","selector":"//mat-form-field[contains(.//label, 'Projekto ir finansuojančios programos pavadinimas')]//input"}
  (Session info: chrome=133.0.6943.142)
For documentation on this error, please visit: https://www.selenium.dev/documentation/webdriver/troubleshooting/errors#no-such-element-exception
Build info: version: '4.27.0', revision: 'd6e718d134'
System info: os.name: 'Windows 11', os.arch: 'amd64', os.version: '10.0', java.version: '21.0.3'
Driver info: org.openqa.selenium.chrome.ChromeDriver
Command: [a44132bd666eb2f6973979c2b432266c, findElement {value=//mat-form-field[contains(.//label, 'Projekto ir finansuojančios programos pavadinimas')]//input, using=xpath}]
Capabilities {acceptInsecureCerts: false, browserName: chrome, browserVersion: 133.0.6943.142, chrome: {chromedriverVersion: 133.0.6943.141 (2a5d6da0d61..., userDataDir: C:\Users\INGRID~1.ZAD\AppDa...}, fedcm:accounts: true, goog:chromeOptions: {debuggerAddress: localhost:52582}, networkConnectionEnabled: false, pageLoadStrategy: normal, platformName: windows, proxy: Proxy(), se:cdp: ws://localhost:52582/devtoo..., se:cdpVersion: 133.0.6943.142, setWindowRect: true, strictFileInteractability: false, timeouts: {implicit: 0, pageLoad: 300000, script: 30000}, unhandledPromptBehavior: dismiss and notify, webauthn:extension:credBlob: true, webauthn:extension:largeBlob: true, webauthn:extension:minPinLength: true, webauthn:extension:prf: true, webauthn:virtualAuthenticators: true}
Session ID: a44132bd666eb2f6973979c2b432266c
	at java.base/jdk.internal.reflect.DirectConstructorHandleAccessor.newInstance(DirectConstructorHandleAccessor.java:62)
	at java.base/java.lang.reflect.Constructor.newInstanceWithCaller(Constructor.java:502)
	at java.base/java.lang.reflect.Constructor.newInstance(Constructor.java:486)
	at org.openqa.selenium.remote.ErrorCodec.decode(ErrorCodec.java:167)
	at org.openqa.selenium.remote.codec.w3c.W3CHttpResponseCodec.decode(W3CHttpResponseCodec.java:138)
	at org.openqa.selenium.remote.codec.w3c.W3CHttpResponseCodec.decode(W3CHttpResponseCodec.java:50)
	at org.openqa.selenium.remote.HttpCommandExecutor.execute(HttpCommandExecutor.java:190)
	at org.openqa.selenium.remote.service.DriverCommandExecutor.invokeExecute(DriverCommandExecutor.java:216)
	at org.openqa.selenium.remote.service.DriverCommandExecutor.execute(DriverCommandExecutor.java:174)
	at org.openqa.selenium.remote.RemoteWebDriver.execute(RemoteWebDriver.java:545)
	at org.openqa.selenium.remote.ElementLocation$ElementFinder$2.findElement(ElementLocation.java:165)
	at org.openqa.selenium.remote.ElementLocation.findElement(ElementLocation.java:59)
	at org.openqa.selenium.remote.RemoteWebDriver.findElement(RemoteWebDriver.java:368)
	at org.openqa.selenium.remote.RemoteWebDriver.findElement(RemoteWebDriver.java:362)
	at org.openqa.selenium.support.pagefactory.DefaultElementLocator.findElement(DefaultElementLocator.java:68)
	at org.openqa.selenium.support.pagefactory.internal.LocatingElementHandler.invoke(LocatingElementHandler.java:38)
	at jdk.proxy2/jdk.proxy2.$Proxy14.clear(Unknown Source)
	at lt.insoft.uztis.pages.SubmittedApplicationsPage.enterProgramName(SubmittedApplicationsPage.java:1489)
	at lt.insoft.uztis.tests.SubmittedApplicationsPageTest.testFillNewDVPApplicationFA(SubmittedApplicationsPageTest.java:749)
	at java.base/jdk.internal.reflect.DirectMethodHandleAccessor.invoke(DirectMethodHandleAccessor.java:103)
	at java.base/java.lang.reflect.Method.invoke(Method.java:580)
	at org.junit.platform.commons.util.ReflectionUtils.invokeMethod(ReflectionUtils.java:728)
	at org.junit.jupiter.engine.execution.MethodInvocation.proceed(MethodInvocation.java:60)
	at org.junit.jupiter.engine.execution.InvocationInterceptorChain$ValidatingInvocation.proceed(InvocationInterceptorChain.java:131)
	at org.junit.jupiter.engine.extension.TimeoutExtension.intercept(TimeoutExtension.java:156)
	at org.junit.jupiter.engine.extension.TimeoutExtension.interceptTestableMethod(TimeoutExtension.java:147)
	at org.junit.jupiter.engine.extension.TimeoutExtension.interceptTestMethod(TimeoutExtension.java:86)
	at org.junit.jupiter.engine.execution.InterceptingExecutableInvoker$ReflectiveInterceptorCall.lambda$ofVoidMethod$0(InterceptingExecutableInvoker.java:103)
	at org.junit.jupiter.engine.execution.InterceptingExecutableInvoker.lambda$invoke$0(InterceptingExecutableInvoker.java:93)
	at org.junit.jupiter.engine.execution.InvocationInterceptorChain$InterceptedInvocation.proceed(InvocationInterceptorChain.java:106)
	at org.junit.jupiter.engine.execution.InvocationInterceptorChain.proceed(InvocationInterceptorChain.java:64)
	at org.junit.jupiter.engine.execution.InvocationInterceptorChain.chainAndInvoke(InvocationInterceptorChain.java:45)
	at org.junit.jupiter.engine.execution.InvocationInterceptorChain.invoke(InvocationInterceptorChain.java:37)
	at org.junit.jupiter.engine.execution.InterceptingExecutableInvoker.invoke(InterceptingExecutableInvoker.java:92)
	at org.junit.jupiter.engine.execution.InterceptingExecutableInvoker.invoke(InterceptingExecutableInvoker.java:86)
	at org.junit.jupiter.engine.descriptor.TestMethodTestDescriptor.lambda$invokeTestMethod$7(TestMethodTestDescriptor.java:218)
	at org.junit.platform.engine.support.hierarchical.ThrowableCollector.execute(ThrowableCollector.java:73)
	at org.junit.jupiter.engine.descriptor.TestMethodTestDescriptor.invokeTestMethod(TestMethodTestDescriptor.java:214)
	at org.junit.jupiter.engine.descriptor.TestMethodTestDescriptor.execute(TestMethodTestDescriptor.java:139)
	at org.junit.jupiter.engine.descriptor.TestMethodTestDescriptor.execute(TestMethodTestDescriptor.java:69)
	at org.junit.platform.engine.support.hierarchical.NodeTestTask.lambda$executeRecursively$6(NodeTestTask.java:151)
	at org.junit.platform.engine.support.hierarchical.ThrowableCollector.execute(ThrowableCollector.java:73)
	at org.junit.platform.engine.support.hierarchical.NodeTestTask.lambda$executeRecursively$8(NodeTestTask.java:141)
	at org.junit.platform.engine.support.hierarchical.Node.around(Node.java:137)
	at org.junit.platform.engine.support.hierarchical.NodeTestTask.lambda$executeRecursively$9(NodeTestTask.java:139)
	at org.junit.platform.engine.support.hierarchical.ThrowableCollector.execute(ThrowableCollector.java:73)
	at org.junit.platform.engine.support.hierarchical.NodeTestTask.executeRecursively(NodeTestTask.java:138)
	at org.junit.platform.engine.support.hierarchical.NodeTestTask.execute(NodeTestTask.java:95)
	at java.base/java.util.ArrayList.forEach(ArrayList.java:1596)
	at org.junit.platform.engine.support.hierarchical.SameThreadHierarchicalTestExecutorService.invokeAll(SameThreadHierarchicalTestExecutorService.java:41)
	at org.junit.platform.engine.support.hierarchical.NodeTestTask.lambda$executeRecursively$6(NodeTestTask.java:155)
	at org.junit.platform.engine.support.hierarchical.ThrowableCollector.execute(ThrowableCollector.java:73)
	at org.junit.platform.engine.support.hierarchical.NodeTestTask.lambda$executeRecursively$8(NodeTestTask.java:141)
	at org.junit.platform.engine.support.hierarchical.Node.around(Node.java:137)
	at org.junit.platform.engine.support.hierarchical.NodeTestTask.lambda$executeRecursively$9(NodeTestTask.java:139)
	at org.junit.platform.engine.support.hierarchical.ThrowableCollector.execute(ThrowableCollector.java:73)
	at org.junit.platform.engine.support.hierarchical.NodeTestTask.executeRecursively(NodeTestTask.java:138)
	at org.junit.platform.engine.support.hierarchical.NodeTestTask.execute(NodeTestTask.java:95)
	at java.base/java.util.ArrayList.forEach(ArrayList.java:1596)
	at org.junit.platform.engine.support.hierarchical.SameThreadHierarchicalTestExecutorService.invokeAll(SameThreadHierarchicalTestExecutorService.java:41)
	at org.junit.platform.engine.support.hierarchical.NodeTestTask.lambda$executeRecursively$6(NodeTestTask.java:155)
	at org.junit.platform.engine.support.hierarchical.ThrowableCollector.execute(ThrowableCollector.java:73)
	at org.junit.platform.engine.support.hierarchical.NodeTestTask.lambda$executeRecursively$8(NodeTestTask.java:141)
	at org.junit.platform.engine.support.hierarchical.Node.around(Node.java:137)
	at org.junit.platform.engine.support.hierarchical.NodeTestTask.lambda$executeRecursively$9(NodeTestTask.java:139)
	at org.junit.platform.engine.support.hierarchical.ThrowableCollector.execute(ThrowableCollector.java:73)
	at org.junit.platform.engine.support.hierarchical.NodeTestTask.executeRecursively(NodeTestTask.java:138)
	at org.junit.platform.engine.support.hierarchical.NodeTestTask.execute(NodeTestTask.java:95)
	at org.junit.platform.engine.support.hierarchical.SameThreadHierarchicalTestExecutorService.submit(SameThreadHierarchicalTestExecutorService.java:35)
	at org.junit.platform.engine.support.hierarchical.HierarchicalTestExecutor.execute(HierarchicalTestExecutor.java:57)
	at org.junit.platform.engine.support.hierarchical.HierarchicalTestEngine.execute(HierarchicalTestEngine.java:54)
	at org.junit.platform.launcher.core.EngineExecutionOrchestrator.execute(EngineExecutionOrchestrator.java:198)
	at org.junit.platform.launcher.core.EngineExecutionOrchestrator.execute(EngineExecutionOrchestrator.java:169)
	at org.junit.platform.launcher.core.EngineExecutionOrchestrator.execute(EngineExecutionOrchestrator.java:93)
	at org.junit.platform.launcher.core.EngineExecutionOrchestrator.lambda$execute$0(EngineExecutionOrchestrator.java:58)
	at org.junit.platform.launcher.core.EngineExecutionOrchestrator.withInterceptedStreams(EngineExecutionOrchestrator.java:141)
	at org.junit.platform.launcher.core.EngineExecutionOrchestrator.execute(EngineExecutionOrchestrator.java:57)
	at org.junit.platform.launcher.core.DefaultLauncher.execute(DefaultLauncher.java:103)
	at org.junit.platform.launcher.core.DefaultLauncher.execute(DefaultLauncher.java:85)
	at org.junit.platform.launcher.core.DelegatingLauncher.execute(DelegatingLauncher.java:47)
	at org.junit.platform.launcher.core.SessionPerRequestLauncher.execute(SessionPerRequestLauncher.java:63)
	at com.intellij.junit5.JUnit5IdeaTestRunner.startRunnerWithArgs(JUnit5IdeaTestRunner.java:57)
	at com.intellij.rt.junit.IdeaTestRunner$Repeater$1.execute(IdeaTestRunner.java:38)
	at com.intellij.rt.execution.junit.TestsRepeater.repeat(TestsRepeater.java:11)
	at com.intellij.rt.junit.IdeaTestRunner$Repeater.startRunnerWithArgs(IdeaTestRunner.java:35)
	at com.intellij.rt.junit.JUnitStarter.prepareStreamsAndStart(JUnitStarter.java:232)
	at com.intellij.rt.junit.JUnitStarter.main(JUnitStarter.java:55)
2025-03-06 13:20:00 [main] INFO  l.insoft.uztis.tests.utils.TestUtils - Screenshot moved to C:\Users\ingrida.zadorozniene\Desktop\Asm\UZTIS\UZTIS_tests\test-output\screenshots\20250306\132000624_testFillNewDVPApplicationFA().png
2025-03-06 13:37:30 [main] INFO  lt.insoft.uztis.tests.UztisPageTest - Navigated to https://uztisdev.asseco.lt/home
2025-03-06 13:37:30 [main] INFO  l.i.u.t.SubmittedApplicationsPageTest - Starting test:'testFillNewDVPApplicationFA'
2025-03-06 13:37:31 [main] DEBUG l.i.u.t.SubmittedApplicationsPageTest - User logged in with test credentials.
2025-03-06 13:37:32 [main] DEBUG l.i.u.t.SubmittedApplicationsPageTest - Opened 'Application Processing' menu.
2025-03-06 13:37:32 [main] DEBUG l.i.u.t.SubmittedApplicationsPageTest - Clicked on 'Application Forms' menu.
2025-03-06 13:37:32 [main] DEBUG l.i.u.t.SubmittedApplicationsPageTest - Retrieved last description code text: 'TST-DVP-22'.
2025-03-06 13:37:32 [main] DEBUG l.i.u.t.SubmittedApplicationsPageTest - Clicked on 'Invitation' menu.
2025-03-06 13:37:34 [main] DEBUG l.i.u.t.SubmittedApplicationsPageTest - Selected application section by code: 'TST-DVP-22'.
2025-03-06 13:37:34 [main] DEBUG l.i.u.t.SubmittedApplicationsPageTest - Clicked 'Search' button.
2025-03-06 13:37:34 [main] DEBUG l.i.u.t.SubmittedApplicationsPageTest - Retrieved invitation code: ''.
2025-03-06 13:37:34 [main] DEBUG l.i.u.t.SubmittedApplicationsPageTest - Clicked on 'Submitted Applications' menu.
2025-03-06 13:37:35 [main] DEBUG l.i.u.t.SubmittedApplicationsPageTest - Selected invitation by code: 'TST-DVP-22'.
2025-03-06 13:37:35 [main] DEBUG l.i.u.t.SubmittedApplicationsPageTest - Invitation code inserted.
2025-03-06 13:37:35 [main] DEBUG l.i.u.t.SubmittedApplicationsPageTest - Clicked on 'Action Application' button.
2025-03-06 13:37:36 [main] DEBUG l.i.u.t.SubmittedApplicationsPageTest - Clicked on 'New Application' button.
2025-03-06 13:37:36 [main] DEBUG l.i.u.t.SubmittedApplicationsPageTest - Selected the 'RadioButtonFA' option.
2025-03-06 13:37:36 [main] DEBUG l.i.u.t.SubmittedApplicationsPageTest - Entered phone number: '61298745'.
2025-03-06 13:37:37 [main] DEBUG l.i.u.t.SubmittedApplicationsPageTest - Entered email: 'test@autotest.com'.
2025-03-06 13:37:37 [main] DEBUG l.i.u.t.SubmittedApplicationsPageTest - Checked 'For workplace adaptation' checkbox 1.
2025-03-06 13:37:37 [main] DEBUG l.i.u.t.SubmittedApplicationsPageTest - Checked 'For environmental adaptation' checkbox 2.
2025-03-06 13:37:37 [main] INFO  l.i.u.p.SubmittedApplicationsPage - Located the dropdown button.
2025-03-06 13:37:59 [main] INFO  l.i.u.p.SubmittedApplicationsPage - Found 1741 options in the dropdown.
2025-03-06 13:37:59 [main] INFO  l.i.u.p.SubmittedApplicationsPage - Successfully selected the value: '01.11 - Grūdinių (išskyrus ryžius), ankštinių ir aliejingų sėklų augalų auginimas'
2025-03-06 13:38:10 [main] ERROR l.i.u.p.SubmittedApplicationsPage - Failed to close the dropdown with aria-expanded = 'false'. Attempting manual close.
2025-03-06 13:38:10 [main] INFO  l.i.u.p.SubmittedApplicationsPage - Manual close attempt for the dropdown using body click.
2025-03-06 13:38:10 [main] DEBUG l.i.u.t.SubmittedApplicationsPageTest - Selected EVRK value: '01.11 - Grūdinių (išskyrus ryžius), ankštinių ir aliejingų sėklų augalų auginimas'.
2025-03-06 13:38:10 [main] DEBUG l.i.u.t.SubmittedApplicationsPageTest - Clicked on 'Address Component' button.
2025-03-06 13:38:10 [main] INFO  l.i.u.p.SubmittedApplicationsPage - Located the dropdown button.
2025-03-06 13:38:14 [main] INFO  l.i.u.p.SubmittedApplicationsPage - Successfully selected the value: 'Lietuva'
2025-03-06 13:38:14 [main] DEBUG l.i.u.t.SubmittedApplicationsPageTest - Selected country: 'Lietuva'.
2025-03-06 13:38:14 [main] INFO  l.i.u.p.SubmittedApplicationsPage - Located the dropdown search field.
2025-03-06 13:38:14 [main] INFO  l.i.u.p.SubmittedApplicationsPage - Dropdown city is opened.
2025-03-06 13:38:14 [main] INFO  l.i.u.p.SubmittedApplicationsPage - Searched for value: 'Vilnius'
2025-03-06 13:38:15 [main] INFO  l.i.u.p.SubmittedApplicationsPage - Successfully selected: 'Vilnius'
2025-03-06 13:38:15 [main] INFO  l.i.u.p.SubmittedApplicationsPage - Located the dropdown button.
2025-03-06 13:38:16 [main] INFO  l.i.u.p.SubmittedApplicationsPage - Successfully selected the value: 'A. Domaševičiaus g.'
2025-03-06 13:38:16 [main] DEBUG l.i.u.t.SubmittedApplicationsPageTest - Selected street: 'A. Domaševičiaus g.'.
2025-03-06 13:38:16 [main] INFO  l.i.u.p.SubmittedApplicationsPage - Located the dropdown button.
2025-03-06 13:38:17 [main] INFO  l.i.u.p.SubmittedApplicationsPage - Successfully selected the value: '1'
2025-03-06 13:38:17 [main] DEBUG l.i.u.t.SubmittedApplicationsPageTest - Selected house: '1'.
2025-03-06 13:38:17 [main] INFO  l.i.u.p.SubmittedApplicationsPage - Located the dropdown button.
2025-03-06 13:38:18 [main] INFO  l.i.u.p.SubmittedApplicationsPage - Successfully selected the value: '1'
2025-03-06 13:38:18 [main] DEBUG l.i.u.t.SubmittedApplicationsPageTest - Selected apartment: '1'.
2025-03-06 13:38:18 [main] DEBUG l.i.u.t.SubmittedApplicationsPageTest - Clicked 'Confirm' button.
2025-03-06 13:38:18 [main] DEBUG l.i.u.t.SubmittedApplicationsPageTest - Selected 'For already working' option.
2025-03-06 13:38:18 [main] DEBUG l.i.u.t.SubmittedApplicationsPageTest - Entered person count1: '1'.
2025-03-06 13:38:18 [main] DEBUG l.i.u.t.SubmittedApplicationsPageTest - Selected 'For new working' option.
2025-03-06 13:38:18 [main] DEBUG l.i.u.t.SubmittedApplicationsPageTest - Entered person count2: '1'.
2025-03-06 13:38:19 [main] DEBUG l.i.u.t.SubmittedApplicationsPageTest - Clicked 'Next' button after checkboxes.
2025-03-06 13:38:19 [main] INFO  l.i.u.p.SubmittedApplicationsPage - Located the dropdown button.
2025-03-06 13:38:20 [main] INFO  l.i.u.p.SubmittedApplicationsPage - Successfully selected the value: 'Administratoriai'
2025-03-06 13:38:20 [main] DEBUG l.i.u.t.SubmittedApplicationsPageTest - Selected adaptable job name: 'Administratoriai'.
2025-03-06 13:38:21 [main] DEBUG l.i.u.t.SubmittedApplicationsPageTest - Entered job date.
2025-03-06 13:38:21 [main] DEBUG l.i.u.t.SubmittedApplicationsPageTest - Entered job function: 'Funkcija 1'.
2025-03-06 13:38:21 [main] DEBUG l.i.u.t.SubmittedApplicationsPageTest - Selected 'For already working' 'no' option.
2025-03-06 13:38:21 [main] INFO  l.i.u.p.SubmittedApplicationsPage - Clicking on the dropdown button.
2025-03-06 13:38:21 [main] INFO  l.i.u.p.SubmittedApplicationsPage - Found 6 options in the dropdown.
2025-03-06 13:38:21 [main] DEBUG l.i.u.p.SubmittedApplicationsPage - Checking option: 'Lengvo neįgalumo lygis ar 45-55 procentų dalyvumo lygis (iki 2023 m. gruodžio 31 d. – 45-55 procentų darbingumo lygis)'
2025-03-06 13:38:22 [main] INFO  l.i.u.p.SubmittedApplicationsPage - Successfully selected the value: 'Lengvo neįgalumo lygis ar 45-55 procentų dalyvumo lygis (iki 2023 m. gruodžio 31 d. – 45-55 procentų darbingumo lygis)'
2025-03-06 13:38:22 [main] INFO  l.i.u.p.SubmittedApplicationsPage - Attempting to close the dropdown.
2025-03-06 13:38:22 [main] DEBUG l.i.u.t.SubmittedApplicationsPageTest - Selected disabilities type: 'Lengvo neįgalumo lygis ar 45-55 procentų dalyvumo lygis (iki 2023 m. gruodžio 31 d. – 45-55 procentų darbingumo lygis)'.
2025-03-06 13:38:23 [main] DEBUG l.i.u.t.SubmittedApplicationsPageTest - Entered disability information: 'Negalia 1'.
2025-03-06 13:38:23 [main] DEBUG l.i.u.t.SubmittedApplicationsPageTest - Entered qualification: 'Kvalifikacija 1'.
2025-03-06 13:38:23 [main] DEBUG l.i.u.t.SubmittedApplicationsPageTest - Entered job description: 'Darbo vietos aprašymas 1'.
2025-03-06 13:38:24 [main] DEBUG l.i.u.t.SubmittedApplicationsPageTest - Entered equipment description: 'Priemonių įsigyjimas 1'.
2025-03-06 13:38:24 [main] DEBUG l.i.u.t.SubmittedApplicationsPageTest - Entered work information: 'Darbai 1'.
2025-03-06 13:38:24 [main] INFO  l.i.u.p.SubmittedApplicationsPage - Located the dropdown button.
2025-03-06 13:38:24 [main] INFO  l.i.u.p.SubmittedApplicationsPage - Successfully selected the value: 'Kita'
2025-03-06 13:38:24 [main] DEBUG l.i.u.t.SubmittedApplicationsPageTest - Selected time mode: 'Kita'.
2025-03-06 13:38:25 [main] DEBUG l.i.u.t.SubmittedApplicationsPageTest - Selected time mode other: '6 val. per dieną ir 4 d. per savaitę'.
2025-03-06 13:38:25 [main] DEBUG l.i.u.t.SubmittedApplicationsPageTest - Entered salary amount: '1200'.
2025-03-06 13:38:25 [main] DEBUG l.i.u.t.SubmittedApplicationsPageTest - Selected 'Temporary Job' radio button.
2025-03-06 13:38:25 [main] DEBUG l.i.u.t.SubmittedApplicationsPageTest - Selected 'Season Job' radio button.
2025-03-06 13:38:26 [main] DEBUG l.i.u.t.SubmittedApplicationsPageTest - Selected 'PVM' radio button.
2025-03-06 13:38:26 [main] INFO  l.i.u.p.SubmittedApplicationsPage - Located the dropdown button.
2025-03-06 13:38:26 [main] INFO  l.i.u.p.SubmittedApplicationsPage - Successfully selected the value: 'Darbo vietos pritaikymui'
2025-03-06 13:38:56 [main] ERROR l.i.u.p.SubmittedApplicationsPage - Timeout while waiting for dropdown to close with aria-expanded = 'false'.
2025-03-06 13:38:56 [main] DEBUG l.i.u.t.SubmittedApplicationsPageTest - Selected adaptable job name: 'Darbo vietos pritaikymui'.
2025-03-06 13:38:57 [main] DEBUG l.i.u.p.SubmittedApplicationsPage - Located and clicked the dropdown button 'Reikalinga'.
2025-03-06 13:38:57 [main] INFO  l.i.u.p.SubmittedApplicationsPage - Successfully selected the value: 'Įsigyti'
2025-03-06 13:39:07 [main] DEBUG l.i.u.t.SubmittedApplicationsPageTest - Selected necessary for job: 'Įsigyti'.
2025-03-06 13:39:08 [main] DEBUG l.i.u.t.SubmittedApplicationsPageTest - Selected tool: 'Darbo priemonė 1'.
2025-03-06 13:39:08 [main] DEBUG l.i.u.t.SubmittedApplicationsPageTest - Selected tool parameter one: 'Darbo priemonės 1 parametras 1'.
2025-03-06 13:39:08 [main] DEBUG l.i.u.t.SubmittedApplicationsPageTest - Selected tool parameter two: 'Darbo priemonės 1 parametras 2'.
2025-03-06 13:39:08 [main] DEBUG l.i.u.t.SubmittedApplicationsPageTest - Selected tool parameter three: 'Darbo priemonės 1 parametras 3'.
2025-03-06 13:39:08 [main] DEBUG l.i.u.t.SubmittedApplicationsPageTest - Entered tool count: '1'.
2025-03-06 13:39:09 [main] DEBUG l.i.u.t.SubmittedApplicationsPageTest - Entered price amount: '1000'.
2025-03-06 13:39:09 [main] DEBUG l.i.u.t.SubmittedApplicationsPageTest - Entered own funds amount: '800'.
2025-03-06 13:39:09 [main] DEBUG l.i.u.t.SubmittedApplicationsPageTest - Clicked 'Add Job Place' button.
2025-03-06 13:39:09 [main] INFO  l.i.u.p.SubmittedApplicationsPage - Located the dropdown button.
2025-03-06 13:39:10 [main] INFO  l.i.u.p.SubmittedApplicationsPage - Successfully selected the value: 'Apskaitos specialistai (buhalteriai)'
2025-03-06 13:39:10 [main] DEBUG l.i.u.t.SubmittedApplicationsPageTest - Selected adaptable job name: 'Apskaitos specialistai (buhalteriai)'.
2025-03-06 13:39:11 [main] DEBUG l.i.u.t.SubmittedApplicationsPageTest - Entered job date.
2025-03-06 13:39:11 [main] DEBUG l.i.u.t.SubmittedApplicationsPageTest - Entered job function: 'Funkcija 2'.
2025-03-06 13:39:11 [main] DEBUG l.i.u.t.SubmittedApplicationsPageTest - Selected 'For NOT already working' 'no' option.
2025-03-06 13:39:11 [main] INFO  l.i.u.p.SubmittedApplicationsPage - Clicking on the dropdown button.
2025-03-06 13:39:12 [main] INFO  l.i.u.p.SubmittedApplicationsPage - Found 4 options in the dropdown.
2025-03-06 13:39:12 [main] DEBUG l.i.u.p.SubmittedApplicationsPage - Checking option: 'Sunkaus neįgalumo lygis ar neviršijantis 25 procentų dalyvumo lygis (iki 2023 metų gruodžio 31 dienos – iki 25 procentų darbingumo lygis)'
2025-03-06 13:39:12 [main] INFO  l.i.u.p.SubmittedApplicationsPage - Successfully selected the value: 'Sunkaus neįgalumo lygis ar neviršijantis 25 procentų dalyvumo lygis (iki 2023 metų gruodžio 31 dienos – iki 25 procentų darbingumo lygis)'
2025-03-06 13:39:12 [main] INFO  l.i.u.p.SubmittedApplicationsPage - Attempting to close the dropdown.
2025-03-06 13:39:13 [main] DEBUG l.i.u.t.SubmittedApplicationsPageTest - Selected disabilities type: 'Sunkaus neįgalumo lygis ar neviršijantis 25 procentų dalyvumo lygis (iki 2023 metų gruodžio 31 dienos – iki 25 procentų darbingumo lygis)'.
2025-03-06 13:39:13 [main] DEBUG l.i.u.t.SubmittedApplicationsPageTest - Entered disability information: 'Negalia 2'.
2025-03-06 13:39:13 [main] DEBUG l.i.u.t.SubmittedApplicationsPageTest - Entered qualification: 'Kvalifikacija 2'.
2025-03-06 13:39:14 [main] DEBUG l.i.u.t.SubmittedApplicationsPageTest - Entered job description: 'Darbo vietos aprašymas 2'.
2025-03-06 13:39:14 [main] DEBUG l.i.u.t.SubmittedApplicationsPageTest - Entered equipment description: 'Priemonių įsigyjimas 2'.
2025-03-06 13:39:15 [main] DEBUG l.i.u.t.SubmittedApplicationsPageTest - Entered work information: 'Darbai 2'.
2025-03-06 13:39:15 [main] INFO  l.i.u.p.SubmittedApplicationsPage - Located the dropdown button.
2025-03-06 13:39:15 [main] INFO  l.i.u.p.SubmittedApplicationsPage - Successfully selected the value: 'Kita'
2025-03-06 13:39:15 [main] DEBUG l.i.u.t.SubmittedApplicationsPageTest - Selected time mode: 'Kita'.
2025-03-06 13:39:16 [main] DEBUG l.i.u.t.SubmittedApplicationsPageTest - Selected time mode other: '6 val. per dieną ir 4 d. per savaitę'.
2025-03-06 13:39:16 [main] DEBUG l.i.u.t.SubmittedApplicationsPageTest - Entered salary amount: '1250'.
2025-03-06 13:39:16 [main] DEBUG l.i.u.t.SubmittedApplicationsPageTest - Selected 'Temporary Job' radio button.
2025-03-06 13:39:16 [main] DEBUG l.i.u.t.SubmittedApplicationsPageTest - Selected 'Season Job' radio button.
2025-03-06 13:39:16 [main] DEBUG l.i.u.t.SubmittedApplicationsPageTest - Selected 'PVM' radio button.
2025-03-06 13:39:16 [main] INFO  l.i.u.p.SubmittedApplicationsPage - Located the dropdown button.
2025-03-06 13:39:17 [main] INFO  l.i.u.p.SubmittedApplicationsPage - Successfully selected the value: 'Aplinkos pritaikymui'
2025-03-06 13:45:29 [main] INFO  lt.insoft.uztis.tests.UztisPageTest - Navigated to https://uztisdev.asseco.lt/home
2025-03-06 13:45:30 [main] INFO  l.i.u.t.SubmittedApplicationsPageTest - Starting test:'testFillNewDVPApplicationFA'
2025-03-06 13:45:30 [main] DEBUG l.i.u.t.SubmittedApplicationsPageTest - User logged in with test credentials.
2025-03-06 13:45:31 [main] DEBUG l.i.u.t.SubmittedApplicationsPageTest - Opened 'Application Processing' menu.
2025-03-06 13:45:31 [main] DEBUG l.i.u.t.SubmittedApplicationsPageTest - Clicked on 'Application Forms' menu.
2025-03-06 13:45:32 [main] DEBUG l.i.u.t.SubmittedApplicationsPageTest - Retrieved last description code text: 'TST-DVP-22'.
2025-03-06 13:45:32 [main] DEBUG l.i.u.t.SubmittedApplicationsPageTest - Clicked on 'Invitation' menu.
2025-03-06 13:45:33 [main] DEBUG l.i.u.t.SubmittedApplicationsPageTest - Selected application section by code: 'TST-DVP-22'.
2025-03-06 13:45:33 [main] DEBUG l.i.u.t.SubmittedApplicationsPageTest - Clicked 'Search' button.
2025-03-06 13:45:33 [main] DEBUG l.i.u.t.SubmittedApplicationsPageTest - Retrieved invitation code: ''.
2025-03-06 13:45:33 [main] DEBUG l.i.u.t.SubmittedApplicationsPageTest - Clicked on 'Submitted Applications' menu.
2025-03-06 13:45:34 [main] DEBUG l.i.u.t.SubmittedApplicationsPageTest - Selected invitation by code: 'TST-DVP-22'.
2025-03-06 13:45:34 [main] DEBUG l.i.u.t.SubmittedApplicationsPageTest - Invitation code inserted.
2025-03-06 13:45:35 [main] DEBUG l.i.u.t.SubmittedApplicationsPageTest - Clicked on 'Action Application' button.
2025-03-06 13:45:35 [main] DEBUG l.i.u.t.SubmittedApplicationsPageTest - Clicked on 'New Application' button.
2025-03-06 13:45:35 [main] DEBUG l.i.u.t.SubmittedApplicationsPageTest - Selected the 'RadioButtonFA' option.
2025-03-06 13:45:36 [main] DEBUG l.i.u.t.SubmittedApplicationsPageTest - Entered phone number: '61298745'.
2025-03-06 13:45:36 [main] DEBUG l.i.u.t.SubmittedApplicationsPageTest - Entered email: 'test@autotest.com'.
2025-03-06 13:45:36 [main] DEBUG l.i.u.t.SubmittedApplicationsPageTest - Checked 'For workplace adaptation' checkbox 1.
2025-03-06 13:45:36 [main] DEBUG l.i.u.t.SubmittedApplicationsPageTest - Checked 'For environmental adaptation' checkbox 2.
2025-03-06 13:45:36 [main] INFO  l.i.u.p.SubmittedApplicationsPage - Located the dropdown button.
2025-03-06 13:45:58 [main] INFO  l.i.u.p.SubmittedApplicationsPage - Found 1741 options in the dropdown.
2025-03-06 13:45:58 [main] INFO  l.i.u.p.SubmittedApplicationsPage - Successfully selected the value: '01.11 - Grūdinių (išskyrus ryžius), ankštinių ir aliejingų sėklų augalų auginimas'
2025-03-06 13:46:09 [main] ERROR l.i.u.p.SubmittedApplicationsPage - Failed to close the dropdown with aria-expanded = 'false'. Attempting manual close.
2025-03-06 13:46:09 [main] INFO  l.i.u.p.SubmittedApplicationsPage - Manual close attempt for the dropdown using body click.
2025-03-06 13:46:09 [main] DEBUG l.i.u.t.SubmittedApplicationsPageTest - Selected EVRK value: '01.11 - Grūdinių (išskyrus ryžius), ankštinių ir aliejingų sėklų augalų auginimas'.
2025-03-06 13:46:09 [main] DEBUG l.i.u.t.SubmittedApplicationsPageTest - Clicked on 'Address Component' button.
2025-03-06 13:46:09 [main] INFO  l.i.u.p.SubmittedApplicationsPage - Located the dropdown button.
2025-03-06 13:46:12 [main] INFO  l.i.u.p.SubmittedApplicationsPage - Successfully selected the value: 'Lietuva'
2025-03-06 13:46:12 [main] DEBUG l.i.u.t.SubmittedApplicationsPageTest - Selected country: 'Lietuva'.
2025-03-06 13:46:12 [main] INFO  l.i.u.p.SubmittedApplicationsPage - Located the dropdown search field.
2025-03-06 13:46:12 [main] INFO  l.i.u.p.SubmittedApplicationsPage - Dropdown city is opened.
2025-03-06 13:46:13 [main] INFO  l.i.u.p.SubmittedApplicationsPage - Searched for value: 'Vilnius'
2025-03-06 13:46:13 [main] INFO  l.i.u.p.SubmittedApplicationsPage - Successfully selected: 'Vilnius'
2025-03-06 13:46:13 [main] INFO  l.i.u.p.SubmittedApplicationsPage - Located the dropdown button.
2025-03-06 13:46:14 [main] INFO  l.i.u.p.SubmittedApplicationsPage - Successfully selected the value: 'A. Domaševičiaus g.'
2025-03-06 13:46:14 [main] DEBUG l.i.u.t.SubmittedApplicationsPageTest - Selected street: 'A. Domaševičiaus g.'.
2025-03-06 13:46:14 [main] INFO  l.i.u.p.SubmittedApplicationsPage - Located the dropdown button.
2025-03-06 13:46:15 [main] INFO  l.i.u.p.SubmittedApplicationsPage - Successfully selected the value: '1'
2025-03-06 13:46:15 [main] DEBUG l.i.u.t.SubmittedApplicationsPageTest - Selected house: '1'.
2025-03-06 13:46:15 [main] INFO  l.i.u.p.SubmittedApplicationsPage - Located the dropdown button.
2025-03-06 13:46:16 [main] INFO  l.i.u.p.SubmittedApplicationsPage - Successfully selected the value: '1'
2025-03-06 13:46:16 [main] DEBUG l.i.u.t.SubmittedApplicationsPageTest - Selected apartment: '1'.
2025-03-06 13:46:16 [main] DEBUG l.i.u.t.SubmittedApplicationsPageTest - Clicked 'Confirm' button.
2025-03-06 13:46:16 [main] DEBUG l.i.u.t.SubmittedApplicationsPageTest - Selected 'For already working' option.
2025-03-06 13:46:16 [main] DEBUG l.i.u.t.SubmittedApplicationsPageTest - Entered person count1: '1'.
2025-03-06 13:46:17 [main] DEBUG l.i.u.t.SubmittedApplicationsPageTest - Selected 'For new working' option.
2025-03-06 13:46:17 [main] DEBUG l.i.u.t.SubmittedApplicationsPageTest - Entered person count2: '1'.
2025-03-06 13:46:17 [main] DEBUG l.i.u.t.SubmittedApplicationsPageTest - Clicked 'Next' button after checkboxes.
2025-03-06 13:46:17 [main] INFO  l.i.u.p.SubmittedApplicationsPage - Located the dropdown button.
2025-03-06 13:46:18 [main] INFO  l.i.u.p.SubmittedApplicationsPage - Successfully selected the value: 'Administratoriai'
2025-03-06 13:46:18 [main] DEBUG l.i.u.t.SubmittedApplicationsPageTest - Selected adaptable job name: 'Administratoriai'.
2025-03-06 13:46:18 [main] DEBUG l.i.u.t.SubmittedApplicationsPageTest - Entered job date.
2025-03-06 13:46:18 [main] DEBUG l.i.u.t.SubmittedApplicationsPageTest - Entered job function: 'Funkcija 1'.
2025-03-06 13:46:19 [main] DEBUG l.i.u.t.SubmittedApplicationsPageTest - Selected 'For already working' 'no' option.
2025-03-06 13:46:19 [main] INFO  l.i.u.p.SubmittedApplicationsPage - Clicking on the dropdown button.
2025-03-06 13:46:19 [main] INFO  l.i.u.p.SubmittedApplicationsPage - Found 6 options in the dropdown.
2025-03-06 13:46:19 [main] DEBUG l.i.u.p.SubmittedApplicationsPage - Checking option: 'Lengvo neįgalumo lygis ar 45-55 procentų dalyvumo lygis (iki 2023 m. gruodžio 31 d. – 45-55 procentų darbingumo lygis)'
2025-03-06 13:46:20 [main] INFO  l.i.u.p.SubmittedApplicationsPage - Successfully selected the value: 'Lengvo neįgalumo lygis ar 45-55 procentų dalyvumo lygis (iki 2023 m. gruodžio 31 d. – 45-55 procentų darbingumo lygis)'
2025-03-06 13:46:20 [main] INFO  l.i.u.p.SubmittedApplicationsPage - Attempting to close the dropdown.
2025-03-06 13:46:20 [main] DEBUG l.i.u.t.SubmittedApplicationsPageTest - Selected disabilities type: 'Lengvo neįgalumo lygis ar 45-55 procentų dalyvumo lygis (iki 2023 m. gruodžio 31 d. – 45-55 procentų darbingumo lygis)'.
2025-03-06 13:46:20 [main] DEBUG l.i.u.t.SubmittedApplicationsPageTest - Entered disability information: 'Negalia 1'.
2025-03-06 13:46:21 [main] DEBUG l.i.u.t.SubmittedApplicationsPageTest - Entered qualification: 'Kvalifikacija 1'.
2025-03-06 13:46:21 [main] DEBUG l.i.u.t.SubmittedApplicationsPageTest - Entered job description: 'Darbo vietos aprašymas 1'.
2025-03-06 13:46:21 [main] DEBUG l.i.u.t.SubmittedApplicationsPageTest - Entered equipment description: 'Priemonių įsigyjimas 1'.
2025-03-06 13:46:21 [main] DEBUG l.i.u.t.SubmittedApplicationsPageTest - Entered work information: 'Darbai 1'.
2025-03-06 13:46:21 [main] INFO  l.i.u.p.SubmittedApplicationsPage - Located the dropdown button.
2025-03-06 13:46:22 [main] INFO  l.i.u.p.SubmittedApplicationsPage - Successfully selected the value: 'Kita'
2025-03-06 13:46:22 [main] DEBUG l.i.u.t.SubmittedApplicationsPageTest - Selected time mode: 'Kita'.
2025-03-06 13:46:22 [main] DEBUG l.i.u.t.SubmittedApplicationsPageTest - Selected time mode other: '6 val. per dieną ir 4 d. per savaitę'.
2025-03-06 13:46:22 [main] DEBUG l.i.u.t.SubmittedApplicationsPageTest - Entered salary amount: '1200'.
2025-03-06 13:46:23 [main] DEBUG l.i.u.t.SubmittedApplicationsPageTest - Selected 'Temporary Job' radio button.
2025-03-06 13:46:23 [main] DEBUG l.i.u.t.SubmittedApplicationsPageTest - Selected 'Season Job' radio button.
2025-03-06 13:46:23 [main] DEBUG l.i.u.t.SubmittedApplicationsPageTest - Selected 'PVM' radio button.
2025-03-06 13:46:23 [main] INFO  l.i.u.p.SubmittedApplicationsPage - Located the dropdown button.
2025-03-06 13:46:24 [main] INFO  l.i.u.p.SubmittedApplicationsPage - Successfully selected the value: 'Darbo vietos pritaikymui'
2025-03-06 13:46:54 [main] ERROR l.i.u.p.SubmittedApplicationsPage - Timeout while waiting for dropdown to close with aria-expanded = 'false'.
2025-03-06 13:46:54 [main] DEBUG l.i.u.t.SubmittedApplicationsPageTest - Selected adaptable job name: 'Darbo vietos pritaikymui'.
2025-03-06 13:46:54 [main] DEBUG l.i.u.p.SubmittedApplicationsPage - Located and clicked the dropdown button 'Reikalinga'.
2025-03-06 13:46:54 [main] INFO  l.i.u.p.SubmittedApplicationsPage - Successfully selected the value: 'Įsigyti'
2025-03-06 13:47:05 [main] DEBUG l.i.u.t.SubmittedApplicationsPageTest - Selected necessary for job: 'Įsigyti'.
2025-03-06 13:47:05 [main] DEBUG l.i.u.t.SubmittedApplicationsPageTest - Selected tool: 'Darbo priemonė 1'.
2025-03-06 13:47:05 [main] DEBUG l.i.u.t.SubmittedApplicationsPageTest - Selected tool parameter one: 'Darbo priemonės 1 parametras 1'.
2025-03-06 13:47:05 [main] DEBUG l.i.u.t.SubmittedApplicationsPageTest - Selected tool parameter two: 'Darbo priemonės 1 parametras 2'.
2025-03-06 13:47:05 [main] DEBUG l.i.u.t.SubmittedApplicationsPageTest - Selected tool parameter three: 'Darbo priemonės 1 parametras 3'.
2025-03-06 13:47:06 [main] DEBUG l.i.u.t.SubmittedApplicationsPageTest - Entered tool count: '1'.
2025-03-06 13:47:06 [main] DEBUG l.i.u.t.SubmittedApplicationsPageTest - Entered price amount: '1000'.
2025-03-06 13:47:06 [main] DEBUG l.i.u.t.SubmittedApplicationsPageTest - Entered own funds amount: '800'.
2025-03-06 13:47:06 [main] DEBUG l.i.u.t.SubmittedApplicationsPageTest - Clicked 'Add Job Place' button.
2025-03-06 13:47:06 [main] INFO  l.i.u.p.SubmittedApplicationsPage - Located the dropdown button.
2025-03-06 13:47:07 [main] INFO  l.i.u.p.SubmittedApplicationsPage - Successfully selected the value: 'Apskaitos specialistai (buhalteriai)'
2025-03-06 13:47:07 [main] DEBUG l.i.u.t.SubmittedApplicationsPageTest - Selected adaptable job name: 'Apskaitos specialistai (buhalteriai)'.
2025-03-06 13:47:08 [main] DEBUG l.i.u.t.SubmittedApplicationsPageTest - Entered job date.
2025-03-06 13:47:08 [main] DEBUG l.i.u.t.SubmittedApplicationsPageTest - Entered job function: 'Funkcija 2'.
2025-03-06 13:47:08 [main] DEBUG l.i.u.t.SubmittedApplicationsPageTest - Selected 'For NOT already working' 'no' option.
2025-03-06 13:47:08 [main] INFO  l.i.u.p.SubmittedApplicationsPage - Clicking on the dropdown button.
2025-03-06 13:47:09 [main] INFO  l.i.u.p.SubmittedApplicationsPage - Found 4 options in the dropdown.
2025-03-06 13:47:09 [main] DEBUG l.i.u.p.SubmittedApplicationsPage - Checking option: 'Sunkaus neįgalumo lygis ar neviršijantis 25 procentų dalyvumo lygis (iki 2023 metų gruodžio 31 dienos – iki 25 procentų darbingumo lygis)'
2025-03-06 13:47:09 [main] INFO  l.i.u.p.SubmittedApplicationsPage - Successfully selected the value: 'Sunkaus neįgalumo lygis ar neviršijantis 25 procentų dalyvumo lygis (iki 2023 metų gruodžio 31 dienos – iki 25 procentų darbingumo lygis)'
2025-03-06 13:47:09 [main] INFO  l.i.u.p.SubmittedApplicationsPage - Attempting to close the dropdown.
2025-03-06 13:47:09 [main] DEBUG l.i.u.t.SubmittedApplicationsPageTest - Selected disabilities type: 'Sunkaus neįgalumo lygis ar neviršijantis 25 procentų dalyvumo lygis (iki 2023 metų gruodžio 31 dienos – iki 25 procentų darbingumo lygis)'.
2025-03-06 13:47:10 [main] DEBUG l.i.u.t.SubmittedApplicationsPageTest - Entered disability information: 'Negalia 2'.
2025-03-06 13:47:10 [main] DEBUG l.i.u.t.SubmittedApplicationsPageTest - Entered qualification: 'Kvalifikacija 2'.
2025-03-06 13:47:10 [main] DEBUG l.i.u.t.SubmittedApplicationsPageTest - Entered job description: 'Darbo vietos aprašymas 2'.
2025-03-06 13:47:11 [main] DEBUG l.i.u.t.SubmittedApplicationsPageTest - Entered equipment description: 'Priemonių įsigyjimas 2'.
2025-03-06 13:47:11 [main] DEBUG l.i.u.t.SubmittedApplicationsPageTest - Entered work information: 'Darbai 2'.
2025-03-06 13:47:11 [main] INFO  l.i.u.p.SubmittedApplicationsPage - Located the dropdown button.
2025-03-06 13:47:12 [main] INFO  l.i.u.p.SubmittedApplicationsPage - Successfully selected the value: 'Kita'
2025-03-06 13:47:12 [main] DEBUG l.i.u.t.SubmittedApplicationsPageTest - Selected time mode: 'Kita'.
2025-03-06 13:47:12 [main] DEBUG l.i.u.t.SubmittedApplicationsPageTest - Selected time mode other: '6 val. per dieną ir 4 d. per savaitę'.
2025-03-06 13:47:12 [main] DEBUG l.i.u.t.SubmittedApplicationsPageTest - Entered salary amount: '1250'.
2025-03-06 13:47:12 [main] DEBUG l.i.u.t.SubmittedApplicationsPageTest - Selected 'Temporary Job' radio button.
2025-03-06 13:47:12 [main] DEBUG l.i.u.t.SubmittedApplicationsPageTest - Selected 'Season Job' radio button.
2025-03-06 13:47:12 [main] DEBUG l.i.u.t.SubmittedApplicationsPageTest - Selected 'PVM' radio button.
2025-03-06 13:47:12 [main] INFO  l.i.u.p.SubmittedApplicationsPage - Located the dropdown button.
2025-03-06 13:47:13 [main] INFO  l.i.u.p.SubmittedApplicationsPage - Successfully selected the value: 'Aplinkos pritaikymui'
2025-03-06 13:47:43 [main] ERROR l.i.u.p.SubmittedApplicationsPage - Timeout while waiting for dropdown to close with aria-expanded = 'false'.
2025-03-06 13:47:43 [main] DEBUG l.i.u.t.SubmittedApplicationsPageTest - Selected adaptable job name: 'Aplinkos pritaikymui'.
2025-03-06 13:47:44 [main] DEBUG l.i.u.p.SubmittedApplicationsPage - Located and clicked the dropdown button 'Reikalinga'.
2025-03-06 13:48:04 [main] ERROR l.i.u.p.SubmittedApplicationsPage - Dropdown options did not appear or are not clickable in time.
org.openqa.selenium.TimeoutException: Expected condition failed: waiting for visibility of all elements located by By.xpath: //mat-option/span (tried for 10 second(s) with 500 milliseconds interval)
Build info: version: '4.27.0', revision: 'd6e718d134'
System info: os.name: 'Windows 11', os.arch: 'amd64', os.version: '10.0', java.version: '21.0.3'
Driver info: org.openqa.selenium.chrome.ChromeDriver
Capabilities {acceptInsecureCerts: false, browserName: chrome, browserVersion: 133.0.6943.142, chrome: {chromedriverVersion: 133.0.6943.141 (2a5d6da0d61..., userDataDir: C:\Users\INGRID~1.ZAD\AppDa...}, fedcm:accounts: true, goog:chromeOptions: {debuggerAddress: localhost:54243}, networkConnectionEnabled: false, pageLoadStrategy: normal, platformName: windows, proxy: Proxy(), se:cdp: ws://localhost:54243/devtoo..., se:cdpVersion: 133.0.6943.142, setWindowRect: true, strictFileInteractability: false, timeouts: {implicit: 0, pageLoad: 300000, script: 30000}, unhandledPromptBehavior: dismiss and notify, webauthn:extension:credBlob: true, webauthn:extension:largeBlob: true, webauthn:extension:minPinLength: true, webauthn:extension:prf: true, webauthn:virtualAuthenticators: true}
Session ID: 6a6531ac7747ede1c7650948d26c8f27
	at org.openqa.selenium.support.ui.WebDriverWait.timeoutException(WebDriverWait.java:84)
	at org.openqa.selenium.support.ui.FluentWait.until(FluentWait.java:228)
	at lt.insoft.uztis.pages.SubmittedApplicationsPage.selectDropdownNecessaryForJobOne_DVP_2(SubmittedApplicationsPage.java:1430)
	at lt.insoft.uztis.tests.SubmittedApplicationsPageTest.testFillNewDVPApplicationFA(SubmittedApplicationsPageTest.java:818)
	at java.base/jdk.internal.reflect.DirectMethodHandleAccessor.invoke(DirectMethodHandleAccessor.java:103)
	at java.base/java.lang.reflect.Method.invoke(Method.java:580)
	at org.junit.platform.commons.util.ReflectionUtils.invokeMethod(ReflectionUtils.java:728)
	at org.junit.jupiter.engine.execution.MethodInvocation.proceed(MethodInvocation.java:60)
	at org.junit.jupiter.engine.execution.InvocationInterceptorChain$ValidatingInvocation.proceed(InvocationInterceptorChain.java:131)
	at org.junit.jupiter.engine.extension.TimeoutExtension.intercept(TimeoutExtension.java:156)
	at org.junit.jupiter.engine.extension.TimeoutExtension.interceptTestableMethod(TimeoutExtension.java:147)
	at org.junit.jupiter.engine.extension.TimeoutExtension.interceptTestMethod(TimeoutExtension.java:86)
	at org.junit.jupiter.engine.execution.InterceptingExecutableInvoker$ReflectiveInterceptorCall.lambda$ofVoidMethod$0(InterceptingExecutableInvoker.java:103)
	at org.junit.jupiter.engine.execution.InterceptingExecutableInvoker.lambda$invoke$0(InterceptingExecutableInvoker.java:93)
	at org.junit.jupiter.engine.execution.InvocationInterceptorChain$InterceptedInvocation.proceed(InvocationInterceptorChain.java:106)
	at org.junit.jupiter.engine.execution.InvocationInterceptorChain.proceed(InvocationInterceptorChain.java:64)
	at org.junit.jupiter.engine.execution.InvocationInterceptorChain.chainAndInvoke(InvocationInterceptorChain.java:45)
	at org.junit.jupiter.engine.execution.InvocationInterceptorChain.invoke(InvocationInterceptorChain.java:37)
	at org.junit.jupiter.engine.execution.InterceptingExecutableInvoker.invoke(InterceptingExecutableInvoker.java:92)
	at org.junit.jupiter.engine.execution.InterceptingExecutableInvoker.invoke(InterceptingExecutableInvoker.java:86)
	at org.junit.jupiter.engine.descriptor.TestMethodTestDescriptor.lambda$invokeTestMethod$7(TestMethodTestDescriptor.java:218)
	at org.junit.platform.engine.support.hierarchical.ThrowableCollector.execute(ThrowableCollector.java:73)
	at org.junit.jupiter.engine.descriptor.TestMethodTestDescriptor.invokeTestMethod(TestMethodTestDescriptor.java:214)
	at org.junit.jupiter.engine.descriptor.TestMethodTestDescriptor.execute(TestMethodTestDescriptor.java:139)
	at org.junit.jupiter.engine.descriptor.TestMethodTestDescriptor.execute(TestMethodTestDescriptor.java:69)
	at org.junit.platform.engine.support.hierarchical.NodeTestTask.lambda$executeRecursively$6(NodeTestTask.java:151)
	at org.junit.platform.engine.support.hierarchical.ThrowableCollector.execute(ThrowableCollector.java:73)
	at org.junit.platform.engine.support.hierarchical.NodeTestTask.lambda$executeRecursively$8(NodeTestTask.java:141)
	at org.junit.platform.engine.support.hierarchical.Node.around(Node.java:137)
	at org.junit.platform.engine.support.hierarchical.NodeTestTask.lambda$executeRecursively$9(NodeTestTask.java:139)
	at org.junit.platform.engine.support.hierarchical.ThrowableCollector.execute(ThrowableCollector.java:73)
	at org.junit.platform.engine.support.hierarchical.NodeTestTask.executeRecursively(NodeTestTask.java:138)
	at org.junit.platform.engine.support.hierarchical.NodeTestTask.execute(NodeTestTask.java:95)
	at java.base/java.util.ArrayList.forEach(ArrayList.java:1596)
	at org.junit.platform.engine.support.hierarchical.SameThreadHierarchicalTestExecutorService.invokeAll(SameThreadHierarchicalTestExecutorService.java:41)
	at org.junit.platform.engine.support.hierarchical.NodeTestTask.lambda$executeRecursively$6(NodeTestTask.java:155)
	at org.junit.platform.engine.support.hierarchical.ThrowableCollector.execute(ThrowableCollector.java:73)
	at org.junit.platform.engine.support.hierarchical.NodeTestTask.lambda$executeRecursively$8(NodeTestTask.java:141)
	at org.junit.platform.engine.support.hierarchical.Node.around(Node.java:137)
	at org.junit.platform.engine.support.hierarchical.NodeTestTask.lambda$executeRecursively$9(NodeTestTask.java:139)
	at org.junit.platform.engine.support.hierarchical.ThrowableCollector.execute(ThrowableCollector.java:73)
	at org.junit.platform.engine.support.hierarchical.NodeTestTask.executeRecursively(NodeTestTask.java:138)
	at org.junit.platform.engine.support.hierarchical.NodeTestTask.execute(NodeTestTask.java:95)
	at java.base/java.util.ArrayList.forEach(ArrayList.java:1596)
	at org.junit.platform.engine.support.hierarchical.SameThreadHierarchicalTestExecutorService.invokeAll(SameThreadHierarchicalTestExecutorService.java:41)
	at org.junit.platform.engine.support.hierarchical.NodeTestTask.lambda$executeRecursively$6(NodeTestTask.java:155)
	at org.junit.platform.engine.support.hierarchical.ThrowableCollector.execute(ThrowableCollector.java:73)
	at org.junit.platform.engine.support.hierarchical.NodeTestTask.lambda$executeRecursively$8(NodeTestTask.java:141)
	at org.junit.platform.engine.support.hierarchical.Node.around(Node.java:137)
	at org.junit.platform.engine.support.hierarchical.NodeTestTask.lambda$executeRecursively$9(NodeTestTask.java:139)
	at org.junit.platform.engine.support.hierarchical.ThrowableCollector.execute(ThrowableCollector.java:73)
	at org.junit.platform.engine.support.hierarchical.NodeTestTask.executeRecursively(NodeTestTask.java:138)
	at org.junit.platform.engine.support.hierarchical.NodeTestTask.execute(NodeTestTask.java:95)
	at org.junit.platform.engine.support.hierarchical.SameThreadHierarchicalTestExecutorService.submit(SameThreadHierarchicalTestExecutorService.java:35)
	at org.junit.platform.engine.support.hierarchical.HierarchicalTestExecutor.execute(HierarchicalTestExecutor.java:57)
	at org.junit.platform.engine.support.hierarchical.HierarchicalTestEngine.execute(HierarchicalTestEngine.java:54)
	at org.junit.platform.launcher.core.EngineExecutionOrchestrator.execute(EngineExecutionOrchestrator.java:198)
	at org.junit.platform.launcher.core.EngineExecutionOrchestrator.execute(EngineExecutionOrchestrator.java:169)
	at org.junit.platform.launcher.core.EngineExecutionOrchestrator.execute(EngineExecutionOrchestrator.java:93)
	at org.junit.platform.launcher.core.EngineExecutionOrchestrator.lambda$execute$0(EngineExecutionOrchestrator.java:58)
	at org.junit.platform.launcher.core.EngineExecutionOrchestrator.withInterceptedStreams(EngineExecutionOrchestrator.java:141)
	at org.junit.platform.launcher.core.EngineExecutionOrchestrator.execute(EngineExecutionOrchestrator.java:57)
	at org.junit.platform.launcher.core.DefaultLauncher.execute(DefaultLauncher.java:103)
	at org.junit.platform.launcher.core.DefaultLauncher.execute(DefaultLauncher.java:85)
	at org.junit.platform.launcher.core.DelegatingLauncher.execute(DelegatingLauncher.java:47)
	at org.junit.platform.launcher.core.SessionPerRequestLauncher.execute(SessionPerRequestLauncher.java:63)
	at com.intellij.junit5.JUnit5IdeaTestRunner.startRunnerWithArgs(JUnit5IdeaTestRunner.java:57)
	at com.intellij.rt.junit.IdeaTestRunner$Repeater$1.execute(IdeaTestRunner.java:38)
	at com.intellij.rt.execution.junit.TestsRepeater.repeat(TestsRepeater.java:11)
	at com.intellij.rt.junit.IdeaTestRunner$Repeater.startRunnerWithArgs(IdeaTestRunner.java:35)
	at com.intellij.rt.junit.JUnitStarter.prepareStreamsAndStart(JUnitStarter.java:232)
	at com.intellij.rt.junit.JUnitStarter.main(JUnitStarter.java:55)
2025-03-06 13:48:04 [main] DEBUG l.i.u.t.SubmittedApplicationsPageTest - Selected necessary for job: 'Remontuoti'.
2025-03-06 13:51:25 [main] INFO  lt.insoft.uztis.tests.UztisPageTest - Navigated to https://uztisdev.asseco.lt/home
2025-03-06 13:51:25 [main] INFO  l.i.u.t.SubmittedApplicationsPageTest - Starting test:'testFillNewDVPApplicationFA'
2025-03-06 13:51:25 [main] DEBUG l.i.u.t.SubmittedApplicationsPageTest - User logged in with test credentials.
2025-03-06 13:51:26 [main] DEBUG l.i.u.t.SubmittedApplicationsPageTest - Opened 'Application Processing' menu.
2025-03-06 13:51:26 [main] DEBUG l.i.u.t.SubmittedApplicationsPageTest - Clicked on 'Application Forms' menu.
2025-03-06 13:51:27 [main] DEBUG l.i.u.t.SubmittedApplicationsPageTest - Retrieved last description code text: 'TST-DVP-22'.
2025-03-06 13:51:27 [main] DEBUG l.i.u.t.SubmittedApplicationsPageTest - Clicked on 'Invitation' menu.
2025-03-06 13:51:28 [main] DEBUG l.i.u.t.SubmittedApplicationsPageTest - Selected application section by code: 'TST-DVP-22'.
2025-03-06 13:51:28 [main] DEBUG l.i.u.t.SubmittedApplicationsPageTest - Clicked 'Search' button.
2025-03-06 13:51:28 [main] DEBUG l.i.u.t.SubmittedApplicationsPageTest - Retrieved invitation code: ''.
2025-03-06 13:51:28 [main] DEBUG l.i.u.t.SubmittedApplicationsPageTest - Clicked on 'Submitted Applications' menu.
2025-03-06 13:51:30 [main] DEBUG l.i.u.t.SubmittedApplicationsPageTest - Selected invitation by code: 'TST-DVP-22'.
2025-03-06 13:51:30 [main] DEBUG l.i.u.t.SubmittedApplicationsPageTest - Invitation code inserted.
2025-03-06 13:51:30 [main] DEBUG l.i.u.t.SubmittedApplicationsPageTest - Clicked on 'Action Application' button.
2025-03-06 13:51:30 [main] DEBUG l.i.u.t.SubmittedApplicationsPageTest - Clicked on 'New Application' button.
2025-03-06 13:51:31 [main] DEBUG l.i.u.t.SubmittedApplicationsPageTest - Selected the 'RadioButtonFA' option.
2025-03-06 13:51:31 [main] DEBUG l.i.u.t.SubmittedApplicationsPageTest - Entered phone number: '61298745'.
2025-03-06 13:51:31 [main] DEBUG l.i.u.t.SubmittedApplicationsPageTest - Entered email: 'test@autotest.com'.
2025-03-06 13:51:31 [main] DEBUG l.i.u.t.SubmittedApplicationsPageTest - Checked 'For workplace adaptation' checkbox 1.
2025-03-06 13:51:31 [main] DEBUG l.i.u.t.SubmittedApplicationsPageTest - Checked 'For environmental adaptation' checkbox 2.
2025-03-06 13:51:31 [main] INFO  l.i.u.p.SubmittedApplicationsPage - Located the dropdown button.
2025-03-06 13:51:53 [main] INFO  l.i.u.p.SubmittedApplicationsPage - Found 1741 options in the dropdown.
2025-03-06 13:51:53 [main] INFO  l.i.u.p.SubmittedApplicationsPage - Successfully selected the value: '01.11 - Grūdinių (išskyrus ryžius), ankštinių ir aliejingų sėklų augalų auginimas'
2025-03-06 13:52:04 [main] ERROR l.i.u.p.SubmittedApplicationsPage - Failed to close the dropdown with aria-expanded = 'false'. Attempting manual close.
2025-03-06 13:52:04 [main] INFO  l.i.u.p.SubmittedApplicationsPage - Manual close attempt for the dropdown using body click.
2025-03-06 13:52:04 [main] DEBUG l.i.u.t.SubmittedApplicationsPageTest - Selected EVRK value: '01.11 - Grūdinių (išskyrus ryžius), ankštinių ir aliejingų sėklų augalų auginimas'.
2025-03-06 13:52:04 [main] DEBUG l.i.u.t.SubmittedApplicationsPageTest - Clicked on 'Address Component' button.
2025-03-06 13:52:04 [main] INFO  l.i.u.p.SubmittedApplicationsPage - Located the dropdown button.
2025-03-06 13:52:07 [main] INFO  l.i.u.p.SubmittedApplicationsPage - Successfully selected the value: 'Lietuva'
2025-03-06 13:52:07 [main] DEBUG l.i.u.t.SubmittedApplicationsPageTest - Selected country: 'Lietuva'.
2025-03-06 13:52:07 [main] INFO  l.i.u.p.SubmittedApplicationsPage - Located the dropdown search field.
2025-03-06 13:52:07 [main] INFO  l.i.u.p.SubmittedApplicationsPage - Dropdown city is opened.
2025-03-06 13:52:08 [main] INFO  l.i.u.p.SubmittedApplicationsPage - Searched for value: 'Vilnius'
2025-03-06 13:52:08 [main] INFO  l.i.u.p.SubmittedApplicationsPage - Successfully selected: 'Vilnius'
2025-03-06 13:52:08 [main] INFO  l.i.u.p.SubmittedApplicationsPage - Located the dropdown button.
2025-03-06 13:52:09 [main] INFO  l.i.u.p.SubmittedApplicationsPage - Successfully selected the value: 'A. Domaševičiaus g.'
2025-03-06 13:52:09 [main] DEBUG l.i.u.t.SubmittedApplicationsPageTest - Selected street: 'A. Domaševičiaus g.'.
2025-03-06 13:52:09 [main] INFO  l.i.u.p.SubmittedApplicationsPage - Located the dropdown button.
2025-03-06 13:52:09 [main] INFO  l.i.u.p.SubmittedApplicationsPage - Successfully selected the value: '1'
2025-03-06 13:52:09 [main] DEBUG l.i.u.t.SubmittedApplicationsPageTest - Selected house: '1'.
2025-03-06 13:52:09 [main] INFO  l.i.u.p.SubmittedApplicationsPage - Located the dropdown button.
2025-03-06 13:52:09 [main] INFO  l.i.u.p.SubmittedApplicationsPage - Successfully selected the value: '1'
2025-03-06 13:52:09 [main] DEBUG l.i.u.t.SubmittedApplicationsPageTest - Selected apartment: '1'.
2025-03-06 13:52:10 [main] DEBUG l.i.u.t.SubmittedApplicationsPageTest - Clicked 'Confirm' button.
2025-03-06 13:52:10 [main] DEBUG l.i.u.t.SubmittedApplicationsPageTest - Selected 'For already working' option.
2025-03-06 13:52:10 [main] DEBUG l.i.u.t.SubmittedApplicationsPageTest - Entered person count1: '1'.
2025-03-06 13:52:10 [main] DEBUG l.i.u.t.SubmittedApplicationsPageTest - Selected 'For new working' option.
2025-03-06 13:52:10 [main] DEBUG l.i.u.t.SubmittedApplicationsPageTest - Entered person count2: '1'.
2025-03-06 13:52:10 [main] DEBUG l.i.u.t.SubmittedApplicationsPageTest - Clicked 'Next' button after checkboxes.
2025-03-06 13:52:10 [main] INFO  l.i.u.p.SubmittedApplicationsPage - Located the dropdown button.
2025-03-06 13:52:11 [main] INFO  l.i.u.p.SubmittedApplicationsPage - Successfully selected the value: 'Administratoriai'
2025-03-06 13:52:11 [main] DEBUG l.i.u.t.SubmittedApplicationsPageTest - Selected adaptable job name: 'Administratoriai'.
2025-03-06 13:52:12 [main] DEBUG l.i.u.t.SubmittedApplicationsPageTest - Entered job date.
2025-03-06 13:52:12 [main] DEBUG l.i.u.t.SubmittedApplicationsPageTest - Entered job function: 'Funkcija 1'.
2025-03-06 13:52:12 [main] DEBUG l.i.u.t.SubmittedApplicationsPageTest - Selected 'For already working' 'no' option.
2025-03-06 13:52:12 [main] INFO  l.i.u.p.SubmittedApplicationsPage - Clicking on the dropdown button.
2025-03-06 13:52:12 [main] INFO  l.i.u.p.SubmittedApplicationsPage - Found 6 options in the dropdown.
2025-03-06 13:52:12 [main] DEBUG l.i.u.p.SubmittedApplicationsPage - Checking option: 'Lengvo neįgalumo lygis ar 45-55 procentų dalyvumo lygis (iki 2023 m. gruodžio 31 d. – 45-55 procentų darbingumo lygis)'
2025-03-06 13:52:12 [main] INFO  l.i.u.p.SubmittedApplicationsPage - Successfully selected the value: 'Lengvo neįgalumo lygis ar 45-55 procentų dalyvumo lygis (iki 2023 m. gruodžio 31 d. – 45-55 procentų darbingumo lygis)'
2025-03-06 13:52:12 [main] INFO  l.i.u.p.SubmittedApplicationsPage - Attempting to close the dropdown.
2025-03-06 13:52:13 [main] DEBUG l.i.u.t.SubmittedApplicationsPageTest - Selected disabilities type: 'Lengvo neįgalumo lygis ar 45-55 procentų dalyvumo lygis (iki 2023 m. gruodžio 31 d. – 45-55 procentų darbingumo lygis)'.
2025-03-06 13:52:13 [main] DEBUG l.i.u.t.SubmittedApplicationsPageTest - Entered disability information: 'Negalia 1'.
2025-03-06 13:52:14 [main] DEBUG l.i.u.t.SubmittedApplicationsPageTest - Entered qualification: 'Kvalifikacija 1'.
2025-03-06 13:52:14 [main] DEBUG l.i.u.t.SubmittedApplicationsPageTest - Entered job description: 'Darbo vietos aprašymas 1'.
2025-03-06 13:52:14 [main] DEBUG l.i.u.t.SubmittedApplicationsPageTest - Entered equipment description: 'Priemonių įsigyjimas 1'.
2025-03-06 13:52:14 [main] DEBUG l.i.u.t.SubmittedApplicationsPageTest - Entered work information: 'Darbai 1'.
2025-03-06 13:52:14 [main] INFO  l.i.u.p.SubmittedApplicationsPage - Located the dropdown button.
2025-03-06 13:52:15 [main] INFO  l.i.u.p.SubmittedApplicationsPage - Successfully selected the value: 'Kita'
2025-03-06 13:52:15 [main] DEBUG l.i.u.t.SubmittedApplicationsPageTest - Selected time mode: 'Kita'.
2025-03-06 13:52:15 [main] DEBUG l.i.u.t.SubmittedApplicationsPageTest - Selected time mode other: '6 val. per dieną ir 4 d. per savaitę'.
2025-03-06 13:52:15 [main] DEBUG l.i.u.t.SubmittedApplicationsPageTest - Entered salary amount: '1200'.
2025-03-06 13:52:15 [main] DEBUG l.i.u.t.SubmittedApplicationsPageTest - Selected 'Temporary Job' radio button.
2025-03-06 13:52:16 [main] DEBUG l.i.u.t.SubmittedApplicationsPageTest - Selected 'Season Job' radio button.
2025-03-06 13:52:16 [main] DEBUG l.i.u.t.SubmittedApplicationsPageTest - Selected 'PVM' radio button.
2025-03-06 13:52:16 [main] INFO  l.i.u.p.SubmittedApplicationsPage - Located the dropdown button.
2025-03-06 13:52:16 [main] INFO  l.i.u.p.SubmittedApplicationsPage - Successfully selected the value: 'Darbo vietos pritaikymui'
2025-03-06 13:52:46 [main] ERROR l.i.u.p.SubmittedApplicationsPage - Timeout while waiting for dropdown to close with aria-expanded = 'false'.
2025-03-06 13:52:46 [main] DEBUG l.i.u.t.SubmittedApplicationsPageTest - Selected adaptable job name: 'Darbo vietos pritaikymui'.
2025-03-06 13:52:47 [main] DEBUG l.i.u.p.SubmittedApplicationsPage - Located and clicked the dropdown button 'Reikalinga'.
2025-03-06 13:52:47 [main] INFO  l.i.u.p.SubmittedApplicationsPage - Successfully selected the value: 'Įsigyti'
2025-03-06 13:52:57 [main] DEBUG l.i.u.t.SubmittedApplicationsPageTest - Selected necessary for job: 'Įsigyti'.
2025-03-06 13:52:58 [main] DEBUG l.i.u.t.SubmittedApplicationsPageTest - Selected tool: 'Darbo priemonė 1'.
2025-03-06 13:52:58 [main] DEBUG l.i.u.t.SubmittedApplicationsPageTest - Selected tool parameter one: 'Darbo priemonės 1 parametras 1'.
2025-03-06 13:52:58 [main] DEBUG l.i.u.t.SubmittedApplicationsPageTest - Selected tool parameter two: 'Darbo priemonės 1 parametras 2'.
2025-03-06 13:52:58 [main] DEBUG l.i.u.t.SubmittedApplicationsPageTest - Selected tool parameter three: 'Darbo priemonės 1 parametras 3'.
2025-03-06 13:52:58 [main] DEBUG l.i.u.t.SubmittedApplicationsPageTest - Entered tool count: '1'.
2025-03-06 13:52:59 [main] DEBUG l.i.u.t.SubmittedApplicationsPageTest - Entered price amount: '1000'.
2025-03-06 13:52:59 [main] DEBUG l.i.u.t.SubmittedApplicationsPageTest - Entered own funds amount: '800'.
2025-03-06 13:52:59 [main] DEBUG l.i.u.t.SubmittedApplicationsPageTest - Clicked 'Add Job Place' button.
2025-03-06 13:52:59 [main] INFO  l.i.u.p.SubmittedApplicationsPage - Located the dropdown button.
2025-03-06 13:53:00 [main] INFO  l.i.u.p.SubmittedApplicationsPage - Successfully selected the value: 'Apskaitos specialistai (buhalteriai)'
2025-03-06 13:53:00 [main] DEBUG l.i.u.t.SubmittedApplicationsPageTest - Selected adaptable job name: 'Apskaitos specialistai (buhalteriai)'.
2025-03-06 13:53:01 [main] DEBUG l.i.u.t.SubmittedApplicationsPageTest - Entered job date.
2025-03-06 13:53:01 [main] DEBUG l.i.u.t.SubmittedApplicationsPageTest - Entered job function: 'Funkcija 2'.
2025-03-06 13:53:01 [main] DEBUG l.i.u.t.SubmittedApplicationsPageTest - Selected 'For NOT already working' 'no' option.
2025-03-06 13:53:01 [main] INFO  l.i.u.p.SubmittedApplicationsPage - Clicking on the dropdown button.
2025-03-06 13:53:02 [main] INFO  l.i.u.p.SubmittedApplicationsPage - Found 6 options in the dropdown.
2025-03-06 13:53:02 [main] DEBUG l.i.u.p.SubmittedApplicationsPage - Checking option: 'Lengvo neįgalumo lygis ar 45-55 procentų dalyvumo lygis (iki 2023 m. gruodžio 31 d. – 45-55 procentų darbingumo lygis)'
2025-03-06 13:53:02 [main] DEBUG l.i.u.p.SubmittedApplicationsPage - Checking option: 'Lengvo neįgalumo lygis ar 45-55 procentų dalyvumo lygis (iki 2023 m. gruodžio 31 d. – 45-55 procentų darbingumo lygis)'
2025-03-06 13:53:02 [main] DEBUG l.i.u.p.SubmittedApplicationsPage - Checking option: 'Sunkaus neįgalumo lygis ar neviršijantis 25 procentų dalyvumo lygis (iki 2023 metų gruodžio 31 dienos – iki 25 procentų darbingumo lygis)'
2025-03-06 13:53:02 [main] INFO  l.i.u.p.SubmittedApplicationsPage - Successfully selected the value: 'Sunkaus neįgalumo lygis ar neviršijantis 25 procentų dalyvumo lygis (iki 2023 metų gruodžio 31 dienos – iki 25 procentų darbingumo lygis)'
2025-03-06 13:53:02 [main] INFO  l.i.u.p.SubmittedApplicationsPage - Attempting to close the dropdown.
2025-03-06 13:53:02 [main] DEBUG l.i.u.t.SubmittedApplicationsPageTest - Selected disabilities type: 'Sunkaus neįgalumo lygis ar neviršijantis 25 procentų dalyvumo lygis (iki 2023 metų gruodžio 31 dienos – iki 25 procentų darbingumo lygis)'.
2025-03-06 13:53:03 [main] DEBUG l.i.u.t.SubmittedApplicationsPageTest - Entered disability information: 'Negalia 2'.
2025-03-06 13:53:03 [main] DEBUG l.i.u.t.SubmittedApplicationsPageTest - Entered qualification: 'Kvalifikacija 2'.
2025-03-06 13:53:03 [main] DEBUG l.i.u.t.SubmittedApplicationsPageTest - Entered job description: 'Darbo vietos aprašymas 2'.
2025-03-06 13:53:04 [main] DEBUG l.i.u.t.SubmittedApplicationsPageTest - Entered equipment description: 'Priemonių įsigyjimas 2'.
2025-03-06 13:53:04 [main] DEBUG l.i.u.t.SubmittedApplicationsPageTest - Entered work information: 'Darbai 2'.
2025-03-06 13:53:04 [main] INFO  l.i.u.p.SubmittedApplicationsPage - Located the dropdown button.
2025-03-06 13:53:05 [main] INFO  l.i.u.p.SubmittedApplicationsPage - Successfully selected the value: 'Kita'
2025-03-06 13:53:05 [main] DEBUG l.i.u.t.SubmittedApplicationsPageTest - Selected time mode: 'Kita'.
2025-03-06 13:53:05 [main] DEBUG l.i.u.t.SubmittedApplicationsPageTest - Selected time mode other: '6 val. per dieną ir 4 d. per savaitę'.
2025-03-06 13:53:05 [main] DEBUG l.i.u.t.SubmittedApplicationsPageTest - Entered salary amount: '1250'.
2025-03-06 13:53:05 [main] DEBUG l.i.u.t.SubmittedApplicationsPageTest - Selected 'Temporary Job' radio button.
2025-03-06 13:53:05 [main] DEBUG l.i.u.t.SubmittedApplicationsPageTest - Selected 'Season Job' radio button.
2025-03-06 13:53:06 [main] DEBUG l.i.u.t.SubmittedApplicationsPageTest - Selected 'PVM' radio button.
2025-03-06 13:53:06 [main] INFO  l.i.u.p.SubmittedApplicationsPage - Located the dropdown button.
2025-03-06 13:53:06 [main] INFO  l.i.u.p.SubmittedApplicationsPage - Successfully selected the value: 'Aplinkos pritaikymui'
2025-03-06 13:53:36 [main] ERROR l.i.u.p.SubmittedApplicationsPage - Timeout while waiting for dropdown to close with aria-expanded = 'false'.
2025-03-06 13:53:36 [main] DEBUG l.i.u.t.SubmittedApplicationsPageTest - Selected adaptable job name: 'Aplinkos pritaikymui'.
2025-03-06 13:53:36 [main] DEBUG l.i.u.p.SubmittedApplicationsPage - Located and clicked the dropdown button 'Reikalinga'.
2025-03-06 13:53:47 [main] ERROR l.i.u.p.SubmittedApplicationsPage - Dropdown options did not appear or are not clickable in time.
org.openqa.selenium.TimeoutException: Expected condition failed: waiting for visibility of all elements located by By.xpath: //mat-option/span (tried for 10 second(s) with 500 milliseconds interval)
Build info: version: '4.27.0', revision: 'd6e718d134'
System info: os.name: 'Windows 11', os.arch: 'amd64', os.version: '10.0', java.version: '21.0.3'
Driver info: org.openqa.selenium.chrome.ChromeDriver
Capabilities {acceptInsecureCerts: false, browserName: chrome, browserVersion: 133.0.6943.142, chrome: {chromedriverVersion: 133.0.6943.141 (2a5d6da0d61..., userDataDir: C:\Users\INGRID~1.ZAD\AppDa...}, fedcm:accounts: true, goog:chromeOptions: {debuggerAddress: localhost:54447}, networkConnectionEnabled: false, pageLoadStrategy: normal, platformName: windows, proxy: Proxy(), se:cdp: ws://localhost:54447/devtoo..., se:cdpVersion: 133.0.6943.142, setWindowRect: true, strictFileInteractability: false, timeouts: {implicit: 0, pageLoad: 300000, script: 30000}, unhandledPromptBehavior: dismiss and notify, webauthn:extension:credBlob: true, webauthn:extension:largeBlob: true, webauthn:extension:minPinLength: true, webauthn:extension:prf: true, webauthn:virtualAuthenticators: true}
Session ID: bfb68c3f1f0b0eb0cf645121b86aa845
	at org.openqa.selenium.support.ui.WebDriverWait.timeoutException(WebDriverWait.java:84)
	at org.openqa.selenium.support.ui.FluentWait.until(FluentWait.java:228)
	at lt.insoft.uztis.pages.SubmittedApplicationsPage.selectDropdownNecessaryForJobOne_DVP_2(SubmittedApplicationsPage.java:1430)
	at lt.insoft.uztis.tests.SubmittedApplicationsPageTest.testFillNewDVPApplicationFA(SubmittedApplicationsPageTest.java:818)
	at java.base/jdk.internal.reflect.DirectMethodHandleAccessor.invoke(DirectMethodHandleAccessor.java:103)
	at java.base/java.lang.reflect.Method.invoke(Method.java:580)
	at org.junit.platform.commons.util.ReflectionUtils.invokeMethod(ReflectionUtils.java:728)
	at org.junit.jupiter.engine.execution.MethodInvocation.proceed(MethodInvocation.java:60)
	at org.junit.jupiter.engine.execution.InvocationInterceptorChain$ValidatingInvocation.proceed(InvocationInterceptorChain.java:131)
	at org.junit.jupiter.engine.extension.TimeoutExtension.intercept(TimeoutExtension.java:156)
	at org.junit.jupiter.engine.extension.TimeoutExtension.interceptTestableMethod(TimeoutExtension.java:147)
	at org.junit.jupiter.engine.extension.TimeoutExtension.interceptTestMethod(TimeoutExtension.java:86)
	at org.junit.jupiter.engine.execution.InterceptingExecutableInvoker$ReflectiveInterceptorCall.lambda$ofVoidMethod$0(InterceptingExecutableInvoker.java:103)
	at org.junit.jupiter.engine.execution.InterceptingExecutableInvoker.lambda$invoke$0(InterceptingExecutableInvoker.java:93)
	at org.junit.jupiter.engine.execution.InvocationInterceptorChain$InterceptedInvocation.proceed(InvocationInterceptorChain.java:106)
	at org.junit.jupiter.engine.execution.InvocationInterceptorChain.proceed(InvocationInterceptorChain.java:64)
	at org.junit.jupiter.engine.execution.InvocationInterceptorChain.chainAndInvoke(InvocationInterceptorChain.java:45)
	at org.junit.jupiter.engine.execution.InvocationInterceptorChain.invoke(InvocationInterceptorChain.java:37)
	at org.junit.jupiter.engine.execution.InterceptingExecutableInvoker.invoke(InterceptingExecutableInvoker.java:92)
	at org.junit.jupiter.engine.execution.InterceptingExecutableInvoker.invoke(InterceptingExecutableInvoker.java:86)
	at org.junit.jupiter.engine.descriptor.TestMethodTestDescriptor.lambda$invokeTestMethod$7(TestMethodTestDescriptor.java:218)
	at org.junit.platform.engine.support.hierarchical.ThrowableCollector.execute(ThrowableCollector.java:73)
	at org.junit.jupiter.engine.descriptor.TestMethodTestDescriptor.invokeTestMethod(TestMethodTestDescriptor.java:214)
	at org.junit.jupiter.engine.descriptor.TestMethodTestDescriptor.execute(TestMethodTestDescriptor.java:139)
	at org.junit.jupiter.engine.descriptor.TestMethodTestDescriptor.execute(TestMethodTestDescriptor.java:69)
	at org.junit.platform.engine.support.hierarchical.NodeTestTask.lambda$executeRecursively$6(NodeTestTask.java:151)
	at org.junit.platform.engine.support.hierarchical.ThrowableCollector.execute(ThrowableCollector.java:73)
	at org.junit.platform.engine.support.hierarchical.NodeTestTask.lambda$executeRecursively$8(NodeTestTask.java:141)
	at org.junit.platform.engine.support.hierarchical.Node.around(Node.java:137)
	at org.junit.platform.engine.support.hierarchical.NodeTestTask.lambda$executeRecursively$9(NodeTestTask.java:139)
	at org.junit.platform.engine.support.hierarchical.ThrowableCollector.execute(ThrowableCollector.java:73)
	at org.junit.platform.engine.support.hierarchical.NodeTestTask.executeRecursively(NodeTestTask.java:138)
	at org.junit.platform.engine.support.hierarchical.NodeTestTask.execute(NodeTestTask.java:95)
	at java.base/java.util.ArrayList.forEach(ArrayList.java:1596)
	at org.junit.platform.engine.support.hierarchical.SameThreadHierarchicalTestExecutorService.invokeAll(SameThreadHierarchicalTestExecutorService.java:41)
	at org.junit.platform.engine.support.hierarchical.NodeTestTask.lambda$executeRecursively$6(NodeTestTask.java:155)
	at org.junit.platform.engine.support.hierarchical.ThrowableCollector.execute(ThrowableCollector.java:73)
	at org.junit.platform.engine.support.hierarchical.NodeTestTask.lambda$executeRecursively$8(NodeTestTask.java:141)
	at org.junit.platform.engine.support.hierarchical.Node.around(Node.java:137)
	at org.junit.platform.engine.support.hierarchical.NodeTestTask.lambda$executeRecursively$9(NodeTestTask.java:139)
	at org.junit.platform.engine.support.hierarchical.ThrowableCollector.execute(ThrowableCollector.java:73)
	at org.junit.platform.engine.support.hierarchical.NodeTestTask.executeRecursively(NodeTestTask.java:138)
	at org.junit.platform.engine.support.hierarchical.NodeTestTask.execute(NodeTestTask.java:95)
	at java.base/java.util.ArrayList.forEach(ArrayList.java:1596)
	at org.junit.platform.engine.support.hierarchical.SameThreadHierarchicalTestExecutorService.invokeAll(SameThreadHierarchicalTestExecutorService.java:41)
	at org.junit.platform.engine.support.hierarchical.NodeTestTask.lambda$executeRecursively$6(NodeTestTask.java:155)
	at org.junit.platform.engine.support.hierarchical.ThrowableCollector.execute(ThrowableCollector.java:73)
	at org.junit.platform.engine.support.hierarchical.NodeTestTask.lambda$executeRecursively$8(NodeTestTask.java:141)
	at org.junit.platform.engine.support.hierarchical.Node.around(Node.java:137)
	at org.junit.platform.engine.support.hierarchical.NodeTestTask.lambda$executeRecursively$9(NodeTestTask.java:139)
	at org.junit.platform.engine.support.hierarchical.ThrowableCollector.execute(ThrowableCollector.java:73)
	at org.junit.platform.engine.support.hierarchical.NodeTestTask.executeRecursively(NodeTestTask.java:138)
	at org.junit.platform.engine.support.hierarchical.NodeTestTask.execute(NodeTestTask.java:95)
	at org.junit.platform.engine.support.hierarchical.SameThreadHierarchicalTestExecutorService.submit(SameThreadHierarchicalTestExecutorService.java:35)
	at org.junit.platform.engine.support.hierarchical.HierarchicalTestExecutor.execute(HierarchicalTestExecutor.java:57)
	at org.junit.platform.engine.support.hierarchical.HierarchicalTestEngine.execute(HierarchicalTestEngine.java:54)
	at org.junit.platform.launcher.core.EngineExecutionOrchestrator.execute(EngineExecutionOrchestrator.java:198)
	at org.junit.platform.launcher.core.EngineExecutionOrchestrator.execute(EngineExecutionOrchestrator.java:169)
	at org.junit.platform.launcher.core.EngineExecutionOrchestrator.execute(EngineExecutionOrchestrator.java:93)
	at org.junit.platform.launcher.core.EngineExecutionOrchestrator.lambda$execute$0(EngineExecutionOrchestrator.java:58)
	at org.junit.platform.launcher.core.EngineExecutionOrchestrator.withInterceptedStreams(EngineExecutionOrchestrator.java:141)
	at org.junit.platform.launcher.core.EngineExecutionOrchestrator.execute(EngineExecutionOrchestrator.java:57)
	at org.junit.platform.launcher.core.DefaultLauncher.execute(DefaultLauncher.java:103)
	at org.junit.platform.launcher.core.DefaultLauncher.execute(DefaultLauncher.java:85)
	at org.junit.platform.launcher.core.DelegatingLauncher.execute(DelegatingLauncher.java:47)
	at org.junit.platform.launcher.core.SessionPerRequestLauncher.execute(SessionPerRequestLauncher.java:63)
	at com.intellij.junit5.JUnit5IdeaTestRunner.startRunnerWithArgs(JUnit5IdeaTestRunner.java:57)
	at com.intellij.rt.junit.IdeaTestRunner$Repeater$1.execute(IdeaTestRunner.java:38)
	at com.intellij.rt.execution.junit.TestsRepeater.repeat(TestsRepeater.java:11)
	at com.intellij.rt.junit.IdeaTestRunner$Repeater.startRunnerWithArgs(IdeaTestRunner.java:35)
	at com.intellij.rt.junit.JUnitStarter.prepareStreamsAndStart(JUnitStarter.java:232)
	at com.intellij.rt.junit.JUnitStarter.main(JUnitStarter.java:55)
2025-03-06 13:53:47 [main] DEBUG l.i.u.t.SubmittedApplicationsPageTest - Selected necessary for job: 'Remontuoti'.
2025-03-06 13:53:47 [main] DEBUG l.i.u.t.SubmittedApplicationsPageTest - Selected tool: 'Darbo priemonė 2 remontui'.
2025-03-06 13:53:47 [main] DEBUG l.i.u.t.SubmittedApplicationsPageTest - Entered tool count: '2'.
2025-03-06 13:53:47 [main] DEBUG l.i.u.t.SubmittedApplicationsPageTest - Entered price amount: '1000'.
2025-03-06 13:53:47 [main] DEBUG l.i.u.t.SubmittedApplicationsPageTest - Entered own funds amount: '900'.
2025-03-06 13:53:49 [main] ERROR l.i.u.t.SubmittedApplicationsPageTest - Test 'testFillNewDVPApplicationFA' failed with error: element click intercepted: Element <input type="radio" class="mdc-radio__native-control" id="mat-radio-16-input" name="mat-radio-group-8" value="true" tabindex="0"> is not clickable at point (360, 658). Other element would receive the click: <div class="cdk-overlay-backdrop cdk-overlay-transparent-backdrop cdk-overlay-backdrop-showing"></div>
  (Session info: chrome=133.0.6943.142)
Build info: version: '4.27.0', revision: 'd6e718d134'
System info: os.name: 'Windows 11', os.arch: 'amd64', os.version: '10.0', java.version: '21.0.3'
Driver info: org.openqa.selenium.chrome.ChromeDriver
Command: [bfb68c3f1f0b0eb0cf645121b86aa845, clickElement {id=f.0122390E9DC2C640E73A151D862A6E47.d.324F85EE67FB60168CB2249B5F2752F9.e.2584}]
Capabilities {acceptInsecureCerts: false, browserName: chrome, browserVersion: 133.0.6943.142, chrome: {chromedriverVersion: 133.0.6943.141 (2a5d6da0d61..., userDataDir: C:\Users\INGRID~1.ZAD\AppDa...}, fedcm:accounts: true, goog:chromeOptions: {debuggerAddress: localhost:54447}, networkConnectionEnabled: false, pageLoadStrategy: normal, platformName: windows, proxy: Proxy(), se:cdp: ws://localhost:54447/devtoo..., se:cdpVersion: 133.0.6943.142, setWindowRect: true, strictFileInteractability: false, timeouts: {implicit: 0, pageLoad: 300000, script: 30000}, unhandledPromptBehavior: dismiss and notify, webauthn:extension:credBlob: true, webauthn:extension:largeBlob: true, webauthn:extension:minPinLength: true, webauthn:extension:prf: true, webauthn:virtualAuthenticators: true}
Element: [[ChromeDriver: chrome on windows (bfb68c3f1f0b0eb0cf645121b86aa845)] -> xpath: (//input[@type='radio' and @value='true'])[7]]
Session ID: bfb68c3f1f0b0eb0cf645121b86aa845
org.openqa.selenium.ElementClickInterceptedException: element click intercepted: Element <input type="radio" class="mdc-radio__native-control" id="mat-radio-16-input" name="mat-radio-group-8" value="true" tabindex="0"> is not clickable at point (360, 658). Other element would receive the click: <div class="cdk-overlay-backdrop cdk-overlay-transparent-backdrop cdk-overlay-backdrop-showing"></div>
  (Session info: chrome=133.0.6943.142)
Build info: version: '4.27.0', revision: 'd6e718d134'
System info: os.name: 'Windows 11', os.arch: 'amd64', os.version: '10.0', java.version: '21.0.3'
Driver info: org.openqa.selenium.chrome.ChromeDriver
Command: [bfb68c3f1f0b0eb0cf645121b86aa845, clickElement {id=f.0122390E9DC2C640E73A151D862A6E47.d.324F85EE67FB60168CB2249B5F2752F9.e.2584}]
Capabilities {acceptInsecureCerts: false, browserName: chrome, browserVersion: 133.0.6943.142, chrome: {chromedriverVersion: 133.0.6943.141 (2a5d6da0d61..., userDataDir: C:\Users\INGRID~1.ZAD\AppDa...}, fedcm:accounts: true, goog:chromeOptions: {debuggerAddress: localhost:54447}, networkConnectionEnabled: false, pageLoadStrategy: normal, platformName: windows, proxy: Proxy(), se:cdp: ws://localhost:54447/devtoo..., se:cdpVersion: 133.0.6943.142, setWindowRect: true, strictFileInteractability: false, timeouts: {implicit: 0, pageLoad: 300000, script: 30000}, unhandledPromptBehavior: dismiss and notify, webauthn:extension:credBlob: true, webauthn:extension:largeBlob: true, webauthn:extension:minPinLength: true, webauthn:extension:prf: true, webauthn:virtualAuthenticators: true}
Element: [[ChromeDriver: chrome on windows (bfb68c3f1f0b0eb0cf645121b86aa845)] -> xpath: (//input[@type='radio' and @value='true'])[7]]
Session ID: bfb68c3f1f0b0eb0cf645121b86aa845
	at java.base/jdk.internal.reflect.DirectConstructorHandleAccessor.newInstance(DirectConstructorHandleAccessor.java:62)
	at java.base/java.lang.reflect.Constructor.newInstanceWithCaller(Constructor.java:502)
	at java.base/java.lang.reflect.Constructor.newInstance(Constructor.java:486)
	at org.openqa.selenium.remote.ErrorCodec.decode(ErrorCodec.java:167)
	at org.openqa.selenium.remote.codec.w3c.W3CHttpResponseCodec.decode(W3CHttpResponseCodec.java:138)
	at org.openqa.selenium.remote.codec.w3c.W3CHttpResponseCodec.decode(W3CHttpResponseCodec.java:50)
	at org.openqa.selenium.remote.HttpCommandExecutor.execute(HttpCommandExecutor.java:190)
	at org.openqa.selenium.remote.service.DriverCommandExecutor.invokeExecute(DriverCommandExecutor.java:216)
	at org.openqa.selenium.remote.service.DriverCommandExecutor.execute(DriverCommandExecutor.java:174)
	at org.openqa.selenium.remote.RemoteWebDriver.execute(RemoteWebDriver.java:545)
	at org.openqa.selenium.remote.RemoteWebElement.execute(RemoteWebElement.java:223)
	at org.openqa.selenium.remote.RemoteWebElement.click(RemoteWebElement.java:76)
	at java.base/jdk.internal.reflect.DirectMethodHandleAccessor.invoke(DirectMethodHandleAccessor.java:103)
	at java.base/java.lang.reflect.Method.invoke(Method.java:580)
	at org.openqa.selenium.support.pagefactory.internal.LocatingElementHandler.invoke(LocatingElementHandler.java:51)
	at jdk.proxy2/jdk.proxy2.$Proxy14.click(Unknown Source)
	at lt.insoft.uztis.pages.SubmittedApplicationsPage.clickRadioButtonDeMinimis(SubmittedApplicationsPage.java:1577)
	at lt.insoft.uztis.tests.SubmittedApplicationsPageTest.testFillNewDVPApplicationFA(SubmittedApplicationsPageTest.java:838)
	at java.base/jdk.internal.reflect.DirectMethodHandleAccessor.invoke(DirectMethodHandleAccessor.java:103)
	at java.base/java.lang.reflect.Method.invoke(Method.java:580)
	at org.junit.platform.commons.util.ReflectionUtils.invokeMethod(ReflectionUtils.java:728)
	at org.junit.jupiter.engine.execution.MethodInvocation.proceed(MethodInvocation.java:60)
	at org.junit.jupiter.engine.execution.InvocationInterceptorChain$ValidatingInvocation.proceed(InvocationInterceptorChain.java:131)
	at org.junit.jupiter.engine.extension.TimeoutExtension.intercept(TimeoutExtension.java:156)
	at org.junit.jupiter.engine.extension.TimeoutExtension.interceptTestableMethod(TimeoutExtension.java:147)
	at org.junit.jupiter.engine.extension.TimeoutExtension.interceptTestMethod(TimeoutExtension.java:86)
	at org.junit.jupiter.engine.execution.InterceptingExecutableInvoker$ReflectiveInterceptorCall.lambda$ofVoidMethod$0(InterceptingExecutableInvoker.java:103)
	at org.junit.jupiter.engine.execution.InterceptingExecutableInvoker.lambda$invoke$0(InterceptingExecutableInvoker.java:93)
	at org.junit.jupiter.engine.execution.InvocationInterceptorChain$InterceptedInvocation.proceed(InvocationInterceptorChain.java:106)
	at org.junit.jupiter.engine.execution.InvocationInterceptorChain.proceed(InvocationInterceptorChain.java:64)
	at org.junit.jupiter.engine.execution.InvocationInterceptorChain.chainAndInvoke(InvocationInterceptorChain.java:45)
	at org.junit.jupiter.engine.execution.InvocationInterceptorChain.invoke(InvocationInterceptorChain.java:37)
	at org.junit.jupiter.engine.execution.InterceptingExecutableInvoker.invoke(InterceptingExecutableInvoker.java:92)
	at org.junit.jupiter.engine.execution.InterceptingExecutableInvoker.invoke(InterceptingExecutableInvoker.java:86)
	at org.junit.jupiter.engine.descriptor.TestMethodTestDescriptor.lambda$invokeTestMethod$7(TestMethodTestDescriptor.java:218)
	at org.junit.platform.engine.support.hierarchical.ThrowableCollector.execute(ThrowableCollector.java:73)
	at org.junit.jupiter.engine.descriptor.TestMethodTestDescriptor.invokeTestMethod(TestMethodTestDescriptor.java:214)
	at org.junit.jupiter.engine.descriptor.TestMethodTestDescriptor.execute(TestMethodTestDescriptor.java:139)
	at org.junit.jupiter.engine.descriptor.TestMethodTestDescriptor.execute(TestMethodTestDescriptor.java:69)
	at org.junit.platform.engine.support.hierarchical.NodeTestTask.lambda$executeRecursively$6(NodeTestTask.java:151)
	at org.junit.platform.engine.support.hierarchical.ThrowableCollector.execute(ThrowableCollector.java:73)
	at org.junit.platform.engine.support.hierarchical.NodeTestTask.lambda$executeRecursively$8(NodeTestTask.java:141)
	at org.junit.platform.engine.support.hierarchical.Node.around(Node.java:137)
	at org.junit.platform.engine.support.hierarchical.NodeTestTask.lambda$executeRecursively$9(NodeTestTask.java:139)
	at org.junit.platform.engine.support.hierarchical.ThrowableCollector.execute(ThrowableCollector.java:73)
	at org.junit.platform.engine.support.hierarchical.NodeTestTask.executeRecursively(NodeTestTask.java:138)
	at org.junit.platform.engine.support.hierarchical.NodeTestTask.execute(NodeTestTask.java:95)
	at java.base/java.util.ArrayList.forEach(ArrayList.java:1596)
	at org.junit.platform.engine.support.hierarchical.SameThreadHierarchicalTestExecutorService.invokeAll(SameThreadHierarchicalTestExecutorService.java:41)
	at org.junit.platform.engine.support.hierarchical.NodeTestTask.lambda$executeRecursively$6(NodeTestTask.java:155)
	at org.junit.platform.engine.support.hierarchical.ThrowableCollector.execute(ThrowableCollector.java:73)
	at org.junit.platform.engine.support.hierarchical.NodeTestTask.lambda$executeRecursively$8(NodeTestTask.java:141)
	at org.junit.platform.engine.support.hierarchical.Node.around(Node.java:137)
	at org.junit.platform.engine.support.hierarchical.NodeTestTask.lambda$executeRecursively$9(NodeTestTask.java:139)
	at org.junit.platform.engine.support.hierarchical.ThrowableCollector.execute(ThrowableCollector.java:73)
	at org.junit.platform.engine.support.hierarchical.NodeTestTask.executeRecursively(NodeTestTask.java:138)
	at org.junit.platform.engine.support.hierarchical.NodeTestTask.execute(NodeTestTask.java:95)
	at java.base/java.util.ArrayList.forEach(ArrayList.java:1596)
	at org.junit.platform.engine.support.hierarchical.SameThreadHierarchicalTestExecutorService.invokeAll(SameThreadHierarchicalTestExecutorService.java:41)
	at org.junit.platform.engine.support.hierarchical.NodeTestTask.lambda$executeRecursively$6(NodeTestTask.java:155)
	at org.junit.platform.engine.support.hierarchical.ThrowableCollector.execute(ThrowableCollector.java:73)
	at org.junit.platform.engine.support.hierarchical.NodeTestTask.lambda$executeRecursively$8(NodeTestTask.java:141)
	at org.junit.platform.engine.support.hierarchical.Node.around(Node.java:137)
	at org.junit.platform.engine.support.hierarchical.NodeTestTask.lambda$executeRecursively$9(NodeTestTask.java:139)
	at org.junit.platform.engine.support.hierarchical.ThrowableCollector.execute(ThrowableCollector.java:73)
	at org.junit.platform.engine.support.hierarchical.NodeTestTask.executeRecursively(NodeTestTask.java:138)
	at org.junit.platform.engine.support.hierarchical.NodeTestTask.execute(NodeTestTask.java:95)
	at org.junit.platform.engine.support.hierarchical.SameThreadHierarchicalTestExecutorService.submit(SameThreadHierarchicalTestExecutorService.java:35)
	at org.junit.platform.engine.support.hierarchical.HierarchicalTestExecutor.execute(HierarchicalTestExecutor.java:57)
	at org.junit.platform.engine.support.hierarchical.HierarchicalTestEngine.execute(HierarchicalTestEngine.java:54)
	at org.junit.platform.launcher.core.EngineExecutionOrchestrator.execute(EngineExecutionOrchestrator.java:198)
	at org.junit.platform.launcher.core.EngineExecutionOrchestrator.execute(EngineExecutionOrchestrator.java:169)
	at org.junit.platform.launcher.core.EngineExecutionOrchestrator.execute(EngineExecutionOrchestrator.java:93)
	at org.junit.platform.launcher.core.EngineExecutionOrchestrator.lambda$execute$0(EngineExecutionOrchestrator.java:58)
	at org.junit.platform.launcher.core.EngineExecutionOrchestrator.withInterceptedStreams(EngineExecutionOrchestrator.java:141)
	at org.junit.platform.launcher.core.EngineExecutionOrchestrator.execute(EngineExecutionOrchestrator.java:57)
	at org.junit.platform.launcher.core.DefaultLauncher.execute(DefaultLauncher.java:103)
	at org.junit.platform.launcher.core.DefaultLauncher.execute(DefaultLauncher.java:85)
	at org.junit.platform.launcher.core.DelegatingLauncher.execute(DelegatingLauncher.java:47)
	at org.junit.platform.launcher.core.SessionPerRequestLauncher.execute(SessionPerRequestLauncher.java:63)
	at com.intellij.junit5.JUnit5IdeaTestRunner.startRunnerWithArgs(JUnit5IdeaTestRunner.java:57)
	at com.intellij.rt.junit.IdeaTestRunner$Repeater$1.execute(IdeaTestRunner.java:38)
	at com.intellij.rt.execution.junit.TestsRepeater.repeat(TestsRepeater.java:11)
	at com.intellij.rt.junit.IdeaTestRunner$Repeater.startRunnerWithArgs(IdeaTestRunner.java:35)
	at com.intellij.rt.junit.JUnitStarter.prepareStreamsAndStart(JUnitStarter.java:232)
	at com.intellij.rt.junit.JUnitStarter.main(JUnitStarter.java:55)
2025-03-06 13:53:49 [main] INFO  l.insoft.uztis.tests.utils.TestUtils - Screenshot moved to C:\Users\ingrida.zadorozniene\Desktop\Asm\UZTIS\UZTIS_tests\test-output\screenshots\20250306\135349238_testFillNewDVPApplicationFA().png
2025-03-06 14:21:31 [main] INFO  lt.insoft.uztis.tests.UztisPageTest - Navigated to https://uztisdev.asseco.lt/home
2025-03-06 14:21:31 [main] INFO  l.i.u.t.SubmittedApplicationsPageTest - Starting test:'testFillNewDVPApplicationFA'
2025-03-06 14:21:32 [main] DEBUG l.i.u.t.SubmittedApplicationsPageTest - User logged in with test credentials.
2025-03-06 14:21:32 [main] DEBUG l.i.u.t.SubmittedApplicationsPageTest - Opened 'Application Processing' menu.
2025-03-06 14:21:32 [main] DEBUG l.i.u.t.SubmittedApplicationsPageTest - Clicked on 'Application Forms' menu.
2025-03-06 14:21:33 [main] DEBUG l.i.u.t.SubmittedApplicationsPageTest - Retrieved last description code text: 'TST-DVP-22'.
2025-03-06 14:21:33 [main] DEBUG l.i.u.t.SubmittedApplicationsPageTest - Clicked on 'Invitation' menu.
2025-03-06 14:21:34 [main] DEBUG l.i.u.t.SubmittedApplicationsPageTest - Selected application section by code: 'TST-DVP-22'.
2025-03-06 14:21:35 [main] DEBUG l.i.u.t.SubmittedApplicationsPageTest - Clicked 'Search' button.
2025-03-06 14:21:35 [main] DEBUG l.i.u.t.SubmittedApplicationsPageTest - Retrieved invitation code: ''.
2025-03-06 14:21:35 [main] DEBUG l.i.u.t.SubmittedApplicationsPageTest - Clicked on 'Submitted Applications' menu.
2025-03-06 14:21:36 [main] DEBUG l.i.u.t.SubmittedApplicationsPageTest - Selected invitation by code: 'TST-DVP-22'.
2025-03-06 14:21:36 [main] DEBUG l.i.u.t.SubmittedApplicationsPageTest - Invitation code inserted.
2025-03-06 14:21:36 [main] DEBUG l.i.u.t.SubmittedApplicationsPageTest - Clicked on 'Action Application' button.
2025-03-06 14:21:37 [main] DEBUG l.i.u.t.SubmittedApplicationsPageTest - Clicked on 'New Application' button.
2025-03-06 14:21:37 [main] DEBUG l.i.u.t.SubmittedApplicationsPageTest - Selected the 'RadioButtonFA' option.
2025-03-06 14:21:37 [main] DEBUG l.i.u.t.SubmittedApplicationsPageTest - Entered phone number: '61298745'.
2025-03-06 14:21:38 [main] DEBUG l.i.u.t.SubmittedApplicationsPageTest - Entered email: 'test@autotest.com'.
2025-03-06 14:21:38 [main] DEBUG l.i.u.t.SubmittedApplicationsPageTest - Checked 'For workplace adaptation' checkbox 1.
2025-03-06 14:21:38 [main] DEBUG l.i.u.t.SubmittedApplicationsPageTest - Checked 'For environmental adaptation' checkbox 2.
2025-03-06 14:21:38 [main] INFO  l.i.u.p.SubmittedApplicationsPage - Located the dropdown button.
2025-03-06 14:22:00 [main] INFO  l.i.u.p.SubmittedApplicationsPage - Found 1741 options in the dropdown.
2025-03-06 14:22:01 [main] INFO  l.i.u.p.SubmittedApplicationsPage - Successfully selected the value: '01.11 - Grūdinių (išskyrus ryžius), ankštinių ir aliejingų sėklų augalų auginimas'
2025-03-06 14:22:11 [main] ERROR l.i.u.p.SubmittedApplicationsPage - Failed to close the dropdown with aria-expanded = 'false'. Attempting manual close.
2025-03-06 14:22:11 [main] INFO  l.i.u.p.SubmittedApplicationsPage - Manual close attempt for the dropdown using body click.
2025-03-06 14:22:11 [main] DEBUG l.i.u.t.SubmittedApplicationsPageTest - Selected EVRK value: '01.11 - Grūdinių (išskyrus ryžius), ankštinių ir aliejingų sėklų augalų auginimas'.
2025-03-06 14:22:11 [main] DEBUG l.i.u.t.SubmittedApplicationsPageTest - Clicked on 'Address Component' button.
2025-03-06 14:22:11 [main] INFO  l.i.u.p.SubmittedApplicationsPage - Located the dropdown button.
2025-03-06 14:22:15 [main] INFO  l.i.u.p.SubmittedApplicationsPage - Successfully selected the value: 'Lietuva'
2025-03-06 14:22:15 [main] DEBUG l.i.u.t.SubmittedApplicationsPageTest - Selected country: 'Lietuva'.
2025-03-06 14:22:15 [main] INFO  l.i.u.p.SubmittedApplicationsPage - Located the dropdown search field.
2025-03-06 14:22:15 [main] INFO  l.i.u.p.SubmittedApplicationsPage - Dropdown city is opened.
2025-03-06 14:22:16 [main] INFO  l.i.u.p.SubmittedApplicationsPage - Searched for value: 'Vilnius'
2025-03-06 14:22:16 [main] INFO  l.i.u.p.SubmittedApplicationsPage - Successfully selected: 'Vilnius'
2025-03-06 14:22:16 [main] INFO  l.i.u.p.SubmittedApplicationsPage - Located the dropdown button.
2025-03-06 14:22:17 [main] INFO  l.i.u.p.SubmittedApplicationsPage - Successfully selected the value: 'A. Domaševičiaus g.'
2025-03-06 14:22:17 [main] DEBUG l.i.u.t.SubmittedApplicationsPageTest - Selected street: 'A. Domaševičiaus g.'.
2025-03-06 14:22:17 [main] INFO  l.i.u.p.SubmittedApplicationsPage - Located the dropdown button.
2025-03-06 14:22:18 [main] INFO  l.i.u.p.SubmittedApplicationsPage - Successfully selected the value: '1'
2025-03-06 14:22:18 [main] DEBUG l.i.u.t.SubmittedApplicationsPageTest - Selected house: '1'.
2025-03-06 14:22:18 [main] INFO  l.i.u.p.SubmittedApplicationsPage - Located the dropdown button.
2025-03-06 14:22:19 [main] INFO  l.i.u.p.SubmittedApplicationsPage - Successfully selected the value: '1'
2025-03-06 14:22:19 [main] DEBUG l.i.u.t.SubmittedApplicationsPageTest - Selected apartment: '1'.
2025-03-06 14:22:19 [main] DEBUG l.i.u.t.SubmittedApplicationsPageTest - Clicked 'Confirm' button.
2025-03-06 14:22:19 [main] DEBUG l.i.u.t.SubmittedApplicationsPageTest - Selected 'For already working' option.
2025-03-06 14:22:19 [main] DEBUG l.i.u.t.SubmittedApplicationsPageTest - Entered person count1: '1'.
2025-03-06 14:22:20 [main] DEBUG l.i.u.t.SubmittedApplicationsPageTest - Selected 'For new working' option.
2025-03-06 14:22:20 [main] DEBUG l.i.u.t.SubmittedApplicationsPageTest - Entered person count2: '1'.
2025-03-06 14:22:20 [main] DEBUG l.i.u.t.SubmittedApplicationsPageTest - Clicked 'Next' button after checkboxes.
2025-03-06 14:22:20 [main] INFO  l.i.u.p.SubmittedApplicationsPage - Located the dropdown button.
2025-03-06 14:22:21 [main] INFO  l.i.u.p.SubmittedApplicationsPage - Successfully selected the value: 'Administratoriai'
2025-03-06 14:22:21 [main] DEBUG l.i.u.t.SubmittedApplicationsPageTest - Selected adaptable job name: 'Administratoriai'.
2025-03-06 14:22:21 [main] DEBUG l.i.u.t.SubmittedApplicationsPageTest - Entered job date.
2025-03-06 14:22:22 [main] DEBUG l.i.u.t.SubmittedApplicationsPageTest - Entered job function: 'Funkcija 1'.
2025-03-06 14:22:22 [main] DEBUG l.i.u.t.SubmittedApplicationsPageTest - Selected 'For already working' 'no' option.
2025-03-06 14:22:22 [main] INFO  l.i.u.p.SubmittedApplicationsPage - Clicking on the dropdown button.
2025-03-06 14:22:22 [main] INFO  l.i.u.p.SubmittedApplicationsPage - Found 6 options in the dropdown.
2025-03-06 14:22:22 [main] DEBUG l.i.u.p.SubmittedApplicationsPage - Checking option: 'Lengvo neįgalumo lygis ar 45-55 procentų dalyvumo lygis (iki 2023 m. gruodžio 31 d. – 45-55 procentų darbingumo lygis)'
2025-03-06 14:22:22 [main] INFO  l.i.u.p.SubmittedApplicationsPage - Successfully selected the value: 'Lengvo neįgalumo lygis ar 45-55 procentų dalyvumo lygis (iki 2023 m. gruodžio 31 d. – 45-55 procentų darbingumo lygis)'
2025-03-06 14:22:22 [main] INFO  l.i.u.p.SubmittedApplicationsPage - Attempting to close the dropdown.
2025-03-06 14:22:23 [main] DEBUG l.i.u.t.SubmittedApplicationsPageTest - Selected disabilities type: 'Lengvo neįgalumo lygis ar 45-55 procentų dalyvumo lygis (iki 2023 m. gruodžio 31 d. – 45-55 procentų darbingumo lygis)'.
2025-03-06 14:22:23 [main] DEBUG l.i.u.t.SubmittedApplicationsPageTest - Entered disability information: 'Negalia 1'.
2025-03-06 14:22:23 [main] DEBUG l.i.u.t.SubmittedApplicationsPageTest - Entered qualification: 'Kvalifikacija 1'.
2025-03-06 14:22:24 [main] DEBUG l.i.u.t.SubmittedApplicationsPageTest - Entered job description: 'Darbo vietos aprašymas 1'.
2025-03-06 14:22:24 [main] DEBUG l.i.u.t.SubmittedApplicationsPageTest - Entered equipment description: 'Priemonių įsigyjimas 1'.
2025-03-06 14:22:24 [main] DEBUG l.i.u.t.SubmittedApplicationsPageTest - Entered work information: 'Darbai 1'.
2025-03-06 14:22:24 [main] INFO  l.i.u.p.SubmittedApplicationsPage - Located the dropdown button.
2025-03-06 14:22:25 [main] INFO  l.i.u.p.SubmittedApplicationsPage - Successfully selected the value: 'Kita'
2025-03-06 14:22:25 [main] DEBUG l.i.u.t.SubmittedApplicationsPageTest - Selected time mode: 'Kita'.
2025-03-06 14:22:25 [main] DEBUG l.i.u.t.SubmittedApplicationsPageTest - Selected time mode other: '6 val. per dieną ir 4 d. per savaitę'.
2025-03-06 14:22:25 [main] DEBUG l.i.u.t.SubmittedApplicationsPageTest - Entered salary amount: '1200'.
2025-03-06 14:22:25 [main] DEBUG l.i.u.t.SubmittedApplicationsPageTest - Selected 'Temporary Job' radio button.
2025-03-06 14:22:26 [main] DEBUG l.i.u.t.SubmittedApplicationsPageTest - Selected 'Season Job' radio button.
2025-03-06 14:22:26 [main] DEBUG l.i.u.t.SubmittedApplicationsPageTest - Selected 'PVM' radio button.
2025-03-06 14:22:26 [main] INFO  l.i.u.p.SubmittedApplicationsPage - Located the dropdown button.
2025-03-06 14:22:26 [main] INFO  l.i.u.p.SubmittedApplicationsPage - Successfully selected the value: 'Darbo vietos pritaikymui'
2025-03-06 14:22:57 [main] ERROR l.i.u.p.SubmittedApplicationsPage - Timeout while waiting for dropdown to close with aria-expanded = 'false'.
2025-03-06 14:22:57 [main] DEBUG l.i.u.t.SubmittedApplicationsPageTest - Selected adaptable job name: 'Darbo vietos pritaikymui'.
2025-03-06 14:22:57 [main] DEBUG l.i.u.p.SubmittedApplicationsPage - Located and clicked the dropdown button 'Reikalinga'.
2025-03-06 14:22:57 [main] INFO  l.i.u.p.SubmittedApplicationsPage - Successfully selected the value: 'Įsigyti'
2025-03-06 14:23:08 [main] DEBUG l.i.u.t.SubmittedApplicationsPageTest - Selected necessary for job: 'Įsigyti'.
2025-03-06 14:23:08 [main] DEBUG l.i.u.t.SubmittedApplicationsPageTest - Selected tool: 'Darbo priemonė 1'.
2025-03-06 14:23:08 [main] DEBUG l.i.u.t.SubmittedApplicationsPageTest - Selected tool parameter one: 'Darbo priemonės 1 parametras 1'.
2025-03-06 14:23:08 [main] DEBUG l.i.u.t.SubmittedApplicationsPageTest - Selected tool parameter two: 'Darbo priemonės 1 parametras 2'.
2025-03-06 14:23:09 [main] DEBUG l.i.u.t.SubmittedApplicationsPageTest - Selected tool parameter three: 'Darbo priemonės 1 parametras 3'.
2025-03-06 14:23:09 [main] DEBUG l.i.u.t.SubmittedApplicationsPageTest - Entered tool count: '1'.
2025-03-06 14:23:09 [main] DEBUG l.i.u.t.SubmittedApplicationsPageTest - Entered price amount: '1000'.
2025-03-06 14:23:09 [main] DEBUG l.i.u.t.SubmittedApplicationsPageTest - Entered own funds amount: '800'.
2025-03-06 14:23:09 [main] DEBUG l.i.u.t.SubmittedApplicationsPageTest - Clicked 'Add' button.
2025-03-06 14:23:09 [main] INFO  l.i.u.p.SubmittedApplicationsPage - Located the dropdown button.
2025-03-06 14:23:10 [main] INFO  l.i.u.p.SubmittedApplicationsPage - Successfully selected the value: 'Aplinkos pritaikymui'
2025-03-06 14:23:40 [main] ERROR l.i.u.p.SubmittedApplicationsPage - Timeout while waiting for dropdown to close with aria-expanded = 'false'.
2025-03-06 14:23:40 [main] DEBUG l.i.u.t.SubmittedApplicationsPageTest - Selected adaptable job name: 'Aplinkos pritaikymui'.
2025-03-06 14:23:40 [main] DEBUG l.i.u.p.SubmittedApplicationsPage - Located and clicked the dropdown button 'Reikalinga'.
2025-03-06 14:23:40 [main] INFO  l.i.u.p.SubmittedApplicationsPage - Successfully selected the value: 'Remontuoti'
2025-03-06 14:23:51 [main] DEBUG l.i.u.t.SubmittedApplicationsPageTest - Selected necessary for job: 'Remontuoti'.
2025-03-06 14:23:51 [main] DEBUG l.i.u.t.SubmittedApplicationsPageTest - Selected tool: 'Darbo priemonė 2 remontui'.
2025-03-06 14:23:51 [main] DEBUG l.i.u.t.SubmittedApplicationsPageTest - Entered tool count: '2'.
2025-03-06 14:23:51 [main] DEBUG l.i.u.t.SubmittedApplicationsPageTest - Entered price amount: '1000'.
2025-03-06 14:23:52 [main] DEBUG l.i.u.t.SubmittedApplicationsPageTest - Entered own funds amount: '900'.
2025-03-06 14:23:52 [main] DEBUG l.i.u.t.SubmittedApplicationsPageTest - Selected 'De Minimis' radio button.
2025-03-06 14:23:52 [main] DEBUG l.i.u.t.SubmittedApplicationsPageTest - Entered program name: 'Programa 1'.
2025-03-06 14:23:52 [main] DEBUG l.i.u.t.SubmittedApplicationsPageTest - Entered project date from.
2025-03-06 14:23:53 [main] DEBUG l.i.u.t.SubmittedApplicationsPageTest - Entered project date until.
2025-03-06 14:23:53 [main] DEBUG l.i.u.t.SubmittedApplicationsPageTest - Entered support amount: '2000'.
2025-03-06 14:24:03 [main] ERROR l.i.u.t.SubmittedApplicationsPageTest - Test 'testFillNewDVPApplicationFA' failed with error: no such element: Unable to locate element: {"method":"xpath","selector":"(//div[contains(@class, 'mdc-checkbox')]//input[@type='checkbox'])[3]"}
  (Session info: chrome=133.0.6943.142)
For documentation on this error, please visit: https://www.selenium.dev/documentation/webdriver/troubleshooting/errors#no-such-element-exception
Build info: version: '4.27.0', revision: 'd6e718d134'
System info: os.name: 'Windows 11', os.arch: 'amd64', os.version: '10.0', java.version: '21.0.3'
Driver info: org.openqa.selenium.chrome.ChromeDriver
Command: [6b99a24ef2f19192c385ae2d3a1c7ba0, findElement {using=xpath, value=(//div[contains(@class, 'mdc-checkbox')]//input[@type='checkbox'])[3]}]
Capabilities {acceptInsecureCerts: false, browserName: chrome, browserVersion: 133.0.6943.142, chrome: {chromedriverVersion: 133.0.6943.141 (2a5d6da0d61..., userDataDir: C:\Users\INGRID~1.ZAD\AppDa...}, fedcm:accounts: true, goog:chromeOptions: {debuggerAddress: localhost:55360}, networkConnectionEnabled: false, pageLoadStrategy: normal, platformName: windows, proxy: Proxy(), se:cdp: ws://localhost:55360/devtoo..., se:cdpVersion: 133.0.6943.142, setWindowRect: true, strictFileInteractability: false, timeouts: {implicit: 0, pageLoad: 300000, script: 30000}, unhandledPromptBehavior: dismiss and notify, webauthn:extension:credBlob: true, webauthn:extension:largeBlob: true, webauthn:extension:minPinLength: true, webauthn:extension:prf: true, webauthn:virtualAuthenticators: true}
Session ID: 6b99a24ef2f19192c385ae2d3a1c7ba0
org.openqa.selenium.NoSuchElementException: no such element: Unable to locate element: {"method":"xpath","selector":"(//div[contains(@class, 'mdc-checkbox')]//input[@type='checkbox'])[3]"}
  (Session info: chrome=133.0.6943.142)
For documentation on this error, please visit: https://www.selenium.dev/documentation/webdriver/troubleshooting/errors#no-such-element-exception
Build info: version: '4.27.0', revision: 'd6e718d134'
System info: os.name: 'Windows 11', os.arch: 'amd64', os.version: '10.0', java.version: '21.0.3'
Driver info: org.openqa.selenium.chrome.ChromeDriver
Command: [6b99a24ef2f19192c385ae2d3a1c7ba0, findElement {using=xpath, value=(//div[contains(@class, 'mdc-checkbox')]//input[@type='checkbox'])[3]}]
Capabilities {acceptInsecureCerts: false, browserName: chrome, browserVersion: 133.0.6943.142, chrome: {chromedriverVersion: 133.0.6943.141 (2a5d6da0d61..., userDataDir: C:\Users\INGRID~1.ZAD\AppDa...}, fedcm:accounts: true, goog:chromeOptions: {debuggerAddress: localhost:55360}, networkConnectionEnabled: false, pageLoadStrategy: normal, platformName: windows, proxy: Proxy(), se:cdp: ws://localhost:55360/devtoo..., se:cdpVersion: 133.0.6943.142, setWindowRect: true, strictFileInteractability: false, timeouts: {implicit: 0, pageLoad: 300000, script: 30000}, unhandledPromptBehavior: dismiss and notify, webauthn:extension:credBlob: true, webauthn:extension:largeBlob: true, webauthn:extension:minPinLength: true, webauthn:extension:prf: true, webauthn:virtualAuthenticators: true}
Session ID: 6b99a24ef2f19192c385ae2d3a1c7ba0
	at java.base/jdk.internal.reflect.DirectConstructorHandleAccessor.newInstance(DirectConstructorHandleAccessor.java:62)
	at java.base/java.lang.reflect.Constructor.newInstanceWithCaller(Constructor.java:502)
	at java.base/java.lang.reflect.Constructor.newInstance(Constructor.java:486)
	at org.openqa.selenium.remote.ErrorCodec.decode(ErrorCodec.java:167)
	at org.openqa.selenium.remote.codec.w3c.W3CHttpResponseCodec.decode(W3CHttpResponseCodec.java:138)
	at org.openqa.selenium.remote.codec.w3c.W3CHttpResponseCodec.decode(W3CHttpResponseCodec.java:50)
	at org.openqa.selenium.remote.HttpCommandExecutor.execute(HttpCommandExecutor.java:190)
	at org.openqa.selenium.remote.service.DriverCommandExecutor.invokeExecute(DriverCommandExecutor.java:216)
	at org.openqa.selenium.remote.service.DriverCommandExecutor.execute(DriverCommandExecutor.java:174)
	at org.openqa.selenium.remote.RemoteWebDriver.execute(RemoteWebDriver.java:545)
	at org.openqa.selenium.remote.ElementLocation$ElementFinder$2.findElement(ElementLocation.java:165)
	at org.openqa.selenium.remote.ElementLocation.findElement(ElementLocation.java:59)
	at org.openqa.selenium.remote.RemoteWebDriver.findElement(RemoteWebDriver.java:368)
	at org.openqa.selenium.remote.RemoteWebDriver.findElement(RemoteWebDriver.java:362)
	at org.openqa.selenium.support.pagefactory.DefaultElementLocator.findElement(DefaultElementLocator.java:68)
	at org.openqa.selenium.support.pagefactory.internal.LocatingElementHandler.invoke(LocatingElementHandler.java:38)
	at jdk.proxy2/jdk.proxy2.$Proxy14.isSelected(Unknown Source)
	at lt.insoft.uztis.pages.InvitationsPage.setCheckbox(InvitationsPage.java:480)
	at lt.insoft.uztis.tests.SubmittedApplicationsPageTest.testFillNewDVPApplicationFA(SubmittedApplicationsPageTest.java:801)
	at java.base/jdk.internal.reflect.DirectMethodHandleAccessor.invoke(DirectMethodHandleAccessor.java:103)
	at java.base/java.lang.reflect.Method.invoke(Method.java:580)
	at org.junit.platform.commons.util.ReflectionUtils.invokeMethod(ReflectionUtils.java:728)
	at org.junit.jupiter.engine.execution.MethodInvocation.proceed(MethodInvocation.java:60)
	at org.junit.jupiter.engine.execution.InvocationInterceptorChain$ValidatingInvocation.proceed(InvocationInterceptorChain.java:131)
	at org.junit.jupiter.engine.extension.TimeoutExtension.intercept(TimeoutExtension.java:156)
	at org.junit.jupiter.engine.extension.TimeoutExtension.interceptTestableMethod(TimeoutExtension.java:147)
	at org.junit.jupiter.engine.extension.TimeoutExtension.interceptTestMethod(TimeoutExtension.java:86)
	at org.junit.jupiter.engine.execution.InterceptingExecutableInvoker$ReflectiveInterceptorCall.lambda$ofVoidMethod$0(InterceptingExecutableInvoker.java:103)
	at org.junit.jupiter.engine.execution.InterceptingExecutableInvoker.lambda$invoke$0(InterceptingExecutableInvoker.java:93)
	at org.junit.jupiter.engine.execution.InvocationInterceptorChain$InterceptedInvocation.proceed(InvocationInterceptorChain.java:106)
	at org.junit.jupiter.engine.execution.InvocationInterceptorChain.proceed(InvocationInterceptorChain.java:64)
	at org.junit.jupiter.engine.execution.InvocationInterceptorChain.chainAndInvoke(InvocationInterceptorChain.java:45)
	at org.junit.jupiter.engine.execution.InvocationInterceptorChain.invoke(InvocationInterceptorChain.java:37)
	at org.junit.jupiter.engine.execution.InterceptingExecutableInvoker.invoke(InterceptingExecutableInvoker.java:92)
	at org.junit.jupiter.engine.execution.InterceptingExecutableInvoker.invoke(InterceptingExecutableInvoker.java:86)
	at org.junit.jupiter.engine.descriptor.TestMethodTestDescriptor.lambda$invokeTestMethod$7(TestMethodTestDescriptor.java:218)
	at org.junit.platform.engine.support.hierarchical.ThrowableCollector.execute(ThrowableCollector.java:73)
	at org.junit.jupiter.engine.descriptor.TestMethodTestDescriptor.invokeTestMethod(TestMethodTestDescriptor.java:214)
	at org.junit.jupiter.engine.descriptor.TestMethodTestDescriptor.execute(TestMethodTestDescriptor.java:139)
	at org.junit.jupiter.engine.descriptor.TestMethodTestDescriptor.execute(TestMethodTestDescriptor.java:69)
	at org.junit.platform.engine.support.hierarchical.NodeTestTask.lambda$executeRecursively$6(NodeTestTask.java:151)
	at org.junit.platform.engine.support.hierarchical.ThrowableCollector.execute(ThrowableCollector.java:73)
	at org.junit.platform.engine.support.hierarchical.NodeTestTask.lambda$executeRecursively$8(NodeTestTask.java:141)
	at org.junit.platform.engine.support.hierarchical.Node.around(Node.java:137)
	at org.junit.platform.engine.support.hierarchical.NodeTestTask.lambda$executeRecursively$9(NodeTestTask.java:139)
	at org.junit.platform.engine.support.hierarchical.ThrowableCollector.execute(ThrowableCollector.java:73)
	at org.junit.platform.engine.support.hierarchical.NodeTestTask.executeRecursively(NodeTestTask.java:138)
	at org.junit.platform.engine.support.hierarchical.NodeTestTask.execute(NodeTestTask.java:95)
	at java.base/java.util.ArrayList.forEach(ArrayList.java:1596)
	at org.junit.platform.engine.support.hierarchical.SameThreadHierarchicalTestExecutorService.invokeAll(SameThreadHierarchicalTestExecutorService.java:41)
	at org.junit.platform.engine.support.hierarchical.NodeTestTask.lambda$executeRecursively$6(NodeTestTask.java:155)
	at org.junit.platform.engine.support.hierarchical.ThrowableCollector.execute(ThrowableCollector.java:73)
	at org.junit.platform.engine.support.hierarchical.NodeTestTask.lambda$executeRecursively$8(NodeTestTask.java:141)
	at org.junit.platform.engine.support.hierarchical.Node.around(Node.java:137)
	at org.junit.platform.engine.support.hierarchical.NodeTestTask.lambda$executeRecursively$9(NodeTestTask.java:139)
	at org.junit.platform.engine.support.hierarchical.ThrowableCollector.execute(ThrowableCollector.java:73)
	at org.junit.platform.engine.support.hierarchical.NodeTestTask.executeRecursively(NodeTestTask.java:138)
	at org.junit.platform.engine.support.hierarchical.NodeTestTask.execute(NodeTestTask.java:95)
	at java.base/java.util.ArrayList.forEach(ArrayList.java:1596)
	at org.junit.platform.engine.support.hierarchical.SameThreadHierarchicalTestExecutorService.invokeAll(SameThreadHierarchicalTestExecutorService.java:41)
	at org.junit.platform.engine.support.hierarchical.NodeTestTask.lambda$executeRecursively$6(NodeTestTask.java:155)
	at org.junit.platform.engine.support.hierarchical.ThrowableCollector.execute(ThrowableCollector.java:73)
	at org.junit.platform.engine.support.hierarchical.NodeTestTask.lambda$executeRecursively$8(NodeTestTask.java:141)
	at org.junit.platform.engine.support.hierarchical.Node.around(Node.java:137)
	at org.junit.platform.engine.support.hierarchical.NodeTestTask.lambda$executeRecursively$9(NodeTestTask.java:139)
	at org.junit.platform.engine.support.hierarchical.ThrowableCollector.execute(ThrowableCollector.java:73)
	at org.junit.platform.engine.support.hierarchical.NodeTestTask.executeRecursively(NodeTestTask.java:138)
	at org.junit.platform.engine.support.hierarchical.NodeTestTask.execute(NodeTestTask.java:95)
	at org.junit.platform.engine.support.hierarchical.SameThreadHierarchicalTestExecutorService.submit(SameThreadHierarchicalTestExecutorService.java:35)
	at org.junit.platform.engine.support.hierarchical.HierarchicalTestExecutor.execute(HierarchicalTestExecutor.java:57)
	at org.junit.platform.engine.support.hierarchical.HierarchicalTestEngine.execute(HierarchicalTestEngine.java:54)
	at org.junit.platform.launcher.core.EngineExecutionOrchestrator.execute(EngineExecutionOrchestrator.java:198)
	at org.junit.platform.launcher.core.EngineExecutionOrchestrator.execute(EngineExecutionOrchestrator.java:169)
	at org.junit.platform.launcher.core.EngineExecutionOrchestrator.execute(EngineExecutionOrchestrator.java:93)
	at org.junit.platform.launcher.core.EngineExecutionOrchestrator.lambda$execute$0(EngineExecutionOrchestrator.java:58)
	at org.junit.platform.launcher.core.EngineExecutionOrchestrator.withInterceptedStreams(EngineExecutionOrchestrator.java:141)
	at org.junit.platform.launcher.core.EngineExecutionOrchestrator.execute(EngineExecutionOrchestrator.java:57)
	at org.junit.platform.launcher.core.DefaultLauncher.execute(DefaultLauncher.java:103)
	at org.junit.platform.launcher.core.DefaultLauncher.execute(DefaultLauncher.java:85)
	at org.junit.platform.launcher.core.DelegatingLauncher.execute(DelegatingLauncher.java:47)
	at org.junit.platform.launcher.core.SessionPerRequestLauncher.execute(SessionPerRequestLauncher.java:63)
	at com.intellij.junit5.JUnit5IdeaTestRunner.startRunnerWithArgs(JUnit5IdeaTestRunner.java:57)
	at com.intellij.rt.junit.IdeaTestRunner$Repeater$1.execute(IdeaTestRunner.java:38)
	at com.intellij.rt.execution.junit.TestsRepeater.repeat(TestsRepeater.java:11)
	at com.intellij.rt.junit.IdeaTestRunner$Repeater.startRunnerWithArgs(IdeaTestRunner.java:35)
	at com.intellij.rt.junit.JUnitStarter.prepareStreamsAndStart(JUnitStarter.java:232)
	at com.intellij.rt.junit.JUnitStarter.main(JUnitStarter.java:55)
2025-03-06 14:24:03 [main] INFO  l.insoft.uztis.tests.utils.TestUtils - Screenshot moved to C:\Users\ingrida.zadorozniene\Desktop\Asm\UZTIS\UZTIS_tests\test-output\screenshots\20250306\142403480_testFillNewDVPApplicationFA().png
2025-03-06 14:31:16 [main] INFO  lt.insoft.uztis.tests.UztisPageTest - Navigated to https://uztisdev.asseco.lt/home
2025-03-06 14:31:16 [main] INFO  l.i.u.t.SubmittedApplicationsPageTest - Starting test:'testFillNewDVPApplicationFA'
2025-03-06 14:31:16 [main] DEBUG l.i.u.t.SubmittedApplicationsPageTest - User logged in with test credentials.
2025-03-06 14:31:17 [main] DEBUG l.i.u.t.SubmittedApplicationsPageTest - Opened 'Application Processing' menu.
2025-03-06 14:31:17 [main] DEBUG l.i.u.t.SubmittedApplicationsPageTest - Clicked on 'Application Forms' menu.
2025-03-06 14:31:18 [main] DEBUG l.i.u.t.SubmittedApplicationsPageTest - Retrieved last description code text: 'TST-DVP-22'.
2025-03-06 14:31:18 [main] DEBUG l.i.u.t.SubmittedApplicationsPageTest - Clicked on 'Invitation' menu.
2025-03-06 14:31:19 [main] DEBUG l.i.u.t.SubmittedApplicationsPageTest - Selected application section by code: 'TST-DVP-22'.
2025-03-06 14:31:19 [main] DEBUG l.i.u.t.SubmittedApplicationsPageTest - Clicked 'Search' button.
2025-03-06 14:31:19 [main] DEBUG l.i.u.t.SubmittedApplicationsPageTest - Retrieved invitation code: ''.
2025-03-06 14:31:19 [main] DEBUG l.i.u.t.SubmittedApplicationsPageTest - Clicked on 'Submitted Applications' menu.
2025-03-06 14:31:21 [main] DEBUG l.i.u.t.SubmittedApplicationsPageTest - Selected invitation by code: 'TST-DVP-22'.
2025-03-06 14:31:21 [main] DEBUG l.i.u.t.SubmittedApplicationsPageTest - Invitation code inserted.
2025-03-06 14:31:21 [main] DEBUG l.i.u.t.SubmittedApplicationsPageTest - Clicked on 'Action Application' button.
2025-03-06 14:31:21 [main] DEBUG l.i.u.t.SubmittedApplicationsPageTest - Clicked on 'New Application' button.
2025-03-06 14:31:22 [main] DEBUG l.i.u.t.SubmittedApplicationsPageTest - Selected the 'RadioButtonFA' option.
2025-03-06 14:31:22 [main] DEBUG l.i.u.t.SubmittedApplicationsPageTest - Entered phone number: '61298745'.
2025-03-06 14:31:23 [main] DEBUG l.i.u.t.SubmittedApplicationsPageTest - Entered email: 'test@autotest.com'.
2025-03-06 14:31:23 [main] DEBUG l.i.u.t.SubmittedApplicationsPageTest - Checked 'For workplace adaptation' checkbox 1.
2025-03-06 14:31:23 [main] DEBUG l.i.u.t.SubmittedApplicationsPageTest - Checked 'For environmental adaptation' checkbox 2.
2025-03-06 14:31:23 [main] INFO  l.i.u.p.SubmittedApplicationsPage - Located the dropdown button.
2025-03-06 14:31:45 [main] INFO  l.i.u.p.SubmittedApplicationsPage - Found 1741 options in the dropdown.
2025-03-06 14:31:45 [main] INFO  l.i.u.p.SubmittedApplicationsPage - Successfully selected the value: '01.11 - Grūdinių (išskyrus ryžius), ankštinių ir aliejingų sėklų augalų auginimas'
2025-03-06 14:31:55 [main] ERROR l.i.u.p.SubmittedApplicationsPage - Failed to close the dropdown with aria-expanded = 'false'. Attempting manual close.
2025-03-06 14:31:56 [main] INFO  l.i.u.p.SubmittedApplicationsPage - Manual close attempt for the dropdown using body click.
2025-03-06 14:31:56 [main] DEBUG l.i.u.t.SubmittedApplicationsPageTest - Selected EVRK value: '01.11 - Grūdinių (išskyrus ryžius), ankštinių ir aliejingų sėklų augalų auginimas'.
2025-03-06 14:31:56 [main] DEBUG l.i.u.t.SubmittedApplicationsPageTest - Clicked on 'Address Component' button.
2025-03-06 14:31:56 [main] INFO  l.i.u.p.SubmittedApplicationsPage - Located the dropdown button.
2025-03-06 14:31:59 [main] INFO  l.i.u.p.SubmittedApplicationsPage - Successfully selected the value: 'Lietuva'
2025-03-06 14:31:59 [main] DEBUG l.i.u.t.SubmittedApplicationsPageTest - Selected country: 'Lietuva'.
2025-03-06 14:31:59 [main] INFO  l.i.u.p.SubmittedApplicationsPage - Located the dropdown search field.
2025-03-06 14:31:59 [main] INFO  l.i.u.p.SubmittedApplicationsPage - Dropdown city is opened.
2025-03-06 14:31:59 [main] INFO  l.i.u.p.SubmittedApplicationsPage - Searched for value: 'Vilnius'
2025-03-06 14:32:00 [main] INFO  l.i.u.p.SubmittedApplicationsPage - Successfully selected: 'Vilnius'
2025-03-06 14:32:00 [main] INFO  l.i.u.p.SubmittedApplicationsPage - Located the dropdown button.
2025-03-06 14:32:01 [main] INFO  l.i.u.p.SubmittedApplicationsPage - Successfully selected the value: 'A. Domaševičiaus g.'
2025-03-06 14:32:01 [main] DEBUG l.i.u.t.SubmittedApplicationsPageTest - Selected street: 'A. Domaševičiaus g.'.
2025-03-06 14:32:01 [main] INFO  l.i.u.p.SubmittedApplicationsPage - Located the dropdown button.
2025-03-06 14:32:02 [main] INFO  l.i.u.p.SubmittedApplicationsPage - Successfully selected the value: '1'
2025-03-06 14:32:02 [main] DEBUG l.i.u.t.SubmittedApplicationsPageTest - Selected house: '1'.
2025-03-06 14:32:02 [main] INFO  l.i.u.p.SubmittedApplicationsPage - Located the dropdown button.
2025-03-06 14:32:03 [main] INFO  l.i.u.p.SubmittedApplicationsPage - Successfully selected the value: '1'
2025-03-06 14:32:03 [main] DEBUG l.i.u.t.SubmittedApplicationsPageTest - Selected apartment: '1'.
2025-03-06 14:32:03 [main] DEBUG l.i.u.t.SubmittedApplicationsPageTest - Clicked 'Confirm' button.
2025-03-06 14:32:03 [main] DEBUG l.i.u.t.SubmittedApplicationsPageTest - Selected 'For already working' option.
2025-03-06 14:32:03 [main] DEBUG l.i.u.t.SubmittedApplicationsPageTest - Entered person count1: '1'.
2025-03-06 14:32:03 [main] DEBUG l.i.u.t.SubmittedApplicationsPageTest - Selected 'For new working' option.
2025-03-06 14:32:04 [main] DEBUG l.i.u.t.SubmittedApplicationsPageTest - Entered person count2: '1'.
2025-03-06 14:32:04 [main] DEBUG l.i.u.t.SubmittedApplicationsPageTest - Clicked 'Next' button after checkboxes.
2025-03-06 14:32:04 [main] INFO  l.i.u.p.SubmittedApplicationsPage - Located the dropdown button.
2025-03-06 14:32:05 [main] INFO  l.i.u.p.SubmittedApplicationsPage - Successfully selected the value: 'Administratoriai'
2025-03-06 14:32:05 [main] DEBUG l.i.u.t.SubmittedApplicationsPageTest - Selected adaptable job name: 'Administratoriai'.
2025-03-06 14:32:05 [main] DEBUG l.i.u.t.SubmittedApplicationsPageTest - Entered job date.
2025-03-06 14:32:06 [main] DEBUG l.i.u.t.SubmittedApplicationsPageTest - Entered job function: 'Funkcija 1'.
2025-03-06 14:32:06 [main] DEBUG l.i.u.t.SubmittedApplicationsPageTest - Selected 'For already working' 'no' option.
2025-03-06 14:32:06 [main] INFO  l.i.u.p.SubmittedApplicationsPage - Clicking on the dropdown button.
2025-03-06 14:32:06 [main] INFO  l.i.u.p.SubmittedApplicationsPage - Found 6 options in the dropdown.
2025-03-06 14:32:06 [main] DEBUG l.i.u.p.SubmittedApplicationsPage - Checking option: 'Lengvo neįgalumo lygis ar 45-55 procentų dalyvumo lygis (iki 2023 m. gruodžio 31 d. – 45-55 procentų darbingumo lygis)'
2025-03-06 14:32:06 [main] INFO  l.i.u.p.SubmittedApplicationsPage - Successfully selected the value: 'Lengvo neįgalumo lygis ar 45-55 procentų dalyvumo lygis (iki 2023 m. gruodžio 31 d. – 45-55 procentų darbingumo lygis)'
2025-03-06 14:32:06 [main] INFO  l.i.u.p.SubmittedApplicationsPage - Attempting to close the dropdown.
2025-03-06 14:32:07 [main] DEBUG l.i.u.t.SubmittedApplicationsPageTest - Selected disabilities type: 'Lengvo neįgalumo lygis ar 45-55 procentų dalyvumo lygis (iki 2023 m. gruodžio 31 d. – 45-55 procentų darbingumo lygis)'.
2025-03-06 14:32:07 [main] DEBUG l.i.u.t.SubmittedApplicationsPageTest - Entered disability information: 'Negalia 1'.
2025-03-06 14:32:08 [main] DEBUG l.i.u.t.SubmittedApplicationsPageTest - Entered qualification: 'Kvalifikacija 1'.
2025-03-06 14:32:08 [main] DEBUG l.i.u.t.SubmittedApplicationsPageTest - Entered job description: 'Darbo vietos aprašymas 1'.
2025-03-06 14:32:08 [main] DEBUG l.i.u.t.SubmittedApplicationsPageTest - Entered equipment description: 'Priemonių įsigyjimas 1'.
2025-03-06 14:32:09 [main] DEBUG l.i.u.t.SubmittedApplicationsPageTest - Entered work information: 'Darbai 1'.
2025-03-06 14:32:09 [main] INFO  l.i.u.p.SubmittedApplicationsPage - Located the dropdown button.
2025-03-06 14:32:09 [main] INFO  l.i.u.p.SubmittedApplicationsPage - Successfully selected the value: 'Kita'
2025-03-06 14:32:09 [main] DEBUG l.i.u.t.SubmittedApplicationsPageTest - Selected time mode: 'Kita'.
2025-03-06 14:32:09 [main] DEBUG l.i.u.t.SubmittedApplicationsPageTest - Selected time mode other: '6 val. per dieną ir 4 d. per savaitę'.
2025-03-06 14:32:10 [main] DEBUG l.i.u.t.SubmittedApplicationsPageTest - Entered salary amount: '1200'.
2025-03-06 14:32:10 [main] DEBUG l.i.u.t.SubmittedApplicationsPageTest - Selected 'Temporary Job' radio button.
2025-03-06 14:32:10 [main] DEBUG l.i.u.t.SubmittedApplicationsPageTest - Selected 'Season Job' radio button.
2025-03-06 14:32:10 [main] DEBUG l.i.u.t.SubmittedApplicationsPageTest - Selected 'PVM' radio button.
2025-03-06 14:32:10 [main] INFO  l.i.u.p.SubmittedApplicationsPage - Located the dropdown button.
2025-03-06 14:32:11 [main] INFO  l.i.u.p.SubmittedApplicationsPage - Successfully selected the value: 'Darbo vietos pritaikymui'
2025-03-06 14:32:41 [main] ERROR l.i.u.p.SubmittedApplicationsPage - Timeout while waiting for dropdown to close with aria-expanded = 'false'.
2025-03-06 14:32:41 [main] DEBUG l.i.u.t.SubmittedApplicationsPageTest - Selected adaptable job name: 'Darbo vietos pritaikymui'.
2025-03-06 14:32:41 [main] DEBUG l.i.u.p.SubmittedApplicationsPage - Located and clicked the dropdown button 'Reikalinga'.
2025-03-06 14:32:42 [main] INFO  l.i.u.p.SubmittedApplicationsPage - Successfully selected the value: 'Įsigyti'
2025-03-06 14:32:52 [main] DEBUG l.i.u.t.SubmittedApplicationsPageTest - Selected necessary for job: 'Įsigyti'.
2025-03-06 14:32:52 [main] DEBUG l.i.u.t.SubmittedApplicationsPageTest - Selected tool: 'Darbo priemonė 1'.
2025-03-06 14:32:53 [main] DEBUG l.i.u.t.SubmittedApplicationsPageTest - Selected tool parameter one: 'Darbo priemonės 1 parametras 1'.
2025-03-06 14:32:53 [main] DEBUG l.i.u.t.SubmittedApplicationsPageTest - Selected tool parameter two: 'Darbo priemonės 1 parametras 2'.
2025-03-06 14:32:53 [main] DEBUG l.i.u.t.SubmittedApplicationsPageTest - Selected tool parameter three: 'Darbo priemonės 1 parametras 3'.
2025-03-06 14:32:53 [main] DEBUG l.i.u.t.SubmittedApplicationsPageTest - Entered tool count: '1'.
2025-03-06 14:32:53 [main] DEBUG l.i.u.t.SubmittedApplicationsPageTest - Entered price amount: '1000'.
2025-03-06 14:32:54 [main] DEBUG l.i.u.t.SubmittedApplicationsPageTest - Entered own funds amount: '800'.
2025-03-06 14:32:54 [main] DEBUG l.i.u.t.SubmittedApplicationsPageTest - Clicked 'Add' button.
2025-03-06 14:32:54 [main] INFO  l.i.u.p.SubmittedApplicationsPage - Located the dropdown button.
2025-03-06 14:32:54 [main] INFO  l.i.u.p.SubmittedApplicationsPage - Successfully selected the value: 'Aplinkos pritaikymui'
2025-03-06 14:33:25 [main] ERROR l.i.u.p.SubmittedApplicationsPage - Timeout while waiting for dropdown to close with aria-expanded = 'false'.
2025-03-06 14:33:25 [main] DEBUG l.i.u.t.SubmittedApplicationsPageTest - Selected adaptable job name: 'Aplinkos pritaikymui'.
2025-03-06 14:33:25 [main] DEBUG l.i.u.p.SubmittedApplicationsPage - Located and clicked the dropdown button 'Reikalinga'.
2025-03-06 14:33:25 [main] INFO  l.i.u.p.SubmittedApplicationsPage - Successfully selected the value: 'Remontuoti'
2025-03-06 14:33:36 [main] DEBUG l.i.u.t.SubmittedApplicationsPageTest - Selected necessary for job: 'Remontuoti'.
2025-03-06 14:33:36 [main] DEBUG l.i.u.t.SubmittedApplicationsPageTest - Selected tool: 'Darbo priemonė 2 remontui'.
2025-03-06 14:33:36 [main] DEBUG l.i.u.t.SubmittedApplicationsPageTest - Entered tool count: '2'.
2025-03-06 14:33:36 [main] DEBUG l.i.u.t.SubmittedApplicationsPageTest - Entered price amount: '1000'.
2025-03-06 14:33:36 [main] DEBUG l.i.u.t.SubmittedApplicationsPageTest - Entered own funds amount: '900'.
2025-03-06 14:33:37 [main] DEBUG l.i.u.t.SubmittedApplicationsPageTest - Selected 'De Minimis' radio button.
2025-03-06 14:33:37 [main] DEBUG l.i.u.t.SubmittedApplicationsPageTest - Entered program name: 'Programa 1'.
2025-03-06 14:33:37 [main] DEBUG l.i.u.t.SubmittedApplicationsPageTest - Entered project date from.
2025-03-06 14:33:37 [main] DEBUG l.i.u.t.SubmittedApplicationsPageTest - Entered project date until.
2025-03-06 14:33:38 [main] DEBUG l.i.u.t.SubmittedApplicationsPageTest - Entered support amount: '2000'.
2025-03-06 14:33:48 [main] ERROR l.i.u.t.SubmittedApplicationsPageTest - Test 'testFillNewDVPApplicationFA' failed with error: no such element: Unable to locate element: {"method":"xpath","selector":"(//div[contains(@class, 'mdc-checkbox')]//input[@type='checkbox'])[3]"}
  (Session info: chrome=133.0.6943.142)
For documentation on this error, please visit: https://www.selenium.dev/documentation/webdriver/troubleshooting/errors#no-such-element-exception
Build info: version: '4.27.0', revision: 'd6e718d134'
System info: os.name: 'Windows 11', os.arch: 'amd64', os.version: '10.0', java.version: '21.0.3'
Driver info: org.openqa.selenium.chrome.ChromeDriver
Command: [42de8816fff1e9f52975d226cf61c864, findElement {value=(//div[contains(@class, 'mdc-checkbox')]//input[@type='checkbox'])[3], using=xpath}]
Capabilities {acceptInsecureCerts: false, browserName: chrome, browserVersion: 133.0.6943.142, chrome: {chromedriverVersion: 133.0.6943.141 (2a5d6da0d61..., userDataDir: C:\Users\INGRID~1.ZAD\AppDa...}, fedcm:accounts: true, goog:chromeOptions: {debuggerAddress: localhost:55703}, networkConnectionEnabled: false, pageLoadStrategy: normal, platformName: windows, proxy: Proxy(), se:cdp: ws://localhost:55703/devtoo..., se:cdpVersion: 133.0.6943.142, setWindowRect: true, strictFileInteractability: false, timeouts: {implicit: 0, pageLoad: 300000, script: 30000}, unhandledPromptBehavior: dismiss and notify, webauthn:extension:credBlob: true, webauthn:extension:largeBlob: true, webauthn:extension:minPinLength: true, webauthn:extension:prf: true, webauthn:virtualAuthenticators: true}
Session ID: 42de8816fff1e9f52975d226cf61c864
org.openqa.selenium.NoSuchElementException: no such element: Unable to locate element: {"method":"xpath","selector":"(//div[contains(@class, 'mdc-checkbox')]//input[@type='checkbox'])[3]"}
  (Session info: chrome=133.0.6943.142)
For documentation on this error, please visit: https://www.selenium.dev/documentation/webdriver/troubleshooting/errors#no-such-element-exception
Build info: version: '4.27.0', revision: 'd6e718d134'
System info: os.name: 'Windows 11', os.arch: 'amd64', os.version: '10.0', java.version: '21.0.3'
Driver info: org.openqa.selenium.chrome.ChromeDriver
Command: [42de8816fff1e9f52975d226cf61c864, findElement {value=(//div[contains(@class, 'mdc-checkbox')]//input[@type='checkbox'])[3], using=xpath}]
Capabilities {acceptInsecureCerts: false, browserName: chrome, browserVersion: 133.0.6943.142, chrome: {chromedriverVersion: 133.0.6943.141 (2a5d6da0d61..., userDataDir: C:\Users\INGRID~1.ZAD\AppDa...}, fedcm:accounts: true, goog:chromeOptions: {debuggerAddress: localhost:55703}, networkConnectionEnabled: false, pageLoadStrategy: normal, platformName: windows, proxy: Proxy(), se:cdp: ws://localhost:55703/devtoo..., se:cdpVersion: 133.0.6943.142, setWindowRect: true, strictFileInteractability: false, timeouts: {implicit: 0, pageLoad: 300000, script: 30000}, unhandledPromptBehavior: dismiss and notify, webauthn:extension:credBlob: true, webauthn:extension:largeBlob: true, webauthn:extension:minPinLength: true, webauthn:extension:prf: true, webauthn:virtualAuthenticators: true}
Session ID: 42de8816fff1e9f52975d226cf61c864
	at java.base/jdk.internal.reflect.DirectConstructorHandleAccessor.newInstance(DirectConstructorHandleAccessor.java:62)
	at java.base/java.lang.reflect.Constructor.newInstanceWithCaller(Constructor.java:502)
	at java.base/java.lang.reflect.Constructor.newInstance(Constructor.java:486)
	at org.openqa.selenium.remote.ErrorCodec.decode(ErrorCodec.java:167)
	at org.openqa.selenium.remote.codec.w3c.W3CHttpResponseCodec.decode(W3CHttpResponseCodec.java:138)
	at org.openqa.selenium.remote.codec.w3c.W3CHttpResponseCodec.decode(W3CHttpResponseCodec.java:50)
	at org.openqa.selenium.remote.HttpCommandExecutor.execute(HttpCommandExecutor.java:190)
	at org.openqa.selenium.remote.service.DriverCommandExecutor.invokeExecute(DriverCommandExecutor.java:216)
	at org.openqa.selenium.remote.service.DriverCommandExecutor.execute(DriverCommandExecutor.java:174)
	at org.openqa.selenium.remote.RemoteWebDriver.execute(RemoteWebDriver.java:545)
	at org.openqa.selenium.remote.ElementLocation$ElementFinder$2.findElement(ElementLocation.java:165)
	at org.openqa.selenium.remote.ElementLocation.findElement(ElementLocation.java:59)
	at org.openqa.selenium.remote.RemoteWebDriver.findElement(RemoteWebDriver.java:368)
	at org.openqa.selenium.remote.RemoteWebDriver.findElement(RemoteWebDriver.java:362)
	at org.openqa.selenium.support.pagefactory.DefaultElementLocator.findElement(DefaultElementLocator.java:68)
	at org.openqa.selenium.support.pagefactory.internal.LocatingElementHandler.invoke(LocatingElementHandler.java:38)
	at jdk.proxy2/jdk.proxy2.$Proxy14.isSelected(Unknown Source)
	at lt.insoft.uztis.pages.InvitationsPage.setCheckbox(InvitationsPage.java:480)
	at lt.insoft.uztis.tests.SubmittedApplicationsPageTest.testFillNewDVPApplicationFA(SubmittedApplicationsPageTest.java:799)
	at java.base/jdk.internal.reflect.DirectMethodHandleAccessor.invoke(DirectMethodHandleAccessor.java:103)
	at java.base/java.lang.reflect.Method.invoke(Method.java:580)
	at org.junit.platform.commons.util.ReflectionUtils.invokeMethod(ReflectionUtils.java:728)
	at org.junit.jupiter.engine.execution.MethodInvocation.proceed(MethodInvocation.java:60)
	at org.junit.jupiter.engine.execution.InvocationInterceptorChain$ValidatingInvocation.proceed(InvocationInterceptorChain.java:131)
	at org.junit.jupiter.engine.extension.TimeoutExtension.intercept(TimeoutExtension.java:156)
	at org.junit.jupiter.engine.extension.TimeoutExtension.interceptTestableMethod(TimeoutExtension.java:147)
	at org.junit.jupiter.engine.extension.TimeoutExtension.interceptTestMethod(TimeoutExtension.java:86)
	at org.junit.jupiter.engine.execution.InterceptingExecutableInvoker$ReflectiveInterceptorCall.lambda$ofVoidMethod$0(InterceptingExecutableInvoker.java:103)
	at org.junit.jupiter.engine.execution.InterceptingExecutableInvoker.lambda$invoke$0(InterceptingExecutableInvoker.java:93)
	at org.junit.jupiter.engine.execution.InvocationInterceptorChain$InterceptedInvocation.proceed(InvocationInterceptorChain.java:106)
	at org.junit.jupiter.engine.execution.InvocationInterceptorChain.proceed(InvocationInterceptorChain.java:64)
	at org.junit.jupiter.engine.execution.InvocationInterceptorChain.chainAndInvoke(InvocationInterceptorChain.java:45)
	at org.junit.jupiter.engine.execution.InvocationInterceptorChain.invoke(InvocationInterceptorChain.java:37)
	at org.junit.jupiter.engine.execution.InterceptingExecutableInvoker.invoke(InterceptingExecutableInvoker.java:92)
	at org.junit.jupiter.engine.execution.InterceptingExecutableInvoker.invoke(InterceptingExecutableInvoker.java:86)
	at org.junit.jupiter.engine.descriptor.TestMethodTestDescriptor.lambda$invokeTestMethod$7(TestMethodTestDescriptor.java:218)
	at org.junit.platform.engine.support.hierarchical.ThrowableCollector.execute(ThrowableCollector.java:73)
	at org.junit.jupiter.engine.descriptor.TestMethodTestDescriptor.invokeTestMethod(TestMethodTestDescriptor.java:214)
	at org.junit.jupiter.engine.descriptor.TestMethodTestDescriptor.execute(TestMethodTestDescriptor.java:139)
	at org.junit.jupiter.engine.descriptor.TestMethodTestDescriptor.execute(TestMethodTestDescriptor.java:69)
	at org.junit.platform.engine.support.hierarchical.NodeTestTask.lambda$executeRecursively$6(NodeTestTask.java:151)
	at org.junit.platform.engine.support.hierarchical.ThrowableCollector.execute(ThrowableCollector.java:73)
	at org.junit.platform.engine.support.hierarchical.NodeTestTask.lambda$executeRecursively$8(NodeTestTask.java:141)
	at org.junit.platform.engine.support.hierarchical.Node.around(Node.java:137)
	at org.junit.platform.engine.support.hierarchical.NodeTestTask.lambda$executeRecursively$9(NodeTestTask.java:139)
	at org.junit.platform.engine.support.hierarchical.ThrowableCollector.execute(ThrowableCollector.java:73)
	at org.junit.platform.engine.support.hierarchical.NodeTestTask.executeRecursively(NodeTestTask.java:138)
	at org.junit.platform.engine.support.hierarchical.NodeTestTask.execute(NodeTestTask.java:95)
	at java.base/java.util.ArrayList.forEach(ArrayList.java:1596)
	at org.junit.platform.engine.support.hierarchical.SameThreadHierarchicalTestExecutorService.invokeAll(SameThreadHierarchicalTestExecutorService.java:41)
	at org.junit.platform.engine.support.hierarchical.NodeTestTask.lambda$executeRecursively$6(NodeTestTask.java:155)
	at org.junit.platform.engine.support.hierarchical.ThrowableCollector.execute(ThrowableCollector.java:73)
	at org.junit.platform.engine.support.hierarchical.NodeTestTask.lambda$executeRecursively$8(NodeTestTask.java:141)
	at org.junit.platform.engine.support.hierarchical.Node.around(Node.java:137)
	at org.junit.platform.engine.support.hierarchical.NodeTestTask.lambda$executeRecursively$9(NodeTestTask.java:139)
	at org.junit.platform.engine.support.hierarchical.ThrowableCollector.execute(ThrowableCollector.java:73)
	at org.junit.platform.engine.support.hierarchical.NodeTestTask.executeRecursively(NodeTestTask.java:138)
	at org.junit.platform.engine.support.hierarchical.NodeTestTask.execute(NodeTestTask.java:95)
	at java.base/java.util.ArrayList.forEach(ArrayList.java:1596)
	at org.junit.platform.engine.support.hierarchical.SameThreadHierarchicalTestExecutorService.invokeAll(SameThreadHierarchicalTestExecutorService.java:41)
	at org.junit.platform.engine.support.hierarchical.NodeTestTask.lambda$executeRecursively$6(NodeTestTask.java:155)
	at org.junit.platform.engine.support.hierarchical.ThrowableCollector.execute(ThrowableCollector.java:73)
	at org.junit.platform.engine.support.hierarchical.NodeTestTask.lambda$executeRecursively$8(NodeTestTask.java:141)
	at org.junit.platform.engine.support.hierarchical.Node.around(Node.java:137)
	at org.junit.platform.engine.support.hierarchical.NodeTestTask.lambda$executeRecursively$9(NodeTestTask.java:139)
	at org.junit.platform.engine.support.hierarchical.ThrowableCollector.execute(ThrowableCollector.java:73)
	at org.junit.platform.engine.support.hierarchical.NodeTestTask.executeRecursively(NodeTestTask.java:138)
	at org.junit.platform.engine.support.hierarchical.NodeTestTask.execute(NodeTestTask.java:95)
	at org.junit.platform.engine.support.hierarchical.SameThreadHierarchicalTestExecutorService.submit(SameThreadHierarchicalTestExecutorService.java:35)
	at org.junit.platform.engine.support.hierarchical.HierarchicalTestExecutor.execute(HierarchicalTestExecutor.java:57)
	at org.junit.platform.engine.support.hierarchical.HierarchicalTestEngine.execute(HierarchicalTestEngine.java:54)
	at org.junit.platform.launcher.core.EngineExecutionOrchestrator.execute(EngineExecutionOrchestrator.java:198)
	at org.junit.platform.launcher.core.EngineExecutionOrchestrator.execute(EngineExecutionOrchestrator.java:169)
	at org.junit.platform.launcher.core.EngineExecutionOrchestrator.execute(EngineExecutionOrchestrator.java:93)
	at org.junit.platform.launcher.core.EngineExecutionOrchestrator.lambda$execute$0(EngineExecutionOrchestrator.java:58)
	at org.junit.platform.launcher.core.EngineExecutionOrchestrator.withInterceptedStreams(EngineExecutionOrchestrator.java:141)
	at org.junit.platform.launcher.core.EngineExecutionOrchestrator.execute(EngineExecutionOrchestrator.java:57)
	at org.junit.platform.launcher.core.DefaultLauncher.execute(DefaultLauncher.java:103)
	at org.junit.platform.launcher.core.DefaultLauncher.execute(DefaultLauncher.java:85)
	at org.junit.platform.launcher.core.DelegatingLauncher.execute(DelegatingLauncher.java:47)
	at org.junit.platform.launcher.core.SessionPerRequestLauncher.execute(SessionPerRequestLauncher.java:63)
	at com.intellij.junit5.JUnit5IdeaTestRunner.startRunnerWithArgs(JUnit5IdeaTestRunner.java:57)
	at com.intellij.rt.junit.IdeaTestRunner$Repeater$1.execute(IdeaTestRunner.java:38)
	at com.intellij.rt.execution.junit.TestsRepeater.repeat(TestsRepeater.java:11)
	at com.intellij.rt.junit.IdeaTestRunner$Repeater.startRunnerWithArgs(IdeaTestRunner.java:35)
	at com.intellij.rt.junit.JUnitStarter.prepareStreamsAndStart(JUnitStarter.java:232)
	at com.intellij.rt.junit.JUnitStarter.main(JUnitStarter.java:55)
2025-03-06 14:33:48 [main] INFO  l.insoft.uztis.tests.utils.TestUtils - Screenshot moved to C:\Users\ingrida.zadorozniene\Desktop\Asm\UZTIS\UZTIS_tests\test-output\screenshots\20250306\143348297_testFillNewDVPApplicationFA().png
2025-03-06 14:46:32 [main] INFO  lt.insoft.uztis.tests.UztisPageTest - Navigated to https://uztisdev.asseco.lt/home
2025-03-06 14:46:32 [main] INFO  l.i.u.t.SubmittedApplicationsPageTest - Starting test:'testFillNewDVPApplicationFA'
2025-03-06 14:46:32 [main] DEBUG l.i.u.t.SubmittedApplicationsPageTest - User logged in with test credentials.
2025-03-06 14:46:33 [main] DEBUG l.i.u.t.SubmittedApplicationsPageTest - Opened 'Application Processing' menu.
2025-03-06 14:46:33 [main] DEBUG l.i.u.t.SubmittedApplicationsPageTest - Clicked on 'Application Forms' menu.
2025-03-06 14:46:34 [main] DEBUG l.i.u.t.SubmittedApplicationsPageTest - Retrieved last description code text: 'TST-DVP-22'.
2025-03-06 14:46:34 [main] DEBUG l.i.u.t.SubmittedApplicationsPageTest - Clicked on 'Invitation' menu.
2025-03-06 14:46:35 [main] DEBUG l.i.u.t.SubmittedApplicationsPageTest - Selected application section by code: 'TST-DVP-22'.
2025-03-06 14:46:35 [main] DEBUG l.i.u.t.SubmittedApplicationsPageTest - Clicked 'Search' button.
2025-03-06 14:46:35 [main] DEBUG l.i.u.t.SubmittedApplicationsPageTest - Retrieved invitation code: ''.
2025-03-06 14:46:35 [main] DEBUG l.i.u.t.SubmittedApplicationsPageTest - Clicked on 'Submitted Applications' menu.
2025-03-06 14:46:36 [main] DEBUG l.i.u.t.SubmittedApplicationsPageTest - Selected invitation by code: 'TST-DVP-22'.
2025-03-06 14:46:36 [main] DEBUG l.i.u.t.SubmittedApplicationsPageTest - Invitation code inserted.
2025-03-06 14:46:36 [main] DEBUG l.i.u.t.SubmittedApplicationsPageTest - Clicked on 'Action Application' button.
2025-03-06 14:46:37 [main] DEBUG l.i.u.t.SubmittedApplicationsPageTest - Clicked on 'New Application' button.
2025-03-06 14:46:37 [main] DEBUG l.i.u.t.SubmittedApplicationsPageTest - Selected the 'RadioButtonFA' option.
2025-03-06 14:46:37 [main] DEBUG l.i.u.t.SubmittedApplicationsPageTest - Entered phone number: '61298745'.
2025-03-06 14:46:38 [main] DEBUG l.i.u.t.SubmittedApplicationsPageTest - Entered email: 'test@autotest.com'.
2025-03-06 14:46:38 [main] DEBUG l.i.u.t.SubmittedApplicationsPageTest - Checked 'For workplace adaptation' checkbox 1.
2025-03-06 14:46:38 [main] DEBUG l.i.u.t.SubmittedApplicationsPageTest - Checked 'For environmental adaptation' checkbox 2.
2025-03-06 14:46:38 [main] INFO  l.i.u.p.SubmittedApplicationsPage - Located the dropdown button.
2025-03-06 14:46:58 [main] INFO  l.i.u.p.SubmittedApplicationsPage - Found 1741 options in the dropdown.
2025-03-06 14:46:58 [main] INFO  l.i.u.p.SubmittedApplicationsPage - Successfully selected the value: '01.11 - Grūdinių (išskyrus ryžius), ankštinių ir aliejingų sėklų augalų auginimas'
2025-03-06 14:47:08 [main] ERROR l.i.u.p.SubmittedApplicationsPage - Failed to close the dropdown with aria-expanded = 'false'. Attempting manual close.
2025-03-06 14:47:08 [main] INFO  l.i.u.p.SubmittedApplicationsPage - Manual close attempt for the dropdown using body click.
2025-03-06 14:47:08 [main] DEBUG l.i.u.t.SubmittedApplicationsPageTest - Selected EVRK value: '01.11 - Grūdinių (išskyrus ryžius), ankštinių ir aliejingų sėklų augalų auginimas'.
2025-03-06 14:47:08 [main] DEBUG l.i.u.t.SubmittedApplicationsPageTest - Clicked on 'Address Component' button.
2025-03-06 14:47:08 [main] INFO  l.i.u.p.SubmittedApplicationsPage - Located the dropdown button.
2025-03-06 14:47:11 [main] INFO  l.i.u.p.SubmittedApplicationsPage - Successfully selected the value: 'Lietuva'
2025-03-06 14:47:11 [main] DEBUG l.i.u.t.SubmittedApplicationsPageTest - Selected country: 'Lietuva'.
2025-03-06 14:47:11 [main] INFO  l.i.u.p.SubmittedApplicationsPage - Located the dropdown search field.
2025-03-06 14:47:11 [main] INFO  l.i.u.p.SubmittedApplicationsPage - Dropdown city is opened.
2025-03-06 14:47:12 [main] INFO  l.i.u.p.SubmittedApplicationsPage - Searched for value: 'Vilnius'
2025-03-06 14:47:12 [main] INFO  l.i.u.p.SubmittedApplicationsPage - Successfully selected: 'Vilnius'
2025-03-06 14:47:13 [main] INFO  l.i.u.p.SubmittedApplicationsPage - Located the dropdown button.
2025-03-06 14:47:13 [main] INFO  l.i.u.p.SubmittedApplicationsPage - Successfully selected the value: 'A. Domaševičiaus g.'
2025-03-06 14:47:13 [main] DEBUG l.i.u.t.SubmittedApplicationsPageTest - Selected street: 'A. Domaševičiaus g.'.
2025-03-06 14:47:13 [main] INFO  l.i.u.p.SubmittedApplicationsPage - Located the dropdown button.
2025-03-06 14:47:14 [main] INFO  l.i.u.p.SubmittedApplicationsPage - Successfully selected the value: '1'
2025-03-06 14:47:14 [main] DEBUG l.i.u.t.SubmittedApplicationsPageTest - Selected house: '1'.
2025-03-06 14:47:14 [main] INFO  l.i.u.p.SubmittedApplicationsPage - Located the dropdown button.
2025-03-06 14:47:15 [main] INFO  l.i.u.p.SubmittedApplicationsPage - Successfully selected the value: '1'
2025-03-06 14:47:15 [main] DEBUG l.i.u.t.SubmittedApplicationsPageTest - Selected apartment: '1'.
2025-03-06 14:47:15 [main] DEBUG l.i.u.t.SubmittedApplicationsPageTest - Clicked 'Confirm' button.
2025-03-06 14:47:15 [main] DEBUG l.i.u.t.SubmittedApplicationsPageTest - Selected 'For already working' option.
2025-03-06 14:47:15 [main] DEBUG l.i.u.t.SubmittedApplicationsPageTest - Entered person count1: '1'.
2025-03-06 14:47:15 [main] DEBUG l.i.u.t.SubmittedApplicationsPageTest - Selected 'For new working' option.
2025-03-06 14:47:15 [main] DEBUG l.i.u.t.SubmittedApplicationsPageTest - Entered person count2: '1'.
2025-03-06 14:47:16 [main] DEBUG l.i.u.t.SubmittedApplicationsPageTest - Clicked 'Next' button after checkboxes.
2025-03-06 14:47:16 [main] INFO  l.i.u.p.SubmittedApplicationsPage - Located the dropdown button.
2025-03-06 14:47:16 [main] INFO  l.i.u.p.SubmittedApplicationsPage - Successfully selected the value: 'Administratoriai'
2025-03-06 14:47:16 [main] DEBUG l.i.u.t.SubmittedApplicationsPageTest - Selected adaptable job name: 'Administratoriai'.
2025-03-06 14:47:17 [main] DEBUG l.i.u.t.SubmittedApplicationsPageTest - Entered job date.
2025-03-06 14:47:17 [main] DEBUG l.i.u.t.SubmittedApplicationsPageTest - Entered job function: 'Funkcija 1'.
2025-03-06 14:47:17 [main] DEBUG l.i.u.t.SubmittedApplicationsPageTest - Selected 'For already working' 'no' option.
2025-03-06 14:47:17 [main] INFO  l.i.u.p.SubmittedApplicationsPage - Clicking on the dropdown button.
2025-03-06 14:47:17 [main] INFO  l.i.u.p.SubmittedApplicationsPage - Found 6 options in the dropdown.
2025-03-06 14:47:17 [main] DEBUG l.i.u.p.SubmittedApplicationsPage - Checking option: 'Lengvo neįgalumo lygis ar 45-55 procentų dalyvumo lygis (iki 2023 m. gruodžio 31 d. – 45-55 procentų darbingumo lygis)'
2025-03-06 14:47:18 [main] INFO  l.i.u.p.SubmittedApplicationsPage - Successfully selected the value: 'Lengvo neįgalumo lygis ar 45-55 procentų dalyvumo lygis (iki 2023 m. gruodžio 31 d. – 45-55 procentų darbingumo lygis)'
2025-03-06 14:47:18 [main] INFO  l.i.u.p.SubmittedApplicationsPage - Attempting to close the dropdown.
2025-03-06 14:47:18 [main] DEBUG l.i.u.t.SubmittedApplicationsPageTest - Selected disabilities type: 'Lengvo neįgalumo lygis ar 45-55 procentų dalyvumo lygis (iki 2023 m. gruodžio 31 d. – 45-55 procentų darbingumo lygis)'.
2025-03-06 14:47:19 [main] DEBUG l.i.u.t.SubmittedApplicationsPageTest - Entered disability information: 'Negalia 1'.
2025-03-06 14:47:19 [main] DEBUG l.i.u.t.SubmittedApplicationsPageTest - Entered qualification: 'Kvalifikacija 1'.
2025-03-06 14:47:19 [main] DEBUG l.i.u.t.SubmittedApplicationsPageTest - Entered job description: 'Darbo vietos aprašymas 1'.
2025-03-06 14:47:19 [main] DEBUG l.i.u.t.SubmittedApplicationsPageTest - Entered equipment description: 'Priemonių įsigyjimas 1'.
2025-03-06 14:47:20 [main] DEBUG l.i.u.t.SubmittedApplicationsPageTest - Entered work information: 'Darbai 1'.
2025-03-06 14:47:20 [main] INFO  l.i.u.p.SubmittedApplicationsPage - Located the dropdown button.
2025-03-06 14:47:20 [main] INFO  l.i.u.p.SubmittedApplicationsPage - Successfully selected the value: 'Kita'
2025-03-06 14:47:20 [main] DEBUG l.i.u.t.SubmittedApplicationsPageTest - Selected time mode: 'Kita'.
2025-03-06 14:47:20 [main] DEBUG l.i.u.t.SubmittedApplicationsPageTest - Selected time mode other: '6 val. per dieną ir 4 d. per savaitę'.
2025-03-06 14:47:21 [main] DEBUG l.i.u.t.SubmittedApplicationsPageTest - Entered salary amount: '1200'.
2025-03-06 14:47:21 [main] DEBUG l.i.u.t.SubmittedApplicationsPageTest - Selected 'Temporary Job' radio button.
2025-03-06 14:47:21 [main] DEBUG l.i.u.t.SubmittedApplicationsPageTest - Selected 'Season Job' radio button.
2025-03-06 14:47:21 [main] DEBUG l.i.u.t.SubmittedApplicationsPageTest - Selected 'PVM' radio button.
2025-03-06 14:47:21 [main] INFO  l.i.u.p.SubmittedApplicationsPage - Located the dropdown button.
2025-03-06 14:47:22 [main] INFO  l.i.u.p.SubmittedApplicationsPage - Successfully selected the value: 'Darbo vietos pritaikymui'
2025-03-06 14:47:52 [main] ERROR l.i.u.p.SubmittedApplicationsPage - Timeout while waiting for dropdown to close with aria-expanded = 'false'.
2025-03-06 14:47:52 [main] DEBUG l.i.u.t.SubmittedApplicationsPageTest - Selected adaptable job name: 'Darbo vietos pritaikymui'.
2025-03-06 14:47:52 [main] DEBUG l.i.u.p.SubmittedApplicationsPage - Located and clicked the dropdown button 'Reikalinga'.
2025-03-06 14:47:52 [main] INFO  l.i.u.p.SubmittedApplicationsPage - Successfully selected the value: 'Įsigyti'
2025-03-06 14:48:03 [main] DEBUG l.i.u.t.SubmittedApplicationsPageTest - Selected necessary for job: 'Įsigyti'.
2025-03-06 14:48:03 [main] DEBUG l.i.u.t.SubmittedApplicationsPageTest - Selected tool: 'Darbo priemonė 1'.
2025-03-06 14:48:03 [main] DEBUG l.i.u.t.SubmittedApplicationsPageTest - Selected tool parameter one: 'Darbo priemonės 1 parametras 1'.
2025-03-06 14:48:03 [main] DEBUG l.i.u.t.SubmittedApplicationsPageTest - Selected tool parameter two: 'Darbo priemonės 1 parametras 2'.
2025-03-06 14:48:04 [main] DEBUG l.i.u.t.SubmittedApplicationsPageTest - Selected tool parameter three: 'Darbo priemonės 1 parametras 3'.
2025-03-06 14:48:04 [main] DEBUG l.i.u.t.SubmittedApplicationsPageTest - Entered tool count: '1'.
2025-03-06 14:48:04 [main] DEBUG l.i.u.t.SubmittedApplicationsPageTest - Entered price amount: '1000'.
2025-03-06 14:48:04 [main] DEBUG l.i.u.t.SubmittedApplicationsPageTest - Entered own funds amount: '800'.
2025-03-06 14:48:04 [main] DEBUG l.i.u.t.SubmittedApplicationsPageTest - Clicked 'Add' button.
2025-03-06 14:48:04 [main] INFO  l.i.u.p.SubmittedApplicationsPage - Located the dropdown button.
2025-03-06 14:48:05 [main] INFO  l.i.u.p.SubmittedApplicationsPage - Successfully selected the value: 'Aplinkos pritaikymui'
2025-03-06 14:48:35 [main] ERROR l.i.u.p.SubmittedApplicationsPage - Timeout while waiting for dropdown to close with aria-expanded = 'false'.
2025-03-06 14:48:35 [main] DEBUG l.i.u.t.SubmittedApplicationsPageTest - Selected adaptable job name: 'Aplinkos pritaikymui'.
2025-03-06 14:48:35 [main] DEBUG l.i.u.p.SubmittedApplicationsPage - Located and clicked the dropdown button 'Reikalinga'.
2025-03-06 14:48:35 [main] INFO  l.i.u.p.SubmittedApplicationsPage - Successfully selected the value: 'Remontuoti'
2025-03-06 14:48:46 [main] DEBUG l.i.u.t.SubmittedApplicationsPageTest - Selected necessary for job: 'Remontuoti'.
2025-03-06 14:48:46 [main] DEBUG l.i.u.t.SubmittedApplicationsPageTest - Selected tool: 'Darbo priemonė 2 remontui'.
2025-03-06 14:48:46 [main] DEBUG l.i.u.t.SubmittedApplicationsPageTest - Entered tool count: '2'.
2025-03-06 14:48:46 [main] DEBUG l.i.u.t.SubmittedApplicationsPageTest - Entered price amount: '1000'.
2025-03-06 14:48:47 [main] DEBUG l.i.u.t.SubmittedApplicationsPageTest - Entered own funds amount: '900'.
2025-03-06 14:48:47 [main] DEBUG l.i.u.t.SubmittedApplicationsPageTest - Selected 'De Minimis' radio button.
2025-03-06 14:48:47 [main] DEBUG l.i.u.t.SubmittedApplicationsPageTest - Entered program name: 'Programa 1'.
2025-03-06 14:48:47 [main] DEBUG l.i.u.t.SubmittedApplicationsPageTest - Entered project date from.
2025-03-06 14:48:47 [main] DEBUG l.i.u.t.SubmittedApplicationsPageTest - Entered project date until.
2025-03-06 14:48:48 [main] DEBUG l.i.u.t.SubmittedApplicationsPageTest - Entered support amount: '2000'.
2025-03-06 14:48:48 [main] DEBUG l.i.u.t.SubmittedApplicationsPageTest - Clicked 'Next' button.
2025-03-06 14:48:58 [main] ERROR l.i.u.t.SubmittedApplicationsPageTest - Test 'testFillNewDVPApplicationFA' failed with error: no such element: Unable to locate element: {"method":"xpath","selector":"(//div[contains(@class, 'mdc-checkbox')]//input[@type='checkbox'])[3]"}
  (Session info: chrome=133.0.6943.142)
For documentation on this error, please visit: https://www.selenium.dev/documentation/webdriver/troubleshooting/errors#no-such-element-exception
Build info: version: '4.27.0', revision: 'd6e718d134'
System info: os.name: 'Windows 11', os.arch: 'amd64', os.version: '10.0', java.version: '21.0.3'
Driver info: org.openqa.selenium.chrome.ChromeDriver
Command: [f07b832d1bf5a16755a5937ba7c6e93f, findElement {value=(//div[contains(@class, 'mdc-checkbox')]//input[@type='checkbox'])[3], using=xpath}]
Capabilities {acceptInsecureCerts: false, browserName: chrome, browserVersion: 133.0.6943.142, chrome: {chromedriverVersion: 133.0.6943.141 (2a5d6da0d61..., userDataDir: C:\Users\INGRID~1.ZAD\AppDa...}, fedcm:accounts: true, goog:chromeOptions: {debuggerAddress: localhost:61013}, networkConnectionEnabled: false, pageLoadStrategy: normal, platformName: windows, proxy: Proxy(), se:cdp: ws://localhost:61013/devtoo..., se:cdpVersion: 133.0.6943.142, setWindowRect: true, strictFileInteractability: false, timeouts: {implicit: 0, pageLoad: 300000, script: 30000}, unhandledPromptBehavior: dismiss and notify, webauthn:extension:credBlob: true, webauthn:extension:largeBlob: true, webauthn:extension:minPinLength: true, webauthn:extension:prf: true, webauthn:virtualAuthenticators: true}
Session ID: f07b832d1bf5a16755a5937ba7c6e93f
org.openqa.selenium.NoSuchElementException: no such element: Unable to locate element: {"method":"xpath","selector":"(//div[contains(@class, 'mdc-checkbox')]//input[@type='checkbox'])[3]"}
  (Session info: chrome=133.0.6943.142)
For documentation on this error, please visit: https://www.selenium.dev/documentation/webdriver/troubleshooting/errors#no-such-element-exception
Build info: version: '4.27.0', revision: 'd6e718d134'
System info: os.name: 'Windows 11', os.arch: 'amd64', os.version: '10.0', java.version: '21.0.3'
Driver info: org.openqa.selenium.chrome.ChromeDriver
Command: [f07b832d1bf5a16755a5937ba7c6e93f, findElement {value=(//div[contains(@class, 'mdc-checkbox')]//input[@type='checkbox'])[3], using=xpath}]
Capabilities {acceptInsecureCerts: false, browserName: chrome, browserVersion: 133.0.6943.142, chrome: {chromedriverVersion: 133.0.6943.141 (2a5d6da0d61..., userDataDir: C:\Users\INGRID~1.ZAD\AppDa...}, fedcm:accounts: true, goog:chromeOptions: {debuggerAddress: localhost:61013}, networkConnectionEnabled: false, pageLoadStrategy: normal, platformName: windows, proxy: Proxy(), se:cdp: ws://localhost:61013/devtoo..., se:cdpVersion: 133.0.6943.142, setWindowRect: true, strictFileInteractability: false, timeouts: {implicit: 0, pageLoad: 300000, script: 30000}, unhandledPromptBehavior: dismiss and notify, webauthn:extension:credBlob: true, webauthn:extension:largeBlob: true, webauthn:extension:minPinLength: true, webauthn:extension:prf: true, webauthn:virtualAuthenticators: true}
Session ID: f07b832d1bf5a16755a5937ba7c6e93f
	at java.base/jdk.internal.reflect.DirectConstructorHandleAccessor.newInstance(DirectConstructorHandleAccessor.java:62)
	at java.base/java.lang.reflect.Constructor.newInstanceWithCaller(Constructor.java:502)
	at java.base/java.lang.reflect.Constructor.newInstance(Constructor.java:486)
	at org.openqa.selenium.remote.ErrorCodec.decode(ErrorCodec.java:167)
	at org.openqa.selenium.remote.codec.w3c.W3CHttpResponseCodec.decode(W3CHttpResponseCodec.java:138)
	at org.openqa.selenium.remote.codec.w3c.W3CHttpResponseCodec.decode(W3CHttpResponseCodec.java:50)
	at org.openqa.selenium.remote.HttpCommandExecutor.execute(HttpCommandExecutor.java:190)
	at org.openqa.selenium.remote.service.DriverCommandExecutor.invokeExecute(DriverCommandExecutor.java:216)
	at org.openqa.selenium.remote.service.DriverCommandExecutor.execute(DriverCommandExecutor.java:174)
	at org.openqa.selenium.remote.RemoteWebDriver.execute(RemoteWebDriver.java:545)
	at org.openqa.selenium.remote.ElementLocation$ElementFinder$2.findElement(ElementLocation.java:165)
	at org.openqa.selenium.remote.ElementLocation.findElement(ElementLocation.java:59)
	at org.openqa.selenium.remote.RemoteWebDriver.findElement(RemoteWebDriver.java:368)
	at org.openqa.selenium.remote.RemoteWebDriver.findElement(RemoteWebDriver.java:362)
	at org.openqa.selenium.support.pagefactory.DefaultElementLocator.findElement(DefaultElementLocator.java:68)
	at org.openqa.selenium.support.pagefactory.internal.LocatingElementHandler.invoke(LocatingElementHandler.java:38)
	at jdk.proxy2/jdk.proxy2.$Proxy14.isSelected(Unknown Source)
	at lt.insoft.uztis.pages.InvitationsPage.setCheckbox(InvitationsPage.java:480)
	at lt.insoft.uztis.tests.SubmittedApplicationsPageTest.testFillNewDVPApplicationFA(SubmittedApplicationsPageTest.java:799)
	at java.base/jdk.internal.reflect.DirectMethodHandleAccessor.invoke(DirectMethodHandleAccessor.java:103)
	at java.base/java.lang.reflect.Method.invoke(Method.java:580)
	at org.junit.platform.commons.util.ReflectionUtils.invokeMethod(ReflectionUtils.java:728)
	at org.junit.jupiter.engine.execution.MethodInvocation.proceed(MethodInvocation.java:60)
	at org.junit.jupiter.engine.execution.InvocationInterceptorChain$ValidatingInvocation.proceed(InvocationInterceptorChain.java:131)
	at org.junit.jupiter.engine.extension.TimeoutExtension.intercept(TimeoutExtension.java:156)
	at org.junit.jupiter.engine.extension.TimeoutExtension.interceptTestableMethod(TimeoutExtension.java:147)
	at org.junit.jupiter.engine.extension.TimeoutExtension.interceptTestMethod(TimeoutExtension.java:86)
	at org.junit.jupiter.engine.execution.InterceptingExecutableInvoker$ReflectiveInterceptorCall.lambda$ofVoidMethod$0(InterceptingExecutableInvoker.java:103)
	at org.junit.jupiter.engine.execution.InterceptingExecutableInvoker.lambda$invoke$0(InterceptingExecutableInvoker.java:93)
	at org.junit.jupiter.engine.execution.InvocationInterceptorChain$InterceptedInvocation.proceed(InvocationInterceptorChain.java:106)
	at org.junit.jupiter.engine.execution.InvocationInterceptorChain.proceed(InvocationInterceptorChain.java:64)
	at org.junit.jupiter.engine.execution.InvocationInterceptorChain.chainAndInvoke(InvocationInterceptorChain.java:45)
	at org.junit.jupiter.engine.execution.InvocationInterceptorChain.invoke(InvocationInterceptorChain.java:37)
	at org.junit.jupiter.engine.execution.InterceptingExecutableInvoker.invoke(InterceptingExecutableInvoker.java:92)
	at org.junit.jupiter.engine.execution.InterceptingExecutableInvoker.invoke(InterceptingExecutableInvoker.java:86)
	at org.junit.jupiter.engine.descriptor.TestMethodTestDescriptor.lambda$invokeTestMethod$7(TestMethodTestDescriptor.java:218)
	at org.junit.platform.engine.support.hierarchical.ThrowableCollector.execute(ThrowableCollector.java:73)
	at org.junit.jupiter.engine.descriptor.TestMethodTestDescriptor.invokeTestMethod(TestMethodTestDescriptor.java:214)
	at org.junit.jupiter.engine.descriptor.TestMethodTestDescriptor.execute(TestMethodTestDescriptor.java:139)
	at org.junit.jupiter.engine.descriptor.TestMethodTestDescriptor.execute(TestMethodTestDescriptor.java:69)
	at org.junit.platform.engine.support.hierarchical.NodeTestTask.lambda$executeRecursively$6(NodeTestTask.java:151)
	at org.junit.platform.engine.support.hierarchical.ThrowableCollector.execute(ThrowableCollector.java:73)
	at org.junit.platform.engine.support.hierarchical.NodeTestTask.lambda$executeRecursively$8(NodeTestTask.java:141)
	at org.junit.platform.engine.support.hierarchical.Node.around(Node.java:137)
	at org.junit.platform.engine.support.hierarchical.NodeTestTask.lambda$executeRecursively$9(NodeTestTask.java:139)
	at org.junit.platform.engine.support.hierarchical.ThrowableCollector.execute(ThrowableCollector.java:73)
	at org.junit.platform.engine.support.hierarchical.NodeTestTask.executeRecursively(NodeTestTask.java:138)
	at org.junit.platform.engine.support.hierarchical.NodeTestTask.execute(NodeTestTask.java:95)
	at java.base/java.util.ArrayList.forEach(ArrayList.java:1596)
	at org.junit.platform.engine.support.hierarchical.SameThreadHierarchicalTestExecutorService.invokeAll(SameThreadHierarchicalTestExecutorService.java:41)
	at org.junit.platform.engine.support.hierarchical.NodeTestTask.lambda$executeRecursively$6(NodeTestTask.java:155)
	at org.junit.platform.engine.support.hierarchical.ThrowableCollector.execute(ThrowableCollector.java:73)
	at org.junit.platform.engine.support.hierarchical.NodeTestTask.lambda$executeRecursively$8(NodeTestTask.java:141)
	at org.junit.platform.engine.support.hierarchical.Node.around(Node.java:137)
	at org.junit.platform.engine.support.hierarchical.NodeTestTask.lambda$executeRecursively$9(NodeTestTask.java:139)
	at org.junit.platform.engine.support.hierarchical.ThrowableCollector.execute(ThrowableCollector.java:73)
	at org.junit.platform.engine.support.hierarchical.NodeTestTask.executeRecursively(NodeTestTask.java:138)
	at org.junit.platform.engine.support.hierarchical.NodeTestTask.execute(NodeTestTask.java:95)
	at java.base/java.util.ArrayList.forEach(ArrayList.java:1596)
	at org.junit.platform.engine.support.hierarchical.SameThreadHierarchicalTestExecutorService.invokeAll(SameThreadHierarchicalTestExecutorService.java:41)
	at org.junit.platform.engine.support.hierarchical.NodeTestTask.lambda$executeRecursively$6(NodeTestTask.java:155)
	at org.junit.platform.engine.support.hierarchical.ThrowableCollector.execute(ThrowableCollector.java:73)
	at org.junit.platform.engine.support.hierarchical.NodeTestTask.lambda$executeRecursively$8(NodeTestTask.java:141)
	at org.junit.platform.engine.support.hierarchical.Node.around(Node.java:137)
	at org.junit.platform.engine.support.hierarchical.NodeTestTask.lambda$executeRecursively$9(NodeTestTask.java:139)
	at org.junit.platform.engine.support.hierarchical.ThrowableCollector.execute(ThrowableCollector.java:73)
	at org.junit.platform.engine.support.hierarchical.NodeTestTask.executeRecursively(NodeTestTask.java:138)
	at org.junit.platform.engine.support.hierarchical.NodeTestTask.execute(NodeTestTask.java:95)
	at org.junit.platform.engine.support.hierarchical.SameThreadHierarchicalTestExecutorService.submit(SameThreadHierarchicalTestExecutorService.java:35)
	at org.junit.platform.engine.support.hierarchical.HierarchicalTestExecutor.execute(HierarchicalTestExecutor.java:57)
	at org.junit.platform.engine.support.hierarchical.HierarchicalTestEngine.execute(HierarchicalTestEngine.java:54)
	at org.junit.platform.launcher.core.EngineExecutionOrchestrator.execute(EngineExecutionOrchestrator.java:198)
	at org.junit.platform.launcher.core.EngineExecutionOrchestrator.execute(EngineExecutionOrchestrator.java:169)
	at org.junit.platform.launcher.core.EngineExecutionOrchestrator.execute(EngineExecutionOrchestrator.java:93)
	at org.junit.platform.launcher.core.EngineExecutionOrchestrator.lambda$execute$0(EngineExecutionOrchestrator.java:58)
	at org.junit.platform.launcher.core.EngineExecutionOrchestrator.withInterceptedStreams(EngineExecutionOrchestrator.java:141)
	at org.junit.platform.launcher.core.EngineExecutionOrchestrator.execute(EngineExecutionOrchestrator.java:57)
	at org.junit.platform.launcher.core.DefaultLauncher.execute(DefaultLauncher.java:103)
	at org.junit.platform.launcher.core.DefaultLauncher.execute(DefaultLauncher.java:85)
	at org.junit.platform.launcher.core.DelegatingLauncher.execute(DelegatingLauncher.java:47)
	at org.junit.platform.launcher.core.SessionPerRequestLauncher.execute(SessionPerRequestLauncher.java:63)
	at com.intellij.junit5.JUnit5IdeaTestRunner.startRunnerWithArgs(JUnit5IdeaTestRunner.java:57)
	at com.intellij.rt.junit.IdeaTestRunner$Repeater$1.execute(IdeaTestRunner.java:38)
	at com.intellij.rt.execution.junit.TestsRepeater.repeat(TestsRepeater.java:11)
	at com.intellij.rt.junit.IdeaTestRunner$Repeater.startRunnerWithArgs(IdeaTestRunner.java:35)
	at com.intellij.rt.junit.JUnitStarter.prepareStreamsAndStart(JUnitStarter.java:232)
	at com.intellij.rt.junit.JUnitStarter.main(JUnitStarter.java:55)
2025-03-06 14:48:58 [main] INFO  l.insoft.uztis.tests.utils.TestUtils - Screenshot moved to C:\Users\ingrida.zadorozniene\Desktop\Asm\UZTIS\UZTIS_tests\test-output\screenshots\20250306\144858355_testFillNewDVPApplicationFA().png
2025-03-06 14:51:28 [main] INFO  lt.insoft.uztis.tests.UztisPageTest - Navigated to https://uztisdev.asseco.lt/home
2025-03-06 14:51:28 [main] INFO  l.i.u.t.SubmittedApplicationsPageTest - Starting test:'testFillNewDVPApplicationFA'
2025-03-06 14:51:28 [main] DEBUG l.i.u.t.SubmittedApplicationsPageTest - User logged in with test credentials.
2025-03-06 14:51:29 [main] DEBUG l.i.u.t.SubmittedApplicationsPageTest - Opened 'Application Processing' menu.
2025-03-06 14:51:29 [main] DEBUG l.i.u.t.SubmittedApplicationsPageTest - Clicked on 'Application Forms' menu.
2025-03-06 14:51:29 [main] DEBUG l.i.u.t.SubmittedApplicationsPageTest - Retrieved last description code text: 'TST-DVP-22'.
2025-03-06 14:51:30 [main] DEBUG l.i.u.t.SubmittedApplicationsPageTest - Clicked on 'Invitation' menu.
2025-03-06 14:51:31 [main] DEBUG l.i.u.t.SubmittedApplicationsPageTest - Selected application section by code: 'TST-DVP-22'.
2025-03-06 14:51:31 [main] DEBUG l.i.u.t.SubmittedApplicationsPageTest - Clicked 'Search' button.
2025-03-06 14:51:31 [main] DEBUG l.i.u.t.SubmittedApplicationsPageTest - Retrieved invitation code: ''.
2025-03-06 14:51:31 [main] DEBUG l.i.u.t.SubmittedApplicationsPageTest - Clicked on 'Submitted Applications' menu.
2025-03-06 14:51:32 [main] DEBUG l.i.u.t.SubmittedApplicationsPageTest - Selected invitation by code: 'TST-DVP-22'.
2025-03-06 14:51:32 [main] DEBUG l.i.u.t.SubmittedApplicationsPageTest - Invitation code inserted.
2025-03-06 14:51:33 [main] DEBUG l.i.u.t.SubmittedApplicationsPageTest - Clicked on 'Action Application' button.
2025-03-06 14:51:33 [main] DEBUG l.i.u.t.SubmittedApplicationsPageTest - Clicked on 'New Application' button.
2025-03-06 14:51:33 [main] DEBUG l.i.u.t.SubmittedApplicationsPageTest - Selected the 'RadioButtonFA' option.
2025-03-06 14:51:34 [main] DEBUG l.i.u.t.SubmittedApplicationsPageTest - Entered phone number: '61298745'.
2025-03-06 14:51:34 [main] DEBUG l.i.u.t.SubmittedApplicationsPageTest - Entered email: 'test@autotest.com'.
2025-03-06 14:51:34 [main] DEBUG l.i.u.t.SubmittedApplicationsPageTest - Checked 'For workplace adaptation' checkbox 1.
2025-03-06 14:51:34 [main] DEBUG l.i.u.t.SubmittedApplicationsPageTest - Checked 'For environmental adaptation' checkbox 2.
2025-03-06 14:51:34 [main] INFO  l.i.u.p.SubmittedApplicationsPage - Located the dropdown button.
2025-03-06 14:51:57 [main] INFO  l.i.u.p.SubmittedApplicationsPage - Found 1741 options in the dropdown.
2025-03-06 14:51:57 [main] INFO  l.i.u.p.SubmittedApplicationsPage - Successfully selected the value: '01.11 - Grūdinių (išskyrus ryžius), ankštinių ir aliejingų sėklų augalų auginimas'
2025-03-06 14:52:08 [main] ERROR l.i.u.p.SubmittedApplicationsPage - Failed to close the dropdown with aria-expanded = 'false'. Attempting manual close.
2025-03-06 14:52:08 [main] INFO  l.i.u.p.SubmittedApplicationsPage - Manual close attempt for the dropdown using body click.
2025-03-06 14:52:08 [main] DEBUG l.i.u.t.SubmittedApplicationsPageTest - Selected EVRK value: '01.11 - Grūdinių (išskyrus ryžius), ankštinių ir aliejingų sėklų augalų auginimas'.
2025-03-06 14:52:08 [main] DEBUG l.i.u.t.SubmittedApplicationsPageTest - Clicked on 'Address Component' button.
2025-03-06 14:52:08 [main] INFO  l.i.u.p.SubmittedApplicationsPage - Located the dropdown button.
2025-03-06 14:52:11 [main] INFO  l.i.u.p.SubmittedApplicationsPage - Successfully selected the value: 'Lietuva'
2025-03-06 14:52:11 [main] DEBUG l.i.u.t.SubmittedApplicationsPageTest - Selected country: 'Lietuva'.
2025-03-06 14:52:12 [main] INFO  l.i.u.p.SubmittedApplicationsPage - Located the dropdown search field.
2025-03-06 14:52:12 [main] INFO  l.i.u.p.SubmittedApplicationsPage - Dropdown city is opened.
2025-03-06 14:52:12 [main] INFO  l.i.u.p.SubmittedApplicationsPage - Searched for value: 'Vilnius'
2025-03-06 14:52:13 [main] INFO  l.i.u.p.SubmittedApplicationsPage - Successfully selected: 'Vilnius'
2025-03-06 14:52:13 [main] INFO  l.i.u.p.SubmittedApplicationsPage - Located the dropdown button.
2025-03-06 14:52:13 [main] INFO  l.i.u.p.SubmittedApplicationsPage - Successfully selected the value: 'A. Domaševičiaus g.'
2025-03-06 14:52:13 [main] DEBUG l.i.u.t.SubmittedApplicationsPageTest - Selected street: 'A. Domaševičiaus g.'.
2025-03-06 14:52:13 [main] INFO  l.i.u.p.SubmittedApplicationsPage - Located the dropdown button.
2025-03-06 14:52:14 [main] INFO  l.i.u.p.SubmittedApplicationsPage - Successfully selected the value: '1'
2025-03-06 14:52:14 [main] DEBUG l.i.u.t.SubmittedApplicationsPageTest - Selected house: '1'.
2025-03-06 14:52:14 [main] INFO  l.i.u.p.SubmittedApplicationsPage - Located the dropdown button.
2025-03-06 14:52:14 [main] INFO  l.i.u.p.SubmittedApplicationsPage - Successfully selected the value: '1'
2025-03-06 14:52:14 [main] DEBUG l.i.u.t.SubmittedApplicationsPageTest - Selected apartment: '1'.
2025-03-06 14:52:14 [main] DEBUG l.i.u.t.SubmittedApplicationsPageTest - Clicked 'Confirm' button.
2025-03-06 14:52:14 [main] DEBUG l.i.u.t.SubmittedApplicationsPageTest - Selected 'For already working' option.
2025-03-06 14:52:14 [main] DEBUG l.i.u.t.SubmittedApplicationsPageTest - Selected 'For new working' option.
2025-03-06 14:52:14 [main] ERROR l.i.u.t.SubmittedApplicationsPageTest - Test 'testFillNewDVPApplicationFA' failed with error: invalid element state: Element is not currently interactable and may not be manipulated
  (Session info: chrome=133.0.6943.142)
Build info: version: '4.27.0', revision: 'd6e718d134'
System info: os.name: 'Windows 11', os.arch: 'amd64', os.version: '10.0', java.version: '21.0.3'
Driver info: org.openqa.selenium.chrome.ChromeDriver
Command: [579b9ab27ef3e23b44be40749c088919, clearElement {id=f.D7BBA9063224C30DEB90FE4405789833.d.73DBA04A2374369EF7A139B8D0EE93F9.e.223}]
Capabilities {acceptInsecureCerts: false, browserName: chrome, browserVersion: 133.0.6943.142, chrome: {chromedriverVersion: 133.0.6943.141 (2a5d6da0d61..., userDataDir: C:\Users\INGRID~1.ZAD\AppDa...}, fedcm:accounts: true, goog:chromeOptions: {debuggerAddress: localhost:61204}, networkConnectionEnabled: false, pageLoadStrategy: normal, platformName: windows, proxy: Proxy(), se:cdp: ws://localhost:61204/devtoo..., se:cdpVersion: 133.0.6943.142, setWindowRect: true, strictFileInteractability: false, timeouts: {implicit: 0, pageLoad: 300000, script: 30000}, unhandledPromptBehavior: dismiss and notify, webauthn:extension:credBlob: true, webauthn:extension:largeBlob: true, webauthn:extension:minPinLength: true, webauthn:extension:prf: true, webauthn:virtualAuthenticators: true}
Element: [[ChromeDriver: chrome on windows (579b9ab27ef3e23b44be40749c088919)] -> xpath: (//mat-form-field[contains(.//label, 'Asmenų skaičius')]//input)[2]]
Session ID: 579b9ab27ef3e23b44be40749c088919
org.openqa.selenium.InvalidElementStateException: invalid element state: Element is not currently interactable and may not be manipulated
  (Session info: chrome=133.0.6943.142)
Build info: version: '4.27.0', revision: 'd6e718d134'
System info: os.name: 'Windows 11', os.arch: 'amd64', os.version: '10.0', java.version: '21.0.3'
Driver info: org.openqa.selenium.chrome.ChromeDriver
Command: [579b9ab27ef3e23b44be40749c088919, clearElement {id=f.D7BBA9063224C30DEB90FE4405789833.d.73DBA04A2374369EF7A139B8D0EE93F9.e.223}]
Capabilities {acceptInsecureCerts: false, browserName: chrome, browserVersion: 133.0.6943.142, chrome: {chromedriverVersion: 133.0.6943.141 (2a5d6da0d61..., userDataDir: C:\Users\INGRID~1.ZAD\AppDa...}, fedcm:accounts: true, goog:chromeOptions: {debuggerAddress: localhost:61204}, networkConnectionEnabled: false, pageLoadStrategy: normal, platformName: windows, proxy: Proxy(), se:cdp: ws://localhost:61204/devtoo..., se:cdpVersion: 133.0.6943.142, setWindowRect: true, strictFileInteractability: false, timeouts: {implicit: 0, pageLoad: 300000, script: 30000}, unhandledPromptBehavior: dismiss and notify, webauthn:extension:credBlob: true, webauthn:extension:largeBlob: true, webauthn:extension:minPinLength: true, webauthn:extension:prf: true, webauthn:virtualAuthenticators: true}
Element: [[ChromeDriver: chrome on windows (579b9ab27ef3e23b44be40749c088919)] -> xpath: (//mat-form-field[contains(.//label, 'Asmenų skaičius')]//input)[2]]
Session ID: 579b9ab27ef3e23b44be40749c088919
	at java.base/jdk.internal.reflect.DirectConstructorHandleAccessor.newInstance(DirectConstructorHandleAccessor.java:62)
	at java.base/java.lang.reflect.Constructor.newInstanceWithCaller(Constructor.java:502)
	at java.base/java.lang.reflect.Constructor.newInstance(Constructor.java:486)
	at org.openqa.selenium.remote.ErrorCodec.decode(ErrorCodec.java:167)
	at org.openqa.selenium.remote.codec.w3c.W3CHttpResponseCodec.decode(W3CHttpResponseCodec.java:138)
	at org.openqa.selenium.remote.codec.w3c.W3CHttpResponseCodec.decode(W3CHttpResponseCodec.java:50)
	at org.openqa.selenium.remote.HttpCommandExecutor.execute(HttpCommandExecutor.java:190)
	at org.openqa.selenium.remote.service.DriverCommandExecutor.invokeExecute(DriverCommandExecutor.java:216)
	at org.openqa.selenium.remote.service.DriverCommandExecutor.execute(DriverCommandExecutor.java:174)
	at org.openqa.selenium.remote.RemoteWebDriver.execute(RemoteWebDriver.java:545)
	at org.openqa.selenium.remote.RemoteWebElement.execute(RemoteWebElement.java:223)
	at org.openqa.selenium.remote.RemoteWebElement.clear(RemoteWebElement.java:129)
	at java.base/jdk.internal.reflect.DirectMethodHandleAccessor.invoke(DirectMethodHandleAccessor.java:103)
	at java.base/java.lang.reflect.Method.invoke(Method.java:580)
	at org.openqa.selenium.support.pagefactory.internal.LocatingElementHandler.invoke(LocatingElementHandler.java:51)
	at jdk.proxy2/jdk.proxy2.$Proxy14.clear(Unknown Source)
	at lt.insoft.uztis.pages.SubmittedApplicationsPage.enterPersonCountTwo_DVP(SubmittedApplicationsPage.java:1831)
	at lt.insoft.uztis.tests.SubmittedApplicationsPageTest.testFillNewDVPApplicationFA(SubmittedApplicationsPageTest.java:638)
	at java.base/jdk.internal.reflect.DirectMethodHandleAccessor.invoke(DirectMethodHandleAccessor.java:103)
	at java.base/java.lang.reflect.Method.invoke(Method.java:580)
	at org.junit.platform.commons.util.ReflectionUtils.invokeMethod(ReflectionUtils.java:728)
	at org.junit.jupiter.engine.execution.MethodInvocation.proceed(MethodInvocation.java:60)
	at org.junit.jupiter.engine.execution.InvocationInterceptorChain$ValidatingInvocation.proceed(InvocationInterceptorChain.java:131)
	at org.junit.jupiter.engine.extension.TimeoutExtension.intercept(TimeoutExtension.java:156)
	at org.junit.jupiter.engine.extension.TimeoutExtension.interceptTestableMethod(TimeoutExtension.java:147)
	at org.junit.jupiter.engine.extension.TimeoutExtension.interceptTestMethod(TimeoutExtension.java:86)
	at org.junit.jupiter.engine.execution.InterceptingExecutableInvoker$ReflectiveInterceptorCall.lambda$ofVoidMethod$0(InterceptingExecutableInvoker.java:103)
	at org.junit.jupiter.engine.execution.InterceptingExecutableInvoker.lambda$invoke$0(InterceptingExecutableInvoker.java:93)
	at org.junit.jupiter.engine.execution.InvocationInterceptorChain$InterceptedInvocation.proceed(InvocationInterceptorChain.java:106)
	at org.junit.jupiter.engine.execution.InvocationInterceptorChain.proceed(InvocationInterceptorChain.java:64)
	at org.junit.jupiter.engine.execution.InvocationInterceptorChain.chainAndInvoke(InvocationInterceptorChain.java:45)
	at org.junit.jupiter.engine.execution.InvocationInterceptorChain.invoke(InvocationInterceptorChain.java:37)
	at org.junit.jupiter.engine.execution.InterceptingExecutableInvoker.invoke(InterceptingExecutableInvoker.java:92)
	at org.junit.jupiter.engine.execution.InterceptingExecutableInvoker.invoke(InterceptingExecutableInvoker.java:86)
	at org.junit.jupiter.engine.descriptor.TestMethodTestDescriptor.lambda$invokeTestMethod$7(TestMethodTestDescriptor.java:218)
	at org.junit.platform.engine.support.hierarchical.ThrowableCollector.execute(ThrowableCollector.java:73)
	at org.junit.jupiter.engine.descriptor.TestMethodTestDescriptor.invokeTestMethod(TestMethodTestDescriptor.java:214)
	at org.junit.jupiter.engine.descriptor.TestMethodTestDescriptor.execute(TestMethodTestDescriptor.java:139)
	at org.junit.jupiter.engine.descriptor.TestMethodTestDescriptor.execute(TestMethodTestDescriptor.java:69)
	at org.junit.platform.engine.support.hierarchical.NodeTestTask.lambda$executeRecursively$6(NodeTestTask.java:151)
	at org.junit.platform.engine.support.hierarchical.ThrowableCollector.execute(ThrowableCollector.java:73)
	at org.junit.platform.engine.support.hierarchical.NodeTestTask.lambda$executeRecursively$8(NodeTestTask.java:141)
	at org.junit.platform.engine.support.hierarchical.Node.around(Node.java:137)
	at org.junit.platform.engine.support.hierarchical.NodeTestTask.lambda$executeRecursively$9(NodeTestTask.java:139)
	at org.junit.platform.engine.support.hierarchical.ThrowableCollector.execute(ThrowableCollector.java:73)
	at org.junit.platform.engine.support.hierarchical.NodeTestTask.executeRecursively(NodeTestTask.java:138)
	at org.junit.platform.engine.support.hierarchical.NodeTestTask.execute(NodeTestTask.java:95)
	at java.base/java.util.ArrayList.forEach(ArrayList.java:1596)
	at org.junit.platform.engine.support.hierarchical.SameThreadHierarchicalTestExecutorService.invokeAll(SameThreadHierarchicalTestExecutorService.java:41)
	at org.junit.platform.engine.support.hierarchical.NodeTestTask.lambda$executeRecursively$6(NodeTestTask.java:155)
	at org.junit.platform.engine.support.hierarchical.ThrowableCollector.execute(ThrowableCollector.java:73)
	at org.junit.platform.engine.support.hierarchical.NodeTestTask.lambda$executeRecursively$8(NodeTestTask.java:141)
	at org.junit.platform.engine.support.hierarchical.Node.around(Node.java:137)
	at org.junit.platform.engine.support.hierarchical.NodeTestTask.lambda$executeRecursively$9(NodeTestTask.java:139)
	at org.junit.platform.engine.support.hierarchical.ThrowableCollector.execute(ThrowableCollector.java:73)
	at org.junit.platform.engine.support.hierarchical.NodeTestTask.executeRecursively(NodeTestTask.java:138)
	at org.junit.platform.engine.support.hierarchical.NodeTestTask.execute(NodeTestTask.java:95)
	at java.base/java.util.ArrayList.forEach(ArrayList.java:1596)
	at org.junit.platform.engine.support.hierarchical.SameThreadHierarchicalTestExecutorService.invokeAll(SameThreadHierarchicalTestExecutorService.java:41)
	at org.junit.platform.engine.support.hierarchical.NodeTestTask.lambda$executeRecursively$6(NodeTestTask.java:155)
	at org.junit.platform.engine.support.hierarchical.ThrowableCollector.execute(ThrowableCollector.java:73)
	at org.junit.platform.engine.support.hierarchical.NodeTestTask.lambda$executeRecursively$8(NodeTestTask.java:141)
	at org.junit.platform.engine.support.hierarchical.Node.around(Node.java:137)
	at org.junit.platform.engine.support.hierarchical.NodeTestTask.lambda$executeRecursively$9(NodeTestTask.java:139)
	at org.junit.platform.engine.support.hierarchical.ThrowableCollector.execute(ThrowableCollector.java:73)
	at org.junit.platform.engine.support.hierarchical.NodeTestTask.executeRecursively(NodeTestTask.java:138)
	at org.junit.platform.engine.support.hierarchical.NodeTestTask.execute(NodeTestTask.java:95)
	at org.junit.platform.engine.support.hierarchical.SameThreadHierarchicalTestExecutorService.submit(SameThreadHierarchicalTestExecutorService.java:35)
	at org.junit.platform.engine.support.hierarchical.HierarchicalTestExecutor.execute(HierarchicalTestExecutor.java:57)
	at org.junit.platform.engine.support.hierarchical.HierarchicalTestEngine.execute(HierarchicalTestEngine.java:54)
	at org.junit.platform.launcher.core.EngineExecutionOrchestrator.execute(EngineExecutionOrchestrator.java:198)
	at org.junit.platform.launcher.core.EngineExecutionOrchestrator.execute(EngineExecutionOrchestrator.java:169)
	at org.junit.platform.launcher.core.EngineExecutionOrchestrator.execute(EngineExecutionOrchestrator.java:93)
	at org.junit.platform.launcher.core.EngineExecutionOrchestrator.lambda$execute$0(EngineExecutionOrchestrator.java:58)
	at org.junit.platform.launcher.core.EngineExecutionOrchestrator.withInterceptedStreams(EngineExecutionOrchestrator.java:141)
	at org.junit.platform.launcher.core.EngineExecutionOrchestrator.execute(EngineExecutionOrchestrator.java:57)
	at org.junit.platform.launcher.core.DefaultLauncher.execute(DefaultLauncher.java:103)
	at org.junit.platform.launcher.core.DefaultLauncher.execute(DefaultLauncher.java:85)
	at org.junit.platform.launcher.core.DelegatingLauncher.execute(DelegatingLauncher.java:47)
	at org.junit.platform.launcher.core.SessionPerRequestLauncher.execute(SessionPerRequestLauncher.java:63)
	at com.intellij.junit5.JUnit5IdeaTestRunner.startRunnerWithArgs(JUnit5IdeaTestRunner.java:57)
	at com.intellij.rt.junit.IdeaTestRunner$Repeater$1.execute(IdeaTestRunner.java:38)
	at com.intellij.rt.execution.junit.TestsRepeater.repeat(TestsRepeater.java:11)
	at com.intellij.rt.junit.IdeaTestRunner$Repeater.startRunnerWithArgs(IdeaTestRunner.java:35)
	at com.intellij.rt.junit.JUnitStarter.prepareStreamsAndStart(JUnitStarter.java:232)
	at com.intellij.rt.junit.JUnitStarter.main(JUnitStarter.java:55)
2025-03-06 14:52:15 [main] INFO  l.insoft.uztis.tests.utils.TestUtils - Screenshot moved to C:\Users\ingrida.zadorozniene\Desktop\Asm\UZTIS\UZTIS_tests\test-output\screenshots\20250306\145215203_testFillNewDVPApplicationFA().png
2025-03-06 14:53:37 [main] INFO  lt.insoft.uztis.tests.UztisPageTest - Navigated to https://uztisdev.asseco.lt/home
2025-03-06 14:53:37 [main] INFO  l.i.u.t.SubmittedApplicationsPageTest - Starting test:'testFillNewDVPApplicationFA'
2025-03-06 14:53:38 [main] DEBUG l.i.u.t.SubmittedApplicationsPageTest - User logged in with test credentials.
2025-03-06 14:53:38 [main] DEBUG l.i.u.t.SubmittedApplicationsPageTest - Opened 'Application Processing' menu.
2025-03-06 14:53:39 [main] DEBUG l.i.u.t.SubmittedApplicationsPageTest - Clicked on 'Application Forms' menu.
2025-03-06 14:53:39 [main] DEBUG l.i.u.t.SubmittedApplicationsPageTest - Retrieved last description code text: 'TST-DVP-22'.
2025-03-06 14:53:39 [main] DEBUG l.i.u.t.SubmittedApplicationsPageTest - Clicked on 'Invitation' menu.
2025-03-06 14:53:40 [main] DEBUG l.i.u.t.SubmittedApplicationsPageTest - Selected application section by code: 'TST-DVP-22'.
2025-03-06 14:53:40 [main] DEBUG l.i.u.t.SubmittedApplicationsPageTest - Clicked 'Search' button.
2025-03-06 14:53:40 [main] DEBUG l.i.u.t.SubmittedApplicationsPageTest - Retrieved invitation code: ''.
2025-03-06 14:53:40 [main] DEBUG l.i.u.t.SubmittedApplicationsPageTest - Clicked on 'Submitted Applications' menu.
2025-03-06 14:53:42 [main] DEBUG l.i.u.t.SubmittedApplicationsPageTest - Selected invitation by code: 'TST-DVP-22'.
2025-03-06 14:53:42 [main] DEBUG l.i.u.t.SubmittedApplicationsPageTest - Invitation code inserted.
2025-03-06 14:53:42 [main] DEBUG l.i.u.t.SubmittedApplicationsPageTest - Clicked on 'Action Application' button.
2025-03-06 14:53:42 [main] DEBUG l.i.u.t.SubmittedApplicationsPageTest - Clicked on 'New Application' button.
2025-03-06 14:53:43 [main] DEBUG l.i.u.t.SubmittedApplicationsPageTest - Selected the 'RadioButtonFA' option.
2025-03-06 14:53:43 [main] DEBUG l.i.u.t.SubmittedApplicationsPageTest - Entered phone number: '61298745'.
2025-03-06 14:53:43 [main] DEBUG l.i.u.t.SubmittedApplicationsPageTest - Entered email: 'test@autotest.com'.
2025-03-06 14:53:43 [main] DEBUG l.i.u.t.SubmittedApplicationsPageTest - Checked 'For workplace adaptation' checkbox 1.
2025-03-06 14:53:44 [main] DEBUG l.i.u.t.SubmittedApplicationsPageTest - Checked 'For environmental adaptation' checkbox 2.
2025-03-06 14:53:44 [main] INFO  l.i.u.p.SubmittedApplicationsPage - Located the dropdown button.
2025-03-06 14:54:06 [main] INFO  l.i.u.p.SubmittedApplicationsPage - Found 1741 options in the dropdown.
2025-03-06 14:54:06 [main] INFO  l.i.u.p.SubmittedApplicationsPage - Successfully selected the value: '01.11 - Grūdinių (išskyrus ryžius), ankštinių ir aliejingų sėklų augalų auginimas'
2025-03-06 14:54:16 [main] ERROR l.i.u.p.SubmittedApplicationsPage - Failed to close the dropdown with aria-expanded = 'false'. Attempting manual close.
2025-03-06 14:54:16 [main] INFO  l.i.u.p.SubmittedApplicationsPage - Manual close attempt for the dropdown using body click.
2025-03-06 14:54:16 [main] DEBUG l.i.u.t.SubmittedApplicationsPageTest - Selected EVRK value: '01.11 - Grūdinių (išskyrus ryžius), ankštinių ir aliejingų sėklų augalų auginimas'.
2025-03-06 14:54:16 [main] DEBUG l.i.u.t.SubmittedApplicationsPageTest - Clicked on 'Address Component' button.
2025-03-06 14:54:16 [main] INFO  l.i.u.p.SubmittedApplicationsPage - Located the dropdown button.
2025-03-06 14:54:20 [main] INFO  l.i.u.p.SubmittedApplicationsPage - Successfully selected the value: 'Lietuva'
2025-03-06 14:54:20 [main] DEBUG l.i.u.t.SubmittedApplicationsPageTest - Selected country: 'Lietuva'.
2025-03-06 14:54:20 [main] INFO  l.i.u.p.SubmittedApplicationsPage - Located the dropdown search field.
2025-03-06 14:54:20 [main] INFO  l.i.u.p.SubmittedApplicationsPage - Dropdown city is opened.
2025-03-06 14:54:20 [main] INFO  l.i.u.p.SubmittedApplicationsPage - Searched for value: 'Vilnius'
2025-03-06 14:54:21 [main] INFO  l.i.u.p.SubmittedApplicationsPage - Successfully selected: 'Vilnius'
2025-03-06 14:54:21 [main] INFO  l.i.u.p.SubmittedApplicationsPage - Located the dropdown button.
2025-03-06 14:54:21 [main] INFO  l.i.u.p.SubmittedApplicationsPage - Successfully selected the value: 'A. Domaševičiaus g.'
2025-03-06 14:54:21 [main] DEBUG l.i.u.t.SubmittedApplicationsPageTest - Selected street: 'A. Domaševičiaus g.'.
2025-03-06 14:54:21 [main] INFO  l.i.u.p.SubmittedApplicationsPage - Located the dropdown button.
2025-03-06 14:54:22 [main] INFO  l.i.u.p.SubmittedApplicationsPage - Successfully selected the value: '1'
2025-03-06 14:54:22 [main] DEBUG l.i.u.t.SubmittedApplicationsPageTest - Selected house: '1'.
2025-03-06 14:54:22 [main] INFO  l.i.u.p.SubmittedApplicationsPage - Located the dropdown button.
2025-03-06 14:54:22 [main] INFO  l.i.u.p.SubmittedApplicationsPage - Successfully selected the value: '1'
2025-03-06 14:54:22 [main] DEBUG l.i.u.t.SubmittedApplicationsPageTest - Selected apartment: '1'.
2025-03-06 14:54:22 [main] DEBUG l.i.u.t.SubmittedApplicationsPageTest - Clicked 'Confirm' button.
2025-03-06 14:54:22 [main] DEBUG l.i.u.t.SubmittedApplicationsPageTest - Selected 'For already working' option.
2025-03-06 14:54:22 [main] ERROR l.i.u.t.SubmittedApplicationsPageTest - Test 'testFillNewDVPApplicationFA' failed with error: invalid element state: Element is not currently interactable and may not be manipulated
  (Session info: chrome=133.0.6943.142)
Build info: version: '4.27.0', revision: 'd6e718d134'
System info: os.name: 'Windows 11', os.arch: 'amd64', os.version: '10.0', java.version: '21.0.3'
Driver info: org.openqa.selenium.chrome.ChromeDriver
Command: [b4e02c4300d2659629b3e54477ef3f44, clearElement {id=f.1F4F1D459712DE49429D39A86B017919.d.980690712958761B38D3BC6F2C56724F.e.220}]
Capabilities {acceptInsecureCerts: false, browserName: chrome, browserVersion: 133.0.6943.142, chrome: {chromedriverVersion: 133.0.6943.141 (2a5d6da0d61..., userDataDir: C:\Users\INGRID~1.ZAD\AppDa...}, fedcm:accounts: true, goog:chromeOptions: {debuggerAddress: localhost:61298}, networkConnectionEnabled: false, pageLoadStrategy: normal, platformName: windows, proxy: Proxy(), se:cdp: ws://localhost:61298/devtoo..., se:cdpVersion: 133.0.6943.142, setWindowRect: true, strictFileInteractability: false, timeouts: {implicit: 0, pageLoad: 300000, script: 30000}, unhandledPromptBehavior: dismiss and notify, webauthn:extension:credBlob: true, webauthn:extension:largeBlob: true, webauthn:extension:minPinLength: true, webauthn:extension:prf: true, webauthn:virtualAuthenticators: true}
Element: [[ChromeDriver: chrome on windows (b4e02c4300d2659629b3e54477ef3f44)] -> xpath: (//mat-form-field[contains(.//label, 'Asmenų skaičius')]//input)[1]]
Session ID: b4e02c4300d2659629b3e54477ef3f44
org.openqa.selenium.InvalidElementStateException: invalid element state: Element is not currently interactable and may not be manipulated
  (Session info: chrome=133.0.6943.142)
Build info: version: '4.27.0', revision: 'd6e718d134'
System info: os.name: 'Windows 11', os.arch: 'amd64', os.version: '10.0', java.version: '21.0.3'
Driver info: org.openqa.selenium.chrome.ChromeDriver
Command: [b4e02c4300d2659629b3e54477ef3f44, clearElement {id=f.1F4F1D459712DE49429D39A86B017919.d.980690712958761B38D3BC6F2C56724F.e.220}]
Capabilities {acceptInsecureCerts: false, browserName: chrome, browserVersion: 133.0.6943.142, chrome: {chromedriverVersion: 133.0.6943.141 (2a5d6da0d61..., userDataDir: C:\Users\INGRID~1.ZAD\AppDa...}, fedcm:accounts: true, goog:chromeOptions: {debuggerAddress: localhost:61298}, networkConnectionEnabled: false, pageLoadStrategy: normal, platformName: windows, proxy: Proxy(), se:cdp: ws://localhost:61298/devtoo..., se:cdpVersion: 133.0.6943.142, setWindowRect: true, strictFileInteractability: false, timeouts: {implicit: 0, pageLoad: 300000, script: 30000}, unhandledPromptBehavior: dismiss and notify, webauthn:extension:credBlob: true, webauthn:extension:largeBlob: true, webauthn:extension:minPinLength: true, webauthn:extension:prf: true, webauthn:virtualAuthenticators: true}
Element: [[ChromeDriver: chrome on windows (b4e02c4300d2659629b3e54477ef3f44)] -> xpath: (//mat-form-field[contains(.//label, 'Asmenų skaičius')]//input)[1]]
Session ID: b4e02c4300d2659629b3e54477ef3f44
	at java.base/jdk.internal.reflect.DirectConstructorHandleAccessor.newInstance(DirectConstructorHandleAccessor.java:62)
	at java.base/java.lang.reflect.Constructor.newInstanceWithCaller(Constructor.java:502)
	at java.base/java.lang.reflect.Constructor.newInstance(Constructor.java:486)
	at org.openqa.selenium.remote.ErrorCodec.decode(ErrorCodec.java:167)
	at org.openqa.selenium.remote.codec.w3c.W3CHttpResponseCodec.decode(W3CHttpResponseCodec.java:138)
	at org.openqa.selenium.remote.codec.w3c.W3CHttpResponseCodec.decode(W3CHttpResponseCodec.java:50)
	at org.openqa.selenium.remote.HttpCommandExecutor.execute(HttpCommandExecutor.java:190)
	at org.openqa.selenium.remote.service.DriverCommandExecutor.invokeExecute(DriverCommandExecutor.java:216)
	at org.openqa.selenium.remote.service.DriverCommandExecutor.execute(DriverCommandExecutor.java:174)
	at org.openqa.selenium.remote.RemoteWebDriver.execute(RemoteWebDriver.java:545)
	at org.openqa.selenium.remote.RemoteWebElement.execute(RemoteWebElement.java:223)
	at org.openqa.selenium.remote.RemoteWebElement.clear(RemoteWebElement.java:129)
	at java.base/jdk.internal.reflect.DirectMethodHandleAccessor.invoke(DirectMethodHandleAccessor.java:103)
	at java.base/java.lang.reflect.Method.invoke(Method.java:580)
	at org.openqa.selenium.support.pagefactory.internal.LocatingElementHandler.invoke(LocatingElementHandler.java:51)
	at jdk.proxy2/jdk.proxy2.$Proxy14.clear(Unknown Source)
	at lt.insoft.uztis.pages.SubmittedApplicationsPage.enterPersonCountOne_DVP(SubmittedApplicationsPage.java:1826)
	at lt.insoft.uztis.tests.SubmittedApplicationsPageTest.testFillNewDVPApplicationFA(SubmittedApplicationsPageTest.java:631)
	at java.base/jdk.internal.reflect.DirectMethodHandleAccessor.invoke(DirectMethodHandleAccessor.java:103)
	at java.base/java.lang.reflect.Method.invoke(Method.java:580)
	at org.junit.platform.commons.util.ReflectionUtils.invokeMethod(ReflectionUtils.java:728)
	at org.junit.jupiter.engine.execution.MethodInvocation.proceed(MethodInvocation.java:60)
	at org.junit.jupiter.engine.execution.InvocationInterceptorChain$ValidatingInvocation.proceed(InvocationInterceptorChain.java:131)
	at org.junit.jupiter.engine.extension.TimeoutExtension.intercept(TimeoutExtension.java:156)
	at org.junit.jupiter.engine.extension.TimeoutExtension.interceptTestableMethod(TimeoutExtension.java:147)
	at org.junit.jupiter.engine.extension.TimeoutExtension.interceptTestMethod(TimeoutExtension.java:86)
	at org.junit.jupiter.engine.execution.InterceptingExecutableInvoker$ReflectiveInterceptorCall.lambda$ofVoidMethod$0(InterceptingExecutableInvoker.java:103)
	at org.junit.jupiter.engine.execution.InterceptingExecutableInvoker.lambda$invoke$0(InterceptingExecutableInvoker.java:93)
	at org.junit.jupiter.engine.execution.InvocationInterceptorChain$InterceptedInvocation.proceed(InvocationInterceptorChain.java:106)
	at org.junit.jupiter.engine.execution.InvocationInterceptorChain.proceed(InvocationInterceptorChain.java:64)
	at org.junit.jupiter.engine.execution.InvocationInterceptorChain.chainAndInvoke(InvocationInterceptorChain.java:45)
	at org.junit.jupiter.engine.execution.InvocationInterceptorChain.invoke(InvocationInterceptorChain.java:37)
	at org.junit.jupiter.engine.execution.InterceptingExecutableInvoker.invoke(InterceptingExecutableInvoker.java:92)
	at org.junit.jupiter.engine.execution.InterceptingExecutableInvoker.invoke(InterceptingExecutableInvoker.java:86)
	at org.junit.jupiter.engine.descriptor.TestMethodTestDescriptor.lambda$invokeTestMethod$7(TestMethodTestDescriptor.java:218)
	at org.junit.platform.engine.support.hierarchical.ThrowableCollector.execute(ThrowableCollector.java:73)
	at org.junit.jupiter.engine.descriptor.TestMethodTestDescriptor.invokeTestMethod(TestMethodTestDescriptor.java:214)
	at org.junit.jupiter.engine.descriptor.TestMethodTestDescriptor.execute(TestMethodTestDescriptor.java:139)
	at org.junit.jupiter.engine.descriptor.TestMethodTestDescriptor.execute(TestMethodTestDescriptor.java:69)
	at org.junit.platform.engine.support.hierarchical.NodeTestTask.lambda$executeRecursively$6(NodeTestTask.java:151)
	at org.junit.platform.engine.support.hierarchical.ThrowableCollector.execute(ThrowableCollector.java:73)
	at org.junit.platform.engine.support.hierarchical.NodeTestTask.lambda$executeRecursively$8(NodeTestTask.java:141)
	at org.junit.platform.engine.support.hierarchical.Node.around(Node.java:137)
	at org.junit.platform.engine.support.hierarchical.NodeTestTask.lambda$executeRecursively$9(NodeTestTask.java:139)
	at org.junit.platform.engine.support.hierarchical.ThrowableCollector.execute(ThrowableCollector.java:73)
	at org.junit.platform.engine.support.hierarchical.NodeTestTask.executeRecursively(NodeTestTask.java:138)
	at org.junit.platform.engine.support.hierarchical.NodeTestTask.execute(NodeTestTask.java:95)
	at java.base/java.util.ArrayList.forEach(ArrayList.java:1596)
	at org.junit.platform.engine.support.hierarchical.SameThreadHierarchicalTestExecutorService.invokeAll(SameThreadHierarchicalTestExecutorService.java:41)
	at org.junit.platform.engine.support.hierarchical.NodeTestTask.lambda$executeRecursively$6(NodeTestTask.java:155)
	at org.junit.platform.engine.support.hierarchical.ThrowableCollector.execute(ThrowableCollector.java:73)
	at org.junit.platform.engine.support.hierarchical.NodeTestTask.lambda$executeRecursively$8(NodeTestTask.java:141)
	at org.junit.platform.engine.support.hierarchical.Node.around(Node.java:137)
	at org.junit.platform.engine.support.hierarchical.NodeTestTask.lambda$executeRecursively$9(NodeTestTask.java:139)
	at org.junit.platform.engine.support.hierarchical.ThrowableCollector.execute(ThrowableCollector.java:73)
	at org.junit.platform.engine.support.hierarchical.NodeTestTask.executeRecursively(NodeTestTask.java:138)
	at org.junit.platform.engine.support.hierarchical.NodeTestTask.execute(NodeTestTask.java:95)
	at java.base/java.util.ArrayList.forEach(ArrayList.java:1596)
	at org.junit.platform.engine.support.hierarchical.SameThreadHierarchicalTestExecutorService.invokeAll(SameThreadHierarchicalTestExecutorService.java:41)
	at org.junit.platform.engine.support.hierarchical.NodeTestTask.lambda$executeRecursively$6(NodeTestTask.java:155)
	at org.junit.platform.engine.support.hierarchical.ThrowableCollector.execute(ThrowableCollector.java:73)
	at org.junit.platform.engine.support.hierarchical.NodeTestTask.lambda$executeRecursively$8(NodeTestTask.java:141)
	at org.junit.platform.engine.support.hierarchical.Node.around(Node.java:137)
	at org.junit.platform.engine.support.hierarchical.NodeTestTask.lambda$executeRecursively$9(NodeTestTask.java:139)
	at org.junit.platform.engine.support.hierarchical.ThrowableCollector.execute(ThrowableCollector.java:73)
	at org.junit.platform.engine.support.hierarchical.NodeTestTask.executeRecursively(NodeTestTask.java:138)
	at org.junit.platform.engine.support.hierarchical.NodeTestTask.execute(NodeTestTask.java:95)
	at org.junit.platform.engine.support.hierarchical.SameThreadHierarchicalTestExecutorService.submit(SameThreadHierarchicalTestExecutorService.java:35)
	at org.junit.platform.engine.support.hierarchical.HierarchicalTestExecutor.execute(HierarchicalTestExecutor.java:57)
	at org.junit.platform.engine.support.hierarchical.HierarchicalTestEngine.execute(HierarchicalTestEngine.java:54)
	at org.junit.platform.launcher.core.EngineExecutionOrchestrator.execute(EngineExecutionOrchestrator.java:198)
	at org.junit.platform.launcher.core.EngineExecutionOrchestrator.execute(EngineExecutionOrchestrator.java:169)
	at org.junit.platform.launcher.core.EngineExecutionOrchestrator.execute(EngineExecutionOrchestrator.java:93)
	at org.junit.platform.launcher.core.EngineExecutionOrchestrator.lambda$execute$0(EngineExecutionOrchestrator.java:58)
	at org.junit.platform.launcher.core.EngineExecutionOrchestrator.withInterceptedStreams(EngineExecutionOrchestrator.java:141)
	at org.junit.platform.launcher.core.EngineExecutionOrchestrator.execute(EngineExecutionOrchestrator.java:57)
	at org.junit.platform.launcher.core.DefaultLauncher.execute(DefaultLauncher.java:103)
	at org.junit.platform.launcher.core.DefaultLauncher.execute(DefaultLauncher.java:85)
	at org.junit.platform.launcher.core.DelegatingLauncher.execute(DelegatingLauncher.java:47)
	at org.junit.platform.launcher.core.SessionPerRequestLauncher.execute(SessionPerRequestLauncher.java:63)
	at com.intellij.junit5.JUnit5IdeaTestRunner.startRunnerWithArgs(JUnit5IdeaTestRunner.java:57)
	at com.intellij.rt.junit.IdeaTestRunner$Repeater$1.execute(IdeaTestRunner.java:38)
	at com.intellij.rt.execution.junit.TestsRepeater.repeat(TestsRepeater.java:11)
	at com.intellij.rt.junit.IdeaTestRunner$Repeater.startRunnerWithArgs(IdeaTestRunner.java:35)
	at com.intellij.rt.junit.JUnitStarter.prepareStreamsAndStart(JUnitStarter.java:232)
	at com.intellij.rt.junit.JUnitStarter.main(JUnitStarter.java:55)
2025-03-06 14:54:23 [main] INFO  l.insoft.uztis.tests.utils.TestUtils - Screenshot moved to C:\Users\ingrida.zadorozniene\Desktop\Asm\UZTIS\UZTIS_tests\test-output\screenshots\20250306\145423105_testFillNewDVPApplicationFA().png
2025-03-06 14:57:20 [main] INFO  lt.insoft.uztis.tests.UztisPageTest - Navigated to https://uztisdev.asseco.lt/home
2025-03-06 14:57:20 [main] INFO  l.i.u.t.SubmittedApplicationsPageTest - Starting test:'testFillNewDVPApplicationFA'
2025-03-06 14:57:21 [main] DEBUG l.i.u.t.SubmittedApplicationsPageTest - User logged in with test credentials.
2025-03-06 14:57:21 [main] DEBUG l.i.u.t.SubmittedApplicationsPageTest - Opened 'Application Processing' menu.
2025-03-06 14:57:21 [main] DEBUG l.i.u.t.SubmittedApplicationsPageTest - Clicked on 'Application Forms' menu.
2025-03-06 14:57:22 [main] DEBUG l.i.u.t.SubmittedApplicationsPageTest - Retrieved last description code text: 'TST-DVP-22'.
2025-03-06 14:57:22 [main] DEBUG l.i.u.t.SubmittedApplicationsPageTest - Clicked on 'Invitation' menu.
2025-03-06 14:57:23 [main] DEBUG l.i.u.t.SubmittedApplicationsPageTest - Selected application section by code: 'TST-DVP-22'.
2025-03-06 14:57:23 [main] DEBUG l.i.u.t.SubmittedApplicationsPageTest - Clicked 'Search' button.
2025-03-06 14:57:23 [main] DEBUG l.i.u.t.SubmittedApplicationsPageTest - Retrieved invitation code: ''.
2025-03-06 14:57:23 [main] DEBUG l.i.u.t.SubmittedApplicationsPageTest - Clicked on 'Submitted Applications' menu.
2025-03-06 14:57:25 [main] DEBUG l.i.u.t.SubmittedApplicationsPageTest - Selected invitation by code: 'TST-DVP-22'.
2025-03-06 14:57:25 [main] DEBUG l.i.u.t.SubmittedApplicationsPageTest - Invitation code inserted.
2025-03-06 14:57:25 [main] DEBUG l.i.u.t.SubmittedApplicationsPageTest - Clicked on 'Action Application' button.
2025-03-06 14:57:25 [main] DEBUG l.i.u.t.SubmittedApplicationsPageTest - Clicked on 'New Application' button.
2025-03-06 14:57:26 [main] DEBUG l.i.u.t.SubmittedApplicationsPageTest - Selected the 'RadioButtonFA' option.
2025-03-06 14:57:26 [main] DEBUG l.i.u.t.SubmittedApplicationsPageTest - Entered phone number: '61298745'.
2025-03-06 14:57:26 [main] DEBUG l.i.u.t.SubmittedApplicationsPageTest - Entered email: 'test@autotest.com'.
2025-03-06 14:57:26 [main] DEBUG l.i.u.t.SubmittedApplicationsPageTest - Checked 'For workplace adaptation' checkbox 1.
2025-03-06 14:57:26 [main] DEBUG l.i.u.t.SubmittedApplicationsPageTest - Checked 'For environmental adaptation' checkbox 2.
2025-03-06 14:57:27 [main] DEBUG l.i.u.t.SubmittedApplicationsPageTest - Selected 'For already working' option.
2025-03-06 14:57:27 [main] ERROR l.i.u.t.SubmittedApplicationsPageTest - Test 'testFillNewDVPApplicationFA' failed with error: invalid element state: Element is not currently interactable and may not be manipulated
  (Session info: chrome=133.0.6943.142)
Build info: version: '4.27.0', revision: 'd6e718d134'
System info: os.name: 'Windows 11', os.arch: 'amd64', os.version: '10.0', java.version: '21.0.3'
Driver info: org.openqa.selenium.chrome.ChromeDriver
Command: [3258225a0cf2ccb66657bc216cb3f8a5, clearElement {id=f.8286643CA52CC79A3074AA4420486AE3.d.F60B18F604CCDF1FC0B77F871E4D4B99.e.223}]
Capabilities {acceptInsecureCerts: false, browserName: chrome, browserVersion: 133.0.6943.142, chrome: {chromedriverVersion: 133.0.6943.141 (2a5d6da0d61..., userDataDir: C:\Users\INGRID~1.ZAD\AppDa...}, fedcm:accounts: true, goog:chromeOptions: {debuggerAddress: localhost:61430}, networkConnectionEnabled: false, pageLoadStrategy: normal, platformName: windows, proxy: Proxy(), se:cdp: ws://localhost:61430/devtoo..., se:cdpVersion: 133.0.6943.142, setWindowRect: true, strictFileInteractability: false, timeouts: {implicit: 0, pageLoad: 300000, script: 30000}, unhandledPromptBehavior: dismiss and notify, webauthn:extension:credBlob: true, webauthn:extension:largeBlob: true, webauthn:extension:minPinLength: true, webauthn:extension:prf: true, webauthn:virtualAuthenticators: true}
Element: [[ChromeDriver: chrome on windows (3258225a0cf2ccb66657bc216cb3f8a5)] -> xpath: (//mat-form-field[contains(.//label, 'Asmenų skaičius')]//input)[1]]
Session ID: 3258225a0cf2ccb66657bc216cb3f8a5
org.openqa.selenium.InvalidElementStateException: invalid element state: Element is not currently interactable and may not be manipulated
  (Session info: chrome=133.0.6943.142)
Build info: version: '4.27.0', revision: 'd6e718d134'
System info: os.name: 'Windows 11', os.arch: 'amd64', os.version: '10.0', java.version: '21.0.3'
Driver info: org.openqa.selenium.chrome.ChromeDriver
Command: [3258225a0cf2ccb66657bc216cb3f8a5, clearElement {id=f.8286643CA52CC79A3074AA4420486AE3.d.F60B18F604CCDF1FC0B77F871E4D4B99.e.223}]
Capabilities {acceptInsecureCerts: false, browserName: chrome, browserVersion: 133.0.6943.142, chrome: {chromedriverVersion: 133.0.6943.141 (2a5d6da0d61..., userDataDir: C:\Users\INGRID~1.ZAD\AppDa...}, fedcm:accounts: true, goog:chromeOptions: {debuggerAddress: localhost:61430}, networkConnectionEnabled: false, pageLoadStrategy: normal, platformName: windows, proxy: Proxy(), se:cdp: ws://localhost:61430/devtoo..., se:cdpVersion: 133.0.6943.142, setWindowRect: true, strictFileInteractability: false, timeouts: {implicit: 0, pageLoad: 300000, script: 30000}, unhandledPromptBehavior: dismiss and notify, webauthn:extension:credBlob: true, webauthn:extension:largeBlob: true, webauthn:extension:minPinLength: true, webauthn:extension:prf: true, webauthn:virtualAuthenticators: true}
Element: [[ChromeDriver: chrome on windows (3258225a0cf2ccb66657bc216cb3f8a5)] -> xpath: (//mat-form-field[contains(.//label, 'Asmenų skaičius')]//input)[1]]
Session ID: 3258225a0cf2ccb66657bc216cb3f8a5
	at java.base/jdk.internal.reflect.DirectConstructorHandleAccessor.newInstance(DirectConstructorHandleAccessor.java:62)
	at java.base/java.lang.reflect.Constructor.newInstanceWithCaller(Constructor.java:502)
	at java.base/java.lang.reflect.Constructor.newInstance(Constructor.java:486)
	at org.openqa.selenium.remote.ErrorCodec.decode(ErrorCodec.java:167)
	at org.openqa.selenium.remote.codec.w3c.W3CHttpResponseCodec.decode(W3CHttpResponseCodec.java:138)
	at org.openqa.selenium.remote.codec.w3c.W3CHttpResponseCodec.decode(W3CHttpResponseCodec.java:50)
	at org.openqa.selenium.remote.HttpCommandExecutor.execute(HttpCommandExecutor.java:190)
	at org.openqa.selenium.remote.service.DriverCommandExecutor.invokeExecute(DriverCommandExecutor.java:216)
	at org.openqa.selenium.remote.service.DriverCommandExecutor.execute(DriverCommandExecutor.java:174)
	at org.openqa.selenium.remote.RemoteWebDriver.execute(RemoteWebDriver.java:545)
	at org.openqa.selenium.remote.RemoteWebElement.execute(RemoteWebElement.java:223)
	at org.openqa.selenium.remote.RemoteWebElement.clear(RemoteWebElement.java:129)
	at java.base/jdk.internal.reflect.DirectMethodHandleAccessor.invoke(DirectMethodHandleAccessor.java:103)
	at java.base/java.lang.reflect.Method.invoke(Method.java:580)
	at org.openqa.selenium.support.pagefactory.internal.LocatingElementHandler.invoke(LocatingElementHandler.java:51)
	at jdk.proxy2/jdk.proxy2.$Proxy14.clear(Unknown Source)
	at lt.insoft.uztis.pages.SubmittedApplicationsPage.enterPersonCountOne_DVP(SubmittedApplicationsPage.java:1826)
	at lt.insoft.uztis.tests.SubmittedApplicationsPageTest.testFillNewDVPApplicationFA(SubmittedApplicationsPageTest.java:631)
	at java.base/jdk.internal.reflect.DirectMethodHandleAccessor.invoke(DirectMethodHandleAccessor.java:103)
	at java.base/java.lang.reflect.Method.invoke(Method.java:580)
	at org.junit.platform.commons.util.ReflectionUtils.invokeMethod(ReflectionUtils.java:728)
	at org.junit.jupiter.engine.execution.MethodInvocation.proceed(MethodInvocation.java:60)
	at org.junit.jupiter.engine.execution.InvocationInterceptorChain$ValidatingInvocation.proceed(InvocationInterceptorChain.java:131)
	at org.junit.jupiter.engine.extension.TimeoutExtension.intercept(TimeoutExtension.java:156)
	at org.junit.jupiter.engine.extension.TimeoutExtension.interceptTestableMethod(TimeoutExtension.java:147)
	at org.junit.jupiter.engine.extension.TimeoutExtension.interceptTestMethod(TimeoutExtension.java:86)
	at org.junit.jupiter.engine.execution.InterceptingExecutableInvoker$ReflectiveInterceptorCall.lambda$ofVoidMethod$0(InterceptingExecutableInvoker.java:103)
	at org.junit.jupiter.engine.execution.InterceptingExecutableInvoker.lambda$invoke$0(InterceptingExecutableInvoker.java:93)
	at org.junit.jupiter.engine.execution.InvocationInterceptorChain$InterceptedInvocation.proceed(InvocationInterceptorChain.java:106)
	at org.junit.jupiter.engine.execution.InvocationInterceptorChain.proceed(InvocationInterceptorChain.java:64)
	at org.junit.jupiter.engine.execution.InvocationInterceptorChain.chainAndInvoke(InvocationInterceptorChain.java:45)
	at org.junit.jupiter.engine.execution.InvocationInterceptorChain.invoke(InvocationInterceptorChain.java:37)
	at org.junit.jupiter.engine.execution.InterceptingExecutableInvoker.invoke(InterceptingExecutableInvoker.java:92)
	at org.junit.jupiter.engine.execution.InterceptingExecutableInvoker.invoke(InterceptingExecutableInvoker.java:86)
	at org.junit.jupiter.engine.descriptor.TestMethodTestDescriptor.lambda$invokeTestMethod$7(TestMethodTestDescriptor.java:218)
	at org.junit.platform.engine.support.hierarchical.ThrowableCollector.execute(ThrowableCollector.java:73)
	at org.junit.jupiter.engine.descriptor.TestMethodTestDescriptor.invokeTestMethod(TestMethodTestDescriptor.java:214)
	at org.junit.jupiter.engine.descriptor.TestMethodTestDescriptor.execute(TestMethodTestDescriptor.java:139)
	at org.junit.jupiter.engine.descriptor.TestMethodTestDescriptor.execute(TestMethodTestDescriptor.java:69)
	at org.junit.platform.engine.support.hierarchical.NodeTestTask.lambda$executeRecursively$6(NodeTestTask.java:151)
	at org.junit.platform.engine.support.hierarchical.ThrowableCollector.execute(ThrowableCollector.java:73)
	at org.junit.platform.engine.support.hierarchical.NodeTestTask.lambda$executeRecursively$8(NodeTestTask.java:141)
	at org.junit.platform.engine.support.hierarchical.Node.around(Node.java:137)
	at org.junit.platform.engine.support.hierarchical.NodeTestTask.lambda$executeRecursively$9(NodeTestTask.java:139)
	at org.junit.platform.engine.support.hierarchical.ThrowableCollector.execute(ThrowableCollector.java:73)
	at org.junit.platform.engine.support.hierarchical.NodeTestTask.executeRecursively(NodeTestTask.java:138)
	at org.junit.platform.engine.support.hierarchical.NodeTestTask.execute(NodeTestTask.java:95)
	at java.base/java.util.ArrayList.forEach(ArrayList.java:1596)
	at org.junit.platform.engine.support.hierarchical.SameThreadHierarchicalTestExecutorService.invokeAll(SameThreadHierarchicalTestExecutorService.java:41)
	at org.junit.platform.engine.support.hierarchical.NodeTestTask.lambda$executeRecursively$6(NodeTestTask.java:155)
	at org.junit.platform.engine.support.hierarchical.ThrowableCollector.execute(ThrowableCollector.java:73)
	at org.junit.platform.engine.support.hierarchical.NodeTestTask.lambda$executeRecursively$8(NodeTestTask.java:141)
	at org.junit.platform.engine.support.hierarchical.Node.around(Node.java:137)
	at org.junit.platform.engine.support.hierarchical.NodeTestTask.lambda$executeRecursively$9(NodeTestTask.java:139)
	at org.junit.platform.engine.support.hierarchical.ThrowableCollector.execute(ThrowableCollector.java:73)
	at org.junit.platform.engine.support.hierarchical.NodeTestTask.executeRecursively(NodeTestTask.java:138)
	at org.junit.platform.engine.support.hierarchical.NodeTestTask.execute(NodeTestTask.java:95)
	at java.base/java.util.ArrayList.forEach(ArrayList.java:1596)
	at org.junit.platform.engine.support.hierarchical.SameThreadHierarchicalTestExecutorService.invokeAll(SameThreadHierarchicalTestExecutorService.java:41)
	at org.junit.platform.engine.support.hierarchical.NodeTestTask.lambda$executeRecursively$6(NodeTestTask.java:155)
	at org.junit.platform.engine.support.hierarchical.ThrowableCollector.execute(ThrowableCollector.java:73)
	at org.junit.platform.engine.support.hierarchical.NodeTestTask.lambda$executeRecursively$8(NodeTestTask.java:141)
	at org.junit.platform.engine.support.hierarchical.Node.around(Node.java:137)
	at org.junit.platform.engine.support.hierarchical.NodeTestTask.lambda$executeRecursively$9(NodeTestTask.java:139)
	at org.junit.platform.engine.support.hierarchical.ThrowableCollector.execute(ThrowableCollector.java:73)
	at org.junit.platform.engine.support.hierarchical.NodeTestTask.executeRecursively(NodeTestTask.java:138)
	at org.junit.platform.engine.support.hierarchical.NodeTestTask.execute(NodeTestTask.java:95)
	at org.junit.platform.engine.support.hierarchical.SameThreadHierarchicalTestExecutorService.submit(SameThreadHierarchicalTestExecutorService.java:35)
	at org.junit.platform.engine.support.hierarchical.HierarchicalTestExecutor.execute(HierarchicalTestExecutor.java:57)
	at org.junit.platform.engine.support.hierarchical.HierarchicalTestEngine.execute(HierarchicalTestEngine.java:54)
	at org.junit.platform.launcher.core.EngineExecutionOrchestrator.execute(EngineExecutionOrchestrator.java:198)
	at org.junit.platform.launcher.core.EngineExecutionOrchestrator.execute(EngineExecutionOrchestrator.java:169)
	at org.junit.platform.launcher.core.EngineExecutionOrchestrator.execute(EngineExecutionOrchestrator.java:93)
	at org.junit.platform.launcher.core.EngineExecutionOrchestrator.lambda$execute$0(EngineExecutionOrchestrator.java:58)
	at org.junit.platform.launcher.core.EngineExecutionOrchestrator.withInterceptedStreams(EngineExecutionOrchestrator.java:141)
	at org.junit.platform.launcher.core.EngineExecutionOrchestrator.execute(EngineExecutionOrchestrator.java:57)
	at org.junit.platform.launcher.core.DefaultLauncher.execute(DefaultLauncher.java:103)
	at org.junit.platform.launcher.core.DefaultLauncher.execute(DefaultLauncher.java:85)
	at org.junit.platform.launcher.core.DelegatingLauncher.execute(DelegatingLauncher.java:47)
	at org.junit.platform.launcher.core.SessionPerRequestLauncher.execute(SessionPerRequestLauncher.java:63)
	at com.intellij.junit5.JUnit5IdeaTestRunner.startRunnerWithArgs(JUnit5IdeaTestRunner.java:57)
	at com.intellij.rt.junit.IdeaTestRunner$Repeater$1.execute(IdeaTestRunner.java:38)
	at com.intellij.rt.execution.junit.TestsRepeater.repeat(TestsRepeater.java:11)
	at com.intellij.rt.junit.IdeaTestRunner$Repeater.startRunnerWithArgs(IdeaTestRunner.java:35)
	at com.intellij.rt.junit.JUnitStarter.prepareStreamsAndStart(JUnitStarter.java:232)
	at com.intellij.rt.junit.JUnitStarter.main(JUnitStarter.java:55)
2025-03-06 14:57:27 [main] INFO  l.insoft.uztis.tests.utils.TestUtils - Screenshot moved to C:\Users\ingrida.zadorozniene\Desktop\Asm\UZTIS\UZTIS_tests\test-output\screenshots\20250306\145727377_testFillNewDVPApplicationFA().png
2025-03-06 14:58:13 [main] INFO  lt.insoft.uztis.tests.UztisPageTest - Navigated to https://uztisdev.asseco.lt/home
2025-03-06 14:58:13 [main] INFO  l.i.u.t.SubmittedApplicationsPageTest - Starting test:'testFillNewDVPApplicationFA'
2025-03-06 14:58:13 [main] DEBUG l.i.u.t.SubmittedApplicationsPageTest - User logged in with test credentials.
2025-03-06 14:58:14 [main] DEBUG l.i.u.t.SubmittedApplicationsPageTest - Opened 'Application Processing' menu.
2025-03-06 14:58:14 [main] DEBUG l.i.u.t.SubmittedApplicationsPageTest - Clicked on 'Application Forms' menu.
2025-03-06 14:58:15 [main] DEBUG l.i.u.t.SubmittedApplicationsPageTest - Retrieved last description code text: 'TST-DVP-22'.
2025-03-06 14:58:15 [main] DEBUG l.i.u.t.SubmittedApplicationsPageTest - Clicked on 'Invitation' menu.
2025-03-06 14:58:16 [main] DEBUG l.i.u.t.SubmittedApplicationsPageTest - Selected application section by code: 'TST-DVP-22'.
2025-03-06 14:58:16 [main] DEBUG l.i.u.t.SubmittedApplicationsPageTest - Clicked 'Search' button.
2025-03-06 14:58:16 [main] DEBUG l.i.u.t.SubmittedApplicationsPageTest - Retrieved invitation code: ''.
2025-03-06 14:58:17 [main] DEBUG l.i.u.t.SubmittedApplicationsPageTest - Clicked on 'Submitted Applications' menu.
2025-03-06 14:58:18 [main] DEBUG l.i.u.t.SubmittedApplicationsPageTest - Selected invitation by code: 'TST-DVP-22'.
2025-03-06 14:58:18 [main] DEBUG l.i.u.t.SubmittedApplicationsPageTest - Invitation code inserted.
2025-03-06 14:58:18 [main] DEBUG l.i.u.t.SubmittedApplicationsPageTest - Clicked on 'Action Application' button.
2025-03-06 14:58:18 [main] DEBUG l.i.u.t.SubmittedApplicationsPageTest - Clicked on 'New Application' button.
2025-03-06 14:58:19 [main] DEBUG l.i.u.t.SubmittedApplicationsPageTest - Selected the 'RadioButtonFA' option.
2025-03-06 14:58:19 [main] DEBUG l.i.u.t.SubmittedApplicationsPageTest - Entered phone number: '61298745'.
2025-03-06 14:58:19 [main] DEBUG l.i.u.t.SubmittedApplicationsPageTest - Entered email: 'test@autotest.com'.
2025-03-06 14:58:19 [main] DEBUG l.i.u.t.SubmittedApplicationsPageTest - Checked 'For workplace adaptation' checkbox 1.
2025-03-06 14:58:20 [main] DEBUG l.i.u.t.SubmittedApplicationsPageTest - Checked 'For environmental adaptation' checkbox 2.
2025-03-06 14:58:20 [main] DEBUG l.i.u.t.SubmittedApplicationsPageTest - Selected 'For already working' option.
2025-03-06 14:58:20 [main] DEBUG l.i.u.t.SubmittedApplicationsPageTest - Selected 'For new working' option.
2025-03-06 14:58:20 [main] ERROR l.i.u.t.SubmittedApplicationsPageTest - Test 'testFillNewDVPApplicationFA' failed with error: invalid element state: Element is not currently interactable and may not be manipulated
  (Session info: chrome=133.0.6943.142)
Build info: version: '4.27.0', revision: 'd6e718d134'
System info: os.name: 'Windows 11', os.arch: 'amd64', os.version: '10.0', java.version: '21.0.3'
Driver info: org.openqa.selenium.chrome.ChromeDriver
Command: [5a07c93c576682506ae0fa1e4961ffad, clearElement {id=f.84AFDDCD9C10DB666E7E4EDC5C5B720E.d.8AAAABF15D46ED84BE8E0F765BDC7951.e.222}]
Capabilities {acceptInsecureCerts: false, browserName: chrome, browserVersion: 133.0.6943.142, chrome: {chromedriverVersion: 133.0.6943.141 (2a5d6da0d61..., userDataDir: C:\Users\INGRID~1.ZAD\AppDa...}, fedcm:accounts: true, goog:chromeOptions: {debuggerAddress: localhost:61479}, networkConnectionEnabled: false, pageLoadStrategy: normal, platformName: windows, proxy: Proxy(), se:cdp: ws://localhost:61479/devtoo..., se:cdpVersion: 133.0.6943.142, setWindowRect: true, strictFileInteractability: false, timeouts: {implicit: 0, pageLoad: 300000, script: 30000}, unhandledPromptBehavior: dismiss and notify, webauthn:extension:credBlob: true, webauthn:extension:largeBlob: true, webauthn:extension:minPinLength: true, webauthn:extension:prf: true, webauthn:virtualAuthenticators: true}
Element: [[ChromeDriver: chrome on windows (5a07c93c576682506ae0fa1e4961ffad)] -> xpath: (//mat-form-field[contains(.//label, 'Asmenų skaičius')]//input)[2]]
Session ID: 5a07c93c576682506ae0fa1e4961ffad
org.openqa.selenium.InvalidElementStateException: invalid element state: Element is not currently interactable and may not be manipulated
  (Session info: chrome=133.0.6943.142)
Build info: version: '4.27.0', revision: 'd6e718d134'
System info: os.name: 'Windows 11', os.arch: 'amd64', os.version: '10.0', java.version: '21.0.3'
Driver info: org.openqa.selenium.chrome.ChromeDriver
Command: [5a07c93c576682506ae0fa1e4961ffad, clearElement {id=f.84AFDDCD9C10DB666E7E4EDC5C5B720E.d.8AAAABF15D46ED84BE8E0F765BDC7951.e.222}]
Capabilities {acceptInsecureCerts: false, browserName: chrome, browserVersion: 133.0.6943.142, chrome: {chromedriverVersion: 133.0.6943.141 (2a5d6da0d61..., userDataDir: C:\Users\INGRID~1.ZAD\AppDa...}, fedcm:accounts: true, goog:chromeOptions: {debuggerAddress: localhost:61479}, networkConnectionEnabled: false, pageLoadStrategy: normal, platformName: windows, proxy: Proxy(), se:cdp: ws://localhost:61479/devtoo..., se:cdpVersion: 133.0.6943.142, setWindowRect: true, strictFileInteractability: false, timeouts: {implicit: 0, pageLoad: 300000, script: 30000}, unhandledPromptBehavior: dismiss and notify, webauthn:extension:credBlob: true, webauthn:extension:largeBlob: true, webauthn:extension:minPinLength: true, webauthn:extension:prf: true, webauthn:virtualAuthenticators: true}
Element: [[ChromeDriver: chrome on windows (5a07c93c576682506ae0fa1e4961ffad)] -> xpath: (//mat-form-field[contains(.//label, 'Asmenų skaičius')]//input)[2]]
Session ID: 5a07c93c576682506ae0fa1e4961ffad
	at java.base/jdk.internal.reflect.DirectConstructorHandleAccessor.newInstance(DirectConstructorHandleAccessor.java:62)
	at java.base/java.lang.reflect.Constructor.newInstanceWithCaller(Constructor.java:502)
	at java.base/java.lang.reflect.Constructor.newInstance(Constructor.java:486)
	at org.openqa.selenium.remote.ErrorCodec.decode(ErrorCodec.java:167)
	at org.openqa.selenium.remote.codec.w3c.W3CHttpResponseCodec.decode(W3CHttpResponseCodec.java:138)
	at org.openqa.selenium.remote.codec.w3c.W3CHttpResponseCodec.decode(W3CHttpResponseCodec.java:50)
	at org.openqa.selenium.remote.HttpCommandExecutor.execute(HttpCommandExecutor.java:190)
	at org.openqa.selenium.remote.service.DriverCommandExecutor.invokeExecute(DriverCommandExecutor.java:216)
	at org.openqa.selenium.remote.service.DriverCommandExecutor.execute(DriverCommandExecutor.java:174)
	at org.openqa.selenium.remote.RemoteWebDriver.execute(RemoteWebDriver.java:545)
	at org.openqa.selenium.remote.RemoteWebElement.execute(RemoteWebElement.java:223)
	at org.openqa.selenium.remote.RemoteWebElement.clear(RemoteWebElement.java:129)
	at java.base/jdk.internal.reflect.DirectMethodHandleAccessor.invoke(DirectMethodHandleAccessor.java:103)
	at java.base/java.lang.reflect.Method.invoke(Method.java:580)
	at org.openqa.selenium.support.pagefactory.internal.LocatingElementHandler.invoke(LocatingElementHandler.java:51)
	at jdk.proxy2/jdk.proxy2.$Proxy14.clear(Unknown Source)
	at lt.insoft.uztis.pages.SubmittedApplicationsPage.enterPersonCountTwo_DVP(SubmittedApplicationsPage.java:1831)
	at lt.insoft.uztis.tests.SubmittedApplicationsPageTest.testFillNewDVPApplicationFA(SubmittedApplicationsPageTest.java:638)
	at java.base/jdk.internal.reflect.DirectMethodHandleAccessor.invoke(DirectMethodHandleAccessor.java:103)
	at java.base/java.lang.reflect.Method.invoke(Method.java:580)
	at org.junit.platform.commons.util.ReflectionUtils.invokeMethod(ReflectionUtils.java:728)
	at org.junit.jupiter.engine.execution.MethodInvocation.proceed(MethodInvocation.java:60)
	at org.junit.jupiter.engine.execution.InvocationInterceptorChain$ValidatingInvocation.proceed(InvocationInterceptorChain.java:131)
	at org.junit.jupiter.engine.extension.TimeoutExtension.intercept(TimeoutExtension.java:156)
	at org.junit.jupiter.engine.extension.TimeoutExtension.interceptTestableMethod(TimeoutExtension.java:147)
	at org.junit.jupiter.engine.extension.TimeoutExtension.interceptTestMethod(TimeoutExtension.java:86)
	at org.junit.jupiter.engine.execution.InterceptingExecutableInvoker$ReflectiveInterceptorCall.lambda$ofVoidMethod$0(InterceptingExecutableInvoker.java:103)
	at org.junit.jupiter.engine.execution.InterceptingExecutableInvoker.lambda$invoke$0(InterceptingExecutableInvoker.java:93)
	at org.junit.jupiter.engine.execution.InvocationInterceptorChain$InterceptedInvocation.proceed(InvocationInterceptorChain.java:106)
	at org.junit.jupiter.engine.execution.InvocationInterceptorChain.proceed(InvocationInterceptorChain.java:64)
	at org.junit.jupiter.engine.execution.InvocationInterceptorChain.chainAndInvoke(InvocationInterceptorChain.java:45)
	at org.junit.jupiter.engine.execution.InvocationInterceptorChain.invoke(InvocationInterceptorChain.java:37)
	at org.junit.jupiter.engine.execution.InterceptingExecutableInvoker.invoke(InterceptingExecutableInvoker.java:92)
	at org.junit.jupiter.engine.execution.InterceptingExecutableInvoker.invoke(InterceptingExecutableInvoker.java:86)
	at org.junit.jupiter.engine.descriptor.TestMethodTestDescriptor.lambda$invokeTestMethod$7(TestMethodTestDescriptor.java:218)
	at org.junit.platform.engine.support.hierarchical.ThrowableCollector.execute(ThrowableCollector.java:73)
	at org.junit.jupiter.engine.descriptor.TestMethodTestDescriptor.invokeTestMethod(TestMethodTestDescriptor.java:214)
	at org.junit.jupiter.engine.descriptor.TestMethodTestDescriptor.execute(TestMethodTestDescriptor.java:139)
	at org.junit.jupiter.engine.descriptor.TestMethodTestDescriptor.execute(TestMethodTestDescriptor.java:69)
	at org.junit.platform.engine.support.hierarchical.NodeTestTask.lambda$executeRecursively$6(NodeTestTask.java:151)
	at org.junit.platform.engine.support.hierarchical.ThrowableCollector.execute(ThrowableCollector.java:73)
	at org.junit.platform.engine.support.hierarchical.NodeTestTask.lambda$executeRecursively$8(NodeTestTask.java:141)
	at org.junit.platform.engine.support.hierarchical.Node.around(Node.java:137)
	at org.junit.platform.engine.support.hierarchical.NodeTestTask.lambda$executeRecursively$9(NodeTestTask.java:139)
	at org.junit.platform.engine.support.hierarchical.ThrowableCollector.execute(ThrowableCollector.java:73)
	at org.junit.platform.engine.support.hierarchical.NodeTestTask.executeRecursively(NodeTestTask.java:138)
	at org.junit.platform.engine.support.hierarchical.NodeTestTask.execute(NodeTestTask.java:95)
	at java.base/java.util.ArrayList.forEach(ArrayList.java:1596)
	at org.junit.platform.engine.support.hierarchical.SameThreadHierarchicalTestExecutorService.invokeAll(SameThreadHierarchicalTestExecutorService.java:41)
	at org.junit.platform.engine.support.hierarchical.NodeTestTask.lambda$executeRecursively$6(NodeTestTask.java:155)
	at org.junit.platform.engine.support.hierarchical.ThrowableCollector.execute(ThrowableCollector.java:73)
	at org.junit.platform.engine.support.hierarchical.NodeTestTask.lambda$executeRecursively$8(NodeTestTask.java:141)
	at org.junit.platform.engine.support.hierarchical.Node.around(Node.java:137)
	at org.junit.platform.engine.support.hierarchical.NodeTestTask.lambda$executeRecursively$9(NodeTestTask.java:139)
	at org.junit.platform.engine.support.hierarchical.ThrowableCollector.execute(ThrowableCollector.java:73)
	at org.junit.platform.engine.support.hierarchical.NodeTestTask.executeRecursively(NodeTestTask.java:138)
	at org.junit.platform.engine.support.hierarchical.NodeTestTask.execute(NodeTestTask.java:95)
	at java.base/java.util.ArrayList.forEach(ArrayList.java:1596)
	at org.junit.platform.engine.support.hierarchical.SameThreadHierarchicalTestExecutorService.invokeAll(SameThreadHierarchicalTestExecutorService.java:41)
	at org.junit.platform.engine.support.hierarchical.NodeTestTask.lambda$executeRecursively$6(NodeTestTask.java:155)
	at org.junit.platform.engine.support.hierarchical.ThrowableCollector.execute(ThrowableCollector.java:73)
	at org.junit.platform.engine.support.hierarchical.NodeTestTask.lambda$executeRecursively$8(NodeTestTask.java:141)
	at org.junit.platform.engine.support.hierarchical.Node.around(Node.java:137)
	at org.junit.platform.engine.support.hierarchical.NodeTestTask.lambda$executeRecursively$9(NodeTestTask.java:139)
	at org.junit.platform.engine.support.hierarchical.ThrowableCollector.execute(ThrowableCollector.java:73)
	at org.junit.platform.engine.support.hierarchical.NodeTestTask.executeRecursively(NodeTestTask.java:138)
	at org.junit.platform.engine.support.hierarchical.NodeTestTask.execute(NodeTestTask.java:95)
	at org.junit.platform.engine.support.hierarchical.SameThreadHierarchicalTestExecutorService.submit(SameThreadHierarchicalTestExecutorService.java:35)
	at org.junit.platform.engine.support.hierarchical.HierarchicalTestExecutor.execute(HierarchicalTestExecutor.java:57)
	at org.junit.platform.engine.support.hierarchical.HierarchicalTestEngine.execute(HierarchicalTestEngine.java:54)
	at org.junit.platform.launcher.core.EngineExecutionOrchestrator.execute(EngineExecutionOrchestrator.java:198)
	at org.junit.platform.launcher.core.EngineExecutionOrchestrator.execute(EngineExecutionOrchestrator.java:169)
	at org.junit.platform.launcher.core.EngineExecutionOrchestrator.execute(EngineExecutionOrchestrator.java:93)
	at org.junit.platform.launcher.core.EngineExecutionOrchestrator.lambda$execute$0(EngineExecutionOrchestrator.java:58)
	at org.junit.platform.launcher.core.EngineExecutionOrchestrator.withInterceptedStreams(EngineExecutionOrchestrator.java:141)
	at org.junit.platform.launcher.core.EngineExecutionOrchestrator.execute(EngineExecutionOrchestrator.java:57)
	at org.junit.platform.launcher.core.DefaultLauncher.execute(DefaultLauncher.java:103)
	at org.junit.platform.launcher.core.DefaultLauncher.execute(DefaultLauncher.java:85)
	at org.junit.platform.launcher.core.DelegatingLauncher.execute(DelegatingLauncher.java:47)
	at org.junit.platform.launcher.core.SessionPerRequestLauncher.execute(SessionPerRequestLauncher.java:63)
	at com.intellij.junit5.JUnit5IdeaTestRunner.startRunnerWithArgs(JUnit5IdeaTestRunner.java:57)
	at com.intellij.rt.junit.IdeaTestRunner$Repeater$1.execute(IdeaTestRunner.java:38)
	at com.intellij.rt.execution.junit.TestsRepeater.repeat(TestsRepeater.java:11)
	at com.intellij.rt.junit.IdeaTestRunner$Repeater.startRunnerWithArgs(IdeaTestRunner.java:35)
	at com.intellij.rt.junit.JUnitStarter.prepareStreamsAndStart(JUnitStarter.java:232)
	at com.intellij.rt.junit.JUnitStarter.main(JUnitStarter.java:55)
2025-03-06 14:58:20 [main] INFO  l.insoft.uztis.tests.utils.TestUtils - Screenshot moved to C:\Users\ingrida.zadorozniene\Desktop\Asm\UZTIS\UZTIS_tests\test-output\screenshots\20250306\145820740_testFillNewDVPApplicationFA().png
2025-03-06 15:00:28 [main] INFO  lt.insoft.uztis.tests.UztisPageTest - Navigated to https://uztisdev.asseco.lt/home
2025-03-06 15:00:28 [main] INFO  l.i.u.t.SubmittedApplicationsPageTest - Starting test:'testFillNewDVPApplicationFA'
2025-03-06 15:00:29 [main] DEBUG l.i.u.t.SubmittedApplicationsPageTest - User logged in with test credentials.
2025-03-06 15:00:30 [main] DEBUG l.i.u.t.SubmittedApplicationsPageTest - Opened 'Application Processing' menu.
2025-03-06 15:00:30 [main] DEBUG l.i.u.t.SubmittedApplicationsPageTest - Clicked on 'Application Forms' menu.
2025-03-06 15:00:31 [main] DEBUG l.i.u.t.SubmittedApplicationsPageTest - Retrieved last description code text: 'TST-DVP-22'.
2025-03-06 15:00:31 [main] DEBUG l.i.u.t.SubmittedApplicationsPageTest - Clicked on 'Invitation' menu.
2025-03-06 15:00:32 [main] DEBUG l.i.u.t.SubmittedApplicationsPageTest - Selected application section by code: 'TST-DVP-22'.
2025-03-06 15:00:32 [main] DEBUG l.i.u.t.SubmittedApplicationsPageTest - Clicked 'Search' button.
2025-03-06 15:00:32 [main] DEBUG l.i.u.t.SubmittedApplicationsPageTest - Retrieved invitation code: ''.
2025-03-06 15:00:32 [main] DEBUG l.i.u.t.SubmittedApplicationsPageTest - Clicked on 'Submitted Applications' menu.
2025-03-06 15:00:34 [main] DEBUG l.i.u.t.SubmittedApplicationsPageTest - Selected invitation by code: 'TST-DVP-22'.
2025-03-06 15:00:34 [main] DEBUG l.i.u.t.SubmittedApplicationsPageTest - Invitation code inserted.
2025-03-06 15:00:34 [main] DEBUG l.i.u.t.SubmittedApplicationsPageTest - Clicked on 'Action Application' button.
2025-03-06 15:00:34 [main] DEBUG l.i.u.t.SubmittedApplicationsPageTest - Clicked on 'New Application' button.
2025-03-06 15:00:35 [main] DEBUG l.i.u.t.SubmittedApplicationsPageTest - Selected the 'RadioButtonFA' option.
2025-03-06 15:00:35 [main] DEBUG l.i.u.t.SubmittedApplicationsPageTest - Entered phone number: '61298745'.
2025-03-06 15:00:35 [main] DEBUG l.i.u.t.SubmittedApplicationsPageTest - Entered email: 'test@autotest.com'.
2025-03-06 15:00:35 [main] DEBUG l.i.u.t.SubmittedApplicationsPageTest - Checked 'For workplace adaptation' checkbox 1.
2025-03-06 15:00:36 [main] DEBUG l.i.u.t.SubmittedApplicationsPageTest - Checked 'For environmental adaptation' checkbox 2.
2025-03-06 15:00:36 [main] DEBUG l.i.u.t.SubmittedApplicationsPageTest - Selected 'For already working' option.
2025-03-06 15:00:36 [main] DEBUG l.i.u.t.SubmittedApplicationsPageTest - Selected 'For new working' option.
2025-03-06 15:00:36 [main] DEBUG l.i.u.t.SubmittedApplicationsPageTest - Entered person count2: '1'.
2025-03-06 15:00:36 [main] DEBUG l.i.u.t.SubmittedApplicationsPageTest - Clicked 'Next' button after checkboxes.
2025-03-06 15:00:36 [main] INFO  l.i.u.p.SubmittedApplicationsPage - Located the dropdown button.
2025-03-06 15:01:18 [main] ERROR l.i.u.p.SubmittedApplicationsPage - Dropdown button click failed: Expected condition failed: waiting for element to be clickable: Proxy element for: DefaultElementLocator 'By.xpath: //mat-label[contains(text(), 'Pritaikomos darbo vietos pavadinimas, kodas pagal profesijų klasifikatorių')]' (tried for 30 second(s) with 500 milliseconds interval)
2025-03-06 15:01:48 [main] INFO  lt.insoft.uztis.tests.UztisPageTest - Navigated to https://uztisdev.asseco.lt/home
2025-03-06 15:01:48 [main] INFO  l.i.u.t.SubmittedApplicationsPageTest - Starting test:'testFillNewDVPApplicationFA'
2025-03-06 15:01:49 [main] DEBUG l.i.u.t.SubmittedApplicationsPageTest - User logged in with test credentials.
2025-03-06 15:01:50 [main] DEBUG l.i.u.t.SubmittedApplicationsPageTest - Opened 'Application Processing' menu.
2025-03-06 15:01:50 [main] DEBUG l.i.u.t.SubmittedApplicationsPageTest - Clicked on 'Application Forms' menu.
2025-03-06 15:01:51 [main] DEBUG l.i.u.t.SubmittedApplicationsPageTest - Retrieved last description code text: 'TST-DVP-22'.
2025-03-06 15:01:51 [main] DEBUG l.i.u.t.SubmittedApplicationsPageTest - Clicked on 'Invitation' menu.
2025-03-06 15:01:52 [main] DEBUG l.i.u.t.SubmittedApplicationsPageTest - Selected application section by code: 'TST-DVP-22'.
2025-03-06 15:01:52 [main] DEBUG l.i.u.t.SubmittedApplicationsPageTest - Clicked 'Search' button.
2025-03-06 15:01:52 [main] DEBUG l.i.u.t.SubmittedApplicationsPageTest - Retrieved invitation code: ''.
2025-03-06 15:01:52 [main] DEBUG l.i.u.t.SubmittedApplicationsPageTest - Clicked on 'Submitted Applications' menu.
2025-03-06 15:01:54 [main] DEBUG l.i.u.t.SubmittedApplicationsPageTest - Selected invitation by code: 'TST-DVP-22'.
2025-03-06 15:01:54 [main] DEBUG l.i.u.t.SubmittedApplicationsPageTest - Invitation code inserted.
2025-03-06 15:01:54 [main] DEBUG l.i.u.t.SubmittedApplicationsPageTest - Clicked on 'Action Application' button.
2025-03-06 15:01:54 [main] DEBUG l.i.u.t.SubmittedApplicationsPageTest - Clicked on 'New Application' button.
2025-03-06 15:01:55 [main] DEBUG l.i.u.t.SubmittedApplicationsPageTest - Selected the 'RadioButtonFA' option.
2025-03-06 15:01:55 [main] DEBUG l.i.u.t.SubmittedApplicationsPageTest - Entered phone number: '61298745'.
2025-03-06 15:01:55 [main] DEBUG l.i.u.t.SubmittedApplicationsPageTest - Entered email: 'test@autotest.com'.
2025-03-06 15:01:55 [main] DEBUG l.i.u.t.SubmittedApplicationsPageTest - Checked 'For workplace adaptation' checkbox 1.
2025-03-06 15:01:56 [main] DEBUG l.i.u.t.SubmittedApplicationsPageTest - Checked 'For environmental adaptation' checkbox 2.
2025-03-06 15:01:56 [main] INFO  l.i.u.p.SubmittedApplicationsPage - Located the dropdown button.
2025-03-06 15:02:21 [main] INFO  l.i.u.p.SubmittedApplicationsPage - Found 1741 options in the dropdown.
2025-03-06 15:02:21 [main] INFO  l.i.u.p.SubmittedApplicationsPage - Successfully selected the value: '01.11 - Grūdinių (išskyrus ryžius), ankštinių ir aliejingų sėklų augalų auginimas'
2025-03-06 15:02:31 [main] ERROR l.i.u.p.SubmittedApplicationsPage - Failed to close the dropdown with aria-expanded = 'false'. Attempting manual close.
2025-03-06 15:02:32 [main] INFO  l.i.u.p.SubmittedApplicationsPage - Manual close attempt for the dropdown using body click.
2025-03-06 15:02:32 [main] DEBUG l.i.u.t.SubmittedApplicationsPageTest - Selected EVRK value: '01.11 - Grūdinių (išskyrus ryžius), ankštinių ir aliejingų sėklų augalų auginimas'.
2025-03-06 15:02:32 [main] DEBUG l.i.u.t.SubmittedApplicationsPageTest - Clicked on 'Address Component' button.
2025-03-06 15:02:32 [main] INFO  l.i.u.p.SubmittedApplicationsPage - Located the dropdown button.
2025-03-06 15:02:35 [main] INFO  l.i.u.p.SubmittedApplicationsPage - Successfully selected the value: 'Lietuva'
2025-03-06 15:02:35 [main] DEBUG l.i.u.t.SubmittedApplicationsPageTest - Selected country: 'Lietuva'.
2025-03-06 15:02:35 [main] INFO  l.i.u.p.SubmittedApplicationsPage - Located the dropdown search field.
2025-03-06 15:02:35 [main] INFO  l.i.u.p.SubmittedApplicationsPage - Dropdown city is opened.
2025-03-06 15:02:36 [main] INFO  l.i.u.p.SubmittedApplicationsPage - Searched for value: 'Vilnius'
2025-03-06 15:02:37 [main] INFO  l.i.u.p.SubmittedApplicationsPage - Successfully selected: 'Vilnius'
2025-03-06 15:02:37 [main] INFO  l.i.u.p.SubmittedApplicationsPage - Located the dropdown button.
2025-03-06 15:02:37 [main] INFO  l.i.u.p.SubmittedApplicationsPage - Successfully selected the value: 'A. Domaševičiaus g.'
2025-03-06 15:02:37 [main] DEBUG l.i.u.t.SubmittedApplicationsPageTest - Selected street: 'A. Domaševičiaus g.'.
2025-03-06 15:02:37 [main] INFO  l.i.u.p.SubmittedApplicationsPage - Located the dropdown button.
2025-03-06 15:02:37 [main] INFO  l.i.u.p.SubmittedApplicationsPage - Successfully selected the value: '1'
2025-03-06 15:02:38 [main] DEBUG l.i.u.t.SubmittedApplicationsPageTest - Selected house: '1'.
2025-03-06 15:02:38 [main] INFO  l.i.u.p.SubmittedApplicationsPage - Located the dropdown button.
2025-03-06 15:02:38 [main] INFO  l.i.u.p.SubmittedApplicationsPage - Successfully selected the value: '1'
2025-03-06 15:02:38 [main] DEBUG l.i.u.t.SubmittedApplicationsPageTest - Selected apartment: '1'.
2025-03-06 15:02:38 [main] DEBUG l.i.u.t.SubmittedApplicationsPageTest - Clicked 'Confirm' button.
2025-03-06 15:02:38 [main] DEBUG l.i.u.t.SubmittedApplicationsPageTest - Selected 'For already working' option.
2025-03-06 15:02:38 [main] DEBUG l.i.u.t.SubmittedApplicationsPageTest - Selected 'For new working' option.
2025-03-06 15:02:38 [main] DEBUG l.i.u.t.SubmittedApplicationsPageTest - Entered person count2: '1'.
2025-03-06 15:02:39 [main] DEBUG l.i.u.t.SubmittedApplicationsPageTest - Clicked 'Next' button after checkboxes.
2025-03-06 15:02:39 [main] INFO  l.i.u.p.SubmittedApplicationsPage - Located the dropdown button.
2025-03-06 15:02:40 [main] INFO  l.i.u.p.SubmittedApplicationsPage - Successfully selected the value: 'Administratoriai'
2025-03-06 15:02:40 [main] DEBUG l.i.u.t.SubmittedApplicationsPageTest - Selected adaptable job name: 'Administratoriai'.
2025-03-06 15:02:40 [main] DEBUG l.i.u.t.SubmittedApplicationsPageTest - Entered job date.
2025-03-06 15:02:41 [main] DEBUG l.i.u.t.SubmittedApplicationsPageTest - Entered job function: 'Funkcija 1'.
2025-03-06 15:02:41 [main] DEBUG l.i.u.t.SubmittedApplicationsPageTest - Selected 'For already working' 'no' option.
2025-03-06 15:02:41 [main] INFO  l.i.u.p.SubmittedApplicationsPage - Clicking on the dropdown button.
2025-03-06 15:02:41 [main] INFO  l.i.u.p.SubmittedApplicationsPage - Found 6 options in the dropdown.
2025-03-06 15:02:41 [main] DEBUG l.i.u.p.SubmittedApplicationsPage - Checking option: 'Lengvo neįgalumo lygis ar 45-55 procentų dalyvumo lygis (iki 2023 m. gruodžio 31 d. – 45-55 procentų darbingumo lygis)'
2025-03-06 15:02:41 [main] INFO  l.i.u.p.SubmittedApplicationsPage - Successfully selected the value: 'Lengvo neįgalumo lygis ar 45-55 procentų dalyvumo lygis (iki 2023 m. gruodžio 31 d. – 45-55 procentų darbingumo lygis)'
2025-03-06 15:02:41 [main] INFO  l.i.u.p.SubmittedApplicationsPage - Attempting to close the dropdown.
2025-03-06 15:02:42 [main] DEBUG l.i.u.t.SubmittedApplicationsPageTest - Selected disabilities type: 'Lengvo neįgalumo lygis ar 45-55 procentų dalyvumo lygis (iki 2023 m. gruodžio 31 d. – 45-55 procentų darbingumo lygis)'.
2025-03-06 15:02:42 [main] DEBUG l.i.u.t.SubmittedApplicationsPageTest - Entered disability information: 'Negalia 1'.
2025-03-06 15:02:43 [main] DEBUG l.i.u.t.SubmittedApplicationsPageTest - Entered qualification: 'Kvalifikacija 1'.
2025-03-06 15:02:43 [main] DEBUG l.i.u.t.SubmittedApplicationsPageTest - Entered job description: 'Darbo vietos aprašymas 1'.
2025-03-06 15:02:43 [main] DEBUG l.i.u.t.SubmittedApplicationsPageTest - Entered equipment description: 'Priemonių įsigyjimas 1'.
2025-03-06 15:02:44 [main] DEBUG l.i.u.t.SubmittedApplicationsPageTest - Entered work information: 'Darbai 1'.
2025-03-06 15:02:44 [main] INFO  l.i.u.p.SubmittedApplicationsPage - Located the dropdown button.
2025-03-06 15:02:44 [main] INFO  l.i.u.p.SubmittedApplicationsPage - Successfully selected the value: 'Kita'
2025-03-06 15:02:44 [main] DEBUG l.i.u.t.SubmittedApplicationsPageTest - Selected time mode: 'Kita'.
2025-03-06 15:02:44 [main] DEBUG l.i.u.t.SubmittedApplicationsPageTest - Selected time mode other: '6 val. per dieną ir 4 d. per savaitę'.
2025-03-06 15:02:45 [main] DEBUG l.i.u.t.SubmittedApplicationsPageTest - Entered salary amount: '1200'.
2025-03-06 15:02:45 [main] DEBUG l.i.u.t.SubmittedApplicationsPageTest - Selected 'Temporary Job' radio button.
2025-03-06 15:02:45 [main] DEBUG l.i.u.t.SubmittedApplicationsPageTest - Selected 'Season Job' radio button.
2025-03-06 15:02:45 [main] DEBUG l.i.u.t.SubmittedApplicationsPageTest - Selected 'PVM' radio button.
2025-03-06 15:02:45 [main] INFO  l.i.u.p.SubmittedApplicationsPage - Located the dropdown button.
2025-03-06 15:02:46 [main] INFO  l.i.u.p.SubmittedApplicationsPage - Successfully selected the value: 'Darbo vietos pritaikymui'
2025-03-06 15:03:16 [main] ERROR l.i.u.p.SubmittedApplicationsPage - Timeout while waiting for dropdown to close with aria-expanded = 'false'.
2025-03-06 15:03:16 [main] DEBUG l.i.u.t.SubmittedApplicationsPageTest - Selected adaptable job name: 'Darbo vietos pritaikymui'.
2025-03-06 15:03:16 [main] DEBUG l.i.u.p.SubmittedApplicationsPage - Located and clicked the dropdown button 'Reikalinga'.
2025-03-06 15:03:17 [main] INFO  l.i.u.p.SubmittedApplicationsPage - Successfully selected the value: 'Įsigyti'
2025-03-06 15:03:27 [main] DEBUG l.i.u.t.SubmittedApplicationsPageTest - Selected necessary for job: 'Įsigyti'.
2025-03-06 15:03:28 [main] DEBUG l.i.u.t.SubmittedApplicationsPageTest - Selected tool: 'Darbo priemonė 1'.
2025-03-06 15:03:28 [main] DEBUG l.i.u.t.SubmittedApplicationsPageTest - Selected tool parameter one: 'Darbo priemonės 1 parametras 1'.
2025-03-06 15:03:28 [main] DEBUG l.i.u.t.SubmittedApplicationsPageTest - Selected tool parameter two: 'Darbo priemonės 1 parametras 2'.
2025-03-06 15:03:29 [main] DEBUG l.i.u.t.SubmittedApplicationsPageTest - Selected tool parameter three: 'Darbo priemonės 1 parametras 3'.
2025-03-06 15:03:29 [main] DEBUG l.i.u.t.SubmittedApplicationsPageTest - Entered tool count: '1'.
2025-03-06 15:03:29 [main] DEBUG l.i.u.t.SubmittedApplicationsPageTest - Entered price amount: '1000'.
2025-03-06 15:03:29 [main] DEBUG l.i.u.t.SubmittedApplicationsPageTest - Entered own funds amount: '800'.
2025-03-06 15:03:29 [main] DEBUG l.i.u.t.SubmittedApplicationsPageTest - Clicked 'Add' button.
2025-03-06 15:03:29 [main] INFO  l.i.u.p.SubmittedApplicationsPage - Located the dropdown button.
2025-03-06 15:03:30 [main] INFO  l.i.u.p.SubmittedApplicationsPage - Successfully selected the value: 'Aplinkos pritaikymui'
2025-03-06 15:04:00 [main] ERROR l.i.u.p.SubmittedApplicationsPage - Timeout while waiting for dropdown to close with aria-expanded = 'false'.
2025-03-06 15:04:00 [main] DEBUG l.i.u.t.SubmittedApplicationsPageTest - Selected adaptable job name: 'Aplinkos pritaikymui'.
2025-03-06 15:04:00 [main] DEBUG l.i.u.p.SubmittedApplicationsPage - Located and clicked the dropdown button 'Reikalinga'.
2025-03-06 15:04:01 [main] INFO  l.i.u.p.SubmittedApplicationsPage - Successfully selected the value: 'Remontuoti'
2025-03-06 15:04:11 [main] DEBUG l.i.u.t.SubmittedApplicationsPageTest - Selected necessary for job: 'Remontuoti'.
2025-03-06 15:04:12 [main] DEBUG l.i.u.t.SubmittedApplicationsPageTest - Selected tool: 'Darbo priemonė 2 remontui'.
2025-03-06 15:04:12 [main] DEBUG l.i.u.t.SubmittedApplicationsPageTest - Entered tool count: '2'.
2025-03-06 15:04:12 [main] DEBUG l.i.u.t.SubmittedApplicationsPageTest - Entered price amount: '1000'.
2025-03-06 15:04:12 [main] DEBUG l.i.u.t.SubmittedApplicationsPageTest - Entered own funds amount: '900'.
2025-03-06 15:04:12 [main] DEBUG l.i.u.t.SubmittedApplicationsPageTest - Selected 'De Minimis' radio button.
2025-03-06 15:04:13 [main] DEBUG l.i.u.t.SubmittedApplicationsPageTest - Entered program name: 'Programa 1'.
2025-03-06 15:04:13 [main] DEBUG l.i.u.t.SubmittedApplicationsPageTest - Entered project date from.
2025-03-06 15:04:13 [main] DEBUG l.i.u.t.SubmittedApplicationsPageTest - Entered project date until.
2025-03-06 15:04:13 [main] DEBUG l.i.u.t.SubmittedApplicationsPageTest - Entered support amount: '2000'.
2025-03-06 15:04:14 [main] DEBUG l.i.u.t.SubmittedApplicationsPageTest - Clicked 'Next' button.
2025-03-06 15:04:14 [main] DEBUG l.i.u.t.SubmittedApplicationsPageTest - Checked 'For workplace adaptation' checkbox 1.
2025-03-06 15:04:14 [main] DEBUG l.i.u.t.SubmittedApplicationsPageTest - Checked 'For workplace adaptation' checkbox 2.
2025-03-06 15:04:14 [main] DEBUG l.i.u.t.SubmittedApplicationsPageTest - Checked 'For workplace adaptation' checkbox 3.
2025-03-06 15:04:14 [main] DEBUG l.i.u.t.SubmittedApplicationsPageTest - Test finished: All 'Legal Entities' checkboxes checked successfully.
2025-03-06 15:04:14 [main] DEBUG l.i.u.t.SubmittedApplicationsPageTest - Clicked 'Next' button after checkboxes.
2025-03-06 15:04:24 [main] ERROR l.i.u.p.SubmittedApplicationsPage - Error selecting radio button: Expected condition failed: waiting for element to be clickable: By.xpath: (//input[@type='radio' and @value='false'])[8] (tried for 10 second(s) with 500 milliseconds interval)
Build info: version: '4.27.0', revision: 'd6e718d134'
System info: os.name: 'Windows 11', os.arch: 'amd64', os.version: '10.0', java.version: '21.0.3'
Driver info: org.openqa.selenium.chrome.ChromeDriver
Capabilities {acceptInsecureCerts: false, browserName: chrome, browserVersion: 133.0.6943.142, chrome: {chromedriverVersion: 133.0.6943.141 (2a5d6da0d61..., userDataDir: C:\Users\INGRID~1.ZAD\AppDa...}, fedcm:accounts: true, goog:chromeOptions: {debuggerAddress: localhost:61636}, networkConnectionEnabled: false, pageLoadStrategy: normal, platformName: windows, proxy: Proxy(), se:cdp: ws://localhost:61636/devtoo..., se:cdpVersion: 133.0.6943.142, setWindowRect: true, strictFileInteractability: false, timeouts: {implicit: 0, pageLoad: 300000, script: 30000}, unhandledPromptBehavior: dismiss and notify, webauthn:extension:credBlob: true, webauthn:extension:largeBlob: true, webauthn:extension:minPinLength: true, webauthn:extension:prf: true, webauthn:virtualAuthenticators: true}
Session ID: 03d5f1b012e01d4beba2878513d40f9f
2025-03-06 15:04:35 [main] ERROR l.i.u.t.SubmittedApplicationsPageTest - Test 'testFillNewDVPApplicationFA' failed with error: no such element: Unable to locate element: {"method":"xpath","selector":"(//input[@type='radio' and @value='false'])[8]"}
  (Session info: chrome=133.0.6943.142)
For documentation on this error, please visit: https://www.selenium.dev/documentation/webdriver/troubleshooting/errors#no-such-element-exception
Build info: version: '4.27.0', revision: 'd6e718d134'
System info: os.name: 'Windows 11', os.arch: 'amd64', os.version: '10.0', java.version: '21.0.3'
Driver info: org.openqa.selenium.chrome.ChromeDriver
Command: [03d5f1b012e01d4beba2878513d40f9f, findElement {value=(//input[@type='radio' and @value='false'])[8], using=xpath}]
Capabilities {acceptInsecureCerts: false, browserName: chrome, browserVersion: 133.0.6943.142, chrome: {chromedriverVersion: 133.0.6943.141 (2a5d6da0d61..., userDataDir: C:\Users\INGRID~1.ZAD\AppDa...}, fedcm:accounts: true, goog:chromeOptions: {debuggerAddress: localhost:61636}, networkConnectionEnabled: false, pageLoadStrategy: normal, platformName: windows, proxy: Proxy(), se:cdp: ws://localhost:61636/devtoo..., se:cdpVersion: 133.0.6943.142, setWindowRect: true, strictFileInteractability: false, timeouts: {implicit: 0, pageLoad: 300000, script: 30000}, unhandledPromptBehavior: dismiss and notify, webauthn:extension:credBlob: true, webauthn:extension:largeBlob: true, webauthn:extension:minPinLength: true, webauthn:extension:prf: true, webauthn:virtualAuthenticators: true}
Session ID: 03d5f1b012e01d4beba2878513d40f9f
org.openqa.selenium.NoSuchElementException: no such element: Unable to locate element: {"method":"xpath","selector":"(//input[@type='radio' and @value='false'])[8]"}
  (Session info: chrome=133.0.6943.142)
For documentation on this error, please visit: https://www.selenium.dev/documentation/webdriver/troubleshooting/errors#no-such-element-exception
Build info: version: '4.27.0', revision: 'd6e718d134'
System info: os.name: 'Windows 11', os.arch: 'amd64', os.version: '10.0', java.version: '21.0.3'
Driver info: org.openqa.selenium.chrome.ChromeDriver
Command: [03d5f1b012e01d4beba2878513d40f9f, findElement {value=(//input[@type='radio' and @value='false'])[8], using=xpath}]
Capabilities {acceptInsecureCerts: false, browserName: chrome, browserVersion: 133.0.6943.142, chrome: {chromedriverVersion: 133.0.6943.141 (2a5d6da0d61..., userDataDir: C:\Users\INGRID~1.ZAD\AppDa...}, fedcm:accounts: true, goog:chromeOptions: {debuggerAddress: localhost:61636}, networkConnectionEnabled: false, pageLoadStrategy: normal, platformName: windows, proxy: Proxy(), se:cdp: ws://localhost:61636/devtoo..., se:cdpVersion: 133.0.6943.142, setWindowRect: true, strictFileInteractability: false, timeouts: {implicit: 0, pageLoad: 300000, script: 30000}, unhandledPromptBehavior: dismiss and notify, webauthn:extension:credBlob: true, webauthn:extension:largeBlob: true, webauthn:extension:minPinLength: true, webauthn:extension:prf: true, webauthn:virtualAuthenticators: true}
Session ID: 03d5f1b012e01d4beba2878513d40f9f
	at java.base/jdk.internal.reflect.DirectConstructorHandleAccessor.newInstance(DirectConstructorHandleAccessor.java:62)
	at java.base/java.lang.reflect.Constructor.newInstanceWithCaller(Constructor.java:502)
	at java.base/java.lang.reflect.Constructor.newInstance(Constructor.java:486)
	at org.openqa.selenium.remote.ErrorCodec.decode(ErrorCodec.java:167)
	at org.openqa.selenium.remote.codec.w3c.W3CHttpResponseCodec.decode(W3CHttpResponseCodec.java:138)
	at org.openqa.selenium.remote.codec.w3c.W3CHttpResponseCodec.decode(W3CHttpResponseCodec.java:50)
	at org.openqa.selenium.remote.HttpCommandExecutor.execute(HttpCommandExecutor.java:190)
	at org.openqa.selenium.remote.service.DriverCommandExecutor.invokeExecute(DriverCommandExecutor.java:216)
	at org.openqa.selenium.remote.service.DriverCommandExecutor.execute(DriverCommandExecutor.java:174)
	at org.openqa.selenium.remote.RemoteWebDriver.execute(RemoteWebDriver.java:545)
	at org.openqa.selenium.remote.ElementLocation$ElementFinder$2.findElement(ElementLocation.java:165)
	at org.openqa.selenium.remote.ElementLocation.findElement(ElementLocation.java:59)
	at org.openqa.selenium.remote.RemoteWebDriver.findElement(RemoteWebDriver.java:368)
	at org.openqa.selenium.remote.RemoteWebDriver.findElement(RemoteWebDriver.java:362)
	at lt.insoft.uztis.pages.SubmittedApplicationsPage$RadioButtonHelper.selectRadioButton(SubmittedApplicationsPage.java:1752)
	at lt.insoft.uztis.tests.SubmittedApplicationsPageTest.testFillNewDVPApplicationFA(SubmittedApplicationsPageTest.java:815)
	at java.base/jdk.internal.reflect.DirectMethodHandleAccessor.invoke(DirectMethodHandleAccessor.java:103)
	at java.base/java.lang.reflect.Method.invoke(Method.java:580)
	at org.junit.platform.commons.util.ReflectionUtils.invokeMethod(ReflectionUtils.java:728)
	at org.junit.jupiter.engine.execution.MethodInvocation.proceed(MethodInvocation.java:60)
	at org.junit.jupiter.engine.execution.InvocationInterceptorChain$ValidatingInvocation.proceed(InvocationInterceptorChain.java:131)
	at org.junit.jupiter.engine.extension.TimeoutExtension.intercept(TimeoutExtension.java:156)
	at org.junit.jupiter.engine.extension.TimeoutExtension.interceptTestableMethod(TimeoutExtension.java:147)
	at org.junit.jupiter.engine.extension.TimeoutExtension.interceptTestMethod(TimeoutExtension.java:86)
	at org.junit.jupiter.engine.execution.InterceptingExecutableInvoker$ReflectiveInterceptorCall.lambda$ofVoidMethod$0(InterceptingExecutableInvoker.java:103)
	at org.junit.jupiter.engine.execution.InterceptingExecutableInvoker.lambda$invoke$0(InterceptingExecutableInvoker.java:93)
	at org.junit.jupiter.engine.execution.InvocationInterceptorChain$InterceptedInvocation.proceed(InvocationInterceptorChain.java:106)
	at org.junit.jupiter.engine.execution.InvocationInterceptorChain.proceed(InvocationInterceptorChain.java:64)
	at org.junit.jupiter.engine.execution.InvocationInterceptorChain.chainAndInvoke(InvocationInterceptorChain.java:45)
	at org.junit.jupiter.engine.execution.InvocationInterceptorChain.invoke(InvocationInterceptorChain.java:37)
	at org.junit.jupiter.engine.execution.InterceptingExecutableInvoker.invoke(InterceptingExecutableInvoker.java:92)
	at org.junit.jupiter.engine.execution.InterceptingExecutableInvoker.invoke(InterceptingExecutableInvoker.java:86)
	at org.junit.jupiter.engine.descriptor.TestMethodTestDescriptor.lambda$invokeTestMethod$7(TestMethodTestDescriptor.java:218)
	at org.junit.platform.engine.support.hierarchical.ThrowableCollector.execute(ThrowableCollector.java:73)
	at org.junit.jupiter.engine.descriptor.TestMethodTestDescriptor.invokeTestMethod(TestMethodTestDescriptor.java:214)
	at org.junit.jupiter.engine.descriptor.TestMethodTestDescriptor.execute(TestMethodTestDescriptor.java:139)
	at org.junit.jupiter.engine.descriptor.TestMethodTestDescriptor.execute(TestMethodTestDescriptor.java:69)
	at org.junit.platform.engine.support.hierarchical.NodeTestTask.lambda$executeRecursively$6(NodeTestTask.java:151)
	at org.junit.platform.engine.support.hierarchical.ThrowableCollector.execute(ThrowableCollector.java:73)
	at org.junit.platform.engine.support.hierarchical.NodeTestTask.lambda$executeRecursively$8(NodeTestTask.java:141)
	at org.junit.platform.engine.support.hierarchical.Node.around(Node.java:137)
	at org.junit.platform.engine.support.hierarchical.NodeTestTask.lambda$executeRecursively$9(NodeTestTask.java:139)
	at org.junit.platform.engine.support.hierarchical.ThrowableCollector.execute(ThrowableCollector.java:73)
	at org.junit.platform.engine.support.hierarchical.NodeTestTask.executeRecursively(NodeTestTask.java:138)
	at org.junit.platform.engine.support.hierarchical.NodeTestTask.execute(NodeTestTask.java:95)
	at java.base/java.util.ArrayList.forEach(ArrayList.java:1596)
	at org.junit.platform.engine.support.hierarchical.SameThreadHierarchicalTestExecutorService.invokeAll(SameThreadHierarchicalTestExecutorService.java:41)
	at org.junit.platform.engine.support.hierarchical.NodeTestTask.lambda$executeRecursively$6(NodeTestTask.java:155)
	at org.junit.platform.engine.support.hierarchical.ThrowableCollector.execute(ThrowableCollector.java:73)
	at org.junit.platform.engine.support.hierarchical.NodeTestTask.lambda$executeRecursively$8(NodeTestTask.java:141)
	at org.junit.platform.engine.support.hierarchical.Node.around(Node.java:137)
	at org.junit.platform.engine.support.hierarchical.NodeTestTask.lambda$executeRecursively$9(NodeTestTask.java:139)
	at org.junit.platform.engine.support.hierarchical.ThrowableCollector.execute(ThrowableCollector.java:73)
	at org.junit.platform.engine.support.hierarchical.NodeTestTask.executeRecursively(NodeTestTask.java:138)
	at org.junit.platform.engine.support.hierarchical.NodeTestTask.execute(NodeTestTask.java:95)
	at java.base/java.util.ArrayList.forEach(ArrayList.java:1596)
	at org.junit.platform.engine.support.hierarchical.SameThreadHierarchicalTestExecutorService.invokeAll(SameThreadHierarchicalTestExecutorService.java:41)
	at org.junit.platform.engine.support.hierarchical.NodeTestTask.lambda$executeRecursively$6(NodeTestTask.java:155)
	at org.junit.platform.engine.support.hierarchical.ThrowableCollector.execute(ThrowableCollector.java:73)
	at org.junit.platform.engine.support.hierarchical.NodeTestTask.lambda$executeRecursively$8(NodeTestTask.java:141)
	at org.junit.platform.engine.support.hierarchical.Node.around(Node.java:137)
	at org.junit.platform.engine.support.hierarchical.NodeTestTask.lambda$executeRecursively$9(NodeTestTask.java:139)
	at org.junit.platform.engine.support.hierarchical.ThrowableCollector.execute(ThrowableCollector.java:73)
	at org.junit.platform.engine.support.hierarchical.NodeTestTask.executeRecursively(NodeTestTask.java:138)
	at org.junit.platform.engine.support.hierarchical.NodeTestTask.execute(NodeTestTask.java:95)
	at org.junit.platform.engine.support.hierarchical.SameThreadHierarchicalTestExecutorService.submit(SameThreadHierarchicalTestExecutorService.java:35)
	at org.junit.platform.engine.support.hierarchical.HierarchicalTestExecutor.execute(HierarchicalTestExecutor.java:57)
	at org.junit.platform.engine.support.hierarchical.HierarchicalTestEngine.execute(HierarchicalTestEngine.java:54)
	at org.junit.platform.launcher.core.EngineExecutionOrchestrator.execute(EngineExecutionOrchestrator.java:198)
	at org.junit.platform.launcher.core.EngineExecutionOrchestrator.execute(EngineExecutionOrchestrator.java:169)
	at org.junit.platform.launcher.core.EngineExecutionOrchestrator.execute(EngineExecutionOrchestrator.java:93)
	at org.junit.platform.launcher.core.EngineExecutionOrchestrator.lambda$execute$0(EngineExecutionOrchestrator.java:58)
	at org.junit.platform.launcher.core.EngineExecutionOrchestrator.withInterceptedStreams(EngineExecutionOrchestrator.java:141)
	at org.junit.platform.launcher.core.EngineExecutionOrchestrator.execute(EngineExecutionOrchestrator.java:57)
	at org.junit.platform.launcher.core.DefaultLauncher.execute(DefaultLauncher.java:103)
	at org.junit.platform.launcher.core.DefaultLauncher.execute(DefaultLauncher.java:85)
	at org.junit.platform.launcher.core.DelegatingLauncher.execute(DelegatingLauncher.java:47)
	at org.junit.platform.launcher.core.SessionPerRequestLauncher.execute(SessionPerRequestLauncher.java:63)
	at com.intellij.junit5.JUnit5IdeaTestRunner.startRunnerWithArgs(JUnit5IdeaTestRunner.java:57)
	at com.intellij.rt.junit.IdeaTestRunner$Repeater$1.execute(IdeaTestRunner.java:38)
	at com.intellij.rt.execution.junit.TestsRepeater.repeat(TestsRepeater.java:11)
	at com.intellij.rt.junit.IdeaTestRunner$Repeater.startRunnerWithArgs(IdeaTestRunner.java:35)
	at com.intellij.rt.junit.JUnitStarter.prepareStreamsAndStart(JUnitStarter.java:232)
	at com.intellij.rt.junit.JUnitStarter.main(JUnitStarter.java:55)
2025-03-06 15:04:35 [main] INFO  l.insoft.uztis.tests.utils.TestUtils - Screenshot moved to C:\Users\ingrida.zadorozniene\Desktop\Asm\UZTIS\UZTIS_tests\test-output\screenshots\20250306\150435191_testFillNewDVPApplicationFA().png
2025-03-06 15:06:10 [main] INFO  lt.insoft.uztis.tests.UztisPageTest - Navigated to https://uztisdev.asseco.lt/home
2025-03-06 15:06:10 [main] INFO  l.i.u.t.SubmittedApplicationsPageTest - Starting test:'testFillNewDVPApplicationFA'
2025-03-06 15:06:10 [main] DEBUG l.i.u.t.SubmittedApplicationsPageTest - User logged in with test credentials.
2025-03-06 15:06:11 [main] DEBUG l.i.u.t.SubmittedApplicationsPageTest - Opened 'Application Processing' menu.
2025-03-06 15:06:11 [main] DEBUG l.i.u.t.SubmittedApplicationsPageTest - Clicked on 'Application Forms' menu.
2025-03-06 15:06:12 [main] DEBUG l.i.u.t.SubmittedApplicationsPageTest - Retrieved last description code text: 'TST-DVP-22'.
2025-03-06 15:06:12 [main] DEBUG l.i.u.t.SubmittedApplicationsPageTest - Clicked on 'Invitation' menu.
2025-03-06 15:06:13 [main] DEBUG l.i.u.t.SubmittedApplicationsPageTest - Selected application section by code: 'TST-DVP-22'.
2025-03-06 15:06:14 [main] DEBUG l.i.u.t.SubmittedApplicationsPageTest - Clicked 'Search' button.
2025-03-06 15:06:14 [main] DEBUG l.i.u.t.SubmittedApplicationsPageTest - Retrieved invitation code: ''.
2025-03-06 15:06:14 [main] DEBUG l.i.u.t.SubmittedApplicationsPageTest - Clicked on 'Submitted Applications' menu.
2025-03-06 15:06:15 [main] DEBUG l.i.u.t.SubmittedApplicationsPageTest - Selected invitation by code: 'TST-DVP-22'.
2025-03-06 15:06:15 [main] DEBUG l.i.u.t.SubmittedApplicationsPageTest - Invitation code inserted.
2025-03-06 15:06:16 [main] DEBUG l.i.u.t.SubmittedApplicationsPageTest - Clicked on 'Action Application' button.
2025-03-06 15:06:16 [main] DEBUG l.i.u.t.SubmittedApplicationsPageTest - Clicked on 'New Application' button.
2025-03-06 15:06:16 [main] DEBUG l.i.u.t.SubmittedApplicationsPageTest - Selected the 'RadioButtonFA' option.
2025-03-06 15:06:17 [main] DEBUG l.i.u.t.SubmittedApplicationsPageTest - Entered phone number: '61298745'.
2025-03-06 15:06:17 [main] DEBUG l.i.u.t.SubmittedApplicationsPageTest - Entered email: 'test@autotest.com'.
2025-03-06 15:06:17 [main] DEBUG l.i.u.t.SubmittedApplicationsPageTest - Checked 'For workplace adaptation' checkbox 1.
2025-03-06 15:06:17 [main] DEBUG l.i.u.t.SubmittedApplicationsPageTest - Checked 'For environmental adaptation' checkbox 2.
2025-03-06 15:06:17 [main] INFO  l.i.u.p.SubmittedApplicationsPage - Located the dropdown button.
2025-03-06 15:06:42 [main] INFO  l.i.u.p.SubmittedApplicationsPage - Found 1741 options in the dropdown.
2025-03-06 15:06:42 [main] INFO  l.i.u.p.SubmittedApplicationsPage - Successfully selected the value: '01.11 - Grūdinių (išskyrus ryžius), ankštinių ir aliejingų sėklų augalų auginimas'
2025-03-06 15:06:53 [main] ERROR l.i.u.p.SubmittedApplicationsPage - Failed to close the dropdown with aria-expanded = 'false'. Attempting manual close.
2025-03-06 15:06:53 [main] INFO  l.i.u.p.SubmittedApplicationsPage - Manual close attempt for the dropdown using body click.
2025-03-06 15:06:53 [main] DEBUG l.i.u.t.SubmittedApplicationsPageTest - Selected EVRK value: '01.11 - Grūdinių (išskyrus ryžius), ankštinių ir aliejingų sėklų augalų auginimas'.
2025-03-06 15:06:53 [main] DEBUG l.i.u.t.SubmittedApplicationsPageTest - Clicked on 'Address Component' button.
2025-03-06 15:06:53 [main] INFO  l.i.u.p.SubmittedApplicationsPage - Located the dropdown button.
2025-03-06 15:06:57 [main] INFO  l.i.u.p.SubmittedApplicationsPage - Successfully selected the value: 'Lietuva'
2025-03-06 15:06:57 [main] DEBUG l.i.u.t.SubmittedApplicationsPageTest - Selected country: 'Lietuva'.
2025-03-06 15:06:57 [main] INFO  l.i.u.p.SubmittedApplicationsPage - Located the dropdown search field.
2025-03-06 15:06:57 [main] INFO  l.i.u.p.SubmittedApplicationsPage - Dropdown city is opened.
2025-03-06 15:06:58 [main] INFO  l.i.u.p.SubmittedApplicationsPage - Searched for value: 'Vilnius'
2025-03-06 15:06:58 [main] INFO  l.i.u.p.SubmittedApplicationsPage - Successfully selected: 'Vilnius'
2025-03-06 15:06:59 [main] INFO  l.i.u.p.SubmittedApplicationsPage - Located the dropdown button.
2025-03-06 15:06:59 [main] INFO  l.i.u.p.SubmittedApplicationsPage - Successfully selected the value: 'A. Domaševičiaus g.'
2025-03-06 15:06:59 [main] DEBUG l.i.u.t.SubmittedApplicationsPageTest - Selected street: 'A. Domaševičiaus g.'.
2025-03-06 15:06:59 [main] INFO  l.i.u.p.SubmittedApplicationsPage - Located the dropdown button.
2025-03-06 15:06:59 [main] INFO  l.i.u.p.SubmittedApplicationsPage - Successfully selected the value: '1'
2025-03-06 15:06:59 [main] DEBUG l.i.u.t.SubmittedApplicationsPageTest - Selected house: '1'.
2025-03-06 15:06:59 [main] INFO  l.i.u.p.SubmittedApplicationsPage - Located the dropdown button.
2025-03-06 15:07:00 [main] INFO  l.i.u.p.SubmittedApplicationsPage - Successfully selected the value: '1'
2025-03-06 15:07:00 [main] DEBUG l.i.u.t.SubmittedApplicationsPageTest - Selected apartment: '1'.
2025-03-06 15:07:00 [main] DEBUG l.i.u.t.SubmittedApplicationsPageTest - Clicked 'Confirm' button.
2025-03-06 15:07:00 [main] DEBUG l.i.u.t.SubmittedApplicationsPageTest - Selected 'For already working' option.
2025-03-06 15:07:00 [main] DEBUG l.i.u.t.SubmittedApplicationsPageTest - Selected 'For new working' option.
2025-03-06 15:07:00 [main] DEBUG l.i.u.t.SubmittedApplicationsPageTest - Entered person count2: '1'.
2025-03-06 15:07:01 [main] DEBUG l.i.u.t.SubmittedApplicationsPageTest - Clicked 'Next' button after checkboxes.
2025-03-06 15:07:01 [main] INFO  l.i.u.p.SubmittedApplicationsPage - Located the dropdown button.
2025-03-06 15:07:02 [main] INFO  l.i.u.p.SubmittedApplicationsPage - Successfully selected the value: 'Administratoriai'
2025-03-06 15:07:02 [main] DEBUG l.i.u.t.SubmittedApplicationsPageTest - Selected adaptable job name: 'Administratoriai'.
2025-03-06 15:07:03 [main] DEBUG l.i.u.t.SubmittedApplicationsPageTest - Entered job date.
2025-03-06 15:07:03 [main] DEBUG l.i.u.t.SubmittedApplicationsPageTest - Entered job function: 'Funkcija 1'.
2025-03-06 15:07:03 [main] DEBUG l.i.u.t.SubmittedApplicationsPageTest - Selected 'For already working' 'no' option.
2025-03-06 15:07:03 [main] INFO  l.i.u.p.SubmittedApplicationsPage - Clicking on the dropdown button.
2025-03-06 15:07:04 [main] INFO  l.i.u.p.SubmittedApplicationsPage - Found 6 options in the dropdown.
2025-03-06 15:07:04 [main] DEBUG l.i.u.p.SubmittedApplicationsPage - Checking option: 'Lengvo neįgalumo lygis ar 45-55 procentų dalyvumo lygis (iki 2023 m. gruodžio 31 d. – 45-55 procentų darbingumo lygis)'
2025-03-06 15:07:04 [main] INFO  l.i.u.p.SubmittedApplicationsPage - Successfully selected the value: 'Lengvo neįgalumo lygis ar 45-55 procentų dalyvumo lygis (iki 2023 m. gruodžio 31 d. – 45-55 procentų darbingumo lygis)'
2025-03-06 15:07:04 [main] INFO  l.i.u.p.SubmittedApplicationsPage - Attempting to close the dropdown.
2025-03-06 15:07:04 [main] DEBUG l.i.u.t.SubmittedApplicationsPageTest - Selected disabilities type: 'Lengvo neįgalumo lygis ar 45-55 procentų dalyvumo lygis (iki 2023 m. gruodžio 31 d. – 45-55 procentų darbingumo lygis)'.
2025-03-06 15:07:05 [main] DEBUG l.i.u.t.SubmittedApplicationsPageTest - Entered disability information: 'Negalia 1'.
2025-03-06 15:07:05 [main] DEBUG l.i.u.t.SubmittedApplicationsPageTest - Entered qualification: 'Kvalifikacija 1'.
2025-03-06 15:07:06 [main] DEBUG l.i.u.t.SubmittedApplicationsPageTest - Entered job description: 'Darbo vietos aprašymas 1'.
2025-03-06 15:07:06 [main] DEBUG l.i.u.t.SubmittedApplicationsPageTest - Entered equipment description: 'Priemonių įsigyjimas 1'.
2025-03-06 15:07:07 [main] DEBUG l.i.u.t.SubmittedApplicationsPageTest - Entered work information: 'Darbai 1'.
2025-03-06 15:07:07 [main] INFO  l.i.u.p.SubmittedApplicationsPage - Located the dropdown button.
2025-03-06 15:07:07 [main] INFO  l.i.u.p.SubmittedApplicationsPage - Successfully selected the value: 'Kita'
2025-03-06 15:07:07 [main] DEBUG l.i.u.t.SubmittedApplicationsPageTest - Selected time mode: 'Kita'.
2025-03-06 15:07:08 [main] DEBUG l.i.u.t.SubmittedApplicationsPageTest - Selected time mode other: '6 val. per dieną ir 4 d. per savaitę'.
2025-03-06 15:07:08 [main] DEBUG l.i.u.t.SubmittedApplicationsPageTest - Entered salary amount: '1200'.
2025-03-06 15:07:08 [main] DEBUG l.i.u.t.SubmittedApplicationsPageTest - Selected 'Temporary Job' radio button.
2025-03-06 15:07:08 [main] DEBUG l.i.u.t.SubmittedApplicationsPageTest - Selected 'Season Job' radio button.
2025-03-06 15:07:09 [main] DEBUG l.i.u.t.SubmittedApplicationsPageTest - Selected 'PVM' radio button.
2025-03-06 15:07:09 [main] INFO  l.i.u.p.SubmittedApplicationsPage - Located the dropdown button.
2025-03-06 15:07:09 [main] INFO  l.i.u.p.SubmittedApplicationsPage - Successfully selected the value: 'Darbo vietos pritaikymui'
2025-03-06 15:07:39 [main] ERROR l.i.u.p.SubmittedApplicationsPage - Timeout while waiting for dropdown to close with aria-expanded = 'false'.
2025-03-06 15:07:39 [main] DEBUG l.i.u.t.SubmittedApplicationsPageTest - Selected adaptable job name: 'Darbo vietos pritaikymui'.
2025-03-06 15:07:39 [main] DEBUG l.i.u.p.SubmittedApplicationsPage - Located and clicked the dropdown button 'Reikalinga'.
2025-03-06 15:07:40 [main] INFO  l.i.u.p.SubmittedApplicationsPage - Successfully selected the value: 'Įsigyti'
2025-03-06 15:07:50 [main] DEBUG l.i.u.t.SubmittedApplicationsPageTest - Selected necessary for job: 'Įsigyti'.
2025-03-06 15:07:51 [main] DEBUG l.i.u.t.SubmittedApplicationsPageTest - Selected tool: 'Darbo priemonė 1'.
2025-03-06 15:07:51 [main] DEBUG l.i.u.t.SubmittedApplicationsPageTest - Selected tool parameter one: 'Darbo priemonės 1 parametras 1'.
2025-03-06 15:07:51 [main] DEBUG l.i.u.t.SubmittedApplicationsPageTest - Selected tool parameter two: 'Darbo priemonės 1 parametras 2'.
2025-03-06 15:07:51 [main] DEBUG l.i.u.t.SubmittedApplicationsPageTest - Selected tool parameter three: 'Darbo priemonės 1 parametras 3'.
2025-03-06 15:07:52 [main] DEBUG l.i.u.t.SubmittedApplicationsPageTest - Entered tool count: '1'.
2025-03-06 15:07:52 [main] DEBUG l.i.u.t.SubmittedApplicationsPageTest - Entered price amount: '1000'.
2025-03-06 15:07:52 [main] DEBUG l.i.u.t.SubmittedApplicationsPageTest - Entered own funds amount: '800'.
2025-03-06 15:07:52 [main] DEBUG l.i.u.t.SubmittedApplicationsPageTest - Clicked 'Add' button.
2025-03-06 15:07:52 [main] INFO  l.i.u.p.SubmittedApplicationsPage - Located the dropdown button.
2025-03-06 15:07:53 [main] INFO  l.i.u.p.SubmittedApplicationsPage - Successfully selected the value: 'Aplinkos pritaikymui'
2025-03-06 15:08:23 [main] ERROR l.i.u.p.SubmittedApplicationsPage - Timeout while waiting for dropdown to close with aria-expanded = 'false'.
2025-03-06 15:08:23 [main] DEBUG l.i.u.t.SubmittedApplicationsPageTest - Selected adaptable job name: 'Aplinkos pritaikymui'.
2025-03-06 15:08:23 [main] DEBUG l.i.u.p.SubmittedApplicationsPage - Located and clicked the dropdown button 'Reikalinga'.
2025-03-06 15:08:24 [main] INFO  l.i.u.p.SubmittedApplicationsPage - Successfully selected the value: 'Remontuoti'
2025-03-06 15:08:34 [main] DEBUG l.i.u.t.SubmittedApplicationsPageTest - Selected necessary for job: 'Remontuoti'.
2025-03-06 15:08:35 [main] DEBUG l.i.u.t.SubmittedApplicationsPageTest - Selected tool: 'Darbo priemonė 2 remontui'.
2025-03-06 15:08:35 [main] DEBUG l.i.u.t.SubmittedApplicationsPageTest - Entered tool count: '2'.
2025-03-06 15:08:35 [main] DEBUG l.i.u.t.SubmittedApplicationsPageTest - Entered price amount: '1000'.
2025-03-06 15:08:35 [main] DEBUG l.i.u.t.SubmittedApplicationsPageTest - Entered own funds amount: '900'.
2025-03-06 15:08:36 [main] DEBUG l.i.u.t.SubmittedApplicationsPageTest - Selected 'De Minimis' radio button.
2025-03-06 15:08:36 [main] DEBUG l.i.u.t.SubmittedApplicationsPageTest - Entered program name: 'Programa 1'.
2025-03-06 15:08:36 [main] DEBUG l.i.u.t.SubmittedApplicationsPageTest - Entered project date from.
2025-03-06 15:08:36 [main] DEBUG l.i.u.t.SubmittedApplicationsPageTest - Entered project date until.
2025-03-06 15:08:37 [main] DEBUG l.i.u.t.SubmittedApplicationsPageTest - Entered support amount: '2000'.
2025-03-06 15:08:37 [main] DEBUG l.i.u.t.SubmittedApplicationsPageTest - Clicked 'Next' button.
2025-03-06 15:08:38 [main] ERROR l.i.u.t.SubmittedApplicationsPageTest - Test 'testFillNewDVPApplicationFA' failed with error: element click intercepted: Element <input type="checkbox" class="mdc-checkbox__native-control" id="mat-mdc-checkbox-3-input" tabindex="0"> is not clickable at point (1073, 77). Other element would receive the click: <p>...</p>
  (Session info: chrome=133.0.6943.142)
Build info: version: '4.27.0', revision: 'd6e718d134'
System info: os.name: 'Windows 11', os.arch: 'amd64', os.version: '10.0', java.version: '21.0.3'
Driver info: org.openqa.selenium.chrome.ChromeDriver
Command: [b9b95767e7e1130ca952888a6ab427b1, clickElement {id=f.09EFABFA5A0CBAAD214B4E51296989E1.d.944EFDD8F3601B0640AE3297583461BF.e.2624}]
Capabilities {acceptInsecureCerts: false, browserName: chrome, browserVersion: 133.0.6943.142, chrome: {chromedriverVersion: 133.0.6943.141 (2a5d6da0d61..., userDataDir: C:\Users\INGRID~1.ZAD\AppDa...}, fedcm:accounts: true, goog:chromeOptions: {debuggerAddress: localhost:61838}, networkConnectionEnabled: false, pageLoadStrategy: normal, platformName: windows, proxy: Proxy(), se:cdp: ws://localhost:61838/devtoo..., se:cdpVersion: 133.0.6943.142, setWindowRect: true, strictFileInteractability: false, timeouts: {implicit: 0, pageLoad: 300000, script: 30000}, unhandledPromptBehavior: dismiss and notify, webauthn:extension:credBlob: true, webauthn:extension:largeBlob: true, webauthn:extension:minPinLength: true, webauthn:extension:prf: true, webauthn:virtualAuthenticators: true}
Element: [[ChromeDriver: chrome on windows (b9b95767e7e1130ca952888a6ab427b1)] -> xpath: (//div[contains(@class, 'mdc-checkbox')]//input[@type='checkbox'])[3]]
Session ID: b9b95767e7e1130ca952888a6ab427b1
org.openqa.selenium.ElementClickInterceptedException: element click intercepted: Element <input type="checkbox" class="mdc-checkbox__native-control" id="mat-mdc-checkbox-3-input" tabindex="0"> is not clickable at point (1073, 77). Other element would receive the click: <p>...</p>
  (Session info: chrome=133.0.6943.142)
Build info: version: '4.27.0', revision: 'd6e718d134'
System info: os.name: 'Windows 11', os.arch: 'amd64', os.version: '10.0', java.version: '21.0.3'
Driver info: org.openqa.selenium.chrome.ChromeDriver
Command: [b9b95767e7e1130ca952888a6ab427b1, clickElement {id=f.09EFABFA5A0CBAAD214B4E51296989E1.d.944EFDD8F3601B0640AE3297583461BF.e.2624}]
Capabilities {acceptInsecureCerts: false, browserName: chrome, browserVersion: 133.0.6943.142, chrome: {chromedriverVersion: 133.0.6943.141 (2a5d6da0d61..., userDataDir: C:\Users\INGRID~1.ZAD\AppDa...}, fedcm:accounts: true, goog:chromeOptions: {debuggerAddress: localhost:61838}, networkConnectionEnabled: false, pageLoadStrategy: normal, platformName: windows, proxy: Proxy(), se:cdp: ws://localhost:61838/devtoo..., se:cdpVersion: 133.0.6943.142, setWindowRect: true, strictFileInteractability: false, timeouts: {implicit: 0, pageLoad: 300000, script: 30000}, unhandledPromptBehavior: dismiss and notify, webauthn:extension:credBlob: true, webauthn:extension:largeBlob: true, webauthn:extension:minPinLength: true, webauthn:extension:prf: true, webauthn:virtualAuthenticators: true}
Element: [[ChromeDriver: chrome on windows (b9b95767e7e1130ca952888a6ab427b1)] -> xpath: (//div[contains(@class, 'mdc-checkbox')]//input[@type='checkbox'])[3]]
Session ID: b9b95767e7e1130ca952888a6ab427b1
	at java.base/jdk.internal.reflect.DirectConstructorHandleAccessor.newInstance(DirectConstructorHandleAccessor.java:62)
	at java.base/java.lang.reflect.Constructor.newInstanceWithCaller(Constructor.java:502)
	at java.base/java.lang.reflect.Constructor.newInstance(Constructor.java:486)
	at org.openqa.selenium.remote.ErrorCodec.decode(ErrorCodec.java:167)
	at org.openqa.selenium.remote.codec.w3c.W3CHttpResponseCodec.decode(W3CHttpResponseCodec.java:138)
	at org.openqa.selenium.remote.codec.w3c.W3CHttpResponseCodec.decode(W3CHttpResponseCodec.java:50)
	at org.openqa.selenium.remote.HttpCommandExecutor.execute(HttpCommandExecutor.java:190)
	at org.openqa.selenium.remote.service.DriverCommandExecutor.invokeExecute(DriverCommandExecutor.java:216)
	at org.openqa.selenium.remote.service.DriverCommandExecutor.execute(DriverCommandExecutor.java:174)
	at org.openqa.selenium.remote.RemoteWebDriver.execute(RemoteWebDriver.java:545)
	at org.openqa.selenium.remote.RemoteWebElement.execute(RemoteWebElement.java:223)
	at org.openqa.selenium.remote.RemoteWebElement.click(RemoteWebElement.java:76)
	at java.base/jdk.internal.reflect.DirectMethodHandleAccessor.invoke(DirectMethodHandleAccessor.java:103)
	at java.base/java.lang.reflect.Method.invoke(Method.java:580)
	at org.openqa.selenium.support.pagefactory.internal.LocatingElementHandler.invoke(LocatingElementHandler.java:51)
	at jdk.proxy2/jdk.proxy2.$Proxy14.click(Unknown Source)
	at lt.insoft.uztis.pages.InvitationsPage.setCheckbox(InvitationsPage.java:481)
	at lt.insoft.uztis.tests.SubmittedApplicationsPageTest.testFillNewDVPApplicationFA(SubmittedApplicationsPageTest.java:799)
	at java.base/jdk.internal.reflect.DirectMethodHandleAccessor.invoke(DirectMethodHandleAccessor.java:103)
	at java.base/java.lang.reflect.Method.invoke(Method.java:580)
	at org.junit.platform.commons.util.ReflectionUtils.invokeMethod(ReflectionUtils.java:728)
	at org.junit.jupiter.engine.execution.MethodInvocation.proceed(MethodInvocation.java:60)
	at org.junit.jupiter.engine.execution.InvocationInterceptorChain$ValidatingInvocation.proceed(InvocationInterceptorChain.java:131)
	at org.junit.jupiter.engine.extension.TimeoutExtension.intercept(TimeoutExtension.java:156)
	at org.junit.jupiter.engine.extension.TimeoutExtension.interceptTestableMethod(TimeoutExtension.java:147)
	at org.junit.jupiter.engine.extension.TimeoutExtension.interceptTestMethod(TimeoutExtension.java:86)
	at org.junit.jupiter.engine.execution.InterceptingExecutableInvoker$ReflectiveInterceptorCall.lambda$ofVoidMethod$0(InterceptingExecutableInvoker.java:103)
	at org.junit.jupiter.engine.execution.InterceptingExecutableInvoker.lambda$invoke$0(InterceptingExecutableInvoker.java:93)
	at org.junit.jupiter.engine.execution.InvocationInterceptorChain$InterceptedInvocation.proceed(InvocationInterceptorChain.java:106)
	at org.junit.jupiter.engine.execution.InvocationInterceptorChain.proceed(InvocationInterceptorChain.java:64)
	at org.junit.jupiter.engine.execution.InvocationInterceptorChain.chainAndInvoke(InvocationInterceptorChain.java:45)
	at org.junit.jupiter.engine.execution.InvocationInterceptorChain.invoke(InvocationInterceptorChain.java:37)
	at org.junit.jupiter.engine.execution.InterceptingExecutableInvoker.invoke(InterceptingExecutableInvoker.java:92)
	at org.junit.jupiter.engine.execution.InterceptingExecutableInvoker.invoke(InterceptingExecutableInvoker.java:86)
	at org.junit.jupiter.engine.descriptor.TestMethodTestDescriptor.lambda$invokeTestMethod$7(TestMethodTestDescriptor.java:218)
	at org.junit.platform.engine.support.hierarchical.ThrowableCollector.execute(ThrowableCollector.java:73)
	at org.junit.jupiter.engine.descriptor.TestMethodTestDescriptor.invokeTestMethod(TestMethodTestDescriptor.java:214)
	at org.junit.jupiter.engine.descriptor.TestMethodTestDescriptor.execute(TestMethodTestDescriptor.java:139)
	at org.junit.jupiter.engine.descriptor.TestMethodTestDescriptor.execute(TestMethodTestDescriptor.java:69)
	at org.junit.platform.engine.support.hierarchical.NodeTestTask.lambda$executeRecursively$6(NodeTestTask.java:151)
	at org.junit.platform.engine.support.hierarchical.ThrowableCollector.execute(ThrowableCollector.java:73)
	at org.junit.platform.engine.support.hierarchical.NodeTestTask.lambda$executeRecursively$8(NodeTestTask.java:141)
	at org.junit.platform.engine.support.hierarchical.Node.around(Node.java:137)
	at org.junit.platform.engine.support.hierarchical.NodeTestTask.lambda$executeRecursively$9(NodeTestTask.java:139)
	at org.junit.platform.engine.support.hierarchical.ThrowableCollector.execute(ThrowableCollector.java:73)
	at org.junit.platform.engine.support.hierarchical.NodeTestTask.executeRecursively(NodeTestTask.java:138)
	at org.junit.platform.engine.support.hierarchical.NodeTestTask.execute(NodeTestTask.java:95)
	at java.base/java.util.ArrayList.forEach(ArrayList.java:1596)
	at org.junit.platform.engine.support.hierarchical.SameThreadHierarchicalTestExecutorService.invokeAll(SameThreadHierarchicalTestExecutorService.java:41)
	at org.junit.platform.engine.support.hierarchical.NodeTestTask.lambda$executeRecursively$6(NodeTestTask.java:155)
	at org.junit.platform.engine.support.hierarchical.ThrowableCollector.execute(ThrowableCollector.java:73)
	at org.junit.platform.engine.support.hierarchical.NodeTestTask.lambda$executeRecursively$8(NodeTestTask.java:141)
	at org.junit.platform.engine.support.hierarchical.Node.around(Node.java:137)
	at org.junit.platform.engine.support.hierarchical.NodeTestTask.lambda$executeRecursively$9(NodeTestTask.java:139)
	at org.junit.platform.engine.support.hierarchical.ThrowableCollector.execute(ThrowableCollector.java:73)
	at org.junit.platform.engine.support.hierarchical.NodeTestTask.executeRecursively(NodeTestTask.java:138)
	at org.junit.platform.engine.support.hierarchical.NodeTestTask.execute(NodeTestTask.java:95)
	at java.base/java.util.ArrayList.forEach(ArrayList.java:1596)
	at org.junit.platform.engine.support.hierarchical.SameThreadHierarchicalTestExecutorService.invokeAll(SameThreadHierarchicalTestExecutorService.java:41)
	at org.junit.platform.engine.support.hierarchical.NodeTestTask.lambda$executeRecursively$6(NodeTestTask.java:155)
	at org.junit.platform.engine.support.hierarchical.ThrowableCollector.execute(ThrowableCollector.java:73)
	at org.junit.platform.engine.support.hierarchical.NodeTestTask.lambda$executeRecursively$8(NodeTestTask.java:141)
	at org.junit.platform.engine.support.hierarchical.Node.around(Node.java:137)
	at org.junit.platform.engine.support.hierarchical.NodeTestTask.lambda$executeRecursively$9(NodeTestTask.java:139)
	at org.junit.platform.engine.support.hierarchical.ThrowableCollector.execute(ThrowableCollector.java:73)
	at org.junit.platform.engine.support.hierarchical.NodeTestTask.executeRecursively(NodeTestTask.java:138)
	at org.junit.platform.engine.support.hierarchical.NodeTestTask.execute(NodeTestTask.java:95)
	at org.junit.platform.engine.support.hierarchical.SameThreadHierarchicalTestExecutorService.submit(SameThreadHierarchicalTestExecutorService.java:35)
	at org.junit.platform.engine.support.hierarchical.HierarchicalTestExecutor.execute(HierarchicalTestExecutor.java:57)
	at org.junit.platform.engine.support.hierarchical.HierarchicalTestEngine.execute(HierarchicalTestEngine.java:54)
	at org.junit.platform.launcher.core.EngineExecutionOrchestrator.execute(EngineExecutionOrchestrator.java:198)
	at org.junit.platform.launcher.core.EngineExecutionOrchestrator.execute(EngineExecutionOrchestrator.java:169)
	at org.junit.platform.launcher.core.EngineExecutionOrchestrator.execute(EngineExecutionOrchestrator.java:93)
	at org.junit.platform.launcher.core.EngineExecutionOrchestrator.lambda$execute$0(EngineExecutionOrchestrator.java:58)
	at org.junit.platform.launcher.core.EngineExecutionOrchestrator.withInterceptedStreams(EngineExecutionOrchestrator.java:141)
	at org.junit.platform.launcher.core.EngineExecutionOrchestrator.execute(EngineExecutionOrchestrator.java:57)
	at org.junit.platform.launcher.core.DefaultLauncher.execute(DefaultLauncher.java:103)
	at org.junit.platform.launcher.core.DefaultLauncher.execute(DefaultLauncher.java:85)
	at org.junit.platform.launcher.core.DelegatingLauncher.execute(DelegatingLauncher.java:47)
	at org.junit.platform.launcher.core.SessionPerRequestLauncher.execute(SessionPerRequestLauncher.java:63)
	at com.intellij.junit5.JUnit5IdeaTestRunner.startRunnerWithArgs(JUnit5IdeaTestRunner.java:57)
	at com.intellij.rt.junit.IdeaTestRunner$Repeater$1.execute(IdeaTestRunner.java:38)
	at com.intellij.rt.execution.junit.TestsRepeater.repeat(TestsRepeater.java:11)
	at com.intellij.rt.junit.IdeaTestRunner$Repeater.startRunnerWithArgs(IdeaTestRunner.java:35)
	at com.intellij.rt.junit.JUnitStarter.prepareStreamsAndStart(JUnitStarter.java:232)
	at com.intellij.rt.junit.JUnitStarter.main(JUnitStarter.java:55)
2025-03-06 15:08:38 [main] INFO  l.insoft.uztis.tests.utils.TestUtils - Screenshot moved to C:\Users\ingrida.zadorozniene\Desktop\Asm\UZTIS\UZTIS_tests\test-output\screenshots\20250306\150838720_testFillNewDVPApplicationFA().png
2025-03-06 15:11:00 [main] INFO  lt.insoft.uztis.tests.UztisPageTest - Navigated to https://uztisdev.asseco.lt/home
2025-03-06 15:11:00 [main] INFO  l.i.u.t.SubmittedApplicationsPageTest - Starting test:'testFillNewDVPApplicationFA'
2025-03-06 15:11:01 [main] DEBUG l.i.u.t.SubmittedApplicationsPageTest - User logged in with test credentials.
2025-03-06 15:11:02 [main] DEBUG l.i.u.t.SubmittedApplicationsPageTest - Opened 'Application Processing' menu.
2025-03-06 15:11:02 [main] DEBUG l.i.u.t.SubmittedApplicationsPageTest - Clicked on 'Application Forms' menu.
2025-03-06 15:11:03 [main] DEBUG l.i.u.t.SubmittedApplicationsPageTest - Retrieved last description code text: 'TST-DVP-22'.
2025-03-06 15:11:04 [main] DEBUG l.i.u.t.SubmittedApplicationsPageTest - Clicked on 'Invitation' menu.
2025-03-06 15:11:05 [main] DEBUG l.i.u.t.SubmittedApplicationsPageTest - Selected application section by code: 'TST-DVP-22'.
2025-03-06 15:11:05 [main] DEBUG l.i.u.t.SubmittedApplicationsPageTest - Clicked 'Search' button.
2025-03-06 15:11:05 [main] DEBUG l.i.u.t.SubmittedApplicationsPageTest - Retrieved invitation code: ''.
2025-03-06 15:11:05 [main] DEBUG l.i.u.t.SubmittedApplicationsPageTest - Clicked on 'Submitted Applications' menu.
2025-03-06 15:11:07 [main] DEBUG l.i.u.t.SubmittedApplicationsPageTest - Selected invitation by code: 'TST-DVP-22'.
2025-03-06 15:11:07 [main] DEBUG l.i.u.t.SubmittedApplicationsPageTest - Invitation code inserted.
2025-03-06 15:11:07 [main] DEBUG l.i.u.t.SubmittedApplicationsPageTest - Clicked on 'Action Application' button.
2025-03-06 15:11:07 [main] DEBUG l.i.u.t.SubmittedApplicationsPageTest - Clicked on 'New Application' button.
2025-03-06 15:11:09 [main] DEBUG l.i.u.t.SubmittedApplicationsPageTest - Selected the 'RadioButtonFA' option.
2025-03-06 15:11:09 [main] DEBUG l.i.u.t.SubmittedApplicationsPageTest - Entered phone number: '61298745'.
2025-03-06 15:11:09 [main] DEBUG l.i.u.t.SubmittedApplicationsPageTest - Entered email: 'test@autotest.com'.
2025-03-06 15:11:09 [main] DEBUG l.i.u.t.SubmittedApplicationsPageTest - Checked 'For workplace adaptation' checkbox 1.
2025-03-06 15:11:10 [main] DEBUG l.i.u.t.SubmittedApplicationsPageTest - Checked 'For environmental adaptation' checkbox 2.
2025-03-06 15:11:10 [main] INFO  l.i.u.p.SubmittedApplicationsPage - Located the dropdown button.
2025-03-06 15:11:38 [main] INFO  l.i.u.p.SubmittedApplicationsPage - Found 1741 options in the dropdown.
2025-03-06 15:11:39 [main] INFO  l.i.u.p.SubmittedApplicationsPage - Successfully selected the value: '01.11 - Grūdinių (išskyrus ryžius), ankštinių ir aliejingų sėklų augalų auginimas'
2025-03-06 15:11:49 [main] ERROR l.i.u.p.SubmittedApplicationsPage - Failed to close the dropdown with aria-expanded = 'false'. Attempting manual close.
2025-03-06 15:11:49 [main] INFO  l.i.u.p.SubmittedApplicationsPage - Manual close attempt for the dropdown using body click.
2025-03-06 15:11:49 [main] DEBUG l.i.u.t.SubmittedApplicationsPageTest - Selected EVRK value: '01.11 - Grūdinių (išskyrus ryžius), ankštinių ir aliejingų sėklų augalų auginimas'.
2025-03-06 15:11:49 [main] DEBUG l.i.u.t.SubmittedApplicationsPageTest - Clicked on 'Address Component' button.
2025-03-06 15:11:49 [main] INFO  l.i.u.p.SubmittedApplicationsPage - Located the dropdown button.
2025-03-06 15:11:53 [main] INFO  l.i.u.p.SubmittedApplicationsPage - Successfully selected the value: 'Lietuva'
2025-03-06 15:11:53 [main] DEBUG l.i.u.t.SubmittedApplicationsPageTest - Selected country: 'Lietuva'.
2025-03-06 15:11:53 [main] INFO  l.i.u.p.SubmittedApplicationsPage - Located the dropdown search field.
2025-03-06 15:11:53 [main] INFO  l.i.u.p.SubmittedApplicationsPage - Dropdown city is opened.
2025-03-06 15:11:54 [main] INFO  l.i.u.p.SubmittedApplicationsPage - Searched for value: 'Vilnius'
2025-03-06 15:11:55 [main] INFO  l.i.u.p.SubmittedApplicationsPage - Successfully selected: 'Vilnius'
2025-03-06 15:11:55 [main] INFO  l.i.u.p.SubmittedApplicationsPage - Located the dropdown button.
2025-03-06 15:11:56 [main] INFO  l.i.u.p.SubmittedApplicationsPage - Successfully selected the value: 'A. Domaševičiaus g.'
2025-03-06 15:11:56 [main] DEBUG l.i.u.t.SubmittedApplicationsPageTest - Selected street: 'A. Domaševičiaus g.'.
2025-03-06 15:11:56 [main] INFO  l.i.u.p.SubmittedApplicationsPage - Located the dropdown button.
2025-03-06 15:11:56 [main] INFO  l.i.u.p.SubmittedApplicationsPage - Successfully selected the value: '1'
2025-03-06 15:11:56 [main] DEBUG l.i.u.t.SubmittedApplicationsPageTest - Selected house: '1'.
2025-03-06 15:11:56 [main] INFO  l.i.u.p.SubmittedApplicationsPage - Located the dropdown button.
2025-03-06 15:11:56 [main] INFO  l.i.u.p.SubmittedApplicationsPage - Successfully selected the value: '1'
2025-03-06 15:11:56 [main] DEBUG l.i.u.t.SubmittedApplicationsPageTest - Selected apartment: '1'.
2025-03-06 15:11:57 [main] DEBUG l.i.u.t.SubmittedApplicationsPageTest - Clicked 'Confirm' button.
2025-03-06 15:11:57 [main] DEBUG l.i.u.t.SubmittedApplicationsPageTest - Selected 'For already working' option.
2025-03-06 15:11:57 [main] DEBUG l.i.u.t.SubmittedApplicationsPageTest - Selected 'For new working' option.
2025-03-06 15:11:57 [main] DEBUG l.i.u.t.SubmittedApplicationsPageTest - Entered person count2: '1'.
2025-03-06 15:11:58 [main] DEBUG l.i.u.t.SubmittedApplicationsPageTest - Clicked 'Next' button after checkboxes.
2025-03-06 15:11:58 [main] INFO  l.i.u.p.SubmittedApplicationsPage - Located the dropdown button.
2025-03-06 15:11:59 [main] INFO  l.i.u.p.SubmittedApplicationsPage - Successfully selected the value: 'Administratoriai'
2025-03-06 15:11:59 [main] DEBUG l.i.u.t.SubmittedApplicationsPageTest - Selected adaptable job name: 'Administratoriai'.
2025-03-06 15:12:00 [main] DEBUG l.i.u.t.SubmittedApplicationsPageTest - Entered job date.
2025-03-06 15:12:00 [main] DEBUG l.i.u.t.SubmittedApplicationsPageTest - Entered job function: 'Funkcija 1'.
2025-03-06 15:12:00 [main] DEBUG l.i.u.t.SubmittedApplicationsPageTest - Selected 'For already working' 'no' option.
2025-03-06 15:12:00 [main] INFO  l.i.u.p.SubmittedApplicationsPage - Clicking on the dropdown button.
2025-03-06 15:12:01 [main] INFO  l.i.u.p.SubmittedApplicationsPage - Found 6 options in the dropdown.
2025-03-06 15:12:01 [main] DEBUG l.i.u.p.SubmittedApplicationsPage - Checking option: 'Lengvo neįgalumo lygis ar 45-55 procentų dalyvumo lygis (iki 2023 m. gruodžio 31 d. – 45-55 procentų darbingumo lygis)'
2025-03-06 15:12:01 [main] INFO  l.i.u.p.SubmittedApplicationsPage - Successfully selected the value: 'Lengvo neįgalumo lygis ar 45-55 procentų dalyvumo lygis (iki 2023 m. gruodžio 31 d. – 45-55 procentų darbingumo lygis)'
2025-03-06 15:12:01 [main] INFO  l.i.u.p.SubmittedApplicationsPage - Attempting to close the dropdown.
2025-03-06 15:12:02 [main] DEBUG l.i.u.t.SubmittedApplicationsPageTest - Selected disabilities type: 'Lengvo neįgalumo lygis ar 45-55 procentų dalyvumo lygis (iki 2023 m. gruodžio 31 d. – 45-55 procentų darbingumo lygis)'.
2025-03-06 15:12:03 [main] DEBUG l.i.u.t.SubmittedApplicationsPageTest - Entered disability information: 'Negalia 1'.
2025-03-06 15:12:03 [main] DEBUG l.i.u.t.SubmittedApplicationsPageTest - Entered qualification: 'Kvalifikacija 1'.
2025-03-06 15:12:04 [main] DEBUG l.i.u.t.SubmittedApplicationsPageTest - Entered job description: 'Darbo vietos aprašymas 1'.
2025-03-06 15:12:04 [main] DEBUG l.i.u.t.SubmittedApplicationsPageTest - Entered equipment description: 'Priemonių įsigyjimas 1'.
2025-03-06 15:12:05 [main] DEBUG l.i.u.t.SubmittedApplicationsPageTest - Entered work information: 'Darbai 1'.
2025-03-06 15:12:05 [main] INFO  l.i.u.p.SubmittedApplicationsPage - Located the dropdown button.
2025-03-06 15:12:05 [main] INFO  l.i.u.p.SubmittedApplicationsPage - Successfully selected the value: 'Kita'
2025-03-06 15:12:05 [main] DEBUG l.i.u.t.SubmittedApplicationsPageTest - Selected time mode: 'Kita'.
2025-03-06 15:12:06 [main] DEBUG l.i.u.t.SubmittedApplicationsPageTest - Selected time mode other: '6 val. per dieną ir 4 d. per savaitę'.
2025-03-06 15:12:06 [main] DEBUG l.i.u.t.SubmittedApplicationsPageTest - Entered salary amount: '1200'.
2025-03-06 15:12:06 [main] DEBUG l.i.u.t.SubmittedApplicationsPageTest - Selected 'Temporary Job' radio button.
2025-03-06 15:12:07 [main] DEBUG l.i.u.t.SubmittedApplicationsPageTest - Selected 'Season Job' radio button.
2025-03-06 15:12:07 [main] DEBUG l.i.u.t.SubmittedApplicationsPageTest - Selected 'PVM' radio button.
2025-03-06 15:12:07 [main] INFO  l.i.u.p.SubmittedApplicationsPage - Located the dropdown button.
2025-03-06 15:12:08 [main] INFO  l.i.u.p.SubmittedApplicationsPage - Successfully selected the value: 'Darbo vietos pritaikymui'
2025-03-06 15:12:38 [main] ERROR l.i.u.p.SubmittedApplicationsPage - Timeout while waiting for dropdown to close with aria-expanded = 'false'.
2025-03-06 15:12:38 [main] DEBUG l.i.u.t.SubmittedApplicationsPageTest - Selected adaptable job name: 'Darbo vietos pritaikymui'.
2025-03-06 15:12:38 [main] DEBUG l.i.u.p.SubmittedApplicationsPage - Located and clicked the dropdown button 'Reikalinga'.
2025-03-06 15:12:38 [main] INFO  l.i.u.p.SubmittedApplicationsPage - Successfully selected the value: 'Įsigyti'
2025-03-06 15:12:49 [main] DEBUG l.i.u.t.SubmittedApplicationsPageTest - Selected necessary for job: 'Įsigyti'.
2025-03-06 15:12:49 [main] DEBUG l.i.u.t.SubmittedApplicationsPageTest - Selected tool: 'Darbo priemonė 1'.
2025-03-06 15:12:49 [main] DEBUG l.i.u.t.SubmittedApplicationsPageTest - Selected tool parameter one: 'Darbo priemonės 1 parametras 1'.
2025-03-06 15:12:50 [main] DEBUG l.i.u.t.SubmittedApplicationsPageTest - Selected tool parameter two: 'Darbo priemonės 1 parametras 2'.
2025-03-06 15:12:50 [main] DEBUG l.i.u.t.SubmittedApplicationsPageTest - Selected tool parameter three: 'Darbo priemonės 1 parametras 3'.
2025-03-06 15:12:50 [main] DEBUG l.i.u.t.SubmittedApplicationsPageTest - Entered tool count: '1'.
2025-03-06 15:12:50 [main] DEBUG l.i.u.t.SubmittedApplicationsPageTest - Entered price amount: '1000'.
2025-03-06 15:12:51 [main] DEBUG l.i.u.t.SubmittedApplicationsPageTest - Entered own funds amount: '800'.
2025-03-06 15:12:51 [main] DEBUG l.i.u.t.SubmittedApplicationsPageTest - Clicked 'Add' button.
2025-03-06 15:12:51 [main] INFO  l.i.u.p.SubmittedApplicationsPage - Located the dropdown button.
2025-03-06 15:12:51 [main] INFO  l.i.u.p.SubmittedApplicationsPage - Successfully selected the value: 'Aplinkos pritaikymui'
2025-03-06 15:13:21 [main] ERROR l.i.u.p.SubmittedApplicationsPage - Timeout while waiting for dropdown to close with aria-expanded = 'false'.
2025-03-06 15:13:21 [main] DEBUG l.i.u.t.SubmittedApplicationsPageTest - Selected adaptable job name: 'Aplinkos pritaikymui'.
2025-03-06 15:13:22 [main] DEBUG l.i.u.p.SubmittedApplicationsPage - Located and clicked the dropdown button 'Reikalinga'.
2025-03-06 15:13:22 [main] INFO  l.i.u.p.SubmittedApplicationsPage - Successfully selected the value: 'Remontuoti'
2025-03-06 15:13:22 [main] DEBUG l.i.u.t.SubmittedApplicationsPageTest - Selected necessary for job: 'Remontuoti'.
2025-03-06 15:13:23 [main] DEBUG l.i.u.t.SubmittedApplicationsPageTest - Selected tool: 'Darbo priemonė 2 remontui'.
2025-03-06 15:13:23 [main] DEBUG l.i.u.t.SubmittedApplicationsPageTest - Entered tool count: '2'.
2025-03-06 15:13:23 [main] DEBUG l.i.u.t.SubmittedApplicationsPageTest - Entered price amount: '1000'.
2025-03-06 15:13:23 [main] DEBUG l.i.u.t.SubmittedApplicationsPageTest - Entered own funds amount: '900'.
2025-03-06 15:13:23 [main] DEBUG l.i.u.t.SubmittedApplicationsPageTest - Selected 'De Minimis' radio button.
2025-03-06 15:13:24 [main] DEBUG l.i.u.t.SubmittedApplicationsPageTest - Entered program name: 'Programa 1'.
2025-03-06 15:13:24 [main] DEBUG l.i.u.t.SubmittedApplicationsPageTest - Entered project date from.
2025-03-06 15:13:24 [main] DEBUG l.i.u.t.SubmittedApplicationsPageTest - Entered project date until.
2025-03-06 15:13:25 [main] DEBUG l.i.u.t.SubmittedApplicationsPageTest - Entered support amount: '2000'.
2025-03-06 15:13:25 [main] DEBUG l.i.u.t.SubmittedApplicationsPageTest - Clicked 'Next' button.
2025-03-06 15:13:26 [main] ERROR l.i.u.t.SubmittedApplicationsPageTest - Test 'testFillNewDVPApplicationFA' failed with error: element click intercepted: Element <input type="checkbox" class="mdc-checkbox__native-control" id="mat-mdc-checkbox-4-input" tabindex="0"> is not clickable at point (750, 356). Other element would receive the click: <strong>...</strong>
  (Session info: chrome=133.0.6943.142)
Build info: version: '4.27.0', revision: 'd6e718d134'
System info: os.name: 'Windows 11', os.arch: 'amd64', os.version: '10.0', java.version: '21.0.3'
Driver info: org.openqa.selenium.chrome.ChromeDriver
Command: [e2fc71ca648db8250b9a1bbc229259b4, clickElement {id=f.EE0140714A3CFAE80B4F7C9AC790B5BD.d.D0BCFC94DBF28F1C3EE8415F83F76D43.e.2627}]
Capabilities {acceptInsecureCerts: false, browserName: chrome, browserVersion: 133.0.6943.142, chrome: {chromedriverVersion: 133.0.6943.141 (2a5d6da0d61..., userDataDir: C:\Users\INGRID~1.ZAD\AppDa...}, fedcm:accounts: true, goog:chromeOptions: {debuggerAddress: localhost:62061}, networkConnectionEnabled: false, pageLoadStrategy: normal, platformName: windows, proxy: Proxy(), se:cdp: ws://localhost:62061/devtoo..., se:cdpVersion: 133.0.6943.142, setWindowRect: true, strictFileInteractability: false, timeouts: {implicit: 0, pageLoad: 300000, script: 30000}, unhandledPromptBehavior: dismiss and notify, webauthn:extension:credBlob: true, webauthn:extension:largeBlob: true, webauthn:extension:minPinLength: true, webauthn:extension:prf: true, webauthn:virtualAuthenticators: true}
Element: [[ChromeDriver: chrome on windows (e2fc71ca648db8250b9a1bbc229259b4)] -> xpath: (//div[contains(@class, 'mdc-checkbox')]//input[@type='checkbox'])[4]]
Session ID: e2fc71ca648db8250b9a1bbc229259b4
org.openqa.selenium.ElementClickInterceptedException: element click intercepted: Element <input type="checkbox" class="mdc-checkbox__native-control" id="mat-mdc-checkbox-4-input" tabindex="0"> is not clickable at point (750, 356). Other element would receive the click: <strong>...</strong>
  (Session info: chrome=133.0.6943.142)
Build info: version: '4.27.0', revision: 'd6e718d134'
System info: os.name: 'Windows 11', os.arch: 'amd64', os.version: '10.0', java.version: '21.0.3'
Driver info: org.openqa.selenium.chrome.ChromeDriver
Command: [e2fc71ca648db8250b9a1bbc229259b4, clickElement {id=f.EE0140714A3CFAE80B4F7C9AC790B5BD.d.D0BCFC94DBF28F1C3EE8415F83F76D43.e.2627}]
Capabilities {acceptInsecureCerts: false, browserName: chrome, browserVersion: 133.0.6943.142, chrome: {chromedriverVersion: 133.0.6943.141 (2a5d6da0d61..., userDataDir: C:\Users\INGRID~1.ZAD\AppDa...}, fedcm:accounts: true, goog:chromeOptions: {debuggerAddress: localhost:62061}, networkConnectionEnabled: false, pageLoadStrategy: normal, platformName: windows, proxy: Proxy(), se:cdp: ws://localhost:62061/devtoo..., se:cdpVersion: 133.0.6943.142, setWindowRect: true, strictFileInteractability: false, timeouts: {implicit: 0, pageLoad: 300000, script: 30000}, unhandledPromptBehavior: dismiss and notify, webauthn:extension:credBlob: true, webauthn:extension:largeBlob: true, webauthn:extension:minPinLength: true, webauthn:extension:prf: true, webauthn:virtualAuthenticators: true}
Element: [[ChromeDriver: chrome on windows (e2fc71ca648db8250b9a1bbc229259b4)] -> xpath: (//div[contains(@class, 'mdc-checkbox')]//input[@type='checkbox'])[4]]
Session ID: e2fc71ca648db8250b9a1bbc229259b4
	at java.base/jdk.internal.reflect.DirectConstructorHandleAccessor.newInstance(DirectConstructorHandleAccessor.java:62)
	at java.base/java.lang.reflect.Constructor.newInstanceWithCaller(Constructor.java:502)
	at java.base/java.lang.reflect.Constructor.newInstance(Constructor.java:486)
	at org.openqa.selenium.remote.ErrorCodec.decode(ErrorCodec.java:167)
	at org.openqa.selenium.remote.codec.w3c.W3CHttpResponseCodec.decode(W3CHttpResponseCodec.java:138)
	at org.openqa.selenium.remote.codec.w3c.W3CHttpResponseCodec.decode(W3CHttpResponseCodec.java:50)
	at org.openqa.selenium.remote.HttpCommandExecutor.execute(HttpCommandExecutor.java:190)
	at org.openqa.selenium.remote.service.DriverCommandExecutor.invokeExecute(DriverCommandExecutor.java:216)
	at org.openqa.selenium.remote.service.DriverCommandExecutor.execute(DriverCommandExecutor.java:174)
	at org.openqa.selenium.remote.RemoteWebDriver.execute(RemoteWebDriver.java:545)
	at org.openqa.selenium.remote.RemoteWebElement.execute(RemoteWebElement.java:223)
	at org.openqa.selenium.remote.RemoteWebElement.click(RemoteWebElement.java:76)
	at java.base/jdk.internal.reflect.DirectMethodHandleAccessor.invoke(DirectMethodHandleAccessor.java:103)
	at java.base/java.lang.reflect.Method.invoke(Method.java:580)
	at org.openqa.selenium.support.pagefactory.internal.LocatingElementHandler.invoke(LocatingElementHandler.java:51)
	at jdk.proxy2/jdk.proxy2.$Proxy14.click(Unknown Source)
	at lt.insoft.uztis.pages.InvitationsPage.setCheckbox(InvitationsPage.java:481)
	at lt.insoft.uztis.tests.SubmittedApplicationsPageTest.testFillNewDVPApplicationFA(SubmittedApplicationsPageTest.java:802)
	at java.base/jdk.internal.reflect.DirectMethodHandleAccessor.invoke(DirectMethodHandleAccessor.java:103)
	at java.base/java.lang.reflect.Method.invoke(Method.java:580)
	at org.junit.platform.commons.util.ReflectionUtils.invokeMethod(ReflectionUtils.java:728)
	at org.junit.jupiter.engine.execution.MethodInvocation.proceed(MethodInvocation.java:60)
	at org.junit.jupiter.engine.execution.InvocationInterceptorChain$ValidatingInvocation.proceed(InvocationInterceptorChain.java:131)
	at org.junit.jupiter.engine.extension.TimeoutExtension.intercept(TimeoutExtension.java:156)
	at org.junit.jupiter.engine.extension.TimeoutExtension.interceptTestableMethod(TimeoutExtension.java:147)
	at org.junit.jupiter.engine.extension.TimeoutExtension.interceptTestMethod(TimeoutExtension.java:86)
	at org.junit.jupiter.engine.execution.InterceptingExecutableInvoker$ReflectiveInterceptorCall.lambda$ofVoidMethod$0(InterceptingExecutableInvoker.java:103)
	at org.junit.jupiter.engine.execution.InterceptingExecutableInvoker.lambda$invoke$0(InterceptingExecutableInvoker.java:93)
	at org.junit.jupiter.engine.execution.InvocationInterceptorChain$InterceptedInvocation.proceed(InvocationInterceptorChain.java:106)
	at org.junit.jupiter.engine.execution.InvocationInterceptorChain.proceed(InvocationInterceptorChain.java:64)
	at org.junit.jupiter.engine.execution.InvocationInterceptorChain.chainAndInvoke(InvocationInterceptorChain.java:45)
	at org.junit.jupiter.engine.execution.InvocationInterceptorChain.invoke(InvocationInterceptorChain.java:37)
	at org.junit.jupiter.engine.execution.InterceptingExecutableInvoker.invoke(InterceptingExecutableInvoker.java:92)
	at org.junit.jupiter.engine.execution.InterceptingExecutableInvoker.invoke(InterceptingExecutableInvoker.java:86)
	at org.junit.jupiter.engine.descriptor.TestMethodTestDescriptor.lambda$invokeTestMethod$7(TestMethodTestDescriptor.java:218)
	at org.junit.platform.engine.support.hierarchical.ThrowableCollector.execute(ThrowableCollector.java:73)
	at org.junit.jupiter.engine.descriptor.TestMethodTestDescriptor.invokeTestMethod(TestMethodTestDescriptor.java:214)
	at org.junit.jupiter.engine.descriptor.TestMethodTestDescriptor.execute(TestMethodTestDescriptor.java:139)
	at org.junit.jupiter.engine.descriptor.TestMethodTestDescriptor.execute(TestMethodTestDescriptor.java:69)
	at org.junit.platform.engine.support.hierarchical.NodeTestTask.lambda$executeRecursively$6(NodeTestTask.java:151)
	at org.junit.platform.engine.support.hierarchical.ThrowableCollector.execute(ThrowableCollector.java:73)
	at org.junit.platform.engine.support.hierarchical.NodeTestTask.lambda$executeRecursively$8(NodeTestTask.java:141)
	at org.junit.platform.engine.support.hierarchical.Node.around(Node.java:137)
	at org.junit.platform.engine.support.hierarchical.NodeTestTask.lambda$executeRecursively$9(NodeTestTask.java:139)
	at org.junit.platform.engine.support.hierarchical.ThrowableCollector.execute(ThrowableCollector.java:73)
	at org.junit.platform.engine.support.hierarchical.NodeTestTask.executeRecursively(NodeTestTask.java:138)
	at org.junit.platform.engine.support.hierarchical.NodeTestTask.execute(NodeTestTask.java:95)
	at java.base/java.util.ArrayList.forEach(ArrayList.java:1596)
	at org.junit.platform.engine.support.hierarchical.SameThreadHierarchicalTestExecutorService.invokeAll(SameThreadHierarchicalTestExecutorService.java:41)
	at org.junit.platform.engine.support.hierarchical.NodeTestTask.lambda$executeRecursively$6(NodeTestTask.java:155)
	at org.junit.platform.engine.support.hierarchical.ThrowableCollector.execute(ThrowableCollector.java:73)
	at org.junit.platform.engine.support.hierarchical.NodeTestTask.lambda$executeRecursively$8(NodeTestTask.java:141)
	at org.junit.platform.engine.support.hierarchical.Node.around(Node.java:137)
	at org.junit.platform.engine.support.hierarchical.NodeTestTask.lambda$executeRecursively$9(NodeTestTask.java:139)
	at org.junit.platform.engine.support.hierarchical.ThrowableCollector.execute(ThrowableCollector.java:73)
	at org.junit.platform.engine.support.hierarchical.NodeTestTask.executeRecursively(NodeTestTask.java:138)
	at org.junit.platform.engine.support.hierarchical.NodeTestTask.execute(NodeTestTask.java:95)
	at java.base/java.util.ArrayList.forEach(ArrayList.java:1596)
	at org.junit.platform.engine.support.hierarchical.SameThreadHierarchicalTestExecutorService.invokeAll(SameThreadHierarchicalTestExecutorService.java:41)
	at org.junit.platform.engine.support.hierarchical.NodeTestTask.lambda$executeRecursively$6(NodeTestTask.java:155)
	at org.junit.platform.engine.support.hierarchical.ThrowableCollector.execute(ThrowableCollector.java:73)
	at org.junit.platform.engine.support.hierarchical.NodeTestTask.lambda$executeRecursively$8(NodeTestTask.java:141)
	at org.junit.platform.engine.support.hierarchical.Node.around(Node.java:137)
	at org.junit.platform.engine.support.hierarchical.NodeTestTask.lambda$executeRecursively$9(NodeTestTask.java:139)
	at org.junit.platform.engine.support.hierarchical.ThrowableCollector.execute(ThrowableCollector.java:73)
	at org.junit.platform.engine.support.hierarchical.NodeTestTask.executeRecursively(NodeTestTask.java:138)
	at org.junit.platform.engine.support.hierarchical.NodeTestTask.execute(NodeTestTask.java:95)
	at org.junit.platform.engine.support.hierarchical.SameThreadHierarchicalTestExecutorService.submit(SameThreadHierarchicalTestExecutorService.java:35)
	at org.junit.platform.engine.support.hierarchical.HierarchicalTestExecutor.execute(HierarchicalTestExecutor.java:57)
	at org.junit.platform.engine.support.hierarchical.HierarchicalTestEngine.execute(HierarchicalTestEngine.java:54)
	at org.junit.platform.launcher.core.EngineExecutionOrchestrator.execute(EngineExecutionOrchestrator.java:198)
	at org.junit.platform.launcher.core.EngineExecutionOrchestrator.execute(EngineExecutionOrchestrator.java:169)
	at org.junit.platform.launcher.core.EngineExecutionOrchestrator.execute(EngineExecutionOrchestrator.java:93)
	at org.junit.platform.launcher.core.EngineExecutionOrchestrator.lambda$execute$0(EngineExecutionOrchestrator.java:58)
	at org.junit.platform.launcher.core.EngineExecutionOrchestrator.withInterceptedStreams(EngineExecutionOrchestrator.java:141)
	at org.junit.platform.launcher.core.EngineExecutionOrchestrator.execute(EngineExecutionOrchestrator.java:57)
	at org.junit.platform.launcher.core.DefaultLauncher.execute(DefaultLauncher.java:103)
	at org.junit.platform.launcher.core.DefaultLauncher.execute(DefaultLauncher.java:85)
	at org.junit.platform.launcher.core.DelegatingLauncher.execute(DelegatingLauncher.java:47)
	at org.junit.platform.launcher.core.SessionPerRequestLauncher.execute(SessionPerRequestLauncher.java:63)
	at com.intellij.junit5.JUnit5IdeaTestRunner.startRunnerWithArgs(JUnit5IdeaTestRunner.java:57)
	at com.intellij.rt.junit.IdeaTestRunner$Repeater$1.execute(IdeaTestRunner.java:38)
	at com.intellij.rt.execution.junit.TestsRepeater.repeat(TestsRepeater.java:11)
	at com.intellij.rt.junit.IdeaTestRunner$Repeater.startRunnerWithArgs(IdeaTestRunner.java:35)
	at com.intellij.rt.junit.JUnitStarter.prepareStreamsAndStart(JUnitStarter.java:232)
	at com.intellij.rt.junit.JUnitStarter.main(JUnitStarter.java:55)
2025-03-06 15:13:26 [main] INFO  l.insoft.uztis.tests.utils.TestUtils - Screenshot moved to C:\Users\ingrida.zadorozniene\Desktop\Asm\UZTIS\UZTIS_tests\test-output\screenshots\20250306\151326704_testFillNewDVPApplicationFA().png
2025-03-06 15:15:58 [main] INFO  lt.insoft.uztis.tests.UztisPageTest - Navigated to https://uztisdev.asseco.lt/home
2025-03-06 15:15:58 [main] INFO  l.i.u.t.SubmittedApplicationsPageTest - Starting test:'testFillNewDVPApplicationFA'
2025-03-06 15:15:59 [main] DEBUG l.i.u.t.SubmittedApplicationsPageTest - User logged in with test credentials.
2025-03-06 15:15:59 [main] DEBUG l.i.u.t.SubmittedApplicationsPageTest - Opened 'Application Processing' menu.
2025-03-06 15:15:59 [main] DEBUG l.i.u.t.SubmittedApplicationsPageTest - Clicked on 'Application Forms' menu.
2025-03-06 15:16:00 [main] DEBUG l.i.u.t.SubmittedApplicationsPageTest - Retrieved last description code text: 'TST-DVP-22'.
2025-03-06 15:16:00 [main] DEBUG l.i.u.t.SubmittedApplicationsPageTest - Clicked on 'Invitation' menu.
2025-03-06 15:16:02 [main] DEBUG l.i.u.t.SubmittedApplicationsPageTest - Selected application section by code: 'TST-DVP-22'.
2025-03-06 15:16:02 [main] DEBUG l.i.u.t.SubmittedApplicationsPageTest - Clicked 'Search' button.
2025-03-06 15:16:02 [main] DEBUG l.i.u.t.SubmittedApplicationsPageTest - Retrieved invitation code: ''.
2025-03-06 15:16:02 [main] DEBUG l.i.u.t.SubmittedApplicationsPageTest - Clicked on 'Submitted Applications' menu.
2025-03-06 15:16:04 [main] DEBUG l.i.u.t.SubmittedApplicationsPageTest - Selected invitation by code: 'TST-DVP-22'.
2025-03-06 15:16:04 [main] DEBUG l.i.u.t.SubmittedApplicationsPageTest - Invitation code inserted.
2025-03-06 15:16:04 [main] DEBUG l.i.u.t.SubmittedApplicationsPageTest - Clicked on 'Action Application' button.
2025-03-06 15:16:05 [main] DEBUG l.i.u.t.SubmittedApplicationsPageTest - Clicked on 'New Application' button.
2025-03-06 15:16:06 [main] DEBUG l.i.u.t.SubmittedApplicationsPageTest - Selected the 'RadioButtonFA' option.
2025-03-06 15:16:06 [main] DEBUG l.i.u.t.SubmittedApplicationsPageTest - Entered phone number: '61298745'.
2025-03-06 15:16:07 [main] DEBUG l.i.u.t.SubmittedApplicationsPageTest - Entered email: 'test@autotest.com'.
2025-03-06 15:16:07 [main] DEBUG l.i.u.t.SubmittedApplicationsPageTest - Checked 'For workplace adaptation' checkbox 1.
2025-03-06 15:16:07 [main] DEBUG l.i.u.t.SubmittedApplicationsPageTest - Checked 'For environmental adaptation' checkbox 2.
2025-03-06 15:16:07 [main] INFO  l.i.u.p.SubmittedApplicationsPage - Located the dropdown button.
2025-03-06 15:16:39 [main] INFO  l.i.u.p.SubmittedApplicationsPage - Found 1741 options in the dropdown.
2025-03-06 15:16:39 [main] INFO  l.i.u.p.SubmittedApplicationsPage - Successfully selected the value: '01.11 - Grūdinių (išskyrus ryžius), ankštinių ir aliejingų sėklų augalų auginimas'
2025-03-06 15:16:49 [main] ERROR l.i.u.p.SubmittedApplicationsPage - Failed to close the dropdown with aria-expanded = 'false'. Attempting manual close.
2025-03-06 15:16:49 [main] INFO  l.i.u.p.SubmittedApplicationsPage - Manual close attempt for the dropdown using body click.
2025-03-06 15:16:49 [main] DEBUG l.i.u.t.SubmittedApplicationsPageTest - Selected EVRK value: '01.11 - Grūdinių (išskyrus ryžius), ankštinių ir aliejingų sėklų augalų auginimas'.
2025-03-06 15:16:49 [main] DEBUG l.i.u.t.SubmittedApplicationsPageTest - Clicked on 'Address Component' button.
2025-03-06 15:16:49 [main] INFO  l.i.u.p.SubmittedApplicationsPage - Located the dropdown button.
2025-03-06 15:16:54 [main] INFO  l.i.u.p.SubmittedApplicationsPage - Successfully selected the value: 'Lietuva'
2025-03-06 15:16:54 [main] DEBUG l.i.u.t.SubmittedApplicationsPageTest - Selected country: 'Lietuva'.
2025-03-06 15:16:54 [main] INFO  l.i.u.p.SubmittedApplicationsPage - Located the dropdown search field.
2025-03-06 15:16:54 [main] INFO  l.i.u.p.SubmittedApplicationsPage - Dropdown city is opened.
2025-03-06 15:16:54 [main] INFO  l.i.u.p.SubmittedApplicationsPage - Searched for value: 'Vilnius'
2025-03-06 15:16:55 [main] INFO  l.i.u.p.SubmittedApplicationsPage - Successfully selected: 'Vilnius'
2025-03-06 15:16:55 [main] INFO  l.i.u.p.SubmittedApplicationsPage - Located the dropdown button.
2025-03-06 15:16:56 [main] INFO  l.i.u.p.SubmittedApplicationsPage - Successfully selected the value: 'A. Domaševičiaus g.'
2025-03-06 15:16:56 [main] DEBUG l.i.u.t.SubmittedApplicationsPageTest - Selected street: 'A. Domaševičiaus g.'.
2025-03-06 15:16:56 [main] INFO  l.i.u.p.SubmittedApplicationsPage - Located the dropdown button.
2025-03-06 15:16:56 [main] INFO  l.i.u.p.SubmittedApplicationsPage - Successfully selected the value: '1'
2025-03-06 15:16:56 [main] DEBUG l.i.u.t.SubmittedApplicationsPageTest - Selected house: '1'.
2025-03-06 15:16:56 [main] INFO  l.i.u.p.SubmittedApplicationsPage - Located the dropdown button.
2025-03-06 15:16:57 [main] INFO  l.i.u.p.SubmittedApplicationsPage - Successfully selected the value: '1'
2025-03-06 15:16:57 [main] DEBUG l.i.u.t.SubmittedApplicationsPageTest - Selected apartment: '1'.
2025-03-06 15:16:57 [main] DEBUG l.i.u.t.SubmittedApplicationsPageTest - Clicked 'Confirm' button.
2025-03-06 15:16:57 [main] DEBUG l.i.u.t.SubmittedApplicationsPageTest - Selected 'For already working' option.
2025-03-06 15:16:57 [main] DEBUG l.i.u.t.SubmittedApplicationsPageTest - Selected 'For new working' option.
2025-03-06 15:16:57 [main] DEBUG l.i.u.t.SubmittedApplicationsPageTest - Entered person count2: '1'.
2025-03-06 15:16:58 [main] DEBUG l.i.u.t.SubmittedApplicationsPageTest - Clicked 'Next' button after checkboxes.
2025-03-06 15:16:58 [main] INFO  l.i.u.p.SubmittedApplicationsPage - Located the dropdown button.
2025-03-06 15:17:00 [main] INFO  l.i.u.p.SubmittedApplicationsPage - Successfully selected the value: 'Administratoriai'
2025-03-06 15:17:00 [main] DEBUG l.i.u.t.SubmittedApplicationsPageTest - Selected adaptable job name: 'Administratoriai'.
2025-03-06 15:17:01 [main] DEBUG l.i.u.t.SubmittedApplicationsPageTest - Entered job date.
2025-03-06 15:17:01 [main] DEBUG l.i.u.t.SubmittedApplicationsPageTest - Entered job function: 'Funkcija 1'.
2025-03-06 15:17:01 [main] DEBUG l.i.u.t.SubmittedApplicationsPageTest - Selected 'For already working' 'no' option.
2025-03-06 15:17:01 [main] INFO  l.i.u.p.SubmittedApplicationsPage - Clicking on the dropdown button.
2025-03-06 15:17:02 [main] INFO  l.i.u.p.SubmittedApplicationsPage - Found 6 options in the dropdown.
2025-03-06 15:17:02 [main] DEBUG l.i.u.p.SubmittedApplicationsPage - Checking option: 'Lengvo neįgalumo lygis ar 45-55 procentų dalyvumo lygis (iki 2023 m. gruodžio 31 d. – 45-55 procentų darbingumo lygis)'
2025-03-06 15:17:03 [main] INFO  l.i.u.p.SubmittedApplicationsPage - Successfully selected the value: 'Lengvo neįgalumo lygis ar 45-55 procentų dalyvumo lygis (iki 2023 m. gruodžio 31 d. – 45-55 procentų darbingumo lygis)'
2025-03-06 15:17:03 [main] INFO  l.i.u.p.SubmittedApplicationsPage - Attempting to close the dropdown.
2025-03-06 15:17:03 [main] DEBUG l.i.u.t.SubmittedApplicationsPageTest - Selected disabilities type: 'Lengvo neįgalumo lygis ar 45-55 procentų dalyvumo lygis (iki 2023 m. gruodžio 31 d. – 45-55 procentų darbingumo lygis)'.
2025-03-06 15:17:04 [main] DEBUG l.i.u.t.SubmittedApplicationsPageTest - Entered disability information: 'Negalia 1'.
2025-03-06 15:17:04 [main] DEBUG l.i.u.t.SubmittedApplicationsPageTest - Entered qualification: 'Kvalifikacija 1'.
2025-03-06 15:17:05 [main] DEBUG l.i.u.t.SubmittedApplicationsPageTest - Entered job description: 'Darbo vietos aprašymas 1'.
2025-03-06 15:17:05 [main] DEBUG l.i.u.t.SubmittedApplicationsPageTest - Entered equipment description: 'Priemonių įsigyjimas 1'.
2025-03-06 15:17:06 [main] DEBUG l.i.u.t.SubmittedApplicationsPageTest - Entered work information: 'Darbai 1'.
2025-03-06 15:17:06 [main] INFO  l.i.u.p.SubmittedApplicationsPage - Located the dropdown button.
2025-03-06 15:17:07 [main] INFO  l.i.u.p.SubmittedApplicationsPage - Successfully selected the value: 'Kita'
2025-03-06 15:17:07 [main] DEBUG l.i.u.t.SubmittedApplicationsPageTest - Selected time mode: 'Kita'.
2025-03-06 15:17:07 [main] DEBUG l.i.u.t.SubmittedApplicationsPageTest - Selected time mode other: '6 val. per dieną ir 4 d. per savaitę'.
2025-03-06 15:17:08 [main] DEBUG l.i.u.t.SubmittedApplicationsPageTest - Entered salary amount: '1200'.
2025-03-06 15:17:08 [main] DEBUG l.i.u.t.SubmittedApplicationsPageTest - Selected 'Temporary Job' radio button.
2025-03-06 15:17:08 [main] DEBUG l.i.u.t.SubmittedApplicationsPageTest - Selected 'Season Job' radio button.
2025-03-06 15:17:09 [main] DEBUG l.i.u.t.SubmittedApplicationsPageTest - Selected 'PVM' radio button.
2025-03-06 15:17:09 [main] INFO  l.i.u.p.SubmittedApplicationsPage - Located the dropdown button.
2025-03-06 15:17:09 [main] INFO  l.i.u.p.SubmittedApplicationsPage - Successfully selected the value: 'Darbo vietos pritaikymui'
2025-03-06 15:17:40 [main] ERROR l.i.u.p.SubmittedApplicationsPage - Timeout while waiting for dropdown to close with aria-expanded = 'false'.
2025-03-06 15:17:40 [main] DEBUG l.i.u.t.SubmittedApplicationsPageTest - Selected adaptable job name: 'Darbo vietos pritaikymui'.
2025-03-06 15:17:40 [main] DEBUG l.i.u.p.SubmittedApplicationsPage - Located and clicked the dropdown button 'Reikalinga'.
2025-03-06 15:17:40 [main] INFO  l.i.u.p.SubmittedApplicationsPage - Successfully selected the value: 'Įsigyti'
2025-03-06 15:17:51 [main] DEBUG l.i.u.t.SubmittedApplicationsPageTest - Selected necessary for job: 'Įsigyti'.
2025-03-06 15:17:51 [main] DEBUG l.i.u.t.SubmittedApplicationsPageTest - Selected tool: 'Darbo priemonė 1'.
2025-03-06 15:17:51 [main] DEBUG l.i.u.t.SubmittedApplicationsPageTest - Selected tool parameter one: 'Darbo priemonės 1 parametras 1'.
2025-03-06 15:17:52 [main] DEBUG l.i.u.t.SubmittedApplicationsPageTest - Selected tool parameter two: 'Darbo priemonės 1 parametras 2'.
2025-03-06 15:17:52 [main] DEBUG l.i.u.t.SubmittedApplicationsPageTest - Selected tool parameter three: 'Darbo priemonės 1 parametras 3'.
2025-03-06 15:17:52 [main] DEBUG l.i.u.t.SubmittedApplicationsPageTest - Entered tool count: '1'.
2025-03-06 15:17:52 [main] DEBUG l.i.u.t.SubmittedApplicationsPageTest - Entered price amount: '1000'.
2025-03-06 15:17:53 [main] DEBUG l.i.u.t.SubmittedApplicationsPageTest - Entered own funds amount: '800'.
2025-03-06 15:17:53 [main] DEBUG l.i.u.t.SubmittedApplicationsPageTest - Clicked 'Add' button.
2025-03-06 15:17:53 [main] INFO  l.i.u.p.SubmittedApplicationsPage - Located the dropdown button.
2025-03-06 15:17:54 [main] INFO  l.i.u.p.SubmittedApplicationsPage - Successfully selected the value: 'Aplinkos pritaikymui'
2025-03-06 15:18:24 [main] ERROR l.i.u.p.SubmittedApplicationsPage - Timeout while waiting for dropdown to close with aria-expanded = 'false'.
2025-03-06 15:18:24 [main] DEBUG l.i.u.t.SubmittedApplicationsPageTest - Selected adaptable job name: 'Aplinkos pritaikymui'.
2025-03-06 15:18:24 [main] DEBUG l.i.u.p.SubmittedApplicationsPage - Located and clicked the dropdown button 'Reikalinga'.
2025-03-06 15:18:25 [main] INFO  l.i.u.p.SubmittedApplicationsPage - Successfully selected the value: 'Remontuoti'
2025-03-06 15:18:35 [main] DEBUG l.i.u.t.SubmittedApplicationsPageTest - Selected necessary for job: 'Remontuoti'.
2025-03-06 15:18:35 [main] DEBUG l.i.u.t.SubmittedApplicationsPageTest - Selected tool: 'Darbo priemonė 2 remontui'.
2025-03-06 15:18:36 [main] DEBUG l.i.u.t.SubmittedApplicationsPageTest - Entered tool count: '2'.
2025-03-06 15:18:36 [main] DEBUG l.i.u.t.SubmittedApplicationsPageTest - Entered price amount: '1000'.
2025-03-06 15:18:36 [main] DEBUG l.i.u.t.SubmittedApplicationsPageTest - Entered own funds amount: '900'.
2025-03-06 15:18:36 [main] DEBUG l.i.u.t.SubmittedApplicationsPageTest - Selected 'De Minimis' radio button.
2025-03-06 15:18:37 [main] DEBUG l.i.u.t.SubmittedApplicationsPageTest - Entered program name: 'Programa 1'.
2025-03-06 15:18:37 [main] DEBUG l.i.u.t.SubmittedApplicationsPageTest - Entered project date from.
2025-03-06 15:18:37 [main] DEBUG l.i.u.t.SubmittedApplicationsPageTest - Entered project date until.
2025-03-06 15:18:38 [main] DEBUG l.i.u.t.SubmittedApplicationsPageTest - Entered support amount: '2000'.
2025-03-06 15:18:38 [main] DEBUG l.i.u.t.SubmittedApplicationsPageTest - Clicked 'Next' button.
2025-03-06 15:18:38 [main] DEBUG l.i.u.t.SubmittedApplicationsPageTest - Checked 'For workplace adaptation' checkbox 1.
2025-03-06 15:18:38 [main] DEBUG l.i.u.t.SubmittedApplicationsPageTest - Checked 'For environmental adaptation' checkbox 2.
2025-03-06 15:18:39 [main] ERROR l.i.u.t.SubmittedApplicationsPageTest - Test 'testFillNewDVPApplicationFA' failed with error: element click intercepted: Element <input type="checkbox" class="mdc-checkbox__native-control" id="mat-mdc-checkbox-3-input" tabindex="0"> is not clickable at point (461, 273). Other element would receive the click: <strong>...</strong>
  (Session info: chrome=133.0.6943.142)
Build info: version: '4.27.0', revision: 'd6e718d134'
System info: os.name: 'Windows 11', os.arch: 'amd64', os.version: '10.0', java.version: '21.0.3'
Driver info: org.openqa.selenium.chrome.ChromeDriver
Command: [faf5d0abf775d8e26f76bfb4a326e283, clickElement {id=f.249A373A45B9853383C7D2183989B256.d.1E2A5F3259873F589C06D67EE87CB7AD.e.2635}]
Capabilities {acceptInsecureCerts: false, browserName: chrome, browserVersion: 133.0.6943.142, chrome: {chromedriverVersion: 133.0.6943.141 (2a5d6da0d61..., userDataDir: C:\Users\INGRID~1.ZAD\AppDa...}, fedcm:accounts: true, goog:chromeOptions: {debuggerAddress: localhost:62264}, networkConnectionEnabled: false, pageLoadStrategy: normal, platformName: windows, proxy: Proxy(), se:cdp: ws://localhost:62264/devtoo..., se:cdpVersion: 133.0.6943.142, setWindowRect: true, strictFileInteractability: false, timeouts: {implicit: 0, pageLoad: 300000, script: 30000}, unhandledPromptBehavior: dismiss and notify, webauthn:extension:credBlob: true, webauthn:extension:largeBlob: true, webauthn:extension:minPinLength: true, webauthn:extension:prf: true, webauthn:virtualAuthenticators: true}
Element: [[ChromeDriver: chrome on windows (faf5d0abf775d8e26f76bfb4a326e283)] -> xpath: (//div[contains(@class, 'mdc-checkbox')]//input[@type='checkbox'])[3]]
Session ID: faf5d0abf775d8e26f76bfb4a326e283
org.openqa.selenium.ElementClickInterceptedException: element click intercepted: Element <input type="checkbox" class="mdc-checkbox__native-control" id="mat-mdc-checkbox-3-input" tabindex="0"> is not clickable at point (461, 273). Other element would receive the click: <strong>...</strong>
  (Session info: chrome=133.0.6943.142)
Build info: version: '4.27.0', revision: 'd6e718d134'
System info: os.name: 'Windows 11', os.arch: 'amd64', os.version: '10.0', java.version: '21.0.3'
Driver info: org.openqa.selenium.chrome.ChromeDriver
Command: [faf5d0abf775d8e26f76bfb4a326e283, clickElement {id=f.249A373A45B9853383C7D2183989B256.d.1E2A5F3259873F589C06D67EE87CB7AD.e.2635}]
Capabilities {acceptInsecureCerts: false, browserName: chrome, browserVersion: 133.0.6943.142, chrome: {chromedriverVersion: 133.0.6943.141 (2a5d6da0d61..., userDataDir: C:\Users\INGRID~1.ZAD\AppDa...}, fedcm:accounts: true, goog:chromeOptions: {debuggerAddress: localhost:62264}, networkConnectionEnabled: false, pageLoadStrategy: normal, platformName: windows, proxy: Proxy(), se:cdp: ws://localhost:62264/devtoo..., se:cdpVersion: 133.0.6943.142, setWindowRect: true, strictFileInteractability: false, timeouts: {implicit: 0, pageLoad: 300000, script: 30000}, unhandledPromptBehavior: dismiss and notify, webauthn:extension:credBlob: true, webauthn:extension:largeBlob: true, webauthn:extension:minPinLength: true, webauthn:extension:prf: true, webauthn:virtualAuthenticators: true}
Element: [[ChromeDriver: chrome on windows (faf5d0abf775d8e26f76bfb4a326e283)] -> xpath: (//div[contains(@class, 'mdc-checkbox')]//input[@type='checkbox'])[3]]
Session ID: faf5d0abf775d8e26f76bfb4a326e283
	at java.base/jdk.internal.reflect.DirectConstructorHandleAccessor.newInstance(DirectConstructorHandleAccessor.java:62)
	at java.base/java.lang.reflect.Constructor.newInstanceWithCaller(Constructor.java:502)
	at java.base/java.lang.reflect.Constructor.newInstance(Constructor.java:486)
	at org.openqa.selenium.remote.ErrorCodec.decode(ErrorCodec.java:167)
	at org.openqa.selenium.remote.codec.w3c.W3CHttpResponseCodec.decode(W3CHttpResponseCodec.java:138)
	at org.openqa.selenium.remote.codec.w3c.W3CHttpResponseCodec.decode(W3CHttpResponseCodec.java:50)
	at org.openqa.selenium.remote.HttpCommandExecutor.execute(HttpCommandExecutor.java:190)
	at org.openqa.selenium.remote.service.DriverCommandExecutor.invokeExecute(DriverCommandExecutor.java:216)
	at org.openqa.selenium.remote.service.DriverCommandExecutor.execute(DriverCommandExecutor.java:174)
	at org.openqa.selenium.remote.RemoteWebDriver.execute(RemoteWebDriver.java:545)
	at org.openqa.selenium.remote.RemoteWebElement.execute(RemoteWebElement.java:223)
	at org.openqa.selenium.remote.RemoteWebElement.click(RemoteWebElement.java:76)
	at java.base/jdk.internal.reflect.DirectMethodHandleAccessor.invoke(DirectMethodHandleAccessor.java:103)
	at java.base/java.lang.reflect.Method.invoke(Method.java:580)
	at org.openqa.selenium.support.pagefactory.internal.LocatingElementHandler.invoke(LocatingElementHandler.java:51)
	at jdk.proxy2/jdk.proxy2.$Proxy14.click(Unknown Source)
	at lt.insoft.uztis.pages.InvitationsPage.setCheckbox(InvitationsPage.java:481)
	at lt.insoft.uztis.tests.SubmittedApplicationsPageTest.testFillNewDVPApplicationFA(SubmittedApplicationsPageTest.java:807)
	at java.base/jdk.internal.reflect.DirectMethodHandleAccessor.invoke(DirectMethodHandleAccessor.java:103)
	at java.base/java.lang.reflect.Method.invoke(Method.java:580)
	at org.junit.platform.commons.util.ReflectionUtils.invokeMethod(ReflectionUtils.java:728)
	at org.junit.jupiter.engine.execution.MethodInvocation.proceed(MethodInvocation.java:60)
	at org.junit.jupiter.engine.execution.InvocationInterceptorChain$ValidatingInvocation.proceed(InvocationInterceptorChain.java:131)
	at org.junit.jupiter.engine.extension.TimeoutExtension.intercept(TimeoutExtension.java:156)
	at org.junit.jupiter.engine.extension.TimeoutExtension.interceptTestableMethod(TimeoutExtension.java:147)
	at org.junit.jupiter.engine.extension.TimeoutExtension.interceptTestMethod(TimeoutExtension.java:86)
	at org.junit.jupiter.engine.execution.InterceptingExecutableInvoker$ReflectiveInterceptorCall.lambda$ofVoidMethod$0(InterceptingExecutableInvoker.java:103)
	at org.junit.jupiter.engine.execution.InterceptingExecutableInvoker.lambda$invoke$0(InterceptingExecutableInvoker.java:93)
	at org.junit.jupiter.engine.execution.InvocationInterceptorChain$InterceptedInvocation.proceed(InvocationInterceptorChain.java:106)
	at org.junit.jupiter.engine.execution.InvocationInterceptorChain.proceed(InvocationInterceptorChain.java:64)
	at org.junit.jupiter.engine.execution.InvocationInterceptorChain.chainAndInvoke(InvocationInterceptorChain.java:45)
	at org.junit.jupiter.engine.execution.InvocationInterceptorChain.invoke(InvocationInterceptorChain.java:37)
	at org.junit.jupiter.engine.execution.InterceptingExecutableInvoker.invoke(InterceptingExecutableInvoker.java:92)
	at org.junit.jupiter.engine.execution.InterceptingExecutableInvoker.invoke(InterceptingExecutableInvoker.java:86)
	at org.junit.jupiter.engine.descriptor.TestMethodTestDescriptor.lambda$invokeTestMethod$7(TestMethodTestDescriptor.java:218)
	at org.junit.platform.engine.support.hierarchical.ThrowableCollector.execute(ThrowableCollector.java:73)
	at org.junit.jupiter.engine.descriptor.TestMethodTestDescriptor.invokeTestMethod(TestMethodTestDescriptor.java:214)
	at org.junit.jupiter.engine.descriptor.TestMethodTestDescriptor.execute(TestMethodTestDescriptor.java:139)
	at org.junit.jupiter.engine.descriptor.TestMethodTestDescriptor.execute(TestMethodTestDescriptor.java:69)
	at org.junit.platform.engine.support.hierarchical.NodeTestTask.lambda$executeRecursively$6(NodeTestTask.java:151)
	at org.junit.platform.engine.support.hierarchical.ThrowableCollector.execute(ThrowableCollector.java:73)
	at org.junit.platform.engine.support.hierarchical.NodeTestTask.lambda$executeRecursively$8(NodeTestTask.java:141)
	at org.junit.platform.engine.support.hierarchical.Node.around(Node.java:137)
	at org.junit.platform.engine.support.hierarchical.NodeTestTask.lambda$executeRecursively$9(NodeTestTask.java:139)
	at org.junit.platform.engine.support.hierarchical.ThrowableCollector.execute(ThrowableCollector.java:73)
	at org.junit.platform.engine.support.hierarchical.NodeTestTask.executeRecursively(NodeTestTask.java:138)
	at org.junit.platform.engine.support.hierarchical.NodeTestTask.execute(NodeTestTask.java:95)
	at java.base/java.util.ArrayList.forEach(ArrayList.java:1596)
	at org.junit.platform.engine.support.hierarchical.SameThreadHierarchicalTestExecutorService.invokeAll(SameThreadHierarchicalTestExecutorService.java:41)
	at org.junit.platform.engine.support.hierarchical.NodeTestTask.lambda$executeRecursively$6(NodeTestTask.java:155)
	at org.junit.platform.engine.support.hierarchical.ThrowableCollector.execute(ThrowableCollector.java:73)
	at org.junit.platform.engine.support.hierarchical.NodeTestTask.lambda$executeRecursively$8(NodeTestTask.java:141)
	at org.junit.platform.engine.support.hierarchical.Node.around(Node.java:137)
	at org.junit.platform.engine.support.hierarchical.NodeTestTask.lambda$executeRecursively$9(NodeTestTask.java:139)
	at org.junit.platform.engine.support.hierarchical.ThrowableCollector.execute(ThrowableCollector.java:73)
	at org.junit.platform.engine.support.hierarchical.NodeTestTask.executeRecursively(NodeTestTask.java:138)
	at org.junit.platform.engine.support.hierarchical.NodeTestTask.execute(NodeTestTask.java:95)
	at java.base/java.util.ArrayList.forEach(ArrayList.java:1596)
	at org.junit.platform.engine.support.hierarchical.SameThreadHierarchicalTestExecutorService.invokeAll(SameThreadHierarchicalTestExecutorService.java:41)
	at org.junit.platform.engine.support.hierarchical.NodeTestTask.lambda$executeRecursively$6(NodeTestTask.java:155)
	at org.junit.platform.engine.support.hierarchical.ThrowableCollector.execute(ThrowableCollector.java:73)
	at org.junit.platform.engine.support.hierarchical.NodeTestTask.lambda$executeRecursively$8(NodeTestTask.java:141)
	at org.junit.platform.engine.support.hierarchical.Node.around(Node.java:137)
	at org.junit.platform.engine.support.hierarchical.NodeTestTask.lambda$executeRecursively$9(NodeTestTask.java:139)
	at org.junit.platform.engine.support.hierarchical.ThrowableCollector.execute(ThrowableCollector.java:73)
	at org.junit.platform.engine.support.hierarchical.NodeTestTask.executeRecursively(NodeTestTask.java:138)
	at org.junit.platform.engine.support.hierarchical.NodeTestTask.execute(NodeTestTask.java:95)
	at org.junit.platform.engine.support.hierarchical.SameThreadHierarchicalTestExecutorService.submit(SameThreadHierarchicalTestExecutorService.java:35)
	at org.junit.platform.engine.support.hierarchical.HierarchicalTestExecutor.execute(HierarchicalTestExecutor.java:57)
	at org.junit.platform.engine.support.hierarchical.HierarchicalTestEngine.execute(HierarchicalTestEngine.java:54)
	at org.junit.platform.launcher.core.EngineExecutionOrchestrator.execute(EngineExecutionOrchestrator.java:198)
	at org.junit.platform.launcher.core.EngineExecutionOrchestrator.execute(EngineExecutionOrchestrator.java:169)
	at org.junit.platform.launcher.core.EngineExecutionOrchestrator.execute(EngineExecutionOrchestrator.java:93)
	at org.junit.platform.launcher.core.EngineExecutionOrchestrator.lambda$execute$0(EngineExecutionOrchestrator.java:58)
	at org.junit.platform.launcher.core.EngineExecutionOrchestrator.withInterceptedStreams(EngineExecutionOrchestrator.java:141)
	at org.junit.platform.launcher.core.EngineExecutionOrchestrator.execute(EngineExecutionOrchestrator.java:57)
	at org.junit.platform.launcher.core.DefaultLauncher.execute(DefaultLauncher.java:103)
	at org.junit.platform.launcher.core.DefaultLauncher.execute(DefaultLauncher.java:85)
	at org.junit.platform.launcher.core.DelegatingLauncher.execute(DelegatingLauncher.java:47)
	at org.junit.platform.launcher.core.SessionPerRequestLauncher.execute(SessionPerRequestLauncher.java:63)
	at com.intellij.junit5.JUnit5IdeaTestRunner.startRunnerWithArgs(JUnit5IdeaTestRunner.java:57)
	at com.intellij.rt.junit.IdeaTestRunner$Repeater$1.execute(IdeaTestRunner.java:38)
	at com.intellij.rt.execution.junit.TestsRepeater.repeat(TestsRepeater.java:11)
	at com.intellij.rt.junit.IdeaTestRunner$Repeater.startRunnerWithArgs(IdeaTestRunner.java:35)
	at com.intellij.rt.junit.JUnitStarter.prepareStreamsAndStart(JUnitStarter.java:232)
	at com.intellij.rt.junit.JUnitStarter.main(JUnitStarter.java:55)
2025-03-06 15:18:39 [main] INFO  l.insoft.uztis.tests.utils.TestUtils - Screenshot moved to C:\Users\ingrida.zadorozniene\Desktop\Asm\UZTIS\UZTIS_tests\test-output\screenshots\20250306\151839882_testFillNewDVPApplicationFA().png
2025-03-06 15:19:58 [main] INFO  lt.insoft.uztis.tests.UztisPageTest - Navigated to https://uztisdev.asseco.lt/home
2025-03-06 15:19:58 [main] INFO  l.i.u.t.SubmittedApplicationsPageTest - Starting test:'testFillNewDVPApplicationFA'
2025-03-06 15:19:59 [main] DEBUG l.i.u.t.SubmittedApplicationsPageTest - User logged in with test credentials.
2025-03-06 15:19:59 [main] DEBUG l.i.u.t.SubmittedApplicationsPageTest - Opened 'Application Processing' menu.
2025-03-06 15:19:59 [main] DEBUG l.i.u.t.SubmittedApplicationsPageTest - Clicked on 'Application Forms' menu.
2025-03-06 15:20:00 [main] DEBUG l.i.u.t.SubmittedApplicationsPageTest - Retrieved last description code text: 'TST-DVP-22'.
2025-03-06 15:20:00 [main] DEBUG l.i.u.t.SubmittedApplicationsPageTest - Clicked on 'Invitation' menu.
2025-03-06 15:20:02 [main] DEBUG l.i.u.t.SubmittedApplicationsPageTest - Selected application section by code: 'TST-DVP-22'.
2025-03-06 15:20:02 [main] DEBUG l.i.u.t.SubmittedApplicationsPageTest - Clicked 'Search' button.
2025-03-06 15:20:02 [main] DEBUG l.i.u.t.SubmittedApplicationsPageTest - Retrieved invitation code: ''.
2025-03-06 15:20:03 [main] DEBUG l.i.u.t.SubmittedApplicationsPageTest - Clicked on 'Submitted Applications' menu.
2025-03-06 15:20:05 [main] DEBUG l.i.u.t.SubmittedApplicationsPageTest - Selected invitation by code: 'TST-DVP-22'.
2025-03-06 15:20:05 [main] DEBUG l.i.u.t.SubmittedApplicationsPageTest - Invitation code inserted.
2025-03-06 15:20:05 [main] DEBUG l.i.u.t.SubmittedApplicationsPageTest - Clicked on 'Action Application' button.
2025-03-06 15:20:05 [main] DEBUG l.i.u.t.SubmittedApplicationsPageTest - Clicked on 'New Application' button.
2025-03-06 15:20:06 [main] DEBUG l.i.u.t.SubmittedApplicationsPageTest - Selected the 'RadioButtonFA' option.
2025-03-06 15:20:07 [main] DEBUG l.i.u.t.SubmittedApplicationsPageTest - Entered phone number: '61298745'.
2025-03-06 15:20:07 [main] DEBUG l.i.u.t.SubmittedApplicationsPageTest - Entered email: 'test@autotest.com'.
2025-03-06 15:20:07 [main] DEBUG l.i.u.t.SubmittedApplicationsPageTest - Checked 'For workplace adaptation' checkbox 1.
2025-03-06 15:20:08 [main] DEBUG l.i.u.t.SubmittedApplicationsPageTest - Checked 'For environmental adaptation' checkbox 2.
2025-03-06 15:20:08 [main] INFO  l.i.u.p.SubmittedApplicationsPage - Located the dropdown button.
2025-03-06 15:20:41 [main] INFO  l.i.u.p.SubmittedApplicationsPage - Found 1741 options in the dropdown.
2025-03-06 15:20:41 [main] INFO  l.i.u.p.SubmittedApplicationsPage - Successfully selected the value: '01.11 - Grūdinių (išskyrus ryžius), ankštinių ir aliejingų sėklų augalų auginimas'
2025-03-06 15:20:52 [main] ERROR l.i.u.p.SubmittedApplicationsPage - Failed to close the dropdown with aria-expanded = 'false'. Attempting manual close.
2025-03-06 15:20:52 [main] INFO  l.i.u.p.SubmittedApplicationsPage - Manual close attempt for the dropdown using body click.
2025-03-06 15:20:52 [main] DEBUG l.i.u.t.SubmittedApplicationsPageTest - Selected EVRK value: '01.11 - Grūdinių (išskyrus ryžius), ankštinių ir aliejingų sėklų augalų auginimas'.
2025-03-06 15:20:52 [main] DEBUG l.i.u.t.SubmittedApplicationsPageTest - Clicked on 'Address Component' button.
2025-03-06 15:20:52 [main] INFO  l.i.u.p.SubmittedApplicationsPage - Located the dropdown button.
2025-03-06 15:20:58 [main] INFO  l.i.u.p.SubmittedApplicationsPage - Successfully selected the value: 'Lietuva'
2025-03-06 15:20:58 [main] DEBUG l.i.u.t.SubmittedApplicationsPageTest - Selected country: 'Lietuva'.
2025-03-06 15:20:58 [main] INFO  l.i.u.p.SubmittedApplicationsPage - Located the dropdown search field.
2025-03-06 15:20:58 [main] INFO  l.i.u.p.SubmittedApplicationsPage - Dropdown city is opened.
2025-03-06 15:20:58 [main] INFO  l.i.u.p.SubmittedApplicationsPage - Searched for value: 'Vilnius'
2025-03-06 15:20:59 [main] INFO  l.i.u.p.SubmittedApplicationsPage - Successfully selected: 'Vilnius'
2025-03-06 15:20:59 [main] INFO  l.i.u.p.SubmittedApplicationsPage - Located the dropdown button.
2025-03-06 15:21:00 [main] INFO  l.i.u.p.SubmittedApplicationsPage - Successfully selected the value: 'A. Domaševičiaus g.'
2025-03-06 15:21:00 [main] DEBUG l.i.u.t.SubmittedApplicationsPageTest - Selected street: 'A. Domaševičiaus g.'.
2025-03-06 15:21:00 [main] INFO  l.i.u.p.SubmittedApplicationsPage - Located the dropdown button.
2025-03-06 15:21:00 [main] INFO  l.i.u.p.SubmittedApplicationsPage - Successfully selected the value: '1'
2025-03-06 15:21:00 [main] DEBUG l.i.u.t.SubmittedApplicationsPageTest - Selected house: '1'.
2025-03-06 15:21:00 [main] INFO  l.i.u.p.SubmittedApplicationsPage - Located the dropdown button.
2025-03-06 15:21:01 [main] INFO  l.i.u.p.SubmittedApplicationsPage - Successfully selected the value: '1'
2025-03-06 15:21:01 [main] DEBUG l.i.u.t.SubmittedApplicationsPageTest - Selected apartment: '1'.
2025-03-06 15:21:01 [main] DEBUG l.i.u.t.SubmittedApplicationsPageTest - Clicked 'Confirm' button.
2025-03-06 15:21:01 [main] DEBUG l.i.u.t.SubmittedApplicationsPageTest - Selected 'For already working' option.
2025-03-06 15:21:02 [main] DEBUG l.i.u.t.SubmittedApplicationsPageTest - Selected 'For new working' option.
2025-03-06 15:21:02 [main] DEBUG l.i.u.t.SubmittedApplicationsPageTest - Entered person count2: '1'.
2025-03-06 15:21:03 [main] DEBUG l.i.u.t.SubmittedApplicationsPageTest - Clicked 'Next' button after checkboxes.
2025-03-06 15:21:03 [main] INFO  l.i.u.p.SubmittedApplicationsPage - Located the dropdown button.
2025-03-06 15:21:05 [main] INFO  l.i.u.p.SubmittedApplicationsPage - Successfully selected the value: 'Administratoriai'
2025-03-06 15:21:05 [main] DEBUG l.i.u.t.SubmittedApplicationsPageTest - Selected adaptable job name: 'Administratoriai'.
2025-03-06 15:21:06 [main] DEBUG l.i.u.t.SubmittedApplicationsPageTest - Entered job date.
2025-03-06 15:21:07 [main] DEBUG l.i.u.t.SubmittedApplicationsPageTest - Entered job function: 'Funkcija 1'.
2025-03-06 15:21:07 [main] DEBUG l.i.u.t.SubmittedApplicationsPageTest - Selected 'For already working' 'no' option.
2025-03-06 15:21:07 [main] INFO  l.i.u.p.SubmittedApplicationsPage - Clicking on the dropdown button.
2025-03-06 15:21:08 [main] INFO  l.i.u.p.SubmittedApplicationsPage - Found 6 options in the dropdown.
2025-03-06 15:21:08 [main] DEBUG l.i.u.p.SubmittedApplicationsPage - Checking option: 'Lengvo neįgalumo lygis ar 45-55 procentų dalyvumo lygis (iki 2023 m. gruodžio 31 d. – 45-55 procentų darbingumo lygis)'
2025-03-06 15:21:08 [main] INFO  l.i.u.p.SubmittedApplicationsPage - Successfully selected the value: 'Lengvo neįgalumo lygis ar 45-55 procentų dalyvumo lygis (iki 2023 m. gruodžio 31 d. – 45-55 procentų darbingumo lygis)'
2025-03-06 15:21:08 [main] INFO  l.i.u.p.SubmittedApplicationsPage - Attempting to close the dropdown.
2025-03-06 15:21:09 [main] DEBUG l.i.u.t.SubmittedApplicationsPageTest - Selected disabilities type: 'Lengvo neįgalumo lygis ar 45-55 procentų dalyvumo lygis (iki 2023 m. gruodžio 31 d. – 45-55 procentų darbingumo lygis)'.
2025-03-06 15:21:09 [main] DEBUG l.i.u.t.SubmittedApplicationsPageTest - Entered disability information: 'Negalia 1'.
2025-03-06 15:21:10 [main] DEBUG l.i.u.t.SubmittedApplicationsPageTest - Entered qualification: 'Kvalifikacija 1'.
2025-03-06 15:21:11 [main] DEBUG l.i.u.t.SubmittedApplicationsPageTest - Entered job description: 'Darbo vietos aprašymas 1'.
2025-03-06 15:21:11 [main] DEBUG l.i.u.t.SubmittedApplicationsPageTest - Entered equipment description: 'Priemonių įsigyjimas 1'.
2025-03-06 15:21:12 [main] DEBUG l.i.u.t.SubmittedApplicationsPageTest - Entered work information: 'Darbai 1'.
2025-03-06 15:21:12 [main] INFO  l.i.u.p.SubmittedApplicationsPage - Located the dropdown button.
2025-03-06 15:21:13 [main] INFO  l.i.u.p.SubmittedApplicationsPage - Successfully selected the value: 'Kita'
2025-03-06 15:21:13 [main] DEBUG l.i.u.t.SubmittedApplicationsPageTest - Selected time mode: 'Kita'.
2025-03-06 15:21:13 [main] DEBUG l.i.u.t.SubmittedApplicationsPageTest - Selected time mode other: '6 val. per dieną ir 4 d. per savaitę'.
2025-03-06 15:21:14 [main] DEBUG l.i.u.t.SubmittedApplicationsPageTest - Entered salary amount: '1200'.
2025-03-06 15:21:14 [main] DEBUG l.i.u.t.SubmittedApplicationsPageTest - Selected 'Temporary Job' radio button.
2025-03-06 15:21:15 [main] DEBUG l.i.u.t.SubmittedApplicationsPageTest - Selected 'Season Job' radio button.
2025-03-06 15:21:15 [main] DEBUG l.i.u.t.SubmittedApplicationsPageTest - Selected 'PVM' radio button.
2025-03-06 15:21:15 [main] INFO  l.i.u.p.SubmittedApplicationsPage - Located the dropdown button.
2025-03-06 15:21:16 [main] INFO  l.i.u.p.SubmittedApplicationsPage - Successfully selected the value: 'Darbo vietos pritaikymui'
2025-03-06 15:21:46 [main] ERROR l.i.u.p.SubmittedApplicationsPage - Timeout while waiting for dropdown to close with aria-expanded = 'false'.
2025-03-06 15:21:46 [main] DEBUG l.i.u.t.SubmittedApplicationsPageTest - Selected adaptable job name: 'Darbo vietos pritaikymui'.
2025-03-06 15:21:46 [main] DEBUG l.i.u.p.SubmittedApplicationsPage - Located and clicked the dropdown button 'Reikalinga'.
2025-03-06 15:21:46 [main] INFO  l.i.u.p.SubmittedApplicationsPage - Successfully selected the value: 'Įsigyti'
2025-03-06 15:21:57 [main] DEBUG l.i.u.t.SubmittedApplicationsPageTest - Selected necessary for job: 'Įsigyti'.
2025-03-06 15:21:58 [main] DEBUG l.i.u.t.SubmittedApplicationsPageTest - Selected tool: 'Darbo priemonė 1'.
2025-03-06 15:21:58 [main] DEBUG l.i.u.t.SubmittedApplicationsPageTest - Selected tool parameter one: 'Darbo priemonės 1 parametras 1'.
2025-03-06 15:21:58 [main] DEBUG l.i.u.t.SubmittedApplicationsPageTest - Selected tool parameter two: 'Darbo priemonės 1 parametras 2'.
2025-03-06 15:21:59 [main] DEBUG l.i.u.t.SubmittedApplicationsPageTest - Selected tool parameter three: 'Darbo priemonės 1 parametras 3'.
2025-03-06 15:21:59 [main] DEBUG l.i.u.t.SubmittedApplicationsPageTest - Entered tool count: '1'.
2025-03-06 15:21:59 [main] DEBUG l.i.u.t.SubmittedApplicationsPageTest - Entered price amount: '1000'.
2025-03-06 15:22:00 [main] DEBUG l.i.u.t.SubmittedApplicationsPageTest - Entered own funds amount: '800'.
2025-03-06 15:22:00 [main] DEBUG l.i.u.t.SubmittedApplicationsPageTest - Clicked 'Add' button.
2025-03-06 15:22:00 [main] INFO  l.i.u.p.SubmittedApplicationsPage - Located the dropdown button.
2025-03-06 15:22:01 [main] INFO  l.i.u.p.SubmittedApplicationsPage - Successfully selected the value: 'Aplinkos pritaikymui'
2025-03-06 15:22:31 [main] ERROR l.i.u.p.SubmittedApplicationsPage - Timeout while waiting for dropdown to close with aria-expanded = 'false'.
2025-03-06 15:22:31 [main] DEBUG l.i.u.t.SubmittedApplicationsPageTest - Selected adaptable job name: 'Aplinkos pritaikymui'.
2025-03-06 15:22:31 [main] DEBUG l.i.u.p.SubmittedApplicationsPage - Located and clicked the dropdown button 'Reikalinga'.
2025-03-06 15:22:32 [main] INFO  l.i.u.p.SubmittedApplicationsPage - Successfully selected the value: 'Remontuoti'
2025-03-06 15:22:32 [main] DEBUG l.i.u.t.SubmittedApplicationsPageTest - Selected necessary for job: 'Remontuoti'.
2025-03-06 15:22:32 [main] DEBUG l.i.u.t.SubmittedApplicationsPageTest - Selected tool: 'Darbo priemonė 2 remontui'.
2025-03-06 15:22:32 [main] DEBUG l.i.u.t.SubmittedApplicationsPageTest - Entered tool count: '2'.
2025-03-06 15:22:33 [main] DEBUG l.i.u.t.SubmittedApplicationsPageTest - Entered price amount: '1000'.
2025-03-06 15:22:33 [main] DEBUG l.i.u.t.SubmittedApplicationsPageTest - Entered own funds amount: '900'.
2025-03-06 15:22:33 [main] DEBUG l.i.u.t.SubmittedApplicationsPageTest - Selected 'De Minimis' radio button.
2025-03-06 15:22:34 [main] DEBUG l.i.u.t.SubmittedApplicationsPageTest - Entered program name: 'Programa 1'.
2025-03-06 15:22:34 [main] DEBUG l.i.u.t.SubmittedApplicationsPageTest - Entered project date from.
2025-03-06 15:22:34 [main] DEBUG l.i.u.t.SubmittedApplicationsPageTest - Entered project date until.
2025-03-06 15:22:35 [main] DEBUG l.i.u.t.SubmittedApplicationsPageTest - Entered support amount: '2000'.
2025-03-06 15:22:35 [main] DEBUG l.i.u.t.SubmittedApplicationsPageTest - Clicked 'Next' button.
2025-03-06 15:22:35 [main] DEBUG l.i.u.t.SubmittedApplicationsPageTest - Checked 'For environmental adaptation' checkbox 2.
2025-03-06 15:22:36 [main] ERROR l.i.u.t.SubmittedApplicationsPageTest - Test 'testFillNewDVPApplicationFA' failed with error: element click intercepted: Element <input type="checkbox" class="mdc-checkbox__native-control" id="mat-mdc-checkbox-3-input" tabindex="0"> is not clickable at point (591, 199). Other element would receive the click: <strong>...</strong>
  (Session info: chrome=133.0.6943.142)
Build info: version: '4.27.0', revision: 'd6e718d134'
System info: os.name: 'Windows 11', os.arch: 'amd64', os.version: '10.0', java.version: '21.0.3'
Driver info: org.openqa.selenium.chrome.ChromeDriver
Command: [bd45ebb4e3e835d7afdc417fd4784037, clickElement {id=f.6A2E0EBFFB9892BF14BBAC37171B3107.d.D6486C36B62E22D7E6FCDF395D863939.e.2627}]
Capabilities {acceptInsecureCerts: false, browserName: chrome, browserVersion: 133.0.6943.142, chrome: {chromedriverVersion: 133.0.6943.141 (2a5d6da0d61..., userDataDir: C:\Users\INGRID~1.ZAD\AppDa...}, fedcm:accounts: true, goog:chromeOptions: {debuggerAddress: localhost:62444}, networkConnectionEnabled: false, pageLoadStrategy: normal, platformName: windows, proxy: Proxy(), se:cdp: ws://localhost:62444/devtoo..., se:cdpVersion: 133.0.6943.142, setWindowRect: true, strictFileInteractability: false, timeouts: {implicit: 0, pageLoad: 300000, script: 30000}, unhandledPromptBehavior: dismiss and notify, webauthn:extension:credBlob: true, webauthn:extension:largeBlob: true, webauthn:extension:minPinLength: true, webauthn:extension:prf: true, webauthn:virtualAuthenticators: true}
Element: [[ChromeDriver: chrome on windows (bd45ebb4e3e835d7afdc417fd4784037)] -> xpath: (//div[contains(@class, 'mdc-checkbox')]//input[@type='checkbox'])[3]]
Session ID: bd45ebb4e3e835d7afdc417fd4784037
org.openqa.selenium.ElementClickInterceptedException: element click intercepted: Element <input type="checkbox" class="mdc-checkbox__native-control" id="mat-mdc-checkbox-3-input" tabindex="0"> is not clickable at point (591, 199). Other element would receive the click: <strong>...</strong>
  (Session info: chrome=133.0.6943.142)
Build info: version: '4.27.0', revision: 'd6e718d134'
System info: os.name: 'Windows 11', os.arch: 'amd64', os.version: '10.0', java.version: '21.0.3'
Driver info: org.openqa.selenium.chrome.ChromeDriver
Command: [bd45ebb4e3e835d7afdc417fd4784037, clickElement {id=f.6A2E0EBFFB9892BF14BBAC37171B3107.d.D6486C36B62E22D7E6FCDF395D863939.e.2627}]
Capabilities {acceptInsecureCerts: false, browserName: chrome, browserVersion: 133.0.6943.142, chrome: {chromedriverVersion: 133.0.6943.141 (2a5d6da0d61..., userDataDir: C:\Users\INGRID~1.ZAD\AppDa...}, fedcm:accounts: true, goog:chromeOptions: {debuggerAddress: localhost:62444}, networkConnectionEnabled: false, pageLoadStrategy: normal, platformName: windows, proxy: Proxy(), se:cdp: ws://localhost:62444/devtoo..., se:cdpVersion: 133.0.6943.142, setWindowRect: true, strictFileInteractability: false, timeouts: {implicit: 0, pageLoad: 300000, script: 30000}, unhandledPromptBehavior: dismiss and notify, webauthn:extension:credBlob: true, webauthn:extension:largeBlob: true, webauthn:extension:minPinLength: true, webauthn:extension:prf: true, webauthn:virtualAuthenticators: true}
Element: [[ChromeDriver: chrome on windows (bd45ebb4e3e835d7afdc417fd4784037)] -> xpath: (//div[contains(@class, 'mdc-checkbox')]//input[@type='checkbox'])[3]]
Session ID: bd45ebb4e3e835d7afdc417fd4784037
	at java.base/jdk.internal.reflect.DirectConstructorHandleAccessor.newInstance(DirectConstructorHandleAccessor.java:62)
	at java.base/java.lang.reflect.Constructor.newInstanceWithCaller(Constructor.java:502)
	at java.base/java.lang.reflect.Constructor.newInstance(Constructor.java:486)
	at org.openqa.selenium.remote.ErrorCodec.decode(ErrorCodec.java:167)
	at org.openqa.selenium.remote.codec.w3c.W3CHttpResponseCodec.decode(W3CHttpResponseCodec.java:138)
	at org.openqa.selenium.remote.codec.w3c.W3CHttpResponseCodec.decode(W3CHttpResponseCodec.java:50)
	at org.openqa.selenium.remote.HttpCommandExecutor.execute(HttpCommandExecutor.java:190)
	at org.openqa.selenium.remote.service.DriverCommandExecutor.invokeExecute(DriverCommandExecutor.java:216)
	at org.openqa.selenium.remote.service.DriverCommandExecutor.execute(DriverCommandExecutor.java:174)
	at org.openqa.selenium.remote.RemoteWebDriver.execute(RemoteWebDriver.java:545)
	at org.openqa.selenium.remote.RemoteWebElement.execute(RemoteWebElement.java:223)
	at org.openqa.selenium.remote.RemoteWebElement.click(RemoteWebElement.java:76)
	at java.base/jdk.internal.reflect.DirectMethodHandleAccessor.invoke(DirectMethodHandleAccessor.java:103)
	at java.base/java.lang.reflect.Method.invoke(Method.java:580)
	at org.openqa.selenium.support.pagefactory.internal.LocatingElementHandler.invoke(LocatingElementHandler.java:51)
	at jdk.proxy2/jdk.proxy2.$Proxy14.click(Unknown Source)
	at lt.insoft.uztis.pages.InvitationsPage.setCheckbox(InvitationsPage.java:481)
	at lt.insoft.uztis.tests.SubmittedApplicationsPageTest.testFillNewDVPApplicationFA(SubmittedApplicationsPageTest.java:807)
	at java.base/jdk.internal.reflect.DirectMethodHandleAccessor.invoke(DirectMethodHandleAccessor.java:103)
	at java.base/java.lang.reflect.Method.invoke(Method.java:580)
	at org.junit.platform.commons.util.ReflectionUtils.invokeMethod(ReflectionUtils.java:728)
	at org.junit.jupiter.engine.execution.MethodInvocation.proceed(MethodInvocation.java:60)
	at org.junit.jupiter.engine.execution.InvocationInterceptorChain$ValidatingInvocation.proceed(InvocationInterceptorChain.java:131)
	at org.junit.jupiter.engine.extension.TimeoutExtension.intercept(TimeoutExtension.java:156)
	at org.junit.jupiter.engine.extension.TimeoutExtension.interceptTestableMethod(TimeoutExtension.java:147)
	at org.junit.jupiter.engine.extension.TimeoutExtension.interceptTestMethod(TimeoutExtension.java:86)
	at org.junit.jupiter.engine.execution.InterceptingExecutableInvoker$ReflectiveInterceptorCall.lambda$ofVoidMethod$0(InterceptingExecutableInvoker.java:103)
	at org.junit.jupiter.engine.execution.InterceptingExecutableInvoker.lambda$invoke$0(InterceptingExecutableInvoker.java:93)
	at org.junit.jupiter.engine.execution.InvocationInterceptorChain$InterceptedInvocation.proceed(InvocationInterceptorChain.java:106)
	at org.junit.jupiter.engine.execution.InvocationInterceptorChain.proceed(InvocationInterceptorChain.java:64)
	at org.junit.jupiter.engine.execution.InvocationInterceptorChain.chainAndInvoke(InvocationInterceptorChain.java:45)
	at org.junit.jupiter.engine.execution.InvocationInterceptorChain.invoke(InvocationInterceptorChain.java:37)
	at org.junit.jupiter.engine.execution.InterceptingExecutableInvoker.invoke(InterceptingExecutableInvoker.java:92)
	at org.junit.jupiter.engine.execution.InterceptingExecutableInvoker.invoke(InterceptingExecutableInvoker.java:86)
	at org.junit.jupiter.engine.descriptor.TestMethodTestDescriptor.lambda$invokeTestMethod$7(TestMethodTestDescriptor.java:218)
	at org.junit.platform.engine.support.hierarchical.ThrowableCollector.execute(ThrowableCollector.java:73)
	at org.junit.jupiter.engine.descriptor.TestMethodTestDescriptor.invokeTestMethod(TestMethodTestDescriptor.java:214)
	at org.junit.jupiter.engine.descriptor.TestMethodTestDescriptor.execute(TestMethodTestDescriptor.java:139)
	at org.junit.jupiter.engine.descriptor.TestMethodTestDescriptor.execute(TestMethodTestDescriptor.java:69)
	at org.junit.platform.engine.support.hierarchical.NodeTestTask.lambda$executeRecursively$6(NodeTestTask.java:151)
	at org.junit.platform.engine.support.hierarchical.ThrowableCollector.execute(ThrowableCollector.java:73)
	at org.junit.platform.engine.support.hierarchical.NodeTestTask.lambda$executeRecursively$8(NodeTestTask.java:141)
	at org.junit.platform.engine.support.hierarchical.Node.around(Node.java:137)
	at org.junit.platform.engine.support.hierarchical.NodeTestTask.lambda$executeRecursively$9(NodeTestTask.java:139)
	at org.junit.platform.engine.support.hierarchical.ThrowableCollector.execute(ThrowableCollector.java:73)
	at org.junit.platform.engine.support.hierarchical.NodeTestTask.executeRecursively(NodeTestTask.java:138)
	at org.junit.platform.engine.support.hierarchical.NodeTestTask.execute(NodeTestTask.java:95)
	at java.base/java.util.ArrayList.forEach(ArrayList.java:1596)
	at org.junit.platform.engine.support.hierarchical.SameThreadHierarchicalTestExecutorService.invokeAll(SameThreadHierarchicalTestExecutorService.java:41)
	at org.junit.platform.engine.support.hierarchical.NodeTestTask.lambda$executeRecursively$6(NodeTestTask.java:155)
	at org.junit.platform.engine.support.hierarchical.ThrowableCollector.execute(ThrowableCollector.java:73)
	at org.junit.platform.engine.support.hierarchical.NodeTestTask.lambda$executeRecursively$8(NodeTestTask.java:141)
	at org.junit.platform.engine.support.hierarchical.Node.around(Node.java:137)
	at org.junit.platform.engine.support.hierarchical.NodeTestTask.lambda$executeRecursively$9(NodeTestTask.java:139)
	at org.junit.platform.engine.support.hierarchical.ThrowableCollector.execute(ThrowableCollector.java:73)
	at org.junit.platform.engine.support.hierarchical.NodeTestTask.executeRecursively(NodeTestTask.java:138)
	at org.junit.platform.engine.support.hierarchical.NodeTestTask.execute(NodeTestTask.java:95)
	at java.base/java.util.ArrayList.forEach(ArrayList.java:1596)
	at org.junit.platform.engine.support.hierarchical.SameThreadHierarchicalTestExecutorService.invokeAll(SameThreadHierarchicalTestExecutorService.java:41)
	at org.junit.platform.engine.support.hierarchical.NodeTestTask.lambda$executeRecursively$6(NodeTestTask.java:155)
	at org.junit.platform.engine.support.hierarchical.ThrowableCollector.execute(ThrowableCollector.java:73)
	at org.junit.platform.engine.support.hierarchical.NodeTestTask.lambda$executeRecursively$8(NodeTestTask.java:141)
	at org.junit.platform.engine.support.hierarchical.Node.around(Node.java:137)
	at org.junit.platform.engine.support.hierarchical.NodeTestTask.lambda$executeRecursively$9(NodeTestTask.java:139)
	at org.junit.platform.engine.support.hierarchical.ThrowableCollector.execute(ThrowableCollector.java:73)
	at org.junit.platform.engine.support.hierarchical.NodeTestTask.executeRecursively(NodeTestTask.java:138)
	at org.junit.platform.engine.support.hierarchical.NodeTestTask.execute(NodeTestTask.java:95)
	at org.junit.platform.engine.support.hierarchical.SameThreadHierarchicalTestExecutorService.submit(SameThreadHierarchicalTestExecutorService.java:35)
	at org.junit.platform.engine.support.hierarchical.HierarchicalTestExecutor.execute(HierarchicalTestExecutor.java:57)
	at org.junit.platform.engine.support.hierarchical.HierarchicalTestEngine.execute(HierarchicalTestEngine.java:54)
	at org.junit.platform.launcher.core.EngineExecutionOrchestrator.execute(EngineExecutionOrchestrator.java:198)
	at org.junit.platform.launcher.core.EngineExecutionOrchestrator.execute(EngineExecutionOrchestrator.java:169)
	at org.junit.platform.launcher.core.EngineExecutionOrchestrator.execute(EngineExecutionOrchestrator.java:93)
	at org.junit.platform.launcher.core.EngineExecutionOrchestrator.lambda$execute$0(EngineExecutionOrchestrator.java:58)
	at org.junit.platform.launcher.core.EngineExecutionOrchestrator.withInterceptedStreams(EngineExecutionOrchestrator.java:141)
	at org.junit.platform.launcher.core.EngineExecutionOrchestrator.execute(EngineExecutionOrchestrator.java:57)
	at org.junit.platform.launcher.core.DefaultLauncher.execute(DefaultLauncher.java:103)
	at org.junit.platform.launcher.core.DefaultLauncher.execute(DefaultLauncher.java:85)
	at org.junit.platform.launcher.core.DelegatingLauncher.execute(DelegatingLauncher.java:47)
	at org.junit.platform.launcher.core.SessionPerRequestLauncher.execute(SessionPerRequestLauncher.java:63)
	at com.intellij.junit5.JUnit5IdeaTestRunner.startRunnerWithArgs(JUnit5IdeaTestRunner.java:57)
	at com.intellij.rt.junit.IdeaTestRunner$Repeater$1.execute(IdeaTestRunner.java:38)
	at com.intellij.rt.execution.junit.TestsRepeater.repeat(TestsRepeater.java:11)
	at com.intellij.rt.junit.IdeaTestRunner$Repeater.startRunnerWithArgs(IdeaTestRunner.java:35)
	at com.intellij.rt.junit.JUnitStarter.prepareStreamsAndStart(JUnitStarter.java:232)
	at com.intellij.rt.junit.JUnitStarter.main(JUnitStarter.java:55)
2025-03-06 15:22:37 [main] INFO  l.insoft.uztis.tests.utils.TestUtils - Screenshot moved to C:\Users\ingrida.zadorozniene\Desktop\Asm\UZTIS\UZTIS_tests\test-output\screenshots\20250306\152237069_testFillNewDVPApplicationFA().png
2025-03-06 15:23:31 [main] INFO  lt.insoft.uztis.tests.UztisPageTest - Navigated to https://uztisdev.asseco.lt/home
2025-03-06 15:23:31 [main] INFO  l.i.u.t.SubmittedApplicationsPageTest - Starting test:'testFillNewDVPApplicationFA'
2025-03-06 15:23:32 [main] DEBUG l.i.u.t.SubmittedApplicationsPageTest - User logged in with test credentials.
2025-03-06 15:23:33 [main] DEBUG l.i.u.t.SubmittedApplicationsPageTest - Opened 'Application Processing' menu.
2025-03-06 15:23:33 [main] DEBUG l.i.u.t.SubmittedApplicationsPageTest - Clicked on 'Application Forms' menu.
2025-03-06 15:23:34 [main] DEBUG l.i.u.t.SubmittedApplicationsPageTest - Retrieved last description code text: 'TST-DVP-22'.
2025-03-06 15:23:34 [main] DEBUG l.i.u.t.SubmittedApplicationsPageTest - Clicked on 'Invitation' menu.
2025-03-06 15:23:36 [main] DEBUG l.i.u.t.SubmittedApplicationsPageTest - Selected application section by code: 'TST-DVP-22'.
2025-03-06 15:23:36 [main] DEBUG l.i.u.t.SubmittedApplicationsPageTest - Clicked 'Search' button.
2025-03-06 15:23:36 [main] DEBUG l.i.u.t.SubmittedApplicationsPageTest - Retrieved invitation code: ''.
2025-03-06 15:23:37 [main] DEBUG l.i.u.t.SubmittedApplicationsPageTest - Clicked on 'Submitted Applications' menu.
2025-03-06 15:23:39 [main] DEBUG l.i.u.t.SubmittedApplicationsPageTest - Selected invitation by code: 'TST-DVP-22'.
2025-03-06 15:23:39 [main] DEBUG l.i.u.t.SubmittedApplicationsPageTest - Invitation code inserted.
2025-03-06 15:23:39 [main] DEBUG l.i.u.t.SubmittedApplicationsPageTest - Clicked on 'Action Application' button.
2025-03-06 15:23:39 [main] DEBUG l.i.u.t.SubmittedApplicationsPageTest - Clicked on 'New Application' button.
2025-03-06 15:23:40 [main] DEBUG l.i.u.t.SubmittedApplicationsPageTest - Selected the 'RadioButtonFA' option.
2025-03-06 15:23:41 [main] DEBUG l.i.u.t.SubmittedApplicationsPageTest - Entered phone number: '61298745'.
2025-03-06 15:23:41 [main] DEBUG l.i.u.t.SubmittedApplicationsPageTest - Entered email: 'test@autotest.com'.
2025-03-06 15:23:42 [main] DEBUG l.i.u.t.SubmittedApplicationsPageTest - Checked 'For workplace adaptation' checkbox 1.
2025-03-06 15:23:42 [main] DEBUG l.i.u.t.SubmittedApplicationsPageTest - Checked 'For environmental adaptation' checkbox 2.
2025-03-06 15:23:42 [main] INFO  l.i.u.p.SubmittedApplicationsPage - Located the dropdown button.
2025-03-06 15:24:19 [main] INFO  l.i.u.p.SubmittedApplicationsPage - Found 1741 options in the dropdown.
2025-03-06 15:24:19 [main] INFO  l.i.u.p.SubmittedApplicationsPage - Successfully selected the value: '01.11 - Grūdinių (išskyrus ryžius), ankštinių ir aliejingų sėklų augalų auginimas'
2025-03-06 15:24:30 [main] ERROR l.i.u.p.SubmittedApplicationsPage - Failed to close the dropdown with aria-expanded = 'false'. Attempting manual close.
2025-03-06 15:24:30 [main] INFO  l.i.u.p.SubmittedApplicationsPage - Manual close attempt for the dropdown using body click.
2025-03-06 15:24:30 [main] DEBUG l.i.u.t.SubmittedApplicationsPageTest - Selected EVRK value: '01.11 - Grūdinių (išskyrus ryžius), ankštinių ir aliejingų sėklų augalų auginimas'.
2025-03-06 15:24:30 [main] DEBUG l.i.u.t.SubmittedApplicationsPageTest - Clicked on 'Address Component' button.
2025-03-06 15:24:30 [main] INFO  l.i.u.p.SubmittedApplicationsPage - Located the dropdown button.
2025-03-06 15:24:36 [main] INFO  l.i.u.p.SubmittedApplicationsPage - Successfully selected the value: 'Lietuva'
2025-03-06 15:24:36 [main] DEBUG l.i.u.t.SubmittedApplicationsPageTest - Selected country: 'Lietuva'.
2025-03-06 15:24:36 [main] INFO  l.i.u.p.SubmittedApplicationsPage - Located the dropdown search field.
2025-03-06 15:24:36 [main] INFO  l.i.u.p.SubmittedApplicationsPage - Dropdown city is opened.
2025-03-06 15:24:37 [main] INFO  l.i.u.p.SubmittedApplicationsPage - Searched for value: 'Vilnius'
2025-03-06 15:24:38 [main] INFO  l.i.u.p.SubmittedApplicationsPage - Successfully selected: 'Vilnius'
2025-03-06 15:24:38 [main] INFO  l.i.u.p.SubmittedApplicationsPage - Located the dropdown button.
2025-03-06 15:24:38 [main] INFO  l.i.u.p.SubmittedApplicationsPage - Successfully selected the value: 'A. Domaševičiaus g.'
2025-03-06 15:24:38 [main] DEBUG l.i.u.t.SubmittedApplicationsPageTest - Selected street: 'A. Domaševičiaus g.'.
2025-03-06 15:24:38 [main] INFO  l.i.u.p.SubmittedApplicationsPage - Located the dropdown button.
2025-03-06 15:24:39 [main] INFO  l.i.u.p.SubmittedApplicationsPage - Successfully selected the value: '1'
2025-03-06 15:24:39 [main] DEBUG l.i.u.t.SubmittedApplicationsPageTest - Selected house: '1'.
2025-03-06 15:24:39 [main] INFO  l.i.u.p.SubmittedApplicationsPage - Located the dropdown button.
2025-03-06 15:24:39 [main] INFO  l.i.u.p.SubmittedApplicationsPage - Successfully selected the value: '1'
2025-03-06 15:24:39 [main] DEBUG l.i.u.t.SubmittedApplicationsPageTest - Selected apartment: '1'.
2025-03-06 15:24:40 [main] DEBUG l.i.u.t.SubmittedApplicationsPageTest - Clicked 'Confirm' button.
2025-03-06 15:24:40 [main] DEBUG l.i.u.t.SubmittedApplicationsPageTest - Selected 'For already working' option.
2025-03-06 15:24:40 [main] DEBUG l.i.u.t.SubmittedApplicationsPageTest - Selected 'For new working' option.
2025-03-06 15:24:40 [main] DEBUG l.i.u.t.SubmittedApplicationsPageTest - Entered person count2: '1'.
2025-03-06 15:24:41 [main] DEBUG l.i.u.t.SubmittedApplicationsPageTest - Clicked 'Next' button after checkboxes.
2025-03-06 15:24:41 [main] INFO  l.i.u.p.SubmittedApplicationsPage - Located the dropdown button.
2025-03-06 15:24:44 [main] INFO  l.i.u.p.SubmittedApplicationsPage - Successfully selected the value: 'Administratoriai'
2025-03-06 15:24:44 [main] DEBUG l.i.u.t.SubmittedApplicationsPageTest - Selected adaptable job name: 'Administratoriai'.
2025-03-06 15:24:45 [main] DEBUG l.i.u.t.SubmittedApplicationsPageTest - Entered job date.
2025-03-06 15:24:46 [main] DEBUG l.i.u.t.SubmittedApplicationsPageTest - Entered job function: 'Funkcija 1'.
2025-03-06 15:24:46 [main] DEBUG l.i.u.t.SubmittedApplicationsPageTest - Selected 'For already working' 'no' option.
2025-03-06 15:24:46 [main] INFO  l.i.u.p.SubmittedApplicationsPage - Clicking on the dropdown button.
2025-03-06 15:24:47 [main] INFO  l.i.u.p.SubmittedApplicationsPage - Found 6 options in the dropdown.
2025-03-06 15:24:47 [main] DEBUG l.i.u.p.SubmittedApplicationsPage - Checking option: 'Lengvo neįgalumo lygis ar 45-55 procentų dalyvumo lygis (iki 2023 m. gruodžio 31 d. – 45-55 procentų darbingumo lygis)'
2025-03-06 15:24:47 [main] INFO  l.i.u.p.SubmittedApplicationsPage - Successfully selected the value: 'Lengvo neįgalumo lygis ar 45-55 procentų dalyvumo lygis (iki 2023 m. gruodžio 31 d. – 45-55 procentų darbingumo lygis)'
2025-03-06 15:24:47 [main] INFO  l.i.u.p.SubmittedApplicationsPage - Attempting to close the dropdown.
2025-03-06 15:24:48 [main] DEBUG l.i.u.t.SubmittedApplicationsPageTest - Selected disabilities type: 'Lengvo neįgalumo lygis ar 45-55 procentų dalyvumo lygis (iki 2023 m. gruodžio 31 d. – 45-55 procentų darbingumo lygis)'.
2025-03-06 15:24:49 [main] DEBUG l.i.u.t.SubmittedApplicationsPageTest - Entered disability information: 'Negalia 1'.
2025-03-06 15:24:50 [main] DEBUG l.i.u.t.SubmittedApplicationsPageTest - Entered qualification: 'Kvalifikacija 1'.
2025-03-06 15:24:50 [main] DEBUG l.i.u.t.SubmittedApplicationsPageTest - Entered job description: 'Darbo vietos aprašymas 1'.
2025-03-06 15:24:51 [main] DEBUG l.i.u.t.SubmittedApplicationsPageTest - Entered equipment description: 'Priemonių įsigyjimas 1'.
2025-03-06 15:24:51 [main] DEBUG l.i.u.t.SubmittedApplicationsPageTest - Entered work information: 'Darbai 1'.
2025-03-06 15:24:51 [main] INFO  l.i.u.p.SubmittedApplicationsPage - Located the dropdown button.
2025-03-06 15:24:52 [main] INFO  l.i.u.p.SubmittedApplicationsPage - Successfully selected the value: 'Kita'
2025-03-06 15:24:52 [main] DEBUG l.i.u.t.SubmittedApplicationsPageTest - Selected time mode: 'Kita'.
2025-03-06 15:24:53 [main] DEBUG l.i.u.t.SubmittedApplicationsPageTest - Selected time mode other: '6 val. per dieną ir 4 d. per savaitę'.
2025-03-06 15:24:54 [main] DEBUG l.i.u.t.SubmittedApplicationsPageTest - Entered salary amount: '1200'.
2025-03-06 15:24:54 [main] DEBUG l.i.u.t.SubmittedApplicationsPageTest - Selected 'Temporary Job' radio button.
2025-03-06 15:24:54 [main] DEBUG l.i.u.t.SubmittedApplicationsPageTest - Selected 'Season Job' radio button.
2025-03-06 15:24:54 [main] DEBUG l.i.u.t.SubmittedApplicationsPageTest - Selected 'PVM' radio button.
2025-03-06 15:24:54 [main] INFO  l.i.u.p.SubmittedApplicationsPage - Located the dropdown button.
2025-03-06 15:24:55 [main] INFO  l.i.u.p.SubmittedApplicationsPage - Successfully selected the value: 'Darbo vietos pritaikymui'
2025-03-06 15:25:25 [main] ERROR l.i.u.p.SubmittedApplicationsPage - Timeout while waiting for dropdown to close with aria-expanded = 'false'.
2025-03-06 15:25:25 [main] DEBUG l.i.u.t.SubmittedApplicationsPageTest - Selected adaptable job name: 'Darbo vietos pritaikymui'.
2025-03-06 15:25:26 [main] DEBUG l.i.u.p.SubmittedApplicationsPage - Located and clicked the dropdown button 'Reikalinga'.
2025-03-06 15:25:26 [main] INFO  l.i.u.p.SubmittedApplicationsPage - Successfully selected the value: 'Įsigyti'
2025-03-06 15:25:37 [main] DEBUG l.i.u.t.SubmittedApplicationsPageTest - Selected necessary for job: 'Įsigyti'.
2025-03-06 15:25:37 [main] DEBUG l.i.u.t.SubmittedApplicationsPageTest - Selected tool: 'Darbo priemonė 1'.
2025-03-06 15:25:38 [main] DEBUG l.i.u.t.SubmittedApplicationsPageTest - Selected tool parameter one: 'Darbo priemonės 1 parametras 1'.
2025-03-06 15:25:38 [main] DEBUG l.i.u.t.SubmittedApplicationsPageTest - Selected tool parameter two: 'Darbo priemonės 1 parametras 2'.
2025-03-06 15:25:38 [main] DEBUG l.i.u.t.SubmittedApplicationsPageTest - Selected tool parameter three: 'Darbo priemonės 1 parametras 3'.
2025-03-06 15:25:39 [main] DEBUG l.i.u.t.SubmittedApplicationsPageTest - Entered tool count: '1'.
2025-03-06 15:25:39 [main] DEBUG l.i.u.t.SubmittedApplicationsPageTest - Entered price amount: '1000'.
2025-03-06 15:25:39 [main] DEBUG l.i.u.t.SubmittedApplicationsPageTest - Entered own funds amount: '800'.
2025-03-06 15:25:40 [main] DEBUG l.i.u.t.SubmittedApplicationsPageTest - Clicked 'Add' button.
2025-03-06 15:25:40 [main] INFO  l.i.u.p.SubmittedApplicationsPage - Located the dropdown button.
2025-03-06 15:25:41 [main] INFO  l.i.u.p.SubmittedApplicationsPage - Successfully selected the value: 'Aplinkos pritaikymui'
2025-03-06 15:26:11 [main] ERROR l.i.u.p.SubmittedApplicationsPage - Timeout while waiting for dropdown to close with aria-expanded = 'false'.
2025-03-06 15:26:11 [main] DEBUG l.i.u.t.SubmittedApplicationsPageTest - Selected adaptable job name: 'Aplinkos pritaikymui'.
2025-03-06 15:26:11 [main] DEBUG l.i.u.p.SubmittedApplicationsPage - Located and clicked the dropdown button 'Reikalinga'.
2025-03-06 15:26:12 [main] INFO  l.i.u.p.SubmittedApplicationsPage - Successfully selected the value: 'Remontuoti'
2025-03-06 15:26:22 [main] DEBUG l.i.u.t.SubmittedApplicationsPageTest - Selected necessary for job: 'Remontuoti'.
2025-03-06 15:26:22 [main] DEBUG l.i.u.t.SubmittedApplicationsPageTest - Selected tool: 'Darbo priemonė 2 remontui'.
2025-03-06 15:26:22 [main] DEBUG l.i.u.t.SubmittedApplicationsPageTest - Entered tool count: '2'.
2025-03-06 15:26:23 [main] DEBUG l.i.u.t.SubmittedApplicationsPageTest - Entered price amount: '1000'.
2025-03-06 15:26:23 [main] DEBUG l.i.u.t.SubmittedApplicationsPageTest - Entered own funds amount: '900'.
2025-03-06 15:26:23 [main] DEBUG l.i.u.t.SubmittedApplicationsPageTest - Selected 'De Minimis' radio button.
2025-03-06 15:26:24 [main] DEBUG l.i.u.t.SubmittedApplicationsPageTest - Entered program name: 'Programa 1'.
2025-03-06 15:26:24 [main] DEBUG l.i.u.t.SubmittedApplicationsPageTest - Entered project date from.
2025-03-06 15:26:25 [main] DEBUG l.i.u.t.SubmittedApplicationsPageTest - Entered project date until.
2025-03-06 15:26:25 [main] DEBUG l.i.u.t.SubmittedApplicationsPageTest - Entered support amount: '2000'.
2025-03-06 15:26:25 [main] DEBUG l.i.u.t.SubmittedApplicationsPageTest - Clicked 'Next' button.
2025-03-06 15:26:27 [main] ERROR l.i.u.t.SubmittedApplicationsPageTest - Test 'testFillNewDVPApplicationFA' failed with error: element click intercepted: Element <input type="checkbox" class="mdc-checkbox__native-control" id="mat-mdc-checkbox-3-input" tabindex="0"> is not clickable at point (751, 145). Other element would receive the click: <strong>...</strong>
  (Session info: chrome=133.0.6943.142)
Build info: version: '4.27.0', revision: 'd6e718d134'
System info: os.name: 'Windows 11', os.arch: 'amd64', os.version: '10.0', java.version: '21.0.3'
Driver info: org.openqa.selenium.chrome.ChromeDriver
Command: [49c3556afe7f494d702e11fa06525c0d, clickElement {id=f.14806DEE43C460BBC8428D6803831A2D.d.67A281B21DFB43C903F33DD1BE7958A1.e.2622}]
Capabilities {acceptInsecureCerts: false, browserName: chrome, browserVersion: 133.0.6943.142, chrome: {chromedriverVersion: 133.0.6943.141 (2a5d6da0d61..., userDataDir: C:\Users\INGRID~1.ZAD\AppDa...}, fedcm:accounts: true, goog:chromeOptions: {debuggerAddress: localhost:62609}, networkConnectionEnabled: false, pageLoadStrategy: normal, platformName: windows, proxy: Proxy(), se:cdp: ws://localhost:62609/devtoo..., se:cdpVersion: 133.0.6943.142, setWindowRect: true, strictFileInteractability: false, timeouts: {implicit: 0, pageLoad: 300000, script: 30000}, unhandledPromptBehavior: dismiss and notify, webauthn:extension:credBlob: true, webauthn:extension:largeBlob: true, webauthn:extension:minPinLength: true, webauthn:extension:prf: true, webauthn:virtualAuthenticators: true}
Element: [[ChromeDriver: chrome on windows (49c3556afe7f494d702e11fa06525c0d)] -> xpath: (//div[contains(@class, 'mdc-checkbox')]//input[@type='checkbox'])[3]]
Session ID: 49c3556afe7f494d702e11fa06525c0d
org.openqa.selenium.ElementClickInterceptedException: element click intercepted: Element <input type="checkbox" class="mdc-checkbox__native-control" id="mat-mdc-checkbox-3-input" tabindex="0"> is not clickable at point (751, 145). Other element would receive the click: <strong>...</strong>
  (Session info: chrome=133.0.6943.142)
Build info: version: '4.27.0', revision: 'd6e718d134'
System info: os.name: 'Windows 11', os.arch: 'amd64', os.version: '10.0', java.version: '21.0.3'
Driver info: org.openqa.selenium.chrome.ChromeDriver
Command: [49c3556afe7f494d702e11fa06525c0d, clickElement {id=f.14806DEE43C460BBC8428D6803831A2D.d.67A281B21DFB43C903F33DD1BE7958A1.e.2622}]
Capabilities {acceptInsecureCerts: false, browserName: chrome, browserVersion: 133.0.6943.142, chrome: {chromedriverVersion: 133.0.6943.141 (2a5d6da0d61..., userDataDir: C:\Users\INGRID~1.ZAD\AppDa...}, fedcm:accounts: true, goog:chromeOptions: {debuggerAddress: localhost:62609}, networkConnectionEnabled: false, pageLoadStrategy: normal, platformName: windows, proxy: Proxy(), se:cdp: ws://localhost:62609/devtoo..., se:cdpVersion: 133.0.6943.142, setWindowRect: true, strictFileInteractability: false, timeouts: {implicit: 0, pageLoad: 300000, script: 30000}, unhandledPromptBehavior: dismiss and notify, webauthn:extension:credBlob: true, webauthn:extension:largeBlob: true, webauthn:extension:minPinLength: true, webauthn:extension:prf: true, webauthn:virtualAuthenticators: true}
Element: [[ChromeDriver: chrome on windows (49c3556afe7f494d702e11fa06525c0d)] -> xpath: (//div[contains(@class, 'mdc-checkbox')]//input[@type='checkbox'])[3]]
Session ID: 49c3556afe7f494d702e11fa06525c0d
	at java.base/jdk.internal.reflect.DirectConstructorHandleAccessor.newInstance(DirectConstructorHandleAccessor.java:62)
	at java.base/java.lang.reflect.Constructor.newInstanceWithCaller(Constructor.java:502)
	at java.base/java.lang.reflect.Constructor.newInstance(Constructor.java:486)
	at org.openqa.selenium.remote.ErrorCodec.decode(ErrorCodec.java:167)
	at org.openqa.selenium.remote.codec.w3c.W3CHttpResponseCodec.decode(W3CHttpResponseCodec.java:138)
	at org.openqa.selenium.remote.codec.w3c.W3CHttpResponseCodec.decode(W3CHttpResponseCodec.java:50)
	at org.openqa.selenium.remote.HttpCommandExecutor.execute(HttpCommandExecutor.java:190)
	at org.openqa.selenium.remote.service.DriverCommandExecutor.invokeExecute(DriverCommandExecutor.java:216)
	at org.openqa.selenium.remote.service.DriverCommandExecutor.execute(DriverCommandExecutor.java:174)
	at org.openqa.selenium.remote.RemoteWebDriver.execute(RemoteWebDriver.java:545)
	at org.openqa.selenium.remote.RemoteWebElement.execute(RemoteWebElement.java:223)
	at org.openqa.selenium.remote.RemoteWebElement.click(RemoteWebElement.java:76)
	at java.base/jdk.internal.reflect.DirectMethodHandleAccessor.invoke(DirectMethodHandleAccessor.java:103)
	at java.base/java.lang.reflect.Method.invoke(Method.java:580)
	at org.openqa.selenium.support.pagefactory.internal.LocatingElementHandler.invoke(LocatingElementHandler.java:51)
	at jdk.proxy2/jdk.proxy2.$Proxy14.click(Unknown Source)
	at lt.insoft.uztis.pages.InvitationsPage.setCheckbox(InvitationsPage.java:481)
	at lt.insoft.uztis.tests.SubmittedApplicationsPageTest.testFillNewDVPApplicationFA(SubmittedApplicationsPageTest.java:807)
	at java.base/jdk.internal.reflect.DirectMethodHandleAccessor.invoke(DirectMethodHandleAccessor.java:103)
	at java.base/java.lang.reflect.Method.invoke(Method.java:580)
	at org.junit.platform.commons.util.ReflectionUtils.invokeMethod(ReflectionUtils.java:728)
	at org.junit.jupiter.engine.execution.MethodInvocation.proceed(MethodInvocation.java:60)
	at org.junit.jupiter.engine.execution.InvocationInterceptorChain$ValidatingInvocation.proceed(InvocationInterceptorChain.java:131)
	at org.junit.jupiter.engine.extension.TimeoutExtension.intercept(TimeoutExtension.java:156)
	at org.junit.jupiter.engine.extension.TimeoutExtension.interceptTestableMethod(TimeoutExtension.java:147)
	at org.junit.jupiter.engine.extension.TimeoutExtension.interceptTestMethod(TimeoutExtension.java:86)
	at org.junit.jupiter.engine.execution.InterceptingExecutableInvoker$ReflectiveInterceptorCall.lambda$ofVoidMethod$0(InterceptingExecutableInvoker.java:103)
	at org.junit.jupiter.engine.execution.InterceptingExecutableInvoker.lambda$invoke$0(InterceptingExecutableInvoker.java:93)
	at org.junit.jupiter.engine.execution.InvocationInterceptorChain$InterceptedInvocation.proceed(InvocationInterceptorChain.java:106)
	at org.junit.jupiter.engine.execution.InvocationInterceptorChain.proceed(InvocationInterceptorChain.java:64)
	at org.junit.jupiter.engine.execution.InvocationInterceptorChain.chainAndInvoke(InvocationInterceptorChain.java:45)
	at org.junit.jupiter.engine.execution.InvocationInterceptorChain.invoke(InvocationInterceptorChain.java:37)
	at org.junit.jupiter.engine.execution.InterceptingExecutableInvoker.invoke(InterceptingExecutableInvoker.java:92)
	at org.junit.jupiter.engine.execution.InterceptingExecutableInvoker.invoke(InterceptingExecutableInvoker.java:86)
	at org.junit.jupiter.engine.descriptor.TestMethodTestDescriptor.lambda$invokeTestMethod$7(TestMethodTestDescriptor.java:218)
	at org.junit.platform.engine.support.hierarchical.ThrowableCollector.execute(ThrowableCollector.java:73)
	at org.junit.jupiter.engine.descriptor.TestMethodTestDescriptor.invokeTestMethod(TestMethodTestDescriptor.java:214)
	at org.junit.jupiter.engine.descriptor.TestMethodTestDescriptor.execute(TestMethodTestDescriptor.java:139)
	at org.junit.jupiter.engine.descriptor.TestMethodTestDescriptor.execute(TestMethodTestDescriptor.java:69)
	at org.junit.platform.engine.support.hierarchical.NodeTestTask.lambda$executeRecursively$6(NodeTestTask.java:151)
	at org.junit.platform.engine.support.hierarchical.ThrowableCollector.execute(ThrowableCollector.java:73)
	at org.junit.platform.engine.support.hierarchical.NodeTestTask.lambda$executeRecursively$8(NodeTestTask.java:141)
	at org.junit.platform.engine.support.hierarchical.Node.around(Node.java:137)
	at org.junit.platform.engine.support.hierarchical.NodeTestTask.lambda$executeRecursively$9(NodeTestTask.java:139)
	at org.junit.platform.engine.support.hierarchical.ThrowableCollector.execute(ThrowableCollector.java:73)
	at org.junit.platform.engine.support.hierarchical.NodeTestTask.executeRecursively(NodeTestTask.java:138)
	at org.junit.platform.engine.support.hierarchical.NodeTestTask.execute(NodeTestTask.java:95)
	at java.base/java.util.ArrayList.forEach(ArrayList.java:1596)
	at org.junit.platform.engine.support.hierarchical.SameThreadHierarchicalTestExecutorService.invokeAll(SameThreadHierarchicalTestExecutorService.java:41)
	at org.junit.platform.engine.support.hierarchical.NodeTestTask.lambda$executeRecursively$6(NodeTestTask.java:155)
	at org.junit.platform.engine.support.hierarchical.ThrowableCollector.execute(ThrowableCollector.java:73)
	at org.junit.platform.engine.support.hierarchical.NodeTestTask.lambda$executeRecursively$8(NodeTestTask.java:141)
	at org.junit.platform.engine.support.hierarchical.Node.around(Node.java:137)
	at org.junit.platform.engine.support.hierarchical.NodeTestTask.lambda$executeRecursively$9(NodeTestTask.java:139)
	at org.junit.platform.engine.support.hierarchical.ThrowableCollector.execute(ThrowableCollector.java:73)
	at org.junit.platform.engine.support.hierarchical.NodeTestTask.executeRecursively(NodeTestTask.java:138)
	at org.junit.platform.engine.support.hierarchical.NodeTestTask.execute(NodeTestTask.java:95)
	at java.base/java.util.ArrayList.forEach(ArrayList.java:1596)
	at org.junit.platform.engine.support.hierarchical.SameThreadHierarchicalTestExecutorService.invokeAll(SameThreadHierarchicalTestExecutorService.java:41)
	at org.junit.platform.engine.support.hierarchical.NodeTestTask.lambda$executeRecursively$6(NodeTestTask.java:155)
	at org.junit.platform.engine.support.hierarchical.ThrowableCollector.execute(ThrowableCollector.java:73)
	at org.junit.platform.engine.support.hierarchical.NodeTestTask.lambda$executeRecursively$8(NodeTestTask.java:141)
	at org.junit.platform.engine.support.hierarchical.Node.around(Node.java:137)
	at org.junit.platform.engine.support.hierarchical.NodeTestTask.lambda$executeRecursively$9(NodeTestTask.java:139)
	at org.junit.platform.engine.support.hierarchical.ThrowableCollector.execute(ThrowableCollector.java:73)
	at org.junit.platform.engine.support.hierarchical.NodeTestTask.executeRecursively(NodeTestTask.java:138)
	at org.junit.platform.engine.support.hierarchical.NodeTestTask.execute(NodeTestTask.java:95)
	at org.junit.platform.engine.support.hierarchical.SameThreadHierarchicalTestExecutorService.submit(SameThreadHierarchicalTestExecutorService.java:35)
	at org.junit.platform.engine.support.hierarchical.HierarchicalTestExecutor.execute(HierarchicalTestExecutor.java:57)
	at org.junit.platform.engine.support.hierarchical.HierarchicalTestEngine.execute(HierarchicalTestEngine.java:54)
	at org.junit.platform.launcher.core.EngineExecutionOrchestrator.execute(EngineExecutionOrchestrator.java:198)
	at org.junit.platform.launcher.core.EngineExecutionOrchestrator.execute(EngineExecutionOrchestrator.java:169)
	at org.junit.platform.launcher.core.EngineExecutionOrchestrator.execute(EngineExecutionOrchestrator.java:93)
	at org.junit.platform.launcher.core.EngineExecutionOrchestrator.lambda$execute$0(EngineExecutionOrchestrator.java:58)
	at org.junit.platform.launcher.core.EngineExecutionOrchestrator.withInterceptedStreams(EngineExecutionOrchestrator.java:141)
	at org.junit.platform.launcher.core.EngineExecutionOrchestrator.execute(EngineExecutionOrchestrator.java:57)
	at org.junit.platform.launcher.core.DefaultLauncher.execute(DefaultLauncher.java:103)
	at org.junit.platform.launcher.core.DefaultLauncher.execute(DefaultLauncher.java:85)
	at org.junit.platform.launcher.core.DelegatingLauncher.execute(DelegatingLauncher.java:47)
	at org.junit.platform.launcher.core.SessionPerRequestLauncher.execute(SessionPerRequestLauncher.java:63)
	at com.intellij.junit5.JUnit5IdeaTestRunner.startRunnerWithArgs(JUnit5IdeaTestRunner.java:57)
	at com.intellij.rt.junit.IdeaTestRunner$Repeater$1.execute(IdeaTestRunner.java:38)
	at com.intellij.rt.execution.junit.TestsRepeater.repeat(TestsRepeater.java:11)
	at com.intellij.rt.junit.IdeaTestRunner$Repeater.startRunnerWithArgs(IdeaTestRunner.java:35)
	at com.intellij.rt.junit.JUnitStarter.prepareStreamsAndStart(JUnitStarter.java:232)
	at com.intellij.rt.junit.JUnitStarter.main(JUnitStarter.java:55)
2025-03-06 15:26:27 [main] INFO  l.insoft.uztis.tests.utils.TestUtils - Screenshot moved to C:\Users\ingrida.zadorozniene\Desktop\Asm\UZTIS\UZTIS_tests\test-output\screenshots\20250306\152627223_testFillNewDVPApplicationFA().png
2025-03-06 15:28:12 [main] INFO  lt.insoft.uztis.tests.UztisPageTest - Navigated to https://uztisdev.asseco.lt/home
2025-03-06 15:28:13 [main] INFO  l.i.u.t.SubmittedApplicationsPageTest - Starting test:'testFillNewDVPApplicationFA'
2025-03-06 15:28:14 [main] DEBUG l.i.u.t.SubmittedApplicationsPageTest - User logged in with test credentials.
2025-03-06 15:28:15 [main] DEBUG l.i.u.t.SubmittedApplicationsPageTest - Opened 'Application Processing' menu.
2025-03-06 15:28:15 [main] DEBUG l.i.u.t.SubmittedApplicationsPageTest - Clicked on 'Application Forms' menu.
2025-03-06 15:28:16 [main] DEBUG l.i.u.t.SubmittedApplicationsPageTest - Retrieved last description code text: 'TST-DVP-22'.
2025-03-06 15:28:17 [main] DEBUG l.i.u.t.SubmittedApplicationsPageTest - Clicked on 'Invitation' menu.
2025-03-06 15:28:18 [main] DEBUG l.i.u.t.SubmittedApplicationsPageTest - Selected application section by code: 'TST-DVP-22'.
2025-03-06 15:28:19 [main] DEBUG l.i.u.t.SubmittedApplicationsPageTest - Clicked 'Search' button.
2025-03-06 15:28:19 [main] DEBUG l.i.u.t.SubmittedApplicationsPageTest - Retrieved invitation code: ''.
2025-03-06 15:28:19 [main] DEBUG l.i.u.t.SubmittedApplicationsPageTest - Clicked on 'Submitted Applications' menu.
2025-03-06 15:28:21 [main] DEBUG l.i.u.t.SubmittedApplicationsPageTest - Selected invitation by code: 'TST-DVP-22'.
2025-03-06 15:28:21 [main] DEBUG l.i.u.t.SubmittedApplicationsPageTest - Invitation code inserted.
2025-03-06 15:28:22 [main] DEBUG l.i.u.t.SubmittedApplicationsPageTest - Clicked on 'Action Application' button.
2025-03-06 15:28:22 [main] DEBUG l.i.u.t.SubmittedApplicationsPageTest - Clicked on 'New Application' button.
2025-03-06 15:28:23 [main] DEBUG l.i.u.t.SubmittedApplicationsPageTest - Selected the 'RadioButtonFA' option.
2025-03-06 15:28:24 [main] DEBUG l.i.u.t.SubmittedApplicationsPageTest - Entered phone number: '61298745'.
2025-03-06 15:28:24 [main] DEBUG l.i.u.t.SubmittedApplicationsPageTest - Entered email: 'test@autotest.com'.
2025-03-06 15:28:25 [main] DEBUG l.i.u.t.SubmittedApplicationsPageTest - Checked 'For workplace adaptation' checkbox 1.
2025-03-06 15:28:25 [main] DEBUG l.i.u.t.SubmittedApplicationsPageTest - Checked 'For environmental adaptation' checkbox 2.
2025-03-06 15:28:25 [main] INFO  l.i.u.p.SubmittedApplicationsPage - Located the dropdown button.
2025-03-06 15:29:03 [main] INFO  l.i.u.p.SubmittedApplicationsPage - Found 1741 options in the dropdown.
2025-03-06 15:29:03 [main] INFO  l.i.u.p.SubmittedApplicationsPage - Successfully selected the value: '01.11 - Grūdinių (išskyrus ryžius), ankštinių ir aliejingų sėklų augalų auginimas'
2025-03-06 15:29:13 [main] ERROR l.i.u.p.SubmittedApplicationsPage - Failed to close the dropdown with aria-expanded = 'false'. Attempting manual close.
2025-03-06 15:29:13 [main] INFO  l.i.u.p.SubmittedApplicationsPage - Manual close attempt for the dropdown using body click.
2025-03-06 15:29:13 [main] DEBUG l.i.u.t.SubmittedApplicationsPageTest - Selected EVRK value: '01.11 - Grūdinių (išskyrus ryžius), ankštinių ir aliejingų sėklų augalų auginimas'.
2025-03-06 15:29:14 [main] DEBUG l.i.u.t.SubmittedApplicationsPageTest - Clicked on 'Address Component' button.
2025-03-06 15:29:14 [main] INFO  l.i.u.p.SubmittedApplicationsPage - Located the dropdown button.
2025-03-06 15:29:20 [main] INFO  l.i.u.p.SubmittedApplicationsPage - Successfully selected the value: 'Lietuva'
2025-03-06 15:29:20 [main] DEBUG l.i.u.t.SubmittedApplicationsPageTest - Selected country: 'Lietuva'.
2025-03-06 15:29:20 [main] INFO  l.i.u.p.SubmittedApplicationsPage - Located the dropdown search field.
2025-03-06 15:29:20 [main] INFO  l.i.u.p.SubmittedApplicationsPage - Dropdown city is opened.
2025-03-06 15:29:21 [main] INFO  l.i.u.p.SubmittedApplicationsPage - Searched for value: 'Vilnius'
2025-03-06 15:29:22 [main] INFO  l.i.u.p.SubmittedApplicationsPage - Successfully selected: 'Vilnius'
2025-03-06 15:29:22 [main] INFO  l.i.u.p.SubmittedApplicationsPage - Located the dropdown button.
2025-03-06 15:29:22 [main] INFO  l.i.u.p.SubmittedApplicationsPage - Successfully selected the value: 'A. Domaševičiaus g.'
2025-03-06 15:29:22 [main] DEBUG l.i.u.t.SubmittedApplicationsPageTest - Selected street: 'A. Domaševičiaus g.'.
2025-03-06 15:29:22 [main] INFO  l.i.u.p.SubmittedApplicationsPage - Located the dropdown button.
2025-03-06 15:29:23 [main] INFO  l.i.u.p.SubmittedApplicationsPage - Successfully selected the value: '1'
2025-03-06 15:29:23 [main] DEBUG l.i.u.t.SubmittedApplicationsPageTest - Selected house: '1'.
2025-03-06 15:29:23 [main] INFO  l.i.u.p.SubmittedApplicationsPage - Located the dropdown button.
2025-03-06 15:29:23 [main] INFO  l.i.u.p.SubmittedApplicationsPage - Successfully selected the value: '1'
2025-03-06 15:29:23 [main] DEBUG l.i.u.t.SubmittedApplicationsPageTest - Selected apartment: '1'.
2025-03-06 15:29:24 [main] DEBUG l.i.u.t.SubmittedApplicationsPageTest - Clicked 'Confirm' button.
2025-03-06 15:29:24 [main] DEBUG l.i.u.t.SubmittedApplicationsPageTest - Selected 'For already working' option.
2025-03-06 15:29:24 [main] DEBUG l.i.u.t.SubmittedApplicationsPageTest - Selected 'For new working' option.
2025-03-06 15:29:25 [main] DEBUG l.i.u.t.SubmittedApplicationsPageTest - Entered person count2: '1'.
2025-03-06 15:29:25 [main] DEBUG l.i.u.t.SubmittedApplicationsPageTest - Clicked 'Next' button after checkboxes.
2025-03-06 15:29:25 [main] INFO  l.i.u.p.SubmittedApplicationsPage - Located the dropdown button.
2025-03-06 15:29:29 [main] INFO  l.i.u.p.SubmittedApplicationsPage - Successfully selected the value: 'Administratoriai'
2025-03-06 15:29:29 [main] DEBUG l.i.u.t.SubmittedApplicationsPageTest - Selected adaptable job name: 'Administratoriai'.
2025-03-06 15:29:30 [main] DEBUG l.i.u.t.SubmittedApplicationsPageTest - Entered job date.
2025-03-06 15:29:30 [main] DEBUG l.i.u.t.SubmittedApplicationsPageTest - Entered job function: 'Funkcija 1'.
2025-03-06 15:29:30 [main] DEBUG l.i.u.t.SubmittedApplicationsPageTest - Selected 'For already working' 'no' option.
2025-03-06 15:29:30 [main] INFO  l.i.u.p.SubmittedApplicationsPage - Clicking on the dropdown button.
2025-03-06 15:29:32 [main] INFO  l.i.u.p.SubmittedApplicationsPage - Found 6 options in the dropdown.
2025-03-06 15:29:32 [main] DEBUG l.i.u.p.SubmittedApplicationsPage - Checking option: 'Lengvo neįgalumo lygis ar 45-55 procentų dalyvumo lygis (iki 2023 m. gruodžio 31 d. – 45-55 procentų darbingumo lygis)'
2025-03-06 15:29:32 [main] INFO  l.i.u.p.SubmittedApplicationsPage - Successfully selected the value: 'Lengvo neįgalumo lygis ar 45-55 procentų dalyvumo lygis (iki 2023 m. gruodžio 31 d. – 45-55 procentų darbingumo lygis)'
2025-03-06 15:29:32 [main] INFO  l.i.u.p.SubmittedApplicationsPage - Attempting to close the dropdown.
2025-03-06 15:29:33 [main] DEBUG l.i.u.t.SubmittedApplicationsPageTest - Selected disabilities type: 'Lengvo neįgalumo lygis ar 45-55 procentų dalyvumo lygis (iki 2023 m. gruodžio 31 d. – 45-55 procentų darbingumo lygis)'.
2025-03-06 15:29:34 [main] DEBUG l.i.u.t.SubmittedApplicationsPageTest - Entered disability information: 'Negalia 1'.
2025-03-06 15:29:35 [main] DEBUG l.i.u.t.SubmittedApplicationsPageTest - Entered qualification: 'Kvalifikacija 1'.
2025-03-06 15:29:35 [main] DEBUG l.i.u.t.SubmittedApplicationsPageTest - Entered job description: 'Darbo vietos aprašymas 1'.
2025-03-06 15:29:36 [main] DEBUG l.i.u.t.SubmittedApplicationsPageTest - Entered equipment description: 'Priemonių įsigyjimas 1'.
2025-03-06 15:29:36 [main] DEBUG l.i.u.t.SubmittedApplicationsPageTest - Entered work information: 'Darbai 1'.
2025-03-06 15:29:36 [main] INFO  l.i.u.p.SubmittedApplicationsPage - Located the dropdown button.
2025-03-06 15:29:38 [main] INFO  l.i.u.p.SubmittedApplicationsPage - Successfully selected the value: 'Kita'
2025-03-06 15:29:38 [main] DEBUG l.i.u.t.SubmittedApplicationsPageTest - Selected time mode: 'Kita'.
2025-03-06 15:29:38 [main] DEBUG l.i.u.t.SubmittedApplicationsPageTest - Selected time mode other: '6 val. per dieną ir 4 d. per savaitę'.
2025-03-06 15:29:39 [main] DEBUG l.i.u.t.SubmittedApplicationsPageTest - Entered salary amount: '1200'.
2025-03-06 15:29:39 [main] DEBUG l.i.u.t.SubmittedApplicationsPageTest - Selected 'Temporary Job' radio button.
2025-03-06 15:29:39 [main] DEBUG l.i.u.t.SubmittedApplicationsPageTest - Selected 'Season Job' radio button.
2025-03-06 15:29:40 [main] DEBUG l.i.u.t.SubmittedApplicationsPageTest - Selected 'PVM' radio button.
2025-03-06 15:29:40 [main] INFO  l.i.u.p.SubmittedApplicationsPage - Located the dropdown button.
2025-03-06 15:29:40 [main] INFO  l.i.u.p.SubmittedApplicationsPage - Successfully selected the value: 'Darbo vietos pritaikymui'
2025-03-06 15:30:10 [main] ERROR l.i.u.p.SubmittedApplicationsPage - Timeout while waiting for dropdown to close with aria-expanded = 'false'.
2025-03-06 15:30:10 [main] DEBUG l.i.u.t.SubmittedApplicationsPageTest - Selected adaptable job name: 'Darbo vietos pritaikymui'.
2025-03-06 15:30:11 [main] DEBUG l.i.u.p.SubmittedApplicationsPage - Located and clicked the dropdown button 'Reikalinga'.
2025-03-06 15:30:11 [main] INFO  l.i.u.p.SubmittedApplicationsPage - Successfully selected the value: 'Įsigyti'
2025-03-06 15:30:22 [main] DEBUG l.i.u.t.SubmittedApplicationsPageTest - Selected necessary for job: 'Įsigyti'.
2025-03-06 15:30:22 [main] DEBUG l.i.u.t.SubmittedApplicationsPageTest - Selected tool: 'Darbo priemonė 1'.
2025-03-06 15:30:23 [main] DEBUG l.i.u.t.SubmittedApplicationsPageTest - Selected tool parameter one: 'Darbo priemonės 1 parametras 1'.
2025-03-06 15:30:23 [main] DEBUG l.i.u.t.SubmittedApplicationsPageTest - Selected tool parameter two: 'Darbo priemonės 1 parametras 2'.
2025-03-06 15:30:24 [main] DEBUG l.i.u.t.SubmittedApplicationsPageTest - Selected tool parameter three: 'Darbo priemonės 1 parametras 3'.
2025-03-06 15:30:24 [main] DEBUG l.i.u.t.SubmittedApplicationsPageTest - Entered tool count: '1'.
2025-03-06 15:30:24 [main] DEBUG l.i.u.t.SubmittedApplicationsPageTest - Entered price amount: '1000'.
2025-03-06 15:30:25 [main] DEBUG l.i.u.t.SubmittedApplicationsPageTest - Entered own funds amount: '800'.
2025-03-06 15:30:25 [main] DEBUG l.i.u.t.SubmittedApplicationsPageTest - Clicked 'Add' button.
2025-03-06 15:30:25 [main] INFO  l.i.u.p.SubmittedApplicationsPage - Located the dropdown button.
2025-03-06 15:30:26 [main] INFO  l.i.u.p.SubmittedApplicationsPage - Successfully selected the value: 'Aplinkos pritaikymui'
2025-03-06 15:30:56 [main] ERROR l.i.u.p.SubmittedApplicationsPage - Timeout while waiting for dropdown to close with aria-expanded = 'false'.
2025-03-06 15:30:56 [main] DEBUG l.i.u.t.SubmittedApplicationsPageTest - Selected adaptable job name: 'Aplinkos pritaikymui'.
2025-03-06 15:30:57 [main] DEBUG l.i.u.p.SubmittedApplicationsPage - Located and clicked the dropdown button 'Reikalinga'.
2025-03-06 15:30:57 [main] INFO  l.i.u.p.SubmittedApplicationsPage - Successfully selected the value: 'Remontuoti'
2025-03-06 15:31:07 [main] DEBUG l.i.u.t.SubmittedApplicationsPageTest - Selected necessary for job: 'Remontuoti'.
2025-03-06 15:31:08 [main] DEBUG l.i.u.t.SubmittedApplicationsPageTest - Selected tool: 'Darbo priemonė 2 remontui'.
2025-03-06 15:31:08 [main] DEBUG l.i.u.t.SubmittedApplicationsPageTest - Entered tool count: '2'.
2025-03-06 15:31:08 [main] DEBUG l.i.u.t.SubmittedApplicationsPageTest - Entered price amount: '1000'.
2025-03-06 15:31:09 [main] DEBUG l.i.u.t.SubmittedApplicationsPageTest - Entered own funds amount: '900'.
2025-03-06 15:31:09 [main] DEBUG l.i.u.t.SubmittedApplicationsPageTest - Selected 'De Minimis' radio button.
2025-03-06 15:31:10 [main] DEBUG l.i.u.t.SubmittedApplicationsPageTest - Entered program name: 'Programa 1'.
2025-03-06 15:31:10 [main] DEBUG l.i.u.t.SubmittedApplicationsPageTest - Entered project date from.
2025-03-06 15:31:10 [main] DEBUG l.i.u.t.SubmittedApplicationsPageTest - Entered project date until.
2025-03-06 15:31:11 [main] DEBUG l.i.u.t.SubmittedApplicationsPageTest - Entered support amount: '2000'.
2025-03-06 15:31:11 [main] DEBUG l.i.u.t.SubmittedApplicationsPageTest - Clicked 'Next' button.
2025-03-06 15:31:12 [main] DEBUG l.i.u.t.SubmittedApplicationsPageTest - Checked 'For workplace adaptation' checkbox 1.
2025-03-06 15:31:12 [main] DEBUG l.i.u.t.SubmittedApplicationsPageTest - Checked 'For workplace adaptation' checkbox 2.
2025-03-06 15:31:22 [main] ERROR l.i.u.t.SubmittedApplicationsPageTest - Test 'testFillNewDVPApplicationFA' failed with error: no such element: Unable to locate element: {"method":"xpath","selector":"(//div[contains(@class, 'mdc-checkbox')]//input[@type='checkbox'])[6]"}
  (Session info: chrome=133.0.6943.142)
For documentation on this error, please visit: https://www.selenium.dev/documentation/webdriver/troubleshooting/errors#no-such-element-exception
Build info: version: '4.27.0', revision: 'd6e718d134'
System info: os.name: 'Windows 11', os.arch: 'amd64', os.version: '10.0', java.version: '21.0.3'
Driver info: org.openqa.selenium.chrome.ChromeDriver
Command: [52797491433e1964e018bc8fcb09b0e4, findElement {using=xpath, value=(//div[contains(@class, 'mdc-checkbox')]//input[@type='checkbox'])[6]}]
Capabilities {acceptInsecureCerts: false, browserName: chrome, browserVersion: 133.0.6943.142, chrome: {chromedriverVersion: 133.0.6943.141 (2a5d6da0d61..., userDataDir: C:\Users\INGRID~1.ZAD\AppDa...}, fedcm:accounts: true, goog:chromeOptions: {debuggerAddress: localhost:62575}, networkConnectionEnabled: false, pageLoadStrategy: normal, platformName: windows, proxy: Proxy(), se:cdp: ws://localhost:62575/devtoo..., se:cdpVersion: 133.0.6943.142, setWindowRect: true, strictFileInteractability: false, timeouts: {implicit: 0, pageLoad: 300000, script: 30000}, unhandledPromptBehavior: dismiss and notify, webauthn:extension:credBlob: true, webauthn:extension:largeBlob: true, webauthn:extension:minPinLength: true, webauthn:extension:prf: true, webauthn:virtualAuthenticators: true}
Session ID: 52797491433e1964e018bc8fcb09b0e4
org.openqa.selenium.NoSuchElementException: no such element: Unable to locate element: {"method":"xpath","selector":"(//div[contains(@class, 'mdc-checkbox')]//input[@type='checkbox'])[6]"}
  (Session info: chrome=133.0.6943.142)
For documentation on this error, please visit: https://www.selenium.dev/documentation/webdriver/troubleshooting/errors#no-such-element-exception
Build info: version: '4.27.0', revision: 'd6e718d134'
System info: os.name: 'Windows 11', os.arch: 'amd64', os.version: '10.0', java.version: '21.0.3'
Driver info: org.openqa.selenium.chrome.ChromeDriver
Command: [52797491433e1964e018bc8fcb09b0e4, findElement {using=xpath, value=(//div[contains(@class, 'mdc-checkbox')]//input[@type='checkbox'])[6]}]
Capabilities {acceptInsecureCerts: false, browserName: chrome, browserVersion: 133.0.6943.142, chrome: {chromedriverVersion: 133.0.6943.141 (2a5d6da0d61..., userDataDir: C:\Users\INGRID~1.ZAD\AppDa...}, fedcm:accounts: true, goog:chromeOptions: {debuggerAddress: localhost:62575}, networkConnectionEnabled: false, pageLoadStrategy: normal, platformName: windows, proxy: Proxy(), se:cdp: ws://localhost:62575/devtoo..., se:cdpVersion: 133.0.6943.142, setWindowRect: true, strictFileInteractability: false, timeouts: {implicit: 0, pageLoad: 300000, script: 30000}, unhandledPromptBehavior: dismiss and notify, webauthn:extension:credBlob: true, webauthn:extension:largeBlob: true, webauthn:extension:minPinLength: true, webauthn:extension:prf: true, webauthn:virtualAuthenticators: true}
Session ID: 52797491433e1964e018bc8fcb09b0e4
	at java.base/jdk.internal.reflect.DirectConstructorHandleAccessor.newInstance(DirectConstructorHandleAccessor.java:62)
	at java.base/java.lang.reflect.Constructor.newInstanceWithCaller(Constructor.java:502)
	at java.base/java.lang.reflect.Constructor.newInstance(Constructor.java:486)
	at org.openqa.selenium.remote.ErrorCodec.decode(ErrorCodec.java:167)
	at org.openqa.selenium.remote.codec.w3c.W3CHttpResponseCodec.decode(W3CHttpResponseCodec.java:138)
	at org.openqa.selenium.remote.codec.w3c.W3CHttpResponseCodec.decode(W3CHttpResponseCodec.java:50)
	at org.openqa.selenium.remote.HttpCommandExecutor.execute(HttpCommandExecutor.java:190)
	at org.openqa.selenium.remote.service.DriverCommandExecutor.invokeExecute(DriverCommandExecutor.java:216)
	at org.openqa.selenium.remote.service.DriverCommandExecutor.execute(DriverCommandExecutor.java:174)
	at org.openqa.selenium.remote.RemoteWebDriver.execute(RemoteWebDriver.java:545)
	at org.openqa.selenium.remote.ElementLocation$ElementFinder$2.findElement(ElementLocation.java:165)
	at org.openqa.selenium.remote.ElementLocation.findElement(ElementLocation.java:59)
	at org.openqa.selenium.remote.RemoteWebDriver.findElement(RemoteWebDriver.java:368)
	at org.openqa.selenium.remote.RemoteWebDriver.findElement(RemoteWebDriver.java:362)
	at org.openqa.selenium.support.pagefactory.DefaultElementLocator.findElement(DefaultElementLocator.java:68)
	at org.openqa.selenium.support.pagefactory.internal.LocatingElementHandler.invoke(LocatingElementHandler.java:38)
	at jdk.proxy2/jdk.proxy2.$Proxy14.isSelected(Unknown Source)
	at lt.insoft.uztis.pages.InvitationsPage.setCheckbox(InvitationsPage.java:480)
	at lt.insoft.uztis.tests.SubmittedApplicationsPageTest.testFillNewDVPApplicationFA(SubmittedApplicationsPageTest.java:816)
	at java.base/jdk.internal.reflect.DirectMethodHandleAccessor.invoke(DirectMethodHandleAccessor.java:103)
	at java.base/java.lang.reflect.Method.invoke(Method.java:580)
	at org.junit.platform.commons.util.ReflectionUtils.invokeMethod(ReflectionUtils.java:728)
	at org.junit.jupiter.engine.execution.MethodInvocation.proceed(MethodInvocation.java:60)
	at org.junit.jupiter.engine.execution.InvocationInterceptorChain$ValidatingInvocation.proceed(InvocationInterceptorChain.java:131)
	at org.junit.jupiter.engine.extension.TimeoutExtension.intercept(TimeoutExtension.java:156)
	at org.junit.jupiter.engine.extension.TimeoutExtension.interceptTestableMethod(TimeoutExtension.java:147)
	at org.junit.jupiter.engine.extension.TimeoutExtension.interceptTestMethod(TimeoutExtension.java:86)
	at org.junit.jupiter.engine.execution.InterceptingExecutableInvoker$ReflectiveInterceptorCall.lambda$ofVoidMethod$0(InterceptingExecutableInvoker.java:103)
	at org.junit.jupiter.engine.execution.InterceptingExecutableInvoker.lambda$invoke$0(InterceptingExecutableInvoker.java:93)
	at org.junit.jupiter.engine.execution.InvocationInterceptorChain$InterceptedInvocation.proceed(InvocationInterceptorChain.java:106)
	at org.junit.jupiter.engine.execution.InvocationInterceptorChain.proceed(InvocationInterceptorChain.java:64)
	at org.junit.jupiter.engine.execution.InvocationInterceptorChain.chainAndInvoke(InvocationInterceptorChain.java:45)
	at org.junit.jupiter.engine.execution.InvocationInterceptorChain.invoke(InvocationInterceptorChain.java:37)
	at org.junit.jupiter.engine.execution.InterceptingExecutableInvoker.invoke(InterceptingExecutableInvoker.java:92)
	at org.junit.jupiter.engine.execution.InterceptingExecutableInvoker.invoke(InterceptingExecutableInvoker.java:86)
	at org.junit.jupiter.engine.descriptor.TestMethodTestDescriptor.lambda$invokeTestMethod$7(TestMethodTestDescriptor.java:218)
	at org.junit.platform.engine.support.hierarchical.ThrowableCollector.execute(ThrowableCollector.java:73)
	at org.junit.jupiter.engine.descriptor.TestMethodTestDescriptor.invokeTestMethod(TestMethodTestDescriptor.java:214)
	at org.junit.jupiter.engine.descriptor.TestMethodTestDescriptor.execute(TestMethodTestDescriptor.java:139)
	at org.junit.jupiter.engine.descriptor.TestMethodTestDescriptor.execute(TestMethodTestDescriptor.java:69)
	at org.junit.platform.engine.support.hierarchical.NodeTestTask.lambda$executeRecursively$6(NodeTestTask.java:151)
	at org.junit.platform.engine.support.hierarchical.ThrowableCollector.execute(ThrowableCollector.java:73)
	at org.junit.platform.engine.support.hierarchical.NodeTestTask.lambda$executeRecursively$8(NodeTestTask.java:141)
	at org.junit.platform.engine.support.hierarchical.Node.around(Node.java:137)
	at org.junit.platform.engine.support.hierarchical.NodeTestTask.lambda$executeRecursively$9(NodeTestTask.java:139)
	at org.junit.platform.engine.support.hierarchical.ThrowableCollector.execute(ThrowableCollector.java:73)
	at org.junit.platform.engine.support.hierarchical.NodeTestTask.executeRecursively(NodeTestTask.java:138)
	at org.junit.platform.engine.support.hierarchical.NodeTestTask.execute(NodeTestTask.java:95)
	at java.base/java.util.ArrayList.forEach(ArrayList.java:1596)
	at org.junit.platform.engine.support.hierarchical.SameThreadHierarchicalTestExecutorService.invokeAll(SameThreadHierarchicalTestExecutorService.java:41)
	at org.junit.platform.engine.support.hierarchical.NodeTestTask.lambda$executeRecursively$6(NodeTestTask.java:155)
	at org.junit.platform.engine.support.hierarchical.ThrowableCollector.execute(ThrowableCollector.java:73)
	at org.junit.platform.engine.support.hierarchical.NodeTestTask.lambda$executeRecursively$8(NodeTestTask.java:141)
	at org.junit.platform.engine.support.hierarchical.Node.around(Node.java:137)
	at org.junit.platform.engine.support.hierarchical.NodeTestTask.lambda$executeRecursively$9(NodeTestTask.java:139)
	at org.junit.platform.engine.support.hierarchical.ThrowableCollector.execute(ThrowableCollector.java:73)
	at org.junit.platform.engine.support.hierarchical.NodeTestTask.executeRecursively(NodeTestTask.java:138)
	at org.junit.platform.engine.support.hierarchical.NodeTestTask.execute(NodeTestTask.java:95)
	at java.base/java.util.ArrayList.forEach(ArrayList.java:1596)
	at org.junit.platform.engine.support.hierarchical.SameThreadHierarchicalTestExecutorService.invokeAll(SameThreadHierarchicalTestExecutorService.java:41)
	at org.junit.platform.engine.support.hierarchical.NodeTestTask.lambda$executeRecursively$6(NodeTestTask.java:155)
	at org.junit.platform.engine.support.hierarchical.ThrowableCollector.execute(ThrowableCollector.java:73)
	at org.junit.platform.engine.support.hierarchical.NodeTestTask.lambda$executeRecursively$8(NodeTestTask.java:141)
	at org.junit.platform.engine.support.hierarchical.Node.around(Node.java:137)
	at org.junit.platform.engine.support.hierarchical.NodeTestTask.lambda$executeRecursively$9(NodeTestTask.java:139)
	at org.junit.platform.engine.support.hierarchical.ThrowableCollector.execute(ThrowableCollector.java:73)
	at org.junit.platform.engine.support.hierarchical.NodeTestTask.executeRecursively(NodeTestTask.java:138)
	at org.junit.platform.engine.support.hierarchical.NodeTestTask.execute(NodeTestTask.java:95)
	at org.junit.platform.engine.support.hierarchical.SameThreadHierarchicalTestExecutorService.submit(SameThreadHierarchicalTestExecutorService.java:35)
	at org.junit.platform.engine.support.hierarchical.HierarchicalTestExecutor.execute(HierarchicalTestExecutor.java:57)
	at org.junit.platform.engine.support.hierarchical.HierarchicalTestEngine.execute(HierarchicalTestEngine.java:54)
	at org.junit.platform.launcher.core.EngineExecutionOrchestrator.execute(EngineExecutionOrchestrator.java:198)
	at org.junit.platform.launcher.core.EngineExecutionOrchestrator.execute(EngineExecutionOrchestrator.java:169)
	at org.junit.platform.launcher.core.EngineExecutionOrchestrator.execute(EngineExecutionOrchestrator.java:93)
	at org.junit.platform.launcher.core.EngineExecutionOrchestrator.lambda$execute$0(EngineExecutionOrchestrator.java:58)
	at org.junit.platform.launcher.core.EngineExecutionOrchestrator.withInterceptedStreams(EngineExecutionOrchestrator.java:141)
	at org.junit.platform.launcher.core.EngineExecutionOrchestrator.execute(EngineExecutionOrchestrator.java:57)
	at org.junit.platform.launcher.core.DefaultLauncher.execute(DefaultLauncher.java:103)
	at org.junit.platform.launcher.core.DefaultLauncher.execute(DefaultLauncher.java:85)
	at org.junit.platform.launcher.core.DelegatingLauncher.execute(DelegatingLauncher.java:47)
	at org.junit.platform.launcher.core.SessionPerRequestLauncher.execute(SessionPerRequestLauncher.java:63)
	at com.intellij.junit5.JUnit5IdeaTestRunner.startRunnerWithArgs(JUnit5IdeaTestRunner.java:57)
	at com.intellij.rt.junit.IdeaTestRunner$Repeater$1.execute(IdeaTestRunner.java:38)
	at com.intellij.rt.execution.junit.TestsRepeater.repeat(TestsRepeater.java:11)
	at com.intellij.rt.junit.IdeaTestRunner$Repeater.startRunnerWithArgs(IdeaTestRunner.java:35)
	at com.intellij.rt.junit.JUnitStarter.prepareStreamsAndStart(JUnitStarter.java:232)
	at com.intellij.rt.junit.JUnitStarter.main(JUnitStarter.java:55)
2025-03-06 15:31:22 [main] INFO  l.insoft.uztis.tests.utils.TestUtils - Screenshot moved to C:\Users\ingrida.zadorozniene\Desktop\Asm\UZTIS\UZTIS_tests\test-output\screenshots\20250306\153122759_testFillNewDVPApplicationFA().png
2025-03-06 15:35:05 [main] INFO  lt.insoft.uztis.tests.UztisPageTest - Navigated to https://uztisdev.asseco.lt/home
2025-03-06 15:35:05 [main] INFO  l.i.u.t.SubmittedApplicationsPageTest - Starting test:'testFillNewDVPApplicationFA'
2025-03-06 15:35:06 [main] DEBUG l.i.u.t.SubmittedApplicationsPageTest - User logged in with test credentials.
2025-03-06 15:35:06 [main] DEBUG l.i.u.t.SubmittedApplicationsPageTest - Opened 'Application Processing' menu.
2025-03-06 15:35:07 [main] DEBUG l.i.u.t.SubmittedApplicationsPageTest - Clicked on 'Application Forms' menu.
2025-03-06 15:35:08 [main] DEBUG l.i.u.t.SubmittedApplicationsPageTest - Retrieved last description code text: 'TST-DVP-22'.
2025-03-06 15:35:09 [main] DEBUG l.i.u.t.SubmittedApplicationsPageTest - Clicked on 'Invitation' menu.
2025-03-06 15:35:11 [main] DEBUG l.i.u.t.SubmittedApplicationsPageTest - Selected application section by code: 'TST-DVP-22'.
2025-03-06 15:35:11 [main] DEBUG l.i.u.t.SubmittedApplicationsPageTest - Clicked 'Search' button.
2025-03-06 15:35:11 [main] DEBUG l.i.u.t.SubmittedApplicationsPageTest - Retrieved invitation code: ''.
2025-03-06 15:35:11 [main] DEBUG l.i.u.t.SubmittedApplicationsPageTest - Clicked on 'Submitted Applications' menu.
2025-03-06 15:35:14 [main] DEBUG l.i.u.t.SubmittedApplicationsPageTest - Selected invitation by code: 'TST-DVP-22'.
2025-03-06 15:35:14 [main] DEBUG l.i.u.t.SubmittedApplicationsPageTest - Invitation code inserted.
2025-03-06 15:35:14 [main] DEBUG l.i.u.t.SubmittedApplicationsPageTest - Clicked on 'Action Application' button.
2025-03-06 15:35:14 [main] DEBUG l.i.u.t.SubmittedApplicationsPageTest - Clicked on 'New Application' button.
2025-03-06 15:35:16 [main] DEBUG l.i.u.t.SubmittedApplicationsPageTest - Selected the 'RadioButtonFA' option.
2025-03-06 15:35:16 [main] DEBUG l.i.u.t.SubmittedApplicationsPageTest - Entered phone number: '61298745'.
2025-03-06 15:35:17 [main] DEBUG l.i.u.t.SubmittedApplicationsPageTest - Entered email: 'test@autotest.com'.
2025-03-06 15:35:17 [main] DEBUG l.i.u.t.SubmittedApplicationsPageTest - Checked 'For workplace adaptation' checkbox 1.
2025-03-06 15:35:18 [main] DEBUG l.i.u.t.SubmittedApplicationsPageTest - Checked 'For environmental adaptation' checkbox 2.
2025-03-06 15:35:18 [main] INFO  l.i.u.p.SubmittedApplicationsPage - Located the dropdown button.
2025-03-06 15:35:57 [main] INFO  l.i.u.p.SubmittedApplicationsPage - Found 1741 options in the dropdown.
2025-03-06 15:35:58 [main] INFO  l.i.u.p.SubmittedApplicationsPage - Successfully selected the value: '01.11 - Grūdinių (išskyrus ryžius), ankštinių ir aliejingų sėklų augalų auginimas'
2025-03-06 15:36:08 [main] ERROR l.i.u.p.SubmittedApplicationsPage - Failed to close the dropdown with aria-expanded = 'false'. Attempting manual close.
2025-03-06 15:36:08 [main] INFO  l.i.u.p.SubmittedApplicationsPage - Manual close attempt for the dropdown using body click.
2025-03-06 15:36:08 [main] DEBUG l.i.u.t.SubmittedApplicationsPageTest - Selected EVRK value: '01.11 - Grūdinių (išskyrus ryžius), ankštinių ir aliejingų sėklų augalų auginimas'.
2025-03-06 15:36:09 [main] DEBUG l.i.u.t.SubmittedApplicationsPageTest - Clicked on 'Address Component' button.
2025-03-06 15:36:09 [main] INFO  l.i.u.p.SubmittedApplicationsPage - Located the dropdown button.
2025-03-06 15:36:15 [main] INFO  l.i.u.p.SubmittedApplicationsPage - Successfully selected the value: 'Lietuva'
2025-03-06 15:36:15 [main] DEBUG l.i.u.t.SubmittedApplicationsPageTest - Selected country: 'Lietuva'.
2025-03-06 15:36:15 [main] INFO  l.i.u.p.SubmittedApplicationsPage - Located the dropdown search field.
2025-03-06 15:36:15 [main] INFO  l.i.u.p.SubmittedApplicationsPage - Dropdown city is opened.
2025-03-06 15:36:16 [main] INFO  l.i.u.p.SubmittedApplicationsPage - Searched for value: 'Vilnius'
2025-03-06 15:36:17 [main] INFO  l.i.u.p.SubmittedApplicationsPage - Successfully selected: 'Vilnius'
2025-03-06 15:36:17 [main] INFO  l.i.u.p.SubmittedApplicationsPage - Located the dropdown button.
2025-03-06 15:36:18 [main] INFO  l.i.u.p.SubmittedApplicationsPage - Successfully selected the value: 'A. Domaševičiaus g.'
2025-03-06 15:36:18 [main] DEBUG l.i.u.t.SubmittedApplicationsPageTest - Selected street: 'A. Domaševičiaus g.'.
2025-03-06 15:36:18 [main] INFO  l.i.u.p.SubmittedApplicationsPage - Located the dropdown button.
2025-03-06 15:36:18 [main] INFO  l.i.u.p.SubmittedApplicationsPage - Successfully selected the value: '1'
2025-03-06 15:36:18 [main] DEBUG l.i.u.t.SubmittedApplicationsPageTest - Selected house: '1'.
2025-03-06 15:36:18 [main] INFO  l.i.u.p.SubmittedApplicationsPage - Located the dropdown button.
2025-03-06 15:36:19 [main] INFO  l.i.u.p.SubmittedApplicationsPage - Successfully selected the value: '1'
2025-03-06 15:36:19 [main] DEBUG l.i.u.t.SubmittedApplicationsPageTest - Selected apartment: '1'.
2025-03-06 15:36:19 [main] DEBUG l.i.u.t.SubmittedApplicationsPageTest - Clicked 'Confirm' button.
2025-03-06 15:36:20 [main] DEBUG l.i.u.t.SubmittedApplicationsPageTest - Selected 'For already working' option.
2025-03-06 15:36:20 [main] DEBUG l.i.u.t.SubmittedApplicationsPageTest - Selected 'For new working' option.
2025-03-06 15:36:20 [main] DEBUG l.i.u.t.SubmittedApplicationsPageTest - Entered person count2: '1'.
2025-03-06 15:36:21 [main] DEBUG l.i.u.t.SubmittedApplicationsPageTest - Clicked 'Next' button after checkboxes.
2025-03-06 15:36:21 [main] INFO  l.i.u.p.SubmittedApplicationsPage - Located the dropdown button.
2025-03-06 15:36:24 [main] INFO  l.i.u.p.SubmittedApplicationsPage - Successfully selected the value: 'Administratoriai'
2025-03-06 15:36:24 [main] DEBUG l.i.u.t.SubmittedApplicationsPageTest - Selected adaptable job name: 'Administratoriai'.
2025-03-06 15:36:26 [main] DEBUG l.i.u.t.SubmittedApplicationsPageTest - Entered job date.
2025-03-06 15:36:26 [main] DEBUG l.i.u.t.SubmittedApplicationsPageTest - Entered job function: 'Funkcija 1'.
2025-03-06 15:36:27 [main] DEBUG l.i.u.t.SubmittedApplicationsPageTest - Selected 'For already working' 'no' option.
2025-03-06 15:36:27 [main] INFO  l.i.u.p.SubmittedApplicationsPage - Clicking on the dropdown button.
2025-03-06 15:36:28 [main] INFO  l.i.u.p.SubmittedApplicationsPage - Found 6 options in the dropdown.
2025-03-06 15:36:28 [main] DEBUG l.i.u.p.SubmittedApplicationsPage - Checking option: 'Lengvo neįgalumo lygis ar 45-55 procentų dalyvumo lygis (iki 2023 m. gruodžio 31 d. – 45-55 procentų darbingumo lygis)'
2025-03-06 15:36:29 [main] INFO  l.i.u.p.SubmittedApplicationsPage - Successfully selected the value: 'Lengvo neįgalumo lygis ar 45-55 procentų dalyvumo lygis (iki 2023 m. gruodžio 31 d. – 45-55 procentų darbingumo lygis)'
2025-03-06 15:36:29 [main] INFO  l.i.u.p.SubmittedApplicationsPage - Attempting to close the dropdown.
2025-03-06 15:36:29 [main] DEBUG l.i.u.t.SubmittedApplicationsPageTest - Selected disabilities type: 'Lengvo neįgalumo lygis ar 45-55 procentų dalyvumo lygis (iki 2023 m. gruodžio 31 d. – 45-55 procentų darbingumo lygis)'.
2025-03-06 15:36:30 [main] DEBUG l.i.u.t.SubmittedApplicationsPageTest - Entered disability information: 'Negalia 1'.
2025-03-06 15:36:31 [main] DEBUG l.i.u.t.SubmittedApplicationsPageTest - Entered qualification: 'Kvalifikacija 1'.
2025-03-06 15:36:32 [main] DEBUG l.i.u.t.SubmittedApplicationsPageTest - Entered job description: 'Darbo vietos aprašymas 1'.
2025-03-06 15:36:33 [main] DEBUG l.i.u.t.SubmittedApplicationsPageTest - Entered equipment description: 'Priemonių įsigyjimas 1'.
2025-03-06 15:36:33 [main] DEBUG l.i.u.t.SubmittedApplicationsPageTest - Entered work information: 'Darbai 1'.
2025-03-06 15:36:33 [main] INFO  l.i.u.p.SubmittedApplicationsPage - Located the dropdown button.
2025-03-06 15:36:35 [main] INFO  l.i.u.p.SubmittedApplicationsPage - Successfully selected the value: 'Kita'
2025-03-06 15:36:35 [main] DEBUG l.i.u.t.SubmittedApplicationsPageTest - Selected time mode: 'Kita'.
2025-03-06 15:36:35 [main] DEBUG l.i.u.t.SubmittedApplicationsPageTest - Selected time mode other: '6 val. per dieną ir 4 d. per savaitę'.
2025-03-06 15:36:36 [main] DEBUG l.i.u.t.SubmittedApplicationsPageTest - Entered salary amount: '1200'.
2025-03-06 15:36:36 [main] DEBUG l.i.u.t.SubmittedApplicationsPageTest - Selected 'Temporary Job' radio button.
2025-03-06 15:36:36 [main] DEBUG l.i.u.t.SubmittedApplicationsPageTest - Selected 'Season Job' radio button.
2025-03-06 15:36:36 [main] DEBUG l.i.u.t.SubmittedApplicationsPageTest - Selected 'PVM' radio button.
2025-03-06 15:36:36 [main] INFO  l.i.u.p.SubmittedApplicationsPage - Located the dropdown button.
2025-03-06 15:36:37 [main] INFO  l.i.u.p.SubmittedApplicationsPage - Successfully selected the value: 'Darbo vietos pritaikymui'
2025-03-06 15:37:07 [main] ERROR l.i.u.p.SubmittedApplicationsPage - Timeout while waiting for dropdown to close with aria-expanded = 'false'.
2025-03-06 15:37:07 [main] DEBUG l.i.u.t.SubmittedApplicationsPageTest - Selected adaptable job name: 'Darbo vietos pritaikymui'.
2025-03-06 15:37:08 [main] DEBUG l.i.u.p.SubmittedApplicationsPage - Located and clicked the dropdown button 'Reikalinga'.
2025-03-06 15:37:08 [main] INFO  l.i.u.p.SubmittedApplicationsPage - Successfully selected the value: 'Įsigyti'
2025-03-06 15:37:19 [main] DEBUG l.i.u.t.SubmittedApplicationsPageTest - Selected necessary for job: 'Įsigyti'.
2025-03-06 15:37:19 [main] DEBUG l.i.u.t.SubmittedApplicationsPageTest - Selected tool: 'Darbo priemonė 1'.
2025-03-06 15:37:20 [main] DEBUG l.i.u.t.SubmittedApplicationsPageTest - Selected tool parameter one: 'Darbo priemonės 1 parametras 1'.
2025-03-06 15:37:21 [main] DEBUG l.i.u.t.SubmittedApplicationsPageTest - Selected tool parameter two: 'Darbo priemonės 1 parametras 2'.
2025-03-06 15:37:21 [main] DEBUG l.i.u.t.SubmittedApplicationsPageTest - Selected tool parameter three: 'Darbo priemonės 1 parametras 3'.
2025-03-06 15:37:21 [main] DEBUG l.i.u.t.SubmittedApplicationsPageTest - Entered tool count: '1'.
2025-03-06 15:37:22 [main] DEBUG l.i.u.t.SubmittedApplicationsPageTest - Entered price amount: '1000'.
2025-03-06 15:37:22 [main] DEBUG l.i.u.t.SubmittedApplicationsPageTest - Entered own funds amount: '800'.
2025-03-06 15:37:23 [main] DEBUG l.i.u.t.SubmittedApplicationsPageTest - Clicked 'Add' button.
2025-03-06 15:37:23 [main] INFO  l.i.u.p.SubmittedApplicationsPage - Located the dropdown button.
2025-03-06 15:37:24 [main] INFO  l.i.u.p.SubmittedApplicationsPage - Successfully selected the value: 'Aplinkos pritaikymui'
2025-03-06 15:37:54 [main] ERROR l.i.u.p.SubmittedApplicationsPage - Timeout while waiting for dropdown to close with aria-expanded = 'false'.
2025-03-06 15:37:54 [main] DEBUG l.i.u.t.SubmittedApplicationsPageTest - Selected adaptable job name: 'Aplinkos pritaikymui'.
2025-03-06 15:37:54 [main] DEBUG l.i.u.p.SubmittedApplicationsPage - Located and clicked the dropdown button 'Reikalinga'.
2025-03-06 15:37:55 [main] INFO  l.i.u.p.SubmittedApplicationsPage - Successfully selected the value: 'Remontuoti'
2025-03-06 15:38:05 [main] DEBUG l.i.u.t.SubmittedApplicationsPageTest - Selected necessary for job: 'Remontuoti'.
2025-03-06 15:38:05 [main] DEBUG l.i.u.t.SubmittedApplicationsPageTest - Selected tool: 'Darbo priemonė 2 remontui'.
2025-03-06 15:38:06 [main] DEBUG l.i.u.t.SubmittedApplicationsPageTest - Entered tool count: '2'.
2025-03-06 15:38:06 [main] DEBUG l.i.u.t.SubmittedApplicationsPageTest - Entered price amount: '1000'.
2025-03-06 15:38:06 [main] DEBUG l.i.u.t.SubmittedApplicationsPageTest - Entered own funds amount: '900'.
2025-03-06 15:38:07 [main] DEBUG l.i.u.t.SubmittedApplicationsPageTest - Selected 'De Minimis' radio button.
2025-03-06 15:38:08 [main] DEBUG l.i.u.t.SubmittedApplicationsPageTest - Entered program name: 'Programa 1'.
2025-03-06 15:38:08 [main] DEBUG l.i.u.t.SubmittedApplicationsPageTest - Entered project date from.
2025-03-06 15:38:09 [main] DEBUG l.i.u.t.SubmittedApplicationsPageTest - Entered project date until.
2025-03-06 15:38:09 [main] DEBUG l.i.u.t.SubmittedApplicationsPageTest - Entered support amount: '2000'.
2025-03-06 15:38:09 [main] DEBUG l.i.u.t.SubmittedApplicationsPageTest - Clicked 'Next' button.
2025-03-06 15:38:19 [main] ERROR l.i.u.t.SubmittedApplicationsPageTest - Test 'testFillNewDVPApplicationFA' failed with error: no such element: Unable to locate element: {"method":"xpath","selector":"(//div[contains(@class, 'mdc-checkbox')]//input[@type='checkbox'])[6]"}
  (Session info: chrome=133.0.6943.142)
For documentation on this error, please visit: https://www.selenium.dev/documentation/webdriver/troubleshooting/errors#no-such-element-exception
Build info: version: '4.27.0', revision: 'd6e718d134'
System info: os.name: 'Windows 11', os.arch: 'amd64', os.version: '10.0', java.version: '21.0.3'
Driver info: org.openqa.selenium.chrome.ChromeDriver
Command: [74c19efda4841507f5cbe3bb644f8ed2, findElement {using=xpath, value=(//div[contains(@class, 'mdc-checkbox')]//input[@type='checkbox'])[6]}]
Capabilities {acceptInsecureCerts: false, browserName: chrome, browserVersion: 133.0.6943.142, chrome: {chromedriverVersion: 133.0.6943.141 (2a5d6da0d61..., userDataDir: C:\Users\INGRID~1.ZAD\AppDa...}, fedcm:accounts: true, goog:chromeOptions: {debuggerAddress: localhost:62843}, networkConnectionEnabled: false, pageLoadStrategy: normal, platformName: windows, proxy: Proxy(), se:cdp: ws://localhost:62843/devtoo..., se:cdpVersion: 133.0.6943.142, setWindowRect: true, strictFileInteractability: false, timeouts: {implicit: 0, pageLoad: 300000, script: 30000}, unhandledPromptBehavior: dismiss and notify, webauthn:extension:credBlob: true, webauthn:extension:largeBlob: true, webauthn:extension:minPinLength: true, webauthn:extension:prf: true, webauthn:virtualAuthenticators: true}
Session ID: 74c19efda4841507f5cbe3bb644f8ed2
org.openqa.selenium.NoSuchElementException: no such element: Unable to locate element: {"method":"xpath","selector":"(//div[contains(@class, 'mdc-checkbox')]//input[@type='checkbox'])[6]"}
  (Session info: chrome=133.0.6943.142)
For documentation on this error, please visit: https://www.selenium.dev/documentation/webdriver/troubleshooting/errors#no-such-element-exception
Build info: version: '4.27.0', revision: 'd6e718d134'
System info: os.name: 'Windows 11', os.arch: 'amd64', os.version: '10.0', java.version: '21.0.3'
Driver info: org.openqa.selenium.chrome.ChromeDriver
Command: [74c19efda4841507f5cbe3bb644f8ed2, findElement {using=xpath, value=(//div[contains(@class, 'mdc-checkbox')]//input[@type='checkbox'])[6]}]
Capabilities {acceptInsecureCerts: false, browserName: chrome, browserVersion: 133.0.6943.142, chrome: {chromedriverVersion: 133.0.6943.141 (2a5d6da0d61..., userDataDir: C:\Users\INGRID~1.ZAD\AppDa...}, fedcm:accounts: true, goog:chromeOptions: {debuggerAddress: localhost:62843}, networkConnectionEnabled: false, pageLoadStrategy: normal, platformName: windows, proxy: Proxy(), se:cdp: ws://localhost:62843/devtoo..., se:cdpVersion: 133.0.6943.142, setWindowRect: true, strictFileInteractability: false, timeouts: {implicit: 0, pageLoad: 300000, script: 30000}, unhandledPromptBehavior: dismiss and notify, webauthn:extension:credBlob: true, webauthn:extension:largeBlob: true, webauthn:extension:minPinLength: true, webauthn:extension:prf: true, webauthn:virtualAuthenticators: true}
Session ID: 74c19efda4841507f5cbe3bb644f8ed2
	at java.base/jdk.internal.reflect.DirectConstructorHandleAccessor.newInstance(DirectConstructorHandleAccessor.java:62)
	at java.base/java.lang.reflect.Constructor.newInstanceWithCaller(Constructor.java:502)
	at java.base/java.lang.reflect.Constructor.newInstance(Constructor.java:486)
	at org.openqa.selenium.remote.ErrorCodec.decode(ErrorCodec.java:167)
	at org.openqa.selenium.remote.codec.w3c.W3CHttpResponseCodec.decode(W3CHttpResponseCodec.java:138)
	at org.openqa.selenium.remote.codec.w3c.W3CHttpResponseCodec.decode(W3CHttpResponseCodec.java:50)
	at org.openqa.selenium.remote.HttpCommandExecutor.execute(HttpCommandExecutor.java:190)
	at org.openqa.selenium.remote.service.DriverCommandExecutor.invokeExecute(DriverCommandExecutor.java:216)
	at org.openqa.selenium.remote.service.DriverCommandExecutor.execute(DriverCommandExecutor.java:174)
	at org.openqa.selenium.remote.RemoteWebDriver.execute(RemoteWebDriver.java:545)
	at org.openqa.selenium.remote.ElementLocation$ElementFinder$2.findElement(ElementLocation.java:165)
	at org.openqa.selenium.remote.ElementLocation.findElement(ElementLocation.java:59)
	at org.openqa.selenium.remote.RemoteWebDriver.findElement(RemoteWebDriver.java:368)
	at org.openqa.selenium.remote.RemoteWebDriver.findElement(RemoteWebDriver.java:362)
	at org.openqa.selenium.support.pagefactory.DefaultElementLocator.findElement(DefaultElementLocator.java:68)
	at org.openqa.selenium.support.pagefactory.internal.LocatingElementHandler.invoke(LocatingElementHandler.java:38)
	at jdk.proxy2/jdk.proxy2.$Proxy14.isSelected(Unknown Source)
	at lt.insoft.uztis.pages.InvitationsPage.setCheckbox(InvitationsPage.java:480)
	at lt.insoft.uztis.tests.SubmittedApplicationsPageTest.testFillNewDVPApplicationFA(SubmittedApplicationsPageTest.java:810)
	at java.base/jdk.internal.reflect.DirectMethodHandleAccessor.invoke(DirectMethodHandleAccessor.java:103)
	at java.base/java.lang.reflect.Method.invoke(Method.java:580)
	at org.junit.platform.commons.util.ReflectionUtils.invokeMethod(ReflectionUtils.java:728)
	at org.junit.jupiter.engine.execution.MethodInvocation.proceed(MethodInvocation.java:60)
	at org.junit.jupiter.engine.execution.InvocationInterceptorChain$ValidatingInvocation.proceed(InvocationInterceptorChain.java:131)
	at org.junit.jupiter.engine.extension.TimeoutExtension.intercept(TimeoutExtension.java:156)
	at org.junit.jupiter.engine.extension.TimeoutExtension.interceptTestableMethod(TimeoutExtension.java:147)
	at org.junit.jupiter.engine.extension.TimeoutExtension.interceptTestMethod(TimeoutExtension.java:86)
	at org.junit.jupiter.engine.execution.InterceptingExecutableInvoker$ReflectiveInterceptorCall.lambda$ofVoidMethod$0(InterceptingExecutableInvoker.java:103)
	at org.junit.jupiter.engine.execution.InterceptingExecutableInvoker.lambda$invoke$0(InterceptingExecutableInvoker.java:93)
	at org.junit.jupiter.engine.execution.InvocationInterceptorChain$InterceptedInvocation.proceed(InvocationInterceptorChain.java:106)
	at org.junit.jupiter.engine.execution.InvocationInterceptorChain.proceed(InvocationInterceptorChain.java:64)
	at org.junit.jupiter.engine.execution.InvocationInterceptorChain.chainAndInvoke(InvocationInterceptorChain.java:45)
	at org.junit.jupiter.engine.execution.InvocationInterceptorChain.invoke(InvocationInterceptorChain.java:37)
	at org.junit.jupiter.engine.execution.InterceptingExecutableInvoker.invoke(InterceptingExecutableInvoker.java:92)
	at org.junit.jupiter.engine.execution.InterceptingExecutableInvoker.invoke(InterceptingExecutableInvoker.java:86)
	at org.junit.jupiter.engine.descriptor.TestMethodTestDescriptor.lambda$invokeTestMethod$7(TestMethodTestDescriptor.java:218)
	at org.junit.platform.engine.support.hierarchical.ThrowableCollector.execute(ThrowableCollector.java:73)
	at org.junit.jupiter.engine.descriptor.TestMethodTestDescriptor.invokeTestMethod(TestMethodTestDescriptor.java:214)
	at org.junit.jupiter.engine.descriptor.TestMethodTestDescriptor.execute(TestMethodTestDescriptor.java:139)
	at org.junit.jupiter.engine.descriptor.TestMethodTestDescriptor.execute(TestMethodTestDescriptor.java:69)
	at org.junit.platform.engine.support.hierarchical.NodeTestTask.lambda$executeRecursively$6(NodeTestTask.java:151)
	at org.junit.platform.engine.support.hierarchical.ThrowableCollector.execute(ThrowableCollector.java:73)
	at org.junit.platform.engine.support.hierarchical.NodeTestTask.lambda$executeRecursively$8(NodeTestTask.java:141)
	at org.junit.platform.engine.support.hierarchical.Node.around(Node.java:137)
	at org.junit.platform.engine.support.hierarchical.NodeTestTask.lambda$executeRecursively$9(NodeTestTask.java:139)
	at org.junit.platform.engine.support.hierarchical.ThrowableCollector.execute(ThrowableCollector.java:73)
	at org.junit.platform.engine.support.hierarchical.NodeTestTask.executeRecursively(NodeTestTask.java:138)
	at org.junit.platform.engine.support.hierarchical.NodeTestTask.execute(NodeTestTask.java:95)
	at java.base/java.util.ArrayList.forEach(ArrayList.java:1596)
	at org.junit.platform.engine.support.hierarchical.SameThreadHierarchicalTestExecutorService.invokeAll(SameThreadHierarchicalTestExecutorService.java:41)
	at org.junit.platform.engine.support.hierarchical.NodeTestTask.lambda$executeRecursively$6(NodeTestTask.java:155)
	at org.junit.platform.engine.support.hierarchical.ThrowableCollector.execute(ThrowableCollector.java:73)
	at org.junit.platform.engine.support.hierarchical.NodeTestTask.lambda$executeRecursively$8(NodeTestTask.java:141)
	at org.junit.platform.engine.support.hierarchical.Node.around(Node.java:137)
	at org.junit.platform.engine.support.hierarchical.NodeTestTask.lambda$executeRecursively$9(NodeTestTask.java:139)
	at org.junit.platform.engine.support.hierarchical.ThrowableCollector.execute(ThrowableCollector.java:73)
	at org.junit.platform.engine.support.hierarchical.NodeTestTask.executeRecursively(NodeTestTask.java:138)
	at org.junit.platform.engine.support.hierarchical.NodeTestTask.execute(NodeTestTask.java:95)
	at java.base/java.util.ArrayList.forEach(ArrayList.java:1596)
	at org.junit.platform.engine.support.hierarchical.SameThreadHierarchicalTestExecutorService.invokeAll(SameThreadHierarchicalTestExecutorService.java:41)
	at org.junit.platform.engine.support.hierarchical.NodeTestTask.lambda$executeRecursively$6(NodeTestTask.java:155)
	at org.junit.platform.engine.support.hierarchical.ThrowableCollector.execute(ThrowableCollector.java:73)
	at org.junit.platform.engine.support.hierarchical.NodeTestTask.lambda$executeRecursively$8(NodeTestTask.java:141)
	at org.junit.platform.engine.support.hierarchical.Node.around(Node.java:137)
	at org.junit.platform.engine.support.hierarchical.NodeTestTask.lambda$executeRecursively$9(NodeTestTask.java:139)
	at org.junit.platform.engine.support.hierarchical.ThrowableCollector.execute(ThrowableCollector.java:73)
	at org.junit.platform.engine.support.hierarchical.NodeTestTask.executeRecursively(NodeTestTask.java:138)
	at org.junit.platform.engine.support.hierarchical.NodeTestTask.execute(NodeTestTask.java:95)
	at org.junit.platform.engine.support.hierarchical.SameThreadHierarchicalTestExecutorService.submit(SameThreadHierarchicalTestExecutorService.java:35)
	at org.junit.platform.engine.support.hierarchical.HierarchicalTestExecutor.execute(HierarchicalTestExecutor.java:57)
	at org.junit.platform.engine.support.hierarchical.HierarchicalTestEngine.execute(HierarchicalTestEngine.java:54)
	at org.junit.platform.launcher.core.EngineExecutionOrchestrator.execute(EngineExecutionOrchestrator.java:198)
	at org.junit.platform.launcher.core.EngineExecutionOrchestrator.execute(EngineExecutionOrchestrator.java:169)
	at org.junit.platform.launcher.core.EngineExecutionOrchestrator.execute(EngineExecutionOrchestrator.java:93)
	at org.junit.platform.launcher.core.EngineExecutionOrchestrator.lambda$execute$0(EngineExecutionOrchestrator.java:58)
	at org.junit.platform.launcher.core.EngineExecutionOrchestrator.withInterceptedStreams(EngineExecutionOrchestrator.java:141)
	at org.junit.platform.launcher.core.EngineExecutionOrchestrator.execute(EngineExecutionOrchestrator.java:57)
	at org.junit.platform.launcher.core.DefaultLauncher.execute(DefaultLauncher.java:103)
	at org.junit.platform.launcher.core.DefaultLauncher.execute(DefaultLauncher.java:85)
	at org.junit.platform.launcher.core.DelegatingLauncher.execute(DelegatingLauncher.java:47)
	at org.junit.platform.launcher.core.SessionPerRequestLauncher.execute(SessionPerRequestLauncher.java:63)
	at com.intellij.junit5.JUnit5IdeaTestRunner.startRunnerWithArgs(JUnit5IdeaTestRunner.java:57)
	at com.intellij.rt.junit.IdeaTestRunner$Repeater$1.execute(IdeaTestRunner.java:38)
	at com.intellij.rt.execution.junit.TestsRepeater.repeat(TestsRepeater.java:11)
	at com.intellij.rt.junit.IdeaTestRunner$Repeater.startRunnerWithArgs(IdeaTestRunner.java:35)
	at com.intellij.rt.junit.JUnitStarter.prepareStreamsAndStart(JUnitStarter.java:232)
	at com.intellij.rt.junit.JUnitStarter.main(JUnitStarter.java:55)
2025-03-06 15:38:19 [main] INFO  l.insoft.uztis.tests.utils.TestUtils - Screenshot moved to C:\Users\ingrida.zadorozniene\Desktop\Asm\UZTIS\UZTIS_tests\test-output\screenshots\20250306\153819980_testFillNewDVPApplicationFA().png
2025-03-06 15:41:05 [main] INFO  lt.insoft.uztis.tests.UztisPageTest - Navigated to https://uztisdev.asseco.lt/home
2025-03-06 15:41:05 [main] INFO  l.i.u.t.SubmittedApplicationsPageTest - Starting test:'testFillNewDVPApplicationFA'
2025-03-06 15:41:06 [main] DEBUG l.i.u.t.SubmittedApplicationsPageTest - User logged in with test credentials.
2025-03-06 15:41:07 [main] DEBUG l.i.u.t.SubmittedApplicationsPageTest - Opened 'Application Processing' menu.
2025-03-06 15:41:07 [main] DEBUG l.i.u.t.SubmittedApplicationsPageTest - Clicked on 'Application Forms' menu.
2025-03-06 15:41:08 [main] DEBUG l.i.u.t.SubmittedApplicationsPageTest - Retrieved last description code text: 'TST-DVP-22'.
2025-03-06 15:41:08 [main] DEBUG l.i.u.t.SubmittedApplicationsPageTest - Clicked on 'Invitation' menu.
2025-03-06 15:41:10 [main] DEBUG l.i.u.t.SubmittedApplicationsPageTest - Selected application section by code: 'TST-DVP-22'.
2025-03-06 15:41:10 [main] DEBUG l.i.u.t.SubmittedApplicationsPageTest - Clicked 'Search' button.
2025-03-06 15:41:11 [main] DEBUG l.i.u.t.SubmittedApplicationsPageTest - Retrieved invitation code: ''.
2025-03-06 15:41:11 [main] DEBUG l.i.u.t.SubmittedApplicationsPageTest - Clicked on 'Submitted Applications' menu.
2025-03-06 15:41:14 [main] DEBUG l.i.u.t.SubmittedApplicationsPageTest - Selected invitation by code: 'TST-DVP-22'.
2025-03-06 15:41:14 [main] DEBUG l.i.u.t.SubmittedApplicationsPageTest - Invitation code inserted.
2025-03-06 15:41:14 [main] DEBUG l.i.u.t.SubmittedApplicationsPageTest - Clicked on 'Action Application' button.
2025-03-06 15:41:15 [main] DEBUG l.i.u.t.SubmittedApplicationsPageTest - Clicked on 'New Application' button.
2025-03-06 15:41:16 [main] DEBUG l.i.u.t.SubmittedApplicationsPageTest - Selected the 'RadioButtonFA' option.
2025-03-06 15:41:17 [main] DEBUG l.i.u.t.SubmittedApplicationsPageTest - Entered phone number: '61298745'.
2025-03-06 15:41:18 [main] DEBUG l.i.u.t.SubmittedApplicationsPageTest - Entered email: 'test@autotest.com'.
2025-03-06 15:41:18 [main] DEBUG l.i.u.t.SubmittedApplicationsPageTest - Checked 'For workplace adaptation' checkbox 1.
2025-03-06 15:41:19 [main] DEBUG l.i.u.t.SubmittedApplicationsPageTest - Checked 'For environmental adaptation' checkbox 2.
2025-03-06 15:41:19 [main] INFO  l.i.u.p.SubmittedApplicationsPage - Located the dropdown button.
2025-03-06 15:42:02 [main] INFO  l.i.u.p.SubmittedApplicationsPage - Found 1741 options in the dropdown.
2025-03-06 15:42:02 [main] INFO  l.i.u.p.SubmittedApplicationsPage - Successfully selected the value: '01.11 - Grūdinių (išskyrus ryžius), ankštinių ir aliejingų sėklų augalų auginimas'
2025-03-06 15:42:12 [main] ERROR l.i.u.p.SubmittedApplicationsPage - Failed to close the dropdown with aria-expanded = 'false'. Attempting manual close.
2025-03-06 15:42:13 [main] INFO  l.i.u.p.SubmittedApplicationsPage - Manual close attempt for the dropdown using body click.
2025-03-06 15:42:13 [main] DEBUG l.i.u.t.SubmittedApplicationsPageTest - Selected EVRK value: '01.11 - Grūdinių (išskyrus ryžius), ankštinių ir aliejingų sėklų augalų auginimas'.
2025-03-06 15:42:13 [main] DEBUG l.i.u.t.SubmittedApplicationsPageTest - Clicked on 'Address Component' button.
2025-03-06 15:42:13 [main] INFO  l.i.u.p.SubmittedApplicationsPage - Located the dropdown button.
2025-03-06 15:42:20 [main] INFO  l.i.u.p.SubmittedApplicationsPage - Successfully selected the value: 'Lietuva'
2025-03-06 15:42:20 [main] DEBUG l.i.u.t.SubmittedApplicationsPageTest - Selected country: 'Lietuva'.
2025-03-06 15:42:20 [main] INFO  l.i.u.p.SubmittedApplicationsPage - Located the dropdown search field.
2025-03-06 15:42:21 [main] INFO  l.i.u.p.SubmittedApplicationsPage - Dropdown city is opened.
2025-03-06 15:42:21 [main] INFO  l.i.u.p.SubmittedApplicationsPage - Searched for value: 'Vilnius'
2025-03-06 15:42:22 [main] INFO  l.i.u.p.SubmittedApplicationsPage - Successfully selected: 'Vilnius'
2025-03-06 15:42:22 [main] INFO  l.i.u.p.SubmittedApplicationsPage - Located the dropdown button.
2025-03-06 15:42:23 [main] INFO  l.i.u.p.SubmittedApplicationsPage - Successfully selected the value: 'A. Domaševičiaus g.'
2025-03-06 15:42:23 [main] DEBUG l.i.u.t.SubmittedApplicationsPageTest - Selected street: 'A. Domaševičiaus g.'.
2025-03-06 15:42:23 [main] INFO  l.i.u.p.SubmittedApplicationsPage - Located the dropdown button.
2025-03-06 15:42:24 [main] INFO  l.i.u.p.SubmittedApplicationsPage - Successfully selected the value: '1'
2025-03-06 15:42:24 [main] DEBUG l.i.u.t.SubmittedApplicationsPageTest - Selected house: '1'.
2025-03-06 15:42:24 [main] INFO  l.i.u.p.SubmittedApplicationsPage - Located the dropdown button.
2025-03-06 15:42:25 [main] INFO  l.i.u.p.SubmittedApplicationsPage - Successfully selected the value: '1'
2025-03-06 15:42:25 [main] DEBUG l.i.u.t.SubmittedApplicationsPageTest - Selected apartment: '1'.
2025-03-06 15:42:25 [main] DEBUG l.i.u.t.SubmittedApplicationsPageTest - Clicked 'Confirm' button.
2025-03-06 15:42:25 [main] DEBUG l.i.u.t.SubmittedApplicationsPageTest - Selected 'For already working' option.
2025-03-06 15:42:25 [main] DEBUG l.i.u.t.SubmittedApplicationsPageTest - Selected 'For new working' option.
2025-03-06 15:42:26 [main] DEBUG l.i.u.t.SubmittedApplicationsPageTest - Entered person count2: '1'.
2025-03-06 15:42:27 [main] DEBUG l.i.u.t.SubmittedApplicationsPageTest - Clicked 'Next' button after checkboxes.
2025-03-06 15:42:27 [main] INFO  l.i.u.p.SubmittedApplicationsPage - Located the dropdown button.
2025-03-06 15:42:31 [main] INFO  l.i.u.p.SubmittedApplicationsPage - Successfully selected the value: 'Administratoriai'
2025-03-06 15:42:31 [main] DEBUG l.i.u.t.SubmittedApplicationsPageTest - Selected adaptable job name: 'Administratoriai'.
2025-03-06 15:42:32 [main] DEBUG l.i.u.t.SubmittedApplicationsPageTest - Entered job date.
2025-03-06 15:42:33 [main] DEBUG l.i.u.t.SubmittedApplicationsPageTest - Entered job function: 'Funkcija 1'.
2025-03-06 15:42:33 [main] DEBUG l.i.u.t.SubmittedApplicationsPageTest - Selected 'For already working' 'no' option.
2025-03-06 15:42:33 [main] INFO  l.i.u.p.SubmittedApplicationsPage - Clicking on the dropdown button.
2025-03-06 15:42:34 [main] INFO  l.i.u.p.SubmittedApplicationsPage - Found 6 options in the dropdown.
2025-03-06 15:42:34 [main] DEBUG l.i.u.p.SubmittedApplicationsPage - Checking option: 'Lengvo neįgalumo lygis ar 45-55 procentų dalyvumo lygis (iki 2023 m. gruodžio 31 d. – 45-55 procentų darbingumo lygis)'
2025-03-06 15:42:35 [main] INFO  l.i.u.p.SubmittedApplicationsPage - Successfully selected the value: 'Lengvo neįgalumo lygis ar 45-55 procentų dalyvumo lygis (iki 2023 m. gruodžio 31 d. – 45-55 procentų darbingumo lygis)'
2025-03-06 15:42:35 [main] INFO  l.i.u.p.SubmittedApplicationsPage - Attempting to close the dropdown.
2025-03-06 15:42:36 [main] DEBUG l.i.u.t.SubmittedApplicationsPageTest - Selected disabilities type: 'Lengvo neįgalumo lygis ar 45-55 procentų dalyvumo lygis (iki 2023 m. gruodžio 31 d. – 45-55 procentų darbingumo lygis)'.
2025-03-06 15:42:37 [main] DEBUG l.i.u.t.SubmittedApplicationsPageTest - Entered disability information: 'Negalia 1'.
2025-03-06 15:42:38 [main] DEBUG l.i.u.t.SubmittedApplicationsPageTest - Entered qualification: 'Kvalifikacija 1'.
2025-03-06 15:42:38 [main] DEBUG l.i.u.t.SubmittedApplicationsPageTest - Entered job description: 'Darbo vietos aprašymas 1'.
2025-03-06 15:42:39 [main] DEBUG l.i.u.t.SubmittedApplicationsPageTest - Entered equipment description: 'Priemonių įsigyjimas 1'.
2025-03-06 15:42:40 [main] DEBUG l.i.u.t.SubmittedApplicationsPageTest - Entered work information: 'Darbai 1'.
2025-03-06 15:42:40 [main] INFO  l.i.u.p.SubmittedApplicationsPage - Located the dropdown button.
2025-03-06 15:42:41 [main] INFO  l.i.u.p.SubmittedApplicationsPage - Successfully selected the value: 'Kita'
2025-03-06 15:42:41 [main] DEBUG l.i.u.t.SubmittedApplicationsPageTest - Selected time mode: 'Kita'.
2025-03-06 15:42:42 [main] DEBUG l.i.u.t.SubmittedApplicationsPageTest - Selected time mode other: '6 val. per dieną ir 4 d. per savaitę'.
2025-03-06 15:42:42 [main] DEBUG l.i.u.t.SubmittedApplicationsPageTest - Entered salary amount: '1200'.
2025-03-06 15:42:42 [main] DEBUG l.i.u.t.SubmittedApplicationsPageTest - Selected 'Temporary Job' radio button.
2025-03-06 15:42:43 [main] DEBUG l.i.u.t.SubmittedApplicationsPageTest - Selected 'Season Job' radio button.
2025-03-06 15:42:43 [main] DEBUG l.i.u.t.SubmittedApplicationsPageTest - Selected 'PVM' radio button.
2025-03-06 15:42:43 [main] INFO  l.i.u.p.SubmittedApplicationsPage - Located the dropdown button.
2025-03-06 15:42:44 [main] INFO  l.i.u.p.SubmittedApplicationsPage - Successfully selected the value: 'Darbo vietos pritaikymui'
2025-03-06 15:43:14 [main] ERROR l.i.u.p.SubmittedApplicationsPage - Timeout while waiting for dropdown to close with aria-expanded = 'false'.
2025-03-06 15:43:14 [main] DEBUG l.i.u.t.SubmittedApplicationsPageTest - Selected adaptable job name: 'Darbo vietos pritaikymui'.
2025-03-06 15:43:15 [main] DEBUG l.i.u.p.SubmittedApplicationsPage - Located and clicked the dropdown button 'Reikalinga'.
2025-03-06 15:43:15 [main] INFO  l.i.u.p.SubmittedApplicationsPage - Successfully selected the value: 'Įsigyti'
2025-03-06 15:43:15 [main] DEBUG l.i.u.t.SubmittedApplicationsPageTest - Selected necessary for job: 'Įsigyti'.
2025-03-06 15:43:16 [main] DEBUG l.i.u.t.SubmittedApplicationsPageTest - Selected tool: 'Darbo priemonė 1'.
2025-03-06 15:43:16 [main] DEBUG l.i.u.t.SubmittedApplicationsPageTest - Selected tool parameter one: 'Darbo priemonės 1 parametras 1'.
2025-03-06 15:43:17 [main] DEBUG l.i.u.t.SubmittedApplicationsPageTest - Selected tool parameter two: 'Darbo priemonės 1 parametras 2'.
2025-03-06 15:43:17 [main] DEBUG l.i.u.t.SubmittedApplicationsPageTest - Selected tool parameter three: 'Darbo priemonės 1 parametras 3'.
2025-03-06 15:43:18 [main] DEBUG l.i.u.t.SubmittedApplicationsPageTest - Entered tool count: '1'.
2025-03-06 15:43:18 [main] DEBUG l.i.u.t.SubmittedApplicationsPageTest - Entered price amount: '1000'.
2025-03-06 15:43:19 [main] DEBUG l.i.u.t.SubmittedApplicationsPageTest - Entered own funds amount: '800'.
2025-03-06 15:43:19 [main] DEBUG l.i.u.t.SubmittedApplicationsPageTest - Clicked 'Add' button.
2025-03-06 15:43:19 [main] INFO  l.i.u.p.SubmittedApplicationsPage - Located the dropdown button.
2025-03-06 15:43:20 [main] INFO  l.i.u.p.SubmittedApplicationsPage - Successfully selected the value: 'Aplinkos pritaikymui'
2025-03-06 15:43:50 [main] ERROR l.i.u.p.SubmittedApplicationsPage - Timeout while waiting for dropdown to close with aria-expanded = 'false'.
2025-03-06 15:43:50 [main] DEBUG l.i.u.t.SubmittedApplicationsPageTest - Selected adaptable job name: 'Aplinkos pritaikymui'.
2025-03-06 15:43:51 [main] DEBUG l.i.u.p.SubmittedApplicationsPage - Located and clicked the dropdown button 'Reikalinga'.
2025-03-06 15:43:51 [main] INFO  l.i.u.p.SubmittedApplicationsPage - Successfully selected the value: 'Remontuoti'
2025-03-06 15:44:02 [main] DEBUG l.i.u.t.SubmittedApplicationsPageTest - Selected necessary for job: 'Remontuoti'.
2025-03-06 15:44:02 [main] DEBUG l.i.u.t.SubmittedApplicationsPageTest - Selected tool: 'Darbo priemonė 2 remontui'.
2025-03-06 15:44:03 [main] DEBUG l.i.u.t.SubmittedApplicationsPageTest - Entered tool count: '2'.
2025-03-06 15:44:03 [main] DEBUG l.i.u.t.SubmittedApplicationsPageTest - Entered price amount: '1000'.
2025-03-06 15:44:03 [main] DEBUG l.i.u.t.SubmittedApplicationsPageTest - Entered own funds amount: '900'.
2025-03-06 15:44:04 [main] DEBUG l.i.u.t.SubmittedApplicationsPageTest - Selected 'De Minimis' radio button.
2025-03-06 15:44:04 [main] DEBUG l.i.u.t.SubmittedApplicationsPageTest - Entered program name: 'Programa 1'.
2025-03-06 15:44:05 [main] DEBUG l.i.u.t.SubmittedApplicationsPageTest - Entered project date from.
2025-03-06 15:44:05 [main] DEBUG l.i.u.t.SubmittedApplicationsPageTest - Entered project date until.
2025-03-06 15:44:06 [main] DEBUG l.i.u.t.SubmittedApplicationsPageTest - Entered support amount: '2000'.
2025-03-06 15:44:06 [main] DEBUG l.i.u.t.SubmittedApplicationsPageTest - Clicked 'Next' button.
2025-03-06 15:44:16 [main] DEBUG l.i.u.t.SubmittedApplicationsPageTest - Checked 'Legal Entities' checkbox 1.
2025-03-06 15:44:27 [main] DEBUG l.i.u.t.SubmittedApplicationsPageTest - Checked 'Legal Entities' checkbox 2.
2025-03-06 15:44:38 [main] DEBUG l.i.u.t.SubmittedApplicationsPageTest - Checked 'Legal Entities' checkbox 3.
2025-03-06 15:44:38 [main] DEBUG l.i.u.t.SubmittedApplicationsPageTest - Test finished: All 'Legal Entities' checkboxes checked successfully.
2025-03-06 15:44:38 [main] DEBUG l.i.u.t.SubmittedApplicationsPageTest - Clicked 'Next' button after checkboxes.
2025-03-06 15:44:49 [main] ERROR l.i.u.p.SubmittedApplicationsPage - Error selecting radio button: Expected condition failed: waiting for element to be clickable: By.xpath: (//input[@type='radio' and @value='false'])[8] (tried for 10 second(s) with 500 milliseconds interval)
Build info: version: '4.27.0', revision: 'd6e718d134'
System info: os.name: 'Windows 11', os.arch: 'amd64', os.version: '10.0', java.version: '21.0.3'
Driver info: org.openqa.selenium.chrome.ChromeDriver
Capabilities {acceptInsecureCerts: false, browserName: chrome, browserVersion: 133.0.6943.142, chrome: {chromedriverVersion: 133.0.6943.141 (2a5d6da0d61..., userDataDir: C:\Users\INGRID~1.ZAD\AppDa...}, fedcm:accounts: true, goog:chromeOptions: {debuggerAddress: localhost:63097}, networkConnectionEnabled: false, pageLoadStrategy: normal, platformName: windows, proxy: Proxy(), se:cdp: ws://localhost:63097/devtoo..., se:cdpVersion: 133.0.6943.142, setWindowRect: true, strictFileInteractability: false, timeouts: {implicit: 0, pageLoad: 300000, script: 30000}, unhandledPromptBehavior: dismiss and notify, webauthn:extension:credBlob: true, webauthn:extension:largeBlob: true, webauthn:extension:minPinLength: true, webauthn:extension:prf: true, webauthn:virtualAuthenticators: true}
Session ID: b2e872e2c1c4e763a51dace51df138ca
2025-03-06 15:44:49 [main] INFO  l.i.u.t.SubmittedApplicationsPageTest - Marking 'Ne' radio button 1
2025-03-06 15:44:59 [main] ERROR l.i.u.p.SubmittedApplicationsPage - Error selecting radio button: Expected condition failed: waiting for element to be clickable: By.xpath: (//input[@type='radio' and @value='false'])[9] (tried for 10 second(s) with 500 milliseconds interval)
Build info: version: '4.27.0', revision: 'd6e718d134'
System info: os.name: 'Windows 11', os.arch: 'amd64', os.version: '10.0', java.version: '21.0.3'
Driver info: org.openqa.selenium.chrome.ChromeDriver
Capabilities {acceptInsecureCerts: false, browserName: chrome, browserVersion: 133.0.6943.142, chrome: {chromedriverVersion: 133.0.6943.141 (2a5d6da0d61..., userDataDir: C:\Users\INGRID~1.ZAD\AppDa...}, fedcm:accounts: true, goog:chromeOptions: {debuggerAddress: localhost:63097}, networkConnectionEnabled: false, pageLoadStrategy: normal, platformName: windows, proxy: Proxy(), se:cdp: ws://localhost:63097/devtoo..., se:cdpVersion: 133.0.6943.142, setWindowRect: true, strictFileInteractability: false, timeouts: {implicit: 0, pageLoad: 300000, script: 30000}, unhandledPromptBehavior: dismiss and notify, webauthn:extension:credBlob: true, webauthn:extension:largeBlob: true, webauthn:extension:minPinLength: true, webauthn:extension:prf: true, webauthn:virtualAuthenticators: true}
Session ID: b2e872e2c1c4e763a51dace51df138ca
2025-03-06 15:45:00 [main] INFO  l.i.u.t.SubmittedApplicationsPageTest - Marking 'Ne' radio button 2
2025-03-06 15:45:10 [main] ERROR l.i.u.p.SubmittedApplicationsPage - Error selecting radio button: Expected condition failed: waiting for element to be clickable: By.xpath: (//input[@type='radio' and @value='false'])[10] (tried for 10 second(s) with 500 milliseconds interval)
Build info: version: '4.27.0', revision: 'd6e718d134'
System info: os.name: 'Windows 11', os.arch: 'amd64', os.version: '10.0', java.version: '21.0.3'
Driver info: org.openqa.selenium.chrome.ChromeDriver
Capabilities {acceptInsecureCerts: false, browserName: chrome, browserVersion: 133.0.6943.142, chrome: {chromedriverVersion: 133.0.6943.141 (2a5d6da0d61..., userDataDir: C:\Users\INGRID~1.ZAD\AppDa...}, fedcm:accounts: true, goog:chromeOptions: {debuggerAddress: localhost:63097}, networkConnectionEnabled: false, pageLoadStrategy: normal, platformName: windows, proxy: Proxy(), se:cdp: ws://localhost:63097/devtoo..., se:cdpVersion: 133.0.6943.142, setWindowRect: true, strictFileInteractability: false, timeouts: {implicit: 0, pageLoad: 300000, script: 30000}, unhandledPromptBehavior: dismiss and notify, webauthn:extension:credBlob: true, webauthn:extension:largeBlob: true, webauthn:extension:minPinLength: true, webauthn:extension:prf: true, webauthn:virtualAuthenticators: true}
Session ID: b2e872e2c1c4e763a51dace51df138ca
2025-03-06 15:45:10 [main] INFO  l.i.u.t.SubmittedApplicationsPageTest - Marking 'Ne' radio button 3
2025-03-06 15:45:21 [main] ERROR l.i.u.p.SubmittedApplicationsPage - Error selecting radio button: Expected condition failed: waiting for element to be clickable: By.xpath: (//input[@type='radio' and @value='false'])[11] (tried for 10 second(s) with 500 milliseconds interval)
Build info: version: '4.27.0', revision: 'd6e718d134'
System info: os.name: 'Windows 11', os.arch: 'amd64', os.version: '10.0', java.version: '21.0.3'
Driver info: org.openqa.selenium.chrome.ChromeDriver
Capabilities {acceptInsecureCerts: false, browserName: chrome, browserVersion: 133.0.6943.142, chrome: {chromedriverVersion: 133.0.6943.141 (2a5d6da0d61..., userDataDir: C:\Users\INGRID~1.ZAD\AppDa...}, fedcm:accounts: true, goog:chromeOptions: {debuggerAddress: localhost:63097}, networkConnectionEnabled: false, pageLoadStrategy: normal, platformName: windows, proxy: Proxy(), se:cdp: ws://localhost:63097/devtoo..., se:cdpVersion: 133.0.6943.142, setWindowRect: true, strictFileInteractability: false, timeouts: {implicit: 0, pageLoad: 300000, script: 30000}, unhandledPromptBehavior: dismiss and notify, webauthn:extension:credBlob: true, webauthn:extension:largeBlob: true, webauthn:extension:minPinLength: true, webauthn:extension:prf: true, webauthn:virtualAuthenticators: true}
Session ID: b2e872e2c1c4e763a51dace51df138ca
2025-03-06 15:45:21 [main] INFO  l.i.u.t.SubmittedApplicationsPageTest - Marking 'Ne' radio button 4
2025-03-06 15:45:31 [main] ERROR l.i.u.p.SubmittedApplicationsPage - Error selecting radio button: Expected condition failed: waiting for element to be clickable: By.xpath: (//input[@type='radio' and @value='false'])[12] (tried for 10 second(s) with 500 milliseconds interval)
Build info: version: '4.27.0', revision: 'd6e718d134'
System info: os.name: 'Windows 11', os.arch: 'amd64', os.version: '10.0', java.version: '21.0.3'
Driver info: org.openqa.selenium.chrome.ChromeDriver
Capabilities {acceptInsecureCerts: false, browserName: chrome, browserVersion: 133.0.6943.142, chrome: {chromedriverVersion: 133.0.6943.141 (2a5d6da0d61..., userDataDir: C:\Users\INGRID~1.ZAD\AppDa...}, fedcm:accounts: true, goog:chromeOptions: {debuggerAddress: localhost:63097}, networkConnectionEnabled: false, pageLoadStrategy: normal, platformName: windows, proxy: Proxy(), se:cdp: ws://localhost:63097/devtoo..., se:cdpVersion: 133.0.6943.142, setWindowRect: true, strictFileInteractability: false, timeouts: {implicit: 0, pageLoad: 300000, script: 30000}, unhandledPromptBehavior: dismiss and notify, webauthn:extension:credBlob: true, webauthn:extension:largeBlob: true, webauthn:extension:minPinLength: true, webauthn:extension:prf: true, webauthn:virtualAuthenticators: true}
Session ID: b2e872e2c1c4e763a51dace51df138ca
2025-03-06 15:45:31 [main] INFO  l.i.u.t.SubmittedApplicationsPageTest - Marking 'Ne' radio button 5
2025-03-06 15:45:41 [main] ERROR l.i.u.p.SubmittedApplicationsPage - Error selecting radio button: Expected condition failed: waiting for element to be clickable: By.xpath: (//input[@type='radio' and @value='false'])[13] (tried for 10 second(s) with 500 milliseconds interval)
Build info: version: '4.27.0', revision: 'd6e718d134'
System info: os.name: 'Windows 11', os.arch: 'amd64', os.version: '10.0', java.version: '21.0.3'
Driver info: org.openqa.selenium.chrome.ChromeDriver
Capabilities {acceptInsecureCerts: false, browserName: chrome, browserVersion: 133.0.6943.142, chrome: {chromedriverVersion: 133.0.6943.141 (2a5d6da0d61..., userDataDir: C:\Users\INGRID~1.ZAD\AppDa...}, fedcm:accounts: true, goog:chromeOptions: {debuggerAddress: localhost:63097}, networkConnectionEnabled: false, pageLoadStrategy: normal, platformName: windows, proxy: Proxy(), se:cdp: ws://localhost:63097/devtoo..., se:cdpVersion: 133.0.6943.142, setWindowRect: true, strictFileInteractability: false, timeouts: {implicit: 0, pageLoad: 300000, script: 30000}, unhandledPromptBehavior: dismiss and notify, webauthn:extension:credBlob: true, webauthn:extension:largeBlob: true, webauthn:extension:minPinLength: true, webauthn:extension:prf: true, webauthn:virtualAuthenticators: true}
Session ID: b2e872e2c1c4e763a51dace51df138ca
2025-03-06 15:45:41 [main] INFO  l.i.u.t.SubmittedApplicationsPageTest - Marking 'Ne' radio button 6
2025-03-06 15:45:51 [main] ERROR l.i.u.p.SubmittedApplicationsPage - Error selecting radio button: Expected condition failed: waiting for element to be clickable: By.xpath: (//input[@type='radio' and @value='true'])[14] (tried for 10 second(s) with 500 milliseconds interval)
Build info: version: '4.27.0', revision: 'd6e718d134'
System info: os.name: 'Windows 11', os.arch: 'amd64', os.version: '10.0', java.version: '21.0.3'
Driver info: org.openqa.selenium.chrome.ChromeDriver
Capabilities {acceptInsecureCerts: false, browserName: chrome, browserVersion: 133.0.6943.142, chrome: {chromedriverVersion: 133.0.6943.141 (2a5d6da0d61..., userDataDir: C:\Users\INGRID~1.ZAD\AppDa...}, fedcm:accounts: true, goog:chromeOptions: {debuggerAddress: localhost:63097}, networkConnectionEnabled: false, pageLoadStrategy: normal, platformName: windows, proxy: Proxy(), se:cdp: ws://localhost:63097/devtoo..., se:cdpVersion: 133.0.6943.142, setWindowRect: true, strictFileInteractability: false, timeouts: {implicit: 0, pageLoad: 300000, script: 30000}, unhandledPromptBehavior: dismiss and notify, webauthn:extension:credBlob: true, webauthn:extension:largeBlob: true, webauthn:extension:minPinLength: true, webauthn:extension:prf: true, webauthn:virtualAuthenticators: true}
Session ID: b2e872e2c1c4e763a51dace51df138ca
2025-03-06 15:45:51 [main] INFO  l.i.u.t.SubmittedApplicationsPageTest - Marking 'Taip' radio button 7
2025-03-06 15:46:01 [main] ERROR l.i.u.p.SubmittedApplicationsPage - Error selecting radio button: Expected condition failed: waiting for element to be clickable: By.xpath: (//input[@type='radio' and @value='true'])[15] (tried for 10 second(s) with 500 milliseconds interval)
Build info: version: '4.27.0', revision: 'd6e718d134'
System info: os.name: 'Windows 11', os.arch: 'amd64', os.version: '10.0', java.version: '21.0.3'
Driver info: org.openqa.selenium.chrome.ChromeDriver
Capabilities {acceptInsecureCerts: false, browserName: chrome, browserVersion: 133.0.6943.142, chrome: {chromedriverVersion: 133.0.6943.141 (2a5d6da0d61..., userDataDir: C:\Users\INGRID~1.ZAD\AppDa...}, fedcm:accounts: true, goog:chromeOptions: {debuggerAddress: localhost:63097}, networkConnectionEnabled: false, pageLoadStrategy: normal, platformName: windows, proxy: Proxy(), se:cdp: ws://localhost:63097/devtoo..., se:cdpVersion: 133.0.6943.142, setWindowRect: true, strictFileInteractability: false, timeouts: {implicit: 0, pageLoad: 300000, script: 30000}, unhandledPromptBehavior: dismiss and notify, webauthn:extension:credBlob: true, webauthn:extension:largeBlob: true, webauthn:extension:minPinLength: true, webauthn:extension:prf: true, webauthn:virtualAuthenticators: true}
Session ID: b2e872e2c1c4e763a51dace51df138ca
2025-03-06 15:46:01 [main] INFO  l.i.u.t.SubmittedApplicationsPageTest - Marking 'Taip' radio button 8
2025-03-06 15:46:12 [main] ERROR l.i.u.p.SubmittedApplicationsPage - Error selecting radio button: Expected condition failed: waiting for element to be clickable: By.xpath: (//input[@type='radio' and @value='true'])[16] (tried for 10 second(s) with 500 milliseconds interval)
Build info: version: '4.27.0', revision: 'd6e718d134'
System info: os.name: 'Windows 11', os.arch: 'amd64', os.version: '10.0', java.version: '21.0.3'
Driver info: org.openqa.selenium.chrome.ChromeDriver
Capabilities {acceptInsecureCerts: false, browserName: chrome, browserVersion: 133.0.6943.142, chrome: {chromedriverVersion: 133.0.6943.141 (2a5d6da0d61..., userDataDir: C:\Users\INGRID~1.ZAD\AppDa...}, fedcm:accounts: true, goog:chromeOptions: {debuggerAddress: localhost:63097}, networkConnectionEnabled: false, pageLoadStrategy: normal, platformName: windows, proxy: Proxy(), se:cdp: ws://localhost:63097/devtoo..., se:cdpVersion: 133.0.6943.142, setWindowRect: true, strictFileInteractability: false, timeouts: {implicit: 0, pageLoad: 300000, script: 30000}, unhandledPromptBehavior: dismiss and notify, webauthn:extension:credBlob: true, webauthn:extension:largeBlob: true, webauthn:extension:minPinLength: true, webauthn:extension:prf: true, webauthn:virtualAuthenticators: true}
Session ID: b2e872e2c1c4e763a51dace51df138ca
2025-03-06 15:46:12 [main] INFO  l.i.u.t.SubmittedApplicationsPageTest - Marking 'Taip' radio button 9
2025-03-06 15:46:22 [main] ERROR l.i.u.p.SubmittedApplicationsPage - Error selecting radio button: Expected condition failed: waiting for element to be clickable: By.xpath: (//input[@type='radio' and @value='true'])[17] (tried for 10 second(s) with 500 milliseconds interval)
Build info: version: '4.27.0', revision: 'd6e718d134'
System info: os.name: 'Windows 11', os.arch: 'amd64', os.version: '10.0', java.version: '21.0.3'
Driver info: org.openqa.selenium.chrome.ChromeDriver
Capabilities {acceptInsecureCerts: false, browserName: chrome, browserVersion: 133.0.6943.142, chrome: {chromedriverVersion: 133.0.6943.141 (2a5d6da0d61..., userDataDir: C:\Users\INGRID~1.ZAD\AppDa...}, fedcm:accounts: true, goog:chromeOptions: {debuggerAddress: localhost:63097}, networkConnectionEnabled: false, pageLoadStrategy: normal, platformName: windows, proxy: Proxy(), se:cdp: ws://localhost:63097/devtoo..., se:cdpVersion: 133.0.6943.142, setWindowRect: true, strictFileInteractability: false, timeouts: {implicit: 0, pageLoad: 300000, script: 30000}, unhandledPromptBehavior: dismiss and notify, webauthn:extension:credBlob: true, webauthn:extension:largeBlob: true, webauthn:extension:minPinLength: true, webauthn:extension:prf: true, webauthn:virtualAuthenticators: true}
Session ID: b2e872e2c1c4e763a51dace51df138ca
2025-03-06 15:46:22 [main] INFO  l.i.u.t.SubmittedApplicationsPageTest - Marking 'Taip' radio button 10
2025-03-06 15:46:33 [main] ERROR l.i.u.p.SubmittedApplicationsPage - Error selecting radio button: Expected condition failed: waiting for element to be clickable: By.xpath: (//input[@type='radio' and @value='true'])[18] (tried for 10 second(s) with 500 milliseconds interval)
Build info: version: '4.27.0', revision: 'd6e718d134'
System info: os.name: 'Windows 11', os.arch: 'amd64', os.version: '10.0', java.version: '21.0.3'
Driver info: org.openqa.selenium.chrome.ChromeDriver
Capabilities {acceptInsecureCerts: false, browserName: chrome, browserVersion: 133.0.6943.142, chrome: {chromedriverVersion: 133.0.6943.141 (2a5d6da0d61..., userDataDir: C:\Users\INGRID~1.ZAD\AppDa...}, fedcm:accounts: true, goog:chromeOptions: {debuggerAddress: localhost:63097}, networkConnectionEnabled: false, pageLoadStrategy: normal, platformName: windows, proxy: Proxy(), se:cdp: ws://localhost:63097/devtoo..., se:cdpVersion: 133.0.6943.142, setWindowRect: true, strictFileInteractability: false, timeouts: {implicit: 0, pageLoad: 300000, script: 30000}, unhandledPromptBehavior: dismiss and notify, webauthn:extension:credBlob: true, webauthn:extension:largeBlob: true, webauthn:extension:minPinLength: true, webauthn:extension:prf: true, webauthn:virtualAuthenticators: true}
Session ID: b2e872e2c1c4e763a51dace51df138ca
2025-03-06 15:46:33 [main] INFO  l.i.u.t.SubmittedApplicationsPageTest - Marking 'Taip' radio button 11
2025-03-06 15:46:43 [main] ERROR l.i.u.p.SubmittedApplicationsPage - Error selecting radio button: Expected condition failed: waiting for element to be clickable: By.xpath: (//input[@type='radio' and @value='true'])[19] (tried for 10 second(s) with 500 milliseconds interval)
Build info: version: '4.27.0', revision: 'd6e718d134'
System info: os.name: 'Windows 11', os.arch: 'amd64', os.version: '10.0', java.version: '21.0.3'
Driver info: org.openqa.selenium.chrome.ChromeDriver
Capabilities {acceptInsecureCerts: false, browserName: chrome, browserVersion: 133.0.6943.142, chrome: {chromedriverVersion: 133.0.6943.141 (2a5d6da0d61..., userDataDir: C:\Users\INGRID~1.ZAD\AppDa...}, fedcm:accounts: true, goog:chromeOptions: {debuggerAddress: localhost:63097}, networkConnectionEnabled: false, pageLoadStrategy: normal, platformName: windows, proxy: Proxy(), se:cdp: ws://localhost:63097/devtoo..., se:cdpVersion: 133.0.6943.142, setWindowRect: true, strictFileInteractability: false, timeouts: {implicit: 0, pageLoad: 300000, script: 30000}, unhandledPromptBehavior: dismiss and notify, webauthn:extension:credBlob: true, webauthn:extension:largeBlob: true, webauthn:extension:minPinLength: true, webauthn:extension:prf: true, webauthn:virtualAuthenticators: true}
Session ID: b2e872e2c1c4e763a51dace51df138ca
2025-03-06 15:46:43 [main] INFO  l.i.u.t.SubmittedApplicationsPageTest - Marking 'Taip' radio button 12
2025-03-06 15:46:53 [main] DEBUG l.i.u.t.SubmittedApplicationsPageTest - Checked 'ConfirmationStepFour'
2025-03-06 15:46:54 [main] DEBUG l.i.u.t.SubmittedApplicationsPageTest - Clicked 'Next' button after checkboxes.
2025-03-06 15:46:54 [main] INFO  l.i.u.p.SubmittedApplicationsPage - File uploaded successfully to an input element.
2025-03-06 15:46:54 [main] INFO  l.i.u.p.SubmittedApplicationsPage - File uploaded successfully to an input element.
2025-03-06 15:46:54 [main] INFO  l.i.u.p.SubmittedApplicationsPage - File uploaded successfully to an input element.
2025-03-06 15:46:54 [main] INFO  l.i.u.p.SubmittedApplicationsPage - File uploaded successfully to an input element.
2025-03-06 15:46:54 [main] INFO  l.i.u.p.SubmittedApplicationsPage - File uploaded successfully to an input element.
2025-03-06 15:46:55 [main] INFO  l.i.u.p.SubmittedApplicationsPage - File uploaded successfully to an input element.
2025-03-06 15:46:55 [main] INFO  l.i.u.p.SubmittedApplicationsPage - File uploaded successfully to an input element.
2025-03-06 15:46:55 [main] INFO  l.i.u.p.SubmittedApplicationsPage - File uploaded successfully to an input element.
2025-03-06 15:46:55 [main] DEBUG l.i.u.t.SubmittedApplicationsPageTest - Entered program name: 'Dokumentas 1'.
2025-03-06 15:46:56 [main] DEBUG l.i.u.t.SubmittedApplicationsPageTest - Entered program name: 'Dokumentas 2'.
2025-03-06 15:46:56 [main] DEBUG l.i.u.t.SubmittedApplicationsPageTest - Entered program name: 'Dokumentas 3'.
2025-03-06 15:46:57 [main] DEBUG l.i.u.t.SubmittedApplicationsPageTest - Entered program name: 'Dokumentas 4'.
2025-03-06 15:46:57 [main] DEBUG l.i.u.t.SubmittedApplicationsPageTest - Entered program name: 'Dokumentas 5'.
2025-03-06 15:46:58 [main] DEBUG l.i.u.t.SubmittedApplicationsPageTest - Entered program name: 'Dokumentas 6'.
2025-03-06 15:46:58 [main] DEBUG l.i.u.t.SubmittedApplicationsPageTest - Entered program name: 'Dokumentas 4'.
2025-03-06 15:46:58 [main] DEBUG l.i.u.t.SubmittedApplicationsPageTest - Entered program name: 'Dokumentas 8'.
2025-03-06 15:47:09 [main] DEBUG l.i.u.t.SubmittedApplicationsPageTest - Checked 'ConfirmationDocument'
2025-03-06 15:47:19 [main] DEBUG l.i.u.t.SubmittedApplicationsPageTest - Checked 'ConfirmationApplication'
2025-03-06 15:47:19 [main] DEBUG l.i.u.t.SubmittedApplicationsPageTest - Clicked 'Review' button after checkboxes.
2025-03-06 15:47:20 [main] DEBUG l.i.u.t.SubmittedApplicationsPageTest - Clicked 'SaveDraft' button after checkboxes.
2025-03-06 15:47:20 [main] DEBUG l.i.uztis.pages.ApplicationFormsPage - Verified success message: 'Ruošinys sėkmingai išsaugotas.'
2025-03-06 15:47:30 [main] ERROR l.i.u.t.SubmittedApplicationsPageTest - Test 'testFillNewDVPApplicationFA' failed with error: no such element: Unable to locate element: {"method":"xpath","selector":"//common-button/button[contains(text(), 'Pateikti')]"}
  (Session info: chrome=133.0.6943.142)
For documentation on this error, please visit: https://www.selenium.dev/documentation/webdriver/troubleshooting/errors#no-such-element-exception
Build info: version: '4.27.0', revision: 'd6e718d134'
System info: os.name: 'Windows 11', os.arch: 'amd64', os.version: '10.0', java.version: '21.0.3'
Driver info: org.openqa.selenium.chrome.ChromeDriver
Command: [b2e872e2c1c4e763a51dace51df138ca, findElement {using=xpath, value=//common-button/button[contains(text(), 'Pateikti')]}]
Capabilities {acceptInsecureCerts: false, browserName: chrome, browserVersion: 133.0.6943.142, chrome: {chromedriverVersion: 133.0.6943.141 (2a5d6da0d61..., userDataDir: C:\Users\INGRID~1.ZAD\AppDa...}, fedcm:accounts: true, goog:chromeOptions: {debuggerAddress: localhost:63097}, networkConnectionEnabled: false, pageLoadStrategy: normal, platformName: windows, proxy: Proxy(), se:cdp: ws://localhost:63097/devtoo..., se:cdpVersion: 133.0.6943.142, setWindowRect: true, strictFileInteractability: false, timeouts: {implicit: 0, pageLoad: 300000, script: 30000}, unhandledPromptBehavior: dismiss and notify, webauthn:extension:credBlob: true, webauthn:extension:largeBlob: true, webauthn:extension:minPinLength: true, webauthn:extension:prf: true, webauthn:virtualAuthenticators: true}
Session ID: b2e872e2c1c4e763a51dace51df138ca
org.openqa.selenium.NoSuchElementException: no such element: Unable to locate element: {"method":"xpath","selector":"//common-button/button[contains(text(), 'Pateikti')]"}
  (Session info: chrome=133.0.6943.142)
For documentation on this error, please visit: https://www.selenium.dev/documentation/webdriver/troubleshooting/errors#no-such-element-exception
Build info: version: '4.27.0', revision: 'd6e718d134'
System info: os.name: 'Windows 11', os.arch: 'amd64', os.version: '10.0', java.version: '21.0.3'
Driver info: org.openqa.selenium.chrome.ChromeDriver
Command: [b2e872e2c1c4e763a51dace51df138ca, findElement {using=xpath, value=//common-button/button[contains(text(), 'Pateikti')]}]
Capabilities {acceptInsecureCerts: false, browserName: chrome, browserVersion: 133.0.6943.142, chrome: {chromedriverVersion: 133.0.6943.141 (2a5d6da0d61..., userDataDir: C:\Users\INGRID~1.ZAD\AppDa...}, fedcm:accounts: true, goog:chromeOptions: {debuggerAddress: localhost:63097}, networkConnectionEnabled: false, pageLoadStrategy: normal, platformName: windows, proxy: Proxy(), se:cdp: ws://localhost:63097/devtoo..., se:cdpVersion: 133.0.6943.142, setWindowRect: true, strictFileInteractability: false, timeouts: {implicit: 0, pageLoad: 300000, script: 30000}, unhandledPromptBehavior: dismiss and notify, webauthn:extension:credBlob: true, webauthn:extension:largeBlob: true, webauthn:extension:minPinLength: true, webauthn:extension:prf: true, webauthn:virtualAuthenticators: true}
Session ID: b2e872e2c1c4e763a51dace51df138ca
	at java.base/jdk.internal.reflect.DirectConstructorHandleAccessor.newInstance(DirectConstructorHandleAccessor.java:62)
	at java.base/java.lang.reflect.Constructor.newInstanceWithCaller(Constructor.java:502)
	at java.base/java.lang.reflect.Constructor.newInstance(Constructor.java:486)
	at org.openqa.selenium.remote.ErrorCodec.decode(ErrorCodec.java:167)
	at org.openqa.selenium.remote.codec.w3c.W3CHttpResponseCodec.decode(W3CHttpResponseCodec.java:138)
	at org.openqa.selenium.remote.codec.w3c.W3CHttpResponseCodec.decode(W3CHttpResponseCodec.java:50)
	at org.openqa.selenium.remote.HttpCommandExecutor.execute(HttpCommandExecutor.java:190)
	at org.openqa.selenium.remote.service.DriverCommandExecutor.invokeExecute(DriverCommandExecutor.java:216)
	at org.openqa.selenium.remote.service.DriverCommandExecutor.execute(DriverCommandExecutor.java:174)
	at org.openqa.selenium.remote.RemoteWebDriver.execute(RemoteWebDriver.java:545)
	at org.openqa.selenium.remote.ElementLocation$ElementFinder$2.findElement(ElementLocation.java:165)
	at org.openqa.selenium.remote.ElementLocation.findElement(ElementLocation.java:59)
	at org.openqa.selenium.remote.RemoteWebDriver.findElement(RemoteWebDriver.java:368)
	at org.openqa.selenium.remote.RemoteWebDriver.findElement(RemoteWebDriver.java:362)
	at org.openqa.selenium.support.pagefactory.DefaultElementLocator.findElement(DefaultElementLocator.java:68)
	at org.openqa.selenium.support.pagefactory.internal.LocatingElementHandler.invoke(LocatingElementHandler.java:38)
	at jdk.proxy2/jdk.proxy2.$Proxy14.isSelected(Unknown Source)
	at lt.insoft.uztis.pages.SubmittedApplicationsPage.clickButtonSubmit(SubmittedApplicationsPage.java:860)
	at lt.insoft.uztis.tests.SubmittedApplicationsPageTest.testFillNewDVPApplicationFA(SubmittedApplicationsPageTest.java:899)
	at java.base/jdk.internal.reflect.DirectMethodHandleAccessor.invoke(DirectMethodHandleAccessor.java:103)
	at java.base/java.lang.reflect.Method.invoke(Method.java:580)
	at org.junit.platform.commons.util.ReflectionUtils.invokeMethod(ReflectionUtils.java:728)
	at org.junit.jupiter.engine.execution.MethodInvocation.proceed(MethodInvocation.java:60)
	at org.junit.jupiter.engine.execution.InvocationInterceptorChain$ValidatingInvocation.proceed(InvocationInterceptorChain.java:131)
	at org.junit.jupiter.engine.extension.TimeoutExtension.intercept(TimeoutExtension.java:156)
	at org.junit.jupiter.engine.extension.TimeoutExtension.interceptTestableMethod(TimeoutExtension.java:147)
	at org.junit.jupiter.engine.extension.TimeoutExtension.interceptTestMethod(TimeoutExtension.java:86)
	at org.junit.jupiter.engine.execution.InterceptingExecutableInvoker$ReflectiveInterceptorCall.lambda$ofVoidMethod$0(InterceptingExecutableInvoker.java:103)
	at org.junit.jupiter.engine.execution.InterceptingExecutableInvoker.lambda$invoke$0(InterceptingExecutableInvoker.java:93)
	at org.junit.jupiter.engine.execution.InvocationInterceptorChain$InterceptedInvocation.proceed(InvocationInterceptorChain.java:106)
	at org.junit.jupiter.engine.execution.InvocationInterceptorChain.proceed(InvocationInterceptorChain.java:64)
	at org.junit.jupiter.engine.execution.InvocationInterceptorChain.chainAndInvoke(InvocationInterceptorChain.java:45)
	at org.junit.jupiter.engine.execution.InvocationInterceptorChain.invoke(InvocationInterceptorChain.java:37)
	at org.junit.jupiter.engine.execution.InterceptingExecutableInvoker.invoke(InterceptingExecutableInvoker.java:92)
	at org.junit.jupiter.engine.execution.InterceptingExecutableInvoker.invoke(InterceptingExecutableInvoker.java:86)
	at org.junit.jupiter.engine.descriptor.TestMethodTestDescriptor.lambda$invokeTestMethod$7(TestMethodTestDescriptor.java:218)
	at org.junit.platform.engine.support.hierarchical.ThrowableCollector.execute(ThrowableCollector.java:73)
	at org.junit.jupiter.engine.descriptor.TestMethodTestDescriptor.invokeTestMethod(TestMethodTestDescriptor.java:214)
	at org.junit.jupiter.engine.descriptor.TestMethodTestDescriptor.execute(TestMethodTestDescriptor.java:139)
	at org.junit.jupiter.engine.descriptor.TestMethodTestDescriptor.execute(TestMethodTestDescriptor.java:69)
	at org.junit.platform.engine.support.hierarchical.NodeTestTask.lambda$executeRecursively$6(NodeTestTask.java:151)
	at org.junit.platform.engine.support.hierarchical.ThrowableCollector.execute(ThrowableCollector.java:73)
	at org.junit.platform.engine.support.hierarchical.NodeTestTask.lambda$executeRecursively$8(NodeTestTask.java:141)
	at org.junit.platform.engine.support.hierarchical.Node.around(Node.java:137)
	at org.junit.platform.engine.support.hierarchical.NodeTestTask.lambda$executeRecursively$9(NodeTestTask.java:139)
	at org.junit.platform.engine.support.hierarchical.ThrowableCollector.execute(ThrowableCollector.java:73)
	at org.junit.platform.engine.support.hierarchical.NodeTestTask.executeRecursively(NodeTestTask.java:138)
	at org.junit.platform.engine.support.hierarchical.NodeTestTask.execute(NodeTestTask.java:95)
	at java.base/java.util.ArrayList.forEach(ArrayList.java:1596)
	at org.junit.platform.engine.support.hierarchical.SameThreadHierarchicalTestExecutorService.invokeAll(SameThreadHierarchicalTestExecutorService.java:41)
	at org.junit.platform.engine.support.hierarchical.NodeTestTask.lambda$executeRecursively$6(NodeTestTask.java:155)
	at org.junit.platform.engine.support.hierarchical.ThrowableCollector.execute(ThrowableCollector.java:73)
	at org.junit.platform.engine.support.hierarchical.NodeTestTask.lambda$executeRecursively$8(NodeTestTask.java:141)
	at org.junit.platform.engine.support.hierarchical.Node.around(Node.java:137)
	at org.junit.platform.engine.support.hierarchical.NodeTestTask.lambda$executeRecursively$9(NodeTestTask.java:139)
	at org.junit.platform.engine.support.hierarchical.ThrowableCollector.execute(ThrowableCollector.java:73)
	at org.junit.platform.engine.support.hierarchical.NodeTestTask.executeRecursively(NodeTestTask.java:138)
	at org.junit.platform.engine.support.hierarchical.NodeTestTask.execute(NodeTestTask.java:95)
	at java.base/java.util.ArrayList.forEach(ArrayList.java:1596)
	at org.junit.platform.engine.support.hierarchical.SameThreadHierarchicalTestExecutorService.invokeAll(SameThreadHierarchicalTestExecutorService.java:41)
	at org.junit.platform.engine.support.hierarchical.NodeTestTask.lambda$executeRecursively$6(NodeTestTask.java:155)
	at org.junit.platform.engine.support.hierarchical.ThrowableCollector.execute(ThrowableCollector.java:73)
	at org.junit.platform.engine.support.hierarchical.NodeTestTask.lambda$executeRecursively$8(NodeTestTask.java:141)
	at org.junit.platform.engine.support.hierarchical.Node.around(Node.java:137)
	at org.junit.platform.engine.support.hierarchical.NodeTestTask.lambda$executeRecursively$9(NodeTestTask.java:139)
	at org.junit.platform.engine.support.hierarchical.ThrowableCollector.execute(ThrowableCollector.java:73)
	at org.junit.platform.engine.support.hierarchical.NodeTestTask.executeRecursively(NodeTestTask.java:138)
	at org.junit.platform.engine.support.hierarchical.NodeTestTask.execute(NodeTestTask.java:95)
	at org.junit.platform.engine.support.hierarchical.SameThreadHierarchicalTestExecutorService.submit(SameThreadHierarchicalTestExecutorService.java:35)
	at org.junit.platform.engine.support.hierarchical.HierarchicalTestExecutor.execute(HierarchicalTestExecutor.java:57)
	at org.junit.platform.engine.support.hierarchical.HierarchicalTestEngine.execute(HierarchicalTestEngine.java:54)
	at org.junit.platform.launcher.core.EngineExecutionOrchestrator.execute(EngineExecutionOrchestrator.java:198)
	at org.junit.platform.launcher.core.EngineExecutionOrchestrator.execute(EngineExecutionOrchestrator.java:169)
	at org.junit.platform.launcher.core.EngineExecutionOrchestrator.execute(EngineExecutionOrchestrator.java:93)
	at org.junit.platform.launcher.core.EngineExecutionOrchestrator.lambda$execute$0(EngineExecutionOrchestrator.java:58)
	at org.junit.platform.launcher.core.EngineExecutionOrchestrator.withInterceptedStreams(EngineExecutionOrchestrator.java:141)
	at org.junit.platform.launcher.core.EngineExecutionOrchestrator.execute(EngineExecutionOrchestrator.java:57)
	at org.junit.platform.launcher.core.DefaultLauncher.execute(DefaultLauncher.java:103)
	at org.junit.platform.launcher.core.DefaultLauncher.execute(DefaultLauncher.java:85)
	at org.junit.platform.launcher.core.DelegatingLauncher.execute(DelegatingLauncher.java:47)
	at org.junit.platform.launcher.core.SessionPerRequestLauncher.execute(SessionPerRequestLauncher.java:63)
	at com.intellij.junit5.JUnit5IdeaTestRunner.startRunnerWithArgs(JUnit5IdeaTestRunner.java:57)
	at com.intellij.rt.junit.IdeaTestRunner$Repeater$1.execute(IdeaTestRunner.java:38)
	at com.intellij.rt.execution.junit.TestsRepeater.repeat(TestsRepeater.java:11)
	at com.intellij.rt.junit.IdeaTestRunner$Repeater.startRunnerWithArgs(IdeaTestRunner.java:35)
	at com.intellij.rt.junit.JUnitStarter.prepareStreamsAndStart(JUnitStarter.java:232)
	at com.intellij.rt.junit.JUnitStarter.main(JUnitStarter.java:55)
2025-03-06 15:47:30 [main] INFO  l.insoft.uztis.tests.utils.TestUtils - Screenshot moved to C:\Users\ingrida.zadorozniene\Desktop\Asm\UZTIS\UZTIS_tests\test-output\screenshots\20250306\154730945_testFillNewDVPApplicationFA().png
2025-03-06 15:50:47 [main] INFO  lt.insoft.uztis.tests.UztisPageTest - Navigated to https://uztisdev.asseco.lt/home
2025-03-06 15:50:47 [main] INFO  l.i.u.t.SubmittedApplicationsPageTest - Starting test:'testFillNewDVPApplicationFA'
2025-03-06 15:50:47 [main] DEBUG l.i.u.t.SubmittedApplicationsPageTest - User logged in with test credentials.
2025-03-06 15:50:48 [main] DEBUG l.i.u.t.SubmittedApplicationsPageTest - Opened 'Application Processing' menu.
2025-03-06 15:50:48 [main] DEBUG l.i.u.t.SubmittedApplicationsPageTest - Clicked on 'Application Forms' menu.
2025-03-06 15:50:49 [main] DEBUG l.i.u.t.SubmittedApplicationsPageTest - Retrieved last description code text: 'TST-DVP-22'.
2025-03-06 15:50:49 [main] DEBUG l.i.u.t.SubmittedApplicationsPageTest - Clicked on 'Invitation' menu.
2025-03-06 15:50:50 [main] DEBUG l.i.u.t.SubmittedApplicationsPageTest - Selected application section by code: 'TST-DVP-22'.
2025-03-06 15:50:50 [main] DEBUG l.i.u.t.SubmittedApplicationsPageTest - Clicked 'Search' button.
2025-03-06 15:50:50 [main] DEBUG l.i.u.t.SubmittedApplicationsPageTest - Retrieved invitation code: ''.
2025-03-06 15:50:51 [main] DEBUG l.i.u.t.SubmittedApplicationsPageTest - Clicked on 'Submitted Applications' menu.
2025-03-06 15:50:52 [main] DEBUG l.i.u.t.SubmittedApplicationsPageTest - Selected invitation by code: 'TST-DVP-22'.
2025-03-06 15:50:52 [main] DEBUG l.i.u.t.SubmittedApplicationsPageTest - Invitation code inserted.
2025-03-06 15:50:52 [main] DEBUG l.i.u.t.SubmittedApplicationsPageTest - Clicked on 'Action Application' button.
2025-03-06 15:50:52 [main] DEBUG l.i.u.t.SubmittedApplicationsPageTest - Clicked on 'New Application' button.
2025-03-06 15:50:53 [main] DEBUG l.i.u.t.SubmittedApplicationsPageTest - Selected the 'RadioButtonFA' option.
2025-03-06 15:50:53 [main] DEBUG l.i.u.t.SubmittedApplicationsPageTest - Entered phone number: '61298745'.
2025-03-06 15:50:54 [main] DEBUG l.i.u.t.SubmittedApplicationsPageTest - Entered email: 'test@autotest.com'.
2025-03-06 15:50:54 [main] DEBUG l.i.u.t.SubmittedApplicationsPageTest - Checked 'For workplace adaptation' checkbox 1.
2025-03-06 15:50:54 [main] DEBUG l.i.u.t.SubmittedApplicationsPageTest - Checked 'For environmental adaptation' checkbox 2.
2025-03-06 15:50:54 [main] INFO  l.i.u.p.SubmittedApplicationsPage - Located the dropdown button.
2025-03-06 15:51:16 [main] INFO  l.i.u.p.SubmittedApplicationsPage - Found 1741 options in the dropdown.
2025-03-06 15:51:16 [main] INFO  l.i.u.p.SubmittedApplicationsPage - Successfully selected the value: '01.11 - Grūdinių (išskyrus ryžius), ankštinių ir aliejingų sėklų augalų auginimas'
2025-03-06 15:51:26 [main] ERROR l.i.u.p.SubmittedApplicationsPage - Failed to close the dropdown with aria-expanded = 'false'. Attempting manual close.
2025-03-06 15:51:26 [main] INFO  l.i.u.p.SubmittedApplicationsPage - Manual close attempt for the dropdown using body click.
2025-03-06 15:51:26 [main] DEBUG l.i.u.t.SubmittedApplicationsPageTest - Selected EVRK value: '01.11 - Grūdinių (išskyrus ryžius), ankštinių ir aliejingų sėklų augalų auginimas'.
2025-03-06 15:51:26 [main] DEBUG l.i.u.t.SubmittedApplicationsPageTest - Clicked on 'Address Component' button.
2025-03-06 15:51:26 [main] INFO  l.i.u.p.SubmittedApplicationsPage - Located the dropdown button.
2025-03-06 15:51:30 [main] INFO  l.i.u.p.SubmittedApplicationsPage - Successfully selected the value: 'Lietuva'
2025-03-06 15:51:30 [main] DEBUG l.i.u.t.SubmittedApplicationsPageTest - Selected country: 'Lietuva'.
2025-03-06 15:51:30 [main] INFO  l.i.u.p.SubmittedApplicationsPage - Located the dropdown search field.
2025-03-06 15:51:30 [main] INFO  l.i.u.p.SubmittedApplicationsPage - Dropdown city is opened.
2025-03-06 15:51:30 [main] INFO  l.i.u.p.SubmittedApplicationsPage - Searched for value: 'Vilnius'
2025-03-06 15:51:31 [main] INFO  l.i.u.p.SubmittedApplicationsPage - Successfully selected: 'Vilnius'
2025-03-06 15:51:31 [main] INFO  l.i.u.p.SubmittedApplicationsPage - Located the dropdown button.
2025-03-06 15:51:31 [main] INFO  l.i.u.p.SubmittedApplicationsPage - Successfully selected the value: 'A. Domaševičiaus g.'
2025-03-06 15:51:31 [main] DEBUG l.i.u.t.SubmittedApplicationsPageTest - Selected street: 'A. Domaševičiaus g.'.
2025-03-06 15:51:31 [main] INFO  l.i.u.p.SubmittedApplicationsPage - Located the dropdown button.
2025-03-06 15:51:32 [main] INFO  l.i.u.p.SubmittedApplicationsPage - Successfully selected the value: '1'
2025-03-06 15:51:32 [main] DEBUG l.i.u.t.SubmittedApplicationsPageTest - Selected house: '1'.
2025-03-06 15:51:32 [main] INFO  l.i.u.p.SubmittedApplicationsPage - Located the dropdown button.
2025-03-06 15:51:32 [main] INFO  l.i.u.p.SubmittedApplicationsPage - Successfully selected the value: '1'
2025-03-06 15:51:32 [main] DEBUG l.i.u.t.SubmittedApplicationsPageTest - Selected apartment: '1'.
2025-03-06 15:51:32 [main] DEBUG l.i.u.t.SubmittedApplicationsPageTest - Clicked 'Confirm' button.
2025-03-06 15:51:32 [main] DEBUG l.i.u.t.SubmittedApplicationsPageTest - Selected 'For already working' option.
2025-03-06 15:51:32 [main] DEBUG l.i.u.t.SubmittedApplicationsPageTest - Selected 'For new working' option.
2025-03-06 15:51:33 [main] DEBUG l.i.u.t.SubmittedApplicationsPageTest - Entered person count2: '1'.
2025-03-06 15:51:33 [main] DEBUG l.i.u.t.SubmittedApplicationsPageTest - Clicked 'Next' button after checkboxes.
2025-03-06 15:51:33 [main] INFO  l.i.u.p.SubmittedApplicationsPage - Located the dropdown button.
2025-03-06 15:51:34 [main] INFO  l.i.u.p.SubmittedApplicationsPage - Successfully selected the value: 'Administratoriai'
2025-03-06 15:51:34 [main] DEBUG l.i.u.t.SubmittedApplicationsPageTest - Selected adaptable job name: 'Administratoriai'.
2025-03-06 15:51:34 [main] DEBUG l.i.u.t.SubmittedApplicationsPageTest - Entered job date.
2025-03-06 15:51:34 [main] DEBUG l.i.u.t.SubmittedApplicationsPageTest - Entered job function: 'Funkcija 1'.
2025-03-06 15:51:34 [main] DEBUG l.i.u.t.SubmittedApplicationsPageTest - Selected 'For already working' 'no' option.
2025-03-06 15:51:34 [main] INFO  l.i.u.p.SubmittedApplicationsPage - Clicking on the dropdown button.
2025-03-06 15:51:35 [main] INFO  l.i.u.p.SubmittedApplicationsPage - Found 6 options in the dropdown.
2025-03-06 15:51:35 [main] DEBUG l.i.u.p.SubmittedApplicationsPage - Checking option: 'Lengvo neįgalumo lygis ar 45-55 procentų dalyvumo lygis (iki 2023 m. gruodžio 31 d. – 45-55 procentų darbingumo lygis)'
2025-03-06 15:51:35 [main] INFO  l.i.u.p.SubmittedApplicationsPage - Successfully selected the value: 'Lengvo neįgalumo lygis ar 45-55 procentų dalyvumo lygis (iki 2023 m. gruodžio 31 d. – 45-55 procentų darbingumo lygis)'
2025-03-06 15:51:35 [main] INFO  l.i.u.p.SubmittedApplicationsPage - Attempting to close the dropdown.
2025-03-06 15:51:36 [main] DEBUG l.i.u.t.SubmittedApplicationsPageTest - Selected disabilities type: 'Lengvo neįgalumo lygis ar 45-55 procentų dalyvumo lygis (iki 2023 m. gruodžio 31 d. – 45-55 procentų darbingumo lygis)'.
2025-03-06 15:51:36 [main] DEBUG l.i.u.t.SubmittedApplicationsPageTest - Entered disability information: 'Negalia 1'.
2025-03-06 15:51:36 [main] DEBUG l.i.u.t.SubmittedApplicationsPageTest - Entered qualification: 'Kvalifikacija 1'.
2025-03-06 15:51:36 [main] DEBUG l.i.u.t.SubmittedApplicationsPageTest - Entered job description: 'Darbo vietos aprašymas 1'.
2025-03-06 15:51:37 [main] DEBUG l.i.u.t.SubmittedApplicationsPageTest - Entered equipment description: 'Priemonių įsigyjimas 1'.
2025-03-06 15:51:37 [main] DEBUG l.i.u.t.SubmittedApplicationsPageTest - Entered work information: 'Darbai 1'.
2025-03-06 15:51:37 [main] INFO  l.i.u.p.SubmittedApplicationsPage - Located the dropdown button.
2025-03-06 15:51:37 [main] INFO  l.i.u.p.SubmittedApplicationsPage - Successfully selected the value: 'Kita'
2025-03-06 15:51:37 [main] DEBUG l.i.u.t.SubmittedApplicationsPageTest - Selected time mode: 'Kita'.
2025-03-06 15:51:38 [main] DEBUG l.i.u.t.SubmittedApplicationsPageTest - Selected time mode other: '6 val. per dieną ir 4 d. per savaitę'.
2025-03-06 15:51:38 [main] DEBUG l.i.u.t.SubmittedApplicationsPageTest - Entered salary amount: '1200'.
2025-03-06 15:51:38 [main] DEBUG l.i.u.t.SubmittedApplicationsPageTest - Selected 'Temporary Job' radio button.
2025-03-06 15:51:38 [main] DEBUG l.i.u.t.SubmittedApplicationsPageTest - Selected 'Season Job' radio button.
2025-03-06 15:51:39 [main] DEBUG l.i.u.t.SubmittedApplicationsPageTest - Selected 'PVM' radio button.
2025-03-06 15:51:39 [main] INFO  l.i.u.p.SubmittedApplicationsPage - Located the dropdown button.
2025-03-06 15:51:39 [main] INFO  l.i.u.p.SubmittedApplicationsPage - Successfully selected the value: 'Darbo vietos pritaikymui'
2025-03-06 15:52:09 [main] ERROR l.i.u.p.SubmittedApplicationsPage - Timeout while waiting for dropdown to close with aria-expanded = 'false'.
2025-03-06 15:52:09 [main] DEBUG l.i.u.t.SubmittedApplicationsPageTest - Selected adaptable job name: 'Darbo vietos pritaikymui'.
2025-03-06 15:52:09 [main] DEBUG l.i.u.p.SubmittedApplicationsPage - Located and clicked the dropdown button 'Reikalinga'.
2025-03-06 15:52:10 [main] INFO  l.i.u.p.SubmittedApplicationsPage - Successfully selected the value: 'Įsigyti'
2025-03-06 15:52:20 [main] DEBUG l.i.u.t.SubmittedApplicationsPageTest - Selected necessary for job: 'Įsigyti'.
2025-03-06 15:52:20 [main] DEBUG l.i.u.t.SubmittedApplicationsPageTest - Selected tool: 'Darbo priemonė 1'.
2025-03-06 15:52:21 [main] DEBUG l.i.u.t.SubmittedApplicationsPageTest - Selected tool parameter one: 'Darbo priemonės 1 parametras 1'.
2025-03-06 15:52:21 [main] DEBUG l.i.u.t.SubmittedApplicationsPageTest - Selected tool parameter two: 'Darbo priemonės 1 parametras 2'.
2025-03-06 15:52:21 [main] DEBUG l.i.u.t.SubmittedApplicationsPageTest - Selected tool parameter three: 'Darbo priemonės 1 parametras 3'.
2025-03-06 15:52:21 [main] DEBUG l.i.u.t.SubmittedApplicationsPageTest - Entered tool count: '1'.
2025-03-06 15:52:21 [main] DEBUG l.i.u.t.SubmittedApplicationsPageTest - Entered price amount: '1000'.
2025-03-06 15:52:22 [main] DEBUG l.i.u.t.SubmittedApplicationsPageTest - Entered own funds amount: '800'.
2025-03-06 15:52:22 [main] DEBUG l.i.u.t.SubmittedApplicationsPageTest - Clicked 'Add' button.
2025-03-06 15:52:22 [main] INFO  l.i.u.p.SubmittedApplicationsPage - Located the dropdown button.
2025-03-06 15:52:22 [main] INFO  l.i.u.p.SubmittedApplicationsPage - Successfully selected the value: 'Aplinkos pritaikymui'
2025-03-06 15:52:52 [main] ERROR l.i.u.p.SubmittedApplicationsPage - Timeout while waiting for dropdown to close with aria-expanded = 'false'.
2025-03-06 15:52:52 [main] DEBUG l.i.u.t.SubmittedApplicationsPageTest - Selected adaptable job name: 'Aplinkos pritaikymui'.
2025-03-06 15:52:53 [main] DEBUG l.i.u.p.SubmittedApplicationsPage - Located and clicked the dropdown button 'Reikalinga'.
2025-03-06 15:52:53 [main] INFO  l.i.u.p.SubmittedApplicationsPage - Successfully selected the value: 'Remontuoti'
2025-03-06 15:53:04 [main] DEBUG l.i.u.t.SubmittedApplicationsPageTest - Selected necessary for job: 'Remontuoti'.
2025-03-06 15:53:04 [main] DEBUG l.i.u.t.SubmittedApplicationsPageTest - Selected tool: 'Darbo priemonė 2 remontui'.
2025-03-06 15:53:04 [main] DEBUG l.i.u.t.SubmittedApplicationsPageTest - Entered tool count: '2'.
2025-03-06 15:53:04 [main] DEBUG l.i.u.t.SubmittedApplicationsPageTest - Entered price amount: '1000'.
2025-03-06 15:53:04 [main] DEBUG l.i.u.t.SubmittedApplicationsPageTest - Entered own funds amount: '900'.
2025-03-06 15:53:04 [main] DEBUG l.i.u.t.SubmittedApplicationsPageTest - Selected 'De Minimis' radio button.
2025-03-06 15:53:05 [main] DEBUG l.i.u.t.SubmittedApplicationsPageTest - Entered program name: 'Programa 1'.
2025-03-06 15:53:05 [main] DEBUG l.i.u.t.SubmittedApplicationsPageTest - Entered project date from.
2025-03-06 15:53:05 [main] DEBUG l.i.u.t.SubmittedApplicationsPageTest - Entered project date until.
2025-03-06 15:53:05 [main] DEBUG l.i.u.t.SubmittedApplicationsPageTest - Entered support amount: '2000'.
2025-03-06 15:53:05 [main] DEBUG l.i.u.t.SubmittedApplicationsPageTest - Clicked 'Next' button.
2025-03-06 15:53:16 [main] DEBUG l.i.u.t.SubmittedApplicationsPageTest - Checked 'Legal Entities' checkbox 1.
2025-03-06 15:53:26 [main] DEBUG l.i.u.t.SubmittedApplicationsPageTest - Checked 'Legal Entities' checkbox 2.
2025-03-06 15:53:36 [main] DEBUG l.i.u.t.SubmittedApplicationsPageTest - Checked 'Legal Entities' checkbox 3.
2025-03-06 15:53:36 [main] DEBUG l.i.u.t.SubmittedApplicationsPageTest - Test finished: All 'Legal Entities' checkboxes checked successfully.
2025-03-06 15:53:36 [main] DEBUG l.i.u.t.SubmittedApplicationsPageTest - Clicked 'Next' button after checkboxes.
2025-03-06 15:53:46 [main] ERROR l.i.u.p.SubmittedApplicationsPage - Error selecting radio button: Expected condition failed: waiting for element to be clickable: By.xpath: (//input[@type='radio' and @value='false'])[8] (tried for 10 second(s) with 500 milliseconds interval)
Build info: version: '4.27.0', revision: 'd6e718d134'
System info: os.name: 'Windows 11', os.arch: 'amd64', os.version: '10.0', java.version: '21.0.3'
Driver info: org.openqa.selenium.chrome.ChromeDriver
Capabilities {acceptInsecureCerts: false, browserName: chrome, browserVersion: 133.0.6943.142, chrome: {chromedriverVersion: 133.0.6943.141 (2a5d6da0d61..., userDataDir: C:\Users\INGRID~1.ZAD\AppDa...}, fedcm:accounts: true, goog:chromeOptions: {debuggerAddress: localhost:59841}, networkConnectionEnabled: false, pageLoadStrategy: normal, platformName: windows, proxy: Proxy(), se:cdp: ws://localhost:59841/devtoo..., se:cdpVersion: 133.0.6943.142, setWindowRect: true, strictFileInteractability: false, timeouts: {implicit: 0, pageLoad: 300000, script: 30000}, unhandledPromptBehavior: dismiss and notify, webauthn:extension:credBlob: true, webauthn:extension:largeBlob: true, webauthn:extension:minPinLength: true, webauthn:extension:prf: true, webauthn:virtualAuthenticators: true}
Session ID: d6597252c3e1dcc2fcb198c1e25918f3
2025-03-06 15:53:46 [main] INFO  l.i.u.t.SubmittedApplicationsPageTest - Marking 'Ne' radio button 1
2025-03-06 15:53:56 [main] ERROR l.i.u.p.SubmittedApplicationsPage - Error selecting radio button: Expected condition failed: waiting for element to be clickable: By.xpath: (//input[@type='radio' and @value='false'])[9] (tried for 10 second(s) with 500 milliseconds interval)
Build info: version: '4.27.0', revision: 'd6e718d134'
System info: os.name: 'Windows 11', os.arch: 'amd64', os.version: '10.0', java.version: '21.0.3'
Driver info: org.openqa.selenium.chrome.ChromeDriver
Capabilities {acceptInsecureCerts: false, browserName: chrome, browserVersion: 133.0.6943.142, chrome: {chromedriverVersion: 133.0.6943.141 (2a5d6da0d61..., userDataDir: C:\Users\INGRID~1.ZAD\AppDa...}, fedcm:accounts: true, goog:chromeOptions: {debuggerAddress: localhost:59841}, networkConnectionEnabled: false, pageLoadStrategy: normal, platformName: windows, proxy: Proxy(), se:cdp: ws://localhost:59841/devtoo..., se:cdpVersion: 133.0.6943.142, setWindowRect: true, strictFileInteractability: false, timeouts: {implicit: 0, pageLoad: 300000, script: 30000}, unhandledPromptBehavior: dismiss and notify, webauthn:extension:credBlob: true, webauthn:extension:largeBlob: true, webauthn:extension:minPinLength: true, webauthn:extension:prf: true, webauthn:virtualAuthenticators: true}
Session ID: d6597252c3e1dcc2fcb198c1e25918f3
2025-03-06 15:53:56 [main] INFO  l.i.u.t.SubmittedApplicationsPageTest - Marking 'Ne' radio button 2
2025-03-06 15:54:07 [main] ERROR l.i.u.p.SubmittedApplicationsPage - Error selecting radio button: Expected condition failed: waiting for element to be clickable: By.xpath: (//input[@type='radio' and @value='false'])[10] (tried for 10 second(s) with 500 milliseconds interval)
Build info: version: '4.27.0', revision: 'd6e718d134'
System info: os.name: 'Windows 11', os.arch: 'amd64', os.version: '10.0', java.version: '21.0.3'
Driver info: org.openqa.selenium.chrome.ChromeDriver
Capabilities {acceptInsecureCerts: false, browserName: chrome, browserVersion: 133.0.6943.142, chrome: {chromedriverVersion: 133.0.6943.141 (2a5d6da0d61..., userDataDir: C:\Users\INGRID~1.ZAD\AppDa...}, fedcm:accounts: true, goog:chromeOptions: {debuggerAddress: localhost:59841}, networkConnectionEnabled: false, pageLoadStrategy: normal, platformName: windows, proxy: Proxy(), se:cdp: ws://localhost:59841/devtoo..., se:cdpVersion: 133.0.6943.142, setWindowRect: true, strictFileInteractability: false, timeouts: {implicit: 0, pageLoad: 300000, script: 30000}, unhandledPromptBehavior: dismiss and notify, webauthn:extension:credBlob: true, webauthn:extension:largeBlob: true, webauthn:extension:minPinLength: true, webauthn:extension:prf: true, webauthn:virtualAuthenticators: true}
Session ID: d6597252c3e1dcc2fcb198c1e25918f3
2025-03-06 15:54:07 [main] INFO  l.i.u.t.SubmittedApplicationsPageTest - Marking 'Ne' radio button 3
2025-03-06 15:54:17 [main] ERROR l.i.u.p.SubmittedApplicationsPage - Error selecting radio button: Expected condition failed: waiting for element to be clickable: By.xpath: (//input[@type='radio' and @value='false'])[11] (tried for 10 second(s) with 500 milliseconds interval)
Build info: version: '4.27.0', revision: 'd6e718d134'
System info: os.name: 'Windows 11', os.arch: 'amd64', os.version: '10.0', java.version: '21.0.3'
Driver info: org.openqa.selenium.chrome.ChromeDriver
Capabilities {acceptInsecureCerts: false, browserName: chrome, browserVersion: 133.0.6943.142, chrome: {chromedriverVersion: 133.0.6943.141 (2a5d6da0d61..., userDataDir: C:\Users\INGRID~1.ZAD\AppDa...}, fedcm:accounts: true, goog:chromeOptions: {debuggerAddress: localhost:59841}, networkConnectionEnabled: false, pageLoadStrategy: normal, platformName: windows, proxy: Proxy(), se:cdp: ws://localhost:59841/devtoo..., se:cdpVersion: 133.0.6943.142, setWindowRect: true, strictFileInteractability: false, timeouts: {implicit: 0, pageLoad: 300000, script: 30000}, unhandledPromptBehavior: dismiss and notify, webauthn:extension:credBlob: true, webauthn:extension:largeBlob: true, webauthn:extension:minPinLength: true, webauthn:extension:prf: true, webauthn:virtualAuthenticators: true}
Session ID: d6597252c3e1dcc2fcb198c1e25918f3
2025-03-06 15:54:17 [main] INFO  l.i.u.t.SubmittedApplicationsPageTest - Marking 'Ne' radio button 4
2025-03-06 15:54:27 [main] ERROR l.i.u.p.SubmittedApplicationsPage - Error selecting radio button: Expected condition failed: waiting for element to be clickable: By.xpath: (//input[@type='radio' and @value='false'])[12] (tried for 10 second(s) with 500 milliseconds interval)
Build info: version: '4.27.0', revision: 'd6e718d134'
System info: os.name: 'Windows 11', os.arch: 'amd64', os.version: '10.0', java.version: '21.0.3'
Driver info: org.openqa.selenium.chrome.ChromeDriver
Capabilities {acceptInsecureCerts: false, browserName: chrome, browserVersion: 133.0.6943.142, chrome: {chromedriverVersion: 133.0.6943.141 (2a5d6da0d61..., userDataDir: C:\Users\INGRID~1.ZAD\AppDa...}, fedcm:accounts: true, goog:chromeOptions: {debuggerAddress: localhost:59841}, networkConnectionEnabled: false, pageLoadStrategy: normal, platformName: windows, proxy: Proxy(), se:cdp: ws://localhost:59841/devtoo..., se:cdpVersion: 133.0.6943.142, setWindowRect: true, strictFileInteractability: false, timeouts: {implicit: 0, pageLoad: 300000, script: 30000}, unhandledPromptBehavior: dismiss and notify, webauthn:extension:credBlob: true, webauthn:extension:largeBlob: true, webauthn:extension:minPinLength: true, webauthn:extension:prf: true, webauthn:virtualAuthenticators: true}
Session ID: d6597252c3e1dcc2fcb198c1e25918f3
2025-03-06 15:54:27 [main] INFO  l.i.u.t.SubmittedApplicationsPageTest - Marking 'Ne' radio button 5
2025-03-06 15:54:38 [main] ERROR l.i.u.p.SubmittedApplicationsPage - Error selecting radio button: Expected condition failed: waiting for element to be clickable: By.xpath: (//input[@type='radio' and @value='false'])[13] (tried for 10 second(s) with 500 milliseconds interval)
Build info: version: '4.27.0', revision: 'd6e718d134'
System info: os.name: 'Windows 11', os.arch: 'amd64', os.version: '10.0', java.version: '21.0.3'
Driver info: org.openqa.selenium.chrome.ChromeDriver
Capabilities {acceptInsecureCerts: false, browserName: chrome, browserVersion: 133.0.6943.142, chrome: {chromedriverVersion: 133.0.6943.141 (2a5d6da0d61..., userDataDir: C:\Users\INGRID~1.ZAD\AppDa...}, fedcm:accounts: true, goog:chromeOptions: {debuggerAddress: localhost:59841}, networkConnectionEnabled: false, pageLoadStrategy: normal, platformName: windows, proxy: Proxy(), se:cdp: ws://localhost:59841/devtoo..., se:cdpVersion: 133.0.6943.142, setWindowRect: true, strictFileInteractability: false, timeouts: {implicit: 0, pageLoad: 300000, script: 30000}, unhandledPromptBehavior: dismiss and notify, webauthn:extension:credBlob: true, webauthn:extension:largeBlob: true, webauthn:extension:minPinLength: true, webauthn:extension:prf: true, webauthn:virtualAuthenticators: true}
Session ID: d6597252c3e1dcc2fcb198c1e25918f3
2025-03-06 15:54:38 [main] INFO  l.i.u.t.SubmittedApplicationsPageTest - Marking 'Ne' radio button 6
2025-03-06 15:54:48 [main] ERROR l.i.u.p.SubmittedApplicationsPage - Error selecting radio button: Expected condition failed: waiting for element to be clickable: By.xpath: (//input[@type='radio' and @value='true'])[14] (tried for 10 second(s) with 500 milliseconds interval)
Build info: version: '4.27.0', revision: 'd6e718d134'
System info: os.name: 'Windows 11', os.arch: 'amd64', os.version: '10.0', java.version: '21.0.3'
Driver info: org.openqa.selenium.chrome.ChromeDriver
Capabilities {acceptInsecureCerts: false, browserName: chrome, browserVersion: 133.0.6943.142, chrome: {chromedriverVersion: 133.0.6943.141 (2a5d6da0d61..., userDataDir: C:\Users\INGRID~1.ZAD\AppDa...}, fedcm:accounts: true, goog:chromeOptions: {debuggerAddress: localhost:59841}, networkConnectionEnabled: false, pageLoadStrategy: normal, platformName: windows, proxy: Proxy(), se:cdp: ws://localhost:59841/devtoo..., se:cdpVersion: 133.0.6943.142, setWindowRect: true, strictFileInteractability: false, timeouts: {implicit: 0, pageLoad: 300000, script: 30000}, unhandledPromptBehavior: dismiss and notify, webauthn:extension:credBlob: true, webauthn:extension:largeBlob: true, webauthn:extension:minPinLength: true, webauthn:extension:prf: true, webauthn:virtualAuthenticators: true}
Session ID: d6597252c3e1dcc2fcb198c1e25918f3
2025-03-06 15:54:48 [main] INFO  l.i.u.t.SubmittedApplicationsPageTest - Marking 'Taip' radio button 7
2025-03-06 15:54:58 [main] ERROR l.i.u.p.SubmittedApplicationsPage - Error selecting radio button: Expected condition failed: waiting for element to be clickable: By.xpath: (//input[@type='radio' and @value='true'])[15] (tried for 10 second(s) with 500 milliseconds interval)
Build info: version: '4.27.0', revision: 'd6e718d134'
System info: os.name: 'Windows 11', os.arch: 'amd64', os.version: '10.0', java.version: '21.0.3'
Driver info: org.openqa.selenium.chrome.ChromeDriver
Capabilities {acceptInsecureCerts: false, browserName: chrome, browserVersion: 133.0.6943.142, chrome: {chromedriverVersion: 133.0.6943.141 (2a5d6da0d61..., userDataDir: C:\Users\INGRID~1.ZAD\AppDa...}, fedcm:accounts: true, goog:chromeOptions: {debuggerAddress: localhost:59841}, networkConnectionEnabled: false, pageLoadStrategy: normal, platformName: windows, proxy: Proxy(), se:cdp: ws://localhost:59841/devtoo..., se:cdpVersion: 133.0.6943.142, setWindowRect: true, strictFileInteractability: false, timeouts: {implicit: 0, pageLoad: 300000, script: 30000}, unhandledPromptBehavior: dismiss and notify, webauthn:extension:credBlob: true, webauthn:extension:largeBlob: true, webauthn:extension:minPinLength: true, webauthn:extension:prf: true, webauthn:virtualAuthenticators: true}
Session ID: d6597252c3e1dcc2fcb198c1e25918f3
2025-03-06 15:54:58 [main] INFO  l.i.u.t.SubmittedApplicationsPageTest - Marking 'Taip' radio button 8
2025-03-06 15:55:08 [main] ERROR l.i.u.p.SubmittedApplicationsPage - Error selecting radio button: Expected condition failed: waiting for element to be clickable: By.xpath: (//input[@type='radio' and @value='true'])[16] (tried for 10 second(s) with 500 milliseconds interval)
Build info: version: '4.27.0', revision: 'd6e718d134'
System info: os.name: 'Windows 11', os.arch: 'amd64', os.version: '10.0', java.version: '21.0.3'
Driver info: org.openqa.selenium.chrome.ChromeDriver
Capabilities {acceptInsecureCerts: false, browserName: chrome, browserVersion: 133.0.6943.142, chrome: {chromedriverVersion: 133.0.6943.141 (2a5d6da0d61..., userDataDir: C:\Users\INGRID~1.ZAD\AppDa...}, fedcm:accounts: true, goog:chromeOptions: {debuggerAddress: localhost:59841}, networkConnectionEnabled: false, pageLoadStrategy: normal, platformName: windows, proxy: Proxy(), se:cdp: ws://localhost:59841/devtoo..., se:cdpVersion: 133.0.6943.142, setWindowRect: true, strictFileInteractability: false, timeouts: {implicit: 0, pageLoad: 300000, script: 30000}, unhandledPromptBehavior: dismiss and notify, webauthn:extension:credBlob: true, webauthn:extension:largeBlob: true, webauthn:extension:minPinLength: true, webauthn:extension:prf: true, webauthn:virtualAuthenticators: true}
Session ID: d6597252c3e1dcc2fcb198c1e25918f3
2025-03-06 15:55:08 [main] INFO  l.i.u.t.SubmittedApplicationsPageTest - Marking 'Taip' radio button 9
2025-03-06 15:55:18 [main] ERROR l.i.u.p.SubmittedApplicationsPage - Error selecting radio button: Expected condition failed: waiting for element to be clickable: By.xpath: (//input[@type='radio' and @value='true'])[17] (tried for 10 second(s) with 500 milliseconds interval)
Build info: version: '4.27.0', revision: 'd6e718d134'
System info: os.name: 'Windows 11', os.arch: 'amd64', os.version: '10.0', java.version: '21.0.3'
Driver info: org.openqa.selenium.chrome.ChromeDriver
Capabilities {acceptInsecureCerts: false, browserName: chrome, browserVersion: 133.0.6943.142, chrome: {chromedriverVersion: 133.0.6943.141 (2a5d6da0d61..., userDataDir: C:\Users\INGRID~1.ZAD\AppDa...}, fedcm:accounts: true, goog:chromeOptions: {debuggerAddress: localhost:59841}, networkConnectionEnabled: false, pageLoadStrategy: normal, platformName: windows, proxy: Proxy(), se:cdp: ws://localhost:59841/devtoo..., se:cdpVersion: 133.0.6943.142, setWindowRect: true, strictFileInteractability: false, timeouts: {implicit: 0, pageLoad: 300000, script: 30000}, unhandledPromptBehavior: dismiss and notify, webauthn:extension:credBlob: true, webauthn:extension:largeBlob: true, webauthn:extension:minPinLength: true, webauthn:extension:prf: true, webauthn:virtualAuthenticators: true}
Session ID: d6597252c3e1dcc2fcb198c1e25918f3
2025-03-06 15:55:18 [main] INFO  l.i.u.t.SubmittedApplicationsPageTest - Marking 'Taip' radio button 10
2025-03-06 15:55:28 [main] ERROR l.i.u.p.SubmittedApplicationsPage - Error selecting radio button: Expected condition failed: waiting for element to be clickable: By.xpath: (//input[@type='radio' and @value='true'])[18] (tried for 10 second(s) with 500 milliseconds interval)
Build info: version: '4.27.0', revision: 'd6e718d134'
System info: os.name: 'Windows 11', os.arch: 'amd64', os.version: '10.0', java.version: '21.0.3'
Driver info: org.openqa.selenium.chrome.ChromeDriver
Capabilities {acceptInsecureCerts: false, browserName: chrome, browserVersion: 133.0.6943.142, chrome: {chromedriverVersion: 133.0.6943.141 (2a5d6da0d61..., userDataDir: C:\Users\INGRID~1.ZAD\AppDa...}, fedcm:accounts: true, goog:chromeOptions: {debuggerAddress: localhost:59841}, networkConnectionEnabled: false, pageLoadStrategy: normal, platformName: windows, proxy: Proxy(), se:cdp: ws://localhost:59841/devtoo..., se:cdpVersion: 133.0.6943.142, setWindowRect: true, strictFileInteractability: false, timeouts: {implicit: 0, pageLoad: 300000, script: 30000}, unhandledPromptBehavior: dismiss and notify, webauthn:extension:credBlob: true, webauthn:extension:largeBlob: true, webauthn:extension:minPinLength: true, webauthn:extension:prf: true, webauthn:virtualAuthenticators: true}
Session ID: d6597252c3e1dcc2fcb198c1e25918f3
2025-03-06 15:55:28 [main] INFO  l.i.u.t.SubmittedApplicationsPageTest - Marking 'Taip' radio button 11
2025-03-06 15:55:39 [main] ERROR l.i.u.p.SubmittedApplicationsPage - Error selecting radio button: Expected condition failed: waiting for element to be clickable: By.xpath: (//input[@type='radio' and @value='true'])[19] (tried for 10 second(s) with 500 milliseconds interval)
Build info: version: '4.27.0', revision: 'd6e718d134'
System info: os.name: 'Windows 11', os.arch: 'amd64', os.version: '10.0', java.version: '21.0.3'
Driver info: org.openqa.selenium.chrome.ChromeDriver
Capabilities {acceptInsecureCerts: false, browserName: chrome, browserVersion: 133.0.6943.142, chrome: {chromedriverVersion: 133.0.6943.141 (2a5d6da0d61..., userDataDir: C:\Users\INGRID~1.ZAD\AppDa...}, fedcm:accounts: true, goog:chromeOptions: {debuggerAddress: localhost:59841}, networkConnectionEnabled: false, pageLoadStrategy: normal, platformName: windows, proxy: Proxy(), se:cdp: ws://localhost:59841/devtoo..., se:cdpVersion: 133.0.6943.142, setWindowRect: true, strictFileInteractability: false, timeouts: {implicit: 0, pageLoad: 300000, script: 30000}, unhandledPromptBehavior: dismiss and notify, webauthn:extension:credBlob: true, webauthn:extension:largeBlob: true, webauthn:extension:minPinLength: true, webauthn:extension:prf: true, webauthn:virtualAuthenticators: true}
Session ID: d6597252c3e1dcc2fcb198c1e25918f3
2025-03-06 15:55:39 [main] INFO  l.i.u.t.SubmittedApplicationsPageTest - Marking 'Taip' radio button 12
2025-03-06 15:55:49 [main] DEBUG l.i.u.t.SubmittedApplicationsPageTest - Checked 'ConfirmationStepFour'
2025-03-06 15:55:49 [main] DEBUG l.i.u.t.SubmittedApplicationsPageTest - Clicked 'Next' button after checkboxes.
2025-03-06 15:55:49 [main] INFO  l.i.u.p.SubmittedApplicationsPage - File uploaded successfully to an input element.
2025-03-06 15:55:49 [main] INFO  l.i.u.p.SubmittedApplicationsPage - File uploaded successfully to an input element.
2025-03-06 15:55:49 [main] INFO  l.i.u.p.SubmittedApplicationsPage - File uploaded successfully to an input element.
2025-03-06 15:55:49 [main] INFO  l.i.u.p.SubmittedApplicationsPage - File uploaded successfully to an input element.
2025-03-06 15:55:49 [main] INFO  l.i.u.p.SubmittedApplicationsPage - File uploaded successfully to an input element.
2025-03-06 15:55:49 [main] INFO  l.i.u.p.SubmittedApplicationsPage - File uploaded successfully to an input element.
2025-03-06 15:55:49 [main] INFO  l.i.u.p.SubmittedApplicationsPage - File uploaded successfully to an input element.
2025-03-06 15:55:49 [main] INFO  l.i.u.p.SubmittedApplicationsPage - File uploaded successfully to an input element.
2025-03-06 15:55:50 [main] DEBUG l.i.u.t.SubmittedApplicationsPageTest - Entered program name: 'Dokumentas 1'.
2025-03-06 15:55:50 [main] DEBUG l.i.u.t.SubmittedApplicationsPageTest - Entered program name: 'Dokumentas 2'.
2025-03-06 15:55:50 [main] DEBUG l.i.u.t.SubmittedApplicationsPageTest - Entered program name: 'Dokumentas 3'.
2025-03-06 15:55:50 [main] DEBUG l.i.u.t.SubmittedApplicationsPageTest - Entered program name: 'Dokumentas 4'.
2025-03-06 15:55:50 [main] DEBUG l.i.u.t.SubmittedApplicationsPageTest - Entered program name: 'Dokumentas 5'.
2025-03-06 15:55:51 [main] DEBUG l.i.u.t.SubmittedApplicationsPageTest - Entered program name: 'Dokumentas 6'.
2025-03-06 15:55:51 [main] DEBUG l.i.u.t.SubmittedApplicationsPageTest - Entered program name: 'Dokumentas 4'.
2025-03-06 15:55:51 [main] DEBUG l.i.u.t.SubmittedApplicationsPageTest - Entered program name: 'Dokumentas 8'.
2025-03-06 15:56:01 [main] DEBUG l.i.u.t.SubmittedApplicationsPageTest - Checked 'ConfirmationDocument'
2025-03-06 15:56:11 [main] DEBUG l.i.u.t.SubmittedApplicationsPageTest - Checked 'ConfirmationApplication'
2025-03-06 15:56:11 [main] DEBUG l.i.u.t.SubmittedApplicationsPageTest - Clicked 'Review' button after checkboxes.
2025-03-06 15:56:12 [main] DEBUG l.i.u.t.SubmittedApplicationsPageTest - Clicked 'SaveDraft' button after checkboxes.
2025-03-06 15:56:12 [main] DEBUG l.i.uztis.pages.ApplicationFormsPage - Verified success message: 'Ruošinys sėkmingai išsaugotas.'
2025-03-06 15:56:22 [main] ERROR l.i.u.t.SubmittedApplicationsPageTest - Test 'testFillNewDVPApplicationFA' failed with error: no such element: Unable to locate element: {"method":"xpath","selector":"//common-button/button[contains(text(), 'Pateikti')]"}
  (Session info: chrome=133.0.6943.142)
For documentation on this error, please visit: https://www.selenium.dev/documentation/webdriver/troubleshooting/errors#no-such-element-exception
Build info: version: '4.27.0', revision: 'd6e718d134'
System info: os.name: 'Windows 11', os.arch: 'amd64', os.version: '10.0', java.version: '21.0.3'
Driver info: org.openqa.selenium.chrome.ChromeDriver
Command: [d6597252c3e1dcc2fcb198c1e25918f3, findElement {using=xpath, value=//common-button/button[contains(text(), 'Pateikti')]}]
Capabilities {acceptInsecureCerts: false, browserName: chrome, browserVersion: 133.0.6943.142, chrome: {chromedriverVersion: 133.0.6943.141 (2a5d6da0d61..., userDataDir: C:\Users\INGRID~1.ZAD\AppDa...}, fedcm:accounts: true, goog:chromeOptions: {debuggerAddress: localhost:59841}, networkConnectionEnabled: false, pageLoadStrategy: normal, platformName: windows, proxy: Proxy(), se:cdp: ws://localhost:59841/devtoo..., se:cdpVersion: 133.0.6943.142, setWindowRect: true, strictFileInteractability: false, timeouts: {implicit: 0, pageLoad: 300000, script: 30000}, unhandledPromptBehavior: dismiss and notify, webauthn:extension:credBlob: true, webauthn:extension:largeBlob: true, webauthn:extension:minPinLength: true, webauthn:extension:prf: true, webauthn:virtualAuthenticators: true}
Session ID: d6597252c3e1dcc2fcb198c1e25918f3
org.openqa.selenium.NoSuchElementException: no such element: Unable to locate element: {"method":"xpath","selector":"//common-button/button[contains(text(), 'Pateikti')]"}
  (Session info: chrome=133.0.6943.142)
For documentation on this error, please visit: https://www.selenium.dev/documentation/webdriver/troubleshooting/errors#no-such-element-exception
Build info: version: '4.27.0', revision: 'd6e718d134'
System info: os.name: 'Windows 11', os.arch: 'amd64', os.version: '10.0', java.version: '21.0.3'
Driver info: org.openqa.selenium.chrome.ChromeDriver
Command: [d6597252c3e1dcc2fcb198c1e25918f3, findElement {using=xpath, value=//common-button/button[contains(text(), 'Pateikti')]}]
Capabilities {acceptInsecureCerts: false, browserName: chrome, browserVersion: 133.0.6943.142, chrome: {chromedriverVersion: 133.0.6943.141 (2a5d6da0d61..., userDataDir: C:\Users\INGRID~1.ZAD\AppDa...}, fedcm:accounts: true, goog:chromeOptions: {debuggerAddress: localhost:59841}, networkConnectionEnabled: false, pageLoadStrategy: normal, platformName: windows, proxy: Proxy(), se:cdp: ws://localhost:59841/devtoo..., se:cdpVersion: 133.0.6943.142, setWindowRect: true, strictFileInteractability: false, timeouts: {implicit: 0, pageLoad: 300000, script: 30000}, unhandledPromptBehavior: dismiss and notify, webauthn:extension:credBlob: true, webauthn:extension:largeBlob: true, webauthn:extension:minPinLength: true, webauthn:extension:prf: true, webauthn:virtualAuthenticators: true}
Session ID: d6597252c3e1dcc2fcb198c1e25918f3
	at java.base/jdk.internal.reflect.DirectConstructorHandleAccessor.newInstance(DirectConstructorHandleAccessor.java:62)
	at java.base/java.lang.reflect.Constructor.newInstanceWithCaller(Constructor.java:502)
	at java.base/java.lang.reflect.Constructor.newInstance(Constructor.java:486)
	at org.openqa.selenium.remote.ErrorCodec.decode(ErrorCodec.java:167)
	at org.openqa.selenium.remote.codec.w3c.W3CHttpResponseCodec.decode(W3CHttpResponseCodec.java:138)
	at org.openqa.selenium.remote.codec.w3c.W3CHttpResponseCodec.decode(W3CHttpResponseCodec.java:50)
	at org.openqa.selenium.remote.HttpCommandExecutor.execute(HttpCommandExecutor.java:190)
	at org.openqa.selenium.remote.service.DriverCommandExecutor.invokeExecute(DriverCommandExecutor.java:216)
	at org.openqa.selenium.remote.service.DriverCommandExecutor.execute(DriverCommandExecutor.java:174)
	at org.openqa.selenium.remote.RemoteWebDriver.execute(RemoteWebDriver.java:545)
	at org.openqa.selenium.remote.ElementLocation$ElementFinder$2.findElement(ElementLocation.java:165)
	at org.openqa.selenium.remote.ElementLocation.findElement(ElementLocation.java:59)
	at org.openqa.selenium.remote.RemoteWebDriver.findElement(RemoteWebDriver.java:368)
	at org.openqa.selenium.remote.RemoteWebDriver.findElement(RemoteWebDriver.java:362)
	at org.openqa.selenium.support.pagefactory.DefaultElementLocator.findElement(DefaultElementLocator.java:68)
	at org.openqa.selenium.support.pagefactory.internal.LocatingElementHandler.invoke(LocatingElementHandler.java:38)
	at jdk.proxy2/jdk.proxy2.$Proxy14.isSelected(Unknown Source)
	at lt.insoft.uztis.pages.SubmittedApplicationsPage.clickButtonSubmit(SubmittedApplicationsPage.java:866)
	at lt.insoft.uztis.tests.SubmittedApplicationsPageTest.testFillNewDVPApplicationFA(SubmittedApplicationsPageTest.java:889)
	at java.base/jdk.internal.reflect.DirectMethodHandleAccessor.invoke(DirectMethodHandleAccessor.java:103)
	at java.base/java.lang.reflect.Method.invoke(Method.java:580)
	at org.junit.platform.commons.util.ReflectionUtils.invokeMethod(ReflectionUtils.java:728)
	at org.junit.jupiter.engine.execution.MethodInvocation.proceed(MethodInvocation.java:60)
	at org.junit.jupiter.engine.execution.InvocationInterceptorChain$ValidatingInvocation.proceed(InvocationInterceptorChain.java:131)
	at org.junit.jupiter.engine.extension.TimeoutExtension.intercept(TimeoutExtension.java:156)
	at org.junit.jupiter.engine.extension.TimeoutExtension.interceptTestableMethod(TimeoutExtension.java:147)
	at org.junit.jupiter.engine.extension.TimeoutExtension.interceptTestMethod(TimeoutExtension.java:86)
	at org.junit.jupiter.engine.execution.InterceptingExecutableInvoker$ReflectiveInterceptorCall.lambda$ofVoidMethod$0(InterceptingExecutableInvoker.java:103)
	at org.junit.jupiter.engine.execution.InterceptingExecutableInvoker.lambda$invoke$0(InterceptingExecutableInvoker.java:93)
	at org.junit.jupiter.engine.execution.InvocationInterceptorChain$InterceptedInvocation.proceed(InvocationInterceptorChain.java:106)
	at org.junit.jupiter.engine.execution.InvocationInterceptorChain.proceed(InvocationInterceptorChain.java:64)
	at org.junit.jupiter.engine.execution.InvocationInterceptorChain.chainAndInvoke(InvocationInterceptorChain.java:45)
	at org.junit.jupiter.engine.execution.InvocationInterceptorChain.invoke(InvocationInterceptorChain.java:37)
	at org.junit.jupiter.engine.execution.InterceptingExecutableInvoker.invoke(InterceptingExecutableInvoker.java:92)
	at org.junit.jupiter.engine.execution.InterceptingExecutableInvoker.invoke(InterceptingExecutableInvoker.java:86)
	at org.junit.jupiter.engine.descriptor.TestMethodTestDescriptor.lambda$invokeTestMethod$7(TestMethodTestDescriptor.java:218)
	at org.junit.platform.engine.support.hierarchical.ThrowableCollector.execute(ThrowableCollector.java:73)
	at org.junit.jupiter.engine.descriptor.TestMethodTestDescriptor.invokeTestMethod(TestMethodTestDescriptor.java:214)
	at org.junit.jupiter.engine.descriptor.TestMethodTestDescriptor.execute(TestMethodTestDescriptor.java:139)
	at org.junit.jupiter.engine.descriptor.TestMethodTestDescriptor.execute(TestMethodTestDescriptor.java:69)
	at org.junit.platform.engine.support.hierarchical.NodeTestTask.lambda$executeRecursively$6(NodeTestTask.java:151)
	at org.junit.platform.engine.support.hierarchical.ThrowableCollector.execute(ThrowableCollector.java:73)
	at org.junit.platform.engine.support.hierarchical.NodeTestTask.lambda$executeRecursively$8(NodeTestTask.java:141)
	at org.junit.platform.engine.support.hierarchical.Node.around(Node.java:137)
	at org.junit.platform.engine.support.hierarchical.NodeTestTask.lambda$executeRecursively$9(NodeTestTask.java:139)
	at org.junit.platform.engine.support.hierarchical.ThrowableCollector.execute(ThrowableCollector.java:73)
	at org.junit.platform.engine.support.hierarchical.NodeTestTask.executeRecursively(NodeTestTask.java:138)
	at org.junit.platform.engine.support.hierarchical.NodeTestTask.execute(NodeTestTask.java:95)
	at java.base/java.util.ArrayList.forEach(ArrayList.java:1596)
	at org.junit.platform.engine.support.hierarchical.SameThreadHierarchicalTestExecutorService.invokeAll(SameThreadHierarchicalTestExecutorService.java:41)
	at org.junit.platform.engine.support.hierarchical.NodeTestTask.lambda$executeRecursively$6(NodeTestTask.java:155)
	at org.junit.platform.engine.support.hierarchical.ThrowableCollector.execute(ThrowableCollector.java:73)
	at org.junit.platform.engine.support.hierarchical.NodeTestTask.lambda$executeRecursively$8(NodeTestTask.java:141)
	at org.junit.platform.engine.support.hierarchical.Node.around(Node.java:137)
	at org.junit.platform.engine.support.hierarchical.NodeTestTask.lambda$executeRecursively$9(NodeTestTask.java:139)
	at org.junit.platform.engine.support.hierarchical.ThrowableCollector.execute(ThrowableCollector.java:73)
	at org.junit.platform.engine.support.hierarchical.NodeTestTask.executeRecursively(NodeTestTask.java:138)
	at org.junit.platform.engine.support.hierarchical.NodeTestTask.execute(NodeTestTask.java:95)
	at java.base/java.util.ArrayList.forEach(ArrayList.java:1596)
	at org.junit.platform.engine.support.hierarchical.SameThreadHierarchicalTestExecutorService.invokeAll(SameThreadHierarchicalTestExecutorService.java:41)
	at org.junit.platform.engine.support.hierarchical.NodeTestTask.lambda$executeRecursively$6(NodeTestTask.java:155)
	at org.junit.platform.engine.support.hierarchical.ThrowableCollector.execute(ThrowableCollector.java:73)
	at org.junit.platform.engine.support.hierarchical.NodeTestTask.lambda$executeRecursively$8(NodeTestTask.java:141)
	at org.junit.platform.engine.support.hierarchical.Node.around(Node.java:137)
	at org.junit.platform.engine.support.hierarchical.NodeTestTask.lambda$executeRecursively$9(NodeTestTask.java:139)
	at org.junit.platform.engine.support.hierarchical.ThrowableCollector.execute(ThrowableCollector.java:73)
	at org.junit.platform.engine.support.hierarchical.NodeTestTask.executeRecursively(NodeTestTask.java:138)
	at org.junit.platform.engine.support.hierarchical.NodeTestTask.execute(NodeTestTask.java:95)
	at org.junit.platform.engine.support.hierarchical.SameThreadHierarchicalTestExecutorService.submit(SameThreadHierarchicalTestExecutorService.java:35)
	at org.junit.platform.engine.support.hierarchical.HierarchicalTestExecutor.execute(HierarchicalTestExecutor.java:57)
	at org.junit.platform.engine.support.hierarchical.HierarchicalTestEngine.execute(HierarchicalTestEngine.java:54)
	at org.junit.platform.launcher.core.EngineExecutionOrchestrator.execute(EngineExecutionOrchestrator.java:198)
	at org.junit.platform.launcher.core.EngineExecutionOrchestrator.execute(EngineExecutionOrchestrator.java:169)
	at org.junit.platform.launcher.core.EngineExecutionOrchestrator.execute(EngineExecutionOrchestrator.java:93)
	at org.junit.platform.launcher.core.EngineExecutionOrchestrator.lambda$execute$0(EngineExecutionOrchestrator.java:58)
	at org.junit.platform.launcher.core.EngineExecutionOrchestrator.withInterceptedStreams(EngineExecutionOrchestrator.java:141)
	at org.junit.platform.launcher.core.EngineExecutionOrchestrator.execute(EngineExecutionOrchestrator.java:57)
	at org.junit.platform.launcher.core.DefaultLauncher.execute(DefaultLauncher.java:103)
	at org.junit.platform.launcher.core.DefaultLauncher.execute(DefaultLauncher.java:85)
	at org.junit.platform.launcher.core.DelegatingLauncher.execute(DelegatingLauncher.java:47)
	at org.junit.platform.launcher.core.SessionPerRequestLauncher.execute(SessionPerRequestLauncher.java:63)
	at com.intellij.junit5.JUnit5IdeaTestRunner.startRunnerWithArgs(JUnit5IdeaTestRunner.java:57)
	at com.intellij.rt.junit.IdeaTestRunner$Repeater$1.execute(IdeaTestRunner.java:38)
	at com.intellij.rt.execution.junit.TestsRepeater.repeat(TestsRepeater.java:11)
	at com.intellij.rt.junit.IdeaTestRunner$Repeater.startRunnerWithArgs(IdeaTestRunner.java:35)
	at com.intellij.rt.junit.JUnitStarter.prepareStreamsAndStart(JUnitStarter.java:232)
	at com.intellij.rt.junit.JUnitStarter.main(JUnitStarter.java:55)
2025-03-06 15:56:22 [main] INFO  l.insoft.uztis.tests.utils.TestUtils - Screenshot moved to C:\Users\ingrida.zadorozniene\Desktop\Asm\UZTIS\UZTIS_tests\test-output\screenshots\20250306\155622775_testFillNewDVPApplicationFA().png
2025-03-12 07:23:07 [main] INFO  lt.insoft.uztis.tests.UztisPageTest - Navigated to https://uztisdev.asseco.lt/home
2025-03-12 07:23:07 [main] INFO  l.i.u.t.SubmittedApplicationsPageTest - Starting test:'testFillNewDVPApplicationFA'
2025-03-12 07:23:08 [main] DEBUG l.i.u.t.SubmittedApplicationsPageTest - User logged in with test credentials.
2025-03-12 07:23:08 [main] DEBUG l.i.u.t.SubmittedApplicationsPageTest - Opened 'Application Processing' menu.
2025-03-12 07:23:08 [main] DEBUG l.i.u.t.SubmittedApplicationsPageTest - Clicked on 'Application Forms' menu.
2025-03-12 07:23:09 [main] DEBUG l.i.u.t.SubmittedApplicationsPageTest - Retrieved last description code text: 'TST-DVP-22'.
2025-03-12 07:23:09 [main] DEBUG l.i.u.t.SubmittedApplicationsPageTest - Clicked on 'Invitation' menu.
2025-03-12 07:23:10 [main] DEBUG l.i.u.t.SubmittedApplicationsPageTest - Selected application section by code: 'TST-DVP-22'.
2025-03-12 07:23:10 [main] DEBUG l.i.u.t.SubmittedApplicationsPageTest - Clicked 'Search' button.
2025-03-12 07:23:10 [main] DEBUG l.i.u.t.SubmittedApplicationsPageTest - Retrieved invitation code: ''.
2025-03-12 07:23:10 [main] DEBUG l.i.u.t.SubmittedApplicationsPageTest - Clicked on 'Submitted Applications' menu.
2025-03-12 07:23:11 [main] DEBUG l.i.u.t.SubmittedApplicationsPageTest - Selected invitation by code: 'TST-DVP-22'.
2025-03-12 07:23:11 [main] DEBUG l.i.u.t.SubmittedApplicationsPageTest - Invitation code inserted.
2025-03-12 07:23:11 [main] DEBUG l.i.u.t.SubmittedApplicationsPageTest - Clicked on 'Action Application' button.
2025-03-12 07:23:11 [main] DEBUG l.i.u.t.SubmittedApplicationsPageTest - Clicked on 'New Application' button.
2025-03-12 07:23:12 [main] DEBUG l.i.u.t.SubmittedApplicationsPageTest - Selected the 'RadioButtonFA' option.
2025-03-12 07:23:12 [main] DEBUG l.i.u.t.SubmittedApplicationsPageTest - Entered phone number: '61298745'.
2025-03-12 07:23:12 [main] DEBUG l.i.u.t.SubmittedApplicationsPageTest - Entered email: 'test@autotest.com'.
2025-03-12 07:23:13 [main] DEBUG l.i.u.t.SubmittedApplicationsPageTest - Checked 'For workplace adaptation' checkbox 1.
2025-03-12 07:23:13 [main] DEBUG l.i.u.t.SubmittedApplicationsPageTest - Checked 'For environmental adaptation' checkbox 2.
2025-03-12 07:23:13 [main] INFO  l.i.u.p.SubmittedApplicationsPage - Located the dropdown button.
2025-03-12 07:23:31 [main] INFO  l.i.u.p.SubmittedApplicationsPage - Found 1741 options in the dropdown.
2025-03-12 07:23:31 [main] INFO  l.i.u.p.SubmittedApplicationsPage - Successfully selected the value: '01.11 - Grūdinių (išskyrus ryžius), ankštinių ir aliejingų sėklų augalų auginimas'
2025-03-12 07:23:41 [main] ERROR l.i.u.p.SubmittedApplicationsPage - Failed to close the dropdown with aria-expanded = 'false'. Attempting manual close.
2025-03-12 07:23:42 [main] INFO  l.i.u.p.SubmittedApplicationsPage - Manual close attempt for the dropdown using body click.
2025-03-12 07:23:42 [main] DEBUG l.i.u.t.SubmittedApplicationsPageTest - Selected EVRK value: '01.11 - Grūdinių (išskyrus ryžius), ankštinių ir aliejingų sėklų augalų auginimas'.
2025-03-12 07:23:42 [main] DEBUG l.i.u.t.SubmittedApplicationsPageTest - Clicked on 'Address Component' button.
2025-03-12 07:23:42 [main] INFO  l.i.u.p.SubmittedApplicationsPage - Located the dropdown button.
2025-03-12 07:23:45 [main] INFO  l.i.u.p.SubmittedApplicationsPage - Successfully selected the value: 'Lietuva'
2025-03-12 07:23:45 [main] DEBUG l.i.u.t.SubmittedApplicationsPageTest - Selected country: 'Lietuva'.
2025-03-12 07:23:45 [main] INFO  l.i.u.p.SubmittedApplicationsPage - Located the dropdown search field.
2025-03-12 07:23:45 [main] INFO  l.i.u.p.SubmittedApplicationsPage - Dropdown city is opened.
2025-03-12 07:23:45 [main] INFO  l.i.u.p.SubmittedApplicationsPage - Searched for value: 'Vilnius'
2025-03-12 07:23:46 [main] INFO  l.i.u.p.SubmittedApplicationsPage - Successfully selected: 'Vilnius'
2025-03-12 07:23:46 [main] INFO  l.i.u.p.SubmittedApplicationsPage - Located the dropdown button.
2025-03-12 07:23:47 [main] INFO  l.i.u.p.SubmittedApplicationsPage - Successfully selected the value: 'A. Domaševičiaus g.'
2025-03-12 07:23:47 [main] DEBUG l.i.u.t.SubmittedApplicationsPageTest - Selected street: 'A. Domaševičiaus g.'.
2025-03-12 07:23:47 [main] INFO  l.i.u.p.SubmittedApplicationsPage - Located the dropdown button.
2025-03-12 07:23:47 [main] WARN  l.i.u.p.SubmittedApplicationsPage - Dropdown value '1' not found.
2025-03-12 07:24:25 [main] INFO  lt.insoft.uztis.tests.UztisPageTest - Navigated to https://uztisdev.asseco.lt/home
2025-03-12 07:24:25 [main] INFO  l.i.u.t.SubmittedApplicationsPageTest - Starting test:'testFillNewDVPApplicationFA'
2025-03-12 07:24:26 [main] DEBUG l.i.u.t.SubmittedApplicationsPageTest - User logged in with test credentials.
2025-03-12 07:24:26 [main] DEBUG l.i.u.t.SubmittedApplicationsPageTest - Opened 'Application Processing' menu.
2025-03-12 07:24:26 [main] DEBUG l.i.u.t.SubmittedApplicationsPageTest - Clicked on 'Application Forms' menu.
2025-03-12 07:24:27 [main] DEBUG l.i.u.t.SubmittedApplicationsPageTest - Retrieved last description code text: 'TST-DVP-22'.
2025-03-12 07:24:27 [main] DEBUG l.i.u.t.SubmittedApplicationsPageTest - Clicked on 'Invitation' menu.
2025-03-12 07:24:28 [main] DEBUG l.i.u.t.SubmittedApplicationsPageTest - Selected application section by code: 'TST-DVP-22'.
2025-03-12 07:24:28 [main] DEBUG l.i.u.t.SubmittedApplicationsPageTest - Clicked 'Search' button.
2025-03-12 07:24:28 [main] DEBUG l.i.u.t.SubmittedApplicationsPageTest - Retrieved invitation code: ''.
2025-03-12 07:24:28 [main] DEBUG l.i.u.t.SubmittedApplicationsPageTest - Clicked on 'Submitted Applications' menu.
2025-03-12 07:24:29 [main] DEBUG l.i.u.t.SubmittedApplicationsPageTest - Selected invitation by code: 'TST-DVP-22'.
2025-03-12 07:24:29 [main] DEBUG l.i.u.t.SubmittedApplicationsPageTest - Invitation code inserted.
2025-03-12 07:24:29 [main] DEBUG l.i.u.t.SubmittedApplicationsPageTest - Clicked on 'Action Application' button.
2025-03-12 07:24:30 [main] DEBUG l.i.u.t.SubmittedApplicationsPageTest - Clicked on 'New Application' button.
2025-03-12 07:24:30 [main] DEBUG l.i.u.t.SubmittedApplicationsPageTest - Selected the 'RadioButtonFA' option.
2025-03-12 07:24:30 [main] DEBUG l.i.u.t.SubmittedApplicationsPageTest - Entered phone number: '61298745'.
2025-03-12 07:24:30 [main] DEBUG l.i.u.t.SubmittedApplicationsPageTest - Entered email: 'test@autotest.com'.
2025-03-12 07:24:31 [main] DEBUG l.i.u.t.SubmittedApplicationsPageTest - Checked 'For workplace adaptation' checkbox 1.
2025-03-12 07:24:31 [main] DEBUG l.i.u.t.SubmittedApplicationsPageTest - Checked 'For environmental adaptation' checkbox 2.
2025-03-12 07:24:31 [main] INFO  l.i.u.p.SubmittedApplicationsPage - Located the dropdown button.
2025-03-12 07:24:51 [main] INFO  l.i.u.p.SubmittedApplicationsPage - Found 1741 options in the dropdown.
2025-03-12 07:24:51 [main] INFO  l.i.u.p.SubmittedApplicationsPage - Successfully selected the value: '01.11 - Grūdinių (išskyrus ryžius), ankštinių ir aliejingų sėklų augalų auginimas'
2025-03-12 07:25:01 [main] ERROR l.i.u.p.SubmittedApplicationsPage - Failed to close the dropdown with aria-expanded = 'false'. Attempting manual close.
2025-03-12 07:25:01 [main] INFO  l.i.u.p.SubmittedApplicationsPage - Manual close attempt for the dropdown using body click.
2025-03-12 07:25:01 [main] DEBUG l.i.u.t.SubmittedApplicationsPageTest - Selected EVRK value: '01.11 - Grūdinių (išskyrus ryžius), ankštinių ir aliejingų sėklų augalų auginimas'.
2025-03-12 07:25:01 [main] DEBUG l.i.u.t.SubmittedApplicationsPageTest - Clicked on 'Address Component' button.
2025-03-12 07:25:01 [main] INFO  l.i.u.p.SubmittedApplicationsPage - Located the dropdown button.
2025-03-12 07:25:04 [main] INFO  l.i.u.p.SubmittedApplicationsPage - Successfully selected the value: 'Lietuva'
2025-03-12 07:25:04 [main] DEBUG l.i.u.t.SubmittedApplicationsPageTest - Selected country: 'Lietuva'.
2025-03-12 07:25:04 [main] INFO  l.i.u.p.SubmittedApplicationsPage - Located the dropdown search field.
2025-03-12 07:25:05 [main] INFO  l.i.u.p.SubmittedApplicationsPage - Dropdown city is opened.
2025-03-12 07:25:05 [main] INFO  l.i.u.p.SubmittedApplicationsPage - Searched for value: 'Vilnius'
2025-03-12 07:25:06 [main] INFO  l.i.u.p.SubmittedApplicationsPage - Successfully selected: 'Vilnius'
2025-03-12 07:25:06 [main] INFO  l.i.u.p.SubmittedApplicationsPage - Located the dropdown button.
2025-03-12 07:25:07 [main] INFO  l.i.u.p.SubmittedApplicationsPage - Successfully selected the value: 'A. Domaševičiaus g.'
2025-03-12 07:25:07 [main] DEBUG l.i.u.t.SubmittedApplicationsPageTest - Selected street: 'A. Domaševičiaus g.'.
2025-03-12 07:25:07 [main] INFO  l.i.u.p.SubmittedApplicationsPage - Located the dropdown button.
2025-03-12 07:25:07 [main] INFO  l.i.u.p.SubmittedApplicationsPage - Successfully selected the value: '1'
2025-03-12 07:25:07 [main] DEBUG l.i.u.t.SubmittedApplicationsPageTest - Selected house: '1'.
2025-03-12 07:25:07 [main] INFO  l.i.u.p.SubmittedApplicationsPage - Located the dropdown button.
2025-03-12 07:25:08 [main] INFO  l.i.u.p.SubmittedApplicationsPage - Successfully selected the value: '1'
2025-03-12 07:25:08 [main] DEBUG l.i.u.t.SubmittedApplicationsPageTest - Selected apartment: '1'.
2025-03-12 07:25:08 [main] DEBUG l.i.u.t.SubmittedApplicationsPageTest - Clicked 'Confirm' button.
2025-03-12 07:25:08 [main] DEBUG l.i.u.t.SubmittedApplicationsPageTest - Selected 'For already working' option.
2025-03-12 07:25:08 [main] DEBUG l.i.u.t.SubmittedApplicationsPageTest - Selected 'For new working' option.
2025-03-12 07:25:09 [main] DEBUG l.i.u.t.SubmittedApplicationsPageTest - Entered person count2: '1'.
2025-03-12 07:25:09 [main] DEBUG l.i.u.t.SubmittedApplicationsPageTest - Clicked 'Next' button after checkboxes.
2025-03-12 07:25:09 [main] INFO  l.i.u.p.SubmittedApplicationsPage - Located the dropdown button.
2025-03-12 07:25:10 [main] INFO  l.i.u.p.SubmittedApplicationsPage - Successfully selected the value: 'Administratoriai'
2025-03-12 07:25:10 [main] DEBUG l.i.u.t.SubmittedApplicationsPageTest - Selected adaptable job name: 'Administratoriai'.
2025-03-12 07:25:10 [main] DEBUG l.i.u.t.SubmittedApplicationsPageTest - Entered job date.
2025-03-12 07:25:10 [main] DEBUG l.i.u.t.SubmittedApplicationsPageTest - Entered job function: 'Funkcija 1'.
2025-03-12 07:25:10 [main] DEBUG l.i.u.t.SubmittedApplicationsPageTest - Selected 'For already working' 'no' option.
2025-03-12 07:25:10 [main] INFO  l.i.u.p.SubmittedApplicationsPage - Clicking on the dropdown button.
2025-03-12 07:25:11 [main] INFO  l.i.u.p.SubmittedApplicationsPage - Found 6 options in the dropdown.
2025-03-12 07:25:11 [main] DEBUG l.i.u.p.SubmittedApplicationsPage - Checking option: 'Lengvo neįgalumo lygis ar 45-55 procentų dalyvumo lygis (iki 2023 m. gruodžio 31 d. – 45-55 procentų darbingumo lygis)'
2025-03-12 07:25:11 [main] INFO  l.i.u.p.SubmittedApplicationsPage - Successfully selected the value: 'Lengvo neįgalumo lygis ar 45-55 procentų dalyvumo lygis (iki 2023 m. gruodžio 31 d. – 45-55 procentų darbingumo lygis)'
2025-03-12 07:25:11 [main] INFO  l.i.u.p.SubmittedApplicationsPage - Attempting to close the dropdown.
2025-03-12 07:25:12 [main] DEBUG l.i.u.t.SubmittedApplicationsPageTest - Selected disabilities type: 'Lengvo neįgalumo lygis ar 45-55 procentų dalyvumo lygis (iki 2023 m. gruodžio 31 d. – 45-55 procentų darbingumo lygis)'.
2025-03-12 07:25:12 [main] DEBUG l.i.u.t.SubmittedApplicationsPageTest - Entered disability information: 'Negalia 1'.
2025-03-12 07:25:12 [main] DEBUG l.i.u.t.SubmittedApplicationsPageTest - Entered qualification: 'Kvalifikacija 1'.
2025-03-12 07:25:13 [main] DEBUG l.i.u.t.SubmittedApplicationsPageTest - Entered job description: 'Darbo vietos aprašymas 1'.
2025-03-12 07:25:13 [main] DEBUG l.i.u.t.SubmittedApplicationsPageTest - Entered equipment description: 'Priemonių įsigyjimas 1'.
2025-03-12 07:25:13 [main] DEBUG l.i.u.t.SubmittedApplicationsPageTest - Entered work information: 'Darbai 1'.
2025-03-12 07:25:13 [main] INFO  l.i.u.p.SubmittedApplicationsPage - Located the dropdown button.
2025-03-12 07:25:14 [main] INFO  l.i.u.p.SubmittedApplicationsPage - Successfully selected the value: 'Kita'
2025-03-12 07:25:14 [main] DEBUG l.i.u.t.SubmittedApplicationsPageTest - Selected time mode: 'Kita'.
2025-03-12 07:25:14 [main] DEBUG l.i.u.t.SubmittedApplicationsPageTest - Selected time mode other: '6 val. per dieną ir 4 d. per savaitę'.
2025-03-12 07:25:14 [main] DEBUG l.i.u.t.SubmittedApplicationsPageTest - Entered salary amount: '1200'.
2025-03-12 07:25:15 [main] DEBUG l.i.u.t.SubmittedApplicationsPageTest - Selected 'Temporary Job' radio button.
2025-03-12 07:25:15 [main] DEBUG l.i.u.t.SubmittedApplicationsPageTest - Selected 'Season Job' radio button.
2025-03-12 07:25:15 [main] DEBUG l.i.u.t.SubmittedApplicationsPageTest - Selected 'PVM' radio button.
2025-03-12 07:25:15 [main] INFO  l.i.u.p.SubmittedApplicationsPage - Located the dropdown button.
2025-03-12 07:25:15 [main] INFO  l.i.u.p.SubmittedApplicationsPage - Successfully selected the value: 'Darbo vietos pritaikymui'
2025-03-12 07:25:45 [main] ERROR l.i.u.p.SubmittedApplicationsPage - Timeout while waiting for dropdown to close with aria-expanded = 'false'.
2025-03-12 07:25:45 [main] DEBUG l.i.u.t.SubmittedApplicationsPageTest - Selected adaptable job name: 'Darbo vietos pritaikymui'.
2025-03-12 07:25:45 [main] DEBUG l.i.u.p.SubmittedApplicationsPage - Located and clicked the dropdown button 'Reikalinga'.
2025-03-12 07:25:46 [main] INFO  l.i.u.p.SubmittedApplicationsPage - Successfully selected the value: 'Įsigyti'
2025-03-12 07:25:56 [main] DEBUG l.i.u.t.SubmittedApplicationsPageTest - Selected necessary for job: 'Įsigyti'.
2025-03-12 07:25:56 [main] DEBUG l.i.u.t.SubmittedApplicationsPageTest - Selected tool: 'Darbo priemonė 1'.
2025-03-12 07:25:57 [main] DEBUG l.i.u.t.SubmittedApplicationsPageTest - Selected tool parameter one: 'Darbo priemonės 1 parametras 1'.
2025-03-12 07:25:57 [main] DEBUG l.i.u.t.SubmittedApplicationsPageTest - Selected tool parameter two: 'Darbo priemonės 1 parametras 2'.
2025-03-12 07:25:57 [main] DEBUG l.i.u.t.SubmittedApplicationsPageTest - Selected tool parameter three: 'Darbo priemonės 1 parametras 3'.
2025-03-12 07:25:57 [main] DEBUG l.i.u.t.SubmittedApplicationsPageTest - Entered tool count: '1'.
2025-03-12 07:25:57 [main] DEBUG l.i.u.t.SubmittedApplicationsPageTest - Entered price amount: '1000'.
2025-03-12 07:25:57 [main] DEBUG l.i.u.t.SubmittedApplicationsPageTest - Entered own funds amount: '800'.
2025-03-12 07:25:58 [main] DEBUG l.i.u.t.SubmittedApplicationsPageTest - Clicked 'Add' button.
2025-03-12 07:25:58 [main] INFO  l.i.u.p.SubmittedApplicationsPage - Located the dropdown button.
2025-03-12 07:25:58 [main] INFO  l.i.u.p.SubmittedApplicationsPage - Successfully selected the value: 'Aplinkos pritaikymui'
2025-03-12 07:26:28 [main] ERROR l.i.u.p.SubmittedApplicationsPage - Timeout while waiting for dropdown to close with aria-expanded = 'false'.
2025-03-12 07:26:28 [main] DEBUG l.i.u.t.SubmittedApplicationsPageTest - Selected adaptable job name: 'Aplinkos pritaikymui'.
2025-03-12 07:26:28 [main] DEBUG l.i.u.p.SubmittedApplicationsPage - Located and clicked the dropdown button 'Reikalinga'.
2025-03-12 07:26:29 [main] INFO  l.i.u.p.SubmittedApplicationsPage - Successfully selected the value: 'Remontuoti'
2025-03-12 07:26:39 [main] DEBUG l.i.u.t.SubmittedApplicationsPageTest - Selected necessary for job: 'Remontuoti'.
2025-03-12 07:26:40 [main] DEBUG l.i.u.t.SubmittedApplicationsPageTest - Selected tool: 'Darbo priemonė 2 remontui'.
2025-03-12 07:26:40 [main] DEBUG l.i.u.t.SubmittedApplicationsPageTest - Entered tool count: '2'.
2025-03-12 07:26:40 [main] DEBUG l.i.u.t.SubmittedApplicationsPageTest - Entered price amount: '1000'.
2025-03-12 07:26:40 [main] DEBUG l.i.u.t.SubmittedApplicationsPageTest - Entered own funds amount: '900'.
2025-03-12 07:26:40 [main] DEBUG l.i.u.t.SubmittedApplicationsPageTest - Selected 'De Minimis' radio button.
2025-03-12 07:26:40 [main] DEBUG l.i.u.t.SubmittedApplicationsPageTest - Entered program name: 'Programa 1'.
2025-03-12 07:26:41 [main] DEBUG l.i.u.t.SubmittedApplicationsPageTest - Entered project date from.
2025-03-12 07:26:41 [main] DEBUG l.i.u.t.SubmittedApplicationsPageTest - Entered project date until.
2025-03-12 07:26:41 [main] DEBUG l.i.u.t.SubmittedApplicationsPageTest - Entered support amount: '2000'.
2025-03-12 07:26:41 [main] DEBUG l.i.u.t.SubmittedApplicationsPageTest - Clicked 'Next' button.
2025-03-12 07:26:51 [main] DEBUG l.i.u.t.SubmittedApplicationsPageTest - Checked 'Legal Entities' checkbox 1.
2025-03-12 07:27:01 [main] DEBUG l.i.u.t.SubmittedApplicationsPageTest - Checked 'Legal Entities' checkbox 2.
2025-03-12 07:27:11 [main] DEBUG l.i.u.t.SubmittedApplicationsPageTest - Checked 'Legal Entities' checkbox 3.
2025-03-12 07:27:11 [main] DEBUG l.i.u.t.SubmittedApplicationsPageTest - Test finished: All 'Legal Entities' checkboxes checked successfully.
2025-03-12 07:27:11 [main] DEBUG l.i.u.t.SubmittedApplicationsPageTest - Clicked 'Next' button after checkboxes.
2025-03-12 07:27:22 [main] ERROR l.i.u.p.SubmittedApplicationsPage - Error selecting radio button: Expected condition failed: waiting for element to be clickable: By.xpath: (//input[@type='radio' and @value='false'])[8] (tried for 10 second(s) with 500 milliseconds interval)
Build info: version: '4.27.0', revision: 'd6e718d134'
System info: os.name: 'Windows 11', os.arch: 'amd64', os.version: '10.0', java.version: '21.0.3'
Driver info: org.openqa.selenium.chrome.ChromeDriver
Capabilities {acceptInsecureCerts: false, browserName: chrome, browserVersion: 134.0.6998.88, chrome: {chromedriverVersion: 134.0.6998.88 (7e3d5c978c6d..., userDataDir: C:\Users\INGRID~1.ZAD\AppDa...}, fedcm:accounts: true, goog:chromeOptions: {debuggerAddress: localhost:51241}, networkConnectionEnabled: false, pageLoadStrategy: normal, platformName: windows, proxy: Proxy(), se:cdp: ws://localhost:51241/devtoo..., se:cdpVersion: 134.0.6998.88, setWindowRect: true, strictFileInteractability: false, timeouts: {implicit: 0, pageLoad: 300000, script: 30000}, unhandledPromptBehavior: dismiss and notify, webauthn:extension:credBlob: true, webauthn:extension:largeBlob: true, webauthn:extension:minPinLength: true, webauthn:extension:prf: true, webauthn:virtualAuthenticators: true}
Session ID: 98490fc38aabef2bf9a1e0b1b10da29a
2025-03-12 07:27:22 [main] INFO  l.i.u.t.SubmittedApplicationsPageTest - Marking 'Ne' radio button 1
2025-03-12 07:27:32 [main] ERROR l.i.u.p.SubmittedApplicationsPage - Error selecting radio button: Expected condition failed: waiting for element to be clickable: By.xpath: (//input[@type='radio' and @value='false'])[9] (tried for 10 second(s) with 500 milliseconds interval)
Build info: version: '4.27.0', revision: 'd6e718d134'
System info: os.name: 'Windows 11', os.arch: 'amd64', os.version: '10.0', java.version: '21.0.3'
Driver info: org.openqa.selenium.chrome.ChromeDriver
Capabilities {acceptInsecureCerts: false, browserName: chrome, browserVersion: 134.0.6998.88, chrome: {chromedriverVersion: 134.0.6998.88 (7e3d5c978c6d..., userDataDir: C:\Users\INGRID~1.ZAD\AppDa...}, fedcm:accounts: true, goog:chromeOptions: {debuggerAddress: localhost:51241}, networkConnectionEnabled: false, pageLoadStrategy: normal, platformName: windows, proxy: Proxy(), se:cdp: ws://localhost:51241/devtoo..., se:cdpVersion: 134.0.6998.88, setWindowRect: true, strictFileInteractability: false, timeouts: {implicit: 0, pageLoad: 300000, script: 30000}, unhandledPromptBehavior: dismiss and notify, webauthn:extension:credBlob: true, webauthn:extension:largeBlob: true, webauthn:extension:minPinLength: true, webauthn:extension:prf: true, webauthn:virtualAuthenticators: true}
Session ID: 98490fc38aabef2bf9a1e0b1b10da29a
2025-03-12 07:27:32 [main] INFO  l.i.u.t.SubmittedApplicationsPageTest - Marking 'Ne' radio button 2
2025-03-12 07:27:42 [main] ERROR l.i.u.p.SubmittedApplicationsPage - Error selecting radio button: Expected condition failed: waiting for element to be clickable: By.xpath: (//input[@type='radio' and @value='false'])[10] (tried for 10 second(s) with 500 milliseconds interval)
Build info: version: '4.27.0', revision: 'd6e718d134'
System info: os.name: 'Windows 11', os.arch: 'amd64', os.version: '10.0', java.version: '21.0.3'
Driver info: org.openqa.selenium.chrome.ChromeDriver
Capabilities {acceptInsecureCerts: false, browserName: chrome, browserVersion: 134.0.6998.88, chrome: {chromedriverVersion: 134.0.6998.88 (7e3d5c978c6d..., userDataDir: C:\Users\INGRID~1.ZAD\AppDa...}, fedcm:accounts: true, goog:chromeOptions: {debuggerAddress: localhost:51241}, networkConnectionEnabled: false, pageLoadStrategy: normal, platformName: windows, proxy: Proxy(), se:cdp: ws://localhost:51241/devtoo..., se:cdpVersion: 134.0.6998.88, setWindowRect: true, strictFileInteractability: false, timeouts: {implicit: 0, pageLoad: 300000, script: 30000}, unhandledPromptBehavior: dismiss and notify, webauthn:extension:credBlob: true, webauthn:extension:largeBlob: true, webauthn:extension:minPinLength: true, webauthn:extension:prf: true, webauthn:virtualAuthenticators: true}
Session ID: 98490fc38aabef2bf9a1e0b1b10da29a
2025-03-12 07:27:42 [main] INFO  l.i.u.t.SubmittedApplicationsPageTest - Marking 'Ne' radio button 3
2025-03-12 07:27:52 [main] ERROR l.i.u.p.SubmittedApplicationsPage - Error selecting radio button: Expected condition failed: waiting for element to be clickable: By.xpath: (//input[@type='radio' and @value='false'])[11] (tried for 10 second(s) with 500 milliseconds interval)
Build info: version: '4.27.0', revision: 'd6e718d134'
System info: os.name: 'Windows 11', os.arch: 'amd64', os.version: '10.0', java.version: '21.0.3'
Driver info: org.openqa.selenium.chrome.ChromeDriver
Capabilities {acceptInsecureCerts: false, browserName: chrome, browserVersion: 134.0.6998.88, chrome: {chromedriverVersion: 134.0.6998.88 (7e3d5c978c6d..., userDataDir: C:\Users\INGRID~1.ZAD\AppDa...}, fedcm:accounts: true, goog:chromeOptions: {debuggerAddress: localhost:51241}, networkConnectionEnabled: false, pageLoadStrategy: normal, platformName: windows, proxy: Proxy(), se:cdp: ws://localhost:51241/devtoo..., se:cdpVersion: 134.0.6998.88, setWindowRect: true, strictFileInteractability: false, timeouts: {implicit: 0, pageLoad: 300000, script: 30000}, unhandledPromptBehavior: dismiss and notify, webauthn:extension:credBlob: true, webauthn:extension:largeBlob: true, webauthn:extension:minPinLength: true, webauthn:extension:prf: true, webauthn:virtualAuthenticators: true}
Session ID: 98490fc38aabef2bf9a1e0b1b10da29a
2025-03-12 07:27:52 [main] INFO  l.i.u.t.SubmittedApplicationsPageTest - Marking 'Ne' radio button 4
2025-03-12 07:28:02 [main] ERROR l.i.u.p.SubmittedApplicationsPage - Error selecting radio button: Expected condition failed: waiting for element to be clickable: By.xpath: (//input[@type='radio' and @value='false'])[12] (tried for 10 second(s) with 500 milliseconds interval)
Build info: version: '4.27.0', revision: 'd6e718d134'
System info: os.name: 'Windows 11', os.arch: 'amd64', os.version: '10.0', java.version: '21.0.3'
Driver info: org.openqa.selenium.chrome.ChromeDriver
Capabilities {acceptInsecureCerts: false, browserName: chrome, browserVersion: 134.0.6998.88, chrome: {chromedriverVersion: 134.0.6998.88 (7e3d5c978c6d..., userDataDir: C:\Users\INGRID~1.ZAD\AppDa...}, fedcm:accounts: true, goog:chromeOptions: {debuggerAddress: localhost:51241}, networkConnectionEnabled: false, pageLoadStrategy: normal, platformName: windows, proxy: Proxy(), se:cdp: ws://localhost:51241/devtoo..., se:cdpVersion: 134.0.6998.88, setWindowRect: true, strictFileInteractability: false, timeouts: {implicit: 0, pageLoad: 300000, script: 30000}, unhandledPromptBehavior: dismiss and notify, webauthn:extension:credBlob: true, webauthn:extension:largeBlob: true, webauthn:extension:minPinLength: true, webauthn:extension:prf: true, webauthn:virtualAuthenticators: true}
Session ID: 98490fc38aabef2bf9a1e0b1b10da29a
2025-03-12 07:28:02 [main] INFO  l.i.u.t.SubmittedApplicationsPageTest - Marking 'Ne' radio button 5
2025-03-12 07:28:13 [main] ERROR l.i.u.p.SubmittedApplicationsPage - Error selecting radio button: Expected condition failed: waiting for element to be clickable: By.xpath: (//input[@type='radio' and @value='false'])[13] (tried for 10 second(s) with 500 milliseconds interval)
Build info: version: '4.27.0', revision: 'd6e718d134'
System info: os.name: 'Windows 11', os.arch: 'amd64', os.version: '10.0', java.version: '21.0.3'
Driver info: org.openqa.selenium.chrome.ChromeDriver
Capabilities {acceptInsecureCerts: false, browserName: chrome, browserVersion: 134.0.6998.88, chrome: {chromedriverVersion: 134.0.6998.88 (7e3d5c978c6d..., userDataDir: C:\Users\INGRID~1.ZAD\AppDa...}, fedcm:accounts: true, goog:chromeOptions: {debuggerAddress: localhost:51241}, networkConnectionEnabled: false, pageLoadStrategy: normal, platformName: windows, proxy: Proxy(), se:cdp: ws://localhost:51241/devtoo..., se:cdpVersion: 134.0.6998.88, setWindowRect: true, strictFileInteractability: false, timeouts: {implicit: 0, pageLoad: 300000, script: 30000}, unhandledPromptBehavior: dismiss and notify, webauthn:extension:credBlob: true, webauthn:extension:largeBlob: true, webauthn:extension:minPinLength: true, webauthn:extension:prf: true, webauthn:virtualAuthenticators: true}
Session ID: 98490fc38aabef2bf9a1e0b1b10da29a
2025-03-12 07:28:13 [main] INFO  l.i.u.t.SubmittedApplicationsPageTest - Marking 'Ne' radio button 6
2025-03-12 07:28:23 [main] ERROR l.i.u.p.SubmittedApplicationsPage - Error selecting radio button: Expected condition failed: waiting for element to be clickable: By.xpath: (//input[@type='radio' and @value='true'])[14] (tried for 10 second(s) with 500 milliseconds interval)
Build info: version: '4.27.0', revision: 'd6e718d134'
System info: os.name: 'Windows 11', os.arch: 'amd64', os.version: '10.0', java.version: '21.0.3'
Driver info: org.openqa.selenium.chrome.ChromeDriver
Capabilities {acceptInsecureCerts: false, browserName: chrome, browserVersion: 134.0.6998.88, chrome: {chromedriverVersion: 134.0.6998.88 (7e3d5c978c6d..., userDataDir: C:\Users\INGRID~1.ZAD\AppDa...}, fedcm:accounts: true, goog:chromeOptions: {debuggerAddress: localhost:51241}, networkConnectionEnabled: false, pageLoadStrategy: normal, platformName: windows, proxy: Proxy(), se:cdp: ws://localhost:51241/devtoo..., se:cdpVersion: 134.0.6998.88, setWindowRect: true, strictFileInteractability: false, timeouts: {implicit: 0, pageLoad: 300000, script: 30000}, unhandledPromptBehavior: dismiss and notify, webauthn:extension:credBlob: true, webauthn:extension:largeBlob: true, webauthn:extension:minPinLength: true, webauthn:extension:prf: true, webauthn:virtualAuthenticators: true}
Session ID: 98490fc38aabef2bf9a1e0b1b10da29a
2025-03-12 07:28:23 [main] INFO  l.i.u.t.SubmittedApplicationsPageTest - Marking 'Taip' radio button 7
2025-03-12 07:28:33 [main] ERROR l.i.u.p.SubmittedApplicationsPage - Error selecting radio button: Expected condition failed: waiting for element to be clickable: By.xpath: (//input[@type='radio' and @value='true'])[15] (tried for 10 second(s) with 500 milliseconds interval)
Build info: version: '4.27.0', revision: 'd6e718d134'
System info: os.name: 'Windows 11', os.arch: 'amd64', os.version: '10.0', java.version: '21.0.3'
Driver info: org.openqa.selenium.chrome.ChromeDriver
Capabilities {acceptInsecureCerts: false, browserName: chrome, browserVersion: 134.0.6998.88, chrome: {chromedriverVersion: 134.0.6998.88 (7e3d5c978c6d..., userDataDir: C:\Users\INGRID~1.ZAD\AppDa...}, fedcm:accounts: true, goog:chromeOptions: {debuggerAddress: localhost:51241}, networkConnectionEnabled: false, pageLoadStrategy: normal, platformName: windows, proxy: Proxy(), se:cdp: ws://localhost:51241/devtoo..., se:cdpVersion: 134.0.6998.88, setWindowRect: true, strictFileInteractability: false, timeouts: {implicit: 0, pageLoad: 300000, script: 30000}, unhandledPromptBehavior: dismiss and notify, webauthn:extension:credBlob: true, webauthn:extension:largeBlob: true, webauthn:extension:minPinLength: true, webauthn:extension:prf: true, webauthn:virtualAuthenticators: true}
Session ID: 98490fc38aabef2bf9a1e0b1b10da29a
2025-03-12 07:28:33 [main] INFO  l.i.u.t.SubmittedApplicationsPageTest - Marking 'Taip' radio button 8
2025-03-12 07:28:43 [main] ERROR l.i.u.p.SubmittedApplicationsPage - Error selecting radio button: Expected condition failed: waiting for element to be clickable: By.xpath: (//input[@type='radio' and @value='true'])[16] (tried for 10 second(s) with 500 milliseconds interval)
Build info: version: '4.27.0', revision: 'd6e718d134'
System info: os.name: 'Windows 11', os.arch: 'amd64', os.version: '10.0', java.version: '21.0.3'
Driver info: org.openqa.selenium.chrome.ChromeDriver
Capabilities {acceptInsecureCerts: false, browserName: chrome, browserVersion: 134.0.6998.88, chrome: {chromedriverVersion: 134.0.6998.88 (7e3d5c978c6d..., userDataDir: C:\Users\INGRID~1.ZAD\AppDa...}, fedcm:accounts: true, goog:chromeOptions: {debuggerAddress: localhost:51241}, networkConnectionEnabled: false, pageLoadStrategy: normal, platformName: windows, proxy: Proxy(), se:cdp: ws://localhost:51241/devtoo..., se:cdpVersion: 134.0.6998.88, setWindowRect: true, strictFileInteractability: false, timeouts: {implicit: 0, pageLoad: 300000, script: 30000}, unhandledPromptBehavior: dismiss and notify, webauthn:extension:credBlob: true, webauthn:extension:largeBlob: true, webauthn:extension:minPinLength: true, webauthn:extension:prf: true, webauthn:virtualAuthenticators: true}
Session ID: 98490fc38aabef2bf9a1e0b1b10da29a
2025-03-12 07:28:43 [main] INFO  l.i.u.t.SubmittedApplicationsPageTest - Marking 'Taip' radio button 9
2025-03-12 07:28:53 [main] ERROR l.i.u.p.SubmittedApplicationsPage - Error selecting radio button: Expected condition failed: waiting for element to be clickable: By.xpath: (//input[@type='radio' and @value='true'])[17] (tried for 10 second(s) with 500 milliseconds interval)
Build info: version: '4.27.0', revision: 'd6e718d134'
System info: os.name: 'Windows 11', os.arch: 'amd64', os.version: '10.0', java.version: '21.0.3'
Driver info: org.openqa.selenium.chrome.ChromeDriver
Capabilities {acceptInsecureCerts: false, browserName: chrome, browserVersion: 134.0.6998.88, chrome: {chromedriverVersion: 134.0.6998.88 (7e3d5c978c6d..., userDataDir: C:\Users\INGRID~1.ZAD\AppDa...}, fedcm:accounts: true, goog:chromeOptions: {debuggerAddress: localhost:51241}, networkConnectionEnabled: false, pageLoadStrategy: normal, platformName: windows, proxy: Proxy(), se:cdp: ws://localhost:51241/devtoo..., se:cdpVersion: 134.0.6998.88, setWindowRect: true, strictFileInteractability: false, timeouts: {implicit: 0, pageLoad: 300000, script: 30000}, unhandledPromptBehavior: dismiss and notify, webauthn:extension:credBlob: true, webauthn:extension:largeBlob: true, webauthn:extension:minPinLength: true, webauthn:extension:prf: true, webauthn:virtualAuthenticators: true}
Session ID: 98490fc38aabef2bf9a1e0b1b10da29a
2025-03-12 07:28:53 [main] INFO  l.i.u.t.SubmittedApplicationsPageTest - Marking 'Taip' radio button 10
2025-03-12 07:29:04 [main] ERROR l.i.u.p.SubmittedApplicationsPage - Error selecting radio button: Expected condition failed: waiting for element to be clickable: By.xpath: (//input[@type='radio' and @value='true'])[18] (tried for 10 second(s) with 500 milliseconds interval)
Build info: version: '4.27.0', revision: 'd6e718d134'
System info: os.name: 'Windows 11', os.arch: 'amd64', os.version: '10.0', java.version: '21.0.3'
Driver info: org.openqa.selenium.chrome.ChromeDriver
Capabilities {acceptInsecureCerts: false, browserName: chrome, browserVersion: 134.0.6998.88, chrome: {chromedriverVersion: 134.0.6998.88 (7e3d5c978c6d..., userDataDir: C:\Users\INGRID~1.ZAD\AppDa...}, fedcm:accounts: true, goog:chromeOptions: {debuggerAddress: localhost:51241}, networkConnectionEnabled: false, pageLoadStrategy: normal, platformName: windows, proxy: Proxy(), se:cdp: ws://localhost:51241/devtoo..., se:cdpVersion: 134.0.6998.88, setWindowRect: true, strictFileInteractability: false, timeouts: {implicit: 0, pageLoad: 300000, script: 30000}, unhandledPromptBehavior: dismiss and notify, webauthn:extension:credBlob: true, webauthn:extension:largeBlob: true, webauthn:extension:minPinLength: true, webauthn:extension:prf: true, webauthn:virtualAuthenticators: true}
Session ID: 98490fc38aabef2bf9a1e0b1b10da29a
2025-03-12 07:29:04 [main] INFO  l.i.u.t.SubmittedApplicationsPageTest - Marking 'Taip' radio button 11
2025-03-12 07:29:14 [main] ERROR l.i.u.p.SubmittedApplicationsPage - Error selecting radio button: Expected condition failed: waiting for element to be clickable: By.xpath: (//input[@type='radio' and @value='true'])[19] (tried for 10 second(s) with 500 milliseconds interval)
Build info: version: '4.27.0', revision: 'd6e718d134'
System info: os.name: 'Windows 11', os.arch: 'amd64', os.version: '10.0', java.version: '21.0.3'
Driver info: org.openqa.selenium.chrome.ChromeDriver
Capabilities {acceptInsecureCerts: false, browserName: chrome, browserVersion: 134.0.6998.88, chrome: {chromedriverVersion: 134.0.6998.88 (7e3d5c978c6d..., userDataDir: C:\Users\INGRID~1.ZAD\AppDa...}, fedcm:accounts: true, goog:chromeOptions: {debuggerAddress: localhost:51241}, networkConnectionEnabled: false, pageLoadStrategy: normal, platformName: windows, proxy: Proxy(), se:cdp: ws://localhost:51241/devtoo..., se:cdpVersion: 134.0.6998.88, setWindowRect: true, strictFileInteractability: false, timeouts: {implicit: 0, pageLoad: 300000, script: 30000}, unhandledPromptBehavior: dismiss and notify, webauthn:extension:credBlob: true, webauthn:extension:largeBlob: true, webauthn:extension:minPinLength: true, webauthn:extension:prf: true, webauthn:virtualAuthenticators: true}
Session ID: 98490fc38aabef2bf9a1e0b1b10da29a
2025-03-12 07:29:14 [main] INFO  l.i.u.t.SubmittedApplicationsPageTest - Marking 'Taip' radio button 12
2025-03-12 07:29:24 [main] DEBUG l.i.u.t.SubmittedApplicationsPageTest - Checked 'ConfirmationStepFour'
2025-03-12 07:29:25 [main] DEBUG l.i.u.t.SubmittedApplicationsPageTest - Clicked 'Next' button after checkboxes.
2025-03-12 07:29:25 [main] INFO  l.i.u.p.SubmittedApplicationsPage - File uploaded successfully to an input element.
2025-03-12 07:29:25 [main] INFO  l.i.u.p.SubmittedApplicationsPage - File uploaded successfully to an input element.
2025-03-12 07:29:25 [main] INFO  l.i.u.p.SubmittedApplicationsPage - File uploaded successfully to an input element.
2025-03-12 07:29:25 [main] INFO  l.i.u.p.SubmittedApplicationsPage - File uploaded successfully to an input element.
2025-03-12 07:29:25 [main] INFO  l.i.u.p.SubmittedApplicationsPage - File uploaded successfully to an input element.
2025-03-12 07:29:25 [main] INFO  l.i.u.p.SubmittedApplicationsPage - File uploaded successfully to an input element.
2025-03-12 07:29:25 [main] INFO  l.i.u.p.SubmittedApplicationsPage - File uploaded successfully to an input element.
2025-03-12 07:29:25 [main] INFO  l.i.u.p.SubmittedApplicationsPage - File uploaded successfully to an input element.
2025-03-12 07:29:25 [main] DEBUG l.i.u.t.SubmittedApplicationsPageTest - Entered program name: 'Dokumentas 1'.
2025-03-12 07:29:25 [main] DEBUG l.i.u.t.SubmittedApplicationsPageTest - Entered program name: 'Dokumentas 2'.
2025-03-12 07:29:26 [main] DEBUG l.i.u.t.SubmittedApplicationsPageTest - Entered program name: 'Dokumentas 3'.
2025-03-12 07:29:26 [main] DEBUG l.i.u.t.SubmittedApplicationsPageTest - Entered program name: 'Dokumentas 4'.
2025-03-12 07:29:26 [main] DEBUG l.i.u.t.SubmittedApplicationsPageTest - Entered program name: 'Dokumentas 5'.
2025-03-12 07:29:26 [main] DEBUG l.i.u.t.SubmittedApplicationsPageTest - Entered program name: 'Dokumentas 6'.
2025-03-12 07:29:26 [main] DEBUG l.i.u.t.SubmittedApplicationsPageTest - Entered program name: 'Dokumentas 4'.
2025-03-12 07:29:26 [main] DEBUG l.i.u.t.SubmittedApplicationsPageTest - Entered program name: 'Dokumentas 8'.
2025-03-12 07:29:37 [main] DEBUG l.i.u.t.SubmittedApplicationsPageTest - Checked 'ConfirmationDocument'
2025-03-12 07:29:44 [main] ERROR l.i.u.t.SubmittedApplicationsPageTest - Test 'testFillNewDVPApplicationFA' failed with error: invalid session id
Build info: version: '4.27.0', revision: 'd6e718d134'
System info: os.name: 'Windows 11', os.arch: 'amd64', os.version: '10.0', java.version: '21.0.3'
Driver info: org.openqa.selenium.chrome.ChromeDriver
Command: [98490fc38aabef2bf9a1e0b1b10da29a, findElement {value=(//div[contains(@class, 'mdc-checkbox')]//input[@type='checkbox'])[7], using=xpath}]
Capabilities {acceptInsecureCerts: false, browserName: chrome, browserVersion: 134.0.6998.88, chrome: {chromedriverVersion: 134.0.6998.88 (7e3d5c978c6d..., userDataDir: C:\Users\INGRID~1.ZAD\AppDa...}, fedcm:accounts: true, goog:chromeOptions: {debuggerAddress: localhost:51241}, networkConnectionEnabled: false, pageLoadStrategy: normal, platformName: windows, proxy: Proxy(), se:cdp: ws://localhost:51241/devtoo..., se:cdpVersion: 134.0.6998.88, setWindowRect: true, strictFileInteractability: false, timeouts: {implicit: 0, pageLoad: 300000, script: 30000}, unhandledPromptBehavior: dismiss and notify, webauthn:extension:credBlob: true, webauthn:extension:largeBlob: true, webauthn:extension:minPinLength: true, webauthn:extension:prf: true, webauthn:virtualAuthenticators: true}
Session ID: 98490fc38aabef2bf9a1e0b1b10da29a
org.openqa.selenium.NoSuchSessionException: invalid session id
Build info: version: '4.27.0', revision: 'd6e718d134'
System info: os.name: 'Windows 11', os.arch: 'amd64', os.version: '10.0', java.version: '21.0.3'
Driver info: org.openqa.selenium.chrome.ChromeDriver
Command: [98490fc38aabef2bf9a1e0b1b10da29a, findElement {value=(//div[contains(@class, 'mdc-checkbox')]//input[@type='checkbox'])[7], using=xpath}]
Capabilities {acceptInsecureCerts: false, browserName: chrome, browserVersion: 134.0.6998.88, chrome: {chromedriverVersion: 134.0.6998.88 (7e3d5c978c6d..., userDataDir: C:\Users\INGRID~1.ZAD\AppDa...}, fedcm:accounts: true, goog:chromeOptions: {debuggerAddress: localhost:51241}, networkConnectionEnabled: false, pageLoadStrategy: normal, platformName: windows, proxy: Proxy(), se:cdp: ws://localhost:51241/devtoo..., se:cdpVersion: 134.0.6998.88, setWindowRect: true, strictFileInteractability: false, timeouts: {implicit: 0, pageLoad: 300000, script: 30000}, unhandledPromptBehavior: dismiss and notify, webauthn:extension:credBlob: true, webauthn:extension:largeBlob: true, webauthn:extension:minPinLength: true, webauthn:extension:prf: true, webauthn:virtualAuthenticators: true}
Session ID: 98490fc38aabef2bf9a1e0b1b10da29a
	at java.base/jdk.internal.reflect.DirectConstructorHandleAccessor.newInstance(DirectConstructorHandleAccessor.java:62)
	at java.base/java.lang.reflect.Constructor.newInstanceWithCaller(Constructor.java:502)
	at java.base/java.lang.reflect.Constructor.newInstance(Constructor.java:486)
	at org.openqa.selenium.remote.ErrorCodec.decode(ErrorCodec.java:167)
	at org.openqa.selenium.remote.codec.w3c.W3CHttpResponseCodec.decode(W3CHttpResponseCodec.java:138)
	at org.openqa.selenium.remote.codec.w3c.W3CHttpResponseCodec.decode(W3CHttpResponseCodec.java:50)
	at org.openqa.selenium.remote.HttpCommandExecutor.execute(HttpCommandExecutor.java:190)
	at org.openqa.selenium.remote.service.DriverCommandExecutor.invokeExecute(DriverCommandExecutor.java:216)
	at org.openqa.selenium.remote.service.DriverCommandExecutor.execute(DriverCommandExecutor.java:174)
	at org.openqa.selenium.remote.RemoteWebDriver.execute(RemoteWebDriver.java:545)
	at org.openqa.selenium.remote.ElementLocation$ElementFinder$2.findElement(ElementLocation.java:165)
	at org.openqa.selenium.remote.ElementLocation.findElement(ElementLocation.java:59)
	at org.openqa.selenium.remote.RemoteWebDriver.findElement(RemoteWebDriver.java:368)
	at org.openqa.selenium.remote.RemoteWebDriver.findElement(RemoteWebDriver.java:362)
	at org.openqa.selenium.support.pagefactory.DefaultElementLocator.findElement(DefaultElementLocator.java:68)
	at org.openqa.selenium.support.pagefactory.internal.LocatingElementHandler.invoke(LocatingElementHandler.java:38)
	at jdk.proxy2/jdk.proxy2.$Proxy14.getWrappedElement(Unknown Source)
	at org.openqa.selenium.remote.WebElementToJsonConverter.apply(WebElementToJsonConverter.java:48)
	at java.base/java.util.stream.ReferencePipeline$3$1.accept(ReferencePipeline.java:197)
	at java.base/java.util.Spliterators$ArraySpliterator.forEachRemaining(Spliterators.java:1024)
	at java.base/java.util.stream.AbstractPipeline.copyInto(AbstractPipeline.java:509)
	at java.base/java.util.stream.AbstractPipeline.wrapAndCopyInto(AbstractPipeline.java:499)
	at java.base/java.util.stream.ReduceOps$ReduceOp.evaluateSequential(ReduceOps.java:921)
	at java.base/java.util.stream.AbstractPipeline.evaluate(AbstractPipeline.java:234)
	at java.base/java.util.stream.ReferencePipeline.collect(ReferencePipeline.java:682)
	at org.openqa.selenium.remote.RemoteWebDriver.executeScript(RemoteWebDriver.java:474)
	at lt.insoft.uztis.pages.SubmittedApplicationsPage$CheckboxHelper.clickWithJavaScript(SubmittedApplicationsPage.java:1725)
	at lt.insoft.uztis.pages.SubmittedApplicationsPage$CheckboxHelper.setConfirmationCheckbox(SubmittedApplicationsPage.java:1714)
	at lt.insoft.uztis.tests.SubmittedApplicationsPageTest.testFillNewDVPApplicationFA(SubmittedApplicationsPageTest.java:876)
	at java.base/jdk.internal.reflect.DirectMethodHandleAccessor.invoke(DirectMethodHandleAccessor.java:103)
	at java.base/java.lang.reflect.Method.invoke(Method.java:580)
	at org.junit.platform.commons.util.ReflectionUtils.invokeMethod(ReflectionUtils.java:728)
	at org.junit.jupiter.engine.execution.MethodInvocation.proceed(MethodInvocation.java:60)
	at org.junit.jupiter.engine.execution.InvocationInterceptorChain$ValidatingInvocation.proceed(InvocationInterceptorChain.java:131)
	at org.junit.jupiter.engine.extension.TimeoutExtension.intercept(TimeoutExtension.java:156)
	at org.junit.jupiter.engine.extension.TimeoutExtension.interceptTestableMethod(TimeoutExtension.java:147)
	at org.junit.jupiter.engine.extension.TimeoutExtension.interceptTestMethod(TimeoutExtension.java:86)
	at org.junit.jupiter.engine.execution.InterceptingExecutableInvoker$ReflectiveInterceptorCall.lambda$ofVoidMethod$0(InterceptingExecutableInvoker.java:103)
	at org.junit.jupiter.engine.execution.InterceptingExecutableInvoker.lambda$invoke$0(InterceptingExecutableInvoker.java:93)
	at org.junit.jupiter.engine.execution.InvocationInterceptorChain$InterceptedInvocation.proceed(InvocationInterceptorChain.java:106)
	at org.junit.jupiter.engine.execution.InvocationInterceptorChain.proceed(InvocationInterceptorChain.java:64)
	at org.junit.jupiter.engine.execution.InvocationInterceptorChain.chainAndInvoke(InvocationInterceptorChain.java:45)
	at org.junit.jupiter.engine.execution.InvocationInterceptorChain.invoke(InvocationInterceptorChain.java:37)
	at org.junit.jupiter.engine.execution.InterceptingExecutableInvoker.invoke(InterceptingExecutableInvoker.java:92)
	at org.junit.jupiter.engine.execution.InterceptingExecutableInvoker.invoke(InterceptingExecutableInvoker.java:86)
	at org.junit.jupiter.engine.descriptor.TestMethodTestDescriptor.lambda$invokeTestMethod$7(TestMethodTestDescriptor.java:218)
	at org.junit.platform.engine.support.hierarchical.ThrowableCollector.execute(ThrowableCollector.java:73)
	at org.junit.jupiter.engine.descriptor.TestMethodTestDescriptor.invokeTestMethod(TestMethodTestDescriptor.java:214)
	at org.junit.jupiter.engine.descriptor.TestMethodTestDescriptor.execute(TestMethodTestDescriptor.java:139)
	at org.junit.jupiter.engine.descriptor.TestMethodTestDescriptor.execute(TestMethodTestDescriptor.java:69)
	at org.junit.platform.engine.support.hierarchical.NodeTestTask.lambda$executeRecursively$6(NodeTestTask.java:151)
	at org.junit.platform.engine.support.hierarchical.ThrowableCollector.execute(ThrowableCollector.java:73)
	at org.junit.platform.engine.support.hierarchical.NodeTestTask.lambda$executeRecursively$8(NodeTestTask.java:141)
	at org.junit.platform.engine.support.hierarchical.Node.around(Node.java:137)
	at org.junit.platform.engine.support.hierarchical.NodeTestTask.lambda$executeRecursively$9(NodeTestTask.java:139)
	at org.junit.platform.engine.support.hierarchical.ThrowableCollector.execute(ThrowableCollector.java:73)
	at org.junit.platform.engine.support.hierarchical.NodeTestTask.executeRecursively(NodeTestTask.java:138)
	at org.junit.platform.engine.support.hierarchical.NodeTestTask.execute(NodeTestTask.java:95)
	at java.base/java.util.ArrayList.forEach(ArrayList.java:1596)
	at org.junit.platform.engine.support.hierarchical.SameThreadHierarchicalTestExecutorService.invokeAll(SameThreadHierarchicalTestExecutorService.java:41)
	at org.junit.platform.engine.support.hierarchical.NodeTestTask.lambda$executeRecursively$6(NodeTestTask.java:155)
	at org.junit.platform.engine.support.hierarchical.ThrowableCollector.execute(ThrowableCollector.java:73)
	at org.junit.platform.engine.support.hierarchical.NodeTestTask.lambda$executeRecursively$8(NodeTestTask.java:141)
	at org.junit.platform.engine.support.hierarchical.Node.around(Node.java:137)
	at org.junit.platform.engine.support.hierarchical.NodeTestTask.lambda$executeRecursively$9(NodeTestTask.java:139)
	at org.junit.platform.engine.support.hierarchical.ThrowableCollector.execute(ThrowableCollector.java:73)
	at org.junit.platform.engine.support.hierarchical.NodeTestTask.executeRecursively(NodeTestTask.java:138)
	at org.junit.platform.engine.support.hierarchical.NodeTestTask.execute(NodeTestTask.java:95)
	at java.base/java.util.ArrayList.forEach(ArrayList.java:1596)
	at org.junit.platform.engine.support.hierarchical.SameThreadHierarchicalTestExecutorService.invokeAll(SameThreadHierarchicalTestExecutorService.java:41)
	at org.junit.platform.engine.support.hierarchical.NodeTestTask.lambda$executeRecursively$6(NodeTestTask.java:155)
	at org.junit.platform.engine.support.hierarchical.ThrowableCollector.execute(ThrowableCollector.java:73)
	at org.junit.platform.engine.support.hierarchical.NodeTestTask.lambda$executeRecursively$8(NodeTestTask.java:141)
	at org.junit.platform.engine.support.hierarchical.Node.around(Node.java:137)
	at org.junit.platform.engine.support.hierarchical.NodeTestTask.lambda$executeRecursively$9(NodeTestTask.java:139)
	at org.junit.platform.engine.support.hierarchical.ThrowableCollector.execute(ThrowableCollector.java:73)
	at org.junit.platform.engine.support.hierarchical.NodeTestTask.executeRecursively(NodeTestTask.java:138)
	at org.junit.platform.engine.support.hierarchical.NodeTestTask.execute(NodeTestTask.java:95)
	at org.junit.platform.engine.support.hierarchical.SameThreadHierarchicalTestExecutorService.submit(SameThreadHierarchicalTestExecutorService.java:35)
	at org.junit.platform.engine.support.hierarchical.HierarchicalTestExecutor.execute(HierarchicalTestExecutor.java:57)
	at org.junit.platform.engine.support.hierarchical.HierarchicalTestEngine.execute(HierarchicalTestEngine.java:54)
	at org.junit.platform.launcher.core.EngineExecutionOrchestrator.execute(EngineExecutionOrchestrator.java:198)
	at org.junit.platform.launcher.core.EngineExecutionOrchestrator.execute(EngineExecutionOrchestrator.java:169)
	at org.junit.platform.launcher.core.EngineExecutionOrchestrator.execute(EngineExecutionOrchestrator.java:93)
	at org.junit.platform.launcher.core.EngineExecutionOrchestrator.lambda$execute$0(EngineExecutionOrchestrator.java:58)
	at org.junit.platform.launcher.core.EngineExecutionOrchestrator.withInterceptedStreams(EngineExecutionOrchestrator.java:141)
	at org.junit.platform.launcher.core.EngineExecutionOrchestrator.execute(EngineExecutionOrchestrator.java:57)
	at org.junit.platform.launcher.core.DefaultLauncher.execute(DefaultLauncher.java:103)
	at org.junit.platform.launcher.core.DefaultLauncher.execute(DefaultLauncher.java:85)
	at org.junit.platform.launcher.core.DelegatingLauncher.execute(DelegatingLauncher.java:47)
	at org.junit.platform.launcher.core.SessionPerRequestLauncher.execute(SessionPerRequestLauncher.java:63)
	at com.intellij.junit5.JUnit5IdeaTestRunner.startRunnerWithArgs(JUnit5IdeaTestRunner.java:57)
	at com.intellij.rt.junit.IdeaTestRunner$Repeater$1.execute(IdeaTestRunner.java:38)
	at com.intellij.rt.execution.junit.TestsRepeater.repeat(TestsRepeater.java:11)
	at com.intellij.rt.junit.IdeaTestRunner$Repeater.startRunnerWithArgs(IdeaTestRunner.java:35)
	at com.intellij.rt.junit.JUnitStarter.prepareStreamsAndStart(JUnitStarter.java:232)
	at com.intellij.rt.junit.JUnitStarter.main(JUnitStarter.java:55)
2025-03-12 07:40:05 [main] INFO  lt.insoft.uztis.tests.UztisPageTest - Navigated to https://uztisdev.asseco.lt/home
2025-03-12 07:40:05 [main] INFO  l.i.u.t.SubmittedApplicationsPageTest - Starting test:'testFillNewDVPApplicationFA'
2025-03-12 07:40:06 [main] DEBUG l.i.u.t.SubmittedApplicationsPageTest - User logged in with test credentials.
2025-03-12 07:40:06 [main] DEBUG l.i.u.t.SubmittedApplicationsPageTest - Opened 'Application Processing' menu.
2025-03-12 07:40:06 [main] DEBUG l.i.u.t.SubmittedApplicationsPageTest - Clicked on 'Application Forms' menu.
2025-03-12 07:40:07 [main] DEBUG l.i.u.t.SubmittedApplicationsPageTest - Retrieved last description code text: 'TST-DVP-22'.
2025-03-12 07:40:07 [main] DEBUG l.i.u.t.SubmittedApplicationsPageTest - Clicked on 'Invitation' menu.
2025-03-12 07:40:08 [main] DEBUG l.i.u.t.SubmittedApplicationsPageTest - Selected application section by code: 'TST-DVP-22'.
2025-03-12 07:40:08 [main] DEBUG l.i.u.t.SubmittedApplicationsPageTest - Clicked 'Search' button.
2025-03-12 07:40:08 [main] DEBUG l.i.u.t.SubmittedApplicationsPageTest - Retrieved invitation code: ''.
2025-03-12 07:40:08 [main] DEBUG l.i.u.t.SubmittedApplicationsPageTest - Clicked on 'Submitted Applications' menu.
2025-03-12 07:40:09 [main] DEBUG l.i.u.t.SubmittedApplicationsPageTest - Selected invitation by code: 'TST-DVP-22'.
2025-03-12 07:40:09 [main] DEBUG l.i.u.t.SubmittedApplicationsPageTest - Invitation code inserted.
2025-03-12 07:40:09 [main] DEBUG l.i.u.t.SubmittedApplicationsPageTest - Clicked on 'Action Application' button.
2025-03-12 07:40:09 [main] DEBUG l.i.u.t.SubmittedApplicationsPageTest - Clicked on 'New Application' button.
2025-03-12 07:40:10 [main] DEBUG l.i.u.t.SubmittedApplicationsPageTest - Selected the 'RadioButtonFA' option.
2025-03-12 07:40:10 [main] DEBUG l.i.u.t.SubmittedApplicationsPageTest - Entered phone number: '61298745'.
2025-03-12 07:40:10 [main] DEBUG l.i.u.t.SubmittedApplicationsPageTest - Entered email: 'test@autotest.com'.
2025-03-12 07:40:10 [main] DEBUG l.i.u.t.SubmittedApplicationsPageTest - Checked 'For workplace adaptation' checkbox 1.
2025-03-12 07:40:11 [main] DEBUG l.i.u.t.SubmittedApplicationsPageTest - Checked 'For environmental adaptation' checkbox 2.
2025-03-12 07:40:11 [main] INFO  l.i.u.p.SubmittedApplicationsPage - Located the dropdown button.
2025-03-12 07:40:31 [main] INFO  l.i.u.p.SubmittedApplicationsPage - Found 1741 options in the dropdown.
2025-03-12 07:40:31 [main] INFO  l.i.u.p.SubmittedApplicationsPage - Successfully selected the value: '01.11 - Grūdinių (išskyrus ryžius), ankštinių ir aliejingų sėklų augalų auginimas'
2025-03-12 07:40:41 [main] ERROR l.i.u.p.SubmittedApplicationsPage - Failed to close the dropdown with aria-expanded = 'false'. Attempting manual close.
2025-03-12 07:40:41 [main] INFO  l.i.u.p.SubmittedApplicationsPage - Manual close attempt for the dropdown using body click.
2025-03-12 07:40:41 [main] DEBUG l.i.u.t.SubmittedApplicationsPageTest - Selected EVRK value: '01.11 - Grūdinių (išskyrus ryžius), ankštinių ir aliejingų sėklų augalų auginimas'.
2025-03-12 07:40:42 [main] DEBUG l.i.u.t.SubmittedApplicationsPageTest - Clicked on 'Address Component' button.
2025-03-12 07:40:42 [main] INFO  l.i.u.p.SubmittedApplicationsPage - Located the dropdown button.
2025-03-12 07:40:45 [main] INFO  l.i.u.p.SubmittedApplicationsPage - Successfully selected the value: 'Lietuva'
2025-03-12 07:40:45 [main] DEBUG l.i.u.t.SubmittedApplicationsPageTest - Selected country: 'Lietuva'.
2025-03-12 07:40:45 [main] INFO  l.i.u.p.SubmittedApplicationsPage - Located the dropdown search field.
2025-03-12 07:40:45 [main] INFO  l.i.u.p.SubmittedApplicationsPage - Dropdown city is opened.
2025-03-12 07:40:45 [main] INFO  l.i.u.p.SubmittedApplicationsPage - Searched for value: 'Vilnius'
2025-03-12 07:40:46 [main] INFO  l.i.u.p.SubmittedApplicationsPage - Successfully selected: 'Vilnius'
2025-03-12 07:40:46 [main] INFO  l.i.u.p.SubmittedApplicationsPage - Located the dropdown button.
2025-03-12 07:40:46 [main] INFO  l.i.u.p.SubmittedApplicationsPage - Successfully selected the value: 'A. Domaševičiaus g.'
2025-03-12 07:40:46 [main] DEBUG l.i.u.t.SubmittedApplicationsPageTest - Selected street: 'A. Domaševičiaus g.'.
2025-03-12 07:40:46 [main] INFO  l.i.u.p.SubmittedApplicationsPage - Located the dropdown button.
2025-03-12 07:40:46 [main] INFO  l.i.u.p.SubmittedApplicationsPage - Successfully selected the value: '1'
2025-03-12 07:40:46 [main] DEBUG l.i.u.t.SubmittedApplicationsPageTest - Selected house: '1'.
2025-03-12 07:40:46 [main] INFO  l.i.u.p.SubmittedApplicationsPage - Located the dropdown button.
2025-03-12 07:40:47 [main] INFO  l.i.u.p.SubmittedApplicationsPage - Successfully selected the value: '1'
2025-03-12 07:40:47 [main] DEBUG l.i.u.t.SubmittedApplicationsPageTest - Selected apartment: '1'.
2025-03-12 07:40:47 [main] DEBUG l.i.u.t.SubmittedApplicationsPageTest - Clicked 'Confirm' button.
2025-03-12 07:40:47 [main] DEBUG l.i.u.t.SubmittedApplicationsPageTest - Selected 'For already working' option.
2025-03-12 07:40:47 [main] DEBUG l.i.u.t.SubmittedApplicationsPageTest - Selected 'For new working' option.
2025-03-12 07:40:47 [main] DEBUG l.i.u.t.SubmittedApplicationsPageTest - Entered person count2: '1'.
2025-03-12 07:40:48 [main] DEBUG l.i.u.t.SubmittedApplicationsPageTest - Clicked 'Next' button after checkboxes.
2025-03-12 07:40:48 [main] INFO  l.i.u.p.SubmittedApplicationsPage - Located the dropdown button.
2025-03-12 07:40:48 [main] INFO  l.i.u.p.SubmittedApplicationsPage - Successfully selected the value: 'Administratoriai'
2025-03-12 07:40:48 [main] DEBUG l.i.u.t.SubmittedApplicationsPageTest - Selected adaptable job name: 'Administratoriai'.
2025-03-12 07:40:49 [main] DEBUG l.i.u.t.SubmittedApplicationsPageTest - Entered job date.
2025-03-12 07:40:49 [main] DEBUG l.i.u.t.SubmittedApplicationsPageTest - Entered job function: 'Funkcija 1'.
2025-03-12 07:40:49 [main] DEBUG l.i.u.t.SubmittedApplicationsPageTest - Selected 'For already working' 'no' option.
2025-03-12 07:40:49 [main] INFO  l.i.u.p.SubmittedApplicationsPage - Clicking on the dropdown button.
2025-03-12 07:40:50 [main] INFO  l.i.u.p.SubmittedApplicationsPage - Found 6 options in the dropdown.
2025-03-12 07:40:50 [main] DEBUG l.i.u.p.SubmittedApplicationsPage - Checking option: 'Lengvo neįgalumo lygis ar 45-55 procentų dalyvumo lygis (iki 2023 m. gruodžio 31 d. – 45-55 procentų darbingumo lygis)'
2025-03-12 07:40:50 [main] INFO  l.i.u.p.SubmittedApplicationsPage - Successfully selected the value: 'Lengvo neįgalumo lygis ar 45-55 procentų dalyvumo lygis (iki 2023 m. gruodžio 31 d. – 45-55 procentų darbingumo lygis)'
2025-03-12 07:40:50 [main] INFO  l.i.u.p.SubmittedApplicationsPage - Attempting to close the dropdown.
2025-03-12 07:40:50 [main] DEBUG l.i.u.t.SubmittedApplicationsPageTest - Selected disabilities type: 'Lengvo neįgalumo lygis ar 45-55 procentų dalyvumo lygis (iki 2023 m. gruodžio 31 d. – 45-55 procentų darbingumo lygis)'.
2025-03-12 07:40:51 [main] DEBUG l.i.u.t.SubmittedApplicationsPageTest - Entered disability information: 'Negalia 1'.
2025-03-12 07:40:51 [main] DEBUG l.i.u.t.SubmittedApplicationsPageTest - Entered qualification: 'Kvalifikacija 1'.
2025-03-12 07:40:51 [main] DEBUG l.i.u.t.SubmittedApplicationsPageTest - Entered job description: 'Darbo vietos aprašymas 1'.
2025-03-12 07:40:51 [main] DEBUG l.i.u.t.SubmittedApplicationsPageTest - Entered equipment description: 'Priemonių įsigyjimas 1'.
2025-03-12 07:40:52 [main] DEBUG l.i.u.t.SubmittedApplicationsPageTest - Entered work information: 'Darbai 1'.
2025-03-12 07:40:52 [main] INFO  l.i.u.p.SubmittedApplicationsPage - Located the dropdown button.
2025-03-12 07:40:53 [main] INFO  l.i.u.p.SubmittedApplicationsPage - Successfully selected the value: 'Kita'
2025-03-12 07:40:53 [main] DEBUG l.i.u.t.SubmittedApplicationsPageTest - Selected time mode: 'Kita'.
2025-03-12 07:40:53 [main] DEBUG l.i.u.t.SubmittedApplicationsPageTest - Selected time mode other: '6 val. per dieną ir 4 d. per savaitę'.
2025-03-12 07:40:53 [main] DEBUG l.i.u.t.SubmittedApplicationsPageTest - Entered salary amount: '1200'.
2025-03-12 07:40:53 [main] DEBUG l.i.u.t.SubmittedApplicationsPageTest - Selected 'Temporary Job' radio button.
2025-03-12 07:40:53 [main] DEBUG l.i.u.t.SubmittedApplicationsPageTest - Selected 'Season Job' radio button.
2025-03-12 07:40:53 [main] DEBUG l.i.u.t.SubmittedApplicationsPageTest - Selected 'PVM' radio button.
2025-03-12 07:40:53 [main] INFO  l.i.u.p.SubmittedApplicationsPage - Located the dropdown button.
2025-03-12 07:40:54 [main] INFO  l.i.u.p.SubmittedApplicationsPage - Successfully selected the value: 'Darbo vietos pritaikymui'
2025-03-12 07:41:24 [main] ERROR l.i.u.p.SubmittedApplicationsPage - Timeout while waiting for dropdown to close with aria-expanded = 'false'.
2025-03-12 07:41:24 [main] DEBUG l.i.u.t.SubmittedApplicationsPageTest - Selected adaptable job name: 'Darbo vietos pritaikymui'.
2025-03-12 07:41:24 [main] DEBUG l.i.u.p.SubmittedApplicationsPage - Located and clicked the dropdown button 'Reikalinga'.
2025-03-12 07:41:24 [main] INFO  l.i.u.p.SubmittedApplicationsPage - Successfully selected the value: 'Įsigyti'
2025-03-12 07:41:35 [main] DEBUG l.i.u.t.SubmittedApplicationsPageTest - Selected necessary for job: 'Įsigyti'.
2025-03-12 07:41:35 [main] DEBUG l.i.u.t.SubmittedApplicationsPageTest - Selected tool: 'Darbo priemonė 1'.
2025-03-12 07:41:35 [main] DEBUG l.i.u.t.SubmittedApplicationsPageTest - Selected tool parameter one: 'Darbo priemonės 1 parametras 1'.
2025-03-12 07:41:35 [main] DEBUG l.i.u.t.SubmittedApplicationsPageTest - Selected tool parameter two: 'Darbo priemonės 1 parametras 2'.
2025-03-12 07:41:36 [main] DEBUG l.i.u.t.SubmittedApplicationsPageTest - Selected tool parameter three: 'Darbo priemonės 1 parametras 3'.
2025-03-12 07:41:36 [main] DEBUG l.i.u.t.SubmittedApplicationsPageTest - Entered tool count: '1'.
2025-03-12 07:41:36 [main] DEBUG l.i.u.t.SubmittedApplicationsPageTest - Entered price amount: '1000'.
2025-03-12 07:41:36 [main] DEBUG l.i.u.t.SubmittedApplicationsPageTest - Entered own funds amount: '800'.
2025-03-12 07:41:36 [main] DEBUG l.i.u.t.SubmittedApplicationsPageTest - Clicked 'Add' button.
2025-03-12 07:41:36 [main] INFO  l.i.u.p.SubmittedApplicationsPage - Located the dropdown button.
2025-03-12 07:41:37 [main] INFO  l.i.u.p.SubmittedApplicationsPage - Successfully selected the value: 'Aplinkos pritaikymui'
2025-03-12 07:42:07 [main] ERROR l.i.u.p.SubmittedApplicationsPage - Timeout while waiting for dropdown to close with aria-expanded = 'false'.
2025-03-12 07:42:07 [main] DEBUG l.i.u.t.SubmittedApplicationsPageTest - Selected adaptable job name: 'Aplinkos pritaikymui'.
2025-03-12 07:42:07 [main] DEBUG l.i.u.p.SubmittedApplicationsPage - Located and clicked the dropdown button 'Reikalinga'.
2025-03-12 07:42:07 [main] INFO  l.i.u.p.SubmittedApplicationsPage - Successfully selected the value: 'Remontuoti'
2025-03-12 07:42:18 [main] DEBUG l.i.u.t.SubmittedApplicationsPageTest - Selected necessary for job: 'Remontuoti'.
2025-03-12 07:42:18 [main] DEBUG l.i.u.t.SubmittedApplicationsPageTest - Selected tool: 'Darbo priemonė 2 remontui'.
2025-03-12 07:42:18 [main] DEBUG l.i.u.t.SubmittedApplicationsPageTest - Entered tool count: '2'.
2025-03-12 07:42:18 [main] DEBUG l.i.u.t.SubmittedApplicationsPageTest - Entered price amount: '1000'.
2025-03-12 07:42:18 [main] DEBUG l.i.u.t.SubmittedApplicationsPageTest - Entered own funds amount: '900'.
2025-03-12 07:42:18 [main] DEBUG l.i.u.t.SubmittedApplicationsPageTest - Selected 'De Minimis' radio button.
2025-03-12 07:42:19 [main] DEBUG l.i.u.t.SubmittedApplicationsPageTest - Entered program name: 'Programa 1'.
2025-03-12 07:42:19 [main] DEBUG l.i.u.t.SubmittedApplicationsPageTest - Entered project date from.
2025-03-12 07:42:19 [main] DEBUG l.i.u.t.SubmittedApplicationsPageTest - Entered project date until.
2025-03-12 07:42:19 [main] DEBUG l.i.u.t.SubmittedApplicationsPageTest - Entered support amount: '2000'.
2025-03-12 07:42:19 [main] DEBUG l.i.u.t.SubmittedApplicationsPageTest - Clicked 'Next' button.
2025-03-12 07:42:29 [main] DEBUG l.i.u.t.SubmittedApplicationsPageTest - Checked 'Legal Entities' checkbox 1.
2025-03-12 07:42:40 [main] DEBUG l.i.u.t.SubmittedApplicationsPageTest - Checked 'Legal Entities' checkbox 2.
2025-03-12 07:42:50 [main] DEBUG l.i.u.t.SubmittedApplicationsPageTest - Checked 'Legal Entities' checkbox 3.
2025-03-12 07:42:50 [main] DEBUG l.i.u.t.SubmittedApplicationsPageTest - Test finished: All 'Legal Entities' checkboxes checked successfully.
2025-03-12 07:42:50 [main] DEBUG l.i.u.t.SubmittedApplicationsPageTest - Clicked 'Next' button after checkboxes.
2025-03-12 07:43:00 [main] ERROR l.i.u.p.SubmittedApplicationsPage - Error selecting radio button: Expected condition failed: waiting for element to be clickable: By.xpath: (//input[@type='radio' and @value='false'])[8] (tried for 10 second(s) with 500 milliseconds interval)
Build info: version: '4.27.0', revision: 'd6e718d134'
System info: os.name: 'Windows 11', os.arch: 'amd64', os.version: '10.0', java.version: '21.0.3'
Driver info: org.openqa.selenium.chrome.ChromeDriver
Capabilities {acceptInsecureCerts: false, browserName: chrome, browserVersion: 134.0.6998.88, chrome: {chromedriverVersion: 134.0.6998.88 (7e3d5c978c6d..., userDataDir: C:\Users\INGRID~1.ZAD\AppDa...}, fedcm:accounts: true, goog:chromeOptions: {debuggerAddress: localhost:51808}, networkConnectionEnabled: false, pageLoadStrategy: normal, platformName: windows, proxy: Proxy(), se:cdp: ws://localhost:51808/devtoo..., se:cdpVersion: 134.0.6998.88, setWindowRect: true, strictFileInteractability: false, timeouts: {implicit: 0, pageLoad: 300000, script: 30000}, unhandledPromptBehavior: dismiss and notify, webauthn:extension:credBlob: true, webauthn:extension:largeBlob: true, webauthn:extension:minPinLength: true, webauthn:extension:prf: true, webauthn:virtualAuthenticators: true}
Session ID: f36136a155564dceeb3404814892f36a
2025-03-12 07:43:00 [main] INFO  l.i.u.t.SubmittedApplicationsPageTest - Marking 'Ne' radio button 1
2025-03-12 07:43:10 [main] ERROR l.i.u.p.SubmittedApplicationsPage - Error selecting radio button: Expected condition failed: waiting for element to be clickable: By.xpath: (//input[@type='radio' and @value='false'])[9] (tried for 10 second(s) with 500 milliseconds interval)
Build info: version: '4.27.0', revision: 'd6e718d134'
System info: os.name: 'Windows 11', os.arch: 'amd64', os.version: '10.0', java.version: '21.0.3'
Driver info: org.openqa.selenium.chrome.ChromeDriver
Capabilities {acceptInsecureCerts: false, browserName: chrome, browserVersion: 134.0.6998.88, chrome: {chromedriverVersion: 134.0.6998.88 (7e3d5c978c6d..., userDataDir: C:\Users\INGRID~1.ZAD\AppDa...}, fedcm:accounts: true, goog:chromeOptions: {debuggerAddress: localhost:51808}, networkConnectionEnabled: false, pageLoadStrategy: normal, platformName: windows, proxy: Proxy(), se:cdp: ws://localhost:51808/devtoo..., se:cdpVersion: 134.0.6998.88, setWindowRect: true, strictFileInteractability: false, timeouts: {implicit: 0, pageLoad: 300000, script: 30000}, unhandledPromptBehavior: dismiss and notify, webauthn:extension:credBlob: true, webauthn:extension:largeBlob: true, webauthn:extension:minPinLength: true, webauthn:extension:prf: true, webauthn:virtualAuthenticators: true}
Session ID: f36136a155564dceeb3404814892f36a
2025-03-12 07:43:10 [main] INFO  l.i.u.t.SubmittedApplicationsPageTest - Marking 'Ne' radio button 2
2025-03-12 07:43:20 [main] ERROR l.i.u.p.SubmittedApplicationsPage - Error selecting radio button: Expected condition failed: waiting for element to be clickable: By.xpath: (//input[@type='radio' and @value='false'])[10] (tried for 10 second(s) with 500 milliseconds interval)
Build info: version: '4.27.0', revision: 'd6e718d134'
System info: os.name: 'Windows 11', os.arch: 'amd64', os.version: '10.0', java.version: '21.0.3'
Driver info: org.openqa.selenium.chrome.ChromeDriver
Capabilities {acceptInsecureCerts: false, browserName: chrome, browserVersion: 134.0.6998.88, chrome: {chromedriverVersion: 134.0.6998.88 (7e3d5c978c6d..., userDataDir: C:\Users\INGRID~1.ZAD\AppDa...}, fedcm:accounts: true, goog:chromeOptions: {debuggerAddress: localhost:51808}, networkConnectionEnabled: false, pageLoadStrategy: normal, platformName: windows, proxy: Proxy(), se:cdp: ws://localhost:51808/devtoo..., se:cdpVersion: 134.0.6998.88, setWindowRect: true, strictFileInteractability: false, timeouts: {implicit: 0, pageLoad: 300000, script: 30000}, unhandledPromptBehavior: dismiss and notify, webauthn:extension:credBlob: true, webauthn:extension:largeBlob: true, webauthn:extension:minPinLength: true, webauthn:extension:prf: true, webauthn:virtualAuthenticators: true}
Session ID: f36136a155564dceeb3404814892f36a
2025-03-12 07:43:20 [main] INFO  l.i.u.t.SubmittedApplicationsPageTest - Marking 'Ne' radio button 3
2025-03-12 07:43:30 [main] ERROR l.i.u.p.SubmittedApplicationsPage - Error selecting radio button: Expected condition failed: waiting for element to be clickable: By.xpath: (//input[@type='radio' and @value='false'])[11] (tried for 10 second(s) with 500 milliseconds interval)
Build info: version: '4.27.0', revision: 'd6e718d134'
System info: os.name: 'Windows 11', os.arch: 'amd64', os.version: '10.0', java.version: '21.0.3'
Driver info: org.openqa.selenium.chrome.ChromeDriver
Capabilities {acceptInsecureCerts: false, browserName: chrome, browserVersion: 134.0.6998.88, chrome: {chromedriverVersion: 134.0.6998.88 (7e3d5c978c6d..., userDataDir: C:\Users\INGRID~1.ZAD\AppDa...}, fedcm:accounts: true, goog:chromeOptions: {debuggerAddress: localhost:51808}, networkConnectionEnabled: false, pageLoadStrategy: normal, platformName: windows, proxy: Proxy(), se:cdp: ws://localhost:51808/devtoo..., se:cdpVersion: 134.0.6998.88, setWindowRect: true, strictFileInteractability: false, timeouts: {implicit: 0, pageLoad: 300000, script: 30000}, unhandledPromptBehavior: dismiss and notify, webauthn:extension:credBlob: true, webauthn:extension:largeBlob: true, webauthn:extension:minPinLength: true, webauthn:extension:prf: true, webauthn:virtualAuthenticators: true}
Session ID: f36136a155564dceeb3404814892f36a
2025-03-12 07:43:30 [main] INFO  l.i.u.t.SubmittedApplicationsPageTest - Marking 'Ne' radio button 4
2025-03-12 07:43:40 [main] ERROR l.i.u.p.SubmittedApplicationsPage - Error selecting radio button: Expected condition failed: waiting for element to be clickable: By.xpath: (//input[@type='radio' and @value='false'])[12] (tried for 10 second(s) with 500 milliseconds interval)
Build info: version: '4.27.0', revision: 'd6e718d134'
System info: os.name: 'Windows 11', os.arch: 'amd64', os.version: '10.0', java.version: '21.0.3'
Driver info: org.openqa.selenium.chrome.ChromeDriver
Capabilities {acceptInsecureCerts: false, browserName: chrome, browserVersion: 134.0.6998.88, chrome: {chromedriverVersion: 134.0.6998.88 (7e3d5c978c6d..., userDataDir: C:\Users\INGRID~1.ZAD\AppDa...}, fedcm:accounts: true, goog:chromeOptions: {debuggerAddress: localhost:51808}, networkConnectionEnabled: false, pageLoadStrategy: normal, platformName: windows, proxy: Proxy(), se:cdp: ws://localhost:51808/devtoo..., se:cdpVersion: 134.0.6998.88, setWindowRect: true, strictFileInteractability: false, timeouts: {implicit: 0, pageLoad: 300000, script: 30000}, unhandledPromptBehavior: dismiss and notify, webauthn:extension:credBlob: true, webauthn:extension:largeBlob: true, webauthn:extension:minPinLength: true, webauthn:extension:prf: true, webauthn:virtualAuthenticators: true}
Session ID: f36136a155564dceeb3404814892f36a
2025-03-12 07:43:40 [main] INFO  l.i.u.t.SubmittedApplicationsPageTest - Marking 'Ne' radio button 5
2025-03-12 07:43:51 [main] ERROR l.i.u.p.SubmittedApplicationsPage - Error selecting radio button: Expected condition failed: waiting for element to be clickable: By.xpath: (//input[@type='radio' and @value='false'])[13] (tried for 10 second(s) with 500 milliseconds interval)
Build info: version: '4.27.0', revision: 'd6e718d134'
System info: os.name: 'Windows 11', os.arch: 'amd64', os.version: '10.0', java.version: '21.0.3'
Driver info: org.openqa.selenium.chrome.ChromeDriver
Capabilities {acceptInsecureCerts: false, browserName: chrome, browserVersion: 134.0.6998.88, chrome: {chromedriverVersion: 134.0.6998.88 (7e3d5c978c6d..., userDataDir: C:\Users\INGRID~1.ZAD\AppDa...}, fedcm:accounts: true, goog:chromeOptions: {debuggerAddress: localhost:51808}, networkConnectionEnabled: false, pageLoadStrategy: normal, platformName: windows, proxy: Proxy(), se:cdp: ws://localhost:51808/devtoo..., se:cdpVersion: 134.0.6998.88, setWindowRect: true, strictFileInteractability: false, timeouts: {implicit: 0, pageLoad: 300000, script: 30000}, unhandledPromptBehavior: dismiss and notify, webauthn:extension:credBlob: true, webauthn:extension:largeBlob: true, webauthn:extension:minPinLength: true, webauthn:extension:prf: true, webauthn:virtualAuthenticators: true}
Session ID: f36136a155564dceeb3404814892f36a
2025-03-12 07:43:51 [main] INFO  l.i.u.t.SubmittedApplicationsPageTest - Marking 'Ne' radio button 6
2025-03-12 07:44:01 [main] ERROR l.i.u.p.SubmittedApplicationsPage - Error selecting radio button: Expected condition failed: waiting for element to be clickable: By.xpath: (//input[@type='radio' and @value='true'])[14] (tried for 10 second(s) with 500 milliseconds interval)
Build info: version: '4.27.0', revision: 'd6e718d134'
System info: os.name: 'Windows 11', os.arch: 'amd64', os.version: '10.0', java.version: '21.0.3'
Driver info: org.openqa.selenium.chrome.ChromeDriver
Capabilities {acceptInsecureCerts: false, browserName: chrome, browserVersion: 134.0.6998.88, chrome: {chromedriverVersion: 134.0.6998.88 (7e3d5c978c6d..., userDataDir: C:\Users\INGRID~1.ZAD\AppDa...}, fedcm:accounts: true, goog:chromeOptions: {debuggerAddress: localhost:51808}, networkConnectionEnabled: false, pageLoadStrategy: normal, platformName: windows, proxy: Proxy(), se:cdp: ws://localhost:51808/devtoo..., se:cdpVersion: 134.0.6998.88, setWindowRect: true, strictFileInteractability: false, timeouts: {implicit: 0, pageLoad: 300000, script: 30000}, unhandledPromptBehavior: dismiss and notify, webauthn:extension:credBlob: true, webauthn:extension:largeBlob: true, webauthn:extension:minPinLength: true, webauthn:extension:prf: true, webauthn:virtualAuthenticators: true}
Session ID: f36136a155564dceeb3404814892f36a
2025-03-12 07:44:01 [main] INFO  l.i.u.t.SubmittedApplicationsPageTest - Marking 'Taip' radio button 7
2025-03-12 07:44:11 [main] ERROR l.i.u.p.SubmittedApplicationsPage - Error selecting radio button: Expected condition failed: waiting for element to be clickable: By.xpath: (//input[@type='radio' and @value='true'])[15] (tried for 10 second(s) with 500 milliseconds interval)
Build info: version: '4.27.0', revision: 'd6e718d134'
System info: os.name: 'Windows 11', os.arch: 'amd64', os.version: '10.0', java.version: '21.0.3'
Driver info: org.openqa.selenium.chrome.ChromeDriver
Capabilities {acceptInsecureCerts: false, browserName: chrome, browserVersion: 134.0.6998.88, chrome: {chromedriverVersion: 134.0.6998.88 (7e3d5c978c6d..., userDataDir: C:\Users\INGRID~1.ZAD\AppDa...}, fedcm:accounts: true, goog:chromeOptions: {debuggerAddress: localhost:51808}, networkConnectionEnabled: false, pageLoadStrategy: normal, platformName: windows, proxy: Proxy(), se:cdp: ws://localhost:51808/devtoo..., se:cdpVersion: 134.0.6998.88, setWindowRect: true, strictFileInteractability: false, timeouts: {implicit: 0, pageLoad: 300000, script: 30000}, unhandledPromptBehavior: dismiss and notify, webauthn:extension:credBlob: true, webauthn:extension:largeBlob: true, webauthn:extension:minPinLength: true, webauthn:extension:prf: true, webauthn:virtualAuthenticators: true}
Session ID: f36136a155564dceeb3404814892f36a
2025-03-12 07:44:11 [main] INFO  l.i.u.t.SubmittedApplicationsPageTest - Marking 'Taip' radio button 8
2025-03-12 07:44:22 [main] ERROR l.i.u.p.SubmittedApplicationsPage - Error selecting radio button: Expected condition failed: waiting for element to be clickable: By.xpath: (//input[@type='radio' and @value='true'])[16] (tried for 10 second(s) with 500 milliseconds interval)
Build info: version: '4.27.0', revision: 'd6e718d134'
System info: os.name: 'Windows 11', os.arch: 'amd64', os.version: '10.0', java.version: '21.0.3'
Driver info: org.openqa.selenium.chrome.ChromeDriver
Capabilities {acceptInsecureCerts: false, browserName: chrome, browserVersion: 134.0.6998.88, chrome: {chromedriverVersion: 134.0.6998.88 (7e3d5c978c6d..., userDataDir: C:\Users\INGRID~1.ZAD\AppDa...}, fedcm:accounts: true, goog:chromeOptions: {debuggerAddress: localhost:51808}, networkConnectionEnabled: false, pageLoadStrategy: normal, platformName: windows, proxy: Proxy(), se:cdp: ws://localhost:51808/devtoo..., se:cdpVersion: 134.0.6998.88, setWindowRect: true, strictFileInteractability: false, timeouts: {implicit: 0, pageLoad: 300000, script: 30000}, unhandledPromptBehavior: dismiss and notify, webauthn:extension:credBlob: true, webauthn:extension:largeBlob: true, webauthn:extension:minPinLength: true, webauthn:extension:prf: true, webauthn:virtualAuthenticators: true}
Session ID: f36136a155564dceeb3404814892f36a
2025-03-12 07:44:22 [main] INFO  l.i.u.t.SubmittedApplicationsPageTest - Marking 'Taip' radio button 9
2025-03-12 07:44:32 [main] ERROR l.i.u.p.SubmittedApplicationsPage - Error selecting radio button: Expected condition failed: waiting for element to be clickable: By.xpath: (//input[@type='radio' and @value='true'])[17] (tried for 10 second(s) with 500 milliseconds interval)
Build info: version: '4.27.0', revision: 'd6e718d134'
System info: os.name: 'Windows 11', os.arch: 'amd64', os.version: '10.0', java.version: '21.0.3'
Driver info: org.openqa.selenium.chrome.ChromeDriver
Capabilities {acceptInsecureCerts: false, browserName: chrome, browserVersion: 134.0.6998.88, chrome: {chromedriverVersion: 134.0.6998.88 (7e3d5c978c6d..., userDataDir: C:\Users\INGRID~1.ZAD\AppDa...}, fedcm:accounts: true, goog:chromeOptions: {debuggerAddress: localhost:51808}, networkConnectionEnabled: false, pageLoadStrategy: normal, platformName: windows, proxy: Proxy(), se:cdp: ws://localhost:51808/devtoo..., se:cdpVersion: 134.0.6998.88, setWindowRect: true, strictFileInteractability: false, timeouts: {implicit: 0, pageLoad: 300000, script: 30000}, unhandledPromptBehavior: dismiss and notify, webauthn:extension:credBlob: true, webauthn:extension:largeBlob: true, webauthn:extension:minPinLength: true, webauthn:extension:prf: true, webauthn:virtualAuthenticators: true}
Session ID: f36136a155564dceeb3404814892f36a
2025-03-12 07:44:32 [main] INFO  l.i.u.t.SubmittedApplicationsPageTest - Marking 'Taip' radio button 10
2025-03-12 07:44:42 [main] ERROR l.i.u.p.SubmittedApplicationsPage - Error selecting radio button: Expected condition failed: waiting for element to be clickable: By.xpath: (//input[@type='radio' and @value='true'])[18] (tried for 10 second(s) with 500 milliseconds interval)
Build info: version: '4.27.0', revision: 'd6e718d134'
System info: os.name: 'Windows 11', os.arch: 'amd64', os.version: '10.0', java.version: '21.0.3'
Driver info: org.openqa.selenium.chrome.ChromeDriver
Capabilities {acceptInsecureCerts: false, browserName: chrome, browserVersion: 134.0.6998.88, chrome: {chromedriverVersion: 134.0.6998.88 (7e3d5c978c6d..., userDataDir: C:\Users\INGRID~1.ZAD\AppDa...}, fedcm:accounts: true, goog:chromeOptions: {debuggerAddress: localhost:51808}, networkConnectionEnabled: false, pageLoadStrategy: normal, platformName: windows, proxy: Proxy(), se:cdp: ws://localhost:51808/devtoo..., se:cdpVersion: 134.0.6998.88, setWindowRect: true, strictFileInteractability: false, timeouts: {implicit: 0, pageLoad: 300000, script: 30000}, unhandledPromptBehavior: dismiss and notify, webauthn:extension:credBlob: true, webauthn:extension:largeBlob: true, webauthn:extension:minPinLength: true, webauthn:extension:prf: true, webauthn:virtualAuthenticators: true}
Session ID: f36136a155564dceeb3404814892f36a
2025-03-12 07:44:43 [main] INFO  l.i.u.t.SubmittedApplicationsPageTest - Marking 'Taip' radio button 11
2025-03-12 07:44:53 [main] ERROR l.i.u.p.SubmittedApplicationsPage - Error selecting radio button: Expected condition failed: waiting for element to be clickable: By.xpath: (//input[@type='radio' and @value='true'])[19] (tried for 10 second(s) with 500 milliseconds interval)
Build info: version: '4.27.0', revision: 'd6e718d134'
System info: os.name: 'Windows 11', os.arch: 'amd64', os.version: '10.0', java.version: '21.0.3'
Driver info: org.openqa.selenium.chrome.ChromeDriver
Capabilities {acceptInsecureCerts: false, browserName: chrome, browserVersion: 134.0.6998.88, chrome: {chromedriverVersion: 134.0.6998.88 (7e3d5c978c6d..., userDataDir: C:\Users\INGRID~1.ZAD\AppDa...}, fedcm:accounts: true, goog:chromeOptions: {debuggerAddress: localhost:51808}, networkConnectionEnabled: false, pageLoadStrategy: normal, platformName: windows, proxy: Proxy(), se:cdp: ws://localhost:51808/devtoo..., se:cdpVersion: 134.0.6998.88, setWindowRect: true, strictFileInteractability: false, timeouts: {implicit: 0, pageLoad: 300000, script: 30000}, unhandledPromptBehavior: dismiss and notify, webauthn:extension:credBlob: true, webauthn:extension:largeBlob: true, webauthn:extension:minPinLength: true, webauthn:extension:prf: true, webauthn:virtualAuthenticators: true}
Session ID: f36136a155564dceeb3404814892f36a
2025-03-12 07:44:53 [main] INFO  l.i.u.t.SubmittedApplicationsPageTest - Marking 'Taip' radio button 12
2025-03-12 07:45:04 [main] DEBUG l.i.u.t.SubmittedApplicationsPageTest - Checked 'ConfirmationStepFour'
2025-03-12 07:45:04 [main] DEBUG l.i.u.t.SubmittedApplicationsPageTest - Clicked 'Next' button after checkboxes.
2025-03-12 07:45:04 [main] INFO  l.i.u.p.SubmittedApplicationsPage - File uploaded successfully to an input element.
2025-03-12 07:45:04 [main] INFO  l.i.u.p.SubmittedApplicationsPage - File uploaded successfully to an input element.
2025-03-12 07:45:04 [main] INFO  l.i.u.p.SubmittedApplicationsPage - File uploaded successfully to an input element.
2025-03-12 07:45:04 [main] INFO  l.i.u.p.SubmittedApplicationsPage - File uploaded successfully to an input element.
2025-03-12 07:45:04 [main] INFO  l.i.u.p.SubmittedApplicationsPage - File uploaded successfully to an input element.
2025-03-12 07:45:04 [main] INFO  l.i.u.p.SubmittedApplicationsPage - File uploaded successfully to an input element.
2025-03-12 07:45:04 [main] INFO  l.i.u.p.SubmittedApplicationsPage - File uploaded successfully to an input element.
2025-03-12 07:45:04 [main] INFO  l.i.u.p.SubmittedApplicationsPage - File uploaded successfully to an input element.
2025-03-12 07:45:14 [main] DEBUG l.i.u.t.SubmittedApplicationsPageTest - Checked 'ConfirmationDocument'
2025-03-12 07:45:24 [main] DEBUG l.i.u.t.SubmittedApplicationsPageTest - Checked 'ConfirmationApplication'
2025-03-12 07:45:25 [main] DEBUG l.i.u.t.SubmittedApplicationsPageTest - Entered program name: 'Dokumentas 1'.
2025-03-12 07:45:25 [main] DEBUG l.i.u.t.SubmittedApplicationsPageTest - Entered program name: 'Dokumentas 2'.
2025-03-12 07:45:25 [main] DEBUG l.i.u.t.SubmittedApplicationsPageTest - Entered program name: 'Dokumentas 3'.
2025-03-12 07:45:25 [main] DEBUG l.i.u.t.SubmittedApplicationsPageTest - Entered program name: 'Dokumentas 4'.
2025-03-12 07:45:25 [main] DEBUG l.i.u.t.SubmittedApplicationsPageTest - Entered program name: 'Dokumentas 5'.
2025-03-12 07:45:25 [main] DEBUG l.i.u.t.SubmittedApplicationsPageTest - Entered program name: 'Dokumentas 6'.
2025-03-12 07:45:26 [main] DEBUG l.i.u.t.SubmittedApplicationsPageTest - Entered program name: 'Dokumentas 4'.
2025-03-12 07:45:26 [main] DEBUG l.i.u.t.SubmittedApplicationsPageTest - Entered program name: 'Dokumentas 8'.
2025-03-12 07:45:26 [main] DEBUG l.i.u.t.SubmittedApplicationsPageTest - Clicked 'Review' button after checkboxes.
2025-03-12 07:45:26 [main] DEBUG l.i.u.t.SubmittedApplicationsPageTest - Clicked 'SaveDraft' button after checkboxes.
2025-03-12 07:45:27 [main] DEBUG l.i.uztis.pages.ApplicationFormsPage - Verified success message: 'Ruošinys sėkmingai išsaugotas.'
2025-03-12 07:45:27 [main] DEBUG l.i.u.t.SubmittedApplicationsPageTest - Clicked 'Submit' button after checkboxes.
2025-03-12 07:45:27 [main] DEBUG l.i.u.t.SubmittedApplicationsPageTest - Clicked 'SubmitConfirmation' button after checkboxes.
2025-03-12 07:45:27 [main] ERROR l.i.uztis.pages.ApplicationFormsPage - Failed to verify the success message: 'Paraiška sėkmingai pateikta ir užregistruota.'. Available messages: [Ruošinys sėkmingai išsaugotas.]
2025-03-12 07:45:27 [main] INFO  l.i.u.t.SubmittedApplicationsPageTest - Verified success message
2025-03-12 07:45:27 [main] INFO  l.i.u.t.SubmittedApplicationsPageTest - Test 'testFillNewDVPApplicationFA' completed successfully.
2025-03-12 07:56:36 [main] INFO  lt.insoft.uztis.tests.UztisPageTest - Navigated to https://uztisdev.asseco.lt/home
2025-03-12 07:56:37 [main] INFO  l.i.u.t.SubmittedApplicationsPageTest - Starting test:'testFillNewDVPApplicationFA'
2025-03-12 07:56:37 [main] DEBUG l.i.u.t.SubmittedApplicationsPageTest - User logged in with test credentials.
2025-03-12 07:56:37 [main] DEBUG l.i.u.t.SubmittedApplicationsPageTest - Opened 'Application Processing' menu.
2025-03-12 07:56:37 [main] DEBUG l.i.u.t.SubmittedApplicationsPageTest - Clicked on 'Application Forms' menu.
2025-03-12 07:56:38 [main] DEBUG l.i.u.t.SubmittedApplicationsPageTest - Retrieved last description code text: 'TST-DVP-22'.
2025-03-12 07:56:38 [main] DEBUG l.i.u.t.SubmittedApplicationsPageTest - Clicked on 'Invitation' menu.
2025-03-12 07:56:39 [main] DEBUG l.i.u.t.SubmittedApplicationsPageTest - Selected application section by code: 'TST-DVP-22'.
2025-03-12 07:56:39 [main] DEBUG l.i.u.t.SubmittedApplicationsPageTest - Clicked 'Search' button.
2025-03-12 07:56:39 [main] DEBUG l.i.u.t.SubmittedApplicationsPageTest - Retrieved invitation code: ''.
2025-03-12 07:56:39 [main] DEBUG l.i.u.t.SubmittedApplicationsPageTest - Clicked on 'Submitted Applications' menu.
2025-03-12 07:56:40 [main] DEBUG l.i.u.t.SubmittedApplicationsPageTest - Selected invitation by code: 'TST-DVP-22'.
2025-03-12 07:56:40 [main] DEBUG l.i.u.t.SubmittedApplicationsPageTest - Invitation code inserted.
2025-03-12 07:56:40 [main] DEBUG l.i.u.t.SubmittedApplicationsPageTest - Clicked on 'Action Application' button.
2025-03-12 07:56:40 [main] DEBUG l.i.u.t.SubmittedApplicationsPageTest - Clicked on 'New Application' button.
2025-03-12 07:56:41 [main] DEBUG l.i.u.t.SubmittedApplicationsPageTest - Selected the 'RadioButtonFA' option.
2025-03-12 07:56:41 [main] DEBUG l.i.u.t.SubmittedApplicationsPageTest - Entered phone number: '61298745'.
2025-03-12 07:56:41 [main] DEBUG l.i.u.t.SubmittedApplicationsPageTest - Entered email: 'test@autotest.com'.
2025-03-12 07:56:41 [main] DEBUG l.i.u.t.SubmittedApplicationsPageTest - Checked 'For workplace adaptation' checkbox 1.
2025-03-12 07:56:41 [main] DEBUG l.i.u.t.SubmittedApplicationsPageTest - Checked 'For environmental adaptation' checkbox 2.
2025-03-12 07:56:41 [main] INFO  l.i.u.p.SubmittedApplicationsPage - Located the dropdown button.
2025-03-12 07:57:01 [main] INFO  l.i.u.p.SubmittedApplicationsPage - Found 1741 options in the dropdown.
2025-03-12 07:57:01 [main] INFO  l.i.u.p.SubmittedApplicationsPage - Successfully selected the value: '01.11 - Grūdinių (išskyrus ryžius), ankštinių ir aliejingų sėklų augalų auginimas'
2025-03-12 07:57:12 [main] ERROR l.i.u.p.SubmittedApplicationsPage - Failed to close the dropdown with aria-expanded = 'false'. Attempting manual close.
2025-03-12 07:57:12 [main] INFO  l.i.u.p.SubmittedApplicationsPage - Manual close attempt for the dropdown using body click.
2025-03-12 07:57:12 [main] DEBUG l.i.u.t.SubmittedApplicationsPageTest - Selected EVRK value: '01.11 - Grūdinių (išskyrus ryžius), ankštinių ir aliejingų sėklų augalų auginimas'.
2025-03-12 07:57:12 [main] DEBUG l.i.u.t.SubmittedApplicationsPageTest - Clicked on 'Address Component' button.
2025-03-12 07:57:12 [main] INFO  l.i.u.p.SubmittedApplicationsPage - Located the dropdown button.
2025-03-12 07:57:15 [main] INFO  l.i.u.p.SubmittedApplicationsPage - Successfully selected the value: 'Lietuva'
2025-03-12 07:57:15 [main] DEBUG l.i.u.t.SubmittedApplicationsPageTest - Selected country: 'Lietuva'.
2025-03-12 07:57:15 [main] INFO  l.i.u.p.SubmittedApplicationsPage - Located the dropdown search field.
2025-03-12 07:57:15 [main] INFO  l.i.u.p.SubmittedApplicationsPage - Dropdown city is opened.
2025-03-12 07:57:15 [main] INFO  l.i.u.p.SubmittedApplicationsPage - Searched for value: 'Vilnius'
2025-03-12 07:57:16 [main] INFO  l.i.u.p.SubmittedApplicationsPage - Successfully selected: 'Vilnius'
2025-03-12 07:57:16 [main] INFO  l.i.u.p.SubmittedApplicationsPage - Located the dropdown button.
2025-03-12 07:57:16 [main] INFO  l.i.u.p.SubmittedApplicationsPage - Successfully selected the value: 'A. Domaševičiaus g.'
2025-03-12 07:57:16 [main] DEBUG l.i.u.t.SubmittedApplicationsPageTest - Selected street: 'A. Domaševičiaus g.'.
2025-03-12 07:57:16 [main] INFO  l.i.u.p.SubmittedApplicationsPage - Located the dropdown button.
2025-03-12 07:57:17 [main] INFO  l.i.u.p.SubmittedApplicationsPage - Successfully selected the value: '1'
2025-03-12 07:57:17 [main] DEBUG l.i.u.t.SubmittedApplicationsPageTest - Selected house: '1'.
2025-03-12 07:57:17 [main] INFO  l.i.u.p.SubmittedApplicationsPage - Located the dropdown button.
2025-03-12 07:57:17 [main] INFO  l.i.u.p.SubmittedApplicationsPage - Successfully selected the value: '1'
2025-03-12 07:57:17 [main] DEBUG l.i.u.t.SubmittedApplicationsPageTest - Selected apartment: '1'.
2025-03-12 07:57:17 [main] DEBUG l.i.u.t.SubmittedApplicationsPageTest - Clicked 'Confirm' button.
2025-03-12 07:57:17 [main] DEBUG l.i.u.t.SubmittedApplicationsPageTest - Selected 'For already working' option.
2025-03-12 07:57:17 [main] DEBUG l.i.u.t.SubmittedApplicationsPageTest - Selected 'For new working' option.
2025-03-12 07:57:17 [main] DEBUG l.i.u.t.SubmittedApplicationsPageTest - Entered person count2: '1'.
2025-03-12 07:57:18 [main] DEBUG l.i.u.t.SubmittedApplicationsPageTest - Clicked 'Next' button after checkboxes.
2025-03-12 07:57:18 [main] INFO  l.i.u.p.SubmittedApplicationsPage - Located the dropdown button.
2025-03-12 07:57:19 [main] INFO  l.i.u.p.SubmittedApplicationsPage - Successfully selected the value: 'Administratoriai'
2025-03-12 07:57:19 [main] DEBUG l.i.u.t.SubmittedApplicationsPageTest - Selected adaptable job name: 'Administratoriai'.
2025-03-12 07:57:19 [main] DEBUG l.i.u.t.SubmittedApplicationsPageTest - Entered job date.
2025-03-12 07:57:19 [main] DEBUG l.i.u.t.SubmittedApplicationsPageTest - Entered job function: 'Funkcija 1'.
2025-03-12 07:57:19 [main] DEBUG l.i.u.t.SubmittedApplicationsPageTest - Selected 'For already working' 'no' option.
2025-03-12 07:57:19 [main] INFO  l.i.u.p.SubmittedApplicationsPage - Clicking on the dropdown button.
2025-03-12 07:57:20 [main] INFO  l.i.u.p.SubmittedApplicationsPage - Found 6 options in the dropdown.
2025-03-12 07:57:20 [main] DEBUG l.i.u.p.SubmittedApplicationsPage - Checking option: 'Lengvo neįgalumo lygis ar 45-55 procentų dalyvumo lygis (iki 2023 m. gruodžio 31 d. – 45-55 procentų darbingumo lygis)'
2025-03-12 07:57:20 [main] INFO  l.i.u.p.SubmittedApplicationsPage - Successfully selected the value: 'Lengvo neįgalumo lygis ar 45-55 procentų dalyvumo lygis (iki 2023 m. gruodžio 31 d. – 45-55 procentų darbingumo lygis)'
2025-03-12 07:57:20 [main] INFO  l.i.u.p.SubmittedApplicationsPage - Attempting to close the dropdown.
2025-03-12 07:57:21 [main] DEBUG l.i.u.t.SubmittedApplicationsPageTest - Selected disabilities type: 'Lengvo neįgalumo lygis ar 45-55 procentų dalyvumo lygis (iki 2023 m. gruodžio 31 d. – 45-55 procentų darbingumo lygis)'.
2025-03-12 07:57:21 [main] DEBUG l.i.u.t.SubmittedApplicationsPageTest - Entered disability information: 'Negalia 1'.
2025-03-12 07:57:21 [main] DEBUG l.i.u.t.SubmittedApplicationsPageTest - Entered qualification: 'Kvalifikacija 1'.
2025-03-12 07:57:21 [main] DEBUG l.i.u.t.SubmittedApplicationsPageTest - Entered job description: 'Darbo vietos aprašymas 1'.
2025-03-12 07:57:22 [main] DEBUG l.i.u.t.SubmittedApplicationsPageTest - Entered equipment description: 'Priemonių įsigyjimas 1'.
2025-03-12 07:57:22 [main] DEBUG l.i.u.t.SubmittedApplicationsPageTest - Entered work information: 'Darbai 1'.
2025-03-12 07:57:22 [main] INFO  l.i.u.p.SubmittedApplicationsPage - Located the dropdown button.
2025-03-12 07:57:22 [main] INFO  l.i.u.p.SubmittedApplicationsPage - Successfully selected the value: 'Kita'
2025-03-12 07:57:22 [main] DEBUG l.i.u.t.SubmittedApplicationsPageTest - Selected time mode: 'Kita'.
2025-03-12 07:57:23 [main] DEBUG l.i.u.t.SubmittedApplicationsPageTest - Selected time mode other: '6 val. per dieną ir 4 d. per savaitę'.
2025-03-12 07:57:23 [main] DEBUG l.i.u.t.SubmittedApplicationsPageTest - Entered salary amount: '1200'.
2025-03-12 07:57:23 [main] DEBUG l.i.u.t.SubmittedApplicationsPageTest - Selected 'Temporary Job' radio button.
2025-03-12 07:57:23 [main] DEBUG l.i.u.t.SubmittedApplicationsPageTest - Selected 'Season Job' radio button.
2025-03-12 07:57:23 [main] DEBUG l.i.u.t.SubmittedApplicationsPageTest - Selected 'PVM' radio button.
2025-03-12 07:57:23 [main] INFO  l.i.u.p.SubmittedApplicationsPage - Located the dropdown button.
2025-03-12 07:57:24 [main] INFO  l.i.u.p.SubmittedApplicationsPage - Successfully selected the value: 'Darbo vietos pritaikymui'
2025-03-12 07:57:54 [main] ERROR l.i.u.p.SubmittedApplicationsPage - Timeout while waiting for dropdown to close with aria-expanded = 'false'.
2025-03-12 07:57:54 [main] DEBUG l.i.u.t.SubmittedApplicationsPageTest - Selected adaptable job name: 'Darbo vietos pritaikymui'.
2025-03-12 07:57:54 [main] DEBUG l.i.u.p.SubmittedApplicationsPage - Located and clicked the dropdown button 'Reikalinga'.
2025-03-12 07:57:54 [main] INFO  l.i.u.p.SubmittedApplicationsPage - Successfully selected the value: 'Įsigyti'
2025-03-12 07:57:54 [main] DEBUG l.i.u.t.SubmittedApplicationsPageTest - Selected necessary for job: 'Įsigyti'.
2025-03-12 07:57:54 [main] DEBUG l.i.u.t.SubmittedApplicationsPageTest - Selected tool: 'Darbo priemonė 1'.
2025-03-12 07:57:54 [main] DEBUG l.i.u.t.SubmittedApplicationsPageTest - Selected tool parameter one: 'Darbo priemonės 1 parametras 1'.
2025-03-12 07:57:55 [main] DEBUG l.i.u.t.SubmittedApplicationsPageTest - Selected tool parameter two: 'Darbo priemonės 1 parametras 2'.
2025-03-12 07:57:55 [main] DEBUG l.i.u.t.SubmittedApplicationsPageTest - Selected tool parameter three: 'Darbo priemonės 1 parametras 3'.
2025-03-12 07:57:55 [main] DEBUG l.i.u.t.SubmittedApplicationsPageTest - Entered tool count: '1'.
2025-03-12 07:57:55 [main] DEBUG l.i.u.t.SubmittedApplicationsPageTest - Entered price amount: '1000'.
2025-03-12 07:57:55 [main] DEBUG l.i.u.t.SubmittedApplicationsPageTest - Entered own funds amount: '800'.
2025-03-12 07:57:55 [main] DEBUG l.i.u.t.SubmittedApplicationsPageTest - Clicked 'Add' button.
2025-03-12 07:57:55 [main] INFO  l.i.u.p.SubmittedApplicationsPage - Located the dropdown button.
2025-03-12 07:57:56 [main] INFO  l.i.u.p.SubmittedApplicationsPage - Successfully selected the value: 'Aplinkos pritaikymui'
2025-03-12 07:58:26 [main] ERROR l.i.u.p.SubmittedApplicationsPage - Timeout while waiting for dropdown to close with aria-expanded = 'false'.
2025-03-12 07:58:26 [main] DEBUG l.i.u.t.SubmittedApplicationsPageTest - Selected adaptable job name: 'Aplinkos pritaikymui'.
2025-03-12 07:58:26 [main] DEBUG l.i.u.p.SubmittedApplicationsPage - Located and clicked the dropdown button 'Reikalinga'.
2025-03-12 07:58:26 [main] INFO  l.i.u.p.SubmittedApplicationsPage - Successfully selected the value: 'Remontuoti'
2025-03-12 07:58:37 [main] DEBUG l.i.u.t.SubmittedApplicationsPageTest - Selected necessary for job: 'Remontuoti'.
2025-03-12 07:58:37 [main] DEBUG l.i.u.t.SubmittedApplicationsPageTest - Selected tool: 'Darbo priemonė 2 remontui'.
2025-03-12 07:58:37 [main] DEBUG l.i.u.t.SubmittedApplicationsPageTest - Entered tool count: '2'.
2025-03-12 07:58:38 [main] DEBUG l.i.u.t.SubmittedApplicationsPageTest - Entered price amount: '1000'.
2025-03-12 07:58:38 [main] DEBUG l.i.u.t.SubmittedApplicationsPageTest - Entered own funds amount: '900'.
2025-03-12 07:58:38 [main] DEBUG l.i.u.t.SubmittedApplicationsPageTest - Selected 'De Minimis' radio button.
2025-03-12 07:58:38 [main] DEBUG l.i.u.t.SubmittedApplicationsPageTest - Entered program name: 'Programa 1'.
2025-03-12 07:58:38 [main] DEBUG l.i.u.t.SubmittedApplicationsPageTest - Entered project date from.
2025-03-12 07:58:38 [main] DEBUG l.i.u.t.SubmittedApplicationsPageTest - Entered project date until.
2025-03-12 07:58:39 [main] DEBUG l.i.u.t.SubmittedApplicationsPageTest - Entered support amount: '2000'.
2025-03-12 07:58:39 [main] DEBUG l.i.u.t.SubmittedApplicationsPageTest - Clicked 'Next' button.
2025-03-12 09:56:45 [main] INFO  lt.insoft.uztis.tests.UztisPageTest - Navigated to https://uztisdev.asseco.lt/home
2025-03-12 09:56:45 [main] INFO  l.i.u.t.SubmittedApplicationsPageTest - Starting test:'testFillNewVUIPApplicationFA'
2025-03-12 09:56:45 [main] DEBUG l.i.u.t.SubmittedApplicationsPageTest - User logged in with test credentials.
2025-03-12 09:56:45 [main] DEBUG l.i.u.t.SubmittedApplicationsPageTest - Opened 'Application Processing' menu.
2025-03-12 09:56:45 [main] DEBUG l.i.u.t.SubmittedApplicationsPageTest - Clicked on 'Application Forms' menu.
2025-03-12 09:56:46 [main] DEBUG l.i.u.t.SubmittedApplicationsPageTest - Retrieved last description code text: 'TST-VUI-52'.
2025-03-12 09:56:46 [main] DEBUG l.i.u.t.SubmittedApplicationsPageTest - Clicked on 'Invitation' menu.
2025-03-12 09:56:47 [main] DEBUG l.i.u.t.SubmittedApplicationsPageTest - Selected application section by code: 'TST-VUI-52'.
2025-03-12 09:56:47 [main] DEBUG l.i.u.t.SubmittedApplicationsPageTest - Clicked 'Search' button.
2025-03-12 09:56:47 [main] DEBUG l.i.u.t.SubmittedApplicationsPageTest - Retrieved invitation code: ''.
2025-03-12 09:56:47 [main] DEBUG l.i.u.t.SubmittedApplicationsPageTest - Clicked on 'Submitted Applications' menu.
2025-03-12 09:56:49 [main] DEBUG l.i.u.t.SubmittedApplicationsPageTest - Selected invitation by code: 'TST-VUI-52'.
2025-03-12 09:56:49 [main] DEBUG l.i.u.t.SubmittedApplicationsPageTest - Invitation code inserted.
2025-03-12 09:56:49 [main] DEBUG l.i.u.t.SubmittedApplicationsPageTest - Clicked on 'Action Application' button.
2025-03-12 09:56:49 [main] DEBUG l.i.u.t.SubmittedApplicationsPageTest - Clicked on 'New Application' button.
2025-03-12 09:56:49 [main] DEBUG l.i.u.t.SubmittedApplicationsPageTest - Selected the 'RadioButtonFA' option.
2025-03-12 09:56:50 [main] DEBUG l.i.u.t.SubmittedApplicationsPageTest - Entered phone number: '61298745'.
2025-03-12 09:56:50 [main] DEBUG l.i.u.t.SubmittedApplicationsPageTest - Entered email: 'test@autotest.com'.
2025-03-12 09:56:50 [main] INFO  l.i.u.p.SubmittedApplicationsPage - Clicking on the dropdown button.
2025-03-12 09:57:05 [main] INFO  l.i.u.p.SubmittedApplicationsPage - Found 1741 options in the dropdown.
2025-03-12 09:57:05 [main] DEBUG l.i.u.p.SubmittedApplicationsPage - Checking option: ''
2025-03-12 09:57:05 [main] DEBUG l.i.u.p.SubmittedApplicationsPage - Checking option: '01.11 - Grūdinių (išskyrus ryžius), ankštinių ir aliejingų sėklų augalų auginimas'
2025-03-12 09:57:05 [main] INFO  l.i.u.p.SubmittedApplicationsPage - Successfully selected the value: '01.11 - Grūdinių (išskyrus ryžius), ankštinių ir aliejingų sėklų augalų auginimas'
2025-03-12 09:57:05 [main] INFO  l.i.u.p.SubmittedApplicationsPage - Attempting to close the dropdown.
2025-03-12 09:57:06 [main] DEBUG l.i.u.t.SubmittedApplicationsPageTest - Selected EVRK value: '01.11 - Grūdinių (išskyrus ryžius), ankštinių ir aliejingų sėklų augalų auginimas'.
2025-03-12 09:57:06 [main] DEBUG l.i.u.t.SubmittedApplicationsPageTest - Clicked on 'Address Component' button.
2025-03-12 09:57:06 [main] INFO  l.i.u.p.SubmittedApplicationsPage - Located the dropdown button.
2025-03-12 09:57:10 [main] INFO  l.i.u.p.SubmittedApplicationsPage - Successfully selected the value: 'Lietuva'
2025-03-12 09:57:10 [main] DEBUG l.i.u.t.SubmittedApplicationsPageTest - Selected country: 'Lietuva'.
2025-03-12 09:57:10 [main] INFO  l.i.u.p.SubmittedApplicationsPage - Located the dropdown search field.
2025-03-12 09:57:10 [main] INFO  l.i.u.p.SubmittedApplicationsPage - Dropdown city is opened.
2025-03-12 09:57:10 [main] INFO  l.i.u.p.SubmittedApplicationsPage - Searched for value: 'Vilnius'
2025-03-12 09:57:11 [main] INFO  l.i.u.p.SubmittedApplicationsPage - Successfully selected: 'Vilnius'
2025-03-12 09:57:11 [main] INFO  l.i.u.p.SubmittedApplicationsPage - Located the dropdown button.
2025-03-12 09:57:12 [main] INFO  l.i.u.p.SubmittedApplicationsPage - Successfully selected the value: 'A. Domaševičiaus g.'
2025-03-12 09:57:12 [main] DEBUG l.i.u.t.SubmittedApplicationsPageTest - Selected street: 'A. Domaševičiaus g.'.
2025-03-12 09:57:12 [main] INFO  l.i.u.p.SubmittedApplicationsPage - Located the dropdown button.
2025-03-12 09:57:12 [main] INFO  l.i.u.p.SubmittedApplicationsPage - Successfully selected the value: '1'
2025-03-12 09:57:12 [main] DEBUG l.i.u.t.SubmittedApplicationsPageTest - Selected house: '1'.
2025-03-12 09:57:12 [main] INFO  l.i.u.p.SubmittedApplicationsPage - Located the dropdown button.
2025-03-12 09:57:12 [main] INFO  l.i.u.p.SubmittedApplicationsPage - Successfully selected the value: '1'
2025-03-12 09:57:12 [main] DEBUG l.i.u.t.SubmittedApplicationsPageTest - Selected apartment: '1'.
2025-03-12 09:57:13 [main] DEBUG l.i.u.t.SubmittedApplicationsPageTest - Clicked 'Confirm' button.
2025-03-12 09:57:13 [main] DEBUG l.i.u.t.SubmittedApplicationsPageTest - Entered project date.
2025-03-12 09:57:13 [main] DEBUG l.i.u.t.SubmittedApplicationsPageTest - Entered job count: '1'.
2025-03-12 09:57:13 [main] DEBUG l.i.u.t.SubmittedApplicationsPageTest - Clicked 'Next' button.
2025-03-12 09:57:13 [main] INFO  l.i.u.p.SubmittedApplicationsPage - Located the dropdown button.
2025-03-12 09:57:14 [main] INFO  l.i.u.p.SubmittedApplicationsPage - Successfully selected the value: 'Administratoriai'
2025-03-12 09:57:14 [main] DEBUG l.i.u.t.SubmittedApplicationsPageTest - Selected job name: 'Administratoriai'.
2025-03-12 09:57:14 [main] DEBUG l.i.u.t.SubmittedApplicationsPageTest - Entered job function: 'Funkcija 1'.
2025-03-12 09:57:14 [main] DEBUG l.i.u.t.SubmittedApplicationsPageTest - Selected 'RadioButtonWithDisabilities' option.
2025-03-12 09:57:14 [main] INFO  l.i.u.p.SubmittedApplicationsPage - Clicking on the dropdown button.
2025-03-12 09:57:15 [main] INFO  l.i.u.p.SubmittedApplicationsPage - Found 34 options in the dropdown.
2025-03-12 09:57:15 [main] DEBUG l.i.u.p.SubmittedApplicationsPage - Checking option: 'Asmenys, kuriems suteiktas pabėgėlio statusas ar perkeliamojo asmens statusas, arba asmenys, kuriems suteikta papildoma ar laikinoji apsauga, ir asmenys, turintys teisę gauti laikinąją apsaugą, iki sprendimo dėl laikinosios apsaugos suteikimo (nesuteikimo) priėmimo, tačiau ne ilgiau kaip laikinosios apsaugos laikotarpiu'
2025-03-12 09:57:15 [main] DEBUG l.i.u.p.SubmittedApplicationsPage - Checking option: 'Asmenys, kuriems suteiktas pabėgėlio statusas ar perkeliamojo asmens statusas, arba asmenys, kuriems suteikta papildoma ar laikinoji apsauga, ir asmenys, turintys teisę gauti laikinąją apsaugą, iki sprendimo dėl laikinosios apsaugos suteikimo (nesuteikimo) priėmimo, tačiau ne ilgiau kaip laikinosios apsaugos laikotarpiu'
2025-03-12 09:57:15 [main] DEBUG l.i.u.p.SubmittedApplicationsPage - Checking option: 'Asmenys, turintys teisę į papildomas užimtumo garantijas pagal Lietuvos Respublikos valstybės įmonės Ignalinos atominės elektrinės darbuotojų papildomų užimtumo ir socialinių garantijų įstatymą'
2025-03-12 09:57:15 [main] DEBUG l.i.u.p.SubmittedApplicationsPage - Checking option: 'Asmenys, turintys teisę į papildomas užimtumo garantijas pagal Lietuvos Respublikos valstybės įmonės Ignalinos atominės elektrinės darbuotojų papildomų užimtumo ir socialinių garantijų įstatymą'
2025-03-12 09:57:15 [main] DEBUG l.i.u.p.SubmittedApplicationsPage - Checking option: 'Bedarbiai iki 29 metų'
2025-03-12 09:57:15 [main] DEBUG l.i.u.p.SubmittedApplicationsPage - Checking option: 'Bedarbiai iki 29 metų'
2025-03-12 09:57:15 [main] DEBUG l.i.u.p.SubmittedApplicationsPage - Checking option: 'Bedarbiai, kurie yra darbingo amžiaus neįgalieji, kuriems nustatytas 30–40 procentų darbingumo lygis arba vidutinis neįgalumo lygis'
2025-03-12 09:57:15 [main] DEBUG l.i.u.p.SubmittedApplicationsPage - Checking option: 'Bedarbiai, kurie yra darbingo amžiaus neįgalieji, kuriems nustatytas 30–40 procentų darbingumo lygis arba vidutinis neįgalumo lygis'
2025-03-12 09:57:15 [main] DEBUG l.i.u.p.SubmittedApplicationsPage - Checking option: 'Bedarbiai, kurie yra darbingo amžiaus neįgalieji, kuriems nustatytas 45–55 procentų darbingumo lygis arba lengvas neįgalumo lygis'
2025-03-12 09:57:15 [main] DEBUG l.i.u.p.SubmittedApplicationsPage - Checking option: 'Bedarbiai, kurie yra darbingo amžiaus neįgalieji, kuriems nustatytas 45–55 procentų darbingumo lygis arba lengvas neįgalumo lygis'
2025-03-12 09:57:15 [main] DEBUG l.i.u.p.SubmittedApplicationsPage - Checking option: 'Bedarbiai, kurie yra darbingo amžiaus neįgalieji, kuriems nustatytas iki 25 procentų darbingumo lygis arba sunkus neįgalumo lygis'
2025-03-12 09:57:15 [main] INFO  l.i.u.p.SubmittedApplicationsPage - Successfully selected the value: 'Bedarbiai, kurie yra darbingo amžiaus neįgalieji, kuriems nustatytas iki 25 procentų darbingumo lygis arba sunkus neįgalumo lygis'
2025-03-12 09:57:15 [main] INFO  l.i.u.p.SubmittedApplicationsPage - Attempting to close the dropdown.
2025-03-12 09:57:16 [main] DEBUG l.i.u.t.SubmittedApplicationsPageTest - Selected disabilities type: 'Bedarbiai, kurie yra darbingo amžiaus neįgalieji, kuriems nustatytas iki 25 procentų darbingumo lygis arba sunkus neįgalumo lygis'.
2025-03-12 09:57:16 [main] DEBUG l.i.u.t.SubmittedApplicationsPageTest - Entered disability information: 'Negalia 1'.
2025-03-12 09:57:16 [main] INFO  l.i.u.p.SubmittedApplicationsPage - Located the dropdown button.
2025-03-12 09:57:17 [main] INFO  l.i.u.p.SubmittedApplicationsPage - Successfully selected the value: 'Kita'
2025-03-12 09:57:17 [main] DEBUG l.i.u.t.SubmittedApplicationsPageTest - Selected time mode: 'Kita'.
2025-03-12 09:57:17 [main] DEBUG l.i.u.t.SubmittedApplicationsPageTest - Selected time mode other: '6 val. per dieną ir 4 d. per savaitę'.
2025-03-12 09:57:18 [main] DEBUG l.i.u.t.SubmittedApplicationsPageTest - Entered qualification: 'Kvalifikacija 1'.
2025-03-12 09:57:18 [main] DEBUG l.i.u.t.SubmittedApplicationsPageTest - Entered job date.
2025-03-12 09:57:18 [main] DEBUG l.i.u.t.SubmittedApplicationsPageTest - Entered salary amount: '1200'.
2025-03-12 09:57:18 [main] DEBUG l.i.u.t.SubmittedApplicationsPageTest - Selected 'Temporary Job' radio button.
2025-03-12 09:57:18 [main] DEBUG l.i.u.t.SubmittedApplicationsPageTest - Selected 'Season Job' radio button.
2025-03-12 09:57:19 [main] DEBUG l.i.u.t.SubmittedApplicationsPageTest - Selected 'Energy' radio button.
2025-03-12 09:57:19 [main] DEBUG l.i.u.t.SubmittedApplicationsPageTest - Selected 'Repair' radio button.
2025-03-12 09:57:19 [main] DEBUG l.i.u.t.SubmittedApplicationsPageTest - Entered job description: 'Veikla 1'.
2025-03-12 09:57:19 [main] DEBUG l.i.u.t.SubmittedApplicationsPageTest - Entered process description: 'Procesas 1'.
2025-03-12 09:57:19 [main] DEBUG l.i.u.t.SubmittedApplicationsPageTest - Entered energy information: 'Energija 1'.
2025-03-12 09:57:20 [main] DEBUG l.i.u.t.SubmittedApplicationsPageTest - Entered repair information: 'Remontas 1'.
2025-03-12 09:57:20 [main] DEBUG l.i.u.t.SubmittedApplicationsPageTest - Selected 'PVM' radio button.
2025-03-12 09:57:20 [main] INFO  l.i.u.p.SubmittedApplicationsPage - Located the dropdown button.
2025-03-12 09:57:20 [main] INFO  l.i.u.p.SubmittedApplicationsPage - Successfully selected the value: 'Įsigyti'
2025-03-12 09:57:20 [main] DEBUG l.i.u.t.SubmittedApplicationsPageTest - Selected necessary for job: 'Įsigyti'.
2025-03-12 09:57:20 [main] DEBUG l.i.u.t.SubmittedApplicationsPageTest - Selected tool: 'Darbo priemonė 1'.
2025-03-12 09:57:21 [main] DEBUG l.i.u.t.SubmittedApplicationsPageTest - Selected tool parameter one: 'Darbo priemonės 1 parametras 1'.
2025-03-12 09:57:21 [main] DEBUG l.i.u.t.SubmittedApplicationsPageTest - Selected tool parameter two: 'Darbo priemonės 1 parametras 2'.
2025-03-12 09:57:21 [main] DEBUG l.i.u.t.SubmittedApplicationsPageTest - Selected tool parameter three: 'Darbo priemonės 1 parametras 3'.
2025-03-12 09:57:21 [main] DEBUG l.i.u.t.SubmittedApplicationsPageTest - Entered tool count: '1'.
2025-03-12 09:57:22 [main] DEBUG l.i.u.t.SubmittedApplicationsPageTest - Entered price amount 1: '1000'.
2025-03-12 09:57:22 [main] DEBUG l.i.u.t.SubmittedApplicationsPageTest - Entered own funds amount 1: '800'.
2025-03-12 09:57:22 [main] DEBUG l.i.u.t.SubmittedApplicationsPageTest - Clicked 'Add' button.
2025-03-12 09:57:22 [main] INFO  l.i.u.p.SubmittedApplicationsPage - Located the dropdown button.
2025-03-12 09:57:22 [main] INFO  l.i.u.p.SubmittedApplicationsPage - Successfully selected the value: 'Remontuoti'
2025-03-12 09:57:22 [main] DEBUG l.i.u.t.SubmittedApplicationsPageTest - Selected necessary for job 'to repair': 'Remontuoti'.
2025-03-12 09:57:23 [main] DEBUG l.i.u.t.SubmittedApplicationsPageTest - Selected repair name: 'Remonto pavadinimas 1'.
2025-03-12 09:57:23 [main] DEBUG l.i.u.t.SubmittedApplicationsPageTest - Entered repair information: 'Remonto aprašymas 1'.
2025-03-12 09:57:23 [main] DEBUG l.i.u.t.SubmittedApplicationsPageTest - Entered price amount 2: '1000'.
2025-03-12 09:57:23 [main] DEBUG l.i.u.t.SubmittedApplicationsPageTest - Entered own funds amount 2: '900'.
2025-03-12 09:57:24 [main] DEBUG l.i.u.t.SubmittedApplicationsPageTest - Entered country percentage: '50'.
2025-03-12 09:57:24 [main] DEBUG l.i.u.t.SubmittedApplicationsPageTest - Entered institution percentage: '50'.
2025-03-12 09:57:24 [main] DEBUG l.i.u.t.SubmittedApplicationsPageTest - Entered municipality percentage: '50'.
2025-03-12 09:57:24 [main] DEBUG l.i.u.t.SubmittedApplicationsPageTest - Selected 'De Minimis' radio button.
2025-03-12 09:57:24 [main] DEBUG l.i.u.t.SubmittedApplicationsPageTest - Entered program name: 'Programa 1'.
2025-03-12 09:57:25 [main] DEBUG l.i.u.t.SubmittedApplicationsPageTest - Entered project date from.
2025-03-12 09:57:25 [main] DEBUG l.i.u.t.SubmittedApplicationsPageTest - Entered project date until.
2025-03-12 09:57:25 [main] DEBUG l.i.u.t.SubmittedApplicationsPageTest - Entered support amount: '2000'.
2025-03-12 09:57:25 [main] DEBUG l.i.u.t.SubmittedApplicationsPageTest - Clicked 'Next' button.
2025-03-12 09:57:36 [main] DEBUG l.i.u.t.SubmittedApplicationsPageTest - Checked 'Legal Entities' checkbox 1.
2025-03-12 09:57:46 [main] DEBUG l.i.u.t.SubmittedApplicationsPageTest - Checked 'Legal Entities' checkbox 2.
2025-03-12 09:57:56 [main] DEBUG l.i.u.t.SubmittedApplicationsPageTest - Checked 'Legal Entities' checkbox 3.
2025-03-12 09:57:56 [main] DEBUG l.i.u.t.SubmittedApplicationsPageTest - Test finished: All 'Legal Entities' checkboxes checked successfully.
2025-03-12 09:57:56 [main] DEBUG l.i.u.t.SubmittedApplicationsPageTest - Clicked 'Next' button after checkboxes.
2025-03-12 09:58:06 [main] ERROR l.i.u.p.SubmittedApplicationsPage - Error selecting radio button: Expected condition failed: waiting for element to be clickable: By.xpath: (//input[@type='radio' and @value='false'])[8] (tried for 10 second(s) with 500 milliseconds interval)
Build info: version: '4.27.0', revision: 'd6e718d134'
System info: os.name: 'Windows 11', os.arch: 'amd64', os.version: '10.0', java.version: '21.0.3'
Driver info: org.openqa.selenium.chrome.ChromeDriver
Capabilities {acceptInsecureCerts: false, browserName: chrome, browserVersion: 134.0.6998.88, chrome: {chromedriverVersion: 134.0.6998.88 (7e3d5c978c6d..., userDataDir: C:\Users\INGRID~1.ZAD\AppDa...}, fedcm:accounts: true, goog:chromeOptions: {debuggerAddress: localhost:56547}, networkConnectionEnabled: false, pageLoadStrategy: normal, platformName: windows, proxy: Proxy(), se:cdp: ws://localhost:56547/devtoo..., se:cdpVersion: 134.0.6998.88, setWindowRect: true, strictFileInteractability: false, timeouts: {implicit: 0, pageLoad: 300000, script: 30000}, unhandledPromptBehavior: dismiss and notify, webauthn:extension:credBlob: true, webauthn:extension:largeBlob: true, webauthn:extension:minPinLength: true, webauthn:extension:prf: true, webauthn:virtualAuthenticators: true}
Session ID: 540b9efc7a3dbaf688588ce07d75be07
2025-03-12 09:58:06 [main] INFO  l.i.u.t.SubmittedApplicationsPageTest - Marking 'Ne' radio button 1
2025-03-12 09:58:16 [main] ERROR l.i.u.p.SubmittedApplicationsPage - Error selecting radio button: Expected condition failed: waiting for element to be clickable: By.xpath: (//input[@type='radio' and @value='false'])[9] (tried for 10 second(s) with 500 milliseconds interval)
Build info: version: '4.27.0', revision: 'd6e718d134'
System info: os.name: 'Windows 11', os.arch: 'amd64', os.version: '10.0', java.version: '21.0.3'
Driver info: org.openqa.selenium.chrome.ChromeDriver
Capabilities {acceptInsecureCerts: false, browserName: chrome, browserVersion: 134.0.6998.88, chrome: {chromedriverVersion: 134.0.6998.88 (7e3d5c978c6d..., userDataDir: C:\Users\INGRID~1.ZAD\AppDa...}, fedcm:accounts: true, goog:chromeOptions: {debuggerAddress: localhost:56547}, networkConnectionEnabled: false, pageLoadStrategy: normal, platformName: windows, proxy: Proxy(), se:cdp: ws://localhost:56547/devtoo..., se:cdpVersion: 134.0.6998.88, setWindowRect: true, strictFileInteractability: false, timeouts: {implicit: 0, pageLoad: 300000, script: 30000}, unhandledPromptBehavior: dismiss and notify, webauthn:extension:credBlob: true, webauthn:extension:largeBlob: true, webauthn:extension:minPinLength: true, webauthn:extension:prf: true, webauthn:virtualAuthenticators: true}
Session ID: 540b9efc7a3dbaf688588ce07d75be07
2025-03-12 09:58:16 [main] INFO  l.i.u.t.SubmittedApplicationsPageTest - Marking 'Ne' radio button 2
2025-03-12 09:58:26 [main] ERROR l.i.u.p.SubmittedApplicationsPage - Error selecting radio button: Expected condition failed: waiting for element to be clickable: By.xpath: (//input[@type='radio' and @value='false'])[10] (tried for 10 second(s) with 500 milliseconds interval)
Build info: version: '4.27.0', revision: 'd6e718d134'
System info: os.name: 'Windows 11', os.arch: 'amd64', os.version: '10.0', java.version: '21.0.3'
Driver info: org.openqa.selenium.chrome.ChromeDriver
Capabilities {acceptInsecureCerts: false, browserName: chrome, browserVersion: 134.0.6998.88, chrome: {chromedriverVersion: 134.0.6998.88 (7e3d5c978c6d..., userDataDir: C:\Users\INGRID~1.ZAD\AppDa...}, fedcm:accounts: true, goog:chromeOptions: {debuggerAddress: localhost:56547}, networkConnectionEnabled: false, pageLoadStrategy: normal, platformName: windows, proxy: Proxy(), se:cdp: ws://localhost:56547/devtoo..., se:cdpVersion: 134.0.6998.88, setWindowRect: true, strictFileInteractability: false, timeouts: {implicit: 0, pageLoad: 300000, script: 30000}, unhandledPromptBehavior: dismiss and notify, webauthn:extension:credBlob: true, webauthn:extension:largeBlob: true, webauthn:extension:minPinLength: true, webauthn:extension:prf: true, webauthn:virtualAuthenticators: true}
Session ID: 540b9efc7a3dbaf688588ce07d75be07
2025-03-12 09:58:26 [main] INFO  l.i.u.t.SubmittedApplicationsPageTest - Marking 'Ne' radio button 3
2025-03-12 09:58:37 [main] ERROR l.i.u.p.SubmittedApplicationsPage - Error selecting radio button: Expected condition failed: waiting for element to be clickable: By.xpath: (//input[@type='radio' and @value='false'])[11] (tried for 10 second(s) with 500 milliseconds interval)
Build info: version: '4.27.0', revision: 'd6e718d134'
System info: os.name: 'Windows 11', os.arch: 'amd64', os.version: '10.0', java.version: '21.0.3'
Driver info: org.openqa.selenium.chrome.ChromeDriver
Capabilities {acceptInsecureCerts: false, browserName: chrome, browserVersion: 134.0.6998.88, chrome: {chromedriverVersion: 134.0.6998.88 (7e3d5c978c6d..., userDataDir: C:\Users\INGRID~1.ZAD\AppDa...}, fedcm:accounts: true, goog:chromeOptions: {debuggerAddress: localhost:56547}, networkConnectionEnabled: false, pageLoadStrategy: normal, platformName: windows, proxy: Proxy(), se:cdp: ws://localhost:56547/devtoo..., se:cdpVersion: 134.0.6998.88, setWindowRect: true, strictFileInteractability: false, timeouts: {implicit: 0, pageLoad: 300000, script: 30000}, unhandledPromptBehavior: dismiss and notify, webauthn:extension:credBlob: true, webauthn:extension:largeBlob: true, webauthn:extension:minPinLength: true, webauthn:extension:prf: true, webauthn:virtualAuthenticators: true}
Session ID: 540b9efc7a3dbaf688588ce07d75be07
2025-03-12 09:58:37 [main] INFO  l.i.u.t.SubmittedApplicationsPageTest - Marking 'Ne' radio button 4
2025-03-12 09:58:47 [main] ERROR l.i.u.p.SubmittedApplicationsPage - Error selecting radio button: Expected condition failed: waiting for element to be clickable: By.xpath: (//input[@type='radio' and @value='false'])[12] (tried for 10 second(s) with 500 milliseconds interval)
Build info: version: '4.27.0', revision: 'd6e718d134'
System info: os.name: 'Windows 11', os.arch: 'amd64', os.version: '10.0', java.version: '21.0.3'
Driver info: org.openqa.selenium.chrome.ChromeDriver
Capabilities {acceptInsecureCerts: false, browserName: chrome, browserVersion: 134.0.6998.88, chrome: {chromedriverVersion: 134.0.6998.88 (7e3d5c978c6d..., userDataDir: C:\Users\INGRID~1.ZAD\AppDa...}, fedcm:accounts: true, goog:chromeOptions: {debuggerAddress: localhost:56547}, networkConnectionEnabled: false, pageLoadStrategy: normal, platformName: windows, proxy: Proxy(), se:cdp: ws://localhost:56547/devtoo..., se:cdpVersion: 134.0.6998.88, setWindowRect: true, strictFileInteractability: false, timeouts: {implicit: 0, pageLoad: 300000, script: 30000}, unhandledPromptBehavior: dismiss and notify, webauthn:extension:credBlob: true, webauthn:extension:largeBlob: true, webauthn:extension:minPinLength: true, webauthn:extension:prf: true, webauthn:virtualAuthenticators: true}
Session ID: 540b9efc7a3dbaf688588ce07d75be07
2025-03-12 09:58:47 [main] INFO  l.i.u.t.SubmittedApplicationsPageTest - Marking 'Ne' radio button 5
2025-03-12 09:58:57 [main] ERROR l.i.u.p.SubmittedApplicationsPage - Error selecting radio button: Expected condition failed: waiting for element to be clickable: By.xpath: (//input[@type='radio' and @value='false'])[13] (tried for 10 second(s) with 500 milliseconds interval)
Build info: version: '4.27.0', revision: 'd6e718d134'
System info: os.name: 'Windows 11', os.arch: 'amd64', os.version: '10.0', java.version: '21.0.3'
Driver info: org.openqa.selenium.chrome.ChromeDriver
Capabilities {acceptInsecureCerts: false, browserName: chrome, browserVersion: 134.0.6998.88, chrome: {chromedriverVersion: 134.0.6998.88 (7e3d5c978c6d..., userDataDir: C:\Users\INGRID~1.ZAD\AppDa...}, fedcm:accounts: true, goog:chromeOptions: {debuggerAddress: localhost:56547}, networkConnectionEnabled: false, pageLoadStrategy: normal, platformName: windows, proxy: Proxy(), se:cdp: ws://localhost:56547/devtoo..., se:cdpVersion: 134.0.6998.88, setWindowRect: true, strictFileInteractability: false, timeouts: {implicit: 0, pageLoad: 300000, script: 30000}, unhandledPromptBehavior: dismiss and notify, webauthn:extension:credBlob: true, webauthn:extension:largeBlob: true, webauthn:extension:minPinLength: true, webauthn:extension:prf: true, webauthn:virtualAuthenticators: true}
Session ID: 540b9efc7a3dbaf688588ce07d75be07
2025-03-12 09:58:57 [main] INFO  l.i.u.t.SubmittedApplicationsPageTest - Marking 'Ne' radio button 6
2025-03-12 09:59:07 [main] ERROR l.i.u.p.SubmittedApplicationsPage - Error selecting radio button: Expected condition failed: waiting for element to be clickable: By.xpath: (//input[@type='radio' and @value='true'])[14] (tried for 10 second(s) with 500 milliseconds interval)
Build info: version: '4.27.0', revision: 'd6e718d134'
System info: os.name: 'Windows 11', os.arch: 'amd64', os.version: '10.0', java.version: '21.0.3'
Driver info: org.openqa.selenium.chrome.ChromeDriver
Capabilities {acceptInsecureCerts: false, browserName: chrome, browserVersion: 134.0.6998.88, chrome: {chromedriverVersion: 134.0.6998.88 (7e3d5c978c6d..., userDataDir: C:\Users\INGRID~1.ZAD\AppDa...}, fedcm:accounts: true, goog:chromeOptions: {debuggerAddress: localhost:56547}, networkConnectionEnabled: false, pageLoadStrategy: normal, platformName: windows, proxy: Proxy(), se:cdp: ws://localhost:56547/devtoo..., se:cdpVersion: 134.0.6998.88, setWindowRect: true, strictFileInteractability: false, timeouts: {implicit: 0, pageLoad: 300000, script: 30000}, unhandledPromptBehavior: dismiss and notify, webauthn:extension:credBlob: true, webauthn:extension:largeBlob: true, webauthn:extension:minPinLength: true, webauthn:extension:prf: true, webauthn:virtualAuthenticators: true}
Session ID: 540b9efc7a3dbaf688588ce07d75be07
2025-03-12 09:59:07 [main] INFO  l.i.u.t.SubmittedApplicationsPageTest - Marking 'Taip' radio button 7
2025-03-12 09:59:17 [main] ERROR l.i.u.p.SubmittedApplicationsPage - Error selecting radio button: Expected condition failed: waiting for element to be clickable: By.xpath: (//input[@type='radio' and @value='true'])[15] (tried for 10 second(s) with 500 milliseconds interval)
Build info: version: '4.27.0', revision: 'd6e718d134'
System info: os.name: 'Windows 11', os.arch: 'amd64', os.version: '10.0', java.version: '21.0.3'
Driver info: org.openqa.selenium.chrome.ChromeDriver
Capabilities {acceptInsecureCerts: false, browserName: chrome, browserVersion: 134.0.6998.88, chrome: {chromedriverVersion: 134.0.6998.88 (7e3d5c978c6d..., userDataDir: C:\Users\INGRID~1.ZAD\AppDa...}, fedcm:accounts: true, goog:chromeOptions: {debuggerAddress: localhost:56547}, networkConnectionEnabled: false, pageLoadStrategy: normal, platformName: windows, proxy: Proxy(), se:cdp: ws://localhost:56547/devtoo..., se:cdpVersion: 134.0.6998.88, setWindowRect: true, strictFileInteractability: false, timeouts: {implicit: 0, pageLoad: 300000, script: 30000}, unhandledPromptBehavior: dismiss and notify, webauthn:extension:credBlob: true, webauthn:extension:largeBlob: true, webauthn:extension:minPinLength: true, webauthn:extension:prf: true, webauthn:virtualAuthenticators: true}
Session ID: 540b9efc7a3dbaf688588ce07d75be07
2025-03-12 09:59:18 [main] INFO  l.i.u.t.SubmittedApplicationsPageTest - Marking 'Taip' radio button 8
2025-03-12 09:59:28 [main] ERROR l.i.u.p.SubmittedApplicationsPage - Error selecting radio button: Expected condition failed: waiting for element to be clickable: By.xpath: (//input[@type='radio' and @value='true'])[16] (tried for 10 second(s) with 500 milliseconds interval)
Build info: version: '4.27.0', revision: 'd6e718d134'
System info: os.name: 'Windows 11', os.arch: 'amd64', os.version: '10.0', java.version: '21.0.3'
Driver info: org.openqa.selenium.chrome.ChromeDriver
Capabilities {acceptInsecureCerts: false, browserName: chrome, browserVersion: 134.0.6998.88, chrome: {chromedriverVersion: 134.0.6998.88 (7e3d5c978c6d..., userDataDir: C:\Users\INGRID~1.ZAD\AppDa...}, fedcm:accounts: true, goog:chromeOptions: {debuggerAddress: localhost:56547}, networkConnectionEnabled: false, pageLoadStrategy: normal, platformName: windows, proxy: Proxy(), se:cdp: ws://localhost:56547/devtoo..., se:cdpVersion: 134.0.6998.88, setWindowRect: true, strictFileInteractability: false, timeouts: {implicit: 0, pageLoad: 300000, script: 30000}, unhandledPromptBehavior: dismiss and notify, webauthn:extension:credBlob: true, webauthn:extension:largeBlob: true, webauthn:extension:minPinLength: true, webauthn:extension:prf: true, webauthn:virtualAuthenticators: true}
Session ID: 540b9efc7a3dbaf688588ce07d75be07
2025-03-12 09:59:28 [main] INFO  l.i.u.t.SubmittedApplicationsPageTest - Marking 'Taip' radio button 9
2025-03-12 09:59:38 [main] ERROR l.i.u.p.SubmittedApplicationsPage - Error selecting radio button: Expected condition failed: waiting for element to be clickable: By.xpath: (//input[@type='radio' and @value='true'])[17] (tried for 10 second(s) with 500 milliseconds interval)
Build info: version: '4.27.0', revision: 'd6e718d134'
System info: os.name: 'Windows 11', os.arch: 'amd64', os.version: '10.0', java.version: '21.0.3'
Driver info: org.openqa.selenium.chrome.ChromeDriver
Capabilities {acceptInsecureCerts: false, browserName: chrome, browserVersion: 134.0.6998.88, chrome: {chromedriverVersion: 134.0.6998.88 (7e3d5c978c6d..., userDataDir: C:\Users\INGRID~1.ZAD\AppDa...}, fedcm:accounts: true, goog:chromeOptions: {debuggerAddress: localhost:56547}, networkConnectionEnabled: false, pageLoadStrategy: normal, platformName: windows, proxy: Proxy(), se:cdp: ws://localhost:56547/devtoo..., se:cdpVersion: 134.0.6998.88, setWindowRect: true, strictFileInteractability: false, timeouts: {implicit: 0, pageLoad: 300000, script: 30000}, unhandledPromptBehavior: dismiss and notify, webauthn:extension:credBlob: true, webauthn:extension:largeBlob: true, webauthn:extension:minPinLength: true, webauthn:extension:prf: true, webauthn:virtualAuthenticators: true}
Session ID: 540b9efc7a3dbaf688588ce07d75be07
2025-03-12 09:59:38 [main] INFO  l.i.u.t.SubmittedApplicationsPageTest - Marking 'Taip' radio button 10
2025-03-12 09:59:48 [main] ERROR l.i.u.p.SubmittedApplicationsPage - Error selecting radio button: Expected condition failed: waiting for element to be clickable: By.xpath: (//input[@type='radio' and @value='true'])[18] (tried for 10 second(s) with 500 milliseconds interval)
Build info: version: '4.27.0', revision: 'd6e718d134'
System info: os.name: 'Windows 11', os.arch: 'amd64', os.version: '10.0', java.version: '21.0.3'
Driver info: org.openqa.selenium.chrome.ChromeDriver
Capabilities {acceptInsecureCerts: false, browserName: chrome, browserVersion: 134.0.6998.88, chrome: {chromedriverVersion: 134.0.6998.88 (7e3d5c978c6d..., userDataDir: C:\Users\INGRID~1.ZAD\AppDa...}, fedcm:accounts: true, goog:chromeOptions: {debuggerAddress: localhost:56547}, networkConnectionEnabled: false, pageLoadStrategy: normal, platformName: windows, proxy: Proxy(), se:cdp: ws://localhost:56547/devtoo..., se:cdpVersion: 134.0.6998.88, setWindowRect: true, strictFileInteractability: false, timeouts: {implicit: 0, pageLoad: 300000, script: 30000}, unhandledPromptBehavior: dismiss and notify, webauthn:extension:credBlob: true, webauthn:extension:largeBlob: true, webauthn:extension:minPinLength: true, webauthn:extension:prf: true, webauthn:virtualAuthenticators: true}
Session ID: 540b9efc7a3dbaf688588ce07d75be07
2025-03-12 09:59:48 [main] INFO  l.i.u.t.SubmittedApplicationsPageTest - Marking 'Taip' radio button 11
2025-03-12 09:59:58 [main] ERROR l.i.u.p.SubmittedApplicationsPage - Error selecting radio button: Expected condition failed: waiting for element to be clickable: By.xpath: (//input[@type='radio' and @value='true'])[19] (tried for 10 second(s) with 500 milliseconds interval)
Build info: version: '4.27.0', revision: 'd6e718d134'
System info: os.name: 'Windows 11', os.arch: 'amd64', os.version: '10.0', java.version: '21.0.3'
Driver info: org.openqa.selenium.chrome.ChromeDriver
Capabilities {acceptInsecureCerts: false, browserName: chrome, browserVersion: 134.0.6998.88, chrome: {chromedriverVersion: 134.0.6998.88 (7e3d5c978c6d..., userDataDir: C:\Users\INGRID~1.ZAD\AppDa...}, fedcm:accounts: true, goog:chromeOptions: {debuggerAddress: localhost:56547}, networkConnectionEnabled: false, pageLoadStrategy: normal, platformName: windows, proxy: Proxy(), se:cdp: ws://localhost:56547/devtoo..., se:cdpVersion: 134.0.6998.88, setWindowRect: true, strictFileInteractability: false, timeouts: {implicit: 0, pageLoad: 300000, script: 30000}, unhandledPromptBehavior: dismiss and notify, webauthn:extension:credBlob: true, webauthn:extension:largeBlob: true, webauthn:extension:minPinLength: true, webauthn:extension:prf: true, webauthn:virtualAuthenticators: true}
Session ID: 540b9efc7a3dbaf688588ce07d75be07
2025-03-12 09:59:58 [main] INFO  l.i.u.t.SubmittedApplicationsPageTest - Marking 'Taip' radio button 12
2025-03-12 10:00:08 [main] DEBUG l.i.u.t.SubmittedApplicationsPageTest - Checked 'ConfirmationStepFour'
2025-03-12 10:00:09 [main] DEBUG l.i.u.t.SubmittedApplicationsPageTest - Clicked 'Next' button after checkboxes.
2025-03-12 10:00:09 [main] INFO  l.i.u.p.SubmittedApplicationsPage - File uploaded successfully to an input element.
2025-03-12 10:00:09 [main] INFO  l.i.u.p.SubmittedApplicationsPage - File uploaded successfully to an input element.
2025-03-12 10:00:09 [main] INFO  l.i.u.p.SubmittedApplicationsPage - File uploaded successfully to an input element.
2025-03-12 10:00:09 [main] INFO  l.i.u.p.SubmittedApplicationsPage - File uploaded successfully to an input element.
2025-03-12 10:00:09 [main] INFO  l.i.u.p.SubmittedApplicationsPage - File uploaded successfully to an input element.
2025-03-12 10:00:09 [main] INFO  l.i.u.p.SubmittedApplicationsPage - File uploaded successfully to an input element.
2025-03-12 10:00:09 [main] INFO  l.i.u.p.SubmittedApplicationsPage - File uploaded successfully to an input element.
2025-03-12 10:00:09 [main] INFO  l.i.u.p.SubmittedApplicationsPage - File uploaded successfully to an input element.
2025-03-12 10:00:09 [main] INFO  l.i.u.p.SubmittedApplicationsPage - File uploaded successfully to an input element.
2025-03-12 10:00:09 [main] INFO  l.i.u.p.SubmittedApplicationsPage - File uploaded successfully to an input element.
2025-03-12 10:00:09 [main] DEBUG l.i.u.t.SubmittedApplicationsPageTest - Entered program name: 'Dokumentas 1'.
2025-03-12 10:00:09 [main] DEBUG l.i.u.t.SubmittedApplicationsPageTest - Entered program name: 'Dokumentas 2'.
2025-03-12 10:00:10 [main] DEBUG l.i.u.t.SubmittedApplicationsPageTest - Entered program name: 'Dokumentas 3'.
2025-03-12 10:00:10 [main] DEBUG l.i.u.t.SubmittedApplicationsPageTest - Entered program name: 'Dokumentas 4'.
2025-03-12 10:00:10 [main] DEBUG l.i.u.t.SubmittedApplicationsPageTest - Entered program name: 'Dokumentas 5'.
2025-03-12 10:00:10 [main] DEBUG l.i.u.t.SubmittedApplicationsPageTest - Entered program name: 'Dokumentas 6'.
2025-03-12 10:00:10 [main] DEBUG l.i.u.t.SubmittedApplicationsPageTest - Entered program name: 'Dokumentas 4'.
2025-03-12 10:00:10 [main] DEBUG l.i.u.t.SubmittedApplicationsPageTest - Entered program name: 'Dokumentas 8'.
2025-03-12 10:00:10 [main] DEBUG l.i.u.t.SubmittedApplicationsPageTest - Entered program name: 'Dokumentas 9'.
2025-03-12 10:00:11 [main] DEBUG l.i.u.t.SubmittedApplicationsPageTest - Entered program name: 'Dokumentas 10'.
2025-03-12 10:00:21 [main] DEBUG l.i.u.t.SubmittedApplicationsPageTest - Checked 'ConfirmationDocument'
2025-03-12 10:00:31 [main] DEBUG l.i.u.t.SubmittedApplicationsPageTest - Checked 'ConfirmationApplication'
2025-03-12 10:00:31 [main] DEBUG l.i.u.t.SubmittedApplicationsPageTest - Clicked 'SaveDraft' button after checkboxes.
2025-03-12 10:00:31 [main] DEBUG l.i.uztis.pages.ApplicationFormsPage - Verified success message: 'Ruošinys sėkmingai išsaugotas.'
2025-03-12 10:00:31 [main] INFO  l.i.u.t.SubmittedApplicationsPageTest - Verified success message
2025-03-12 10:00:31 [main] DEBUG l.i.u.t.SubmittedApplicationsPageTest - Clicked 'Review' button after checkboxes.
2025-03-12 10:00:31 [main] INFO  l.i.u.t.SubmittedApplicationsPageTest - Test 'testFillNewVUIApplicationFA' completed successfully.
2025-03-12 10:03:41 [main] INFO  lt.insoft.uztis.tests.UztisPageTest - Navigated to https://uztisdev.asseco.lt/home
2025-03-12 10:03:41 [main] INFO  l.i.u.t.SubmittedApplicationsPageTest - Starting test:'testFillNewVUIPApplicationFA'
2025-03-12 10:03:42 [main] DEBUG l.i.u.t.SubmittedApplicationsPageTest - User logged in with test credentials.
2025-03-12 10:03:42 [main] DEBUG l.i.u.t.SubmittedApplicationsPageTest - Opened 'Application Processing' menu.
2025-03-12 10:03:42 [main] DEBUG l.i.u.t.SubmittedApplicationsPageTest - Clicked on 'Application Forms' menu.
2025-03-12 10:03:43 [main] DEBUG l.i.u.t.SubmittedApplicationsPageTest - Retrieved last description code text: 'TST-VUI-52'.
2025-03-12 10:03:43 [main] DEBUG l.i.u.t.SubmittedApplicationsPageTest - Clicked on 'Invitation' menu.
2025-03-12 10:03:44 [main] DEBUG l.i.u.t.SubmittedApplicationsPageTest - Selected application section by code: 'TST-VUI-52'.
2025-03-12 10:03:44 [main] DEBUG l.i.u.t.SubmittedApplicationsPageTest - Clicked 'Search' button.
2025-03-12 10:03:44 [main] DEBUG l.i.u.t.SubmittedApplicationsPageTest - Retrieved invitation code: ''.
2025-03-12 10:03:44 [main] DEBUG l.i.u.t.SubmittedApplicationsPageTest - Clicked on 'Submitted Applications' menu.
2025-03-12 10:03:45 [main] DEBUG l.i.u.t.SubmittedApplicationsPageTest - Selected invitation by code: 'TST-VUI-52'.
2025-03-12 10:03:45 [main] DEBUG l.i.u.t.SubmittedApplicationsPageTest - Invitation code inserted.
2025-03-12 10:03:45 [main] DEBUG l.i.u.t.SubmittedApplicationsPageTest - Clicked on 'Action Application' button.
2025-03-12 10:03:46 [main] DEBUG l.i.u.t.SubmittedApplicationsPageTest - Clicked on 'New Application' button.
2025-03-12 10:03:46 [main] DEBUG l.i.u.t.SubmittedApplicationsPageTest - Selected the 'RadioButtonFA' option.
2025-03-12 10:03:46 [main] DEBUG l.i.u.t.SubmittedApplicationsPageTest - Entered phone number: '61298745'.
2025-03-12 10:03:46 [main] DEBUG l.i.u.t.SubmittedApplicationsPageTest - Entered email: 'test@autotest.com'.
2025-03-12 10:03:46 [main] INFO  l.i.u.p.SubmittedApplicationsPage - Clicking on the dropdown button.
2025-03-12 10:04:02 [main] INFO  l.i.u.p.SubmittedApplicationsPage - Found 1741 options in the dropdown.
2025-03-12 10:04:02 [main] DEBUG l.i.u.p.SubmittedApplicationsPage - Checking option: ''
2025-03-12 10:04:02 [main] DEBUG l.i.u.p.SubmittedApplicationsPage - Checking option: '01.11 - Grūdinių (išskyrus ryžius), ankštinių ir aliejingų sėklų augalų auginimas'
2025-03-12 10:04:02 [main] INFO  l.i.u.p.SubmittedApplicationsPage - Successfully selected the value: '01.11 - Grūdinių (išskyrus ryžius), ankštinių ir aliejingų sėklų augalų auginimas'
2025-03-12 10:04:02 [main] INFO  l.i.u.p.SubmittedApplicationsPage - Attempting to close the dropdown.
2025-03-12 10:04:03 [main] DEBUG l.i.u.t.SubmittedApplicationsPageTest - Selected EVRK value: '01.11 - Grūdinių (išskyrus ryžius), ankštinių ir aliejingų sėklų augalų auginimas'.
2025-03-12 10:04:03 [main] DEBUG l.i.u.t.SubmittedApplicationsPageTest - Clicked on 'Address Component' button.
2025-03-12 10:04:03 [main] INFO  l.i.u.p.SubmittedApplicationsPage - Located the dropdown button.
2025-03-12 10:04:06 [main] INFO  l.i.u.p.SubmittedApplicationsPage - Successfully selected the value: 'Lietuva'
2025-03-12 10:04:06 [main] DEBUG l.i.u.t.SubmittedApplicationsPageTest - Selected country: 'Lietuva'.
2025-03-12 10:04:06 [main] INFO  l.i.u.p.SubmittedApplicationsPage - Located the dropdown search field.
2025-03-12 10:04:06 [main] INFO  l.i.u.p.SubmittedApplicationsPage - Dropdown city is opened.
2025-03-12 10:04:07 [main] INFO  l.i.u.p.SubmittedApplicationsPage - Searched for value: 'Vilnius'
2025-03-12 10:04:08 [main] INFO  l.i.u.p.SubmittedApplicationsPage - Successfully selected: 'Vilnius'
2025-03-12 10:04:08 [main] INFO  l.i.u.p.SubmittedApplicationsPage - Located the dropdown button.
2025-03-12 10:04:08 [main] INFO  l.i.u.p.SubmittedApplicationsPage - Successfully selected the value: 'A. Domaševičiaus g.'
2025-03-12 10:04:08 [main] DEBUG l.i.u.t.SubmittedApplicationsPageTest - Selected street: 'A. Domaševičiaus g.'.
2025-03-12 10:04:08 [main] INFO  l.i.u.p.SubmittedApplicationsPage - Located the dropdown button.
2025-03-12 10:04:09 [main] INFO  l.i.u.p.SubmittedApplicationsPage - Successfully selected the value: '1'
2025-03-12 10:04:09 [main] DEBUG l.i.u.t.SubmittedApplicationsPageTest - Selected house: '1'.
2025-03-12 10:04:09 [main] INFO  l.i.u.p.SubmittedApplicationsPage - Located the dropdown button.
2025-03-12 10:04:10 [main] INFO  l.i.u.p.SubmittedApplicationsPage - Successfully selected the value: '1'
2025-03-12 10:04:10 [main] DEBUG l.i.u.t.SubmittedApplicationsPageTest - Selected apartment: '1'.
2025-03-12 10:04:10 [main] DEBUG l.i.u.t.SubmittedApplicationsPageTest - Clicked 'Confirm' button.
2025-03-12 10:04:10 [main] DEBUG l.i.u.t.SubmittedApplicationsPageTest - Entered project date.
2025-03-12 10:04:10 [main] DEBUG l.i.u.t.SubmittedApplicationsPageTest - Entered job count: '1'.
2025-03-12 10:04:10 [main] DEBUG l.i.u.t.SubmittedApplicationsPageTest - Clicked 'Next' button.
2025-03-12 10:04:10 [main] INFO  l.i.u.p.SubmittedApplicationsPage - Located the dropdown button.
2025-03-12 10:04:11 [main] INFO  l.i.u.p.SubmittedApplicationsPage - Successfully selected the value: 'Administratoriai'
2025-03-12 10:04:11 [main] DEBUG l.i.u.t.SubmittedApplicationsPageTest - Selected job name: 'Administratoriai'.
2025-03-12 10:04:12 [main] DEBUG l.i.u.t.SubmittedApplicationsPageTest - Entered job function: 'Funkcija 1'.
2025-03-12 10:04:12 [main] DEBUG l.i.u.t.SubmittedApplicationsPageTest - Selected 'RadioButtonWithDisabilities' option.
2025-03-12 10:04:12 [main] INFO  l.i.u.p.SubmittedApplicationsPage - Clicking on the dropdown button.
2025-03-12 10:04:12 [main] INFO  l.i.u.p.SubmittedApplicationsPage - Found 34 options in the dropdown.
2025-03-12 10:04:12 [main] DEBUG l.i.u.p.SubmittedApplicationsPage - Checking option: 'Asmenys, kuriems suteiktas pabėgėlio statusas ar perkeliamojo asmens statusas, arba asmenys, kuriems suteikta papildoma ar laikinoji apsauga, ir asmenys, turintys teisę gauti laikinąją apsaugą, iki sprendimo dėl laikinosios apsaugos suteikimo (nesuteikimo) priėmimo, tačiau ne ilgiau kaip laikinosios apsaugos laikotarpiu'
2025-03-12 10:04:12 [main] DEBUG l.i.u.p.SubmittedApplicationsPage - Checking option: 'Asmenys, kuriems suteiktas pabėgėlio statusas ar perkeliamojo asmens statusas, arba asmenys, kuriems suteikta papildoma ar laikinoji apsauga, ir asmenys, turintys teisę gauti laikinąją apsaugą, iki sprendimo dėl laikinosios apsaugos suteikimo (nesuteikimo) priėmimo, tačiau ne ilgiau kaip laikinosios apsaugos laikotarpiu'
2025-03-12 10:04:12 [main] DEBUG l.i.u.p.SubmittedApplicationsPage - Checking option: 'Asmenys, turintys teisę į papildomas užimtumo garantijas pagal Lietuvos Respublikos valstybės įmonės Ignalinos atominės elektrinės darbuotojų papildomų užimtumo ir socialinių garantijų įstatymą'
2025-03-12 10:04:12 [main] DEBUG l.i.u.p.SubmittedApplicationsPage - Checking option: 'Asmenys, turintys teisę į papildomas užimtumo garantijas pagal Lietuvos Respublikos valstybės įmonės Ignalinos atominės elektrinės darbuotojų papildomų užimtumo ir socialinių garantijų įstatymą'
2025-03-12 10:04:12 [main] DEBUG l.i.u.p.SubmittedApplicationsPage - Checking option: 'Bedarbiai iki 29 metų'
2025-03-12 10:04:12 [main] DEBUG l.i.u.p.SubmittedApplicationsPage - Checking option: 'Bedarbiai iki 29 metų'
2025-03-12 10:04:12 [main] DEBUG l.i.u.p.SubmittedApplicationsPage - Checking option: 'Bedarbiai, kurie yra darbingo amžiaus neįgalieji, kuriems nustatytas 30–40 procentų darbingumo lygis arba vidutinis neįgalumo lygis'
2025-03-12 10:04:13 [main] DEBUG l.i.u.p.SubmittedApplicationsPage - Checking option: 'Bedarbiai, kurie yra darbingo amžiaus neįgalieji, kuriems nustatytas 30–40 procentų darbingumo lygis arba vidutinis neįgalumo lygis'
2025-03-12 10:04:13 [main] DEBUG l.i.u.p.SubmittedApplicationsPage - Checking option: 'Bedarbiai, kurie yra darbingo amžiaus neįgalieji, kuriems nustatytas 45–55 procentų darbingumo lygis arba lengvas neįgalumo lygis'
2025-03-12 10:04:13 [main] DEBUG l.i.u.p.SubmittedApplicationsPage - Checking option: 'Bedarbiai, kurie yra darbingo amžiaus neįgalieji, kuriems nustatytas 45–55 procentų darbingumo lygis arba lengvas neįgalumo lygis'
2025-03-12 10:04:13 [main] DEBUG l.i.u.p.SubmittedApplicationsPage - Checking option: 'Bedarbiai, kurie yra darbingo amžiaus neįgalieji, kuriems nustatytas iki 25 procentų darbingumo lygis arba sunkus neįgalumo lygis'
2025-03-12 10:04:13 [main] INFO  l.i.u.p.SubmittedApplicationsPage - Successfully selected the value: 'Bedarbiai, kurie yra darbingo amžiaus neįgalieji, kuriems nustatytas iki 25 procentų darbingumo lygis arba sunkus neįgalumo lygis'
2025-03-12 10:04:13 [main] INFO  l.i.u.p.SubmittedApplicationsPage - Attempting to close the dropdown.
2025-03-12 10:04:13 [main] DEBUG l.i.u.t.SubmittedApplicationsPageTest - Selected disabilities type: 'Bedarbiai, kurie yra darbingo amžiaus neįgalieji, kuriems nustatytas iki 25 procentų darbingumo lygis arba sunkus neįgalumo lygis'.
2025-03-12 10:04:13 [main] DEBUG l.i.u.t.SubmittedApplicationsPageTest - Entered disability information: 'Negalia 1'.
2025-03-12 10:04:13 [main] INFO  l.i.u.p.SubmittedApplicationsPage - Located the dropdown button.
2025-03-12 10:04:14 [main] INFO  l.i.u.p.SubmittedApplicationsPage - Successfully selected the value: 'Kita'
2025-03-12 10:04:14 [main] DEBUG l.i.u.t.SubmittedApplicationsPageTest - Selected time mode: 'Kita'.
2025-03-12 10:04:14 [main] DEBUG l.i.u.t.SubmittedApplicationsPageTest - Selected time mode other: '6 val. per dieną ir 4 d. per savaitę'.
2025-03-12 10:04:14 [main] DEBUG l.i.u.t.SubmittedApplicationsPageTest - Entered qualification: 'Kvalifikacija 1'.
2025-03-12 10:04:15 [main] DEBUG l.i.u.t.SubmittedApplicationsPageTest - Entered job date.
2025-03-12 10:04:15 [main] DEBUG l.i.u.t.SubmittedApplicationsPageTest - Entered salary amount: '1200'.
2025-03-12 10:04:15 [main] DEBUG l.i.u.t.SubmittedApplicationsPageTest - Selected 'Temporary Job' radio button.
2025-03-12 10:04:15 [main] DEBUG l.i.u.t.SubmittedApplicationsPageTest - Selected 'Season Job' radio button.
2025-03-12 10:04:15 [main] DEBUG l.i.u.t.SubmittedApplicationsPageTest - Selected 'Energy' radio button.
2025-03-12 10:04:16 [main] DEBUG l.i.u.t.SubmittedApplicationsPageTest - Selected 'Repair' radio button.
2025-03-12 10:04:16 [main] DEBUG l.i.u.t.SubmittedApplicationsPageTest - Entered job description: 'Veikla 1'.
2025-03-12 10:04:16 [main] DEBUG l.i.u.t.SubmittedApplicationsPageTest - Entered process description: 'Procesas 1'.
2025-03-12 10:04:16 [main] DEBUG l.i.u.t.SubmittedApplicationsPageTest - Entered energy information: 'Energija 1'.
2025-03-12 10:04:17 [main] DEBUG l.i.u.t.SubmittedApplicationsPageTest - Entered repair information: 'Remontas 1'.
2025-03-12 10:04:17 [main] DEBUG l.i.u.t.SubmittedApplicationsPageTest - Selected 'PVM' radio button.
2025-03-12 10:04:17 [main] INFO  l.i.u.p.SubmittedApplicationsPage - Located the dropdown button.
2025-03-12 10:04:18 [main] INFO  l.i.u.p.SubmittedApplicationsPage - Successfully selected the value: 'Įsigyti'
2025-03-12 10:04:18 [main] DEBUG l.i.u.t.SubmittedApplicationsPageTest - Selected necessary for job: 'Įsigyti'.
2025-03-12 10:04:18 [main] DEBUG l.i.u.t.SubmittedApplicationsPageTest - Selected tool: 'Darbo priemonė 1'.
2025-03-12 10:04:18 [main] DEBUG l.i.u.t.SubmittedApplicationsPageTest - Selected tool parameter one: 'Darbo priemonės 1 parametras 1'.
2025-03-12 10:04:18 [main] DEBUG l.i.u.t.SubmittedApplicationsPageTest - Selected tool parameter two: 'Darbo priemonės 1 parametras 2'.
2025-03-12 10:04:19 [main] DEBUG l.i.u.t.SubmittedApplicationsPageTest - Selected tool parameter three: 'Darbo priemonės 1 parametras 3'.
2025-03-12 10:04:19 [main] DEBUG l.i.u.t.SubmittedApplicationsPageTest - Entered tool count: '1'.
2025-03-12 10:04:19 [main] DEBUG l.i.u.t.SubmittedApplicationsPageTest - Entered price amount 1: '1000'.
2025-03-12 10:04:19 [main] DEBUG l.i.u.t.SubmittedApplicationsPageTest - Entered own funds amount 1: '800'.
2025-03-12 10:04:19 [main] DEBUG l.i.u.t.SubmittedApplicationsPageTest - Clicked 'Add' button.
2025-03-12 10:04:19 [main] INFO  l.i.u.p.SubmittedApplicationsPage - Located the dropdown button.
2025-03-12 10:04:20 [main] INFO  l.i.u.p.SubmittedApplicationsPage - Successfully selected the value: 'Remontuoti'
2025-03-12 10:04:20 [main] DEBUG l.i.u.t.SubmittedApplicationsPageTest - Selected necessary for job 'to repair': 'Remontuoti'.
2025-03-12 10:04:20 [main] DEBUG l.i.u.t.SubmittedApplicationsPageTest - Selected repair name: 'Remonto pavadinimas 1'.
2025-03-12 10:04:20 [main] DEBUG l.i.u.t.SubmittedApplicationsPageTest - Entered repair information: 'Remonto aprašymas 1'.
2025-03-12 10:04:21 [main] DEBUG l.i.u.t.SubmittedApplicationsPageTest - Entered price amount 2: '1000'.
2025-03-12 10:04:21 [main] DEBUG l.i.u.t.SubmittedApplicationsPageTest - Entered own funds amount 2: '900'.
2025-03-12 10:04:21 [main] DEBUG l.i.u.t.SubmittedApplicationsPageTest - Entered country percentage: '50'.
2025-03-12 10:04:21 [main] DEBUG l.i.u.t.SubmittedApplicationsPageTest - Entered institution percentage: '50'.
2025-03-12 10:04:21 [main] DEBUG l.i.u.t.SubmittedApplicationsPageTest - Entered municipality percentage: '50'.
2025-03-12 10:04:22 [main] DEBUG l.i.u.t.SubmittedApplicationsPageTest - Selected 'De Minimis' radio button.
2025-03-12 10:04:22 [main] DEBUG l.i.u.t.SubmittedApplicationsPageTest - Entered program name: 'Programa 1'.
2025-03-12 10:04:22 [main] DEBUG l.i.u.t.SubmittedApplicationsPageTest - Entered project date from.
2025-03-12 10:04:22 [main] DEBUG l.i.u.t.SubmittedApplicationsPageTest - Entered project date until.
2025-03-12 10:04:23 [main] DEBUG l.i.u.t.SubmittedApplicationsPageTest - Entered support amount: '2000'.
2025-03-12 10:04:23 [main] DEBUG l.i.u.t.SubmittedApplicationsPageTest - Clicked 'Next' button.
2025-03-12 10:04:33 [main] DEBUG l.i.u.t.SubmittedApplicationsPageTest - Checked 'Legal Entities' checkbox 1.
2025-03-12 10:04:43 [main] DEBUG l.i.u.t.SubmittedApplicationsPageTest - Checked 'Legal Entities' checkbox 2.
2025-03-12 10:04:53 [main] DEBUG l.i.u.t.SubmittedApplicationsPageTest - Checked 'Legal Entities' checkbox 3.
2025-03-12 10:04:53 [main] DEBUG l.i.u.t.SubmittedApplicationsPageTest - Test finished: All 'Legal Entities' checkboxes checked successfully.
2025-03-12 10:04:53 [main] DEBUG l.i.u.t.SubmittedApplicationsPageTest - Clicked 'Next' button after checkboxes.
2025-03-12 10:05:04 [main] ERROR l.i.u.p.SubmittedApplicationsPage - Error selecting radio button: Expected condition failed: waiting for element to be clickable: By.xpath: (//input[@type='radio' and @value='false'])[8] (tried for 10 second(s) with 500 milliseconds interval)
Build info: version: '4.27.0', revision: 'd6e718d134'
System info: os.name: 'Windows 11', os.arch: 'amd64', os.version: '10.0', java.version: '21.0.3'
Driver info: org.openqa.selenium.chrome.ChromeDriver
Capabilities {acceptInsecureCerts: false, browserName: chrome, browserVersion: 134.0.6998.88, chrome: {chromedriverVersion: 134.0.6998.88 (7e3d5c978c6d..., userDataDir: C:\Users\INGRID~1.ZAD\AppDa...}, fedcm:accounts: true, goog:chromeOptions: {debuggerAddress: localhost:56834}, networkConnectionEnabled: false, pageLoadStrategy: normal, platformName: windows, proxy: Proxy(), se:cdp: ws://localhost:56834/devtoo..., se:cdpVersion: 134.0.6998.88, setWindowRect: true, strictFileInteractability: false, timeouts: {implicit: 0, pageLoad: 300000, script: 30000}, unhandledPromptBehavior: dismiss and notify, webauthn:extension:credBlob: true, webauthn:extension:largeBlob: true, webauthn:extension:minPinLength: true, webauthn:extension:prf: true, webauthn:virtualAuthenticators: true}
Session ID: e0cc5dc50cb6b33fbd9417201375a8bc
2025-03-12 10:05:04 [main] INFO  l.i.u.t.SubmittedApplicationsPageTest - Marking 'Ne' radio button 1
2025-03-12 10:05:14 [main] ERROR l.i.u.p.SubmittedApplicationsPage - Error selecting radio button: Expected condition failed: waiting for element to be clickable: By.xpath: (//input[@type='radio' and @value='false'])[9] (tried for 10 second(s) with 500 milliseconds interval)
Build info: version: '4.27.0', revision: 'd6e718d134'
System info: os.name: 'Windows 11', os.arch: 'amd64', os.version: '10.0', java.version: '21.0.3'
Driver info: org.openqa.selenium.chrome.ChromeDriver
Capabilities {acceptInsecureCerts: false, browserName: chrome, browserVersion: 134.0.6998.88, chrome: {chromedriverVersion: 134.0.6998.88 (7e3d5c978c6d..., userDataDir: C:\Users\INGRID~1.ZAD\AppDa...}, fedcm:accounts: true, goog:chromeOptions: {debuggerAddress: localhost:56834}, networkConnectionEnabled: false, pageLoadStrategy: normal, platformName: windows, proxy: Proxy(), se:cdp: ws://localhost:56834/devtoo..., se:cdpVersion: 134.0.6998.88, setWindowRect: true, strictFileInteractability: false, timeouts: {implicit: 0, pageLoad: 300000, script: 30000}, unhandledPromptBehavior: dismiss and notify, webauthn:extension:credBlob: true, webauthn:extension:largeBlob: true, webauthn:extension:minPinLength: true, webauthn:extension:prf: true, webauthn:virtualAuthenticators: true}
Session ID: e0cc5dc50cb6b33fbd9417201375a8bc
2025-03-12 10:05:14 [main] INFO  l.i.u.t.SubmittedApplicationsPageTest - Marking 'Ne' radio button 2
2025-03-12 10:05:24 [main] ERROR l.i.u.p.SubmittedApplicationsPage - Error selecting radio button: Expected condition failed: waiting for element to be clickable: By.xpath: (//input[@type='radio' and @value='false'])[10] (tried for 10 second(s) with 500 milliseconds interval)
Build info: version: '4.27.0', revision: 'd6e718d134'
System info: os.name: 'Windows 11', os.arch: 'amd64', os.version: '10.0', java.version: '21.0.3'
Driver info: org.openqa.selenium.chrome.ChromeDriver
Capabilities {acceptInsecureCerts: false, browserName: chrome, browserVersion: 134.0.6998.88, chrome: {chromedriverVersion: 134.0.6998.88 (7e3d5c978c6d..., userDataDir: C:\Users\INGRID~1.ZAD\AppDa...}, fedcm:accounts: true, goog:chromeOptions: {debuggerAddress: localhost:56834}, networkConnectionEnabled: false, pageLoadStrategy: normal, platformName: windows, proxy: Proxy(), se:cdp: ws://localhost:56834/devtoo..., se:cdpVersion: 134.0.6998.88, setWindowRect: true, strictFileInteractability: false, timeouts: {implicit: 0, pageLoad: 300000, script: 30000}, unhandledPromptBehavior: dismiss and notify, webauthn:extension:credBlob: true, webauthn:extension:largeBlob: true, webauthn:extension:minPinLength: true, webauthn:extension:prf: true, webauthn:virtualAuthenticators: true}
Session ID: e0cc5dc50cb6b33fbd9417201375a8bc
2025-03-12 10:05:24 [main] INFO  l.i.u.t.SubmittedApplicationsPageTest - Marking 'Ne' radio button 3
2025-03-12 10:05:34 [main] ERROR l.i.u.p.SubmittedApplicationsPage - Error selecting radio button: Expected condition failed: waiting for element to be clickable: By.xpath: (//input[@type='radio' and @value='false'])[11] (tried for 10 second(s) with 500 milliseconds interval)
Build info: version: '4.27.0', revision: 'd6e718d134'
System info: os.name: 'Windows 11', os.arch: 'amd64', os.version: '10.0', java.version: '21.0.3'
Driver info: org.openqa.selenium.chrome.ChromeDriver
Capabilities {acceptInsecureCerts: false, browserName: chrome, browserVersion: 134.0.6998.88, chrome: {chromedriverVersion: 134.0.6998.88 (7e3d5c978c6d..., userDataDir: C:\Users\INGRID~1.ZAD\AppDa...}, fedcm:accounts: true, goog:chromeOptions: {debuggerAddress: localhost:56834}, networkConnectionEnabled: false, pageLoadStrategy: normal, platformName: windows, proxy: Proxy(), se:cdp: ws://localhost:56834/devtoo..., se:cdpVersion: 134.0.6998.88, setWindowRect: true, strictFileInteractability: false, timeouts: {implicit: 0, pageLoad: 300000, script: 30000}, unhandledPromptBehavior: dismiss and notify, webauthn:extension:credBlob: true, webauthn:extension:largeBlob: true, webauthn:extension:minPinLength: true, webauthn:extension:prf: true, webauthn:virtualAuthenticators: true}
Session ID: e0cc5dc50cb6b33fbd9417201375a8bc
2025-03-12 10:05:34 [main] INFO  l.i.u.t.SubmittedApplicationsPageTest - Marking 'Ne' radio button 4
2025-03-12 10:05:44 [main] ERROR l.i.u.p.SubmittedApplicationsPage - Error selecting radio button: Expected condition failed: waiting for element to be clickable: By.xpath: (//input[@type='radio' and @value='false'])[12] (tried for 10 second(s) with 500 milliseconds interval)
Build info: version: '4.27.0', revision: 'd6e718d134'
System info: os.name: 'Windows 11', os.arch: 'amd64', os.version: '10.0', java.version: '21.0.3'
Driver info: org.openqa.selenium.chrome.ChromeDriver
Capabilities {acceptInsecureCerts: false, browserName: chrome, browserVersion: 134.0.6998.88, chrome: {chromedriverVersion: 134.0.6998.88 (7e3d5c978c6d..., userDataDir: C:\Users\INGRID~1.ZAD\AppDa...}, fedcm:accounts: true, goog:chromeOptions: {debuggerAddress: localhost:56834}, networkConnectionEnabled: false, pageLoadStrategy: normal, platformName: windows, proxy: Proxy(), se:cdp: ws://localhost:56834/devtoo..., se:cdpVersion: 134.0.6998.88, setWindowRect: true, strictFileInteractability: false, timeouts: {implicit: 0, pageLoad: 300000, script: 30000}, unhandledPromptBehavior: dismiss and notify, webauthn:extension:credBlob: true, webauthn:extension:largeBlob: true, webauthn:extension:minPinLength: true, webauthn:extension:prf: true, webauthn:virtualAuthenticators: true}
Session ID: e0cc5dc50cb6b33fbd9417201375a8bc
2025-03-12 10:05:44 [main] INFO  l.i.u.t.SubmittedApplicationsPageTest - Marking 'Ne' radio button 5
2025-03-12 10:05:54 [main] ERROR l.i.u.p.SubmittedApplicationsPage - Error selecting radio button: Expected condition failed: waiting for element to be clickable: By.xpath: (//input[@type='radio' and @value='false'])[13] (tried for 10 second(s) with 500 milliseconds interval)
Build info: version: '4.27.0', revision: 'd6e718d134'
System info: os.name: 'Windows 11', os.arch: 'amd64', os.version: '10.0', java.version: '21.0.3'
Driver info: org.openqa.selenium.chrome.ChromeDriver
Capabilities {acceptInsecureCerts: false, browserName: chrome, browserVersion: 134.0.6998.88, chrome: {chromedriverVersion: 134.0.6998.88 (7e3d5c978c6d..., userDataDir: C:\Users\INGRID~1.ZAD\AppDa...}, fedcm:accounts: true, goog:chromeOptions: {debuggerAddress: localhost:56834}, networkConnectionEnabled: false, pageLoadStrategy: normal, platformName: windows, proxy: Proxy(), se:cdp: ws://localhost:56834/devtoo..., se:cdpVersion: 134.0.6998.88, setWindowRect: true, strictFileInteractability: false, timeouts: {implicit: 0, pageLoad: 300000, script: 30000}, unhandledPromptBehavior: dismiss and notify, webauthn:extension:credBlob: true, webauthn:extension:largeBlob: true, webauthn:extension:minPinLength: true, webauthn:extension:prf: true, webauthn:virtualAuthenticators: true}
Session ID: e0cc5dc50cb6b33fbd9417201375a8bc
2025-03-12 10:05:54 [main] INFO  l.i.u.t.SubmittedApplicationsPageTest - Marking 'Ne' radio button 6
2025-03-12 10:06:04 [main] ERROR l.i.u.p.SubmittedApplicationsPage - Error selecting radio button: Expected condition failed: waiting for element to be clickable: By.xpath: (//input[@type='radio' and @value='true'])[14] (tried for 10 second(s) with 500 milliseconds interval)
Build info: version: '4.27.0', revision: 'd6e718d134'
System info: os.name: 'Windows 11', os.arch: 'amd64', os.version: '10.0', java.version: '21.0.3'
Driver info: org.openqa.selenium.chrome.ChromeDriver
Capabilities {acceptInsecureCerts: false, browserName: chrome, browserVersion: 134.0.6998.88, chrome: {chromedriverVersion: 134.0.6998.88 (7e3d5c978c6d..., userDataDir: C:\Users\INGRID~1.ZAD\AppDa...}, fedcm:accounts: true, goog:chromeOptions: {debuggerAddress: localhost:56834}, networkConnectionEnabled: false, pageLoadStrategy: normal, platformName: windows, proxy: Proxy(), se:cdp: ws://localhost:56834/devtoo..., se:cdpVersion: 134.0.6998.88, setWindowRect: true, strictFileInteractability: false, timeouts: {implicit: 0, pageLoad: 300000, script: 30000}, unhandledPromptBehavior: dismiss and notify, webauthn:extension:credBlob: true, webauthn:extension:largeBlob: true, webauthn:extension:minPinLength: true, webauthn:extension:prf: true, webauthn:virtualAuthenticators: true}
Session ID: e0cc5dc50cb6b33fbd9417201375a8bc
2025-03-12 10:06:04 [main] INFO  l.i.u.t.SubmittedApplicationsPageTest - Marking 'Taip' radio button 7
2025-03-12 10:06:14 [main] ERROR l.i.u.p.SubmittedApplicationsPage - Error selecting radio button: Expected condition failed: waiting for element to be clickable: By.xpath: (//input[@type='radio' and @value='true'])[15] (tried for 10 second(s) with 500 milliseconds interval)
Build info: version: '4.27.0', revision: 'd6e718d134'
System info: os.name: 'Windows 11', os.arch: 'amd64', os.version: '10.0', java.version: '21.0.3'
Driver info: org.openqa.selenium.chrome.ChromeDriver
Capabilities {acceptInsecureCerts: false, browserName: chrome, browserVersion: 134.0.6998.88, chrome: {chromedriverVersion: 134.0.6998.88 (7e3d5c978c6d..., userDataDir: C:\Users\INGRID~1.ZAD\AppDa...}, fedcm:accounts: true, goog:chromeOptions: {debuggerAddress: localhost:56834}, networkConnectionEnabled: false, pageLoadStrategy: normal, platformName: windows, proxy: Proxy(), se:cdp: ws://localhost:56834/devtoo..., se:cdpVersion: 134.0.6998.88, setWindowRect: true, strictFileInteractability: false, timeouts: {implicit: 0, pageLoad: 300000, script: 30000}, unhandledPromptBehavior: dismiss and notify, webauthn:extension:credBlob: true, webauthn:extension:largeBlob: true, webauthn:extension:minPinLength: true, webauthn:extension:prf: true, webauthn:virtualAuthenticators: true}
Session ID: e0cc5dc50cb6b33fbd9417201375a8bc
2025-03-12 10:06:14 [main] INFO  l.i.u.t.SubmittedApplicationsPageTest - Marking 'Taip' radio button 8
2025-03-12 10:06:24 [main] ERROR l.i.u.p.SubmittedApplicationsPage - Error selecting radio button: Expected condition failed: waiting for element to be clickable: By.xpath: (//input[@type='radio' and @value='true'])[16] (tried for 10 second(s) with 500 milliseconds interval)
Build info: version: '4.27.0', revision: 'd6e718d134'
System info: os.name: 'Windows 11', os.arch: 'amd64', os.version: '10.0', java.version: '21.0.3'
Driver info: org.openqa.selenium.chrome.ChromeDriver
Capabilities {acceptInsecureCerts: false, browserName: chrome, browserVersion: 134.0.6998.88, chrome: {chromedriverVersion: 134.0.6998.88 (7e3d5c978c6d..., userDataDir: C:\Users\INGRID~1.ZAD\AppDa...}, fedcm:accounts: true, goog:chromeOptions: {debuggerAddress: localhost:56834}, networkConnectionEnabled: false, pageLoadStrategy: normal, platformName: windows, proxy: Proxy(), se:cdp: ws://localhost:56834/devtoo..., se:cdpVersion: 134.0.6998.88, setWindowRect: true, strictFileInteractability: false, timeouts: {implicit: 0, pageLoad: 300000, script: 30000}, unhandledPromptBehavior: dismiss and notify, webauthn:extension:credBlob: true, webauthn:extension:largeBlob: true, webauthn:extension:minPinLength: true, webauthn:extension:prf: true, webauthn:virtualAuthenticators: true}
Session ID: e0cc5dc50cb6b33fbd9417201375a8bc
2025-03-12 10:06:24 [main] INFO  l.i.u.t.SubmittedApplicationsPageTest - Marking 'Taip' radio button 9
2025-03-12 10:06:34 [main] ERROR l.i.u.p.SubmittedApplicationsPage - Error selecting radio button: Expected condition failed: waiting for element to be clickable: By.xpath: (//input[@type='radio' and @value='true'])[17] (tried for 10 second(s) with 500 milliseconds interval)
Build info: version: '4.27.0', revision: 'd6e718d134'
System info: os.name: 'Windows 11', os.arch: 'amd64', os.version: '10.0', java.version: '21.0.3'
Driver info: org.openqa.selenium.chrome.ChromeDriver
Capabilities {acceptInsecureCerts: false, browserName: chrome, browserVersion: 134.0.6998.88, chrome: {chromedriverVersion: 134.0.6998.88 (7e3d5c978c6d..., userDataDir: C:\Users\INGRID~1.ZAD\AppDa...}, fedcm:accounts: true, goog:chromeOptions: {debuggerAddress: localhost:56834}, networkConnectionEnabled: false, pageLoadStrategy: normal, platformName: windows, proxy: Proxy(), se:cdp: ws://localhost:56834/devtoo..., se:cdpVersion: 134.0.6998.88, setWindowRect: true, strictFileInteractability: false, timeouts: {implicit: 0, pageLoad: 300000, script: 30000}, unhandledPromptBehavior: dismiss and notify, webauthn:extension:credBlob: true, webauthn:extension:largeBlob: true, webauthn:extension:minPinLength: true, webauthn:extension:prf: true, webauthn:virtualAuthenticators: true}
Session ID: e0cc5dc50cb6b33fbd9417201375a8bc
2025-03-12 10:06:34 [main] INFO  l.i.u.t.SubmittedApplicationsPageTest - Marking 'Taip' radio button 10
2025-03-12 10:06:44 [main] ERROR l.i.u.p.SubmittedApplicationsPage - Error selecting radio button: Expected condition failed: waiting for element to be clickable: By.xpath: (//input[@type='radio' and @value='true'])[18] (tried for 10 second(s) with 500 milliseconds interval)
Build info: version: '4.27.0', revision: 'd6e718d134'
System info: os.name: 'Windows 11', os.arch: 'amd64', os.version: '10.0', java.version: '21.0.3'
Driver info: org.openqa.selenium.chrome.ChromeDriver
Capabilities {acceptInsecureCerts: false, browserName: chrome, browserVersion: 134.0.6998.88, chrome: {chromedriverVersion: 134.0.6998.88 (7e3d5c978c6d..., userDataDir: C:\Users\INGRID~1.ZAD\AppDa...}, fedcm:accounts: true, goog:chromeOptions: {debuggerAddress: localhost:56834}, networkConnectionEnabled: false, pageLoadStrategy: normal, platformName: windows, proxy: Proxy(), se:cdp: ws://localhost:56834/devtoo..., se:cdpVersion: 134.0.6998.88, setWindowRect: true, strictFileInteractability: false, timeouts: {implicit: 0, pageLoad: 300000, script: 30000}, unhandledPromptBehavior: dismiss and notify, webauthn:extension:credBlob: true, webauthn:extension:largeBlob: true, webauthn:extension:minPinLength: true, webauthn:extension:prf: true, webauthn:virtualAuthenticators: true}
Session ID: e0cc5dc50cb6b33fbd9417201375a8bc
2025-03-12 10:06:44 [main] INFO  l.i.u.t.SubmittedApplicationsPageTest - Marking 'Taip' radio button 11
2025-03-12 10:06:54 [main] ERROR l.i.u.p.SubmittedApplicationsPage - Error selecting radio button: Expected condition failed: waiting for element to be clickable: By.xpath: (//input[@type='radio' and @value='true'])[19] (tried for 10 second(s) with 500 milliseconds interval)
Build info: version: '4.27.0', revision: 'd6e718d134'
System info: os.name: 'Windows 11', os.arch: 'amd64', os.version: '10.0', java.version: '21.0.3'
Driver info: org.openqa.selenium.chrome.ChromeDriver
Capabilities {acceptInsecureCerts: false, browserName: chrome, browserVersion: 134.0.6998.88, chrome: {chromedriverVersion: 134.0.6998.88 (7e3d5c978c6d..., userDataDir: C:\Users\INGRID~1.ZAD\AppDa...}, fedcm:accounts: true, goog:chromeOptions: {debuggerAddress: localhost:56834}, networkConnectionEnabled: false, pageLoadStrategy: normal, platformName: windows, proxy: Proxy(), se:cdp: ws://localhost:56834/devtoo..., se:cdpVersion: 134.0.6998.88, setWindowRect: true, strictFileInteractability: false, timeouts: {implicit: 0, pageLoad: 300000, script: 30000}, unhandledPromptBehavior: dismiss and notify, webauthn:extension:credBlob: true, webauthn:extension:largeBlob: true, webauthn:extension:minPinLength: true, webauthn:extension:prf: true, webauthn:virtualAuthenticators: true}
Session ID: e0cc5dc50cb6b33fbd9417201375a8bc
2025-03-12 10:06:54 [main] INFO  l.i.u.t.SubmittedApplicationsPageTest - Marking 'Taip' radio button 12
2025-03-12 10:07:05 [main] DEBUG l.i.u.t.SubmittedApplicationsPageTest - Checked 'ConfirmationStepFour'
2025-03-12 10:07:05 [main] DEBUG l.i.u.t.SubmittedApplicationsPageTest - Clicked 'Next' button after checkboxes.
2025-03-12 10:07:05 [main] INFO  l.i.u.p.SubmittedApplicationsPage - File uploaded successfully to an input element.
2025-03-12 10:07:05 [main] INFO  l.i.u.p.SubmittedApplicationsPage - File uploaded successfully to an input element.
2025-03-12 10:07:05 [main] INFO  l.i.u.p.SubmittedApplicationsPage - File uploaded successfully to an input element.
2025-03-12 10:07:05 [main] INFO  l.i.u.p.SubmittedApplicationsPage - File uploaded successfully to an input element.
2025-03-12 10:07:05 [main] INFO  l.i.u.p.SubmittedApplicationsPage - File uploaded successfully to an input element.
2025-03-12 10:07:05 [main] INFO  l.i.u.p.SubmittedApplicationsPage - File uploaded successfully to an input element.
2025-03-12 10:07:05 [main] INFO  l.i.u.p.SubmittedApplicationsPage - File uploaded successfully to an input element.
2025-03-12 10:07:05 [main] INFO  l.i.u.p.SubmittedApplicationsPage - File uploaded successfully to an input element.
2025-03-12 10:07:05 [main] INFO  l.i.u.p.SubmittedApplicationsPage - File uploaded successfully to an input element.
2025-03-12 10:07:05 [main] INFO  l.i.u.p.SubmittedApplicationsPage - File uploaded successfully to an input element.
2025-03-12 10:07:06 [main] DEBUG l.i.u.t.SubmittedApplicationsPageTest - Entered program name: 'Dokumentas 1'.
2025-03-12 10:07:06 [main] DEBUG l.i.u.t.SubmittedApplicationsPageTest - Entered program name: 'Dokumentas 2'.
2025-03-12 10:07:06 [main] DEBUG l.i.u.t.SubmittedApplicationsPageTest - Entered program name: 'Dokumentas 3'.
2025-03-12 10:07:06 [main] DEBUG l.i.u.t.SubmittedApplicationsPageTest - Entered program name: 'Dokumentas 4'.
2025-03-12 10:07:06 [main] DEBUG l.i.u.t.SubmittedApplicationsPageTest - Entered program name: 'Dokumentas 5'.
2025-03-12 10:07:06 [main] DEBUG l.i.u.t.SubmittedApplicationsPageTest - Entered program name: 'Dokumentas 6'.
2025-03-12 10:07:06 [main] DEBUG l.i.u.t.SubmittedApplicationsPageTest - Entered program name: 'Dokumentas 4'.
2025-03-12 10:07:07 [main] DEBUG l.i.u.t.SubmittedApplicationsPageTest - Entered program name: 'Dokumentas 8'.
2025-03-12 10:07:07 [main] DEBUG l.i.u.t.SubmittedApplicationsPageTest - Entered program name: 'Dokumentas 9'.
2025-03-12 10:07:07 [main] DEBUG l.i.u.t.SubmittedApplicationsPageTest - Entered program name: 'Dokumentas 10'.
2025-03-12 10:07:17 [main] DEBUG l.i.u.t.SubmittedApplicationsPageTest - Checked 'ConfirmationDocument'
2025-03-12 10:07:27 [main] DEBUG l.i.u.t.SubmittedApplicationsPageTest - Checked 'ConfirmationApplication'
2025-03-12 10:07:27 [main] DEBUG l.i.u.t.SubmittedApplicationsPageTest - Clicked 'SaveDraft' button after checkboxes.
2025-03-12 10:07:27 [main] DEBUG l.i.uztis.pages.ApplicationFormsPage - Verified success message: 'Ruošinys sėkmingai išsaugotas.'
2025-03-12 10:07:27 [main] INFO  l.i.u.t.SubmittedApplicationsPageTest - Verified success message
2025-03-12 10:07:27 [main] DEBUG l.i.u.t.SubmittedApplicationsPageTest - Clicked 'Review' button after checkboxes.
2025-03-12 10:07:27 [main] INFO  l.i.u.t.SubmittedApplicationsPageTest - Test 'testFillNewVUIApplicationFA' completed successfully.
2025-03-12 10:08:55 [main] INFO  lt.insoft.uztis.tests.UztisPageTest - Navigated to https://uztisdev.asseco.lt/home
2025-03-12 10:08:55 [main] INFO  l.i.u.t.SubmittedApplicationsPageTest - Starting test:'testAddEvaluators'
2025-03-12 10:08:56 [main] DEBUG l.i.u.t.SubmittedApplicationsPageTest - User logged in with test credentials.
2025-03-12 10:08:56 [main] DEBUG l.i.u.t.SubmittedApplicationsPageTest - Opened 'Application Processing' menu.
2025-03-12 10:08:56 [main] DEBUG l.i.u.t.SubmittedApplicationsPageTest - Clicked on 'Application Forms' menu.
2025-03-12 10:08:57 [main] DEBUG l.i.u.t.SubmittedApplicationsPageTest - Retrieved last description code text: 'TST-VUI-52'.
2025-03-12 10:08:57 [main] DEBUG l.i.u.t.SubmittedApplicationsPageTest - Clicked on 'Invitation' menu.
2025-03-12 10:08:58 [main] DEBUG l.i.u.t.SubmittedApplicationsPageTest - Selected application section by code: 'TST-VUI-52'.
2025-03-12 10:08:58 [main] DEBUG l.i.u.t.SubmittedApplicationsPageTest - Clicked 'Search' button.
2025-03-12 10:08:58 [main] DEBUG l.i.u.t.SubmittedApplicationsPageTest - Retrieved invitation code: ''.
2025-03-12 10:08:58 [main] DEBUG l.i.u.t.SubmittedApplicationsPageTest - Clicked on 'Submitted Applications' menu.
2025-03-12 10:09:00 [main] DEBUG l.i.u.t.SubmittedApplicationsPageTest - Selected invitation by code: 'TST-VUI-52'.
2025-03-12 10:09:00 [main] DEBUG l.i.u.t.SubmittedApplicationsPageTest - Invitation code inserted.
2025-03-12 10:09:00 [main] DEBUG l.i.u.t.SubmittedApplicationsPageTest - Clicked on 'Action Application' button.
2025-03-12 10:09:00 [main] DEBUG l.i.u.t.SubmittedApplicationsPageTest - Clicked on 'Add Evaluators' button.
2025-03-12 10:09:00 [main] DEBUG l.i.u.t.SubmittedApplicationsPageTest - Entered first evaluation date.
2025-03-12 10:09:00 [main] DEBUG l.i.u.t.SubmittedApplicationsPageTest - Entered second evaluation date.
2025-03-12 10:09:01 [main] DEBUG l.i.u.t.SubmittedApplicationsPageTest - Entered third evaluation date.
2025-03-12 10:09:01 [main] DEBUG l.i.u.t.SubmittedApplicationsPageTest - Clicked on 'Add Evaluators' confirmation button.
2025-03-12 10:09:01 [main] DEBUG l.i.uztis.pages.ApplicationFormsPage - Verified success message: 'Paraiškų vertinimai sėkmingai priskirti vertintojams.'
2025-03-12 10:09:01 [main] INFO  l.i.u.t.SubmittedApplicationsPageTest - Verified success message
2025-03-12 10:09:01 [main] INFO  l.i.u.t.SubmittedApplicationsPageTest - Test 'testAddEvaluators' completed successfully.
2025-03-12 10:12:26 [main] INFO  lt.insoft.uztis.tests.UztisPageTest - Navigated to https://uztisdev.asseco.lt/home
2025-03-12 10:12:26 [main] INFO  l.i.u.t.SubmittedApplicationsPageTest - Starting test:'testFillNewDVPApplicationFA'
2025-03-12 10:12:26 [main] DEBUG l.i.u.t.SubmittedApplicationsPageTest - User logged in with test credentials.
2025-03-12 10:12:27 [main] DEBUG l.i.u.t.SubmittedApplicationsPageTest - Opened 'Application Processing' menu.
2025-03-12 10:12:27 [main] DEBUG l.i.u.t.SubmittedApplicationsPageTest - Clicked on 'Application Forms' menu.
2025-03-12 10:12:28 [main] DEBUG l.i.u.t.SubmittedApplicationsPageTest - Retrieved last description code text: 'TST-DVP-22'.
2025-03-12 10:12:29 [main] DEBUG l.i.u.t.SubmittedApplicationsPageTest - Clicked on 'Invitation' menu.
2025-03-12 10:12:29 [main] DEBUG l.i.u.t.SubmittedApplicationsPageTest - Selected application section by code: 'TST-DVP-22'.
2025-03-12 10:12:29 [main] DEBUG l.i.u.t.SubmittedApplicationsPageTest - Clicked 'Search' button.
2025-03-12 10:12:30 [main] DEBUG l.i.u.t.SubmittedApplicationsPageTest - Retrieved invitation code: ''.
2025-03-12 10:12:30 [main] DEBUG l.i.u.t.SubmittedApplicationsPageTest - Clicked on 'Submitted Applications' menu.
2025-03-12 10:12:31 [main] DEBUG l.i.u.t.SubmittedApplicationsPageTest - Selected invitation by code: 'TST-DVP-22'.
2025-03-12 10:12:31 [main] DEBUG l.i.u.t.SubmittedApplicationsPageTest - Invitation code inserted.
2025-03-12 10:12:31 [main] DEBUG l.i.u.t.SubmittedApplicationsPageTest - Clicked on 'Action Application' button.
2025-03-12 10:12:31 [main] DEBUG l.i.u.t.SubmittedApplicationsPageTest - Clicked on 'New Application' button.
2025-03-12 10:12:31 [main] DEBUG l.i.u.t.SubmittedApplicationsPageTest - Selected the 'RadioButtonFA' option.
2025-03-12 10:12:32 [main] DEBUG l.i.u.t.SubmittedApplicationsPageTest - Entered phone number: '61298745'.
2025-03-12 10:12:32 [main] DEBUG l.i.u.t.SubmittedApplicationsPageTest - Entered email: 'test@autotest.com'.
2025-03-12 10:12:32 [main] DEBUG l.i.u.t.SubmittedApplicationsPageTest - Checked 'For workplace adaptation' checkbox 1.
2025-03-12 10:12:32 [main] DEBUG l.i.u.t.SubmittedApplicationsPageTest - Checked 'For environmental adaptation' checkbox 2.
2025-03-12 10:12:32 [main] INFO  l.i.u.p.SubmittedApplicationsPage - Located the dropdown button.
2025-03-12 10:12:51 [main] INFO  l.i.u.p.SubmittedApplicationsPage - Found 1741 options in the dropdown.
2025-03-12 10:12:51 [main] INFO  l.i.u.p.SubmittedApplicationsPage - Successfully selected the value: '01.11 - Grūdinių (išskyrus ryžius), ankštinių ir aliejingų sėklų augalų auginimas'
2025-03-12 10:13:02 [main] ERROR l.i.u.p.SubmittedApplicationsPage - Failed to close the dropdown with aria-expanded = 'false'. Attempting manual close.
2025-03-12 10:13:02 [main] INFO  l.i.u.p.SubmittedApplicationsPage - Manual close attempt for the dropdown using body click.
2025-03-12 10:13:02 [main] DEBUG l.i.u.t.SubmittedApplicationsPageTest - Selected EVRK value: '01.11 - Grūdinių (išskyrus ryžius), ankštinių ir aliejingų sėklų augalų auginimas'.
2025-03-12 10:13:02 [main] DEBUG l.i.u.t.SubmittedApplicationsPageTest - Clicked on 'Address Component' button.
2025-03-12 10:13:02 [main] INFO  l.i.u.p.SubmittedApplicationsPage - Located the dropdown button.
2025-03-12 10:13:05 [main] INFO  l.i.u.p.SubmittedApplicationsPage - Successfully selected the value: 'Lietuva'
2025-03-12 10:13:05 [main] DEBUG l.i.u.t.SubmittedApplicationsPageTest - Selected country: 'Lietuva'.
2025-03-12 10:13:05 [main] INFO  l.i.u.p.SubmittedApplicationsPage - Located the dropdown search field.
2025-03-12 10:13:05 [main] INFO  l.i.u.p.SubmittedApplicationsPage - Dropdown city is opened.
2025-03-12 10:13:06 [main] INFO  l.i.u.p.SubmittedApplicationsPage - Searched for value: 'Vilnius'
2025-03-12 10:13:06 [main] INFO  l.i.u.p.SubmittedApplicationsPage - Successfully selected: 'Vilnius'
2025-03-12 10:13:06 [main] INFO  l.i.u.p.SubmittedApplicationsPage - Located the dropdown button.
2025-03-12 10:13:07 [main] INFO  l.i.u.p.SubmittedApplicationsPage - Successfully selected the value: 'A. Domaševičiaus g.'
2025-03-12 10:13:07 [main] DEBUG l.i.u.t.SubmittedApplicationsPageTest - Selected street: 'A. Domaševičiaus g.'.
2025-03-12 10:13:07 [main] INFO  l.i.u.p.SubmittedApplicationsPage - Located the dropdown button.
2025-03-12 10:13:07 [main] INFO  l.i.u.p.SubmittedApplicationsPage - Successfully selected the value: '1'
2025-03-12 10:13:08 [main] DEBUG l.i.u.t.SubmittedApplicationsPageTest - Selected house: '1'.
2025-03-12 10:13:08 [main] INFO  l.i.u.p.SubmittedApplicationsPage - Located the dropdown button.
2025-03-12 10:13:08 [main] INFO  l.i.u.p.SubmittedApplicationsPage - Successfully selected the value: '1'
2025-03-12 10:13:08 [main] DEBUG l.i.u.t.SubmittedApplicationsPageTest - Selected apartment: '1'.
2025-03-12 10:13:08 [main] DEBUG l.i.u.t.SubmittedApplicationsPageTest - Clicked 'Confirm' button.
2025-03-12 10:13:08 [main] DEBUG l.i.u.t.SubmittedApplicationsPageTest - Selected 'For already working' option.
2025-03-12 10:13:08 [main] DEBUG l.i.u.t.SubmittedApplicationsPageTest - Selected 'For new working' option.
2025-03-12 10:13:08 [main] DEBUG l.i.u.t.SubmittedApplicationsPageTest - Entered person count2: '1'.
2025-03-12 10:13:09 [main] DEBUG l.i.u.t.SubmittedApplicationsPageTest - Clicked 'Next' button after checkboxes.
2025-03-12 10:13:09 [main] INFO  l.i.u.p.SubmittedApplicationsPage - Located the dropdown button.
2025-03-12 10:13:09 [main] INFO  l.i.u.p.SubmittedApplicationsPage - Successfully selected the value: 'Administratoriai'
2025-03-12 10:13:09 [main] DEBUG l.i.u.t.SubmittedApplicationsPageTest - Selected adaptable job name: 'Administratoriai'.
2025-03-12 10:13:10 [main] DEBUG l.i.u.t.SubmittedApplicationsPageTest - Entered job date.
2025-03-12 10:13:10 [main] DEBUG l.i.u.t.SubmittedApplicationsPageTest - Entered job function: 'Funkcija 1'.
2025-03-12 10:13:10 [main] DEBUG l.i.u.t.SubmittedApplicationsPageTest - Selected 'For already working' 'no' option.
2025-03-12 10:13:10 [main] INFO  l.i.u.p.SubmittedApplicationsPage - Clicking on the dropdown button.
2025-03-12 10:13:11 [main] INFO  l.i.u.p.SubmittedApplicationsPage - Found 6 options in the dropdown.
2025-03-12 10:13:11 [main] DEBUG l.i.u.p.SubmittedApplicationsPage - Checking option: 'Lengvo neįgalumo lygis ar 45-55 procentų dalyvumo lygis (iki 2023 m. gruodžio 31 d. – 45-55 procentų darbingumo lygis)'
2025-03-12 10:13:11 [main] INFO  l.i.u.p.SubmittedApplicationsPage - Successfully selected the value: 'Lengvo neįgalumo lygis ar 45-55 procentų dalyvumo lygis (iki 2023 m. gruodžio 31 d. – 45-55 procentų darbingumo lygis)'
2025-03-12 10:13:11 [main] INFO  l.i.u.p.SubmittedApplicationsPage - Attempting to close the dropdown.
2025-03-12 10:13:11 [main] DEBUG l.i.u.t.SubmittedApplicationsPageTest - Selected disabilities type: 'Lengvo neįgalumo lygis ar 45-55 procentų dalyvumo lygis (iki 2023 m. gruodžio 31 d. – 45-55 procentų darbingumo lygis)'.
2025-03-12 10:13:12 [main] DEBUG l.i.u.t.SubmittedApplicationsPageTest - Entered disability information: 'Negalia 1'.
2025-03-12 10:13:12 [main] DEBUG l.i.u.t.SubmittedApplicationsPageTest - Entered qualification: 'Kvalifikacija 1'.
2025-03-12 10:13:12 [main] DEBUG l.i.u.t.SubmittedApplicationsPageTest - Entered job description: 'Darbo vietos aprašymas 1'.
2025-03-12 10:13:12 [main] DEBUG l.i.u.t.SubmittedApplicationsPageTest - Entered equipment description: 'Priemonių įsigyjimas 1'.
2025-03-12 10:13:13 [main] DEBUG l.i.u.t.SubmittedApplicationsPageTest - Entered work information: 'Darbai 1'.
2025-03-12 10:13:13 [main] INFO  l.i.u.p.SubmittedApplicationsPage - Located the dropdown button.
2025-03-12 10:13:13 [main] INFO  l.i.u.p.SubmittedApplicationsPage - Successfully selected the value: 'Kita'
2025-03-12 10:13:13 [main] DEBUG l.i.u.t.SubmittedApplicationsPageTest - Selected time mode: 'Kita'.
2025-03-12 10:13:14 [main] DEBUG l.i.u.t.SubmittedApplicationsPageTest - Selected time mode other: '6 val. per dieną ir 4 d. per savaitę'.
2025-03-12 10:13:14 [main] DEBUG l.i.u.t.SubmittedApplicationsPageTest - Entered salary amount: '1200'.
2025-03-12 10:13:14 [main] DEBUG l.i.u.t.SubmittedApplicationsPageTest - Selected 'Temporary Job' radio button.
2025-03-12 10:13:14 [main] DEBUG l.i.u.t.SubmittedApplicationsPageTest - Selected 'Season Job' radio button.
2025-03-12 10:13:14 [main] DEBUG l.i.u.t.SubmittedApplicationsPageTest - Selected 'PVM' radio button.
2025-03-12 10:13:14 [main] INFO  l.i.u.p.SubmittedApplicationsPage - Located the dropdown button.
2025-03-12 10:13:15 [main] INFO  l.i.u.p.SubmittedApplicationsPage - Successfully selected the value: 'Darbo vietos pritaikymui'
2025-03-12 10:13:45 [main] ERROR l.i.u.p.SubmittedApplicationsPage - Timeout while waiting for dropdown to close with aria-expanded = 'false'.
2025-03-12 10:13:45 [main] DEBUG l.i.u.t.SubmittedApplicationsPageTest - Selected adaptable job name: 'Darbo vietos pritaikymui'.
2025-03-12 10:13:45 [main] DEBUG l.i.u.p.SubmittedApplicationsPage - Located and clicked the dropdown button 'Reikalinga'.
2025-03-12 10:13:45 [main] INFO  l.i.u.p.SubmittedApplicationsPage - Successfully selected the value: 'Įsigyti'
2025-03-12 10:13:45 [main] DEBUG l.i.u.t.SubmittedApplicationsPageTest - Selected necessary for job: 'Įsigyti'.
2025-03-12 10:13:45 [main] DEBUG l.i.u.t.SubmittedApplicationsPageTest - Selected tool: 'Darbo priemonė 1'.
2025-03-12 10:13:45 [main] DEBUG l.i.u.t.SubmittedApplicationsPageTest - Selected tool parameter one: 'Darbo priemonės 1 parametras 1'.
2025-03-12 10:13:46 [main] DEBUG l.i.u.t.SubmittedApplicationsPageTest - Selected tool parameter two: 'Darbo priemonės 1 parametras 2'.
2025-03-12 10:13:46 [main] DEBUG l.i.u.t.SubmittedApplicationsPageTest - Selected tool parameter three: 'Darbo priemonės 1 parametras 3'.
2025-03-12 10:13:46 [main] DEBUG l.i.u.t.SubmittedApplicationsPageTest - Entered tool count: '1'.
2025-03-12 10:13:46 [main] DEBUG l.i.u.t.SubmittedApplicationsPageTest - Entered price amount: '1000'.
2025-03-12 10:13:46 [main] DEBUG l.i.u.t.SubmittedApplicationsPageTest - Entered own funds amount: '800'.
2025-03-12 10:13:46 [main] DEBUG l.i.u.t.SubmittedApplicationsPageTest - Clicked 'Add' button.
2025-03-12 10:13:46 [main] INFO  l.i.u.p.SubmittedApplicationsPage - Located the dropdown button.
2025-03-12 10:13:47 [main] INFO  l.i.u.p.SubmittedApplicationsPage - Successfully selected the value: 'Aplinkos pritaikymui'
2025-03-12 10:14:17 [main] ERROR l.i.u.p.SubmittedApplicationsPage - Timeout while waiting for dropdown to close with aria-expanded = 'false'.
2025-03-12 10:14:17 [main] DEBUG l.i.u.t.SubmittedApplicationsPageTest - Selected adaptable job name: 'Aplinkos pritaikymui'.
2025-03-12 10:14:17 [main] DEBUG l.i.u.p.SubmittedApplicationsPage - Located and clicked the dropdown button 'Reikalinga'.
2025-03-12 10:14:17 [main] INFO  l.i.u.p.SubmittedApplicationsPage - Successfully selected the value: 'Remontuoti'
2025-03-12 10:14:28 [main] DEBUG l.i.u.t.SubmittedApplicationsPageTest - Selected necessary for job: 'Remontuoti'.
2025-03-12 10:14:28 [main] DEBUG l.i.u.t.SubmittedApplicationsPageTest - Selected tool: 'Darbo priemonė 2 remontui'.
2025-03-12 10:14:28 [main] DEBUG l.i.u.t.SubmittedApplicationsPageTest - Entered tool count: '2'.
2025-03-12 10:14:29 [main] DEBUG l.i.u.t.SubmittedApplicationsPageTest - Entered price amount: '1000'.
2025-03-12 10:14:29 [main] DEBUG l.i.u.t.SubmittedApplicationsPageTest - Entered own funds amount: '900'.
2025-03-12 10:14:29 [main] DEBUG l.i.u.t.SubmittedApplicationsPageTest - Selected 'De Minimis' radio button.
2025-03-12 10:14:29 [main] DEBUG l.i.u.t.SubmittedApplicationsPageTest - Entered program name: 'Programa 1'.
2025-03-12 10:14:29 [main] DEBUG l.i.u.t.SubmittedApplicationsPageTest - Entered project date from.
2025-03-12 10:14:29 [main] DEBUG l.i.u.t.SubmittedApplicationsPageTest - Entered project date until.
2025-03-12 10:14:30 [main] DEBUG l.i.u.t.SubmittedApplicationsPageTest - Entered support amount: '2000'.
2025-03-12 10:14:30 [main] DEBUG l.i.u.t.SubmittedApplicationsPageTest - Clicked 'Next' button.
2025-03-12 10:14:40 [main] DEBUG l.i.u.t.SubmittedApplicationsPageTest - Checked 'Legal Entities' checkbox 1.
2025-03-12 10:14:50 [main] DEBUG l.i.u.t.SubmittedApplicationsPageTest - Checked 'Legal Entities' checkbox 2.
2025-03-12 10:15:00 [main] DEBUG l.i.u.t.SubmittedApplicationsPageTest - Checked 'Legal Entities' checkbox 3.
2025-03-12 10:15:00 [main] DEBUG l.i.u.t.SubmittedApplicationsPageTest - Test finished: All 'Legal Entities' checkboxes checked successfully.
2025-03-12 10:15:00 [main] DEBUG l.i.u.t.SubmittedApplicationsPageTest - Clicked 'Next' button after checkboxes.
2025-03-12 10:15:10 [main] ERROR l.i.u.p.SubmittedApplicationsPage - Error selecting radio button: Expected condition failed: waiting for element to be clickable: By.xpath: (//input[@type='radio' and @value='false'])[8] (tried for 10 second(s) with 500 milliseconds interval)
Build info: version: '4.27.0', revision: 'd6e718d134'
System info: os.name: 'Windows 11', os.arch: 'amd64', os.version: '10.0', java.version: '21.0.3'
Driver info: org.openqa.selenium.chrome.ChromeDriver
Capabilities {acceptInsecureCerts: false, browserName: chrome, browserVersion: 134.0.6998.88, chrome: {chromedriverVersion: 134.0.6998.88 (7e3d5c978c6d..., userDataDir: C:\Users\INGRID~1.ZAD\AppDa...}, fedcm:accounts: true, goog:chromeOptions: {debuggerAddress: localhost:57235}, networkConnectionEnabled: false, pageLoadStrategy: normal, platformName: windows, proxy: Proxy(), se:cdp: ws://localhost:57235/devtoo..., se:cdpVersion: 134.0.6998.88, setWindowRect: true, strictFileInteractability: false, timeouts: {implicit: 0, pageLoad: 300000, script: 30000}, unhandledPromptBehavior: dismiss and notify, webauthn:extension:credBlob: true, webauthn:extension:largeBlob: true, webauthn:extension:minPinLength: true, webauthn:extension:prf: true, webauthn:virtualAuthenticators: true}
Session ID: 3f9dac1406ba7a30ba2dc58f53d69298
2025-03-12 10:15:10 [main] INFO  l.i.u.t.SubmittedApplicationsPageTest - Marking 'Ne' radio button 1
2025-03-12 10:15:20 [main] ERROR l.i.u.p.SubmittedApplicationsPage - Error selecting radio button: Expected condition failed: waiting for element to be clickable: By.xpath: (//input[@type='radio' and @value='false'])[9] (tried for 10 second(s) with 500 milliseconds interval)
Build info: version: '4.27.0', revision: 'd6e718d134'
System info: os.name: 'Windows 11', os.arch: 'amd64', os.version: '10.0', java.version: '21.0.3'
Driver info: org.openqa.selenium.chrome.ChromeDriver
Capabilities {acceptInsecureCerts: false, browserName: chrome, browserVersion: 134.0.6998.88, chrome: {chromedriverVersion: 134.0.6998.88 (7e3d5c978c6d..., userDataDir: C:\Users\INGRID~1.ZAD\AppDa...}, fedcm:accounts: true, goog:chromeOptions: {debuggerAddress: localhost:57235}, networkConnectionEnabled: false, pageLoadStrategy: normal, platformName: windows, proxy: Proxy(), se:cdp: ws://localhost:57235/devtoo..., se:cdpVersion: 134.0.6998.88, setWindowRect: true, strictFileInteractability: false, timeouts: {implicit: 0, pageLoad: 300000, script: 30000}, unhandledPromptBehavior: dismiss and notify, webauthn:extension:credBlob: true, webauthn:extension:largeBlob: true, webauthn:extension:minPinLength: true, webauthn:extension:prf: true, webauthn:virtualAuthenticators: true}
Session ID: 3f9dac1406ba7a30ba2dc58f53d69298
2025-03-12 10:15:21 [main] INFO  l.i.u.t.SubmittedApplicationsPageTest - Marking 'Ne' radio button 2
2025-03-12 10:15:31 [main] ERROR l.i.u.p.SubmittedApplicationsPage - Error selecting radio button: Expected condition failed: waiting for element to be clickable: By.xpath: (//input[@type='radio' and @value='false'])[10] (tried for 10 second(s) with 500 milliseconds interval)
Build info: version: '4.27.0', revision: 'd6e718d134'
System info: os.name: 'Windows 11', os.arch: 'amd64', os.version: '10.0', java.version: '21.0.3'
Driver info: org.openqa.selenium.chrome.ChromeDriver
Capabilities {acceptInsecureCerts: false, browserName: chrome, browserVersion: 134.0.6998.88, chrome: {chromedriverVersion: 134.0.6998.88 (7e3d5c978c6d..., userDataDir: C:\Users\INGRID~1.ZAD\AppDa...}, fedcm:accounts: true, goog:chromeOptions: {debuggerAddress: localhost:57235}, networkConnectionEnabled: false, pageLoadStrategy: normal, platformName: windows, proxy: Proxy(), se:cdp: ws://localhost:57235/devtoo..., se:cdpVersion: 134.0.6998.88, setWindowRect: true, strictFileInteractability: false, timeouts: {implicit: 0, pageLoad: 300000, script: 30000}, unhandledPromptBehavior: dismiss and notify, webauthn:extension:credBlob: true, webauthn:extension:largeBlob: true, webauthn:extension:minPinLength: true, webauthn:extension:prf: true, webauthn:virtualAuthenticators: true}
Session ID: 3f9dac1406ba7a30ba2dc58f53d69298
2025-03-12 10:15:31 [main] INFO  l.i.u.t.SubmittedApplicationsPageTest - Marking 'Ne' radio button 3
2025-03-12 10:15:41 [main] ERROR l.i.u.p.SubmittedApplicationsPage - Error selecting radio button: Expected condition failed: waiting for element to be clickable: By.xpath: (//input[@type='radio' and @value='false'])[11] (tried for 10 second(s) with 500 milliseconds interval)
Build info: version: '4.27.0', revision: 'd6e718d134'
System info: os.name: 'Windows 11', os.arch: 'amd64', os.version: '10.0', java.version: '21.0.3'
Driver info: org.openqa.selenium.chrome.ChromeDriver
Capabilities {acceptInsecureCerts: false, browserName: chrome, browserVersion: 134.0.6998.88, chrome: {chromedriverVersion: 134.0.6998.88 (7e3d5c978c6d..., userDataDir: C:\Users\INGRID~1.ZAD\AppDa...}, fedcm:accounts: true, goog:chromeOptions: {debuggerAddress: localhost:57235}, networkConnectionEnabled: false, pageLoadStrategy: normal, platformName: windows, proxy: Proxy(), se:cdp: ws://localhost:57235/devtoo..., se:cdpVersion: 134.0.6998.88, setWindowRect: true, strictFileInteractability: false, timeouts: {implicit: 0, pageLoad: 300000, script: 30000}, unhandledPromptBehavior: dismiss and notify, webauthn:extension:credBlob: true, webauthn:extension:largeBlob: true, webauthn:extension:minPinLength: true, webauthn:extension:prf: true, webauthn:virtualAuthenticators: true}
Session ID: 3f9dac1406ba7a30ba2dc58f53d69298
2025-03-12 10:15:41 [main] INFO  l.i.u.t.SubmittedApplicationsPageTest - Marking 'Ne' radio button 4
2025-03-12 10:15:51 [main] ERROR l.i.u.p.SubmittedApplicationsPage - Error selecting radio button: Expected condition failed: waiting for element to be clickable: By.xpath: (//input[@type='radio' and @value='false'])[12] (tried for 10 second(s) with 500 milliseconds interval)
Build info: version: '4.27.0', revision: 'd6e718d134'
System info: os.name: 'Windows 11', os.arch: 'amd64', os.version: '10.0', java.version: '21.0.3'
Driver info: org.openqa.selenium.chrome.ChromeDriver
Capabilities {acceptInsecureCerts: false, browserName: chrome, browserVersion: 134.0.6998.88, chrome: {chromedriverVersion: 134.0.6998.88 (7e3d5c978c6d..., userDataDir: C:\Users\INGRID~1.ZAD\AppDa...}, fedcm:accounts: true, goog:chromeOptions: {debuggerAddress: localhost:57235}, networkConnectionEnabled: false, pageLoadStrategy: normal, platformName: windows, proxy: Proxy(), se:cdp: ws://localhost:57235/devtoo..., se:cdpVersion: 134.0.6998.88, setWindowRect: true, strictFileInteractability: false, timeouts: {implicit: 0, pageLoad: 300000, script: 30000}, unhandledPromptBehavior: dismiss and notify, webauthn:extension:credBlob: true, webauthn:extension:largeBlob: true, webauthn:extension:minPinLength: true, webauthn:extension:prf: true, webauthn:virtualAuthenticators: true}
Session ID: 3f9dac1406ba7a30ba2dc58f53d69298
2025-03-12 10:15:51 [main] INFO  l.i.u.t.SubmittedApplicationsPageTest - Marking 'Ne' radio button 5
2025-03-12 10:16:01 [main] ERROR l.i.u.p.SubmittedApplicationsPage - Error selecting radio button: Expected condition failed: waiting for element to be clickable: By.xpath: (//input[@type='radio' and @value='false'])[13] (tried for 10 second(s) with 500 milliseconds interval)
Build info: version: '4.27.0', revision: 'd6e718d134'
System info: os.name: 'Windows 11', os.arch: 'amd64', os.version: '10.0', java.version: '21.0.3'
Driver info: org.openqa.selenium.chrome.ChromeDriver
Capabilities {acceptInsecureCerts: false, browserName: chrome, browserVersion: 134.0.6998.88, chrome: {chromedriverVersion: 134.0.6998.88 (7e3d5c978c6d..., userDataDir: C:\Users\INGRID~1.ZAD\AppDa...}, fedcm:accounts: true, goog:chromeOptions: {debuggerAddress: localhost:57235}, networkConnectionEnabled: false, pageLoadStrategy: normal, platformName: windows, proxy: Proxy(), se:cdp: ws://localhost:57235/devtoo..., se:cdpVersion: 134.0.6998.88, setWindowRect: true, strictFileInteractability: false, timeouts: {implicit: 0, pageLoad: 300000, script: 30000}, unhandledPromptBehavior: dismiss and notify, webauthn:extension:credBlob: true, webauthn:extension:largeBlob: true, webauthn:extension:minPinLength: true, webauthn:extension:prf: true, webauthn:virtualAuthenticators: true}
Session ID: 3f9dac1406ba7a30ba2dc58f53d69298
2025-03-12 10:16:01 [main] INFO  l.i.u.t.SubmittedApplicationsPageTest - Marking 'Ne' radio button 6
2025-03-12 10:16:11 [main] ERROR l.i.u.p.SubmittedApplicationsPage - Error selecting radio button: Expected condition failed: waiting for element to be clickable: By.xpath: (//input[@type='radio' and @value='true'])[14] (tried for 10 second(s) with 500 milliseconds interval)
Build info: version: '4.27.0', revision: 'd6e718d134'
System info: os.name: 'Windows 11', os.arch: 'amd64', os.version: '10.0', java.version: '21.0.3'
Driver info: org.openqa.selenium.chrome.ChromeDriver
Capabilities {acceptInsecureCerts: false, browserName: chrome, browserVersion: 134.0.6998.88, chrome: {chromedriverVersion: 134.0.6998.88 (7e3d5c978c6d..., userDataDir: C:\Users\INGRID~1.ZAD\AppDa...}, fedcm:accounts: true, goog:chromeOptions: {debuggerAddress: localhost:57235}, networkConnectionEnabled: false, pageLoadStrategy: normal, platformName: windows, proxy: Proxy(), se:cdp: ws://localhost:57235/devtoo..., se:cdpVersion: 134.0.6998.88, setWindowRect: true, strictFileInteractability: false, timeouts: {implicit: 0, pageLoad: 300000, script: 30000}, unhandledPromptBehavior: dismiss and notify, webauthn:extension:credBlob: true, webauthn:extension:largeBlob: true, webauthn:extension:minPinLength: true, webauthn:extension:prf: true, webauthn:virtualAuthenticators: true}
Session ID: 3f9dac1406ba7a30ba2dc58f53d69298
2025-03-12 10:16:11 [main] INFO  l.i.u.t.SubmittedApplicationsPageTest - Marking 'Taip' radio button 7
2025-03-12 10:16:21 [main] ERROR l.i.u.p.SubmittedApplicationsPage - Error selecting radio button: Expected condition failed: waiting for element to be clickable: By.xpath: (//input[@type='radio' and @value='true'])[15] (tried for 10 second(s) with 500 milliseconds interval)
Build info: version: '4.27.0', revision: 'd6e718d134'
System info: os.name: 'Windows 11', os.arch: 'amd64', os.version: '10.0', java.version: '21.0.3'
Driver info: org.openqa.selenium.chrome.ChromeDriver
Capabilities {acceptInsecureCerts: false, browserName: chrome, browserVersion: 134.0.6998.88, chrome: {chromedriverVersion: 134.0.6998.88 (7e3d5c978c6d..., userDataDir: C:\Users\INGRID~1.ZAD\AppDa...}, fedcm:accounts: true, goog:chromeOptions: {debuggerAddress: localhost:57235}, networkConnectionEnabled: false, pageLoadStrategy: normal, platformName: windows, proxy: Proxy(), se:cdp: ws://localhost:57235/devtoo..., se:cdpVersion: 134.0.6998.88, setWindowRect: true, strictFileInteractability: false, timeouts: {implicit: 0, pageLoad: 300000, script: 30000}, unhandledPromptBehavior: dismiss and notify, webauthn:extension:credBlob: true, webauthn:extension:largeBlob: true, webauthn:extension:minPinLength: true, webauthn:extension:prf: true, webauthn:virtualAuthenticators: true}
Session ID: 3f9dac1406ba7a30ba2dc58f53d69298
2025-03-12 10:16:21 [main] INFO  l.i.u.t.SubmittedApplicationsPageTest - Marking 'Taip' radio button 8
2025-03-12 10:16:31 [main] ERROR l.i.u.p.SubmittedApplicationsPage - Error selecting radio button: Expected condition failed: waiting for element to be clickable: By.xpath: (//input[@type='radio' and @value='true'])[16] (tried for 10 second(s) with 500 milliseconds interval)
Build info: version: '4.27.0', revision: 'd6e718d134'
System info: os.name: 'Windows 11', os.arch: 'amd64', os.version: '10.0', java.version: '21.0.3'
Driver info: org.openqa.selenium.chrome.ChromeDriver
Capabilities {acceptInsecureCerts: false, browserName: chrome, browserVersion: 134.0.6998.88, chrome: {chromedriverVersion: 134.0.6998.88 (7e3d5c978c6d..., userDataDir: C:\Users\INGRID~1.ZAD\AppDa...}, fedcm:accounts: true, goog:chromeOptions: {debuggerAddress: localhost:57235}, networkConnectionEnabled: false, pageLoadStrategy: normal, platformName: windows, proxy: Proxy(), se:cdp: ws://localhost:57235/devtoo..., se:cdpVersion: 134.0.6998.88, setWindowRect: true, strictFileInteractability: false, timeouts: {implicit: 0, pageLoad: 300000, script: 30000}, unhandledPromptBehavior: dismiss and notify, webauthn:extension:credBlob: true, webauthn:extension:largeBlob: true, webauthn:extension:minPinLength: true, webauthn:extension:prf: true, webauthn:virtualAuthenticators: true}
Session ID: 3f9dac1406ba7a30ba2dc58f53d69298
2025-03-12 10:16:31 [main] INFO  l.i.u.t.SubmittedApplicationsPageTest - Marking 'Taip' radio button 9
2025-03-12 10:16:41 [main] ERROR l.i.u.p.SubmittedApplicationsPage - Error selecting radio button: Expected condition failed: waiting for element to be clickable: By.xpath: (//input[@type='radio' and @value='true'])[17] (tried for 10 second(s) with 500 milliseconds interval)
Build info: version: '4.27.0', revision: 'd6e718d134'
System info: os.name: 'Windows 11', os.arch: 'amd64', os.version: '10.0', java.version: '21.0.3'
Driver info: org.openqa.selenium.chrome.ChromeDriver
Capabilities {acceptInsecureCerts: false, browserName: chrome, browserVersion: 134.0.6998.88, chrome: {chromedriverVersion: 134.0.6998.88 (7e3d5c978c6d..., userDataDir: C:\Users\INGRID~1.ZAD\AppDa...}, fedcm:accounts: true, goog:chromeOptions: {debuggerAddress: localhost:57235}, networkConnectionEnabled: false, pageLoadStrategy: normal, platformName: windows, proxy: Proxy(), se:cdp: ws://localhost:57235/devtoo..., se:cdpVersion: 134.0.6998.88, setWindowRect: true, strictFileInteractability: false, timeouts: {implicit: 0, pageLoad: 300000, script: 30000}, unhandledPromptBehavior: dismiss and notify, webauthn:extension:credBlob: true, webauthn:extension:largeBlob: true, webauthn:extension:minPinLength: true, webauthn:extension:prf: true, webauthn:virtualAuthenticators: true}
Session ID: 3f9dac1406ba7a30ba2dc58f53d69298
2025-03-12 10:16:41 [main] INFO  l.i.u.t.SubmittedApplicationsPageTest - Marking 'Taip' radio button 10
2025-03-12 10:16:51 [main] ERROR l.i.u.p.SubmittedApplicationsPage - Error selecting radio button: Expected condition failed: waiting for element to be clickable: By.xpath: (//input[@type='radio' and @value='true'])[18] (tried for 10 second(s) with 500 milliseconds interval)
Build info: version: '4.27.0', revision: 'd6e718d134'
System info: os.name: 'Windows 11', os.arch: 'amd64', os.version: '10.0', java.version: '21.0.3'
Driver info: org.openqa.selenium.chrome.ChromeDriver
Capabilities {acceptInsecureCerts: false, browserName: chrome, browserVersion: 134.0.6998.88, chrome: {chromedriverVersion: 134.0.6998.88 (7e3d5c978c6d..., userDataDir: C:\Users\INGRID~1.ZAD\AppDa...}, fedcm:accounts: true, goog:chromeOptions: {debuggerAddress: localhost:57235}, networkConnectionEnabled: false, pageLoadStrategy: normal, platformName: windows, proxy: Proxy(), se:cdp: ws://localhost:57235/devtoo..., se:cdpVersion: 134.0.6998.88, setWindowRect: true, strictFileInteractability: false, timeouts: {implicit: 0, pageLoad: 300000, script: 30000}, unhandledPromptBehavior: dismiss and notify, webauthn:extension:credBlob: true, webauthn:extension:largeBlob: true, webauthn:extension:minPinLength: true, webauthn:extension:prf: true, webauthn:virtualAuthenticators: true}
Session ID: 3f9dac1406ba7a30ba2dc58f53d69298
2025-03-12 10:16:51 [main] INFO  l.i.u.t.SubmittedApplicationsPageTest - Marking 'Taip' radio button 11
2025-03-12 10:17:01 [main] ERROR l.i.u.p.SubmittedApplicationsPage - Error selecting radio button: Expected condition failed: waiting for element to be clickable: By.xpath: (//input[@type='radio' and @value='true'])[19] (tried for 10 second(s) with 500 milliseconds interval)
Build info: version: '4.27.0', revision: 'd6e718d134'
System info: os.name: 'Windows 11', os.arch: 'amd64', os.version: '10.0', java.version: '21.0.3'
Driver info: org.openqa.selenium.chrome.ChromeDriver
Capabilities {acceptInsecureCerts: false, browserName: chrome, browserVersion: 134.0.6998.88, chrome: {chromedriverVersion: 134.0.6998.88 (7e3d5c978c6d..., userDataDir: C:\Users\INGRID~1.ZAD\AppDa...}, fedcm:accounts: true, goog:chromeOptions: {debuggerAddress: localhost:57235}, networkConnectionEnabled: false, pageLoadStrategy: normal, platformName: windows, proxy: Proxy(), se:cdp: ws://localhost:57235/devtoo..., se:cdpVersion: 134.0.6998.88, setWindowRect: true, strictFileInteractability: false, timeouts: {implicit: 0, pageLoad: 300000, script: 30000}, unhandledPromptBehavior: dismiss and notify, webauthn:extension:credBlob: true, webauthn:extension:largeBlob: true, webauthn:extension:minPinLength: true, webauthn:extension:prf: true, webauthn:virtualAuthenticators: true}
Session ID: 3f9dac1406ba7a30ba2dc58f53d69298
2025-03-12 10:17:01 [main] INFO  l.i.u.t.SubmittedApplicationsPageTest - Marking 'Taip' radio button 12
2025-03-12 10:17:11 [main] DEBUG l.i.u.t.SubmittedApplicationsPageTest - Checked 'ConfirmationStepFour'
2025-03-12 10:17:11 [main] DEBUG l.i.u.t.SubmittedApplicationsPageTest - Clicked 'Next' button after checkboxes.
2025-03-12 10:17:11 [main] INFO  l.i.u.p.SubmittedApplicationsPage - File uploaded successfully to an input element.
2025-03-12 10:17:11 [main] INFO  l.i.u.p.SubmittedApplicationsPage - File uploaded successfully to an input element.
2025-03-12 10:17:12 [main] INFO  l.i.u.p.SubmittedApplicationsPage - File uploaded successfully to an input element.
2025-03-12 10:17:12 [main] INFO  l.i.u.p.SubmittedApplicationsPage - File uploaded successfully to an input element.
2025-03-12 10:17:12 [main] INFO  l.i.u.p.SubmittedApplicationsPage - File uploaded successfully to an input element.
2025-03-12 10:17:12 [main] INFO  l.i.u.p.SubmittedApplicationsPage - File uploaded successfully to an input element.
2025-03-12 10:17:12 [main] INFO  l.i.u.p.SubmittedApplicationsPage - File uploaded successfully to an input element.
2025-03-12 10:17:12 [main] INFO  l.i.u.p.SubmittedApplicationsPage - File uploaded successfully to an input element.
2025-03-12 10:17:12 [main] DEBUG l.i.u.t.SubmittedApplicationsPageTest - Entered program name: 'Dokumentas 1'.
2025-03-12 10:17:12 [main] DEBUG l.i.u.t.SubmittedApplicationsPageTest - Entered program name: 'Dokumentas 2'.
2025-03-12 10:17:12 [main] DEBUG l.i.u.t.SubmittedApplicationsPageTest - Entered program name: 'Dokumentas 3'.
2025-03-12 10:17:12 [main] DEBUG l.i.u.t.SubmittedApplicationsPageTest - Entered program name: 'Dokumentas 4'.
2025-03-12 10:17:13 [main] DEBUG l.i.u.t.SubmittedApplicationsPageTest - Entered program name: 'Dokumentas 5'.
2025-03-12 10:17:13 [main] DEBUG l.i.u.t.SubmittedApplicationsPageTest - Entered program name: 'Dokumentas 6'.
2025-03-12 10:17:13 [main] DEBUG l.i.u.t.SubmittedApplicationsPageTest - Entered program name: 'Dokumentas 4'.
2025-03-12 10:17:13 [main] DEBUG l.i.u.t.SubmittedApplicationsPageTest - Entered program name: 'Dokumentas 8'.
2025-03-12 10:17:23 [main] DEBUG l.i.u.t.SubmittedApplicationsPageTest - Checked 'ConfirmationDocument'
2025-03-12 10:17:33 [main] DEBUG l.i.u.t.SubmittedApplicationsPageTest - Checked 'ConfirmationApplication'
2025-03-12 10:17:33 [main] DEBUG l.i.u.t.SubmittedApplicationsPageTest - Clicked 'Review' button after checkboxes.
2025-03-12 10:17:34 [main] DEBUG l.i.u.t.SubmittedApplicationsPageTest - Clicked 'SaveDraft' button after checkboxes.
2025-03-12 10:17:34 [main] DEBUG l.i.uztis.pages.ApplicationFormsPage - Verified success message: 'Ruošinys sėkmingai išsaugotas.'
2025-03-12 10:17:34 [main] DEBUG l.i.u.t.SubmittedApplicationsPageTest - Clicked 'Submit' button after checkboxes.
2025-03-12 10:17:34 [main] ERROR l.i.uztis.pages.ApplicationFormsPage - Failed to verify the success message: 'Paraiška sėkmingai pateikta ir užregistruota.'. Available messages: [Ruošinys sėkmingai išsaugotas.]
2025-03-12 10:17:34 [main] INFO  l.i.u.t.SubmittedApplicationsPageTest - Verified success message
2025-03-12 10:17:34 [main] INFO  l.i.u.t.SubmittedApplicationsPageTest - Test 'testFillNewDVPApplicationFA' completed successfully.
2025-03-12 10:46:13 [main] INFO  lt.insoft.uztis.tests.UztisPageTest - Navigated to https://uztisdev.asseco.lt/home
2025-03-12 10:46:13 [main] INFO  l.i.u.t.SubmittedApplicationsPageTest - Starting test:'testFillNewVUIPApplicationFA'
2025-03-12 10:46:14 [main] DEBUG l.i.u.t.SubmittedApplicationsPageTest - User logged in with test credentials.
2025-03-12 10:46:14 [main] DEBUG l.i.u.t.SubmittedApplicationsPageTest - Opened 'Application Processing' menu.
2025-03-12 10:46:14 [main] DEBUG l.i.u.t.SubmittedApplicationsPageTest - Clicked on 'Application Forms' menu.
2025-03-12 10:46:15 [main] DEBUG l.i.u.t.SubmittedApplicationsPageTest - Retrieved last description code text: 'TST-VUI-52'.
2025-03-12 10:46:16 [main] DEBUG l.i.u.t.SubmittedApplicationsPageTest - Clicked on 'Invitation' menu.
2025-03-12 10:46:17 [main] DEBUG l.i.u.t.SubmittedApplicationsPageTest - Selected application section by code: 'TST-VUI-52'.
2025-03-12 10:46:17 [main] DEBUG l.i.u.t.SubmittedApplicationsPageTest - Clicked 'Search' button.
2025-03-12 10:46:17 [main] DEBUG l.i.u.t.SubmittedApplicationsPageTest - Retrieved invitation code: ''.
2025-03-12 10:46:17 [main] DEBUG l.i.u.t.SubmittedApplicationsPageTest - Clicked on 'Submitted Applications' menu.
2025-03-12 10:46:18 [main] DEBUG l.i.u.t.SubmittedApplicationsPageTest - Selected invitation by code: 'TST-VUI-52'.
2025-03-12 10:46:18 [main] DEBUG l.i.u.t.SubmittedApplicationsPageTest - Invitation code inserted.
2025-03-12 10:46:18 [main] DEBUG l.i.u.t.SubmittedApplicationsPageTest - Clicked on 'Action Application' button.
2025-03-12 10:46:19 [main] DEBUG l.i.u.t.SubmittedApplicationsPageTest - Clicked on 'New Application' button.
2025-03-12 10:46:19 [main] DEBUG l.i.u.t.SubmittedApplicationsPageTest - Selected the 'RadioButtonFA' option.
2025-03-12 10:46:19 [main] DEBUG l.i.u.t.SubmittedApplicationsPageTest - Entered phone number: '61298745'.
2025-03-12 10:46:19 [main] DEBUG l.i.u.t.SubmittedApplicationsPageTest - Entered email: 'test@autotest.com'.
2025-03-12 10:46:19 [main] INFO  l.i.u.p.SubmittedApplicationsPage - Clicking on the dropdown button.
2025-03-12 10:46:35 [main] INFO  l.i.u.p.SubmittedApplicationsPage - Found 1741 options in the dropdown.
2025-03-12 10:46:35 [main] DEBUG l.i.u.p.SubmittedApplicationsPage - Checking option: ''
2025-03-12 10:46:35 [main] DEBUG l.i.u.p.SubmittedApplicationsPage - Checking option: '01.11 - Grūdinių (išskyrus ryžius), ankštinių ir aliejingų sėklų augalų auginimas'
2025-03-12 10:46:36 [main] INFO  l.i.u.p.SubmittedApplicationsPage - Successfully selected the value: '01.11 - Grūdinių (išskyrus ryžius), ankštinių ir aliejingų sėklų augalų auginimas'
2025-03-12 10:46:36 [main] INFO  l.i.u.p.SubmittedApplicationsPage - Attempting to close the dropdown.
2025-03-12 10:46:36 [main] DEBUG l.i.u.t.SubmittedApplicationsPageTest - Selected EVRK value: '01.11 - Grūdinių (išskyrus ryžius), ankštinių ir aliejingų sėklų augalų auginimas'.
2025-03-12 10:46:36 [main] DEBUG l.i.u.t.SubmittedApplicationsPageTest - Clicked on 'Address Component' button.
2025-03-12 10:46:36 [main] INFO  l.i.u.p.SubmittedApplicationsPage - Located the dropdown button.
2025-03-12 10:46:37 [main] WARN  l.i.u.p.SubmittedApplicationsPage - Dropdown value 'Lietuva' not found.
2025-03-12 10:47:13 [main] INFO  lt.insoft.uztis.tests.UztisPageTest - Navigated to https://uztisdev.asseco.lt/home
2025-03-12 10:47:13 [main] INFO  l.i.u.t.SubmittedApplicationsPageTest - Starting test:'testFillNewVUIPApplicationFA'
2025-03-12 10:47:13 [main] DEBUG l.i.u.t.SubmittedApplicationsPageTest - User logged in with test credentials.
2025-03-12 10:47:14 [main] DEBUG l.i.u.t.SubmittedApplicationsPageTest - Opened 'Application Processing' menu.
2025-03-12 10:47:14 [main] DEBUG l.i.u.t.SubmittedApplicationsPageTest - Clicked on 'Application Forms' menu.
2025-03-12 10:47:16 [main] DEBUG l.i.u.t.SubmittedApplicationsPageTest - Retrieved last description code text: 'TST-VUI-52'.
2025-03-12 10:47:16 [main] DEBUG l.i.u.t.SubmittedApplicationsPageTest - Clicked on 'Invitation' menu.
2025-03-12 10:47:17 [main] DEBUG l.i.u.t.SubmittedApplicationsPageTest - Selected application section by code: 'TST-VUI-52'.
2025-03-12 10:47:17 [main] DEBUG l.i.u.t.SubmittedApplicationsPageTest - Clicked 'Search' button.
2025-03-12 10:47:17 [main] DEBUG l.i.u.t.SubmittedApplicationsPageTest - Retrieved invitation code: ''.
2025-03-12 10:47:17 [main] DEBUG l.i.u.t.SubmittedApplicationsPageTest - Clicked on 'Submitted Applications' menu.
2025-03-12 10:47:19 [main] DEBUG l.i.u.t.SubmittedApplicationsPageTest - Selected invitation by code: 'TST-VUI-52'.
2025-03-12 10:47:19 [main] DEBUG l.i.u.t.SubmittedApplicationsPageTest - Invitation code inserted.
2025-03-12 10:47:19 [main] DEBUG l.i.u.t.SubmittedApplicationsPageTest - Clicked on 'Action Application' button.
2025-03-12 10:47:19 [main] DEBUG l.i.u.t.SubmittedApplicationsPageTest - Clicked on 'New Application' button.
2025-03-12 10:47:19 [main] DEBUG l.i.u.t.SubmittedApplicationsPageTest - Selected the 'RadioButtonFA' option.
2025-03-12 10:47:20 [main] DEBUG l.i.u.t.SubmittedApplicationsPageTest - Entered phone number: '61298745'.
2025-03-12 10:47:20 [main] DEBUG l.i.u.t.SubmittedApplicationsPageTest - Entered email: 'test@autotest.com'.
2025-03-12 10:47:20 [main] INFO  l.i.u.p.SubmittedApplicationsPage - Clicking on the dropdown button.
2025-03-12 10:47:37 [main] INFO  l.i.u.p.SubmittedApplicationsPage - Found 1741 options in the dropdown.
2025-03-12 10:47:37 [main] DEBUG l.i.u.p.SubmittedApplicationsPage - Checking option: ''
2025-03-12 10:47:37 [main] DEBUG l.i.u.p.SubmittedApplicationsPage - Checking option: '01.11 - Grūdinių (išskyrus ryžius), ankštinių ir aliejingų sėklų augalų auginimas'
2025-03-12 10:47:37 [main] INFO  l.i.u.p.SubmittedApplicationsPage - Successfully selected the value: '01.11 - Grūdinių (išskyrus ryžius), ankštinių ir aliejingų sėklų augalų auginimas'
2025-03-12 10:47:37 [main] INFO  l.i.u.p.SubmittedApplicationsPage - Attempting to close the dropdown.
2025-03-12 10:47:38 [main] DEBUG l.i.u.t.SubmittedApplicationsPageTest - Selected EVRK value: '01.11 - Grūdinių (išskyrus ryžius), ankštinių ir aliejingų sėklų augalų auginimas'.
2025-03-12 10:47:38 [main] DEBUG l.i.u.t.SubmittedApplicationsPageTest - Clicked on 'Address Component' button.
2025-03-12 10:47:38 [main] INFO  l.i.u.p.SubmittedApplicationsPage - Located the dropdown button.
2025-03-12 10:47:42 [main] INFO  l.i.u.p.SubmittedApplicationsPage - Successfully selected the value: 'Lietuva'
2025-03-12 10:47:42 [main] DEBUG l.i.u.t.SubmittedApplicationsPageTest - Selected country: 'Lietuva'.
2025-03-12 10:47:42 [main] INFO  l.i.u.p.SubmittedApplicationsPage - Located the dropdown search field.
2025-03-12 10:47:42 [main] INFO  l.i.u.p.SubmittedApplicationsPage - Dropdown city is opened.
2025-03-12 10:47:43 [main] INFO  l.i.u.p.SubmittedApplicationsPage - Searched for value: 'Vilnius'
2025-03-12 10:47:44 [main] INFO  l.i.u.p.SubmittedApplicationsPage - Successfully selected: 'Vilnius'
2025-03-12 10:47:44 [main] INFO  l.i.u.p.SubmittedApplicationsPage - Located the dropdown button.
2025-03-12 10:47:44 [main] INFO  l.i.u.p.SubmittedApplicationsPage - Successfully selected the value: 'A. Domaševičiaus g.'
2025-03-12 10:47:44 [main] DEBUG l.i.u.t.SubmittedApplicationsPageTest - Selected street: 'A. Domaševičiaus g.'.
2025-03-12 10:47:44 [main] INFO  l.i.u.p.SubmittedApplicationsPage - Located the dropdown button.
2025-03-12 10:47:45 [main] INFO  l.i.u.p.SubmittedApplicationsPage - Successfully selected the value: '1'
2025-03-12 10:47:45 [main] DEBUG l.i.u.t.SubmittedApplicationsPageTest - Selected house: '1'.
2025-03-12 10:47:45 [main] INFO  l.i.u.p.SubmittedApplicationsPage - Located the dropdown button.
2025-03-12 10:47:45 [main] INFO  l.i.u.p.SubmittedApplicationsPage - Successfully selected the value: '1'
2025-03-12 10:47:45 [main] DEBUG l.i.u.t.SubmittedApplicationsPageTest - Selected apartment: '1'.
2025-03-12 10:47:45 [main] DEBUG l.i.u.t.SubmittedApplicationsPageTest - Clicked 'Confirm' button.
2025-03-12 10:47:45 [main] DEBUG l.i.u.t.SubmittedApplicationsPageTest - Entered project date.
2025-03-12 10:47:46 [main] DEBUG l.i.u.t.SubmittedApplicationsPageTest - Entered job count: '1'.
2025-03-12 10:47:46 [main] DEBUG l.i.u.t.SubmittedApplicationsPageTest - Clicked 'Next' button.
2025-03-12 10:47:46 [main] INFO  l.i.u.p.SubmittedApplicationsPage - Located the dropdown button.
2025-03-12 10:47:47 [main] INFO  l.i.u.p.SubmittedApplicationsPage - Successfully selected the value: 'Administratoriai'
2025-03-12 10:47:47 [main] DEBUG l.i.u.t.SubmittedApplicationsPageTest - Selected job name: 'Administratoriai'.
2025-03-12 10:47:47 [main] DEBUG l.i.u.t.SubmittedApplicationsPageTest - Entered job function: 'Funkcija 1'.
2025-03-12 10:47:47 [main] DEBUG l.i.u.t.SubmittedApplicationsPageTest - Selected 'RadioButtonWithDisabilities' option.
2025-03-12 10:47:47 [main] INFO  l.i.u.p.SubmittedApplicationsPage - Clicking on the dropdown button.
2025-03-12 10:47:48 [main] INFO  l.i.u.p.SubmittedApplicationsPage - Found 34 options in the dropdown.
2025-03-12 10:47:48 [main] DEBUG l.i.u.p.SubmittedApplicationsPage - Checking option: 'Asmenys, kuriems suteiktas pabėgėlio statusas ar perkeliamojo asmens statusas, arba asmenys, kuriems suteikta papildoma ar laikinoji apsauga, ir asmenys, turintys teisę gauti laikinąją apsaugą, iki sprendimo dėl laikinosios apsaugos suteikimo (nesuteikimo) priėmimo, tačiau ne ilgiau kaip laikinosios apsaugos laikotarpiu'
2025-03-12 10:47:48 [main] DEBUG l.i.u.p.SubmittedApplicationsPage - Checking option: 'Asmenys, kuriems suteiktas pabėgėlio statusas ar perkeliamojo asmens statusas, arba asmenys, kuriems suteikta papildoma ar laikinoji apsauga, ir asmenys, turintys teisę gauti laikinąją apsaugą, iki sprendimo dėl laikinosios apsaugos suteikimo (nesuteikimo) priėmimo, tačiau ne ilgiau kaip laikinosios apsaugos laikotarpiu'
2025-03-12 10:47:48 [main] DEBUG l.i.u.p.SubmittedApplicationsPage - Checking option: 'Asmenys, turintys teisę į papildomas užimtumo garantijas pagal Lietuvos Respublikos valstybės įmonės Ignalinos atominės elektrinės darbuotojų papildomų užimtumo ir socialinių garantijų įstatymą'
2025-03-12 10:47:48 [main] DEBUG l.i.u.p.SubmittedApplicationsPage - Checking option: 'Asmenys, turintys teisę į papildomas užimtumo garantijas pagal Lietuvos Respublikos valstybės įmonės Ignalinos atominės elektrinės darbuotojų papildomų užimtumo ir socialinių garantijų įstatymą'
2025-03-12 10:47:48 [main] DEBUG l.i.u.p.SubmittedApplicationsPage - Checking option: 'Bedarbiai iki 29 metų'
2025-03-12 10:47:48 [main] DEBUG l.i.u.p.SubmittedApplicationsPage - Checking option: 'Bedarbiai iki 29 metų'
2025-03-12 10:47:48 [main] DEBUG l.i.u.p.SubmittedApplicationsPage - Checking option: 'Bedarbiai, kurie yra darbingo amžiaus neįgalieji, kuriems nustatytas 30–40 procentų darbingumo lygis arba vidutinis neįgalumo lygis'
2025-03-12 10:47:48 [main] DEBUG l.i.u.p.SubmittedApplicationsPage - Checking option: 'Bedarbiai, kurie yra darbingo amžiaus neįgalieji, kuriems nustatytas 30–40 procentų darbingumo lygis arba vidutinis neįgalumo lygis'
2025-03-12 10:47:48 [main] DEBUG l.i.u.p.SubmittedApplicationsPage - Checking option: 'Bedarbiai, kurie yra darbingo amžiaus neįgalieji, kuriems nustatytas 45–55 procentų darbingumo lygis arba lengvas neįgalumo lygis'
2025-03-12 10:47:48 [main] DEBUG l.i.u.p.SubmittedApplicationsPage - Checking option: 'Bedarbiai, kurie yra darbingo amžiaus neįgalieji, kuriems nustatytas 45–55 procentų darbingumo lygis arba lengvas neįgalumo lygis'
2025-03-12 10:47:48 [main] DEBUG l.i.u.p.SubmittedApplicationsPage - Checking option: 'Bedarbiai, kurie yra darbingo amžiaus neįgalieji, kuriems nustatytas iki 25 procentų darbingumo lygis arba sunkus neįgalumo lygis'
2025-03-12 10:47:48 [main] INFO  l.i.u.p.SubmittedApplicationsPage - Successfully selected the value: 'Bedarbiai, kurie yra darbingo amžiaus neįgalieji, kuriems nustatytas iki 25 procentų darbingumo lygis arba sunkus neįgalumo lygis'
2025-03-12 10:47:48 [main] INFO  l.i.u.p.SubmittedApplicationsPage - Attempting to close the dropdown.
2025-03-12 10:47:49 [main] DEBUG l.i.u.t.SubmittedApplicationsPageTest - Selected disabilities type: 'Bedarbiai, kurie yra darbingo amžiaus neįgalieji, kuriems nustatytas iki 25 procentų darbingumo lygis arba sunkus neįgalumo lygis'.
2025-03-12 10:47:49 [main] DEBUG l.i.u.t.SubmittedApplicationsPageTest - Entered disability information: 'Negalia 1'.
2025-03-12 10:47:49 [main] INFO  l.i.u.p.SubmittedApplicationsPage - Located the dropdown button.
2025-03-12 10:47:49 [main] INFO  l.i.u.p.SubmittedApplicationsPage - Successfully selected the value: 'Kita'
2025-03-12 10:47:49 [main] DEBUG l.i.u.t.SubmittedApplicationsPageTest - Selected time mode: 'Kita'.
2025-03-12 10:47:50 [main] DEBUG l.i.u.t.SubmittedApplicationsPageTest - Selected time mode other: '6 val. per dieną ir 4 d. per savaitę'.
2025-03-12 10:47:50 [main] DEBUG l.i.u.t.SubmittedApplicationsPageTest - Entered qualification: 'Kvalifikacija 1'.
2025-03-12 10:47:50 [main] DEBUG l.i.u.t.SubmittedApplicationsPageTest - Entered job date.
2025-03-12 10:47:50 [main] DEBUG l.i.u.t.SubmittedApplicationsPageTest - Entered salary amount: '1200'.
2025-03-12 10:47:51 [main] DEBUG l.i.u.t.SubmittedApplicationsPageTest - Selected 'Temporary Job' radio button.
2025-03-12 10:47:51 [main] DEBUG l.i.u.t.SubmittedApplicationsPageTest - Selected 'Season Job' radio button.
2025-03-12 10:47:51 [main] DEBUG l.i.u.t.SubmittedApplicationsPageTest - Selected 'Energy' radio button.
2025-03-12 10:47:51 [main] DEBUG l.i.u.t.SubmittedApplicationsPageTest - Selected 'Repair' radio button.
2025-03-12 10:47:51 [main] DEBUG l.i.u.t.SubmittedApplicationsPageTest - Entered job description: 'Veikla 1'.
2025-03-12 10:47:52 [main] DEBUG l.i.u.t.SubmittedApplicationsPageTest - Entered process description: 'Procesas 1'.
2025-03-12 10:47:52 [main] DEBUG l.i.u.t.SubmittedApplicationsPageTest - Entered energy information: 'Energija 1'.
2025-03-12 10:47:52 [main] DEBUG l.i.u.t.SubmittedApplicationsPageTest - Entered repair information: 'Remontas 1'.
2025-03-12 10:47:52 [main] DEBUG l.i.u.t.SubmittedApplicationsPageTest - Selected 'PVM' radio button.
2025-03-12 10:47:52 [main] INFO  l.i.u.p.SubmittedApplicationsPage - Located the dropdown button.
2025-03-12 10:47:53 [main] INFO  l.i.u.p.SubmittedApplicationsPage - Successfully selected the value: 'Įsigyti'
2025-03-12 10:47:53 [main] DEBUG l.i.u.t.SubmittedApplicationsPageTest - Selected necessary for job: 'Įsigyti'.
2025-03-12 10:47:53 [main] DEBUG l.i.u.t.SubmittedApplicationsPageTest - Selected tool: 'Darbo priemonė 1'.
2025-03-12 10:47:53 [main] DEBUG l.i.u.t.SubmittedApplicationsPageTest - Selected tool parameter one: 'Darbo priemonės 1 parametras 1'.
2025-03-12 10:47:54 [main] DEBUG l.i.u.t.SubmittedApplicationsPageTest - Selected tool parameter two: 'Darbo priemonės 1 parametras 2'.
2025-03-12 10:47:54 [main] DEBUG l.i.u.t.SubmittedApplicationsPageTest - Selected tool parameter three: 'Darbo priemonės 1 parametras 3'.
2025-03-12 10:47:54 [main] DEBUG l.i.u.t.SubmittedApplicationsPageTest - Entered tool count: '1'.
2025-03-12 10:47:54 [main] DEBUG l.i.u.t.SubmittedApplicationsPageTest - Entered price amount 1: '1000'.
2025-03-12 10:47:54 [main] DEBUG l.i.u.t.SubmittedApplicationsPageTest - Entered own funds amount 1: '800'.
2025-03-12 10:47:55 [main] DEBUG l.i.u.t.SubmittedApplicationsPageTest - Clicked 'Add' button.
2025-03-12 10:47:55 [main] INFO  l.i.u.p.SubmittedApplicationsPage - Located the dropdown button.
2025-03-12 10:47:55 [main] INFO  l.i.u.p.SubmittedApplicationsPage - Successfully selected the value: 'Remontuoti'
2025-03-12 10:47:55 [main] DEBUG l.i.u.t.SubmittedApplicationsPageTest - Selected necessary for job 'to repair': 'Remontuoti'.
2025-03-12 10:47:55 [main] DEBUG l.i.u.t.SubmittedApplicationsPageTest - Selected repair name: 'Remonto pavadinimas 1'.
2025-03-12 10:47:56 [main] DEBUG l.i.u.t.SubmittedApplicationsPageTest - Entered repair information: 'Remonto aprašymas 1'.
2025-03-12 10:47:56 [main] DEBUG l.i.u.t.SubmittedApplicationsPageTest - Entered price amount 2: '1000'.
2025-03-12 10:47:56 [main] DEBUG l.i.u.t.SubmittedApplicationsPageTest - Entered own funds amount 2: '900'.
2025-03-12 10:47:56 [main] DEBUG l.i.u.t.SubmittedApplicationsPageTest - Entered country percentage: '50'.
2025-03-12 10:47:56 [main] DEBUG l.i.u.t.SubmittedApplicationsPageTest - Entered institution percentage: '50'.
2025-03-12 10:47:57 [main] DEBUG l.i.u.t.SubmittedApplicationsPageTest - Entered municipality percentage: '50'.
2025-03-12 10:47:57 [main] DEBUG l.i.u.t.SubmittedApplicationsPageTest - Selected 'De Minimis' radio button.
2025-03-12 10:47:57 [main] DEBUG l.i.u.t.SubmittedApplicationsPageTest - Entered program name: 'Programa 1'.
2025-03-12 10:47:57 [main] DEBUG l.i.u.t.SubmittedApplicationsPageTest - Entered project date from.
2025-03-12 10:47:58 [main] DEBUG l.i.u.t.SubmittedApplicationsPageTest - Entered project date until.
2025-03-12 10:47:58 [main] DEBUG l.i.u.t.SubmittedApplicationsPageTest - Entered support amount: '2000'.
2025-03-12 10:47:58 [main] DEBUG l.i.u.t.SubmittedApplicationsPageTest - Clicked 'Next' button.
2025-03-12 10:48:08 [main] DEBUG l.i.u.t.SubmittedApplicationsPageTest - Checked 'Legal Entities' checkbox 1.
2025-03-12 10:48:18 [main] DEBUG l.i.u.t.SubmittedApplicationsPageTest - Checked 'Legal Entities' checkbox 2.
2025-03-12 10:48:28 [main] DEBUG l.i.u.t.SubmittedApplicationsPageTest - Checked 'Legal Entities' checkbox 3.
2025-03-12 10:48:28 [main] DEBUG l.i.u.t.SubmittedApplicationsPageTest - Test finished: All 'Legal Entities' checkboxes checked successfully.
2025-03-12 10:48:28 [main] DEBUG l.i.u.t.SubmittedApplicationsPageTest - Clicked 'Next' button after checkboxes.
2025-03-12 10:48:39 [main] ERROR l.i.u.p.SubmittedApplicationsPage - Error selecting radio button: Expected condition failed: waiting for element to be clickable: By.xpath: (//input[@type='radio' and @value='false'])[8] (tried for 10 second(s) with 500 milliseconds interval)
Build info: version: '4.27.0', revision: 'd6e718d134'
System info: os.name: 'Windows 11', os.arch: 'amd64', os.version: '10.0', java.version: '21.0.3'
Driver info: org.openqa.selenium.chrome.ChromeDriver
Capabilities {acceptInsecureCerts: false, browserName: chrome, browserVersion: 134.0.6998.88, chrome: {chromedriverVersion: 134.0.6998.88 (7e3d5c978c6d..., userDataDir: C:\Users\INGRID~1.ZAD\AppDa...}, fedcm:accounts: true, goog:chromeOptions: {debuggerAddress: localhost:58478}, networkConnectionEnabled: false, pageLoadStrategy: normal, platformName: windows, proxy: Proxy(), se:cdp: ws://localhost:58478/devtoo..., se:cdpVersion: 134.0.6998.88, setWindowRect: true, strictFileInteractability: false, timeouts: {implicit: 0, pageLoad: 300000, script: 30000}, unhandledPromptBehavior: dismiss and notify, webauthn:extension:credBlob: true, webauthn:extension:largeBlob: true, webauthn:extension:minPinLength: true, webauthn:extension:prf: true, webauthn:virtualAuthenticators: true}
Session ID: 01b78f129bceebef51b1a4ef66a75f53
2025-03-12 10:48:39 [main] INFO  l.i.u.t.SubmittedApplicationsPageTest - Marking 'Ne' radio button 1
2025-03-12 10:48:49 [main] ERROR l.i.u.p.SubmittedApplicationsPage - Error selecting radio button: Expected condition failed: waiting for element to be clickable: By.xpath: (//input[@type='radio' and @value='false'])[9] (tried for 10 second(s) with 500 milliseconds interval)
Build info: version: '4.27.0', revision: 'd6e718d134'
System info: os.name: 'Windows 11', os.arch: 'amd64', os.version: '10.0', java.version: '21.0.3'
Driver info: org.openqa.selenium.chrome.ChromeDriver
Capabilities {acceptInsecureCerts: false, browserName: chrome, browserVersion: 134.0.6998.88, chrome: {chromedriverVersion: 134.0.6998.88 (7e3d5c978c6d..., userDataDir: C:\Users\INGRID~1.ZAD\AppDa...}, fedcm:accounts: true, goog:chromeOptions: {debuggerAddress: localhost:58478}, networkConnectionEnabled: false, pageLoadStrategy: normal, platformName: windows, proxy: Proxy(), se:cdp: ws://localhost:58478/devtoo..., se:cdpVersion: 134.0.6998.88, setWindowRect: true, strictFileInteractability: false, timeouts: {implicit: 0, pageLoad: 300000, script: 30000}, unhandledPromptBehavior: dismiss and notify, webauthn:extension:credBlob: true, webauthn:extension:largeBlob: true, webauthn:extension:minPinLength: true, webauthn:extension:prf: true, webauthn:virtualAuthenticators: true}
Session ID: 01b78f129bceebef51b1a4ef66a75f53
2025-03-12 10:48:49 [main] INFO  l.i.u.t.SubmittedApplicationsPageTest - Marking 'Ne' radio button 2
2025-03-12 10:48:59 [main] ERROR l.i.u.p.SubmittedApplicationsPage - Error selecting radio button: Expected condition failed: waiting for element to be clickable: By.xpath: (//input[@type='radio' and @value='false'])[10] (tried for 10 second(s) with 500 milliseconds interval)
Build info: version: '4.27.0', revision: 'd6e718d134'
System info: os.name: 'Windows 11', os.arch: 'amd64', os.version: '10.0', java.version: '21.0.3'
Driver info: org.openqa.selenium.chrome.ChromeDriver
Capabilities {acceptInsecureCerts: false, browserName: chrome, browserVersion: 134.0.6998.88, chrome: {chromedriverVersion: 134.0.6998.88 (7e3d5c978c6d..., userDataDir: C:\Users\INGRID~1.ZAD\AppDa...}, fedcm:accounts: true, goog:chromeOptions: {debuggerAddress: localhost:58478}, networkConnectionEnabled: false, pageLoadStrategy: normal, platformName: windows, proxy: Proxy(), se:cdp: ws://localhost:58478/devtoo..., se:cdpVersion: 134.0.6998.88, setWindowRect: true, strictFileInteractability: false, timeouts: {implicit: 0, pageLoad: 300000, script: 30000}, unhandledPromptBehavior: dismiss and notify, webauthn:extension:credBlob: true, webauthn:extension:largeBlob: true, webauthn:extension:minPinLength: true, webauthn:extension:prf: true, webauthn:virtualAuthenticators: true}
Session ID: 01b78f129bceebef51b1a4ef66a75f53
2025-03-12 10:48:59 [main] INFO  l.i.u.t.SubmittedApplicationsPageTest - Marking 'Ne' radio button 3
2025-03-12 10:49:09 [main] ERROR l.i.u.p.SubmittedApplicationsPage - Error selecting radio button: Expected condition failed: waiting for element to be clickable: By.xpath: (//input[@type='radio' and @value='false'])[11] (tried for 10 second(s) with 500 milliseconds interval)
Build info: version: '4.27.0', revision: 'd6e718d134'
System info: os.name: 'Windows 11', os.arch: 'amd64', os.version: '10.0', java.version: '21.0.3'
Driver info: org.openqa.selenium.chrome.ChromeDriver
Capabilities {acceptInsecureCerts: false, browserName: chrome, browserVersion: 134.0.6998.88, chrome: {chromedriverVersion: 134.0.6998.88 (7e3d5c978c6d..., userDataDir: C:\Users\INGRID~1.ZAD\AppDa...}, fedcm:accounts: true, goog:chromeOptions: {debuggerAddress: localhost:58478}, networkConnectionEnabled: false, pageLoadStrategy: normal, platformName: windows, proxy: Proxy(), se:cdp: ws://localhost:58478/devtoo..., se:cdpVersion: 134.0.6998.88, setWindowRect: true, strictFileInteractability: false, timeouts: {implicit: 0, pageLoad: 300000, script: 30000}, unhandledPromptBehavior: dismiss and notify, webauthn:extension:credBlob: true, webauthn:extension:largeBlob: true, webauthn:extension:minPinLength: true, webauthn:extension:prf: true, webauthn:virtualAuthenticators: true}
Session ID: 01b78f129bceebef51b1a4ef66a75f53
2025-03-12 10:49:09 [main] INFO  l.i.u.t.SubmittedApplicationsPageTest - Marking 'Ne' radio button 4
2025-03-12 10:49:19 [main] ERROR l.i.u.p.SubmittedApplicationsPage - Error selecting radio button: Expected condition failed: waiting for element to be clickable: By.xpath: (//input[@type='radio' and @value='false'])[12] (tried for 10 second(s) with 500 milliseconds interval)
Build info: version: '4.27.0', revision: 'd6e718d134'
System info: os.name: 'Windows 11', os.arch: 'amd64', os.version: '10.0', java.version: '21.0.3'
Driver info: org.openqa.selenium.chrome.ChromeDriver
Capabilities {acceptInsecureCerts: false, browserName: chrome, browserVersion: 134.0.6998.88, chrome: {chromedriverVersion: 134.0.6998.88 (7e3d5c978c6d..., userDataDir: C:\Users\INGRID~1.ZAD\AppDa...}, fedcm:accounts: true, goog:chromeOptions: {debuggerAddress: localhost:58478}, networkConnectionEnabled: false, pageLoadStrategy: normal, platformName: windows, proxy: Proxy(), se:cdp: ws://localhost:58478/devtoo..., se:cdpVersion: 134.0.6998.88, setWindowRect: true, strictFileInteractability: false, timeouts: {implicit: 0, pageLoad: 300000, script: 30000}, unhandledPromptBehavior: dismiss and notify, webauthn:extension:credBlob: true, webauthn:extension:largeBlob: true, webauthn:extension:minPinLength: true, webauthn:extension:prf: true, webauthn:virtualAuthenticators: true}
Session ID: 01b78f129bceebef51b1a4ef66a75f53
2025-03-12 10:49:19 [main] INFO  l.i.u.t.SubmittedApplicationsPageTest - Marking 'Ne' radio button 5
2025-03-12 10:49:29 [main] ERROR l.i.u.p.SubmittedApplicationsPage - Error selecting radio button: Expected condition failed: waiting for element to be clickable: By.xpath: (//input[@type='radio' and @value='false'])[13] (tried for 10 second(s) with 500 milliseconds interval)
Build info: version: '4.27.0', revision: 'd6e718d134'
System info: os.name: 'Windows 11', os.arch: 'amd64', os.version: '10.0', java.version: '21.0.3'
Driver info: org.openqa.selenium.chrome.ChromeDriver
Capabilities {acceptInsecureCerts: false, browserName: chrome, browserVersion: 134.0.6998.88, chrome: {chromedriverVersion: 134.0.6998.88 (7e3d5c978c6d..., userDataDir: C:\Users\INGRID~1.ZAD\AppDa...}, fedcm:accounts: true, goog:chromeOptions: {debuggerAddress: localhost:58478}, networkConnectionEnabled: false, pageLoadStrategy: normal, platformName: windows, proxy: Proxy(), se:cdp: ws://localhost:58478/devtoo..., se:cdpVersion: 134.0.6998.88, setWindowRect: true, strictFileInteractability: false, timeouts: {implicit: 0, pageLoad: 300000, script: 30000}, unhandledPromptBehavior: dismiss and notify, webauthn:extension:credBlob: true, webauthn:extension:largeBlob: true, webauthn:extension:minPinLength: true, webauthn:extension:prf: true, webauthn:virtualAuthenticators: true}
Session ID: 01b78f129bceebef51b1a4ef66a75f53
2025-03-12 10:49:29 [main] INFO  l.i.u.t.SubmittedApplicationsPageTest - Marking 'Ne' radio button 6
2025-03-12 10:49:39 [main] ERROR l.i.u.p.SubmittedApplicationsPage - Error selecting radio button: Expected condition failed: waiting for element to be clickable: By.xpath: (//input[@type='radio' and @value='true'])[14] (tried for 10 second(s) with 500 milliseconds interval)
Build info: version: '4.27.0', revision: 'd6e718d134'
System info: os.name: 'Windows 11', os.arch: 'amd64', os.version: '10.0', java.version: '21.0.3'
Driver info: org.openqa.selenium.chrome.ChromeDriver
Capabilities {acceptInsecureCerts: false, browserName: chrome, browserVersion: 134.0.6998.88, chrome: {chromedriverVersion: 134.0.6998.88 (7e3d5c978c6d..., userDataDir: C:\Users\INGRID~1.ZAD\AppDa...}, fedcm:accounts: true, goog:chromeOptions: {debuggerAddress: localhost:58478}, networkConnectionEnabled: false, pageLoadStrategy: normal, platformName: windows, proxy: Proxy(), se:cdp: ws://localhost:58478/devtoo..., se:cdpVersion: 134.0.6998.88, setWindowRect: true, strictFileInteractability: false, timeouts: {implicit: 0, pageLoad: 300000, script: 30000}, unhandledPromptBehavior: dismiss and notify, webauthn:extension:credBlob: true, webauthn:extension:largeBlob: true, webauthn:extension:minPinLength: true, webauthn:extension:prf: true, webauthn:virtualAuthenticators: true}
Session ID: 01b78f129bceebef51b1a4ef66a75f53
2025-03-12 10:49:39 [main] INFO  l.i.u.t.SubmittedApplicationsPageTest - Marking 'Taip' radio button 7
2025-03-12 10:49:49 [main] ERROR l.i.u.p.SubmittedApplicationsPage - Error selecting radio button: Expected condition failed: waiting for element to be clickable: By.xpath: (//input[@type='radio' and @value='true'])[15] (tried for 10 second(s) with 500 milliseconds interval)
Build info: version: '4.27.0', revision: 'd6e718d134'
System info: os.name: 'Windows 11', os.arch: 'amd64', os.version: '10.0', java.version: '21.0.3'
Driver info: org.openqa.selenium.chrome.ChromeDriver
Capabilities {acceptInsecureCerts: false, browserName: chrome, browserVersion: 134.0.6998.88, chrome: {chromedriverVersion: 134.0.6998.88 (7e3d5c978c6d..., userDataDir: C:\Users\INGRID~1.ZAD\AppDa...}, fedcm:accounts: true, goog:chromeOptions: {debuggerAddress: localhost:58478}, networkConnectionEnabled: false, pageLoadStrategy: normal, platformName: windows, proxy: Proxy(), se:cdp: ws://localhost:58478/devtoo..., se:cdpVersion: 134.0.6998.88, setWindowRect: true, strictFileInteractability: false, timeouts: {implicit: 0, pageLoad: 300000, script: 30000}, unhandledPromptBehavior: dismiss and notify, webauthn:extension:credBlob: true, webauthn:extension:largeBlob: true, webauthn:extension:minPinLength: true, webauthn:extension:prf: true, webauthn:virtualAuthenticators: true}
Session ID: 01b78f129bceebef51b1a4ef66a75f53
2025-03-12 10:49:49 [main] INFO  l.i.u.t.SubmittedApplicationsPageTest - Marking 'Taip' radio button 8
2025-03-12 10:49:59 [main] ERROR l.i.u.p.SubmittedApplicationsPage - Error selecting radio button: Expected condition failed: waiting for element to be clickable: By.xpath: (//input[@type='radio' and @value='true'])[16] (tried for 10 second(s) with 500 milliseconds interval)
Build info: version: '4.27.0', revision: 'd6e718d134'
System info: os.name: 'Windows 11', os.arch: 'amd64', os.version: '10.0', java.version: '21.0.3'
Driver info: org.openqa.selenium.chrome.ChromeDriver
Capabilities {acceptInsecureCerts: false, browserName: chrome, browserVersion: 134.0.6998.88, chrome: {chromedriverVersion: 134.0.6998.88 (7e3d5c978c6d..., userDataDir: C:\Users\INGRID~1.ZAD\AppDa...}, fedcm:accounts: true, goog:chromeOptions: {debuggerAddress: localhost:58478}, networkConnectionEnabled: false, pageLoadStrategy: normal, platformName: windows, proxy: Proxy(), se:cdp: ws://localhost:58478/devtoo..., se:cdpVersion: 134.0.6998.88, setWindowRect: true, strictFileInteractability: false, timeouts: {implicit: 0, pageLoad: 300000, script: 30000}, unhandledPromptBehavior: dismiss and notify, webauthn:extension:credBlob: true, webauthn:extension:largeBlob: true, webauthn:extension:minPinLength: true, webauthn:extension:prf: true, webauthn:virtualAuthenticators: true}
Session ID: 01b78f129bceebef51b1a4ef66a75f53
2025-03-12 10:49:59 [main] INFO  l.i.u.t.SubmittedApplicationsPageTest - Marking 'Taip' radio button 9
2025-03-12 10:50:09 [main] ERROR l.i.u.p.SubmittedApplicationsPage - Error selecting radio button: Expected condition failed: waiting for element to be clickable: By.xpath: (//input[@type='radio' and @value='true'])[17] (tried for 10 second(s) with 500 milliseconds interval)
Build info: version: '4.27.0', revision: 'd6e718d134'
System info: os.name: 'Windows 11', os.arch: 'amd64', os.version: '10.0', java.version: '21.0.3'
Driver info: org.openqa.selenium.chrome.ChromeDriver
Capabilities {acceptInsecureCerts: false, browserName: chrome, browserVersion: 134.0.6998.88, chrome: {chromedriverVersion: 134.0.6998.88 (7e3d5c978c6d..., userDataDir: C:\Users\INGRID~1.ZAD\AppDa...}, fedcm:accounts: true, goog:chromeOptions: {debuggerAddress: localhost:58478}, networkConnectionEnabled: false, pageLoadStrategy: normal, platformName: windows, proxy: Proxy(), se:cdp: ws://localhost:58478/devtoo..., se:cdpVersion: 134.0.6998.88, setWindowRect: true, strictFileInteractability: false, timeouts: {implicit: 0, pageLoad: 300000, script: 30000}, unhandledPromptBehavior: dismiss and notify, webauthn:extension:credBlob: true, webauthn:extension:largeBlob: true, webauthn:extension:minPinLength: true, webauthn:extension:prf: true, webauthn:virtualAuthenticators: true}
Session ID: 01b78f129bceebef51b1a4ef66a75f53
2025-03-12 10:50:09 [main] INFO  l.i.u.t.SubmittedApplicationsPageTest - Marking 'Taip' radio button 10
2025-03-12 10:50:19 [main] ERROR l.i.u.p.SubmittedApplicationsPage - Error selecting radio button: Expected condition failed: waiting for element to be clickable: By.xpath: (//input[@type='radio' and @value='true'])[18] (tried for 10 second(s) with 500 milliseconds interval)
Build info: version: '4.27.0', revision: 'd6e718d134'
System info: os.name: 'Windows 11', os.arch: 'amd64', os.version: '10.0', java.version: '21.0.3'
Driver info: org.openqa.selenium.chrome.ChromeDriver
Capabilities {acceptInsecureCerts: false, browserName: chrome, browserVersion: 134.0.6998.88, chrome: {chromedriverVersion: 134.0.6998.88 (7e3d5c978c6d..., userDataDir: C:\Users\INGRID~1.ZAD\AppDa...}, fedcm:accounts: true, goog:chromeOptions: {debuggerAddress: localhost:58478}, networkConnectionEnabled: false, pageLoadStrategy: normal, platformName: windows, proxy: Proxy(), se:cdp: ws://localhost:58478/devtoo..., se:cdpVersion: 134.0.6998.88, setWindowRect: true, strictFileInteractability: false, timeouts: {implicit: 0, pageLoad: 300000, script: 30000}, unhandledPromptBehavior: dismiss and notify, webauthn:extension:credBlob: true, webauthn:extension:largeBlob: true, webauthn:extension:minPinLength: true, webauthn:extension:prf: true, webauthn:virtualAuthenticators: true}
Session ID: 01b78f129bceebef51b1a4ef66a75f53
2025-03-12 10:50:19 [main] INFO  l.i.u.t.SubmittedApplicationsPageTest - Marking 'Taip' radio button 11
2025-03-12 10:50:30 [main] ERROR l.i.u.p.SubmittedApplicationsPage - Error selecting radio button: Expected condition failed: waiting for element to be clickable: By.xpath: (//input[@type='radio' and @value='true'])[19] (tried for 10 second(s) with 500 milliseconds interval)
Build info: version: '4.27.0', revision: 'd6e718d134'
System info: os.name: 'Windows 11', os.arch: 'amd64', os.version: '10.0', java.version: '21.0.3'
Driver info: org.openqa.selenium.chrome.ChromeDriver
Capabilities {acceptInsecureCerts: false, browserName: chrome, browserVersion: 134.0.6998.88, chrome: {chromedriverVersion: 134.0.6998.88 (7e3d5c978c6d..., userDataDir: C:\Users\INGRID~1.ZAD\AppDa...}, fedcm:accounts: true, goog:chromeOptions: {debuggerAddress: localhost:58478}, networkConnectionEnabled: false, pageLoadStrategy: normal, platformName: windows, proxy: Proxy(), se:cdp: ws://localhost:58478/devtoo..., se:cdpVersion: 134.0.6998.88, setWindowRect: true, strictFileInteractability: false, timeouts: {implicit: 0, pageLoad: 300000, script: 30000}, unhandledPromptBehavior: dismiss and notify, webauthn:extension:credBlob: true, webauthn:extension:largeBlob: true, webauthn:extension:minPinLength: true, webauthn:extension:prf: true, webauthn:virtualAuthenticators: true}
Session ID: 01b78f129bceebef51b1a4ef66a75f53
2025-03-12 10:50:30 [main] INFO  l.i.u.t.SubmittedApplicationsPageTest - Marking 'Taip' radio button 12
2025-03-12 10:50:40 [main] DEBUG l.i.u.t.SubmittedApplicationsPageTest - Checked 'ConfirmationStepFour'
2025-03-12 10:50:41 [main] DEBUG l.i.u.t.SubmittedApplicationsPageTest - Clicked 'Next' button after checkboxes.
2025-03-12 10:50:41 [main] INFO  l.i.u.p.SubmittedApplicationsPage - File uploaded successfully to an input element.
2025-03-12 10:50:41 [main] INFO  l.i.u.p.SubmittedApplicationsPage - File uploaded successfully to an input element.
2025-03-12 10:50:41 [main] INFO  l.i.u.p.SubmittedApplicationsPage - File uploaded successfully to an input element.
2025-03-12 10:50:41 [main] INFO  l.i.u.p.SubmittedApplicationsPage - File uploaded successfully to an input element.
2025-03-12 10:50:41 [main] INFO  l.i.u.p.SubmittedApplicationsPage - File uploaded successfully to an input element.
2025-03-12 10:50:41 [main] INFO  l.i.u.p.SubmittedApplicationsPage - File uploaded successfully to an input element.
2025-03-12 10:50:41 [main] INFO  l.i.u.p.SubmittedApplicationsPage - File uploaded successfully to an input element.
2025-03-12 10:50:41 [main] INFO  l.i.u.p.SubmittedApplicationsPage - File uploaded successfully to an input element.
2025-03-12 10:50:41 [main] INFO  l.i.u.p.SubmittedApplicationsPage - File uploaded successfully to an input element.
2025-03-12 10:50:41 [main] INFO  l.i.u.p.SubmittedApplicationsPage - File uploaded successfully to an input element.
2025-03-12 10:50:41 [main] DEBUG l.i.u.t.SubmittedApplicationsPageTest - Entered program name: 'Dokumentas 1'.
2025-03-12 10:50:41 [main] DEBUG l.i.u.t.SubmittedApplicationsPageTest - Entered program name: 'Dokumentas 2'.
2025-03-12 10:50:41 [main] DEBUG l.i.u.t.SubmittedApplicationsPageTest - Entered program name: 'Dokumentas 3'.
2025-03-12 10:50:42 [main] DEBUG l.i.u.t.SubmittedApplicationsPageTest - Entered program name: 'Dokumentas 4'.
2025-03-12 10:50:42 [main] DEBUG l.i.u.t.SubmittedApplicationsPageTest - Entered program name: 'Dokumentas 5'.
2025-03-12 10:50:42 [main] DEBUG l.i.u.t.SubmittedApplicationsPageTest - Entered program name: 'Dokumentas 6'.
2025-03-12 10:50:42 [main] DEBUG l.i.u.t.SubmittedApplicationsPageTest - Entered program name: 'Dokumentas 4'.
2025-03-12 10:50:42 [main] DEBUG l.i.u.t.SubmittedApplicationsPageTest - Entered program name: 'Dokumentas 8'.
2025-03-12 10:50:42 [main] DEBUG l.i.u.t.SubmittedApplicationsPageTest - Entered program name: 'Dokumentas 9'.
2025-03-12 10:50:43 [main] DEBUG l.i.u.t.SubmittedApplicationsPageTest - Entered program name: 'Dokumentas 10'.
2025-03-12 10:50:53 [main] DEBUG l.i.u.t.SubmittedApplicationsPageTest - Checked 'ConfirmationDocument'
2025-03-12 10:51:04 [main] DEBUG l.i.u.t.SubmittedApplicationsPageTest - Checked 'ConfirmationApplication'
2025-03-12 10:51:04 [main] DEBUG l.i.u.t.SubmittedApplicationsPageTest - Clicked 'SaveDraft' button after checkboxes.
2025-03-12 10:51:04 [main] DEBUG l.i.uztis.pages.ApplicationFormsPage - Verified success message: 'Ruošinys sėkmingai išsaugotas.'
2025-03-12 10:51:04 [main] INFO  l.i.u.t.SubmittedApplicationsPageTest - Verified success message
2025-03-12 10:51:04 [main] DEBUG l.i.u.t.SubmittedApplicationsPageTest - Clicked 'Review' button after checkboxes.
2025-03-12 10:51:14 [main] ERROR l.i.u.t.SubmittedApplicationsPageTest - Test 'testFillNewVUIApplicationFA' failed with error: no such element: Unable to locate element: {"method":"xpath","selector":"//common-button/button[contains(text(), 'Pateikti')]"}
  (Session info: chrome=134.0.6998.88)
For documentation on this error, please visit: https://www.selenium.dev/documentation/webdriver/troubleshooting/errors#no-such-element-exception
Build info: version: '4.27.0', revision: 'd6e718d134'
System info: os.name: 'Windows 11', os.arch: 'amd64', os.version: '10.0', java.version: '21.0.3'
Driver info: org.openqa.selenium.chrome.ChromeDriver
Command: [01b78f129bceebef51b1a4ef66a75f53, findElement {value=//common-button/button[contains(text(), 'Pateikti')], using=xpath}]
Capabilities {acceptInsecureCerts: false, browserName: chrome, browserVersion: 134.0.6998.88, chrome: {chromedriverVersion: 134.0.6998.88 (7e3d5c978c6d..., userDataDir: C:\Users\INGRID~1.ZAD\AppDa...}, fedcm:accounts: true, goog:chromeOptions: {debuggerAddress: localhost:58478}, networkConnectionEnabled: false, pageLoadStrategy: normal, platformName: windows, proxy: Proxy(), se:cdp: ws://localhost:58478/devtoo..., se:cdpVersion: 134.0.6998.88, setWindowRect: true, strictFileInteractability: false, timeouts: {implicit: 0, pageLoad: 300000, script: 30000}, unhandledPromptBehavior: dismiss and notify, webauthn:extension:credBlob: true, webauthn:extension:largeBlob: true, webauthn:extension:minPinLength: true, webauthn:extension:prf: true, webauthn:virtualAuthenticators: true}
Session ID: 01b78f129bceebef51b1a4ef66a75f53
org.openqa.selenium.NoSuchElementException: no such element: Unable to locate element: {"method":"xpath","selector":"//common-button/button[contains(text(), 'Pateikti')]"}
  (Session info: chrome=134.0.6998.88)
For documentation on this error, please visit: https://www.selenium.dev/documentation/webdriver/troubleshooting/errors#no-such-element-exception
Build info: version: '4.27.0', revision: 'd6e718d134'
System info: os.name: 'Windows 11', os.arch: 'amd64', os.version: '10.0', java.version: '21.0.3'
Driver info: org.openqa.selenium.chrome.ChromeDriver
Command: [01b78f129bceebef51b1a4ef66a75f53, findElement {value=//common-button/button[contains(text(), 'Pateikti')], using=xpath}]
Capabilities {acceptInsecureCerts: false, browserName: chrome, browserVersion: 134.0.6998.88, chrome: {chromedriverVersion: 134.0.6998.88 (7e3d5c978c6d..., userDataDir: C:\Users\INGRID~1.ZAD\AppDa...}, fedcm:accounts: true, goog:chromeOptions: {debuggerAddress: localhost:58478}, networkConnectionEnabled: false, pageLoadStrategy: normal, platformName: windows, proxy: Proxy(), se:cdp: ws://localhost:58478/devtoo..., se:cdpVersion: 134.0.6998.88, setWindowRect: true, strictFileInteractability: false, timeouts: {implicit: 0, pageLoad: 300000, script: 30000}, unhandledPromptBehavior: dismiss and notify, webauthn:extension:credBlob: true, webauthn:extension:largeBlob: true, webauthn:extension:minPinLength: true, webauthn:extension:prf: true, webauthn:virtualAuthenticators: true}
Session ID: 01b78f129bceebef51b1a4ef66a75f53
	at java.base/jdk.internal.reflect.DirectConstructorHandleAccessor.newInstance(DirectConstructorHandleAccessor.java:62)
	at java.base/java.lang.reflect.Constructor.newInstanceWithCaller(Constructor.java:502)
	at java.base/java.lang.reflect.Constructor.newInstance(Constructor.java:486)
	at org.openqa.selenium.remote.ErrorCodec.decode(ErrorCodec.java:167)
	at org.openqa.selenium.remote.codec.w3c.W3CHttpResponseCodec.decode(W3CHttpResponseCodec.java:138)
	at org.openqa.selenium.remote.codec.w3c.W3CHttpResponseCodec.decode(W3CHttpResponseCodec.java:50)
	at org.openqa.selenium.remote.HttpCommandExecutor.execute(HttpCommandExecutor.java:190)
	at org.openqa.selenium.remote.service.DriverCommandExecutor.invokeExecute(DriverCommandExecutor.java:216)
	at org.openqa.selenium.remote.service.DriverCommandExecutor.execute(DriverCommandExecutor.java:174)
	at org.openqa.selenium.remote.RemoteWebDriver.execute(RemoteWebDriver.java:545)
	at org.openqa.selenium.remote.ElementLocation$ElementFinder$2.findElement(ElementLocation.java:165)
	at org.openqa.selenium.remote.ElementLocation.findElement(ElementLocation.java:59)
	at org.openqa.selenium.remote.RemoteWebDriver.findElement(RemoteWebDriver.java:368)
	at org.openqa.selenium.remote.RemoteWebDriver.findElement(RemoteWebDriver.java:362)
	at org.openqa.selenium.support.pagefactory.DefaultElementLocator.findElement(DefaultElementLocator.java:68)
	at org.openqa.selenium.support.pagefactory.internal.LocatingElementHandler.invoke(LocatingElementHandler.java:38)
	at jdk.proxy2/jdk.proxy2.$Proxy14.isSelected(Unknown Source)
	at lt.insoft.uztis.pages.SubmittedApplicationsPage.clickButtonSubmit(SubmittedApplicationsPage.java:866)
	at lt.insoft.uztis.tests.SubmittedApplicationsPageTest.testFillNewVUIApplicationFA(SubmittedApplicationsPageTest.java:478)
	at java.base/jdk.internal.reflect.DirectMethodHandleAccessor.invoke(DirectMethodHandleAccessor.java:103)
	at java.base/java.lang.reflect.Method.invoke(Method.java:580)
	at org.junit.platform.commons.util.ReflectionUtils.invokeMethod(ReflectionUtils.java:728)
	at org.junit.jupiter.engine.execution.MethodInvocation.proceed(MethodInvocation.java:60)
	at org.junit.jupiter.engine.execution.InvocationInterceptorChain$ValidatingInvocation.proceed(InvocationInterceptorChain.java:131)
	at org.junit.jupiter.engine.extension.TimeoutExtension.intercept(TimeoutExtension.java:156)
	at org.junit.jupiter.engine.extension.TimeoutExtension.interceptTestableMethod(TimeoutExtension.java:147)
	at org.junit.jupiter.engine.extension.TimeoutExtension.interceptTestMethod(TimeoutExtension.java:86)
	at org.junit.jupiter.engine.execution.InterceptingExecutableInvoker$ReflectiveInterceptorCall.lambda$ofVoidMethod$0(InterceptingExecutableInvoker.java:103)
	at org.junit.jupiter.engine.execution.InterceptingExecutableInvoker.lambda$invoke$0(InterceptingExecutableInvoker.java:93)
	at org.junit.jupiter.engine.execution.InvocationInterceptorChain$InterceptedInvocation.proceed(InvocationInterceptorChain.java:106)
	at org.junit.jupiter.engine.execution.InvocationInterceptorChain.proceed(InvocationInterceptorChain.java:64)
	at org.junit.jupiter.engine.execution.InvocationInterceptorChain.chainAndInvoke(InvocationInterceptorChain.java:45)
	at org.junit.jupiter.engine.execution.InvocationInterceptorChain.invoke(InvocationInterceptorChain.java:37)
	at org.junit.jupiter.engine.execution.InterceptingExecutableInvoker.invoke(InterceptingExecutableInvoker.java:92)
	at org.junit.jupiter.engine.execution.InterceptingExecutableInvoker.invoke(InterceptingExecutableInvoker.java:86)
	at org.junit.jupiter.engine.descriptor.TestMethodTestDescriptor.lambda$invokeTestMethod$7(TestMethodTestDescriptor.java:218)
	at org.junit.platform.engine.support.hierarchical.ThrowableCollector.execute(ThrowableCollector.java:73)
	at org.junit.jupiter.engine.descriptor.TestMethodTestDescriptor.invokeTestMethod(TestMethodTestDescriptor.java:214)
	at org.junit.jupiter.engine.descriptor.TestMethodTestDescriptor.execute(TestMethodTestDescriptor.java:139)
	at org.junit.jupiter.engine.descriptor.TestMethodTestDescriptor.execute(TestMethodTestDescriptor.java:69)
	at org.junit.platform.engine.support.hierarchical.NodeTestTask.lambda$executeRecursively$6(NodeTestTask.java:151)
	at org.junit.platform.engine.support.hierarchical.ThrowableCollector.execute(ThrowableCollector.java:73)
	at org.junit.platform.engine.support.hierarchical.NodeTestTask.lambda$executeRecursively$8(NodeTestTask.java:141)
	at org.junit.platform.engine.support.hierarchical.Node.around(Node.java:137)
	at org.junit.platform.engine.support.hierarchical.NodeTestTask.lambda$executeRecursively$9(NodeTestTask.java:139)
	at org.junit.platform.engine.support.hierarchical.ThrowableCollector.execute(ThrowableCollector.java:73)
	at org.junit.platform.engine.support.hierarchical.NodeTestTask.executeRecursively(NodeTestTask.java:138)
	at org.junit.platform.engine.support.hierarchical.NodeTestTask.execute(NodeTestTask.java:95)
	at java.base/java.util.ArrayList.forEach(ArrayList.java:1596)
	at org.junit.platform.engine.support.hierarchical.SameThreadHierarchicalTestExecutorService.invokeAll(SameThreadHierarchicalTestExecutorService.java:41)
	at org.junit.platform.engine.support.hierarchical.NodeTestTask.lambda$executeRecursively$6(NodeTestTask.java:155)
	at org.junit.platform.engine.support.hierarchical.ThrowableCollector.execute(ThrowableCollector.java:73)
	at org.junit.platform.engine.support.hierarchical.NodeTestTask.lambda$executeRecursively$8(NodeTestTask.java:141)
	at org.junit.platform.engine.support.hierarchical.Node.around(Node.java:137)
	at org.junit.platform.engine.support.hierarchical.NodeTestTask.lambda$executeRecursively$9(NodeTestTask.java:139)
	at org.junit.platform.engine.support.hierarchical.ThrowableCollector.execute(ThrowableCollector.java:73)
	at org.junit.platform.engine.support.hierarchical.NodeTestTask.executeRecursively(NodeTestTask.java:138)
	at org.junit.platform.engine.support.hierarchical.NodeTestTask.execute(NodeTestTask.java:95)
	at java.base/java.util.ArrayList.forEach(ArrayList.java:1596)
	at org.junit.platform.engine.support.hierarchical.SameThreadHierarchicalTestExecutorService.invokeAll(SameThreadHierarchicalTestExecutorService.java:41)
	at org.junit.platform.engine.support.hierarchical.NodeTestTask.lambda$executeRecursively$6(NodeTestTask.java:155)
	at org.junit.platform.engine.support.hierarchical.ThrowableCollector.execute(ThrowableCollector.java:73)
	at org.junit.platform.engine.support.hierarchical.NodeTestTask.lambda$executeRecursively$8(NodeTestTask.java:141)
	at org.junit.platform.engine.support.hierarchical.Node.around(Node.java:137)
	at org.junit.platform.engine.support.hierarchical.NodeTestTask.lambda$executeRecursively$9(NodeTestTask.java:139)
	at org.junit.platform.engine.support.hierarchical.ThrowableCollector.execute(ThrowableCollector.java:73)
	at org.junit.platform.engine.support.hierarchical.NodeTestTask.executeRecursively(NodeTestTask.java:138)
	at org.junit.platform.engine.support.hierarchical.NodeTestTask.execute(NodeTestTask.java:95)
	at org.junit.platform.engine.support.hierarchical.SameThreadHierarchicalTestExecutorService.submit(SameThreadHierarchicalTestExecutorService.java:35)
	at org.junit.platform.engine.support.hierarchical.HierarchicalTestExecutor.execute(HierarchicalTestExecutor.java:57)
	at org.junit.platform.engine.support.hierarchical.HierarchicalTestEngine.execute(HierarchicalTestEngine.java:54)
	at org.junit.platform.launcher.core.EngineExecutionOrchestrator.execute(EngineExecutionOrchestrator.java:198)
	at org.junit.platform.launcher.core.EngineExecutionOrchestrator.execute(EngineExecutionOrchestrator.java:169)
	at org.junit.platform.launcher.core.EngineExecutionOrchestrator.execute(EngineExecutionOrchestrator.java:93)
	at org.junit.platform.launcher.core.EngineExecutionOrchestrator.lambda$execute$0(EngineExecutionOrchestrator.java:58)
	at org.junit.platform.launcher.core.EngineExecutionOrchestrator.withInterceptedStreams(EngineExecutionOrchestrator.java:141)
	at org.junit.platform.launcher.core.EngineExecutionOrchestrator.execute(EngineExecutionOrchestrator.java:57)
	at org.junit.platform.launcher.core.DefaultLauncher.execute(DefaultLauncher.java:103)
	at org.junit.platform.launcher.core.DefaultLauncher.execute(DefaultLauncher.java:85)
	at org.junit.platform.launcher.core.DelegatingLauncher.execute(DelegatingLauncher.java:47)
	at org.junit.platform.launcher.core.SessionPerRequestLauncher.execute(SessionPerRequestLauncher.java:63)
	at com.intellij.junit5.JUnit5IdeaTestRunner.startRunnerWithArgs(JUnit5IdeaTestRunner.java:57)
	at com.intellij.rt.junit.IdeaTestRunner$Repeater$1.execute(IdeaTestRunner.java:38)
	at com.intellij.rt.execution.junit.TestsRepeater.repeat(TestsRepeater.java:11)
	at com.intellij.rt.junit.IdeaTestRunner$Repeater.startRunnerWithArgs(IdeaTestRunner.java:35)
	at com.intellij.rt.junit.JUnitStarter.prepareStreamsAndStart(JUnitStarter.java:232)
	at com.intellij.rt.junit.JUnitStarter.main(JUnitStarter.java:55)
2025-03-12 10:51:14 [main] INFO  l.insoft.uztis.tests.utils.TestUtils - Screenshot moved to C:\Users\ingrida.zadorozniene\Desktop\Asm\UZTIS\UZTIS_tests\test-output\screenshots\20250312\105114901_testFillNewVUIApplicationFA().png
2025-03-12 11:00:15 [main] INFO  lt.insoft.uztis.tests.UztisPageTest - Navigated to https://uztisdev.asseco.lt/home
2025-03-12 11:00:16 [main] INFO  l.i.u.t.SubmittedApplicationsPageTest - Starting test:'testFillNewVUIPApplicationFA'
2025-03-12 11:00:16 [main] DEBUG l.i.u.t.SubmittedApplicationsPageTest - User logged in with test credentials.
2025-03-12 11:00:16 [main] DEBUG l.i.u.t.SubmittedApplicationsPageTest - Opened 'Application Processing' menu.
2025-03-12 11:00:16 [main] DEBUG l.i.u.t.SubmittedApplicationsPageTest - Clicked on 'Application Forms' menu.
2025-03-12 11:00:17 [main] DEBUG l.i.u.t.SubmittedApplicationsPageTest - Retrieved last description code text: 'TST-VUI-52'.
2025-03-12 11:00:17 [main] DEBUG l.i.u.t.SubmittedApplicationsPageTest - Clicked on 'Invitation' menu.
2025-03-12 11:00:18 [main] DEBUG l.i.u.t.SubmittedApplicationsPageTest - Selected application section by code: 'TST-VUI-52'.
2025-03-12 11:00:18 [main] DEBUG l.i.u.t.SubmittedApplicationsPageTest - Clicked 'Search' button.
2025-03-12 11:00:18 [main] DEBUG l.i.u.t.SubmittedApplicationsPageTest - Retrieved invitation code: ''.
2025-03-12 11:00:18 [main] DEBUG l.i.u.t.SubmittedApplicationsPageTest - Clicked on 'Submitted Applications' menu.
2025-03-12 11:00:20 [main] DEBUG l.i.u.t.SubmittedApplicationsPageTest - Selected invitation by code: 'TST-VUI-52'.
2025-03-12 11:00:20 [main] DEBUG l.i.u.t.SubmittedApplicationsPageTest - Invitation code inserted.
2025-03-12 11:00:20 [main] DEBUG l.i.u.t.SubmittedApplicationsPageTest - Clicked on 'Action Application' button.
2025-03-12 11:00:20 [main] DEBUG l.i.u.t.SubmittedApplicationsPageTest - Clicked on 'New Application' button.
2025-03-12 11:00:21 [main] DEBUG l.i.u.t.SubmittedApplicationsPageTest - Selected the 'RadioButtonFA' option.
2025-03-12 11:00:21 [main] DEBUG l.i.u.t.SubmittedApplicationsPageTest - Entered phone number: '61298745'.
2025-03-12 11:00:21 [main] DEBUG l.i.u.t.SubmittedApplicationsPageTest - Entered email: 'test@autotest.com'.
2025-03-12 11:00:21 [main] INFO  l.i.u.p.SubmittedApplicationsPage - Clicking on the dropdown button.
2025-03-12 11:00:38 [main] INFO  l.i.u.p.SubmittedApplicationsPage - Found 1741 options in the dropdown.
2025-03-12 11:00:38 [main] DEBUG l.i.u.p.SubmittedApplicationsPage - Checking option: ''
2025-03-12 11:00:38 [main] DEBUG l.i.u.p.SubmittedApplicationsPage - Checking option: '01.11 - Grūdinių (išskyrus ryžius), ankštinių ir aliejingų sėklų augalų auginimas'
2025-03-12 11:00:38 [main] INFO  l.i.u.p.SubmittedApplicationsPage - Successfully selected the value: '01.11 - Grūdinių (išskyrus ryžius), ankštinių ir aliejingų sėklų augalų auginimas'
2025-03-12 11:00:38 [main] INFO  l.i.u.p.SubmittedApplicationsPage - Attempting to close the dropdown.
2025-03-12 11:00:39 [main] DEBUG l.i.u.t.SubmittedApplicationsPageTest - Selected EVRK value: '01.11 - Grūdinių (išskyrus ryžius), ankštinių ir aliejingų sėklų augalų auginimas'.
2025-03-12 11:00:39 [main] DEBUG l.i.u.t.SubmittedApplicationsPageTest - Clicked on 'Address Component' button.
2025-03-12 11:00:39 [main] INFO  l.i.u.p.SubmittedApplicationsPage - Located the dropdown button.
2025-03-12 11:00:43 [main] INFO  l.i.u.p.SubmittedApplicationsPage - Successfully selected the value: 'Lietuva'
2025-03-12 11:00:43 [main] DEBUG l.i.u.t.SubmittedApplicationsPageTest - Selected country: 'Lietuva'.
2025-03-12 11:00:43 [main] INFO  l.i.u.p.SubmittedApplicationsPage - Located the dropdown search field.
2025-03-12 11:00:43 [main] INFO  l.i.u.p.SubmittedApplicationsPage - Dropdown city is opened.
2025-03-12 11:00:43 [main] INFO  l.i.u.p.SubmittedApplicationsPage - Searched for value: 'Vilnius'
2025-03-12 11:00:44 [main] INFO  l.i.u.p.SubmittedApplicationsPage - Successfully selected: 'Vilnius'
2025-03-12 11:00:44 [main] INFO  l.i.u.p.SubmittedApplicationsPage - Located the dropdown button.
2025-03-12 11:00:44 [main] INFO  l.i.u.p.SubmittedApplicationsPage - Successfully selected the value: 'A. Domaševičiaus g.'
2025-03-12 11:00:44 [main] DEBUG l.i.u.t.SubmittedApplicationsPageTest - Selected street: 'A. Domaševičiaus g.'.
2025-03-12 11:00:44 [main] INFO  l.i.u.p.SubmittedApplicationsPage - Located the dropdown button.
2025-03-12 11:00:45 [main] INFO  l.i.u.p.SubmittedApplicationsPage - Successfully selected the value: '1'
2025-03-12 11:00:45 [main] DEBUG l.i.u.t.SubmittedApplicationsPageTest - Selected house: '1'.
2025-03-12 11:00:45 [main] INFO  l.i.u.p.SubmittedApplicationsPage - Located the dropdown button.
2025-03-12 11:00:46 [main] INFO  l.i.u.p.SubmittedApplicationsPage - Successfully selected the value: '1'
2025-03-12 11:00:46 [main] DEBUG l.i.u.t.SubmittedApplicationsPageTest - Selected apartment: '1'.
2025-03-12 11:00:46 [main] DEBUG l.i.u.t.SubmittedApplicationsPageTest - Clicked 'Confirm' button.
2025-03-12 11:00:46 [main] DEBUG l.i.u.t.SubmittedApplicationsPageTest - Entered project date.
2025-03-12 11:00:46 [main] DEBUG l.i.u.t.SubmittedApplicationsPageTest - Entered job count: '1'.
2025-03-12 11:00:47 [main] DEBUG l.i.u.t.SubmittedApplicationsPageTest - Clicked 'Next' button.
2025-03-12 11:00:47 [main] INFO  l.i.u.p.SubmittedApplicationsPage - Located the dropdown button.
2025-03-12 11:00:48 [main] INFO  l.i.u.p.SubmittedApplicationsPage - Successfully selected the value: 'Administratoriai'
2025-03-12 11:00:48 [main] DEBUG l.i.u.t.SubmittedApplicationsPageTest - Selected job name: 'Administratoriai'.
2025-03-12 11:00:48 [main] DEBUG l.i.u.t.SubmittedApplicationsPageTest - Entered job function: 'Funkcija 1'.
2025-03-12 11:00:48 [main] DEBUG l.i.u.t.SubmittedApplicationsPageTest - Selected 'RadioButtonWithDisabilities' option.
2025-03-12 11:00:48 [main] INFO  l.i.u.p.SubmittedApplicationsPage - Clicking on the dropdown button.
2025-03-12 11:00:49 [main] INFO  l.i.u.p.SubmittedApplicationsPage - Found 34 options in the dropdown.
2025-03-12 11:00:49 [main] DEBUG l.i.u.p.SubmittedApplicationsPage - Checking option: 'Asmenys, kuriems suteiktas pabėgėlio statusas ar perkeliamojo asmens statusas, arba asmenys, kuriems suteikta papildoma ar laikinoji apsauga, ir asmenys, turintys teisę gauti laikinąją apsaugą, iki sprendimo dėl laikinosios apsaugos suteikimo (nesuteikimo) priėmimo, tačiau ne ilgiau kaip laikinosios apsaugos laikotarpiu'
2025-03-12 11:00:49 [main] DEBUG l.i.u.p.SubmittedApplicationsPage - Checking option: 'Asmenys, kuriems suteiktas pabėgėlio statusas ar perkeliamojo asmens statusas, arba asmenys, kuriems suteikta papildoma ar laikinoji apsauga, ir asmenys, turintys teisę gauti laikinąją apsaugą, iki sprendimo dėl laikinosios apsaugos suteikimo (nesuteikimo) priėmimo, tačiau ne ilgiau kaip laikinosios apsaugos laikotarpiu'
2025-03-12 11:00:49 [main] DEBUG l.i.u.p.SubmittedApplicationsPage - Checking option: 'Asmenys, turintys teisę į papildomas užimtumo garantijas pagal Lietuvos Respublikos valstybės įmonės Ignalinos atominės elektrinės darbuotojų papildomų užimtumo ir socialinių garantijų įstatymą'
2025-03-12 11:00:49 [main] DEBUG l.i.u.p.SubmittedApplicationsPage - Checking option: 'Asmenys, turintys teisę į papildomas užimtumo garantijas pagal Lietuvos Respublikos valstybės įmonės Ignalinos atominės elektrinės darbuotojų papildomų užimtumo ir socialinių garantijų įstatymą'
2025-03-12 11:00:49 [main] DEBUG l.i.u.p.SubmittedApplicationsPage - Checking option: 'Bedarbiai iki 29 metų'
2025-03-12 11:00:49 [main] DEBUG l.i.u.p.SubmittedApplicationsPage - Checking option: 'Bedarbiai iki 29 metų'
2025-03-12 11:00:49 [main] DEBUG l.i.u.p.SubmittedApplicationsPage - Checking option: 'Bedarbiai, kurie yra darbingo amžiaus neįgalieji, kuriems nustatytas 30–40 procentų darbingumo lygis arba vidutinis neįgalumo lygis'
2025-03-12 11:00:49 [main] DEBUG l.i.u.p.SubmittedApplicationsPage - Checking option: 'Bedarbiai, kurie yra darbingo amžiaus neįgalieji, kuriems nustatytas 30–40 procentų darbingumo lygis arba vidutinis neįgalumo lygis'
2025-03-12 11:00:49 [main] DEBUG l.i.u.p.SubmittedApplicationsPage - Checking option: 'Bedarbiai, kurie yra darbingo amžiaus neįgalieji, kuriems nustatytas 45–55 procentų darbingumo lygis arba lengvas neįgalumo lygis'
2025-03-12 11:00:49 [main] DEBUG l.i.u.p.SubmittedApplicationsPage - Checking option: 'Bedarbiai, kurie yra darbingo amžiaus neįgalieji, kuriems nustatytas 45–55 procentų darbingumo lygis arba lengvas neįgalumo lygis'
2025-03-12 11:00:49 [main] DEBUG l.i.u.p.SubmittedApplicationsPage - Checking option: 'Bedarbiai, kurie yra darbingo amžiaus neįgalieji, kuriems nustatytas iki 25 procentų darbingumo lygis arba sunkus neįgalumo lygis'
2025-03-12 11:00:49 [main] INFO  l.i.u.p.SubmittedApplicationsPage - Successfully selected the value: 'Bedarbiai, kurie yra darbingo amžiaus neįgalieji, kuriems nustatytas iki 25 procentų darbingumo lygis arba sunkus neįgalumo lygis'
2025-03-12 11:00:49 [main] INFO  l.i.u.p.SubmittedApplicationsPage - Attempting to close the dropdown.
2025-03-12 11:00:50 [main] DEBUG l.i.u.t.SubmittedApplicationsPageTest - Selected disabilities type: 'Bedarbiai, kurie yra darbingo amžiaus neįgalieji, kuriems nustatytas iki 25 procentų darbingumo lygis arba sunkus neįgalumo lygis'.
2025-03-12 11:00:50 [main] DEBUG l.i.u.t.SubmittedApplicationsPageTest - Entered disability information: 'Negalia 1'.
2025-03-12 11:00:50 [main] INFO  l.i.u.p.SubmittedApplicationsPage - Located the dropdown button.
2025-03-12 11:00:50 [main] INFO  l.i.u.p.SubmittedApplicationsPage - Successfully selected the value: 'Kita'
2025-03-12 11:00:50 [main] DEBUG l.i.u.t.SubmittedApplicationsPageTest - Selected time mode: 'Kita'.
2025-03-12 11:00:51 [main] DEBUG l.i.u.t.SubmittedApplicationsPageTest - Selected time mode other: '6 val. per dieną ir 4 d. per savaitę'.
2025-03-12 11:00:51 [main] DEBUG l.i.u.t.SubmittedApplicationsPageTest - Entered qualification: 'Kvalifikacija 1'.
2025-03-12 11:00:51 [main] DEBUG l.i.u.t.SubmittedApplicationsPageTest - Entered job date.
2025-03-12 11:00:51 [main] DEBUG l.i.u.t.SubmittedApplicationsPageTest - Entered salary amount: '1200'.
2025-03-12 11:00:52 [main] DEBUG l.i.u.t.SubmittedApplicationsPageTest - Selected 'Temporary Job' radio button.
2025-03-12 11:00:52 [main] DEBUG l.i.u.t.SubmittedApplicationsPageTest - Selected 'Season Job' radio button.
2025-03-12 11:00:52 [main] DEBUG l.i.u.t.SubmittedApplicationsPageTest - Selected 'Energy' radio button.
2025-03-12 11:00:52 [main] DEBUG l.i.u.t.SubmittedApplicationsPageTest - Selected 'Repair' radio button.
2025-03-12 11:00:52 [main] DEBUG l.i.u.t.SubmittedApplicationsPageTest - Entered job description: 'Veikla 1'.
2025-03-12 11:00:53 [main] DEBUG l.i.u.t.SubmittedApplicationsPageTest - Entered process description: 'Procesas 1'.
2025-03-12 11:00:53 [main] DEBUG l.i.u.t.SubmittedApplicationsPageTest - Entered energy information: 'Energija 1'.
2025-03-12 11:00:53 [main] DEBUG l.i.u.t.SubmittedApplicationsPageTest - Entered repair information: 'Remontas 1'.
2025-03-12 11:00:53 [main] DEBUG l.i.u.t.SubmittedApplicationsPageTest - Selected 'PVM' radio button.
2025-03-12 11:00:53 [main] INFO  l.i.u.p.SubmittedApplicationsPage - Located the dropdown button.
2025-03-12 11:00:54 [main] INFO  l.i.u.p.SubmittedApplicationsPage - Successfully selected the value: 'Įsigyti'
2025-03-12 11:00:54 [main] DEBUG l.i.u.t.SubmittedApplicationsPageTest - Selected necessary for job: 'Įsigyti'.
2025-03-12 11:00:54 [main] DEBUG l.i.u.t.SubmittedApplicationsPageTest - Selected tool: 'Darbo priemonė 1'.
2025-03-12 11:00:54 [main] DEBUG l.i.u.t.SubmittedApplicationsPageTest - Selected tool parameter one: 'Darbo priemonės 1 parametras 1'.
2025-03-12 11:00:54 [main] DEBUG l.i.u.t.SubmittedApplicationsPageTest - Selected tool parameter two: 'Darbo priemonės 1 parametras 2'.
2025-03-12 11:00:55 [main] DEBUG l.i.u.t.SubmittedApplicationsPageTest - Selected tool parameter three: 'Darbo priemonės 1 parametras 3'.
2025-03-12 11:00:55 [main] DEBUG l.i.u.t.SubmittedApplicationsPageTest - Entered tool count: '1'.
2025-03-12 11:00:55 [main] DEBUG l.i.u.t.SubmittedApplicationsPageTest - Entered price amount 1: '1000'.
2025-03-12 11:00:55 [main] DEBUG l.i.u.t.SubmittedApplicationsPageTest - Entered own funds amount 1: '800'.
2025-03-12 11:00:55 [main] DEBUG l.i.u.t.SubmittedApplicationsPageTest - Clicked 'Add' button.
2025-03-12 11:00:55 [main] INFO  l.i.u.p.SubmittedApplicationsPage - Located the dropdown button.
2025-03-12 11:00:56 [main] INFO  l.i.u.p.SubmittedApplicationsPage - Successfully selected the value: 'Remontuoti'
2025-03-12 11:00:56 [main] DEBUG l.i.u.t.SubmittedApplicationsPageTest - Selected necessary for job 'to repair': 'Remontuoti'.
2025-03-12 11:00:56 [main] DEBUG l.i.u.t.SubmittedApplicationsPageTest - Selected repair name: 'Remonto pavadinimas 1'.
2025-03-12 11:00:56 [main] DEBUG l.i.u.t.SubmittedApplicationsPageTest - Entered repair information: 'Remonto aprašymas 1'.
2025-03-12 11:00:57 [main] DEBUG l.i.u.t.SubmittedApplicationsPageTest - Entered price amount 2: '1000'.
2025-03-12 11:00:57 [main] DEBUG l.i.u.t.SubmittedApplicationsPageTest - Entered own funds amount 2: '900'.
2025-03-12 11:00:57 [main] DEBUG l.i.u.t.SubmittedApplicationsPageTest - Entered country percentage: '50'.
2025-03-12 11:00:57 [main] DEBUG l.i.u.t.SubmittedApplicationsPageTest - Entered institution percentage: '50'.
2025-03-12 11:00:57 [main] DEBUG l.i.u.t.SubmittedApplicationsPageTest - Entered municipality percentage: '50'.
2025-03-12 11:00:58 [main] DEBUG l.i.u.t.SubmittedApplicationsPageTest - Selected 'De Minimis' radio button.
2025-03-12 11:00:58 [main] DEBUG l.i.u.t.SubmittedApplicationsPageTest - Entered program name: 'Programa 1'.
2025-03-12 11:00:58 [main] DEBUG l.i.u.t.SubmittedApplicationsPageTest - Entered project date from.
2025-03-12 11:00:59 [main] DEBUG l.i.u.t.SubmittedApplicationsPageTest - Entered project date until.
2025-03-12 11:00:59 [main] DEBUG l.i.u.t.SubmittedApplicationsPageTest - Entered support amount: '2000'.
2025-03-12 11:00:59 [main] DEBUG l.i.u.t.SubmittedApplicationsPageTest - Clicked 'Next' button.
2025-03-12 11:01:09 [main] DEBUG l.i.u.t.SubmittedApplicationsPageTest - Checked 'Legal Entities' checkbox 1.
2025-03-12 11:01:19 [main] DEBUG l.i.u.t.SubmittedApplicationsPageTest - Checked 'Legal Entities' checkbox 2.
2025-03-12 11:01:29 [main] DEBUG l.i.u.t.SubmittedApplicationsPageTest - Checked 'Legal Entities' checkbox 3.
2025-03-12 11:01:29 [main] DEBUG l.i.u.t.SubmittedApplicationsPageTest - Test finished: All 'Legal Entities' checkboxes checked successfully.
2025-03-12 11:01:29 [main] DEBUG l.i.u.t.SubmittedApplicationsPageTest - Clicked 'Next' button after checkboxes.
2025-03-12 11:01:39 [main] ERROR l.i.u.p.SubmittedApplicationsPage - Error selecting radio button: Expected condition failed: waiting for element to be clickable: By.xpath: (//input[@type='radio' and @value='false'])[8] (tried for 10 second(s) with 500 milliseconds interval)
Build info: version: '4.27.0', revision: 'd6e718d134'
System info: os.name: 'Windows 11', os.arch: 'amd64', os.version: '10.0', java.version: '21.0.3'
Driver info: org.openqa.selenium.chrome.ChromeDriver
Capabilities {acceptInsecureCerts: false, browserName: chrome, browserVersion: 134.0.6998.88, chrome: {chromedriverVersion: 134.0.6998.88 (7e3d5c978c6d..., userDataDir: C:\Users\INGRID~1.ZAD\AppDa...}, fedcm:accounts: true, goog:chromeOptions: {debuggerAddress: localhost:59001}, networkConnectionEnabled: false, pageLoadStrategy: normal, platformName: windows, proxy: Proxy(), se:cdp: ws://localhost:59001/devtoo..., se:cdpVersion: 134.0.6998.88, setWindowRect: true, strictFileInteractability: false, timeouts: {implicit: 0, pageLoad: 300000, script: 30000}, unhandledPromptBehavior: dismiss and notify, webauthn:extension:credBlob: true, webauthn:extension:largeBlob: true, webauthn:extension:minPinLength: true, webauthn:extension:prf: true, webauthn:virtualAuthenticators: true}
Session ID: 46d2241ddfdc3ee81e1f648f8d70afc5
2025-03-12 11:01:39 [main] INFO  l.i.u.t.SubmittedApplicationsPageTest - Marking 'Ne' radio button 1
2025-03-12 11:01:50 [main] ERROR l.i.u.p.SubmittedApplicationsPage - Error selecting radio button: Expected condition failed: waiting for element to be clickable: By.xpath: (//input[@type='radio' and @value='false'])[9] (tried for 10 second(s) with 500 milliseconds interval)
Build info: version: '4.27.0', revision: 'd6e718d134'
System info: os.name: 'Windows 11', os.arch: 'amd64', os.version: '10.0', java.version: '21.0.3'
Driver info: org.openqa.selenium.chrome.ChromeDriver
Capabilities {acceptInsecureCerts: false, browserName: chrome, browserVersion: 134.0.6998.88, chrome: {chromedriverVersion: 134.0.6998.88 (7e3d5c978c6d..., userDataDir: C:\Users\INGRID~1.ZAD\AppDa...}, fedcm:accounts: true, goog:chromeOptions: {debuggerAddress: localhost:59001}, networkConnectionEnabled: false, pageLoadStrategy: normal, platformName: windows, proxy: Proxy(), se:cdp: ws://localhost:59001/devtoo..., se:cdpVersion: 134.0.6998.88, setWindowRect: true, strictFileInteractability: false, timeouts: {implicit: 0, pageLoad: 300000, script: 30000}, unhandledPromptBehavior: dismiss and notify, webauthn:extension:credBlob: true, webauthn:extension:largeBlob: true, webauthn:extension:minPinLength: true, webauthn:extension:prf: true, webauthn:virtualAuthenticators: true}
Session ID: 46d2241ddfdc3ee81e1f648f8d70afc5
2025-03-12 11:01:50 [main] INFO  l.i.u.t.SubmittedApplicationsPageTest - Marking 'Ne' radio button 2
2025-03-12 11:02:00 [main] ERROR l.i.u.p.SubmittedApplicationsPage - Error selecting radio button: Expected condition failed: waiting for element to be clickable: By.xpath: (//input[@type='radio' and @value='false'])[10] (tried for 10 second(s) with 500 milliseconds interval)
Build info: version: '4.27.0', revision: 'd6e718d134'
System info: os.name: 'Windows 11', os.arch: 'amd64', os.version: '10.0', java.version: '21.0.3'
Driver info: org.openqa.selenium.chrome.ChromeDriver
Capabilities {acceptInsecureCerts: false, browserName: chrome, browserVersion: 134.0.6998.88, chrome: {chromedriverVersion: 134.0.6998.88 (7e3d5c978c6d..., userDataDir: C:\Users\INGRID~1.ZAD\AppDa...}, fedcm:accounts: true, goog:chromeOptions: {debuggerAddress: localhost:59001}, networkConnectionEnabled: false, pageLoadStrategy: normal, platformName: windows, proxy: Proxy(), se:cdp: ws://localhost:59001/devtoo..., se:cdpVersion: 134.0.6998.88, setWindowRect: true, strictFileInteractability: false, timeouts: {implicit: 0, pageLoad: 300000, script: 30000}, unhandledPromptBehavior: dismiss and notify, webauthn:extension:credBlob: true, webauthn:extension:largeBlob: true, webauthn:extension:minPinLength: true, webauthn:extension:prf: true, webauthn:virtualAuthenticators: true}
Session ID: 46d2241ddfdc3ee81e1f648f8d70afc5
2025-03-12 11:02:00 [main] INFO  l.i.u.t.SubmittedApplicationsPageTest - Marking 'Ne' radio button 3
2025-03-12 11:02:10 [main] ERROR l.i.u.p.SubmittedApplicationsPage - Error selecting radio button: Expected condition failed: waiting for element to be clickable: By.xpath: (//input[@type='radio' and @value='false'])[11] (tried for 10 second(s) with 500 milliseconds interval)
Build info: version: '4.27.0', revision: 'd6e718d134'
System info: os.name: 'Windows 11', os.arch: 'amd64', os.version: '10.0', java.version: '21.0.3'
Driver info: org.openqa.selenium.chrome.ChromeDriver
Capabilities {acceptInsecureCerts: false, browserName: chrome, browserVersion: 134.0.6998.88, chrome: {chromedriverVersion: 134.0.6998.88 (7e3d5c978c6d..., userDataDir: C:\Users\INGRID~1.ZAD\AppDa...}, fedcm:accounts: true, goog:chromeOptions: {debuggerAddress: localhost:59001}, networkConnectionEnabled: false, pageLoadStrategy: normal, platformName: windows, proxy: Proxy(), se:cdp: ws://localhost:59001/devtoo..., se:cdpVersion: 134.0.6998.88, setWindowRect: true, strictFileInteractability: false, timeouts: {implicit: 0, pageLoad: 300000, script: 30000}, unhandledPromptBehavior: dismiss and notify, webauthn:extension:credBlob: true, webauthn:extension:largeBlob: true, webauthn:extension:minPinLength: true, webauthn:extension:prf: true, webauthn:virtualAuthenticators: true}
Session ID: 46d2241ddfdc3ee81e1f648f8d70afc5
2025-03-12 11:02:10 [main] INFO  l.i.u.t.SubmittedApplicationsPageTest - Marking 'Ne' radio button 4
2025-03-12 11:02:20 [main] ERROR l.i.u.p.SubmittedApplicationsPage - Error selecting radio button: Expected condition failed: waiting for element to be clickable: By.xpath: (//input[@type='radio' and @value='false'])[12] (tried for 10 second(s) with 500 milliseconds interval)
Build info: version: '4.27.0', revision: 'd6e718d134'
System info: os.name: 'Windows 11', os.arch: 'amd64', os.version: '10.0', java.version: '21.0.3'
Driver info: org.openqa.selenium.chrome.ChromeDriver
Capabilities {acceptInsecureCerts: false, browserName: chrome, browserVersion: 134.0.6998.88, chrome: {chromedriverVersion: 134.0.6998.88 (7e3d5c978c6d..., userDataDir: C:\Users\INGRID~1.ZAD\AppDa...}, fedcm:accounts: true, goog:chromeOptions: {debuggerAddress: localhost:59001}, networkConnectionEnabled: false, pageLoadStrategy: normal, platformName: windows, proxy: Proxy(), se:cdp: ws://localhost:59001/devtoo..., se:cdpVersion: 134.0.6998.88, setWindowRect: true, strictFileInteractability: false, timeouts: {implicit: 0, pageLoad: 300000, script: 30000}, unhandledPromptBehavior: dismiss and notify, webauthn:extension:credBlob: true, webauthn:extension:largeBlob: true, webauthn:extension:minPinLength: true, webauthn:extension:prf: true, webauthn:virtualAuthenticators: true}
Session ID: 46d2241ddfdc3ee81e1f648f8d70afc5
2025-03-12 11:02:20 [main] INFO  l.i.u.t.SubmittedApplicationsPageTest - Marking 'Ne' radio button 5
2025-03-12 11:02:30 [main] ERROR l.i.u.p.SubmittedApplicationsPage - Error selecting radio button: Expected condition failed: waiting for element to be clickable: By.xpath: (//input[@type='radio' and @value='false'])[13] (tried for 10 second(s) with 500 milliseconds interval)
Build info: version: '4.27.0', revision: 'd6e718d134'
System info: os.name: 'Windows 11', os.arch: 'amd64', os.version: '10.0', java.version: '21.0.3'
Driver info: org.openqa.selenium.chrome.ChromeDriver
Capabilities {acceptInsecureCerts: false, browserName: chrome, browserVersion: 134.0.6998.88, chrome: {chromedriverVersion: 134.0.6998.88 (7e3d5c978c6d..., userDataDir: C:\Users\INGRID~1.ZAD\AppDa...}, fedcm:accounts: true, goog:chromeOptions: {debuggerAddress: localhost:59001}, networkConnectionEnabled: false, pageLoadStrategy: normal, platformName: windows, proxy: Proxy(), se:cdp: ws://localhost:59001/devtoo..., se:cdpVersion: 134.0.6998.88, setWindowRect: true, strictFileInteractability: false, timeouts: {implicit: 0, pageLoad: 300000, script: 30000}, unhandledPromptBehavior: dismiss and notify, webauthn:extension:credBlob: true, webauthn:extension:largeBlob: true, webauthn:extension:minPinLength: true, webauthn:extension:prf: true, webauthn:virtualAuthenticators: true}
Session ID: 46d2241ddfdc3ee81e1f648f8d70afc5
2025-03-12 11:02:30 [main] INFO  l.i.u.t.SubmittedApplicationsPageTest - Marking 'Ne' radio button 6
2025-03-12 11:02:40 [main] ERROR l.i.u.p.SubmittedApplicationsPage - Error selecting radio button: Expected condition failed: waiting for element to be clickable: By.xpath: (//input[@type='radio' and @value='true'])[14] (tried for 10 second(s) with 500 milliseconds interval)
Build info: version: '4.27.0', revision: 'd6e718d134'
System info: os.name: 'Windows 11', os.arch: 'amd64', os.version: '10.0', java.version: '21.0.3'
Driver info: org.openqa.selenium.chrome.ChromeDriver
Capabilities {acceptInsecureCerts: false, browserName: chrome, browserVersion: 134.0.6998.88, chrome: {chromedriverVersion: 134.0.6998.88 (7e3d5c978c6d..., userDataDir: C:\Users\INGRID~1.ZAD\AppDa...}, fedcm:accounts: true, goog:chromeOptions: {debuggerAddress: localhost:59001}, networkConnectionEnabled: false, pageLoadStrategy: normal, platformName: windows, proxy: Proxy(), se:cdp: ws://localhost:59001/devtoo..., se:cdpVersion: 134.0.6998.88, setWindowRect: true, strictFileInteractability: false, timeouts: {implicit: 0, pageLoad: 300000, script: 30000}, unhandledPromptBehavior: dismiss and notify, webauthn:extension:credBlob: true, webauthn:extension:largeBlob: true, webauthn:extension:minPinLength: true, webauthn:extension:prf: true, webauthn:virtualAuthenticators: true}
Session ID: 46d2241ddfdc3ee81e1f648f8d70afc5
2025-03-12 11:02:40 [main] INFO  l.i.u.t.SubmittedApplicationsPageTest - Marking 'Taip' radio button 7
2025-03-12 11:02:51 [main] ERROR l.i.u.p.SubmittedApplicationsPage - Error selecting radio button: Expected condition failed: waiting for element to be clickable: By.xpath: (//input[@type='radio' and @value='true'])[15] (tried for 10 second(s) with 500 milliseconds interval)
Build info: version: '4.27.0', revision: 'd6e718d134'
System info: os.name: 'Windows 11', os.arch: 'amd64', os.version: '10.0', java.version: '21.0.3'
Driver info: org.openqa.selenium.chrome.ChromeDriver
Capabilities {acceptInsecureCerts: false, browserName: chrome, browserVersion: 134.0.6998.88, chrome: {chromedriverVersion: 134.0.6998.88 (7e3d5c978c6d..., userDataDir: C:\Users\INGRID~1.ZAD\AppDa...}, fedcm:accounts: true, goog:chromeOptions: {debuggerAddress: localhost:59001}, networkConnectionEnabled: false, pageLoadStrategy: normal, platformName: windows, proxy: Proxy(), se:cdp: ws://localhost:59001/devtoo..., se:cdpVersion: 134.0.6998.88, setWindowRect: true, strictFileInteractability: false, timeouts: {implicit: 0, pageLoad: 300000, script: 30000}, unhandledPromptBehavior: dismiss and notify, webauthn:extension:credBlob: true, webauthn:extension:largeBlob: true, webauthn:extension:minPinLength: true, webauthn:extension:prf: true, webauthn:virtualAuthenticators: true}
Session ID: 46d2241ddfdc3ee81e1f648f8d70afc5
2025-03-12 11:02:51 [main] INFO  l.i.u.t.SubmittedApplicationsPageTest - Marking 'Taip' radio button 8
2025-03-12 11:03:01 [main] ERROR l.i.u.p.SubmittedApplicationsPage - Error selecting radio button: Expected condition failed: waiting for element to be clickable: By.xpath: (//input[@type='radio' and @value='true'])[16] (tried for 10 second(s) with 500 milliseconds interval)
Build info: version: '4.27.0', revision: 'd6e718d134'
System info: os.name: 'Windows 11', os.arch: 'amd64', os.version: '10.0', java.version: '21.0.3'
Driver info: org.openqa.selenium.chrome.ChromeDriver
Capabilities {acceptInsecureCerts: false, browserName: chrome, browserVersion: 134.0.6998.88, chrome: {chromedriverVersion: 134.0.6998.88 (7e3d5c978c6d..., userDataDir: C:\Users\INGRID~1.ZAD\AppDa...}, fedcm:accounts: true, goog:chromeOptions: {debuggerAddress: localhost:59001}, networkConnectionEnabled: false, pageLoadStrategy: normal, platformName: windows, proxy: Proxy(), se:cdp: ws://localhost:59001/devtoo..., se:cdpVersion: 134.0.6998.88, setWindowRect: true, strictFileInteractability: false, timeouts: {implicit: 0, pageLoad: 300000, script: 30000}, unhandledPromptBehavior: dismiss and notify, webauthn:extension:credBlob: true, webauthn:extension:largeBlob: true, webauthn:extension:minPinLength: true, webauthn:extension:prf: true, webauthn:virtualAuthenticators: true}
Session ID: 46d2241ddfdc3ee81e1f648f8d70afc5
2025-03-12 11:03:01 [main] INFO  l.i.u.t.SubmittedApplicationsPageTest - Marking 'Taip' radio button 9
2025-03-12 11:03:11 [main] ERROR l.i.u.p.SubmittedApplicationsPage - Error selecting radio button: Expected condition failed: waiting for element to be clickable: By.xpath: (//input[@type='radio' and @value='true'])[17] (tried for 10 second(s) with 500 milliseconds interval)
Build info: version: '4.27.0', revision: 'd6e718d134'
System info: os.name: 'Windows 11', os.arch: 'amd64', os.version: '10.0', java.version: '21.0.3'
Driver info: org.openqa.selenium.chrome.ChromeDriver
Capabilities {acceptInsecureCerts: false, browserName: chrome, browserVersion: 134.0.6998.88, chrome: {chromedriverVersion: 134.0.6998.88 (7e3d5c978c6d..., userDataDir: C:\Users\INGRID~1.ZAD\AppDa...}, fedcm:accounts: true, goog:chromeOptions: {debuggerAddress: localhost:59001}, networkConnectionEnabled: false, pageLoadStrategy: normal, platformName: windows, proxy: Proxy(), se:cdp: ws://localhost:59001/devtoo..., se:cdpVersion: 134.0.6998.88, setWindowRect: true, strictFileInteractability: false, timeouts: {implicit: 0, pageLoad: 300000, script: 30000}, unhandledPromptBehavior: dismiss and notify, webauthn:extension:credBlob: true, webauthn:extension:largeBlob: true, webauthn:extension:minPinLength: true, webauthn:extension:prf: true, webauthn:virtualAuthenticators: true}
Session ID: 46d2241ddfdc3ee81e1f648f8d70afc5
2025-03-12 11:03:11 [main] INFO  l.i.u.t.SubmittedApplicationsPageTest - Marking 'Taip' radio button 10
2025-03-12 11:03:21 [main] ERROR l.i.u.p.SubmittedApplicationsPage - Error selecting radio button: Expected condition failed: waiting for element to be clickable: By.xpath: (//input[@type='radio' and @value='true'])[18] (tried for 10 second(s) with 500 milliseconds interval)
Build info: version: '4.27.0', revision: 'd6e718d134'
System info: os.name: 'Windows 11', os.arch: 'amd64', os.version: '10.0', java.version: '21.0.3'
Driver info: org.openqa.selenium.chrome.ChromeDriver
Capabilities {acceptInsecureCerts: false, browserName: chrome, browserVersion: 134.0.6998.88, chrome: {chromedriverVersion: 134.0.6998.88 (7e3d5c978c6d..., userDataDir: C:\Users\INGRID~1.ZAD\AppDa...}, fedcm:accounts: true, goog:chromeOptions: {debuggerAddress: localhost:59001}, networkConnectionEnabled: false, pageLoadStrategy: normal, platformName: windows, proxy: Proxy(), se:cdp: ws://localhost:59001/devtoo..., se:cdpVersion: 134.0.6998.88, setWindowRect: true, strictFileInteractability: false, timeouts: {implicit: 0, pageLoad: 300000, script: 30000}, unhandledPromptBehavior: dismiss and notify, webauthn:extension:credBlob: true, webauthn:extension:largeBlob: true, webauthn:extension:minPinLength: true, webauthn:extension:prf: true, webauthn:virtualAuthenticators: true}
Session ID: 46d2241ddfdc3ee81e1f648f8d70afc5
2025-03-12 11:03:21 [main] INFO  l.i.u.t.SubmittedApplicationsPageTest - Marking 'Taip' radio button 11
2025-03-12 11:03:31 [main] ERROR l.i.u.p.SubmittedApplicationsPage - Error selecting radio button: Expected condition failed: waiting for element to be clickable: By.xpath: (//input[@type='radio' and @value='true'])[19] (tried for 10 second(s) with 500 milliseconds interval)
Build info: version: '4.27.0', revision: 'd6e718d134'
System info: os.name: 'Windows 11', os.arch: 'amd64', os.version: '10.0', java.version: '21.0.3'
Driver info: org.openqa.selenium.chrome.ChromeDriver
Capabilities {acceptInsecureCerts: false, browserName: chrome, browserVersion: 134.0.6998.88, chrome: {chromedriverVersion: 134.0.6998.88 (7e3d5c978c6d..., userDataDir: C:\Users\INGRID~1.ZAD\AppDa...}, fedcm:accounts: true, goog:chromeOptions: {debuggerAddress: localhost:59001}, networkConnectionEnabled: false, pageLoadStrategy: normal, platformName: windows, proxy: Proxy(), se:cdp: ws://localhost:59001/devtoo..., se:cdpVersion: 134.0.6998.88, setWindowRect: true, strictFileInteractability: false, timeouts: {implicit: 0, pageLoad: 300000, script: 30000}, unhandledPromptBehavior: dismiss and notify, webauthn:extension:credBlob: true, webauthn:extension:largeBlob: true, webauthn:extension:minPinLength: true, webauthn:extension:prf: true, webauthn:virtualAuthenticators: true}
Session ID: 46d2241ddfdc3ee81e1f648f8d70afc5
2025-03-12 11:03:31 [main] INFO  l.i.u.t.SubmittedApplicationsPageTest - Marking 'Taip' radio button 12
2025-03-12 11:03:41 [main] DEBUG l.i.u.t.SubmittedApplicationsPageTest - Checked 'ConfirmationStepFour'
2025-03-12 11:03:42 [main] DEBUG l.i.u.t.SubmittedApplicationsPageTest - Clicked 'Next' button after checkboxes.
2025-03-12 11:03:42 [main] INFO  l.i.u.p.SubmittedApplicationsPage - File uploaded successfully to an input element.
2025-03-12 11:03:42 [main] INFO  l.i.u.p.SubmittedApplicationsPage - File uploaded successfully to an input element.
2025-03-12 11:03:42 [main] INFO  l.i.u.p.SubmittedApplicationsPage - File uploaded successfully to an input element.
2025-03-12 11:03:42 [main] INFO  l.i.u.p.SubmittedApplicationsPage - File uploaded successfully to an input element.
2025-03-12 11:03:42 [main] INFO  l.i.u.p.SubmittedApplicationsPage - File uploaded successfully to an input element.
2025-03-12 11:03:42 [main] INFO  l.i.u.p.SubmittedApplicationsPage - File uploaded successfully to an input element.
2025-03-12 11:03:42 [main] INFO  l.i.u.p.SubmittedApplicationsPage - File uploaded successfully to an input element.
2025-03-12 11:03:42 [main] INFO  l.i.u.p.SubmittedApplicationsPage - File uploaded successfully to an input element.
2025-03-12 11:03:42 [main] INFO  l.i.u.p.SubmittedApplicationsPage - File uploaded successfully to an input element.
2025-03-12 11:03:42 [main] INFO  l.i.u.p.SubmittedApplicationsPage - File uploaded successfully to an input element.
2025-03-12 11:03:42 [main] DEBUG l.i.u.t.SubmittedApplicationsPageTest - Entered program name: 'Dokumentas 1'.
2025-03-12 11:03:43 [main] DEBUG l.i.u.t.SubmittedApplicationsPageTest - Entered program name: 'Dokumentas 2'.
2025-03-12 11:03:43 [main] DEBUG l.i.u.t.SubmittedApplicationsPageTest - Entered program name: 'Dokumentas 3'.
2025-03-12 11:03:43 [main] DEBUG l.i.u.t.SubmittedApplicationsPageTest - Entered program name: 'Dokumentas 4'.
2025-03-12 11:03:43 [main] DEBUG l.i.u.t.SubmittedApplicationsPageTest - Entered program name: 'Dokumentas 5'.
2025-03-12 11:03:43 [main] DEBUG l.i.u.t.SubmittedApplicationsPageTest - Entered program name: 'Dokumentas 6'.
2025-03-12 11:03:43 [main] DEBUG l.i.u.t.SubmittedApplicationsPageTest - Entered program name: 'Dokumentas 4'.
2025-03-12 11:03:43 [main] DEBUG l.i.u.t.SubmittedApplicationsPageTest - Entered program name: 'Dokumentas 8'.
2025-03-12 11:03:44 [main] DEBUG l.i.u.t.SubmittedApplicationsPageTest - Entered program name: 'Dokumentas 9'.
2025-03-12 11:03:44 [main] DEBUG l.i.u.t.SubmittedApplicationsPageTest - Entered program name: 'Dokumentas 10'.
2025-03-12 11:03:54 [main] DEBUG l.i.u.t.SubmittedApplicationsPageTest - Checked 'ConfirmationDocument'
2025-03-12 11:04:04 [main] DEBUG l.i.u.t.SubmittedApplicationsPageTest - Checked 'ConfirmationApplication'
2025-03-12 11:04:04 [main] DEBUG l.i.u.t.SubmittedApplicationsPageTest - Clicked 'SaveDraft' button after checkboxes.
2025-03-12 11:04:05 [main] DEBUG l.i.uztis.pages.ApplicationFormsPage - Verified success message: 'Ruošinys sėkmingai išsaugotas.'
2025-03-12 11:04:05 [main] INFO  l.i.u.t.SubmittedApplicationsPageTest - Verified success message
2025-03-12 11:04:05 [main] DEBUG l.i.u.t.SubmittedApplicationsPageTest - Clicked 'Review' button after checkboxes.
2025-03-12 11:04:05 [main] DEBUG l.i.u.t.SubmittedApplicationsPageTest - Clicked 'Submit' button after checkboxes.
2025-03-12 11:04:05 [main] DEBUG l.i.u.t.SubmittedApplicationsPageTest - Clicked 'SubmitConfirmation' button after checkboxes.
2025-03-12 11:04:05 [main] ERROR l.i.uztis.pages.ApplicationFormsPage - Failed to verify the success message: 'Paraiška sėkmingai pateikta ir užregistruota.'. Available messages: [Ruošinys sėkmingai išsaugotas.]
2025-03-12 11:04:05 [main] INFO  l.i.u.t.SubmittedApplicationsPageTest - Test 'testFillNewVUIApplicationFA' completed successfully.
2025-03-12 11:04:33 [main] INFO  lt.insoft.uztis.tests.UztisPageTest - Navigated to https://uztisdev.asseco.lt/home
2025-03-12 11:04:34 [main] INFO  l.i.u.t.SubmittedApplicationsPageTest - Starting test:'testAddEvaluators'
2025-03-12 11:04:34 [main] DEBUG l.i.u.t.SubmittedApplicationsPageTest - User logged in with test credentials.
2025-03-12 11:04:34 [main] DEBUG l.i.u.t.SubmittedApplicationsPageTest - Opened 'Application Processing' menu.
2025-03-12 11:04:34 [main] DEBUG l.i.u.t.SubmittedApplicationsPageTest - Clicked on 'Application Forms' menu.
2025-03-12 11:04:35 [main] DEBUG l.i.u.t.SubmittedApplicationsPageTest - Retrieved last description code text: 'TST-VUI-52'.
2025-03-12 11:04:35 [main] DEBUG l.i.u.t.SubmittedApplicationsPageTest - Clicked on 'Invitation' menu.
2025-03-12 11:04:36 [main] DEBUG l.i.u.t.SubmittedApplicationsPageTest - Selected application section by code: 'TST-VUI-52'.
2025-03-12 11:04:37 [main] DEBUG l.i.u.t.SubmittedApplicationsPageTest - Clicked 'Search' button.
2025-03-12 11:04:37 [main] DEBUG l.i.u.t.SubmittedApplicationsPageTest - Retrieved invitation code: ''.
2025-03-12 11:04:37 [main] DEBUG l.i.u.t.SubmittedApplicationsPageTest - Clicked on 'Submitted Applications' menu.
2025-03-12 11:04:38 [main] DEBUG l.i.u.t.SubmittedApplicationsPageTest - Selected invitation by code: 'TST-VUI-52'.
2025-03-12 11:04:38 [main] DEBUG l.i.u.t.SubmittedApplicationsPageTest - Invitation code inserted.
2025-03-12 11:04:38 [main] DEBUG l.i.u.t.SubmittedApplicationsPageTest - Clicked on 'Action Application' button.
2025-03-12 11:04:38 [main] DEBUG l.i.u.t.SubmittedApplicationsPageTest - Clicked on 'Add Evaluators' button.
2025-03-12 11:04:39 [main] DEBUG l.i.u.t.SubmittedApplicationsPageTest - Entered first evaluation date.
2025-03-12 11:04:39 [main] DEBUG l.i.u.t.SubmittedApplicationsPageTest - Entered second evaluation date.
2025-03-12 11:04:39 [main] DEBUG l.i.u.t.SubmittedApplicationsPageTest - Entered third evaluation date.
2025-03-12 11:04:39 [main] DEBUG l.i.u.t.SubmittedApplicationsPageTest - Clicked on 'Add Evaluators' confirmation button.
2025-03-12 11:04:39 [main] DEBUG l.i.uztis.pages.ApplicationFormsPage - Verified success message: 'Paraiškų vertinimai sėkmingai priskirti vertintojams.'
2025-03-12 11:04:39 [main] INFO  l.i.u.t.SubmittedApplicationsPageTest - Verified success message
2025-03-12 11:04:39 [main] INFO  l.i.u.t.SubmittedApplicationsPageTest - Test 'testAddEvaluators' completed successfully.
2025-03-12 11:05:18 [main] INFO  lt.insoft.uztis.tests.UztisPageTest - Navigated to https://uztisdev.asseco.lt/home
2025-03-12 11:05:19 [main] INFO  l.i.uztis.tests.EvaluationsPageTest - Starting test:'testFillSaveDraftEvaluationOne'
2025-03-12 11:05:19 [main] INFO  l.i.uztis.tests.EvaluationsPageTest - Starting test:'testNavigateToEvaluationsPage'
2025-03-12 11:05:19 [main] DEBUG l.i.uztis.tests.EvaluationsPageTest - User logged in with test credentials
2025-03-12 11:05:20 [main] DEBUG l.i.uztis.tests.EvaluationsPageTest - Opened 'Application Processing' menu.
2025-03-12 11:05:20 [main] DEBUG l.i.uztis.tests.EvaluationsPageTest - Clicked on 'Evaluations' menu.
2025-03-12 11:05:20 [main] DEBUG l.i.uztis.tests.EvaluationsPageTest - Navigating to evaluations menu.
2025-03-12 11:05:20 [main] INFO  l.i.uztis.tests.EvaluationsPageTest - Test 'testNavigateToEvaluationsPage' completed successfully.
2025-03-12 11:05:21 [main] DEBUG l.i.uztis.tests.EvaluationsPageTest - Clicked on last evaluation.
2025-03-12 11:05:22 [main] DEBUG l.i.uztis.tests.EvaluationsPageTest - Clicked 'Edit'.
2025-03-12 11:05:25 [main] DEBUG l.i.uztis.tests.EvaluationsPageTest - Selected '1.1' radio button.
2025-03-12 11:05:27 [main] DEBUG l.i.uztis.tests.EvaluationsPageTest - Selected '1.2' radio button.
2025-03-12 11:05:30 [main] DEBUG l.i.uztis.tests.EvaluationsPageTest - Selected '1.3' radio button.
2025-03-12 11:05:32 [main] DEBUG l.i.uztis.tests.EvaluationsPageTest - Selected '1.4' radio button.
2025-03-12 11:05:33 [main] DEBUG l.i.uztis.tests.EvaluationsPageTest - Selected '1.5' radio button.
2025-03-12 11:05:34 [main] DEBUG l.i.uztis.tests.EvaluationsPageTest - Selected '2.1' radio button.
2025-03-12 11:05:35 [main] DEBUG l.i.uztis.tests.EvaluationsPageTest - Selected '3.1' radio button.
2025-03-12 11:05:36 [main] DEBUG l.i.uztis.tests.EvaluationsPageTest - Selected '4.2' radio button.
2025-03-12 11:05:37 [main] DEBUG l.i.uztis.tests.EvaluationsPageTest - Selected '5.1' radio button.
2025-03-12 11:05:38 [main] DEBUG l.i.uztis.tests.EvaluationsPageTest - Selected '5.2' radio button.
2025-03-12 11:05:39 [main] DEBUG l.i.uztis.tests.EvaluationsPageTest - Selected '6.1' radio button.
2025-03-12 11:05:40 [main] DEBUG l.i.uztis.tests.EvaluationsPageTest - Selected '6.2' radio button.
2025-03-12 11:05:41 [main] DEBUG l.i.uztis.tests.EvaluationsPageTest - Clicked on expansion panel 'Not Critical'.
2025-03-12 11:05:41 [main] DEBUG l.i.uztis.tests.EvaluationsPageTest - Selected '7' radio button.
2025-03-12 11:05:42 [main] DEBUG l.i.uztis.tests.EvaluationsPageTest - Selected '8_1' radio button.
2025-03-12 11:05:42 [main] DEBUG l.i.uztis.tests.EvaluationsPageTest - Selected '8_2' radio button.
2025-03-12 11:05:43 [main] DEBUG l.i.uztis.tests.EvaluationsPageTest - Selected '8_3' radio button.
2025-03-12 11:05:43 [main] DEBUG l.i.uztis.tests.EvaluationsPageTest - Selected '8_4' radio button.
2025-03-12 11:05:43 [main] DEBUG l.i.uztis.tests.EvaluationsPageTest - Selected '8_5' radio button.
2025-03-12 11:05:44 [main] DEBUG l.i.uztis.tests.EvaluationsPageTest - Selected '8_6' radio button.
2025-03-12 11:05:44 [main] DEBUG l.i.uztis.tests.EvaluationsPageTest - Selected '8_7' radio button.
2025-03-12 11:05:44 [main] DEBUG l.i.uztis.tests.EvaluationsPageTest - Selected '8_8' radio button.
2025-03-12 11:05:45 [main] DEBUG l.i.uztis.tests.EvaluationsPageTest - Selected '8_9' radio button.
2025-03-12 11:05:45 [main] DEBUG l.i.uztis.tests.EvaluationsPageTest - Selected '8_10' radio button.
2025-03-12 11:05:46 [main] DEBUG l.i.uztis.tests.EvaluationsPageTest - Selected '9' radio button.
2025-03-12 11:05:46 [main] DEBUG l.i.uztis.tests.EvaluationsPageTest - Selected '10.1' radio button.
2025-03-12 11:05:46 [main] DEBUG l.i.uztis.tests.EvaluationsPageTest - Selected '10.2' radio button.
2025-03-12 11:05:47 [main] DEBUG l.i.uztis.tests.EvaluationsPageTest - Selected '10.3' radio button.
2025-03-12 11:05:47 [main] DEBUG l.i.uztis.tests.EvaluationsPageTest - Entered  explanation: 'Balas pakoreduotas ranka'.
2025-03-12 11:05:48 [main] DEBUG l.i.uztis.tests.EvaluationsPageTest - Clicked 'Save Draft'.
2025-03-12 11:05:48 [main] ERROR l.i.uztis.tests.EvaluationsPageTest - Test 'testFillSaveDraftEvaluationOne' failed with error: stale element reference: stale element not found in the current frame
  (Session info: chrome=134.0.6998.88)
For documentation on this error, please visit: https://www.selenium.dev/documentation/webdriver/troubleshooting/errors#stale-element-reference-exception
Build info: version: '4.27.0', revision: 'd6e718d134'
System info: os.name: 'Windows 11', os.arch: 'amd64', os.version: '10.0', java.version: '21.0.3'
Driver info: org.openqa.selenium.chrome.ChromeDriver
Command: [3c2f5e54efd2a23cb5dcf3a6710b64d8, getElementText {id=f.9A5274697025BE453661ED2EC0134C09.d.64220DF7E1766732B8E83E70FA6CB3CF.e.392}]
Capabilities {acceptInsecureCerts: false, browserName: chrome, browserVersion: 134.0.6998.88, chrome: {chromedriverVersion: 134.0.6998.88 (7e3d5c978c6d..., userDataDir: C:\Users\INGRID~1.ZAD\AppDa...}, fedcm:accounts: true, goog:chromeOptions: {debuggerAddress: localhost:59198}, networkConnectionEnabled: false, pageLoadStrategy: normal, platformName: windows, proxy: Proxy(), se:cdp: ws://localhost:59198/devtoo..., se:cdpVersion: 134.0.6998.88, setWindowRect: true, strictFileInteractability: false, timeouts: {implicit: 0, pageLoad: 300000, script: 30000}, unhandledPromptBehavior: dismiss and notify, webauthn:extension:credBlob: true, webauthn:extension:largeBlob: true, webauthn:extension:minPinLength: true, webauthn:extension:prf: true, webauthn:virtualAuthenticators: true}
Element: [[ChromeDriver: chrome on windows (3c2f5e54efd2a23cb5dcf3a6710b64d8)] -> css selector: [class='w-100']]
Session ID: 3c2f5e54efd2a23cb5dcf3a6710b64d8
org.openqa.selenium.StaleElementReferenceException: stale element reference: stale element not found in the current frame
  (Session info: chrome=134.0.6998.88)
For documentation on this error, please visit: https://www.selenium.dev/documentation/webdriver/troubleshooting/errors#stale-element-reference-exception
Build info: version: '4.27.0', revision: 'd6e718d134'
System info: os.name: 'Windows 11', os.arch: 'amd64', os.version: '10.0', java.version: '21.0.3'
Driver info: org.openqa.selenium.chrome.ChromeDriver
Command: [3c2f5e54efd2a23cb5dcf3a6710b64d8, getElementText {id=f.9A5274697025BE453661ED2EC0134C09.d.64220DF7E1766732B8E83E70FA6CB3CF.e.392}]
Capabilities {acceptInsecureCerts: false, browserName: chrome, browserVersion: 134.0.6998.88, chrome: {chromedriverVersion: 134.0.6998.88 (7e3d5c978c6d..., userDataDir: C:\Users\INGRID~1.ZAD\AppDa...}, fedcm:accounts: true, goog:chromeOptions: {debuggerAddress: localhost:59198}, networkConnectionEnabled: false, pageLoadStrategy: normal, platformName: windows, proxy: Proxy(), se:cdp: ws://localhost:59198/devtoo..., se:cdpVersion: 134.0.6998.88, setWindowRect: true, strictFileInteractability: false, timeouts: {implicit: 0, pageLoad: 300000, script: 30000}, unhandledPromptBehavior: dismiss and notify, webauthn:extension:credBlob: true, webauthn:extension:largeBlob: true, webauthn:extension:minPinLength: true, webauthn:extension:prf: true, webauthn:virtualAuthenticators: true}
Element: [[ChromeDriver: chrome on windows (3c2f5e54efd2a23cb5dcf3a6710b64d8)] -> css selector: [class='w-100']]
Session ID: 3c2f5e54efd2a23cb5dcf3a6710b64d8
	at java.base/jdk.internal.reflect.DirectConstructorHandleAccessor.newInstance(DirectConstructorHandleAccessor.java:62)
	at java.base/java.lang.reflect.Constructor.newInstanceWithCaller(Constructor.java:502)
	at java.base/java.lang.reflect.Constructor.newInstance(Constructor.java:486)
	at org.openqa.selenium.remote.ErrorCodec.decode(ErrorCodec.java:167)
	at org.openqa.selenium.remote.codec.w3c.W3CHttpResponseCodec.decode(W3CHttpResponseCodec.java:138)
	at org.openqa.selenium.remote.codec.w3c.W3CHttpResponseCodec.decode(W3CHttpResponseCodec.java:50)
	at org.openqa.selenium.remote.HttpCommandExecutor.execute(HttpCommandExecutor.java:190)
	at org.openqa.selenium.remote.service.DriverCommandExecutor.invokeExecute(DriverCommandExecutor.java:216)
	at org.openqa.selenium.remote.service.DriverCommandExecutor.execute(DriverCommandExecutor.java:174)
	at org.openqa.selenium.remote.RemoteWebDriver.execute(RemoteWebDriver.java:545)
	at org.openqa.selenium.remote.RemoteWebElement.execute(RemoteWebElement.java:223)
	at org.openqa.selenium.remote.RemoteWebElement.getText(RemoteWebElement.java:191)
	at java.base/java.util.stream.ReferencePipeline$3$1.accept(ReferencePipeline.java:197)
	at java.base/java.util.ArrayList$ArrayListSpliterator.forEachRemaining(ArrayList.java:1708)
	at java.base/java.util.stream.AbstractPipeline.copyInto(AbstractPipeline.java:509)
	at java.base/java.util.stream.AbstractPipeline.wrapAndCopyInto(AbstractPipeline.java:499)
	at java.base/java.util.stream.ReduceOps$ReduceOp.evaluateSequential(ReduceOps.java:921)
	at java.base/java.util.stream.AbstractPipeline.evaluate(AbstractPipeline.java:234)
	at java.base/java.util.stream.ReferencePipeline.collect(ReferencePipeline.java:682)
	at lt.insoft.uztis.pages.ApplicationFormsPage.getAllMessagesText(ApplicationFormsPage.java:135)
	at lt.insoft.uztis.pages.ApplicationFormsPage.verifySuccessMessage(ApplicationFormsPage.java:139)
	at lt.insoft.uztis.tests.EvaluationsPageTest.testFillSaveDraftEvaluationOne(EvaluationsPageTest.java:169)
	at java.base/jdk.internal.reflect.DirectMethodHandleAccessor.invoke(DirectMethodHandleAccessor.java:103)
	at java.base/java.lang.reflect.Method.invoke(Method.java:580)
	at org.junit.platform.commons.util.ReflectionUtils.invokeMethod(ReflectionUtils.java:728)
	at org.junit.jupiter.engine.execution.MethodInvocation.proceed(MethodInvocation.java:60)
	at org.junit.jupiter.engine.execution.InvocationInterceptorChain$ValidatingInvocation.proceed(InvocationInterceptorChain.java:131)
	at org.junit.jupiter.engine.extension.TimeoutExtension.intercept(TimeoutExtension.java:156)
	at org.junit.jupiter.engine.extension.TimeoutExtension.interceptTestableMethod(TimeoutExtension.java:147)
	at org.junit.jupiter.engine.extension.TimeoutExtension.interceptTestMethod(TimeoutExtension.java:86)
	at org.junit.jupiter.engine.execution.InterceptingExecutableInvoker$ReflectiveInterceptorCall.lambda$ofVoidMethod$0(InterceptingExecutableInvoker.java:103)
	at org.junit.jupiter.engine.execution.InterceptingExecutableInvoker.lambda$invoke$0(InterceptingExecutableInvoker.java:93)
	at org.junit.jupiter.engine.execution.InvocationInterceptorChain$InterceptedInvocation.proceed(InvocationInterceptorChain.java:106)
	at org.junit.jupiter.engine.execution.InvocationInterceptorChain.proceed(InvocationInterceptorChain.java:64)
	at org.junit.jupiter.engine.execution.InvocationInterceptorChain.chainAndInvoke(InvocationInterceptorChain.java:45)
	at org.junit.jupiter.engine.execution.InvocationInterceptorChain.invoke(InvocationInterceptorChain.java:37)
	at org.junit.jupiter.engine.execution.InterceptingExecutableInvoker.invoke(InterceptingExecutableInvoker.java:92)
	at org.junit.jupiter.engine.execution.InterceptingExecutableInvoker.invoke(InterceptingExecutableInvoker.java:86)
	at org.junit.jupiter.engine.descriptor.TestMethodTestDescriptor.lambda$invokeTestMethod$7(TestMethodTestDescriptor.java:218)
	at org.junit.platform.engine.support.hierarchical.ThrowableCollector.execute(ThrowableCollector.java:73)
	at org.junit.jupiter.engine.descriptor.TestMethodTestDescriptor.invokeTestMethod(TestMethodTestDescriptor.java:214)
	at org.junit.jupiter.engine.descriptor.TestMethodTestDescriptor.execute(TestMethodTestDescriptor.java:139)
	at org.junit.jupiter.engine.descriptor.TestMethodTestDescriptor.execute(TestMethodTestDescriptor.java:69)
	at org.junit.platform.engine.support.hierarchical.NodeTestTask.lambda$executeRecursively$6(NodeTestTask.java:151)
	at org.junit.platform.engine.support.hierarchical.ThrowableCollector.execute(ThrowableCollector.java:73)
	at org.junit.platform.engine.support.hierarchical.NodeTestTask.lambda$executeRecursively$8(NodeTestTask.java:141)
	at org.junit.platform.engine.support.hierarchical.Node.around(Node.java:137)
	at org.junit.platform.engine.support.hierarchical.NodeTestTask.lambda$executeRecursively$9(NodeTestTask.java:139)
	at org.junit.platform.engine.support.hierarchical.ThrowableCollector.execute(ThrowableCollector.java:73)
	at org.junit.platform.engine.support.hierarchical.NodeTestTask.executeRecursively(NodeTestTask.java:138)
	at org.junit.platform.engine.support.hierarchical.NodeTestTask.execute(NodeTestTask.java:95)
	at java.base/java.util.ArrayList.forEach(ArrayList.java:1596)
	at org.junit.platform.engine.support.hierarchical.SameThreadHierarchicalTestExecutorService.invokeAll(SameThreadHierarchicalTestExecutorService.java:41)
	at org.junit.platform.engine.support.hierarchical.NodeTestTask.lambda$executeRecursively$6(NodeTestTask.java:155)
	at org.junit.platform.engine.support.hierarchical.ThrowableCollector.execute(ThrowableCollector.java:73)
	at org.junit.platform.engine.support.hierarchical.NodeTestTask.lambda$executeRecursively$8(NodeTestTask.java:141)
	at org.junit.platform.engine.support.hierarchical.Node.around(Node.java:137)
	at org.junit.platform.engine.support.hierarchical.NodeTestTask.lambda$executeRecursively$9(NodeTestTask.java:139)
	at org.junit.platform.engine.support.hierarchical.ThrowableCollector.execute(ThrowableCollector.java:73)
	at org.junit.platform.engine.support.hierarchical.NodeTestTask.executeRecursively(NodeTestTask.java:138)
	at org.junit.platform.engine.support.hierarchical.NodeTestTask.execute(NodeTestTask.java:95)
	at java.base/java.util.ArrayList.forEach(ArrayList.java:1596)
	at org.junit.platform.engine.support.hierarchical.SameThreadHierarchicalTestExecutorService.invokeAll(SameThreadHierarchicalTestExecutorService.java:41)
	at org.junit.platform.engine.support.hierarchical.NodeTestTask.lambda$executeRecursively$6(NodeTestTask.java:155)
	at org.junit.platform.engine.support.hierarchical.ThrowableCollector.execute(ThrowableCollector.java:73)
	at org.junit.platform.engine.support.hierarchical.NodeTestTask.lambda$executeRecursively$8(NodeTestTask.java:141)
	at org.junit.platform.engine.support.hierarchical.Node.around(Node.java:137)
	at org.junit.platform.engine.support.hierarchical.NodeTestTask.lambda$executeRecursively$9(NodeTestTask.java:139)
	at org.junit.platform.engine.support.hierarchical.ThrowableCollector.execute(ThrowableCollector.java:73)
	at org.junit.platform.engine.support.hierarchical.NodeTestTask.executeRecursively(NodeTestTask.java:138)
	at org.junit.platform.engine.support.hierarchical.NodeTestTask.execute(NodeTestTask.java:95)
	at org.junit.platform.engine.support.hierarchical.SameThreadHierarchicalTestExecutorService.submit(SameThreadHierarchicalTestExecutorService.java:35)
	at org.junit.platform.engine.support.hierarchical.HierarchicalTestExecutor.execute(HierarchicalTestExecutor.java:57)
	at org.junit.platform.engine.support.hierarchical.HierarchicalTestEngine.execute(HierarchicalTestEngine.java:54)
	at org.junit.platform.launcher.core.EngineExecutionOrchestrator.execute(EngineExecutionOrchestrator.java:198)
	at org.junit.platform.launcher.core.EngineExecutionOrchestrator.execute(EngineExecutionOrchestrator.java:169)
	at org.junit.platform.launcher.core.EngineExecutionOrchestrator.execute(EngineExecutionOrchestrator.java:93)
	at org.junit.platform.launcher.core.EngineExecutionOrchestrator.lambda$execute$0(EngineExecutionOrchestrator.java:58)
	at org.junit.platform.launcher.core.EngineExecutionOrchestrator.withInterceptedStreams(EngineExecutionOrchestrator.java:141)
	at org.junit.platform.launcher.core.EngineExecutionOrchestrator.execute(EngineExecutionOrchestrator.java:57)
	at org.junit.platform.launcher.core.DefaultLauncher.execute(DefaultLauncher.java:103)
	at org.junit.platform.launcher.core.DefaultLauncher.execute(DefaultLauncher.java:85)
	at org.junit.platform.launcher.core.DelegatingLauncher.execute(DelegatingLauncher.java:47)
	at org.junit.platform.launcher.core.SessionPerRequestLauncher.execute(SessionPerRequestLauncher.java:63)
	at com.intellij.junit5.JUnit5IdeaTestRunner.startRunnerWithArgs(JUnit5IdeaTestRunner.java:57)
	at com.intellij.rt.junit.IdeaTestRunner$Repeater$1.execute(IdeaTestRunner.java:38)
	at com.intellij.rt.execution.junit.TestsRepeater.repeat(TestsRepeater.java:11)
	at com.intellij.rt.junit.IdeaTestRunner$Repeater.startRunnerWithArgs(IdeaTestRunner.java:35)
	at com.intellij.rt.junit.JUnitStarter.prepareStreamsAndStart(JUnitStarter.java:232)
	at com.intellij.rt.junit.JUnitStarter.main(JUnitStarter.java:55)
2025-03-12 11:05:48 [main] INFO  l.insoft.uztis.tests.utils.TestUtils - Screenshot moved to C:\Users\ingrida.zadorozniene\Desktop\Asm\UZTIS\UZTIS_tests\test-output\screenshots\20250312\110548397_testFillSaveDraftEvaluationOne().png
2025-03-12 11:10:28 [main] INFO  lt.insoft.uztis.tests.UztisPageTest - Navigated to https://uztisdev.asseco.lt/home
2025-03-12 11:10:28 [main] INFO  l.i.uztis.tests.EvaluationsPageTest - Starting test:'testConfirmEvaluationOne'
2025-03-12 11:10:28 [main] INFO  l.i.uztis.tests.EvaluationsPageTest - Starting test:'testNavigateToEvaluationsPage'
2025-03-12 11:10:28 [main] DEBUG l.i.uztis.tests.EvaluationsPageTest - User logged in with test credentials
2025-03-12 11:10:29 [main] DEBUG l.i.uztis.tests.EvaluationsPageTest - Opened 'Application Processing' menu.
2025-03-12 11:10:29 [main] DEBUG l.i.uztis.tests.EvaluationsPageTest - Clicked on 'Evaluations' menu.
2025-03-12 11:10:29 [main] DEBUG l.i.uztis.tests.EvaluationsPageTest - Navigating to evaluations menu.
2025-03-12 11:10:29 [main] INFO  l.i.uztis.tests.EvaluationsPageTest - Test 'testNavigateToEvaluationsPage' completed successfully.
2025-03-12 11:10:30 [main] DEBUG l.i.uztis.tests.EvaluationsPageTest - Clicked on last evaluation.
2025-03-12 11:10:30 [main] DEBUG l.i.uztis.tests.EvaluationsPageTest - Clicked 'Edit'.
2025-03-12 11:10:33 [main] DEBUG l.i.uztis.tests.EvaluationsPageTest - Clicked 'Confirm'.
2025-03-12 11:10:43 [main] ERROR l.i.uztis.tests.EvaluationsPageTest - Test 'testConfirmEvaluationOne' failed with error: no such element: Unable to locate element: {"method":"css selector","selector":".reverse-mobile .ng-star-inserted:nth-of-type(2)"}
  (Session info: chrome=134.0.6998.88)
For documentation on this error, please visit: https://www.selenium.dev/documentation/webdriver/troubleshooting/errors#no-such-element-exception
Build info: version: '4.27.0', revision: 'd6e718d134'
System info: os.name: 'Windows 11', os.arch: 'amd64', os.version: '10.0', java.version: '21.0.3'
Driver info: org.openqa.selenium.chrome.ChromeDriver
Command: [c26ca35a0e2a7f2393370e2542278487, findElement {value=.reverse-mobile .ng-star-inserted:nth-of-type(2), using=css selector}]
Capabilities {acceptInsecureCerts: false, browserName: chrome, browserVersion: 134.0.6998.88, chrome: {chromedriverVersion: 134.0.6998.88 (7e3d5c978c6d..., userDataDir: C:\Users\INGRID~1.ZAD\AppDa...}, fedcm:accounts: true, goog:chromeOptions: {debuggerAddress: localhost:59407}, networkConnectionEnabled: false, pageLoadStrategy: normal, platformName: windows, proxy: Proxy(), se:cdp: ws://localhost:59407/devtoo..., se:cdpVersion: 134.0.6998.88, setWindowRect: true, strictFileInteractability: false, timeouts: {implicit: 0, pageLoad: 300000, script: 30000}, unhandledPromptBehavior: dismiss and notify, webauthn:extension:credBlob: true, webauthn:extension:largeBlob: true, webauthn:extension:minPinLength: true, webauthn:extension:prf: true, webauthn:virtualAuthenticators: true}
Session ID: c26ca35a0e2a7f2393370e2542278487
org.openqa.selenium.NoSuchElementException: no such element: Unable to locate element: {"method":"css selector","selector":".reverse-mobile .ng-star-inserted:nth-of-type(2)"}
  (Session info: chrome=134.0.6998.88)
For documentation on this error, please visit: https://www.selenium.dev/documentation/webdriver/troubleshooting/errors#no-such-element-exception
Build info: version: '4.27.0', revision: 'd6e718d134'
System info: os.name: 'Windows 11', os.arch: 'amd64', os.version: '10.0', java.version: '21.0.3'
Driver info: org.openqa.selenium.chrome.ChromeDriver
Command: [c26ca35a0e2a7f2393370e2542278487, findElement {value=.reverse-mobile .ng-star-inserted:nth-of-type(2), using=css selector}]
Capabilities {acceptInsecureCerts: false, browserName: chrome, browserVersion: 134.0.6998.88, chrome: {chromedriverVersion: 134.0.6998.88 (7e3d5c978c6d..., userDataDir: C:\Users\INGRID~1.ZAD\AppDa...}, fedcm:accounts: true, goog:chromeOptions: {debuggerAddress: localhost:59407}, networkConnectionEnabled: false, pageLoadStrategy: normal, platformName: windows, proxy: Proxy(), se:cdp: ws://localhost:59407/devtoo..., se:cdpVersion: 134.0.6998.88, setWindowRect: true, strictFileInteractability: false, timeouts: {implicit: 0, pageLoad: 300000, script: 30000}, unhandledPromptBehavior: dismiss and notify, webauthn:extension:credBlob: true, webauthn:extension:largeBlob: true, webauthn:extension:minPinLength: true, webauthn:extension:prf: true, webauthn:virtualAuthenticators: true}
Session ID: c26ca35a0e2a7f2393370e2542278487
	at java.base/jdk.internal.reflect.DirectConstructorHandleAccessor.newInstance(DirectConstructorHandleAccessor.java:62)
	at java.base/java.lang.reflect.Constructor.newInstanceWithCaller(Constructor.java:502)
	at java.base/java.lang.reflect.Constructor.newInstance(Constructor.java:486)
	at org.openqa.selenium.remote.ErrorCodec.decode(ErrorCodec.java:167)
	at org.openqa.selenium.remote.codec.w3c.W3CHttpResponseCodec.decode(W3CHttpResponseCodec.java:138)
	at org.openqa.selenium.remote.codec.w3c.W3CHttpResponseCodec.decode(W3CHttpResponseCodec.java:50)
	at org.openqa.selenium.remote.HttpCommandExecutor.execute(HttpCommandExecutor.java:190)
	at org.openqa.selenium.remote.service.DriverCommandExecutor.invokeExecute(DriverCommandExecutor.java:216)
	at org.openqa.selenium.remote.service.DriverCommandExecutor.execute(DriverCommandExecutor.java:174)
	at org.openqa.selenium.remote.RemoteWebDriver.execute(RemoteWebDriver.java:545)
	at org.openqa.selenium.remote.ElementLocation$ElementFinder$2.findElement(ElementLocation.java:165)
	at org.openqa.selenium.remote.ElementLocation.findElement(ElementLocation.java:59)
	at org.openqa.selenium.remote.RemoteWebDriver.findElement(RemoteWebDriver.java:368)
	at org.openqa.selenium.remote.RemoteWebDriver.findElement(RemoteWebDriver.java:362)
	at org.openqa.selenium.support.pagefactory.DefaultElementLocator.findElement(DefaultElementLocator.java:68)
	at org.openqa.selenium.support.pagefactory.internal.LocatingElementHandler.invoke(LocatingElementHandler.java:38)
	at jdk.proxy2/jdk.proxy2.$Proxy14.click(Unknown Source)
	at lt.insoft.uztis.pages.EvaluationsPage.clickButtonConfirmConfirmation(EvaluationsPage.java:276)
	at lt.insoft.uztis.tests.EvaluationsPageTest.testConfirmEvaluationOne(EvaluationsPageTest.java:195)
	at java.base/jdk.internal.reflect.DirectMethodHandleAccessor.invoke(DirectMethodHandleAccessor.java:103)
	at java.base/java.lang.reflect.Method.invoke(Method.java:580)
	at org.junit.platform.commons.util.ReflectionUtils.invokeMethod(ReflectionUtils.java:728)
	at org.junit.jupiter.engine.execution.MethodInvocation.proceed(MethodInvocation.java:60)
	at org.junit.jupiter.engine.execution.InvocationInterceptorChain$ValidatingInvocation.proceed(InvocationInterceptorChain.java:131)
	at org.junit.jupiter.engine.extension.TimeoutExtension.intercept(TimeoutExtension.java:156)
	at org.junit.jupiter.engine.extension.TimeoutExtension.interceptTestableMethod(TimeoutExtension.java:147)
	at org.junit.jupiter.engine.extension.TimeoutExtension.interceptTestMethod(TimeoutExtension.java:86)
	at org.junit.jupiter.engine.execution.InterceptingExecutableInvoker$ReflectiveInterceptorCall.lambda$ofVoidMethod$0(InterceptingExecutableInvoker.java:103)
	at org.junit.jupiter.engine.execution.InterceptingExecutableInvoker.lambda$invoke$0(InterceptingExecutableInvoker.java:93)
	at org.junit.jupiter.engine.execution.InvocationInterceptorChain$InterceptedInvocation.proceed(InvocationInterceptorChain.java:106)
	at org.junit.jupiter.engine.execution.InvocationInterceptorChain.proceed(InvocationInterceptorChain.java:64)
	at org.junit.jupiter.engine.execution.InvocationInterceptorChain.chainAndInvoke(InvocationInterceptorChain.java:45)
	at org.junit.jupiter.engine.execution.InvocationInterceptorChain.invoke(InvocationInterceptorChain.java:37)
	at org.junit.jupiter.engine.execution.InterceptingExecutableInvoker.invoke(InterceptingExecutableInvoker.java:92)
	at org.junit.jupiter.engine.execution.InterceptingExecutableInvoker.invoke(InterceptingExecutableInvoker.java:86)
	at org.junit.jupiter.engine.descriptor.TestMethodTestDescriptor.lambda$invokeTestMethod$7(TestMethodTestDescriptor.java:218)
	at org.junit.platform.engine.support.hierarchical.ThrowableCollector.execute(ThrowableCollector.java:73)
	at org.junit.jupiter.engine.descriptor.TestMethodTestDescriptor.invokeTestMethod(TestMethodTestDescriptor.java:214)
	at org.junit.jupiter.engine.descriptor.TestMethodTestDescriptor.execute(TestMethodTestDescriptor.java:139)
	at org.junit.jupiter.engine.descriptor.TestMethodTestDescriptor.execute(TestMethodTestDescriptor.java:69)
	at org.junit.platform.engine.support.hierarchical.NodeTestTask.lambda$executeRecursively$6(NodeTestTask.java:151)
	at org.junit.platform.engine.support.hierarchical.ThrowableCollector.execute(ThrowableCollector.java:73)
	at org.junit.platform.engine.support.hierarchical.NodeTestTask.lambda$executeRecursively$8(NodeTestTask.java:141)
	at org.junit.platform.engine.support.hierarchical.Node.around(Node.java:137)
	at org.junit.platform.engine.support.hierarchical.NodeTestTask.lambda$executeRecursively$9(NodeTestTask.java:139)
	at org.junit.platform.engine.support.hierarchical.ThrowableCollector.execute(ThrowableCollector.java:73)
	at org.junit.platform.engine.support.hierarchical.NodeTestTask.executeRecursively(NodeTestTask.java:138)
	at org.junit.platform.engine.support.hierarchical.NodeTestTask.execute(NodeTestTask.java:95)
	at java.base/java.util.ArrayList.forEach(ArrayList.java:1596)
	at org.junit.platform.engine.support.hierarchical.SameThreadHierarchicalTestExecutorService.invokeAll(SameThreadHierarchicalTestExecutorService.java:41)
	at org.junit.platform.engine.support.hierarchical.NodeTestTask.lambda$executeRecursively$6(NodeTestTask.java:155)
	at org.junit.platform.engine.support.hierarchical.ThrowableCollector.execute(ThrowableCollector.java:73)
	at org.junit.platform.engine.support.hierarchical.NodeTestTask.lambda$executeRecursively$8(NodeTestTask.java:141)
	at org.junit.platform.engine.support.hierarchical.Node.around(Node.java:137)
	at org.junit.platform.engine.support.hierarchical.NodeTestTask.lambda$executeRecursively$9(NodeTestTask.java:139)
	at org.junit.platform.engine.support.hierarchical.ThrowableCollector.execute(ThrowableCollector.java:73)
	at org.junit.platform.engine.support.hierarchical.NodeTestTask.executeRecursively(NodeTestTask.java:138)
	at org.junit.platform.engine.support.hierarchical.NodeTestTask.execute(NodeTestTask.java:95)
	at java.base/java.util.ArrayList.forEach(ArrayList.java:1596)
	at org.junit.platform.engine.support.hierarchical.SameThreadHierarchicalTestExecutorService.invokeAll(SameThreadHierarchicalTestExecutorService.java:41)
	at org.junit.platform.engine.support.hierarchical.NodeTestTask.lambda$executeRecursively$6(NodeTestTask.java:155)
	at org.junit.platform.engine.support.hierarchical.ThrowableCollector.execute(ThrowableCollector.java:73)
	at org.junit.platform.engine.support.hierarchical.NodeTestTask.lambda$executeRecursively$8(NodeTestTask.java:141)
	at org.junit.platform.engine.support.hierarchical.Node.around(Node.java:137)
	at org.junit.platform.engine.support.hierarchical.NodeTestTask.lambda$executeRecursively$9(NodeTestTask.java:139)
	at org.junit.platform.engine.support.hierarchical.ThrowableCollector.execute(ThrowableCollector.java:73)
	at org.junit.platform.engine.support.hierarchical.NodeTestTask.executeRecursively(NodeTestTask.java:138)
	at org.junit.platform.engine.support.hierarchical.NodeTestTask.execute(NodeTestTask.java:95)
	at org.junit.platform.engine.support.hierarchical.SameThreadHierarchicalTestExecutorService.submit(SameThreadHierarchicalTestExecutorService.java:35)
	at org.junit.platform.engine.support.hierarchical.HierarchicalTestExecutor.execute(HierarchicalTestExecutor.java:57)
	at org.junit.platform.engine.support.hierarchical.HierarchicalTestEngine.execute(HierarchicalTestEngine.java:54)
	at org.junit.platform.launcher.core.EngineExecutionOrchestrator.execute(EngineExecutionOrchestrator.java:198)
	at org.junit.platform.launcher.core.EngineExecutionOrchestrator.execute(EngineExecutionOrchestrator.java:169)
	at org.junit.platform.launcher.core.EngineExecutionOrchestrator.execute(EngineExecutionOrchestrator.java:93)
	at org.junit.platform.launcher.core.EngineExecutionOrchestrator.lambda$execute$0(EngineExecutionOrchestrator.java:58)
	at org.junit.platform.launcher.core.EngineExecutionOrchestrator.withInterceptedStreams(EngineExecutionOrchestrator.java:141)
	at org.junit.platform.launcher.core.EngineExecutionOrchestrator.execute(EngineExecutionOrchestrator.java:57)
	at org.junit.platform.launcher.core.DefaultLauncher.execute(DefaultLauncher.java:103)
	at org.junit.platform.launcher.core.DefaultLauncher.execute(DefaultLauncher.java:85)
	at org.junit.platform.launcher.core.DelegatingLauncher.execute(DelegatingLauncher.java:47)
	at org.junit.platform.launcher.core.SessionPerRequestLauncher.execute(SessionPerRequestLauncher.java:63)
	at com.intellij.junit5.JUnit5IdeaTestRunner.startRunnerWithArgs(JUnit5IdeaTestRunner.java:57)
	at com.intellij.rt.junit.IdeaTestRunner$Repeater$1.execute(IdeaTestRunner.java:38)
	at com.intellij.rt.execution.junit.TestsRepeater.repeat(TestsRepeater.java:11)
	at com.intellij.rt.junit.IdeaTestRunner$Repeater.startRunnerWithArgs(IdeaTestRunner.java:35)
	at com.intellij.rt.junit.JUnitStarter.prepareStreamsAndStart(JUnitStarter.java:232)
	at com.intellij.rt.junit.JUnitStarter.main(JUnitStarter.java:55)
2025-03-12 11:10:43 [main] INFO  l.insoft.uztis.tests.utils.TestUtils - Screenshot moved to C:\Users\ingrida.zadorozniene\Desktop\Asm\UZTIS\UZTIS_tests\test-output\screenshots\20250312\111043692_testConfirmEvaluationOne().png
2025-03-12 11:14:17 [main] INFO  lt.insoft.uztis.tests.UztisPageTest - Navigated to https://uztisdev.asseco.lt/home
2025-03-12 11:14:17 [main] INFO  l.i.uztis.tests.EvaluationsPageTest - Starting test:'testConfirmEvaluationOne'
2025-03-12 11:14:17 [main] INFO  l.i.uztis.tests.EvaluationsPageTest - Starting test:'testNavigateToEvaluationsPage'
2025-03-12 11:14:18 [main] DEBUG l.i.uztis.tests.EvaluationsPageTest - User logged in with test credentials
2025-03-12 11:14:18 [main] DEBUG l.i.uztis.tests.EvaluationsPageTest - Opened 'Application Processing' menu.
2025-03-12 11:14:18 [main] DEBUG l.i.uztis.tests.EvaluationsPageTest - Clicked on 'Evaluations' menu.
2025-03-12 11:14:18 [main] DEBUG l.i.uztis.tests.EvaluationsPageTest - Navigating to evaluations menu.
2025-03-12 11:14:18 [main] INFO  l.i.uztis.tests.EvaluationsPageTest - Test 'testNavigateToEvaluationsPage' completed successfully.
2025-03-12 11:14:19 [main] DEBUG l.i.uztis.tests.EvaluationsPageTest - Clicked on last evaluation.
2025-03-12 11:14:20 [main] DEBUG l.i.uztis.tests.EvaluationsPageTest - Clicked 'Edit'.
2025-03-12 11:14:22 [main] DEBUG l.i.uztis.tests.EvaluationsPageTest - Clicked 'Confirm'.
2025-03-12 11:14:23 [main] ERROR l.i.uztis.tests.EvaluationsPageTest - Test 'testConfirmEvaluationOne' failed with error: invalid selector: An invalid or illegal selector was specified
  (Session info: chrome=134.0.6998.88)
For documentation on this error, please visit: https://www.selenium.dev/documentation/webdriver/troubleshooting/errors#invalid-selector-exception
Build info: version: '4.27.0', revision: 'd6e718d134'
System info: os.name: 'Windows 11', os.arch: 'amd64', os.version: '10.0', java.version: '21.0.3'
Driver info: org.openqa.selenium.chrome.ChromeDriver
Command: [a90e9d2cf02e5dd0845a9a5fc89032da, findElement {using=css selector, value=//button[contains(@class, 'btn--primary') and contains(text(), 'Tvirtinti įvertinimą')]}]
Capabilities {acceptInsecureCerts: false, browserName: chrome, browserVersion: 134.0.6998.88, chrome: {chromedriverVersion: 134.0.6998.88 (7e3d5c978c6d..., userDataDir: C:\Users\INGRID~1.ZAD\AppDa...}, fedcm:accounts: true, goog:chromeOptions: {debuggerAddress: localhost:59644}, networkConnectionEnabled: false, pageLoadStrategy: normal, platformName: windows, proxy: Proxy(), se:cdp: ws://localhost:59644/devtoo..., se:cdpVersion: 134.0.6998.88, setWindowRect: true, strictFileInteractability: false, timeouts: {implicit: 0, pageLoad: 300000, script: 30000}, unhandledPromptBehavior: dismiss and notify, webauthn:extension:credBlob: true, webauthn:extension:largeBlob: true, webauthn:extension:minPinLength: true, webauthn:extension:prf: true, webauthn:virtualAuthenticators: true}
Session ID: a90e9d2cf02e5dd0845a9a5fc89032da
org.openqa.selenium.InvalidSelectorException: invalid selector: An invalid or illegal selector was specified
  (Session info: chrome=134.0.6998.88)
For documentation on this error, please visit: https://www.selenium.dev/documentation/webdriver/troubleshooting/errors#invalid-selector-exception
Build info: version: '4.27.0', revision: 'd6e718d134'
System info: os.name: 'Windows 11', os.arch: 'amd64', os.version: '10.0', java.version: '21.0.3'
Driver info: org.openqa.selenium.chrome.ChromeDriver
Command: [a90e9d2cf02e5dd0845a9a5fc89032da, findElement {using=css selector, value=//button[contains(@class, 'btn--primary') and contains(text(), 'Tvirtinti įvertinimą')]}]
Capabilities {acceptInsecureCerts: false, browserName: chrome, browserVersion: 134.0.6998.88, chrome: {chromedriverVersion: 134.0.6998.88 (7e3d5c978c6d..., userDataDir: C:\Users\INGRID~1.ZAD\AppDa...}, fedcm:accounts: true, goog:chromeOptions: {debuggerAddress: localhost:59644}, networkConnectionEnabled: false, pageLoadStrategy: normal, platformName: windows, proxy: Proxy(), se:cdp: ws://localhost:59644/devtoo..., se:cdpVersion: 134.0.6998.88, setWindowRect: true, strictFileInteractability: false, timeouts: {implicit: 0, pageLoad: 300000, script: 30000}, unhandledPromptBehavior: dismiss and notify, webauthn:extension:credBlob: true, webauthn:extension:largeBlob: true, webauthn:extension:minPinLength: true, webauthn:extension:prf: true, webauthn:virtualAuthenticators: true}
Session ID: a90e9d2cf02e5dd0845a9a5fc89032da
	at java.base/jdk.internal.reflect.DirectConstructorHandleAccessor.newInstance(DirectConstructorHandleAccessor.java:62)
	at java.base/java.lang.reflect.Constructor.newInstanceWithCaller(Constructor.java:502)
	at java.base/java.lang.reflect.Constructor.newInstance(Constructor.java:486)
	at org.openqa.selenium.remote.ErrorCodec.decode(ErrorCodec.java:167)
	at org.openqa.selenium.remote.codec.w3c.W3CHttpResponseCodec.decode(W3CHttpResponseCodec.java:138)
	at org.openqa.selenium.remote.codec.w3c.W3CHttpResponseCodec.decode(W3CHttpResponseCodec.java:50)
	at org.openqa.selenium.remote.HttpCommandExecutor.execute(HttpCommandExecutor.java:190)
	at org.openqa.selenium.remote.service.DriverCommandExecutor.invokeExecute(DriverCommandExecutor.java:216)
	at org.openqa.selenium.remote.service.DriverCommandExecutor.execute(DriverCommandExecutor.java:174)
	at org.openqa.selenium.remote.RemoteWebDriver.execute(RemoteWebDriver.java:545)
	at org.openqa.selenium.remote.ElementLocation$ElementFinder$2.findElement(ElementLocation.java:165)
	at org.openqa.selenium.remote.ElementLocation.findElement(ElementLocation.java:59)
	at org.openqa.selenium.remote.RemoteWebDriver.findElement(RemoteWebDriver.java:368)
	at org.openqa.selenium.remote.RemoteWebDriver.findElement(RemoteWebDriver.java:362)
	at org.openqa.selenium.support.pagefactory.DefaultElementLocator.findElement(DefaultElementLocator.java:68)
	at org.openqa.selenium.support.pagefactory.internal.LocatingElementHandler.invoke(LocatingElementHandler.java:38)
	at jdk.proxy2/jdk.proxy2.$Proxy14.click(Unknown Source)
	at lt.insoft.uztis.pages.EvaluationsPage.clickButtonConfirmConfirmation(EvaluationsPage.java:278)
	at lt.insoft.uztis.tests.EvaluationsPageTest.testConfirmEvaluationOne(EvaluationsPageTest.java:195)
	at java.base/jdk.internal.reflect.DirectMethodHandleAccessor.invoke(DirectMethodHandleAccessor.java:103)
	at java.base/java.lang.reflect.Method.invoke(Method.java:580)
	at org.junit.platform.commons.util.ReflectionUtils.invokeMethod(ReflectionUtils.java:728)
	at org.junit.jupiter.engine.execution.MethodInvocation.proceed(MethodInvocation.java:60)
	at org.junit.jupiter.engine.execution.InvocationInterceptorChain$ValidatingInvocation.proceed(InvocationInterceptorChain.java:131)
	at org.junit.jupiter.engine.extension.TimeoutExtension.intercept(TimeoutExtension.java:156)
	at org.junit.jupiter.engine.extension.TimeoutExtension.interceptTestableMethod(TimeoutExtension.java:147)
	at org.junit.jupiter.engine.extension.TimeoutExtension.interceptTestMethod(TimeoutExtension.java:86)
	at org.junit.jupiter.engine.execution.InterceptingExecutableInvoker$ReflectiveInterceptorCall.lambda$ofVoidMethod$0(InterceptingExecutableInvoker.java:103)
	at org.junit.jupiter.engine.execution.InterceptingExecutableInvoker.lambda$invoke$0(InterceptingExecutableInvoker.java:93)
	at org.junit.jupiter.engine.execution.InvocationInterceptorChain$InterceptedInvocation.proceed(InvocationInterceptorChain.java:106)
	at org.junit.jupiter.engine.execution.InvocationInterceptorChain.proceed(InvocationInterceptorChain.java:64)
	at org.junit.jupiter.engine.execution.InvocationInterceptorChain.chainAndInvoke(InvocationInterceptorChain.java:45)
	at org.junit.jupiter.engine.execution.InvocationInterceptorChain.invoke(InvocationInterceptorChain.java:37)
	at org.junit.jupiter.engine.execution.InterceptingExecutableInvoker.invoke(InterceptingExecutableInvoker.java:92)
	at org.junit.jupiter.engine.execution.InterceptingExecutableInvoker.invoke(InterceptingExecutableInvoker.java:86)
	at org.junit.jupiter.engine.descriptor.TestMethodTestDescriptor.lambda$invokeTestMethod$7(TestMethodTestDescriptor.java:218)
	at org.junit.platform.engine.support.hierarchical.ThrowableCollector.execute(ThrowableCollector.java:73)
	at org.junit.jupiter.engine.descriptor.TestMethodTestDescriptor.invokeTestMethod(TestMethodTestDescriptor.java:214)
	at org.junit.jupiter.engine.descriptor.TestMethodTestDescriptor.execute(TestMethodTestDescriptor.java:139)
	at org.junit.jupiter.engine.descriptor.TestMethodTestDescriptor.execute(TestMethodTestDescriptor.java:69)
	at org.junit.platform.engine.support.hierarchical.NodeTestTask.lambda$executeRecursively$6(NodeTestTask.java:151)
	at org.junit.platform.engine.support.hierarchical.ThrowableCollector.execute(ThrowableCollector.java:73)
	at org.junit.platform.engine.support.hierarchical.NodeTestTask.lambda$executeRecursively$8(NodeTestTask.java:141)
	at org.junit.platform.engine.support.hierarchical.Node.around(Node.java:137)
	at org.junit.platform.engine.support.hierarchical.NodeTestTask.lambda$executeRecursively$9(NodeTestTask.java:139)
	at org.junit.platform.engine.support.hierarchical.ThrowableCollector.execute(ThrowableCollector.java:73)
	at org.junit.platform.engine.support.hierarchical.NodeTestTask.executeRecursively(NodeTestTask.java:138)
	at org.junit.platform.engine.support.hierarchical.NodeTestTask.execute(NodeTestTask.java:95)
	at java.base/java.util.ArrayList.forEach(ArrayList.java:1596)
	at org.junit.platform.engine.support.hierarchical.SameThreadHierarchicalTestExecutorService.invokeAll(SameThreadHierarchicalTestExecutorService.java:41)
	at org.junit.platform.engine.support.hierarchical.NodeTestTask.lambda$executeRecursively$6(NodeTestTask.java:155)
	at org.junit.platform.engine.support.hierarchical.ThrowableCollector.execute(ThrowableCollector.java:73)
	at org.junit.platform.engine.support.hierarchical.NodeTestTask.lambda$executeRecursively$8(NodeTestTask.java:141)
	at org.junit.platform.engine.support.hierarchical.Node.around(Node.java:137)
	at org.junit.platform.engine.support.hierarchical.NodeTestTask.lambda$executeRecursively$9(NodeTestTask.java:139)
	at org.junit.platform.engine.support.hierarchical.ThrowableCollector.execute(ThrowableCollector.java:73)
	at org.junit.platform.engine.support.hierarchical.NodeTestTask.executeRecursively(NodeTestTask.java:138)
	at org.junit.platform.engine.support.hierarchical.NodeTestTask.execute(NodeTestTask.java:95)
	at java.base/java.util.ArrayList.forEach(ArrayList.java:1596)
	at org.junit.platform.engine.support.hierarchical.SameThreadHierarchicalTestExecutorService.invokeAll(SameThreadHierarchicalTestExecutorService.java:41)
	at org.junit.platform.engine.support.hierarchical.NodeTestTask.lambda$executeRecursively$6(NodeTestTask.java:155)
	at org.junit.platform.engine.support.hierarchical.ThrowableCollector.execute(ThrowableCollector.java:73)
	at org.junit.platform.engine.support.hierarchical.NodeTestTask.lambda$executeRecursively$8(NodeTestTask.java:141)
	at org.junit.platform.engine.support.hierarchical.Node.around(Node.java:137)
	at org.junit.platform.engine.support.hierarchical.NodeTestTask.lambda$executeRecursively$9(NodeTestTask.java:139)
	at org.junit.platform.engine.support.hierarchical.ThrowableCollector.execute(ThrowableCollector.java:73)
	at org.junit.platform.engine.support.hierarchical.NodeTestTask.executeRecursively(NodeTestTask.java:138)
	at org.junit.platform.engine.support.hierarchical.NodeTestTask.execute(NodeTestTask.java:95)
	at org.junit.platform.engine.support.hierarchical.SameThreadHierarchicalTestExecutorService.submit(SameThreadHierarchicalTestExecutorService.java:35)
	at org.junit.platform.engine.support.hierarchical.HierarchicalTestExecutor.execute(HierarchicalTestExecutor.java:57)
	at org.junit.platform.engine.support.hierarchical.HierarchicalTestEngine.execute(HierarchicalTestEngine.java:54)
	at org.junit.platform.launcher.core.EngineExecutionOrchestrator.execute(EngineExecutionOrchestrator.java:198)
	at org.junit.platform.launcher.core.EngineExecutionOrchestrator.execute(EngineExecutionOrchestrator.java:169)
	at org.junit.platform.launcher.core.EngineExecutionOrchestrator.execute(EngineExecutionOrchestrator.java:93)
	at org.junit.platform.launcher.core.EngineExecutionOrchestrator.lambda$execute$0(EngineExecutionOrchestrator.java:58)
	at org.junit.platform.launcher.core.EngineExecutionOrchestrator.withInterceptedStreams(EngineExecutionOrchestrator.java:141)
	at org.junit.platform.launcher.core.EngineExecutionOrchestrator.execute(EngineExecutionOrchestrator.java:57)
	at org.junit.platform.launcher.core.DefaultLauncher.execute(DefaultLauncher.java:103)
	at org.junit.platform.launcher.core.DefaultLauncher.execute(DefaultLauncher.java:85)
	at org.junit.platform.launcher.core.DelegatingLauncher.execute(DelegatingLauncher.java:47)
	at org.junit.platform.launcher.core.SessionPerRequestLauncher.execute(SessionPerRequestLauncher.java:63)
	at com.intellij.junit5.JUnit5IdeaTestRunner.startRunnerWithArgs(JUnit5IdeaTestRunner.java:57)
	at com.intellij.rt.junit.IdeaTestRunner$Repeater$1.execute(IdeaTestRunner.java:38)
	at com.intellij.rt.execution.junit.TestsRepeater.repeat(TestsRepeater.java:11)
	at com.intellij.rt.junit.IdeaTestRunner$Repeater.startRunnerWithArgs(IdeaTestRunner.java:35)
	at com.intellij.rt.junit.JUnitStarter.prepareStreamsAndStart(JUnitStarter.java:232)
	at com.intellij.rt.junit.JUnitStarter.main(JUnitStarter.java:55)
2025-03-12 11:14:23 [main] INFO  l.insoft.uztis.tests.utils.TestUtils - Screenshot moved to C:\Users\ingrida.zadorozniene\Desktop\Asm\UZTIS\UZTIS_tests\test-output\screenshots\20250312\111423479_testConfirmEvaluationOne().png
2025-03-12 11:14:46 [main] INFO  lt.insoft.uztis.tests.UztisPageTest - Navigated to https://uztisdev.asseco.lt/home
2025-03-12 11:14:46 [main] INFO  l.i.uztis.tests.EvaluationsPageTest - Starting test:'testConfirmEvaluationOne'
2025-03-12 11:14:46 [main] INFO  l.i.uztis.tests.EvaluationsPageTest - Starting test:'testNavigateToEvaluationsPage'
2025-03-12 11:14:46 [main] DEBUG l.i.uztis.tests.EvaluationsPageTest - User logged in with test credentials
2025-03-12 11:14:46 [main] DEBUG l.i.uztis.tests.EvaluationsPageTest - Opened 'Application Processing' menu.
2025-03-12 11:14:46 [main] DEBUG l.i.uztis.tests.EvaluationsPageTest - Clicked on 'Evaluations' menu.
2025-03-12 11:14:46 [main] DEBUG l.i.uztis.tests.EvaluationsPageTest - Navigating to evaluations menu.
2025-03-12 11:14:46 [main] INFO  l.i.uztis.tests.EvaluationsPageTest - Test 'testNavigateToEvaluationsPage' completed successfully.
2025-03-12 11:14:47 [main] DEBUG l.i.uztis.tests.EvaluationsPageTest - Clicked on last evaluation.
2025-03-12 11:14:48 [main] DEBUG l.i.uztis.tests.EvaluationsPageTest - Clicked 'Edit'.
2025-03-12 11:14:50 [main] DEBUG l.i.uztis.tests.EvaluationsPageTest - Clicked 'Confirm'.
2025-03-12 11:15:01 [main] ERROR l.i.uztis.tests.EvaluationsPageTest - Test 'testConfirmEvaluationOne' failed with error: no such element: Unable to locate element: {"method":"css selector","selector":".reverse-mobile .ng-star-inserted:nth-of-type(2)"}
  (Session info: chrome=134.0.6998.88)
For documentation on this error, please visit: https://www.selenium.dev/documentation/webdriver/troubleshooting/errors#no-such-element-exception
Build info: version: '4.27.0', revision: 'd6e718d134'
System info: os.name: 'Windows 11', os.arch: 'amd64', os.version: '10.0', java.version: '21.0.3'
Driver info: org.openqa.selenium.chrome.ChromeDriver
Command: [5a6f114b59760c202a2e9277e69327e4, findElement {value=.reverse-mobile .ng-star-inserted:nth-of-type(2), using=css selector}]
Capabilities {acceptInsecureCerts: false, browserName: chrome, browserVersion: 134.0.6998.88, chrome: {chromedriverVersion: 134.0.6998.88 (7e3d5c978c6d..., userDataDir: C:\Users\INGRID~1.ZAD\AppDa...}, fedcm:accounts: true, goog:chromeOptions: {debuggerAddress: localhost:59691}, networkConnectionEnabled: false, pageLoadStrategy: normal, platformName: windows, proxy: Proxy(), se:cdp: ws://localhost:59691/devtoo..., se:cdpVersion: 134.0.6998.88, setWindowRect: true, strictFileInteractability: false, timeouts: {implicit: 0, pageLoad: 300000, script: 30000}, unhandledPromptBehavior: dismiss and notify, webauthn:extension:credBlob: true, webauthn:extension:largeBlob: true, webauthn:extension:minPinLength: true, webauthn:extension:prf: true, webauthn:virtualAuthenticators: true}
Session ID: 5a6f114b59760c202a2e9277e69327e4
org.openqa.selenium.NoSuchElementException: no such element: Unable to locate element: {"method":"css selector","selector":".reverse-mobile .ng-star-inserted:nth-of-type(2)"}
  (Session info: chrome=134.0.6998.88)
For documentation on this error, please visit: https://www.selenium.dev/documentation/webdriver/troubleshooting/errors#no-such-element-exception
Build info: version: '4.27.0', revision: 'd6e718d134'
System info: os.name: 'Windows 11', os.arch: 'amd64', os.version: '10.0', java.version: '21.0.3'
Driver info: org.openqa.selenium.chrome.ChromeDriver
Command: [5a6f114b59760c202a2e9277e69327e4, findElement {value=.reverse-mobile .ng-star-inserted:nth-of-type(2), using=css selector}]
Capabilities {acceptInsecureCerts: false, browserName: chrome, browserVersion: 134.0.6998.88, chrome: {chromedriverVersion: 134.0.6998.88 (7e3d5c978c6d..., userDataDir: C:\Users\INGRID~1.ZAD\AppDa...}, fedcm:accounts: true, goog:chromeOptions: {debuggerAddress: localhost:59691}, networkConnectionEnabled: false, pageLoadStrategy: normal, platformName: windows, proxy: Proxy(), se:cdp: ws://localhost:59691/devtoo..., se:cdpVersion: 134.0.6998.88, setWindowRect: true, strictFileInteractability: false, timeouts: {implicit: 0, pageLoad: 300000, script: 30000}, unhandledPromptBehavior: dismiss and notify, webauthn:extension:credBlob: true, webauthn:extension:largeBlob: true, webauthn:extension:minPinLength: true, webauthn:extension:prf: true, webauthn:virtualAuthenticators: true}
Session ID: 5a6f114b59760c202a2e9277e69327e4
	at java.base/jdk.internal.reflect.DirectConstructorHandleAccessor.newInstance(DirectConstructorHandleAccessor.java:62)
	at java.base/java.lang.reflect.Constructor.newInstanceWithCaller(Constructor.java:502)
	at java.base/java.lang.reflect.Constructor.newInstance(Constructor.java:486)
	at org.openqa.selenium.remote.ErrorCodec.decode(ErrorCodec.java:167)
	at org.openqa.selenium.remote.codec.w3c.W3CHttpResponseCodec.decode(W3CHttpResponseCodec.java:138)
	at org.openqa.selenium.remote.codec.w3c.W3CHttpResponseCodec.decode(W3CHttpResponseCodec.java:50)
	at org.openqa.selenium.remote.HttpCommandExecutor.execute(HttpCommandExecutor.java:190)
	at org.openqa.selenium.remote.service.DriverCommandExecutor.invokeExecute(DriverCommandExecutor.java:216)
	at org.openqa.selenium.remote.service.DriverCommandExecutor.execute(DriverCommandExecutor.java:174)
	at org.openqa.selenium.remote.RemoteWebDriver.execute(RemoteWebDriver.java:545)
	at org.openqa.selenium.remote.ElementLocation$ElementFinder$2.findElement(ElementLocation.java:165)
	at org.openqa.selenium.remote.ElementLocation.findElement(ElementLocation.java:59)
	at org.openqa.selenium.remote.RemoteWebDriver.findElement(RemoteWebDriver.java:368)
	at org.openqa.selenium.remote.RemoteWebDriver.findElement(RemoteWebDriver.java:362)
	at org.openqa.selenium.support.pagefactory.DefaultElementLocator.findElement(DefaultElementLocator.java:68)
	at org.openqa.selenium.support.pagefactory.internal.LocatingElementHandler.invoke(LocatingElementHandler.java:38)
	at jdk.proxy2/jdk.proxy2.$Proxy14.click(Unknown Source)
	at lt.insoft.uztis.pages.EvaluationsPage.clickButtonConfirmConfirmation(EvaluationsPage.java:277)
	at lt.insoft.uztis.tests.EvaluationsPageTest.testConfirmEvaluationOne(EvaluationsPageTest.java:195)
	at java.base/jdk.internal.reflect.DirectMethodHandleAccessor.invoke(DirectMethodHandleAccessor.java:103)
	at java.base/java.lang.reflect.Method.invoke(Method.java:580)
	at org.junit.platform.commons.util.ReflectionUtils.invokeMethod(ReflectionUtils.java:728)
	at org.junit.jupiter.engine.execution.MethodInvocation.proceed(MethodInvocation.java:60)
	at org.junit.jupiter.engine.execution.InvocationInterceptorChain$ValidatingInvocation.proceed(InvocationInterceptorChain.java:131)
	at org.junit.jupiter.engine.extension.TimeoutExtension.intercept(TimeoutExtension.java:156)
	at org.junit.jupiter.engine.extension.TimeoutExtension.interceptTestableMethod(TimeoutExtension.java:147)
	at org.junit.jupiter.engine.extension.TimeoutExtension.interceptTestMethod(TimeoutExtension.java:86)
	at org.junit.jupiter.engine.execution.InterceptingExecutableInvoker$ReflectiveInterceptorCall.lambda$ofVoidMethod$0(InterceptingExecutableInvoker.java:103)
	at org.junit.jupiter.engine.execution.InterceptingExecutableInvoker.lambda$invoke$0(InterceptingExecutableInvoker.java:93)
	at org.junit.jupiter.engine.execution.InvocationInterceptorChain$InterceptedInvocation.proceed(InvocationInterceptorChain.java:106)
	at org.junit.jupiter.engine.execution.InvocationInterceptorChain.proceed(InvocationInterceptorChain.java:64)
	at org.junit.jupiter.engine.execution.InvocationInterceptorChain.chainAndInvoke(InvocationInterceptorChain.java:45)
	at org.junit.jupiter.engine.execution.InvocationInterceptorChain.invoke(InvocationInterceptorChain.java:37)
	at org.junit.jupiter.engine.execution.InterceptingExecutableInvoker.invoke(InterceptingExecutableInvoker.java:92)
	at org.junit.jupiter.engine.execution.InterceptingExecutableInvoker.invoke(InterceptingExecutableInvoker.java:86)
	at org.junit.jupiter.engine.descriptor.TestMethodTestDescriptor.lambda$invokeTestMethod$7(TestMethodTestDescriptor.java:218)
	at org.junit.platform.engine.support.hierarchical.ThrowableCollector.execute(ThrowableCollector.java:73)
	at org.junit.jupiter.engine.descriptor.TestMethodTestDescriptor.invokeTestMethod(TestMethodTestDescriptor.java:214)
	at org.junit.jupiter.engine.descriptor.TestMethodTestDescriptor.execute(TestMethodTestDescriptor.java:139)
	at org.junit.jupiter.engine.descriptor.TestMethodTestDescriptor.execute(TestMethodTestDescriptor.java:69)
	at org.junit.platform.engine.support.hierarchical.NodeTestTask.lambda$executeRecursively$6(NodeTestTask.java:151)
	at org.junit.platform.engine.support.hierarchical.ThrowableCollector.execute(ThrowableCollector.java:73)
	at org.junit.platform.engine.support.hierarchical.NodeTestTask.lambda$executeRecursively$8(NodeTestTask.java:141)
	at org.junit.platform.engine.support.hierarchical.Node.around(Node.java:137)
	at org.junit.platform.engine.support.hierarchical.NodeTestTask.lambda$executeRecursively$9(NodeTestTask.java:139)
	at org.junit.platform.engine.support.hierarchical.ThrowableCollector.execute(ThrowableCollector.java:73)
	at org.junit.platform.engine.support.hierarchical.NodeTestTask.executeRecursively(NodeTestTask.java:138)
	at org.junit.platform.engine.support.hierarchical.NodeTestTask.execute(NodeTestTask.java:95)
	at java.base/java.util.ArrayList.forEach(ArrayList.java:1596)
	at org.junit.platform.engine.support.hierarchical.SameThreadHierarchicalTestExecutorService.invokeAll(SameThreadHierarchicalTestExecutorService.java:41)
	at org.junit.platform.engine.support.hierarchical.NodeTestTask.lambda$executeRecursively$6(NodeTestTask.java:155)
	at org.junit.platform.engine.support.hierarchical.ThrowableCollector.execute(ThrowableCollector.java:73)
	at org.junit.platform.engine.support.hierarchical.NodeTestTask.lambda$executeRecursively$8(NodeTestTask.java:141)
	at org.junit.platform.engine.support.hierarchical.Node.around(Node.java:137)
	at org.junit.platform.engine.support.hierarchical.NodeTestTask.lambda$executeRecursively$9(NodeTestTask.java:139)
	at org.junit.platform.engine.support.hierarchical.ThrowableCollector.execute(ThrowableCollector.java:73)
	at org.junit.platform.engine.support.hierarchical.NodeTestTask.executeRecursively(NodeTestTask.java:138)
	at org.junit.platform.engine.support.hierarchical.NodeTestTask.execute(NodeTestTask.java:95)
	at java.base/java.util.ArrayList.forEach(ArrayList.java:1596)
	at org.junit.platform.engine.support.hierarchical.SameThreadHierarchicalTestExecutorService.invokeAll(SameThreadHierarchicalTestExecutorService.java:41)
	at org.junit.platform.engine.support.hierarchical.NodeTestTask.lambda$executeRecursively$6(NodeTestTask.java:155)
	at org.junit.platform.engine.support.hierarchical.ThrowableCollector.execute(ThrowableCollector.java:73)
	at org.junit.platform.engine.support.hierarchical.NodeTestTask.lambda$executeRecursively$8(NodeTestTask.java:141)
	at org.junit.platform.engine.support.hierarchical.Node.around(Node.java:137)
	at org.junit.platform.engine.support.hierarchical.NodeTestTask.lambda$executeRecursively$9(NodeTestTask.java:139)
	at org.junit.platform.engine.support.hierarchical.ThrowableCollector.execute(ThrowableCollector.java:73)
	at org.junit.platform.engine.support.hierarchical.NodeTestTask.executeRecursively(NodeTestTask.java:138)
	at org.junit.platform.engine.support.hierarchical.NodeTestTask.execute(NodeTestTask.java:95)
	at org.junit.platform.engine.support.hierarchical.SameThreadHierarchicalTestExecutorService.submit(SameThreadHierarchicalTestExecutorService.java:35)
	at org.junit.platform.engine.support.hierarchical.HierarchicalTestExecutor.execute(HierarchicalTestExecutor.java:57)
	at org.junit.platform.engine.support.hierarchical.HierarchicalTestEngine.execute(HierarchicalTestEngine.java:54)
	at org.junit.platform.launcher.core.EngineExecutionOrchestrator.execute(EngineExecutionOrchestrator.java:198)
	at org.junit.platform.launcher.core.EngineExecutionOrchestrator.execute(EngineExecutionOrchestrator.java:169)
	at org.junit.platform.launcher.core.EngineExecutionOrchestrator.execute(EngineExecutionOrchestrator.java:93)
	at org.junit.platform.launcher.core.EngineExecutionOrchestrator.lambda$execute$0(EngineExecutionOrchestrator.java:58)
	at org.junit.platform.launcher.core.EngineExecutionOrchestrator.withInterceptedStreams(EngineExecutionOrchestrator.java:141)
	at org.junit.platform.launcher.core.EngineExecutionOrchestrator.execute(EngineExecutionOrchestrator.java:57)
	at org.junit.platform.launcher.core.DefaultLauncher.execute(DefaultLauncher.java:103)
	at org.junit.platform.launcher.core.DefaultLauncher.execute(DefaultLauncher.java:85)
	at org.junit.platform.launcher.core.DelegatingLauncher.execute(DelegatingLauncher.java:47)
	at org.junit.platform.launcher.core.SessionPerRequestLauncher.execute(SessionPerRequestLauncher.java:63)
	at com.intellij.junit5.JUnit5IdeaTestRunner.startRunnerWithArgs(JUnit5IdeaTestRunner.java:57)
	at com.intellij.rt.junit.IdeaTestRunner$Repeater$1.execute(IdeaTestRunner.java:38)
	at com.intellij.rt.execution.junit.TestsRepeater.repeat(TestsRepeater.java:11)
	at com.intellij.rt.junit.IdeaTestRunner$Repeater.startRunnerWithArgs(IdeaTestRunner.java:35)
	at com.intellij.rt.junit.JUnitStarter.prepareStreamsAndStart(JUnitStarter.java:232)
	at com.intellij.rt.junit.JUnitStarter.main(JUnitStarter.java:55)
2025-03-12 11:15:01 [main] INFO  l.insoft.uztis.tests.utils.TestUtils - Screenshot moved to C:\Users\ingrida.zadorozniene\Desktop\Asm\UZTIS\UZTIS_tests\test-output\screenshots\20250312\111501311_testConfirmEvaluationOne().png
2025-03-12 11:52:08 [main] INFO  lt.insoft.uztis.tests.UztisPageTest - Navigated to https://uztisdev.asseco.lt/home
2025-03-12 11:52:08 [main] INFO  l.i.uztis.tests.EvaluationsPageTest - Starting test:'testConfirmEvaluationOne'
2025-03-12 11:52:08 [main] INFO  l.i.uztis.tests.EvaluationsPageTest - Starting test:'testNavigateToEvaluationsPage'
2025-03-12 11:52:08 [main] DEBUG l.i.uztis.tests.EvaluationsPageTest - User logged in with test credentials
2025-03-12 11:52:09 [main] DEBUG l.i.uztis.tests.EvaluationsPageTest - Opened 'Application Processing' menu.
2025-03-12 11:52:09 [main] DEBUG l.i.uztis.tests.EvaluationsPageTest - Clicked on 'Evaluations' menu.
2025-03-12 11:52:09 [main] DEBUG l.i.uztis.tests.EvaluationsPageTest - Navigating to evaluations menu.
2025-03-12 11:52:09 [main] INFO  l.i.uztis.tests.EvaluationsPageTest - Test 'testNavigateToEvaluationsPage' completed successfully.
2025-03-12 11:52:09 [main] DEBUG l.i.uztis.tests.EvaluationsPageTest - Clicked on last evaluation.
2025-03-12 11:52:10 [main] DEBUG l.i.uztis.tests.EvaluationsPageTest - Clicked 'Edit'.
2025-03-12 11:52:13 [main] DEBUG l.i.uztis.tests.EvaluationsPageTest - Clicked 'Confirm'.
2025-03-12 11:52:15 [main] DEBUG l.i.uztis.tests.EvaluationsPageTest - Clicked 'Confirm Confirmation'.
2025-03-12 11:52:16 [main] DEBUG l.i.uztis.tests.EvaluationsPageTest - Fetched label text: Įvertinta
2025-03-12 11:52:16 [main] INFO  l.i.uztis.tests.EvaluationsPageTest - Verified that the label text matches the expected value.
2025-03-12 11:52:16 [main] INFO  l.i.uztis.tests.EvaluationsPageTest - Test 'testConfirmEvaluationOne' completed successfully.
2025-03-12 11:52:48 [main] INFO  lt.insoft.uztis.tests.UztisPageTest - Navigated to https://uztisdev.asseco.lt/home
2025-03-12 11:52:48 [main] INFO  l.i.uztis.tests.EvaluationsPageTest - Starting test:'testFillSaveDraftEvaluationTwo'
2025-03-12 11:52:48 [main] INFO  l.i.uztis.tests.EvaluationsPageTest - Starting test:'testNavigateToEvaluationsPage'
2025-03-12 11:52:48 [main] DEBUG l.i.uztis.tests.EvaluationsPageTest - User logged in with test credentials
2025-03-12 11:52:49 [main] DEBUG l.i.uztis.tests.EvaluationsPageTest - Opened 'Application Processing' menu.
2025-03-12 11:52:49 [main] DEBUG l.i.uztis.tests.EvaluationsPageTest - Clicked on 'Evaluations' menu.
2025-03-12 11:52:49 [main] DEBUG l.i.uztis.tests.EvaluationsPageTest - Navigating to evaluations menu.
2025-03-12 11:52:49 [main] INFO  l.i.uztis.tests.EvaluationsPageTest - Test 'testNavigateToEvaluationsPage' completed successfully.
2025-03-12 11:52:50 [main] DEBUG l.i.uztis.tests.EvaluationsPageTest - Clicked on last evaluation.
2025-03-12 11:52:51 [main] DEBUG l.i.uztis.tests.EvaluationsPageTest - Clicked 'Edit'.
2025-03-12 11:52:52 [main] DEBUG l.i.uztis.tests.EvaluationsPageTest - Entered commission date.
2025-03-12 11:52:52 [main] DEBUG l.i.uztis.tests.EvaluationsPageTest - Selected 'Without Commission' radio button.
2025-03-12 11:52:52 [main] DEBUG l.i.uztis.tests.EvaluationsPageTest - Entered chairman name: 'Pirmininkas Pirmininkauskas'.
2025-03-12 11:52:52 [main] DEBUG l.i.uztis.tests.EvaluationsPageTest - Entered member name: 'Narys Narauskas'.
2025-03-12 11:52:53 [main] DEBUG l.i.uztis.tests.EvaluationsPageTest - Clicked 'Continue'.
2025-03-12 11:52:53 [main] DEBUG l.i.uztis.tests.EvaluationsPageTest - Entered score edition: '9'.
2025-03-12 11:52:53 [main] DEBUG l.i.uztis.tests.EvaluationsPageTest - Entered chairman score: '10'.
2025-03-12 11:52:53 [main] DEBUG l.i.uztis.tests.EvaluationsPageTest - Entered member score: '11'.
2025-03-12 11:52:53 [main] DEBUG l.i.uztis.tests.EvaluationsPageTest - Entered conclusion: 'Išvada - palanki'.
2025-03-12 11:52:54 [main] DEBUG l.i.uztis.tests.EvaluationsPageTest - Entered  explanation: 'Balas pakoreduotas ranka'.
2025-03-12 11:52:54 [main] DEBUG l.i.uztis.tests.EvaluationsPageTest - Clicked 'Save Draft'.
2025-03-12 11:52:54 [main] DEBUG l.i.uztis.pages.ApplicationFormsPage - Verified success message: 'Duomenys sėkmingai išsaugoti.'
2025-03-12 11:52:54 [main] INFO  l.i.uztis.tests.EvaluationsPageTest - Verified success message
2025-03-12 11:52:54 [main] INFO  l.i.uztis.tests.EvaluationsPageTest - Test 'testFillSaveDraftEvaluationTwo' completed successfully.
2025-03-12 11:53:41 [main] INFO  lt.insoft.uztis.tests.UztisPageTest - Navigated to https://uztisdev.asseco.lt/home
2025-03-12 11:53:42 [main] INFO  l.i.uztis.tests.EvaluationsPageTest - Starting test:'testConfirmEvaluationTwo'
2025-03-12 11:53:42 [main] INFO  l.i.uztis.tests.EvaluationsPageTest - Starting test:'testNavigateToEvaluationsPage'
2025-03-12 11:53:42 [main] DEBUG l.i.uztis.tests.EvaluationsPageTest - User logged in with test credentials
2025-03-12 11:53:42 [main] DEBUG l.i.uztis.tests.EvaluationsPageTest - Opened 'Application Processing' menu.
2025-03-12 11:53:42 [main] DEBUG l.i.uztis.tests.EvaluationsPageTest - Clicked on 'Evaluations' menu.
2025-03-12 11:53:42 [main] DEBUG l.i.uztis.tests.EvaluationsPageTest - Navigating to evaluations menu.
2025-03-12 11:53:42 [main] INFO  l.i.uztis.tests.EvaluationsPageTest - Test 'testNavigateToEvaluationsPage' completed successfully.
2025-03-12 11:53:43 [main] DEBUG l.i.uztis.tests.EvaluationsPageTest - Clicked on last evaluation.
2025-03-12 11:53:44 [main] DEBUG l.i.uztis.tests.EvaluationsPageTest - Clicked 'Edit'.
2025-03-12 11:53:44 [main] DEBUG l.i.uztis.tests.EvaluationsPageTest - Clicked 'Continue'.
2025-03-12 11:53:44 [main] DEBUG l.i.uztis.tests.EvaluationsPageTest - Entered conclusion: 'Išvada - papildyta'.
2025-03-12 11:53:44 [main] DEBUG l.i.uztis.tests.EvaluationsPageTest - Entered  explanation: '; Išvada pakoreduota ranka'.
2025-03-12 11:53:45 [main] DEBUG l.i.uztis.tests.EvaluationsPageTest - Clicked 'Confirm'.
2025-03-12 11:53:45 [main] DEBUG l.i.uztis.tests.EvaluationsPageTest - Clicked 'Confirm Confirmation'.
2025-03-12 11:53:45 [main] DEBUG l.i.uztis.tests.EvaluationsPageTest - Fetched label text: Įvertinta
2025-03-12 11:53:45 [main] INFO  l.i.uztis.tests.EvaluationsPageTest - Verified that the label text matches the expected value.
2025-03-12 11:53:45 [main] INFO  l.i.uztis.tests.EvaluationsPageTest - Test 'testConfirmEvaluationTwo' completed successfully.
2025-03-12 11:53:59 [main] INFO  lt.insoft.uztis.tests.UztisPageTest - Navigated to https://uztisdev.asseco.lt/home
2025-03-12 11:53:59 [main] INFO  l.i.uztis.tests.EvaluationsPageTest - Starting test:'testFillSaveDraftEvaluationThree'
2025-03-12 11:53:59 [main] INFO  l.i.uztis.tests.EvaluationsPageTest - Starting test:'testNavigateToEvaluationsPage'
2025-03-12 11:54:00 [main] DEBUG l.i.uztis.tests.EvaluationsPageTest - User logged in with test credentials
2025-03-12 11:54:00 [main] DEBUG l.i.uztis.tests.EvaluationsPageTest - Opened 'Application Processing' menu.
2025-03-12 11:54:00 [main] DEBUG l.i.uztis.tests.EvaluationsPageTest - Clicked on 'Evaluations' menu.
2025-03-12 11:54:00 [main] DEBUG l.i.uztis.tests.EvaluationsPageTest - Navigating to evaluations menu.
2025-03-12 11:54:00 [main] INFO  l.i.uztis.tests.EvaluationsPageTest - Test 'testNavigateToEvaluationsPage' completed successfully.
2025-03-12 11:54:00 [main] DEBUG l.i.uztis.tests.EvaluationsPageTest - Clicked on last evaluation.
2025-03-12 11:54:01 [main] DEBUG l.i.uztis.tests.EvaluationsPageTest - Clicked 'Edit'.
2025-03-12 11:54:01 [main] DEBUG l.i.uztis.tests.EvaluationsPageTest - Entered commission date.
2025-03-12 11:54:02 [main] DEBUG l.i.uztis.tests.EvaluationsPageTest - Selected 'Without Commission' radio button.
2025-03-12 11:54:02 [main] DEBUG l.i.uztis.tests.EvaluationsPageTest - Entered chairman name: 'Pirmininkas Pirmininkauskas'.
2025-03-12 11:54:02 [main] DEBUG l.i.uztis.tests.EvaluationsPageTest - Entered member name: 'Narys Narauskas'.
2025-03-12 11:54:02 [main] DEBUG l.i.uztis.tests.EvaluationsPageTest - Clicked 'Continue'.
2025-03-12 11:54:02 [main] DEBUG l.i.uztis.tests.EvaluationsPageTest - Entered chairman score 1: '1'.
2025-03-12 11:54:02 [main] DEBUG l.i.uztis.tests.EvaluationsPageTest - Entered member score 1: '2'.
2025-03-12 11:54:03 [main] DEBUG l.i.uztis.tests.EvaluationsPageTest - Entered member conclusion 1: 'Išvada - palanki 1'.
2025-03-12 11:54:03 [main] DEBUG l.i.uztis.tests.EvaluationsPageTest - Entered chairman score 2: '3'.
2025-03-12 11:54:03 [main] DEBUG l.i.uztis.tests.EvaluationsPageTest - Entered member score 2: '4'.
2025-03-12 11:54:03 [main] DEBUG l.i.uztis.tests.EvaluationsPageTest - Entered member conclusion 2: 'Išvada - palanki 2'.
2025-03-12 11:54:03 [main] DEBUG l.i.uztis.tests.EvaluationsPageTest - Entered chairman score 3: '5'.
2025-03-12 11:54:03 [main] DEBUG l.i.uztis.tests.EvaluationsPageTest - Entered member score 3: '6'.
2025-03-12 11:54:03 [main] DEBUG l.i.uztis.tests.EvaluationsPageTest - Entered member conclusion 3: 'Išvada - palanki 3'.
2025-03-12 11:54:03 [main] DEBUG l.i.uztis.tests.EvaluationsPageTest - Entered chairman score 4: '7'.
2025-03-12 11:54:03 [main] DEBUG l.i.uztis.tests.EvaluationsPageTest - Entered member score 4: '8'.
2025-03-12 11:54:04 [main] DEBUG l.i.uztis.tests.EvaluationsPageTest - Entered member conclusion 4: 'Išvada - palanki 4'.
2025-03-12 11:54:04 [main] DEBUG l.i.uztis.tests.EvaluationsPageTest - Entered chairman score 5: '9'.
2025-03-12 11:54:04 [main] DEBUG l.i.uztis.tests.EvaluationsPageTest - Entered member score 5: '10'.
2025-03-12 11:54:04 [main] DEBUG l.i.uztis.tests.EvaluationsPageTest - Entered member conclusion 5: 'Išvada - palanki 5'.
2025-03-12 11:54:04 [main] DEBUG l.i.uztis.tests.EvaluationsPageTest - Clicked 'Save Draft'.
2025-03-12 11:54:04 [main] DEBUG l.i.uztis.pages.ApplicationFormsPage - Verified success message: 'Duomenys sėkmingai išsaugoti.'
2025-03-12 11:54:04 [main] INFO  l.i.uztis.tests.EvaluationsPageTest - Verified success message
2025-03-12 11:54:04 [main] INFO  l.i.uztis.tests.EvaluationsPageTest - Test 'testFillSaveDraftEvaluationThree' completed successfully.
2025-03-12 11:54:18 [main] INFO  lt.insoft.uztis.tests.UztisPageTest - Navigated to https://uztisdev.asseco.lt/home
2025-03-12 11:54:18 [main] INFO  l.i.uztis.tests.EvaluationsPageTest - Starting test:'testConfirmEvaluationThree'
2025-03-12 11:54:18 [main] INFO  l.i.uztis.tests.EvaluationsPageTest - Starting test:'testNavigateToEvaluationsPage'
2025-03-12 11:54:19 [main] DEBUG l.i.uztis.tests.EvaluationsPageTest - User logged in with test credentials
2025-03-12 11:54:19 [main] DEBUG l.i.uztis.tests.EvaluationsPageTest - Opened 'Application Processing' menu.
2025-03-12 11:54:19 [main] DEBUG l.i.uztis.tests.EvaluationsPageTest - Clicked on 'Evaluations' menu.
2025-03-12 11:54:19 [main] DEBUG l.i.uztis.tests.EvaluationsPageTest - Navigating to evaluations menu.
2025-03-12 11:54:19 [main] INFO  l.i.uztis.tests.EvaluationsPageTest - Test 'testNavigateToEvaluationsPage' completed successfully.
2025-03-12 11:54:20 [main] DEBUG l.i.uztis.tests.EvaluationsPageTest - Clicked on last evaluation.
2025-03-12 11:54:21 [main] DEBUG l.i.uztis.tests.EvaluationsPageTest - Clicked 'Edit'.
2025-03-12 11:54:21 [main] DEBUG l.i.uztis.tests.EvaluationsPageTest - Clicked 'Continue'.
2025-03-12 11:54:21 [main] DEBUG l.i.uztis.tests.EvaluationsPageTest - Clicked 'Confirm'.
2025-03-12 11:54:21 [main] DEBUG l.i.uztis.tests.EvaluationsPageTest - Clicked 'Confirm Confirmation'.
2025-03-12 11:54:22 [main] DEBUG l.i.uztis.tests.EvaluationsPageTest - Fetched label text: Įvertinta
2025-03-12 11:54:22 [main] INFO  l.i.uztis.tests.EvaluationsPageTest - Verified that the label text matches the expected value.
2025-03-12 11:54:22 [main] INFO  l.i.uztis.tests.EvaluationsPageTest - Test 'testConfirmEvaluationThree' completed successfully.
2025-03-12 11:54:42 [main] INFO  lt.insoft.uztis.tests.UztisPageTest - Navigated to https://uztisdev.asseco.lt/home
2025-03-12 11:54:42 [main] INFO  l.insoft.uztis.tests.FundingPageTest - Starting test:'testFundApplication'
2025-03-12 11:54:43 [main] DEBUG l.insoft.uztis.tests.FundingPageTest - User logged in with test credentials
2025-03-12 11:54:43 [main] DEBUG l.insoft.uztis.tests.FundingPageTest - Opened 'Application Processing' menu.
2025-03-12 11:54:43 [main] DEBUG l.insoft.uztis.tests.FundingPageTest - Clicked on 'Application Forms' menu.
2025-03-12 11:54:44 [main] DEBUG l.insoft.uztis.tests.FundingPageTest - Retrieved last description code text: 'TST-VUI-52'.
2025-03-12 11:54:44 [main] DEBUG l.insoft.uztis.tests.FundingPageTest - Clicked on 'Invitation' menu.
2025-03-12 11:54:45 [main] DEBUG l.insoft.uztis.tests.FundingPageTest - Selected application section by code: 'TST-VUI-52'.
2025-03-12 11:54:45 [main] DEBUG l.insoft.uztis.tests.FundingPageTest - Clicked 'Search' button.
2025-03-12 11:54:45 [main] DEBUG l.insoft.uztis.tests.FundingPageTest - Retrieved invitation code: ''.
2025-03-12 11:54:45 [main] DEBUG l.insoft.uztis.tests.FundingPageTest - Clicked on 'Funding Queue' menu.
2025-03-12 11:54:46 [main] DEBUG l.insoft.uztis.tests.FundingPageTest - Selected invitation by code: 'TST-VUI-52'.
2025-03-12 11:54:46 [main] DEBUG l.insoft.uztis.tests.FundingPageTest - Invitation code inserted.
2025-03-12 11:54:47 [main] DEBUG l.insoft.uztis.tests.FundingPageTest - Clicked 'Form'.
2025-03-12 11:54:57 [main] ERROR l.insoft.uztis.tests.FundingPageTest - Test 'testFundApplication' failed with error: no such element: Unable to locate element: {"method":"xpath","selector":"//common-button[contains(@class, 'ng-star-inserted')]//button[contains(@class, 'btn--primary') and text()='Finansuoti']"}
  (Session info: chrome=134.0.6998.88)
For documentation on this error, please visit: https://www.selenium.dev/documentation/webdriver/troubleshooting/errors#no-such-element-exception
Build info: version: '4.27.0', revision: 'd6e718d134'
System info: os.name: 'Windows 11', os.arch: 'amd64', os.version: '10.0', java.version: '21.0.3'
Driver info: org.openqa.selenium.chrome.ChromeDriver
Command: [62a0e20a9133ab67367f95e9051e508e, findElement {value=//common-button[contains(@class, 'ng-star-inserted')]//button[contains(@class, 'btn--primary') and text()='Finansuoti'], using=xpath}]
Capabilities {acceptInsecureCerts: false, browserName: chrome, browserVersion: 134.0.6998.88, chrome: {chromedriverVersion: 134.0.6998.88 (7e3d5c978c6d..., userDataDir: C:\Users\INGRID~1.ZAD\AppDa...}, fedcm:accounts: true, goog:chromeOptions: {debuggerAddress: localhost:61310}, networkConnectionEnabled: false, pageLoadStrategy: normal, platformName: windows, proxy: Proxy(), se:cdp: ws://localhost:61310/devtoo..., se:cdpVersion: 134.0.6998.88, setWindowRect: true, strictFileInteractability: false, timeouts: {implicit: 0, pageLoad: 300000, script: 30000}, unhandledPromptBehavior: dismiss and notify, webauthn:extension:credBlob: true, webauthn:extension:largeBlob: true, webauthn:extension:minPinLength: true, webauthn:extension:prf: true, webauthn:virtualAuthenticators: true}
Session ID: 62a0e20a9133ab67367f95e9051e508e
org.openqa.selenium.NoSuchElementException: no such element: Unable to locate element: {"method":"xpath","selector":"//common-button[contains(@class, 'ng-star-inserted')]//button[contains(@class, 'btn--primary') and text()='Finansuoti']"}
  (Session info: chrome=134.0.6998.88)
For documentation on this error, please visit: https://www.selenium.dev/documentation/webdriver/troubleshooting/errors#no-such-element-exception
Build info: version: '4.27.0', revision: 'd6e718d134'
System info: os.name: 'Windows 11', os.arch: 'amd64', os.version: '10.0', java.version: '21.0.3'
Driver info: org.openqa.selenium.chrome.ChromeDriver
Command: [62a0e20a9133ab67367f95e9051e508e, findElement {value=//common-button[contains(@class, 'ng-star-inserted')]//button[contains(@class, 'btn--primary') and text()='Finansuoti'], using=xpath}]
Capabilities {acceptInsecureCerts: false, browserName: chrome, browserVersion: 134.0.6998.88, chrome: {chromedriverVersion: 134.0.6998.88 (7e3d5c978c6d..., userDataDir: C:\Users\INGRID~1.ZAD\AppDa...}, fedcm:accounts: true, goog:chromeOptions: {debuggerAddress: localhost:61310}, networkConnectionEnabled: false, pageLoadStrategy: normal, platformName: windows, proxy: Proxy(), se:cdp: ws://localhost:61310/devtoo..., se:cdpVersion: 134.0.6998.88, setWindowRect: true, strictFileInteractability: false, timeouts: {implicit: 0, pageLoad: 300000, script: 30000}, unhandledPromptBehavior: dismiss and notify, webauthn:extension:credBlob: true, webauthn:extension:largeBlob: true, webauthn:extension:minPinLength: true, webauthn:extension:prf: true, webauthn:virtualAuthenticators: true}
Session ID: 62a0e20a9133ab67367f95e9051e508e
	at java.base/jdk.internal.reflect.DirectConstructorHandleAccessor.newInstance(DirectConstructorHandleAccessor.java:62)
	at java.base/java.lang.reflect.Constructor.newInstanceWithCaller(Constructor.java:502)
	at java.base/java.lang.reflect.Constructor.newInstance(Constructor.java:486)
	at org.openqa.selenium.remote.ErrorCodec.decode(ErrorCodec.java:167)
	at org.openqa.selenium.remote.codec.w3c.W3CHttpResponseCodec.decode(W3CHttpResponseCodec.java:138)
	at org.openqa.selenium.remote.codec.w3c.W3CHttpResponseCodec.decode(W3CHttpResponseCodec.java:50)
	at org.openqa.selenium.remote.HttpCommandExecutor.execute(HttpCommandExecutor.java:190)
	at org.openqa.selenium.remote.service.DriverCommandExecutor.invokeExecute(DriverCommandExecutor.java:216)
	at org.openqa.selenium.remote.service.DriverCommandExecutor.execute(DriverCommandExecutor.java:174)
	at org.openqa.selenium.remote.RemoteWebDriver.execute(RemoteWebDriver.java:545)
	at org.openqa.selenium.remote.ElementLocation$ElementFinder$2.findElement(ElementLocation.java:165)
	at org.openqa.selenium.remote.ElementLocation.findElement(ElementLocation.java:59)
	at org.openqa.selenium.remote.RemoteWebDriver.findElement(RemoteWebDriver.java:368)
	at org.openqa.selenium.remote.RemoteWebDriver.findElement(RemoteWebDriver.java:362)
	at org.openqa.selenium.support.pagefactory.DefaultElementLocator.findElement(DefaultElementLocator.java:68)
	at org.openqa.selenium.support.pagefactory.internal.LocatingElementHandler.invoke(LocatingElementHandler.java:38)
	at jdk.proxy2/jdk.proxy2.$Proxy14.click(Unknown Source)
	at lt.insoft.uztis.pages.FundingPage.clickButtonFinance(FundingPage.java:52)
	at lt.insoft.uztis.tests.FundingPageTest.testFundApplication(FundingPageTest.java:98)
	at java.base/jdk.internal.reflect.DirectMethodHandleAccessor.invoke(DirectMethodHandleAccessor.java:103)
	at java.base/java.lang.reflect.Method.invoke(Method.java:580)
	at org.junit.platform.commons.util.ReflectionUtils.invokeMethod(ReflectionUtils.java:728)
	at org.junit.jupiter.engine.execution.MethodInvocation.proceed(MethodInvocation.java:60)
	at org.junit.jupiter.engine.execution.InvocationInterceptorChain$ValidatingInvocation.proceed(InvocationInterceptorChain.java:131)
	at org.junit.jupiter.engine.extension.TimeoutExtension.intercept(TimeoutExtension.java:156)
	at org.junit.jupiter.engine.extension.TimeoutExtension.interceptTestableMethod(TimeoutExtension.java:147)
	at org.junit.jupiter.engine.extension.TimeoutExtension.interceptTestMethod(TimeoutExtension.java:86)
	at org.junit.jupiter.engine.execution.InterceptingExecutableInvoker$ReflectiveInterceptorCall.lambda$ofVoidMethod$0(InterceptingExecutableInvoker.java:103)
	at org.junit.jupiter.engine.execution.InterceptingExecutableInvoker.lambda$invoke$0(InterceptingExecutableInvoker.java:93)
	at org.junit.jupiter.engine.execution.InvocationInterceptorChain$InterceptedInvocation.proceed(InvocationInterceptorChain.java:106)
	at org.junit.jupiter.engine.execution.InvocationInterceptorChain.proceed(InvocationInterceptorChain.java:64)
	at org.junit.jupiter.engine.execution.InvocationInterceptorChain.chainAndInvoke(InvocationInterceptorChain.java:45)
	at org.junit.jupiter.engine.execution.InvocationInterceptorChain.invoke(InvocationInterceptorChain.java:37)
	at org.junit.jupiter.engine.execution.InterceptingExecutableInvoker.invoke(InterceptingExecutableInvoker.java:92)
	at org.junit.jupiter.engine.execution.InterceptingExecutableInvoker.invoke(InterceptingExecutableInvoker.java:86)
	at org.junit.jupiter.engine.descriptor.TestMethodTestDescriptor.lambda$invokeTestMethod$7(TestMethodTestDescriptor.java:218)
	at org.junit.platform.engine.support.hierarchical.ThrowableCollector.execute(ThrowableCollector.java:73)
	at org.junit.jupiter.engine.descriptor.TestMethodTestDescriptor.invokeTestMethod(TestMethodTestDescriptor.java:214)
	at org.junit.jupiter.engine.descriptor.TestMethodTestDescriptor.execute(TestMethodTestDescriptor.java:139)
	at org.junit.jupiter.engine.descriptor.TestMethodTestDescriptor.execute(TestMethodTestDescriptor.java:69)
	at org.junit.platform.engine.support.hierarchical.NodeTestTask.lambda$executeRecursively$6(NodeTestTask.java:151)
	at org.junit.platform.engine.support.hierarchical.ThrowableCollector.execute(ThrowableCollector.java:73)
	at org.junit.platform.engine.support.hierarchical.NodeTestTask.lambda$executeRecursively$8(NodeTestTask.java:141)
	at org.junit.platform.engine.support.hierarchical.Node.around(Node.java:137)
	at org.junit.platform.engine.support.hierarchical.NodeTestTask.lambda$executeRecursively$9(NodeTestTask.java:139)
	at org.junit.platform.engine.support.hierarchical.ThrowableCollector.execute(ThrowableCollector.java:73)
	at org.junit.platform.engine.support.hierarchical.NodeTestTask.executeRecursively(NodeTestTask.java:138)
	at org.junit.platform.engine.support.hierarchical.NodeTestTask.execute(NodeTestTask.java:95)
	at java.base/java.util.ArrayList.forEach(ArrayList.java:1596)
	at org.junit.platform.engine.support.hierarchical.SameThreadHierarchicalTestExecutorService.invokeAll(SameThreadHierarchicalTestExecutorService.java:41)
	at org.junit.platform.engine.support.hierarchical.NodeTestTask.lambda$executeRecursively$6(NodeTestTask.java:155)
	at org.junit.platform.engine.support.hierarchical.ThrowableCollector.execute(ThrowableCollector.java:73)
	at org.junit.platform.engine.support.hierarchical.NodeTestTask.lambda$executeRecursively$8(NodeTestTask.java:141)
	at org.junit.platform.engine.support.hierarchical.Node.around(Node.java:137)
	at org.junit.platform.engine.support.hierarchical.NodeTestTask.lambda$executeRecursively$9(NodeTestTask.java:139)
	at org.junit.platform.engine.support.hierarchical.ThrowableCollector.execute(ThrowableCollector.java:73)
	at org.junit.platform.engine.support.hierarchical.NodeTestTask.executeRecursively(NodeTestTask.java:138)
	at org.junit.platform.engine.support.hierarchical.NodeTestTask.execute(NodeTestTask.java:95)
	at java.base/java.util.ArrayList.forEach(ArrayList.java:1596)
	at org.junit.platform.engine.support.hierarchical.SameThreadHierarchicalTestExecutorService.invokeAll(SameThreadHierarchicalTestExecutorService.java:41)
	at org.junit.platform.engine.support.hierarchical.NodeTestTask.lambda$executeRecursively$6(NodeTestTask.java:155)
	at org.junit.platform.engine.support.hierarchical.ThrowableCollector.execute(ThrowableCollector.java:73)
	at org.junit.platform.engine.support.hierarchical.NodeTestTask.lambda$executeRecursively$8(NodeTestTask.java:141)
	at org.junit.platform.engine.support.hierarchical.Node.around(Node.java:137)
	at org.junit.platform.engine.support.hierarchical.NodeTestTask.lambda$executeRecursively$9(NodeTestTask.java:139)
	at org.junit.platform.engine.support.hierarchical.ThrowableCollector.execute(ThrowableCollector.java:73)
	at org.junit.platform.engine.support.hierarchical.NodeTestTask.executeRecursively(NodeTestTask.java:138)
	at org.junit.platform.engine.support.hierarchical.NodeTestTask.execute(NodeTestTask.java:95)
	at org.junit.platform.engine.support.hierarchical.SameThreadHierarchicalTestExecutorService.submit(SameThreadHierarchicalTestExecutorService.java:35)
	at org.junit.platform.engine.support.hierarchical.HierarchicalTestExecutor.execute(HierarchicalTestExecutor.java:57)
	at org.junit.platform.engine.support.hierarchical.HierarchicalTestEngine.execute(HierarchicalTestEngine.java:54)
	at org.junit.platform.launcher.core.EngineExecutionOrchestrator.execute(EngineExecutionOrchestrator.java:198)
	at org.junit.platform.launcher.core.EngineExecutionOrchestrator.execute(EngineExecutionOrchestrator.java:169)
	at org.junit.platform.launcher.core.EngineExecutionOrchestrator.execute(EngineExecutionOrchestrator.java:93)
	at org.junit.platform.launcher.core.EngineExecutionOrchestrator.lambda$execute$0(EngineExecutionOrchestrator.java:58)
	at org.junit.platform.launcher.core.EngineExecutionOrchestrator.withInterceptedStreams(EngineExecutionOrchestrator.java:141)
	at org.junit.platform.launcher.core.EngineExecutionOrchestrator.execute(EngineExecutionOrchestrator.java:57)
	at org.junit.platform.launcher.core.DefaultLauncher.execute(DefaultLauncher.java:103)
	at org.junit.platform.launcher.core.DefaultLauncher.execute(DefaultLauncher.java:85)
	at org.junit.platform.launcher.core.DelegatingLauncher.execute(DelegatingLauncher.java:47)
	at org.junit.platform.launcher.core.SessionPerRequestLauncher.execute(SessionPerRequestLauncher.java:63)
	at com.intellij.junit5.JUnit5IdeaTestRunner.startRunnerWithArgs(JUnit5IdeaTestRunner.java:57)
	at com.intellij.rt.junit.IdeaTestRunner$Repeater$1.execute(IdeaTestRunner.java:38)
	at com.intellij.rt.execution.junit.TestsRepeater.repeat(TestsRepeater.java:11)
	at com.intellij.rt.junit.IdeaTestRunner$Repeater.startRunnerWithArgs(IdeaTestRunner.java:35)
	at com.intellij.rt.junit.JUnitStarter.prepareStreamsAndStart(JUnitStarter.java:232)
	at com.intellij.rt.junit.JUnitStarter.main(JUnitStarter.java:55)
2025-03-12 11:54:57 [main] INFO  l.insoft.uztis.tests.utils.TestUtils - Screenshot moved to C:\Users\ingrida.zadorozniene\Desktop\Asm\UZTIS\UZTIS_tests\test-output\screenshots\20250312\115457323_testFundApplication().png
2025-03-12 11:56:52 [main] INFO  lt.insoft.uztis.tests.UztisPageTest - Navigated to https://uztisdev.asseco.lt/home
2025-03-12 11:56:52 [main] INFO  l.insoft.uztis.tests.FundingPageTest - Starting test:'testFundApplication'
2025-03-12 11:56:52 [main] DEBUG l.insoft.uztis.tests.FundingPageTest - User logged in with test credentials
2025-03-12 11:56:53 [main] DEBUG l.insoft.uztis.tests.FundingPageTest - Opened 'Application Processing' menu.
2025-03-12 11:56:53 [main] DEBUG l.insoft.uztis.tests.FundingPageTest - Clicked on 'Application Forms' menu.
2025-03-12 11:56:54 [main] DEBUG l.insoft.uztis.tests.FundingPageTest - Retrieved last description code text: 'TST-VUI-52'.
2025-03-12 11:56:54 [main] DEBUG l.insoft.uztis.tests.FundingPageTest - Clicked on 'Invitation' menu.
2025-03-12 11:56:55 [main] DEBUG l.insoft.uztis.tests.FundingPageTest - Selected application section by code: 'TST-VUI-52'.
2025-03-12 11:56:55 [main] DEBUG l.insoft.uztis.tests.FundingPageTest - Clicked 'Search' button.
2025-03-12 11:56:55 [main] DEBUG l.insoft.uztis.tests.FundingPageTest - Retrieved invitation code: ''.
2025-03-12 11:56:55 [main] DEBUG l.insoft.uztis.tests.FundingPageTest - Clicked on 'Funding Queue' menu.
2025-03-12 11:56:57 [main] DEBUG l.insoft.uztis.tests.FundingPageTest - Selected invitation by code: 'TST-VUI-52'.
2025-03-12 11:56:57 [main] DEBUG l.insoft.uztis.tests.FundingPageTest - Invitation code inserted.
2025-03-12 11:56:57 [main] DEBUG l.insoft.uztis.tests.FundingPageTest - Clicked 'Form'.
2025-03-12 11:56:57 [main] DEBUG l.insoft.uztis.tests.FundingPageTest - Clicked 'Finance'.
2025-03-12 11:56:57 [main] DEBUG l.insoft.uztis.tests.FundingPageTest - Entered order number 'VUI_1'.
2025-03-12 11:56:57 [main] DEBUG l.insoft.uztis.tests.FundingPageTest - Clicked 'Finance Confirmation'.
2025-03-12 11:57:04 [main] DEBUG l.i.uztis.pages.ApplicationFormsPage - Verified success message: 'Funkcija sėkmingai atlikta.'
2025-03-12 11:57:04 [main] INFO  l.insoft.uztis.tests.FundingPageTest - Verified success message
2025-03-12 11:57:04 [main] INFO  l.insoft.uztis.tests.FundingPageTest - Test 'testFundApplication' completed successfully.
2025-03-12 12:07:04 [main] INFO  lt.insoft.uztis.tests.UztisPageTest - Navigated to https://uztisdev.asseco.lt/home
2025-03-12 12:07:04 [main] INFO  l.i.u.tests.ApplicationFormsPageTest - Setup complete. ApplicationFormsPage initialized.
2025-03-12 12:07:04 [main] INFO  l.i.u.tests.ApplicationFormsPageTest - Starting test:'testCreateNewVuiApplication'
2025-03-12 12:07:05 [main] DEBUG l.i.u.tests.ApplicationFormsPageTest - User logged in with test credentials
2025-03-12 12:07:05 [main] DEBUG l.i.u.tests.ApplicationFormsPageTest - Opened 'Application Processing' menu.
2025-03-12 12:07:05 [main] DEBUG l.i.u.tests.ApplicationFormsPageTest - Clicked on 'Application Forms' menu.
2025-03-12 12:07:06 [main] DEBUG l.i.u.tests.ApplicationFormsPageTest - Clicked to create a new application form.
2025-03-12 12:07:06 [main] DEBUG l.i.u.tests.ApplicationFormsPageTest - Entered random application code: TST-VUI-68
2025-03-12 12:07:06 [main] DEBUG l.i.u.tests.ApplicationFormsPageTest - Selected 'Section' radio button.
2025-03-12 12:07:06 [main] INFO  l.i.uztis.pages.ApplicationFormsPage - Located the dropdown button.
2025-03-12 12:07:06 [main] INFO  l.i.uztis.pages.ApplicationFormsPage - Successfully selected the value: 'Skyrius 1'
2025-03-12 12:07:17 [main] ERROR l.i.uztis.pages.ApplicationFormsPage - Failed to close the dropdown with aria-expanded = 'false'.
2025-03-12 12:07:17 [main] DEBUG l.i.u.tests.ApplicationFormsPageTest - Selected a value from the 'Section' dropdown: 'Skyrius 1'
2025-03-12 12:07:17 [main] DEBUG l.i.u.tests.ApplicationFormsPageTest - Selected 'Budget by Municipality' option.
2025-03-12 12:07:17 [main] DEBUG l.i.u.tests.ApplicationFormsPageTest - Selected 'Financed Without Queue' option.
2025-03-12 12:07:17 [main] DEBUG l.i.u.tests.ApplicationFormsPageTest - Clicked 'Add' button.
2025-03-12 12:07:17 [main] INFO  l.i.uztis.pages.ApplicationFormsPage - Located the dropdown button.
2025-03-12 12:07:18 [main] INFO  l.i.uztis.pages.ApplicationFormsPage - Successfully selected the value: 'VUI paraiškos vertinimo forma - I etapas'
2025-03-12 12:09:10 [main] INFO  lt.insoft.uztis.tests.UztisPageTest - Navigated to https://uztisdev.asseco.lt/home
2025-03-12 12:09:10 [main] INFO  l.i.u.tests.ApplicationFormsPageTest - Setup complete. ApplicationFormsPage initialized.
2025-03-12 12:09:10 [main] INFO  l.i.u.tests.ApplicationFormsPageTest - Starting test:'testCreateNewVuiApplication'
2025-03-12 12:09:10 [main] DEBUG l.i.u.tests.ApplicationFormsPageTest - User logged in with test credentials
2025-03-12 12:09:10 [main] DEBUG l.i.u.tests.ApplicationFormsPageTest - Opened 'Application Processing' menu.
2025-03-12 12:09:10 [main] DEBUG l.i.u.tests.ApplicationFormsPageTest - Clicked on 'Application Forms' menu.
2025-03-12 12:09:11 [main] DEBUG l.i.u.tests.ApplicationFormsPageTest - Clicked to create a new application form.
2025-03-12 12:09:11 [main] DEBUG l.i.u.tests.ApplicationFormsPageTest - Entered random application code: TST-VUI-84
2025-03-12 12:09:11 [main] DEBUG l.i.u.tests.ApplicationFormsPageTest - Selected 'Section' radio button.
2025-03-12 12:09:11 [main] INFO  l.i.uztis.pages.ApplicationFormsPage - Located the dropdown button.
2025-03-12 12:09:11 [main] INFO  l.i.uztis.pages.ApplicationFormsPage - Successfully selected the value: 'Skyrius 1'
2025-03-12 12:09:22 [main] ERROR l.i.uztis.pages.ApplicationFormsPage - Failed to close the dropdown with aria-expanded = 'false'.
2025-03-12 12:09:22 [main] DEBUG l.i.u.tests.ApplicationFormsPageTest - Selected a value from the 'Section' dropdown: 'Skyrius 1'
2025-03-12 12:09:22 [main] DEBUG l.i.u.tests.ApplicationFormsPageTest - Selected 'Budget by Municipality' option.
2025-03-12 12:09:22 [main] DEBUG l.i.u.tests.ApplicationFormsPageTest - Selected 'Financed Without Queue' option.
2025-03-12 12:09:22 [main] DEBUG l.i.u.tests.ApplicationFormsPageTest - Clicked 'Add' button.
2025-03-12 12:09:22 [main] INFO  l.i.uztis.pages.ApplicationFormsPage - Located the dropdown button.
2025-03-12 12:09:23 [main] INFO  l.i.uztis.pages.ApplicationFormsPage - Successfully selected the value: 'VUI paraiškos vertinimo forma - I etapas'
2025-03-12 12:09:33 [main] ERROR l.i.uztis.pages.ApplicationFormsPage - Failed to close the dropdown with aria-expanded = 'false'.
2025-03-12 12:09:33 [main] DEBUG l.i.u.tests.ApplicationFormsPageTest - Selected a value from the 'EvaluationOne' dropdown: 'VUI paraiškos vertinimo forma - I etapas'
2025-03-12 12:09:33 [main] INFO  l.i.uztis.pages.ApplicationFormsPage - Located the dropdown button.
2025-03-12 12:09:34 [main] INFO  l.i.uztis.pages.ApplicationFormsPage - Successfully selected the value: 'VUI paraiškos vertinimo forma - II etapas'
2025-03-12 12:09:44 [main] ERROR l.i.uztis.pages.ApplicationFormsPage - Failed to close the dropdown with aria-expanded = 'false'.
2025-03-12 12:09:44 [main] DEBUG l.i.u.tests.ApplicationFormsPageTest - Selected a value from the 'EvaluationTwon' dropdown: 'VUI paraiškos vertinimo forma - II etapas'
2025-03-12 12:09:44 [main] INFO  l.i.uztis.pages.ApplicationFormsPage - Located the dropdown button.
2025-03-12 12:09:44 [main] INFO  l.i.uztis.pages.ApplicationFormsPage - Successfully selected the value: 'VUI paraiškos vertinimo forma - III etapas'
2025-03-12 12:09:55 [main] ERROR l.i.uztis.pages.ApplicationFormsPage - Failed to close the dropdown with aria-expanded = 'false'.
2025-03-12 12:09:55 [main] DEBUG l.i.u.tests.ApplicationFormsPageTest - Selected a value from the 'EvaluationThree' dropdown: 'VUI paraiškos vertinimo forma - III etapas'
2025-03-12 12:09:55 [main] DEBUG l.i.u.tests.ApplicationFormsPageTest - Clicked 'Plus' button.
2025-03-12 12:09:55 [main] DEBUG l.i.u.tests.ApplicationFormsPageTest - Clicked 'Add' button seven times.
2025-03-12 12:09:55 [main] INFO  l.i.uztis.pages.ApplicationFormsPage - Processing dropdown index: 0
2025-03-12 12:10:07 [main] ERROR l.i.uztis.pages.ApplicationFormsPage - Timeout while waiting for dropdown to close at index: 0 with aria-expanded = 'false'
2025-03-12 12:10:07 [main] INFO  l.i.uztis.pages.ApplicationFormsPage - Processing dropdown index: 1
2025-03-12 12:10:18 [main] ERROR l.i.uztis.pages.ApplicationFormsPage - Timeout while waiting for dropdown to close at index: 1 with aria-expanded = 'false'
2025-03-12 12:10:18 [main] INFO  l.i.uztis.pages.ApplicationFormsPage - Processing dropdown index: 2
2025-03-12 12:10:29 [main] ERROR l.i.uztis.pages.ApplicationFormsPage - Timeout while waiting for dropdown to close at index: 2 with aria-expanded = 'false'
2025-03-12 12:10:29 [main] INFO  l.i.uztis.pages.ApplicationFormsPage - Processing dropdown index: 3
2025-03-12 12:10:39 [main] ERROR l.i.uztis.pages.ApplicationFormsPage - Timeout while waiting for dropdown to close at index: 3 with aria-expanded = 'false'
2025-03-12 12:10:39 [main] INFO  l.i.uztis.pages.ApplicationFormsPage - Processing dropdown index: 4
2025-03-12 12:10:50 [main] ERROR l.i.uztis.pages.ApplicationFormsPage - Timeout while waiting for dropdown to close at index: 4 with aria-expanded = 'false'
2025-03-12 12:10:50 [main] INFO  l.i.uztis.pages.ApplicationFormsPage - Processing dropdown index: 5
2025-03-12 12:11:01 [main] ERROR l.i.uztis.pages.ApplicationFormsPage - Timeout while waiting for dropdown to close at index: 5 with aria-expanded = 'false'
2025-03-12 12:11:01 [main] INFO  l.i.uztis.pages.ApplicationFormsPage - Processing dropdown index: 6
2025-03-12 12:11:12 [main] ERROR l.i.uztis.pages.ApplicationFormsPage - Timeout while waiting for dropdown to close at index: 6 with aria-expanded = 'false'
2025-03-12 12:11:12 [main] INFO  l.i.uztis.pages.ApplicationFormsPage - Processing dropdown index: 7
2025-03-12 12:11:23 [main] ERROR l.i.uztis.pages.ApplicationFormsPage - Timeout while waiting for dropdown to close at index: 7 with aria-expanded = 'false'
2025-03-12 12:11:23 [main] INFO  l.i.uztis.pages.ApplicationFormsPage - Processing input field index: 0
2025-03-12 12:11:23 [main] INFO  l.i.uztis.pages.ApplicationFormsPage - Entered value '50' into field index: 0
2025-03-12 12:11:23 [main] INFO  l.i.uztis.pages.ApplicationFormsPage - Processing input field index: 1
2025-03-12 12:11:23 [main] INFO  l.i.uztis.pages.ApplicationFormsPage - Entered value '924' into field index: 1
2025-03-12 12:11:23 [main] INFO  l.i.uztis.pages.ApplicationFormsPage - Processing input field index: 2
2025-03-12 12:11:23 [main] INFO  l.i.uztis.pages.ApplicationFormsPage - Entered value '31' into field index: 2
2025-03-12 12:11:23 [main] INFO  l.i.uztis.pages.ApplicationFormsPage - Processing input field index: 3
2025-03-12 12:11:24 [main] INFO  l.i.uztis.pages.ApplicationFormsPage - Entered value '4.7' into field index: 3
2025-03-12 12:11:24 [main] INFO  l.i.uztis.pages.ApplicationFormsPage - Processing input field index: 4
2025-03-12 12:11:24 [main] INFO  l.i.uztis.pages.ApplicationFormsPage - Entered value '35' into field index: 4
2025-03-12 12:11:24 [main] INFO  l.i.uztis.pages.ApplicationFormsPage - Processing input field index: 5
2025-03-12 12:11:24 [main] INFO  l.i.uztis.pages.ApplicationFormsPage - Entered value '20' into field index: 5
2025-03-12 12:11:24 [main] INFO  l.i.uztis.pages.ApplicationFormsPage - Processing input field index: 6
2025-03-12 12:11:24 [main] INFO  l.i.uztis.pages.ApplicationFormsPage - Entered value '30' into field index: 6
2025-03-12 12:11:24 [main] INFO  l.i.uztis.pages.ApplicationFormsPage - Processing input field index: 7
2025-03-12 12:11:24 [main] INFO  l.i.uztis.pages.ApplicationFormsPage - Entered value '60' into field index: 7
2025-03-12 12:11:24 [main] DEBUG l.i.u.tests.ApplicationFormsPageTest - Entered additional values and text.
2025-03-12 12:11:24 [main] DEBUG l.i.u.tests.ApplicationFormsPageTest - Entered application name: VUI paraiška
2025-03-12 12:11:24 [main] DEBUG l.i.u.tests.ApplicationFormsPageTest - Clicked the 'Save' button.
2025-03-12 12:11:25 [main] DEBUG l.i.uztis.pages.ApplicationFormsPage - Verified success message: 'Duomenys sėkmingai išsaugoti.'
2025-03-12 12:11:25 [main] INFO  l.i.u.tests.ApplicationFormsPageTest - Verified success message
2025-03-12 12:11:25 [main] INFO  l.i.u.tests.ApplicationFormsPageTest - Verified that the 'Save Form' button is displayed.
2025-03-12 12:11:25 [main] INFO  l.i.u.tests.ApplicationFormsPageTest - Test 'testCreateNewVuiApplication' completed successfully.
2025-03-12 12:11:43 [main] INFO  lt.insoft.uztis.tests.UztisPageTest - Navigated to https://uztisdev.asseco.lt/home
2025-03-12 12:11:43 [main] INFO  l.i.u.tests.ApplicationFormsPageTest - Setup complete. ApplicationFormsPage initialized.
2025-03-12 12:11:43 [main] INFO  l.i.u.tests.ApplicationFormsPageTest - Starting test:'testEditAndSaveVuiApplication'
2025-03-12 12:11:44 [main] DEBUG l.i.u.tests.ApplicationFormsPageTest - User logged in with test credentials
2025-03-12 12:11:44 [main] DEBUG l.i.u.tests.ApplicationFormsPageTest - Opened 'Application Processing' menu.
2025-03-12 12:11:44 [main] DEBUG l.i.u.tests.ApplicationFormsPageTest - Clicked on 'Application Forms' menu.
2025-03-12 12:11:45 [main] DEBUG l.i.u.tests.ApplicationFormsPageTest - Selected the last application description.
2025-03-12 12:11:45 [main] DEBUG l.i.u.tests.ApplicationFormsPageTest - Clicked the 'Edit' button.
2025-03-12 12:11:45 [main] DEBUG l.i.u.tests.ApplicationFormsPageTest - Selected 'Municipality' radio button.
2025-03-12 12:11:45 [main] INFO  l.i.uztis.pages.ApplicationFormsPage - Located the dropdown button.
2025-03-12 12:11:46 [main] INFO  l.i.uztis.pages.ApplicationFormsPage - Successfully selected the value: 'Kauno departamentas'
2025-03-12 12:11:56 [main] ERROR l.i.uztis.pages.ApplicationFormsPage - Failed to close the dropdown with aria-expanded = 'false'.
2025-03-12 12:11:56 [main] DEBUG l.i.u.tests.ApplicationFormsPageTest - Selected a value from the 'Municipality' dropdown: 'Kauno departamentas'
2025-03-12 12:11:56 [main] DEBUG l.i.u.tests.ApplicationFormsPageTest - Selected 'Budget By Country' radio button.
2025-03-12 12:11:57 [main] DEBUG l.i.u.tests.ApplicationFormsPageTest - Selected 'Financed By Queue' radio button.
2025-03-12 12:11:57 [main] DEBUG l.i.u.tests.ApplicationFormsPageTest - Entered new application name: _paredaguota
2025-03-12 12:11:57 [main] DEBUG l.i.u.tests.ApplicationFormsPageTest - Clicked the 'Save' button.
2025-03-12 12:11:57 [main] DEBUG l.i.uztis.pages.ApplicationFormsPage - Verified success message: 'Duomenys sėkmingai išsaugoti.'
2025-03-12 12:11:57 [main] INFO  l.i.u.tests.ApplicationFormsPageTest - Verified success message
2025-03-12 12:11:57 [main] INFO  l.i.u.tests.ApplicationFormsPageTest - Test 'testEditAndSaveVuiApplication' completed successfully.
2025-03-12 12:13:34 [main] INFO  lt.insoft.uztis.tests.UztisPageTest - Navigated to https://uztisdev.asseco.lt/home
2025-03-12 12:13:34 [main] INFO  l.i.uztis.tests.InvitationsPageTest - Starting test:'testCreateNewVuiInvitationDraft'
2025-03-12 12:13:34 [main] DEBUG l.i.uztis.tests.InvitationsPageTest - User logged in with test credentials
2025-03-12 12:13:35 [main] DEBUG l.i.uztis.tests.InvitationsPageTest - Opened 'Application Processing' menu.
2025-03-12 12:13:35 [main] DEBUG l.i.uztis.tests.InvitationsPageTest - Clicked on 'Application Forms' menu.
2025-03-12 12:13:35 [main] DEBUG l.i.uztis.tests.InvitationsPageTest - Navigating to application forms menu.
2025-03-12 12:13:35 [main] DEBUG l.i.uztis.tests.InvitationsPageTest - Retrieved last description code text: 'TST-VUI-84'.
2025-03-12 12:13:35 [main] DEBUG l.i.uztis.tests.InvitationsPageTest - Clicked on 'Invitation' menu.
2025-03-12 12:13:36 [main] DEBUG l.i.uztis.tests.InvitationsPageTest - Clicked 'Create New Application Form'.
2025-03-12 12:13:37 [main] DEBUG l.i.uztis.tests.InvitationsPageTest - Selected section by code: 'TST-VUI-84'.
2025-03-12 12:13:37 [main] INFO  l.insoft.uztis.pages.InvitationsPage - Located the dropdown button.
2025-03-12 12:13:48 [main] ERROR l.insoft.uztis.pages.InvitationsPage - Timeout while waiting for dropdown to close with aria-expanded = 'false'.
2025-03-12 12:13:48 [main] DEBUG l.i.uztis.tests.InvitationsPageTest - Selected invitation number from the list.
2025-03-12 12:13:49 [main] DEBUG l.i.uztis.tests.InvitationsPageTest - Entered current date.
2025-03-12 12:13:49 [main] DEBUG l.i.uztis.tests.InvitationsPageTest - Entered start time: 00:00.
2025-03-12 12:13:49 [main] DEBUG l.i.uztis.tests.InvitationsPageTest - Entered end date.
2025-03-12 12:13:50 [main] DEBUG l.i.uztis.tests.InvitationsPageTest - Entered end time: 11:11.
2025-03-12 12:13:50 [main] DEBUG l.i.uztis.tests.InvitationsPageTest - Draft saved.
2025-03-12 12:13:50 [main] DEBUG l.i.uztis.pages.ApplicationFormsPage - Verified success message: 'Duomenys sėkmingai išsaugoti.'
2025-03-12 12:13:50 [main] INFO  l.i.uztis.tests.InvitationsPageTest - Verified success message
2025-03-12 12:13:50 [main] INFO  l.i.uztis.tests.InvitationsPageTest - Test 'testCreateNewVuiInvitationDraft' completed successfully.
2025-03-12 12:14:00 [main] INFO  lt.insoft.uztis.tests.UztisPageTest - Navigated to https://uztisdev.asseco.lt/home
2025-03-12 12:14:00 [main] INFO  l.i.uztis.tests.InvitationsPageTest - Starting test:'testEditAndPublishVuiInvitationDraft'
2025-03-12 12:14:00 [main] DEBUG l.i.uztis.tests.InvitationsPageTest - User logged in with test credentials
2025-03-12 12:14:01 [main] DEBUG l.i.uztis.tests.InvitationsPageTest - Opened 'Application Processing' menu.
2025-03-12 12:14:01 [main] DEBUG l.i.uztis.tests.InvitationsPageTest - Clicked on 'Application Forms' menu.
2025-03-12 12:14:01 [main] DEBUG l.i.uztis.tests.InvitationsPageTest - Navigating to application forms menu.
2025-03-12 12:14:02 [main] DEBUG l.i.uztis.tests.InvitationsPageTest - Retrieved last description code text: 'TST-VUI-84'.
2025-03-12 12:14:02 [main] DEBUG l.i.uztis.tests.InvitationsPageTest - Clicked on 'Invitation' menu.
2025-03-12 12:14:03 [main] DEBUG l.i.uztis.tests.InvitationsPageTest - Selected section by code: 'TST-VUI-84'.
2025-03-12 12:14:03 [main] DEBUG l.i.uztis.tests.InvitationsPageTest - Clicked 'Search'.
2025-03-12 12:14:03 [main] DEBUG l.i.uztis.tests.InvitationsPageTest - Getting and inserting application code text.
2025-03-12 12:14:03 [main] DEBUG l.i.uztis.tests.InvitationsPageTest - Clicked 'InvitationDraft'.
2025-03-12 12:14:03 [main] DEBUG l.i.uztis.tests.InvitationsPageTest - Clicked 'Edit'.
2025-03-12 12:14:04 [main] DEBUG l.i.uztis.tests.InvitationsPageTest - Entered publication end date.
2025-03-12 12:14:04 [main] DEBUG l.i.uztis.tests.InvitationsPageTest - Added additional values.
2025-03-12 12:14:04 [main] INFO  l.insoft.uztis.pages.InvitationsPage - Located the dropdown button.
2025-03-12 12:14:05 [main] DEBUG l.i.uztis.tests.InvitationsPageTest - Selected the value: 'Didžiausia galima paramos suma aplinkos darbo vietai, Eur'
2025-03-12 12:14:05 [main] INFO  l.insoft.uztis.pages.InvitationsPage - Located the dropdown button.
2025-03-12 12:14:06 [main] DEBUG l.i.uztis.tests.InvitationsPageTest - Selected the value: 'Didžiausia galima paramos suma, Eur'
2025-03-12 12:14:06 [main] INFO  l.insoft.uztis.pages.InvitationsPage - Located the dropdown button.
2025-03-12 12:14:06 [main] DEBUG l.i.uztis.tests.InvitationsPageTest - Selected the value: 'Didžiausia galima paramos suma vienai darbo vietai, Eur'
2025-03-12 12:14:06 [main] DEBUG l.i.uztis.tests.InvitationsPageTest - Entered value: 11000
2025-03-12 12:14:07 [main] DEBUG l.i.uztis.tests.InvitationsPageTest - Entered value: 12000
2025-03-12 12:14:07 [main] DEBUG l.i.uztis.tests.InvitationsPageTest - Entered value: 13000
2025-03-12 12:14:07 [main] DEBUG l.i.uztis.tests.InvitationsPageTest - Checked 'Legal Entities' checkbox.
2025-03-12 12:14:07 [main] DEBUG l.i.uztis.tests.InvitationsPageTest - Unchecked 'Persons Registered with Employment Service' checkbox.
2025-03-12 12:14:07 [main] DEBUG l.i.uztis.tests.InvitationsPageTest - Checked 'Persons Registered as Employers' checkbox.
2025-03-12 12:14:07 [main] DEBUG l.i.uztis.tests.InvitationsPageTest - Entered second evaluation grade: '5'.
2025-03-12 12:14:07 [main] DEBUG l.i.uztis.tests.InvitationsPageTest - Entered third evaluation grade: '6'.
2025-03-12 12:14:08 [main] DEBUG l.i.uztis.tests.InvitationsPageTest - Entered second evaluation grade weight: '0,45'.
2025-03-12 12:14:08 [main] DEBUG l.i.uztis.tests.InvitationsPageTest - Entered third evaluation grade weight: '0,55'.
2025-03-12 12:14:08 [main] DEBUG l.i.uztis.tests.InvitationsPageTest - Entered budget: '2000'.
2025-03-12 12:14:08 [main] DEBUG l.i.uztis.tests.InvitationsPageTest - Entered description text: 'Aprašo tekstas'.
2025-03-12 12:14:08 [main] DEBUG l.i.uztis.tests.InvitationsPageTest - Entered applicants text: 'Pareiškėjų tekstas'.
2025-03-12 12:14:08 [main] DEBUG l.i.uztis.tests.InvitationsPageTest - Entered expenditures text: 'Išlaidų tekstas'.
2025-03-12 12:14:08 [main] DEBUG l.i.uztis.tests.InvitationsPageTest - Entered legislation text: 'Teisės aktų tekstas'.
2025-03-12 12:14:08 [main] DEBUG l.i.uztis.tests.InvitationsPageTest - Entered education text: 'Mokymų tekstas'.
2025-03-12 12:14:09 [main] DEBUG l.i.uztis.tests.InvitationsPageTest - File uploaded.
2025-03-12 12:14:09 [main] DEBUG l.i.uztis.tests.InvitationsPageTest - Clicked 'Publish'.
2025-03-12 12:14:09 [main] DEBUG l.i.uztis.tests.InvitationsPageTest - Publication confirmed.
2025-03-12 12:14:09 [main] DEBUG l.i.uztis.pages.ApplicationFormsPage - Verified success message: 'Funkcija sėkmingai atlikta.'
2025-03-12 12:14:09 [main] INFO  l.i.uztis.tests.InvitationsPageTest - Verified success message
2025-03-12 12:14:09 [main] INFO  l.i.uztis.tests.InvitationsPageTest - Test 'testEditAndPublishVuiInvitationDraft' completed successfully.
2025-03-12 12:14:35 [main] INFO  lt.insoft.uztis.tests.UztisPageTest - Navigated to https://uztisdev.asseco.lt/home
2025-03-12 12:14:35 [main] INFO  l.i.u.t.SubmittedApplicationsPageTest - Starting test:'testFillNewVUIPApplicationFA'
2025-03-12 12:14:36 [main] DEBUG l.i.u.t.SubmittedApplicationsPageTest - User logged in with test credentials.
2025-03-12 12:14:36 [main] DEBUG l.i.u.t.SubmittedApplicationsPageTest - Opened 'Application Processing' menu.
2025-03-12 12:14:36 [main] DEBUG l.i.u.t.SubmittedApplicationsPageTest - Clicked on 'Application Forms' menu.
2025-03-12 12:14:36 [main] DEBUG l.i.u.t.SubmittedApplicationsPageTest - Retrieved last description code text: 'TST-VUI-84'.
2025-03-12 12:14:37 [main] DEBUG l.i.u.t.SubmittedApplicationsPageTest - Clicked on 'Invitation' menu.
2025-03-12 12:14:38 [main] DEBUG l.i.u.t.SubmittedApplicationsPageTest - Selected application section by code: 'TST-VUI-84'.
2025-03-12 12:14:38 [main] DEBUG l.i.u.t.SubmittedApplicationsPageTest - Clicked 'Search' button.
2025-03-12 12:14:38 [main] DEBUG l.i.u.t.SubmittedApplicationsPageTest - Retrieved invitation code: ''.
2025-03-12 12:14:38 [main] DEBUG l.i.u.t.SubmittedApplicationsPageTest - Clicked on 'Submitted Applications' menu.
2025-03-12 12:14:39 [main] DEBUG l.i.u.t.SubmittedApplicationsPageTest - Selected invitation by code: 'TST-VUI-84'.
2025-03-12 12:14:39 [main] DEBUG l.i.u.t.SubmittedApplicationsPageTest - Invitation code inserted.
2025-03-12 12:14:39 [main] DEBUG l.i.u.t.SubmittedApplicationsPageTest - Clicked on 'Action Application' button.
2025-03-12 12:14:40 [main] DEBUG l.i.u.t.SubmittedApplicationsPageTest - Clicked on 'New Application' button.
2025-03-12 12:14:40 [main] DEBUG l.i.u.t.SubmittedApplicationsPageTest - Selected the 'RadioButtonFA' option.
2025-03-12 12:14:40 [main] DEBUG l.i.u.t.SubmittedApplicationsPageTest - Entered phone number: '61298745'.
2025-03-12 12:14:40 [main] DEBUG l.i.u.t.SubmittedApplicationsPageTest - Entered email: 'test@autotest.com'.
2025-03-12 12:14:40 [main] INFO  l.i.u.p.SubmittedApplicationsPage - Clicking on the dropdown button.
2025-03-12 12:14:57 [main] INFO  l.i.u.p.SubmittedApplicationsPage - Found 1741 options in the dropdown.
2025-03-12 12:14:57 [main] DEBUG l.i.u.p.SubmittedApplicationsPage - Checking option: ''
2025-03-12 12:14:57 [main] DEBUG l.i.u.p.SubmittedApplicationsPage - Checking option: '01.11 - Grūdinių (išskyrus ryžius), ankštinių ir aliejingų sėklų augalų auginimas'
2025-03-12 12:14:57 [main] INFO  l.i.u.p.SubmittedApplicationsPage - Successfully selected the value: '01.11 - Grūdinių (išskyrus ryžius), ankštinių ir aliejingų sėklų augalų auginimas'
2025-03-12 12:14:57 [main] INFO  l.i.u.p.SubmittedApplicationsPage - Attempting to close the dropdown.
2025-03-12 12:14:58 [main] DEBUG l.i.u.t.SubmittedApplicationsPageTest - Selected EVRK value: '01.11 - Grūdinių (išskyrus ryžius), ankštinių ir aliejingų sėklų augalų auginimas'.
2025-03-12 12:14:58 [main] DEBUG l.i.u.t.SubmittedApplicationsPageTest - Clicked on 'Address Component' button.
2025-03-12 12:14:58 [main] INFO  l.i.u.p.SubmittedApplicationsPage - Located the dropdown button.
2025-03-12 12:15:01 [main] INFO  l.i.u.p.SubmittedApplicationsPage - Successfully selected the value: 'Lietuva'
2025-03-12 12:15:01 [main] DEBUG l.i.u.t.SubmittedApplicationsPageTest - Selected country: 'Lietuva'.
2025-03-12 12:15:01 [main] INFO  l.i.u.p.SubmittedApplicationsPage - Located the dropdown search field.
2025-03-12 12:15:01 [main] INFO  l.i.u.p.SubmittedApplicationsPage - Dropdown city is opened.
2025-03-12 12:15:02 [main] INFO  l.i.u.p.SubmittedApplicationsPage - Searched for value: 'Vilnius'
2025-03-12 12:15:02 [main] INFO  l.i.u.p.SubmittedApplicationsPage - Successfully selected: 'Vilnius'
2025-03-12 12:15:02 [main] INFO  l.i.u.p.SubmittedApplicationsPage - Located the dropdown button.
2025-03-12 12:15:03 [main] INFO  l.i.u.p.SubmittedApplicationsPage - Successfully selected the value: 'A. Domaševičiaus g.'
2025-03-12 12:15:03 [main] DEBUG l.i.u.t.SubmittedApplicationsPageTest - Selected street: 'A. Domaševičiaus g.'.
2025-03-12 12:15:03 [main] INFO  l.i.u.p.SubmittedApplicationsPage - Located the dropdown button.
2025-03-12 12:15:04 [main] INFO  l.i.u.p.SubmittedApplicationsPage - Successfully selected the value: '1'
2025-03-12 12:15:04 [main] DEBUG l.i.u.t.SubmittedApplicationsPageTest - Selected house: '1'.
2025-03-12 12:15:04 [main] INFO  l.i.u.p.SubmittedApplicationsPage - Located the dropdown button.
2025-03-12 12:15:04 [main] INFO  l.i.u.p.SubmittedApplicationsPage - Successfully selected the value: '1'
2025-03-12 12:15:04 [main] DEBUG l.i.u.t.SubmittedApplicationsPageTest - Selected apartment: '1'.
2025-03-12 12:15:04 [main] DEBUG l.i.u.t.SubmittedApplicationsPageTest - Clicked 'Confirm' button.
2025-03-12 12:15:04 [main] DEBUG l.i.u.t.SubmittedApplicationsPageTest - Entered project date.
2025-03-12 12:15:04 [main] DEBUG l.i.u.t.SubmittedApplicationsPageTest - Entered job count: '1'.
2025-03-12 12:15:05 [main] DEBUG l.i.u.t.SubmittedApplicationsPageTest - Clicked 'Next' button.
2025-03-12 12:15:05 [main] INFO  l.i.u.p.SubmittedApplicationsPage - Located the dropdown button.
2025-03-12 12:15:06 [main] INFO  l.i.u.p.SubmittedApplicationsPage - Successfully selected the value: 'Administratoriai'
2025-03-12 12:15:06 [main] DEBUG l.i.u.t.SubmittedApplicationsPageTest - Selected job name: 'Administratoriai'.
2025-03-12 12:15:06 [main] DEBUG l.i.u.t.SubmittedApplicationsPageTest - Entered job function: 'Funkcija 1'.
2025-03-12 12:15:06 [main] DEBUG l.i.u.t.SubmittedApplicationsPageTest - Selected 'RadioButtonWithDisabilities' option.
2025-03-12 12:15:06 [main] INFO  l.i.u.p.SubmittedApplicationsPage - Clicking on the dropdown button.
2025-03-12 12:15:07 [main] INFO  l.i.u.p.SubmittedApplicationsPage - Found 34 options in the dropdown.
2025-03-12 12:15:07 [main] DEBUG l.i.u.p.SubmittedApplicationsPage - Checking option: 'Asmenys, kuriems suteiktas pabėgėlio statusas ar perkeliamojo asmens statusas, arba asmenys, kuriems suteikta papildoma ar laikinoji apsauga, ir asmenys, turintys teisę gauti laikinąją apsaugą, iki sprendimo dėl laikinosios apsaugos suteikimo (nesuteikimo) priėmimo, tačiau ne ilgiau kaip laikinosios apsaugos laikotarpiu'
2025-03-12 12:15:07 [main] DEBUG l.i.u.p.SubmittedApplicationsPage - Checking option: 'Asmenys, kuriems suteiktas pabėgėlio statusas ar perkeliamojo asmens statusas, arba asmenys, kuriems suteikta papildoma ar laikinoji apsauga, ir asmenys, turintys teisę gauti laikinąją apsaugą, iki sprendimo dėl laikinosios apsaugos suteikimo (nesuteikimo) priėmimo, tačiau ne ilgiau kaip laikinosios apsaugos laikotarpiu'
2025-03-12 12:15:07 [main] DEBUG l.i.u.p.SubmittedApplicationsPage - Checking option: 'Asmenys, turintys teisę į papildomas užimtumo garantijas pagal Lietuvos Respublikos valstybės įmonės Ignalinos atominės elektrinės darbuotojų papildomų užimtumo ir socialinių garantijų įstatymą'
2025-03-12 12:15:07 [main] DEBUG l.i.u.p.SubmittedApplicationsPage - Checking option: 'Asmenys, turintys teisę į papildomas užimtumo garantijas pagal Lietuvos Respublikos valstybės įmonės Ignalinos atominės elektrinės darbuotojų papildomų užimtumo ir socialinių garantijų įstatymą'
2025-03-12 12:15:07 [main] DEBUG l.i.u.p.SubmittedApplicationsPage - Checking option: 'Bedarbiai iki 29 metų'
2025-03-12 12:15:07 [main] DEBUG l.i.u.p.SubmittedApplicationsPage - Checking option: 'Bedarbiai iki 29 metų'
2025-03-12 12:15:07 [main] DEBUG l.i.u.p.SubmittedApplicationsPage - Checking option: 'Bedarbiai, kurie yra darbingo amžiaus neįgalieji, kuriems nustatytas 30–40 procentų darbingumo lygis arba vidutinis neįgalumo lygis'
2025-03-12 12:15:07 [main] DEBUG l.i.u.p.SubmittedApplicationsPage - Checking option: 'Bedarbiai, kurie yra darbingo amžiaus neįgalieji, kuriems nustatytas 30–40 procentų darbingumo lygis arba vidutinis neįgalumo lygis'
2025-03-12 12:15:07 [main] DEBUG l.i.u.p.SubmittedApplicationsPage - Checking option: 'Bedarbiai, kurie yra darbingo amžiaus neįgalieji, kuriems nustatytas 45–55 procentų darbingumo lygis arba lengvas neįgalumo lygis'
2025-03-12 12:15:07 [main] DEBUG l.i.u.p.SubmittedApplicationsPage - Checking option: 'Bedarbiai, kurie yra darbingo amžiaus neįgalieji, kuriems nustatytas 45–55 procentų darbingumo lygis arba lengvas neįgalumo lygis'
2025-03-12 12:15:07 [main] DEBUG l.i.u.p.SubmittedApplicationsPage - Checking option: 'Bedarbiai, kurie yra darbingo amžiaus neįgalieji, kuriems nustatytas iki 25 procentų darbingumo lygis arba sunkus neįgalumo lygis'
2025-03-12 12:15:07 [main] INFO  l.i.u.p.SubmittedApplicationsPage - Successfully selected the value: 'Bedarbiai, kurie yra darbingo amžiaus neįgalieji, kuriems nustatytas iki 25 procentų darbingumo lygis arba sunkus neįgalumo lygis'
2025-03-12 12:15:07 [main] INFO  l.i.u.p.SubmittedApplicationsPage - Attempting to close the dropdown.
2025-03-12 12:15:08 [main] DEBUG l.i.u.t.SubmittedApplicationsPageTest - Selected disabilities type: 'Bedarbiai, kurie yra darbingo amžiaus neįgalieji, kuriems nustatytas iki 25 procentų darbingumo lygis arba sunkus neįgalumo lygis'.
2025-03-12 12:15:08 [main] DEBUG l.i.u.t.SubmittedApplicationsPageTest - Entered disability information: 'Negalia 1'.
2025-03-12 12:15:08 [main] INFO  l.i.u.p.SubmittedApplicationsPage - Located the dropdown button.
2025-03-12 12:15:08 [main] INFO  l.i.u.p.SubmittedApplicationsPage - Successfully selected the value: 'Kita'
2025-03-12 12:15:08 [main] DEBUG l.i.u.t.SubmittedApplicationsPageTest - Selected time mode: 'Kita'.
2025-03-12 12:15:08 [main] DEBUG l.i.u.t.SubmittedApplicationsPageTest - Selected time mode other: '6 val. per dieną ir 4 d. per savaitę'.
2025-03-12 12:15:09 [main] DEBUG l.i.u.t.SubmittedApplicationsPageTest - Entered qualification: 'Kvalifikacija 1'.
2025-03-12 12:15:09 [main] DEBUG l.i.u.t.SubmittedApplicationsPageTest - Entered job date.
2025-03-12 12:15:09 [main] DEBUG l.i.u.t.SubmittedApplicationsPageTest - Entered salary amount: '1200'.
2025-03-12 12:15:09 [main] DEBUG l.i.u.t.SubmittedApplicationsPageTest - Selected 'Temporary Job' radio button.
2025-03-12 12:15:09 [main] DEBUG l.i.u.t.SubmittedApplicationsPageTest - Selected 'Season Job' radio button.
2025-03-12 12:15:10 [main] DEBUG l.i.u.t.SubmittedApplicationsPageTest - Selected 'Energy' radio button.
2025-03-12 12:15:10 [main] DEBUG l.i.u.t.SubmittedApplicationsPageTest - Selected 'Repair' radio button.
2025-03-12 12:15:10 [main] DEBUG l.i.u.t.SubmittedApplicationsPageTest - Entered job description: 'Veikla 1'.
2025-03-12 12:15:10 [main] DEBUG l.i.u.t.SubmittedApplicationsPageTest - Entered process description: 'Procesas 1'.
2025-03-12 12:15:10 [main] DEBUG l.i.u.t.SubmittedApplicationsPageTest - Entered energy information: 'Energija 1'.
2025-03-12 12:15:11 [main] DEBUG l.i.u.t.SubmittedApplicationsPageTest - Entered repair information: 'Remontas 1'.
2025-03-12 12:15:11 [main] DEBUG l.i.u.t.SubmittedApplicationsPageTest - Selected 'PVM' radio button.
2025-03-12 12:15:11 [main] INFO  l.i.u.p.SubmittedApplicationsPage - Located the dropdown button.
2025-03-12 12:15:11 [main] INFO  l.i.u.p.SubmittedApplicationsPage - Successfully selected the value: 'Įsigyti'
2025-03-12 12:15:11 [main] DEBUG l.i.u.t.SubmittedApplicationsPageTest - Selected necessary for job: 'Įsigyti'.
2025-03-12 12:15:12 [main] DEBUG l.i.u.t.SubmittedApplicationsPageTest - Selected tool: 'Darbo priemonė 1'.
2025-03-12 12:15:12 [main] DEBUG l.i.u.t.SubmittedApplicationsPageTest - Selected tool parameter one: 'Darbo priemonės 1 parametras 1'.
2025-03-12 12:15:12 [main] DEBUG l.i.u.t.SubmittedApplicationsPageTest - Selected tool parameter two: 'Darbo priemonės 1 parametras 2'.
2025-03-12 12:15:12 [main] DEBUG l.i.u.t.SubmittedApplicationsPageTest - Selected tool parameter three: 'Darbo priemonės 1 parametras 3'.
2025-03-12 12:15:12 [main] DEBUG l.i.u.t.SubmittedApplicationsPageTest - Entered tool count: '1'.
2025-03-12 12:15:13 [main] DEBUG l.i.u.t.SubmittedApplicationsPageTest - Entered price amount 1: '1000'.
2025-03-12 12:15:13 [main] DEBUG l.i.u.t.SubmittedApplicationsPageTest - Entered own funds amount 1: '800'.
2025-03-12 12:15:13 [main] DEBUG l.i.u.t.SubmittedApplicationsPageTest - Clicked 'Add' button.
2025-03-12 12:15:13 [main] INFO  l.i.u.p.SubmittedApplicationsPage - Located the dropdown button.
2025-03-12 12:15:13 [main] INFO  l.i.u.p.SubmittedApplicationsPage - Successfully selected the value: 'Remontuoti'
2025-03-12 12:15:13 [main] DEBUG l.i.u.t.SubmittedApplicationsPageTest - Selected necessary for job 'to repair': 'Remontuoti'.
2025-03-12 12:15:14 [main] DEBUG l.i.u.t.SubmittedApplicationsPageTest - Selected repair name: 'Remonto pavadinimas 1'.
2025-03-12 12:15:14 [main] DEBUG l.i.u.t.SubmittedApplicationsPageTest - Entered repair information: 'Remonto aprašymas 1'.
2025-03-12 12:15:14 [main] DEBUG l.i.u.t.SubmittedApplicationsPageTest - Entered price amount 2: '1000'.
2025-03-12 12:15:14 [main] DEBUG l.i.u.t.SubmittedApplicationsPageTest - Entered own funds amount 2: '900'.
2025-03-12 12:15:15 [main] DEBUG l.i.u.t.SubmittedApplicationsPageTest - Entered country percentage: '50'.
2025-03-12 12:15:15 [main] DEBUG l.i.u.t.SubmittedApplicationsPageTest - Entered institution percentage: '50'.
2025-03-12 12:15:15 [main] DEBUG l.i.u.t.SubmittedApplicationsPageTest - Entered municipality percentage: '50'.
2025-03-12 12:15:15 [main] DEBUG l.i.u.t.SubmittedApplicationsPageTest - Selected 'De Minimis' radio button.
2025-03-12 12:15:15 [main] DEBUG l.i.u.t.SubmittedApplicationsPageTest - Entered program name: 'Programa 1'.
2025-03-12 12:15:16 [main] DEBUG l.i.u.t.SubmittedApplicationsPageTest - Entered project date from.
2025-03-12 12:15:16 [main] DEBUG l.i.u.t.SubmittedApplicationsPageTest - Entered project date until.
2025-03-12 12:15:16 [main] DEBUG l.i.u.t.SubmittedApplicationsPageTest - Entered support amount: '2000'.
2025-03-12 12:15:16 [main] DEBUG l.i.u.t.SubmittedApplicationsPageTest - Clicked 'Next' button.
2025-03-12 12:15:27 [main] DEBUG l.i.u.t.SubmittedApplicationsPageTest - Checked 'Legal Entities' checkbox 1.
2025-03-12 12:15:37 [main] DEBUG l.i.u.t.SubmittedApplicationsPageTest - Checked 'Legal Entities' checkbox 2.
2025-03-12 12:15:47 [main] DEBUG l.i.u.t.SubmittedApplicationsPageTest - Checked 'Legal Entities' checkbox 3.
2025-03-12 12:15:47 [main] DEBUG l.i.u.t.SubmittedApplicationsPageTest - Test finished: All 'Legal Entities' checkboxes checked successfully.
2025-03-12 12:15:47 [main] DEBUG l.i.u.t.SubmittedApplicationsPageTest - Clicked 'Next' button after checkboxes.
2025-03-12 12:15:57 [main] ERROR l.i.u.p.SubmittedApplicationsPage - Error selecting radio button: Expected condition failed: waiting for element to be clickable: By.xpath: (//input[@type='radio' and @value='false'])[8] (tried for 10 second(s) with 500 milliseconds interval)
Build info: version: '4.27.0', revision: 'd6e718d134'
System info: os.name: 'Windows 11', os.arch: 'amd64', os.version: '10.0', java.version: '21.0.3'
Driver info: org.openqa.selenium.chrome.ChromeDriver
Capabilities {acceptInsecureCerts: false, browserName: chrome, browserVersion: 134.0.6998.88, chrome: {chromedriverVersion: 134.0.6998.88 (7e3d5c978c6d..., userDataDir: C:\Users\INGRID~1.ZAD\AppDa...}, fedcm:accounts: true, goog:chromeOptions: {debuggerAddress: localhost:62159}, networkConnectionEnabled: false, pageLoadStrategy: normal, platformName: windows, proxy: Proxy(), se:cdp: ws://localhost:62159/devtoo..., se:cdpVersion: 134.0.6998.88, setWindowRect: true, strictFileInteractability: false, timeouts: {implicit: 0, pageLoad: 300000, script: 30000}, unhandledPromptBehavior: dismiss and notify, webauthn:extension:credBlob: true, webauthn:extension:largeBlob: true, webauthn:extension:minPinLength: true, webauthn:extension:prf: true, webauthn:virtualAuthenticators: true}
Session ID: 592a83bf6cf9615fae3cafb23b8465ed
2025-03-12 12:15:57 [main] INFO  l.i.u.t.SubmittedApplicationsPageTest - Marking 'Ne' radio button 1
2025-03-12 12:16:07 [main] ERROR l.i.u.p.SubmittedApplicationsPage - Error selecting radio button: Expected condition failed: waiting for element to be clickable: By.xpath: (//input[@type='radio' and @value='false'])[9] (tried for 10 second(s) with 500 milliseconds interval)
Build info: version: '4.27.0', revision: 'd6e718d134'
System info: os.name: 'Windows 11', os.arch: 'amd64', os.version: '10.0', java.version: '21.0.3'
Driver info: org.openqa.selenium.chrome.ChromeDriver
Capabilities {acceptInsecureCerts: false, browserName: chrome, browserVersion: 134.0.6998.88, chrome: {chromedriverVersion: 134.0.6998.88 (7e3d5c978c6d..., userDataDir: C:\Users\INGRID~1.ZAD\AppDa...}, fedcm:accounts: true, goog:chromeOptions: {debuggerAddress: localhost:62159}, networkConnectionEnabled: false, pageLoadStrategy: normal, platformName: windows, proxy: Proxy(), se:cdp: ws://localhost:62159/devtoo..., se:cdpVersion: 134.0.6998.88, setWindowRect: true, strictFileInteractability: false, timeouts: {implicit: 0, pageLoad: 300000, script: 30000}, unhandledPromptBehavior: dismiss and notify, webauthn:extension:credBlob: true, webauthn:extension:largeBlob: true, webauthn:extension:minPinLength: true, webauthn:extension:prf: true, webauthn:virtualAuthenticators: true}
Session ID: 592a83bf6cf9615fae3cafb23b8465ed
2025-03-12 12:16:07 [main] INFO  l.i.u.t.SubmittedApplicationsPageTest - Marking 'Ne' radio button 2
2025-03-12 12:16:18 [main] ERROR l.i.u.p.SubmittedApplicationsPage - Error selecting radio button: Expected condition failed: waiting for element to be clickable: By.xpath: (//input[@type='radio' and @value='false'])[10] (tried for 10 second(s) with 500 milliseconds interval)
Build info: version: '4.27.0', revision: 'd6e718d134'
System info: os.name: 'Windows 11', os.arch: 'amd64', os.version: '10.0', java.version: '21.0.3'
Driver info: org.openqa.selenium.chrome.ChromeDriver
Capabilities {acceptInsecureCerts: false, browserName: chrome, browserVersion: 134.0.6998.88, chrome: {chromedriverVersion: 134.0.6998.88 (7e3d5c978c6d..., userDataDir: C:\Users\INGRID~1.ZAD\AppDa...}, fedcm:accounts: true, goog:chromeOptions: {debuggerAddress: localhost:62159}, networkConnectionEnabled: false, pageLoadStrategy: normal, platformName: windows, proxy: Proxy(), se:cdp: ws://localhost:62159/devtoo..., se:cdpVersion: 134.0.6998.88, setWindowRect: true, strictFileInteractability: false, timeouts: {implicit: 0, pageLoad: 300000, script: 30000}, unhandledPromptBehavior: dismiss and notify, webauthn:extension:credBlob: true, webauthn:extension:largeBlob: true, webauthn:extension:minPinLength: true, webauthn:extension:prf: true, webauthn:virtualAuthenticators: true}
Session ID: 592a83bf6cf9615fae3cafb23b8465ed
2025-03-12 12:16:18 [main] INFO  l.i.u.t.SubmittedApplicationsPageTest - Marking 'Ne' radio button 3
2025-03-12 12:16:28 [main] ERROR l.i.u.p.SubmittedApplicationsPage - Error selecting radio button: Expected condition failed: waiting for element to be clickable: By.xpath: (//input[@type='radio' and @value='false'])[11] (tried for 10 second(s) with 500 milliseconds interval)
Build info: version: '4.27.0', revision: 'd6e718d134'
System info: os.name: 'Windows 11', os.arch: 'amd64', os.version: '10.0', java.version: '21.0.3'
Driver info: org.openqa.selenium.chrome.ChromeDriver
Capabilities {acceptInsecureCerts: false, browserName: chrome, browserVersion: 134.0.6998.88, chrome: {chromedriverVersion: 134.0.6998.88 (7e3d5c978c6d..., userDataDir: C:\Users\INGRID~1.ZAD\AppDa...}, fedcm:accounts: true, goog:chromeOptions: {debuggerAddress: localhost:62159}, networkConnectionEnabled: false, pageLoadStrategy: normal, platformName: windows, proxy: Proxy(), se:cdp: ws://localhost:62159/devtoo..., se:cdpVersion: 134.0.6998.88, setWindowRect: true, strictFileInteractability: false, timeouts: {implicit: 0, pageLoad: 300000, script: 30000}, unhandledPromptBehavior: dismiss and notify, webauthn:extension:credBlob: true, webauthn:extension:largeBlob: true, webauthn:extension:minPinLength: true, webauthn:extension:prf: true, webauthn:virtualAuthenticators: true}
Session ID: 592a83bf6cf9615fae3cafb23b8465ed
2025-03-12 12:16:28 [main] INFO  l.i.u.t.SubmittedApplicationsPageTest - Marking 'Ne' radio button 4
2025-03-12 12:16:38 [main] ERROR l.i.u.p.SubmittedApplicationsPage - Error selecting radio button: Expected condition failed: waiting for element to be clickable: By.xpath: (//input[@type='radio' and @value='false'])[12] (tried for 10 second(s) with 500 milliseconds interval)
Build info: version: '4.27.0', revision: 'd6e718d134'
System info: os.name: 'Windows 11', os.arch: 'amd64', os.version: '10.0', java.version: '21.0.3'
Driver info: org.openqa.selenium.chrome.ChromeDriver
Capabilities {acceptInsecureCerts: false, browserName: chrome, browserVersion: 134.0.6998.88, chrome: {chromedriverVersion: 134.0.6998.88 (7e3d5c978c6d..., userDataDir: C:\Users\INGRID~1.ZAD\AppDa...}, fedcm:accounts: true, goog:chromeOptions: {debuggerAddress: localhost:62159}, networkConnectionEnabled: false, pageLoadStrategy: normal, platformName: windows, proxy: Proxy(), se:cdp: ws://localhost:62159/devtoo..., se:cdpVersion: 134.0.6998.88, setWindowRect: true, strictFileInteractability: false, timeouts: {implicit: 0, pageLoad: 300000, script: 30000}, unhandledPromptBehavior: dismiss and notify, webauthn:extension:credBlob: true, webauthn:extension:largeBlob: true, webauthn:extension:minPinLength: true, webauthn:extension:prf: true, webauthn:virtualAuthenticators: true}
Session ID: 592a83bf6cf9615fae3cafb23b8465ed
2025-03-12 12:16:38 [main] INFO  l.i.u.t.SubmittedApplicationsPageTest - Marking 'Ne' radio button 5
2025-03-12 12:16:48 [main] ERROR l.i.u.p.SubmittedApplicationsPage - Error selecting radio button: Expected condition failed: waiting for element to be clickable: By.xpath: (//input[@type='radio' and @value='false'])[13] (tried for 10 second(s) with 500 milliseconds interval)
Build info: version: '4.27.0', revision: 'd6e718d134'
System info: os.name: 'Windows 11', os.arch: 'amd64', os.version: '10.0', java.version: '21.0.3'
Driver info: org.openqa.selenium.chrome.ChromeDriver
Capabilities {acceptInsecureCerts: false, browserName: chrome, browserVersion: 134.0.6998.88, chrome: {chromedriverVersion: 134.0.6998.88 (7e3d5c978c6d..., userDataDir: C:\Users\INGRID~1.ZAD\AppDa...}, fedcm:accounts: true, goog:chromeOptions: {debuggerAddress: localhost:62159}, networkConnectionEnabled: false, pageLoadStrategy: normal, platformName: windows, proxy: Proxy(), se:cdp: ws://localhost:62159/devtoo..., se:cdpVersion: 134.0.6998.88, setWindowRect: true, strictFileInteractability: false, timeouts: {implicit: 0, pageLoad: 300000, script: 30000}, unhandledPromptBehavior: dismiss and notify, webauthn:extension:credBlob: true, webauthn:extension:largeBlob: true, webauthn:extension:minPinLength: true, webauthn:extension:prf: true, webauthn:virtualAuthenticators: true}
Session ID: 592a83bf6cf9615fae3cafb23b8465ed
2025-03-12 12:16:48 [main] INFO  l.i.u.t.SubmittedApplicationsPageTest - Marking 'Ne' radio button 6
2025-03-12 12:16:58 [main] ERROR l.i.u.p.SubmittedApplicationsPage - Error selecting radio button: Expected condition failed: waiting for element to be clickable: By.xpath: (//input[@type='radio' and @value='true'])[14] (tried for 10 second(s) with 500 milliseconds interval)
Build info: version: '4.27.0', revision: 'd6e718d134'
System info: os.name: 'Windows 11', os.arch: 'amd64', os.version: '10.0', java.version: '21.0.3'
Driver info: org.openqa.selenium.chrome.ChromeDriver
Capabilities {acceptInsecureCerts: false, browserName: chrome, browserVersion: 134.0.6998.88, chrome: {chromedriverVersion: 134.0.6998.88 (7e3d5c978c6d..., userDataDir: C:\Users\INGRID~1.ZAD\AppDa...}, fedcm:accounts: true, goog:chromeOptions: {debuggerAddress: localhost:62159}, networkConnectionEnabled: false, pageLoadStrategy: normal, platformName: windows, proxy: Proxy(), se:cdp: ws://localhost:62159/devtoo..., se:cdpVersion: 134.0.6998.88, setWindowRect: true, strictFileInteractability: false, timeouts: {implicit: 0, pageLoad: 300000, script: 30000}, unhandledPromptBehavior: dismiss and notify, webauthn:extension:credBlob: true, webauthn:extension:largeBlob: true, webauthn:extension:minPinLength: true, webauthn:extension:prf: true, webauthn:virtualAuthenticators: true}
Session ID: 592a83bf6cf9615fae3cafb23b8465ed
2025-03-12 12:16:58 [main] INFO  l.i.u.t.SubmittedApplicationsPageTest - Marking 'Taip' radio button 7
2025-03-12 12:17:09 [main] ERROR l.i.u.p.SubmittedApplicationsPage - Error selecting radio button: Expected condition failed: waiting for element to be clickable: By.xpath: (//input[@type='radio' and @value='true'])[15] (tried for 10 second(s) with 500 milliseconds interval)
Build info: version: '4.27.0', revision: 'd6e718d134'
System info: os.name: 'Windows 11', os.arch: 'amd64', os.version: '10.0', java.version: '21.0.3'
Driver info: org.openqa.selenium.chrome.ChromeDriver
Capabilities {acceptInsecureCerts: false, browserName: chrome, browserVersion: 134.0.6998.88, chrome: {chromedriverVersion: 134.0.6998.88 (7e3d5c978c6d..., userDataDir: C:\Users\INGRID~1.ZAD\AppDa...}, fedcm:accounts: true, goog:chromeOptions: {debuggerAddress: localhost:62159}, networkConnectionEnabled: false, pageLoadStrategy: normal, platformName: windows, proxy: Proxy(), se:cdp: ws://localhost:62159/devtoo..., se:cdpVersion: 134.0.6998.88, setWindowRect: true, strictFileInteractability: false, timeouts: {implicit: 0, pageLoad: 300000, script: 30000}, unhandledPromptBehavior: dismiss and notify, webauthn:extension:credBlob: true, webauthn:extension:largeBlob: true, webauthn:extension:minPinLength: true, webauthn:extension:prf: true, webauthn:virtualAuthenticators: true}
Session ID: 592a83bf6cf9615fae3cafb23b8465ed
2025-03-12 12:17:09 [main] INFO  l.i.u.t.SubmittedApplicationsPageTest - Marking 'Taip' radio button 8
2025-03-12 12:17:19 [main] ERROR l.i.u.p.SubmittedApplicationsPage - Error selecting radio button: Expected condition failed: waiting for element to be clickable: By.xpath: (//input[@type='radio' and @value='true'])[16] (tried for 10 second(s) with 500 milliseconds interval)
Build info: version: '4.27.0', revision: 'd6e718d134'
System info: os.name: 'Windows 11', os.arch: 'amd64', os.version: '10.0', java.version: '21.0.3'
Driver info: org.openqa.selenium.chrome.ChromeDriver
Capabilities {acceptInsecureCerts: false, browserName: chrome, browserVersion: 134.0.6998.88, chrome: {chromedriverVersion: 134.0.6998.88 (7e3d5c978c6d..., userDataDir: C:\Users\INGRID~1.ZAD\AppDa...}, fedcm:accounts: true, goog:chromeOptions: {debuggerAddress: localhost:62159}, networkConnectionEnabled: false, pageLoadStrategy: normal, platformName: windows, proxy: Proxy(), se:cdp: ws://localhost:62159/devtoo..., se:cdpVersion: 134.0.6998.88, setWindowRect: true, strictFileInteractability: false, timeouts: {implicit: 0, pageLoad: 300000, script: 30000}, unhandledPromptBehavior: dismiss and notify, webauthn:extension:credBlob: true, webauthn:extension:largeBlob: true, webauthn:extension:minPinLength: true, webauthn:extension:prf: true, webauthn:virtualAuthenticators: true}
Session ID: 592a83bf6cf9615fae3cafb23b8465ed
2025-03-12 12:17:19 [main] INFO  l.i.u.t.SubmittedApplicationsPageTest - Marking 'Taip' radio button 9
2025-03-12 12:17:29 [main] ERROR l.i.u.p.SubmittedApplicationsPage - Error selecting radio button: Expected condition failed: waiting for element to be clickable: By.xpath: (//input[@type='radio' and @value='true'])[17] (tried for 10 second(s) with 500 milliseconds interval)
Build info: version: '4.27.0', revision: 'd6e718d134'
System info: os.name: 'Windows 11', os.arch: 'amd64', os.version: '10.0', java.version: '21.0.3'
Driver info: org.openqa.selenium.chrome.ChromeDriver
Capabilities {acceptInsecureCerts: false, browserName: chrome, browserVersion: 134.0.6998.88, chrome: {chromedriverVersion: 134.0.6998.88 (7e3d5c978c6d..., userDataDir: C:\Users\INGRID~1.ZAD\AppDa...}, fedcm:accounts: true, goog:chromeOptions: {debuggerAddress: localhost:62159}, networkConnectionEnabled: false, pageLoadStrategy: normal, platformName: windows, proxy: Proxy(), se:cdp: ws://localhost:62159/devtoo..., se:cdpVersion: 134.0.6998.88, setWindowRect: true, strictFileInteractability: false, timeouts: {implicit: 0, pageLoad: 300000, script: 30000}, unhandledPromptBehavior: dismiss and notify, webauthn:extension:credBlob: true, webauthn:extension:largeBlob: true, webauthn:extension:minPinLength: true, webauthn:extension:prf: true, webauthn:virtualAuthenticators: true}
Session ID: 592a83bf6cf9615fae3cafb23b8465ed
2025-03-12 12:17:29 [main] INFO  l.i.u.t.SubmittedApplicationsPageTest - Marking 'Taip' radio button 10
2025-03-12 12:17:39 [main] ERROR l.i.u.p.SubmittedApplicationsPage - Error selecting radio button: Expected condition failed: waiting for element to be clickable: By.xpath: (//input[@type='radio' and @value='true'])[18] (tried for 10 second(s) with 500 milliseconds interval)
Build info: version: '4.27.0', revision: 'd6e718d134'
System info: os.name: 'Windows 11', os.arch: 'amd64', os.version: '10.0', java.version: '21.0.3'
Driver info: org.openqa.selenium.chrome.ChromeDriver
Capabilities {acceptInsecureCerts: false, browserName: chrome, browserVersion: 134.0.6998.88, chrome: {chromedriverVersion: 134.0.6998.88 (7e3d5c978c6d..., userDataDir: C:\Users\INGRID~1.ZAD\AppDa...}, fedcm:accounts: true, goog:chromeOptions: {debuggerAddress: localhost:62159}, networkConnectionEnabled: false, pageLoadStrategy: normal, platformName: windows, proxy: Proxy(), se:cdp: ws://localhost:62159/devtoo..., se:cdpVersion: 134.0.6998.88, setWindowRect: true, strictFileInteractability: false, timeouts: {implicit: 0, pageLoad: 300000, script: 30000}, unhandledPromptBehavior: dismiss and notify, webauthn:extension:credBlob: true, webauthn:extension:largeBlob: true, webauthn:extension:minPinLength: true, webauthn:extension:prf: true, webauthn:virtualAuthenticators: true}
Session ID: 592a83bf6cf9615fae3cafb23b8465ed
2025-03-12 12:17:39 [main] INFO  l.i.u.t.SubmittedApplicationsPageTest - Marking 'Taip' radio button 11
2025-03-12 12:17:49 [main] ERROR l.i.u.p.SubmittedApplicationsPage - Error selecting radio button: Expected condition failed: waiting for element to be clickable: By.xpath: (//input[@type='radio' and @value='true'])[19] (tried for 10 second(s) with 500 milliseconds interval)
Build info: version: '4.27.0', revision: 'd6e718d134'
System info: os.name: 'Windows 11', os.arch: 'amd64', os.version: '10.0', java.version: '21.0.3'
Driver info: org.openqa.selenium.chrome.ChromeDriver
Capabilities {acceptInsecureCerts: false, browserName: chrome, browserVersion: 134.0.6998.88, chrome: {chromedriverVersion: 134.0.6998.88 (7e3d5c978c6d..., userDataDir: C:\Users\INGRID~1.ZAD\AppDa...}, fedcm:accounts: true, goog:chromeOptions: {debuggerAddress: localhost:62159}, networkConnectionEnabled: false, pageLoadStrategy: normal, platformName: windows, proxy: Proxy(), se:cdp: ws://localhost:62159/devtoo..., se:cdpVersion: 134.0.6998.88, setWindowRect: true, strictFileInteractability: false, timeouts: {implicit: 0, pageLoad: 300000, script: 30000}, unhandledPromptBehavior: dismiss and notify, webauthn:extension:credBlob: true, webauthn:extension:largeBlob: true, webauthn:extension:minPinLength: true, webauthn:extension:prf: true, webauthn:virtualAuthenticators: true}
Session ID: 592a83bf6cf9615fae3cafb23b8465ed
2025-03-12 12:17:49 [main] INFO  l.i.u.t.SubmittedApplicationsPageTest - Marking 'Taip' radio button 12
2025-03-12 12:17:59 [main] DEBUG l.i.u.t.SubmittedApplicationsPageTest - Checked 'ConfirmationStepFour'
2025-03-12 12:17:59 [main] DEBUG l.i.u.t.SubmittedApplicationsPageTest - Clicked 'Next' button after checkboxes.
2025-03-12 12:17:59 [main] INFO  l.i.u.p.SubmittedApplicationsPage - File uploaded successfully to an input element.
2025-03-12 12:18:00 [main] INFO  l.i.u.p.SubmittedApplicationsPage - File uploaded successfully to an input element.
2025-03-12 12:18:00 [main] INFO  l.i.u.p.SubmittedApplicationsPage - File uploaded successfully to an input element.
2025-03-12 12:18:00 [main] INFO  l.i.u.p.SubmittedApplicationsPage - File uploaded successfully to an input element.
2025-03-12 12:18:00 [main] INFO  l.i.u.p.SubmittedApplicationsPage - File uploaded successfully to an input element.
2025-03-12 12:18:00 [main] INFO  l.i.u.p.SubmittedApplicationsPage - File uploaded successfully to an input element.
2025-03-12 12:18:00 [main] INFO  l.i.u.p.SubmittedApplicationsPage - File uploaded successfully to an input element.
2025-03-12 12:18:00 [main] INFO  l.i.u.p.SubmittedApplicationsPage - File uploaded successfully to an input element.
2025-03-12 12:18:00 [main] INFO  l.i.u.p.SubmittedApplicationsPage - File uploaded successfully to an input element.
2025-03-12 12:18:00 [main] INFO  l.i.u.p.SubmittedApplicationsPage - File uploaded successfully to an input element.
2025-03-12 12:18:00 [main] DEBUG l.i.u.t.SubmittedApplicationsPageTest - Entered program name: 'Dokumentas 1'.
2025-03-12 12:18:00 [main] DEBUG l.i.u.t.SubmittedApplicationsPageTest - Entered program name: 'Dokumentas 2'.
2025-03-12 12:18:00 [main] DEBUG l.i.u.t.SubmittedApplicationsPageTest - Entered program name: 'Dokumentas 3'.
2025-03-12 12:18:01 [main] DEBUG l.i.u.t.SubmittedApplicationsPageTest - Entered program name: 'Dokumentas 4'.
2025-03-12 12:18:01 [main] DEBUG l.i.u.t.SubmittedApplicationsPageTest - Entered program name: 'Dokumentas 5'.
2025-03-12 12:18:01 [main] DEBUG l.i.u.t.SubmittedApplicationsPageTest - Entered program name: 'Dokumentas 6'.
2025-03-12 12:18:01 [main] DEBUG l.i.u.t.SubmittedApplicationsPageTest - Entered program name: 'Dokumentas 4'.
2025-03-12 12:18:01 [main] DEBUG l.i.u.t.SubmittedApplicationsPageTest - Entered program name: 'Dokumentas 8'.
2025-03-12 12:18:01 [main] DEBUG l.i.u.t.SubmittedApplicationsPageTest - Entered program name: 'Dokumentas 9'.
2025-03-12 12:18:02 [main] DEBUG l.i.u.t.SubmittedApplicationsPageTest - Entered program name: 'Dokumentas 10'.
2025-03-12 12:18:12 [main] DEBUG l.i.u.t.SubmittedApplicationsPageTest - Checked 'ConfirmationDocument'
2025-03-12 12:18:22 [main] DEBUG l.i.u.t.SubmittedApplicationsPageTest - Checked 'ConfirmationApplication'
2025-03-12 12:18:22 [main] DEBUG l.i.u.t.SubmittedApplicationsPageTest - Clicked 'SaveDraft' button after checkboxes.
2025-03-12 12:18:22 [main] DEBUG l.i.uztis.pages.ApplicationFormsPage - Verified success message: 'Ruošinys sėkmingai išsaugotas.'
2025-03-12 12:18:22 [main] INFO  l.i.u.t.SubmittedApplicationsPageTest - Verified success message
2025-03-12 12:18:22 [main] DEBUG l.i.u.t.SubmittedApplicationsPageTest - Clicked 'Review' button after checkboxes.
2025-03-12 12:18:22 [main] DEBUG l.i.u.t.SubmittedApplicationsPageTest - Clicked 'Submit' button after checkboxes.
2025-03-12 12:18:22 [main] DEBUG l.i.u.t.SubmittedApplicationsPageTest - Clicked 'SubmitConfirmation' button after checkboxes.
2025-03-12 12:18:22 [main] ERROR l.i.uztis.pages.ApplicationFormsPage - Failed to verify the success message: 'Paraiška sėkmingai pateikta ir užregistruota.'. Available messages: [Ruošinys sėkmingai išsaugotas.]
2025-03-12 12:18:22 [main] INFO  l.i.u.t.SubmittedApplicationsPageTest - Test 'testFillNewVUIApplicationFA' completed successfully.
2025-03-12 12:18:39 [main] INFO  lt.insoft.uztis.tests.UztisPageTest - Navigated to https://uztisdev.asseco.lt/home
2025-03-12 12:18:39 [main] INFO  l.i.u.t.SubmittedApplicationsPageTest - Starting test:'testAddEvaluators'
2025-03-12 12:18:40 [main] DEBUG l.i.u.t.SubmittedApplicationsPageTest - User logged in with test credentials.
2025-03-12 12:18:40 [main] DEBUG l.i.u.t.SubmittedApplicationsPageTest - Opened 'Application Processing' menu.
2025-03-12 12:18:40 [main] DEBUG l.i.u.t.SubmittedApplicationsPageTest - Clicked on 'Application Forms' menu.
2025-03-12 12:18:40 [main] DEBUG l.i.u.t.SubmittedApplicationsPageTest - Retrieved last description code text: 'TST-VUI-84'.
2025-03-12 12:18:40 [main] DEBUG l.i.u.t.SubmittedApplicationsPageTest - Clicked on 'Invitation' menu.
2025-03-12 12:18:42 [main] DEBUG l.i.u.t.SubmittedApplicationsPageTest - Selected application section by code: 'TST-VUI-84'.
2025-03-12 12:18:42 [main] DEBUG l.i.u.t.SubmittedApplicationsPageTest - Clicked 'Search' button.
2025-03-12 12:18:42 [main] DEBUG l.i.u.t.SubmittedApplicationsPageTest - Retrieved invitation code: ''.
2025-03-12 12:18:42 [main] DEBUG l.i.u.t.SubmittedApplicationsPageTest - Clicked on 'Submitted Applications' menu.
2025-03-12 12:18:43 [main] DEBUG l.i.u.t.SubmittedApplicationsPageTest - Selected invitation by code: 'TST-VUI-84'.
2025-03-12 12:18:43 [main] DEBUG l.i.u.t.SubmittedApplicationsPageTest - Invitation code inserted.
2025-03-12 12:18:44 [main] DEBUG l.i.u.t.SubmittedApplicationsPageTest - Clicked on 'Action Application' button.
2025-03-12 12:18:44 [main] DEBUG l.i.u.t.SubmittedApplicationsPageTest - Clicked on 'Add Evaluators' button.
2025-03-12 12:18:54 [main] ERROR l.i.u.t.SubmittedApplicationsPageTest - Test 'testAddEvaluators' failed with error: no such element: Unable to locate element: {"method":"xpath","selector":"//div[contains(@class, 'mat-mdc-form-field-infix')]//input[@type='text' and contains(@class, 'mat-datepicker-input')]"}
  (Session info: chrome=134.0.6998.88)
For documentation on this error, please visit: https://www.selenium.dev/documentation/webdriver/troubleshooting/errors#no-such-element-exception
Build info: version: '4.27.0', revision: 'd6e718d134'
System info: os.name: 'Windows 11', os.arch: 'amd64', os.version: '10.0', java.version: '21.0.3'
Driver info: org.openqa.selenium.chrome.ChromeDriver
Command: [39ba0c0b4a63266b377196380595859c, findElement {value=//div[contains(@class, 'mat-mdc-form-field-infix')]//input[@type='text' and contains(@class, 'mat-datepicker-input')], using=xpath}]
Capabilities {acceptInsecureCerts: false, browserName: chrome, browserVersion: 134.0.6998.88, chrome: {chromedriverVersion: 134.0.6998.88 (7e3d5c978c6d..., userDataDir: C:\Users\INGRID~1.ZAD\AppDa...}, fedcm:accounts: true, goog:chromeOptions: {debuggerAddress: localhost:62331}, networkConnectionEnabled: false, pageLoadStrategy: normal, platformName: windows, proxy: Proxy(), se:cdp: ws://localhost:62331/devtoo..., se:cdpVersion: 134.0.6998.88, setWindowRect: true, strictFileInteractability: false, timeouts: {implicit: 0, pageLoad: 300000, script: 30000}, unhandledPromptBehavior: dismiss and notify, webauthn:extension:credBlob: true, webauthn:extension:largeBlob: true, webauthn:extension:minPinLength: true, webauthn:extension:prf: true, webauthn:virtualAuthenticators: true}
Session ID: 39ba0c0b4a63266b377196380595859c
org.openqa.selenium.NoSuchElementException: no such element: Unable to locate element: {"method":"xpath","selector":"//div[contains(@class, 'mat-mdc-form-field-infix')]//input[@type='text' and contains(@class, 'mat-datepicker-input')]"}
  (Session info: chrome=134.0.6998.88)
For documentation on this error, please visit: https://www.selenium.dev/documentation/webdriver/troubleshooting/errors#no-such-element-exception
Build info: version: '4.27.0', revision: 'd6e718d134'
System info: os.name: 'Windows 11', os.arch: 'amd64', os.version: '10.0', java.version: '21.0.3'
Driver info: org.openqa.selenium.chrome.ChromeDriver
Command: [39ba0c0b4a63266b377196380595859c, findElement {value=//div[contains(@class, 'mat-mdc-form-field-infix')]//input[@type='text' and contains(@class, 'mat-datepicker-input')], using=xpath}]
Capabilities {acceptInsecureCerts: false, browserName: chrome, browserVersion: 134.0.6998.88, chrome: {chromedriverVersion: 134.0.6998.88 (7e3d5c978c6d..., userDataDir: C:\Users\INGRID~1.ZAD\AppDa...}, fedcm:accounts: true, goog:chromeOptions: {debuggerAddress: localhost:62331}, networkConnectionEnabled: false, pageLoadStrategy: normal, platformName: windows, proxy: Proxy(), se:cdp: ws://localhost:62331/devtoo..., se:cdpVersion: 134.0.6998.88, setWindowRect: true, strictFileInteractability: false, timeouts: {implicit: 0, pageLoad: 300000, script: 30000}, unhandledPromptBehavior: dismiss and notify, webauthn:extension:credBlob: true, webauthn:extension:largeBlob: true, webauthn:extension:minPinLength: true, webauthn:extension:prf: true, webauthn:virtualAuthenticators: true}
Session ID: 39ba0c0b4a63266b377196380595859c
	at java.base/jdk.internal.reflect.DirectConstructorHandleAccessor.newInstance(DirectConstructorHandleAccessor.java:62)
	at java.base/java.lang.reflect.Constructor.newInstanceWithCaller(Constructor.java:502)
	at java.base/java.lang.reflect.Constructor.newInstance(Constructor.java:486)
	at org.openqa.selenium.remote.ErrorCodec.decode(ErrorCodec.java:167)
	at org.openqa.selenium.remote.codec.w3c.W3CHttpResponseCodec.decode(W3CHttpResponseCodec.java:138)
	at org.openqa.selenium.remote.codec.w3c.W3CHttpResponseCodec.decode(W3CHttpResponseCodec.java:50)
	at org.openqa.selenium.remote.HttpCommandExecutor.execute(HttpCommandExecutor.java:190)
	at org.openqa.selenium.remote.service.DriverCommandExecutor.invokeExecute(DriverCommandExecutor.java:216)
	at org.openqa.selenium.remote.service.DriverCommandExecutor.execute(DriverCommandExecutor.java:174)
	at org.openqa.selenium.remote.RemoteWebDriver.execute(RemoteWebDriver.java:545)
	at org.openqa.selenium.remote.ElementLocation$ElementFinder$2.findElement(ElementLocation.java:165)
	at org.openqa.selenium.remote.ElementLocation.findElement(ElementLocation.java:59)
	at org.openqa.selenium.remote.RemoteWebDriver.findElement(RemoteWebDriver.java:368)
	at org.openqa.selenium.remote.RemoteWebDriver.findElement(RemoteWebDriver.java:362)
	at org.openqa.selenium.support.pagefactory.DefaultElementLocator.findElement(DefaultElementLocator.java:68)
	at org.openqa.selenium.support.pagefactory.internal.LocatingElementHandler.invoke(LocatingElementHandler.java:38)
	at jdk.proxy2/jdk.proxy2.$Proxy14.isDisplayed(Unknown Source)
	at lt.insoft.uztis.pages.SubmittedApplicationsPage.enterFirstEvaluationEndDate(SubmittedApplicationsPage.java:1858)
	at lt.insoft.uztis.tests.SubmittedApplicationsPageTest.testAddEvaluators(SubmittedApplicationsPageTest.java:511)
	at java.base/jdk.internal.reflect.DirectMethodHandleAccessor.invoke(DirectMethodHandleAccessor.java:103)
	at java.base/java.lang.reflect.Method.invoke(Method.java:580)
	at org.junit.platform.commons.util.ReflectionUtils.invokeMethod(ReflectionUtils.java:728)
	at org.junit.jupiter.engine.execution.MethodInvocation.proceed(MethodInvocation.java:60)
	at org.junit.jupiter.engine.execution.InvocationInterceptorChain$ValidatingInvocation.proceed(InvocationInterceptorChain.java:131)
	at org.junit.jupiter.engine.extension.TimeoutExtension.intercept(TimeoutExtension.java:156)
	at org.junit.jupiter.engine.extension.TimeoutExtension.interceptTestableMethod(TimeoutExtension.java:147)
	at org.junit.jupiter.engine.extension.TimeoutExtension.interceptTestMethod(TimeoutExtension.java:86)
	at org.junit.jupiter.engine.execution.InterceptingExecutableInvoker$ReflectiveInterceptorCall.lambda$ofVoidMethod$0(InterceptingExecutableInvoker.java:103)
	at org.junit.jupiter.engine.execution.InterceptingExecutableInvoker.lambda$invoke$0(InterceptingExecutableInvoker.java:93)
	at org.junit.jupiter.engine.execution.InvocationInterceptorChain$InterceptedInvocation.proceed(InvocationInterceptorChain.java:106)
	at org.junit.jupiter.engine.execution.InvocationInterceptorChain.proceed(InvocationInterceptorChain.java:64)
	at org.junit.jupiter.engine.execution.InvocationInterceptorChain.chainAndInvoke(InvocationInterceptorChain.java:45)
	at org.junit.jupiter.engine.execution.InvocationInterceptorChain.invoke(InvocationInterceptorChain.java:37)
	at org.junit.jupiter.engine.execution.InterceptingExecutableInvoker.invoke(InterceptingExecutableInvoker.java:92)
	at org.junit.jupiter.engine.execution.InterceptingExecutableInvoker.invoke(InterceptingExecutableInvoker.java:86)
	at org.junit.jupiter.engine.descriptor.TestMethodTestDescriptor.lambda$invokeTestMethod$7(TestMethodTestDescriptor.java:218)
	at org.junit.platform.engine.support.hierarchical.ThrowableCollector.execute(ThrowableCollector.java:73)
	at org.junit.jupiter.engine.descriptor.TestMethodTestDescriptor.invokeTestMethod(TestMethodTestDescriptor.java:214)
	at org.junit.jupiter.engine.descriptor.TestMethodTestDescriptor.execute(TestMethodTestDescriptor.java:139)
	at org.junit.jupiter.engine.descriptor.TestMethodTestDescriptor.execute(TestMethodTestDescriptor.java:69)
	at org.junit.platform.engine.support.hierarchical.NodeTestTask.lambda$executeRecursively$6(NodeTestTask.java:151)
	at org.junit.platform.engine.support.hierarchical.ThrowableCollector.execute(ThrowableCollector.java:73)
	at org.junit.platform.engine.support.hierarchical.NodeTestTask.lambda$executeRecursively$8(NodeTestTask.java:141)
	at org.junit.platform.engine.support.hierarchical.Node.around(Node.java:137)
	at org.junit.platform.engine.support.hierarchical.NodeTestTask.lambda$executeRecursively$9(NodeTestTask.java:139)
	at org.junit.platform.engine.support.hierarchical.ThrowableCollector.execute(ThrowableCollector.java:73)
	at org.junit.platform.engine.support.hierarchical.NodeTestTask.executeRecursively(NodeTestTask.java:138)
	at org.junit.platform.engine.support.hierarchical.NodeTestTask.execute(NodeTestTask.java:95)
	at java.base/java.util.ArrayList.forEach(ArrayList.java:1596)
	at org.junit.platform.engine.support.hierarchical.SameThreadHierarchicalTestExecutorService.invokeAll(SameThreadHierarchicalTestExecutorService.java:41)
	at org.junit.platform.engine.support.hierarchical.NodeTestTask.lambda$executeRecursively$6(NodeTestTask.java:155)
	at org.junit.platform.engine.support.hierarchical.ThrowableCollector.execute(ThrowableCollector.java:73)
	at org.junit.platform.engine.support.hierarchical.NodeTestTask.lambda$executeRecursively$8(NodeTestTask.java:141)
	at org.junit.platform.engine.support.hierarchical.Node.around(Node.java:137)
	at org.junit.platform.engine.support.hierarchical.NodeTestTask.lambda$executeRecursively$9(NodeTestTask.java:139)
	at org.junit.platform.engine.support.hierarchical.ThrowableCollector.execute(ThrowableCollector.java:73)
	at org.junit.platform.engine.support.hierarchical.NodeTestTask.executeRecursively(NodeTestTask.java:138)
	at org.junit.platform.engine.support.hierarchical.NodeTestTask.execute(NodeTestTask.java:95)
	at java.base/java.util.ArrayList.forEach(ArrayList.java:1596)
	at org.junit.platform.engine.support.hierarchical.SameThreadHierarchicalTestExecutorService.invokeAll(SameThreadHierarchicalTestExecutorService.java:41)
	at org.junit.platform.engine.support.hierarchical.NodeTestTask.lambda$executeRecursively$6(NodeTestTask.java:155)
	at org.junit.platform.engine.support.hierarchical.ThrowableCollector.execute(ThrowableCollector.java:73)
	at org.junit.platform.engine.support.hierarchical.NodeTestTask.lambda$executeRecursively$8(NodeTestTask.java:141)
	at org.junit.platform.engine.support.hierarchical.Node.around(Node.java:137)
	at org.junit.platform.engine.support.hierarchical.NodeTestTask.lambda$executeRecursively$9(NodeTestTask.java:139)
	at org.junit.platform.engine.support.hierarchical.ThrowableCollector.execute(ThrowableCollector.java:73)
	at org.junit.platform.engine.support.hierarchical.NodeTestTask.executeRecursively(NodeTestTask.java:138)
	at org.junit.platform.engine.support.hierarchical.NodeTestTask.execute(NodeTestTask.java:95)
	at org.junit.platform.engine.support.hierarchical.SameThreadHierarchicalTestExecutorService.submit(SameThreadHierarchicalTestExecutorService.java:35)
	at org.junit.platform.engine.support.hierarchical.HierarchicalTestExecutor.execute(HierarchicalTestExecutor.java:57)
	at org.junit.platform.engine.support.hierarchical.HierarchicalTestEngine.execute(HierarchicalTestEngine.java:54)
	at org.junit.platform.launcher.core.EngineExecutionOrchestrator.execute(EngineExecutionOrchestrator.java:198)
	at org.junit.platform.launcher.core.EngineExecutionOrchestrator.execute(EngineExecutionOrchestrator.java:169)
	at org.junit.platform.launcher.core.EngineExecutionOrchestrator.execute(EngineExecutionOrchestrator.java:93)
	at org.junit.platform.launcher.core.EngineExecutionOrchestrator.lambda$execute$0(EngineExecutionOrchestrator.java:58)
	at org.junit.platform.launcher.core.EngineExecutionOrchestrator.withInterceptedStreams(EngineExecutionOrchestrator.java:141)
	at org.junit.platform.launcher.core.EngineExecutionOrchestrator.execute(EngineExecutionOrchestrator.java:57)
	at org.junit.platform.launcher.core.DefaultLauncher.execute(DefaultLauncher.java:103)
	at org.junit.platform.launcher.core.DefaultLauncher.execute(DefaultLauncher.java:85)
	at org.junit.platform.launcher.core.DelegatingLauncher.execute(DelegatingLauncher.java:47)
	at org.junit.platform.launcher.core.SessionPerRequestLauncher.execute(SessionPerRequestLauncher.java:63)
	at com.intellij.junit5.JUnit5IdeaTestRunner.startRunnerWithArgs(JUnit5IdeaTestRunner.java:57)
	at com.intellij.rt.junit.IdeaTestRunner$Repeater$1.execute(IdeaTestRunner.java:38)
	at com.intellij.rt.execution.junit.TestsRepeater.repeat(TestsRepeater.java:11)
	at com.intellij.rt.junit.IdeaTestRunner$Repeater.startRunnerWithArgs(IdeaTestRunner.java:35)
	at com.intellij.rt.junit.JUnitStarter.prepareStreamsAndStart(JUnitStarter.java:232)
	at com.intellij.rt.junit.JUnitStarter.main(JUnitStarter.java:55)
2025-03-12 12:18:54 [main] INFO  l.insoft.uztis.tests.utils.TestUtils - Screenshot moved to C:\Users\ingrida.zadorozniene\Desktop\Asm\UZTIS\UZTIS_tests\test-output\screenshots\20250312\121854436_testAddEvaluators().png
2025-03-12 12:19:17 [main] INFO  lt.insoft.uztis.tests.UztisPageTest - Navigated to https://uztisdev.asseco.lt/home
2025-03-12 12:19:17 [main] INFO  l.i.uztis.tests.InvitationsPageTest - Starting test:'testInsertVui_PvkStatisticInformation'
2025-03-12 12:19:17 [main] DEBUG l.i.uztis.tests.InvitationsPageTest - User logged in with test credentials
2025-03-12 12:19:18 [main] DEBUG l.i.uztis.tests.InvitationsPageTest - Opened 'Application Processing' menu.
2025-03-12 12:19:18 [main] DEBUG l.i.uztis.tests.InvitationsPageTest - Clicked on 'Application Forms' menu.
2025-03-12 12:19:18 [main] DEBUG l.i.uztis.tests.InvitationsPageTest - Navigating to invitation forms menu.
2025-03-12 12:19:18 [main] DEBUG l.i.uztis.tests.InvitationsPageTest - Retrieved last description code text: 'TST-VUI-84'.
2025-03-12 12:19:18 [main] DEBUG l.i.uztis.tests.InvitationsPageTest - Clicked on 'Invitation' menu.
2025-03-12 12:19:20 [main] DEBUG l.i.uztis.tests.InvitationsPageTest - Selected section by code: 'TST-VUI-84'.
2025-03-12 12:19:20 [main] DEBUG l.i.uztis.tests.InvitationsPageTest - Clicked 'Search'.
2025-03-12 12:19:20 [main] DEBUG l.i.uztis.tests.InvitationsPageTest - Getting and inserting application code text.
2025-03-12 12:19:20 [main] DEBUG l.i.uztis.tests.InvitationsPageTest - Clicked 'Publishing'.
2025-03-12 12:19:21 [main] DEBUG l.i.uztis.tests.InvitationsPageTest - Clicked 'Statistic Information' tab.
2025-03-12 12:19:21 [main] DEBUG l.i.uztis.tests.InvitationsPageTest - Clicked 'Edit' button.
2025-03-12 12:19:21 [main] DEBUG l.i.uztis.tests.InvitationsPageTest - Entered current date.
2025-03-12 12:19:21 [main] DEBUG l.i.uztis.tests.InvitationsPageTest - Entered value: 8.7
2025-03-12 12:19:21 [main] DEBUG l.i.uztis.tests.InvitationsPageTest - Entered average salary: 2237.9
2025-03-12 12:19:21 [main] DEBUG l.i.uztis.tests.InvitationsPageTest - File uploaded.
2025-03-12 12:19:21 [main] DEBUG l.i.uztis.tests.InvitationsPageTest - Clicked 'Save' button.
2025-03-12 12:19:22 [main] DEBUG l.i.uztis.pages.ApplicationFormsPage - Verified success message: 'Funkcija sėkmingai atlikta.'
2025-03-12 12:19:22 [main] INFO  l.i.uztis.tests.InvitationsPageTest - Verified success message
2025-03-12 12:19:22 [main] INFO  l.i.uztis.tests.InvitationsPageTest - Test 'testInsertVui_PvkStatisticInformation' completed successfully.
2025-03-12 12:19:33 [main] INFO  lt.insoft.uztis.tests.UztisPageTest - Navigated to https://uztisdev.asseco.lt/home
2025-03-12 12:19:33 [main] INFO  l.i.u.t.SubmittedApplicationsPageTest - Starting test:'testAddEvaluators'
2025-03-12 12:19:33 [main] DEBUG l.i.u.t.SubmittedApplicationsPageTest - User logged in with test credentials.
2025-03-12 12:19:33 [main] DEBUG l.i.u.t.SubmittedApplicationsPageTest - Opened 'Application Processing' menu.
2025-03-12 12:19:34 [main] DEBUG l.i.u.t.SubmittedApplicationsPageTest - Clicked on 'Application Forms' menu.
2025-03-12 12:19:34 [main] DEBUG l.i.u.t.SubmittedApplicationsPageTest - Retrieved last description code text: 'TST-VUI-84'.
2025-03-12 12:19:34 [main] DEBUG l.i.u.t.SubmittedApplicationsPageTest - Clicked on 'Invitation' menu.
2025-03-12 12:19:35 [main] DEBUG l.i.u.t.SubmittedApplicationsPageTest - Selected application section by code: 'TST-VUI-84'.
2025-03-12 12:19:35 [main] DEBUG l.i.u.t.SubmittedApplicationsPageTest - Clicked 'Search' button.
2025-03-12 12:19:36 [main] DEBUG l.i.u.t.SubmittedApplicationsPageTest - Retrieved invitation code: ''.
2025-03-12 12:19:36 [main] DEBUG l.i.u.t.SubmittedApplicationsPageTest - Clicked on 'Submitted Applications' menu.
2025-03-12 12:19:37 [main] DEBUG l.i.u.t.SubmittedApplicationsPageTest - Selected invitation by code: 'TST-VUI-84'.
2025-03-12 12:19:37 [main] DEBUG l.i.u.t.SubmittedApplicationsPageTest - Invitation code inserted.
2025-03-12 12:19:37 [main] DEBUG l.i.u.t.SubmittedApplicationsPageTest - Clicked on 'Action Application' button.
2025-03-12 12:19:37 [main] DEBUG l.i.u.t.SubmittedApplicationsPageTest - Clicked on 'Add Evaluators' button.
2025-03-12 12:19:38 [main] DEBUG l.i.u.t.SubmittedApplicationsPageTest - Entered first evaluation date.
2025-03-12 12:19:38 [main] DEBUG l.i.u.t.SubmittedApplicationsPageTest - Entered second evaluation date.
2025-03-12 12:19:38 [main] DEBUG l.i.u.t.SubmittedApplicationsPageTest - Entered third evaluation date.
2025-03-12 12:19:38 [main] DEBUG l.i.u.t.SubmittedApplicationsPageTest - Clicked on 'Add Evaluators' confirmation button.
2025-03-12 12:19:38 [main] DEBUG l.i.uztis.pages.ApplicationFormsPage - Verified success message: 'Paraiškų vertinimai sėkmingai priskirti vertintojams.'
2025-03-12 12:19:38 [main] INFO  l.i.u.t.SubmittedApplicationsPageTest - Verified success message
2025-03-12 12:19:38 [main] INFO  l.i.u.t.SubmittedApplicationsPageTest - Test 'testAddEvaluators' completed successfully.
2025-03-12 12:20:01 [main] INFO  lt.insoft.uztis.tests.UztisPageTest - Navigated to https://uztisdev.asseco.lt/home
2025-03-12 12:20:01 [main] INFO  l.i.uztis.tests.EvaluationsPageTest - Starting test:'testFillSaveDraftEvaluationOne'
2025-03-12 12:20:01 [main] INFO  l.i.uztis.tests.EvaluationsPageTest - Starting test:'testNavigateToEvaluationsPage'
2025-03-12 12:20:02 [main] DEBUG l.i.uztis.tests.EvaluationsPageTest - User logged in with test credentials
2025-03-12 12:20:02 [main] DEBUG l.i.uztis.tests.EvaluationsPageTest - Opened 'Application Processing' menu.
2025-03-12 12:20:02 [main] DEBUG l.i.uztis.tests.EvaluationsPageTest - Clicked on 'Evaluations' menu.
2025-03-12 12:20:02 [main] DEBUG l.i.uztis.tests.EvaluationsPageTest - Navigating to evaluations menu.
2025-03-12 12:20:02 [main] INFO  l.i.uztis.tests.EvaluationsPageTest - Test 'testNavigateToEvaluationsPage' completed successfully.
2025-03-12 12:20:03 [main] DEBUG l.i.uztis.tests.EvaluationsPageTest - Clicked on last evaluation.
2025-03-12 12:20:03 [main] DEBUG l.i.uztis.tests.EvaluationsPageTest - Clicked 'Edit'.
2025-03-12 12:20:06 [main] DEBUG l.i.uztis.tests.EvaluationsPageTest - Selected '1.1' radio button.
2025-03-12 12:20:09 [main] DEBUG l.i.uztis.tests.EvaluationsPageTest - Selected '1.2' radio button.
2025-03-12 12:20:11 [main] DEBUG l.i.uztis.tests.EvaluationsPageTest - Selected '1.3' radio button.
2025-03-12 12:20:14 [main] DEBUG l.i.uztis.tests.EvaluationsPageTest - Selected '1.4' radio button.
2025-03-12 12:20:15 [main] DEBUG l.i.uztis.tests.EvaluationsPageTest - Selected '1.5' radio button.
2025-03-12 12:20:15 [main] DEBUG l.i.uztis.tests.EvaluationsPageTest - Selected '2.1' radio button.
2025-03-12 12:20:17 [main] DEBUG l.i.uztis.tests.EvaluationsPageTest - Selected '3.1' radio button.
2025-03-12 12:20:17 [main] DEBUG l.i.uztis.tests.EvaluationsPageTest - Selected '4.2' radio button.
2025-03-12 12:20:19 [main] DEBUG l.i.uztis.tests.EvaluationsPageTest - Selected '5.1' radio button.
2025-03-12 12:20:19 [main] DEBUG l.i.uztis.tests.EvaluationsPageTest - Selected '5.2' radio button.
2025-03-12 12:20:20 [main] DEBUG l.i.uztis.tests.EvaluationsPageTest - Selected '6.1' radio button.
2025-03-12 12:20:21 [main] DEBUG l.i.uztis.tests.EvaluationsPageTest - Selected '6.2' radio button.
2025-03-12 12:20:22 [main] DEBUG l.i.uztis.tests.EvaluationsPageTest - Clicked on expansion panel 'Not Critical'.
2025-03-12 12:20:24 [main] DEBUG l.i.uztis.tests.EvaluationsPageTest - Selected '7' radio button.
2025-03-12 12:20:24 [main] DEBUG l.i.uztis.tests.EvaluationsPageTest - Selected '8_1' radio button.
2025-03-12 12:20:24 [main] DEBUG l.i.uztis.tests.EvaluationsPageTest - Selected '8_2' radio button.
2025-03-12 12:20:25 [main] DEBUG l.i.uztis.tests.EvaluationsPageTest - Selected '8_3' radio button.
2025-03-12 12:20:25 [main] DEBUG l.i.uztis.tests.EvaluationsPageTest - Selected '8_4' radio button.
2025-03-12 12:20:26 [main] DEBUG l.i.uztis.tests.EvaluationsPageTest - Selected '8_5' radio button.
2025-03-12 12:20:26 [main] DEBUG l.i.uztis.tests.EvaluationsPageTest - Selected '8_6' radio button.
2025-03-12 12:20:26 [main] DEBUG l.i.uztis.tests.EvaluationsPageTest - Selected '8_7' radio button.
2025-03-12 12:20:27 [main] DEBUG l.i.uztis.tests.EvaluationsPageTest - Selected '8_8' radio button.
2025-03-12 12:20:27 [main] DEBUG l.i.uztis.tests.EvaluationsPageTest - Selected '8_9' radio button.
2025-03-12 12:20:28 [main] DEBUG l.i.uztis.tests.EvaluationsPageTest - Selected '8_10' radio button.
2025-03-12 12:20:28 [main] DEBUG l.i.uztis.tests.EvaluationsPageTest - Selected '9' radio button.
2025-03-12 12:20:28 [main] DEBUG l.i.uztis.tests.EvaluationsPageTest - Selected '10.1' radio button.
2025-03-12 12:20:29 [main] DEBUG l.i.uztis.tests.EvaluationsPageTest - Selected '10.2' radio button.
2025-03-12 12:20:29 [main] DEBUG l.i.uztis.tests.EvaluationsPageTest - Selected '10.3' radio button.
2025-03-12 12:20:30 [main] DEBUG l.i.uztis.tests.EvaluationsPageTest - Entered  explanation: 'Balas pakoreduotas ranka'.
2025-03-12 12:20:30 [main] DEBUG l.i.uztis.tests.EvaluationsPageTest - Clicked 'Save Draft'.
2025-03-12 12:20:30 [main] DEBUG l.i.uztis.pages.ApplicationFormsPage - Verified success message: 'Duomenys sėkmingai išsaugoti.'
2025-03-12 12:20:30 [main] INFO  l.i.uztis.tests.EvaluationsPageTest - Verified success message
2025-03-12 12:20:30 [main] INFO  l.i.uztis.tests.EvaluationsPageTest - Test 'testFillSaveDraftEvaluationOne' completed successfully.
2025-03-12 12:20:43 [main] INFO  lt.insoft.uztis.tests.UztisPageTest - Navigated to https://uztisdev.asseco.lt/home
2025-03-12 12:20:43 [main] INFO  l.i.uztis.tests.EvaluationsPageTest - Starting test:'testConfirmEvaluationOne'
2025-03-12 12:20:43 [main] INFO  l.i.uztis.tests.EvaluationsPageTest - Starting test:'testNavigateToEvaluationsPage'
2025-03-12 12:20:43 [main] DEBUG l.i.uztis.tests.EvaluationsPageTest - User logged in with test credentials
2025-03-12 12:20:44 [main] DEBUG l.i.uztis.tests.EvaluationsPageTest - Opened 'Application Processing' menu.
2025-03-12 12:20:44 [main] DEBUG l.i.uztis.tests.EvaluationsPageTest - Clicked on 'Evaluations' menu.
2025-03-12 12:20:44 [main] DEBUG l.i.uztis.tests.EvaluationsPageTest - Navigating to evaluations menu.
2025-03-12 12:20:44 [main] INFO  l.i.uztis.tests.EvaluationsPageTest - Test 'testNavigateToEvaluationsPage' completed successfully.
2025-03-12 12:20:44 [main] DEBUG l.i.uztis.tests.EvaluationsPageTest - Clicked on last evaluation.
2025-03-12 12:20:45 [main] DEBUG l.i.uztis.tests.EvaluationsPageTest - Clicked 'Edit'.
2025-03-12 12:20:47 [main] DEBUG l.i.uztis.tests.EvaluationsPageTest - Clicked 'Confirm'.
2025-03-12 12:20:50 [main] DEBUG l.i.uztis.tests.EvaluationsPageTest - Clicked 'Confirm Confirmation'.
2025-03-12 12:20:50 [main] DEBUG l.i.uztis.tests.EvaluationsPageTest - Fetched label text: Įvertinta
2025-03-12 12:20:50 [main] INFO  l.i.uztis.tests.EvaluationsPageTest - Verified that the label text matches the expected value.
2025-03-12 12:20:50 [main] INFO  l.i.uztis.tests.EvaluationsPageTest - Test 'testConfirmEvaluationOne' completed successfully.
2025-03-12 12:21:05 [main] INFO  lt.insoft.uztis.tests.UztisPageTest - Navigated to https://uztisdev.asseco.lt/home
2025-03-12 12:21:05 [main] INFO  l.i.uztis.tests.EvaluationsPageTest - Starting test:'testFillSaveDraftEvaluationTwo'
2025-03-12 12:21:05 [main] INFO  l.i.uztis.tests.EvaluationsPageTest - Starting test:'testNavigateToEvaluationsPage'
2025-03-12 12:21:05 [main] DEBUG l.i.uztis.tests.EvaluationsPageTest - User logged in with test credentials
2025-03-12 12:21:05 [main] DEBUG l.i.uztis.tests.EvaluationsPageTest - Opened 'Application Processing' menu.
2025-03-12 12:21:06 [main] DEBUG l.i.uztis.tests.EvaluationsPageTest - Clicked on 'Evaluations' menu.
2025-03-12 12:21:06 [main] DEBUG l.i.uztis.tests.EvaluationsPageTest - Navigating to evaluations menu.
2025-03-12 12:21:06 [main] INFO  l.i.uztis.tests.EvaluationsPageTest - Test 'testNavigateToEvaluationsPage' completed successfully.
2025-03-12 12:21:06 [main] DEBUG l.i.uztis.tests.EvaluationsPageTest - Clicked on last evaluation.
2025-03-12 12:21:06 [main] DEBUG l.i.uztis.tests.EvaluationsPageTest - Clicked 'Edit'.
2025-03-12 12:21:07 [main] DEBUG l.i.uztis.tests.EvaluationsPageTest - Entered commission date.
2025-03-12 12:21:07 [main] DEBUG l.i.uztis.tests.EvaluationsPageTest - Selected 'Without Commission' radio button.
2025-03-12 12:21:07 [main] DEBUG l.i.uztis.tests.EvaluationsPageTest - Entered chairman name: 'Pirmininkas Pirmininkauskas'.
2025-03-12 12:21:08 [main] DEBUG l.i.uztis.tests.EvaluationsPageTest - Entered member name: 'Narys Narauskas'.
2025-03-12 12:21:08 [main] DEBUG l.i.uztis.tests.EvaluationsPageTest - Clicked 'Continue'.
2025-03-12 12:21:08 [main] DEBUG l.i.uztis.tests.EvaluationsPageTest - Entered score edition: '9'.
2025-03-12 12:21:08 [main] DEBUG l.i.uztis.tests.EvaluationsPageTest - Entered chairman score: '10'.
2025-03-12 12:21:08 [main] DEBUG l.i.uztis.tests.EvaluationsPageTest - Entered member score: '11'.
2025-03-12 12:21:08 [main] DEBUG l.i.uztis.tests.EvaluationsPageTest - Entered conclusion: 'Išvada - palanki'.
2025-03-12 12:21:09 [main] DEBUG l.i.uztis.tests.EvaluationsPageTest - Entered  explanation: 'Balas pakoreduotas ranka'.
2025-03-12 12:21:09 [main] DEBUG l.i.uztis.tests.EvaluationsPageTest - Clicked 'Save Draft'.
2025-03-12 12:21:09 [main] DEBUG l.i.uztis.pages.ApplicationFormsPage - Verified success message: 'Duomenys sėkmingai išsaugoti.'
2025-03-12 12:21:09 [main] INFO  l.i.uztis.tests.EvaluationsPageTest - Verified success message
2025-03-12 12:21:09 [main] INFO  l.i.uztis.tests.EvaluationsPageTest - Test 'testFillSaveDraftEvaluationTwo' completed successfully.
2025-03-12 12:21:20 [main] INFO  lt.insoft.uztis.tests.UztisPageTest - Navigated to https://uztisdev.asseco.lt/home
2025-03-12 12:21:20 [main] INFO  l.i.uztis.tests.EvaluationsPageTest - Starting test:'testConfirmEvaluationTwo'
2025-03-12 12:21:20 [main] INFO  l.i.uztis.tests.EvaluationsPageTest - Starting test:'testNavigateToEvaluationsPage'
2025-03-12 12:21:20 [main] DEBUG l.i.uztis.tests.EvaluationsPageTest - User logged in with test credentials
2025-03-12 12:21:21 [main] DEBUG l.i.uztis.tests.EvaluationsPageTest - Opened 'Application Processing' menu.
2025-03-12 12:21:21 [main] DEBUG l.i.uztis.tests.EvaluationsPageTest - Clicked on 'Evaluations' menu.
2025-03-12 12:21:21 [main] DEBUG l.i.uztis.tests.EvaluationsPageTest - Navigating to evaluations menu.
2025-03-12 12:21:21 [main] INFO  l.i.uztis.tests.EvaluationsPageTest - Test 'testNavigateToEvaluationsPage' completed successfully.
2025-03-12 12:21:21 [main] DEBUG l.i.uztis.tests.EvaluationsPageTest - Clicked on last evaluation.
2025-03-12 12:21:22 [main] DEBUG l.i.uztis.tests.EvaluationsPageTest - Clicked 'Edit'.
2025-03-12 12:21:23 [main] DEBUG l.i.uztis.tests.EvaluationsPageTest - Clicked 'Continue'.
2025-03-12 12:21:23 [main] DEBUG l.i.uztis.tests.EvaluationsPageTest - Entered conclusion: 'Išvada - papildyta'.
2025-03-12 12:21:23 [main] DEBUG l.i.uztis.tests.EvaluationsPageTest - Entered  explanation: '; Išvada pakoreduota ranka'.
2025-03-12 12:21:23 [main] DEBUG l.i.uztis.tests.EvaluationsPageTest - Clicked 'Confirm'.
2025-03-12 12:21:23 [main] DEBUG l.i.uztis.tests.EvaluationsPageTest - Clicked 'Confirm Confirmation'.
2025-03-12 12:21:24 [main] DEBUG l.i.uztis.tests.EvaluationsPageTest - Fetched label text: Įvertinta
2025-03-12 12:21:24 [main] INFO  l.i.uztis.tests.EvaluationsPageTest - Verified that the label text matches the expected value.
2025-03-12 12:21:24 [main] INFO  l.i.uztis.tests.EvaluationsPageTest - Test 'testConfirmEvaluationTwo' completed successfully.
2025-03-12 12:21:34 [main] INFO  lt.insoft.uztis.tests.UztisPageTest - Navigated to https://uztisdev.asseco.lt/home
2025-03-12 12:21:34 [main] INFO  l.i.uztis.tests.EvaluationsPageTest - Starting test:'testFillSaveDraftEvaluationThree'
2025-03-12 12:21:34 [main] INFO  l.i.uztis.tests.EvaluationsPageTest - Starting test:'testNavigateToEvaluationsPage'
2025-03-12 12:21:34 [main] DEBUG l.i.uztis.tests.EvaluationsPageTest - User logged in with test credentials
2025-03-12 12:21:34 [main] DEBUG l.i.uztis.tests.EvaluationsPageTest - Opened 'Application Processing' menu.
2025-03-12 12:21:35 [main] DEBUG l.i.uztis.tests.EvaluationsPageTest - Clicked on 'Evaluations' menu.
2025-03-12 12:21:35 [main] DEBUG l.i.uztis.tests.EvaluationsPageTest - Navigating to evaluations menu.
2025-03-12 12:21:35 [main] INFO  l.i.uztis.tests.EvaluationsPageTest - Test 'testNavigateToEvaluationsPage' completed successfully.
2025-03-12 12:21:35 [main] DEBUG l.i.uztis.tests.EvaluationsPageTest - Clicked on last evaluation.
2025-03-12 12:21:36 [main] DEBUG l.i.uztis.tests.EvaluationsPageTest - Clicked 'Edit'.
2025-03-12 12:21:36 [main] DEBUG l.i.uztis.tests.EvaluationsPageTest - Entered commission date.
2025-03-12 12:21:36 [main] DEBUG l.i.uztis.tests.EvaluationsPageTest - Selected 'Without Commission' radio button.
2025-03-12 12:21:37 [main] DEBUG l.i.uztis.tests.EvaluationsPageTest - Entered chairman name: 'Pirmininkas Pirmininkauskas'.
2025-03-12 12:21:37 [main] DEBUG l.i.uztis.tests.EvaluationsPageTest - Entered member name: 'Narys Narauskas'.
2025-03-12 12:21:37 [main] DEBUG l.i.uztis.tests.EvaluationsPageTest - Clicked 'Continue'.
2025-03-12 12:21:37 [main] DEBUG l.i.uztis.tests.EvaluationsPageTest - Entered chairman score 1: '1'.
2025-03-12 12:21:37 [main] DEBUG l.i.uztis.tests.EvaluationsPageTest - Entered member score 1: '2'.
2025-03-12 12:21:37 [main] DEBUG l.i.uztis.tests.EvaluationsPageTest - Entered member conclusion 1: 'Išvada - palanki 1'.
2025-03-12 12:21:38 [main] DEBUG l.i.uztis.tests.EvaluationsPageTest - Entered chairman score 2: '3'.
2025-03-12 12:21:38 [main] DEBUG l.i.uztis.tests.EvaluationsPageTest - Entered member score 2: '4'.
2025-03-12 12:21:38 [main] DEBUG l.i.uztis.tests.EvaluationsPageTest - Entered member conclusion 2: 'Išvada - palanki 2'.
2025-03-12 12:21:38 [main] DEBUG l.i.uztis.tests.EvaluationsPageTest - Entered chairman score 3: '5'.
2025-03-12 12:21:38 [main] DEBUG l.i.uztis.tests.EvaluationsPageTest - Entered member score 3: '6'.
2025-03-12 12:21:38 [main] DEBUG l.i.uztis.tests.EvaluationsPageTest - Entered member conclusion 3: 'Išvada - palanki 3'.
2025-03-12 12:21:38 [main] DEBUG l.i.uztis.tests.EvaluationsPageTest - Entered chairman score 4: '7'.
2025-03-12 12:21:39 [main] DEBUG l.i.uztis.tests.EvaluationsPageTest - Entered member score 4: '8'.
2025-03-12 12:21:39 [main] DEBUG l.i.uztis.tests.EvaluationsPageTest - Entered member conclusion 4: 'Išvada - palanki 4'.
2025-03-12 12:21:39 [main] DEBUG l.i.uztis.tests.EvaluationsPageTest - Entered chairman score 5: '9'.
2025-03-12 12:21:39 [main] DEBUG l.i.uztis.tests.EvaluationsPageTest - Entered member score 5: '10'.
2025-03-12 12:21:39 [main] DEBUG l.i.uztis.tests.EvaluationsPageTest - Entered member conclusion 5: 'Išvada - palanki 5'.
2025-03-12 12:21:40 [main] DEBUG l.i.uztis.tests.EvaluationsPageTest - Clicked 'Save Draft'.
2025-03-12 12:21:40 [main] DEBUG l.i.uztis.pages.ApplicationFormsPage - Verified success message: 'Duomenys sėkmingai išsaugoti.'
2025-03-12 12:21:40 [main] INFO  l.i.uztis.tests.EvaluationsPageTest - Verified success message
2025-03-12 12:21:40 [main] INFO  l.i.uztis.tests.EvaluationsPageTest - Test 'testFillSaveDraftEvaluationThree' completed successfully.
2025-03-12 12:21:53 [main] INFO  lt.insoft.uztis.tests.UztisPageTest - Navigated to https://uztisdev.asseco.lt/home
2025-03-12 12:21:53 [main] INFO  l.i.uztis.tests.EvaluationsPageTest - Starting test:'testConfirmEvaluationThree'
2025-03-12 12:21:53 [main] INFO  l.i.uztis.tests.EvaluationsPageTest - Starting test:'testNavigateToEvaluationsPage'
2025-03-12 12:21:53 [main] DEBUG l.i.uztis.tests.EvaluationsPageTest - User logged in with test credentials
2025-03-12 12:21:53 [main] DEBUG l.i.uztis.tests.EvaluationsPageTest - Opened 'Application Processing' menu.
2025-03-12 12:21:54 [main] DEBUG l.i.uztis.tests.EvaluationsPageTest - Clicked on 'Evaluations' menu.
2025-03-12 12:21:54 [main] DEBUG l.i.uztis.tests.EvaluationsPageTest - Navigating to evaluations menu.
2025-03-12 12:21:54 [main] INFO  l.i.uztis.tests.EvaluationsPageTest - Test 'testNavigateToEvaluationsPage' completed successfully.
2025-03-12 12:21:54 [main] DEBUG l.i.uztis.tests.EvaluationsPageTest - Clicked on last evaluation.
2025-03-12 12:21:55 [main] DEBUG l.i.uztis.tests.EvaluationsPageTest - Clicked 'Edit'.
2025-03-12 12:21:55 [main] DEBUG l.i.uztis.tests.EvaluationsPageTest - Clicked 'Continue'.
2025-03-12 12:21:56 [main] DEBUG l.i.uztis.tests.EvaluationsPageTest - Clicked 'Confirm'.
2025-03-12 12:21:56 [main] DEBUG l.i.uztis.tests.EvaluationsPageTest - Clicked 'Confirm Confirmation'.
2025-03-12 12:21:56 [main] DEBUG l.i.uztis.tests.EvaluationsPageTest - Fetched label text: Įvertinta
2025-03-12 12:21:56 [main] INFO  l.i.uztis.tests.EvaluationsPageTest - Verified that the label text matches the expected value.
2025-03-12 12:21:56 [main] INFO  l.i.uztis.tests.EvaluationsPageTest - Test 'testConfirmEvaluationThree' completed successfully.
2025-03-12 12:22:12 [main] INFO  lt.insoft.uztis.tests.UztisPageTest - Navigated to https://uztisdev.asseco.lt/home
2025-03-12 12:22:13 [main] INFO  l.insoft.uztis.tests.FundingPageTest - Starting test:'testFundApplication'
2025-03-12 12:22:13 [main] DEBUG l.insoft.uztis.tests.FundingPageTest - User logged in with test credentials
2025-03-12 12:22:13 [main] DEBUG l.insoft.uztis.tests.FundingPageTest - Opened 'Application Processing' menu.
2025-03-12 12:22:13 [main] DEBUG l.insoft.uztis.tests.FundingPageTest - Clicked on 'Application Forms' menu.
2025-03-12 12:22:14 [main] DEBUG l.insoft.uztis.tests.FundingPageTest - Retrieved last description code text: 'TST-VUI-84'.
2025-03-12 12:22:14 [main] DEBUG l.insoft.uztis.tests.FundingPageTest - Clicked on 'Invitation' menu.
2025-03-12 12:22:15 [main] DEBUG l.insoft.uztis.tests.FundingPageTest - Selected application section by code: 'TST-VUI-84'.
2025-03-12 12:22:15 [main] DEBUG l.insoft.uztis.tests.FundingPageTest - Clicked 'Search' button.
2025-03-12 12:22:15 [main] DEBUG l.insoft.uztis.tests.FundingPageTest - Retrieved invitation code: ''.
2025-03-12 12:22:16 [main] DEBUG l.insoft.uztis.tests.FundingPageTest - Clicked on 'Funding Queue' menu.
2025-03-12 12:22:17 [main] DEBUG l.insoft.uztis.tests.FundingPageTest - Selected invitation by code: 'TST-VUI-84'.
2025-03-12 12:22:17 [main] DEBUG l.insoft.uztis.tests.FundingPageTest - Invitation code inserted.
2025-03-12 12:22:17 [main] DEBUG l.insoft.uztis.tests.FundingPageTest - Clicked 'Form'.
2025-03-12 12:22:18 [main] DEBUG l.insoft.uztis.tests.FundingPageTest - Clicked 'Finance'.
2025-03-12 12:22:18 [main] DEBUG l.insoft.uztis.tests.FundingPageTest - Entered order number 'VUI_1'.
2025-03-12 12:22:18 [main] DEBUG l.insoft.uztis.tests.FundingPageTest - Clicked 'Finance Confirmation'.
2025-03-12 12:22:19 [main] DEBUG l.i.uztis.pages.ApplicationFormsPage - Verified success message: 'Funkcija sėkmingai atlikta.'
2025-03-12 12:22:19 [main] INFO  l.insoft.uztis.tests.FundingPageTest - Verified success message
2025-03-12 12:22:19 [main] INFO  l.insoft.uztis.tests.FundingPageTest - Test 'testFundApplication' completed successfully.
2025-03-12 12:35:59 [main] INFO  lt.insoft.uztis.tests.UztisPageTest - Navigated to https://uztisdev.asseco.lt/home
2025-03-12 12:35:59 [main] INFO  l.i.u.t.SubmittedApplicationsPageTest - Starting test:'testFillNewVUIPApplicationFA'
2025-03-12 12:36:00 [main] DEBUG l.i.u.t.SubmittedApplicationsPageTest - User logged in with test credentials.
2025-03-12 12:36:00 [main] DEBUG l.i.u.t.SubmittedApplicationsPageTest - Opened 'Application Processing' menu.
2025-03-12 12:36:00 [main] DEBUG l.i.u.t.SubmittedApplicationsPageTest - Clicked on 'Application Forms' menu.
2025-03-12 12:36:01 [main] DEBUG l.i.u.t.SubmittedApplicationsPageTest - Retrieved last description code text: 'TST-VUI-84'.
2025-03-12 12:36:01 [main] DEBUG l.i.u.t.SubmittedApplicationsPageTest - Clicked on 'Invitation' menu.
2025-03-12 12:36:02 [main] DEBUG l.i.u.t.SubmittedApplicationsPageTest - Selected application section by code: 'TST-VUI-84'.
2025-03-12 12:36:02 [main] DEBUG l.i.u.t.SubmittedApplicationsPageTest - Clicked 'Search' button.
2025-03-12 12:36:02 [main] DEBUG l.i.u.t.SubmittedApplicationsPageTest - Retrieved invitation code: ''.
2025-03-12 12:36:02 [main] DEBUG l.i.u.t.SubmittedApplicationsPageTest - Clicked on 'Submitted Applications' menu.
2025-03-12 12:36:04 [main] DEBUG l.i.u.t.SubmittedApplicationsPageTest - Selected invitation by code: 'TST-VUI-84'.
2025-03-12 12:36:04 [main] DEBUG l.i.u.t.SubmittedApplicationsPageTest - Invitation code inserted.
2025-03-12 12:36:04 [main] DEBUG l.i.u.t.SubmittedApplicationsPageTest - Clicked on 'Action Application' button.
2025-03-12 12:36:05 [main] DEBUG l.i.u.t.SubmittedApplicationsPageTest - Clicked on 'New Application' button.
2025-03-12 12:36:05 [main] DEBUG l.i.u.t.SubmittedApplicationsPageTest - Selected the 'RadioButtonFA' option.
2025-03-12 12:36:05 [main] DEBUG l.i.u.t.SubmittedApplicationsPageTest - Entered phone number: '61298745'.
2025-03-12 12:36:05 [main] DEBUG l.i.u.t.SubmittedApplicationsPageTest - Entered email: 'test@autotest.com'.
2025-03-12 12:36:05 [main] INFO  l.i.u.p.SubmittedApplicationsPage - Clicking on the dropdown button.
2025-03-12 12:36:22 [main] INFO  l.i.u.p.SubmittedApplicationsPage - Found 1741 options in the dropdown.
2025-03-12 12:36:22 [main] DEBUG l.i.u.p.SubmittedApplicationsPage - Checking option: ''
2025-03-12 12:36:22 [main] DEBUG l.i.u.p.SubmittedApplicationsPage - Checking option: '01.11 - Grūdinių (išskyrus ryžius), ankštinių ir aliejingų sėklų augalų auginimas'
2025-03-12 12:36:22 [main] INFO  l.i.u.p.SubmittedApplicationsPage - Successfully selected the value: '01.11 - Grūdinių (išskyrus ryžius), ankštinių ir aliejingų sėklų augalų auginimas'
2025-03-12 12:36:22 [main] INFO  l.i.u.p.SubmittedApplicationsPage - Attempting to close the dropdown.
2025-03-12 12:36:23 [main] DEBUG l.i.u.t.SubmittedApplicationsPageTest - Selected EVRK value: '01.11 - Grūdinių (išskyrus ryžius), ankštinių ir aliejingų sėklų augalų auginimas'.
2025-03-12 12:36:23 [main] DEBUG l.i.u.t.SubmittedApplicationsPageTest - Clicked on 'Address Component' button.
2025-03-12 12:36:23 [main] INFO  l.i.u.p.SubmittedApplicationsPage - Located the dropdown button.
2025-03-12 12:36:26 [main] INFO  l.i.u.p.SubmittedApplicationsPage - Successfully selected the value: 'Lietuva'
2025-03-12 12:36:26 [main] DEBUG l.i.u.t.SubmittedApplicationsPageTest - Selected country: 'Lietuva'.
2025-03-12 12:36:26 [main] INFO  l.i.u.p.SubmittedApplicationsPage - Located the dropdown search field.
2025-03-12 12:36:26 [main] INFO  l.i.u.p.SubmittedApplicationsPage - Dropdown city is opened.
2025-03-12 12:36:27 [main] INFO  l.i.u.p.SubmittedApplicationsPage - Searched for value: 'Vilnius'
2025-03-12 12:36:27 [main] INFO  l.i.u.p.SubmittedApplicationsPage - Successfully selected: 'Vilnius'
2025-03-12 12:36:27 [main] INFO  l.i.u.p.SubmittedApplicationsPage - Located the dropdown button.
2025-03-12 12:36:28 [main] INFO  l.i.u.p.SubmittedApplicationsPage - Successfully selected the value: 'A. Domaševičiaus g.'
2025-03-12 12:36:28 [main] DEBUG l.i.u.t.SubmittedApplicationsPageTest - Selected street: 'A. Domaševičiaus g.'.
2025-03-12 12:36:28 [main] INFO  l.i.u.p.SubmittedApplicationsPage - Located the dropdown button.
2025-03-12 12:36:28 [main] INFO  l.i.u.p.SubmittedApplicationsPage - Successfully selected the value: '1'
2025-03-12 12:36:28 [main] DEBUG l.i.u.t.SubmittedApplicationsPageTest - Selected house: '1'.
2025-03-12 12:36:28 [main] INFO  l.i.u.p.SubmittedApplicationsPage - Located the dropdown button.
2025-03-12 12:36:28 [main] INFO  l.i.u.p.SubmittedApplicationsPage - Successfully selected the value: '1'
2025-03-12 12:36:28 [main] DEBUG l.i.u.t.SubmittedApplicationsPageTest - Selected apartment: '1'.
2025-03-12 12:36:29 [main] DEBUG l.i.u.t.SubmittedApplicationsPageTest - Clicked 'Confirm' button.
2025-03-12 12:36:29 [main] DEBUG l.i.u.t.SubmittedApplicationsPageTest - Entered project date.
2025-03-12 12:36:29 [main] DEBUG l.i.u.t.SubmittedApplicationsPageTest - Entered job count: '1'.
2025-03-12 12:36:29 [main] DEBUG l.i.u.t.SubmittedApplicationsPageTest - Clicked 'Next' button.
2025-03-12 12:36:29 [main] INFO  l.i.u.p.SubmittedApplicationsPage - Located the dropdown button.
2025-03-12 12:36:30 [main] INFO  l.i.u.p.SubmittedApplicationsPage - Successfully selected the value: 'Administratoriai'
2025-03-12 12:36:30 [main] DEBUG l.i.u.t.SubmittedApplicationsPageTest - Selected job name: 'Administratoriai'.
2025-03-12 12:36:30 [main] DEBUG l.i.u.t.SubmittedApplicationsPageTest - Entered job function: 'Funkcija 1'.
2025-03-12 12:36:31 [main] DEBUG l.i.u.t.SubmittedApplicationsPageTest - Selected 'RadioButtonWithDisabilities' option.
2025-03-12 12:36:31 [main] INFO  l.i.u.p.SubmittedApplicationsPage - Clicking on the dropdown button.
2025-03-12 12:36:31 [main] INFO  l.i.u.p.SubmittedApplicationsPage - Found 34 options in the dropdown.
2025-03-12 12:36:31 [main] DEBUG l.i.u.p.SubmittedApplicationsPage - Checking option: 'Asmenys, kuriems suteiktas pabėgėlio statusas ar perkeliamojo asmens statusas, arba asmenys, kuriems suteikta papildoma ar laikinoji apsauga, ir asmenys, turintys teisę gauti laikinąją apsaugą, iki sprendimo dėl laikinosios apsaugos suteikimo (nesuteikimo) priėmimo, tačiau ne ilgiau kaip laikinosios apsaugos laikotarpiu'
2025-03-12 12:36:31 [main] DEBUG l.i.u.p.SubmittedApplicationsPage - Checking option: 'Asmenys, kuriems suteiktas pabėgėlio statusas ar perkeliamojo asmens statusas, arba asmenys, kuriems suteikta papildoma ar laikinoji apsauga, ir asmenys, turintys teisę gauti laikinąją apsaugą, iki sprendimo dėl laikinosios apsaugos suteikimo (nesuteikimo) priėmimo, tačiau ne ilgiau kaip laikinosios apsaugos laikotarpiu'
2025-03-12 12:36:31 [main] DEBUG l.i.u.p.SubmittedApplicationsPage - Checking option: 'Asmenys, turintys teisę į papildomas užimtumo garantijas pagal Lietuvos Respublikos valstybės įmonės Ignalinos atominės elektrinės darbuotojų papildomų užimtumo ir socialinių garantijų įstatymą'
2025-03-12 12:36:31 [main] DEBUG l.i.u.p.SubmittedApplicationsPage - Checking option: 'Asmenys, turintys teisę į papildomas užimtumo garantijas pagal Lietuvos Respublikos valstybės įmonės Ignalinos atominės elektrinės darbuotojų papildomų užimtumo ir socialinių garantijų įstatymą'
2025-03-12 12:36:32 [main] DEBUG l.i.u.p.SubmittedApplicationsPage - Checking option: 'Bedarbiai iki 29 metų'
2025-03-12 12:36:32 [main] DEBUG l.i.u.p.SubmittedApplicationsPage - Checking option: 'Bedarbiai iki 29 metų'
2025-03-12 12:36:32 [main] DEBUG l.i.u.p.SubmittedApplicationsPage - Checking option: 'Bedarbiai, kurie yra darbingo amžiaus neįgalieji, kuriems nustatytas 30–40 procentų darbingumo lygis arba vidutinis neįgalumo lygis'
2025-03-12 12:36:32 [main] DEBUG l.i.u.p.SubmittedApplicationsPage - Checking option: 'Bedarbiai, kurie yra darbingo amžiaus neįgalieji, kuriems nustatytas 30–40 procentų darbingumo lygis arba vidutinis neįgalumo lygis'
2025-03-12 12:36:32 [main] DEBUG l.i.u.p.SubmittedApplicationsPage - Checking option: 'Bedarbiai, kurie yra darbingo amžiaus neįgalieji, kuriems nustatytas 45–55 procentų darbingumo lygis arba lengvas neįgalumo lygis'
2025-03-12 12:36:32 [main] DEBUG l.i.u.p.SubmittedApplicationsPage - Checking option: 'Bedarbiai, kurie yra darbingo amžiaus neįgalieji, kuriems nustatytas 45–55 procentų darbingumo lygis arba lengvas neįgalumo lygis'
2025-03-12 12:36:32 [main] DEBUG l.i.u.p.SubmittedApplicationsPage - Checking option: 'Bedarbiai, kurie yra darbingo amžiaus neįgalieji, kuriems nustatytas iki 25 procentų darbingumo lygis arba sunkus neįgalumo lygis'
2025-03-12 12:36:32 [main] INFO  l.i.u.p.SubmittedApplicationsPage - Successfully selected the value: 'Bedarbiai, kurie yra darbingo amžiaus neįgalieji, kuriems nustatytas iki 25 procentų darbingumo lygis arba sunkus neįgalumo lygis'
2025-03-12 12:36:32 [main] INFO  l.i.u.p.SubmittedApplicationsPage - Attempting to close the dropdown.
2025-03-12 12:36:32 [main] DEBUG l.i.u.t.SubmittedApplicationsPageTest - Selected disabilities type: 'Bedarbiai, kurie yra darbingo amžiaus neįgalieji, kuriems nustatytas iki 25 procentų darbingumo lygis arba sunkus neįgalumo lygis'.
2025-03-12 12:36:33 [main] DEBUG l.i.u.t.SubmittedApplicationsPageTest - Entered disability information: 'Negalia 1'.
2025-03-12 12:36:33 [main] INFO  l.i.u.p.SubmittedApplicationsPage - Located the dropdown button.
2025-03-12 12:36:33 [main] INFO  l.i.u.p.SubmittedApplicationsPage - Successfully selected the value: 'Kita'
2025-03-12 12:36:33 [main] DEBUG l.i.u.t.SubmittedApplicationsPageTest - Selected time mode: 'Kita'.
2025-03-12 12:36:34 [main] DEBUG l.i.u.t.SubmittedApplicationsPageTest - Selected time mode other: '6 val. per dieną ir 4 d. per savaitę'.
2025-03-12 12:36:34 [main] DEBUG l.i.u.t.SubmittedApplicationsPageTest - Entered qualification: 'Kvalifikacija 1'.
2025-03-12 12:36:34 [main] DEBUG l.i.u.t.SubmittedApplicationsPageTest - Entered job date.
2025-03-12 12:36:34 [main] DEBUG l.i.u.t.SubmittedApplicationsPageTest - Entered salary amount: '1200'.
2025-03-12 12:36:34 [main] DEBUG l.i.u.t.SubmittedApplicationsPageTest - Selected 'Temporary Job' radio button.
2025-03-12 12:36:35 [main] DEBUG l.i.u.t.SubmittedApplicationsPageTest - Selected 'Season Job' radio button.
2025-03-12 12:36:35 [main] DEBUG l.i.u.t.SubmittedApplicationsPageTest - Selected 'Energy' radio button.
2025-03-12 12:36:35 [main] DEBUG l.i.u.t.SubmittedApplicationsPageTest - Selected 'Repair' radio button.
2025-03-12 12:36:35 [main] DEBUG l.i.u.t.SubmittedApplicationsPageTest - Entered job description: 'Veikla 1'.
2025-03-12 12:36:35 [main] DEBUG l.i.u.t.SubmittedApplicationsPageTest - Entered process description: 'Procesas 1'.
2025-03-12 12:36:36 [main] DEBUG l.i.u.t.SubmittedApplicationsPageTest - Entered energy information: 'Energija 1'.
2025-03-12 12:36:36 [main] DEBUG l.i.u.t.SubmittedApplicationsPageTest - Entered repair information: 'Remontas 1'.
2025-03-12 12:36:36 [main] DEBUG l.i.u.t.SubmittedApplicationsPageTest - Selected 'PVM' radio button.
2025-03-12 12:36:36 [main] INFO  l.i.u.p.SubmittedApplicationsPage - Located the dropdown button.
2025-03-12 12:36:36 [main] INFO  l.i.u.p.SubmittedApplicationsPage - Successfully selected the value: 'Įsigyti'
2025-03-12 12:36:36 [main] DEBUG l.i.u.t.SubmittedApplicationsPageTest - Selected necessary for job: 'Įsigyti'.
2025-03-12 12:36:37 [main] DEBUG l.i.u.t.SubmittedApplicationsPageTest - Selected tool: 'Darbo priemonė 1'.
2025-03-12 12:36:37 [main] DEBUG l.i.u.t.SubmittedApplicationsPageTest - Selected tool parameter one: 'Darbo priemonės 1 parametras 1'.
2025-03-12 12:36:37 [main] DEBUG l.i.u.t.SubmittedApplicationsPageTest - Selected tool parameter two: 'Darbo priemonės 1 parametras 2'.
2025-03-12 12:36:37 [main] DEBUG l.i.u.t.SubmittedApplicationsPageTest - Selected tool parameter three: 'Darbo priemonės 1 parametras 3'.
2025-03-12 12:36:38 [main] DEBUG l.i.u.t.SubmittedApplicationsPageTest - Entered tool count: '1'.
2025-03-12 12:36:38 [main] DEBUG l.i.u.t.SubmittedApplicationsPageTest - Entered price amount 1: '1000'.
2025-03-12 12:36:38 [main] DEBUG l.i.u.t.SubmittedApplicationsPageTest - Entered own funds amount 1: '800'.
2025-03-12 12:36:38 [main] DEBUG l.i.u.t.SubmittedApplicationsPageTest - Clicked 'Add' button.
2025-03-12 12:36:38 [main] INFO  l.i.u.p.SubmittedApplicationsPage - Located the dropdown button.
2025-03-12 12:36:39 [main] INFO  l.i.u.p.SubmittedApplicationsPage - Successfully selected the value: 'Remontuoti'
2025-03-12 12:36:39 [main] DEBUG l.i.u.t.SubmittedApplicationsPageTest - Selected necessary for job 'to repair': 'Remontuoti'.
2025-03-12 12:36:39 [main] DEBUG l.i.u.t.SubmittedApplicationsPageTest - Selected repair name: 'Remonto pavadinimas 1'.
2025-03-12 12:36:39 [main] DEBUG l.i.u.t.SubmittedApplicationsPageTest - Entered repair information: 'Remonto aprašymas 1'.
2025-03-12 12:36:39 [main] DEBUG l.i.u.t.SubmittedApplicationsPageTest - Entered price amount 2: '1000'.
2025-03-12 12:36:40 [main] DEBUG l.i.u.t.SubmittedApplicationsPageTest - Entered own funds amount 2: '900'.
2025-03-12 12:36:40 [main] DEBUG l.i.u.t.SubmittedApplicationsPageTest - Entered country percentage: '50'.
2025-03-12 12:36:40 [main] DEBUG l.i.u.t.SubmittedApplicationsPageTest - Entered institution percentage: '50'.
2025-03-12 12:36:40 [main] DEBUG l.i.u.t.SubmittedApplicationsPageTest - Entered municipality percentage: '50'.
2025-03-12 12:36:40 [main] DEBUG l.i.u.t.SubmittedApplicationsPageTest - Selected 'De Minimis' radio button.
2025-03-12 12:36:41 [main] DEBUG l.i.u.t.SubmittedApplicationsPageTest - Entered program name: 'Programa 1'.
2025-03-12 12:36:41 [main] DEBUG l.i.u.t.SubmittedApplicationsPageTest - Entered project date from.
2025-03-12 12:36:41 [main] DEBUG l.i.u.t.SubmittedApplicationsPageTest - Entered project date until.
2025-03-12 12:36:41 [main] DEBUG l.i.u.t.SubmittedApplicationsPageTest - Entered support amount: '2000'.
2025-03-12 12:36:42 [main] DEBUG l.i.u.t.SubmittedApplicationsPageTest - Clicked 'Next' button.
2025-03-12 12:36:52 [main] DEBUG l.i.u.t.SubmittedApplicationsPageTest - Checked 'Legal Entities' checkbox 1.
2025-03-12 12:37:02 [main] DEBUG l.i.u.t.SubmittedApplicationsPageTest - Checked 'Legal Entities' checkbox 2.
2025-03-12 12:37:12 [main] DEBUG l.i.u.t.SubmittedApplicationsPageTest - Checked 'Legal Entities' checkbox 3.
2025-03-12 12:37:12 [main] DEBUG l.i.u.t.SubmittedApplicationsPageTest - Test finished: All 'Legal Entities' checkboxes checked successfully.
2025-03-12 12:37:12 [main] DEBUG l.i.u.t.SubmittedApplicationsPageTest - Clicked 'Next' button after checkboxes.
2025-03-12 12:37:22 [main] ERROR l.i.u.p.SubmittedApplicationsPage - Error selecting radio button: Expected condition failed: waiting for element to be clickable: By.xpath: (//input[@type='radio' and @value='false'])[8] (tried for 10 second(s) with 500 milliseconds interval)
Build info: version: '4.27.0', revision: 'd6e718d134'
System info: os.name: 'Windows 11', os.arch: 'amd64', os.version: '10.0', java.version: '21.0.3'
Driver info: org.openqa.selenium.chrome.ChromeDriver
Capabilities {acceptInsecureCerts: false, browserName: chrome, browserVersion: 134.0.6998.88, chrome: {chromedriverVersion: 134.0.6998.88 (7e3d5c978c6d..., userDataDir: C:\Users\INGRID~1.ZAD\AppDa...}, fedcm:accounts: true, goog:chromeOptions: {debuggerAddress: localhost:63155}, networkConnectionEnabled: false, pageLoadStrategy: normal, platformName: windows, proxy: Proxy(), se:cdp: ws://localhost:63155/devtoo..., se:cdpVersion: 134.0.6998.88, setWindowRect: true, strictFileInteractability: false, timeouts: {implicit: 0, pageLoad: 300000, script: 30000}, unhandledPromptBehavior: dismiss and notify, webauthn:extension:credBlob: true, webauthn:extension:largeBlob: true, webauthn:extension:minPinLength: true, webauthn:extension:prf: true, webauthn:virtualAuthenticators: true}
Session ID: 8e6e3e205c15fe0ea0e68c6426fb6f00
2025-03-12 12:37:22 [main] INFO  l.i.u.t.SubmittedApplicationsPageTest - Marking 'Ne' radio button 1
2025-03-12 12:37:32 [main] ERROR l.i.u.p.SubmittedApplicationsPage - Error selecting radio button: Expected condition failed: waiting for element to be clickable: By.xpath: (//input[@type='radio' and @value='false'])[9] (tried for 10 second(s) with 500 milliseconds interval)
Build info: version: '4.27.0', revision: 'd6e718d134'
System info: os.name: 'Windows 11', os.arch: 'amd64', os.version: '10.0', java.version: '21.0.3'
Driver info: org.openqa.selenium.chrome.ChromeDriver
Capabilities {acceptInsecureCerts: false, browserName: chrome, browserVersion: 134.0.6998.88, chrome: {chromedriverVersion: 134.0.6998.88 (7e3d5c978c6d..., userDataDir: C:\Users\INGRID~1.ZAD\AppDa...}, fedcm:accounts: true, goog:chromeOptions: {debuggerAddress: localhost:63155}, networkConnectionEnabled: false, pageLoadStrategy: normal, platformName: windows, proxy: Proxy(), se:cdp: ws://localhost:63155/devtoo..., se:cdpVersion: 134.0.6998.88, setWindowRect: true, strictFileInteractability: false, timeouts: {implicit: 0, pageLoad: 300000, script: 30000}, unhandledPromptBehavior: dismiss and notify, webauthn:extension:credBlob: true, webauthn:extension:largeBlob: true, webauthn:extension:minPinLength: true, webauthn:extension:prf: true, webauthn:virtualAuthenticators: true}
Session ID: 8e6e3e205c15fe0ea0e68c6426fb6f00
2025-03-12 12:37:32 [main] INFO  l.i.u.t.SubmittedApplicationsPageTest - Marking 'Ne' radio button 2
2025-03-12 12:37:42 [main] ERROR l.i.u.p.SubmittedApplicationsPage - Error selecting radio button: Expected condition failed: waiting for element to be clickable: By.xpath: (//input[@type='radio' and @value='false'])[10] (tried for 10 second(s) with 500 milliseconds interval)
Build info: version: '4.27.0', revision: 'd6e718d134'
System info: os.name: 'Windows 11', os.arch: 'amd64', os.version: '10.0', java.version: '21.0.3'
Driver info: org.openqa.selenium.chrome.ChromeDriver
Capabilities {acceptInsecureCerts: false, browserName: chrome, browserVersion: 134.0.6998.88, chrome: {chromedriverVersion: 134.0.6998.88 (7e3d5c978c6d..., userDataDir: C:\Users\INGRID~1.ZAD\AppDa...}, fedcm:accounts: true, goog:chromeOptions: {debuggerAddress: localhost:63155}, networkConnectionEnabled: false, pageLoadStrategy: normal, platformName: windows, proxy: Proxy(), se:cdp: ws://localhost:63155/devtoo..., se:cdpVersion: 134.0.6998.88, setWindowRect: true, strictFileInteractability: false, timeouts: {implicit: 0, pageLoad: 300000, script: 30000}, unhandledPromptBehavior: dismiss and notify, webauthn:extension:credBlob: true, webauthn:extension:largeBlob: true, webauthn:extension:minPinLength: true, webauthn:extension:prf: true, webauthn:virtualAuthenticators: true}
Session ID: 8e6e3e205c15fe0ea0e68c6426fb6f00
2025-03-12 12:37:42 [main] INFO  l.i.u.t.SubmittedApplicationsPageTest - Marking 'Ne' radio button 3
2025-03-12 12:37:53 [main] ERROR l.i.u.p.SubmittedApplicationsPage - Error selecting radio button: Expected condition failed: waiting for element to be clickable: By.xpath: (//input[@type='radio' and @value='false'])[11] (tried for 10 second(s) with 500 milliseconds interval)
Build info: version: '4.27.0', revision: 'd6e718d134'
System info: os.name: 'Windows 11', os.arch: 'amd64', os.version: '10.0', java.version: '21.0.3'
Driver info: org.openqa.selenium.chrome.ChromeDriver
Capabilities {acceptInsecureCerts: false, browserName: chrome, browserVersion: 134.0.6998.88, chrome: {chromedriverVersion: 134.0.6998.88 (7e3d5c978c6d..., userDataDir: C:\Users\INGRID~1.ZAD\AppDa...}, fedcm:accounts: true, goog:chromeOptions: {debuggerAddress: localhost:63155}, networkConnectionEnabled: false, pageLoadStrategy: normal, platformName: windows, proxy: Proxy(), se:cdp: ws://localhost:63155/devtoo..., se:cdpVersion: 134.0.6998.88, setWindowRect: true, strictFileInteractability: false, timeouts: {implicit: 0, pageLoad: 300000, script: 30000}, unhandledPromptBehavior: dismiss and notify, webauthn:extension:credBlob: true, webauthn:extension:largeBlob: true, webauthn:extension:minPinLength: true, webauthn:extension:prf: true, webauthn:virtualAuthenticators: true}
Session ID: 8e6e3e205c15fe0ea0e68c6426fb6f00
2025-03-12 12:37:53 [main] INFO  l.i.u.t.SubmittedApplicationsPageTest - Marking 'Ne' radio button 4
2025-03-12 12:38:03 [main] ERROR l.i.u.p.SubmittedApplicationsPage - Error selecting radio button: Expected condition failed: waiting for element to be clickable: By.xpath: (//input[@type='radio' and @value='false'])[12] (tried for 10 second(s) with 500 milliseconds interval)
Build info: version: '4.27.0', revision: 'd6e718d134'
System info: os.name: 'Windows 11', os.arch: 'amd64', os.version: '10.0', java.version: '21.0.3'
Driver info: org.openqa.selenium.chrome.ChromeDriver
Capabilities {acceptInsecureCerts: false, browserName: chrome, browserVersion: 134.0.6998.88, chrome: {chromedriverVersion: 134.0.6998.88 (7e3d5c978c6d..., userDataDir: C:\Users\INGRID~1.ZAD\AppDa...}, fedcm:accounts: true, goog:chromeOptions: {debuggerAddress: localhost:63155}, networkConnectionEnabled: false, pageLoadStrategy: normal, platformName: windows, proxy: Proxy(), se:cdp: ws://localhost:63155/devtoo..., se:cdpVersion: 134.0.6998.88, setWindowRect: true, strictFileInteractability: false, timeouts: {implicit: 0, pageLoad: 300000, script: 30000}, unhandledPromptBehavior: dismiss and notify, webauthn:extension:credBlob: true, webauthn:extension:largeBlob: true, webauthn:extension:minPinLength: true, webauthn:extension:prf: true, webauthn:virtualAuthenticators: true}
Session ID: 8e6e3e205c15fe0ea0e68c6426fb6f00
2025-03-12 12:38:03 [main] INFO  l.i.u.t.SubmittedApplicationsPageTest - Marking 'Ne' radio button 5
2025-03-12 12:38:13 [main] ERROR l.i.u.p.SubmittedApplicationsPage - Error selecting radio button: Expected condition failed: waiting for element to be clickable: By.xpath: (//input[@type='radio' and @value='false'])[13] (tried for 10 second(s) with 500 milliseconds interval)
Build info: version: '4.27.0', revision: 'd6e718d134'
System info: os.name: 'Windows 11', os.arch: 'amd64', os.version: '10.0', java.version: '21.0.3'
Driver info: org.openqa.selenium.chrome.ChromeDriver
Capabilities {acceptInsecureCerts: false, browserName: chrome, browserVersion: 134.0.6998.88, chrome: {chromedriverVersion: 134.0.6998.88 (7e3d5c978c6d..., userDataDir: C:\Users\INGRID~1.ZAD\AppDa...}, fedcm:accounts: true, goog:chromeOptions: {debuggerAddress: localhost:63155}, networkConnectionEnabled: false, pageLoadStrategy: normal, platformName: windows, proxy: Proxy(), se:cdp: ws://localhost:63155/devtoo..., se:cdpVersion: 134.0.6998.88, setWindowRect: true, strictFileInteractability: false, timeouts: {implicit: 0, pageLoad: 300000, script: 30000}, unhandledPromptBehavior: dismiss and notify, webauthn:extension:credBlob: true, webauthn:extension:largeBlob: true, webauthn:extension:minPinLength: true, webauthn:extension:prf: true, webauthn:virtualAuthenticators: true}
Session ID: 8e6e3e205c15fe0ea0e68c6426fb6f00
2025-03-12 12:38:13 [main] INFO  l.i.u.t.SubmittedApplicationsPageTest - Marking 'Ne' radio button 6
2025-03-12 12:38:23 [main] ERROR l.i.u.p.SubmittedApplicationsPage - Error selecting radio button: Expected condition failed: waiting for element to be clickable: By.xpath: (//input[@type='radio' and @value='true'])[14] (tried for 10 second(s) with 500 milliseconds interval)
Build info: version: '4.27.0', revision: 'd6e718d134'
System info: os.name: 'Windows 11', os.arch: 'amd64', os.version: '10.0', java.version: '21.0.3'
Driver info: org.openqa.selenium.chrome.ChromeDriver
Capabilities {acceptInsecureCerts: false, browserName: chrome, browserVersion: 134.0.6998.88, chrome: {chromedriverVersion: 134.0.6998.88 (7e3d5c978c6d..., userDataDir: C:\Users\INGRID~1.ZAD\AppDa...}, fedcm:accounts: true, goog:chromeOptions: {debuggerAddress: localhost:63155}, networkConnectionEnabled: false, pageLoadStrategy: normal, platformName: windows, proxy: Proxy(), se:cdp: ws://localhost:63155/devtoo..., se:cdpVersion: 134.0.6998.88, setWindowRect: true, strictFileInteractability: false, timeouts: {implicit: 0, pageLoad: 300000, script: 30000}, unhandledPromptBehavior: dismiss and notify, webauthn:extension:credBlob: true, webauthn:extension:largeBlob: true, webauthn:extension:minPinLength: true, webauthn:extension:prf: true, webauthn:virtualAuthenticators: true}
Session ID: 8e6e3e205c15fe0ea0e68c6426fb6f00
2025-03-12 12:38:24 [main] INFO  l.i.u.t.SubmittedApplicationsPageTest - Marking 'Taip' radio button 7
2025-03-12 12:38:34 [main] ERROR l.i.u.p.SubmittedApplicationsPage - Error selecting radio button: Expected condition failed: waiting for element to be clickable: By.xpath: (//input[@type='radio' and @value='true'])[15] (tried for 10 second(s) with 500 milliseconds interval)
Build info: version: '4.27.0', revision: 'd6e718d134'
System info: os.name: 'Windows 11', os.arch: 'amd64', os.version: '10.0', java.version: '21.0.3'
Driver info: org.openqa.selenium.chrome.ChromeDriver
Capabilities {acceptInsecureCerts: false, browserName: chrome, browserVersion: 134.0.6998.88, chrome: {chromedriverVersion: 134.0.6998.88 (7e3d5c978c6d..., userDataDir: C:\Users\INGRID~1.ZAD\AppDa...}, fedcm:accounts: true, goog:chromeOptions: {debuggerAddress: localhost:63155}, networkConnectionEnabled: false, pageLoadStrategy: normal, platformName: windows, proxy: Proxy(), se:cdp: ws://localhost:63155/devtoo..., se:cdpVersion: 134.0.6998.88, setWindowRect: true, strictFileInteractability: false, timeouts: {implicit: 0, pageLoad: 300000, script: 30000}, unhandledPromptBehavior: dismiss and notify, webauthn:extension:credBlob: true, webauthn:extension:largeBlob: true, webauthn:extension:minPinLength: true, webauthn:extension:prf: true, webauthn:virtualAuthenticators: true}
Session ID: 8e6e3e205c15fe0ea0e68c6426fb6f00
2025-03-12 12:38:34 [main] INFO  l.i.u.t.SubmittedApplicationsPageTest - Marking 'Taip' radio button 8
2025-03-12 12:38:44 [main] ERROR l.i.u.p.SubmittedApplicationsPage - Error selecting radio button: Expected condition failed: waiting for element to be clickable: By.xpath: (//input[@type='radio' and @value='true'])[16] (tried for 10 second(s) with 500 milliseconds interval)
Build info: version: '4.27.0', revision: 'd6e718d134'
System info: os.name: 'Windows 11', os.arch: 'amd64', os.version: '10.0', java.version: '21.0.3'
Driver info: org.openqa.selenium.chrome.ChromeDriver
Capabilities {acceptInsecureCerts: false, browserName: chrome, browserVersion: 134.0.6998.88, chrome: {chromedriverVersion: 134.0.6998.88 (7e3d5c978c6d..., userDataDir: C:\Users\INGRID~1.ZAD\AppDa...}, fedcm:accounts: true, goog:chromeOptions: {debuggerAddress: localhost:63155}, networkConnectionEnabled: false, pageLoadStrategy: normal, platformName: windows, proxy: Proxy(), se:cdp: ws://localhost:63155/devtoo..., se:cdpVersion: 134.0.6998.88, setWindowRect: true, strictFileInteractability: false, timeouts: {implicit: 0, pageLoad: 300000, script: 30000}, unhandledPromptBehavior: dismiss and notify, webauthn:extension:credBlob: true, webauthn:extension:largeBlob: true, webauthn:extension:minPinLength: true, webauthn:extension:prf: true, webauthn:virtualAuthenticators: true}
Session ID: 8e6e3e205c15fe0ea0e68c6426fb6f00
2025-03-12 12:38:44 [main] INFO  l.i.u.t.SubmittedApplicationsPageTest - Marking 'Taip' radio button 9
2025-03-12 12:38:54 [main] ERROR l.i.u.p.SubmittedApplicationsPage - Error selecting radio button: Expected condition failed: waiting for element to be clickable: By.xpath: (//input[@type='radio' and @value='true'])[17] (tried for 10 second(s) with 500 milliseconds interval)
Build info: version: '4.27.0', revision: 'd6e718d134'
System info: os.name: 'Windows 11', os.arch: 'amd64', os.version: '10.0', java.version: '21.0.3'
Driver info: org.openqa.selenium.chrome.ChromeDriver
Capabilities {acceptInsecureCerts: false, browserName: chrome, browserVersion: 134.0.6998.88, chrome: {chromedriverVersion: 134.0.6998.88 (7e3d5c978c6d..., userDataDir: C:\Users\INGRID~1.ZAD\AppDa...}, fedcm:accounts: true, goog:chromeOptions: {debuggerAddress: localhost:63155}, networkConnectionEnabled: false, pageLoadStrategy: normal, platformName: windows, proxy: Proxy(), se:cdp: ws://localhost:63155/devtoo..., se:cdpVersion: 134.0.6998.88, setWindowRect: true, strictFileInteractability: false, timeouts: {implicit: 0, pageLoad: 300000, script: 30000}, unhandledPromptBehavior: dismiss and notify, webauthn:extension:credBlob: true, webauthn:extension:largeBlob: true, webauthn:extension:minPinLength: true, webauthn:extension:prf: true, webauthn:virtualAuthenticators: true}
Session ID: 8e6e3e205c15fe0ea0e68c6426fb6f00
2025-03-12 12:38:54 [main] INFO  l.i.u.t.SubmittedApplicationsPageTest - Marking 'Taip' radio button 10
2025-03-12 12:39:04 [main] ERROR l.i.u.p.SubmittedApplicationsPage - Error selecting radio button: Expected condition failed: waiting for element to be clickable: By.xpath: (//input[@type='radio' and @value='true'])[18] (tried for 10 second(s) with 500 milliseconds interval)
Build info: version: '4.27.0', revision: 'd6e718d134'
System info: os.name: 'Windows 11', os.arch: 'amd64', os.version: '10.0', java.version: '21.0.3'
Driver info: org.openqa.selenium.chrome.ChromeDriver
Capabilities {acceptInsecureCerts: false, browserName: chrome, browserVersion: 134.0.6998.88, chrome: {chromedriverVersion: 134.0.6998.88 (7e3d5c978c6d..., userDataDir: C:\Users\INGRID~1.ZAD\AppDa...}, fedcm:accounts: true, goog:chromeOptions: {debuggerAddress: localhost:63155}, networkConnectionEnabled: false, pageLoadStrategy: normal, platformName: windows, proxy: Proxy(), se:cdp: ws://localhost:63155/devtoo..., se:cdpVersion: 134.0.6998.88, setWindowRect: true, strictFileInteractability: false, timeouts: {implicit: 0, pageLoad: 300000, script: 30000}, unhandledPromptBehavior: dismiss and notify, webauthn:extension:credBlob: true, webauthn:extension:largeBlob: true, webauthn:extension:minPinLength: true, webauthn:extension:prf: true, webauthn:virtualAuthenticators: true}
Session ID: 8e6e3e205c15fe0ea0e68c6426fb6f00
2025-03-12 12:39:04 [main] INFO  l.i.u.t.SubmittedApplicationsPageTest - Marking 'Taip' radio button 11
2025-03-12 12:39:15 [main] ERROR l.i.u.p.SubmittedApplicationsPage - Error selecting radio button: Expected condition failed: waiting for element to be clickable: By.xpath: (//input[@type='radio' and @value='true'])[19] (tried for 10 second(s) with 500 milliseconds interval)
Build info: version: '4.27.0', revision: 'd6e718d134'
System info: os.name: 'Windows 11', os.arch: 'amd64', os.version: '10.0', java.version: '21.0.3'
Driver info: org.openqa.selenium.chrome.ChromeDriver
Capabilities {acceptInsecureCerts: false, browserName: chrome, browserVersion: 134.0.6998.88, chrome: {chromedriverVersion: 134.0.6998.88 (7e3d5c978c6d..., userDataDir: C:\Users\INGRID~1.ZAD\AppDa...}, fedcm:accounts: true, goog:chromeOptions: {debuggerAddress: localhost:63155}, networkConnectionEnabled: false, pageLoadStrategy: normal, platformName: windows, proxy: Proxy(), se:cdp: ws://localhost:63155/devtoo..., se:cdpVersion: 134.0.6998.88, setWindowRect: true, strictFileInteractability: false, timeouts: {implicit: 0, pageLoad: 300000, script: 30000}, unhandledPromptBehavior: dismiss and notify, webauthn:extension:credBlob: true, webauthn:extension:largeBlob: true, webauthn:extension:minPinLength: true, webauthn:extension:prf: true, webauthn:virtualAuthenticators: true}
Session ID: 8e6e3e205c15fe0ea0e68c6426fb6f00
2025-03-12 12:39:15 [main] INFO  l.i.u.t.SubmittedApplicationsPageTest - Marking 'Taip' radio button 12
2025-03-12 12:39:25 [main] DEBUG l.i.u.t.SubmittedApplicationsPageTest - Checked 'ConfirmationStepFour'
2025-03-12 12:39:25 [main] DEBUG l.i.u.t.SubmittedApplicationsPageTest - Clicked 'Next' button after checkboxes.
2025-03-12 12:39:25 [main] INFO  l.i.u.p.SubmittedApplicationsPage - File uploaded successfully to an input element.
2025-03-12 12:39:25 [main] INFO  l.i.u.p.SubmittedApplicationsPage - File uploaded successfully to an input element.
2025-03-12 12:39:25 [main] INFO  l.i.u.p.SubmittedApplicationsPage - File uploaded successfully to an input element.
2025-03-12 12:39:25 [main] INFO  l.i.u.p.SubmittedApplicationsPage - File uploaded successfully to an input element.
2025-03-12 12:39:25 [main] INFO  l.i.u.p.SubmittedApplicationsPage - File uploaded successfully to an input element.
2025-03-12 12:39:25 [main] INFO  l.i.u.p.SubmittedApplicationsPage - File uploaded successfully to an input element.
2025-03-12 12:39:25 [main] INFO  l.i.u.p.SubmittedApplicationsPage - File uploaded successfully to an input element.
2025-03-12 12:39:25 [main] INFO  l.i.u.p.SubmittedApplicationsPage - File uploaded successfully to an input element.
2025-03-12 12:39:26 [main] INFO  l.i.u.p.SubmittedApplicationsPage - File uploaded successfully to an input element.
2025-03-12 12:39:26 [main] INFO  l.i.u.p.SubmittedApplicationsPage - File uploaded successfully to an input element.
2025-03-12 12:39:26 [main] DEBUG l.i.u.t.SubmittedApplicationsPageTest - Entered program name: 'Dokumentas 1'.
2025-03-12 12:39:26 [main] DEBUG l.i.u.t.SubmittedApplicationsPageTest - Entered program name: 'Dokumentas 2'.
2025-03-12 12:39:26 [main] DEBUG l.i.u.t.SubmittedApplicationsPageTest - Entered program name: 'Dokumentas 3'.
2025-03-12 12:39:26 [main] DEBUG l.i.u.t.SubmittedApplicationsPageTest - Entered program name: 'Dokumentas 4'.
2025-03-12 12:39:26 [main] DEBUG l.i.u.t.SubmittedApplicationsPageTest - Entered program name: 'Dokumentas 5'.
2025-03-12 12:39:27 [main] DEBUG l.i.u.t.SubmittedApplicationsPageTest - Entered program name: 'Dokumentas 6'.
2025-03-12 12:39:27 [main] DEBUG l.i.u.t.SubmittedApplicationsPageTest - Entered program name: 'Dokumentas 4'.
2025-03-12 12:39:27 [main] DEBUG l.i.u.t.SubmittedApplicationsPageTest - Entered program name: 'Dokumentas 8'.
2025-03-12 12:39:27 [main] DEBUG l.i.u.t.SubmittedApplicationsPageTest - Entered program name: 'Dokumentas 9'.
2025-03-12 12:39:27 [main] DEBUG l.i.u.t.SubmittedApplicationsPageTest - Entered program name: 'Dokumentas 10'.
2025-03-12 12:39:37 [main] DEBUG l.i.u.t.SubmittedApplicationsPageTest - Checked 'ConfirmationDocument'
2025-03-12 12:39:47 [main] DEBUG l.i.u.t.SubmittedApplicationsPageTest - Checked 'ConfirmationApplication'
2025-03-12 12:39:47 [main] DEBUG l.i.u.t.SubmittedApplicationsPageTest - Clicked 'SaveDraft' button after checkboxes.
2025-03-12 12:39:47 [main] DEBUG l.i.uztis.pages.ApplicationFormsPage - Verified success message: 'Ruošinys sėkmingai išsaugotas.'
2025-03-12 12:39:47 [main] INFO  l.i.u.t.SubmittedApplicationsPageTest - Verified success message
2025-03-12 12:39:48 [main] DEBUG l.i.u.t.SubmittedApplicationsPageTest - Clicked 'Review' button after checkboxes.
2025-03-12 12:39:48 [main] DEBUG l.i.u.t.SubmittedApplicationsPageTest - Clicked 'Submit' button after checkboxes.
2025-03-12 12:39:48 [main] DEBUG l.i.u.t.SubmittedApplicationsPageTest - Clicked 'SubmitConfirmation' button after checkboxes.
2025-03-12 12:39:48 [main] ERROR l.i.uztis.pages.ApplicationFormsPage - Failed to verify the success message: 'Paraiška sėkmingai pateikta ir užregistruota.'. Available messages: [Ruošinys sėkmingai išsaugotas.]
2025-03-12 12:39:48 [main] INFO  l.i.u.t.SubmittedApplicationsPageTest - Test 'testFillNewVUIApplicationFA' completed successfully.
2025-03-12 12:40:35 [main] INFO  lt.insoft.uztis.tests.UztisPageTest - Navigated to https://uztisdev.asseco.lt/home
2025-03-12 12:40:35 [main] INFO  l.i.u.t.SubmittedApplicationsPageTest - Starting test:'testAddEvaluators'
2025-03-12 12:40:35 [main] DEBUG l.i.u.t.SubmittedApplicationsPageTest - User logged in with test credentials.
2025-03-12 12:40:36 [main] DEBUG l.i.u.t.SubmittedApplicationsPageTest - Opened 'Application Processing' menu.
2025-03-12 12:40:36 [main] DEBUG l.i.u.t.SubmittedApplicationsPageTest - Clicked on 'Application Forms' menu.
2025-03-12 12:40:36 [main] DEBUG l.i.u.t.SubmittedApplicationsPageTest - Retrieved last description code text: 'TST-VUI-84'.
2025-03-12 12:40:36 [main] DEBUG l.i.u.t.SubmittedApplicationsPageTest - Clicked on 'Invitation' menu.
2025-03-12 12:40:37 [main] DEBUG l.i.u.t.SubmittedApplicationsPageTest - Selected application section by code: 'TST-VUI-84'.
2025-03-12 12:40:38 [main] DEBUG l.i.u.t.SubmittedApplicationsPageTest - Clicked 'Search' button.
2025-03-12 12:40:38 [main] DEBUG l.i.u.t.SubmittedApplicationsPageTest - Retrieved invitation code: ''.
2025-03-12 12:40:38 [main] DEBUG l.i.u.t.SubmittedApplicationsPageTest - Clicked on 'Submitted Applications' menu.
2025-03-12 12:40:39 [main] DEBUG l.i.u.t.SubmittedApplicationsPageTest - Selected invitation by code: 'TST-VUI-84'.
2025-03-12 12:40:39 [main] DEBUG l.i.u.t.SubmittedApplicationsPageTest - Invitation code inserted.
2025-03-12 12:40:39 [main] DEBUG l.i.u.t.SubmittedApplicationsPageTest - Clicked on 'Action Application' button.
2025-03-12 12:40:39 [main] DEBUG l.i.u.t.SubmittedApplicationsPageTest - Clicked on 'Add Evaluators' button.
2025-03-12 12:40:40 [main] DEBUG l.i.u.t.SubmittedApplicationsPageTest - Entered first evaluation date.
2025-03-12 12:40:40 [main] DEBUG l.i.u.t.SubmittedApplicationsPageTest - Entered second evaluation date.
2025-03-12 12:40:40 [main] DEBUG l.i.u.t.SubmittedApplicationsPageTest - Entered third evaluation date.
2025-03-12 12:40:40 [main] DEBUG l.i.u.t.SubmittedApplicationsPageTest - Clicked on 'Add Evaluators' confirmation button.
2025-03-12 12:40:40 [main] DEBUG l.i.uztis.pages.ApplicationFormsPage - Verified success message: 'Paraiškų vertinimai sėkmingai priskirti vertintojams.'
2025-03-12 12:40:40 [main] INFO  l.i.u.t.SubmittedApplicationsPageTest - Verified success message
2025-03-12 12:40:40 [main] INFO  l.i.u.t.SubmittedApplicationsPageTest - Test 'testAddEvaluators' completed successfully.
2025-03-12 13:05:06 [main] INFO  lt.insoft.uztis.tests.UztisPageTest - Navigated to https://uztisdev.asseco.lt/home
2025-03-12 13:05:06 [main] INFO  l.i.u.t.SubmittedApplicationsPageTest - Starting test:'testFillNewVUIPApplicationFA'
2025-03-12 13:05:06 [main] DEBUG l.i.u.t.SubmittedApplicationsPageTest - User logged in with test credentials.
2025-03-12 13:05:06 [main] DEBUG l.i.u.t.SubmittedApplicationsPageTest - Opened 'Application Processing' menu.
2025-03-12 13:05:07 [main] DEBUG l.i.u.t.SubmittedApplicationsPageTest - Clicked on 'Application Forms' menu.
2025-03-12 13:05:07 [main] DEBUG l.i.u.t.SubmittedApplicationsPageTest - Retrieved last description code text: 'TST-VUI-84'.
2025-03-12 13:05:07 [main] DEBUG l.i.u.t.SubmittedApplicationsPageTest - Clicked on 'Invitation' menu.
2025-03-12 13:05:08 [main] DEBUG l.i.u.t.SubmittedApplicationsPageTest - Selected application section by code: 'TST-VUI-84'.
2025-03-12 13:05:08 [main] DEBUG l.i.u.t.SubmittedApplicationsPageTest - Clicked 'Search' button.
2025-03-12 13:05:08 [main] DEBUG l.i.u.t.SubmittedApplicationsPageTest - Retrieved invitation code: ''.
2025-03-12 13:05:09 [main] DEBUG l.i.u.t.SubmittedApplicationsPageTest - Clicked on 'Submitted Applications' menu.
2025-03-12 13:05:10 [main] DEBUG l.i.u.t.SubmittedApplicationsPageTest - Selected invitation by code: 'TST-VUI-84'.
2025-03-12 13:05:10 [main] DEBUG l.i.u.t.SubmittedApplicationsPageTest - Invitation code inserted.
2025-03-12 13:05:10 [main] DEBUG l.i.u.t.SubmittedApplicationsPageTest - Clicked on 'Action Application' button.
2025-03-12 13:05:10 [main] DEBUG l.i.u.t.SubmittedApplicationsPageTest - Clicked on 'New Application' button.
2025-03-12 13:05:11 [main] DEBUG l.i.u.t.SubmittedApplicationsPageTest - Selected the 'RadioButtonFA' option.
2025-03-12 13:05:11 [main] DEBUG l.i.u.t.SubmittedApplicationsPageTest - Entered phone number: '61298745'.
2025-03-12 13:05:11 [main] DEBUG l.i.u.t.SubmittedApplicationsPageTest - Entered email: 'test@autotest.com'.
2025-03-12 13:05:11 [main] INFO  l.i.u.p.SubmittedApplicationsPage - Clicking on the dropdown button.
2025-03-12 13:05:28 [main] INFO  l.i.u.p.SubmittedApplicationsPage - Found 1741 options in the dropdown.
2025-03-12 13:05:28 [main] DEBUG l.i.u.p.SubmittedApplicationsPage - Checking option: ''
2025-03-12 13:05:28 [main] DEBUG l.i.u.p.SubmittedApplicationsPage - Checking option: '01.11 - Grūdinių (išskyrus ryžius), ankštinių ir aliejingų sėklų augalų auginimas'
2025-03-12 13:05:29 [main] INFO  l.i.u.p.SubmittedApplicationsPage - Successfully selected the value: '01.11 - Grūdinių (išskyrus ryžius), ankštinių ir aliejingų sėklų augalų auginimas'
2025-03-12 13:05:29 [main] INFO  l.i.u.p.SubmittedApplicationsPage - Attempting to close the dropdown.
2025-03-12 13:05:29 [main] DEBUG l.i.u.t.SubmittedApplicationsPageTest - Selected EVRK value: '01.11 - Grūdinių (išskyrus ryžius), ankštinių ir aliejingų sėklų augalų auginimas'.
2025-03-12 13:05:29 [main] DEBUG l.i.u.t.SubmittedApplicationsPageTest - Clicked on 'Address Component' button.
2025-03-12 13:05:29 [main] INFO  l.i.u.p.SubmittedApplicationsPage - Located the dropdown button.
2025-03-12 13:05:33 [main] INFO  l.i.u.p.SubmittedApplicationsPage - Successfully selected the value: 'Lietuva'
2025-03-12 13:05:33 [main] DEBUG l.i.u.t.SubmittedApplicationsPageTest - Selected country: 'Lietuva'.
2025-03-12 13:05:33 [main] INFO  l.i.u.p.SubmittedApplicationsPage - Located the dropdown search field.
2025-03-12 13:05:33 [main] INFO  l.i.u.p.SubmittedApplicationsPage - Dropdown city is opened.
2025-03-12 13:05:34 [main] INFO  l.i.u.p.SubmittedApplicationsPage - Searched for value: 'Vilnius'
2025-03-12 13:05:35 [main] INFO  l.i.u.p.SubmittedApplicationsPage - Successfully selected: 'Vilnius'
2025-03-12 13:05:35 [main] INFO  l.i.u.p.SubmittedApplicationsPage - Located the dropdown button.
2025-03-12 13:05:35 [main] INFO  l.i.u.p.SubmittedApplicationsPage - Successfully selected the value: 'A. Domaševičiaus g.'
2025-03-12 13:05:35 [main] DEBUG l.i.u.t.SubmittedApplicationsPageTest - Selected street: 'A. Domaševičiaus g.'.
2025-03-12 13:05:35 [main] INFO  l.i.u.p.SubmittedApplicationsPage - Located the dropdown button.
2025-03-12 13:05:35 [main] INFO  l.i.u.p.SubmittedApplicationsPage - Successfully selected the value: '1'
2025-03-12 13:05:35 [main] DEBUG l.i.u.t.SubmittedApplicationsPageTest - Selected house: '1'.
2025-03-12 13:05:35 [main] INFO  l.i.u.p.SubmittedApplicationsPage - Located the dropdown button.
2025-03-12 13:05:36 [main] INFO  l.i.u.p.SubmittedApplicationsPage - Successfully selected the value: '1'
2025-03-12 13:05:36 [main] DEBUG l.i.u.t.SubmittedApplicationsPageTest - Selected apartment: '1'.
2025-03-12 13:05:36 [main] DEBUG l.i.u.t.SubmittedApplicationsPageTest - Clicked 'Confirm' button.
2025-03-12 13:05:36 [main] DEBUG l.i.u.t.SubmittedApplicationsPageTest - Entered project date.
2025-03-12 13:05:36 [main] DEBUG l.i.u.t.SubmittedApplicationsPageTest - Entered job count: '1'.
2025-03-12 13:05:37 [main] DEBUG l.i.u.t.SubmittedApplicationsPageTest - Clicked 'Next' button.
2025-03-12 13:05:37 [main] INFO  l.i.u.p.SubmittedApplicationsPage - Located the dropdown button.
2025-03-12 13:05:38 [main] INFO  l.i.u.p.SubmittedApplicationsPage - Successfully selected the value: 'Administratoriai'
2025-03-12 13:05:38 [main] DEBUG l.i.u.t.SubmittedApplicationsPageTest - Selected job name: 'Administratoriai'.
2025-03-12 13:05:38 [main] DEBUG l.i.u.t.SubmittedApplicationsPageTest - Entered job function: 'Funkcija 1'.
2025-03-12 13:05:38 [main] DEBUG l.i.u.t.SubmittedApplicationsPageTest - Selected 'RadioButtonWithDisabilities' option.
2025-03-12 13:05:38 [main] INFO  l.i.u.p.SubmittedApplicationsPage - Clicking on the dropdown button.
2025-03-12 13:05:39 [main] INFO  l.i.u.p.SubmittedApplicationsPage - Found 34 options in the dropdown.
2025-03-12 13:05:39 [main] DEBUG l.i.u.p.SubmittedApplicationsPage - Checking option: 'Asmenys, kuriems suteiktas pabėgėlio statusas ar perkeliamojo asmens statusas, arba asmenys, kuriems suteikta papildoma ar laikinoji apsauga, ir asmenys, turintys teisę gauti laikinąją apsaugą, iki sprendimo dėl laikinosios apsaugos suteikimo (nesuteikimo) priėmimo, tačiau ne ilgiau kaip laikinosios apsaugos laikotarpiu'
2025-03-12 13:05:39 [main] DEBUG l.i.u.p.SubmittedApplicationsPage - Checking option: 'Asmenys, kuriems suteiktas pabėgėlio statusas ar perkeliamojo asmens statusas, arba asmenys, kuriems suteikta papildoma ar laikinoji apsauga, ir asmenys, turintys teisę gauti laikinąją apsaugą, iki sprendimo dėl laikinosios apsaugos suteikimo (nesuteikimo) priėmimo, tačiau ne ilgiau kaip laikinosios apsaugos laikotarpiu'
2025-03-12 13:05:39 [main] DEBUG l.i.u.p.SubmittedApplicationsPage - Checking option: 'Asmenys, turintys teisę į papildomas užimtumo garantijas pagal Lietuvos Respublikos valstybės įmonės Ignalinos atominės elektrinės darbuotojų papildomų užimtumo ir socialinių garantijų įstatymą'
2025-03-12 13:05:39 [main] DEBUG l.i.u.p.SubmittedApplicationsPage - Checking option: 'Asmenys, turintys teisę į papildomas užimtumo garantijas pagal Lietuvos Respublikos valstybės įmonės Ignalinos atominės elektrinės darbuotojų papildomų užimtumo ir socialinių garantijų įstatymą'
2025-03-12 13:05:39 [main] DEBUG l.i.u.p.SubmittedApplicationsPage - Checking option: 'Bedarbiai iki 29 metų'
2025-03-12 13:05:39 [main] DEBUG l.i.u.p.SubmittedApplicationsPage - Checking option: 'Bedarbiai iki 29 metų'
2025-03-12 13:05:39 [main] DEBUG l.i.u.p.SubmittedApplicationsPage - Checking option: 'Bedarbiai, kurie yra darbingo amžiaus neįgalieji, kuriems nustatytas 30–40 procentų darbingumo lygis arba vidutinis neįgalumo lygis'
2025-03-12 13:05:39 [main] DEBUG l.i.u.p.SubmittedApplicationsPage - Checking option: 'Bedarbiai, kurie yra darbingo amžiaus neįgalieji, kuriems nustatytas 30–40 procentų darbingumo lygis arba vidutinis neįgalumo lygis'
2025-03-12 13:05:39 [main] DEBUG l.i.u.p.SubmittedApplicationsPage - Checking option: 'Bedarbiai, kurie yra darbingo amžiaus neįgalieji, kuriems nustatytas 45–55 procentų darbingumo lygis arba lengvas neįgalumo lygis'
2025-03-12 13:05:39 [main] DEBUG l.i.u.p.SubmittedApplicationsPage - Checking option: 'Bedarbiai, kurie yra darbingo amžiaus neįgalieji, kuriems nustatytas 45–55 procentų darbingumo lygis arba lengvas neįgalumo lygis'
2025-03-12 13:05:39 [main] DEBUG l.i.u.p.SubmittedApplicationsPage - Checking option: 'Bedarbiai, kurie yra darbingo amžiaus neįgalieji, kuriems nustatytas iki 25 procentų darbingumo lygis arba sunkus neįgalumo lygis'
2025-03-12 13:05:39 [main] INFO  l.i.u.p.SubmittedApplicationsPage - Successfully selected the value: 'Bedarbiai, kurie yra darbingo amžiaus neįgalieji, kuriems nustatytas iki 25 procentų darbingumo lygis arba sunkus neįgalumo lygis'
2025-03-12 13:05:39 [main] INFO  l.i.u.p.SubmittedApplicationsPage - Attempting to close the dropdown.
2025-03-12 13:05:40 [main] DEBUG l.i.u.t.SubmittedApplicationsPageTest - Selected disabilities type: 'Bedarbiai, kurie yra darbingo amžiaus neįgalieji, kuriems nustatytas iki 25 procentų darbingumo lygis arba sunkus neįgalumo lygis'.
2025-03-12 13:05:40 [main] DEBUG l.i.u.t.SubmittedApplicationsPageTest - Entered disability information: 'Negalia 1'.
2025-03-12 13:05:40 [main] INFO  l.i.u.p.SubmittedApplicationsPage - Located the dropdown button.
2025-03-12 13:05:41 [main] INFO  l.i.u.p.SubmittedApplicationsPage - Successfully selected the value: 'Kita'
2025-03-12 13:05:41 [main] DEBUG l.i.u.t.SubmittedApplicationsPageTest - Selected time mode: 'Kita'.
2025-03-12 13:05:41 [main] DEBUG l.i.u.t.SubmittedApplicationsPageTest - Selected time mode other: '6 val. per dieną ir 4 d. per savaitę'.
2025-03-12 13:05:41 [main] DEBUG l.i.u.t.SubmittedApplicationsPageTest - Entered qualification: 'Kvalifikacija 1'.
2025-03-12 13:05:42 [main] DEBUG l.i.u.t.SubmittedApplicationsPageTest - Entered job date.
2025-03-12 13:05:42 [main] DEBUG l.i.u.t.SubmittedApplicationsPageTest - Entered salary amount: '1200'.
2025-03-12 13:05:42 [main] DEBUG l.i.u.t.SubmittedApplicationsPageTest - Selected 'Temporary Job' radio button.
2025-03-12 13:05:42 [main] DEBUG l.i.u.t.SubmittedApplicationsPageTest - Selected 'Season Job' radio button.
2025-03-12 13:05:42 [main] DEBUG l.i.u.t.SubmittedApplicationsPageTest - Selected 'Energy' radio button.
2025-03-12 13:05:43 [main] DEBUG l.i.u.t.SubmittedApplicationsPageTest - Selected 'Repair' radio button.
2025-03-12 13:05:43 [main] DEBUG l.i.u.t.SubmittedApplicationsPageTest - Entered job description: 'Veikla 1'.
2025-03-12 13:05:43 [main] DEBUG l.i.u.t.SubmittedApplicationsPageTest - Entered process description: 'Procesas 1'.
2025-03-12 13:05:43 [main] DEBUG l.i.u.t.SubmittedApplicationsPageTest - Entered energy information: 'Energija 1'.
2025-03-12 13:05:44 [main] DEBUG l.i.u.t.SubmittedApplicationsPageTest - Entered repair information: 'Remontas 1'.
2025-03-12 13:05:44 [main] DEBUG l.i.u.t.SubmittedApplicationsPageTest - Selected 'PVM' radio button.
2025-03-12 13:05:44 [main] INFO  l.i.u.p.SubmittedApplicationsPage - Located the dropdown button.
2025-03-12 13:05:44 [main] INFO  l.i.u.p.SubmittedApplicationsPage - Successfully selected the value: 'Įsigyti'
2025-03-12 13:05:44 [main] DEBUG l.i.u.t.SubmittedApplicationsPageTest - Selected necessary for job: 'Įsigyti'.
2025-03-12 13:05:45 [main] DEBUG l.i.u.t.SubmittedApplicationsPageTest - Selected tool: 'Darbo priemonė 1'.
2025-03-12 13:05:45 [main] DEBUG l.i.u.t.SubmittedApplicationsPageTest - Selected tool parameter one: 'Darbo priemonės 1 parametras 1'.
2025-03-12 13:05:45 [main] DEBUG l.i.u.t.SubmittedApplicationsPageTest - Selected tool parameter two: 'Darbo priemonės 1 parametras 2'.
2025-03-12 13:05:45 [main] DEBUG l.i.u.t.SubmittedApplicationsPageTest - Selected tool parameter three: 'Darbo priemonės 1 parametras 3'.
2025-03-12 13:05:46 [main] DEBUG l.i.u.t.SubmittedApplicationsPageTest - Entered tool count: '1'.
2025-03-12 13:05:46 [main] DEBUG l.i.u.t.SubmittedApplicationsPageTest - Entered price amount 1: '1000'.
2025-03-12 13:05:46 [main] DEBUG l.i.u.t.SubmittedApplicationsPageTest - Entered own funds amount 1: '800'.
2025-03-12 13:05:46 [main] DEBUG l.i.u.t.SubmittedApplicationsPageTest - Clicked 'Add' button.
2025-03-12 13:05:46 [main] INFO  l.i.u.p.SubmittedApplicationsPage - Located the dropdown button.
2025-03-12 13:05:47 [main] INFO  l.i.u.p.SubmittedApplicationsPage - Successfully selected the value: 'Remontuoti'
2025-03-12 13:05:47 [main] DEBUG l.i.u.t.SubmittedApplicationsPageTest - Selected necessary for job 'to repair': 'Remontuoti'.
2025-03-12 13:05:47 [main] DEBUG l.i.u.t.SubmittedApplicationsPageTest - Selected repair name: 'Remonto pavadinimas 1'.
2025-03-12 13:05:47 [main] DEBUG l.i.u.t.SubmittedApplicationsPageTest - Entered repair information: 'Remonto aprašymas 1'.
2025-03-12 13:05:48 [main] DEBUG l.i.u.t.SubmittedApplicationsPageTest - Entered price amount 2: '1000'.
2025-03-12 13:05:48 [main] DEBUG l.i.u.t.SubmittedApplicationsPageTest - Entered own funds amount 2: '900'.
2025-03-12 13:05:48 [main] DEBUG l.i.u.t.SubmittedApplicationsPageTest - Entered country percentage: '50'.
2025-03-12 13:05:48 [main] DEBUG l.i.u.t.SubmittedApplicationsPageTest - Entered institution percentage: '50'.
2025-03-12 13:05:49 [main] DEBUG l.i.u.t.SubmittedApplicationsPageTest - Entered municipality percentage: '50'.
2025-03-12 13:05:49 [main] DEBUG l.i.u.t.SubmittedApplicationsPageTest - Selected 'De Minimis' radio button.
2025-03-12 13:05:49 [main] DEBUG l.i.u.t.SubmittedApplicationsPageTest - Entered program name: 'Programa 1'.
2025-03-12 13:05:49 [main] DEBUG l.i.u.t.SubmittedApplicationsPageTest - Entered project date from.
2025-03-12 13:05:49 [main] DEBUG l.i.u.t.SubmittedApplicationsPageTest - Entered project date until.
2025-03-12 13:05:50 [main] DEBUG l.i.u.t.SubmittedApplicationsPageTest - Entered support amount: '2000'.
2025-03-12 13:05:50 [main] DEBUG l.i.u.t.SubmittedApplicationsPageTest - Clicked 'Next' button.
2025-03-12 13:06:00 [main] DEBUG l.i.u.t.SubmittedApplicationsPageTest - Checked 'Legal Entities' checkbox 1.
2025-03-12 13:06:10 [main] DEBUG l.i.u.t.SubmittedApplicationsPageTest - Checked 'Legal Entities' checkbox 2.
2025-03-12 13:06:20 [main] DEBUG l.i.u.t.SubmittedApplicationsPageTest - Checked 'Legal Entities' checkbox 3.
2025-03-12 13:06:20 [main] DEBUG l.i.u.t.SubmittedApplicationsPageTest - Test finished: All 'Legal Entities' checkboxes checked successfully.
2025-03-12 13:06:20 [main] DEBUG l.i.u.t.SubmittedApplicationsPageTest - Clicked 'Next' button after checkboxes.
2025-03-12 13:06:31 [main] ERROR l.i.u.p.SubmittedApplicationsPage - Error selecting radio button: Expected condition failed: waiting for element to be clickable: By.xpath: (//input[@type='radio' and @value='false'])[8] (tried for 10 second(s) with 500 milliseconds interval)
Build info: version: '4.27.0', revision: 'd6e718d134'
System info: os.name: 'Windows 11', os.arch: 'amd64', os.version: '10.0', java.version: '21.0.3'
Driver info: org.openqa.selenium.chrome.ChromeDriver
Capabilities {acceptInsecureCerts: false, browserName: chrome, browserVersion: 134.0.6998.88, chrome: {chromedriverVersion: 134.0.6998.88 (7e3d5c978c6d..., userDataDir: C:\Users\INGRID~1.ZAD\AppDa...}, fedcm:accounts: true, goog:chromeOptions: {debuggerAddress: localhost:64165}, networkConnectionEnabled: false, pageLoadStrategy: normal, platformName: windows, proxy: Proxy(), se:cdp: ws://localhost:64165/devtoo..., se:cdpVersion: 134.0.6998.88, setWindowRect: true, strictFileInteractability: false, timeouts: {implicit: 0, pageLoad: 300000, script: 30000}, unhandledPromptBehavior: dismiss and notify, webauthn:extension:credBlob: true, webauthn:extension:largeBlob: true, webauthn:extension:minPinLength: true, webauthn:extension:prf: true, webauthn:virtualAuthenticators: true}
Session ID: b919fe3dd0846293ead9204576d28bfd
2025-03-12 13:06:31 [main] INFO  l.i.u.t.SubmittedApplicationsPageTest - Marking 'Ne' radio button 1
2025-03-12 13:06:41 [main] ERROR l.i.u.p.SubmittedApplicationsPage - Error selecting radio button: Expected condition failed: waiting for element to be clickable: By.xpath: (//input[@type='radio' and @value='false'])[9] (tried for 10 second(s) with 500 milliseconds interval)
Build info: version: '4.27.0', revision: 'd6e718d134'
System info: os.name: 'Windows 11', os.arch: 'amd64', os.version: '10.0', java.version: '21.0.3'
Driver info: org.openqa.selenium.chrome.ChromeDriver
Capabilities {acceptInsecureCerts: false, browserName: chrome, browserVersion: 134.0.6998.88, chrome: {chromedriverVersion: 134.0.6998.88 (7e3d5c978c6d..., userDataDir: C:\Users\INGRID~1.ZAD\AppDa...}, fedcm:accounts: true, goog:chromeOptions: {debuggerAddress: localhost:64165}, networkConnectionEnabled: false, pageLoadStrategy: normal, platformName: windows, proxy: Proxy(), se:cdp: ws://localhost:64165/devtoo..., se:cdpVersion: 134.0.6998.88, setWindowRect: true, strictFileInteractability: false, timeouts: {implicit: 0, pageLoad: 300000, script: 30000}, unhandledPromptBehavior: dismiss and notify, webauthn:extension:credBlob: true, webauthn:extension:largeBlob: true, webauthn:extension:minPinLength: true, webauthn:extension:prf: true, webauthn:virtualAuthenticators: true}
Session ID: b919fe3dd0846293ead9204576d28bfd
2025-03-12 13:06:41 [main] INFO  l.i.u.t.SubmittedApplicationsPageTest - Marking 'Ne' radio button 2
2025-03-12 13:06:51 [main] ERROR l.i.u.p.SubmittedApplicationsPage - Error selecting radio button: Expected condition failed: waiting for element to be clickable: By.xpath: (//input[@type='radio' and @value='false'])[10] (tried for 10 second(s) with 500 milliseconds interval)
Build info: version: '4.27.0', revision: 'd6e718d134'
System info: os.name: 'Windows 11', os.arch: 'amd64', os.version: '10.0', java.version: '21.0.3'
Driver info: org.openqa.selenium.chrome.ChromeDriver
Capabilities {acceptInsecureCerts: false, browserName: chrome, browserVersion: 134.0.6998.88, chrome: {chromedriverVersion: 134.0.6998.88 (7e3d5c978c6d..., userDataDir: C:\Users\INGRID~1.ZAD\AppDa...}, fedcm:accounts: true, goog:chromeOptions: {debuggerAddress: localhost:64165}, networkConnectionEnabled: false, pageLoadStrategy: normal, platformName: windows, proxy: Proxy(), se:cdp: ws://localhost:64165/devtoo..., se:cdpVersion: 134.0.6998.88, setWindowRect: true, strictFileInteractability: false, timeouts: {implicit: 0, pageLoad: 300000, script: 30000}, unhandledPromptBehavior: dismiss and notify, webauthn:extension:credBlob: true, webauthn:extension:largeBlob: true, webauthn:extension:minPinLength: true, webauthn:extension:prf: true, webauthn:virtualAuthenticators: true}
Session ID: b919fe3dd0846293ead9204576d28bfd
2025-03-12 13:06:51 [main] INFO  l.i.u.t.SubmittedApplicationsPageTest - Marking 'Ne' radio button 3
2025-03-12 13:07:01 [main] ERROR l.i.u.p.SubmittedApplicationsPage - Error selecting radio button: Expected condition failed: waiting for element to be clickable: By.xpath: (//input[@type='radio' and @value='false'])[11] (tried for 10 second(s) with 500 milliseconds interval)
Build info: version: '4.27.0', revision: 'd6e718d134'
System info: os.name: 'Windows 11', os.arch: 'amd64', os.version: '10.0', java.version: '21.0.3'
Driver info: org.openqa.selenium.chrome.ChromeDriver
Capabilities {acceptInsecureCerts: false, browserName: chrome, browserVersion: 134.0.6998.88, chrome: {chromedriverVersion: 134.0.6998.88 (7e3d5c978c6d..., userDataDir: C:\Users\INGRID~1.ZAD\AppDa...}, fedcm:accounts: true, goog:chromeOptions: {debuggerAddress: localhost:64165}, networkConnectionEnabled: false, pageLoadStrategy: normal, platformName: windows, proxy: Proxy(), se:cdp: ws://localhost:64165/devtoo..., se:cdpVersion: 134.0.6998.88, setWindowRect: true, strictFileInteractability: false, timeouts: {implicit: 0, pageLoad: 300000, script: 30000}, unhandledPromptBehavior: dismiss and notify, webauthn:extension:credBlob: true, webauthn:extension:largeBlob: true, webauthn:extension:minPinLength: true, webauthn:extension:prf: true, webauthn:virtualAuthenticators: true}
Session ID: b919fe3dd0846293ead9204576d28bfd
2025-03-12 13:07:01 [main] INFO  l.i.u.t.SubmittedApplicationsPageTest - Marking 'Ne' radio button 4
2025-03-12 13:07:11 [main] ERROR l.i.u.p.SubmittedApplicationsPage - Error selecting radio button: Expected condition failed: waiting for element to be clickable: By.xpath: (//input[@type='radio' and @value='false'])[12] (tried for 10 second(s) with 500 milliseconds interval)
Build info: version: '4.27.0', revision: 'd6e718d134'
System info: os.name: 'Windows 11', os.arch: 'amd64', os.version: '10.0', java.version: '21.0.3'
Driver info: org.openqa.selenium.chrome.ChromeDriver
Capabilities {acceptInsecureCerts: false, browserName: chrome, browserVersion: 134.0.6998.88, chrome: {chromedriverVersion: 134.0.6998.88 (7e3d5c978c6d..., userDataDir: C:\Users\INGRID~1.ZAD\AppDa...}, fedcm:accounts: true, goog:chromeOptions: {debuggerAddress: localhost:64165}, networkConnectionEnabled: false, pageLoadStrategy: normal, platformName: windows, proxy: Proxy(), se:cdp: ws://localhost:64165/devtoo..., se:cdpVersion: 134.0.6998.88, setWindowRect: true, strictFileInteractability: false, timeouts: {implicit: 0, pageLoad: 300000, script: 30000}, unhandledPromptBehavior: dismiss and notify, webauthn:extension:credBlob: true, webauthn:extension:largeBlob: true, webauthn:extension:minPinLength: true, webauthn:extension:prf: true, webauthn:virtualAuthenticators: true}
Session ID: b919fe3dd0846293ead9204576d28bfd
2025-03-12 13:07:11 [main] INFO  l.i.u.t.SubmittedApplicationsPageTest - Marking 'Ne' radio button 5
2025-03-12 13:07:21 [main] ERROR l.i.u.p.SubmittedApplicationsPage - Error selecting radio button: Expected condition failed: waiting for element to be clickable: By.xpath: (//input[@type='radio' and @value='false'])[13] (tried for 10 second(s) with 500 milliseconds interval)
Build info: version: '4.27.0', revision: 'd6e718d134'
System info: os.name: 'Windows 11', os.arch: 'amd64', os.version: '10.0', java.version: '21.0.3'
Driver info: org.openqa.selenium.chrome.ChromeDriver
Capabilities {acceptInsecureCerts: false, browserName: chrome, browserVersion: 134.0.6998.88, chrome: {chromedriverVersion: 134.0.6998.88 (7e3d5c978c6d..., userDataDir: C:\Users\INGRID~1.ZAD\AppDa...}, fedcm:accounts: true, goog:chromeOptions: {debuggerAddress: localhost:64165}, networkConnectionEnabled: false, pageLoadStrategy: normal, platformName: windows, proxy: Proxy(), se:cdp: ws://localhost:64165/devtoo..., se:cdpVersion: 134.0.6998.88, setWindowRect: true, strictFileInteractability: false, timeouts: {implicit: 0, pageLoad: 300000, script: 30000}, unhandledPromptBehavior: dismiss and notify, webauthn:extension:credBlob: true, webauthn:extension:largeBlob: true, webauthn:extension:minPinLength: true, webauthn:extension:prf: true, webauthn:virtualAuthenticators: true}
Session ID: b919fe3dd0846293ead9204576d28bfd
2025-03-12 13:07:21 [main] INFO  l.i.u.t.SubmittedApplicationsPageTest - Marking 'Ne' radio button 6
2025-03-12 13:07:31 [main] ERROR l.i.u.p.SubmittedApplicationsPage - Error selecting radio button: Expected condition failed: waiting for element to be clickable: By.xpath: (//input[@type='radio' and @value='true'])[14] (tried for 10 second(s) with 500 milliseconds interval)
Build info: version: '4.27.0', revision: 'd6e718d134'
System info: os.name: 'Windows 11', os.arch: 'amd64', os.version: '10.0', java.version: '21.0.3'
Driver info: org.openqa.selenium.chrome.ChromeDriver
Capabilities {acceptInsecureCerts: false, browserName: chrome, browserVersion: 134.0.6998.88, chrome: {chromedriverVersion: 134.0.6998.88 (7e3d5c978c6d..., userDataDir: C:\Users\INGRID~1.ZAD\AppDa...}, fedcm:accounts: true, goog:chromeOptions: {debuggerAddress: localhost:64165}, networkConnectionEnabled: false, pageLoadStrategy: normal, platformName: windows, proxy: Proxy(), se:cdp: ws://localhost:64165/devtoo..., se:cdpVersion: 134.0.6998.88, setWindowRect: true, strictFileInteractability: false, timeouts: {implicit: 0, pageLoad: 300000, script: 30000}, unhandledPromptBehavior: dismiss and notify, webauthn:extension:credBlob: true, webauthn:extension:largeBlob: true, webauthn:extension:minPinLength: true, webauthn:extension:prf: true, webauthn:virtualAuthenticators: true}
Session ID: b919fe3dd0846293ead9204576d28bfd
2025-03-12 13:07:31 [main] INFO  l.i.u.t.SubmittedApplicationsPageTest - Marking 'Taip' radio button 7
2025-03-12 13:07:41 [main] ERROR l.i.u.p.SubmittedApplicationsPage - Error selecting radio button: Expected condition failed: waiting for element to be clickable: By.xpath: (//input[@type='radio' and @value='true'])[15] (tried for 10 second(s) with 500 milliseconds interval)
Build info: version: '4.27.0', revision: 'd6e718d134'
System info: os.name: 'Windows 11', os.arch: 'amd64', os.version: '10.0', java.version: '21.0.3'
Driver info: org.openqa.selenium.chrome.ChromeDriver
Capabilities {acceptInsecureCerts: false, browserName: chrome, browserVersion: 134.0.6998.88, chrome: {chromedriverVersion: 134.0.6998.88 (7e3d5c978c6d..., userDataDir: C:\Users\INGRID~1.ZAD\AppDa...}, fedcm:accounts: true, goog:chromeOptions: {debuggerAddress: localhost:64165}, networkConnectionEnabled: false, pageLoadStrategy: normal, platformName: windows, proxy: Proxy(), se:cdp: ws://localhost:64165/devtoo..., se:cdpVersion: 134.0.6998.88, setWindowRect: true, strictFileInteractability: false, timeouts: {implicit: 0, pageLoad: 300000, script: 30000}, unhandledPromptBehavior: dismiss and notify, webauthn:extension:credBlob: true, webauthn:extension:largeBlob: true, webauthn:extension:minPinLength: true, webauthn:extension:prf: true, webauthn:virtualAuthenticators: true}
Session ID: b919fe3dd0846293ead9204576d28bfd
2025-03-12 13:07:41 [main] INFO  l.i.u.t.SubmittedApplicationsPageTest - Marking 'Taip' radio button 8
2025-03-12 13:07:51 [main] ERROR l.i.u.p.SubmittedApplicationsPage - Error selecting radio button: Expected condition failed: waiting for element to be clickable: By.xpath: (//input[@type='radio' and @value='true'])[16] (tried for 10 second(s) with 500 milliseconds interval)
Build info: version: '4.27.0', revision: 'd6e718d134'
System info: os.name: 'Windows 11', os.arch: 'amd64', os.version: '10.0', java.version: '21.0.3'
Driver info: org.openqa.selenium.chrome.ChromeDriver
Capabilities {acceptInsecureCerts: false, browserName: chrome, browserVersion: 134.0.6998.88, chrome: {chromedriverVersion: 134.0.6998.88 (7e3d5c978c6d..., userDataDir: C:\Users\INGRID~1.ZAD\AppDa...}, fedcm:accounts: true, goog:chromeOptions: {debuggerAddress: localhost:64165}, networkConnectionEnabled: false, pageLoadStrategy: normal, platformName: windows, proxy: Proxy(), se:cdp: ws://localhost:64165/devtoo..., se:cdpVersion: 134.0.6998.88, setWindowRect: true, strictFileInteractability: false, timeouts: {implicit: 0, pageLoad: 300000, script: 30000}, unhandledPromptBehavior: dismiss and notify, webauthn:extension:credBlob: true, webauthn:extension:largeBlob: true, webauthn:extension:minPinLength: true, webauthn:extension:prf: true, webauthn:virtualAuthenticators: true}
Session ID: b919fe3dd0846293ead9204576d28bfd
2025-03-12 13:07:51 [main] INFO  l.i.u.t.SubmittedApplicationsPageTest - Marking 'Taip' radio button 9
2025-03-12 13:08:02 [main] ERROR l.i.u.p.SubmittedApplicationsPage - Error selecting radio button: Expected condition failed: waiting for element to be clickable: By.xpath: (//input[@type='radio' and @value='true'])[17] (tried for 10 second(s) with 500 milliseconds interval)
Build info: version: '4.27.0', revision: 'd6e718d134'
System info: os.name: 'Windows 11', os.arch: 'amd64', os.version: '10.0', java.version: '21.0.3'
Driver info: org.openqa.selenium.chrome.ChromeDriver
Capabilities {acceptInsecureCerts: false, browserName: chrome, browserVersion: 134.0.6998.88, chrome: {chromedriverVersion: 134.0.6998.88 (7e3d5c978c6d..., userDataDir: C:\Users\INGRID~1.ZAD\AppDa...}, fedcm:accounts: true, goog:chromeOptions: {debuggerAddress: localhost:64165}, networkConnectionEnabled: false, pageLoadStrategy: normal, platformName: windows, proxy: Proxy(), se:cdp: ws://localhost:64165/devtoo..., se:cdpVersion: 134.0.6998.88, setWindowRect: true, strictFileInteractability: false, timeouts: {implicit: 0, pageLoad: 300000, script: 30000}, unhandledPromptBehavior: dismiss and notify, webauthn:extension:credBlob: true, webauthn:extension:largeBlob: true, webauthn:extension:minPinLength: true, webauthn:extension:prf: true, webauthn:virtualAuthenticators: true}
Session ID: b919fe3dd0846293ead9204576d28bfd
2025-03-12 13:08:02 [main] INFO  l.i.u.t.SubmittedApplicationsPageTest - Marking 'Taip' radio button 10
2025-03-12 13:08:12 [main] ERROR l.i.u.p.SubmittedApplicationsPage - Error selecting radio button: Expected condition failed: waiting for element to be clickable: By.xpath: (//input[@type='radio' and @value='true'])[18] (tried for 10 second(s) with 500 milliseconds interval)
Build info: version: '4.27.0', revision: 'd6e718d134'
System info: os.name: 'Windows 11', os.arch: 'amd64', os.version: '10.0', java.version: '21.0.3'
Driver info: org.openqa.selenium.chrome.ChromeDriver
Capabilities {acceptInsecureCerts: false, browserName: chrome, browserVersion: 134.0.6998.88, chrome: {chromedriverVersion: 134.0.6998.88 (7e3d5c978c6d..., userDataDir: C:\Users\INGRID~1.ZAD\AppDa...}, fedcm:accounts: true, goog:chromeOptions: {debuggerAddress: localhost:64165}, networkConnectionEnabled: false, pageLoadStrategy: normal, platformName: windows, proxy: Proxy(), se:cdp: ws://localhost:64165/devtoo..., se:cdpVersion: 134.0.6998.88, setWindowRect: true, strictFileInteractability: false, timeouts: {implicit: 0, pageLoad: 300000, script: 30000}, unhandledPromptBehavior: dismiss and notify, webauthn:extension:credBlob: true, webauthn:extension:largeBlob: true, webauthn:extension:minPinLength: true, webauthn:extension:prf: true, webauthn:virtualAuthenticators: true}
Session ID: b919fe3dd0846293ead9204576d28bfd
2025-03-12 13:08:12 [main] INFO  l.i.u.t.SubmittedApplicationsPageTest - Marking 'Taip' radio button 11
2025-03-12 13:08:22 [main] ERROR l.i.u.p.SubmittedApplicationsPage - Error selecting radio button: Expected condition failed: waiting for element to be clickable: By.xpath: (//input[@type='radio' and @value='true'])[19] (tried for 10 second(s) with 500 milliseconds interval)
Build info: version: '4.27.0', revision: 'd6e718d134'
System info: os.name: 'Windows 11', os.arch: 'amd64', os.version: '10.0', java.version: '21.0.3'
Driver info: org.openqa.selenium.chrome.ChromeDriver
Capabilities {acceptInsecureCerts: false, browserName: chrome, browserVersion: 134.0.6998.88, chrome: {chromedriverVersion: 134.0.6998.88 (7e3d5c978c6d..., userDataDir: C:\Users\INGRID~1.ZAD\AppDa...}, fedcm:accounts: true, goog:chromeOptions: {debuggerAddress: localhost:64165}, networkConnectionEnabled: false, pageLoadStrategy: normal, platformName: windows, proxy: Proxy(), se:cdp: ws://localhost:64165/devtoo..., se:cdpVersion: 134.0.6998.88, setWindowRect: true, strictFileInteractability: false, timeouts: {implicit: 0, pageLoad: 300000, script: 30000}, unhandledPromptBehavior: dismiss and notify, webauthn:extension:credBlob: true, webauthn:extension:largeBlob: true, webauthn:extension:minPinLength: true, webauthn:extension:prf: true, webauthn:virtualAuthenticators: true}
Session ID: b919fe3dd0846293ead9204576d28bfd
2025-03-12 13:08:22 [main] INFO  l.i.u.t.SubmittedApplicationsPageTest - Marking 'Taip' radio button 12
2025-03-12 13:08:32 [main] DEBUG l.i.u.t.SubmittedApplicationsPageTest - Checked 'ConfirmationStepFour'
2025-03-12 13:08:32 [main] DEBUG l.i.u.t.SubmittedApplicationsPageTest - Clicked 'Next' button after checkboxes.
2025-03-12 13:08:32 [main] INFO  l.i.u.p.SubmittedApplicationsPage - File uploaded successfully to an input element.
2025-03-12 13:08:32 [main] INFO  l.i.u.p.SubmittedApplicationsPage - File uploaded successfully to an input element.
2025-03-12 13:08:32 [main] INFO  l.i.u.p.SubmittedApplicationsPage - File uploaded successfully to an input element.
2025-03-12 13:08:32 [main] INFO  l.i.u.p.SubmittedApplicationsPage - File uploaded successfully to an input element.
2025-03-12 13:08:33 [main] INFO  l.i.u.p.SubmittedApplicationsPage - File uploaded successfully to an input element.
2025-03-12 13:08:33 [main] INFO  l.i.u.p.SubmittedApplicationsPage - File uploaded successfully to an input element.
2025-03-12 13:08:33 [main] INFO  l.i.u.p.SubmittedApplicationsPage - File uploaded successfully to an input element.
2025-03-12 13:08:33 [main] INFO  l.i.u.p.SubmittedApplicationsPage - File uploaded successfully to an input element.
2025-03-12 13:08:33 [main] INFO  l.i.u.p.SubmittedApplicationsPage - File uploaded successfully to an input element.
2025-03-12 13:08:33 [main] INFO  l.i.u.p.SubmittedApplicationsPage - File uploaded successfully to an input element.
2025-03-12 13:08:33 [main] DEBUG l.i.u.t.SubmittedApplicationsPageTest - Entered program name: 'Dokumentas 1'.
2025-03-12 13:08:33 [main] DEBUG l.i.u.t.SubmittedApplicationsPageTest - Entered program name: 'Dokumentas 2'.
2025-03-12 13:08:33 [main] DEBUG l.i.u.t.SubmittedApplicationsPageTest - Entered program name: 'Dokumentas 3'.
2025-03-12 13:08:33 [main] DEBUG l.i.u.t.SubmittedApplicationsPageTest - Entered program name: 'Dokumentas 4'.
2025-03-12 13:08:34 [main] DEBUG l.i.u.t.SubmittedApplicationsPageTest - Entered program name: 'Dokumentas 5'.
2025-03-12 13:08:34 [main] DEBUG l.i.u.t.SubmittedApplicationsPageTest - Entered program name: 'Dokumentas 6'.
2025-03-12 13:08:34 [main] DEBUG l.i.u.t.SubmittedApplicationsPageTest - Entered program name: 'Dokumentas 4'.
2025-03-12 13:08:34 [main] DEBUG l.i.u.t.SubmittedApplicationsPageTest - Entered program name: 'Dokumentas 8'.
2025-03-12 13:08:34 [main] DEBUG l.i.u.t.SubmittedApplicationsPageTest - Entered program name: 'Dokumentas 9'.
2025-03-12 13:08:34 [main] DEBUG l.i.u.t.SubmittedApplicationsPageTest - Entered program name: 'Dokumentas 10'.
2025-03-12 13:08:45 [main] DEBUG l.i.u.t.SubmittedApplicationsPageTest - Checked 'ConfirmationDocument'
2025-03-12 13:08:55 [main] DEBUG l.i.u.t.SubmittedApplicationsPageTest - Checked 'ConfirmationApplication'
2025-03-12 13:08:55 [main] DEBUG l.i.u.t.SubmittedApplicationsPageTest - Clicked 'SaveDraft' button after checkboxes.
2025-03-12 13:08:55 [main] DEBUG l.i.uztis.pages.ApplicationFormsPage - Verified success message: 'Ruošinys sėkmingai išsaugotas.'
2025-03-12 13:08:55 [main] INFO  l.i.u.t.SubmittedApplicationsPageTest - Verified success message
2025-03-12 13:08:55 [main] DEBUG l.i.u.t.SubmittedApplicationsPageTest - Clicked 'Review' button after checkboxes.
2025-03-12 13:09:05 [main] ERROR l.i.u.t.SubmittedApplicationsPageTest - Test 'testFillNewVUIApplicationFA' failed with error: no such element: Unable to locate element: {"method":"xpath","selector":"//common-button/button[contains(text(), 'Pateikti')]"}
  (Session info: chrome=134.0.6998.88)
For documentation on this error, please visit: https://www.selenium.dev/documentation/webdriver/troubleshooting/errors#no-such-element-exception
Build info: version: '4.27.0', revision: 'd6e718d134'
System info: os.name: 'Windows 11', os.arch: 'amd64', os.version: '10.0', java.version: '21.0.3'
Driver info: org.openqa.selenium.chrome.ChromeDriver
Command: [b919fe3dd0846293ead9204576d28bfd, findElement {value=//common-button/button[contains(text(), 'Pateikti')], using=xpath}]
Capabilities {acceptInsecureCerts: false, browserName: chrome, browserVersion: 134.0.6998.88, chrome: {chromedriverVersion: 134.0.6998.88 (7e3d5c978c6d..., userDataDir: C:\Users\INGRID~1.ZAD\AppDa...}, fedcm:accounts: true, goog:chromeOptions: {debuggerAddress: localhost:64165}, networkConnectionEnabled: false, pageLoadStrategy: normal, platformName: windows, proxy: Proxy(), se:cdp: ws://localhost:64165/devtoo..., se:cdpVersion: 134.0.6998.88, setWindowRect: true, strictFileInteractability: false, timeouts: {implicit: 0, pageLoad: 300000, script: 30000}, unhandledPromptBehavior: dismiss and notify, webauthn:extension:credBlob: true, webauthn:extension:largeBlob: true, webauthn:extension:minPinLength: true, webauthn:extension:prf: true, webauthn:virtualAuthenticators: true}
Session ID: b919fe3dd0846293ead9204576d28bfd
org.openqa.selenium.NoSuchElementException: no such element: Unable to locate element: {"method":"xpath","selector":"//common-button/button[contains(text(), 'Pateikti')]"}
  (Session info: chrome=134.0.6998.88)
For documentation on this error, please visit: https://www.selenium.dev/documentation/webdriver/troubleshooting/errors#no-such-element-exception
Build info: version: '4.27.0', revision: 'd6e718d134'
System info: os.name: 'Windows 11', os.arch: 'amd64', os.version: '10.0', java.version: '21.0.3'
Driver info: org.openqa.selenium.chrome.ChromeDriver
Command: [b919fe3dd0846293ead9204576d28bfd, findElement {value=//common-button/button[contains(text(), 'Pateikti')], using=xpath}]
Capabilities {acceptInsecureCerts: false, browserName: chrome, browserVersion: 134.0.6998.88, chrome: {chromedriverVersion: 134.0.6998.88 (7e3d5c978c6d..., userDataDir: C:\Users\INGRID~1.ZAD\AppDa...}, fedcm:accounts: true, goog:chromeOptions: {debuggerAddress: localhost:64165}, networkConnectionEnabled: false, pageLoadStrategy: normal, platformName: windows, proxy: Proxy(), se:cdp: ws://localhost:64165/devtoo..., se:cdpVersion: 134.0.6998.88, setWindowRect: true, strictFileInteractability: false, timeouts: {implicit: 0, pageLoad: 300000, script: 30000}, unhandledPromptBehavior: dismiss and notify, webauthn:extension:credBlob: true, webauthn:extension:largeBlob: true, webauthn:extension:minPinLength: true, webauthn:extension:prf: true, webauthn:virtualAuthenticators: true}
Session ID: b919fe3dd0846293ead9204576d28bfd
	at java.base/jdk.internal.reflect.DirectConstructorHandleAccessor.newInstance(DirectConstructorHandleAccessor.java:62)
	at java.base/java.lang.reflect.Constructor.newInstanceWithCaller(Constructor.java:502)
	at java.base/java.lang.reflect.Constructor.newInstance(Constructor.java:486)
	at org.openqa.selenium.remote.ErrorCodec.decode(ErrorCodec.java:167)
	at org.openqa.selenium.remote.codec.w3c.W3CHttpResponseCodec.decode(W3CHttpResponseCodec.java:138)
	at org.openqa.selenium.remote.codec.w3c.W3CHttpResponseCodec.decode(W3CHttpResponseCodec.java:50)
	at org.openqa.selenium.remote.HttpCommandExecutor.execute(HttpCommandExecutor.java:190)
	at org.openqa.selenium.remote.service.DriverCommandExecutor.invokeExecute(DriverCommandExecutor.java:216)
	at org.openqa.selenium.remote.service.DriverCommandExecutor.execute(DriverCommandExecutor.java:174)
	at org.openqa.selenium.remote.RemoteWebDriver.execute(RemoteWebDriver.java:545)
	at org.openqa.selenium.remote.ElementLocation$ElementFinder$2.findElement(ElementLocation.java:165)
	at org.openqa.selenium.remote.ElementLocation.findElement(ElementLocation.java:59)
	at org.openqa.selenium.remote.RemoteWebDriver.findElement(RemoteWebDriver.java:368)
	at org.openqa.selenium.remote.RemoteWebDriver.findElement(RemoteWebDriver.java:362)
	at org.openqa.selenium.support.pagefactory.DefaultElementLocator.findElement(DefaultElementLocator.java:68)
	at org.openqa.selenium.support.pagefactory.internal.LocatingElementHandler.invoke(LocatingElementHandler.java:38)
	at jdk.proxy2/jdk.proxy2.$Proxy14.isSelected(Unknown Source)
	at lt.insoft.uztis.pages.SubmittedApplicationsPage.clickButtonSubmit(SubmittedApplicationsPage.java:866)
	at lt.insoft.uztis.tests.SubmittedApplicationsPageTest.testFillNewVUIApplicationFA(SubmittedApplicationsPageTest.java:478)
	at java.base/jdk.internal.reflect.DirectMethodHandleAccessor.invoke(DirectMethodHandleAccessor.java:103)
	at java.base/java.lang.reflect.Method.invoke(Method.java:580)
	at org.junit.platform.commons.util.ReflectionUtils.invokeMethod(ReflectionUtils.java:728)
	at org.junit.jupiter.engine.execution.MethodInvocation.proceed(MethodInvocation.java:60)
	at org.junit.jupiter.engine.execution.InvocationInterceptorChain$ValidatingInvocation.proceed(InvocationInterceptorChain.java:131)
	at org.junit.jupiter.engine.extension.TimeoutExtension.intercept(TimeoutExtension.java:156)
	at org.junit.jupiter.engine.extension.TimeoutExtension.interceptTestableMethod(TimeoutExtension.java:147)
	at org.junit.jupiter.engine.extension.TimeoutExtension.interceptTestMethod(TimeoutExtension.java:86)
	at org.junit.jupiter.engine.execution.InterceptingExecutableInvoker$ReflectiveInterceptorCall.lambda$ofVoidMethod$0(InterceptingExecutableInvoker.java:103)
	at org.junit.jupiter.engine.execution.InterceptingExecutableInvoker.lambda$invoke$0(InterceptingExecutableInvoker.java:93)
	at org.junit.jupiter.engine.execution.InvocationInterceptorChain$InterceptedInvocation.proceed(InvocationInterceptorChain.java:106)
	at org.junit.jupiter.engine.execution.InvocationInterceptorChain.proceed(InvocationInterceptorChain.java:64)
	at org.junit.jupiter.engine.execution.InvocationInterceptorChain.chainAndInvoke(InvocationInterceptorChain.java:45)
	at org.junit.jupiter.engine.execution.InvocationInterceptorChain.invoke(InvocationInterceptorChain.java:37)
	at org.junit.jupiter.engine.execution.InterceptingExecutableInvoker.invoke(InterceptingExecutableInvoker.java:92)
	at org.junit.jupiter.engine.execution.InterceptingExecutableInvoker.invoke(InterceptingExecutableInvoker.java:86)
	at org.junit.jupiter.engine.descriptor.TestMethodTestDescriptor.lambda$invokeTestMethod$7(TestMethodTestDescriptor.java:218)
	at org.junit.platform.engine.support.hierarchical.ThrowableCollector.execute(ThrowableCollector.java:73)
	at org.junit.jupiter.engine.descriptor.TestMethodTestDescriptor.invokeTestMethod(TestMethodTestDescriptor.java:214)
	at org.junit.jupiter.engine.descriptor.TestMethodTestDescriptor.execute(TestMethodTestDescriptor.java:139)
	at org.junit.jupiter.engine.descriptor.TestMethodTestDescriptor.execute(TestMethodTestDescriptor.java:69)
	at org.junit.platform.engine.support.hierarchical.NodeTestTask.lambda$executeRecursively$6(NodeTestTask.java:151)
	at org.junit.platform.engine.support.hierarchical.ThrowableCollector.execute(ThrowableCollector.java:73)
	at org.junit.platform.engine.support.hierarchical.NodeTestTask.lambda$executeRecursively$8(NodeTestTask.java:141)
	at org.junit.platform.engine.support.hierarchical.Node.around(Node.java:137)
	at org.junit.platform.engine.support.hierarchical.NodeTestTask.lambda$executeRecursively$9(NodeTestTask.java:139)
	at org.junit.platform.engine.support.hierarchical.ThrowableCollector.execute(ThrowableCollector.java:73)
	at org.junit.platform.engine.support.hierarchical.NodeTestTask.executeRecursively(NodeTestTask.java:138)
	at org.junit.platform.engine.support.hierarchical.NodeTestTask.execute(NodeTestTask.java:95)
	at java.base/java.util.ArrayList.forEach(ArrayList.java:1596)
	at org.junit.platform.engine.support.hierarchical.SameThreadHierarchicalTestExecutorService.invokeAll(SameThreadHierarchicalTestExecutorService.java:41)
	at org.junit.platform.engine.support.hierarchical.NodeTestTask.lambda$executeRecursively$6(NodeTestTask.java:155)
	at org.junit.platform.engine.support.hierarchical.ThrowableCollector.execute(ThrowableCollector.java:73)
	at org.junit.platform.engine.support.hierarchical.NodeTestTask.lambda$executeRecursively$8(NodeTestTask.java:141)
	at org.junit.platform.engine.support.hierarchical.Node.around(Node.java:137)
	at org.junit.platform.engine.support.hierarchical.NodeTestTask.lambda$executeRecursively$9(NodeTestTask.java:139)
	at org.junit.platform.engine.support.hierarchical.ThrowableCollector.execute(ThrowableCollector.java:73)
	at org.junit.platform.engine.support.hierarchical.NodeTestTask.executeRecursively(NodeTestTask.java:138)
	at org.junit.platform.engine.support.hierarchical.NodeTestTask.execute(NodeTestTask.java:95)
	at java.base/java.util.ArrayList.forEach(ArrayList.java:1596)
	at org.junit.platform.engine.support.hierarchical.SameThreadHierarchicalTestExecutorService.invokeAll(SameThreadHierarchicalTestExecutorService.java:41)
	at org.junit.platform.engine.support.hierarchical.NodeTestTask.lambda$executeRecursively$6(NodeTestTask.java:155)
	at org.junit.platform.engine.support.hierarchical.ThrowableCollector.execute(ThrowableCollector.java:73)
	at org.junit.platform.engine.support.hierarchical.NodeTestTask.lambda$executeRecursively$8(NodeTestTask.java:141)
	at org.junit.platform.engine.support.hierarchical.Node.around(Node.java:137)
	at org.junit.platform.engine.support.hierarchical.NodeTestTask.lambda$executeRecursively$9(NodeTestTask.java:139)
	at org.junit.platform.engine.support.hierarchical.ThrowableCollector.execute(ThrowableCollector.java:73)
	at org.junit.platform.engine.support.hierarchical.NodeTestTask.executeRecursively(NodeTestTask.java:138)
	at org.junit.platform.engine.support.hierarchical.NodeTestTask.execute(NodeTestTask.java:95)
	at org.junit.platform.engine.support.hierarchical.SameThreadHierarchicalTestExecutorService.submit(SameThreadHierarchicalTestExecutorService.java:35)
	at org.junit.platform.engine.support.hierarchical.HierarchicalTestExecutor.execute(HierarchicalTestExecutor.java:57)
	at org.junit.platform.engine.support.hierarchical.HierarchicalTestEngine.execute(HierarchicalTestEngine.java:54)
	at org.junit.platform.launcher.core.EngineExecutionOrchestrator.execute(EngineExecutionOrchestrator.java:198)
	at org.junit.platform.launcher.core.EngineExecutionOrchestrator.execute(EngineExecutionOrchestrator.java:169)
	at org.junit.platform.launcher.core.EngineExecutionOrchestrator.execute(EngineExecutionOrchestrator.java:93)
	at org.junit.platform.launcher.core.EngineExecutionOrchestrator.lambda$execute$0(EngineExecutionOrchestrator.java:58)
	at org.junit.platform.launcher.core.EngineExecutionOrchestrator.withInterceptedStreams(EngineExecutionOrchestrator.java:141)
	at org.junit.platform.launcher.core.EngineExecutionOrchestrator.execute(EngineExecutionOrchestrator.java:57)
	at org.junit.platform.launcher.core.DefaultLauncher.execute(DefaultLauncher.java:103)
	at org.junit.platform.launcher.core.DefaultLauncher.execute(DefaultLauncher.java:85)
	at org.junit.platform.launcher.core.DelegatingLauncher.execute(DelegatingLauncher.java:47)
	at org.junit.platform.launcher.core.SessionPerRequestLauncher.execute(SessionPerRequestLauncher.java:63)
	at com.intellij.junit5.JUnit5IdeaTestRunner.startRunnerWithArgs(JUnit5IdeaTestRunner.java:57)
	at com.intellij.rt.junit.IdeaTestRunner$Repeater$1.execute(IdeaTestRunner.java:38)
	at com.intellij.rt.execution.junit.TestsRepeater.repeat(TestsRepeater.java:11)
	at com.intellij.rt.junit.IdeaTestRunner$Repeater.startRunnerWithArgs(IdeaTestRunner.java:35)
	at com.intellij.rt.junit.JUnitStarter.prepareStreamsAndStart(JUnitStarter.java:232)
	at com.intellij.rt.junit.JUnitStarter.main(JUnitStarter.java:55)
2025-03-12 13:09:05 [main] INFO  l.insoft.uztis.tests.utils.TestUtils - Screenshot moved to C:\Users\ingrida.zadorozniene\Desktop\Asm\UZTIS\UZTIS_tests\test-output\screenshots\20250312\130905851_testFillNewVUIApplicationFA().png
2025-03-12 13:10:35 [main] INFO  lt.insoft.uztis.tests.UztisPageTest - Navigated to https://uztisdev.asseco.lt/home
2025-03-12 13:10:35 [main] INFO  l.i.u.t.SubmittedApplicationsPageTest - Starting test:'testFillNewDVPApplicationFA'
2025-03-12 13:10:36 [main] DEBUG l.i.u.t.SubmittedApplicationsPageTest - User logged in with test credentials.
2025-03-12 13:10:36 [main] DEBUG l.i.u.t.SubmittedApplicationsPageTest - Opened 'Application Processing' menu.
2025-03-12 13:10:36 [main] DEBUG l.i.u.t.SubmittedApplicationsPageTest - Clicked on 'Application Forms' menu.
2025-03-12 13:10:37 [main] DEBUG l.i.u.t.SubmittedApplicationsPageTest - Retrieved last description code text: 'TST-VUI-84'.
2025-03-12 13:10:37 [main] DEBUG l.i.u.t.SubmittedApplicationsPageTest - Clicked on 'Invitation' menu.
2025-03-12 13:10:38 [main] DEBUG l.i.u.t.SubmittedApplicationsPageTest - Selected application section by code: 'TST-VUI-84'.
2025-03-12 13:10:38 [main] DEBUG l.i.u.t.SubmittedApplicationsPageTest - Clicked 'Search' button.
2025-03-12 13:10:38 [main] DEBUG l.i.u.t.SubmittedApplicationsPageTest - Retrieved invitation code: ''.
2025-03-12 13:10:38 [main] DEBUG l.i.u.t.SubmittedApplicationsPageTest - Clicked on 'Submitted Applications' menu.
2025-03-12 13:10:40 [main] DEBUG l.i.u.t.SubmittedApplicationsPageTest - Selected invitation by code: 'TST-VUI-84'.
2025-03-12 13:10:40 [main] DEBUG l.i.u.t.SubmittedApplicationsPageTest - Invitation code inserted.
2025-03-12 13:10:40 [main] DEBUG l.i.u.t.SubmittedApplicationsPageTest - Clicked on 'Action Application' button.
2025-03-12 13:10:40 [main] DEBUG l.i.u.t.SubmittedApplicationsPageTest - Clicked on 'New Application' button.
2025-03-12 13:10:40 [main] DEBUG l.i.u.t.SubmittedApplicationsPageTest - Selected the 'RadioButtonFA' option.
2025-03-12 13:10:41 [main] DEBUG l.i.u.t.SubmittedApplicationsPageTest - Entered phone number: '61298745'.
2025-03-12 13:10:41 [main] DEBUG l.i.u.t.SubmittedApplicationsPageTest - Entered email: 'test@autotest.com'.
2025-03-12 13:10:51 [main] ERROR l.i.u.t.SubmittedApplicationsPageTest - Test 'testFillNewDVPApplicationFA' failed with error: no such element: Unable to locate element: {"method":"xpath","selector":"(//div[contains(@class, 'mdc-checkbox')]//input[@type='checkbox'])[1]"}
  (Session info: chrome=134.0.6998.88)
For documentation on this error, please visit: https://www.selenium.dev/documentation/webdriver/troubleshooting/errors#no-such-element-exception
Build info: version: '4.27.0', revision: 'd6e718d134'
System info: os.name: 'Windows 11', os.arch: 'amd64', os.version: '10.0', java.version: '21.0.3'
Driver info: org.openqa.selenium.chrome.ChromeDriver
Command: [962e9400047b0a781ba1e6fed8781194, findElement {value=(//div[contains(@class, 'mdc-checkbox')]//input[@type='checkbox'])[1], using=xpath}]
Capabilities {acceptInsecureCerts: false, browserName: chrome, browserVersion: 134.0.6998.88, chrome: {chromedriverVersion: 134.0.6998.88 (7e3d5c978c6d..., userDataDir: C:\Users\INGRID~1.ZAD\AppDa...}, fedcm:accounts: true, goog:chromeOptions: {debuggerAddress: localhost:64391}, networkConnectionEnabled: false, pageLoadStrategy: normal, platformName: windows, proxy: Proxy(), se:cdp: ws://localhost:64391/devtoo..., se:cdpVersion: 134.0.6998.88, setWindowRect: true, strictFileInteractability: false, timeouts: {implicit: 0, pageLoad: 300000, script: 30000}, unhandledPromptBehavior: dismiss and notify, webauthn:extension:credBlob: true, webauthn:extension:largeBlob: true, webauthn:extension:minPinLength: true, webauthn:extension:prf: true, webauthn:virtualAuthenticators: true}
Session ID: 962e9400047b0a781ba1e6fed8781194
org.openqa.selenium.NoSuchElementException: no such element: Unable to locate element: {"method":"xpath","selector":"(//div[contains(@class, 'mdc-checkbox')]//input[@type='checkbox'])[1]"}
  (Session info: chrome=134.0.6998.88)
For documentation on this error, please visit: https://www.selenium.dev/documentation/webdriver/troubleshooting/errors#no-such-element-exception
Build info: version: '4.27.0', revision: 'd6e718d134'
System info: os.name: 'Windows 11', os.arch: 'amd64', os.version: '10.0', java.version: '21.0.3'
Driver info: org.openqa.selenium.chrome.ChromeDriver
Command: [962e9400047b0a781ba1e6fed8781194, findElement {value=(//div[contains(@class, 'mdc-checkbox')]//input[@type='checkbox'])[1], using=xpath}]
Capabilities {acceptInsecureCerts: false, browserName: chrome, browserVersion: 134.0.6998.88, chrome: {chromedriverVersion: 134.0.6998.88 (7e3d5c978c6d..., userDataDir: C:\Users\INGRID~1.ZAD\AppDa...}, fedcm:accounts: true, goog:chromeOptions: {debuggerAddress: localhost:64391}, networkConnectionEnabled: false, pageLoadStrategy: normal, platformName: windows, proxy: Proxy(), se:cdp: ws://localhost:64391/devtoo..., se:cdpVersion: 134.0.6998.88, setWindowRect: true, strictFileInteractability: false, timeouts: {implicit: 0, pageLoad: 300000, script: 30000}, unhandledPromptBehavior: dismiss and notify, webauthn:extension:credBlob: true, webauthn:extension:largeBlob: true, webauthn:extension:minPinLength: true, webauthn:extension:prf: true, webauthn:virtualAuthenticators: true}
Session ID: 962e9400047b0a781ba1e6fed8781194
	at java.base/jdk.internal.reflect.DirectConstructorHandleAccessor.newInstance(DirectConstructorHandleAccessor.java:62)
	at java.base/java.lang.reflect.Constructor.newInstanceWithCaller(Constructor.java:502)
	at java.base/java.lang.reflect.Constructor.newInstance(Constructor.java:486)
	at org.openqa.selenium.remote.ErrorCodec.decode(ErrorCodec.java:167)
	at org.openqa.selenium.remote.codec.w3c.W3CHttpResponseCodec.decode(W3CHttpResponseCodec.java:138)
	at org.openqa.selenium.remote.codec.w3c.W3CHttpResponseCodec.decode(W3CHttpResponseCodec.java:50)
	at org.openqa.selenium.remote.HttpCommandExecutor.execute(HttpCommandExecutor.java:190)
	at org.openqa.selenium.remote.service.DriverCommandExecutor.invokeExecute(DriverCommandExecutor.java:216)
	at org.openqa.selenium.remote.service.DriverCommandExecutor.execute(DriverCommandExecutor.java:174)
	at org.openqa.selenium.remote.RemoteWebDriver.execute(RemoteWebDriver.java:545)
	at org.openqa.selenium.remote.ElementLocation$ElementFinder$2.findElement(ElementLocation.java:165)
	at org.openqa.selenium.remote.ElementLocation.findElement(ElementLocation.java:59)
	at org.openqa.selenium.remote.RemoteWebDriver.findElement(RemoteWebDriver.java:368)
	at org.openqa.selenium.remote.RemoteWebDriver.findElement(RemoteWebDriver.java:362)
	at org.openqa.selenium.support.pagefactory.DefaultElementLocator.findElement(DefaultElementLocator.java:68)
	at org.openqa.selenium.support.pagefactory.internal.LocatingElementHandler.invoke(LocatingElementHandler.java:38)
	at jdk.proxy2/jdk.proxy2.$Proxy14.isSelected(Unknown Source)
	at lt.insoft.uztis.pages.InvitationsPage.setCheckbox(InvitationsPage.java:480)
	at lt.insoft.uztis.tests.SubmittedApplicationsPageTest.testFillNewDVPApplicationFA(SubmittedApplicationsPageTest.java:565)
	at java.base/jdk.internal.reflect.DirectMethodHandleAccessor.invoke(DirectMethodHandleAccessor.java:103)
	at java.base/java.lang.reflect.Method.invoke(Method.java:580)
	at org.junit.platform.commons.util.ReflectionUtils.invokeMethod(ReflectionUtils.java:728)
	at org.junit.jupiter.engine.execution.MethodInvocation.proceed(MethodInvocation.java:60)
	at org.junit.jupiter.engine.execution.InvocationInterceptorChain$ValidatingInvocation.proceed(InvocationInterceptorChain.java:131)
	at org.junit.jupiter.engine.extension.TimeoutExtension.intercept(TimeoutExtension.java:156)
	at org.junit.jupiter.engine.extension.TimeoutExtension.interceptTestableMethod(TimeoutExtension.java:147)
	at org.junit.jupiter.engine.extension.TimeoutExtension.interceptTestMethod(TimeoutExtension.java:86)
	at org.junit.jupiter.engine.execution.InterceptingExecutableInvoker$ReflectiveInterceptorCall.lambda$ofVoidMethod$0(InterceptingExecutableInvoker.java:103)
	at org.junit.jupiter.engine.execution.InterceptingExecutableInvoker.lambda$invoke$0(InterceptingExecutableInvoker.java:93)
	at org.junit.jupiter.engine.execution.InvocationInterceptorChain$InterceptedInvocation.proceed(InvocationInterceptorChain.java:106)
	at org.junit.jupiter.engine.execution.InvocationInterceptorChain.proceed(InvocationInterceptorChain.java:64)
	at org.junit.jupiter.engine.execution.InvocationInterceptorChain.chainAndInvoke(InvocationInterceptorChain.java:45)
	at org.junit.jupiter.engine.execution.InvocationInterceptorChain.invoke(InvocationInterceptorChain.java:37)
	at org.junit.jupiter.engine.execution.InterceptingExecutableInvoker.invoke(InterceptingExecutableInvoker.java:92)
	at org.junit.jupiter.engine.execution.InterceptingExecutableInvoker.invoke(InterceptingExecutableInvoker.java:86)
	at org.junit.jupiter.engine.descriptor.TestMethodTestDescriptor.lambda$invokeTestMethod$7(TestMethodTestDescriptor.java:218)
	at org.junit.platform.engine.support.hierarchical.ThrowableCollector.execute(ThrowableCollector.java:73)
	at org.junit.jupiter.engine.descriptor.TestMethodTestDescriptor.invokeTestMethod(TestMethodTestDescriptor.java:214)
	at org.junit.jupiter.engine.descriptor.TestMethodTestDescriptor.execute(TestMethodTestDescriptor.java:139)
	at org.junit.jupiter.engine.descriptor.TestMethodTestDescriptor.execute(TestMethodTestDescriptor.java:69)
	at org.junit.platform.engine.support.hierarchical.NodeTestTask.lambda$executeRecursively$6(NodeTestTask.java:151)
	at org.junit.platform.engine.support.hierarchical.ThrowableCollector.execute(ThrowableCollector.java:73)
	at org.junit.platform.engine.support.hierarchical.NodeTestTask.lambda$executeRecursively$8(NodeTestTask.java:141)
	at org.junit.platform.engine.support.hierarchical.Node.around(Node.java:137)
	at org.junit.platform.engine.support.hierarchical.NodeTestTask.lambda$executeRecursively$9(NodeTestTask.java:139)
	at org.junit.platform.engine.support.hierarchical.ThrowableCollector.execute(ThrowableCollector.java:73)
	at org.junit.platform.engine.support.hierarchical.NodeTestTask.executeRecursively(NodeTestTask.java:138)
	at org.junit.platform.engine.support.hierarchical.NodeTestTask.execute(NodeTestTask.java:95)
	at java.base/java.util.ArrayList.forEach(ArrayList.java:1596)
	at org.junit.platform.engine.support.hierarchical.SameThreadHierarchicalTestExecutorService.invokeAll(SameThreadHierarchicalTestExecutorService.java:41)
	at org.junit.platform.engine.support.hierarchical.NodeTestTask.lambda$executeRecursively$6(NodeTestTask.java:155)
	at org.junit.platform.engine.support.hierarchical.ThrowableCollector.execute(ThrowableCollector.java:73)
	at org.junit.platform.engine.support.hierarchical.NodeTestTask.lambda$executeRecursively$8(NodeTestTask.java:141)
	at org.junit.platform.engine.support.hierarchical.Node.around(Node.java:137)
	at org.junit.platform.engine.support.hierarchical.NodeTestTask.lambda$executeRecursively$9(NodeTestTask.java:139)
	at org.junit.platform.engine.support.hierarchical.ThrowableCollector.execute(ThrowableCollector.java:73)
	at org.junit.platform.engine.support.hierarchical.NodeTestTask.executeRecursively(NodeTestTask.java:138)
	at org.junit.platform.engine.support.hierarchical.NodeTestTask.execute(NodeTestTask.java:95)
	at java.base/java.util.ArrayList.forEach(ArrayList.java:1596)
	at org.junit.platform.engine.support.hierarchical.SameThreadHierarchicalTestExecutorService.invokeAll(SameThreadHierarchicalTestExecutorService.java:41)
	at org.junit.platform.engine.support.hierarchical.NodeTestTask.lambda$executeRecursively$6(NodeTestTask.java:155)
	at org.junit.platform.engine.support.hierarchical.ThrowableCollector.execute(ThrowableCollector.java:73)
	at org.junit.platform.engine.support.hierarchical.NodeTestTask.lambda$executeRecursively$8(NodeTestTask.java:141)
	at org.junit.platform.engine.support.hierarchical.Node.around(Node.java:137)
	at org.junit.platform.engine.support.hierarchical.NodeTestTask.lambda$executeRecursively$9(NodeTestTask.java:139)
	at org.junit.platform.engine.support.hierarchical.ThrowableCollector.execute(ThrowableCollector.java:73)
	at org.junit.platform.engine.support.hierarchical.NodeTestTask.executeRecursively(NodeTestTask.java:138)
	at org.junit.platform.engine.support.hierarchical.NodeTestTask.execute(NodeTestTask.java:95)
	at org.junit.platform.engine.support.hierarchical.SameThreadHierarchicalTestExecutorService.submit(SameThreadHierarchicalTestExecutorService.java:35)
	at org.junit.platform.engine.support.hierarchical.HierarchicalTestExecutor.execute(HierarchicalTestExecutor.java:57)
	at org.junit.platform.engine.support.hierarchical.HierarchicalTestEngine.execute(HierarchicalTestEngine.java:54)
	at org.junit.platform.launcher.core.EngineExecutionOrchestrator.execute(EngineExecutionOrchestrator.java:198)
	at org.junit.platform.launcher.core.EngineExecutionOrchestrator.execute(EngineExecutionOrchestrator.java:169)
	at org.junit.platform.launcher.core.EngineExecutionOrchestrator.execute(EngineExecutionOrchestrator.java:93)
	at org.junit.platform.launcher.core.EngineExecutionOrchestrator.lambda$execute$0(EngineExecutionOrchestrator.java:58)
	at org.junit.platform.launcher.core.EngineExecutionOrchestrator.withInterceptedStreams(EngineExecutionOrchestrator.java:141)
	at org.junit.platform.launcher.core.EngineExecutionOrchestrator.execute(EngineExecutionOrchestrator.java:57)
	at org.junit.platform.launcher.core.DefaultLauncher.execute(DefaultLauncher.java:103)
	at org.junit.platform.launcher.core.DefaultLauncher.execute(DefaultLauncher.java:85)
	at org.junit.platform.launcher.core.DelegatingLauncher.execute(DelegatingLauncher.java:47)
	at org.junit.platform.launcher.core.SessionPerRequestLauncher.execute(SessionPerRequestLauncher.java:63)
	at com.intellij.junit5.JUnit5IdeaTestRunner.startRunnerWithArgs(JUnit5IdeaTestRunner.java:57)
	at com.intellij.rt.junit.IdeaTestRunner$Repeater$1.execute(IdeaTestRunner.java:38)
	at com.intellij.rt.execution.junit.TestsRepeater.repeat(TestsRepeater.java:11)
	at com.intellij.rt.junit.IdeaTestRunner$Repeater.startRunnerWithArgs(IdeaTestRunner.java:35)
	at com.intellij.rt.junit.JUnitStarter.prepareStreamsAndStart(JUnitStarter.java:232)
	at com.intellij.rt.junit.JUnitStarter.main(JUnitStarter.java:55)
2025-03-12 13:10:51 [main] INFO  l.insoft.uztis.tests.utils.TestUtils - Screenshot moved to C:\Users\ingrida.zadorozniene\Desktop\Asm\UZTIS\UZTIS_tests\test-output\screenshots\20250312\131051459_testFillNewDVPApplicationFA().png
2025-03-12 13:11:17 [main] INFO  lt.insoft.uztis.tests.UztisPageTest - Navigated to https://uztisdev.asseco.lt/home
2025-03-12 13:11:17 [main] INFO  l.i.u.t.SubmittedApplicationsPageTest - Starting test:'testFillNewVUIPApplicationFA'
2025-03-12 13:11:17 [main] DEBUG l.i.u.t.SubmittedApplicationsPageTest - User logged in with test credentials.
2025-03-12 13:11:18 [main] DEBUG l.i.u.t.SubmittedApplicationsPageTest - Opened 'Application Processing' menu.
2025-03-12 13:11:18 [main] DEBUG l.i.u.t.SubmittedApplicationsPageTest - Clicked on 'Application Forms' menu.
2025-03-12 13:11:19 [main] DEBUG l.i.u.t.SubmittedApplicationsPageTest - Retrieved last description code text: 'TST-VUI-84'.
2025-03-12 13:11:19 [main] DEBUG l.i.u.t.SubmittedApplicationsPageTest - Clicked on 'Invitation' menu.
2025-03-12 13:11:20 [main] DEBUG l.i.u.t.SubmittedApplicationsPageTest - Selected application section by code: 'TST-VUI-84'.
2025-03-12 13:11:20 [main] DEBUG l.i.u.t.SubmittedApplicationsPageTest - Clicked 'Search' button.
2025-03-12 13:11:20 [main] DEBUG l.i.u.t.SubmittedApplicationsPageTest - Retrieved invitation code: ''.
2025-03-12 13:11:20 [main] DEBUG l.i.u.t.SubmittedApplicationsPageTest - Clicked on 'Submitted Applications' menu.
2025-03-12 13:11:22 [main] DEBUG l.i.u.t.SubmittedApplicationsPageTest - Selected invitation by code: 'TST-VUI-84'.
2025-03-12 13:11:22 [main] DEBUG l.i.u.t.SubmittedApplicationsPageTest - Invitation code inserted.
2025-03-12 13:11:22 [main] DEBUG l.i.u.t.SubmittedApplicationsPageTest - Clicked on 'Action Application' button.
2025-03-12 13:11:22 [main] DEBUG l.i.u.t.SubmittedApplicationsPageTest - Clicked on 'New Application' button.
2025-03-12 13:11:23 [main] DEBUG l.i.u.t.SubmittedApplicationsPageTest - Selected the 'RadioButtonFA' option.
2025-03-12 13:11:23 [main] DEBUG l.i.u.t.SubmittedApplicationsPageTest - Entered phone number: '61298745'.
2025-03-12 13:11:23 [main] DEBUG l.i.u.t.SubmittedApplicationsPageTest - Entered email: 'test@autotest.com'.
2025-03-12 13:11:23 [main] INFO  l.i.u.p.SubmittedApplicationsPage - Clicking on the dropdown button.
2025-03-12 13:11:41 [main] INFO  l.i.u.p.SubmittedApplicationsPage - Found 1741 options in the dropdown.
2025-03-12 13:11:41 [main] DEBUG l.i.u.p.SubmittedApplicationsPage - Checking option: ''
2025-03-12 13:11:41 [main] DEBUG l.i.u.p.SubmittedApplicationsPage - Checking option: '01.11 - Grūdinių (išskyrus ryžius), ankštinių ir aliejingų sėklų augalų auginimas'
2025-03-12 13:11:41 [main] INFO  l.i.u.p.SubmittedApplicationsPage - Successfully selected the value: '01.11 - Grūdinių (išskyrus ryžius), ankštinių ir aliejingų sėklų augalų auginimas'
2025-03-12 13:11:41 [main] INFO  l.i.u.p.SubmittedApplicationsPage - Attempting to close the dropdown.
2025-03-12 13:11:41 [main] DEBUG l.i.u.t.SubmittedApplicationsPageTest - Selected EVRK value: '01.11 - Grūdinių (išskyrus ryžius), ankštinių ir aliejingų sėklų augalų auginimas'.
2025-03-12 13:11:42 [main] DEBUG l.i.u.t.SubmittedApplicationsPageTest - Clicked on 'Address Component' button.
2025-03-12 13:11:42 [main] INFO  l.i.u.p.SubmittedApplicationsPage - Located the dropdown button.
2025-03-12 13:11:45 [main] INFO  l.i.u.p.SubmittedApplicationsPage - Successfully selected the value: 'Lietuva'
2025-03-12 13:11:45 [main] DEBUG l.i.u.t.SubmittedApplicationsPageTest - Selected country: 'Lietuva'.
2025-03-12 13:11:45 [main] INFO  l.i.u.p.SubmittedApplicationsPage - Located the dropdown search field.
2025-03-12 13:11:45 [main] INFO  l.i.u.p.SubmittedApplicationsPage - Dropdown city is opened.
2025-03-12 13:11:46 [main] INFO  l.i.u.p.SubmittedApplicationsPage - Searched for value: 'Vilnius'
2025-03-12 13:11:47 [main] INFO  l.i.u.p.SubmittedApplicationsPage - Successfully selected: 'Vilnius'
2025-03-12 13:11:47 [main] INFO  l.i.u.p.SubmittedApplicationsPage - Located the dropdown button.
2025-03-12 13:11:48 [main] INFO  l.i.u.p.SubmittedApplicationsPage - Successfully selected the value: 'A. Domaševičiaus g.'
2025-03-12 13:11:48 [main] DEBUG l.i.u.t.SubmittedApplicationsPageTest - Selected street: 'A. Domaševičiaus g.'.
2025-03-12 13:11:48 [main] INFO  l.i.u.p.SubmittedApplicationsPage - Located the dropdown button.
2025-03-12 13:11:48 [main] INFO  l.i.u.p.SubmittedApplicationsPage - Successfully selected the value: '1'
2025-03-12 13:11:48 [main] DEBUG l.i.u.t.SubmittedApplicationsPageTest - Selected house: '1'.
2025-03-12 13:11:48 [main] INFO  l.i.u.p.SubmittedApplicationsPage - Located the dropdown button.
2025-03-12 13:11:49 [main] INFO  l.i.u.p.SubmittedApplicationsPage - Successfully selected the value: '1'
2025-03-12 13:11:49 [main] DEBUG l.i.u.t.SubmittedApplicationsPageTest - Selected apartment: '1'.
2025-03-12 13:11:49 [main] DEBUG l.i.u.t.SubmittedApplicationsPageTest - Clicked 'Confirm' button.
2025-03-12 13:11:49 [main] DEBUG l.i.u.t.SubmittedApplicationsPageTest - Entered project date.
2025-03-12 13:11:49 [main] DEBUG l.i.u.t.SubmittedApplicationsPageTest - Entered job count: '1'.
2025-03-12 13:11:49 [main] DEBUG l.i.u.t.SubmittedApplicationsPageTest - Clicked 'Next' button.
2025-03-12 13:11:49 [main] INFO  l.i.u.p.SubmittedApplicationsPage - Located the dropdown button.
2025-03-12 13:11:50 [main] INFO  l.i.u.p.SubmittedApplicationsPage - Successfully selected the value: 'Administratoriai'
2025-03-12 13:11:50 [main] DEBUG l.i.u.t.SubmittedApplicationsPageTest - Selected job name: 'Administratoriai'.
2025-03-12 13:11:50 [main] DEBUG l.i.u.t.SubmittedApplicationsPageTest - Entered job function: 'Funkcija 1'.
2025-03-12 13:11:51 [main] DEBUG l.i.u.t.SubmittedApplicationsPageTest - Selected 'RadioButtonWithDisabilities' option.
2025-03-12 13:11:51 [main] INFO  l.i.u.p.SubmittedApplicationsPage - Clicking on the dropdown button.
2025-03-12 13:11:51 [main] INFO  l.i.u.p.SubmittedApplicationsPage - Found 34 options in the dropdown.
2025-03-12 13:11:51 [main] DEBUG l.i.u.p.SubmittedApplicationsPage - Checking option: 'Asmenys, kuriems suteiktas pabėgėlio statusas ar perkeliamojo asmens statusas, arba asmenys, kuriems suteikta papildoma ar laikinoji apsauga, ir asmenys, turintys teisę gauti laikinąją apsaugą, iki sprendimo dėl laikinosios apsaugos suteikimo (nesuteikimo) priėmimo, tačiau ne ilgiau kaip laikinosios apsaugos laikotarpiu'
2025-03-12 13:11:51 [main] DEBUG l.i.u.p.SubmittedApplicationsPage - Checking option: 'Asmenys, kuriems suteiktas pabėgėlio statusas ar perkeliamojo asmens statusas, arba asmenys, kuriems suteikta papildoma ar laikinoji apsauga, ir asmenys, turintys teisę gauti laikinąją apsaugą, iki sprendimo dėl laikinosios apsaugos suteikimo (nesuteikimo) priėmimo, tačiau ne ilgiau kaip laikinosios apsaugos laikotarpiu'
2025-03-12 13:11:51 [main] DEBUG l.i.u.p.SubmittedApplicationsPage - Checking option: 'Asmenys, turintys teisę į papildomas užimtumo garantijas pagal Lietuvos Respublikos valstybės įmonės Ignalinos atominės elektrinės darbuotojų papildomų užimtumo ir socialinių garantijų įstatymą'
2025-03-12 13:11:51 [main] DEBUG l.i.u.p.SubmittedApplicationsPage - Checking option: 'Asmenys, turintys teisę į papildomas užimtumo garantijas pagal Lietuvos Respublikos valstybės įmonės Ignalinos atominės elektrinės darbuotojų papildomų užimtumo ir socialinių garantijų įstatymą'
2025-03-12 13:11:51 [main] DEBUG l.i.u.p.SubmittedApplicationsPage - Checking option: 'Bedarbiai iki 29 metų'
2025-03-12 13:11:51 [main] DEBUG l.i.u.p.SubmittedApplicationsPage - Checking option: 'Bedarbiai iki 29 metų'
2025-03-12 13:11:51 [main] DEBUG l.i.u.p.SubmittedApplicationsPage - Checking option: 'Bedarbiai, kurie yra darbingo amžiaus neįgalieji, kuriems nustatytas 30–40 procentų darbingumo lygis arba vidutinis neįgalumo lygis'
2025-03-12 13:11:51 [main] DEBUG l.i.u.p.SubmittedApplicationsPage - Checking option: 'Bedarbiai, kurie yra darbingo amžiaus neįgalieji, kuriems nustatytas 30–40 procentų darbingumo lygis arba vidutinis neįgalumo lygis'
2025-03-12 13:11:51 [main] DEBUG l.i.u.p.SubmittedApplicationsPage - Checking option: 'Bedarbiai, kurie yra darbingo amžiaus neįgalieji, kuriems nustatytas 45–55 procentų darbingumo lygis arba lengvas neįgalumo lygis'
2025-03-12 13:11:51 [main] DEBUG l.i.u.p.SubmittedApplicationsPage - Checking option: 'Bedarbiai, kurie yra darbingo amžiaus neįgalieji, kuriems nustatytas 45–55 procentų darbingumo lygis arba lengvas neįgalumo lygis'
2025-03-12 13:11:51 [main] DEBUG l.i.u.p.SubmittedApplicationsPage - Checking option: 'Bedarbiai, kurie yra darbingo amžiaus neįgalieji, kuriems nustatytas iki 25 procentų darbingumo lygis arba sunkus neįgalumo lygis'
2025-03-12 13:11:52 [main] INFO  l.i.u.p.SubmittedApplicationsPage - Successfully selected the value: 'Bedarbiai, kurie yra darbingo amžiaus neįgalieji, kuriems nustatytas iki 25 procentų darbingumo lygis arba sunkus neįgalumo lygis'
2025-03-12 13:11:52 [main] INFO  l.i.u.p.SubmittedApplicationsPage - Attempting to close the dropdown.
2025-03-12 13:11:52 [main] DEBUG l.i.u.t.SubmittedApplicationsPageTest - Selected disabilities type: 'Bedarbiai, kurie yra darbingo amžiaus neįgalieji, kuriems nustatytas iki 25 procentų darbingumo lygis arba sunkus neįgalumo lygis'.
2025-03-12 13:11:52 [main] DEBUG l.i.u.t.SubmittedApplicationsPageTest - Entered disability information: 'Negalia 1'.
2025-03-12 13:11:52 [main] INFO  l.i.u.p.SubmittedApplicationsPage - Located the dropdown button.
2025-03-12 13:11:53 [main] INFO  l.i.u.p.SubmittedApplicationsPage - Successfully selected the value: 'Kita'
2025-03-12 13:11:53 [main] DEBUG l.i.u.t.SubmittedApplicationsPageTest - Selected time mode: 'Kita'.
2025-03-12 13:11:54 [main] DEBUG l.i.u.t.SubmittedApplicationsPageTest - Selected time mode other: '6 val. per dieną ir 4 d. per savaitę'.
2025-03-12 13:11:54 [main] DEBUG l.i.u.t.SubmittedApplicationsPageTest - Entered qualification: 'Kvalifikacija 1'.
2025-03-12 13:11:54 [main] DEBUG l.i.u.t.SubmittedApplicationsPageTest - Entered job date.
2025-03-12 13:11:54 [main] DEBUG l.i.u.t.SubmittedApplicationsPageTest - Entered salary amount: '1200'.
2025-03-12 13:11:55 [main] DEBUG l.i.u.t.SubmittedApplicationsPageTest - Selected 'Temporary Job' radio button.
2025-03-12 13:11:55 [main] DEBUG l.i.u.t.SubmittedApplicationsPageTest - Selected 'Season Job' radio button.
2025-03-12 13:11:55 [main] DEBUG l.i.u.t.SubmittedApplicationsPageTest - Selected 'Energy' radio button.
2025-03-12 13:11:55 [main] DEBUG l.i.u.t.SubmittedApplicationsPageTest - Selected 'Repair' radio button.
2025-03-12 13:11:55 [main] DEBUG l.i.u.t.SubmittedApplicationsPageTest - Entered job description: 'Veikla 1'.
2025-03-12 13:11:56 [main] DEBUG l.i.u.t.SubmittedApplicationsPageTest - Entered process description: 'Procesas 1'.
2025-03-12 13:11:56 [main] DEBUG l.i.u.t.SubmittedApplicationsPageTest - Entered energy information: 'Energija 1'.
2025-03-12 13:11:56 [main] DEBUG l.i.u.t.SubmittedApplicationsPageTest - Entered repair information: 'Remontas 1'.
2025-03-12 13:11:56 [main] DEBUG l.i.u.t.SubmittedApplicationsPageTest - Selected 'PVM' radio button.
2025-03-12 13:11:56 [main] INFO  l.i.u.p.SubmittedApplicationsPage - Located the dropdown button.
2025-03-12 13:11:57 [main] INFO  l.i.u.p.SubmittedApplicationsPage - Successfully selected the value: 'Įsigyti'
2025-03-12 13:11:57 [main] DEBUG l.i.u.t.SubmittedApplicationsPageTest - Selected necessary for job: 'Įsigyti'.
2025-03-12 13:11:57 [main] DEBUG l.i.u.t.SubmittedApplicationsPageTest - Selected tool: 'Darbo priemonė 1'.
2025-03-12 13:11:57 [main] DEBUG l.i.u.t.SubmittedApplicationsPageTest - Selected tool parameter one: 'Darbo priemonės 1 parametras 1'.
2025-03-12 13:11:58 [main] DEBUG l.i.u.t.SubmittedApplicationsPageTest - Selected tool parameter two: 'Darbo priemonės 1 parametras 2'.
2025-03-12 13:11:58 [main] DEBUG l.i.u.t.SubmittedApplicationsPageTest - Selected tool parameter three: 'Darbo priemonės 1 parametras 3'.
2025-03-12 13:11:58 [main] DEBUG l.i.u.t.SubmittedApplicationsPageTest - Entered tool count: '1'.
2025-03-12 13:11:58 [main] DEBUG l.i.u.t.SubmittedApplicationsPageTest - Entered price amount 1: '1000'.
2025-03-12 13:11:58 [main] DEBUG l.i.u.t.SubmittedApplicationsPageTest - Entered own funds amount 1: '800'.
2025-03-12 13:11:59 [main] DEBUG l.i.u.t.SubmittedApplicationsPageTest - Clicked 'Add' button.
2025-03-12 13:11:59 [main] INFO  l.i.u.p.SubmittedApplicationsPage - Located the dropdown button.
2025-03-12 13:11:59 [main] INFO  l.i.u.p.SubmittedApplicationsPage - Successfully selected the value: 'Remontuoti'
2025-03-12 13:11:59 [main] DEBUG l.i.u.t.SubmittedApplicationsPageTest - Selected necessary for job 'to repair': 'Remontuoti'.
2025-03-12 13:11:59 [main] DEBUG l.i.u.t.SubmittedApplicationsPageTest - Selected repair name: 'Remonto pavadinimas 1'.
2025-03-12 13:12:00 [main] DEBUG l.i.u.t.SubmittedApplicationsPageTest - Entered repair information: 'Remonto aprašymas 1'.
2025-03-12 13:12:00 [main] DEBUG l.i.u.t.SubmittedApplicationsPageTest - Entered price amount 2: '1000'.
2025-03-12 13:12:00 [main] DEBUG l.i.u.t.SubmittedApplicationsPageTest - Entered own funds amount 2: '900'.
2025-03-12 13:12:00 [main] DEBUG l.i.u.t.SubmittedApplicationsPageTest - Entered country percentage: '50'.
2025-03-12 13:12:00 [main] DEBUG l.i.u.t.SubmittedApplicationsPageTest - Entered institution percentage: '50'.
2025-03-12 13:12:01 [main] DEBUG l.i.u.t.SubmittedApplicationsPageTest - Entered municipality percentage: '50'.
2025-03-12 13:12:01 [main] DEBUG l.i.u.t.SubmittedApplicationsPageTest - Selected 'De Minimis' radio button.
2025-03-12 13:12:01 [main] DEBUG l.i.u.t.SubmittedApplicationsPageTest - Entered program name: 'Programa 1'.
2025-03-12 13:12:01 [main] DEBUG l.i.u.t.SubmittedApplicationsPageTest - Entered project date from.
2025-03-12 13:12:02 [main] DEBUG l.i.u.t.SubmittedApplicationsPageTest - Entered project date until.
2025-03-12 13:12:02 [main] DEBUG l.i.u.t.SubmittedApplicationsPageTest - Entered support amount: '2000'.
2025-03-12 13:12:02 [main] DEBUG l.i.u.t.SubmittedApplicationsPageTest - Clicked 'Next' button.
2025-03-12 13:12:12 [main] DEBUG l.i.u.t.SubmittedApplicationsPageTest - Checked 'Legal Entities' checkbox 1.
2025-03-12 13:12:22 [main] DEBUG l.i.u.t.SubmittedApplicationsPageTest - Checked 'Legal Entities' checkbox 2.
2025-03-12 13:12:32 [main] DEBUG l.i.u.t.SubmittedApplicationsPageTest - Checked 'Legal Entities' checkbox 3.
2025-03-12 13:12:32 [main] DEBUG l.i.u.t.SubmittedApplicationsPageTest - Test finished: All 'Legal Entities' checkboxes checked successfully.
2025-03-12 13:12:32 [main] DEBUG l.i.u.t.SubmittedApplicationsPageTest - Clicked 'Next' button after checkboxes.
2025-03-12 13:12:43 [main] ERROR l.i.u.p.SubmittedApplicationsPage - Error selecting radio button: Expected condition failed: waiting for element to be clickable: By.xpath: (//input[@type='radio' and @value='false'])[8] (tried for 10 second(s) with 500 milliseconds interval)
Build info: version: '4.27.0', revision: 'd6e718d134'
System info: os.name: 'Windows 11', os.arch: 'amd64', os.version: '10.0', java.version: '21.0.3'
Driver info: org.openqa.selenium.chrome.ChromeDriver
Capabilities {acceptInsecureCerts: false, browserName: chrome, browserVersion: 134.0.6998.88, chrome: {chromedriverVersion: 134.0.6998.88 (7e3d5c978c6d..., userDataDir: C:\Users\INGRID~1.ZAD\AppDa...}, fedcm:accounts: true, goog:chromeOptions: {debuggerAddress: localhost:64436}, networkConnectionEnabled: false, pageLoadStrategy: normal, platformName: windows, proxy: Proxy(), se:cdp: ws://localhost:64436/devtoo..., se:cdpVersion: 134.0.6998.88, setWindowRect: true, strictFileInteractability: false, timeouts: {implicit: 0, pageLoad: 300000, script: 30000}, unhandledPromptBehavior: dismiss and notify, webauthn:extension:credBlob: true, webauthn:extension:largeBlob: true, webauthn:extension:minPinLength: true, webauthn:extension:prf: true, webauthn:virtualAuthenticators: true}
Session ID: 47c5cafab604c1a3fcd2b324c24ebc89
2025-03-12 13:12:43 [main] INFO  l.i.u.t.SubmittedApplicationsPageTest - Marking 'Ne' radio button 1
2025-03-12 13:12:53 [main] ERROR l.i.u.p.SubmittedApplicationsPage - Error selecting radio button: Expected condition failed: waiting for element to be clickable: By.xpath: (//input[@type='radio' and @value='false'])[9] (tried for 10 second(s) with 500 milliseconds interval)
Build info: version: '4.27.0', revision: 'd6e718d134'
System info: os.name: 'Windows 11', os.arch: 'amd64', os.version: '10.0', java.version: '21.0.3'
Driver info: org.openqa.selenium.chrome.ChromeDriver
Capabilities {acceptInsecureCerts: false, browserName: chrome, browserVersion: 134.0.6998.88, chrome: {chromedriverVersion: 134.0.6998.88 (7e3d5c978c6d..., userDataDir: C:\Users\INGRID~1.ZAD\AppDa...}, fedcm:accounts: true, goog:chromeOptions: {debuggerAddress: localhost:64436}, networkConnectionEnabled: false, pageLoadStrategy: normal, platformName: windows, proxy: Proxy(), se:cdp: ws://localhost:64436/devtoo..., se:cdpVersion: 134.0.6998.88, setWindowRect: true, strictFileInteractability: false, timeouts: {implicit: 0, pageLoad: 300000, script: 30000}, unhandledPromptBehavior: dismiss and notify, webauthn:extension:credBlob: true, webauthn:extension:largeBlob: true, webauthn:extension:minPinLength: true, webauthn:extension:prf: true, webauthn:virtualAuthenticators: true}
Session ID: 47c5cafab604c1a3fcd2b324c24ebc89
2025-03-12 13:12:53 [main] INFO  l.i.u.t.SubmittedApplicationsPageTest - Marking 'Ne' radio button 2
2025-03-12 13:13:03 [main] ERROR l.i.u.p.SubmittedApplicationsPage - Error selecting radio button: Expected condition failed: waiting for element to be clickable: By.xpath: (//input[@type='radio' and @value='false'])[10] (tried for 10 second(s) with 500 milliseconds interval)
Build info: version: '4.27.0', revision: 'd6e718d134'
System info: os.name: 'Windows 11', os.arch: 'amd64', os.version: '10.0', java.version: '21.0.3'
Driver info: org.openqa.selenium.chrome.ChromeDriver
Capabilities {acceptInsecureCerts: false, browserName: chrome, browserVersion: 134.0.6998.88, chrome: {chromedriverVersion: 134.0.6998.88 (7e3d5c978c6d..., userDataDir: C:\Users\INGRID~1.ZAD\AppDa...}, fedcm:accounts: true, goog:chromeOptions: {debuggerAddress: localhost:64436}, networkConnectionEnabled: false, pageLoadStrategy: normal, platformName: windows, proxy: Proxy(), se:cdp: ws://localhost:64436/devtoo..., se:cdpVersion: 134.0.6998.88, setWindowRect: true, strictFileInteractability: false, timeouts: {implicit: 0, pageLoad: 300000, script: 30000}, unhandledPromptBehavior: dismiss and notify, webauthn:extension:credBlob: true, webauthn:extension:largeBlob: true, webauthn:extension:minPinLength: true, webauthn:extension:prf: true, webauthn:virtualAuthenticators: true}
Session ID: 47c5cafab604c1a3fcd2b324c24ebc89
2025-03-12 13:13:03 [main] INFO  l.i.u.t.SubmittedApplicationsPageTest - Marking 'Ne' radio button 3
2025-03-12 13:13:13 [main] ERROR l.i.u.p.SubmittedApplicationsPage - Error selecting radio button: Expected condition failed: waiting for element to be clickable: By.xpath: (//input[@type='radio' and @value='false'])[11] (tried for 10 second(s) with 500 milliseconds interval)
Build info: version: '4.27.0', revision: 'd6e718d134'
System info: os.name: 'Windows 11', os.arch: 'amd64', os.version: '10.0', java.version: '21.0.3'
Driver info: org.openqa.selenium.chrome.ChromeDriver
Capabilities {acceptInsecureCerts: false, browserName: chrome, browserVersion: 134.0.6998.88, chrome: {chromedriverVersion: 134.0.6998.88 (7e3d5c978c6d..., userDataDir: C:\Users\INGRID~1.ZAD\AppDa...}, fedcm:accounts: true, goog:chromeOptions: {debuggerAddress: localhost:64436}, networkConnectionEnabled: false, pageLoadStrategy: normal, platformName: windows, proxy: Proxy(), se:cdp: ws://localhost:64436/devtoo..., se:cdpVersion: 134.0.6998.88, setWindowRect: true, strictFileInteractability: false, timeouts: {implicit: 0, pageLoad: 300000, script: 30000}, unhandledPromptBehavior: dismiss and notify, webauthn:extension:credBlob: true, webauthn:extension:largeBlob: true, webauthn:extension:minPinLength: true, webauthn:extension:prf: true, webauthn:virtualAuthenticators: true}
Session ID: 47c5cafab604c1a3fcd2b324c24ebc89
2025-03-12 13:13:13 [main] INFO  l.i.u.t.SubmittedApplicationsPageTest - Marking 'Ne' radio button 4
2025-03-12 13:13:23 [main] ERROR l.i.u.p.SubmittedApplicationsPage - Error selecting radio button: Expected condition failed: waiting for element to be clickable: By.xpath: (//input[@type='radio' and @value='false'])[12] (tried for 10 second(s) with 500 milliseconds interval)
Build info: version: '4.27.0', revision: 'd6e718d134'
System info: os.name: 'Windows 11', os.arch: 'amd64', os.version: '10.0', java.version: '21.0.3'
Driver info: org.openqa.selenium.chrome.ChromeDriver
Capabilities {acceptInsecureCerts: false, browserName: chrome, browserVersion: 134.0.6998.88, chrome: {chromedriverVersion: 134.0.6998.88 (7e3d5c978c6d..., userDataDir: C:\Users\INGRID~1.ZAD\AppDa...}, fedcm:accounts: true, goog:chromeOptions: {debuggerAddress: localhost:64436}, networkConnectionEnabled: false, pageLoadStrategy: normal, platformName: windows, proxy: Proxy(), se:cdp: ws://localhost:64436/devtoo..., se:cdpVersion: 134.0.6998.88, setWindowRect: true, strictFileInteractability: false, timeouts: {implicit: 0, pageLoad: 300000, script: 30000}, unhandledPromptBehavior: dismiss and notify, webauthn:extension:credBlob: true, webauthn:extension:largeBlob: true, webauthn:extension:minPinLength: true, webauthn:extension:prf: true, webauthn:virtualAuthenticators: true}
Session ID: 47c5cafab604c1a3fcd2b324c24ebc89
2025-03-12 13:13:23 [main] INFO  l.i.u.t.SubmittedApplicationsPageTest - Marking 'Ne' radio button 5
2025-03-12 13:13:33 [main] ERROR l.i.u.p.SubmittedApplicationsPage - Error selecting radio button: Expected condition failed: waiting for element to be clickable: By.xpath: (//input[@type='radio' and @value='false'])[13] (tried for 10 second(s) with 500 milliseconds interval)
Build info: version: '4.27.0', revision: 'd6e718d134'
System info: os.name: 'Windows 11', os.arch: 'amd64', os.version: '10.0', java.version: '21.0.3'
Driver info: org.openqa.selenium.chrome.ChromeDriver
Capabilities {acceptInsecureCerts: false, browserName: chrome, browserVersion: 134.0.6998.88, chrome: {chromedriverVersion: 134.0.6998.88 (7e3d5c978c6d..., userDataDir: C:\Users\INGRID~1.ZAD\AppDa...}, fedcm:accounts: true, goog:chromeOptions: {debuggerAddress: localhost:64436}, networkConnectionEnabled: false, pageLoadStrategy: normal, platformName: windows, proxy: Proxy(), se:cdp: ws://localhost:64436/devtoo..., se:cdpVersion: 134.0.6998.88, setWindowRect: true, strictFileInteractability: false, timeouts: {implicit: 0, pageLoad: 300000, script: 30000}, unhandledPromptBehavior: dismiss and notify, webauthn:extension:credBlob: true, webauthn:extension:largeBlob: true, webauthn:extension:minPinLength: true, webauthn:extension:prf: true, webauthn:virtualAuthenticators: true}
Session ID: 47c5cafab604c1a3fcd2b324c24ebc89
2025-03-12 13:13:34 [main] INFO  l.i.u.t.SubmittedApplicationsPageTest - Marking 'Ne' radio button 6
2025-03-12 13:13:44 [main] ERROR l.i.u.p.SubmittedApplicationsPage - Error selecting radio button: Expected condition failed: waiting for element to be clickable: By.xpath: (//input[@type='radio' and @value='true'])[14] (tried for 10 second(s) with 500 milliseconds interval)
Build info: version: '4.27.0', revision: 'd6e718d134'
System info: os.name: 'Windows 11', os.arch: 'amd64', os.version: '10.0', java.version: '21.0.3'
Driver info: org.openqa.selenium.chrome.ChromeDriver
Capabilities {acceptInsecureCerts: false, browserName: chrome, browserVersion: 134.0.6998.88, chrome: {chromedriverVersion: 134.0.6998.88 (7e3d5c978c6d..., userDataDir: C:\Users\INGRID~1.ZAD\AppDa...}, fedcm:accounts: true, goog:chromeOptions: {debuggerAddress: localhost:64436}, networkConnectionEnabled: false, pageLoadStrategy: normal, platformName: windows, proxy: Proxy(), se:cdp: ws://localhost:64436/devtoo..., se:cdpVersion: 134.0.6998.88, setWindowRect: true, strictFileInteractability: false, timeouts: {implicit: 0, pageLoad: 300000, script: 30000}, unhandledPromptBehavior: dismiss and notify, webauthn:extension:credBlob: true, webauthn:extension:largeBlob: true, webauthn:extension:minPinLength: true, webauthn:extension:prf: true, webauthn:virtualAuthenticators: true}
Session ID: 47c5cafab604c1a3fcd2b324c24ebc89
2025-03-12 13:13:44 [main] INFO  l.i.u.t.SubmittedApplicationsPageTest - Marking 'Taip' radio button 7
2025-03-12 13:13:54 [main] ERROR l.i.u.p.SubmittedApplicationsPage - Error selecting radio button: Expected condition failed: waiting for element to be clickable: By.xpath: (//input[@type='radio' and @value='true'])[15] (tried for 10 second(s) with 500 milliseconds interval)
Build info: version: '4.27.0', revision: 'd6e718d134'
System info: os.name: 'Windows 11', os.arch: 'amd64', os.version: '10.0', java.version: '21.0.3'
Driver info: org.openqa.selenium.chrome.ChromeDriver
Capabilities {acceptInsecureCerts: false, browserName: chrome, browserVersion: 134.0.6998.88, chrome: {chromedriverVersion: 134.0.6998.88 (7e3d5c978c6d..., userDataDir: C:\Users\INGRID~1.ZAD\AppDa...}, fedcm:accounts: true, goog:chromeOptions: {debuggerAddress: localhost:64436}, networkConnectionEnabled: false, pageLoadStrategy: normal, platformName: windows, proxy: Proxy(), se:cdp: ws://localhost:64436/devtoo..., se:cdpVersion: 134.0.6998.88, setWindowRect: true, strictFileInteractability: false, timeouts: {implicit: 0, pageLoad: 300000, script: 30000}, unhandledPromptBehavior: dismiss and notify, webauthn:extension:credBlob: true, webauthn:extension:largeBlob: true, webauthn:extension:minPinLength: true, webauthn:extension:prf: true, webauthn:virtualAuthenticators: true}
Session ID: 47c5cafab604c1a3fcd2b324c24ebc89
2025-03-12 13:13:54 [main] INFO  l.i.u.t.SubmittedApplicationsPageTest - Marking 'Taip' radio button 8
2025-03-12 13:14:04 [main] ERROR l.i.u.p.SubmittedApplicationsPage - Error selecting radio button: Expected condition failed: waiting for element to be clickable: By.xpath: (//input[@type='radio' and @value='true'])[16] (tried for 10 second(s) with 500 milliseconds interval)
Build info: version: '4.27.0', revision: 'd6e718d134'
System info: os.name: 'Windows 11', os.arch: 'amd64', os.version: '10.0', java.version: '21.0.3'
Driver info: org.openqa.selenium.chrome.ChromeDriver
Capabilities {acceptInsecureCerts: false, browserName: chrome, browserVersion: 134.0.6998.88, chrome: {chromedriverVersion: 134.0.6998.88 (7e3d5c978c6d..., userDataDir: C:\Users\INGRID~1.ZAD\AppDa...}, fedcm:accounts: true, goog:chromeOptions: {debuggerAddress: localhost:64436}, networkConnectionEnabled: false, pageLoadStrategy: normal, platformName: windows, proxy: Proxy(), se:cdp: ws://localhost:64436/devtoo..., se:cdpVersion: 134.0.6998.88, setWindowRect: true, strictFileInteractability: false, timeouts: {implicit: 0, pageLoad: 300000, script: 30000}, unhandledPromptBehavior: dismiss and notify, webauthn:extension:credBlob: true, webauthn:extension:largeBlob: true, webauthn:extension:minPinLength: true, webauthn:extension:prf: true, webauthn:virtualAuthenticators: true}
Session ID: 47c5cafab604c1a3fcd2b324c24ebc89
2025-03-12 13:14:04 [main] INFO  l.i.u.t.SubmittedApplicationsPageTest - Marking 'Taip' radio button 9
2025-03-12 13:14:14 [main] ERROR l.i.u.p.SubmittedApplicationsPage - Error selecting radio button: Expected condition failed: waiting for element to be clickable: By.xpath: (//input[@type='radio' and @value='true'])[17] (tried for 10 second(s) with 500 milliseconds interval)
Build info: version: '4.27.0', revision: 'd6e718d134'
System info: os.name: 'Windows 11', os.arch: 'amd64', os.version: '10.0', java.version: '21.0.3'
Driver info: org.openqa.selenium.chrome.ChromeDriver
Capabilities {acceptInsecureCerts: false, browserName: chrome, browserVersion: 134.0.6998.88, chrome: {chromedriverVersion: 134.0.6998.88 (7e3d5c978c6d..., userDataDir: C:\Users\INGRID~1.ZAD\AppDa...}, fedcm:accounts: true, goog:chromeOptions: {debuggerAddress: localhost:64436}, networkConnectionEnabled: false, pageLoadStrategy: normal, platformName: windows, proxy: Proxy(), se:cdp: ws://localhost:64436/devtoo..., se:cdpVersion: 134.0.6998.88, setWindowRect: true, strictFileInteractability: false, timeouts: {implicit: 0, pageLoad: 300000, script: 30000}, unhandledPromptBehavior: dismiss and notify, webauthn:extension:credBlob: true, webauthn:extension:largeBlob: true, webauthn:extension:minPinLength: true, webauthn:extension:prf: true, webauthn:virtualAuthenticators: true}
Session ID: 47c5cafab604c1a3fcd2b324c24ebc89
2025-03-12 13:14:14 [main] INFO  l.i.u.t.SubmittedApplicationsPageTest - Marking 'Taip' radio button 10
2025-03-12 13:14:24 [main] ERROR l.i.u.p.SubmittedApplicationsPage - Error selecting radio button: Expected condition failed: waiting for element to be clickable: By.xpath: (//input[@type='radio' and @value='true'])[18] (tried for 10 second(s) with 500 milliseconds interval)
Build info: version: '4.27.0', revision: 'd6e718d134'
System info: os.name: 'Windows 11', os.arch: 'amd64', os.version: '10.0', java.version: '21.0.3'
Driver info: org.openqa.selenium.chrome.ChromeDriver
Capabilities {acceptInsecureCerts: false, browserName: chrome, browserVersion: 134.0.6998.88, chrome: {chromedriverVersion: 134.0.6998.88 (7e3d5c978c6d..., userDataDir: C:\Users\INGRID~1.ZAD\AppDa...}, fedcm:accounts: true, goog:chromeOptions: {debuggerAddress: localhost:64436}, networkConnectionEnabled: false, pageLoadStrategy: normal, platformName: windows, proxy: Proxy(), se:cdp: ws://localhost:64436/devtoo..., se:cdpVersion: 134.0.6998.88, setWindowRect: true, strictFileInteractability: false, timeouts: {implicit: 0, pageLoad: 300000, script: 30000}, unhandledPromptBehavior: dismiss and notify, webauthn:extension:credBlob: true, webauthn:extension:largeBlob: true, webauthn:extension:minPinLength: true, webauthn:extension:prf: true, webauthn:virtualAuthenticators: true}
Session ID: 47c5cafab604c1a3fcd2b324c24ebc89
2025-03-12 13:14:24 [main] INFO  l.i.u.t.SubmittedApplicationsPageTest - Marking 'Taip' radio button 11
2025-03-12 13:14:35 [main] ERROR l.i.u.p.SubmittedApplicationsPage - Error selecting radio button: Expected condition failed: waiting for element to be clickable: By.xpath: (//input[@type='radio' and @value='true'])[19] (tried for 10 second(s) with 500 milliseconds interval)
Build info: version: '4.27.0', revision: 'd6e718d134'
System info: os.name: 'Windows 11', os.arch: 'amd64', os.version: '10.0', java.version: '21.0.3'
Driver info: org.openqa.selenium.chrome.ChromeDriver
Capabilities {acceptInsecureCerts: false, browserName: chrome, browserVersion: 134.0.6998.88, chrome: {chromedriverVersion: 134.0.6998.88 (7e3d5c978c6d..., userDataDir: C:\Users\INGRID~1.ZAD\AppDa...}, fedcm:accounts: true, goog:chromeOptions: {debuggerAddress: localhost:64436}, networkConnectionEnabled: false, pageLoadStrategy: normal, platformName: windows, proxy: Proxy(), se:cdp: ws://localhost:64436/devtoo..., se:cdpVersion: 134.0.6998.88, setWindowRect: true, strictFileInteractability: false, timeouts: {implicit: 0, pageLoad: 300000, script: 30000}, unhandledPromptBehavior: dismiss and notify, webauthn:extension:credBlob: true, webauthn:extension:largeBlob: true, webauthn:extension:minPinLength: true, webauthn:extension:prf: true, webauthn:virtualAuthenticators: true}
Session ID: 47c5cafab604c1a3fcd2b324c24ebc89
2025-03-12 13:14:35 [main] INFO  l.i.u.t.SubmittedApplicationsPageTest - Marking 'Taip' radio button 12
2025-03-12 13:14:45 [main] DEBUG l.i.u.t.SubmittedApplicationsPageTest - Checked 'ConfirmationStepFour'
2025-03-12 13:14:45 [main] DEBUG l.i.u.t.SubmittedApplicationsPageTest - Clicked 'Next' button after checkboxes.
2025-03-12 13:14:45 [main] INFO  l.i.u.p.SubmittedApplicationsPage - File uploaded successfully to an input element.
2025-03-12 13:14:45 [main] INFO  l.i.u.p.SubmittedApplicationsPage - File uploaded successfully to an input element.
2025-03-12 13:14:45 [main] INFO  l.i.u.p.SubmittedApplicationsPage - File uploaded successfully to an input element.
2025-03-12 13:14:45 [main] INFO  l.i.u.p.SubmittedApplicationsPage - File uploaded successfully to an input element.
2025-03-12 13:14:45 [main] INFO  l.i.u.p.SubmittedApplicationsPage - File uploaded successfully to an input element.
2025-03-12 13:14:45 [main] INFO  l.i.u.p.SubmittedApplicationsPage - File uploaded successfully to an input element.
2025-03-12 13:14:46 [main] INFO  l.i.u.p.SubmittedApplicationsPage - File uploaded successfully to an input element.
2025-03-12 13:14:46 [main] INFO  l.i.u.p.SubmittedApplicationsPage - File uploaded successfully to an input element.
2025-03-12 13:14:46 [main] INFO  l.i.u.p.SubmittedApplicationsPage - File uploaded successfully to an input element.
2025-03-12 13:14:46 [main] INFO  l.i.u.p.SubmittedApplicationsPage - File uploaded successfully to an input element.
2025-03-12 13:14:46 [main] DEBUG l.i.u.t.SubmittedApplicationsPageTest - Entered program name: 'Dokumentas 1'.
2025-03-12 13:14:46 [main] DEBUG l.i.u.t.SubmittedApplicationsPageTest - Entered program name: 'Dokumentas 2'.
2025-03-12 13:14:46 [main] DEBUG l.i.u.t.SubmittedApplicationsPageTest - Entered program name: 'Dokumentas 3'.
2025-03-12 13:14:46 [main] DEBUG l.i.u.t.SubmittedApplicationsPageTest - Entered program name: 'Dokumentas 4'.
2025-03-12 13:14:47 [main] DEBUG l.i.u.t.SubmittedApplicationsPageTest - Entered program name: 'Dokumentas 5'.
2025-03-12 13:14:47 [main] DEBUG l.i.u.t.SubmittedApplicationsPageTest - Entered program name: 'Dokumentas 6'.
2025-03-12 13:14:47 [main] DEBUG l.i.u.t.SubmittedApplicationsPageTest - Entered program name: 'Dokumentas 4'.
2025-03-12 13:14:47 [main] DEBUG l.i.u.t.SubmittedApplicationsPageTest - Entered program name: 'Dokumentas 8'.
2025-03-12 13:14:47 [main] DEBUG l.i.u.t.SubmittedApplicationsPageTest - Entered program name: 'Dokumentas 9'.
2025-03-12 13:14:47 [main] DEBUG l.i.u.t.SubmittedApplicationsPageTest - Entered program name: 'Dokumentas 10'.
2025-03-12 13:14:57 [main] DEBUG l.i.u.t.SubmittedApplicationsPageTest - Checked 'ConfirmationDocument'
2025-03-12 13:15:07 [main] DEBUG l.i.u.t.SubmittedApplicationsPageTest - Checked 'ConfirmationApplication'
2025-03-12 13:15:08 [main] DEBUG l.i.u.t.SubmittedApplicationsPageTest - Clicked 'SaveDraft' button after checkboxes.
2025-03-12 13:15:08 [main] DEBUG l.i.uztis.pages.ApplicationFormsPage - Verified success message: 'Ruošinys sėkmingai išsaugotas.'
2025-03-12 13:15:08 [main] INFO  l.i.u.t.SubmittedApplicationsPageTest - Verified success message
2025-03-12 13:15:08 [main] DEBUG l.i.u.t.SubmittedApplicationsPageTest - Clicked 'Review' button after checkboxes.
2025-03-12 13:15:08 [main] DEBUG l.i.u.t.SubmittedApplicationsPageTest - Clicked 'Submit' button after checkboxes.
2025-03-12 13:15:08 [main] DEBUG l.i.u.t.SubmittedApplicationsPageTest - Clicked 'SubmitConfirmation' button after checkboxes.
2025-03-12 13:15:08 [main] ERROR l.i.uztis.pages.ApplicationFormsPage - Failed to verify the success message: 'Paraiška sėkmingai pateikta ir užregistruota.'. Available messages: [Ruošinys sėkmingai išsaugotas.]
2025-03-12 13:15:08 [main] INFO  l.i.u.t.SubmittedApplicationsPageTest - Test 'testFillNewVUIApplicationFA' completed successfully.
2025-03-12 13:15:27 [main] INFO  lt.insoft.uztis.tests.UztisPageTest - Navigated to https://uztisdev.asseco.lt/home
2025-03-12 13:15:27 [main] INFO  l.i.u.t.SubmittedApplicationsPageTest - Starting test:'testAddEvaluators'
2025-03-12 13:15:27 [main] DEBUG l.i.u.t.SubmittedApplicationsPageTest - User logged in with test credentials.
2025-03-12 13:15:27 [main] DEBUG l.i.u.t.SubmittedApplicationsPageTest - Opened 'Application Processing' menu.
2025-03-12 13:15:28 [main] DEBUG l.i.u.t.SubmittedApplicationsPageTest - Clicked on 'Application Forms' menu.
2025-03-12 13:15:29 [main] DEBUG l.i.u.t.SubmittedApplicationsPageTest - Retrieved last description code text: 'TST-VUI-84'.
2025-03-12 13:15:29 [main] DEBUG l.i.u.t.SubmittedApplicationsPageTest - Clicked on 'Invitation' menu.
2025-03-12 13:15:30 [main] DEBUG l.i.u.t.SubmittedApplicationsPageTest - Selected application section by code: 'TST-VUI-84'.
2025-03-12 13:15:30 [main] DEBUG l.i.u.t.SubmittedApplicationsPageTest - Clicked 'Search' button.
2025-03-12 13:15:30 [main] DEBUG l.i.u.t.SubmittedApplicationsPageTest - Retrieved invitation code: ''.
2025-03-12 13:15:30 [main] DEBUG l.i.u.t.SubmittedApplicationsPageTest - Clicked on 'Submitted Applications' menu.
2025-03-12 13:15:32 [main] DEBUG l.i.u.t.SubmittedApplicationsPageTest - Selected invitation by code: 'TST-VUI-84'.
2025-03-12 13:15:32 [main] DEBUG l.i.u.t.SubmittedApplicationsPageTest - Invitation code inserted.
2025-03-12 13:15:32 [main] DEBUG l.i.u.t.SubmittedApplicationsPageTest - Clicked on 'Action Application' button.
2025-03-12 13:15:32 [main] DEBUG l.i.u.t.SubmittedApplicationsPageTest - Clicked on 'Add Evaluators' button.
2025-03-12 13:15:32 [main] DEBUG l.i.u.t.SubmittedApplicationsPageTest - Entered first evaluation date.
2025-03-12 13:15:33 [main] DEBUG l.i.u.t.SubmittedApplicationsPageTest - Entered second evaluation date.
2025-03-12 13:15:33 [main] DEBUG l.i.u.t.SubmittedApplicationsPageTest - Entered third evaluation date.
2025-03-12 13:15:33 [main] DEBUG l.i.u.t.SubmittedApplicationsPageTest - Clicked on 'Add Evaluators' confirmation button.
2025-03-12 13:15:33 [main] DEBUG l.i.uztis.pages.ApplicationFormsPage - Verified success message: 'Paraiškų vertinimai sėkmingai priskirti vertintojams.'
2025-03-12 13:15:33 [main] INFO  l.i.u.t.SubmittedApplicationsPageTest - Verified success message
2025-03-12 13:15:33 [main] INFO  l.i.u.t.SubmittedApplicationsPageTest - Test 'testAddEvaluators' completed successfully.
2025-03-12 13:34:27 [main] INFO  lt.insoft.uztis.tests.UztisPageTest - Navigated to https://uztisdev.asseco.lt/home
2025-03-12 13:34:27 [main] INFO  l.i.u.t.SubmittedApplicationsPageTest - Starting test:'testFillNewDVPApplicationFA'
2025-03-12 13:34:27 [main] DEBUG l.i.u.t.SubmittedApplicationsPageTest - User logged in with test credentials.
2025-03-12 13:34:28 [main] DEBUG l.i.u.t.SubmittedApplicationsPageTest - Opened 'Application Processing' menu.
2025-03-12 13:34:28 [main] DEBUG l.i.u.t.SubmittedApplicationsPageTest - Clicked on 'Application Forms' menu.
2025-03-12 13:34:28 [main] DEBUG l.i.u.t.SubmittedApplicationsPageTest - Retrieved last description code text: 'TST-DVP-22'.
2025-03-12 13:34:28 [main] DEBUG l.i.u.t.SubmittedApplicationsPageTest - Clicked on 'Invitation' menu.
2025-03-12 13:34:29 [main] DEBUG l.i.u.t.SubmittedApplicationsPageTest - Selected application section by code: 'TST-DVP-22'.
2025-03-12 13:34:29 [main] DEBUG l.i.u.t.SubmittedApplicationsPageTest - Clicked 'Search' button.
2025-03-12 13:34:29 [main] DEBUG l.i.u.t.SubmittedApplicationsPageTest - Retrieved invitation code: ''.
2025-03-12 13:34:29 [main] DEBUG l.i.u.t.SubmittedApplicationsPageTest - Clicked on 'Submitted Applications' menu.
2025-03-12 13:34:30 [main] DEBUG l.i.u.t.SubmittedApplicationsPageTest - Selected invitation by code: 'TST-DVP-22'.
2025-03-12 13:34:30 [main] DEBUG l.i.u.t.SubmittedApplicationsPageTest - Invitation code inserted.
2025-03-12 13:34:31 [main] DEBUG l.i.u.t.SubmittedApplicationsPageTest - Clicked on 'Action Application' button.
2025-03-12 13:34:31 [main] DEBUG l.i.u.t.SubmittedApplicationsPageTest - Clicked on 'New Application' button.
2025-03-12 13:34:31 [main] DEBUG l.i.u.t.SubmittedApplicationsPageTest - Selected the 'RadioButtonFA' option.
2025-03-12 13:34:31 [main] DEBUG l.i.u.t.SubmittedApplicationsPageTest - Entered phone number: '61298745'.
2025-03-12 13:34:32 [main] DEBUG l.i.u.t.SubmittedApplicationsPageTest - Entered email: 'test@autotest.com'.
2025-03-12 13:34:32 [main] DEBUG l.i.u.t.SubmittedApplicationsPageTest - Checked 'For workplace adaptation' checkbox 1.
2025-03-12 13:34:32 [main] DEBUG l.i.u.t.SubmittedApplicationsPageTest - Checked 'For environmental adaptation' checkbox 2.
2025-03-12 13:34:32 [main] INFO  l.i.u.p.SubmittedApplicationsPage - Located the dropdown button.
2025-03-12 13:34:49 [main] INFO  l.i.u.p.SubmittedApplicationsPage - Found 1741 options in the dropdown.
2025-03-12 13:34:49 [main] INFO  l.i.u.p.SubmittedApplicationsPage - Successfully selected the value: '01.11 - Grūdinių (išskyrus ryžius), ankštinių ir aliejingų sėklų augalų auginimas'
2025-03-12 13:34:59 [main] ERROR l.i.u.p.SubmittedApplicationsPage - Failed to close the dropdown with aria-expanded = 'false'. Attempting manual close.
2025-03-12 13:34:59 [main] INFO  l.i.u.p.SubmittedApplicationsPage - Manual close attempt for the dropdown using body click.
2025-03-12 13:34:59 [main] DEBUG l.i.u.t.SubmittedApplicationsPageTest - Selected EVRK value: '01.11 - Grūdinių (išskyrus ryžius), ankštinių ir aliejingų sėklų augalų auginimas'.
2025-03-12 13:35:00 [main] DEBUG l.i.u.t.SubmittedApplicationsPageTest - Clicked on 'Address Component' button.
2025-03-12 13:35:00 [main] INFO  l.i.u.p.SubmittedApplicationsPage - Located the dropdown button.
2025-03-12 13:35:02 [main] INFO  l.i.u.p.SubmittedApplicationsPage - Successfully selected the value: 'Lietuva'
2025-03-12 13:35:02 [main] DEBUG l.i.u.t.SubmittedApplicationsPageTest - Selected country: 'Lietuva'.
2025-03-12 13:35:02 [main] INFO  l.i.u.p.SubmittedApplicationsPage - Located the dropdown search field.
2025-03-12 13:35:03 [main] INFO  l.i.u.p.SubmittedApplicationsPage - Dropdown city is opened.
2025-03-12 13:35:03 [main] INFO  l.i.u.p.SubmittedApplicationsPage - Searched for value: 'Vilnius'
2025-03-12 13:35:04 [main] INFO  l.i.u.p.SubmittedApplicationsPage - Successfully selected: 'Vilnius'
2025-03-12 13:35:04 [main] INFO  l.i.u.p.SubmittedApplicationsPage - Located the dropdown button.
2025-03-12 13:35:04 [main] INFO  l.i.u.p.SubmittedApplicationsPage - Successfully selected the value: 'A. Domaševičiaus g.'
2025-03-12 13:35:04 [main] DEBUG l.i.u.t.SubmittedApplicationsPageTest - Selected street: 'A. Domaševičiaus g.'.
2025-03-12 13:35:04 [main] INFO  l.i.u.p.SubmittedApplicationsPage - Located the dropdown button.
2025-03-12 13:35:04 [main] INFO  l.i.u.p.SubmittedApplicationsPage - Successfully selected the value: '1'
2025-03-12 13:35:04 [main] DEBUG l.i.u.t.SubmittedApplicationsPageTest - Selected house: '1'.
2025-03-12 13:35:04 [main] INFO  l.i.u.p.SubmittedApplicationsPage - Located the dropdown button.
2025-03-12 13:35:05 [main] INFO  l.i.u.p.SubmittedApplicationsPage - Successfully selected the value: '1'
2025-03-12 13:35:05 [main] DEBUG l.i.u.t.SubmittedApplicationsPageTest - Selected apartment: '1'.
2025-03-12 13:35:05 [main] DEBUG l.i.u.t.SubmittedApplicationsPageTest - Clicked 'Confirm' button.
2025-03-12 13:35:05 [main] DEBUG l.i.u.t.SubmittedApplicationsPageTest - Selected 'For already working' option.
2025-03-12 13:35:05 [main] DEBUG l.i.u.t.SubmittedApplicationsPageTest - Selected 'For new working' option.
2025-03-12 13:35:05 [main] DEBUG l.i.u.t.SubmittedApplicationsPageTest - Entered person count2: '1'.
2025-03-12 13:35:05 [main] DEBUG l.i.u.t.SubmittedApplicationsPageTest - Clicked 'Next' button after checkboxes.
2025-03-12 13:35:05 [main] INFO  l.i.u.p.SubmittedApplicationsPage - Located the dropdown button.
2025-03-12 13:35:06 [main] INFO  l.i.u.p.SubmittedApplicationsPage - Successfully selected the value: 'Administratoriai'
2025-03-12 13:35:06 [main] DEBUG l.i.u.t.SubmittedApplicationsPageTest - Selected adaptable job name: 'Administratoriai'.
2025-03-12 13:35:06 [main] DEBUG l.i.u.t.SubmittedApplicationsPageTest - Entered job date.
2025-03-12 13:35:07 [main] DEBUG l.i.u.t.SubmittedApplicationsPageTest - Entered job function: 'Funkcija 1'.
2025-03-12 13:35:07 [main] DEBUG l.i.u.t.SubmittedApplicationsPageTest - Selected 'For already working' 'no' option.
2025-03-12 13:35:07 [main] INFO  l.i.u.p.SubmittedApplicationsPage - Clicking on the dropdown button.
2025-03-12 13:35:07 [main] INFO  l.i.u.p.SubmittedApplicationsPage - Found 6 options in the dropdown.
2025-03-12 13:35:07 [main] DEBUG l.i.u.p.SubmittedApplicationsPage - Checking option: 'Lengvo neįgalumo lygis ar 45-55 procentų dalyvumo lygis (iki 2023 m. gruodžio 31 d. – 45-55 procentų darbingumo lygis)'
2025-03-12 13:35:07 [main] INFO  l.i.u.p.SubmittedApplicationsPage - Successfully selected the value: 'Lengvo neįgalumo lygis ar 45-55 procentų dalyvumo lygis (iki 2023 m. gruodžio 31 d. – 45-55 procentų darbingumo lygis)'
2025-03-12 13:35:07 [main] INFO  l.i.u.p.SubmittedApplicationsPage - Attempting to close the dropdown.
2025-03-12 13:35:08 [main] DEBUG l.i.u.t.SubmittedApplicationsPageTest - Selected disabilities type: 'Lengvo neįgalumo lygis ar 45-55 procentų dalyvumo lygis (iki 2023 m. gruodžio 31 d. – 45-55 procentų darbingumo lygis)'.
2025-03-12 13:35:08 [main] DEBUG l.i.u.t.SubmittedApplicationsPageTest - Entered disability information: 'Negalia 1'.
2025-03-12 13:35:08 [main] DEBUG l.i.u.t.SubmittedApplicationsPageTest - Entered qualification: 'Kvalifikacija 1'.
2025-03-12 13:35:08 [main] DEBUG l.i.u.t.SubmittedApplicationsPageTest - Entered job description: 'Darbo vietos aprašymas 1'.
2025-03-12 13:35:09 [main] DEBUG l.i.u.t.SubmittedApplicationsPageTest - Entered equipment description: 'Priemonių įsigyjimas 1'.
2025-03-12 13:35:09 [main] DEBUG l.i.u.t.SubmittedApplicationsPageTest - Entered work information: 'Darbai 1'.
2025-03-12 13:35:09 [main] INFO  l.i.u.p.SubmittedApplicationsPage - Located the dropdown button.
2025-03-12 13:35:09 [main] INFO  l.i.u.p.SubmittedApplicationsPage - Successfully selected the value: 'Kita'
2025-03-12 13:35:09 [main] DEBUG l.i.u.t.SubmittedApplicationsPageTest - Selected time mode: 'Kita'.
2025-03-12 13:35:09 [main] DEBUG l.i.u.t.SubmittedApplicationsPageTest - Selected time mode other: '6 val. per dieną ir 4 d. per savaitę'.
2025-03-12 13:35:10 [main] DEBUG l.i.u.t.SubmittedApplicationsPageTest - Entered salary amount: '1200'.
2025-03-12 13:35:10 [main] DEBUG l.i.u.t.SubmittedApplicationsPageTest - Selected 'Temporary Job' radio button.
2025-03-12 13:35:10 [main] DEBUG l.i.u.t.SubmittedApplicationsPageTest - Selected 'Season Job' radio button.
2025-03-12 13:35:10 [main] DEBUG l.i.u.t.SubmittedApplicationsPageTest - Selected 'PVM' radio button.
2025-03-12 13:35:10 [main] INFO  l.i.u.p.SubmittedApplicationsPage - Located the dropdown button.
2025-03-12 13:35:10 [main] INFO  l.i.u.p.SubmittedApplicationsPage - Successfully selected the value: 'Darbo vietos pritaikymui'
2025-03-12 13:35:41 [main] ERROR l.i.u.p.SubmittedApplicationsPage - Timeout while waiting for dropdown to close with aria-expanded = 'false'.
2025-03-12 13:35:41 [main] DEBUG l.i.u.t.SubmittedApplicationsPageTest - Selected adaptable job name: 'Darbo vietos pritaikymui'.
2025-03-12 13:35:41 [main] DEBUG l.i.u.p.SubmittedApplicationsPage - Located and clicked the dropdown button 'Reikalinga'.
2025-03-12 13:35:41 [main] INFO  l.i.u.p.SubmittedApplicationsPage - Successfully selected the value: 'Įsigyti'
2025-03-12 13:35:41 [main] DEBUG l.i.u.t.SubmittedApplicationsPageTest - Selected necessary for job: 'Įsigyti'.
2025-03-12 13:35:41 [main] DEBUG l.i.u.t.SubmittedApplicationsPageTest - Selected tool: 'Darbo priemonė 1'.
2025-03-12 13:35:42 [main] DEBUG l.i.u.t.SubmittedApplicationsPageTest - Selected tool parameter one: 'Darbo priemonės 1 parametras 1'.
2025-03-12 13:35:42 [main] DEBUG l.i.u.t.SubmittedApplicationsPageTest - Selected tool parameter two: 'Darbo priemonės 1 parametras 2'.
2025-03-12 13:35:42 [main] DEBUG l.i.u.t.SubmittedApplicationsPageTest - Selected tool parameter three: 'Darbo priemonės 1 parametras 3'.
2025-03-12 13:35:42 [main] DEBUG l.i.u.t.SubmittedApplicationsPageTest - Entered tool count: '1'.
2025-03-12 13:35:42 [main] DEBUG l.i.u.t.SubmittedApplicationsPageTest - Entered price amount: '1000'.
2025-03-12 13:35:42 [main] DEBUG l.i.u.t.SubmittedApplicationsPageTest - Entered own funds amount: '800'.
2025-03-12 13:35:43 [main] DEBUG l.i.u.t.SubmittedApplicationsPageTest - Clicked 'Add' button.
2025-03-12 13:35:43 [main] INFO  l.i.u.p.SubmittedApplicationsPage - Located the dropdown button.
2025-03-12 13:35:43 [main] INFO  l.i.u.p.SubmittedApplicationsPage - Successfully selected the value: 'Aplinkos pritaikymui'
2025-03-12 13:36:13 [main] ERROR l.i.u.p.SubmittedApplicationsPage - Timeout while waiting for dropdown to close with aria-expanded = 'false'.
2025-03-12 13:36:13 [main] DEBUG l.i.u.t.SubmittedApplicationsPageTest - Selected adaptable job name: 'Aplinkos pritaikymui'.
2025-03-12 13:36:13 [main] DEBUG l.i.u.p.SubmittedApplicationsPage - Located and clicked the dropdown button 'Reikalinga'.
2025-03-12 13:36:13 [main] INFO  l.i.u.p.SubmittedApplicationsPage - Successfully selected the value: 'Remontuoti'
2025-03-12 13:36:24 [main] DEBUG l.i.u.t.SubmittedApplicationsPageTest - Selected necessary for job: 'Remontuoti'.
2025-03-12 13:36:24 [main] DEBUG l.i.u.t.SubmittedApplicationsPageTest - Selected tool: 'Darbo priemonė 2 remontui'.
2025-03-12 13:36:24 [main] DEBUG l.i.u.t.SubmittedApplicationsPageTest - Entered tool count: '2'.
2025-03-12 13:36:24 [main] DEBUG l.i.u.t.SubmittedApplicationsPageTest - Entered price amount: '1000'.
2025-03-12 13:36:25 [main] DEBUG l.i.u.t.SubmittedApplicationsPageTest - Entered own funds amount: '900'.
2025-03-12 13:36:25 [main] DEBUG l.i.u.t.SubmittedApplicationsPageTest - Selected 'De Minimis' radio button.
2025-03-12 13:36:25 [main] DEBUG l.i.u.t.SubmittedApplicationsPageTest - Entered program name: 'Programa 1'.
2025-03-12 13:36:25 [main] DEBUG l.i.u.t.SubmittedApplicationsPageTest - Entered project date from.
2025-03-12 13:36:25 [main] DEBUG l.i.u.t.SubmittedApplicationsPageTest - Entered project date until.
2025-03-12 13:36:26 [main] DEBUG l.i.u.t.SubmittedApplicationsPageTest - Entered support amount: '2000'.
2025-03-12 13:36:26 [main] DEBUG l.i.u.t.SubmittedApplicationsPageTest - Clicked 'Next' button.
2025-03-12 13:36:36 [main] DEBUG l.i.u.t.SubmittedApplicationsPageTest - Checked 'Legal Entities' checkbox 1.
2025-03-12 13:36:46 [main] DEBUG l.i.u.t.SubmittedApplicationsPageTest - Checked 'Legal Entities' checkbox 2.
2025-03-12 13:36:56 [main] DEBUG l.i.u.t.SubmittedApplicationsPageTest - Checked 'Legal Entities' checkbox 3.
2025-03-12 13:36:56 [main] DEBUG l.i.u.t.SubmittedApplicationsPageTest - Test finished: All 'Legal Entities' checkboxes checked successfully.
2025-03-12 13:36:57 [main] DEBUG l.i.u.t.SubmittedApplicationsPageTest - Clicked 'Next' button after checkboxes.
2025-03-12 13:37:07 [main] ERROR l.i.u.p.SubmittedApplicationsPage - Error selecting radio button: Expected condition failed: waiting for element to be clickable: By.xpath: (//input[@type='radio' and @value='false'])[8] (tried for 10 second(s) with 500 milliseconds interval)
Build info: version: '4.27.0', revision: 'd6e718d134'
System info: os.name: 'Windows 11', os.arch: 'amd64', os.version: '10.0', java.version: '21.0.3'
Driver info: org.openqa.selenium.chrome.ChromeDriver
Capabilities {acceptInsecureCerts: false, browserName: chrome, browserVersion: 134.0.6998.88, chrome: {chromedriverVersion: 134.0.6998.88 (7e3d5c978c6d..., userDataDir: C:\Users\INGRID~1.ZAD\AppDa...}, fedcm:accounts: true, goog:chromeOptions: {debuggerAddress: localhost:65242}, networkConnectionEnabled: false, pageLoadStrategy: normal, platformName: windows, proxy: Proxy(), se:cdp: ws://localhost:65242/devtoo..., se:cdpVersion: 134.0.6998.88, setWindowRect: true, strictFileInteractability: false, timeouts: {implicit: 0, pageLoad: 300000, script: 30000}, unhandledPromptBehavior: dismiss and notify, webauthn:extension:credBlob: true, webauthn:extension:largeBlob: true, webauthn:extension:minPinLength: true, webauthn:extension:prf: true, webauthn:virtualAuthenticators: true}
Session ID: 3feedf5dea346bb1ac124e69ca5addc4
2025-03-12 13:37:07 [main] INFO  l.i.u.t.SubmittedApplicationsPageTest - Marking 'Ne' radio button 1
2025-03-12 13:37:17 [main] ERROR l.i.u.p.SubmittedApplicationsPage - Error selecting radio button: Expected condition failed: waiting for element to be clickable: By.xpath: (//input[@type='radio' and @value='false'])[9] (tried for 10 second(s) with 500 milliseconds interval)
Build info: version: '4.27.0', revision: 'd6e718d134'
System info: os.name: 'Windows 11', os.arch: 'amd64', os.version: '10.0', java.version: '21.0.3'
Driver info: org.openqa.selenium.chrome.ChromeDriver
Capabilities {acceptInsecureCerts: false, browserName: chrome, browserVersion: 134.0.6998.88, chrome: {chromedriverVersion: 134.0.6998.88 (7e3d5c978c6d..., userDataDir: C:\Users\INGRID~1.ZAD\AppDa...}, fedcm:accounts: true, goog:chromeOptions: {debuggerAddress: localhost:65242}, networkConnectionEnabled: false, pageLoadStrategy: normal, platformName: windows, proxy: Proxy(), se:cdp: ws://localhost:65242/devtoo..., se:cdpVersion: 134.0.6998.88, setWindowRect: true, strictFileInteractability: false, timeouts: {implicit: 0, pageLoad: 300000, script: 30000}, unhandledPromptBehavior: dismiss and notify, webauthn:extension:credBlob: true, webauthn:extension:largeBlob: true, webauthn:extension:minPinLength: true, webauthn:extension:prf: true, webauthn:virtualAuthenticators: true}
Session ID: 3feedf5dea346bb1ac124e69ca5addc4
2025-03-12 13:37:17 [main] INFO  l.i.u.t.SubmittedApplicationsPageTest - Marking 'Ne' radio button 2
2025-03-12 13:37:27 [main] ERROR l.i.u.p.SubmittedApplicationsPage - Error selecting radio button: Expected condition failed: waiting for element to be clickable: By.xpath: (//input[@type='radio' and @value='false'])[10] (tried for 10 second(s) with 500 milliseconds interval)
Build info: version: '4.27.0', revision: 'd6e718d134'
System info: os.name: 'Windows 11', os.arch: 'amd64', os.version: '10.0', java.version: '21.0.3'
Driver info: org.openqa.selenium.chrome.ChromeDriver
Capabilities {acceptInsecureCerts: false, browserName: chrome, browserVersion: 134.0.6998.88, chrome: {chromedriverVersion: 134.0.6998.88 (7e3d5c978c6d..., userDataDir: C:\Users\INGRID~1.ZAD\AppDa...}, fedcm:accounts: true, goog:chromeOptions: {debuggerAddress: localhost:65242}, networkConnectionEnabled: false, pageLoadStrategy: normal, platformName: windows, proxy: Proxy(), se:cdp: ws://localhost:65242/devtoo..., se:cdpVersion: 134.0.6998.88, setWindowRect: true, strictFileInteractability: false, timeouts: {implicit: 0, pageLoad: 300000, script: 30000}, unhandledPromptBehavior: dismiss and notify, webauthn:extension:credBlob: true, webauthn:extension:largeBlob: true, webauthn:extension:minPinLength: true, webauthn:extension:prf: true, webauthn:virtualAuthenticators: true}
Session ID: 3feedf5dea346bb1ac124e69ca5addc4
2025-03-12 13:37:27 [main] INFO  l.i.u.t.SubmittedApplicationsPageTest - Marking 'Ne' radio button 3
2025-03-12 13:37:37 [main] ERROR l.i.u.p.SubmittedApplicationsPage - Error selecting radio button: Expected condition failed: waiting for element to be clickable: By.xpath: (//input[@type='radio' and @value='false'])[11] (tried for 10 second(s) with 500 milliseconds interval)
Build info: version: '4.27.0', revision: 'd6e718d134'
System info: os.name: 'Windows 11', os.arch: 'amd64', os.version: '10.0', java.version: '21.0.3'
Driver info: org.openqa.selenium.chrome.ChromeDriver
Capabilities {acceptInsecureCerts: false, browserName: chrome, browserVersion: 134.0.6998.88, chrome: {chromedriverVersion: 134.0.6998.88 (7e3d5c978c6d..., userDataDir: C:\Users\INGRID~1.ZAD\AppDa...}, fedcm:accounts: true, goog:chromeOptions: {debuggerAddress: localhost:65242}, networkConnectionEnabled: false, pageLoadStrategy: normal, platformName: windows, proxy: Proxy(), se:cdp: ws://localhost:65242/devtoo..., se:cdpVersion: 134.0.6998.88, setWindowRect: true, strictFileInteractability: false, timeouts: {implicit: 0, pageLoad: 300000, script: 30000}, unhandledPromptBehavior: dismiss and notify, webauthn:extension:credBlob: true, webauthn:extension:largeBlob: true, webauthn:extension:minPinLength: true, webauthn:extension:prf: true, webauthn:virtualAuthenticators: true}
Session ID: 3feedf5dea346bb1ac124e69ca5addc4
2025-03-12 13:37:37 [main] INFO  l.i.u.t.SubmittedApplicationsPageTest - Marking 'Ne' radio button 4
2025-03-12 13:37:47 [main] ERROR l.i.u.p.SubmittedApplicationsPage - Error selecting radio button: Expected condition failed: waiting for element to be clickable: By.xpath: (//input[@type='radio' and @value='false'])[12] (tried for 10 second(s) with 500 milliseconds interval)
Build info: version: '4.27.0', revision: 'd6e718d134'
System info: os.name: 'Windows 11', os.arch: 'amd64', os.version: '10.0', java.version: '21.0.3'
Driver info: org.openqa.selenium.chrome.ChromeDriver
Capabilities {acceptInsecureCerts: false, browserName: chrome, browserVersion: 134.0.6998.88, chrome: {chromedriverVersion: 134.0.6998.88 (7e3d5c978c6d..., userDataDir: C:\Users\INGRID~1.ZAD\AppDa...}, fedcm:accounts: true, goog:chromeOptions: {debuggerAddress: localhost:65242}, networkConnectionEnabled: false, pageLoadStrategy: normal, platformName: windows, proxy: Proxy(), se:cdp: ws://localhost:65242/devtoo..., se:cdpVersion: 134.0.6998.88, setWindowRect: true, strictFileInteractability: false, timeouts: {implicit: 0, pageLoad: 300000, script: 30000}, unhandledPromptBehavior: dismiss and notify, webauthn:extension:credBlob: true, webauthn:extension:largeBlob: true, webauthn:extension:minPinLength: true, webauthn:extension:prf: true, webauthn:virtualAuthenticators: true}
Session ID: 3feedf5dea346bb1ac124e69ca5addc4
2025-03-12 13:37:47 [main] INFO  l.i.u.t.SubmittedApplicationsPageTest - Marking 'Ne' radio button 5
2025-03-12 13:37:57 [main] ERROR l.i.u.p.SubmittedApplicationsPage - Error selecting radio button: Expected condition failed: waiting for element to be clickable: By.xpath: (//input[@type='radio' and @value='false'])[13] (tried for 10 second(s) with 500 milliseconds interval)
Build info: version: '4.27.0', revision: 'd6e718d134'
System info: os.name: 'Windows 11', os.arch: 'amd64', os.version: '10.0', java.version: '21.0.3'
Driver info: org.openqa.selenium.chrome.ChromeDriver
Capabilities {acceptInsecureCerts: false, browserName: chrome, browserVersion: 134.0.6998.88, chrome: {chromedriverVersion: 134.0.6998.88 (7e3d5c978c6d..., userDataDir: C:\Users\INGRID~1.ZAD\AppDa...}, fedcm:accounts: true, goog:chromeOptions: {debuggerAddress: localhost:65242}, networkConnectionEnabled: false, pageLoadStrategy: normal, platformName: windows, proxy: Proxy(), se:cdp: ws://localhost:65242/devtoo..., se:cdpVersion: 134.0.6998.88, setWindowRect: true, strictFileInteractability: false, timeouts: {implicit: 0, pageLoad: 300000, script: 30000}, unhandledPromptBehavior: dismiss and notify, webauthn:extension:credBlob: true, webauthn:extension:largeBlob: true, webauthn:extension:minPinLength: true, webauthn:extension:prf: true, webauthn:virtualAuthenticators: true}
Session ID: 3feedf5dea346bb1ac124e69ca5addc4
2025-03-12 13:37:57 [main] INFO  l.i.u.t.SubmittedApplicationsPageTest - Marking 'Ne' radio button 6
2025-03-12 13:38:08 [main] ERROR l.i.u.p.SubmittedApplicationsPage - Error selecting radio button: Expected condition failed: waiting for element to be clickable: By.xpath: (//input[@type='radio' and @value='true'])[14] (tried for 10 second(s) with 500 milliseconds interval)
Build info: version: '4.27.0', revision: 'd6e718d134'
System info: os.name: 'Windows 11', os.arch: 'amd64', os.version: '10.0', java.version: '21.0.3'
Driver info: org.openqa.selenium.chrome.ChromeDriver
Capabilities {acceptInsecureCerts: false, browserName: chrome, browserVersion: 134.0.6998.88, chrome: {chromedriverVersion: 134.0.6998.88 (7e3d5c978c6d..., userDataDir: C:\Users\INGRID~1.ZAD\AppDa...}, fedcm:accounts: true, goog:chromeOptions: {debuggerAddress: localhost:65242}, networkConnectionEnabled: false, pageLoadStrategy: normal, platformName: windows, proxy: Proxy(), se:cdp: ws://localhost:65242/devtoo..., se:cdpVersion: 134.0.6998.88, setWindowRect: true, strictFileInteractability: false, timeouts: {implicit: 0, pageLoad: 300000, script: 30000}, unhandledPromptBehavior: dismiss and notify, webauthn:extension:credBlob: true, webauthn:extension:largeBlob: true, webauthn:extension:minPinLength: true, webauthn:extension:prf: true, webauthn:virtualAuthenticators: true}
Session ID: 3feedf5dea346bb1ac124e69ca5addc4
2025-03-12 13:38:08 [main] INFO  l.i.u.t.SubmittedApplicationsPageTest - Marking 'Taip' radio button 7
2025-03-12 13:38:19 [main] ERROR l.i.u.p.SubmittedApplicationsPage - Error selecting radio button: Expected condition failed: waiting for element to be clickable: By.xpath: (//input[@type='radio' and @value='true'])[15] (tried for 10 second(s) with 500 milliseconds interval)
Build info: version: '4.27.0', revision: 'd6e718d134'
System info: os.name: 'Windows 11', os.arch: 'amd64', os.version: '10.0', java.version: '21.0.3'
Driver info: org.openqa.selenium.chrome.ChromeDriver
Capabilities {acceptInsecureCerts: false, browserName: chrome, browserVersion: 134.0.6998.88, chrome: {chromedriverVersion: 134.0.6998.88 (7e3d5c978c6d..., userDataDir: C:\Users\INGRID~1.ZAD\AppDa...}, fedcm:accounts: true, goog:chromeOptions: {debuggerAddress: localhost:65242}, networkConnectionEnabled: false, pageLoadStrategy: normal, platformName: windows, proxy: Proxy(), se:cdp: ws://localhost:65242/devtoo..., se:cdpVersion: 134.0.6998.88, setWindowRect: true, strictFileInteractability: false, timeouts: {implicit: 0, pageLoad: 300000, script: 30000}, unhandledPromptBehavior: dismiss and notify, webauthn:extension:credBlob: true, webauthn:extension:largeBlob: true, webauthn:extension:minPinLength: true, webauthn:extension:prf: true, webauthn:virtualAuthenticators: true}
Session ID: 3feedf5dea346bb1ac124e69ca5addc4
2025-03-12 13:38:19 [main] INFO  l.i.u.t.SubmittedApplicationsPageTest - Marking 'Taip' radio button 8
2025-03-12 13:38:29 [main] ERROR l.i.u.p.SubmittedApplicationsPage - Error selecting radio button: Expected condition failed: waiting for element to be clickable: By.xpath: (//input[@type='radio' and @value='true'])[16] (tried for 10 second(s) with 500 milliseconds interval)
Build info: version: '4.27.0', revision: 'd6e718d134'
System info: os.name: 'Windows 11', os.arch: 'amd64', os.version: '10.0', java.version: '21.0.3'
Driver info: org.openqa.selenium.chrome.ChromeDriver
Capabilities {acceptInsecureCerts: false, browserName: chrome, browserVersion: 134.0.6998.88, chrome: {chromedriverVersion: 134.0.6998.88 (7e3d5c978c6d..., userDataDir: C:\Users\INGRID~1.ZAD\AppDa...}, fedcm:accounts: true, goog:chromeOptions: {debuggerAddress: localhost:65242}, networkConnectionEnabled: false, pageLoadStrategy: normal, platformName: windows, proxy: Proxy(), se:cdp: ws://localhost:65242/devtoo..., se:cdpVersion: 134.0.6998.88, setWindowRect: true, strictFileInteractability: false, timeouts: {implicit: 0, pageLoad: 300000, script: 30000}, unhandledPromptBehavior: dismiss and notify, webauthn:extension:credBlob: true, webauthn:extension:largeBlob: true, webauthn:extension:minPinLength: true, webauthn:extension:prf: true, webauthn:virtualAuthenticators: true}
Session ID: 3feedf5dea346bb1ac124e69ca5addc4
2025-03-12 13:38:29 [main] INFO  l.i.u.t.SubmittedApplicationsPageTest - Marking 'Taip' radio button 9
2025-03-12 13:38:39 [main] ERROR l.i.u.p.SubmittedApplicationsPage - Error selecting radio button: Expected condition failed: waiting for element to be clickable: By.xpath: (//input[@type='radio' and @value='true'])[17] (tried for 10 second(s) with 500 milliseconds interval)
Build info: version: '4.27.0', revision: 'd6e718d134'
System info: os.name: 'Windows 11', os.arch: 'amd64', os.version: '10.0', java.version: '21.0.3'
Driver info: org.openqa.selenium.chrome.ChromeDriver
Capabilities {acceptInsecureCerts: false, browserName: chrome, browserVersion: 134.0.6998.88, chrome: {chromedriverVersion: 134.0.6998.88 (7e3d5c978c6d..., userDataDir: C:\Users\INGRID~1.ZAD\AppDa...}, fedcm:accounts: true, goog:chromeOptions: {debuggerAddress: localhost:65242}, networkConnectionEnabled: false, pageLoadStrategy: normal, platformName: windows, proxy: Proxy(), se:cdp: ws://localhost:65242/devtoo..., se:cdpVersion: 134.0.6998.88, setWindowRect: true, strictFileInteractability: false, timeouts: {implicit: 0, pageLoad: 300000, script: 30000}, unhandledPromptBehavior: dismiss and notify, webauthn:extension:credBlob: true, webauthn:extension:largeBlob: true, webauthn:extension:minPinLength: true, webauthn:extension:prf: true, webauthn:virtualAuthenticators: true}
Session ID: 3feedf5dea346bb1ac124e69ca5addc4
2025-03-12 13:38:39 [main] INFO  l.i.u.t.SubmittedApplicationsPageTest - Marking 'Taip' radio button 10
2025-03-12 13:38:49 [main] ERROR l.i.u.p.SubmittedApplicationsPage - Error selecting radio button: Expected condition failed: waiting for element to be clickable: By.xpath: (//input[@type='radio' and @value='true'])[18] (tried for 10 second(s) with 500 milliseconds interval)
Build info: version: '4.27.0', revision: 'd6e718d134'
System info: os.name: 'Windows 11', os.arch: 'amd64', os.version: '10.0', java.version: '21.0.3'
Driver info: org.openqa.selenium.chrome.ChromeDriver
Capabilities {acceptInsecureCerts: false, browserName: chrome, browserVersion: 134.0.6998.88, chrome: {chromedriverVersion: 134.0.6998.88 (7e3d5c978c6d..., userDataDir: C:\Users\INGRID~1.ZAD\AppDa...}, fedcm:accounts: true, goog:chromeOptions: {debuggerAddress: localhost:65242}, networkConnectionEnabled: false, pageLoadStrategy: normal, platformName: windows, proxy: Proxy(), se:cdp: ws://localhost:65242/devtoo..., se:cdpVersion: 134.0.6998.88, setWindowRect: true, strictFileInteractability: false, timeouts: {implicit: 0, pageLoad: 300000, script: 30000}, unhandledPromptBehavior: dismiss and notify, webauthn:extension:credBlob: true, webauthn:extension:largeBlob: true, webauthn:extension:minPinLength: true, webauthn:extension:prf: true, webauthn:virtualAuthenticators: true}
Session ID: 3feedf5dea346bb1ac124e69ca5addc4
2025-03-12 13:38:49 [main] INFO  l.i.u.t.SubmittedApplicationsPageTest - Marking 'Taip' radio button 11
2025-03-12 13:39:00 [main] ERROR l.i.u.p.SubmittedApplicationsPage - Error selecting radio button: Expected condition failed: waiting for element to be clickable: By.xpath: (//input[@type='radio' and @value='true'])[19] (tried for 10 second(s) with 500 milliseconds interval)
Build info: version: '4.27.0', revision: 'd6e718d134'
System info: os.name: 'Windows 11', os.arch: 'amd64', os.version: '10.0', java.version: '21.0.3'
Driver info: org.openqa.selenium.chrome.ChromeDriver
Capabilities {acceptInsecureCerts: false, browserName: chrome, browserVersion: 134.0.6998.88, chrome: {chromedriverVersion: 134.0.6998.88 (7e3d5c978c6d..., userDataDir: C:\Users\INGRID~1.ZAD\AppDa...}, fedcm:accounts: true, goog:chromeOptions: {debuggerAddress: localhost:65242}, networkConnectionEnabled: false, pageLoadStrategy: normal, platformName: windows, proxy: Proxy(), se:cdp: ws://localhost:65242/devtoo..., se:cdpVersion: 134.0.6998.88, setWindowRect: true, strictFileInteractability: false, timeouts: {implicit: 0, pageLoad: 300000, script: 30000}, unhandledPromptBehavior: dismiss and notify, webauthn:extension:credBlob: true, webauthn:extension:largeBlob: true, webauthn:extension:minPinLength: true, webauthn:extension:prf: true, webauthn:virtualAuthenticators: true}
Session ID: 3feedf5dea346bb1ac124e69ca5addc4
2025-03-12 13:39:00 [main] INFO  l.i.u.t.SubmittedApplicationsPageTest - Marking 'Taip' radio button 12
2025-03-12 13:39:10 [main] DEBUG l.i.u.t.SubmittedApplicationsPageTest - Checked 'ConfirmationStepFour'
2025-03-12 13:39:10 [main] DEBUG l.i.u.t.SubmittedApplicationsPageTest - Clicked 'Next' button after checkboxes.
2025-03-12 13:39:10 [main] INFO  l.i.u.p.SubmittedApplicationsPage - File uploaded successfully to an input element.
2025-03-12 13:39:10 [main] INFO  l.i.u.p.SubmittedApplicationsPage - File uploaded successfully to an input element.
2025-03-12 13:39:10 [main] INFO  l.i.u.p.SubmittedApplicationsPage - File uploaded successfully to an input element.
2025-03-12 13:39:10 [main] INFO  l.i.u.p.SubmittedApplicationsPage - File uploaded successfully to an input element.
2025-03-12 13:39:10 [main] INFO  l.i.u.p.SubmittedApplicationsPage - File uploaded successfully to an input element.
2025-03-12 13:39:10 [main] INFO  l.i.u.p.SubmittedApplicationsPage - File uploaded successfully to an input element.
2025-03-12 13:39:10 [main] INFO  l.i.u.p.SubmittedApplicationsPage - File uploaded successfully to an input element.
2025-03-12 13:39:11 [main] INFO  l.i.u.p.SubmittedApplicationsPage - File uploaded successfully to an input element.
2025-03-12 13:39:11 [main] DEBUG l.i.u.t.SubmittedApplicationsPageTest - Entered program name: 'Dokumentas 1'.
2025-03-12 13:39:11 [main] DEBUG l.i.u.t.SubmittedApplicationsPageTest - Entered program name: 'Dokumentas 2'.
2025-03-12 13:39:11 [main] DEBUG l.i.u.t.SubmittedApplicationsPageTest - Entered program name: 'Dokumentas 3'.
2025-03-12 13:39:11 [main] DEBUG l.i.u.t.SubmittedApplicationsPageTest - Entered program name: 'Dokumentas 4'.
2025-03-12 13:39:11 [main] DEBUG l.i.u.t.SubmittedApplicationsPageTest - Entered program name: 'Dokumentas 5'.
2025-03-12 13:39:12 [main] DEBUG l.i.u.t.SubmittedApplicationsPageTest - Entered program name: 'Dokumentas 6'.
2025-03-12 13:39:12 [main] DEBUG l.i.u.t.SubmittedApplicationsPageTest - Entered program name: 'Dokumentas 4'.
2025-03-12 13:39:12 [main] DEBUG l.i.u.t.SubmittedApplicationsPageTest - Entered program name: 'Dokumentas 8'.
2025-03-12 13:39:22 [main] DEBUG l.i.u.t.SubmittedApplicationsPageTest - Checked 'ConfirmationDocument'
2025-03-12 13:39:32 [main] DEBUG l.i.u.t.SubmittedApplicationsPageTest - Checked 'ConfirmationApplication'
2025-03-12 13:39:32 [main] DEBUG l.i.u.t.SubmittedApplicationsPageTest - Clicked 'Review' button after checkboxes.
2025-03-12 13:39:32 [main] DEBUG l.i.u.t.SubmittedApplicationsPageTest - Clicked 'SaveDraft' button after checkboxes.
2025-03-12 13:39:33 [main] DEBUG l.i.uztis.pages.ApplicationFormsPage - Verified success message: 'Ruošinys sėkmingai išsaugotas.'
2025-03-12 13:39:33 [main] DEBUG l.i.u.t.SubmittedApplicationsPageTest - Clicked 'Submit' button after checkboxes.
2025-03-12 13:39:33 [main] DEBUG l.i.u.t.SubmittedApplicationsPageTest - Clicked 'SubmitConfirmation' button after checkboxes.
2025-03-12 13:39:33 [main] ERROR l.i.uztis.pages.ApplicationFormsPage - Failed to verify the success message: 'Paraiška sėkmingai pateikta ir užregistruota.'. Available messages: [Ruošinys sėkmingai išsaugotas.]
2025-03-12 13:39:33 [main] INFO  l.i.u.t.SubmittedApplicationsPageTest - Verified success message
2025-03-12 13:39:33 [main] INFO  l.i.u.t.SubmittedApplicationsPageTest - Test 'testFillNewDVPApplicationFA' completed successfully.
2025-03-12 13:39:52 [main] INFO  lt.insoft.uztis.tests.UztisPageTest - Navigated to https://uztisdev.asseco.lt/home
2025-03-12 13:39:52 [main] INFO  l.i.u.t.SubmittedApplicationsPageTest - Starting test:'testAddEvaluators'
2025-03-12 13:39:52 [main] DEBUG l.i.u.t.SubmittedApplicationsPageTest - User logged in with test credentials.
2025-03-12 13:39:53 [main] DEBUG l.i.u.t.SubmittedApplicationsPageTest - Opened 'Application Processing' menu.
2025-03-12 13:39:53 [main] DEBUG l.i.u.t.SubmittedApplicationsPageTest - Clicked on 'Application Forms' menu.
2025-03-12 13:39:53 [main] DEBUG l.i.u.t.SubmittedApplicationsPageTest - Retrieved last description code text: 'TST-DVP-22'.
2025-03-12 13:39:54 [main] DEBUG l.i.u.t.SubmittedApplicationsPageTest - Clicked on 'Invitation' menu.
2025-03-12 13:39:54 [main] DEBUG l.i.u.t.SubmittedApplicationsPageTest - Selected application section by code: 'TST-DVP-22'.
2025-03-12 13:39:55 [main] DEBUG l.i.u.t.SubmittedApplicationsPageTest - Clicked 'Search' button.
2025-03-12 13:39:55 [main] DEBUG l.i.u.t.SubmittedApplicationsPageTest - Retrieved invitation code: ''.
2025-03-12 13:39:55 [main] DEBUG l.i.u.t.SubmittedApplicationsPageTest - Clicked on 'Submitted Applications' menu.
2025-03-12 13:39:56 [main] DEBUG l.i.u.t.SubmittedApplicationsPageTest - Selected invitation by code: 'TST-DVP-22'.
2025-03-12 13:39:56 [main] DEBUG l.i.u.t.SubmittedApplicationsPageTest - Invitation code inserted.
2025-03-12 13:39:56 [main] DEBUG l.i.u.t.SubmittedApplicationsPageTest - Clicked on 'Action Application' button.
2025-03-12 13:39:56 [main] DEBUG l.i.u.t.SubmittedApplicationsPageTest - Clicked on 'Add Evaluators' button.
2025-03-12 13:39:57 [main] DEBUG l.i.u.t.SubmittedApplicationsPageTest - Entered first evaluation date.
2025-03-12 14:11:17 [main] INFO  lt.insoft.uztis.tests.UztisPageTest - Navigated to https://uztisdev.asseco.lt/home
2025-03-12 14:11:18 [main] INFO  l.i.u.t.SubmittedApplicationsPageTest - Starting test:'testFillNewDVPApplicationFA'
2025-03-12 14:11:18 [main] DEBUG l.i.u.t.SubmittedApplicationsPageTest - User logged in with test credentials.
2025-03-12 14:11:18 [main] DEBUG l.i.u.t.SubmittedApplicationsPageTest - Opened 'Application Processing' menu.
2025-03-12 14:11:18 [main] DEBUG l.i.u.t.SubmittedApplicationsPageTest - Clicked on 'Application Forms' menu.
2025-03-12 14:11:19 [main] DEBUG l.i.u.t.SubmittedApplicationsPageTest - Retrieved last description code text: 'TST-DVP-22'.
2025-03-12 14:11:19 [main] DEBUG l.i.u.t.SubmittedApplicationsPageTest - Clicked on 'Invitation' menu.
2025-03-12 14:11:20 [main] DEBUG l.i.u.t.SubmittedApplicationsPageTest - Selected application section by code: 'TST-DVP-22'.
2025-03-12 14:11:20 [main] DEBUG l.i.u.t.SubmittedApplicationsPageTest - Clicked 'Search' button.
2025-03-12 14:11:20 [main] DEBUG l.i.u.t.SubmittedApplicationsPageTest - Retrieved invitation code: ''.
2025-03-12 14:11:20 [main] DEBUG l.i.u.t.SubmittedApplicationsPageTest - Clicked on 'Submitted Applications' menu.
2025-03-12 14:11:21 [main] DEBUG l.i.u.t.SubmittedApplicationsPageTest - Selected invitation by code: 'TST-DVP-22'.
2025-03-12 14:11:21 [main] DEBUG l.i.u.t.SubmittedApplicationsPageTest - Invitation code inserted.
2025-03-12 14:11:21 [main] DEBUG l.i.u.t.SubmittedApplicationsPageTest - Clicked on 'Action Application' button.
2025-03-12 14:11:21 [main] DEBUG l.i.u.t.SubmittedApplicationsPageTest - Clicked on 'New Application' button.
2025-03-12 14:11:22 [main] DEBUG l.i.u.t.SubmittedApplicationsPageTest - Selected the 'RadioButtonFA' option.
2025-03-12 14:11:22 [main] DEBUG l.i.u.t.SubmittedApplicationsPageTest - Entered phone number: '61298745'.
2025-03-12 14:11:22 [main] DEBUG l.i.u.t.SubmittedApplicationsPageTest - Entered email: 'test@autotest.com'.
2025-03-12 14:11:22 [main] DEBUG l.i.u.t.SubmittedApplicationsPageTest - Checked 'For workplace adaptation' checkbox 1.
2025-03-12 14:11:22 [main] DEBUG l.i.u.t.SubmittedApplicationsPageTest - Checked 'For environmental adaptation' checkbox 2.
2025-03-12 14:11:22 [main] INFO  l.i.u.p.SubmittedApplicationsPage - Located the dropdown button.
2025-03-12 14:11:39 [main] INFO  l.i.u.p.SubmittedApplicationsPage - Found 1741 options in the dropdown.
2025-03-12 14:11:39 [main] INFO  l.i.u.p.SubmittedApplicationsPage - Successfully selected the value: '01.11 - Grūdinių (išskyrus ryžius), ankštinių ir aliejingų sėklų augalų auginimas'
2025-03-12 14:11:50 [main] ERROR l.i.u.p.SubmittedApplicationsPage - Failed to close the dropdown with aria-expanded = 'false'. Attempting manual close.
2025-03-12 14:11:50 [main] INFO  l.i.u.p.SubmittedApplicationsPage - Manual close attempt for the dropdown using body click.
2025-03-12 14:11:50 [main] DEBUG l.i.u.t.SubmittedApplicationsPageTest - Selected EVRK value: '01.11 - Grūdinių (išskyrus ryžius), ankštinių ir aliejingų sėklų augalų auginimas'.
2025-03-12 14:11:50 [main] DEBUG l.i.u.t.SubmittedApplicationsPageTest - Clicked on 'Address Component' button.
2025-03-12 14:11:50 [main] INFO  l.i.u.p.SubmittedApplicationsPage - Located the dropdown button.
2025-03-12 14:11:53 [main] INFO  l.i.u.p.SubmittedApplicationsPage - Successfully selected the value: 'Lietuva'
2025-03-12 14:11:53 [main] DEBUG l.i.u.t.SubmittedApplicationsPageTest - Selected country: 'Lietuva'.
2025-03-12 14:11:53 [main] INFO  l.i.u.p.SubmittedApplicationsPage - Located the dropdown search field.
2025-03-12 14:11:53 [main] INFO  l.i.u.p.SubmittedApplicationsPage - Dropdown city is opened.
2025-03-12 14:11:53 [main] INFO  l.i.u.p.SubmittedApplicationsPage - Searched for value: 'Vilnius'
2025-03-12 14:11:54 [main] INFO  l.i.u.p.SubmittedApplicationsPage - Successfully selected: 'Vilnius'
2025-03-12 14:11:54 [main] INFO  l.i.u.p.SubmittedApplicationsPage - Located the dropdown button.
2025-03-12 14:11:55 [main] INFO  l.i.u.p.SubmittedApplicationsPage - Successfully selected the value: 'A. Domaševičiaus g.'
2025-03-12 14:11:55 [main] DEBUG l.i.u.t.SubmittedApplicationsPageTest - Selected street: 'A. Domaševičiaus g.'.
2025-03-12 14:11:55 [main] INFO  l.i.u.p.SubmittedApplicationsPage - Located the dropdown button.
2025-03-12 14:11:56 [main] INFO  l.i.u.p.SubmittedApplicationsPage - Successfully selected the value: '1'
2025-03-12 14:11:56 [main] DEBUG l.i.u.t.SubmittedApplicationsPageTest - Selected house: '1'.
2025-03-12 14:11:56 [main] INFO  l.i.u.p.SubmittedApplicationsPage - Located the dropdown button.
2025-03-12 14:11:57 [main] INFO  l.i.u.p.SubmittedApplicationsPage - Successfully selected the value: '1'
2025-03-12 14:11:57 [main] DEBUG l.i.u.t.SubmittedApplicationsPageTest - Selected apartment: '1'.
2025-03-12 14:11:57 [main] DEBUG l.i.u.t.SubmittedApplicationsPageTest - Clicked 'Confirm' button.
2025-03-12 14:11:57 [main] DEBUG l.i.u.t.SubmittedApplicationsPageTest - Selected 'For already working' option.
2025-03-12 14:11:57 [main] DEBUG l.i.u.t.SubmittedApplicationsPageTest - Selected 'For new working' option.
2025-03-12 14:11:57 [main] DEBUG l.i.u.t.SubmittedApplicationsPageTest - Entered person count2: '1'.
2025-03-12 14:11:57 [main] DEBUG l.i.u.t.SubmittedApplicationsPageTest - Clicked 'Next' button after checkboxes.
2025-03-12 14:11:57 [main] INFO  l.i.u.p.SubmittedApplicationsPage - Located the dropdown button.
2025-03-12 14:11:58 [main] INFO  l.i.u.p.SubmittedApplicationsPage - Successfully selected the value: 'Administratoriai'
2025-03-12 14:11:58 [main] DEBUG l.i.u.t.SubmittedApplicationsPageTest - Selected adaptable job name: 'Administratoriai'.
2025-03-12 14:11:58 [main] DEBUG l.i.u.t.SubmittedApplicationsPageTest - Entered job date.
2025-03-12 14:11:59 [main] DEBUG l.i.u.t.SubmittedApplicationsPageTest - Entered job function: 'Funkcija 1'.
2025-03-12 14:11:59 [main] DEBUG l.i.u.t.SubmittedApplicationsPageTest - Selected 'For already working' 'no' option.
2025-03-12 14:11:59 [main] INFO  l.i.u.p.SubmittedApplicationsPage - Clicking on the dropdown button.
2025-03-12 14:11:59 [main] INFO  l.i.u.p.SubmittedApplicationsPage - Found 6 options in the dropdown.
2025-03-12 14:11:59 [main] DEBUG l.i.u.p.SubmittedApplicationsPage - Checking option: 'Lengvo neįgalumo lygis ar 45-55 procentų dalyvumo lygis (iki 2023 m. gruodžio 31 d. – 45-55 procentų darbingumo lygis)'
2025-03-12 14:12:00 [main] INFO  l.i.u.p.SubmittedApplicationsPage - Successfully selected the value: 'Lengvo neįgalumo lygis ar 45-55 procentų dalyvumo lygis (iki 2023 m. gruodžio 31 d. – 45-55 procentų darbingumo lygis)'
2025-03-12 14:12:00 [main] INFO  l.i.u.p.SubmittedApplicationsPage - Attempting to close the dropdown.
2025-03-12 14:12:00 [main] DEBUG l.i.u.t.SubmittedApplicationsPageTest - Selected disabilities type: 'Lengvo neįgalumo lygis ar 45-55 procentų dalyvumo lygis (iki 2023 m. gruodžio 31 d. – 45-55 procentų darbingumo lygis)'.
2025-03-12 14:12:00 [main] DEBUG l.i.u.t.SubmittedApplicationsPageTest - Entered disability information: 'Negalia 1'.
2025-03-12 14:12:01 [main] DEBUG l.i.u.t.SubmittedApplicationsPageTest - Entered qualification: 'Kvalifikacija 1'.
2025-03-12 14:12:01 [main] DEBUG l.i.u.t.SubmittedApplicationsPageTest - Entered job description: 'Darbo vietos aprašymas 1'.
2025-03-12 14:12:01 [main] DEBUG l.i.u.t.SubmittedApplicationsPageTest - Entered equipment description: 'Priemonių įsigyjimas 1'.
2025-03-12 14:12:01 [main] DEBUG l.i.u.t.SubmittedApplicationsPageTest - Entered work information: 'Darbai 1'.
2025-03-12 14:12:01 [main] INFO  l.i.u.p.SubmittedApplicationsPage - Located the dropdown button.
2025-03-12 14:12:02 [main] INFO  l.i.u.p.SubmittedApplicationsPage - Successfully selected the value: 'Kita'
2025-03-12 14:12:02 [main] DEBUG l.i.u.t.SubmittedApplicationsPageTest - Selected time mode: 'Kita'.
2025-03-12 14:12:02 [main] DEBUG l.i.u.t.SubmittedApplicationsPageTest - Selected time mode other: '6 val. per dieną ir 4 d. per savaitę'.
2025-03-12 14:12:02 [main] DEBUG l.i.u.t.SubmittedApplicationsPageTest - Entered salary amount: '1200'.
2025-03-12 14:12:02 [main] DEBUG l.i.u.t.SubmittedApplicationsPageTest - Selected 'Temporary Job' radio button.
2025-03-12 14:12:02 [main] DEBUG l.i.u.t.SubmittedApplicationsPageTest - Selected 'Season Job' radio button.
2025-03-12 14:12:03 [main] DEBUG l.i.u.t.SubmittedApplicationsPageTest - Selected 'PVM' radio button.
2025-03-12 14:12:03 [main] INFO  l.i.u.p.SubmittedApplicationsPage - Located the dropdown button.
2025-03-12 14:12:03 [main] INFO  l.i.u.p.SubmittedApplicationsPage - Successfully selected the value: 'Darbo vietos pritaikymui'
2025-03-12 14:12:33 [main] ERROR l.i.u.p.SubmittedApplicationsPage - Timeout while waiting for dropdown to close with aria-expanded = 'false'.
2025-03-12 14:12:33 [main] DEBUG l.i.u.t.SubmittedApplicationsPageTest - Selected adaptable job name: 'Darbo vietos pritaikymui'.
2025-03-12 14:12:33 [main] DEBUG l.i.u.p.SubmittedApplicationsPage - Located and clicked the dropdown button 'Reikalinga'.
2025-03-12 14:12:34 [main] INFO  l.i.u.p.SubmittedApplicationsPage - Successfully selected the value: 'Įsigyti'
2025-03-12 14:12:34 [main] DEBUG l.i.u.t.SubmittedApplicationsPageTest - Selected necessary for job: 'Įsigyti'.
2025-03-12 14:12:34 [main] DEBUG l.i.u.t.SubmittedApplicationsPageTest - Selected tool: 'Darbo priemonė 1'.
2025-03-12 14:12:34 [main] DEBUG l.i.u.t.SubmittedApplicationsPageTest - Selected tool parameter one: 'Darbo priemonės 1 parametras 1'.
2025-03-12 14:12:34 [main] DEBUG l.i.u.t.SubmittedApplicationsPageTest - Selected tool parameter two: 'Darbo priemonės 1 parametras 2'.
2025-03-12 14:12:34 [main] DEBUG l.i.u.t.SubmittedApplicationsPageTest - Selected tool parameter three: 'Darbo priemonės 1 parametras 3'.
2025-03-12 14:12:35 [main] DEBUG l.i.u.t.SubmittedApplicationsPageTest - Entered tool count: '1'.
2025-03-12 14:12:35 [main] DEBUG l.i.u.t.SubmittedApplicationsPageTest - Entered price amount: '1000'.
2025-03-12 14:12:35 [main] DEBUG l.i.u.t.SubmittedApplicationsPageTest - Entered own funds amount: '800'.
2025-03-12 14:12:35 [main] DEBUG l.i.u.t.SubmittedApplicationsPageTest - Clicked 'Add' button.
2025-03-12 14:12:35 [main] INFO  l.i.u.p.SubmittedApplicationsPage - Located the dropdown button.
2025-03-12 14:12:35 [main] INFO  l.i.u.p.SubmittedApplicationsPage - Successfully selected the value: 'Aplinkos pritaikymui'
2025-03-12 14:13:06 [main] ERROR l.i.u.p.SubmittedApplicationsPage - Timeout while waiting for dropdown to close with aria-expanded = 'false'.
2025-03-12 14:13:06 [main] DEBUG l.i.u.t.SubmittedApplicationsPageTest - Selected adaptable job name: 'Aplinkos pritaikymui'.
2025-03-12 14:13:06 [main] DEBUG l.i.u.p.SubmittedApplicationsPage - Located and clicked the dropdown button 'Reikalinga'.
2025-03-12 14:13:06 [main] INFO  l.i.u.p.SubmittedApplicationsPage - Successfully selected the value: 'Remontuoti'
2025-03-12 14:13:17 [main] DEBUG l.i.u.t.SubmittedApplicationsPageTest - Selected necessary for job: 'Remontuoti'.
2025-03-12 14:13:17 [main] DEBUG l.i.u.t.SubmittedApplicationsPageTest - Selected tool: 'Darbo priemonė 2 remontui'.
2025-03-12 14:13:17 [main] DEBUG l.i.u.t.SubmittedApplicationsPageTest - Entered tool count: '2'.
2025-03-12 14:13:17 [main] DEBUG l.i.u.t.SubmittedApplicationsPageTest - Entered price amount: '1000'.
2025-03-12 14:13:17 [main] DEBUG l.i.u.t.SubmittedApplicationsPageTest - Entered own funds amount: '900'.
2025-03-12 14:13:17 [main] DEBUG l.i.u.t.SubmittedApplicationsPageTest - Selected 'De Minimis' radio button.
2025-03-12 14:13:18 [main] DEBUG l.i.u.t.SubmittedApplicationsPageTest - Entered program name: 'Programa 1'.
2025-03-12 14:13:18 [main] DEBUG l.i.u.t.SubmittedApplicationsPageTest - Entered project date from.
2025-03-12 14:13:18 [main] DEBUG l.i.u.t.SubmittedApplicationsPageTest - Entered project date until.
2025-03-12 14:13:18 [main] DEBUG l.i.u.t.SubmittedApplicationsPageTest - Entered support amount: '2000'.
2025-03-12 14:13:18 [main] DEBUG l.i.u.t.SubmittedApplicationsPageTest - Clicked 'Next' button.
2025-03-12 14:13:28 [main] DEBUG l.i.u.t.SubmittedApplicationsPageTest - Checked 'Legal Entities' checkbox 1.
2025-03-12 14:13:38 [main] DEBUG l.i.u.t.SubmittedApplicationsPageTest - Checked 'Legal Entities' checkbox 2.
2025-03-12 14:13:49 [main] DEBUG l.i.u.t.SubmittedApplicationsPageTest - Checked 'Legal Entities' checkbox 3.
2025-03-12 14:13:49 [main] DEBUG l.i.u.t.SubmittedApplicationsPageTest - Test finished: All 'Legal Entities' checkboxes checked successfully.
2025-03-12 14:13:49 [main] DEBUG l.i.u.t.SubmittedApplicationsPageTest - Clicked 'Next' button after checkboxes.
2025-03-12 14:13:59 [main] ERROR l.i.u.p.SubmittedApplicationsPage - Error selecting radio button: Expected condition failed: waiting for element to be clickable: By.xpath: (//input[@type='radio' and @value='false'])[8] (tried for 10 second(s) with 500 milliseconds interval)
Build info: version: '4.27.0', revision: 'd6e718d134'
System info: os.name: 'Windows 11', os.arch: 'amd64', os.version: '10.0', java.version: '21.0.3'
Driver info: org.openqa.selenium.chrome.ChromeDriver
Capabilities {acceptInsecureCerts: false, browserName: chrome, browserVersion: 134.0.6998.88, chrome: {chromedriverVersion: 134.0.6998.88 (7e3d5c978c6d..., userDataDir: C:\Users\INGRID~1.ZAD\AppDa...}, fedcm:accounts: true, goog:chromeOptions: {debuggerAddress: localhost:50209}, networkConnectionEnabled: false, pageLoadStrategy: normal, platformName: windows, proxy: Proxy(), se:cdp: ws://localhost:50209/devtoo..., se:cdpVersion: 134.0.6998.88, setWindowRect: true, strictFileInteractability: false, timeouts: {implicit: 0, pageLoad: 300000, script: 30000}, unhandledPromptBehavior: dismiss and notify, webauthn:extension:credBlob: true, webauthn:extension:largeBlob: true, webauthn:extension:minPinLength: true, webauthn:extension:prf: true, webauthn:virtualAuthenticators: true}
Session ID: 16a675097d5ffa9162715e9211aff0c3
2025-03-12 14:13:59 [main] INFO  l.i.u.t.SubmittedApplicationsPageTest - Marking 'Ne' radio button 1
2025-03-12 14:14:09 [main] ERROR l.i.u.p.SubmittedApplicationsPage - Error selecting radio button: Expected condition failed: waiting for element to be clickable: By.xpath: (//input[@type='radio' and @value='false'])[9] (tried for 10 second(s) with 500 milliseconds interval)
Build info: version: '4.27.0', revision: 'd6e718d134'
System info: os.name: 'Windows 11', os.arch: 'amd64', os.version: '10.0', java.version: '21.0.3'
Driver info: org.openqa.selenium.chrome.ChromeDriver
Capabilities {acceptInsecureCerts: false, browserName: chrome, browserVersion: 134.0.6998.88, chrome: {chromedriverVersion: 134.0.6998.88 (7e3d5c978c6d..., userDataDir: C:\Users\INGRID~1.ZAD\AppDa...}, fedcm:accounts: true, goog:chromeOptions: {debuggerAddress: localhost:50209}, networkConnectionEnabled: false, pageLoadStrategy: normal, platformName: windows, proxy: Proxy(), se:cdp: ws://localhost:50209/devtoo..., se:cdpVersion: 134.0.6998.88, setWindowRect: true, strictFileInteractability: false, timeouts: {implicit: 0, pageLoad: 300000, script: 30000}, unhandledPromptBehavior: dismiss and notify, webauthn:extension:credBlob: true, webauthn:extension:largeBlob: true, webauthn:extension:minPinLength: true, webauthn:extension:prf: true, webauthn:virtualAuthenticators: true}
Session ID: 16a675097d5ffa9162715e9211aff0c3
2025-03-12 14:14:09 [main] INFO  l.i.u.t.SubmittedApplicationsPageTest - Marking 'Ne' radio button 2
2025-03-12 14:14:19 [main] ERROR l.i.u.p.SubmittedApplicationsPage - Error selecting radio button: Expected condition failed: waiting for element to be clickable: By.xpath: (//input[@type='radio' and @value='false'])[10] (tried for 10 second(s) with 500 milliseconds interval)
Build info: version: '4.27.0', revision: 'd6e718d134'
System info: os.name: 'Windows 11', os.arch: 'amd64', os.version: '10.0', java.version: '21.0.3'
Driver info: org.openqa.selenium.chrome.ChromeDriver
Capabilities {acceptInsecureCerts: false, browserName: chrome, browserVersion: 134.0.6998.88, chrome: {chromedriverVersion: 134.0.6998.88 (7e3d5c978c6d..., userDataDir: C:\Users\INGRID~1.ZAD\AppDa...}, fedcm:accounts: true, goog:chromeOptions: {debuggerAddress: localhost:50209}, networkConnectionEnabled: false, pageLoadStrategy: normal, platformName: windows, proxy: Proxy(), se:cdp: ws://localhost:50209/devtoo..., se:cdpVersion: 134.0.6998.88, setWindowRect: true, strictFileInteractability: false, timeouts: {implicit: 0, pageLoad: 300000, script: 30000}, unhandledPromptBehavior: dismiss and notify, webauthn:extension:credBlob: true, webauthn:extension:largeBlob: true, webauthn:extension:minPinLength: true, webauthn:extension:prf: true, webauthn:virtualAuthenticators: true}
Session ID: 16a675097d5ffa9162715e9211aff0c3
2025-03-12 14:14:19 [main] INFO  l.i.u.t.SubmittedApplicationsPageTest - Marking 'Ne' radio button 3
2025-03-12 14:14:29 [main] ERROR l.i.u.p.SubmittedApplicationsPage - Error selecting radio button: Expected condition failed: waiting for element to be clickable: By.xpath: (//input[@type='radio' and @value='false'])[11] (tried for 10 second(s) with 500 milliseconds interval)
Build info: version: '4.27.0', revision: 'd6e718d134'
System info: os.name: 'Windows 11', os.arch: 'amd64', os.version: '10.0', java.version: '21.0.3'
Driver info: org.openqa.selenium.chrome.ChromeDriver
Capabilities {acceptInsecureCerts: false, browserName: chrome, browserVersion: 134.0.6998.88, chrome: {chromedriverVersion: 134.0.6998.88 (7e3d5c978c6d..., userDataDir: C:\Users\INGRID~1.ZAD\AppDa...}, fedcm:accounts: true, goog:chromeOptions: {debuggerAddress: localhost:50209}, networkConnectionEnabled: false, pageLoadStrategy: normal, platformName: windows, proxy: Proxy(), se:cdp: ws://localhost:50209/devtoo..., se:cdpVersion: 134.0.6998.88, setWindowRect: true, strictFileInteractability: false, timeouts: {implicit: 0, pageLoad: 300000, script: 30000}, unhandledPromptBehavior: dismiss and notify, webauthn:extension:credBlob: true, webauthn:extension:largeBlob: true, webauthn:extension:minPinLength: true, webauthn:extension:prf: true, webauthn:virtualAuthenticators: true}
Session ID: 16a675097d5ffa9162715e9211aff0c3
2025-03-12 14:14:29 [main] INFO  l.i.u.t.SubmittedApplicationsPageTest - Marking 'Ne' radio button 4
2025-03-12 14:14:40 [main] ERROR l.i.u.p.SubmittedApplicationsPage - Error selecting radio button: Expected condition failed: waiting for element to be clickable: By.xpath: (//input[@type='radio' and @value='false'])[12] (tried for 10 second(s) with 500 milliseconds interval)
Build info: version: '4.27.0', revision: 'd6e718d134'
System info: os.name: 'Windows 11', os.arch: 'amd64', os.version: '10.0', java.version: '21.0.3'
Driver info: org.openqa.selenium.chrome.ChromeDriver
Capabilities {acceptInsecureCerts: false, browserName: chrome, browserVersion: 134.0.6998.88, chrome: {chromedriverVersion: 134.0.6998.88 (7e3d5c978c6d..., userDataDir: C:\Users\INGRID~1.ZAD\AppDa...}, fedcm:accounts: true, goog:chromeOptions: {debuggerAddress: localhost:50209}, networkConnectionEnabled: false, pageLoadStrategy: normal, platformName: windows, proxy: Proxy(), se:cdp: ws://localhost:50209/devtoo..., se:cdpVersion: 134.0.6998.88, setWindowRect: true, strictFileInteractability: false, timeouts: {implicit: 0, pageLoad: 300000, script: 30000}, unhandledPromptBehavior: dismiss and notify, webauthn:extension:credBlob: true, webauthn:extension:largeBlob: true, webauthn:extension:minPinLength: true, webauthn:extension:prf: true, webauthn:virtualAuthenticators: true}
Session ID: 16a675097d5ffa9162715e9211aff0c3
2025-03-12 14:14:40 [main] INFO  l.i.u.t.SubmittedApplicationsPageTest - Marking 'Ne' radio button 5
2025-03-12 14:14:50 [main] ERROR l.i.u.p.SubmittedApplicationsPage - Error selecting radio button: Expected condition failed: waiting for element to be clickable: By.xpath: (//input[@type='radio' and @value='false'])[13] (tried for 10 second(s) with 500 milliseconds interval)
Build info: version: '4.27.0', revision: 'd6e718d134'
System info: os.name: 'Windows 11', os.arch: 'amd64', os.version: '10.0', java.version: '21.0.3'
Driver info: org.openqa.selenium.chrome.ChromeDriver
Capabilities {acceptInsecureCerts: false, browserName: chrome, browserVersion: 134.0.6998.88, chrome: {chromedriverVersion: 134.0.6998.88 (7e3d5c978c6d..., userDataDir: C:\Users\INGRID~1.ZAD\AppDa...}, fedcm:accounts: true, goog:chromeOptions: {debuggerAddress: localhost:50209}, networkConnectionEnabled: false, pageLoadStrategy: normal, platformName: windows, proxy: Proxy(), se:cdp: ws://localhost:50209/devtoo..., se:cdpVersion: 134.0.6998.88, setWindowRect: true, strictFileInteractability: false, timeouts: {implicit: 0, pageLoad: 300000, script: 30000}, unhandledPromptBehavior: dismiss and notify, webauthn:extension:credBlob: true, webauthn:extension:largeBlob: true, webauthn:extension:minPinLength: true, webauthn:extension:prf: true, webauthn:virtualAuthenticators: true}
Session ID: 16a675097d5ffa9162715e9211aff0c3
2025-03-12 14:14:50 [main] INFO  l.i.u.t.SubmittedApplicationsPageTest - Marking 'Ne' radio button 6
2025-03-12 14:15:00 [main] ERROR l.i.u.p.SubmittedApplicationsPage - Error selecting radio button: Expected condition failed: waiting for element to be clickable: By.xpath: (//input[@type='radio' and @value='true'])[14] (tried for 10 second(s) with 500 milliseconds interval)
Build info: version: '4.27.0', revision: 'd6e718d134'
System info: os.name: 'Windows 11', os.arch: 'amd64', os.version: '10.0', java.version: '21.0.3'
Driver info: org.openqa.selenium.chrome.ChromeDriver
Capabilities {acceptInsecureCerts: false, browserName: chrome, browserVersion: 134.0.6998.88, chrome: {chromedriverVersion: 134.0.6998.88 (7e3d5c978c6d..., userDataDir: C:\Users\INGRID~1.ZAD\AppDa...}, fedcm:accounts: true, goog:chromeOptions: {debuggerAddress: localhost:50209}, networkConnectionEnabled: false, pageLoadStrategy: normal, platformName: windows, proxy: Proxy(), se:cdp: ws://localhost:50209/devtoo..., se:cdpVersion: 134.0.6998.88, setWindowRect: true, strictFileInteractability: false, timeouts: {implicit: 0, pageLoad: 300000, script: 30000}, unhandledPromptBehavior: dismiss and notify, webauthn:extension:credBlob: true, webauthn:extension:largeBlob: true, webauthn:extension:minPinLength: true, webauthn:extension:prf: true, webauthn:virtualAuthenticators: true}
Session ID: 16a675097d5ffa9162715e9211aff0c3
2025-03-12 14:15:00 [main] INFO  l.i.u.t.SubmittedApplicationsPageTest - Marking 'Taip' radio button 7
2025-03-12 14:15:10 [main] ERROR l.i.u.p.SubmittedApplicationsPage - Error selecting radio button: Expected condition failed: waiting for element to be clickable: By.xpath: (//input[@type='radio' and @value='true'])[15] (tried for 10 second(s) with 500 milliseconds interval)
Build info: version: '4.27.0', revision: 'd6e718d134'
System info: os.name: 'Windows 11', os.arch: 'amd64', os.version: '10.0', java.version: '21.0.3'
Driver info: org.openqa.selenium.chrome.ChromeDriver
Capabilities {acceptInsecureCerts: false, browserName: chrome, browserVersion: 134.0.6998.88, chrome: {chromedriverVersion: 134.0.6998.88 (7e3d5c978c6d..., userDataDir: C:\Users\INGRID~1.ZAD\AppDa...}, fedcm:accounts: true, goog:chromeOptions: {debuggerAddress: localhost:50209}, networkConnectionEnabled: false, pageLoadStrategy: normal, platformName: windows, proxy: Proxy(), se:cdp: ws://localhost:50209/devtoo..., se:cdpVersion: 134.0.6998.88, setWindowRect: true, strictFileInteractability: false, timeouts: {implicit: 0, pageLoad: 300000, script: 30000}, unhandledPromptBehavior: dismiss and notify, webauthn:extension:credBlob: true, webauthn:extension:largeBlob: true, webauthn:extension:minPinLength: true, webauthn:extension:prf: true, webauthn:virtualAuthenticators: true}
Session ID: 16a675097d5ffa9162715e9211aff0c3
2025-03-12 14:15:10 [main] INFO  l.i.u.t.SubmittedApplicationsPageTest - Marking 'Taip' radio button 8
2025-03-12 14:15:20 [main] ERROR l.i.u.p.SubmittedApplicationsPage - Error selecting radio button: Expected condition failed: waiting for element to be clickable: By.xpath: (//input[@type='radio' and @value='true'])[16] (tried for 10 second(s) with 500 milliseconds interval)
Build info: version: '4.27.0', revision: 'd6e718d134'
System info: os.name: 'Windows 11', os.arch: 'amd64', os.version: '10.0', java.version: '21.0.3'
Driver info: org.openqa.selenium.chrome.ChromeDriver
Capabilities {acceptInsecureCerts: false, browserName: chrome, browserVersion: 134.0.6998.88, chrome: {chromedriverVersion: 134.0.6998.88 (7e3d5c978c6d..., userDataDir: C:\Users\INGRID~1.ZAD\AppDa...}, fedcm:accounts: true, goog:chromeOptions: {debuggerAddress: localhost:50209}, networkConnectionEnabled: false, pageLoadStrategy: normal, platformName: windows, proxy: Proxy(), se:cdp: ws://localhost:50209/devtoo..., se:cdpVersion: 134.0.6998.88, setWindowRect: true, strictFileInteractability: false, timeouts: {implicit: 0, pageLoad: 300000, script: 30000}, unhandledPromptBehavior: dismiss and notify, webauthn:extension:credBlob: true, webauthn:extension:largeBlob: true, webauthn:extension:minPinLength: true, webauthn:extension:prf: true, webauthn:virtualAuthenticators: true}
Session ID: 16a675097d5ffa9162715e9211aff0c3
2025-03-12 14:15:20 [main] INFO  l.i.u.t.SubmittedApplicationsPageTest - Marking 'Taip' radio button 9
2025-03-12 14:15:30 [main] ERROR l.i.u.p.SubmittedApplicationsPage - Error selecting radio button: Expected condition failed: waiting for element to be clickable: By.xpath: (//input[@type='radio' and @value='true'])[17] (tried for 10 second(s) with 500 milliseconds interval)
Build info: version: '4.27.0', revision: 'd6e718d134'
System info: os.name: 'Windows 11', os.arch: 'amd64', os.version: '10.0', java.version: '21.0.3'
Driver info: org.openqa.selenium.chrome.ChromeDriver
Capabilities {acceptInsecureCerts: false, browserName: chrome, browserVersion: 134.0.6998.88, chrome: {chromedriverVersion: 134.0.6998.88 (7e3d5c978c6d..., userDataDir: C:\Users\INGRID~1.ZAD\AppDa...}, fedcm:accounts: true, goog:chromeOptions: {debuggerAddress: localhost:50209}, networkConnectionEnabled: false, pageLoadStrategy: normal, platformName: windows, proxy: Proxy(), se:cdp: ws://localhost:50209/devtoo..., se:cdpVersion: 134.0.6998.88, setWindowRect: true, strictFileInteractability: false, timeouts: {implicit: 0, pageLoad: 300000, script: 30000}, unhandledPromptBehavior: dismiss and notify, webauthn:extension:credBlob: true, webauthn:extension:largeBlob: true, webauthn:extension:minPinLength: true, webauthn:extension:prf: true, webauthn:virtualAuthenticators: true}
Session ID: 16a675097d5ffa9162715e9211aff0c3
2025-03-12 14:15:30 [main] INFO  l.i.u.t.SubmittedApplicationsPageTest - Marking 'Taip' radio button 10
2025-03-12 14:15:41 [main] ERROR l.i.u.p.SubmittedApplicationsPage - Error selecting radio button: Expected condition failed: waiting for element to be clickable: By.xpath: (//input[@type='radio' and @value='true'])[18] (tried for 10 second(s) with 500 milliseconds interval)
Build info: version: '4.27.0', revision: 'd6e718d134'
System info: os.name: 'Windows 11', os.arch: 'amd64', os.version: '10.0', java.version: '21.0.3'
Driver info: org.openqa.selenium.chrome.ChromeDriver
Capabilities {acceptInsecureCerts: false, browserName: chrome, browserVersion: 134.0.6998.88, chrome: {chromedriverVersion: 134.0.6998.88 (7e3d5c978c6d..., userDataDir: C:\Users\INGRID~1.ZAD\AppDa...}, fedcm:accounts: true, goog:chromeOptions: {debuggerAddress: localhost:50209}, networkConnectionEnabled: false, pageLoadStrategy: normal, platformName: windows, proxy: Proxy(), se:cdp: ws://localhost:50209/devtoo..., se:cdpVersion: 134.0.6998.88, setWindowRect: true, strictFileInteractability: false, timeouts: {implicit: 0, pageLoad: 300000, script: 30000}, unhandledPromptBehavior: dismiss and notify, webauthn:extension:credBlob: true, webauthn:extension:largeBlob: true, webauthn:extension:minPinLength: true, webauthn:extension:prf: true, webauthn:virtualAuthenticators: true}
Session ID: 16a675097d5ffa9162715e9211aff0c3
2025-03-12 14:15:41 [main] INFO  l.i.u.t.SubmittedApplicationsPageTest - Marking 'Taip' radio button 11
2025-03-12 14:15:51 [main] ERROR l.i.u.p.SubmittedApplicationsPage - Error selecting radio button: Expected condition failed: waiting for element to be clickable: By.xpath: (//input[@type='radio' and @value='true'])[19] (tried for 10 second(s) with 500 milliseconds interval)
Build info: version: '4.27.0', revision: 'd6e718d134'
System info: os.name: 'Windows 11', os.arch: 'amd64', os.version: '10.0', java.version: '21.0.3'
Driver info: org.openqa.selenium.chrome.ChromeDriver
Capabilities {acceptInsecureCerts: false, browserName: chrome, browserVersion: 134.0.6998.88, chrome: {chromedriverVersion: 134.0.6998.88 (7e3d5c978c6d..., userDataDir: C:\Users\INGRID~1.ZAD\AppDa...}, fedcm:accounts: true, goog:chromeOptions: {debuggerAddress: localhost:50209}, networkConnectionEnabled: false, pageLoadStrategy: normal, platformName: windows, proxy: Proxy(), se:cdp: ws://localhost:50209/devtoo..., se:cdpVersion: 134.0.6998.88, setWindowRect: true, strictFileInteractability: false, timeouts: {implicit: 0, pageLoad: 300000, script: 30000}, unhandledPromptBehavior: dismiss and notify, webauthn:extension:credBlob: true, webauthn:extension:largeBlob: true, webauthn:extension:minPinLength: true, webauthn:extension:prf: true, webauthn:virtualAuthenticators: true}
Session ID: 16a675097d5ffa9162715e9211aff0c3
2025-03-12 14:15:51 [main] INFO  l.i.u.t.SubmittedApplicationsPageTest - Marking 'Taip' radio button 12
2025-03-12 14:16:01 [main] DEBUG l.i.u.t.SubmittedApplicationsPageTest - Checked 'ConfirmationStepFour'
2025-03-12 14:16:02 [main] DEBUG l.i.u.t.SubmittedApplicationsPageTest - Clicked 'Next' button after checkboxes.
2025-03-12 14:16:02 [main] INFO  l.i.u.p.SubmittedApplicationsPage - File uploaded successfully to an input element.
2025-03-12 14:16:02 [main] INFO  l.i.u.p.SubmittedApplicationsPage - File uploaded successfully to an input element.
2025-03-12 14:16:02 [main] INFO  l.i.u.p.SubmittedApplicationsPage - File uploaded successfully to an input element.
2025-03-12 14:16:02 [main] INFO  l.i.u.p.SubmittedApplicationsPage - File uploaded successfully to an input element.
2025-03-12 14:16:02 [main] INFO  l.i.u.p.SubmittedApplicationsPage - File uploaded successfully to an input element.
2025-03-12 14:16:02 [main] INFO  l.i.u.p.SubmittedApplicationsPage - File uploaded successfully to an input element.
2025-03-12 14:16:02 [main] INFO  l.i.u.p.SubmittedApplicationsPage - File uploaded successfully to an input element.
2025-03-12 14:16:02 [main] INFO  l.i.u.p.SubmittedApplicationsPage - File uploaded successfully to an input element.
2025-03-12 14:16:02 [main] DEBUG l.i.u.t.SubmittedApplicationsPageTest - Entered program name: 'Dokumentas 1'.
2025-03-12 14:16:03 [main] DEBUG l.i.u.t.SubmittedApplicationsPageTest - Entered program name: 'Dokumentas 2'.
2025-03-12 14:16:03 [main] DEBUG l.i.u.t.SubmittedApplicationsPageTest - Entered program name: 'Dokumentas 3'.
2025-03-12 14:16:03 [main] DEBUG l.i.u.t.SubmittedApplicationsPageTest - Entered program name: 'Dokumentas 4'.
2025-03-12 14:16:03 [main] DEBUG l.i.u.t.SubmittedApplicationsPageTest - Entered program name: 'Dokumentas 5'.
2025-03-12 14:16:03 [main] DEBUG l.i.u.t.SubmittedApplicationsPageTest - Entered program name: 'Dokumentas 6'.
2025-03-12 14:16:03 [main] DEBUG l.i.u.t.SubmittedApplicationsPageTest - Entered program name: 'Dokumentas 4'.
2025-03-12 14:16:03 [main] DEBUG l.i.u.t.SubmittedApplicationsPageTest - Entered program name: 'Dokumentas 8'.
2025-03-12 14:16:14 [main] DEBUG l.i.u.t.SubmittedApplicationsPageTest - Checked 'ConfirmationDocument'
2025-03-12 14:16:24 [main] DEBUG l.i.u.t.SubmittedApplicationsPageTest - Checked 'ConfirmationApplication'
2025-03-12 14:16:24 [main] DEBUG l.i.u.t.SubmittedApplicationsPageTest - Clicked 'Review' button after checkboxes.
2025-03-12 14:16:24 [main] DEBUG l.i.u.t.SubmittedApplicationsPageTest - Clicked 'SaveDraft' button after checkboxes.
2025-03-12 14:16:24 [main] DEBUG l.i.uztis.pages.ApplicationFormsPage - Verified success message: 'Ruošinys sėkmingai išsaugotas.'
2025-03-12 14:16:34 [main] ERROR l.i.u.t.SubmittedApplicationsPageTest - Test 'testFillNewDVPApplicationFA' failed with error: no such element: Unable to locate element: {"method":"xpath","selector":"//common-button/button[contains(text(), 'Pateikti')]"}
  (Session info: chrome=134.0.6998.88)
For documentation on this error, please visit: https://www.selenium.dev/documentation/webdriver/troubleshooting/errors#no-such-element-exception
Build info: version: '4.27.0', revision: 'd6e718d134'
System info: os.name: 'Windows 11', os.arch: 'amd64', os.version: '10.0', java.version: '21.0.3'
Driver info: org.openqa.selenium.chrome.ChromeDriver
Command: [16a675097d5ffa9162715e9211aff0c3, findElement {using=xpath, value=//common-button/button[contains(text(), 'Pateikti')]}]
Capabilities {acceptInsecureCerts: false, browserName: chrome, browserVersion: 134.0.6998.88, chrome: {chromedriverVersion: 134.0.6998.88 (7e3d5c978c6d..., userDataDir: C:\Users\INGRID~1.ZAD\AppDa...}, fedcm:accounts: true, goog:chromeOptions: {debuggerAddress: localhost:50209}, networkConnectionEnabled: false, pageLoadStrategy: normal, platformName: windows, proxy: Proxy(), se:cdp: ws://localhost:50209/devtoo..., se:cdpVersion: 134.0.6998.88, setWindowRect: true, strictFileInteractability: false, timeouts: {implicit: 0, pageLoad: 300000, script: 30000}, unhandledPromptBehavior: dismiss and notify, webauthn:extension:credBlob: true, webauthn:extension:largeBlob: true, webauthn:extension:minPinLength: true, webauthn:extension:prf: true, webauthn:virtualAuthenticators: true}
Session ID: 16a675097d5ffa9162715e9211aff0c3
org.openqa.selenium.NoSuchElementException: no such element: Unable to locate element: {"method":"xpath","selector":"//common-button/button[contains(text(), 'Pateikti')]"}
  (Session info: chrome=134.0.6998.88)
For documentation on this error, please visit: https://www.selenium.dev/documentation/webdriver/troubleshooting/errors#no-such-element-exception
Build info: version: '4.27.0', revision: 'd6e718d134'
System info: os.name: 'Windows 11', os.arch: 'amd64', os.version: '10.0', java.version: '21.0.3'
Driver info: org.openqa.selenium.chrome.ChromeDriver
Command: [16a675097d5ffa9162715e9211aff0c3, findElement {using=xpath, value=//common-button/button[contains(text(), 'Pateikti')]}]
Capabilities {acceptInsecureCerts: false, browserName: chrome, browserVersion: 134.0.6998.88, chrome: {chromedriverVersion: 134.0.6998.88 (7e3d5c978c6d..., userDataDir: C:\Users\INGRID~1.ZAD\AppDa...}, fedcm:accounts: true, goog:chromeOptions: {debuggerAddress: localhost:50209}, networkConnectionEnabled: false, pageLoadStrategy: normal, platformName: windows, proxy: Proxy(), se:cdp: ws://localhost:50209/devtoo..., se:cdpVersion: 134.0.6998.88, setWindowRect: true, strictFileInteractability: false, timeouts: {implicit: 0, pageLoad: 300000, script: 30000}, unhandledPromptBehavior: dismiss and notify, webauthn:extension:credBlob: true, webauthn:extension:largeBlob: true, webauthn:extension:minPinLength: true, webauthn:extension:prf: true, webauthn:virtualAuthenticators: true}
Session ID: 16a675097d5ffa9162715e9211aff0c3
	at java.base/jdk.internal.reflect.DirectConstructorHandleAccessor.newInstance(DirectConstructorHandleAccessor.java:62)
	at java.base/java.lang.reflect.Constructor.newInstanceWithCaller(Constructor.java:502)
	at java.base/java.lang.reflect.Constructor.newInstance(Constructor.java:486)
	at org.openqa.selenium.remote.ErrorCodec.decode(ErrorCodec.java:167)
	at org.openqa.selenium.remote.codec.w3c.W3CHttpResponseCodec.decode(W3CHttpResponseCodec.java:138)
	at org.openqa.selenium.remote.codec.w3c.W3CHttpResponseCodec.decode(W3CHttpResponseCodec.java:50)
	at org.openqa.selenium.remote.HttpCommandExecutor.execute(HttpCommandExecutor.java:190)
	at org.openqa.selenium.remote.service.DriverCommandExecutor.invokeExecute(DriverCommandExecutor.java:216)
	at org.openqa.selenium.remote.service.DriverCommandExecutor.execute(DriverCommandExecutor.java:174)
	at org.openqa.selenium.remote.RemoteWebDriver.execute(RemoteWebDriver.java:545)
	at org.openqa.selenium.remote.ElementLocation$ElementFinder$2.findElement(ElementLocation.java:165)
	at org.openqa.selenium.remote.ElementLocation.findElement(ElementLocation.java:59)
	at org.openqa.selenium.remote.RemoteWebDriver.findElement(RemoteWebDriver.java:368)
	at org.openqa.selenium.remote.RemoteWebDriver.findElement(RemoteWebDriver.java:362)
	at org.openqa.selenium.support.pagefactory.DefaultElementLocator.findElement(DefaultElementLocator.java:68)
	at org.openqa.selenium.support.pagefactory.internal.LocatingElementHandler.invoke(LocatingElementHandler.java:38)
	at jdk.proxy2/jdk.proxy2.$Proxy14.isSelected(Unknown Source)
	at lt.insoft.uztis.pages.SubmittedApplicationsPage.clickButtonSubmit(SubmittedApplicationsPage.java:866)
	at lt.insoft.uztis.tests.SubmittedApplicationsPageTest.testFillNewDVPApplicationFA(SubmittedApplicationsPageTest.java:889)
	at java.base/jdk.internal.reflect.DirectMethodHandleAccessor.invoke(DirectMethodHandleAccessor.java:103)
	at java.base/java.lang.reflect.Method.invoke(Method.java:580)
	at org.junit.platform.commons.util.ReflectionUtils.invokeMethod(ReflectionUtils.java:728)
	at org.junit.jupiter.engine.execution.MethodInvocation.proceed(MethodInvocation.java:60)
	at org.junit.jupiter.engine.execution.InvocationInterceptorChain$ValidatingInvocation.proceed(InvocationInterceptorChain.java:131)
	at org.junit.jupiter.engine.extension.TimeoutExtension.intercept(TimeoutExtension.java:156)
	at org.junit.jupiter.engine.extension.TimeoutExtension.interceptTestableMethod(TimeoutExtension.java:147)
	at org.junit.jupiter.engine.extension.TimeoutExtension.interceptTestMethod(TimeoutExtension.java:86)
	at org.junit.jupiter.engine.execution.InterceptingExecutableInvoker$ReflectiveInterceptorCall.lambda$ofVoidMethod$0(InterceptingExecutableInvoker.java:103)
	at org.junit.jupiter.engine.execution.InterceptingExecutableInvoker.lambda$invoke$0(InterceptingExecutableInvoker.java:93)
	at org.junit.jupiter.engine.execution.InvocationInterceptorChain$InterceptedInvocation.proceed(InvocationInterceptorChain.java:106)
	at org.junit.jupiter.engine.execution.InvocationInterceptorChain.proceed(InvocationInterceptorChain.java:64)
	at org.junit.jupiter.engine.execution.InvocationInterceptorChain.chainAndInvoke(InvocationInterceptorChain.java:45)
	at org.junit.jupiter.engine.execution.InvocationInterceptorChain.invoke(InvocationInterceptorChain.java:37)
	at org.junit.jupiter.engine.execution.InterceptingExecutableInvoker.invoke(InterceptingExecutableInvoker.java:92)
	at org.junit.jupiter.engine.execution.InterceptingExecutableInvoker.invoke(InterceptingExecutableInvoker.java:86)
	at org.junit.jupiter.engine.descriptor.TestMethodTestDescriptor.lambda$invokeTestMethod$7(TestMethodTestDescriptor.java:218)
	at org.junit.platform.engine.support.hierarchical.ThrowableCollector.execute(ThrowableCollector.java:73)
	at org.junit.jupiter.engine.descriptor.TestMethodTestDescriptor.invokeTestMethod(TestMethodTestDescriptor.java:214)
	at org.junit.jupiter.engine.descriptor.TestMethodTestDescriptor.execute(TestMethodTestDescriptor.java:139)
	at org.junit.jupiter.engine.descriptor.TestMethodTestDescriptor.execute(TestMethodTestDescriptor.java:69)
	at org.junit.platform.engine.support.hierarchical.NodeTestTask.lambda$executeRecursively$6(NodeTestTask.java:151)
	at org.junit.platform.engine.support.hierarchical.ThrowableCollector.execute(ThrowableCollector.java:73)
	at org.junit.platform.engine.support.hierarchical.NodeTestTask.lambda$executeRecursively$8(NodeTestTask.java:141)
	at org.junit.platform.engine.support.hierarchical.Node.around(Node.java:137)
	at org.junit.platform.engine.support.hierarchical.NodeTestTask.lambda$executeRecursively$9(NodeTestTask.java:139)
	at org.junit.platform.engine.support.hierarchical.ThrowableCollector.execute(ThrowableCollector.java:73)
	at org.junit.platform.engine.support.hierarchical.NodeTestTask.executeRecursively(NodeTestTask.java:138)
	at org.junit.platform.engine.support.hierarchical.NodeTestTask.execute(NodeTestTask.java:95)
	at java.base/java.util.ArrayList.forEach(ArrayList.java:1596)
	at org.junit.platform.engine.support.hierarchical.SameThreadHierarchicalTestExecutorService.invokeAll(SameThreadHierarchicalTestExecutorService.java:41)
	at org.junit.platform.engine.support.hierarchical.NodeTestTask.lambda$executeRecursively$6(NodeTestTask.java:155)
	at org.junit.platform.engine.support.hierarchical.ThrowableCollector.execute(ThrowableCollector.java:73)
	at org.junit.platform.engine.support.hierarchical.NodeTestTask.lambda$executeRecursively$8(NodeTestTask.java:141)
	at org.junit.platform.engine.support.hierarchical.Node.around(Node.java:137)
	at org.junit.platform.engine.support.hierarchical.NodeTestTask.lambda$executeRecursively$9(NodeTestTask.java:139)
	at org.junit.platform.engine.support.hierarchical.ThrowableCollector.execute(ThrowableCollector.java:73)
	at org.junit.platform.engine.support.hierarchical.NodeTestTask.executeRecursively(NodeTestTask.java:138)
	at org.junit.platform.engine.support.hierarchical.NodeTestTask.execute(NodeTestTask.java:95)
	at java.base/java.util.ArrayList.forEach(ArrayList.java:1596)
	at org.junit.platform.engine.support.hierarchical.SameThreadHierarchicalTestExecutorService.invokeAll(SameThreadHierarchicalTestExecutorService.java:41)
	at org.junit.platform.engine.support.hierarchical.NodeTestTask.lambda$executeRecursively$6(NodeTestTask.java:155)
	at org.junit.platform.engine.support.hierarchical.ThrowableCollector.execute(ThrowableCollector.java:73)
	at org.junit.platform.engine.support.hierarchical.NodeTestTask.lambda$executeRecursively$8(NodeTestTask.java:141)
	at org.junit.platform.engine.support.hierarchical.Node.around(Node.java:137)
	at org.junit.platform.engine.support.hierarchical.NodeTestTask.lambda$executeRecursively$9(NodeTestTask.java:139)
	at org.junit.platform.engine.support.hierarchical.ThrowableCollector.execute(ThrowableCollector.java:73)
	at org.junit.platform.engine.support.hierarchical.NodeTestTask.executeRecursively(NodeTestTask.java:138)
	at org.junit.platform.engine.support.hierarchical.NodeTestTask.execute(NodeTestTask.java:95)
	at org.junit.platform.engine.support.hierarchical.SameThreadHierarchicalTestExecutorService.submit(SameThreadHierarchicalTestExecutorService.java:35)
	at org.junit.platform.engine.support.hierarchical.HierarchicalTestExecutor.execute(HierarchicalTestExecutor.java:57)
	at org.junit.platform.engine.support.hierarchical.HierarchicalTestEngine.execute(HierarchicalTestEngine.java:54)
	at org.junit.platform.launcher.core.EngineExecutionOrchestrator.execute(EngineExecutionOrchestrator.java:198)
	at org.junit.platform.launcher.core.EngineExecutionOrchestrator.execute(EngineExecutionOrchestrator.java:169)
	at org.junit.platform.launcher.core.EngineExecutionOrchestrator.execute(EngineExecutionOrchestrator.java:93)
	at org.junit.platform.launcher.core.EngineExecutionOrchestrator.lambda$execute$0(EngineExecutionOrchestrator.java:58)
	at org.junit.platform.launcher.core.EngineExecutionOrchestrator.withInterceptedStreams(EngineExecutionOrchestrator.java:141)
	at org.junit.platform.launcher.core.EngineExecutionOrchestrator.execute(EngineExecutionOrchestrator.java:57)
	at org.junit.platform.launcher.core.DefaultLauncher.execute(DefaultLauncher.java:103)
	at org.junit.platform.launcher.core.DefaultLauncher.execute(DefaultLauncher.java:85)
	at org.junit.platform.launcher.core.DelegatingLauncher.execute(DelegatingLauncher.java:47)
	at org.junit.platform.launcher.core.SessionPerRequestLauncher.execute(SessionPerRequestLauncher.java:63)
	at com.intellij.junit5.JUnit5IdeaTestRunner.startRunnerWithArgs(JUnit5IdeaTestRunner.java:57)
	at com.intellij.rt.junit.IdeaTestRunner$Repeater$1.execute(IdeaTestRunner.java:38)
	at com.intellij.rt.execution.junit.TestsRepeater.repeat(TestsRepeater.java:11)
	at com.intellij.rt.junit.IdeaTestRunner$Repeater.startRunnerWithArgs(IdeaTestRunner.java:35)
	at com.intellij.rt.junit.JUnitStarter.prepareStreamsAndStart(JUnitStarter.java:232)
	at com.intellij.rt.junit.JUnitStarter.main(JUnitStarter.java:55)
2025-03-12 14:16:34 [main] INFO  l.insoft.uztis.tests.utils.TestUtils - Screenshot moved to C:\Users\ingrida.zadorozniene\Desktop\Asm\UZTIS\UZTIS_tests\test-output\screenshots\20250312\141634984_testFillNewDVPApplicationFA().png
2025-03-12 14:16:56 [main] INFO  lt.insoft.uztis.tests.UztisPageTest - Navigated to https://uztisdev.asseco.lt/home
2025-03-12 14:16:56 [main] INFO  l.i.u.t.SubmittedApplicationsPageTest - Starting test:'testFillNewDVPApplicationFA'
2025-03-12 14:16:57 [main] DEBUG l.i.u.t.SubmittedApplicationsPageTest - User logged in with test credentials.
2025-03-12 14:16:57 [main] DEBUG l.i.u.t.SubmittedApplicationsPageTest - Opened 'Application Processing' menu.
2025-03-12 14:16:57 [main] DEBUG l.i.u.t.SubmittedApplicationsPageTest - Clicked on 'Application Forms' menu.
2025-03-12 14:16:58 [main] DEBUG l.i.u.t.SubmittedApplicationsPageTest - Retrieved last description code text: 'TST-DVP-22'.
2025-03-12 14:16:58 [main] DEBUG l.i.u.t.SubmittedApplicationsPageTest - Clicked on 'Invitation' menu.
2025-03-12 14:16:59 [main] DEBUG l.i.u.t.SubmittedApplicationsPageTest - Selected application section by code: 'TST-DVP-22'.
2025-03-12 14:16:59 [main] DEBUG l.i.u.t.SubmittedApplicationsPageTest - Clicked 'Search' button.
2025-03-12 14:16:59 [main] DEBUG l.i.u.t.SubmittedApplicationsPageTest - Retrieved invitation code: ''.
2025-03-12 14:16:59 [main] DEBUG l.i.u.t.SubmittedApplicationsPageTest - Clicked on 'Submitted Applications' menu.
2025-03-12 14:17:00 [main] DEBUG l.i.u.t.SubmittedApplicationsPageTest - Selected invitation by code: 'TST-DVP-22'.
2025-03-12 14:17:00 [main] DEBUG l.i.u.t.SubmittedApplicationsPageTest - Invitation code inserted.
2025-03-12 14:17:00 [main] DEBUG l.i.u.t.SubmittedApplicationsPageTest - Clicked on 'Action Application' button.
2025-03-12 14:17:01 [main] DEBUG l.i.u.t.SubmittedApplicationsPageTest - Clicked on 'New Application' button.
2025-03-12 14:17:01 [main] DEBUG l.i.u.t.SubmittedApplicationsPageTest - Selected the 'RadioButtonFA' option.
2025-03-12 14:17:01 [main] DEBUG l.i.u.t.SubmittedApplicationsPageTest - Entered phone number: '61298745'.
2025-03-12 14:17:01 [main] DEBUG l.i.u.t.SubmittedApplicationsPageTest - Entered email: 'test@autotest.com'.
2025-03-12 14:17:02 [main] DEBUG l.i.u.t.SubmittedApplicationsPageTest - Checked 'For workplace adaptation' checkbox 1.
2025-03-12 14:17:02 [main] DEBUG l.i.u.t.SubmittedApplicationsPageTest - Checked 'For environmental adaptation' checkbox 2.
2025-03-12 14:17:02 [main] INFO  l.i.u.p.SubmittedApplicationsPage - Located the dropdown button.
2025-03-13 08:31:31 [main] INFO  lt.insoft.uztis.tests.UztisPageTest - Navigated to https://uztisdev.asseco.lt/home
2025-03-13 08:31:31 [main] INFO  l.i.u.t.SubmittedApplicationsPageTest - Starting test:'testFillNewVUIPApplicationFA'
2025-03-13 08:31:31 [main] DEBUG l.i.u.t.SubmittedApplicationsPageTest - User logged in with test credentials.
2025-03-13 08:31:32 [main] DEBUG l.i.u.t.SubmittedApplicationsPageTest - Opened 'Application Processing' menu.
2025-03-13 08:31:32 [main] DEBUG l.i.u.t.SubmittedApplicationsPageTest - Clicked on 'Application Forms' menu.
2025-03-13 08:31:32 [main] DEBUG l.i.u.t.SubmittedApplicationsPageTest - Retrieved last description code text: 'TST-VUI-52'.
2025-03-13 08:31:32 [main] DEBUG l.i.u.t.SubmittedApplicationsPageTest - Clicked on 'Invitation' menu.
2025-03-13 08:31:33 [main] DEBUG l.i.u.t.SubmittedApplicationsPageTest - Selected application section by code: 'TST-VUI-52'.
2025-03-13 08:31:34 [main] DEBUG l.i.u.t.SubmittedApplicationsPageTest - Clicked 'Search' button.
2025-03-13 08:31:34 [main] DEBUG l.i.u.t.SubmittedApplicationsPageTest - Retrieved invitation code: ''.
2025-03-13 08:31:34 [main] DEBUG l.i.u.t.SubmittedApplicationsPageTest - Clicked on 'Submitted Applications' menu.
2025-03-13 08:31:35 [main] DEBUG l.i.u.t.SubmittedApplicationsPageTest - Selected invitation by code: 'TST-VUI-52'.
2025-03-13 08:31:35 [main] DEBUG l.i.u.t.SubmittedApplicationsPageTest - Invitation code inserted.
2025-03-13 08:31:35 [main] DEBUG l.i.u.t.SubmittedApplicationsPageTest - Clicked on 'Action Application' button.
2025-03-13 08:31:36 [main] DEBUG l.i.u.t.SubmittedApplicationsPageTest - Clicked on 'New Application' button.
2025-03-13 08:31:36 [main] DEBUG l.i.u.t.SubmittedApplicationsPageTest - Selected the 'RadioButtonFA' option.
2025-03-13 08:31:36 [main] DEBUG l.i.u.t.SubmittedApplicationsPageTest - Entered phone number: '61298745'.
2025-03-13 08:31:36 [main] DEBUG l.i.u.t.SubmittedApplicationsPageTest - Entered email: 'test@autotest.com'.
2025-03-13 08:31:36 [main] INFO  l.i.u.p.SubmittedApplicationsPage - Clicking on the dropdown button.
2025-03-13 08:31:53 [main] INFO  l.i.u.p.SubmittedApplicationsPage - Found 1741 options in the dropdown.
2025-03-13 08:31:53 [main] DEBUG l.i.u.p.SubmittedApplicationsPage - Checking option: ''
2025-03-13 08:31:53 [main] DEBUG l.i.u.p.SubmittedApplicationsPage - Checking option: '01.11 - Grūdinių (išskyrus ryžius), ankštinių ir aliejingų sėklų augalų auginimas'
2025-03-13 08:31:53 [main] INFO  l.i.u.p.SubmittedApplicationsPage - Successfully selected the value: '01.11 - Grūdinių (išskyrus ryžius), ankštinių ir aliejingų sėklų augalų auginimas'
2025-03-13 08:31:53 [main] INFO  l.i.u.p.SubmittedApplicationsPage - Attempting to close the dropdown.
2025-03-13 08:31:54 [main] DEBUG l.i.u.t.SubmittedApplicationsPageTest - Selected EVRK value: '01.11 - Grūdinių (išskyrus ryžius), ankštinių ir aliejingų sėklų augalų auginimas'.
2025-03-13 08:31:54 [main] DEBUG l.i.u.t.SubmittedApplicationsPageTest - Clicked on 'Address Component' button.
2025-03-13 08:31:54 [main] INFO  l.i.u.p.SubmittedApplicationsPage - Located the dropdown button.
2025-03-13 08:31:57 [main] INFO  l.i.u.p.SubmittedApplicationsPage - Successfully selected the value: 'Lietuva'
2025-03-13 08:31:57 [main] DEBUG l.i.u.t.SubmittedApplicationsPageTest - Selected country: 'Lietuva'.
2025-03-13 08:31:57 [main] INFO  l.i.u.p.SubmittedApplicationsPage - Located the dropdown search field.
2025-03-13 08:31:57 [main] INFO  l.i.u.p.SubmittedApplicationsPage - Dropdown city is opened.
2025-03-13 08:31:58 [main] INFO  l.i.u.p.SubmittedApplicationsPage - Searched for value: 'Vilnius'
2025-03-13 08:31:59 [main] INFO  l.i.u.p.SubmittedApplicationsPage - Successfully selected: 'Vilnius'
2025-03-13 08:31:59 [main] INFO  l.i.u.p.SubmittedApplicationsPage - Located the dropdown button.
2025-03-13 08:31:59 [main] INFO  l.i.u.p.SubmittedApplicationsPage - Successfully selected the value: 'A. Domaševičiaus g.'
2025-03-13 08:31:59 [main] DEBUG l.i.u.t.SubmittedApplicationsPageTest - Selected street: 'A. Domaševičiaus g.'.
2025-03-13 08:31:59 [main] INFO  l.i.u.p.SubmittedApplicationsPage - Located the dropdown button.
2025-03-13 08:32:00 [main] INFO  l.i.u.p.SubmittedApplicationsPage - Successfully selected the value: '1'
2025-03-13 08:32:00 [main] DEBUG l.i.u.t.SubmittedApplicationsPageTest - Selected house: '1'.
2025-03-13 08:32:00 [main] INFO  l.i.u.p.SubmittedApplicationsPage - Located the dropdown button.
2025-03-13 08:32:00 [main] INFO  l.i.u.p.SubmittedApplicationsPage - Successfully selected the value: '1'
2025-03-13 08:32:00 [main] DEBUG l.i.u.t.SubmittedApplicationsPageTest - Selected apartment: '1'.
2025-03-13 08:32:00 [main] DEBUG l.i.u.t.SubmittedApplicationsPageTest - Clicked 'Confirm' button.
2025-03-13 08:32:00 [main] DEBUG l.i.u.t.SubmittedApplicationsPageTest - Entered project date.
2025-03-13 08:32:00 [main] DEBUG l.i.u.t.SubmittedApplicationsPageTest - Entered job count: '1'.
2025-03-13 08:32:01 [main] DEBUG l.i.u.t.SubmittedApplicationsPageTest - Clicked 'Next' button.
2025-03-13 08:32:01 [main] INFO  l.i.u.p.SubmittedApplicationsPage - Located the dropdown button.
2025-03-13 08:32:02 [main] INFO  l.i.u.p.SubmittedApplicationsPage - Successfully selected the value: 'Administratoriai'
2025-03-13 08:32:02 [main] DEBUG l.i.u.t.SubmittedApplicationsPageTest - Selected job name: 'Administratoriai'.
2025-03-13 08:32:02 [main] DEBUG l.i.u.t.SubmittedApplicationsPageTest - Entered job function: 'Funkcija 1'.
2025-03-13 08:32:02 [main] DEBUG l.i.u.t.SubmittedApplicationsPageTest - Selected 'RadioButtonWithDisabilities' option.
2025-03-13 08:32:02 [main] INFO  l.i.u.p.SubmittedApplicationsPage - Clicking on the dropdown button.
2025-03-13 08:32:03 [main] INFO  l.i.u.p.SubmittedApplicationsPage - Found 34 options in the dropdown.
2025-03-13 08:32:03 [main] DEBUG l.i.u.p.SubmittedApplicationsPage - Checking option: 'Asmenys, kuriems suteiktas pabėgėlio statusas ar perkeliamojo asmens statusas, arba asmenys, kuriems suteikta papildoma ar laikinoji apsauga, ir asmenys, turintys teisę gauti laikinąją apsaugą, iki sprendimo dėl laikinosios apsaugos suteikimo (nesuteikimo) priėmimo, tačiau ne ilgiau kaip laikinosios apsaugos laikotarpiu'
2025-03-13 08:32:03 [main] DEBUG l.i.u.p.SubmittedApplicationsPage - Checking option: 'Asmenys, kuriems suteiktas pabėgėlio statusas ar perkeliamojo asmens statusas, arba asmenys, kuriems suteikta papildoma ar laikinoji apsauga, ir asmenys, turintys teisę gauti laikinąją apsaugą, iki sprendimo dėl laikinosios apsaugos suteikimo (nesuteikimo) priėmimo, tačiau ne ilgiau kaip laikinosios apsaugos laikotarpiu'
2025-03-13 08:32:03 [main] DEBUG l.i.u.p.SubmittedApplicationsPage - Checking option: 'Asmenys, turintys teisę į papildomas užimtumo garantijas pagal Lietuvos Respublikos valstybės įmonės Ignalinos atominės elektrinės darbuotojų papildomų užimtumo ir socialinių garantijų įstatymą'
2025-03-13 08:32:03 [main] DEBUG l.i.u.p.SubmittedApplicationsPage - Checking option: 'Asmenys, turintys teisę į papildomas užimtumo garantijas pagal Lietuvos Respublikos valstybės įmonės Ignalinos atominės elektrinės darbuotojų papildomų užimtumo ir socialinių garantijų įstatymą'
2025-03-13 08:32:03 [main] DEBUG l.i.u.p.SubmittedApplicationsPage - Checking option: 'Bedarbiai iki 29 metų'
2025-03-13 08:32:03 [main] DEBUG l.i.u.p.SubmittedApplicationsPage - Checking option: 'Bedarbiai iki 29 metų'
2025-03-13 08:32:03 [main] DEBUG l.i.u.p.SubmittedApplicationsPage - Checking option: 'Bedarbiai, kurie yra darbingo amžiaus neįgalieji, kuriems nustatytas 30–40 procentų darbingumo lygis arba vidutinis neįgalumo lygis'
2025-03-13 08:32:03 [main] DEBUG l.i.u.p.SubmittedApplicationsPage - Checking option: 'Bedarbiai, kurie yra darbingo amžiaus neįgalieji, kuriems nustatytas 30–40 procentų darbingumo lygis arba vidutinis neįgalumo lygis'
2025-03-13 08:32:03 [main] DEBUG l.i.u.p.SubmittedApplicationsPage - Checking option: 'Bedarbiai, kurie yra darbingo amžiaus neįgalieji, kuriems nustatytas 45–55 procentų darbingumo lygis arba lengvas neįgalumo lygis'
2025-03-13 08:32:03 [main] DEBUG l.i.u.p.SubmittedApplicationsPage - Checking option: 'Bedarbiai, kurie yra darbingo amžiaus neįgalieji, kuriems nustatytas 45–55 procentų darbingumo lygis arba lengvas neįgalumo lygis'
2025-03-13 08:32:03 [main] DEBUG l.i.u.p.SubmittedApplicationsPage - Checking option: 'Bedarbiai, kurie yra darbingo amžiaus neįgalieji, kuriems nustatytas iki 25 procentų darbingumo lygis arba sunkus neįgalumo lygis'
2025-03-13 08:32:03 [main] INFO  l.i.u.p.SubmittedApplicationsPage - Successfully selected the value: 'Bedarbiai, kurie yra darbingo amžiaus neįgalieji, kuriems nustatytas iki 25 procentų darbingumo lygis arba sunkus neįgalumo lygis'
2025-03-13 08:32:03 [main] INFO  l.i.u.p.SubmittedApplicationsPage - Attempting to close the dropdown.
2025-03-13 08:32:03 [main] DEBUG l.i.u.t.SubmittedApplicationsPageTest - Selected disabilities type: 'Bedarbiai, kurie yra darbingo amžiaus neįgalieji, kuriems nustatytas iki 25 procentų darbingumo lygis arba sunkus neįgalumo lygis'.
2025-03-13 08:32:04 [main] DEBUG l.i.u.t.SubmittedApplicationsPageTest - Entered disability information: 'Negalia 1'.
2025-03-13 08:32:04 [main] INFO  l.i.u.p.SubmittedApplicationsPage - Located the dropdown button.
2025-03-13 08:32:05 [main] INFO  l.i.u.p.SubmittedApplicationsPage - Successfully selected the value: 'Kita'
2025-03-13 08:32:05 [main] DEBUG l.i.u.t.SubmittedApplicationsPageTest - Selected time mode: 'Kita'.
2025-03-13 08:32:05 [main] DEBUG l.i.u.t.SubmittedApplicationsPageTest - Selected time mode other: '6 val. per dieną ir 4 d. per savaitę'.
2025-03-13 08:32:05 [main] DEBUG l.i.u.t.SubmittedApplicationsPageTest - Entered qualification: 'Kvalifikacija 1'.
2025-03-13 08:32:05 [main] DEBUG l.i.u.t.SubmittedApplicationsPageTest - Entered job date.
2025-03-13 08:32:06 [main] DEBUG l.i.u.t.SubmittedApplicationsPageTest - Entered salary amount: '1200'.
2025-03-13 08:32:06 [main] DEBUG l.i.u.t.SubmittedApplicationsPageTest - Selected 'Temporary Job' radio button.
2025-03-13 08:32:06 [main] DEBUG l.i.u.t.SubmittedApplicationsPageTest - Selected 'Season Job' radio button.
2025-03-13 08:32:06 [main] DEBUG l.i.u.t.SubmittedApplicationsPageTest - Selected 'Energy' radio button.
2025-03-13 08:32:06 [main] DEBUG l.i.u.t.SubmittedApplicationsPageTest - Selected 'Repair' radio button.
2025-03-13 08:32:06 [main] DEBUG l.i.u.t.SubmittedApplicationsPageTest - Entered job description: 'Veikla 1'.
2025-03-13 08:32:07 [main] DEBUG l.i.u.t.SubmittedApplicationsPageTest - Entered process description: 'Procesas 1'.
2025-03-13 08:32:07 [main] DEBUG l.i.u.t.SubmittedApplicationsPageTest - Entered energy information: 'Energija 1'.
2025-03-13 08:32:07 [main] DEBUG l.i.u.t.SubmittedApplicationsPageTest - Entered repair information: 'Remontas 1'.
2025-03-13 08:32:07 [main] DEBUG l.i.u.t.SubmittedApplicationsPageTest - Selected 'PVM' radio button.
2025-03-13 08:32:07 [main] INFO  l.i.u.p.SubmittedApplicationsPage - Located the dropdown button.
2025-03-13 08:32:08 [main] INFO  l.i.u.p.SubmittedApplicationsPage - Successfully selected the value: 'Įsigyti'
2025-03-13 08:32:08 [main] DEBUG l.i.u.t.SubmittedApplicationsPageTest - Selected necessary for job: 'Įsigyti'.
2025-03-13 08:32:08 [main] DEBUG l.i.u.t.SubmittedApplicationsPageTest - Selected tool: 'Darbo priemonė 1'.
2025-03-13 08:32:09 [main] DEBUG l.i.u.t.SubmittedApplicationsPageTest - Selected tool parameter one: 'Darbo priemonės 1 parametras 1'.
2025-03-13 08:32:09 [main] DEBUG l.i.u.t.SubmittedApplicationsPageTest - Selected tool parameter two: 'Darbo priemonės 1 parametras 2'.
2025-03-13 08:32:09 [main] DEBUG l.i.u.t.SubmittedApplicationsPageTest - Selected tool parameter three: 'Darbo priemonės 1 parametras 3'.
2025-03-13 08:32:09 [main] DEBUG l.i.u.t.SubmittedApplicationsPageTest - Entered tool count: '1'.
2025-03-13 08:32:09 [main] DEBUG l.i.u.t.SubmittedApplicationsPageTest - Entered price amount 1: '1000'.
2025-03-13 08:32:10 [main] DEBUG l.i.u.t.SubmittedApplicationsPageTest - Entered own funds amount 1: '800'.
2025-03-13 08:32:10 [main] DEBUG l.i.u.t.SubmittedApplicationsPageTest - Clicked 'Add' button.
2025-03-13 08:32:10 [main] INFO  l.i.u.p.SubmittedApplicationsPage - Located the dropdown button.
2025-03-13 08:32:10 [main] INFO  l.i.u.p.SubmittedApplicationsPage - Successfully selected the value: 'Remontuoti'
2025-03-13 08:32:10 [main] DEBUG l.i.u.t.SubmittedApplicationsPageTest - Selected necessary for job 'to repair': 'Remontuoti'.
2025-03-13 08:32:11 [main] DEBUG l.i.u.t.SubmittedApplicationsPageTest - Selected repair name: 'Remonto pavadinimas 1'.
2025-03-13 08:32:11 [main] DEBUG l.i.u.t.SubmittedApplicationsPageTest - Entered repair information: 'Remonto aprašymas 1'.
2025-03-13 08:32:11 [main] DEBUG l.i.u.t.SubmittedApplicationsPageTest - Entered price amount 2: '1000'.
2025-03-13 08:32:11 [main] DEBUG l.i.u.t.SubmittedApplicationsPageTest - Entered own funds amount 2: '900'.
2025-03-13 08:32:12 [main] DEBUG l.i.u.t.SubmittedApplicationsPageTest - Entered country percentage: '50'.
2025-03-13 08:32:12 [main] DEBUG l.i.u.t.SubmittedApplicationsPageTest - Entered institution percentage: '50'.
2025-03-13 08:32:12 [main] DEBUG l.i.u.t.SubmittedApplicationsPageTest - Entered municipality percentage: '50'.
2025-03-13 08:32:12 [main] DEBUG l.i.u.t.SubmittedApplicationsPageTest - Selected 'De Minimis' radio button.
2025-03-13 08:32:12 [main] DEBUG l.i.u.t.SubmittedApplicationsPageTest - Entered program name: 'Programa 1'.
2025-03-13 08:32:13 [main] DEBUG l.i.u.t.SubmittedApplicationsPageTest - Entered project date from.
2025-03-13 08:32:13 [main] DEBUG l.i.u.t.SubmittedApplicationsPageTest - Entered project date until.
2025-03-13 08:32:13 [main] DEBUG l.i.u.t.SubmittedApplicationsPageTest - Entered support amount: '2000'.
2025-03-13 08:32:13 [main] DEBUG l.i.u.t.SubmittedApplicationsPageTest - Clicked 'Next' button.
2025-03-13 08:32:23 [main] DEBUG l.i.u.t.SubmittedApplicationsPageTest - Checked 'Legal Entities' checkbox 1.
2025-03-13 08:32:33 [main] DEBUG l.i.u.t.SubmittedApplicationsPageTest - Checked 'Legal Entities' checkbox 2.
2025-03-13 08:32:44 [main] DEBUG l.i.u.t.SubmittedApplicationsPageTest - Checked 'Legal Entities' checkbox 3.
2025-03-13 08:32:44 [main] DEBUG l.i.u.t.SubmittedApplicationsPageTest - Test finished: All 'Legal Entities' checkboxes checked successfully.
2025-03-13 08:32:44 [main] DEBUG l.i.u.t.SubmittedApplicationsPageTest - Clicked 'Next' button after checkboxes.
2025-03-13 08:32:54 [main] ERROR l.i.u.p.SubmittedApplicationsPage - Error selecting radio button: Expected condition failed: waiting for element to be clickable: By.xpath: (//input[@type='radio' and @value='false'])[8] (tried for 10 second(s) with 500 milliseconds interval)
Build info: version: '4.27.0', revision: 'd6e718d134'
System info: os.name: 'Windows 11', os.arch: 'amd64', os.version: '10.0', java.version: '21.0.3'
Driver info: org.openqa.selenium.chrome.ChromeDriver
Capabilities {acceptInsecureCerts: false, browserName: chrome, browserVersion: 134.0.6998.89, chrome: {chromedriverVersion: 134.0.6998.88 (7e3d5c978c6d..., userDataDir: C:\Users\INGRID~1.ZAD\AppDa...}, fedcm:accounts: true, goog:chromeOptions: {debuggerAddress: localhost:63361}, networkConnectionEnabled: false, pageLoadStrategy: normal, platformName: windows, proxy: Proxy(), se:cdp: ws://localhost:63361/devtoo..., se:cdpVersion: 134.0.6998.89, setWindowRect: true, strictFileInteractability: false, timeouts: {implicit: 0, pageLoad: 300000, script: 30000}, unhandledPromptBehavior: dismiss and notify, webauthn:extension:credBlob: true, webauthn:extension:largeBlob: true, webauthn:extension:minPinLength: true, webauthn:extension:prf: true, webauthn:virtualAuthenticators: true}
Session ID: e6a5c730a63355334981568f1db7afe4
2025-03-13 08:32:54 [main] INFO  l.i.u.t.SubmittedApplicationsPageTest - Marking 'Ne' radio button 1
2025-03-13 08:33:04 [main] ERROR l.i.u.p.SubmittedApplicationsPage - Error selecting radio button: Expected condition failed: waiting for element to be clickable: By.xpath: (//input[@type='radio' and @value='false'])[9] (tried for 10 second(s) with 500 milliseconds interval)
Build info: version: '4.27.0', revision: 'd6e718d134'
System info: os.name: 'Windows 11', os.arch: 'amd64', os.version: '10.0', java.version: '21.0.3'
Driver info: org.openqa.selenium.chrome.ChromeDriver
Capabilities {acceptInsecureCerts: false, browserName: chrome, browserVersion: 134.0.6998.89, chrome: {chromedriverVersion: 134.0.6998.88 (7e3d5c978c6d..., userDataDir: C:\Users\INGRID~1.ZAD\AppDa...}, fedcm:accounts: true, goog:chromeOptions: {debuggerAddress: localhost:63361}, networkConnectionEnabled: false, pageLoadStrategy: normal, platformName: windows, proxy: Proxy(), se:cdp: ws://localhost:63361/devtoo..., se:cdpVersion: 134.0.6998.89, setWindowRect: true, strictFileInteractability: false, timeouts: {implicit: 0, pageLoad: 300000, script: 30000}, unhandledPromptBehavior: dismiss and notify, webauthn:extension:credBlob: true, webauthn:extension:largeBlob: true, webauthn:extension:minPinLength: true, webauthn:extension:prf: true, webauthn:virtualAuthenticators: true}
Session ID: e6a5c730a63355334981568f1db7afe4
2025-03-13 08:33:04 [main] INFO  l.i.u.t.SubmittedApplicationsPageTest - Marking 'Ne' radio button 2
2025-03-13 08:33:14 [main] ERROR l.i.u.p.SubmittedApplicationsPage - Error selecting radio button: Expected condition failed: waiting for element to be clickable: By.xpath: (//input[@type='radio' and @value='false'])[10] (tried for 10 second(s) with 500 milliseconds interval)
Build info: version: '4.27.0', revision: 'd6e718d134'
System info: os.name: 'Windows 11', os.arch: 'amd64', os.version: '10.0', java.version: '21.0.3'
Driver info: org.openqa.selenium.chrome.ChromeDriver
Capabilities {acceptInsecureCerts: false, browserName: chrome, browserVersion: 134.0.6998.89, chrome: {chromedriverVersion: 134.0.6998.88 (7e3d5c978c6d..., userDataDir: C:\Users\INGRID~1.ZAD\AppDa...}, fedcm:accounts: true, goog:chromeOptions: {debuggerAddress: localhost:63361}, networkConnectionEnabled: false, pageLoadStrategy: normal, platformName: windows, proxy: Proxy(), se:cdp: ws://localhost:63361/devtoo..., se:cdpVersion: 134.0.6998.89, setWindowRect: true, strictFileInteractability: false, timeouts: {implicit: 0, pageLoad: 300000, script: 30000}, unhandledPromptBehavior: dismiss and notify, webauthn:extension:credBlob: true, webauthn:extension:largeBlob: true, webauthn:extension:minPinLength: true, webauthn:extension:prf: true, webauthn:virtualAuthenticators: true}
Session ID: e6a5c730a63355334981568f1db7afe4
2025-03-13 08:33:14 [main] INFO  l.i.u.t.SubmittedApplicationsPageTest - Marking 'Ne' radio button 3
2025-03-13 08:33:24 [main] ERROR l.i.u.p.SubmittedApplicationsPage - Error selecting radio button: Expected condition failed: waiting for element to be clickable: By.xpath: (//input[@type='radio' and @value='false'])[11] (tried for 10 second(s) with 500 milliseconds interval)
Build info: version: '4.27.0', revision: 'd6e718d134'
System info: os.name: 'Windows 11', os.arch: 'amd64', os.version: '10.0', java.version: '21.0.3'
Driver info: org.openqa.selenium.chrome.ChromeDriver
Capabilities {acceptInsecureCerts: false, browserName: chrome, browserVersion: 134.0.6998.89, chrome: {chromedriverVersion: 134.0.6998.88 (7e3d5c978c6d..., userDataDir: C:\Users\INGRID~1.ZAD\AppDa...}, fedcm:accounts: true, goog:chromeOptions: {debuggerAddress: localhost:63361}, networkConnectionEnabled: false, pageLoadStrategy: normal, platformName: windows, proxy: Proxy(), se:cdp: ws://localhost:63361/devtoo..., se:cdpVersion: 134.0.6998.89, setWindowRect: true, strictFileInteractability: false, timeouts: {implicit: 0, pageLoad: 300000, script: 30000}, unhandledPromptBehavior: dismiss and notify, webauthn:extension:credBlob: true, webauthn:extension:largeBlob: true, webauthn:extension:minPinLength: true, webauthn:extension:prf: true, webauthn:virtualAuthenticators: true}
Session ID: e6a5c730a63355334981568f1db7afe4
2025-03-13 08:33:24 [main] INFO  l.i.u.t.SubmittedApplicationsPageTest - Marking 'Ne' radio button 4
2025-03-13 08:33:34 [main] ERROR l.i.u.p.SubmittedApplicationsPage - Error selecting radio button: Expected condition failed: waiting for element to be clickable: By.xpath: (//input[@type='radio' and @value='false'])[12] (tried for 10 second(s) with 500 milliseconds interval)
Build info: version: '4.27.0', revision: 'd6e718d134'
System info: os.name: 'Windows 11', os.arch: 'amd64', os.version: '10.0', java.version: '21.0.3'
Driver info: org.openqa.selenium.chrome.ChromeDriver
Capabilities {acceptInsecureCerts: false, browserName: chrome, browserVersion: 134.0.6998.89, chrome: {chromedriverVersion: 134.0.6998.88 (7e3d5c978c6d..., userDataDir: C:\Users\INGRID~1.ZAD\AppDa...}, fedcm:accounts: true, goog:chromeOptions: {debuggerAddress: localhost:63361}, networkConnectionEnabled: false, pageLoadStrategy: normal, platformName: windows, proxy: Proxy(), se:cdp: ws://localhost:63361/devtoo..., se:cdpVersion: 134.0.6998.89, setWindowRect: true, strictFileInteractability: false, timeouts: {implicit: 0, pageLoad: 300000, script: 30000}, unhandledPromptBehavior: dismiss and notify, webauthn:extension:credBlob: true, webauthn:extension:largeBlob: true, webauthn:extension:minPinLength: true, webauthn:extension:prf: true, webauthn:virtualAuthenticators: true}
Session ID: e6a5c730a63355334981568f1db7afe4
2025-03-13 08:33:34 [main] INFO  l.i.u.t.SubmittedApplicationsPageTest - Marking 'Ne' radio button 5
2025-03-13 08:33:44 [main] ERROR l.i.u.p.SubmittedApplicationsPage - Error selecting radio button: Expected condition failed: waiting for element to be clickable: By.xpath: (//input[@type='radio' and @value='false'])[13] (tried for 10 second(s) with 500 milliseconds interval)
Build info: version: '4.27.0', revision: 'd6e718d134'
System info: os.name: 'Windows 11', os.arch: 'amd64', os.version: '10.0', java.version: '21.0.3'
Driver info: org.openqa.selenium.chrome.ChromeDriver
Capabilities {acceptInsecureCerts: false, browserName: chrome, browserVersion: 134.0.6998.89, chrome: {chromedriverVersion: 134.0.6998.88 (7e3d5c978c6d..., userDataDir: C:\Users\INGRID~1.ZAD\AppDa...}, fedcm:accounts: true, goog:chromeOptions: {debuggerAddress: localhost:63361}, networkConnectionEnabled: false, pageLoadStrategy: normal, platformName: windows, proxy: Proxy(), se:cdp: ws://localhost:63361/devtoo..., se:cdpVersion: 134.0.6998.89, setWindowRect: true, strictFileInteractability: false, timeouts: {implicit: 0, pageLoad: 300000, script: 30000}, unhandledPromptBehavior: dismiss and notify, webauthn:extension:credBlob: true, webauthn:extension:largeBlob: true, webauthn:extension:minPinLength: true, webauthn:extension:prf: true, webauthn:virtualAuthenticators: true}
Session ID: e6a5c730a63355334981568f1db7afe4
2025-03-13 08:33:44 [main] INFO  l.i.u.t.SubmittedApplicationsPageTest - Marking 'Ne' radio button 6
2025-03-13 08:33:54 [main] ERROR l.i.u.p.SubmittedApplicationsPage - Error selecting radio button: Expected condition failed: waiting for element to be clickable: By.xpath: (//input[@type='radio' and @value='true'])[14] (tried for 10 second(s) with 500 milliseconds interval)
Build info: version: '4.27.0', revision: 'd6e718d134'
System info: os.name: 'Windows 11', os.arch: 'amd64', os.version: '10.0', java.version: '21.0.3'
Driver info: org.openqa.selenium.chrome.ChromeDriver
Capabilities {acceptInsecureCerts: false, browserName: chrome, browserVersion: 134.0.6998.89, chrome: {chromedriverVersion: 134.0.6998.88 (7e3d5c978c6d..., userDataDir: C:\Users\INGRID~1.ZAD\AppDa...}, fedcm:accounts: true, goog:chromeOptions: {debuggerAddress: localhost:63361}, networkConnectionEnabled: false, pageLoadStrategy: normal, platformName: windows, proxy: Proxy(), se:cdp: ws://localhost:63361/devtoo..., se:cdpVersion: 134.0.6998.89, setWindowRect: true, strictFileInteractability: false, timeouts: {implicit: 0, pageLoad: 300000, script: 30000}, unhandledPromptBehavior: dismiss and notify, webauthn:extension:credBlob: true, webauthn:extension:largeBlob: true, webauthn:extension:minPinLength: true, webauthn:extension:prf: true, webauthn:virtualAuthenticators: true}
Session ID: e6a5c730a63355334981568f1db7afe4
2025-03-13 08:33:54 [main] INFO  l.i.u.t.SubmittedApplicationsPageTest - Marking 'Taip' radio button 7
2025-03-13 08:34:04 [main] ERROR l.i.u.p.SubmittedApplicationsPage - Error selecting radio button: Expected condition failed: waiting for element to be clickable: By.xpath: (//input[@type='radio' and @value='true'])[15] (tried for 10 second(s) with 500 milliseconds interval)
Build info: version: '4.27.0', revision: 'd6e718d134'
System info: os.name: 'Windows 11', os.arch: 'amd64', os.version: '10.0', java.version: '21.0.3'
Driver info: org.openqa.selenium.chrome.ChromeDriver
Capabilities {acceptInsecureCerts: false, browserName: chrome, browserVersion: 134.0.6998.89, chrome: {chromedriverVersion: 134.0.6998.88 (7e3d5c978c6d..., userDataDir: C:\Users\INGRID~1.ZAD\AppDa...}, fedcm:accounts: true, goog:chromeOptions: {debuggerAddress: localhost:63361}, networkConnectionEnabled: false, pageLoadStrategy: normal, platformName: windows, proxy: Proxy(), se:cdp: ws://localhost:63361/devtoo..., se:cdpVersion: 134.0.6998.89, setWindowRect: true, strictFileInteractability: false, timeouts: {implicit: 0, pageLoad: 300000, script: 30000}, unhandledPromptBehavior: dismiss and notify, webauthn:extension:credBlob: true, webauthn:extension:largeBlob: true, webauthn:extension:minPinLength: true, webauthn:extension:prf: true, webauthn:virtualAuthenticators: true}
Session ID: e6a5c730a63355334981568f1db7afe4
2025-03-13 08:34:04 [main] INFO  l.i.u.t.SubmittedApplicationsPageTest - Marking 'Taip' radio button 8
2025-03-13 08:34:14 [main] ERROR l.i.u.p.SubmittedApplicationsPage - Error selecting radio button: Expected condition failed: waiting for element to be clickable: By.xpath: (//input[@type='radio' and @value='true'])[16] (tried for 10 second(s) with 500 milliseconds interval)
Build info: version: '4.27.0', revision: 'd6e718d134'
System info: os.name: 'Windows 11', os.arch: 'amd64', os.version: '10.0', java.version: '21.0.3'
Driver info: org.openqa.selenium.chrome.ChromeDriver
Capabilities {acceptInsecureCerts: false, browserName: chrome, browserVersion: 134.0.6998.89, chrome: {chromedriverVersion: 134.0.6998.88 (7e3d5c978c6d..., userDataDir: C:\Users\INGRID~1.ZAD\AppDa...}, fedcm:accounts: true, goog:chromeOptions: {debuggerAddress: localhost:63361}, networkConnectionEnabled: false, pageLoadStrategy: normal, platformName: windows, proxy: Proxy(), se:cdp: ws://localhost:63361/devtoo..., se:cdpVersion: 134.0.6998.89, setWindowRect: true, strictFileInteractability: false, timeouts: {implicit: 0, pageLoad: 300000, script: 30000}, unhandledPromptBehavior: dismiss and notify, webauthn:extension:credBlob: true, webauthn:extension:largeBlob: true, webauthn:extension:minPinLength: true, webauthn:extension:prf: true, webauthn:virtualAuthenticators: true}
Session ID: e6a5c730a63355334981568f1db7afe4
2025-03-13 08:34:14 [main] INFO  l.i.u.t.SubmittedApplicationsPageTest - Marking 'Taip' radio button 9
2025-03-13 08:34:24 [main] ERROR l.i.u.p.SubmittedApplicationsPage - Error selecting radio button: Expected condition failed: waiting for element to be clickable: By.xpath: (//input[@type='radio' and @value='true'])[17] (tried for 10 second(s) with 500 milliseconds interval)
Build info: version: '4.27.0', revision: 'd6e718d134'
System info: os.name: 'Windows 11', os.arch: 'amd64', os.version: '10.0', java.version: '21.0.3'
Driver info: org.openqa.selenium.chrome.ChromeDriver
Capabilities {acceptInsecureCerts: false, browserName: chrome, browserVersion: 134.0.6998.89, chrome: {chromedriverVersion: 134.0.6998.88 (7e3d5c978c6d..., userDataDir: C:\Users\INGRID~1.ZAD\AppDa...}, fedcm:accounts: true, goog:chromeOptions: {debuggerAddress: localhost:63361}, networkConnectionEnabled: false, pageLoadStrategy: normal, platformName: windows, proxy: Proxy(), se:cdp: ws://localhost:63361/devtoo..., se:cdpVersion: 134.0.6998.89, setWindowRect: true, strictFileInteractability: false, timeouts: {implicit: 0, pageLoad: 300000, script: 30000}, unhandledPromptBehavior: dismiss and notify, webauthn:extension:credBlob: true, webauthn:extension:largeBlob: true, webauthn:extension:minPinLength: true, webauthn:extension:prf: true, webauthn:virtualAuthenticators: true}
Session ID: e6a5c730a63355334981568f1db7afe4
2025-03-13 08:34:24 [main] INFO  l.i.u.t.SubmittedApplicationsPageTest - Marking 'Taip' radio button 10
2025-03-13 08:34:34 [main] ERROR l.i.u.p.SubmittedApplicationsPage - Error selecting radio button: Expected condition failed: waiting for element to be clickable: By.xpath: (//input[@type='radio' and @value='true'])[18] (tried for 10 second(s) with 500 milliseconds interval)
Build info: version: '4.27.0', revision: 'd6e718d134'
System info: os.name: 'Windows 11', os.arch: 'amd64', os.version: '10.0', java.version: '21.0.3'
Driver info: org.openqa.selenium.chrome.ChromeDriver
Capabilities {acceptInsecureCerts: false, browserName: chrome, browserVersion: 134.0.6998.89, chrome: {chromedriverVersion: 134.0.6998.88 (7e3d5c978c6d..., userDataDir: C:\Users\INGRID~1.ZAD\AppDa...}, fedcm:accounts: true, goog:chromeOptions: {debuggerAddress: localhost:63361}, networkConnectionEnabled: false, pageLoadStrategy: normal, platformName: windows, proxy: Proxy(), se:cdp: ws://localhost:63361/devtoo..., se:cdpVersion: 134.0.6998.89, setWindowRect: true, strictFileInteractability: false, timeouts: {implicit: 0, pageLoad: 300000, script: 30000}, unhandledPromptBehavior: dismiss and notify, webauthn:extension:credBlob: true, webauthn:extension:largeBlob: true, webauthn:extension:minPinLength: true, webauthn:extension:prf: true, webauthn:virtualAuthenticators: true}
Session ID: e6a5c730a63355334981568f1db7afe4
2025-03-13 08:34:34 [main] INFO  l.i.u.t.SubmittedApplicationsPageTest - Marking 'Taip' radio button 11
2025-03-13 08:34:44 [main] ERROR l.i.u.p.SubmittedApplicationsPage - Error selecting radio button: Expected condition failed: waiting for element to be clickable: By.xpath: (//input[@type='radio' and @value='true'])[19] (tried for 10 second(s) with 500 milliseconds interval)
Build info: version: '4.27.0', revision: 'd6e718d134'
System info: os.name: 'Windows 11', os.arch: 'amd64', os.version: '10.0', java.version: '21.0.3'
Driver info: org.openqa.selenium.chrome.ChromeDriver
Capabilities {acceptInsecureCerts: false, browserName: chrome, browserVersion: 134.0.6998.89, chrome: {chromedriverVersion: 134.0.6998.88 (7e3d5c978c6d..., userDataDir: C:\Users\INGRID~1.ZAD\AppDa...}, fedcm:accounts: true, goog:chromeOptions: {debuggerAddress: localhost:63361}, networkConnectionEnabled: false, pageLoadStrategy: normal, platformName: windows, proxy: Proxy(), se:cdp: ws://localhost:63361/devtoo..., se:cdpVersion: 134.0.6998.89, setWindowRect: true, strictFileInteractability: false, timeouts: {implicit: 0, pageLoad: 300000, script: 30000}, unhandledPromptBehavior: dismiss and notify, webauthn:extension:credBlob: true, webauthn:extension:largeBlob: true, webauthn:extension:minPinLength: true, webauthn:extension:prf: true, webauthn:virtualAuthenticators: true}
Session ID: e6a5c730a63355334981568f1db7afe4
2025-03-13 08:34:44 [main] INFO  l.i.u.t.SubmittedApplicationsPageTest - Marking 'Taip' radio button 12
2025-03-13 08:34:55 [main] DEBUG l.i.u.t.SubmittedApplicationsPageTest - Checked 'ConfirmationStepFour'
2025-03-13 08:34:55 [main] DEBUG l.i.u.t.SubmittedApplicationsPageTest - Clicked 'Next' button after checkboxes.
2025-03-13 08:34:55 [main] INFO  l.i.u.p.SubmittedApplicationsPage - File uploaded successfully to an input element.
2025-03-13 08:34:55 [main] INFO  l.i.u.p.SubmittedApplicationsPage - File uploaded successfully to an input element.
2025-03-13 08:34:55 [main] INFO  l.i.u.p.SubmittedApplicationsPage - File uploaded successfully to an input element.
2025-03-13 08:34:55 [main] INFO  l.i.u.p.SubmittedApplicationsPage - File uploaded successfully to an input element.
2025-03-13 08:34:55 [main] INFO  l.i.u.p.SubmittedApplicationsPage - File uploaded successfully to an input element.
2025-03-13 08:34:55 [main] INFO  l.i.u.p.SubmittedApplicationsPage - File uploaded successfully to an input element.
2025-03-13 08:34:55 [main] INFO  l.i.u.p.SubmittedApplicationsPage - File uploaded successfully to an input element.
2025-03-13 08:34:55 [main] INFO  l.i.u.p.SubmittedApplicationsPage - File uploaded successfully to an input element.
2025-03-13 08:34:55 [main] INFO  l.i.u.p.SubmittedApplicationsPage - File uploaded successfully to an input element.
2025-03-13 08:34:55 [main] INFO  l.i.u.p.SubmittedApplicationsPage - File uploaded successfully to an input element.
2025-03-13 08:34:56 [main] DEBUG l.i.u.t.SubmittedApplicationsPageTest - Entered program name: 'Dokumentas 1'.
2025-03-13 08:34:56 [main] DEBUG l.i.u.t.SubmittedApplicationsPageTest - Entered program name: 'Dokumentas 2'.
2025-03-13 08:34:56 [main] DEBUG l.i.u.t.SubmittedApplicationsPageTest - Entered program name: 'Dokumentas 3'.
2025-03-13 08:34:56 [main] DEBUG l.i.u.t.SubmittedApplicationsPageTest - Entered program name: 'Dokumentas 4'.
2025-03-13 08:34:56 [main] DEBUG l.i.u.t.SubmittedApplicationsPageTest - Entered program name: 'Dokumentas 5'.
2025-03-13 08:34:56 [main] DEBUG l.i.u.t.SubmittedApplicationsPageTest - Entered program name: 'Dokumentas 6'.
2025-03-13 08:34:56 [main] DEBUG l.i.u.t.SubmittedApplicationsPageTest - Entered program name: 'Dokumentas 4'.
2025-03-13 08:34:56 [main] DEBUG l.i.u.t.SubmittedApplicationsPageTest - Entered program name: 'Dokumentas 8'.
2025-03-13 08:34:57 [main] DEBUG l.i.u.t.SubmittedApplicationsPageTest - Entered program name: 'Dokumentas 9'.
2025-03-13 08:34:57 [main] DEBUG l.i.u.t.SubmittedApplicationsPageTest - Entered program name: 'Dokumentas 10'.
2025-03-13 08:35:07 [main] DEBUG l.i.u.t.SubmittedApplicationsPageTest - Checked 'ConfirmationDocument'
2025-03-13 08:35:17 [main] DEBUG l.i.u.t.SubmittedApplicationsPageTest - Checked 'ConfirmationApplication'
2025-03-13 08:35:17 [main] DEBUG l.i.u.t.SubmittedApplicationsPageTest - Clicked 'SaveDraft' button after checkboxes.
2025-03-13 08:35:17 [main] DEBUG l.i.uztis.pages.ApplicationFormsPage - Verified success message: 'Ruošinys sėkmingai išsaugotas.'
2025-03-13 08:35:17 [main] INFO  l.i.u.t.SubmittedApplicationsPageTest - Verified success message
2025-03-13 08:35:17 [main] DEBUG l.i.u.t.SubmittedApplicationsPageTest - Clicked 'Review' button after checkboxes.
2025-03-13 08:35:18 [main] DEBUG l.i.u.t.SubmittedApplicationsPageTest - Clicked 'Submit' button after checkboxes.
2025-03-13 08:35:18 [main] DEBUG l.i.u.t.SubmittedApplicationsPageTest - Clicked 'SubmitConfirmation' button after checkboxes.
2025-03-13 08:35:18 [main] ERROR l.i.uztis.pages.ApplicationFormsPage - Failed to verify the success message: 'Paraiška sėkmingai pateikta ir užregistruota.'. Available messages: [Ruošinys sėkmingai išsaugotas.]
2025-03-13 08:35:18 [main] INFO  l.i.u.t.SubmittedApplicationsPageTest - Test 'testFillNewVUIApplicationFA' completed successfully.
2025-03-13 10:13:21 [main] INFO  lt.insoft.uztis.tests.UztisPageTest - Navigated to https://uztisdev.asseco.lt/home
2025-03-13 10:13:21 [main] INFO  l.i.u.tests.ApplicationFormsPageTest - Setup complete. ApplicationFormsPage initialized.
2025-03-13 10:13:21 [main] INFO  l.i.u.tests.ApplicationFormsPageTest - Starting test:'testCreateNewDvpApplication'
2025-03-13 10:13:22 [main] DEBUG l.i.u.tests.ApplicationFormsPageTest - User logged in with test credentials
2025-03-13 10:13:22 [main] DEBUG l.i.u.tests.ApplicationFormsPageTest - Opened 'Application Processing' menu.
2025-03-13 10:13:22 [main] DEBUG l.i.u.tests.ApplicationFormsPageTest - Clicked on 'Application Forms' menu.
2025-03-13 10:13:23 [main] DEBUG l.i.u.tests.ApplicationFormsPageTest - Clicked to create a new application form.
2025-03-13 10:13:23 [main] DEBUG l.i.u.tests.ApplicationFormsPageTest - Entered random application code: TST-DVP-58
2025-03-13 10:13:23 [main] DEBUG l.i.u.tests.ApplicationFormsPageTest - Selected 'Municipality' radio button.
2025-03-13 10:13:23 [main] INFO  l.i.uztis.pages.ApplicationFormsPage - Located the dropdown button.
2025-03-13 10:13:23 [main] INFO  l.i.uztis.pages.ApplicationFormsPage - Successfully selected the value: 'Kauno departamentas'
2025-03-13 10:13:34 [main] ERROR l.i.uztis.pages.ApplicationFormsPage - Failed to close the dropdown with aria-expanded = 'false'.
2025-03-13 10:13:34 [main] DEBUG l.i.u.tests.ApplicationFormsPageTest - Selected a value from the 'Municipality' dropdown: 'Kauno departamentas'
2025-03-13 10:13:34 [main] DEBUG l.i.u.tests.ApplicationFormsPageTest - Selected 'Budget By Country' radio button.
2025-03-13 10:13:34 [main] DEBUG l.i.u.tests.ApplicationFormsPageTest - Selected 'Financed Without Queue' option.
2025-03-13 10:13:34 [main] INFO  l.i.uztis.pages.ApplicationFormsPage - Located the dropdown button.
2025-03-13 10:13:35 [main] INFO  l.i.uztis.pages.ApplicationFormsPage - Successfully selected the value: 'DVP paraiškos vertinimo forma - I etapas'
2025-03-13 10:13:45 [main] ERROR l.i.uztis.pages.ApplicationFormsPage - Failed to close the dropdown with aria-expanded = 'false'.
2025-03-13 10:13:45 [main] DEBUG l.i.u.tests.ApplicationFormsPageTest - Selected a value from the 'EvaluationOne' dropdown: 'DVP paraiškos vertinimo forma - I etapas'
2025-03-13 10:13:45 [main] DEBUG l.i.u.tests.ApplicationFormsPageTest - Clicked 'Plus' button.
2025-03-13 10:13:46 [main] DEBUG l.i.u.tests.ApplicationFormsPageTest - Clicked 'Add' button seven times.
2025-03-13 10:13:46 [main] INFO  l.i.uztis.pages.ApplicationFormsPage - Processing dropdown index: 0
2025-03-13 10:13:56 [main] ERROR l.i.uztis.pages.ApplicationFormsPage - Timeout while waiting for dropdown to close at index: 0 with aria-expanded = 'false'
2025-03-13 10:13:56 [main] INFO  l.i.uztis.pages.ApplicationFormsPage - Processing dropdown index: 1
2025-03-13 10:14:07 [main] ERROR l.i.uztis.pages.ApplicationFormsPage - Timeout while waiting for dropdown to close at index: 1 with aria-expanded = 'false'
2025-03-13 10:14:07 [main] INFO  l.i.uztis.pages.ApplicationFormsPage - Processing dropdown index: 2
2025-03-13 10:14:18 [main] ERROR l.i.uztis.pages.ApplicationFormsPage - Timeout while waiting for dropdown to close at index: 2 with aria-expanded = 'false'
2025-03-13 10:14:18 [main] INFO  l.i.uztis.pages.ApplicationFormsPage - Processing dropdown index: 3
2025-03-13 10:14:28 [main] ERROR l.i.uztis.pages.ApplicationFormsPage - Timeout while waiting for dropdown to close at index: 3 with aria-expanded = 'false'
2025-03-13 10:14:28 [main] INFO  l.i.uztis.pages.ApplicationFormsPage - Processing dropdown index: 4
2025-03-13 10:14:38 [main] ERROR l.i.uztis.pages.ApplicationFormsPage - Timeout while waiting for dropdown to close at index: 4 with aria-expanded = 'false'
2025-03-13 10:14:38 [main] INFO  l.i.uztis.pages.ApplicationFormsPage - Processing dropdown index: 5
2025-03-13 10:14:49 [main] ERROR l.i.uztis.pages.ApplicationFormsPage - Timeout while waiting for dropdown to close at index: 5 with aria-expanded = 'false'
2025-03-13 10:14:49 [main] INFO  l.i.uztis.pages.ApplicationFormsPage - Processing dropdown index: 6
2025-03-13 10:15:00 [main] ERROR l.i.uztis.pages.ApplicationFormsPage - Timeout while waiting for dropdown to close at index: 6 with aria-expanded = 'false'
2025-03-13 10:15:00 [main] INFO  l.i.uztis.pages.ApplicationFormsPage - Processing dropdown index: 7
2025-03-13 10:15:11 [main] ERROR l.i.uztis.pages.ApplicationFormsPage - Timeout while waiting for dropdown to close at index: 7 with aria-expanded = 'false'
2025-03-13 10:15:11 [main] INFO  l.i.uztis.pages.ApplicationFormsPage - Processing input field index: 0
2025-03-13 10:15:11 [main] INFO  l.i.uztis.pages.ApplicationFormsPage - Entered value '50' into field index: 0
2025-03-13 10:15:11 [main] INFO  l.i.uztis.pages.ApplicationFormsPage - Processing input field index: 1
2025-03-13 10:15:12 [main] INFO  l.i.uztis.pages.ApplicationFormsPage - Entered value '924' into field index: 1
2025-03-13 10:15:12 [main] INFO  l.i.uztis.pages.ApplicationFormsPage - Processing input field index: 2
2025-03-13 10:15:12 [main] INFO  l.i.uztis.pages.ApplicationFormsPage - Entered value '31' into field index: 2
2025-03-13 10:15:12 [main] INFO  l.i.uztis.pages.ApplicationFormsPage - Processing input field index: 3
2025-03-13 10:15:12 [main] INFO  l.i.uztis.pages.ApplicationFormsPage - Entered value '4.7' into field index: 3
2025-03-13 10:15:12 [main] INFO  l.i.uztis.pages.ApplicationFormsPage - Processing input field index: 4
2025-03-13 10:15:12 [main] INFO  l.i.uztis.pages.ApplicationFormsPage - Entered value '35' into field index: 4
2025-03-13 10:15:12 [main] INFO  l.i.uztis.pages.ApplicationFormsPage - Processing input field index: 5
2025-03-13 10:15:12 [main] INFO  l.i.uztis.pages.ApplicationFormsPage - Entered value '20' into field index: 5
2025-03-13 10:15:12 [main] INFO  l.i.uztis.pages.ApplicationFormsPage - Processing input field index: 6
2025-03-13 10:15:12 [main] INFO  l.i.uztis.pages.ApplicationFormsPage - Entered value '30' into field index: 6
2025-03-13 10:15:12 [main] INFO  l.i.uztis.pages.ApplicationFormsPage - Processing input field index: 7
2025-03-13 10:15:12 [main] INFO  l.i.uztis.pages.ApplicationFormsPage - Entered value '60' into field index: 7
2025-03-13 10:15:12 [main] DEBUG l.i.u.tests.ApplicationFormsPageTest - Entered additional values and text.
2025-03-13 10:15:12 [main] DEBUG l.i.u.tests.ApplicationFormsPageTest - Entered application name: DVP paraiška
2025-03-13 10:15:12 [main] DEBUG l.i.u.tests.ApplicationFormsPageTest - Clicked the 'Save' button.
2025-03-13 10:15:13 [main] DEBUG l.i.uztis.pages.ApplicationFormsPage - Verified success message: 'Duomenys sėkmingai išsaugoti.'
2025-03-13 10:15:13 [main] INFO  l.i.u.tests.ApplicationFormsPageTest - Verified success message
2025-03-13 10:15:13 [main] INFO  l.i.u.tests.ApplicationFormsPageTest - Verified that the 'Save Form' button is displayed.
2025-03-13 10:15:13 [main] INFO  l.i.u.tests.ApplicationFormsPageTest - Test 'testCreateNewDvpApplication' completed successfully.
2025-03-13 10:16:35 [main] INFO  lt.insoft.uztis.tests.UztisPageTest - Navigated to https://uztisdev.asseco.lt/home
2025-03-13 10:16:35 [main] INFO  l.i.u.tests.ApplicationFormsPageTest - Setup complete. ApplicationFormsPage initialized.
2025-03-13 10:16:35 [main] INFO  l.i.u.tests.ApplicationFormsPageTest - Starting test:'testAddContractDVP'
2025-03-13 10:16:36 [main] DEBUG l.i.u.tests.ApplicationFormsPageTest - User logged in with test credentials
2025-03-13 10:16:37 [main] DEBUG l.i.u.tests.ApplicationFormsPageTest - Opened 'Application Processing' menu.
2025-03-13 10:16:37 [main] DEBUG l.i.u.tests.ApplicationFormsPageTest - Clicked on 'Application Forms' menu.
2025-03-13 10:16:38 [main] DEBUG l.i.u.tests.ApplicationFormsPageTest - Selected the last application description.
2025-03-13 10:16:38 [main] DEBUG l.i.u.tests.ApplicationFormsPageTest - Clicked 'Project Progress' tab.
2025-03-13 10:16:39 [main] DEBUG l.i.u.tests.ApplicationFormsPageTest - Clicked the 'Edit' button.
2025-03-13 10:16:39 [main] INFO  l.i.uztis.pages.ApplicationFormsPage - Located the dropdown button.
2025-03-13 10:16:41 [main] INFO  l.i.uztis.pages.ApplicationFormsPage - Successfully selected the value: 'Darbo vietų pritaikymo ir finansavimo sutartis'
2025-03-13 10:16:51 [main] ERROR l.i.uztis.pages.ApplicationFormsPage - Failed to close the dropdown with aria-expanded = 'false'.
2025-03-13 10:16:51 [main] DEBUG l.i.u.tests.ApplicationFormsPageTest - Selected a value from the 'Document' dropdown: 'Darbo vietų pritaikymo ir finansavimo sutartis'
2025-03-13 10:16:51 [main] DEBUG l.i.u.tests.ApplicationFormsPageTest - Clicked the 'Save' button.
2025-03-13 10:16:51 [main] ERROR l.i.uztis.pages.ApplicationFormsPage - Failed to verify the success message: 'Funkcija sėkmingai atlikta.'. Available messages: [Duomenys sėkmingai išsaugoti.]
2025-03-13 10:16:51 [main] INFO  l.i.u.tests.ApplicationFormsPageTest - Verified success message
2025-03-13 10:16:51 [main] INFO  l.i.u.tests.ApplicationFormsPageTest - Test 'testAddContractDVP' completed successfully.
2025-03-13 10:17:53 [main] INFO  lt.insoft.uztis.tests.UztisPageTest - Navigated to https://uztisdev.asseco.lt/home
2025-03-13 10:17:53 [main] INFO  l.i.uztis.tests.InvitationsPageTest - Starting test:'testCreateNewDvpInvitation'
2025-03-13 10:17:54 [main] DEBUG l.i.uztis.tests.InvitationsPageTest - User logged in with test credentials
2025-03-13 10:17:54 [main] DEBUG l.i.uztis.tests.InvitationsPageTest - Opened 'Application Processing' menu.
2025-03-13 10:17:54 [main] DEBUG l.i.uztis.tests.InvitationsPageTest - Clicked on 'Application Forms' menu.
2025-03-13 10:17:54 [main] DEBUG l.i.uztis.tests.InvitationsPageTest - Navigating to application forms menu.
2025-03-13 10:17:55 [main] DEBUG l.i.uztis.tests.InvitationsPageTest - Retrieved last description code text: 'TST-DVP-58'.
2025-03-13 10:17:55 [main] DEBUG l.i.uztis.tests.InvitationsPageTest - Clicked on 'Invitation' menu.
2025-03-13 10:17:56 [main] DEBUG l.i.uztis.tests.InvitationsPageTest - Clicked 'Create New Application Form'.
2025-03-13 10:17:56 [main] DEBUG l.i.uztis.tests.InvitationsPageTest - Selected section by code: 'TST-DVP-58'.
2025-03-13 10:17:56 [main] INFO  l.insoft.uztis.pages.InvitationsPage - Located the dropdown button.
2025-03-13 10:18:08 [main] ERROR l.insoft.uztis.pages.InvitationsPage - Timeout while waiting for dropdown to close with aria-expanded = 'false'.
2025-03-13 10:18:08 [main] DEBUG l.i.uztis.tests.InvitationsPageTest - Selected invitation number from the list.
2025-03-13 10:18:08 [main] DEBUG l.i.uztis.tests.InvitationsPageTest - Entered current date.
2025-03-13 10:18:08 [main] DEBUG l.i.uztis.tests.InvitationsPageTest - Entered start time: 00:00.
2025-03-13 10:18:09 [main] DEBUG l.i.uztis.tests.InvitationsPageTest - Entered end date.
2025-03-13 10:18:09 [main] DEBUG l.i.uztis.tests.InvitationsPageTest - Entered end time: 11:11.
2025-03-13 10:18:09 [main] DEBUG l.i.uztis.tests.InvitationsPageTest - Entered publication end date.
2025-03-13 10:18:09 [main] DEBUG l.i.uztis.tests.InvitationsPageTest - Added additional values.
2025-03-13 10:18:09 [main] INFO  l.insoft.uztis.pages.InvitationsPage - Located the dropdown button.
2025-03-13 10:18:10 [main] DEBUG l.i.uztis.tests.InvitationsPageTest - Selected the value: 'Didžiausia galima paramos suma aplinkos darbo vietai, Eur'
2025-03-13 10:18:10 [main] INFO  l.insoft.uztis.pages.InvitationsPage - Located the dropdown button.
2025-03-13 10:18:11 [main] DEBUG l.i.uztis.tests.InvitationsPageTest - Selected the value: 'Didžiausia galima paramos suma, Eur'
2025-03-13 10:18:11 [main] INFO  l.insoft.uztis.pages.InvitationsPage - Located the dropdown button.
2025-03-13 10:18:12 [main] DEBUG l.i.uztis.tests.InvitationsPageTest - Selected the value: 'Didžiausia galima paramos suma vienai darbo vietai, Eur'
2025-03-13 10:18:12 [main] DEBUG l.i.uztis.tests.InvitationsPageTest - Entered value: 11000
2025-03-13 10:18:12 [main] DEBUG l.i.uztis.tests.InvitationsPageTest - Entered value: 12000
2025-03-13 10:18:12 [main] DEBUG l.i.uztis.tests.InvitationsPageTest - Entered value: 13000
2025-03-13 10:18:12 [main] DEBUG l.i.uztis.tests.InvitationsPageTest - Checked 'Legal Entities' checkbox.
2025-03-13 10:18:12 [main] DEBUG l.i.uztis.tests.InvitationsPageTest - Unchecked 'Persons Registered with Employment Service' checkbox.
2025-03-13 10:18:13 [main] DEBUG l.i.uztis.tests.InvitationsPageTest - Checked 'Persons Registered as Employers' checkbox.
2025-03-13 10:18:13 [main] DEBUG l.i.uztis.tests.InvitationsPageTest - Entered budget: '2000'.
2025-03-13 10:18:13 [main] DEBUG l.i.uztis.tests.InvitationsPageTest - Entered description text: 'Aprašo tekstas'.
2025-03-13 10:18:13 [main] DEBUG l.i.uztis.tests.InvitationsPageTest - Entered applicants text: 'Pareiškėjų tekstas'.
2025-03-13 10:18:13 [main] DEBUG l.i.uztis.tests.InvitationsPageTest - Entered expenditures text: 'Išlaidų tekstas'.
2025-03-13 10:18:13 [main] DEBUG l.i.uztis.tests.InvitationsPageTest - Entered legislation text: 'Teisės aktų tekstas'.
2025-03-13 10:18:13 [main] DEBUG l.i.uztis.tests.InvitationsPageTest - Entered education text: 'Mokymų tekstas'.
2025-03-13 10:18:13 [main] DEBUG l.i.uztis.tests.InvitationsPageTest - File uploaded.
2025-03-13 10:18:14 [main] DEBUG l.i.uztis.tests.InvitationsPageTest - Clicked 'Publish'.
2025-03-13 10:18:14 [main] DEBUG l.i.uztis.tests.InvitationsPageTest - Publication confirmed.
2025-03-13 10:18:14 [main] DEBUG l.i.uztis.pages.ApplicationFormsPage - Verified success message: 'Funkcija sėkmingai atlikta.'
2025-03-13 10:18:14 [main] INFO  l.i.uztis.tests.InvitationsPageTest - Verified success message
2025-03-13 10:18:14 [main] INFO  l.i.uztis.tests.InvitationsPageTest - Test 'testCreateNewDvpInvitation' completed successfully.
2025-03-13 10:19:08 [main] INFO  lt.insoft.uztis.tests.UztisPageTest - Navigated to https://uztisdev.asseco.lt/home
2025-03-13 10:19:08 [main] INFO  l.i.u.t.SubmittedApplicationsPageTest - Starting test:'testFillNewDVPApplicationFA'
2025-03-13 10:19:09 [main] DEBUG l.i.u.t.SubmittedApplicationsPageTest - User logged in with test credentials.
2025-03-13 10:19:09 [main] DEBUG l.i.u.t.SubmittedApplicationsPageTest - Opened 'Application Processing' menu.
2025-03-13 10:19:09 [main] DEBUG l.i.u.t.SubmittedApplicationsPageTest - Clicked on 'Application Forms' menu.
2025-03-13 10:19:10 [main] DEBUG l.i.u.t.SubmittedApplicationsPageTest - Retrieved last description code text: 'TST-DVP-58'.
2025-03-13 10:19:10 [main] DEBUG l.i.u.t.SubmittedApplicationsPageTest - Clicked on 'Invitation' menu.
2025-03-13 10:19:11 [main] DEBUG l.i.u.t.SubmittedApplicationsPageTest - Selected application section by code: 'TST-DVP-58'.
2025-03-13 10:19:11 [main] DEBUG l.i.u.t.SubmittedApplicationsPageTest - Clicked 'Search' button.
2025-03-13 10:19:11 [main] DEBUG l.i.u.t.SubmittedApplicationsPageTest - Retrieved invitation code: ''.
2025-03-13 10:19:11 [main] DEBUG l.i.u.t.SubmittedApplicationsPageTest - Clicked on 'Submitted Applications' menu.
2025-03-13 10:19:12 [main] DEBUG l.i.u.t.SubmittedApplicationsPageTest - Selected invitation by code: 'TST-DVP-58'.
2025-03-13 10:19:12 [main] DEBUG l.i.u.t.SubmittedApplicationsPageTest - Invitation code inserted.
2025-03-13 10:19:13 [main] DEBUG l.i.u.t.SubmittedApplicationsPageTest - Clicked on 'Action Application' button.
2025-03-13 10:19:13 [main] DEBUG l.i.u.t.SubmittedApplicationsPageTest - Clicked on 'New Application' button.
2025-03-13 10:19:13 [main] DEBUG l.i.u.t.SubmittedApplicationsPageTest - Selected the 'RadioButtonFA' option.
2025-03-13 10:19:13 [main] DEBUG l.i.u.t.SubmittedApplicationsPageTest - Entered phone number: '61298745'.
2025-03-13 10:19:14 [main] DEBUG l.i.u.t.SubmittedApplicationsPageTest - Entered email: 'test@autotest.com'.
2025-03-13 10:19:14 [main] DEBUG l.i.u.t.SubmittedApplicationsPageTest - Checked 'For workplace adaptation' checkbox 1.
2025-03-13 10:19:14 [main] DEBUG l.i.u.t.SubmittedApplicationsPageTest - Checked 'For environmental adaptation' checkbox 2.
2025-03-13 10:19:14 [main] INFO  l.i.u.p.SubmittedApplicationsPage - Located the dropdown button.
2025-03-13 10:19:33 [main] INFO  l.i.u.p.SubmittedApplicationsPage - Found 1741 options in the dropdown.
2025-03-13 10:19:33 [main] INFO  l.i.u.p.SubmittedApplicationsPage - Successfully selected the value: '01.11 - Grūdinių (išskyrus ryžius), ankštinių ir aliejingų sėklų augalų auginimas'
2025-03-13 10:19:44 [main] ERROR l.i.u.p.SubmittedApplicationsPage - Failed to close the dropdown with aria-expanded = 'false'. Attempting manual close.
2025-03-13 10:19:44 [main] INFO  l.i.u.p.SubmittedApplicationsPage - Manual close attempt for the dropdown using body click.
2025-03-13 10:19:44 [main] DEBUG l.i.u.t.SubmittedApplicationsPageTest - Selected EVRK value: '01.11 - Grūdinių (išskyrus ryžius), ankštinių ir aliejingų sėklų augalų auginimas'.
2025-03-13 10:19:44 [main] DEBUG l.i.u.t.SubmittedApplicationsPageTest - Clicked on 'Address Component' button.
2025-03-13 10:19:44 [main] INFO  l.i.u.p.SubmittedApplicationsPage - Located the dropdown button.
2025-03-13 10:19:47 [main] INFO  l.i.u.p.SubmittedApplicationsPage - Successfully selected the value: 'Lietuva'
2025-03-13 10:19:47 [main] DEBUG l.i.u.t.SubmittedApplicationsPageTest - Selected country: 'Lietuva'.
2025-03-13 10:19:47 [main] INFO  l.i.u.p.SubmittedApplicationsPage - Located the dropdown search field.
2025-03-13 10:19:47 [main] INFO  l.i.u.p.SubmittedApplicationsPage - Dropdown city is opened.
2025-03-13 10:19:47 [main] INFO  l.i.u.p.SubmittedApplicationsPage - Searched for value: 'Vilnius'
2025-03-13 10:19:48 [main] INFO  l.i.u.p.SubmittedApplicationsPage - Successfully selected: 'Vilnius'
2025-03-13 10:19:48 [main] INFO  l.i.u.p.SubmittedApplicationsPage - Located the dropdown button.
2025-03-13 10:19:49 [main] INFO  l.i.u.p.SubmittedApplicationsPage - Successfully selected the value: 'A. Domaševičiaus g.'
2025-03-13 10:19:49 [main] DEBUG l.i.u.t.SubmittedApplicationsPageTest - Selected street: 'A. Domaševičiaus g.'.
2025-03-13 10:19:49 [main] INFO  l.i.u.p.SubmittedApplicationsPage - Located the dropdown button.
2025-03-13 10:19:49 [main] INFO  l.i.u.p.SubmittedApplicationsPage - Successfully selected the value: '1'
2025-03-13 10:19:49 [main] DEBUG l.i.u.t.SubmittedApplicationsPageTest - Selected house: '1'.
2025-03-13 10:19:49 [main] INFO  l.i.u.p.SubmittedApplicationsPage - Located the dropdown button.
2025-03-13 10:19:50 [main] INFO  l.i.u.p.SubmittedApplicationsPage - Successfully selected the value: '1'
2025-03-13 10:19:50 [main] DEBUG l.i.u.t.SubmittedApplicationsPageTest - Selected apartment: '1'.
2025-03-13 10:19:50 [main] DEBUG l.i.u.t.SubmittedApplicationsPageTest - Clicked 'Confirm' button.
2025-03-13 10:19:50 [main] DEBUG l.i.u.t.SubmittedApplicationsPageTest - Selected 'For already working' option.
2025-03-13 10:19:50 [main] DEBUG l.i.u.t.SubmittedApplicationsPageTest - Selected 'For new working' option.
2025-03-13 10:19:51 [main] DEBUG l.i.u.t.SubmittedApplicationsPageTest - Entered person count2: '1'.
2025-03-13 10:19:51 [main] DEBUG l.i.u.t.SubmittedApplicationsPageTest - Clicked 'Next' button after checkboxes.
2025-03-13 10:19:51 [main] INFO  l.i.u.p.SubmittedApplicationsPage - Located the dropdown button.
2025-03-13 10:19:52 [main] INFO  l.i.u.p.SubmittedApplicationsPage - Successfully selected the value: 'Administratoriai'
2025-03-13 10:19:52 [main] DEBUG l.i.u.t.SubmittedApplicationsPageTest - Selected adaptable job name: 'Administratoriai'.
2025-03-13 10:19:52 [main] DEBUG l.i.u.t.SubmittedApplicationsPageTest - Entered job date.
2025-03-13 10:19:52 [main] DEBUG l.i.u.t.SubmittedApplicationsPageTest - Entered job function: 'Funkcija 1'.
2025-03-13 10:19:52 [main] DEBUG l.i.u.t.SubmittedApplicationsPageTest - Selected 'For already working' 'no' option.
2025-03-13 10:19:52 [main] INFO  l.i.u.p.SubmittedApplicationsPage - Clicking on the dropdown button.
2025-03-13 10:19:53 [main] INFO  l.i.u.p.SubmittedApplicationsPage - Found 6 options in the dropdown.
2025-03-13 10:19:53 [main] DEBUG l.i.u.p.SubmittedApplicationsPage - Checking option: 'Lengvo neįgalumo lygis ar 45-55 procentų dalyvumo lygis (iki 2023 m. gruodžio 31 d. – 45-55 procentų darbingumo lygis)'
2025-03-13 10:19:53 [main] INFO  l.i.u.p.SubmittedApplicationsPage - Successfully selected the value: 'Lengvo neįgalumo lygis ar 45-55 procentų dalyvumo lygis (iki 2023 m. gruodžio 31 d. – 45-55 procentų darbingumo lygis)'
2025-03-13 10:19:53 [main] INFO  l.i.u.p.SubmittedApplicationsPage - Attempting to close the dropdown.
2025-03-13 10:19:54 [main] DEBUG l.i.u.t.SubmittedApplicationsPageTest - Selected disabilities type: 'Lengvo neįgalumo lygis ar 45-55 procentų dalyvumo lygis (iki 2023 m. gruodžio 31 d. – 45-55 procentų darbingumo lygis)'.
2025-03-13 10:19:54 [main] DEBUG l.i.u.t.SubmittedApplicationsPageTest - Entered disability information: 'Negalia 1'.
2025-03-13 10:19:54 [main] DEBUG l.i.u.t.SubmittedApplicationsPageTest - Entered qualification: 'Kvalifikacija 1'.
2025-03-13 10:19:54 [main] DEBUG l.i.u.t.SubmittedApplicationsPageTest - Entered job description: 'Darbo vietos aprašymas 1'.
2025-03-13 10:19:55 [main] DEBUG l.i.u.t.SubmittedApplicationsPageTest - Entered equipment description: 'Priemonių įsigyjimas 1'.
2025-03-13 10:19:55 [main] DEBUG l.i.u.t.SubmittedApplicationsPageTest - Entered work information: 'Darbai 1'.
2025-03-13 10:19:55 [main] INFO  l.i.u.p.SubmittedApplicationsPage - Located the dropdown button.
2025-03-13 10:19:56 [main] INFO  l.i.u.p.SubmittedApplicationsPage - Successfully selected the value: 'Kita'
2025-03-13 10:19:56 [main] DEBUG l.i.u.t.SubmittedApplicationsPageTest - Selected time mode: 'Kita'.
2025-03-13 10:19:56 [main] DEBUG l.i.u.t.SubmittedApplicationsPageTest - Selected time mode other: '6 val. per dieną ir 4 d. per savaitę'.
2025-03-13 10:19:56 [main] DEBUG l.i.u.t.SubmittedApplicationsPageTest - Entered salary amount: '1200'.
2025-03-13 10:19:56 [main] DEBUG l.i.u.t.SubmittedApplicationsPageTest - Selected 'Temporary Job' radio button.
2025-03-13 10:19:56 [main] DEBUG l.i.u.t.SubmittedApplicationsPageTest - Selected 'Season Job' radio button.
2025-03-13 10:19:56 [main] DEBUG l.i.u.t.SubmittedApplicationsPageTest - Selected 'PVM' radio button.
2025-03-13 10:19:56 [main] INFO  l.i.u.p.SubmittedApplicationsPage - Located the dropdown button.
2025-03-13 10:19:57 [main] INFO  l.i.u.p.SubmittedApplicationsPage - Successfully selected the value: 'Darbo vietos pritaikymui'
2025-03-13 10:20:27 [main] ERROR l.i.u.p.SubmittedApplicationsPage - Timeout while waiting for dropdown to close with aria-expanded = 'false'.
2025-03-13 10:20:27 [main] DEBUG l.i.u.t.SubmittedApplicationsPageTest - Selected adaptable job name: 'Darbo vietos pritaikymui'.
2025-03-13 10:20:27 [main] DEBUG l.i.u.p.SubmittedApplicationsPage - Located and clicked the dropdown button 'Reikalinga'.
2025-03-13 10:20:28 [main] INFO  l.i.u.p.SubmittedApplicationsPage - Successfully selected the value: 'Įsigyti'
2025-03-13 10:20:28 [main] DEBUG l.i.u.t.SubmittedApplicationsPageTest - Selected necessary for job: 'Įsigyti'.
2025-03-13 10:20:28 [main] DEBUG l.i.u.t.SubmittedApplicationsPageTest - Selected tool: 'Darbo priemonė 1'.
2025-03-13 10:20:28 [main] DEBUG l.i.u.t.SubmittedApplicationsPageTest - Selected tool parameter one: 'Darbo priemonės 1 parametras 1'.
2025-03-13 10:20:28 [main] DEBUG l.i.u.t.SubmittedApplicationsPageTest - Selected tool parameter two: 'Darbo priemonės 1 parametras 2'.
2025-03-13 10:20:28 [main] DEBUG l.i.u.t.SubmittedApplicationsPageTest - Selected tool parameter three: 'Darbo priemonės 1 parametras 3'.
2025-03-13 10:20:28 [main] DEBUG l.i.u.t.SubmittedApplicationsPageTest - Entered tool count: '1'.
2025-03-13 10:20:29 [main] DEBUG l.i.u.t.SubmittedApplicationsPageTest - Entered price amount: '1000'.
2025-03-13 10:20:29 [main] DEBUG l.i.u.t.SubmittedApplicationsPageTest - Entered own funds amount: '800'.
2025-03-13 10:20:29 [main] DEBUG l.i.u.t.SubmittedApplicationsPageTest - Clicked 'Add' button.
2025-03-13 10:20:29 [main] INFO  l.i.u.p.SubmittedApplicationsPage - Located the dropdown button.
2025-03-13 10:20:29 [main] INFO  l.i.u.p.SubmittedApplicationsPage - Successfully selected the value: 'Aplinkos pritaikymui'
2025-03-13 10:21:00 [main] ERROR l.i.u.p.SubmittedApplicationsPage - Timeout while waiting for dropdown to close with aria-expanded = 'false'.
2025-03-13 10:21:00 [main] DEBUG l.i.u.t.SubmittedApplicationsPageTest - Selected adaptable job name: 'Aplinkos pritaikymui'.
2025-03-13 10:21:00 [main] DEBUG l.i.u.p.SubmittedApplicationsPage - Located and clicked the dropdown button 'Reikalinga'.
2025-03-13 10:21:00 [main] INFO  l.i.u.p.SubmittedApplicationsPage - Successfully selected the value: 'Remontuoti'
2025-03-13 10:21:11 [main] DEBUG l.i.u.t.SubmittedApplicationsPageTest - Selected necessary for job: 'Remontuoti'.
2025-03-13 10:21:11 [main] DEBUG l.i.u.t.SubmittedApplicationsPageTest - Selected tool: 'Darbo priemonė 2 remontui'.
2025-03-13 10:21:11 [main] DEBUG l.i.u.t.SubmittedApplicationsPageTest - Entered tool count: '2'.
2025-03-13 10:21:11 [main] DEBUG l.i.u.t.SubmittedApplicationsPageTest - Entered price amount: '1000'.
2025-03-13 10:21:11 [main] DEBUG l.i.u.t.SubmittedApplicationsPageTest - Entered own funds amount: '900'.
2025-03-13 10:21:12 [main] DEBUG l.i.u.t.SubmittedApplicationsPageTest - Selected 'De Minimis' radio button.
2025-03-13 10:21:12 [main] DEBUG l.i.u.t.SubmittedApplicationsPageTest - Entered program name: 'Programa 1'.
2025-03-13 10:21:12 [main] DEBUG l.i.u.t.SubmittedApplicationsPageTest - Entered project date from.
2025-03-13 10:21:12 [main] DEBUG l.i.u.t.SubmittedApplicationsPageTest - Entered project date until.
2025-03-13 10:21:12 [main] DEBUG l.i.u.t.SubmittedApplicationsPageTest - Entered support amount: '2000'.
2025-03-13 10:21:12 [main] DEBUG l.i.u.t.SubmittedApplicationsPageTest - Clicked 'Next' button.
2025-03-13 10:21:23 [main] DEBUG l.i.u.t.SubmittedApplicationsPageTest - Checked 'Legal Entities' checkbox 1.
2025-03-13 10:21:33 [main] DEBUG l.i.u.t.SubmittedApplicationsPageTest - Checked 'Legal Entities' checkbox 2.
2025-03-13 10:21:43 [main] DEBUG l.i.u.t.SubmittedApplicationsPageTest - Checked 'Legal Entities' checkbox 3.
2025-03-13 10:21:43 [main] DEBUG l.i.u.t.SubmittedApplicationsPageTest - Test finished: All 'Legal Entities' checkboxes checked successfully.
2025-03-13 10:21:43 [main] DEBUG l.i.u.t.SubmittedApplicationsPageTest - Clicked 'Next' button after checkboxes.
2025-03-13 10:21:53 [main] ERROR l.i.u.p.SubmittedApplicationsPage - Error selecting radio button: Expected condition failed: waiting for element to be clickable: By.xpath: (//input[@type='radio' and @value='false'])[8] (tried for 10 second(s) with 500 milliseconds interval)
Build info: version: '4.27.0', revision: 'd6e718d134'
System info: os.name: 'Windows 11', os.arch: 'amd64', os.version: '10.0', java.version: '21.0.3'
Driver info: org.openqa.selenium.chrome.ChromeDriver
Capabilities {acceptInsecureCerts: false, browserName: chrome, browserVersion: 134.0.6998.89, chrome: {chromedriverVersion: 134.0.6998.88 (7e3d5c978c6d..., userDataDir: C:\Users\INGRID~1.ZAD\AppDa...}, fedcm:accounts: true, goog:chromeOptions: {debuggerAddress: localhost:50911}, networkConnectionEnabled: false, pageLoadStrategy: normal, platformName: windows, proxy: Proxy(), se:cdp: ws://localhost:50911/devtoo..., se:cdpVersion: 134.0.6998.89, setWindowRect: true, strictFileInteractability: false, timeouts: {implicit: 0, pageLoad: 300000, script: 30000}, unhandledPromptBehavior: dismiss and notify, webauthn:extension:credBlob: true, webauthn:extension:largeBlob: true, webauthn:extension:minPinLength: true, webauthn:extension:prf: true, webauthn:virtualAuthenticators: true}
Session ID: d6ef6016f774967937394f2789355510
2025-03-13 10:21:53 [main] INFO  l.i.u.t.SubmittedApplicationsPageTest - Marking 'Ne' radio button 1
2025-03-13 10:22:03 [main] ERROR l.i.u.p.SubmittedApplicationsPage - Error selecting radio button: Expected condition failed: waiting for element to be clickable: By.xpath: (//input[@type='radio' and @value='false'])[9] (tried for 10 second(s) with 500 milliseconds interval)
Build info: version: '4.27.0', revision: 'd6e718d134'
System info: os.name: 'Windows 11', os.arch: 'amd64', os.version: '10.0', java.version: '21.0.3'
Driver info: org.openqa.selenium.chrome.ChromeDriver
Capabilities {acceptInsecureCerts: false, browserName: chrome, browserVersion: 134.0.6998.89, chrome: {chromedriverVersion: 134.0.6998.88 (7e3d5c978c6d..., userDataDir: C:\Users\INGRID~1.ZAD\AppDa...}, fedcm:accounts: true, goog:chromeOptions: {debuggerAddress: localhost:50911}, networkConnectionEnabled: false, pageLoadStrategy: normal, platformName: windows, proxy: Proxy(), se:cdp: ws://localhost:50911/devtoo..., se:cdpVersion: 134.0.6998.89, setWindowRect: true, strictFileInteractability: false, timeouts: {implicit: 0, pageLoad: 300000, script: 30000}, unhandledPromptBehavior: dismiss and notify, webauthn:extension:credBlob: true, webauthn:extension:largeBlob: true, webauthn:extension:minPinLength: true, webauthn:extension:prf: true, webauthn:virtualAuthenticators: true}
Session ID: d6ef6016f774967937394f2789355510
2025-03-13 10:22:03 [main] INFO  l.i.u.t.SubmittedApplicationsPageTest - Marking 'Ne' radio button 2
2025-03-13 10:22:13 [main] ERROR l.i.u.p.SubmittedApplicationsPage - Error selecting radio button: Expected condition failed: waiting for element to be clickable: By.xpath: (//input[@type='radio' and @value='false'])[10] (tried for 10 second(s) with 500 milliseconds interval)
Build info: version: '4.27.0', revision: 'd6e718d134'
System info: os.name: 'Windows 11', os.arch: 'amd64', os.version: '10.0', java.version: '21.0.3'
Driver info: org.openqa.selenium.chrome.ChromeDriver
Capabilities {acceptInsecureCerts: false, browserName: chrome, browserVersion: 134.0.6998.89, chrome: {chromedriverVersion: 134.0.6998.88 (7e3d5c978c6d..., userDataDir: C:\Users\INGRID~1.ZAD\AppDa...}, fedcm:accounts: true, goog:chromeOptions: {debuggerAddress: localhost:50911}, networkConnectionEnabled: false, pageLoadStrategy: normal, platformName: windows, proxy: Proxy(), se:cdp: ws://localhost:50911/devtoo..., se:cdpVersion: 134.0.6998.89, setWindowRect: true, strictFileInteractability: false, timeouts: {implicit: 0, pageLoad: 300000, script: 30000}, unhandledPromptBehavior: dismiss and notify, webauthn:extension:credBlob: true, webauthn:extension:largeBlob: true, webauthn:extension:minPinLength: true, webauthn:extension:prf: true, webauthn:virtualAuthenticators: true}
Session ID: d6ef6016f774967937394f2789355510
2025-03-13 10:22:13 [main] INFO  l.i.u.t.SubmittedApplicationsPageTest - Marking 'Ne' radio button 3
2025-03-13 10:22:23 [main] ERROR l.i.u.p.SubmittedApplicationsPage - Error selecting radio button: Expected condition failed: waiting for element to be clickable: By.xpath: (//input[@type='radio' and @value='false'])[11] (tried for 10 second(s) with 500 milliseconds interval)
Build info: version: '4.27.0', revision: 'd6e718d134'
System info: os.name: 'Windows 11', os.arch: 'amd64', os.version: '10.0', java.version: '21.0.3'
Driver info: org.openqa.selenium.chrome.ChromeDriver
Capabilities {acceptInsecureCerts: false, browserName: chrome, browserVersion: 134.0.6998.89, chrome: {chromedriverVersion: 134.0.6998.88 (7e3d5c978c6d..., userDataDir: C:\Users\INGRID~1.ZAD\AppDa...}, fedcm:accounts: true, goog:chromeOptions: {debuggerAddress: localhost:50911}, networkConnectionEnabled: false, pageLoadStrategy: normal, platformName: windows, proxy: Proxy(), se:cdp: ws://localhost:50911/devtoo..., se:cdpVersion: 134.0.6998.89, setWindowRect: true, strictFileInteractability: false, timeouts: {implicit: 0, pageLoad: 300000, script: 30000}, unhandledPromptBehavior: dismiss and notify, webauthn:extension:credBlob: true, webauthn:extension:largeBlob: true, webauthn:extension:minPinLength: true, webauthn:extension:prf: true, webauthn:virtualAuthenticators: true}
Session ID: d6ef6016f774967937394f2789355510
2025-03-13 10:22:23 [main] INFO  l.i.u.t.SubmittedApplicationsPageTest - Marking 'Ne' radio button 4
2025-03-13 10:22:33 [main] ERROR l.i.u.p.SubmittedApplicationsPage - Error selecting radio button: Expected condition failed: waiting for element to be clickable: By.xpath: (//input[@type='radio' and @value='false'])[12] (tried for 10 second(s) with 500 milliseconds interval)
Build info: version: '4.27.0', revision: 'd6e718d134'
System info: os.name: 'Windows 11', os.arch: 'amd64', os.version: '10.0', java.version: '21.0.3'
Driver info: org.openqa.selenium.chrome.ChromeDriver
Capabilities {acceptInsecureCerts: false, browserName: chrome, browserVersion: 134.0.6998.89, chrome: {chromedriverVersion: 134.0.6998.88 (7e3d5c978c6d..., userDataDir: C:\Users\INGRID~1.ZAD\AppDa...}, fedcm:accounts: true, goog:chromeOptions: {debuggerAddress: localhost:50911}, networkConnectionEnabled: false, pageLoadStrategy: normal, platformName: windows, proxy: Proxy(), se:cdp: ws://localhost:50911/devtoo..., se:cdpVersion: 134.0.6998.89, setWindowRect: true, strictFileInteractability: false, timeouts: {implicit: 0, pageLoad: 300000, script: 30000}, unhandledPromptBehavior: dismiss and notify, webauthn:extension:credBlob: true, webauthn:extension:largeBlob: true, webauthn:extension:minPinLength: true, webauthn:extension:prf: true, webauthn:virtualAuthenticators: true}
Session ID: d6ef6016f774967937394f2789355510
2025-03-13 10:22:33 [main] INFO  l.i.u.t.SubmittedApplicationsPageTest - Marking 'Ne' radio button 5
2025-03-13 10:22:43 [main] ERROR l.i.u.p.SubmittedApplicationsPage - Error selecting radio button: Expected condition failed: waiting for element to be clickable: By.xpath: (//input[@type='radio' and @value='false'])[13] (tried for 10 second(s) with 500 milliseconds interval)
Build info: version: '4.27.0', revision: 'd6e718d134'
System info: os.name: 'Windows 11', os.arch: 'amd64', os.version: '10.0', java.version: '21.0.3'
Driver info: org.openqa.selenium.chrome.ChromeDriver
Capabilities {acceptInsecureCerts: false, browserName: chrome, browserVersion: 134.0.6998.89, chrome: {chromedriverVersion: 134.0.6998.88 (7e3d5c978c6d..., userDataDir: C:\Users\INGRID~1.ZAD\AppDa...}, fedcm:accounts: true, goog:chromeOptions: {debuggerAddress: localhost:50911}, networkConnectionEnabled: false, pageLoadStrategy: normal, platformName: windows, proxy: Proxy(), se:cdp: ws://localhost:50911/devtoo..., se:cdpVersion: 134.0.6998.89, setWindowRect: true, strictFileInteractability: false, timeouts: {implicit: 0, pageLoad: 300000, script: 30000}, unhandledPromptBehavior: dismiss and notify, webauthn:extension:credBlob: true, webauthn:extension:largeBlob: true, webauthn:extension:minPinLength: true, webauthn:extension:prf: true, webauthn:virtualAuthenticators: true}
Session ID: d6ef6016f774967937394f2789355510
2025-03-13 10:22:43 [main] INFO  l.i.u.t.SubmittedApplicationsPageTest - Marking 'Ne' radio button 6
2025-03-13 10:22:53 [main] ERROR l.i.u.p.SubmittedApplicationsPage - Error selecting radio button: Expected condition failed: waiting for element to be clickable: By.xpath: (//input[@type='radio' and @value='true'])[14] (tried for 10 second(s) with 500 milliseconds interval)
Build info: version: '4.27.0', revision: 'd6e718d134'
System info: os.name: 'Windows 11', os.arch: 'amd64', os.version: '10.0', java.version: '21.0.3'
Driver info: org.openqa.selenium.chrome.ChromeDriver
Capabilities {acceptInsecureCerts: false, browserName: chrome, browserVersion: 134.0.6998.89, chrome: {chromedriverVersion: 134.0.6998.88 (7e3d5c978c6d..., userDataDir: C:\Users\INGRID~1.ZAD\AppDa...}, fedcm:accounts: true, goog:chromeOptions: {debuggerAddress: localhost:50911}, networkConnectionEnabled: false, pageLoadStrategy: normal, platformName: windows, proxy: Proxy(), se:cdp: ws://localhost:50911/devtoo..., se:cdpVersion: 134.0.6998.89, setWindowRect: true, strictFileInteractability: false, timeouts: {implicit: 0, pageLoad: 300000, script: 30000}, unhandledPromptBehavior: dismiss and notify, webauthn:extension:credBlob: true, webauthn:extension:largeBlob: true, webauthn:extension:minPinLength: true, webauthn:extension:prf: true, webauthn:virtualAuthenticators: true}
Session ID: d6ef6016f774967937394f2789355510
2025-03-13 10:22:54 [main] INFO  l.i.u.t.SubmittedApplicationsPageTest - Marking 'Taip' radio button 7
2025-03-13 10:23:04 [main] ERROR l.i.u.p.SubmittedApplicationsPage - Error selecting radio button: Expected condition failed: waiting for element to be clickable: By.xpath: (//input[@type='radio' and @value='true'])[15] (tried for 10 second(s) with 500 milliseconds interval)
Build info: version: '4.27.0', revision: 'd6e718d134'
System info: os.name: 'Windows 11', os.arch: 'amd64', os.version: '10.0', java.version: '21.0.3'
Driver info: org.openqa.selenium.chrome.ChromeDriver
Capabilities {acceptInsecureCerts: false, browserName: chrome, browserVersion: 134.0.6998.89, chrome: {chromedriverVersion: 134.0.6998.88 (7e3d5c978c6d..., userDataDir: C:\Users\INGRID~1.ZAD\AppDa...}, fedcm:accounts: true, goog:chromeOptions: {debuggerAddress: localhost:50911}, networkConnectionEnabled: false, pageLoadStrategy: normal, platformName: windows, proxy: Proxy(), se:cdp: ws://localhost:50911/devtoo..., se:cdpVersion: 134.0.6998.89, setWindowRect: true, strictFileInteractability: false, timeouts: {implicit: 0, pageLoad: 300000, script: 30000}, unhandledPromptBehavior: dismiss and notify, webauthn:extension:credBlob: true, webauthn:extension:largeBlob: true, webauthn:extension:minPinLength: true, webauthn:extension:prf: true, webauthn:virtualAuthenticators: true}
Session ID: d6ef6016f774967937394f2789355510
2025-03-13 10:23:04 [main] INFO  l.i.u.t.SubmittedApplicationsPageTest - Marking 'Taip' radio button 8
2025-03-13 10:23:14 [main] ERROR l.i.u.p.SubmittedApplicationsPage - Error selecting radio button: Expected condition failed: waiting for element to be clickable: By.xpath: (//input[@type='radio' and @value='true'])[16] (tried for 10 second(s) with 500 milliseconds interval)
Build info: version: '4.27.0', revision: 'd6e718d134'
System info: os.name: 'Windows 11', os.arch: 'amd64', os.version: '10.0', java.version: '21.0.3'
Driver info: org.openqa.selenium.chrome.ChromeDriver
Capabilities {acceptInsecureCerts: false, browserName: chrome, browserVersion: 134.0.6998.89, chrome: {chromedriverVersion: 134.0.6998.88 (7e3d5c978c6d..., userDataDir: C:\Users\INGRID~1.ZAD\AppDa...}, fedcm:accounts: true, goog:chromeOptions: {debuggerAddress: localhost:50911}, networkConnectionEnabled: false, pageLoadStrategy: normal, platformName: windows, proxy: Proxy(), se:cdp: ws://localhost:50911/devtoo..., se:cdpVersion: 134.0.6998.89, setWindowRect: true, strictFileInteractability: false, timeouts: {implicit: 0, pageLoad: 300000, script: 30000}, unhandledPromptBehavior: dismiss and notify, webauthn:extension:credBlob: true, webauthn:extension:largeBlob: true, webauthn:extension:minPinLength: true, webauthn:extension:prf: true, webauthn:virtualAuthenticators: true}
Session ID: d6ef6016f774967937394f2789355510
2025-03-13 10:23:14 [main] INFO  l.i.u.t.SubmittedApplicationsPageTest - Marking 'Taip' radio button 9
2025-03-13 10:23:24 [main] ERROR l.i.u.p.SubmittedApplicationsPage - Error selecting radio button: Expected condition failed: waiting for element to be clickable: By.xpath: (//input[@type='radio' and @value='true'])[17] (tried for 10 second(s) with 500 milliseconds interval)
Build info: version: '4.27.0', revision: 'd6e718d134'
System info: os.name: 'Windows 11', os.arch: 'amd64', os.version: '10.0', java.version: '21.0.3'
Driver info: org.openqa.selenium.chrome.ChromeDriver
Capabilities {acceptInsecureCerts: false, browserName: chrome, browserVersion: 134.0.6998.89, chrome: {chromedriverVersion: 134.0.6998.88 (7e3d5c978c6d..., userDataDir: C:\Users\INGRID~1.ZAD\AppDa...}, fedcm:accounts: true, goog:chromeOptions: {debuggerAddress: localhost:50911}, networkConnectionEnabled: false, pageLoadStrategy: normal, platformName: windows, proxy: Proxy(), se:cdp: ws://localhost:50911/devtoo..., se:cdpVersion: 134.0.6998.89, setWindowRect: true, strictFileInteractability: false, timeouts: {implicit: 0, pageLoad: 300000, script: 30000}, unhandledPromptBehavior: dismiss and notify, webauthn:extension:credBlob: true, webauthn:extension:largeBlob: true, webauthn:extension:minPinLength: true, webauthn:extension:prf: true, webauthn:virtualAuthenticators: true}
Session ID: d6ef6016f774967937394f2789355510
2025-03-13 10:23:24 [main] INFO  l.i.u.t.SubmittedApplicationsPageTest - Marking 'Taip' radio button 10
2025-03-13 10:23:34 [main] ERROR l.i.u.p.SubmittedApplicationsPage - Error selecting radio button: Expected condition failed: waiting for element to be clickable: By.xpath: (//input[@type='radio' and @value='true'])[18] (tried for 10 second(s) with 500 milliseconds interval)
Build info: version: '4.27.0', revision: 'd6e718d134'
System info: os.name: 'Windows 11', os.arch: 'amd64', os.version: '10.0', java.version: '21.0.3'
Driver info: org.openqa.selenium.chrome.ChromeDriver
Capabilities {acceptInsecureCerts: false, browserName: chrome, browserVersion: 134.0.6998.89, chrome: {chromedriverVersion: 134.0.6998.88 (7e3d5c978c6d..., userDataDir: C:\Users\INGRID~1.ZAD\AppDa...}, fedcm:accounts: true, goog:chromeOptions: {debuggerAddress: localhost:50911}, networkConnectionEnabled: false, pageLoadStrategy: normal, platformName: windows, proxy: Proxy(), se:cdp: ws://localhost:50911/devtoo..., se:cdpVersion: 134.0.6998.89, setWindowRect: true, strictFileInteractability: false, timeouts: {implicit: 0, pageLoad: 300000, script: 30000}, unhandledPromptBehavior: dismiss and notify, webauthn:extension:credBlob: true, webauthn:extension:largeBlob: true, webauthn:extension:minPinLength: true, webauthn:extension:prf: true, webauthn:virtualAuthenticators: true}
Session ID: d6ef6016f774967937394f2789355510
2025-03-13 10:23:34 [main] INFO  l.i.u.t.SubmittedApplicationsPageTest - Marking 'Taip' radio button 11
2025-03-13 10:23:44 [main] ERROR l.i.u.p.SubmittedApplicationsPage - Error selecting radio button: Expected condition failed: waiting for element to be clickable: By.xpath: (//input[@type='radio' and @value='true'])[19] (tried for 10 second(s) with 500 milliseconds interval)
Build info: version: '4.27.0', revision: 'd6e718d134'
System info: os.name: 'Windows 11', os.arch: 'amd64', os.version: '10.0', java.version: '21.0.3'
Driver info: org.openqa.selenium.chrome.ChromeDriver
Capabilities {acceptInsecureCerts: false, browserName: chrome, browserVersion: 134.0.6998.89, chrome: {chromedriverVersion: 134.0.6998.88 (7e3d5c978c6d..., userDataDir: C:\Users\INGRID~1.ZAD\AppDa...}, fedcm:accounts: true, goog:chromeOptions: {debuggerAddress: localhost:50911}, networkConnectionEnabled: false, pageLoadStrategy: normal, platformName: windows, proxy: Proxy(), se:cdp: ws://localhost:50911/devtoo..., se:cdpVersion: 134.0.6998.89, setWindowRect: true, strictFileInteractability: false, timeouts: {implicit: 0, pageLoad: 300000, script: 30000}, unhandledPromptBehavior: dismiss and notify, webauthn:extension:credBlob: true, webauthn:extension:largeBlob: true, webauthn:extension:minPinLength: true, webauthn:extension:prf: true, webauthn:virtualAuthenticators: true}
Session ID: d6ef6016f774967937394f2789355510
2025-03-13 10:23:44 [main] INFO  l.i.u.t.SubmittedApplicationsPageTest - Marking 'Taip' radio button 12
2025-03-13 10:23:54 [main] DEBUG l.i.u.t.SubmittedApplicationsPageTest - Checked 'ConfirmationStepFour'
2025-03-13 10:23:54 [main] DEBUG l.i.u.t.SubmittedApplicationsPageTest - Clicked 'Next' button after checkboxes.
2025-03-13 10:23:54 [main] INFO  l.i.u.p.SubmittedApplicationsPage - File uploaded successfully to an input element.
2025-03-13 10:23:54 [main] INFO  l.i.u.p.SubmittedApplicationsPage - File uploaded successfully to an input element.
2025-03-13 10:23:54 [main] INFO  l.i.u.p.SubmittedApplicationsPage - File uploaded successfully to an input element.
2025-03-13 10:23:54 [main] INFO  l.i.u.p.SubmittedApplicationsPage - File uploaded successfully to an input element.
2025-03-13 10:23:54 [main] INFO  l.i.u.p.SubmittedApplicationsPage - File uploaded successfully to an input element.
2025-03-13 10:23:54 [main] INFO  l.i.u.p.SubmittedApplicationsPage - File uploaded successfully to an input element.
2025-03-13 10:23:54 [main] INFO  l.i.u.p.SubmittedApplicationsPage - File uploaded successfully to an input element.
2025-03-13 10:23:55 [main] INFO  l.i.u.p.SubmittedApplicationsPage - File uploaded successfully to an input element.
2025-03-13 10:23:55 [main] DEBUG l.i.u.t.SubmittedApplicationsPageTest - Entered program name: 'Dokumentas 1'.
2025-03-13 10:23:55 [main] DEBUG l.i.u.t.SubmittedApplicationsPageTest - Entered program name: 'Dokumentas 2'.
2025-03-13 10:23:55 [main] DEBUG l.i.u.t.SubmittedApplicationsPageTest - Entered program name: 'Dokumentas 3'.
2025-03-13 10:23:55 [main] DEBUG l.i.u.t.SubmittedApplicationsPageTest - Entered program name: 'Dokumentas 4'.
2025-03-13 10:23:55 [main] DEBUG l.i.u.t.SubmittedApplicationsPageTest - Entered program name: 'Dokumentas 5'.
2025-03-13 10:23:56 [main] DEBUG l.i.u.t.SubmittedApplicationsPageTest - Entered program name: 'Dokumentas 6'.
2025-03-13 10:23:56 [main] DEBUG l.i.u.t.SubmittedApplicationsPageTest - Entered program name: 'Dokumentas 4'.
2025-03-13 10:23:56 [main] DEBUG l.i.u.t.SubmittedApplicationsPageTest - Entered program name: 'Dokumentas 8'.
2025-03-13 10:24:06 [main] DEBUG l.i.u.t.SubmittedApplicationsPageTest - Checked 'ConfirmationDocument'
2025-03-13 10:24:16 [main] DEBUG l.i.u.t.SubmittedApplicationsPageTest - Checked 'ConfirmationApplication'
2025-03-13 10:24:16 [main] DEBUG l.i.u.t.SubmittedApplicationsPageTest - Clicked 'Review' button after checkboxes.
2025-03-13 10:24:17 [main] DEBUG l.i.u.t.SubmittedApplicationsPageTest - Clicked 'SaveDraft' button after checkboxes.
2025-03-13 10:24:17 [main] DEBUG l.i.uztis.pages.ApplicationFormsPage - Verified success message: 'Ruošinys sėkmingai išsaugotas.'
2025-03-13 10:24:17 [main] DEBUG l.i.u.t.SubmittedApplicationsPageTest - Clicked 'Submit' button after checkboxes.
2025-03-13 10:24:17 [main] DEBUG l.i.u.t.SubmittedApplicationsPageTest - Clicked 'SubmitConfirmation' button after checkboxes.
2025-03-13 10:24:17 [main] ERROR l.i.uztis.pages.ApplicationFormsPage - Failed to verify the success message: 'Paraiška sėkmingai pateikta ir užregistruota.'. Available messages: [Ruošinys sėkmingai išsaugotas.]
2025-03-13 10:24:17 [main] INFO  l.i.u.t.SubmittedApplicationsPageTest - Verified success message
2025-03-13 10:24:17 [main] INFO  l.i.u.t.SubmittedApplicationsPageTest - Test 'testFillNewDVPApplicationFA' completed successfully.
2025-03-13 11:06:15 [main] INFO  lt.insoft.uztis.tests.UztisPageTest - Navigated to https://uztisdev.asseco.lt/home
2025-03-13 11:06:15 [main] INFO  l.i.u.t.SubmittedApplicationsPageTest - Starting test:'testFillNewDVPApplicationFA'
2025-03-13 11:06:15 [main] DEBUG l.i.u.t.SubmittedApplicationsPageTest - User logged in with test credentials.
2025-03-13 11:06:16 [main] DEBUG l.i.u.t.SubmittedApplicationsPageTest - Opened 'Application Processing' menu.
2025-03-13 11:06:16 [main] DEBUG l.i.u.t.SubmittedApplicationsPageTest - Clicked on 'Application Forms' menu.
2025-03-13 11:06:19 [main] DEBUG l.i.u.t.SubmittedApplicationsPageTest - Retrieved last description code text: 'TST-DVP-58'.
2025-03-13 11:06:19 [main] DEBUG l.i.u.t.SubmittedApplicationsPageTest - Clicked on 'Invitation' menu.
2025-03-13 11:06:20 [main] DEBUG l.i.u.t.SubmittedApplicationsPageTest - Selected application section by code: 'TST-DVP-58'.
2025-03-13 11:06:20 [main] DEBUG l.i.u.t.SubmittedApplicationsPageTest - Clicked 'Search' button.
2025-03-13 11:06:20 [main] DEBUG l.i.u.t.SubmittedApplicationsPageTest - Retrieved invitation code: ''.
2025-03-13 11:06:20 [main] DEBUG l.i.u.t.SubmittedApplicationsPageTest - Clicked on 'Submitted Applications' menu.
2025-03-13 11:06:21 [main] DEBUG l.i.u.t.SubmittedApplicationsPageTest - Selected invitation by code: 'TST-DVP-58'.
2025-03-13 11:06:21 [main] DEBUG l.i.u.t.SubmittedApplicationsPageTest - Invitation code inserted.
2025-03-13 11:06:21 [main] DEBUG l.i.u.t.SubmittedApplicationsPageTest - Clicked on 'Action Application' button.
2025-03-13 11:06:22 [main] DEBUG l.i.u.t.SubmittedApplicationsPageTest - Clicked on 'New Application' button.
2025-03-13 11:06:22 [main] DEBUG l.i.u.t.SubmittedApplicationsPageTest - Selected the 'RadioButtonFA' option.
2025-03-13 11:06:22 [main] DEBUG l.i.u.t.SubmittedApplicationsPageTest - Entered phone number: '61298745'.
2025-03-13 11:06:22 [main] DEBUG l.i.u.t.SubmittedApplicationsPageTest - Entered email: 'test@autotest.com'.
2025-03-13 11:06:23 [main] DEBUG l.i.u.t.SubmittedApplicationsPageTest - Checked 'For workplace adaptation' checkbox 1.
2025-03-13 11:06:23 [main] DEBUG l.i.u.t.SubmittedApplicationsPageTest - Checked 'For environmental adaptation' checkbox 2.
2025-03-13 11:06:23 [main] INFO  l.i.u.p.SubmittedApplicationsPage - Located the dropdown button.
2025-03-13 11:06:41 [main] INFO  l.i.u.p.SubmittedApplicationsPage - Found 1741 options in the dropdown.
2025-03-13 11:06:42 [main] INFO  l.i.u.p.SubmittedApplicationsPage - Successfully selected the value: '01.11 - Grūdinių (išskyrus ryžius), ankštinių ir aliejingų sėklų augalų auginimas'
2025-03-13 11:06:52 [main] ERROR l.i.u.p.SubmittedApplicationsPage - Failed to close the dropdown with aria-expanded = 'false'. Attempting manual close.
2025-03-13 11:06:52 [main] INFO  l.i.u.p.SubmittedApplicationsPage - Manual close attempt for the dropdown using body click.
2025-03-13 11:06:52 [main] DEBUG l.i.u.t.SubmittedApplicationsPageTest - Selected EVRK value: '01.11 - Grūdinių (išskyrus ryžius), ankštinių ir aliejingų sėklų augalų auginimas'.
2025-03-13 11:06:52 [main] DEBUG l.i.u.t.SubmittedApplicationsPageTest - Clicked on 'Address Component' button.
2025-03-13 11:06:52 [main] INFO  l.i.u.p.SubmittedApplicationsPage - Located the dropdown button.
2025-03-13 11:06:55 [main] INFO  l.i.u.p.SubmittedApplicationsPage - Successfully selected the value: 'Lietuva'
2025-03-13 11:06:55 [main] DEBUG l.i.u.t.SubmittedApplicationsPageTest - Selected country: 'Lietuva'.
2025-03-13 11:06:55 [main] INFO  l.i.u.p.SubmittedApplicationsPage - Located the dropdown search field.
2025-03-13 11:06:55 [main] INFO  l.i.u.p.SubmittedApplicationsPage - Dropdown city is opened.
2025-03-13 11:06:56 [main] INFO  l.i.u.p.SubmittedApplicationsPage - Searched for value: 'Vilnius'
2025-03-13 11:06:57 [main] INFO  l.i.u.p.SubmittedApplicationsPage - Successfully selected: 'Vilnius'
2025-03-13 11:06:57 [main] INFO  l.i.u.p.SubmittedApplicationsPage - Located the dropdown button.
2025-03-13 11:06:58 [main] INFO  l.i.u.p.SubmittedApplicationsPage - Successfully selected the value: 'A. Domaševičiaus g.'
2025-03-13 11:06:58 [main] DEBUG l.i.u.t.SubmittedApplicationsPageTest - Selected street: 'A. Domaševičiaus g.'.
2025-03-13 11:06:58 [main] INFO  l.i.u.p.SubmittedApplicationsPage - Located the dropdown button.
2025-03-13 11:06:59 [main] INFO  l.i.u.p.SubmittedApplicationsPage - Successfully selected the value: '1'
2025-03-13 11:06:59 [main] DEBUG l.i.u.t.SubmittedApplicationsPageTest - Selected house: '1'.
2025-03-13 11:06:59 [main] INFO  l.i.u.p.SubmittedApplicationsPage - Located the dropdown button.
2025-03-13 11:07:00 [main] INFO  l.i.u.p.SubmittedApplicationsPage - Successfully selected the value: '1'
2025-03-13 11:07:00 [main] DEBUG l.i.u.t.SubmittedApplicationsPageTest - Selected apartment: '1'.
2025-03-13 11:07:00 [main] DEBUG l.i.u.t.SubmittedApplicationsPageTest - Clicked 'Confirm' button.
2025-03-13 11:07:00 [main] DEBUG l.i.u.t.SubmittedApplicationsPageTest - Selected 'For already working' option.
2025-03-13 11:07:00 [main] DEBUG l.i.u.t.SubmittedApplicationsPageTest - Selected 'For new working' option.
2025-03-13 11:07:00 [main] DEBUG l.i.u.t.SubmittedApplicationsPageTest - Entered person count2: '1'.
2025-03-13 11:07:00 [main] DEBUG l.i.u.t.SubmittedApplicationsPageTest - Clicked 'Next' button after checkboxes.
2025-03-13 11:07:00 [main] INFO  l.i.u.p.SubmittedApplicationsPage - Located the dropdown button.
2025-03-13 11:07:02 [main] INFO  l.i.u.p.SubmittedApplicationsPage - Successfully selected the value: 'Administratoriai'
2025-03-13 11:07:02 [main] DEBUG l.i.u.t.SubmittedApplicationsPageTest - Selected adaptable job name: 'Administratoriai'.
2025-03-13 11:07:02 [main] DEBUG l.i.u.t.SubmittedApplicationsPageTest - Entered job date.
2025-03-13 11:07:02 [main] DEBUG l.i.u.t.SubmittedApplicationsPageTest - Entered job function: 'Funkcija 1'.
2025-03-13 11:07:02 [main] DEBUG l.i.u.t.SubmittedApplicationsPageTest - Selected 'For already working' 'no' option.
2025-03-13 11:07:02 [main] INFO  l.i.u.p.SubmittedApplicationsPage - Clicking on the dropdown button.
2025-03-13 11:07:03 [main] INFO  l.i.u.p.SubmittedApplicationsPage - Found 6 options in the dropdown.
2025-03-13 11:07:03 [main] DEBUG l.i.u.p.SubmittedApplicationsPage - Checking option: 'Lengvo neįgalumo lygis ar 45-55 procentų dalyvumo lygis (iki 2023 m. gruodžio 31 d. – 45-55 procentų darbingumo lygis)'
2025-03-13 11:07:03 [main] INFO  l.i.u.p.SubmittedApplicationsPage - Successfully selected the value: 'Lengvo neįgalumo lygis ar 45-55 procentų dalyvumo lygis (iki 2023 m. gruodžio 31 d. – 45-55 procentų darbingumo lygis)'
2025-03-13 11:07:03 [main] INFO  l.i.u.p.SubmittedApplicationsPage - Attempting to close the dropdown.
2025-03-13 11:07:04 [main] DEBUG l.i.u.t.SubmittedApplicationsPageTest - Selected disabilities type: 'Lengvo neįgalumo lygis ar 45-55 procentų dalyvumo lygis (iki 2023 m. gruodžio 31 d. – 45-55 procentų darbingumo lygis)'.
2025-03-13 11:07:04 [main] DEBUG l.i.u.t.SubmittedApplicationsPageTest - Entered disability information: 'Negalia 1'.
2025-03-13 11:07:04 [main] DEBUG l.i.u.t.SubmittedApplicationsPageTest - Entered qualification: 'Kvalifikacija 1'.
2025-03-13 11:07:04 [main] DEBUG l.i.u.t.SubmittedApplicationsPageTest - Entered job description: 'Darbo vietos aprašymas 1'.
2025-03-13 11:07:04 [main] DEBUG l.i.u.t.SubmittedApplicationsPageTest - Entered equipment description: 'Priemonių įsigyjimas 1'.
2025-03-13 11:07:05 [main] DEBUG l.i.u.t.SubmittedApplicationsPageTest - Entered work information: 'Darbai 1'.
2025-03-13 11:07:05 [main] INFO  l.i.u.p.SubmittedApplicationsPage - Located the dropdown button.
2025-03-13 11:07:05 [main] INFO  l.i.u.p.SubmittedApplicationsPage - Successfully selected the value: 'Kita'
2025-03-13 11:07:05 [main] DEBUG l.i.u.t.SubmittedApplicationsPageTest - Selected time mode: 'Kita'.
2025-03-13 11:07:06 [main] DEBUG l.i.u.t.SubmittedApplicationsPageTest - Selected time mode other: '6 val. per dieną ir 4 d. per savaitę'.
2025-03-13 11:07:06 [main] DEBUG l.i.u.t.SubmittedApplicationsPageTest - Entered salary amount: '1200'.
2025-03-13 11:07:06 [main] DEBUG l.i.u.t.SubmittedApplicationsPageTest - Selected 'Temporary Job' radio button.
2025-03-13 11:07:06 [main] DEBUG l.i.u.t.SubmittedApplicationsPageTest - Selected 'Season Job' radio button.
2025-03-13 11:07:06 [main] DEBUG l.i.u.t.SubmittedApplicationsPageTest - Selected 'PVM' radio button.
2025-03-13 11:07:06 [main] INFO  l.i.u.p.SubmittedApplicationsPage - Located the dropdown button.
2025-03-13 11:07:07 [main] INFO  l.i.u.p.SubmittedApplicationsPage - Successfully selected the value: 'Darbo vietos pritaikymui'
2025-03-13 11:07:37 [main] ERROR l.i.u.p.SubmittedApplicationsPage - Timeout while waiting for dropdown to close with aria-expanded = 'false'.
2025-03-13 11:07:37 [main] DEBUG l.i.u.t.SubmittedApplicationsPageTest - Selected adaptable job name: 'Darbo vietos pritaikymui'.
2025-03-13 11:07:37 [main] DEBUG l.i.u.p.SubmittedApplicationsPage - Located and clicked the dropdown button 'Reikalinga'.
2025-03-13 11:07:37 [main] INFO  l.i.u.p.SubmittedApplicationsPage - Successfully selected the value: 'Įsigyti'
2025-03-13 11:07:37 [main] DEBUG l.i.u.t.SubmittedApplicationsPageTest - Selected necessary for job: 'Įsigyti'.
2025-03-13 11:07:37 [main] DEBUG l.i.u.t.SubmittedApplicationsPageTest - Selected tool: 'Darbo priemonė 1'.
2025-03-13 11:07:37 [main] DEBUG l.i.u.t.SubmittedApplicationsPageTest - Selected tool parameter one: 'Darbo priemonės 1 parametras 1'.
2025-03-13 11:07:38 [main] DEBUG l.i.u.t.SubmittedApplicationsPageTest - Selected tool parameter two: 'Darbo priemonės 1 parametras 2'.
2025-03-13 11:07:38 [main] DEBUG l.i.u.t.SubmittedApplicationsPageTest - Selected tool parameter three: 'Darbo priemonės 1 parametras 3'.
2025-03-13 11:07:38 [main] DEBUG l.i.u.t.SubmittedApplicationsPageTest - Entered tool count: '1'.
2025-03-13 11:07:38 [main] DEBUG l.i.u.t.SubmittedApplicationsPageTest - Entered price amount: '1000'.
2025-03-13 11:07:38 [main] DEBUG l.i.u.t.SubmittedApplicationsPageTest - Entered own funds amount: '800'.
2025-03-13 11:07:39 [main] DEBUG l.i.u.t.SubmittedApplicationsPageTest - Clicked 'Add' button.
2025-03-13 11:07:39 [main] INFO  l.i.u.p.SubmittedApplicationsPage - Located the dropdown button.
2025-03-13 11:07:39 [main] INFO  l.i.u.p.SubmittedApplicationsPage - Successfully selected the value: 'Aplinkos pritaikymui'
2025-03-13 11:08:10 [main] ERROR l.i.u.p.SubmittedApplicationsPage - Timeout while waiting for dropdown to close with aria-expanded = 'false'.
2025-03-13 11:08:10 [main] DEBUG l.i.u.t.SubmittedApplicationsPageTest - Selected adaptable job name: 'Aplinkos pritaikymui'.
2025-03-13 11:08:10 [main] DEBUG l.i.u.p.SubmittedApplicationsPage - Located and clicked the dropdown button 'Reikalinga'.
2025-03-13 11:08:10 [main] INFO  l.i.u.p.SubmittedApplicationsPage - Successfully selected the value: 'Remontuoti'
2025-03-13 11:08:21 [main] DEBUG l.i.u.t.SubmittedApplicationsPageTest - Selected necessary for job: 'Remontuoti'.
2025-03-13 11:08:21 [main] DEBUG l.i.u.t.SubmittedApplicationsPageTest - Selected tool: 'Darbo priemonė 2 remontui'.
2025-03-13 11:08:21 [main] DEBUG l.i.u.t.SubmittedApplicationsPageTest - Entered tool count: '2'.
2025-03-13 11:08:21 [main] DEBUG l.i.u.t.SubmittedApplicationsPageTest - Entered price amount: '1000'.
2025-03-13 11:08:21 [main] DEBUG l.i.u.t.SubmittedApplicationsPageTest - Entered own funds amount: '900'.
2025-03-13 11:08:22 [main] DEBUG l.i.u.t.SubmittedApplicationsPageTest - Selected 'De Minimis' radio button.
2025-03-13 11:08:22 [main] DEBUG l.i.u.t.SubmittedApplicationsPageTest - Entered program name: 'Programa 1'.
2025-03-13 11:08:22 [main] DEBUG l.i.u.t.SubmittedApplicationsPageTest - Entered project date from.
2025-03-13 11:08:22 [main] DEBUG l.i.u.t.SubmittedApplicationsPageTest - Entered project date until.
2025-03-13 11:08:22 [main] DEBUG l.i.u.t.SubmittedApplicationsPageTest - Entered support amount: '2000'.
2025-03-13 11:08:22 [main] DEBUG l.i.u.t.SubmittedApplicationsPageTest - Clicked 'Next' button.
2025-03-13 11:08:32 [main] DEBUG l.i.u.t.SubmittedApplicationsPageTest - Checked 'Legal Entities' checkbox 1.
2025-03-13 11:08:42 [main] DEBUG l.i.u.t.SubmittedApplicationsPageTest - Checked 'Legal Entities' checkbox 2.
2025-03-13 11:08:52 [main] DEBUG l.i.u.t.SubmittedApplicationsPageTest - Checked 'Legal Entities' checkbox 3.
2025-03-13 11:08:52 [main] DEBUG l.i.u.t.SubmittedApplicationsPageTest - Test finished: All 'Legal Entities' checkboxes checked successfully.
2025-03-13 11:08:53 [main] DEBUG l.i.u.t.SubmittedApplicationsPageTest - Clicked 'Next' button after checkboxes.
2025-03-13 11:09:03 [main] ERROR l.i.u.p.SubmittedApplicationsPage - Error selecting radio button: Expected condition failed: waiting for element to be clickable: By.xpath: (//input[@type='radio' and @value='false'])[8] (tried for 10 second(s) with 500 milliseconds interval)
Build info: version: '4.27.0', revision: 'd6e718d134'
System info: os.name: 'Windows 11', os.arch: 'amd64', os.version: '10.0', java.version: '21.0.3'
Driver info: org.openqa.selenium.chrome.ChromeDriver
Capabilities {acceptInsecureCerts: false, browserName: chrome, browserVersion: 134.0.6998.89, chrome: {chromedriverVersion: 134.0.6998.88 (7e3d5c978c6d..., userDataDir: C:\Users\INGRID~1.ZAD\AppDa...}, fedcm:accounts: true, goog:chromeOptions: {debuggerAddress: localhost:52572}, networkConnectionEnabled: false, pageLoadStrategy: normal, platformName: windows, proxy: Proxy(), se:cdp: ws://localhost:52572/devtoo..., se:cdpVersion: 134.0.6998.89, setWindowRect: true, strictFileInteractability: false, timeouts: {implicit: 0, pageLoad: 300000, script: 30000}, unhandledPromptBehavior: dismiss and notify, webauthn:extension:credBlob: true, webauthn:extension:largeBlob: true, webauthn:extension:minPinLength: true, webauthn:extension:prf: true, webauthn:virtualAuthenticators: true}
Session ID: 1fac4041c544ff4f496cee2981c54e78
2025-03-13 11:09:03 [main] INFO  l.i.u.t.SubmittedApplicationsPageTest - Marking 'Ne' radio button 1
2025-03-13 11:09:13 [main] ERROR l.i.u.p.SubmittedApplicationsPage - Error selecting radio button: Expected condition failed: waiting for element to be clickable: By.xpath: (//input[@type='radio' and @value='false'])[9] (tried for 10 second(s) with 500 milliseconds interval)
Build info: version: '4.27.0', revision: 'd6e718d134'
System info: os.name: 'Windows 11', os.arch: 'amd64', os.version: '10.0', java.version: '21.0.3'
Driver info: org.openqa.selenium.chrome.ChromeDriver
Capabilities {acceptInsecureCerts: false, browserName: chrome, browserVersion: 134.0.6998.89, chrome: {chromedriverVersion: 134.0.6998.88 (7e3d5c978c6d..., userDataDir: C:\Users\INGRID~1.ZAD\AppDa...}, fedcm:accounts: true, goog:chromeOptions: {debuggerAddress: localhost:52572}, networkConnectionEnabled: false, pageLoadStrategy: normal, platformName: windows, proxy: Proxy(), se:cdp: ws://localhost:52572/devtoo..., se:cdpVersion: 134.0.6998.89, setWindowRect: true, strictFileInteractability: false, timeouts: {implicit: 0, pageLoad: 300000, script: 30000}, unhandledPromptBehavior: dismiss and notify, webauthn:extension:credBlob: true, webauthn:extension:largeBlob: true, webauthn:extension:minPinLength: true, webauthn:extension:prf: true, webauthn:virtualAuthenticators: true}
Session ID: 1fac4041c544ff4f496cee2981c54e78
2025-03-13 11:09:13 [main] INFO  l.i.u.t.SubmittedApplicationsPageTest - Marking 'Ne' radio button 2
2025-03-13 11:09:23 [main] ERROR l.i.u.p.SubmittedApplicationsPage - Error selecting radio button: Expected condition failed: waiting for element to be clickable: By.xpath: (//input[@type='radio' and @value='false'])[10] (tried for 10 second(s) with 500 milliseconds interval)
Build info: version: '4.27.0', revision: 'd6e718d134'
System info: os.name: 'Windows 11', os.arch: 'amd64', os.version: '10.0', java.version: '21.0.3'
Driver info: org.openqa.selenium.chrome.ChromeDriver
Capabilities {acceptInsecureCerts: false, browserName: chrome, browserVersion: 134.0.6998.89, chrome: {chromedriverVersion: 134.0.6998.88 (7e3d5c978c6d..., userDataDir: C:\Users\INGRID~1.ZAD\AppDa...}, fedcm:accounts: true, goog:chromeOptions: {debuggerAddress: localhost:52572}, networkConnectionEnabled: false, pageLoadStrategy: normal, platformName: windows, proxy: Proxy(), se:cdp: ws://localhost:52572/devtoo..., se:cdpVersion: 134.0.6998.89, setWindowRect: true, strictFileInteractability: false, timeouts: {implicit: 0, pageLoad: 300000, script: 30000}, unhandledPromptBehavior: dismiss and notify, webauthn:extension:credBlob: true, webauthn:extension:largeBlob: true, webauthn:extension:minPinLength: true, webauthn:extension:prf: true, webauthn:virtualAuthenticators: true}
Session ID: 1fac4041c544ff4f496cee2981c54e78
2025-03-13 11:09:23 [main] INFO  l.i.u.t.SubmittedApplicationsPageTest - Marking 'Ne' radio button 3
2025-03-13 11:09:33 [main] ERROR l.i.u.p.SubmittedApplicationsPage - Error selecting radio button: Expected condition failed: waiting for element to be clickable: By.xpath: (//input[@type='radio' and @value='false'])[11] (tried for 10 second(s) with 500 milliseconds interval)
Build info: version: '4.27.0', revision: 'd6e718d134'
System info: os.name: 'Windows 11', os.arch: 'amd64', os.version: '10.0', java.version: '21.0.3'
Driver info: org.openqa.selenium.chrome.ChromeDriver
Capabilities {acceptInsecureCerts: false, browserName: chrome, browserVersion: 134.0.6998.89, chrome: {chromedriverVersion: 134.0.6998.88 (7e3d5c978c6d..., userDataDir: C:\Users\INGRID~1.ZAD\AppDa...}, fedcm:accounts: true, goog:chromeOptions: {debuggerAddress: localhost:52572}, networkConnectionEnabled: false, pageLoadStrategy: normal, platformName: windows, proxy: Proxy(), se:cdp: ws://localhost:52572/devtoo..., se:cdpVersion: 134.0.6998.89, setWindowRect: true, strictFileInteractability: false, timeouts: {implicit: 0, pageLoad: 300000, script: 30000}, unhandledPromptBehavior: dismiss and notify, webauthn:extension:credBlob: true, webauthn:extension:largeBlob: true, webauthn:extension:minPinLength: true, webauthn:extension:prf: true, webauthn:virtualAuthenticators: true}
Session ID: 1fac4041c544ff4f496cee2981c54e78
2025-03-13 11:09:33 [main] INFO  l.i.u.t.SubmittedApplicationsPageTest - Marking 'Ne' radio button 4
2025-03-13 11:09:43 [main] ERROR l.i.u.p.SubmittedApplicationsPage - Error selecting radio button: Expected condition failed: waiting for element to be clickable: By.xpath: (//input[@type='radio' and @value='false'])[12] (tried for 10 second(s) with 500 milliseconds interval)
Build info: version: '4.27.0', revision: 'd6e718d134'
System info: os.name: 'Windows 11', os.arch: 'amd64', os.version: '10.0', java.version: '21.0.3'
Driver info: org.openqa.selenium.chrome.ChromeDriver
Capabilities {acceptInsecureCerts: false, browserName: chrome, browserVersion: 134.0.6998.89, chrome: {chromedriverVersion: 134.0.6998.88 (7e3d5c978c6d..., userDataDir: C:\Users\INGRID~1.ZAD\AppDa...}, fedcm:accounts: true, goog:chromeOptions: {debuggerAddress: localhost:52572}, networkConnectionEnabled: false, pageLoadStrategy: normal, platformName: windows, proxy: Proxy(), se:cdp: ws://localhost:52572/devtoo..., se:cdpVersion: 134.0.6998.89, setWindowRect: true, strictFileInteractability: false, timeouts: {implicit: 0, pageLoad: 300000, script: 30000}, unhandledPromptBehavior: dismiss and notify, webauthn:extension:credBlob: true, webauthn:extension:largeBlob: true, webauthn:extension:minPinLength: true, webauthn:extension:prf: true, webauthn:virtualAuthenticators: true}
Session ID: 1fac4041c544ff4f496cee2981c54e78
2025-03-13 11:09:43 [main] INFO  l.i.u.t.SubmittedApplicationsPageTest - Marking 'Ne' radio button 5
2025-03-13 11:09:53 [main] ERROR l.i.u.p.SubmittedApplicationsPage - Error selecting radio button: Expected condition failed: waiting for element to be clickable: By.xpath: (//input[@type='radio' and @value='false'])[13] (tried for 10 second(s) with 500 milliseconds interval)
Build info: version: '4.27.0', revision: 'd6e718d134'
System info: os.name: 'Windows 11', os.arch: 'amd64', os.version: '10.0', java.version: '21.0.3'
Driver info: org.openqa.selenium.chrome.ChromeDriver
Capabilities {acceptInsecureCerts: false, browserName: chrome, browserVersion: 134.0.6998.89, chrome: {chromedriverVersion: 134.0.6998.88 (7e3d5c978c6d..., userDataDir: C:\Users\INGRID~1.ZAD\AppDa...}, fedcm:accounts: true, goog:chromeOptions: {debuggerAddress: localhost:52572}, networkConnectionEnabled: false, pageLoadStrategy: normal, platformName: windows, proxy: Proxy(), se:cdp: ws://localhost:52572/devtoo..., se:cdpVersion: 134.0.6998.89, setWindowRect: true, strictFileInteractability: false, timeouts: {implicit: 0, pageLoad: 300000, script: 30000}, unhandledPromptBehavior: dismiss and notify, webauthn:extension:credBlob: true, webauthn:extension:largeBlob: true, webauthn:extension:minPinLength: true, webauthn:extension:prf: true, webauthn:virtualAuthenticators: true}
Session ID: 1fac4041c544ff4f496cee2981c54e78
2025-03-13 11:09:53 [main] INFO  l.i.u.t.SubmittedApplicationsPageTest - Marking 'Ne' radio button 6
2025-03-13 11:10:03 [main] ERROR l.i.u.p.SubmittedApplicationsPage - Error selecting radio button: Expected condition failed: waiting for element to be clickable: By.xpath: (//input[@type='radio' and @value='true'])[14] (tried for 10 second(s) with 500 milliseconds interval)
Build info: version: '4.27.0', revision: 'd6e718d134'
System info: os.name: 'Windows 11', os.arch: 'amd64', os.version: '10.0', java.version: '21.0.3'
Driver info: org.openqa.selenium.chrome.ChromeDriver
Capabilities {acceptInsecureCerts: false, browserName: chrome, browserVersion: 134.0.6998.89, chrome: {chromedriverVersion: 134.0.6998.88 (7e3d5c978c6d..., userDataDir: C:\Users\INGRID~1.ZAD\AppDa...}, fedcm:accounts: true, goog:chromeOptions: {debuggerAddress: localhost:52572}, networkConnectionEnabled: false, pageLoadStrategy: normal, platformName: windows, proxy: Proxy(), se:cdp: ws://localhost:52572/devtoo..., se:cdpVersion: 134.0.6998.89, setWindowRect: true, strictFileInteractability: false, timeouts: {implicit: 0, pageLoad: 300000, script: 30000}, unhandledPromptBehavior: dismiss and notify, webauthn:extension:credBlob: true, webauthn:extension:largeBlob: true, webauthn:extension:minPinLength: true, webauthn:extension:prf: true, webauthn:virtualAuthenticators: true}
Session ID: 1fac4041c544ff4f496cee2981c54e78
2025-03-13 11:10:03 [main] INFO  l.i.u.t.SubmittedApplicationsPageTest - Marking 'Taip' radio button 7
2025-03-13 11:10:13 [main] ERROR l.i.u.p.SubmittedApplicationsPage - Error selecting radio button: Expected condition failed: waiting for element to be clickable: By.xpath: (//input[@type='radio' and @value='true'])[15] (tried for 10 second(s) with 500 milliseconds interval)
Build info: version: '4.27.0', revision: 'd6e718d134'
System info: os.name: 'Windows 11', os.arch: 'amd64', os.version: '10.0', java.version: '21.0.3'
Driver info: org.openqa.selenium.chrome.ChromeDriver
Capabilities {acceptInsecureCerts: false, browserName: chrome, browserVersion: 134.0.6998.89, chrome: {chromedriverVersion: 134.0.6998.88 (7e3d5c978c6d..., userDataDir: C:\Users\INGRID~1.ZAD\AppDa...}, fedcm:accounts: true, goog:chromeOptions: {debuggerAddress: localhost:52572}, networkConnectionEnabled: false, pageLoadStrategy: normal, platformName: windows, proxy: Proxy(), se:cdp: ws://localhost:52572/devtoo..., se:cdpVersion: 134.0.6998.89, setWindowRect: true, strictFileInteractability: false, timeouts: {implicit: 0, pageLoad: 300000, script: 30000}, unhandledPromptBehavior: dismiss and notify, webauthn:extension:credBlob: true, webauthn:extension:largeBlob: true, webauthn:extension:minPinLength: true, webauthn:extension:prf: true, webauthn:virtualAuthenticators: true}
Session ID: 1fac4041c544ff4f496cee2981c54e78
2025-03-13 11:10:13 [main] INFO  l.i.u.t.SubmittedApplicationsPageTest - Marking 'Taip' radio button 8
2025-03-13 11:10:23 [main] ERROR l.i.u.p.SubmittedApplicationsPage - Error selecting radio button: Expected condition failed: waiting for element to be clickable: By.xpath: (//input[@type='radio' and @value='true'])[16] (tried for 10 second(s) with 500 milliseconds interval)
Build info: version: '4.27.0', revision: 'd6e718d134'
System info: os.name: 'Windows 11', os.arch: 'amd64', os.version: '10.0', java.version: '21.0.3'
Driver info: org.openqa.selenium.chrome.ChromeDriver
Capabilities {acceptInsecureCerts: false, browserName: chrome, browserVersion: 134.0.6998.89, chrome: {chromedriverVersion: 134.0.6998.88 (7e3d5c978c6d..., userDataDir: C:\Users\INGRID~1.ZAD\AppDa...}, fedcm:accounts: true, goog:chromeOptions: {debuggerAddress: localhost:52572}, networkConnectionEnabled: false, pageLoadStrategy: normal, platformName: windows, proxy: Proxy(), se:cdp: ws://localhost:52572/devtoo..., se:cdpVersion: 134.0.6998.89, setWindowRect: true, strictFileInteractability: false, timeouts: {implicit: 0, pageLoad: 300000, script: 30000}, unhandledPromptBehavior: dismiss and notify, webauthn:extension:credBlob: true, webauthn:extension:largeBlob: true, webauthn:extension:minPinLength: true, webauthn:extension:prf: true, webauthn:virtualAuthenticators: true}
Session ID: 1fac4041c544ff4f496cee2981c54e78
2025-03-13 11:10:23 [main] INFO  l.i.u.t.SubmittedApplicationsPageTest - Marking 'Taip' radio button 9
2025-03-13 11:10:33 [main] ERROR l.i.u.p.SubmittedApplicationsPage - Error selecting radio button: Expected condition failed: waiting for element to be clickable: By.xpath: (//input[@type='radio' and @value='true'])[17] (tried for 10 second(s) with 500 milliseconds interval)
Build info: version: '4.27.0', revision: 'd6e718d134'
System info: os.name: 'Windows 11', os.arch: 'amd64', os.version: '10.0', java.version: '21.0.3'
Driver info: org.openqa.selenium.chrome.ChromeDriver
Capabilities {acceptInsecureCerts: false, browserName: chrome, browserVersion: 134.0.6998.89, chrome: {chromedriverVersion: 134.0.6998.88 (7e3d5c978c6d..., userDataDir: C:\Users\INGRID~1.ZAD\AppDa...}, fedcm:accounts: true, goog:chromeOptions: {debuggerAddress: localhost:52572}, networkConnectionEnabled: false, pageLoadStrategy: normal, platformName: windows, proxy: Proxy(), se:cdp: ws://localhost:52572/devtoo..., se:cdpVersion: 134.0.6998.89, setWindowRect: true, strictFileInteractability: false, timeouts: {implicit: 0, pageLoad: 300000, script: 30000}, unhandledPromptBehavior: dismiss and notify, webauthn:extension:credBlob: true, webauthn:extension:largeBlob: true, webauthn:extension:minPinLength: true, webauthn:extension:prf: true, webauthn:virtualAuthenticators: true}
Session ID: 1fac4041c544ff4f496cee2981c54e78
2025-03-13 11:10:33 [main] INFO  l.i.u.t.SubmittedApplicationsPageTest - Marking 'Taip' radio button 10
2025-03-13 11:10:43 [main] ERROR l.i.u.p.SubmittedApplicationsPage - Error selecting radio button: Expected condition failed: waiting for element to be clickable: By.xpath: (//input[@type='radio' and @value='true'])[18] (tried for 10 second(s) with 500 milliseconds interval)
Build info: version: '4.27.0', revision: 'd6e718d134'
System info: os.name: 'Windows 11', os.arch: 'amd64', os.version: '10.0', java.version: '21.0.3'
Driver info: org.openqa.selenium.chrome.ChromeDriver
Capabilities {acceptInsecureCerts: false, browserName: chrome, browserVersion: 134.0.6998.89, chrome: {chromedriverVersion: 134.0.6998.88 (7e3d5c978c6d..., userDataDir: C:\Users\INGRID~1.ZAD\AppDa...}, fedcm:accounts: true, goog:chromeOptions: {debuggerAddress: localhost:52572}, networkConnectionEnabled: false, pageLoadStrategy: normal, platformName: windows, proxy: Proxy(), se:cdp: ws://localhost:52572/devtoo..., se:cdpVersion: 134.0.6998.89, setWindowRect: true, strictFileInteractability: false, timeouts: {implicit: 0, pageLoad: 300000, script: 30000}, unhandledPromptBehavior: dismiss and notify, webauthn:extension:credBlob: true, webauthn:extension:largeBlob: true, webauthn:extension:minPinLength: true, webauthn:extension:prf: true, webauthn:virtualAuthenticators: true}
Session ID: 1fac4041c544ff4f496cee2981c54e78
2025-03-13 11:10:43 [main] INFO  l.i.u.t.SubmittedApplicationsPageTest - Marking 'Taip' radio button 11
2025-03-13 11:10:53 [main] ERROR l.i.u.p.SubmittedApplicationsPage - Error selecting radio button: Expected condition failed: waiting for element to be clickable: By.xpath: (//input[@type='radio' and @value='true'])[19] (tried for 10 second(s) with 500 milliseconds interval)
Build info: version: '4.27.0', revision: 'd6e718d134'
System info: os.name: 'Windows 11', os.arch: 'amd64', os.version: '10.0', java.version: '21.0.3'
Driver info: org.openqa.selenium.chrome.ChromeDriver
Capabilities {acceptInsecureCerts: false, browserName: chrome, browserVersion: 134.0.6998.89, chrome: {chromedriverVersion: 134.0.6998.88 (7e3d5c978c6d..., userDataDir: C:\Users\INGRID~1.ZAD\AppDa...}, fedcm:accounts: true, goog:chromeOptions: {debuggerAddress: localhost:52572}, networkConnectionEnabled: false, pageLoadStrategy: normal, platformName: windows, proxy: Proxy(), se:cdp: ws://localhost:52572/devtoo..., se:cdpVersion: 134.0.6998.89, setWindowRect: true, strictFileInteractability: false, timeouts: {implicit: 0, pageLoad: 300000, script: 30000}, unhandledPromptBehavior: dismiss and notify, webauthn:extension:credBlob: true, webauthn:extension:largeBlob: true, webauthn:extension:minPinLength: true, webauthn:extension:prf: true, webauthn:virtualAuthenticators: true}
Session ID: 1fac4041c544ff4f496cee2981c54e78
2025-03-13 11:10:53 [main] INFO  l.i.u.t.SubmittedApplicationsPageTest - Marking 'Taip' radio button 12
2025-03-13 11:11:04 [main] DEBUG l.i.u.t.SubmittedApplicationsPageTest - Checked 'ConfirmationStepFour'
2025-03-13 11:11:04 [main] DEBUG l.i.u.t.SubmittedApplicationsPageTest - Clicked 'Next' button after checkboxes.
2025-03-13 11:11:04 [main] INFO  l.i.u.p.SubmittedApplicationsPage - File uploaded successfully to an input element.
2025-03-13 11:11:04 [main] INFO  l.i.u.p.SubmittedApplicationsPage - File uploaded successfully to an input element.
2025-03-13 11:11:04 [main] INFO  l.i.u.p.SubmittedApplicationsPage - File uploaded successfully to an input element.
2025-03-13 11:11:04 [main] INFO  l.i.u.p.SubmittedApplicationsPage - File uploaded successfully to an input element.
2025-03-13 11:11:04 [main] INFO  l.i.u.p.SubmittedApplicationsPage - File uploaded successfully to an input element.
2025-03-13 11:11:04 [main] INFO  l.i.u.p.SubmittedApplicationsPage - File uploaded successfully to an input element.
2025-03-13 11:11:04 [main] INFO  l.i.u.p.SubmittedApplicationsPage - File uploaded successfully to an input element.
2025-03-13 11:11:04 [main] INFO  l.i.u.p.SubmittedApplicationsPage - File uploaded successfully to an input element.
2025-03-13 11:11:04 [main] DEBUG l.i.u.t.SubmittedApplicationsPageTest - Entered program name: 'Dokumentas 1'.
2025-03-13 11:11:04 [main] DEBUG l.i.u.t.SubmittedApplicationsPageTest - Entered program name: 'Dokumentas 2'.
2025-03-13 11:11:05 [main] DEBUG l.i.u.t.SubmittedApplicationsPageTest - Entered program name: 'Dokumentas 3'.
2025-03-13 11:11:05 [main] DEBUG l.i.u.t.SubmittedApplicationsPageTest - Entered program name: 'Dokumentas 4'.
2025-03-13 11:11:05 [main] DEBUG l.i.u.t.SubmittedApplicationsPageTest - Entered program name: 'Dokumentas 5'.
2025-03-13 11:11:05 [main] DEBUG l.i.u.t.SubmittedApplicationsPageTest - Entered program name: 'Dokumentas 6'.
2025-03-13 11:11:05 [main] DEBUG l.i.u.t.SubmittedApplicationsPageTest - Entered program name: 'Dokumentas 4'.
2025-03-13 11:11:05 [main] DEBUG l.i.u.t.SubmittedApplicationsPageTest - Entered program name: 'Dokumentas 8'.
2025-03-13 11:11:15 [main] DEBUG l.i.u.t.SubmittedApplicationsPageTest - Checked 'ConfirmationDocument'
2025-03-13 11:11:26 [main] DEBUG l.i.u.t.SubmittedApplicationsPageTest - Checked 'ConfirmationApplication'
2025-03-13 11:11:26 [main] DEBUG l.i.u.t.SubmittedApplicationsPageTest - Clicked 'Review' button after checkboxes.
2025-03-13 11:11:26 [main] DEBUG l.i.u.t.SubmittedApplicationsPageTest - Clicked 'SaveDraft' button after checkboxes.
2025-03-13 11:11:26 [main] DEBUG l.i.uztis.pages.ApplicationFormsPage - Verified success message: 'Ruošinys sėkmingai išsaugotas.'
2025-03-13 11:11:36 [main] ERROR l.i.u.t.SubmittedApplicationsPageTest - Test 'testFillNewDVPApplicationFA' failed with error: no such element: Unable to locate element: {"method":"xpath","selector":"//common-button/button[contains(text(), 'Pateikti')]"}
  (Session info: chrome=134.0.6998.89)
For documentation on this error, please visit: https://www.selenium.dev/documentation/webdriver/troubleshooting/errors#no-such-element-exception
Build info: version: '4.27.0', revision: 'd6e718d134'
System info: os.name: 'Windows 11', os.arch: 'amd64', os.version: '10.0', java.version: '21.0.3'
Driver info: org.openqa.selenium.chrome.ChromeDriver
Command: [1fac4041c544ff4f496cee2981c54e78, findElement {using=xpath, value=//common-button/button[contains(text(), 'Pateikti')]}]
Capabilities {acceptInsecureCerts: false, browserName: chrome, browserVersion: 134.0.6998.89, chrome: {chromedriverVersion: 134.0.6998.88 (7e3d5c978c6d..., userDataDir: C:\Users\INGRID~1.ZAD\AppDa...}, fedcm:accounts: true, goog:chromeOptions: {debuggerAddress: localhost:52572}, networkConnectionEnabled: false, pageLoadStrategy: normal, platformName: windows, proxy: Proxy(), se:cdp: ws://localhost:52572/devtoo..., se:cdpVersion: 134.0.6998.89, setWindowRect: true, strictFileInteractability: false, timeouts: {implicit: 0, pageLoad: 300000, script: 30000}, unhandledPromptBehavior: dismiss and notify, webauthn:extension:credBlob: true, webauthn:extension:largeBlob: true, webauthn:extension:minPinLength: true, webauthn:extension:prf: true, webauthn:virtualAuthenticators: true}
Session ID: 1fac4041c544ff4f496cee2981c54e78
org.openqa.selenium.NoSuchElementException: no such element: Unable to locate element: {"method":"xpath","selector":"//common-button/button[contains(text(), 'Pateikti')]"}
  (Session info: chrome=134.0.6998.89)
For documentation on this error, please visit: https://www.selenium.dev/documentation/webdriver/troubleshooting/errors#no-such-element-exception
Build info: version: '4.27.0', revision: 'd6e718d134'
System info: os.name: 'Windows 11', os.arch: 'amd64', os.version: '10.0', java.version: '21.0.3'
Driver info: org.openqa.selenium.chrome.ChromeDriver
Command: [1fac4041c544ff4f496cee2981c54e78, findElement {using=xpath, value=//common-button/button[contains(text(), 'Pateikti')]}]
Capabilities {acceptInsecureCerts: false, browserName: chrome, browserVersion: 134.0.6998.89, chrome: {chromedriverVersion: 134.0.6998.88 (7e3d5c978c6d..., userDataDir: C:\Users\INGRID~1.ZAD\AppDa...}, fedcm:accounts: true, goog:chromeOptions: {debuggerAddress: localhost:52572}, networkConnectionEnabled: false, pageLoadStrategy: normal, platformName: windows, proxy: Proxy(), se:cdp: ws://localhost:52572/devtoo..., se:cdpVersion: 134.0.6998.89, setWindowRect: true, strictFileInteractability: false, timeouts: {implicit: 0, pageLoad: 300000, script: 30000}, unhandledPromptBehavior: dismiss and notify, webauthn:extension:credBlob: true, webauthn:extension:largeBlob: true, webauthn:extension:minPinLength: true, webauthn:extension:prf: true, webauthn:virtualAuthenticators: true}
Session ID: 1fac4041c544ff4f496cee2981c54e78
	at java.base/jdk.internal.reflect.DirectConstructorHandleAccessor.newInstance(DirectConstructorHandleAccessor.java:62)
	at java.base/java.lang.reflect.Constructor.newInstanceWithCaller(Constructor.java:502)
	at java.base/java.lang.reflect.Constructor.newInstance(Constructor.java:486)
	at org.openqa.selenium.remote.ErrorCodec.decode(ErrorCodec.java:167)
	at org.openqa.selenium.remote.codec.w3c.W3CHttpResponseCodec.decode(W3CHttpResponseCodec.java:138)
	at org.openqa.selenium.remote.codec.w3c.W3CHttpResponseCodec.decode(W3CHttpResponseCodec.java:50)
	at org.openqa.selenium.remote.HttpCommandExecutor.execute(HttpCommandExecutor.java:190)
	at org.openqa.selenium.remote.service.DriverCommandExecutor.invokeExecute(DriverCommandExecutor.java:216)
	at org.openqa.selenium.remote.service.DriverCommandExecutor.execute(DriverCommandExecutor.java:174)
	at org.openqa.selenium.remote.RemoteWebDriver.execute(RemoteWebDriver.java:545)
	at org.openqa.selenium.remote.ElementLocation$ElementFinder$2.findElement(ElementLocation.java:165)
	at org.openqa.selenium.remote.ElementLocation.findElement(ElementLocation.java:59)
	at org.openqa.selenium.remote.RemoteWebDriver.findElement(RemoteWebDriver.java:368)
	at org.openqa.selenium.remote.RemoteWebDriver.findElement(RemoteWebDriver.java:362)
	at org.openqa.selenium.support.pagefactory.DefaultElementLocator.findElement(DefaultElementLocator.java:68)
	at org.openqa.selenium.support.pagefactory.internal.LocatingElementHandler.invoke(LocatingElementHandler.java:38)
	at jdk.proxy2/jdk.proxy2.$Proxy14.isSelected(Unknown Source)
	at lt.insoft.uztis.pages.SubmittedApplicationsPage.clickButtonSubmit(SubmittedApplicationsPage.java:866)
	at lt.insoft.uztis.tests.SubmittedApplicationsPageTest.testFillNewDVPApplicationFA(SubmittedApplicationsPageTest.java:889)
	at java.base/jdk.internal.reflect.DirectMethodHandleAccessor.invoke(DirectMethodHandleAccessor.java:103)
	at java.base/java.lang.reflect.Method.invoke(Method.java:580)
	at org.junit.platform.commons.util.ReflectionUtils.invokeMethod(ReflectionUtils.java:728)
	at org.junit.jupiter.engine.execution.MethodInvocation.proceed(MethodInvocation.java:60)
	at org.junit.jupiter.engine.execution.InvocationInterceptorChain$ValidatingInvocation.proceed(InvocationInterceptorChain.java:131)
	at org.junit.jupiter.engine.extension.TimeoutExtension.intercept(TimeoutExtension.java:156)
	at org.junit.jupiter.engine.extension.TimeoutExtension.interceptTestableMethod(TimeoutExtension.java:147)
	at org.junit.jupiter.engine.extension.TimeoutExtension.interceptTestMethod(TimeoutExtension.java:86)
	at org.junit.jupiter.engine.execution.InterceptingExecutableInvoker$ReflectiveInterceptorCall.lambda$ofVoidMethod$0(InterceptingExecutableInvoker.java:103)
	at org.junit.jupiter.engine.execution.InterceptingExecutableInvoker.lambda$invoke$0(InterceptingExecutableInvoker.java:93)
	at org.junit.jupiter.engine.execution.InvocationInterceptorChain$InterceptedInvocation.proceed(InvocationInterceptorChain.java:106)
	at org.junit.jupiter.engine.execution.InvocationInterceptorChain.proceed(InvocationInterceptorChain.java:64)
	at org.junit.jupiter.engine.execution.InvocationInterceptorChain.chainAndInvoke(InvocationInterceptorChain.java:45)
	at org.junit.jupiter.engine.execution.InvocationInterceptorChain.invoke(InvocationInterceptorChain.java:37)
	at org.junit.jupiter.engine.execution.InterceptingExecutableInvoker.invoke(InterceptingExecutableInvoker.java:92)
	at org.junit.jupiter.engine.execution.InterceptingExecutableInvoker.invoke(InterceptingExecutableInvoker.java:86)
	at org.junit.jupiter.engine.descriptor.TestMethodTestDescriptor.lambda$invokeTestMethod$7(TestMethodTestDescriptor.java:218)
	at org.junit.platform.engine.support.hierarchical.ThrowableCollector.execute(ThrowableCollector.java:73)
	at org.junit.jupiter.engine.descriptor.TestMethodTestDescriptor.invokeTestMethod(TestMethodTestDescriptor.java:214)
	at org.junit.jupiter.engine.descriptor.TestMethodTestDescriptor.execute(TestMethodTestDescriptor.java:139)
	at org.junit.jupiter.engine.descriptor.TestMethodTestDescriptor.execute(TestMethodTestDescriptor.java:69)
	at org.junit.platform.engine.support.hierarchical.NodeTestTask.lambda$executeRecursively$6(NodeTestTask.java:151)
	at org.junit.platform.engine.support.hierarchical.ThrowableCollector.execute(ThrowableCollector.java:73)
	at org.junit.platform.engine.support.hierarchical.NodeTestTask.lambda$executeRecursively$8(NodeTestTask.java:141)
	at org.junit.platform.engine.support.hierarchical.Node.around(Node.java:137)
	at org.junit.platform.engine.support.hierarchical.NodeTestTask.lambda$executeRecursively$9(NodeTestTask.java:139)
	at org.junit.platform.engine.support.hierarchical.ThrowableCollector.execute(ThrowableCollector.java:73)
	at org.junit.platform.engine.support.hierarchical.NodeTestTask.executeRecursively(NodeTestTask.java:138)
	at org.junit.platform.engine.support.hierarchical.NodeTestTask.execute(NodeTestTask.java:95)
	at java.base/java.util.ArrayList.forEach(ArrayList.java:1596)
	at org.junit.platform.engine.support.hierarchical.SameThreadHierarchicalTestExecutorService.invokeAll(SameThreadHierarchicalTestExecutorService.java:41)
	at org.junit.platform.engine.support.hierarchical.NodeTestTask.lambda$executeRecursively$6(NodeTestTask.java:155)
	at org.junit.platform.engine.support.hierarchical.ThrowableCollector.execute(ThrowableCollector.java:73)
	at org.junit.platform.engine.support.hierarchical.NodeTestTask.lambda$executeRecursively$8(NodeTestTask.java:141)
	at org.junit.platform.engine.support.hierarchical.Node.around(Node.java:137)
	at org.junit.platform.engine.support.hierarchical.NodeTestTask.lambda$executeRecursively$9(NodeTestTask.java:139)
	at org.junit.platform.engine.support.hierarchical.ThrowableCollector.execute(ThrowableCollector.java:73)
	at org.junit.platform.engine.support.hierarchical.NodeTestTask.executeRecursively(NodeTestTask.java:138)
	at org.junit.platform.engine.support.hierarchical.NodeTestTask.execute(NodeTestTask.java:95)
	at java.base/java.util.ArrayList.forEach(ArrayList.java:1596)
	at org.junit.platform.engine.support.hierarchical.SameThreadHierarchicalTestExecutorService.invokeAll(SameThreadHierarchicalTestExecutorService.java:41)
	at org.junit.platform.engine.support.hierarchical.NodeTestTask.lambda$executeRecursively$6(NodeTestTask.java:155)
	at org.junit.platform.engine.support.hierarchical.ThrowableCollector.execute(ThrowableCollector.java:73)
	at org.junit.platform.engine.support.hierarchical.NodeTestTask.lambda$executeRecursively$8(NodeTestTask.java:141)
	at org.junit.platform.engine.support.hierarchical.Node.around(Node.java:137)
	at org.junit.platform.engine.support.hierarchical.NodeTestTask.lambda$executeRecursively$9(NodeTestTask.java:139)
	at org.junit.platform.engine.support.hierarchical.ThrowableCollector.execute(ThrowableCollector.java:73)
	at org.junit.platform.engine.support.hierarchical.NodeTestTask.executeRecursively(NodeTestTask.java:138)
	at org.junit.platform.engine.support.hierarchical.NodeTestTask.execute(NodeTestTask.java:95)
	at org.junit.platform.engine.support.hierarchical.SameThreadHierarchicalTestExecutorService.submit(SameThreadHierarchicalTestExecutorService.java:35)
	at org.junit.platform.engine.support.hierarchical.HierarchicalTestExecutor.execute(HierarchicalTestExecutor.java:57)
	at org.junit.platform.engine.support.hierarchical.HierarchicalTestEngine.execute(HierarchicalTestEngine.java:54)
	at org.junit.platform.launcher.core.EngineExecutionOrchestrator.execute(EngineExecutionOrchestrator.java:198)
	at org.junit.platform.launcher.core.EngineExecutionOrchestrator.execute(EngineExecutionOrchestrator.java:169)
	at org.junit.platform.launcher.core.EngineExecutionOrchestrator.execute(EngineExecutionOrchestrator.java:93)
	at org.junit.platform.launcher.core.EngineExecutionOrchestrator.lambda$execute$0(EngineExecutionOrchestrator.java:58)
	at org.junit.platform.launcher.core.EngineExecutionOrchestrator.withInterceptedStreams(EngineExecutionOrchestrator.java:141)
	at org.junit.platform.launcher.core.EngineExecutionOrchestrator.execute(EngineExecutionOrchestrator.java:57)
	at org.junit.platform.launcher.core.DefaultLauncher.execute(DefaultLauncher.java:103)
	at org.junit.platform.launcher.core.DefaultLauncher.execute(DefaultLauncher.java:85)
	at org.junit.platform.launcher.core.DelegatingLauncher.execute(DelegatingLauncher.java:47)
	at org.junit.platform.launcher.core.SessionPerRequestLauncher.execute(SessionPerRequestLauncher.java:63)
	at com.intellij.junit5.JUnit5IdeaTestRunner.startRunnerWithArgs(JUnit5IdeaTestRunner.java:57)
	at com.intellij.rt.junit.IdeaTestRunner$Repeater$1.execute(IdeaTestRunner.java:38)
	at com.intellij.rt.execution.junit.TestsRepeater.repeat(TestsRepeater.java:11)
	at com.intellij.rt.junit.IdeaTestRunner$Repeater.startRunnerWithArgs(IdeaTestRunner.java:35)
	at com.intellij.rt.junit.JUnitStarter.prepareStreamsAndStart(JUnitStarter.java:232)
	at com.intellij.rt.junit.JUnitStarter.main(JUnitStarter.java:55)
2025-03-13 11:11:36 [main] INFO  l.insoft.uztis.tests.utils.TestUtils - Screenshot moved to C:\Users\ingrida.zadorozniene\Desktop\Asm\UZTIS\UZTIS_tests\test-output\screenshots\20250313\111136626_testFillNewDVPApplicationFA().png
2025-03-13 11:45:17 [main] INFO  lt.insoft.uztis.tests.UztisPageTest - Navigated to https://uztisdev.asseco.lt/home
2025-03-13 11:45:18 [main] INFO  l.i.u.t.SubmittedApplicationsPageTest - Starting test:'testFillNewDVPApplicationFA'
2025-03-13 11:45:18 [main] DEBUG l.i.u.t.SubmittedApplicationsPageTest - User logged in with test credentials.
2025-03-13 11:45:18 [main] DEBUG l.i.u.t.SubmittedApplicationsPageTest - Opened 'Application Processing' menu.
2025-03-13 11:45:18 [main] DEBUG l.i.u.t.SubmittedApplicationsPageTest - Clicked on 'Application Forms' menu.
2025-03-13 11:45:19 [main] DEBUG l.i.u.t.SubmittedApplicationsPageTest - Retrieved last description code text: 'TST-DVP-58'.
2025-03-13 11:45:19 [main] DEBUG l.i.u.t.SubmittedApplicationsPageTest - Clicked on 'Invitation' menu.
2025-03-13 11:45:20 [main] DEBUG l.i.u.t.SubmittedApplicationsPageTest - Selected application section by code: 'TST-DVP-58'.
2025-03-13 11:45:20 [main] DEBUG l.i.u.t.SubmittedApplicationsPageTest - Clicked 'Search' button.
2025-03-13 11:45:20 [main] DEBUG l.i.u.t.SubmittedApplicationsPageTest - Retrieved invitation code: ''.
2025-03-13 11:45:21 [main] DEBUG l.i.u.t.SubmittedApplicationsPageTest - Clicked on 'Submitted Applications' menu.
2025-03-13 11:45:22 [main] DEBUG l.i.u.t.SubmittedApplicationsPageTest - Selected invitation by code: 'TST-DVP-58'.
2025-03-13 11:45:22 [main] DEBUG l.i.u.t.SubmittedApplicationsPageTest - Invitation code inserted.
2025-03-13 11:45:22 [main] DEBUG l.i.u.t.SubmittedApplicationsPageTest - Clicked on 'Action Application' button.
2025-03-13 11:45:22 [main] DEBUG l.i.u.t.SubmittedApplicationsPageTest - Clicked on 'New Application' button.
2025-03-13 11:45:22 [main] DEBUG l.i.u.t.SubmittedApplicationsPageTest - Selected the 'RadioButtonFA' option.
2025-03-13 11:45:23 [main] DEBUG l.i.u.t.SubmittedApplicationsPageTest - Entered phone number: '61298745'.
2025-03-13 11:45:23 [main] DEBUG l.i.u.t.SubmittedApplicationsPageTest - Entered email: 'test@autotest.com'.
2025-03-13 11:45:23 [main] DEBUG l.i.u.t.SubmittedApplicationsPageTest - Checked 'For workplace adaptation' checkbox 1.
2025-03-13 11:45:23 [main] DEBUG l.i.u.t.SubmittedApplicationsPageTest - Checked 'For environmental adaptation' checkbox 2.
2025-03-13 11:45:23 [main] INFO  l.i.u.p.SubmittedApplicationsPage - Located the dropdown button.
2025-03-13 11:45:40 [main] INFO  l.i.u.p.SubmittedApplicationsPage - Found 1741 options in the dropdown.
2025-03-13 11:45:40 [main] INFO  l.i.u.p.SubmittedApplicationsPage - Successfully selected the value: '01.11 - Grūdinių (išskyrus ryžius), ankštinių ir aliejingų sėklų augalų auginimas'
2025-03-13 11:45:50 [main] ERROR l.i.u.p.SubmittedApplicationsPage - Failed to close the dropdown with aria-expanded = 'false'. Attempting manual close.
2025-03-13 11:45:50 [main] INFO  l.i.u.p.SubmittedApplicationsPage - Manual close attempt for the dropdown using body click.
2025-03-13 11:45:50 [main] DEBUG l.i.u.t.SubmittedApplicationsPageTest - Selected EVRK value: '01.11 - Grūdinių (išskyrus ryžius), ankštinių ir aliejingų sėklų augalų auginimas'.
2025-03-13 11:45:50 [main] DEBUG l.i.u.t.SubmittedApplicationsPageTest - Clicked on 'Address Component' button.
2025-03-13 11:45:50 [main] INFO  l.i.u.p.SubmittedApplicationsPage - Located the dropdown button.
2025-03-13 11:45:53 [main] INFO  l.i.u.p.SubmittedApplicationsPage - Successfully selected the value: 'Lietuva'
2025-03-13 11:45:53 [main] DEBUG l.i.u.t.SubmittedApplicationsPageTest - Selected country: 'Lietuva'.
2025-03-13 11:45:53 [main] INFO  l.i.u.p.SubmittedApplicationsPage - Located the dropdown search field.
2025-03-13 11:45:53 [main] INFO  l.i.u.p.SubmittedApplicationsPage - Dropdown city is opened.
2025-03-13 11:45:54 [main] INFO  l.i.u.p.SubmittedApplicationsPage - Searched for value: 'Vilnius'
2025-03-13 11:45:55 [main] INFO  l.i.u.p.SubmittedApplicationsPage - Successfully selected: 'Vilnius'
2025-03-13 11:45:55 [main] INFO  l.i.u.p.SubmittedApplicationsPage - Located the dropdown button.
2025-03-13 11:45:55 [main] WARN  l.i.u.p.SubmittedApplicationsPage - Dropdown value 'A. Domaševičiaus g.' not found.
2025-03-13 11:49:08 [main] INFO  lt.insoft.uztis.tests.UztisPageTest - Navigated to https://uztisdev.asseco.lt/home
2025-03-13 11:49:08 [main] INFO  l.i.u.t.SubmittedApplicationsPageTest - Starting test:'testFillNewDVPApplicationFA'
2025-03-13 11:49:08 [main] DEBUG l.i.u.t.SubmittedApplicationsPageTest - User logged in with test credentials.
2025-03-13 11:49:08 [main] DEBUG l.i.u.t.SubmittedApplicationsPageTest - Opened 'Application Processing' menu.
2025-03-13 11:49:08 [main] DEBUG l.i.u.t.SubmittedApplicationsPageTest - Clicked on 'Application Forms' menu.
2025-03-13 11:49:09 [main] DEBUG l.i.u.t.SubmittedApplicationsPageTest - Retrieved last description code text: 'TST-DVP-58'.
2025-03-13 11:49:09 [main] DEBUG l.i.u.t.SubmittedApplicationsPageTest - Clicked on 'Invitation' menu.
2025-03-13 11:49:10 [main] DEBUG l.i.u.t.SubmittedApplicationsPageTest - Selected application section by code: 'TST-DVP-58'.
2025-03-13 11:49:10 [main] DEBUG l.i.u.t.SubmittedApplicationsPageTest - Clicked 'Search' button.
2025-03-13 11:49:10 [main] DEBUG l.i.u.t.SubmittedApplicationsPageTest - Retrieved invitation code: ''.
2025-03-13 11:49:10 [main] DEBUG l.i.u.t.SubmittedApplicationsPageTest - Clicked on 'Submitted Applications' menu.
2025-03-13 11:49:12 [main] DEBUG l.i.u.t.SubmittedApplicationsPageTest - Selected invitation by code: 'TST-DVP-58'.
2025-03-13 11:49:12 [main] DEBUG l.i.u.t.SubmittedApplicationsPageTest - Invitation code inserted.
2025-03-13 11:49:12 [main] DEBUG l.i.u.t.SubmittedApplicationsPageTest - Clicked on 'Action Application' button.
2025-03-13 11:49:12 [main] DEBUG l.i.u.t.SubmittedApplicationsPageTest - Clicked on 'New Application' button.
2025-03-13 11:49:12 [main] DEBUG l.i.u.t.SubmittedApplicationsPageTest - Selected the 'RadioButtonFA' option.
2025-03-13 11:49:13 [main] DEBUG l.i.u.t.SubmittedApplicationsPageTest - Entered phone number: '61298745'.
2025-03-13 11:49:13 [main] DEBUG l.i.u.t.SubmittedApplicationsPageTest - Entered email: 'test@autotest.com'.
2025-03-13 11:49:13 [main] DEBUG l.i.u.t.SubmittedApplicationsPageTest - Checked 'For workplace adaptation' checkbox 1.
2025-03-13 11:49:13 [main] DEBUG l.i.u.t.SubmittedApplicationsPageTest - Checked 'For environmental adaptation' checkbox 2.
2025-03-13 11:49:13 [main] INFO  l.i.u.p.SubmittedApplicationsPage - Located the dropdown button.
2025-03-13 11:49:32 [main] INFO  l.i.u.p.SubmittedApplicationsPage - Found 1741 options in the dropdown.
2025-03-13 11:49:32 [main] INFO  l.i.u.p.SubmittedApplicationsPage - Successfully selected the value: '01.11 - Grūdinių (išskyrus ryžius), ankštinių ir aliejingų sėklų augalų auginimas'
2025-03-13 11:49:42 [main] ERROR l.i.u.p.SubmittedApplicationsPage - Failed to close the dropdown with aria-expanded = 'false'. Attempting manual close.
2025-03-13 11:49:42 [main] INFO  l.i.u.p.SubmittedApplicationsPage - Manual close attempt for the dropdown using body click.
2025-03-13 11:49:42 [main] DEBUG l.i.u.t.SubmittedApplicationsPageTest - Selected EVRK value: '01.11 - Grūdinių (išskyrus ryžius), ankštinių ir aliejingų sėklų augalų auginimas'.
2025-03-13 11:49:43 [main] DEBUG l.i.u.t.SubmittedApplicationsPageTest - Clicked on 'Address Component' button.
2025-03-13 11:49:43 [main] INFO  l.i.u.p.SubmittedApplicationsPage - Located the dropdown button.
2025-03-13 11:49:46 [main] INFO  l.i.u.p.SubmittedApplicationsPage - Successfully selected the value: 'Lietuva'
2025-03-13 11:49:46 [main] DEBUG l.i.u.t.SubmittedApplicationsPageTest - Selected country: 'Lietuva'.
2025-03-13 11:49:46 [main] INFO  l.i.u.p.SubmittedApplicationsPage - Located the dropdown search field.
2025-03-13 11:49:46 [main] INFO  l.i.u.p.SubmittedApplicationsPage - Dropdown city is opened.
2025-03-13 11:49:46 [main] INFO  l.i.u.p.SubmittedApplicationsPage - Searched for value: 'Vilnius'
2025-03-13 11:49:47 [main] INFO  l.i.u.p.SubmittedApplicationsPage - Successfully selected: 'Vilnius'
2025-03-13 11:49:47 [main] INFO  l.i.u.p.SubmittedApplicationsPage - Located the dropdown button.
2025-03-13 11:49:48 [main] INFO  l.i.u.p.SubmittedApplicationsPage - Successfully selected the value: 'A. Domaševičiaus g.'
2025-03-13 11:49:48 [main] DEBUG l.i.u.t.SubmittedApplicationsPageTest - Selected street: 'A. Domaševičiaus g.'.
2025-03-13 11:49:48 [main] INFO  l.i.u.p.SubmittedApplicationsPage - Located the dropdown button.
2025-03-13 11:49:49 [main] INFO  l.i.u.p.SubmittedApplicationsPage - Successfully selected the value: '1'
2025-03-13 11:49:49 [main] DEBUG l.i.u.t.SubmittedApplicationsPageTest - Selected house: '1'.
2025-03-13 11:49:49 [main] INFO  l.i.u.p.SubmittedApplicationsPage - Located the dropdown button.
2025-03-13 11:49:49 [main] WARN  l.i.u.p.SubmittedApplicationsPage - Dropdown value '1' not found.
2025-03-13 11:49:55 [main] DEBUG l.i.u.t.SubmittedApplicationsPageTest - Selected apartment: '1'.
2025-03-13 11:49:55 [main] DEBUG l.i.u.t.SubmittedApplicationsPageTest - Clicked 'Confirm' button.
2025-03-13 11:49:55 [main] DEBUG l.i.u.t.SubmittedApplicationsPageTest - Selected 'For already working' option.
2025-03-13 11:49:55 [main] DEBUG l.i.u.t.SubmittedApplicationsPageTest - Selected 'For new working' option.
2025-03-13 11:49:55 [main] DEBUG l.i.u.t.SubmittedApplicationsPageTest - Entered person count2: '1'.
2025-03-13 11:49:56 [main] DEBUG l.i.u.t.SubmittedApplicationsPageTest - Clicked 'Next' button after checkboxes.
2025-03-13 11:49:56 [main] INFO  l.i.u.p.SubmittedApplicationsPage - Located the dropdown button.
2025-03-13 11:49:57 [main] INFO  l.i.u.p.SubmittedApplicationsPage - Successfully selected the value: 'Administratoriai'
2025-03-13 11:49:57 [main] DEBUG l.i.u.t.SubmittedApplicationsPageTest - Selected adaptable job name: 'Administratoriai'.
2025-03-13 11:49:57 [main] DEBUG l.i.u.t.SubmittedApplicationsPageTest - Entered job date.
2025-03-13 11:49:57 [main] DEBUG l.i.u.t.SubmittedApplicationsPageTest - Entered job function: 'Funkcija 1'.
2025-03-13 11:49:57 [main] DEBUG l.i.u.t.SubmittedApplicationsPageTest - Selected 'For already working' 'no' option.
2025-03-13 11:49:57 [main] INFO  l.i.u.p.SubmittedApplicationsPage - Clicking on the dropdown button.
2025-03-13 11:49:57 [main] INFO  l.i.u.p.SubmittedApplicationsPage - Found 6 options in the dropdown.
2025-03-13 11:49:57 [main] DEBUG l.i.u.p.SubmittedApplicationsPage - Checking option: 'Lengvo neįgalumo lygis ar 45-55 procentų dalyvumo lygis (iki 2023 m. gruodžio 31 d. – 45-55 procentų darbingumo lygis)'
2025-03-13 11:49:57 [main] INFO  l.i.u.p.SubmittedApplicationsPage - Successfully selected the value: 'Lengvo neįgalumo lygis ar 45-55 procentų dalyvumo lygis (iki 2023 m. gruodžio 31 d. – 45-55 procentų darbingumo lygis)'
2025-03-13 11:49:57 [main] INFO  l.i.u.p.SubmittedApplicationsPage - Attempting to close the dropdown.
2025-03-13 11:49:58 [main] DEBUG l.i.u.t.SubmittedApplicationsPageTest - Selected disabilities type: 'Lengvo neįgalumo lygis ar 45-55 procentų dalyvumo lygis (iki 2023 m. gruodžio 31 d. – 45-55 procentų darbingumo lygis)'.
2025-03-13 11:49:58 [main] DEBUG l.i.u.t.SubmittedApplicationsPageTest - Entered disability information: 'Negalia 1'.
2025-03-13 11:49:58 [main] DEBUG l.i.u.t.SubmittedApplicationsPageTest - Entered qualification: 'Kvalifikacija 1'.
2025-03-13 11:49:59 [main] DEBUG l.i.u.t.SubmittedApplicationsPageTest - Entered job description: 'Darbo vietos aprašymas 1'.
2025-03-13 11:49:59 [main] DEBUG l.i.u.t.SubmittedApplicationsPageTest - Entered equipment description: 'Priemonių įsigyjimas 1'.
2025-03-13 11:49:59 [main] DEBUG l.i.u.t.SubmittedApplicationsPageTest - Entered work information: 'Darbai 1'.
2025-03-13 11:49:59 [main] INFO  l.i.u.p.SubmittedApplicationsPage - Located the dropdown button.
2025-03-13 11:50:00 [main] INFO  l.i.u.p.SubmittedApplicationsPage - Successfully selected the value: 'Kita'
2025-03-13 11:50:00 [main] DEBUG l.i.u.t.SubmittedApplicationsPageTest - Selected time mode: 'Kita'.
2025-03-13 11:50:00 [main] DEBUG l.i.u.t.SubmittedApplicationsPageTest - Selected time mode other: '6 val. per dieną ir 4 d. per savaitę'.
2025-03-13 11:50:00 [main] DEBUG l.i.u.t.SubmittedApplicationsPageTest - Entered salary amount: '1200'.
2025-03-13 11:50:01 [main] DEBUG l.i.u.t.SubmittedApplicationsPageTest - Selected 'Temporary Job' radio button.
2025-03-13 11:50:01 [main] DEBUG l.i.u.t.SubmittedApplicationsPageTest - Selected 'Season Job' radio button.
2025-03-13 11:50:01 [main] DEBUG l.i.u.t.SubmittedApplicationsPageTest - Selected 'PVM' radio button.
2025-03-13 11:50:01 [main] INFO  l.i.u.p.SubmittedApplicationsPage - Located the dropdown button.
2025-03-13 11:50:01 [main] INFO  l.i.u.p.SubmittedApplicationsPage - Successfully selected the value: 'Darbo vietos pritaikymui'
2025-03-13 11:50:32 [main] ERROR l.i.u.p.SubmittedApplicationsPage - Timeout while waiting for dropdown to close with aria-expanded = 'false'.
2025-03-13 11:50:32 [main] DEBUG l.i.u.t.SubmittedApplicationsPageTest - Selected adaptable job name: 'Darbo vietos pritaikymui'.
2025-03-13 11:50:32 [main] DEBUG l.i.u.p.SubmittedApplicationsPage - Located and clicked the dropdown button 'Reikalinga'.
2025-03-13 11:50:32 [main] INFO  l.i.u.p.SubmittedApplicationsPage - Successfully selected the value: 'Įsigyti'
2025-03-13 11:50:32 [main] DEBUG l.i.u.t.SubmittedApplicationsPageTest - Selected necessary for job: 'Įsigyti'.
2025-03-13 11:50:32 [main] DEBUG l.i.u.t.SubmittedApplicationsPageTest - Selected tool: 'Darbo priemonė 1'.
2025-03-13 11:50:32 [main] DEBUG l.i.u.t.SubmittedApplicationsPageTest - Selected tool parameter one: 'Darbo priemonės 1 parametras 1'.
2025-03-13 11:50:33 [main] DEBUG l.i.u.t.SubmittedApplicationsPageTest - Selected tool parameter two: 'Darbo priemonės 1 parametras 2'.
2025-03-13 11:50:33 [main] DEBUG l.i.u.t.SubmittedApplicationsPageTest - Selected tool parameter three: 'Darbo priemonės 1 parametras 3'.
2025-03-13 11:50:33 [main] DEBUG l.i.u.t.SubmittedApplicationsPageTest - Entered tool count: '1'.
2025-03-13 11:50:33 [main] DEBUG l.i.u.t.SubmittedApplicationsPageTest - Entered price amount: '1000'.
2025-03-13 11:50:33 [main] DEBUG l.i.u.t.SubmittedApplicationsPageTest - Entered own funds amount: '800'.
2025-03-13 11:50:34 [main] DEBUG l.i.u.t.SubmittedApplicationsPageTest - Clicked 'Add' button.
2025-03-13 11:50:34 [main] INFO  l.i.u.p.SubmittedApplicationsPage - Located the dropdown button.
2025-03-13 11:50:34 [main] INFO  l.i.u.p.SubmittedApplicationsPage - Successfully selected the value: 'Aplinkos pritaikymui'
2025-03-13 11:51:04 [main] ERROR l.i.u.p.SubmittedApplicationsPage - Timeout while waiting for dropdown to close with aria-expanded = 'false'.
2025-03-13 11:51:04 [main] DEBUG l.i.u.t.SubmittedApplicationsPageTest - Selected adaptable job name: 'Aplinkos pritaikymui'.
2025-03-13 11:51:04 [main] DEBUG l.i.u.p.SubmittedApplicationsPage - Located and clicked the dropdown button 'Reikalinga'.
2025-03-13 11:51:05 [main] INFO  l.i.u.p.SubmittedApplicationsPage - Successfully selected the value: 'Remontuoti'
2025-03-13 11:51:15 [main] DEBUG l.i.u.t.SubmittedApplicationsPageTest - Selected necessary for job: 'Remontuoti'.
2025-03-13 11:51:15 [main] DEBUG l.i.u.t.SubmittedApplicationsPageTest - Selected tool: 'Darbo priemonė 2 remontui'.
2025-03-13 11:51:16 [main] DEBUG l.i.u.t.SubmittedApplicationsPageTest - Entered tool count: '2'.
2025-03-13 11:51:16 [main] DEBUG l.i.u.t.SubmittedApplicationsPageTest - Entered price amount: '1000'.
2025-03-13 11:51:16 [main] DEBUG l.i.u.t.SubmittedApplicationsPageTest - Entered own funds amount: '900'.
2025-03-13 11:51:16 [main] DEBUG l.i.u.t.SubmittedApplicationsPageTest - Selected 'De Minimis' radio button.
2025-03-13 11:51:16 [main] DEBUG l.i.u.t.SubmittedApplicationsPageTest - Entered program name: 'Programa 1'.
2025-03-13 11:51:17 [main] DEBUG l.i.u.t.SubmittedApplicationsPageTest - Entered project date from.
2025-03-13 11:51:17 [main] DEBUG l.i.u.t.SubmittedApplicationsPageTest - Entered project date until.
2025-03-13 11:51:17 [main] DEBUG l.i.u.t.SubmittedApplicationsPageTest - Entered support amount: '2000'.
2025-03-13 11:51:17 [main] DEBUG l.i.u.t.SubmittedApplicationsPageTest - Clicked 'Next' button.
2025-03-13 11:51:27 [main] DEBUG l.i.u.t.SubmittedApplicationsPageTest - Checked 'Legal Entities' checkbox 1.
2025-03-13 11:51:37 [main] DEBUG l.i.u.t.SubmittedApplicationsPageTest - Checked 'Legal Entities' checkbox 2.
2025-03-13 11:51:47 [main] DEBUG l.i.u.t.SubmittedApplicationsPageTest - Checked 'Legal Entities' checkbox 3.
2025-03-13 11:51:47 [main] DEBUG l.i.u.t.SubmittedApplicationsPageTest - Test finished: All 'Legal Entities' checkboxes checked successfully.
2025-03-13 11:51:47 [main] DEBUG l.i.u.t.SubmittedApplicationsPageTest - Clicked 'Next' button after checkboxes.
2025-03-13 11:51:58 [main] ERROR l.i.u.p.SubmittedApplicationsPage - Error selecting radio button: Expected condition failed: waiting for element to be clickable: By.xpath: (//input[@type='radio' and @value='false'])[8] (tried for 10 second(s) with 500 milliseconds interval)
Build info: version: '4.27.0', revision: 'd6e718d134'
System info: os.name: 'Windows 11', os.arch: 'amd64', os.version: '10.0', java.version: '21.0.3'
Driver info: org.openqa.selenium.chrome.ChromeDriver
Capabilities {acceptInsecureCerts: false, browserName: chrome, browserVersion: 134.0.6998.89, chrome: {chromedriverVersion: 134.0.6998.88 (7e3d5c978c6d..., userDataDir: C:\Users\INGRID~1.ZAD\AppDa...}, fedcm:accounts: true, goog:chromeOptions: {debuggerAddress: localhost:54003}, networkConnectionEnabled: false, pageLoadStrategy: normal, platformName: windows, proxy: Proxy(), se:cdp: ws://localhost:54003/devtoo..., se:cdpVersion: 134.0.6998.89, setWindowRect: true, strictFileInteractability: false, timeouts: {implicit: 0, pageLoad: 300000, script: 30000}, unhandledPromptBehavior: dismiss and notify, webauthn:extension:credBlob: true, webauthn:extension:largeBlob: true, webauthn:extension:minPinLength: true, webauthn:extension:prf: true, webauthn:virtualAuthenticators: true}
Session ID: 287f277bcc228dbdafc4899d7653b916
2025-03-13 11:51:58 [main] INFO  l.i.u.t.SubmittedApplicationsPageTest - Marking 'Ne' radio button 1
2025-03-13 11:52:08 [main] ERROR l.i.u.p.SubmittedApplicationsPage - Error selecting radio button: Expected condition failed: waiting for element to be clickable: By.xpath: (//input[@type='radio' and @value='false'])[9] (tried for 10 second(s) with 500 milliseconds interval)
Build info: version: '4.27.0', revision: 'd6e718d134'
System info: os.name: 'Windows 11', os.arch: 'amd64', os.version: '10.0', java.version: '21.0.3'
Driver info: org.openqa.selenium.chrome.ChromeDriver
Capabilities {acceptInsecureCerts: false, browserName: chrome, browserVersion: 134.0.6998.89, chrome: {chromedriverVersion: 134.0.6998.88 (7e3d5c978c6d..., userDataDir: C:\Users\INGRID~1.ZAD\AppDa...}, fedcm:accounts: true, goog:chromeOptions: {debuggerAddress: localhost:54003}, networkConnectionEnabled: false, pageLoadStrategy: normal, platformName: windows, proxy: Proxy(), se:cdp: ws://localhost:54003/devtoo..., se:cdpVersion: 134.0.6998.89, setWindowRect: true, strictFileInteractability: false, timeouts: {implicit: 0, pageLoad: 300000, script: 30000}, unhandledPromptBehavior: dismiss and notify, webauthn:extension:credBlob: true, webauthn:extension:largeBlob: true, webauthn:extension:minPinLength: true, webauthn:extension:prf: true, webauthn:virtualAuthenticators: true}
Session ID: 287f277bcc228dbdafc4899d7653b916
2025-03-13 11:52:08 [main] INFO  l.i.u.t.SubmittedApplicationsPageTest - Marking 'Ne' radio button 2
2025-03-13 11:52:18 [main] ERROR l.i.u.p.SubmittedApplicationsPage - Error selecting radio button: Expected condition failed: waiting for element to be clickable: By.xpath: (//input[@type='radio' and @value='false'])[10] (tried for 10 second(s) with 500 milliseconds interval)
Build info: version: '4.27.0', revision: 'd6e718d134'
System info: os.name: 'Windows 11', os.arch: 'amd64', os.version: '10.0', java.version: '21.0.3'
Driver info: org.openqa.selenium.chrome.ChromeDriver
Capabilities {acceptInsecureCerts: false, browserName: chrome, browserVersion: 134.0.6998.89, chrome: {chromedriverVersion: 134.0.6998.88 (7e3d5c978c6d..., userDataDir: C:\Users\INGRID~1.ZAD\AppDa...}, fedcm:accounts: true, goog:chromeOptions: {debuggerAddress: localhost:54003}, networkConnectionEnabled: false, pageLoadStrategy: normal, platformName: windows, proxy: Proxy(), se:cdp: ws://localhost:54003/devtoo..., se:cdpVersion: 134.0.6998.89, setWindowRect: true, strictFileInteractability: false, timeouts: {implicit: 0, pageLoad: 300000, script: 30000}, unhandledPromptBehavior: dismiss and notify, webauthn:extension:credBlob: true, webauthn:extension:largeBlob: true, webauthn:extension:minPinLength: true, webauthn:extension:prf: true, webauthn:virtualAuthenticators: true}
Session ID: 287f277bcc228dbdafc4899d7653b916
2025-03-13 11:52:18 [main] INFO  l.i.u.t.SubmittedApplicationsPageTest - Marking 'Ne' radio button 3
2025-03-13 11:52:28 [main] ERROR l.i.u.p.SubmittedApplicationsPage - Error selecting radio button: Expected condition failed: waiting for element to be clickable: By.xpath: (//input[@type='radio' and @value='false'])[11] (tried for 10 second(s) with 500 milliseconds interval)
Build info: version: '4.27.0', revision: 'd6e718d134'
System info: os.name: 'Windows 11', os.arch: 'amd64', os.version: '10.0', java.version: '21.0.3'
Driver info: org.openqa.selenium.chrome.ChromeDriver
Capabilities {acceptInsecureCerts: false, browserName: chrome, browserVersion: 134.0.6998.89, chrome: {chromedriverVersion: 134.0.6998.88 (7e3d5c978c6d..., userDataDir: C:\Users\INGRID~1.ZAD\AppDa...}, fedcm:accounts: true, goog:chromeOptions: {debuggerAddress: localhost:54003}, networkConnectionEnabled: false, pageLoadStrategy: normal, platformName: windows, proxy: Proxy(), se:cdp: ws://localhost:54003/devtoo..., se:cdpVersion: 134.0.6998.89, setWindowRect: true, strictFileInteractability: false, timeouts: {implicit: 0, pageLoad: 300000, script: 30000}, unhandledPromptBehavior: dismiss and notify, webauthn:extension:credBlob: true, webauthn:extension:largeBlob: true, webauthn:extension:minPinLength: true, webauthn:extension:prf: true, webauthn:virtualAuthenticators: true}
Session ID: 287f277bcc228dbdafc4899d7653b916
2025-03-13 11:52:28 [main] INFO  l.i.u.t.SubmittedApplicationsPageTest - Marking 'Ne' radio button 4
2025-03-13 11:52:38 [main] ERROR l.i.u.p.SubmittedApplicationsPage - Error selecting radio button: Expected condition failed: waiting for element to be clickable: By.xpath: (//input[@type='radio' and @value='false'])[12] (tried for 10 second(s) with 500 milliseconds interval)
Build info: version: '4.27.0', revision: 'd6e718d134'
System info: os.name: 'Windows 11', os.arch: 'amd64', os.version: '10.0', java.version: '21.0.3'
Driver info: org.openqa.selenium.chrome.ChromeDriver
Capabilities {acceptInsecureCerts: false, browserName: chrome, browserVersion: 134.0.6998.89, chrome: {chromedriverVersion: 134.0.6998.88 (7e3d5c978c6d..., userDataDir: C:\Users\INGRID~1.ZAD\AppDa...}, fedcm:accounts: true, goog:chromeOptions: {debuggerAddress: localhost:54003}, networkConnectionEnabled: false, pageLoadStrategy: normal, platformName: windows, proxy: Proxy(), se:cdp: ws://localhost:54003/devtoo..., se:cdpVersion: 134.0.6998.89, setWindowRect: true, strictFileInteractability: false, timeouts: {implicit: 0, pageLoad: 300000, script: 30000}, unhandledPromptBehavior: dismiss and notify, webauthn:extension:credBlob: true, webauthn:extension:largeBlob: true, webauthn:extension:minPinLength: true, webauthn:extension:prf: true, webauthn:virtualAuthenticators: true}
Session ID: 287f277bcc228dbdafc4899d7653b916
2025-03-13 11:52:38 [main] INFO  l.i.u.t.SubmittedApplicationsPageTest - Marking 'Ne' radio button 5
2025-03-13 11:52:48 [main] ERROR l.i.u.p.SubmittedApplicationsPage - Error selecting radio button: Expected condition failed: waiting for element to be clickable: By.xpath: (//input[@type='radio' and @value='false'])[13] (tried for 10 second(s) with 500 milliseconds interval)
Build info: version: '4.27.0', revision: 'd6e718d134'
System info: os.name: 'Windows 11', os.arch: 'amd64', os.version: '10.0', java.version: '21.0.3'
Driver info: org.openqa.selenium.chrome.ChromeDriver
Capabilities {acceptInsecureCerts: false, browserName: chrome, browserVersion: 134.0.6998.89, chrome: {chromedriverVersion: 134.0.6998.88 (7e3d5c978c6d..., userDataDir: C:\Users\INGRID~1.ZAD\AppDa...}, fedcm:accounts: true, goog:chromeOptions: {debuggerAddress: localhost:54003}, networkConnectionEnabled: false, pageLoadStrategy: normal, platformName: windows, proxy: Proxy(), se:cdp: ws://localhost:54003/devtoo..., se:cdpVersion: 134.0.6998.89, setWindowRect: true, strictFileInteractability: false, timeouts: {implicit: 0, pageLoad: 300000, script: 30000}, unhandledPromptBehavior: dismiss and notify, webauthn:extension:credBlob: true, webauthn:extension:largeBlob: true, webauthn:extension:minPinLength: true, webauthn:extension:prf: true, webauthn:virtualAuthenticators: true}
Session ID: 287f277bcc228dbdafc4899d7653b916
2025-03-13 11:52:48 [main] INFO  l.i.u.t.SubmittedApplicationsPageTest - Marking 'Ne' radio button 6
2025-03-13 11:52:58 [main] ERROR l.i.u.p.SubmittedApplicationsPage - Error selecting radio button: Expected condition failed: waiting for element to be clickable: By.xpath: (//input[@type='radio' and @value='true'])[14] (tried for 10 second(s) with 500 milliseconds interval)
Build info: version: '4.27.0', revision: 'd6e718d134'
System info: os.name: 'Windows 11', os.arch: 'amd64', os.version: '10.0', java.version: '21.0.3'
Driver info: org.openqa.selenium.chrome.ChromeDriver
Capabilities {acceptInsecureCerts: false, browserName: chrome, browserVersion: 134.0.6998.89, chrome: {chromedriverVersion: 134.0.6998.88 (7e3d5c978c6d..., userDataDir: C:\Users\INGRID~1.ZAD\AppDa...}, fedcm:accounts: true, goog:chromeOptions: {debuggerAddress: localhost:54003}, networkConnectionEnabled: false, pageLoadStrategy: normal, platformName: windows, proxy: Proxy(), se:cdp: ws://localhost:54003/devtoo..., se:cdpVersion: 134.0.6998.89, setWindowRect: true, strictFileInteractability: false, timeouts: {implicit: 0, pageLoad: 300000, script: 30000}, unhandledPromptBehavior: dismiss and notify, webauthn:extension:credBlob: true, webauthn:extension:largeBlob: true, webauthn:extension:minPinLength: true, webauthn:extension:prf: true, webauthn:virtualAuthenticators: true}
Session ID: 287f277bcc228dbdafc4899d7653b916
2025-03-13 11:52:58 [main] INFO  l.i.u.t.SubmittedApplicationsPageTest - Marking 'Taip' radio button 7
2025-03-13 11:53:08 [main] ERROR l.i.u.p.SubmittedApplicationsPage - Error selecting radio button: Expected condition failed: waiting for element to be clickable: By.xpath: (//input[@type='radio' and @value='true'])[15] (tried for 10 second(s) with 500 milliseconds interval)
Build info: version: '4.27.0', revision: 'd6e718d134'
System info: os.name: 'Windows 11', os.arch: 'amd64', os.version: '10.0', java.version: '21.0.3'
Driver info: org.openqa.selenium.chrome.ChromeDriver
Capabilities {acceptInsecureCerts: false, browserName: chrome, browserVersion: 134.0.6998.89, chrome: {chromedriverVersion: 134.0.6998.88 (7e3d5c978c6d..., userDataDir: C:\Users\INGRID~1.ZAD\AppDa...}, fedcm:accounts: true, goog:chromeOptions: {debuggerAddress: localhost:54003}, networkConnectionEnabled: false, pageLoadStrategy: normal, platformName: windows, proxy: Proxy(), se:cdp: ws://localhost:54003/devtoo..., se:cdpVersion: 134.0.6998.89, setWindowRect: true, strictFileInteractability: false, timeouts: {implicit: 0, pageLoad: 300000, script: 30000}, unhandledPromptBehavior: dismiss and notify, webauthn:extension:credBlob: true, webauthn:extension:largeBlob: true, webauthn:extension:minPinLength: true, webauthn:extension:prf: true, webauthn:virtualAuthenticators: true}
Session ID: 287f277bcc228dbdafc4899d7653b916
2025-03-13 11:53:08 [main] INFO  l.i.u.t.SubmittedApplicationsPageTest - Marking 'Taip' radio button 8
2025-03-13 11:53:18 [main] ERROR l.i.u.p.SubmittedApplicationsPage - Error selecting radio button: Expected condition failed: waiting for element to be clickable: By.xpath: (//input[@type='radio' and @value='true'])[16] (tried for 10 second(s) with 500 milliseconds interval)
Build info: version: '4.27.0', revision: 'd6e718d134'
System info: os.name: 'Windows 11', os.arch: 'amd64', os.version: '10.0', java.version: '21.0.3'
Driver info: org.openqa.selenium.chrome.ChromeDriver
Capabilities {acceptInsecureCerts: false, browserName: chrome, browserVersion: 134.0.6998.89, chrome: {chromedriverVersion: 134.0.6998.88 (7e3d5c978c6d..., userDataDir: C:\Users\INGRID~1.ZAD\AppDa...}, fedcm:accounts: true, goog:chromeOptions: {debuggerAddress: localhost:54003}, networkConnectionEnabled: false, pageLoadStrategy: normal, platformName: windows, proxy: Proxy(), se:cdp: ws://localhost:54003/devtoo..., se:cdpVersion: 134.0.6998.89, setWindowRect: true, strictFileInteractability: false, timeouts: {implicit: 0, pageLoad: 300000, script: 30000}, unhandledPromptBehavior: dismiss and notify, webauthn:extension:credBlob: true, webauthn:extension:largeBlob: true, webauthn:extension:minPinLength: true, webauthn:extension:prf: true, webauthn:virtualAuthenticators: true}
Session ID: 287f277bcc228dbdafc4899d7653b916
2025-03-13 11:53:18 [main] INFO  l.i.u.t.SubmittedApplicationsPageTest - Marking 'Taip' radio button 9
2025-03-13 11:53:28 [main] ERROR l.i.u.p.SubmittedApplicationsPage - Error selecting radio button: Expected condition failed: waiting for element to be clickable: By.xpath: (//input[@type='radio' and @value='true'])[17] (tried for 10 second(s) with 500 milliseconds interval)
Build info: version: '4.27.0', revision: 'd6e718d134'
System info: os.name: 'Windows 11', os.arch: 'amd64', os.version: '10.0', java.version: '21.0.3'
Driver info: org.openqa.selenium.chrome.ChromeDriver
Capabilities {acceptInsecureCerts: false, browserName: chrome, browserVersion: 134.0.6998.89, chrome: {chromedriverVersion: 134.0.6998.88 (7e3d5c978c6d..., userDataDir: C:\Users\INGRID~1.ZAD\AppDa...}, fedcm:accounts: true, goog:chromeOptions: {debuggerAddress: localhost:54003}, networkConnectionEnabled: false, pageLoadStrategy: normal, platformName: windows, proxy: Proxy(), se:cdp: ws://localhost:54003/devtoo..., se:cdpVersion: 134.0.6998.89, setWindowRect: true, strictFileInteractability: false, timeouts: {implicit: 0, pageLoad: 300000, script: 30000}, unhandledPromptBehavior: dismiss and notify, webauthn:extension:credBlob: true, webauthn:extension:largeBlob: true, webauthn:extension:minPinLength: true, webauthn:extension:prf: true, webauthn:virtualAuthenticators: true}
Session ID: 287f277bcc228dbdafc4899d7653b916
2025-03-13 11:53:28 [main] INFO  l.i.u.t.SubmittedApplicationsPageTest - Marking 'Taip' radio button 10
2025-03-13 11:53:38 [main] ERROR l.i.u.p.SubmittedApplicationsPage - Error selecting radio button: Expected condition failed: waiting for element to be clickable: By.xpath: (//input[@type='radio' and @value='true'])[18] (tried for 10 second(s) with 500 milliseconds interval)
Build info: version: '4.27.0', revision: 'd6e718d134'
System info: os.name: 'Windows 11', os.arch: 'amd64', os.version: '10.0', java.version: '21.0.3'
Driver info: org.openqa.selenium.chrome.ChromeDriver
Capabilities {acceptInsecureCerts: false, browserName: chrome, browserVersion: 134.0.6998.89, chrome: {chromedriverVersion: 134.0.6998.88 (7e3d5c978c6d..., userDataDir: C:\Users\INGRID~1.ZAD\AppDa...}, fedcm:accounts: true, goog:chromeOptions: {debuggerAddress: localhost:54003}, networkConnectionEnabled: false, pageLoadStrategy: normal, platformName: windows, proxy: Proxy(), se:cdp: ws://localhost:54003/devtoo..., se:cdpVersion: 134.0.6998.89, setWindowRect: true, strictFileInteractability: false, timeouts: {implicit: 0, pageLoad: 300000, script: 30000}, unhandledPromptBehavior: dismiss and notify, webauthn:extension:credBlob: true, webauthn:extension:largeBlob: true, webauthn:extension:minPinLength: true, webauthn:extension:prf: true, webauthn:virtualAuthenticators: true}
Session ID: 287f277bcc228dbdafc4899d7653b916
2025-03-13 11:53:38 [main] INFO  l.i.u.t.SubmittedApplicationsPageTest - Marking 'Taip' radio button 11
2025-03-13 11:53:48 [main] ERROR l.i.u.p.SubmittedApplicationsPage - Error selecting radio button: Expected condition failed: waiting for element to be clickable: By.xpath: (//input[@type='radio' and @value='true'])[19] (tried for 10 second(s) with 500 milliseconds interval)
Build info: version: '4.27.0', revision: 'd6e718d134'
System info: os.name: 'Windows 11', os.arch: 'amd64', os.version: '10.0', java.version: '21.0.3'
Driver info: org.openqa.selenium.chrome.ChromeDriver
Capabilities {acceptInsecureCerts: false, browserName: chrome, browserVersion: 134.0.6998.89, chrome: {chromedriverVersion: 134.0.6998.88 (7e3d5c978c6d..., userDataDir: C:\Users\INGRID~1.ZAD\AppDa...}, fedcm:accounts: true, goog:chromeOptions: {debuggerAddress: localhost:54003}, networkConnectionEnabled: false, pageLoadStrategy: normal, platformName: windows, proxy: Proxy(), se:cdp: ws://localhost:54003/devtoo..., se:cdpVersion: 134.0.6998.89, setWindowRect: true, strictFileInteractability: false, timeouts: {implicit: 0, pageLoad: 300000, script: 30000}, unhandledPromptBehavior: dismiss and notify, webauthn:extension:credBlob: true, webauthn:extension:largeBlob: true, webauthn:extension:minPinLength: true, webauthn:extension:prf: true, webauthn:virtualAuthenticators: true}
Session ID: 287f277bcc228dbdafc4899d7653b916
2025-03-13 11:53:48 [main] INFO  l.i.u.t.SubmittedApplicationsPageTest - Marking 'Taip' radio button 12
2025-03-13 11:53:58 [main] DEBUG l.i.u.t.SubmittedApplicationsPageTest - Checked 'ConfirmationStepFour'
2025-03-13 11:53:59 [main] DEBUG l.i.u.t.SubmittedApplicationsPageTest - Clicked 'Next' button after checkboxes.
2025-03-13 11:53:59 [main] INFO  l.i.u.p.SubmittedApplicationsPage - File uploaded successfully to an input element.
2025-03-13 11:53:59 [main] INFO  l.i.u.p.SubmittedApplicationsPage - File uploaded successfully to an input element.
2025-03-13 11:53:59 [main] INFO  l.i.u.p.SubmittedApplicationsPage - File uploaded successfully to an input element.
2025-03-13 11:53:59 [main] INFO  l.i.u.p.SubmittedApplicationsPage - File uploaded successfully to an input element.
2025-03-13 11:53:59 [main] INFO  l.i.u.p.SubmittedApplicationsPage - File uploaded successfully to an input element.
2025-03-13 11:53:59 [main] INFO  l.i.u.p.SubmittedApplicationsPage - File uploaded successfully to an input element.
2025-03-13 11:53:59 [main] INFO  l.i.u.p.SubmittedApplicationsPage - File uploaded successfully to an input element.
2025-03-13 11:53:59 [main] INFO  l.i.u.p.SubmittedApplicationsPage - File uploaded successfully to an input element.
2025-03-13 11:53:59 [main] DEBUG l.i.u.t.SubmittedApplicationsPageTest - Entered program name: 'Dokumentas 1'.
2025-03-13 11:53:59 [main] DEBUG l.i.u.t.SubmittedApplicationsPageTest - Entered program name: 'Dokumentas 2'.
2025-03-13 11:53:59 [main] DEBUG l.i.u.t.SubmittedApplicationsPageTest - Entered program name: 'Dokumentas 3'.
2025-03-13 11:54:00 [main] DEBUG l.i.u.t.SubmittedApplicationsPageTest - Entered program name: 'Dokumentas 4'.
2025-03-13 11:54:00 [main] DEBUG l.i.u.t.SubmittedApplicationsPageTest - Entered program name: 'Dokumentas 5'.
2025-03-13 11:54:00 [main] DEBUG l.i.u.t.SubmittedApplicationsPageTest - Entered program name: 'Dokumentas 6'.
2025-03-13 11:54:00 [main] DEBUG l.i.u.t.SubmittedApplicationsPageTest - Entered program name: 'Dokumentas 4'.
2025-03-13 11:54:00 [main] DEBUG l.i.u.t.SubmittedApplicationsPageTest - Entered program name: 'Dokumentas 8'.
2025-03-13 11:54:10 [main] DEBUG l.i.u.t.SubmittedApplicationsPageTest - Checked 'ConfirmationDocument'
2025-03-13 11:54:20 [main] DEBUG l.i.u.t.SubmittedApplicationsPageTest - Checked 'ConfirmationApplication'
2025-03-13 11:54:21 [main] DEBUG l.i.u.t.SubmittedApplicationsPageTest - Clicked 'Review' button after checkboxes.
2025-03-13 11:54:21 [main] DEBUG l.i.u.t.SubmittedApplicationsPageTest - Clicked 'SaveDraft' button after checkboxes.
2025-03-13 11:54:21 [main] DEBUG l.i.uztis.pages.ApplicationFormsPage - Verified success message: 'Ruošinys sėkmingai išsaugotas.'
2025-03-13 11:54:21 [main] DEBUG l.i.u.t.SubmittedApplicationsPageTest - Clicked 'Submit' button after checkboxes.
2025-03-13 11:54:21 [main] DEBUG l.i.u.t.SubmittedApplicationsPageTest - Clicked 'SubmitConfirmation' button after checkboxes.
2025-03-13 11:54:21 [main] ERROR l.i.uztis.pages.ApplicationFormsPage - Failed to verify the success message: 'Paraiška sėkmingai pateikta ir užregistruota.'. Available messages: [Ruošinys sėkmingai išsaugotas.]
2025-03-13 11:54:21 [main] INFO  l.i.u.t.SubmittedApplicationsPageTest - Verified success message
2025-03-13 11:54:21 [main] INFO  l.i.u.t.SubmittedApplicationsPageTest - Test 'testFillNewDVPApplicationFA' completed successfully.
2025-03-13 12:08:35 [main] INFO  lt.insoft.uztis.tests.UztisPageTest - Navigated to https://uztisdev.asseco.lt/home
2025-03-13 12:08:35 [main] INFO  l.i.u.t.SubmittedApplicationsPageTest - Starting test:'testFillNewDVPApplicationFA'
2025-03-13 12:08:35 [main] DEBUG l.i.u.t.SubmittedApplicationsPageTest - User logged in with test credentials.
2025-03-13 12:08:36 [main] DEBUG l.i.u.t.SubmittedApplicationsPageTest - Opened 'Application Processing' menu.
2025-03-13 12:08:36 [main] DEBUG l.i.u.t.SubmittedApplicationsPageTest - Clicked on 'Application Forms' menu.
2025-03-13 12:08:36 [main] DEBUG l.i.u.t.SubmittedApplicationsPageTest - Retrieved last description code text: 'TST-DVP-58'.
2025-03-13 12:08:36 [main] DEBUG l.i.u.t.SubmittedApplicationsPageTest - Clicked on 'Invitation' menu.
2025-03-13 12:08:37 [main] DEBUG l.i.u.t.SubmittedApplicationsPageTest - Selected application section by code: 'TST-DVP-58'.
2025-03-13 12:08:37 [main] DEBUG l.i.u.t.SubmittedApplicationsPageTest - Clicked 'Search' button.
2025-03-13 12:08:37 [main] DEBUG l.i.u.t.SubmittedApplicationsPageTest - Retrieved invitation code: ''.
2025-03-13 12:08:37 [main] DEBUG l.i.u.t.SubmittedApplicationsPageTest - Clicked on 'Submitted Applications' menu.
2025-03-13 12:08:38 [main] DEBUG l.i.u.t.SubmittedApplicationsPageTest - Selected invitation by code: 'TST-DVP-58'.
2025-03-13 12:08:38 [main] DEBUG l.i.u.t.SubmittedApplicationsPageTest - Invitation code inserted.
2025-03-13 12:08:39 [main] DEBUG l.i.u.t.SubmittedApplicationsPageTest - Clicked on 'Action Application' button.
2025-03-13 12:08:39 [main] DEBUG l.i.u.t.SubmittedApplicationsPageTest - Clicked on 'New Application' button.
2025-03-13 12:08:39 [main] DEBUG l.i.u.t.SubmittedApplicationsPageTest - Selected the 'RadioButtonFA' option.
2025-03-13 12:08:39 [main] DEBUG l.i.u.t.SubmittedApplicationsPageTest - Entered phone number: '61298745'.
2025-03-13 12:08:40 [main] DEBUG l.i.u.t.SubmittedApplicationsPageTest - Entered email: 'test@autotest.com'.
2025-03-13 12:08:40 [main] DEBUG l.i.u.t.SubmittedApplicationsPageTest - Checked 'For workplace adaptation' checkbox 1.
2025-03-13 12:08:40 [main] DEBUG l.i.u.t.SubmittedApplicationsPageTest - Checked 'For environmental adaptation' checkbox 2.
2025-03-13 12:08:40 [main] INFO  l.i.u.p.SubmittedApplicationsPage - Located the dropdown button.
2025-03-13 12:08:59 [main] INFO  l.i.u.p.SubmittedApplicationsPage - Found 1741 options in the dropdown.
2025-03-13 12:08:59 [main] INFO  l.i.u.p.SubmittedApplicationsPage - Successfully selected the value: '01.11 - Grūdinių (išskyrus ryžius), ankštinių ir aliejingų sėklų augalų auginimas'
2025-03-13 12:09:09 [main] ERROR l.i.u.p.SubmittedApplicationsPage - Failed to close the dropdown with aria-expanded = 'false'. Attempting manual close.
2025-03-13 12:09:09 [main] INFO  l.i.u.p.SubmittedApplicationsPage - Manual close attempt for the dropdown using body click.
2025-03-13 12:09:09 [main] DEBUG l.i.u.t.SubmittedApplicationsPageTest - Selected EVRK value: '01.11 - Grūdinių (išskyrus ryžius), ankštinių ir aliejingų sėklų augalų auginimas'.
2025-03-13 12:09:09 [main] DEBUG l.i.u.t.SubmittedApplicationsPageTest - Clicked on 'Address Component' button.
2025-03-13 12:09:09 [main] INFO  l.i.u.p.SubmittedApplicationsPage - Located the dropdown button.
2025-03-13 12:09:12 [main] INFO  l.i.u.p.SubmittedApplicationsPage - Successfully selected the value: 'Lietuva'
2025-03-13 12:09:12 [main] DEBUG l.i.u.t.SubmittedApplicationsPageTest - Selected country: 'Lietuva'.
2025-03-13 12:09:12 [main] INFO  l.i.u.p.SubmittedApplicationsPage - Located the dropdown search field.
2025-03-13 12:09:13 [main] INFO  l.i.u.p.SubmittedApplicationsPage - Dropdown city is opened.
2025-03-13 12:09:13 [main] INFO  l.i.u.p.SubmittedApplicationsPage - Searched for value: 'Vilnius'
2025-03-13 12:09:14 [main] INFO  l.i.u.p.SubmittedApplicationsPage - Successfully selected: 'Vilnius'
2025-03-13 12:09:14 [main] INFO  l.i.u.p.SubmittedApplicationsPage - Located the dropdown button.
2025-03-13 12:09:14 [main] INFO  l.i.u.p.SubmittedApplicationsPage - Successfully selected the value: 'A. Domaševičiaus g.'
2025-03-13 12:09:14 [main] DEBUG l.i.u.t.SubmittedApplicationsPageTest - Selected street: 'A. Domaševičiaus g.'.
2025-03-13 12:09:14 [main] INFO  l.i.u.p.SubmittedApplicationsPage - Located the dropdown button.
2025-03-13 12:09:15 [main] INFO  l.i.u.p.SubmittedApplicationsPage - Successfully selected the value: '1'
2025-03-13 12:09:15 [main] DEBUG l.i.u.t.SubmittedApplicationsPageTest - Selected house: '1'.
2025-03-13 12:09:15 [main] INFO  l.i.u.p.SubmittedApplicationsPage - Located the dropdown button.
2025-03-13 12:09:15 [main] INFO  l.i.u.p.SubmittedApplicationsPage - Successfully selected the value: '1'
2025-03-13 12:09:15 [main] DEBUG l.i.u.t.SubmittedApplicationsPageTest - Selected apartment: '1'.
2025-03-13 12:09:15 [main] DEBUG l.i.u.t.SubmittedApplicationsPageTest - Clicked 'Confirm' button.
2025-03-13 12:09:15 [main] DEBUG l.i.u.t.SubmittedApplicationsPageTest - Selected 'For already working' option.
2025-03-13 12:09:15 [main] DEBUG l.i.u.t.SubmittedApplicationsPageTest - Selected 'For new working' option.
2025-03-13 12:09:16 [main] DEBUG l.i.u.t.SubmittedApplicationsPageTest - Entered person count2: '1'.
2025-03-13 12:09:16 [main] DEBUG l.i.u.t.SubmittedApplicationsPageTest - Clicked 'Next' button after checkboxes.
2025-03-13 12:09:16 [main] INFO  l.i.u.p.SubmittedApplicationsPage - Located the dropdown button.
2025-03-13 12:09:17 [main] INFO  l.i.u.p.SubmittedApplicationsPage - Successfully selected the value: 'Administratoriai'
2025-03-13 12:09:17 [main] DEBUG l.i.u.t.SubmittedApplicationsPageTest - Selected adaptable job name: 'Administratoriai'.
2025-03-13 12:09:17 [main] DEBUG l.i.u.t.SubmittedApplicationsPageTest - Entered job date.
2025-03-13 12:09:17 [main] DEBUG l.i.u.t.SubmittedApplicationsPageTest - Entered job function: 'Funkcija 1'.
2025-03-13 12:09:17 [main] DEBUG l.i.u.t.SubmittedApplicationsPageTest - Selected 'For already working' 'no' option.
2025-03-13 12:09:17 [main] INFO  l.i.u.p.SubmittedApplicationsPage - Clicking on the dropdown button.
2025-03-13 12:09:18 [main] INFO  l.i.u.p.SubmittedApplicationsPage - Found 6 options in the dropdown.
2025-03-13 12:09:18 [main] DEBUG l.i.u.p.SubmittedApplicationsPage - Checking option: 'Lengvo neįgalumo lygis ar 45-55 procentų dalyvumo lygis (iki 2023 m. gruodžio 31 d. – 45-55 procentų darbingumo lygis)'
2025-03-13 12:09:18 [main] INFO  l.i.u.p.SubmittedApplicationsPage - Successfully selected the value: 'Lengvo neįgalumo lygis ar 45-55 procentų dalyvumo lygis (iki 2023 m. gruodžio 31 d. – 45-55 procentų darbingumo lygis)'
2025-03-13 12:09:18 [main] INFO  l.i.u.p.SubmittedApplicationsPage - Attempting to close the dropdown.
2025-03-13 12:09:19 [main] DEBUG l.i.u.t.SubmittedApplicationsPageTest - Selected disabilities type: 'Lengvo neįgalumo lygis ar 45-55 procentų dalyvumo lygis (iki 2023 m. gruodžio 31 d. – 45-55 procentų darbingumo lygis)'.
2025-03-13 12:09:19 [main] DEBUG l.i.u.t.SubmittedApplicationsPageTest - Entered disability information: 'Negalia 1'.
2025-03-13 12:09:19 [main] DEBUG l.i.u.t.SubmittedApplicationsPageTest - Entered qualification: 'Kvalifikacija 1'.
2025-03-13 12:09:19 [main] DEBUG l.i.u.t.SubmittedApplicationsPageTest - Entered job description: 'Darbo vietos aprašymas 1'.
2025-03-13 12:09:19 [main] DEBUG l.i.u.t.SubmittedApplicationsPageTest - Entered equipment description: 'Priemonių įsigyjimas 1'.
2025-03-13 12:09:20 [main] DEBUG l.i.u.t.SubmittedApplicationsPageTest - Entered work information: 'Darbai 1'.
2025-03-13 12:09:20 [main] INFO  l.i.u.p.SubmittedApplicationsPage - Located the dropdown button.
2025-03-13 12:09:21 [main] INFO  l.i.u.p.SubmittedApplicationsPage - Successfully selected the value: 'Kita'
2025-03-13 12:09:21 [main] DEBUG l.i.u.t.SubmittedApplicationsPageTest - Selected time mode: 'Kita'.
2025-03-13 12:09:21 [main] DEBUG l.i.u.t.SubmittedApplicationsPageTest - Selected time mode other: '6 val. per dieną ir 4 d. per savaitę'.
2025-03-13 12:09:21 [main] DEBUG l.i.u.t.SubmittedApplicationsPageTest - Entered salary amount: '1200'.
2025-03-13 12:09:21 [main] DEBUG l.i.u.t.SubmittedApplicationsPageTest - Selected 'Temporary Job' radio button.
2025-03-13 12:09:21 [main] DEBUG l.i.u.t.SubmittedApplicationsPageTest - Selected 'Season Job' radio button.
2025-03-13 12:09:21 [main] DEBUG l.i.u.t.SubmittedApplicationsPageTest - Selected 'PVM' radio button.
2025-03-13 12:09:21 [main] INFO  l.i.u.p.SubmittedApplicationsPage - Located the dropdown button.
2025-03-13 12:09:22 [main] INFO  l.i.u.p.SubmittedApplicationsPage - Successfully selected the value: 'Darbo vietos pritaikymui'
2025-03-13 12:09:52 [main] ERROR l.i.u.p.SubmittedApplicationsPage - Timeout while waiting for dropdown to close with aria-expanded = 'false'.
2025-03-13 12:09:52 [main] DEBUG l.i.u.t.SubmittedApplicationsPageTest - Selected adaptable job name: 'Darbo vietos pritaikymui'.
2025-03-13 12:09:52 [main] DEBUG l.i.u.p.SubmittedApplicationsPage - Located and clicked the dropdown button 'Reikalinga'.
2025-03-13 12:09:52 [main] INFO  l.i.u.p.SubmittedApplicationsPage - Successfully selected the value: 'Įsigyti'
2025-03-13 12:09:52 [main] DEBUG l.i.u.t.SubmittedApplicationsPageTest - Selected necessary for job: 'Įsigyti'.
2025-03-13 12:09:53 [main] DEBUG l.i.u.t.SubmittedApplicationsPageTest - Selected tool: 'Darbo priemonė 1'.
2025-03-13 12:09:53 [main] DEBUG l.i.u.t.SubmittedApplicationsPageTest - Selected tool parameter one: 'Darbo priemonės 1 parametras 1'.
2025-03-13 12:09:53 [main] DEBUG l.i.u.t.SubmittedApplicationsPageTest - Selected tool parameter two: 'Darbo priemonės 1 parametras 2'.
2025-03-13 12:09:53 [main] DEBUG l.i.u.t.SubmittedApplicationsPageTest - Selected tool parameter three: 'Darbo priemonės 1 parametras 3'.
2025-03-13 12:09:53 [main] DEBUG l.i.u.t.SubmittedApplicationsPageTest - Entered tool count: '1'.
2025-03-13 12:09:54 [main] DEBUG l.i.u.t.SubmittedApplicationsPageTest - Entered price amount: '1000'.
2025-03-13 12:09:54 [main] DEBUG l.i.u.t.SubmittedApplicationsPageTest - Entered own funds amount: '800'.
2025-03-13 12:09:54 [main] DEBUG l.i.u.t.SubmittedApplicationsPageTest - Clicked 'Add' button.
2025-03-13 12:09:54 [main] INFO  l.i.u.p.SubmittedApplicationsPage - Located the dropdown button.
2025-03-13 12:09:54 [main] INFO  l.i.u.p.SubmittedApplicationsPage - Successfully selected the value: 'Aplinkos pritaikymui'
2025-03-13 12:10:25 [main] ERROR l.i.u.p.SubmittedApplicationsPage - Timeout while waiting for dropdown to close with aria-expanded = 'false'.
2025-03-13 12:10:25 [main] DEBUG l.i.u.t.SubmittedApplicationsPageTest - Selected adaptable job name: 'Aplinkos pritaikymui'.
2025-03-13 12:10:25 [main] DEBUG l.i.u.p.SubmittedApplicationsPage - Located and clicked the dropdown button 'Reikalinga'.
2025-03-13 12:10:25 [main] INFO  l.i.u.p.SubmittedApplicationsPage - Successfully selected the value: 'Remontuoti'
2025-03-13 12:10:36 [main] DEBUG l.i.u.t.SubmittedApplicationsPageTest - Selected necessary for job: 'Remontuoti'.
2025-03-13 12:10:36 [main] DEBUG l.i.u.t.SubmittedApplicationsPageTest - Selected tool: 'Darbo priemonė 2 remontui'.
2025-03-13 12:10:36 [main] DEBUG l.i.u.t.SubmittedApplicationsPageTest - Entered tool count: '2'.
2025-03-13 12:10:36 [main] DEBUG l.i.u.t.SubmittedApplicationsPageTest - Entered price amount: '1000'.
2025-03-13 12:10:36 [main] DEBUG l.i.u.t.SubmittedApplicationsPageTest - Entered own funds amount: '900'.
2025-03-13 12:10:37 [main] DEBUG l.i.u.t.SubmittedApplicationsPageTest - Selected 'De Minimis' radio button.
2025-03-13 12:10:37 [main] DEBUG l.i.u.t.SubmittedApplicationsPageTest - Entered program name: 'Programa 1'.
2025-03-13 12:10:37 [main] DEBUG l.i.u.t.SubmittedApplicationsPageTest - Entered project date from.
2025-03-13 12:10:37 [main] DEBUG l.i.u.t.SubmittedApplicationsPageTest - Entered project date until.
2025-03-13 12:10:37 [main] DEBUG l.i.u.t.SubmittedApplicationsPageTest - Entered support amount: '2000'.
2025-03-13 12:10:37 [main] DEBUG l.i.u.t.SubmittedApplicationsPageTest - Clicked 'Next' button.
2025-03-13 12:10:48 [main] DEBUG l.i.u.t.SubmittedApplicationsPageTest - Checked 'Legal Entities' checkbox 1.
2025-03-13 12:10:58 [main] DEBUG l.i.u.t.SubmittedApplicationsPageTest - Checked 'Legal Entities' checkbox 2.
2025-03-13 12:11:08 [main] DEBUG l.i.u.t.SubmittedApplicationsPageTest - Checked 'Legal Entities' checkbox 3.
2025-03-13 12:11:08 [main] DEBUG l.i.u.t.SubmittedApplicationsPageTest - Test finished: All 'Legal Entities' checkboxes checked successfully.
2025-03-13 12:11:08 [main] DEBUG l.i.u.t.SubmittedApplicationsPageTest - Clicked 'Next' button after checkboxes.
2025-03-13 12:11:20 [main] INFO  lt.insoft.uztis.tests.UztisPageTest - Navigated to https://uztisdev.asseco.lt/home
2025-03-13 12:11:20 [main] INFO  l.i.u.t.SubmittedApplicationsPageTest - Starting test:'testFillNewDVPApplicationFA'
2025-03-13 12:11:21 [main] DEBUG l.i.u.t.SubmittedApplicationsPageTest - User logged in with test credentials.
2025-03-13 12:11:21 [main] DEBUG l.i.u.t.SubmittedApplicationsPageTest - Opened 'Application Processing' menu.
2025-03-13 12:11:21 [main] DEBUG l.i.u.t.SubmittedApplicationsPageTest - Clicked on 'Application Forms' menu.
2025-03-13 12:11:22 [main] DEBUG l.i.u.t.SubmittedApplicationsPageTest - Retrieved last description code text: 'TST-DVP-58'.
2025-03-13 12:11:22 [main] DEBUG l.i.u.t.SubmittedApplicationsPageTest - Clicked on 'Invitation' menu.
2025-03-13 12:11:39 [main] INFO  lt.insoft.uztis.tests.UztisPageTest - Navigated to https://uztisdev.asseco.lt/home
2025-03-13 12:11:39 [main] INFO  l.i.u.t.SubmittedApplicationsPageTest - Starting test:'testFillNewDVPApplicationFA'
2025-03-13 12:11:39 [main] DEBUG l.i.u.t.SubmittedApplicationsPageTest - User logged in with test credentials.
2025-03-13 12:11:40 [main] DEBUG l.i.u.t.SubmittedApplicationsPageTest - Opened 'Application Processing' menu.
2025-03-13 12:11:40 [main] DEBUG l.i.u.t.SubmittedApplicationsPageTest - Clicked on 'Application Forms' menu.
2025-03-13 12:11:41 [main] DEBUG l.i.u.t.SubmittedApplicationsPageTest - Retrieved last description code text: 'TST-DVP-58'.
2025-03-13 12:11:41 [main] DEBUG l.i.u.t.SubmittedApplicationsPageTest - Clicked on 'Invitation' menu.
2025-03-13 12:11:42 [main] DEBUG l.i.u.t.SubmittedApplicationsPageTest - Selected application section by code: 'TST-DVP-58'.
2025-03-13 12:11:42 [main] DEBUG l.i.u.t.SubmittedApplicationsPageTest - Clicked 'Search' button.
2025-03-13 12:11:42 [main] DEBUG l.i.u.t.SubmittedApplicationsPageTest - Retrieved invitation code: ''.
2025-03-13 12:11:42 [main] DEBUG l.i.u.t.SubmittedApplicationsPageTest - Clicked on 'Submitted Applications' menu.
2025-03-13 12:11:43 [main] DEBUG l.i.u.t.SubmittedApplicationsPageTest - Selected invitation by code: 'TST-DVP-58'.
2025-03-13 12:11:43 [main] DEBUG l.i.u.t.SubmittedApplicationsPageTest - Invitation code inserted.
2025-03-13 12:11:43 [main] DEBUG l.i.u.t.SubmittedApplicationsPageTest - Clicked on 'Action Application' button.
2025-03-13 12:11:43 [main] DEBUG l.i.u.t.SubmittedApplicationsPageTest - Clicked on 'New Application' button.
2025-03-13 12:11:44 [main] DEBUG l.i.u.t.SubmittedApplicationsPageTest - Selected the 'RadioButtonFA' option.
2025-03-13 12:11:44 [main] DEBUG l.i.u.t.SubmittedApplicationsPageTest - Entered phone number: '61298745'.
2025-03-13 12:11:44 [main] DEBUG l.i.u.t.SubmittedApplicationsPageTest - Entered email: 'test@autotest.com'.
2025-03-13 12:11:44 [main] DEBUG l.i.u.t.SubmittedApplicationsPageTest - Checked 'For workplace adaptation' checkbox 1.
2025-03-13 12:11:45 [main] DEBUG l.i.u.t.SubmittedApplicationsPageTest - Checked 'For environmental adaptation' checkbox 2.
2025-03-13 12:11:45 [main] INFO  l.i.u.p.SubmittedApplicationsPage - Located the dropdown button.
2025-03-13 12:12:03 [main] INFO  l.i.u.p.SubmittedApplicationsPage - Found 1741 options in the dropdown.
2025-03-13 12:12:03 [main] INFO  l.i.u.p.SubmittedApplicationsPage - Successfully selected the value: '01.11 - Grūdinių (išskyrus ryžius), ankštinių ir aliejingų sėklų augalų auginimas'
2025-03-13 12:12:13 [main] ERROR l.i.u.p.SubmittedApplicationsPage - Failed to close the dropdown with aria-expanded = 'false'. Attempting manual close.
2025-03-13 12:12:13 [main] INFO  l.i.u.p.SubmittedApplicationsPage - Manual close attempt for the dropdown using body click.
2025-03-13 12:12:13 [main] DEBUG l.i.u.t.SubmittedApplicationsPageTest - Selected EVRK value: '01.11 - Grūdinių (išskyrus ryžius), ankštinių ir aliejingų sėklų augalų auginimas'.
2025-03-13 12:12:14 [main] DEBUG l.i.u.t.SubmittedApplicationsPageTest - Clicked on 'Address Component' button.
2025-03-13 12:12:14 [main] INFO  l.i.u.p.SubmittedApplicationsPage - Located the dropdown button.
2025-03-13 12:12:16 [main] INFO  l.i.u.p.SubmittedApplicationsPage - Successfully selected the value: 'Lietuva'
2025-03-13 12:12:16 [main] DEBUG l.i.u.t.SubmittedApplicationsPageTest - Selected country: 'Lietuva'.
2025-03-13 12:12:16 [main] INFO  l.i.u.p.SubmittedApplicationsPage - Located the dropdown search field.
2025-03-13 12:12:17 [main] INFO  l.i.u.p.SubmittedApplicationsPage - Dropdown city is opened.
2025-03-13 12:12:17 [main] INFO  l.i.u.p.SubmittedApplicationsPage - Searched for value: 'Vilnius'
2025-03-13 12:12:18 [main] INFO  l.i.u.p.SubmittedApplicationsPage - Successfully selected: 'Vilnius'
2025-03-13 12:12:18 [main] INFO  l.i.u.p.SubmittedApplicationsPage - Located the dropdown button.
2025-03-13 12:12:19 [main] INFO  l.i.u.p.SubmittedApplicationsPage - Successfully selected the value: 'A. Domaševičiaus g.'
2025-03-13 12:12:19 [main] DEBUG l.i.u.t.SubmittedApplicationsPageTest - Selected street: 'A. Domaševičiaus g.'.
2025-03-13 12:12:19 [main] INFO  l.i.u.p.SubmittedApplicationsPage - Located the dropdown button.
2025-03-13 12:12:19 [main] INFO  l.i.u.p.SubmittedApplicationsPage - Successfully selected the value: '1'
2025-03-13 12:12:19 [main] DEBUG l.i.u.t.SubmittedApplicationsPageTest - Selected house: '1'.
2025-03-13 12:12:19 [main] INFO  l.i.u.p.SubmittedApplicationsPage - Located the dropdown button.
2025-03-13 12:12:20 [main] INFO  l.i.u.p.SubmittedApplicationsPage - Successfully selected the value: '1'
2025-03-13 12:12:20 [main] DEBUG l.i.u.t.SubmittedApplicationsPageTest - Selected apartment: '1'.
2025-03-13 12:12:20 [main] DEBUG l.i.u.t.SubmittedApplicationsPageTest - Clicked 'Confirm' button.
2025-03-13 12:12:20 [main] DEBUG l.i.u.t.SubmittedApplicationsPageTest - Selected 'For already working' option.
2025-03-13 12:12:20 [main] DEBUG l.i.u.t.SubmittedApplicationsPageTest - Selected 'For new working' option.
2025-03-13 12:12:20 [main] DEBUG l.i.u.t.SubmittedApplicationsPageTest - Entered person count2: '1'.
2025-03-13 12:12:20 [main] DEBUG l.i.u.t.SubmittedApplicationsPageTest - Clicked 'Next' button after checkboxes.
2025-03-13 12:12:20 [main] INFO  l.i.u.p.SubmittedApplicationsPage - Located the dropdown button.
2025-03-13 12:12:21 [main] INFO  l.i.u.p.SubmittedApplicationsPage - Successfully selected the value: 'Administratoriai'
2025-03-13 12:12:21 [main] DEBUG l.i.u.t.SubmittedApplicationsPageTest - Selected adaptable job name: 'Administratoriai'.
2025-03-13 12:12:21 [main] DEBUG l.i.u.t.SubmittedApplicationsPageTest - Entered job date.
2025-03-13 12:12:22 [main] DEBUG l.i.u.t.SubmittedApplicationsPageTest - Entered job function: 'Funkcija 1'.
2025-03-13 12:12:22 [main] DEBUG l.i.u.t.SubmittedApplicationsPageTest - Selected 'For already working' 'no' option.
2025-03-13 12:12:22 [main] INFO  l.i.u.p.SubmittedApplicationsPage - Clicking on the dropdown button.
2025-03-13 12:12:22 [main] INFO  l.i.u.p.SubmittedApplicationsPage - Found 6 options in the dropdown.
2025-03-13 12:12:22 [main] DEBUG l.i.u.p.SubmittedApplicationsPage - Checking option: 'Lengvo neįgalumo lygis ar 45-55 procentų dalyvumo lygis (iki 2023 m. gruodžio 31 d. – 45-55 procentų darbingumo lygis)'
2025-03-13 12:12:22 [main] INFO  l.i.u.p.SubmittedApplicationsPage - Successfully selected the value: 'Lengvo neįgalumo lygis ar 45-55 procentų dalyvumo lygis (iki 2023 m. gruodžio 31 d. – 45-55 procentų darbingumo lygis)'
2025-03-13 12:12:22 [main] INFO  l.i.u.p.SubmittedApplicationsPage - Attempting to close the dropdown.
2025-03-13 12:12:23 [main] DEBUG l.i.u.t.SubmittedApplicationsPageTest - Selected disabilities type: 'Lengvo neįgalumo lygis ar 45-55 procentų dalyvumo lygis (iki 2023 m. gruodžio 31 d. – 45-55 procentų darbingumo lygis)'.
2025-03-13 12:12:23 [main] DEBUG l.i.u.t.SubmittedApplicationsPageTest - Entered disability information: 'Negalia 1'.
2025-03-13 12:12:24 [main] DEBUG l.i.u.t.SubmittedApplicationsPageTest - Entered qualification: 'Kvalifikacija 1'.
2025-03-13 12:12:24 [main] DEBUG l.i.u.t.SubmittedApplicationsPageTest - Entered job description: 'Darbo vietos aprašymas 1'.
2025-03-13 12:12:24 [main] DEBUG l.i.u.t.SubmittedApplicationsPageTest - Entered equipment description: 'Priemonių įsigyjimas 1'.
2025-03-13 12:12:24 [main] DEBUG l.i.u.t.SubmittedApplicationsPageTest - Entered work information: 'Darbai 1'.
2025-03-13 12:12:24 [main] INFO  l.i.u.p.SubmittedApplicationsPage - Located the dropdown button.
2025-03-13 12:12:25 [main] INFO  l.i.u.p.SubmittedApplicationsPage - Successfully selected the value: 'Kita'
2025-03-13 12:12:25 [main] DEBUG l.i.u.t.SubmittedApplicationsPageTest - Selected time mode: 'Kita'.
2025-03-13 12:12:25 [main] DEBUG l.i.u.t.SubmittedApplicationsPageTest - Selected time mode other: '6 val. per dieną ir 4 d. per savaitę'.
2025-03-13 12:12:25 [main] DEBUG l.i.u.t.SubmittedApplicationsPageTest - Entered salary amount: '1200'.
2025-03-13 12:12:26 [main] DEBUG l.i.u.t.SubmittedApplicationsPageTest - Selected 'Temporary Job' radio button.
2025-03-13 12:12:26 [main] DEBUG l.i.u.t.SubmittedApplicationsPageTest - Selected 'Season Job' radio button.
2025-03-13 12:12:26 [main] DEBUG l.i.u.t.SubmittedApplicationsPageTest - Selected 'PVM' radio button.
2025-03-13 12:12:26 [main] INFO  l.i.u.p.SubmittedApplicationsPage - Located the dropdown button.
2025-03-13 12:12:26 [main] INFO  l.i.u.p.SubmittedApplicationsPage - Successfully selected the value: 'Darbo vietos pritaikymui'
2025-03-13 12:12:57 [main] ERROR l.i.u.p.SubmittedApplicationsPage - Timeout while waiting for dropdown to close with aria-expanded = 'false'.
2025-03-13 12:12:57 [main] DEBUG l.i.u.t.SubmittedApplicationsPageTest - Selected adaptable job name: 'Darbo vietos pritaikymui'.
2025-03-13 12:12:57 [main] DEBUG l.i.u.p.SubmittedApplicationsPage - Located and clicked the dropdown button 'Reikalinga'.
2025-03-13 12:12:57 [main] INFO  l.i.u.p.SubmittedApplicationsPage - Successfully selected the value: 'Įsigyti'
2025-03-13 12:12:57 [main] DEBUG l.i.u.t.SubmittedApplicationsPageTest - Selected necessary for job: 'Įsigyti'.
2025-03-13 12:12:57 [main] DEBUG l.i.u.t.SubmittedApplicationsPageTest - Selected tool: 'Darbo priemonė 1'.
2025-03-13 12:12:57 [main] DEBUG l.i.u.t.SubmittedApplicationsPageTest - Selected tool parameter one: 'Darbo priemonės 1 parametras 1'.
2025-03-13 12:12:58 [main] DEBUG l.i.u.t.SubmittedApplicationsPageTest - Selected tool parameter two: 'Darbo priemonės 1 parametras 2'.
2025-03-13 12:12:58 [main] DEBUG l.i.u.t.SubmittedApplicationsPageTest - Selected tool parameter three: 'Darbo priemonės 1 parametras 3'.
2025-03-13 12:12:58 [main] DEBUG l.i.u.t.SubmittedApplicationsPageTest - Entered tool count: '1'.
2025-03-13 12:12:58 [main] DEBUG l.i.u.t.SubmittedApplicationsPageTest - Entered price amount: '1000'.
2025-03-13 12:12:58 [main] DEBUG l.i.u.t.SubmittedApplicationsPageTest - Entered own funds amount: '800'.
2025-03-13 12:12:59 [main] DEBUG l.i.u.t.SubmittedApplicationsPageTest - Clicked 'Add' button.
2025-03-13 12:12:59 [main] INFO  l.i.u.p.SubmittedApplicationsPage - Located the dropdown button.
2025-03-13 12:12:59 [main] INFO  l.i.u.p.SubmittedApplicationsPage - Successfully selected the value: 'Aplinkos pritaikymui'
2025-03-13 12:13:29 [main] ERROR l.i.u.p.SubmittedApplicationsPage - Timeout while waiting for dropdown to close with aria-expanded = 'false'.
2025-03-13 12:13:29 [main] DEBUG l.i.u.t.SubmittedApplicationsPageTest - Selected adaptable job name: 'Aplinkos pritaikymui'.
2025-03-13 12:13:29 [main] DEBUG l.i.u.p.SubmittedApplicationsPage - Located and clicked the dropdown button 'Reikalinga'.
2025-03-13 12:13:29 [main] INFO  l.i.u.p.SubmittedApplicationsPage - Successfully selected the value: 'Remontuoti'
2025-03-13 12:13:40 [main] DEBUG l.i.u.t.SubmittedApplicationsPageTest - Selected necessary for job: 'Remontuoti'.
2025-03-13 12:13:40 [main] DEBUG l.i.u.t.SubmittedApplicationsPageTest - Selected tool: 'Darbo priemonė 2 remontui'.
2025-03-13 12:13:40 [main] DEBUG l.i.u.t.SubmittedApplicationsPageTest - Entered tool count: '2'.
2025-03-13 12:13:41 [main] DEBUG l.i.u.t.SubmittedApplicationsPageTest - Entered price amount: '1000'.
2025-03-13 12:13:41 [main] DEBUG l.i.u.t.SubmittedApplicationsPageTest - Entered own funds amount: '900'.
2025-03-13 12:13:41 [main] DEBUG l.i.u.t.SubmittedApplicationsPageTest - Selected 'De Minimis' radio button.
2025-03-13 12:13:41 [main] DEBUG l.i.u.t.SubmittedApplicationsPageTest - Entered program name: 'Programa 1'.
2025-03-13 12:13:41 [main] DEBUG l.i.u.t.SubmittedApplicationsPageTest - Entered project date from.
2025-03-13 12:13:42 [main] DEBUG l.i.u.t.SubmittedApplicationsPageTest - Entered project date until.
2025-03-13 12:13:42 [main] DEBUG l.i.u.t.SubmittedApplicationsPageTest - Entered support amount: '2000'.
2025-03-13 12:14:12 [main] ERROR l.i.u.t.SubmittedApplicationsPageTest - Test 'testFillNewDVPApplicationFA' failed with error: no such element: Unable to locate element: {"method":"xpath","selector":"(//div[contains(@class, 'mdc-checkbox')]//input[@type='checkbox'])[3]"}
  (Session info: chrome=134.0.6998.89)
For documentation on this error, please visit: https://www.selenium.dev/documentation/webdriver/troubleshooting/errors#no-such-element-exception
Build info: version: '4.27.0', revision: 'd6e718d134'
System info: os.name: 'Windows 11', os.arch: 'amd64', os.version: '10.0', java.version: '21.0.3'
Driver info: org.openqa.selenium.chrome.ChromeDriver
Command: [ace105b442190e178c59a5686de06424, findElement {value=(//div[contains(@class, 'mdc-checkbox')]//input[@type='checkbox'])[3], using=xpath}]
Capabilities {acceptInsecureCerts: false, browserName: chrome, browserVersion: 134.0.6998.89, chrome: {chromedriverVersion: 134.0.6998.88 (7e3d5c978c6d..., userDataDir: C:\Users\INGRID~1.ZAD\AppDa...}, fedcm:accounts: true, goog:chromeOptions: {debuggerAddress: localhost:54842}, networkConnectionEnabled: false, pageLoadStrategy: normal, platformName: windows, proxy: Proxy(), se:cdp: ws://localhost:54842/devtoo..., se:cdpVersion: 134.0.6998.89, setWindowRect: true, strictFileInteractability: false, timeouts: {implicit: 0, pageLoad: 300000, script: 30000}, unhandledPromptBehavior: dismiss and notify, webauthn:extension:credBlob: true, webauthn:extension:largeBlob: true, webauthn:extension:minPinLength: true, webauthn:extension:prf: true, webauthn:virtualAuthenticators: true}
Session ID: ace105b442190e178c59a5686de06424
org.openqa.selenium.NoSuchElementException: no such element: Unable to locate element: {"method":"xpath","selector":"(//div[contains(@class, 'mdc-checkbox')]//input[@type='checkbox'])[3]"}
  (Session info: chrome=134.0.6998.89)
For documentation on this error, please visit: https://www.selenium.dev/documentation/webdriver/troubleshooting/errors#no-such-element-exception
Build info: version: '4.27.0', revision: 'd6e718d134'
System info: os.name: 'Windows 11', os.arch: 'amd64', os.version: '10.0', java.version: '21.0.3'
Driver info: org.openqa.selenium.chrome.ChromeDriver
Command: [ace105b442190e178c59a5686de06424, findElement {value=(//div[contains(@class, 'mdc-checkbox')]//input[@type='checkbox'])[3], using=xpath}]
Capabilities {acceptInsecureCerts: false, browserName: chrome, browserVersion: 134.0.6998.89, chrome: {chromedriverVersion: 134.0.6998.88 (7e3d5c978c6d..., userDataDir: C:\Users\INGRID~1.ZAD\AppDa...}, fedcm:accounts: true, goog:chromeOptions: {debuggerAddress: localhost:54842}, networkConnectionEnabled: false, pageLoadStrategy: normal, platformName: windows, proxy: Proxy(), se:cdp: ws://localhost:54842/devtoo..., se:cdpVersion: 134.0.6998.89, setWindowRect: true, strictFileInteractability: false, timeouts: {implicit: 0, pageLoad: 300000, script: 30000}, unhandledPromptBehavior: dismiss and notify, webauthn:extension:credBlob: true, webauthn:extension:largeBlob: true, webauthn:extension:minPinLength: true, webauthn:extension:prf: true, webauthn:virtualAuthenticators: true}
Session ID: ace105b442190e178c59a5686de06424
	at java.base/jdk.internal.reflect.DirectConstructorHandleAccessor.newInstance(DirectConstructorHandleAccessor.java:62)
	at java.base/java.lang.reflect.Constructor.newInstanceWithCaller(Constructor.java:502)
	at java.base/java.lang.reflect.Constructor.newInstance(Constructor.java:486)
	at org.openqa.selenium.remote.ErrorCodec.decode(ErrorCodec.java:167)
	at org.openqa.selenium.remote.codec.w3c.W3CHttpResponseCodec.decode(W3CHttpResponseCodec.java:138)
	at org.openqa.selenium.remote.codec.w3c.W3CHttpResponseCodec.decode(W3CHttpResponseCodec.java:50)
	at org.openqa.selenium.remote.HttpCommandExecutor.execute(HttpCommandExecutor.java:190)
	at org.openqa.selenium.remote.service.DriverCommandExecutor.invokeExecute(DriverCommandExecutor.java:216)
	at org.openqa.selenium.remote.service.DriverCommandExecutor.execute(DriverCommandExecutor.java:174)
	at org.openqa.selenium.remote.RemoteWebDriver.execute(RemoteWebDriver.java:545)
	at org.openqa.selenium.remote.ElementLocation$ElementFinder$2.findElement(ElementLocation.java:165)
	at org.openqa.selenium.remote.ElementLocation.findElement(ElementLocation.java:59)
	at org.openqa.selenium.remote.RemoteWebDriver.findElement(RemoteWebDriver.java:368)
	at org.openqa.selenium.remote.RemoteWebDriver.findElement(RemoteWebDriver.java:362)
	at org.openqa.selenium.support.pagefactory.DefaultElementLocator.findElement(DefaultElementLocator.java:68)
	at org.openqa.selenium.support.pagefactory.internal.LocatingElementHandler.invoke(LocatingElementHandler.java:38)
	at jdk.proxy2/jdk.proxy2.$Proxy14.getWrappedElement(Unknown Source)
	at org.openqa.selenium.remote.WebElementToJsonConverter.apply(WebElementToJsonConverter.java:48)
	at java.base/java.util.stream.ReferencePipeline$3$1.accept(ReferencePipeline.java:197)
	at java.base/java.util.Spliterators$ArraySpliterator.forEachRemaining(Spliterators.java:1024)
	at java.base/java.util.stream.AbstractPipeline.copyInto(AbstractPipeline.java:509)
	at java.base/java.util.stream.AbstractPipeline.wrapAndCopyInto(AbstractPipeline.java:499)
	at java.base/java.util.stream.ReduceOps$ReduceOp.evaluateSequential(ReduceOps.java:921)
	at java.base/java.util.stream.AbstractPipeline.evaluate(AbstractPipeline.java:234)
	at java.base/java.util.stream.ReferencePipeline.collect(ReferencePipeline.java:682)
	at org.openqa.selenium.remote.RemoteWebDriver.executeScript(RemoteWebDriver.java:474)
	at lt.insoft.uztis.pages.SubmittedApplicationsPage$CheckboxHelper.clickWithJavaScript(SubmittedApplicationsPage.java:1724)
	at lt.insoft.uztis.pages.SubmittedApplicationsPage$CheckboxHelper.setConfirmationCheckbox(SubmittedApplicationsPage.java:1713)
	at lt.insoft.uztis.tests.SubmittedApplicationsPageTest.testFillNewDVPApplicationFA(SubmittedApplicationsPageTest.java:790)
	at java.base/jdk.internal.reflect.DirectMethodHandleAccessor.invoke(DirectMethodHandleAccessor.java:103)
	at java.base/java.lang.reflect.Method.invoke(Method.java:580)
	at org.junit.platform.commons.util.ReflectionUtils.invokeMethod(ReflectionUtils.java:728)
	at org.junit.jupiter.engine.execution.MethodInvocation.proceed(MethodInvocation.java:60)
	at org.junit.jupiter.engine.execution.InvocationInterceptorChain$ValidatingInvocation.proceed(InvocationInterceptorChain.java:131)
	at org.junit.jupiter.engine.extension.TimeoutExtension.intercept(TimeoutExtension.java:156)
	at org.junit.jupiter.engine.extension.TimeoutExtension.interceptTestableMethod(TimeoutExtension.java:147)
	at org.junit.jupiter.engine.extension.TimeoutExtension.interceptTestMethod(TimeoutExtension.java:86)
	at org.junit.jupiter.engine.execution.InterceptingExecutableInvoker$ReflectiveInterceptorCall.lambda$ofVoidMethod$0(InterceptingExecutableInvoker.java:103)
	at org.junit.jupiter.engine.execution.InterceptingExecutableInvoker.lambda$invoke$0(InterceptingExecutableInvoker.java:93)
	at org.junit.jupiter.engine.execution.InvocationInterceptorChain$InterceptedInvocation.proceed(InvocationInterceptorChain.java:106)
	at org.junit.jupiter.engine.execution.InvocationInterceptorChain.proceed(InvocationInterceptorChain.java:64)
	at org.junit.jupiter.engine.execution.InvocationInterceptorChain.chainAndInvoke(InvocationInterceptorChain.java:45)
	at org.junit.jupiter.engine.execution.InvocationInterceptorChain.invoke(InvocationInterceptorChain.java:37)
	at org.junit.jupiter.engine.execution.InterceptingExecutableInvoker.invoke(InterceptingExecutableInvoker.java:92)
	at org.junit.jupiter.engine.execution.InterceptingExecutableInvoker.invoke(InterceptingExecutableInvoker.java:86)
	at org.junit.jupiter.engine.descriptor.TestMethodTestDescriptor.lambda$invokeTestMethod$7(TestMethodTestDescriptor.java:218)
	at org.junit.platform.engine.support.hierarchical.ThrowableCollector.execute(ThrowableCollector.java:73)
	at org.junit.jupiter.engine.descriptor.TestMethodTestDescriptor.invokeTestMethod(TestMethodTestDescriptor.java:214)
	at org.junit.jupiter.engine.descriptor.TestMethodTestDescriptor.execute(TestMethodTestDescriptor.java:139)
	at org.junit.jupiter.engine.descriptor.TestMethodTestDescriptor.execute(TestMethodTestDescriptor.java:69)
	at org.junit.platform.engine.support.hierarchical.NodeTestTask.lambda$executeRecursively$6(NodeTestTask.java:151)
	at org.junit.platform.engine.support.hierarchical.ThrowableCollector.execute(ThrowableCollector.java:73)
	at org.junit.platform.engine.support.hierarchical.NodeTestTask.lambda$executeRecursively$8(NodeTestTask.java:141)
	at org.junit.platform.engine.support.hierarchical.Node.around(Node.java:137)
	at org.junit.platform.engine.support.hierarchical.NodeTestTask.lambda$executeRecursively$9(NodeTestTask.java:139)
	at org.junit.platform.engine.support.hierarchical.ThrowableCollector.execute(ThrowableCollector.java:73)
	at org.junit.platform.engine.support.hierarchical.NodeTestTask.executeRecursively(NodeTestTask.java:138)
	at org.junit.platform.engine.support.hierarchical.NodeTestTask.execute(NodeTestTask.java:95)
	at java.base/java.util.ArrayList.forEach(ArrayList.java:1596)
	at org.junit.platform.engine.support.hierarchical.SameThreadHierarchicalTestExecutorService.invokeAll(SameThreadHierarchicalTestExecutorService.java:41)
	at org.junit.platform.engine.support.hierarchical.NodeTestTask.lambda$executeRecursively$6(NodeTestTask.java:155)
	at org.junit.platform.engine.support.hierarchical.ThrowableCollector.execute(ThrowableCollector.java:73)
	at org.junit.platform.engine.support.hierarchical.NodeTestTask.lambda$executeRecursively$8(NodeTestTask.java:141)
	at org.junit.platform.engine.support.hierarchical.Node.around(Node.java:137)
	at org.junit.platform.engine.support.hierarchical.NodeTestTask.lambda$executeRecursively$9(NodeTestTask.java:139)
	at org.junit.platform.engine.support.hierarchical.ThrowableCollector.execute(ThrowableCollector.java:73)
	at org.junit.platform.engine.support.hierarchical.NodeTestTask.executeRecursively(NodeTestTask.java:138)
	at org.junit.platform.engine.support.hierarchical.NodeTestTask.execute(NodeTestTask.java:95)
	at java.base/java.util.ArrayList.forEach(ArrayList.java:1596)
	at org.junit.platform.engine.support.hierarchical.SameThreadHierarchicalTestExecutorService.invokeAll(SameThreadHierarchicalTestExecutorService.java:41)
	at org.junit.platform.engine.support.hierarchical.NodeTestTask.lambda$executeRecursively$6(NodeTestTask.java:155)
	at org.junit.platform.engine.support.hierarchical.ThrowableCollector.execute(ThrowableCollector.java:73)
	at org.junit.platform.engine.support.hierarchical.NodeTestTask.lambda$executeRecursively$8(NodeTestTask.java:141)
	at org.junit.platform.engine.support.hierarchical.Node.around(Node.java:137)
	at org.junit.platform.engine.support.hierarchical.NodeTestTask.lambda$executeRecursively$9(NodeTestTask.java:139)
	at org.junit.platform.engine.support.hierarchical.ThrowableCollector.execute(ThrowableCollector.java:73)
	at org.junit.platform.engine.support.hierarchical.NodeTestTask.executeRecursively(NodeTestTask.java:138)
	at org.junit.platform.engine.support.hierarchical.NodeTestTask.execute(NodeTestTask.java:95)
	at org.junit.platform.engine.support.hierarchical.SameThreadHierarchicalTestExecutorService.submit(SameThreadHierarchicalTestExecutorService.java:35)
	at org.junit.platform.engine.support.hierarchical.HierarchicalTestExecutor.execute(HierarchicalTestExecutor.java:57)
	at org.junit.platform.engine.support.hierarchical.HierarchicalTestEngine.execute(HierarchicalTestEngine.java:54)
	at org.junit.platform.launcher.core.EngineExecutionOrchestrator.execute(EngineExecutionOrchestrator.java:198)
	at org.junit.platform.launcher.core.EngineExecutionOrchestrator.execute(EngineExecutionOrchestrator.java:169)
	at org.junit.platform.launcher.core.EngineExecutionOrchestrator.execute(EngineExecutionOrchestrator.java:93)
	at org.junit.platform.launcher.core.EngineExecutionOrchestrator.lambda$execute$0(EngineExecutionOrchestrator.java:58)
	at org.junit.platform.launcher.core.EngineExecutionOrchestrator.withInterceptedStreams(EngineExecutionOrchestrator.java:141)
	at org.junit.platform.launcher.core.EngineExecutionOrchestrator.execute(EngineExecutionOrchestrator.java:57)
	at org.junit.platform.launcher.core.DefaultLauncher.execute(DefaultLauncher.java:103)
	at org.junit.platform.launcher.core.DefaultLauncher.execute(DefaultLauncher.java:85)
	at org.junit.platform.launcher.core.DelegatingLauncher.execute(DelegatingLauncher.java:47)
	at org.junit.platform.launcher.core.SessionPerRequestLauncher.execute(SessionPerRequestLauncher.java:63)
	at com.intellij.junit5.JUnit5IdeaTestRunner.startRunnerWithArgs(JUnit5IdeaTestRunner.java:57)
	at com.intellij.rt.junit.IdeaTestRunner$Repeater$1.execute(IdeaTestRunner.java:38)
	at com.intellij.rt.execution.junit.TestsRepeater.repeat(TestsRepeater.java:11)
	at com.intellij.rt.junit.IdeaTestRunner$Repeater.startRunnerWithArgs(IdeaTestRunner.java:35)
	at com.intellij.rt.junit.JUnitStarter.prepareStreamsAndStart(JUnitStarter.java:232)
	at com.intellij.rt.junit.JUnitStarter.main(JUnitStarter.java:55)
2025-03-13 12:14:12 [main] INFO  l.insoft.uztis.tests.utils.TestUtils - Screenshot moved to C:\Users\ingrida.zadorozniene\Desktop\Asm\UZTIS\UZTIS_tests\test-output\screenshots\20250313\121412435_testFillNewDVPApplicationFA().png
2025-03-13 12:16:03 [main] INFO  lt.insoft.uztis.tests.UztisPageTest - Navigated to https://uztisdev.asseco.lt/home
2025-03-13 12:16:03 [main] INFO  l.i.u.t.SubmittedApplicationsPageTest - Starting test:'testFillNewDVPApplicationFA'
2025-03-13 12:16:03 [main] DEBUG l.i.u.t.SubmittedApplicationsPageTest - User logged in with test credentials.
2025-03-13 12:16:04 [main] DEBUG l.i.u.t.SubmittedApplicationsPageTest - Opened 'Application Processing' menu.
2025-03-13 12:16:04 [main] DEBUG l.i.u.t.SubmittedApplicationsPageTest - Clicked on 'Application Forms' menu.
2025-03-13 12:16:04 [main] DEBUG l.i.u.t.SubmittedApplicationsPageTest - Retrieved last description code text: 'TST-DVP-58'.
2025-03-13 12:16:05 [main] DEBUG l.i.u.t.SubmittedApplicationsPageTest - Clicked on 'Invitation' menu.
2025-03-13 12:16:15 [main] INFO  lt.insoft.uztis.tests.UztisPageTest - Navigated to https://uztisdev.asseco.lt/home
2025-03-13 12:16:15 [main] INFO  l.i.u.t.SubmittedApplicationsPageTest - Starting test:'testFillNewDVPApplicationFA'
2025-03-13 12:16:15 [main] DEBUG l.i.u.t.SubmittedApplicationsPageTest - User logged in with test credentials.
2025-03-13 12:16:16 [main] DEBUG l.i.u.t.SubmittedApplicationsPageTest - Opened 'Application Processing' menu.
2025-03-13 12:16:16 [main] DEBUG l.i.u.t.SubmittedApplicationsPageTest - Clicked on 'Application Forms' menu.
2025-03-13 12:16:16 [main] DEBUG l.i.u.t.SubmittedApplicationsPageTest - Retrieved last description code text: 'TST-DVP-58'.
2025-03-13 12:16:16 [main] DEBUG l.i.u.t.SubmittedApplicationsPageTest - Clicked on 'Invitation' menu.
2025-03-13 12:16:17 [main] DEBUG l.i.u.t.SubmittedApplicationsPageTest - Selected application section by code: 'TST-DVP-58'.
2025-03-13 12:16:17 [main] DEBUG l.i.u.t.SubmittedApplicationsPageTest - Clicked 'Search' button.
2025-03-13 12:16:17 [main] DEBUG l.i.u.t.SubmittedApplicationsPageTest - Retrieved invitation code: ''.
2025-03-13 12:16:18 [main] DEBUG l.i.u.t.SubmittedApplicationsPageTest - Clicked on 'Submitted Applications' menu.
2025-03-13 12:16:19 [main] DEBUG l.i.u.t.SubmittedApplicationsPageTest - Selected invitation by code: 'TST-DVP-58'.
2025-03-13 12:16:19 [main] DEBUG l.i.u.t.SubmittedApplicationsPageTest - Invitation code inserted.
2025-03-13 12:16:19 [main] DEBUG l.i.u.t.SubmittedApplicationsPageTest - Clicked on 'Action Application' button.
2025-03-13 12:16:19 [main] DEBUG l.i.u.t.SubmittedApplicationsPageTest - Clicked on 'New Application' button.
2025-03-13 12:16:20 [main] DEBUG l.i.u.t.SubmittedApplicationsPageTest - Selected the 'RadioButtonFA' option.
2025-03-13 12:16:20 [main] DEBUG l.i.u.t.SubmittedApplicationsPageTest - Entered phone number: '61298745'.
2025-03-13 12:16:20 [main] DEBUG l.i.u.t.SubmittedApplicationsPageTest - Entered email: 'test@autotest.com'.
2025-03-13 12:16:20 [main] DEBUG l.i.u.t.SubmittedApplicationsPageTest - Checked 'For workplace adaptation' checkbox 1.
2025-03-13 12:16:20 [main] DEBUG l.i.u.t.SubmittedApplicationsPageTest - Checked 'For environmental adaptation' checkbox 2.
2025-03-13 12:16:20 [main] INFO  l.i.u.p.SubmittedApplicationsPage - Located the dropdown button.
2025-03-13 12:16:37 [main] INFO  l.i.u.p.SubmittedApplicationsPage - Found 1741 options in the dropdown.
2025-03-13 12:16:37 [main] INFO  l.i.u.p.SubmittedApplicationsPage - Successfully selected the value: '01.11 - Grūdinių (išskyrus ryžius), ankštinių ir aliejingų sėklų augalų auginimas'
2025-03-13 12:16:48 [main] ERROR l.i.u.p.SubmittedApplicationsPage - Failed to close the dropdown with aria-expanded = 'false'. Attempting manual close.
2025-03-13 12:16:48 [main] INFO  l.i.u.p.SubmittedApplicationsPage - Manual close attempt for the dropdown using body click.
2025-03-13 12:16:48 [main] DEBUG l.i.u.t.SubmittedApplicationsPageTest - Selected EVRK value: '01.11 - Grūdinių (išskyrus ryžius), ankštinių ir aliejingų sėklų augalų auginimas'.
2025-03-13 12:16:48 [main] DEBUG l.i.u.t.SubmittedApplicationsPageTest - Clicked on 'Address Component' button.
2025-03-13 12:16:48 [main] INFO  l.i.u.p.SubmittedApplicationsPage - Located the dropdown button.
2025-03-13 12:16:51 [main] INFO  l.i.u.p.SubmittedApplicationsPage - Successfully selected the value: 'Lietuva'
2025-03-13 12:16:51 [main] DEBUG l.i.u.t.SubmittedApplicationsPageTest - Selected country: 'Lietuva'.
2025-03-13 12:16:51 [main] INFO  l.i.u.p.SubmittedApplicationsPage - Located the dropdown search field.
2025-03-13 12:16:51 [main] INFO  l.i.u.p.SubmittedApplicationsPage - Dropdown city is opened.
2025-03-13 12:16:51 [main] INFO  l.i.u.p.SubmittedApplicationsPage - Searched for value: 'Vilnius'
2025-03-13 12:16:52 [main] INFO  l.i.u.p.SubmittedApplicationsPage - Successfully selected: 'Vilnius'
2025-03-13 12:16:52 [main] INFO  l.i.u.p.SubmittedApplicationsPage - Located the dropdown button.
2025-03-13 12:16:53 [main] INFO  l.i.u.p.SubmittedApplicationsPage - Successfully selected the value: 'A. Domaševičiaus g.'
2025-03-13 12:16:53 [main] DEBUG l.i.u.t.SubmittedApplicationsPageTest - Selected street: 'A. Domaševičiaus g.'.
2025-03-13 12:16:53 [main] INFO  l.i.u.p.SubmittedApplicationsPage - Located the dropdown button.
2025-03-13 12:16:54 [main] INFO  l.i.u.p.SubmittedApplicationsPage - Successfully selected the value: '1'
2025-03-13 12:16:54 [main] DEBUG l.i.u.t.SubmittedApplicationsPageTest - Selected house: '1'.
2025-03-13 12:16:54 [main] INFO  l.i.u.p.SubmittedApplicationsPage - Located the dropdown button.
2025-03-13 12:16:54 [main] INFO  l.i.u.p.SubmittedApplicationsPage - Successfully selected the value: '1'
2025-03-13 12:16:54 [main] DEBUG l.i.u.t.SubmittedApplicationsPageTest - Selected apartment: '1'.
2025-03-13 12:16:54 [main] DEBUG l.i.u.t.SubmittedApplicationsPageTest - Clicked 'Confirm' button.
2025-03-13 12:16:54 [main] DEBUG l.i.u.t.SubmittedApplicationsPageTest - Selected 'For already working' option.
2025-03-13 12:16:54 [main] DEBUG l.i.u.t.SubmittedApplicationsPageTest - Selected 'For new working' option.
2025-03-13 12:16:54 [main] DEBUG l.i.u.t.SubmittedApplicationsPageTest - Entered person count2: '1'.
2025-03-13 12:16:55 [main] DEBUG l.i.u.t.SubmittedApplicationsPageTest - Clicked 'Next' button after checkboxes.
2025-03-13 12:16:55 [main] INFO  l.i.u.p.SubmittedApplicationsPage - Located the dropdown button.
2025-03-13 12:16:55 [main] INFO  l.i.u.p.SubmittedApplicationsPage - Successfully selected the value: 'Administratoriai'
2025-03-13 12:16:55 [main] DEBUG l.i.u.t.SubmittedApplicationsPageTest - Selected adaptable job name: 'Administratoriai'.
2025-03-13 12:16:55 [main] DEBUG l.i.u.t.SubmittedApplicationsPageTest - Entered job date.
2025-03-13 12:16:56 [main] DEBUG l.i.u.t.SubmittedApplicationsPageTest - Entered job function: 'Funkcija 1'.
2025-03-13 12:16:56 [main] DEBUG l.i.u.t.SubmittedApplicationsPageTest - Selected 'For already working' 'no' option.
2025-03-13 12:16:56 [main] INFO  l.i.u.p.SubmittedApplicationsPage - Clicking on the dropdown button.
2025-03-13 12:16:56 [main] INFO  l.i.u.p.SubmittedApplicationsPage - Found 6 options in the dropdown.
2025-03-13 12:16:56 [main] DEBUG l.i.u.p.SubmittedApplicationsPage - Checking option: 'Lengvo neįgalumo lygis ar 45-55 procentų dalyvumo lygis (iki 2023 m. gruodžio 31 d. – 45-55 procentų darbingumo lygis)'
2025-03-13 12:16:57 [main] INFO  l.i.u.p.SubmittedApplicationsPage - Successfully selected the value: 'Lengvo neįgalumo lygis ar 45-55 procentų dalyvumo lygis (iki 2023 m. gruodžio 31 d. – 45-55 procentų darbingumo lygis)'
2025-03-13 12:16:57 [main] INFO  l.i.u.p.SubmittedApplicationsPage - Attempting to close the dropdown.
2025-03-13 12:16:57 [main] DEBUG l.i.u.t.SubmittedApplicationsPageTest - Selected disabilities type: 'Lengvo neįgalumo lygis ar 45-55 procentų dalyvumo lygis (iki 2023 m. gruodžio 31 d. – 45-55 procentų darbingumo lygis)'.
2025-03-13 12:16:57 [main] DEBUG l.i.u.t.SubmittedApplicationsPageTest - Entered disability information: 'Negalia 1'.
2025-03-13 12:16:58 [main] DEBUG l.i.u.t.SubmittedApplicationsPageTest - Entered qualification: 'Kvalifikacija 1'.
2025-03-13 12:16:58 [main] DEBUG l.i.u.t.SubmittedApplicationsPageTest - Entered job description: 'Darbo vietos aprašymas 1'.
2025-03-13 12:16:58 [main] DEBUG l.i.u.t.SubmittedApplicationsPageTest - Entered equipment description: 'Priemonių įsigyjimas 1'.
2025-03-13 12:16:58 [main] DEBUG l.i.u.t.SubmittedApplicationsPageTest - Entered work information: 'Darbai 1'.
2025-03-13 12:16:58 [main] INFO  l.i.u.p.SubmittedApplicationsPage - Located the dropdown button.
2025-03-13 12:16:59 [main] INFO  l.i.u.p.SubmittedApplicationsPage - Successfully selected the value: 'Kita'
2025-03-13 12:16:59 [main] DEBUG l.i.u.t.SubmittedApplicationsPageTest - Selected time mode: 'Kita'.
2025-03-13 12:16:59 [main] DEBUG l.i.u.t.SubmittedApplicationsPageTest - Selected time mode other: '6 val. per dieną ir 4 d. per savaitę'.
2025-03-13 12:17:00 [main] DEBUG l.i.u.t.SubmittedApplicationsPageTest - Entered salary amount: '1200'.
2025-03-13 12:17:00 [main] DEBUG l.i.u.t.SubmittedApplicationsPageTest - Selected 'Temporary Job' radio button.
2025-03-13 12:17:00 [main] DEBUG l.i.u.t.SubmittedApplicationsPageTest - Selected 'Season Job' radio button.
2025-03-13 12:17:00 [main] DEBUG l.i.u.t.SubmittedApplicationsPageTest - Selected 'PVM' radio button.
2025-03-13 12:17:00 [main] INFO  l.i.u.p.SubmittedApplicationsPage - Located the dropdown button.
2025-03-13 12:17:00 [main] INFO  l.i.u.p.SubmittedApplicationsPage - Successfully selected the value: 'Darbo vietos pritaikymui'
2025-03-13 12:17:31 [main] ERROR l.i.u.p.SubmittedApplicationsPage - Timeout while waiting for dropdown to close with aria-expanded = 'false'.
2025-03-13 12:17:31 [main] DEBUG l.i.u.t.SubmittedApplicationsPageTest - Selected adaptable job name: 'Darbo vietos pritaikymui'.
2025-03-13 12:17:31 [main] DEBUG l.i.u.p.SubmittedApplicationsPage - Located and clicked the dropdown button 'Reikalinga'.
2025-03-13 12:17:31 [main] INFO  l.i.u.p.SubmittedApplicationsPage - Successfully selected the value: 'Įsigyti'
2025-03-13 12:17:31 [main] DEBUG l.i.u.t.SubmittedApplicationsPageTest - Selected necessary for job: 'Įsigyti'.
2025-03-13 12:17:31 [main] DEBUG l.i.u.t.SubmittedApplicationsPageTest - Selected tool: 'Darbo priemonė 1'.
2025-03-13 12:17:31 [main] DEBUG l.i.u.t.SubmittedApplicationsPageTest - Selected tool parameter one: 'Darbo priemonės 1 parametras 1'.
2025-03-13 12:17:32 [main] DEBUG l.i.u.t.SubmittedApplicationsPageTest - Selected tool parameter two: 'Darbo priemonės 1 parametras 2'.
2025-03-13 12:17:32 [main] DEBUG l.i.u.t.SubmittedApplicationsPageTest - Selected tool parameter three: 'Darbo priemonės 1 parametras 3'.
2025-03-13 12:17:32 [main] DEBUG l.i.u.t.SubmittedApplicationsPageTest - Entered tool count: '1'.
2025-03-13 12:17:32 [main] DEBUG l.i.u.t.SubmittedApplicationsPageTest - Entered price amount: '1000'.
2025-03-13 12:17:32 [main] DEBUG l.i.u.t.SubmittedApplicationsPageTest - Entered own funds amount: '800'.
2025-03-13 12:17:33 [main] DEBUG l.i.u.t.SubmittedApplicationsPageTest - Clicked 'Add' button.
2025-03-13 12:17:33 [main] INFO  l.i.u.p.SubmittedApplicationsPage - Located the dropdown button.
2025-03-13 12:17:33 [main] INFO  l.i.u.p.SubmittedApplicationsPage - Successfully selected the value: 'Aplinkos pritaikymui'
2025-03-13 12:18:03 [main] ERROR l.i.u.p.SubmittedApplicationsPage - Timeout while waiting for dropdown to close with aria-expanded = 'false'.
2025-03-13 12:18:03 [main] DEBUG l.i.u.t.SubmittedApplicationsPageTest - Selected adaptable job name: 'Aplinkos pritaikymui'.
2025-03-13 12:18:03 [main] DEBUG l.i.u.p.SubmittedApplicationsPage - Located and clicked the dropdown button 'Reikalinga'.
2025-03-13 12:18:03 [main] INFO  l.i.u.p.SubmittedApplicationsPage - Successfully selected the value: 'Remontuoti'
2025-03-13 12:18:14 [main] DEBUG l.i.u.t.SubmittedApplicationsPageTest - Selected necessary for job: 'Remontuoti'.
2025-03-13 12:18:14 [main] DEBUG l.i.u.t.SubmittedApplicationsPageTest - Selected tool: 'Darbo priemonė 2 remontui'.
2025-03-13 12:18:14 [main] DEBUG l.i.u.t.SubmittedApplicationsPageTest - Entered tool count: '2'.
2025-03-13 12:18:14 [main] DEBUG l.i.u.t.SubmittedApplicationsPageTest - Entered price amount: '1000'.
2025-03-13 12:18:15 [main] DEBUG l.i.u.t.SubmittedApplicationsPageTest - Entered own funds amount: '900'.
2025-03-13 12:18:15 [main] DEBUG l.i.u.t.SubmittedApplicationsPageTest - Selected 'De Minimis' radio button.
2025-03-13 12:18:15 [main] DEBUG l.i.u.t.SubmittedApplicationsPageTest - Entered program name: 'Programa 1'.
2025-03-13 12:18:15 [main] DEBUG l.i.u.t.SubmittedApplicationsPageTest - Entered project date from.
2025-03-13 12:18:15 [main] DEBUG l.i.u.t.SubmittedApplicationsPageTest - Entered project date until.
2025-03-13 12:18:15 [main] DEBUG l.i.u.t.SubmittedApplicationsPageTest - Entered support amount: '2000'.
2025-03-13 12:18:16 [main] DEBUG l.i.u.t.SubmittedApplicationsPageTest - Clicked 'Next' button.
2025-03-13 12:18:26 [main] DEBUG l.i.u.t.SubmittedApplicationsPageTest - Checked 'Legal Entities' checkbox 1.
2025-03-13 12:18:36 [main] DEBUG l.i.u.t.SubmittedApplicationsPageTest - Checked 'Legal Entities' checkbox 2.
2025-03-13 12:18:46 [main] DEBUG l.i.u.t.SubmittedApplicationsPageTest - Checked 'Legal Entities' checkbox 3.
2025-03-13 12:18:46 [main] DEBUG l.i.u.t.SubmittedApplicationsPageTest - Test finished: All 'Legal Entities' checkboxes checked successfully.
2025-03-13 12:18:46 [main] DEBUG l.i.u.t.SubmittedApplicationsPageTest - Clicked 'Next' button after checkboxes.
2025-03-13 12:18:56 [main] ERROR l.i.u.p.SubmittedApplicationsPage - Error selecting radio button: Expected condition failed: waiting for element to be clickable: By.xpath: (//input[@type='radio' and @value='false'])[8] (tried for 10 second(s) with 500 milliseconds interval)
Build info: version: '4.27.0', revision: 'd6e718d134'
System info: os.name: 'Windows 11', os.arch: 'amd64', os.version: '10.0', java.version: '21.0.3'
Driver info: org.openqa.selenium.chrome.ChromeDriver
Capabilities {acceptInsecureCerts: false, browserName: chrome, browserVersion: 134.0.6998.89, chrome: {chromedriverVersion: 134.0.6998.88 (7e3d5c978c6d..., userDataDir: C:\Users\INGRID~1.ZAD\AppDa...}, fedcm:accounts: true, goog:chromeOptions: {debuggerAddress: localhost:55031}, networkConnectionEnabled: false, pageLoadStrategy: normal, platformName: windows, proxy: Proxy(), se:cdp: ws://localhost:55031/devtoo..., se:cdpVersion: 134.0.6998.89, setWindowRect: true, strictFileInteractability: false, timeouts: {implicit: 0, pageLoad: 300000, script: 30000}, unhandledPromptBehavior: dismiss and notify, webauthn:extension:credBlob: true, webauthn:extension:largeBlob: true, webauthn:extension:minPinLength: true, webauthn:extension:prf: true, webauthn:virtualAuthenticators: true}
Session ID: 5a4a78ad078207f59a47dad07bcaf4fd
2025-03-13 12:18:56 [main] INFO  l.i.u.t.SubmittedApplicationsPageTest - Marking 'Ne' radio button 1
2025-03-13 12:19:06 [main] ERROR l.i.u.p.SubmittedApplicationsPage - Error selecting radio button: Expected condition failed: waiting for element to be clickable: By.xpath: (//input[@type='radio' and @value='false'])[9] (tried for 10 second(s) with 500 milliseconds interval)
Build info: version: '4.27.0', revision: 'd6e718d134'
System info: os.name: 'Windows 11', os.arch: 'amd64', os.version: '10.0', java.version: '21.0.3'
Driver info: org.openqa.selenium.chrome.ChromeDriver
Capabilities {acceptInsecureCerts: false, browserName: chrome, browserVersion: 134.0.6998.89, chrome: {chromedriverVersion: 134.0.6998.88 (7e3d5c978c6d..., userDataDir: C:\Users\INGRID~1.ZAD\AppDa...}, fedcm:accounts: true, goog:chromeOptions: {debuggerAddress: localhost:55031}, networkConnectionEnabled: false, pageLoadStrategy: normal, platformName: windows, proxy: Proxy(), se:cdp: ws://localhost:55031/devtoo..., se:cdpVersion: 134.0.6998.89, setWindowRect: true, strictFileInteractability: false, timeouts: {implicit: 0, pageLoad: 300000, script: 30000}, unhandledPromptBehavior: dismiss and notify, webauthn:extension:credBlob: true, webauthn:extension:largeBlob: true, webauthn:extension:minPinLength: true, webauthn:extension:prf: true, webauthn:virtualAuthenticators: true}
Session ID: 5a4a78ad078207f59a47dad07bcaf4fd
2025-03-13 12:19:06 [main] INFO  l.i.u.t.SubmittedApplicationsPageTest - Marking 'Ne' radio button 2
2025-03-13 12:19:16 [main] ERROR l.i.u.p.SubmittedApplicationsPage - Error selecting radio button: Expected condition failed: waiting for element to be clickable: By.xpath: (//input[@type='radio' and @value='false'])[10] (tried for 10 second(s) with 500 milliseconds interval)
Build info: version: '4.27.0', revision: 'd6e718d134'
System info: os.name: 'Windows 11', os.arch: 'amd64', os.version: '10.0', java.version: '21.0.3'
Driver info: org.openqa.selenium.chrome.ChromeDriver
Capabilities {acceptInsecureCerts: false, browserName: chrome, browserVersion: 134.0.6998.89, chrome: {chromedriverVersion: 134.0.6998.88 (7e3d5c978c6d..., userDataDir: C:\Users\INGRID~1.ZAD\AppDa...}, fedcm:accounts: true, goog:chromeOptions: {debuggerAddress: localhost:55031}, networkConnectionEnabled: false, pageLoadStrategy: normal, platformName: windows, proxy: Proxy(), se:cdp: ws://localhost:55031/devtoo..., se:cdpVersion: 134.0.6998.89, setWindowRect: true, strictFileInteractability: false, timeouts: {implicit: 0, pageLoad: 300000, script: 30000}, unhandledPromptBehavior: dismiss and notify, webauthn:extension:credBlob: true, webauthn:extension:largeBlob: true, webauthn:extension:minPinLength: true, webauthn:extension:prf: true, webauthn:virtualAuthenticators: true}
Session ID: 5a4a78ad078207f59a47dad07bcaf4fd
2025-03-13 12:19:16 [main] INFO  l.i.u.t.SubmittedApplicationsPageTest - Marking 'Ne' radio button 3
2025-03-13 12:19:26 [main] ERROR l.i.u.p.SubmittedApplicationsPage - Error selecting radio button: Expected condition failed: waiting for element to be clickable: By.xpath: (//input[@type='radio' and @value='false'])[11] (tried for 10 second(s) with 500 milliseconds interval)
Build info: version: '4.27.0', revision: 'd6e718d134'
System info: os.name: 'Windows 11', os.arch: 'amd64', os.version: '10.0', java.version: '21.0.3'
Driver info: org.openqa.selenium.chrome.ChromeDriver
Capabilities {acceptInsecureCerts: false, browserName: chrome, browserVersion: 134.0.6998.89, chrome: {chromedriverVersion: 134.0.6998.88 (7e3d5c978c6d..., userDataDir: C:\Users\INGRID~1.ZAD\AppDa...}, fedcm:accounts: true, goog:chromeOptions: {debuggerAddress: localhost:55031}, networkConnectionEnabled: false, pageLoadStrategy: normal, platformName: windows, proxy: Proxy(), se:cdp: ws://localhost:55031/devtoo..., se:cdpVersion: 134.0.6998.89, setWindowRect: true, strictFileInteractability: false, timeouts: {implicit: 0, pageLoad: 300000, script: 30000}, unhandledPromptBehavior: dismiss and notify, webauthn:extension:credBlob: true, webauthn:extension:largeBlob: true, webauthn:extension:minPinLength: true, webauthn:extension:prf: true, webauthn:virtualAuthenticators: true}
Session ID: 5a4a78ad078207f59a47dad07bcaf4fd
2025-03-13 12:19:26 [main] INFO  l.i.u.t.SubmittedApplicationsPageTest - Marking 'Ne' radio button 4
2025-03-13 12:19:37 [main] ERROR l.i.u.p.SubmittedApplicationsPage - Error selecting radio button: Expected condition failed: waiting for element to be clickable: By.xpath: (//input[@type='radio' and @value='false'])[12] (tried for 10 second(s) with 500 milliseconds interval)
Build info: version: '4.27.0', revision: 'd6e718d134'
System info: os.name: 'Windows 11', os.arch: 'amd64', os.version: '10.0', java.version: '21.0.3'
Driver info: org.openqa.selenium.chrome.ChromeDriver
Capabilities {acceptInsecureCerts: false, browserName: chrome, browserVersion: 134.0.6998.89, chrome: {chromedriverVersion: 134.0.6998.88 (7e3d5c978c6d..., userDataDir: C:\Users\INGRID~1.ZAD\AppDa...}, fedcm:accounts: true, goog:chromeOptions: {debuggerAddress: localhost:55031}, networkConnectionEnabled: false, pageLoadStrategy: normal, platformName: windows, proxy: Proxy(), se:cdp: ws://localhost:55031/devtoo..., se:cdpVersion: 134.0.6998.89, setWindowRect: true, strictFileInteractability: false, timeouts: {implicit: 0, pageLoad: 300000, script: 30000}, unhandledPromptBehavior: dismiss and notify, webauthn:extension:credBlob: true, webauthn:extension:largeBlob: true, webauthn:extension:minPinLength: true, webauthn:extension:prf: true, webauthn:virtualAuthenticators: true}
Session ID: 5a4a78ad078207f59a47dad07bcaf4fd
2025-03-13 12:19:37 [main] INFO  l.i.u.t.SubmittedApplicationsPageTest - Marking 'Ne' radio button 5
2025-03-13 12:19:47 [main] ERROR l.i.u.p.SubmittedApplicationsPage - Error selecting radio button: Expected condition failed: waiting for element to be clickable: By.xpath: (//input[@type='radio' and @value='false'])[13] (tried for 10 second(s) with 500 milliseconds interval)
Build info: version: '4.27.0', revision: 'd6e718d134'
System info: os.name: 'Windows 11', os.arch: 'amd64', os.version: '10.0', java.version: '21.0.3'
Driver info: org.openqa.selenium.chrome.ChromeDriver
Capabilities {acceptInsecureCerts: false, browserName: chrome, browserVersion: 134.0.6998.89, chrome: {chromedriverVersion: 134.0.6998.88 (7e3d5c978c6d..., userDataDir: C:\Users\INGRID~1.ZAD\AppDa...}, fedcm:accounts: true, goog:chromeOptions: {debuggerAddress: localhost:55031}, networkConnectionEnabled: false, pageLoadStrategy: normal, platformName: windows, proxy: Proxy(), se:cdp: ws://localhost:55031/devtoo..., se:cdpVersion: 134.0.6998.89, setWindowRect: true, strictFileInteractability: false, timeouts: {implicit: 0, pageLoad: 300000, script: 30000}, unhandledPromptBehavior: dismiss and notify, webauthn:extension:credBlob: true, webauthn:extension:largeBlob: true, webauthn:extension:minPinLength: true, webauthn:extension:prf: true, webauthn:virtualAuthenticators: true}
Session ID: 5a4a78ad078207f59a47dad07bcaf4fd
2025-03-13 12:19:47 [main] INFO  l.i.u.t.SubmittedApplicationsPageTest - Marking 'Ne' radio button 6
2025-03-13 12:19:57 [main] ERROR l.i.u.p.SubmittedApplicationsPage - Error selecting radio button: Expected condition failed: waiting for element to be clickable: By.xpath: (//input[@type='radio' and @value='true'])[14] (tried for 10 second(s) with 500 milliseconds interval)
Build info: version: '4.27.0', revision: 'd6e718d134'
System info: os.name: 'Windows 11', os.arch: 'amd64', os.version: '10.0', java.version: '21.0.3'
Driver info: org.openqa.selenium.chrome.ChromeDriver
Capabilities {acceptInsecureCerts: false, browserName: chrome, browserVersion: 134.0.6998.89, chrome: {chromedriverVersion: 134.0.6998.88 (7e3d5c978c6d..., userDataDir: C:\Users\INGRID~1.ZAD\AppDa...}, fedcm:accounts: true, goog:chromeOptions: {debuggerAddress: localhost:55031}, networkConnectionEnabled: false, pageLoadStrategy: normal, platformName: windows, proxy: Proxy(), se:cdp: ws://localhost:55031/devtoo..., se:cdpVersion: 134.0.6998.89, setWindowRect: true, strictFileInteractability: false, timeouts: {implicit: 0, pageLoad: 300000, script: 30000}, unhandledPromptBehavior: dismiss and notify, webauthn:extension:credBlob: true, webauthn:extension:largeBlob: true, webauthn:extension:minPinLength: true, webauthn:extension:prf: true, webauthn:virtualAuthenticators: true}
Session ID: 5a4a78ad078207f59a47dad07bcaf4fd
2025-03-13 12:19:57 [main] INFO  l.i.u.t.SubmittedApplicationsPageTest - Marking 'Taip' radio button 7
2025-03-13 12:20:07 [main] ERROR l.i.u.p.SubmittedApplicationsPage - Error selecting radio button: Expected condition failed: waiting for element to be clickable: By.xpath: (//input[@type='radio' and @value='true'])[15] (tried for 10 second(s) with 500 milliseconds interval)
Build info: version: '4.27.0', revision: 'd6e718d134'
System info: os.name: 'Windows 11', os.arch: 'amd64', os.version: '10.0', java.version: '21.0.3'
Driver info: org.openqa.selenium.chrome.ChromeDriver
Capabilities {acceptInsecureCerts: false, browserName: chrome, browserVersion: 134.0.6998.89, chrome: {chromedriverVersion: 134.0.6998.88 (7e3d5c978c6d..., userDataDir: C:\Users\INGRID~1.ZAD\AppDa...}, fedcm:accounts: true, goog:chromeOptions: {debuggerAddress: localhost:55031}, networkConnectionEnabled: false, pageLoadStrategy: normal, platformName: windows, proxy: Proxy(), se:cdp: ws://localhost:55031/devtoo..., se:cdpVersion: 134.0.6998.89, setWindowRect: true, strictFileInteractability: false, timeouts: {implicit: 0, pageLoad: 300000, script: 30000}, unhandledPromptBehavior: dismiss and notify, webauthn:extension:credBlob: true, webauthn:extension:largeBlob: true, webauthn:extension:minPinLength: true, webauthn:extension:prf: true, webauthn:virtualAuthenticators: true}
Session ID: 5a4a78ad078207f59a47dad07bcaf4fd
2025-03-13 12:20:07 [main] INFO  l.i.u.t.SubmittedApplicationsPageTest - Marking 'Taip' radio button 8
2025-03-13 12:20:17 [main] ERROR l.i.u.p.SubmittedApplicationsPage - Error selecting radio button: Expected condition failed: waiting for element to be clickable: By.xpath: (//input[@type='radio' and @value='true'])[16] (tried for 10 second(s) with 500 milliseconds interval)
Build info: version: '4.27.0', revision: 'd6e718d134'
System info: os.name: 'Windows 11', os.arch: 'amd64', os.version: '10.0', java.version: '21.0.3'
Driver info: org.openqa.selenium.chrome.ChromeDriver
Capabilities {acceptInsecureCerts: false, browserName: chrome, browserVersion: 134.0.6998.89, chrome: {chromedriverVersion: 134.0.6998.88 (7e3d5c978c6d..., userDataDir: C:\Users\INGRID~1.ZAD\AppDa...}, fedcm:accounts: true, goog:chromeOptions: {debuggerAddress: localhost:55031}, networkConnectionEnabled: false, pageLoadStrategy: normal, platformName: windows, proxy: Proxy(), se:cdp: ws://localhost:55031/devtoo..., se:cdpVersion: 134.0.6998.89, setWindowRect: true, strictFileInteractability: false, timeouts: {implicit: 0, pageLoad: 300000, script: 30000}, unhandledPromptBehavior: dismiss and notify, webauthn:extension:credBlob: true, webauthn:extension:largeBlob: true, webauthn:extension:minPinLength: true, webauthn:extension:prf: true, webauthn:virtualAuthenticators: true}
Session ID: 5a4a78ad078207f59a47dad07bcaf4fd
2025-03-13 12:20:17 [main] INFO  l.i.u.t.SubmittedApplicationsPageTest - Marking 'Taip' radio button 9
2025-03-13 12:20:27 [main] ERROR l.i.u.p.SubmittedApplicationsPage - Error selecting radio button: Expected condition failed: waiting for element to be clickable: By.xpath: (//input[@type='radio' and @value='true'])[17] (tried for 10 second(s) with 500 milliseconds interval)
Build info: version: '4.27.0', revision: 'd6e718d134'
System info: os.name: 'Windows 11', os.arch: 'amd64', os.version: '10.0', java.version: '21.0.3'
Driver info: org.openqa.selenium.chrome.ChromeDriver
Capabilities {acceptInsecureCerts: false, browserName: chrome, browserVersion: 134.0.6998.89, chrome: {chromedriverVersion: 134.0.6998.88 (7e3d5c978c6d..., userDataDir: C:\Users\INGRID~1.ZAD\AppDa...}, fedcm:accounts: true, goog:chromeOptions: {debuggerAddress: localhost:55031}, networkConnectionEnabled: false, pageLoadStrategy: normal, platformName: windows, proxy: Proxy(), se:cdp: ws://localhost:55031/devtoo..., se:cdpVersion: 134.0.6998.89, setWindowRect: true, strictFileInteractability: false, timeouts: {implicit: 0, pageLoad: 300000, script: 30000}, unhandledPromptBehavior: dismiss and notify, webauthn:extension:credBlob: true, webauthn:extension:largeBlob: true, webauthn:extension:minPinLength: true, webauthn:extension:prf: true, webauthn:virtualAuthenticators: true}
Session ID: 5a4a78ad078207f59a47dad07bcaf4fd
2025-03-13 12:20:27 [main] INFO  l.i.u.t.SubmittedApplicationsPageTest - Marking 'Taip' radio button 10
2025-03-13 12:20:37 [main] ERROR l.i.u.p.SubmittedApplicationsPage - Error selecting radio button: Expected condition failed: waiting for element to be clickable: By.xpath: (//input[@type='radio' and @value='true'])[18] (tried for 10 second(s) with 500 milliseconds interval)
Build info: version: '4.27.0', revision: 'd6e718d134'
System info: os.name: 'Windows 11', os.arch: 'amd64', os.version: '10.0', java.version: '21.0.3'
Driver info: org.openqa.selenium.chrome.ChromeDriver
Capabilities {acceptInsecureCerts: false, browserName: chrome, browserVersion: 134.0.6998.89, chrome: {chromedriverVersion: 134.0.6998.88 (7e3d5c978c6d..., userDataDir: C:\Users\INGRID~1.ZAD\AppDa...}, fedcm:accounts: true, goog:chromeOptions: {debuggerAddress: localhost:55031}, networkConnectionEnabled: false, pageLoadStrategy: normal, platformName: windows, proxy: Proxy(), se:cdp: ws://localhost:55031/devtoo..., se:cdpVersion: 134.0.6998.89, setWindowRect: true, strictFileInteractability: false, timeouts: {implicit: 0, pageLoad: 300000, script: 30000}, unhandledPromptBehavior: dismiss and notify, webauthn:extension:credBlob: true, webauthn:extension:largeBlob: true, webauthn:extension:minPinLength: true, webauthn:extension:prf: true, webauthn:virtualAuthenticators: true}
Session ID: 5a4a78ad078207f59a47dad07bcaf4fd
2025-03-13 12:20:37 [main] INFO  l.i.u.t.SubmittedApplicationsPageTest - Marking 'Taip' radio button 11
2025-03-13 12:20:47 [main] ERROR l.i.u.p.SubmittedApplicationsPage - Error selecting radio button: Expected condition failed: waiting for element to be clickable: By.xpath: (//input[@type='radio' and @value='true'])[19] (tried for 10 second(s) with 500 milliseconds interval)
Build info: version: '4.27.0', revision: 'd6e718d134'
System info: os.name: 'Windows 11', os.arch: 'amd64', os.version: '10.0', java.version: '21.0.3'
Driver info: org.openqa.selenium.chrome.ChromeDriver
Capabilities {acceptInsecureCerts: false, browserName: chrome, browserVersion: 134.0.6998.89, chrome: {chromedriverVersion: 134.0.6998.88 (7e3d5c978c6d..., userDataDir: C:\Users\INGRID~1.ZAD\AppDa...}, fedcm:accounts: true, goog:chromeOptions: {debuggerAddress: localhost:55031}, networkConnectionEnabled: false, pageLoadStrategy: normal, platformName: windows, proxy: Proxy(), se:cdp: ws://localhost:55031/devtoo..., se:cdpVersion: 134.0.6998.89, setWindowRect: true, strictFileInteractability: false, timeouts: {implicit: 0, pageLoad: 300000, script: 30000}, unhandledPromptBehavior: dismiss and notify, webauthn:extension:credBlob: true, webauthn:extension:largeBlob: true, webauthn:extension:minPinLength: true, webauthn:extension:prf: true, webauthn:virtualAuthenticators: true}
Session ID: 5a4a78ad078207f59a47dad07bcaf4fd
2025-03-13 12:20:47 [main] INFO  l.i.u.t.SubmittedApplicationsPageTest - Marking 'Taip' radio button 12
2025-03-13 12:20:57 [main] DEBUG l.i.u.t.SubmittedApplicationsPageTest - Checked 'ConfirmationStepFour'
2025-03-13 12:20:57 [main] DEBUG l.i.u.t.SubmittedApplicationsPageTest - Clicked 'Next' button after checkboxes.
2025-03-13 12:20:57 [main] INFO  l.i.u.p.SubmittedApplicationsPage - File uploaded successfully to an input element.
2025-03-13 12:20:58 [main] INFO  l.i.u.p.SubmittedApplicationsPage - File uploaded successfully to an input element.
2025-03-13 12:20:58 [main] INFO  l.i.u.p.SubmittedApplicationsPage - File uploaded successfully to an input element.
2025-03-13 12:20:58 [main] INFO  l.i.u.p.SubmittedApplicationsPage - File uploaded successfully to an input element.
2025-03-13 12:20:58 [main] INFO  l.i.u.p.SubmittedApplicationsPage - File uploaded successfully to an input element.
2025-03-13 12:20:58 [main] INFO  l.i.u.p.SubmittedApplicationsPage - File uploaded successfully to an input element.
2025-03-13 12:20:58 [main] INFO  l.i.u.p.SubmittedApplicationsPage - File uploaded successfully to an input element.
2025-03-13 12:20:58 [main] INFO  l.i.u.p.SubmittedApplicationsPage - File uploaded successfully to an input element.
2025-03-13 12:20:58 [main] DEBUG l.i.u.t.SubmittedApplicationsPageTest - Entered program name: 'Dokumentas 1'.
2025-03-13 12:20:58 [main] DEBUG l.i.u.t.SubmittedApplicationsPageTest - Entered program name: 'Dokumentas 2'.
2025-03-13 12:20:58 [main] DEBUG l.i.u.t.SubmittedApplicationsPageTest - Entered program name: 'Dokumentas 3'.
2025-03-13 12:20:58 [main] DEBUG l.i.u.t.SubmittedApplicationsPageTest - Entered program name: 'Dokumentas 4'.
2025-03-13 12:20:59 [main] DEBUG l.i.u.t.SubmittedApplicationsPageTest - Entered program name: 'Dokumentas 5'.
2025-03-13 12:20:59 [main] DEBUG l.i.u.t.SubmittedApplicationsPageTest - Entered program name: 'Dokumentas 6'.
2025-03-13 12:20:59 [main] DEBUG l.i.u.t.SubmittedApplicationsPageTest - Entered program name: 'Dokumentas 4'.
2025-03-13 12:20:59 [main] DEBUG l.i.u.t.SubmittedApplicationsPageTest - Entered program name: 'Dokumentas 8'.
2025-03-13 12:21:09 [main] DEBUG l.i.u.t.SubmittedApplicationsPageTest - Checked 'ConfirmationDocument'
2025-03-13 12:21:19 [main] DEBUG l.i.u.t.SubmittedApplicationsPageTest - Checked 'ConfirmationApplication'
2025-03-13 12:21:19 [main] DEBUG l.i.u.t.SubmittedApplicationsPageTest - Clicked 'Review' button after checkboxes.
2025-03-13 12:21:20 [main] DEBUG l.i.u.t.SubmittedApplicationsPageTest - Clicked 'SaveDraft' button after checkboxes.
2025-03-13 12:21:20 [main] DEBUG l.i.uztis.pages.ApplicationFormsPage - Verified success message: 'Ruošinys sėkmingai išsaugotas.'
2025-03-13 12:21:20 [main] DEBUG l.i.u.t.SubmittedApplicationsPageTest - Clicked 'Submit' button after checkboxes.
2025-03-13 12:21:20 [main] DEBUG l.i.u.t.SubmittedApplicationsPageTest - Clicked 'SubmitConfirmation' button after checkboxes.
2025-03-13 12:21:20 [main] ERROR l.i.uztis.pages.ApplicationFormsPage - Failed to verify the success message: 'Paraiška sėkmingai pateikta ir užregistruota.'. Available messages: [Ruošinys sėkmingai išsaugotas.]
2025-03-13 12:21:20 [main] INFO  l.i.u.t.SubmittedApplicationsPageTest - Verified success message
2025-03-13 12:21:20 [main] INFO  l.i.u.t.SubmittedApplicationsPageTest - Test 'testFillNewDVPApplicationFA' completed successfully.
2025-03-13 12:27:45 [main] INFO  lt.insoft.uztis.tests.UztisPageTest - Navigated to https://uztisdev.asseco.lt/home
2025-03-13 12:27:45 [main] INFO  l.i.u.t.SubmittedApplicationsPageTest - Starting test:'testFillNewDVPApplicationFA'
2025-03-13 12:27:45 [main] DEBUG l.i.u.t.SubmittedApplicationsPageTest - User logged in with test credentials.
2025-03-13 12:27:46 [main] DEBUG l.i.u.t.SubmittedApplicationsPageTest - Opened 'Application Processing' menu.
2025-03-13 12:27:46 [main] DEBUG l.i.u.t.SubmittedApplicationsPageTest - Clicked on 'Application Forms' menu.
2025-03-13 12:27:46 [main] DEBUG l.i.u.t.SubmittedApplicationsPageTest - Retrieved last description code text: 'TST-DVP-58'.
2025-03-13 12:27:47 [main] DEBUG l.i.u.t.SubmittedApplicationsPageTest - Clicked on 'Invitation' menu.
2025-03-13 12:27:47 [main] DEBUG l.i.u.t.SubmittedApplicationsPageTest - Selected application section by code: 'TST-DVP-58'.
2025-03-13 12:27:48 [main] DEBUG l.i.u.t.SubmittedApplicationsPageTest - Clicked 'Search' button.
2025-03-13 12:27:48 [main] DEBUG l.i.u.t.SubmittedApplicationsPageTest - Retrieved invitation code: ''.
2025-03-13 12:27:48 [main] DEBUG l.i.u.t.SubmittedApplicationsPageTest - Clicked on 'Submitted Applications' menu.
2025-03-13 12:27:49 [main] DEBUG l.i.u.t.SubmittedApplicationsPageTest - Selected invitation by code: 'TST-DVP-58'.
2025-03-13 12:27:49 [main] DEBUG l.i.u.t.SubmittedApplicationsPageTest - Invitation code inserted.
2025-03-13 12:27:49 [main] DEBUG l.i.u.t.SubmittedApplicationsPageTest - Clicked on 'Action Application' button.
2025-03-13 12:27:49 [main] DEBUG l.i.u.t.SubmittedApplicationsPageTest - Clicked on 'New Application' button.
2025-03-13 12:27:50 [main] DEBUG l.i.u.t.SubmittedApplicationsPageTest - Selected the 'RadioButtonFA' option.
2025-03-13 12:27:50 [main] DEBUG l.i.u.t.SubmittedApplicationsPageTest - Entered phone number: '61298745'.
2025-03-13 12:27:50 [main] DEBUG l.i.u.t.SubmittedApplicationsPageTest - Entered email: 'test@autotest.com'.
2025-03-13 12:27:50 [main] DEBUG l.i.u.t.SubmittedApplicationsPageTest - Checked 'For workplace adaptation' checkbox 1.
2025-03-13 12:27:50 [main] DEBUG l.i.u.t.SubmittedApplicationsPageTest - Checked 'For environmental adaptation' checkbox 2.
2025-03-13 12:27:50 [main] INFO  l.i.u.p.SubmittedApplicationsPage - Located the dropdown button.
2025-03-13 12:28:08 [main] INFO  l.i.u.p.SubmittedApplicationsPage - Found 1741 options in the dropdown.
2025-03-13 12:28:08 [main] INFO  l.i.u.p.SubmittedApplicationsPage - Successfully selected the value: '01.11 - Grūdinių (išskyrus ryžius), ankštinių ir aliejingų sėklų augalų auginimas'
2025-03-13 12:28:19 [main] ERROR l.i.u.p.SubmittedApplicationsPage - Failed to close the dropdown with aria-expanded = 'false'. Attempting manual close.
2025-03-13 12:28:19 [main] INFO  l.i.u.p.SubmittedApplicationsPage - Manual close attempt for the dropdown using body click.
2025-03-13 12:28:19 [main] DEBUG l.i.u.t.SubmittedApplicationsPageTest - Selected EVRK value: '01.11 - Grūdinių (išskyrus ryžius), ankštinių ir aliejingų sėklų augalų auginimas'.
2025-03-13 12:28:19 [main] DEBUG l.i.u.t.SubmittedApplicationsPageTest - Clicked on 'Address Component' button.
2025-03-13 12:28:19 [main] INFO  l.i.u.p.SubmittedApplicationsPage - Located the dropdown button.
2025-03-13 12:28:22 [main] INFO  l.i.u.p.SubmittedApplicationsPage - Successfully selected the value: 'Lietuva'
2025-03-13 12:28:22 [main] DEBUG l.i.u.t.SubmittedApplicationsPageTest - Selected country: 'Lietuva'.
2025-03-13 12:28:22 [main] INFO  l.i.u.p.SubmittedApplicationsPage - Located the dropdown search field.
2025-03-13 12:28:22 [main] INFO  l.i.u.p.SubmittedApplicationsPage - Dropdown city is opened.
2025-03-13 12:28:22 [main] INFO  l.i.u.p.SubmittedApplicationsPage - Searched for value: 'Vilnius'
2025-03-13 12:28:23 [main] INFO  l.i.u.p.SubmittedApplicationsPage - Successfully selected: 'Vilnius'
2025-03-13 12:28:23 [main] INFO  l.i.u.p.SubmittedApplicationsPage - Located the dropdown button.
2025-03-13 12:28:23 [main] INFO  l.i.u.p.SubmittedApplicationsPage - Successfully selected the value: 'A. Domaševičiaus g.'
2025-03-13 12:28:23 [main] DEBUG l.i.u.t.SubmittedApplicationsPageTest - Selected street: 'A. Domaševičiaus g.'.
2025-03-13 12:28:23 [main] INFO  l.i.u.p.SubmittedApplicationsPage - Located the dropdown button.
2025-03-13 12:28:24 [main] INFO  l.i.u.p.SubmittedApplicationsPage - Successfully selected the value: '1'
2025-03-13 12:28:24 [main] DEBUG l.i.u.t.SubmittedApplicationsPageTest - Selected house: '1'.
2025-03-13 12:28:24 [main] INFO  l.i.u.p.SubmittedApplicationsPage - Located the dropdown button.
2025-03-13 12:28:24 [main] INFO  l.i.u.p.SubmittedApplicationsPage - Successfully selected the value: '1'
2025-03-13 12:28:24 [main] DEBUG l.i.u.t.SubmittedApplicationsPageTest - Selected apartment: '1'.
2025-03-13 12:28:24 [main] DEBUG l.i.u.t.SubmittedApplicationsPageTest - Clicked 'Confirm' button.
2025-03-13 12:28:24 [main] DEBUG l.i.u.t.SubmittedApplicationsPageTest - Selected 'For already working' option.
2025-03-13 12:28:24 [main] DEBUG l.i.u.t.SubmittedApplicationsPageTest - Selected 'For new working' option.
2025-03-13 12:28:24 [main] DEBUG l.i.u.t.SubmittedApplicationsPageTest - Entered person count2: '1'.
2025-03-13 12:28:25 [main] DEBUG l.i.u.t.SubmittedApplicationsPageTest - Clicked 'Next' button after checkboxes.
2025-03-13 12:28:25 [main] INFO  l.i.u.p.SubmittedApplicationsPage - Located the dropdown button.
2025-03-13 12:28:26 [main] INFO  l.i.u.p.SubmittedApplicationsPage - Successfully selected the value: 'Administratoriai'
2025-03-13 12:28:26 [main] DEBUG l.i.u.t.SubmittedApplicationsPageTest - Selected adaptable job name: 'Administratoriai'.
2025-03-13 12:28:26 [main] DEBUG l.i.u.t.SubmittedApplicationsPageTest - Entered job date.
2025-03-13 12:28:26 [main] DEBUG l.i.u.t.SubmittedApplicationsPageTest - Entered job function: 'Funkcija 1'.
2025-03-13 12:28:26 [main] DEBUG l.i.u.t.SubmittedApplicationsPageTest - Selected 'For already working' 'no' option.
2025-03-13 12:28:26 [main] INFO  l.i.u.p.SubmittedApplicationsPage - Clicking on the dropdown button.
2025-03-13 12:28:27 [main] INFO  l.i.u.p.SubmittedApplicationsPage - Found 6 options in the dropdown.
2025-03-13 12:28:27 [main] DEBUG l.i.u.p.SubmittedApplicationsPage - Checking option: 'Lengvo neįgalumo lygis ar 45-55 procentų dalyvumo lygis (iki 2023 m. gruodžio 31 d. – 45-55 procentų darbingumo lygis)'
2025-03-13 12:28:27 [main] INFO  l.i.u.p.SubmittedApplicationsPage - Successfully selected the value: 'Lengvo neįgalumo lygis ar 45-55 procentų dalyvumo lygis (iki 2023 m. gruodžio 31 d. – 45-55 procentų darbingumo lygis)'
2025-03-13 12:28:27 [main] INFO  l.i.u.p.SubmittedApplicationsPage - Attempting to close the dropdown.
2025-03-13 12:28:28 [main] DEBUG l.i.u.t.SubmittedApplicationsPageTest - Selected disabilities type: 'Lengvo neįgalumo lygis ar 45-55 procentų dalyvumo lygis (iki 2023 m. gruodžio 31 d. – 45-55 procentų darbingumo lygis)'.
2025-03-13 12:28:28 [main] DEBUG l.i.u.t.SubmittedApplicationsPageTest - Entered disability information: 'Negalia 1'.
2025-03-13 12:28:28 [main] DEBUG l.i.u.t.SubmittedApplicationsPageTest - Entered qualification: 'Kvalifikacija 1'.
2025-03-13 12:28:29 [main] DEBUG l.i.u.t.SubmittedApplicationsPageTest - Entered job description: 'Darbo vietos aprašymas 1'.
2025-03-13 12:28:29 [main] DEBUG l.i.u.t.SubmittedApplicationsPageTest - Entered equipment description: 'Priemonių įsigyjimas 1'.
2025-03-13 12:28:29 [main] DEBUG l.i.u.t.SubmittedApplicationsPageTest - Entered work information: 'Darbai 1'.
2025-03-13 12:28:29 [main] INFO  l.i.u.p.SubmittedApplicationsPage - Located the dropdown button.
2025-03-13 12:28:30 [main] INFO  l.i.u.p.SubmittedApplicationsPage - Successfully selected the value: 'Kita'
2025-03-13 12:28:30 [main] DEBUG l.i.u.t.SubmittedApplicationsPageTest - Selected time mode: 'Kita'.
2025-03-13 12:28:30 [main] DEBUG l.i.u.t.SubmittedApplicationsPageTest - Selected time mode other: '6 val. per dieną ir 4 d. per savaitę'.
2025-03-13 12:28:30 [main] DEBUG l.i.u.t.SubmittedApplicationsPageTest - Entered salary amount: '1200'.
2025-03-13 12:28:30 [main] DEBUG l.i.u.t.SubmittedApplicationsPageTest - Selected 'Temporary Job' radio button.
2025-03-13 12:28:31 [main] DEBUG l.i.u.t.SubmittedApplicationsPageTest - Selected 'Season Job' radio button.
2025-03-13 12:28:31 [main] DEBUG l.i.u.t.SubmittedApplicationsPageTest - Selected 'PVM' radio button.
2025-03-13 12:28:31 [main] INFO  l.i.u.p.SubmittedApplicationsPage - Located the dropdown button.
2025-03-13 12:28:31 [main] INFO  l.i.u.p.SubmittedApplicationsPage - Successfully selected the value: 'Darbo vietos pritaikymui'
2025-03-13 12:29:02 [main] ERROR l.i.u.p.SubmittedApplicationsPage - Timeout while waiting for dropdown to close with aria-expanded = 'false'.
2025-03-13 12:29:02 [main] DEBUG l.i.u.t.SubmittedApplicationsPageTest - Selected adaptable job name: 'Darbo vietos pritaikymui'.
2025-03-13 12:29:02 [main] DEBUG l.i.u.p.SubmittedApplicationsPage - Located and clicked the dropdown button 'Reikalinga'.
2025-03-13 12:29:02 [main] INFO  l.i.u.p.SubmittedApplicationsPage - Successfully selected the value: 'Įsigyti'
2025-03-13 12:29:02 [main] DEBUG l.i.u.t.SubmittedApplicationsPageTest - Selected necessary for job: 'Įsigyti'.
2025-03-13 12:29:02 [main] DEBUG l.i.u.t.SubmittedApplicationsPageTest - Selected tool: 'Darbo priemonė 1'.
2025-03-13 12:29:02 [main] DEBUG l.i.u.t.SubmittedApplicationsPageTest - Selected tool parameter one: 'Darbo priemonės 1 parametras 1'.
2025-03-13 12:29:02 [main] DEBUG l.i.u.t.SubmittedApplicationsPageTest - Selected tool parameter two: 'Darbo priemonės 1 parametras 2'.
2025-03-13 12:29:03 [main] DEBUG l.i.u.t.SubmittedApplicationsPageTest - Selected tool parameter three: 'Darbo priemonės 1 parametras 3'.
2025-03-13 12:29:03 [main] DEBUG l.i.u.t.SubmittedApplicationsPageTest - Entered tool count: '1'.
2025-03-13 12:29:03 [main] DEBUG l.i.u.t.SubmittedApplicationsPageTest - Entered price amount: '1000'.
2025-03-13 12:29:03 [main] DEBUG l.i.u.t.SubmittedApplicationsPageTest - Entered own funds amount: '800'.
2025-03-13 12:29:03 [main] DEBUG l.i.u.t.SubmittedApplicationsPageTest - Clicked 'Add' button.
2025-03-13 12:29:03 [main] INFO  l.i.u.p.SubmittedApplicationsPage - Located the dropdown button.
2025-03-13 12:29:04 [main] INFO  l.i.u.p.SubmittedApplicationsPage - Successfully selected the value: 'Aplinkos pritaikymui'
2025-03-13 12:29:34 [main] ERROR l.i.u.p.SubmittedApplicationsPage - Timeout while waiting for dropdown to close with aria-expanded = 'false'.
2025-03-13 12:29:34 [main] DEBUG l.i.u.t.SubmittedApplicationsPageTest - Selected adaptable job name: 'Aplinkos pritaikymui'.
2025-03-13 12:29:35 [main] DEBUG l.i.u.p.SubmittedApplicationsPage - Located and clicked the dropdown button 'Reikalinga'.
2025-03-13 12:29:35 [main] INFO  l.i.u.p.SubmittedApplicationsPage - Successfully selected the value: 'Remontuoti'
2025-03-13 12:29:45 [main] DEBUG l.i.u.t.SubmittedApplicationsPageTest - Selected necessary for job: 'Remontuoti'.
2025-03-13 12:29:46 [main] DEBUG l.i.u.t.SubmittedApplicationsPageTest - Selected tool: 'Darbo priemonė 2 remontui'.
2025-03-13 12:29:46 [main] DEBUG l.i.u.t.SubmittedApplicationsPageTest - Entered tool count: '2'.
2025-03-13 12:29:46 [main] DEBUG l.i.u.t.SubmittedApplicationsPageTest - Entered price amount: '1000'.
2025-03-13 12:29:46 [main] DEBUG l.i.u.t.SubmittedApplicationsPageTest - Entered own funds amount: '900'.
2025-03-13 12:29:46 [main] DEBUG l.i.u.t.SubmittedApplicationsPageTest - Selected 'De Minimis' radio button.
2025-03-13 12:29:47 [main] DEBUG l.i.u.t.SubmittedApplicationsPageTest - Entered program name: 'Programa 1'.
2025-03-13 12:29:47 [main] DEBUG l.i.u.t.SubmittedApplicationsPageTest - Entered project date from.
2025-03-13 12:29:47 [main] DEBUG l.i.u.t.SubmittedApplicationsPageTest - Entered project date until.
2025-03-13 12:29:47 [main] DEBUG l.i.u.t.SubmittedApplicationsPageTest - Entered support amount: '2000'.
2025-03-13 12:29:47 [main] DEBUG l.i.u.t.SubmittedApplicationsPageTest - Clicked 'Next' button.
2025-03-13 12:29:57 [main] DEBUG l.i.u.t.SubmittedApplicationsPageTest - Checked 'Legal Entities' checkbox 1.
2025-03-13 12:30:07 [main] DEBUG l.i.u.t.SubmittedApplicationsPageTest - Checked 'Legal Entities' checkbox 2.
2025-03-13 12:30:17 [main] DEBUG l.i.u.t.SubmittedApplicationsPageTest - Checked 'Legal Entities' checkbox 3.
2025-03-13 12:30:17 [main] DEBUG l.i.u.t.SubmittedApplicationsPageTest - Test finished: All 'Legal Entities' checkboxes checked successfully.
2025-03-13 12:30:18 [main] DEBUG l.i.u.t.SubmittedApplicationsPageTest - Clicked 'Next' button after checkboxes.
2025-03-13 12:30:28 [main] ERROR l.i.u.p.SubmittedApplicationsPage - Error selecting radio button: Expected condition failed: waiting for element to be clickable: By.xpath: (//input[@type='radio' and @value='false'])[8] (tried for 10 second(s) with 500 milliseconds interval)
Build info: version: '4.27.0', revision: 'd6e718d134'
System info: os.name: 'Windows 11', os.arch: 'amd64', os.version: '10.0', java.version: '21.0.3'
Driver info: org.openqa.selenium.chrome.ChromeDriver
Capabilities {acceptInsecureCerts: false, browserName: chrome, browserVersion: 134.0.6998.89, chrome: {chromedriverVersion: 134.0.6998.88 (7e3d5c978c6d..., userDataDir: C:\Users\INGRID~1.ZAD\AppDa...}, fedcm:accounts: true, goog:chromeOptions: {debuggerAddress: localhost:55471}, networkConnectionEnabled: false, pageLoadStrategy: normal, platformName: windows, proxy: Proxy(), se:cdp: ws://localhost:55471/devtoo..., se:cdpVersion: 134.0.6998.89, setWindowRect: true, strictFileInteractability: false, timeouts: {implicit: 0, pageLoad: 300000, script: 30000}, unhandledPromptBehavior: dismiss and notify, webauthn:extension:credBlob: true, webauthn:extension:largeBlob: true, webauthn:extension:minPinLength: true, webauthn:extension:prf: true, webauthn:virtualAuthenticators: true}
Session ID: 3747e24005b4e02d60f34cdb38a870e3
2025-03-13 12:30:28 [main] INFO  l.i.u.t.SubmittedApplicationsPageTest - Marking 'Ne' radio button 1
2025-03-13 12:30:38 [main] ERROR l.i.u.p.SubmittedApplicationsPage - Error selecting radio button: Expected condition failed: waiting for element to be clickable: By.xpath: (//input[@type='radio' and @value='false'])[9] (tried for 10 second(s) with 500 milliseconds interval)
Build info: version: '4.27.0', revision: 'd6e718d134'
System info: os.name: 'Windows 11', os.arch: 'amd64', os.version: '10.0', java.version: '21.0.3'
Driver info: org.openqa.selenium.chrome.ChromeDriver
Capabilities {acceptInsecureCerts: false, browserName: chrome, browserVersion: 134.0.6998.89, chrome: {chromedriverVersion: 134.0.6998.88 (7e3d5c978c6d..., userDataDir: C:\Users\INGRID~1.ZAD\AppDa...}, fedcm:accounts: true, goog:chromeOptions: {debuggerAddress: localhost:55471}, networkConnectionEnabled: false, pageLoadStrategy: normal, platformName: windows, proxy: Proxy(), se:cdp: ws://localhost:55471/devtoo..., se:cdpVersion: 134.0.6998.89, setWindowRect: true, strictFileInteractability: false, timeouts: {implicit: 0, pageLoad: 300000, script: 30000}, unhandledPromptBehavior: dismiss and notify, webauthn:extension:credBlob: true, webauthn:extension:largeBlob: true, webauthn:extension:minPinLength: true, webauthn:extension:prf: true, webauthn:virtualAuthenticators: true}
Session ID: 3747e24005b4e02d60f34cdb38a870e3
2025-03-13 12:30:38 [main] INFO  l.i.u.t.SubmittedApplicationsPageTest - Marking 'Ne' radio button 2
2025-03-13 12:30:48 [main] ERROR l.i.u.p.SubmittedApplicationsPage - Error selecting radio button: Expected condition failed: waiting for element to be clickable: By.xpath: (//input[@type='radio' and @value='false'])[10] (tried for 10 second(s) with 500 milliseconds interval)
Build info: version: '4.27.0', revision: 'd6e718d134'
System info: os.name: 'Windows 11', os.arch: 'amd64', os.version: '10.0', java.version: '21.0.3'
Driver info: org.openqa.selenium.chrome.ChromeDriver
Capabilities {acceptInsecureCerts: false, browserName: chrome, browserVersion: 134.0.6998.89, chrome: {chromedriverVersion: 134.0.6998.88 (7e3d5c978c6d..., userDataDir: C:\Users\INGRID~1.ZAD\AppDa...}, fedcm:accounts: true, goog:chromeOptions: {debuggerAddress: localhost:55471}, networkConnectionEnabled: false, pageLoadStrategy: normal, platformName: windows, proxy: Proxy(), se:cdp: ws://localhost:55471/devtoo..., se:cdpVersion: 134.0.6998.89, setWindowRect: true, strictFileInteractability: false, timeouts: {implicit: 0, pageLoad: 300000, script: 30000}, unhandledPromptBehavior: dismiss and notify, webauthn:extension:credBlob: true, webauthn:extension:largeBlob: true, webauthn:extension:minPinLength: true, webauthn:extension:prf: true, webauthn:virtualAuthenticators: true}
Session ID: 3747e24005b4e02d60f34cdb38a870e3
2025-03-13 12:30:48 [main] INFO  l.i.u.t.SubmittedApplicationsPageTest - Marking 'Ne' radio button 3
2025-03-13 12:30:58 [main] ERROR l.i.u.p.SubmittedApplicationsPage - Error selecting radio button: Expected condition failed: waiting for element to be clickable: By.xpath: (//input[@type='radio' and @value='false'])[11] (tried for 10 second(s) with 500 milliseconds interval)
Build info: version: '4.27.0', revision: 'd6e718d134'
System info: os.name: 'Windows 11', os.arch: 'amd64', os.version: '10.0', java.version: '21.0.3'
Driver info: org.openqa.selenium.chrome.ChromeDriver
Capabilities {acceptInsecureCerts: false, browserName: chrome, browserVersion: 134.0.6998.89, chrome: {chromedriverVersion: 134.0.6998.88 (7e3d5c978c6d..., userDataDir: C:\Users\INGRID~1.ZAD\AppDa...}, fedcm:accounts: true, goog:chromeOptions: {debuggerAddress: localhost:55471}, networkConnectionEnabled: false, pageLoadStrategy: normal, platformName: windows, proxy: Proxy(), se:cdp: ws://localhost:55471/devtoo..., se:cdpVersion: 134.0.6998.89, setWindowRect: true, strictFileInteractability: false, timeouts: {implicit: 0, pageLoad: 300000, script: 30000}, unhandledPromptBehavior: dismiss and notify, webauthn:extension:credBlob: true, webauthn:extension:largeBlob: true, webauthn:extension:minPinLength: true, webauthn:extension:prf: true, webauthn:virtualAuthenticators: true}
Session ID: 3747e24005b4e02d60f34cdb38a870e3
2025-03-13 12:30:58 [main] INFO  l.i.u.t.SubmittedApplicationsPageTest - Marking 'Ne' radio button 4
2025-03-13 12:31:08 [main] ERROR l.i.u.p.SubmittedApplicationsPage - Error selecting radio button: Expected condition failed: waiting for element to be clickable: By.xpath: (//input[@type='radio' and @value='false'])[12] (tried for 10 second(s) with 500 milliseconds interval)
Build info: version: '4.27.0', revision: 'd6e718d134'
System info: os.name: 'Windows 11', os.arch: 'amd64', os.version: '10.0', java.version: '21.0.3'
Driver info: org.openqa.selenium.chrome.ChromeDriver
Capabilities {acceptInsecureCerts: false, browserName: chrome, browserVersion: 134.0.6998.89, chrome: {chromedriverVersion: 134.0.6998.88 (7e3d5c978c6d..., userDataDir: C:\Users\INGRID~1.ZAD\AppDa...}, fedcm:accounts: true, goog:chromeOptions: {debuggerAddress: localhost:55471}, networkConnectionEnabled: false, pageLoadStrategy: normal, platformName: windows, proxy: Proxy(), se:cdp: ws://localhost:55471/devtoo..., se:cdpVersion: 134.0.6998.89, setWindowRect: true, strictFileInteractability: false, timeouts: {implicit: 0, pageLoad: 300000, script: 30000}, unhandledPromptBehavior: dismiss and notify, webauthn:extension:credBlob: true, webauthn:extension:largeBlob: true, webauthn:extension:minPinLength: true, webauthn:extension:prf: true, webauthn:virtualAuthenticators: true}
Session ID: 3747e24005b4e02d60f34cdb38a870e3
2025-03-13 12:31:08 [main] INFO  l.i.u.t.SubmittedApplicationsPageTest - Marking 'Ne' radio button 5
2025-03-13 12:31:18 [main] ERROR l.i.u.p.SubmittedApplicationsPage - Error selecting radio button: Expected condition failed: waiting for element to be clickable: By.xpath: (//input[@type='radio' and @value='false'])[13] (tried for 10 second(s) with 500 milliseconds interval)
Build info: version: '4.27.0', revision: 'd6e718d134'
System info: os.name: 'Windows 11', os.arch: 'amd64', os.version: '10.0', java.version: '21.0.3'
Driver info: org.openqa.selenium.chrome.ChromeDriver
Capabilities {acceptInsecureCerts: false, browserName: chrome, browserVersion: 134.0.6998.89, chrome: {chromedriverVersion: 134.0.6998.88 (7e3d5c978c6d..., userDataDir: C:\Users\INGRID~1.ZAD\AppDa...}, fedcm:accounts: true, goog:chromeOptions: {debuggerAddress: localhost:55471}, networkConnectionEnabled: false, pageLoadStrategy: normal, platformName: windows, proxy: Proxy(), se:cdp: ws://localhost:55471/devtoo..., se:cdpVersion: 134.0.6998.89, setWindowRect: true, strictFileInteractability: false, timeouts: {implicit: 0, pageLoad: 300000, script: 30000}, unhandledPromptBehavior: dismiss and notify, webauthn:extension:credBlob: true, webauthn:extension:largeBlob: true, webauthn:extension:minPinLength: true, webauthn:extension:prf: true, webauthn:virtualAuthenticators: true}
Session ID: 3747e24005b4e02d60f34cdb38a870e3
2025-03-13 12:31:18 [main] INFO  l.i.u.t.SubmittedApplicationsPageTest - Marking 'Ne' radio button 6
2025-03-13 12:31:28 [main] ERROR l.i.u.p.SubmittedApplicationsPage - Error selecting radio button: Expected condition failed: waiting for element to be clickable: By.xpath: (//input[@type='radio' and @value='true'])[14] (tried for 10 second(s) with 500 milliseconds interval)
Build info: version: '4.27.0', revision: 'd6e718d134'
System info: os.name: 'Windows 11', os.arch: 'amd64', os.version: '10.0', java.version: '21.0.3'
Driver info: org.openqa.selenium.chrome.ChromeDriver
Capabilities {acceptInsecureCerts: false, browserName: chrome, browserVersion: 134.0.6998.89, chrome: {chromedriverVersion: 134.0.6998.88 (7e3d5c978c6d..., userDataDir: C:\Users\INGRID~1.ZAD\AppDa...}, fedcm:accounts: true, goog:chromeOptions: {debuggerAddress: localhost:55471}, networkConnectionEnabled: false, pageLoadStrategy: normal, platformName: windows, proxy: Proxy(), se:cdp: ws://localhost:55471/devtoo..., se:cdpVersion: 134.0.6998.89, setWindowRect: true, strictFileInteractability: false, timeouts: {implicit: 0, pageLoad: 300000, script: 30000}, unhandledPromptBehavior: dismiss and notify, webauthn:extension:credBlob: true, webauthn:extension:largeBlob: true, webauthn:extension:minPinLength: true, webauthn:extension:prf: true, webauthn:virtualAuthenticators: true}
Session ID: 3747e24005b4e02d60f34cdb38a870e3
2025-03-13 12:31:28 [main] INFO  l.i.u.t.SubmittedApplicationsPageTest - Marking 'Taip' radio button 7
2025-03-13 12:31:38 [main] ERROR l.i.u.p.SubmittedApplicationsPage - Error selecting radio button: Expected condition failed: waiting for element to be clickable: By.xpath: (//input[@type='radio' and @value='true'])[15] (tried for 10 second(s) with 500 milliseconds interval)
Build info: version: '4.27.0', revision: 'd6e718d134'
System info: os.name: 'Windows 11', os.arch: 'amd64', os.version: '10.0', java.version: '21.0.3'
Driver info: org.openqa.selenium.chrome.ChromeDriver
Capabilities {acceptInsecureCerts: false, browserName: chrome, browserVersion: 134.0.6998.89, chrome: {chromedriverVersion: 134.0.6998.88 (7e3d5c978c6d..., userDataDir: C:\Users\INGRID~1.ZAD\AppDa...}, fedcm:accounts: true, goog:chromeOptions: {debuggerAddress: localhost:55471}, networkConnectionEnabled: false, pageLoadStrategy: normal, platformName: windows, proxy: Proxy(), se:cdp: ws://localhost:55471/devtoo..., se:cdpVersion: 134.0.6998.89, setWindowRect: true, strictFileInteractability: false, timeouts: {implicit: 0, pageLoad: 300000, script: 30000}, unhandledPromptBehavior: dismiss and notify, webauthn:extension:credBlob: true, webauthn:extension:largeBlob: true, webauthn:extension:minPinLength: true, webauthn:extension:prf: true, webauthn:virtualAuthenticators: true}
Session ID: 3747e24005b4e02d60f34cdb38a870e3
2025-03-13 12:31:38 [main] INFO  l.i.u.t.SubmittedApplicationsPageTest - Marking 'Taip' radio button 8
2025-03-13 12:31:48 [main] ERROR l.i.u.p.SubmittedApplicationsPage - Error selecting radio button: Expected condition failed: waiting for element to be clickable: By.xpath: (//input[@type='radio' and @value='true'])[16] (tried for 10 second(s) with 500 milliseconds interval)
Build info: version: '4.27.0', revision: 'd6e718d134'
System info: os.name: 'Windows 11', os.arch: 'amd64', os.version: '10.0', java.version: '21.0.3'
Driver info: org.openqa.selenium.chrome.ChromeDriver
Capabilities {acceptInsecureCerts: false, browserName: chrome, browserVersion: 134.0.6998.89, chrome: {chromedriverVersion: 134.0.6998.88 (7e3d5c978c6d..., userDataDir: C:\Users\INGRID~1.ZAD\AppDa...}, fedcm:accounts: true, goog:chromeOptions: {debuggerAddress: localhost:55471}, networkConnectionEnabled: false, pageLoadStrategy: normal, platformName: windows, proxy: Proxy(), se:cdp: ws://localhost:55471/devtoo..., se:cdpVersion: 134.0.6998.89, setWindowRect: true, strictFileInteractability: false, timeouts: {implicit: 0, pageLoad: 300000, script: 30000}, unhandledPromptBehavior: dismiss and notify, webauthn:extension:credBlob: true, webauthn:extension:largeBlob: true, webauthn:extension:minPinLength: true, webauthn:extension:prf: true, webauthn:virtualAuthenticators: true}
Session ID: 3747e24005b4e02d60f34cdb38a870e3
2025-03-13 12:31:48 [main] INFO  l.i.u.t.SubmittedApplicationsPageTest - Marking 'Taip' radio button 9
2025-03-13 12:31:58 [main] ERROR l.i.u.p.SubmittedApplicationsPage - Error selecting radio button: Expected condition failed: waiting for element to be clickable: By.xpath: (//input[@type='radio' and @value='true'])[17] (tried for 10 second(s) with 500 milliseconds interval)
Build info: version: '4.27.0', revision: 'd6e718d134'
System info: os.name: 'Windows 11', os.arch: 'amd64', os.version: '10.0', java.version: '21.0.3'
Driver info: org.openqa.selenium.chrome.ChromeDriver
Capabilities {acceptInsecureCerts: false, browserName: chrome, browserVersion: 134.0.6998.89, chrome: {chromedriverVersion: 134.0.6998.88 (7e3d5c978c6d..., userDataDir: C:\Users\INGRID~1.ZAD\AppDa...}, fedcm:accounts: true, goog:chromeOptions: {debuggerAddress: localhost:55471}, networkConnectionEnabled: false, pageLoadStrategy: normal, platformName: windows, proxy: Proxy(), se:cdp: ws://localhost:55471/devtoo..., se:cdpVersion: 134.0.6998.89, setWindowRect: true, strictFileInteractability: false, timeouts: {implicit: 0, pageLoad: 300000, script: 30000}, unhandledPromptBehavior: dismiss and notify, webauthn:extension:credBlob: true, webauthn:extension:largeBlob: true, webauthn:extension:minPinLength: true, webauthn:extension:prf: true, webauthn:virtualAuthenticators: true}
Session ID: 3747e24005b4e02d60f34cdb38a870e3
2025-03-13 12:31:58 [main] INFO  l.i.u.t.SubmittedApplicationsPageTest - Marking 'Taip' radio button 10
2025-03-13 12:32:08 [main] ERROR l.i.u.p.SubmittedApplicationsPage - Error selecting radio button: Expected condition failed: waiting for element to be clickable: By.xpath: (//input[@type='radio' and @value='true'])[18] (tried for 10 second(s) with 500 milliseconds interval)
Build info: version: '4.27.0', revision: 'd6e718d134'
System info: os.name: 'Windows 11', os.arch: 'amd64', os.version: '10.0', java.version: '21.0.3'
Driver info: org.openqa.selenium.chrome.ChromeDriver
Capabilities {acceptInsecureCerts: false, browserName: chrome, browserVersion: 134.0.6998.89, chrome: {chromedriverVersion: 134.0.6998.88 (7e3d5c978c6d..., userDataDir: C:\Users\INGRID~1.ZAD\AppDa...}, fedcm:accounts: true, goog:chromeOptions: {debuggerAddress: localhost:55471}, networkConnectionEnabled: false, pageLoadStrategy: normal, platformName: windows, proxy: Proxy(), se:cdp: ws://localhost:55471/devtoo..., se:cdpVersion: 134.0.6998.89, setWindowRect: true, strictFileInteractability: false, timeouts: {implicit: 0, pageLoad: 300000, script: 30000}, unhandledPromptBehavior: dismiss and notify, webauthn:extension:credBlob: true, webauthn:extension:largeBlob: true, webauthn:extension:minPinLength: true, webauthn:extension:prf: true, webauthn:virtualAuthenticators: true}
Session ID: 3747e24005b4e02d60f34cdb38a870e3
2025-03-13 12:32:08 [main] INFO  l.i.u.t.SubmittedApplicationsPageTest - Marking 'Taip' radio button 11
2025-03-13 12:32:18 [main] ERROR l.i.u.p.SubmittedApplicationsPage - Error selecting radio button: Expected condition failed: waiting for element to be clickable: By.xpath: (//input[@type='radio' and @value='true'])[19] (tried for 10 second(s) with 500 milliseconds interval)
Build info: version: '4.27.0', revision: 'd6e718d134'
System info: os.name: 'Windows 11', os.arch: 'amd64', os.version: '10.0', java.version: '21.0.3'
Driver info: org.openqa.selenium.chrome.ChromeDriver
Capabilities {acceptInsecureCerts: false, browserName: chrome, browserVersion: 134.0.6998.89, chrome: {chromedriverVersion: 134.0.6998.88 (7e3d5c978c6d..., userDataDir: C:\Users\INGRID~1.ZAD\AppDa...}, fedcm:accounts: true, goog:chromeOptions: {debuggerAddress: localhost:55471}, networkConnectionEnabled: false, pageLoadStrategy: normal, platformName: windows, proxy: Proxy(), se:cdp: ws://localhost:55471/devtoo..., se:cdpVersion: 134.0.6998.89, setWindowRect: true, strictFileInteractability: false, timeouts: {implicit: 0, pageLoad: 300000, script: 30000}, unhandledPromptBehavior: dismiss and notify, webauthn:extension:credBlob: true, webauthn:extension:largeBlob: true, webauthn:extension:minPinLength: true, webauthn:extension:prf: true, webauthn:virtualAuthenticators: true}
Session ID: 3747e24005b4e02d60f34cdb38a870e3
2025-03-13 12:32:18 [main] INFO  l.i.u.t.SubmittedApplicationsPageTest - Marking 'Taip' radio button 12
2025-03-13 12:32:28 [main] DEBUG l.i.u.t.SubmittedApplicationsPageTest - Checked 'ConfirmationStepFour'
2025-03-13 12:32:29 [main] DEBUG l.i.u.t.SubmittedApplicationsPageTest - Clicked 'Next' button after checkboxes.
2025-03-13 12:32:29 [main] INFO  l.i.u.p.SubmittedApplicationsPage - File uploaded successfully to an input element.
2025-03-13 12:32:29 [main] INFO  l.i.u.p.SubmittedApplicationsPage - File uploaded successfully to an input element.
2025-03-13 12:32:29 [main] INFO  l.i.u.p.SubmittedApplicationsPage - File uploaded successfully to an input element.
2025-03-13 12:32:29 [main] INFO  l.i.u.p.SubmittedApplicationsPage - File uploaded successfully to an input element.
2025-03-13 12:32:29 [main] INFO  l.i.u.p.SubmittedApplicationsPage - File uploaded successfully to an input element.
2025-03-13 12:32:29 [main] INFO  l.i.u.p.SubmittedApplicationsPage - File uploaded successfully to an input element.
2025-03-13 12:32:29 [main] INFO  l.i.u.p.SubmittedApplicationsPage - File uploaded successfully to an input element.
2025-03-13 12:32:29 [main] INFO  l.i.u.p.SubmittedApplicationsPage - File uploaded successfully to an input element.
2025-03-13 12:32:29 [main] DEBUG l.i.u.t.SubmittedApplicationsPageTest - Entered program name: 'Dokumentas 1'.
2025-03-13 12:32:29 [main] DEBUG l.i.u.t.SubmittedApplicationsPageTest - Entered program name: 'Dokumentas 2'.
2025-03-13 12:32:30 [main] DEBUG l.i.u.t.SubmittedApplicationsPageTest - Entered program name: 'Dokumentas 3'.
2025-03-13 12:32:30 [main] DEBUG l.i.u.t.SubmittedApplicationsPageTest - Entered program name: 'Dokumentas 4'.
2025-03-13 12:32:30 [main] DEBUG l.i.u.t.SubmittedApplicationsPageTest - Entered program name: 'Dokumentas 5'.
2025-03-13 12:32:30 [main] DEBUG l.i.u.t.SubmittedApplicationsPageTest - Entered program name: 'Dokumentas 6'.
2025-03-13 12:32:30 [main] DEBUG l.i.u.t.SubmittedApplicationsPageTest - Entered program name: 'Dokumentas 4'.
2025-03-13 12:32:30 [main] DEBUG l.i.u.t.SubmittedApplicationsPageTest - Entered program name: 'Dokumentas 8'.
2025-03-13 12:32:40 [main] DEBUG l.i.u.t.SubmittedApplicationsPageTest - Checked 'ConfirmationDocument'
2025-03-13 12:32:50 [main] DEBUG l.i.u.t.SubmittedApplicationsPageTest - Checked 'ConfirmationApplication'
2025-03-13 12:32:51 [main] DEBUG l.i.u.t.SubmittedApplicationsPageTest - Clicked 'Review' button after checkboxes.
2025-03-13 12:32:51 [main] DEBUG l.i.u.t.SubmittedApplicationsPageTest - Clicked 'SaveDraft' button after checkboxes.
2025-03-13 12:32:51 [main] DEBUG l.i.uztis.pages.ApplicationFormsPage - Verified success message: 'Ruošinys sėkmingai išsaugotas.'
2025-03-13 12:32:51 [main] DEBUG l.i.u.t.SubmittedApplicationsPageTest - Clicked 'Submit' button after checkboxes.
2025-03-13 12:32:51 [main] DEBUG l.i.u.t.SubmittedApplicationsPageTest - Clicked 'SubmitConfirmation' button after checkboxes.
2025-03-13 12:32:51 [main] ERROR l.i.uztis.pages.ApplicationFormsPage - Failed to verify the success message: 'Paraiška sėkmingai pateikta ir užregistruota.'. Available messages: [Ruošinys sėkmingai išsaugotas.]
2025-03-13 12:32:51 [main] INFO  l.i.u.t.SubmittedApplicationsPageTest - Verified success message
2025-03-13 12:32:51 [main] INFO  l.i.u.t.SubmittedApplicationsPageTest - Test 'testFillNewDVPApplicationFA' completed successfully.
2025-03-13 13:10:29 [main] INFO  lt.insoft.uztis.tests.UztisPageTest - Navigated to https://uztisdev.asseco.lt/home
2025-03-13 13:10:29 [main] INFO  l.i.u.t.SubmittedApplicationsPageTest - Starting test:'testFillNewDVPApplicationFA'
2025-03-13 13:10:30 [main] DEBUG l.i.u.t.SubmittedApplicationsPageTest - User logged in with test credentials.
2025-03-13 13:10:30 [main] DEBUG l.i.u.t.SubmittedApplicationsPageTest - Opened 'Application Processing' menu.
2025-03-13 13:10:30 [main] DEBUG l.i.u.t.SubmittedApplicationsPageTest - Clicked on 'Application Forms' menu.
2025-03-13 13:10:31 [main] DEBUG l.i.u.t.SubmittedApplicationsPageTest - Retrieved last description code text: 'TST-DVP-58'.
2025-03-13 13:10:31 [main] DEBUG l.i.u.t.SubmittedApplicationsPageTest - Clicked on 'Invitation' menu.
2025-03-13 13:10:32 [main] DEBUG l.i.u.t.SubmittedApplicationsPageTest - Selected application section by code: 'TST-DVP-58'.
2025-03-13 13:10:32 [main] DEBUG l.i.u.t.SubmittedApplicationsPageTest - Clicked 'Search' button.
2025-03-13 13:10:32 [main] DEBUG l.i.u.t.SubmittedApplicationsPageTest - Retrieved invitation code: ''.
2025-03-13 13:10:32 [main] DEBUG l.i.u.t.SubmittedApplicationsPageTest - Clicked on 'Submitted Applications' menu.
2025-03-13 13:10:33 [main] DEBUG l.i.u.t.SubmittedApplicationsPageTest - Selected invitation by code: 'TST-DVP-58'.
2025-03-13 13:10:33 [main] DEBUG l.i.u.t.SubmittedApplicationsPageTest - Invitation code inserted.
2025-03-13 13:10:33 [main] DEBUG l.i.u.t.SubmittedApplicationsPageTest - Clicked on 'Action Application' button.
2025-03-13 13:10:33 [main] DEBUG l.i.u.t.SubmittedApplicationsPageTest - Clicked on 'New Application' button.
2025-03-13 13:10:34 [main] DEBUG l.i.u.t.SubmittedApplicationsPageTest - Selected the 'RadioButtonFA' option.
2025-03-13 13:10:34 [main] DEBUG l.i.u.t.SubmittedApplicationsPageTest - Entered phone number: '61298745'.
2025-03-13 13:10:34 [main] DEBUG l.i.u.t.SubmittedApplicationsPageTest - Entered email: 'test@autotest.com'.
2025-03-13 13:10:34 [main] DEBUG l.i.u.t.SubmittedApplicationsPageTest - Checked 'For workplace adaptation' checkbox 1.
2025-03-13 13:10:34 [main] DEBUG l.i.u.t.SubmittedApplicationsPageTest - Checked 'For environmental adaptation' checkbox 2.
2025-03-13 13:10:34 [main] INFO  l.i.u.p.SubmittedApplicationsPage - Located the dropdown button.
2025-03-13 13:10:52 [main] INFO  l.i.u.p.SubmittedApplicationsPage - Found 1741 options in the dropdown.
2025-03-13 13:10:52 [main] INFO  l.i.u.p.SubmittedApplicationsPage - Successfully selected the value: '01.11 - Grūdinių (išskyrus ryžius), ankštinių ir aliejingų sėklų augalų auginimas'
2025-03-13 13:11:03 [main] ERROR l.i.u.p.SubmittedApplicationsPage - Failed to close the dropdown with aria-expanded = 'false'. Attempting manual close.
2025-03-13 13:11:03 [main] INFO  l.i.u.p.SubmittedApplicationsPage - Manual close attempt for the dropdown using body click.
2025-03-13 13:11:03 [main] DEBUG l.i.u.t.SubmittedApplicationsPageTest - Selected EVRK value: '01.11 - Grūdinių (išskyrus ryžius), ankštinių ir aliejingų sėklų augalų auginimas'.
2025-03-13 13:11:03 [main] DEBUG l.i.u.t.SubmittedApplicationsPageTest - Clicked on 'Address Component' button.
2025-03-13 13:11:03 [main] INFO  l.i.u.p.SubmittedApplicationsPage - Located the dropdown button.
2025-03-13 13:11:06 [main] INFO  l.i.u.p.SubmittedApplicationsPage - Successfully selected the value: 'Lietuva'
2025-03-13 13:11:06 [main] DEBUG l.i.u.t.SubmittedApplicationsPageTest - Selected country: 'Lietuva'.
2025-03-13 13:11:06 [main] INFO  l.i.u.p.SubmittedApplicationsPage - Located the dropdown search field.
2025-03-13 13:11:06 [main] INFO  l.i.u.p.SubmittedApplicationsPage - Dropdown city is opened.
2025-03-13 13:11:06 [main] INFO  l.i.u.p.SubmittedApplicationsPage - Searched for value: 'Vilnius'
2025-03-13 13:11:07 [main] INFO  l.i.u.p.SubmittedApplicationsPage - Successfully selected: 'Vilnius'
2025-03-13 13:11:07 [main] INFO  l.i.u.p.SubmittedApplicationsPage - Located the dropdown button.
2025-03-13 13:11:07 [main] INFO  l.i.u.p.SubmittedApplicationsPage - Successfully selected the value: 'A. Domaševičiaus g.'
2025-03-13 13:11:07 [main] DEBUG l.i.u.t.SubmittedApplicationsPageTest - Selected street: 'A. Domaševičiaus g.'.
2025-03-13 13:11:07 [main] INFO  l.i.u.p.SubmittedApplicationsPage - Located the dropdown button.
2025-03-13 13:11:08 [main] INFO  l.i.u.p.SubmittedApplicationsPage - Successfully selected the value: '1'
2025-03-13 13:11:08 [main] DEBUG l.i.u.t.SubmittedApplicationsPageTest - Selected house: '1'.
2025-03-13 13:11:08 [main] INFO  l.i.u.p.SubmittedApplicationsPage - Located the dropdown button.
2025-03-13 13:11:09 [main] INFO  l.i.u.p.SubmittedApplicationsPage - Successfully selected the value: '1'
2025-03-13 13:11:09 [main] DEBUG l.i.u.t.SubmittedApplicationsPageTest - Selected apartment: '1'.
2025-03-13 13:11:09 [main] DEBUG l.i.u.t.SubmittedApplicationsPageTest - Clicked 'Confirm' button.
2025-03-13 13:11:09 [main] DEBUG l.i.u.t.SubmittedApplicationsPageTest - Selected 'For already working' option.
2025-03-13 13:11:09 [main] DEBUG l.i.u.t.SubmittedApplicationsPageTest - Selected 'For new working' option.
2025-03-13 13:11:09 [main] DEBUG l.i.u.t.SubmittedApplicationsPageTest - Entered person count2: '1'.
2025-03-13 13:11:09 [main] DEBUG l.i.u.t.SubmittedApplicationsPageTest - Clicked 'Next' button after checkboxes.
2025-03-13 13:11:09 [main] INFO  l.i.u.p.SubmittedApplicationsPage - Located the dropdown button.
2025-03-13 13:11:10 [main] INFO  l.i.u.p.SubmittedApplicationsPage - Successfully selected the value: 'Administratoriai'
2025-03-13 13:11:10 [main] DEBUG l.i.u.t.SubmittedApplicationsPageTest - Selected adaptable job name: 'Administratoriai'.
2025-03-13 13:11:10 [main] DEBUG l.i.u.t.SubmittedApplicationsPageTest - Entered job date.
2025-03-13 13:11:10 [main] DEBUG l.i.u.t.SubmittedApplicationsPageTest - Entered job function: 'Funkcija 1'.
2025-03-13 13:11:11 [main] DEBUG l.i.u.t.SubmittedApplicationsPageTest - Selected 'For already working' 'no' option.
2025-03-13 13:11:11 [main] INFO  l.i.u.p.SubmittedApplicationsPage - Clicking on the dropdown button.
2025-03-13 13:11:11 [main] INFO  l.i.u.p.SubmittedApplicationsPage - Found 6 options in the dropdown.
2025-03-13 13:11:11 [main] DEBUG l.i.u.p.SubmittedApplicationsPage - Checking option: 'Lengvo neįgalumo lygis ar 45-55 procentų dalyvumo lygis (iki 2023 m. gruodžio 31 d. – 45-55 procentų darbingumo lygis)'
2025-03-13 13:11:11 [main] INFO  l.i.u.p.SubmittedApplicationsPage - Successfully selected the value: 'Lengvo neįgalumo lygis ar 45-55 procentų dalyvumo lygis (iki 2023 m. gruodžio 31 d. – 45-55 procentų darbingumo lygis)'
2025-03-13 13:11:11 [main] INFO  l.i.u.p.SubmittedApplicationsPage - Attempting to close the dropdown.
2025-03-13 13:11:12 [main] DEBUG l.i.u.t.SubmittedApplicationsPageTest - Selected disabilities type: 'Lengvo neįgalumo lygis ar 45-55 procentų dalyvumo lygis (iki 2023 m. gruodžio 31 d. – 45-55 procentų darbingumo lygis)'.
2025-03-13 13:11:12 [main] DEBUG l.i.u.t.SubmittedApplicationsPageTest - Entered disability information: 'Negalia 1'.
2025-03-13 13:11:12 [main] DEBUG l.i.u.t.SubmittedApplicationsPageTest - Entered qualification: 'Kvalifikacija 1'.
2025-03-13 13:11:12 [main] DEBUG l.i.u.t.SubmittedApplicationsPageTest - Entered job description: 'Darbo vietos aprašymas 1'.
2025-03-13 13:11:12 [main] DEBUG l.i.u.t.SubmittedApplicationsPageTest - Entered equipment description: 'Priemonių įsigyjimas 1'.
2025-03-13 13:11:13 [main] DEBUG l.i.u.t.SubmittedApplicationsPageTest - Entered work information: 'Darbai 1'.
2025-03-13 13:11:13 [main] INFO  l.i.u.p.SubmittedApplicationsPage - Located the dropdown button.
2025-03-13 13:11:14 [main] INFO  l.i.u.p.SubmittedApplicationsPage - Successfully selected the value: 'Kita'
2025-03-13 13:11:14 [main] DEBUG l.i.u.t.SubmittedApplicationsPageTest - Selected time mode: 'Kita'.
2025-03-13 13:11:14 [main] DEBUG l.i.u.t.SubmittedApplicationsPageTest - Selected time mode other: '6 val. per dieną ir 4 d. per savaitę'.
2025-03-13 13:11:14 [main] DEBUG l.i.u.t.SubmittedApplicationsPageTest - Entered salary amount: '1200'.
2025-03-13 13:11:14 [main] DEBUG l.i.u.t.SubmittedApplicationsPageTest - Selected 'Temporary Job' radio button.
2025-03-13 13:11:14 [main] DEBUG l.i.u.t.SubmittedApplicationsPageTest - Selected 'Season Job' radio button.
2025-03-13 13:11:14 [main] DEBUG l.i.u.t.SubmittedApplicationsPageTest - Selected 'PVM' radio button.
2025-03-13 13:11:14 [main] INFO  l.i.u.p.SubmittedApplicationsPage - Located the dropdown button.
2025-03-13 13:11:15 [main] INFO  l.i.u.p.SubmittedApplicationsPage - Successfully selected the value: 'Darbo vietos pritaikymui'
2025-03-13 13:11:45 [main] ERROR l.i.u.p.SubmittedApplicationsPage - Timeout while waiting for dropdown to close with aria-expanded = 'false'.
2025-03-13 13:11:45 [main] DEBUG l.i.u.t.SubmittedApplicationsPageTest - Selected adaptable job name: 'Darbo vietos pritaikymui'.
2025-03-13 13:11:45 [main] DEBUG l.i.u.p.SubmittedApplicationsPage - Located and clicked the dropdown button 'Reikalinga'.
2025-03-13 13:11:46 [main] INFO  l.i.u.p.SubmittedApplicationsPage - Successfully selected the value: 'Įsigyti'
2025-03-13 13:11:46 [main] DEBUG l.i.u.t.SubmittedApplicationsPageTest - Selected necessary for job: 'Įsigyti'.
2025-03-13 13:11:46 [main] DEBUG l.i.u.t.SubmittedApplicationsPageTest - Selected tool: 'Darbo priemonė 1'.
2025-03-13 13:11:46 [main] DEBUG l.i.u.t.SubmittedApplicationsPageTest - Selected tool parameter one: 'Darbo priemonės 1 parametras 1'.
2025-03-13 13:11:46 [main] DEBUG l.i.u.t.SubmittedApplicationsPageTest - Selected tool parameter two: 'Darbo priemonės 1 parametras 2'.
2025-03-13 13:11:46 [main] DEBUG l.i.u.t.SubmittedApplicationsPageTest - Selected tool parameter three: 'Darbo priemonės 1 parametras 3'.
2025-03-13 13:11:47 [main] DEBUG l.i.u.t.SubmittedApplicationsPageTest - Entered tool count: '1'.
2025-03-13 13:11:47 [main] DEBUG l.i.u.t.SubmittedApplicationsPageTest - Entered price amount: '1000'.
2025-03-13 13:11:47 [main] DEBUG l.i.u.t.SubmittedApplicationsPageTest - Entered own funds amount: '800'.
2025-03-13 13:11:47 [main] DEBUG l.i.u.t.SubmittedApplicationsPageTest - Clicked 'Add' button.
2025-03-13 13:11:47 [main] INFO  l.i.u.p.SubmittedApplicationsPage - Located the dropdown button.
2025-03-13 13:11:48 [main] INFO  l.i.u.p.SubmittedApplicationsPage - Successfully selected the value: 'Aplinkos pritaikymui'
2025-03-13 13:18:36 [main] INFO  lt.insoft.uztis.tests.UztisPageTest - Navigated to https://uztisdev.asseco.lt/home
2025-03-13 13:18:36 [main] INFO  l.i.u.t.SubmittedApplicationsPageTest - Starting test:'testFillNewDVPApplicationFA'
2025-03-13 13:18:36 [main] DEBUG l.i.u.t.SubmittedApplicationsPageTest - User logged in with test credentials.
2025-03-13 13:18:37 [main] DEBUG l.i.u.t.SubmittedApplicationsPageTest - Opened 'Application Processing' menu.
2025-03-13 13:18:37 [main] DEBUG l.i.u.t.SubmittedApplicationsPageTest - Clicked on 'Application Forms' menu.
2025-03-13 13:18:37 [main] DEBUG l.i.u.t.SubmittedApplicationsPageTest - Retrieved last description code text: 'TST-DVP-58'.
2025-03-13 13:18:37 [main] DEBUG l.i.u.t.SubmittedApplicationsPageTest - Clicked on 'Invitation' menu.
2025-03-13 13:18:38 [main] DEBUG l.i.u.t.SubmittedApplicationsPageTest - Selected application section by code: 'TST-DVP-58'.
2025-03-13 13:18:38 [main] DEBUG l.i.u.t.SubmittedApplicationsPageTest - Clicked 'Search' button.
2025-03-13 13:18:38 [main] DEBUG l.i.u.t.SubmittedApplicationsPageTest - Retrieved invitation code: ''.
2025-03-13 13:18:38 [main] DEBUG l.i.u.t.SubmittedApplicationsPageTest - Clicked on 'Submitted Applications' menu.
2025-03-13 13:18:40 [main] DEBUG l.i.u.t.SubmittedApplicationsPageTest - Selected invitation by code: 'TST-DVP-58'.
2025-03-13 13:18:40 [main] DEBUG l.i.u.t.SubmittedApplicationsPageTest - Invitation code inserted.
2025-03-13 13:18:40 [main] DEBUG l.i.u.t.SubmittedApplicationsPageTest - Clicked on 'Action Application' button.
2025-03-13 13:18:40 [main] DEBUG l.i.u.t.SubmittedApplicationsPageTest - Clicked on 'New Application' button.
2025-03-13 13:18:40 [main] DEBUG l.i.u.t.SubmittedApplicationsPageTest - Selected the 'RadioButtonFA' option.
2025-03-13 13:18:41 [main] DEBUG l.i.u.t.SubmittedApplicationsPageTest - Entered phone number: '61298745'.
2025-03-13 13:18:41 [main] DEBUG l.i.u.t.SubmittedApplicationsPageTest - Entered email: 'test@autotest.com'.
2025-03-13 13:18:41 [main] DEBUG l.i.u.t.SubmittedApplicationsPageTest - Checked 'For workplace adaptation' checkbox 1.
2025-03-13 13:18:41 [main] DEBUG l.i.u.t.SubmittedApplicationsPageTest - Checked 'For environmental adaptation' checkbox 2.
2025-03-13 13:18:41 [main] INFO  l.i.u.p.SubmittedApplicationsPage - Located the dropdown button.
2025-03-13 13:18:58 [main] INFO  l.i.u.p.SubmittedApplicationsPage - Found 1741 options in the dropdown.
2025-03-13 13:18:58 [main] INFO  l.i.u.p.SubmittedApplicationsPage - Successfully selected the value: '01.11 - Grūdinių (išskyrus ryžius), ankštinių ir aliejingų sėklų augalų auginimas'
2025-03-13 13:19:08 [main] ERROR l.i.u.p.SubmittedApplicationsPage - Failed to close the dropdown with aria-expanded = 'false'. Attempting manual close.
2025-03-13 13:19:08 [main] INFO  l.i.u.p.SubmittedApplicationsPage - Manual close attempt for the dropdown using body click.
2025-03-13 13:19:08 [main] DEBUG l.i.u.t.SubmittedApplicationsPageTest - Selected EVRK value: '01.11 - Grūdinių (išskyrus ryžius), ankštinių ir aliejingų sėklų augalų auginimas'.
2025-03-13 13:19:09 [main] DEBUG l.i.u.t.SubmittedApplicationsPageTest - Clicked on 'Address Component' button.
2025-03-13 13:19:09 [main] INFO  l.i.u.p.SubmittedApplicationsPage - Located the dropdown button.
2025-03-13 13:19:11 [main] INFO  l.i.u.p.SubmittedApplicationsPage - Successfully selected the value: 'Lietuva'
2025-03-13 13:19:11 [main] DEBUG l.i.u.t.SubmittedApplicationsPageTest - Selected country: 'Lietuva'.
2025-03-13 13:19:11 [main] INFO  l.i.u.p.SubmittedApplicationsPage - Located the dropdown search field.
2025-03-13 13:19:11 [main] INFO  l.i.u.p.SubmittedApplicationsPage - Dropdown city is opened.
2025-03-13 13:19:12 [main] INFO  l.i.u.p.SubmittedApplicationsPage - Searched for value: 'Vilnius'
2025-03-13 13:19:13 [main] INFO  l.i.u.p.SubmittedApplicationsPage - Successfully selected: 'Vilnius'
2025-03-13 13:19:13 [main] INFO  l.i.u.p.SubmittedApplicationsPage - Located the dropdown button.
2025-03-13 13:19:14 [main] INFO  l.i.u.p.SubmittedApplicationsPage - Successfully selected the value: 'A. Domaševičiaus g.'
2025-03-13 13:19:14 [main] DEBUG l.i.u.t.SubmittedApplicationsPageTest - Selected street: 'A. Domaševičiaus g.'.
2025-03-13 13:19:14 [main] INFO  l.i.u.p.SubmittedApplicationsPage - Located the dropdown button.
2025-03-13 13:19:14 [main] INFO  l.i.u.p.SubmittedApplicationsPage - Successfully selected the value: '1'
2025-03-13 13:19:14 [main] DEBUG l.i.u.t.SubmittedApplicationsPageTest - Selected house: '1'.
2025-03-13 13:19:14 [main] INFO  l.i.u.p.SubmittedApplicationsPage - Located the dropdown button.
2025-03-13 13:19:15 [main] INFO  l.i.u.p.SubmittedApplicationsPage - Successfully selected the value: '1'
2025-03-13 13:19:15 [main] DEBUG l.i.u.t.SubmittedApplicationsPageTest - Selected apartment: '1'.
2025-03-13 13:19:15 [main] DEBUG l.i.u.t.SubmittedApplicationsPageTest - Clicked 'Confirm' button.
2025-03-13 13:19:15 [main] DEBUG l.i.u.t.SubmittedApplicationsPageTest - Selected 'For already working' option.
2025-03-13 13:19:15 [main] DEBUG l.i.u.t.SubmittedApplicationsPageTest - Selected 'For new working' option.
2025-03-13 13:19:15 [main] DEBUG l.i.u.t.SubmittedApplicationsPageTest - Entered person count2: '1'.
2025-03-13 13:19:16 [main] DEBUG l.i.u.t.SubmittedApplicationsPageTest - Clicked 'Next' button after checkboxes.
2025-03-13 13:19:16 [main] INFO  l.i.u.p.SubmittedApplicationsPage - Located the dropdown button.
2025-03-13 13:19:16 [main] INFO  l.i.u.p.SubmittedApplicationsPage - Successfully selected the value: 'Administratoriai'
2025-03-13 13:19:16 [main] DEBUG l.i.u.t.SubmittedApplicationsPageTest - Selected adaptable job name: 'Administratoriai'.
2025-03-13 13:19:17 [main] DEBUG l.i.u.t.SubmittedApplicationsPageTest - Entered job date.
2025-03-13 13:19:17 [main] DEBUG l.i.u.t.SubmittedApplicationsPageTest - Entered job function: 'Funkcija 1'.
2025-03-13 13:19:17 [main] DEBUG l.i.u.t.SubmittedApplicationsPageTest - Selected 'For already working' 'no' option.
2025-03-13 13:19:17 [main] INFO  l.i.u.p.SubmittedApplicationsPage - Clicking on the dropdown button.
2025-03-13 13:19:18 [main] INFO  l.i.u.p.SubmittedApplicationsPage - Found 6 options in the dropdown.
2025-03-13 13:19:18 [main] DEBUG l.i.u.p.SubmittedApplicationsPage - Checking option: 'Lengvo neįgalumo lygis ar 45-55 procentų dalyvumo lygis (iki 2023 m. gruodžio 31 d. – 45-55 procentų darbingumo lygis)'
2025-03-13 13:19:18 [main] INFO  l.i.u.p.SubmittedApplicationsPage - Successfully selected the value: 'Lengvo neįgalumo lygis ar 45-55 procentų dalyvumo lygis (iki 2023 m. gruodžio 31 d. – 45-55 procentų darbingumo lygis)'
2025-03-13 13:19:18 [main] INFO  l.i.u.p.SubmittedApplicationsPage - Attempting to close the dropdown.
2025-03-13 13:19:18 [main] DEBUG l.i.u.t.SubmittedApplicationsPageTest - Selected disabilities type: 'Lengvo neįgalumo lygis ar 45-55 procentų dalyvumo lygis (iki 2023 m. gruodžio 31 d. – 45-55 procentų darbingumo lygis)'.
2025-03-13 13:19:19 [main] DEBUG l.i.u.t.SubmittedApplicationsPageTest - Entered disability information: 'Negalia 1'.
2025-03-13 13:19:19 [main] DEBUG l.i.u.t.SubmittedApplicationsPageTest - Entered qualification: 'Kvalifikacija 1'.
2025-03-13 13:19:19 [main] DEBUG l.i.u.t.SubmittedApplicationsPageTest - Entered job description: 'Darbo vietos aprašymas 1'.
2025-03-13 13:19:19 [main] DEBUG l.i.u.t.SubmittedApplicationsPageTest - Entered equipment description: 'Priemonių įsigyjimas 1'.
2025-03-13 13:19:19 [main] DEBUG l.i.u.t.SubmittedApplicationsPageTest - Entered work information: 'Darbai 1'.
2025-03-13 13:19:19 [main] INFO  l.i.u.p.SubmittedApplicationsPage - Located the dropdown button.
2025-03-13 13:19:20 [main] INFO  l.i.u.p.SubmittedApplicationsPage - Successfully selected the value: 'Kita'
2025-03-13 13:19:20 [main] DEBUG l.i.u.t.SubmittedApplicationsPageTest - Selected time mode: 'Kita'.
2025-03-13 13:19:20 [main] DEBUG l.i.u.t.SubmittedApplicationsPageTest - Selected time mode other: '6 val. per dieną ir 4 d. per savaitę'.
2025-03-13 13:19:20 [main] DEBUG l.i.u.t.SubmittedApplicationsPageTest - Entered salary amount: '1200'.
2025-03-13 13:19:20 [main] DEBUG l.i.u.t.SubmittedApplicationsPageTest - Selected 'Temporary Job' radio button.
2025-03-13 13:19:20 [main] DEBUG l.i.u.t.SubmittedApplicationsPageTest - Selected 'Season Job' radio button.
2025-03-13 13:19:21 [main] DEBUG l.i.u.t.SubmittedApplicationsPageTest - Selected 'PVM' radio button.
2025-03-13 13:19:21 [main] INFO  l.i.u.p.SubmittedApplicationsPage - Located the dropdown button.
2025-03-13 13:19:21 [main] INFO  l.i.u.p.SubmittedApplicationsPage - Successfully selected the value: 'Darbo vietos pritaikymui'
2025-03-13 13:19:51 [main] ERROR l.i.u.p.SubmittedApplicationsPage - Timeout while waiting for dropdown to close with aria-expanded = 'false'.
2025-03-13 13:19:51 [main] DEBUG l.i.u.t.SubmittedApplicationsPageTest - Selected adaptable job name: 'Darbo vietos pritaikymui'.
2025-03-13 13:19:52 [main] DEBUG l.i.u.p.SubmittedApplicationsPage - Located and clicked the dropdown button 'Reikalinga'.
2025-03-13 13:19:52 [main] INFO  l.i.u.p.SubmittedApplicationsPage - Successfully selected the value: 'Įsigyti'
2025-03-13 13:19:52 [main] DEBUG l.i.u.t.SubmittedApplicationsPageTest - Selected necessary for job: 'Įsigyti'.
2025-03-13 13:19:52 [main] DEBUG l.i.u.t.SubmittedApplicationsPageTest - Selected tool: 'Darbo priemonė 1'.
2025-03-13 13:19:52 [main] DEBUG l.i.u.t.SubmittedApplicationsPageTest - Selected tool parameter one: 'Darbo priemonės 1 parametras 1'.
2025-03-13 13:19:52 [main] DEBUG l.i.u.t.SubmittedApplicationsPageTest - Selected tool parameter two: 'Darbo priemonės 1 parametras 2'.
2025-03-13 13:19:52 [main] DEBUG l.i.u.t.SubmittedApplicationsPageTest - Selected tool parameter three: 'Darbo priemonės 1 parametras 3'.
2025-03-13 13:19:53 [main] DEBUG l.i.u.t.SubmittedApplicationsPageTest - Entered tool count: '1'.
2025-03-13 13:19:53 [main] DEBUG l.i.u.t.SubmittedApplicationsPageTest - Entered price amount: '1000'.
2025-03-13 13:19:53 [main] DEBUG l.i.u.t.SubmittedApplicationsPageTest - Entered own funds amount: '800'.
2025-03-13 13:19:53 [main] DEBUG l.i.u.t.SubmittedApplicationsPageTest - Clicked 'Add' button.
2025-03-13 13:19:53 [main] INFO  l.i.u.p.SubmittedApplicationsPage - Located the dropdown button.
2025-03-13 13:19:54 [main] INFO  l.i.u.p.SubmittedApplicationsPage - Successfully selected the value: 'Aplinkos pritaikymui'
2025-03-13 13:20:24 [main] ERROR l.i.u.p.SubmittedApplicationsPage - Timeout while waiting for dropdown to close with aria-expanded = 'false'.
2025-03-13 13:20:24 [main] DEBUG l.i.u.t.SubmittedApplicationsPageTest - Selected adaptable job name: 'Aplinkos pritaikymui'.
2025-03-13 13:20:24 [main] DEBUG l.i.u.p.SubmittedApplicationsPage - Located and clicked the dropdown button 'Reikalinga'.
2025-03-13 13:20:24 [main] INFO  l.i.u.p.SubmittedApplicationsPage - Successfully selected the value: 'Remontuoti'
2025-03-13 13:20:35 [main] DEBUG l.i.u.t.SubmittedApplicationsPageTest - Selected necessary for job: 'Remontuoti'.
2025-03-13 13:20:35 [main] DEBUG l.i.u.t.SubmittedApplicationsPageTest - Selected tool: 'Darbo priemonė 2 remontui'.
2025-03-13 13:20:35 [main] DEBUG l.i.u.t.SubmittedApplicationsPageTest - Entered tool count: '2'.
2025-03-13 13:20:35 [main] DEBUG l.i.u.t.SubmittedApplicationsPageTest - Entered price amount: '1000'.
2025-03-13 13:20:35 [main] DEBUG l.i.u.t.SubmittedApplicationsPageTest - Entered own funds amount: '900'.
2025-03-13 13:20:36 [main] DEBUG l.i.u.t.SubmittedApplicationsPageTest - Selected 'De Minimis' radio button.
2025-03-13 13:20:36 [main] DEBUG l.i.u.t.SubmittedApplicationsPageTest - Entered program name: 'Programa 1'.
2025-03-13 13:20:36 [main] DEBUG l.i.u.t.SubmittedApplicationsPageTest - Entered project date from.
2025-03-13 13:20:36 [main] DEBUG l.i.u.t.SubmittedApplicationsPageTest - Entered project date until.
2025-03-13 13:20:36 [main] DEBUG l.i.u.t.SubmittedApplicationsPageTest - Entered support amount: '2000'.
2025-03-13 13:20:36 [main] DEBUG l.i.u.t.SubmittedApplicationsPageTest - Clicked 'Next' button.
2025-03-13 13:20:47 [main] DEBUG l.i.u.t.SubmittedApplicationsPageTest - Checked 'Legal Entities' checkbox 1.
2025-03-13 13:20:57 [main] DEBUG l.i.u.t.SubmittedApplicationsPageTest - Checked 'Legal Entities' checkbox 2.
2025-03-13 13:21:07 [main] DEBUG l.i.u.t.SubmittedApplicationsPageTest - Checked 'Legal Entities' checkbox 3.
2025-03-13 13:21:07 [main] DEBUG l.i.u.t.SubmittedApplicationsPageTest - Test finished: All 'Legal Entities' checkboxes checked successfully.
2025-03-13 13:21:07 [main] DEBUG l.i.u.t.SubmittedApplicationsPageTest - Clicked 'Next' button after checkboxes.
2025-03-13 13:21:17 [main] ERROR l.i.u.p.SubmittedApplicationsPage - Error selecting radio button: Expected condition failed: waiting for element to be clickable: By.xpath: (//input[@type='radio' and @value='false'])[8] (tried for 10 second(s) with 500 milliseconds interval)
Build info: version: '4.27.0', revision: 'd6e718d134'
System info: os.name: 'Windows 11', os.arch: 'amd64', os.version: '10.0', java.version: '21.0.3'
Driver info: org.openqa.selenium.chrome.ChromeDriver
Capabilities {acceptInsecureCerts: false, browserName: chrome, browserVersion: 134.0.6998.89, chrome: {chromedriverVersion: 134.0.6998.88 (7e3d5c978c6d..., userDataDir: C:\Users\INGRID~1.ZAD\AppDa...}, fedcm:accounts: true, goog:chromeOptions: {debuggerAddress: localhost:58575}, networkConnectionEnabled: false, pageLoadStrategy: normal, platformName: windows, proxy: Proxy(), se:cdp: ws://localhost:58575/devtoo..., se:cdpVersion: 134.0.6998.89, setWindowRect: true, strictFileInteractability: false, timeouts: {implicit: 0, pageLoad: 300000, script: 30000}, unhandledPromptBehavior: dismiss and notify, webauthn:extension:credBlob: true, webauthn:extension:largeBlob: true, webauthn:extension:minPinLength: true, webauthn:extension:prf: true, webauthn:virtualAuthenticators: true}
Session ID: fcb64c7aa84a4c70f3c82d358608479f
2025-03-13 13:21:17 [main] INFO  l.i.u.t.SubmittedApplicationsPageTest - Marking 'Ne' radio button 1
2025-03-13 13:21:27 [main] ERROR l.i.u.p.SubmittedApplicationsPage - Error selecting radio button: Expected condition failed: waiting for element to be clickable: By.xpath: (//input[@type='radio' and @value='false'])[9] (tried for 10 second(s) with 500 milliseconds interval)
Build info: version: '4.27.0', revision: 'd6e718d134'
System info: os.name: 'Windows 11', os.arch: 'amd64', os.version: '10.0', java.version: '21.0.3'
Driver info: org.openqa.selenium.chrome.ChromeDriver
Capabilities {acceptInsecureCerts: false, browserName: chrome, browserVersion: 134.0.6998.89, chrome: {chromedriverVersion: 134.0.6998.88 (7e3d5c978c6d..., userDataDir: C:\Users\INGRID~1.ZAD\AppDa...}, fedcm:accounts: true, goog:chromeOptions: {debuggerAddress: localhost:58575}, networkConnectionEnabled: false, pageLoadStrategy: normal, platformName: windows, proxy: Proxy(), se:cdp: ws://localhost:58575/devtoo..., se:cdpVersion: 134.0.6998.89, setWindowRect: true, strictFileInteractability: false, timeouts: {implicit: 0, pageLoad: 300000, script: 30000}, unhandledPromptBehavior: dismiss and notify, webauthn:extension:credBlob: true, webauthn:extension:largeBlob: true, webauthn:extension:minPinLength: true, webauthn:extension:prf: true, webauthn:virtualAuthenticators: true}
Session ID: fcb64c7aa84a4c70f3c82d358608479f
2025-03-13 13:21:27 [main] INFO  l.i.u.t.SubmittedApplicationsPageTest - Marking 'Ne' radio button 2
2025-03-13 13:21:37 [main] ERROR l.i.u.p.SubmittedApplicationsPage - Error selecting radio button: Expected condition failed: waiting for element to be clickable: By.xpath: (//input[@type='radio' and @value='false'])[10] (tried for 10 second(s) with 500 milliseconds interval)
Build info: version: '4.27.0', revision: 'd6e718d134'
System info: os.name: 'Windows 11', os.arch: 'amd64', os.version: '10.0', java.version: '21.0.3'
Driver info: org.openqa.selenium.chrome.ChromeDriver
Capabilities {acceptInsecureCerts: false, browserName: chrome, browserVersion: 134.0.6998.89, chrome: {chromedriverVersion: 134.0.6998.88 (7e3d5c978c6d..., userDataDir: C:\Users\INGRID~1.ZAD\AppDa...}, fedcm:accounts: true, goog:chromeOptions: {debuggerAddress: localhost:58575}, networkConnectionEnabled: false, pageLoadStrategy: normal, platformName: windows, proxy: Proxy(), se:cdp: ws://localhost:58575/devtoo..., se:cdpVersion: 134.0.6998.89, setWindowRect: true, strictFileInteractability: false, timeouts: {implicit: 0, pageLoad: 300000, script: 30000}, unhandledPromptBehavior: dismiss and notify, webauthn:extension:credBlob: true, webauthn:extension:largeBlob: true, webauthn:extension:minPinLength: true, webauthn:extension:prf: true, webauthn:virtualAuthenticators: true}
Session ID: fcb64c7aa84a4c70f3c82d358608479f
2025-03-13 13:21:37 [main] INFO  l.i.u.t.SubmittedApplicationsPageTest - Marking 'Ne' radio button 3
2025-03-13 13:21:48 [main] ERROR l.i.u.p.SubmittedApplicationsPage - Error selecting radio button: Expected condition failed: waiting for element to be clickable: By.xpath: (//input[@type='radio' and @value='false'])[11] (tried for 10 second(s) with 500 milliseconds interval)
Build info: version: '4.27.0', revision: 'd6e718d134'
System info: os.name: 'Windows 11', os.arch: 'amd64', os.version: '10.0', java.version: '21.0.3'
Driver info: org.openqa.selenium.chrome.ChromeDriver
Capabilities {acceptInsecureCerts: false, browserName: chrome, browserVersion: 134.0.6998.89, chrome: {chromedriverVersion: 134.0.6998.88 (7e3d5c978c6d..., userDataDir: C:\Users\INGRID~1.ZAD\AppDa...}, fedcm:accounts: true, goog:chromeOptions: {debuggerAddress: localhost:58575}, networkConnectionEnabled: false, pageLoadStrategy: normal, platformName: windows, proxy: Proxy(), se:cdp: ws://localhost:58575/devtoo..., se:cdpVersion: 134.0.6998.89, setWindowRect: true, strictFileInteractability: false, timeouts: {implicit: 0, pageLoad: 300000, script: 30000}, unhandledPromptBehavior: dismiss and notify, webauthn:extension:credBlob: true, webauthn:extension:largeBlob: true, webauthn:extension:minPinLength: true, webauthn:extension:prf: true, webauthn:virtualAuthenticators: true}
Session ID: fcb64c7aa84a4c70f3c82d358608479f
2025-03-13 13:21:48 [main] INFO  l.i.u.t.SubmittedApplicationsPageTest - Marking 'Ne' radio button 4
2025-03-13 13:21:58 [main] ERROR l.i.u.p.SubmittedApplicationsPage - Error selecting radio button: Expected condition failed: waiting for element to be clickable: By.xpath: (//input[@type='radio' and @value='false'])[12] (tried for 10 second(s) with 500 milliseconds interval)
Build info: version: '4.27.0', revision: 'd6e718d134'
System info: os.name: 'Windows 11', os.arch: 'amd64', os.version: '10.0', java.version: '21.0.3'
Driver info: org.openqa.selenium.chrome.ChromeDriver
Capabilities {acceptInsecureCerts: false, browserName: chrome, browserVersion: 134.0.6998.89, chrome: {chromedriverVersion: 134.0.6998.88 (7e3d5c978c6d..., userDataDir: C:\Users\INGRID~1.ZAD\AppDa...}, fedcm:accounts: true, goog:chromeOptions: {debuggerAddress: localhost:58575}, networkConnectionEnabled: false, pageLoadStrategy: normal, platformName: windows, proxy: Proxy(), se:cdp: ws://localhost:58575/devtoo..., se:cdpVersion: 134.0.6998.89, setWindowRect: true, strictFileInteractability: false, timeouts: {implicit: 0, pageLoad: 300000, script: 30000}, unhandledPromptBehavior: dismiss and notify, webauthn:extension:credBlob: true, webauthn:extension:largeBlob: true, webauthn:extension:minPinLength: true, webauthn:extension:prf: true, webauthn:virtualAuthenticators: true}
Session ID: fcb64c7aa84a4c70f3c82d358608479f
2025-03-13 13:21:58 [main] INFO  l.i.u.t.SubmittedApplicationsPageTest - Marking 'Ne' radio button 5
2025-03-13 13:22:09 [main] ERROR l.i.u.p.SubmittedApplicationsPage - Error selecting radio button: Expected condition failed: waiting for element to be clickable: By.xpath: (//input[@type='radio' and @value='false'])[13] (tried for 10 second(s) with 500 milliseconds interval)
Build info: version: '4.27.0', revision: 'd6e718d134'
System info: os.name: 'Windows 11', os.arch: 'amd64', os.version: '10.0', java.version: '21.0.3'
Driver info: org.openqa.selenium.chrome.ChromeDriver
Capabilities {acceptInsecureCerts: false, browserName: chrome, browserVersion: 134.0.6998.89, chrome: {chromedriverVersion: 134.0.6998.88 (7e3d5c978c6d..., userDataDir: C:\Users\INGRID~1.ZAD\AppDa...}, fedcm:accounts: true, goog:chromeOptions: {debuggerAddress: localhost:58575}, networkConnectionEnabled: false, pageLoadStrategy: normal, platformName: windows, proxy: Proxy(), se:cdp: ws://localhost:58575/devtoo..., se:cdpVersion: 134.0.6998.89, setWindowRect: true, strictFileInteractability: false, timeouts: {implicit: 0, pageLoad: 300000, script: 30000}, unhandledPromptBehavior: dismiss and notify, webauthn:extension:credBlob: true, webauthn:extension:largeBlob: true, webauthn:extension:minPinLength: true, webauthn:extension:prf: true, webauthn:virtualAuthenticators: true}
Session ID: fcb64c7aa84a4c70f3c82d358608479f
2025-03-13 13:22:09 [main] INFO  l.i.u.t.SubmittedApplicationsPageTest - Marking 'Ne' radio button 6
2025-03-13 13:22:19 [main] ERROR l.i.u.p.SubmittedApplicationsPage - Error selecting radio button: Expected condition failed: waiting for element to be clickable: By.xpath: (//input[@type='radio' and @value='true'])[14] (tried for 10 second(s) with 500 milliseconds interval)
Build info: version: '4.27.0', revision: 'd6e718d134'
System info: os.name: 'Windows 11', os.arch: 'amd64', os.version: '10.0', java.version: '21.0.3'
Driver info: org.openqa.selenium.chrome.ChromeDriver
Capabilities {acceptInsecureCerts: false, browserName: chrome, browserVersion: 134.0.6998.89, chrome: {chromedriverVersion: 134.0.6998.88 (7e3d5c978c6d..., userDataDir: C:\Users\INGRID~1.ZAD\AppDa...}, fedcm:accounts: true, goog:chromeOptions: {debuggerAddress: localhost:58575}, networkConnectionEnabled: false, pageLoadStrategy: normal, platformName: windows, proxy: Proxy(), se:cdp: ws://localhost:58575/devtoo..., se:cdpVersion: 134.0.6998.89, setWindowRect: true, strictFileInteractability: false, timeouts: {implicit: 0, pageLoad: 300000, script: 30000}, unhandledPromptBehavior: dismiss and notify, webauthn:extension:credBlob: true, webauthn:extension:largeBlob: true, webauthn:extension:minPinLength: true, webauthn:extension:prf: true, webauthn:virtualAuthenticators: true}
Session ID: fcb64c7aa84a4c70f3c82d358608479f
2025-03-13 13:22:19 [main] INFO  l.i.u.t.SubmittedApplicationsPageTest - Marking 'Taip' radio button 7
2025-03-13 13:22:30 [main] ERROR l.i.u.p.SubmittedApplicationsPage - Error selecting radio button: Expected condition failed: waiting for element to be clickable: By.xpath: (//input[@type='radio' and @value='true'])[15] (tried for 10 second(s) with 500 milliseconds interval)
Build info: version: '4.27.0', revision: 'd6e718d134'
System info: os.name: 'Windows 11', os.arch: 'amd64', os.version: '10.0', java.version: '21.0.3'
Driver info: org.openqa.selenium.chrome.ChromeDriver
Capabilities {acceptInsecureCerts: false, browserName: chrome, browserVersion: 134.0.6998.89, chrome: {chromedriverVersion: 134.0.6998.88 (7e3d5c978c6d..., userDataDir: C:\Users\INGRID~1.ZAD\AppDa...}, fedcm:accounts: true, goog:chromeOptions: {debuggerAddress: localhost:58575}, networkConnectionEnabled: false, pageLoadStrategy: normal, platformName: windows, proxy: Proxy(), se:cdp: ws://localhost:58575/devtoo..., se:cdpVersion: 134.0.6998.89, setWindowRect: true, strictFileInteractability: false, timeouts: {implicit: 0, pageLoad: 300000, script: 30000}, unhandledPromptBehavior: dismiss and notify, webauthn:extension:credBlob: true, webauthn:extension:largeBlob: true, webauthn:extension:minPinLength: true, webauthn:extension:prf: true, webauthn:virtualAuthenticators: true}
Session ID: fcb64c7aa84a4c70f3c82d358608479f
2025-03-13 13:22:30 [main] INFO  l.i.u.t.SubmittedApplicationsPageTest - Marking 'Taip' radio button 8
2025-03-13 13:22:40 [main] ERROR l.i.u.p.SubmittedApplicationsPage - Error selecting radio button: Expected condition failed: waiting for element to be clickable: By.xpath: (//input[@type='radio' and @value='true'])[16] (tried for 10 second(s) with 500 milliseconds interval)
Build info: version: '4.27.0', revision: 'd6e718d134'
System info: os.name: 'Windows 11', os.arch: 'amd64', os.version: '10.0', java.version: '21.0.3'
Driver info: org.openqa.selenium.chrome.ChromeDriver
Capabilities {acceptInsecureCerts: false, browserName: chrome, browserVersion: 134.0.6998.89, chrome: {chromedriverVersion: 134.0.6998.88 (7e3d5c978c6d..., userDataDir: C:\Users\INGRID~1.ZAD\AppDa...}, fedcm:accounts: true, goog:chromeOptions: {debuggerAddress: localhost:58575}, networkConnectionEnabled: false, pageLoadStrategy: normal, platformName: windows, proxy: Proxy(), se:cdp: ws://localhost:58575/devtoo..., se:cdpVersion: 134.0.6998.89, setWindowRect: true, strictFileInteractability: false, timeouts: {implicit: 0, pageLoad: 300000, script: 30000}, unhandledPromptBehavior: dismiss and notify, webauthn:extension:credBlob: true, webauthn:extension:largeBlob: true, webauthn:extension:minPinLength: true, webauthn:extension:prf: true, webauthn:virtualAuthenticators: true}
Session ID: fcb64c7aa84a4c70f3c82d358608479f
2025-03-13 13:22:40 [main] INFO  l.i.u.t.SubmittedApplicationsPageTest - Marking 'Taip' radio button 9
2025-03-13 13:22:50 [main] ERROR l.i.u.p.SubmittedApplicationsPage - Error selecting radio button: Expected condition failed: waiting for element to be clickable: By.xpath: (//input[@type='radio' and @value='true'])[17] (tried for 10 second(s) with 500 milliseconds interval)
Build info: version: '4.27.0', revision: 'd6e718d134'
System info: os.name: 'Windows 11', os.arch: 'amd64', os.version: '10.0', java.version: '21.0.3'
Driver info: org.openqa.selenium.chrome.ChromeDriver
Capabilities {acceptInsecureCerts: false, browserName: chrome, browserVersion: 134.0.6998.89, chrome: {chromedriverVersion: 134.0.6998.88 (7e3d5c978c6d..., userDataDir: C:\Users\INGRID~1.ZAD\AppDa...}, fedcm:accounts: true, goog:chromeOptions: {debuggerAddress: localhost:58575}, networkConnectionEnabled: false, pageLoadStrategy: normal, platformName: windows, proxy: Proxy(), se:cdp: ws://localhost:58575/devtoo..., se:cdpVersion: 134.0.6998.89, setWindowRect: true, strictFileInteractability: false, timeouts: {implicit: 0, pageLoad: 300000, script: 30000}, unhandledPromptBehavior: dismiss and notify, webauthn:extension:credBlob: true, webauthn:extension:largeBlob: true, webauthn:extension:minPinLength: true, webauthn:extension:prf: true, webauthn:virtualAuthenticators: true}
Session ID: fcb64c7aa84a4c70f3c82d358608479f
2025-03-13 13:22:50 [main] INFO  l.i.u.t.SubmittedApplicationsPageTest - Marking 'Taip' radio button 10
2025-03-13 13:23:01 [main] ERROR l.i.u.p.SubmittedApplicationsPage - Error selecting radio button: Expected condition failed: waiting for element to be clickable: By.xpath: (//input[@type='radio' and @value='true'])[18] (tried for 10 second(s) with 500 milliseconds interval)
Build info: version: '4.27.0', revision: 'd6e718d134'
System info: os.name: 'Windows 11', os.arch: 'amd64', os.version: '10.0', java.version: '21.0.3'
Driver info: org.openqa.selenium.chrome.ChromeDriver
Capabilities {acceptInsecureCerts: false, browserName: chrome, browserVersion: 134.0.6998.89, chrome: {chromedriverVersion: 134.0.6998.88 (7e3d5c978c6d..., userDataDir: C:\Users\INGRID~1.ZAD\AppDa...}, fedcm:accounts: true, goog:chromeOptions: {debuggerAddress: localhost:58575}, networkConnectionEnabled: false, pageLoadStrategy: normal, platformName: windows, proxy: Proxy(), se:cdp: ws://localhost:58575/devtoo..., se:cdpVersion: 134.0.6998.89, setWindowRect: true, strictFileInteractability: false, timeouts: {implicit: 0, pageLoad: 300000, script: 30000}, unhandledPromptBehavior: dismiss and notify, webauthn:extension:credBlob: true, webauthn:extension:largeBlob: true, webauthn:extension:minPinLength: true, webauthn:extension:prf: true, webauthn:virtualAuthenticators: true}
Session ID: fcb64c7aa84a4c70f3c82d358608479f
2025-03-13 13:23:01 [main] INFO  l.i.u.t.SubmittedApplicationsPageTest - Marking 'Taip' radio button 11
2025-03-13 13:23:11 [main] ERROR l.i.u.p.SubmittedApplicationsPage - Error selecting radio button: Expected condition failed: waiting for element to be clickable: By.xpath: (//input[@type='radio' and @value='true'])[19] (tried for 10 second(s) with 500 milliseconds interval)
Build info: version: '4.27.0', revision: 'd6e718d134'
System info: os.name: 'Windows 11', os.arch: 'amd64', os.version: '10.0', java.version: '21.0.3'
Driver info: org.openqa.selenium.chrome.ChromeDriver
Capabilities {acceptInsecureCerts: false, browserName: chrome, browserVersion: 134.0.6998.89, chrome: {chromedriverVersion: 134.0.6998.88 (7e3d5c978c6d..., userDataDir: C:\Users\INGRID~1.ZAD\AppDa...}, fedcm:accounts: true, goog:chromeOptions: {debuggerAddress: localhost:58575}, networkConnectionEnabled: false, pageLoadStrategy: normal, platformName: windows, proxy: Proxy(), se:cdp: ws://localhost:58575/devtoo..., se:cdpVersion: 134.0.6998.89, setWindowRect: true, strictFileInteractability: false, timeouts: {implicit: 0, pageLoad: 300000, script: 30000}, unhandledPromptBehavior: dismiss and notify, webauthn:extension:credBlob: true, webauthn:extension:largeBlob: true, webauthn:extension:minPinLength: true, webauthn:extension:prf: true, webauthn:virtualAuthenticators: true}
Session ID: fcb64c7aa84a4c70f3c82d358608479f
2025-03-13 13:23:11 [main] INFO  l.i.u.t.SubmittedApplicationsPageTest - Marking 'Taip' radio button 12
2025-03-13 13:23:22 [main] DEBUG l.i.u.t.SubmittedApplicationsPageTest - Checked 'ConfirmationStepFour'
2025-03-13 13:23:22 [main] DEBUG l.i.u.t.SubmittedApplicationsPageTest - Clicked 'Next' button after checkboxes.
2025-03-13 13:23:22 [main] INFO  l.i.u.p.SubmittedApplicationsPage - File uploaded successfully to an input element.
2025-03-13 13:23:22 [main] INFO  l.i.u.p.SubmittedApplicationsPage - File uploaded successfully to an input element.
2025-03-13 13:23:22 [main] INFO  l.i.u.p.SubmittedApplicationsPage - File uploaded successfully to an input element.
2025-03-13 13:23:22 [main] INFO  l.i.u.p.SubmittedApplicationsPage - File uploaded successfully to an input element.
2025-03-13 13:23:22 [main] INFO  l.i.u.p.SubmittedApplicationsPage - File uploaded successfully to an input element.
2025-03-13 13:23:22 [main] INFO  l.i.u.p.SubmittedApplicationsPage - File uploaded successfully to an input element.
2025-03-13 13:23:22 [main] INFO  l.i.u.p.SubmittedApplicationsPage - File uploaded successfully to an input element.
2025-03-13 13:23:22 [main] INFO  l.i.u.p.SubmittedApplicationsPage - File uploaded successfully to an input element.
2025-03-13 13:23:23 [main] DEBUG l.i.u.t.SubmittedApplicationsPageTest - Entered program name: 'Dokumentas 1'.
2025-03-13 13:23:23 [main] DEBUG l.i.u.t.SubmittedApplicationsPageTest - Entered program name: 'Dokumentas 2'.
2025-03-13 13:23:23 [main] DEBUG l.i.u.t.SubmittedApplicationsPageTest - Entered program name: 'Dokumentas 3'.
2025-03-13 13:23:23 [main] DEBUG l.i.u.t.SubmittedApplicationsPageTest - Entered program name: 'Dokumentas 4'.
2025-03-13 13:23:23 [main] DEBUG l.i.u.t.SubmittedApplicationsPageTest - Entered program name: 'Dokumentas 5'.
2025-03-13 13:23:23 [main] DEBUG l.i.u.t.SubmittedApplicationsPageTest - Entered program name: 'Dokumentas 6'.
2025-03-13 13:23:24 [main] DEBUG l.i.u.t.SubmittedApplicationsPageTest - Entered program name: 'Dokumentas 4'.
2025-03-13 13:23:24 [main] DEBUG l.i.u.t.SubmittedApplicationsPageTest - Entered program name: 'Dokumentas 8'.
2025-03-13 13:23:34 [main] DEBUG l.i.u.t.SubmittedApplicationsPageTest - Checked 'ConfirmationDocument'
2025-03-13 13:23:44 [main] DEBUG l.i.u.t.SubmittedApplicationsPageTest - Checked 'ConfirmationApplication'
2025-03-13 13:23:44 [main] DEBUG l.i.u.t.SubmittedApplicationsPageTest - Clicked 'Review' button after checkboxes.
2025-03-13 13:23:45 [main] DEBUG l.i.u.t.SubmittedApplicationsPageTest - Clicked 'SaveDraft' button after checkboxes.
2025-03-13 13:23:45 [main] DEBUG l.i.uztis.pages.ApplicationFormsPage - Verified success message: 'Ruošinys sėkmingai išsaugotas.'
2025-03-13 13:23:45 [main] DEBUG l.i.u.t.SubmittedApplicationsPageTest - Clicked 'Submit' button after checkboxes.
2025-03-13 13:23:45 [main] DEBUG l.i.u.t.SubmittedApplicationsPageTest - Clicked 'SubmitConfirmation' button after checkboxes.
2025-03-13 13:23:45 [main] ERROR l.i.uztis.pages.ApplicationFormsPage - Failed to verify the success message: 'Paraiška sėkmingai pateikta ir užregistruota.'. Available messages: [Ruošinys sėkmingai išsaugotas.]
2025-03-13 13:23:45 [main] INFO  l.i.u.t.SubmittedApplicationsPageTest - Verified success message
2025-03-13 13:23:45 [main] INFO  l.i.u.t.SubmittedApplicationsPageTest - Test 'testFillNewDVPApplicationFA' completed successfully.
2025-03-13 14:40:03 [main] INFO  lt.insoft.uztis.tests.UztisPageTest - Navigated to https://uztisdev.asseco.lt/home
2025-03-13 14:40:03 [main] INFO  l.i.u.tests.ApplicationFormsPageTest - Setup complete. ApplicationFormsPage initialized.
2025-03-13 14:40:03 [main] INFO  l.i.u.tests.ApplicationFormsPageTest - Starting test:'testCreateNewVuiApplication'
2025-03-13 14:40:04 [main] DEBUG l.i.u.tests.ApplicationFormsPageTest - User logged in with test credentials
2025-03-13 14:40:04 [main] DEBUG l.i.u.tests.ApplicationFormsPageTest - Opened 'Application Processing' menu.
2025-03-13 14:40:05 [main] DEBUG l.i.u.tests.ApplicationFormsPageTest - Clicked on 'Application Forms' menu.
2025-03-13 14:40:06 [main] DEBUG l.i.u.tests.ApplicationFormsPageTest - Clicked to create a new application form.
2025-03-13 14:40:06 [main] DEBUG l.i.u.tests.ApplicationFormsPageTest - Entered random application code: TST-VUI-39
2025-03-13 14:40:06 [main] DEBUG l.i.u.tests.ApplicationFormsPageTest - Selected 'Section' radio button.
2025-03-13 14:40:06 [main] INFO  l.i.uztis.pages.ApplicationFormsPage - Located the dropdown button.
2025-03-13 14:40:07 [main] INFO  l.i.uztis.pages.ApplicationFormsPage - Successfully selected the value: 'Skyrius 1'
2025-03-13 14:40:17 [main] ERROR l.i.uztis.pages.ApplicationFormsPage - Failed to close the dropdown with aria-expanded = 'false'.
2025-03-13 14:40:17 [main] DEBUG l.i.u.tests.ApplicationFormsPageTest - Selected a value from the 'Section' dropdown: 'Skyrius 1'
2025-03-13 14:40:18 [main] DEBUG l.i.u.tests.ApplicationFormsPageTest - Selected 'Budget by Municipality' option.
2025-03-13 14:40:18 [main] DEBUG l.i.u.tests.ApplicationFormsPageTest - Selected 'Financed Without Queue' option.
2025-03-13 14:40:18 [main] DEBUG l.i.u.tests.ApplicationFormsPageTest - Clicked 'Add' button.
2025-03-13 14:40:18 [main] INFO  l.i.uztis.pages.ApplicationFormsPage - Located the dropdown button.
2025-03-13 14:40:19 [main] INFO  l.i.uztis.pages.ApplicationFormsPage - Successfully selected the value: 'VUI paraiškos vertinimo forma - I etapas'
2025-03-13 14:40:29 [main] ERROR l.i.uztis.pages.ApplicationFormsPage - Failed to close the dropdown with aria-expanded = 'false'.
2025-03-13 14:40:29 [main] DEBUG l.i.u.tests.ApplicationFormsPageTest - Selected a value from the 'EvaluationOne' dropdown: 'VUI paraiškos vertinimo forma - I etapas'
2025-03-13 14:40:29 [main] INFO  l.i.uztis.pages.ApplicationFormsPage - Located the dropdown button.
2025-03-13 14:40:30 [main] INFO  l.i.uztis.pages.ApplicationFormsPage - Successfully selected the value: 'VUI paraiškos vertinimo forma - II etapas'
2025-03-13 14:40:40 [main] ERROR l.i.uztis.pages.ApplicationFormsPage - Failed to close the dropdown with aria-expanded = 'false'.
2025-03-13 14:40:40 [main] DEBUG l.i.u.tests.ApplicationFormsPageTest - Selected a value from the 'EvaluationTwon' dropdown: 'VUI paraiškos vertinimo forma - II etapas'
2025-03-13 14:40:40 [main] INFO  l.i.uztis.pages.ApplicationFormsPage - Located the dropdown button.
2025-03-13 14:40:40 [main] INFO  l.i.uztis.pages.ApplicationFormsPage - Successfully selected the value: 'VUI paraiškos vertinimo forma - III etapas'
2025-03-13 14:40:51 [main] ERROR l.i.uztis.pages.ApplicationFormsPage - Failed to close the dropdown with aria-expanded = 'false'.
2025-03-13 14:40:51 [main] DEBUG l.i.u.tests.ApplicationFormsPageTest - Selected a value from the 'EvaluationThree' dropdown: 'VUI paraiškos vertinimo forma - III etapas'
2025-03-13 14:40:51 [main] DEBUG l.i.u.tests.ApplicationFormsPageTest - Clicked 'Plus' button.
2025-03-13 14:40:51 [main] DEBUG l.i.u.tests.ApplicationFormsPageTest - Clicked 'Add' button seven times.
2025-03-13 14:40:51 [main] INFO  l.i.uztis.pages.ApplicationFormsPage - Processing dropdown index: 0
2025-03-13 14:41:02 [main] ERROR l.i.uztis.pages.ApplicationFormsPage - Timeout while waiting for dropdown to close at index: 0 with aria-expanded = 'false'
2025-03-13 14:41:02 [main] INFO  l.i.uztis.pages.ApplicationFormsPage - Processing dropdown index: 1
2025-03-13 14:41:13 [main] ERROR l.i.uztis.pages.ApplicationFormsPage - Timeout while waiting for dropdown to close at index: 1 with aria-expanded = 'false'
2025-03-13 14:41:13 [main] INFO  l.i.uztis.pages.ApplicationFormsPage - Processing dropdown index: 2
2025-03-13 14:41:24 [main] ERROR l.i.uztis.pages.ApplicationFormsPage - Timeout while waiting for dropdown to close at index: 2 with aria-expanded = 'false'
2025-03-13 14:41:24 [main] INFO  l.i.uztis.pages.ApplicationFormsPage - Processing dropdown index: 3
2025-03-13 14:41:35 [main] ERROR l.i.uztis.pages.ApplicationFormsPage - Timeout while waiting for dropdown to close at index: 3 with aria-expanded = 'false'
2025-03-13 14:41:35 [main] INFO  l.i.uztis.pages.ApplicationFormsPage - Processing dropdown index: 4
2025-03-13 14:41:45 [main] ERROR l.i.uztis.pages.ApplicationFormsPage - Timeout while waiting for dropdown to close at index: 4 with aria-expanded = 'false'
2025-03-13 14:41:45 [main] INFO  l.i.uztis.pages.ApplicationFormsPage - Processing dropdown index: 5
2025-03-13 14:41:57 [main] ERROR l.i.uztis.pages.ApplicationFormsPage - Timeout while waiting for dropdown to close at index: 5 with aria-expanded = 'false'
2025-03-13 14:41:57 [main] INFO  l.i.uztis.pages.ApplicationFormsPage - Processing dropdown index: 6
2025-03-13 14:42:08 [main] ERROR l.i.uztis.pages.ApplicationFormsPage - Timeout while waiting for dropdown to close at index: 6 with aria-expanded = 'false'
2025-03-13 14:42:08 [main] INFO  l.i.uztis.pages.ApplicationFormsPage - Processing dropdown index: 7
2025-03-13 14:42:19 [main] ERROR l.i.uztis.pages.ApplicationFormsPage - Timeout while waiting for dropdown to close at index: 7 with aria-expanded = 'false'
2025-03-13 14:42:19 [main] INFO  l.i.uztis.pages.ApplicationFormsPage - Processing input field index: 0
2025-03-13 14:42:19 [main] INFO  l.i.uztis.pages.ApplicationFormsPage - Entered value '50' into field index: 0
2025-03-13 14:42:19 [main] INFO  l.i.uztis.pages.ApplicationFormsPage - Processing input field index: 1
2025-03-13 14:42:19 [main] INFO  l.i.uztis.pages.ApplicationFormsPage - Entered value '924' into field index: 1
2025-03-13 14:42:19 [main] INFO  l.i.uztis.pages.ApplicationFormsPage - Processing input field index: 2
2025-03-13 14:42:19 [main] INFO  l.i.uztis.pages.ApplicationFormsPage - Entered value '31' into field index: 2
2025-03-13 14:42:19 [main] INFO  l.i.uztis.pages.ApplicationFormsPage - Processing input field index: 3
2025-03-13 14:42:19 [main] INFO  l.i.uztis.pages.ApplicationFormsPage - Entered value '4.7' into field index: 3
2025-03-13 14:42:19 [main] INFO  l.i.uztis.pages.ApplicationFormsPage - Processing input field index: 4
2025-03-13 14:42:19 [main] INFO  l.i.uztis.pages.ApplicationFormsPage - Entered value '35' into field index: 4
2025-03-13 14:42:19 [main] INFO  l.i.uztis.pages.ApplicationFormsPage - Processing input field index: 5
2025-03-13 14:42:20 [main] INFO  l.i.uztis.pages.ApplicationFormsPage - Entered value '20' into field index: 5
2025-03-13 14:42:20 [main] INFO  l.i.uztis.pages.ApplicationFormsPage - Processing input field index: 6
2025-03-13 14:42:20 [main] INFO  l.i.uztis.pages.ApplicationFormsPage - Entered value '30' into field index: 6
2025-03-13 14:42:20 [main] INFO  l.i.uztis.pages.ApplicationFormsPage - Processing input field index: 7
2025-03-13 14:42:20 [main] INFO  l.i.uztis.pages.ApplicationFormsPage - Entered value '60' into field index: 7
2025-03-13 14:42:20 [main] DEBUG l.i.u.tests.ApplicationFormsPageTest - Entered additional values and text.
2025-03-13 14:42:20 [main] DEBUG l.i.u.tests.ApplicationFormsPageTest - Entered application name: VUI paraiška
2025-03-13 14:42:20 [main] DEBUG l.i.u.tests.ApplicationFormsPageTest - Clicked the 'Save' button.
2025-03-13 14:42:20 [main] DEBUG l.i.uztis.pages.ApplicationFormsPage - Verified success message: 'Duomenys sėkmingai išsaugoti.'
2025-03-13 14:42:20 [main] INFO  l.i.u.tests.ApplicationFormsPageTest - Verified success message
2025-03-13 14:42:20 [main] INFO  l.i.u.tests.ApplicationFormsPageTest - Verified that the 'Save Form' button is displayed.
2025-03-13 14:42:20 [main] INFO  l.i.u.tests.ApplicationFormsPageTest - Test 'testCreateNewVuiApplication' completed successfully.
2025-03-13 14:43:01 [main] INFO  lt.insoft.uztis.tests.UztisPageTest - Navigated to https://uztisdev.asseco.lt/home
2025-03-13 14:43:01 [main] INFO  l.i.u.tests.ApplicationFormsPageTest - Setup complete. ApplicationFormsPage initialized.
2025-03-13 14:43:01 [main] INFO  l.i.u.tests.ApplicationFormsPageTest - Starting test:'testEditAndSaveVuiApplication'
2025-03-13 14:43:01 [main] DEBUG l.i.u.tests.ApplicationFormsPageTest - User logged in with test credentials
2025-03-13 14:43:01 [main] DEBUG l.i.u.tests.ApplicationFormsPageTest - Opened 'Application Processing' menu.
2025-03-13 14:43:01 [main] DEBUG l.i.u.tests.ApplicationFormsPageTest - Clicked on 'Application Forms' menu.
2025-03-13 14:43:02 [main] DEBUG l.i.u.tests.ApplicationFormsPageTest - Selected the last application description.
2025-03-13 14:43:02 [main] DEBUG l.i.u.tests.ApplicationFormsPageTest - Clicked the 'Edit' button.
2025-03-13 14:43:03 [main] DEBUG l.i.u.tests.ApplicationFormsPageTest - Selected 'Municipality' radio button.
2025-03-13 14:43:03 [main] INFO  l.i.uztis.pages.ApplicationFormsPage - Located the dropdown button.
2025-03-13 14:43:03 [main] INFO  l.i.uztis.pages.ApplicationFormsPage - Successfully selected the value: 'Kauno departamentas'
2025-03-13 14:43:14 [main] ERROR l.i.uztis.pages.ApplicationFormsPage - Failed to close the dropdown with aria-expanded = 'false'.
2025-03-13 14:43:14 [main] DEBUG l.i.u.tests.ApplicationFormsPageTest - Selected a value from the 'Municipality' dropdown: 'Kauno departamentas'
2025-03-13 14:43:14 [main] DEBUG l.i.u.tests.ApplicationFormsPageTest - Selected 'Budget By Country' radio button.
2025-03-13 14:43:14 [main] DEBUG l.i.u.tests.ApplicationFormsPageTest - Selected 'Financed By Queue' radio button.
2025-03-13 14:43:14 [main] DEBUG l.i.u.tests.ApplicationFormsPageTest - Entered new application name: _paredaguota
2025-03-13 14:43:14 [main] DEBUG l.i.u.tests.ApplicationFormsPageTest - Clicked the 'Save' button.
2025-03-13 14:43:14 [main] DEBUG l.i.uztis.pages.ApplicationFormsPage - Verified success message: 'Duomenys sėkmingai išsaugoti.'
2025-03-13 14:43:14 [main] INFO  l.i.u.tests.ApplicationFormsPageTest - Verified success message
2025-03-13 14:43:14 [main] INFO  l.i.u.tests.ApplicationFormsPageTest - Test 'testEditAndSaveVuiApplication' completed successfully.
2025-03-13 14:43:26 [main] INFO  lt.insoft.uztis.tests.UztisPageTest - Navigated to https://uztisdev.asseco.lt/home
2025-03-13 14:43:26 [main] INFO  l.i.u.tests.ApplicationFormsPageTest - Setup complete. ApplicationFormsPage initialized.
2025-03-13 14:43:26 [main] INFO  l.i.u.tests.ApplicationFormsPageTest - Starting test:'testAddContractVUI'
2025-03-13 14:43:26 [main] DEBUG l.i.u.tests.ApplicationFormsPageTest - User logged in with test credentials
2025-03-13 14:43:26 [main] DEBUG l.i.u.tests.ApplicationFormsPageTest - Opened 'Application Processing' menu.
2025-03-13 14:43:26 [main] DEBUG l.i.u.tests.ApplicationFormsPageTest - Clicked on 'Application Forms' menu.
2025-03-13 14:43:27 [main] DEBUG l.i.u.tests.ApplicationFormsPageTest - Selected the last application description.
2025-03-13 14:43:28 [main] DEBUG l.i.u.tests.ApplicationFormsPageTest - Clicked 'Project Progress' tab.
2025-03-13 14:43:28 [main] DEBUG l.i.u.tests.ApplicationFormsPageTest - Clicked the 'Edit' button.
2025-03-13 14:43:28 [main] INFO  l.i.uztis.pages.ApplicationFormsPage - Located the dropdown button.
2025-03-13 14:43:32 [main] INFO  l.i.uztis.pages.ApplicationFormsPage - Successfully selected the value: 'Vietinių užimtumo iniciatyvų projekto įgyvendinimo ir finansavimo sutartis'
2025-03-13 14:43:42 [main] ERROR l.i.uztis.pages.ApplicationFormsPage - Failed to close the dropdown with aria-expanded = 'false'.
2025-03-13 14:43:42 [main] DEBUG l.i.u.tests.ApplicationFormsPageTest - Selected a value from the 'Document' dropdown: 'Vietinių užimtumo iniciatyvų projekto įgyvendinimo ir finansavimo sutartis'
2025-03-13 14:43:42 [main] DEBUG l.i.u.tests.ApplicationFormsPageTest - Clicked the 'Save' button.
2025-03-13 14:43:43 [main] ERROR l.i.uztis.pages.ApplicationFormsPage - Failed to verify the success message: 'Funkcija sėkmingai atlikta.'. Available messages: [Duomenys sėkmingai išsaugoti.]
2025-03-13 14:43:43 [main] INFO  l.i.u.tests.ApplicationFormsPageTest - Verified success message
2025-03-13 14:43:43 [main] INFO  l.i.u.tests.ApplicationFormsPageTest - Test 'testAddContractVUI' completed successfully.
2025-03-13 14:44:11 [main] INFO  lt.insoft.uztis.tests.UztisPageTest - Navigated to https://uztisdev.asseco.lt/home
2025-03-13 14:44:11 [main] INFO  l.i.uztis.tests.InvitationsPageTest - Starting test:'testCreateNewVuiInvitationDraft'
2025-03-13 14:44:11 [main] DEBUG l.i.uztis.tests.InvitationsPageTest - User logged in with test credentials
2025-03-13 14:44:12 [main] DEBUG l.i.uztis.tests.InvitationsPageTest - Opened 'Application Processing' menu.
2025-03-13 14:44:12 [main] DEBUG l.i.uztis.tests.InvitationsPageTest - Clicked on 'Application Forms' menu.
2025-03-13 14:44:12 [main] DEBUG l.i.uztis.tests.InvitationsPageTest - Navigating to application forms menu.
2025-03-13 14:44:12 [main] DEBUG l.i.uztis.tests.InvitationsPageTest - Retrieved last description code text: 'TST-VUI-39'.
2025-03-13 14:44:12 [main] DEBUG l.i.uztis.tests.InvitationsPageTest - Clicked on 'Invitation' menu.
2025-03-13 14:44:12 [main] DEBUG l.i.uztis.tests.InvitationsPageTest - Clicked 'Create New Application Form'.
2025-03-13 14:44:13 [main] DEBUG l.i.uztis.tests.InvitationsPageTest - Selected section by code: 'TST-VUI-39'.
2025-03-13 14:44:13 [main] INFO  l.insoft.uztis.pages.InvitationsPage - Located the dropdown button.
2025-03-13 14:44:25 [main] ERROR l.insoft.uztis.pages.InvitationsPage - Timeout while waiting for dropdown to close with aria-expanded = 'false'.
2025-03-13 14:44:25 [main] DEBUG l.i.uztis.tests.InvitationsPageTest - Selected invitation number from the list.
2025-03-13 14:44:25 [main] DEBUG l.i.uztis.tests.InvitationsPageTest - Entered current date.
2025-03-13 14:44:25 [main] DEBUG l.i.uztis.tests.InvitationsPageTest - Entered start time: 00:00.
2025-03-13 14:44:26 [main] DEBUG l.i.uztis.tests.InvitationsPageTest - Entered end date.
2025-03-13 14:44:26 [main] DEBUG l.i.uztis.tests.InvitationsPageTest - Entered end time: 11:11.
2025-03-13 14:44:26 [main] DEBUG l.i.uztis.tests.InvitationsPageTest - Draft saved.
2025-03-13 14:44:26 [main] DEBUG l.i.uztis.pages.ApplicationFormsPage - Verified success message: 'Duomenys sėkmingai išsaugoti.'
2025-03-13 14:44:26 [main] INFO  l.i.uztis.tests.InvitationsPageTest - Verified success message
2025-03-13 14:44:26 [main] INFO  l.i.uztis.tests.InvitationsPageTest - Test 'testCreateNewVuiInvitationDraft' completed successfully.
2025-03-13 14:44:42 [main] INFO  lt.insoft.uztis.tests.UztisPageTest - Navigated to https://uztisdev.asseco.lt/home
2025-03-13 14:44:42 [main] INFO  l.i.uztis.tests.InvitationsPageTest - Starting test:'testEditAndPublishVuiInvitationDraft'
2025-03-13 14:44:42 [main] DEBUG l.i.uztis.tests.InvitationsPageTest - User logged in with test credentials
2025-03-13 14:44:43 [main] DEBUG l.i.uztis.tests.InvitationsPageTest - Opened 'Application Processing' menu.
2025-03-13 14:44:43 [main] DEBUG l.i.uztis.tests.InvitationsPageTest - Clicked on 'Application Forms' menu.
2025-03-13 14:44:43 [main] DEBUG l.i.uztis.tests.InvitationsPageTest - Navigating to application forms menu.
2025-03-13 14:44:43 [main] DEBUG l.i.uztis.tests.InvitationsPageTest - Retrieved last description code text: 'TST-VUI-39'.
2025-03-13 14:44:43 [main] DEBUG l.i.uztis.tests.InvitationsPageTest - Clicked on 'Invitation' menu.
2025-03-13 14:44:44 [main] DEBUG l.i.uztis.tests.InvitationsPageTest - Selected section by code: 'TST-VUI-39'.
2025-03-13 14:44:45 [main] DEBUG l.i.uztis.tests.InvitationsPageTest - Clicked 'Search'.
2025-03-13 14:44:45 [main] DEBUG l.i.uztis.tests.InvitationsPageTest - Getting and inserting application code text.
2025-03-13 14:44:45 [main] DEBUG l.i.uztis.tests.InvitationsPageTest - Clicked 'InvitationDraft'.
2025-03-13 14:44:45 [main] DEBUG l.i.uztis.tests.InvitationsPageTest - Clicked 'Edit'.
2025-03-13 14:44:46 [main] DEBUG l.i.uztis.tests.InvitationsPageTest - Entered publication end date.
2025-03-13 14:44:46 [main] DEBUG l.i.uztis.tests.InvitationsPageTest - Added additional values.
2025-03-13 14:44:46 [main] INFO  l.insoft.uztis.pages.InvitationsPage - Located the dropdown button.
2025-03-13 14:44:47 [main] DEBUG l.i.uztis.tests.InvitationsPageTest - Selected the value: 'Didžiausia galima paramos suma aplinkos darbo vietai, Eur'
2025-03-13 14:44:47 [main] INFO  l.insoft.uztis.pages.InvitationsPage - Located the dropdown button.
2025-03-13 14:44:47 [main] DEBUG l.i.uztis.tests.InvitationsPageTest - Selected the value: 'Didžiausia galima paramos suma, Eur'
2025-03-13 14:44:47 [main] INFO  l.insoft.uztis.pages.InvitationsPage - Located the dropdown button.
2025-03-13 14:44:48 [main] DEBUG l.i.uztis.tests.InvitationsPageTest - Selected the value: 'Didžiausia galima paramos suma vienai darbo vietai, Eur'
2025-03-13 14:44:48 [main] DEBUG l.i.uztis.tests.InvitationsPageTest - Entered value: 11000
2025-03-13 14:44:48 [main] DEBUG l.i.uztis.tests.InvitationsPageTest - Entered value: 12000
2025-03-13 14:44:49 [main] DEBUG l.i.uztis.tests.InvitationsPageTest - Entered value: 13000
2025-03-13 14:44:49 [main] DEBUG l.i.uztis.tests.InvitationsPageTest - Checked 'Legal Entities' checkbox.
2025-03-13 14:44:49 [main] DEBUG l.i.uztis.tests.InvitationsPageTest - Unchecked 'Persons Registered with Employment Service' checkbox.
2025-03-13 14:44:49 [main] DEBUG l.i.uztis.tests.InvitationsPageTest - Checked 'Persons Registered as Employers' checkbox.
2025-03-13 14:44:49 [main] DEBUG l.i.uztis.tests.InvitationsPageTest - Entered second evaluation grade: '5'.
2025-03-13 14:44:49 [main] DEBUG l.i.uztis.tests.InvitationsPageTest - Entered third evaluation grade: '6'.
2025-03-13 14:44:49 [main] DEBUG l.i.uztis.tests.InvitationsPageTest - Entered second evaluation grade weight: '0,45'.
2025-03-13 14:44:49 [main] DEBUG l.i.uztis.tests.InvitationsPageTest - Entered third evaluation grade weight: '0,55'.
2025-03-13 14:44:49 [main] DEBUG l.i.uztis.tests.InvitationsPageTest - Entered budget: '2000'.
2025-03-13 14:44:50 [main] DEBUG l.i.uztis.tests.InvitationsPageTest - Entered description text: 'Aprašo tekstas'.
2025-03-13 14:44:50 [main] DEBUG l.i.uztis.tests.InvitationsPageTest - Entered applicants text: 'Pareiškėjų tekstas'.
2025-03-13 14:44:50 [main] DEBUG l.i.uztis.tests.InvitationsPageTest - Entered expenditures text: 'Išlaidų tekstas'.
2025-03-13 14:44:50 [main] DEBUG l.i.uztis.tests.InvitationsPageTest - Entered legislation text: 'Teisės aktų tekstas'.
2025-03-13 14:44:50 [main] DEBUG l.i.uztis.tests.InvitationsPageTest - Entered education text: 'Mokymų tekstas'.
2025-03-13 14:44:50 [main] DEBUG l.i.uztis.tests.InvitationsPageTest - File uploaded.
2025-03-13 14:44:50 [main] DEBUG l.i.uztis.tests.InvitationsPageTest - Clicked 'Publish'.
2025-03-13 14:44:50 [main] DEBUG l.i.uztis.tests.InvitationsPageTest - Publication confirmed.
2025-03-13 14:44:51 [main] DEBUG l.i.uztis.pages.ApplicationFormsPage - Verified success message: 'Funkcija sėkmingai atlikta.'
2025-03-13 14:44:51 [main] INFO  l.i.uztis.tests.InvitationsPageTest - Verified success message
2025-03-13 14:44:51 [main] INFO  l.i.uztis.tests.InvitationsPageTest - Test 'testEditAndPublishVuiInvitationDraft' completed successfully.
2025-03-13 14:45:06 [main] INFO  lt.insoft.uztis.tests.UztisPageTest - Navigated to https://uztisdev.asseco.lt/home
2025-03-13 14:45:06 [main] INFO  l.i.uztis.tests.InvitationsPageTest - Starting test:'testInsertVui_PvkStatisticInformation'
2025-03-13 14:45:06 [main] DEBUG l.i.uztis.tests.InvitationsPageTest - User logged in with test credentials
2025-03-13 14:45:07 [main] DEBUG l.i.uztis.tests.InvitationsPageTest - Opened 'Application Processing' menu.
2025-03-13 14:45:07 [main] DEBUG l.i.uztis.tests.InvitationsPageTest - Clicked on 'Application Forms' menu.
2025-03-13 14:45:07 [main] DEBUG l.i.uztis.tests.InvitationsPageTest - Navigating to invitation forms menu.
2025-03-13 14:45:07 [main] DEBUG l.i.uztis.tests.InvitationsPageTest - Retrieved last description code text: 'TST-VUI-39'.
2025-03-13 14:45:07 [main] DEBUG l.i.uztis.tests.InvitationsPageTest - Clicked on 'Invitation' menu.
2025-03-13 14:45:08 [main] DEBUG l.i.uztis.tests.InvitationsPageTest - Selected section by code: 'TST-VUI-39'.
2025-03-13 14:45:09 [main] DEBUG l.i.uztis.tests.InvitationsPageTest - Clicked 'Search'.
2025-03-13 14:45:09 [main] DEBUG l.i.uztis.tests.InvitationsPageTest - Getting and inserting application code text.
2025-03-13 14:45:09 [main] DEBUG l.i.uztis.tests.InvitationsPageTest - Clicked 'Publishing'.
2025-03-13 14:45:10 [main] DEBUG l.i.uztis.tests.InvitationsPageTest - Clicked 'Statistic Information' tab.
2025-03-13 14:45:10 [main] DEBUG l.i.uztis.tests.InvitationsPageTest - Clicked 'Edit' button.
2025-03-13 14:45:10 [main] DEBUG l.i.uztis.tests.InvitationsPageTest - Entered current date.
2025-03-13 14:45:10 [main] DEBUG l.i.uztis.tests.InvitationsPageTest - Entered value: 8.7
2025-03-13 14:45:10 [main] DEBUG l.i.uztis.tests.InvitationsPageTest - Entered average salary: 2237.9
2025-03-13 14:45:10 [main] DEBUG l.i.uztis.tests.InvitationsPageTest - File uploaded.
2025-03-13 14:45:10 [main] DEBUG l.i.uztis.tests.InvitationsPageTest - Clicked 'Save' button.
2025-03-13 14:45:11 [main] DEBUG l.i.uztis.pages.ApplicationFormsPage - Verified success message: 'Funkcija sėkmingai atlikta.'
2025-03-13 14:45:11 [main] INFO  l.i.uztis.tests.InvitationsPageTest - Verified success message
2025-03-13 14:45:11 [main] INFO  l.i.uztis.tests.InvitationsPageTest - Test 'testInsertVui_PvkStatisticInformation' completed successfully.
2025-03-13 14:45:37 [main] INFO  lt.insoft.uztis.tests.UztisPageTest - Navigated to https://uztisdev.asseco.lt/home
2025-03-13 14:45:37 [main] INFO  l.i.u.t.SubmittedApplicationsPageTest - Starting test:'testFillNewVUIPApplicationFA'
2025-03-13 14:45:37 [main] DEBUG l.i.u.t.SubmittedApplicationsPageTest - User logged in with test credentials.
2025-03-13 14:45:37 [main] DEBUG l.i.u.t.SubmittedApplicationsPageTest - Opened 'Application Processing' menu.
2025-03-13 14:45:38 [main] DEBUG l.i.u.t.SubmittedApplicationsPageTest - Clicked on 'Application Forms' menu.
2025-03-13 14:45:38 [main] DEBUG l.i.u.t.SubmittedApplicationsPageTest - Retrieved last description code text: 'TST-VUI-39'.
2025-03-13 14:45:38 [main] DEBUG l.i.u.t.SubmittedApplicationsPageTest - Clicked on 'Invitation' menu.
2025-03-13 14:45:39 [main] DEBUG l.i.u.t.SubmittedApplicationsPageTest - Selected application section by code: 'TST-VUI-39'.
2025-03-13 14:45:40 [main] DEBUG l.i.u.t.SubmittedApplicationsPageTest - Clicked 'Search' button.
2025-03-13 14:45:40 [main] DEBUG l.i.u.t.SubmittedApplicationsPageTest - Retrieved invitation code: ''.
2025-03-13 14:45:40 [main] DEBUG l.i.u.t.SubmittedApplicationsPageTest - Clicked on 'Submitted Applications' menu.
2025-03-13 14:45:41 [main] DEBUG l.i.u.t.SubmittedApplicationsPageTest - Selected invitation by code: 'TST-VUI-39'.
2025-03-13 14:45:41 [main] DEBUG l.i.u.t.SubmittedApplicationsPageTest - Invitation code inserted.
2025-03-13 14:45:41 [main] DEBUG l.i.u.t.SubmittedApplicationsPageTest - Clicked on 'Action Application' button.
2025-03-13 14:45:41 [main] DEBUG l.i.u.t.SubmittedApplicationsPageTest - Clicked on 'New Application' button.
2025-03-13 14:45:42 [main] DEBUG l.i.u.t.SubmittedApplicationsPageTest - Selected the 'RadioButtonFA' option.
2025-03-13 14:45:42 [main] DEBUG l.i.u.t.SubmittedApplicationsPageTest - Entered phone number: '61298745'.
2025-03-13 14:45:42 [main] DEBUG l.i.u.t.SubmittedApplicationsPageTest - Entered email: 'test@autotest.com'.
2025-03-13 14:45:42 [main] INFO  l.i.u.p.SubmittedApplicationsPage - Clicking on the dropdown button.
2025-03-13 14:45:58 [main] INFO  l.i.u.p.SubmittedApplicationsPage - Found 1741 options in the dropdown.
2025-03-13 14:45:58 [main] DEBUG l.i.u.p.SubmittedApplicationsPage - Checking option: ''
2025-03-13 14:45:58 [main] DEBUG l.i.u.p.SubmittedApplicationsPage - Checking option: '01.11 - Grūdinių (išskyrus ryžius), ankštinių ir aliejingų sėklų augalų auginimas'
2025-03-13 14:45:58 [main] INFO  l.i.u.p.SubmittedApplicationsPage - Successfully selected the value: '01.11 - Grūdinių (išskyrus ryžius), ankštinių ir aliejingų sėklų augalų auginimas'
2025-03-13 14:45:58 [main] INFO  l.i.u.p.SubmittedApplicationsPage - Attempting to close the dropdown.
2025-03-13 14:45:59 [main] DEBUG l.i.u.t.SubmittedApplicationsPageTest - Selected EVRK value: '01.11 - Grūdinių (išskyrus ryžius), ankštinių ir aliejingų sėklų augalų auginimas'.
2025-03-13 14:45:59 [main] DEBUG l.i.u.t.SubmittedApplicationsPageTest - Clicked on 'Address Component' button.
2025-03-13 14:45:59 [main] INFO  l.i.u.p.SubmittedApplicationsPage - Located the dropdown button.
2025-03-13 14:46:03 [main] INFO  l.i.u.p.SubmittedApplicationsPage - Successfully selected the value: 'Lietuva'
2025-03-13 14:46:03 [main] DEBUG l.i.u.t.SubmittedApplicationsPageTest - Selected country: 'Lietuva'.
2025-03-13 14:46:03 [main] INFO  l.i.u.p.SubmittedApplicationsPage - Located the dropdown search field.
2025-03-13 14:46:03 [main] INFO  l.i.u.p.SubmittedApplicationsPage - Dropdown city is opened.
2025-03-13 14:46:03 [main] INFO  l.i.u.p.SubmittedApplicationsPage - Searched for value: 'Vilnius'
2025-03-13 14:46:04 [main] INFO  l.i.u.p.SubmittedApplicationsPage - Successfully selected: 'Vilnius'
2025-03-13 14:46:04 [main] INFO  l.i.u.p.SubmittedApplicationsPage - Located the dropdown button.
2025-03-13 14:46:05 [main] INFO  l.i.u.p.SubmittedApplicationsPage - Successfully selected the value: 'A. Domaševičiaus g.'
2025-03-13 14:46:05 [main] DEBUG l.i.u.t.SubmittedApplicationsPageTest - Selected street: 'A. Domaševičiaus g.'.
2025-03-13 14:46:05 [main] INFO  l.i.u.p.SubmittedApplicationsPage - Located the dropdown button.
2025-03-13 14:46:06 [main] INFO  l.i.u.p.SubmittedApplicationsPage - Successfully selected the value: '1'
2025-03-13 14:46:06 [main] DEBUG l.i.u.t.SubmittedApplicationsPageTest - Selected house: '1'.
2025-03-13 14:46:06 [main] INFO  l.i.u.p.SubmittedApplicationsPage - Located the dropdown button.
2025-03-13 14:46:07 [main] INFO  l.i.u.p.SubmittedApplicationsPage - Successfully selected the value: '1'
2025-03-13 14:46:07 [main] DEBUG l.i.u.t.SubmittedApplicationsPageTest - Selected apartment: '1'.
2025-03-13 14:46:07 [main] DEBUG l.i.u.t.SubmittedApplicationsPageTest - Clicked 'Confirm' button.
2025-03-13 14:46:07 [main] DEBUG l.i.u.t.SubmittedApplicationsPageTest - Entered project date.
2025-03-13 14:46:07 [main] DEBUG l.i.u.t.SubmittedApplicationsPageTest - Entered job count: '1'.
2025-03-13 14:46:08 [main] DEBUG l.i.u.t.SubmittedApplicationsPageTest - Clicked 'Next' button.
2025-03-13 14:46:08 [main] INFO  l.i.u.p.SubmittedApplicationsPage - Located the dropdown button.
2025-03-13 14:46:08 [main] INFO  l.i.u.p.SubmittedApplicationsPage - Successfully selected the value: 'Administratoriai'
2025-03-13 14:46:08 [main] DEBUG l.i.u.t.SubmittedApplicationsPageTest - Selected job name: 'Administratoriai'.
2025-03-13 14:46:09 [main] DEBUG l.i.u.t.SubmittedApplicationsPageTest - Entered job function: 'Funkcija 1'.
2025-03-13 14:46:09 [main] DEBUG l.i.u.t.SubmittedApplicationsPageTest - Selected 'RadioButtonWithDisabilities' option.
2025-03-13 14:46:09 [main] INFO  l.i.u.p.SubmittedApplicationsPage - Clicking on the dropdown button.
2025-03-13 14:46:09 [main] INFO  l.i.u.p.SubmittedApplicationsPage - Found 34 options in the dropdown.
2025-03-13 14:46:09 [main] DEBUG l.i.u.p.SubmittedApplicationsPage - Checking option: 'Asmenys, kuriems suteiktas pabėgėlio statusas ar perkeliamojo asmens statusas, arba asmenys, kuriems suteikta papildoma ar laikinoji apsauga, ir asmenys, turintys teisę gauti laikinąją apsaugą, iki sprendimo dėl laikinosios apsaugos suteikimo (nesuteikimo) priėmimo, tačiau ne ilgiau kaip laikinosios apsaugos laikotarpiu'
2025-03-13 14:46:09 [main] DEBUG l.i.u.p.SubmittedApplicationsPage - Checking option: 'Asmenys, kuriems suteiktas pabėgėlio statusas ar perkeliamojo asmens statusas, arba asmenys, kuriems suteikta papildoma ar laikinoji apsauga, ir asmenys, turintys teisę gauti laikinąją apsaugą, iki sprendimo dėl laikinosios apsaugos suteikimo (nesuteikimo) priėmimo, tačiau ne ilgiau kaip laikinosios apsaugos laikotarpiu'
2025-03-13 14:46:09 [main] DEBUG l.i.u.p.SubmittedApplicationsPage - Checking option: 'Asmenys, turintys teisę į papildomas užimtumo garantijas pagal Lietuvos Respublikos valstybės įmonės Ignalinos atominės elektrinės darbuotojų papildomų užimtumo ir socialinių garantijų įstatymą'
2025-03-13 14:46:09 [main] DEBUG l.i.u.p.SubmittedApplicationsPage - Checking option: 'Asmenys, turintys teisę į papildomas užimtumo garantijas pagal Lietuvos Respublikos valstybės įmonės Ignalinos atominės elektrinės darbuotojų papildomų užimtumo ir socialinių garantijų įstatymą'
2025-03-13 14:46:09 [main] DEBUG l.i.u.p.SubmittedApplicationsPage - Checking option: 'Bedarbiai iki 29 metų'
2025-03-13 14:46:10 [main] DEBUG l.i.u.p.SubmittedApplicationsPage - Checking option: 'Bedarbiai iki 29 metų'
2025-03-13 14:46:10 [main] DEBUG l.i.u.p.SubmittedApplicationsPage - Checking option: 'Bedarbiai, kurie yra darbingo amžiaus neįgalieji, kuriems nustatytas 30–40 procentų darbingumo lygis arba vidutinis neįgalumo lygis'
2025-03-13 14:46:10 [main] DEBUG l.i.u.p.SubmittedApplicationsPage - Checking option: 'Bedarbiai, kurie yra darbingo amžiaus neįgalieji, kuriems nustatytas 30–40 procentų darbingumo lygis arba vidutinis neįgalumo lygis'
2025-03-13 14:46:10 [main] DEBUG l.i.u.p.SubmittedApplicationsPage - Checking option: 'Bedarbiai, kurie yra darbingo amžiaus neįgalieji, kuriems nustatytas 45–55 procentų darbingumo lygis arba lengvas neįgalumo lygis'
2025-03-13 14:46:10 [main] DEBUG l.i.u.p.SubmittedApplicationsPage - Checking option: 'Bedarbiai, kurie yra darbingo amžiaus neįgalieji, kuriems nustatytas 45–55 procentų darbingumo lygis arba lengvas neįgalumo lygis'
2025-03-13 14:46:10 [main] DEBUG l.i.u.p.SubmittedApplicationsPage - Checking option: 'Bedarbiai, kurie yra darbingo amžiaus neįgalieji, kuriems nustatytas iki 25 procentų darbingumo lygis arba sunkus neįgalumo lygis'
2025-03-13 14:46:10 [main] INFO  l.i.u.p.SubmittedApplicationsPage - Successfully selected the value: 'Bedarbiai, kurie yra darbingo amžiaus neįgalieji, kuriems nustatytas iki 25 procentų darbingumo lygis arba sunkus neįgalumo lygis'
2025-03-13 14:46:10 [main] INFO  l.i.u.p.SubmittedApplicationsPage - Attempting to close the dropdown.
2025-03-13 14:46:10 [main] DEBUG l.i.u.t.SubmittedApplicationsPageTest - Selected disabilities type: 'Bedarbiai, kurie yra darbingo amžiaus neįgalieji, kuriems nustatytas iki 25 procentų darbingumo lygis arba sunkus neįgalumo lygis'.
2025-03-13 14:46:11 [main] DEBUG l.i.u.t.SubmittedApplicationsPageTest - Entered disability information: 'Negalia 1'.
2025-03-13 14:46:11 [main] INFO  l.i.u.p.SubmittedApplicationsPage - Located the dropdown button.
2025-03-13 14:46:11 [main] INFO  l.i.u.p.SubmittedApplicationsPage - Successfully selected the value: 'Kita'
2025-03-13 14:46:11 [main] DEBUG l.i.u.t.SubmittedApplicationsPageTest - Selected time mode: 'Kita'.
2025-03-13 14:46:11 [main] DEBUG l.i.u.t.SubmittedApplicationsPageTest - Selected time mode other: '6 val. per dieną ir 4 d. per savaitę'.
2025-03-13 14:46:12 [main] DEBUG l.i.u.t.SubmittedApplicationsPageTest - Entered qualification: 'Kvalifikacija 1'.
2025-03-13 14:46:12 [main] DEBUG l.i.u.t.SubmittedApplicationsPageTest - Entered job date.
2025-03-13 14:46:12 [main] DEBUG l.i.u.t.SubmittedApplicationsPageTest - Entered salary amount: '1200'.
2025-03-13 14:46:12 [main] DEBUG l.i.u.t.SubmittedApplicationsPageTest - Selected 'Temporary Job' radio button.
2025-03-13 14:46:12 [main] DEBUG l.i.u.t.SubmittedApplicationsPageTest - Selected 'Season Job' radio button.
2025-03-13 14:46:12 [main] DEBUG l.i.u.t.SubmittedApplicationsPageTest - Selected 'Energy' radio button.
2025-03-13 14:46:13 [main] DEBUG l.i.u.t.SubmittedApplicationsPageTest - Selected 'Repair' radio button.
2025-03-13 14:46:13 [main] DEBUG l.i.u.t.SubmittedApplicationsPageTest - Entered job description: 'Veikla 1'.
2025-03-13 14:46:13 [main] DEBUG l.i.u.t.SubmittedApplicationsPageTest - Entered process description: 'Procesas 1'.
2025-03-13 14:46:13 [main] DEBUG l.i.u.t.SubmittedApplicationsPageTest - Entered energy information: 'Energija 1'.
2025-03-13 14:46:14 [main] DEBUG l.i.u.t.SubmittedApplicationsPageTest - Entered repair information: 'Remontas 1'.
2025-03-13 14:46:14 [main] DEBUG l.i.u.t.SubmittedApplicationsPageTest - Selected 'PVM' radio button.
2025-03-13 14:46:14 [main] INFO  l.i.u.p.SubmittedApplicationsPage - Located the dropdown button.
2025-03-13 14:46:14 [main] INFO  l.i.u.p.SubmittedApplicationsPage - Successfully selected the value: 'Įsigyti'
2025-03-13 14:46:14 [main] DEBUG l.i.u.t.SubmittedApplicationsPageTest - Selected necessary for job: 'Įsigyti'.
2025-03-13 14:46:14 [main] DEBUG l.i.u.t.SubmittedApplicationsPageTest - Selected tool: 'Darbo priemonė 1'.
2025-03-13 14:46:15 [main] DEBUG l.i.u.t.SubmittedApplicationsPageTest - Selected tool parameter one: 'Darbo priemonės 1 parametras 1'.
2025-03-13 14:46:15 [main] DEBUG l.i.u.t.SubmittedApplicationsPageTest - Selected tool parameter two: 'Darbo priemonės 1 parametras 2'.
2025-03-13 14:46:15 [main] DEBUG l.i.u.t.SubmittedApplicationsPageTest - Selected tool parameter three: 'Darbo priemonės 1 parametras 3'.
2025-03-13 14:46:15 [main] DEBUG l.i.u.t.SubmittedApplicationsPageTest - Entered tool count: '1'.
2025-03-13 14:46:15 [main] DEBUG l.i.u.t.SubmittedApplicationsPageTest - Entered price amount 1: '1000'.
2025-03-13 14:46:16 [main] DEBUG l.i.u.t.SubmittedApplicationsPageTest - Entered own funds amount 1: '800'.
2025-03-13 14:46:16 [main] DEBUG l.i.u.t.SubmittedApplicationsPageTest - Clicked 'Add' button.
2025-03-13 14:46:16 [main] INFO  l.i.u.p.SubmittedApplicationsPage - Located the dropdown button.
2025-03-13 14:46:17 [main] INFO  l.i.u.p.SubmittedApplicationsPage - Successfully selected the value: 'Remontuoti'
2025-03-13 14:46:17 [main] DEBUG l.i.u.t.SubmittedApplicationsPageTest - Selected necessary for job 'to repair': 'Remontuoti'.
2025-03-13 14:46:17 [main] DEBUG l.i.u.t.SubmittedApplicationsPageTest - Selected repair name: 'Remonto pavadinimas 1'.
2025-03-13 14:46:17 [main] DEBUG l.i.u.t.SubmittedApplicationsPageTest - Entered repair information: 'Remonto aprašymas 1'.
2025-03-13 14:46:17 [main] DEBUG l.i.u.t.SubmittedApplicationsPageTest - Entered price amount 2: '1000'.
2025-03-13 14:46:18 [main] DEBUG l.i.u.t.SubmittedApplicationsPageTest - Entered own funds amount 2: '900'.
2025-03-13 14:46:18 [main] DEBUG l.i.u.t.SubmittedApplicationsPageTest - Entered country percentage: '50'.
2025-03-13 14:46:18 [main] DEBUG l.i.u.t.SubmittedApplicationsPageTest - Entered institution percentage: '50'.
2025-03-13 14:46:18 [main] DEBUG l.i.u.t.SubmittedApplicationsPageTest - Entered municipality percentage: '50'.
2025-03-13 14:46:18 [main] DEBUG l.i.u.t.SubmittedApplicationsPageTest - Selected 'De Minimis' radio button.
2025-03-13 14:46:19 [main] DEBUG l.i.u.t.SubmittedApplicationsPageTest - Entered program name: 'Programa 1'.
2025-03-13 14:46:19 [main] DEBUG l.i.u.t.SubmittedApplicationsPageTest - Entered project date from.
2025-03-13 14:46:19 [main] DEBUG l.i.u.t.SubmittedApplicationsPageTest - Entered project date until.
2025-03-13 14:46:19 [main] DEBUG l.i.u.t.SubmittedApplicationsPageTest - Entered support amount: '2000'.
2025-03-13 14:46:20 [main] DEBUG l.i.u.t.SubmittedApplicationsPageTest - Clicked 'Next' button.
2025-03-13 14:46:30 [main] DEBUG l.i.u.t.SubmittedApplicationsPageTest - Checked 'Legal Entities' checkbox 1.
2025-03-13 14:46:41 [main] DEBUG l.i.u.t.SubmittedApplicationsPageTest - Checked 'Legal Entities' checkbox 2.
2025-03-13 14:46:51 [main] DEBUG l.i.u.t.SubmittedApplicationsPageTest - Checked 'Legal Entities' checkbox 3.
2025-03-13 14:46:51 [main] DEBUG l.i.u.t.SubmittedApplicationsPageTest - Test finished: All 'Legal Entities' checkboxes checked successfully.
2025-03-13 14:46:51 [main] DEBUG l.i.u.t.SubmittedApplicationsPageTest - Clicked 'Next' button after checkboxes.
2025-03-13 14:47:02 [main] ERROR l.i.u.p.SubmittedApplicationsPage - Error selecting radio button: Expected condition failed: waiting for element to be clickable: By.xpath: (//input[@type='radio' and @value='false'])[8] (tried for 10 second(s) with 500 milliseconds interval)
Build info: version: '4.27.0', revision: 'd6e718d134'
System info: os.name: 'Windows 11', os.arch: 'amd64', os.version: '10.0', java.version: '21.0.3'
Driver info: org.openqa.selenium.chrome.ChromeDriver
Capabilities {acceptInsecureCerts: false, browserName: chrome, browserVersion: 134.0.6998.89, chrome: {chromedriverVersion: 134.0.6998.88 (7e3d5c978c6d..., userDataDir: C:\Users\INGRID~1.ZAD\AppDa...}, fedcm:accounts: true, goog:chromeOptions: {debuggerAddress: localhost:61352}, networkConnectionEnabled: false, pageLoadStrategy: normal, platformName: windows, proxy: Proxy(), se:cdp: ws://localhost:61352/devtoo..., se:cdpVersion: 134.0.6998.89, setWindowRect: true, strictFileInteractability: false, timeouts: {implicit: 0, pageLoad: 300000, script: 30000}, unhandledPromptBehavior: dismiss and notify, webauthn:extension:credBlob: true, webauthn:extension:largeBlob: true, webauthn:extension:minPinLength: true, webauthn:extension:prf: true, webauthn:virtualAuthenticators: true}
Session ID: aaedb6599782e19a27edd39271d20f88
2025-03-13 14:47:02 [main] INFO  l.i.u.t.SubmittedApplicationsPageTest - Marking 'Ne' radio button 1
2025-03-13 14:47:12 [main] ERROR l.i.u.p.SubmittedApplicationsPage - Error selecting radio button: Expected condition failed: waiting for element to be clickable: By.xpath: (//input[@type='radio' and @value='false'])[9] (tried for 10 second(s) with 500 milliseconds interval)
Build info: version: '4.27.0', revision: 'd6e718d134'
System info: os.name: 'Windows 11', os.arch: 'amd64', os.version: '10.0', java.version: '21.0.3'
Driver info: org.openqa.selenium.chrome.ChromeDriver
Capabilities {acceptInsecureCerts: false, browserName: chrome, browserVersion: 134.0.6998.89, chrome: {chromedriverVersion: 134.0.6998.88 (7e3d5c978c6d..., userDataDir: C:\Users\INGRID~1.ZAD\AppDa...}, fedcm:accounts: true, goog:chromeOptions: {debuggerAddress: localhost:61352}, networkConnectionEnabled: false, pageLoadStrategy: normal, platformName: windows, proxy: Proxy(), se:cdp: ws://localhost:61352/devtoo..., se:cdpVersion: 134.0.6998.89, setWindowRect: true, strictFileInteractability: false, timeouts: {implicit: 0, pageLoad: 300000, script: 30000}, unhandledPromptBehavior: dismiss and notify, webauthn:extension:credBlob: true, webauthn:extension:largeBlob: true, webauthn:extension:minPinLength: true, webauthn:extension:prf: true, webauthn:virtualAuthenticators: true}
Session ID: aaedb6599782e19a27edd39271d20f88
2025-03-13 14:47:12 [main] INFO  l.i.u.t.SubmittedApplicationsPageTest - Marking 'Ne' radio button 2
2025-03-13 14:47:22 [main] ERROR l.i.u.p.SubmittedApplicationsPage - Error selecting radio button: Expected condition failed: waiting for element to be clickable: By.xpath: (//input[@type='radio' and @value='false'])[10] (tried for 10 second(s) with 500 milliseconds interval)
Build info: version: '4.27.0', revision: 'd6e718d134'
System info: os.name: 'Windows 11', os.arch: 'amd64', os.version: '10.0', java.version: '21.0.3'
Driver info: org.openqa.selenium.chrome.ChromeDriver
Capabilities {acceptInsecureCerts: false, browserName: chrome, browserVersion: 134.0.6998.89, chrome: {chromedriverVersion: 134.0.6998.88 (7e3d5c978c6d..., userDataDir: C:\Users\INGRID~1.ZAD\AppDa...}, fedcm:accounts: true, goog:chromeOptions: {debuggerAddress: localhost:61352}, networkConnectionEnabled: false, pageLoadStrategy: normal, platformName: windows, proxy: Proxy(), se:cdp: ws://localhost:61352/devtoo..., se:cdpVersion: 134.0.6998.89, setWindowRect: true, strictFileInteractability: false, timeouts: {implicit: 0, pageLoad: 300000, script: 30000}, unhandledPromptBehavior: dismiss and notify, webauthn:extension:credBlob: true, webauthn:extension:largeBlob: true, webauthn:extension:minPinLength: true, webauthn:extension:prf: true, webauthn:virtualAuthenticators: true}
Session ID: aaedb6599782e19a27edd39271d20f88
2025-03-13 14:47:22 [main] INFO  l.i.u.t.SubmittedApplicationsPageTest - Marking 'Ne' radio button 3
2025-03-13 14:47:33 [main] ERROR l.i.u.p.SubmittedApplicationsPage - Error selecting radio button: Expected condition failed: waiting for element to be clickable: By.xpath: (//input[@type='radio' and @value='false'])[11] (tried for 10 second(s) with 500 milliseconds interval)
Build info: version: '4.27.0', revision: 'd6e718d134'
System info: os.name: 'Windows 11', os.arch: 'amd64', os.version: '10.0', java.version: '21.0.3'
Driver info: org.openqa.selenium.chrome.ChromeDriver
Capabilities {acceptInsecureCerts: false, browserName: chrome, browserVersion: 134.0.6998.89, chrome: {chromedriverVersion: 134.0.6998.88 (7e3d5c978c6d..., userDataDir: C:\Users\INGRID~1.ZAD\AppDa...}, fedcm:accounts: true, goog:chromeOptions: {debuggerAddress: localhost:61352}, networkConnectionEnabled: false, pageLoadStrategy: normal, platformName: windows, proxy: Proxy(), se:cdp: ws://localhost:61352/devtoo..., se:cdpVersion: 134.0.6998.89, setWindowRect: true, strictFileInteractability: false, timeouts: {implicit: 0, pageLoad: 300000, script: 30000}, unhandledPromptBehavior: dismiss and notify, webauthn:extension:credBlob: true, webauthn:extension:largeBlob: true, webauthn:extension:minPinLength: true, webauthn:extension:prf: true, webauthn:virtualAuthenticators: true}
Session ID: aaedb6599782e19a27edd39271d20f88
2025-03-13 14:47:33 [main] INFO  l.i.u.t.SubmittedApplicationsPageTest - Marking 'Ne' radio button 4
2025-03-13 14:47:43 [main] ERROR l.i.u.p.SubmittedApplicationsPage - Error selecting radio button: Expected condition failed: waiting for element to be clickable: By.xpath: (//input[@type='radio' and @value='false'])[12] (tried for 10 second(s) with 500 milliseconds interval)
Build info: version: '4.27.0', revision: 'd6e718d134'
System info: os.name: 'Windows 11', os.arch: 'amd64', os.version: '10.0', java.version: '21.0.3'
Driver info: org.openqa.selenium.chrome.ChromeDriver
Capabilities {acceptInsecureCerts: false, browserName: chrome, browserVersion: 134.0.6998.89, chrome: {chromedriverVersion: 134.0.6998.88 (7e3d5c978c6d..., userDataDir: C:\Users\INGRID~1.ZAD\AppDa...}, fedcm:accounts: true, goog:chromeOptions: {debuggerAddress: localhost:61352}, networkConnectionEnabled: false, pageLoadStrategy: normal, platformName: windows, proxy: Proxy(), se:cdp: ws://localhost:61352/devtoo..., se:cdpVersion: 134.0.6998.89, setWindowRect: true, strictFileInteractability: false, timeouts: {implicit: 0, pageLoad: 300000, script: 30000}, unhandledPromptBehavior: dismiss and notify, webauthn:extension:credBlob: true, webauthn:extension:largeBlob: true, webauthn:extension:minPinLength: true, webauthn:extension:prf: true, webauthn:virtualAuthenticators: true}
Session ID: aaedb6599782e19a27edd39271d20f88
2025-03-13 14:47:43 [main] INFO  l.i.u.t.SubmittedApplicationsPageTest - Marking 'Ne' radio button 5
2025-03-13 14:47:54 [main] ERROR l.i.u.p.SubmittedApplicationsPage - Error selecting radio button: Expected condition failed: waiting for element to be clickable: By.xpath: (//input[@type='radio' and @value='false'])[13] (tried for 10 second(s) with 500 milliseconds interval)
Build info: version: '4.27.0', revision: 'd6e718d134'
System info: os.name: 'Windows 11', os.arch: 'amd64', os.version: '10.0', java.version: '21.0.3'
Driver info: org.openqa.selenium.chrome.ChromeDriver
Capabilities {acceptInsecureCerts: false, browserName: chrome, browserVersion: 134.0.6998.89, chrome: {chromedriverVersion: 134.0.6998.88 (7e3d5c978c6d..., userDataDir: C:\Users\INGRID~1.ZAD\AppDa...}, fedcm:accounts: true, goog:chromeOptions: {debuggerAddress: localhost:61352}, networkConnectionEnabled: false, pageLoadStrategy: normal, platformName: windows, proxy: Proxy(), se:cdp: ws://localhost:61352/devtoo..., se:cdpVersion: 134.0.6998.89, setWindowRect: true, strictFileInteractability: false, timeouts: {implicit: 0, pageLoad: 300000, script: 30000}, unhandledPromptBehavior: dismiss and notify, webauthn:extension:credBlob: true, webauthn:extension:largeBlob: true, webauthn:extension:minPinLength: true, webauthn:extension:prf: true, webauthn:virtualAuthenticators: true}
Session ID: aaedb6599782e19a27edd39271d20f88
2025-03-13 14:47:54 [main] INFO  l.i.u.t.SubmittedApplicationsPageTest - Marking 'Ne' radio button 6
2025-03-13 14:48:04 [main] ERROR l.i.u.p.SubmittedApplicationsPage - Error selecting radio button: Expected condition failed: waiting for element to be clickable: By.xpath: (//input[@type='radio' and @value='true'])[14] (tried for 10 second(s) with 500 milliseconds interval)
Build info: version: '4.27.0', revision: 'd6e718d134'
System info: os.name: 'Windows 11', os.arch: 'amd64', os.version: '10.0', java.version: '21.0.3'
Driver info: org.openqa.selenium.chrome.ChromeDriver
Capabilities {acceptInsecureCerts: false, browserName: chrome, browserVersion: 134.0.6998.89, chrome: {chromedriverVersion: 134.0.6998.88 (7e3d5c978c6d..., userDataDir: C:\Users\INGRID~1.ZAD\AppDa...}, fedcm:accounts: true, goog:chromeOptions: {debuggerAddress: localhost:61352}, networkConnectionEnabled: false, pageLoadStrategy: normal, platformName: windows, proxy: Proxy(), se:cdp: ws://localhost:61352/devtoo..., se:cdpVersion: 134.0.6998.89, setWindowRect: true, strictFileInteractability: false, timeouts: {implicit: 0, pageLoad: 300000, script: 30000}, unhandledPromptBehavior: dismiss and notify, webauthn:extension:credBlob: true, webauthn:extension:largeBlob: true, webauthn:extension:minPinLength: true, webauthn:extension:prf: true, webauthn:virtualAuthenticators: true}
Session ID: aaedb6599782e19a27edd39271d20f88
2025-03-13 14:48:04 [main] INFO  l.i.u.t.SubmittedApplicationsPageTest - Marking 'Taip' radio button 7
2025-03-13 14:48:15 [main] ERROR l.i.u.p.SubmittedApplicationsPage - Error selecting radio button: Expected condition failed: waiting for element to be clickable: By.xpath: (//input[@type='radio' and @value='true'])[15] (tried for 10 second(s) with 500 milliseconds interval)
Build info: version: '4.27.0', revision: 'd6e718d134'
System info: os.name: 'Windows 11', os.arch: 'amd64', os.version: '10.0', java.version: '21.0.3'
Driver info: org.openqa.selenium.chrome.ChromeDriver
Capabilities {acceptInsecureCerts: false, browserName: chrome, browserVersion: 134.0.6998.89, chrome: {chromedriverVersion: 134.0.6998.88 (7e3d5c978c6d..., userDataDir: C:\Users\INGRID~1.ZAD\AppDa...}, fedcm:accounts: true, goog:chromeOptions: {debuggerAddress: localhost:61352}, networkConnectionEnabled: false, pageLoadStrategy: normal, platformName: windows, proxy: Proxy(), se:cdp: ws://localhost:61352/devtoo..., se:cdpVersion: 134.0.6998.89, setWindowRect: true, strictFileInteractability: false, timeouts: {implicit: 0, pageLoad: 300000, script: 30000}, unhandledPromptBehavior: dismiss and notify, webauthn:extension:credBlob: true, webauthn:extension:largeBlob: true, webauthn:extension:minPinLength: true, webauthn:extension:prf: true, webauthn:virtualAuthenticators: true}
Session ID: aaedb6599782e19a27edd39271d20f88
2025-03-13 14:48:15 [main] INFO  l.i.u.t.SubmittedApplicationsPageTest - Marking 'Taip' radio button 8
2025-03-13 14:48:25 [main] ERROR l.i.u.p.SubmittedApplicationsPage - Error selecting radio button: Expected condition failed: waiting for element to be clickable: By.xpath: (//input[@type='radio' and @value='true'])[16] (tried for 10 second(s) with 500 milliseconds interval)
Build info: version: '4.27.0', revision: 'd6e718d134'
System info: os.name: 'Windows 11', os.arch: 'amd64', os.version: '10.0', java.version: '21.0.3'
Driver info: org.openqa.selenium.chrome.ChromeDriver
Capabilities {acceptInsecureCerts: false, browserName: chrome, browserVersion: 134.0.6998.89, chrome: {chromedriverVersion: 134.0.6998.88 (7e3d5c978c6d..., userDataDir: C:\Users\INGRID~1.ZAD\AppDa...}, fedcm:accounts: true, goog:chromeOptions: {debuggerAddress: localhost:61352}, networkConnectionEnabled: false, pageLoadStrategy: normal, platformName: windows, proxy: Proxy(), se:cdp: ws://localhost:61352/devtoo..., se:cdpVersion: 134.0.6998.89, setWindowRect: true, strictFileInteractability: false, timeouts: {implicit: 0, pageLoad: 300000, script: 30000}, unhandledPromptBehavior: dismiss and notify, webauthn:extension:credBlob: true, webauthn:extension:largeBlob: true, webauthn:extension:minPinLength: true, webauthn:extension:prf: true, webauthn:virtualAuthenticators: true}
Session ID: aaedb6599782e19a27edd39271d20f88
2025-03-13 14:48:25 [main] INFO  l.i.u.t.SubmittedApplicationsPageTest - Marking 'Taip' radio button 9
2025-03-13 14:48:36 [main] ERROR l.i.u.p.SubmittedApplicationsPage - Error selecting radio button: Expected condition failed: waiting for element to be clickable: By.xpath: (//input[@type='radio' and @value='true'])[17] (tried for 10 second(s) with 500 milliseconds interval)
Build info: version: '4.27.0', revision: 'd6e718d134'
System info: os.name: 'Windows 11', os.arch: 'amd64', os.version: '10.0', java.version: '21.0.3'
Driver info: org.openqa.selenium.chrome.ChromeDriver
Capabilities {acceptInsecureCerts: false, browserName: chrome, browserVersion: 134.0.6998.89, chrome: {chromedriverVersion: 134.0.6998.88 (7e3d5c978c6d..., userDataDir: C:\Users\INGRID~1.ZAD\AppDa...}, fedcm:accounts: true, goog:chromeOptions: {debuggerAddress: localhost:61352}, networkConnectionEnabled: false, pageLoadStrategy: normal, platformName: windows, proxy: Proxy(), se:cdp: ws://localhost:61352/devtoo..., se:cdpVersion: 134.0.6998.89, setWindowRect: true, strictFileInteractability: false, timeouts: {implicit: 0, pageLoad: 300000, script: 30000}, unhandledPromptBehavior: dismiss and notify, webauthn:extension:credBlob: true, webauthn:extension:largeBlob: true, webauthn:extension:minPinLength: true, webauthn:extension:prf: true, webauthn:virtualAuthenticators: true}
Session ID: aaedb6599782e19a27edd39271d20f88
2025-03-13 14:48:36 [main] INFO  l.i.u.t.SubmittedApplicationsPageTest - Marking 'Taip' radio button 10
2025-03-13 14:48:46 [main] ERROR l.i.u.p.SubmittedApplicationsPage - Error selecting radio button: Expected condition failed: waiting for element to be clickable: By.xpath: (//input[@type='radio' and @value='true'])[18] (tried for 10 second(s) with 500 milliseconds interval)
Build info: version: '4.27.0', revision: 'd6e718d134'
System info: os.name: 'Windows 11', os.arch: 'amd64', os.version: '10.0', java.version: '21.0.3'
Driver info: org.openqa.selenium.chrome.ChromeDriver
Capabilities {acceptInsecureCerts: false, browserName: chrome, browserVersion: 134.0.6998.89, chrome: {chromedriverVersion: 134.0.6998.88 (7e3d5c978c6d..., userDataDir: C:\Users\INGRID~1.ZAD\AppDa...}, fedcm:accounts: true, goog:chromeOptions: {debuggerAddress: localhost:61352}, networkConnectionEnabled: false, pageLoadStrategy: normal, platformName: windows, proxy: Proxy(), se:cdp: ws://localhost:61352/devtoo..., se:cdpVersion: 134.0.6998.89, setWindowRect: true, strictFileInteractability: false, timeouts: {implicit: 0, pageLoad: 300000, script: 30000}, unhandledPromptBehavior: dismiss and notify, webauthn:extension:credBlob: true, webauthn:extension:largeBlob: true, webauthn:extension:minPinLength: true, webauthn:extension:prf: true, webauthn:virtualAuthenticators: true}
Session ID: aaedb6599782e19a27edd39271d20f88
2025-03-13 14:48:46 [main] INFO  l.i.u.t.SubmittedApplicationsPageTest - Marking 'Taip' radio button 11
2025-03-13 14:48:57 [main] ERROR l.i.u.p.SubmittedApplicationsPage - Error selecting radio button: Expected condition failed: waiting for element to be clickable: By.xpath: (//input[@type='radio' and @value='true'])[19] (tried for 10 second(s) with 500 milliseconds interval)
Build info: version: '4.27.0', revision: 'd6e718d134'
System info: os.name: 'Windows 11', os.arch: 'amd64', os.version: '10.0', java.version: '21.0.3'
Driver info: org.openqa.selenium.chrome.ChromeDriver
Capabilities {acceptInsecureCerts: false, browserName: chrome, browserVersion: 134.0.6998.89, chrome: {chromedriverVersion: 134.0.6998.88 (7e3d5c978c6d..., userDataDir: C:\Users\INGRID~1.ZAD\AppDa...}, fedcm:accounts: true, goog:chromeOptions: {debuggerAddress: localhost:61352}, networkConnectionEnabled: false, pageLoadStrategy: normal, platformName: windows, proxy: Proxy(), se:cdp: ws://localhost:61352/devtoo..., se:cdpVersion: 134.0.6998.89, setWindowRect: true, strictFileInteractability: false, timeouts: {implicit: 0, pageLoad: 300000, script: 30000}, unhandledPromptBehavior: dismiss and notify, webauthn:extension:credBlob: true, webauthn:extension:largeBlob: true, webauthn:extension:minPinLength: true, webauthn:extension:prf: true, webauthn:virtualAuthenticators: true}
Session ID: aaedb6599782e19a27edd39271d20f88
2025-03-13 14:48:57 [main] INFO  l.i.u.t.SubmittedApplicationsPageTest - Marking 'Taip' radio button 12
2025-03-13 14:49:07 [main] DEBUG l.i.u.t.SubmittedApplicationsPageTest - Checked 'ConfirmationStepFour'
2025-03-13 14:49:07 [main] DEBUG l.i.u.t.SubmittedApplicationsPageTest - Clicked 'Next' button after checkboxes.
2025-03-13 14:49:08 [main] INFO  l.i.u.p.SubmittedApplicationsPage - File uploaded successfully to an input element.
2025-03-13 14:49:08 [main] INFO  l.i.u.p.SubmittedApplicationsPage - File uploaded successfully to an input element.
2025-03-13 14:49:08 [main] INFO  l.i.u.p.SubmittedApplicationsPage - File uploaded successfully to an input element.
2025-03-13 14:49:08 [main] INFO  l.i.u.p.SubmittedApplicationsPage - File uploaded successfully to an input element.
2025-03-13 14:49:08 [main] INFO  l.i.u.p.SubmittedApplicationsPage - File uploaded successfully to an input element.
2025-03-13 14:49:08 [main] INFO  l.i.u.p.SubmittedApplicationsPage - File uploaded successfully to an input element.
2025-03-13 14:49:08 [main] INFO  l.i.u.p.SubmittedApplicationsPage - File uploaded successfully to an input element.
2025-03-13 14:49:08 [main] INFO  l.i.u.p.SubmittedApplicationsPage - File uploaded successfully to an input element.
2025-03-13 14:49:08 [main] INFO  l.i.u.p.SubmittedApplicationsPage - File uploaded successfully to an input element.
2025-03-13 14:49:08 [main] INFO  l.i.u.p.SubmittedApplicationsPage - File uploaded successfully to an input element.
2025-03-13 14:49:08 [main] DEBUG l.i.u.t.SubmittedApplicationsPageTest - Entered program name: 'Dokumentas 1'.
2025-03-13 14:49:08 [main] DEBUG l.i.u.t.SubmittedApplicationsPageTest - Entered program name: 'Dokumentas 2'.
2025-03-13 14:49:09 [main] DEBUG l.i.u.t.SubmittedApplicationsPageTest - Entered program name: 'Dokumentas 3'.
2025-03-13 14:49:09 [main] DEBUG l.i.u.t.SubmittedApplicationsPageTest - Entered program name: 'Dokumentas 4'.
2025-03-13 14:49:09 [main] DEBUG l.i.u.t.SubmittedApplicationsPageTest - Entered program name: 'Dokumentas 5'.
2025-03-13 14:49:09 [main] DEBUG l.i.u.t.SubmittedApplicationsPageTest - Entered program name: 'Dokumentas 6'.
2025-03-13 14:49:09 [main] DEBUG l.i.u.t.SubmittedApplicationsPageTest - Entered program name: 'Dokumentas 4'.
2025-03-13 14:49:09 [main] DEBUG l.i.u.t.SubmittedApplicationsPageTest - Entered program name: 'Dokumentas 8'.
2025-03-13 14:49:09 [main] DEBUG l.i.u.t.SubmittedApplicationsPageTest - Entered program name: 'Dokumentas 9'.
2025-03-13 14:49:10 [main] DEBUG l.i.u.t.SubmittedApplicationsPageTest - Entered program name: 'Dokumentas 10'.
2025-03-13 14:49:20 [main] DEBUG l.i.u.t.SubmittedApplicationsPageTest - Checked 'ConfirmationDocument'
2025-03-13 14:49:30 [main] DEBUG l.i.u.t.SubmittedApplicationsPageTest - Checked 'ConfirmationApplication'
2025-03-13 14:49:31 [main] DEBUG l.i.u.t.SubmittedApplicationsPageTest - Clicked 'SaveDraft' button after checkboxes.
2025-03-13 14:49:31 [main] DEBUG l.i.uztis.pages.ApplicationFormsPage - Verified success message: 'Ruošinys sėkmingai išsaugotas.'
2025-03-13 14:49:31 [main] INFO  l.i.u.t.SubmittedApplicationsPageTest - Verified success message
2025-03-13 14:49:31 [main] DEBUG l.i.u.t.SubmittedApplicationsPageTest - Clicked 'Review' button after checkboxes.
2025-03-13 14:49:31 [main] DEBUG l.i.u.t.SubmittedApplicationsPageTest - Clicked 'Submit' button after checkboxes.
2025-03-13 14:49:31 [main] DEBUG l.i.u.t.SubmittedApplicationsPageTest - Clicked 'SubmitConfirmation' button after checkboxes.
2025-03-13 14:49:31 [main] ERROR l.i.uztis.pages.ApplicationFormsPage - Failed to verify the success message: 'Paraiška sėkmingai pateikta ir užregistruota.'. Available messages: [Ruošinys sėkmingai išsaugotas.]
2025-03-13 14:49:31 [main] INFO  l.i.u.t.SubmittedApplicationsPageTest - Test 'testFillNewVUIApplicationFA' completed successfully.
2025-03-13 14:50:22 [main] INFO  lt.insoft.uztis.tests.UztisPageTest - Navigated to https://uztisdev.asseco.lt/home
2025-03-13 14:50:22 [main] INFO  l.i.u.t.SubmittedApplicationsPageTest - Starting test:'testAddEvaluators'
2025-03-13 14:50:23 [main] DEBUG l.i.u.t.SubmittedApplicationsPageTest - User logged in with test credentials.
2025-03-13 14:50:23 [main] DEBUG l.i.u.t.SubmittedApplicationsPageTest - Opened 'Application Processing' menu.
2025-03-13 14:50:23 [main] DEBUG l.i.u.t.SubmittedApplicationsPageTest - Clicked on 'Application Forms' menu.
2025-03-13 14:50:24 [main] DEBUG l.i.u.t.SubmittedApplicationsPageTest - Retrieved last description code text: 'TST-VUI-39'.
2025-03-13 14:50:24 [main] DEBUG l.i.u.t.SubmittedApplicationsPageTest - Clicked on 'Invitation' menu.
2025-03-13 14:50:25 [main] DEBUG l.i.u.t.SubmittedApplicationsPageTest - Selected application section by code: 'TST-VUI-39'.
2025-03-13 14:50:25 [main] DEBUG l.i.u.t.SubmittedApplicationsPageTest - Clicked 'Search' button.
2025-03-13 14:50:25 [main] DEBUG l.i.u.t.SubmittedApplicationsPageTest - Retrieved invitation code: ''.
2025-03-13 14:50:25 [main] DEBUG l.i.u.t.SubmittedApplicationsPageTest - Clicked on 'Submitted Applications' menu.
2025-03-13 14:50:26 [main] DEBUG l.i.u.t.SubmittedApplicationsPageTest - Selected invitation by code: 'TST-VUI-39'.
2025-03-13 14:50:26 [main] DEBUG l.i.u.t.SubmittedApplicationsPageTest - Invitation code inserted.
2025-03-13 14:50:27 [main] DEBUG l.i.u.t.SubmittedApplicationsPageTest - Clicked on 'Action Application' button.
2025-03-13 14:50:27 [main] DEBUG l.i.u.t.SubmittedApplicationsPageTest - Clicked on 'Add Evaluators' button.
2025-03-13 14:50:27 [main] DEBUG l.i.u.t.SubmittedApplicationsPageTest - Entered first evaluation date.
2025-03-13 14:50:27 [main] DEBUG l.i.u.t.SubmittedApplicationsPageTest - Entered second evaluation date.
2025-03-13 14:50:27 [main] DEBUG l.i.u.t.SubmittedApplicationsPageTest - Entered third evaluation date.
2025-03-13 14:50:27 [main] DEBUG l.i.u.t.SubmittedApplicationsPageTest - Clicked on 'Add Evaluators' confirmation button.
2025-03-13 14:50:28 [main] DEBUG l.i.uztis.pages.ApplicationFormsPage - Verified success message: 'Paraiškų vertinimai sėkmingai priskirti vertintojams.'
2025-03-13 14:50:28 [main] INFO  l.i.u.t.SubmittedApplicationsPageTest - Verified success message
2025-03-13 14:50:28 [main] INFO  l.i.u.t.SubmittedApplicationsPageTest - Test 'testAddEvaluators' completed successfully.
2025-03-13 14:50:48 [main] INFO  lt.insoft.uztis.tests.UztisPageTest - Navigated to https://uztisdev.asseco.lt/home
2025-03-13 14:50:48 [main] INFO  l.i.uztis.tests.EvaluationsPageTest - Starting test:'testFillSaveDraftEvaluationOne'
2025-03-13 14:50:48 [main] INFO  l.i.uztis.tests.EvaluationsPageTest - Starting test:'testNavigateToEvaluationsPage'
2025-03-13 14:50:48 [main] DEBUG l.i.uztis.tests.EvaluationsPageTest - User logged in with test credentials
2025-03-13 14:50:49 [main] DEBUG l.i.uztis.tests.EvaluationsPageTest - Opened 'Application Processing' menu.
2025-03-13 14:50:49 [main] DEBUG l.i.uztis.tests.EvaluationsPageTest - Clicked on 'Evaluations' menu.
2025-03-13 14:50:49 [main] DEBUG l.i.uztis.tests.EvaluationsPageTest - Navigating to evaluations menu.
2025-03-13 14:50:49 [main] INFO  l.i.uztis.tests.EvaluationsPageTest - Test 'testNavigateToEvaluationsPage' completed successfully.
2025-03-13 14:50:49 [main] DEBUG l.i.uztis.tests.EvaluationsPageTest - Clicked on last evaluation.
2025-03-13 14:50:50 [main] DEBUG l.i.uztis.tests.EvaluationsPageTest - Clicked 'Edit'.
2025-03-13 14:50:53 [main] DEBUG l.i.uztis.tests.EvaluationsPageTest - Selected '1.1' radio button.
2025-03-13 14:50:56 [main] DEBUG l.i.uztis.tests.EvaluationsPageTest - Selected '1.2' radio button.
2025-03-13 14:50:58 [main] DEBUG l.i.uztis.tests.EvaluationsPageTest - Selected '1.3' radio button.
2025-03-13 14:51:00 [main] DEBUG l.i.uztis.tests.EvaluationsPageTest - Selected '1.4' radio button.
2025-03-13 14:51:01 [main] DEBUG l.i.uztis.tests.EvaluationsPageTest - Selected '1.5' radio button.
2025-03-13 14:51:02 [main] DEBUG l.i.uztis.tests.EvaluationsPageTest - Selected '2.1' radio button.
2025-03-13 14:51:03 [main] DEBUG l.i.uztis.tests.EvaluationsPageTest - Selected '3.1' radio button.
2025-03-13 14:51:04 [main] DEBUG l.i.uztis.tests.EvaluationsPageTest - Selected '4.2' radio button.
2025-03-13 14:51:05 [main] DEBUG l.i.uztis.tests.EvaluationsPageTest - Selected '5.1' radio button.
2025-03-13 14:51:06 [main] DEBUG l.i.uztis.tests.EvaluationsPageTest - Selected '5.2' radio button.
2025-03-13 14:51:07 [main] DEBUG l.i.uztis.tests.EvaluationsPageTest - Selected '6.1' radio button.
2025-03-13 14:51:07 [main] DEBUG l.i.uztis.tests.EvaluationsPageTest - Selected '6.2' radio button.
2025-03-13 14:51:08 [main] DEBUG l.i.uztis.tests.EvaluationsPageTest - Clicked on expansion panel 'Not Critical'.
2025-03-13 14:51:11 [main] DEBUG l.i.uztis.tests.EvaluationsPageTest - Selected '7' radio button.
2025-03-13 14:51:11 [main] DEBUG l.i.uztis.tests.EvaluationsPageTest - Selected '8_1' radio button.
2025-03-13 14:51:11 [main] DEBUG l.i.uztis.tests.EvaluationsPageTest - Selected '8_2' radio button.
2025-03-13 14:51:12 [main] DEBUG l.i.uztis.tests.EvaluationsPageTest - Selected '8_3' radio button.
2025-03-13 14:51:12 [main] DEBUG l.i.uztis.tests.EvaluationsPageTest - Selected '8_4' radio button.
2025-03-13 14:51:12 [main] DEBUG l.i.uztis.tests.EvaluationsPageTest - Selected '8_5' radio button.
2025-03-13 14:51:13 [main] DEBUG l.i.uztis.tests.EvaluationsPageTest - Selected '8_6' radio button.
2025-03-13 14:51:13 [main] DEBUG l.i.uztis.tests.EvaluationsPageTest - Selected '8_7' radio button.
2025-03-13 14:51:13 [main] DEBUG l.i.uztis.tests.EvaluationsPageTest - Selected '8_8' radio button.
2025-03-13 14:51:14 [main] DEBUG l.i.uztis.tests.EvaluationsPageTest - Selected '8_9' radio button.
2025-03-13 14:51:14 [main] DEBUG l.i.uztis.tests.EvaluationsPageTest - Selected '8_10' radio button.
2025-03-13 14:51:15 [main] DEBUG l.i.uztis.tests.EvaluationsPageTest - Selected '9' radio button.
2025-03-13 14:51:15 [main] DEBUG l.i.uztis.tests.EvaluationsPageTest - Selected '10.1' radio button.
2025-03-13 14:51:15 [main] DEBUG l.i.uztis.tests.EvaluationsPageTest - Selected '10.2' radio button.
2025-03-13 14:51:16 [main] DEBUG l.i.uztis.tests.EvaluationsPageTest - Selected '10.3' radio button.
2025-03-13 14:51:16 [main] DEBUG l.i.uztis.tests.EvaluationsPageTest - Entered  explanation: 'Balas pakoreduotas ranka'.
2025-03-13 14:51:16 [main] DEBUG l.i.uztis.tests.EvaluationsPageTest - Clicked 'Save Draft'.
2025-03-13 14:51:16 [main] ERROR l.i.uztis.tests.EvaluationsPageTest - Test 'testFillSaveDraftEvaluationOne' failed with error: stale element reference: stale element not found in the current frame
  (Session info: chrome=134.0.6998.89)
For documentation on this error, please visit: https://www.selenium.dev/documentation/webdriver/troubleshooting/errors#stale-element-reference-exception
Build info: version: '4.27.0', revision: 'd6e718d134'
System info: os.name: 'Windows 11', os.arch: 'amd64', os.version: '10.0', java.version: '21.0.3'
Driver info: org.openqa.selenium.chrome.ChromeDriver
Command: [03e42ac7f76921936d5299749dc13beb, getElementText {id=f.F8429DEC94558283D725C128FADB72C5.d.54A46F247EFF390F92FA796C037CBE74.e.353}]
Capabilities {acceptInsecureCerts: false, browserName: chrome, browserVersion: 134.0.6998.89, chrome: {chromedriverVersion: 134.0.6998.88 (7e3d5c978c6d..., userDataDir: C:\Users\INGRID~1.ZAD\AppDa...}, fedcm:accounts: true, goog:chromeOptions: {debuggerAddress: localhost:61581}, networkConnectionEnabled: false, pageLoadStrategy: normal, platformName: windows, proxy: Proxy(), se:cdp: ws://localhost:61581/devtoo..., se:cdpVersion: 134.0.6998.89, setWindowRect: true, strictFileInteractability: false, timeouts: {implicit: 0, pageLoad: 300000, script: 30000}, unhandledPromptBehavior: dismiss and notify, webauthn:extension:credBlob: true, webauthn:extension:largeBlob: true, webauthn:extension:minPinLength: true, webauthn:extension:prf: true, webauthn:virtualAuthenticators: true}
Element: [[ChromeDriver: chrome on windows (03e42ac7f76921936d5299749dc13beb)] -> css selector: [class='w-100']]
Session ID: 03e42ac7f76921936d5299749dc13beb
org.openqa.selenium.StaleElementReferenceException: stale element reference: stale element not found in the current frame
  (Session info: chrome=134.0.6998.89)
For documentation on this error, please visit: https://www.selenium.dev/documentation/webdriver/troubleshooting/errors#stale-element-reference-exception
Build info: version: '4.27.0', revision: 'd6e718d134'
System info: os.name: 'Windows 11', os.arch: 'amd64', os.version: '10.0', java.version: '21.0.3'
Driver info: org.openqa.selenium.chrome.ChromeDriver
Command: [03e42ac7f76921936d5299749dc13beb, getElementText {id=f.F8429DEC94558283D725C128FADB72C5.d.54A46F247EFF390F92FA796C037CBE74.e.353}]
Capabilities {acceptInsecureCerts: false, browserName: chrome, browserVersion: 134.0.6998.89, chrome: {chromedriverVersion: 134.0.6998.88 (7e3d5c978c6d..., userDataDir: C:\Users\INGRID~1.ZAD\AppDa...}, fedcm:accounts: true, goog:chromeOptions: {debuggerAddress: localhost:61581}, networkConnectionEnabled: false, pageLoadStrategy: normal, platformName: windows, proxy: Proxy(), se:cdp: ws://localhost:61581/devtoo..., se:cdpVersion: 134.0.6998.89, setWindowRect: true, strictFileInteractability: false, timeouts: {implicit: 0, pageLoad: 300000, script: 30000}, unhandledPromptBehavior: dismiss and notify, webauthn:extension:credBlob: true, webauthn:extension:largeBlob: true, webauthn:extension:minPinLength: true, webauthn:extension:prf: true, webauthn:virtualAuthenticators: true}
Element: [[ChromeDriver: chrome on windows (03e42ac7f76921936d5299749dc13beb)] -> css selector: [class='w-100']]
Session ID: 03e42ac7f76921936d5299749dc13beb
	at java.base/jdk.internal.reflect.DirectConstructorHandleAccessor.newInstance(DirectConstructorHandleAccessor.java:62)
	at java.base/java.lang.reflect.Constructor.newInstanceWithCaller(Constructor.java:502)
	at java.base/java.lang.reflect.Constructor.newInstance(Constructor.java:486)
	at org.openqa.selenium.remote.ErrorCodec.decode(ErrorCodec.java:167)
	at org.openqa.selenium.remote.codec.w3c.W3CHttpResponseCodec.decode(W3CHttpResponseCodec.java:138)
	at org.openqa.selenium.remote.codec.w3c.W3CHttpResponseCodec.decode(W3CHttpResponseCodec.java:50)
	at org.openqa.selenium.remote.HttpCommandExecutor.execute(HttpCommandExecutor.java:190)
	at org.openqa.selenium.remote.service.DriverCommandExecutor.invokeExecute(DriverCommandExecutor.java:216)
	at org.openqa.selenium.remote.service.DriverCommandExecutor.execute(DriverCommandExecutor.java:174)
	at org.openqa.selenium.remote.RemoteWebDriver.execute(RemoteWebDriver.java:545)
	at org.openqa.selenium.remote.RemoteWebElement.execute(RemoteWebElement.java:223)
	at org.openqa.selenium.remote.RemoteWebElement.getText(RemoteWebElement.java:191)
	at java.base/java.util.stream.ReferencePipeline$3$1.accept(ReferencePipeline.java:197)
	at java.base/java.util.ArrayList$ArrayListSpliterator.forEachRemaining(ArrayList.java:1708)
	at java.base/java.util.stream.AbstractPipeline.copyInto(AbstractPipeline.java:509)
	at java.base/java.util.stream.AbstractPipeline.wrapAndCopyInto(AbstractPipeline.java:499)
	at java.base/java.util.stream.ReduceOps$ReduceOp.evaluateSequential(ReduceOps.java:921)
	at java.base/java.util.stream.AbstractPipeline.evaluate(AbstractPipeline.java:234)
	at java.base/java.util.stream.ReferencePipeline.collect(ReferencePipeline.java:682)
	at lt.insoft.uztis.pages.ApplicationFormsPage.getAllMessagesText(ApplicationFormsPage.java:135)
	at lt.insoft.uztis.pages.ApplicationFormsPage.verifySuccessMessage(ApplicationFormsPage.java:139)
	at lt.insoft.uztis.tests.EvaluationsPageTest.testFillSaveDraftEvaluationOne(EvaluationsPageTest.java:169)
	at java.base/jdk.internal.reflect.DirectMethodHandleAccessor.invoke(DirectMethodHandleAccessor.java:103)
	at java.base/java.lang.reflect.Method.invoke(Method.java:580)
	at org.junit.platform.commons.util.ReflectionUtils.invokeMethod(ReflectionUtils.java:728)
	at org.junit.jupiter.engine.execution.MethodInvocation.proceed(MethodInvocation.java:60)
	at org.junit.jupiter.engine.execution.InvocationInterceptorChain$ValidatingInvocation.proceed(InvocationInterceptorChain.java:131)
	at org.junit.jupiter.engine.extension.TimeoutExtension.intercept(TimeoutExtension.java:156)
	at org.junit.jupiter.engine.extension.TimeoutExtension.interceptTestableMethod(TimeoutExtension.java:147)
	at org.junit.jupiter.engine.extension.TimeoutExtension.interceptTestMethod(TimeoutExtension.java:86)
	at org.junit.jupiter.engine.execution.InterceptingExecutableInvoker$ReflectiveInterceptorCall.lambda$ofVoidMethod$0(InterceptingExecutableInvoker.java:103)
	at org.junit.jupiter.engine.execution.InterceptingExecutableInvoker.lambda$invoke$0(InterceptingExecutableInvoker.java:93)
	at org.junit.jupiter.engine.execution.InvocationInterceptorChain$InterceptedInvocation.proceed(InvocationInterceptorChain.java:106)
	at org.junit.jupiter.engine.execution.InvocationInterceptorChain.proceed(InvocationInterceptorChain.java:64)
	at org.junit.jupiter.engine.execution.InvocationInterceptorChain.chainAndInvoke(InvocationInterceptorChain.java:45)
	at org.junit.jupiter.engine.execution.InvocationInterceptorChain.invoke(InvocationInterceptorChain.java:37)
	at org.junit.jupiter.engine.execution.InterceptingExecutableInvoker.invoke(InterceptingExecutableInvoker.java:92)
	at org.junit.jupiter.engine.execution.InterceptingExecutableInvoker.invoke(InterceptingExecutableInvoker.java:86)
	at org.junit.jupiter.engine.descriptor.TestMethodTestDescriptor.lambda$invokeTestMethod$7(TestMethodTestDescriptor.java:218)
	at org.junit.platform.engine.support.hierarchical.ThrowableCollector.execute(ThrowableCollector.java:73)
	at org.junit.jupiter.engine.descriptor.TestMethodTestDescriptor.invokeTestMethod(TestMethodTestDescriptor.java:214)
	at org.junit.jupiter.engine.descriptor.TestMethodTestDescriptor.execute(TestMethodTestDescriptor.java:139)
	at org.junit.jupiter.engine.descriptor.TestMethodTestDescriptor.execute(TestMethodTestDescriptor.java:69)
	at org.junit.platform.engine.support.hierarchical.NodeTestTask.lambda$executeRecursively$6(NodeTestTask.java:151)
	at org.junit.platform.engine.support.hierarchical.ThrowableCollector.execute(ThrowableCollector.java:73)
	at org.junit.platform.engine.support.hierarchical.NodeTestTask.lambda$executeRecursively$8(NodeTestTask.java:141)
	at org.junit.platform.engine.support.hierarchical.Node.around(Node.java:137)
	at org.junit.platform.engine.support.hierarchical.NodeTestTask.lambda$executeRecursively$9(NodeTestTask.java:139)
	at org.junit.platform.engine.support.hierarchical.ThrowableCollector.execute(ThrowableCollector.java:73)
	at org.junit.platform.engine.support.hierarchical.NodeTestTask.executeRecursively(NodeTestTask.java:138)
	at org.junit.platform.engine.support.hierarchical.NodeTestTask.execute(NodeTestTask.java:95)
	at java.base/java.util.ArrayList.forEach(ArrayList.java:1596)
	at org.junit.platform.engine.support.hierarchical.SameThreadHierarchicalTestExecutorService.invokeAll(SameThreadHierarchicalTestExecutorService.java:41)
	at org.junit.platform.engine.support.hierarchical.NodeTestTask.lambda$executeRecursively$6(NodeTestTask.java:155)
	at org.junit.platform.engine.support.hierarchical.ThrowableCollector.execute(ThrowableCollector.java:73)
	at org.junit.platform.engine.support.hierarchical.NodeTestTask.lambda$executeRecursively$8(NodeTestTask.java:141)
	at org.junit.platform.engine.support.hierarchical.Node.around(Node.java:137)
	at org.junit.platform.engine.support.hierarchical.NodeTestTask.lambda$executeRecursively$9(NodeTestTask.java:139)
	at org.junit.platform.engine.support.hierarchical.ThrowableCollector.execute(ThrowableCollector.java:73)
	at org.junit.platform.engine.support.hierarchical.NodeTestTask.executeRecursively(NodeTestTask.java:138)
	at org.junit.platform.engine.support.hierarchical.NodeTestTask.execute(NodeTestTask.java:95)
	at java.base/java.util.ArrayList.forEach(ArrayList.java:1596)
	at org.junit.platform.engine.support.hierarchical.SameThreadHierarchicalTestExecutorService.invokeAll(SameThreadHierarchicalTestExecutorService.java:41)
	at org.junit.platform.engine.support.hierarchical.NodeTestTask.lambda$executeRecursively$6(NodeTestTask.java:155)
	at org.junit.platform.engine.support.hierarchical.ThrowableCollector.execute(ThrowableCollector.java:73)
	at org.junit.platform.engine.support.hierarchical.NodeTestTask.lambda$executeRecursively$8(NodeTestTask.java:141)
	at org.junit.platform.engine.support.hierarchical.Node.around(Node.java:137)
	at org.junit.platform.engine.support.hierarchical.NodeTestTask.lambda$executeRecursively$9(NodeTestTask.java:139)
	at org.junit.platform.engine.support.hierarchical.ThrowableCollector.execute(ThrowableCollector.java:73)
	at org.junit.platform.engine.support.hierarchical.NodeTestTask.executeRecursively(NodeTestTask.java:138)
	at org.junit.platform.engine.support.hierarchical.NodeTestTask.execute(NodeTestTask.java:95)
	at org.junit.platform.engine.support.hierarchical.SameThreadHierarchicalTestExecutorService.submit(SameThreadHierarchicalTestExecutorService.java:35)
	at org.junit.platform.engine.support.hierarchical.HierarchicalTestExecutor.execute(HierarchicalTestExecutor.java:57)
	at org.junit.platform.engine.support.hierarchical.HierarchicalTestEngine.execute(HierarchicalTestEngine.java:54)
	at org.junit.platform.launcher.core.EngineExecutionOrchestrator.execute(EngineExecutionOrchestrator.java:198)
	at org.junit.platform.launcher.core.EngineExecutionOrchestrator.execute(EngineExecutionOrchestrator.java:169)
	at org.junit.platform.launcher.core.EngineExecutionOrchestrator.execute(EngineExecutionOrchestrator.java:93)
	at org.junit.platform.launcher.core.EngineExecutionOrchestrator.lambda$execute$0(EngineExecutionOrchestrator.java:58)
	at org.junit.platform.launcher.core.EngineExecutionOrchestrator.withInterceptedStreams(EngineExecutionOrchestrator.java:141)
	at org.junit.platform.launcher.core.EngineExecutionOrchestrator.execute(EngineExecutionOrchestrator.java:57)
	at org.junit.platform.launcher.core.DefaultLauncher.execute(DefaultLauncher.java:103)
	at org.junit.platform.launcher.core.DefaultLauncher.execute(DefaultLauncher.java:85)
	at org.junit.platform.launcher.core.DelegatingLauncher.execute(DelegatingLauncher.java:47)
	at org.junit.platform.launcher.core.SessionPerRequestLauncher.execute(SessionPerRequestLauncher.java:63)
	at com.intellij.junit5.JUnit5IdeaTestRunner.startRunnerWithArgs(JUnit5IdeaTestRunner.java:57)
	at com.intellij.rt.junit.IdeaTestRunner$Repeater$1.execute(IdeaTestRunner.java:38)
	at com.intellij.rt.execution.junit.TestsRepeater.repeat(TestsRepeater.java:11)
	at com.intellij.rt.junit.IdeaTestRunner$Repeater.startRunnerWithArgs(IdeaTestRunner.java:35)
	at com.intellij.rt.junit.JUnitStarter.prepareStreamsAndStart(JUnitStarter.java:232)
	at com.intellij.rt.junit.JUnitStarter.main(JUnitStarter.java:55)
2025-03-13 14:51:17 [main] INFO  l.insoft.uztis.tests.utils.TestUtils - Screenshot moved to C:\Users\ingrida.zadorozniene\Desktop\Asm\UZTIS\UZTIS_tests\test-output\screenshots\20250313\145117098_testFillSaveDraftEvaluationOne().png
2025-03-13 14:51:31 [main] INFO  lt.insoft.uztis.tests.UztisPageTest - Navigated to https://uztisdev.asseco.lt/home
2025-03-13 14:51:31 [main] INFO  l.i.uztis.tests.EvaluationsPageTest - Starting test:'testConfirmEvaluationOne'
2025-03-13 14:51:31 [main] INFO  l.i.uztis.tests.EvaluationsPageTest - Starting test:'testNavigateToEvaluationsPage'
2025-03-13 14:51:32 [main] DEBUG l.i.uztis.tests.EvaluationsPageTest - User logged in with test credentials
2025-03-13 14:51:32 [main] DEBUG l.i.uztis.tests.EvaluationsPageTest - Opened 'Application Processing' menu.
2025-03-13 14:51:32 [main] DEBUG l.i.uztis.tests.EvaluationsPageTest - Clicked on 'Evaluations' menu.
2025-03-13 14:51:32 [main] DEBUG l.i.uztis.tests.EvaluationsPageTest - Navigating to evaluations menu.
2025-03-13 14:51:32 [main] INFO  l.i.uztis.tests.EvaluationsPageTest - Test 'testNavigateToEvaluationsPage' completed successfully.
2025-03-13 14:51:33 [main] DEBUG l.i.uztis.tests.EvaluationsPageTest - Clicked on last evaluation.
2025-03-13 14:51:33 [main] DEBUG l.i.uztis.tests.EvaluationsPageTest - Clicked 'Edit'.
2025-03-13 14:51:36 [main] DEBUG l.i.uztis.tests.EvaluationsPageTest - Clicked 'Confirm'.
2025-03-13 14:51:38 [main] DEBUG l.i.uztis.tests.EvaluationsPageTest - Clicked 'Confirm Confirmation'.
2025-03-13 14:51:39 [main] DEBUG l.i.uztis.tests.EvaluationsPageTest - Fetched label text: Įvertinta
2025-03-13 14:51:39 [main] INFO  l.i.uztis.tests.EvaluationsPageTest - Verified that the label text matches the expected value.
2025-03-13 14:51:39 [main] INFO  l.i.uztis.tests.EvaluationsPageTest - Test 'testConfirmEvaluationOne' completed successfully.
2025-03-13 14:51:50 [main] INFO  lt.insoft.uztis.tests.UztisPageTest - Navigated to https://uztisdev.asseco.lt/home
2025-03-13 14:51:50 [main] INFO  l.i.uztis.tests.EvaluationsPageTest - Starting test:'testFillSaveDraftEvaluationTwo'
2025-03-13 14:51:50 [main] INFO  l.i.uztis.tests.EvaluationsPageTest - Starting test:'testNavigateToEvaluationsPage'
2025-03-13 14:51:51 [main] DEBUG l.i.uztis.tests.EvaluationsPageTest - User logged in with test credentials
2025-03-13 14:51:51 [main] DEBUG l.i.uztis.tests.EvaluationsPageTest - Opened 'Application Processing' menu.
2025-03-13 14:51:51 [main] DEBUG l.i.uztis.tests.EvaluationsPageTest - Clicked on 'Evaluations' menu.
2025-03-13 14:51:51 [main] DEBUG l.i.uztis.tests.EvaluationsPageTest - Navigating to evaluations menu.
2025-03-13 14:51:51 [main] INFO  l.i.uztis.tests.EvaluationsPageTest - Test 'testNavigateToEvaluationsPage' completed successfully.
2025-03-13 14:51:52 [main] DEBUG l.i.uztis.tests.EvaluationsPageTest - Clicked on last evaluation.
2025-03-13 14:51:53 [main] DEBUG l.i.uztis.tests.EvaluationsPageTest - Clicked 'Edit'.
2025-03-13 14:51:53 [main] DEBUG l.i.uztis.tests.EvaluationsPageTest - Entered commission date.
2025-03-13 14:51:53 [main] DEBUG l.i.uztis.tests.EvaluationsPageTest - Selected 'Without Commission' radio button.
2025-03-13 14:51:54 [main] DEBUG l.i.uztis.tests.EvaluationsPageTest - Entered chairman name: 'Pirmininkas Pirmininkauskas'.
2025-03-13 14:51:54 [main] DEBUG l.i.uztis.tests.EvaluationsPageTest - Entered member name: 'Narys Narauskas'.
2025-03-13 14:51:54 [main] DEBUG l.i.uztis.tests.EvaluationsPageTest - Clicked 'Continue'.
2025-03-13 14:51:54 [main] DEBUG l.i.uztis.tests.EvaluationsPageTest - Entered score edition: '9'.
2025-03-13 14:51:54 [main] DEBUG l.i.uztis.tests.EvaluationsPageTest - Entered chairman score: '10'.
2025-03-13 14:51:54 [main] DEBUG l.i.uztis.tests.EvaluationsPageTest - Entered member score: '11'.
2025-03-13 14:51:55 [main] DEBUG l.i.uztis.tests.EvaluationsPageTest - Entered conclusion: 'Išvada - palanki'.
2025-03-13 14:51:55 [main] DEBUG l.i.uztis.tests.EvaluationsPageTest - Entered  explanation: 'Balas pakoreduotas ranka'.
2025-03-13 14:51:55 [main] DEBUG l.i.uztis.tests.EvaluationsPageTest - Clicked 'Save Draft'.
2025-03-13 14:51:55 [main] DEBUG l.i.uztis.pages.ApplicationFormsPage - Verified success message: 'Duomenys sėkmingai išsaugoti.'
2025-03-13 14:51:55 [main] INFO  l.i.uztis.tests.EvaluationsPageTest - Verified success message
2025-03-13 14:51:55 [main] INFO  l.i.uztis.tests.EvaluationsPageTest - Test 'testFillSaveDraftEvaluationTwo' completed successfully.
2025-03-13 14:52:11 [main] INFO  lt.insoft.uztis.tests.UztisPageTest - Navigated to https://uztisdev.asseco.lt/home
2025-03-13 14:52:11 [main] INFO  l.i.uztis.tests.EvaluationsPageTest - Starting test:'testConfirmEvaluationTwo'
2025-03-13 14:52:11 [main] INFO  l.i.uztis.tests.EvaluationsPageTest - Starting test:'testNavigateToEvaluationsPage'
2025-03-13 14:52:12 [main] DEBUG l.i.uztis.tests.EvaluationsPageTest - User logged in with test credentials
2025-03-13 14:52:12 [main] DEBUG l.i.uztis.tests.EvaluationsPageTest - Opened 'Application Processing' menu.
2025-03-13 14:52:12 [main] DEBUG l.i.uztis.tests.EvaluationsPageTest - Clicked on 'Evaluations' menu.
2025-03-13 14:52:12 [main] DEBUG l.i.uztis.tests.EvaluationsPageTest - Navigating to evaluations menu.
2025-03-13 14:52:12 [main] INFO  l.i.uztis.tests.EvaluationsPageTest - Test 'testNavigateToEvaluationsPage' completed successfully.
2025-03-13 14:52:13 [main] DEBUG l.i.uztis.tests.EvaluationsPageTest - Clicked on last evaluation.
2025-03-13 14:52:13 [main] DEBUG l.i.uztis.tests.EvaluationsPageTest - Clicked 'Edit'.
2025-03-13 14:52:14 [main] DEBUG l.i.uztis.tests.EvaluationsPageTest - Clicked 'Continue'.
2025-03-13 14:52:14 [main] DEBUG l.i.uztis.tests.EvaluationsPageTest - Entered conclusion: 'Išvada - papildyta'.
2025-03-13 14:52:14 [main] DEBUG l.i.uztis.tests.EvaluationsPageTest - Entered  explanation: '; Išvada pakoreduota ranka'.
2025-03-13 14:52:14 [main] DEBUG l.i.uztis.tests.EvaluationsPageTest - Clicked 'Confirm'.
2025-03-13 14:52:15 [main] DEBUG l.i.uztis.tests.EvaluationsPageTest - Clicked 'Confirm Confirmation'.
2025-03-13 14:52:15 [main] DEBUG l.i.uztis.tests.EvaluationsPageTest - Fetched label text: Įvertinta
2025-03-13 14:52:15 [main] INFO  l.i.uztis.tests.EvaluationsPageTest - Verified that the label text matches the expected value.
2025-03-13 14:52:15 [main] INFO  l.i.uztis.tests.EvaluationsPageTest - Test 'testConfirmEvaluationTwo' completed successfully.
2025-03-13 14:52:27 [main] INFO  lt.insoft.uztis.tests.UztisPageTest - Navigated to https://uztisdev.asseco.lt/home
2025-03-13 14:52:27 [main] INFO  l.i.uztis.tests.EvaluationsPageTest - Starting test:'testFillSaveDraftEvaluationThree'
2025-03-13 14:52:27 [main] INFO  l.i.uztis.tests.EvaluationsPageTest - Starting test:'testNavigateToEvaluationsPage'
2025-03-13 14:52:27 [main] DEBUG l.i.uztis.tests.EvaluationsPageTest - User logged in with test credentials
2025-03-13 14:52:28 [main] DEBUG l.i.uztis.tests.EvaluationsPageTest - Opened 'Application Processing' menu.
2025-03-13 14:52:28 [main] DEBUG l.i.uztis.tests.EvaluationsPageTest - Clicked on 'Evaluations' menu.
2025-03-13 14:52:28 [main] DEBUG l.i.uztis.tests.EvaluationsPageTest - Navigating to evaluations menu.
2025-03-13 14:52:28 [main] INFO  l.i.uztis.tests.EvaluationsPageTest - Test 'testNavigateToEvaluationsPage' completed successfully.
2025-03-13 14:52:29 [main] DEBUG l.i.uztis.tests.EvaluationsPageTest - Clicked on last evaluation.
2025-03-13 14:52:29 [main] DEBUG l.i.uztis.tests.EvaluationsPageTest - Clicked 'Edit'.
2025-03-13 14:52:30 [main] DEBUG l.i.uztis.tests.EvaluationsPageTest - Entered commission date.
2025-03-13 14:52:30 [main] DEBUG l.i.uztis.tests.EvaluationsPageTest - Selected 'Without Commission' radio button.
2025-03-13 14:52:30 [main] DEBUG l.i.uztis.tests.EvaluationsPageTest - Entered chairman name: 'Pirmininkas Pirmininkauskas'.
2025-03-13 14:52:30 [main] DEBUG l.i.uztis.tests.EvaluationsPageTest - Entered member name: 'Narys Narauskas'.
2025-03-13 14:52:31 [main] DEBUG l.i.uztis.tests.EvaluationsPageTest - Clicked 'Continue'.
2025-03-13 14:52:31 [main] DEBUG l.i.uztis.tests.EvaluationsPageTest - Entered chairman score 1: '1'.
2025-03-13 14:52:31 [main] DEBUG l.i.uztis.tests.EvaluationsPageTest - Entered member score 1: '2'.
2025-03-13 14:52:31 [main] DEBUG l.i.uztis.tests.EvaluationsPageTest - Entered member conclusion 1: 'Išvada - palanki 1'.
2025-03-13 14:52:31 [main] DEBUG l.i.uztis.tests.EvaluationsPageTest - Entered chairman score 2: '3'.
2025-03-13 14:52:31 [main] DEBUG l.i.uztis.tests.EvaluationsPageTest - Entered member score 2: '4'.
2025-03-13 14:52:31 [main] DEBUG l.i.uztis.tests.EvaluationsPageTest - Entered member conclusion 2: 'Išvada - palanki 2'.
2025-03-13 14:52:31 [main] DEBUG l.i.uztis.tests.EvaluationsPageTest - Entered chairman score 3: '5'.
2025-03-13 14:52:32 [main] DEBUG l.i.uztis.tests.EvaluationsPageTest - Entered member score 3: '6'.
2025-03-13 14:52:32 [main] DEBUG l.i.uztis.tests.EvaluationsPageTest - Entered member conclusion 3: 'Išvada - palanki 3'.
2025-03-13 14:52:32 [main] DEBUG l.i.uztis.tests.EvaluationsPageTest - Entered chairman score 4: '7'.
2025-03-13 14:52:32 [main] DEBUG l.i.uztis.tests.EvaluationsPageTest - Entered member score 4: '8'.
2025-03-13 14:52:32 [main] DEBUG l.i.uztis.tests.EvaluationsPageTest - Entered member conclusion 4: 'Išvada - palanki 4'.
2025-03-13 14:52:32 [main] DEBUG l.i.uztis.tests.EvaluationsPageTest - Entered chairman score 5: '9'.
2025-03-13 14:52:32 [main] DEBUG l.i.uztis.tests.EvaluationsPageTest - Entered member score 5: '10'.
2025-03-13 14:52:33 [main] DEBUG l.i.uztis.tests.EvaluationsPageTest - Entered member conclusion 5: 'Išvada - palanki 5'.
2025-03-13 14:52:33 [main] DEBUG l.i.uztis.tests.EvaluationsPageTest - Clicked 'Save Draft'.
2025-03-13 14:52:33 [main] DEBUG l.i.uztis.pages.ApplicationFormsPage - Verified success message: 'Duomenys sėkmingai išsaugoti.'
2025-03-13 14:52:33 [main] INFO  l.i.uztis.tests.EvaluationsPageTest - Verified success message
2025-03-13 14:52:33 [main] INFO  l.i.uztis.tests.EvaluationsPageTest - Test 'testFillSaveDraftEvaluationThree' completed successfully.
2025-03-13 14:52:49 [main] INFO  lt.insoft.uztis.tests.UztisPageTest - Navigated to https://uztisdev.asseco.lt/home
2025-03-13 14:52:49 [main] INFO  l.i.uztis.tests.EvaluationsPageTest - Starting test:'testConfirmEvaluationThree'
2025-03-13 14:52:49 [main] INFO  l.i.uztis.tests.EvaluationsPageTest - Starting test:'testNavigateToEvaluationsPage'
2025-03-13 14:52:49 [main] DEBUG l.i.uztis.tests.EvaluationsPageTest - User logged in with test credentials
2025-03-13 14:52:50 [main] DEBUG l.i.uztis.tests.EvaluationsPageTest - Opened 'Application Processing' menu.
2025-03-13 14:52:50 [main] DEBUG l.i.uztis.tests.EvaluationsPageTest - Clicked on 'Evaluations' menu.
2025-03-13 14:52:50 [main] DEBUG l.i.uztis.tests.EvaluationsPageTest - Navigating to evaluations menu.
2025-03-13 14:52:50 [main] INFO  l.i.uztis.tests.EvaluationsPageTest - Test 'testNavigateToEvaluationsPage' completed successfully.
2025-03-13 14:52:50 [main] DEBUG l.i.uztis.tests.EvaluationsPageTest - Clicked on last evaluation.
2025-03-13 14:52:51 [main] DEBUG l.i.uztis.tests.EvaluationsPageTest - Clicked 'Edit'.
2025-03-13 14:52:52 [main] DEBUG l.i.uztis.tests.EvaluationsPageTest - Clicked 'Continue'.
2025-03-13 14:52:52 [main] DEBUG l.i.uztis.tests.EvaluationsPageTest - Clicked 'Confirm'.
2025-03-13 14:52:52 [main] DEBUG l.i.uztis.tests.EvaluationsPageTest - Clicked 'Confirm Confirmation'.
2025-03-13 14:52:52 [main] DEBUG l.i.uztis.tests.EvaluationsPageTest - Fetched label text: Įvertinta
2025-03-13 14:52:52 [main] INFO  l.i.uztis.tests.EvaluationsPageTest - Verified that the label text matches the expected value.
2025-03-13 14:52:52 [main] INFO  l.i.uztis.tests.EvaluationsPageTest - Test 'testConfirmEvaluationThree' completed successfully.
2025-03-13 14:53:05 [main] INFO  lt.insoft.uztis.tests.UztisPageTest - Navigated to https://uztisdev.asseco.lt/home
2025-03-13 14:53:05 [main] INFO  l.insoft.uztis.tests.FundingPageTest - Starting test:'testFundApplication'
2025-03-13 14:53:06 [main] DEBUG l.insoft.uztis.tests.FundingPageTest - User logged in with test credentials
2025-03-13 14:53:06 [main] DEBUG l.insoft.uztis.tests.FundingPageTest - Opened 'Application Processing' menu.
2025-03-13 14:53:06 [main] DEBUG l.insoft.uztis.tests.FundingPageTest - Clicked on 'Application Forms' menu.
2025-03-13 14:53:07 [main] DEBUG l.insoft.uztis.tests.FundingPageTest - Retrieved last description code text: 'TST-VUI-39'.
2025-03-13 14:53:07 [main] DEBUG l.insoft.uztis.tests.FundingPageTest - Clicked on 'Invitation' menu.
2025-03-13 14:53:08 [main] DEBUG l.insoft.uztis.tests.FundingPageTest - Selected application section by code: 'TST-VUI-39'.
2025-03-13 14:53:08 [main] DEBUG l.insoft.uztis.tests.FundingPageTest - Clicked 'Search' button.
2025-03-13 14:53:08 [main] DEBUG l.insoft.uztis.tests.FundingPageTest - Retrieved invitation code: ''.
2025-03-13 14:53:09 [main] DEBUG l.insoft.uztis.tests.FundingPageTest - Clicked on 'Funding Queue' menu.
2025-03-13 14:53:10 [main] DEBUG l.insoft.uztis.tests.FundingPageTest - Selected invitation by code: 'TST-VUI-39'.
2025-03-13 14:53:10 [main] DEBUG l.insoft.uztis.tests.FundingPageTest - Invitation code inserted.
2025-03-13 14:53:10 [main] DEBUG l.insoft.uztis.tests.FundingPageTest - Clicked 'Form'.
2025-03-13 14:53:10 [main] DEBUG l.insoft.uztis.tests.FundingPageTest - Clicked 'Finance'.
2025-03-13 14:53:10 [main] DEBUG l.insoft.uztis.tests.FundingPageTest - Entered order number 'VUI_1'.
2025-03-13 14:53:11 [main] DEBUG l.insoft.uztis.tests.FundingPageTest - Clicked 'Finance Confirmation'.
2025-03-13 14:53:11 [main] DEBUG l.i.uztis.pages.ApplicationFormsPage - Verified success message: 'Funkcija sėkmingai atlikta.'
2025-03-13 14:53:11 [main] INFO  l.insoft.uztis.tests.FundingPageTest - Verified success message
2025-03-13 14:53:11 [main] INFO  l.insoft.uztis.tests.FundingPageTest - Test 'testFundApplication' completed successfully.
2025-03-14 07:44:42 [main] INFO  lt.insoft.uztis.tests.UztisPageTest - Navigated to https://uztisdev.asseco.lt/home
2025-03-14 07:44:42 [main] INFO  l.i.u.tests.ApplicationFormsPageTest - Setup complete. ApplicationFormsPage initialized.
2025-03-14 07:44:42 [main] INFO  l.i.u.tests.ApplicationFormsPageTest - Starting test:'testCreateNewPvkApplication'
2025-03-14 07:44:42 [main] DEBUG l.i.u.tests.ApplicationFormsPageTest - User logged in with test credentials
2025-03-14 07:44:42 [main] DEBUG l.i.u.tests.ApplicationFormsPageTest - Opened 'Application Processing' menu.
2025-03-14 07:44:42 [main] DEBUG l.i.u.tests.ApplicationFormsPageTest - Clicked on 'Application Forms' menu.
2025-03-14 07:44:43 [main] DEBUG l.i.u.tests.ApplicationFormsPageTest - Clicked to create a new application form.
2025-03-14 07:44:43 [main] DEBUG l.i.u.tests.ApplicationFormsPageTest - Entered random application code: TST-PVK-74
2025-03-14 07:44:43 [main] DEBUG l.i.u.tests.ApplicationFormsPageTest - Selected 'Municipality' radio button.
2025-03-14 07:44:43 [main] INFO  l.i.uztis.pages.ApplicationFormsPage - Located the dropdown button.
2025-03-14 07:44:43 [main] INFO  l.i.uztis.pages.ApplicationFormsPage - Successfully selected the value: 'Kauno departamentas'
2025-03-14 07:44:54 [main] ERROR l.i.uztis.pages.ApplicationFormsPage - Failed to close the dropdown with aria-expanded = 'false'.
2025-03-14 07:44:54 [main] DEBUG l.i.u.tests.ApplicationFormsPageTest - Selected a value from the 'Municipality' dropdown: 'Kauno departamentas'
2025-03-14 07:44:54 [main] DEBUG l.i.u.tests.ApplicationFormsPageTest - Selected 'Budget by Municipality' option.
2025-03-14 07:44:54 [main] DEBUG l.i.u.tests.ApplicationFormsPageTest - Selected 'Financed By Queue' radio button.
2025-03-14 07:44:54 [main] DEBUG l.i.u.tests.ApplicationFormsPageTest - Clicked 'Add' button.
2025-03-14 07:44:54 [main] INFO  l.i.uztis.pages.ApplicationFormsPage - Located the dropdown button.
2025-03-14 07:44:55 [main] INFO  l.i.uztis.pages.ApplicationFormsPage - Successfully selected the value: 'PVK paraiškos vertinimo forma - I etapas'
2025-03-14 07:45:05 [main] ERROR l.i.uztis.pages.ApplicationFormsPage - Failed to close the dropdown with aria-expanded = 'false'.
2025-03-14 07:45:05 [main] DEBUG l.i.u.tests.ApplicationFormsPageTest - Selected a value from the 'EvaluationOne' dropdown: 'PVK paraiškos vertinimo forma - I etapas'
2025-03-14 07:45:05 [main] INFO  l.i.uztis.pages.ApplicationFormsPage - Located the dropdown button.
2025-03-14 07:45:06 [main] INFO  l.i.uztis.pages.ApplicationFormsPage - Successfully selected the value: 'PVK paraiškos vertinimo forma - II etapas'
2025-03-14 07:45:17 [main] ERROR l.i.uztis.pages.ApplicationFormsPage - Failed to close the dropdown with aria-expanded = 'false'.
2025-03-14 07:45:17 [main] DEBUG l.i.u.tests.ApplicationFormsPageTest - Selected a value from the 'EvaluationTwon' dropdown: 'PVK paraiškos vertinimo forma - II etapas'
2025-03-14 07:45:17 [main] INFO  l.i.uztis.pages.ApplicationFormsPage - Located the dropdown button.
2025-03-14 07:45:17 [main] INFO  l.i.uztis.pages.ApplicationFormsPage - Successfully selected the value: 'PVK paraiškos vertinimo forma - III etapas'
2025-03-14 07:45:27 [main] ERROR l.i.uztis.pages.ApplicationFormsPage - Failed to close the dropdown with aria-expanded = 'false'.
2025-03-14 07:45:27 [main] DEBUG l.i.u.tests.ApplicationFormsPageTest - Selected a value from the 'EvaluationThree' dropdown: 'PVK paraiškos vertinimo forma - III etapas'
2025-03-14 07:45:27 [main] DEBUG l.i.u.tests.ApplicationFormsPageTest - Clicked 'Plus' button.
2025-03-14 07:45:28 [main] DEBUG l.i.u.tests.ApplicationFormsPageTest - Clicked 'Add' button seven times.
2025-03-14 07:45:28 [main] INFO  l.i.uztis.pages.ApplicationFormsPage - Processing dropdown index: 0
2025-03-14 07:45:38 [main] ERROR l.i.uztis.pages.ApplicationFormsPage - Timeout while waiting for dropdown to close at index: 0 with aria-expanded = 'false'
2025-03-14 07:45:38 [main] INFO  l.i.uztis.pages.ApplicationFormsPage - Processing dropdown index: 1
2025-03-14 07:45:50 [main] ERROR l.i.uztis.pages.ApplicationFormsPage - Timeout while waiting for dropdown to close at index: 1 with aria-expanded = 'false'
2025-03-14 07:45:50 [main] INFO  l.i.uztis.pages.ApplicationFormsPage - Processing dropdown index: 2
2025-03-14 07:46:01 [main] ERROR l.i.uztis.pages.ApplicationFormsPage - Timeout while waiting for dropdown to close at index: 2 with aria-expanded = 'false'
2025-03-14 07:46:01 [main] INFO  l.i.uztis.pages.ApplicationFormsPage - Processing dropdown index: 3
2025-03-14 07:46:11 [main] ERROR l.i.uztis.pages.ApplicationFormsPage - Timeout while waiting for dropdown to close at index: 3 with aria-expanded = 'false'
2025-03-14 07:46:11 [main] INFO  l.i.uztis.pages.ApplicationFormsPage - Processing dropdown index: 4
2025-03-14 07:46:22 [main] ERROR l.i.uztis.pages.ApplicationFormsPage - Timeout while waiting for dropdown to close at index: 4 with aria-expanded = 'false'
2025-03-14 07:46:22 [main] INFO  l.i.uztis.pages.ApplicationFormsPage - Processing dropdown index: 5
2025-03-14 07:46:33 [main] ERROR l.i.uztis.pages.ApplicationFormsPage - Timeout while waiting for dropdown to close at index: 5 with aria-expanded = 'false'
2025-03-14 07:46:33 [main] INFO  l.i.uztis.pages.ApplicationFormsPage - Processing dropdown index: 6
2025-03-14 07:46:44 [main] ERROR l.i.uztis.pages.ApplicationFormsPage - Timeout while waiting for dropdown to close at index: 6 with aria-expanded = 'false'
2025-03-14 07:46:44 [main] INFO  l.i.uztis.pages.ApplicationFormsPage - Processing dropdown index: 7
2025-03-14 07:46:55 [main] ERROR l.i.uztis.pages.ApplicationFormsPage - Timeout while waiting for dropdown to close at index: 7 with aria-expanded = 'false'
2025-03-14 07:46:55 [main] INFO  l.i.uztis.pages.ApplicationFormsPage - Processing input field index: 0
2025-03-14 07:46:55 [main] INFO  l.i.uztis.pages.ApplicationFormsPage - Entered value '50' into field index: 0
2025-03-14 07:46:55 [main] INFO  l.i.uztis.pages.ApplicationFormsPage - Processing input field index: 1
2025-03-14 07:46:55 [main] INFO  l.i.uztis.pages.ApplicationFormsPage - Entered value '924' into field index: 1
2025-03-14 07:46:55 [main] INFO  l.i.uztis.pages.ApplicationFormsPage - Processing input field index: 2
2025-03-14 07:46:55 [main] INFO  l.i.uztis.pages.ApplicationFormsPage - Entered value '31' into field index: 2
2025-03-14 07:46:55 [main] INFO  l.i.uztis.pages.ApplicationFormsPage - Processing input field index: 3
2025-03-14 07:46:55 [main] INFO  l.i.uztis.pages.ApplicationFormsPage - Entered value '4.7' into field index: 3
2025-03-14 07:46:55 [main] INFO  l.i.uztis.pages.ApplicationFormsPage - Processing input field index: 4
2025-03-14 07:46:56 [main] INFO  l.i.uztis.pages.ApplicationFormsPage - Entered value '35' into field index: 4
2025-03-14 07:46:56 [main] INFO  l.i.uztis.pages.ApplicationFormsPage - Processing input field index: 5
2025-03-14 07:46:56 [main] INFO  l.i.uztis.pages.ApplicationFormsPage - Entered value '20' into field index: 5
2025-03-14 07:46:56 [main] INFO  l.i.uztis.pages.ApplicationFormsPage - Processing input field index: 6
2025-03-14 07:46:56 [main] INFO  l.i.uztis.pages.ApplicationFormsPage - Entered value '30' into field index: 6
2025-03-14 07:46:56 [main] INFO  l.i.uztis.pages.ApplicationFormsPage - Processing input field index: 7
2025-03-14 07:46:56 [main] INFO  l.i.uztis.pages.ApplicationFormsPage - Entered value '60' into field index: 7
2025-03-14 07:46:56 [main] DEBUG l.i.u.tests.ApplicationFormsPageTest - Entered additional values and text.
2025-03-14 07:46:56 [main] DEBUG l.i.u.tests.ApplicationFormsPageTest - Entered application name: PVK paraiška
2025-03-14 07:46:56 [main] DEBUG l.i.u.tests.ApplicationFormsPageTest - Clicked the 'Save' button.
2025-03-14 07:46:56 [main] DEBUG l.i.uztis.pages.ApplicationFormsPage - Verified success message: 'Duomenys sėkmingai išsaugoti.'
2025-03-14 07:46:56 [main] INFO  l.i.u.tests.ApplicationFormsPageTest - Verified success message
2025-03-14 07:46:56 [main] INFO  l.i.u.tests.ApplicationFormsPageTest - Verified that the 'Save Form' button is displayed.
2025-03-14 07:46:56 [main] INFO  l.i.u.tests.ApplicationFormsPageTest - Test 'testCreateNewPvkApplication' completed successfully.
2025-03-14 07:48:31 [main] INFO  lt.insoft.uztis.tests.UztisPageTest - Navigated to https://uztisdev.asseco.lt/home
2025-03-14 07:48:31 [main] INFO  l.i.u.tests.ApplicationFormsPageTest - Setup complete. ApplicationFormsPage initialized.
2025-03-14 07:48:31 [main] INFO  l.i.u.tests.ApplicationFormsPageTest - Starting test:'testAddContractPVK'
2025-03-14 07:48:31 [main] DEBUG l.i.u.tests.ApplicationFormsPageTest - User logged in with test credentials
2025-03-14 07:48:31 [main] DEBUG l.i.u.tests.ApplicationFormsPageTest - Opened 'Application Processing' menu.
2025-03-14 07:48:32 [main] DEBUG l.i.u.tests.ApplicationFormsPageTest - Clicked on 'Application Forms' menu.
2025-03-14 07:48:32 [main] DEBUG l.i.u.tests.ApplicationFormsPageTest - Selected the last application description.
2025-03-14 07:48:32 [main] DEBUG l.i.u.tests.ApplicationFormsPageTest - Clicked 'Project Progress' tab.
2025-03-14 07:48:33 [main] DEBUG l.i.u.tests.ApplicationFormsPageTest - Clicked the 'Edit' button.
2025-03-14 07:48:33 [main] INFO  l.i.uztis.pages.ApplicationFormsPage - Located the dropdown button.
2025-03-14 07:48:35 [main] INFO  l.i.uztis.pages.ApplicationFormsPage - Successfully selected the value: 'Paramos verslui kurti sutartis'
2025-03-14 07:48:46 [main] ERROR l.i.uztis.pages.ApplicationFormsPage - Failed to close the dropdown with aria-expanded = 'false'.
2025-03-14 07:48:46 [main] DEBUG l.i.u.tests.ApplicationFormsPageTest - Selected a value from the 'Document' dropdown: 'Paramos verslui kurti sutartis'
2025-03-14 07:48:46 [main] DEBUG l.i.u.tests.ApplicationFormsPageTest - Clicked the 'Save' button.
2025-03-14 07:48:46 [main] ERROR l.i.uztis.pages.ApplicationFormsPage - Failed to verify the success message: 'Funkcija sėkmingai atlikta.'. Available messages: [Duomenys sėkmingai išsaugoti.]
2025-03-14 07:48:46 [main] INFO  l.i.u.tests.ApplicationFormsPageTest - Verified success message
2025-03-14 07:48:46 [main] INFO  l.i.u.tests.ApplicationFormsPageTest - Test 'testAddContractPVK' completed successfully.
2025-03-14 07:49:13 [main] INFO  lt.insoft.uztis.tests.UztisPageTest - Navigated to https://uztisdev.asseco.lt/home
2025-03-14 07:49:13 [main] INFO  l.i.uztis.tests.InvitationsPageTest - Starting test:'testCreateNewPvkInvitation'
2025-03-14 07:49:13 [main] DEBUG l.i.uztis.tests.InvitationsPageTest - User logged in with test credentials
2025-03-14 07:49:13 [main] DEBUG l.i.uztis.tests.InvitationsPageTest - Opened 'Application Processing' menu.
2025-03-14 07:49:13 [main] DEBUG l.i.uztis.tests.InvitationsPageTest - Clicked on 'Application Forms' menu.
2025-03-14 07:49:13 [main] DEBUG l.i.uztis.tests.InvitationsPageTest - Navigating to application forms menu.
2025-03-14 07:49:14 [main] DEBUG l.i.uztis.tests.InvitationsPageTest - Retrieved last description code text: 'TST-PVK-74'.
2025-03-14 07:49:14 [main] DEBUG l.i.uztis.tests.InvitationsPageTest - Clicked on 'Invitation' menu.
2025-03-14 07:49:14 [main] DEBUG l.i.uztis.tests.InvitationsPageTest - Clicked 'Create New Application Form'.
2025-03-14 07:49:15 [main] DEBUG l.i.uztis.tests.InvitationsPageTest - Selected section by code: 'TST-PVK-74'.
2025-03-14 07:49:15 [main] INFO  l.insoft.uztis.pages.InvitationsPage - Located the dropdown button.
2025-03-14 07:49:27 [main] ERROR l.insoft.uztis.pages.InvitationsPage - Timeout while waiting for dropdown to close with aria-expanded = 'false'.
2025-03-14 07:49:27 [main] DEBUG l.i.uztis.tests.InvitationsPageTest - Selected invitation number from the list.
2025-03-14 07:49:27 [main] DEBUG l.i.uztis.tests.InvitationsPageTest - Entered current date.
2025-03-14 07:49:27 [main] DEBUG l.i.uztis.tests.InvitationsPageTest - Entered start time: 00:00.
2025-03-14 07:49:27 [main] DEBUG l.i.uztis.tests.InvitationsPageTest - Entered end date.
2025-03-14 07:49:28 [main] DEBUG l.i.uztis.tests.InvitationsPageTest - Entered end time: 11:11.
2025-03-14 07:49:28 [main] DEBUG l.i.uztis.tests.InvitationsPageTest - Entered publication end date.
2025-03-14 07:49:28 [main] DEBUG l.i.uztis.tests.InvitationsPageTest - Added additional values.
2025-03-14 07:49:28 [main] INFO  l.insoft.uztis.pages.InvitationsPage - Located the dropdown button.
2025-03-14 07:49:28 [main] DEBUG l.i.uztis.tests.InvitationsPageTest - Selected the value: 'Didžiausia galima paramos suma aplinkos darbo vietai, Eur'
2025-03-14 07:49:28 [main] INFO  l.insoft.uztis.pages.InvitationsPage - Located the dropdown button.
2025-03-14 07:49:29 [main] DEBUG l.i.uztis.tests.InvitationsPageTest - Selected the value: 'Didžiausia galima paramos suma, Eur'
2025-03-14 07:49:29 [main] INFO  l.insoft.uztis.pages.InvitationsPage - Located the dropdown button.
2025-03-14 07:49:30 [main] DEBUG l.i.uztis.tests.InvitationsPageTest - Selected the value: 'Didžiausia galima paramos suma vienai darbo vietai, Eur'
2025-03-14 07:49:30 [main] DEBUG l.i.uztis.tests.InvitationsPageTest - Entered value: 11000
2025-03-14 07:49:30 [main] DEBUG l.i.uztis.tests.InvitationsPageTest - Entered value: 12000
2025-03-14 07:49:31 [main] DEBUG l.i.uztis.tests.InvitationsPageTest - Entered value: 13000
2025-03-14 07:49:31 [main] DEBUG l.i.uztis.tests.InvitationsPageTest - Checked 'Legal Entities' checkbox.
2025-03-14 07:49:31 [main] DEBUG l.i.uztis.tests.InvitationsPageTest - Unchecked 'Persons Registered with Employment Service' checkbox.
2025-03-14 07:49:31 [main] DEBUG l.i.uztis.tests.InvitationsPageTest - Checked 'Persons Registered as Employers' checkbox.
2025-03-14 07:49:31 [main] DEBUG l.i.uztis.tests.InvitationsPageTest - Entered second evaluation grade: '5'.
2025-03-14 07:49:31 [main] DEBUG l.i.uztis.tests.InvitationsPageTest - Entered third evaluation grade: '6'.
2025-03-14 07:49:31 [main] DEBUG l.i.uztis.tests.InvitationsPageTest - Entered second evaluation grade weight: '0,45'.
2025-03-14 07:49:31 [main] DEBUG l.i.uztis.tests.InvitationsPageTest - Entered third evaluation grade weight: '0,55'.
2025-03-14 07:49:31 [main] DEBUG l.i.uztis.tests.InvitationsPageTest - Entered budget: '2000'.
2025-03-14 07:49:31 [main] DEBUG l.i.uztis.tests.InvitationsPageTest - Entered budget: '2000'.
2025-03-14 07:49:31 [main] DEBUG l.i.uztis.tests.InvitationsPageTest - Entered budget: '2000'.
2025-03-14 07:49:32 [main] DEBUG l.i.uztis.tests.InvitationsPageTest - Entered budget: '2000'.
2025-03-14 07:49:32 [main] DEBUG l.i.uztis.tests.InvitationsPageTest - Entered budget: '2000'.
2025-03-14 07:49:32 [main] DEBUG l.i.uztis.tests.InvitationsPageTest - Entered description text: 'Aprašo tekstas'.
2025-03-14 07:49:32 [main] DEBUG l.i.uztis.tests.InvitationsPageTest - Entered applicants text: 'Pareiškėjų tekstas'.
2025-03-14 07:49:32 [main] DEBUG l.i.uztis.tests.InvitationsPageTest - Entered expenditures text: 'Išlaidų tekstas'.
2025-03-14 07:49:32 [main] DEBUG l.i.uztis.tests.InvitationsPageTest - Entered legislation text: 'Teisės aktų tekstas'.
2025-03-14 07:49:32 [main] DEBUG l.i.uztis.tests.InvitationsPageTest - Entered education text: 'Mokymų tekstas'.
2025-03-14 07:49:32 [main] DEBUG l.i.uztis.tests.InvitationsPageTest - File uploaded.
2025-03-14 07:49:33 [main] DEBUG l.i.uztis.tests.InvitationsPageTest - Clicked 'Publish'.
2025-03-14 07:49:33 [main] DEBUG l.i.uztis.tests.InvitationsPageTest - Publication confirmed.
2025-03-14 07:49:33 [main] DEBUG l.i.uztis.pages.ApplicationFormsPage - Verified success message: 'Funkcija sėkmingai atlikta.'
2025-03-14 07:49:33 [main] INFO  l.i.uztis.tests.InvitationsPageTest - Verified success message
2025-03-14 07:49:33 [main] INFO  l.i.uztis.tests.InvitationsPageTest - Test 'testCreateNewPvkInvitation' completed successfully.
2025-03-14 07:49:54 [main] INFO  lt.insoft.uztis.tests.UztisPageTest - Navigated to https://uztisdev.asseco.lt/home
2025-03-14 07:49:54 [main] INFO  l.i.uztis.tests.InvitationsPageTest - Starting test:'testInsertVui_PvkStatisticInformation'
2025-03-14 07:49:55 [main] DEBUG l.i.uztis.tests.InvitationsPageTest - User logged in with test credentials
2025-03-14 07:49:55 [main] DEBUG l.i.uztis.tests.InvitationsPageTest - Opened 'Application Processing' menu.
2025-03-14 07:49:55 [main] DEBUG l.i.uztis.tests.InvitationsPageTest - Clicked on 'Application Forms' menu.
2025-03-14 07:49:55 [main] DEBUG l.i.uztis.tests.InvitationsPageTest - Navigating to invitation forms menu.
2025-03-14 07:49:55 [main] DEBUG l.i.uztis.tests.InvitationsPageTest - Retrieved last description code text: 'TST-PVK-74'.
2025-03-14 07:49:56 [main] DEBUG l.i.uztis.tests.InvitationsPageTest - Clicked on 'Invitation' menu.
2025-03-14 07:49:57 [main] DEBUG l.i.uztis.tests.InvitationsPageTest - Selected section by code: 'TST-PVK-74'.
2025-03-14 07:49:57 [main] DEBUG l.i.uztis.tests.InvitationsPageTest - Clicked 'Search'.
2025-03-14 07:49:57 [main] DEBUG l.i.uztis.tests.InvitationsPageTest - Getting and inserting application code text.
2025-03-14 07:49:57 [main] DEBUG l.i.uztis.tests.InvitationsPageTest - Clicked 'Publishing'.
2025-03-14 07:49:57 [main] DEBUG l.i.uztis.tests.InvitationsPageTest - Clicked 'Statistic Information' tab.
2025-03-14 07:49:58 [main] DEBUG l.i.uztis.tests.InvitationsPageTest - Clicked 'Edit' button.
2025-03-14 07:49:58 [main] DEBUG l.i.uztis.tests.InvitationsPageTest - Entered current date.
2025-03-14 07:49:58 [main] DEBUG l.i.uztis.tests.InvitationsPageTest - Entered value: 8.7
2025-03-14 07:49:58 [main] DEBUG l.i.uztis.tests.InvitationsPageTest - Entered average salary: 2237.9
2025-03-14 07:49:58 [main] DEBUG l.i.uztis.tests.InvitationsPageTest - File uploaded.
2025-03-14 07:49:58 [main] DEBUG l.i.uztis.tests.InvitationsPageTest - Clicked 'Save' button.
2025-03-14 07:49:58 [main] DEBUG l.i.uztis.pages.ApplicationFormsPage - Verified success message: 'Funkcija sėkmingai atlikta.'
2025-03-14 07:49:58 [main] INFO  l.i.uztis.tests.InvitationsPageTest - Verified success message
2025-03-14 07:49:58 [main] INFO  l.i.uztis.tests.InvitationsPageTest - Test 'testInsertVui_PvkStatisticInformation' completed successfully.
2025-03-18 09:32:15 [main] INFO  lt.insoft.uztis.tests.UztisPageTest - Navigated to https://uztisdev.asseco.lt/home
2025-03-18 09:32:15 [main] INFO  l.i.u.t.SubmittedApplicationsPageTest - Starting test:'testFillNewVUIPApplicationFA'
2025-03-18 09:32:15 [main] DEBUG l.i.u.t.SubmittedApplicationsPageTest - User logged in with test credentials.
2025-03-18 09:32:16 [main] DEBUG l.i.u.t.SubmittedApplicationsPageTest - Opened 'Application Processing' menu.
2025-03-18 09:32:16 [main] DEBUG l.i.u.t.SubmittedApplicationsPageTest - Clicked on 'Application Forms' menu.
2025-03-18 09:32:17 [main] DEBUG l.i.u.t.SubmittedApplicationsPageTest - Retrieved last description code text: 'TST-PVK-74'.
2025-03-18 09:32:17 [main] DEBUG l.i.u.t.SubmittedApplicationsPageTest - Clicked on 'Invitation' menu.
2025-03-18 09:32:18 [main] DEBUG l.i.u.t.SubmittedApplicationsPageTest - Selected application section by code: 'TST-PVK-74'.
2025-03-18 09:32:18 [main] DEBUG l.i.u.t.SubmittedApplicationsPageTest - Clicked 'Search' button.
2025-03-18 09:32:18 [main] DEBUG l.i.u.t.SubmittedApplicationsPageTest - Retrieved invitation code: ''.
2025-03-18 09:32:18 [main] DEBUG l.i.u.t.SubmittedApplicationsPageTest - Clicked on 'Submitted Applications' menu.
2025-03-18 09:32:20 [main] DEBUG l.i.u.t.SubmittedApplicationsPageTest - Selected invitation by code: 'TST-PVK-74'.
2025-03-18 09:32:20 [main] DEBUG l.i.u.t.SubmittedApplicationsPageTest - Invitation code inserted.
2025-03-18 09:32:20 [main] DEBUG l.i.u.t.SubmittedApplicationsPageTest - Clicked on 'Action Application' button.
2025-03-18 09:32:20 [main] DEBUG l.i.u.t.SubmittedApplicationsPageTest - Clicked on 'New Application' button.
2025-03-18 09:32:21 [main] DEBUG l.i.u.t.SubmittedApplicationsPageTest - Selected the 'RadioButtonFA' option.
2025-03-18 09:32:21 [main] DEBUG l.i.u.t.SubmittedApplicationsPageTest - Entered phone number: '61298745'.
2025-03-18 09:32:21 [main] DEBUG l.i.u.t.SubmittedApplicationsPageTest - Entered email: 'test@autotest.com'.
2025-03-18 09:32:21 [main] INFO  l.i.u.p.SubmittedApplicationsPage - Clicking on the dropdown button.
2025-03-18 09:32:32 [main] ERROR l.i.u.p.SubmittedApplicationsPage - Error occurred while selecting value: invalid session id: session deleted as the browser has closed the connection
from disconnected: unable to send message to renderer
  (Session info: chrome=134.0.6998.89)
Build info: version: '4.27.0', revision: 'd6e718d134'
System info: os.name: 'Windows 11', os.arch: 'amd64', os.version: '10.0', java.version: '21.0.3'
Driver info: org.openqa.selenium.chrome.ChromeDriver
Command: [22db9b77946ece8261c8e4daceb0f917, findElement {using=xpath, value=//mat-label[contains(text(), 'Projekto teikėjo planuojama vykdyti veikla, kuriai prašoma subsidija, kodas pagal EVRK')]}]
Capabilities {acceptInsecureCerts: false, browserName: chrome, browserVersion: 134.0.6998.89, chrome: {chromedriverVersion: 134.0.6998.88 (7e3d5c978c6d..., userDataDir: C:\Users\INGRID~1.ZAD\AppDa...}, fedcm:accounts: true, goog:chromeOptions: {debuggerAddress: localhost:54864}, networkConnectionEnabled: false, pageLoadStrategy: normal, platformName: windows, proxy: Proxy(), se:cdp: ws://localhost:54864/devtoo..., se:cdpVersion: 134.0.6998.89, setWindowRect: true, strictFileInteractability: false, timeouts: {implicit: 0, pageLoad: 300000, script: 30000}, unhandledPromptBehavior: dismiss and notify, webauthn:extension:credBlob: true, webauthn:extension:largeBlob: true, webauthn:extension:minPinLength: true, webauthn:extension:prf: true, webauthn:virtualAuthenticators: true}
Session ID: 22db9b77946ece8261c8e4daceb0f917
2025-03-18 09:32:32 [main] ERROR l.i.u.t.SubmittedApplicationsPageTest - Test 'testFillNewVUIApplicationFA' failed with error: Failed to select value from dropdown.
java.lang.RuntimeException: Failed to select value from dropdown.
	at lt.insoft.uztis.pages.SubmittedApplicationsPage.selectValueByListEVRK_VUI(SubmittedApplicationsPage.java:549)
	at lt.insoft.uztis.tests.SubmittedApplicationsPageTest.testFillNewVUIApplicationFA(SubmittedApplicationsPageTest.java:151)
	at java.base/jdk.internal.reflect.DirectMethodHandleAccessor.invoke(DirectMethodHandleAccessor.java:103)
	at java.base/java.lang.reflect.Method.invoke(Method.java:580)
	at org.junit.platform.commons.util.ReflectionUtils.invokeMethod(ReflectionUtils.java:728)
	at org.junit.jupiter.engine.execution.MethodInvocation.proceed(MethodInvocation.java:60)
	at org.junit.jupiter.engine.execution.InvocationInterceptorChain$ValidatingInvocation.proceed(InvocationInterceptorChain.java:131)
	at org.junit.jupiter.engine.extension.TimeoutExtension.intercept(TimeoutExtension.java:156)
	at org.junit.jupiter.engine.extension.TimeoutExtension.interceptTestableMethod(TimeoutExtension.java:147)
	at org.junit.jupiter.engine.extension.TimeoutExtension.interceptTestMethod(TimeoutExtension.java:86)
	at org.junit.jupiter.engine.execution.InterceptingExecutableInvoker$ReflectiveInterceptorCall.lambda$ofVoidMethod$0(InterceptingExecutableInvoker.java:103)
	at org.junit.jupiter.engine.execution.InterceptingExecutableInvoker.lambda$invoke$0(InterceptingExecutableInvoker.java:93)
	at org.junit.jupiter.engine.execution.InvocationInterceptorChain$InterceptedInvocation.proceed(InvocationInterceptorChain.java:106)
	at org.junit.jupiter.engine.execution.InvocationInterceptorChain.proceed(InvocationInterceptorChain.java:64)
	at org.junit.jupiter.engine.execution.InvocationInterceptorChain.chainAndInvoke(InvocationInterceptorChain.java:45)
	at org.junit.jupiter.engine.execution.InvocationInterceptorChain.invoke(InvocationInterceptorChain.java:37)
	at org.junit.jupiter.engine.execution.InterceptingExecutableInvoker.invoke(InterceptingExecutableInvoker.java:92)
	at org.junit.jupiter.engine.execution.InterceptingExecutableInvoker.invoke(InterceptingExecutableInvoker.java:86)
	at org.junit.jupiter.engine.descriptor.TestMethodTestDescriptor.lambda$invokeTestMethod$7(TestMethodTestDescriptor.java:218)
	at org.junit.platform.engine.support.hierarchical.ThrowableCollector.execute(ThrowableCollector.java:73)
	at org.junit.jupiter.engine.descriptor.TestMethodTestDescriptor.invokeTestMethod(TestMethodTestDescriptor.java:214)
	at org.junit.jupiter.engine.descriptor.TestMethodTestDescriptor.execute(TestMethodTestDescriptor.java:139)
	at org.junit.jupiter.engine.descriptor.TestMethodTestDescriptor.execute(TestMethodTestDescriptor.java:69)
	at org.junit.platform.engine.support.hierarchical.NodeTestTask.lambda$executeRecursively$6(NodeTestTask.java:151)
	at org.junit.platform.engine.support.hierarchical.ThrowableCollector.execute(ThrowableCollector.java:73)
	at org.junit.platform.engine.support.hierarchical.NodeTestTask.lambda$executeRecursively$8(NodeTestTask.java:141)
	at org.junit.platform.engine.support.hierarchical.Node.around(Node.java:137)
	at org.junit.platform.engine.support.hierarchical.NodeTestTask.lambda$executeRecursively$9(NodeTestTask.java:139)
	at org.junit.platform.engine.support.hierarchical.ThrowableCollector.execute(ThrowableCollector.java:73)
	at org.junit.platform.engine.support.hierarchical.NodeTestTask.executeRecursively(NodeTestTask.java:138)
	at org.junit.platform.engine.support.hierarchical.NodeTestTask.execute(NodeTestTask.java:95)
	at java.base/java.util.ArrayList.forEach(ArrayList.java:1596)
	at org.junit.platform.engine.support.hierarchical.SameThreadHierarchicalTestExecutorService.invokeAll(SameThreadHierarchicalTestExecutorService.java:41)
	at org.junit.platform.engine.support.hierarchical.NodeTestTask.lambda$executeRecursively$6(NodeTestTask.java:155)
	at org.junit.platform.engine.support.hierarchical.ThrowableCollector.execute(ThrowableCollector.java:73)
	at org.junit.platform.engine.support.hierarchical.NodeTestTask.lambda$executeRecursively$8(NodeTestTask.java:141)
	at org.junit.platform.engine.support.hierarchical.Node.around(Node.java:137)
	at org.junit.platform.engine.support.hierarchical.NodeTestTask.lambda$executeRecursively$9(NodeTestTask.java:139)
	at org.junit.platform.engine.support.hierarchical.ThrowableCollector.execute(ThrowableCollector.java:73)
	at org.junit.platform.engine.support.hierarchical.NodeTestTask.executeRecursively(NodeTestTask.java:138)
	at org.junit.platform.engine.support.hierarchical.NodeTestTask.execute(NodeTestTask.java:95)
	at java.base/java.util.ArrayList.forEach(ArrayList.java:1596)
	at org.junit.platform.engine.support.hierarchical.SameThreadHierarchicalTestExecutorService.invokeAll(SameThreadHierarchicalTestExecutorService.java:41)
	at org.junit.platform.engine.support.hierarchical.NodeTestTask.lambda$executeRecursively$6(NodeTestTask.java:155)
	at org.junit.platform.engine.support.hierarchical.ThrowableCollector.execute(ThrowableCollector.java:73)
	at org.junit.platform.engine.support.hierarchical.NodeTestTask.lambda$executeRecursively$8(NodeTestTask.java:141)
	at org.junit.platform.engine.support.hierarchical.Node.around(Node.java:137)
	at org.junit.platform.engine.support.hierarchical.NodeTestTask.lambda$executeRecursively$9(NodeTestTask.java:139)
	at org.junit.platform.engine.support.hierarchical.ThrowableCollector.execute(ThrowableCollector.java:73)
	at org.junit.platform.engine.support.hierarchical.NodeTestTask.executeRecursively(NodeTestTask.java:138)
	at org.junit.platform.engine.support.hierarchical.NodeTestTask.execute(NodeTestTask.java:95)
	at org.junit.platform.engine.support.hierarchical.SameThreadHierarchicalTestExecutorService.submit(SameThreadHierarchicalTestExecutorService.java:35)
	at org.junit.platform.engine.support.hierarchical.HierarchicalTestExecutor.execute(HierarchicalTestExecutor.java:57)
	at org.junit.platform.engine.support.hierarchical.HierarchicalTestEngine.execute(HierarchicalTestEngine.java:54)
	at org.junit.platform.launcher.core.EngineExecutionOrchestrator.execute(EngineExecutionOrchestrator.java:198)
	at org.junit.platform.launcher.core.EngineExecutionOrchestrator.execute(EngineExecutionOrchestrator.java:169)
	at org.junit.platform.launcher.core.EngineExecutionOrchestrator.execute(EngineExecutionOrchestrator.java:93)
	at org.junit.platform.launcher.core.EngineExecutionOrchestrator.lambda$execute$0(EngineExecutionOrchestrator.java:58)
	at org.junit.platform.launcher.core.EngineExecutionOrchestrator.withInterceptedStreams(EngineExecutionOrchestrator.java:141)
	at org.junit.platform.launcher.core.EngineExecutionOrchestrator.execute(EngineExecutionOrchestrator.java:57)
	at org.junit.platform.launcher.core.DefaultLauncher.execute(DefaultLauncher.java:103)
	at org.junit.platform.launcher.core.DefaultLauncher.execute(DefaultLauncher.java:85)
	at org.junit.platform.launcher.core.DelegatingLauncher.execute(DelegatingLauncher.java:47)
	at org.junit.platform.launcher.core.SessionPerRequestLauncher.execute(SessionPerRequestLauncher.java:63)
	at com.intellij.junit5.JUnit5IdeaTestRunner.startRunnerWithArgs(JUnit5IdeaTestRunner.java:57)
	at com.intellij.rt.junit.IdeaTestRunner$Repeater$1.execute(IdeaTestRunner.java:38)
	at com.intellij.rt.execution.junit.TestsRepeater.repeat(TestsRepeater.java:11)
	at com.intellij.rt.junit.IdeaTestRunner$Repeater.startRunnerWithArgs(IdeaTestRunner.java:35)
	at com.intellij.rt.junit.JUnitStarter.prepareStreamsAndStart(JUnitStarter.java:232)
	at com.intellij.rt.junit.JUnitStarter.main(JUnitStarter.java:55)
Caused by: org.openqa.selenium.NoSuchSessionException: invalid session id: session deleted as the browser has closed the connection
from disconnected: unable to send message to renderer
  (Session info: chrome=134.0.6998.89)
Build info: version: '4.27.0', revision: 'd6e718d134'
System info: os.name: 'Windows 11', os.arch: 'amd64', os.version: '10.0', java.version: '21.0.3'
Driver info: org.openqa.selenium.chrome.ChromeDriver
Command: [22db9b77946ece8261c8e4daceb0f917, findElement {using=xpath, value=//mat-label[contains(text(), 'Projekto teikėjo planuojama vykdyti veikla, kuriai prašoma subsidija, kodas pagal EVRK')]}]
Capabilities {acceptInsecureCerts: false, browserName: chrome, browserVersion: 134.0.6998.89, chrome: {chromedriverVersion: 134.0.6998.88 (7e3d5c978c6d..., userDataDir: C:\Users\INGRID~1.ZAD\AppDa...}, fedcm:accounts: true, goog:chromeOptions: {debuggerAddress: localhost:54864}, networkConnectionEnabled: false, pageLoadStrategy: normal, platformName: windows, proxy: Proxy(), se:cdp: ws://localhost:54864/devtoo..., se:cdpVersion: 134.0.6998.89, setWindowRect: true, strictFileInteractability: false, timeouts: {implicit: 0, pageLoad: 300000, script: 30000}, unhandledPromptBehavior: dismiss and notify, webauthn:extension:credBlob: true, webauthn:extension:largeBlob: true, webauthn:extension:minPinLength: true, webauthn:extension:prf: true, webauthn:virtualAuthenticators: true}
Session ID: 22db9b77946ece8261c8e4daceb0f917
	at java.base/jdk.internal.reflect.DirectConstructorHandleAccessor.newInstance(DirectConstructorHandleAccessor.java:62)
	at java.base/java.lang.reflect.Constructor.newInstanceWithCaller(Constructor.java:502)
	at java.base/java.lang.reflect.Constructor.newInstance(Constructor.java:486)
	at org.openqa.selenium.remote.ErrorCodec.decode(ErrorCodec.java:167)
	at org.openqa.selenium.remote.codec.w3c.W3CHttpResponseCodec.decode(W3CHttpResponseCodec.java:138)
	at org.openqa.selenium.remote.codec.w3c.W3CHttpResponseCodec.decode(W3CHttpResponseCodec.java:50)
	at org.openqa.selenium.remote.HttpCommandExecutor.execute(HttpCommandExecutor.java:190)
	at org.openqa.selenium.remote.service.DriverCommandExecutor.invokeExecute(DriverCommandExecutor.java:216)
	at org.openqa.selenium.remote.service.DriverCommandExecutor.execute(DriverCommandExecutor.java:174)
	at org.openqa.selenium.remote.RemoteWebDriver.execute(RemoteWebDriver.java:545)
	at org.openqa.selenium.remote.ElementLocation$ElementFinder$2.findElement(ElementLocation.java:165)
	at org.openqa.selenium.remote.ElementLocation.findElement(ElementLocation.java:59)
	at org.openqa.selenium.remote.RemoteWebDriver.findElement(RemoteWebDriver.java:368)
	at org.openqa.selenium.remote.RemoteWebDriver.findElement(RemoteWebDriver.java:362)
	at org.openqa.selenium.support.pagefactory.DefaultElementLocator.findElement(DefaultElementLocator.java:68)
	at org.openqa.selenium.support.pagefactory.internal.LocatingElementHandler.invoke(LocatingElementHandler.java:38)
	at jdk.proxy2/jdk.proxy2.$Proxy14.toString(Unknown Source)
	at java.base/java.lang.String.valueOf(String.java:4465)
	at org.openqa.selenium.support.ui.ExpectedConditions$23.toString(ExpectedConditions.java:669)
	at java.base/java.lang.String.valueOf(String.java:4465)
	at org.openqa.selenium.support.ui.FluentWait.until(FluentWait.java:225)
	at lt.insoft.uztis.pages.SubmittedApplicationsPage.selectValueByListEVRK_VUI(SubmittedApplicationsPage.java:503)
	... 69 common frames omitted
2025-03-18 09:33:05 [main] INFO  lt.insoft.uztis.tests.UztisPageTest - Navigated to https://uztisdev.asseco.lt/home
2025-03-18 09:33:05 [main] INFO  l.i.u.t.SubmittedApplicationsPageTest - Starting test:'testFillNewVUIPApplicationFA'
2025-03-18 09:33:06 [main] DEBUG l.i.u.t.SubmittedApplicationsPageTest - User logged in with test credentials.
2025-03-18 09:33:06 [main] DEBUG l.i.u.t.SubmittedApplicationsPageTest - Opened 'Application Processing' menu.
2025-03-18 09:33:06 [main] DEBUG l.i.u.t.SubmittedApplicationsPageTest - Clicked on 'Application Forms' menu.
2025-03-18 09:33:07 [main] DEBUG l.i.u.t.SubmittedApplicationsPageTest - Retrieved last description code text: 'TST-VUI-39'.
2025-03-18 09:33:07 [main] DEBUG l.i.u.t.SubmittedApplicationsPageTest - Clicked on 'Invitation' menu.
2025-03-18 09:33:08 [main] DEBUG l.i.u.t.SubmittedApplicationsPageTest - Selected application section by code: 'TST-VUI-39'.
2025-03-18 09:33:08 [main] DEBUG l.i.u.t.SubmittedApplicationsPageTest - Clicked 'Search' button.
2025-03-18 09:33:08 [main] DEBUG l.i.u.t.SubmittedApplicationsPageTest - Retrieved invitation code: ''.
2025-03-18 09:33:08 [main] DEBUG l.i.u.t.SubmittedApplicationsPageTest - Clicked on 'Submitted Applications' menu.
2025-03-18 09:33:09 [main] DEBUG l.i.u.t.SubmittedApplicationsPageTest - Selected invitation by code: 'TST-VUI-39'.
2025-03-18 09:33:09 [main] DEBUG l.i.u.t.SubmittedApplicationsPageTest - Invitation code inserted.
2025-03-18 09:33:10 [main] DEBUG l.i.u.t.SubmittedApplicationsPageTest - Clicked on 'Action Application' button.
2025-03-18 09:33:10 [main] DEBUG l.i.u.t.SubmittedApplicationsPageTest - Clicked on 'New Application' button.
2025-03-18 09:33:10 [main] DEBUG l.i.u.t.SubmittedApplicationsPageTest - Selected the 'RadioButtonFA' option.
2025-03-18 09:33:10 [main] DEBUG l.i.u.t.SubmittedApplicationsPageTest - Entered phone number: '61298745'.
2025-03-18 09:33:10 [main] DEBUG l.i.u.t.SubmittedApplicationsPageTest - Entered email: 'test@autotest.com'.
2025-03-18 09:33:10 [main] INFO  l.i.u.p.SubmittedApplicationsPage - Clicking on the dropdown button.
2025-03-18 09:33:26 [main] INFO  l.i.u.p.SubmittedApplicationsPage - Found 1741 options in the dropdown.
2025-03-18 09:33:26 [main] DEBUG l.i.u.p.SubmittedApplicationsPage - Checking option: ''
2025-03-18 09:33:26 [main] DEBUG l.i.u.p.SubmittedApplicationsPage - Checking option: '01.11 - Grūdinių (išskyrus ryžius), ankštinių ir aliejingų sėklų augalų auginimas'
2025-03-18 09:33:26 [main] INFO  l.i.u.p.SubmittedApplicationsPage - Successfully selected the value: '01.11 - Grūdinių (išskyrus ryžius), ankštinių ir aliejingų sėklų augalų auginimas'
2025-03-18 09:33:26 [main] INFO  l.i.u.p.SubmittedApplicationsPage - Attempting to close the dropdown.
2025-03-18 09:33:27 [main] DEBUG l.i.u.t.SubmittedApplicationsPageTest - Selected EVRK value: '01.11 - Grūdinių (išskyrus ryžius), ankštinių ir aliejingų sėklų augalų auginimas'.
2025-03-18 09:33:27 [main] DEBUG l.i.u.t.SubmittedApplicationsPageTest - Clicked on 'Address Component' button.
2025-03-18 09:33:27 [main] INFO  l.i.u.p.SubmittedApplicationsPage - Located the dropdown button.
2025-03-18 09:33:31 [main] INFO  l.i.u.p.SubmittedApplicationsPage - Successfully selected the value: 'Lietuva'
2025-03-18 09:33:31 [main] DEBUG l.i.u.t.SubmittedApplicationsPageTest - Selected country: 'Lietuva'.
2025-03-18 09:33:31 [main] INFO  l.i.u.p.SubmittedApplicationsPage - Located the dropdown search field.
2025-03-18 09:33:31 [main] INFO  l.i.u.p.SubmittedApplicationsPage - Dropdown city is opened.
2025-03-18 09:33:32 [main] INFO  l.i.u.p.SubmittedApplicationsPage - Searched for value: 'Vilnius'
2025-03-18 09:33:33 [main] INFO  l.i.u.p.SubmittedApplicationsPage - Successfully selected: 'Vilnius'
2025-03-18 09:33:33 [main] INFO  l.i.u.p.SubmittedApplicationsPage - Located the dropdown button.
2025-03-18 09:33:33 [main] INFO  l.i.u.p.SubmittedApplicationsPage - Successfully selected the value: 'A. Domaševičiaus g.'
2025-03-18 09:33:33 [main] DEBUG l.i.u.t.SubmittedApplicationsPageTest - Selected street: 'A. Domaševičiaus g.'.
2025-03-18 09:33:33 [main] INFO  l.i.u.p.SubmittedApplicationsPage - Located the dropdown button.
2025-03-18 09:33:34 [main] INFO  l.i.u.p.SubmittedApplicationsPage - Successfully selected the value: '1'
2025-03-18 09:33:34 [main] DEBUG l.i.u.t.SubmittedApplicationsPageTest - Selected house: '1'.
2025-03-18 09:33:34 [main] INFO  l.i.u.p.SubmittedApplicationsPage - Located the dropdown button.
2025-03-18 09:33:34 [main] INFO  l.i.u.p.SubmittedApplicationsPage - Successfully selected the value: '1'
2025-03-18 09:33:34 [main] DEBUG l.i.u.t.SubmittedApplicationsPageTest - Selected apartment: '1'.
2025-03-18 09:33:34 [main] DEBUG l.i.u.t.SubmittedApplicationsPageTest - Clicked 'Confirm' button.
2025-03-18 09:33:34 [main] DEBUG l.i.u.t.SubmittedApplicationsPageTest - Entered project date.
2025-03-18 09:33:34 [main] DEBUG l.i.u.t.SubmittedApplicationsPageTest - Entered job count: '1'.
2025-03-18 09:33:35 [main] DEBUG l.i.u.t.SubmittedApplicationsPageTest - Clicked 'Next' button.
2025-03-18 09:33:35 [main] INFO  l.i.u.p.SubmittedApplicationsPage - Located the dropdown button.
2025-03-18 09:33:35 [main] INFO  l.i.u.p.SubmittedApplicationsPage - Successfully selected the value: 'Administratoriai'
2025-03-18 09:33:35 [main] DEBUG l.i.u.t.SubmittedApplicationsPageTest - Selected job name: 'Administratoriai'.
2025-03-18 09:33:35 [main] DEBUG l.i.u.t.SubmittedApplicationsPageTest - Entered job function: 'Funkcija 1'.
2025-03-18 09:33:36 [main] DEBUG l.i.u.t.SubmittedApplicationsPageTest - Selected 'RadioButtonWithDisabilities' option.
2025-03-18 09:33:36 [main] INFO  l.i.u.p.SubmittedApplicationsPage - Clicking on the dropdown button.
2025-03-18 09:33:36 [main] INFO  l.i.u.p.SubmittedApplicationsPage - Found 34 options in the dropdown.
2025-03-18 09:33:36 [main] DEBUG l.i.u.p.SubmittedApplicationsPage - Checking option: 'Asmenys, kuriems suteiktas pabėgėlio statusas ar perkeliamojo asmens statusas, arba asmenys, kuriems suteikta papildoma ar laikinoji apsauga, ir asmenys, turintys teisę gauti laikinąją apsaugą, iki sprendimo dėl laikinosios apsaugos suteikimo (nesuteikimo) priėmimo, tačiau ne ilgiau kaip laikinosios apsaugos laikotarpiu'
2025-03-18 09:33:36 [main] DEBUG l.i.u.p.SubmittedApplicationsPage - Checking option: 'Asmenys, kuriems suteiktas pabėgėlio statusas ar perkeliamojo asmens statusas, arba asmenys, kuriems suteikta papildoma ar laikinoji apsauga, ir asmenys, turintys teisę gauti laikinąją apsaugą, iki sprendimo dėl laikinosios apsaugos suteikimo (nesuteikimo) priėmimo, tačiau ne ilgiau kaip laikinosios apsaugos laikotarpiu'
2025-03-18 09:33:36 [main] DEBUG l.i.u.p.SubmittedApplicationsPage - Checking option: 'Asmenys, turintys teisę į papildomas užimtumo garantijas pagal Lietuvos Respublikos valstybės įmonės Ignalinos atominės elektrinės darbuotojų papildomų užimtumo ir socialinių garantijų įstatymą'
2025-03-18 09:33:36 [main] DEBUG l.i.u.p.SubmittedApplicationsPage - Checking option: 'Asmenys, turintys teisę į papildomas užimtumo garantijas pagal Lietuvos Respublikos valstybės įmonės Ignalinos atominės elektrinės darbuotojų papildomų užimtumo ir socialinių garantijų įstatymą'
2025-03-18 09:33:36 [main] DEBUG l.i.u.p.SubmittedApplicationsPage - Checking option: 'Bedarbiai iki 29 metų'
2025-03-18 09:33:36 [main] DEBUG l.i.u.p.SubmittedApplicationsPage - Checking option: 'Bedarbiai iki 29 metų'
2025-03-18 09:33:36 [main] DEBUG l.i.u.p.SubmittedApplicationsPage - Checking option: 'Bedarbiai, kurie yra darbingo amžiaus neįgalieji, kuriems nustatytas 30–40 procentų darbingumo lygis arba vidutinis neįgalumo lygis'
2025-03-18 09:33:36 [main] DEBUG l.i.u.p.SubmittedApplicationsPage - Checking option: 'Bedarbiai, kurie yra darbingo amžiaus neįgalieji, kuriems nustatytas 30–40 procentų darbingumo lygis arba vidutinis neįgalumo lygis'
2025-03-18 09:33:36 [main] DEBUG l.i.u.p.SubmittedApplicationsPage - Checking option: 'Bedarbiai, kurie yra darbingo amžiaus neįgalieji, kuriems nustatytas 45–55 procentų darbingumo lygis arba lengvas neįgalumo lygis'
2025-03-18 09:33:36 [main] DEBUG l.i.u.p.SubmittedApplicationsPage - Checking option: 'Bedarbiai, kurie yra darbingo amžiaus neįgalieji, kuriems nustatytas 45–55 procentų darbingumo lygis arba lengvas neįgalumo lygis'
2025-03-18 09:33:36 [main] DEBUG l.i.u.p.SubmittedApplicationsPage - Checking option: 'Bedarbiai, kurie yra darbingo amžiaus neįgalieji, kuriems nustatytas iki 25 procentų darbingumo lygis arba sunkus neįgalumo lygis'
2025-03-18 09:33:37 [main] INFO  l.i.u.p.SubmittedApplicationsPage - Successfully selected the value: 'Bedarbiai, kurie yra darbingo amžiaus neįgalieji, kuriems nustatytas iki 25 procentų darbingumo lygis arba sunkus neįgalumo lygis'
2025-03-18 09:33:37 [main] INFO  l.i.u.p.SubmittedApplicationsPage - Attempting to close the dropdown.
2025-03-18 09:33:37 [main] DEBUG l.i.u.t.SubmittedApplicationsPageTest - Selected disabilities type: 'Bedarbiai, kurie yra darbingo amžiaus neįgalieji, kuriems nustatytas iki 25 procentų darbingumo lygis arba sunkus neįgalumo lygis'.
2025-03-18 09:33:37 [main] DEBUG l.i.u.t.SubmittedApplicationsPageTest - Entered disability information: 'Negalia 1'.
2025-03-18 09:33:37 [main] INFO  l.i.u.p.SubmittedApplicationsPage - Located the dropdown button.
2025-03-18 09:33:38 [main] INFO  l.i.u.p.SubmittedApplicationsPage - Successfully selected the value: 'Kita'
2025-03-18 09:33:38 [main] DEBUG l.i.u.t.SubmittedApplicationsPageTest - Selected time mode: 'Kita'.
2025-03-18 09:33:38 [main] DEBUG l.i.u.t.SubmittedApplicationsPageTest - Selected time mode other: '6 val. per dieną ir 4 d. per savaitę'.
2025-03-18 09:33:38 [main] DEBUG l.i.u.t.SubmittedApplicationsPageTest - Entered qualification: 'Kvalifikacija 1'.
2025-03-18 09:33:39 [main] DEBUG l.i.u.t.SubmittedApplicationsPageTest - Entered job date.
2025-03-18 09:33:39 [main] DEBUG l.i.u.t.SubmittedApplicationsPageTest - Entered salary amount: '1200'.
2025-03-18 09:33:39 [main] DEBUG l.i.u.t.SubmittedApplicationsPageTest - Selected 'Temporary Job' radio button.
2025-03-18 09:33:39 [main] DEBUG l.i.u.t.SubmittedApplicationsPageTest - Selected 'Season Job' radio button.
2025-03-18 09:33:39 [main] DEBUG l.i.u.t.SubmittedApplicationsPageTest - Selected 'Energy' radio button.
2025-03-18 09:33:39 [main] DEBUG l.i.u.t.SubmittedApplicationsPageTest - Selected 'Repair' radio button.
2025-03-18 09:33:40 [main] DEBUG l.i.u.t.SubmittedApplicationsPageTest - Entered job description: 'Veikla 1'.
2025-03-18 09:33:40 [main] DEBUG l.i.u.t.SubmittedApplicationsPageTest - Entered process description: 'Procesas 1'.
2025-03-18 09:33:40 [main] DEBUG l.i.u.t.SubmittedApplicationsPageTest - Entered energy information: 'Energija 1'.
2025-03-18 09:33:40 [main] DEBUG l.i.u.t.SubmittedApplicationsPageTest - Entered repair information: 'Remontas 1'.
2025-03-18 09:33:40 [main] DEBUG l.i.u.t.SubmittedApplicationsPageTest - Selected 'PVM' radio button.
2025-03-18 09:33:40 [main] INFO  l.i.u.p.SubmittedApplicationsPage - Located the dropdown button.
2025-03-18 09:33:41 [main] INFO  l.i.u.p.SubmittedApplicationsPage - Successfully selected the value: 'Įsigyti'
2025-03-18 09:33:41 [main] DEBUG l.i.u.t.SubmittedApplicationsPageTest - Selected necessary for job: 'Įsigyti'.
2025-03-18 09:33:42 [main] DEBUG l.i.u.t.SubmittedApplicationsPageTest - Selected tool: 'Darbo priemonė 1'.
2025-03-18 09:33:42 [main] DEBUG l.i.u.t.SubmittedApplicationsPageTest - Selected tool parameter one: 'Darbo priemonės 1 parametras 1'.
2025-03-18 09:33:42 [main] DEBUG l.i.u.t.SubmittedApplicationsPageTest - Selected tool parameter two: 'Darbo priemonės 1 parametras 2'.
2025-03-18 09:33:42 [main] DEBUG l.i.u.t.SubmittedApplicationsPageTest - Selected tool parameter three: 'Darbo priemonės 1 parametras 3'.
2025-03-18 09:33:42 [main] DEBUG l.i.u.t.SubmittedApplicationsPageTest - Entered tool count: '1'.
2025-03-18 09:33:43 [main] DEBUG l.i.u.t.SubmittedApplicationsPageTest - Entered price amount 1: '1000'.
2025-03-18 09:33:43 [main] DEBUG l.i.u.t.SubmittedApplicationsPageTest - Entered own funds amount 1: '800'.
2025-03-18 09:33:43 [main] DEBUG l.i.u.t.SubmittedApplicationsPageTest - Clicked 'Add' button.
2025-03-18 09:33:43 [main] INFO  l.i.u.p.SubmittedApplicationsPage - Located the dropdown button.
2025-03-18 09:33:44 [main] INFO  l.i.u.p.SubmittedApplicationsPage - Successfully selected the value: 'Remontuoti'
2025-03-18 09:33:44 [main] DEBUG l.i.u.t.SubmittedApplicationsPageTest - Selected necessary for job 'to repair': 'Remontuoti'.
2025-03-18 09:33:44 [main] DEBUG l.i.u.t.SubmittedApplicationsPageTest - Selected repair name: 'Remonto pavadinimas 1'.
2025-03-18 09:33:44 [main] DEBUG l.i.u.t.SubmittedApplicationsPageTest - Entered repair information: 'Remonto aprašymas 1'.
2025-03-18 09:33:44 [main] DEBUG l.i.u.t.SubmittedApplicationsPageTest - Entered price amount 2: '1000'.
2025-03-18 09:33:45 [main] DEBUG l.i.u.t.SubmittedApplicationsPageTest - Entered own funds amount 2: '900'.
2025-03-18 09:33:45 [main] DEBUG l.i.u.t.SubmittedApplicationsPageTest - Entered country percentage: '50'.
2025-03-18 09:33:45 [main] DEBUG l.i.u.t.SubmittedApplicationsPageTest - Entered institution percentage: '50'.
2025-03-18 09:33:45 [main] DEBUG l.i.u.t.SubmittedApplicationsPageTest - Entered municipality percentage: '50'.
2025-03-18 09:33:45 [main] DEBUG l.i.u.t.SubmittedApplicationsPageTest - Selected 'De Minimis' radio button.
2025-03-18 09:33:45 [main] DEBUG l.i.u.t.SubmittedApplicationsPageTest - Entered program name: 'Programa 1'.
2025-03-18 09:33:46 [main] DEBUG l.i.u.t.SubmittedApplicationsPageTest - Entered project date from.
2025-03-18 09:33:46 [main] DEBUG l.i.u.t.SubmittedApplicationsPageTest - Entered project date until.
2025-03-18 09:33:46 [main] DEBUG l.i.u.t.SubmittedApplicationsPageTest - Entered support amount: '2000'.
2025-03-18 09:33:46 [main] DEBUG l.i.u.t.SubmittedApplicationsPageTest - Clicked 'Next' button.
2025-03-18 09:33:56 [main] DEBUG l.i.u.t.SubmittedApplicationsPageTest - Checked 'Legal Entities' checkbox 1.
2025-03-18 09:34:07 [main] DEBUG l.i.u.t.SubmittedApplicationsPageTest - Checked 'Legal Entities' checkbox 2.
2025-03-18 09:34:17 [main] DEBUG l.i.u.t.SubmittedApplicationsPageTest - Checked 'Legal Entities' checkbox 3.
2025-03-18 09:34:17 [main] DEBUG l.i.u.t.SubmittedApplicationsPageTest - Test finished: All 'Legal Entities' checkboxes checked successfully.
2025-03-18 09:34:18 [main] DEBUG l.i.u.t.SubmittedApplicationsPageTest - Clicked 'Next' button after checkboxes.
2025-03-18 09:34:28 [main] ERROR l.i.u.p.SubmittedApplicationsPage - Error selecting radio button: Expected condition failed: waiting for element to be clickable: By.xpath: (//input[@type='radio' and @value='false'])[8] (tried for 10 second(s) with 500 milliseconds interval)
Build info: version: '4.27.0', revision: 'd6e718d134'
System info: os.name: 'Windows 11', os.arch: 'amd64', os.version: '10.0', java.version: '21.0.3'
Driver info: org.openqa.selenium.chrome.ChromeDriver
Capabilities {acceptInsecureCerts: false, browserName: chrome, browserVersion: 134.0.6998.89, chrome: {chromedriverVersion: 134.0.6998.88 (7e3d5c978c6d..., userDataDir: C:\Users\INGRID~1.ZAD\AppDa...}, fedcm:accounts: true, goog:chromeOptions: {debuggerAddress: localhost:54912}, networkConnectionEnabled: false, pageLoadStrategy: normal, platformName: windows, proxy: Proxy(), se:cdp: ws://localhost:54912/devtoo..., se:cdpVersion: 134.0.6998.89, setWindowRect: true, strictFileInteractability: false, timeouts: {implicit: 0, pageLoad: 300000, script: 30000}, unhandledPromptBehavior: dismiss and notify, webauthn:extension:credBlob: true, webauthn:extension:largeBlob: true, webauthn:extension:minPinLength: true, webauthn:extension:prf: true, webauthn:virtualAuthenticators: true}
Session ID: 38a37c54df5c19e238074807712d6fce
2025-03-18 09:34:28 [main] INFO  l.i.u.t.SubmittedApplicationsPageTest - Marking 'Ne' radio button 1
2025-03-18 09:34:38 [main] ERROR l.i.u.p.SubmittedApplicationsPage - Error selecting radio button: Expected condition failed: waiting for element to be clickable: By.xpath: (//input[@type='radio' and @value='false'])[9] (tried for 10 second(s) with 500 milliseconds interval)
Build info: version: '4.27.0', revision: 'd6e718d134'
System info: os.name: 'Windows 11', os.arch: 'amd64', os.version: '10.0', java.version: '21.0.3'
Driver info: org.openqa.selenium.chrome.ChromeDriver
Capabilities {acceptInsecureCerts: false, browserName: chrome, browserVersion: 134.0.6998.89, chrome: {chromedriverVersion: 134.0.6998.88 (7e3d5c978c6d..., userDataDir: C:\Users\INGRID~1.ZAD\AppDa...}, fedcm:accounts: true, goog:chromeOptions: {debuggerAddress: localhost:54912}, networkConnectionEnabled: false, pageLoadStrategy: normal, platformName: windows, proxy: Proxy(), se:cdp: ws://localhost:54912/devtoo..., se:cdpVersion: 134.0.6998.89, setWindowRect: true, strictFileInteractability: false, timeouts: {implicit: 0, pageLoad: 300000, script: 30000}, unhandledPromptBehavior: dismiss and notify, webauthn:extension:credBlob: true, webauthn:extension:largeBlob: true, webauthn:extension:minPinLength: true, webauthn:extension:prf: true, webauthn:virtualAuthenticators: true}
Session ID: 38a37c54df5c19e238074807712d6fce
2025-03-18 09:34:38 [main] INFO  l.i.u.t.SubmittedApplicationsPageTest - Marking 'Ne' radio button 2
2025-03-18 09:34:48 [main] ERROR l.i.u.p.SubmittedApplicationsPage - Error selecting radio button: Expected condition failed: waiting for element to be clickable: By.xpath: (//input[@type='radio' and @value='false'])[10] (tried for 10 second(s) with 500 milliseconds interval)
Build info: version: '4.27.0', revision: 'd6e718d134'
System info: os.name: 'Windows 11', os.arch: 'amd64', os.version: '10.0', java.version: '21.0.3'
Driver info: org.openqa.selenium.chrome.ChromeDriver
Capabilities {acceptInsecureCerts: false, browserName: chrome, browserVersion: 134.0.6998.89, chrome: {chromedriverVersion: 134.0.6998.88 (7e3d5c978c6d..., userDataDir: C:\Users\INGRID~1.ZAD\AppDa...}, fedcm:accounts: true, goog:chromeOptions: {debuggerAddress: localhost:54912}, networkConnectionEnabled: false, pageLoadStrategy: normal, platformName: windows, proxy: Proxy(), se:cdp: ws://localhost:54912/devtoo..., se:cdpVersion: 134.0.6998.89, setWindowRect: true, strictFileInteractability: false, timeouts: {implicit: 0, pageLoad: 300000, script: 30000}, unhandledPromptBehavior: dismiss and notify, webauthn:extension:credBlob: true, webauthn:extension:largeBlob: true, webauthn:extension:minPinLength: true, webauthn:extension:prf: true, webauthn:virtualAuthenticators: true}
Session ID: 38a37c54df5c19e238074807712d6fce
2025-03-18 09:34:48 [main] INFO  l.i.u.t.SubmittedApplicationsPageTest - Marking 'Ne' radio button 3
2025-03-18 09:34:58 [main] ERROR l.i.u.p.SubmittedApplicationsPage - Error selecting radio button: Expected condition failed: waiting for element to be clickable: By.xpath: (//input[@type='radio' and @value='false'])[11] (tried for 10 second(s) with 500 milliseconds interval)
Build info: version: '4.27.0', revision: 'd6e718d134'
System info: os.name: 'Windows 11', os.arch: 'amd64', os.version: '10.0', java.version: '21.0.3'
Driver info: org.openqa.selenium.chrome.ChromeDriver
Capabilities {acceptInsecureCerts: false, browserName: chrome, browserVersion: 134.0.6998.89, chrome: {chromedriverVersion: 134.0.6998.88 (7e3d5c978c6d..., userDataDir: C:\Users\INGRID~1.ZAD\AppDa...}, fedcm:accounts: true, goog:chromeOptions: {debuggerAddress: localhost:54912}, networkConnectionEnabled: false, pageLoadStrategy: normal, platformName: windows, proxy: Proxy(), se:cdp: ws://localhost:54912/devtoo..., se:cdpVersion: 134.0.6998.89, setWindowRect: true, strictFileInteractability: false, timeouts: {implicit: 0, pageLoad: 300000, script: 30000}, unhandledPromptBehavior: dismiss and notify, webauthn:extension:credBlob: true, webauthn:extension:largeBlob: true, webauthn:extension:minPinLength: true, webauthn:extension:prf: true, webauthn:virtualAuthenticators: true}
Session ID: 38a37c54df5c19e238074807712d6fce
2025-03-18 09:34:58 [main] INFO  l.i.u.t.SubmittedApplicationsPageTest - Marking 'Ne' radio button 4
2025-03-18 09:35:09 [main] ERROR l.i.u.p.SubmittedApplicationsPage - Error selecting radio button: Expected condition failed: waiting for element to be clickable: By.xpath: (//input[@type='radio' and @value='false'])[12] (tried for 10 second(s) with 500 milliseconds interval)
Build info: version: '4.27.0', revision: 'd6e718d134'
System info: os.name: 'Windows 11', os.arch: 'amd64', os.version: '10.0', java.version: '21.0.3'
Driver info: org.openqa.selenium.chrome.ChromeDriver
Capabilities {acceptInsecureCerts: false, browserName: chrome, browserVersion: 134.0.6998.89, chrome: {chromedriverVersion: 134.0.6998.88 (7e3d5c978c6d..., userDataDir: C:\Users\INGRID~1.ZAD\AppDa...}, fedcm:accounts: true, goog:chromeOptions: {debuggerAddress: localhost:54912}, networkConnectionEnabled: false, pageLoadStrategy: normal, platformName: windows, proxy: Proxy(), se:cdp: ws://localhost:54912/devtoo..., se:cdpVersion: 134.0.6998.89, setWindowRect: true, strictFileInteractability: false, timeouts: {implicit: 0, pageLoad: 300000, script: 30000}, unhandledPromptBehavior: dismiss and notify, webauthn:extension:credBlob: true, webauthn:extension:largeBlob: true, webauthn:extension:minPinLength: true, webauthn:extension:prf: true, webauthn:virtualAuthenticators: true}
Session ID: 38a37c54df5c19e238074807712d6fce
2025-03-18 09:35:09 [main] INFO  l.i.u.t.SubmittedApplicationsPageTest - Marking 'Ne' radio button 5
2025-03-18 09:35:19 [main] ERROR l.i.u.p.SubmittedApplicationsPage - Error selecting radio button: Expected condition failed: waiting for element to be clickable: By.xpath: (//input[@type='radio' and @value='false'])[13] (tried for 10 second(s) with 500 milliseconds interval)
Build info: version: '4.27.0', revision: 'd6e718d134'
System info: os.name: 'Windows 11', os.arch: 'amd64', os.version: '10.0', java.version: '21.0.3'
Driver info: org.openqa.selenium.chrome.ChromeDriver
Capabilities {acceptInsecureCerts: false, browserName: chrome, browserVersion: 134.0.6998.89, chrome: {chromedriverVersion: 134.0.6998.88 (7e3d5c978c6d..., userDataDir: C:\Users\INGRID~1.ZAD\AppDa...}, fedcm:accounts: true, goog:chromeOptions: {debuggerAddress: localhost:54912}, networkConnectionEnabled: false, pageLoadStrategy: normal, platformName: windows, proxy: Proxy(), se:cdp: ws://localhost:54912/devtoo..., se:cdpVersion: 134.0.6998.89, setWindowRect: true, strictFileInteractability: false, timeouts: {implicit: 0, pageLoad: 300000, script: 30000}, unhandledPromptBehavior: dismiss and notify, webauthn:extension:credBlob: true, webauthn:extension:largeBlob: true, webauthn:extension:minPinLength: true, webauthn:extension:prf: true, webauthn:virtualAuthenticators: true}
Session ID: 38a37c54df5c19e238074807712d6fce
2025-03-18 09:35:19 [main] INFO  l.i.u.t.SubmittedApplicationsPageTest - Marking 'Ne' radio button 6
2025-03-18 09:35:29 [main] ERROR l.i.u.p.SubmittedApplicationsPage - Error selecting radio button: Expected condition failed: waiting for element to be clickable: By.xpath: (//input[@type='radio' and @value='true'])[14] (tried for 10 second(s) with 500 milliseconds interval)
Build info: version: '4.27.0', revision: 'd6e718d134'
System info: os.name: 'Windows 11', os.arch: 'amd64', os.version: '10.0', java.version: '21.0.3'
Driver info: org.openqa.selenium.chrome.ChromeDriver
Capabilities {acceptInsecureCerts: false, browserName: chrome, browserVersion: 134.0.6998.89, chrome: {chromedriverVersion: 134.0.6998.88 (7e3d5c978c6d..., userDataDir: C:\Users\INGRID~1.ZAD\AppDa...}, fedcm:accounts: true, goog:chromeOptions: {debuggerAddress: localhost:54912}, networkConnectionEnabled: false, pageLoadStrategy: normal, platformName: windows, proxy: Proxy(), se:cdp: ws://localhost:54912/devtoo..., se:cdpVersion: 134.0.6998.89, setWindowRect: true, strictFileInteractability: false, timeouts: {implicit: 0, pageLoad: 300000, script: 30000}, unhandledPromptBehavior: dismiss and notify, webauthn:extension:credBlob: true, webauthn:extension:largeBlob: true, webauthn:extension:minPinLength: true, webauthn:extension:prf: true, webauthn:virtualAuthenticators: true}
Session ID: 38a37c54df5c19e238074807712d6fce
2025-03-18 09:35:29 [main] INFO  l.i.u.t.SubmittedApplicationsPageTest - Marking 'Taip' radio button 7
2025-03-18 09:35:40 [main] ERROR l.i.u.p.SubmittedApplicationsPage - Error selecting radio button: Expected condition failed: waiting for element to be clickable: By.xpath: (//input[@type='radio' and @value='true'])[15] (tried for 10 second(s) with 500 milliseconds interval)
Build info: version: '4.27.0', revision: 'd6e718d134'
System info: os.name: 'Windows 11', os.arch: 'amd64', os.version: '10.0', java.version: '21.0.3'
Driver info: org.openqa.selenium.chrome.ChromeDriver
Capabilities {acceptInsecureCerts: false, browserName: chrome, browserVersion: 134.0.6998.89, chrome: {chromedriverVersion: 134.0.6998.88 (7e3d5c978c6d..., userDataDir: C:\Users\INGRID~1.ZAD\AppDa...}, fedcm:accounts: true, goog:chromeOptions: {debuggerAddress: localhost:54912}, networkConnectionEnabled: false, pageLoadStrategy: normal, platformName: windows, proxy: Proxy(), se:cdp: ws://localhost:54912/devtoo..., se:cdpVersion: 134.0.6998.89, setWindowRect: true, strictFileInteractability: false, timeouts: {implicit: 0, pageLoad: 300000, script: 30000}, unhandledPromptBehavior: dismiss and notify, webauthn:extension:credBlob: true, webauthn:extension:largeBlob: true, webauthn:extension:minPinLength: true, webauthn:extension:prf: true, webauthn:virtualAuthenticators: true}
Session ID: 38a37c54df5c19e238074807712d6fce
2025-03-18 09:35:40 [main] INFO  l.i.u.t.SubmittedApplicationsPageTest - Marking 'Taip' radio button 8
2025-03-18 09:35:50 [main] ERROR l.i.u.p.SubmittedApplicationsPage - Error selecting radio button: Expected condition failed: waiting for element to be clickable: By.xpath: (//input[@type='radio' and @value='true'])[16] (tried for 10 second(s) with 500 milliseconds interval)
Build info: version: '4.27.0', revision: 'd6e718d134'
System info: os.name: 'Windows 11', os.arch: 'amd64', os.version: '10.0', java.version: '21.0.3'
Driver info: org.openqa.selenium.chrome.ChromeDriver
Capabilities {acceptInsecureCerts: false, browserName: chrome, browserVersion: 134.0.6998.89, chrome: {chromedriverVersion: 134.0.6998.88 (7e3d5c978c6d..., userDataDir: C:\Users\INGRID~1.ZAD\AppDa...}, fedcm:accounts: true, goog:chromeOptions: {debuggerAddress: localhost:54912}, networkConnectionEnabled: false, pageLoadStrategy: normal, platformName: windows, proxy: Proxy(), se:cdp: ws://localhost:54912/devtoo..., se:cdpVersion: 134.0.6998.89, setWindowRect: true, strictFileInteractability: false, timeouts: {implicit: 0, pageLoad: 300000, script: 30000}, unhandledPromptBehavior: dismiss and notify, webauthn:extension:credBlob: true, webauthn:extension:largeBlob: true, webauthn:extension:minPinLength: true, webauthn:extension:prf: true, webauthn:virtualAuthenticators: true}
Session ID: 38a37c54df5c19e238074807712d6fce
2025-03-18 09:35:50 [main] INFO  l.i.u.t.SubmittedApplicationsPageTest - Marking 'Taip' radio button 9
2025-03-18 09:36:01 [main] ERROR l.i.u.p.SubmittedApplicationsPage - Error selecting radio button: Expected condition failed: waiting for element to be clickable: By.xpath: (//input[@type='radio' and @value='true'])[17] (tried for 10 second(s) with 500 milliseconds interval)
Build info: version: '4.27.0', revision: 'd6e718d134'
System info: os.name: 'Windows 11', os.arch: 'amd64', os.version: '10.0', java.version: '21.0.3'
Driver info: org.openqa.selenium.chrome.ChromeDriver
Capabilities {acceptInsecureCerts: false, browserName: chrome, browserVersion: 134.0.6998.89, chrome: {chromedriverVersion: 134.0.6998.88 (7e3d5c978c6d..., userDataDir: C:\Users\INGRID~1.ZAD\AppDa...}, fedcm:accounts: true, goog:chromeOptions: {debuggerAddress: localhost:54912}, networkConnectionEnabled: false, pageLoadStrategy: normal, platformName: windows, proxy: Proxy(), se:cdp: ws://localhost:54912/devtoo..., se:cdpVersion: 134.0.6998.89, setWindowRect: true, strictFileInteractability: false, timeouts: {implicit: 0, pageLoad: 300000, script: 30000}, unhandledPromptBehavior: dismiss and notify, webauthn:extension:credBlob: true, webauthn:extension:largeBlob: true, webauthn:extension:minPinLength: true, webauthn:extension:prf: true, webauthn:virtualAuthenticators: true}
Session ID: 38a37c54df5c19e238074807712d6fce
2025-03-18 09:36:01 [main] INFO  l.i.u.t.SubmittedApplicationsPageTest - Marking 'Taip' radio button 10
2025-03-18 09:36:11 [main] ERROR l.i.u.p.SubmittedApplicationsPage - Error selecting radio button: Expected condition failed: waiting for element to be clickable: By.xpath: (//input[@type='radio' and @value='true'])[18] (tried for 10 second(s) with 500 milliseconds interval)
Build info: version: '4.27.0', revision: 'd6e718d134'
System info: os.name: 'Windows 11', os.arch: 'amd64', os.version: '10.0', java.version: '21.0.3'
Driver info: org.openqa.selenium.chrome.ChromeDriver
Capabilities {acceptInsecureCerts: false, browserName: chrome, browserVersion: 134.0.6998.89, chrome: {chromedriverVersion: 134.0.6998.88 (7e3d5c978c6d..., userDataDir: C:\Users\INGRID~1.ZAD\AppDa...}, fedcm:accounts: true, goog:chromeOptions: {debuggerAddress: localhost:54912}, networkConnectionEnabled: false, pageLoadStrategy: normal, platformName: windows, proxy: Proxy(), se:cdp: ws://localhost:54912/devtoo..., se:cdpVersion: 134.0.6998.89, setWindowRect: true, strictFileInteractability: false, timeouts: {implicit: 0, pageLoad: 300000, script: 30000}, unhandledPromptBehavior: dismiss and notify, webauthn:extension:credBlob: true, webauthn:extension:largeBlob: true, webauthn:extension:minPinLength: true, webauthn:extension:prf: true, webauthn:virtualAuthenticators: true}
Session ID: 38a37c54df5c19e238074807712d6fce
2025-03-18 09:36:11 [main] INFO  l.i.u.t.SubmittedApplicationsPageTest - Marking 'Taip' radio button 11
2025-03-18 09:36:21 [main] ERROR l.i.u.p.SubmittedApplicationsPage - Error selecting radio button: Expected condition failed: waiting for element to be clickable: By.xpath: (//input[@type='radio' and @value='true'])[19] (tried for 10 second(s) with 500 milliseconds interval)
Build info: version: '4.27.0', revision: 'd6e718d134'
System info: os.name: 'Windows 11', os.arch: 'amd64', os.version: '10.0', java.version: '21.0.3'
Driver info: org.openqa.selenium.chrome.ChromeDriver
Capabilities {acceptInsecureCerts: false, browserName: chrome, browserVersion: 134.0.6998.89, chrome: {chromedriverVersion: 134.0.6998.88 (7e3d5c978c6d..., userDataDir: C:\Users\INGRID~1.ZAD\AppDa...}, fedcm:accounts: true, goog:chromeOptions: {debuggerAddress: localhost:54912}, networkConnectionEnabled: false, pageLoadStrategy: normal, platformName: windows, proxy: Proxy(), se:cdp: ws://localhost:54912/devtoo..., se:cdpVersion: 134.0.6998.89, setWindowRect: true, strictFileInteractability: false, timeouts: {implicit: 0, pageLoad: 300000, script: 30000}, unhandledPromptBehavior: dismiss and notify, webauthn:extension:credBlob: true, webauthn:extension:largeBlob: true, webauthn:extension:minPinLength: true, webauthn:extension:prf: true, webauthn:virtualAuthenticators: true}
Session ID: 38a37c54df5c19e238074807712d6fce
2025-03-18 09:36:21 [main] INFO  l.i.u.t.SubmittedApplicationsPageTest - Marking 'Taip' radio button 12
2025-03-18 09:36:31 [main] DEBUG l.i.u.t.SubmittedApplicationsPageTest - Checked 'ConfirmationStepFour'
2025-03-18 09:36:31 [main] DEBUG l.i.u.t.SubmittedApplicationsPageTest - Clicked 'Next' button after checkboxes.
2025-03-18 09:36:32 [main] INFO  l.i.u.p.SubmittedApplicationsPage - File uploaded successfully to an input element.
2025-03-18 09:36:32 [main] INFO  l.i.u.p.SubmittedApplicationsPage - File uploaded successfully to an input element.
2025-03-18 09:36:32 [main] INFO  l.i.u.p.SubmittedApplicationsPage - File uploaded successfully to an input element.
2025-03-18 09:36:32 [main] INFO  l.i.u.p.SubmittedApplicationsPage - File uploaded successfully to an input element.
2025-03-18 09:36:32 [main] INFO  l.i.u.p.SubmittedApplicationsPage - File uploaded successfully to an input element.
2025-03-18 09:36:32 [main] INFO  l.i.u.p.SubmittedApplicationsPage - File uploaded successfully to an input element.
2025-03-18 09:36:32 [main] INFO  l.i.u.p.SubmittedApplicationsPage - File uploaded successfully to an input element.
2025-03-18 09:36:32 [main] INFO  l.i.u.p.SubmittedApplicationsPage - File uploaded successfully to an input element.
2025-03-18 09:36:32 [main] INFO  l.i.u.p.SubmittedApplicationsPage - File uploaded successfully to an input element.
2025-03-18 09:36:32 [main] INFO  l.i.u.p.SubmittedApplicationsPage - File uploaded successfully to an input element.
2025-03-18 09:36:32 [main] DEBUG l.i.u.t.SubmittedApplicationsPageTest - Entered program name: 'Dokumentas 1'.
2025-03-18 09:36:32 [main] DEBUG l.i.u.t.SubmittedApplicationsPageTest - Entered program name: 'Dokumentas 2'.
2025-03-18 09:36:32 [main] DEBUG l.i.u.t.SubmittedApplicationsPageTest - Entered program name: 'Dokumentas 3'.
2025-03-18 09:36:33 [main] DEBUG l.i.u.t.SubmittedApplicationsPageTest - Entered program name: 'Dokumentas 4'.
2025-03-18 09:36:33 [main] DEBUG l.i.u.t.SubmittedApplicationsPageTest - Entered program name: 'Dokumentas 5'.
2025-03-18 09:36:33 [main] DEBUG l.i.u.t.SubmittedApplicationsPageTest - Entered program name: 'Dokumentas 6'.
2025-03-18 09:36:33 [main] DEBUG l.i.u.t.SubmittedApplicationsPageTest - Entered program name: 'Dokumentas 4'.
2025-03-18 09:36:33 [main] DEBUG l.i.u.t.SubmittedApplicationsPageTest - Entered program name: 'Dokumentas 8'.
2025-03-18 09:36:33 [main] DEBUG l.i.u.t.SubmittedApplicationsPageTest - Entered program name: 'Dokumentas 9'.
2025-03-18 09:36:33 [main] DEBUG l.i.u.t.SubmittedApplicationsPageTest - Entered program name: 'Dokumentas 10'.
2025-03-18 09:36:43 [main] DEBUG l.i.u.t.SubmittedApplicationsPageTest - Checked 'ConfirmationDocument'
2025-03-18 09:36:54 [main] DEBUG l.i.u.t.SubmittedApplicationsPageTest - Checked 'ConfirmationApplication'
2025-03-18 09:36:54 [main] DEBUG l.i.u.t.SubmittedApplicationsPageTest - Clicked 'SaveDraft' button after checkboxes.
2025-03-18 09:36:54 [main] DEBUG l.i.uztis.pages.ApplicationFormsPage - Verified success message: 'Ruošinys sėkmingai išsaugotas.'
2025-03-18 09:36:54 [main] INFO  l.i.u.t.SubmittedApplicationsPageTest - Verified success message
2025-03-18 09:36:54 [main] DEBUG l.i.u.t.SubmittedApplicationsPageTest - Clicked 'Review' button after checkboxes.
2025-03-18 09:36:54 [main] DEBUG l.i.u.t.SubmittedApplicationsPageTest - Clicked 'Submit' button after checkboxes.
2025-03-18 09:36:54 [main] DEBUG l.i.u.t.SubmittedApplicationsPageTest - Clicked 'SubmitConfirmation' button after checkboxes.
2025-03-18 09:36:54 [main] ERROR l.i.uztis.pages.ApplicationFormsPage - Failed to verify the success message: 'Paraiška sėkmingai pateikta ir užregistruota.'. Available messages: [Ruošinys sėkmingai išsaugotas.]
2025-03-18 09:36:54 [main] INFO  l.i.u.t.SubmittedApplicationsPageTest - Test 'testFillNewVUIApplicationFA' completed successfully.
2025-03-18 13:48:14 [main] INFO  lt.insoft.uztis.tests.UztisPageTest - Navigated to https://uztisdev.asseco.lt/home
2025-03-18 13:48:14 [main] INFO  l.i.u.tests.ApplicationFormsPageTest - Setup complete. ApplicationFormsPage initialized.
2025-03-18 13:48:14 [main] INFO  l.i.u.tests.ApplicationFormsPageTest - Starting test:'testCreateNewVuiApplication'
2025-03-18 13:48:15 [main] DEBUG l.i.u.tests.ApplicationFormsPageTest - User logged in with test credentials
2025-03-18 13:48:15 [main] DEBUG l.i.u.tests.ApplicationFormsPageTest - Opened 'Application Processing' menu.
2025-03-18 13:48:15 [main] DEBUG l.i.u.tests.ApplicationFormsPageTest - Clicked on 'Application Forms' menu.
2025-03-18 13:48:16 [main] DEBUG l.i.u.tests.ApplicationFormsPageTest - Clicked to create a new application form.
2025-03-18 13:48:16 [main] DEBUG l.i.u.tests.ApplicationFormsPageTest - Entered random application code: TST-VUI-75
2025-03-18 13:48:16 [main] DEBUG l.i.u.tests.ApplicationFormsPageTest - Selected 'Section' radio button.
2025-03-18 13:48:16 [main] INFO  l.i.uztis.pages.ApplicationFormsPage - Located the dropdown button.
2025-03-18 13:48:16 [main] INFO  l.i.uztis.pages.ApplicationFormsPage - Successfully selected the value: 'Skyrius 1'
2025-03-18 13:48:27 [main] ERROR l.i.uztis.pages.ApplicationFormsPage - Failed to close the dropdown with aria-expanded = 'false'.
2025-03-18 13:48:27 [main] DEBUG l.i.u.tests.ApplicationFormsPageTest - Selected a value from the 'Section' dropdown: 'Skyrius 1'
2025-03-18 13:48:27 [main] DEBUG l.i.u.tests.ApplicationFormsPageTest - Selected 'Budget by Municipality' option.
2025-03-18 13:48:27 [main] DEBUG l.i.u.tests.ApplicationFormsPageTest - Selected 'Financed Without Queue' option.
2025-03-18 13:48:27 [main] DEBUG l.i.u.tests.ApplicationFormsPageTest - Clicked 'Add' button.
2025-03-18 13:48:27 [main] INFO  l.i.uztis.pages.ApplicationFormsPage - Located the dropdown button.
2025-03-18 13:48:30 [main] INFO  l.i.uztis.pages.ApplicationFormsPage - Successfully selected the value: 'VUI paraiškos vertinimo forma - I etapas'
2025-03-18 13:48:40 [main] ERROR l.i.uztis.pages.ApplicationFormsPage - Failed to close the dropdown with aria-expanded = 'false'.
2025-03-18 13:48:40 [main] DEBUG l.i.u.tests.ApplicationFormsPageTest - Selected a value from the 'EvaluationOne' dropdown: 'VUI paraiškos vertinimo forma - I etapas'
2025-03-18 13:48:40 [main] INFO  l.i.uztis.pages.ApplicationFormsPage - Located the dropdown button.
2025-03-18 13:48:42 [main] INFO  l.i.uztis.pages.ApplicationFormsPage - Successfully selected the value: 'VUI paraiškos vertinimo forma - II etapas'
2025-03-18 13:48:52 [main] ERROR l.i.uztis.pages.ApplicationFormsPage - Failed to close the dropdown with aria-expanded = 'false'.
2025-03-18 13:48:52 [main] DEBUG l.i.u.tests.ApplicationFormsPageTest - Selected a value from the 'EvaluationTwon' dropdown: 'VUI paraiškos vertinimo forma - II etapas'
2025-03-18 13:48:52 [main] INFO  l.i.uztis.pages.ApplicationFormsPage - Located the dropdown button.
2025-03-18 13:48:54 [main] INFO  l.i.uztis.pages.ApplicationFormsPage - Successfully selected the value: 'VUI paraiškos vertinimo forma - III etapas'
2025-03-18 13:49:04 [main] ERROR l.i.uztis.pages.ApplicationFormsPage - Failed to close the dropdown with aria-expanded = 'false'.
2025-03-18 13:49:04 [main] DEBUG l.i.u.tests.ApplicationFormsPageTest - Selected a value from the 'EvaluationThree' dropdown: 'VUI paraiškos vertinimo forma - III etapas'
2025-03-18 13:49:04 [main] DEBUG l.i.u.tests.ApplicationFormsPageTest - Clicked 'Plus' button.
2025-03-18 13:49:05 [main] DEBUG l.i.u.tests.ApplicationFormsPageTest - Clicked 'Add' button seven times.
2025-03-18 13:49:05 [main] INFO  l.i.uztis.pages.ApplicationFormsPage - Processing dropdown index: 0
2025-03-18 13:49:16 [main] ERROR l.i.uztis.pages.ApplicationFormsPage - Timeout while waiting for dropdown to close at index: 0 with aria-expanded = 'false'
2025-03-18 13:49:16 [main] INFO  l.i.uztis.pages.ApplicationFormsPage - Processing dropdown index: 1
2025-03-18 13:49:27 [main] ERROR l.i.uztis.pages.ApplicationFormsPage - Timeout while waiting for dropdown to close at index: 1 with aria-expanded = 'false'
2025-03-18 13:49:27 [main] INFO  l.i.uztis.pages.ApplicationFormsPage - Processing dropdown index: 2
2025-03-18 13:49:37 [main] ERROR l.i.uztis.pages.ApplicationFormsPage - Timeout while waiting for dropdown to close at index: 2 with aria-expanded = 'false'
2025-03-18 13:49:37 [main] INFO  l.i.uztis.pages.ApplicationFormsPage - Processing dropdown index: 3
2025-03-18 13:49:48 [main] ERROR l.i.uztis.pages.ApplicationFormsPage - Timeout while waiting for dropdown to close at index: 3 with aria-expanded = 'false'
2025-03-18 13:49:48 [main] INFO  l.i.uztis.pages.ApplicationFormsPage - Processing dropdown index: 4
2025-03-18 13:49:59 [main] ERROR l.i.uztis.pages.ApplicationFormsPage - Timeout while waiting for dropdown to close at index: 4 with aria-expanded = 'false'
2025-03-18 13:50:00 [main] INFO  l.i.uztis.pages.ApplicationFormsPage - Processing dropdown index: 5
2025-03-18 13:50:10 [main] ERROR l.i.uztis.pages.ApplicationFormsPage - Timeout while waiting for dropdown to close at index: 5 with aria-expanded = 'false'
2025-03-18 13:50:10 [main] INFO  l.i.uztis.pages.ApplicationFormsPage - Processing dropdown index: 6
2025-03-18 13:50:21 [main] ERROR l.i.uztis.pages.ApplicationFormsPage - Timeout while waiting for dropdown to close at index: 6 with aria-expanded = 'false'
2025-03-18 13:50:21 [main] INFO  l.i.uztis.pages.ApplicationFormsPage - Processing dropdown index: 7
2025-03-18 13:50:33 [main] ERROR l.i.uztis.pages.ApplicationFormsPage - Timeout while waiting for dropdown to close at index: 7 with aria-expanded = 'false'
2025-03-18 13:50:33 [main] INFO  l.i.uztis.pages.ApplicationFormsPage - Processing input field index: 0
2025-03-18 13:50:33 [main] INFO  l.i.uztis.pages.ApplicationFormsPage - Entered value '50' into field index: 0
2025-03-18 13:50:33 [main] INFO  l.i.uztis.pages.ApplicationFormsPage - Processing input field index: 1
2025-03-18 13:50:33 [main] INFO  l.i.uztis.pages.ApplicationFormsPage - Entered value '924' into field index: 1
2025-03-18 13:50:33 [main] INFO  l.i.uztis.pages.ApplicationFormsPage - Processing input field index: 2
2025-03-18 13:50:33 [main] INFO  l.i.uztis.pages.ApplicationFormsPage - Entered value '31' into field index: 2
2025-03-18 13:50:33 [main] INFO  l.i.uztis.pages.ApplicationFormsPage - Processing input field index: 3
2025-03-18 13:50:33 [main] INFO  l.i.uztis.pages.ApplicationFormsPage - Entered value '4.7' into field index: 3
2025-03-18 13:50:33 [main] INFO  l.i.uztis.pages.ApplicationFormsPage - Processing input field index: 4
2025-03-18 13:50:33 [main] INFO  l.i.uztis.pages.ApplicationFormsPage - Entered value '35' into field index: 4
2025-03-18 13:50:33 [main] INFO  l.i.uztis.pages.ApplicationFormsPage - Processing input field index: 5
2025-03-18 13:50:34 [main] INFO  l.i.uztis.pages.ApplicationFormsPage - Entered value '20' into field index: 5
2025-03-18 13:50:34 [main] INFO  l.i.uztis.pages.ApplicationFormsPage - Processing input field index: 6
2025-03-18 13:50:34 [main] INFO  l.i.uztis.pages.ApplicationFormsPage - Entered value '30' into field index: 6
2025-03-18 13:50:34 [main] INFO  l.i.uztis.pages.ApplicationFormsPage - Processing input field index: 7
2025-03-18 13:50:34 [main] INFO  l.i.uztis.pages.ApplicationFormsPage - Entered value '60' into field index: 7
2025-03-18 13:50:34 [main] DEBUG l.i.u.tests.ApplicationFormsPageTest - Entered additional values and text.
2025-03-18 13:50:34 [main] DEBUG l.i.u.tests.ApplicationFormsPageTest - Entered application name: VUI paraiška
2025-03-18 13:50:34 [main] DEBUG l.i.u.tests.ApplicationFormsPageTest - Clicked the 'Save' button.
2025-03-18 13:50:34 [main] DEBUG l.i.uztis.pages.ApplicationFormsPage - Verified success message: 'Duomenys sėkmingai išsaugoti.'
2025-03-18 13:50:34 [main] INFO  l.i.u.tests.ApplicationFormsPageTest - Verified success message
2025-03-18 13:50:34 [main] INFO  l.i.u.tests.ApplicationFormsPageTest - Verified that the 'Save Form' button is displayed.
2025-03-18 13:50:34 [main] INFO  l.i.u.tests.ApplicationFormsPageTest - Test 'testCreateNewVuiApplication' completed successfully.
2025-03-18 13:51:28 [main] INFO  lt.insoft.uztis.tests.UztisPageTest - Navigated to https://uztisdev.asseco.lt/home
2025-03-18 13:51:28 [main] INFO  l.i.u.tests.ApplicationFormsPageTest - Setup complete. ApplicationFormsPage initialized.
2025-03-18 13:51:28 [main] INFO  l.i.u.tests.ApplicationFormsPageTest - Starting test:'testEditAndSaveVuiApplication'
2025-03-18 13:51:28 [main] DEBUG l.i.u.tests.ApplicationFormsPageTest - User logged in with test credentials
2025-03-18 13:51:28 [main] DEBUG l.i.u.tests.ApplicationFormsPageTest - Opened 'Application Processing' menu.
2025-03-18 13:51:28 [main] DEBUG l.i.u.tests.ApplicationFormsPageTest - Clicked on 'Application Forms' menu.
2025-03-18 13:51:29 [main] DEBUG l.i.u.tests.ApplicationFormsPageTest - Selected the last application description.
2025-03-18 13:51:30 [main] DEBUG l.i.u.tests.ApplicationFormsPageTest - Clicked the 'Edit' button.
2025-03-18 13:51:30 [main] DEBUG l.i.u.tests.ApplicationFormsPageTest - Selected 'Municipality' radio button.
2025-03-18 13:51:30 [main] INFO  l.i.uztis.pages.ApplicationFormsPage - Located the dropdown button.
2025-03-18 13:51:30 [main] INFO  l.i.uztis.pages.ApplicationFormsPage - Successfully selected the value: 'Kauno departamentas'
2025-03-18 13:51:41 [main] ERROR l.i.uztis.pages.ApplicationFormsPage - Failed to close the dropdown with aria-expanded = 'false'.
2025-03-18 13:51:41 [main] DEBUG l.i.u.tests.ApplicationFormsPageTest - Selected a value from the 'Municipality' dropdown: 'Kauno departamentas'
2025-03-18 13:51:41 [main] DEBUG l.i.u.tests.ApplicationFormsPageTest - Selected 'Budget By Country' radio button.
2025-03-18 13:51:41 [main] DEBUG l.i.u.tests.ApplicationFormsPageTest - Selected 'Financed By Queue' radio button.
2025-03-18 13:51:41 [main] DEBUG l.i.u.tests.ApplicationFormsPageTest - Entered new application name: _paredaguota
2025-03-18 13:51:41 [main] DEBUG l.i.u.tests.ApplicationFormsPageTest - Clicked the 'Save' button.
2025-03-18 13:51:42 [main] DEBUG l.i.uztis.pages.ApplicationFormsPage - Verified success message: 'Duomenys sėkmingai išsaugoti.'
2025-03-18 13:51:42 [main] INFO  l.i.u.tests.ApplicationFormsPageTest - Verified success message
2025-03-18 13:51:42 [main] INFO  l.i.u.tests.ApplicationFormsPageTest - Test 'testEditAndSaveVuiApplication' completed successfully.
2025-03-18 13:51:52 [main] INFO  lt.insoft.uztis.tests.UztisPageTest - Navigated to https://uztisdev.asseco.lt/home
2025-03-18 13:51:52 [main] INFO  l.i.u.tests.ApplicationFormsPageTest - Setup complete. ApplicationFormsPage initialized.
2025-03-18 13:51:52 [main] INFO  l.i.u.tests.ApplicationFormsPageTest - Starting test:'testAddContractVUI'
2025-03-18 13:51:53 [main] DEBUG l.i.u.tests.ApplicationFormsPageTest - User logged in with test credentials
2025-03-18 13:51:53 [main] DEBUG l.i.u.tests.ApplicationFormsPageTest - Opened 'Application Processing' menu.
2025-03-18 13:51:53 [main] DEBUG l.i.u.tests.ApplicationFormsPageTest - Clicked on 'Application Forms' menu.
2025-03-18 13:51:54 [main] DEBUG l.i.u.tests.ApplicationFormsPageTest - Selected the last application description.
2025-03-18 13:51:54 [main] DEBUG l.i.u.tests.ApplicationFormsPageTest - Clicked 'Project Progress' tab.
2025-03-18 13:51:55 [main] DEBUG l.i.u.tests.ApplicationFormsPageTest - Clicked the 'Edit' button.
2025-03-18 13:51:55 [main] INFO  l.i.uztis.pages.ApplicationFormsPage - Located the dropdown button.
2025-03-18 13:51:59 [main] INFO  l.i.uztis.pages.ApplicationFormsPage - Successfully selected the value: 'Vietinių užimtumo iniciatyvų projekto įgyvendinimo ir finansavimo sutartis'
2025-03-18 13:52:09 [main] ERROR l.i.uztis.pages.ApplicationFormsPage - Failed to close the dropdown with aria-expanded = 'false'.
2025-03-18 13:52:09 [main] DEBUG l.i.u.tests.ApplicationFormsPageTest - Selected a value from the 'Document' dropdown: 'Vietinių užimtumo iniciatyvų projekto įgyvendinimo ir finansavimo sutartis'
2025-03-18 13:52:09 [main] DEBUG l.i.u.tests.ApplicationFormsPageTest - Clicked the 'Save' button.
2025-03-18 13:52:19 [main] ERROR l.i.uztis.pages.ApplicationFormsPage - Failed to verify the success message: 'Funkcija sėkmingai atlikta.'. Available messages: []
2025-03-18 13:52:19 [main] INFO  l.i.u.tests.ApplicationFormsPageTest - Verified success message
2025-03-18 13:52:19 [main] INFO  l.i.u.tests.ApplicationFormsPageTest - Test 'testAddContractVUI' completed successfully.
2025-03-18 13:59:35 [main] INFO  lt.insoft.uztis.tests.UztisPageTest - Navigated to https://uztisdev.asseco.lt/home
2025-03-18 13:59:35 [main] INFO  l.i.uztis.tests.InvitationsPageTest - Starting test:'testCreateNewVuiInvitationDraft'
2025-03-18 13:59:35 [main] DEBUG l.i.uztis.tests.InvitationsPageTest - User logged in with test credentials
2025-03-18 13:59:36 [main] DEBUG l.i.uztis.tests.InvitationsPageTest - Opened 'Application Processing' menu.
2025-03-18 13:59:36 [main] DEBUG l.i.uztis.tests.InvitationsPageTest - Clicked on 'Application Forms' menu.
2025-03-18 13:59:36 [main] DEBUG l.i.uztis.tests.InvitationsPageTest - Navigating to application forms menu.
2025-03-18 13:59:36 [main] DEBUG l.i.uztis.tests.InvitationsPageTest - Retrieved last description code text: 'TST-VUI-75'.
2025-03-18 13:59:36 [main] DEBUG l.i.uztis.tests.InvitationsPageTest - Clicked on 'Invitation' menu.
2025-03-18 13:59:36 [main] DEBUG l.i.uztis.tests.InvitationsPageTest - Clicked 'Create New Application Form'.
2025-03-18 13:59:37 [main] DEBUG l.i.uztis.tests.InvitationsPageTest - Selected section by code: 'TST-VUI-75'.
2025-03-18 13:59:37 [main] INFO  l.insoft.uztis.pages.InvitationsPage - Located the dropdown button.
2025-03-18 13:59:49 [main] ERROR l.insoft.uztis.pages.InvitationsPage - Timeout while waiting for dropdown to close with aria-expanded = 'false'.
2025-03-18 13:59:49 [main] DEBUG l.i.uztis.tests.InvitationsPageTest - Selected invitation number from the list.
2025-03-18 13:59:49 [main] DEBUG l.i.uztis.tests.InvitationsPageTest - Entered current date.
2025-03-18 13:59:49 [main] DEBUG l.i.uztis.tests.InvitationsPageTest - Entered start time: 00:00.
2025-03-18 13:59:49 [main] DEBUG l.i.uztis.tests.InvitationsPageTest - Entered end date.
2025-03-18 13:59:50 [main] DEBUG l.i.uztis.tests.InvitationsPageTest - Entered end time: 11:11.
2025-03-18 13:59:50 [main] DEBUG l.i.uztis.tests.InvitationsPageTest - Draft saved.
2025-03-18 13:59:50 [main] DEBUG l.i.uztis.pages.ApplicationFormsPage - Verified success message: 'Duomenys sėkmingai išsaugoti.'
2025-03-18 13:59:50 [main] INFO  l.i.uztis.tests.InvitationsPageTest - Verified success message
2025-03-18 13:59:50 [main] INFO  l.i.uztis.tests.InvitationsPageTest - Test 'testCreateNewVuiInvitationDraft' completed successfully.
2025-03-18 14:00:01 [main] INFO  lt.insoft.uztis.tests.UztisPageTest - Navigated to https://uztisdev.asseco.lt/home
2025-03-18 14:00:02 [main] INFO  l.i.uztis.tests.InvitationsPageTest - Starting test:'testEditAndPublishVuiInvitationDraft'
2025-03-18 14:00:02 [main] DEBUG l.i.uztis.tests.InvitationsPageTest - User logged in with test credentials
2025-03-18 14:00:02 [main] DEBUG l.i.uztis.tests.InvitationsPageTest - Opened 'Application Processing' menu.
2025-03-18 14:00:02 [main] DEBUG l.i.uztis.tests.InvitationsPageTest - Clicked on 'Application Forms' menu.
2025-03-18 14:00:02 [main] DEBUG l.i.uztis.tests.InvitationsPageTest - Navigating to application forms menu.
2025-03-18 14:00:03 [main] DEBUG l.i.uztis.tests.InvitationsPageTest - Retrieved last description code text: 'TST-VUI-75'.
2025-03-18 14:00:03 [main] DEBUG l.i.uztis.tests.InvitationsPageTest - Clicked on 'Invitation' menu.
2025-03-18 14:00:04 [main] DEBUG l.i.uztis.tests.InvitationsPageTest - Selected section by code: 'TST-VUI-75'.
2025-03-18 14:00:04 [main] DEBUG l.i.uztis.tests.InvitationsPageTest - Clicked 'Search'.
2025-03-18 14:00:04 [main] DEBUG l.i.uztis.tests.InvitationsPageTest - Getting and inserting application code text.
2025-03-18 14:00:04 [main] DEBUG l.i.uztis.tests.InvitationsPageTest - Clicked 'InvitationDraft'.
2025-03-18 14:00:05 [main] DEBUG l.i.uztis.tests.InvitationsPageTest - Clicked 'Edit'.
2025-03-18 14:00:05 [main] DEBUG l.i.uztis.tests.InvitationsPageTest - Entered publication end date.
2025-03-18 14:00:05 [main] DEBUG l.i.uztis.tests.InvitationsPageTest - Added additional values.
2025-03-18 14:00:05 [main] INFO  l.insoft.uztis.pages.InvitationsPage - Located the dropdown button.
2025-03-18 14:00:06 [main] DEBUG l.i.uztis.tests.InvitationsPageTest - Selected the value: 'Didžiausia galima paramos suma aplinkos darbo vietai, Eur'
2025-03-18 14:00:06 [main] INFO  l.insoft.uztis.pages.InvitationsPage - Located the dropdown button.
2025-03-18 14:00:06 [main] DEBUG l.i.uztis.tests.InvitationsPageTest - Selected the value: 'Didžiausia galima paramos suma, Eur'
2025-03-18 14:00:06 [main] INFO  l.insoft.uztis.pages.InvitationsPage - Located the dropdown button.
2025-03-18 14:00:07 [main] DEBUG l.i.uztis.tests.InvitationsPageTest - Selected the value: 'Didžiausia galima paramos suma vienai darbo vietai, Eur'
2025-03-18 14:00:07 [main] DEBUG l.i.uztis.tests.InvitationsPageTest - Entered value: 11000
2025-03-18 14:00:07 [main] DEBUG l.i.uztis.tests.InvitationsPageTest - Entered value: 12000
2025-03-18 14:00:07 [main] DEBUG l.i.uztis.tests.InvitationsPageTest - Entered value: 13000
2025-03-18 14:00:08 [main] DEBUG l.i.uztis.tests.InvitationsPageTest - Checked 'Legal Entities' checkbox.
2025-03-18 14:00:08 [main] DEBUG l.i.uztis.tests.InvitationsPageTest - Unchecked 'Persons Registered with Employment Service' checkbox.
2025-03-18 14:00:08 [main] DEBUG l.i.uztis.tests.InvitationsPageTest - Checked 'Persons Registered as Employers' checkbox.
2025-03-18 14:00:08 [main] DEBUG l.i.uztis.tests.InvitationsPageTest - Entered second evaluation grade: '5'.
2025-03-18 14:00:08 [main] DEBUG l.i.uztis.tests.InvitationsPageTest - Entered third evaluation grade: '6'.
2025-03-18 14:00:08 [main] DEBUG l.i.uztis.tests.InvitationsPageTest - Entered second evaluation grade weight: '0,45'.
2025-03-18 14:00:08 [main] DEBUG l.i.uztis.tests.InvitationsPageTest - Entered third evaluation grade weight: '0,55'.
2025-03-18 14:00:08 [main] DEBUG l.i.uztis.tests.InvitationsPageTest - Entered budget: '2000'.
2025-03-18 14:00:08 [main] DEBUG l.i.uztis.tests.InvitationsPageTest - Entered description text: 'Aprašo tekstas'.
2025-03-18 14:00:09 [main] DEBUG l.i.uztis.tests.InvitationsPageTest - Entered applicants text: 'Pareiškėjų tekstas'.
2025-03-18 14:00:09 [main] DEBUG l.i.uztis.tests.InvitationsPageTest - Entered expenditures text: 'Išlaidų tekstas'.
2025-03-18 14:00:09 [main] DEBUG l.i.uztis.tests.InvitationsPageTest - Entered legislation text: 'Teisės aktų tekstas'.
2025-03-18 14:00:09 [main] DEBUG l.i.uztis.tests.InvitationsPageTest - Entered education text: 'Mokymų tekstas'.
2025-03-18 14:00:09 [main] DEBUG l.i.uztis.tests.InvitationsPageTest - File uploaded.
2025-03-18 14:00:09 [main] DEBUG l.i.uztis.tests.InvitationsPageTest - Clicked 'Publish'.
2025-03-18 14:00:09 [main] DEBUG l.i.uztis.tests.InvitationsPageTest - Publication confirmed.
2025-03-18 14:00:10 [main] DEBUG l.i.uztis.pages.ApplicationFormsPage - Verified success message: 'Funkcija sėkmingai atlikta.'
2025-03-18 14:00:10 [main] INFO  l.i.uztis.tests.InvitationsPageTest - Verified success message
2025-03-18 14:00:10 [main] INFO  l.i.uztis.tests.InvitationsPageTest - Test 'testEditAndPublishVuiInvitationDraft' completed successfully.
2025-03-18 14:02:32 [main] INFO  lt.insoft.uztis.tests.UztisPageTest - Navigated to https://uztisdev.asseco.lt/home
2025-03-18 14:02:32 [main] INFO  l.i.uztis.tests.InvitationsPageTest - Starting test:'testStopPublicationVuiInvitation'
2025-03-18 14:02:32 [main] DEBUG l.i.uztis.tests.InvitationsPageTest - User logged in with test credentials
2025-03-18 14:02:33 [main] DEBUG l.i.uztis.tests.InvitationsPageTest - Opened 'Application Processing' menu.
2025-03-18 14:02:33 [main] DEBUG l.i.uztis.tests.InvitationsPageTest - Clicked on 'Application Forms' menu.
2025-03-18 14:02:33 [main] DEBUG l.i.uztis.tests.InvitationsPageTest - Navigating to application forms menu.
2025-03-18 14:02:33 [main] DEBUG l.i.uztis.tests.InvitationsPageTest - Retrieved last description code text: 'TST-VUI-75'.
2025-03-18 14:02:33 [main] DEBUG l.i.uztis.tests.InvitationsPageTest - Clicked on 'Invitation' menu.
2025-03-18 14:02:34 [main] DEBUG l.i.uztis.tests.InvitationsPageTest - Selected section by code: 'TST-VUI-75'.
2025-03-18 14:02:34 [main] DEBUG l.i.uztis.tests.InvitationsPageTest - Clicked 'Search'.
2025-03-18 14:02:34 [main] DEBUG l.i.uztis.tests.InvitationsPageTest - Getting and inserting application code text.
2025-03-18 14:02:35 [main] DEBUG l.i.uztis.tests.InvitationsPageTest - Clicked 'Publishing'.
2025-03-18 14:02:45 [main] ERROR l.i.uztis.tests.InvitationsPageTest - Test 'testEditAndPublishVuiInvitationDraft' failed with error: no such element: Unable to locate element: {"method":"css selector","selector":".mat-mdc-menu-trigger.ng-star-inserted"}
  (Session info: chrome=134.0.6998.89)
For documentation on this error, please visit: https://www.selenium.dev/documentation/webdriver/troubleshooting/errors#no-such-element-exception
Build info: version: '4.27.0', revision: 'd6e718d134'
System info: os.name: 'Windows 11', os.arch: 'amd64', os.version: '10.0', java.version: '21.0.3'
Driver info: org.openqa.selenium.chrome.ChromeDriver
Command: [00564aaf7ecf40780db1d8918499309c, findElement {value=.mat-mdc-menu-trigger.ng-star-inserted, using=css selector}]
Capabilities {acceptInsecureCerts: false, browserName: chrome, browserVersion: 134.0.6998.89, chrome: {chromedriverVersion: 134.0.6998.88 (7e3d5c978c6d..., userDataDir: C:\Users\INGRID~1.ZAD\AppDa...}, fedcm:accounts: true, goog:chromeOptions: {debuggerAddress: localhost:64250}, networkConnectionEnabled: false, pageLoadStrategy: normal, platformName: windows, proxy: Proxy(), se:cdp: ws://localhost:64250/devtoo..., se:cdpVersion: 134.0.6998.89, setWindowRect: true, strictFileInteractability: false, timeouts: {implicit: 0, pageLoad: 300000, script: 30000}, unhandledPromptBehavior: dismiss and notify, webauthn:extension:credBlob: true, webauthn:extension:largeBlob: true, webauthn:extension:minPinLength: true, webauthn:extension:prf: true, webauthn:virtualAuthenticators: true}
Session ID: 00564aaf7ecf40780db1d8918499309c
org.openqa.selenium.NoSuchElementException: no such element: Unable to locate element: {"method":"css selector","selector":".mat-mdc-menu-trigger.ng-star-inserted"}
  (Session info: chrome=134.0.6998.89)
For documentation on this error, please visit: https://www.selenium.dev/documentation/webdriver/troubleshooting/errors#no-such-element-exception
Build info: version: '4.27.0', revision: 'd6e718d134'
System info: os.name: 'Windows 11', os.arch: 'amd64', os.version: '10.0', java.version: '21.0.3'
Driver info: org.openqa.selenium.chrome.ChromeDriver
Command: [00564aaf7ecf40780db1d8918499309c, findElement {value=.mat-mdc-menu-trigger.ng-star-inserted, using=css selector}]
Capabilities {acceptInsecureCerts: false, browserName: chrome, browserVersion: 134.0.6998.89, chrome: {chromedriverVersion: 134.0.6998.88 (7e3d5c978c6d..., userDataDir: C:\Users\INGRID~1.ZAD\AppDa...}, fedcm:accounts: true, goog:chromeOptions: {debuggerAddress: localhost:64250}, networkConnectionEnabled: false, pageLoadStrategy: normal, platformName: windows, proxy: Proxy(), se:cdp: ws://localhost:64250/devtoo..., se:cdpVersion: 134.0.6998.89, setWindowRect: true, strictFileInteractability: false, timeouts: {implicit: 0, pageLoad: 300000, script: 30000}, unhandledPromptBehavior: dismiss and notify, webauthn:extension:credBlob: true, webauthn:extension:largeBlob: true, webauthn:extension:minPinLength: true, webauthn:extension:prf: true, webauthn:virtualAuthenticators: true}
Session ID: 00564aaf7ecf40780db1d8918499309c
	at java.base/jdk.internal.reflect.DirectConstructorHandleAccessor.newInstance(DirectConstructorHandleAccessor.java:62)
	at java.base/java.lang.reflect.Constructor.newInstanceWithCaller(Constructor.java:502)
	at java.base/java.lang.reflect.Constructor.newInstance(Constructor.java:486)
	at org.openqa.selenium.remote.ErrorCodec.decode(ErrorCodec.java:167)
	at org.openqa.selenium.remote.codec.w3c.W3CHttpResponseCodec.decode(W3CHttpResponseCodec.java:138)
	at org.openqa.selenium.remote.codec.w3c.W3CHttpResponseCodec.decode(W3CHttpResponseCodec.java:50)
	at org.openqa.selenium.remote.HttpCommandExecutor.execute(HttpCommandExecutor.java:190)
	at org.openqa.selenium.remote.service.DriverCommandExecutor.invokeExecute(DriverCommandExecutor.java:216)
	at org.openqa.selenium.remote.service.DriverCommandExecutor.execute(DriverCommandExecutor.java:174)
	at org.openqa.selenium.remote.RemoteWebDriver.execute(RemoteWebDriver.java:545)
	at org.openqa.selenium.remote.ElementLocation$ElementFinder$2.findElement(ElementLocation.java:165)
	at org.openqa.selenium.remote.ElementLocation.findElement(ElementLocation.java:59)
	at org.openqa.selenium.remote.RemoteWebDriver.findElement(RemoteWebDriver.java:368)
	at org.openqa.selenium.remote.RemoteWebDriver.findElement(RemoteWebDriver.java:362)
	at org.openqa.selenium.support.pagefactory.DefaultElementLocator.findElement(DefaultElementLocator.java:68)
	at org.openqa.selenium.support.pagefactory.internal.LocatingElementHandler.invoke(LocatingElementHandler.java:38)
	at jdk.proxy2/jdk.proxy2.$Proxy14.click(Unknown Source)
	at lt.insoft.uztis.pages.InvitationsPage.clickButtonAction(InvitationsPage.java:617)
	at lt.insoft.uztis.tests.InvitationsPageTest.testStopPublicationVuiInvitation(InvitationsPageTest.java:333)
	at java.base/jdk.internal.reflect.DirectMethodHandleAccessor.invoke(DirectMethodHandleAccessor.java:103)
	at java.base/java.lang.reflect.Method.invoke(Method.java:580)
	at org.junit.platform.commons.util.ReflectionUtils.invokeMethod(ReflectionUtils.java:728)
	at org.junit.jupiter.engine.execution.MethodInvocation.proceed(MethodInvocation.java:60)
	at org.junit.jupiter.engine.execution.InvocationInterceptorChain$ValidatingInvocation.proceed(InvocationInterceptorChain.java:131)
	at org.junit.jupiter.engine.extension.TimeoutExtension.intercept(TimeoutExtension.java:156)
	at org.junit.jupiter.engine.extension.TimeoutExtension.interceptTestableMethod(TimeoutExtension.java:147)
	at org.junit.jupiter.engine.extension.TimeoutExtension.interceptTestMethod(TimeoutExtension.java:86)
	at org.junit.jupiter.engine.execution.InterceptingExecutableInvoker$ReflectiveInterceptorCall.lambda$ofVoidMethod$0(InterceptingExecutableInvoker.java:103)
	at org.junit.jupiter.engine.execution.InterceptingExecutableInvoker.lambda$invoke$0(InterceptingExecutableInvoker.java:93)
	at org.junit.jupiter.engine.execution.InvocationInterceptorChain$InterceptedInvocation.proceed(InvocationInterceptorChain.java:106)
	at org.junit.jupiter.engine.execution.InvocationInterceptorChain.proceed(InvocationInterceptorChain.java:64)
	at org.junit.jupiter.engine.execution.InvocationInterceptorChain.chainAndInvoke(InvocationInterceptorChain.java:45)
	at org.junit.jupiter.engine.execution.InvocationInterceptorChain.invoke(InvocationInterceptorChain.java:37)
	at org.junit.jupiter.engine.execution.InterceptingExecutableInvoker.invoke(InterceptingExecutableInvoker.java:92)
	at org.junit.jupiter.engine.execution.InterceptingExecutableInvoker.invoke(InterceptingExecutableInvoker.java:86)
	at org.junit.jupiter.engine.descriptor.TestMethodTestDescriptor.lambda$invokeTestMethod$7(TestMethodTestDescriptor.java:218)
	at org.junit.platform.engine.support.hierarchical.ThrowableCollector.execute(ThrowableCollector.java:73)
	at org.junit.jupiter.engine.descriptor.TestMethodTestDescriptor.invokeTestMethod(TestMethodTestDescriptor.java:214)
	at org.junit.jupiter.engine.descriptor.TestMethodTestDescriptor.execute(TestMethodTestDescriptor.java:139)
	at org.junit.jupiter.engine.descriptor.TestMethodTestDescriptor.execute(TestMethodTestDescriptor.java:69)
	at org.junit.platform.engine.support.hierarchical.NodeTestTask.lambda$executeRecursively$6(NodeTestTask.java:151)
	at org.junit.platform.engine.support.hierarchical.ThrowableCollector.execute(ThrowableCollector.java:73)
	at org.junit.platform.engine.support.hierarchical.NodeTestTask.lambda$executeRecursively$8(NodeTestTask.java:141)
	at org.junit.platform.engine.support.hierarchical.Node.around(Node.java:137)
	at org.junit.platform.engine.support.hierarchical.NodeTestTask.lambda$executeRecursively$9(NodeTestTask.java:139)
	at org.junit.platform.engine.support.hierarchical.ThrowableCollector.execute(ThrowableCollector.java:73)
	at org.junit.platform.engine.support.hierarchical.NodeTestTask.executeRecursively(NodeTestTask.java:138)
	at org.junit.platform.engine.support.hierarchical.NodeTestTask.execute(NodeTestTask.java:95)
	at java.base/java.util.ArrayList.forEach(ArrayList.java:1596)
	at org.junit.platform.engine.support.hierarchical.SameThreadHierarchicalTestExecutorService.invokeAll(SameThreadHierarchicalTestExecutorService.java:41)
	at org.junit.platform.engine.support.hierarchical.NodeTestTask.lambda$executeRecursively$6(NodeTestTask.java:155)
	at org.junit.platform.engine.support.hierarchical.ThrowableCollector.execute(ThrowableCollector.java:73)
	at org.junit.platform.engine.support.hierarchical.NodeTestTask.lambda$executeRecursively$8(NodeTestTask.java:141)
	at org.junit.platform.engine.support.hierarchical.Node.around(Node.java:137)
	at org.junit.platform.engine.support.hierarchical.NodeTestTask.lambda$executeRecursively$9(NodeTestTask.java:139)
	at org.junit.platform.engine.support.hierarchical.ThrowableCollector.execute(ThrowableCollector.java:73)
	at org.junit.platform.engine.support.hierarchical.NodeTestTask.executeRecursively(NodeTestTask.java:138)
	at org.junit.platform.engine.support.hierarchical.NodeTestTask.execute(NodeTestTask.java:95)
	at java.base/java.util.ArrayList.forEach(ArrayList.java:1596)
	at org.junit.platform.engine.support.hierarchical.SameThreadHierarchicalTestExecutorService.invokeAll(SameThreadHierarchicalTestExecutorService.java:41)
	at org.junit.platform.engine.support.hierarchical.NodeTestTask.lambda$executeRecursively$6(NodeTestTask.java:155)
	at org.junit.platform.engine.support.hierarchical.ThrowableCollector.execute(ThrowableCollector.java:73)
	at org.junit.platform.engine.support.hierarchical.NodeTestTask.lambda$executeRecursively$8(NodeTestTask.java:141)
	at org.junit.platform.engine.support.hierarchical.Node.around(Node.java:137)
	at org.junit.platform.engine.support.hierarchical.NodeTestTask.lambda$executeRecursively$9(NodeTestTask.java:139)
	at org.junit.platform.engine.support.hierarchical.ThrowableCollector.execute(ThrowableCollector.java:73)
	at org.junit.platform.engine.support.hierarchical.NodeTestTask.executeRecursively(NodeTestTask.java:138)
	at org.junit.platform.engine.support.hierarchical.NodeTestTask.execute(NodeTestTask.java:95)
	at org.junit.platform.engine.support.hierarchical.SameThreadHierarchicalTestExecutorService.submit(SameThreadHierarchicalTestExecutorService.java:35)
	at org.junit.platform.engine.support.hierarchical.HierarchicalTestExecutor.execute(HierarchicalTestExecutor.java:57)
	at org.junit.platform.engine.support.hierarchical.HierarchicalTestEngine.execute(HierarchicalTestEngine.java:54)
	at org.junit.platform.launcher.core.EngineExecutionOrchestrator.execute(EngineExecutionOrchestrator.java:198)
	at org.junit.platform.launcher.core.EngineExecutionOrchestrator.execute(EngineExecutionOrchestrator.java:169)
	at org.junit.platform.launcher.core.EngineExecutionOrchestrator.execute(EngineExecutionOrchestrator.java:93)
	at org.junit.platform.launcher.core.EngineExecutionOrchestrator.lambda$execute$0(EngineExecutionOrchestrator.java:58)
	at org.junit.platform.launcher.core.EngineExecutionOrchestrator.withInterceptedStreams(EngineExecutionOrchestrator.java:141)
	at org.junit.platform.launcher.core.EngineExecutionOrchestrator.execute(EngineExecutionOrchestrator.java:57)
	at org.junit.platform.launcher.core.DefaultLauncher.execute(DefaultLauncher.java:103)
	at org.junit.platform.launcher.core.DefaultLauncher.execute(DefaultLauncher.java:85)
	at org.junit.platform.launcher.core.DelegatingLauncher.execute(DelegatingLauncher.java:47)
	at org.junit.platform.launcher.core.SessionPerRequestLauncher.execute(SessionPerRequestLauncher.java:63)
	at com.intellij.junit5.JUnit5IdeaTestRunner.startRunnerWithArgs(JUnit5IdeaTestRunner.java:57)
	at com.intellij.rt.junit.IdeaTestRunner$Repeater$1.execute(IdeaTestRunner.java:38)
	at com.intellij.rt.execution.junit.TestsRepeater.repeat(TestsRepeater.java:11)
	at com.intellij.rt.junit.IdeaTestRunner$Repeater.startRunnerWithArgs(IdeaTestRunner.java:35)
	at com.intellij.rt.junit.JUnitStarter.prepareStreamsAndStart(JUnitStarter.java:232)
	at com.intellij.rt.junit.JUnitStarter.main(JUnitStarter.java:55)
2025-03-18 14:02:45 [main] INFO  l.insoft.uztis.tests.utils.TestUtils - Screenshot moved to C:\Users\ingrida.zadorozniene\Desktop\Asm\UZTIS\UZTIS_tests\test-output\screenshots\20250318\140245904_testStopPublicationVuiInvitation().png
2025-03-18 14:07:41 [main] INFO  lt.insoft.uztis.tests.UztisPageTest - Navigated to https://uztisdev.asseco.lt/home
2025-03-18 14:07:41 [main] INFO  l.i.uztis.tests.InvitationsPageTest - Starting test:'testStopPublicationVuiInvitation'
2025-03-18 14:07:41 [main] DEBUG l.i.uztis.tests.InvitationsPageTest - User logged in with test credentials
2025-03-18 14:07:41 [main] DEBUG l.i.uztis.tests.InvitationsPageTest - Opened 'Application Processing' menu.
2025-03-18 14:07:41 [main] DEBUG l.i.uztis.tests.InvitationsPageTest - Clicked on 'Application Forms' menu.
2025-03-18 14:07:41 [main] DEBUG l.i.uztis.tests.InvitationsPageTest - Navigating to application forms menu.
2025-03-18 14:07:42 [main] DEBUG l.i.uztis.tests.InvitationsPageTest - Retrieved last description code text: 'TST-VUI-75'.
2025-03-18 14:07:42 [main] DEBUG l.i.uztis.tests.InvitationsPageTest - Clicked on 'Invitation' menu.
2025-03-18 14:07:43 [main] DEBUG l.i.uztis.tests.InvitationsPageTest - Selected section by code: 'TST-VUI-75'.
2025-03-18 14:07:43 [main] DEBUG l.i.uztis.tests.InvitationsPageTest - Clicked 'Search'.
2025-03-18 14:07:43 [main] DEBUG l.i.uztis.tests.InvitationsPageTest - Getting and inserting application code text.
2025-03-18 14:07:44 [main] DEBUG l.i.uztis.tests.InvitationsPageTest - Clicked 'Publishing'.
2025-03-18 14:07:44 [main] DEBUG l.i.uztis.tests.InvitationsPageTest - Clicked 'Action'.
2025-03-18 14:07:44 [main] DEBUG l.i.uztis.tests.InvitationsPageTest - Clicked 'Stop Publication'.
2025-03-18 14:07:44 [main] DEBUG l.i.uztis.tests.InvitationsPageTest - Entered expenditures text: 'Priežasties aprašas'.
2025-03-18 14:07:44 [main] DEBUG l.i.uztis.tests.InvitationsPageTest - Clicked 'Stop Publication Confirmation'.
2025-03-18 14:07:45 [main] DEBUG l.i.uztis.tests.InvitationsPageTest - Fetched label text: Sustabdytas publikavimas
2025-03-18 14:07:45 [main] INFO  l.i.uztis.tests.InvitationsPageTest - 'goToInvitationPageTest' completed. Label is: Sustabdytas publikavimas
2025-03-18 14:07:45 [main] INFO  l.i.uztis.tests.InvitationsPageTest - Test 'testStopPublicationVuiInvitation' completed successfully.
2025-03-18 14:07:56 [main] INFO  lt.insoft.uztis.tests.UztisPageTest - Navigated to https://uztisdev.asseco.lt/home
2025-03-18 14:07:56 [main] INFO  l.i.uztis.tests.InvitationsPageTest - Starting test:'testArchiveVuiInvitation'
2025-03-18 14:07:56 [main] DEBUG l.i.uztis.tests.InvitationsPageTest - User logged in with test credentials
2025-03-18 14:07:56 [main] DEBUG l.i.uztis.tests.InvitationsPageTest - Opened 'Application Processing' menu.
2025-03-18 14:07:56 [main] DEBUG l.i.uztis.tests.InvitationsPageTest - Clicked on 'Application Forms' menu.
2025-03-18 14:07:56 [main] DEBUG l.i.uztis.tests.InvitationsPageTest - Navigating to application forms menu.
2025-03-18 14:07:57 [main] DEBUG l.i.uztis.tests.InvitationsPageTest - Retrieved last description code text: 'TST-VUI-75'.
2025-03-18 14:07:57 [main] DEBUG l.i.uztis.tests.InvitationsPageTest - Clicked on 'Invitation' menu.
2025-03-18 14:07:58 [main] DEBUG l.i.uztis.tests.InvitationsPageTest - Selected section by code: 'TST-VUI-75'.
2025-03-18 14:07:59 [main] DEBUG l.i.uztis.tests.InvitationsPageTest - Clicked 'Search'.
2025-03-18 14:07:59 [main] DEBUG l.i.uztis.tests.InvitationsPageTest - Getting and inserting application code text.
2025-03-18 14:07:59 [main] DEBUG l.i.uztis.tests.InvitationsPageTest - Clicked 'Publication Stopped'.
2025-03-18 14:07:59 [main] DEBUG l.i.uztis.tests.InvitationsPageTest - Clicked 'Action'.
2025-03-18 14:08:00 [main] DEBUG l.i.uztis.tests.InvitationsPageTest - Clicked 'Archive'.
2025-03-18 14:08:00 [main] DEBUG l.i.uztis.tests.InvitationsPageTest - Entered expenditures text: 'Priežasties aprašas'.
2025-03-18 14:08:00 [main] DEBUG l.i.uztis.tests.InvitationsPageTest - Clicked 'Stop Publication Confirmation'.
2025-03-18 14:08:00 [main] DEBUG l.i.uztis.tests.InvitationsPageTest - Fetched label text: Archyvuotas
2025-03-18 14:08:00 [main] INFO  l.i.uztis.tests.InvitationsPageTest - 'goToInvitationPageTest' completed. Label is: Archyvuotas
2025-03-18 14:08:00 [main] INFO  l.i.uztis.tests.InvitationsPageTest - Test 'testArchiveVuiInvitation' completed successfully.
2025-03-18 14:08:09 [main] INFO  lt.insoft.uztis.tests.UztisPageTest - Navigated to https://uztisdev.asseco.lt/home
2025-03-18 14:08:09 [main] INFO  l.i.uztis.tests.InvitationsPageTest - Starting test:'testDeleteVuiInvitation'
2025-03-18 14:08:09 [main] DEBUG l.i.uztis.tests.InvitationsPageTest - User logged in with test credentials
2025-03-18 14:08:10 [main] DEBUG l.i.uztis.tests.InvitationsPageTest - Opened 'Application Processing' menu.
2025-03-18 14:08:10 [main] DEBUG l.i.uztis.tests.InvitationsPageTest - Clicked on 'Application Forms' menu.
2025-03-18 14:08:10 [main] DEBUG l.i.uztis.tests.InvitationsPageTest - Navigating to application forms menu.
2025-03-18 14:08:10 [main] DEBUG l.i.uztis.tests.InvitationsPageTest - Retrieved last description code text: 'TST-VUI-75'.
2025-03-18 14:08:10 [main] DEBUG l.i.uztis.tests.InvitationsPageTest - Clicked on 'Invitation' menu.
2025-03-18 14:08:11 [main] DEBUG l.i.uztis.tests.InvitationsPageTest - Selected section by code: 'TST-VUI-75'.
2025-03-18 14:08:12 [main] DEBUG l.i.uztis.tests.InvitationsPageTest - Clicked 'Search'.
2025-03-18 14:08:12 [main] DEBUG l.i.uztis.tests.InvitationsPageTest - Getting and inserting application code text.
2025-03-18 14:08:12 [main] DEBUG l.i.uztis.tests.InvitationsPageTest - Clicked 'Archived'.
2025-03-18 14:08:13 [main] DEBUG l.i.uztis.tests.InvitationsPageTest - Clicked 'Action'.
2025-03-18 14:08:13 [main] DEBUG l.i.uztis.tests.InvitationsPageTest - Clicked 'Delete'.
2025-03-18 14:08:13 [main] DEBUG l.i.uztis.tests.InvitationsPageTest - Clicked 'Stop Publication Confirmation'.
2025-03-18 14:08:13 [main] DEBUG l.i.uztis.pages.ApplicationFormsPage - Verified success message: 'Įrašas sėkmingai pašalintas.'
2025-03-18 14:08:13 [main] INFO  l.i.uztis.tests.InvitationsPageTest - Verified success message
2025-03-18 14:08:13 [main] INFO  l.i.uztis.tests.InvitationsPageTest - Test 'testDeleteVuiInvitation' completed successfully.
2025-03-21 12:42:54 [main] INFO  lt.insoft.uztis.tests.UztisPageTest - Navigated to https://uztisdev.asseco.lt/home
2025-03-21 12:42:54 [main] INFO  l.i.u.tests.ApplicationFormsPageTest - Setup complete. ApplicationFormsPage initialized.
2025-03-21 12:42:54 [main] INFO  l.i.u.tests.ApplicationFormsPageTest - Starting test:'testCreateNewVuiApplication'
2025-03-21 12:42:55 [main] DEBUG l.i.u.tests.ApplicationFormsPageTest - User logged in with test credentials
2025-03-21 12:42:55 [main] DEBUG l.i.u.tests.ApplicationFormsPageTest - Opened 'Application Processing' menu.
2025-03-21 12:42:55 [main] DEBUG l.i.u.tests.ApplicationFormsPageTest - Clicked on 'Application Forms' menu.
2025-03-21 12:42:56 [main] DEBUG l.i.u.tests.ApplicationFormsPageTest - Clicked to create a new application form.
2025-03-21 12:42:56 [main] DEBUG l.i.u.tests.ApplicationFormsPageTest - Entered random application code: TST-VUI-92
2025-03-21 12:42:56 [main] DEBUG l.i.u.tests.ApplicationFormsPageTest - Selected 'Section' radio button.
2025-03-21 12:42:56 [main] INFO  l.i.uztis.pages.ApplicationFormsPage - Located the dropdown button.
2025-03-21 12:42:56 [main] INFO  l.i.uztis.pages.ApplicationFormsPage - Successfully selected the value: 'Skyrius 1'
2025-03-21 12:43:07 [main] ERROR l.i.uztis.pages.ApplicationFormsPage - Failed to close the dropdown with aria-expanded = 'false'.
2025-03-21 12:43:07 [main] DEBUG l.i.u.tests.ApplicationFormsPageTest - Selected a value from the 'Section' dropdown: 'Skyrius 1'
2025-03-21 12:43:07 [main] DEBUG l.i.u.tests.ApplicationFormsPageTest - Selected 'Budget by Municipality' option.
2025-03-21 12:43:07 [main] DEBUG l.i.u.tests.ApplicationFormsPageTest - Selected 'Financed Without Queue' option.
2025-03-21 12:43:07 [main] DEBUG l.i.u.tests.ApplicationFormsPageTest - Clicked 'Add' button.
2025-03-21 12:43:07 [main] INFO  l.i.uztis.pages.ApplicationFormsPage - Located the dropdown button.
2025-03-21 12:43:08 [main] WARN  l.i.uztis.pages.ApplicationFormsPage - The value 'VUI paraiškos vertinimo forma - I etapas' was not found among the options.
2025-03-21 12:43:18 [main] ERROR l.i.uztis.pages.ApplicationFormsPage - Failed to close the dropdown with aria-expanded = 'false'.
2025-03-21 12:43:18 [main] DEBUG l.i.u.tests.ApplicationFormsPageTest - Selected a value from the 'EvaluationOne' dropdown: 'VUI paraiškos vertinimo forma - I etapas'
2025-03-21 12:43:18 [main] INFO  l.i.uztis.pages.ApplicationFormsPage - Located the dropdown button.
2025-03-21 12:43:19 [main] ERROR l.i.u.tests.ApplicationFormsPageTest - Test 'testCreateNewVuiApplication' failed with error: element click intercepted: Element <mat-label>...</mat-label> is not clickable at point (435, 901). Other element would receive the click: <span>...</span>
  (Session info: chrome=134.0.6998.118)
Build info: version: '4.27.0', revision: 'd6e718d134'
System info: os.name: 'Windows 11', os.arch: 'amd64', os.version: '10.0', java.version: '21.0.3'
Driver info: org.openqa.selenium.chrome.ChromeDriver
Command: [dbf9dbcec51c09f3ada323604bdfcf23, clickElement {id=f.BC868D3EBCAEDCD47245A78B146C7AE1.d.26BEFAE929D2E0B82013D71BC87E6976.e.74}]
Capabilities {acceptInsecureCerts: false, browserName: chrome, browserVersion: 134.0.6998.118, chrome: {chromedriverVersion: 134.0.6998.90 (219ee74681fc..., userDataDir: C:\Users\INGRID~1.ZAD\AppDa...}, fedcm:accounts: true, goog:chromeOptions: {debuggerAddress: localhost:61447}, networkConnectionEnabled: false, pageLoadStrategy: normal, platformName: windows, proxy: Proxy(), se:cdp: ws://localhost:61447/devtoo..., se:cdpVersion: 134.0.6998.118, setWindowRect: true, strictFileInteractability: false, timeouts: {implicit: 0, pageLoad: 300000, script: 30000}, unhandledPromptBehavior: dismiss and notify, webauthn:extension:credBlob: true, webauthn:extension:largeBlob: true, webauthn:extension:minPinLength: true, webauthn:extension:prf: true, webauthn:virtualAuthenticators: true}
Element: [[ChromeDriver: chrome on windows (dbf9dbcec51c09f3ada323604bdfcf23)] -> xpath: //mat-label[contains(text(), 'II etapo vertinimo forma')]]
Session ID: dbf9dbcec51c09f3ada323604bdfcf23
org.openqa.selenium.ElementClickInterceptedException: element click intercepted: Element <mat-label>...</mat-label> is not clickable at point (435, 901). Other element would receive the click: <span>...</span>
  (Session info: chrome=134.0.6998.118)
Build info: version: '4.27.0', revision: 'd6e718d134'
System info: os.name: 'Windows 11', os.arch: 'amd64', os.version: '10.0', java.version: '21.0.3'
Driver info: org.openqa.selenium.chrome.ChromeDriver
Command: [dbf9dbcec51c09f3ada323604bdfcf23, clickElement {id=f.BC868D3EBCAEDCD47245A78B146C7AE1.d.26BEFAE929D2E0B82013D71BC87E6976.e.74}]
Capabilities {acceptInsecureCerts: false, browserName: chrome, browserVersion: 134.0.6998.118, chrome: {chromedriverVersion: 134.0.6998.90 (219ee74681fc..., userDataDir: C:\Users\INGRID~1.ZAD\AppDa...}, fedcm:accounts: true, goog:chromeOptions: {debuggerAddress: localhost:61447}, networkConnectionEnabled: false, pageLoadStrategy: normal, platformName: windows, proxy: Proxy(), se:cdp: ws://localhost:61447/devtoo..., se:cdpVersion: 134.0.6998.118, setWindowRect: true, strictFileInteractability: false, timeouts: {implicit: 0, pageLoad: 300000, script: 30000}, unhandledPromptBehavior: dismiss and notify, webauthn:extension:credBlob: true, webauthn:extension:largeBlob: true, webauthn:extension:minPinLength: true, webauthn:extension:prf: true, webauthn:virtualAuthenticators: true}
Element: [[ChromeDriver: chrome on windows (dbf9dbcec51c09f3ada323604bdfcf23)] -> xpath: //mat-label[contains(text(), 'II etapo vertinimo forma')]]
Session ID: dbf9dbcec51c09f3ada323604bdfcf23
	at java.base/jdk.internal.reflect.DirectConstructorHandleAccessor.newInstance(DirectConstructorHandleAccessor.java:62)
	at java.base/java.lang.reflect.Constructor.newInstanceWithCaller(Constructor.java:502)
	at java.base/java.lang.reflect.Constructor.newInstance(Constructor.java:486)
	at org.openqa.selenium.remote.ErrorCodec.decode(ErrorCodec.java:167)
	at org.openqa.selenium.remote.codec.w3c.W3CHttpResponseCodec.decode(W3CHttpResponseCodec.java:138)
	at org.openqa.selenium.remote.codec.w3c.W3CHttpResponseCodec.decode(W3CHttpResponseCodec.java:50)
	at org.openqa.selenium.remote.HttpCommandExecutor.execute(HttpCommandExecutor.java:190)
	at org.openqa.selenium.remote.service.DriverCommandExecutor.invokeExecute(DriverCommandExecutor.java:216)
	at org.openqa.selenium.remote.service.DriverCommandExecutor.execute(DriverCommandExecutor.java:174)
	at org.openqa.selenium.remote.RemoteWebDriver.execute(RemoteWebDriver.java:545)
	at org.openqa.selenium.remote.RemoteWebElement.execute(RemoteWebElement.java:223)
	at org.openqa.selenium.remote.RemoteWebElement.click(RemoteWebElement.java:76)
	at java.base/jdk.internal.reflect.DirectMethodHandleAccessor.invoke(DirectMethodHandleAccessor.java:103)
	at java.base/java.lang.reflect.Method.invoke(Method.java:580)
	at org.openqa.selenium.support.pagefactory.internal.LocatingElementHandler.invoke(LocatingElementHandler.java:51)
	at jdk.proxy2/jdk.proxy2.$Proxy14.click(Unknown Source)
	at lt.insoft.uztis.pages.ApplicationFormsPage.selectValuesByListEvaluationTwo(ApplicationFormsPage.java:417)
	at lt.insoft.uztis.tests.ApplicationFormsPageTest.testCreateNewVuiApplication(ApplicationFormsPageTest.java:126)
	at java.base/jdk.internal.reflect.DirectMethodHandleAccessor.invoke(DirectMethodHandleAccessor.java:103)
	at java.base/java.lang.reflect.Method.invoke(Method.java:580)
	at org.junit.platform.commons.util.ReflectionUtils.invokeMethod(ReflectionUtils.java:728)
	at org.junit.jupiter.engine.execution.MethodInvocation.proceed(MethodInvocation.java:60)
	at org.junit.jupiter.engine.execution.InvocationInterceptorChain$ValidatingInvocation.proceed(InvocationInterceptorChain.java:131)
	at org.junit.jupiter.engine.extension.TimeoutExtension.intercept(TimeoutExtension.java:156)
	at org.junit.jupiter.engine.extension.TimeoutExtension.interceptTestableMethod(TimeoutExtension.java:147)
	at org.junit.jupiter.engine.extension.TimeoutExtension.interceptTestMethod(TimeoutExtension.java:86)
	at org.junit.jupiter.engine.execution.InterceptingExecutableInvoker$ReflectiveInterceptorCall.lambda$ofVoidMethod$0(InterceptingExecutableInvoker.java:103)
	at org.junit.jupiter.engine.execution.InterceptingExecutableInvoker.lambda$invoke$0(InterceptingExecutableInvoker.java:93)
	at org.junit.jupiter.engine.execution.InvocationInterceptorChain$InterceptedInvocation.proceed(InvocationInterceptorChain.java:106)
	at org.junit.jupiter.engine.execution.InvocationInterceptorChain.proceed(InvocationInterceptorChain.java:64)
	at org.junit.jupiter.engine.execution.InvocationInterceptorChain.chainAndInvoke(InvocationInterceptorChain.java:45)
	at org.junit.jupiter.engine.execution.InvocationInterceptorChain.invoke(InvocationInterceptorChain.java:37)
	at org.junit.jupiter.engine.execution.InterceptingExecutableInvoker.invoke(InterceptingExecutableInvoker.java:92)
	at org.junit.jupiter.engine.execution.InterceptingExecutableInvoker.invoke(InterceptingExecutableInvoker.java:86)
	at org.junit.jupiter.engine.descriptor.TestMethodTestDescriptor.lambda$invokeTestMethod$7(TestMethodTestDescriptor.java:218)
	at org.junit.platform.engine.support.hierarchical.ThrowableCollector.execute(ThrowableCollector.java:73)
	at org.junit.jupiter.engine.descriptor.TestMethodTestDescriptor.invokeTestMethod(TestMethodTestDescriptor.java:214)
	at org.junit.jupiter.engine.descriptor.TestMethodTestDescriptor.execute(TestMethodTestDescriptor.java:139)
	at org.junit.jupiter.engine.descriptor.TestMethodTestDescriptor.execute(TestMethodTestDescriptor.java:69)
	at org.junit.platform.engine.support.hierarchical.NodeTestTask.lambda$executeRecursively$6(NodeTestTask.java:151)
	at org.junit.platform.engine.support.hierarchical.ThrowableCollector.execute(ThrowableCollector.java:73)
	at org.junit.platform.engine.support.hierarchical.NodeTestTask.lambda$executeRecursively$8(NodeTestTask.java:141)
	at org.junit.platform.engine.support.hierarchical.Node.around(Node.java:137)
	at org.junit.platform.engine.support.hierarchical.NodeTestTask.lambda$executeRecursively$9(NodeTestTask.java:139)
	at org.junit.platform.engine.support.hierarchical.ThrowableCollector.execute(ThrowableCollector.java:73)
	at org.junit.platform.engine.support.hierarchical.NodeTestTask.executeRecursively(NodeTestTask.java:138)
	at org.junit.platform.engine.support.hierarchical.NodeTestTask.execute(NodeTestTask.java:95)
	at java.base/java.util.ArrayList.forEach(ArrayList.java:1596)
	at org.junit.platform.engine.support.hierarchical.SameThreadHierarchicalTestExecutorService.invokeAll(SameThreadHierarchicalTestExecutorService.java:41)
	at org.junit.platform.engine.support.hierarchical.NodeTestTask.lambda$executeRecursively$6(NodeTestTask.java:155)
	at org.junit.platform.engine.support.hierarchical.ThrowableCollector.execute(ThrowableCollector.java:73)
	at org.junit.platform.engine.support.hierarchical.NodeTestTask.lambda$executeRecursively$8(NodeTestTask.java:141)
	at org.junit.platform.engine.support.hierarchical.Node.around(Node.java:137)
	at org.junit.platform.engine.support.hierarchical.NodeTestTask.lambda$executeRecursively$9(NodeTestTask.java:139)
	at org.junit.platform.engine.support.hierarchical.ThrowableCollector.execute(ThrowableCollector.java:73)
	at org.junit.platform.engine.support.hierarchical.NodeTestTask.executeRecursively(NodeTestTask.java:138)
	at org.junit.platform.engine.support.hierarchical.NodeTestTask.execute(NodeTestTask.java:95)
	at java.base/java.util.ArrayList.forEach(ArrayList.java:1596)
	at org.junit.platform.engine.support.hierarchical.SameThreadHierarchicalTestExecutorService.invokeAll(SameThreadHierarchicalTestExecutorService.java:41)
	at org.junit.platform.engine.support.hierarchical.NodeTestTask.lambda$executeRecursively$6(NodeTestTask.java:155)
	at org.junit.platform.engine.support.hierarchical.ThrowableCollector.execute(ThrowableCollector.java:73)
	at org.junit.platform.engine.support.hierarchical.NodeTestTask.lambda$executeRecursively$8(NodeTestTask.java:141)
	at org.junit.platform.engine.support.hierarchical.Node.around(Node.java:137)
	at org.junit.platform.engine.support.hierarchical.NodeTestTask.lambda$executeRecursively$9(NodeTestTask.java:139)
	at org.junit.platform.engine.support.hierarchical.ThrowableCollector.execute(ThrowableCollector.java:73)
	at org.junit.platform.engine.support.hierarchical.NodeTestTask.executeRecursively(NodeTestTask.java:138)
	at org.junit.platform.engine.support.hierarchical.NodeTestTask.execute(NodeTestTask.java:95)
	at org.junit.platform.engine.support.hierarchical.SameThreadHierarchicalTestExecutorService.submit(SameThreadHierarchicalTestExecutorService.java:35)
	at org.junit.platform.engine.support.hierarchical.HierarchicalTestExecutor.execute(HierarchicalTestExecutor.java:57)
	at org.junit.platform.engine.support.hierarchical.HierarchicalTestEngine.execute(HierarchicalTestEngine.java:54)
	at org.junit.platform.launcher.core.EngineExecutionOrchestrator.execute(EngineExecutionOrchestrator.java:198)
	at org.junit.platform.launcher.core.EngineExecutionOrchestrator.execute(EngineExecutionOrchestrator.java:169)
	at org.junit.platform.launcher.core.EngineExecutionOrchestrator.execute(EngineExecutionOrchestrator.java:93)
	at org.junit.platform.launcher.core.EngineExecutionOrchestrator.lambda$execute$0(EngineExecutionOrchestrator.java:58)
	at org.junit.platform.launcher.core.EngineExecutionOrchestrator.withInterceptedStreams(EngineExecutionOrchestrator.java:141)
	at org.junit.platform.launcher.core.EngineExecutionOrchestrator.execute(EngineExecutionOrchestrator.java:57)
	at org.junit.platform.launcher.core.DefaultLauncher.execute(DefaultLauncher.java:103)
	at org.junit.platform.launcher.core.DefaultLauncher.execute(DefaultLauncher.java:85)
	at org.junit.platform.launcher.core.DelegatingLauncher.execute(DelegatingLauncher.java:47)
	at org.junit.platform.launcher.core.SessionPerRequestLauncher.execute(SessionPerRequestLauncher.java:63)
	at com.intellij.junit5.JUnit5IdeaTestRunner.startRunnerWithArgs(JUnit5IdeaTestRunner.java:57)
	at com.intellij.rt.junit.IdeaTestRunner$Repeater$1.execute(IdeaTestRunner.java:38)
	at com.intellij.rt.execution.junit.TestsRepeater.repeat(TestsRepeater.java:11)
	at com.intellij.rt.junit.IdeaTestRunner$Repeater.startRunnerWithArgs(IdeaTestRunner.java:35)
	at com.intellij.rt.junit.JUnitStarter.prepareStreamsAndStart(JUnitStarter.java:232)
	at com.intellij.rt.junit.JUnitStarter.main(JUnitStarter.java:55)
2025-03-21 12:43:19 [main] INFO  l.insoft.uztis.tests.utils.TestUtils - Screenshot moved to C:\Users\ingrida.zadorozniene\Desktop\Asm\UZTIS\UZTIS_tests\test-output\screenshots\20250321\124319973_testCreateNewVuiApplication().png
2025-03-21 12:49:18 [main] INFO  lt.insoft.uztis.tests.UztisPageTest - Navigated to https://uztisdev.asseco.lt/home
2025-03-21 12:49:18 [main] INFO  l.i.u.tests.ApplicationFormsPageTest - Setup complete. ApplicationFormsPage initialized.
2025-03-21 12:49:18 [main] INFO  l.i.u.tests.ApplicationFormsPageTest - Starting test:'testCreateNewVuiApplication'
2025-03-21 12:49:18 [main] DEBUG l.i.u.tests.ApplicationFormsPageTest - User logged in with test credentials
2025-03-21 12:49:18 [main] DEBUG l.i.u.tests.ApplicationFormsPageTest - Opened 'Application Processing' menu.
2025-03-21 12:49:18 [main] DEBUG l.i.u.tests.ApplicationFormsPageTest - Clicked on 'Application Forms' menu.
2025-03-21 12:49:19 [main] DEBUG l.i.u.tests.ApplicationFormsPageTest - Clicked to create a new application form.
2025-03-21 12:49:19 [main] DEBUG l.i.u.tests.ApplicationFormsPageTest - Entered random application code: TST-VUI-56
2025-03-21 12:49:19 [main] DEBUG l.i.u.tests.ApplicationFormsPageTest - Selected 'Section' radio button.
2025-03-21 12:49:19 [main] INFO  l.i.uztis.pages.ApplicationFormsPage - Located the dropdown button.
2025-03-21 12:49:19 [main] INFO  l.i.uztis.pages.ApplicationFormsPage - Successfully selected the value: 'Skyrius 1'
2025-03-21 12:49:30 [main] ERROR l.i.uztis.pages.ApplicationFormsPage - Failed to close the dropdown with aria-expanded = 'false'.
2025-03-21 12:49:30 [main] DEBUG l.i.u.tests.ApplicationFormsPageTest - Selected a value from the 'Section' dropdown: 'Skyrius 1'
2025-03-21 12:49:30 [main] DEBUG l.i.u.tests.ApplicationFormsPageTest - Selected 'Budget by Municipality' option.
2025-03-21 12:49:35 [main] INFO  lt.insoft.uztis.tests.UztisPageTest - Navigated to https://uztisdev.asseco.lt/home
2025-03-21 12:49:35 [main] INFO  l.i.u.tests.ApplicationFormsPageTest - Setup complete. ApplicationFormsPage initialized.
2025-03-21 12:49:35 [main] INFO  l.i.u.tests.ApplicationFormsPageTest - Starting test:'testCreateNewVuiApplication'
2025-03-21 12:49:35 [main] DEBUG l.i.u.tests.ApplicationFormsPageTest - User logged in with test credentials
2025-03-21 12:49:36 [main] DEBUG l.i.u.tests.ApplicationFormsPageTest - Opened 'Application Processing' menu.
2025-03-21 12:49:36 [main] DEBUG l.i.u.tests.ApplicationFormsPageTest - Clicked on 'Application Forms' menu.
2025-03-21 12:49:37 [main] DEBUG l.i.u.tests.ApplicationFormsPageTest - Clicked to create a new application form.
2025-03-21 12:49:37 [main] DEBUG l.i.u.tests.ApplicationFormsPageTest - Entered random application code: TST-VUI-18
2025-03-21 12:49:37 [main] DEBUG l.i.u.tests.ApplicationFormsPageTest - Selected 'Section' radio button.
2025-03-21 12:49:37 [main] INFO  l.i.uztis.pages.ApplicationFormsPage - Located the dropdown button.
2025-03-21 12:49:37 [main] INFO  l.i.uztis.pages.ApplicationFormsPage - Successfully selected the value: 'Skyrius 1'
2025-03-21 12:49:48 [main] ERROR l.i.uztis.pages.ApplicationFormsPage - Failed to close the dropdown with aria-expanded = 'false'.
2025-03-21 12:49:48 [main] DEBUG l.i.u.tests.ApplicationFormsPageTest - Selected a value from the 'Section' dropdown: 'Skyrius 1'
2025-03-21 12:49:48 [main] DEBUG l.i.u.tests.ApplicationFormsPageTest - Selected 'Budget by Municipality' option.
2025-03-21 12:49:48 [main] DEBUG l.i.u.tests.ApplicationFormsPageTest - Selected 'Financed Without Queue' option.
2025-03-21 12:49:48 [main] DEBUG l.i.u.tests.ApplicationFormsPageTest - Clicked 'Add' button.
2025-03-21 12:49:48 [main] INFO  l.i.uztis.pages.ApplicationFormsPage - Located the dropdown button.
2025-03-21 12:49:49 [main] INFO  l.i.uztis.pages.ApplicationFormsPage - Successfully selected the value: 'VUI atitiktis URP'
2025-03-21 12:49:59 [main] ERROR l.i.uztis.pages.ApplicationFormsPage - Failed to close the dropdown with aria-expanded = 'false'.
2025-03-21 12:49:59 [main] DEBUG l.i.u.tests.ApplicationFormsPageTest - Selected a value from the 'EvaluationOne' dropdown: 'VUI atitiktis URP'
2025-03-21 12:49:59 [main] INFO  l.i.uztis.pages.ApplicationFormsPage - Located the dropdown button.
2025-03-21 12:50:00 [main] INFO  l.i.uztis.pages.ApplicationFormsPage - Successfully selected the value: 'VUI atitiktis kokybės kriterijams'
2025-03-21 12:50:10 [main] ERROR l.i.uztis.pages.ApplicationFormsPage - Failed to close the dropdown with aria-expanded = 'false'.
2025-03-21 12:50:10 [main] DEBUG l.i.u.tests.ApplicationFormsPageTest - Selected a value from the 'EvaluationTwon' dropdown: 'VUI atitiktis kokybės kriterijams'
2025-03-21 12:50:10 [main] INFO  l.i.uztis.pages.ApplicationFormsPage - Located the dropdown button.
2025-03-21 12:50:10 [main] INFO  l.i.uztis.pages.ApplicationFormsPage - Successfully selected the value: 'VUI gynimo vertinimo forma'
2025-03-21 12:50:21 [main] ERROR l.i.uztis.pages.ApplicationFormsPage - Failed to close the dropdown with aria-expanded = 'false'.
2025-03-21 12:50:21 [main] DEBUG l.i.u.tests.ApplicationFormsPageTest - Selected a value from the 'EvaluationThree' dropdown: 'VUI gynimo vertinimo forma'
2025-03-21 12:50:21 [main] DEBUG l.i.u.tests.ApplicationFormsPageTest - Clicked 'Plus' button.
2025-03-21 12:50:21 [main] DEBUG l.i.u.tests.ApplicationFormsPageTest - Clicked 'Add' button seven times.
2025-03-21 12:50:21 [main] INFO  l.i.uztis.pages.ApplicationFormsPage - Processing dropdown index: 0
2025-03-21 12:50:32 [main] ERROR l.i.uztis.pages.ApplicationFormsPage - Timeout while waiting for dropdown to close at index: 0 with aria-expanded = 'false'
2025-03-21 12:50:32 [main] INFO  l.i.uztis.pages.ApplicationFormsPage - Processing dropdown index: 1
2025-03-21 12:50:43 [main] ERROR l.i.uztis.pages.ApplicationFormsPage - Timeout while waiting for dropdown to close at index: 1 with aria-expanded = 'false'
2025-03-21 12:50:43 [main] INFO  l.i.uztis.pages.ApplicationFormsPage - Processing dropdown index: 2
2025-03-21 12:50:54 [main] ERROR l.i.uztis.pages.ApplicationFormsPage - Timeout while waiting for dropdown to close at index: 2 with aria-expanded = 'false'
2025-03-21 12:50:54 [main] INFO  l.i.uztis.pages.ApplicationFormsPage - Processing dropdown index: 3
2025-03-21 12:51:04 [main] ERROR l.i.uztis.pages.ApplicationFormsPage - Timeout while waiting for dropdown to close at index: 3 with aria-expanded = 'false'
2025-03-21 12:51:04 [main] INFO  l.i.uztis.pages.ApplicationFormsPage - Processing dropdown index: 4
2025-03-21 12:51:16 [main] ERROR l.i.uztis.pages.ApplicationFormsPage - Timeout while waiting for dropdown to close at index: 4 with aria-expanded = 'false'
2025-03-21 12:51:16 [main] INFO  l.i.uztis.pages.ApplicationFormsPage - Processing dropdown index: 5
2025-03-21 12:51:27 [main] ERROR l.i.uztis.pages.ApplicationFormsPage - Timeout while waiting for dropdown to close at index: 5 with aria-expanded = 'false'
2025-03-21 12:51:27 [main] INFO  l.i.uztis.pages.ApplicationFormsPage - Processing dropdown index: 6
2025-03-21 12:51:38 [main] ERROR l.i.uztis.pages.ApplicationFormsPage - Timeout while waiting for dropdown to close at index: 6 with aria-expanded = 'false'
2025-03-21 12:51:38 [main] INFO  l.i.uztis.pages.ApplicationFormsPage - Processing dropdown index: 7
2025-03-21 12:51:49 [main] ERROR l.i.uztis.pages.ApplicationFormsPage - Timeout while waiting for dropdown to close at index: 7 with aria-expanded = 'false'
2025-03-21 12:51:49 [main] INFO  l.i.uztis.pages.ApplicationFormsPage - Processing input field index: 0
2025-03-21 12:51:49 [main] INFO  l.i.uztis.pages.ApplicationFormsPage - Entered value '50' into field index: 0
2025-03-21 12:51:49 [main] INFO  l.i.uztis.pages.ApplicationFormsPage - Processing input field index: 1
2025-03-21 12:51:49 [main] INFO  l.i.uztis.pages.ApplicationFormsPage - Entered value '924' into field index: 1
2025-03-21 12:51:49 [main] INFO  l.i.uztis.pages.ApplicationFormsPage - Processing input field index: 2
2025-03-21 12:51:50 [main] INFO  l.i.uztis.pages.ApplicationFormsPage - Entered value '31' into field index: 2
2025-03-21 12:51:50 [main] INFO  l.i.uztis.pages.ApplicationFormsPage - Processing input field index: 3
2025-03-21 12:51:50 [main] INFO  l.i.uztis.pages.ApplicationFormsPage - Entered value '4.7' into field index: 3
2025-03-21 12:51:50 [main] INFO  l.i.uztis.pages.ApplicationFormsPage - Processing input field index: 4
2025-03-21 12:51:50 [main] INFO  l.i.uztis.pages.ApplicationFormsPage - Entered value '35' into field index: 4
2025-03-21 12:51:50 [main] INFO  l.i.uztis.pages.ApplicationFormsPage - Processing input field index: 5
2025-03-21 12:51:50 [main] INFO  l.i.uztis.pages.ApplicationFormsPage - Entered value '20' into field index: 5
2025-03-21 12:51:50 [main] INFO  l.i.uztis.pages.ApplicationFormsPage - Processing input field index: 6
2025-03-21 12:51:50 [main] INFO  l.i.uztis.pages.ApplicationFormsPage - Entered value '30' into field index: 6
2025-03-21 12:51:50 [main] INFO  l.i.uztis.pages.ApplicationFormsPage - Processing input field index: 7
2025-03-21 12:51:50 [main] INFO  l.i.uztis.pages.ApplicationFormsPage - Entered value '60' into field index: 7
2025-03-21 12:51:50 [main] DEBUG l.i.u.tests.ApplicationFormsPageTest - Entered additional values and text.
2025-03-21 12:51:50 [main] DEBUG l.i.u.tests.ApplicationFormsPageTest - Entered application name: VUI paraiška
2025-03-21 12:51:50 [main] DEBUG l.i.u.tests.ApplicationFormsPageTest - Clicked the 'Save' button.
2025-03-21 12:51:50 [main] DEBUG l.i.uztis.pages.ApplicationFormsPage - Verified success message: 'Duomenys sėkmingai išsaugoti.'
2025-03-21 12:51:50 [main] INFO  l.i.u.tests.ApplicationFormsPageTest - Verified success message
2025-03-21 12:51:51 [main] INFO  l.i.u.tests.ApplicationFormsPageTest - Verified that the 'Save Form' button is displayed.
2025-03-21 12:51:51 [main] INFO  l.i.u.tests.ApplicationFormsPageTest - Test 'testCreateNewVuiApplication' completed successfully.
2025-03-21 12:52:58 [main] INFO  lt.insoft.uztis.tests.UztisPageTest - Navigated to https://uztisdev.asseco.lt/home
2025-03-21 12:52:58 [main] INFO  l.i.u.tests.ApplicationFormsPageTest - Setup complete. ApplicationFormsPage initialized.
2025-03-21 12:52:58 [main] INFO  l.i.u.tests.ApplicationFormsPageTest - Starting test:'testEditAndSaveVuiApplication'
2025-03-21 12:52:58 [main] DEBUG l.i.u.tests.ApplicationFormsPageTest - User logged in with test credentials
2025-03-21 12:52:59 [main] DEBUG l.i.u.tests.ApplicationFormsPageTest - Opened 'Application Processing' menu.
2025-03-21 12:52:59 [main] DEBUG l.i.u.tests.ApplicationFormsPageTest - Clicked on 'Application Forms' menu.
2025-03-21 12:53:00 [main] DEBUG l.i.u.tests.ApplicationFormsPageTest - Selected the last application description.
2025-03-21 12:53:00 [main] DEBUG l.i.u.tests.ApplicationFormsPageTest - Clicked the 'Edit' button.
2025-03-21 12:53:00 [main] DEBUG l.i.u.tests.ApplicationFormsPageTest - Selected 'Municipality' radio button.
2025-03-21 12:53:00 [main] INFO  l.i.uztis.pages.ApplicationFormsPage - Located the dropdown button.
2025-03-21 12:53:00 [main] INFO  l.i.uztis.pages.ApplicationFormsPage - Successfully selected the value: 'Kauno departamentas'
2025-03-21 12:53:11 [main] ERROR l.i.uztis.pages.ApplicationFormsPage - Failed to close the dropdown with aria-expanded = 'false'.
2025-03-21 12:53:11 [main] DEBUG l.i.u.tests.ApplicationFormsPageTest - Selected a value from the 'Municipality' dropdown: 'Kauno departamentas'
2025-03-21 12:53:11 [main] DEBUG l.i.u.tests.ApplicationFormsPageTest - Selected 'Budget By Country' radio button.
2025-03-21 12:53:11 [main] DEBUG l.i.u.tests.ApplicationFormsPageTest - Selected 'Financed By Queue' radio button.
2025-03-21 12:53:11 [main] DEBUG l.i.u.tests.ApplicationFormsPageTest - Entered new application name: _paredaguota
2025-03-21 12:53:11 [main] DEBUG l.i.u.tests.ApplicationFormsPageTest - Clicked the 'Save' button.
2025-03-21 12:53:12 [main] DEBUG l.i.uztis.pages.ApplicationFormsPage - Verified success message: 'Duomenys sėkmingai išsaugoti.'
2025-03-21 12:53:12 [main] INFO  l.i.u.tests.ApplicationFormsPageTest - Verified success message
2025-03-21 12:53:12 [main] INFO  l.i.u.tests.ApplicationFormsPageTest - Test 'testEditAndSaveVuiApplication' completed successfully.
2025-03-21 12:53:30 [main] INFO  lt.insoft.uztis.tests.UztisPageTest - Navigated to https://uztisdev.asseco.lt/home
2025-03-21 12:53:30 [main] INFO  l.i.u.tests.ApplicationFormsPageTest - Setup complete. ApplicationFormsPage initialized.
2025-03-21 12:53:30 [main] INFO  l.i.u.tests.ApplicationFormsPageTest - Starting test:'testAddContractVUI'
2025-03-21 12:53:30 [main] DEBUG l.i.u.tests.ApplicationFormsPageTest - User logged in with test credentials
2025-03-21 12:53:30 [main] DEBUG l.i.u.tests.ApplicationFormsPageTest - Opened 'Application Processing' menu.
2025-03-21 12:53:31 [main] DEBUG l.i.u.tests.ApplicationFormsPageTest - Clicked on 'Application Forms' menu.
2025-03-21 12:53:31 [main] DEBUG l.i.u.tests.ApplicationFormsPageTest - Selected the last application description.
2025-03-21 12:53:31 [main] DEBUG l.i.u.tests.ApplicationFormsPageTest - Clicked 'Project Progress' tab.
2025-03-21 12:53:32 [main] DEBUG l.i.u.tests.ApplicationFormsPageTest - Clicked the 'Edit' button.
2025-03-21 12:53:32 [main] INFO  l.i.uztis.pages.ApplicationFormsPage - Located the dropdown button.
2025-03-21 12:53:35 [main] INFO  l.i.uztis.pages.ApplicationFormsPage - Successfully selected the value: 'Vietinių užimtumo iniciatyvų projekto įgyvendinimo ir finansavimo sutartis'
2025-03-21 12:53:46 [main] ERROR l.i.uztis.pages.ApplicationFormsPage - Failed to close the dropdown with aria-expanded = 'false'.
2025-03-21 12:53:46 [main] DEBUG l.i.u.tests.ApplicationFormsPageTest - Selected a value from the 'Document' dropdown: 'Vietinių užimtumo iniciatyvų projekto įgyvendinimo ir finansavimo sutartis'
2025-03-21 12:53:46 [main] DEBUG l.i.u.tests.ApplicationFormsPageTest - Clicked the 'Save' button.
2025-03-21 12:53:46 [main] ERROR l.i.uztis.pages.ApplicationFormsPage - Failed to verify the success message: 'Funkcija sėkmingai atlikta.'. Available messages: [Duomenys sėkmingai išsaugoti.]
2025-03-21 12:53:46 [main] INFO  l.i.u.tests.ApplicationFormsPageTest - Verified success message
2025-03-21 12:53:46 [main] INFO  l.i.u.tests.ApplicationFormsPageTest - Test 'testAddContractVUI' completed successfully.
2025-03-21 12:54:51 [main] INFO  lt.insoft.uztis.tests.UztisPageTest - Navigated to https://uztisdev.asseco.lt/home
2025-03-21 12:54:51 [main] INFO  l.i.uztis.tests.InvitationsPageTest - Starting test:'testCreateNewVuiInvitationDraft'
2025-03-21 12:54:51 [main] DEBUG l.i.uztis.tests.InvitationsPageTest - User logged in with test credentials
2025-03-21 12:54:52 [main] DEBUG l.i.uztis.tests.InvitationsPageTest - Opened 'Application Processing' menu.
2025-03-21 12:54:52 [main] DEBUG l.i.uztis.tests.InvitationsPageTest - Clicked on 'Application Forms' menu.
2025-03-21 12:54:52 [main] DEBUG l.i.uztis.tests.InvitationsPageTest - Navigating to application forms menu.
2025-03-21 12:54:52 [main] DEBUG l.i.uztis.tests.InvitationsPageTest - Retrieved last description code text: 'TST-VUI-18'.
2025-03-21 12:54:52 [main] DEBUG l.i.uztis.tests.InvitationsPageTest - Clicked on 'Invitation' menu.
2025-03-21 12:54:52 [main] DEBUG l.i.uztis.tests.InvitationsPageTest - Clicked 'Create New Application Form'.
2025-03-21 12:54:53 [main] DEBUG l.i.uztis.tests.InvitationsPageTest - Selected section by code: 'TST-VUI-18'.
2025-03-21 12:54:53 [main] INFO  l.insoft.uztis.pages.InvitationsPage - Located the dropdown button.
2025-03-21 12:55:05 [main] ERROR l.insoft.uztis.pages.InvitationsPage - Timeout while waiting for dropdown to close with aria-expanded = 'false'.
2025-03-21 12:55:05 [main] DEBUG l.i.uztis.tests.InvitationsPageTest - Selected invitation number from the list.
2025-03-21 12:55:05 [main] DEBUG l.i.uztis.tests.InvitationsPageTest - Entered current date.
2025-03-21 12:55:06 [main] DEBUG l.i.uztis.tests.InvitationsPageTest - Entered start time: 00:00.
2025-03-21 12:55:06 [main] DEBUG l.i.uztis.tests.InvitationsPageTest - Entered end date.
2025-03-21 12:55:06 [main] DEBUG l.i.uztis.tests.InvitationsPageTest - Entered end time: 11:11.
2025-03-21 12:55:06 [main] DEBUG l.i.uztis.tests.InvitationsPageTest - Draft saved.
2025-03-21 12:55:06 [main] DEBUG l.i.uztis.pages.ApplicationFormsPage - Verified success message: 'Duomenys sėkmingai išsaugoti.'
2025-03-21 12:55:06 [main] INFO  l.i.uztis.tests.InvitationsPageTest - Verified success message
2025-03-21 12:55:06 [main] INFO  l.i.uztis.tests.InvitationsPageTest - Test 'testCreateNewVuiInvitationDraft' completed successfully.
2025-03-21 12:55:16 [main] INFO  lt.insoft.uztis.tests.UztisPageTest - Navigated to https://uztisdev.asseco.lt/home
2025-03-21 12:55:16 [main] INFO  l.i.uztis.tests.InvitationsPageTest - Starting test:'testEditAndPublishVuiInvitationDraft'
2025-03-21 12:55:17 [main] DEBUG l.i.uztis.tests.InvitationsPageTest - User logged in with test credentials
2025-03-21 12:55:17 [main] DEBUG l.i.uztis.tests.InvitationsPageTest - Opened 'Application Processing' menu.
2025-03-21 12:55:17 [main] DEBUG l.i.uztis.tests.InvitationsPageTest - Clicked on 'Application Forms' menu.
2025-03-21 12:55:17 [main] DEBUG l.i.uztis.tests.InvitationsPageTest - Navigating to application forms menu.
2025-03-21 12:55:18 [main] DEBUG l.i.uztis.tests.InvitationsPageTest - Retrieved last description code text: 'TST-VUI-18'.
2025-03-21 12:55:18 [main] DEBUG l.i.uztis.tests.InvitationsPageTest - Clicked on 'Invitation' menu.
2025-03-21 12:55:19 [main] DEBUG l.i.uztis.tests.InvitationsPageTest - Selected section by code: 'TST-VUI-18'.
2025-03-21 12:55:19 [main] DEBUG l.i.uztis.tests.InvitationsPageTest - Clicked 'Search'.
2025-03-21 12:55:19 [main] DEBUG l.i.uztis.tests.InvitationsPageTest - Getting and inserting application code text.
2025-03-21 12:55:19 [main] DEBUG l.i.uztis.tests.InvitationsPageTest - Clicked 'InvitationDraft'.
2025-03-21 12:55:20 [main] DEBUG l.i.uztis.tests.InvitationsPageTest - Clicked 'Edit'.
2025-03-21 12:55:20 [main] DEBUG l.i.uztis.tests.InvitationsPageTest - Entered publication end date.
2025-03-21 12:55:20 [main] DEBUG l.i.uztis.tests.InvitationsPageTest - Added additional values.
2025-03-21 12:55:20 [main] INFO  l.insoft.uztis.pages.InvitationsPage - Located the dropdown button.
2025-03-21 12:55:21 [main] DEBUG l.i.uztis.tests.InvitationsPageTest - Selected the value: 'Didžiausia galima paramos suma aplinkos darbo vietai, Eur'
2025-03-21 12:55:21 [main] INFO  l.insoft.uztis.pages.InvitationsPage - Located the dropdown button.
2025-03-21 12:55:22 [main] DEBUG l.i.uztis.tests.InvitationsPageTest - Selected the value: 'Didžiausia galima paramos suma, Eur'
2025-03-21 12:55:22 [main] INFO  l.insoft.uztis.pages.InvitationsPage - Located the dropdown button.
2025-03-21 12:55:22 [main] DEBUG l.i.uztis.tests.InvitationsPageTest - Selected the value: 'Didžiausia galima paramos suma vienai darbo vietai, Eur'
2025-03-21 12:55:23 [main] DEBUG l.i.uztis.tests.InvitationsPageTest - Entered value: 11000
2025-03-21 12:55:23 [main] DEBUG l.i.uztis.tests.InvitationsPageTest - Entered value: 12000
2025-03-21 12:55:23 [main] DEBUG l.i.uztis.tests.InvitationsPageTest - Entered value: 13000
2025-03-21 12:55:23 [main] DEBUG l.i.uztis.tests.InvitationsPageTest - Checked 'Legal Entities' checkbox.
2025-03-21 12:55:23 [main] DEBUG l.i.uztis.tests.InvitationsPageTest - Checked 'Legal Entities' checkbox.
2025-03-21 12:55:23 [main] DEBUG l.i.uztis.tests.InvitationsPageTest - Unchecked 'Persons Registered with Employment Service' checkbox.
2025-03-21 12:55:24 [main] DEBUG l.i.uztis.tests.InvitationsPageTest - Checked 'Persons Registered as Employers' checkbox.
2025-03-21 12:55:24 [main] DEBUG l.i.uztis.tests.InvitationsPageTest - Entered second evaluation grade: '5'.
2025-03-21 12:55:24 [main] DEBUG l.i.uztis.tests.InvitationsPageTest - Entered third evaluation grade: '6'.
2025-03-21 12:55:24 [main] DEBUG l.i.uztis.tests.InvitationsPageTest - Entered second evaluation grade weight: '0,45'.
2025-03-21 12:55:24 [main] DEBUG l.i.uztis.tests.InvitationsPageTest - Entered third evaluation grade weight: '0,55'.
2025-03-21 12:55:24 [main] DEBUG l.i.uztis.tests.InvitationsPageTest - Entered budget: '2000'.
2025-03-21 12:55:24 [main] DEBUG l.i.uztis.tests.InvitationsPageTest - Entered description text: 'Aprašo tekstas'.
2025-03-21 12:55:24 [main] DEBUG l.i.uztis.tests.InvitationsPageTest - Entered applicants text: 'Pareiškėjų tekstas'.
2025-03-21 12:55:25 [main] DEBUG l.i.uztis.tests.InvitationsPageTest - Entered expenditures text: 'Išlaidų tekstas'.
2025-03-21 12:55:25 [main] DEBUG l.i.uztis.tests.InvitationsPageTest - Entered legislation text: 'Teisės aktų tekstas'.
2025-03-21 12:55:25 [main] DEBUG l.i.uztis.tests.InvitationsPageTest - Entered education text: 'Mokymų tekstas'.
2025-03-21 12:55:25 [main] DEBUG l.i.uztis.tests.InvitationsPageTest - File uploaded.
2025-03-21 12:55:25 [main] DEBUG l.i.uztis.tests.InvitationsPageTest - Clicked 'Publish'.
2025-03-21 12:55:25 [main] DEBUG l.i.uztis.tests.InvitationsPageTest - Publication confirmed.
2025-03-21 12:55:25 [main] DEBUG l.i.uztis.pages.ApplicationFormsPage - Verified success message: 'Funkcija sėkmingai atlikta.'
2025-03-21 12:55:25 [main] INFO  l.i.uztis.tests.InvitationsPageTest - Verified success message
2025-03-21 12:55:25 [main] INFO  l.i.uztis.tests.InvitationsPageTest - Test 'testEditAndPublishVuiInvitationDraft' completed successfully.
2025-03-21 12:55:59 [main] INFO  lt.insoft.uztis.tests.UztisPageTest - Navigated to https://uztisdev.asseco.lt/home
2025-03-21 12:55:59 [main] INFO  l.i.uztis.tests.InvitationsPageTest - Starting test:'testInsertVui_PvkStatisticInformation'
2025-03-21 12:55:59 [main] DEBUG l.i.uztis.tests.InvitationsPageTest - User logged in with test credentials
2025-03-21 12:56:00 [main] DEBUG l.i.uztis.tests.InvitationsPageTest - Opened 'Application Processing' menu.
2025-03-21 12:56:00 [main] DEBUG l.i.uztis.tests.InvitationsPageTest - Clicked on 'Application Forms' menu.
2025-03-21 12:56:00 [main] DEBUG l.i.uztis.tests.InvitationsPageTest - Navigating to invitation forms menu.
2025-03-21 12:56:00 [main] DEBUG l.i.uztis.tests.InvitationsPageTest - Retrieved last description code text: 'TST-VUI-18'.
2025-03-21 12:56:00 [main] DEBUG l.i.uztis.tests.InvitationsPageTest - Clicked on 'Invitation' menu.
2025-03-21 12:56:02 [main] DEBUG l.i.uztis.tests.InvitationsPageTest - Selected section by code: 'TST-VUI-18'.
2025-03-21 12:56:02 [main] DEBUG l.i.uztis.tests.InvitationsPageTest - Clicked 'Search'.
2025-03-21 12:56:02 [main] DEBUG l.i.uztis.tests.InvitationsPageTest - Getting and inserting application code text.
2025-03-21 12:56:02 [main] DEBUG l.i.uztis.tests.InvitationsPageTest - Clicked 'Publishing'.
2025-03-21 12:56:02 [main] DEBUG l.i.uztis.tests.InvitationsPageTest - Clicked 'Statistic Information' tab.
2025-03-21 12:56:03 [main] DEBUG l.i.uztis.tests.InvitationsPageTest - Clicked 'Edit' button.
2025-03-21 12:56:03 [main] DEBUG l.i.uztis.tests.InvitationsPageTest - Entered current date.
2025-03-21 12:56:03 [main] DEBUG l.i.uztis.tests.InvitationsPageTest - Entered value: 8.7
2025-03-21 12:56:03 [main] DEBUG l.i.uztis.tests.InvitationsPageTest - Entered average salary: 2237.9
2025-03-21 12:56:03 [main] DEBUG l.i.uztis.tests.InvitationsPageTest - File uploaded.
2025-03-21 12:56:03 [main] DEBUG l.i.uztis.tests.InvitationsPageTest - Clicked 'Save' button.
2025-03-21 12:56:05 [main] DEBUG l.i.uztis.pages.ApplicationFormsPage - Verified success message: 'Funkcija sėkmingai atlikta.'
2025-03-21 12:56:05 [main] INFO  l.i.uztis.tests.InvitationsPageTest - Verified success message
2025-03-21 12:56:05 [main] INFO  l.i.uztis.tests.InvitationsPageTest - Test 'testInsertVui_PvkStatisticInformation' completed successfully.
2025-03-21 12:56:39 [main] INFO  lt.insoft.uztis.tests.UztisPageTest - Navigated to https://uztisdev.asseco.lt/home
2025-03-21 12:56:40 [main] INFO  l.i.u.t.SubmittedApplicationsPageTest - Starting test:'testFillNewVUIPApplicationFA'
2025-03-21 12:56:40 [main] DEBUG l.i.u.t.SubmittedApplicationsPageTest - User logged in with test credentials.
2025-03-21 12:56:41 [main] DEBUG l.i.u.t.SubmittedApplicationsPageTest - Opened 'Application Processing' menu.
2025-03-21 12:56:41 [main] DEBUG l.i.u.t.SubmittedApplicationsPageTest - Clicked on 'Application Forms' menu.
2025-03-21 12:56:41 [main] DEBUG l.i.u.t.SubmittedApplicationsPageTest - Retrieved last description code text: 'TST-VUI-18'.
2025-03-21 12:56:41 [main] DEBUG l.i.u.t.SubmittedApplicationsPageTest - Clicked on 'Invitation' menu.
2025-03-21 12:56:42 [main] DEBUG l.i.u.t.SubmittedApplicationsPageTest - Selected application section by code: 'TST-VUI-18'.
2025-03-21 12:56:43 [main] DEBUG l.i.u.t.SubmittedApplicationsPageTest - Clicked 'Search' button.
2025-03-21 12:56:43 [main] DEBUG l.i.u.t.SubmittedApplicationsPageTest - Retrieved invitation code: ''.
2025-03-21 12:56:43 [main] DEBUG l.i.u.t.SubmittedApplicationsPageTest - Clicked on 'Submitted Applications' menu.
2025-03-21 12:56:44 [main] DEBUG l.i.u.t.SubmittedApplicationsPageTest - Selected invitation by code: 'TST-VUI-18'.
2025-03-21 12:56:44 [main] DEBUG l.i.u.t.SubmittedApplicationsPageTest - Invitation code inserted.
2025-03-21 12:56:44 [main] DEBUG l.i.u.t.SubmittedApplicationsPageTest - Clicked on 'Action Application' button.
2025-03-21 12:56:44 [main] DEBUG l.i.u.t.SubmittedApplicationsPageTest - Clicked on 'New Application' button.
2025-03-21 12:56:45 [main] DEBUG l.i.u.t.SubmittedApplicationsPageTest - Selected the 'RadioButtonFA' option.
2025-03-21 12:56:45 [main] DEBUG l.i.u.t.SubmittedApplicationsPageTest - Entered phone number: '61298745'.
2025-03-21 12:56:45 [main] DEBUG l.i.u.t.SubmittedApplicationsPageTest - Entered email: 'test@autotest.com'.
2025-03-21 12:56:45 [main] INFO  l.i.u.p.SubmittedApplicationsPage - Clicking on the dropdown button.
2025-03-21 12:57:02 [main] INFO  l.i.u.p.SubmittedApplicationsPage - Found 1741 options in the dropdown.
2025-03-21 12:57:02 [main] DEBUG l.i.u.p.SubmittedApplicationsPage - Checking option: ''
2025-03-21 12:57:02 [main] DEBUG l.i.u.p.SubmittedApplicationsPage - Checking option: '01.11 - Grūdinių (išskyrus ryžius), ankštinių ir aliejingų sėklų augalų auginimas'
2025-03-21 12:57:02 [main] INFO  l.i.u.p.SubmittedApplicationsPage - Successfully selected the value: '01.11 - Grūdinių (išskyrus ryžius), ankštinių ir aliejingų sėklų augalų auginimas'
2025-03-21 12:57:02 [main] INFO  l.i.u.p.SubmittedApplicationsPage - Attempting to close the dropdown.
2025-03-21 12:57:03 [main] DEBUG l.i.u.t.SubmittedApplicationsPageTest - Selected EVRK value: '01.11 - Grūdinių (išskyrus ryžius), ankštinių ir aliejingų sėklų augalų auginimas'.
2025-03-21 12:57:03 [main] DEBUG l.i.u.t.SubmittedApplicationsPageTest - Clicked on 'Address Component' button.
2025-03-21 12:57:03 [main] INFO  l.i.u.p.SubmittedApplicationsPage - Located the dropdown button.
2025-03-21 12:57:06 [main] INFO  l.i.u.p.SubmittedApplicationsPage - Successfully selected the value: 'Lietuva'
2025-03-21 12:57:06 [main] DEBUG l.i.u.t.SubmittedApplicationsPageTest - Selected country: 'Lietuva'.
2025-03-21 12:57:06 [main] INFO  l.i.u.p.SubmittedApplicationsPage - Located the dropdown search field.
2025-03-21 12:57:06 [main] INFO  l.i.u.p.SubmittedApplicationsPage - Dropdown city is opened.
2025-03-21 12:57:07 [main] INFO  l.i.u.p.SubmittedApplicationsPage - Searched for value: 'Vilnius'
2025-03-21 12:57:08 [main] INFO  l.i.u.p.SubmittedApplicationsPage - Successfully selected: 'Vilnius'
2025-03-21 12:57:08 [main] INFO  l.i.u.p.SubmittedApplicationsPage - Located the dropdown button.
2025-03-21 12:57:08 [main] INFO  l.i.u.p.SubmittedApplicationsPage - Successfully selected the value: 'A. Domaševičiaus g.'
2025-03-21 12:57:08 [main] DEBUG l.i.u.t.SubmittedApplicationsPageTest - Selected street: 'A. Domaševičiaus g.'.
2025-03-21 12:57:08 [main] INFO  l.i.u.p.SubmittedApplicationsPage - Located the dropdown button.
2025-03-21 12:57:09 [main] INFO  l.i.u.p.SubmittedApplicationsPage - Successfully selected the value: '1'
2025-03-21 12:57:09 [main] DEBUG l.i.u.t.SubmittedApplicationsPageTest - Selected house: '1'.
2025-03-21 12:57:09 [main] INFO  l.i.u.p.SubmittedApplicationsPage - Located the dropdown button.
2025-03-21 12:57:10 [main] INFO  l.i.u.p.SubmittedApplicationsPage - Successfully selected the value: '1'
2025-03-21 12:57:10 [main] DEBUG l.i.u.t.SubmittedApplicationsPageTest - Selected apartment: '1'.
2025-03-21 12:57:10 [main] DEBUG l.i.u.t.SubmittedApplicationsPageTest - Clicked 'Confirm' button.
2025-03-21 12:57:10 [main] DEBUG l.i.u.t.SubmittedApplicationsPageTest - Entered project date.
2025-03-21 12:57:10 [main] DEBUG l.i.u.t.SubmittedApplicationsPageTest - Entered job count: '1'.
2025-03-21 12:57:11 [main] DEBUG l.i.u.t.SubmittedApplicationsPageTest - Clicked 'Next' button.
2025-03-21 12:57:11 [main] INFO  l.i.u.p.SubmittedApplicationsPage - Located the dropdown button.
2025-03-21 12:57:11 [main] INFO  l.i.u.p.SubmittedApplicationsPage - Successfully selected the value: 'Administratoriai'
2025-03-21 12:57:11 [main] DEBUG l.i.u.t.SubmittedApplicationsPageTest - Selected job name: 'Administratoriai'.
2025-03-21 12:57:12 [main] DEBUG l.i.u.t.SubmittedApplicationsPageTest - Entered job function: 'Funkcija 1'.
2025-03-21 12:57:12 [main] DEBUG l.i.u.t.SubmittedApplicationsPageTest - Selected 'RadioButtonWithDisabilities' option.
2025-03-21 12:57:12 [main] INFO  l.i.u.p.SubmittedApplicationsPage - Clicking on the dropdown button.
2025-03-21 12:57:13 [main] INFO  l.i.u.p.SubmittedApplicationsPage - Found 34 options in the dropdown.
2025-03-21 12:57:13 [main] DEBUG l.i.u.p.SubmittedApplicationsPage - Checking option: 'Asmenys, kuriems suteiktas pabėgėlio statusas ar perkeliamojo asmens statusas, arba asmenys, kuriems suteikta papildoma ar laikinoji apsauga, ir asmenys, turintys teisę gauti laikinąją apsaugą, iki sprendimo dėl laikinosios apsaugos suteikimo (nesuteikimo) priėmimo, tačiau ne ilgiau kaip laikinosios apsaugos laikotarpiu'
2025-03-21 12:57:13 [main] DEBUG l.i.u.p.SubmittedApplicationsPage - Checking option: 'Asmenys, kuriems suteiktas pabėgėlio statusas ar perkeliamojo asmens statusas, arba asmenys, kuriems suteikta papildoma ar laikinoji apsauga, ir asmenys, turintys teisę gauti laikinąją apsaugą, iki sprendimo dėl laikinosios apsaugos suteikimo (nesuteikimo) priėmimo, tačiau ne ilgiau kaip laikinosios apsaugos laikotarpiu'
2025-03-21 12:57:13 [main] DEBUG l.i.u.p.SubmittedApplicationsPage - Checking option: 'Asmenys, turintys teisę į papildomas užimtumo garantijas pagal Lietuvos Respublikos valstybės įmonės Ignalinos atominės elektrinės darbuotojų papildomų užimtumo ir socialinių garantijų įstatymą'
2025-03-21 12:57:13 [main] DEBUG l.i.u.p.SubmittedApplicationsPage - Checking option: 'Asmenys, turintys teisę į papildomas užimtumo garantijas pagal Lietuvos Respublikos valstybės įmonės Ignalinos atominės elektrinės darbuotojų papildomų užimtumo ir socialinių garantijų įstatymą'
2025-03-21 12:57:13 [main] DEBUG l.i.u.p.SubmittedApplicationsPage - Checking option: 'Bedarbiai iki 29 metų'
2025-03-21 12:57:13 [main] DEBUG l.i.u.p.SubmittedApplicationsPage - Checking option: 'Bedarbiai iki 29 metų'
2025-03-21 12:57:13 [main] DEBUG l.i.u.p.SubmittedApplicationsPage - Checking option: 'Bedarbiai, kurie yra darbingo amžiaus neįgalieji, kuriems nustatytas 30–40 procentų darbingumo lygis arba vidutinis neįgalumo lygis'
2025-03-21 12:57:13 [main] DEBUG l.i.u.p.SubmittedApplicationsPage - Checking option: 'Bedarbiai, kurie yra darbingo amžiaus neįgalieji, kuriems nustatytas 30–40 procentų darbingumo lygis arba vidutinis neįgalumo lygis'
2025-03-21 12:57:13 [main] DEBUG l.i.u.p.SubmittedApplicationsPage - Checking option: 'Bedarbiai, kurie yra darbingo amžiaus neįgalieji, kuriems nustatytas 45–55 procentų darbingumo lygis arba lengvas neįgalumo lygis'
2025-03-21 12:57:13 [main] DEBUG l.i.u.p.SubmittedApplicationsPage - Checking option: 'Bedarbiai, kurie yra darbingo amžiaus neįgalieji, kuriems nustatytas 45–55 procentų darbingumo lygis arba lengvas neįgalumo lygis'
2025-03-21 12:57:13 [main] DEBUG l.i.u.p.SubmittedApplicationsPage - Checking option: 'Bedarbiai, kurie yra darbingo amžiaus neįgalieji, kuriems nustatytas iki 25 procentų darbingumo lygis arba sunkus neįgalumo lygis'
2025-03-21 12:57:13 [main] INFO  l.i.u.p.SubmittedApplicationsPage - Successfully selected the value: 'Bedarbiai, kurie yra darbingo amžiaus neįgalieji, kuriems nustatytas iki 25 procentų darbingumo lygis arba sunkus neįgalumo lygis'
2025-03-21 12:57:13 [main] INFO  l.i.u.p.SubmittedApplicationsPage - Attempting to close the dropdown.
2025-03-21 12:57:14 [main] DEBUG l.i.u.t.SubmittedApplicationsPageTest - Selected disabilities type: 'Bedarbiai, kurie yra darbingo amžiaus neįgalieji, kuriems nustatytas iki 25 procentų darbingumo lygis arba sunkus neįgalumo lygis'.
2025-03-21 12:57:14 [main] DEBUG l.i.u.t.SubmittedApplicationsPageTest - Entered disability information: 'Negalia 1'.
2025-03-21 12:57:14 [main] INFO  l.i.u.p.SubmittedApplicationsPage - Located the dropdown button.
2025-03-21 12:57:14 [main] INFO  l.i.u.p.SubmittedApplicationsPage - Successfully selected the value: 'Kita'
2025-03-21 12:57:14 [main] DEBUG l.i.u.t.SubmittedApplicationsPageTest - Selected time mode: 'Kita'.
2025-03-21 12:57:15 [main] DEBUG l.i.u.t.SubmittedApplicationsPageTest - Selected time mode other: '6 val. per dieną ir 4 d. per savaitę'.
2025-03-21 12:57:15 [main] DEBUG l.i.u.t.SubmittedApplicationsPageTest - Entered qualification: 'Kvalifikacija 1'.
2025-03-21 12:57:15 [main] DEBUG l.i.u.t.SubmittedApplicationsPageTest - Entered job date.
2025-03-21 12:57:16 [main] DEBUG l.i.u.t.SubmittedApplicationsPageTest - Entered salary amount: '1200'.
2025-03-21 12:57:16 [main] DEBUG l.i.u.t.SubmittedApplicationsPageTest - Selected 'Temporary Job' radio button.
2025-03-21 12:57:16 [main] DEBUG l.i.u.t.SubmittedApplicationsPageTest - Selected 'Season Job' radio button.
2025-03-21 12:57:16 [main] DEBUG l.i.u.t.SubmittedApplicationsPageTest - Selected 'Energy' radio button.
2025-03-21 12:57:16 [main] DEBUG l.i.u.t.SubmittedApplicationsPageTest - Selected 'Repair' radio button.
2025-03-21 12:57:16 [main] DEBUG l.i.u.t.SubmittedApplicationsPageTest - Entered job description: 'Veikla 1'.
2025-03-21 12:57:17 [main] DEBUG l.i.u.t.SubmittedApplicationsPageTest - Entered process description: 'Procesas 1'.
2025-03-21 12:57:17 [main] DEBUG l.i.u.t.SubmittedApplicationsPageTest - Entered energy information: 'Energija 1'.
2025-03-21 12:57:17 [main] DEBUG l.i.u.t.SubmittedApplicationsPageTest - Entered repair information: 'Remontas 1'.
2025-03-21 12:57:17 [main] DEBUG l.i.u.t.SubmittedApplicationsPageTest - Selected 'PVM' radio button.
2025-03-21 12:57:17 [main] INFO  l.i.u.p.SubmittedApplicationsPage - Located the dropdown button.
2025-03-21 12:57:18 [main] INFO  l.i.u.p.SubmittedApplicationsPage - Successfully selected the value: 'Įsigyti'
2025-03-21 12:57:18 [main] DEBUG l.i.u.t.SubmittedApplicationsPageTest - Selected necessary for job: 'Įsigyti'.
2025-03-21 12:57:18 [main] DEBUG l.i.u.t.SubmittedApplicationsPageTest - Selected tool: 'Darbo priemonė 1'.
2025-03-21 12:57:18 [main] DEBUG l.i.u.t.SubmittedApplicationsPageTest - Selected tool parameter one: 'Darbo priemonės 1 parametras 1'.
2025-03-21 12:57:18 [main] DEBUG l.i.u.t.SubmittedApplicationsPageTest - Selected tool parameter two: 'Darbo priemonės 1 parametras 2'.
2025-03-21 12:57:19 [main] DEBUG l.i.u.t.SubmittedApplicationsPageTest - Selected tool parameter three: 'Darbo priemonės 1 parametras 3'.
2025-03-21 12:57:19 [main] DEBUG l.i.u.t.SubmittedApplicationsPageTest - Entered tool count: '1'.
2025-03-21 12:57:19 [main] DEBUG l.i.u.t.SubmittedApplicationsPageTest - Entered price amount 1: '1000'.
2025-03-21 12:57:19 [main] DEBUG l.i.u.t.SubmittedApplicationsPageTest - Entered own funds amount 1: '800'.
2025-03-21 12:57:20 [main] DEBUG l.i.u.t.SubmittedApplicationsPageTest - Clicked 'Add' button.
2025-03-21 12:57:20 [main] INFO  l.i.u.p.SubmittedApplicationsPage - Located the dropdown button.
2025-03-21 12:57:20 [main] INFO  l.i.u.p.SubmittedApplicationsPage - Successfully selected the value: 'Remontuoti'
2025-03-21 12:57:20 [main] DEBUG l.i.u.t.SubmittedApplicationsPageTest - Selected necessary for job 'to repair': 'Remontuoti'.
2025-03-21 12:57:20 [main] DEBUG l.i.u.t.SubmittedApplicationsPageTest - Selected repair name: 'Remonto pavadinimas 1'.
2025-03-21 12:57:20 [main] DEBUG l.i.u.t.SubmittedApplicationsPageTest - Entered repair information: 'Remonto aprašymas 1'.
2025-03-21 12:57:21 [main] DEBUG l.i.u.t.SubmittedApplicationsPageTest - Entered price amount 2: '1000'.
2025-03-21 12:57:21 [main] DEBUG l.i.u.t.SubmittedApplicationsPageTest - Entered own funds amount 2: '900'.
2025-03-21 12:57:21 [main] DEBUG l.i.u.t.SubmittedApplicationsPageTest - Entered country percentage: '50'.
2025-03-21 12:57:21 [main] DEBUG l.i.u.t.SubmittedApplicationsPageTest - Entered institution percentage: '50'.
2025-03-21 12:57:22 [main] DEBUG l.i.u.t.SubmittedApplicationsPageTest - Entered municipality percentage: '50'.
2025-03-21 12:57:22 [main] DEBUG l.i.u.t.SubmittedApplicationsPageTest - Selected 'De Minimis' radio button.
2025-03-21 12:57:22 [main] DEBUG l.i.u.t.SubmittedApplicationsPageTest - Entered program name: 'Programa 1'.
2025-03-21 12:57:22 [main] DEBUG l.i.u.t.SubmittedApplicationsPageTest - Entered project date from.
2025-03-21 12:57:22 [main] DEBUG l.i.u.t.SubmittedApplicationsPageTest - Entered project date until.
2025-03-21 12:57:23 [main] DEBUG l.i.u.t.SubmittedApplicationsPageTest - Entered support amount: '2000'.
2025-03-21 12:57:23 [main] DEBUG l.i.u.t.SubmittedApplicationsPageTest - Clicked 'Next' button.
2025-03-21 12:57:33 [main] DEBUG l.i.u.t.SubmittedApplicationsPageTest - Checked 'Legal Entities' checkbox 1.
2025-03-21 12:57:43 [main] DEBUG l.i.u.t.SubmittedApplicationsPageTest - Checked 'Legal Entities' checkbox 2.
2025-03-21 12:57:53 [main] DEBUG l.i.u.t.SubmittedApplicationsPageTest - Checked 'Legal Entities' checkbox 3.
2025-03-21 12:57:53 [main] DEBUG l.i.u.t.SubmittedApplicationsPageTest - Test finished: All 'Legal Entities' checkboxes checked successfully.
2025-03-21 12:57:54 [main] DEBUG l.i.u.t.SubmittedApplicationsPageTest - Clicked 'Next' button after checkboxes.
2025-03-21 12:58:04 [main] ERROR l.i.u.p.SubmittedApplicationsPage - Error selecting radio button: Expected condition failed: waiting for element to be clickable: By.xpath: (//input[@type='radio' and @value='false'])[8] (tried for 10 second(s) with 500 milliseconds interval)
Build info: version: '4.27.0', revision: 'd6e718d134'
System info: os.name: 'Windows 11', os.arch: 'amd64', os.version: '10.0', java.version: '21.0.3'
Driver info: org.openqa.selenium.chrome.ChromeDriver
Capabilities {acceptInsecureCerts: false, browserName: chrome, browserVersion: 134.0.6998.118, chrome: {chromedriverVersion: 134.0.6998.90 (219ee74681fc..., userDataDir: C:\Users\INGRID~1.ZAD\AppDa...}, fedcm:accounts: true, goog:chromeOptions: {debuggerAddress: localhost:62235}, networkConnectionEnabled: false, pageLoadStrategy: normal, platformName: windows, proxy: Proxy(), se:cdp: ws://localhost:62235/devtoo..., se:cdpVersion: 134.0.6998.118, setWindowRect: true, strictFileInteractability: false, timeouts: {implicit: 0, pageLoad: 300000, script: 30000}, unhandledPromptBehavior: dismiss and notify, webauthn:extension:credBlob: true, webauthn:extension:largeBlob: true, webauthn:extension:minPinLength: true, webauthn:extension:prf: true, webauthn:virtualAuthenticators: true}
Session ID: 5acb2d00d2202ca71e4e1b365d3476ad
2025-03-21 12:58:04 [main] INFO  l.i.u.t.SubmittedApplicationsPageTest - Marking 'Ne' radio button 1
2025-03-21 12:58:14 [main] ERROR l.i.u.p.SubmittedApplicationsPage - Error selecting radio button: Expected condition failed: waiting for element to be clickable: By.xpath: (//input[@type='radio' and @value='false'])[9] (tried for 10 second(s) with 500 milliseconds interval)
Build info: version: '4.27.0', revision: 'd6e718d134'
System info: os.name: 'Windows 11', os.arch: 'amd64', os.version: '10.0', java.version: '21.0.3'
Driver info: org.openqa.selenium.chrome.ChromeDriver
Capabilities {acceptInsecureCerts: false, browserName: chrome, browserVersion: 134.0.6998.118, chrome: {chromedriverVersion: 134.0.6998.90 (219ee74681fc..., userDataDir: C:\Users\INGRID~1.ZAD\AppDa...}, fedcm:accounts: true, goog:chromeOptions: {debuggerAddress: localhost:62235}, networkConnectionEnabled: false, pageLoadStrategy: normal, platformName: windows, proxy: Proxy(), se:cdp: ws://localhost:62235/devtoo..., se:cdpVersion: 134.0.6998.118, setWindowRect: true, strictFileInteractability: false, timeouts: {implicit: 0, pageLoad: 300000, script: 30000}, unhandledPromptBehavior: dismiss and notify, webauthn:extension:credBlob: true, webauthn:extension:largeBlob: true, webauthn:extension:minPinLength: true, webauthn:extension:prf: true, webauthn:virtualAuthenticators: true}
Session ID: 5acb2d00d2202ca71e4e1b365d3476ad
2025-03-21 12:58:14 [main] INFO  l.i.u.t.SubmittedApplicationsPageTest - Marking 'Ne' radio button 2
2025-03-21 12:58:24 [main] ERROR l.i.u.p.SubmittedApplicationsPage - Error selecting radio button: Expected condition failed: waiting for element to be clickable: By.xpath: (//input[@type='radio' and @value='false'])[10] (tried for 10 second(s) with 500 milliseconds interval)
Build info: version: '4.27.0', revision: 'd6e718d134'
System info: os.name: 'Windows 11', os.arch: 'amd64', os.version: '10.0', java.version: '21.0.3'
Driver info: org.openqa.selenium.chrome.ChromeDriver
Capabilities {acceptInsecureCerts: false, browserName: chrome, browserVersion: 134.0.6998.118, chrome: {chromedriverVersion: 134.0.6998.90 (219ee74681fc..., userDataDir: C:\Users\INGRID~1.ZAD\AppDa...}, fedcm:accounts: true, goog:chromeOptions: {debuggerAddress: localhost:62235}, networkConnectionEnabled: false, pageLoadStrategy: normal, platformName: windows, proxy: Proxy(), se:cdp: ws://localhost:62235/devtoo..., se:cdpVersion: 134.0.6998.118, setWindowRect: true, strictFileInteractability: false, timeouts: {implicit: 0, pageLoad: 300000, script: 30000}, unhandledPromptBehavior: dismiss and notify, webauthn:extension:credBlob: true, webauthn:extension:largeBlob: true, webauthn:extension:minPinLength: true, webauthn:extension:prf: true, webauthn:virtualAuthenticators: true}
Session ID: 5acb2d00d2202ca71e4e1b365d3476ad
2025-03-21 12:58:24 [main] INFO  l.i.u.t.SubmittedApplicationsPageTest - Marking 'Ne' radio button 3
2025-03-21 12:58:35 [main] ERROR l.i.u.p.SubmittedApplicationsPage - Error selecting radio button: Expected condition failed: waiting for element to be clickable: By.xpath: (//input[@type='radio' and @value='false'])[11] (tried for 10 second(s) with 500 milliseconds interval)
Build info: version: '4.27.0', revision: 'd6e718d134'
System info: os.name: 'Windows 11', os.arch: 'amd64', os.version: '10.0', java.version: '21.0.3'
Driver info: org.openqa.selenium.chrome.ChromeDriver
Capabilities {acceptInsecureCerts: false, browserName: chrome, browserVersion: 134.0.6998.118, chrome: {chromedriverVersion: 134.0.6998.90 (219ee74681fc..., userDataDir: C:\Users\INGRID~1.ZAD\AppDa...}, fedcm:accounts: true, goog:chromeOptions: {debuggerAddress: localhost:62235}, networkConnectionEnabled: false, pageLoadStrategy: normal, platformName: windows, proxy: Proxy(), se:cdp: ws://localhost:62235/devtoo..., se:cdpVersion: 134.0.6998.118, setWindowRect: true, strictFileInteractability: false, timeouts: {implicit: 0, pageLoad: 300000, script: 30000}, unhandledPromptBehavior: dismiss and notify, webauthn:extension:credBlob: true, webauthn:extension:largeBlob: true, webauthn:extension:minPinLength: true, webauthn:extension:prf: true, webauthn:virtualAuthenticators: true}
Session ID: 5acb2d00d2202ca71e4e1b365d3476ad
2025-03-21 12:58:35 [main] INFO  l.i.u.t.SubmittedApplicationsPageTest - Marking 'Ne' radio button 4
2025-03-21 12:58:46 [main] ERROR l.i.u.p.SubmittedApplicationsPage - Error selecting radio button: Expected condition failed: waiting for element to be clickable: By.xpath: (//input[@type='radio' and @value='false'])[12] (tried for 10 second(s) with 500 milliseconds interval)
Build info: version: '4.27.0', revision: 'd6e718d134'
System info: os.name: 'Windows 11', os.arch: 'amd64', os.version: '10.0', java.version: '21.0.3'
Driver info: org.openqa.selenium.chrome.ChromeDriver
Capabilities {acceptInsecureCerts: false, browserName: chrome, browserVersion: 134.0.6998.118, chrome: {chromedriverVersion: 134.0.6998.90 (219ee74681fc..., userDataDir: C:\Users\INGRID~1.ZAD\AppDa...}, fedcm:accounts: true, goog:chromeOptions: {debuggerAddress: localhost:62235}, networkConnectionEnabled: false, pageLoadStrategy: normal, platformName: windows, proxy: Proxy(), se:cdp: ws://localhost:62235/devtoo..., se:cdpVersion: 134.0.6998.118, setWindowRect: true, strictFileInteractability: false, timeouts: {implicit: 0, pageLoad: 300000, script: 30000}, unhandledPromptBehavior: dismiss and notify, webauthn:extension:credBlob: true, webauthn:extension:largeBlob: true, webauthn:extension:minPinLength: true, webauthn:extension:prf: true, webauthn:virtualAuthenticators: true}
Session ID: 5acb2d00d2202ca71e4e1b365d3476ad
2025-03-21 12:58:46 [main] INFO  l.i.u.t.SubmittedApplicationsPageTest - Marking 'Ne' radio button 5
2025-03-21 12:58:56 [main] ERROR l.i.u.p.SubmittedApplicationsPage - Error selecting radio button: Expected condition failed: waiting for element to be clickable: By.xpath: (//input[@type='radio' and @value='false'])[13] (tried for 10 second(s) with 500 milliseconds interval)
Build info: version: '4.27.0', revision: 'd6e718d134'
System info: os.name: 'Windows 11', os.arch: 'amd64', os.version: '10.0', java.version: '21.0.3'
Driver info: org.openqa.selenium.chrome.ChromeDriver
Capabilities {acceptInsecureCerts: false, browserName: chrome, browserVersion: 134.0.6998.118, chrome: {chromedriverVersion: 134.0.6998.90 (219ee74681fc..., userDataDir: C:\Users\INGRID~1.ZAD\AppDa...}, fedcm:accounts: true, goog:chromeOptions: {debuggerAddress: localhost:62235}, networkConnectionEnabled: false, pageLoadStrategy: normal, platformName: windows, proxy: Proxy(), se:cdp: ws://localhost:62235/devtoo..., se:cdpVersion: 134.0.6998.118, setWindowRect: true, strictFileInteractability: false, timeouts: {implicit: 0, pageLoad: 300000, script: 30000}, unhandledPromptBehavior: dismiss and notify, webauthn:extension:credBlob: true, webauthn:extension:largeBlob: true, webauthn:extension:minPinLength: true, webauthn:extension:prf: true, webauthn:virtualAuthenticators: true}
Session ID: 5acb2d00d2202ca71e4e1b365d3476ad
2025-03-21 12:58:56 [main] INFO  l.i.u.t.SubmittedApplicationsPageTest - Marking 'Ne' radio button 6
2025-03-21 12:59:06 [main] ERROR l.i.u.p.SubmittedApplicationsPage - Error selecting radio button: Expected condition failed: waiting for element to be clickable: By.xpath: (//input[@type='radio' and @value='true'])[14] (tried for 10 second(s) with 500 milliseconds interval)
Build info: version: '4.27.0', revision: 'd6e718d134'
System info: os.name: 'Windows 11', os.arch: 'amd64', os.version: '10.0', java.version: '21.0.3'
Driver info: org.openqa.selenium.chrome.ChromeDriver
Capabilities {acceptInsecureCerts: false, browserName: chrome, browserVersion: 134.0.6998.118, chrome: {chromedriverVersion: 134.0.6998.90 (219ee74681fc..., userDataDir: C:\Users\INGRID~1.ZAD\AppDa...}, fedcm:accounts: true, goog:chromeOptions: {debuggerAddress: localhost:62235}, networkConnectionEnabled: false, pageLoadStrategy: normal, platformName: windows, proxy: Proxy(), se:cdp: ws://localhost:62235/devtoo..., se:cdpVersion: 134.0.6998.118, setWindowRect: true, strictFileInteractability: false, timeouts: {implicit: 0, pageLoad: 300000, script: 30000}, unhandledPromptBehavior: dismiss and notify, webauthn:extension:credBlob: true, webauthn:extension:largeBlob: true, webauthn:extension:minPinLength: true, webauthn:extension:prf: true, webauthn:virtualAuthenticators: true}
Session ID: 5acb2d00d2202ca71e4e1b365d3476ad
2025-03-21 12:59:06 [main] INFO  l.i.u.t.SubmittedApplicationsPageTest - Marking 'Taip' radio button 7
2025-03-21 12:59:16 [main] ERROR l.i.u.p.SubmittedApplicationsPage - Error selecting radio button: Expected condition failed: waiting for element to be clickable: By.xpath: (//input[@type='radio' and @value='true'])[15] (tried for 10 second(s) with 500 milliseconds interval)
Build info: version: '4.27.0', revision: 'd6e718d134'
System info: os.name: 'Windows 11', os.arch: 'amd64', os.version: '10.0', java.version: '21.0.3'
Driver info: org.openqa.selenium.chrome.ChromeDriver
Capabilities {acceptInsecureCerts: false, browserName: chrome, browserVersion: 134.0.6998.118, chrome: {chromedriverVersion: 134.0.6998.90 (219ee74681fc..., userDataDir: C:\Users\INGRID~1.ZAD\AppDa...}, fedcm:accounts: true, goog:chromeOptions: {debuggerAddress: localhost:62235}, networkConnectionEnabled: false, pageLoadStrategy: normal, platformName: windows, proxy: Proxy(), se:cdp: ws://localhost:62235/devtoo..., se:cdpVersion: 134.0.6998.118, setWindowRect: true, strictFileInteractability: false, timeouts: {implicit: 0, pageLoad: 300000, script: 30000}, unhandledPromptBehavior: dismiss and notify, webauthn:extension:credBlob: true, webauthn:extension:largeBlob: true, webauthn:extension:minPinLength: true, webauthn:extension:prf: true, webauthn:virtualAuthenticators: true}
Session ID: 5acb2d00d2202ca71e4e1b365d3476ad
2025-03-21 12:59:16 [main] INFO  l.i.u.t.SubmittedApplicationsPageTest - Marking 'Taip' radio button 8
2025-03-21 12:59:27 [main] ERROR l.i.u.p.SubmittedApplicationsPage - Error selecting radio button: Expected condition failed: waiting for element to be clickable: By.xpath: (//input[@type='radio' and @value='true'])[16] (tried for 10 second(s) with 500 milliseconds interval)
Build info: version: '4.27.0', revision: 'd6e718d134'
System info: os.name: 'Windows 11', os.arch: 'amd64', os.version: '10.0', java.version: '21.0.3'
Driver info: org.openqa.selenium.chrome.ChromeDriver
Capabilities {acceptInsecureCerts: false, browserName: chrome, browserVersion: 134.0.6998.118, chrome: {chromedriverVersion: 134.0.6998.90 (219ee74681fc..., userDataDir: C:\Users\INGRID~1.ZAD\AppDa...}, fedcm:accounts: true, goog:chromeOptions: {debuggerAddress: localhost:62235}, networkConnectionEnabled: false, pageLoadStrategy: normal, platformName: windows, proxy: Proxy(), se:cdp: ws://localhost:62235/devtoo..., se:cdpVersion: 134.0.6998.118, setWindowRect: true, strictFileInteractability: false, timeouts: {implicit: 0, pageLoad: 300000, script: 30000}, unhandledPromptBehavior: dismiss and notify, webauthn:extension:credBlob: true, webauthn:extension:largeBlob: true, webauthn:extension:minPinLength: true, webauthn:extension:prf: true, webauthn:virtualAuthenticators: true}
Session ID: 5acb2d00d2202ca71e4e1b365d3476ad
2025-03-21 12:59:27 [main] INFO  l.i.u.t.SubmittedApplicationsPageTest - Marking 'Taip' radio button 9
2025-03-21 12:59:37 [main] ERROR l.i.u.p.SubmittedApplicationsPage - Error selecting radio button: Expected condition failed: waiting for element to be clickable: By.xpath: (//input[@type='radio' and @value='true'])[17] (tried for 10 second(s) with 500 milliseconds interval)
Build info: version: '4.27.0', revision: 'd6e718d134'
System info: os.name: 'Windows 11', os.arch: 'amd64', os.version: '10.0', java.version: '21.0.3'
Driver info: org.openqa.selenium.chrome.ChromeDriver
Capabilities {acceptInsecureCerts: false, browserName: chrome, browserVersion: 134.0.6998.118, chrome: {chromedriverVersion: 134.0.6998.90 (219ee74681fc..., userDataDir: C:\Users\INGRID~1.ZAD\AppDa...}, fedcm:accounts: true, goog:chromeOptions: {debuggerAddress: localhost:62235}, networkConnectionEnabled: false, pageLoadStrategy: normal, platformName: windows, proxy: Proxy(), se:cdp: ws://localhost:62235/devtoo..., se:cdpVersion: 134.0.6998.118, setWindowRect: true, strictFileInteractability: false, timeouts: {implicit: 0, pageLoad: 300000, script: 30000}, unhandledPromptBehavior: dismiss and notify, webauthn:extension:credBlob: true, webauthn:extension:largeBlob: true, webauthn:extension:minPinLength: true, webauthn:extension:prf: true, webauthn:virtualAuthenticators: true}
Session ID: 5acb2d00d2202ca71e4e1b365d3476ad
2025-03-21 12:59:37 [main] INFO  l.i.u.t.SubmittedApplicationsPageTest - Marking 'Taip' radio button 10
2025-03-21 12:59:47 [main] ERROR l.i.u.p.SubmittedApplicationsPage - Error selecting radio button: Expected condition failed: waiting for element to be clickable: By.xpath: (//input[@type='radio' and @value='true'])[18] (tried for 10 second(s) with 500 milliseconds interval)
Build info: version: '4.27.0', revision: 'd6e718d134'
System info: os.name: 'Windows 11', os.arch: 'amd64', os.version: '10.0', java.version: '21.0.3'
Driver info: org.openqa.selenium.chrome.ChromeDriver
Capabilities {acceptInsecureCerts: false, browserName: chrome, browserVersion: 134.0.6998.118, chrome: {chromedriverVersion: 134.0.6998.90 (219ee74681fc..., userDataDir: C:\Users\INGRID~1.ZAD\AppDa...}, fedcm:accounts: true, goog:chromeOptions: {debuggerAddress: localhost:62235}, networkConnectionEnabled: false, pageLoadStrategy: normal, platformName: windows, proxy: Proxy(), se:cdp: ws://localhost:62235/devtoo..., se:cdpVersion: 134.0.6998.118, setWindowRect: true, strictFileInteractability: false, timeouts: {implicit: 0, pageLoad: 300000, script: 30000}, unhandledPromptBehavior: dismiss and notify, webauthn:extension:credBlob: true, webauthn:extension:largeBlob: true, webauthn:extension:minPinLength: true, webauthn:extension:prf: true, webauthn:virtualAuthenticators: true}
Session ID: 5acb2d00d2202ca71e4e1b365d3476ad
2025-03-21 12:59:47 [main] INFO  l.i.u.t.SubmittedApplicationsPageTest - Marking 'Taip' radio button 11
2025-03-21 12:59:57 [main] ERROR l.i.u.p.SubmittedApplicationsPage - Error selecting radio button: Expected condition failed: waiting for element to be clickable: By.xpath: (//input[@type='radio' and @value='true'])[19] (tried for 10 second(s) with 500 milliseconds interval)
Build info: version: '4.27.0', revision: 'd6e718d134'
System info: os.name: 'Windows 11', os.arch: 'amd64', os.version: '10.0', java.version: '21.0.3'
Driver info: org.openqa.selenium.chrome.ChromeDriver
Capabilities {acceptInsecureCerts: false, browserName: chrome, browserVersion: 134.0.6998.118, chrome: {chromedriverVersion: 134.0.6998.90 (219ee74681fc..., userDataDir: C:\Users\INGRID~1.ZAD\AppDa...}, fedcm:accounts: true, goog:chromeOptions: {debuggerAddress: localhost:62235}, networkConnectionEnabled: false, pageLoadStrategy: normal, platformName: windows, proxy: Proxy(), se:cdp: ws://localhost:62235/devtoo..., se:cdpVersion: 134.0.6998.118, setWindowRect: true, strictFileInteractability: false, timeouts: {implicit: 0, pageLoad: 300000, script: 30000}, unhandledPromptBehavior: dismiss and notify, webauthn:extension:credBlob: true, webauthn:extension:largeBlob: true, webauthn:extension:minPinLength: true, webauthn:extension:prf: true, webauthn:virtualAuthenticators: true}
Session ID: 5acb2d00d2202ca71e4e1b365d3476ad
2025-03-21 12:59:57 [main] INFO  l.i.u.t.SubmittedApplicationsPageTest - Marking 'Taip' radio button 12
2025-03-21 13:00:08 [main] DEBUG l.i.u.t.SubmittedApplicationsPageTest - Checked 'ConfirmationStepFour'
2025-03-21 13:00:08 [main] DEBUG l.i.u.t.SubmittedApplicationsPageTest - Clicked 'Next' button after checkboxes.
2025-03-21 13:00:08 [main] INFO  l.i.u.p.SubmittedApplicationsPage - File uploaded successfully to an input element.
2025-03-21 13:00:08 [main] INFO  l.i.u.p.SubmittedApplicationsPage - File uploaded successfully to an input element.
2025-03-21 13:00:08 [main] INFO  l.i.u.p.SubmittedApplicationsPage - File uploaded successfully to an input element.
2025-03-21 13:00:08 [main] INFO  l.i.u.p.SubmittedApplicationsPage - File uploaded successfully to an input element.
2025-03-21 13:00:08 [main] INFO  l.i.u.p.SubmittedApplicationsPage - File uploaded successfully to an input element.
2025-03-21 13:00:08 [main] INFO  l.i.u.p.SubmittedApplicationsPage - File uploaded successfully to an input element.
2025-03-21 13:00:08 [main] INFO  l.i.u.p.SubmittedApplicationsPage - File uploaded successfully to an input element.
2025-03-21 13:00:08 [main] INFO  l.i.u.p.SubmittedApplicationsPage - File uploaded successfully to an input element.
2025-03-21 13:00:08 [main] INFO  l.i.u.p.SubmittedApplicationsPage - File uploaded successfully to an input element.
2025-03-21 13:00:08 [main] INFO  l.i.u.p.SubmittedApplicationsPage - File uploaded successfully to an input element.
2025-03-21 13:00:09 [main] DEBUG l.i.u.t.SubmittedApplicationsPageTest - Entered program name: 'Dokumentas 1'.
2025-03-21 13:00:09 [main] DEBUG l.i.u.t.SubmittedApplicationsPageTest - Entered program name: 'Dokumentas 2'.
2025-03-21 13:00:09 [main] DEBUG l.i.u.t.SubmittedApplicationsPageTest - Entered program name: 'Dokumentas 3'.
2025-03-21 13:00:09 [main] DEBUG l.i.u.t.SubmittedApplicationsPageTest - Entered program name: 'Dokumentas 4'.
2025-03-21 13:00:09 [main] DEBUG l.i.u.t.SubmittedApplicationsPageTest - Entered program name: 'Dokumentas 5'.
2025-03-21 13:00:09 [main] DEBUG l.i.u.t.SubmittedApplicationsPageTest - Entered program name: 'Dokumentas 6'.
2025-03-21 13:00:10 [main] DEBUG l.i.u.t.SubmittedApplicationsPageTest - Entered program name: 'Dokumentas 4'.
2025-03-21 13:00:10 [main] DEBUG l.i.u.t.SubmittedApplicationsPageTest - Entered program name: 'Dokumentas 8'.
2025-03-21 13:00:10 [main] DEBUG l.i.u.t.SubmittedApplicationsPageTest - Entered program name: 'Dokumentas 9'.
2025-03-21 13:00:10 [main] DEBUG l.i.u.t.SubmittedApplicationsPageTest - Entered program name: 'Dokumentas 10'.
2025-03-21 13:00:20 [main] DEBUG l.i.u.t.SubmittedApplicationsPageTest - Checked 'ConfirmationDocument'
2025-03-21 13:00:31 [main] DEBUG l.i.u.t.SubmittedApplicationsPageTest - Checked 'ConfirmationApplication'
2025-03-21 13:00:31 [main] DEBUG l.i.u.t.SubmittedApplicationsPageTest - Clicked 'SaveDraft' button after checkboxes.
2025-03-21 13:00:31 [main] DEBUG l.i.uztis.pages.ApplicationFormsPage - Verified success message: 'Ruošinys sėkmingai išsaugotas.'
2025-03-21 13:00:31 [main] INFO  l.i.u.t.SubmittedApplicationsPageTest - Verified success message
2025-03-21 13:00:31 [main] DEBUG l.i.u.t.SubmittedApplicationsPageTest - Clicked 'Review' button after checkboxes.
2025-03-21 13:00:31 [main] DEBUG l.i.u.t.SubmittedApplicationsPageTest - Clicked 'Submit' button after checkboxes.
2025-03-21 13:00:32 [main] DEBUG l.i.u.t.SubmittedApplicationsPageTest - Clicked 'SubmitConfirmation' button after checkboxes.
2025-03-21 13:00:32 [main] ERROR l.i.uztis.pages.ApplicationFormsPage - Failed to verify the success message: 'Paraiška sėkmingai pateikta ir užregistruota.'. Available messages: [Ruošinys sėkmingai išsaugotas.]
2025-03-21 13:00:32 [main] INFO  l.i.u.t.SubmittedApplicationsPageTest - Test 'testFillNewVUIApplicationFA' completed successfully.
2025-03-21 13:32:11 [main] INFO  lt.insoft.uztis.tests.UztisPageTest - Navigated to https://uztisdev.asseco.lt/home
2025-03-21 13:32:11 [main] INFO  l.i.u.t.SubmittedApplicationsPageTest - Starting test:'testFillNewDVPApplicationFA'
2025-03-21 13:32:13 [main] DEBUG l.i.u.t.SubmittedApplicationsPageTest - User logged in with test credentials.
2025-03-21 13:32:13 [main] DEBUG l.i.u.t.SubmittedApplicationsPageTest - Opened 'Application Processing' menu.
2025-03-21 13:32:13 [main] DEBUG l.i.u.t.SubmittedApplicationsPageTest - Clicked on 'Application Forms' menu.
2025-03-21 13:32:14 [main] DEBUG l.i.u.t.SubmittedApplicationsPageTest - Retrieved last description code text: 'e_d_DVP'.
2025-03-21 13:32:14 [main] DEBUG l.i.u.t.SubmittedApplicationsPageTest - Clicked on 'Invitation' menu.
2025-03-21 13:32:14 [main] DEBUG l.i.u.t.SubmittedApplicationsPageTest - Selected application section by code: 'e_d_DVP'.
2025-03-21 13:32:15 [main] DEBUG l.i.u.t.SubmittedApplicationsPageTest - Clicked 'Search' button.
2025-03-21 13:32:15 [main] DEBUG l.i.u.t.SubmittedApplicationsPageTest - Retrieved invitation code: ''.
2025-03-21 13:32:15 [main] DEBUG l.i.u.t.SubmittedApplicationsPageTest - Clicked on 'Submitted Applications' menu.
2025-03-21 13:32:16 [main] DEBUG l.i.u.t.SubmittedApplicationsPageTest - Selected invitation by code: 'e_d_DVP'.
2025-03-21 13:32:16 [main] DEBUG l.i.u.t.SubmittedApplicationsPageTest - Invitation code inserted.
2025-03-21 13:32:16 [main] DEBUG l.i.u.t.SubmittedApplicationsPageTest - Clicked on 'Action Application' button.
2025-03-21 13:32:16 [main] DEBUG l.i.u.t.SubmittedApplicationsPageTest - Clicked on 'New Application' button.
2025-03-21 13:32:17 [main] DEBUG l.i.u.t.SubmittedApplicationsPageTest - Selected the 'RadioButtonFA' option.
2025-03-21 13:32:17 [main] DEBUG l.i.u.t.SubmittedApplicationsPageTest - Entered phone number: '61298745'.
2025-03-21 13:32:17 [main] DEBUG l.i.u.t.SubmittedApplicationsPageTest - Entered email: 'test@autotest.com'.
2025-03-21 13:32:17 [main] DEBUG l.i.u.t.SubmittedApplicationsPageTest - Checked 'For workplace adaptation' checkbox 1.
2025-03-21 13:32:17 [main] DEBUG l.i.u.t.SubmittedApplicationsPageTest - Checked 'For environmental adaptation' checkbox 2.
2025-03-21 13:32:17 [main] INFO  l.i.u.p.SubmittedApplicationsPage - Located the dropdown button.
2025-03-21 13:32:35 [main] INFO  l.i.u.p.SubmittedApplicationsPage - Found 1741 options in the dropdown.
2025-03-21 13:32:35 [main] INFO  l.i.u.p.SubmittedApplicationsPage - Successfully selected the value: '01.11 - Grūdinių (išskyrus ryžius), ankštinių ir aliejingų sėklų augalų auginimas'
2025-03-21 13:32:46 [main] ERROR l.i.u.p.SubmittedApplicationsPage - Failed to close the dropdown with aria-expanded = 'false'. Attempting manual close.
2025-03-21 13:32:46 [main] INFO  l.i.u.p.SubmittedApplicationsPage - Manual close attempt for the dropdown using body click.
2025-03-21 13:32:46 [main] DEBUG l.i.u.t.SubmittedApplicationsPageTest - Selected EVRK value: '01.11 - Grūdinių (išskyrus ryžius), ankštinių ir aliejingų sėklų augalų auginimas'.
2025-03-21 13:32:46 [main] DEBUG l.i.u.t.SubmittedApplicationsPageTest - Clicked on 'Address Component' button.
2025-03-21 13:32:46 [main] INFO  l.i.u.p.SubmittedApplicationsPage - Located the dropdown button.
2025-03-21 13:32:49 [main] INFO  l.i.u.p.SubmittedApplicationsPage - Successfully selected the value: 'Lietuva'
2025-03-21 13:32:49 [main] DEBUG l.i.u.t.SubmittedApplicationsPageTest - Selected country: 'Lietuva'.
2025-03-21 13:32:49 [main] INFO  l.i.u.p.SubmittedApplicationsPage - Located the dropdown search field.
2025-03-21 13:32:49 [main] INFO  l.i.u.p.SubmittedApplicationsPage - Dropdown city is opened.
2025-03-21 13:32:50 [main] INFO  l.i.u.p.SubmittedApplicationsPage - Searched for value: 'Vilnius'
2025-03-21 13:32:51 [main] INFO  l.i.u.p.SubmittedApplicationsPage - Successfully selected: 'Vilnius'
2025-03-21 13:32:51 [main] INFO  l.i.u.p.SubmittedApplicationsPage - Located the dropdown button.
2025-03-21 13:32:52 [main] INFO  l.i.u.p.SubmittedApplicationsPage - Successfully selected the value: 'A. Domaševičiaus g.'
2025-03-21 13:32:52 [main] DEBUG l.i.u.t.SubmittedApplicationsPageTest - Selected street: 'A. Domaševičiaus g.'.
2025-03-21 13:32:52 [main] INFO  l.i.u.p.SubmittedApplicationsPage - Located the dropdown button.
2025-03-21 13:32:52 [main] INFO  l.i.u.p.SubmittedApplicationsPage - Successfully selected the value: '1'
2025-03-21 13:32:52 [main] DEBUG l.i.u.t.SubmittedApplicationsPageTest - Selected house: '1'.
2025-03-21 13:32:52 [main] INFO  l.i.u.p.SubmittedApplicationsPage - Located the dropdown button.
2025-03-21 13:32:53 [main] INFO  l.i.u.p.SubmittedApplicationsPage - Successfully selected the value: '1'
2025-03-21 13:32:53 [main] DEBUG l.i.u.t.SubmittedApplicationsPageTest - Selected apartment: '1'.
2025-03-21 13:32:53 [main] DEBUG l.i.u.t.SubmittedApplicationsPageTest - Clicked 'Confirm' button.
2025-03-21 13:32:53 [main] DEBUG l.i.u.t.SubmittedApplicationsPageTest - Selected 'For already working' option.
2025-03-21 13:32:54 [main] DEBUG l.i.u.t.SubmittedApplicationsPageTest - Selected 'For new working' option.
2025-03-21 13:32:54 [main] DEBUG l.i.u.t.SubmittedApplicationsPageTest - Entered person count2: '1'.
2025-03-21 13:32:54 [main] DEBUG l.i.u.t.SubmittedApplicationsPageTest - Clicked 'Next' button after checkboxes.
2025-03-21 13:32:54 [main] INFO  l.i.u.p.SubmittedApplicationsPage - Located the dropdown button.
2025-03-21 13:32:55 [main] INFO  l.i.u.p.SubmittedApplicationsPage - Successfully selected the value: 'Administratoriai'
2025-03-21 13:32:55 [main] DEBUG l.i.u.t.SubmittedApplicationsPageTest - Selected adaptable job name: 'Administratoriai'.
2025-03-21 13:32:55 [main] DEBUG l.i.u.t.SubmittedApplicationsPageTest - Entered job date.
2025-03-21 13:32:56 [main] DEBUG l.i.u.t.SubmittedApplicationsPageTest - Entered job function: 'Funkcija 1'.
2025-03-21 13:32:56 [main] DEBUG l.i.u.t.SubmittedApplicationsPageTest - Selected 'For already working' 'no' option.
2025-03-21 13:32:56 [main] INFO  l.i.u.p.SubmittedApplicationsPage - Clicking on the dropdown button.
2025-03-21 13:32:56 [main] INFO  l.i.u.p.SubmittedApplicationsPage - Found 6 options in the dropdown.
2025-03-21 13:32:56 [main] DEBUG l.i.u.p.SubmittedApplicationsPage - Checking option: 'Lengvo neįgalumo lygis ar 45-55 procentų dalyvumo lygis (iki 2023 m. gruodžio 31 d. – 45-55 procentų darbingumo lygis)'
2025-03-21 13:32:56 [main] INFO  l.i.u.p.SubmittedApplicationsPage - Successfully selected the value: 'Lengvo neįgalumo lygis ar 45-55 procentų dalyvumo lygis (iki 2023 m. gruodžio 31 d. – 45-55 procentų darbingumo lygis)'
2025-03-21 13:32:56 [main] INFO  l.i.u.p.SubmittedApplicationsPage - Attempting to close the dropdown.
2025-03-21 13:32:57 [main] DEBUG l.i.u.t.SubmittedApplicationsPageTest - Selected disabilities type: 'Lengvo neįgalumo lygis ar 45-55 procentų dalyvumo lygis (iki 2023 m. gruodžio 31 d. – 45-55 procentų darbingumo lygis)'.
2025-03-21 13:32:57 [main] DEBUG l.i.u.t.SubmittedApplicationsPageTest - Entered disability information: 'Negalia 1'.
2025-03-21 13:32:57 [main] DEBUG l.i.u.t.SubmittedApplicationsPageTest - Entered qualification: 'Kvalifikacija 1'.
2025-03-21 13:32:58 [main] DEBUG l.i.u.t.SubmittedApplicationsPageTest - Entered job description: 'Darbo vietos aprašymas 1'.
2025-03-21 13:32:58 [main] DEBUG l.i.u.t.SubmittedApplicationsPageTest - Entered equipment description: 'Priemonių įsigyjimas 1'.
2025-03-21 13:32:58 [main] DEBUG l.i.u.t.SubmittedApplicationsPageTest - Entered work information: 'Darbai 1'.
2025-03-21 13:32:58 [main] INFO  l.i.u.p.SubmittedApplicationsPage - Located the dropdown button.
2025-03-21 13:32:59 [main] INFO  l.i.u.p.SubmittedApplicationsPage - Successfully selected the value: 'Kita'
2025-03-21 13:32:59 [main] DEBUG l.i.u.t.SubmittedApplicationsPageTest - Selected time mode: 'Kita'.
2025-03-21 13:32:59 [main] DEBUG l.i.u.t.SubmittedApplicationsPageTest - Selected time mode other: '6 val. per dieną ir 4 d. per savaitę'.
2025-03-21 13:32:59 [main] DEBUG l.i.u.t.SubmittedApplicationsPageTest - Entered salary amount: '1200'.
2025-03-21 13:32:59 [main] DEBUG l.i.u.t.SubmittedApplicationsPageTest - Selected 'Temporary Job' radio button.
2025-03-21 13:33:00 [main] DEBUG l.i.u.t.SubmittedApplicationsPageTest - Selected 'Season Job' radio button.
2025-03-21 13:33:00 [main] DEBUG l.i.u.t.SubmittedApplicationsPageTest - Selected 'PVM' radio button.
2025-03-21 13:33:00 [main] INFO  l.i.u.p.SubmittedApplicationsPage - Located the dropdown button.
2025-03-21 13:33:00 [main] INFO  l.i.u.p.SubmittedApplicationsPage - Successfully selected the value: 'Darbo vietos pritaikymui'
2025-03-21 13:33:31 [main] ERROR l.i.u.p.SubmittedApplicationsPage - Timeout while waiting for dropdown to close with aria-expanded = 'false'.
2025-03-21 13:33:31 [main] DEBUG l.i.u.t.SubmittedApplicationsPageTest - Selected adaptable job name: 'Darbo vietos pritaikymui'.
2025-03-21 13:33:31 [main] DEBUG l.i.u.p.SubmittedApplicationsPage - Located and clicked the dropdown button 'Reikalinga'.
2025-03-21 13:33:31 [main] INFO  l.i.u.p.SubmittedApplicationsPage - Successfully selected the value: 'Įsigyti'
2025-03-21 13:33:31 [main] DEBUG l.i.u.t.SubmittedApplicationsPageTest - Selected necessary for job: 'Įsigyti'.
2025-03-21 13:33:31 [main] DEBUG l.i.u.t.SubmittedApplicationsPageTest - Selected tool: 'Darbo priemonė 1'.
2025-03-21 13:33:31 [main] DEBUG l.i.u.t.SubmittedApplicationsPageTest - Selected tool parameter one: 'Darbo priemonės 1 parametras 1'.
2025-03-21 13:33:32 [main] DEBUG l.i.u.t.SubmittedApplicationsPageTest - Selected tool parameter two: 'Darbo priemonės 1 parametras 2'.
2025-03-21 13:33:32 [main] DEBUG l.i.u.t.SubmittedApplicationsPageTest - Selected tool parameter three: 'Darbo priemonės 1 parametras 3'.
2025-03-21 13:33:32 [main] DEBUG l.i.u.t.SubmittedApplicationsPageTest - Entered tool count: '1'.
2025-03-21 13:33:32 [main] DEBUG l.i.u.t.SubmittedApplicationsPageTest - Entered price amount: '1000'.
2025-03-21 13:33:32 [main] DEBUG l.i.u.t.SubmittedApplicationsPageTest - Entered own funds amount: '800'.
2025-03-21 13:33:35 [main] DEBUG l.i.u.t.SubmittedApplicationsPageTest - Clicked 'Add' button.
2025-03-21 13:33:35 [main] INFO  l.i.u.p.SubmittedApplicationsPage - Located the dropdown button.
2025-03-21 13:33:35 [main] INFO  l.i.u.p.SubmittedApplicationsPage - Successfully selected the value: 'Aplinkos pritaikymui'
2025-03-21 13:34:05 [main] ERROR l.i.u.p.SubmittedApplicationsPage - Timeout while waiting for dropdown to close with aria-expanded = 'false'.
2025-03-21 13:34:05 [main] DEBUG l.i.u.t.SubmittedApplicationsPageTest - Selected adaptable job name: 'Aplinkos pritaikymui'.
2025-03-21 13:34:06 [main] DEBUG l.i.u.p.SubmittedApplicationsPage - Located and clicked the dropdown button 'Reikalinga'.
2025-03-21 13:34:06 [main] INFO  l.i.u.p.SubmittedApplicationsPage - Successfully selected the value: 'Remontuoti'
2025-03-21 13:34:16 [main] DEBUG l.i.u.t.SubmittedApplicationsPageTest - Selected necessary for job: 'Remontuoti'.
2025-03-21 13:34:17 [main] DEBUG l.i.u.t.SubmittedApplicationsPageTest - Selected tool: 'Darbo priemonė 2 remontui'.
2025-03-21 13:34:17 [main] DEBUG l.i.u.t.SubmittedApplicationsPageTest - Entered tool count: '2'.
2025-03-21 13:34:17 [main] DEBUG l.i.u.t.SubmittedApplicationsPageTest - Entered price amount: '1000'.
2025-03-21 13:34:17 [main] DEBUG l.i.u.t.SubmittedApplicationsPageTest - Entered own funds amount: '900'.
2025-03-21 13:34:19 [main] DEBUG l.i.u.t.SubmittedApplicationsPageTest - Selected 'De Minimis' radio button.
2025-03-21 13:34:19 [main] DEBUG l.i.u.t.SubmittedApplicationsPageTest - Entered program name: 'Programa 1'.
2025-03-21 13:34:20 [main] DEBUG l.i.u.t.SubmittedApplicationsPageTest - Entered project date from.
2025-03-21 13:34:20 [main] DEBUG l.i.u.t.SubmittedApplicationsPageTest - Entered project date until.
2025-03-21 13:34:20 [main] DEBUG l.i.u.t.SubmittedApplicationsPageTest - Entered support amount: '2000'.
2025-03-21 13:34:20 [main] DEBUG l.i.u.t.SubmittedApplicationsPageTest - Clicked 'Next' button.
2025-03-21 13:34:50 [main] ERROR l.i.u.t.SubmittedApplicationsPageTest - Test 'testFillNewDVPApplicationFA' failed with error: no such element: Unable to locate element: {"method":"xpath","selector":"(//div[contains(@class, 'mdc-checkbox')]//input[@type='checkbox'])[3]"}
  (Session info: chrome=134.0.6998.118)
For documentation on this error, please visit: https://www.selenium.dev/documentation/webdriver/troubleshooting/errors#no-such-element-exception
Build info: version: '4.27.0', revision: 'd6e718d134'
System info: os.name: 'Windows 11', os.arch: 'amd64', os.version: '10.0', java.version: '21.0.3'
Driver info: org.openqa.selenium.chrome.ChromeDriver
Command: [0ae4b079b597a42c235c5f792ac0377c, findElement {value=(//div[contains(@class, 'mdc-checkbox')]//input[@type='checkbox'])[3], using=xpath}]
Capabilities {acceptInsecureCerts: false, browserName: chrome, browserVersion: 134.0.6998.118, chrome: {chromedriverVersion: 134.0.6998.90 (219ee74681fc..., userDataDir: C:\Users\INGRID~1.ZAD\AppDa...}, fedcm:accounts: true, goog:chromeOptions: {debuggerAddress: localhost:63602}, networkConnectionEnabled: false, pageLoadStrategy: normal, platformName: windows, proxy: Proxy(), se:cdp: ws://localhost:63602/devtoo..., se:cdpVersion: 134.0.6998.118, setWindowRect: true, strictFileInteractability: false, timeouts: {implicit: 0, pageLoad: 300000, script: 30000}, unhandledPromptBehavior: dismiss and notify, webauthn:extension:credBlob: true, webauthn:extension:largeBlob: true, webauthn:extension:minPinLength: true, webauthn:extension:prf: true, webauthn:virtualAuthenticators: true}
Session ID: 0ae4b079b597a42c235c5f792ac0377c
org.openqa.selenium.NoSuchElementException: no such element: Unable to locate element: {"method":"xpath","selector":"(//div[contains(@class, 'mdc-checkbox')]//input[@type='checkbox'])[3]"}
  (Session info: chrome=134.0.6998.118)
For documentation on this error, please visit: https://www.selenium.dev/documentation/webdriver/troubleshooting/errors#no-such-element-exception
Build info: version: '4.27.0', revision: 'd6e718d134'
System info: os.name: 'Windows 11', os.arch: 'amd64', os.version: '10.0', java.version: '21.0.3'
Driver info: org.openqa.selenium.chrome.ChromeDriver
Command: [0ae4b079b597a42c235c5f792ac0377c, findElement {value=(//div[contains(@class, 'mdc-checkbox')]//input[@type='checkbox'])[3], using=xpath}]
Capabilities {acceptInsecureCerts: false, browserName: chrome, browserVersion: 134.0.6998.118, chrome: {chromedriverVersion: 134.0.6998.90 (219ee74681fc..., userDataDir: C:\Users\INGRID~1.ZAD\AppDa...}, fedcm:accounts: true, goog:chromeOptions: {debuggerAddress: localhost:63602}, networkConnectionEnabled: false, pageLoadStrategy: normal, platformName: windows, proxy: Proxy(), se:cdp: ws://localhost:63602/devtoo..., se:cdpVersion: 134.0.6998.118, setWindowRect: true, strictFileInteractability: false, timeouts: {implicit: 0, pageLoad: 300000, script: 30000}, unhandledPromptBehavior: dismiss and notify, webauthn:extension:credBlob: true, webauthn:extension:largeBlob: true, webauthn:extension:minPinLength: true, webauthn:extension:prf: true, webauthn:virtualAuthenticators: true}
Session ID: 0ae4b079b597a42c235c5f792ac0377c
	at java.base/jdk.internal.reflect.DirectConstructorHandleAccessor.newInstance(DirectConstructorHandleAccessor.java:62)
	at java.base/java.lang.reflect.Constructor.newInstanceWithCaller(Constructor.java:502)
	at java.base/java.lang.reflect.Constructor.newInstance(Constructor.java:486)
	at org.openqa.selenium.remote.ErrorCodec.decode(ErrorCodec.java:167)
	at org.openqa.selenium.remote.codec.w3c.W3CHttpResponseCodec.decode(W3CHttpResponseCodec.java:138)
	at org.openqa.selenium.remote.codec.w3c.W3CHttpResponseCodec.decode(W3CHttpResponseCodec.java:50)
	at org.openqa.selenium.remote.HttpCommandExecutor.execute(HttpCommandExecutor.java:190)
	at org.openqa.selenium.remote.service.DriverCommandExecutor.invokeExecute(DriverCommandExecutor.java:216)
	at org.openqa.selenium.remote.service.DriverCommandExecutor.execute(DriverCommandExecutor.java:174)
	at org.openqa.selenium.remote.RemoteWebDriver.execute(RemoteWebDriver.java:545)
	at org.openqa.selenium.remote.ElementLocation$ElementFinder$2.findElement(ElementLocation.java:165)
	at org.openqa.selenium.remote.ElementLocation.findElement(ElementLocation.java:59)
	at org.openqa.selenium.remote.RemoteWebDriver.findElement(RemoteWebDriver.java:368)
	at org.openqa.selenium.remote.RemoteWebDriver.findElement(RemoteWebDriver.java:362)
	at org.openqa.selenium.support.pagefactory.DefaultElementLocator.findElement(DefaultElementLocator.java:68)
	at org.openqa.selenium.support.pagefactory.internal.LocatingElementHandler.invoke(LocatingElementHandler.java:38)
	at jdk.proxy2/jdk.proxy2.$Proxy14.getWrappedElement(Unknown Source)
	at org.openqa.selenium.remote.WebElementToJsonConverter.apply(WebElementToJsonConverter.java:48)
	at java.base/java.util.stream.ReferencePipeline$3$1.accept(ReferencePipeline.java:197)
	at java.base/java.util.Spliterators$ArraySpliterator.forEachRemaining(Spliterators.java:1024)
	at java.base/java.util.stream.AbstractPipeline.copyInto(AbstractPipeline.java:509)
	at java.base/java.util.stream.AbstractPipeline.wrapAndCopyInto(AbstractPipeline.java:499)
	at java.base/java.util.stream.ReduceOps$ReduceOp.evaluateSequential(ReduceOps.java:921)
	at java.base/java.util.stream.AbstractPipeline.evaluate(AbstractPipeline.java:234)
	at java.base/java.util.stream.ReferencePipeline.collect(ReferencePipeline.java:682)
	at org.openqa.selenium.remote.RemoteWebDriver.executeScript(RemoteWebDriver.java:474)
	at lt.insoft.uztis.pages.SubmittedApplicationsPage$CheckboxHelper.clickWithJavaScript(SubmittedApplicationsPage.java:1724)
	at lt.insoft.uztis.pages.SubmittedApplicationsPage$CheckboxHelper.setConfirmationCheckbox(SubmittedApplicationsPage.java:1713)
	at lt.insoft.uztis.tests.SubmittedApplicationsPageTest.testFillNewDVPApplicationFA(SubmittedApplicationsPageTest.java:794)
	at java.base/jdk.internal.reflect.DirectMethodHandleAccessor.invoke(DirectMethodHandleAccessor.java:103)
	at java.base/java.lang.reflect.Method.invoke(Method.java:580)
	at org.junit.platform.commons.util.ReflectionUtils.invokeMethod(ReflectionUtils.java:728)
	at org.junit.jupiter.engine.execution.MethodInvocation.proceed(MethodInvocation.java:60)
	at org.junit.jupiter.engine.execution.InvocationInterceptorChain$ValidatingInvocation.proceed(InvocationInterceptorChain.java:131)
	at org.junit.jupiter.engine.extension.TimeoutExtension.intercept(TimeoutExtension.java:156)
	at org.junit.jupiter.engine.extension.TimeoutExtension.interceptTestableMethod(TimeoutExtension.java:147)
	at org.junit.jupiter.engine.extension.TimeoutExtension.interceptTestMethod(TimeoutExtension.java:86)
	at org.junit.jupiter.engine.execution.InterceptingExecutableInvoker$ReflectiveInterceptorCall.lambda$ofVoidMethod$0(InterceptingExecutableInvoker.java:103)
	at org.junit.jupiter.engine.execution.InterceptingExecutableInvoker.lambda$invoke$0(InterceptingExecutableInvoker.java:93)
	at org.junit.jupiter.engine.execution.InvocationInterceptorChain$InterceptedInvocation.proceed(InvocationInterceptorChain.java:106)
	at org.junit.jupiter.engine.execution.InvocationInterceptorChain.proceed(InvocationInterceptorChain.java:64)
	at org.junit.jupiter.engine.execution.InvocationInterceptorChain.chainAndInvoke(InvocationInterceptorChain.java:45)
	at org.junit.jupiter.engine.execution.InvocationInterceptorChain.invoke(InvocationInterceptorChain.java:37)
	at org.junit.jupiter.engine.execution.InterceptingExecutableInvoker.invoke(InterceptingExecutableInvoker.java:92)
	at org.junit.jupiter.engine.execution.InterceptingExecutableInvoker.invoke(InterceptingExecutableInvoker.java:86)
	at org.junit.jupiter.engine.descriptor.TestMethodTestDescriptor.lambda$invokeTestMethod$7(TestMethodTestDescriptor.java:218)
	at org.junit.platform.engine.support.hierarchical.ThrowableCollector.execute(ThrowableCollector.java:73)
	at org.junit.jupiter.engine.descriptor.TestMethodTestDescriptor.invokeTestMethod(TestMethodTestDescriptor.java:214)
	at org.junit.jupiter.engine.descriptor.TestMethodTestDescriptor.execute(TestMethodTestDescriptor.java:139)
	at org.junit.jupiter.engine.descriptor.TestMethodTestDescriptor.execute(TestMethodTestDescriptor.java:69)
	at org.junit.platform.engine.support.hierarchical.NodeTestTask.lambda$executeRecursively$6(NodeTestTask.java:151)
	at org.junit.platform.engine.support.hierarchical.ThrowableCollector.execute(ThrowableCollector.java:73)
	at org.junit.platform.engine.support.hierarchical.NodeTestTask.lambda$executeRecursively$8(NodeTestTask.java:141)
	at org.junit.platform.engine.support.hierarchical.Node.around(Node.java:137)
	at org.junit.platform.engine.support.hierarchical.NodeTestTask.lambda$executeRecursively$9(NodeTestTask.java:139)
	at org.junit.platform.engine.support.hierarchical.ThrowableCollector.execute(ThrowableCollector.java:73)
	at org.junit.platform.engine.support.hierarchical.NodeTestTask.executeRecursively(NodeTestTask.java:138)
	at org.junit.platform.engine.support.hierarchical.NodeTestTask.execute(NodeTestTask.java:95)
	at java.base/java.util.ArrayList.forEach(ArrayList.java:1596)
	at org.junit.platform.engine.support.hierarchical.SameThreadHierarchicalTestExecutorService.invokeAll(SameThreadHierarchicalTestExecutorService.java:41)
	at org.junit.platform.engine.support.hierarchical.NodeTestTask.lambda$executeRecursively$6(NodeTestTask.java:155)
	at org.junit.platform.engine.support.hierarchical.ThrowableCollector.execute(ThrowableCollector.java:73)
	at org.junit.platform.engine.support.hierarchical.NodeTestTask.lambda$executeRecursively$8(NodeTestTask.java:141)
	at org.junit.platform.engine.support.hierarchical.Node.around(Node.java:137)
	at org.junit.platform.engine.support.hierarchical.NodeTestTask.lambda$executeRecursively$9(NodeTestTask.java:139)
	at org.junit.platform.engine.support.hierarchical.ThrowableCollector.execute(ThrowableCollector.java:73)
	at org.junit.platform.engine.support.hierarchical.NodeTestTask.executeRecursively(NodeTestTask.java:138)
	at org.junit.platform.engine.support.hierarchical.NodeTestTask.execute(NodeTestTask.java:95)
	at java.base/java.util.ArrayList.forEach(ArrayList.java:1596)
	at org.junit.platform.engine.support.hierarchical.SameThreadHierarchicalTestExecutorService.invokeAll(SameThreadHierarchicalTestExecutorService.java:41)
	at org.junit.platform.engine.support.hierarchical.NodeTestTask.lambda$executeRecursively$6(NodeTestTask.java:155)
	at org.junit.platform.engine.support.hierarchical.ThrowableCollector.execute(ThrowableCollector.java:73)
	at org.junit.platform.engine.support.hierarchical.NodeTestTask.lambda$executeRecursively$8(NodeTestTask.java:141)
	at org.junit.platform.engine.support.hierarchical.Node.around(Node.java:137)
	at org.junit.platform.engine.support.hierarchical.NodeTestTask.lambda$executeRecursively$9(NodeTestTask.java:139)
	at org.junit.platform.engine.support.hierarchical.ThrowableCollector.execute(ThrowableCollector.java:73)
	at org.junit.platform.engine.support.hierarchical.NodeTestTask.executeRecursively(NodeTestTask.java:138)
	at org.junit.platform.engine.support.hierarchical.NodeTestTask.execute(NodeTestTask.java:95)
	at org.junit.platform.engine.support.hierarchical.SameThreadHierarchicalTestExecutorService.submit(SameThreadHierarchicalTestExecutorService.java:35)
	at org.junit.platform.engine.support.hierarchical.HierarchicalTestExecutor.execute(HierarchicalTestExecutor.java:57)
	at org.junit.platform.engine.support.hierarchical.HierarchicalTestEngine.execute(HierarchicalTestEngine.java:54)
	at org.junit.platform.launcher.core.EngineExecutionOrchestrator.execute(EngineExecutionOrchestrator.java:198)
	at org.junit.platform.launcher.core.EngineExecutionOrchestrator.execute(EngineExecutionOrchestrator.java:169)
	at org.junit.platform.launcher.core.EngineExecutionOrchestrator.execute(EngineExecutionOrchestrator.java:93)
	at org.junit.platform.launcher.core.EngineExecutionOrchestrator.lambda$execute$0(EngineExecutionOrchestrator.java:58)
	at org.junit.platform.launcher.core.EngineExecutionOrchestrator.withInterceptedStreams(EngineExecutionOrchestrator.java:141)
	at org.junit.platform.launcher.core.EngineExecutionOrchestrator.execute(EngineExecutionOrchestrator.java:57)
	at org.junit.platform.launcher.core.DefaultLauncher.execute(DefaultLauncher.java:103)
	at org.junit.platform.launcher.core.DefaultLauncher.execute(DefaultLauncher.java:85)
	at org.junit.platform.launcher.core.DelegatingLauncher.execute(DelegatingLauncher.java:47)
	at org.junit.platform.launcher.core.SessionPerRequestLauncher.execute(SessionPerRequestLauncher.java:63)
	at com.intellij.junit5.JUnit5IdeaTestRunner.startRunnerWithArgs(JUnit5IdeaTestRunner.java:57)
	at com.intellij.rt.junit.IdeaTestRunner$Repeater$1.execute(IdeaTestRunner.java:38)
	at com.intellij.rt.execution.junit.TestsRepeater.repeat(TestsRepeater.java:11)
	at com.intellij.rt.junit.IdeaTestRunner$Repeater.startRunnerWithArgs(IdeaTestRunner.java:35)
	at com.intellij.rt.junit.JUnitStarter.prepareStreamsAndStart(JUnitStarter.java:232)
	at com.intellij.rt.junit.JUnitStarter.main(JUnitStarter.java:55)
2025-03-21 13:34:50 [main] INFO  l.insoft.uztis.tests.utils.TestUtils - Screenshot moved to C:\Users\ingrida.zadorozniene\Desktop\Asm\UZTIS\UZTIS_tests\test-output\screenshots\20250321\133450762_testFillNewDVPApplicationFA().png
2025-03-27 08:39:08 [main] INFO  lt.insoft.uztis.tests.UztisPageTest - Navigated to https://uztisdev.asseco.lt/home
2025-03-27 08:39:09 [main] INFO  l.i.u.t.SubmittedApplicationsPageTest - Starting test:'testFillNewVUIPApplicationFA'
2025-03-27 08:39:09 [main] DEBUG l.i.u.t.SubmittedApplicationsPageTest - User logged in with test credentials.
2025-03-27 08:39:09 [main] DEBUG l.i.u.t.SubmittedApplicationsPageTest - Opened 'Application Processing' menu.
2025-03-27 08:39:09 [main] DEBUG l.i.u.t.SubmittedApplicationsPageTest - Clicked on 'Application Forms' menu.
2025-03-27 08:39:10 [main] DEBUG l.i.u.t.SubmittedApplicationsPageTest - Retrieved last description code text: 'TST-VUI-75'.
2025-03-27 08:39:10 [main] DEBUG l.i.u.t.SubmittedApplicationsPageTest - Clicked on 'Invitation' menu.
2025-03-27 08:39:12 [main] DEBUG l.i.u.t.SubmittedApplicationsPageTest - Selected application section by code: 'TST-VUI-75'.
2025-03-27 08:39:12 [main] DEBUG l.i.u.t.SubmittedApplicationsPageTest - Clicked 'Search' button.
2025-03-27 08:39:12 [main] DEBUG l.i.u.t.SubmittedApplicationsPageTest - Retrieved invitation code: ''.
2025-03-27 08:39:12 [main] DEBUG l.i.u.t.SubmittedApplicationsPageTest - Clicked on 'Submitted Applications' menu.
2025-03-27 08:39:13 [main] DEBUG l.i.u.t.SubmittedApplicationsPageTest - Selected invitation by code: 'TST-VUI-75'.
2025-03-27 08:39:13 [main] DEBUG l.i.u.t.SubmittedApplicationsPageTest - Invitation code inserted.
2025-03-27 08:39:14 [main] DEBUG l.i.u.t.SubmittedApplicationsPageTest - Clicked on 'Action Application' button.
2025-03-27 08:39:14 [main] DEBUG l.i.u.t.SubmittedApplicationsPageTest - Clicked on 'New Application' button.
2025-03-27 08:39:14 [main] DEBUG l.i.u.t.SubmittedApplicationsPageTest - Selected the 'RadioButtonFA' option.
2025-03-27 08:39:15 [main] DEBUG l.i.u.t.SubmittedApplicationsPageTest - Entered phone number: '61298745'.
2025-03-27 08:39:15 [main] DEBUG l.i.u.t.SubmittedApplicationsPageTest - Entered email: 'test@autotest.com'.
2025-03-27 08:39:15 [main] INFO  l.i.u.p.SubmittedApplicationsPage - Clicking on the dropdown button.
2025-03-27 08:39:31 [main] INFO  l.i.u.p.SubmittedApplicationsPage - Found 1741 options in the dropdown.
2025-03-27 08:39:31 [main] DEBUG l.i.u.p.SubmittedApplicationsPage - Checking option: ''
2025-03-27 08:39:31 [main] DEBUG l.i.u.p.SubmittedApplicationsPage - Checking option: '01.11 - Grūdinių (išskyrus ryžius), ankštinių ir aliejingų sėklų augalų auginimas'
2025-03-27 08:39:31 [main] INFO  l.i.u.p.SubmittedApplicationsPage - Successfully selected the value: '01.11 - Grūdinių (išskyrus ryžius), ankštinių ir aliejingų sėklų augalų auginimas'
2025-03-27 08:39:31 [main] INFO  l.i.u.p.SubmittedApplicationsPage - Attempting to close the dropdown.
2025-03-27 08:39:32 [main] DEBUG l.i.u.t.SubmittedApplicationsPageTest - Selected EVRK value: '01.11 - Grūdinių (išskyrus ryžius), ankštinių ir aliejingų sėklų augalų auginimas'.
2025-03-27 08:39:32 [main] DEBUG l.i.u.t.SubmittedApplicationsPageTest - Clicked on 'Address Component' button.
2025-03-27 08:39:32 [main] INFO  l.i.u.p.SubmittedApplicationsPage - Located the dropdown button.
2025-03-27 08:39:35 [main] INFO  l.i.u.p.SubmittedApplicationsPage - Successfully selected the value: 'Lietuva'
2025-03-27 08:39:35 [main] DEBUG l.i.u.t.SubmittedApplicationsPageTest - Selected country: 'Lietuva'.
2025-03-27 08:39:35 [main] INFO  l.i.u.p.SubmittedApplicationsPage - Located the dropdown search field.
2025-03-27 08:39:35 [main] INFO  l.i.u.p.SubmittedApplicationsPage - Dropdown city is opened.
2025-03-27 08:39:36 [main] INFO  l.i.u.p.SubmittedApplicationsPage - Searched for value: 'Vilnius'
2025-03-27 08:39:37 [main] INFO  l.i.u.p.SubmittedApplicationsPage - Successfully selected: 'Vilnius'
2025-03-27 08:39:37 [main] INFO  l.i.u.p.SubmittedApplicationsPage - Located the dropdown button.
2025-03-27 08:39:37 [main] INFO  l.i.u.p.SubmittedApplicationsPage - Successfully selected the value: 'A. Domaševičiaus g.'
2025-03-27 08:39:37 [main] DEBUG l.i.u.t.SubmittedApplicationsPageTest - Selected street: 'A. Domaševičiaus g.'.
2025-03-27 08:39:37 [main] INFO  l.i.u.p.SubmittedApplicationsPage - Located the dropdown button.
2025-03-27 08:39:38 [main] INFO  l.i.u.p.SubmittedApplicationsPage - Successfully selected the value: '1'
2025-03-27 08:39:38 [main] DEBUG l.i.u.t.SubmittedApplicationsPageTest - Selected house: '1'.
2025-03-27 08:39:38 [main] INFO  l.i.u.p.SubmittedApplicationsPage - Located the dropdown button.
2025-03-27 08:39:39 [main] INFO  l.i.u.p.SubmittedApplicationsPage - Successfully selected the value: '1'
2025-03-27 08:39:39 [main] DEBUG l.i.u.t.SubmittedApplicationsPageTest - Selected apartment: '1'.
2025-03-27 08:39:39 [main] DEBUG l.i.u.t.SubmittedApplicationsPageTest - Clicked 'Confirm' button.
2025-03-27 08:39:39 [main] DEBUG l.i.u.t.SubmittedApplicationsPageTest - Entered project date.
2025-03-27 08:39:40 [main] DEBUG l.i.u.t.SubmittedApplicationsPageTest - Entered job count: '1'.
2025-03-27 08:39:40 [main] DEBUG l.i.u.t.SubmittedApplicationsPageTest - Clicked 'Next' button.
2025-03-27 08:39:40 [main] INFO  l.i.u.p.SubmittedApplicationsPage - Located the dropdown button.
2025-03-27 08:39:41 [main] INFO  l.i.u.p.SubmittedApplicationsPage - Successfully selected the value: 'Administratoriai'
2025-03-27 08:39:41 [main] DEBUG l.i.u.t.SubmittedApplicationsPageTest - Selected job name: 'Administratoriai'.
2025-03-27 08:39:41 [main] DEBUG l.i.u.t.SubmittedApplicationsPageTest - Entered job function: 'Funkcija 1'.
2025-03-27 08:39:41 [main] DEBUG l.i.u.t.SubmittedApplicationsPageTest - Selected 'RadioButtonWithDisabilities' option.
2025-03-27 08:39:41 [main] INFO  l.i.u.p.SubmittedApplicationsPage - Clicking on the dropdown button.
2025-03-27 08:39:42 [main] INFO  l.i.u.p.SubmittedApplicationsPage - Found 34 options in the dropdown.
2025-03-27 08:39:42 [main] DEBUG l.i.u.p.SubmittedApplicationsPage - Checking option: 'Asmenys, kuriems suteiktas pabėgėlio statusas ar perkeliamojo asmens statusas, arba asmenys, kuriems suteikta papildoma ar laikinoji apsauga, ir asmenys, turintys teisę gauti laikinąją apsaugą, iki sprendimo dėl laikinosios apsaugos suteikimo (nesuteikimo) priėmimo, tačiau ne ilgiau kaip laikinosios apsaugos laikotarpiu'
2025-03-27 08:39:42 [main] DEBUG l.i.u.p.SubmittedApplicationsPage - Checking option: 'Asmenys, kuriems suteiktas pabėgėlio statusas ar perkeliamojo asmens statusas, arba asmenys, kuriems suteikta papildoma ar laikinoji apsauga, ir asmenys, turintys teisę gauti laikinąją apsaugą, iki sprendimo dėl laikinosios apsaugos suteikimo (nesuteikimo) priėmimo, tačiau ne ilgiau kaip laikinosios apsaugos laikotarpiu'
2025-03-27 08:39:42 [main] DEBUG l.i.u.p.SubmittedApplicationsPage - Checking option: 'Asmenys, turintys teisę į papildomas užimtumo garantijas pagal Lietuvos Respublikos valstybės įmonės Ignalinos atominės elektrinės darbuotojų papildomų užimtumo ir socialinių garantijų įstatymą'
2025-03-27 08:39:42 [main] DEBUG l.i.u.p.SubmittedApplicationsPage - Checking option: 'Asmenys, turintys teisę į papildomas užimtumo garantijas pagal Lietuvos Respublikos valstybės įmonės Ignalinos atominės elektrinės darbuotojų papildomų užimtumo ir socialinių garantijų įstatymą'
2025-03-27 08:39:42 [main] DEBUG l.i.u.p.SubmittedApplicationsPage - Checking option: 'Bedarbiai iki 29 metų'
2025-03-27 08:39:42 [main] DEBUG l.i.u.p.SubmittedApplicationsPage - Checking option: 'Bedarbiai iki 29 metų'
2025-03-27 08:39:42 [main] DEBUG l.i.u.p.SubmittedApplicationsPage - Checking option: 'Bedarbiai, kurie yra darbingo amžiaus neįgalieji, kuriems nustatytas 30–40 procentų darbingumo lygis arba vidutinis neįgalumo lygis'
2025-03-27 08:39:42 [main] DEBUG l.i.u.p.SubmittedApplicationsPage - Checking option: 'Bedarbiai, kurie yra darbingo amžiaus neįgalieji, kuriems nustatytas 30–40 procentų darbingumo lygis arba vidutinis neįgalumo lygis'
2025-03-27 08:39:42 [main] DEBUG l.i.u.p.SubmittedApplicationsPage - Checking option: 'Bedarbiai, kurie yra darbingo amžiaus neįgalieji, kuriems nustatytas 45–55 procentų darbingumo lygis arba lengvas neįgalumo lygis'
2025-03-27 08:39:42 [main] DEBUG l.i.u.p.SubmittedApplicationsPage - Checking option: 'Bedarbiai, kurie yra darbingo amžiaus neįgalieji, kuriems nustatytas 45–55 procentų darbingumo lygis arba lengvas neįgalumo lygis'
2025-03-27 08:39:42 [main] DEBUG l.i.u.p.SubmittedApplicationsPage - Checking option: 'Bedarbiai, kurie yra darbingo amžiaus neįgalieji, kuriems nustatytas iki 25 procentų darbingumo lygis arba sunkus neįgalumo lygis'
2025-03-27 08:39:42 [main] INFO  l.i.u.p.SubmittedApplicationsPage - Successfully selected the value: 'Bedarbiai, kurie yra darbingo amžiaus neįgalieji, kuriems nustatytas iki 25 procentų darbingumo lygis arba sunkus neįgalumo lygis'
2025-03-27 08:39:42 [main] INFO  l.i.u.p.SubmittedApplicationsPage - Attempting to close the dropdown.
2025-03-27 08:39:43 [main] DEBUG l.i.u.t.SubmittedApplicationsPageTest - Selected disabilities type: 'Bedarbiai, kurie yra darbingo amžiaus neįgalieji, kuriems nustatytas iki 25 procentų darbingumo lygis arba sunkus neįgalumo lygis'.
2025-03-27 08:39:43 [main] DEBUG l.i.u.t.SubmittedApplicationsPageTest - Entered disability information: 'Negalia 1'.
2025-03-27 08:39:43 [main] INFO  l.i.u.p.SubmittedApplicationsPage - Located the dropdown button.
2025-03-27 08:39:44 [main] INFO  l.i.u.p.SubmittedApplicationsPage - Successfully selected the value: 'Kita'
2025-03-27 08:39:44 [main] DEBUG l.i.u.t.SubmittedApplicationsPageTest - Selected time mode: 'Kita'.
2025-03-27 08:39:44 [main] DEBUG l.i.u.t.SubmittedApplicationsPageTest - Selected time mode other: '6 val. per dieną ir 4 d. per savaitę'.
2025-03-27 08:39:44 [main] DEBUG l.i.u.t.SubmittedApplicationsPageTest - Entered qualification: 'Kvalifikacija 1'.
2025-03-27 08:39:45 [main] DEBUG l.i.u.t.SubmittedApplicationsPageTest - Entered job date.
2025-03-27 08:39:45 [main] DEBUG l.i.u.t.SubmittedApplicationsPageTest - Entered salary amount: '1200'.
2025-03-27 08:39:45 [main] DEBUG l.i.u.t.SubmittedApplicationsPageTest - Entered salary description: 'Užmokestis 1'.
2025-03-27 08:39:45 [main] DEBUG l.i.u.t.SubmittedApplicationsPageTest - Selected 'Temporary Job' radio button.
2025-03-27 08:39:45 [main] DEBUG l.i.u.t.SubmittedApplicationsPageTest - Selected 'Season Job' radio button.
2025-03-27 08:39:46 [main] DEBUG l.i.u.t.SubmittedApplicationsPageTest - Selected 'Energy' radio button.
2025-03-27 08:39:46 [main] DEBUG l.i.u.t.SubmittedApplicationsPageTest - Selected 'Repair' radio button.
2025-03-27 08:39:46 [main] DEBUG l.i.u.t.SubmittedApplicationsPageTest - Entered job description: 'Veikla 1'.
2025-03-27 08:39:46 [main] DEBUG l.i.u.t.SubmittedApplicationsPageTest - Entered process description: 'Procesas 1'.
2025-03-27 08:39:46 [main] DEBUG l.i.u.t.SubmittedApplicationsPageTest - Entered energy information: 'Energija 1'.
2025-03-27 08:39:47 [main] DEBUG l.i.u.t.SubmittedApplicationsPageTest - Entered repair information: 'Remontas 1'.
2025-03-27 08:39:47 [main] DEBUG l.i.u.t.SubmittedApplicationsPageTest - Selected 'PVM' radio button.
2025-03-27 08:39:47 [main] INFO  l.i.u.p.SubmittedApplicationsPage - Located the dropdown button.
2025-03-27 08:39:47 [main] INFO  l.i.u.p.SubmittedApplicationsPage - Successfully selected the value: 'Įsigyti'
2025-03-27 08:39:47 [main] DEBUG l.i.u.t.SubmittedApplicationsPageTest - Selected necessary for job: 'Įsigyti'.
2025-03-27 08:39:47 [main] DEBUG l.i.u.t.SubmittedApplicationsPageTest - Selected tool: 'Darbo priemonė 1'.
2025-03-27 08:39:48 [main] DEBUG l.i.u.t.SubmittedApplicationsPageTest - Selected tool parameter one: 'Darbo priemonės 1 parametras 1'.
2025-03-27 08:39:48 [main] DEBUG l.i.u.t.SubmittedApplicationsPageTest - Selected tool parameter two: 'Darbo priemonės 1 parametras 2'.
2025-03-27 08:39:48 [main] DEBUG l.i.u.t.SubmittedApplicationsPageTest - Selected tool parameter three: 'Darbo priemonės 1 parametras 3'.
2025-03-27 08:39:48 [main] DEBUG l.i.u.t.SubmittedApplicationsPageTest - Entered tool count: '1'.
2025-03-27 08:39:49 [main] DEBUG l.i.u.t.SubmittedApplicationsPageTest - Entered price amount 1: '1000'.
2025-03-27 08:39:49 [main] DEBUG l.i.u.t.SubmittedApplicationsPageTest - Entered own funds amount 1: '800'.
2025-03-27 08:39:49 [main] DEBUG l.i.u.t.SubmittedApplicationsPageTest - Clicked 'Add' button.
2025-03-27 08:39:49 [main] INFO  l.i.u.p.SubmittedApplicationsPage - Located the dropdown button.
2025-03-27 08:39:50 [main] INFO  l.i.u.p.SubmittedApplicationsPage - Successfully selected the value: 'Remontuoti'
2025-03-27 08:39:50 [main] DEBUG l.i.u.t.SubmittedApplicationsPageTest - Selected necessary for job 'to repair': 'Remontuoti'.
2025-03-27 08:39:50 [main] DEBUG l.i.u.t.SubmittedApplicationsPageTest - Selected repair name: 'Remonto pavadinimas 1'.
2025-03-27 08:39:50 [main] DEBUG l.i.u.t.SubmittedApplicationsPageTest - Entered repair information: 'Remonto aprašymas 1'.
2025-03-27 08:39:50 [main] DEBUG l.i.u.t.SubmittedApplicationsPageTest - Entered price amount 2: '1000'.
2025-03-27 08:39:51 [main] DEBUG l.i.u.t.SubmittedApplicationsPageTest - Entered own funds amount 2: '900'.
2025-03-27 08:39:51 [main] DEBUG l.i.u.t.SubmittedApplicationsPageTest - Entered country percentage: '50'.
2025-03-27 08:39:51 [main] DEBUG l.i.u.t.SubmittedApplicationsPageTest - Entered institution percentage: '50'.
2025-03-27 08:39:51 [main] DEBUG l.i.u.t.SubmittedApplicationsPageTest - Entered municipality percentage: '50'.
2025-03-27 08:39:51 [main] DEBUG l.i.u.t.SubmittedApplicationsPageTest - Selected 'De Minimis' radio button.
2025-03-27 08:39:52 [main] DEBUG l.i.u.t.SubmittedApplicationsPageTest - Entered program name: 'Programa 1'.
2025-03-27 08:39:52 [main] DEBUG l.i.u.t.SubmittedApplicationsPageTest - Entered project date from.
2025-03-27 08:39:52 [main] DEBUG l.i.u.t.SubmittedApplicationsPageTest - Entered project date until.
2025-03-27 08:39:52 [main] DEBUG l.i.u.t.SubmittedApplicationsPageTest - Entered support amount: '2000'.
2025-03-27 08:39:53 [main] DEBUG l.i.u.t.SubmittedApplicationsPageTest - Clicked 'Next' button.
2025-03-27 08:40:03 [main] DEBUG l.i.u.t.SubmittedApplicationsPageTest - Checked 'Legal Entities' checkbox 1.
2025-03-27 08:40:13 [main] DEBUG l.i.u.t.SubmittedApplicationsPageTest - Checked 'Legal Entities' checkbox 2.
2025-03-27 08:40:23 [main] DEBUG l.i.u.t.SubmittedApplicationsPageTest - Checked 'Legal Entities' checkbox 3.
2025-03-27 08:40:23 [main] DEBUG l.i.u.t.SubmittedApplicationsPageTest - Test finished: All 'Legal Entities' checkboxes checked successfully.
2025-03-27 08:40:23 [main] DEBUG l.i.u.t.SubmittedApplicationsPageTest - Clicked 'Next' button after checkboxes.
2025-03-27 08:40:33 [main] ERROR l.i.u.p.SubmittedApplicationsPage - Error selecting radio button: Expected condition failed: waiting for element to be clickable: By.xpath: (//input[@type='radio' and @value='false'])[8] (tried for 10 second(s) with 500 milliseconds interval)
Build info: version: '4.27.0', revision: 'd6e718d134'
System info: os.name: 'Windows 11', os.arch: 'amd64', os.version: '10.0', java.version: '21.0.3'
Driver info: org.openqa.selenium.chrome.ChromeDriver
Capabilities {acceptInsecureCerts: false, browserName: chrome, browserVersion: 134.0.6998.166, chrome: {chromedriverVersion: 134.0.6998.165 (fd886e2cb29..., userDataDir: C:\Users\INGRID~1.ZAD\AppDa...}, fedcm:accounts: true, goog:chromeOptions: {debuggerAddress: localhost:52127}, networkConnectionEnabled: false, pageLoadStrategy: normal, platformName: windows, proxy: Proxy(), se:cdp: ws://localhost:52127/devtoo..., se:cdpVersion: 134.0.6998.166, setWindowRect: true, strictFileInteractability: false, timeouts: {implicit: 0, pageLoad: 300000, script: 30000}, unhandledPromptBehavior: dismiss and notify, webauthn:extension:credBlob: true, webauthn:extension:largeBlob: true, webauthn:extension:minPinLength: true, webauthn:extension:prf: true, webauthn:virtualAuthenticators: true}
Session ID: a82475d056cb62578d9bde892765bccf
2025-03-27 08:40:33 [main] INFO  l.i.u.t.SubmittedApplicationsPageTest - Marking 'Ne' radio button 1
2025-03-27 08:40:43 [main] ERROR l.i.u.p.SubmittedApplicationsPage - Error selecting radio button: Expected condition failed: waiting for element to be clickable: By.xpath: (//input[@type='radio' and @value='false'])[9] (tried for 10 second(s) with 500 milliseconds interval)
Build info: version: '4.27.0', revision: 'd6e718d134'
System info: os.name: 'Windows 11', os.arch: 'amd64', os.version: '10.0', java.version: '21.0.3'
Driver info: org.openqa.selenium.chrome.ChromeDriver
Capabilities {acceptInsecureCerts: false, browserName: chrome, browserVersion: 134.0.6998.166, chrome: {chromedriverVersion: 134.0.6998.165 (fd886e2cb29..., userDataDir: C:\Users\INGRID~1.ZAD\AppDa...}, fedcm:accounts: true, goog:chromeOptions: {debuggerAddress: localhost:52127}, networkConnectionEnabled: false, pageLoadStrategy: normal, platformName: windows, proxy: Proxy(), se:cdp: ws://localhost:52127/devtoo..., se:cdpVersion: 134.0.6998.166, setWindowRect: true, strictFileInteractability: false, timeouts: {implicit: 0, pageLoad: 300000, script: 30000}, unhandledPromptBehavior: dismiss and notify, webauthn:extension:credBlob: true, webauthn:extension:largeBlob: true, webauthn:extension:minPinLength: true, webauthn:extension:prf: true, webauthn:virtualAuthenticators: true}
Session ID: a82475d056cb62578d9bde892765bccf
2025-03-27 08:40:43 [main] INFO  l.i.u.t.SubmittedApplicationsPageTest - Marking 'Ne' radio button 2
2025-03-27 08:40:53 [main] ERROR l.i.u.p.SubmittedApplicationsPage - Error selecting radio button: Expected condition failed: waiting for element to be clickable: By.xpath: (//input[@type='radio' and @value='false'])[10] (tried for 10 second(s) with 500 milliseconds interval)
Build info: version: '4.27.0', revision: 'd6e718d134'
System info: os.name: 'Windows 11', os.arch: 'amd64', os.version: '10.0', java.version: '21.0.3'
Driver info: org.openqa.selenium.chrome.ChromeDriver
Capabilities {acceptInsecureCerts: false, browserName: chrome, browserVersion: 134.0.6998.166, chrome: {chromedriverVersion: 134.0.6998.165 (fd886e2cb29..., userDataDir: C:\Users\INGRID~1.ZAD\AppDa...}, fedcm:accounts: true, goog:chromeOptions: {debuggerAddress: localhost:52127}, networkConnectionEnabled: false, pageLoadStrategy: normal, platformName: windows, proxy: Proxy(), se:cdp: ws://localhost:52127/devtoo..., se:cdpVersion: 134.0.6998.166, setWindowRect: true, strictFileInteractability: false, timeouts: {implicit: 0, pageLoad: 300000, script: 30000}, unhandledPromptBehavior: dismiss and notify, webauthn:extension:credBlob: true, webauthn:extension:largeBlob: true, webauthn:extension:minPinLength: true, webauthn:extension:prf: true, webauthn:virtualAuthenticators: true}
Session ID: a82475d056cb62578d9bde892765bccf
2025-03-27 08:40:53 [main] INFO  l.i.u.t.SubmittedApplicationsPageTest - Marking 'Ne' radio button 3
2025-03-27 08:41:03 [main] ERROR l.i.u.p.SubmittedApplicationsPage - Error selecting radio button: Expected condition failed: waiting for element to be clickable: By.xpath: (//input[@type='radio' and @value='false'])[11] (tried for 10 second(s) with 500 milliseconds interval)
Build info: version: '4.27.0', revision: 'd6e718d134'
System info: os.name: 'Windows 11', os.arch: 'amd64', os.version: '10.0', java.version: '21.0.3'
Driver info: org.openqa.selenium.chrome.ChromeDriver
Capabilities {acceptInsecureCerts: false, browserName: chrome, browserVersion: 134.0.6998.166, chrome: {chromedriverVersion: 134.0.6998.165 (fd886e2cb29..., userDataDir: C:\Users\INGRID~1.ZAD\AppDa...}, fedcm:accounts: true, goog:chromeOptions: {debuggerAddress: localhost:52127}, networkConnectionEnabled: false, pageLoadStrategy: normal, platformName: windows, proxy: Proxy(), se:cdp: ws://localhost:52127/devtoo..., se:cdpVersion: 134.0.6998.166, setWindowRect: true, strictFileInteractability: false, timeouts: {implicit: 0, pageLoad: 300000, script: 30000}, unhandledPromptBehavior: dismiss and notify, webauthn:extension:credBlob: true, webauthn:extension:largeBlob: true, webauthn:extension:minPinLength: true, webauthn:extension:prf: true, webauthn:virtualAuthenticators: true}
Session ID: a82475d056cb62578d9bde892765bccf
2025-03-27 08:41:03 [main] INFO  l.i.u.t.SubmittedApplicationsPageTest - Marking 'Ne' radio button 4
2025-03-27 08:41:14 [main] ERROR l.i.u.p.SubmittedApplicationsPage - Error selecting radio button: Expected condition failed: waiting for element to be clickable: By.xpath: (//input[@type='radio' and @value='false'])[12] (tried for 10 second(s) with 500 milliseconds interval)
Build info: version: '4.27.0', revision: 'd6e718d134'
System info: os.name: 'Windows 11', os.arch: 'amd64', os.version: '10.0', java.version: '21.0.3'
Driver info: org.openqa.selenium.chrome.ChromeDriver
Capabilities {acceptInsecureCerts: false, browserName: chrome, browserVersion: 134.0.6998.166, chrome: {chromedriverVersion: 134.0.6998.165 (fd886e2cb29..., userDataDir: C:\Users\INGRID~1.ZAD\AppDa...}, fedcm:accounts: true, goog:chromeOptions: {debuggerAddress: localhost:52127}, networkConnectionEnabled: false, pageLoadStrategy: normal, platformName: windows, proxy: Proxy(), se:cdp: ws://localhost:52127/devtoo..., se:cdpVersion: 134.0.6998.166, setWindowRect: true, strictFileInteractability: false, timeouts: {implicit: 0, pageLoad: 300000, script: 30000}, unhandledPromptBehavior: dismiss and notify, webauthn:extension:credBlob: true, webauthn:extension:largeBlob: true, webauthn:extension:minPinLength: true, webauthn:extension:prf: true, webauthn:virtualAuthenticators: true}
Session ID: a82475d056cb62578d9bde892765bccf
2025-03-27 08:41:14 [main] INFO  l.i.u.t.SubmittedApplicationsPageTest - Marking 'Ne' radio button 5
2025-03-27 08:41:24 [main] ERROR l.i.u.p.SubmittedApplicationsPage - Error selecting radio button: Expected condition failed: waiting for element to be clickable: By.xpath: (//input[@type='radio' and @value='false'])[13] (tried for 10 second(s) with 500 milliseconds interval)
Build info: version: '4.27.0', revision: 'd6e718d134'
System info: os.name: 'Windows 11', os.arch: 'amd64', os.version: '10.0', java.version: '21.0.3'
Driver info: org.openqa.selenium.chrome.ChromeDriver
Capabilities {acceptInsecureCerts: false, browserName: chrome, browserVersion: 134.0.6998.166, chrome: {chromedriverVersion: 134.0.6998.165 (fd886e2cb29..., userDataDir: C:\Users\INGRID~1.ZAD\AppDa...}, fedcm:accounts: true, goog:chromeOptions: {debuggerAddress: localhost:52127}, networkConnectionEnabled: false, pageLoadStrategy: normal, platformName: windows, proxy: Proxy(), se:cdp: ws://localhost:52127/devtoo..., se:cdpVersion: 134.0.6998.166, setWindowRect: true, strictFileInteractability: false, timeouts: {implicit: 0, pageLoad: 300000, script: 30000}, unhandledPromptBehavior: dismiss and notify, webauthn:extension:credBlob: true, webauthn:extension:largeBlob: true, webauthn:extension:minPinLength: true, webauthn:extension:prf: true, webauthn:virtualAuthenticators: true}
Session ID: a82475d056cb62578d9bde892765bccf
2025-03-27 08:41:24 [main] INFO  l.i.u.t.SubmittedApplicationsPageTest - Marking 'Ne' radio button 6
2025-03-27 08:41:34 [main] ERROR l.i.u.p.SubmittedApplicationsPage - Error selecting radio button: Expected condition failed: waiting for element to be clickable: By.xpath: (//input[@type='radio' and @value='true'])[14] (tried for 10 second(s) with 500 milliseconds interval)
Build info: version: '4.27.0', revision: 'd6e718d134'
System info: os.name: 'Windows 11', os.arch: 'amd64', os.version: '10.0', java.version: '21.0.3'
Driver info: org.openqa.selenium.chrome.ChromeDriver
Capabilities {acceptInsecureCerts: false, browserName: chrome, browserVersion: 134.0.6998.166, chrome: {chromedriverVersion: 134.0.6998.165 (fd886e2cb29..., userDataDir: C:\Users\INGRID~1.ZAD\AppDa...}, fedcm:accounts: true, goog:chromeOptions: {debuggerAddress: localhost:52127}, networkConnectionEnabled: false, pageLoadStrategy: normal, platformName: windows, proxy: Proxy(), se:cdp: ws://localhost:52127/devtoo..., se:cdpVersion: 134.0.6998.166, setWindowRect: true, strictFileInteractability: false, timeouts: {implicit: 0, pageLoad: 300000, script: 30000}, unhandledPromptBehavior: dismiss and notify, webauthn:extension:credBlob: true, webauthn:extension:largeBlob: true, webauthn:extension:minPinLength: true, webauthn:extension:prf: true, webauthn:virtualAuthenticators: true}
Session ID: a82475d056cb62578d9bde892765bccf
2025-03-27 08:41:34 [main] INFO  l.i.u.t.SubmittedApplicationsPageTest - Marking 'Taip' radio button 7
2025-03-27 08:41:44 [main] ERROR l.i.u.p.SubmittedApplicationsPage - Error selecting radio button: Expected condition failed: waiting for element to be clickable: By.xpath: (//input[@type='radio' and @value='true'])[15] (tried for 10 second(s) with 500 milliseconds interval)
Build info: version: '4.27.0', revision: 'd6e718d134'
System info: os.name: 'Windows 11', os.arch: 'amd64', os.version: '10.0', java.version: '21.0.3'
Driver info: org.openqa.selenium.chrome.ChromeDriver
Capabilities {acceptInsecureCerts: false, browserName: chrome, browserVersion: 134.0.6998.166, chrome: {chromedriverVersion: 134.0.6998.165 (fd886e2cb29..., userDataDir: C:\Users\INGRID~1.ZAD\AppDa...}, fedcm:accounts: true, goog:chromeOptions: {debuggerAddress: localhost:52127}, networkConnectionEnabled: false, pageLoadStrategy: normal, platformName: windows, proxy: Proxy(), se:cdp: ws://localhost:52127/devtoo..., se:cdpVersion: 134.0.6998.166, setWindowRect: true, strictFileInteractability: false, timeouts: {implicit: 0, pageLoad: 300000, script: 30000}, unhandledPromptBehavior: dismiss and notify, webauthn:extension:credBlob: true, webauthn:extension:largeBlob: true, webauthn:extension:minPinLength: true, webauthn:extension:prf: true, webauthn:virtualAuthenticators: true}
Session ID: a82475d056cb62578d9bde892765bccf
2025-03-27 08:41:44 [main] INFO  l.i.u.t.SubmittedApplicationsPageTest - Marking 'Taip' radio button 8
2025-03-27 08:41:54 [main] ERROR l.i.u.p.SubmittedApplicationsPage - Error selecting radio button: Expected condition failed: waiting for element to be clickable: By.xpath: (//input[@type='radio' and @value='true'])[16] (tried for 10 second(s) with 500 milliseconds interval)
Build info: version: '4.27.0', revision: 'd6e718d134'
System info: os.name: 'Windows 11', os.arch: 'amd64', os.version: '10.0', java.version: '21.0.3'
Driver info: org.openqa.selenium.chrome.ChromeDriver
Capabilities {acceptInsecureCerts: false, browserName: chrome, browserVersion: 134.0.6998.166, chrome: {chromedriverVersion: 134.0.6998.165 (fd886e2cb29..., userDataDir: C:\Users\INGRID~1.ZAD\AppDa...}, fedcm:accounts: true, goog:chromeOptions: {debuggerAddress: localhost:52127}, networkConnectionEnabled: false, pageLoadStrategy: normal, platformName: windows, proxy: Proxy(), se:cdp: ws://localhost:52127/devtoo..., se:cdpVersion: 134.0.6998.166, setWindowRect: true, strictFileInteractability: false, timeouts: {implicit: 0, pageLoad: 300000, script: 30000}, unhandledPromptBehavior: dismiss and notify, webauthn:extension:credBlob: true, webauthn:extension:largeBlob: true, webauthn:extension:minPinLength: true, webauthn:extension:prf: true, webauthn:virtualAuthenticators: true}
Session ID: a82475d056cb62578d9bde892765bccf
2025-03-27 08:41:54 [main] INFO  l.i.u.t.SubmittedApplicationsPageTest - Marking 'Taip' radio button 9
2025-03-27 08:42:04 [main] ERROR l.i.u.p.SubmittedApplicationsPage - Error selecting radio button: Expected condition failed: waiting for element to be clickable: By.xpath: (//input[@type='radio' and @value='true'])[17] (tried for 10 second(s) with 500 milliseconds interval)
Build info: version: '4.27.0', revision: 'd6e718d134'
System info: os.name: 'Windows 11', os.arch: 'amd64', os.version: '10.0', java.version: '21.0.3'
Driver info: org.openqa.selenium.chrome.ChromeDriver
Capabilities {acceptInsecureCerts: false, browserName: chrome, browserVersion: 134.0.6998.166, chrome: {chromedriverVersion: 134.0.6998.165 (fd886e2cb29..., userDataDir: C:\Users\INGRID~1.ZAD\AppDa...}, fedcm:accounts: true, goog:chromeOptions: {debuggerAddress: localhost:52127}, networkConnectionEnabled: false, pageLoadStrategy: normal, platformName: windows, proxy: Proxy(), se:cdp: ws://localhost:52127/devtoo..., se:cdpVersion: 134.0.6998.166, setWindowRect: true, strictFileInteractability: false, timeouts: {implicit: 0, pageLoad: 300000, script: 30000}, unhandledPromptBehavior: dismiss and notify, webauthn:extension:credBlob: true, webauthn:extension:largeBlob: true, webauthn:extension:minPinLength: true, webauthn:extension:prf: true, webauthn:virtualAuthenticators: true}
Session ID: a82475d056cb62578d9bde892765bccf
2025-03-27 08:42:04 [main] INFO  l.i.u.t.SubmittedApplicationsPageTest - Marking 'Taip' radio button 10
2025-03-27 08:42:14 [main] ERROR l.i.u.p.SubmittedApplicationsPage - Error selecting radio button: Expected condition failed: waiting for element to be clickable: By.xpath: (//input[@type='radio' and @value='true'])[18] (tried for 10 second(s) with 500 milliseconds interval)
Build info: version: '4.27.0', revision: 'd6e718d134'
System info: os.name: 'Windows 11', os.arch: 'amd64', os.version: '10.0', java.version: '21.0.3'
Driver info: org.openqa.selenium.chrome.ChromeDriver
Capabilities {acceptInsecureCerts: false, browserName: chrome, browserVersion: 134.0.6998.166, chrome: {chromedriverVersion: 134.0.6998.165 (fd886e2cb29..., userDataDir: C:\Users\INGRID~1.ZAD\AppDa...}, fedcm:accounts: true, goog:chromeOptions: {debuggerAddress: localhost:52127}, networkConnectionEnabled: false, pageLoadStrategy: normal, platformName: windows, proxy: Proxy(), se:cdp: ws://localhost:52127/devtoo..., se:cdpVersion: 134.0.6998.166, setWindowRect: true, strictFileInteractability: false, timeouts: {implicit: 0, pageLoad: 300000, script: 30000}, unhandledPromptBehavior: dismiss and notify, webauthn:extension:credBlob: true, webauthn:extension:largeBlob: true, webauthn:extension:minPinLength: true, webauthn:extension:prf: true, webauthn:virtualAuthenticators: true}
Session ID: a82475d056cb62578d9bde892765bccf
2025-03-27 08:42:14 [main] INFO  l.i.u.t.SubmittedApplicationsPageTest - Marking 'Taip' radio button 11
2025-03-27 08:42:24 [main] ERROR l.i.u.p.SubmittedApplicationsPage - Error selecting radio button: Expected condition failed: waiting for element to be clickable: By.xpath: (//input[@type='radio' and @value='true'])[19] (tried for 10 second(s) with 500 milliseconds interval)
Build info: version: '4.27.0', revision: 'd6e718d134'
System info: os.name: 'Windows 11', os.arch: 'amd64', os.version: '10.0', java.version: '21.0.3'
Driver info: org.openqa.selenium.chrome.ChromeDriver
Capabilities {acceptInsecureCerts: false, browserName: chrome, browserVersion: 134.0.6998.166, chrome: {chromedriverVersion: 134.0.6998.165 (fd886e2cb29..., userDataDir: C:\Users\INGRID~1.ZAD\AppDa...}, fedcm:accounts: true, goog:chromeOptions: {debuggerAddress: localhost:52127}, networkConnectionEnabled: false, pageLoadStrategy: normal, platformName: windows, proxy: Proxy(), se:cdp: ws://localhost:52127/devtoo..., se:cdpVersion: 134.0.6998.166, setWindowRect: true, strictFileInteractability: false, timeouts: {implicit: 0, pageLoad: 300000, script: 30000}, unhandledPromptBehavior: dismiss and notify, webauthn:extension:credBlob: true, webauthn:extension:largeBlob: true, webauthn:extension:minPinLength: true, webauthn:extension:prf: true, webauthn:virtualAuthenticators: true}
Session ID: a82475d056cb62578d9bde892765bccf
2025-03-27 08:42:24 [main] INFO  l.i.u.t.SubmittedApplicationsPageTest - Marking 'Taip' radio button 12
2025-03-27 08:42:34 [main] DEBUG l.i.u.t.SubmittedApplicationsPageTest - Checked 'ConfirmationStepFour'
2025-03-27 08:42:35 [main] DEBUG l.i.u.t.SubmittedApplicationsPageTest - Clicked 'Next' button after checkboxes.
2025-03-27 08:42:35 [main] INFO  l.i.u.p.SubmittedApplicationsPage - File uploaded successfully to an input element.
2025-03-27 08:42:35 [main] INFO  l.i.u.p.SubmittedApplicationsPage - File uploaded successfully to an input element.
2025-03-27 08:42:35 [main] INFO  l.i.u.p.SubmittedApplicationsPage - File uploaded successfully to an input element.
2025-03-27 08:42:35 [main] INFO  l.i.u.p.SubmittedApplicationsPage - File uploaded successfully to an input element.
2025-03-27 08:42:35 [main] INFO  l.i.u.p.SubmittedApplicationsPage - File uploaded successfully to an input element.
2025-03-27 08:42:35 [main] INFO  l.i.u.p.SubmittedApplicationsPage - File uploaded successfully to an input element.
2025-03-27 08:42:35 [main] INFO  l.i.u.p.SubmittedApplicationsPage - File uploaded successfully to an input element.
2025-03-27 08:42:35 [main] INFO  l.i.u.p.SubmittedApplicationsPage - File uploaded successfully to an input element.
2025-03-27 08:42:35 [main] INFO  l.i.u.p.SubmittedApplicationsPage - File uploaded successfully to an input element.
2025-03-27 08:42:35 [main] INFO  l.i.u.p.SubmittedApplicationsPage - File uploaded successfully to an input element.
2025-03-27 08:42:35 [main] DEBUG l.i.u.t.SubmittedApplicationsPageTest - Entered program name: 'Dokumentas 1'.
2025-03-27 08:42:35 [main] DEBUG l.i.u.t.SubmittedApplicationsPageTest - Entered program name: 'Dokumentas 2'.
2025-03-27 08:42:36 [main] DEBUG l.i.u.t.SubmittedApplicationsPageTest - Entered program name: 'Dokumentas 3'.
2025-03-27 08:42:36 [main] DEBUG l.i.u.t.SubmittedApplicationsPageTest - Entered program name: 'Dokumentas 4'.
2025-03-27 08:42:36 [main] DEBUG l.i.u.t.SubmittedApplicationsPageTest - Entered program name: 'Dokumentas 5'.
2025-03-27 08:42:36 [main] DEBUG l.i.u.t.SubmittedApplicationsPageTest - Entered program name: 'Dokumentas 6'.
2025-03-27 08:42:36 [main] DEBUG l.i.u.t.SubmittedApplicationsPageTest - Entered program name: 'Dokumentas 4'.
2025-03-27 08:42:36 [main] DEBUG l.i.u.t.SubmittedApplicationsPageTest - Entered program name: 'Dokumentas 8'.
2025-03-27 08:42:37 [main] DEBUG l.i.u.t.SubmittedApplicationsPageTest - Entered program name: 'Dokumentas 9'.
2025-03-27 08:42:37 [main] DEBUG l.i.u.t.SubmittedApplicationsPageTest - Entered program name: 'Dokumentas 10'.
2025-03-27 08:42:47 [main] DEBUG l.i.u.t.SubmittedApplicationsPageTest - Checked 'ConfirmationDocument'
2025-03-27 08:42:57 [main] DEBUG l.i.u.t.SubmittedApplicationsPageTest - Checked 'ConfirmationApplication'
2025-03-27 08:42:57 [main] DEBUG l.i.u.t.SubmittedApplicationsPageTest - Clicked 'SaveDraft' button after checkboxes.
2025-03-27 08:42:57 [main] DEBUG l.i.uztis.pages.ApplicationFormsPage - Verified success message: 'Ruošinys sėkmingai išsaugotas.'
2025-03-27 08:42:57 [main] INFO  l.i.u.t.SubmittedApplicationsPageTest - Verified success message
2025-03-27 08:42:57 [main] DEBUG l.i.u.t.SubmittedApplicationsPageTest - Clicked 'Review' button after checkboxes.
2025-03-27 08:43:07 [main] ERROR l.i.u.t.SubmittedApplicationsPageTest - Test 'testFillNewVUIApplicationFA' failed with error: no such element: Unable to locate element: {"method":"xpath","selector":"//common-button/button[contains(text(), 'Pateikti')]"}
  (Session info: chrome=134.0.6998.166)
For documentation on this error, please visit: https://www.selenium.dev/documentation/webdriver/troubleshooting/errors#no-such-element-exception
Build info: version: '4.27.0', revision: 'd6e718d134'
System info: os.name: 'Windows 11', os.arch: 'amd64', os.version: '10.0', java.version: '21.0.3'
Driver info: org.openqa.selenium.chrome.ChromeDriver
Command: [a82475d056cb62578d9bde892765bccf, findElement {using=xpath, value=//common-button/button[contains(text(), 'Pateikti')]}]
Capabilities {acceptInsecureCerts: false, browserName: chrome, browserVersion: 134.0.6998.166, chrome: {chromedriverVersion: 134.0.6998.165 (fd886e2cb29..., userDataDir: C:\Users\INGRID~1.ZAD\AppDa...}, fedcm:accounts: true, goog:chromeOptions: {debuggerAddress: localhost:52127}, networkConnectionEnabled: false, pageLoadStrategy: normal, platformName: windows, proxy: Proxy(), se:cdp: ws://localhost:52127/devtoo..., se:cdpVersion: 134.0.6998.166, setWindowRect: true, strictFileInteractability: false, timeouts: {implicit: 0, pageLoad: 300000, script: 30000}, unhandledPromptBehavior: dismiss and notify, webauthn:extension:credBlob: true, webauthn:extension:largeBlob: true, webauthn:extension:minPinLength: true, webauthn:extension:prf: true, webauthn:virtualAuthenticators: true}
Session ID: a82475d056cb62578d9bde892765bccf
org.openqa.selenium.NoSuchElementException: no such element: Unable to locate element: {"method":"xpath","selector":"//common-button/button[contains(text(), 'Pateikti')]"}
  (Session info: chrome=134.0.6998.166)
For documentation on this error, please visit: https://www.selenium.dev/documentation/webdriver/troubleshooting/errors#no-such-element-exception
Build info: version: '4.27.0', revision: 'd6e718d134'
System info: os.name: 'Windows 11', os.arch: 'amd64', os.version: '10.0', java.version: '21.0.3'
Driver info: org.openqa.selenium.chrome.ChromeDriver
Command: [a82475d056cb62578d9bde892765bccf, findElement {using=xpath, value=//common-button/button[contains(text(), 'Pateikti')]}]
Capabilities {acceptInsecureCerts: false, browserName: chrome, browserVersion: 134.0.6998.166, chrome: {chromedriverVersion: 134.0.6998.165 (fd886e2cb29..., userDataDir: C:\Users\INGRID~1.ZAD\AppDa...}, fedcm:accounts: true, goog:chromeOptions: {debuggerAddress: localhost:52127}, networkConnectionEnabled: false, pageLoadStrategy: normal, platformName: windows, proxy: Proxy(), se:cdp: ws://localhost:52127/devtoo..., se:cdpVersion: 134.0.6998.166, setWindowRect: true, strictFileInteractability: false, timeouts: {implicit: 0, pageLoad: 300000, script: 30000}, unhandledPromptBehavior: dismiss and notify, webauthn:extension:credBlob: true, webauthn:extension:largeBlob: true, webauthn:extension:minPinLength: true, webauthn:extension:prf: true, webauthn:virtualAuthenticators: true}
Session ID: a82475d056cb62578d9bde892765bccf
	at java.base/jdk.internal.reflect.DirectConstructorHandleAccessor.newInstance(DirectConstructorHandleAccessor.java:62)
	at java.base/java.lang.reflect.Constructor.newInstanceWithCaller(Constructor.java:502)
	at java.base/java.lang.reflect.Constructor.newInstance(Constructor.java:486)
	at org.openqa.selenium.remote.ErrorCodec.decode(ErrorCodec.java:167)
	at org.openqa.selenium.remote.codec.w3c.W3CHttpResponseCodec.decode(W3CHttpResponseCodec.java:138)
	at org.openqa.selenium.remote.codec.w3c.W3CHttpResponseCodec.decode(W3CHttpResponseCodec.java:50)
	at org.openqa.selenium.remote.HttpCommandExecutor.execute(HttpCommandExecutor.java:190)
	at org.openqa.selenium.remote.service.DriverCommandExecutor.invokeExecute(DriverCommandExecutor.java:216)
	at org.openqa.selenium.remote.service.DriverCommandExecutor.execute(DriverCommandExecutor.java:174)
	at org.openqa.selenium.remote.RemoteWebDriver.execute(RemoteWebDriver.java:545)
	at org.openqa.selenium.remote.ElementLocation$ElementFinder$2.findElement(ElementLocation.java:165)
	at org.openqa.selenium.remote.ElementLocation.findElement(ElementLocation.java:59)
	at org.openqa.selenium.remote.RemoteWebDriver.findElement(RemoteWebDriver.java:368)
	at org.openqa.selenium.remote.RemoteWebDriver.findElement(RemoteWebDriver.java:362)
	at org.openqa.selenium.support.pagefactory.DefaultElementLocator.findElement(DefaultElementLocator.java:68)
	at org.openqa.selenium.support.pagefactory.internal.LocatingElementHandler.invoke(LocatingElementHandler.java:38)
	at jdk.proxy2/jdk.proxy2.$Proxy14.isSelected(Unknown Source)
	at lt.insoft.uztis.pages.SubmittedApplicationsPage.clickButtonSubmit(SubmittedApplicationsPage.java:869)
	at lt.insoft.uztis.tests.SubmittedApplicationsPageTest.testFillNewVUIApplicationFA(SubmittedApplicationsPageTest.java:482)
	at java.base/jdk.internal.reflect.DirectMethodHandleAccessor.invoke(DirectMethodHandleAccessor.java:103)
	at java.base/java.lang.reflect.Method.invoke(Method.java:580)
	at org.junit.platform.commons.util.ReflectionUtils.invokeMethod(ReflectionUtils.java:728)
	at org.junit.jupiter.engine.execution.MethodInvocation.proceed(MethodInvocation.java:60)
	at org.junit.jupiter.engine.execution.InvocationInterceptorChain$ValidatingInvocation.proceed(InvocationInterceptorChain.java:131)
	at org.junit.jupiter.engine.extension.TimeoutExtension.intercept(TimeoutExtension.java:156)
	at org.junit.jupiter.engine.extension.TimeoutExtension.interceptTestableMethod(TimeoutExtension.java:147)
	at org.junit.jupiter.engine.extension.TimeoutExtension.interceptTestMethod(TimeoutExtension.java:86)
	at org.junit.jupiter.engine.execution.InterceptingExecutableInvoker$ReflectiveInterceptorCall.lambda$ofVoidMethod$0(InterceptingExecutableInvoker.java:103)
	at org.junit.jupiter.engine.execution.InterceptingExecutableInvoker.lambda$invoke$0(InterceptingExecutableInvoker.java:93)
	at org.junit.jupiter.engine.execution.InvocationInterceptorChain$InterceptedInvocation.proceed(InvocationInterceptorChain.java:106)
	at org.junit.jupiter.engine.execution.InvocationInterceptorChain.proceed(InvocationInterceptorChain.java:64)
	at org.junit.jupiter.engine.execution.InvocationInterceptorChain.chainAndInvoke(InvocationInterceptorChain.java:45)
	at org.junit.jupiter.engine.execution.InvocationInterceptorChain.invoke(InvocationInterceptorChain.java:37)
	at org.junit.jupiter.engine.execution.InterceptingExecutableInvoker.invoke(InterceptingExecutableInvoker.java:92)
	at org.junit.jupiter.engine.execution.InterceptingExecutableInvoker.invoke(InterceptingExecutableInvoker.java:86)
	at org.junit.jupiter.engine.descriptor.TestMethodTestDescriptor.lambda$invokeTestMethod$7(TestMethodTestDescriptor.java:218)
	at org.junit.platform.engine.support.hierarchical.ThrowableCollector.execute(ThrowableCollector.java:73)
	at org.junit.jupiter.engine.descriptor.TestMethodTestDescriptor.invokeTestMethod(TestMethodTestDescriptor.java:214)
	at org.junit.jupiter.engine.descriptor.TestMethodTestDescriptor.execute(TestMethodTestDescriptor.java:139)
	at org.junit.jupiter.engine.descriptor.TestMethodTestDescriptor.execute(TestMethodTestDescriptor.java:69)
	at org.junit.platform.engine.support.hierarchical.NodeTestTask.lambda$executeRecursively$6(NodeTestTask.java:151)
	at org.junit.platform.engine.support.hierarchical.ThrowableCollector.execute(ThrowableCollector.java:73)
	at org.junit.platform.engine.support.hierarchical.NodeTestTask.lambda$executeRecursively$8(NodeTestTask.java:141)
	at org.junit.platform.engine.support.hierarchical.Node.around(Node.java:137)
	at org.junit.platform.engine.support.hierarchical.NodeTestTask.lambda$executeRecursively$9(NodeTestTask.java:139)
	at org.junit.platform.engine.support.hierarchical.ThrowableCollector.execute(ThrowableCollector.java:73)
	at org.junit.platform.engine.support.hierarchical.NodeTestTask.executeRecursively(NodeTestTask.java:138)
	at org.junit.platform.engine.support.hierarchical.NodeTestTask.execute(NodeTestTask.java:95)
	at java.base/java.util.ArrayList.forEach(ArrayList.java:1596)
	at org.junit.platform.engine.support.hierarchical.SameThreadHierarchicalTestExecutorService.invokeAll(SameThreadHierarchicalTestExecutorService.java:41)
	at org.junit.platform.engine.support.hierarchical.NodeTestTask.lambda$executeRecursively$6(NodeTestTask.java:155)
	at org.junit.platform.engine.support.hierarchical.ThrowableCollector.execute(ThrowableCollector.java:73)
	at org.junit.platform.engine.support.hierarchical.NodeTestTask.lambda$executeRecursively$8(NodeTestTask.java:141)
	at org.junit.platform.engine.support.hierarchical.Node.around(Node.java:137)
	at org.junit.platform.engine.support.hierarchical.NodeTestTask.lambda$executeRecursively$9(NodeTestTask.java:139)
	at org.junit.platform.engine.support.hierarchical.ThrowableCollector.execute(ThrowableCollector.java:73)
	at org.junit.platform.engine.support.hierarchical.NodeTestTask.executeRecursively(NodeTestTask.java:138)
	at org.junit.platform.engine.support.hierarchical.NodeTestTask.execute(NodeTestTask.java:95)
	at java.base/java.util.ArrayList.forEach(ArrayList.java:1596)
	at org.junit.platform.engine.support.hierarchical.SameThreadHierarchicalTestExecutorService.invokeAll(SameThreadHierarchicalTestExecutorService.java:41)
	at org.junit.platform.engine.support.hierarchical.NodeTestTask.lambda$executeRecursively$6(NodeTestTask.java:155)
	at org.junit.platform.engine.support.hierarchical.ThrowableCollector.execute(ThrowableCollector.java:73)
	at org.junit.platform.engine.support.hierarchical.NodeTestTask.lambda$executeRecursively$8(NodeTestTask.java:141)
	at org.junit.platform.engine.support.hierarchical.Node.around(Node.java:137)
	at org.junit.platform.engine.support.hierarchical.NodeTestTask.lambda$executeRecursively$9(NodeTestTask.java:139)
	at org.junit.platform.engine.support.hierarchical.ThrowableCollector.execute(ThrowableCollector.java:73)
	at org.junit.platform.engine.support.hierarchical.NodeTestTask.executeRecursively(NodeTestTask.java:138)
	at org.junit.platform.engine.support.hierarchical.NodeTestTask.execute(NodeTestTask.java:95)
	at org.junit.platform.engine.support.hierarchical.SameThreadHierarchicalTestExecutorService.submit(SameThreadHierarchicalTestExecutorService.java:35)
	at org.junit.platform.engine.support.hierarchical.HierarchicalTestExecutor.execute(HierarchicalTestExecutor.java:57)
	at org.junit.platform.engine.support.hierarchical.HierarchicalTestEngine.execute(HierarchicalTestEngine.java:54)
	at org.junit.platform.launcher.core.EngineExecutionOrchestrator.execute(EngineExecutionOrchestrator.java:198)
	at org.junit.platform.launcher.core.EngineExecutionOrchestrator.execute(EngineExecutionOrchestrator.java:169)
	at org.junit.platform.launcher.core.EngineExecutionOrchestrator.execute(EngineExecutionOrchestrator.java:93)
	at org.junit.platform.launcher.core.EngineExecutionOrchestrator.lambda$execute$0(EngineExecutionOrchestrator.java:58)
	at org.junit.platform.launcher.core.EngineExecutionOrchestrator.withInterceptedStreams(EngineExecutionOrchestrator.java:141)
	at org.junit.platform.launcher.core.EngineExecutionOrchestrator.execute(EngineExecutionOrchestrator.java:57)
	at org.junit.platform.launcher.core.DefaultLauncher.execute(DefaultLauncher.java:103)
	at org.junit.platform.launcher.core.DefaultLauncher.execute(DefaultLauncher.java:85)
	at org.junit.platform.launcher.core.DelegatingLauncher.execute(DelegatingLauncher.java:47)
	at org.junit.platform.launcher.core.SessionPerRequestLauncher.execute(SessionPerRequestLauncher.java:63)
	at com.intellij.junit5.JUnit5IdeaTestRunner.startRunnerWithArgs(JUnit5IdeaTestRunner.java:57)
	at com.intellij.rt.junit.IdeaTestRunner$Repeater$1.execute(IdeaTestRunner.java:38)
	at com.intellij.rt.execution.junit.TestsRepeater.repeat(TestsRepeater.java:11)
	at com.intellij.rt.junit.IdeaTestRunner$Repeater.startRunnerWithArgs(IdeaTestRunner.java:35)
	at com.intellij.rt.junit.JUnitStarter.prepareStreamsAndStart(JUnitStarter.java:232)
	at com.intellij.rt.junit.JUnitStarter.main(JUnitStarter.java:55)
2025-03-27 08:43:07 [main] INFO  l.insoft.uztis.tests.utils.TestUtils - Screenshot moved to C:\Users\ingrida.zadorozniene\Desktop\Asm\UZTIS\UZTIS_tests\test-output\screenshots\20250327\084307968_testFillNewVUIApplicationFA().png
2025-03-27 09:07:01 [main] INFO  lt.insoft.uztis.tests.UztisPageTest - Navigated to https://uztisdev.asseco.lt/home
2025-03-27 09:07:01 [main] INFO  l.i.u.t.SubmittedApplicationsPageTest - Starting test:'testFillNewVUIPApplicationFA'
2025-03-27 09:07:02 [main] DEBUG l.i.u.t.SubmittedApplicationsPageTest - User logged in with test credentials.
2025-03-27 09:07:02 [main] DEBUG l.i.u.t.SubmittedApplicationsPageTest - Opened 'Application Processing' menu.
2025-03-27 09:07:02 [main] DEBUG l.i.u.t.SubmittedApplicationsPageTest - Clicked on 'Application Forms' menu.
2025-03-27 09:07:03 [main] DEBUG l.i.u.t.SubmittedApplicationsPageTest - Retrieved last description code text: 'TST-VUI-75'.
2025-03-27 09:07:03 [main] DEBUG l.i.u.t.SubmittedApplicationsPageTest - Clicked on 'Invitation' menu.
2025-03-27 09:07:04 [main] DEBUG l.i.u.t.SubmittedApplicationsPageTest - Selected application section by code: 'TST-VUI-75'.
2025-03-27 09:07:04 [main] DEBUG l.i.u.t.SubmittedApplicationsPageTest - Clicked 'Search' button.
2025-03-27 09:07:05 [main] DEBUG l.i.u.t.SubmittedApplicationsPageTest - Retrieved invitation code: ''.
2025-03-27 09:07:05 [main] DEBUG l.i.u.t.SubmittedApplicationsPageTest - Clicked on 'Submitted Applications' menu.
2025-03-27 09:07:06 [main] DEBUG l.i.u.t.SubmittedApplicationsPageTest - Selected invitation by code: 'TST-VUI-75'.
2025-03-27 09:07:06 [main] DEBUG l.i.u.t.SubmittedApplicationsPageTest - Invitation code inserted.
2025-03-27 09:07:06 [main] DEBUG l.i.u.t.SubmittedApplicationsPageTest - Clicked on 'Action Application' button.
2025-03-27 09:07:06 [main] DEBUG l.i.u.t.SubmittedApplicationsPageTest - Clicked on 'New Application' button.
2025-03-27 09:07:07 [main] DEBUG l.i.u.t.SubmittedApplicationsPageTest - Selected the 'RadioButtonFA' option.
2025-03-27 09:07:07 [main] DEBUG l.i.u.t.SubmittedApplicationsPageTest - Entered phone number: '61298745'.
2025-03-27 09:07:07 [main] DEBUG l.i.u.t.SubmittedApplicationsPageTest - Entered email: 'test@autotest.com'.
2025-03-27 09:07:07 [main] INFO  l.i.u.p.SubmittedApplicationsPage - Clicking on the dropdown button.
2025-03-27 09:07:23 [main] INFO  l.i.u.p.SubmittedApplicationsPage - Found 1741 options in the dropdown.
2025-03-27 09:07:23 [main] DEBUG l.i.u.p.SubmittedApplicationsPage - Checking option: ''
2025-03-27 09:07:23 [main] DEBUG l.i.u.p.SubmittedApplicationsPage - Checking option: '01.11 - Grūdinių (išskyrus ryžius), ankštinių ir aliejingų sėklų augalų auginimas'
2025-03-27 09:07:23 [main] INFO  l.i.u.p.SubmittedApplicationsPage - Successfully selected the value: '01.11 - Grūdinių (išskyrus ryžius), ankštinių ir aliejingų sėklų augalų auginimas'
2025-03-27 09:07:23 [main] INFO  l.i.u.p.SubmittedApplicationsPage - Attempting to close the dropdown.
2025-03-27 09:07:24 [main] DEBUG l.i.u.t.SubmittedApplicationsPageTest - Selected EVRK value: '01.11 - Grūdinių (išskyrus ryžius), ankštinių ir aliejingų sėklų augalų auginimas'.
2025-03-27 09:07:24 [main] DEBUG l.i.u.t.SubmittedApplicationsPageTest - Clicked on 'Address Component' button.
2025-03-27 09:07:24 [main] INFO  l.i.u.p.SubmittedApplicationsPage - Located the dropdown button.
2025-03-27 09:07:28 [main] INFO  l.i.u.p.SubmittedApplicationsPage - Successfully selected the value: 'Lietuva'
2025-03-27 09:07:28 [main] DEBUG l.i.u.t.SubmittedApplicationsPageTest - Selected country: 'Lietuva'.
2025-03-27 09:07:28 [main] INFO  l.i.u.p.SubmittedApplicationsPage - Located the dropdown search field.
2025-03-27 09:07:28 [main] INFO  l.i.u.p.SubmittedApplicationsPage - Dropdown city is opened.
2025-03-27 09:07:28 [main] INFO  l.i.u.p.SubmittedApplicationsPage - Searched for value: 'Vilnius'
2025-03-27 09:07:29 [main] INFO  l.i.u.p.SubmittedApplicationsPage - Successfully selected: 'Vilnius'
2025-03-27 09:07:29 [main] INFO  l.i.u.p.SubmittedApplicationsPage - Located the dropdown button.
2025-03-27 09:07:29 [main] INFO  l.i.u.p.SubmittedApplicationsPage - Successfully selected the value: 'A. Domaševičiaus g.'
2025-03-27 09:07:29 [main] DEBUG l.i.u.t.SubmittedApplicationsPageTest - Selected street: 'A. Domaševičiaus g.'.
2025-03-27 09:07:29 [main] INFO  l.i.u.p.SubmittedApplicationsPage - Located the dropdown button.
2025-03-27 09:07:30 [main] INFO  l.i.u.p.SubmittedApplicationsPage - Successfully selected the value: '1'
2025-03-27 09:07:30 [main] DEBUG l.i.u.t.SubmittedApplicationsPageTest - Selected house: '1'.
2025-03-27 09:07:30 [main] INFO  l.i.u.p.SubmittedApplicationsPage - Located the dropdown button.
2025-03-27 09:07:30 [main] INFO  l.i.u.p.SubmittedApplicationsPage - Successfully selected the value: '1'
2025-03-27 09:07:30 [main] DEBUG l.i.u.t.SubmittedApplicationsPageTest - Selected apartment: '1'.
2025-03-27 09:07:30 [main] DEBUG l.i.u.t.SubmittedApplicationsPageTest - Clicked 'Confirm' button.
2025-03-27 09:07:30 [main] DEBUG l.i.u.t.SubmittedApplicationsPageTest - Entered project date.
2025-03-27 09:07:30 [main] DEBUG l.i.u.t.SubmittedApplicationsPageTest - Entered job count: '1'.
2025-03-27 09:07:31 [main] DEBUG l.i.u.t.SubmittedApplicationsPageTest - Clicked 'Next' button.
2025-03-27 09:07:31 [main] INFO  l.i.u.p.SubmittedApplicationsPage - Located the dropdown button.
2025-03-27 09:07:31 [main] INFO  l.i.u.p.SubmittedApplicationsPage - Successfully selected the value: 'Administratoriai'
2025-03-27 09:07:31 [main] DEBUG l.i.u.t.SubmittedApplicationsPageTest - Selected job name: 'Administratoriai'.
2025-03-27 09:07:32 [main] DEBUG l.i.u.t.SubmittedApplicationsPageTest - Entered job function: 'Funkcija 1'.
2025-03-27 09:07:32 [main] DEBUG l.i.u.t.SubmittedApplicationsPageTest - Selected 'RadioButtonWithDisabilities' option.
2025-03-27 09:07:32 [main] INFO  l.i.u.p.SubmittedApplicationsPage - Clicking on the dropdown button.
2025-03-27 09:07:32 [main] INFO  l.i.u.p.SubmittedApplicationsPage - Found 34 options in the dropdown.
2025-03-27 09:07:32 [main] DEBUG l.i.u.p.SubmittedApplicationsPage - Checking option: 'Asmenys, kuriems suteiktas pabėgėlio statusas ar perkeliamojo asmens statusas, arba asmenys, kuriems suteikta papildoma ar laikinoji apsauga, ir asmenys, turintys teisę gauti laikinąją apsaugą, iki sprendimo dėl laikinosios apsaugos suteikimo (nesuteikimo) priėmimo, tačiau ne ilgiau kaip laikinosios apsaugos laikotarpiu'
2025-03-27 09:07:33 [main] DEBUG l.i.u.p.SubmittedApplicationsPage - Checking option: 'Asmenys, kuriems suteiktas pabėgėlio statusas ar perkeliamojo asmens statusas, arba asmenys, kuriems suteikta papildoma ar laikinoji apsauga, ir asmenys, turintys teisę gauti laikinąją apsaugą, iki sprendimo dėl laikinosios apsaugos suteikimo (nesuteikimo) priėmimo, tačiau ne ilgiau kaip laikinosios apsaugos laikotarpiu'
2025-03-27 09:07:33 [main] DEBUG l.i.u.p.SubmittedApplicationsPage - Checking option: 'Asmenys, turintys teisę į papildomas užimtumo garantijas pagal Lietuvos Respublikos valstybės įmonės Ignalinos atominės elektrinės darbuotojų papildomų užimtumo ir socialinių garantijų įstatymą'
2025-03-27 09:07:33 [main] DEBUG l.i.u.p.SubmittedApplicationsPage - Checking option: 'Asmenys, turintys teisę į papildomas užimtumo garantijas pagal Lietuvos Respublikos valstybės įmonės Ignalinos atominės elektrinės darbuotojų papildomų užimtumo ir socialinių garantijų įstatymą'
2025-03-27 09:07:33 [main] DEBUG l.i.u.p.SubmittedApplicationsPage - Checking option: 'Bedarbiai iki 29 metų'
2025-03-27 09:07:33 [main] DEBUG l.i.u.p.SubmittedApplicationsPage - Checking option: 'Bedarbiai iki 29 metų'
2025-03-27 09:07:33 [main] DEBUG l.i.u.p.SubmittedApplicationsPage - Checking option: 'Bedarbiai, kurie yra darbingo amžiaus neįgalieji, kuriems nustatytas 30–40 procentų darbingumo lygis arba vidutinis neįgalumo lygis'
2025-03-27 09:07:33 [main] DEBUG l.i.u.p.SubmittedApplicationsPage - Checking option: 'Bedarbiai, kurie yra darbingo amžiaus neįgalieji, kuriems nustatytas 30–40 procentų darbingumo lygis arba vidutinis neįgalumo lygis'
2025-03-27 09:07:33 [main] DEBUG l.i.u.p.SubmittedApplicationsPage - Checking option: 'Bedarbiai, kurie yra darbingo amžiaus neįgalieji, kuriems nustatytas 45–55 procentų darbingumo lygis arba lengvas neįgalumo lygis'
2025-03-27 09:07:33 [main] DEBUG l.i.u.p.SubmittedApplicationsPage - Checking option: 'Bedarbiai, kurie yra darbingo amžiaus neįgalieji, kuriems nustatytas 45–55 procentų darbingumo lygis arba lengvas neįgalumo lygis'
2025-03-27 09:07:33 [main] DEBUG l.i.u.p.SubmittedApplicationsPage - Checking option: 'Bedarbiai, kurie yra darbingo amžiaus neįgalieji, kuriems nustatytas iki 25 procentų darbingumo lygis arba sunkus neįgalumo lygis'
2025-03-27 09:07:33 [main] INFO  l.i.u.p.SubmittedApplicationsPage - Successfully selected the value: 'Bedarbiai, kurie yra darbingo amžiaus neįgalieji, kuriems nustatytas iki 25 procentų darbingumo lygis arba sunkus neįgalumo lygis'
2025-03-27 09:07:33 [main] INFO  l.i.u.p.SubmittedApplicationsPage - Attempting to close the dropdown.
2025-03-27 09:07:33 [main] DEBUG l.i.u.t.SubmittedApplicationsPageTest - Selected disabilities type: 'Bedarbiai, kurie yra darbingo amžiaus neįgalieji, kuriems nustatytas iki 25 procentų darbingumo lygis arba sunkus neįgalumo lygis'.
2025-03-27 09:07:34 [main] DEBUG l.i.u.t.SubmittedApplicationsPageTest - Entered disability information: 'Negalia 1'.
2025-03-27 09:07:34 [main] INFO  l.i.u.p.SubmittedApplicationsPage - Located the dropdown button.
2025-03-27 09:07:35 [main] INFO  l.i.u.p.SubmittedApplicationsPage - Successfully selected the value: 'Kita'
2025-03-27 09:07:35 [main] DEBUG l.i.u.t.SubmittedApplicationsPageTest - Selected time mode: 'Kita'.
2025-03-27 09:07:35 [main] DEBUG l.i.u.t.SubmittedApplicationsPageTest - Selected time mode other: '6 val. per dieną ir 4 d. per savaitę'.
2025-03-27 09:07:35 [main] DEBUG l.i.u.t.SubmittedApplicationsPageTest - Entered qualification: 'Kvalifikacija 1'.
2025-03-27 09:07:35 [main] DEBUG l.i.u.t.SubmittedApplicationsPageTest - Entered job date.
2025-03-27 09:07:36 [main] DEBUG l.i.u.t.SubmittedApplicationsPageTest - Entered salary amount: '1200'.
2025-03-27 09:07:36 [main] DEBUG l.i.u.t.SubmittedApplicationsPageTest - Entered salary description: 'Užmokestis 1'.
2025-03-27 09:07:36 [main] DEBUG l.i.u.t.SubmittedApplicationsPageTest - Selected 'Temporary Job' radio button.
2025-03-27 09:07:36 [main] DEBUG l.i.u.t.SubmittedApplicationsPageTest - Selected 'Season Job' radio button.
2025-03-27 09:07:37 [main] DEBUG l.i.u.t.SubmittedApplicationsPageTest - Selected 'Energy' radio button.
2025-03-27 09:07:37 [main] DEBUG l.i.u.t.SubmittedApplicationsPageTest - Selected 'Repair' radio button.
2025-03-27 09:07:37 [main] DEBUG l.i.u.t.SubmittedApplicationsPageTest - Entered job description: 'Veikla 1'.
2025-03-27 09:07:37 [main] DEBUG l.i.u.t.SubmittedApplicationsPageTest - Entered process description: 'Procesas 1'.
2025-03-27 09:07:38 [main] DEBUG l.i.u.t.SubmittedApplicationsPageTest - Entered energy information: 'Energija 1'.
2025-03-27 09:07:38 [main] DEBUG l.i.u.t.SubmittedApplicationsPageTest - Entered repair information: 'Remontas 1'.
2025-03-27 09:07:38 [main] DEBUG l.i.u.t.SubmittedApplicationsPageTest - Selected 'PVM' radio button.
2025-03-27 09:07:38 [main] INFO  l.i.u.p.SubmittedApplicationsPage - Located the dropdown button.
2025-03-27 09:07:39 [main] INFO  l.i.u.p.SubmittedApplicationsPage - Successfully selected the value: 'Įsigyti'
2025-03-27 09:07:39 [main] DEBUG l.i.u.t.SubmittedApplicationsPageTest - Selected necessary for job: 'Įsigyti'.
2025-03-27 09:07:39 [main] DEBUG l.i.u.t.SubmittedApplicationsPageTest - Selected tool: 'Darbo priemonė 1'.
2025-03-27 09:07:39 [main] DEBUG l.i.u.t.SubmittedApplicationsPageTest - Selected tool parameter one: 'Darbo priemonės 1 parametras 1'.
2025-03-27 09:07:40 [main] DEBUG l.i.u.t.SubmittedApplicationsPageTest - Selected tool parameter two: 'Darbo priemonės 1 parametras 2'.
2025-03-27 09:07:40 [main] DEBUG l.i.u.t.SubmittedApplicationsPageTest - Selected tool parameter three: 'Darbo priemonės 1 parametras 3'.
2025-03-27 09:07:40 [main] DEBUG l.i.u.t.SubmittedApplicationsPageTest - Entered tool count: '1'.
2025-03-27 09:07:40 [main] DEBUG l.i.u.t.SubmittedApplicationsPageTest - Entered price amount 1: '1000'.
2025-03-27 09:07:41 [main] DEBUG l.i.u.t.SubmittedApplicationsPageTest - Entered own funds amount 1: '800'.
2025-03-27 09:07:41 [main] DEBUG l.i.u.t.SubmittedApplicationsPageTest - Clicked 'Add' button.
2025-03-27 09:07:41 [main] INFO  l.i.u.p.SubmittedApplicationsPage - Located the dropdown button.
2025-03-27 09:07:41 [main] INFO  l.i.u.p.SubmittedApplicationsPage - Successfully selected the value: 'Remontuoti'
2025-03-27 09:07:41 [main] DEBUG l.i.u.t.SubmittedApplicationsPageTest - Selected necessary for job 'to repair': 'Remontuoti'.
2025-03-27 09:07:42 [main] DEBUG l.i.u.t.SubmittedApplicationsPageTest - Selected repair name: 'Remonto pavadinimas 1'.
2025-03-27 09:07:42 [main] DEBUG l.i.u.t.SubmittedApplicationsPageTest - Entered repair information: 'Remonto aprašymas 1'.
2025-03-27 09:07:42 [main] DEBUG l.i.u.t.SubmittedApplicationsPageTest - Entered price amount 2: '1000'.
2025-03-27 09:07:43 [main] DEBUG l.i.u.t.SubmittedApplicationsPageTest - Entered own funds amount 2: '900'.
2025-03-27 09:07:43 [main] DEBUG l.i.u.t.SubmittedApplicationsPageTest - Entered country percentage: '50'.
2025-03-27 09:07:43 [main] DEBUG l.i.u.t.SubmittedApplicationsPageTest - Entered institution percentage: '50'.
2025-03-27 09:07:43 [main] DEBUG l.i.u.t.SubmittedApplicationsPageTest - Entered municipality percentage: '50'.
2025-03-27 09:07:43 [main] DEBUG l.i.u.t.SubmittedApplicationsPageTest - Selected 'De Minimis' radio button.
2025-03-27 09:07:44 [main] DEBUG l.i.u.t.SubmittedApplicationsPageTest - Entered program name: 'Programa 1'.
2025-03-27 09:07:44 [main] DEBUG l.i.u.t.SubmittedApplicationsPageTest - Entered project date from.
2025-03-27 09:07:44 [main] DEBUG l.i.u.t.SubmittedApplicationsPageTest - Entered project date until.
2025-03-27 09:07:44 [main] DEBUG l.i.u.t.SubmittedApplicationsPageTest - Entered support amount: '2000'.
2025-03-27 09:07:45 [main] DEBUG l.i.u.t.SubmittedApplicationsPageTest - Clicked 'Next' button.
2025-03-27 09:07:55 [main] DEBUG l.i.u.t.SubmittedApplicationsPageTest - Checked 'Legal Entities' checkbox 1.
2025-03-27 09:08:05 [main] DEBUG l.i.u.t.SubmittedApplicationsPageTest - Checked 'Legal Entities' checkbox 2.
2025-03-27 09:08:15 [main] DEBUG l.i.u.t.SubmittedApplicationsPageTest - Checked 'Legal Entities' checkbox 3.
2025-03-27 09:08:15 [main] DEBUG l.i.u.t.SubmittedApplicationsPageTest - Test finished: All 'Legal Entities' checkboxes checked successfully.
2025-03-27 09:08:15 [main] DEBUG l.i.u.t.SubmittedApplicationsPageTest - Clicked 'Next' button after checkboxes.
2025-03-27 09:08:25 [main] ERROR l.i.u.p.SubmittedApplicationsPage - Error selecting radio button: Expected condition failed: waiting for element to be clickable: By.xpath: (//input[@type='radio' and @value='false'])[8] (tried for 10 second(s) with 500 milliseconds interval)
Build info: version: '4.27.0', revision: 'd6e718d134'
System info: os.name: 'Windows 11', os.arch: 'amd64', os.version: '10.0', java.version: '21.0.3'
Driver info: org.openqa.selenium.chrome.ChromeDriver
Capabilities {acceptInsecureCerts: false, browserName: chrome, browserVersion: 134.0.6998.166, chrome: {chromedriverVersion: 134.0.6998.165 (fd886e2cb29..., userDataDir: C:\Users\INGRID~1.ZAD\AppDa...}, fedcm:accounts: true, goog:chromeOptions: {debuggerAddress: localhost:53121}, networkConnectionEnabled: false, pageLoadStrategy: normal, platformName: windows, proxy: Proxy(), se:cdp: ws://localhost:53121/devtoo..., se:cdpVersion: 134.0.6998.166, setWindowRect: true, strictFileInteractability: false, timeouts: {implicit: 0, pageLoad: 300000, script: 30000}, unhandledPromptBehavior: dismiss and notify, webauthn:extension:credBlob: true, webauthn:extension:largeBlob: true, webauthn:extension:minPinLength: true, webauthn:extension:prf: true, webauthn:virtualAuthenticators: true}
Session ID: b27274f7f8d2fb0e156dae21c0222b04
2025-03-27 09:08:25 [main] INFO  l.i.u.t.SubmittedApplicationsPageTest - Marking 'Ne' radio button 1
2025-03-27 09:08:35 [main] ERROR l.i.u.p.SubmittedApplicationsPage - Error selecting radio button: Expected condition failed: waiting for element to be clickable: By.xpath: (//input[@type='radio' and @value='false'])[9] (tried for 10 second(s) with 500 milliseconds interval)
Build info: version: '4.27.0', revision: 'd6e718d134'
System info: os.name: 'Windows 11', os.arch: 'amd64', os.version: '10.0', java.version: '21.0.3'
Driver info: org.openqa.selenium.chrome.ChromeDriver
Capabilities {acceptInsecureCerts: false, browserName: chrome, browserVersion: 134.0.6998.166, chrome: {chromedriverVersion: 134.0.6998.165 (fd886e2cb29..., userDataDir: C:\Users\INGRID~1.ZAD\AppDa...}, fedcm:accounts: true, goog:chromeOptions: {debuggerAddress: localhost:53121}, networkConnectionEnabled: false, pageLoadStrategy: normal, platformName: windows, proxy: Proxy(), se:cdp: ws://localhost:53121/devtoo..., se:cdpVersion: 134.0.6998.166, setWindowRect: true, strictFileInteractability: false, timeouts: {implicit: 0, pageLoad: 300000, script: 30000}, unhandledPromptBehavior: dismiss and notify, webauthn:extension:credBlob: true, webauthn:extension:largeBlob: true, webauthn:extension:minPinLength: true, webauthn:extension:prf: true, webauthn:virtualAuthenticators: true}
Session ID: b27274f7f8d2fb0e156dae21c0222b04
2025-03-27 09:08:35 [main] INFO  l.i.u.t.SubmittedApplicationsPageTest - Marking 'Ne' radio button 2
2025-03-27 09:08:45 [main] ERROR l.i.u.p.SubmittedApplicationsPage - Error selecting radio button: Expected condition failed: waiting for element to be clickable: By.xpath: (//input[@type='radio' and @value='false'])[10] (tried for 10 second(s) with 500 milliseconds interval)
Build info: version: '4.27.0', revision: 'd6e718d134'
System info: os.name: 'Windows 11', os.arch: 'amd64', os.version: '10.0', java.version: '21.0.3'
Driver info: org.openqa.selenium.chrome.ChromeDriver
Capabilities {acceptInsecureCerts: false, browserName: chrome, browserVersion: 134.0.6998.166, chrome: {chromedriverVersion: 134.0.6998.165 (fd886e2cb29..., userDataDir: C:\Users\INGRID~1.ZAD\AppDa...}, fedcm:accounts: true, goog:chromeOptions: {debuggerAddress: localhost:53121}, networkConnectionEnabled: false, pageLoadStrategy: normal, platformName: windows, proxy: Proxy(), se:cdp: ws://localhost:53121/devtoo..., se:cdpVersion: 134.0.6998.166, setWindowRect: true, strictFileInteractability: false, timeouts: {implicit: 0, pageLoad: 300000, script: 30000}, unhandledPromptBehavior: dismiss and notify, webauthn:extension:credBlob: true, webauthn:extension:largeBlob: true, webauthn:extension:minPinLength: true, webauthn:extension:prf: true, webauthn:virtualAuthenticators: true}
Session ID: b27274f7f8d2fb0e156dae21c0222b04
2025-03-27 09:08:45 [main] INFO  l.i.u.t.SubmittedApplicationsPageTest - Marking 'Ne' radio button 3
2025-03-27 09:08:55 [main] ERROR l.i.u.p.SubmittedApplicationsPage - Error selecting radio button: Expected condition failed: waiting for element to be clickable: By.xpath: (//input[@type='radio' and @value='false'])[11] (tried for 10 second(s) with 500 milliseconds interval)
Build info: version: '4.27.0', revision: 'd6e718d134'
System info: os.name: 'Windows 11', os.arch: 'amd64', os.version: '10.0', java.version: '21.0.3'
Driver info: org.openqa.selenium.chrome.ChromeDriver
Capabilities {acceptInsecureCerts: false, browserName: chrome, browserVersion: 134.0.6998.166, chrome: {chromedriverVersion: 134.0.6998.165 (fd886e2cb29..., userDataDir: C:\Users\INGRID~1.ZAD\AppDa...}, fedcm:accounts: true, goog:chromeOptions: {debuggerAddress: localhost:53121}, networkConnectionEnabled: false, pageLoadStrategy: normal, platformName: windows, proxy: Proxy(), se:cdp: ws://localhost:53121/devtoo..., se:cdpVersion: 134.0.6998.166, setWindowRect: true, strictFileInteractability: false, timeouts: {implicit: 0, pageLoad: 300000, script: 30000}, unhandledPromptBehavior: dismiss and notify, webauthn:extension:credBlob: true, webauthn:extension:largeBlob: true, webauthn:extension:minPinLength: true, webauthn:extension:prf: true, webauthn:virtualAuthenticators: true}
Session ID: b27274f7f8d2fb0e156dae21c0222b04
2025-03-27 09:08:55 [main] INFO  l.i.u.t.SubmittedApplicationsPageTest - Marking 'Ne' radio button 4
2025-03-27 09:09:06 [main] ERROR l.i.u.p.SubmittedApplicationsPage - Error selecting radio button: Expected condition failed: waiting for element to be clickable: By.xpath: (//input[@type='radio' and @value='false'])[12] (tried for 10 second(s) with 500 milliseconds interval)
Build info: version: '4.27.0', revision: 'd6e718d134'
System info: os.name: 'Windows 11', os.arch: 'amd64', os.version: '10.0', java.version: '21.0.3'
Driver info: org.openqa.selenium.chrome.ChromeDriver
Capabilities {acceptInsecureCerts: false, browserName: chrome, browserVersion: 134.0.6998.166, chrome: {chromedriverVersion: 134.0.6998.165 (fd886e2cb29..., userDataDir: C:\Users\INGRID~1.ZAD\AppDa...}, fedcm:accounts: true, goog:chromeOptions: {debuggerAddress: localhost:53121}, networkConnectionEnabled: false, pageLoadStrategy: normal, platformName: windows, proxy: Proxy(), se:cdp: ws://localhost:53121/devtoo..., se:cdpVersion: 134.0.6998.166, setWindowRect: true, strictFileInteractability: false, timeouts: {implicit: 0, pageLoad: 300000, script: 30000}, unhandledPromptBehavior: dismiss and notify, webauthn:extension:credBlob: true, webauthn:extension:largeBlob: true, webauthn:extension:minPinLength: true, webauthn:extension:prf: true, webauthn:virtualAuthenticators: true}
Session ID: b27274f7f8d2fb0e156dae21c0222b04
2025-03-27 09:09:06 [main] INFO  l.i.u.t.SubmittedApplicationsPageTest - Marking 'Ne' radio button 5
2025-03-27 09:09:16 [main] ERROR l.i.u.p.SubmittedApplicationsPage - Error selecting radio button: Expected condition failed: waiting for element to be clickable: By.xpath: (//input[@type='radio' and @value='false'])[13] (tried for 10 second(s) with 500 milliseconds interval)
Build info: version: '4.27.0', revision: 'd6e718d134'
System info: os.name: 'Windows 11', os.arch: 'amd64', os.version: '10.0', java.version: '21.0.3'
Driver info: org.openqa.selenium.chrome.ChromeDriver
Capabilities {acceptInsecureCerts: false, browserName: chrome, browserVersion: 134.0.6998.166, chrome: {chromedriverVersion: 134.0.6998.165 (fd886e2cb29..., userDataDir: C:\Users\INGRID~1.ZAD\AppDa...}, fedcm:accounts: true, goog:chromeOptions: {debuggerAddress: localhost:53121}, networkConnectionEnabled: false, pageLoadStrategy: normal, platformName: windows, proxy: Proxy(), se:cdp: ws://localhost:53121/devtoo..., se:cdpVersion: 134.0.6998.166, setWindowRect: true, strictFileInteractability: false, timeouts: {implicit: 0, pageLoad: 300000, script: 30000}, unhandledPromptBehavior: dismiss and notify, webauthn:extension:credBlob: true, webauthn:extension:largeBlob: true, webauthn:extension:minPinLength: true, webauthn:extension:prf: true, webauthn:virtualAuthenticators: true}
Session ID: b27274f7f8d2fb0e156dae21c0222b04
2025-03-27 09:09:16 [main] INFO  l.i.u.t.SubmittedApplicationsPageTest - Marking 'Ne' radio button 6
2025-03-27 09:09:26 [main] ERROR l.i.u.p.SubmittedApplicationsPage - Error selecting radio button: Expected condition failed: waiting for element to be clickable: By.xpath: (//input[@type='radio' and @value='true'])[14] (tried for 10 second(s) with 500 milliseconds interval)
Build info: version: '4.27.0', revision: 'd6e718d134'
System info: os.name: 'Windows 11', os.arch: 'amd64', os.version: '10.0', java.version: '21.0.3'
Driver info: org.openqa.selenium.chrome.ChromeDriver
Capabilities {acceptInsecureCerts: false, browserName: chrome, browserVersion: 134.0.6998.166, chrome: {chromedriverVersion: 134.0.6998.165 (fd886e2cb29..., userDataDir: C:\Users\INGRID~1.ZAD\AppDa...}, fedcm:accounts: true, goog:chromeOptions: {debuggerAddress: localhost:53121}, networkConnectionEnabled: false, pageLoadStrategy: normal, platformName: windows, proxy: Proxy(), se:cdp: ws://localhost:53121/devtoo..., se:cdpVersion: 134.0.6998.166, setWindowRect: true, strictFileInteractability: false, timeouts: {implicit: 0, pageLoad: 300000, script: 30000}, unhandledPromptBehavior: dismiss and notify, webauthn:extension:credBlob: true, webauthn:extension:largeBlob: true, webauthn:extension:minPinLength: true, webauthn:extension:prf: true, webauthn:virtualAuthenticators: true}
Session ID: b27274f7f8d2fb0e156dae21c0222b04
2025-03-27 09:09:26 [main] INFO  l.i.u.t.SubmittedApplicationsPageTest - Marking 'Taip' radio button 7
2025-03-27 09:09:36 [main] ERROR l.i.u.p.SubmittedApplicationsPage - Error selecting radio button: Expected condition failed: waiting for element to be clickable: By.xpath: (//input[@type='radio' and @value='true'])[15] (tried for 10 second(s) with 500 milliseconds interval)
Build info: version: '4.27.0', revision: 'd6e718d134'
System info: os.name: 'Windows 11', os.arch: 'amd64', os.version: '10.0', java.version: '21.0.3'
Driver info: org.openqa.selenium.chrome.ChromeDriver
Capabilities {acceptInsecureCerts: false, browserName: chrome, browserVersion: 134.0.6998.166, chrome: {chromedriverVersion: 134.0.6998.165 (fd886e2cb29..., userDataDir: C:\Users\INGRID~1.ZAD\AppDa...}, fedcm:accounts: true, goog:chromeOptions: {debuggerAddress: localhost:53121}, networkConnectionEnabled: false, pageLoadStrategy: normal, platformName: windows, proxy: Proxy(), se:cdp: ws://localhost:53121/devtoo..., se:cdpVersion: 134.0.6998.166, setWindowRect: true, strictFileInteractability: false, timeouts: {implicit: 0, pageLoad: 300000, script: 30000}, unhandledPromptBehavior: dismiss and notify, webauthn:extension:credBlob: true, webauthn:extension:largeBlob: true, webauthn:extension:minPinLength: true, webauthn:extension:prf: true, webauthn:virtualAuthenticators: true}
Session ID: b27274f7f8d2fb0e156dae21c0222b04
2025-03-27 09:09:36 [main] INFO  l.i.u.t.SubmittedApplicationsPageTest - Marking 'Taip' radio button 8
2025-03-27 09:09:46 [main] ERROR l.i.u.p.SubmittedApplicationsPage - Error selecting radio button: Expected condition failed: waiting for element to be clickable: By.xpath: (//input[@type='radio' and @value='true'])[16] (tried for 10 second(s) with 500 milliseconds interval)
Build info: version: '4.27.0', revision: 'd6e718d134'
System info: os.name: 'Windows 11', os.arch: 'amd64', os.version: '10.0', java.version: '21.0.3'
Driver info: org.openqa.selenium.chrome.ChromeDriver
Capabilities {acceptInsecureCerts: false, browserName: chrome, browserVersion: 134.0.6998.166, chrome: {chromedriverVersion: 134.0.6998.165 (fd886e2cb29..., userDataDir: C:\Users\INGRID~1.ZAD\AppDa...}, fedcm:accounts: true, goog:chromeOptions: {debuggerAddress: localhost:53121}, networkConnectionEnabled: false, pageLoadStrategy: normal, platformName: windows, proxy: Proxy(), se:cdp: ws://localhost:53121/devtoo..., se:cdpVersion: 134.0.6998.166, setWindowRect: true, strictFileInteractability: false, timeouts: {implicit: 0, pageLoad: 300000, script: 30000}, unhandledPromptBehavior: dismiss and notify, webauthn:extension:credBlob: true, webauthn:extension:largeBlob: true, webauthn:extension:minPinLength: true, webauthn:extension:prf: true, webauthn:virtualAuthenticators: true}
Session ID: b27274f7f8d2fb0e156dae21c0222b04
2025-03-27 09:09:46 [main] INFO  l.i.u.t.SubmittedApplicationsPageTest - Marking 'Taip' radio button 9
2025-03-27 09:09:56 [main] ERROR l.i.u.p.SubmittedApplicationsPage - Error selecting radio button: Expected condition failed: waiting for element to be clickable: By.xpath: (//input[@type='radio' and @value='true'])[17] (tried for 10 second(s) with 500 milliseconds interval)
Build info: version: '4.27.0', revision: 'd6e718d134'
System info: os.name: 'Windows 11', os.arch: 'amd64', os.version: '10.0', java.version: '21.0.3'
Driver info: org.openqa.selenium.chrome.ChromeDriver
Capabilities {acceptInsecureCerts: false, browserName: chrome, browserVersion: 134.0.6998.166, chrome: {chromedriverVersion: 134.0.6998.165 (fd886e2cb29..., userDataDir: C:\Users\INGRID~1.ZAD\AppDa...}, fedcm:accounts: true, goog:chromeOptions: {debuggerAddress: localhost:53121}, networkConnectionEnabled: false, pageLoadStrategy: normal, platformName: windows, proxy: Proxy(), se:cdp: ws://localhost:53121/devtoo..., se:cdpVersion: 134.0.6998.166, setWindowRect: true, strictFileInteractability: false, timeouts: {implicit: 0, pageLoad: 300000, script: 30000}, unhandledPromptBehavior: dismiss and notify, webauthn:extension:credBlob: true, webauthn:extension:largeBlob: true, webauthn:extension:minPinLength: true, webauthn:extension:prf: true, webauthn:virtualAuthenticators: true}
Session ID: b27274f7f8d2fb0e156dae21c0222b04
2025-03-27 09:09:56 [main] INFO  l.i.u.t.SubmittedApplicationsPageTest - Marking 'Taip' radio button 10
2025-03-27 09:10:06 [main] ERROR l.i.u.p.SubmittedApplicationsPage - Error selecting radio button: Expected condition failed: waiting for element to be clickable: By.xpath: (//input[@type='radio' and @value='true'])[18] (tried for 10 second(s) with 500 milliseconds interval)
Build info: version: '4.27.0', revision: 'd6e718d134'
System info: os.name: 'Windows 11', os.arch: 'amd64', os.version: '10.0', java.version: '21.0.3'
Driver info: org.openqa.selenium.chrome.ChromeDriver
Capabilities {acceptInsecureCerts: false, browserName: chrome, browserVersion: 134.0.6998.166, chrome: {chromedriverVersion: 134.0.6998.165 (fd886e2cb29..., userDataDir: C:\Users\INGRID~1.ZAD\AppDa...}, fedcm:accounts: true, goog:chromeOptions: {debuggerAddress: localhost:53121}, networkConnectionEnabled: false, pageLoadStrategy: normal, platformName: windows, proxy: Proxy(), se:cdp: ws://localhost:53121/devtoo..., se:cdpVersion: 134.0.6998.166, setWindowRect: true, strictFileInteractability: false, timeouts: {implicit: 0, pageLoad: 300000, script: 30000}, unhandledPromptBehavior: dismiss and notify, webauthn:extension:credBlob: true, webauthn:extension:largeBlob: true, webauthn:extension:minPinLength: true, webauthn:extension:prf: true, webauthn:virtualAuthenticators: true}
Session ID: b27274f7f8d2fb0e156dae21c0222b04
2025-03-27 09:10:06 [main] INFO  l.i.u.t.SubmittedApplicationsPageTest - Marking 'Taip' radio button 11
2025-03-27 09:10:16 [main] ERROR l.i.u.p.SubmittedApplicationsPage - Error selecting radio button: Expected condition failed: waiting for element to be clickable: By.xpath: (//input[@type='radio' and @value='true'])[19] (tried for 10 second(s) with 500 milliseconds interval)
Build info: version: '4.27.0', revision: 'd6e718d134'
System info: os.name: 'Windows 11', os.arch: 'amd64', os.version: '10.0', java.version: '21.0.3'
Driver info: org.openqa.selenium.chrome.ChromeDriver
Capabilities {acceptInsecureCerts: false, browserName: chrome, browserVersion: 134.0.6998.166, chrome: {chromedriverVersion: 134.0.6998.165 (fd886e2cb29..., userDataDir: C:\Users\INGRID~1.ZAD\AppDa...}, fedcm:accounts: true, goog:chromeOptions: {debuggerAddress: localhost:53121}, networkConnectionEnabled: false, pageLoadStrategy: normal, platformName: windows, proxy: Proxy(), se:cdp: ws://localhost:53121/devtoo..., se:cdpVersion: 134.0.6998.166, setWindowRect: true, strictFileInteractability: false, timeouts: {implicit: 0, pageLoad: 300000, script: 30000}, unhandledPromptBehavior: dismiss and notify, webauthn:extension:credBlob: true, webauthn:extension:largeBlob: true, webauthn:extension:minPinLength: true, webauthn:extension:prf: true, webauthn:virtualAuthenticators: true}
Session ID: b27274f7f8d2fb0e156dae21c0222b04
2025-03-27 09:10:16 [main] INFO  l.i.u.t.SubmittedApplicationsPageTest - Marking 'Taip' radio button 12
2025-03-27 09:10:26 [main] DEBUG l.i.u.t.SubmittedApplicationsPageTest - Checked 'ConfirmationStepFour'
2025-03-27 09:10:26 [main] DEBUG l.i.u.t.SubmittedApplicationsPageTest - Clicked 'Next' button after checkboxes.
2025-03-27 09:10:27 [main] INFO  l.i.u.p.SubmittedApplicationsPage - File uploaded successfully to an input element.
2025-03-27 09:10:27 [main] INFO  l.i.u.p.SubmittedApplicationsPage - File uploaded successfully to an input element.
2025-03-27 09:10:27 [main] INFO  l.i.u.p.SubmittedApplicationsPage - File uploaded successfully to an input element.
2025-03-27 09:10:27 [main] INFO  l.i.u.p.SubmittedApplicationsPage - File uploaded successfully to an input element.
2025-03-27 09:10:27 [main] INFO  l.i.u.p.SubmittedApplicationsPage - File uploaded successfully to an input element.
2025-03-27 09:10:27 [main] INFO  l.i.u.p.SubmittedApplicationsPage - File uploaded successfully to an input element.
2025-03-27 09:10:27 [main] INFO  l.i.u.p.SubmittedApplicationsPage - File uploaded successfully to an input element.
2025-03-27 09:10:27 [main] INFO  l.i.u.p.SubmittedApplicationsPage - File uploaded successfully to an input element.
2025-03-27 09:10:27 [main] INFO  l.i.u.p.SubmittedApplicationsPage - File uploaded successfully to an input element.
2025-03-27 09:10:27 [main] INFO  l.i.u.p.SubmittedApplicationsPage - File uploaded successfully to an input element.
2025-03-27 09:10:27 [main] DEBUG l.i.u.t.SubmittedApplicationsPageTest - Entered program name: 'Dokumentas 1'.
2025-03-27 09:10:27 [main] DEBUG l.i.u.t.SubmittedApplicationsPageTest - Entered program name: 'Dokumentas 2'.
2025-03-27 09:10:27 [main] DEBUG l.i.u.t.SubmittedApplicationsPageTest - Entered program name: 'Dokumentas 3'.
2025-03-27 09:10:28 [main] DEBUG l.i.u.t.SubmittedApplicationsPageTest - Entered program name: 'Dokumentas 4'.
2025-03-27 09:10:28 [main] DEBUG l.i.u.t.SubmittedApplicationsPageTest - Entered program name: 'Dokumentas 5'.
2025-03-27 09:10:28 [main] DEBUG l.i.u.t.SubmittedApplicationsPageTest - Entered program name: 'Dokumentas 6'.
2025-03-27 09:10:28 [main] DEBUG l.i.u.t.SubmittedApplicationsPageTest - Entered program name: 'Dokumentas 4'.
2025-03-27 09:10:28 [main] DEBUG l.i.u.t.SubmittedApplicationsPageTest - Entered program name: 'Dokumentas 8'.
2025-03-27 09:10:28 [main] DEBUG l.i.u.t.SubmittedApplicationsPageTest - Entered program name: 'Dokumentas 9'.
2025-03-27 09:10:28 [main] DEBUG l.i.u.t.SubmittedApplicationsPageTest - Entered program name: 'Dokumentas 10'.
2025-03-27 09:10:39 [main] DEBUG l.i.u.t.SubmittedApplicationsPageTest - Checked 'ConfirmationDocument'
2025-03-27 09:10:49 [main] DEBUG l.i.u.t.SubmittedApplicationsPageTest - Checked 'ConfirmationApplication'
2025-03-27 09:10:49 [main] DEBUG l.i.u.t.SubmittedApplicationsPageTest - Clicked 'SaveDraft' button after checkboxes.
2025-03-27 09:10:49 [main] DEBUG l.i.uztis.pages.ApplicationFormsPage - Verified success message: 'Ruošinys sėkmingai išsaugotas.'
2025-03-27 09:10:49 [main] INFO  l.i.u.t.SubmittedApplicationsPageTest - Verified success message
2025-03-27 09:10:49 [main] DEBUG l.i.u.t.SubmittedApplicationsPageTest - Clicked 'Previous' button after checkboxes.
2025-03-27 09:10:49 [main] DEBUG l.i.u.t.SubmittedApplicationsPageTest - Clicked 'Previous' button after checkboxes.
2025-03-27 09:10:49 [main] DEBUG l.i.u.t.SubmittedApplicationsPageTest - Clicked 'Previous' button after checkboxes.
2025-03-27 09:10:49 [main] DEBUG l.i.u.t.SubmittedApplicationsPageTest - Clicked 'Next' button after checkboxes.
2025-03-27 09:10:50 [main] DEBUG l.i.u.t.SubmittedApplicationsPageTest - Clicked 'Next' button after checkboxes.
2025-03-27 09:10:50 [main] DEBUG l.i.u.t.SubmittedApplicationsPageTest - Clicked 'Next' button after checkboxes.
2025-03-27 09:10:50 [main] DEBUG l.i.u.t.SubmittedApplicationsPageTest - Clicked 'Review' button after checkboxes.
2025-03-27 09:10:50 [main] DEBUG l.i.u.t.SubmittedApplicationsPageTest - Clicked 'Submit' button after checkboxes.
2025-03-27 09:10:50 [main] DEBUG l.i.u.t.SubmittedApplicationsPageTest - Clicked 'SubmitConfirmation' button after checkboxes.
2025-03-27 09:10:50 [main] ERROR l.i.uztis.pages.ApplicationFormsPage - Failed to verify the success message: 'Paraiška sėkmingai pateikta ir užregistruota.'. Available messages: [Ruošinys sėkmingai išsaugotas.]
2025-03-27 09:10:50 [main] INFO  l.i.u.t.SubmittedApplicationsPageTest - Test 'testFillNewVUIApplicationFA' completed successfully.
2025-03-27 09:27:51 [main] INFO  lt.insoft.uztis.tests.UztisPageTest - Navigated to https://uztisdev.asseco.lt/home
2025-03-27 09:27:51 [main] INFO  l.i.u.t.SubmittedApplicationsPageTest - Starting test:'testFillNewVUIPApplicationFA'
2025-03-27 09:27:52 [main] DEBUG l.i.u.t.SubmittedApplicationsPageTest - User logged in with test credentials.
2025-03-27 09:27:52 [main] DEBUG l.i.u.t.SubmittedApplicationsPageTest - Opened 'Application Processing' menu.
2025-03-27 09:27:52 [main] DEBUG l.i.u.t.SubmittedApplicationsPageTest - Clicked on 'Application Forms' menu.
2025-03-27 09:27:52 [main] DEBUG l.i.u.t.SubmittedApplicationsPageTest - Retrieved last description code text: 'TST-VUI-75'.
2025-03-27 09:27:53 [main] DEBUG l.i.u.t.SubmittedApplicationsPageTest - Clicked on 'Invitation' menu.
2025-03-27 09:27:54 [main] DEBUG l.i.u.t.SubmittedApplicationsPageTest - Selected application section by code: 'TST-VUI-75'.
2025-03-27 09:27:54 [main] DEBUG l.i.u.t.SubmittedApplicationsPageTest - Clicked 'Search' button.
2025-03-27 09:27:54 [main] DEBUG l.i.u.t.SubmittedApplicationsPageTest - Retrieved invitation code: ''.
2025-03-27 09:27:54 [main] DEBUG l.i.u.t.SubmittedApplicationsPageTest - Clicked on 'Submitted Applications' menu.
2025-03-27 09:27:56 [main] DEBUG l.i.u.t.SubmittedApplicationsPageTest - Selected invitation by code: 'TST-VUI-75'.
2025-03-27 09:27:56 [main] DEBUG l.i.u.t.SubmittedApplicationsPageTest - Invitation code inserted.
2025-03-27 09:27:56 [main] DEBUG l.i.u.t.SubmittedApplicationsPageTest - Clicked on 'Action Application' button.
2025-03-27 09:27:56 [main] DEBUG l.i.u.t.SubmittedApplicationsPageTest - Clicked on 'New Application' button.
2025-03-27 09:27:57 [main] DEBUG l.i.u.t.SubmittedApplicationsPageTest - Selected the 'RadioButtonFA' option.
2025-03-27 09:27:57 [main] DEBUG l.i.u.t.SubmittedApplicationsPageTest - Entered phone number: '61298745'.
2025-03-27 09:27:57 [main] DEBUG l.i.u.t.SubmittedApplicationsPageTest - Entered email: 'test@autotest.com'.
2025-03-27 09:27:57 [main] INFO  l.i.u.p.SubmittedApplicationsPage - Clicking on the dropdown button.
2025-03-27 09:28:14 [main] INFO  l.i.u.p.SubmittedApplicationsPage - Found 1741 options in the dropdown.
2025-03-27 09:28:14 [main] DEBUG l.i.u.p.SubmittedApplicationsPage - Checking option: ''
2025-03-27 09:28:14 [main] DEBUG l.i.u.p.SubmittedApplicationsPage - Checking option: '01.11 - Grūdinių (išskyrus ryžius), ankštinių ir aliejingų sėklų augalų auginimas'
2025-03-27 09:28:14 [main] INFO  l.i.u.p.SubmittedApplicationsPage - Successfully selected the value: '01.11 - Grūdinių (išskyrus ryžius), ankštinių ir aliejingų sėklų augalų auginimas'
2025-03-27 09:28:14 [main] INFO  l.i.u.p.SubmittedApplicationsPage - Attempting to close the dropdown.
2025-03-27 09:28:15 [main] DEBUG l.i.u.t.SubmittedApplicationsPageTest - Selected EVRK value: '01.11 - Grūdinių (išskyrus ryžius), ankštinių ir aliejingų sėklų augalų auginimas'.
2025-03-27 09:28:15 [main] DEBUG l.i.u.t.SubmittedApplicationsPageTest - Clicked on 'Address Component' button.
2025-03-27 09:28:15 [main] INFO  l.i.u.p.SubmittedApplicationsPage - Located the dropdown button.
2025-03-27 09:28:18 [main] INFO  l.i.u.p.SubmittedApplicationsPage - Successfully selected the value: 'Lietuva'
2025-03-27 09:28:18 [main] DEBUG l.i.u.t.SubmittedApplicationsPageTest - Selected country: 'Lietuva'.
2025-03-27 09:28:18 [main] INFO  l.i.u.p.SubmittedApplicationsPage - Located the dropdown search field.
2025-03-27 09:28:18 [main] INFO  l.i.u.p.SubmittedApplicationsPage - Dropdown city is opened.
2025-03-27 09:28:19 [main] INFO  l.i.u.p.SubmittedApplicationsPage - Searched for value: 'Vilnius'
2025-03-27 09:28:20 [main] INFO  l.i.u.p.SubmittedApplicationsPage - Successfully selected: 'Vilnius'
2025-03-27 09:28:20 [main] INFO  l.i.u.p.SubmittedApplicationsPage - Located the dropdown button.
2025-03-27 09:28:20 [main] INFO  l.i.u.p.SubmittedApplicationsPage - Successfully selected the value: 'A. Domaševičiaus g.'
2025-03-27 09:28:20 [main] DEBUG l.i.u.t.SubmittedApplicationsPageTest - Selected street: 'A. Domaševičiaus g.'.
2025-03-27 09:28:20 [main] INFO  l.i.u.p.SubmittedApplicationsPage - Located the dropdown button.
2025-03-27 09:28:21 [main] INFO  l.i.u.p.SubmittedApplicationsPage - Successfully selected the value: '1'
2025-03-27 09:28:21 [main] DEBUG l.i.u.t.SubmittedApplicationsPageTest - Selected house: '1'.
2025-03-27 09:28:21 [main] INFO  l.i.u.p.SubmittedApplicationsPage - Located the dropdown button.
2025-03-27 09:28:21 [main] INFO  l.i.u.p.SubmittedApplicationsPage - Successfully selected the value: '1'
2025-03-27 09:28:21 [main] DEBUG l.i.u.t.SubmittedApplicationsPageTest - Selected apartment: '1'.
2025-03-27 09:28:21 [main] DEBUG l.i.u.t.SubmittedApplicationsPageTest - Clicked 'Confirm' button.
2025-03-27 09:28:21 [main] DEBUG l.i.u.t.SubmittedApplicationsPageTest - Entered project date.
2025-03-27 09:28:21 [main] DEBUG l.i.u.t.SubmittedApplicationsPageTest - Entered job count: '1'.
2025-03-27 09:28:22 [main] DEBUG l.i.u.t.SubmittedApplicationsPageTest - Clicked 'Next' button.
2025-03-27 09:28:22 [main] INFO  l.i.u.p.SubmittedApplicationsPage - Located the dropdown button.
2025-03-27 09:28:22 [main] INFO  l.i.u.p.SubmittedApplicationsPage - Successfully selected the value: 'Administratoriai'
2025-03-27 09:28:22 [main] DEBUG l.i.u.t.SubmittedApplicationsPageTest - Selected job name: 'Administratoriai'.
2025-03-27 09:28:23 [main] DEBUG l.i.u.t.SubmittedApplicationsPageTest - Entered job function: 'Funkcija 1'.
2025-03-27 09:28:23 [main] DEBUG l.i.u.t.SubmittedApplicationsPageTest - Selected 'RadioButtonWithDisabilities' option.
2025-03-27 09:28:23 [main] INFO  l.i.u.p.SubmittedApplicationsPage - Clicking on the dropdown button.
2025-03-27 09:28:23 [main] INFO  l.i.u.p.SubmittedApplicationsPage - Found 34 options in the dropdown.
2025-03-27 09:28:23 [main] DEBUG l.i.u.p.SubmittedApplicationsPage - Checking option: 'Asmenys, kuriems suteiktas pabėgėlio statusas ar perkeliamojo asmens statusas, arba asmenys, kuriems suteikta papildoma ar laikinoji apsauga, ir asmenys, turintys teisę gauti laikinąją apsaugą, iki sprendimo dėl laikinosios apsaugos suteikimo (nesuteikimo) priėmimo, tačiau ne ilgiau kaip laikinosios apsaugos laikotarpiu'
2025-03-27 09:28:23 [main] DEBUG l.i.u.p.SubmittedApplicationsPage - Checking option: 'Asmenys, kuriems suteiktas pabėgėlio statusas ar perkeliamojo asmens statusas, arba asmenys, kuriems suteikta papildoma ar laikinoji apsauga, ir asmenys, turintys teisę gauti laikinąją apsaugą, iki sprendimo dėl laikinosios apsaugos suteikimo (nesuteikimo) priėmimo, tačiau ne ilgiau kaip laikinosios apsaugos laikotarpiu'
2025-03-27 09:28:23 [main] DEBUG l.i.u.p.SubmittedApplicationsPage - Checking option: 'Asmenys, turintys teisę į papildomas užimtumo garantijas pagal Lietuvos Respublikos valstybės įmonės Ignalinos atominės elektrinės darbuotojų papildomų užimtumo ir socialinių garantijų įstatymą'
2025-03-27 09:28:24 [main] DEBUG l.i.u.p.SubmittedApplicationsPage - Checking option: 'Asmenys, turintys teisę į papildomas užimtumo garantijas pagal Lietuvos Respublikos valstybės įmonės Ignalinos atominės elektrinės darbuotojų papildomų užimtumo ir socialinių garantijų įstatymą'
2025-03-27 09:28:24 [main] DEBUG l.i.u.p.SubmittedApplicationsPage - Checking option: 'Bedarbiai iki 29 metų'
2025-03-27 09:28:24 [main] DEBUG l.i.u.p.SubmittedApplicationsPage - Checking option: 'Bedarbiai iki 29 metų'
2025-03-27 09:28:24 [main] DEBUG l.i.u.p.SubmittedApplicationsPage - Checking option: 'Bedarbiai, kurie yra darbingo amžiaus neįgalieji, kuriems nustatytas 30–40 procentų darbingumo lygis arba vidutinis neįgalumo lygis'
2025-03-27 09:28:24 [main] DEBUG l.i.u.p.SubmittedApplicationsPage - Checking option: 'Bedarbiai, kurie yra darbingo amžiaus neįgalieji, kuriems nustatytas 30–40 procentų darbingumo lygis arba vidutinis neįgalumo lygis'
2025-03-27 09:28:24 [main] DEBUG l.i.u.p.SubmittedApplicationsPage - Checking option: 'Bedarbiai, kurie yra darbingo amžiaus neįgalieji, kuriems nustatytas 45–55 procentų darbingumo lygis arba lengvas neįgalumo lygis'
2025-03-27 09:28:24 [main] DEBUG l.i.u.p.SubmittedApplicationsPage - Checking option: 'Bedarbiai, kurie yra darbingo amžiaus neįgalieji, kuriems nustatytas 45–55 procentų darbingumo lygis arba lengvas neįgalumo lygis'
2025-03-27 09:28:24 [main] DEBUG l.i.u.p.SubmittedApplicationsPage - Checking option: 'Bedarbiai, kurie yra darbingo amžiaus neįgalieji, kuriems nustatytas iki 25 procentų darbingumo lygis arba sunkus neįgalumo lygis'
2025-03-27 09:28:24 [main] INFO  l.i.u.p.SubmittedApplicationsPage - Successfully selected the value: 'Bedarbiai, kurie yra darbingo amžiaus neįgalieji, kuriems nustatytas iki 25 procentų darbingumo lygis arba sunkus neįgalumo lygis'
2025-03-27 09:28:24 [main] INFO  l.i.u.p.SubmittedApplicationsPage - Attempting to close the dropdown.
2025-03-27 09:28:24 [main] DEBUG l.i.u.t.SubmittedApplicationsPageTest - Selected disabilities type: 'Bedarbiai, kurie yra darbingo amžiaus neįgalieji, kuriems nustatytas iki 25 procentų darbingumo lygis arba sunkus neįgalumo lygis'.
2025-03-27 09:28:25 [main] DEBUG l.i.u.t.SubmittedApplicationsPageTest - Entered disability information: 'Negalia 1'.
2025-03-27 09:28:25 [main] INFO  l.i.u.p.SubmittedApplicationsPage - Located the dropdown button.
2025-03-27 09:28:26 [main] INFO  l.i.u.p.SubmittedApplicationsPage - Successfully selected the value: 'Kita'
2025-03-27 09:28:26 [main] DEBUG l.i.u.t.SubmittedApplicationsPageTest - Selected time mode: 'Kita'.
2025-03-27 09:28:26 [main] DEBUG l.i.u.t.SubmittedApplicationsPageTest - Selected time mode other: '6 val. per dieną ir 4 d. per savaitę'.
2025-03-27 09:28:26 [main] DEBUG l.i.u.t.SubmittedApplicationsPageTest - Entered qualification: 'Kvalifikacija 1'.
2025-03-27 09:28:26 [main] DEBUG l.i.u.t.SubmittedApplicationsPageTest - Entered job date.
2025-03-27 09:28:27 [main] DEBUG l.i.u.t.SubmittedApplicationsPageTest - Entered salary amount: '1200'.
2025-03-27 09:28:27 [main] DEBUG l.i.u.t.SubmittedApplicationsPageTest - Entered salary description: 'Užmokestis 1'.
2025-03-27 09:28:27 [main] DEBUG l.i.u.t.SubmittedApplicationsPageTest - Selected 'Temporary Job' radio button.
2025-03-27 09:28:27 [main] DEBUG l.i.u.t.SubmittedApplicationsPageTest - Selected 'Season Job' radio button.
2025-03-27 09:28:27 [main] DEBUG l.i.u.t.SubmittedApplicationsPageTest - Selected 'Energy' radio button.
2025-03-27 09:28:27 [main] DEBUG l.i.u.t.SubmittedApplicationsPageTest - Selected 'Repair' radio button.
2025-03-27 09:28:28 [main] DEBUG l.i.u.t.SubmittedApplicationsPageTest - Entered job description: 'Veikla 1'.
2025-03-27 09:28:28 [main] DEBUG l.i.u.t.SubmittedApplicationsPageTest - Entered process description: 'Procesas 1'.
2025-03-27 09:28:28 [main] DEBUG l.i.u.t.SubmittedApplicationsPageTest - Entered energy information: 'Energija 1'.
2025-03-27 09:28:28 [main] DEBUG l.i.u.t.SubmittedApplicationsPageTest - Entered repair information: 'Remontas 1'.
2025-03-27 09:28:29 [main] DEBUG l.i.u.t.SubmittedApplicationsPageTest - Selected 'PVM' radio button.
2025-03-27 09:28:29 [main] INFO  l.i.u.p.SubmittedApplicationsPage - Located the dropdown button.
2025-03-27 09:28:29 [main] INFO  l.i.u.p.SubmittedApplicationsPage - Successfully selected the value: 'Įsigyti'
2025-03-27 09:28:29 [main] DEBUG l.i.u.t.SubmittedApplicationsPageTest - Selected necessary for job: 'Įsigyti'.
2025-03-27 09:28:30 [main] DEBUG l.i.u.t.SubmittedApplicationsPageTest - Selected tool: 'Darbo priemonė 1'.
2025-03-27 09:28:30 [main] DEBUG l.i.u.t.SubmittedApplicationsPageTest - Selected tool parameter one: 'Darbo priemonės 1 parametras 1'.
2025-03-27 09:28:30 [main] DEBUG l.i.u.t.SubmittedApplicationsPageTest - Selected tool parameter two: 'Darbo priemonės 1 parametras 2'.
2025-03-27 09:28:30 [main] DEBUG l.i.u.t.SubmittedApplicationsPageTest - Selected tool parameter three: 'Darbo priemonės 1 parametras 3'.
2025-03-27 09:28:31 [main] DEBUG l.i.u.t.SubmittedApplicationsPageTest - Entered tool count: '1'.
2025-03-27 09:28:31 [main] DEBUG l.i.u.t.SubmittedApplicationsPageTest - Entered price amount 1: '1000'.
2025-03-27 09:28:33 [main] DEBUG l.i.u.t.SubmittedApplicationsPageTest - Entered own funds amount 1: '800'.
2025-03-27 09:28:35 [main] DEBUG l.i.u.t.SubmittedApplicationsPageTest - Clicked 'Add' button.
2025-03-27 09:28:35 [main] INFO  l.i.u.p.SubmittedApplicationsPage - Located the dropdown button.
2025-03-27 09:28:36 [main] INFO  l.i.u.p.SubmittedApplicationsPage - Successfully selected the value: 'Remontuoti'
2025-03-27 09:28:36 [main] DEBUG l.i.u.t.SubmittedApplicationsPageTest - Selected necessary for job 'to repair': 'Remontuoti'.
2025-03-27 09:28:36 [main] DEBUG l.i.u.t.SubmittedApplicationsPageTest - Selected repair name: 'Remonto pavadinimas 1'.
2025-03-27 09:28:36 [main] DEBUG l.i.u.t.SubmittedApplicationsPageTest - Entered repair information: 'Remonto aprašymas 1'.
2025-03-27 09:28:36 [main] DEBUG l.i.u.t.SubmittedApplicationsPageTest - Entered price amount 2: '1000'.
2025-03-27 09:28:39 [main] DEBUG l.i.u.t.SubmittedApplicationsPageTest - Entered own funds amount 2: '900'.
2025-03-27 09:28:41 [main] DEBUG l.i.u.t.SubmittedApplicationsPageTest - Entered country percentage: '50'.
2025-03-27 09:28:41 [main] DEBUG l.i.u.t.SubmittedApplicationsPageTest - Entered institution percentage: '50'.
2025-03-27 09:28:41 [main] DEBUG l.i.u.t.SubmittedApplicationsPageTest - Entered municipality percentage: '50'.
2025-03-27 09:28:41 [main] DEBUG l.i.u.t.SubmittedApplicationsPageTest - Selected 'De Minimis' radio button.
2025-03-27 09:28:41 [main] DEBUG l.i.u.t.SubmittedApplicationsPageTest - Entered program name: 'Programa 1'.
2025-03-27 09:28:41 [main] DEBUG l.i.u.t.SubmittedApplicationsPageTest - Entered project date from.
2025-03-27 09:28:42 [main] DEBUG l.i.u.t.SubmittedApplicationsPageTest - Entered project date until.
2025-03-27 09:28:42 [main] DEBUG l.i.u.t.SubmittedApplicationsPageTest - Entered support amount: '2000'.
2025-03-27 09:28:42 [main] DEBUG l.i.u.t.SubmittedApplicationsPageTest - Clicked 'Next' button.
2025-03-27 09:28:52 [main] DEBUG l.i.u.t.SubmittedApplicationsPageTest - Checked 'Legal Entities' checkbox 1.
2025-03-27 09:30:34 [main] INFO  lt.insoft.uztis.tests.UztisPageTest - Navigated to https://uztisdev.asseco.lt/home
2025-03-27 09:30:34 [main] INFO  l.i.u.t.SubmittedApplicationsPageTest - Starting test:'testFillNewVUIPApplicationFA'
2025-03-27 09:30:34 [main] DEBUG l.i.u.t.SubmittedApplicationsPageTest - User logged in with test credentials.
2025-03-27 09:30:35 [main] DEBUG l.i.u.t.SubmittedApplicationsPageTest - Opened 'Application Processing' menu.
2025-03-27 09:30:35 [main] DEBUG l.i.u.t.SubmittedApplicationsPageTest - Clicked on 'Application Forms' menu.
2025-03-27 09:30:35 [main] DEBUG l.i.u.t.SubmittedApplicationsPageTest - Retrieved last description code text: 'TST-VUI-75'.
2025-03-27 09:30:35 [main] DEBUG l.i.u.t.SubmittedApplicationsPageTest - Clicked on 'Invitation' menu.
2025-03-27 09:30:37 [main] DEBUG l.i.u.t.SubmittedApplicationsPageTest - Selected application section by code: 'TST-VUI-75'.
2025-03-27 09:30:37 [main] DEBUG l.i.u.t.SubmittedApplicationsPageTest - Clicked 'Search' button.
2025-03-27 09:30:37 [main] DEBUG l.i.u.t.SubmittedApplicationsPageTest - Retrieved invitation code: ''.
2025-03-27 09:30:37 [main] DEBUG l.i.u.t.SubmittedApplicationsPageTest - Clicked on 'Submitted Applications' menu.
2025-03-27 09:30:39 [main] DEBUG l.i.u.t.SubmittedApplicationsPageTest - Selected invitation by code: 'TST-VUI-75'.
2025-03-27 09:30:39 [main] DEBUG l.i.u.t.SubmittedApplicationsPageTest - Invitation code inserted.
2025-03-27 09:30:39 [main] DEBUG l.i.u.t.SubmittedApplicationsPageTest - Clicked on 'Action Application' button.
2025-03-27 09:30:39 [main] DEBUG l.i.u.t.SubmittedApplicationsPageTest - Clicked on 'New Application' button.
2025-03-27 09:30:39 [main] DEBUG l.i.u.t.SubmittedApplicationsPageTest - Selected the 'RadioButtonFA' option.
2025-03-27 09:30:40 [main] DEBUG l.i.u.t.SubmittedApplicationsPageTest - Entered phone number: '61298745'.
2025-03-27 09:30:40 [main] DEBUG l.i.u.t.SubmittedApplicationsPageTest - Entered email: 'test@autotest.com'.
2025-03-27 09:30:40 [main] INFO  l.i.u.p.SubmittedApplicationsPage - Clicking on the dropdown button.
2025-03-27 09:30:57 [main] INFO  l.i.u.p.SubmittedApplicationsPage - Found 1741 options in the dropdown.
2025-03-27 09:30:57 [main] DEBUG l.i.u.p.SubmittedApplicationsPage - Checking option: ''
2025-03-27 09:30:57 [main] DEBUG l.i.u.p.SubmittedApplicationsPage - Checking option: '01.11 - Grūdinių (išskyrus ryžius), ankštinių ir aliejingų sėklų augalų auginimas'
2025-03-27 09:30:57 [main] INFO  l.i.u.p.SubmittedApplicationsPage - Successfully selected the value: '01.11 - Grūdinių (išskyrus ryžius), ankštinių ir aliejingų sėklų augalų auginimas'
2025-03-27 09:30:57 [main] INFO  l.i.u.p.SubmittedApplicationsPage - Attempting to close the dropdown.
2025-03-27 09:30:57 [main] DEBUG l.i.u.t.SubmittedApplicationsPageTest - Selected EVRK value: '01.11 - Grūdinių (išskyrus ryžius), ankštinių ir aliejingų sėklų augalų auginimas'.
2025-03-27 09:30:58 [main] DEBUG l.i.u.t.SubmittedApplicationsPageTest - Clicked on 'Address Component' button.
2025-03-27 09:30:58 [main] INFO  l.i.u.p.SubmittedApplicationsPage - Located the dropdown button.
2025-03-27 09:31:01 [main] INFO  l.i.u.p.SubmittedApplicationsPage - Successfully selected the value: 'Lietuva'
2025-03-27 09:31:01 [main] DEBUG l.i.u.t.SubmittedApplicationsPageTest - Selected country: 'Lietuva'.
2025-03-27 09:31:01 [main] INFO  l.i.u.p.SubmittedApplicationsPage - Located the dropdown search field.
2025-03-27 09:31:01 [main] INFO  l.i.u.p.SubmittedApplicationsPage - Dropdown city is opened.
2025-03-27 09:31:02 [main] INFO  l.i.u.p.SubmittedApplicationsPage - Searched for value: 'Vilnius'
2025-03-27 09:31:03 [main] INFO  l.i.u.p.SubmittedApplicationsPage - Successfully selected: 'Vilnius'
2025-03-27 09:31:03 [main] INFO  l.i.u.p.SubmittedApplicationsPage - Located the dropdown button.
2025-03-27 09:31:03 [main] INFO  l.i.u.p.SubmittedApplicationsPage - Successfully selected the value: 'A. Domaševičiaus g.'
2025-03-27 09:31:03 [main] DEBUG l.i.u.t.SubmittedApplicationsPageTest - Selected street: 'A. Domaševičiaus g.'.
2025-03-27 09:31:03 [main] INFO  l.i.u.p.SubmittedApplicationsPage - Located the dropdown button.
2025-03-27 09:31:03 [main] INFO  l.i.u.p.SubmittedApplicationsPage - Successfully selected the value: '1'
2025-03-27 09:31:03 [main] DEBUG l.i.u.t.SubmittedApplicationsPageTest - Selected house: '1'.
2025-03-27 09:31:03 [main] INFO  l.i.u.p.SubmittedApplicationsPage - Located the dropdown button.
2025-03-27 09:31:04 [main] INFO  l.i.u.p.SubmittedApplicationsPage - Successfully selected the value: '1'
2025-03-27 09:31:04 [main] DEBUG l.i.u.t.SubmittedApplicationsPageTest - Selected apartment: '1'.
2025-03-27 09:31:04 [main] DEBUG l.i.u.t.SubmittedApplicationsPageTest - Clicked 'Confirm' button.
2025-03-27 09:31:04 [main] DEBUG l.i.u.t.SubmittedApplicationsPageTest - Entered project date.
2025-03-27 09:31:04 [main] DEBUG l.i.u.t.SubmittedApplicationsPageTest - Entered job count: '1'.
2025-03-27 09:31:04 [main] DEBUG l.i.u.t.SubmittedApplicationsPageTest - Clicked 'Next' button.
2025-03-27 09:31:04 [main] INFO  l.i.u.p.SubmittedApplicationsPage - Located the dropdown button.
2025-03-27 09:31:05 [main] INFO  l.i.u.p.SubmittedApplicationsPage - Successfully selected the value: 'Administratoriai'
2025-03-27 09:31:05 [main] DEBUG l.i.u.t.SubmittedApplicationsPageTest - Selected job name: 'Administratoriai'.
2025-03-27 09:31:05 [main] DEBUG l.i.u.t.SubmittedApplicationsPageTest - Entered job function: 'Funkcija 1'.
2025-03-27 09:31:06 [main] DEBUG l.i.u.t.SubmittedApplicationsPageTest - Selected 'RadioButtonWithDisabilities' option.
2025-03-27 09:31:06 [main] INFO  l.i.u.p.SubmittedApplicationsPage - Clicking on the dropdown button.
2025-03-27 09:31:06 [main] INFO  l.i.u.p.SubmittedApplicationsPage - Found 34 options in the dropdown.
2025-03-27 09:31:06 [main] DEBUG l.i.u.p.SubmittedApplicationsPage - Checking option: 'Asmenys, kuriems suteiktas pabėgėlio statusas ar perkeliamojo asmens statusas, arba asmenys, kuriems suteikta papildoma ar laikinoji apsauga, ir asmenys, turintys teisę gauti laikinąją apsaugą, iki sprendimo dėl laikinosios apsaugos suteikimo (nesuteikimo) priėmimo, tačiau ne ilgiau kaip laikinosios apsaugos laikotarpiu'
2025-03-27 09:31:06 [main] DEBUG l.i.u.p.SubmittedApplicationsPage - Checking option: 'Asmenys, kuriems suteiktas pabėgėlio statusas ar perkeliamojo asmens statusas, arba asmenys, kuriems suteikta papildoma ar laikinoji apsauga, ir asmenys, turintys teisę gauti laikinąją apsaugą, iki sprendimo dėl laikinosios apsaugos suteikimo (nesuteikimo) priėmimo, tačiau ne ilgiau kaip laikinosios apsaugos laikotarpiu'
2025-03-27 09:31:06 [main] DEBUG l.i.u.p.SubmittedApplicationsPage - Checking option: 'Asmenys, turintys teisę į papildomas užimtumo garantijas pagal Lietuvos Respublikos valstybės įmonės Ignalinos atominės elektrinės darbuotojų papildomų užimtumo ir socialinių garantijų įstatymą'
2025-03-27 09:31:06 [main] DEBUG l.i.u.p.SubmittedApplicationsPage - Checking option: 'Asmenys, turintys teisę į papildomas užimtumo garantijas pagal Lietuvos Respublikos valstybės įmonės Ignalinos atominės elektrinės darbuotojų papildomų užimtumo ir socialinių garantijų įstatymą'
2025-03-27 09:31:06 [main] DEBUG l.i.u.p.SubmittedApplicationsPage - Checking option: 'Bedarbiai iki 29 metų'
2025-03-27 09:31:06 [main] DEBUG l.i.u.p.SubmittedApplicationsPage - Checking option: 'Bedarbiai iki 29 metų'
2025-03-27 09:31:06 [main] DEBUG l.i.u.p.SubmittedApplicationsPage - Checking option: 'Bedarbiai, kurie yra darbingo amžiaus neįgalieji, kuriems nustatytas 30–40 procentų darbingumo lygis arba vidutinis neįgalumo lygis'
2025-03-27 09:31:06 [main] DEBUG l.i.u.p.SubmittedApplicationsPage - Checking option: 'Bedarbiai, kurie yra darbingo amžiaus neįgalieji, kuriems nustatytas 30–40 procentų darbingumo lygis arba vidutinis neįgalumo lygis'
2025-03-27 09:31:06 [main] DEBUG l.i.u.p.SubmittedApplicationsPage - Checking option: 'Bedarbiai, kurie yra darbingo amžiaus neįgalieji, kuriems nustatytas 45–55 procentų darbingumo lygis arba lengvas neįgalumo lygis'
2025-03-27 09:31:06 [main] DEBUG l.i.u.p.SubmittedApplicationsPage - Checking option: 'Bedarbiai, kurie yra darbingo amžiaus neįgalieji, kuriems nustatytas 45–55 procentų darbingumo lygis arba lengvas neįgalumo lygis'
2025-03-27 09:31:06 [main] DEBUG l.i.u.p.SubmittedApplicationsPage - Checking option: 'Bedarbiai, kurie yra darbingo amžiaus neįgalieji, kuriems nustatytas iki 25 procentų darbingumo lygis arba sunkus neįgalumo lygis'
2025-03-27 09:31:07 [main] INFO  l.i.u.p.SubmittedApplicationsPage - Successfully selected the value: 'Bedarbiai, kurie yra darbingo amžiaus neįgalieji, kuriems nustatytas iki 25 procentų darbingumo lygis arba sunkus neįgalumo lygis'
2025-03-27 09:31:07 [main] INFO  l.i.u.p.SubmittedApplicationsPage - Attempting to close the dropdown.
2025-03-27 09:31:07 [main] DEBUG l.i.u.t.SubmittedApplicationsPageTest - Selected disabilities type: 'Bedarbiai, kurie yra darbingo amžiaus neįgalieji, kuriems nustatytas iki 25 procentų darbingumo lygis arba sunkus neįgalumo lygis'.
2025-03-27 09:31:07 [main] DEBUG l.i.u.t.SubmittedApplicationsPageTest - Entered disability information: 'Negalia 1'.
2025-03-27 09:31:07 [main] INFO  l.i.u.p.SubmittedApplicationsPage - Located the dropdown button.
2025-03-27 09:31:08 [main] INFO  l.i.u.p.SubmittedApplicationsPage - Successfully selected the value: 'Kita'
2025-03-27 09:31:08 [main] DEBUG l.i.u.t.SubmittedApplicationsPageTest - Selected time mode: 'Kita'.
2025-03-27 09:31:08 [main] DEBUG l.i.u.t.SubmittedApplicationsPageTest - Selected time mode other: '6 val. per dieną ir 4 d. per savaitę'.
2025-03-27 09:31:08 [main] DEBUG l.i.u.t.SubmittedApplicationsPageTest - Entered qualification: 'Kvalifikacija 1'.
2025-03-27 09:31:09 [main] DEBUG l.i.u.t.SubmittedApplicationsPageTest - Entered job date.
2025-03-27 09:31:09 [main] DEBUG l.i.u.t.SubmittedApplicationsPageTest - Entered salary amount: '1200'.
2025-03-27 09:31:09 [main] DEBUG l.i.u.t.SubmittedApplicationsPageTest - Entered salary description: 'Užmokestis 1'.
2025-03-27 09:31:09 [main] DEBUG l.i.u.t.SubmittedApplicationsPageTest - Selected 'Temporary Job' radio button.
2025-03-27 09:31:09 [main] DEBUG l.i.u.t.SubmittedApplicationsPageTest - Selected 'Season Job' radio button.
2025-03-27 09:31:10 [main] DEBUG l.i.u.t.SubmittedApplicationsPageTest - Selected 'Energy' radio button.
2025-03-27 09:31:10 [main] DEBUG l.i.u.t.SubmittedApplicationsPageTest - Selected 'Repair' radio button.
2025-03-27 09:31:10 [main] DEBUG l.i.u.t.SubmittedApplicationsPageTest - Entered job description: 'Veikla 1'.
2025-03-27 09:31:10 [main] DEBUG l.i.u.t.SubmittedApplicationsPageTest - Entered process description: 'Procesas 1'.
2025-03-27 09:31:10 [main] DEBUG l.i.u.t.SubmittedApplicationsPageTest - Entered energy information: 'Energija 1'.
2025-03-27 09:31:11 [main] DEBUG l.i.u.t.SubmittedApplicationsPageTest - Entered repair information: 'Remontas 1'.
2025-03-27 09:31:11 [main] DEBUG l.i.u.t.SubmittedApplicationsPageTest - Selected 'PVM' radio button.
2025-03-27 09:31:11 [main] INFO  l.i.u.p.SubmittedApplicationsPage - Located the dropdown button.
2025-03-27 09:31:12 [main] INFO  l.i.u.p.SubmittedApplicationsPage - Successfully selected the value: 'Įsigyti'
2025-03-27 09:31:12 [main] DEBUG l.i.u.t.SubmittedApplicationsPageTest - Selected necessary for job: 'Įsigyti'.
2025-03-27 09:31:12 [main] DEBUG l.i.u.t.SubmittedApplicationsPageTest - Selected tool: 'Darbo priemonė 1'.
2025-03-27 09:31:12 [main] DEBUG l.i.u.t.SubmittedApplicationsPageTest - Selected tool parameter one: 'Darbo priemonės 1 parametras 1'.
2025-03-27 09:31:12 [main] DEBUG l.i.u.t.SubmittedApplicationsPageTest - Selected tool parameter two: 'Darbo priemonės 1 parametras 2'.
2025-03-27 09:31:13 [main] DEBUG l.i.u.t.SubmittedApplicationsPageTest - Selected tool parameter three: 'Darbo priemonės 1 parametras 3'.
2025-03-27 09:31:13 [main] DEBUG l.i.u.t.SubmittedApplicationsPageTest - Entered tool count: '1'.
2025-03-27 09:31:13 [main] DEBUG l.i.u.t.SubmittedApplicationsPageTest - Entered price amount 1: '1000'.
2025-03-27 09:31:15 [main] DEBUG l.i.u.t.SubmittedApplicationsPageTest - Entered own funds amount 1: '800'.
2025-03-27 09:31:18 [main] DEBUG l.i.u.t.SubmittedApplicationsPageTest - Clicked 'Add' button.
2025-03-27 09:31:18 [main] INFO  l.i.u.p.SubmittedApplicationsPage - Located the dropdown button.
2025-03-27 09:31:18 [main] INFO  l.i.u.p.SubmittedApplicationsPage - Successfully selected the value: 'Remontuoti'
2025-03-27 09:31:18 [main] DEBUG l.i.u.t.SubmittedApplicationsPageTest - Selected necessary for job 'to repair': 'Remontuoti'.
2025-03-27 09:31:18 [main] DEBUG l.i.u.t.SubmittedApplicationsPageTest - Selected repair name: 'Remonto pavadinimas 1'.
2025-03-27 09:31:18 [main] DEBUG l.i.u.t.SubmittedApplicationsPageTest - Entered repair information: 'Remonto aprašymas 1'.
2025-03-27 09:31:19 [main] DEBUG l.i.u.t.SubmittedApplicationsPageTest - Entered price amount 2: '1000'.
2025-03-27 09:31:21 [main] DEBUG l.i.u.t.SubmittedApplicationsPageTest - Entered own funds amount 2: '900'.
2025-03-27 09:31:23 [main] DEBUG l.i.u.t.SubmittedApplicationsPageTest - Entered country percentage: '50'.
2025-03-27 09:31:23 [main] DEBUG l.i.u.t.SubmittedApplicationsPageTest - Entered institution percentage: '50'.
2025-03-27 09:31:23 [main] DEBUG l.i.u.t.SubmittedApplicationsPageTest - Entered municipality percentage: '50'.
2025-03-27 09:31:23 [main] DEBUG l.i.u.t.SubmittedApplicationsPageTest - Selected 'De Minimis' radio button.
2025-03-27 09:31:23 [main] DEBUG l.i.u.t.SubmittedApplicationsPageTest - Entered program name: 'Programa 1'.
2025-03-27 09:31:24 [main] DEBUG l.i.u.t.SubmittedApplicationsPageTest - Entered project date from.
2025-03-27 09:31:24 [main] DEBUG l.i.u.t.SubmittedApplicationsPageTest - Entered project date until.
2025-03-27 09:31:24 [main] DEBUG l.i.u.t.SubmittedApplicationsPageTest - Entered support amount: '2000'.
2025-03-27 09:31:24 [main] DEBUG l.i.u.t.SubmittedApplicationsPageTest - Clicked 'Next' button.
2025-03-27 09:32:46 [main] INFO  lt.insoft.uztis.tests.UztisPageTest - Navigated to https://uztisdev.asseco.lt/home
2025-03-27 09:32:46 [main] INFO  l.i.u.t.SubmittedApplicationsPageTest - Starting test:'testFillNewVUIPApplicationFA'
2025-03-27 09:32:47 [main] DEBUG l.i.u.t.SubmittedApplicationsPageTest - User logged in with test credentials.
2025-03-27 09:32:47 [main] DEBUG l.i.u.t.SubmittedApplicationsPageTest - Opened 'Application Processing' menu.
2025-03-27 09:32:47 [main] DEBUG l.i.u.t.SubmittedApplicationsPageTest - Clicked on 'Application Forms' menu.
2025-03-27 09:32:48 [main] DEBUG l.i.u.t.SubmittedApplicationsPageTest - Retrieved last description code text: 'TST-VUI-75'.
2025-03-27 09:32:48 [main] DEBUG l.i.u.t.SubmittedApplicationsPageTest - Clicked on 'Invitation' menu.
2025-03-27 09:32:49 [main] DEBUG l.i.u.t.SubmittedApplicationsPageTest - Selected application section by code: 'TST-VUI-75'.
2025-03-27 09:32:49 [main] DEBUG l.i.u.t.SubmittedApplicationsPageTest - Clicked 'Search' button.
2025-03-27 09:32:49 [main] DEBUG l.i.u.t.SubmittedApplicationsPageTest - Retrieved invitation code: ''.
2025-03-27 09:32:50 [main] DEBUG l.i.u.t.SubmittedApplicationsPageTest - Clicked on 'Submitted Applications' menu.
2025-03-27 09:32:51 [main] DEBUG l.i.u.t.SubmittedApplicationsPageTest - Selected invitation by code: 'TST-VUI-75'.
2025-03-27 09:32:51 [main] DEBUG l.i.u.t.SubmittedApplicationsPageTest - Invitation code inserted.
2025-03-27 09:32:51 [main] DEBUG l.i.u.t.SubmittedApplicationsPageTest - Clicked on 'Action Application' button.
2025-03-27 09:32:52 [main] DEBUG l.i.u.t.SubmittedApplicationsPageTest - Clicked on 'New Application' button.
2025-03-27 09:32:52 [main] DEBUG l.i.u.t.SubmittedApplicationsPageTest - Selected the 'RadioButtonFA' option.
2025-03-27 09:32:52 [main] DEBUG l.i.u.t.SubmittedApplicationsPageTest - Entered phone number: '61298745'.
2025-03-27 09:32:52 [main] DEBUG l.i.u.t.SubmittedApplicationsPageTest - Entered email: 'test@autotest.com'.
2025-03-27 09:32:52 [main] INFO  l.i.u.p.SubmittedApplicationsPage - Clicking on the dropdown button.
2025-03-27 09:33:09 [main] INFO  l.i.u.p.SubmittedApplicationsPage - Found 1741 options in the dropdown.
2025-03-27 09:33:09 [main] DEBUG l.i.u.p.SubmittedApplicationsPage - Checking option: ''
2025-03-27 09:33:09 [main] DEBUG l.i.u.p.SubmittedApplicationsPage - Checking option: '01.11 - Grūdinių (išskyrus ryžius), ankštinių ir aliejingų sėklų augalų auginimas'
2025-03-27 09:33:09 [main] INFO  l.i.u.p.SubmittedApplicationsPage - Successfully selected the value: '01.11 - Grūdinių (išskyrus ryžius), ankštinių ir aliejingų sėklų augalų auginimas'
2025-03-27 09:33:09 [main] INFO  l.i.u.p.SubmittedApplicationsPage - Attempting to close the dropdown.
2025-03-27 09:33:10 [main] DEBUG l.i.u.t.SubmittedApplicationsPageTest - Selected EVRK value: '01.11 - Grūdinių (išskyrus ryžius), ankštinių ir aliejingų sėklų augalų auginimas'.
2025-03-27 09:33:10 [main] DEBUG l.i.u.t.SubmittedApplicationsPageTest - Clicked on 'Address Component' button.
2025-03-27 09:33:10 [main] INFO  l.i.u.p.SubmittedApplicationsPage - Located the dropdown button.
2025-03-27 09:33:14 [main] INFO  l.i.u.p.SubmittedApplicationsPage - Successfully selected the value: 'Lietuva'
2025-03-27 09:33:14 [main] DEBUG l.i.u.t.SubmittedApplicationsPageTest - Selected country: 'Lietuva'.
2025-03-27 09:33:14 [main] INFO  l.i.u.p.SubmittedApplicationsPage - Located the dropdown search field.
2025-03-27 09:33:14 [main] INFO  l.i.u.p.SubmittedApplicationsPage - Dropdown city is opened.
2025-03-27 09:33:15 [main] INFO  l.i.u.p.SubmittedApplicationsPage - Searched for value: 'Vilnius'
2025-03-27 09:33:15 [main] INFO  l.i.u.p.SubmittedApplicationsPage - Successfully selected: 'Vilnius'
2025-03-27 09:33:15 [main] INFO  l.i.u.p.SubmittedApplicationsPage - Located the dropdown button.
2025-03-27 09:33:16 [main] INFO  l.i.u.p.SubmittedApplicationsPage - Successfully selected the value: 'A. Domaševičiaus g.'
2025-03-27 09:33:16 [main] DEBUG l.i.u.t.SubmittedApplicationsPageTest - Selected street: 'A. Domaševičiaus g.'.
2025-03-27 09:33:16 [main] INFO  l.i.u.p.SubmittedApplicationsPage - Located the dropdown button.
2025-03-27 09:33:16 [main] INFO  l.i.u.p.SubmittedApplicationsPage - Successfully selected the value: '1'
2025-03-27 09:33:16 [main] DEBUG l.i.u.t.SubmittedApplicationsPageTest - Selected house: '1'.
2025-03-27 09:33:16 [main] INFO  l.i.u.p.SubmittedApplicationsPage - Located the dropdown button.
2025-03-27 09:33:16 [main] INFO  l.i.u.p.SubmittedApplicationsPage - Successfully selected the value: '1'
2025-03-27 09:33:16 [main] DEBUG l.i.u.t.SubmittedApplicationsPageTest - Selected apartment: '1'.
2025-03-27 09:33:17 [main] DEBUG l.i.u.t.SubmittedApplicationsPageTest - Clicked 'Confirm' button.
2025-03-27 09:33:17 [main] DEBUG l.i.u.t.SubmittedApplicationsPageTest - Entered project date.
2025-03-27 09:33:17 [main] DEBUG l.i.u.t.SubmittedApplicationsPageTest - Entered job count: '1'.
2025-03-27 09:33:17 [main] DEBUG l.i.u.t.SubmittedApplicationsPageTest - Clicked 'Next' button.
2025-03-27 09:33:17 [main] INFO  l.i.u.p.SubmittedApplicationsPage - Located the dropdown button.
2025-03-27 09:33:18 [main] INFO  l.i.u.p.SubmittedApplicationsPage - Successfully selected the value: 'Administratoriai'
2025-03-27 09:33:18 [main] DEBUG l.i.u.t.SubmittedApplicationsPageTest - Selected job name: 'Administratoriai'.
2025-03-27 09:33:18 [main] DEBUG l.i.u.t.SubmittedApplicationsPageTest - Entered job function: 'Funkcija 1'.
2025-03-27 09:33:18 [main] DEBUG l.i.u.t.SubmittedApplicationsPageTest - Selected 'RadioButtonWithDisabilities' option.
2025-03-27 09:33:18 [main] INFO  l.i.u.p.SubmittedApplicationsPage - Clicking on the dropdown button.
2025-03-27 09:33:19 [main] INFO  l.i.u.p.SubmittedApplicationsPage - Found 34 options in the dropdown.
2025-03-27 09:33:19 [main] DEBUG l.i.u.p.SubmittedApplicationsPage - Checking option: 'Asmenys, kuriems suteiktas pabėgėlio statusas ar perkeliamojo asmens statusas, arba asmenys, kuriems suteikta papildoma ar laikinoji apsauga, ir asmenys, turintys teisę gauti laikinąją apsaugą, iki sprendimo dėl laikinosios apsaugos suteikimo (nesuteikimo) priėmimo, tačiau ne ilgiau kaip laikinosios apsaugos laikotarpiu'
2025-03-27 09:33:19 [main] DEBUG l.i.u.p.SubmittedApplicationsPage - Checking option: 'Asmenys, kuriems suteiktas pabėgėlio statusas ar perkeliamojo asmens statusas, arba asmenys, kuriems suteikta papildoma ar laikinoji apsauga, ir asmenys, turintys teisę gauti laikinąją apsaugą, iki sprendimo dėl laikinosios apsaugos suteikimo (nesuteikimo) priėmimo, tačiau ne ilgiau kaip laikinosios apsaugos laikotarpiu'
2025-03-27 09:33:19 [main] DEBUG l.i.u.p.SubmittedApplicationsPage - Checking option: 'Asmenys, turintys teisę į papildomas užimtumo garantijas pagal Lietuvos Respublikos valstybės įmonės Ignalinos atominės elektrinės darbuotojų papildomų užimtumo ir socialinių garantijų įstatymą'
2025-03-27 09:33:19 [main] DEBUG l.i.u.p.SubmittedApplicationsPage - Checking option: 'Asmenys, turintys teisę į papildomas užimtumo garantijas pagal Lietuvos Respublikos valstybės įmonės Ignalinos atominės elektrinės darbuotojų papildomų užimtumo ir socialinių garantijų įstatymą'
2025-03-27 09:33:19 [main] DEBUG l.i.u.p.SubmittedApplicationsPage - Checking option: 'Bedarbiai iki 29 metų'
2025-03-27 09:33:19 [main] DEBUG l.i.u.p.SubmittedApplicationsPage - Checking option: 'Bedarbiai iki 29 metų'
2025-03-27 09:33:19 [main] DEBUG l.i.u.p.SubmittedApplicationsPage - Checking option: 'Bedarbiai, kurie yra darbingo amžiaus neįgalieji, kuriems nustatytas 30–40 procentų darbingumo lygis arba vidutinis neįgalumo lygis'
2025-03-27 09:33:19 [main] DEBUG l.i.u.p.SubmittedApplicationsPage - Checking option: 'Bedarbiai, kurie yra darbingo amžiaus neįgalieji, kuriems nustatytas 30–40 procentų darbingumo lygis arba vidutinis neįgalumo lygis'
2025-03-27 09:33:19 [main] DEBUG l.i.u.p.SubmittedApplicationsPage - Checking option: 'Bedarbiai, kurie yra darbingo amžiaus neįgalieji, kuriems nustatytas 45–55 procentų darbingumo lygis arba lengvas neįgalumo lygis'
2025-03-27 09:33:19 [main] DEBUG l.i.u.p.SubmittedApplicationsPage - Checking option: 'Bedarbiai, kurie yra darbingo amžiaus neįgalieji, kuriems nustatytas 45–55 procentų darbingumo lygis arba lengvas neįgalumo lygis'
2025-03-27 09:33:19 [main] DEBUG l.i.u.p.SubmittedApplicationsPage - Checking option: 'Bedarbiai, kurie yra darbingo amžiaus neįgalieji, kuriems nustatytas iki 25 procentų darbingumo lygis arba sunkus neįgalumo lygis'
2025-03-27 09:33:19 [main] INFO  l.i.u.p.SubmittedApplicationsPage - Successfully selected the value: 'Bedarbiai, kurie yra darbingo amžiaus neįgalieji, kuriems nustatytas iki 25 procentų darbingumo lygis arba sunkus neįgalumo lygis'
2025-03-27 09:33:19 [main] INFO  l.i.u.p.SubmittedApplicationsPage - Attempting to close the dropdown.
2025-03-27 09:33:20 [main] DEBUG l.i.u.t.SubmittedApplicationsPageTest - Selected disabilities type: 'Bedarbiai, kurie yra darbingo amžiaus neįgalieji, kuriems nustatytas iki 25 procentų darbingumo lygis arba sunkus neįgalumo lygis'.
2025-03-27 09:33:20 [main] DEBUG l.i.u.t.SubmittedApplicationsPageTest - Entered disability information: 'Negalia 1'.
2025-03-27 09:33:20 [main] INFO  l.i.u.p.SubmittedApplicationsPage - Located the dropdown button.
2025-03-27 09:33:21 [main] INFO  l.i.u.p.SubmittedApplicationsPage - Successfully selected the value: 'Kita'
2025-03-27 09:33:21 [main] DEBUG l.i.u.t.SubmittedApplicationsPageTest - Selected time mode: 'Kita'.
2025-03-27 09:33:21 [main] DEBUG l.i.u.t.SubmittedApplicationsPageTest - Selected time mode other: '6 val. per dieną ir 4 d. per savaitę'.
2025-03-27 09:33:22 [main] DEBUG l.i.u.t.SubmittedApplicationsPageTest - Entered qualification: 'Kvalifikacija 1'.
2025-03-27 09:33:22 [main] DEBUG l.i.u.t.SubmittedApplicationsPageTest - Entered job date.
2025-03-27 09:33:22 [main] DEBUG l.i.u.t.SubmittedApplicationsPageTest - Entered salary amount: '1200'.
2025-03-27 09:33:22 [main] DEBUG l.i.u.t.SubmittedApplicationsPageTest - Entered salary description: 'Užmokestis 1'.
2025-03-27 09:33:23 [main] DEBUG l.i.u.t.SubmittedApplicationsPageTest - Selected 'Temporary Job' radio button.
2025-03-27 09:33:23 [main] DEBUG l.i.u.t.SubmittedApplicationsPageTest - Selected 'Season Job' radio button.
2025-03-27 09:33:23 [main] DEBUG l.i.u.t.SubmittedApplicationsPageTest - Selected 'Energy' radio button.
2025-03-27 09:33:23 [main] DEBUG l.i.u.t.SubmittedApplicationsPageTest - Selected 'Repair' radio button.
2025-03-27 09:33:23 [main] DEBUG l.i.u.t.SubmittedApplicationsPageTest - Entered job description: 'Veikla 1'.
2025-03-27 09:33:24 [main] DEBUG l.i.u.t.SubmittedApplicationsPageTest - Entered process description: 'Procesas 1'.
2025-03-27 09:33:24 [main] DEBUG l.i.u.t.SubmittedApplicationsPageTest - Entered energy information: 'Energija 1'.
2025-03-27 09:33:24 [main] DEBUG l.i.u.t.SubmittedApplicationsPageTest - Entered repair information: 'Remontas 1'.
2025-03-27 09:33:24 [main] DEBUG l.i.u.t.SubmittedApplicationsPageTest - Selected 'PVM' radio button.
2025-03-27 09:33:24 [main] INFO  l.i.u.p.SubmittedApplicationsPage - Located the dropdown button.
2025-03-27 09:33:25 [main] INFO  l.i.u.p.SubmittedApplicationsPage - Successfully selected the value: 'Įsigyti'
2025-03-27 09:33:25 [main] DEBUG l.i.u.t.SubmittedApplicationsPageTest - Selected necessary for job: 'Įsigyti'.
2025-03-27 09:33:25 [main] DEBUG l.i.u.t.SubmittedApplicationsPageTest - Selected tool: 'Darbo priemonė 1'.
2025-03-27 09:33:26 [main] DEBUG l.i.u.t.SubmittedApplicationsPageTest - Selected tool parameter one: 'Darbo priemonės 1 parametras 1'.
2025-03-27 09:33:26 [main] DEBUG l.i.u.t.SubmittedApplicationsPageTest - Selected tool parameter two: 'Darbo priemonės 1 parametras 2'.
2025-03-27 09:33:26 [main] DEBUG l.i.u.t.SubmittedApplicationsPageTest - Selected tool parameter three: 'Darbo priemonės 1 parametras 3'.
2025-03-27 09:33:26 [main] DEBUG l.i.u.t.SubmittedApplicationsPageTest - Entered tool count: '1'.
2025-03-27 09:33:26 [main] DEBUG l.i.u.t.SubmittedApplicationsPageTest - Entered price amount 1: '1000'.
2025-03-27 09:33:29 [main] DEBUG l.i.u.t.SubmittedApplicationsPageTest - Entered own funds amount 1: '800'.
2025-03-27 09:33:31 [main] DEBUG l.i.u.t.SubmittedApplicationsPageTest - Clicked 'Add' button.
2025-03-27 09:33:31 [main] INFO  l.i.u.p.SubmittedApplicationsPage - Located the dropdown button.
2025-03-27 09:33:31 [main] INFO  l.i.u.p.SubmittedApplicationsPage - Successfully selected the value: 'Remontuoti'
2025-03-27 09:33:31 [main] DEBUG l.i.u.t.SubmittedApplicationsPageTest - Selected necessary for job 'to repair': 'Remontuoti'.
2025-03-27 09:33:32 [main] DEBUG l.i.u.t.SubmittedApplicationsPageTest - Selected repair name: 'Remonto pavadinimas 1'.
2025-03-27 09:33:32 [main] DEBUG l.i.u.t.SubmittedApplicationsPageTest - Entered repair information: 'Remonto aprašymas 1'.
2025-03-27 09:33:32 [main] DEBUG l.i.u.t.SubmittedApplicationsPageTest - Entered price amount 2: '1000'.
2025-03-27 09:33:34 [main] DEBUG l.i.u.t.SubmittedApplicationsPageTest - Entered own funds amount 2: '900'.
2025-03-27 09:33:37 [main] DEBUG l.i.u.t.SubmittedApplicationsPageTest - Entered country percentage: '50'.
2025-03-27 09:33:37 [main] DEBUG l.i.u.t.SubmittedApplicationsPageTest - Entered institution percentage: '50'.
2025-03-27 09:33:37 [main] DEBUG l.i.u.t.SubmittedApplicationsPageTest - Entered municipality percentage: '50'.
2025-03-27 09:33:37 [main] DEBUG l.i.u.t.SubmittedApplicationsPageTest - Selected 'De Minimis' radio button.
2025-03-27 09:33:37 [main] DEBUG l.i.u.t.SubmittedApplicationsPageTest - Entered program name: 'Programa 1'.
2025-03-27 09:33:37 [main] DEBUG l.i.u.t.SubmittedApplicationsPageTest - Entered project date from.
2025-03-27 09:33:38 [main] DEBUG l.i.u.t.SubmittedApplicationsPageTest - Entered project date until.
2025-03-27 09:33:38 [main] DEBUG l.i.u.t.SubmittedApplicationsPageTest - Entered support amount: '2000'.
2025-03-27 09:34:08 [main] ERROR l.i.u.t.SubmittedApplicationsPageTest - Test 'testFillNewVUIApplicationFA' failed with error: no such element: Unable to locate element: {"method":"xpath","selector":"(//div[contains(@class, 'mdc-checkbox')]//input[@type='checkbox'])[1]"}
  (Session info: chrome=134.0.6998.166)
For documentation on this error, please visit: https://www.selenium.dev/documentation/webdriver/troubleshooting/errors#no-such-element-exception
Build info: version: '4.27.0', revision: 'd6e718d134'
System info: os.name: 'Windows 11', os.arch: 'amd64', os.version: '10.0', java.version: '21.0.3'
Driver info: org.openqa.selenium.chrome.ChromeDriver
Command: [0078b7fdcec668917d9866e1392acb76, findElement {using=xpath, value=(//div[contains(@class, 'mdc-checkbox')]//input[@type='checkbox'])[1]}]
Capabilities {acceptInsecureCerts: false, browserName: chrome, browserVersion: 134.0.6998.166, chrome: {chromedriverVersion: 134.0.6998.165 (fd886e2cb29..., userDataDir: C:\Users\INGRID~1.ZAD\AppDa...}, fedcm:accounts: true, goog:chromeOptions: {debuggerAddress: localhost:54110}, networkConnectionEnabled: false, pageLoadStrategy: normal, platformName: windows, proxy: Proxy(), se:cdp: ws://localhost:54110/devtoo..., se:cdpVersion: 134.0.6998.166, setWindowRect: true, strictFileInteractability: false, timeouts: {implicit: 0, pageLoad: 300000, script: 30000}, unhandledPromptBehavior: dismiss and notify, webauthn:extension:credBlob: true, webauthn:extension:largeBlob: true, webauthn:extension:minPinLength: true, webauthn:extension:prf: true, webauthn:virtualAuthenticators: true}
Session ID: 0078b7fdcec668917d9866e1392acb76
org.openqa.selenium.NoSuchElementException: no such element: Unable to locate element: {"method":"xpath","selector":"(//div[contains(@class, 'mdc-checkbox')]//input[@type='checkbox'])[1]"}
  (Session info: chrome=134.0.6998.166)
For documentation on this error, please visit: https://www.selenium.dev/documentation/webdriver/troubleshooting/errors#no-such-element-exception
Build info: version: '4.27.0', revision: 'd6e718d134'
System info: os.name: 'Windows 11', os.arch: 'amd64', os.version: '10.0', java.version: '21.0.3'
Driver info: org.openqa.selenium.chrome.ChromeDriver
Command: [0078b7fdcec668917d9866e1392acb76, findElement {using=xpath, value=(//div[contains(@class, 'mdc-checkbox')]//input[@type='checkbox'])[1]}]
Capabilities {acceptInsecureCerts: false, browserName: chrome, browserVersion: 134.0.6998.166, chrome: {chromedriverVersion: 134.0.6998.165 (fd886e2cb29..., userDataDir: C:\Users\INGRID~1.ZAD\AppDa...}, fedcm:accounts: true, goog:chromeOptions: {debuggerAddress: localhost:54110}, networkConnectionEnabled: false, pageLoadStrategy: normal, platformName: windows, proxy: Proxy(), se:cdp: ws://localhost:54110/devtoo..., se:cdpVersion: 134.0.6998.166, setWindowRect: true, strictFileInteractability: false, timeouts: {implicit: 0, pageLoad: 300000, script: 30000}, unhandledPromptBehavior: dismiss and notify, webauthn:extension:credBlob: true, webauthn:extension:largeBlob: true, webauthn:extension:minPinLength: true, webauthn:extension:prf: true, webauthn:virtualAuthenticators: true}
Session ID: 0078b7fdcec668917d9866e1392acb76
	at java.base/jdk.internal.reflect.DirectConstructorHandleAccessor.newInstance(DirectConstructorHandleAccessor.java:62)
	at java.base/java.lang.reflect.Constructor.newInstanceWithCaller(Constructor.java:502)
	at java.base/java.lang.reflect.Constructor.newInstance(Constructor.java:486)
	at org.openqa.selenium.remote.ErrorCodec.decode(ErrorCodec.java:167)
	at org.openqa.selenium.remote.codec.w3c.W3CHttpResponseCodec.decode(W3CHttpResponseCodec.java:138)
	at org.openqa.selenium.remote.codec.w3c.W3CHttpResponseCodec.decode(W3CHttpResponseCodec.java:50)
	at org.openqa.selenium.remote.HttpCommandExecutor.execute(HttpCommandExecutor.java:190)
	at org.openqa.selenium.remote.service.DriverCommandExecutor.invokeExecute(DriverCommandExecutor.java:216)
	at org.openqa.selenium.remote.service.DriverCommandExecutor.execute(DriverCommandExecutor.java:174)
	at org.openqa.selenium.remote.RemoteWebDriver.execute(RemoteWebDriver.java:545)
	at org.openqa.selenium.remote.ElementLocation$ElementFinder$2.findElement(ElementLocation.java:165)
	at org.openqa.selenium.remote.ElementLocation.findElement(ElementLocation.java:59)
	at org.openqa.selenium.remote.RemoteWebDriver.findElement(RemoteWebDriver.java:368)
	at org.openqa.selenium.remote.RemoteWebDriver.findElement(RemoteWebDriver.java:362)
	at org.openqa.selenium.support.pagefactory.DefaultElementLocator.findElement(DefaultElementLocator.java:68)
	at org.openqa.selenium.support.pagefactory.internal.LocatingElementHandler.invoke(LocatingElementHandler.java:38)
	at jdk.proxy2/jdk.proxy2.$Proxy14.getWrappedElement(Unknown Source)
	at org.openqa.selenium.remote.WebElementToJsonConverter.apply(WebElementToJsonConverter.java:48)
	at java.base/java.util.stream.ReferencePipeline$3$1.accept(ReferencePipeline.java:197)
	at java.base/java.util.Spliterators$ArraySpliterator.forEachRemaining(Spliterators.java:1024)
	at java.base/java.util.stream.AbstractPipeline.copyInto(AbstractPipeline.java:509)
	at java.base/java.util.stream.AbstractPipeline.wrapAndCopyInto(AbstractPipeline.java:499)
	at java.base/java.util.stream.ReduceOps$ReduceOp.evaluateSequential(ReduceOps.java:921)
	at java.base/java.util.stream.AbstractPipeline.evaluate(AbstractPipeline.java:234)
	at java.base/java.util.stream.ReferencePipeline.collect(ReferencePipeline.java:682)
	at org.openqa.selenium.remote.RemoteWebDriver.executeScript(RemoteWebDriver.java:474)
	at lt.insoft.uztis.pages.SubmittedApplicationsPage$CheckboxHelper.clickWithJavaScript(SubmittedApplicationsPage.java:1739)
	at lt.insoft.uztis.pages.SubmittedApplicationsPage$CheckboxHelper.setConfirmationCheckbox(SubmittedApplicationsPage.java:1728)
	at lt.insoft.uztis.tests.SubmittedApplicationsPageTest.testFillNewVUIApplicationFA(SubmittedApplicationsPageTest.java:382)
	at java.base/jdk.internal.reflect.DirectMethodHandleAccessor.invoke(DirectMethodHandleAccessor.java:103)
	at java.base/java.lang.reflect.Method.invoke(Method.java:580)
	at org.junit.platform.commons.util.ReflectionUtils.invokeMethod(ReflectionUtils.java:728)
	at org.junit.jupiter.engine.execution.MethodInvocation.proceed(MethodInvocation.java:60)
	at org.junit.jupiter.engine.execution.InvocationInterceptorChain$ValidatingInvocation.proceed(InvocationInterceptorChain.java:131)
	at org.junit.jupiter.engine.extension.TimeoutExtension.intercept(TimeoutExtension.java:156)
	at org.junit.jupiter.engine.extension.TimeoutExtension.interceptTestableMethod(TimeoutExtension.java:147)
	at org.junit.jupiter.engine.extension.TimeoutExtension.interceptTestMethod(TimeoutExtension.java:86)
	at org.junit.jupiter.engine.execution.InterceptingExecutableInvoker$ReflectiveInterceptorCall.lambda$ofVoidMethod$0(InterceptingExecutableInvoker.java:103)
	at org.junit.jupiter.engine.execution.InterceptingExecutableInvoker.lambda$invoke$0(InterceptingExecutableInvoker.java:93)
	at org.junit.jupiter.engine.execution.InvocationInterceptorChain$InterceptedInvocation.proceed(InvocationInterceptorChain.java:106)
	at org.junit.jupiter.engine.execution.InvocationInterceptorChain.proceed(InvocationInterceptorChain.java:64)
	at org.junit.jupiter.engine.execution.InvocationInterceptorChain.chainAndInvoke(InvocationInterceptorChain.java:45)
	at org.junit.jupiter.engine.execution.InvocationInterceptorChain.invoke(InvocationInterceptorChain.java:37)
	at org.junit.jupiter.engine.execution.InterceptingExecutableInvoker.invoke(InterceptingExecutableInvoker.java:92)
	at org.junit.jupiter.engine.execution.InterceptingExecutableInvoker.invoke(InterceptingExecutableInvoker.java:86)
	at org.junit.jupiter.engine.descriptor.TestMethodTestDescriptor.lambda$invokeTestMethod$7(TestMethodTestDescriptor.java:218)
	at org.junit.platform.engine.support.hierarchical.ThrowableCollector.execute(ThrowableCollector.java:73)
	at org.junit.jupiter.engine.descriptor.TestMethodTestDescriptor.invokeTestMethod(TestMethodTestDescriptor.java:214)
	at org.junit.jupiter.engine.descriptor.TestMethodTestDescriptor.execute(TestMethodTestDescriptor.java:139)
	at org.junit.jupiter.engine.descriptor.TestMethodTestDescriptor.execute(TestMethodTestDescriptor.java:69)
	at org.junit.platform.engine.support.hierarchical.NodeTestTask.lambda$executeRecursively$6(NodeTestTask.java:151)
	at org.junit.platform.engine.support.hierarchical.ThrowableCollector.execute(ThrowableCollector.java:73)
	at org.junit.platform.engine.support.hierarchical.NodeTestTask.lambda$executeRecursively$8(NodeTestTask.java:141)
	at org.junit.platform.engine.support.hierarchical.Node.around(Node.java:137)
	at org.junit.platform.engine.support.hierarchical.NodeTestTask.lambda$executeRecursively$9(NodeTestTask.java:139)
	at org.junit.platform.engine.support.hierarchical.ThrowableCollector.execute(ThrowableCollector.java:73)
	at org.junit.platform.engine.support.hierarchical.NodeTestTask.executeRecursively(NodeTestTask.java:138)
	at org.junit.platform.engine.support.hierarchical.NodeTestTask.execute(NodeTestTask.java:95)
	at java.base/java.util.ArrayList.forEach(ArrayList.java:1596)
	at org.junit.platform.engine.support.hierarchical.SameThreadHierarchicalTestExecutorService.invokeAll(SameThreadHierarchicalTestExecutorService.java:41)
	at org.junit.platform.engine.support.hierarchical.NodeTestTask.lambda$executeRecursively$6(NodeTestTask.java:155)
	at org.junit.platform.engine.support.hierarchical.ThrowableCollector.execute(ThrowableCollector.java:73)
	at org.junit.platform.engine.support.hierarchical.NodeTestTask.lambda$executeRecursively$8(NodeTestTask.java:141)
	at org.junit.platform.engine.support.hierarchical.Node.around(Node.java:137)
	at org.junit.platform.engine.support.hierarchical.NodeTestTask.lambda$executeRecursively$9(NodeTestTask.java:139)
	at org.junit.platform.engine.support.hierarchical.ThrowableCollector.execute(ThrowableCollector.java:73)
	at org.junit.platform.engine.support.hierarchical.NodeTestTask.executeRecursively(NodeTestTask.java:138)
	at org.junit.platform.engine.support.hierarchical.NodeTestTask.execute(NodeTestTask.java:95)
	at java.base/java.util.ArrayList.forEach(ArrayList.java:1596)
	at org.junit.platform.engine.support.hierarchical.SameThreadHierarchicalTestExecutorService.invokeAll(SameThreadHierarchicalTestExecutorService.java:41)
	at org.junit.platform.engine.support.hierarchical.NodeTestTask.lambda$executeRecursively$6(NodeTestTask.java:155)
	at org.junit.platform.engine.support.hierarchical.ThrowableCollector.execute(ThrowableCollector.java:73)
	at org.junit.platform.engine.support.hierarchical.NodeTestTask.lambda$executeRecursively$8(NodeTestTask.java:141)
	at org.junit.platform.engine.support.hierarchical.Node.around(Node.java:137)
	at org.junit.platform.engine.support.hierarchical.NodeTestTask.lambda$executeRecursively$9(NodeTestTask.java:139)
	at org.junit.platform.engine.support.hierarchical.ThrowableCollector.execute(ThrowableCollector.java:73)
	at org.junit.platform.engine.support.hierarchical.NodeTestTask.executeRecursively(NodeTestTask.java:138)
	at org.junit.platform.engine.support.hierarchical.NodeTestTask.execute(NodeTestTask.java:95)
	at org.junit.platform.engine.support.hierarchical.SameThreadHierarchicalTestExecutorService.submit(SameThreadHierarchicalTestExecutorService.java:35)
	at org.junit.platform.engine.support.hierarchical.HierarchicalTestExecutor.execute(HierarchicalTestExecutor.java:57)
	at org.junit.platform.engine.support.hierarchical.HierarchicalTestEngine.execute(HierarchicalTestEngine.java:54)
	at org.junit.platform.launcher.core.EngineExecutionOrchestrator.execute(EngineExecutionOrchestrator.java:198)
	at org.junit.platform.launcher.core.EngineExecutionOrchestrator.execute(EngineExecutionOrchestrator.java:169)
	at org.junit.platform.launcher.core.EngineExecutionOrchestrator.execute(EngineExecutionOrchestrator.java:93)
	at org.junit.platform.launcher.core.EngineExecutionOrchestrator.lambda$execute$0(EngineExecutionOrchestrator.java:58)
	at org.junit.platform.launcher.core.EngineExecutionOrchestrator.withInterceptedStreams(EngineExecutionOrchestrator.java:141)
	at org.junit.platform.launcher.core.EngineExecutionOrchestrator.execute(EngineExecutionOrchestrator.java:57)
	at org.junit.platform.launcher.core.DefaultLauncher.execute(DefaultLauncher.java:103)
	at org.junit.platform.launcher.core.DefaultLauncher.execute(DefaultLauncher.java:85)
	at org.junit.platform.launcher.core.DelegatingLauncher.execute(DelegatingLauncher.java:47)
	at org.junit.platform.launcher.core.SessionPerRequestLauncher.execute(SessionPerRequestLauncher.java:63)
	at com.intellij.junit5.JUnit5IdeaTestRunner.startRunnerWithArgs(JUnit5IdeaTestRunner.java:57)
	at com.intellij.rt.junit.IdeaTestRunner$Repeater$1.execute(IdeaTestRunner.java:38)
	at com.intellij.rt.execution.junit.TestsRepeater.repeat(TestsRepeater.java:11)
	at com.intellij.rt.junit.IdeaTestRunner$Repeater.startRunnerWithArgs(IdeaTestRunner.java:35)
	at com.intellij.rt.junit.JUnitStarter.prepareStreamsAndStart(JUnitStarter.java:232)
	at com.intellij.rt.junit.JUnitStarter.main(JUnitStarter.java:55)
2025-03-27 09:34:08 [main] INFO  l.insoft.uztis.tests.utils.TestUtils - Screenshot moved to C:\Users\ingrida.zadorozniene\Desktop\Asm\UZTIS\UZTIS_tests\test-output\screenshots\20250327\093408443_testFillNewVUIApplicationFA().png
2025-03-27 09:40:15 [main] INFO  lt.insoft.uztis.tests.UztisPageTest - Navigated to https://uztisdev.asseco.lt/home
2025-03-27 09:40:15 [main] INFO  l.i.u.t.SubmittedApplicationsPageTest - Starting test:'testFillNewVUIPApplicationFA'
2025-03-27 09:40:16 [main] DEBUG l.i.u.t.SubmittedApplicationsPageTest - User logged in with test credentials.
2025-03-27 09:40:16 [main] DEBUG l.i.u.t.SubmittedApplicationsPageTest - Opened 'Application Processing' menu.
2025-03-27 09:40:16 [main] DEBUG l.i.u.t.SubmittedApplicationsPageTest - Clicked on 'Application Forms' menu.
2025-03-27 09:40:17 [main] DEBUG l.i.u.t.SubmittedApplicationsPageTest - Retrieved last description code text: 'TST-VUI-75'.
2025-03-27 09:40:17 [main] DEBUG l.i.u.t.SubmittedApplicationsPageTest - Clicked on 'Invitation' menu.
2025-03-27 09:40:18 [main] DEBUG l.i.u.t.SubmittedApplicationsPageTest - Selected application section by code: 'TST-VUI-75'.
2025-03-27 09:40:18 [main] DEBUG l.i.u.t.SubmittedApplicationsPageTest - Clicked 'Search' button.
2025-03-27 09:40:18 [main] DEBUG l.i.u.t.SubmittedApplicationsPageTest - Retrieved invitation code: ''.
2025-03-27 09:40:18 [main] DEBUG l.i.u.t.SubmittedApplicationsPageTest - Clicked on 'Submitted Applications' menu.
2025-03-27 09:40:20 [main] DEBUG l.i.u.t.SubmittedApplicationsPageTest - Selected invitation by code: 'TST-VUI-75'.
2025-03-27 09:40:20 [main] DEBUG l.i.u.t.SubmittedApplicationsPageTest - Invitation code inserted.
2025-03-27 09:40:20 [main] DEBUG l.i.u.t.SubmittedApplicationsPageTest - Clicked on 'Action Application' button.
2025-03-27 09:40:20 [main] DEBUG l.i.u.t.SubmittedApplicationsPageTest - Clicked on 'New Application' button.
2025-03-27 09:40:21 [main] DEBUG l.i.u.t.SubmittedApplicationsPageTest - Selected the 'RadioButtonFA' option.
2025-03-27 09:40:21 [main] DEBUG l.i.u.t.SubmittedApplicationsPageTest - Entered phone number: '61298745'.
2025-03-27 09:40:21 [main] DEBUG l.i.u.t.SubmittedApplicationsPageTest - Entered email: 'test@autotest.com'.
2025-03-27 09:40:21 [main] INFO  l.i.u.p.SubmittedApplicationsPage - Clicking on the dropdown button.
2025-03-27 09:40:37 [main] INFO  l.i.u.p.SubmittedApplicationsPage - Found 1741 options in the dropdown.
2025-03-27 09:40:37 [main] DEBUG l.i.u.p.SubmittedApplicationsPage - Checking option: ''
2025-03-27 09:40:37 [main] DEBUG l.i.u.p.SubmittedApplicationsPage - Checking option: '01.11 - Grūdinių (išskyrus ryžius), ankštinių ir aliejingų sėklų augalų auginimas'
2025-03-27 09:40:37 [main] INFO  l.i.u.p.SubmittedApplicationsPage - Successfully selected the value: '01.11 - Grūdinių (išskyrus ryžius), ankštinių ir aliejingų sėklų augalų auginimas'
2025-03-27 09:40:37 [main] INFO  l.i.u.p.SubmittedApplicationsPage - Attempting to close the dropdown.
2025-03-27 09:40:38 [main] DEBUG l.i.u.t.SubmittedApplicationsPageTest - Selected EVRK value: '01.11 - Grūdinių (išskyrus ryžius), ankštinių ir aliejingų sėklų augalų auginimas'.
2025-03-27 09:40:38 [main] DEBUG l.i.u.t.SubmittedApplicationsPageTest - Clicked on 'Address Component' button.
2025-03-27 09:40:38 [main] INFO  l.i.u.p.SubmittedApplicationsPage - Located the dropdown button.
2025-03-27 09:40:41 [main] INFO  l.i.u.p.SubmittedApplicationsPage - Successfully selected the value: 'Lietuva'
2025-03-27 09:40:41 [main] DEBUG l.i.u.t.SubmittedApplicationsPageTest - Selected country: 'Lietuva'.
2025-03-27 09:40:41 [main] INFO  l.i.u.p.SubmittedApplicationsPage - Located the dropdown search field.
2025-03-27 09:40:41 [main] INFO  l.i.u.p.SubmittedApplicationsPage - Dropdown city is opened.
2025-03-27 09:40:42 [main] INFO  l.i.u.p.SubmittedApplicationsPage - Searched for value: 'Vilnius'
2025-03-27 09:40:42 [main] INFO  l.i.u.p.SubmittedApplicationsPage - Successfully selected: 'Vilnius'
2025-03-27 09:40:42 [main] INFO  l.i.u.p.SubmittedApplicationsPage - Located the dropdown button.
2025-03-27 09:40:43 [main] INFO  l.i.u.p.SubmittedApplicationsPage - Successfully selected the value: 'A. Domaševičiaus g.'
2025-03-27 09:40:43 [main] DEBUG l.i.u.t.SubmittedApplicationsPageTest - Selected street: 'A. Domaševičiaus g.'.
2025-03-27 09:40:43 [main] INFO  l.i.u.p.SubmittedApplicationsPage - Located the dropdown button.
2025-03-27 09:40:44 [main] INFO  l.i.u.p.SubmittedApplicationsPage - Successfully selected the value: '1'
2025-03-27 09:40:44 [main] DEBUG l.i.u.t.SubmittedApplicationsPageTest - Selected house: '1'.
2025-03-27 09:40:44 [main] INFO  l.i.u.p.SubmittedApplicationsPage - Located the dropdown button.
2025-03-27 09:40:45 [main] INFO  l.i.u.p.SubmittedApplicationsPage - Successfully selected the value: '1'
2025-03-27 09:40:45 [main] DEBUG l.i.u.t.SubmittedApplicationsPageTest - Selected apartment: '1'.
2025-03-27 09:40:45 [main] DEBUG l.i.u.t.SubmittedApplicationsPageTest - Clicked 'Confirm' button.
2025-03-27 09:40:45 [main] DEBUG l.i.u.t.SubmittedApplicationsPageTest - Entered project date.
2025-03-27 09:40:46 [main] DEBUG l.i.u.t.SubmittedApplicationsPageTest - Entered job count: '1'.
2025-03-27 09:40:46 [main] DEBUG l.i.u.t.SubmittedApplicationsPageTest - Clicked 'Next' button.
2025-03-27 09:40:46 [main] INFO  l.i.u.p.SubmittedApplicationsPage - Located the dropdown button.
2025-03-27 09:40:47 [main] INFO  l.i.u.p.SubmittedApplicationsPage - Successfully selected the value: 'Administratoriai'
2025-03-27 09:40:47 [main] DEBUG l.i.u.t.SubmittedApplicationsPageTest - Selected job name: 'Administratoriai'.
2025-03-27 09:40:47 [main] DEBUG l.i.u.t.SubmittedApplicationsPageTest - Entered job function: 'Funkcija 1'.
2025-03-27 09:40:48 [main] DEBUG l.i.u.t.SubmittedApplicationsPageTest - Selected 'RadioButtonWithDisabilities' option.
2025-03-27 09:40:48 [main] INFO  l.i.u.p.SubmittedApplicationsPage - Clicking on the dropdown button.
2025-03-27 09:40:49 [main] INFO  l.i.u.p.SubmittedApplicationsPage - Found 34 options in the dropdown.
2025-03-27 09:40:49 [main] DEBUG l.i.u.p.SubmittedApplicationsPage - Checking option: 'Asmenys, kuriems suteiktas pabėgėlio statusas ar perkeliamojo asmens statusas, arba asmenys, kuriems suteikta papildoma ar laikinoji apsauga, ir asmenys, turintys teisę gauti laikinąją apsaugą, iki sprendimo dėl laikinosios apsaugos suteikimo (nesuteikimo) priėmimo, tačiau ne ilgiau kaip laikinosios apsaugos laikotarpiu'
2025-03-27 09:40:49 [main] DEBUG l.i.u.p.SubmittedApplicationsPage - Checking option: 'Asmenys, kuriems suteiktas pabėgėlio statusas ar perkeliamojo asmens statusas, arba asmenys, kuriems suteikta papildoma ar laikinoji apsauga, ir asmenys, turintys teisę gauti laikinąją apsaugą, iki sprendimo dėl laikinosios apsaugos suteikimo (nesuteikimo) priėmimo, tačiau ne ilgiau kaip laikinosios apsaugos laikotarpiu'
2025-03-27 09:40:49 [main] DEBUG l.i.u.p.SubmittedApplicationsPage - Checking option: 'Asmenys, turintys teisę į papildomas užimtumo garantijas pagal Lietuvos Respublikos valstybės įmonės Ignalinos atominės elektrinės darbuotojų papildomų užimtumo ir socialinių garantijų įstatymą'
2025-03-27 09:40:49 [main] DEBUG l.i.u.p.SubmittedApplicationsPage - Checking option: 'Asmenys, turintys teisę į papildomas užimtumo garantijas pagal Lietuvos Respublikos valstybės įmonės Ignalinos atominės elektrinės darbuotojų papildomų užimtumo ir socialinių garantijų įstatymą'
2025-03-27 09:40:49 [main] DEBUG l.i.u.p.SubmittedApplicationsPage - Checking option: 'Bedarbiai iki 29 metų'
2025-03-27 09:40:49 [main] DEBUG l.i.u.p.SubmittedApplicationsPage - Checking option: 'Bedarbiai iki 29 metų'
2025-03-27 09:40:49 [main] DEBUG l.i.u.p.SubmittedApplicationsPage - Checking option: 'Bedarbiai, kurie yra darbingo amžiaus neįgalieji, kuriems nustatytas 30–40 procentų darbingumo lygis arba vidutinis neįgalumo lygis'
2025-03-27 09:40:49 [main] DEBUG l.i.u.p.SubmittedApplicationsPage - Checking option: 'Bedarbiai, kurie yra darbingo amžiaus neįgalieji, kuriems nustatytas 30–40 procentų darbingumo lygis arba vidutinis neįgalumo lygis'
2025-03-27 09:40:49 [main] DEBUG l.i.u.p.SubmittedApplicationsPage - Checking option: 'Bedarbiai, kurie yra darbingo amžiaus neįgalieji, kuriems nustatytas 45–55 procentų darbingumo lygis arba lengvas neįgalumo lygis'
2025-03-27 09:40:49 [main] DEBUG l.i.u.p.SubmittedApplicationsPage - Checking option: 'Bedarbiai, kurie yra darbingo amžiaus neįgalieji, kuriems nustatytas 45–55 procentų darbingumo lygis arba lengvas neįgalumo lygis'
2025-03-27 09:40:49 [main] DEBUG l.i.u.p.SubmittedApplicationsPage - Checking option: 'Bedarbiai, kurie yra darbingo amžiaus neįgalieji, kuriems nustatytas iki 25 procentų darbingumo lygis arba sunkus neįgalumo lygis'
2025-03-27 09:40:49 [main] INFO  l.i.u.p.SubmittedApplicationsPage - Successfully selected the value: 'Bedarbiai, kurie yra darbingo amžiaus neįgalieji, kuriems nustatytas iki 25 procentų darbingumo lygis arba sunkus neįgalumo lygis'
2025-03-27 09:40:49 [main] INFO  l.i.u.p.SubmittedApplicationsPage - Attempting to close the dropdown.
2025-03-27 09:40:50 [main] DEBUG l.i.u.t.SubmittedApplicationsPageTest - Selected disabilities type: 'Bedarbiai, kurie yra darbingo amžiaus neįgalieji, kuriems nustatytas iki 25 procentų darbingumo lygis arba sunkus neįgalumo lygis'.
2025-03-27 09:40:50 [main] DEBUG l.i.u.t.SubmittedApplicationsPageTest - Entered disability information: 'Negalia 1'.
2025-03-27 09:40:50 [main] INFO  l.i.u.p.SubmittedApplicationsPage - Located the dropdown button.
2025-03-27 09:40:51 [main] INFO  l.i.u.p.SubmittedApplicationsPage - Successfully selected the value: 'Kita'
2025-03-27 09:40:51 [main] DEBUG l.i.u.t.SubmittedApplicationsPageTest - Selected time mode: 'Kita'.
2025-03-27 09:40:51 [main] DEBUG l.i.u.t.SubmittedApplicationsPageTest - Selected time mode other: '6 val. per dieną ir 4 d. per savaitę'.
2025-03-27 09:40:51 [main] DEBUG l.i.u.t.SubmittedApplicationsPageTest - Entered qualification: 'Kvalifikacija 1'.
2025-03-27 09:40:52 [main] DEBUG l.i.u.t.SubmittedApplicationsPageTest - Entered job date.
2025-03-27 09:40:52 [main] DEBUG l.i.u.t.SubmittedApplicationsPageTest - Entered salary amount: '1200'.
2025-03-27 09:40:52 [main] DEBUG l.i.u.t.SubmittedApplicationsPageTest - Entered salary description: 'Užmokestis 1'.
2025-03-27 09:40:52 [main] DEBUG l.i.u.t.SubmittedApplicationsPageTest - Selected 'Temporary Job' radio button.
2025-03-27 09:40:52 [main] DEBUG l.i.u.t.SubmittedApplicationsPageTest - Selected 'Season Job' radio button.
2025-03-27 09:40:53 [main] DEBUG l.i.u.t.SubmittedApplicationsPageTest - Selected 'Energy' radio button.
2025-03-27 09:40:53 [main] DEBUG l.i.u.t.SubmittedApplicationsPageTest - Selected 'Repair' radio button.
2025-03-27 09:40:53 [main] DEBUG l.i.u.t.SubmittedApplicationsPageTest - Entered job description: 'Veikla 1'.
2025-03-27 09:40:53 [main] DEBUG l.i.u.t.SubmittedApplicationsPageTest - Entered process description: 'Procesas 1'.
2025-03-27 09:40:53 [main] DEBUG l.i.u.t.SubmittedApplicationsPageTest - Entered energy information: 'Energija 1'.
2025-03-27 09:40:54 [main] DEBUG l.i.u.t.SubmittedApplicationsPageTest - Entered repair information: 'Remontas 1'.
2025-03-27 09:40:54 [main] DEBUG l.i.u.t.SubmittedApplicationsPageTest - Selected 'PVM' radio button.
2025-03-27 09:40:54 [main] INFO  l.i.u.p.SubmittedApplicationsPage - Located the dropdown button.
2025-03-27 09:40:55 [main] INFO  l.i.u.p.SubmittedApplicationsPage - Successfully selected the value: 'Įsigyti'
2025-03-27 09:40:55 [main] DEBUG l.i.u.t.SubmittedApplicationsPageTest - Selected necessary for job: 'Įsigyti'.
2025-03-27 09:40:55 [main] DEBUG l.i.u.t.SubmittedApplicationsPageTest - Selected tool: 'Darbo priemonė 1'.
2025-03-27 09:40:55 [main] DEBUG l.i.u.t.SubmittedApplicationsPageTest - Selected tool parameter one: 'Darbo priemonės 1 parametras 1'.
2025-03-27 09:40:55 [main] DEBUG l.i.u.t.SubmittedApplicationsPageTest - Selected tool parameter two: 'Darbo priemonės 1 parametras 2'.
2025-03-27 09:40:56 [main] DEBUG l.i.u.t.SubmittedApplicationsPageTest - Selected tool parameter three: 'Darbo priemonės 1 parametras 3'.
2025-03-27 09:40:56 [main] DEBUG l.i.u.t.SubmittedApplicationsPageTest - Entered tool count: '1'.
2025-03-27 09:40:56 [main] DEBUG l.i.u.t.SubmittedApplicationsPageTest - Entered price amount 1: '1000'.
2025-03-27 09:40:58 [main] DEBUG l.i.u.t.SubmittedApplicationsPageTest - Entered own funds amount 1: '800'.
2025-03-27 09:41:01 [main] DEBUG l.i.u.t.SubmittedApplicationsPageTest - Clicked 'Add' button.
2025-03-27 09:41:01 [main] INFO  l.i.u.p.SubmittedApplicationsPage - Located the dropdown button.
2025-03-27 09:41:01 [main] INFO  l.i.u.p.SubmittedApplicationsPage - Successfully selected the value: 'Remontuoti'
2025-03-27 09:41:01 [main] DEBUG l.i.u.t.SubmittedApplicationsPageTest - Selected necessary for job 'to repair': 'Remontuoti'.
2025-03-27 09:41:01 [main] DEBUG l.i.u.t.SubmittedApplicationsPageTest - Selected repair name: 'Remonto pavadinimas 1'.
2025-03-27 09:41:01 [main] DEBUG l.i.u.t.SubmittedApplicationsPageTest - Entered repair information: 'Remonto aprašymas 1'.
2025-03-27 09:41:02 [main] DEBUG l.i.u.t.SubmittedApplicationsPageTest - Entered price amount 2: '1000'.
2025-03-27 09:41:04 [main] DEBUG l.i.u.t.SubmittedApplicationsPageTest - Entered own funds amount 2: '900'.
2025-03-27 09:41:06 [main] DEBUG l.i.u.t.SubmittedApplicationsPageTest - Entered country percentage: '50'.
2025-03-27 09:41:06 [main] DEBUG l.i.u.t.SubmittedApplicationsPageTest - Entered institution percentage: '50'.
2025-03-27 09:41:06 [main] DEBUG l.i.u.t.SubmittedApplicationsPageTest - Entered municipality percentage: '50'.
2025-03-27 09:41:06 [main] DEBUG l.i.u.t.SubmittedApplicationsPageTest - Selected 'De Minimis' radio button.
2025-03-27 09:41:07 [main] DEBUG l.i.u.t.SubmittedApplicationsPageTest - Entered program name: 'Programa 1'.
2025-03-27 09:41:07 [main] DEBUG l.i.u.t.SubmittedApplicationsPageTest - Entered project date from.
2025-03-27 09:41:07 [main] DEBUG l.i.u.t.SubmittedApplicationsPageTest - Entered project date until.
2025-03-27 09:41:07 [main] DEBUG l.i.u.t.SubmittedApplicationsPageTest - Entered support amount: '2000'.
2025-03-27 09:41:07 [main] DEBUG l.i.u.t.SubmittedApplicationsPageTest - Clicked 'Next' button.
2025-03-27 09:41:17 [main] DEBUG l.i.u.t.SubmittedApplicationsPageTest - Checked 'Legal Entities' checkbox 1.
2025-03-27 09:41:27 [main] DEBUG l.i.u.t.SubmittedApplicationsPageTest - Checked 'Legal Entities' checkbox 2.
2025-03-27 09:41:37 [main] DEBUG l.i.u.t.SubmittedApplicationsPageTest - Checked 'Legal Entities' checkbox 3.
2025-03-27 09:41:37 [main] DEBUG l.i.u.t.SubmittedApplicationsPageTest - Test finished: All 'Legal Entities' checkboxes checked successfully.
2025-03-27 09:41:38 [main] DEBUG l.i.u.t.SubmittedApplicationsPageTest - Clicked 'Next' button after checkboxes.
2025-03-27 09:41:48 [main] ERROR l.i.u.p.SubmittedApplicationsPage - Error selecting radio button: Expected condition failed: waiting for element to be clickable: By.xpath: (//input[@type='radio' and @value='false'])[8] (tried for 10 second(s) with 500 milliseconds interval)
Build info: version: '4.27.0', revision: 'd6e718d134'
System info: os.name: 'Windows 11', os.arch: 'amd64', os.version: '10.0', java.version: '21.0.3'
Driver info: org.openqa.selenium.chrome.ChromeDriver
Capabilities {acceptInsecureCerts: false, browserName: chrome, browserVersion: 134.0.6998.166, chrome: {chromedriverVersion: 134.0.6998.165 (fd886e2cb29..., userDataDir: C:\Users\INGRID~1.ZAD\AppDa...}, fedcm:accounts: true, goog:chromeOptions: {debuggerAddress: localhost:54368}, networkConnectionEnabled: false, pageLoadStrategy: normal, platformName: windows, proxy: Proxy(), se:cdp: ws://localhost:54368/devtoo..., se:cdpVersion: 134.0.6998.166, setWindowRect: true, strictFileInteractability: false, timeouts: {implicit: 0, pageLoad: 300000, script: 30000}, unhandledPromptBehavior: dismiss and notify, webauthn:extension:credBlob: true, webauthn:extension:largeBlob: true, webauthn:extension:minPinLength: true, webauthn:extension:prf: true, webauthn:virtualAuthenticators: true}
Session ID: 945f5bd870739643b7857d376e86123f
2025-03-27 09:41:48 [main] INFO  l.i.u.t.SubmittedApplicationsPageTest - Marking 'Ne' radio button 1
2025-03-27 09:41:58 [main] ERROR l.i.u.p.SubmittedApplicationsPage - Error selecting radio button: Expected condition failed: waiting for element to be clickable: By.xpath: (//input[@type='radio' and @value='false'])[9] (tried for 10 second(s) with 500 milliseconds interval)
Build info: version: '4.27.0', revision: 'd6e718d134'
System info: os.name: 'Windows 11', os.arch: 'amd64', os.version: '10.0', java.version: '21.0.3'
Driver info: org.openqa.selenium.chrome.ChromeDriver
Capabilities {acceptInsecureCerts: false, browserName: chrome, browserVersion: 134.0.6998.166, chrome: {chromedriverVersion: 134.0.6998.165 (fd886e2cb29..., userDataDir: C:\Users\INGRID~1.ZAD\AppDa...}, fedcm:accounts: true, goog:chromeOptions: {debuggerAddress: localhost:54368}, networkConnectionEnabled: false, pageLoadStrategy: normal, platformName: windows, proxy: Proxy(), se:cdp: ws://localhost:54368/devtoo..., se:cdpVersion: 134.0.6998.166, setWindowRect: true, strictFileInteractability: false, timeouts: {implicit: 0, pageLoad: 300000, script: 30000}, unhandledPromptBehavior: dismiss and notify, webauthn:extension:credBlob: true, webauthn:extension:largeBlob: true, webauthn:extension:minPinLength: true, webauthn:extension:prf: true, webauthn:virtualAuthenticators: true}
Session ID: 945f5bd870739643b7857d376e86123f
2025-03-27 09:41:58 [main] INFO  l.i.u.t.SubmittedApplicationsPageTest - Marking 'Ne' radio button 2
2025-03-27 09:42:08 [main] ERROR l.i.u.p.SubmittedApplicationsPage - Error selecting radio button: Expected condition failed: waiting for element to be clickable: By.xpath: (//input[@type='radio' and @value='false'])[10] (tried for 10 second(s) with 500 milliseconds interval)
Build info: version: '4.27.0', revision: 'd6e718d134'
System info: os.name: 'Windows 11', os.arch: 'amd64', os.version: '10.0', java.version: '21.0.3'
Driver info: org.openqa.selenium.chrome.ChromeDriver
Capabilities {acceptInsecureCerts: false, browserName: chrome, browserVersion: 134.0.6998.166, chrome: {chromedriverVersion: 134.0.6998.165 (fd886e2cb29..., userDataDir: C:\Users\INGRID~1.ZAD\AppDa...}, fedcm:accounts: true, goog:chromeOptions: {debuggerAddress: localhost:54368}, networkConnectionEnabled: false, pageLoadStrategy: normal, platformName: windows, proxy: Proxy(), se:cdp: ws://localhost:54368/devtoo..., se:cdpVersion: 134.0.6998.166, setWindowRect: true, strictFileInteractability: false, timeouts: {implicit: 0, pageLoad: 300000, script: 30000}, unhandledPromptBehavior: dismiss and notify, webauthn:extension:credBlob: true, webauthn:extension:largeBlob: true, webauthn:extension:minPinLength: true, webauthn:extension:prf: true, webauthn:virtualAuthenticators: true}
Session ID: 945f5bd870739643b7857d376e86123f
2025-03-27 09:42:08 [main] INFO  l.i.u.t.SubmittedApplicationsPageTest - Marking 'Ne' radio button 3
2025-03-27 09:42:18 [main] ERROR l.i.u.p.SubmittedApplicationsPage - Error selecting radio button: Expected condition failed: waiting for element to be clickable: By.xpath: (//input[@type='radio' and @value='false'])[11] (tried for 10 second(s) with 500 milliseconds interval)
Build info: version: '4.27.0', revision: 'd6e718d134'
System info: os.name: 'Windows 11', os.arch: 'amd64', os.version: '10.0', java.version: '21.0.3'
Driver info: org.openqa.selenium.chrome.ChromeDriver
Capabilities {acceptInsecureCerts: false, browserName: chrome, browserVersion: 134.0.6998.166, chrome: {chromedriverVersion: 134.0.6998.165 (fd886e2cb29..., userDataDir: C:\Users\INGRID~1.ZAD\AppDa...}, fedcm:accounts: true, goog:chromeOptions: {debuggerAddress: localhost:54368}, networkConnectionEnabled: false, pageLoadStrategy: normal, platformName: windows, proxy: Proxy(), se:cdp: ws://localhost:54368/devtoo..., se:cdpVersion: 134.0.6998.166, setWindowRect: true, strictFileInteractability: false, timeouts: {implicit: 0, pageLoad: 300000, script: 30000}, unhandledPromptBehavior: dismiss and notify, webauthn:extension:credBlob: true, webauthn:extension:largeBlob: true, webauthn:extension:minPinLength: true, webauthn:extension:prf: true, webauthn:virtualAuthenticators: true}
Session ID: 945f5bd870739643b7857d376e86123f
2025-03-27 09:42:18 [main] INFO  l.i.u.t.SubmittedApplicationsPageTest - Marking 'Ne' radio button 4
2025-03-27 09:42:28 [main] ERROR l.i.u.p.SubmittedApplicationsPage - Error selecting radio button: Expected condition failed: waiting for element to be clickable: By.xpath: (//input[@type='radio' and @value='false'])[12] (tried for 10 second(s) with 500 milliseconds interval)
Build info: version: '4.27.0', revision: 'd6e718d134'
System info: os.name: 'Windows 11', os.arch: 'amd64', os.version: '10.0', java.version: '21.0.3'
Driver info: org.openqa.selenium.chrome.ChromeDriver
Capabilities {acceptInsecureCerts: false, browserName: chrome, browserVersion: 134.0.6998.166, chrome: {chromedriverVersion: 134.0.6998.165 (fd886e2cb29..., userDataDir: C:\Users\INGRID~1.ZAD\AppDa...}, fedcm:accounts: true, goog:chromeOptions: {debuggerAddress: localhost:54368}, networkConnectionEnabled: false, pageLoadStrategy: normal, platformName: windows, proxy: Proxy(), se:cdp: ws://localhost:54368/devtoo..., se:cdpVersion: 134.0.6998.166, setWindowRect: true, strictFileInteractability: false, timeouts: {implicit: 0, pageLoad: 300000, script: 30000}, unhandledPromptBehavior: dismiss and notify, webauthn:extension:credBlob: true, webauthn:extension:largeBlob: true, webauthn:extension:minPinLength: true, webauthn:extension:prf: true, webauthn:virtualAuthenticators: true}
Session ID: 945f5bd870739643b7857d376e86123f
2025-03-27 09:42:28 [main] INFO  l.i.u.t.SubmittedApplicationsPageTest - Marking 'Ne' radio button 5
2025-03-27 09:42:38 [main] ERROR l.i.u.p.SubmittedApplicationsPage - Error selecting radio button: Expected condition failed: waiting for element to be clickable: By.xpath: (//input[@type='radio' and @value='false'])[13] (tried for 10 second(s) with 500 milliseconds interval)
Build info: version: '4.27.0', revision: 'd6e718d134'
System info: os.name: 'Windows 11', os.arch: 'amd64', os.version: '10.0', java.version: '21.0.3'
Driver info: org.openqa.selenium.chrome.ChromeDriver
Capabilities {acceptInsecureCerts: false, browserName: chrome, browserVersion: 134.0.6998.166, chrome: {chromedriverVersion: 134.0.6998.165 (fd886e2cb29..., userDataDir: C:\Users\INGRID~1.ZAD\AppDa...}, fedcm:accounts: true, goog:chromeOptions: {debuggerAddress: localhost:54368}, networkConnectionEnabled: false, pageLoadStrategy: normal, platformName: windows, proxy: Proxy(), se:cdp: ws://localhost:54368/devtoo..., se:cdpVersion: 134.0.6998.166, setWindowRect: true, strictFileInteractability: false, timeouts: {implicit: 0, pageLoad: 300000, script: 30000}, unhandledPromptBehavior: dismiss and notify, webauthn:extension:credBlob: true, webauthn:extension:largeBlob: true, webauthn:extension:minPinLength: true, webauthn:extension:prf: true, webauthn:virtualAuthenticators: true}
Session ID: 945f5bd870739643b7857d376e86123f
2025-03-27 09:42:38 [main] INFO  l.i.u.t.SubmittedApplicationsPageTest - Marking 'Ne' radio button 6
2025-03-27 09:42:48 [main] ERROR l.i.u.p.SubmittedApplicationsPage - Error selecting radio button: Expected condition failed: waiting for element to be clickable: By.xpath: (//input[@type='radio' and @value='true'])[14] (tried for 10 second(s) with 500 milliseconds interval)
Build info: version: '4.27.0', revision: 'd6e718d134'
System info: os.name: 'Windows 11', os.arch: 'amd64', os.version: '10.0', java.version: '21.0.3'
Driver info: org.openqa.selenium.chrome.ChromeDriver
Capabilities {acceptInsecureCerts: false, browserName: chrome, browserVersion: 134.0.6998.166, chrome: {chromedriverVersion: 134.0.6998.165 (fd886e2cb29..., userDataDir: C:\Users\INGRID~1.ZAD\AppDa...}, fedcm:accounts: true, goog:chromeOptions: {debuggerAddress: localhost:54368}, networkConnectionEnabled: false, pageLoadStrategy: normal, platformName: windows, proxy: Proxy(), se:cdp: ws://localhost:54368/devtoo..., se:cdpVersion: 134.0.6998.166, setWindowRect: true, strictFileInteractability: false, timeouts: {implicit: 0, pageLoad: 300000, script: 30000}, unhandledPromptBehavior: dismiss and notify, webauthn:extension:credBlob: true, webauthn:extension:largeBlob: true, webauthn:extension:minPinLength: true, webauthn:extension:prf: true, webauthn:virtualAuthenticators: true}
Session ID: 945f5bd870739643b7857d376e86123f
2025-03-27 09:42:48 [main] INFO  l.i.u.t.SubmittedApplicationsPageTest - Marking 'Taip' radio button 7
2025-03-27 09:42:58 [main] ERROR l.i.u.p.SubmittedApplicationsPage - Error selecting radio button: Expected condition failed: waiting for element to be clickable: By.xpath: (//input[@type='radio' and @value='true'])[15] (tried for 10 second(s) with 500 milliseconds interval)
Build info: version: '4.27.0', revision: 'd6e718d134'
System info: os.name: 'Windows 11', os.arch: 'amd64', os.version: '10.0', java.version: '21.0.3'
Driver info: org.openqa.selenium.chrome.ChromeDriver
Capabilities {acceptInsecureCerts: false, browserName: chrome, browserVersion: 134.0.6998.166, chrome: {chromedriverVersion: 134.0.6998.165 (fd886e2cb29..., userDataDir: C:\Users\INGRID~1.ZAD\AppDa...}, fedcm:accounts: true, goog:chromeOptions: {debuggerAddress: localhost:54368}, networkConnectionEnabled: false, pageLoadStrategy: normal, platformName: windows, proxy: Proxy(), se:cdp: ws://localhost:54368/devtoo..., se:cdpVersion: 134.0.6998.166, setWindowRect: true, strictFileInteractability: false, timeouts: {implicit: 0, pageLoad: 300000, script: 30000}, unhandledPromptBehavior: dismiss and notify, webauthn:extension:credBlob: true, webauthn:extension:largeBlob: true, webauthn:extension:minPinLength: true, webauthn:extension:prf: true, webauthn:virtualAuthenticators: true}
Session ID: 945f5bd870739643b7857d376e86123f
2025-03-27 09:42:58 [main] INFO  l.i.u.t.SubmittedApplicationsPageTest - Marking 'Taip' radio button 8
2025-03-27 09:43:09 [main] ERROR l.i.u.p.SubmittedApplicationsPage - Error selecting radio button: Expected condition failed: waiting for element to be clickable: By.xpath: (//input[@type='radio' and @value='true'])[16] (tried for 10 second(s) with 500 milliseconds interval)
Build info: version: '4.27.0', revision: 'd6e718d134'
System info: os.name: 'Windows 11', os.arch: 'amd64', os.version: '10.0', java.version: '21.0.3'
Driver info: org.openqa.selenium.chrome.ChromeDriver
Capabilities {acceptInsecureCerts: false, browserName: chrome, browserVersion: 134.0.6998.166, chrome: {chromedriverVersion: 134.0.6998.165 (fd886e2cb29..., userDataDir: C:\Users\INGRID~1.ZAD\AppDa...}, fedcm:accounts: true, goog:chromeOptions: {debuggerAddress: localhost:54368}, networkConnectionEnabled: false, pageLoadStrategy: normal, platformName: windows, proxy: Proxy(), se:cdp: ws://localhost:54368/devtoo..., se:cdpVersion: 134.0.6998.166, setWindowRect: true, strictFileInteractability: false, timeouts: {implicit: 0, pageLoad: 300000, script: 30000}, unhandledPromptBehavior: dismiss and notify, webauthn:extension:credBlob: true, webauthn:extension:largeBlob: true, webauthn:extension:minPinLength: true, webauthn:extension:prf: true, webauthn:virtualAuthenticators: true}
Session ID: 945f5bd870739643b7857d376e86123f
2025-03-27 09:43:09 [main] INFO  l.i.u.t.SubmittedApplicationsPageTest - Marking 'Taip' radio button 9
2025-03-27 09:43:19 [main] ERROR l.i.u.p.SubmittedApplicationsPage - Error selecting radio button: Expected condition failed: waiting for element to be clickable: By.xpath: (//input[@type='radio' and @value='true'])[17] (tried for 10 second(s) with 500 milliseconds interval)
Build info: version: '4.27.0', revision: 'd6e718d134'
System info: os.name: 'Windows 11', os.arch: 'amd64', os.version: '10.0', java.version: '21.0.3'
Driver info: org.openqa.selenium.chrome.ChromeDriver
Capabilities {acceptInsecureCerts: false, browserName: chrome, browserVersion: 134.0.6998.166, chrome: {chromedriverVersion: 134.0.6998.165 (fd886e2cb29..., userDataDir: C:\Users\INGRID~1.ZAD\AppDa...}, fedcm:accounts: true, goog:chromeOptions: {debuggerAddress: localhost:54368}, networkConnectionEnabled: false, pageLoadStrategy: normal, platformName: windows, proxy: Proxy(), se:cdp: ws://localhost:54368/devtoo..., se:cdpVersion: 134.0.6998.166, setWindowRect: true, strictFileInteractability: false, timeouts: {implicit: 0, pageLoad: 300000, script: 30000}, unhandledPromptBehavior: dismiss and notify, webauthn:extension:credBlob: true, webauthn:extension:largeBlob: true, webauthn:extension:minPinLength: true, webauthn:extension:prf: true, webauthn:virtualAuthenticators: true}
Session ID: 945f5bd870739643b7857d376e86123f
2025-03-27 09:43:19 [main] INFO  l.i.u.t.SubmittedApplicationsPageTest - Marking 'Taip' radio button 10
2025-03-27 09:43:29 [main] ERROR l.i.u.p.SubmittedApplicationsPage - Error selecting radio button: Expected condition failed: waiting for element to be clickable: By.xpath: (//input[@type='radio' and @value='true'])[18] (tried for 10 second(s) with 500 milliseconds interval)
Build info: version: '4.27.0', revision: 'd6e718d134'
System info: os.name: 'Windows 11', os.arch: 'amd64', os.version: '10.0', java.version: '21.0.3'
Driver info: org.openqa.selenium.chrome.ChromeDriver
Capabilities {acceptInsecureCerts: false, browserName: chrome, browserVersion: 134.0.6998.166, chrome: {chromedriverVersion: 134.0.6998.165 (fd886e2cb29..., userDataDir: C:\Users\INGRID~1.ZAD\AppDa...}, fedcm:accounts: true, goog:chromeOptions: {debuggerAddress: localhost:54368}, networkConnectionEnabled: false, pageLoadStrategy: normal, platformName: windows, proxy: Proxy(), se:cdp: ws://localhost:54368/devtoo..., se:cdpVersion: 134.0.6998.166, setWindowRect: true, strictFileInteractability: false, timeouts: {implicit: 0, pageLoad: 300000, script: 30000}, unhandledPromptBehavior: dismiss and notify, webauthn:extension:credBlob: true, webauthn:extension:largeBlob: true, webauthn:extension:minPinLength: true, webauthn:extension:prf: true, webauthn:virtualAuthenticators: true}
Session ID: 945f5bd870739643b7857d376e86123f
2025-03-27 09:43:29 [main] INFO  l.i.u.t.SubmittedApplicationsPageTest - Marking 'Taip' radio button 11
2025-03-27 09:43:39 [main] ERROR l.i.u.p.SubmittedApplicationsPage - Error selecting radio button: Expected condition failed: waiting for element to be clickable: By.xpath: (//input[@type='radio' and @value='true'])[19] (tried for 10 second(s) with 500 milliseconds interval)
Build info: version: '4.27.0', revision: 'd6e718d134'
System info: os.name: 'Windows 11', os.arch: 'amd64', os.version: '10.0', java.version: '21.0.3'
Driver info: org.openqa.selenium.chrome.ChromeDriver
Capabilities {acceptInsecureCerts: false, browserName: chrome, browserVersion: 134.0.6998.166, chrome: {chromedriverVersion: 134.0.6998.165 (fd886e2cb29..., userDataDir: C:\Users\INGRID~1.ZAD\AppDa...}, fedcm:accounts: true, goog:chromeOptions: {debuggerAddress: localhost:54368}, networkConnectionEnabled: false, pageLoadStrategy: normal, platformName: windows, proxy: Proxy(), se:cdp: ws://localhost:54368/devtoo..., se:cdpVersion: 134.0.6998.166, setWindowRect: true, strictFileInteractability: false, timeouts: {implicit: 0, pageLoad: 300000, script: 30000}, unhandledPromptBehavior: dismiss and notify, webauthn:extension:credBlob: true, webauthn:extension:largeBlob: true, webauthn:extension:minPinLength: true, webauthn:extension:prf: true, webauthn:virtualAuthenticators: true}
Session ID: 945f5bd870739643b7857d376e86123f
2025-03-27 09:43:39 [main] INFO  l.i.u.t.SubmittedApplicationsPageTest - Marking 'Taip' radio button 12
2025-03-27 09:43:49 [main] DEBUG l.i.u.t.SubmittedApplicationsPageTest - Checked 'ConfirmationStepFour'
2025-03-27 09:43:49 [main] DEBUG l.i.u.t.SubmittedApplicationsPageTest - Clicked 'Next' button after checkboxes.
2025-03-27 09:43:49 [main] INFO  l.i.u.p.SubmittedApplicationsPage - File uploaded successfully to an input element.
2025-03-27 09:43:49 [main] INFO  l.i.u.p.SubmittedApplicationsPage - File uploaded successfully to an input element.
2025-03-27 09:43:49 [main] INFO  l.i.u.p.SubmittedApplicationsPage - File uploaded successfully to an input element.
2025-03-27 09:43:49 [main] INFO  l.i.u.p.SubmittedApplicationsPage - File uploaded successfully to an input element.
2025-03-27 09:43:49 [main] INFO  l.i.u.p.SubmittedApplicationsPage - File uploaded successfully to an input element.
2025-03-27 09:43:49 [main] INFO  l.i.u.p.SubmittedApplicationsPage - File uploaded successfully to an input element.
2025-03-27 09:43:49 [main] INFO  l.i.u.p.SubmittedApplicationsPage - File uploaded successfully to an input element.
2025-03-27 09:43:50 [main] INFO  l.i.u.p.SubmittedApplicationsPage - File uploaded successfully to an input element.
2025-03-27 09:43:50 [main] INFO  l.i.u.p.SubmittedApplicationsPage - File uploaded successfully to an input element.
2025-03-27 09:43:50 [main] INFO  l.i.u.p.SubmittedApplicationsPage - File uploaded successfully to an input element.
2025-03-27 09:43:50 [main] DEBUG l.i.u.t.SubmittedApplicationsPageTest - Entered program name: 'Dokumentas 1'.
2025-03-27 09:43:50 [main] DEBUG l.i.u.t.SubmittedApplicationsPageTest - Entered program name: 'Dokumentas 2'.
2025-03-27 09:43:50 [main] DEBUG l.i.u.t.SubmittedApplicationsPageTest - Entered program name: 'Dokumentas 3'.
2025-03-27 09:43:50 [main] DEBUG l.i.u.t.SubmittedApplicationsPageTest - Entered program name: 'Dokumentas 4'.
2025-03-27 09:43:50 [main] DEBUG l.i.u.t.SubmittedApplicationsPageTest - Entered program name: 'Dokumentas 5'.
2025-03-27 09:43:51 [main] DEBUG l.i.u.t.SubmittedApplicationsPageTest - Entered program name: 'Dokumentas 6'.
2025-03-27 09:43:51 [main] DEBUG l.i.u.t.SubmittedApplicationsPageTest - Entered program name: 'Dokumentas 4'.
2025-03-27 09:43:51 [main] DEBUG l.i.u.t.SubmittedApplicationsPageTest - Entered program name: 'Dokumentas 8'.
2025-03-27 09:43:51 [main] DEBUG l.i.u.t.SubmittedApplicationsPageTest - Entered program name: 'Dokumentas 9'.
2025-03-27 09:43:51 [main] DEBUG l.i.u.t.SubmittedApplicationsPageTest - Entered program name: 'Dokumentas 10'.
2025-03-27 09:44:01 [main] DEBUG l.i.u.t.SubmittedApplicationsPageTest - Checked 'ConfirmationDocument'
2025-03-27 09:44:11 [main] DEBUG l.i.u.t.SubmittedApplicationsPageTest - Checked 'ConfirmationApplication'
2025-03-27 09:44:11 [main] DEBUG l.i.u.t.SubmittedApplicationsPageTest - Clicked 'Review' button after checkboxes.
2025-03-27 09:44:14 [main] DEBUG l.i.u.t.SubmittedApplicationsPageTest - Clicked 'Submit' button after checkboxes.
2025-03-27 09:44:14 [main] DEBUG l.i.u.t.SubmittedApplicationsPageTest - Clicked 'SubmitConfirmation' button after checkboxes.
2025-03-27 09:44:14 [main] ERROR l.i.uztis.pages.ApplicationFormsPage - Failed to verify the success message: 'Paraiška sėkmingai pateikta ir užregistruota.'. Available messages: [Nepavyko pateikti paraiškos duomenų. Bandykite vėliau.]
2025-03-27 09:44:14 [main] INFO  l.i.u.t.SubmittedApplicationsPageTest - Test 'testFillNewVUIApplicationFA' completed successfully.
2025-03-27 09:48:48 [main] INFO  lt.insoft.uztis.tests.UztisPageTest - Navigated to https://uztisdev.asseco.lt/home
2025-03-27 09:48:48 [main] INFO  l.i.u.t.SubmittedApplicationsPageTest - Starting test:'testFillNewVUIPApplicationFA'
2025-03-27 09:48:48 [main] DEBUG l.i.u.t.SubmittedApplicationsPageTest - User logged in with test credentials.
2025-03-27 09:48:49 [main] DEBUG l.i.u.t.SubmittedApplicationsPageTest - Opened 'Application Processing' menu.
2025-03-27 09:48:49 [main] DEBUG l.i.u.t.SubmittedApplicationsPageTest - Clicked on 'Application Forms' menu.
2025-03-27 09:48:49 [main] DEBUG l.i.u.t.SubmittedApplicationsPageTest - Retrieved last description code text: 'TST-VUI-75'.
2025-03-27 09:48:49 [main] DEBUG l.i.u.t.SubmittedApplicationsPageTest - Clicked on 'Invitation' menu.
2025-03-27 09:48:51 [main] DEBUG l.i.u.t.SubmittedApplicationsPageTest - Selected application section by code: 'TST-VUI-75'.
2025-03-27 09:48:51 [main] DEBUG l.i.u.t.SubmittedApplicationsPageTest - Clicked 'Search' button.
2025-03-27 09:48:51 [main] DEBUG l.i.u.t.SubmittedApplicationsPageTest - Retrieved invitation code: ''.
2025-03-27 09:48:51 [main] DEBUG l.i.u.t.SubmittedApplicationsPageTest - Clicked on 'Submitted Applications' menu.
2025-03-27 09:48:53 [main] DEBUG l.i.u.t.SubmittedApplicationsPageTest - Selected invitation by code: 'TST-VUI-75'.
2025-03-27 09:48:53 [main] DEBUG l.i.u.t.SubmittedApplicationsPageTest - Invitation code inserted.
2025-03-27 09:48:53 [main] DEBUG l.i.u.t.SubmittedApplicationsPageTest - Clicked on 'Action Application' button.
2025-03-27 09:48:53 [main] DEBUG l.i.u.t.SubmittedApplicationsPageTest - Clicked on 'New Application' button.
2025-03-27 09:48:54 [main] DEBUG l.i.u.t.SubmittedApplicationsPageTest - Selected the 'RadioButtonFA' option.
2025-03-27 09:48:54 [main] DEBUG l.i.u.t.SubmittedApplicationsPageTest - Entered phone number: '61298745'.
2025-03-27 09:48:54 [main] DEBUG l.i.u.t.SubmittedApplicationsPageTest - Entered email: 'test@autotest.com'.
2025-03-27 09:48:54 [main] INFO  l.i.u.p.SubmittedApplicationsPage - Clicking on the dropdown button.
2025-03-27 09:49:10 [main] INFO  l.i.u.p.SubmittedApplicationsPage - Found 1741 options in the dropdown.
2025-03-27 09:49:11 [main] DEBUG l.i.u.p.SubmittedApplicationsPage - Checking option: ''
2025-03-27 09:49:11 [main] DEBUG l.i.u.p.SubmittedApplicationsPage - Checking option: '01.11 - Grūdinių (išskyrus ryžius), ankštinių ir aliejingų sėklų augalų auginimas'
2025-03-27 09:49:11 [main] INFO  l.i.u.p.SubmittedApplicationsPage - Successfully selected the value: '01.11 - Grūdinių (išskyrus ryžius), ankštinių ir aliejingų sėklų augalų auginimas'
2025-03-27 09:49:11 [main] INFO  l.i.u.p.SubmittedApplicationsPage - Attempting to close the dropdown.
2025-03-27 09:49:11 [main] DEBUG l.i.u.t.SubmittedApplicationsPageTest - Selected EVRK value: '01.11 - Grūdinių (išskyrus ryžius), ankštinių ir aliejingų sėklų augalų auginimas'.
2025-03-27 09:49:11 [main] DEBUG l.i.u.t.SubmittedApplicationsPageTest - Clicked on 'Address Component' button.
2025-03-27 09:49:11 [main] INFO  l.i.u.p.SubmittedApplicationsPage - Located the dropdown button.
2025-03-27 09:49:15 [main] INFO  l.i.u.p.SubmittedApplicationsPage - Successfully selected the value: 'Lietuva'
2025-03-27 09:49:15 [main] DEBUG l.i.u.t.SubmittedApplicationsPageTest - Selected country: 'Lietuva'.
2025-03-27 09:49:15 [main] INFO  l.i.u.p.SubmittedApplicationsPage - Located the dropdown search field.
2025-03-27 09:49:15 [main] INFO  l.i.u.p.SubmittedApplicationsPage - Dropdown city is opened.
2025-03-27 09:49:15 [main] INFO  l.i.u.p.SubmittedApplicationsPage - Searched for value: 'Vilnius'
2025-03-27 09:49:16 [main] INFO  l.i.u.p.SubmittedApplicationsPage - Successfully selected: 'Vilnius'
2025-03-27 09:49:16 [main] INFO  l.i.u.p.SubmittedApplicationsPage - Located the dropdown button.
2025-03-27 09:49:16 [main] INFO  l.i.u.p.SubmittedApplicationsPage - Successfully selected the value: 'A. Domaševičiaus g.'
2025-03-27 09:49:16 [main] DEBUG l.i.u.t.SubmittedApplicationsPageTest - Selected street: 'A. Domaševičiaus g.'.
2025-03-27 09:49:16 [main] INFO  l.i.u.p.SubmittedApplicationsPage - Located the dropdown button.
2025-03-27 09:49:17 [main] INFO  l.i.u.p.SubmittedApplicationsPage - Successfully selected the value: '1'
2025-03-27 09:49:17 [main] DEBUG l.i.u.t.SubmittedApplicationsPageTest - Selected house: '1'.
2025-03-27 09:49:17 [main] INFO  l.i.u.p.SubmittedApplicationsPage - Located the dropdown button.
2025-03-27 09:49:17 [main] INFO  l.i.u.p.SubmittedApplicationsPage - Successfully selected the value: '1'
2025-03-27 09:49:17 [main] DEBUG l.i.u.t.SubmittedApplicationsPageTest - Selected apartment: '1'.
2025-03-27 09:49:17 [main] DEBUG l.i.u.t.SubmittedApplicationsPageTest - Clicked 'Confirm' button.
2025-03-27 09:49:17 [main] DEBUG l.i.u.t.SubmittedApplicationsPageTest - Entered project date.
2025-03-27 09:49:18 [main] DEBUG l.i.u.t.SubmittedApplicationsPageTest - Entered job count: '1'.
2025-03-27 09:49:18 [main] DEBUG l.i.u.t.SubmittedApplicationsPageTest - Clicked 'Next' button.
2025-03-27 09:49:18 [main] INFO  l.i.u.p.SubmittedApplicationsPage - Located the dropdown button.
2025-03-27 09:49:19 [main] INFO  l.i.u.p.SubmittedApplicationsPage - Successfully selected the value: 'Administratoriai'
2025-03-27 09:49:19 [main] DEBUG l.i.u.t.SubmittedApplicationsPageTest - Selected job name: 'Administratoriai'.
2025-03-27 09:49:19 [main] DEBUG l.i.u.t.SubmittedApplicationsPageTest - Entered job function: 'Funkcija 1'.
2025-03-27 09:49:20 [main] DEBUG l.i.u.t.SubmittedApplicationsPageTest - Selected 'RadioButtonWithDisabilities' option.
2025-03-27 09:49:20 [main] INFO  l.i.u.p.SubmittedApplicationsPage - Clicking on the dropdown button.
2025-03-27 09:49:20 [main] INFO  l.i.u.p.SubmittedApplicationsPage - Found 34 options in the dropdown.
2025-03-27 09:49:20 [main] DEBUG l.i.u.p.SubmittedApplicationsPage - Checking option: 'Asmenys, kuriems suteiktas pabėgėlio statusas ar perkeliamojo asmens statusas, arba asmenys, kuriems suteikta papildoma ar laikinoji apsauga, ir asmenys, turintys teisę gauti laikinąją apsaugą, iki sprendimo dėl laikinosios apsaugos suteikimo (nesuteikimo) priėmimo, tačiau ne ilgiau kaip laikinosios apsaugos laikotarpiu'
2025-03-27 09:49:20 [main] DEBUG l.i.u.p.SubmittedApplicationsPage - Checking option: 'Asmenys, kuriems suteiktas pabėgėlio statusas ar perkeliamojo asmens statusas, arba asmenys, kuriems suteikta papildoma ar laikinoji apsauga, ir asmenys, turintys teisę gauti laikinąją apsaugą, iki sprendimo dėl laikinosios apsaugos suteikimo (nesuteikimo) priėmimo, tačiau ne ilgiau kaip laikinosios apsaugos laikotarpiu'
2025-03-27 09:49:20 [main] DEBUG l.i.u.p.SubmittedApplicationsPage - Checking option: 'Asmenys, turintys teisę į papildomas užimtumo garantijas pagal Lietuvos Respublikos valstybės įmonės Ignalinos atominės elektrinės darbuotojų papildomų užimtumo ir socialinių garantijų įstatymą'
2025-03-27 09:49:20 [main] DEBUG l.i.u.p.SubmittedApplicationsPage - Checking option: 'Asmenys, turintys teisę į papildomas užimtumo garantijas pagal Lietuvos Respublikos valstybės įmonės Ignalinos atominės elektrinės darbuotojų papildomų užimtumo ir socialinių garantijų įstatymą'
2025-03-27 09:49:20 [main] DEBUG l.i.u.p.SubmittedApplicationsPage - Checking option: 'Bedarbiai iki 29 metų'
2025-03-27 09:49:20 [main] DEBUG l.i.u.p.SubmittedApplicationsPage - Checking option: 'Bedarbiai iki 29 metų'
2025-03-27 09:49:20 [main] DEBUG l.i.u.p.SubmittedApplicationsPage - Checking option: 'Bedarbiai, kurie yra darbingo amžiaus neįgalieji, kuriems nustatytas 30–40 procentų darbingumo lygis arba vidutinis neįgalumo lygis'
2025-03-27 09:49:20 [main] DEBUG l.i.u.p.SubmittedApplicationsPage - Checking option: 'Bedarbiai, kurie yra darbingo amžiaus neįgalieji, kuriems nustatytas 30–40 procentų darbingumo lygis arba vidutinis neįgalumo lygis'
2025-03-27 09:49:20 [main] DEBUG l.i.u.p.SubmittedApplicationsPage - Checking option: 'Bedarbiai, kurie yra darbingo amžiaus neįgalieji, kuriems nustatytas 45–55 procentų darbingumo lygis arba lengvas neįgalumo lygis'
2025-03-27 09:49:20 [main] DEBUG l.i.u.p.SubmittedApplicationsPage - Checking option: 'Bedarbiai, kurie yra darbingo amžiaus neįgalieji, kuriems nustatytas 45–55 procentų darbingumo lygis arba lengvas neįgalumo lygis'
2025-03-27 09:49:20 [main] DEBUG l.i.u.p.SubmittedApplicationsPage - Checking option: 'Bedarbiai, kurie yra darbingo amžiaus neįgalieji, kuriems nustatytas iki 25 procentų darbingumo lygis arba sunkus neįgalumo lygis'
2025-03-27 09:49:20 [main] INFO  l.i.u.p.SubmittedApplicationsPage - Successfully selected the value: 'Bedarbiai, kurie yra darbingo amžiaus neįgalieji, kuriems nustatytas iki 25 procentų darbingumo lygis arba sunkus neįgalumo lygis'
2025-03-27 09:49:20 [main] INFO  l.i.u.p.SubmittedApplicationsPage - Attempting to close the dropdown.
2025-03-27 09:49:21 [main] DEBUG l.i.u.t.SubmittedApplicationsPageTest - Selected disabilities type: 'Bedarbiai, kurie yra darbingo amžiaus neįgalieji, kuriems nustatytas iki 25 procentų darbingumo lygis arba sunkus neįgalumo lygis'.
2025-03-27 09:49:21 [main] DEBUG l.i.u.t.SubmittedApplicationsPageTest - Entered disability information: 'Negalia 1'.
2025-03-27 09:49:21 [main] INFO  l.i.u.p.SubmittedApplicationsPage - Located the dropdown button.
2025-03-27 09:49:22 [main] INFO  l.i.u.p.SubmittedApplicationsPage - Successfully selected the value: 'Kita'
2025-03-27 09:49:22 [main] DEBUG l.i.u.t.SubmittedApplicationsPageTest - Selected time mode: 'Kita'.
2025-03-27 09:49:22 [main] DEBUG l.i.u.t.SubmittedApplicationsPageTest - Selected time mode other: '6 val. per dieną ir 4 d. per savaitę'.
2025-03-27 09:49:22 [main] DEBUG l.i.u.t.SubmittedApplicationsPageTest - Entered qualification: 'Kvalifikacija 1'.
2025-03-27 09:49:23 [main] DEBUG l.i.u.t.SubmittedApplicationsPageTest - Entered job date.
2025-03-27 09:49:23 [main] DEBUG l.i.u.t.SubmittedApplicationsPageTest - Entered salary amount: '1200'.
2025-03-27 09:49:23 [main] DEBUG l.i.u.t.SubmittedApplicationsPageTest - Entered salary description: 'Užmokestis 1'.
2025-03-27 09:49:23 [main] DEBUG l.i.u.t.SubmittedApplicationsPageTest - Selected 'Temporary Job' radio button.
2025-03-27 09:49:23 [main] DEBUG l.i.u.t.SubmittedApplicationsPageTest - Selected 'Season Job' radio button.
2025-03-27 09:49:24 [main] DEBUG l.i.u.t.SubmittedApplicationsPageTest - Selected 'Energy' radio button.
2025-03-27 09:49:24 [main] DEBUG l.i.u.t.SubmittedApplicationsPageTest - Selected 'Repair' radio button.
2025-03-27 09:49:24 [main] DEBUG l.i.u.t.SubmittedApplicationsPageTest - Entered job description: 'Veikla 1'.
2025-03-27 09:49:24 [main] DEBUG l.i.u.t.SubmittedApplicationsPageTest - Entered process description: 'Procesas 1'.
2025-03-27 09:49:24 [main] DEBUG l.i.u.t.SubmittedApplicationsPageTest - Entered energy information: 'Energija 1'.
2025-03-27 09:49:25 [main] DEBUG l.i.u.t.SubmittedApplicationsPageTest - Entered repair information: 'Remontas 1'.
2025-03-27 09:49:25 [main] DEBUG l.i.u.t.SubmittedApplicationsPageTest - Selected 'PVM' radio button.
2025-03-27 09:49:25 [main] INFO  l.i.u.p.SubmittedApplicationsPage - Located the dropdown button.
2025-03-27 09:49:26 [main] INFO  l.i.u.p.SubmittedApplicationsPage - Successfully selected the value: 'Įsigyti'
2025-03-27 09:49:26 [main] DEBUG l.i.u.t.SubmittedApplicationsPageTest - Selected necessary for job: 'Įsigyti'.
2025-03-27 09:49:26 [main] DEBUG l.i.u.t.SubmittedApplicationsPageTest - Selected tool: 'Darbo priemonė 1'.
2025-03-27 09:49:26 [main] DEBUG l.i.u.t.SubmittedApplicationsPageTest - Selected tool parameter one: 'Darbo priemonės 1 parametras 1'.
2025-03-27 09:49:27 [main] DEBUG l.i.u.t.SubmittedApplicationsPageTest - Selected tool parameter two: 'Darbo priemonės 1 parametras 2'.
2025-03-27 09:49:27 [main] DEBUG l.i.u.t.SubmittedApplicationsPageTest - Selected tool parameter three: 'Darbo priemonės 1 parametras 3'.
2025-03-27 09:49:27 [main] DEBUG l.i.u.t.SubmittedApplicationsPageTest - Entered tool count: '1'.
2025-03-27 09:49:27 [main] DEBUG l.i.u.t.SubmittedApplicationsPageTest - Entered price amount 1: '1000'.
2025-03-27 09:49:29 [main] DEBUG l.i.u.t.SubmittedApplicationsPageTest - Entered own funds amount 1: '800'.
2025-03-27 09:49:32 [main] DEBUG l.i.u.t.SubmittedApplicationsPageTest - Clicked 'Add' button.
2025-03-27 09:49:32 [main] INFO  l.i.u.p.SubmittedApplicationsPage - Located the dropdown button.
2025-03-27 09:49:32 [main] INFO  l.i.u.p.SubmittedApplicationsPage - Successfully selected the value: 'Remontuoti'
2025-03-27 09:49:32 [main] DEBUG l.i.u.t.SubmittedApplicationsPageTest - Selected necessary for job 'to repair': 'Remontuoti'.
2025-03-27 09:49:32 [main] DEBUG l.i.u.t.SubmittedApplicationsPageTest - Selected repair name: 'Remonto pavadinimas 1'.
2025-03-27 09:49:33 [main] DEBUG l.i.u.t.SubmittedApplicationsPageTest - Entered repair information: 'Remonto aprašymas 1'.
2025-03-27 09:49:33 [main] DEBUG l.i.u.t.SubmittedApplicationsPageTest - Entered price amount 2: '1000'.
2025-03-27 09:49:35 [main] DEBUG l.i.u.t.SubmittedApplicationsPageTest - Entered own funds amount 2: '900'.
2025-03-27 09:49:37 [main] DEBUG l.i.u.t.SubmittedApplicationsPageTest - Entered country percentage: '50'.
2025-03-27 09:49:37 [main] DEBUG l.i.u.t.SubmittedApplicationsPageTest - Entered institution percentage: '50'.
2025-03-27 09:49:37 [main] DEBUG l.i.u.t.SubmittedApplicationsPageTest - Entered municipality percentage: '50'.
2025-03-27 09:49:38 [main] DEBUG l.i.u.t.SubmittedApplicationsPageTest - Selected 'De Minimis' radio button.
2025-03-27 09:49:38 [main] DEBUG l.i.u.t.SubmittedApplicationsPageTest - Entered program name: 'Programa 1'.
2025-03-27 09:49:38 [main] DEBUG l.i.u.t.SubmittedApplicationsPageTest - Entered project date from.
2025-03-27 09:49:38 [main] DEBUG l.i.u.t.SubmittedApplicationsPageTest - Entered project date until.
2025-03-27 09:49:38 [main] DEBUG l.i.u.t.SubmittedApplicationsPageTest - Entered support amount: '2000'.
2025-03-27 09:49:38 [main] DEBUG l.i.u.t.SubmittedApplicationsPageTest - Clicked 'Next' button.
2025-03-27 09:49:49 [main] DEBUG l.i.u.t.SubmittedApplicationsPageTest - Checked 'Legal Entities' checkbox 1.
2025-03-27 09:49:59 [main] DEBUG l.i.u.t.SubmittedApplicationsPageTest - Checked 'Legal Entities' checkbox 2.
2025-03-27 09:50:09 [main] DEBUG l.i.u.t.SubmittedApplicationsPageTest - Checked 'Legal Entities' checkbox 3.
2025-03-27 09:50:09 [main] DEBUG l.i.u.t.SubmittedApplicationsPageTest - Test finished: All 'Legal Entities' checkboxes checked successfully.
2025-03-27 09:50:09 [main] DEBUG l.i.u.t.SubmittedApplicationsPageTest - Clicked 'Next' button after checkboxes.
2025-03-27 09:50:19 [main] ERROR l.i.u.p.SubmittedApplicationsPage - Error selecting radio button: Expected condition failed: waiting for element to be clickable: By.xpath: (//input[@type='radio' and @value='false'])[8] (tried for 10 second(s) with 500 milliseconds interval)
Build info: version: '4.27.0', revision: 'd6e718d134'
System info: os.name: 'Windows 11', os.arch: 'amd64', os.version: '10.0', java.version: '21.0.3'
Driver info: org.openqa.selenium.chrome.ChromeDriver
Capabilities {acceptInsecureCerts: false, browserName: chrome, browserVersion: 134.0.6998.166, chrome: {chromedriverVersion: 134.0.6998.165 (fd886e2cb29..., userDataDir: C:\Users\INGRID~1.ZAD\AppDa...}, fedcm:accounts: true, goog:chromeOptions: {debuggerAddress: localhost:54665}, networkConnectionEnabled: false, pageLoadStrategy: normal, platformName: windows, proxy: Proxy(), se:cdp: ws://localhost:54665/devtoo..., se:cdpVersion: 134.0.6998.166, setWindowRect: true, strictFileInteractability: false, timeouts: {implicit: 0, pageLoad: 300000, script: 30000}, unhandledPromptBehavior: dismiss and notify, webauthn:extension:credBlob: true, webauthn:extension:largeBlob: true, webauthn:extension:minPinLength: true, webauthn:extension:prf: true, webauthn:virtualAuthenticators: true}
Session ID: 242e95f2d31d8cdac0ccbaed64e438d1
2025-03-27 09:50:19 [main] INFO  l.i.u.t.SubmittedApplicationsPageTest - Marking 'Ne' radio button 1
2025-03-27 09:50:29 [main] ERROR l.i.u.p.SubmittedApplicationsPage - Error selecting radio button: Expected condition failed: waiting for element to be clickable: By.xpath: (//input[@type='radio' and @value='false'])[9] (tried for 10 second(s) with 500 milliseconds interval)
Build info: version: '4.27.0', revision: 'd6e718d134'
System info: os.name: 'Windows 11', os.arch: 'amd64', os.version: '10.0', java.version: '21.0.3'
Driver info: org.openqa.selenium.chrome.ChromeDriver
Capabilities {acceptInsecureCerts: false, browserName: chrome, browserVersion: 134.0.6998.166, chrome: {chromedriverVersion: 134.0.6998.165 (fd886e2cb29..., userDataDir: C:\Users\INGRID~1.ZAD\AppDa...}, fedcm:accounts: true, goog:chromeOptions: {debuggerAddress: localhost:54665}, networkConnectionEnabled: false, pageLoadStrategy: normal, platformName: windows, proxy: Proxy(), se:cdp: ws://localhost:54665/devtoo..., se:cdpVersion: 134.0.6998.166, setWindowRect: true, strictFileInteractability: false, timeouts: {implicit: 0, pageLoad: 300000, script: 30000}, unhandledPromptBehavior: dismiss and notify, webauthn:extension:credBlob: true, webauthn:extension:largeBlob: true, webauthn:extension:minPinLength: true, webauthn:extension:prf: true, webauthn:virtualAuthenticators: true}
Session ID: 242e95f2d31d8cdac0ccbaed64e438d1
2025-03-27 09:50:29 [main] INFO  l.i.u.t.SubmittedApplicationsPageTest - Marking 'Ne' radio button 2
2025-03-27 09:50:39 [main] ERROR l.i.u.p.SubmittedApplicationsPage - Error selecting radio button: Expected condition failed: waiting for element to be clickable: By.xpath: (//input[@type='radio' and @value='false'])[10] (tried for 10 second(s) with 500 milliseconds interval)
Build info: version: '4.27.0', revision: 'd6e718d134'
System info: os.name: 'Windows 11', os.arch: 'amd64', os.version: '10.0', java.version: '21.0.3'
Driver info: org.openqa.selenium.chrome.ChromeDriver
Capabilities {acceptInsecureCerts: false, browserName: chrome, browserVersion: 134.0.6998.166, chrome: {chromedriverVersion: 134.0.6998.165 (fd886e2cb29..., userDataDir: C:\Users\INGRID~1.ZAD\AppDa...}, fedcm:accounts: true, goog:chromeOptions: {debuggerAddress: localhost:54665}, networkConnectionEnabled: false, pageLoadStrategy: normal, platformName: windows, proxy: Proxy(), se:cdp: ws://localhost:54665/devtoo..., se:cdpVersion: 134.0.6998.166, setWindowRect: true, strictFileInteractability: false, timeouts: {implicit: 0, pageLoad: 300000, script: 30000}, unhandledPromptBehavior: dismiss and notify, webauthn:extension:credBlob: true, webauthn:extension:largeBlob: true, webauthn:extension:minPinLength: true, webauthn:extension:prf: true, webauthn:virtualAuthenticators: true}
Session ID: 242e95f2d31d8cdac0ccbaed64e438d1
2025-03-27 09:50:39 [main] INFO  l.i.u.t.SubmittedApplicationsPageTest - Marking 'Ne' radio button 3
2025-03-27 09:50:49 [main] ERROR l.i.u.p.SubmittedApplicationsPage - Error selecting radio button: Expected condition failed: waiting for element to be clickable: By.xpath: (//input[@type='radio' and @value='false'])[11] (tried for 10 second(s) with 500 milliseconds interval)
Build info: version: '4.27.0', revision: 'd6e718d134'
System info: os.name: 'Windows 11', os.arch: 'amd64', os.version: '10.0', java.version: '21.0.3'
Driver info: org.openqa.selenium.chrome.ChromeDriver
Capabilities {acceptInsecureCerts: false, browserName: chrome, browserVersion: 134.0.6998.166, chrome: {chromedriverVersion: 134.0.6998.165 (fd886e2cb29..., userDataDir: C:\Users\INGRID~1.ZAD\AppDa...}, fedcm:accounts: true, goog:chromeOptions: {debuggerAddress: localhost:54665}, networkConnectionEnabled: false, pageLoadStrategy: normal, platformName: windows, proxy: Proxy(), se:cdp: ws://localhost:54665/devtoo..., se:cdpVersion: 134.0.6998.166, setWindowRect: true, strictFileInteractability: false, timeouts: {implicit: 0, pageLoad: 300000, script: 30000}, unhandledPromptBehavior: dismiss and notify, webauthn:extension:credBlob: true, webauthn:extension:largeBlob: true, webauthn:extension:minPinLength: true, webauthn:extension:prf: true, webauthn:virtualAuthenticators: true}
Session ID: 242e95f2d31d8cdac0ccbaed64e438d1
2025-03-27 09:50:49 [main] INFO  l.i.u.t.SubmittedApplicationsPageTest - Marking 'Ne' radio button 4
2025-03-27 09:51:00 [main] ERROR l.i.u.p.SubmittedApplicationsPage - Error selecting radio button: Expected condition failed: waiting for element to be clickable: By.xpath: (//input[@type='radio' and @value='false'])[12] (tried for 10 second(s) with 500 milliseconds interval)
Build info: version: '4.27.0', revision: 'd6e718d134'
System info: os.name: 'Windows 11', os.arch: 'amd64', os.version: '10.0', java.version: '21.0.3'
Driver info: org.openqa.selenium.chrome.ChromeDriver
Capabilities {acceptInsecureCerts: false, browserName: chrome, browserVersion: 134.0.6998.166, chrome: {chromedriverVersion: 134.0.6998.165 (fd886e2cb29..., userDataDir: C:\Users\INGRID~1.ZAD\AppDa...}, fedcm:accounts: true, goog:chromeOptions: {debuggerAddress: localhost:54665}, networkConnectionEnabled: false, pageLoadStrategy: normal, platformName: windows, proxy: Proxy(), se:cdp: ws://localhost:54665/devtoo..., se:cdpVersion: 134.0.6998.166, setWindowRect: true, strictFileInteractability: false, timeouts: {implicit: 0, pageLoad: 300000, script: 30000}, unhandledPromptBehavior: dismiss and notify, webauthn:extension:credBlob: true, webauthn:extension:largeBlob: true, webauthn:extension:minPinLength: true, webauthn:extension:prf: true, webauthn:virtualAuthenticators: true}
Session ID: 242e95f2d31d8cdac0ccbaed64e438d1
2025-03-27 09:51:00 [main] INFO  l.i.u.t.SubmittedApplicationsPageTest - Marking 'Ne' radio button 5
2025-03-27 09:51:10 [main] ERROR l.i.u.p.SubmittedApplicationsPage - Error selecting radio button: Expected condition failed: waiting for element to be clickable: By.xpath: (//input[@type='radio' and @value='false'])[13] (tried for 10 second(s) with 500 milliseconds interval)
Build info: version: '4.27.0', revision: 'd6e718d134'
System info: os.name: 'Windows 11', os.arch: 'amd64', os.version: '10.0', java.version: '21.0.3'
Driver info: org.openqa.selenium.chrome.ChromeDriver
Capabilities {acceptInsecureCerts: false, browserName: chrome, browserVersion: 134.0.6998.166, chrome: {chromedriverVersion: 134.0.6998.165 (fd886e2cb29..., userDataDir: C:\Users\INGRID~1.ZAD\AppDa...}, fedcm:accounts: true, goog:chromeOptions: {debuggerAddress: localhost:54665}, networkConnectionEnabled: false, pageLoadStrategy: normal, platformName: windows, proxy: Proxy(), se:cdp: ws://localhost:54665/devtoo..., se:cdpVersion: 134.0.6998.166, setWindowRect: true, strictFileInteractability: false, timeouts: {implicit: 0, pageLoad: 300000, script: 30000}, unhandledPromptBehavior: dismiss and notify, webauthn:extension:credBlob: true, webauthn:extension:largeBlob: true, webauthn:extension:minPinLength: true, webauthn:extension:prf: true, webauthn:virtualAuthenticators: true}
Session ID: 242e95f2d31d8cdac0ccbaed64e438d1
2025-03-27 09:51:10 [main] INFO  l.i.u.t.SubmittedApplicationsPageTest - Marking 'Ne' radio button 6
2025-03-27 09:51:20 [main] ERROR l.i.u.p.SubmittedApplicationsPage - Error selecting radio button: Expected condition failed: waiting for element to be clickable: By.xpath: (//input[@type='radio' and @value='true'])[14] (tried for 10 second(s) with 500 milliseconds interval)
Build info: version: '4.27.0', revision: 'd6e718d134'
System info: os.name: 'Windows 11', os.arch: 'amd64', os.version: '10.0', java.version: '21.0.3'
Driver info: org.openqa.selenium.chrome.ChromeDriver
Capabilities {acceptInsecureCerts: false, browserName: chrome, browserVersion: 134.0.6998.166, chrome: {chromedriverVersion: 134.0.6998.165 (fd886e2cb29..., userDataDir: C:\Users\INGRID~1.ZAD\AppDa...}, fedcm:accounts: true, goog:chromeOptions: {debuggerAddress: localhost:54665}, networkConnectionEnabled: false, pageLoadStrategy: normal, platformName: windows, proxy: Proxy(), se:cdp: ws://localhost:54665/devtoo..., se:cdpVersion: 134.0.6998.166, setWindowRect: true, strictFileInteractability: false, timeouts: {implicit: 0, pageLoad: 300000, script: 30000}, unhandledPromptBehavior: dismiss and notify, webauthn:extension:credBlob: true, webauthn:extension:largeBlob: true, webauthn:extension:minPinLength: true, webauthn:extension:prf: true, webauthn:virtualAuthenticators: true}
Session ID: 242e95f2d31d8cdac0ccbaed64e438d1
2025-03-27 09:51:20 [main] INFO  l.i.u.t.SubmittedApplicationsPageTest - Marking 'Taip' radio button 7
2025-03-27 09:51:30 [main] ERROR l.i.u.p.SubmittedApplicationsPage - Error selecting radio button: Expected condition failed: waiting for element to be clickable: By.xpath: (//input[@type='radio' and @value='true'])[15] (tried for 10 second(s) with 500 milliseconds interval)
Build info: version: '4.27.0', revision: 'd6e718d134'
System info: os.name: 'Windows 11', os.arch: 'amd64', os.version: '10.0', java.version: '21.0.3'
Driver info: org.openqa.selenium.chrome.ChromeDriver
Capabilities {acceptInsecureCerts: false, browserName: chrome, browserVersion: 134.0.6998.166, chrome: {chromedriverVersion: 134.0.6998.165 (fd886e2cb29..., userDataDir: C:\Users\INGRID~1.ZAD\AppDa...}, fedcm:accounts: true, goog:chromeOptions: {debuggerAddress: localhost:54665}, networkConnectionEnabled: false, pageLoadStrategy: normal, platformName: windows, proxy: Proxy(), se:cdp: ws://localhost:54665/devtoo..., se:cdpVersion: 134.0.6998.166, setWindowRect: true, strictFileInteractability: false, timeouts: {implicit: 0, pageLoad: 300000, script: 30000}, unhandledPromptBehavior: dismiss and notify, webauthn:extension:credBlob: true, webauthn:extension:largeBlob: true, webauthn:extension:minPinLength: true, webauthn:extension:prf: true, webauthn:virtualAuthenticators: true}
Session ID: 242e95f2d31d8cdac0ccbaed64e438d1
2025-03-27 09:51:30 [main] INFO  l.i.u.t.SubmittedApplicationsPageTest - Marking 'Taip' radio button 8
2025-03-27 09:51:40 [main] ERROR l.i.u.p.SubmittedApplicationsPage - Error selecting radio button: Expected condition failed: waiting for element to be clickable: By.xpath: (//input[@type='radio' and @value='true'])[16] (tried for 10 second(s) with 500 milliseconds interval)
Build info: version: '4.27.0', revision: 'd6e718d134'
System info: os.name: 'Windows 11', os.arch: 'amd64', os.version: '10.0', java.version: '21.0.3'
Driver info: org.openqa.selenium.chrome.ChromeDriver
Capabilities {acceptInsecureCerts: false, browserName: chrome, browserVersion: 134.0.6998.166, chrome: {chromedriverVersion: 134.0.6998.165 (fd886e2cb29..., userDataDir: C:\Users\INGRID~1.ZAD\AppDa...}, fedcm:accounts: true, goog:chromeOptions: {debuggerAddress: localhost:54665}, networkConnectionEnabled: false, pageLoadStrategy: normal, platformName: windows, proxy: Proxy(), se:cdp: ws://localhost:54665/devtoo..., se:cdpVersion: 134.0.6998.166, setWindowRect: true, strictFileInteractability: false, timeouts: {implicit: 0, pageLoad: 300000, script: 30000}, unhandledPromptBehavior: dismiss and notify, webauthn:extension:credBlob: true, webauthn:extension:largeBlob: true, webauthn:extension:minPinLength: true, webauthn:extension:prf: true, webauthn:virtualAuthenticators: true}
Session ID: 242e95f2d31d8cdac0ccbaed64e438d1
2025-03-27 09:51:40 [main] INFO  l.i.u.t.SubmittedApplicationsPageTest - Marking 'Taip' radio button 9
2025-03-27 09:51:50 [main] ERROR l.i.u.p.SubmittedApplicationsPage - Error selecting radio button: Expected condition failed: waiting for element to be clickable: By.xpath: (//input[@type='radio' and @value='true'])[17] (tried for 10 second(s) with 500 milliseconds interval)
Build info: version: '4.27.0', revision: 'd6e718d134'
System info: os.name: 'Windows 11', os.arch: 'amd64', os.version: '10.0', java.version: '21.0.3'
Driver info: org.openqa.selenium.chrome.ChromeDriver
Capabilities {acceptInsecureCerts: false, browserName: chrome, browserVersion: 134.0.6998.166, chrome: {chromedriverVersion: 134.0.6998.165 (fd886e2cb29..., userDataDir: C:\Users\INGRID~1.ZAD\AppDa...}, fedcm:accounts: true, goog:chromeOptions: {debuggerAddress: localhost:54665}, networkConnectionEnabled: false, pageLoadStrategy: normal, platformName: windows, proxy: Proxy(), se:cdp: ws://localhost:54665/devtoo..., se:cdpVersion: 134.0.6998.166, setWindowRect: true, strictFileInteractability: false, timeouts: {implicit: 0, pageLoad: 300000, script: 30000}, unhandledPromptBehavior: dismiss and notify, webauthn:extension:credBlob: true, webauthn:extension:largeBlob: true, webauthn:extension:minPinLength: true, webauthn:extension:prf: true, webauthn:virtualAuthenticators: true}
Session ID: 242e95f2d31d8cdac0ccbaed64e438d1
2025-03-27 09:51:50 [main] INFO  l.i.u.t.SubmittedApplicationsPageTest - Marking 'Taip' radio button 10
2025-03-27 09:52:00 [main] ERROR l.i.u.p.SubmittedApplicationsPage - Error selecting radio button: Expected condition failed: waiting for element to be clickable: By.xpath: (//input[@type='radio' and @value='true'])[18] (tried for 10 second(s) with 500 milliseconds interval)
Build info: version: '4.27.0', revision: 'd6e718d134'
System info: os.name: 'Windows 11', os.arch: 'amd64', os.version: '10.0', java.version: '21.0.3'
Driver info: org.openqa.selenium.chrome.ChromeDriver
Capabilities {acceptInsecureCerts: false, browserName: chrome, browserVersion: 134.0.6998.166, chrome: {chromedriverVersion: 134.0.6998.165 (fd886e2cb29..., userDataDir: C:\Users\INGRID~1.ZAD\AppDa...}, fedcm:accounts: true, goog:chromeOptions: {debuggerAddress: localhost:54665}, networkConnectionEnabled: false, pageLoadStrategy: normal, platformName: windows, proxy: Proxy(), se:cdp: ws://localhost:54665/devtoo..., se:cdpVersion: 134.0.6998.166, setWindowRect: true, strictFileInteractability: false, timeouts: {implicit: 0, pageLoad: 300000, script: 30000}, unhandledPromptBehavior: dismiss and notify, webauthn:extension:credBlob: true, webauthn:extension:largeBlob: true, webauthn:extension:minPinLength: true, webauthn:extension:prf: true, webauthn:virtualAuthenticators: true}
Session ID: 242e95f2d31d8cdac0ccbaed64e438d1
2025-03-27 09:52:00 [main] INFO  l.i.u.t.SubmittedApplicationsPageTest - Marking 'Taip' radio button 11
2025-03-27 09:52:10 [main] ERROR l.i.u.p.SubmittedApplicationsPage - Error selecting radio button: Expected condition failed: waiting for element to be clickable: By.xpath: (//input[@type='radio' and @value='true'])[19] (tried for 10 second(s) with 500 milliseconds interval)
Build info: version: '4.27.0', revision: 'd6e718d134'
System info: os.name: 'Windows 11', os.arch: 'amd64', os.version: '10.0', java.version: '21.0.3'
Driver info: org.openqa.selenium.chrome.ChromeDriver
Capabilities {acceptInsecureCerts: false, browserName: chrome, browserVersion: 134.0.6998.166, chrome: {chromedriverVersion: 134.0.6998.165 (fd886e2cb29..., userDataDir: C:\Users\INGRID~1.ZAD\AppDa...}, fedcm:accounts: true, goog:chromeOptions: {debuggerAddress: localhost:54665}, networkConnectionEnabled: false, pageLoadStrategy: normal, platformName: windows, proxy: Proxy(), se:cdp: ws://localhost:54665/devtoo..., se:cdpVersion: 134.0.6998.166, setWindowRect: true, strictFileInteractability: false, timeouts: {implicit: 0, pageLoad: 300000, script: 30000}, unhandledPromptBehavior: dismiss and notify, webauthn:extension:credBlob: true, webauthn:extension:largeBlob: true, webauthn:extension:minPinLength: true, webauthn:extension:prf: true, webauthn:virtualAuthenticators: true}
Session ID: 242e95f2d31d8cdac0ccbaed64e438d1
2025-03-27 09:52:10 [main] INFO  l.i.u.t.SubmittedApplicationsPageTest - Marking 'Taip' radio button 12
2025-03-27 09:52:21 [main] DEBUG l.i.u.t.SubmittedApplicationsPageTest - Checked 'ConfirmationStepFour'
2025-03-27 09:52:21 [main] DEBUG l.i.u.t.SubmittedApplicationsPageTest - Clicked 'Next' button after checkboxes.
2025-03-27 09:52:21 [main] INFO  l.i.u.p.SubmittedApplicationsPage - File uploaded successfully to an input element.
2025-03-27 09:52:21 [main] INFO  l.i.u.p.SubmittedApplicationsPage - File uploaded successfully to an input element.
2025-03-27 09:52:21 [main] INFO  l.i.u.p.SubmittedApplicationsPage - File uploaded successfully to an input element.
2025-03-27 09:52:21 [main] INFO  l.i.u.p.SubmittedApplicationsPage - File uploaded successfully to an input element.
2025-03-27 09:52:21 [main] INFO  l.i.u.p.SubmittedApplicationsPage - File uploaded successfully to an input element.
2025-03-27 09:52:21 [main] INFO  l.i.u.p.SubmittedApplicationsPage - File uploaded successfully to an input element.
2025-03-27 09:52:21 [main] INFO  l.i.u.p.SubmittedApplicationsPage - File uploaded successfully to an input element.
2025-03-27 09:52:21 [main] INFO  l.i.u.p.SubmittedApplicationsPage - File uploaded successfully to an input element.
2025-03-27 09:52:21 [main] INFO  l.i.u.p.SubmittedApplicationsPage - File uploaded successfully to an input element.
2025-03-27 09:52:21 [main] INFO  l.i.u.p.SubmittedApplicationsPage - File uploaded successfully to an input element.
2025-03-27 09:52:22 [main] DEBUG l.i.u.t.SubmittedApplicationsPageTest - Entered program name: 'Dokumentas 1'.
2025-03-27 09:52:22 [main] DEBUG l.i.u.t.SubmittedApplicationsPageTest - Entered program name: 'Dokumentas 2'.
2025-03-27 09:52:22 [main] DEBUG l.i.u.t.SubmittedApplicationsPageTest - Entered program name: 'Dokumentas 3'.
2025-03-27 09:52:22 [main] DEBUG l.i.u.t.SubmittedApplicationsPageTest - Entered program name: 'Dokumentas 4'.
2025-03-27 09:52:22 [main] DEBUG l.i.u.t.SubmittedApplicationsPageTest - Entered program name: 'Dokumentas 5'.
2025-03-27 09:52:22 [main] DEBUG l.i.u.t.SubmittedApplicationsPageTest - Entered program name: 'Dokumentas 6'.
2025-03-27 09:52:22 [main] DEBUG l.i.u.t.SubmittedApplicationsPageTest - Entered program name: 'Dokumentas 4'.
2025-03-27 09:52:23 [main] DEBUG l.i.u.t.SubmittedApplicationsPageTest - Entered program name: 'Dokumentas 8'.
2025-03-27 09:52:23 [main] DEBUG l.i.u.t.SubmittedApplicationsPageTest - Entered program name: 'Dokumentas 9'.
2025-03-27 09:52:23 [main] DEBUG l.i.u.t.SubmittedApplicationsPageTest - Entered program name: 'Dokumentas 10'.
2025-03-27 09:52:33 [main] DEBUG l.i.u.t.SubmittedApplicationsPageTest - Checked 'ConfirmationDocument'
2025-03-27 09:52:43 [main] DEBUG l.i.u.t.SubmittedApplicationsPageTest - Checked 'ConfirmationApplication'
2025-03-27 09:52:43 [main] DEBUG l.i.u.t.SubmittedApplicationsPageTest - Clicked 'Review' button after checkboxes.
2025-03-27 09:52:55 [main] ERROR l.i.u.t.SubmittedApplicationsPageTest - Test 'testFillNewVUIApplicationFA' failed with error: no such element: Unable to locate element: {"method":"xpath","selector":"//button[contains(@class, 'i-forms-stepper-button-previous') and normalize-space(text())='Atgal']"}
  (Session info: chrome=134.0.6998.166)
For documentation on this error, please visit: https://www.selenium.dev/documentation/webdriver/troubleshooting/errors#no-such-element-exception
Build info: version: '4.27.0', revision: 'd6e718d134'
System info: os.name: 'Windows 11', os.arch: 'amd64', os.version: '10.0', java.version: '21.0.3'
Driver info: org.openqa.selenium.chrome.ChromeDriver
Command: [242e95f2d31d8cdac0ccbaed64e438d1, findElement {using=xpath, value=//button[contains(@class, 'i-forms-stepper-button-previous') and normalize-space(text())='Atgal']}]
Capabilities {acceptInsecureCerts: false, browserName: chrome, browserVersion: 134.0.6998.166, chrome: {chromedriverVersion: 134.0.6998.165 (fd886e2cb29..., userDataDir: C:\Users\INGRID~1.ZAD\AppDa...}, fedcm:accounts: true, goog:chromeOptions: {debuggerAddress: localhost:54665}, networkConnectionEnabled: false, pageLoadStrategy: normal, platformName: windows, proxy: Proxy(), se:cdp: ws://localhost:54665/devtoo..., se:cdpVersion: 134.0.6998.166, setWindowRect: true, strictFileInteractability: false, timeouts: {implicit: 0, pageLoad: 300000, script: 30000}, unhandledPromptBehavior: dismiss and notify, webauthn:extension:credBlob: true, webauthn:extension:largeBlob: true, webauthn:extension:minPinLength: true, webauthn:extension:prf: true, webauthn:virtualAuthenticators: true}
Session ID: 242e95f2d31d8cdac0ccbaed64e438d1
org.openqa.selenium.NoSuchElementException: no such element: Unable to locate element: {"method":"xpath","selector":"//button[contains(@class, 'i-forms-stepper-button-previous') and normalize-space(text())='Atgal']"}
  (Session info: chrome=134.0.6998.166)
For documentation on this error, please visit: https://www.selenium.dev/documentation/webdriver/troubleshooting/errors#no-such-element-exception
Build info: version: '4.27.0', revision: 'd6e718d134'
System info: os.name: 'Windows 11', os.arch: 'amd64', os.version: '10.0', java.version: '21.0.3'
Driver info: org.openqa.selenium.chrome.ChromeDriver
Command: [242e95f2d31d8cdac0ccbaed64e438d1, findElement {using=xpath, value=//button[contains(@class, 'i-forms-stepper-button-previous') and normalize-space(text())='Atgal']}]
Capabilities {acceptInsecureCerts: false, browserName: chrome, browserVersion: 134.0.6998.166, chrome: {chromedriverVersion: 134.0.6998.165 (fd886e2cb29..., userDataDir: C:\Users\INGRID~1.ZAD\AppDa...}, fedcm:accounts: true, goog:chromeOptions: {debuggerAddress: localhost:54665}, networkConnectionEnabled: false, pageLoadStrategy: normal, platformName: windows, proxy: Proxy(), se:cdp: ws://localhost:54665/devtoo..., se:cdpVersion: 134.0.6998.166, setWindowRect: true, strictFileInteractability: false, timeouts: {implicit: 0, pageLoad: 300000, script: 30000}, unhandledPromptBehavior: dismiss and notify, webauthn:extension:credBlob: true, webauthn:extension:largeBlob: true, webauthn:extension:minPinLength: true, webauthn:extension:prf: true, webauthn:virtualAuthenticators: true}
Session ID: 242e95f2d31d8cdac0ccbaed64e438d1
	at java.base/jdk.internal.reflect.DirectConstructorHandleAccessor.newInstance(DirectConstructorHandleAccessor.java:62)
	at java.base/java.lang.reflect.Constructor.newInstanceWithCaller(Constructor.java:502)
	at java.base/java.lang.reflect.Constructor.newInstance(Constructor.java:486)
	at org.openqa.selenium.remote.ErrorCodec.decode(ErrorCodec.java:167)
	at org.openqa.selenium.remote.codec.w3c.W3CHttpResponseCodec.decode(W3CHttpResponseCodec.java:138)
	at org.openqa.selenium.remote.codec.w3c.W3CHttpResponseCodec.decode(W3CHttpResponseCodec.java:50)
	at org.openqa.selenium.remote.HttpCommandExecutor.execute(HttpCommandExecutor.java:190)
	at org.openqa.selenium.remote.service.DriverCommandExecutor.invokeExecute(DriverCommandExecutor.java:216)
	at org.openqa.selenium.remote.service.DriverCommandExecutor.execute(DriverCommandExecutor.java:174)
	at org.openqa.selenium.remote.RemoteWebDriver.execute(RemoteWebDriver.java:545)
	at org.openqa.selenium.remote.ElementLocation$ElementFinder$2.findElement(ElementLocation.java:165)
	at org.openqa.selenium.remote.ElementLocation.findElement(ElementLocation.java:59)
	at org.openqa.selenium.remote.RemoteWebDriver.findElement(RemoteWebDriver.java:368)
	at org.openqa.selenium.remote.RemoteWebDriver.findElement(RemoteWebDriver.java:362)
	at org.openqa.selenium.support.pagefactory.DefaultElementLocator.findElement(DefaultElementLocator.java:68)
	at org.openqa.selenium.support.pagefactory.internal.LocatingElementHandler.invoke(LocatingElementHandler.java:38)
	at jdk.proxy2/jdk.proxy2.$Proxy14.click(Unknown Source)
	at lt.insoft.uztis.pages.SubmittedApplicationsPage.clickButtonPrevious(SubmittedApplicationsPage.java:475)
	at lt.insoft.uztis.tests.SubmittedApplicationsPageTest.testFillNewVUIApplicationFA(SubmittedApplicationsPageTest.java:516)
	at java.base/jdk.internal.reflect.DirectMethodHandleAccessor.invoke(DirectMethodHandleAccessor.java:103)
	at java.base/java.lang.reflect.Method.invoke(Method.java:580)
	at org.junit.platform.commons.util.ReflectionUtils.invokeMethod(ReflectionUtils.java:728)
	at org.junit.jupiter.engine.execution.MethodInvocation.proceed(MethodInvocation.java:60)
	at org.junit.jupiter.engine.execution.InvocationInterceptorChain$ValidatingInvocation.proceed(InvocationInterceptorChain.java:131)
	at org.junit.jupiter.engine.extension.TimeoutExtension.intercept(TimeoutExtension.java:156)
	at org.junit.jupiter.engine.extension.TimeoutExtension.interceptTestableMethod(TimeoutExtension.java:147)
	at org.junit.jupiter.engine.extension.TimeoutExtension.interceptTestMethod(TimeoutExtension.java:86)
	at org.junit.jupiter.engine.execution.InterceptingExecutableInvoker$ReflectiveInterceptorCall.lambda$ofVoidMethod$0(InterceptingExecutableInvoker.java:103)
	at org.junit.jupiter.engine.execution.InterceptingExecutableInvoker.lambda$invoke$0(InterceptingExecutableInvoker.java:93)
	at org.junit.jupiter.engine.execution.InvocationInterceptorChain$InterceptedInvocation.proceed(InvocationInterceptorChain.java:106)
	at org.junit.jupiter.engine.execution.InvocationInterceptorChain.proceed(InvocationInterceptorChain.java:64)
	at org.junit.jupiter.engine.execution.InvocationInterceptorChain.chainAndInvoke(InvocationInterceptorChain.java:45)
	at org.junit.jupiter.engine.execution.InvocationInterceptorChain.invoke(InvocationInterceptorChain.java:37)
	at org.junit.jupiter.engine.execution.InterceptingExecutableInvoker.invoke(InterceptingExecutableInvoker.java:92)
	at org.junit.jupiter.engine.execution.InterceptingExecutableInvoker.invoke(InterceptingExecutableInvoker.java:86)
	at org.junit.jupiter.engine.descriptor.TestMethodTestDescriptor.lambda$invokeTestMethod$7(TestMethodTestDescriptor.java:218)
	at org.junit.platform.engine.support.hierarchical.ThrowableCollector.execute(ThrowableCollector.java:73)
	at org.junit.jupiter.engine.descriptor.TestMethodTestDescriptor.invokeTestMethod(TestMethodTestDescriptor.java:214)
	at org.junit.jupiter.engine.descriptor.TestMethodTestDescriptor.execute(TestMethodTestDescriptor.java:139)
	at org.junit.jupiter.engine.descriptor.TestMethodTestDescriptor.execute(TestMethodTestDescriptor.java:69)
	at org.junit.platform.engine.support.hierarchical.NodeTestTask.lambda$executeRecursively$6(NodeTestTask.java:151)
	at org.junit.platform.engine.support.hierarchical.ThrowableCollector.execute(ThrowableCollector.java:73)
	at org.junit.platform.engine.support.hierarchical.NodeTestTask.lambda$executeRecursively$8(NodeTestTask.java:141)
	at org.junit.platform.engine.support.hierarchical.Node.around(Node.java:137)
	at org.junit.platform.engine.support.hierarchical.NodeTestTask.lambda$executeRecursively$9(NodeTestTask.java:139)
	at org.junit.platform.engine.support.hierarchical.ThrowableCollector.execute(ThrowableCollector.java:73)
	at org.junit.platform.engine.support.hierarchical.NodeTestTask.executeRecursively(NodeTestTask.java:138)
	at org.junit.platform.engine.support.hierarchical.NodeTestTask.execute(NodeTestTask.java:95)
	at java.base/java.util.ArrayList.forEach(ArrayList.java:1596)
	at org.junit.platform.engine.support.hierarchical.SameThreadHierarchicalTestExecutorService.invokeAll(SameThreadHierarchicalTestExecutorService.java:41)
	at org.junit.platform.engine.support.hierarchical.NodeTestTask.lambda$executeRecursively$6(NodeTestTask.java:155)
	at org.junit.platform.engine.support.hierarchical.ThrowableCollector.execute(ThrowableCollector.java:73)
	at org.junit.platform.engine.support.hierarchical.NodeTestTask.lambda$executeRecursively$8(NodeTestTask.java:141)
	at org.junit.platform.engine.support.hierarchical.Node.around(Node.java:137)
	at org.junit.platform.engine.support.hierarchical.NodeTestTask.lambda$executeRecursively$9(NodeTestTask.java:139)
	at org.junit.platform.engine.support.hierarchical.ThrowableCollector.execute(ThrowableCollector.java:73)
	at org.junit.platform.engine.support.hierarchical.NodeTestTask.executeRecursively(NodeTestTask.java:138)
	at org.junit.platform.engine.support.hierarchical.NodeTestTask.execute(NodeTestTask.java:95)
	at java.base/java.util.ArrayList.forEach(ArrayList.java:1596)
	at org.junit.platform.engine.support.hierarchical.SameThreadHierarchicalTestExecutorService.invokeAll(SameThreadHierarchicalTestExecutorService.java:41)
	at org.junit.platform.engine.support.hierarchical.NodeTestTask.lambda$executeRecursively$6(NodeTestTask.java:155)
	at org.junit.platform.engine.support.hierarchical.ThrowableCollector.execute(ThrowableCollector.java:73)
	at org.junit.platform.engine.support.hierarchical.NodeTestTask.lambda$executeRecursively$8(NodeTestTask.java:141)
	at org.junit.platform.engine.support.hierarchical.Node.around(Node.java:137)
	at org.junit.platform.engine.support.hierarchical.NodeTestTask.lambda$executeRecursively$9(NodeTestTask.java:139)
	at org.junit.platform.engine.support.hierarchical.ThrowableCollector.execute(ThrowableCollector.java:73)
	at org.junit.platform.engine.support.hierarchical.NodeTestTask.executeRecursively(NodeTestTask.java:138)
	at org.junit.platform.engine.support.hierarchical.NodeTestTask.execute(NodeTestTask.java:95)
	at org.junit.platform.engine.support.hierarchical.SameThreadHierarchicalTestExecutorService.submit(SameThreadHierarchicalTestExecutorService.java:35)
	at org.junit.platform.engine.support.hierarchical.HierarchicalTestExecutor.execute(HierarchicalTestExecutor.java:57)
	at org.junit.platform.engine.support.hierarchical.HierarchicalTestEngine.execute(HierarchicalTestEngine.java:54)
	at org.junit.platform.launcher.core.EngineExecutionOrchestrator.execute(EngineExecutionOrchestrator.java:198)
	at org.junit.platform.launcher.core.EngineExecutionOrchestrator.execute(EngineExecutionOrchestrator.java:169)
	at org.junit.platform.launcher.core.EngineExecutionOrchestrator.execute(EngineExecutionOrchestrator.java:93)
	at org.junit.platform.launcher.core.EngineExecutionOrchestrator.lambda$execute$0(EngineExecutionOrchestrator.java:58)
	at org.junit.platform.launcher.core.EngineExecutionOrchestrator.withInterceptedStreams(EngineExecutionOrchestrator.java:141)
	at org.junit.platform.launcher.core.EngineExecutionOrchestrator.execute(EngineExecutionOrchestrator.java:57)
	at org.junit.platform.launcher.core.DefaultLauncher.execute(DefaultLauncher.java:103)
	at org.junit.platform.launcher.core.DefaultLauncher.execute(DefaultLauncher.java:85)
	at org.junit.platform.launcher.core.DelegatingLauncher.execute(DelegatingLauncher.java:47)
	at org.junit.platform.launcher.core.SessionPerRequestLauncher.execute(SessionPerRequestLauncher.java:63)
	at com.intellij.junit5.JUnit5IdeaTestRunner.startRunnerWithArgs(JUnit5IdeaTestRunner.java:57)
	at com.intellij.rt.junit.IdeaTestRunner$Repeater$1.execute(IdeaTestRunner.java:38)
	at com.intellij.rt.execution.junit.TestsRepeater.repeat(TestsRepeater.java:11)
	at com.intellij.rt.junit.IdeaTestRunner$Repeater.startRunnerWithArgs(IdeaTestRunner.java:35)
	at com.intellij.rt.junit.JUnitStarter.prepareStreamsAndStart(JUnitStarter.java:232)
	at com.intellij.rt.junit.JUnitStarter.main(JUnitStarter.java:55)
2025-03-27 09:52:55 [main] INFO  l.insoft.uztis.tests.utils.TestUtils - Screenshot moved to C:\Users\ingrida.zadorozniene\Desktop\Asm\UZTIS\UZTIS_tests\test-output\screenshots\20250327\095255960_testFillNewVUIApplicationFA().png
2025-03-27 10:17:06 [main] INFO  lt.insoft.uztis.tests.UztisPageTest - Navigated to https://uztisdev.asseco.lt/home
2025-03-27 10:17:06 [main] INFO  l.i.u.t.SubmittedApplicationsPageTest - Starting test:'testFillNewVUIPApplicationFA'
2025-03-27 10:17:07 [main] DEBUG l.i.u.t.SubmittedApplicationsPageTest - User logged in with test credentials.
2025-03-27 10:17:07 [main] DEBUG l.i.u.t.SubmittedApplicationsPageTest - Opened 'Application Processing' menu.
2025-03-27 10:17:07 [main] DEBUG l.i.u.t.SubmittedApplicationsPageTest - Clicked on 'Application Forms' menu.
2025-03-27 10:17:08 [main] DEBUG l.i.u.t.SubmittedApplicationsPageTest - Retrieved last description code text: 'TST-VUI-75'.
2025-03-27 10:17:08 [main] DEBUG l.i.u.t.SubmittedApplicationsPageTest - Clicked on 'Invitation' menu.
2025-03-27 10:17:09 [main] DEBUG l.i.u.t.SubmittedApplicationsPageTest - Selected application section by code: 'TST-VUI-75'.
2025-03-27 10:17:10 [main] DEBUG l.i.u.t.SubmittedApplicationsPageTest - Clicked 'Search' button.
2025-03-27 10:17:10 [main] DEBUG l.i.u.t.SubmittedApplicationsPageTest - Retrieved invitation code: ''.
2025-03-27 10:17:10 [main] DEBUG l.i.u.t.SubmittedApplicationsPageTest - Clicked on 'Submitted Applications' menu.
2025-03-27 10:17:11 [main] DEBUG l.i.u.t.SubmittedApplicationsPageTest - Selected invitation by code: 'TST-VUI-75'.
2025-03-27 10:17:11 [main] DEBUG l.i.u.t.SubmittedApplicationsPageTest - Invitation code inserted.
2025-03-27 10:17:11 [main] DEBUG l.i.u.t.SubmittedApplicationsPageTest - Clicked on 'Action Application' button.
2025-03-27 10:17:11 [main] DEBUG l.i.u.t.SubmittedApplicationsPageTest - Clicked on 'New Application' button.
2025-03-27 10:17:12 [main] DEBUG l.i.u.t.SubmittedApplicationsPageTest - Selected the 'RadioButtonFA' option.
2025-03-27 10:17:12 [main] DEBUG l.i.u.t.SubmittedApplicationsPageTest - Entered phone number: '61298745'.
2025-03-27 10:17:12 [main] DEBUG l.i.u.t.SubmittedApplicationsPageTest - Entered email: 'test@autotest.com'.
2025-03-27 10:17:12 [main] INFO  l.i.u.p.SubmittedApplicationsPage - Clicking on the dropdown button.
2025-03-27 10:17:28 [main] INFO  l.i.u.p.SubmittedApplicationsPage - Found 1741 options in the dropdown.
2025-03-27 10:17:28 [main] DEBUG l.i.u.p.SubmittedApplicationsPage - Checking option: ''
2025-03-27 10:17:28 [main] DEBUG l.i.u.p.SubmittedApplicationsPage - Checking option: '01.11 - Grūdinių (išskyrus ryžius), ankštinių ir aliejingų sėklų augalų auginimas'
2025-03-27 10:17:28 [main] INFO  l.i.u.p.SubmittedApplicationsPage - Successfully selected the value: '01.11 - Grūdinių (išskyrus ryžius), ankštinių ir aliejingų sėklų augalų auginimas'
2025-03-27 10:17:28 [main] INFO  l.i.u.p.SubmittedApplicationsPage - Attempting to close the dropdown.
2025-03-27 10:17:29 [main] DEBUG l.i.u.t.SubmittedApplicationsPageTest - Selected EVRK value: '01.11 - Grūdinių (išskyrus ryžius), ankštinių ir aliejingų sėklų augalų auginimas'.
2025-03-27 10:17:29 [main] DEBUG l.i.u.t.SubmittedApplicationsPageTest - Clicked on 'Address Component' button.
2025-03-27 10:17:29 [main] INFO  l.i.u.p.SubmittedApplicationsPage - Located the dropdown button.
2025-03-27 10:17:33 [main] INFO  l.i.u.p.SubmittedApplicationsPage - Successfully selected the value: 'Lietuva'
2025-03-27 10:17:33 [main] DEBUG l.i.u.t.SubmittedApplicationsPageTest - Selected country: 'Lietuva'.
2025-03-27 10:17:33 [main] INFO  l.i.u.p.SubmittedApplicationsPage - Located the dropdown search field.
2025-03-27 10:17:33 [main] INFO  l.i.u.p.SubmittedApplicationsPage - Dropdown city is opened.
2025-03-27 10:17:33 [main] INFO  l.i.u.p.SubmittedApplicationsPage - Searched for value: 'Vilnius'
2025-03-27 10:17:34 [main] INFO  l.i.u.p.SubmittedApplicationsPage - Successfully selected: 'Vilnius'
2025-03-27 10:17:34 [main] INFO  l.i.u.p.SubmittedApplicationsPage - Located the dropdown button.
2025-03-27 10:17:35 [main] INFO  l.i.u.p.SubmittedApplicationsPage - Successfully selected the value: 'A. Domaševičiaus g.'
2025-03-27 10:17:35 [main] DEBUG l.i.u.t.SubmittedApplicationsPageTest - Selected street: 'A. Domaševičiaus g.'.
2025-03-27 10:17:35 [main] INFO  l.i.u.p.SubmittedApplicationsPage - Located the dropdown button.
2025-03-27 10:17:35 [main] INFO  l.i.u.p.SubmittedApplicationsPage - Successfully selected the value: '1'
2025-03-27 10:17:35 [main] DEBUG l.i.u.t.SubmittedApplicationsPageTest - Selected house: '1'.
2025-03-27 10:17:35 [main] INFO  l.i.u.p.SubmittedApplicationsPage - Located the dropdown button.
2025-03-27 10:17:36 [main] INFO  l.i.u.p.SubmittedApplicationsPage - Successfully selected the value: '1'
2025-03-27 10:17:36 [main] DEBUG l.i.u.t.SubmittedApplicationsPageTest - Selected apartment: '1'.
2025-03-27 10:17:36 [main] DEBUG l.i.u.t.SubmittedApplicationsPageTest - Clicked 'Confirm' button.
2025-03-27 10:17:36 [main] DEBUG l.i.u.t.SubmittedApplicationsPageTest - Entered project date.
2025-03-27 10:17:36 [main] DEBUG l.i.u.t.SubmittedApplicationsPageTest - Entered job count: '1'.
2025-03-27 10:17:37 [main] DEBUG l.i.u.t.SubmittedApplicationsPageTest - Clicked 'Next' button.
2025-03-27 10:17:37 [main] INFO  l.i.u.p.SubmittedApplicationsPage - Located the dropdown button.
2025-03-27 10:17:37 [main] INFO  l.i.u.p.SubmittedApplicationsPage - Successfully selected the value: 'Administratoriai'
2025-03-27 10:17:37 [main] DEBUG l.i.u.t.SubmittedApplicationsPageTest - Selected job name: 'Administratoriai'.
2025-03-27 10:17:38 [main] DEBUG l.i.u.t.SubmittedApplicationsPageTest - Entered job function: 'Funkcija 1'.
2025-03-27 10:17:38 [main] DEBUG l.i.u.t.SubmittedApplicationsPageTest - Selected 'RadioButtonWithDisabilities' option.
2025-03-27 10:17:38 [main] INFO  l.i.u.p.SubmittedApplicationsPage - Clicking on the dropdown button.
2025-03-27 10:17:38 [main] INFO  l.i.u.p.SubmittedApplicationsPage - Found 34 options in the dropdown.
2025-03-27 10:17:38 [main] DEBUG l.i.u.p.SubmittedApplicationsPage - Checking option: 'Asmenys, kuriems suteiktas pabėgėlio statusas ar perkeliamojo asmens statusas, arba asmenys, kuriems suteikta papildoma ar laikinoji apsauga, ir asmenys, turintys teisę gauti laikinąją apsaugą, iki sprendimo dėl laikinosios apsaugos suteikimo (nesuteikimo) priėmimo, tačiau ne ilgiau kaip laikinosios apsaugos laikotarpiu'
2025-03-27 10:17:38 [main] DEBUG l.i.u.p.SubmittedApplicationsPage - Checking option: 'Asmenys, kuriems suteiktas pabėgėlio statusas ar perkeliamojo asmens statusas, arba asmenys, kuriems suteikta papildoma ar laikinoji apsauga, ir asmenys, turintys teisę gauti laikinąją apsaugą, iki sprendimo dėl laikinosios apsaugos suteikimo (nesuteikimo) priėmimo, tačiau ne ilgiau kaip laikinosios apsaugos laikotarpiu'
2025-03-27 10:17:39 [main] DEBUG l.i.u.p.SubmittedApplicationsPage - Checking option: 'Asmenys, turintys teisę į papildomas užimtumo garantijas pagal Lietuvos Respublikos valstybės įmonės Ignalinos atominės elektrinės darbuotojų papildomų užimtumo ir socialinių garantijų įstatymą'
2025-03-27 10:17:39 [main] DEBUG l.i.u.p.SubmittedApplicationsPage - Checking option: 'Asmenys, turintys teisę į papildomas užimtumo garantijas pagal Lietuvos Respublikos valstybės įmonės Ignalinos atominės elektrinės darbuotojų papildomų užimtumo ir socialinių garantijų įstatymą'
2025-03-27 10:17:39 [main] DEBUG l.i.u.p.SubmittedApplicationsPage - Checking option: 'Bedarbiai iki 29 metų'
2025-03-27 10:17:39 [main] DEBUG l.i.u.p.SubmittedApplicationsPage - Checking option: 'Bedarbiai iki 29 metų'
2025-03-27 10:17:39 [main] DEBUG l.i.u.p.SubmittedApplicationsPage - Checking option: 'Bedarbiai, kurie yra darbingo amžiaus neįgalieji, kuriems nustatytas 30–40 procentų darbingumo lygis arba vidutinis neįgalumo lygis'
2025-03-27 10:17:39 [main] DEBUG l.i.u.p.SubmittedApplicationsPage - Checking option: 'Bedarbiai, kurie yra darbingo amžiaus neįgalieji, kuriems nustatytas 30–40 procentų darbingumo lygis arba vidutinis neįgalumo lygis'
2025-03-27 10:17:39 [main] DEBUG l.i.u.p.SubmittedApplicationsPage - Checking option: 'Bedarbiai, kurie yra darbingo amžiaus neįgalieji, kuriems nustatytas 45–55 procentų darbingumo lygis arba lengvas neįgalumo lygis'
2025-03-27 10:17:39 [main] DEBUG l.i.u.p.SubmittedApplicationsPage - Checking option: 'Bedarbiai, kurie yra darbingo amžiaus neįgalieji, kuriems nustatytas 45–55 procentų darbingumo lygis arba lengvas neįgalumo lygis'
2025-03-27 10:17:39 [main] DEBUG l.i.u.p.SubmittedApplicationsPage - Checking option: 'Bedarbiai, kurie yra darbingo amžiaus neįgalieji, kuriems nustatytas iki 25 procentų darbingumo lygis arba sunkus neįgalumo lygis'
2025-03-27 10:17:39 [main] INFO  l.i.u.p.SubmittedApplicationsPage - Successfully selected the value: 'Bedarbiai, kurie yra darbingo amžiaus neįgalieji, kuriems nustatytas iki 25 procentų darbingumo lygis arba sunkus neįgalumo lygis'
2025-03-27 10:17:39 [main] INFO  l.i.u.p.SubmittedApplicationsPage - Attempting to close the dropdown.
2025-03-27 10:17:39 [main] DEBUG l.i.u.t.SubmittedApplicationsPageTest - Selected disabilities type: 'Bedarbiai, kurie yra darbingo amžiaus neįgalieji, kuriems nustatytas iki 25 procentų darbingumo lygis arba sunkus neįgalumo lygis'.
2025-03-27 10:17:40 [main] DEBUG l.i.u.t.SubmittedApplicationsPageTest - Entered disability information: 'Negalia 1'.
2025-03-27 10:17:40 [main] INFO  l.i.u.p.SubmittedApplicationsPage - Located the dropdown button.
2025-03-27 10:17:41 [main] INFO  l.i.u.p.SubmittedApplicationsPage - Successfully selected the value: 'Kita'
2025-03-27 10:17:41 [main] DEBUG l.i.u.t.SubmittedApplicationsPageTest - Selected time mode: 'Kita'.
2025-03-27 10:17:41 [main] DEBUG l.i.u.t.SubmittedApplicationsPageTest - Selected time mode other: '6 val. per dieną ir 4 d. per savaitę'.
2025-03-27 10:17:41 [main] DEBUG l.i.u.t.SubmittedApplicationsPageTest - Entered qualification: 'Kvalifikacija 1'.
2025-03-27 10:17:41 [main] DEBUG l.i.u.t.SubmittedApplicationsPageTest - Entered job date.
2025-03-27 10:17:41 [main] DEBUG l.i.u.t.SubmittedApplicationsPageTest - Entered salary amount: '1200'.
2025-03-27 10:17:42 [main] DEBUG l.i.u.t.SubmittedApplicationsPageTest - Entered salary description: 'Užmokestis 1'.
2025-03-27 10:17:42 [main] DEBUG l.i.u.t.SubmittedApplicationsPageTest - Selected 'Temporary Job' radio button.
2025-03-27 10:17:42 [main] DEBUG l.i.u.t.SubmittedApplicationsPageTest - Selected 'Season Job' radio button.
2025-03-27 10:17:42 [main] DEBUG l.i.u.t.SubmittedApplicationsPageTest - Selected 'Energy' radio button.
2025-03-27 10:17:42 [main] DEBUG l.i.u.t.SubmittedApplicationsPageTest - Selected 'Repair' radio button.
2025-03-27 10:17:43 [main] DEBUG l.i.u.t.SubmittedApplicationsPageTest - Entered job description: 'Veikla 1'.
2025-03-27 10:17:43 [main] DEBUG l.i.u.t.SubmittedApplicationsPageTest - Entered process description: 'Procesas 1'.
2025-03-27 10:17:43 [main] DEBUG l.i.u.t.SubmittedApplicationsPageTest - Entered energy information: 'Energija 1'.
2025-03-27 10:17:43 [main] DEBUG l.i.u.t.SubmittedApplicationsPageTest - Entered repair information: 'Remontas 1'.
2025-03-27 10:17:44 [main] DEBUG l.i.u.t.SubmittedApplicationsPageTest - Selected 'PVM' radio button.
2025-03-27 10:17:44 [main] INFO  l.i.u.p.SubmittedApplicationsPage - Located the dropdown button.
2025-03-27 10:17:45 [main] INFO  l.i.u.p.SubmittedApplicationsPage - Successfully selected the value: 'Įsigyti'
2025-03-27 10:17:45 [main] DEBUG l.i.u.t.SubmittedApplicationsPageTest - Selected necessary for job: 'Įsigyti'.
2025-03-27 10:17:45 [main] DEBUG l.i.u.t.SubmittedApplicationsPageTest - Selected tool: 'Darbo priemonė 1'.
2025-03-27 10:17:45 [main] DEBUG l.i.u.t.SubmittedApplicationsPageTest - Selected tool parameter one: 'Darbo priemonės 1 parametras 1'.
2025-03-27 10:17:45 [main] DEBUG l.i.u.t.SubmittedApplicationsPageTest - Selected tool parameter two: 'Darbo priemonės 1 parametras 2'.
2025-03-27 10:17:46 [main] DEBUG l.i.u.t.SubmittedApplicationsPageTest - Selected tool parameter three: 'Darbo priemonės 1 parametras 3'.
2025-03-27 10:17:46 [main] DEBUG l.i.u.t.SubmittedApplicationsPageTest - Entered tool count: '1'.
2025-03-27 10:17:46 [main] DEBUG l.i.u.t.SubmittedApplicationsPageTest - Entered price amount 1: '1000'.
2025-03-27 10:17:48 [main] DEBUG l.i.u.t.SubmittedApplicationsPageTest - Entered own funds amount 1: '800'.
2025-03-27 10:17:51 [main] DEBUG l.i.u.t.SubmittedApplicationsPageTest - Clicked 'Add' button.
2025-03-27 10:17:51 [main] INFO  l.i.u.p.SubmittedApplicationsPage - Located the dropdown button.
2025-03-27 10:17:51 [main] INFO  l.i.u.p.SubmittedApplicationsPage - Successfully selected the value: 'Remontuoti'
2025-03-27 10:17:51 [main] DEBUG l.i.u.t.SubmittedApplicationsPageTest - Selected necessary for job 'to repair': 'Remontuoti'.
2025-03-27 10:17:51 [main] DEBUG l.i.u.t.SubmittedApplicationsPageTest - Selected repair name: 'Remonto pavadinimas 1'.
2025-03-27 10:17:51 [main] DEBUG l.i.u.t.SubmittedApplicationsPageTest - Entered repair information: 'Remonto aprašymas 1'.
2025-03-27 10:17:52 [main] DEBUG l.i.u.t.SubmittedApplicationsPageTest - Entered price amount 2: '1000'.
2025-03-27 10:17:54 [main] DEBUG l.i.u.t.SubmittedApplicationsPageTest - Entered own funds amount 2: '900'.
2025-03-27 10:17:56 [main] ERROR l.i.u.t.SubmittedApplicationsPageTest - Test 'testFillNewVUIApplicationFA' failed with error: null
java.lang.AssertionError: null
	at lt.insoft.uztis.tests.SubmittedApplicationsPageTest.testFillNewVUIApplicationFA(SubmittedApplicationsPageTest.java:351)
	at java.base/jdk.internal.reflect.DirectMethodHandleAccessor.invoke(DirectMethodHandleAccessor.java:103)
	at java.base/java.lang.reflect.Method.invoke(Method.java:580)
	at org.junit.platform.commons.util.ReflectionUtils.invokeMethod(ReflectionUtils.java:728)
	at org.junit.jupiter.engine.execution.MethodInvocation.proceed(MethodInvocation.java:60)
	at org.junit.jupiter.engine.execution.InvocationInterceptorChain$ValidatingInvocation.proceed(InvocationInterceptorChain.java:131)
	at org.junit.jupiter.engine.extension.TimeoutExtension.intercept(TimeoutExtension.java:156)
	at org.junit.jupiter.engine.extension.TimeoutExtension.interceptTestableMethod(TimeoutExtension.java:147)
	at org.junit.jupiter.engine.extension.TimeoutExtension.interceptTestMethod(TimeoutExtension.java:86)
	at org.junit.jupiter.engine.execution.InterceptingExecutableInvoker$ReflectiveInterceptorCall.lambda$ofVoidMethod$0(InterceptingExecutableInvoker.java:103)
	at org.junit.jupiter.engine.execution.InterceptingExecutableInvoker.lambda$invoke$0(InterceptingExecutableInvoker.java:93)
	at org.junit.jupiter.engine.execution.InvocationInterceptorChain$InterceptedInvocation.proceed(InvocationInterceptorChain.java:106)
	at org.junit.jupiter.engine.execution.InvocationInterceptorChain.proceed(InvocationInterceptorChain.java:64)
	at org.junit.jupiter.engine.execution.InvocationInterceptorChain.chainAndInvoke(InvocationInterceptorChain.java:45)
	at org.junit.jupiter.engine.execution.InvocationInterceptorChain.invoke(InvocationInterceptorChain.java:37)
	at org.junit.jupiter.engine.execution.InterceptingExecutableInvoker.invoke(InterceptingExecutableInvoker.java:92)
	at org.junit.jupiter.engine.execution.InterceptingExecutableInvoker.invoke(InterceptingExecutableInvoker.java:86)
	at org.junit.jupiter.engine.descriptor.TestMethodTestDescriptor.lambda$invokeTestMethod$7(TestMethodTestDescriptor.java:218)
	at org.junit.platform.engine.support.hierarchical.ThrowableCollector.execute(ThrowableCollector.java:73)
	at org.junit.jupiter.engine.descriptor.TestMethodTestDescriptor.invokeTestMethod(TestMethodTestDescriptor.java:214)
	at org.junit.jupiter.engine.descriptor.TestMethodTestDescriptor.execute(TestMethodTestDescriptor.java:139)
	at org.junit.jupiter.engine.descriptor.TestMethodTestDescriptor.execute(TestMethodTestDescriptor.java:69)
	at org.junit.platform.engine.support.hierarchical.NodeTestTask.lambda$executeRecursively$6(NodeTestTask.java:151)
	at org.junit.platform.engine.support.hierarchical.ThrowableCollector.execute(ThrowableCollector.java:73)
	at org.junit.platform.engine.support.hierarchical.NodeTestTask.lambda$executeRecursively$8(NodeTestTask.java:141)
	at org.junit.platform.engine.support.hierarchical.Node.around(Node.java:137)
	at org.junit.platform.engine.support.hierarchical.NodeTestTask.lambda$executeRecursively$9(NodeTestTask.java:139)
	at org.junit.platform.engine.support.hierarchical.ThrowableCollector.execute(ThrowableCollector.java:73)
	at org.junit.platform.engine.support.hierarchical.NodeTestTask.executeRecursively(NodeTestTask.java:138)
	at org.junit.platform.engine.support.hierarchical.NodeTestTask.execute(NodeTestTask.java:95)
	at java.base/java.util.ArrayList.forEach(ArrayList.java:1596)
	at org.junit.platform.engine.support.hierarchical.SameThreadHierarchicalTestExecutorService.invokeAll(SameThreadHierarchicalTestExecutorService.java:41)
	at org.junit.platform.engine.support.hierarchical.NodeTestTask.lambda$executeRecursively$6(NodeTestTask.java:155)
	at org.junit.platform.engine.support.hierarchical.ThrowableCollector.execute(ThrowableCollector.java:73)
	at org.junit.platform.engine.support.hierarchical.NodeTestTask.lambda$executeRecursively$8(NodeTestTask.java:141)
	at org.junit.platform.engine.support.hierarchical.Node.around(Node.java:137)
	at org.junit.platform.engine.support.hierarchical.NodeTestTask.lambda$executeRecursively$9(NodeTestTask.java:139)
	at org.junit.platform.engine.support.hierarchical.ThrowableCollector.execute(ThrowableCollector.java:73)
	at org.junit.platform.engine.support.hierarchical.NodeTestTask.executeRecursively(NodeTestTask.java:138)
	at org.junit.platform.engine.support.hierarchical.NodeTestTask.execute(NodeTestTask.java:95)
	at java.base/java.util.ArrayList.forEach(ArrayList.java:1596)
	at org.junit.platform.engine.support.hierarchical.SameThreadHierarchicalTestExecutorService.invokeAll(SameThreadHierarchicalTestExecutorService.java:41)
	at org.junit.platform.engine.support.hierarchical.NodeTestTask.lambda$executeRecursively$6(NodeTestTask.java:155)
	at org.junit.platform.engine.support.hierarchical.ThrowableCollector.execute(ThrowableCollector.java:73)
	at org.junit.platform.engine.support.hierarchical.NodeTestTask.lambda$executeRecursively$8(NodeTestTask.java:141)
	at org.junit.platform.engine.support.hierarchical.Node.around(Node.java:137)
	at org.junit.platform.engine.support.hierarchical.NodeTestTask.lambda$executeRecursively$9(NodeTestTask.java:139)
	at org.junit.platform.engine.support.hierarchical.ThrowableCollector.execute(ThrowableCollector.java:73)
	at org.junit.platform.engine.support.hierarchical.NodeTestTask.executeRecursively(NodeTestTask.java:138)
	at org.junit.platform.engine.support.hierarchical.NodeTestTask.execute(NodeTestTask.java:95)
	at org.junit.platform.engine.support.hierarchical.SameThreadHierarchicalTestExecutorService.submit(SameThreadHierarchicalTestExecutorService.java:35)
	at org.junit.platform.engine.support.hierarchical.HierarchicalTestExecutor.execute(HierarchicalTestExecutor.java:57)
	at org.junit.platform.engine.support.hierarchical.HierarchicalTestEngine.execute(HierarchicalTestEngine.java:54)
	at org.junit.platform.launcher.core.EngineExecutionOrchestrator.execute(EngineExecutionOrchestrator.java:198)
	at org.junit.platform.launcher.core.EngineExecutionOrchestrator.execute(EngineExecutionOrchestrator.java:169)
	at org.junit.platform.launcher.core.EngineExecutionOrchestrator.execute(EngineExecutionOrchestrator.java:93)
	at org.junit.platform.launcher.core.EngineExecutionOrchestrator.lambda$execute$0(EngineExecutionOrchestrator.java:58)
	at org.junit.platform.launcher.core.EngineExecutionOrchestrator.withInterceptedStreams(EngineExecutionOrchestrator.java:141)
	at org.junit.platform.launcher.core.EngineExecutionOrchestrator.execute(EngineExecutionOrchestrator.java:57)
	at org.junit.platform.launcher.core.DefaultLauncher.execute(DefaultLauncher.java:103)
	at org.junit.platform.launcher.core.DefaultLauncher.execute(DefaultLauncher.java:85)
	at org.junit.platform.launcher.core.DelegatingLauncher.execute(DelegatingLauncher.java:47)
	at org.junit.platform.launcher.core.SessionPerRequestLauncher.execute(SessionPerRequestLauncher.java:63)
	at com.intellij.junit5.JUnit5IdeaTestRunner.startRunnerWithArgs(JUnit5IdeaTestRunner.java:57)
	at com.intellij.rt.junit.IdeaTestRunner$Repeater$1.execute(IdeaTestRunner.java:38)
	at com.intellij.rt.execution.junit.TestsRepeater.repeat(TestsRepeater.java:11)
	at com.intellij.rt.junit.IdeaTestRunner$Repeater.startRunnerWithArgs(IdeaTestRunner.java:35)
	at com.intellij.rt.junit.JUnitStarter.prepareStreamsAndStart(JUnitStarter.java:232)
	at com.intellij.rt.junit.JUnitStarter.main(JUnitStarter.java:55)
2025-03-27 10:17:56 [main] INFO  l.insoft.uztis.tests.utils.TestUtils - Screenshot moved to C:\Users\ingrida.zadorozniene\Desktop\Asm\UZTIS\UZTIS_tests\test-output\screenshots\20250327\101756484_testFillNewVUIApplicationFA().png
2025-03-27 10:21:33 [main] INFO  lt.insoft.uztis.tests.UztisPageTest - Navigated to https://uztisdev.asseco.lt/home
2025-03-27 10:21:33 [main] INFO  l.i.u.t.SubmittedApplicationsPageTest - Starting test:'testFillNewVUIPApplicationFA'
2025-03-27 10:21:33 [main] DEBUG l.i.u.t.SubmittedApplicationsPageTest - User logged in with test credentials.
2025-03-27 10:21:34 [main] DEBUG l.i.u.t.SubmittedApplicationsPageTest - Opened 'Application Processing' menu.
2025-03-27 10:21:34 [main] DEBUG l.i.u.t.SubmittedApplicationsPageTest - Clicked on 'Application Forms' menu.
2025-03-27 10:21:34 [main] DEBUG l.i.u.t.SubmittedApplicationsPageTest - Retrieved last description code text: 'TST-VUI-75'.
2025-03-27 10:21:34 [main] DEBUG l.i.u.t.SubmittedApplicationsPageTest - Clicked on 'Invitation' menu.
2025-03-27 10:21:36 [main] DEBUG l.i.u.t.SubmittedApplicationsPageTest - Selected application section by code: 'TST-VUI-75'.
2025-03-27 10:21:36 [main] DEBUG l.i.u.t.SubmittedApplicationsPageTest - Clicked 'Search' button.
2025-03-27 10:21:36 [main] DEBUG l.i.u.t.SubmittedApplicationsPageTest - Retrieved invitation code: ''.
2025-03-27 10:21:36 [main] DEBUG l.i.u.t.SubmittedApplicationsPageTest - Clicked on 'Submitted Applications' menu.
2025-03-27 10:21:38 [main] DEBUG l.i.u.t.SubmittedApplicationsPageTest - Selected invitation by code: 'TST-VUI-75'.
2025-03-27 10:21:38 [main] DEBUG l.i.u.t.SubmittedApplicationsPageTest - Invitation code inserted.
2025-03-27 10:21:38 [main] DEBUG l.i.u.t.SubmittedApplicationsPageTest - Clicked on 'Action Application' button.
2025-03-27 10:21:38 [main] DEBUG l.i.u.t.SubmittedApplicationsPageTest - Clicked on 'New Application' button.
2025-03-27 10:21:38 [main] DEBUG l.i.u.t.SubmittedApplicationsPageTest - Selected the 'RadioButtonFA' option.
2025-03-27 10:21:39 [main] DEBUG l.i.u.t.SubmittedApplicationsPageTest - Entered phone number: '61298745'.
2025-03-27 10:21:39 [main] DEBUG l.i.u.t.SubmittedApplicationsPageTest - Entered email: 'test@autotest.com'.
2025-03-27 10:21:39 [main] INFO  l.i.u.p.SubmittedApplicationsPage - Clicking on the dropdown button.
2025-03-27 10:21:56 [main] INFO  l.i.u.p.SubmittedApplicationsPage - Found 1741 options in the dropdown.
2025-03-27 10:21:56 [main] DEBUG l.i.u.p.SubmittedApplicationsPage - Checking option: ''
2025-03-27 10:21:56 [main] DEBUG l.i.u.p.SubmittedApplicationsPage - Checking option: '01.11 - Grūdinių (išskyrus ryžius), ankštinių ir aliejingų sėklų augalų auginimas'
2025-03-27 10:21:56 [main] INFO  l.i.u.p.SubmittedApplicationsPage - Successfully selected the value: '01.11 - Grūdinių (išskyrus ryžius), ankštinių ir aliejingų sėklų augalų auginimas'
2025-03-27 10:21:56 [main] INFO  l.i.u.p.SubmittedApplicationsPage - Attempting to close the dropdown.
2025-03-27 10:21:57 [main] DEBUG l.i.u.t.SubmittedApplicationsPageTest - Selected EVRK value: '01.11 - Grūdinių (išskyrus ryžius), ankštinių ir aliejingų sėklų augalų auginimas'.
2025-03-27 10:21:57 [main] DEBUG l.i.u.t.SubmittedApplicationsPageTest - Clicked on 'Address Component' button.
2025-03-27 10:21:57 [main] INFO  l.i.u.p.SubmittedApplicationsPage - Located the dropdown button.
2025-03-27 10:22:00 [main] INFO  l.i.u.p.SubmittedApplicationsPage - Successfully selected the value: 'Lietuva'
2025-03-27 10:22:01 [main] DEBUG l.i.u.t.SubmittedApplicationsPageTest - Selected country: 'Lietuva'.
2025-03-27 10:22:01 [main] INFO  l.i.u.p.SubmittedApplicationsPage - Located the dropdown search field.
2025-03-27 10:22:01 [main] INFO  l.i.u.p.SubmittedApplicationsPage - Dropdown city is opened.
2025-03-27 10:22:01 [main] INFO  l.i.u.p.SubmittedApplicationsPage - Searched for value: 'Vilnius'
2025-03-27 10:22:02 [main] INFO  l.i.u.p.SubmittedApplicationsPage - Successfully selected: 'Vilnius'
2025-03-27 10:22:02 [main] INFO  l.i.u.p.SubmittedApplicationsPage - Located the dropdown button.
2025-03-27 10:22:03 [main] INFO  l.i.u.p.SubmittedApplicationsPage - Successfully selected the value: 'A. Domaševičiaus g.'
2025-03-27 10:22:03 [main] DEBUG l.i.u.t.SubmittedApplicationsPageTest - Selected street: 'A. Domaševičiaus g.'.
2025-03-27 10:22:03 [main] INFO  l.i.u.p.SubmittedApplicationsPage - Located the dropdown button.
2025-03-27 10:22:03 [main] INFO  l.i.u.p.SubmittedApplicationsPage - Successfully selected the value: '1'
2025-03-27 10:22:03 [main] DEBUG l.i.u.t.SubmittedApplicationsPageTest - Selected house: '1'.
2025-03-27 10:22:03 [main] INFO  l.i.u.p.SubmittedApplicationsPage - Located the dropdown button.
2025-03-27 10:22:04 [main] INFO  l.i.u.p.SubmittedApplicationsPage - Successfully selected the value: '1'
2025-03-27 10:22:04 [main] DEBUG l.i.u.t.SubmittedApplicationsPageTest - Selected apartment: '1'.
2025-03-27 10:22:04 [main] DEBUG l.i.u.t.SubmittedApplicationsPageTest - Clicked 'Confirm' button.
2025-03-27 10:22:04 [main] DEBUG l.i.u.t.SubmittedApplicationsPageTest - Entered project date.
2025-03-27 10:22:04 [main] DEBUG l.i.u.t.SubmittedApplicationsPageTest - Entered job count: '1'.
2025-03-27 10:22:05 [main] DEBUG l.i.u.t.SubmittedApplicationsPageTest - Clicked 'Next' button.
2025-03-27 10:22:05 [main] INFO  l.i.u.p.SubmittedApplicationsPage - Located the dropdown button.
2025-03-27 10:22:05 [main] INFO  l.i.u.p.SubmittedApplicationsPage - Successfully selected the value: 'Administratoriai'
2025-03-27 10:22:05 [main] DEBUG l.i.u.t.SubmittedApplicationsPageTest - Selected job name: 'Administratoriai'.
2025-03-27 10:22:06 [main] DEBUG l.i.u.t.SubmittedApplicationsPageTest - Entered job function: 'Funkcija 1'.
2025-03-27 10:22:06 [main] DEBUG l.i.u.t.SubmittedApplicationsPageTest - Selected 'RadioButtonWithDisabilities' option.
2025-03-27 10:22:06 [main] INFO  l.i.u.p.SubmittedApplicationsPage - Clicking on the dropdown button.
2025-03-27 10:22:07 [main] INFO  l.i.u.p.SubmittedApplicationsPage - Found 34 options in the dropdown.
2025-03-27 10:22:07 [main] DEBUG l.i.u.p.SubmittedApplicationsPage - Checking option: 'Asmenys, kuriems suteiktas pabėgėlio statusas ar perkeliamojo asmens statusas, arba asmenys, kuriems suteikta papildoma ar laikinoji apsauga, ir asmenys, turintys teisę gauti laikinąją apsaugą, iki sprendimo dėl laikinosios apsaugos suteikimo (nesuteikimo) priėmimo, tačiau ne ilgiau kaip laikinosios apsaugos laikotarpiu'
2025-03-27 10:22:07 [main] DEBUG l.i.u.p.SubmittedApplicationsPage - Checking option: 'Asmenys, kuriems suteiktas pabėgėlio statusas ar perkeliamojo asmens statusas, arba asmenys, kuriems suteikta papildoma ar laikinoji apsauga, ir asmenys, turintys teisę gauti laikinąją apsaugą, iki sprendimo dėl laikinosios apsaugos suteikimo (nesuteikimo) priėmimo, tačiau ne ilgiau kaip laikinosios apsaugos laikotarpiu'
2025-03-27 10:22:07 [main] DEBUG l.i.u.p.SubmittedApplicationsPage - Checking option: 'Asmenys, turintys teisę į papildomas užimtumo garantijas pagal Lietuvos Respublikos valstybės įmonės Ignalinos atominės elektrinės darbuotojų papildomų užimtumo ir socialinių garantijų įstatymą'
2025-03-27 10:22:07 [main] DEBUG l.i.u.p.SubmittedApplicationsPage - Checking option: 'Asmenys, turintys teisę į papildomas užimtumo garantijas pagal Lietuvos Respublikos valstybės įmonės Ignalinos atominės elektrinės darbuotojų papildomų užimtumo ir socialinių garantijų įstatymą'
2025-03-27 10:22:07 [main] DEBUG l.i.u.p.SubmittedApplicationsPage - Checking option: 'Bedarbiai iki 29 metų'
2025-03-27 10:22:07 [main] DEBUG l.i.u.p.SubmittedApplicationsPage - Checking option: 'Bedarbiai iki 29 metų'
2025-03-27 10:22:07 [main] DEBUG l.i.u.p.SubmittedApplicationsPage - Checking option: 'Bedarbiai, kurie yra darbingo amžiaus neįgalieji, kuriems nustatytas 30–40 procentų darbingumo lygis arba vidutinis neįgalumo lygis'
2025-03-27 10:22:08 [main] DEBUG l.i.u.p.SubmittedApplicationsPage - Checking option: 'Bedarbiai, kurie yra darbingo amžiaus neįgalieji, kuriems nustatytas 30–40 procentų darbingumo lygis arba vidutinis neįgalumo lygis'
2025-03-27 10:22:08 [main] DEBUG l.i.u.p.SubmittedApplicationsPage - Checking option: 'Bedarbiai, kurie yra darbingo amžiaus neįgalieji, kuriems nustatytas 45–55 procentų darbingumo lygis arba lengvas neįgalumo lygis'
2025-03-27 10:22:08 [main] DEBUG l.i.u.p.SubmittedApplicationsPage - Checking option: 'Bedarbiai, kurie yra darbingo amžiaus neįgalieji, kuriems nustatytas 45–55 procentų darbingumo lygis arba lengvas neįgalumo lygis'
2025-03-27 10:22:08 [main] DEBUG l.i.u.p.SubmittedApplicationsPage - Checking option: 'Bedarbiai, kurie yra darbingo amžiaus neįgalieji, kuriems nustatytas iki 25 procentų darbingumo lygis arba sunkus neįgalumo lygis'
2025-03-27 10:22:08 [main] INFO  l.i.u.p.SubmittedApplicationsPage - Successfully selected the value: 'Bedarbiai, kurie yra darbingo amžiaus neįgalieji, kuriems nustatytas iki 25 procentų darbingumo lygis arba sunkus neįgalumo lygis'
2025-03-27 10:22:08 [main] INFO  l.i.u.p.SubmittedApplicationsPage - Attempting to close the dropdown.
2025-03-27 10:22:08 [main] DEBUG l.i.u.t.SubmittedApplicationsPageTest - Selected disabilities type: 'Bedarbiai, kurie yra darbingo amžiaus neįgalieji, kuriems nustatytas iki 25 procentų darbingumo lygis arba sunkus neįgalumo lygis'.
2025-03-27 10:22:09 [main] DEBUG l.i.u.t.SubmittedApplicationsPageTest - Entered disability information: 'Negalia 1'.
2025-03-27 10:22:09 [main] INFO  l.i.u.p.SubmittedApplicationsPage - Located the dropdown button.
2025-03-27 10:22:09 [main] INFO  l.i.u.p.SubmittedApplicationsPage - Successfully selected the value: 'Kita'
2025-03-27 10:22:09 [main] DEBUG l.i.u.t.SubmittedApplicationsPageTest - Selected time mode: 'Kita'.
2025-03-27 10:22:09 [main] DEBUG l.i.u.t.SubmittedApplicationsPageTest - Selected time mode other: '6 val. per dieną ir 4 d. per savaitę'.
2025-03-27 10:22:09 [main] DEBUG l.i.u.t.SubmittedApplicationsPageTest - Entered qualification: 'Kvalifikacija 1'.
2025-03-27 10:22:10 [main] DEBUG l.i.u.t.SubmittedApplicationsPageTest - Entered job date.
2025-03-27 10:22:10 [main] DEBUG l.i.u.t.SubmittedApplicationsPageTest - Entered salary amount: '1200'.
2025-03-27 10:22:10 [main] DEBUG l.i.u.t.SubmittedApplicationsPageTest - Entered salary description: 'Užmokestis 1'.
2025-03-27 10:22:10 [main] DEBUG l.i.u.t.SubmittedApplicationsPageTest - Selected 'Temporary Job' radio button.
2025-03-27 10:22:10 [main] DEBUG l.i.u.t.SubmittedApplicationsPageTest - Selected 'Season Job' radio button.
2025-03-27 10:22:11 [main] DEBUG l.i.u.t.SubmittedApplicationsPageTest - Selected 'Energy' radio button.
2025-03-27 10:22:11 [main] DEBUG l.i.u.t.SubmittedApplicationsPageTest - Selected 'Repair' radio button.
2025-03-27 10:22:11 [main] DEBUG l.i.u.t.SubmittedApplicationsPageTest - Entered job description: 'Veikla 1'.
2025-03-27 10:22:11 [main] DEBUG l.i.u.t.SubmittedApplicationsPageTest - Entered process description: 'Procesas 1'.
2025-03-27 10:22:11 [main] DEBUG l.i.u.t.SubmittedApplicationsPageTest - Entered energy information: 'Energija 1'.
2025-03-27 10:22:12 [main] DEBUG l.i.u.t.SubmittedApplicationsPageTest - Entered repair information: 'Remontas 1'.
2025-03-27 10:22:12 [main] DEBUG l.i.u.t.SubmittedApplicationsPageTest - Selected 'PVM' radio button.
2025-03-27 10:22:12 [main] INFO  l.i.u.p.SubmittedApplicationsPage - Located the dropdown button.
2025-03-27 10:22:13 [main] INFO  l.i.u.p.SubmittedApplicationsPage - Successfully selected the value: 'Įsigyti'
2025-03-27 10:22:13 [main] DEBUG l.i.u.t.SubmittedApplicationsPageTest - Selected necessary for job: 'Įsigyti'.
2025-03-27 10:22:13 [main] DEBUG l.i.u.t.SubmittedApplicationsPageTest - Selected tool: 'Darbo priemonė 1'.
2025-03-27 10:22:13 [main] DEBUG l.i.u.t.SubmittedApplicationsPageTest - Selected tool parameter one: 'Darbo priemonės 1 parametras 1'.
2025-03-27 10:22:14 [main] DEBUG l.i.u.t.SubmittedApplicationsPageTest - Selected tool parameter two: 'Darbo priemonės 1 parametras 2'.
2025-03-27 10:22:14 [main] DEBUG l.i.u.t.SubmittedApplicationsPageTest - Selected tool parameter three: 'Darbo priemonės 1 parametras 3'.
2025-03-27 10:22:14 [main] DEBUG l.i.u.t.SubmittedApplicationsPageTest - Entered tool count: '1'.
2025-03-27 10:22:14 [main] DEBUG l.i.u.t.SubmittedApplicationsPageTest - Entered price amount 1: '1000'.
2025-03-27 10:22:16 [main] DEBUG l.i.u.t.SubmittedApplicationsPageTest - Entered own funds amount 1: '800'.
2025-03-27 10:22:19 [main] DEBUG l.i.u.t.SubmittedApplicationsPageTest - Clicked 'Add' button.
2025-03-27 10:22:19 [main] INFO  l.i.u.p.SubmittedApplicationsPage - Located the dropdown button.
2025-03-27 10:22:19 [main] INFO  l.i.u.p.SubmittedApplicationsPage - Successfully selected the value: 'Remontuoti'
2025-03-27 10:22:19 [main] DEBUG l.i.u.t.SubmittedApplicationsPageTest - Selected necessary for job 'to repair': 'Remontuoti'.
2025-03-27 10:22:19 [main] DEBUG l.i.u.t.SubmittedApplicationsPageTest - Selected repair name: 'Remonto pavadinimas 1'.
2025-03-27 10:22:20 [main] DEBUG l.i.u.t.SubmittedApplicationsPageTest - Entered repair information: 'Remonto aprašymas 1'.
2025-03-27 10:22:20 [main] DEBUG l.i.u.t.SubmittedApplicationsPageTest - Entered price amount 2: '1000'.
2025-03-27 10:22:22 [main] DEBUG l.i.u.t.SubmittedApplicationsPageTest - Entered own funds amount 2: '900'.
2025-03-27 10:22:24 [main] ERROR l.i.u.t.SubmittedApplicationsPageTest - Test 'testFillNewVUIApplicationFA' failed with error: null
java.lang.AssertionError: null
	at lt.insoft.uztis.tests.SubmittedApplicationsPageTest.testFillNewVUIApplicationFA(SubmittedApplicationsPageTest.java:351)
	at java.base/jdk.internal.reflect.DirectMethodHandleAccessor.invoke(DirectMethodHandleAccessor.java:103)
	at java.base/java.lang.reflect.Method.invoke(Method.java:580)
	at org.junit.platform.commons.util.ReflectionUtils.invokeMethod(ReflectionUtils.java:728)
	at org.junit.jupiter.engine.execution.MethodInvocation.proceed(MethodInvocation.java:60)
	at org.junit.jupiter.engine.execution.InvocationInterceptorChain$ValidatingInvocation.proceed(InvocationInterceptorChain.java:131)
	at org.junit.jupiter.engine.extension.TimeoutExtension.intercept(TimeoutExtension.java:156)
	at org.junit.jupiter.engine.extension.TimeoutExtension.interceptTestableMethod(TimeoutExtension.java:147)
	at org.junit.jupiter.engine.extension.TimeoutExtension.interceptTestMethod(TimeoutExtension.java:86)
	at org.junit.jupiter.engine.execution.InterceptingExecutableInvoker$ReflectiveInterceptorCall.lambda$ofVoidMethod$0(InterceptingExecutableInvoker.java:103)
	at org.junit.jupiter.engine.execution.InterceptingExecutableInvoker.lambda$invoke$0(InterceptingExecutableInvoker.java:93)
	at org.junit.jupiter.engine.execution.InvocationInterceptorChain$InterceptedInvocation.proceed(InvocationInterceptorChain.java:106)
	at org.junit.jupiter.engine.execution.InvocationInterceptorChain.proceed(InvocationInterceptorChain.java:64)
	at org.junit.jupiter.engine.execution.InvocationInterceptorChain.chainAndInvoke(InvocationInterceptorChain.java:45)
	at org.junit.jupiter.engine.execution.InvocationInterceptorChain.invoke(InvocationInterceptorChain.java:37)
	at org.junit.jupiter.engine.execution.InterceptingExecutableInvoker.invoke(InterceptingExecutableInvoker.java:92)
	at org.junit.jupiter.engine.execution.InterceptingExecutableInvoker.invoke(InterceptingExecutableInvoker.java:86)
	at org.junit.jupiter.engine.descriptor.TestMethodTestDescriptor.lambda$invokeTestMethod$7(TestMethodTestDescriptor.java:218)
	at org.junit.platform.engine.support.hierarchical.ThrowableCollector.execute(ThrowableCollector.java:73)
	at org.junit.jupiter.engine.descriptor.TestMethodTestDescriptor.invokeTestMethod(TestMethodTestDescriptor.java:214)
	at org.junit.jupiter.engine.descriptor.TestMethodTestDescriptor.execute(TestMethodTestDescriptor.java:139)
	at org.junit.jupiter.engine.descriptor.TestMethodTestDescriptor.execute(TestMethodTestDescriptor.java:69)
	at org.junit.platform.engine.support.hierarchical.NodeTestTask.lambda$executeRecursively$6(NodeTestTask.java:151)
	at org.junit.platform.engine.support.hierarchical.ThrowableCollector.execute(ThrowableCollector.java:73)
	at org.junit.platform.engine.support.hierarchical.NodeTestTask.lambda$executeRecursively$8(NodeTestTask.java:141)
	at org.junit.platform.engine.support.hierarchical.Node.around(Node.java:137)
	at org.junit.platform.engine.support.hierarchical.NodeTestTask.lambda$executeRecursively$9(NodeTestTask.java:139)
	at org.junit.platform.engine.support.hierarchical.ThrowableCollector.execute(ThrowableCollector.java:73)
	at org.junit.platform.engine.support.hierarchical.NodeTestTask.executeRecursively(NodeTestTask.java:138)
	at org.junit.platform.engine.support.hierarchical.NodeTestTask.execute(NodeTestTask.java:95)
	at java.base/java.util.ArrayList.forEach(ArrayList.java:1596)
	at org.junit.platform.engine.support.hierarchical.SameThreadHierarchicalTestExecutorService.invokeAll(SameThreadHierarchicalTestExecutorService.java:41)
	at org.junit.platform.engine.support.hierarchical.NodeTestTask.lambda$executeRecursively$6(NodeTestTask.java:155)
	at org.junit.platform.engine.support.hierarchical.ThrowableCollector.execute(ThrowableCollector.java:73)
	at org.junit.platform.engine.support.hierarchical.NodeTestTask.lambda$executeRecursively$8(NodeTestTask.java:141)
	at org.junit.platform.engine.support.hierarchical.Node.around(Node.java:137)
	at org.junit.platform.engine.support.hierarchical.NodeTestTask.lambda$executeRecursively$9(NodeTestTask.java:139)
	at org.junit.platform.engine.support.hierarchical.ThrowableCollector.execute(ThrowableCollector.java:73)
	at org.junit.platform.engine.support.hierarchical.NodeTestTask.executeRecursively(NodeTestTask.java:138)
	at org.junit.platform.engine.support.hierarchical.NodeTestTask.execute(NodeTestTask.java:95)
	at java.base/java.util.ArrayList.forEach(ArrayList.java:1596)
	at org.junit.platform.engine.support.hierarchical.SameThreadHierarchicalTestExecutorService.invokeAll(SameThreadHierarchicalTestExecutorService.java:41)
	at org.junit.platform.engine.support.hierarchical.NodeTestTask.lambda$executeRecursively$6(NodeTestTask.java:155)
	at org.junit.platform.engine.support.hierarchical.ThrowableCollector.execute(ThrowableCollector.java:73)
	at org.junit.platform.engine.support.hierarchical.NodeTestTask.lambda$executeRecursively$8(NodeTestTask.java:141)
	at org.junit.platform.engine.support.hierarchical.Node.around(Node.java:137)
	at org.junit.platform.engine.support.hierarchical.NodeTestTask.lambda$executeRecursively$9(NodeTestTask.java:139)
	at org.junit.platform.engine.support.hierarchical.ThrowableCollector.execute(ThrowableCollector.java:73)
	at org.junit.platform.engine.support.hierarchical.NodeTestTask.executeRecursively(NodeTestTask.java:138)
	at org.junit.platform.engine.support.hierarchical.NodeTestTask.execute(NodeTestTask.java:95)
	at org.junit.platform.engine.support.hierarchical.SameThreadHierarchicalTestExecutorService.submit(SameThreadHierarchicalTestExecutorService.java:35)
	at org.junit.platform.engine.support.hierarchical.HierarchicalTestExecutor.execute(HierarchicalTestExecutor.java:57)
	at org.junit.platform.engine.support.hierarchical.HierarchicalTestEngine.execute(HierarchicalTestEngine.java:54)
	at org.junit.platform.launcher.core.EngineExecutionOrchestrator.execute(EngineExecutionOrchestrator.java:198)
	at org.junit.platform.launcher.core.EngineExecutionOrchestrator.execute(EngineExecutionOrchestrator.java:169)
	at org.junit.platform.launcher.core.EngineExecutionOrchestrator.execute(EngineExecutionOrchestrator.java:93)
	at org.junit.platform.launcher.core.EngineExecutionOrchestrator.lambda$execute$0(EngineExecutionOrchestrator.java:58)
	at org.junit.platform.launcher.core.EngineExecutionOrchestrator.withInterceptedStreams(EngineExecutionOrchestrator.java:141)
	at org.junit.platform.launcher.core.EngineExecutionOrchestrator.execute(EngineExecutionOrchestrator.java:57)
	at org.junit.platform.launcher.core.DefaultLauncher.execute(DefaultLauncher.java:103)
	at org.junit.platform.launcher.core.DefaultLauncher.execute(DefaultLauncher.java:85)
	at org.junit.platform.launcher.core.DelegatingLauncher.execute(DelegatingLauncher.java:47)
	at org.junit.platform.launcher.core.SessionPerRequestLauncher.execute(SessionPerRequestLauncher.java:63)
	at com.intellij.junit5.JUnit5IdeaTestRunner.startRunnerWithArgs(JUnit5IdeaTestRunner.java:57)
	at com.intellij.rt.junit.IdeaTestRunner$Repeater$1.execute(IdeaTestRunner.java:38)
	at com.intellij.rt.execution.junit.TestsRepeater.repeat(TestsRepeater.java:11)
	at com.intellij.rt.junit.IdeaTestRunner$Repeater.startRunnerWithArgs(IdeaTestRunner.java:35)
	at com.intellij.rt.junit.JUnitStarter.prepareStreamsAndStart(JUnitStarter.java:232)
	at com.intellij.rt.junit.JUnitStarter.main(JUnitStarter.java:55)
2025-03-27 10:22:24 [main] INFO  l.insoft.uztis.tests.utils.TestUtils - Screenshot moved to C:\Users\ingrida.zadorozniene\Desktop\Asm\UZTIS\UZTIS_tests\test-output\screenshots\20250327\102224728_testFillNewVUIApplicationFA().png
2025-03-27 10:27:15 [main] INFO  lt.insoft.uztis.tests.UztisPageTest - Navigated to https://uztisdev.asseco.lt/home
2025-03-27 10:27:15 [main] INFO  l.i.u.t.SubmittedApplicationsPageTest - Starting test:'testFillNewVUIPApplicationFA'
2025-03-27 10:27:16 [main] DEBUG l.i.u.t.SubmittedApplicationsPageTest - User logged in with test credentials.
2025-03-27 10:27:16 [main] DEBUG l.i.u.t.SubmittedApplicationsPageTest - Opened 'Application Processing' menu.
2025-03-27 10:27:16 [main] DEBUG l.i.u.t.SubmittedApplicationsPageTest - Clicked on 'Application Forms' menu.
2025-03-27 10:27:17 [main] DEBUG l.i.u.t.SubmittedApplicationsPageTest - Retrieved last description code text: 'TST-VUI-75'.
2025-03-27 10:27:17 [main] DEBUG l.i.u.t.SubmittedApplicationsPageTest - Clicked on 'Invitation' menu.
2025-03-27 10:27:18 [main] DEBUG l.i.u.t.SubmittedApplicationsPageTest - Selected application section by code: 'TST-VUI-75'.
2025-03-27 10:27:18 [main] DEBUG l.i.u.t.SubmittedApplicationsPageTest - Clicked 'Search' button.
2025-03-27 10:27:18 [main] DEBUG l.i.u.t.SubmittedApplicationsPageTest - Retrieved invitation code: ''.
2025-03-27 10:27:19 [main] DEBUG l.i.u.t.SubmittedApplicationsPageTest - Clicked on 'Submitted Applications' menu.
2025-03-27 10:27:20 [main] DEBUG l.i.u.t.SubmittedApplicationsPageTest - Selected invitation by code: 'TST-VUI-75'.
2025-03-27 10:27:20 [main] DEBUG l.i.u.t.SubmittedApplicationsPageTest - Invitation code inserted.
2025-03-27 10:27:20 [main] DEBUG l.i.u.t.SubmittedApplicationsPageTest - Clicked on 'Action Application' button.
2025-03-27 10:27:21 [main] DEBUG l.i.u.t.SubmittedApplicationsPageTest - Clicked on 'New Application' button.
2025-03-27 10:27:21 [main] DEBUG l.i.u.t.SubmittedApplicationsPageTest - Selected the 'RadioButtonFA' option.
2025-03-27 10:27:21 [main] DEBUG l.i.u.t.SubmittedApplicationsPageTest - Entered phone number: '61298745'.
2025-03-27 10:27:22 [main] DEBUG l.i.u.t.SubmittedApplicationsPageTest - Entered email: 'test@autotest.com'.
2025-03-27 10:27:22 [main] INFO  l.i.u.p.SubmittedApplicationsPage - Clicking on the dropdown button.
2025-03-27 10:27:38 [main] INFO  l.i.u.p.SubmittedApplicationsPage - Found 1741 options in the dropdown.
2025-03-27 10:27:38 [main] DEBUG l.i.u.p.SubmittedApplicationsPage - Checking option: ''
2025-03-27 10:27:38 [main] DEBUG l.i.u.p.SubmittedApplicationsPage - Checking option: '01.11 - Grūdinių (išskyrus ryžius), ankštinių ir aliejingų sėklų augalų auginimas'
2025-03-27 10:27:38 [main] INFO  l.i.u.p.SubmittedApplicationsPage - Successfully selected the value: '01.11 - Grūdinių (išskyrus ryžius), ankštinių ir aliejingų sėklų augalų auginimas'
2025-03-27 10:27:38 [main] INFO  l.i.u.p.SubmittedApplicationsPage - Attempting to close the dropdown.
2025-03-27 10:27:39 [main] DEBUG l.i.u.t.SubmittedApplicationsPageTest - Selected EVRK value: '01.11 - Grūdinių (išskyrus ryžius), ankštinių ir aliejingų sėklų augalų auginimas'.
2025-03-27 10:27:39 [main] DEBUG l.i.u.t.SubmittedApplicationsPageTest - Clicked on 'Address Component' button.
2025-03-27 10:27:39 [main] INFO  l.i.u.p.SubmittedApplicationsPage - Located the dropdown button.
2025-03-27 10:27:43 [main] INFO  l.i.u.p.SubmittedApplicationsPage - Successfully selected the value: 'Lietuva'
2025-03-27 10:27:43 [main] DEBUG l.i.u.t.SubmittedApplicationsPageTest - Selected country: 'Lietuva'.
2025-03-27 10:27:43 [main] INFO  l.i.u.p.SubmittedApplicationsPage - Located the dropdown search field.
2025-03-27 10:27:43 [main] INFO  l.i.u.p.SubmittedApplicationsPage - Dropdown city is opened.
2025-03-27 10:27:44 [main] INFO  l.i.u.p.SubmittedApplicationsPage - Searched for value: 'Vilnius'
2025-03-27 10:27:44 [main] INFO  l.i.u.p.SubmittedApplicationsPage - Successfully selected: 'Vilnius'
2025-03-27 10:27:44 [main] INFO  l.i.u.p.SubmittedApplicationsPage - Located the dropdown button.
2025-03-27 10:27:45 [main] INFO  l.i.u.p.SubmittedApplicationsPage - Successfully selected the value: 'A. Domaševičiaus g.'
2025-03-27 10:27:45 [main] DEBUG l.i.u.t.SubmittedApplicationsPageTest - Selected street: 'A. Domaševičiaus g.'.
2025-03-27 10:27:45 [main] INFO  l.i.u.p.SubmittedApplicationsPage - Located the dropdown button.
2025-03-27 10:27:45 [main] INFO  l.i.u.p.SubmittedApplicationsPage - Successfully selected the value: '1'
2025-03-27 10:27:45 [main] DEBUG l.i.u.t.SubmittedApplicationsPageTest - Selected house: '1'.
2025-03-27 10:27:45 [main] INFO  l.i.u.p.SubmittedApplicationsPage - Located the dropdown button.
2025-03-27 10:27:45 [main] INFO  l.i.u.p.SubmittedApplicationsPage - Successfully selected the value: '1'
2025-03-27 10:27:45 [main] DEBUG l.i.u.t.SubmittedApplicationsPageTest - Selected apartment: '1'.
2025-03-27 10:27:45 [main] DEBUG l.i.u.t.SubmittedApplicationsPageTest - Clicked 'Confirm' button.
2025-03-27 10:27:46 [main] DEBUG l.i.u.t.SubmittedApplicationsPageTest - Entered project date.
2025-03-27 10:27:46 [main] DEBUG l.i.u.t.SubmittedApplicationsPageTest - Entered job count: '1'.
2025-03-27 10:27:46 [main] DEBUG l.i.u.t.SubmittedApplicationsPageTest - Clicked 'Next' button.
2025-03-27 10:27:46 [main] INFO  l.i.u.p.SubmittedApplicationsPage - Located the dropdown button.
2025-03-27 10:27:47 [main] INFO  l.i.u.p.SubmittedApplicationsPage - Successfully selected the value: 'Administratoriai'
2025-03-27 10:27:47 [main] DEBUG l.i.u.t.SubmittedApplicationsPageTest - Selected job name: 'Administratoriai'.
2025-03-27 10:27:47 [main] DEBUG l.i.u.t.SubmittedApplicationsPageTest - Entered job function: 'Funkcija 1'.
2025-03-27 10:27:47 [main] DEBUG l.i.u.t.SubmittedApplicationsPageTest - Selected 'RadioButtonWithDisabilities' option.
2025-03-27 10:27:47 [main] INFO  l.i.u.p.SubmittedApplicationsPage - Clicking on the dropdown button.
2025-03-27 10:27:49 [main] INFO  l.i.u.p.SubmittedApplicationsPage - Found 34 options in the dropdown.
2025-03-27 10:27:49 [main] DEBUG l.i.u.p.SubmittedApplicationsPage - Checking option: 'Asmenys, kuriems suteiktas pabėgėlio statusas ar perkeliamojo asmens statusas, arba asmenys, kuriems suteikta papildoma ar laikinoji apsauga, ir asmenys, turintys teisę gauti laikinąją apsaugą, iki sprendimo dėl laikinosios apsaugos suteikimo (nesuteikimo) priėmimo, tačiau ne ilgiau kaip laikinosios apsaugos laikotarpiu'
2025-03-27 10:27:49 [main] DEBUG l.i.u.p.SubmittedApplicationsPage - Checking option: 'Asmenys, kuriems suteiktas pabėgėlio statusas ar perkeliamojo asmens statusas, arba asmenys, kuriems suteikta papildoma ar laikinoji apsauga, ir asmenys, turintys teisę gauti laikinąją apsaugą, iki sprendimo dėl laikinosios apsaugos suteikimo (nesuteikimo) priėmimo, tačiau ne ilgiau kaip laikinosios apsaugos laikotarpiu'
2025-03-27 10:27:49 [main] DEBUG l.i.u.p.SubmittedApplicationsPage - Checking option: 'Asmenys, turintys teisę į papildomas užimtumo garantijas pagal Lietuvos Respublikos valstybės įmonės Ignalinos atominės elektrinės darbuotojų papildomų užimtumo ir socialinių garantijų įstatymą'
2025-03-27 10:27:49 [main] DEBUG l.i.u.p.SubmittedApplicationsPage - Checking option: 'Asmenys, turintys teisę į papildomas užimtumo garantijas pagal Lietuvos Respublikos valstybės įmonės Ignalinos atominės elektrinės darbuotojų papildomų užimtumo ir socialinių garantijų įstatymą'
2025-03-27 10:27:49 [main] DEBUG l.i.u.p.SubmittedApplicationsPage - Checking option: 'Bedarbiai iki 29 metų'
2025-03-27 10:27:49 [main] DEBUG l.i.u.p.SubmittedApplicationsPage - Checking option: 'Bedarbiai iki 29 metų'
2025-03-27 10:27:49 [main] DEBUG l.i.u.p.SubmittedApplicationsPage - Checking option: 'Bedarbiai, kurie yra darbingo amžiaus neįgalieji, kuriems nustatytas 30–40 procentų darbingumo lygis arba vidutinis neįgalumo lygis'
2025-03-27 10:27:49 [main] DEBUG l.i.u.p.SubmittedApplicationsPage - Checking option: 'Bedarbiai, kurie yra darbingo amžiaus neįgalieji, kuriems nustatytas 30–40 procentų darbingumo lygis arba vidutinis neįgalumo lygis'
2025-03-27 10:27:49 [main] DEBUG l.i.u.p.SubmittedApplicationsPage - Checking option: 'Bedarbiai, kurie yra darbingo amžiaus neįgalieji, kuriems nustatytas 45–55 procentų darbingumo lygis arba lengvas neįgalumo lygis'
2025-03-27 10:27:49 [main] DEBUG l.i.u.p.SubmittedApplicationsPage - Checking option: 'Bedarbiai, kurie yra darbingo amžiaus neįgalieji, kuriems nustatytas 45–55 procentų darbingumo lygis arba lengvas neįgalumo lygis'
2025-03-27 10:27:49 [main] DEBUG l.i.u.p.SubmittedApplicationsPage - Checking option: 'Bedarbiai, kurie yra darbingo amžiaus neįgalieji, kuriems nustatytas iki 25 procentų darbingumo lygis arba sunkus neįgalumo lygis'
2025-03-27 10:27:49 [main] INFO  l.i.u.p.SubmittedApplicationsPage - Successfully selected the value: 'Bedarbiai, kurie yra darbingo amžiaus neįgalieji, kuriems nustatytas iki 25 procentų darbingumo lygis arba sunkus neįgalumo lygis'
2025-03-27 10:27:49 [main] INFO  l.i.u.p.SubmittedApplicationsPage - Attempting to close the dropdown.
2025-03-27 10:27:50 [main] DEBUG l.i.u.t.SubmittedApplicationsPageTest - Selected disabilities type: 'Bedarbiai, kurie yra darbingo amžiaus neįgalieji, kuriems nustatytas iki 25 procentų darbingumo lygis arba sunkus neįgalumo lygis'.
2025-03-27 10:27:50 [main] DEBUG l.i.u.t.SubmittedApplicationsPageTest - Entered disability information: 'Negalia 1'.
2025-03-27 10:27:50 [main] INFO  l.i.u.p.SubmittedApplicationsPage - Located the dropdown button.
2025-03-27 10:27:51 [main] INFO  l.i.u.p.SubmittedApplicationsPage - Successfully selected the value: 'Kita'
2025-03-27 10:27:51 [main] DEBUG l.i.u.t.SubmittedApplicationsPageTest - Selected time mode: 'Kita'.
2025-03-27 10:27:51 [main] DEBUG l.i.u.t.SubmittedApplicationsPageTest - Selected time mode other: '6 val. per dieną ir 4 d. per savaitę'.
2025-03-27 10:27:51 [main] DEBUG l.i.u.t.SubmittedApplicationsPageTest - Entered qualification: 'Kvalifikacija 1'.
2025-03-27 10:27:51 [main] DEBUG l.i.u.t.SubmittedApplicationsPageTest - Entered job date.
2025-03-27 10:27:52 [main] DEBUG l.i.u.t.SubmittedApplicationsPageTest - Entered salary amount: '1200'.
2025-03-27 10:27:52 [main] DEBUG l.i.u.t.SubmittedApplicationsPageTest - Entered salary description: 'Užmokestis 1'.
2025-03-27 10:27:52 [main] DEBUG l.i.u.t.SubmittedApplicationsPageTest - Selected 'Temporary Job' radio button.
2025-03-27 10:27:52 [main] DEBUG l.i.u.t.SubmittedApplicationsPageTest - Selected 'Season Job' radio button.
2025-03-27 10:27:52 [main] DEBUG l.i.u.t.SubmittedApplicationsPageTest - Selected 'Energy' radio button.
2025-03-27 10:27:53 [main] DEBUG l.i.u.t.SubmittedApplicationsPageTest - Selected 'Repair' radio button.
2025-03-27 10:27:53 [main] DEBUG l.i.u.t.SubmittedApplicationsPageTest - Entered job description: 'Veikla 1'.
2025-03-27 10:27:53 [main] DEBUG l.i.u.t.SubmittedApplicationsPageTest - Entered process description: 'Procesas 1'.
2025-03-27 10:27:53 [main] DEBUG l.i.u.t.SubmittedApplicationsPageTest - Entered energy information: 'Energija 1'.
2025-03-27 10:27:54 [main] DEBUG l.i.u.t.SubmittedApplicationsPageTest - Entered repair information: 'Remontas 1'.
2025-03-27 10:27:54 [main] DEBUG l.i.u.t.SubmittedApplicationsPageTest - Selected 'PVM' radio button.
2025-03-27 10:27:54 [main] INFO  l.i.u.p.SubmittedApplicationsPage - Located the dropdown button.
2025-03-27 10:27:55 [main] INFO  l.i.u.p.SubmittedApplicationsPage - Successfully selected the value: 'Įsigyti'
2025-03-27 10:27:55 [main] DEBUG l.i.u.t.SubmittedApplicationsPageTest - Selected necessary for job: 'Įsigyti'.
2025-03-27 10:27:55 [main] DEBUG l.i.u.t.SubmittedApplicationsPageTest - Selected tool: 'Darbo priemonė 1'.
2025-03-27 10:27:55 [main] DEBUG l.i.u.t.SubmittedApplicationsPageTest - Selected tool parameter one: 'Darbo priemonės 1 parametras 1'.
2025-03-27 10:27:55 [main] DEBUG l.i.u.t.SubmittedApplicationsPageTest - Selected tool parameter two: 'Darbo priemonės 1 parametras 2'.
2025-03-27 10:27:56 [main] DEBUG l.i.u.t.SubmittedApplicationsPageTest - Selected tool parameter three: 'Darbo priemonės 1 parametras 3'.
2025-03-27 10:27:56 [main] DEBUG l.i.u.t.SubmittedApplicationsPageTest - Entered tool count: '1'.
2025-03-27 10:27:56 [main] DEBUG l.i.u.t.SubmittedApplicationsPageTest - Entered price amount 1: '1000'.
2025-03-27 10:27:58 [main] DEBUG l.i.u.t.SubmittedApplicationsPageTest - Entered own funds amount 1: '800'.
2025-03-27 10:28:01 [main] DEBUG l.i.u.t.SubmittedApplicationsPageTest - Clicked 'Add' button.
2025-03-27 10:28:01 [main] INFO  l.i.u.p.SubmittedApplicationsPage - Located the dropdown button.
2025-03-27 10:28:01 [main] INFO  l.i.u.p.SubmittedApplicationsPage - Successfully selected the value: 'Remontuoti'
2025-03-27 10:28:01 [main] DEBUG l.i.u.t.SubmittedApplicationsPageTest - Selected necessary for job 'to repair': 'Remontuoti'.
2025-03-27 10:28:01 [main] DEBUG l.i.u.t.SubmittedApplicationsPageTest - Selected repair name: 'Remonto pavadinimas 1'.
2025-03-27 10:28:01 [main] DEBUG l.i.u.t.SubmittedApplicationsPageTest - Entered repair information: 'Remonto aprašymas 1'.
2025-03-27 10:28:02 [main] DEBUG l.i.u.t.SubmittedApplicationsPageTest - Entered price amount 2: '1000'.
2025-03-27 10:28:04 [main] DEBUG l.i.u.t.SubmittedApplicationsPageTest - Entered own funds amount 2: '900'.
2025-03-27 10:28:06 [main] DEBUG l.i.u.t.SubmittedApplicationsPageTest - Calculated value: '140,5'
2025-03-27 10:28:06 [main] ERROR l.i.u.t.SubmittedApplicationsPageTest - Test 'testFillNewVUIApplicationFA' failed with error: null
java.lang.AssertionError: null
	at lt.insoft.uztis.tests.SubmittedApplicationsPageTest.testFillNewVUIApplicationFA(SubmittedApplicationsPageTest.java:353)
	at java.base/jdk.internal.reflect.DirectMethodHandleAccessor.invoke(DirectMethodHandleAccessor.java:103)
	at java.base/java.lang.reflect.Method.invoke(Method.java:580)
	at org.junit.platform.commons.util.ReflectionUtils.invokeMethod(ReflectionUtils.java:728)
	at org.junit.jupiter.engine.execution.MethodInvocation.proceed(MethodInvocation.java:60)
	at org.junit.jupiter.engine.execution.InvocationInterceptorChain$ValidatingInvocation.proceed(InvocationInterceptorChain.java:131)
	at org.junit.jupiter.engine.extension.TimeoutExtension.intercept(TimeoutExtension.java:156)
	at org.junit.jupiter.engine.extension.TimeoutExtension.interceptTestableMethod(TimeoutExtension.java:147)
	at org.junit.jupiter.engine.extension.TimeoutExtension.interceptTestMethod(TimeoutExtension.java:86)
	at org.junit.jupiter.engine.execution.InterceptingExecutableInvoker$ReflectiveInterceptorCall.lambda$ofVoidMethod$0(InterceptingExecutableInvoker.java:103)
	at org.junit.jupiter.engine.execution.InterceptingExecutableInvoker.lambda$invoke$0(InterceptingExecutableInvoker.java:93)
	at org.junit.jupiter.engine.execution.InvocationInterceptorChain$InterceptedInvocation.proceed(InvocationInterceptorChain.java:106)
	at org.junit.jupiter.engine.execution.InvocationInterceptorChain.proceed(InvocationInterceptorChain.java:64)
	at org.junit.jupiter.engine.execution.InvocationInterceptorChain.chainAndInvoke(InvocationInterceptorChain.java:45)
	at org.junit.jupiter.engine.execution.InvocationInterceptorChain.invoke(InvocationInterceptorChain.java:37)
	at org.junit.jupiter.engine.execution.InterceptingExecutableInvoker.invoke(InterceptingExecutableInvoker.java:92)
	at org.junit.jupiter.engine.execution.InterceptingExecutableInvoker.invoke(InterceptingExecutableInvoker.java:86)
	at org.junit.jupiter.engine.descriptor.TestMethodTestDescriptor.lambda$invokeTestMethod$7(TestMethodTestDescriptor.java:218)
	at org.junit.platform.engine.support.hierarchical.ThrowableCollector.execute(ThrowableCollector.java:73)
	at org.junit.jupiter.engine.descriptor.TestMethodTestDescriptor.invokeTestMethod(TestMethodTestDescriptor.java:214)
	at org.junit.jupiter.engine.descriptor.TestMethodTestDescriptor.execute(TestMethodTestDescriptor.java:139)
	at org.junit.jupiter.engine.descriptor.TestMethodTestDescriptor.execute(TestMethodTestDescriptor.java:69)
	at org.junit.platform.engine.support.hierarchical.NodeTestTask.lambda$executeRecursively$6(NodeTestTask.java:151)
	at org.junit.platform.engine.support.hierarchical.ThrowableCollector.execute(ThrowableCollector.java:73)
	at org.junit.platform.engine.support.hierarchical.NodeTestTask.lambda$executeRecursively$8(NodeTestTask.java:141)
	at org.junit.platform.engine.support.hierarchical.Node.around(Node.java:137)
	at org.junit.platform.engine.support.hierarchical.NodeTestTask.lambda$executeRecursively$9(NodeTestTask.java:139)
	at org.junit.platform.engine.support.hierarchical.ThrowableCollector.execute(ThrowableCollector.java:73)
	at org.junit.platform.engine.support.hierarchical.NodeTestTask.executeRecursively(NodeTestTask.java:138)
	at org.junit.platform.engine.support.hierarchical.NodeTestTask.execute(NodeTestTask.java:95)
	at java.base/java.util.ArrayList.forEach(ArrayList.java:1596)
	at org.junit.platform.engine.support.hierarchical.SameThreadHierarchicalTestExecutorService.invokeAll(SameThreadHierarchicalTestExecutorService.java:41)
	at org.junit.platform.engine.support.hierarchical.NodeTestTask.lambda$executeRecursively$6(NodeTestTask.java:155)
	at org.junit.platform.engine.support.hierarchical.ThrowableCollector.execute(ThrowableCollector.java:73)
	at org.junit.platform.engine.support.hierarchical.NodeTestTask.lambda$executeRecursively$8(NodeTestTask.java:141)
	at org.junit.platform.engine.support.hierarchical.Node.around(Node.java:137)
	at org.junit.platform.engine.support.hierarchical.NodeTestTask.lambda$executeRecursively$9(NodeTestTask.java:139)
	at org.junit.platform.engine.support.hierarchical.ThrowableCollector.execute(ThrowableCollector.java:73)
	at org.junit.platform.engine.support.hierarchical.NodeTestTask.executeRecursively(NodeTestTask.java:138)
	at org.junit.platform.engine.support.hierarchical.NodeTestTask.execute(NodeTestTask.java:95)
	at java.base/java.util.ArrayList.forEach(ArrayList.java:1596)
	at org.junit.platform.engine.support.hierarchical.SameThreadHierarchicalTestExecutorService.invokeAll(SameThreadHierarchicalTestExecutorService.java:41)
	at org.junit.platform.engine.support.hierarchical.NodeTestTask.lambda$executeRecursively$6(NodeTestTask.java:155)
	at org.junit.platform.engine.support.hierarchical.ThrowableCollector.execute(ThrowableCollector.java:73)
	at org.junit.platform.engine.support.hierarchical.NodeTestTask.lambda$executeRecursively$8(NodeTestTask.java:141)
	at org.junit.platform.engine.support.hierarchical.Node.around(Node.java:137)
	at org.junit.platform.engine.support.hierarchical.NodeTestTask.lambda$executeRecursively$9(NodeTestTask.java:139)
	at org.junit.platform.engine.support.hierarchical.ThrowableCollector.execute(ThrowableCollector.java:73)
	at org.junit.platform.engine.support.hierarchical.NodeTestTask.executeRecursively(NodeTestTask.java:138)
	at org.junit.platform.engine.support.hierarchical.NodeTestTask.execute(NodeTestTask.java:95)
	at org.junit.platform.engine.support.hierarchical.SameThreadHierarchicalTestExecutorService.submit(SameThreadHierarchicalTestExecutorService.java:35)
	at org.junit.platform.engine.support.hierarchical.HierarchicalTestExecutor.execute(HierarchicalTestExecutor.java:57)
	at org.junit.platform.engine.support.hierarchical.HierarchicalTestEngine.execute(HierarchicalTestEngine.java:54)
	at org.junit.platform.launcher.core.EngineExecutionOrchestrator.execute(EngineExecutionOrchestrator.java:198)
	at org.junit.platform.launcher.core.EngineExecutionOrchestrator.execute(EngineExecutionOrchestrator.java:169)
	at org.junit.platform.launcher.core.EngineExecutionOrchestrator.execute(EngineExecutionOrchestrator.java:93)
	at org.junit.platform.launcher.core.EngineExecutionOrchestrator.lambda$execute$0(EngineExecutionOrchestrator.java:58)
	at org.junit.platform.launcher.core.EngineExecutionOrchestrator.withInterceptedStreams(EngineExecutionOrchestrator.java:141)
	at org.junit.platform.launcher.core.EngineExecutionOrchestrator.execute(EngineExecutionOrchestrator.java:57)
	at org.junit.platform.launcher.core.DefaultLauncher.execute(DefaultLauncher.java:103)
	at org.junit.platform.launcher.core.DefaultLauncher.execute(DefaultLauncher.java:85)
	at org.junit.platform.launcher.core.DelegatingLauncher.execute(DelegatingLauncher.java:47)
	at org.junit.platform.launcher.core.SessionPerRequestLauncher.execute(SessionPerRequestLauncher.java:63)
	at com.intellij.junit5.JUnit5IdeaTestRunner.startRunnerWithArgs(JUnit5IdeaTestRunner.java:57)
	at com.intellij.rt.junit.IdeaTestRunner$Repeater$1.execute(IdeaTestRunner.java:38)
	at com.intellij.rt.execution.junit.TestsRepeater.repeat(TestsRepeater.java:11)
	at com.intellij.rt.junit.IdeaTestRunner$Repeater.startRunnerWithArgs(IdeaTestRunner.java:35)
	at com.intellij.rt.junit.JUnitStarter.prepareStreamsAndStart(JUnitStarter.java:232)
	at com.intellij.rt.junit.JUnitStarter.main(JUnitStarter.java:55)
2025-03-27 10:28:06 [main] INFO  l.insoft.uztis.tests.utils.TestUtils - Screenshot moved to C:\Users\ingrida.zadorozniene\Desktop\Asm\UZTIS\UZTIS_tests\test-output\screenshots\20250327\102806608_testFillNewVUIApplicationFA().png
2025-03-27 10:50:24 [main] INFO  lt.insoft.uztis.tests.UztisPageTest - Navigated to https://uztisdev.asseco.lt/home
2025-03-27 10:50:24 [main] INFO  l.i.u.t.SubmittedApplicationsPageTest - Starting test:'testFillNewVUIPApplicationFA'
2025-03-27 10:50:25 [main] DEBUG l.i.u.t.SubmittedApplicationsPageTest - User logged in with test credentials.
2025-03-27 10:50:25 [main] DEBUG l.i.u.t.SubmittedApplicationsPageTest - Opened 'Application Processing' menu.
2025-03-27 10:50:25 [main] DEBUG l.i.u.t.SubmittedApplicationsPageTest - Clicked on 'Application Forms' menu.
2025-03-27 10:50:26 [main] DEBUG l.i.u.t.SubmittedApplicationsPageTest - Retrieved last description code text: 'TST-VUI-75'.
2025-03-27 10:50:26 [main] DEBUG l.i.u.t.SubmittedApplicationsPageTest - Clicked on 'Invitation' menu.
2025-03-27 10:50:27 [main] DEBUG l.i.u.t.SubmittedApplicationsPageTest - Selected application section by code: 'TST-VUI-75'.
2025-03-27 10:50:28 [main] DEBUG l.i.u.t.SubmittedApplicationsPageTest - Clicked 'Search' button.
2025-03-27 10:50:28 [main] DEBUG l.i.u.t.SubmittedApplicationsPageTest - Retrieved invitation code: ''.
2025-03-27 10:50:28 [main] DEBUG l.i.u.t.SubmittedApplicationsPageTest - Clicked on 'Submitted Applications' menu.
2025-03-27 10:50:29 [main] DEBUG l.i.u.t.SubmittedApplicationsPageTest - Selected invitation by code: 'TST-VUI-75'.
2025-03-27 10:50:29 [main] DEBUG l.i.u.t.SubmittedApplicationsPageTest - Invitation code inserted.
2025-03-27 10:50:30 [main] DEBUG l.i.u.t.SubmittedApplicationsPageTest - Clicked on 'Action Application' button.
2025-03-27 10:50:30 [main] DEBUG l.i.u.t.SubmittedApplicationsPageTest - Clicked on 'New Application' button.
2025-03-27 10:50:30 [main] DEBUG l.i.u.t.SubmittedApplicationsPageTest - Selected the 'RadioButtonFA' option.
2025-03-27 10:50:31 [main] DEBUG l.i.u.t.SubmittedApplicationsPageTest - Entered phone number: '61298745'.
2025-03-27 10:50:31 [main] DEBUG l.i.u.t.SubmittedApplicationsPageTest - Entered email: 'test@autotest.com'.
2025-03-27 10:50:31 [main] INFO  l.i.u.p.SubmittedApplicationsPage - Clicking on the dropdown button.
2025-03-27 10:50:51 [main] INFO  l.i.u.p.SubmittedApplicationsPage - Found 1741 options in the dropdown.
2025-03-27 10:50:51 [main] DEBUG l.i.u.p.SubmittedApplicationsPage - Checking option: ''
2025-03-27 10:50:51 [main] DEBUG l.i.u.p.SubmittedApplicationsPage - Checking option: '01.11 - Grūdinių (išskyrus ryžius), ankštinių ir aliejingų sėklų augalų auginimas'
2025-03-27 10:50:52 [main] INFO  l.i.u.p.SubmittedApplicationsPage - Successfully selected the value: '01.11 - Grūdinių (išskyrus ryžius), ankštinių ir aliejingų sėklų augalų auginimas'
2025-03-27 10:50:52 [main] INFO  l.i.u.p.SubmittedApplicationsPage - Attempting to close the dropdown.
2025-03-27 10:50:52 [main] DEBUG l.i.u.t.SubmittedApplicationsPageTest - Selected EVRK value: '01.11 - Grūdinių (išskyrus ryžius), ankštinių ir aliejingų sėklų augalų auginimas'.
2025-03-27 10:50:52 [main] DEBUG l.i.u.t.SubmittedApplicationsPageTest - Clicked on 'Address Component' button.
2025-03-27 10:50:52 [main] INFO  l.i.u.p.SubmittedApplicationsPage - Located the dropdown button.
2025-03-27 10:50:55 [main] INFO  l.i.u.p.SubmittedApplicationsPage - Successfully selected the value: 'Lietuva'
2025-03-27 10:50:55 [main] DEBUG l.i.u.t.SubmittedApplicationsPageTest - Selected country: 'Lietuva'.
2025-03-27 10:50:55 [main] INFO  l.i.u.p.SubmittedApplicationsPage - Located the dropdown search field.
2025-03-27 10:50:56 [main] INFO  l.i.u.p.SubmittedApplicationsPage - Dropdown city is opened.
2025-03-27 10:50:56 [main] INFO  l.i.u.p.SubmittedApplicationsPage - Searched for value: 'Vilnius'
2025-03-27 10:50:57 [main] INFO  l.i.u.p.SubmittedApplicationsPage - Successfully selected: 'Vilnius'
2025-03-27 10:50:57 [main] INFO  l.i.u.p.SubmittedApplicationsPage - Located the dropdown button.
2025-03-27 10:50:57 [main] INFO  l.i.u.p.SubmittedApplicationsPage - Successfully selected the value: 'A. Domaševičiaus g.'
2025-03-27 10:50:57 [main] DEBUG l.i.u.t.SubmittedApplicationsPageTest - Selected street: 'A. Domaševičiaus g.'.
2025-03-27 10:50:57 [main] INFO  l.i.u.p.SubmittedApplicationsPage - Located the dropdown button.
2025-03-27 10:50:58 [main] INFO  l.i.u.p.SubmittedApplicationsPage - Successfully selected the value: '1'
2025-03-27 10:50:58 [main] DEBUG l.i.u.t.SubmittedApplicationsPageTest - Selected house: '1'.
2025-03-27 10:50:58 [main] INFO  l.i.u.p.SubmittedApplicationsPage - Located the dropdown button.
2025-03-27 10:50:59 [main] INFO  l.i.u.p.SubmittedApplicationsPage - Successfully selected the value: '1'
2025-03-27 10:50:59 [main] DEBUG l.i.u.t.SubmittedApplicationsPageTest - Selected apartment: '1'.
2025-03-27 10:50:59 [main] DEBUG l.i.u.t.SubmittedApplicationsPageTest - Clicked 'Confirm' button.
2025-03-27 10:50:59 [main] DEBUG l.i.u.t.SubmittedApplicationsPageTest - Entered project date.
2025-03-27 10:50:59 [main] DEBUG l.i.u.t.SubmittedApplicationsPageTest - Entered job count: '1'.
2025-03-27 10:51:00 [main] DEBUG l.i.u.t.SubmittedApplicationsPageTest - Clicked 'Next' button.
2025-03-27 10:51:00 [main] INFO  l.i.u.p.SubmittedApplicationsPage - Located the dropdown button.
2025-03-27 10:51:01 [main] INFO  l.i.u.p.SubmittedApplicationsPage - Successfully selected the value: 'Administratoriai'
2025-03-27 10:51:01 [main] DEBUG l.i.u.t.SubmittedApplicationsPageTest - Selected job name: 'Administratoriai'.
2025-03-27 10:51:01 [main] DEBUG l.i.u.t.SubmittedApplicationsPageTest - Entered job function: 'Funkcija 1'.
2025-03-27 10:51:01 [main] DEBUG l.i.u.t.SubmittedApplicationsPageTest - Selected 'RadioButtonWithDisabilities' option.
2025-03-27 10:51:01 [main] INFO  l.i.u.p.SubmittedApplicationsPage - Clicking on the dropdown button.
2025-03-27 10:51:02 [main] INFO  l.i.u.p.SubmittedApplicationsPage - Found 34 options in the dropdown.
2025-03-27 10:51:02 [main] DEBUG l.i.u.p.SubmittedApplicationsPage - Checking option: 'Asmenys, kuriems suteiktas pabėgėlio statusas ar perkeliamojo asmens statusas, arba asmenys, kuriems suteikta papildoma ar laikinoji apsauga, ir asmenys, turintys teisę gauti laikinąją apsaugą, iki sprendimo dėl laikinosios apsaugos suteikimo (nesuteikimo) priėmimo, tačiau ne ilgiau kaip laikinosios apsaugos laikotarpiu'
2025-03-27 10:51:02 [main] DEBUG l.i.u.p.SubmittedApplicationsPage - Checking option: 'Asmenys, kuriems suteiktas pabėgėlio statusas ar perkeliamojo asmens statusas, arba asmenys, kuriems suteikta papildoma ar laikinoji apsauga, ir asmenys, turintys teisę gauti laikinąją apsaugą, iki sprendimo dėl laikinosios apsaugos suteikimo (nesuteikimo) priėmimo, tačiau ne ilgiau kaip laikinosios apsaugos laikotarpiu'
2025-03-27 10:51:02 [main] DEBUG l.i.u.p.SubmittedApplicationsPage - Checking option: 'Asmenys, turintys teisę į papildomas užimtumo garantijas pagal Lietuvos Respublikos valstybės įmonės Ignalinos atominės elektrinės darbuotojų papildomų užimtumo ir socialinių garantijų įstatymą'
2025-03-27 10:51:02 [main] DEBUG l.i.u.p.SubmittedApplicationsPage - Checking option: 'Asmenys, turintys teisę į papildomas užimtumo garantijas pagal Lietuvos Respublikos valstybės įmonės Ignalinos atominės elektrinės darbuotojų papildomų užimtumo ir socialinių garantijų įstatymą'
2025-03-27 10:51:02 [main] DEBUG l.i.u.p.SubmittedApplicationsPage - Checking option: 'Bedarbiai iki 29 metų'
2025-03-27 10:51:02 [main] DEBUG l.i.u.p.SubmittedApplicationsPage - Checking option: 'Bedarbiai iki 29 metų'
2025-03-27 10:51:02 [main] DEBUG l.i.u.p.SubmittedApplicationsPage - Checking option: 'Bedarbiai, kurie yra darbingo amžiaus neįgalieji, kuriems nustatytas 30–40 procentų darbingumo lygis arba vidutinis neįgalumo lygis'
2025-03-27 10:51:02 [main] DEBUG l.i.u.p.SubmittedApplicationsPage - Checking option: 'Bedarbiai, kurie yra darbingo amžiaus neįgalieji, kuriems nustatytas 30–40 procentų darbingumo lygis arba vidutinis neįgalumo lygis'
2025-03-27 10:51:02 [main] DEBUG l.i.u.p.SubmittedApplicationsPage - Checking option: 'Bedarbiai, kurie yra darbingo amžiaus neįgalieji, kuriems nustatytas 45–55 procentų darbingumo lygis arba lengvas neįgalumo lygis'
2025-03-27 10:51:02 [main] DEBUG l.i.u.p.SubmittedApplicationsPage - Checking option: 'Bedarbiai, kurie yra darbingo amžiaus neįgalieji, kuriems nustatytas 45–55 procentų darbingumo lygis arba lengvas neįgalumo lygis'
2025-03-27 10:51:02 [main] DEBUG l.i.u.p.SubmittedApplicationsPage - Checking option: 'Bedarbiai, kurie yra darbingo amžiaus neįgalieji, kuriems nustatytas iki 25 procentų darbingumo lygis arba sunkus neįgalumo lygis'
2025-03-27 10:51:02 [main] INFO  l.i.u.p.SubmittedApplicationsPage - Successfully selected the value: 'Bedarbiai, kurie yra darbingo amžiaus neįgalieji, kuriems nustatytas iki 25 procentų darbingumo lygis arba sunkus neįgalumo lygis'
2025-03-27 10:51:02 [main] INFO  l.i.u.p.SubmittedApplicationsPage - Attempting to close the dropdown.
2025-03-27 10:51:03 [main] DEBUG l.i.u.t.SubmittedApplicationsPageTest - Selected disabilities type: 'Bedarbiai, kurie yra darbingo amžiaus neįgalieji, kuriems nustatytas iki 25 procentų darbingumo lygis arba sunkus neįgalumo lygis'.
2025-03-27 10:51:03 [main] DEBUG l.i.u.t.SubmittedApplicationsPageTest - Entered disability information: 'Negalia 1'.
2025-03-27 10:51:03 [main] INFO  l.i.u.p.SubmittedApplicationsPage - Located the dropdown button.
2025-03-27 10:51:03 [main] INFO  l.i.u.p.SubmittedApplicationsPage - Successfully selected the value: 'Kita'
2025-03-27 10:51:03 [main] DEBUG l.i.u.t.SubmittedApplicationsPageTest - Selected time mode: 'Kita'.
2025-03-27 10:51:04 [main] DEBUG l.i.u.t.SubmittedApplicationsPageTest - Selected time mode other: '6 val. per dieną ir 4 d. per savaitę'.
2025-03-27 10:51:04 [main] DEBUG l.i.u.t.SubmittedApplicationsPageTest - Entered qualification: 'Kvalifikacija 1'.
2025-03-27 10:51:04 [main] DEBUG l.i.u.t.SubmittedApplicationsPageTest - Entered job date.
2025-03-27 10:51:04 [main] DEBUG l.i.u.t.SubmittedApplicationsPageTest - Entered salary amount: '1200'.
2025-03-27 10:51:04 [main] DEBUG l.i.u.t.SubmittedApplicationsPageTest - Entered salary description: 'Užmokestis 1'.
2025-03-27 10:51:05 [main] DEBUG l.i.u.t.SubmittedApplicationsPageTest - Selected 'Temporary Job' radio button.
2025-03-27 10:51:05 [main] DEBUG l.i.u.t.SubmittedApplicationsPageTest - Selected 'Season Job' radio button.
2025-03-27 10:51:05 [main] DEBUG l.i.u.t.SubmittedApplicationsPageTest - Selected 'Energy' radio button.
2025-03-27 10:51:05 [main] DEBUG l.i.u.t.SubmittedApplicationsPageTest - Selected 'Repair' radio button.
2025-03-27 10:51:05 [main] DEBUG l.i.u.t.SubmittedApplicationsPageTest - Entered job description: 'Veikla 1'.
2025-03-27 10:51:06 [main] DEBUG l.i.u.t.SubmittedApplicationsPageTest - Entered process description: 'Procesas 1'.
2025-03-27 10:51:06 [main] DEBUG l.i.u.t.SubmittedApplicationsPageTest - Entered energy information: 'Energija 1'.
2025-03-27 10:51:06 [main] DEBUG l.i.u.t.SubmittedApplicationsPageTest - Entered repair information: 'Remontas 1'.
2025-03-27 10:51:06 [main] DEBUG l.i.u.t.SubmittedApplicationsPageTest - Selected 'PVM' radio button.
2025-03-27 10:51:06 [main] INFO  l.i.u.p.SubmittedApplicationsPage - Located the dropdown button.
2025-03-27 10:51:07 [main] INFO  l.i.u.p.SubmittedApplicationsPage - Successfully selected the value: 'Įsigyti'
2025-03-27 10:51:07 [main] DEBUG l.i.u.t.SubmittedApplicationsPageTest - Selected necessary for job: 'Įsigyti'.
2025-03-27 10:51:07 [main] DEBUG l.i.u.t.SubmittedApplicationsPageTest - Selected tool: 'Darbo priemonė 1'.
2025-03-27 10:51:08 [main] DEBUG l.i.u.t.SubmittedApplicationsPageTest - Selected tool parameter one: 'Darbo priemonės 1 parametras 1'.
2025-03-27 10:51:08 [main] DEBUG l.i.u.t.SubmittedApplicationsPageTest - Selected tool parameter two: 'Darbo priemonės 1 parametras 2'.
2025-03-27 10:51:08 [main] DEBUG l.i.u.t.SubmittedApplicationsPageTest - Selected tool parameter three: 'Darbo priemonės 1 parametras 3'.
2025-03-27 10:51:08 [main] DEBUG l.i.u.t.SubmittedApplicationsPageTest - Entered tool count: '1'.
2025-03-27 10:51:09 [main] DEBUG l.i.u.t.SubmittedApplicationsPageTest - Entered price amount 1: '1000'.
2025-03-27 10:51:11 [main] DEBUG l.i.u.t.SubmittedApplicationsPageTest - Entered own funds amount 1: '800'.
2025-03-27 10:51:13 [main] DEBUG l.i.u.t.SubmittedApplicationsPageTest - Clicked 'Add' button.
2025-03-27 10:51:13 [main] INFO  l.i.u.p.SubmittedApplicationsPage - Located the dropdown button.
2025-03-27 10:51:13 [main] INFO  l.i.u.p.SubmittedApplicationsPage - Successfully selected the value: 'Remontuoti'
2025-03-27 10:51:13 [main] DEBUG l.i.u.t.SubmittedApplicationsPageTest - Selected necessary for job 'to repair': 'Remontuoti'.
2025-03-27 10:51:14 [main] DEBUG l.i.u.t.SubmittedApplicationsPageTest - Selected repair name: 'Remonto pavadinimas 1'.
2025-03-27 10:51:14 [main] DEBUG l.i.u.t.SubmittedApplicationsPageTest - Entered repair information: 'Remonto aprašymas 1'.
2025-03-27 10:51:14 [main] DEBUG l.i.u.t.SubmittedApplicationsPageTest - Entered price amount 2: '1000'.
2025-03-27 10:51:16 [main] DEBUG l.i.u.t.SubmittedApplicationsPageTest - Entered own funds amount 2: '900'.
2025-03-27 10:51:18 [main] DEBUG l.i.u.t.SubmittedApplicationsPageTest - Current calculated value: '140,5'
2025-03-27 10:51:19 [main] DEBUG l.i.u.t.SubmittedApplicationsPageTest - Current calculated value: '140,5'
2025-03-27 10:51:20 [main] DEBUG l.i.u.t.SubmittedApplicationsPageTest - Current calculated value: '140,5'
2025-03-27 10:51:20 [main] DEBUG l.i.u.t.SubmittedApplicationsPageTest - Current calculated value: '140,5'
2025-03-27 10:51:21 [main] DEBUG l.i.u.t.SubmittedApplicationsPageTest - Current calculated value: '140,5'
2025-03-27 10:51:21 [main] DEBUG l.i.u.t.SubmittedApplicationsPageTest - Current calculated value: '140,5'
2025-03-27 10:51:22 [main] DEBUG l.i.u.t.SubmittedApplicationsPageTest - Current calculated value: '140,5'
2025-03-27 10:51:22 [main] DEBUG l.i.u.t.SubmittedApplicationsPageTest - Current calculated value: '140,5'
2025-03-27 10:51:23 [main] DEBUG l.i.u.t.SubmittedApplicationsPageTest - Current calculated value: '140,5'
2025-03-27 10:51:23 [main] DEBUG l.i.u.t.SubmittedApplicationsPageTest - Current calculated value: '140,5'
2025-03-27 10:51:24 [main] DEBUG l.i.u.t.SubmittedApplicationsPageTest - Current calculated value: '140,5'
2025-03-27 10:51:24 [main] DEBUG l.i.u.t.SubmittedApplicationsPageTest - Current calculated value: '140,5'
2025-03-27 10:51:25 [main] DEBUG l.i.u.t.SubmittedApplicationsPageTest - Current calculated value: '140,5'
2025-03-27 10:51:25 [main] DEBUG l.i.u.t.SubmittedApplicationsPageTest - Current calculated value: '140,5'
2025-03-27 10:51:26 [main] DEBUG l.i.u.t.SubmittedApplicationsPageTest - Current calculated value: '140,5'
2025-03-27 10:51:26 [main] DEBUG l.i.u.t.SubmittedApplicationsPageTest - Current calculated value: '140,5'
2025-03-27 10:51:27 [main] DEBUG l.i.u.t.SubmittedApplicationsPageTest - Current calculated value: '140,5'
2025-03-27 10:51:27 [main] DEBUG l.i.u.t.SubmittedApplicationsPageTest - Current calculated value: '140,5'
2025-03-27 10:51:28 [main] DEBUG l.i.u.t.SubmittedApplicationsPageTest - Current calculated value: '140,5'
2025-03-27 10:51:29 [main] DEBUG l.i.u.t.SubmittedApplicationsPageTest - Current calculated value: '140,5'
2025-03-27 10:51:29 [main] ERROR l.i.u.t.SubmittedApplicationsPageTest - Test 'testFillNewVUIApplicationFA' failed with error: Expected condition failed: waiting for lt.insoft.uztis.tests.SubmittedApplicationsPageTest$$Lambda/0x00000239812b7488@425b142e (tried for 10 second(s) with 500 milliseconds interval)
Build info: version: '4.27.0', revision: 'd6e718d134'
System info: os.name: 'Windows 11', os.arch: 'amd64', os.version: '10.0', java.version: '21.0.3'
Driver info: org.openqa.selenium.chrome.ChromeDriver
Capabilities {acceptInsecureCerts: false, browserName: chrome, browserVersion: 134.0.6998.166, chrome: {chromedriverVersion: 134.0.6998.165 (fd886e2cb29..., userDataDir: C:\Users\INGRID~1.ZAD\AppDa...}, fedcm:accounts: true, goog:chromeOptions: {debuggerAddress: localhost:56786}, networkConnectionEnabled: false, pageLoadStrategy: normal, platformName: windows, proxy: Proxy(), se:cdp: ws://localhost:56786/devtoo..., se:cdpVersion: 134.0.6998.166, setWindowRect: true, strictFileInteractability: false, timeouts: {implicit: 0, pageLoad: 300000, script: 30000}, unhandledPromptBehavior: dismiss and notify, webauthn:extension:credBlob: true, webauthn:extension:largeBlob: true, webauthn:extension:minPinLength: true, webauthn:extension:prf: true, webauthn:virtualAuthenticators: true}
Session ID: 71ec907b88a190ba9d0823a231145c43
org.openqa.selenium.TimeoutException: Expected condition failed: waiting for lt.insoft.uztis.tests.SubmittedApplicationsPageTest$$Lambda/0x00000239812b7488@425b142e (tried for 10 second(s) with 500 milliseconds interval)
Build info: version: '4.27.0', revision: 'd6e718d134'
System info: os.name: 'Windows 11', os.arch: 'amd64', os.version: '10.0', java.version: '21.0.3'
Driver info: org.openqa.selenium.chrome.ChromeDriver
Capabilities {acceptInsecureCerts: false, browserName: chrome, browserVersion: 134.0.6998.166, chrome: {chromedriverVersion: 134.0.6998.165 (fd886e2cb29..., userDataDir: C:\Users\INGRID~1.ZAD\AppDa...}, fedcm:accounts: true, goog:chromeOptions: {debuggerAddress: localhost:56786}, networkConnectionEnabled: false, pageLoadStrategy: normal, platformName: windows, proxy: Proxy(), se:cdp: ws://localhost:56786/devtoo..., se:cdpVersion: 134.0.6998.166, setWindowRect: true, strictFileInteractability: false, timeouts: {implicit: 0, pageLoad: 300000, script: 30000}, unhandledPromptBehavior: dismiss and notify, webauthn:extension:credBlob: true, webauthn:extension:largeBlob: true, webauthn:extension:minPinLength: true, webauthn:extension:prf: true, webauthn:virtualAuthenticators: true}
Session ID: 71ec907b88a190ba9d0823a231145c43
	at org.openqa.selenium.support.ui.WebDriverWait.timeoutException(WebDriverWait.java:84)
	at org.openqa.selenium.support.ui.FluentWait.until(FluentWait.java:228)
	at lt.insoft.uztis.tests.SubmittedApplicationsPageTest.testFillNewVUIApplicationFA(SubmittedApplicationsPageTest.java:364)
	at java.base/jdk.internal.reflect.DirectMethodHandleAccessor.invoke(DirectMethodHandleAccessor.java:103)
	at java.base/java.lang.reflect.Method.invoke(Method.java:580)
	at org.junit.platform.commons.util.ReflectionUtils.invokeMethod(ReflectionUtils.java:728)
	at org.junit.jupiter.engine.execution.MethodInvocation.proceed(MethodInvocation.java:60)
	at org.junit.jupiter.engine.execution.InvocationInterceptorChain$ValidatingInvocation.proceed(InvocationInterceptorChain.java:131)
	at org.junit.jupiter.engine.extension.TimeoutExtension.intercept(TimeoutExtension.java:156)
	at org.junit.jupiter.engine.extension.TimeoutExtension.interceptTestableMethod(TimeoutExtension.java:147)
	at org.junit.jupiter.engine.extension.TimeoutExtension.interceptTestMethod(TimeoutExtension.java:86)
	at org.junit.jupiter.engine.execution.InterceptingExecutableInvoker$ReflectiveInterceptorCall.lambda$ofVoidMethod$0(InterceptingExecutableInvoker.java:103)
	at org.junit.jupiter.engine.execution.InterceptingExecutableInvoker.lambda$invoke$0(InterceptingExecutableInvoker.java:93)
	at org.junit.jupiter.engine.execution.InvocationInterceptorChain$InterceptedInvocation.proceed(InvocationInterceptorChain.java:106)
	at org.junit.jupiter.engine.execution.InvocationInterceptorChain.proceed(InvocationInterceptorChain.java:64)
	at org.junit.jupiter.engine.execution.InvocationInterceptorChain.chainAndInvoke(InvocationInterceptorChain.java:45)
	at org.junit.jupiter.engine.execution.InvocationInterceptorChain.invoke(InvocationInterceptorChain.java:37)
	at org.junit.jupiter.engine.execution.InterceptingExecutableInvoker.invoke(InterceptingExecutableInvoker.java:92)
	at org.junit.jupiter.engine.execution.InterceptingExecutableInvoker.invoke(InterceptingExecutableInvoker.java:86)
	at org.junit.jupiter.engine.descriptor.TestMethodTestDescriptor.lambda$invokeTestMethod$7(TestMethodTestDescriptor.java:218)
	at org.junit.platform.engine.support.hierarchical.ThrowableCollector.execute(ThrowableCollector.java:73)
	at org.junit.jupiter.engine.descriptor.TestMethodTestDescriptor.invokeTestMethod(TestMethodTestDescriptor.java:214)
	at org.junit.jupiter.engine.descriptor.TestMethodTestDescriptor.execute(TestMethodTestDescriptor.java:139)
	at org.junit.jupiter.engine.descriptor.TestMethodTestDescriptor.execute(TestMethodTestDescriptor.java:69)
	at org.junit.platform.engine.support.hierarchical.NodeTestTask.lambda$executeRecursively$6(NodeTestTask.java:151)
	at org.junit.platform.engine.support.hierarchical.ThrowableCollector.execute(ThrowableCollector.java:73)
	at org.junit.platform.engine.support.hierarchical.NodeTestTask.lambda$executeRecursively$8(NodeTestTask.java:141)
	at org.junit.platform.engine.support.hierarchical.Node.around(Node.java:137)
	at org.junit.platform.engine.support.hierarchical.NodeTestTask.lambda$executeRecursively$9(NodeTestTask.java:139)
	at org.junit.platform.engine.support.hierarchical.ThrowableCollector.execute(ThrowableCollector.java:73)
	at org.junit.platform.engine.support.hierarchical.NodeTestTask.executeRecursively(NodeTestTask.java:138)
	at org.junit.platform.engine.support.hierarchical.NodeTestTask.execute(NodeTestTask.java:95)
	at java.base/java.util.ArrayList.forEach(ArrayList.java:1596)
	at org.junit.platform.engine.support.hierarchical.SameThreadHierarchicalTestExecutorService.invokeAll(SameThreadHierarchicalTestExecutorService.java:41)
	at org.junit.platform.engine.support.hierarchical.NodeTestTask.lambda$executeRecursively$6(NodeTestTask.java:155)
	at org.junit.platform.engine.support.hierarchical.ThrowableCollector.execute(ThrowableCollector.java:73)
	at org.junit.platform.engine.support.hierarchical.NodeTestTask.lambda$executeRecursively$8(NodeTestTask.java:141)
	at org.junit.platform.engine.support.hierarchical.Node.around(Node.java:137)
	at org.junit.platform.engine.support.hierarchical.NodeTestTask.lambda$executeRecursively$9(NodeTestTask.java:139)
	at org.junit.platform.engine.support.hierarchical.ThrowableCollector.execute(ThrowableCollector.java:73)
	at org.junit.platform.engine.support.hierarchical.NodeTestTask.executeRecursively(NodeTestTask.java:138)
	at org.junit.platform.engine.support.hierarchical.NodeTestTask.execute(NodeTestTask.java:95)
	at java.base/java.util.ArrayList.forEach(ArrayList.java:1596)
	at org.junit.platform.engine.support.hierarchical.SameThreadHierarchicalTestExecutorService.invokeAll(SameThreadHierarchicalTestExecutorService.java:41)
	at org.junit.platform.engine.support.hierarchical.NodeTestTask.lambda$executeRecursively$6(NodeTestTask.java:155)
	at org.junit.platform.engine.support.hierarchical.ThrowableCollector.execute(ThrowableCollector.java:73)
	at org.junit.platform.engine.support.hierarchical.NodeTestTask.lambda$executeRecursively$8(NodeTestTask.java:141)
	at org.junit.platform.engine.support.hierarchical.Node.around(Node.java:137)
	at org.junit.platform.engine.support.hierarchical.NodeTestTask.lambda$executeRecursively$9(NodeTestTask.java:139)
	at org.junit.platform.engine.support.hierarchical.ThrowableCollector.execute(ThrowableCollector.java:73)
	at org.junit.platform.engine.support.hierarchical.NodeTestTask.executeRecursively(NodeTestTask.java:138)
	at org.junit.platform.engine.support.hierarchical.NodeTestTask.execute(NodeTestTask.java:95)
	at org.junit.platform.engine.support.hierarchical.SameThreadHierarchicalTestExecutorService.submit(SameThreadHierarchicalTestExecutorService.java:35)
	at org.junit.platform.engine.support.hierarchical.HierarchicalTestExecutor.execute(HierarchicalTestExecutor.java:57)
	at org.junit.platform.engine.support.hierarchical.HierarchicalTestEngine.execute(HierarchicalTestEngine.java:54)
	at org.junit.platform.launcher.core.EngineExecutionOrchestrator.execute(EngineExecutionOrchestrator.java:198)
	at org.junit.platform.launcher.core.EngineExecutionOrchestrator.execute(EngineExecutionOrchestrator.java:169)
	at org.junit.platform.launcher.core.EngineExecutionOrchestrator.execute(EngineExecutionOrchestrator.java:93)
	at org.junit.platform.launcher.core.EngineExecutionOrchestrator.lambda$execute$0(EngineExecutionOrchestrator.java:58)
	at org.junit.platform.launcher.core.EngineExecutionOrchestrator.withInterceptedStreams(EngineExecutionOrchestrator.java:141)
	at org.junit.platform.launcher.core.EngineExecutionOrchestrator.execute(EngineExecutionOrchestrator.java:57)
	at org.junit.platform.launcher.core.DefaultLauncher.execute(DefaultLauncher.java:103)
	at org.junit.platform.launcher.core.DefaultLauncher.execute(DefaultLauncher.java:85)
	at org.junit.platform.launcher.core.DelegatingLauncher.execute(DelegatingLauncher.java:47)
	at org.junit.platform.launcher.core.SessionPerRequestLauncher.execute(SessionPerRequestLauncher.java:63)
	at com.intellij.junit5.JUnit5IdeaTestRunner.startRunnerWithArgs(JUnit5IdeaTestRunner.java:57)
	at com.intellij.rt.junit.IdeaTestRunner$Repeater$1.execute(IdeaTestRunner.java:38)
	at com.intellij.rt.execution.junit.TestsRepeater.repeat(TestsRepeater.java:11)
	at com.intellij.rt.junit.IdeaTestRunner$Repeater.startRunnerWithArgs(IdeaTestRunner.java:35)
	at com.intellij.rt.junit.JUnitStarter.prepareStreamsAndStart(JUnitStarter.java:232)
	at com.intellij.rt.junit.JUnitStarter.main(JUnitStarter.java:55)
2025-03-27 10:51:29 [main] INFO  l.insoft.uztis.tests.utils.TestUtils - Screenshot moved to C:\Users\ingrida.zadorozniene\Desktop\Asm\UZTIS\UZTIS_tests\test-output\screenshots\20250327\105129148_testFillNewVUIApplicationFA().png
2025-03-27 10:58:16 [main] INFO  lt.insoft.uztis.tests.UztisPageTest - Navigated to https://uztisdev.asseco.lt/home
2025-03-27 10:58:16 [main] INFO  l.i.u.t.SubmittedApplicationsPageTest - Starting test:'testFillNewVUIPApplicationFA'
2025-03-27 10:58:16 [main] DEBUG l.i.u.t.SubmittedApplicationsPageTest - User logged in with test credentials.
2025-03-27 10:58:17 [main] DEBUG l.i.u.t.SubmittedApplicationsPageTest - Opened 'Application Processing' menu.
2025-03-27 10:58:17 [main] DEBUG l.i.u.t.SubmittedApplicationsPageTest - Clicked on 'Application Forms' menu.
2025-03-27 10:58:17 [main] DEBUG l.i.u.t.SubmittedApplicationsPageTest - Retrieved last description code text: 'TST-VUI-75'.
2025-03-27 10:58:18 [main] DEBUG l.i.u.t.SubmittedApplicationsPageTest - Clicked on 'Invitation' menu.
2025-03-27 10:58:19 [main] DEBUG l.i.u.t.SubmittedApplicationsPageTest - Selected application section by code: 'TST-VUI-75'.
2025-03-27 10:58:19 [main] DEBUG l.i.u.t.SubmittedApplicationsPageTest - Clicked 'Search' button.
2025-03-27 10:58:19 [main] DEBUG l.i.u.t.SubmittedApplicationsPageTest - Retrieved invitation code: ''.
2025-03-27 10:58:19 [main] DEBUG l.i.u.t.SubmittedApplicationsPageTest - Clicked on 'Submitted Applications' menu.
2025-03-27 10:58:21 [main] DEBUG l.i.u.t.SubmittedApplicationsPageTest - Selected invitation by code: 'TST-VUI-75'.
2025-03-27 10:58:21 [main] DEBUG l.i.u.t.SubmittedApplicationsPageTest - Invitation code inserted.
2025-03-27 10:58:21 [main] DEBUG l.i.u.t.SubmittedApplicationsPageTest - Clicked on 'Action Application' button.
2025-03-27 10:58:21 [main] DEBUG l.i.u.t.SubmittedApplicationsPageTest - Clicked on 'New Application' button.
2025-03-27 10:58:21 [main] DEBUG l.i.u.t.SubmittedApplicationsPageTest - Selected the 'RadioButtonFA' option.
2025-03-27 10:58:22 [main] DEBUG l.i.u.t.SubmittedApplicationsPageTest - Entered phone number: '61298745'.
2025-03-27 10:58:22 [main] DEBUG l.i.u.t.SubmittedApplicationsPageTest - Entered email: 'test@autotest.com'.
2025-03-27 10:58:22 [main] INFO  l.i.u.p.SubmittedApplicationsPage - Clicking on the dropdown button.
2025-03-27 10:58:40 [main] INFO  l.i.u.p.SubmittedApplicationsPage - Found 1741 options in the dropdown.
2025-03-27 10:58:40 [main] DEBUG l.i.u.p.SubmittedApplicationsPage - Checking option: ''
2025-03-27 10:58:40 [main] DEBUG l.i.u.p.SubmittedApplicationsPage - Checking option: '01.11 - Grūdinių (išskyrus ryžius), ankštinių ir aliejingų sėklų augalų auginimas'
2025-03-27 10:58:40 [main] INFO  l.i.u.p.SubmittedApplicationsPage - Successfully selected the value: '01.11 - Grūdinių (išskyrus ryžius), ankštinių ir aliejingų sėklų augalų auginimas'
2025-03-27 10:58:40 [main] INFO  l.i.u.p.SubmittedApplicationsPage - Attempting to close the dropdown.
2025-03-27 10:58:41 [main] DEBUG l.i.u.t.SubmittedApplicationsPageTest - Selected EVRK value: '01.11 - Grūdinių (išskyrus ryžius), ankštinių ir aliejingų sėklų augalų auginimas'.
2025-03-27 10:58:41 [main] DEBUG l.i.u.t.SubmittedApplicationsPageTest - Clicked on 'Address Component' button.
2025-03-27 10:58:41 [main] INFO  l.i.u.p.SubmittedApplicationsPage - Located the dropdown button.
2025-03-27 10:58:45 [main] INFO  l.i.u.p.SubmittedApplicationsPage - Successfully selected the value: 'Lietuva'
2025-03-27 10:58:45 [main] DEBUG l.i.u.t.SubmittedApplicationsPageTest - Selected country: 'Lietuva'.
2025-03-27 10:58:45 [main] INFO  l.i.u.p.SubmittedApplicationsPage - Located the dropdown search field.
2025-03-27 10:58:45 [main] INFO  l.i.u.p.SubmittedApplicationsPage - Dropdown city is opened.
2025-03-27 10:58:46 [main] INFO  l.i.u.p.SubmittedApplicationsPage - Searched for value: 'Vilnius'
2025-03-27 10:58:46 [main] INFO  l.i.u.p.SubmittedApplicationsPage - Successfully selected: 'Vilnius'
2025-03-27 10:58:47 [main] INFO  l.i.u.p.SubmittedApplicationsPage - Located the dropdown button.
2025-03-27 10:58:47 [main] INFO  l.i.u.p.SubmittedApplicationsPage - Successfully selected the value: 'A. Domaševičiaus g.'
2025-03-27 10:58:47 [main] DEBUG l.i.u.t.SubmittedApplicationsPageTest - Selected street: 'A. Domaševičiaus g.'.
2025-03-27 10:58:47 [main] INFO  l.i.u.p.SubmittedApplicationsPage - Located the dropdown button.
2025-03-27 10:58:47 [main] INFO  l.i.u.p.SubmittedApplicationsPage - Successfully selected the value: '1'
2025-03-27 10:58:47 [main] DEBUG l.i.u.t.SubmittedApplicationsPageTest - Selected house: '1'.
2025-03-27 10:58:47 [main] INFO  l.i.u.p.SubmittedApplicationsPage - Located the dropdown button.
2025-03-27 10:58:47 [main] INFO  l.i.u.p.SubmittedApplicationsPage - Successfully selected the value: '1'
2025-03-27 10:58:47 [main] DEBUG l.i.u.t.SubmittedApplicationsPageTest - Selected apartment: '1'.
2025-03-27 10:58:48 [main] DEBUG l.i.u.t.SubmittedApplicationsPageTest - Clicked 'Confirm' button.
2025-03-27 10:58:48 [main] DEBUG l.i.u.t.SubmittedApplicationsPageTest - Entered project date.
2025-03-27 10:58:48 [main] DEBUG l.i.u.t.SubmittedApplicationsPageTest - Entered job count: '1'.
2025-03-27 10:58:48 [main] DEBUG l.i.u.t.SubmittedApplicationsPageTest - Clicked 'Next' button.
2025-03-27 10:58:48 [main] INFO  l.i.u.p.SubmittedApplicationsPage - Located the dropdown button.
2025-03-27 10:58:49 [main] INFO  l.i.u.p.SubmittedApplicationsPage - Successfully selected the value: 'Administratoriai'
2025-03-27 10:58:49 [main] DEBUG l.i.u.t.SubmittedApplicationsPageTest - Selected job name: 'Administratoriai'.
2025-03-27 10:58:49 [main] DEBUG l.i.u.t.SubmittedApplicationsPageTest - Entered job function: 'Funkcija 1'.
2025-03-27 10:58:49 [main] DEBUG l.i.u.t.SubmittedApplicationsPageTest - Selected 'RadioButtonWithDisabilities' option.
2025-03-27 10:58:49 [main] INFO  l.i.u.p.SubmittedApplicationsPage - Clicking on the dropdown button.
2025-03-27 10:58:50 [main] INFO  l.i.u.p.SubmittedApplicationsPage - Found 34 options in the dropdown.
2025-03-27 10:58:50 [main] DEBUG l.i.u.p.SubmittedApplicationsPage - Checking option: 'Asmenys, kuriems suteiktas pabėgėlio statusas ar perkeliamojo asmens statusas, arba asmenys, kuriems suteikta papildoma ar laikinoji apsauga, ir asmenys, turintys teisę gauti laikinąją apsaugą, iki sprendimo dėl laikinosios apsaugos suteikimo (nesuteikimo) priėmimo, tačiau ne ilgiau kaip laikinosios apsaugos laikotarpiu'
2025-03-27 10:58:50 [main] DEBUG l.i.u.p.SubmittedApplicationsPage - Checking option: 'Asmenys, kuriems suteiktas pabėgėlio statusas ar perkeliamojo asmens statusas, arba asmenys, kuriems suteikta papildoma ar laikinoji apsauga, ir asmenys, turintys teisę gauti laikinąją apsaugą, iki sprendimo dėl laikinosios apsaugos suteikimo (nesuteikimo) priėmimo, tačiau ne ilgiau kaip laikinosios apsaugos laikotarpiu'
2025-03-27 10:58:50 [main] DEBUG l.i.u.p.SubmittedApplicationsPage - Checking option: 'Asmenys, turintys teisę į papildomas užimtumo garantijas pagal Lietuvos Respublikos valstybės įmonės Ignalinos atominės elektrinės darbuotojų papildomų užimtumo ir socialinių garantijų įstatymą'
2025-03-27 10:58:50 [main] DEBUG l.i.u.p.SubmittedApplicationsPage - Checking option: 'Asmenys, turintys teisę į papildomas užimtumo garantijas pagal Lietuvos Respublikos valstybės įmonės Ignalinos atominės elektrinės darbuotojų papildomų užimtumo ir socialinių garantijų įstatymą'
2025-03-27 10:58:50 [main] DEBUG l.i.u.p.SubmittedApplicationsPage - Checking option: 'Bedarbiai iki 29 metų'
2025-03-27 10:58:50 [main] DEBUG l.i.u.p.SubmittedApplicationsPage - Checking option: 'Bedarbiai iki 29 metų'
2025-03-27 10:58:50 [main] DEBUG l.i.u.p.SubmittedApplicationsPage - Checking option: 'Bedarbiai, kurie yra darbingo amžiaus neįgalieji, kuriems nustatytas 30–40 procentų darbingumo lygis arba vidutinis neįgalumo lygis'
2025-03-27 10:58:50 [main] DEBUG l.i.u.p.SubmittedApplicationsPage - Checking option: 'Bedarbiai, kurie yra darbingo amžiaus neįgalieji, kuriems nustatytas 30–40 procentų darbingumo lygis arba vidutinis neįgalumo lygis'
2025-03-27 10:58:50 [main] DEBUG l.i.u.p.SubmittedApplicationsPage - Checking option: 'Bedarbiai, kurie yra darbingo amžiaus neįgalieji, kuriems nustatytas 45–55 procentų darbingumo lygis arba lengvas neįgalumo lygis'
2025-03-27 10:58:50 [main] DEBUG l.i.u.p.SubmittedApplicationsPage - Checking option: 'Bedarbiai, kurie yra darbingo amžiaus neįgalieji, kuriems nustatytas 45–55 procentų darbingumo lygis arba lengvas neįgalumo lygis'
2025-03-27 10:58:50 [main] DEBUG l.i.u.p.SubmittedApplicationsPage - Checking option: 'Bedarbiai, kurie yra darbingo amžiaus neįgalieji, kuriems nustatytas iki 25 procentų darbingumo lygis arba sunkus neįgalumo lygis'
2025-03-27 10:58:50 [main] INFO  l.i.u.p.SubmittedApplicationsPage - Successfully selected the value: 'Bedarbiai, kurie yra darbingo amžiaus neįgalieji, kuriems nustatytas iki 25 procentų darbingumo lygis arba sunkus neįgalumo lygis'
2025-03-27 10:58:50 [main] INFO  l.i.u.p.SubmittedApplicationsPage - Attempting to close the dropdown.
2025-03-27 10:58:51 [main] DEBUG l.i.u.t.SubmittedApplicationsPageTest - Selected disabilities type: 'Bedarbiai, kurie yra darbingo amžiaus neįgalieji, kuriems nustatytas iki 25 procentų darbingumo lygis arba sunkus neįgalumo lygis'.
2025-03-27 10:58:51 [main] DEBUG l.i.u.t.SubmittedApplicationsPageTest - Entered disability information: 'Negalia 1'.
2025-03-27 10:58:51 [main] INFO  l.i.u.p.SubmittedApplicationsPage - Located the dropdown button.
2025-03-27 10:58:52 [main] INFO  l.i.u.p.SubmittedApplicationsPage - Successfully selected the value: 'Kita'
2025-03-27 10:58:52 [main] DEBUG l.i.u.t.SubmittedApplicationsPageTest - Selected time mode: 'Kita'.
2025-03-27 10:58:53 [main] DEBUG l.i.u.t.SubmittedApplicationsPageTest - Selected time mode other: '6 val. per dieną ir 4 d. per savaitę'.
2025-03-27 10:58:53 [main] DEBUG l.i.u.t.SubmittedApplicationsPageTest - Entered qualification: 'Kvalifikacija 1'.
2025-03-27 10:58:53 [main] DEBUG l.i.u.t.SubmittedApplicationsPageTest - Entered job date.
2025-03-27 10:58:53 [main] DEBUG l.i.u.t.SubmittedApplicationsPageTest - Entered salary amount: '1200'.
2025-03-27 10:58:53 [main] DEBUG l.i.u.t.SubmittedApplicationsPageTest - Entered salary description: 'Užmokestis 1'.
2025-03-27 10:58:54 [main] DEBUG l.i.u.t.SubmittedApplicationsPageTest - Selected 'Temporary Job' radio button.
2025-03-27 10:58:54 [main] DEBUG l.i.u.t.SubmittedApplicationsPageTest - Selected 'Season Job' radio button.
2025-03-27 10:58:54 [main] DEBUG l.i.u.t.SubmittedApplicationsPageTest - Selected 'Energy' radio button.
2025-03-27 10:58:54 [main] DEBUG l.i.u.t.SubmittedApplicationsPageTest - Selected 'Repair' radio button.
2025-03-27 10:58:54 [main] DEBUG l.i.u.t.SubmittedApplicationsPageTest - Entered job description: 'Veikla 1'.
2025-03-27 10:58:55 [main] DEBUG l.i.u.t.SubmittedApplicationsPageTest - Entered process description: 'Procesas 1'.
2025-03-27 10:58:55 [main] DEBUG l.i.u.t.SubmittedApplicationsPageTest - Entered energy information: 'Energija 1'.
2025-03-27 10:58:55 [main] DEBUG l.i.u.t.SubmittedApplicationsPageTest - Entered repair information: 'Remontas 1'.
2025-03-27 10:58:55 [main] DEBUG l.i.u.t.SubmittedApplicationsPageTest - Selected 'PVM' radio button.
2025-03-27 10:58:55 [main] INFO  l.i.u.p.SubmittedApplicationsPage - Located the dropdown button.
2025-03-27 10:58:56 [main] INFO  l.i.u.p.SubmittedApplicationsPage - Successfully selected the value: 'Įsigyti'
2025-03-27 10:58:56 [main] DEBUG l.i.u.t.SubmittedApplicationsPageTest - Selected necessary for job: 'Įsigyti'.
2025-03-27 10:58:56 [main] DEBUG l.i.u.t.SubmittedApplicationsPageTest - Selected tool: 'Darbo priemonė 1'.
2025-03-27 10:58:56 [main] DEBUG l.i.u.t.SubmittedApplicationsPageTest - Selected tool parameter one: 'Darbo priemonės 1 parametras 1'.
2025-03-27 10:58:56 [main] DEBUG l.i.u.t.SubmittedApplicationsPageTest - Selected tool parameter two: 'Darbo priemonės 1 parametras 2'.
2025-03-27 10:58:57 [main] DEBUG l.i.u.t.SubmittedApplicationsPageTest - Selected tool parameter three: 'Darbo priemonės 1 parametras 3'.
2025-03-27 10:58:57 [main] DEBUG l.i.u.t.SubmittedApplicationsPageTest - Entered tool count: '1'.
2025-03-27 10:58:57 [main] DEBUG l.i.u.t.SubmittedApplicationsPageTest - Entered price amount 1: '1000'.
2025-03-27 10:58:59 [main] DEBUG l.i.u.t.SubmittedApplicationsPageTest - Entered own funds amount 1: '800'.
2025-03-27 10:59:02 [main] DEBUG l.i.u.t.SubmittedApplicationsPageTest - Clicked 'Add' button.
2025-03-27 10:59:02 [main] INFO  l.i.u.p.SubmittedApplicationsPage - Located the dropdown button.
2025-03-27 10:59:02 [main] INFO  l.i.u.p.SubmittedApplicationsPage - Successfully selected the value: 'Remontuoti'
2025-03-27 10:59:02 [main] DEBUG l.i.u.t.SubmittedApplicationsPageTest - Selected necessary for job 'to repair': 'Remontuoti'.
2025-03-27 10:59:02 [main] DEBUG l.i.u.t.SubmittedApplicationsPageTest - Selected repair name: 'Remonto pavadinimas 1'.
2025-03-27 10:59:02 [main] DEBUG l.i.u.t.SubmittedApplicationsPageTest - Entered repair information: 'Remonto aprašymas 1'.
2025-03-27 10:59:03 [main] DEBUG l.i.u.t.SubmittedApplicationsPageTest - Entered price amount 2: '1000'.
2025-03-27 10:59:05 [main] DEBUG l.i.u.t.SubmittedApplicationsPageTest - Entered own funds amount 2: '900'.
2025-03-27 10:59:07 [main] DEBUG l.i.u.t.SubmittedApplicationsPageTest - Current calculated value: '140,5'
2025-03-27 10:59:07 [main] WARN  l.i.u.t.SubmittedApplicationsPageTest - Dar neteisinga reikšmė: 140,5, laukiame...
2025-03-27 10:59:07 [main] DEBUG l.i.u.t.SubmittedApplicationsPageTest - Current calculated value: '140,5'
2025-03-27 10:59:07 [main] WARN  l.i.u.t.SubmittedApplicationsPageTest - Dar neteisinga reikšmė: 140,5, laukiame...
2025-03-27 10:59:08 [main] DEBUG l.i.u.t.SubmittedApplicationsPageTest - Current calculated value: '140,5'
2025-03-27 10:59:08 [main] WARN  l.i.u.t.SubmittedApplicationsPageTest - Dar neteisinga reikšmė: 140,5, laukiame...
2025-03-27 10:59:08 [main] DEBUG l.i.u.t.SubmittedApplicationsPageTest - Current calculated value: '140,5'
2025-03-27 10:59:08 [main] WARN  l.i.u.t.SubmittedApplicationsPageTest - Dar neteisinga reikšmė: 140,5, laukiame...
2025-03-27 10:59:09 [main] DEBUG l.i.u.t.SubmittedApplicationsPageTest - Current calculated value: '140,5'
2025-03-27 10:59:09 [main] WARN  l.i.u.t.SubmittedApplicationsPageTest - Dar neteisinga reikšmė: 140,5, laukiame...
2025-03-27 10:59:09 [main] DEBUG l.i.u.t.SubmittedApplicationsPageTest - Current calculated value: '140,5'
2025-03-27 10:59:09 [main] WARN  l.i.u.t.SubmittedApplicationsPageTest - Dar neteisinga reikšmė: 140,5, laukiame...
2025-03-27 10:59:10 [main] DEBUG l.i.u.t.SubmittedApplicationsPageTest - Current calculated value: '140,5'
2025-03-27 10:59:10 [main] WARN  l.i.u.t.SubmittedApplicationsPageTest - Dar neteisinga reikšmė: 140,5, laukiame...
2025-03-27 10:59:11 [main] DEBUG l.i.u.t.SubmittedApplicationsPageTest - Current calculated value: '140,5'
2025-03-27 10:59:11 [main] WARN  l.i.u.t.SubmittedApplicationsPageTest - Dar neteisinga reikšmė: 140,5, laukiame...
2025-03-27 10:59:11 [main] DEBUG l.i.u.t.SubmittedApplicationsPageTest - Current calculated value: '140,5'
2025-03-27 10:59:11 [main] WARN  l.i.u.t.SubmittedApplicationsPageTest - Dar neteisinga reikšmė: 140,5, laukiame...
2025-03-27 10:59:12 [main] DEBUG l.i.u.t.SubmittedApplicationsPageTest - Current calculated value: '140,5'
2025-03-27 10:59:12 [main] WARN  l.i.u.t.SubmittedApplicationsPageTest - Dar neteisinga reikšmė: 140,5, laukiame...
2025-03-27 10:59:12 [main] DEBUG l.i.u.t.SubmittedApplicationsPageTest - Current calculated value: '140,5'
2025-03-27 10:59:12 [main] WARN  l.i.u.t.SubmittedApplicationsPageTest - Dar neteisinga reikšmė: 140,5, laukiame...
2025-03-27 10:59:13 [main] DEBUG l.i.u.t.SubmittedApplicationsPageTest - Current calculated value: '140,5'
2025-03-27 10:59:13 [main] WARN  l.i.u.t.SubmittedApplicationsPageTest - Dar neteisinga reikšmė: 140,5, laukiame...
2025-03-27 10:59:13 [main] DEBUG l.i.u.t.SubmittedApplicationsPageTest - Current calculated value: '140,5'
2025-03-27 10:59:13 [main] WARN  l.i.u.t.SubmittedApplicationsPageTest - Dar neteisinga reikšmė: 140,5, laukiame...
2025-03-27 10:59:14 [main] DEBUG l.i.u.t.SubmittedApplicationsPageTest - Current calculated value: '140,5'
2025-03-27 10:59:14 [main] WARN  l.i.u.t.SubmittedApplicationsPageTest - Dar neteisinga reikšmė: 140,5, laukiame...
2025-03-27 10:59:14 [main] DEBUG l.i.u.t.SubmittedApplicationsPageTest - Current calculated value: '140,5'
2025-03-27 10:59:14 [main] WARN  l.i.u.t.SubmittedApplicationsPageTest - Dar neteisinga reikšmė: 140,5, laukiame...
2025-03-27 10:59:15 [main] DEBUG l.i.u.t.SubmittedApplicationsPageTest - Current calculated value: '140,5'
2025-03-27 10:59:15 [main] WARN  l.i.u.t.SubmittedApplicationsPageTest - Dar neteisinga reikšmė: 140,5, laukiame...
2025-03-27 10:59:15 [main] DEBUG l.i.u.t.SubmittedApplicationsPageTest - Current calculated value: '140,5'
2025-03-27 10:59:15 [main] WARN  l.i.u.t.SubmittedApplicationsPageTest - Dar neteisinga reikšmė: 140,5, laukiame...
2025-03-27 10:59:16 [main] DEBUG l.i.u.t.SubmittedApplicationsPageTest - Current calculated value: '140,5'
2025-03-27 10:59:16 [main] WARN  l.i.u.t.SubmittedApplicationsPageTest - Dar neteisinga reikšmė: 140,5, laukiame...
2025-03-27 10:59:16 [main] DEBUG l.i.u.t.SubmittedApplicationsPageTest - Current calculated value: '140,5'
2025-03-27 10:59:16 [main] WARN  l.i.u.t.SubmittedApplicationsPageTest - Dar neteisinga reikšmė: 140,5, laukiame...
2025-03-27 10:59:17 [main] DEBUG l.i.u.t.SubmittedApplicationsPageTest - Current calculated value: '140,5'
2025-03-27 10:59:17 [main] WARN  l.i.u.t.SubmittedApplicationsPageTest - Dar neteisinga reikšmė: 140,5, laukiame...
2025-03-27 10:59:17 [main] DEBUG l.i.u.t.SubmittedApplicationsPageTest - Current calculated value: '140,5'
2025-03-27 10:59:17 [main] WARN  l.i.u.t.SubmittedApplicationsPageTest - Dar neteisinga reikšmė: 140,5, laukiame...
2025-03-27 10:59:18 [main] DEBUG l.i.u.t.SubmittedApplicationsPageTest - Current calculated value: '140,5'
2025-03-27 10:59:18 [main] WARN  l.i.u.t.SubmittedApplicationsPageTest - Dar neteisinga reikšmė: 140,5, laukiame...
2025-03-27 10:59:18 [main] DEBUG l.i.u.t.SubmittedApplicationsPageTest - Current calculated value: '140,5'
2025-03-27 10:59:18 [main] WARN  l.i.u.t.SubmittedApplicationsPageTest - Dar neteisinga reikšmė: 140,5, laukiame...
2025-03-27 10:59:19 [main] DEBUG l.i.u.t.SubmittedApplicationsPageTest - Current calculated value: '140,5'
2025-03-27 10:59:19 [main] WARN  l.i.u.t.SubmittedApplicationsPageTest - Dar neteisinga reikšmė: 140,5, laukiame...
2025-03-27 10:59:20 [main] DEBUG l.i.u.t.SubmittedApplicationsPageTest - Current calculated value: '140,5'
2025-03-27 10:59:20 [main] WARN  l.i.u.t.SubmittedApplicationsPageTest - Dar neteisinga reikšmė: 140,5, laukiame...
2025-03-27 10:59:20 [main] DEBUG l.i.u.t.SubmittedApplicationsPageTest - Current calculated value: '140,5'
2025-03-27 10:59:20 [main] WARN  l.i.u.t.SubmittedApplicationsPageTest - Dar neteisinga reikšmė: 140,5, laukiame...
2025-03-27 10:59:21 [main] DEBUG l.i.u.t.SubmittedApplicationsPageTest - Current calculated value: '140,5'
2025-03-27 10:59:21 [main] WARN  l.i.u.t.SubmittedApplicationsPageTest - Dar neteisinga reikšmė: 140,5, laukiame...
2025-03-27 10:59:21 [main] DEBUG l.i.u.t.SubmittedApplicationsPageTest - Current calculated value: '140,5'
2025-03-27 10:59:21 [main] WARN  l.i.u.t.SubmittedApplicationsPageTest - Dar neteisinga reikšmė: 140,5, laukiame...
2025-03-27 10:59:22 [main] DEBUG l.i.u.t.SubmittedApplicationsPageTest - Current calculated value: '140,5'
2025-03-27 10:59:22 [main] WARN  l.i.u.t.SubmittedApplicationsPageTest - Dar neteisinga reikšmė: 140,5, laukiame...
2025-03-27 10:59:22 [main] DEBUG l.i.u.t.SubmittedApplicationsPageTest - Current calculated value: '140,5'
2025-03-27 10:59:22 [main] WARN  l.i.u.t.SubmittedApplicationsPageTest - Dar neteisinga reikšmė: 140,5, laukiame...
2025-03-27 10:59:22 [main] ERROR l.i.u.t.SubmittedApplicationsPageTest - Test 'testFillNewVUIApplicationFA' failed with error: Expected condition failed: waiting for lt.insoft.uztis.tests.SubmittedApplicationsPageTest$$Lambda/0x000002555c2b18e8@2fa7a848 (tried for 15 second(s) with 500 milliseconds interval)
Build info: version: '4.27.0', revision: 'd6e718d134'
System info: os.name: 'Windows 11', os.arch: 'amd64', os.version: '10.0', java.version: '21.0.3'
Driver info: org.openqa.selenium.chrome.ChromeDriver
Capabilities {acceptInsecureCerts: false, browserName: chrome, browserVersion: 134.0.6998.166, chrome: {chromedriverVersion: 134.0.6998.165 (fd886e2cb29..., userDataDir: C:\Users\INGRID~1.ZAD\AppDa...}, fedcm:accounts: true, goog:chromeOptions: {debuggerAddress: localhost:57043}, networkConnectionEnabled: false, pageLoadStrategy: normal, platformName: windows, proxy: Proxy(), se:cdp: ws://localhost:57043/devtoo..., se:cdpVersion: 134.0.6998.166, setWindowRect: true, strictFileInteractability: false, timeouts: {implicit: 0, pageLoad: 300000, script: 30000}, unhandledPromptBehavior: dismiss and notify, webauthn:extension:credBlob: true, webauthn:extension:largeBlob: true, webauthn:extension:minPinLength: true, webauthn:extension:prf: true, webauthn:virtualAuthenticators: true}
Session ID: 857d9b0b4f2e701e2723e7cff7c82a71
org.openqa.selenium.TimeoutException: Expected condition failed: waiting for lt.insoft.uztis.tests.SubmittedApplicationsPageTest$$Lambda/0x000002555c2b18e8@2fa7a848 (tried for 15 second(s) with 500 milliseconds interval)
Build info: version: '4.27.0', revision: 'd6e718d134'
System info: os.name: 'Windows 11', os.arch: 'amd64', os.version: '10.0', java.version: '21.0.3'
Driver info: org.openqa.selenium.chrome.ChromeDriver
Capabilities {acceptInsecureCerts: false, browserName: chrome, browserVersion: 134.0.6998.166, chrome: {chromedriverVersion: 134.0.6998.165 (fd886e2cb29..., userDataDir: C:\Users\INGRID~1.ZAD\AppDa...}, fedcm:accounts: true, goog:chromeOptions: {debuggerAddress: localhost:57043}, networkConnectionEnabled: false, pageLoadStrategy: normal, platformName: windows, proxy: Proxy(), se:cdp: ws://localhost:57043/devtoo..., se:cdpVersion: 134.0.6998.166, setWindowRect: true, strictFileInteractability: false, timeouts: {implicit: 0, pageLoad: 300000, script: 30000}, unhandledPromptBehavior: dismiss and notify, webauthn:extension:credBlob: true, webauthn:extension:largeBlob: true, webauthn:extension:minPinLength: true, webauthn:extension:prf: true, webauthn:virtualAuthenticators: true}
Session ID: 857d9b0b4f2e701e2723e7cff7c82a71
	at org.openqa.selenium.support.ui.WebDriverWait.timeoutException(WebDriverWait.java:84)
	at org.openqa.selenium.support.ui.FluentWait.until(FluentWait.java:228)
	at lt.insoft.uztis.tests.SubmittedApplicationsPageTest.testFillNewVUIApplicationFA(SubmittedApplicationsPageTest.java:384)
	at java.base/jdk.internal.reflect.DirectMethodHandleAccessor.invoke(DirectMethodHandleAccessor.java:103)
	at java.base/java.lang.reflect.Method.invoke(Method.java:580)
	at org.junit.platform.commons.util.ReflectionUtils.invokeMethod(ReflectionUtils.java:728)
	at org.junit.jupiter.engine.execution.MethodInvocation.proceed(MethodInvocation.java:60)
	at org.junit.jupiter.engine.execution.InvocationInterceptorChain$ValidatingInvocation.proceed(InvocationInterceptorChain.java:131)
	at org.junit.jupiter.engine.extension.TimeoutExtension.intercept(TimeoutExtension.java:156)
	at org.junit.jupiter.engine.extension.TimeoutExtension.interceptTestableMethod(TimeoutExtension.java:147)
	at org.junit.jupiter.engine.extension.TimeoutExtension.interceptTestMethod(TimeoutExtension.java:86)
	at org.junit.jupiter.engine.execution.InterceptingExecutableInvoker$ReflectiveInterceptorCall.lambda$ofVoidMethod$0(InterceptingExecutableInvoker.java:103)
	at org.junit.jupiter.engine.execution.InterceptingExecutableInvoker.lambda$invoke$0(InterceptingExecutableInvoker.java:93)
	at org.junit.jupiter.engine.execution.InvocationInterceptorChain$InterceptedInvocation.proceed(InvocationInterceptorChain.java:106)
	at org.junit.jupiter.engine.execution.InvocationInterceptorChain.proceed(InvocationInterceptorChain.java:64)
	at org.junit.jupiter.engine.execution.InvocationInterceptorChain.chainAndInvoke(InvocationInterceptorChain.java:45)
	at org.junit.jupiter.engine.execution.InvocationInterceptorChain.invoke(InvocationInterceptorChain.java:37)
	at org.junit.jupiter.engine.execution.InterceptingExecutableInvoker.invoke(InterceptingExecutableInvoker.java:92)
	at org.junit.jupiter.engine.execution.InterceptingExecutableInvoker.invoke(InterceptingExecutableInvoker.java:86)
	at org.junit.jupiter.engine.descriptor.TestMethodTestDescriptor.lambda$invokeTestMethod$7(TestMethodTestDescriptor.java:218)
	at org.junit.platform.engine.support.hierarchical.ThrowableCollector.execute(ThrowableCollector.java:73)
	at org.junit.jupiter.engine.descriptor.TestMethodTestDescriptor.invokeTestMethod(TestMethodTestDescriptor.java:214)
	at org.junit.jupiter.engine.descriptor.TestMethodTestDescriptor.execute(TestMethodTestDescriptor.java:139)
	at org.junit.jupiter.engine.descriptor.TestMethodTestDescriptor.execute(TestMethodTestDescriptor.java:69)
	at org.junit.platform.engine.support.hierarchical.NodeTestTask.lambda$executeRecursively$6(NodeTestTask.java:151)
	at org.junit.platform.engine.support.hierarchical.ThrowableCollector.execute(ThrowableCollector.java:73)
	at org.junit.platform.engine.support.hierarchical.NodeTestTask.lambda$executeRecursively$8(NodeTestTask.java:141)
	at org.junit.platform.engine.support.hierarchical.Node.around(Node.java:137)
	at org.junit.platform.engine.support.hierarchical.NodeTestTask.lambda$executeRecursively$9(NodeTestTask.java:139)
	at org.junit.platform.engine.support.hierarchical.ThrowableCollector.execute(ThrowableCollector.java:73)
	at org.junit.platform.engine.support.hierarchical.NodeTestTask.executeRecursively(NodeTestTask.java:138)
	at org.junit.platform.engine.support.hierarchical.NodeTestTask.execute(NodeTestTask.java:95)
	at java.base/java.util.ArrayList.forEach(ArrayList.java:1596)
	at org.junit.platform.engine.support.hierarchical.SameThreadHierarchicalTestExecutorService.invokeAll(SameThreadHierarchicalTestExecutorService.java:41)
	at org.junit.platform.engine.support.hierarchical.NodeTestTask.lambda$executeRecursively$6(NodeTestTask.java:155)
	at org.junit.platform.engine.support.hierarchical.ThrowableCollector.execute(ThrowableCollector.java:73)
	at org.junit.platform.engine.support.hierarchical.NodeTestTask.lambda$executeRecursively$8(NodeTestTask.java:141)
	at org.junit.platform.engine.support.hierarchical.Node.around(Node.java:137)
	at org.junit.platform.engine.support.hierarchical.NodeTestTask.lambda$executeRecursively$9(NodeTestTask.java:139)
	at org.junit.platform.engine.support.hierarchical.ThrowableCollector.execute(ThrowableCollector.java:73)
	at org.junit.platform.engine.support.hierarchical.NodeTestTask.executeRecursively(NodeTestTask.java:138)
	at org.junit.platform.engine.support.hierarchical.NodeTestTask.execute(NodeTestTask.java:95)
	at java.base/java.util.ArrayList.forEach(ArrayList.java:1596)
	at org.junit.platform.engine.support.hierarchical.SameThreadHierarchicalTestExecutorService.invokeAll(SameThreadHierarchicalTestExecutorService.java:41)
	at org.junit.platform.engine.support.hierarchical.NodeTestTask.lambda$executeRecursively$6(NodeTestTask.java:155)
	at org.junit.platform.engine.support.hierarchical.ThrowableCollector.execute(ThrowableCollector.java:73)
	at org.junit.platform.engine.support.hierarchical.NodeTestTask.lambda$executeRecursively$8(NodeTestTask.java:141)
	at org.junit.platform.engine.support.hierarchical.Node.around(Node.java:137)
	at org.junit.platform.engine.support.hierarchical.NodeTestTask.lambda$executeRecursively$9(NodeTestTask.java:139)
	at org.junit.platform.engine.support.hierarchical.ThrowableCollector.execute(ThrowableCollector.java:73)
	at org.junit.platform.engine.support.hierarchical.NodeTestTask.executeRecursively(NodeTestTask.java:138)
	at org.junit.platform.engine.support.hierarchical.NodeTestTask.execute(NodeTestTask.java:95)
	at org.junit.platform.engine.support.hierarchical.SameThreadHierarchicalTestExecutorService.submit(SameThreadHierarchicalTestExecutorService.java:35)
	at org.junit.platform.engine.support.hierarchical.HierarchicalTestExecutor.execute(HierarchicalTestExecutor.java:57)
	at org.junit.platform.engine.support.hierarchical.HierarchicalTestEngine.execute(HierarchicalTestEngine.java:54)
	at org.junit.platform.launcher.core.EngineExecutionOrchestrator.execute(EngineExecutionOrchestrator.java:198)
	at org.junit.platform.launcher.core.EngineExecutionOrchestrator.execute(EngineExecutionOrchestrator.java:169)
	at org.junit.platform.launcher.core.EngineExecutionOrchestrator.execute(EngineExecutionOrchestrator.java:93)
	at org.junit.platform.launcher.core.EngineExecutionOrchestrator.lambda$execute$0(EngineExecutionOrchestrator.java:58)
	at org.junit.platform.launcher.core.EngineExecutionOrchestrator.withInterceptedStreams(EngineExecutionOrchestrator.java:141)
	at org.junit.platform.launcher.core.EngineExecutionOrchestrator.execute(EngineExecutionOrchestrator.java:57)
	at org.junit.platform.launcher.core.DefaultLauncher.execute(DefaultLauncher.java:103)
	at org.junit.platform.launcher.core.DefaultLauncher.execute(DefaultLauncher.java:85)
	at org.junit.platform.launcher.core.DelegatingLauncher.execute(DelegatingLauncher.java:47)
	at org.junit.platform.launcher.core.SessionPerRequestLauncher.execute(SessionPerRequestLauncher.java:63)
	at com.intellij.junit5.JUnit5IdeaTestRunner.startRunnerWithArgs(JUnit5IdeaTestRunner.java:57)
	at com.intellij.rt.junit.IdeaTestRunner$Repeater$1.execute(IdeaTestRunner.java:38)
	at com.intellij.rt.execution.junit.TestsRepeater.repeat(TestsRepeater.java:11)
	at com.intellij.rt.junit.IdeaTestRunner$Repeater.startRunnerWithArgs(IdeaTestRunner.java:35)
	at com.intellij.rt.junit.JUnitStarter.prepareStreamsAndStart(JUnitStarter.java:232)
	at com.intellij.rt.junit.JUnitStarter.main(JUnitStarter.java:55)
2025-03-27 10:59:22 [main] INFO  l.insoft.uztis.tests.utils.TestUtils - Screenshot moved to C:\Users\ingrida.zadorozniene\Desktop\Asm\UZTIS\UZTIS_tests\test-output\screenshots\20250327\105922830_testFillNewVUIApplicationFA().png
2025-03-27 11:05:06 [main] INFO  lt.insoft.uztis.tests.UztisPageTest - Navigated to https://uztisdev.asseco.lt/home
2025-03-27 11:05:06 [main] INFO  l.i.u.t.SubmittedApplicationsPageTest - Starting test:'testFillNewVUIPApplicationFA'
2025-03-27 11:05:06 [main] DEBUG l.i.u.t.SubmittedApplicationsPageTest - User logged in with test credentials.
2025-03-27 11:05:07 [main] DEBUG l.i.u.t.SubmittedApplicationsPageTest - Opened 'Application Processing' menu.
2025-03-27 11:05:07 [main] DEBUG l.i.u.t.SubmittedApplicationsPageTest - Clicked on 'Application Forms' menu.
2025-03-27 11:05:08 [main] DEBUG l.i.u.t.SubmittedApplicationsPageTest - Retrieved last description code text: 'TST-VUI-75'.
2025-03-27 11:05:08 [main] DEBUG l.i.u.t.SubmittedApplicationsPageTest - Clicked on 'Invitation' menu.
2025-03-27 11:05:09 [main] DEBUG l.i.u.t.SubmittedApplicationsPageTest - Selected application section by code: 'TST-VUI-75'.
2025-03-27 11:05:10 [main] DEBUG l.i.u.t.SubmittedApplicationsPageTest - Clicked 'Search' button.
2025-03-27 11:05:10 [main] DEBUG l.i.u.t.SubmittedApplicationsPageTest - Retrieved invitation code: ''.
2025-03-27 11:05:10 [main] DEBUG l.i.u.t.SubmittedApplicationsPageTest - Clicked on 'Submitted Applications' menu.
2025-03-27 11:05:11 [main] DEBUG l.i.u.t.SubmittedApplicationsPageTest - Selected invitation by code: 'TST-VUI-75'.
2025-03-27 11:05:11 [main] DEBUG l.i.u.t.SubmittedApplicationsPageTest - Invitation code inserted.
2025-03-27 11:05:11 [main] DEBUG l.i.u.t.SubmittedApplicationsPageTest - Clicked on 'Action Application' button.
2025-03-27 11:05:12 [main] DEBUG l.i.u.t.SubmittedApplicationsPageTest - Clicked on 'New Application' button.
2025-03-27 11:05:12 [main] DEBUG l.i.u.t.SubmittedApplicationsPageTest - Selected the 'RadioButtonFA' option.
2025-03-27 11:05:12 [main] DEBUG l.i.u.t.SubmittedApplicationsPageTest - Entered phone number: '61298745'.
2025-03-27 11:05:12 [main] DEBUG l.i.u.t.SubmittedApplicationsPageTest - Entered email: 'test@autotest.com'.
2025-03-27 11:05:12 [main] INFO  l.i.u.p.SubmittedApplicationsPage - Clicking on the dropdown button.
2025-03-27 11:05:30 [main] INFO  l.i.u.p.SubmittedApplicationsPage - Found 1741 options in the dropdown.
2025-03-27 11:05:30 [main] DEBUG l.i.u.p.SubmittedApplicationsPage - Checking option: ''
2025-03-27 11:05:30 [main] DEBUG l.i.u.p.SubmittedApplicationsPage - Checking option: '01.11 - Grūdinių (išskyrus ryžius), ankštinių ir aliejingų sėklų augalų auginimas'
2025-03-27 11:05:31 [main] INFO  l.i.u.p.SubmittedApplicationsPage - Successfully selected the value: '01.11 - Grūdinių (išskyrus ryžius), ankštinių ir aliejingų sėklų augalų auginimas'
2025-03-27 11:05:31 [main] INFO  l.i.u.p.SubmittedApplicationsPage - Attempting to close the dropdown.
2025-03-27 11:05:31 [main] DEBUG l.i.u.t.SubmittedApplicationsPageTest - Selected EVRK value: '01.11 - Grūdinių (išskyrus ryžius), ankštinių ir aliejingų sėklų augalų auginimas'.
2025-03-27 11:05:31 [main] DEBUG l.i.u.t.SubmittedApplicationsPageTest - Clicked on 'Address Component' button.
2025-03-27 11:05:31 [main] INFO  l.i.u.p.SubmittedApplicationsPage - Located the dropdown button.
2025-03-27 11:05:35 [main] INFO  l.i.u.p.SubmittedApplicationsPage - Successfully selected the value: 'Lietuva'
2025-03-27 11:05:35 [main] DEBUG l.i.u.t.SubmittedApplicationsPageTest - Selected country: 'Lietuva'.
2025-03-27 11:05:35 [main] INFO  l.i.u.p.SubmittedApplicationsPage - Located the dropdown search field.
2025-03-27 11:05:35 [main] INFO  l.i.u.p.SubmittedApplicationsPage - Dropdown city is opened.
2025-03-27 11:05:36 [main] INFO  l.i.u.p.SubmittedApplicationsPage - Searched for value: 'Vilnius'
2025-03-27 11:05:37 [main] INFO  l.i.u.p.SubmittedApplicationsPage - Successfully selected: 'Vilnius'
2025-03-27 11:05:37 [main] INFO  l.i.u.p.SubmittedApplicationsPage - Located the dropdown button.
2025-03-27 11:05:37 [main] INFO  l.i.u.p.SubmittedApplicationsPage - Successfully selected the value: 'A. Domaševičiaus g.'
2025-03-27 11:05:38 [main] DEBUG l.i.u.t.SubmittedApplicationsPageTest - Selected street: 'A. Domaševičiaus g.'.
2025-03-27 11:05:38 [main] INFO  l.i.u.p.SubmittedApplicationsPage - Located the dropdown button.
2025-03-27 11:05:38 [main] INFO  l.i.u.p.SubmittedApplicationsPage - Successfully selected the value: '1'
2025-03-27 11:05:38 [main] DEBUG l.i.u.t.SubmittedApplicationsPageTest - Selected house: '1'.
2025-03-27 11:05:38 [main] INFO  l.i.u.p.SubmittedApplicationsPage - Located the dropdown button.
2025-03-27 11:05:38 [main] INFO  l.i.u.p.SubmittedApplicationsPage - Successfully selected the value: '1'
2025-03-27 11:05:38 [main] DEBUG l.i.u.t.SubmittedApplicationsPageTest - Selected apartment: '1'.
2025-03-27 11:05:38 [main] DEBUG l.i.u.t.SubmittedApplicationsPageTest - Clicked 'Confirm' button.
2025-03-27 11:05:38 [main] DEBUG l.i.u.t.SubmittedApplicationsPageTest - Entered project date.
2025-03-27 11:05:38 [main] DEBUG l.i.u.t.SubmittedApplicationsPageTest - Entered job count: '1'.
2025-03-27 11:05:39 [main] DEBUG l.i.u.t.SubmittedApplicationsPageTest - Clicked 'Next' button.
2025-03-27 11:05:39 [main] INFO  l.i.u.p.SubmittedApplicationsPage - Located the dropdown button.
2025-03-27 11:05:40 [main] INFO  l.i.u.p.SubmittedApplicationsPage - Successfully selected the value: 'Administratoriai'
2025-03-27 11:05:40 [main] DEBUG l.i.u.t.SubmittedApplicationsPageTest - Selected job name: 'Administratoriai'.
2025-03-27 11:05:40 [main] DEBUG l.i.u.t.SubmittedApplicationsPageTest - Entered job function: 'Funkcija 1'.
2025-03-27 11:05:40 [main] DEBUG l.i.u.t.SubmittedApplicationsPageTest - Selected 'RadioButtonWithDisabilities' option.
2025-03-27 11:05:40 [main] INFO  l.i.u.p.SubmittedApplicationsPage - Clicking on the dropdown button.
2025-03-27 11:05:41 [main] INFO  l.i.u.p.SubmittedApplicationsPage - Found 34 options in the dropdown.
2025-03-27 11:05:41 [main] DEBUG l.i.u.p.SubmittedApplicationsPage - Checking option: 'Asmenys, kuriems suteiktas pabėgėlio statusas ar perkeliamojo asmens statusas, arba asmenys, kuriems suteikta papildoma ar laikinoji apsauga, ir asmenys, turintys teisę gauti laikinąją apsaugą, iki sprendimo dėl laikinosios apsaugos suteikimo (nesuteikimo) priėmimo, tačiau ne ilgiau kaip laikinosios apsaugos laikotarpiu'
2025-03-27 11:05:41 [main] DEBUG l.i.u.p.SubmittedApplicationsPage - Checking option: 'Asmenys, kuriems suteiktas pabėgėlio statusas ar perkeliamojo asmens statusas, arba asmenys, kuriems suteikta papildoma ar laikinoji apsauga, ir asmenys, turintys teisę gauti laikinąją apsaugą, iki sprendimo dėl laikinosios apsaugos suteikimo (nesuteikimo) priėmimo, tačiau ne ilgiau kaip laikinosios apsaugos laikotarpiu'
2025-03-27 11:05:41 [main] DEBUG l.i.u.p.SubmittedApplicationsPage - Checking option: 'Asmenys, turintys teisę į papildomas užimtumo garantijas pagal Lietuvos Respublikos valstybės įmonės Ignalinos atominės elektrinės darbuotojų papildomų užimtumo ir socialinių garantijų įstatymą'
2025-03-27 11:05:41 [main] DEBUG l.i.u.p.SubmittedApplicationsPage - Checking option: 'Asmenys, turintys teisę į papildomas užimtumo garantijas pagal Lietuvos Respublikos valstybės įmonės Ignalinos atominės elektrinės darbuotojų papildomų užimtumo ir socialinių garantijų įstatymą'
2025-03-27 11:05:41 [main] DEBUG l.i.u.p.SubmittedApplicationsPage - Checking option: 'Bedarbiai iki 29 metų'
2025-03-27 11:05:41 [main] DEBUG l.i.u.p.SubmittedApplicationsPage - Checking option: 'Bedarbiai iki 29 metų'
2025-03-27 11:05:41 [main] DEBUG l.i.u.p.SubmittedApplicationsPage - Checking option: 'Bedarbiai, kurie yra darbingo amžiaus neįgalieji, kuriems nustatytas 30–40 procentų darbingumo lygis arba vidutinis neįgalumo lygis'
2025-03-27 11:05:41 [main] DEBUG l.i.u.p.SubmittedApplicationsPage - Checking option: 'Bedarbiai, kurie yra darbingo amžiaus neįgalieji, kuriems nustatytas 30–40 procentų darbingumo lygis arba vidutinis neįgalumo lygis'
2025-03-27 11:05:41 [main] DEBUG l.i.u.p.SubmittedApplicationsPage - Checking option: 'Bedarbiai, kurie yra darbingo amžiaus neįgalieji, kuriems nustatytas 45–55 procentų darbingumo lygis arba lengvas neįgalumo lygis'
2025-03-27 11:05:41 [main] DEBUG l.i.u.p.SubmittedApplicationsPage - Checking option: 'Bedarbiai, kurie yra darbingo amžiaus neįgalieji, kuriems nustatytas 45–55 procentų darbingumo lygis arba lengvas neįgalumo lygis'
2025-03-27 11:05:41 [main] DEBUG l.i.u.p.SubmittedApplicationsPage - Checking option: 'Bedarbiai, kurie yra darbingo amžiaus neįgalieji, kuriems nustatytas iki 25 procentų darbingumo lygis arba sunkus neįgalumo lygis'
2025-03-27 11:05:41 [main] INFO  l.i.u.p.SubmittedApplicationsPage - Successfully selected the value: 'Bedarbiai, kurie yra darbingo amžiaus neįgalieji, kuriems nustatytas iki 25 procentų darbingumo lygis arba sunkus neįgalumo lygis'
2025-03-27 11:05:41 [main] INFO  l.i.u.p.SubmittedApplicationsPage - Attempting to close the dropdown.
2025-03-27 11:05:42 [main] DEBUG l.i.u.t.SubmittedApplicationsPageTest - Selected disabilities type: 'Bedarbiai, kurie yra darbingo amžiaus neįgalieji, kuriems nustatytas iki 25 procentų darbingumo lygis arba sunkus neįgalumo lygis'.
2025-03-27 11:05:42 [main] DEBUG l.i.u.t.SubmittedApplicationsPageTest - Entered disability information: 'Negalia 1'.
2025-03-27 11:05:42 [main] INFO  l.i.u.p.SubmittedApplicationsPage - Located the dropdown button.
2025-03-27 11:05:42 [main] INFO  l.i.u.p.SubmittedApplicationsPage - Successfully selected the value: 'Kita'
2025-03-27 11:05:42 [main] DEBUG l.i.u.t.SubmittedApplicationsPageTest - Selected time mode: 'Kita'.
2025-03-27 11:05:43 [main] DEBUG l.i.u.t.SubmittedApplicationsPageTest - Selected time mode other: '6 val. per dieną ir 4 d. per savaitę'.
2025-03-27 11:05:43 [main] DEBUG l.i.u.t.SubmittedApplicationsPageTest - Entered qualification: 'Kvalifikacija 1'.
2025-03-27 11:05:43 [main] DEBUG l.i.u.t.SubmittedApplicationsPageTest - Entered job date.
2025-03-27 11:05:43 [main] DEBUG l.i.u.t.SubmittedApplicationsPageTest - Entered salary amount: '1200'.
2025-03-27 11:05:44 [main] DEBUG l.i.u.t.SubmittedApplicationsPageTest - Entered salary description: 'Užmokestis 1'.
2025-03-27 11:05:44 [main] DEBUG l.i.u.t.SubmittedApplicationsPageTest - Selected 'Temporary Job' radio button.
2025-03-27 11:05:44 [main] DEBUG l.i.u.t.SubmittedApplicationsPageTest - Selected 'Season Job' radio button.
2025-03-27 11:05:44 [main] DEBUG l.i.u.t.SubmittedApplicationsPageTest - Selected 'Energy' radio button.
2025-03-27 11:05:44 [main] DEBUG l.i.u.t.SubmittedApplicationsPageTest - Selected 'Repair' radio button.
2025-03-27 11:05:44 [main] DEBUG l.i.u.t.SubmittedApplicationsPageTest - Entered job description: 'Veikla 1'.
2025-03-27 11:05:45 [main] DEBUG l.i.u.t.SubmittedApplicationsPageTest - Entered process description: 'Procesas 1'.
2025-03-27 11:05:45 [main] DEBUG l.i.u.t.SubmittedApplicationsPageTest - Entered energy information: 'Energija 1'.
2025-03-27 11:05:45 [main] DEBUG l.i.u.t.SubmittedApplicationsPageTest - Entered repair information: 'Remontas 1'.
2025-03-27 11:05:45 [main] DEBUG l.i.u.t.SubmittedApplicationsPageTest - Selected 'PVM' radio button.
2025-03-27 11:05:45 [main] INFO  l.i.u.p.SubmittedApplicationsPage - Located the dropdown button.
2025-03-27 11:05:46 [main] INFO  l.i.u.p.SubmittedApplicationsPage - Successfully selected the value: 'Įsigyti'
2025-03-27 11:05:46 [main] DEBUG l.i.u.t.SubmittedApplicationsPageTest - Selected necessary for job: 'Įsigyti'.
2025-03-27 11:05:46 [main] DEBUG l.i.u.t.SubmittedApplicationsPageTest - Selected tool: 'Darbo priemonė 1'.
2025-03-27 11:05:46 [main] DEBUG l.i.u.t.SubmittedApplicationsPageTest - Selected tool parameter one: 'Darbo priemonės 1 parametras 1'.
2025-03-27 11:05:46 [main] DEBUG l.i.u.t.SubmittedApplicationsPageTest - Selected tool parameter two: 'Darbo priemonės 1 parametras 2'.
2025-03-27 11:05:47 [main] DEBUG l.i.u.t.SubmittedApplicationsPageTest - Selected tool parameter three: 'Darbo priemonės 1 parametras 3'.
2025-03-27 11:05:47 [main] DEBUG l.i.u.t.SubmittedApplicationsPageTest - Entered tool count: '1'.
2025-03-27 11:05:47 [main] DEBUG l.i.u.t.SubmittedApplicationsPageTest - Entered price amount 1: '1000'.
2025-03-27 11:05:49 [main] DEBUG l.i.u.t.SubmittedApplicationsPageTest - Entered own funds amount 1: '800'.
2025-03-27 11:05:52 [main] DEBUG l.i.u.t.SubmittedApplicationsPageTest - Clicked 'Add' button.
2025-03-27 11:05:52 [main] INFO  l.i.u.p.SubmittedApplicationsPage - Located the dropdown button.
2025-03-27 11:05:52 [main] INFO  l.i.u.p.SubmittedApplicationsPage - Successfully selected the value: 'Remontuoti'
2025-03-27 11:05:52 [main] DEBUG l.i.u.t.SubmittedApplicationsPageTest - Selected necessary for job 'to repair': 'Remontuoti'.
2025-03-27 11:05:52 [main] DEBUG l.i.u.t.SubmittedApplicationsPageTest - Selected repair name: 'Remonto pavadinimas 1'.
2025-03-27 11:05:53 [main] DEBUG l.i.u.t.SubmittedApplicationsPageTest - Entered repair information: 'Remonto aprašymas 1'.
2025-03-27 11:05:53 [main] DEBUG l.i.u.t.SubmittedApplicationsPageTest - Entered price amount 2: '1000'.
2025-03-27 11:05:55 [main] DEBUG l.i.u.t.SubmittedApplicationsPageTest - Entered own funds amount 2: '900'.
2025-03-27 11:05:57 [main] DEBUG l.i.u.t.SubmittedApplicationsPageTest - Checked value: 'Vardenis Pavardenis'
2025-03-27 11:05:57 [main] DEBUG l.i.u.t.SubmittedApplicationsPageTest - Checked value: '51234567890'
2025-03-27 11:05:57 [main] DEBUG l.i.u.t.SubmittedApplicationsPageTest - Checked value: '12345678'
2025-03-27 11:05:57 [main] DEBUG l.i.u.t.SubmittedApplicationsPageTest - Checked value: 'LT-123456789'
2025-03-27 11:05:57 [main] DEBUG l.i.u.t.SubmittedApplicationsPageTest - Checked value: 'Vilnius, Juozo Rutkausko g., 6, LT-05132'
2025-03-27 11:05:57 [main] DEBUG l.i.u.t.SubmittedApplicationsPageTest - Checked value: '80'
2025-03-27 11:05:57 [main] DEBUG l.i.u.t.SubmittedApplicationsPageTest - Checked value: '200'
2025-03-27 11:05:57 [main] DEBUG l.i.u.t.SubmittedApplicationsPageTest - Checked value: '20'
2025-03-27 11:05:57 [main] DEBUG l.i.u.t.SubmittedApplicationsPageTest - Checked value: '90'
2025-03-27 11:05:57 [main] DEBUG l.i.u.t.SubmittedApplicationsPageTest - Checked value: '100'
2025-03-27 11:05:57 [main] DEBUG l.i.u.t.SubmittedApplicationsPageTest - Checked value: '10'
2025-03-27 11:05:57 [main] DEBUG l.i.u.t.SubmittedApplicationsPageTest - Checked value: '2000'
2025-03-27 11:05:57 [main] DEBUG l.i.u.t.SubmittedApplicationsPageTest - Checked value: '100'
2025-03-27 11:05:57 [main] DEBUG l.i.u.t.SubmittedApplicationsPageTest - Checked value: '1700'
2025-03-27 11:05:57 [main] DEBUG l.i.u.t.SubmittedApplicationsPageTest - Checked value: '85'
2025-03-27 11:05:57 [main] DEBUG l.i.u.t.SubmittedApplicationsPageTest - Checked value: '300'
2025-03-27 11:05:57 [main] DEBUG l.i.u.t.SubmittedApplicationsPageTest - Checked value: '15'
2025-03-27 11:05:57 [main] DEBUG l.i.u.t.SubmittedApplicationsPageTest - Checked value: '2000'
2025-03-27 11:05:57 [main] DEBUG l.i.u.t.SubmittedApplicationsPageTest - Checked value: '140,5'
2025-03-27 11:05:57 [main] DEBUG l.i.u.t.SubmittedApplicationsPageTest - Checked value: '1700'
2025-03-27 11:05:57 [main] DEBUG l.i.u.t.SubmittedApplicationsPageTest - Checked value: '85'
2025-03-27 11:05:57 [main] DEBUG l.i.u.t.SubmittedApplicationsPageTest - Checked value: '300'
2025-03-27 11:05:57 [main] DEBUG l.i.u.t.SubmittedApplicationsPageTest - Checked value: '15'
2025-03-27 11:05:57 [main] DEBUG l.i.u.t.SubmittedApplicationsPageTest - Entered country percentage: '50'.
2025-03-27 11:05:57 [main] DEBUG l.i.u.t.SubmittedApplicationsPageTest - Entered institution percentage: '50'.
2025-03-27 11:05:58 [main] DEBUG l.i.u.t.SubmittedApplicationsPageTest - Entered municipality percentage: '50'.
2025-03-27 11:05:58 [main] DEBUG l.i.u.t.SubmittedApplicationsPageTest - Selected 'De Minimis' radio button.
2025-03-27 11:05:58 [main] DEBUG l.i.u.t.SubmittedApplicationsPageTest - Entered program name: 'Programa 1'.
2025-03-27 11:05:58 [main] DEBUG l.i.u.t.SubmittedApplicationsPageTest - Entered project date from.
2025-03-27 11:05:58 [main] DEBUG l.i.u.t.SubmittedApplicationsPageTest - Entered project date until.
2025-03-27 11:05:58 [main] DEBUG l.i.u.t.SubmittedApplicationsPageTest - Entered support amount: '2000'.
2025-03-27 11:05:59 [main] DEBUG l.i.u.t.SubmittedApplicationsPageTest - Clicked 'Next' button.
2025-03-27 11:51:14 [main] INFO  lt.insoft.uztis.tests.UztisPageTest - Navigated to https://uztisdev.asseco.lt/home
2025-03-27 11:51:14 [main] INFO  l.i.u.t.SubmittedApplicationsPageTest - Starting test:'testFillNewVUIPApplicationFA'
2025-03-27 11:51:14 [main] DEBUG l.i.u.t.SubmittedApplicationsPageTest - User logged in with test credentials.
2025-03-27 11:51:14 [main] DEBUG l.i.u.t.SubmittedApplicationsPageTest - Opened 'Application Processing' menu.
2025-03-27 11:51:15 [main] DEBUG l.i.u.t.SubmittedApplicationsPageTest - Clicked on 'Application Forms' menu.
2025-03-27 11:51:15 [main] DEBUG l.i.u.t.SubmittedApplicationsPageTest - Retrieved last description code text: 'TST-VUI-75'.
2025-03-27 11:51:15 [main] DEBUG l.i.u.t.SubmittedApplicationsPageTest - Clicked on 'Invitation' menu.
2025-03-27 11:51:16 [main] DEBUG l.i.u.t.SubmittedApplicationsPageTest - Selected application section by code: 'TST-VUI-75'.
2025-03-27 11:51:17 [main] DEBUG l.i.u.t.SubmittedApplicationsPageTest - Clicked 'Search' button.
2025-03-27 11:51:17 [main] DEBUG l.i.u.t.SubmittedApplicationsPageTest - Retrieved invitation code: ''.
2025-03-27 11:51:17 [main] DEBUG l.i.u.t.SubmittedApplicationsPageTest - Clicked on 'Submitted Applications' menu.
2025-03-27 11:51:18 [main] DEBUG l.i.u.t.SubmittedApplicationsPageTest - Selected invitation by code: 'TST-VUI-75'.
2025-03-27 11:51:18 [main] DEBUG l.i.u.t.SubmittedApplicationsPageTest - Invitation code inserted.
2025-03-27 11:51:18 [main] DEBUG l.i.u.t.SubmittedApplicationsPageTest - Clicked on 'Action Application' button.
2025-03-27 11:51:19 [main] DEBUG l.i.u.t.SubmittedApplicationsPageTest - Clicked on 'New Application' button.
2025-03-27 11:51:19 [main] DEBUG l.i.u.t.SubmittedApplicationsPageTest - Selected the 'RadioButtonFA' option.
2025-03-27 11:51:19 [main] DEBUG l.i.u.t.SubmittedApplicationsPageTest - Entered phone number: '61298745'.
2025-03-27 11:51:19 [main] DEBUG l.i.u.t.SubmittedApplicationsPageTest - Entered email: 'test@autotest.com'.
2025-03-27 11:51:19 [main] INFO  l.i.u.p.SubmittedApplicationsPage - Clicking on the dropdown button.
2025-03-27 11:51:36 [main] INFO  l.i.u.p.SubmittedApplicationsPage - Found 1741 options in the dropdown.
2025-03-27 11:51:36 [main] DEBUG l.i.u.p.SubmittedApplicationsPage - Checking option: ''
2025-03-27 11:51:36 [main] DEBUG l.i.u.p.SubmittedApplicationsPage - Checking option: '01.11 - Grūdinių (išskyrus ryžius), ankštinių ir aliejingų sėklų augalų auginimas'
2025-03-27 11:51:36 [main] INFO  l.i.u.p.SubmittedApplicationsPage - Successfully selected the value: '01.11 - Grūdinių (išskyrus ryžius), ankštinių ir aliejingų sėklų augalų auginimas'
2025-03-27 11:51:36 [main] INFO  l.i.u.p.SubmittedApplicationsPage - Attempting to close the dropdown.
2025-03-27 11:51:37 [main] DEBUG l.i.u.t.SubmittedApplicationsPageTest - Selected EVRK value: '01.11 - Grūdinių (išskyrus ryžius), ankštinių ir aliejingų sėklų augalų auginimas'.
2025-03-27 11:51:37 [main] DEBUG l.i.u.t.SubmittedApplicationsPageTest - Clicked on 'Address Component' button.
2025-03-27 11:51:37 [main] INFO  l.i.u.p.SubmittedApplicationsPage - Located the dropdown button.
2025-03-27 11:51:40 [main] INFO  l.i.u.p.SubmittedApplicationsPage - Successfully selected the value: 'Lietuva'
2025-03-27 11:51:40 [main] DEBUG l.i.u.t.SubmittedApplicationsPageTest - Selected country: 'Lietuva'.
2025-03-27 11:51:40 [main] INFO  l.i.u.p.SubmittedApplicationsPage - Located the dropdown search field.
2025-03-27 11:51:40 [main] INFO  l.i.u.p.SubmittedApplicationsPage - Dropdown city is opened.
2025-03-27 11:51:40 [main] INFO  l.i.u.p.SubmittedApplicationsPage - Searched for value: 'Vilnius'
2025-03-27 11:51:41 [main] INFO  l.i.u.p.SubmittedApplicationsPage - Successfully selected: 'Vilnius'
2025-03-27 11:51:41 [main] INFO  l.i.u.p.SubmittedApplicationsPage - Located the dropdown button.
2025-03-27 11:51:42 [main] INFO  l.i.u.p.SubmittedApplicationsPage - Successfully selected the value: 'A. Domaševičiaus g.'
2025-03-27 11:51:42 [main] DEBUG l.i.u.t.SubmittedApplicationsPageTest - Selected street: 'A. Domaševičiaus g.'.
2025-03-27 11:51:42 [main] INFO  l.i.u.p.SubmittedApplicationsPage - Located the dropdown button.
2025-03-27 11:51:43 [main] INFO  l.i.u.p.SubmittedApplicationsPage - Successfully selected the value: '1'
2025-03-27 11:51:43 [main] DEBUG l.i.u.t.SubmittedApplicationsPageTest - Selected house: '1'.
2025-03-27 11:51:43 [main] INFO  l.i.u.p.SubmittedApplicationsPage - Located the dropdown button.
2025-03-27 11:51:44 [main] INFO  l.i.u.p.SubmittedApplicationsPage - Successfully selected the value: '1'
2025-03-27 11:51:44 [main] DEBUG l.i.u.t.SubmittedApplicationsPageTest - Selected apartment: '1'.
2025-03-27 11:51:44 [main] DEBUG l.i.u.t.SubmittedApplicationsPageTest - Clicked 'Confirm' button.
2025-03-27 11:51:44 [main] DEBUG l.i.u.t.SubmittedApplicationsPageTest - Entered project date.
2025-03-27 11:51:44 [main] DEBUG l.i.u.t.SubmittedApplicationsPageTest - Entered job count: '1'.
2025-03-27 11:51:45 [main] DEBUG l.i.u.t.SubmittedApplicationsPageTest - Clicked 'Next' button.
2025-03-27 11:51:45 [main] INFO  l.i.u.p.SubmittedApplicationsPage - Located the dropdown button.
2025-03-27 11:51:46 [main] INFO  l.i.u.p.SubmittedApplicationsPage - Successfully selected the value: 'Administratoriai'
2025-03-27 11:51:46 [main] DEBUG l.i.u.t.SubmittedApplicationsPageTest - Selected job name: 'Administratoriai'.
2025-03-27 11:51:46 [main] DEBUG l.i.u.t.SubmittedApplicationsPageTest - Entered job function: 'Funkcija 1'.
2025-03-27 11:51:46 [main] DEBUG l.i.u.t.SubmittedApplicationsPageTest - Selected 'RadioButtonWithDisabilities' option.
2025-03-27 11:51:46 [main] INFO  l.i.u.p.SubmittedApplicationsPage - Clicking on the dropdown button.
2025-03-27 11:51:47 [main] INFO  l.i.u.p.SubmittedApplicationsPage - Found 34 options in the dropdown.
2025-03-27 11:51:47 [main] DEBUG l.i.u.p.SubmittedApplicationsPage - Checking option: 'Asmenys, kuriems suteiktas pabėgėlio statusas ar perkeliamojo asmens statusas, arba asmenys, kuriems suteikta papildoma ar laikinoji apsauga, ir asmenys, turintys teisę gauti laikinąją apsaugą, iki sprendimo dėl laikinosios apsaugos suteikimo (nesuteikimo) priėmimo, tačiau ne ilgiau kaip laikinosios apsaugos laikotarpiu'
2025-03-27 11:51:47 [main] DEBUG l.i.u.p.SubmittedApplicationsPage - Checking option: 'Asmenys, kuriems suteiktas pabėgėlio statusas ar perkeliamojo asmens statusas, arba asmenys, kuriems suteikta papildoma ar laikinoji apsauga, ir asmenys, turintys teisę gauti laikinąją apsaugą, iki sprendimo dėl laikinosios apsaugos suteikimo (nesuteikimo) priėmimo, tačiau ne ilgiau kaip laikinosios apsaugos laikotarpiu'
2025-03-27 11:51:47 [main] DEBUG l.i.u.p.SubmittedApplicationsPage - Checking option: 'Asmenys, turintys teisę į papildomas užimtumo garantijas pagal Lietuvos Respublikos valstybės įmonės Ignalinos atominės elektrinės darbuotojų papildomų užimtumo ir socialinių garantijų įstatymą'
2025-03-27 11:51:47 [main] DEBUG l.i.u.p.SubmittedApplicationsPage - Checking option: 'Asmenys, turintys teisę į papildomas užimtumo garantijas pagal Lietuvos Respublikos valstybės įmonės Ignalinos atominės elektrinės darbuotojų papildomų užimtumo ir socialinių garantijų įstatymą'
2025-03-27 11:51:47 [main] DEBUG l.i.u.p.SubmittedApplicationsPage - Checking option: 'Bedarbiai iki 29 metų'
2025-03-27 11:51:47 [main] DEBUG l.i.u.p.SubmittedApplicationsPage - Checking option: 'Bedarbiai iki 29 metų'
2025-03-27 11:51:47 [main] DEBUG l.i.u.p.SubmittedApplicationsPage - Checking option: 'Bedarbiai, kurie yra darbingo amžiaus neįgalieji, kuriems nustatytas 30–40 procentų darbingumo lygis arba vidutinis neįgalumo lygis'
2025-03-27 11:51:47 [main] DEBUG l.i.u.p.SubmittedApplicationsPage - Checking option: 'Bedarbiai, kurie yra darbingo amžiaus neįgalieji, kuriems nustatytas 30–40 procentų darbingumo lygis arba vidutinis neįgalumo lygis'
2025-03-27 11:51:47 [main] DEBUG l.i.u.p.SubmittedApplicationsPage - Checking option: 'Bedarbiai, kurie yra darbingo amžiaus neįgalieji, kuriems nustatytas 45–55 procentų darbingumo lygis arba lengvas neįgalumo lygis'
2025-03-27 11:51:47 [main] DEBUG l.i.u.p.SubmittedApplicationsPage - Checking option: 'Bedarbiai, kurie yra darbingo amžiaus neįgalieji, kuriems nustatytas 45–55 procentų darbingumo lygis arba lengvas neįgalumo lygis'
2025-03-27 11:51:47 [main] DEBUG l.i.u.p.SubmittedApplicationsPage - Checking option: 'Bedarbiai, kurie yra darbingo amžiaus neįgalieji, kuriems nustatytas iki 25 procentų darbingumo lygis arba sunkus neįgalumo lygis'
2025-03-27 11:51:47 [main] INFO  l.i.u.p.SubmittedApplicationsPage - Successfully selected the value: 'Bedarbiai, kurie yra darbingo amžiaus neįgalieji, kuriems nustatytas iki 25 procentų darbingumo lygis arba sunkus neįgalumo lygis'
2025-03-27 11:51:47 [main] INFO  l.i.u.p.SubmittedApplicationsPage - Attempting to close the dropdown.
2025-03-27 11:51:48 [main] DEBUG l.i.u.t.SubmittedApplicationsPageTest - Selected disabilities type: 'Bedarbiai, kurie yra darbingo amžiaus neįgalieji, kuriems nustatytas iki 25 procentų darbingumo lygis arba sunkus neįgalumo lygis'.
2025-03-27 11:51:49 [main] DEBUG l.i.u.t.SubmittedApplicationsPageTest - Entered disability information: 'Negalia 1'.
2025-03-27 11:51:49 [main] INFO  l.i.u.p.SubmittedApplicationsPage - Located the dropdown button.
2025-03-27 11:51:50 [main] INFO  l.i.u.p.SubmittedApplicationsPage - Successfully selected the value: 'Kita'
2025-03-27 11:51:50 [main] DEBUG l.i.u.t.SubmittedApplicationsPageTest - Selected time mode: 'Kita'.
2025-03-27 11:51:50 [main] DEBUG l.i.u.t.SubmittedApplicationsPageTest - Selected time mode other: '6 val. per dieną ir 4 d. per savaitę'.
2025-03-27 11:51:50 [main] DEBUG l.i.u.t.SubmittedApplicationsPageTest - Entered qualification: 'Kvalifikacija 1'.
2025-03-27 11:51:50 [main] DEBUG l.i.u.t.SubmittedApplicationsPageTest - Entered job date.
2025-03-27 11:51:50 [main] DEBUG l.i.u.t.SubmittedApplicationsPageTest - Entered salary amount: '1200'.
2025-03-27 11:51:51 [main] DEBUG l.i.u.t.SubmittedApplicationsPageTest - Entered salary description: 'Užmokestis 1'.
2025-03-27 11:51:51 [main] DEBUG l.i.u.t.SubmittedApplicationsPageTest - Selected 'Temporary Job' radio button.
2025-03-27 11:51:51 [main] DEBUG l.i.u.t.SubmittedApplicationsPageTest - Selected 'Season Job' radio button.
2025-03-27 11:51:51 [main] DEBUG l.i.u.t.SubmittedApplicationsPageTest - Selected 'Energy' radio button.
2025-03-27 11:51:51 [main] DEBUG l.i.u.t.SubmittedApplicationsPageTest - Selected 'Repair' radio button.
2025-03-27 11:51:52 [main] DEBUG l.i.u.t.SubmittedApplicationsPageTest - Entered job description: 'Veikla 1'.
2025-03-27 11:51:52 [main] DEBUG l.i.u.t.SubmittedApplicationsPageTest - Entered process description: 'Procesas 1'.
2025-03-27 11:51:52 [main] DEBUG l.i.u.t.SubmittedApplicationsPageTest - Entered energy information: 'Energija 1'.
2025-03-27 11:51:52 [main] DEBUG l.i.u.t.SubmittedApplicationsPageTest - Entered repair information: 'Remontas 1'.
2025-03-27 11:51:52 [main] DEBUG l.i.u.t.SubmittedApplicationsPageTest - Selected 'PVM' radio button.
2025-03-27 11:51:52 [main] INFO  l.i.u.p.SubmittedApplicationsPage - Located the dropdown button.
2025-03-27 11:51:53 [main] INFO  l.i.u.p.SubmittedApplicationsPage - Successfully selected the value: 'Įsigyti'
2025-03-27 11:51:53 [main] DEBUG l.i.u.t.SubmittedApplicationsPageTest - Selected necessary for job: 'Įsigyti'.
2025-03-27 11:51:54 [main] DEBUG l.i.u.t.SubmittedApplicationsPageTest - Selected tool: 'Darbo priemonė 1'.
2025-03-27 11:51:54 [main] DEBUG l.i.u.t.SubmittedApplicationsPageTest - Selected tool parameter one: 'Darbo priemonės 1 parametras 1'.
2025-03-27 11:51:54 [main] DEBUG l.i.u.t.SubmittedApplicationsPageTest - Selected tool parameter two: 'Darbo priemonės 1 parametras 2'.
2025-03-27 11:51:54 [main] DEBUG l.i.u.t.SubmittedApplicationsPageTest - Selected tool parameter three: 'Darbo priemonės 1 parametras 3'.
2025-03-27 11:51:55 [main] DEBUG l.i.u.t.SubmittedApplicationsPageTest - Entered tool count: '1'.
2025-03-27 11:51:55 [main] DEBUG l.i.u.t.SubmittedApplicationsPageTest - Entered price amount 1: '1000'.
2025-03-27 11:51:57 [main] DEBUG l.i.u.t.SubmittedApplicationsPageTest - Entered own funds amount 1: '800'.
2025-03-27 11:51:59 [main] DEBUG l.i.u.t.SubmittedApplicationsPageTest - Clicked 'Add' button.
2025-03-27 11:51:59 [main] INFO  l.i.u.p.SubmittedApplicationsPage - Located the dropdown button.
2025-03-27 11:52:00 [main] INFO  l.i.u.p.SubmittedApplicationsPage - Successfully selected the value: 'Remontuoti'
2025-03-27 11:52:00 [main] DEBUG l.i.u.t.SubmittedApplicationsPageTest - Selected necessary for job 'to repair': 'Remontuoti'.
2025-03-27 11:52:00 [main] DEBUG l.i.u.t.SubmittedApplicationsPageTest - Selected repair name: 'Remonto pavadinimas 1'.
2025-03-27 11:52:00 [main] DEBUG l.i.u.t.SubmittedApplicationsPageTest - Entered repair information: 'Remonto aprašymas 1'.
2025-03-27 11:52:00 [main] DEBUG l.i.u.t.SubmittedApplicationsPageTest - Entered price amount 2: '1000'.
2025-03-27 11:52:03 [main] DEBUG l.i.u.t.SubmittedApplicationsPageTest - Entered own funds amount 2: '900'.
2025-03-27 11:52:05 [main] DEBUG l.i.u.t.SubmittedApplicationsPageTest - Checked value: 'Vardenis Pavardenis'
2025-03-27 11:52:05 [main] DEBUG l.i.u.t.SubmittedApplicationsPageTest - Checked value: '51234567890'
2025-03-27 11:52:05 [main] DEBUG l.i.u.t.SubmittedApplicationsPageTest - Checked value: '12345678'
2025-03-27 11:52:05 [main] DEBUG l.i.u.t.SubmittedApplicationsPageTest - Checked value: 'LT-123456789'
2025-03-27 11:52:05 [main] DEBUG l.i.u.t.SubmittedApplicationsPageTest - Checked value: 'Vilnius, Juozo Rutkausko g., 6, LT-05132'
2025-03-27 11:52:05 [main] DEBUG l.i.u.t.SubmittedApplicationsPageTest - Checked value: '80'
2025-03-27 11:52:05 [main] DEBUG l.i.u.t.SubmittedApplicationsPageTest - Checked value: '200'
2025-03-27 11:52:05 [main] DEBUG l.i.u.t.SubmittedApplicationsPageTest - Checked value: '20'
2025-03-27 11:52:05 [main] DEBUG l.i.u.t.SubmittedApplicationsPageTest - Checked value: '90'
2025-03-27 11:52:05 [main] DEBUG l.i.u.t.SubmittedApplicationsPageTest - Checked value: '100'
2025-03-27 11:52:05 [main] DEBUG l.i.u.t.SubmittedApplicationsPageTest - Checked value: '10'
2025-03-27 11:52:05 [main] DEBUG l.i.u.t.SubmittedApplicationsPageTest - Checked value: '2000'
2025-03-27 11:52:05 [main] DEBUG l.i.u.t.SubmittedApplicationsPageTest - Checked value: '100'
2025-03-27 11:52:05 [main] DEBUG l.i.u.t.SubmittedApplicationsPageTest - Checked value: '1700'
2025-03-27 11:52:05 [main] DEBUG l.i.u.t.SubmittedApplicationsPageTest - Checked value: '85'
2025-03-27 11:52:05 [main] DEBUG l.i.u.t.SubmittedApplicationsPageTest - Checked value: '300'
2025-03-27 11:52:05 [main] DEBUG l.i.u.t.SubmittedApplicationsPageTest - Checked value: '15'
2025-03-27 11:52:05 [main] DEBUG l.i.u.t.SubmittedApplicationsPageTest - Checked value: '2000'
2025-03-27 11:52:05 [main] DEBUG l.i.u.t.SubmittedApplicationsPageTest - Checked value: '140,5'
2025-03-27 11:52:05 [main] DEBUG l.i.u.t.SubmittedApplicationsPageTest - Checked value: '1700'
2025-03-27 11:52:05 [main] DEBUG l.i.u.t.SubmittedApplicationsPageTest - Checked value: '85'
2025-03-27 11:52:05 [main] DEBUG l.i.u.t.SubmittedApplicationsPageTest - Checked value: '300'
2025-03-27 11:52:05 [main] DEBUG l.i.u.t.SubmittedApplicationsPageTest - Checked value: '15'
2025-03-27 11:52:05 [main] DEBUG l.i.u.t.SubmittedApplicationsPageTest - Entered country percentage: '50'.
2025-03-27 11:52:05 [main] DEBUG l.i.u.t.SubmittedApplicationsPageTest - Entered institution percentage: '50'.
2025-03-27 11:52:05 [main] DEBUG l.i.u.t.SubmittedApplicationsPageTest - Entered municipality percentage: '50'.
2025-03-27 11:52:05 [main] DEBUG l.i.u.t.SubmittedApplicationsPageTest - Selected 'De Minimis' radio button.
2025-03-27 11:52:05 [main] DEBUG l.i.u.t.SubmittedApplicationsPageTest - Entered program name: 'Programa 1'.
2025-03-27 11:52:06 [main] DEBUG l.i.u.t.SubmittedApplicationsPageTest - Entered project date from.
2025-03-27 11:52:06 [main] DEBUG l.i.u.t.SubmittedApplicationsPageTest - Entered project date until.
2025-03-27 11:52:06 [main] DEBUG l.i.u.t.SubmittedApplicationsPageTest - Entered support amount: '2000'.
2025-03-27 11:52:06 [main] DEBUG l.i.u.t.SubmittedApplicationsPageTest - Clicked 'Next' button.
2025-03-27 11:57:19 [main] INFO  lt.insoft.uztis.tests.UztisPageTest - Navigated to https://uztisdev.asseco.lt/home
2025-03-27 11:57:19 [main] INFO  l.i.u.t.SubmittedApplicationsPageTest - Starting test:'testFillNewVUIPApplicationFA'
2025-03-27 11:57:19 [main] DEBUG l.i.u.t.SubmittedApplicationsPageTest - User logged in with test credentials.
2025-03-27 11:57:19 [main] DEBUG l.i.u.t.SubmittedApplicationsPageTest - Opened 'Application Processing' menu.
2025-03-27 11:57:20 [main] DEBUG l.i.u.t.SubmittedApplicationsPageTest - Clicked on 'Application Forms' menu.
2025-03-27 11:57:20 [main] DEBUG l.i.u.t.SubmittedApplicationsPageTest - Retrieved last description code text: 'TST-VUI-75'.
2025-03-27 11:57:20 [main] DEBUG l.i.u.t.SubmittedApplicationsPageTest - Clicked on 'Invitation' menu.
2025-03-27 11:57:22 [main] DEBUG l.i.u.t.SubmittedApplicationsPageTest - Selected application section by code: 'TST-VUI-75'.
2025-03-27 11:57:22 [main] DEBUG l.i.u.t.SubmittedApplicationsPageTest - Clicked 'Search' button.
2025-03-27 11:57:22 [main] DEBUG l.i.u.t.SubmittedApplicationsPageTest - Retrieved invitation code: ''.
2025-03-27 11:57:22 [main] DEBUG l.i.u.t.SubmittedApplicationsPageTest - Clicked on 'Submitted Applications' menu.
2025-03-27 11:57:24 [main] DEBUG l.i.u.t.SubmittedApplicationsPageTest - Selected invitation by code: 'TST-VUI-75'.
2025-03-27 11:57:24 [main] DEBUG l.i.u.t.SubmittedApplicationsPageTest - Invitation code inserted.
2025-03-27 11:57:24 [main] DEBUG l.i.u.t.SubmittedApplicationsPageTest - Clicked on 'Action Application' button.
2025-03-27 11:57:24 [main] DEBUG l.i.u.t.SubmittedApplicationsPageTest - Clicked on 'New Application' button.
2025-03-27 11:57:25 [main] DEBUG l.i.u.t.SubmittedApplicationsPageTest - Selected the 'RadioButtonFA' option.
2025-03-27 11:57:25 [main] DEBUG l.i.u.t.SubmittedApplicationsPageTest - Entered phone number: '61298745'.
2025-03-27 11:57:25 [main] DEBUG l.i.u.t.SubmittedApplicationsPageTest - Entered email: 'test@autotest.com'.
2025-03-27 11:57:25 [main] INFO  l.i.u.p.SubmittedApplicationsPage - Clicking on the dropdown button.
2025-03-27 11:57:42 [main] INFO  l.i.u.p.SubmittedApplicationsPage - Found 1741 options in the dropdown.
2025-03-27 11:57:42 [main] DEBUG l.i.u.p.SubmittedApplicationsPage - Checking option: ''
2025-03-27 11:57:42 [main] DEBUG l.i.u.p.SubmittedApplicationsPage - Checking option: '01.11 - Grūdinių (išskyrus ryžius), ankštinių ir aliejingų sėklų augalų auginimas'
2025-03-27 11:57:42 [main] INFO  l.i.u.p.SubmittedApplicationsPage - Successfully selected the value: '01.11 - Grūdinių (išskyrus ryžius), ankštinių ir aliejingų sėklų augalų auginimas'
2025-03-27 11:57:42 [main] INFO  l.i.u.p.SubmittedApplicationsPage - Attempting to close the dropdown.
2025-03-27 11:57:43 [main] DEBUG l.i.u.t.SubmittedApplicationsPageTest - Selected EVRK value: '01.11 - Grūdinių (išskyrus ryžius), ankštinių ir aliejingų sėklų augalų auginimas'.
2025-03-27 11:57:43 [main] DEBUG l.i.u.t.SubmittedApplicationsPageTest - Clicked on 'Address Component' button.
2025-03-27 11:57:43 [main] INFO  l.i.u.p.SubmittedApplicationsPage - Located the dropdown button.
2025-03-27 11:57:46 [main] INFO  l.i.u.p.SubmittedApplicationsPage - Successfully selected the value: 'Lietuva'
2025-03-27 11:57:46 [main] DEBUG l.i.u.t.SubmittedApplicationsPageTest - Selected country: 'Lietuva'.
2025-03-27 11:57:46 [main] INFO  l.i.u.p.SubmittedApplicationsPage - Located the dropdown search field.
2025-03-27 11:57:47 [main] INFO  l.i.u.p.SubmittedApplicationsPage - Dropdown city is opened.
2025-03-27 11:57:47 [main] INFO  l.i.u.p.SubmittedApplicationsPage - Searched for value: 'Vilnius'
2025-03-27 11:57:48 [main] INFO  l.i.u.p.SubmittedApplicationsPage - Successfully selected: 'Vilnius'
2025-03-27 11:57:48 [main] INFO  l.i.u.p.SubmittedApplicationsPage - Located the dropdown button.
2025-03-27 11:57:48 [main] INFO  l.i.u.p.SubmittedApplicationsPage - Successfully selected the value: 'A. Domaševičiaus g.'
2025-03-27 11:57:48 [main] DEBUG l.i.u.t.SubmittedApplicationsPageTest - Selected street: 'A. Domaševičiaus g.'.
2025-03-27 11:57:48 [main] INFO  l.i.u.p.SubmittedApplicationsPage - Located the dropdown button.
2025-03-27 11:57:48 [main] INFO  l.i.u.p.SubmittedApplicationsPage - Successfully selected the value: '1'
2025-03-27 11:57:48 [main] DEBUG l.i.u.t.SubmittedApplicationsPageTest - Selected house: '1'.
2025-03-27 11:57:48 [main] INFO  l.i.u.p.SubmittedApplicationsPage - Located the dropdown button.
2025-03-27 11:57:49 [main] INFO  l.i.u.p.SubmittedApplicationsPage - Successfully selected the value: '1'
2025-03-27 11:57:49 [main] DEBUG l.i.u.t.SubmittedApplicationsPageTest - Selected apartment: '1'.
2025-03-27 11:57:49 [main] DEBUG l.i.u.t.SubmittedApplicationsPageTest - Clicked 'Confirm' button.
2025-03-27 11:57:49 [main] DEBUG l.i.u.t.SubmittedApplicationsPageTest - Entered project date.
2025-03-27 11:57:49 [main] DEBUG l.i.u.t.SubmittedApplicationsPageTest - Entered job count: '1'.
2025-03-27 11:57:49 [main] DEBUG l.i.u.t.SubmittedApplicationsPageTest - Clicked 'Next' button.
2025-03-27 11:57:49 [main] INFO  l.i.u.p.SubmittedApplicationsPage - Located the dropdown button.
2025-03-27 11:57:50 [main] INFO  l.i.u.p.SubmittedApplicationsPage - Successfully selected the value: 'Administratoriai'
2025-03-27 11:57:50 [main] DEBUG l.i.u.t.SubmittedApplicationsPageTest - Selected job name: 'Administratoriai'.
2025-03-27 11:57:50 [main] DEBUG l.i.u.t.SubmittedApplicationsPageTest - Entered job function: 'Funkcija 1'.
2025-03-27 11:57:51 [main] DEBUG l.i.u.t.SubmittedApplicationsPageTest - Selected 'RadioButtonWithDisabilities' option.
2025-03-27 11:57:51 [main] INFO  l.i.u.p.SubmittedApplicationsPage - Clicking on the dropdown button.
2025-03-27 11:57:51 [main] INFO  l.i.u.p.SubmittedApplicationsPage - Found 34 options in the dropdown.
2025-03-27 11:57:51 [main] DEBUG l.i.u.p.SubmittedApplicationsPage - Checking option: 'Asmenys, kuriems suteiktas pabėgėlio statusas ar perkeliamojo asmens statusas, arba asmenys, kuriems suteikta papildoma ar laikinoji apsauga, ir asmenys, turintys teisę gauti laikinąją apsaugą, iki sprendimo dėl laikinosios apsaugos suteikimo (nesuteikimo) priėmimo, tačiau ne ilgiau kaip laikinosios apsaugos laikotarpiu'
2025-03-27 11:57:51 [main] DEBUG l.i.u.p.SubmittedApplicationsPage - Checking option: 'Asmenys, kuriems suteiktas pabėgėlio statusas ar perkeliamojo asmens statusas, arba asmenys, kuriems suteikta papildoma ar laikinoji apsauga, ir asmenys, turintys teisę gauti laikinąją apsaugą, iki sprendimo dėl laikinosios apsaugos suteikimo (nesuteikimo) priėmimo, tačiau ne ilgiau kaip laikinosios apsaugos laikotarpiu'
2025-03-27 11:57:51 [main] DEBUG l.i.u.p.SubmittedApplicationsPage - Checking option: 'Asmenys, turintys teisę į papildomas užimtumo garantijas pagal Lietuvos Respublikos valstybės įmonės Ignalinos atominės elektrinės darbuotojų papildomų užimtumo ir socialinių garantijų įstatymą'
2025-03-27 11:57:51 [main] DEBUG l.i.u.p.SubmittedApplicationsPage - Checking option: 'Asmenys, turintys teisę į papildomas užimtumo garantijas pagal Lietuvos Respublikos valstybės įmonės Ignalinos atominės elektrinės darbuotojų papildomų užimtumo ir socialinių garantijų įstatymą'
2025-03-27 11:57:51 [main] DEBUG l.i.u.p.SubmittedApplicationsPage - Checking option: 'Bedarbiai iki 29 metų'
2025-03-27 11:57:51 [main] DEBUG l.i.u.p.SubmittedApplicationsPage - Checking option: 'Bedarbiai iki 29 metų'
2025-03-27 11:57:51 [main] DEBUG l.i.u.p.SubmittedApplicationsPage - Checking option: 'Bedarbiai, kurie yra darbingo amžiaus neįgalieji, kuriems nustatytas 30–40 procentų darbingumo lygis arba vidutinis neįgalumo lygis'
2025-03-27 11:57:51 [main] DEBUG l.i.u.p.SubmittedApplicationsPage - Checking option: 'Bedarbiai, kurie yra darbingo amžiaus neįgalieji, kuriems nustatytas 30–40 procentų darbingumo lygis arba vidutinis neįgalumo lygis'
2025-03-27 11:57:51 [main] DEBUG l.i.u.p.SubmittedApplicationsPage - Checking option: 'Bedarbiai, kurie yra darbingo amžiaus neįgalieji, kuriems nustatytas 45–55 procentų darbingumo lygis arba lengvas neįgalumo lygis'
2025-03-27 11:57:51 [main] DEBUG l.i.u.p.SubmittedApplicationsPage - Checking option: 'Bedarbiai, kurie yra darbingo amžiaus neįgalieji, kuriems nustatytas 45–55 procentų darbingumo lygis arba lengvas neįgalumo lygis'
2025-03-27 11:57:51 [main] DEBUG l.i.u.p.SubmittedApplicationsPage - Checking option: 'Bedarbiai, kurie yra darbingo amžiaus neįgalieji, kuriems nustatytas iki 25 procentų darbingumo lygis arba sunkus neįgalumo lygis'
2025-03-27 11:57:52 [main] INFO  l.i.u.p.SubmittedApplicationsPage - Successfully selected the value: 'Bedarbiai, kurie yra darbingo amžiaus neįgalieji, kuriems nustatytas iki 25 procentų darbingumo lygis arba sunkus neįgalumo lygis'
2025-03-27 11:57:52 [main] INFO  l.i.u.p.SubmittedApplicationsPage - Attempting to close the dropdown.
2025-03-27 11:57:52 [main] DEBUG l.i.u.t.SubmittedApplicationsPageTest - Selected disabilities type: 'Bedarbiai, kurie yra darbingo amžiaus neįgalieji, kuriems nustatytas iki 25 procentų darbingumo lygis arba sunkus neįgalumo lygis'.
2025-03-27 11:57:52 [main] DEBUG l.i.u.t.SubmittedApplicationsPageTest - Entered disability information: 'Negalia 1'.
2025-03-27 11:57:52 [main] INFO  l.i.u.p.SubmittedApplicationsPage - Located the dropdown button.
2025-03-27 11:57:53 [main] INFO  l.i.u.p.SubmittedApplicationsPage - Successfully selected the value: 'Kita'
2025-03-27 11:57:53 [main] DEBUG l.i.u.t.SubmittedApplicationsPageTest - Selected time mode: 'Kita'.
2025-03-27 11:57:54 [main] DEBUG l.i.u.t.SubmittedApplicationsPageTest - Selected time mode other: '6 val. per dieną ir 4 d. per savaitę'.
2025-03-27 11:57:54 [main] DEBUG l.i.u.t.SubmittedApplicationsPageTest - Entered qualification: 'Kvalifikacija 1'.
2025-03-27 11:57:54 [main] DEBUG l.i.u.t.SubmittedApplicationsPageTest - Entered job date.
2025-03-27 11:57:54 [main] DEBUG l.i.u.t.SubmittedApplicationsPageTest - Entered salary amount: '1200'.
2025-03-27 11:57:55 [main] DEBUG l.i.u.t.SubmittedApplicationsPageTest - Entered salary description: 'Užmokestis 1'.
2025-03-27 11:57:55 [main] DEBUG l.i.u.t.SubmittedApplicationsPageTest - Selected 'Temporary Job' radio button.
2025-03-27 11:57:55 [main] DEBUG l.i.u.t.SubmittedApplicationsPageTest - Selected 'Season Job' radio button.
2025-03-27 11:57:55 [main] DEBUG l.i.u.t.SubmittedApplicationsPageTest - Selected 'Energy' radio button.
2025-03-27 11:57:55 [main] DEBUG l.i.u.t.SubmittedApplicationsPageTest - Selected 'Repair' radio button.
2025-03-27 11:57:55 [main] DEBUG l.i.u.t.SubmittedApplicationsPageTest - Entered job description: 'Veikla 1'.
2025-03-27 11:57:56 [main] DEBUG l.i.u.t.SubmittedApplicationsPageTest - Entered process description: 'Procesas 1'.
2025-03-27 11:57:56 [main] DEBUG l.i.u.t.SubmittedApplicationsPageTest - Entered energy information: 'Energija 1'.
2025-03-27 11:57:56 [main] DEBUG l.i.u.t.SubmittedApplicationsPageTest - Entered repair information: 'Remontas 1'.
2025-03-27 11:57:56 [main] DEBUG l.i.u.t.SubmittedApplicationsPageTest - Selected 'PVM' radio button.
2025-03-27 11:57:56 [main] INFO  l.i.u.p.SubmittedApplicationsPage - Located the dropdown button.
2025-03-27 11:57:57 [main] INFO  l.i.u.p.SubmittedApplicationsPage - Successfully selected the value: 'Įsigyti'
2025-03-27 11:57:57 [main] DEBUG l.i.u.t.SubmittedApplicationsPageTest - Selected necessary for job: 'Įsigyti'.
2025-03-27 11:57:57 [main] DEBUG l.i.u.t.SubmittedApplicationsPageTest - Selected tool: 'Darbo priemonė 1'.
2025-03-27 11:57:57 [main] DEBUG l.i.u.t.SubmittedApplicationsPageTest - Selected tool parameter one: 'Darbo priemonės 1 parametras 1'.
2025-03-27 11:57:58 [main] DEBUG l.i.u.t.SubmittedApplicationsPageTest - Selected tool parameter two: 'Darbo priemonės 1 parametras 2'.
2025-03-27 11:57:58 [main] DEBUG l.i.u.t.SubmittedApplicationsPageTest - Selected tool parameter three: 'Darbo priemonės 1 parametras 3'.
2025-03-27 11:57:58 [main] DEBUG l.i.u.t.SubmittedApplicationsPageTest - Entered tool count: '1'.
2025-03-27 11:57:58 [main] DEBUG l.i.u.t.SubmittedApplicationsPageTest - Entered price amount 1: '1000'.
2025-03-27 11:58:00 [main] DEBUG l.i.u.t.SubmittedApplicationsPageTest - Entered own funds amount 1: '800'.
2025-03-27 11:58:03 [main] DEBUG l.i.u.t.SubmittedApplicationsPageTest - Clicked 'Add' button.
2025-03-27 11:58:03 [main] INFO  l.i.u.p.SubmittedApplicationsPage - Located the dropdown button.
2025-03-27 11:58:03 [main] INFO  l.i.u.p.SubmittedApplicationsPage - Successfully selected the value: 'Remontuoti'
2025-03-27 11:58:03 [main] DEBUG l.i.u.t.SubmittedApplicationsPageTest - Selected necessary for job 'to repair': 'Remontuoti'.
2025-03-27 11:58:03 [main] DEBUG l.i.u.t.SubmittedApplicationsPageTest - Selected repair name: 'Remonto pavadinimas 1'.
2025-03-27 11:58:04 [main] DEBUG l.i.u.t.SubmittedApplicationsPageTest - Entered repair information: 'Remonto aprašymas 1'.
2025-03-27 11:58:04 [main] DEBUG l.i.u.t.SubmittedApplicationsPageTest - Entered price amount 2: '1000'.
2025-03-27 11:58:06 [main] DEBUG l.i.u.t.SubmittedApplicationsPageTest - Entered own funds amount 2: '900'.
2025-03-27 11:58:08 [main] DEBUG l.i.u.t.SubmittedApplicationsPageTest - Current recalculated value: '140,5'
2025-03-27 11:58:09 [main] DEBUG l.i.u.t.SubmittedApplicationsPageTest - Current recalculated value: '140,5'
2025-03-27 11:58:09 [main] DEBUG l.i.u.t.SubmittedApplicationsPageTest - Current recalculated value: '140,5'
2025-03-27 11:58:10 [main] DEBUG l.i.u.t.SubmittedApplicationsPageTest - Current recalculated value: '140,5'
2025-03-27 11:58:10 [main] DEBUG l.i.u.t.SubmittedApplicationsPageTest - Current recalculated value: '140,5'
2025-03-27 11:58:11 [main] DEBUG l.i.u.t.SubmittedApplicationsPageTest - Current recalculated value: '140,5'
2025-03-27 11:58:11 [main] DEBUG l.i.u.t.SubmittedApplicationsPageTest - Current recalculated value: '140,5'
2025-03-27 11:58:12 [main] DEBUG l.i.u.t.SubmittedApplicationsPageTest - Current recalculated value: '140,5'
2025-03-27 11:58:12 [main] DEBUG l.i.u.t.SubmittedApplicationsPageTest - Current recalculated value: '140,5'
2025-03-27 11:58:13 [main] DEBUG l.i.u.t.SubmittedApplicationsPageTest - Current recalculated value: '140,5'
2025-03-27 11:58:13 [main] DEBUG l.i.u.t.SubmittedApplicationsPageTest - Current recalculated value: '140,5'
2025-03-27 11:58:14 [main] DEBUG l.i.u.t.SubmittedApplicationsPageTest - Current recalculated value: '140,5'
2025-03-27 11:58:14 [main] DEBUG l.i.u.t.SubmittedApplicationsPageTest - Current recalculated value: '140,5'
2025-03-27 11:58:15 [main] DEBUG l.i.u.t.SubmittedApplicationsPageTest - Current recalculated value: '140,5'
2025-03-27 11:58:15 [main] DEBUG l.i.u.t.SubmittedApplicationsPageTest - Current recalculated value: '140,5'
2025-03-27 11:58:16 [main] DEBUG l.i.u.t.SubmittedApplicationsPageTest - Current recalculated value: '140,5'
2025-03-27 11:58:16 [main] DEBUG l.i.u.t.SubmittedApplicationsPageTest - Current recalculated value: '140,5'
2025-03-27 11:58:17 [main] DEBUG l.i.u.t.SubmittedApplicationsPageTest - Current recalculated value: '140,5'
2025-03-27 11:58:17 [main] DEBUG l.i.u.t.SubmittedApplicationsPageTest - Current recalculated value: '140,5'
2025-03-27 11:58:18 [main] DEBUG l.i.u.t.SubmittedApplicationsPageTest - Current recalculated value: '140,5'
2025-03-27 11:58:18 [main] ERROR l.i.u.t.SubmittedApplicationsPageTest - Test 'testFillNewVUIApplicationFA' failed with error: Expected condition failed: waiting for lt.insoft.uztis.tests.SubmittedApplicationsPageTest$$Lambda/0x0000022d592b3388@296ac298 (tried for 10 second(s) with 500 milliseconds interval)
Build info: version: '4.27.0', revision: 'd6e718d134'
System info: os.name: 'Windows 11', os.arch: 'amd64', os.version: '10.0', java.version: '21.0.3'
Driver info: org.openqa.selenium.chrome.ChromeDriver
Capabilities {acceptInsecureCerts: false, browserName: chrome, browserVersion: 134.0.6998.166, chrome: {chromedriverVersion: 134.0.6998.165 (fd886e2cb29..., userDataDir: C:\Users\INGRID~1.ZAD\AppDa...}, fedcm:accounts: true, goog:chromeOptions: {debuggerAddress: localhost:59023}, networkConnectionEnabled: false, pageLoadStrategy: normal, platformName: windows, proxy: Proxy(), se:cdp: ws://localhost:59023/devtoo..., se:cdpVersion: 134.0.6998.166, setWindowRect: true, strictFileInteractability: false, timeouts: {implicit: 0, pageLoad: 300000, script: 30000}, unhandledPromptBehavior: dismiss and notify, webauthn:extension:credBlob: true, webauthn:extension:largeBlob: true, webauthn:extension:minPinLength: true, webauthn:extension:prf: true, webauthn:virtualAuthenticators: true}
Session ID: a1a5b3ba59ca7c517db62fceeb172495
org.openqa.selenium.TimeoutException: Expected condition failed: waiting for lt.insoft.uztis.tests.SubmittedApplicationsPageTest$$Lambda/0x0000022d592b3388@296ac298 (tried for 10 second(s) with 500 milliseconds interval)
Build info: version: '4.27.0', revision: 'd6e718d134'
System info: os.name: 'Windows 11', os.arch: 'amd64', os.version: '10.0', java.version: '21.0.3'
Driver info: org.openqa.selenium.chrome.ChromeDriver
Capabilities {acceptInsecureCerts: false, browserName: chrome, browserVersion: 134.0.6998.166, chrome: {chromedriverVersion: 134.0.6998.165 (fd886e2cb29..., userDataDir: C:\Users\INGRID~1.ZAD\AppDa...}, fedcm:accounts: true, goog:chromeOptions: {debuggerAddress: localhost:59023}, networkConnectionEnabled: false, pageLoadStrategy: normal, platformName: windows, proxy: Proxy(), se:cdp: ws://localhost:59023/devtoo..., se:cdpVersion: 134.0.6998.166, setWindowRect: true, strictFileInteractability: false, timeouts: {implicit: 0, pageLoad: 300000, script: 30000}, unhandledPromptBehavior: dismiss and notify, webauthn:extension:credBlob: true, webauthn:extension:largeBlob: true, webauthn:extension:minPinLength: true, webauthn:extension:prf: true, webauthn:virtualAuthenticators: true}
Session ID: a1a5b3ba59ca7c517db62fceeb172495
	at org.openqa.selenium.support.ui.WebDriverWait.timeoutException(WebDriverWait.java:84)
	at org.openqa.selenium.support.ui.FluentWait.until(FluentWait.java:228)
	at lt.insoft.uztis.tests.SubmittedApplicationsPageTest.testFillNewVUIApplicationFA(SubmittedApplicationsPageTest.java:369)
	at java.base/jdk.internal.reflect.DirectMethodHandleAccessor.invoke(DirectMethodHandleAccessor.java:103)
	at java.base/java.lang.reflect.Method.invoke(Method.java:580)
	at org.junit.platform.commons.util.ReflectionUtils.invokeMethod(ReflectionUtils.java:728)
	at org.junit.jupiter.engine.execution.MethodInvocation.proceed(MethodInvocation.java:60)
	at org.junit.jupiter.engine.execution.InvocationInterceptorChain$ValidatingInvocation.proceed(InvocationInterceptorChain.java:131)
	at org.junit.jupiter.engine.extension.TimeoutExtension.intercept(TimeoutExtension.java:156)
	at org.junit.jupiter.engine.extension.TimeoutExtension.interceptTestableMethod(TimeoutExtension.java:147)
	at org.junit.jupiter.engine.extension.TimeoutExtension.interceptTestMethod(TimeoutExtension.java:86)
	at org.junit.jupiter.engine.execution.InterceptingExecutableInvoker$ReflectiveInterceptorCall.lambda$ofVoidMethod$0(InterceptingExecutableInvoker.java:103)
	at org.junit.jupiter.engine.execution.InterceptingExecutableInvoker.lambda$invoke$0(InterceptingExecutableInvoker.java:93)
	at org.junit.jupiter.engine.execution.InvocationInterceptorChain$InterceptedInvocation.proceed(InvocationInterceptorChain.java:106)
	at org.junit.jupiter.engine.execution.InvocationInterceptorChain.proceed(InvocationInterceptorChain.java:64)
	at org.junit.jupiter.engine.execution.InvocationInterceptorChain.chainAndInvoke(InvocationInterceptorChain.java:45)
	at org.junit.jupiter.engine.execution.InvocationInterceptorChain.invoke(InvocationInterceptorChain.java:37)
	at org.junit.jupiter.engine.execution.InterceptingExecutableInvoker.invoke(InterceptingExecutableInvoker.java:92)
	at org.junit.jupiter.engine.execution.InterceptingExecutableInvoker.invoke(InterceptingExecutableInvoker.java:86)
	at org.junit.jupiter.engine.descriptor.TestMethodTestDescriptor.lambda$invokeTestMethod$7(TestMethodTestDescriptor.java:218)
	at org.junit.platform.engine.support.hierarchical.ThrowableCollector.execute(ThrowableCollector.java:73)
	at org.junit.jupiter.engine.descriptor.TestMethodTestDescriptor.invokeTestMethod(TestMethodTestDescriptor.java:214)
	at org.junit.jupiter.engine.descriptor.TestMethodTestDescriptor.execute(TestMethodTestDescriptor.java:139)
	at org.junit.jupiter.engine.descriptor.TestMethodTestDescriptor.execute(TestMethodTestDescriptor.java:69)
	at org.junit.platform.engine.support.hierarchical.NodeTestTask.lambda$executeRecursively$6(NodeTestTask.java:151)
	at org.junit.platform.engine.support.hierarchical.ThrowableCollector.execute(ThrowableCollector.java:73)
	at org.junit.platform.engine.support.hierarchical.NodeTestTask.lambda$executeRecursively$8(NodeTestTask.java:141)
	at org.junit.platform.engine.support.hierarchical.Node.around(Node.java:137)
	at org.junit.platform.engine.support.hierarchical.NodeTestTask.lambda$executeRecursively$9(NodeTestTask.java:139)
	at org.junit.platform.engine.support.hierarchical.ThrowableCollector.execute(ThrowableCollector.java:73)
	at org.junit.platform.engine.support.hierarchical.NodeTestTask.executeRecursively(NodeTestTask.java:138)
	at org.junit.platform.engine.support.hierarchical.NodeTestTask.execute(NodeTestTask.java:95)
	at java.base/java.util.ArrayList.forEach(ArrayList.java:1596)
	at org.junit.platform.engine.support.hierarchical.SameThreadHierarchicalTestExecutorService.invokeAll(SameThreadHierarchicalTestExecutorService.java:41)
	at org.junit.platform.engine.support.hierarchical.NodeTestTask.lambda$executeRecursively$6(NodeTestTask.java:155)
	at org.junit.platform.engine.support.hierarchical.ThrowableCollector.execute(ThrowableCollector.java:73)
	at org.junit.platform.engine.support.hierarchical.NodeTestTask.lambda$executeRecursively$8(NodeTestTask.java:141)
	at org.junit.platform.engine.support.hierarchical.Node.around(Node.java:137)
	at org.junit.platform.engine.support.hierarchical.NodeTestTask.lambda$executeRecursively$9(NodeTestTask.java:139)
	at org.junit.platform.engine.support.hierarchical.ThrowableCollector.execute(ThrowableCollector.java:73)
	at org.junit.platform.engine.support.hierarchical.NodeTestTask.executeRecursively(NodeTestTask.java:138)
	at org.junit.platform.engine.support.hierarchical.NodeTestTask.execute(NodeTestTask.java:95)
	at java.base/java.util.ArrayList.forEach(ArrayList.java:1596)
	at org.junit.platform.engine.support.hierarchical.SameThreadHierarchicalTestExecutorService.invokeAll(SameThreadHierarchicalTestExecutorService.java:41)
	at org.junit.platform.engine.support.hierarchical.NodeTestTask.lambda$executeRecursively$6(NodeTestTask.java:155)
	at org.junit.platform.engine.support.hierarchical.ThrowableCollector.execute(ThrowableCollector.java:73)
	at org.junit.platform.engine.support.hierarchical.NodeTestTask.lambda$executeRecursively$8(NodeTestTask.java:141)
	at org.junit.platform.engine.support.hierarchical.Node.around(Node.java:137)
	at org.junit.platform.engine.support.hierarchical.NodeTestTask.lambda$executeRecursively$9(NodeTestTask.java:139)
	at org.junit.platform.engine.support.hierarchical.ThrowableCollector.execute(ThrowableCollector.java:73)
	at org.junit.platform.engine.support.hierarchical.NodeTestTask.executeRecursively(NodeTestTask.java:138)
	at org.junit.platform.engine.support.hierarchical.NodeTestTask.execute(NodeTestTask.java:95)
	at org.junit.platform.engine.support.hierarchical.SameThreadHierarchicalTestExecutorService.submit(SameThreadHierarchicalTestExecutorService.java:35)
	at org.junit.platform.engine.support.hierarchical.HierarchicalTestExecutor.execute(HierarchicalTestExecutor.java:57)
	at org.junit.platform.engine.support.hierarchical.HierarchicalTestEngine.execute(HierarchicalTestEngine.java:54)
	at org.junit.platform.launcher.core.EngineExecutionOrchestrator.execute(EngineExecutionOrchestrator.java:198)
	at org.junit.platform.launcher.core.EngineExecutionOrchestrator.execute(EngineExecutionOrchestrator.java:169)
	at org.junit.platform.launcher.core.EngineExecutionOrchestrator.execute(EngineExecutionOrchestrator.java:93)
	at org.junit.platform.launcher.core.EngineExecutionOrchestrator.lambda$execute$0(EngineExecutionOrchestrator.java:58)
	at org.junit.platform.launcher.core.EngineExecutionOrchestrator.withInterceptedStreams(EngineExecutionOrchestrator.java:141)
	at org.junit.platform.launcher.core.EngineExecutionOrchestrator.execute(EngineExecutionOrchestrator.java:57)
	at org.junit.platform.launcher.core.DefaultLauncher.execute(DefaultLauncher.java:103)
	at org.junit.platform.launcher.core.DefaultLauncher.execute(DefaultLauncher.java:85)
	at org.junit.platform.launcher.core.DelegatingLauncher.execute(DelegatingLauncher.java:47)
	at org.junit.platform.launcher.core.SessionPerRequestLauncher.execute(SessionPerRequestLauncher.java:63)
	at com.intellij.junit5.JUnit5IdeaTestRunner.startRunnerWithArgs(JUnit5IdeaTestRunner.java:57)
	at com.intellij.rt.junit.IdeaTestRunner$Repeater$1.execute(IdeaTestRunner.java:38)
	at com.intellij.rt.execution.junit.TestsRepeater.repeat(TestsRepeater.java:11)
	at com.intellij.rt.junit.IdeaTestRunner$Repeater.startRunnerWithArgs(IdeaTestRunner.java:35)
	at com.intellij.rt.junit.JUnitStarter.prepareStreamsAndStart(JUnitStarter.java:232)
	at com.intellij.rt.junit.JUnitStarter.main(JUnitStarter.java:55)
2025-03-27 11:58:18 [main] INFO  l.insoft.uztis.tests.utils.TestUtils - Screenshot moved to C:\Users\ingrida.zadorozniene\Desktop\Asm\UZTIS\UZTIS_tests\test-output\screenshots\20250327\115818669_testFillNewVUIApplicationFA().png
2025-03-27 12:07:40 [main] INFO  lt.insoft.uztis.tests.UztisPageTest - Navigated to https://uztisdev.asseco.lt/home
2025-03-27 12:07:40 [main] INFO  l.i.u.t.SubmittedApplicationsPageTest - Starting test:'testFillNewVUIPApplicationFA'
2025-03-27 12:07:41 [main] DEBUG l.i.u.t.SubmittedApplicationsPageTest - User logged in with test credentials.
2025-03-27 12:07:41 [main] DEBUG l.i.u.t.SubmittedApplicationsPageTest - Opened 'Application Processing' menu.
2025-03-27 12:07:41 [main] DEBUG l.i.u.t.SubmittedApplicationsPageTest - Clicked on 'Application Forms' menu.
2025-03-27 12:07:42 [main] DEBUG l.i.u.t.SubmittedApplicationsPageTest - Retrieved last description code text: 'TST-VUI-75'.
2025-03-27 12:07:42 [main] DEBUG l.i.u.t.SubmittedApplicationsPageTest - Clicked on 'Invitation' menu.
2025-03-27 12:07:44 [main] DEBUG l.i.u.t.SubmittedApplicationsPageTest - Selected application section by code: 'TST-VUI-75'.
2025-03-27 12:07:44 [main] DEBUG l.i.u.t.SubmittedApplicationsPageTest - Clicked 'Search' button.
2025-03-27 12:07:44 [main] DEBUG l.i.u.t.SubmittedApplicationsPageTest - Retrieved invitation code: ''.
2025-03-27 12:07:44 [main] DEBUG l.i.u.t.SubmittedApplicationsPageTest - Clicked on 'Submitted Applications' menu.
2025-03-27 12:07:46 [main] DEBUG l.i.u.t.SubmittedApplicationsPageTest - Selected invitation by code: 'TST-VUI-75'.
2025-03-27 12:07:46 [main] DEBUG l.i.u.t.SubmittedApplicationsPageTest - Invitation code inserted.
2025-03-27 12:07:46 [main] DEBUG l.i.u.t.SubmittedApplicationsPageTest - Clicked on 'Action Application' button.
2025-03-27 12:07:46 [main] DEBUG l.i.u.t.SubmittedApplicationsPageTest - Clicked on 'New Application' button.
2025-03-27 12:07:47 [main] DEBUG l.i.u.t.SubmittedApplicationsPageTest - Selected the 'RadioButtonFA' option.
2025-03-27 12:07:47 [main] DEBUG l.i.u.t.SubmittedApplicationsPageTest - Entered phone number: '61298745'.
2025-03-27 12:07:47 [main] DEBUG l.i.u.t.SubmittedApplicationsPageTest - Entered email: 'test@autotest.com'.
2025-03-27 12:07:47 [main] INFO  l.i.u.p.SubmittedApplicationsPage - Clicking on the dropdown button.
2025-03-27 12:08:05 [main] INFO  l.i.u.p.SubmittedApplicationsPage - Found 1741 options in the dropdown.
2025-03-27 12:08:05 [main] DEBUG l.i.u.p.SubmittedApplicationsPage - Checking option: ''
2025-03-27 12:08:05 [main] DEBUG l.i.u.p.SubmittedApplicationsPage - Checking option: '01.11 - Grūdinių (išskyrus ryžius), ankštinių ir aliejingų sėklų augalų auginimas'
2025-03-27 12:08:05 [main] INFO  l.i.u.p.SubmittedApplicationsPage - Successfully selected the value: '01.11 - Grūdinių (išskyrus ryžius), ankštinių ir aliejingų sėklų augalų auginimas'
2025-03-27 12:08:05 [main] INFO  l.i.u.p.SubmittedApplicationsPage - Attempting to close the dropdown.
2025-03-27 12:08:06 [main] DEBUG l.i.u.t.SubmittedApplicationsPageTest - Selected EVRK value: '01.11 - Grūdinių (išskyrus ryžius), ankštinių ir aliejingų sėklų augalų auginimas'.
2025-03-27 12:08:06 [main] DEBUG l.i.u.t.SubmittedApplicationsPageTest - Clicked on 'Address Component' button.
2025-03-27 12:08:06 [main] INFO  l.i.u.p.SubmittedApplicationsPage - Located the dropdown button.
2025-03-27 12:08:09 [main] INFO  l.i.u.p.SubmittedApplicationsPage - Successfully selected the value: 'Lietuva'
2025-03-27 12:08:09 [main] DEBUG l.i.u.t.SubmittedApplicationsPageTest - Selected country: 'Lietuva'.
2025-03-27 12:08:09 [main] INFO  l.i.u.p.SubmittedApplicationsPage - Located the dropdown search field.
2025-03-27 12:08:10 [main] INFO  l.i.u.p.SubmittedApplicationsPage - Dropdown city is opened.
2025-03-27 12:08:10 [main] INFO  l.i.u.p.SubmittedApplicationsPage - Searched for value: 'Vilnius'
2025-03-27 12:08:11 [main] INFO  l.i.u.p.SubmittedApplicationsPage - Successfully selected: 'Vilnius'
2025-03-27 12:08:11 [main] INFO  l.i.u.p.SubmittedApplicationsPage - Located the dropdown button.
2025-03-27 12:08:11 [main] INFO  l.i.u.p.SubmittedApplicationsPage - Successfully selected the value: 'A. Domaševičiaus g.'
2025-03-27 12:08:11 [main] DEBUG l.i.u.t.SubmittedApplicationsPageTest - Selected street: 'A. Domaševičiaus g.'.
2025-03-27 12:08:11 [main] INFO  l.i.u.p.SubmittedApplicationsPage - Located the dropdown button.
2025-03-27 12:08:11 [main] INFO  l.i.u.p.SubmittedApplicationsPage - Successfully selected the value: '1'
2025-03-27 12:08:11 [main] DEBUG l.i.u.t.SubmittedApplicationsPageTest - Selected house: '1'.
2025-03-27 12:08:11 [main] INFO  l.i.u.p.SubmittedApplicationsPage - Located the dropdown button.
2025-03-27 12:08:12 [main] INFO  l.i.u.p.SubmittedApplicationsPage - Successfully selected the value: '1'
2025-03-27 12:08:12 [main] DEBUG l.i.u.t.SubmittedApplicationsPageTest - Selected apartment: '1'.
2025-03-27 12:08:12 [main] DEBUG l.i.u.t.SubmittedApplicationsPageTest - Clicked 'Confirm' button.
2025-03-27 12:08:12 [main] DEBUG l.i.u.t.SubmittedApplicationsPageTest - Entered project date.
2025-03-27 12:08:13 [main] DEBUG l.i.u.t.SubmittedApplicationsPageTest - Entered job count: '1'.
2025-03-27 12:08:13 [main] DEBUG l.i.u.t.SubmittedApplicationsPageTest - Clicked 'Next' button.
2025-03-27 12:08:13 [main] INFO  l.i.u.p.SubmittedApplicationsPage - Located the dropdown button.
2025-03-27 12:08:14 [main] INFO  l.i.u.p.SubmittedApplicationsPage - Successfully selected the value: 'Administratoriai'
2025-03-27 12:08:14 [main] DEBUG l.i.u.t.SubmittedApplicationsPageTest - Selected job name: 'Administratoriai'.
2025-03-27 12:08:14 [main] DEBUG l.i.u.t.SubmittedApplicationsPageTest - Entered job function: 'Funkcija 1'.
2025-03-27 12:08:14 [main] DEBUG l.i.u.t.SubmittedApplicationsPageTest - Selected 'RadioButtonWithDisabilities' option.
2025-03-27 12:08:14 [main] INFO  l.i.u.p.SubmittedApplicationsPage - Clicking on the dropdown button.
2025-03-27 12:08:15 [main] INFO  l.i.u.p.SubmittedApplicationsPage - Found 34 options in the dropdown.
2025-03-27 12:08:15 [main] DEBUG l.i.u.p.SubmittedApplicationsPage - Checking option: 'Asmenys, kuriems suteiktas pabėgėlio statusas ar perkeliamojo asmens statusas, arba asmenys, kuriems suteikta papildoma ar laikinoji apsauga, ir asmenys, turintys teisę gauti laikinąją apsaugą, iki sprendimo dėl laikinosios apsaugos suteikimo (nesuteikimo) priėmimo, tačiau ne ilgiau kaip laikinosios apsaugos laikotarpiu'
2025-03-27 12:08:15 [main] DEBUG l.i.u.p.SubmittedApplicationsPage - Checking option: 'Asmenys, kuriems suteiktas pabėgėlio statusas ar perkeliamojo asmens statusas, arba asmenys, kuriems suteikta papildoma ar laikinoji apsauga, ir asmenys, turintys teisę gauti laikinąją apsaugą, iki sprendimo dėl laikinosios apsaugos suteikimo (nesuteikimo) priėmimo, tačiau ne ilgiau kaip laikinosios apsaugos laikotarpiu'
2025-03-27 12:08:15 [main] DEBUG l.i.u.p.SubmittedApplicationsPage - Checking option: 'Asmenys, turintys teisę į papildomas užimtumo garantijas pagal Lietuvos Respublikos valstybės įmonės Ignalinos atominės elektrinės darbuotojų papildomų užimtumo ir socialinių garantijų įstatymą'
2025-03-27 12:08:15 [main] DEBUG l.i.u.p.SubmittedApplicationsPage - Checking option: 'Asmenys, turintys teisę į papildomas užimtumo garantijas pagal Lietuvos Respublikos valstybės įmonės Ignalinos atominės elektrinės darbuotojų papildomų užimtumo ir socialinių garantijų įstatymą'
2025-03-27 12:08:15 [main] DEBUG l.i.u.p.SubmittedApplicationsPage - Checking option: 'Bedarbiai iki 29 metų'
2025-03-27 12:08:15 [main] DEBUG l.i.u.p.SubmittedApplicationsPage - Checking option: 'Bedarbiai iki 29 metų'
2025-03-27 12:08:15 [main] DEBUG l.i.u.p.SubmittedApplicationsPage - Checking option: 'Bedarbiai, kurie yra darbingo amžiaus neįgalieji, kuriems nustatytas 30–40 procentų darbingumo lygis arba vidutinis neįgalumo lygis'
2025-03-27 12:08:15 [main] DEBUG l.i.u.p.SubmittedApplicationsPage - Checking option: 'Bedarbiai, kurie yra darbingo amžiaus neįgalieji, kuriems nustatytas 30–40 procentų darbingumo lygis arba vidutinis neįgalumo lygis'
2025-03-27 12:08:15 [main] DEBUG l.i.u.p.SubmittedApplicationsPage - Checking option: 'Bedarbiai, kurie yra darbingo amžiaus neįgalieji, kuriems nustatytas 45–55 procentų darbingumo lygis arba lengvas neįgalumo lygis'
2025-03-27 12:08:15 [main] DEBUG l.i.u.p.SubmittedApplicationsPage - Checking option: 'Bedarbiai, kurie yra darbingo amžiaus neįgalieji, kuriems nustatytas 45–55 procentų darbingumo lygis arba lengvas neįgalumo lygis'
2025-03-27 12:08:15 [main] DEBUG l.i.u.p.SubmittedApplicationsPage - Checking option: 'Bedarbiai, kurie yra darbingo amžiaus neįgalieji, kuriems nustatytas iki 25 procentų darbingumo lygis arba sunkus neįgalumo lygis'
2025-03-27 12:08:15 [main] INFO  l.i.u.p.SubmittedApplicationsPage - Successfully selected the value: 'Bedarbiai, kurie yra darbingo amžiaus neįgalieji, kuriems nustatytas iki 25 procentų darbingumo lygis arba sunkus neįgalumo lygis'
2025-03-27 12:08:15 [main] INFO  l.i.u.p.SubmittedApplicationsPage - Attempting to close the dropdown.
2025-03-27 12:08:16 [main] DEBUG l.i.u.t.SubmittedApplicationsPageTest - Selected disabilities type: 'Bedarbiai, kurie yra darbingo amžiaus neįgalieji, kuriems nustatytas iki 25 procentų darbingumo lygis arba sunkus neįgalumo lygis'.
2025-03-27 12:08:16 [main] DEBUG l.i.u.t.SubmittedApplicationsPageTest - Entered disability information: 'Negalia 1'.
2025-03-27 12:08:16 [main] INFO  l.i.u.p.SubmittedApplicationsPage - Located the dropdown button.
2025-03-27 12:08:16 [main] INFO  l.i.u.p.SubmittedApplicationsPage - Successfully selected the value: 'Kita'
2025-03-27 12:08:16 [main] DEBUG l.i.u.t.SubmittedApplicationsPageTest - Selected time mode: 'Kita'.
2025-03-27 12:08:17 [main] DEBUG l.i.u.t.SubmittedApplicationsPageTest - Selected time mode other: '6 val. per dieną ir 4 d. per savaitę'.
2025-03-27 12:08:17 [main] DEBUG l.i.u.t.SubmittedApplicationsPageTest - Entered qualification: 'Kvalifikacija 1'.
2025-03-27 12:08:17 [main] DEBUG l.i.u.t.SubmittedApplicationsPageTest - Entered job date.
2025-03-27 12:08:17 [main] DEBUG l.i.u.t.SubmittedApplicationsPageTest - Entered salary amount: '1200'.
2025-03-27 12:08:17 [main] DEBUG l.i.u.t.SubmittedApplicationsPageTest - Entered salary description: 'Užmokestis 1'.
2025-03-27 12:08:18 [main] DEBUG l.i.u.t.SubmittedApplicationsPageTest - Selected 'Temporary Job' radio button.
2025-03-27 12:08:18 [main] DEBUG l.i.u.t.SubmittedApplicationsPageTest - Selected 'Season Job' radio button.
2025-03-27 12:08:18 [main] DEBUG l.i.u.t.SubmittedApplicationsPageTest - Selected 'Energy' radio button.
2025-03-27 12:08:18 [main] DEBUG l.i.u.t.SubmittedApplicationsPageTest - Selected 'Repair' radio button.
2025-03-27 12:08:18 [main] DEBUG l.i.u.t.SubmittedApplicationsPageTest - Entered job description: 'Veikla 1'.
2025-03-27 12:08:19 [main] DEBUG l.i.u.t.SubmittedApplicationsPageTest - Entered process description: 'Procesas 1'.
2025-03-27 12:08:19 [main] DEBUG l.i.u.t.SubmittedApplicationsPageTest - Entered energy information: 'Energija 1'.
2025-03-27 12:08:19 [main] DEBUG l.i.u.t.SubmittedApplicationsPageTest - Entered repair information: 'Remontas 1'.
2025-03-27 12:08:19 [main] DEBUG l.i.u.t.SubmittedApplicationsPageTest - Selected 'PVM' radio button.
2025-03-27 12:08:19 [main] INFO  l.i.u.p.SubmittedApplicationsPage - Located the dropdown button.
2025-03-27 12:08:20 [main] INFO  l.i.u.p.SubmittedApplicationsPage - Successfully selected the value: 'Įsigyti'
2025-03-27 12:08:20 [main] DEBUG l.i.u.t.SubmittedApplicationsPageTest - Selected necessary for job: 'Įsigyti'.
2025-03-27 12:08:20 [main] DEBUG l.i.u.t.SubmittedApplicationsPageTest - Selected tool: 'Darbo priemonė 1'.
2025-03-27 12:08:21 [main] DEBUG l.i.u.t.SubmittedApplicationsPageTest - Selected tool parameter one: 'Darbo priemonės 1 parametras 1'.
2025-03-27 12:08:21 [main] DEBUG l.i.u.t.SubmittedApplicationsPageTest - Selected tool parameter two: 'Darbo priemonės 1 parametras 2'.
2025-03-27 12:08:21 [main] DEBUG l.i.u.t.SubmittedApplicationsPageTest - Selected tool parameter three: 'Darbo priemonės 1 parametras 3'.
2025-03-27 12:08:21 [main] DEBUG l.i.u.t.SubmittedApplicationsPageTest - Entered tool count: '1'.
2025-03-27 12:08:22 [main] DEBUG l.i.u.t.SubmittedApplicationsPageTest - Entered price amount 1: '1000'.
2025-03-27 12:08:24 [main] DEBUG l.i.u.t.SubmittedApplicationsPageTest - Entered own funds amount 1: '800'.
2025-03-27 12:08:26 [main] DEBUG l.i.u.t.SubmittedApplicationsPageTest - Clicked 'Add' button.
2025-03-27 12:08:26 [main] INFO  l.i.u.p.SubmittedApplicationsPage - Located the dropdown button.
2025-03-27 12:08:26 [main] INFO  l.i.u.p.SubmittedApplicationsPage - Successfully selected the value: 'Remontuoti'
2025-03-27 12:08:26 [main] DEBUG l.i.u.t.SubmittedApplicationsPageTest - Selected necessary for job 'to repair': 'Remontuoti'.
2025-03-27 12:08:27 [main] DEBUG l.i.u.t.SubmittedApplicationsPageTest - Selected repair name: 'Remonto pavadinimas 1'.
2025-03-27 12:08:27 [main] DEBUG l.i.u.t.SubmittedApplicationsPageTest - Entered repair information: 'Remonto aprašymas 1'.
2025-03-27 12:08:27 [main] DEBUG l.i.u.t.SubmittedApplicationsPageTest - Entered price amount 2: '1000'.
2025-03-27 12:08:29 [main] DEBUG l.i.u.t.SubmittedApplicationsPageTest - Entered own funds amount 2: '900'.
2025-03-27 12:08:52 [main] ERROR l.i.u.t.SubmittedApplicationsPageTest - Test 'testFillNewVUIApplicationFA' failed with error: Expected condition failed: waiting for Attribute or property 'value' to be '100'. Current value: '140,5' (tried for 10 second(s) with 500 milliseconds interval)
Build info: version: '4.27.0', revision: 'd6e718d134'
System info: os.name: 'Windows 11', os.arch: 'amd64', os.version: '10.0', java.version: '21.0.3'
Driver info: org.openqa.selenium.chrome.ChromeDriver
Capabilities {acceptInsecureCerts: false, browserName: chrome, browserVersion: 134.0.6998.166, chrome: {chromedriverVersion: 134.0.6998.165 (fd886e2cb29..., userDataDir: C:\Users\INGRID~1.ZAD\AppDa...}, fedcm:accounts: true, goog:chromeOptions: {debuggerAddress: localhost:59387}, networkConnectionEnabled: false, pageLoadStrategy: normal, platformName: windows, proxy: Proxy(), se:cdp: ws://localhost:59387/devtoo..., se:cdpVersion: 134.0.6998.166, setWindowRect: true, strictFileInteractability: false, timeouts: {implicit: 0, pageLoad: 300000, script: 30000}, unhandledPromptBehavior: dismiss and notify, webauthn:extension:credBlob: true, webauthn:extension:largeBlob: true, webauthn:extension:minPinLength: true, webauthn:extension:prf: true, webauthn:virtualAuthenticators: true}
Session ID: b4982f2941c0df4c9a88414b610a856a
org.openqa.selenium.TimeoutException: Expected condition failed: waiting for Attribute or property 'value' to be '100'. Current value: '140,5' (tried for 10 second(s) with 500 milliseconds interval)
Build info: version: '4.27.0', revision: 'd6e718d134'
System info: os.name: 'Windows 11', os.arch: 'amd64', os.version: '10.0', java.version: '21.0.3'
Driver info: org.openqa.selenium.chrome.ChromeDriver
Capabilities {acceptInsecureCerts: false, browserName: chrome, browserVersion: 134.0.6998.166, chrome: {chromedriverVersion: 134.0.6998.165 (fd886e2cb29..., userDataDir: C:\Users\INGRID~1.ZAD\AppDa...}, fedcm:accounts: true, goog:chromeOptions: {debuggerAddress: localhost:59387}, networkConnectionEnabled: false, pageLoadStrategy: normal, platformName: windows, proxy: Proxy(), se:cdp: ws://localhost:59387/devtoo..., se:cdpVersion: 134.0.6998.166, setWindowRect: true, strictFileInteractability: false, timeouts: {implicit: 0, pageLoad: 300000, script: 30000}, unhandledPromptBehavior: dismiss and notify, webauthn:extension:credBlob: true, webauthn:extension:largeBlob: true, webauthn:extension:minPinLength: true, webauthn:extension:prf: true, webauthn:virtualAuthenticators: true}
Session ID: b4982f2941c0df4c9a88414b610a856a
	at org.openqa.selenium.support.ui.WebDriverWait.timeoutException(WebDriverWait.java:84)
	at org.openqa.selenium.support.ui.FluentWait.until(FluentWait.java:228)
	at lt.insoft.uztis.tests.SubmittedApplicationsPageTest.testFillNewVUIApplicationFA(SubmittedApplicationsPageTest.java:367)
	at java.base/jdk.internal.reflect.DirectMethodHandleAccessor.invoke(DirectMethodHandleAccessor.java:103)
	at java.base/java.lang.reflect.Method.invoke(Method.java:580)
	at org.junit.platform.commons.util.ReflectionUtils.invokeMethod(ReflectionUtils.java:728)
	at org.junit.jupiter.engine.execution.MethodInvocation.proceed(MethodInvocation.java:60)
	at org.junit.jupiter.engine.execution.InvocationInterceptorChain$ValidatingInvocation.proceed(InvocationInterceptorChain.java:131)
	at org.junit.jupiter.engine.extension.TimeoutExtension.intercept(TimeoutExtension.java:156)
	at org.junit.jupiter.engine.extension.TimeoutExtension.interceptTestableMethod(TimeoutExtension.java:147)
	at org.junit.jupiter.engine.extension.TimeoutExtension.interceptTestMethod(TimeoutExtension.java:86)
	at org.junit.jupiter.engine.execution.InterceptingExecutableInvoker$ReflectiveInterceptorCall.lambda$ofVoidMethod$0(InterceptingExecutableInvoker.java:103)
	at org.junit.jupiter.engine.execution.InterceptingExecutableInvoker.lambda$invoke$0(InterceptingExecutableInvoker.java:93)
	at org.junit.jupiter.engine.execution.InvocationInterceptorChain$InterceptedInvocation.proceed(InvocationInterceptorChain.java:106)
	at org.junit.jupiter.engine.execution.InvocationInterceptorChain.proceed(InvocationInterceptorChain.java:64)
	at org.junit.jupiter.engine.execution.InvocationInterceptorChain.chainAndInvoke(InvocationInterceptorChain.java:45)
	at org.junit.jupiter.engine.execution.InvocationInterceptorChain.invoke(InvocationInterceptorChain.java:37)
	at org.junit.jupiter.engine.execution.InterceptingExecutableInvoker.invoke(InterceptingExecutableInvoker.java:92)
	at org.junit.jupiter.engine.execution.InterceptingExecutableInvoker.invoke(InterceptingExecutableInvoker.java:86)
	at org.junit.jupiter.engine.descriptor.TestMethodTestDescriptor.lambda$invokeTestMethod$7(TestMethodTestDescriptor.java:218)
	at org.junit.platform.engine.support.hierarchical.ThrowableCollector.execute(ThrowableCollector.java:73)
	at org.junit.jupiter.engine.descriptor.TestMethodTestDescriptor.invokeTestMethod(TestMethodTestDescriptor.java:214)
	at org.junit.jupiter.engine.descriptor.TestMethodTestDescriptor.execute(TestMethodTestDescriptor.java:139)
	at org.junit.jupiter.engine.descriptor.TestMethodTestDescriptor.execute(TestMethodTestDescriptor.java:69)
	at org.junit.platform.engine.support.hierarchical.NodeTestTask.lambda$executeRecursively$6(NodeTestTask.java:151)
	at org.junit.platform.engine.support.hierarchical.ThrowableCollector.execute(ThrowableCollector.java:73)
	at org.junit.platform.engine.support.hierarchical.NodeTestTask.lambda$executeRecursively$8(NodeTestTask.java:141)
	at org.junit.platform.engine.support.hierarchical.Node.around(Node.java:137)
	at org.junit.platform.engine.support.hierarchical.NodeTestTask.lambda$executeRecursively$9(NodeTestTask.java:139)
	at org.junit.platform.engine.support.hierarchical.ThrowableCollector.execute(ThrowableCollector.java:73)
	at org.junit.platform.engine.support.hierarchical.NodeTestTask.executeRecursively(NodeTestTask.java:138)
	at org.junit.platform.engine.support.hierarchical.NodeTestTask.execute(NodeTestTask.java:95)
	at java.base/java.util.ArrayList.forEach(ArrayList.java:1596)
	at org.junit.platform.engine.support.hierarchical.SameThreadHierarchicalTestExecutorService.invokeAll(SameThreadHierarchicalTestExecutorService.java:41)
	at org.junit.platform.engine.support.hierarchical.NodeTestTask.lambda$executeRecursively$6(NodeTestTask.java:155)
	at org.junit.platform.engine.support.hierarchical.ThrowableCollector.execute(ThrowableCollector.java:73)
	at org.junit.platform.engine.support.hierarchical.NodeTestTask.lambda$executeRecursively$8(NodeTestTask.java:141)
	at org.junit.platform.engine.support.hierarchical.Node.around(Node.java:137)
	at org.junit.platform.engine.support.hierarchical.NodeTestTask.lambda$executeRecursively$9(NodeTestTask.java:139)
	at org.junit.platform.engine.support.hierarchical.ThrowableCollector.execute(ThrowableCollector.java:73)
	at org.junit.platform.engine.support.hierarchical.NodeTestTask.executeRecursively(NodeTestTask.java:138)
	at org.junit.platform.engine.support.hierarchical.NodeTestTask.execute(NodeTestTask.java:95)
	at java.base/java.util.ArrayList.forEach(ArrayList.java:1596)
	at org.junit.platform.engine.support.hierarchical.SameThreadHierarchicalTestExecutorService.invokeAll(SameThreadHierarchicalTestExecutorService.java:41)
	at org.junit.platform.engine.support.hierarchical.NodeTestTask.lambda$executeRecursively$6(NodeTestTask.java:155)
	at org.junit.platform.engine.support.hierarchical.ThrowableCollector.execute(ThrowableCollector.java:73)
	at org.junit.platform.engine.support.hierarchical.NodeTestTask.lambda$executeRecursively$8(NodeTestTask.java:141)
	at org.junit.platform.engine.support.hierarchical.Node.around(Node.java:137)
	at org.junit.platform.engine.support.hierarchical.NodeTestTask.lambda$executeRecursively$9(NodeTestTask.java:139)
	at org.junit.platform.engine.support.hierarchical.ThrowableCollector.execute(ThrowableCollector.java:73)
	at org.junit.platform.engine.support.hierarchical.NodeTestTask.executeRecursively(NodeTestTask.java:138)
	at org.junit.platform.engine.support.hierarchical.NodeTestTask.execute(NodeTestTask.java:95)
	at org.junit.platform.engine.support.hierarchical.SameThreadHierarchicalTestExecutorService.submit(SameThreadHierarchicalTestExecutorService.java:35)
	at org.junit.platform.engine.support.hierarchical.HierarchicalTestExecutor.execute(HierarchicalTestExecutor.java:57)
	at org.junit.platform.engine.support.hierarchical.HierarchicalTestEngine.execute(HierarchicalTestEngine.java:54)
	at org.junit.platform.launcher.core.EngineExecutionOrchestrator.execute(EngineExecutionOrchestrator.java:198)
	at org.junit.platform.launcher.core.EngineExecutionOrchestrator.execute(EngineExecutionOrchestrator.java:169)
	at org.junit.platform.launcher.core.EngineExecutionOrchestrator.execute(EngineExecutionOrchestrator.java:93)
	at org.junit.platform.launcher.core.EngineExecutionOrchestrator.lambda$execute$0(EngineExecutionOrchestrator.java:58)
	at org.junit.platform.launcher.core.EngineExecutionOrchestrator.withInterceptedStreams(EngineExecutionOrchestrator.java:141)
	at org.junit.platform.launcher.core.EngineExecutionOrchestrator.execute(EngineExecutionOrchestrator.java:57)
	at org.junit.platform.launcher.core.DefaultLauncher.execute(DefaultLauncher.java:103)
	at org.junit.platform.launcher.core.DefaultLauncher.execute(DefaultLauncher.java:85)
	at org.junit.platform.launcher.core.DelegatingLauncher.execute(DelegatingLauncher.java:47)
	at org.junit.platform.launcher.core.SessionPerRequestLauncher.execute(SessionPerRequestLauncher.java:63)
	at com.intellij.junit5.JUnit5IdeaTestRunner.startRunnerWithArgs(JUnit5IdeaTestRunner.java:57)
	at com.intellij.rt.junit.IdeaTestRunner$Repeater$1.execute(IdeaTestRunner.java:38)
	at com.intellij.rt.execution.junit.TestsRepeater.repeat(TestsRepeater.java:11)
	at com.intellij.rt.junit.IdeaTestRunner$Repeater.startRunnerWithArgs(IdeaTestRunner.java:35)
	at com.intellij.rt.junit.JUnitStarter.prepareStreamsAndStart(JUnitStarter.java:232)
	at com.intellij.rt.junit.JUnitStarter.main(JUnitStarter.java:55)
2025-03-27 12:08:52 [main] INFO  l.insoft.uztis.tests.utils.TestUtils - Screenshot moved to C:\Users\ingrida.zadorozniene\Desktop\Asm\UZTIS\UZTIS_tests\test-output\screenshots\20250327\120852425_testFillNewVUIApplicationFA().png
2025-03-27 12:10:16 [main] INFO  lt.insoft.uztis.tests.UztisPageTest - Navigated to https://uztisdev.asseco.lt/home
2025-03-27 12:10:17 [main] INFO  l.i.u.t.SubmittedApplicationsPageTest - Starting test:'testFillNewVUIPApplicationFA'
2025-03-27 12:10:17 [main] DEBUG l.i.u.t.SubmittedApplicationsPageTest - User logged in with test credentials.
2025-03-27 12:10:17 [main] DEBUG l.i.u.t.SubmittedApplicationsPageTest - Opened 'Application Processing' menu.
2025-03-27 12:10:17 [main] DEBUG l.i.u.t.SubmittedApplicationsPageTest - Clicked on 'Application Forms' menu.
2025-03-27 12:10:18 [main] DEBUG l.i.u.t.SubmittedApplicationsPageTest - Retrieved last description code text: 'TST-VUI-75'.
2025-03-27 12:10:18 [main] DEBUG l.i.u.t.SubmittedApplicationsPageTest - Clicked on 'Invitation' menu.
2025-03-27 12:10:19 [main] DEBUG l.i.u.t.SubmittedApplicationsPageTest - Selected application section by code: 'TST-VUI-75'.
2025-03-27 12:10:19 [main] DEBUG l.i.u.t.SubmittedApplicationsPageTest - Clicked 'Search' button.
2025-03-27 12:10:19 [main] DEBUG l.i.u.t.SubmittedApplicationsPageTest - Retrieved invitation code: ''.
2025-03-27 12:10:20 [main] DEBUG l.i.u.t.SubmittedApplicationsPageTest - Clicked on 'Submitted Applications' menu.
2025-03-27 12:10:21 [main] DEBUG l.i.u.t.SubmittedApplicationsPageTest - Selected invitation by code: 'TST-VUI-75'.
2025-03-27 12:10:21 [main] DEBUG l.i.u.t.SubmittedApplicationsPageTest - Invitation code inserted.
2025-03-27 12:10:21 [main] DEBUG l.i.u.t.SubmittedApplicationsPageTest - Clicked on 'Action Application' button.
2025-03-27 12:10:21 [main] DEBUG l.i.u.t.SubmittedApplicationsPageTest - Clicked on 'New Application' button.
2025-03-27 12:10:22 [main] DEBUG l.i.u.t.SubmittedApplicationsPageTest - Selected the 'RadioButtonFA' option.
2025-03-27 12:10:22 [main] DEBUG l.i.u.t.SubmittedApplicationsPageTest - Entered phone number: '61298745'.
2025-03-27 12:10:22 [main] DEBUG l.i.u.t.SubmittedApplicationsPageTest - Entered email: 'test@autotest.com'.
2025-03-27 12:10:22 [main] INFO  l.i.u.p.SubmittedApplicationsPage - Clicking on the dropdown button.
2025-03-27 12:10:39 [main] INFO  l.i.u.p.SubmittedApplicationsPage - Found 1741 options in the dropdown.
2025-03-27 12:10:39 [main] DEBUG l.i.u.p.SubmittedApplicationsPage - Checking option: ''
2025-03-27 12:10:39 [main] DEBUG l.i.u.p.SubmittedApplicationsPage - Checking option: '01.11 - Grūdinių (išskyrus ryžius), ankštinių ir aliejingų sėklų augalų auginimas'
2025-03-27 12:10:39 [main] INFO  l.i.u.p.SubmittedApplicationsPage - Successfully selected the value: '01.11 - Grūdinių (išskyrus ryžius), ankštinių ir aliejingų sėklų augalų auginimas'
2025-03-27 12:10:39 [main] INFO  l.i.u.p.SubmittedApplicationsPage - Attempting to close the dropdown.
2025-03-27 12:10:40 [main] DEBUG l.i.u.t.SubmittedApplicationsPageTest - Selected EVRK value: '01.11 - Grūdinių (išskyrus ryžius), ankštinių ir aliejingų sėklų augalų auginimas'.
2025-03-27 12:10:40 [main] DEBUG l.i.u.t.SubmittedApplicationsPageTest - Clicked on 'Address Component' button.
2025-03-27 12:10:40 [main] INFO  l.i.u.p.SubmittedApplicationsPage - Located the dropdown button.
2025-03-27 12:10:44 [main] INFO  l.i.u.p.SubmittedApplicationsPage - Successfully selected the value: 'Lietuva'
2025-03-27 12:10:44 [main] DEBUG l.i.u.t.SubmittedApplicationsPageTest - Selected country: 'Lietuva'.
2025-03-27 12:10:44 [main] INFO  l.i.u.p.SubmittedApplicationsPage - Located the dropdown search field.
2025-03-27 12:10:44 [main] INFO  l.i.u.p.SubmittedApplicationsPage - Dropdown city is opened.
2025-03-27 12:10:44 [main] INFO  l.i.u.p.SubmittedApplicationsPage - Searched for value: 'Vilnius'
2025-03-27 12:10:45 [main] INFO  l.i.u.p.SubmittedApplicationsPage - Successfully selected: 'Vilnius'
2025-03-27 12:10:45 [main] INFO  l.i.u.p.SubmittedApplicationsPage - Located the dropdown button.
2025-03-27 12:10:45 [main] INFO  l.i.u.p.SubmittedApplicationsPage - Successfully selected the value: 'A. Domaševičiaus g.'
2025-03-27 12:10:45 [main] DEBUG l.i.u.t.SubmittedApplicationsPageTest - Selected street: 'A. Domaševičiaus g.'.
2025-03-27 12:10:45 [main] INFO  l.i.u.p.SubmittedApplicationsPage - Located the dropdown button.
2025-03-27 12:10:46 [main] INFO  l.i.u.p.SubmittedApplicationsPage - Successfully selected the value: '1'
2025-03-27 12:10:46 [main] DEBUG l.i.u.t.SubmittedApplicationsPageTest - Selected house: '1'.
2025-03-27 12:10:46 [main] INFO  l.i.u.p.SubmittedApplicationsPage - Located the dropdown button.
2025-03-27 12:10:46 [main] INFO  l.i.u.p.SubmittedApplicationsPage - Successfully selected the value: '1'
2025-03-27 12:10:46 [main] DEBUG l.i.u.t.SubmittedApplicationsPageTest - Selected apartment: '1'.
2025-03-27 12:10:46 [main] DEBUG l.i.u.t.SubmittedApplicationsPageTest - Clicked 'Confirm' button.
2025-03-27 12:10:46 [main] DEBUG l.i.u.t.SubmittedApplicationsPageTest - Entered project date.
2025-03-27 12:10:46 [main] DEBUG l.i.u.t.SubmittedApplicationsPageTest - Entered job count: '1'.
2025-03-27 12:10:47 [main] DEBUG l.i.u.t.SubmittedApplicationsPageTest - Clicked 'Next' button.
2025-03-27 12:10:47 [main] INFO  l.i.u.p.SubmittedApplicationsPage - Located the dropdown button.
2025-03-27 12:10:48 [main] INFO  l.i.u.p.SubmittedApplicationsPage - Successfully selected the value: 'Administratoriai'
2025-03-27 12:10:48 [main] DEBUG l.i.u.t.SubmittedApplicationsPageTest - Selected job name: 'Administratoriai'.
2025-03-27 12:10:48 [main] DEBUG l.i.u.t.SubmittedApplicationsPageTest - Entered job function: 'Funkcija 1'.
2025-03-27 12:10:48 [main] DEBUG l.i.u.t.SubmittedApplicationsPageTest - Selected 'RadioButtonWithDisabilities' option.
2025-03-27 12:10:48 [main] INFO  l.i.u.p.SubmittedApplicationsPage - Clicking on the dropdown button.
2025-03-27 12:10:49 [main] INFO  l.i.u.p.SubmittedApplicationsPage - Found 34 options in the dropdown.
2025-03-27 12:10:49 [main] DEBUG l.i.u.p.SubmittedApplicationsPage - Checking option: 'Asmenys, kuriems suteiktas pabėgėlio statusas ar perkeliamojo asmens statusas, arba asmenys, kuriems suteikta papildoma ar laikinoji apsauga, ir asmenys, turintys teisę gauti laikinąją apsaugą, iki sprendimo dėl laikinosios apsaugos suteikimo (nesuteikimo) priėmimo, tačiau ne ilgiau kaip laikinosios apsaugos laikotarpiu'
2025-03-27 12:10:49 [main] DEBUG l.i.u.p.SubmittedApplicationsPage - Checking option: 'Asmenys, kuriems suteiktas pabėgėlio statusas ar perkeliamojo asmens statusas, arba asmenys, kuriems suteikta papildoma ar laikinoji apsauga, ir asmenys, turintys teisę gauti laikinąją apsaugą, iki sprendimo dėl laikinosios apsaugos suteikimo (nesuteikimo) priėmimo, tačiau ne ilgiau kaip laikinosios apsaugos laikotarpiu'
2025-03-27 12:10:49 [main] DEBUG l.i.u.p.SubmittedApplicationsPage - Checking option: 'Asmenys, turintys teisę į papildomas užimtumo garantijas pagal Lietuvos Respublikos valstybės įmonės Ignalinos atominės elektrinės darbuotojų papildomų užimtumo ir socialinių garantijų įstatymą'
2025-03-27 12:10:49 [main] DEBUG l.i.u.p.SubmittedApplicationsPage - Checking option: 'Asmenys, turintys teisę į papildomas užimtumo garantijas pagal Lietuvos Respublikos valstybės įmonės Ignalinos atominės elektrinės darbuotojų papildomų užimtumo ir socialinių garantijų įstatymą'
2025-03-27 12:10:49 [main] DEBUG l.i.u.p.SubmittedApplicationsPage - Checking option: 'Bedarbiai iki 29 metų'
2025-03-27 12:10:49 [main] DEBUG l.i.u.p.SubmittedApplicationsPage - Checking option: 'Bedarbiai iki 29 metų'
2025-03-27 12:10:49 [main] DEBUG l.i.u.p.SubmittedApplicationsPage - Checking option: 'Bedarbiai, kurie yra darbingo amžiaus neįgalieji, kuriems nustatytas 30–40 procentų darbingumo lygis arba vidutinis neįgalumo lygis'
2025-03-27 12:10:49 [main] DEBUG l.i.u.p.SubmittedApplicationsPage - Checking option: 'Bedarbiai, kurie yra darbingo amžiaus neįgalieji, kuriems nustatytas 30–40 procentų darbingumo lygis arba vidutinis neįgalumo lygis'
2025-03-27 12:10:49 [main] DEBUG l.i.u.p.SubmittedApplicationsPage - Checking option: 'Bedarbiai, kurie yra darbingo amžiaus neįgalieji, kuriems nustatytas 45–55 procentų darbingumo lygis arba lengvas neįgalumo lygis'
2025-03-27 12:10:49 [main] DEBUG l.i.u.p.SubmittedApplicationsPage - Checking option: 'Bedarbiai, kurie yra darbingo amžiaus neįgalieji, kuriems nustatytas 45–55 procentų darbingumo lygis arba lengvas neįgalumo lygis'
2025-03-27 12:10:49 [main] DEBUG l.i.u.p.SubmittedApplicationsPage - Checking option: 'Bedarbiai, kurie yra darbingo amžiaus neįgalieji, kuriems nustatytas iki 25 procentų darbingumo lygis arba sunkus neįgalumo lygis'
2025-03-27 12:10:49 [main] INFO  l.i.u.p.SubmittedApplicationsPage - Successfully selected the value: 'Bedarbiai, kurie yra darbingo amžiaus neįgalieji, kuriems nustatytas iki 25 procentų darbingumo lygis arba sunkus neįgalumo lygis'
2025-03-27 12:10:49 [main] INFO  l.i.u.p.SubmittedApplicationsPage - Attempting to close the dropdown.
2025-03-27 12:10:50 [main] DEBUG l.i.u.t.SubmittedApplicationsPageTest - Selected disabilities type: 'Bedarbiai, kurie yra darbingo amžiaus neįgalieji, kuriems nustatytas iki 25 procentų darbingumo lygis arba sunkus neįgalumo lygis'.
2025-03-27 12:10:50 [main] DEBUG l.i.u.t.SubmittedApplicationsPageTest - Entered disability information: 'Negalia 1'.
2025-03-27 12:10:50 [main] INFO  l.i.u.p.SubmittedApplicationsPage - Located the dropdown button.
2025-03-27 12:10:50 [main] INFO  l.i.u.p.SubmittedApplicationsPage - Successfully selected the value: 'Kita'
2025-03-27 12:10:50 [main] DEBUG l.i.u.t.SubmittedApplicationsPageTest - Selected time mode: 'Kita'.
2025-03-27 12:10:51 [main] DEBUG l.i.u.t.SubmittedApplicationsPageTest - Selected time mode other: '6 val. per dieną ir 4 d. per savaitę'.
2025-03-27 12:10:51 [main] DEBUG l.i.u.t.SubmittedApplicationsPageTest - Entered qualification: 'Kvalifikacija 1'.
2025-03-27 12:10:51 [main] DEBUG l.i.u.t.SubmittedApplicationsPageTest - Entered job date.
2025-03-27 12:10:51 [main] DEBUG l.i.u.t.SubmittedApplicationsPageTest - Entered salary amount: '1200'.
2025-03-27 12:10:52 [main] DEBUG l.i.u.t.SubmittedApplicationsPageTest - Entered salary description: 'Užmokestis 1'.
2025-03-27 12:10:52 [main] DEBUG l.i.u.t.SubmittedApplicationsPageTest - Selected 'Temporary Job' radio button.
2025-03-27 12:10:52 [main] DEBUG l.i.u.t.SubmittedApplicationsPageTest - Selected 'Season Job' radio button.
2025-03-27 12:10:52 [main] DEBUG l.i.u.t.SubmittedApplicationsPageTest - Selected 'Energy' radio button.
2025-03-27 12:10:52 [main] DEBUG l.i.u.t.SubmittedApplicationsPageTest - Selected 'Repair' radio button.
2025-03-27 12:10:53 [main] DEBUG l.i.u.t.SubmittedApplicationsPageTest - Entered job description: 'Veikla 1'.
2025-03-27 12:10:53 [main] DEBUG l.i.u.t.SubmittedApplicationsPageTest - Entered process description: 'Procesas 1'.
2025-03-27 12:10:53 [main] DEBUG l.i.u.t.SubmittedApplicationsPageTest - Entered energy information: 'Energija 1'.
2025-03-27 12:10:53 [main] DEBUG l.i.u.t.SubmittedApplicationsPageTest - Entered repair information: 'Remontas 1'.
2025-03-27 12:10:53 [main] DEBUG l.i.u.t.SubmittedApplicationsPageTest - Selected 'PVM' radio button.
2025-03-27 12:10:53 [main] INFO  l.i.u.p.SubmittedApplicationsPage - Located the dropdown button.
2025-03-27 12:10:54 [main] INFO  l.i.u.p.SubmittedApplicationsPage - Successfully selected the value: 'Įsigyti'
2025-03-27 12:10:54 [main] DEBUG l.i.u.t.SubmittedApplicationsPageTest - Selected necessary for job: 'Įsigyti'.
2025-03-27 12:10:55 [main] DEBUG l.i.u.t.SubmittedApplicationsPageTest - Selected tool: 'Darbo priemonė 1'.
2025-03-27 12:10:55 [main] DEBUG l.i.u.t.SubmittedApplicationsPageTest - Selected tool parameter one: 'Darbo priemonės 1 parametras 1'.
2025-03-27 12:10:55 [main] DEBUG l.i.u.t.SubmittedApplicationsPageTest - Selected tool parameter two: 'Darbo priemonės 1 parametras 2'.
2025-03-27 12:10:55 [main] DEBUG l.i.u.t.SubmittedApplicationsPageTest - Selected tool parameter three: 'Darbo priemonės 1 parametras 3'.
2025-03-27 12:10:56 [main] DEBUG l.i.u.t.SubmittedApplicationsPageTest - Entered tool count: '1'.
2025-03-27 12:10:56 [main] DEBUG l.i.u.t.SubmittedApplicationsPageTest - Entered price amount 1: '1000'.
2025-03-27 12:10:58 [main] DEBUG l.i.u.t.SubmittedApplicationsPageTest - Entered own funds amount 1: '800'.
2025-03-27 12:11:00 [main] DEBUG l.i.u.t.SubmittedApplicationsPageTest - Clicked 'Add' button.
2025-03-27 12:11:00 [main] INFO  l.i.u.p.SubmittedApplicationsPage - Located the dropdown button.
2025-03-27 12:11:01 [main] INFO  l.i.u.p.SubmittedApplicationsPage - Successfully selected the value: 'Remontuoti'
2025-03-27 12:11:01 [main] DEBUG l.i.u.t.SubmittedApplicationsPageTest - Selected necessary for job 'to repair': 'Remontuoti'.
2025-03-27 12:11:01 [main] DEBUG l.i.u.t.SubmittedApplicationsPageTest - Selected repair name: 'Remonto pavadinimas 1'.
2025-03-27 12:11:01 [main] DEBUG l.i.u.t.SubmittedApplicationsPageTest - Entered repair information: 'Remonto aprašymas 1'.
2025-03-27 12:11:01 [main] DEBUG l.i.u.t.SubmittedApplicationsPageTest - Entered price amount 2: '1000'.
2025-03-27 12:11:04 [main] DEBUG l.i.u.t.SubmittedApplicationsPageTest - Entered own funds amount 2: '900'.
2025-03-27 12:11:06 [main] DEBUG l.i.u.t.SubmittedApplicationsPageTest - Entered country percentage: '50'.
2025-03-27 12:11:06 [main] DEBUG l.i.u.t.SubmittedApplicationsPageTest - Entered institution percentage: '50'.
2025-03-27 12:11:06 [main] DEBUG l.i.u.t.SubmittedApplicationsPageTest - Entered municipality percentage: '50'.
2025-03-27 12:11:06 [main] DEBUG l.i.u.t.SubmittedApplicationsPageTest - Selected 'De Minimis' radio button.
2025-03-27 12:11:06 [main] DEBUG l.i.u.t.SubmittedApplicationsPageTest - Entered program name: 'Programa 1'.
2025-03-27 12:11:06 [main] DEBUG l.i.u.t.SubmittedApplicationsPageTest - Entered project date from.
2025-03-27 12:11:07 [main] DEBUG l.i.u.t.SubmittedApplicationsPageTest - Entered project date until.
2025-03-27 12:11:07 [main] DEBUG l.i.u.t.SubmittedApplicationsPageTest - Entered support amount: '2000'.
2025-03-27 12:11:07 [main] DEBUG l.i.u.t.SubmittedApplicationsPageTest - Clicked 'Next' button.
2025-03-27 12:11:17 [main] DEBUG l.i.u.t.SubmittedApplicationsPageTest - Checked 'Legal Entities' checkbox 1.
2025-03-27 12:11:27 [main] DEBUG l.i.u.t.SubmittedApplicationsPageTest - Checked 'Legal Entities' checkbox 2.
2025-03-27 12:11:37 [main] DEBUG l.i.u.t.SubmittedApplicationsPageTest - Checked 'Legal Entities' checkbox 3.
2025-03-27 12:11:37 [main] DEBUG l.i.u.t.SubmittedApplicationsPageTest - Test finished: All 'Legal Entities' checkboxes checked successfully.
2025-03-27 12:11:37 [main] DEBUG l.i.u.t.SubmittedApplicationsPageTest - Clicked 'Next' button after checkboxes.
2025-03-27 12:11:48 [main] ERROR l.i.u.p.SubmittedApplicationsPage - Error selecting radio button: Expected condition failed: waiting for element to be clickable: By.xpath: (//input[@type='radio' and @value='false'])[8] (tried for 10 second(s) with 500 milliseconds interval)
Build info: version: '4.27.0', revision: 'd6e718d134'
System info: os.name: 'Windows 11', os.arch: 'amd64', os.version: '10.0', java.version: '21.0.3'
Driver info: org.openqa.selenium.chrome.ChromeDriver
Capabilities {acceptInsecureCerts: false, browserName: chrome, browserVersion: 134.0.6998.166, chrome: {chromedriverVersion: 134.0.6998.165 (fd886e2cb29..., userDataDir: C:\Users\INGRID~1.ZAD\AppDa...}, fedcm:accounts: true, goog:chromeOptions: {debuggerAddress: localhost:59503}, networkConnectionEnabled: false, pageLoadStrategy: normal, platformName: windows, proxy: Proxy(), se:cdp: ws://localhost:59503/devtoo..., se:cdpVersion: 134.0.6998.166, setWindowRect: true, strictFileInteractability: false, timeouts: {implicit: 0, pageLoad: 300000, script: 30000}, unhandledPromptBehavior: dismiss and notify, webauthn:extension:credBlob: true, webauthn:extension:largeBlob: true, webauthn:extension:minPinLength: true, webauthn:extension:prf: true, webauthn:virtualAuthenticators: true}
Session ID: 05a8acb912d32a587c52415e35f7313d
2025-03-27 12:11:48 [main] INFO  l.i.u.t.SubmittedApplicationsPageTest - Marking 'Ne' radio button 1
2025-03-27 12:11:58 [main] ERROR l.i.u.p.SubmittedApplicationsPage - Error selecting radio button: Expected condition failed: waiting for element to be clickable: By.xpath: (//input[@type='radio' and @value='false'])[9] (tried for 10 second(s) with 500 milliseconds interval)
Build info: version: '4.27.0', revision: 'd6e718d134'
System info: os.name: 'Windows 11', os.arch: 'amd64', os.version: '10.0', java.version: '21.0.3'
Driver info: org.openqa.selenium.chrome.ChromeDriver
Capabilities {acceptInsecureCerts: false, browserName: chrome, browserVersion: 134.0.6998.166, chrome: {chromedriverVersion: 134.0.6998.165 (fd886e2cb29..., userDataDir: C:\Users\INGRID~1.ZAD\AppDa...}, fedcm:accounts: true, goog:chromeOptions: {debuggerAddress: localhost:59503}, networkConnectionEnabled: false, pageLoadStrategy: normal, platformName: windows, proxy: Proxy(), se:cdp: ws://localhost:59503/devtoo..., se:cdpVersion: 134.0.6998.166, setWindowRect: true, strictFileInteractability: false, timeouts: {implicit: 0, pageLoad: 300000, script: 30000}, unhandledPromptBehavior: dismiss and notify, webauthn:extension:credBlob: true, webauthn:extension:largeBlob: true, webauthn:extension:minPinLength: true, webauthn:extension:prf: true, webauthn:virtualAuthenticators: true}
Session ID: 05a8acb912d32a587c52415e35f7313d
2025-03-27 12:11:58 [main] INFO  l.i.u.t.SubmittedApplicationsPageTest - Marking 'Ne' radio button 2
2025-03-27 12:12:08 [main] ERROR l.i.u.p.SubmittedApplicationsPage - Error selecting radio button: Expected condition failed: waiting for element to be clickable: By.xpath: (//input[@type='radio' and @value='false'])[10] (tried for 10 second(s) with 500 milliseconds interval)
Build info: version: '4.27.0', revision: 'd6e718d134'
System info: os.name: 'Windows 11', os.arch: 'amd64', os.version: '10.0', java.version: '21.0.3'
Driver info: org.openqa.selenium.chrome.ChromeDriver
Capabilities {acceptInsecureCerts: false, browserName: chrome, browserVersion: 134.0.6998.166, chrome: {chromedriverVersion: 134.0.6998.165 (fd886e2cb29..., userDataDir: C:\Users\INGRID~1.ZAD\AppDa...}, fedcm:accounts: true, goog:chromeOptions: {debuggerAddress: localhost:59503}, networkConnectionEnabled: false, pageLoadStrategy: normal, platformName: windows, proxy: Proxy(), se:cdp: ws://localhost:59503/devtoo..., se:cdpVersion: 134.0.6998.166, setWindowRect: true, strictFileInteractability: false, timeouts: {implicit: 0, pageLoad: 300000, script: 30000}, unhandledPromptBehavior: dismiss and notify, webauthn:extension:credBlob: true, webauthn:extension:largeBlob: true, webauthn:extension:minPinLength: true, webauthn:extension:prf: true, webauthn:virtualAuthenticators: true}
Session ID: 05a8acb912d32a587c52415e35f7313d
2025-03-27 12:12:08 [main] INFO  l.i.u.t.SubmittedApplicationsPageTest - Marking 'Ne' radio button 3
2025-03-27 12:12:18 [main] ERROR l.i.u.p.SubmittedApplicationsPage - Error selecting radio button: Expected condition failed: waiting for element to be clickable: By.xpath: (//input[@type='radio' and @value='false'])[11] (tried for 10 second(s) with 500 milliseconds interval)
Build info: version: '4.27.0', revision: 'd6e718d134'
System info: os.name: 'Windows 11', os.arch: 'amd64', os.version: '10.0', java.version: '21.0.3'
Driver info: org.openqa.selenium.chrome.ChromeDriver
Capabilities {acceptInsecureCerts: false, browserName: chrome, browserVersion: 134.0.6998.166, chrome: {chromedriverVersion: 134.0.6998.165 (fd886e2cb29..., userDataDir: C:\Users\INGRID~1.ZAD\AppDa...}, fedcm:accounts: true, goog:chromeOptions: {debuggerAddress: localhost:59503}, networkConnectionEnabled: false, pageLoadStrategy: normal, platformName: windows, proxy: Proxy(), se:cdp: ws://localhost:59503/devtoo..., se:cdpVersion: 134.0.6998.166, setWindowRect: true, strictFileInteractability: false, timeouts: {implicit: 0, pageLoad: 300000, script: 30000}, unhandledPromptBehavior: dismiss and notify, webauthn:extension:credBlob: true, webauthn:extension:largeBlob: true, webauthn:extension:minPinLength: true, webauthn:extension:prf: true, webauthn:virtualAuthenticators: true}
Session ID: 05a8acb912d32a587c52415e35f7313d
2025-03-27 12:12:18 [main] INFO  l.i.u.t.SubmittedApplicationsPageTest - Marking 'Ne' radio button 4
2025-03-27 12:12:28 [main] ERROR l.i.u.p.SubmittedApplicationsPage - Error selecting radio button: Expected condition failed: waiting for element to be clickable: By.xpath: (//input[@type='radio' and @value='false'])[12] (tried for 10 second(s) with 500 milliseconds interval)
Build info: version: '4.27.0', revision: 'd6e718d134'
System info: os.name: 'Windows 11', os.arch: 'amd64', os.version: '10.0', java.version: '21.0.3'
Driver info: org.openqa.selenium.chrome.ChromeDriver
Capabilities {acceptInsecureCerts: false, browserName: chrome, browserVersion: 134.0.6998.166, chrome: {chromedriverVersion: 134.0.6998.165 (fd886e2cb29..., userDataDir: C:\Users\INGRID~1.ZAD\AppDa...}, fedcm:accounts: true, goog:chromeOptions: {debuggerAddress: localhost:59503}, networkConnectionEnabled: false, pageLoadStrategy: normal, platformName: windows, proxy: Proxy(), se:cdp: ws://localhost:59503/devtoo..., se:cdpVersion: 134.0.6998.166, setWindowRect: true, strictFileInteractability: false, timeouts: {implicit: 0, pageLoad: 300000, script: 30000}, unhandledPromptBehavior: dismiss and notify, webauthn:extension:credBlob: true, webauthn:extension:largeBlob: true, webauthn:extension:minPinLength: true, webauthn:extension:prf: true, webauthn:virtualAuthenticators: true}
Session ID: 05a8acb912d32a587c52415e35f7313d
2025-03-27 12:12:28 [main] INFO  l.i.u.t.SubmittedApplicationsPageTest - Marking 'Ne' radio button 5
2025-03-27 12:12:39 [main] ERROR l.i.u.p.SubmittedApplicationsPage - Error selecting radio button: Expected condition failed: waiting for element to be clickable: By.xpath: (//input[@type='radio' and @value='false'])[13] (tried for 10 second(s) with 500 milliseconds interval)
Build info: version: '4.27.0', revision: 'd6e718d134'
System info: os.name: 'Windows 11', os.arch: 'amd64', os.version: '10.0', java.version: '21.0.3'
Driver info: org.openqa.selenium.chrome.ChromeDriver
Capabilities {acceptInsecureCerts: false, browserName: chrome, browserVersion: 134.0.6998.166, chrome: {chromedriverVersion: 134.0.6998.165 (fd886e2cb29..., userDataDir: C:\Users\INGRID~1.ZAD\AppDa...}, fedcm:accounts: true, goog:chromeOptions: {debuggerAddress: localhost:59503}, networkConnectionEnabled: false, pageLoadStrategy: normal, platformName: windows, proxy: Proxy(), se:cdp: ws://localhost:59503/devtoo..., se:cdpVersion: 134.0.6998.166, setWindowRect: true, strictFileInteractability: false, timeouts: {implicit: 0, pageLoad: 300000, script: 30000}, unhandledPromptBehavior: dismiss and notify, webauthn:extension:credBlob: true, webauthn:extension:largeBlob: true, webauthn:extension:minPinLength: true, webauthn:extension:prf: true, webauthn:virtualAuthenticators: true}
Session ID: 05a8acb912d32a587c52415e35f7313d
2025-03-27 12:12:39 [main] INFO  l.i.u.t.SubmittedApplicationsPageTest - Marking 'Ne' radio button 6
2025-03-27 12:12:49 [main] ERROR l.i.u.p.SubmittedApplicationsPage - Error selecting radio button: Expected condition failed: waiting for element to be clickable: By.xpath: (//input[@type='radio' and @value='true'])[14] (tried for 10 second(s) with 500 milliseconds interval)
Build info: version: '4.27.0', revision: 'd6e718d134'
System info: os.name: 'Windows 11', os.arch: 'amd64', os.version: '10.0', java.version: '21.0.3'
Driver info: org.openqa.selenium.chrome.ChromeDriver
Capabilities {acceptInsecureCerts: false, browserName: chrome, browserVersion: 134.0.6998.166, chrome: {chromedriverVersion: 134.0.6998.165 (fd886e2cb29..., userDataDir: C:\Users\INGRID~1.ZAD\AppDa...}, fedcm:accounts: true, goog:chromeOptions: {debuggerAddress: localhost:59503}, networkConnectionEnabled: false, pageLoadStrategy: normal, platformName: windows, proxy: Proxy(), se:cdp: ws://localhost:59503/devtoo..., se:cdpVersion: 134.0.6998.166, setWindowRect: true, strictFileInteractability: false, timeouts: {implicit: 0, pageLoad: 300000, script: 30000}, unhandledPromptBehavior: dismiss and notify, webauthn:extension:credBlob: true, webauthn:extension:largeBlob: true, webauthn:extension:minPinLength: true, webauthn:extension:prf: true, webauthn:virtualAuthenticators: true}
Session ID: 05a8acb912d32a587c52415e35f7313d
2025-03-27 12:12:49 [main] INFO  l.i.u.t.SubmittedApplicationsPageTest - Marking 'Taip' radio button 7
2025-03-27 12:12:59 [main] ERROR l.i.u.p.SubmittedApplicationsPage - Error selecting radio button: Expected condition failed: waiting for element to be clickable: By.xpath: (//input[@type='radio' and @value='true'])[15] (tried for 10 second(s) with 500 milliseconds interval)
Build info: version: '4.27.0', revision: 'd6e718d134'
System info: os.name: 'Windows 11', os.arch: 'amd64', os.version: '10.0', java.version: '21.0.3'
Driver info: org.openqa.selenium.chrome.ChromeDriver
Capabilities {acceptInsecureCerts: false, browserName: chrome, browserVersion: 134.0.6998.166, chrome: {chromedriverVersion: 134.0.6998.165 (fd886e2cb29..., userDataDir: C:\Users\INGRID~1.ZAD\AppDa...}, fedcm:accounts: true, goog:chromeOptions: {debuggerAddress: localhost:59503}, networkConnectionEnabled: false, pageLoadStrategy: normal, platformName: windows, proxy: Proxy(), se:cdp: ws://localhost:59503/devtoo..., se:cdpVersion: 134.0.6998.166, setWindowRect: true, strictFileInteractability: false, timeouts: {implicit: 0, pageLoad: 300000, script: 30000}, unhandledPromptBehavior: dismiss and notify, webauthn:extension:credBlob: true, webauthn:extension:largeBlob: true, webauthn:extension:minPinLength: true, webauthn:extension:prf: true, webauthn:virtualAuthenticators: true}
Session ID: 05a8acb912d32a587c52415e35f7313d
2025-03-27 12:12:59 [main] INFO  l.i.u.t.SubmittedApplicationsPageTest - Marking 'Taip' radio button 8
2025-03-27 12:13:09 [main] ERROR l.i.u.p.SubmittedApplicationsPage - Error selecting radio button: Expected condition failed: waiting for element to be clickable: By.xpath: (//input[@type='radio' and @value='true'])[16] (tried for 10 second(s) with 500 milliseconds interval)
Build info: version: '4.27.0', revision: 'd6e718d134'
System info: os.name: 'Windows 11', os.arch: 'amd64', os.version: '10.0', java.version: '21.0.3'
Driver info: org.openqa.selenium.chrome.ChromeDriver
Capabilities {acceptInsecureCerts: false, browserName: chrome, browserVersion: 134.0.6998.166, chrome: {chromedriverVersion: 134.0.6998.165 (fd886e2cb29..., userDataDir: C:\Users\INGRID~1.ZAD\AppDa...}, fedcm:accounts: true, goog:chromeOptions: {debuggerAddress: localhost:59503}, networkConnectionEnabled: false, pageLoadStrategy: normal, platformName: windows, proxy: Proxy(), se:cdp: ws://localhost:59503/devtoo..., se:cdpVersion: 134.0.6998.166, setWindowRect: true, strictFileInteractability: false, timeouts: {implicit: 0, pageLoad: 300000, script: 30000}, unhandledPromptBehavior: dismiss and notify, webauthn:extension:credBlob: true, webauthn:extension:largeBlob: true, webauthn:extension:minPinLength: true, webauthn:extension:prf: true, webauthn:virtualAuthenticators: true}
Session ID: 05a8acb912d32a587c52415e35f7313d
2025-03-27 12:13:09 [main] INFO  l.i.u.t.SubmittedApplicationsPageTest - Marking 'Taip' radio button 9
2025-03-27 12:13:19 [main] ERROR l.i.u.p.SubmittedApplicationsPage - Error selecting radio button: Expected condition failed: waiting for element to be clickable: By.xpath: (//input[@type='radio' and @value='true'])[17] (tried for 10 second(s) with 500 milliseconds interval)
Build info: version: '4.27.0', revision: 'd6e718d134'
System info: os.name: 'Windows 11', os.arch: 'amd64', os.version: '10.0', java.version: '21.0.3'
Driver info: org.openqa.selenium.chrome.ChromeDriver
Capabilities {acceptInsecureCerts: false, browserName: chrome, browserVersion: 134.0.6998.166, chrome: {chromedriverVersion: 134.0.6998.165 (fd886e2cb29..., userDataDir: C:\Users\INGRID~1.ZAD\AppDa...}, fedcm:accounts: true, goog:chromeOptions: {debuggerAddress: localhost:59503}, networkConnectionEnabled: false, pageLoadStrategy: normal, platformName: windows, proxy: Proxy(), se:cdp: ws://localhost:59503/devtoo..., se:cdpVersion: 134.0.6998.166, setWindowRect: true, strictFileInteractability: false, timeouts: {implicit: 0, pageLoad: 300000, script: 30000}, unhandledPromptBehavior: dismiss and notify, webauthn:extension:credBlob: true, webauthn:extension:largeBlob: true, webauthn:extension:minPinLength: true, webauthn:extension:prf: true, webauthn:virtualAuthenticators: true}
Session ID: 05a8acb912d32a587c52415e35f7313d
2025-03-27 12:13:19 [main] INFO  l.i.u.t.SubmittedApplicationsPageTest - Marking 'Taip' radio button 10
2025-03-27 12:13:29 [main] ERROR l.i.u.p.SubmittedApplicationsPage - Error selecting radio button: Expected condition failed: waiting for element to be clickable: By.xpath: (//input[@type='radio' and @value='true'])[18] (tried for 10 second(s) with 500 milliseconds interval)
Build info: version: '4.27.0', revision: 'd6e718d134'
System info: os.name: 'Windows 11', os.arch: 'amd64', os.version: '10.0', java.version: '21.0.3'
Driver info: org.openqa.selenium.chrome.ChromeDriver
Capabilities {acceptInsecureCerts: false, browserName: chrome, browserVersion: 134.0.6998.166, chrome: {chromedriverVersion: 134.0.6998.165 (fd886e2cb29..., userDataDir: C:\Users\INGRID~1.ZAD\AppDa...}, fedcm:accounts: true, goog:chromeOptions: {debuggerAddress: localhost:59503}, networkConnectionEnabled: false, pageLoadStrategy: normal, platformName: windows, proxy: Proxy(), se:cdp: ws://localhost:59503/devtoo..., se:cdpVersion: 134.0.6998.166, setWindowRect: true, strictFileInteractability: false, timeouts: {implicit: 0, pageLoad: 300000, script: 30000}, unhandledPromptBehavior: dismiss and notify, webauthn:extension:credBlob: true, webauthn:extension:largeBlob: true, webauthn:extension:minPinLength: true, webauthn:extension:prf: true, webauthn:virtualAuthenticators: true}
Session ID: 05a8acb912d32a587c52415e35f7313d
2025-03-27 12:13:29 [main] INFO  l.i.u.t.SubmittedApplicationsPageTest - Marking 'Taip' radio button 11
2025-03-27 12:13:39 [main] ERROR l.i.u.p.SubmittedApplicationsPage - Error selecting radio button: Expected condition failed: waiting for element to be clickable: By.xpath: (//input[@type='radio' and @value='true'])[19] (tried for 10 second(s) with 500 milliseconds interval)
Build info: version: '4.27.0', revision: 'd6e718d134'
System info: os.name: 'Windows 11', os.arch: 'amd64', os.version: '10.0', java.version: '21.0.3'
Driver info: org.openqa.selenium.chrome.ChromeDriver
Capabilities {acceptInsecureCerts: false, browserName: chrome, browserVersion: 134.0.6998.166, chrome: {chromedriverVersion: 134.0.6998.165 (fd886e2cb29..., userDataDir: C:\Users\INGRID~1.ZAD\AppDa...}, fedcm:accounts: true, goog:chromeOptions: {debuggerAddress: localhost:59503}, networkConnectionEnabled: false, pageLoadStrategy: normal, platformName: windows, proxy: Proxy(), se:cdp: ws://localhost:59503/devtoo..., se:cdpVersion: 134.0.6998.166, setWindowRect: true, strictFileInteractability: false, timeouts: {implicit: 0, pageLoad: 300000, script: 30000}, unhandledPromptBehavior: dismiss and notify, webauthn:extension:credBlob: true, webauthn:extension:largeBlob: true, webauthn:extension:minPinLength: true, webauthn:extension:prf: true, webauthn:virtualAuthenticators: true}
Session ID: 05a8acb912d32a587c52415e35f7313d
2025-03-27 12:13:39 [main] INFO  l.i.u.t.SubmittedApplicationsPageTest - Marking 'Taip' radio button 12
2025-03-27 12:13:49 [main] DEBUG l.i.u.t.SubmittedApplicationsPageTest - Checked 'ConfirmationStepFour'
2025-03-27 12:13:49 [main] DEBUG l.i.u.t.SubmittedApplicationsPageTest - Clicked 'Next' button after checkboxes.
2025-03-27 12:13:49 [main] INFO  l.i.u.p.SubmittedApplicationsPage - File uploaded successfully to an input element.
2025-03-27 12:13:49 [main] INFO  l.i.u.p.SubmittedApplicationsPage - File uploaded successfully to an input element.
2025-03-27 12:13:49 [main] INFO  l.i.u.p.SubmittedApplicationsPage - File uploaded successfully to an input element.
2025-03-27 12:13:50 [main] INFO  l.i.u.p.SubmittedApplicationsPage - File uploaded successfully to an input element.
2025-03-27 12:13:50 [main] INFO  l.i.u.p.SubmittedApplicationsPage - File uploaded successfully to an input element.
2025-03-27 12:13:50 [main] INFO  l.i.u.p.SubmittedApplicationsPage - File uploaded successfully to an input element.
2025-03-27 12:13:50 [main] INFO  l.i.u.p.SubmittedApplicationsPage - File uploaded successfully to an input element.
2025-03-27 12:13:50 [main] INFO  l.i.u.p.SubmittedApplicationsPage - File uploaded successfully to an input element.
2025-03-27 12:13:50 [main] INFO  l.i.u.p.SubmittedApplicationsPage - File uploaded successfully to an input element.
2025-03-27 12:13:50 [main] INFO  l.i.u.p.SubmittedApplicationsPage - File uploaded successfully to an input element.
2025-03-27 12:13:50 [main] DEBUG l.i.u.t.SubmittedApplicationsPageTest - Entered program name: 'Dokumentas 1'.
2025-03-27 12:13:50 [main] DEBUG l.i.u.t.SubmittedApplicationsPageTest - Entered program name: 'Dokumentas 2'.
2025-03-27 12:13:50 [main] DEBUG l.i.u.t.SubmittedApplicationsPageTest - Entered program name: 'Dokumentas 3'.
2025-03-27 12:13:51 [main] DEBUG l.i.u.t.SubmittedApplicationsPageTest - Entered program name: 'Dokumentas 4'.
2025-03-27 12:13:51 [main] DEBUG l.i.u.t.SubmittedApplicationsPageTest - Entered program name: 'Dokumentas 5'.
2025-03-27 12:13:51 [main] DEBUG l.i.u.t.SubmittedApplicationsPageTest - Entered program name: 'Dokumentas 6'.
2025-03-27 12:13:51 [main] DEBUG l.i.u.t.SubmittedApplicationsPageTest - Entered program name: 'Dokumentas 4'.
2025-03-27 12:13:51 [main] DEBUG l.i.u.t.SubmittedApplicationsPageTest - Entered program name: 'Dokumentas 8'.
2025-03-27 12:13:51 [main] DEBUG l.i.u.t.SubmittedApplicationsPageTest - Entered program name: 'Dokumentas 9'.
2025-03-27 12:13:51 [main] DEBUG l.i.u.t.SubmittedApplicationsPageTest - Entered program name: 'Dokumentas 10'.
2025-03-27 12:14:02 [main] DEBUG l.i.u.t.SubmittedApplicationsPageTest - Checked 'ConfirmationDocument'
2025-03-27 12:14:12 [main] DEBUG l.i.u.t.SubmittedApplicationsPageTest - Checked 'ConfirmationApplication'
2025-03-27 12:14:12 [main] DEBUG l.i.u.t.SubmittedApplicationsPageTest - Clicked 'SaveDraft' button after checkboxes.
2025-03-27 12:14:12 [main] DEBUG l.i.uztis.pages.ApplicationFormsPage - Verified success message: 'Ruošinys sėkmingai išsaugotas.'
2025-03-27 12:14:12 [main] INFO  l.i.u.t.SubmittedApplicationsPageTest - Verified success message
2025-03-27 12:14:12 [main] DEBUG l.i.u.t.SubmittedApplicationsPageTest - Clicked 'Review' button after checkboxes.
2025-03-27 12:14:24 [main] ERROR l.i.u.t.SubmittedApplicationsPageTest - Test 'testFillNewVUIApplicationFA' failed with error: no such element: Unable to locate element: {"method":"xpath","selector":"//common-button/button[contains(text(), 'Pateikti')]"}
  (Session info: chrome=134.0.6998.166)
For documentation on this error, please visit: https://www.selenium.dev/documentation/webdriver/troubleshooting/errors#no-such-element-exception
Build info: version: '4.27.0', revision: 'd6e718d134'
System info: os.name: 'Windows 11', os.arch: 'amd64', os.version: '10.0', java.version: '21.0.3'
Driver info: org.openqa.selenium.chrome.ChromeDriver
Command: [05a8acb912d32a587c52415e35f7313d, findElement {value=//common-button/button[contains(text(), 'Pateikti')], using=xpath}]
Capabilities {acceptInsecureCerts: false, browserName: chrome, browserVersion: 134.0.6998.166, chrome: {chromedriverVersion: 134.0.6998.165 (fd886e2cb29..., userDataDir: C:\Users\INGRID~1.ZAD\AppDa...}, fedcm:accounts: true, goog:chromeOptions: {debuggerAddress: localhost:59503}, networkConnectionEnabled: false, pageLoadStrategy: normal, platformName: windows, proxy: Proxy(), se:cdp: ws://localhost:59503/devtoo..., se:cdpVersion: 134.0.6998.166, setWindowRect: true, strictFileInteractability: false, timeouts: {implicit: 0, pageLoad: 300000, script: 30000}, unhandledPromptBehavior: dismiss and notify, webauthn:extension:credBlob: true, webauthn:extension:largeBlob: true, webauthn:extension:minPinLength: true, webauthn:extension:prf: true, webauthn:virtualAuthenticators: true}
Session ID: 05a8acb912d32a587c52415e35f7313d
org.openqa.selenium.NoSuchElementException: no such element: Unable to locate element: {"method":"xpath","selector":"//common-button/button[contains(text(), 'Pateikti')]"}
  (Session info: chrome=134.0.6998.166)
For documentation on this error, please visit: https://www.selenium.dev/documentation/webdriver/troubleshooting/errors#no-such-element-exception
Build info: version: '4.27.0', revision: 'd6e718d134'
System info: os.name: 'Windows 11', os.arch: 'amd64', os.version: '10.0', java.version: '21.0.3'
Driver info: org.openqa.selenium.chrome.ChromeDriver
Command: [05a8acb912d32a587c52415e35f7313d, findElement {value=//common-button/button[contains(text(), 'Pateikti')], using=xpath}]
Capabilities {acceptInsecureCerts: false, browserName: chrome, browserVersion: 134.0.6998.166, chrome: {chromedriverVersion: 134.0.6998.165 (fd886e2cb29..., userDataDir: C:\Users\INGRID~1.ZAD\AppDa...}, fedcm:accounts: true, goog:chromeOptions: {debuggerAddress: localhost:59503}, networkConnectionEnabled: false, pageLoadStrategy: normal, platformName: windows, proxy: Proxy(), se:cdp: ws://localhost:59503/devtoo..., se:cdpVersion: 134.0.6998.166, setWindowRect: true, strictFileInteractability: false, timeouts: {implicit: 0, pageLoad: 300000, script: 30000}, unhandledPromptBehavior: dismiss and notify, webauthn:extension:credBlob: true, webauthn:extension:largeBlob: true, webauthn:extension:minPinLength: true, webauthn:extension:prf: true, webauthn:virtualAuthenticators: true}
Session ID: 05a8acb912d32a587c52415e35f7313d
	at java.base/jdk.internal.reflect.DirectConstructorHandleAccessor.newInstance(DirectConstructorHandleAccessor.java:62)
	at java.base/java.lang.reflect.Constructor.newInstanceWithCaller(Constructor.java:502)
	at java.base/java.lang.reflect.Constructor.newInstance(Constructor.java:486)
	at org.openqa.selenium.remote.ErrorCodec.decode(ErrorCodec.java:167)
	at org.openqa.selenium.remote.codec.w3c.W3CHttpResponseCodec.decode(W3CHttpResponseCodec.java:138)
	at org.openqa.selenium.remote.codec.w3c.W3CHttpResponseCodec.decode(W3CHttpResponseCodec.java:50)
	at org.openqa.selenium.remote.HttpCommandExecutor.execute(HttpCommandExecutor.java:190)
	at org.openqa.selenium.remote.service.DriverCommandExecutor.invokeExecute(DriverCommandExecutor.java:216)
	at org.openqa.selenium.remote.service.DriverCommandExecutor.execute(DriverCommandExecutor.java:174)
	at org.openqa.selenium.remote.RemoteWebDriver.execute(RemoteWebDriver.java:545)
	at org.openqa.selenium.remote.ElementLocation$ElementFinder$2.findElement(ElementLocation.java:165)
	at org.openqa.selenium.remote.ElementLocation.findElement(ElementLocation.java:59)
	at org.openqa.selenium.remote.RemoteWebDriver.findElement(RemoteWebDriver.java:368)
	at org.openqa.selenium.remote.RemoteWebDriver.findElement(RemoteWebDriver.java:362)
	at org.openqa.selenium.support.pagefactory.DefaultElementLocator.findElement(DefaultElementLocator.java:68)
	at org.openqa.selenium.support.pagefactory.internal.LocatingElementHandler.invoke(LocatingElementHandler.java:38)
	at jdk.proxy2/jdk.proxy2.$Proxy14.isSelected(Unknown Source)
	at lt.insoft.uztis.pages.SubmittedApplicationsPage.clickButtonSubmit(SubmittedApplicationsPage.java:876)
	at lt.insoft.uztis.tests.SubmittedApplicationsPageTest.testFillNewVUIApplicationFA(SubmittedApplicationsPageTest.java:526)
	at java.base/jdk.internal.reflect.DirectMethodHandleAccessor.invoke(DirectMethodHandleAccessor.java:103)
	at java.base/java.lang.reflect.Method.invoke(Method.java:580)
	at org.junit.platform.commons.util.ReflectionUtils.invokeMethod(ReflectionUtils.java:728)
	at org.junit.jupiter.engine.execution.MethodInvocation.proceed(MethodInvocation.java:60)
	at org.junit.jupiter.engine.execution.InvocationInterceptorChain$ValidatingInvocation.proceed(InvocationInterceptorChain.java:131)
	at org.junit.jupiter.engine.extension.TimeoutExtension.intercept(TimeoutExtension.java:156)
	at org.junit.jupiter.engine.extension.TimeoutExtension.interceptTestableMethod(TimeoutExtension.java:147)
	at org.junit.jupiter.engine.extension.TimeoutExtension.interceptTestMethod(TimeoutExtension.java:86)
	at org.junit.jupiter.engine.execution.InterceptingExecutableInvoker$ReflectiveInterceptorCall.lambda$ofVoidMethod$0(InterceptingExecutableInvoker.java:103)
	at org.junit.jupiter.engine.execution.InterceptingExecutableInvoker.lambda$invoke$0(InterceptingExecutableInvoker.java:93)
	at org.junit.jupiter.engine.execution.InvocationInterceptorChain$InterceptedInvocation.proceed(InvocationInterceptorChain.java:106)
	at org.junit.jupiter.engine.execution.InvocationInterceptorChain.proceed(InvocationInterceptorChain.java:64)
	at org.junit.jupiter.engine.execution.InvocationInterceptorChain.chainAndInvoke(InvocationInterceptorChain.java:45)
	at org.junit.jupiter.engine.execution.InvocationInterceptorChain.invoke(InvocationInterceptorChain.java:37)
	at org.junit.jupiter.engine.execution.InterceptingExecutableInvoker.invoke(InterceptingExecutableInvoker.java:92)
	at org.junit.jupiter.engine.execution.InterceptingExecutableInvoker.invoke(InterceptingExecutableInvoker.java:86)
	at org.junit.jupiter.engine.descriptor.TestMethodTestDescriptor.lambda$invokeTestMethod$7(TestMethodTestDescriptor.java:218)
	at org.junit.platform.engine.support.hierarchical.ThrowableCollector.execute(ThrowableCollector.java:73)
	at org.junit.jupiter.engine.descriptor.TestMethodTestDescriptor.invokeTestMethod(TestMethodTestDescriptor.java:214)
	at org.junit.jupiter.engine.descriptor.TestMethodTestDescriptor.execute(TestMethodTestDescriptor.java:139)
	at org.junit.jupiter.engine.descriptor.TestMethodTestDescriptor.execute(TestMethodTestDescriptor.java:69)
	at org.junit.platform.engine.support.hierarchical.NodeTestTask.lambda$executeRecursively$6(NodeTestTask.java:151)
	at org.junit.platform.engine.support.hierarchical.ThrowableCollector.execute(ThrowableCollector.java:73)
	at org.junit.platform.engine.support.hierarchical.NodeTestTask.lambda$executeRecursively$8(NodeTestTask.java:141)
	at org.junit.platform.engine.support.hierarchical.Node.around(Node.java:137)
	at org.junit.platform.engine.support.hierarchical.NodeTestTask.lambda$executeRecursively$9(NodeTestTask.java:139)
	at org.junit.platform.engine.support.hierarchical.ThrowableCollector.execute(ThrowableCollector.java:73)
	at org.junit.platform.engine.support.hierarchical.NodeTestTask.executeRecursively(NodeTestTask.java:138)
	at org.junit.platform.engine.support.hierarchical.NodeTestTask.execute(NodeTestTask.java:95)
	at java.base/java.util.ArrayList.forEach(ArrayList.java:1596)
	at org.junit.platform.engine.support.hierarchical.SameThreadHierarchicalTestExecutorService.invokeAll(SameThreadHierarchicalTestExecutorService.java:41)
	at org.junit.platform.engine.support.hierarchical.NodeTestTask.lambda$executeRecursively$6(NodeTestTask.java:155)
	at org.junit.platform.engine.support.hierarchical.ThrowableCollector.execute(ThrowableCollector.java:73)
	at org.junit.platform.engine.support.hierarchical.NodeTestTask.lambda$executeRecursively$8(NodeTestTask.java:141)
	at org.junit.platform.engine.support.hierarchical.Node.around(Node.java:137)
	at org.junit.platform.engine.support.hierarchical.NodeTestTask.lambda$executeRecursively$9(NodeTestTask.java:139)
	at org.junit.platform.engine.support.hierarchical.ThrowableCollector.execute(ThrowableCollector.java:73)
	at org.junit.platform.engine.support.hierarchical.NodeTestTask.executeRecursively(NodeTestTask.java:138)
	at org.junit.platform.engine.support.hierarchical.NodeTestTask.execute(NodeTestTask.java:95)
	at java.base/java.util.ArrayList.forEach(ArrayList.java:1596)
	at org.junit.platform.engine.support.hierarchical.SameThreadHierarchicalTestExecutorService.invokeAll(SameThreadHierarchicalTestExecutorService.java:41)
	at org.junit.platform.engine.support.hierarchical.NodeTestTask.lambda$executeRecursively$6(NodeTestTask.java:155)
	at org.junit.platform.engine.support.hierarchical.ThrowableCollector.execute(ThrowableCollector.java:73)
	at org.junit.platform.engine.support.hierarchical.NodeTestTask.lambda$executeRecursively$8(NodeTestTask.java:141)
	at org.junit.platform.engine.support.hierarchical.Node.around(Node.java:137)
	at org.junit.platform.engine.support.hierarchical.NodeTestTask.lambda$executeRecursively$9(NodeTestTask.java:139)
	at org.junit.platform.engine.support.hierarchical.ThrowableCollector.execute(ThrowableCollector.java:73)
	at org.junit.platform.engine.support.hierarchical.NodeTestTask.executeRecursively(NodeTestTask.java:138)
	at org.junit.platform.engine.support.hierarchical.NodeTestTask.execute(NodeTestTask.java:95)
	at org.junit.platform.engine.support.hierarchical.SameThreadHierarchicalTestExecutorService.submit(SameThreadHierarchicalTestExecutorService.java:35)
	at org.junit.platform.engine.support.hierarchical.HierarchicalTestExecutor.execute(HierarchicalTestExecutor.java:57)
	at org.junit.platform.engine.support.hierarchical.HierarchicalTestEngine.execute(HierarchicalTestEngine.java:54)
	at org.junit.platform.launcher.core.EngineExecutionOrchestrator.execute(EngineExecutionOrchestrator.java:198)
	at org.junit.platform.launcher.core.EngineExecutionOrchestrator.execute(EngineExecutionOrchestrator.java:169)
	at org.junit.platform.launcher.core.EngineExecutionOrchestrator.execute(EngineExecutionOrchestrator.java:93)
	at org.junit.platform.launcher.core.EngineExecutionOrchestrator.lambda$execute$0(EngineExecutionOrchestrator.java:58)
	at org.junit.platform.launcher.core.EngineExecutionOrchestrator.withInterceptedStreams(EngineExecutionOrchestrator.java:141)
	at org.junit.platform.launcher.core.EngineExecutionOrchestrator.execute(EngineExecutionOrchestrator.java:57)
	at org.junit.platform.launcher.core.DefaultLauncher.execute(DefaultLauncher.java:103)
	at org.junit.platform.launcher.core.DefaultLauncher.execute(DefaultLauncher.java:85)
	at org.junit.platform.launcher.core.DelegatingLauncher.execute(DelegatingLauncher.java:47)
	at org.junit.platform.launcher.core.SessionPerRequestLauncher.execute(SessionPerRequestLauncher.java:63)
	at com.intellij.junit5.JUnit5IdeaTestRunner.startRunnerWithArgs(JUnit5IdeaTestRunner.java:57)
	at com.intellij.rt.junit.IdeaTestRunner$Repeater$1.execute(IdeaTestRunner.java:38)
	at com.intellij.rt.execution.junit.TestsRepeater.repeat(TestsRepeater.java:11)
	at com.intellij.rt.junit.IdeaTestRunner$Repeater.startRunnerWithArgs(IdeaTestRunner.java:35)
	at com.intellij.rt.junit.JUnitStarter.prepareStreamsAndStart(JUnitStarter.java:232)
	at com.intellij.rt.junit.JUnitStarter.main(JUnitStarter.java:55)
2025-03-27 12:14:24 [main] INFO  l.insoft.uztis.tests.utils.TestUtils - Screenshot moved to C:\Users\ingrida.zadorozniene\Desktop\Asm\UZTIS\UZTIS_tests\test-output\screenshots\20250327\121424926_testFillNewVUIApplicationFA().png
2025-03-27 12:20:11 [main] INFO  lt.insoft.uztis.tests.UztisPageTest - Navigated to https://uztisdev.asseco.lt/home
2025-03-27 12:20:11 [main] INFO  l.i.u.t.SubmittedApplicationsPageTest - Starting test:'testFillNewVUIPApplicationFA'
2025-03-27 12:20:12 [main] DEBUG l.i.u.t.SubmittedApplicationsPageTest - User logged in with test credentials.
2025-03-27 12:20:12 [main] DEBUG l.i.u.t.SubmittedApplicationsPageTest - Opened 'Application Processing' menu.
2025-03-27 12:20:12 [main] DEBUG l.i.u.t.SubmittedApplicationsPageTest - Clicked on 'Application Forms' menu.
2025-03-27 12:20:13 [main] DEBUG l.i.u.t.SubmittedApplicationsPageTest - Retrieved last description code text: 'TST-VUI-75'.
2025-03-27 12:20:13 [main] DEBUG l.i.u.t.SubmittedApplicationsPageTest - Clicked on 'Invitation' menu.
2025-03-27 12:20:15 [main] DEBUG l.i.u.t.SubmittedApplicationsPageTest - Selected application section by code: 'TST-VUI-75'.
2025-03-27 12:20:15 [main] DEBUG l.i.u.t.SubmittedApplicationsPageTest - Clicked 'Search' button.
2025-03-27 12:20:15 [main] DEBUG l.i.u.t.SubmittedApplicationsPageTest - Retrieved invitation code: ''.
2025-03-27 12:20:15 [main] DEBUG l.i.u.t.SubmittedApplicationsPageTest - Clicked on 'Submitted Applications' menu.
2025-03-27 12:20:17 [main] DEBUG l.i.u.t.SubmittedApplicationsPageTest - Selected invitation by code: 'TST-VUI-75'.
2025-03-27 12:20:17 [main] DEBUG l.i.u.t.SubmittedApplicationsPageTest - Invitation code inserted.
2025-03-27 12:20:17 [main] DEBUG l.i.u.t.SubmittedApplicationsPageTest - Clicked on 'Action Application' button.
2025-03-27 12:20:17 [main] DEBUG l.i.u.t.SubmittedApplicationsPageTest - Clicked on 'New Application' button.
2025-03-27 12:20:18 [main] DEBUG l.i.u.t.SubmittedApplicationsPageTest - Selected the 'RadioButtonFA' option.
2025-03-27 12:20:18 [main] DEBUG l.i.u.t.SubmittedApplicationsPageTest - Entered phone number: '61298745'.
2025-03-27 12:20:18 [main] DEBUG l.i.u.t.SubmittedApplicationsPageTest - Entered email: 'test@autotest.com'.
2025-03-27 12:20:18 [main] INFO  l.i.u.p.SubmittedApplicationsPage - Clicking on the dropdown button.
2025-03-27 12:20:35 [main] INFO  l.i.u.p.SubmittedApplicationsPage - Found 1741 options in the dropdown.
2025-03-27 12:20:35 [main] DEBUG l.i.u.p.SubmittedApplicationsPage - Checking option: ''
2025-03-27 12:20:35 [main] DEBUG l.i.u.p.SubmittedApplicationsPage - Checking option: '01.11 - Grūdinių (išskyrus ryžius), ankštinių ir aliejingų sėklų augalų auginimas'
2025-03-27 12:20:36 [main] INFO  l.i.u.p.SubmittedApplicationsPage - Successfully selected the value: '01.11 - Grūdinių (išskyrus ryžius), ankštinių ir aliejingų sėklų augalų auginimas'
2025-03-27 12:20:36 [main] INFO  l.i.u.p.SubmittedApplicationsPage - Attempting to close the dropdown.
2025-03-27 12:20:36 [main] DEBUG l.i.u.t.SubmittedApplicationsPageTest - Selected EVRK value: '01.11 - Grūdinių (išskyrus ryžius), ankštinių ir aliejingų sėklų augalų auginimas'.
2025-03-27 12:20:36 [main] DEBUG l.i.u.t.SubmittedApplicationsPageTest - Clicked on 'Address Component' button.
2025-03-27 12:20:36 [main] INFO  l.i.u.p.SubmittedApplicationsPage - Located the dropdown button.
2025-03-27 12:20:40 [main] INFO  l.i.u.p.SubmittedApplicationsPage - Successfully selected the value: 'Lietuva'
2025-03-27 12:20:40 [main] DEBUG l.i.u.t.SubmittedApplicationsPageTest - Selected country: 'Lietuva'.
2025-03-27 12:20:40 [main] INFO  l.i.u.p.SubmittedApplicationsPage - Located the dropdown search field.
2025-03-27 12:20:40 [main] INFO  l.i.u.p.SubmittedApplicationsPage - Dropdown city is opened.
2025-03-27 12:20:40 [main] INFO  l.i.u.p.SubmittedApplicationsPage - Searched for value: 'Vilnius'
2025-03-27 12:20:41 [main] INFO  l.i.u.p.SubmittedApplicationsPage - Successfully selected: 'Vilnius'
2025-03-27 12:20:41 [main] INFO  l.i.u.p.SubmittedApplicationsPage - Located the dropdown button.
2025-03-27 12:20:42 [main] INFO  l.i.u.p.SubmittedApplicationsPage - Successfully selected the value: 'A. Domaševičiaus g.'
2025-03-27 12:20:42 [main] DEBUG l.i.u.t.SubmittedApplicationsPageTest - Selected street: 'A. Domaševičiaus g.'.
2025-03-27 12:20:42 [main] INFO  l.i.u.p.SubmittedApplicationsPage - Located the dropdown button.
2025-03-27 12:20:42 [main] INFO  l.i.u.p.SubmittedApplicationsPage - Successfully selected the value: '1'
2025-03-27 12:20:42 [main] DEBUG l.i.u.t.SubmittedApplicationsPageTest - Selected house: '1'.
2025-03-27 12:20:42 [main] INFO  l.i.u.p.SubmittedApplicationsPage - Located the dropdown button.
2025-03-27 12:20:43 [main] INFO  l.i.u.p.SubmittedApplicationsPage - Successfully selected the value: '1'
2025-03-27 12:20:43 [main] DEBUG l.i.u.t.SubmittedApplicationsPageTest - Selected apartment: '1'.
2025-03-27 12:20:43 [main] DEBUG l.i.u.t.SubmittedApplicationsPageTest - Clicked 'Confirm' button.
2025-03-27 12:20:43 [main] DEBUG l.i.u.t.SubmittedApplicationsPageTest - Entered project date.
2025-03-27 12:20:43 [main] DEBUG l.i.u.t.SubmittedApplicationsPageTest - Entered job count: '1'.
2025-03-27 12:20:44 [main] DEBUG l.i.u.t.SubmittedApplicationsPageTest - Clicked 'Next' button.
2025-03-27 12:20:44 [main] INFO  l.i.u.p.SubmittedApplicationsPage - Located the dropdown button.
2025-03-27 12:20:44 [main] INFO  l.i.u.p.SubmittedApplicationsPage - Successfully selected the value: 'Administratoriai'
2025-03-27 12:20:44 [main] DEBUG l.i.u.t.SubmittedApplicationsPageTest - Selected job name: 'Administratoriai'.
2025-03-27 12:20:45 [main] DEBUG l.i.u.t.SubmittedApplicationsPageTest - Entered job function: 'Funkcija 1'.
2025-03-27 12:20:45 [main] DEBUG l.i.u.t.SubmittedApplicationsPageTest - Selected 'RadioButtonWithDisabilities' option.
2025-03-27 12:20:45 [main] INFO  l.i.u.p.SubmittedApplicationsPage - Clicking on the dropdown button.
2025-03-27 12:20:45 [main] INFO  l.i.u.p.SubmittedApplicationsPage - Found 34 options in the dropdown.
2025-03-27 12:20:45 [main] DEBUG l.i.u.p.SubmittedApplicationsPage - Checking option: 'Asmenys, kuriems suteiktas pabėgėlio statusas ar perkeliamojo asmens statusas, arba asmenys, kuriems suteikta papildoma ar laikinoji apsauga, ir asmenys, turintys teisę gauti laikinąją apsaugą, iki sprendimo dėl laikinosios apsaugos suteikimo (nesuteikimo) priėmimo, tačiau ne ilgiau kaip laikinosios apsaugos laikotarpiu'
2025-03-27 12:20:45 [main] DEBUG l.i.u.p.SubmittedApplicationsPage - Checking option: 'Asmenys, kuriems suteiktas pabėgėlio statusas ar perkeliamojo asmens statusas, arba asmenys, kuriems suteikta papildoma ar laikinoji apsauga, ir asmenys, turintys teisę gauti laikinąją apsaugą, iki sprendimo dėl laikinosios apsaugos suteikimo (nesuteikimo) priėmimo, tačiau ne ilgiau kaip laikinosios apsaugos laikotarpiu'
2025-03-27 12:20:45 [main] DEBUG l.i.u.p.SubmittedApplicationsPage - Checking option: 'Asmenys, turintys teisę į papildomas užimtumo garantijas pagal Lietuvos Respublikos valstybės įmonės Ignalinos atominės elektrinės darbuotojų papildomų užimtumo ir socialinių garantijų įstatymą'
2025-03-27 12:20:46 [main] DEBUG l.i.u.p.SubmittedApplicationsPage - Checking option: 'Asmenys, turintys teisę į papildomas užimtumo garantijas pagal Lietuvos Respublikos valstybės įmonės Ignalinos atominės elektrinės darbuotojų papildomų užimtumo ir socialinių garantijų įstatymą'
2025-03-27 12:20:46 [main] DEBUG l.i.u.p.SubmittedApplicationsPage - Checking option: 'Bedarbiai iki 29 metų'
2025-03-27 12:20:46 [main] DEBUG l.i.u.p.SubmittedApplicationsPage - Checking option: 'Bedarbiai iki 29 metų'
2025-03-27 12:20:46 [main] DEBUG l.i.u.p.SubmittedApplicationsPage - Checking option: 'Bedarbiai, kurie yra darbingo amžiaus neįgalieji, kuriems nustatytas 30–40 procentų darbingumo lygis arba vidutinis neįgalumo lygis'
2025-03-27 12:20:46 [main] DEBUG l.i.u.p.SubmittedApplicationsPage - Checking option: 'Bedarbiai, kurie yra darbingo amžiaus neįgalieji, kuriems nustatytas 30–40 procentų darbingumo lygis arba vidutinis neįgalumo lygis'
2025-03-27 12:20:46 [main] DEBUG l.i.u.p.SubmittedApplicationsPage - Checking option: 'Bedarbiai, kurie yra darbingo amžiaus neįgalieji, kuriems nustatytas 45–55 procentų darbingumo lygis arba lengvas neįgalumo lygis'
2025-03-27 12:20:46 [main] DEBUG l.i.u.p.SubmittedApplicationsPage - Checking option: 'Bedarbiai, kurie yra darbingo amžiaus neįgalieji, kuriems nustatytas 45–55 procentų darbingumo lygis arba lengvas neįgalumo lygis'
2025-03-27 12:20:46 [main] DEBUG l.i.u.p.SubmittedApplicationsPage - Checking option: 'Bedarbiai, kurie yra darbingo amžiaus neįgalieji, kuriems nustatytas iki 25 procentų darbingumo lygis arba sunkus neįgalumo lygis'
2025-03-27 12:20:46 [main] INFO  l.i.u.p.SubmittedApplicationsPage - Successfully selected the value: 'Bedarbiai, kurie yra darbingo amžiaus neįgalieji, kuriems nustatytas iki 25 procentų darbingumo lygis arba sunkus neįgalumo lygis'
2025-03-27 12:20:46 [main] INFO  l.i.u.p.SubmittedApplicationsPage - Attempting to close the dropdown.
2025-03-27 12:20:47 [main] DEBUG l.i.u.t.SubmittedApplicationsPageTest - Selected disabilities type: 'Bedarbiai, kurie yra darbingo amžiaus neįgalieji, kuriems nustatytas iki 25 procentų darbingumo lygis arba sunkus neįgalumo lygis'.
2025-03-27 12:20:47 [main] DEBUG l.i.u.t.SubmittedApplicationsPageTest - Entered disability information: 'Negalia 1'.
2025-03-27 12:20:47 [main] INFO  l.i.u.p.SubmittedApplicationsPage - Located the dropdown button.
2025-03-27 12:20:48 [main] INFO  l.i.u.p.SubmittedApplicationsPage - Successfully selected the value: 'Kita'
2025-03-27 12:20:48 [main] DEBUG l.i.u.t.SubmittedApplicationsPageTest - Selected time mode: 'Kita'.
2025-03-27 12:20:48 [main] DEBUG l.i.u.t.SubmittedApplicationsPageTest - Selected time mode other: '6 val. per dieną ir 4 d. per savaitę'.
2025-03-27 12:20:48 [main] DEBUG l.i.u.t.SubmittedApplicationsPageTest - Entered qualification: 'Kvalifikacija 1'.
2025-03-27 12:20:49 [main] DEBUG l.i.u.t.SubmittedApplicationsPageTest - Entered job date.
2025-03-27 12:20:49 [main] DEBUG l.i.u.t.SubmittedApplicationsPageTest - Entered salary amount: '1200'.
2025-03-27 12:20:49 [main] DEBUG l.i.u.t.SubmittedApplicationsPageTest - Entered salary description: 'Užmokestis 1'.
2025-03-27 12:20:49 [main] DEBUG l.i.u.t.SubmittedApplicationsPageTest - Selected 'Temporary Job' radio button.
2025-03-27 12:20:49 [main] DEBUG l.i.u.t.SubmittedApplicationsPageTest - Selected 'Season Job' radio button.
2025-03-27 12:20:49 [main] DEBUG l.i.u.t.SubmittedApplicationsPageTest - Selected 'Energy' radio button.
2025-03-27 12:20:50 [main] DEBUG l.i.u.t.SubmittedApplicationsPageTest - Selected 'Repair' radio button.
2025-03-27 12:20:50 [main] DEBUG l.i.u.t.SubmittedApplicationsPageTest - Entered job description: 'Veikla 1'.
2025-03-27 12:20:50 [main] DEBUG l.i.u.t.SubmittedApplicationsPageTest - Entered process description: 'Procesas 1'.
2025-03-27 12:20:50 [main] DEBUG l.i.u.t.SubmittedApplicationsPageTest - Entered energy information: 'Energija 1'.
2025-03-27 12:20:50 [main] DEBUG l.i.u.t.SubmittedApplicationsPageTest - Entered repair information: 'Remontas 1'.
2025-03-27 12:20:51 [main] DEBUG l.i.u.t.SubmittedApplicationsPageTest - Selected 'PVM' radio button.
2025-03-27 12:20:51 [main] INFO  l.i.u.p.SubmittedApplicationsPage - Located the dropdown button.
2025-03-27 12:20:51 [main] INFO  l.i.u.p.SubmittedApplicationsPage - Successfully selected the value: 'Įsigyti'
2025-03-27 12:20:51 [main] DEBUG l.i.u.t.SubmittedApplicationsPageTest - Selected necessary for job: 'Įsigyti'.
2025-03-27 12:20:51 [main] DEBUG l.i.u.t.SubmittedApplicationsPageTest - Selected tool: 'Darbo priemonė 1'.
2025-03-27 12:20:51 [main] DEBUG l.i.u.t.SubmittedApplicationsPageTest - Selected tool parameter one: 'Darbo priemonės 1 parametras 1'.
2025-03-27 12:20:52 [main] DEBUG l.i.u.t.SubmittedApplicationsPageTest - Selected tool parameter two: 'Darbo priemonės 1 parametras 2'.
2025-03-27 12:20:52 [main] DEBUG l.i.u.t.SubmittedApplicationsPageTest - Selected tool parameter three: 'Darbo priemonės 1 parametras 3'.
2025-03-27 12:20:52 [main] DEBUG l.i.u.t.SubmittedApplicationsPageTest - Entered tool count: '1'.
2025-03-27 12:20:52 [main] DEBUG l.i.u.t.SubmittedApplicationsPageTest - Entered price amount 1: '1000'.
2025-03-27 12:20:55 [main] DEBUG l.i.u.t.SubmittedApplicationsPageTest - Entered own funds amount 1: '800'.
2025-03-27 12:20:57 [main] DEBUG l.i.u.t.SubmittedApplicationsPageTest - Clicked 'Add' button.
2025-03-27 12:20:57 [main] INFO  l.i.u.p.SubmittedApplicationsPage - Located the dropdown button.
2025-03-27 12:21:27 [main] ERROR l.i.u.t.SubmittedApplicationsPageTest - Test 'testFillNewVUIApplicationFA' failed with error: Expected condition failed: waiting for element to be clickable: Proxy element for: DefaultElementLocator 'By.xpath: (//mat-label[contains(text(), 'Darbo vietai įsteigti reikalinga')])[2]' (tried for 20 second(s) with 500 milliseconds interval)
org.openqa.selenium.TimeoutException: Expected condition failed: waiting for element to be clickable: Proxy element for: DefaultElementLocator 'By.xpath: (//mat-label[contains(text(), 'Darbo vietai įsteigti reikalinga')])[2]' (tried for 20 second(s) with 500 milliseconds interval)
	at org.openqa.selenium.support.ui.WebDriverWait.timeoutException(WebDriverWait.java:84)
	at org.openqa.selenium.support.ui.FluentWait.until(FluentWait.java:228)
	at lt.insoft.uztis.pages.SubmittedApplicationsPage.selectDropdownNecessaryForJobTwo(SubmittedApplicationsPage.java:1363)
	at lt.insoft.uztis.tests.SubmittedApplicationsPageTest.testFillNewVUIApplicationFA(SubmittedApplicationsPageTest.java:326)
	at java.base/jdk.internal.reflect.DirectMethodHandleAccessor.invoke(DirectMethodHandleAccessor.java:103)
	at java.base/java.lang.reflect.Method.invoke(Method.java:580)
	at org.junit.platform.commons.util.ReflectionUtils.invokeMethod(ReflectionUtils.java:728)
	at org.junit.jupiter.engine.execution.MethodInvocation.proceed(MethodInvocation.java:60)
	at org.junit.jupiter.engine.execution.InvocationInterceptorChain$ValidatingInvocation.proceed(InvocationInterceptorChain.java:131)
	at org.junit.jupiter.engine.extension.TimeoutExtension.intercept(TimeoutExtension.java:156)
	at org.junit.jupiter.engine.extension.TimeoutExtension.interceptTestableMethod(TimeoutExtension.java:147)
	at org.junit.jupiter.engine.extension.TimeoutExtension.interceptTestMethod(TimeoutExtension.java:86)
	at org.junit.jupiter.engine.execution.InterceptingExecutableInvoker$ReflectiveInterceptorCall.lambda$ofVoidMethod$0(InterceptingExecutableInvoker.java:103)
	at org.junit.jupiter.engine.execution.InterceptingExecutableInvoker.lambda$invoke$0(InterceptingExecutableInvoker.java:93)
	at org.junit.jupiter.engine.execution.InvocationInterceptorChain$InterceptedInvocation.proceed(InvocationInterceptorChain.java:106)
	at org.junit.jupiter.engine.execution.InvocationInterceptorChain.proceed(InvocationInterceptorChain.java:64)
	at org.junit.jupiter.engine.execution.InvocationInterceptorChain.chainAndInvoke(InvocationInterceptorChain.java:45)
	at org.junit.jupiter.engine.execution.InvocationInterceptorChain.invoke(InvocationInterceptorChain.java:37)
	at org.junit.jupiter.engine.execution.InterceptingExecutableInvoker.invoke(InterceptingExecutableInvoker.java:92)
	at org.junit.jupiter.engine.execution.InterceptingExecutableInvoker.invoke(InterceptingExecutableInvoker.java:86)
	at org.junit.jupiter.engine.descriptor.TestMethodTestDescriptor.lambda$invokeTestMethod$7(TestMethodTestDescriptor.java:218)
	at org.junit.platform.engine.support.hierarchical.ThrowableCollector.execute(ThrowableCollector.java:73)
	at org.junit.jupiter.engine.descriptor.TestMethodTestDescriptor.invokeTestMethod(TestMethodTestDescriptor.java:214)
	at org.junit.jupiter.engine.descriptor.TestMethodTestDescriptor.execute(TestMethodTestDescriptor.java:139)
	at org.junit.jupiter.engine.descriptor.TestMethodTestDescriptor.execute(TestMethodTestDescriptor.java:69)
	at org.junit.platform.engine.support.hierarchical.NodeTestTask.lambda$executeRecursively$6(NodeTestTask.java:151)
	at org.junit.platform.engine.support.hierarchical.ThrowableCollector.execute(ThrowableCollector.java:73)
	at org.junit.platform.engine.support.hierarchical.NodeTestTask.lambda$executeRecursively$8(NodeTestTask.java:141)
	at org.junit.platform.engine.support.hierarchical.Node.around(Node.java:137)
	at org.junit.platform.engine.support.hierarchical.NodeTestTask.lambda$executeRecursively$9(NodeTestTask.java:139)
	at org.junit.platform.engine.support.hierarchical.ThrowableCollector.execute(ThrowableCollector.java:73)
	at org.junit.platform.engine.support.hierarchical.NodeTestTask.executeRecursively(NodeTestTask.java:138)
	at org.junit.platform.engine.support.hierarchical.NodeTestTask.execute(NodeTestTask.java:95)
	at java.base/java.util.ArrayList.forEach(ArrayList.java:1596)
	at org.junit.platform.engine.support.hierarchical.SameThreadHierarchicalTestExecutorService.invokeAll(SameThreadHierarchicalTestExecutorService.java:41)
	at org.junit.platform.engine.support.hierarchical.NodeTestTask.lambda$executeRecursively$6(NodeTestTask.java:155)
	at org.junit.platform.engine.support.hierarchical.ThrowableCollector.execute(ThrowableCollector.java:73)
	at org.junit.platform.engine.support.hierarchical.NodeTestTask.lambda$executeRecursively$8(NodeTestTask.java:141)
	at org.junit.platform.engine.support.hierarchical.Node.around(Node.java:137)
	at org.junit.platform.engine.support.hierarchical.NodeTestTask.lambda$executeRecursively$9(NodeTestTask.java:139)
	at org.junit.platform.engine.support.hierarchical.ThrowableCollector.execute(ThrowableCollector.java:73)
	at org.junit.platform.engine.support.hierarchical.NodeTestTask.executeRecursively(NodeTestTask.java:138)
	at org.junit.platform.engine.support.hierarchical.NodeTestTask.execute(NodeTestTask.java:95)
	at java.base/java.util.ArrayList.forEach(ArrayList.java:1596)
	at org.junit.platform.engine.support.hierarchical.SameThreadHierarchicalTestExecutorService.invokeAll(SameThreadHierarchicalTestExecutorService.java:41)
	at org.junit.platform.engine.support.hierarchical.NodeTestTask.lambda$executeRecursively$6(NodeTestTask.java:155)
	at org.junit.platform.engine.support.hierarchical.ThrowableCollector.execute(ThrowableCollector.java:73)
	at org.junit.platform.engine.support.hierarchical.NodeTestTask.lambda$executeRecursively$8(NodeTestTask.java:141)
	at org.junit.platform.engine.support.hierarchical.Node.around(Node.java:137)
	at org.junit.platform.engine.support.hierarchical.NodeTestTask.lambda$executeRecursively$9(NodeTestTask.java:139)
	at org.junit.platform.engine.support.hierarchical.ThrowableCollector.execute(ThrowableCollector.java:73)
	at org.junit.platform.engine.support.hierarchical.NodeTestTask.executeRecursively(NodeTestTask.java:138)
	at org.junit.platform.engine.support.hierarchical.NodeTestTask.execute(NodeTestTask.java:95)
	at org.junit.platform.engine.support.hierarchical.SameThreadHierarchicalTestExecutorService.submit(SameThreadHierarchicalTestExecutorService.java:35)
	at org.junit.platform.engine.support.hierarchical.HierarchicalTestExecutor.execute(HierarchicalTestExecutor.java:57)
	at org.junit.platform.engine.support.hierarchical.HierarchicalTestEngine.execute(HierarchicalTestEngine.java:54)
	at org.junit.platform.launcher.core.EngineExecutionOrchestrator.execute(EngineExecutionOrchestrator.java:198)
	at org.junit.platform.launcher.core.EngineExecutionOrchestrator.execute(EngineExecutionOrchestrator.java:169)
	at org.junit.platform.launcher.core.EngineExecutionOrchestrator.execute(EngineExecutionOrchestrator.java:93)
	at org.junit.platform.launcher.core.EngineExecutionOrchestrator.lambda$execute$0(EngineExecutionOrchestrator.java:58)
	at org.junit.platform.launcher.core.EngineExecutionOrchestrator.withInterceptedStreams(EngineExecutionOrchestrator.java:141)
	at org.junit.platform.launcher.core.EngineExecutionOrchestrator.execute(EngineExecutionOrchestrator.java:57)
	at org.junit.platform.launcher.core.DefaultLauncher.execute(DefaultLauncher.java:103)
	at org.junit.platform.launcher.core.DefaultLauncher.execute(DefaultLauncher.java:85)
	at org.junit.platform.launcher.core.DelegatingLauncher.execute(DelegatingLauncher.java:47)
	at org.junit.platform.launcher.core.SessionPerRequestLauncher.execute(SessionPerRequestLauncher.java:63)
	at com.intellij.junit5.JUnit5IdeaTestRunner.startRunnerWithArgs(JUnit5IdeaTestRunner.java:57)
	at com.intellij.rt.junit.IdeaTestRunner$Repeater$1.execute(IdeaTestRunner.java:38)
	at com.intellij.rt.execution.junit.TestsRepeater.repeat(TestsRepeater.java:11)
	at com.intellij.rt.junit.IdeaTestRunner$Repeater.startRunnerWithArgs(IdeaTestRunner.java:35)
	at com.intellij.rt.junit.JUnitStarter.prepareStreamsAndStart(JUnitStarter.java:232)
	at com.intellij.rt.junit.JUnitStarter.main(JUnitStarter.java:55)
Caused by: org.openqa.selenium.NoSuchElementException: no such element: Unable to locate element: {"method":"xpath","selector":"(//mat-label[contains(text(), 'Darbo vietai įsteigti reikalinga')])[2]"}
  (Session info: chrome=134.0.6998.166)
For documentation on this error, please visit: https://www.selenium.dev/documentation/webdriver/troubleshooting/errors#no-such-element-exception
Build info: version: '4.27.0', revision: 'd6e718d134'
System info: os.name: 'Windows 11', os.arch: 'amd64', os.version: '10.0', java.version: '21.0.3'
Driver info: org.openqa.selenium.chrome.ChromeDriver
Command: [02d246eaf93ac39d0db8ba519f31bba9, findElement {value=(//mat-label[contains(text(), 'Darbo vietai įsteigti reikalinga')])[2], using=xpath}]
Capabilities {acceptInsecureCerts: false, browserName: chrome, browserVersion: 134.0.6998.166, chrome: {chromedriverVersion: 134.0.6998.165 (fd886e2cb29..., userDataDir: C:\Users\INGRID~1.ZAD\AppDa...}, fedcm:accounts: true, goog:chromeOptions: {debuggerAddress: localhost:59867}, networkConnectionEnabled: false, pageLoadStrategy: normal, platformName: windows, proxy: Proxy(), se:cdp: ws://localhost:59867/devtoo..., se:cdpVersion: 134.0.6998.166, setWindowRect: true, strictFileInteractability: false, timeouts: {implicit: 0, pageLoad: 300000, script: 30000}, unhandledPromptBehavior: dismiss and notify, webauthn:extension:credBlob: true, webauthn:extension:largeBlob: true, webauthn:extension:minPinLength: true, webauthn:extension:prf: true, webauthn:virtualAuthenticators: true}
Session ID: 02d246eaf93ac39d0db8ba519f31bba9
	at java.base/jdk.internal.reflect.DirectConstructorHandleAccessor.newInstance(DirectConstructorHandleAccessor.java:62)
	at java.base/java.lang.reflect.Constructor.newInstanceWithCaller(Constructor.java:502)
	at java.base/java.lang.reflect.Constructor.newInstance(Constructor.java:486)
	at org.openqa.selenium.remote.ErrorCodec.decode(ErrorCodec.java:167)
	at org.openqa.selenium.remote.codec.w3c.W3CHttpResponseCodec.decode(W3CHttpResponseCodec.java:138)
	at org.openqa.selenium.remote.codec.w3c.W3CHttpResponseCodec.decode(W3CHttpResponseCodec.java:50)
	at org.openqa.selenium.remote.HttpCommandExecutor.execute(HttpCommandExecutor.java:190)
	at org.openqa.selenium.remote.service.DriverCommandExecutor.invokeExecute(DriverCommandExecutor.java:216)
	at org.openqa.selenium.remote.service.DriverCommandExecutor.execute(DriverCommandExecutor.java:174)
	at org.openqa.selenium.remote.RemoteWebDriver.execute(RemoteWebDriver.java:545)
	at org.openqa.selenium.remote.ElementLocation$ElementFinder$2.findElement(ElementLocation.java:165)
	at org.openqa.selenium.remote.ElementLocation.findElement(ElementLocation.java:59)
	at org.openqa.selenium.remote.RemoteWebDriver.findElement(RemoteWebDriver.java:368)
	at org.openqa.selenium.remote.RemoteWebDriver.findElement(RemoteWebDriver.java:362)
	at org.openqa.selenium.support.pagefactory.DefaultElementLocator.findElement(DefaultElementLocator.java:68)
	at org.openqa.selenium.support.pagefactory.internal.LocatingElementHandler.invoke(LocatingElementHandler.java:38)
	at jdk.proxy2/jdk.proxy2.$Proxy14.isDisplayed(Unknown Source)
	at org.openqa.selenium.support.ui.ExpectedConditions.elementIfVisible(ExpectedConditions.java:304)
	at org.openqa.selenium.support.ui.ExpectedConditions$10.apply(ExpectedConditions.java:290)
	at org.openqa.selenium.support.ui.ExpectedConditions$10.apply(ExpectedConditions.java:287)
	at org.openqa.selenium.support.ui.ExpectedConditions$23.apply(ExpectedConditions.java:656)
	at org.openqa.selenium.support.ui.ExpectedConditions$23.apply(ExpectedConditions.java:652)
	at org.openqa.selenium.support.ui.FluentWait.until(FluentWait.java:203)
	... 70 common frames omitted
2025-03-27 12:21:28 [main] INFO  l.insoft.uztis.tests.utils.TestUtils - Screenshot moved to C:\Users\ingrida.zadorozniene\Desktop\Asm\UZTIS\UZTIS_tests\test-output\screenshots\20250327\122128132_testFillNewVUIApplicationFA().png
2025-03-27 12:23:43 [main] INFO  lt.insoft.uztis.tests.UztisPageTest - Navigated to https://uztisdev.asseco.lt/home
2025-03-27 12:23:43 [main] INFO  l.i.u.t.SubmittedApplicationsPageTest - Starting test:'testFillNewVUIPApplicationFA'
2025-03-27 12:23:44 [main] DEBUG l.i.u.t.SubmittedApplicationsPageTest - User logged in with test credentials.
2025-03-27 12:23:44 [main] DEBUG l.i.u.t.SubmittedApplicationsPageTest - Opened 'Application Processing' menu.
2025-03-27 12:23:44 [main] DEBUG l.i.u.t.SubmittedApplicationsPageTest - Clicked on 'Application Forms' menu.
2025-03-27 12:23:45 [main] DEBUG l.i.u.t.SubmittedApplicationsPageTest - Retrieved last description code text: 'TST-VUI-75'.
2025-03-27 12:23:45 [main] DEBUG l.i.u.t.SubmittedApplicationsPageTest - Clicked on 'Invitation' menu.
2025-03-27 12:23:46 [main] DEBUG l.i.u.t.SubmittedApplicationsPageTest - Selected application section by code: 'TST-VUI-75'.
2025-03-27 12:23:46 [main] DEBUG l.i.u.t.SubmittedApplicationsPageTest - Clicked 'Search' button.
2025-03-27 12:23:46 [main] DEBUG l.i.u.t.SubmittedApplicationsPageTest - Retrieved invitation code: ''.
2025-03-27 12:23:46 [main] DEBUG l.i.u.t.SubmittedApplicationsPageTest - Clicked on 'Submitted Applications' menu.
2025-03-27 12:23:48 [main] DEBUG l.i.u.t.SubmittedApplicationsPageTest - Selected invitation by code: 'TST-VUI-75'.
2025-03-27 12:23:48 [main] DEBUG l.i.u.t.SubmittedApplicationsPageTest - Invitation code inserted.
2025-03-27 12:23:48 [main] DEBUG l.i.u.t.SubmittedApplicationsPageTest - Clicked on 'Action Application' button.
2025-03-27 12:23:48 [main] DEBUG l.i.u.t.SubmittedApplicationsPageTest - Clicked on 'New Application' button.
2025-03-27 12:23:49 [main] DEBUG l.i.u.t.SubmittedApplicationsPageTest - Selected the 'RadioButtonFA' option.
2025-03-27 12:23:49 [main] DEBUG l.i.u.t.SubmittedApplicationsPageTest - Entered phone number: '61298745'.
2025-03-27 12:23:49 [main] DEBUG l.i.u.t.SubmittedApplicationsPageTest - Entered email: 'test@autotest.com'.
2025-03-27 12:23:49 [main] INFO  l.i.u.p.SubmittedApplicationsPage - Clicking on the dropdown button.
2025-03-27 12:24:06 [main] INFO  l.i.u.p.SubmittedApplicationsPage - Found 1741 options in the dropdown.
2025-03-27 12:24:06 [main] DEBUG l.i.u.p.SubmittedApplicationsPage - Checking option: ''
2025-03-27 12:24:06 [main] DEBUG l.i.u.p.SubmittedApplicationsPage - Checking option: '01.11 - Grūdinių (išskyrus ryžius), ankštinių ir aliejingų sėklų augalų auginimas'
2025-03-27 12:24:06 [main] INFO  l.i.u.p.SubmittedApplicationsPage - Successfully selected the value: '01.11 - Grūdinių (išskyrus ryžius), ankštinių ir aliejingų sėklų augalų auginimas'
2025-03-27 12:24:06 [main] INFO  l.i.u.p.SubmittedApplicationsPage - Attempting to close the dropdown.
2025-03-27 12:24:06 [main] DEBUG l.i.u.t.SubmittedApplicationsPageTest - Selected EVRK value: '01.11 - Grūdinių (išskyrus ryžius), ankštinių ir aliejingų sėklų augalų auginimas'.
2025-03-27 12:24:07 [main] DEBUG l.i.u.t.SubmittedApplicationsPageTest - Clicked on 'Address Component' button.
2025-03-27 12:24:07 [main] INFO  l.i.u.p.SubmittedApplicationsPage - Located the dropdown button.
2025-03-27 12:24:10 [main] INFO  l.i.u.p.SubmittedApplicationsPage - Successfully selected the value: 'Lietuva'
2025-03-27 12:24:10 [main] DEBUG l.i.u.t.SubmittedApplicationsPageTest - Selected country: 'Lietuva'.
2025-03-27 12:24:10 [main] INFO  l.i.u.p.SubmittedApplicationsPage - Located the dropdown search field.
2025-03-27 12:24:10 [main] INFO  l.i.u.p.SubmittedApplicationsPage - Dropdown city is opened.
2025-03-27 12:24:11 [main] INFO  l.i.u.p.SubmittedApplicationsPage - Searched for value: 'Vilnius'
2025-03-27 12:24:12 [main] INFO  l.i.u.p.SubmittedApplicationsPage - Successfully selected: 'Vilnius'
2025-03-27 12:24:12 [main] INFO  l.i.u.p.SubmittedApplicationsPage - Located the dropdown button.
2025-03-27 12:24:12 [main] INFO  l.i.u.p.SubmittedApplicationsPage - Successfully selected the value: 'A. Domaševičiaus g.'
2025-03-27 12:24:12 [main] DEBUG l.i.u.t.SubmittedApplicationsPageTest - Selected street: 'A. Domaševičiaus g.'.
2025-03-27 12:24:12 [main] INFO  l.i.u.p.SubmittedApplicationsPage - Located the dropdown button.
2025-03-27 12:24:12 [main] INFO  l.i.u.p.SubmittedApplicationsPage - Successfully selected the value: '1'
2025-03-27 12:24:12 [main] DEBUG l.i.u.t.SubmittedApplicationsPageTest - Selected house: '1'.
2025-03-27 12:24:12 [main] INFO  l.i.u.p.SubmittedApplicationsPage - Located the dropdown button.
2025-03-27 12:24:13 [main] INFO  l.i.u.p.SubmittedApplicationsPage - Successfully selected the value: '1'
2025-03-27 12:24:13 [main] DEBUG l.i.u.t.SubmittedApplicationsPageTest - Selected apartment: '1'.
2025-03-27 12:24:13 [main] DEBUG l.i.u.t.SubmittedApplicationsPageTest - Clicked 'Confirm' button.
2025-03-27 12:24:14 [main] DEBUG l.i.u.t.SubmittedApplicationsPageTest - Entered project date.
2025-03-27 12:24:14 [main] DEBUG l.i.u.t.SubmittedApplicationsPageTest - Entered job count: '1'.
2025-03-27 12:24:14 [main] DEBUG l.i.u.t.SubmittedApplicationsPageTest - Clicked 'Next' button.
2025-03-27 12:24:14 [main] INFO  l.i.u.p.SubmittedApplicationsPage - Located the dropdown button.
2025-03-27 12:24:15 [main] INFO  l.i.u.p.SubmittedApplicationsPage - Successfully selected the value: 'Administratoriai'
2025-03-27 12:24:15 [main] DEBUG l.i.u.t.SubmittedApplicationsPageTest - Selected job name: 'Administratoriai'.
2025-03-27 12:24:15 [main] DEBUG l.i.u.t.SubmittedApplicationsPageTest - Entered job function: 'Funkcija 1'.
2025-03-27 12:24:15 [main] DEBUG l.i.u.t.SubmittedApplicationsPageTest - Selected 'RadioButtonWithDisabilities' option.
2025-03-27 12:24:15 [main] INFO  l.i.u.p.SubmittedApplicationsPage - Clicking on the dropdown button.
2025-03-27 12:24:16 [main] INFO  l.i.u.p.SubmittedApplicationsPage - Found 34 options in the dropdown.
2025-03-27 12:24:16 [main] DEBUG l.i.u.p.SubmittedApplicationsPage - Checking option: 'Asmenys, kuriems suteiktas pabėgėlio statusas ar perkeliamojo asmens statusas, arba asmenys, kuriems suteikta papildoma ar laikinoji apsauga, ir asmenys, turintys teisę gauti laikinąją apsaugą, iki sprendimo dėl laikinosios apsaugos suteikimo (nesuteikimo) priėmimo, tačiau ne ilgiau kaip laikinosios apsaugos laikotarpiu'
2025-03-27 12:24:16 [main] DEBUG l.i.u.p.SubmittedApplicationsPage - Checking option: 'Asmenys, kuriems suteiktas pabėgėlio statusas ar perkeliamojo asmens statusas, arba asmenys, kuriems suteikta papildoma ar laikinoji apsauga, ir asmenys, turintys teisę gauti laikinąją apsaugą, iki sprendimo dėl laikinosios apsaugos suteikimo (nesuteikimo) priėmimo, tačiau ne ilgiau kaip laikinosios apsaugos laikotarpiu'
2025-03-27 12:24:16 [main] DEBUG l.i.u.p.SubmittedApplicationsPage - Checking option: 'Asmenys, turintys teisę į papildomas užimtumo garantijas pagal Lietuvos Respublikos valstybės įmonės Ignalinos atominės elektrinės darbuotojų papildomų užimtumo ir socialinių garantijų įstatymą'
2025-03-27 12:24:16 [main] DEBUG l.i.u.p.SubmittedApplicationsPage - Checking option: 'Asmenys, turintys teisę į papildomas užimtumo garantijas pagal Lietuvos Respublikos valstybės įmonės Ignalinos atominės elektrinės darbuotojų papildomų užimtumo ir socialinių garantijų įstatymą'
2025-03-27 12:24:16 [main] DEBUG l.i.u.p.SubmittedApplicationsPage - Checking option: 'Bedarbiai iki 29 metų'
2025-03-27 12:24:16 [main] DEBUG l.i.u.p.SubmittedApplicationsPage - Checking option: 'Bedarbiai iki 29 metų'
2025-03-27 12:24:16 [main] DEBUG l.i.u.p.SubmittedApplicationsPage - Checking option: 'Bedarbiai, kurie yra darbingo amžiaus neįgalieji, kuriems nustatytas 30–40 procentų darbingumo lygis arba vidutinis neįgalumo lygis'
2025-03-27 12:24:16 [main] DEBUG l.i.u.p.SubmittedApplicationsPage - Checking option: 'Bedarbiai, kurie yra darbingo amžiaus neįgalieji, kuriems nustatytas 30–40 procentų darbingumo lygis arba vidutinis neįgalumo lygis'
2025-03-27 12:24:16 [main] DEBUG l.i.u.p.SubmittedApplicationsPage - Checking option: 'Bedarbiai, kurie yra darbingo amžiaus neįgalieji, kuriems nustatytas 45–55 procentų darbingumo lygis arba lengvas neįgalumo lygis'
2025-03-27 12:24:16 [main] DEBUG l.i.u.p.SubmittedApplicationsPage - Checking option: 'Bedarbiai, kurie yra darbingo amžiaus neįgalieji, kuriems nustatytas 45–55 procentų darbingumo lygis arba lengvas neįgalumo lygis'
2025-03-27 12:24:16 [main] DEBUG l.i.u.p.SubmittedApplicationsPage - Checking option: 'Bedarbiai, kurie yra darbingo amžiaus neįgalieji, kuriems nustatytas iki 25 procentų darbingumo lygis arba sunkus neįgalumo lygis'
2025-03-27 12:24:16 [main] INFO  l.i.u.p.SubmittedApplicationsPage - Successfully selected the value: 'Bedarbiai, kurie yra darbingo amžiaus neįgalieji, kuriems nustatytas iki 25 procentų darbingumo lygis arba sunkus neįgalumo lygis'
2025-03-27 12:24:16 [main] INFO  l.i.u.p.SubmittedApplicationsPage - Attempting to close the dropdown.
2025-03-27 12:24:17 [main] DEBUG l.i.u.t.SubmittedApplicationsPageTest - Selected disabilities type: 'Bedarbiai, kurie yra darbingo amžiaus neįgalieji, kuriems nustatytas iki 25 procentų darbingumo lygis arba sunkus neįgalumo lygis'.
2025-03-27 12:24:17 [main] DEBUG l.i.u.t.SubmittedApplicationsPageTest - Entered disability information: 'Negalia 1'.
2025-03-27 12:24:17 [main] INFO  l.i.u.p.SubmittedApplicationsPage - Located the dropdown button.
2025-03-27 12:24:18 [main] INFO  l.i.u.p.SubmittedApplicationsPage - Successfully selected the value: 'Kita'
2025-03-27 12:24:18 [main] DEBUG l.i.u.t.SubmittedApplicationsPageTest - Selected time mode: 'Kita'.
2025-03-27 12:24:18 [main] DEBUG l.i.u.t.SubmittedApplicationsPageTest - Selected time mode other: '6 val. per dieną ir 4 d. per savaitę'.
2025-03-27 12:24:19 [main] DEBUG l.i.u.t.SubmittedApplicationsPageTest - Entered qualification: 'Kvalifikacija 1'.
2025-03-27 12:24:19 [main] DEBUG l.i.u.t.SubmittedApplicationsPageTest - Entered job date.
2025-03-27 12:24:19 [main] DEBUG l.i.u.t.SubmittedApplicationsPageTest - Entered salary amount: '1200'.
2025-03-27 12:24:19 [main] DEBUG l.i.u.t.SubmittedApplicationsPageTest - Entered salary description: 'Užmokestis 1'.
2025-03-27 12:24:19 [main] DEBUG l.i.u.t.SubmittedApplicationsPageTest - Selected 'Temporary Job' radio button.
2025-03-27 12:24:20 [main] DEBUG l.i.u.t.SubmittedApplicationsPageTest - Selected 'Season Job' radio button.
2025-03-27 12:24:20 [main] DEBUG l.i.u.t.SubmittedApplicationsPageTest - Selected 'Energy' radio button.
2025-03-27 12:24:20 [main] DEBUG l.i.u.t.SubmittedApplicationsPageTest - Selected 'Repair' radio button.
2025-03-27 12:24:20 [main] DEBUG l.i.u.t.SubmittedApplicationsPageTest - Entered job description: 'Veikla 1'.
2025-03-27 12:24:20 [main] DEBUG l.i.u.t.SubmittedApplicationsPageTest - Entered process description: 'Procesas 1'.
2025-03-27 12:24:21 [main] DEBUG l.i.u.t.SubmittedApplicationsPageTest - Entered energy information: 'Energija 1'.
2025-03-27 12:24:21 [main] DEBUG l.i.u.t.SubmittedApplicationsPageTest - Entered repair information: 'Remontas 1'.
2025-03-27 12:24:21 [main] DEBUG l.i.u.t.SubmittedApplicationsPageTest - Selected 'PVM' radio button.
2025-03-27 12:24:21 [main] INFO  l.i.u.p.SubmittedApplicationsPage - Located the dropdown button.
2025-03-27 12:24:22 [main] INFO  l.i.u.p.SubmittedApplicationsPage - Successfully selected the value: 'Įsigyti'
2025-03-27 12:24:22 [main] DEBUG l.i.u.t.SubmittedApplicationsPageTest - Selected necessary for job: 'Įsigyti'.
2025-03-27 12:24:22 [main] DEBUG l.i.u.t.SubmittedApplicationsPageTest - Selected tool: 'Darbo priemonė 1'.
2025-03-27 12:24:22 [main] DEBUG l.i.u.t.SubmittedApplicationsPageTest - Selected tool parameter one: 'Darbo priemonės 1 parametras 1'.
2025-03-27 12:24:23 [main] DEBUG l.i.u.t.SubmittedApplicationsPageTest - Selected tool parameter two: 'Darbo priemonės 1 parametras 2'.
2025-03-27 12:24:23 [main] DEBUG l.i.u.t.SubmittedApplicationsPageTest - Selected tool parameter three: 'Darbo priemonės 1 parametras 3'.
2025-03-27 12:24:23 [main] DEBUG l.i.u.t.SubmittedApplicationsPageTest - Entered tool count: '1'.
2025-03-27 12:24:23 [main] DEBUG l.i.u.t.SubmittedApplicationsPageTest - Entered price amount 1: '1000'.
2025-03-27 12:24:28 [main] DEBUG l.i.u.t.SubmittedApplicationsPageTest - Clicked 'Add' button.
2025-03-27 12:24:28 [main] INFO  l.i.u.p.SubmittedApplicationsPage - Located the dropdown button.
2025-03-27 12:24:29 [main] INFO  l.i.u.p.SubmittedApplicationsPage - Successfully selected the value: 'Remontuoti'
2025-03-27 12:24:29 [main] DEBUG l.i.u.t.SubmittedApplicationsPageTest - Selected necessary for job 'to repair': 'Remontuoti'.
2025-03-27 12:24:29 [main] DEBUG l.i.u.t.SubmittedApplicationsPageTest - Selected repair name: 'Remonto pavadinimas 1'.
2025-03-27 12:24:29 [main] DEBUG l.i.u.t.SubmittedApplicationsPageTest - Entered repair information: 'Remonto aprašymas 1'.
2025-03-27 12:24:29 [main] DEBUG l.i.u.t.SubmittedApplicationsPageTest - Entered price amount 2: '1000'.
2025-03-27 12:24:31 [main] DEBUG l.i.u.t.SubmittedApplicationsPageTest - Entered own funds amount 2: '900'.
2025-03-27 12:24:34 [main] DEBUG l.i.u.t.SubmittedApplicationsPageTest - Entered country percentage: '50'.
2025-03-27 12:24:34 [main] DEBUG l.i.u.t.SubmittedApplicationsPageTest - Entered institution percentage: '50'.
2025-03-27 12:24:34 [main] DEBUG l.i.u.t.SubmittedApplicationsPageTest - Entered municipality percentage: '50'.
2025-03-27 12:24:34 [main] DEBUG l.i.u.t.SubmittedApplicationsPageTest - Selected 'De Minimis' radio button.
2025-03-27 12:24:34 [main] DEBUG l.i.u.t.SubmittedApplicationsPageTest - Entered program name: 'Programa 1'.
2025-03-27 12:24:34 [main] DEBUG l.i.u.t.SubmittedApplicationsPageTest - Entered project date from.
2025-03-27 12:24:35 [main] DEBUG l.i.u.t.SubmittedApplicationsPageTest - Entered project date until.
2025-03-27 12:24:35 [main] DEBUG l.i.u.t.SubmittedApplicationsPageTest - Entered support amount: '2000'.
2025-03-27 12:24:35 [main] DEBUG l.i.u.t.SubmittedApplicationsPageTest - Clicked 'Next' button.
2025-03-27 12:25:05 [main] ERROR l.i.u.t.SubmittedApplicationsPageTest - Test 'testFillNewVUIApplicationFA' failed with error: no such element: Unable to locate element: {"method":"xpath","selector":"(//div[contains(@class, 'mdc-checkbox')]//input[@type='checkbox'])[1]"}
  (Session info: chrome=134.0.6998.166)
For documentation on this error, please visit: https://www.selenium.dev/documentation/webdriver/troubleshooting/errors#no-such-element-exception
Build info: version: '4.27.0', revision: 'd6e718d134'
System info: os.name: 'Windows 11', os.arch: 'amd64', os.version: '10.0', java.version: '21.0.3'
Driver info: org.openqa.selenium.chrome.ChromeDriver
Command: [a2c5e4f0d6aefb0c0deb48f25f4e7778, findElement {using=xpath, value=(//div[contains(@class, 'mdc-checkbox')]//input[@type='checkbox'])[1]}]
Capabilities {acceptInsecureCerts: false, browserName: chrome, browserVersion: 134.0.6998.166, chrome: {chromedriverVersion: 134.0.6998.165 (fd886e2cb29..., userDataDir: C:\Users\INGRID~1.ZAD\AppDa...}, fedcm:accounts: true, goog:chromeOptions: {debuggerAddress: localhost:60005}, networkConnectionEnabled: false, pageLoadStrategy: normal, platformName: windows, proxy: Proxy(), se:cdp: ws://localhost:60005/devtoo..., se:cdpVersion: 134.0.6998.166, setWindowRect: true, strictFileInteractability: false, timeouts: {implicit: 0, pageLoad: 300000, script: 30000}, unhandledPromptBehavior: dismiss and notify, webauthn:extension:credBlob: true, webauthn:extension:largeBlob: true, webauthn:extension:minPinLength: true, webauthn:extension:prf: true, webauthn:virtualAuthenticators: true}
Session ID: a2c5e4f0d6aefb0c0deb48f25f4e7778
org.openqa.selenium.NoSuchElementException: no such element: Unable to locate element: {"method":"xpath","selector":"(//div[contains(@class, 'mdc-checkbox')]//input[@type='checkbox'])[1]"}
  (Session info: chrome=134.0.6998.166)
For documentation on this error, please visit: https://www.selenium.dev/documentation/webdriver/troubleshooting/errors#no-such-element-exception
Build info: version: '4.27.0', revision: 'd6e718d134'
System info: os.name: 'Windows 11', os.arch: 'amd64', os.version: '10.0', java.version: '21.0.3'
Driver info: org.openqa.selenium.chrome.ChromeDriver
Command: [a2c5e4f0d6aefb0c0deb48f25f4e7778, findElement {using=xpath, value=(//div[contains(@class, 'mdc-checkbox')]//input[@type='checkbox'])[1]}]
Capabilities {acceptInsecureCerts: false, browserName: chrome, browserVersion: 134.0.6998.166, chrome: {chromedriverVersion: 134.0.6998.165 (fd886e2cb29..., userDataDir: C:\Users\INGRID~1.ZAD\AppDa...}, fedcm:accounts: true, goog:chromeOptions: {debuggerAddress: localhost:60005}, networkConnectionEnabled: false, pageLoadStrategy: normal, platformName: windows, proxy: Proxy(), se:cdp: ws://localhost:60005/devtoo..., se:cdpVersion: 134.0.6998.166, setWindowRect: true, strictFileInteractability: false, timeouts: {implicit: 0, pageLoad: 300000, script: 30000}, unhandledPromptBehavior: dismiss and notify, webauthn:extension:credBlob: true, webauthn:extension:largeBlob: true, webauthn:extension:minPinLength: true, webauthn:extension:prf: true, webauthn:virtualAuthenticators: true}
Session ID: a2c5e4f0d6aefb0c0deb48f25f4e7778
	at java.base/jdk.internal.reflect.DirectConstructorHandleAccessor.newInstance(DirectConstructorHandleAccessor.java:62)
	at java.base/java.lang.reflect.Constructor.newInstanceWithCaller(Constructor.java:502)
	at java.base/java.lang.reflect.Constructor.newInstance(Constructor.java:486)
	at org.openqa.selenium.remote.ErrorCodec.decode(ErrorCodec.java:167)
	at org.openqa.selenium.remote.codec.w3c.W3CHttpResponseCodec.decode(W3CHttpResponseCodec.java:138)
	at org.openqa.selenium.remote.codec.w3c.W3CHttpResponseCodec.decode(W3CHttpResponseCodec.java:50)
	at org.openqa.selenium.remote.HttpCommandExecutor.execute(HttpCommandExecutor.java:190)
	at org.openqa.selenium.remote.service.DriverCommandExecutor.invokeExecute(DriverCommandExecutor.java:216)
	at org.openqa.selenium.remote.service.DriverCommandExecutor.execute(DriverCommandExecutor.java:174)
	at org.openqa.selenium.remote.RemoteWebDriver.execute(RemoteWebDriver.java:545)
	at org.openqa.selenium.remote.ElementLocation$ElementFinder$2.findElement(ElementLocation.java:165)
	at org.openqa.selenium.remote.ElementLocation.findElement(ElementLocation.java:59)
	at org.openqa.selenium.remote.RemoteWebDriver.findElement(RemoteWebDriver.java:368)
	at org.openqa.selenium.remote.RemoteWebDriver.findElement(RemoteWebDriver.java:362)
	at org.openqa.selenium.support.pagefactory.DefaultElementLocator.findElement(DefaultElementLocator.java:68)
	at org.openqa.selenium.support.pagefactory.internal.LocatingElementHandler.invoke(LocatingElementHandler.java:38)
	at jdk.proxy2/jdk.proxy2.$Proxy14.getWrappedElement(Unknown Source)
	at org.openqa.selenium.remote.WebElementToJsonConverter.apply(WebElementToJsonConverter.java:48)
	at java.base/java.util.stream.ReferencePipeline$3$1.accept(ReferencePipeline.java:197)
	at java.base/java.util.Spliterators$ArraySpliterator.forEachRemaining(Spliterators.java:1024)
	at java.base/java.util.stream.AbstractPipeline.copyInto(AbstractPipeline.java:509)
	at java.base/java.util.stream.AbstractPipeline.wrapAndCopyInto(AbstractPipeline.java:499)
	at java.base/java.util.stream.ReduceOps$ReduceOp.evaluateSequential(ReduceOps.java:921)
	at java.base/java.util.stream.AbstractPipeline.evaluate(AbstractPipeline.java:234)
	at java.base/java.util.stream.ReferencePipeline.collect(ReferencePipeline.java:682)
	at org.openqa.selenium.remote.RemoteWebDriver.executeScript(RemoteWebDriver.java:474)
	at lt.insoft.uztis.pages.SubmittedApplicationsPage$CheckboxHelper.clickWithJavaScript(SubmittedApplicationsPage.java:1739)
	at lt.insoft.uztis.pages.SubmittedApplicationsPage$CheckboxHelper.setConfirmationCheckbox(SubmittedApplicationsPage.java:1728)
	at lt.insoft.uztis.tests.SubmittedApplicationsPageTest.testFillNewVUIApplicationFA(SubmittedApplicationsPageTest.java:408)
	at java.base/jdk.internal.reflect.DirectMethodHandleAccessor.invoke(DirectMethodHandleAccessor.java:103)
	at java.base/java.lang.reflect.Method.invoke(Method.java:580)
	at org.junit.platform.commons.util.ReflectionUtils.invokeMethod(ReflectionUtils.java:728)
	at org.junit.jupiter.engine.execution.MethodInvocation.proceed(MethodInvocation.java:60)
	at org.junit.jupiter.engine.execution.InvocationInterceptorChain$ValidatingInvocation.proceed(InvocationInterceptorChain.java:131)
	at org.junit.jupiter.engine.extension.TimeoutExtension.intercept(TimeoutExtension.java:156)
	at org.junit.jupiter.engine.extension.TimeoutExtension.interceptTestableMethod(TimeoutExtension.java:147)
	at org.junit.jupiter.engine.extension.TimeoutExtension.interceptTestMethod(TimeoutExtension.java:86)
	at org.junit.jupiter.engine.execution.InterceptingExecutableInvoker$ReflectiveInterceptorCall.lambda$ofVoidMethod$0(InterceptingExecutableInvoker.java:103)
	at org.junit.jupiter.engine.execution.InterceptingExecutableInvoker.lambda$invoke$0(InterceptingExecutableInvoker.java:93)
	at org.junit.jupiter.engine.execution.InvocationInterceptorChain$InterceptedInvocation.proceed(InvocationInterceptorChain.java:106)
	at org.junit.jupiter.engine.execution.InvocationInterceptorChain.proceed(InvocationInterceptorChain.java:64)
	at org.junit.jupiter.engine.execution.InvocationInterceptorChain.chainAndInvoke(InvocationInterceptorChain.java:45)
	at org.junit.jupiter.engine.execution.InvocationInterceptorChain.invoke(InvocationInterceptorChain.java:37)
	at org.junit.jupiter.engine.execution.InterceptingExecutableInvoker.invoke(InterceptingExecutableInvoker.java:92)
	at org.junit.jupiter.engine.execution.InterceptingExecutableInvoker.invoke(InterceptingExecutableInvoker.java:86)
	at org.junit.jupiter.engine.descriptor.TestMethodTestDescriptor.lambda$invokeTestMethod$7(TestMethodTestDescriptor.java:218)
	at org.junit.platform.engine.support.hierarchical.ThrowableCollector.execute(ThrowableCollector.java:73)
	at org.junit.jupiter.engine.descriptor.TestMethodTestDescriptor.invokeTestMethod(TestMethodTestDescriptor.java:214)
	at org.junit.jupiter.engine.descriptor.TestMethodTestDescriptor.execute(TestMethodTestDescriptor.java:139)
	at org.junit.jupiter.engine.descriptor.TestMethodTestDescriptor.execute(TestMethodTestDescriptor.java:69)
	at org.junit.platform.engine.support.hierarchical.NodeTestTask.lambda$executeRecursively$6(NodeTestTask.java:151)
	at org.junit.platform.engine.support.hierarchical.ThrowableCollector.execute(ThrowableCollector.java:73)
	at org.junit.platform.engine.support.hierarchical.NodeTestTask.lambda$executeRecursively$8(NodeTestTask.java:141)
	at org.junit.platform.engine.support.hierarchical.Node.around(Node.java:137)
	at org.junit.platform.engine.support.hierarchical.NodeTestTask.lambda$executeRecursively$9(NodeTestTask.java:139)
	at org.junit.platform.engine.support.hierarchical.ThrowableCollector.execute(ThrowableCollector.java:73)
	at org.junit.platform.engine.support.hierarchical.NodeTestTask.executeRecursively(NodeTestTask.java:138)
	at org.junit.platform.engine.support.hierarchical.NodeTestTask.execute(NodeTestTask.java:95)
	at java.base/java.util.ArrayList.forEach(ArrayList.java:1596)
	at org.junit.platform.engine.support.hierarchical.SameThreadHierarchicalTestExecutorService.invokeAll(SameThreadHierarchicalTestExecutorService.java:41)
	at org.junit.platform.engine.support.hierarchical.NodeTestTask.lambda$executeRecursively$6(NodeTestTask.java:155)
	at org.junit.platform.engine.support.hierarchical.ThrowableCollector.execute(ThrowableCollector.java:73)
	at org.junit.platform.engine.support.hierarchical.NodeTestTask.lambda$executeRecursively$8(NodeTestTask.java:141)
	at org.junit.platform.engine.support.hierarchical.Node.around(Node.java:137)
	at org.junit.platform.engine.support.hierarchical.NodeTestTask.lambda$executeRecursively$9(NodeTestTask.java:139)
	at org.junit.platform.engine.support.hierarchical.ThrowableCollector.execute(ThrowableCollector.java:73)
	at org.junit.platform.engine.support.hierarchical.NodeTestTask.executeRecursively(NodeTestTask.java:138)
	at org.junit.platform.engine.support.hierarchical.NodeTestTask.execute(NodeTestTask.java:95)
	at java.base/java.util.ArrayList.forEach(ArrayList.java:1596)
	at org.junit.platform.engine.support.hierarchical.SameThreadHierarchicalTestExecutorService.invokeAll(SameThreadHierarchicalTestExecutorService.java:41)
	at org.junit.platform.engine.support.hierarchical.NodeTestTask.lambda$executeRecursively$6(NodeTestTask.java:155)
	at org.junit.platform.engine.support.hierarchical.ThrowableCollector.execute(ThrowableCollector.java:73)
	at org.junit.platform.engine.support.hierarchical.NodeTestTask.lambda$executeRecursively$8(NodeTestTask.java:141)
	at org.junit.platform.engine.support.hierarchical.Node.around(Node.java:137)
	at org.junit.platform.engine.support.hierarchical.NodeTestTask.lambda$executeRecursively$9(NodeTestTask.java:139)
	at org.junit.platform.engine.support.hierarchical.ThrowableCollector.execute(ThrowableCollector.java:73)
	at org.junit.platform.engine.support.hierarchical.NodeTestTask.executeRecursively(NodeTestTask.java:138)
	at org.junit.platform.engine.support.hierarchical.NodeTestTask.execute(NodeTestTask.java:95)
	at org.junit.platform.engine.support.hierarchical.SameThreadHierarchicalTestExecutorService.submit(SameThreadHierarchicalTestExecutorService.java:35)
	at org.junit.platform.engine.support.hierarchical.HierarchicalTestExecutor.execute(HierarchicalTestExecutor.java:57)
	at org.junit.platform.engine.support.hierarchical.HierarchicalTestEngine.execute(HierarchicalTestEngine.java:54)
	at org.junit.platform.launcher.core.EngineExecutionOrchestrator.execute(EngineExecutionOrchestrator.java:198)
	at org.junit.platform.launcher.core.EngineExecutionOrchestrator.execute(EngineExecutionOrchestrator.java:169)
	at org.junit.platform.launcher.core.EngineExecutionOrchestrator.execute(EngineExecutionOrchestrator.java:93)
	at org.junit.platform.launcher.core.EngineExecutionOrchestrator.lambda$execute$0(EngineExecutionOrchestrator.java:58)
	at org.junit.platform.launcher.core.EngineExecutionOrchestrator.withInterceptedStreams(EngineExecutionOrchestrator.java:141)
	at org.junit.platform.launcher.core.EngineExecutionOrchestrator.execute(EngineExecutionOrchestrator.java:57)
	at org.junit.platform.launcher.core.DefaultLauncher.execute(DefaultLauncher.java:103)
	at org.junit.platform.launcher.core.DefaultLauncher.execute(DefaultLauncher.java:85)
	at org.junit.platform.launcher.core.DelegatingLauncher.execute(DelegatingLauncher.java:47)
	at org.junit.platform.launcher.core.SessionPerRequestLauncher.execute(SessionPerRequestLauncher.java:63)
	at com.intellij.junit5.JUnit5IdeaTestRunner.startRunnerWithArgs(JUnit5IdeaTestRunner.java:57)
	at com.intellij.rt.junit.IdeaTestRunner$Repeater$1.execute(IdeaTestRunner.java:38)
	at com.intellij.rt.execution.junit.TestsRepeater.repeat(TestsRepeater.java:11)
	at com.intellij.rt.junit.IdeaTestRunner$Repeater.startRunnerWithArgs(IdeaTestRunner.java:35)
	at com.intellij.rt.junit.JUnitStarter.prepareStreamsAndStart(JUnitStarter.java:232)
	at com.intellij.rt.junit.JUnitStarter.main(JUnitStarter.java:55)
2025-03-27 12:25:05 [main] INFO  l.insoft.uztis.tests.utils.TestUtils - Screenshot moved to C:\Users\ingrida.zadorozniene\Desktop\Asm\UZTIS\UZTIS_tests\test-output\screenshots\20250327\122505499_testFillNewVUIApplicationFA().png
2025-03-27 12:25:52 [main] INFO  lt.insoft.uztis.tests.UztisPageTest - Navigated to https://uztisdev.asseco.lt/home
2025-03-27 12:25:52 [main] INFO  l.i.u.t.SubmittedApplicationsPageTest - Starting test:'testFillNewVUIPApplicationFA'
2025-03-27 12:25:53 [main] DEBUG l.i.u.t.SubmittedApplicationsPageTest - User logged in with test credentials.
2025-03-27 12:25:53 [main] DEBUG l.i.u.t.SubmittedApplicationsPageTest - Opened 'Application Processing' menu.
2025-03-27 12:25:53 [main] DEBUG l.i.u.t.SubmittedApplicationsPageTest - Clicked on 'Application Forms' menu.
2025-03-27 12:25:54 [main] DEBUG l.i.u.t.SubmittedApplicationsPageTest - Retrieved last description code text: 'TST-VUI-75'.
2025-03-27 12:25:54 [main] DEBUG l.i.u.t.SubmittedApplicationsPageTest - Clicked on 'Invitation' menu.
2025-03-27 12:25:56 [main] DEBUG l.i.u.t.SubmittedApplicationsPageTest - Selected application section by code: 'TST-VUI-75'.
2025-03-27 12:25:56 [main] DEBUG l.i.u.t.SubmittedApplicationsPageTest - Clicked 'Search' button.
2025-03-27 12:25:56 [main] DEBUG l.i.u.t.SubmittedApplicationsPageTest - Retrieved invitation code: ''.
2025-03-27 12:25:56 [main] DEBUG l.i.u.t.SubmittedApplicationsPageTest - Clicked on 'Submitted Applications' menu.
2025-03-27 12:25:58 [main] DEBUG l.i.u.t.SubmittedApplicationsPageTest - Selected invitation by code: 'TST-VUI-75'.
2025-03-27 12:25:58 [main] DEBUG l.i.u.t.SubmittedApplicationsPageTest - Invitation code inserted.
2025-03-27 12:25:58 [main] DEBUG l.i.u.t.SubmittedApplicationsPageTest - Clicked on 'Action Application' button.
2025-03-27 12:25:58 [main] DEBUG l.i.u.t.SubmittedApplicationsPageTest - Clicked on 'New Application' button.
2025-03-27 12:25:58 [main] DEBUG l.i.u.t.SubmittedApplicationsPageTest - Selected the 'RadioButtonFA' option.
2025-03-27 12:25:59 [main] DEBUG l.i.u.t.SubmittedApplicationsPageTest - Entered phone number: '61298745'.
2025-03-27 12:25:59 [main] DEBUG l.i.u.t.SubmittedApplicationsPageTest - Entered email: 'test@autotest.com'.
2025-03-27 12:25:59 [main] INFO  l.i.u.p.SubmittedApplicationsPage - Clicking on the dropdown button.
2025-03-27 12:26:16 [main] INFO  l.i.u.p.SubmittedApplicationsPage - Found 1741 options in the dropdown.
2025-03-27 12:26:16 [main] DEBUG l.i.u.p.SubmittedApplicationsPage - Checking option: ''
2025-03-27 12:26:16 [main] DEBUG l.i.u.p.SubmittedApplicationsPage - Checking option: '01.11 - Grūdinių (išskyrus ryžius), ankštinių ir aliejingų sėklų augalų auginimas'
2025-03-27 12:26:16 [main] INFO  l.i.u.p.SubmittedApplicationsPage - Successfully selected the value: '01.11 - Grūdinių (išskyrus ryžius), ankštinių ir aliejingų sėklų augalų auginimas'
2025-03-27 12:26:16 [main] INFO  l.i.u.p.SubmittedApplicationsPage - Attempting to close the dropdown.
2025-03-27 12:26:17 [main] DEBUG l.i.u.t.SubmittedApplicationsPageTest - Selected EVRK value: '01.11 - Grūdinių (išskyrus ryžius), ankštinių ir aliejingų sėklų augalų auginimas'.
2025-03-27 12:26:17 [main] DEBUG l.i.u.t.SubmittedApplicationsPageTest - Clicked on 'Address Component' button.
2025-03-27 12:26:17 [main] INFO  l.i.u.p.SubmittedApplicationsPage - Located the dropdown button.
2025-03-27 12:26:20 [main] INFO  l.i.u.p.SubmittedApplicationsPage - Successfully selected the value: 'Lietuva'
2025-03-27 12:26:20 [main] DEBUG l.i.u.t.SubmittedApplicationsPageTest - Selected country: 'Lietuva'.
2025-03-27 12:26:20 [main] INFO  l.i.u.p.SubmittedApplicationsPage - Located the dropdown search field.
2025-03-27 12:26:21 [main] INFO  l.i.u.p.SubmittedApplicationsPage - Dropdown city is opened.
2025-03-27 12:26:21 [main] INFO  l.i.u.p.SubmittedApplicationsPage - Searched for value: 'Vilnius'
2025-03-27 12:26:22 [main] INFO  l.i.u.p.SubmittedApplicationsPage - Successfully selected: 'Vilnius'
2025-03-27 12:26:22 [main] INFO  l.i.u.p.SubmittedApplicationsPage - Located the dropdown button.
2025-03-27 12:26:22 [main] INFO  l.i.u.p.SubmittedApplicationsPage - Successfully selected the value: 'A. Domaševičiaus g.'
2025-03-27 12:26:22 [main] DEBUG l.i.u.t.SubmittedApplicationsPageTest - Selected street: 'A. Domaševičiaus g.'.
2025-03-27 12:26:22 [main] INFO  l.i.u.p.SubmittedApplicationsPage - Located the dropdown button.
2025-03-27 12:26:23 [main] INFO  l.i.u.p.SubmittedApplicationsPage - Successfully selected the value: '1'
2025-03-27 12:26:23 [main] DEBUG l.i.u.t.SubmittedApplicationsPageTest - Selected house: '1'.
2025-03-27 12:26:23 [main] INFO  l.i.u.p.SubmittedApplicationsPage - Located the dropdown button.
2025-03-27 12:26:24 [main] INFO  l.i.u.p.SubmittedApplicationsPage - Successfully selected the value: '1'
2025-03-27 12:26:24 [main] DEBUG l.i.u.t.SubmittedApplicationsPageTest - Selected apartment: '1'.
2025-03-27 12:26:24 [main] DEBUG l.i.u.t.SubmittedApplicationsPageTest - Clicked 'Confirm' button.
2025-03-27 12:26:24 [main] DEBUG l.i.u.t.SubmittedApplicationsPageTest - Entered project date.
2025-03-27 12:26:24 [main] DEBUG l.i.u.t.SubmittedApplicationsPageTest - Entered job count: '1'.
2025-03-27 12:26:24 [main] DEBUG l.i.u.t.SubmittedApplicationsPageTest - Clicked 'Next' button.
2025-03-27 12:26:24 [main] INFO  l.i.u.p.SubmittedApplicationsPage - Located the dropdown button.
2025-03-27 12:26:25 [main] INFO  l.i.u.p.SubmittedApplicationsPage - Successfully selected the value: 'Administratoriai'
2025-03-27 12:26:25 [main] DEBUG l.i.u.t.SubmittedApplicationsPageTest - Selected job name: 'Administratoriai'.
2025-03-27 12:26:25 [main] DEBUG l.i.u.t.SubmittedApplicationsPageTest - Entered job function: 'Funkcija 1'.
2025-03-27 12:26:26 [main] DEBUG l.i.u.t.SubmittedApplicationsPageTest - Selected 'RadioButtonWithDisabilities' option.
2025-03-27 12:26:26 [main] INFO  l.i.u.p.SubmittedApplicationsPage - Clicking on the dropdown button.
2025-03-27 12:26:27 [main] INFO  l.i.u.p.SubmittedApplicationsPage - Found 34 options in the dropdown.
2025-03-27 12:26:27 [main] DEBUG l.i.u.p.SubmittedApplicationsPage - Checking option: 'Asmenys, kuriems suteiktas pabėgėlio statusas ar perkeliamojo asmens statusas, arba asmenys, kuriems suteikta papildoma ar laikinoji apsauga, ir asmenys, turintys teisę gauti laikinąją apsaugą, iki sprendimo dėl laikinosios apsaugos suteikimo (nesuteikimo) priėmimo, tačiau ne ilgiau kaip laikinosios apsaugos laikotarpiu'
2025-03-27 12:26:27 [main] DEBUG l.i.u.p.SubmittedApplicationsPage - Checking option: 'Asmenys, kuriems suteiktas pabėgėlio statusas ar perkeliamojo asmens statusas, arba asmenys, kuriems suteikta papildoma ar laikinoji apsauga, ir asmenys, turintys teisę gauti laikinąją apsaugą, iki sprendimo dėl laikinosios apsaugos suteikimo (nesuteikimo) priėmimo, tačiau ne ilgiau kaip laikinosios apsaugos laikotarpiu'
2025-03-27 12:26:27 [main] DEBUG l.i.u.p.SubmittedApplicationsPage - Checking option: 'Asmenys, turintys teisę į papildomas užimtumo garantijas pagal Lietuvos Respublikos valstybės įmonės Ignalinos atominės elektrinės darbuotojų papildomų užimtumo ir socialinių garantijų įstatymą'
2025-03-27 12:26:27 [main] DEBUG l.i.u.p.SubmittedApplicationsPage - Checking option: 'Asmenys, turintys teisę į papildomas užimtumo garantijas pagal Lietuvos Respublikos valstybės įmonės Ignalinos atominės elektrinės darbuotojų papildomų užimtumo ir socialinių garantijų įstatymą'
2025-03-27 12:26:27 [main] DEBUG l.i.u.p.SubmittedApplicationsPage - Checking option: 'Bedarbiai iki 29 metų'
2025-03-27 12:26:27 [main] DEBUG l.i.u.p.SubmittedApplicationsPage - Checking option: 'Bedarbiai iki 29 metų'
2025-03-27 12:26:27 [main] DEBUG l.i.u.p.SubmittedApplicationsPage - Checking option: 'Bedarbiai, kurie yra darbingo amžiaus neįgalieji, kuriems nustatytas 30–40 procentų darbingumo lygis arba vidutinis neįgalumo lygis'
2025-03-27 12:26:27 [main] DEBUG l.i.u.p.SubmittedApplicationsPage - Checking option: 'Bedarbiai, kurie yra darbingo amžiaus neįgalieji, kuriems nustatytas 30–40 procentų darbingumo lygis arba vidutinis neįgalumo lygis'
2025-03-27 12:26:27 [main] DEBUG l.i.u.p.SubmittedApplicationsPage - Checking option: 'Bedarbiai, kurie yra darbingo amžiaus neįgalieji, kuriems nustatytas 45–55 procentų darbingumo lygis arba lengvas neįgalumo lygis'
2025-03-27 12:26:27 [main] DEBUG l.i.u.p.SubmittedApplicationsPage - Checking option: 'Bedarbiai, kurie yra darbingo amžiaus neįgalieji, kuriems nustatytas 45–55 procentų darbingumo lygis arba lengvas neįgalumo lygis'
2025-03-27 12:26:27 [main] DEBUG l.i.u.p.SubmittedApplicationsPage - Checking option: 'Bedarbiai, kurie yra darbingo amžiaus neįgalieji, kuriems nustatytas iki 25 procentų darbingumo lygis arba sunkus neįgalumo lygis'
2025-03-27 12:26:27 [main] INFO  l.i.u.p.SubmittedApplicationsPage - Successfully selected the value: 'Bedarbiai, kurie yra darbingo amžiaus neįgalieji, kuriems nustatytas iki 25 procentų darbingumo lygis arba sunkus neįgalumo lygis'
2025-03-27 12:26:27 [main] INFO  l.i.u.p.SubmittedApplicationsPage - Attempting to close the dropdown.
2025-03-27 12:26:28 [main] DEBUG l.i.u.t.SubmittedApplicationsPageTest - Selected disabilities type: 'Bedarbiai, kurie yra darbingo amžiaus neįgalieji, kuriems nustatytas iki 25 procentų darbingumo lygis arba sunkus neįgalumo lygis'.
2025-03-27 12:26:28 [main] DEBUG l.i.u.t.SubmittedApplicationsPageTest - Entered disability information: 'Negalia 1'.
2025-03-27 12:26:28 [main] INFO  l.i.u.p.SubmittedApplicationsPage - Located the dropdown button.
2025-03-27 12:26:29 [main] INFO  l.i.u.p.SubmittedApplicationsPage - Successfully selected the value: 'Kita'
2025-03-27 12:26:29 [main] DEBUG l.i.u.t.SubmittedApplicationsPageTest - Selected time mode: 'Kita'.
2025-03-27 12:26:29 [main] DEBUG l.i.u.t.SubmittedApplicationsPageTest - Selected time mode other: '6 val. per dieną ir 4 d. per savaitę'.
2025-03-27 12:26:30 [main] DEBUG l.i.u.t.SubmittedApplicationsPageTest - Entered qualification: 'Kvalifikacija 1'.
2025-03-27 12:26:30 [main] DEBUG l.i.u.t.SubmittedApplicationsPageTest - Entered job date.
2025-03-27 12:26:30 [main] DEBUG l.i.u.t.SubmittedApplicationsPageTest - Entered salary amount: '1200'.
2025-03-27 12:26:30 [main] DEBUG l.i.u.t.SubmittedApplicationsPageTest - Entered salary description: 'Užmokestis 1'.
2025-03-27 12:26:30 [main] DEBUG l.i.u.t.SubmittedApplicationsPageTest - Selected 'Temporary Job' radio button.
2025-03-27 12:26:31 [main] DEBUG l.i.u.t.SubmittedApplicationsPageTest - Selected 'Season Job' radio button.
2025-03-27 12:26:31 [main] DEBUG l.i.u.t.SubmittedApplicationsPageTest - Selected 'Energy' radio button.
2025-03-27 12:26:31 [main] DEBUG l.i.u.t.SubmittedApplicationsPageTest - Selected 'Repair' radio button.
2025-03-27 12:26:31 [main] DEBUG l.i.u.t.SubmittedApplicationsPageTest - Entered job description: 'Veikla 1'.
2025-03-27 12:26:31 [main] DEBUG l.i.u.t.SubmittedApplicationsPageTest - Entered process description: 'Procesas 1'.
2025-03-27 12:26:32 [main] DEBUG l.i.u.t.SubmittedApplicationsPageTest - Entered energy information: 'Energija 1'.
2025-03-27 12:26:32 [main] DEBUG l.i.u.t.SubmittedApplicationsPageTest - Entered repair information: 'Remontas 1'.
2025-03-27 12:26:32 [main] DEBUG l.i.u.t.SubmittedApplicationsPageTest - Selected 'PVM' radio button.
2025-03-27 12:26:32 [main] INFO  l.i.u.p.SubmittedApplicationsPage - Located the dropdown button.
2025-03-27 12:26:33 [main] INFO  l.i.u.p.SubmittedApplicationsPage - Successfully selected the value: 'Įsigyti'
2025-03-27 12:26:33 [main] DEBUG l.i.u.t.SubmittedApplicationsPageTest - Selected necessary for job: 'Įsigyti'.
2025-03-27 12:26:33 [main] DEBUG l.i.u.t.SubmittedApplicationsPageTest - Selected tool: 'Darbo priemonė 1'.
2025-03-27 12:26:33 [main] DEBUG l.i.u.t.SubmittedApplicationsPageTest - Selected tool parameter one: 'Darbo priemonės 1 parametras 1'.
2025-03-27 12:26:33 [main] DEBUG l.i.u.t.SubmittedApplicationsPageTest - Selected tool parameter two: 'Darbo priemonės 1 parametras 2'.
2025-03-27 12:26:34 [main] DEBUG l.i.u.t.SubmittedApplicationsPageTest - Selected tool parameter three: 'Darbo priemonės 1 parametras 3'.
2025-03-27 12:26:34 [main] DEBUG l.i.u.t.SubmittedApplicationsPageTest - Entered tool count: '1'.
2025-03-27 12:26:34 [main] DEBUG l.i.u.t.SubmittedApplicationsPageTest - Entered price amount 1: '1000'.
2025-03-27 12:27:01 [main] ERROR l.i.u.t.SubmittedApplicationsPageTest - Test 'testFillNewVUIApplicationFA' failed with error: Error communicating with the remote browser. It may have died.
Build info: version: '4.27.0', revision: 'd6e718d134'
System info: os.name: 'Windows 11', os.arch: 'amd64', os.version: '10.0', java.version: '21.0.3'
Driver info: org.openqa.selenium.chrome.ChromeDriver
Command: [38d47ca4ba260b04a4e571e7cb72f880, findElement [using, value]]
Capabilities {acceptInsecureCerts: false, browserName: chrome, browserVersion: 134.0.6998.166, chrome: {chromedriverVersion: 134.0.6998.165 (fd886e2cb29..., userDataDir: C:\Users\INGRID~1.ZAD\AppDa...}, fedcm:accounts: true, goog:chromeOptions: {debuggerAddress: localhost:60099}, networkConnectionEnabled: false, pageLoadStrategy: normal, platformName: windows, proxy: Proxy(), se:cdp: ws://localhost:60099/devtoo..., se:cdpVersion: 134.0.6998.166, setWindowRect: true, strictFileInteractability: false, timeouts: {implicit: 0, pageLoad: 300000, script: 30000}, unhandledPromptBehavior: dismiss and notify, webauthn:extension:credBlob: true, webauthn:extension:largeBlob: true, webauthn:extension:minPinLength: true, webauthn:extension:prf: true, webauthn:virtualAuthenticators: true}
Session ID: 38d47ca4ba260b04a4e571e7cb72f880
org.openqa.selenium.remote.UnreachableBrowserException: Error communicating with the remote browser. It may have died.
Build info: version: '4.27.0', revision: 'd6e718d134'
System info: os.name: 'Windows 11', os.arch: 'amd64', os.version: '10.0', java.version: '21.0.3'
Driver info: org.openqa.selenium.chrome.ChromeDriver
Command: [38d47ca4ba260b04a4e571e7cb72f880, findElement [using, value]]
Capabilities {acceptInsecureCerts: false, browserName: chrome, browserVersion: 134.0.6998.166, chrome: {chromedriverVersion: 134.0.6998.165 (fd886e2cb29..., userDataDir: C:\Users\INGRID~1.ZAD\AppDa...}, fedcm:accounts: true, goog:chromeOptions: {debuggerAddress: localhost:60099}, networkConnectionEnabled: false, pageLoadStrategy: normal, platformName: windows, proxy: Proxy(), se:cdp: ws://localhost:60099/devtoo..., se:cdpVersion: 134.0.6998.166, setWindowRect: true, strictFileInteractability: false, timeouts: {implicit: 0, pageLoad: 300000, script: 30000}, unhandledPromptBehavior: dismiss and notify, webauthn:extension:credBlob: true, webauthn:extension:largeBlob: true, webauthn:extension:minPinLength: true, webauthn:extension:prf: true, webauthn:virtualAuthenticators: true}
Session ID: 38d47ca4ba260b04a4e571e7cb72f880
	at org.openqa.selenium.remote.RemoteWebDriver.execute(RemoteWebDriver.java:572)
	at org.openqa.selenium.remote.ElementLocation$ElementFinder$2.findElement(ElementLocation.java:165)
	at org.openqa.selenium.remote.ElementLocation.findElement(ElementLocation.java:59)
	at org.openqa.selenium.remote.RemoteWebDriver.findElement(RemoteWebDriver.java:368)
	at org.openqa.selenium.remote.RemoteWebDriver.findElement(RemoteWebDriver.java:362)
	at org.openqa.selenium.support.pagefactory.DefaultElementLocator.findElement(DefaultElementLocator.java:68)
	at org.openqa.selenium.support.pagefactory.internal.LocatingElementHandler.invoke(LocatingElementHandler.java:38)
	at jdk.proxy2/jdk.proxy2.$Proxy14.getWrappedElement(Unknown Source)
	at org.openqa.selenium.remote.WebElementToJsonConverter.apply(WebElementToJsonConverter.java:48)
	at java.base/java.util.stream.ReferencePipeline$3$1.accept(ReferencePipeline.java:197)
	at java.base/java.util.Spliterators$ArraySpliterator.forEachRemaining(Spliterators.java:1024)
	at java.base/java.util.stream.AbstractPipeline.copyInto(AbstractPipeline.java:509)
	at java.base/java.util.stream.AbstractPipeline.wrapAndCopyInto(AbstractPipeline.java:499)
	at java.base/java.util.stream.ReduceOps$ReduceOp.evaluateSequential(ReduceOps.java:921)
	at java.base/java.util.stream.AbstractPipeline.evaluate(AbstractPipeline.java:234)
	at java.base/java.util.stream.ReferencePipeline.collect(ReferencePipeline.java:682)
	at org.openqa.selenium.remote.RemoteWebDriver.executeScript(RemoteWebDriver.java:474)
	at lt.insoft.uztis.pages.SubmittedApplicationsPage$CheckboxHelper.clickWithJavaScript(SubmittedApplicationsPage.java:1739)
	at lt.insoft.uztis.pages.SubmittedApplicationsPage$CheckboxHelper.setConfirmationCheckbox(SubmittedApplicationsPage.java:1728)
	at lt.insoft.uztis.tests.SubmittedApplicationsPageTest.testFillNewVUIApplicationFA(SubmittedApplicationsPageTest.java:408)
	at java.base/jdk.internal.reflect.DirectMethodHandleAccessor.invoke(DirectMethodHandleAccessor.java:103)
	at java.base/java.lang.reflect.Method.invoke(Method.java:580)
	at org.junit.platform.commons.util.ReflectionUtils.invokeMethod(ReflectionUtils.java:728)
	at org.junit.jupiter.engine.execution.MethodInvocation.proceed(MethodInvocation.java:60)
	at org.junit.jupiter.engine.execution.InvocationInterceptorChain$ValidatingInvocation.proceed(InvocationInterceptorChain.java:131)
	at org.junit.jupiter.engine.extension.TimeoutExtension.intercept(TimeoutExtension.java:156)
	at org.junit.jupiter.engine.extension.TimeoutExtension.interceptTestableMethod(TimeoutExtension.java:147)
	at org.junit.jupiter.engine.extension.TimeoutExtension.interceptTestMethod(TimeoutExtension.java:86)
	at org.junit.jupiter.engine.execution.InterceptingExecutableInvoker$ReflectiveInterceptorCall.lambda$ofVoidMethod$0(InterceptingExecutableInvoker.java:103)
	at org.junit.jupiter.engine.execution.InterceptingExecutableInvoker.lambda$invoke$0(InterceptingExecutableInvoker.java:93)
	at org.junit.jupiter.engine.execution.InvocationInterceptorChain$InterceptedInvocation.proceed(InvocationInterceptorChain.java:106)
	at org.junit.jupiter.engine.execution.InvocationInterceptorChain.proceed(InvocationInterceptorChain.java:64)
	at org.junit.jupiter.engine.execution.InvocationInterceptorChain.chainAndInvoke(InvocationInterceptorChain.java:45)
	at org.junit.jupiter.engine.execution.InvocationInterceptorChain.invoke(InvocationInterceptorChain.java:37)
	at org.junit.jupiter.engine.execution.InterceptingExecutableInvoker.invoke(InterceptingExecutableInvoker.java:92)
	at org.junit.jupiter.engine.execution.InterceptingExecutableInvoker.invoke(InterceptingExecutableInvoker.java:86)
	at org.junit.jupiter.engine.descriptor.TestMethodTestDescriptor.lambda$invokeTestMethod$7(TestMethodTestDescriptor.java:218)
	at org.junit.platform.engine.support.hierarchical.ThrowableCollector.execute(ThrowableCollector.java:73)
	at org.junit.jupiter.engine.descriptor.TestMethodTestDescriptor.invokeTestMethod(TestMethodTestDescriptor.java:214)
	at org.junit.jupiter.engine.descriptor.TestMethodTestDescriptor.execute(TestMethodTestDescriptor.java:139)
	at org.junit.jupiter.engine.descriptor.TestMethodTestDescriptor.execute(TestMethodTestDescriptor.java:69)
	at org.junit.platform.engine.support.hierarchical.NodeTestTask.lambda$executeRecursively$6(NodeTestTask.java:151)
	at org.junit.platform.engine.support.hierarchical.ThrowableCollector.execute(ThrowableCollector.java:73)
	at org.junit.platform.engine.support.hierarchical.NodeTestTask.lambda$executeRecursively$8(NodeTestTask.java:141)
	at org.junit.platform.engine.support.hierarchical.Node.around(Node.java:137)
	at org.junit.platform.engine.support.hierarchical.NodeTestTask.lambda$executeRecursively$9(NodeTestTask.java:139)
	at org.junit.platform.engine.support.hierarchical.ThrowableCollector.execute(ThrowableCollector.java:73)
	at org.junit.platform.engine.support.hierarchical.NodeTestTask.executeRecursively(NodeTestTask.java:138)
	at org.junit.platform.engine.support.hierarchical.NodeTestTask.execute(NodeTestTask.java:95)
	at java.base/java.util.ArrayList.forEach(ArrayList.java:1596)
	at org.junit.platform.engine.support.hierarchical.SameThreadHierarchicalTestExecutorService.invokeAll(SameThreadHierarchicalTestExecutorService.java:41)
	at org.junit.platform.engine.support.hierarchical.NodeTestTask.lambda$executeRecursively$6(NodeTestTask.java:155)
	at org.junit.platform.engine.support.hierarchical.ThrowableCollector.execute(ThrowableCollector.java:73)
	at org.junit.platform.engine.support.hierarchical.NodeTestTask.lambda$executeRecursively$8(NodeTestTask.java:141)
	at org.junit.platform.engine.support.hierarchical.Node.around(Node.java:137)
	at org.junit.platform.engine.support.hierarchical.NodeTestTask.lambda$executeRecursively$9(NodeTestTask.java:139)
	at org.junit.platform.engine.support.hierarchical.ThrowableCollector.execute(ThrowableCollector.java:73)
	at org.junit.platform.engine.support.hierarchical.NodeTestTask.executeRecursively(NodeTestTask.java:138)
	at org.junit.platform.engine.support.hierarchical.NodeTestTask.execute(NodeTestTask.java:95)
	at java.base/java.util.ArrayList.forEach(ArrayList.java:1596)
	at org.junit.platform.engine.support.hierarchical.SameThreadHierarchicalTestExecutorService.invokeAll(SameThreadHierarchicalTestExecutorService.java:41)
	at org.junit.platform.engine.support.hierarchical.NodeTestTask.lambda$executeRecursively$6(NodeTestTask.java:155)
	at org.junit.platform.engine.support.hierarchical.ThrowableCollector.execute(ThrowableCollector.java:73)
	at org.junit.platform.engine.support.hierarchical.NodeTestTask.lambda$executeRecursively$8(NodeTestTask.java:141)
	at org.junit.platform.engine.support.hierarchical.Node.around(Node.java:137)
	at org.junit.platform.engine.support.hierarchical.NodeTestTask.lambda$executeRecursively$9(NodeTestTask.java:139)
	at org.junit.platform.engine.support.hierarchical.ThrowableCollector.execute(ThrowableCollector.java:73)
	at org.junit.platform.engine.support.hierarchical.NodeTestTask.executeRecursively(NodeTestTask.java:138)
	at org.junit.platform.engine.support.hierarchical.NodeTestTask.execute(NodeTestTask.java:95)
	at org.junit.platform.engine.support.hierarchical.SameThreadHierarchicalTestExecutorService.submit(SameThreadHierarchicalTestExecutorService.java:35)
	at org.junit.platform.engine.support.hierarchical.HierarchicalTestExecutor.execute(HierarchicalTestExecutor.java:57)
	at org.junit.platform.engine.support.hierarchical.HierarchicalTestEngine.execute(HierarchicalTestEngine.java:54)
	at org.junit.platform.launcher.core.EngineExecutionOrchestrator.execute(EngineExecutionOrchestrator.java:198)
	at org.junit.platform.launcher.core.EngineExecutionOrchestrator.execute(EngineExecutionOrchestrator.java:169)
	at org.junit.platform.launcher.core.EngineExecutionOrchestrator.execute(EngineExecutionOrchestrator.java:93)
	at org.junit.platform.launcher.core.EngineExecutionOrchestrator.lambda$execute$0(EngineExecutionOrchestrator.java:58)
	at org.junit.platform.launcher.core.EngineExecutionOrchestrator.withInterceptedStreams(EngineExecutionOrchestrator.java:141)
	at org.junit.platform.launcher.core.EngineExecutionOrchestrator.execute(EngineExecutionOrchestrator.java:57)
	at org.junit.platform.launcher.core.DefaultLauncher.execute(DefaultLauncher.java:103)
	at org.junit.platform.launcher.core.DefaultLauncher.execute(DefaultLauncher.java:85)
	at org.junit.platform.launcher.core.DelegatingLauncher.execute(DelegatingLauncher.java:47)
	at org.junit.platform.launcher.core.SessionPerRequestLauncher.execute(SessionPerRequestLauncher.java:63)
	at com.intellij.junit5.JUnit5IdeaTestRunner.startRunnerWithArgs(JUnit5IdeaTestRunner.java:57)
	at com.intellij.rt.junit.IdeaTestRunner$Repeater$1.execute(IdeaTestRunner.java:38)
	at com.intellij.rt.execution.junit.TestsRepeater.repeat(TestsRepeater.java:11)
	at com.intellij.rt.junit.IdeaTestRunner$Repeater.startRunnerWithArgs(IdeaTestRunner.java:35)
	at com.intellij.rt.junit.JUnitStarter.prepareStreamsAndStart(JUnitStarter.java:232)
	at com.intellij.rt.junit.JUnitStarter.main(JUnitStarter.java:55)
Caused by: java.io.UncheckedIOException: java.io.IOException: HTTP/1.1 header parser received no bytes
	at org.openqa.selenium.remote.http.jdk.JdkHttpClient.execute0(JdkHttpClient.java:496)
	at org.openqa.selenium.remote.http.AddSeleniumUserAgent.lambda$apply$0(AddSeleniumUserAgent.java:42)
	at org.openqa.selenium.remote.http.Filter.lambda$andFinally$1(Filter.java:55)
	at org.openqa.selenium.remote.http.jdk.JdkHttpClient.lambda$executeAsync$1(JdkHttpClient.java:383)
	at java.base/java.util.concurrent.Executors$RunnableAdapter.call(Executors.java:572)
	at java.base/java.util.concurrent.FutureTask.run(FutureTask.java:317)
	at java.base/java.util.concurrent.ThreadPoolExecutor.runWorker(ThreadPoolExecutor.java:1144)
	at java.base/java.util.concurrent.ThreadPoolExecutor$Worker.run(ThreadPoolExecutor.java:642)
	at java.base/java.lang.Thread.run(Thread.java:1583)
Caused by: java.io.IOException: HTTP/1.1 header parser received no bytes
	at java.net.http/jdk.internal.net.http.HttpClientImpl.send(HttpClientImpl.java:964)
	at java.net.http/jdk.internal.net.http.HttpClientFacade.send(HttpClientFacade.java:133)
	at org.openqa.selenium.remote.http.jdk.JdkHttpClient.execute0(JdkHttpClient.java:455)
	... 8 common frames omitted
Caused by: java.io.IOException: HTTP/1.1 header parser received no bytes
	at java.net.http/jdk.internal.net.http.common.Utils.wrapWithExtraDetail(Utils.java:388)
	at java.net.http/jdk.internal.net.http.Http1Response$HeadersReader.onReadError(Http1Response.java:590)
	at java.net.http/jdk.internal.net.http.Http1AsyncReceiver.checkForErrors(Http1AsyncReceiver.java:302)
	at java.net.http/jdk.internal.net.http.Http1AsyncReceiver.flush(Http1AsyncReceiver.java:268)
	at java.net.http/jdk.internal.net.http.common.SequentialScheduler$LockingRestartableTask.run(SequentialScheduler.java:182)
	at java.net.http/jdk.internal.net.http.common.SequentialScheduler$CompleteRestartableTask.run(SequentialScheduler.java:149)
	at java.net.http/jdk.internal.net.http.common.SequentialScheduler$SchedulableTask.run(SequentialScheduler.java:207)
	... 3 common frames omitted
Caused by: java.net.SocketException: Connection reset
	at java.base/sun.nio.ch.SocketChannelImpl.throwConnectionReset(SocketChannelImpl.java:401)
	at java.base/sun.nio.ch.SocketChannelImpl.read(SocketChannelImpl.java:434)
	at java.net.http/jdk.internal.net.http.SocketTube.readAvailable(SocketTube.java:1178)
	at java.net.http/jdk.internal.net.http.SocketTube$InternalReadPublisher$InternalReadSubscription.read(SocketTube.java:841)
	at java.net.http/jdk.internal.net.http.SocketTube$SocketFlowTask.run(SocketTube.java:181)
	at java.net.http/jdk.internal.net.http.common.SequentialScheduler$SchedulableTask.run(SequentialScheduler.java:207)
	at java.net.http/jdk.internal.net.http.common.SequentialScheduler.runOrSchedule(SequentialScheduler.java:280)
	at java.net.http/jdk.internal.net.http.common.SequentialScheduler.runOrSchedule(SequentialScheduler.java:233)
	at java.net.http/jdk.internal.net.http.SocketTube$InternalReadPublisher$InternalReadSubscription.signalReadable(SocketTube.java:782)
	at java.net.http/jdk.internal.net.http.SocketTube$InternalReadPublisher$ReadEvent.signalEvent(SocketTube.java:965)
	at java.net.http/jdk.internal.net.http.SocketTube$SocketFlowEvent.handle(SocketTube.java:253)
	at java.net.http/jdk.internal.net.http.HttpClientImpl$SelectorManager.handleEvent(HttpClientImpl.java:1467)
	at java.net.http/jdk.internal.net.http.HttpClientImpl$SelectorManager.lambda$run$3(HttpClientImpl.java:1412)
	at java.base/java.util.ArrayList.forEach(ArrayList.java:1596)
	at java.net.http/jdk.internal.net.http.HttpClientImpl$SelectorManager.run(HttpClientImpl.java:1412)
2025-03-27 12:36:32 [main] INFO  lt.insoft.uztis.tests.UztisPageTest - Navigated to https://uztisdev.asseco.lt/home
2025-03-27 12:36:32 [main] INFO  l.i.u.t.SubmittedApplicationsPageTest - Starting test:'testFillNewVUIPApplicationFA'
2025-03-27 12:36:33 [main] DEBUG l.i.u.t.SubmittedApplicationsPageTest - User logged in with test credentials.
2025-03-27 12:36:33 [main] DEBUG l.i.u.t.SubmittedApplicationsPageTest - Opened 'Application Processing' menu.
2025-03-27 12:36:33 [main] DEBUG l.i.u.t.SubmittedApplicationsPageTest - Clicked on 'Application Forms' menu.
2025-03-27 12:36:34 [main] DEBUG l.i.u.t.SubmittedApplicationsPageTest - Retrieved last description code text: 'TST-VUI-75'.
2025-03-27 12:36:34 [main] DEBUG l.i.u.t.SubmittedApplicationsPageTest - Clicked on 'Invitation' menu.
2025-03-27 12:36:35 [main] DEBUG l.i.u.t.SubmittedApplicationsPageTest - Selected application section by code: 'TST-VUI-75'.
2025-03-27 12:36:35 [main] DEBUG l.i.u.t.SubmittedApplicationsPageTest - Clicked 'Search' button.
2025-03-27 12:36:35 [main] DEBUG l.i.u.t.SubmittedApplicationsPageTest - Retrieved invitation code: ''.
2025-03-27 12:36:35 [main] DEBUG l.i.u.t.SubmittedApplicationsPageTest - Clicked on 'Submitted Applications' menu.
2025-03-27 12:36:37 [main] DEBUG l.i.u.t.SubmittedApplicationsPageTest - Selected invitation by code: 'TST-VUI-75'.
2025-03-27 12:36:37 [main] DEBUG l.i.u.t.SubmittedApplicationsPageTest - Invitation code inserted.
2025-03-27 12:36:37 [main] DEBUG l.i.u.t.SubmittedApplicationsPageTest - Clicked on 'Action Application' button.
2025-03-27 12:36:37 [main] DEBUG l.i.u.t.SubmittedApplicationsPageTest - Clicked on 'New Application' button.
2025-03-27 12:36:37 [main] DEBUG l.i.u.t.SubmittedApplicationsPageTest - Selected the 'RadioButtonFA' option.
2025-03-27 12:36:38 [main] DEBUG l.i.u.t.SubmittedApplicationsPageTest - Entered phone number: '61298745'.
2025-03-27 12:36:38 [main] DEBUG l.i.u.t.SubmittedApplicationsPageTest - Entered email: 'test@autotest.com'.
2025-03-27 12:36:38 [main] INFO  l.i.u.p.SubmittedApplicationsPage - Clicking on the dropdown button.
2025-03-27 12:36:52 [main] INFO  l.i.u.p.SubmittedApplicationsPage - Found 1741 options in the dropdown.
2025-03-27 12:36:52 [main] DEBUG l.i.u.p.SubmittedApplicationsPage - Checking option: ''
2025-03-27 12:36:52 [main] DEBUG l.i.u.p.SubmittedApplicationsPage - Checking option: '01.11 - Grūdinių (išskyrus ryžius), ankštinių ir aliejingų sėklų augalų auginimas'
2025-03-27 12:36:52 [main] INFO  l.i.u.p.SubmittedApplicationsPage - Successfully selected the value: '01.11 - Grūdinių (išskyrus ryžius), ankštinių ir aliejingų sėklų augalų auginimas'
2025-03-27 12:36:52 [main] INFO  l.i.u.p.SubmittedApplicationsPage - Attempting to close the dropdown.
2025-03-27 12:36:53 [main] DEBUG l.i.u.t.SubmittedApplicationsPageTest - Selected EVRK value: '01.11 - Grūdinių (išskyrus ryžius), ankštinių ir aliejingų sėklų augalų auginimas'.
2025-03-27 12:36:53 [main] DEBUG l.i.u.t.SubmittedApplicationsPageTest - Clicked on 'Address Component' button.
2025-03-27 12:36:53 [main] INFO  l.i.u.p.SubmittedApplicationsPage - Located the dropdown button.
2025-03-27 12:36:56 [main] INFO  l.i.u.p.SubmittedApplicationsPage - Successfully selected the value: 'Lietuva'
2025-03-27 12:36:56 [main] DEBUG l.i.u.t.SubmittedApplicationsPageTest - Selected country: 'Lietuva'.
2025-03-27 12:36:56 [main] INFO  l.i.u.p.SubmittedApplicationsPage - Located the dropdown search field.
2025-03-27 12:36:56 [main] INFO  l.i.u.p.SubmittedApplicationsPage - Dropdown city is opened.
2025-03-27 12:36:57 [main] INFO  l.i.u.p.SubmittedApplicationsPage - Searched for value: 'Vilnius'
2025-03-27 12:36:58 [main] INFO  l.i.u.p.SubmittedApplicationsPage - Successfully selected: 'Vilnius'
2025-03-27 12:36:58 [main] INFO  l.i.u.p.SubmittedApplicationsPage - Located the dropdown button.
2025-03-27 12:36:58 [main] INFO  l.i.u.p.SubmittedApplicationsPage - Successfully selected the value: 'A. Domaševičiaus g.'
2025-03-27 12:36:58 [main] DEBUG l.i.u.t.SubmittedApplicationsPageTest - Selected street: 'A. Domaševičiaus g.'.
2025-03-27 12:36:58 [main] INFO  l.i.u.p.SubmittedApplicationsPage - Located the dropdown button.
2025-03-27 12:36:59 [main] INFO  l.i.u.p.SubmittedApplicationsPage - Successfully selected the value: '1'
2025-03-27 12:36:59 [main] DEBUG l.i.u.t.SubmittedApplicationsPageTest - Selected house: '1'.
2025-03-27 12:36:59 [main] INFO  l.i.u.p.SubmittedApplicationsPage - Located the dropdown button.
2025-03-27 12:36:59 [main] INFO  l.i.u.p.SubmittedApplicationsPage - Successfully selected the value: '1'
2025-03-27 12:36:59 [main] DEBUG l.i.u.t.SubmittedApplicationsPageTest - Selected apartment: '1'.
2025-03-27 12:36:59 [main] DEBUG l.i.u.t.SubmittedApplicationsPageTest - Clicked 'Confirm' button.
2025-03-27 12:36:59 [main] DEBUG l.i.u.t.SubmittedApplicationsPageTest - Entered project date.
2025-03-27 12:36:59 [main] DEBUG l.i.u.t.SubmittedApplicationsPageTest - Entered job count: '1'.
2025-03-27 12:37:00 [main] DEBUG l.i.u.t.SubmittedApplicationsPageTest - Clicked 'Next' button.
2025-03-27 12:37:00 [main] INFO  l.i.u.p.SubmittedApplicationsPage - Located the dropdown button.
2025-03-27 12:37:00 [main] INFO  l.i.u.p.SubmittedApplicationsPage - Successfully selected the value: 'Administratoriai'
2025-03-27 12:37:00 [main] DEBUG l.i.u.t.SubmittedApplicationsPageTest - Selected job name: 'Administratoriai'.
2025-03-27 12:37:01 [main] DEBUG l.i.u.t.SubmittedApplicationsPageTest - Entered job function: 'Funkcija 1'.
2025-03-27 12:37:01 [main] DEBUG l.i.u.t.SubmittedApplicationsPageTest - Selected 'RadioButtonWithDisabilities' option.
2025-03-27 12:37:01 [main] INFO  l.i.u.p.SubmittedApplicationsPage - Clicking on the dropdown button.
2025-03-27 12:37:01 [main] INFO  l.i.u.p.SubmittedApplicationsPage - Found 34 options in the dropdown.
2025-03-27 12:37:01 [main] DEBUG l.i.u.p.SubmittedApplicationsPage - Checking option: 'Asmenys, kuriems suteiktas pabėgėlio statusas ar perkeliamojo asmens statusas, arba asmenys, kuriems suteikta papildoma ar laikinoji apsauga, ir asmenys, turintys teisę gauti laikinąją apsaugą, iki sprendimo dėl laikinosios apsaugos suteikimo (nesuteikimo) priėmimo, tačiau ne ilgiau kaip laikinosios apsaugos laikotarpiu'
2025-03-27 12:37:02 [main] DEBUG l.i.u.p.SubmittedApplicationsPage - Checking option: 'Asmenys, kuriems suteiktas pabėgėlio statusas ar perkeliamojo asmens statusas, arba asmenys, kuriems suteikta papildoma ar laikinoji apsauga, ir asmenys, turintys teisę gauti laikinąją apsaugą, iki sprendimo dėl laikinosios apsaugos suteikimo (nesuteikimo) priėmimo, tačiau ne ilgiau kaip laikinosios apsaugos laikotarpiu'
2025-03-27 12:37:02 [main] DEBUG l.i.u.p.SubmittedApplicationsPage - Checking option: 'Asmenys, turintys teisę į papildomas užimtumo garantijas pagal Lietuvos Respublikos valstybės įmonės Ignalinos atominės elektrinės darbuotojų papildomų užimtumo ir socialinių garantijų įstatymą'
2025-03-27 12:37:02 [main] DEBUG l.i.u.p.SubmittedApplicationsPage - Checking option: 'Asmenys, turintys teisę į papildomas užimtumo garantijas pagal Lietuvos Respublikos valstybės įmonės Ignalinos atominės elektrinės darbuotojų papildomų užimtumo ir socialinių garantijų įstatymą'
2025-03-27 12:37:02 [main] DEBUG l.i.u.p.SubmittedApplicationsPage - Checking option: 'Bedarbiai iki 29 metų'
2025-03-27 12:37:02 [main] DEBUG l.i.u.p.SubmittedApplicationsPage - Checking option: 'Bedarbiai iki 29 metų'
2025-03-27 12:37:02 [main] DEBUG l.i.u.p.SubmittedApplicationsPage - Checking option: 'Bedarbiai, kurie yra darbingo amžiaus neįgalieji, kuriems nustatytas 30–40 procentų darbingumo lygis arba vidutinis neįgalumo lygis'
2025-03-27 12:37:02 [main] DEBUG l.i.u.p.SubmittedApplicationsPage - Checking option: 'Bedarbiai, kurie yra darbingo amžiaus neįgalieji, kuriems nustatytas 30–40 procentų darbingumo lygis arba vidutinis neįgalumo lygis'
2025-03-27 12:37:02 [main] DEBUG l.i.u.p.SubmittedApplicationsPage - Checking option: 'Bedarbiai, kurie yra darbingo amžiaus neįgalieji, kuriems nustatytas 45–55 procentų darbingumo lygis arba lengvas neįgalumo lygis'
2025-03-27 12:37:02 [main] DEBUG l.i.u.p.SubmittedApplicationsPage - Checking option: 'Bedarbiai, kurie yra darbingo amžiaus neįgalieji, kuriems nustatytas 45–55 procentų darbingumo lygis arba lengvas neįgalumo lygis'
2025-03-27 12:37:02 [main] DEBUG l.i.u.p.SubmittedApplicationsPage - Checking option: 'Bedarbiai, kurie yra darbingo amžiaus neįgalieji, kuriems nustatytas iki 25 procentų darbingumo lygis arba sunkus neįgalumo lygis'
2025-03-27 12:37:02 [main] INFO  l.i.u.p.SubmittedApplicationsPage - Successfully selected the value: 'Bedarbiai, kurie yra darbingo amžiaus neįgalieji, kuriems nustatytas iki 25 procentų darbingumo lygis arba sunkus neįgalumo lygis'
2025-03-27 12:37:02 [main] INFO  l.i.u.p.SubmittedApplicationsPage - Attempting to close the dropdown.
2025-03-27 12:37:03 [main] DEBUG l.i.u.t.SubmittedApplicationsPageTest - Selected disabilities type: 'Bedarbiai, kurie yra darbingo amžiaus neįgalieji, kuriems nustatytas iki 25 procentų darbingumo lygis arba sunkus neįgalumo lygis'.
2025-03-27 12:37:03 [main] DEBUG l.i.u.t.SubmittedApplicationsPageTest - Entered disability information: 'Negalia 1'.
2025-03-27 12:37:03 [main] INFO  l.i.u.p.SubmittedApplicationsPage - Located the dropdown button.
2025-03-27 12:37:04 [main] INFO  l.i.u.p.SubmittedApplicationsPage - Successfully selected the value: 'Kita'
2025-03-27 12:37:04 [main] DEBUG l.i.u.t.SubmittedApplicationsPageTest - Selected time mode: 'Kita'.
2025-03-27 12:37:04 [main] DEBUG l.i.u.t.SubmittedApplicationsPageTest - Selected time mode other: '6 val. per dieną ir 4 d. per savaitę'.
2025-03-27 12:37:04 [main] DEBUG l.i.u.t.SubmittedApplicationsPageTest - Entered qualification: 'Kvalifikacija 1'.
2025-03-27 12:37:04 [main] DEBUG l.i.u.t.SubmittedApplicationsPageTest - Entered job date.
2025-03-27 12:37:05 [main] DEBUG l.i.u.t.SubmittedApplicationsPageTest - Entered salary amount: '1200'.
2025-03-27 12:37:05 [main] DEBUG l.i.u.t.SubmittedApplicationsPageTest - Entered salary description: 'Užmokestis 1'.
2025-03-27 12:37:05 [main] DEBUG l.i.u.t.SubmittedApplicationsPageTest - Selected 'Temporary Job' radio button.
2025-03-27 12:37:05 [main] DEBUG l.i.u.t.SubmittedApplicationsPageTest - Selected 'Season Job' radio button.
2025-03-27 12:37:05 [main] DEBUG l.i.u.t.SubmittedApplicationsPageTest - Selected 'Energy' radio button.
2025-03-27 12:37:05 [main] DEBUG l.i.u.t.SubmittedApplicationsPageTest - Selected 'Repair' radio button.
2025-03-27 12:37:06 [main] DEBUG l.i.u.t.SubmittedApplicationsPageTest - Entered job description: 'Veikla 1'.
2025-03-27 12:37:06 [main] DEBUG l.i.u.t.SubmittedApplicationsPageTest - Entered process description: 'Procesas 1'.
2025-03-27 12:37:06 [main] DEBUG l.i.u.t.SubmittedApplicationsPageTest - Entered energy information: 'Energija 1'.
2025-03-27 12:37:06 [main] DEBUG l.i.u.t.SubmittedApplicationsPageTest - Entered repair information: 'Remontas 1'.
2025-03-27 12:37:06 [main] DEBUG l.i.u.t.SubmittedApplicationsPageTest - Selected 'PVM' radio button.
2025-03-27 12:37:06 [main] INFO  l.i.u.p.SubmittedApplicationsPage - Located the dropdown button.
2025-03-27 12:37:07 [main] INFO  l.i.u.p.SubmittedApplicationsPage - Successfully selected the value: 'Įsigyti'
2025-03-27 12:37:07 [main] DEBUG l.i.u.t.SubmittedApplicationsPageTest - Selected necessary for job: 'Įsigyti'.
2025-03-27 12:37:07 [main] DEBUG l.i.u.t.SubmittedApplicationsPageTest - Selected tool: 'Darbo priemonė 1'.
2025-03-27 12:37:07 [main] DEBUG l.i.u.t.SubmittedApplicationsPageTest - Selected tool parameter one: 'Darbo priemonės 1 parametras 1'.
2025-03-27 12:37:08 [main] DEBUG l.i.u.t.SubmittedApplicationsPageTest - Selected tool parameter two: 'Darbo priemonės 1 parametras 2'.
2025-03-27 12:37:08 [main] DEBUG l.i.u.t.SubmittedApplicationsPageTest - Selected tool parameter three: 'Darbo priemonės 1 parametras 3'.
2025-03-27 12:37:08 [main] DEBUG l.i.u.t.SubmittedApplicationsPageTest - Entered tool count: '1'.
2025-03-27 12:37:08 [main] DEBUG l.i.u.t.SubmittedApplicationsPageTest - Entered price amount 1: '1000'.
2025-03-27 12:37:10 [main] DEBUG l.i.u.t.SubmittedApplicationsPageTest - Entered own funds amount 1: '800'.
2025-03-27 12:37:43 [main] ERROR l.i.u.t.SubmittedApplicationsPageTest - Test 'testFillNewVUIApplicationFA' failed with error: no such element: Unable to locate element: {"method":"xpath","selector":"(//div[contains(@class, 'mdc-checkbox')]//input[@type='checkbox'])[1]"}
  (Session info: chrome=134.0.6998.166)
For documentation on this error, please visit: https://www.selenium.dev/documentation/webdriver/troubleshooting/errors#no-such-element-exception
Build info: version: '4.27.0', revision: 'd6e718d134'
System info: os.name: 'Windows 11', os.arch: 'amd64', os.version: '10.0', java.version: '21.0.3'
Driver info: org.openqa.selenium.chrome.ChromeDriver
Command: [ebde5b9ab2c600597b729767798c7e5e, findElement {value=(//div[contains(@class, 'mdc-checkbox')]//input[@type='checkbox'])[1], using=xpath}]
Capabilities {acceptInsecureCerts: false, browserName: chrome, browserVersion: 134.0.6998.166, chrome: {chromedriverVersion: 134.0.6998.165 (fd886e2cb29..., userDataDir: C:\Users\INGRID~1.ZAD\AppDa...}, fedcm:accounts: true, goog:chromeOptions: {debuggerAddress: localhost:60479}, networkConnectionEnabled: false, pageLoadStrategy: normal, platformName: windows, proxy: Proxy(), se:cdp: ws://localhost:60479/devtoo..., se:cdpVersion: 134.0.6998.166, setWindowRect: true, strictFileInteractability: false, timeouts: {implicit: 0, pageLoad: 300000, script: 30000}, unhandledPromptBehavior: dismiss and notify, webauthn:extension:credBlob: true, webauthn:extension:largeBlob: true, webauthn:extension:minPinLength: true, webauthn:extension:prf: true, webauthn:virtualAuthenticators: true}
Session ID: ebde5b9ab2c600597b729767798c7e5e
org.openqa.selenium.NoSuchElementException: no such element: Unable to locate element: {"method":"xpath","selector":"(//div[contains(@class, 'mdc-checkbox')]//input[@type='checkbox'])[1]"}
  (Session info: chrome=134.0.6998.166)
For documentation on this error, please visit: https://www.selenium.dev/documentation/webdriver/troubleshooting/errors#no-such-element-exception
Build info: version: '4.27.0', revision: 'd6e718d134'
System info: os.name: 'Windows 11', os.arch: 'amd64', os.version: '10.0', java.version: '21.0.3'
Driver info: org.openqa.selenium.chrome.ChromeDriver
Command: [ebde5b9ab2c600597b729767798c7e5e, findElement {value=(//div[contains(@class, 'mdc-checkbox')]//input[@type='checkbox'])[1], using=xpath}]
Capabilities {acceptInsecureCerts: false, browserName: chrome, browserVersion: 134.0.6998.166, chrome: {chromedriverVersion: 134.0.6998.165 (fd886e2cb29..., userDataDir: C:\Users\INGRID~1.ZAD\AppDa...}, fedcm:accounts: true, goog:chromeOptions: {debuggerAddress: localhost:60479}, networkConnectionEnabled: false, pageLoadStrategy: normal, platformName: windows, proxy: Proxy(), se:cdp: ws://localhost:60479/devtoo..., se:cdpVersion: 134.0.6998.166, setWindowRect: true, strictFileInteractability: false, timeouts: {implicit: 0, pageLoad: 300000, script: 30000}, unhandledPromptBehavior: dismiss and notify, webauthn:extension:credBlob: true, webauthn:extension:largeBlob: true, webauthn:extension:minPinLength: true, webauthn:extension:prf: true, webauthn:virtualAuthenticators: true}
Session ID: ebde5b9ab2c600597b729767798c7e5e
	at java.base/jdk.internal.reflect.DirectConstructorHandleAccessor.newInstance(DirectConstructorHandleAccessor.java:62)
	at java.base/java.lang.reflect.Constructor.newInstanceWithCaller(Constructor.java:502)
	at java.base/java.lang.reflect.Constructor.newInstance(Constructor.java:486)
	at org.openqa.selenium.remote.ErrorCodec.decode(ErrorCodec.java:167)
	at org.openqa.selenium.remote.codec.w3c.W3CHttpResponseCodec.decode(W3CHttpResponseCodec.java:138)
	at org.openqa.selenium.remote.codec.w3c.W3CHttpResponseCodec.decode(W3CHttpResponseCodec.java:50)
	at org.openqa.selenium.remote.HttpCommandExecutor.execute(HttpCommandExecutor.java:190)
	at org.openqa.selenium.remote.service.DriverCommandExecutor.invokeExecute(DriverCommandExecutor.java:216)
	at org.openqa.selenium.remote.service.DriverCommandExecutor.execute(DriverCommandExecutor.java:174)
	at org.openqa.selenium.remote.RemoteWebDriver.execute(RemoteWebDriver.java:545)
	at org.openqa.selenium.remote.ElementLocation$ElementFinder$2.findElement(ElementLocation.java:165)
	at org.openqa.selenium.remote.ElementLocation.findElement(ElementLocation.java:59)
	at org.openqa.selenium.remote.RemoteWebDriver.findElement(RemoteWebDriver.java:368)
	at org.openqa.selenium.remote.RemoteWebDriver.findElement(RemoteWebDriver.java:362)
	at org.openqa.selenium.support.pagefactory.DefaultElementLocator.findElement(DefaultElementLocator.java:68)
	at org.openqa.selenium.support.pagefactory.internal.LocatingElementHandler.invoke(LocatingElementHandler.java:38)
	at jdk.proxy2/jdk.proxy2.$Proxy14.getWrappedElement(Unknown Source)
	at org.openqa.selenium.remote.WebElementToJsonConverter.apply(WebElementToJsonConverter.java:48)
	at java.base/java.util.stream.ReferencePipeline$3$1.accept(ReferencePipeline.java:197)
	at java.base/java.util.Spliterators$ArraySpliterator.forEachRemaining(Spliterators.java:1024)
	at java.base/java.util.stream.AbstractPipeline.copyInto(AbstractPipeline.java:509)
	at java.base/java.util.stream.AbstractPipeline.wrapAndCopyInto(AbstractPipeline.java:499)
	at java.base/java.util.stream.ReduceOps$ReduceOp.evaluateSequential(ReduceOps.java:921)
	at java.base/java.util.stream.AbstractPipeline.evaluate(AbstractPipeline.java:234)
	at java.base/java.util.stream.ReferencePipeline.collect(ReferencePipeline.java:682)
	at org.openqa.selenium.remote.RemoteWebDriver.executeScript(RemoteWebDriver.java:474)
	at lt.insoft.uztis.pages.SubmittedApplicationsPage$CheckboxHelper.clickWithJavaScript(SubmittedApplicationsPage.java:1739)
	at lt.insoft.uztis.pages.SubmittedApplicationsPage$CheckboxHelper.setConfirmationCheckbox(SubmittedApplicationsPage.java:1728)
	at lt.insoft.uztis.tests.SubmittedApplicationsPageTest.testFillNewVUIApplicationFA(SubmittedApplicationsPageTest.java:408)
	at java.base/jdk.internal.reflect.DirectMethodHandleAccessor.invoke(DirectMethodHandleAccessor.java:103)
	at java.base/java.lang.reflect.Method.invoke(Method.java:580)
	at org.junit.platform.commons.util.ReflectionUtils.invokeMethod(ReflectionUtils.java:728)
	at org.junit.jupiter.engine.execution.MethodInvocation.proceed(MethodInvocation.java:60)
	at org.junit.jupiter.engine.execution.InvocationInterceptorChain$ValidatingInvocation.proceed(InvocationInterceptorChain.java:131)
	at org.junit.jupiter.engine.extension.TimeoutExtension.intercept(TimeoutExtension.java:156)
	at org.junit.jupiter.engine.extension.TimeoutExtension.interceptTestableMethod(TimeoutExtension.java:147)
	at org.junit.jupiter.engine.extension.TimeoutExtension.interceptTestMethod(TimeoutExtension.java:86)
	at org.junit.jupiter.engine.execution.InterceptingExecutableInvoker$ReflectiveInterceptorCall.lambda$ofVoidMethod$0(InterceptingExecutableInvoker.java:103)
	at org.junit.jupiter.engine.execution.InterceptingExecutableInvoker.lambda$invoke$0(InterceptingExecutableInvoker.java:93)
	at org.junit.jupiter.engine.execution.InvocationInterceptorChain$InterceptedInvocation.proceed(InvocationInterceptorChain.java:106)
	at org.junit.jupiter.engine.execution.InvocationInterceptorChain.proceed(InvocationInterceptorChain.java:64)
	at org.junit.jupiter.engine.execution.InvocationInterceptorChain.chainAndInvoke(InvocationInterceptorChain.java:45)
	at org.junit.jupiter.engine.execution.InvocationInterceptorChain.invoke(InvocationInterceptorChain.java:37)
	at org.junit.jupiter.engine.execution.InterceptingExecutableInvoker.invoke(InterceptingExecutableInvoker.java:92)
	at org.junit.jupiter.engine.execution.InterceptingExecutableInvoker.invoke(InterceptingExecutableInvoker.java:86)
	at org.junit.jupiter.engine.descriptor.TestMethodTestDescriptor.lambda$invokeTestMethod$7(TestMethodTestDescriptor.java:218)
	at org.junit.platform.engine.support.hierarchical.ThrowableCollector.execute(ThrowableCollector.java:73)
	at org.junit.jupiter.engine.descriptor.TestMethodTestDescriptor.invokeTestMethod(TestMethodTestDescriptor.java:214)
	at org.junit.jupiter.engine.descriptor.TestMethodTestDescriptor.execute(TestMethodTestDescriptor.java:139)
	at org.junit.jupiter.engine.descriptor.TestMethodTestDescriptor.execute(TestMethodTestDescriptor.java:69)
	at org.junit.platform.engine.support.hierarchical.NodeTestTask.lambda$executeRecursively$6(NodeTestTask.java:151)
	at org.junit.platform.engine.support.hierarchical.ThrowableCollector.execute(ThrowableCollector.java:73)
	at org.junit.platform.engine.support.hierarchical.NodeTestTask.lambda$executeRecursively$8(NodeTestTask.java:141)
	at org.junit.platform.engine.support.hierarchical.Node.around(Node.java:137)
	at org.junit.platform.engine.support.hierarchical.NodeTestTask.lambda$executeRecursively$9(NodeTestTask.java:139)
	at org.junit.platform.engine.support.hierarchical.ThrowableCollector.execute(ThrowableCollector.java:73)
	at org.junit.platform.engine.support.hierarchical.NodeTestTask.executeRecursively(NodeTestTask.java:138)
	at org.junit.platform.engine.support.hierarchical.NodeTestTask.execute(NodeTestTask.java:95)
	at java.base/java.util.ArrayList.forEach(ArrayList.java:1596)
	at org.junit.platform.engine.support.hierarchical.SameThreadHierarchicalTestExecutorService.invokeAll(SameThreadHierarchicalTestExecutorService.java:41)
	at org.junit.platform.engine.support.hierarchical.NodeTestTask.lambda$executeRecursively$6(NodeTestTask.java:155)
	at org.junit.platform.engine.support.hierarchical.ThrowableCollector.execute(ThrowableCollector.java:73)
	at org.junit.platform.engine.support.hierarchical.NodeTestTask.lambda$executeRecursively$8(NodeTestTask.java:141)
	at org.junit.platform.engine.support.hierarchical.Node.around(Node.java:137)
	at org.junit.platform.engine.support.hierarchical.NodeTestTask.lambda$executeRecursively$9(NodeTestTask.java:139)
	at org.junit.platform.engine.support.hierarchical.ThrowableCollector.execute(ThrowableCollector.java:73)
	at org.junit.platform.engine.support.hierarchical.NodeTestTask.executeRecursively(NodeTestTask.java:138)
	at org.junit.platform.engine.support.hierarchical.NodeTestTask.execute(NodeTestTask.java:95)
	at java.base/java.util.ArrayList.forEach(ArrayList.java:1596)
	at org.junit.platform.engine.support.hierarchical.SameThreadHierarchicalTestExecutorService.invokeAll(SameThreadHierarchicalTestExecutorService.java:41)
	at org.junit.platform.engine.support.hierarchical.NodeTestTask.lambda$executeRecursively$6(NodeTestTask.java:155)
	at org.junit.platform.engine.support.hierarchical.ThrowableCollector.execute(ThrowableCollector.java:73)
	at org.junit.platform.engine.support.hierarchical.NodeTestTask.lambda$executeRecursively$8(NodeTestTask.java:141)
	at org.junit.platform.engine.support.hierarchical.Node.around(Node.java:137)
	at org.junit.platform.engine.support.hierarchical.NodeTestTask.lambda$executeRecursively$9(NodeTestTask.java:139)
	at org.junit.platform.engine.support.hierarchical.ThrowableCollector.execute(ThrowableCollector.java:73)
	at org.junit.platform.engine.support.hierarchical.NodeTestTask.executeRecursively(NodeTestTask.java:138)
	at org.junit.platform.engine.support.hierarchical.NodeTestTask.execute(NodeTestTask.java:95)
	at org.junit.platform.engine.support.hierarchical.SameThreadHierarchicalTestExecutorService.submit(SameThreadHierarchicalTestExecutorService.java:35)
	at org.junit.platform.engine.support.hierarchical.HierarchicalTestExecutor.execute(HierarchicalTestExecutor.java:57)
	at org.junit.platform.engine.support.hierarchical.HierarchicalTestEngine.execute(HierarchicalTestEngine.java:54)
	at org.junit.platform.launcher.core.EngineExecutionOrchestrator.execute(EngineExecutionOrchestrator.java:198)
	at org.junit.platform.launcher.core.EngineExecutionOrchestrator.execute(EngineExecutionOrchestrator.java:169)
	at org.junit.platform.launcher.core.EngineExecutionOrchestrator.execute(EngineExecutionOrchestrator.java:93)
	at org.junit.platform.launcher.core.EngineExecutionOrchestrator.lambda$execute$0(EngineExecutionOrchestrator.java:58)
	at org.junit.platform.launcher.core.EngineExecutionOrchestrator.withInterceptedStreams(EngineExecutionOrchestrator.java:141)
	at org.junit.platform.launcher.core.EngineExecutionOrchestrator.execute(EngineExecutionOrchestrator.java:57)
	at org.junit.platform.launcher.core.DefaultLauncher.execute(DefaultLauncher.java:103)
	at org.junit.platform.launcher.core.DefaultLauncher.execute(DefaultLauncher.java:85)
	at org.junit.platform.launcher.core.DelegatingLauncher.execute(DelegatingLauncher.java:47)
	at org.junit.platform.launcher.core.SessionPerRequestLauncher.execute(SessionPerRequestLauncher.java:63)
	at com.intellij.junit5.JUnit5IdeaTestRunner.startRunnerWithArgs(JUnit5IdeaTestRunner.java:57)
	at com.intellij.rt.junit.IdeaTestRunner$Repeater$1.execute(IdeaTestRunner.java:38)
	at com.intellij.rt.execution.junit.TestsRepeater.repeat(TestsRepeater.java:11)
	at com.intellij.rt.junit.IdeaTestRunner$Repeater.startRunnerWithArgs(IdeaTestRunner.java:35)
	at com.intellij.rt.junit.JUnitStarter.prepareStreamsAndStart(JUnitStarter.java:232)
	at com.intellij.rt.junit.JUnitStarter.main(JUnitStarter.java:55)
2025-03-27 12:37:43 [main] INFO  l.insoft.uztis.tests.utils.TestUtils - Screenshot moved to C:\Users\ingrida.zadorozniene\Desktop\Asm\UZTIS\UZTIS_tests\test-output\screenshots\20250327\123743161_testFillNewVUIApplicationFA().png
2025-03-27 12:39:59 [main] INFO  lt.insoft.uztis.tests.UztisPageTest - Navigated to https://uztisdev.asseco.lt/home
2025-03-27 12:39:59 [main] INFO  l.i.u.t.SubmittedApplicationsPageTest - Starting test:'testFillNewVUIPApplicationFA'
2025-03-27 12:40:00 [main] DEBUG l.i.u.t.SubmittedApplicationsPageTest - User logged in with test credentials.
2025-03-27 12:40:00 [main] DEBUG l.i.u.t.SubmittedApplicationsPageTest - Opened 'Application Processing' menu.
2025-03-27 12:40:00 [main] DEBUG l.i.u.t.SubmittedApplicationsPageTest - Clicked on 'Application Forms' menu.
2025-03-27 12:40:01 [main] DEBUG l.i.u.t.SubmittedApplicationsPageTest - Retrieved last description code text: 'TST-VUI-75'.
2025-03-27 12:40:01 [main] DEBUG l.i.u.t.SubmittedApplicationsPageTest - Clicked on 'Invitation' menu.
2025-03-27 12:40:02 [main] DEBUG l.i.u.t.SubmittedApplicationsPageTest - Selected application section by code: 'TST-VUI-75'.
2025-03-27 12:40:02 [main] DEBUG l.i.u.t.SubmittedApplicationsPageTest - Clicked 'Search' button.
2025-03-27 12:40:02 [main] DEBUG l.i.u.t.SubmittedApplicationsPageTest - Retrieved invitation code: ''.
2025-03-27 12:40:02 [main] DEBUG l.i.u.t.SubmittedApplicationsPageTest - Clicked on 'Submitted Applications' menu.
2025-03-27 12:40:04 [main] DEBUG l.i.u.t.SubmittedApplicationsPageTest - Selected invitation by code: 'TST-VUI-75'.
2025-03-27 12:40:04 [main] DEBUG l.i.u.t.SubmittedApplicationsPageTest - Invitation code inserted.
2025-03-27 12:40:04 [main] DEBUG l.i.u.t.SubmittedApplicationsPageTest - Clicked on 'Action Application' button.
2025-03-27 12:40:04 [main] DEBUG l.i.u.t.SubmittedApplicationsPageTest - Clicked on 'New Application' button.
2025-03-27 12:40:05 [main] DEBUG l.i.u.t.SubmittedApplicationsPageTest - Selected the 'RadioButtonFA' option.
2025-03-27 12:40:05 [main] DEBUG l.i.u.t.SubmittedApplicationsPageTest - Entered phone number: '61298745'.
2025-03-27 12:40:05 [main] DEBUG l.i.u.t.SubmittedApplicationsPageTest - Entered email: 'test@autotest.com'.
2025-03-27 12:40:05 [main] INFO  l.i.u.p.SubmittedApplicationsPage - Clicking on the dropdown button.
2025-03-27 12:40:21 [main] INFO  l.i.u.p.SubmittedApplicationsPage - Found 1741 options in the dropdown.
2025-03-27 12:40:21 [main] DEBUG l.i.u.p.SubmittedApplicationsPage - Checking option: ''
2025-03-27 12:40:21 [main] DEBUG l.i.u.p.SubmittedApplicationsPage - Checking option: '01.11 - Grūdinių (išskyrus ryžius), ankštinių ir aliejingų sėklų augalų auginimas'
2025-03-27 12:40:21 [main] INFO  l.i.u.p.SubmittedApplicationsPage - Successfully selected the value: '01.11 - Grūdinių (išskyrus ryžius), ankštinių ir aliejingų sėklų augalų auginimas'
2025-03-27 12:40:21 [main] INFO  l.i.u.p.SubmittedApplicationsPage - Attempting to close the dropdown.
2025-03-27 12:40:22 [main] DEBUG l.i.u.t.SubmittedApplicationsPageTest - Selected EVRK value: '01.11 - Grūdinių (išskyrus ryžius), ankštinių ir aliejingų sėklų augalų auginimas'.
2025-03-27 12:40:22 [main] DEBUG l.i.u.t.SubmittedApplicationsPageTest - Clicked on 'Address Component' button.
2025-03-27 12:40:22 [main] INFO  l.i.u.p.SubmittedApplicationsPage - Located the dropdown button.
2025-03-27 12:40:25 [main] INFO  l.i.u.p.SubmittedApplicationsPage - Successfully selected the value: 'Lietuva'
2025-03-27 12:40:25 [main] DEBUG l.i.u.t.SubmittedApplicationsPageTest - Selected country: 'Lietuva'.
2025-03-27 12:40:25 [main] INFO  l.i.u.p.SubmittedApplicationsPage - Located the dropdown search field.
2025-03-27 12:40:25 [main] INFO  l.i.u.p.SubmittedApplicationsPage - Dropdown city is opened.
2025-03-27 12:40:26 [main] INFO  l.i.u.p.SubmittedApplicationsPage - Searched for value: 'Vilnius'
2025-03-27 12:40:27 [main] INFO  l.i.u.p.SubmittedApplicationsPage - Successfully selected: 'Vilnius'
2025-03-27 12:40:27 [main] INFO  l.i.u.p.SubmittedApplicationsPage - Located the dropdown button.
2025-03-27 12:40:27 [main] INFO  l.i.u.p.SubmittedApplicationsPage - Successfully selected the value: 'A. Domaševičiaus g.'
2025-03-27 12:40:27 [main] DEBUG l.i.u.t.SubmittedApplicationsPageTest - Selected street: 'A. Domaševičiaus g.'.
2025-03-27 12:40:27 [main] INFO  l.i.u.p.SubmittedApplicationsPage - Located the dropdown button.
2025-03-27 12:40:27 [main] INFO  l.i.u.p.SubmittedApplicationsPage - Successfully selected the value: '1'
2025-03-27 12:40:27 [main] DEBUG l.i.u.t.SubmittedApplicationsPageTest - Selected house: '1'.
2025-03-27 12:40:27 [main] INFO  l.i.u.p.SubmittedApplicationsPage - Located the dropdown button.
2025-03-27 12:40:28 [main] INFO  l.i.u.p.SubmittedApplicationsPage - Successfully selected the value: '1'
2025-03-27 12:40:28 [main] DEBUG l.i.u.t.SubmittedApplicationsPageTest - Selected apartment: '1'.
2025-03-27 12:40:28 [main] DEBUG l.i.u.t.SubmittedApplicationsPageTest - Clicked 'Confirm' button.
2025-03-27 12:40:28 [main] DEBUG l.i.u.t.SubmittedApplicationsPageTest - Entered project date.
2025-03-27 12:40:28 [main] DEBUG l.i.u.t.SubmittedApplicationsPageTest - Entered job count: '1'.
2025-03-27 12:40:28 [main] DEBUG l.i.u.t.SubmittedApplicationsPageTest - Clicked 'Next' button.
2025-03-27 12:40:28 [main] INFO  l.i.u.p.SubmittedApplicationsPage - Located the dropdown button.
2025-03-27 12:40:29 [main] INFO  l.i.u.p.SubmittedApplicationsPage - Successfully selected the value: 'Administratoriai'
2025-03-27 12:40:29 [main] DEBUG l.i.u.t.SubmittedApplicationsPageTest - Selected job name: 'Administratoriai'.
2025-03-27 12:40:29 [main] DEBUG l.i.u.t.SubmittedApplicationsPageTest - Entered job function: 'Funkcija 1'.
2025-03-27 12:40:30 [main] DEBUG l.i.u.t.SubmittedApplicationsPageTest - Selected 'RadioButtonWithDisabilities' option.
2025-03-27 12:40:30 [main] INFO  l.i.u.p.SubmittedApplicationsPage - Clicking on the dropdown button.
2025-03-27 12:40:30 [main] INFO  l.i.u.p.SubmittedApplicationsPage - Found 34 options in the dropdown.
2025-03-27 12:40:30 [main] DEBUG l.i.u.p.SubmittedApplicationsPage - Checking option: 'Asmenys, kuriems suteiktas pabėgėlio statusas ar perkeliamojo asmens statusas, arba asmenys, kuriems suteikta papildoma ar laikinoji apsauga, ir asmenys, turintys teisę gauti laikinąją apsaugą, iki sprendimo dėl laikinosios apsaugos suteikimo (nesuteikimo) priėmimo, tačiau ne ilgiau kaip laikinosios apsaugos laikotarpiu'
2025-03-27 12:40:30 [main] DEBUG l.i.u.p.SubmittedApplicationsPage - Checking option: 'Asmenys, kuriems suteiktas pabėgėlio statusas ar perkeliamojo asmens statusas, arba asmenys, kuriems suteikta papildoma ar laikinoji apsauga, ir asmenys, turintys teisę gauti laikinąją apsaugą, iki sprendimo dėl laikinosios apsaugos suteikimo (nesuteikimo) priėmimo, tačiau ne ilgiau kaip laikinosios apsaugos laikotarpiu'
2025-03-27 12:40:30 [main] DEBUG l.i.u.p.SubmittedApplicationsPage - Checking option: 'Asmenys, turintys teisę į papildomas užimtumo garantijas pagal Lietuvos Respublikos valstybės įmonės Ignalinos atominės elektrinės darbuotojų papildomų užimtumo ir socialinių garantijų įstatymą'
2025-03-27 12:40:30 [main] DEBUG l.i.u.p.SubmittedApplicationsPage - Checking option: 'Asmenys, turintys teisę į papildomas užimtumo garantijas pagal Lietuvos Respublikos valstybės įmonės Ignalinos atominės elektrinės darbuotojų papildomų užimtumo ir socialinių garantijų įstatymą'
2025-03-27 12:40:30 [main] DEBUG l.i.u.p.SubmittedApplicationsPage - Checking option: 'Bedarbiai iki 29 metų'
2025-03-27 12:40:30 [main] DEBUG l.i.u.p.SubmittedApplicationsPage - Checking option: 'Bedarbiai iki 29 metų'
2025-03-27 12:40:30 [main] DEBUG l.i.u.p.SubmittedApplicationsPage - Checking option: 'Bedarbiai, kurie yra darbingo amžiaus neįgalieji, kuriems nustatytas 30–40 procentų darbingumo lygis arba vidutinis neįgalumo lygis'
2025-03-27 12:40:30 [main] DEBUG l.i.u.p.SubmittedApplicationsPage - Checking option: 'Bedarbiai, kurie yra darbingo amžiaus neįgalieji, kuriems nustatytas 30–40 procentų darbingumo lygis arba vidutinis neįgalumo lygis'
2025-03-27 12:40:30 [main] DEBUG l.i.u.p.SubmittedApplicationsPage - Checking option: 'Bedarbiai, kurie yra darbingo amžiaus neįgalieji, kuriems nustatytas 45–55 procentų darbingumo lygis arba lengvas neįgalumo lygis'
2025-03-27 12:40:30 [main] DEBUG l.i.u.p.SubmittedApplicationsPage - Checking option: 'Bedarbiai, kurie yra darbingo amžiaus neįgalieji, kuriems nustatytas 45–55 procentų darbingumo lygis arba lengvas neįgalumo lygis'
2025-03-27 12:40:30 [main] DEBUG l.i.u.p.SubmittedApplicationsPage - Checking option: 'Bedarbiai, kurie yra darbingo amžiaus neįgalieji, kuriems nustatytas iki 25 procentų darbingumo lygis arba sunkus neįgalumo lygis'
2025-03-27 12:40:30 [main] INFO  l.i.u.p.SubmittedApplicationsPage - Successfully selected the value: 'Bedarbiai, kurie yra darbingo amžiaus neįgalieji, kuriems nustatytas iki 25 procentų darbingumo lygis arba sunkus neįgalumo lygis'
2025-03-27 12:40:30 [main] INFO  l.i.u.p.SubmittedApplicationsPage - Attempting to close the dropdown.
2025-03-27 12:40:31 [main] DEBUG l.i.u.t.SubmittedApplicationsPageTest - Selected disabilities type: 'Bedarbiai, kurie yra darbingo amžiaus neįgalieji, kuriems nustatytas iki 25 procentų darbingumo lygis arba sunkus neįgalumo lygis'.
2025-03-27 12:40:31 [main] DEBUG l.i.u.t.SubmittedApplicationsPageTest - Entered disability information: 'Negalia 1'.
2025-03-27 12:40:31 [main] INFO  l.i.u.p.SubmittedApplicationsPage - Located the dropdown button.
2025-03-27 12:40:32 [main] INFO  l.i.u.p.SubmittedApplicationsPage - Successfully selected the value: 'Kita'
2025-03-27 12:40:32 [main] DEBUG l.i.u.t.SubmittedApplicationsPageTest - Selected time mode: 'Kita'.
2025-03-27 12:40:33 [main] DEBUG l.i.u.t.SubmittedApplicationsPageTest - Selected time mode other: '6 val. per dieną ir 4 d. per savaitę'.
2025-03-27 12:40:33 [main] DEBUG l.i.u.t.SubmittedApplicationsPageTest - Entered qualification: 'Kvalifikacija 1'.
2025-03-27 12:40:33 [main] DEBUG l.i.u.t.SubmittedApplicationsPageTest - Entered job date.
2025-03-27 12:40:33 [main] DEBUG l.i.u.t.SubmittedApplicationsPageTest - Entered salary amount: '1200'.
2025-03-27 12:40:33 [main] DEBUG l.i.u.t.SubmittedApplicationsPageTest - Entered salary description: 'Užmokestis 1'.
2025-03-27 12:40:34 [main] DEBUG l.i.u.t.SubmittedApplicationsPageTest - Selected 'Temporary Job' radio button.
2025-03-27 12:40:34 [main] DEBUG l.i.u.t.SubmittedApplicationsPageTest - Selected 'Season Job' radio button.
2025-03-27 12:40:34 [main] DEBUG l.i.u.t.SubmittedApplicationsPageTest - Selected 'Energy' radio button.
2025-03-27 12:40:34 [main] DEBUG l.i.u.t.SubmittedApplicationsPageTest - Selected 'Repair' radio button.
2025-03-27 12:40:34 [main] DEBUG l.i.u.t.SubmittedApplicationsPageTest - Entered job description: 'Veikla 1'.
2025-03-27 12:40:35 [main] DEBUG l.i.u.t.SubmittedApplicationsPageTest - Entered process description: 'Procesas 1'.
2025-03-27 12:40:35 [main] DEBUG l.i.u.t.SubmittedApplicationsPageTest - Entered energy information: 'Energija 1'.
2025-03-27 12:40:35 [main] DEBUG l.i.u.t.SubmittedApplicationsPageTest - Entered repair information: 'Remontas 1'.
2025-03-27 12:40:35 [main] DEBUG l.i.u.t.SubmittedApplicationsPageTest - Selected 'PVM' radio button.
2025-03-27 12:40:35 [main] INFO  l.i.u.p.SubmittedApplicationsPage - Located the dropdown button.
2025-03-27 12:40:36 [main] INFO  l.i.u.p.SubmittedApplicationsPage - Successfully selected the value: 'Įsigyti'
2025-03-27 12:40:36 [main] DEBUG l.i.u.t.SubmittedApplicationsPageTest - Selected necessary for job: 'Įsigyti'.
2025-03-27 12:40:36 [main] DEBUG l.i.u.t.SubmittedApplicationsPageTest - Selected tool: 'Darbo priemonė 1'.
2025-03-27 12:40:36 [main] DEBUG l.i.u.t.SubmittedApplicationsPageTest - Selected tool parameter one: 'Darbo priemonės 1 parametras 1'.
2025-03-27 12:40:36 [main] DEBUG l.i.u.t.SubmittedApplicationsPageTest - Selected tool parameter two: 'Darbo priemonės 1 parametras 2'.
2025-03-27 12:40:37 [main] DEBUG l.i.u.t.SubmittedApplicationsPageTest - Selected tool parameter three: 'Darbo priemonės 1 parametras 3'.
2025-03-27 12:40:37 [main] DEBUG l.i.u.t.SubmittedApplicationsPageTest - Entered tool count: '1'.
2025-03-27 12:40:37 [main] DEBUG l.i.u.t.SubmittedApplicationsPageTest - Entered price amount 1: '1000'.
2025-03-27 12:40:39 [main] DEBUG l.i.u.t.SubmittedApplicationsPageTest - Entered own funds amount 1: '800'.
2025-03-27 12:40:42 [main] DEBUG l.i.u.t.SubmittedApplicationsPageTest - Clicked 'Add' button.
2025-03-27 12:40:42 [main] INFO  l.i.u.p.SubmittedApplicationsPage - Located the dropdown button.
2025-03-27 12:40:42 [main] INFO  l.i.u.p.SubmittedApplicationsPage - Successfully selected the value: 'Remontuoti'
2025-03-27 12:40:42 [main] DEBUG l.i.u.t.SubmittedApplicationsPageTest - Selected necessary for job 'to repair': 'Remontuoti'.
2025-03-27 12:40:42 [main] DEBUG l.i.u.t.SubmittedApplicationsPageTest - Selected repair name: 'Remonto pavadinimas 1'.
2025-03-27 12:40:43 [main] DEBUG l.i.u.t.SubmittedApplicationsPageTest - Entered repair information: 'Remonto aprašymas 1'.
2025-03-27 12:40:43 [main] DEBUG l.i.u.t.SubmittedApplicationsPageTest - Entered price amount 2: '1000'.
2025-03-27 12:40:45 [main] DEBUG l.i.u.t.SubmittedApplicationsPageTest - Entered own funds amount 2: '900'.
2025-03-27 12:40:47 [main] DEBUG l.i.u.t.SubmittedApplicationsPageTest - Entered country percentage: '50'.
2025-03-27 12:40:47 [main] DEBUG l.i.u.t.SubmittedApplicationsPageTest - Entered institution percentage: '50'.
2025-03-27 12:40:47 [main] DEBUG l.i.u.t.SubmittedApplicationsPageTest - Entered municipality percentage: '50'.
2025-03-27 12:40:47 [main] DEBUG l.i.u.t.SubmittedApplicationsPageTest - Selected 'De Minimis' radio button.
2025-03-27 12:40:48 [main] DEBUG l.i.u.t.SubmittedApplicationsPageTest - Entered program name: 'Programa 1'.
2025-03-27 12:40:48 [main] DEBUG l.i.u.t.SubmittedApplicationsPageTest - Entered project date from.
2025-03-27 12:40:48 [main] DEBUG l.i.u.t.SubmittedApplicationsPageTest - Entered project date until.
2025-03-27 12:40:48 [main] DEBUG l.i.u.t.SubmittedApplicationsPageTest - Entered support amount: '2000'.
2025-03-27 12:40:48 [main] DEBUG l.i.u.t.SubmittedApplicationsPageTest - Clicked 'Next' button.
2025-03-27 12:40:58 [main] DEBUG l.i.u.t.SubmittedApplicationsPageTest - Checked 'Legal Entities' checkbox 1.
2025-03-27 12:41:09 [main] DEBUG l.i.u.t.SubmittedApplicationsPageTest - Checked 'Legal Entities' checkbox 2.
2025-03-27 12:41:19 [main] DEBUG l.i.u.t.SubmittedApplicationsPageTest - Checked 'Legal Entities' checkbox 3.
2025-03-27 12:41:19 [main] DEBUG l.i.u.t.SubmittedApplicationsPageTest - Test finished: All 'Legal Entities' checkboxes checked successfully.
2025-03-27 12:41:19 [main] DEBUG l.i.u.t.SubmittedApplicationsPageTest - Clicked 'Next' button after checkboxes.
2025-03-27 12:41:29 [main] ERROR l.i.u.p.SubmittedApplicationsPage - Error selecting radio button: Expected condition failed: waiting for element to be clickable: By.xpath: (//input[@type='radio' and @value='false'])[8] (tried for 10 second(s) with 500 milliseconds interval)
Build info: version: '4.27.0', revision: 'd6e718d134'
System info: os.name: 'Windows 11', os.arch: 'amd64', os.version: '10.0', java.version: '21.0.3'
Driver info: org.openqa.selenium.chrome.ChromeDriver
Capabilities {acceptInsecureCerts: false, browserName: chrome, browserVersion: 134.0.6998.166, chrome: {chromedriverVersion: 134.0.6998.165 (fd886e2cb29..., userDataDir: C:\Users\INGRID~1.ZAD\AppDa...}, fedcm:accounts: true, goog:chromeOptions: {debuggerAddress: localhost:60616}, networkConnectionEnabled: false, pageLoadStrategy: normal, platformName: windows, proxy: Proxy(), se:cdp: ws://localhost:60616/devtoo..., se:cdpVersion: 134.0.6998.166, setWindowRect: true, strictFileInteractability: false, timeouts: {implicit: 0, pageLoad: 300000, script: 30000}, unhandledPromptBehavior: dismiss and notify, webauthn:extension:credBlob: true, webauthn:extension:largeBlob: true, webauthn:extension:minPinLength: true, webauthn:extension:prf: true, webauthn:virtualAuthenticators: true}
Session ID: 795240130c78858fded225c8788325ec
2025-03-27 12:41:29 [main] INFO  l.i.u.t.SubmittedApplicationsPageTest - Marking 'Ne' radio button 1
2025-03-27 12:41:39 [main] ERROR l.i.u.p.SubmittedApplicationsPage - Error selecting radio button: Expected condition failed: waiting for element to be clickable: By.xpath: (//input[@type='radio' and @value='false'])[9] (tried for 10 second(s) with 500 milliseconds interval)
Build info: version: '4.27.0', revision: 'd6e718d134'
System info: os.name: 'Windows 11', os.arch: 'amd64', os.version: '10.0', java.version: '21.0.3'
Driver info: org.openqa.selenium.chrome.ChromeDriver
Capabilities {acceptInsecureCerts: false, browserName: chrome, browserVersion: 134.0.6998.166, chrome: {chromedriverVersion: 134.0.6998.165 (fd886e2cb29..., userDataDir: C:\Users\INGRID~1.ZAD\AppDa...}, fedcm:accounts: true, goog:chromeOptions: {debuggerAddress: localhost:60616}, networkConnectionEnabled: false, pageLoadStrategy: normal, platformName: windows, proxy: Proxy(), se:cdp: ws://localhost:60616/devtoo..., se:cdpVersion: 134.0.6998.166, setWindowRect: true, strictFileInteractability: false, timeouts: {implicit: 0, pageLoad: 300000, script: 30000}, unhandledPromptBehavior: dismiss and notify, webauthn:extension:credBlob: true, webauthn:extension:largeBlob: true, webauthn:extension:minPinLength: true, webauthn:extension:prf: true, webauthn:virtualAuthenticators: true}
Session ID: 795240130c78858fded225c8788325ec
2025-03-27 12:41:39 [main] INFO  l.i.u.t.SubmittedApplicationsPageTest - Marking 'Ne' radio button 2
2025-03-27 12:41:49 [main] ERROR l.i.u.p.SubmittedApplicationsPage - Error selecting radio button: Expected condition failed: waiting for element to be clickable: By.xpath: (//input[@type='radio' and @value='false'])[10] (tried for 10 second(s) with 500 milliseconds interval)
Build info: version: '4.27.0', revision: 'd6e718d134'
System info: os.name: 'Windows 11', os.arch: 'amd64', os.version: '10.0', java.version: '21.0.3'
Driver info: org.openqa.selenium.chrome.ChromeDriver
Capabilities {acceptInsecureCerts: false, browserName: chrome, browserVersion: 134.0.6998.166, chrome: {chromedriverVersion: 134.0.6998.165 (fd886e2cb29..., userDataDir: C:\Users\INGRID~1.ZAD\AppDa...}, fedcm:accounts: true, goog:chromeOptions: {debuggerAddress: localhost:60616}, networkConnectionEnabled: false, pageLoadStrategy: normal, platformName: windows, proxy: Proxy(), se:cdp: ws://localhost:60616/devtoo..., se:cdpVersion: 134.0.6998.166, setWindowRect: true, strictFileInteractability: false, timeouts: {implicit: 0, pageLoad: 300000, script: 30000}, unhandledPromptBehavior: dismiss and notify, webauthn:extension:credBlob: true, webauthn:extension:largeBlob: true, webauthn:extension:minPinLength: true, webauthn:extension:prf: true, webauthn:virtualAuthenticators: true}
Session ID: 795240130c78858fded225c8788325ec
2025-03-27 12:41:49 [main] INFO  l.i.u.t.SubmittedApplicationsPageTest - Marking 'Ne' radio button 3
2025-03-27 12:41:59 [main] ERROR l.i.u.p.SubmittedApplicationsPage - Error selecting radio button: Expected condition failed: waiting for element to be clickable: By.xpath: (//input[@type='radio' and @value='false'])[11] (tried for 10 second(s) with 500 milliseconds interval)
Build info: version: '4.27.0', revision: 'd6e718d134'
System info: os.name: 'Windows 11', os.arch: 'amd64', os.version: '10.0', java.version: '21.0.3'
Driver info: org.openqa.selenium.chrome.ChromeDriver
Capabilities {acceptInsecureCerts: false, browserName: chrome, browserVersion: 134.0.6998.166, chrome: {chromedriverVersion: 134.0.6998.165 (fd886e2cb29..., userDataDir: C:\Users\INGRID~1.ZAD\AppDa...}, fedcm:accounts: true, goog:chromeOptions: {debuggerAddress: localhost:60616}, networkConnectionEnabled: false, pageLoadStrategy: normal, platformName: windows, proxy: Proxy(), se:cdp: ws://localhost:60616/devtoo..., se:cdpVersion: 134.0.6998.166, setWindowRect: true, strictFileInteractability: false, timeouts: {implicit: 0, pageLoad: 300000, script: 30000}, unhandledPromptBehavior: dismiss and notify, webauthn:extension:credBlob: true, webauthn:extension:largeBlob: true, webauthn:extension:minPinLength: true, webauthn:extension:prf: true, webauthn:virtualAuthenticators: true}
Session ID: 795240130c78858fded225c8788325ec
2025-03-27 12:41:59 [main] INFO  l.i.u.t.SubmittedApplicationsPageTest - Marking 'Ne' radio button 4
2025-03-27 12:42:09 [main] ERROR l.i.u.p.SubmittedApplicationsPage - Error selecting radio button: Expected condition failed: waiting for element to be clickable: By.xpath: (//input[@type='radio' and @value='false'])[12] (tried for 10 second(s) with 500 milliseconds interval)
Build info: version: '4.27.0', revision: 'd6e718d134'
System info: os.name: 'Windows 11', os.arch: 'amd64', os.version: '10.0', java.version: '21.0.3'
Driver info: org.openqa.selenium.chrome.ChromeDriver
Capabilities {acceptInsecureCerts: false, browserName: chrome, browserVersion: 134.0.6998.166, chrome: {chromedriverVersion: 134.0.6998.165 (fd886e2cb29..., userDataDir: C:\Users\INGRID~1.ZAD\AppDa...}, fedcm:accounts: true, goog:chromeOptions: {debuggerAddress: localhost:60616}, networkConnectionEnabled: false, pageLoadStrategy: normal, platformName: windows, proxy: Proxy(), se:cdp: ws://localhost:60616/devtoo..., se:cdpVersion: 134.0.6998.166, setWindowRect: true, strictFileInteractability: false, timeouts: {implicit: 0, pageLoad: 300000, script: 30000}, unhandledPromptBehavior: dismiss and notify, webauthn:extension:credBlob: true, webauthn:extension:largeBlob: true, webauthn:extension:minPinLength: true, webauthn:extension:prf: true, webauthn:virtualAuthenticators: true}
Session ID: 795240130c78858fded225c8788325ec
2025-03-27 12:42:09 [main] INFO  l.i.u.t.SubmittedApplicationsPageTest - Marking 'Ne' radio button 5
2025-03-27 12:42:19 [main] ERROR l.i.u.p.SubmittedApplicationsPage - Error selecting radio button: Expected condition failed: waiting for element to be clickable: By.xpath: (//input[@type='radio' and @value='false'])[13] (tried for 10 second(s) with 500 milliseconds interval)
Build info: version: '4.27.0', revision: 'd6e718d134'
System info: os.name: 'Windows 11', os.arch: 'amd64', os.version: '10.0', java.version: '21.0.3'
Driver info: org.openqa.selenium.chrome.ChromeDriver
Capabilities {acceptInsecureCerts: false, browserName: chrome, browserVersion: 134.0.6998.166, chrome: {chromedriverVersion: 134.0.6998.165 (fd886e2cb29..., userDataDir: C:\Users\INGRID~1.ZAD\AppDa...}, fedcm:accounts: true, goog:chromeOptions: {debuggerAddress: localhost:60616}, networkConnectionEnabled: false, pageLoadStrategy: normal, platformName: windows, proxy: Proxy(), se:cdp: ws://localhost:60616/devtoo..., se:cdpVersion: 134.0.6998.166, setWindowRect: true, strictFileInteractability: false, timeouts: {implicit: 0, pageLoad: 300000, script: 30000}, unhandledPromptBehavior: dismiss and notify, webauthn:extension:credBlob: true, webauthn:extension:largeBlob: true, webauthn:extension:minPinLength: true, webauthn:extension:prf: true, webauthn:virtualAuthenticators: true}
Session ID: 795240130c78858fded225c8788325ec
2025-03-27 12:42:19 [main] INFO  l.i.u.t.SubmittedApplicationsPageTest - Marking 'Ne' radio button 6
2025-03-27 12:42:29 [main] ERROR l.i.u.p.SubmittedApplicationsPage - Error selecting radio button: Expected condition failed: waiting for element to be clickable: By.xpath: (//input[@type='radio' and @value='true'])[14] (tried for 10 second(s) with 500 milliseconds interval)
Build info: version: '4.27.0', revision: 'd6e718d134'
System info: os.name: 'Windows 11', os.arch: 'amd64', os.version: '10.0', java.version: '21.0.3'
Driver info: org.openqa.selenium.chrome.ChromeDriver
Capabilities {acceptInsecureCerts: false, browserName: chrome, browserVersion: 134.0.6998.166, chrome: {chromedriverVersion: 134.0.6998.165 (fd886e2cb29..., userDataDir: C:\Users\INGRID~1.ZAD\AppDa...}, fedcm:accounts: true, goog:chromeOptions: {debuggerAddress: localhost:60616}, networkConnectionEnabled: false, pageLoadStrategy: normal, platformName: windows, proxy: Proxy(), se:cdp: ws://localhost:60616/devtoo..., se:cdpVersion: 134.0.6998.166, setWindowRect: true, strictFileInteractability: false, timeouts: {implicit: 0, pageLoad: 300000, script: 30000}, unhandledPromptBehavior: dismiss and notify, webauthn:extension:credBlob: true, webauthn:extension:largeBlob: true, webauthn:extension:minPinLength: true, webauthn:extension:prf: true, webauthn:virtualAuthenticators: true}
Session ID: 795240130c78858fded225c8788325ec
2025-03-27 12:42:29 [main] INFO  l.i.u.t.SubmittedApplicationsPageTest - Marking 'Taip' radio button 7
2025-03-27 12:42:40 [main] ERROR l.i.u.p.SubmittedApplicationsPage - Error selecting radio button: Expected condition failed: waiting for element to be clickable: By.xpath: (//input[@type='radio' and @value='true'])[15] (tried for 10 second(s) with 500 milliseconds interval)
Build info: version: '4.27.0', revision: 'd6e718d134'
System info: os.name: 'Windows 11', os.arch: 'amd64', os.version: '10.0', java.version: '21.0.3'
Driver info: org.openqa.selenium.chrome.ChromeDriver
Capabilities {acceptInsecureCerts: false, browserName: chrome, browserVersion: 134.0.6998.166, chrome: {chromedriverVersion: 134.0.6998.165 (fd886e2cb29..., userDataDir: C:\Users\INGRID~1.ZAD\AppDa...}, fedcm:accounts: true, goog:chromeOptions: {debuggerAddress: localhost:60616}, networkConnectionEnabled: false, pageLoadStrategy: normal, platformName: windows, proxy: Proxy(), se:cdp: ws://localhost:60616/devtoo..., se:cdpVersion: 134.0.6998.166, setWindowRect: true, strictFileInteractability: false, timeouts: {implicit: 0, pageLoad: 300000, script: 30000}, unhandledPromptBehavior: dismiss and notify, webauthn:extension:credBlob: true, webauthn:extension:largeBlob: true, webauthn:extension:minPinLength: true, webauthn:extension:prf: true, webauthn:virtualAuthenticators: true}
Session ID: 795240130c78858fded225c8788325ec
2025-03-27 12:42:40 [main] INFO  l.i.u.t.SubmittedApplicationsPageTest - Marking 'Taip' radio button 8
2025-03-27 12:42:50 [main] ERROR l.i.u.p.SubmittedApplicationsPage - Error selecting radio button: Expected condition failed: waiting for element to be clickable: By.xpath: (//input[@type='radio' and @value='true'])[16] (tried for 10 second(s) with 500 milliseconds interval)
Build info: version: '4.27.0', revision: 'd6e718d134'
System info: os.name: 'Windows 11', os.arch: 'amd64', os.version: '10.0', java.version: '21.0.3'
Driver info: org.openqa.selenium.chrome.ChromeDriver
Capabilities {acceptInsecureCerts: false, browserName: chrome, browserVersion: 134.0.6998.166, chrome: {chromedriverVersion: 134.0.6998.165 (fd886e2cb29..., userDataDir: C:\Users\INGRID~1.ZAD\AppDa...}, fedcm:accounts: true, goog:chromeOptions: {debuggerAddress: localhost:60616}, networkConnectionEnabled: false, pageLoadStrategy: normal, platformName: windows, proxy: Proxy(), se:cdp: ws://localhost:60616/devtoo..., se:cdpVersion: 134.0.6998.166, setWindowRect: true, strictFileInteractability: false, timeouts: {implicit: 0, pageLoad: 300000, script: 30000}, unhandledPromptBehavior: dismiss and notify, webauthn:extension:credBlob: true, webauthn:extension:largeBlob: true, webauthn:extension:minPinLength: true, webauthn:extension:prf: true, webauthn:virtualAuthenticators: true}
Session ID: 795240130c78858fded225c8788325ec
2025-03-27 12:42:50 [main] INFO  l.i.u.t.SubmittedApplicationsPageTest - Marking 'Taip' radio button 9
2025-03-27 12:43:00 [main] ERROR l.i.u.p.SubmittedApplicationsPage - Error selecting radio button: Expected condition failed: waiting for element to be clickable: By.xpath: (//input[@type='radio' and @value='true'])[17] (tried for 10 second(s) with 500 milliseconds interval)
Build info: version: '4.27.0', revision: 'd6e718d134'
System info: os.name: 'Windows 11', os.arch: 'amd64', os.version: '10.0', java.version: '21.0.3'
Driver info: org.openqa.selenium.chrome.ChromeDriver
Capabilities {acceptInsecureCerts: false, browserName: chrome, browserVersion: 134.0.6998.166, chrome: {chromedriverVersion: 134.0.6998.165 (fd886e2cb29..., userDataDir: C:\Users\INGRID~1.ZAD\AppDa...}, fedcm:accounts: true, goog:chromeOptions: {debuggerAddress: localhost:60616}, networkConnectionEnabled: false, pageLoadStrategy: normal, platformName: windows, proxy: Proxy(), se:cdp: ws://localhost:60616/devtoo..., se:cdpVersion: 134.0.6998.166, setWindowRect: true, strictFileInteractability: false, timeouts: {implicit: 0, pageLoad: 300000, script: 30000}, unhandledPromptBehavior: dismiss and notify, webauthn:extension:credBlob: true, webauthn:extension:largeBlob: true, webauthn:extension:minPinLength: true, webauthn:extension:prf: true, webauthn:virtualAuthenticators: true}
Session ID: 795240130c78858fded225c8788325ec
2025-03-27 12:43:00 [main] INFO  l.i.u.t.SubmittedApplicationsPageTest - Marking 'Taip' radio button 10
2025-03-27 12:43:10 [main] ERROR l.i.u.p.SubmittedApplicationsPage - Error selecting radio button: Expected condition failed: waiting for element to be clickable: By.xpath: (//input[@type='radio' and @value='true'])[18] (tried for 10 second(s) with 500 milliseconds interval)
Build info: version: '4.27.0', revision: 'd6e718d134'
System info: os.name: 'Windows 11', os.arch: 'amd64', os.version: '10.0', java.version: '21.0.3'
Driver info: org.openqa.selenium.chrome.ChromeDriver
Capabilities {acceptInsecureCerts: false, browserName: chrome, browserVersion: 134.0.6998.166, chrome: {chromedriverVersion: 134.0.6998.165 (fd886e2cb29..., userDataDir: C:\Users\INGRID~1.ZAD\AppDa...}, fedcm:accounts: true, goog:chromeOptions: {debuggerAddress: localhost:60616}, networkConnectionEnabled: false, pageLoadStrategy: normal, platformName: windows, proxy: Proxy(), se:cdp: ws://localhost:60616/devtoo..., se:cdpVersion: 134.0.6998.166, setWindowRect: true, strictFileInteractability: false, timeouts: {implicit: 0, pageLoad: 300000, script: 30000}, unhandledPromptBehavior: dismiss and notify, webauthn:extension:credBlob: true, webauthn:extension:largeBlob: true, webauthn:extension:minPinLength: true, webauthn:extension:prf: true, webauthn:virtualAuthenticators: true}
Session ID: 795240130c78858fded225c8788325ec
2025-03-27 12:43:10 [main] INFO  l.i.u.t.SubmittedApplicationsPageTest - Marking 'Taip' radio button 11
2025-03-27 12:43:20 [main] ERROR l.i.u.p.SubmittedApplicationsPage - Error selecting radio button: Expected condition failed: waiting for element to be clickable: By.xpath: (//input[@type='radio' and @value='true'])[19] (tried for 10 second(s) with 500 milliseconds interval)
Build info: version: '4.27.0', revision: 'd6e718d134'
System info: os.name: 'Windows 11', os.arch: 'amd64', os.version: '10.0', java.version: '21.0.3'
Driver info: org.openqa.selenium.chrome.ChromeDriver
Capabilities {acceptInsecureCerts: false, browserName: chrome, browserVersion: 134.0.6998.166, chrome: {chromedriverVersion: 134.0.6998.165 (fd886e2cb29..., userDataDir: C:\Users\INGRID~1.ZAD\AppDa...}, fedcm:accounts: true, goog:chromeOptions: {debuggerAddress: localhost:60616}, networkConnectionEnabled: false, pageLoadStrategy: normal, platformName: windows, proxy: Proxy(), se:cdp: ws://localhost:60616/devtoo..., se:cdpVersion: 134.0.6998.166, setWindowRect: true, strictFileInteractability: false, timeouts: {implicit: 0, pageLoad: 300000, script: 30000}, unhandledPromptBehavior: dismiss and notify, webauthn:extension:credBlob: true, webauthn:extension:largeBlob: true, webauthn:extension:minPinLength: true, webauthn:extension:prf: true, webauthn:virtualAuthenticators: true}
Session ID: 795240130c78858fded225c8788325ec
2025-03-27 12:43:20 [main] INFO  l.i.u.t.SubmittedApplicationsPageTest - Marking 'Taip' radio button 12
2025-03-27 12:43:30 [main] DEBUG l.i.u.t.SubmittedApplicationsPageTest - Checked 'ConfirmationStepFour'
2025-03-27 12:43:30 [main] DEBUG l.i.u.t.SubmittedApplicationsPageTest - Clicked 'Next' button after checkboxes.
2025-03-27 12:43:30 [main] INFO  l.i.u.p.SubmittedApplicationsPage - File uploaded successfully to an input element.
2025-03-27 12:43:30 [main] INFO  l.i.u.p.SubmittedApplicationsPage - File uploaded successfully to an input element.
2025-03-27 12:43:30 [main] INFO  l.i.u.p.SubmittedApplicationsPage - File uploaded successfully to an input element.
2025-03-27 12:43:30 [main] INFO  l.i.u.p.SubmittedApplicationsPage - File uploaded successfully to an input element.
2025-03-27 12:43:30 [main] INFO  l.i.u.p.SubmittedApplicationsPage - File uploaded successfully to an input element.
2025-03-27 12:43:30 [main] INFO  l.i.u.p.SubmittedApplicationsPage - File uploaded successfully to an input element.
2025-03-27 12:43:31 [main] INFO  l.i.u.p.SubmittedApplicationsPage - File uploaded successfully to an input element.
2025-03-27 12:43:31 [main] INFO  l.i.u.p.SubmittedApplicationsPage - File uploaded successfully to an input element.
2025-03-27 12:43:31 [main] INFO  l.i.u.p.SubmittedApplicationsPage - File uploaded successfully to an input element.
2025-03-27 12:43:31 [main] INFO  l.i.u.p.SubmittedApplicationsPage - File uploaded successfully to an input element.
2025-03-27 12:43:31 [main] DEBUG l.i.u.t.SubmittedApplicationsPageTest - Entered program name: 'Dokumentas 1'.
2025-03-27 12:43:31 [main] DEBUG l.i.u.t.SubmittedApplicationsPageTest - Entered program name: 'Dokumentas 2'.
2025-03-27 12:43:31 [main] DEBUG l.i.u.t.SubmittedApplicationsPageTest - Entered program name: 'Dokumentas 3'.
2025-03-27 12:43:31 [main] DEBUG l.i.u.t.SubmittedApplicationsPageTest - Entered program name: 'Dokumentas 4'.
2025-03-27 12:43:31 [main] DEBUG l.i.u.t.SubmittedApplicationsPageTest - Entered program name: 'Dokumentas 5'.
2025-03-27 12:43:32 [main] DEBUG l.i.u.t.SubmittedApplicationsPageTest - Entered program name: 'Dokumentas 6'.
2025-03-27 12:43:32 [main] DEBUG l.i.u.t.SubmittedApplicationsPageTest - Entered program name: 'Dokumentas 4'.
2025-03-27 12:43:32 [main] DEBUG l.i.u.t.SubmittedApplicationsPageTest - Entered program name: 'Dokumentas 8'.
2025-03-27 12:43:32 [main] DEBUG l.i.u.t.SubmittedApplicationsPageTest - Entered program name: 'Dokumentas 9'.
2025-03-27 12:43:32 [main] DEBUG l.i.u.t.SubmittedApplicationsPageTest - Entered program name: 'Dokumentas 10'.
2025-03-27 12:43:42 [main] DEBUG l.i.u.t.SubmittedApplicationsPageTest - Checked 'ConfirmationDocument'
2025-03-27 12:43:52 [main] DEBUG l.i.u.t.SubmittedApplicationsPageTest - Checked 'ConfirmationApplication'
2025-03-27 12:43:52 [main] DEBUG l.i.u.t.SubmittedApplicationsPageTest - Clicked 'SaveDraft' button after checkboxes.
2025-03-27 12:43:53 [main] DEBUG l.i.uztis.pages.ApplicationFormsPage - Verified success message: 'Ruošinys sėkmingai išsaugotas.'
2025-03-27 12:43:53 [main] INFO  l.i.u.t.SubmittedApplicationsPageTest - Verified success message
2025-03-27 12:43:53 [main] DEBUG l.i.u.t.SubmittedApplicationsPageTest - Clicked 'Review' button after checkboxes.
2025-03-27 12:43:55 [main] DEBUG l.i.u.t.SubmittedApplicationsPageTest - Clicked 'Submit' button after checkboxes.
2025-03-27 12:43:55 [main] DEBUG l.i.u.t.SubmittedApplicationsPageTest - Clicked 'SubmitConfirmation' button after checkboxes.
2025-03-27 12:43:55 [main] ERROR l.i.uztis.pages.ApplicationFormsPage - Failed to verify the success message: 'Paraiška sėkmingai pateikta ir užregistruota.'. Available messages: [Ruošinys sėkmingai išsaugotas.]
2025-03-27 12:43:55 [main] INFO  l.i.u.t.SubmittedApplicationsPageTest - Test 'testFillNewVUIApplicationFA' completed successfully.
2025-03-27 12:56:15 [main] INFO  lt.insoft.uztis.tests.UztisPageTest - Navigated to https://uztisdev.asseco.lt/home
2025-03-27 12:56:15 [main] INFO  l.i.u.t.SubmittedApplicationsPageTest - Starting test:'testFillNewVUIPApplicationFA'
2025-03-27 12:56:15 [main] DEBUG l.i.u.t.SubmittedApplicationsPageTest - User logged in with test credentials.
2025-03-27 12:56:15 [main] DEBUG l.i.u.t.SubmittedApplicationsPageTest - Opened 'Application Processing' menu.
2025-03-27 12:56:16 [main] DEBUG l.i.u.t.SubmittedApplicationsPageTest - Clicked on 'Application Forms' menu.
2025-03-27 12:56:16 [main] DEBUG l.i.u.t.SubmittedApplicationsPageTest - Retrieved last description code text: 'TST-VUI-75'.
2025-03-27 12:56:16 [main] DEBUG l.i.u.t.SubmittedApplicationsPageTest - Clicked on 'Invitation' menu.
2025-03-27 12:56:18 [main] DEBUG l.i.u.t.SubmittedApplicationsPageTest - Selected application section by code: 'TST-VUI-75'.
2025-03-27 12:56:18 [main] DEBUG l.i.u.t.SubmittedApplicationsPageTest - Clicked 'Search' button.
2025-03-27 12:56:18 [main] DEBUG l.i.u.t.SubmittedApplicationsPageTest - Retrieved invitation code: ''.
2025-03-27 12:56:18 [main] DEBUG l.i.u.t.SubmittedApplicationsPageTest - Clicked on 'Submitted Applications' menu.
2025-03-27 12:56:20 [main] DEBUG l.i.u.t.SubmittedApplicationsPageTest - Selected invitation by code: 'TST-VUI-75'.
2025-03-27 12:56:20 [main] DEBUG l.i.u.t.SubmittedApplicationsPageTest - Invitation code inserted.
2025-03-27 12:56:20 [main] DEBUG l.i.u.t.SubmittedApplicationsPageTest - Clicked on 'Action Application' button.
2025-03-27 12:56:20 [main] DEBUG l.i.u.t.SubmittedApplicationsPageTest - Clicked on 'New Application' button.
2025-03-27 12:56:21 [main] DEBUG l.i.u.t.SubmittedApplicationsPageTest - Selected the 'RadioButtonFA' option.
2025-03-27 12:56:21 [main] DEBUG l.i.u.t.SubmittedApplicationsPageTest - Entered phone number: '61298745'.
2025-03-27 12:56:21 [main] DEBUG l.i.u.t.SubmittedApplicationsPageTest - Entered email: 'test@autotest.com'.
2025-03-27 12:56:21 [main] INFO  l.i.u.p.SubmittedApplicationsPage - Clicking on the dropdown button.
2025-03-27 12:56:39 [main] INFO  l.i.u.p.SubmittedApplicationsPage - Found 1741 options in the dropdown.
2025-03-27 12:56:39 [main] DEBUG l.i.u.p.SubmittedApplicationsPage - Checking option: ''
2025-03-27 12:56:39 [main] DEBUG l.i.u.p.SubmittedApplicationsPage - Checking option: '01.11 - Grūdinių (išskyrus ryžius), ankštinių ir aliejingų sėklų augalų auginimas'
2025-03-27 12:56:39 [main] INFO  l.i.u.p.SubmittedApplicationsPage - Successfully selected the value: '01.11 - Grūdinių (išskyrus ryžius), ankštinių ir aliejingų sėklų augalų auginimas'
2025-03-27 12:56:39 [main] INFO  l.i.u.p.SubmittedApplicationsPage - Attempting to close the dropdown.
2025-03-27 12:56:39 [main] DEBUG l.i.u.t.SubmittedApplicationsPageTest - Selected EVRK value: '01.11 - Grūdinių (išskyrus ryžius), ankštinių ir aliejingų sėklų augalų auginimas'.
2025-03-27 12:56:40 [main] DEBUG l.i.u.t.SubmittedApplicationsPageTest - Clicked on 'Address Component' button.
2025-03-27 12:56:40 [main] INFO  l.i.u.p.SubmittedApplicationsPage - Located the dropdown button.
2025-03-27 12:56:43 [main] INFO  l.i.u.p.SubmittedApplicationsPage - Successfully selected the value: 'Lietuva'
2025-03-27 12:56:43 [main] DEBUG l.i.u.t.SubmittedApplicationsPageTest - Selected country: 'Lietuva'.
2025-03-27 12:56:43 [main] INFO  l.i.u.p.SubmittedApplicationsPage - Located the dropdown search field.
2025-03-27 12:56:43 [main] INFO  l.i.u.p.SubmittedApplicationsPage - Dropdown city is opened.
2025-03-27 12:56:43 [main] INFO  l.i.u.p.SubmittedApplicationsPage - Searched for value: 'Vilnius'
2025-03-27 12:56:44 [main] INFO  l.i.u.p.SubmittedApplicationsPage - Successfully selected: 'Vilnius'
2025-03-27 12:56:44 [main] INFO  l.i.u.p.SubmittedApplicationsPage - Located the dropdown button.
2025-03-27 12:56:45 [main] INFO  l.i.u.p.SubmittedApplicationsPage - Successfully selected the value: 'A. Domaševičiaus g.'
2025-03-27 12:56:45 [main] DEBUG l.i.u.t.SubmittedApplicationsPageTest - Selected street: 'A. Domaševičiaus g.'.
2025-03-27 12:56:45 [main] INFO  l.i.u.p.SubmittedApplicationsPage - Located the dropdown button.
2025-03-27 12:56:45 [main] INFO  l.i.u.p.SubmittedApplicationsPage - Successfully selected the value: '1'
2025-03-27 12:56:45 [main] DEBUG l.i.u.t.SubmittedApplicationsPageTest - Selected house: '1'.
2025-03-27 12:56:45 [main] INFO  l.i.u.p.SubmittedApplicationsPage - Located the dropdown button.
2025-03-27 12:56:45 [main] INFO  l.i.u.p.SubmittedApplicationsPage - Successfully selected the value: '1'
2025-03-27 12:56:45 [main] DEBUG l.i.u.t.SubmittedApplicationsPageTest - Selected apartment: '1'.
2025-03-27 12:56:45 [main] DEBUG l.i.u.t.SubmittedApplicationsPageTest - Clicked 'Confirm' button.
2025-03-27 12:56:46 [main] DEBUG l.i.u.t.SubmittedApplicationsPageTest - Entered project date.
2025-03-27 12:56:46 [main] DEBUG l.i.u.t.SubmittedApplicationsPageTest - Entered job count: '1'.
2025-03-27 12:56:46 [main] DEBUG l.i.u.t.SubmittedApplicationsPageTest - Clicked 'Next' button.
2025-03-27 12:56:46 [main] INFO  l.i.u.p.SubmittedApplicationsPage - Located the dropdown button.
2025-03-27 12:56:47 [main] INFO  l.i.u.p.SubmittedApplicationsPage - Successfully selected the value: 'Administratoriai'
2025-03-27 12:56:47 [main] DEBUG l.i.u.t.SubmittedApplicationsPageTest - Selected job name: 'Administratoriai'.
2025-03-27 12:56:47 [main] DEBUG l.i.u.t.SubmittedApplicationsPageTest - Entered job function: 'Funkcija 1'.
2025-03-27 12:56:47 [main] DEBUG l.i.u.t.SubmittedApplicationsPageTest - Selected 'RadioButtonWithDisabilities' option.
2025-03-27 12:56:47 [main] INFO  l.i.u.p.SubmittedApplicationsPage - Clicking on the dropdown button.
2025-03-27 12:56:48 [main] INFO  l.i.u.p.SubmittedApplicationsPage - Found 34 options in the dropdown.
2025-03-27 12:56:48 [main] DEBUG l.i.u.p.SubmittedApplicationsPage - Checking option: 'Asmenys, kuriems suteiktas pabėgėlio statusas ar perkeliamojo asmens statusas, arba asmenys, kuriems suteikta papildoma ar laikinoji apsauga, ir asmenys, turintys teisę gauti laikinąją apsaugą, iki sprendimo dėl laikinosios apsaugos suteikimo (nesuteikimo) priėmimo, tačiau ne ilgiau kaip laikinosios apsaugos laikotarpiu'
2025-03-27 12:56:48 [main] DEBUG l.i.u.p.SubmittedApplicationsPage - Checking option: 'Asmenys, kuriems suteiktas pabėgėlio statusas ar perkeliamojo asmens statusas, arba asmenys, kuriems suteikta papildoma ar laikinoji apsauga, ir asmenys, turintys teisę gauti laikinąją apsaugą, iki sprendimo dėl laikinosios apsaugos suteikimo (nesuteikimo) priėmimo, tačiau ne ilgiau kaip laikinosios apsaugos laikotarpiu'
2025-03-27 12:56:48 [main] DEBUG l.i.u.p.SubmittedApplicationsPage - Checking option: 'Asmenys, turintys teisę į papildomas užimtumo garantijas pagal Lietuvos Respublikos valstybės įmonės Ignalinos atominės elektrinės darbuotojų papildomų užimtumo ir socialinių garantijų įstatymą'
2025-03-27 12:56:48 [main] DEBUG l.i.u.p.SubmittedApplicationsPage - Checking option: 'Asmenys, turintys teisę į papildomas užimtumo garantijas pagal Lietuvos Respublikos valstybės įmonės Ignalinos atominės elektrinės darbuotojų papildomų užimtumo ir socialinių garantijų įstatymą'
2025-03-27 12:56:48 [main] DEBUG l.i.u.p.SubmittedApplicationsPage - Checking option: 'Bedarbiai iki 29 metų'
2025-03-27 12:56:48 [main] DEBUG l.i.u.p.SubmittedApplicationsPage - Checking option: 'Bedarbiai iki 29 metų'
2025-03-27 12:56:48 [main] DEBUG l.i.u.p.SubmittedApplicationsPage - Checking option: 'Bedarbiai, kurie yra darbingo amžiaus neįgalieji, kuriems nustatytas 30–40 procentų darbingumo lygis arba vidutinis neįgalumo lygis'
2025-03-27 12:56:48 [main] DEBUG l.i.u.p.SubmittedApplicationsPage - Checking option: 'Bedarbiai, kurie yra darbingo amžiaus neįgalieji, kuriems nustatytas 30–40 procentų darbingumo lygis arba vidutinis neįgalumo lygis'
2025-03-27 12:56:48 [main] DEBUG l.i.u.p.SubmittedApplicationsPage - Checking option: 'Bedarbiai, kurie yra darbingo amžiaus neįgalieji, kuriems nustatytas 45–55 procentų darbingumo lygis arba lengvas neįgalumo lygis'
2025-03-27 12:56:48 [main] DEBUG l.i.u.p.SubmittedApplicationsPage - Checking option: 'Bedarbiai, kurie yra darbingo amžiaus neįgalieji, kuriems nustatytas 45–55 procentų darbingumo lygis arba lengvas neįgalumo lygis'
2025-03-27 12:56:48 [main] DEBUG l.i.u.p.SubmittedApplicationsPage - Checking option: 'Bedarbiai, kurie yra darbingo amžiaus neįgalieji, kuriems nustatytas iki 25 procentų darbingumo lygis arba sunkus neįgalumo lygis'
2025-03-27 12:56:48 [main] INFO  l.i.u.p.SubmittedApplicationsPage - Successfully selected the value: 'Bedarbiai, kurie yra darbingo amžiaus neįgalieji, kuriems nustatytas iki 25 procentų darbingumo lygis arba sunkus neįgalumo lygis'
2025-03-27 12:56:48 [main] INFO  l.i.u.p.SubmittedApplicationsPage - Attempting to close the dropdown.
2025-03-27 12:56:49 [main] DEBUG l.i.u.t.SubmittedApplicationsPageTest - Selected disabilities type: 'Bedarbiai, kurie yra darbingo amžiaus neįgalieji, kuriems nustatytas iki 25 procentų darbingumo lygis arba sunkus neįgalumo lygis'.
2025-03-27 12:56:49 [main] DEBUG l.i.u.t.SubmittedApplicationsPageTest - Entered disability information: 'Negalia 1'.
2025-03-27 12:56:49 [main] INFO  l.i.u.p.SubmittedApplicationsPage - Located the dropdown button.
2025-03-27 12:56:50 [main] INFO  l.i.u.p.SubmittedApplicationsPage - Successfully selected the value: 'Kita'
2025-03-27 12:56:50 [main] DEBUG l.i.u.t.SubmittedApplicationsPageTest - Selected time mode: 'Kita'.
2025-03-27 12:56:50 [main] DEBUG l.i.u.t.SubmittedApplicationsPageTest - Selected time mode other: '6 val. per dieną ir 4 d. per savaitę'.
2025-03-27 12:56:51 [main] DEBUG l.i.u.t.SubmittedApplicationsPageTest - Entered qualification: 'Kvalifikacija 1'.
2025-03-27 12:56:51 [main] DEBUG l.i.u.t.SubmittedApplicationsPageTest - Entered job date.
2025-03-27 12:56:51 [main] DEBUG l.i.u.t.SubmittedApplicationsPageTest - Entered salary amount: '1200'.
2025-03-27 12:56:51 [main] DEBUG l.i.u.t.SubmittedApplicationsPageTest - Entered salary description: 'Užmokestis 1'.
2025-03-27 12:56:51 [main] DEBUG l.i.u.t.SubmittedApplicationsPageTest - Selected 'Temporary Job' radio button.
2025-03-27 12:56:52 [main] DEBUG l.i.u.t.SubmittedApplicationsPageTest - Selected 'Season Job' radio button.
2025-03-27 12:56:52 [main] DEBUG l.i.u.t.SubmittedApplicationsPageTest - Selected 'Energy' radio button.
2025-03-27 12:56:52 [main] DEBUG l.i.u.t.SubmittedApplicationsPageTest - Selected 'Repair' radio button.
2025-03-27 12:56:52 [main] DEBUG l.i.u.t.SubmittedApplicationsPageTest - Entered job description: 'Veikla 1'.
2025-03-27 12:56:52 [main] DEBUG l.i.u.t.SubmittedApplicationsPageTest - Entered process description: 'Procesas 1'.
2025-03-27 12:56:53 [main] DEBUG l.i.u.t.SubmittedApplicationsPageTest - Entered energy information: 'Energija 1'.
2025-03-27 12:56:53 [main] DEBUG l.i.u.t.SubmittedApplicationsPageTest - Entered repair information: 'Remontas 1'.
2025-03-27 12:56:53 [main] DEBUG l.i.u.t.SubmittedApplicationsPageTest - Selected 'PVM' radio button.
2025-03-27 12:56:53 [main] INFO  l.i.u.p.SubmittedApplicationsPage - Located the dropdown button.
2025-03-27 12:56:54 [main] INFO  l.i.u.p.SubmittedApplicationsPage - Successfully selected the value: 'Įsigyti'
2025-03-27 12:56:54 [main] DEBUG l.i.u.t.SubmittedApplicationsPageTest - Selected necessary for job: 'Įsigyti'.
2025-03-27 12:56:54 [main] DEBUG l.i.u.t.SubmittedApplicationsPageTest - Selected tool: 'Darbo priemonė 1'.
2025-03-27 12:56:54 [main] DEBUG l.i.u.t.SubmittedApplicationsPageTest - Selected tool parameter one: 'Darbo priemonės 1 parametras 1'.
2025-03-27 12:56:55 [main] DEBUG l.i.u.t.SubmittedApplicationsPageTest - Selected tool parameter two: 'Darbo priemonės 1 parametras 2'.
2025-03-27 12:56:55 [main] DEBUG l.i.u.t.SubmittedApplicationsPageTest - Selected tool parameter three: 'Darbo priemonės 1 parametras 3'.
2025-03-27 12:56:55 [main] DEBUG l.i.u.t.SubmittedApplicationsPageTest - Entered tool count: '1'.
2025-03-27 12:56:55 [main] DEBUG l.i.u.t.SubmittedApplicationsPageTest - Entered price amount 1: '1000'.
2025-03-27 12:56:58 [main] DEBUG l.i.u.t.SubmittedApplicationsPageTest - Entered own funds amount 1: '800'.
2025-03-27 12:57:10 [main] ERROR l.i.u.t.SubmittedApplicationsPageTest - Test 'testFillNewVUIApplicationFA' failed with error: Expected condition failed: waiting for Attribute or property 'value' to be '100'. Current value: '172' (tried for 10 second(s) with 500 milliseconds interval)
Build info: version: '4.27.0', revision: 'd6e718d134'
System info: os.name: 'Windows 11', os.arch: 'amd64', os.version: '10.0', java.version: '21.0.3'
Driver info: org.openqa.selenium.chrome.ChromeDriver
Capabilities {acceptInsecureCerts: false, browserName: chrome, browserVersion: 134.0.6998.166, chrome: {chromedriverVersion: 134.0.6998.165 (fd886e2cb29..., userDataDir: C:\Users\INGRID~1.ZAD\AppDa...}, fedcm:accounts: true, goog:chromeOptions: {debuggerAddress: localhost:61434}, networkConnectionEnabled: false, pageLoadStrategy: normal, platformName: windows, proxy: Proxy(), se:cdp: ws://localhost:61434/devtoo..., se:cdpVersion: 134.0.6998.166, setWindowRect: true, strictFileInteractability: false, timeouts: {implicit: 0, pageLoad: 300000, script: 30000}, unhandledPromptBehavior: dismiss and notify, webauthn:extension:credBlob: true, webauthn:extension:largeBlob: true, webauthn:extension:minPinLength: true, webauthn:extension:prf: true, webauthn:virtualAuthenticators: true}
Session ID: 427b625b281104de38c30983fe9f1bc9
org.openqa.selenium.TimeoutException: Expected condition failed: waiting for Attribute or property 'value' to be '100'. Current value: '172' (tried for 10 second(s) with 500 milliseconds interval)
Build info: version: '4.27.0', revision: 'd6e718d134'
System info: os.name: 'Windows 11', os.arch: 'amd64', os.version: '10.0', java.version: '21.0.3'
Driver info: org.openqa.selenium.chrome.ChromeDriver
Capabilities {acceptInsecureCerts: false, browserName: chrome, browserVersion: 134.0.6998.166, chrome: {chromedriverVersion: 134.0.6998.165 (fd886e2cb29..., userDataDir: C:\Users\INGRID~1.ZAD\AppDa...}, fedcm:accounts: true, goog:chromeOptions: {debuggerAddress: localhost:61434}, networkConnectionEnabled: false, pageLoadStrategy: normal, platformName: windows, proxy: Proxy(), se:cdp: ws://localhost:61434/devtoo..., se:cdpVersion: 134.0.6998.166, setWindowRect: true, strictFileInteractability: false, timeouts: {implicit: 0, pageLoad: 300000, script: 30000}, unhandledPromptBehavior: dismiss and notify, webauthn:extension:credBlob: true, webauthn:extension:largeBlob: true, webauthn:extension:minPinLength: true, webauthn:extension:prf: true, webauthn:virtualAuthenticators: true}
Session ID: 427b625b281104de38c30983fe9f1bc9
	at org.openqa.selenium.support.ui.WebDriverWait.timeoutException(WebDriverWait.java:84)
	at org.openqa.selenium.support.ui.FluentWait.until(FluentWait.java:228)
	at lt.insoft.uztis.tests.SubmittedApplicationsPageTest.testFillNewVUIApplicationFA(SubmittedApplicationsPageTest.java:334)
	at java.base/jdk.internal.reflect.DirectMethodHandleAccessor.invoke(DirectMethodHandleAccessor.java:103)
	at java.base/java.lang.reflect.Method.invoke(Method.java:580)
	at org.junit.platform.commons.util.ReflectionUtils.invokeMethod(ReflectionUtils.java:728)
	at org.junit.jupiter.engine.execution.MethodInvocation.proceed(MethodInvocation.java:60)
	at org.junit.jupiter.engine.execution.InvocationInterceptorChain$ValidatingInvocation.proceed(InvocationInterceptorChain.java:131)
	at org.junit.jupiter.engine.extension.TimeoutExtension.intercept(TimeoutExtension.java:156)
	at org.junit.jupiter.engine.extension.TimeoutExtension.interceptTestableMethod(TimeoutExtension.java:147)
	at org.junit.jupiter.engine.extension.TimeoutExtension.interceptTestMethod(TimeoutExtension.java:86)
	at org.junit.jupiter.engine.execution.InterceptingExecutableInvoker$ReflectiveInterceptorCall.lambda$ofVoidMethod$0(InterceptingExecutableInvoker.java:103)
	at org.junit.jupiter.engine.execution.InterceptingExecutableInvoker.lambda$invoke$0(InterceptingExecutableInvoker.java:93)
	at org.junit.jupiter.engine.execution.InvocationInterceptorChain$InterceptedInvocation.proceed(InvocationInterceptorChain.java:106)
	at org.junit.jupiter.engine.execution.InvocationInterceptorChain.proceed(InvocationInterceptorChain.java:64)
	at org.junit.jupiter.engine.execution.InvocationInterceptorChain.chainAndInvoke(InvocationInterceptorChain.java:45)
	at org.junit.jupiter.engine.execution.InvocationInterceptorChain.invoke(InvocationInterceptorChain.java:37)
	at org.junit.jupiter.engine.execution.InterceptingExecutableInvoker.invoke(InterceptingExecutableInvoker.java:92)
	at org.junit.jupiter.engine.execution.InterceptingExecutableInvoker.invoke(InterceptingExecutableInvoker.java:86)
	at org.junit.jupiter.engine.descriptor.TestMethodTestDescriptor.lambda$invokeTestMethod$7(TestMethodTestDescriptor.java:218)
	at org.junit.platform.engine.support.hierarchical.ThrowableCollector.execute(ThrowableCollector.java:73)
	at org.junit.jupiter.engine.descriptor.TestMethodTestDescriptor.invokeTestMethod(TestMethodTestDescriptor.java:214)
	at org.junit.jupiter.engine.descriptor.TestMethodTestDescriptor.execute(TestMethodTestDescriptor.java:139)
	at org.junit.jupiter.engine.descriptor.TestMethodTestDescriptor.execute(TestMethodTestDescriptor.java:69)
	at org.junit.platform.engine.support.hierarchical.NodeTestTask.lambda$executeRecursively$6(NodeTestTask.java:151)
	at org.junit.platform.engine.support.hierarchical.ThrowableCollector.execute(ThrowableCollector.java:73)
	at org.junit.platform.engine.support.hierarchical.NodeTestTask.lambda$executeRecursively$8(NodeTestTask.java:141)
	at org.junit.platform.engine.support.hierarchical.Node.around(Node.java:137)
	at org.junit.platform.engine.support.hierarchical.NodeTestTask.lambda$executeRecursively$9(NodeTestTask.java:139)
	at org.junit.platform.engine.support.hierarchical.ThrowableCollector.execute(ThrowableCollector.java:73)
	at org.junit.platform.engine.support.hierarchical.NodeTestTask.executeRecursively(NodeTestTask.java:138)
	at org.junit.platform.engine.support.hierarchical.NodeTestTask.execute(NodeTestTask.java:95)
	at java.base/java.util.ArrayList.forEach(ArrayList.java:1596)
	at org.junit.platform.engine.support.hierarchical.SameThreadHierarchicalTestExecutorService.invokeAll(SameThreadHierarchicalTestExecutorService.java:41)
	at org.junit.platform.engine.support.hierarchical.NodeTestTask.lambda$executeRecursively$6(NodeTestTask.java:155)
	at org.junit.platform.engine.support.hierarchical.ThrowableCollector.execute(ThrowableCollector.java:73)
	at org.junit.platform.engine.support.hierarchical.NodeTestTask.lambda$executeRecursively$8(NodeTestTask.java:141)
	at org.junit.platform.engine.support.hierarchical.Node.around(Node.java:137)
	at org.junit.platform.engine.support.hierarchical.NodeTestTask.lambda$executeRecursively$9(NodeTestTask.java:139)
	at org.junit.platform.engine.support.hierarchical.ThrowableCollector.execute(ThrowableCollector.java:73)
	at org.junit.platform.engine.support.hierarchical.NodeTestTask.executeRecursively(NodeTestTask.java:138)
	at org.junit.platform.engine.support.hierarchical.NodeTestTask.execute(NodeTestTask.java:95)
	at java.base/java.util.ArrayList.forEach(ArrayList.java:1596)
	at org.junit.platform.engine.support.hierarchical.SameThreadHierarchicalTestExecutorService.invokeAll(SameThreadHierarchicalTestExecutorService.java:41)
	at org.junit.platform.engine.support.hierarchical.NodeTestTask.lambda$executeRecursively$6(NodeTestTask.java:155)
	at org.junit.platform.engine.support.hierarchical.ThrowableCollector.execute(ThrowableCollector.java:73)
	at org.junit.platform.engine.support.hierarchical.NodeTestTask.lambda$executeRecursively$8(NodeTestTask.java:141)
	at org.junit.platform.engine.support.hierarchical.Node.around(Node.java:137)
	at org.junit.platform.engine.support.hierarchical.NodeTestTask.lambda$executeRecursively$9(NodeTestTask.java:139)
	at org.junit.platform.engine.support.hierarchical.ThrowableCollector.execute(ThrowableCollector.java:73)
	at org.junit.platform.engine.support.hierarchical.NodeTestTask.executeRecursively(NodeTestTask.java:138)
	at org.junit.platform.engine.support.hierarchical.NodeTestTask.execute(NodeTestTask.java:95)
	at org.junit.platform.engine.support.hierarchical.SameThreadHierarchicalTestExecutorService.submit(SameThreadHierarchicalTestExecutorService.java:35)
	at org.junit.platform.engine.support.hierarchical.HierarchicalTestExecutor.execute(HierarchicalTestExecutor.java:57)
	at org.junit.platform.engine.support.hierarchical.HierarchicalTestEngine.execute(HierarchicalTestEngine.java:54)
	at org.junit.platform.launcher.core.EngineExecutionOrchestrator.execute(EngineExecutionOrchestrator.java:198)
	at org.junit.platform.launcher.core.EngineExecutionOrchestrator.execute(EngineExecutionOrchestrator.java:169)
	at org.junit.platform.launcher.core.EngineExecutionOrchestrator.execute(EngineExecutionOrchestrator.java:93)
	at org.junit.platform.launcher.core.EngineExecutionOrchestrator.lambda$execute$0(EngineExecutionOrchestrator.java:58)
	at org.junit.platform.launcher.core.EngineExecutionOrchestrator.withInterceptedStreams(EngineExecutionOrchestrator.java:141)
	at org.junit.platform.launcher.core.EngineExecutionOrchestrator.execute(EngineExecutionOrchestrator.java:57)
	at org.junit.platform.launcher.core.DefaultLauncher.execute(DefaultLauncher.java:103)
	at org.junit.platform.launcher.core.DefaultLauncher.execute(DefaultLauncher.java:85)
	at org.junit.platform.launcher.core.DelegatingLauncher.execute(DelegatingLauncher.java:47)
	at org.junit.platform.launcher.core.SessionPerRequestLauncher.execute(SessionPerRequestLauncher.java:63)
	at com.intellij.junit5.JUnit5IdeaTestRunner.startRunnerWithArgs(JUnit5IdeaTestRunner.java:57)
	at com.intellij.rt.junit.IdeaTestRunner$Repeater$1.execute(IdeaTestRunner.java:38)
	at com.intellij.rt.execution.junit.TestsRepeater.repeat(TestsRepeater.java:11)
	at com.intellij.rt.junit.IdeaTestRunner$Repeater.startRunnerWithArgs(IdeaTestRunner.java:35)
	at com.intellij.rt.junit.JUnitStarter.prepareStreamsAndStart(JUnitStarter.java:232)
	at com.intellij.rt.junit.JUnitStarter.main(JUnitStarter.java:55)
2025-03-27 12:57:10 [main] INFO  l.insoft.uztis.tests.utils.TestUtils - Screenshot moved to C:\Users\ingrida.zadorozniene\Desktop\Asm\UZTIS\UZTIS_tests\test-output\screenshots\20250327\125710549_testFillNewVUIApplicationFA().png
2025-03-27 13:52:35 [main] INFO  lt.insoft.uztis.tests.UztisPageTest - Navigated to https://uztisdev.asseco.lt/home
2025-03-27 13:52:35 [main] INFO  l.i.u.t.SubmittedApplicationsPageTest - Starting test:'testFillNewVUIPApplicationFA'
2025-03-27 13:52:35 [main] DEBUG l.i.u.t.SubmittedApplicationsPageTest - User logged in with test credentials.
2025-03-27 13:52:35 [main] DEBUG l.i.u.t.SubmittedApplicationsPageTest - Opened 'Application Processing' menu.
2025-03-27 13:52:36 [main] DEBUG l.i.u.t.SubmittedApplicationsPageTest - Clicked on 'Application Forms' menu.
2025-03-27 13:52:36 [main] DEBUG l.i.u.t.SubmittedApplicationsPageTest - Retrieved last description code text: 'TST-VUI-75'.
2025-03-27 13:52:36 [main] DEBUG l.i.u.t.SubmittedApplicationsPageTest - Clicked on 'Invitation' menu.
2025-03-27 13:52:38 [main] DEBUG l.i.u.t.SubmittedApplicationsPageTest - Selected application section by code: 'TST-VUI-75'.
2025-03-27 13:52:38 [main] DEBUG l.i.u.t.SubmittedApplicationsPageTest - Clicked 'Search' button.
2025-03-27 13:52:38 [main] DEBUG l.i.u.t.SubmittedApplicationsPageTest - Retrieved invitation code: ''.
2025-03-27 13:52:38 [main] DEBUG l.i.u.t.SubmittedApplicationsPageTest - Clicked on 'Submitted Applications' menu.
2025-03-27 13:52:40 [main] DEBUG l.i.u.t.SubmittedApplicationsPageTest - Selected invitation by code: 'TST-VUI-75'.
2025-03-27 13:52:40 [main] DEBUG l.i.u.t.SubmittedApplicationsPageTest - Invitation code inserted.
2025-03-27 13:52:40 [main] DEBUG l.i.u.t.SubmittedApplicationsPageTest - Clicked on 'Action Application' button.
2025-03-27 13:52:40 [main] DEBUG l.i.u.t.SubmittedApplicationsPageTest - Clicked on 'New Application' button.
2025-03-27 13:52:40 [main] DEBUG l.i.u.t.SubmittedApplicationsPageTest - Selected the 'RadioButtonFA' option.
2025-03-27 13:52:41 [main] DEBUG l.i.u.t.SubmittedApplicationsPageTest - Entered phone number: '61298745'.
2025-03-27 13:52:41 [main] DEBUG l.i.u.t.SubmittedApplicationsPageTest - Entered email: 'test@autotest.com'.
2025-03-27 13:52:41 [main] INFO  l.i.u.p.SubmittedApplicationsPage - Clicking on the dropdown button.
2025-03-27 13:52:57 [main] INFO  l.i.u.p.SubmittedApplicationsPage - Found 1741 options in the dropdown.
2025-03-27 13:52:57 [main] DEBUG l.i.u.p.SubmittedApplicationsPage - Checking option: ''
2025-03-27 13:52:57 [main] DEBUG l.i.u.p.SubmittedApplicationsPage - Checking option: '01.11 - Grūdinių (išskyrus ryžius), ankštinių ir aliejingų sėklų augalų auginimas'
2025-03-27 13:52:57 [main] INFO  l.i.u.p.SubmittedApplicationsPage - Successfully selected the value: '01.11 - Grūdinių (išskyrus ryžius), ankštinių ir aliejingų sėklų augalų auginimas'
2025-03-27 13:52:57 [main] INFO  l.i.u.p.SubmittedApplicationsPage - Attempting to close the dropdown.
2025-03-27 13:52:58 [main] DEBUG l.i.u.t.SubmittedApplicationsPageTest - Selected EVRK value: '01.11 - Grūdinių (išskyrus ryžius), ankštinių ir aliejingų sėklų augalų auginimas'.
2025-03-27 13:52:58 [main] DEBUG l.i.u.t.SubmittedApplicationsPageTest - Clicked on 'Address Component' button.
2025-03-27 13:52:58 [main] INFO  l.i.u.p.SubmittedApplicationsPage - Located the dropdown button.
2025-03-27 13:53:01 [main] INFO  l.i.u.p.SubmittedApplicationsPage - Successfully selected the value: 'Lietuva'
2025-03-27 13:53:01 [main] DEBUG l.i.u.t.SubmittedApplicationsPageTest - Selected country: 'Lietuva'.
2025-03-27 13:53:01 [main] INFO  l.i.u.p.SubmittedApplicationsPage - Located the dropdown search field.
2025-03-27 13:53:01 [main] INFO  l.i.u.p.SubmittedApplicationsPage - Dropdown city is opened.
2025-03-27 13:53:02 [main] INFO  l.i.u.p.SubmittedApplicationsPage - Searched for value: 'Vilnius'
2025-03-27 13:53:02 [main] INFO  l.i.u.p.SubmittedApplicationsPage - Successfully selected: 'Vilnius'
2025-03-27 13:53:03 [main] INFO  l.i.u.p.SubmittedApplicationsPage - Located the dropdown button.
2025-03-27 13:53:03 [main] INFO  l.i.u.p.SubmittedApplicationsPage - Successfully selected the value: 'A. Domaševičiaus g.'
2025-03-27 13:53:03 [main] DEBUG l.i.u.t.SubmittedApplicationsPageTest - Selected street: 'A. Domaševičiaus g.'.
2025-03-27 13:53:03 [main] INFO  l.i.u.p.SubmittedApplicationsPage - Located the dropdown button.
2025-03-27 13:53:04 [main] INFO  l.i.u.p.SubmittedApplicationsPage - Successfully selected the value: '1'
2025-03-27 13:53:04 [main] DEBUG l.i.u.t.SubmittedApplicationsPageTest - Selected house: '1'.
2025-03-27 13:53:04 [main] INFO  l.i.u.p.SubmittedApplicationsPage - Located the dropdown button.
2025-03-27 13:53:04 [main] INFO  l.i.u.p.SubmittedApplicationsPage - Successfully selected the value: '1'
2025-03-27 13:53:04 [main] DEBUG l.i.u.t.SubmittedApplicationsPageTest - Selected apartment: '1'.
2025-03-27 13:53:04 [main] DEBUG l.i.u.t.SubmittedApplicationsPageTest - Clicked 'Confirm' button.
2025-03-27 13:53:04 [main] DEBUG l.i.u.t.SubmittedApplicationsPageTest - Entered project date.
2025-03-27 13:53:04 [main] DEBUG l.i.u.t.SubmittedApplicationsPageTest - Entered job count: '1'.
2025-03-27 13:53:05 [main] DEBUG l.i.u.t.SubmittedApplicationsPageTest - Clicked 'Next' button.
2025-03-27 13:53:05 [main] INFO  l.i.u.p.SubmittedApplicationsPage - Located the dropdown button.
2025-03-27 13:53:06 [main] INFO  l.i.u.p.SubmittedApplicationsPage - Successfully selected the value: 'Administratoriai'
2025-03-27 13:53:06 [main] DEBUG l.i.u.t.SubmittedApplicationsPageTest - Selected job name: 'Administratoriai'.
2025-03-27 13:53:06 [main] DEBUG l.i.u.t.SubmittedApplicationsPageTest - Entered job function: 'Funkcija 1'.
2025-03-27 13:53:06 [main] DEBUG l.i.u.t.SubmittedApplicationsPageTest - Selected 'RadioButtonWithDisabilities' option.
2025-03-27 13:53:06 [main] INFO  l.i.u.p.SubmittedApplicationsPage - Clicking on the dropdown button.
2025-03-27 13:53:07 [main] INFO  l.i.u.p.SubmittedApplicationsPage - Found 34 options in the dropdown.
2025-03-27 13:53:07 [main] DEBUG l.i.u.p.SubmittedApplicationsPage - Checking option: 'Asmenys, kuriems suteiktas pabėgėlio statusas ar perkeliamojo asmens statusas, arba asmenys, kuriems suteikta papildoma ar laikinoji apsauga, ir asmenys, turintys teisę gauti laikinąją apsaugą, iki sprendimo dėl laikinosios apsaugos suteikimo (nesuteikimo) priėmimo, tačiau ne ilgiau kaip laikinosios apsaugos laikotarpiu'
2025-03-27 13:53:07 [main] DEBUG l.i.u.p.SubmittedApplicationsPage - Checking option: 'Asmenys, kuriems suteiktas pabėgėlio statusas ar perkeliamojo asmens statusas, arba asmenys, kuriems suteikta papildoma ar laikinoji apsauga, ir asmenys, turintys teisę gauti laikinąją apsaugą, iki sprendimo dėl laikinosios apsaugos suteikimo (nesuteikimo) priėmimo, tačiau ne ilgiau kaip laikinosios apsaugos laikotarpiu'
2025-03-27 13:53:07 [main] DEBUG l.i.u.p.SubmittedApplicationsPage - Checking option: 'Asmenys, turintys teisę į papildomas užimtumo garantijas pagal Lietuvos Respublikos valstybės įmonės Ignalinos atominės elektrinės darbuotojų papildomų užimtumo ir socialinių garantijų įstatymą'
2025-03-27 13:53:07 [main] DEBUG l.i.u.p.SubmittedApplicationsPage - Checking option: 'Asmenys, turintys teisę į papildomas užimtumo garantijas pagal Lietuvos Respublikos valstybės įmonės Ignalinos atominės elektrinės darbuotojų papildomų užimtumo ir socialinių garantijų įstatymą'
2025-03-27 13:53:07 [main] DEBUG l.i.u.p.SubmittedApplicationsPage - Checking option: 'Bedarbiai iki 29 metų'
2025-03-27 13:53:07 [main] DEBUG l.i.u.p.SubmittedApplicationsPage - Checking option: 'Bedarbiai iki 29 metų'
2025-03-27 13:53:07 [main] DEBUG l.i.u.p.SubmittedApplicationsPage - Checking option: 'Bedarbiai, kurie yra darbingo amžiaus neįgalieji, kuriems nustatytas 30–40 procentų darbingumo lygis arba vidutinis neįgalumo lygis'
2025-03-27 13:53:07 [main] DEBUG l.i.u.p.SubmittedApplicationsPage - Checking option: 'Bedarbiai, kurie yra darbingo amžiaus neįgalieji, kuriems nustatytas 30–40 procentų darbingumo lygis arba vidutinis neįgalumo lygis'
2025-03-27 13:53:07 [main] DEBUG l.i.u.p.SubmittedApplicationsPage - Checking option: 'Bedarbiai, kurie yra darbingo amžiaus neįgalieji, kuriems nustatytas 45–55 procentų darbingumo lygis arba lengvas neįgalumo lygis'
2025-03-27 13:53:07 [main] DEBUG l.i.u.p.SubmittedApplicationsPage - Checking option: 'Bedarbiai, kurie yra darbingo amžiaus neįgalieji, kuriems nustatytas 45–55 procentų darbingumo lygis arba lengvas neįgalumo lygis'
2025-03-27 13:53:07 [main] DEBUG l.i.u.p.SubmittedApplicationsPage - Checking option: 'Bedarbiai, kurie yra darbingo amžiaus neįgalieji, kuriems nustatytas iki 25 procentų darbingumo lygis arba sunkus neįgalumo lygis'
2025-03-27 13:53:07 [main] INFO  l.i.u.p.SubmittedApplicationsPage - Successfully selected the value: 'Bedarbiai, kurie yra darbingo amžiaus neįgalieji, kuriems nustatytas iki 25 procentų darbingumo lygis arba sunkus neįgalumo lygis'
2025-03-27 13:53:07 [main] INFO  l.i.u.p.SubmittedApplicationsPage - Attempting to close the dropdown.
2025-03-27 13:53:08 [main] DEBUG l.i.u.t.SubmittedApplicationsPageTest - Selected disabilities type: 'Bedarbiai, kurie yra darbingo amžiaus neįgalieji, kuriems nustatytas iki 25 procentų darbingumo lygis arba sunkus neįgalumo lygis'.
2025-03-27 13:53:08 [main] DEBUG l.i.u.t.SubmittedApplicationsPageTest - Entered disability information: 'Negalia 1'.
2025-03-27 13:53:08 [main] INFO  l.i.u.p.SubmittedApplicationsPage - Located the dropdown button.
2025-03-27 13:53:08 [main] INFO  l.i.u.p.SubmittedApplicationsPage - Successfully selected the value: 'Kita'
2025-03-27 13:53:08 [main] DEBUG l.i.u.t.SubmittedApplicationsPageTest - Selected time mode: 'Kita'.
2025-03-27 13:53:09 [main] DEBUG l.i.u.t.SubmittedApplicationsPageTest - Selected time mode other: '6 val. per dieną ir 4 d. per savaitę'.
2025-03-27 13:53:09 [main] DEBUG l.i.u.t.SubmittedApplicationsPageTest - Entered qualification: 'Kvalifikacija 1'.
2025-03-27 13:53:09 [main] DEBUG l.i.u.t.SubmittedApplicationsPageTest - Entered job date.
2025-03-27 13:53:09 [main] DEBUG l.i.u.t.SubmittedApplicationsPageTest - Entered salary amount: '1200'.
2025-03-27 13:53:10 [main] DEBUG l.i.u.t.SubmittedApplicationsPageTest - Entered salary description: 'Užmokestis 1'.
2025-03-27 13:53:10 [main] DEBUG l.i.u.t.SubmittedApplicationsPageTest - Selected 'Temporary Job' radio button.
2025-03-27 13:53:10 [main] DEBUG l.i.u.t.SubmittedApplicationsPageTest - Selected 'Season Job' radio button.
2025-03-27 13:53:10 [main] DEBUG l.i.u.t.SubmittedApplicationsPageTest - Selected 'Energy' radio button.
2025-03-27 13:53:10 [main] DEBUG l.i.u.t.SubmittedApplicationsPageTest - Selected 'Repair' radio button.
2025-03-27 13:53:11 [main] DEBUG l.i.u.t.SubmittedApplicationsPageTest - Entered job description: 'Veikla 1'.
2025-03-27 13:53:11 [main] DEBUG l.i.u.t.SubmittedApplicationsPageTest - Entered process description: 'Procesas 1'.
2025-03-27 13:53:11 [main] DEBUG l.i.u.t.SubmittedApplicationsPageTest - Entered energy information: 'Energija 1'.
2025-03-27 13:53:11 [main] DEBUG l.i.u.t.SubmittedApplicationsPageTest - Entered repair information: 'Remontas 1'.
2025-03-27 13:53:11 [main] DEBUG l.i.u.t.SubmittedApplicationsPageTest - Selected 'PVM' radio button.
2025-03-27 13:53:11 [main] INFO  l.i.u.p.SubmittedApplicationsPage - Located the dropdown button.
2025-03-27 13:53:12 [main] INFO  l.i.u.p.SubmittedApplicationsPage - Successfully selected the value: 'Įsigyti'
2025-03-27 13:53:12 [main] DEBUG l.i.u.t.SubmittedApplicationsPageTest - Selected necessary for job: 'Įsigyti'.
2025-03-27 13:53:13 [main] DEBUG l.i.u.t.SubmittedApplicationsPageTest - Selected tool: 'Darbo priemonė 1'.
2025-03-27 13:53:13 [main] DEBUG l.i.u.t.SubmittedApplicationsPageTest - Selected tool parameter one: 'Darbo priemonės 1 parametras 1'.
2025-03-27 13:53:13 [main] DEBUG l.i.u.t.SubmittedApplicationsPageTest - Selected tool parameter two: 'Darbo priemonės 1 parametras 2'.
2025-03-27 13:53:13 [main] DEBUG l.i.u.t.SubmittedApplicationsPageTest - Selected tool parameter three: 'Darbo priemonės 1 parametras 3'.
2025-03-27 13:53:14 [main] DEBUG l.i.u.t.SubmittedApplicationsPageTest - Entered tool count: '1'.
2025-03-27 13:53:14 [main] DEBUG l.i.u.t.SubmittedApplicationsPageTest - Entered price amount 1: '1000'.
2025-03-27 13:53:16 [main] DEBUG l.i.u.t.SubmittedApplicationsPageTest - Entered own funds amount 1: '800'.
2025-03-27 13:53:18 [main] DEBUG l.i.u.t.SubmittedApplicationsPageTest - Current calculated value: '172'
2025-03-27 13:53:19 [main] DEBUG l.i.u.t.SubmittedApplicationsPageTest - Current calculated value: '172'
2025-03-27 13:53:19 [main] DEBUG l.i.u.t.SubmittedApplicationsPageTest - Current calculated value: '172'
2025-03-27 13:53:20 [main] DEBUG l.i.u.t.SubmittedApplicationsPageTest - Current calculated value: '172'
2025-03-27 13:53:20 [main] DEBUG l.i.u.t.SubmittedApplicationsPageTest - Current calculated value: '172'
2025-03-27 13:53:21 [main] DEBUG l.i.u.t.SubmittedApplicationsPageTest - Current calculated value: '172'
2025-03-27 13:53:21 [main] DEBUG l.i.u.t.SubmittedApplicationsPageTest - Current calculated value: '172'
2025-03-27 13:53:22 [main] DEBUG l.i.u.t.SubmittedApplicationsPageTest - Current calculated value: '172'
2025-03-27 13:53:22 [main] DEBUG l.i.u.t.SubmittedApplicationsPageTest - Current calculated value: '172'
2025-03-27 13:53:23 [main] DEBUG l.i.u.t.SubmittedApplicationsPageTest - Current calculated value: '172'
2025-03-27 13:53:23 [main] DEBUG l.i.u.t.SubmittedApplicationsPageTest - Current calculated value: '172'
2025-03-27 13:53:24 [main] DEBUG l.i.u.t.SubmittedApplicationsPageTest - Current calculated value: '172'
2025-03-27 13:53:24 [main] DEBUG l.i.u.t.SubmittedApplicationsPageTest - Current calculated value: '172'
2025-03-27 13:53:25 [main] DEBUG l.i.u.t.SubmittedApplicationsPageTest - Current calculated value: '172'
2025-03-27 13:53:26 [main] DEBUG l.i.u.t.SubmittedApplicationsPageTest - Current calculated value: '172'
2025-03-27 13:53:26 [main] DEBUG l.i.u.t.SubmittedApplicationsPageTest - Current calculated value: '172'
2025-03-27 13:53:27 [main] DEBUG l.i.u.t.SubmittedApplicationsPageTest - Current calculated value: '172'
2025-03-27 13:53:27 [main] DEBUG l.i.u.t.SubmittedApplicationsPageTest - Current calculated value: '172'
2025-03-27 13:53:28 [main] DEBUG l.i.u.t.SubmittedApplicationsPageTest - Current calculated value: '172'
2025-03-27 13:53:28 [main] DEBUG l.i.u.t.SubmittedApplicationsPageTest - Current calculated value: '172'
2025-03-27 13:53:28 [main] ERROR l.i.u.t.SubmittedApplicationsPageTest - Test 'testFillNewVUIApplicationFA' failed with error: Expected condition failed: waiting for lt.insoft.uztis.tests.SubmittedApplicationsPageTest$$Lambda/0x0000014ebe2b18e8@6764a6d4 (tried for 10 second(s) with 500 milliseconds interval)
Build info: version: '4.27.0', revision: 'd6e718d134'
System info: os.name: 'Windows 11', os.arch: 'amd64', os.version: '10.0', java.version: '21.0.3'
Driver info: org.openqa.selenium.chrome.ChromeDriver
Capabilities {acceptInsecureCerts: false, browserName: chrome, browserVersion: 134.0.6998.166, chrome: {chromedriverVersion: 134.0.6998.165 (fd886e2cb29..., userDataDir: C:\Users\INGRID~1.ZAD\AppDa...}, fedcm:accounts: true, goog:chromeOptions: {debuggerAddress: localhost:63333}, networkConnectionEnabled: false, pageLoadStrategy: normal, platformName: windows, proxy: Proxy(), se:cdp: ws://localhost:63333/devtoo..., se:cdpVersion: 134.0.6998.166, setWindowRect: true, strictFileInteractability: false, timeouts: {implicit: 0, pageLoad: 300000, script: 30000}, unhandledPromptBehavior: dismiss and notify, webauthn:extension:credBlob: true, webauthn:extension:largeBlob: true, webauthn:extension:minPinLength: true, webauthn:extension:prf: true, webauthn:virtualAuthenticators: true}
Session ID: 177ecba76d92920c8c48d09c7d78b630
org.openqa.selenium.TimeoutException: Expected condition failed: waiting for lt.insoft.uztis.tests.SubmittedApplicationsPageTest$$Lambda/0x0000014ebe2b18e8@6764a6d4 (tried for 10 second(s) with 500 milliseconds interval)
Build info: version: '4.27.0', revision: 'd6e718d134'
System info: os.name: 'Windows 11', os.arch: 'amd64', os.version: '10.0', java.version: '21.0.3'
Driver info: org.openqa.selenium.chrome.ChromeDriver
Capabilities {acceptInsecureCerts: false, browserName: chrome, browserVersion: 134.0.6998.166, chrome: {chromedriverVersion: 134.0.6998.165 (fd886e2cb29..., userDataDir: C:\Users\INGRID~1.ZAD\AppDa...}, fedcm:accounts: true, goog:chromeOptions: {debuggerAddress: localhost:63333}, networkConnectionEnabled: false, pageLoadStrategy: normal, platformName: windows, proxy: Proxy(), se:cdp: ws://localhost:63333/devtoo..., se:cdpVersion: 134.0.6998.166, setWindowRect: true, strictFileInteractability: false, timeouts: {implicit: 0, pageLoad: 300000, script: 30000}, unhandledPromptBehavior: dismiss and notify, webauthn:extension:credBlob: true, webauthn:extension:largeBlob: true, webauthn:extension:minPinLength: true, webauthn:extension:prf: true, webauthn:virtualAuthenticators: true}
Session ID: 177ecba76d92920c8c48d09c7d78b630
	at org.openqa.selenium.support.ui.WebDriverWait.timeoutException(WebDriverWait.java:84)
	at org.openqa.selenium.support.ui.FluentWait.until(FluentWait.java:228)
	at lt.insoft.uztis.tests.SubmittedApplicationsPageTest.testFillNewVUIApplicationFA(SubmittedApplicationsPageTest.java:327)
	at java.base/jdk.internal.reflect.DirectMethodHandleAccessor.invoke(DirectMethodHandleAccessor.java:103)
	at java.base/java.lang.reflect.Method.invoke(Method.java:580)
	at org.junit.platform.commons.util.ReflectionUtils.invokeMethod(ReflectionUtils.java:728)
	at org.junit.jupiter.engine.execution.MethodInvocation.proceed(MethodInvocation.java:60)
	at org.junit.jupiter.engine.execution.InvocationInterceptorChain$ValidatingInvocation.proceed(InvocationInterceptorChain.java:131)
	at org.junit.jupiter.engine.extension.TimeoutExtension.intercept(TimeoutExtension.java:156)
	at org.junit.jupiter.engine.extension.TimeoutExtension.interceptTestableMethod(TimeoutExtension.java:147)
	at org.junit.jupiter.engine.extension.TimeoutExtension.interceptTestMethod(TimeoutExtension.java:86)
	at org.junit.jupiter.engine.execution.InterceptingExecutableInvoker$ReflectiveInterceptorCall.lambda$ofVoidMethod$0(InterceptingExecutableInvoker.java:103)
	at org.junit.jupiter.engine.execution.InterceptingExecutableInvoker.lambda$invoke$0(InterceptingExecutableInvoker.java:93)
	at org.junit.jupiter.engine.execution.InvocationInterceptorChain$InterceptedInvocation.proceed(InvocationInterceptorChain.java:106)
	at org.junit.jupiter.engine.execution.InvocationInterceptorChain.proceed(InvocationInterceptorChain.java:64)
	at org.junit.jupiter.engine.execution.InvocationInterceptorChain.chainAndInvoke(InvocationInterceptorChain.java:45)
	at org.junit.jupiter.engine.execution.InvocationInterceptorChain.invoke(InvocationInterceptorChain.java:37)
	at org.junit.jupiter.engine.execution.InterceptingExecutableInvoker.invoke(InterceptingExecutableInvoker.java:92)
	at org.junit.jupiter.engine.execution.InterceptingExecutableInvoker.invoke(InterceptingExecutableInvoker.java:86)
	at org.junit.jupiter.engine.descriptor.TestMethodTestDescriptor.lambda$invokeTestMethod$7(TestMethodTestDescriptor.java:218)
	at org.junit.platform.engine.support.hierarchical.ThrowableCollector.execute(ThrowableCollector.java:73)
	at org.junit.jupiter.engine.descriptor.TestMethodTestDescriptor.invokeTestMethod(TestMethodTestDescriptor.java:214)
	at org.junit.jupiter.engine.descriptor.TestMethodTestDescriptor.execute(TestMethodTestDescriptor.java:139)
	at org.junit.jupiter.engine.descriptor.TestMethodTestDescriptor.execute(TestMethodTestDescriptor.java:69)
	at org.junit.platform.engine.support.hierarchical.NodeTestTask.lambda$executeRecursively$6(NodeTestTask.java:151)
	at org.junit.platform.engine.support.hierarchical.ThrowableCollector.execute(ThrowableCollector.java:73)
	at org.junit.platform.engine.support.hierarchical.NodeTestTask.lambda$executeRecursively$8(NodeTestTask.java:141)
	at org.junit.platform.engine.support.hierarchical.Node.around(Node.java:137)
	at org.junit.platform.engine.support.hierarchical.NodeTestTask.lambda$executeRecursively$9(NodeTestTask.java:139)
	at org.junit.platform.engine.support.hierarchical.ThrowableCollector.execute(ThrowableCollector.java:73)
	at org.junit.platform.engine.support.hierarchical.NodeTestTask.executeRecursively(NodeTestTask.java:138)
	at org.junit.platform.engine.support.hierarchical.NodeTestTask.execute(NodeTestTask.java:95)
	at java.base/java.util.ArrayList.forEach(ArrayList.java:1596)
	at org.junit.platform.engine.support.hierarchical.SameThreadHierarchicalTestExecutorService.invokeAll(SameThreadHierarchicalTestExecutorService.java:41)
	at org.junit.platform.engine.support.hierarchical.NodeTestTask.lambda$executeRecursively$6(NodeTestTask.java:155)
	at org.junit.platform.engine.support.hierarchical.ThrowableCollector.execute(ThrowableCollector.java:73)
	at org.junit.platform.engine.support.hierarchical.NodeTestTask.lambda$executeRecursively$8(NodeTestTask.java:141)
	at org.junit.platform.engine.support.hierarchical.Node.around(Node.java:137)
	at org.junit.platform.engine.support.hierarchical.NodeTestTask.lambda$executeRecursively$9(NodeTestTask.java:139)
	at org.junit.platform.engine.support.hierarchical.ThrowableCollector.execute(ThrowableCollector.java:73)
	at org.junit.platform.engine.support.hierarchical.NodeTestTask.executeRecursively(NodeTestTask.java:138)
	at org.junit.platform.engine.support.hierarchical.NodeTestTask.execute(NodeTestTask.java:95)
	at java.base/java.util.ArrayList.forEach(ArrayList.java:1596)
	at org.junit.platform.engine.support.hierarchical.SameThreadHierarchicalTestExecutorService.invokeAll(SameThreadHierarchicalTestExecutorService.java:41)
	at org.junit.platform.engine.support.hierarchical.NodeTestTask.lambda$executeRecursively$6(NodeTestTask.java:155)
	at org.junit.platform.engine.support.hierarchical.ThrowableCollector.execute(ThrowableCollector.java:73)
	at org.junit.platform.engine.support.hierarchical.NodeTestTask.lambda$executeRecursively$8(NodeTestTask.java:141)
	at org.junit.platform.engine.support.hierarchical.Node.around(Node.java:137)
	at org.junit.platform.engine.support.hierarchical.NodeTestTask.lambda$executeRecursively$9(NodeTestTask.java:139)
	at org.junit.platform.engine.support.hierarchical.ThrowableCollector.execute(ThrowableCollector.java:73)
	at org.junit.platform.engine.support.hierarchical.NodeTestTask.executeRecursively(NodeTestTask.java:138)
	at org.junit.platform.engine.support.hierarchical.NodeTestTask.execute(NodeTestTask.java:95)
	at org.junit.platform.engine.support.hierarchical.SameThreadHierarchicalTestExecutorService.submit(SameThreadHierarchicalTestExecutorService.java:35)
	at org.junit.platform.engine.support.hierarchical.HierarchicalTestExecutor.execute(HierarchicalTestExecutor.java:57)
	at org.junit.platform.engine.support.hierarchical.HierarchicalTestEngine.execute(HierarchicalTestEngine.java:54)
	at org.junit.platform.launcher.core.EngineExecutionOrchestrator.execute(EngineExecutionOrchestrator.java:198)
	at org.junit.platform.launcher.core.EngineExecutionOrchestrator.execute(EngineExecutionOrchestrator.java:169)
	at org.junit.platform.launcher.core.EngineExecutionOrchestrator.execute(EngineExecutionOrchestrator.java:93)
	at org.junit.platform.launcher.core.EngineExecutionOrchestrator.lambda$execute$0(EngineExecutionOrchestrator.java:58)
	at org.junit.platform.launcher.core.EngineExecutionOrchestrator.withInterceptedStreams(EngineExecutionOrchestrator.java:141)
	at org.junit.platform.launcher.core.EngineExecutionOrchestrator.execute(EngineExecutionOrchestrator.java:57)
	at org.junit.platform.launcher.core.DefaultLauncher.execute(DefaultLauncher.java:103)
	at org.junit.platform.launcher.core.DefaultLauncher.execute(DefaultLauncher.java:85)
	at org.junit.platform.launcher.core.DelegatingLauncher.execute(DelegatingLauncher.java:47)
	at org.junit.platform.launcher.core.SessionPerRequestLauncher.execute(SessionPerRequestLauncher.java:63)
	at com.intellij.junit5.JUnit5IdeaTestRunner.startRunnerWithArgs(JUnit5IdeaTestRunner.java:57)
	at com.intellij.rt.junit.IdeaTestRunner$Repeater$1.execute(IdeaTestRunner.java:38)
	at com.intellij.rt.execution.junit.TestsRepeater.repeat(TestsRepeater.java:11)
	at com.intellij.rt.junit.IdeaTestRunner$Repeater.startRunnerWithArgs(IdeaTestRunner.java:35)
	at com.intellij.rt.junit.JUnitStarter.prepareStreamsAndStart(JUnitStarter.java:232)
	at com.intellij.rt.junit.JUnitStarter.main(JUnitStarter.java:55)
2025-03-27 13:53:28 [main] INFO  l.insoft.uztis.tests.utils.TestUtils - Screenshot moved to C:\Users\ingrida.zadorozniene\Desktop\Asm\UZTIS\UZTIS_tests\test-output\screenshots\20250327\135328821_testFillNewVUIApplicationFA().png
2025-03-27 13:59:17 [main] INFO  lt.insoft.uztis.tests.UztisPageTest - Navigated to https://uztisdev.asseco.lt/home
2025-03-27 13:59:17 [main] INFO  l.i.u.t.SubmittedApplicationsPageTest - Starting test:'testFillNewVUIPApplicationFA'
2025-03-27 13:59:18 [main] DEBUG l.i.u.t.SubmittedApplicationsPageTest - User logged in with test credentials.
2025-03-27 13:59:18 [main] DEBUG l.i.u.t.SubmittedApplicationsPageTest - Opened 'Application Processing' menu.
2025-03-27 13:59:18 [main] DEBUG l.i.u.t.SubmittedApplicationsPageTest - Clicked on 'Application Forms' menu.
2025-03-27 13:59:18 [main] DEBUG l.i.u.t.SubmittedApplicationsPageTest - Retrieved last description code text: 'TST-VUI-75'.
2025-03-27 13:59:19 [main] DEBUG l.i.u.t.SubmittedApplicationsPageTest - Clicked on 'Invitation' menu.
2025-03-27 13:59:20 [main] DEBUG l.i.u.t.SubmittedApplicationsPageTest - Selected application section by code: 'TST-VUI-75'.
2025-03-27 13:59:20 [main] DEBUG l.i.u.t.SubmittedApplicationsPageTest - Clicked 'Search' button.
2025-03-27 13:59:20 [main] DEBUG l.i.u.t.SubmittedApplicationsPageTest - Retrieved invitation code: ''.
2025-03-27 13:59:20 [main] DEBUG l.i.u.t.SubmittedApplicationsPageTest - Clicked on 'Submitted Applications' menu.
2025-03-27 13:59:22 [main] DEBUG l.i.u.t.SubmittedApplicationsPageTest - Selected invitation by code: 'TST-VUI-75'.
2025-03-27 13:59:22 [main] DEBUG l.i.u.t.SubmittedApplicationsPageTest - Invitation code inserted.
2025-03-27 13:59:22 [main] DEBUG l.i.u.t.SubmittedApplicationsPageTest - Clicked on 'Action Application' button.
2025-03-27 13:59:22 [main] DEBUG l.i.u.t.SubmittedApplicationsPageTest - Clicked on 'New Application' button.
2025-03-27 13:59:23 [main] DEBUG l.i.u.t.SubmittedApplicationsPageTest - Selected the 'RadioButtonFA' option.
2025-03-27 13:59:23 [main] DEBUG l.i.u.t.SubmittedApplicationsPageTest - Entered phone number: '61298745'.
2025-03-27 13:59:23 [main] DEBUG l.i.u.t.SubmittedApplicationsPageTest - Entered email: 'test@autotest.com'.
2025-03-27 13:59:23 [main] INFO  l.i.u.p.SubmittedApplicationsPage - Clicking on the dropdown button.
2025-03-27 13:59:40 [main] INFO  l.i.u.p.SubmittedApplicationsPage - Found 1741 options in the dropdown.
2025-03-27 13:59:40 [main] DEBUG l.i.u.p.SubmittedApplicationsPage - Checking option: ''
2025-03-27 13:59:40 [main] DEBUG l.i.u.p.SubmittedApplicationsPage - Checking option: '01.11 - Grūdinių (išskyrus ryžius), ankštinių ir aliejingų sėklų augalų auginimas'
2025-03-27 13:59:40 [main] INFO  l.i.u.p.SubmittedApplicationsPage - Successfully selected the value: '01.11 - Grūdinių (išskyrus ryžius), ankštinių ir aliejingų sėklų augalų auginimas'
2025-03-27 13:59:40 [main] INFO  l.i.u.p.SubmittedApplicationsPage - Attempting to close the dropdown.
2025-03-27 13:59:41 [main] DEBUG l.i.u.t.SubmittedApplicationsPageTest - Selected EVRK value: '01.11 - Grūdinių (išskyrus ryžius), ankštinių ir aliejingų sėklų augalų auginimas'.
2025-03-27 13:59:41 [main] DEBUG l.i.u.t.SubmittedApplicationsPageTest - Clicked on 'Address Component' button.
2025-03-27 13:59:41 [main] INFO  l.i.u.p.SubmittedApplicationsPage - Located the dropdown button.
2025-03-27 13:59:44 [main] INFO  l.i.u.p.SubmittedApplicationsPage - Successfully selected the value: 'Lietuva'
2025-03-27 13:59:44 [main] DEBUG l.i.u.t.SubmittedApplicationsPageTest - Selected country: 'Lietuva'.
2025-03-27 13:59:44 [main] INFO  l.i.u.p.SubmittedApplicationsPage - Located the dropdown search field.
2025-03-27 13:59:44 [main] INFO  l.i.u.p.SubmittedApplicationsPage - Dropdown city is opened.
2025-03-27 13:59:45 [main] INFO  l.i.u.p.SubmittedApplicationsPage - Searched for value: 'Vilnius'
2025-03-27 13:59:46 [main] INFO  l.i.u.p.SubmittedApplicationsPage - Successfully selected: 'Vilnius'
2025-03-27 13:59:46 [main] INFO  l.i.u.p.SubmittedApplicationsPage - Located the dropdown button.
2025-03-27 13:59:46 [main] INFO  l.i.u.p.SubmittedApplicationsPage - Successfully selected the value: 'A. Domaševičiaus g.'
2025-03-27 13:59:46 [main] DEBUG l.i.u.t.SubmittedApplicationsPageTest - Selected street: 'A. Domaševičiaus g.'.
2025-03-27 13:59:46 [main] INFO  l.i.u.p.SubmittedApplicationsPage - Located the dropdown button.
2025-03-27 13:59:47 [main] INFO  l.i.u.p.SubmittedApplicationsPage - Successfully selected the value: '1'
2025-03-27 13:59:47 [main] DEBUG l.i.u.t.SubmittedApplicationsPageTest - Selected house: '1'.
2025-03-27 13:59:47 [main] INFO  l.i.u.p.SubmittedApplicationsPage - Located the dropdown button.
2025-03-27 13:59:47 [main] INFO  l.i.u.p.SubmittedApplicationsPage - Successfully selected the value: '1'
2025-03-27 13:59:47 [main] DEBUG l.i.u.t.SubmittedApplicationsPageTest - Selected apartment: '1'.
2025-03-27 13:59:47 [main] DEBUG l.i.u.t.SubmittedApplicationsPageTest - Clicked 'Confirm' button.
2025-03-27 13:59:47 [main] DEBUG l.i.u.t.SubmittedApplicationsPageTest - Entered project date.
2025-03-27 13:59:47 [main] DEBUG l.i.u.t.SubmittedApplicationsPageTest - Entered job count: '1'.
2025-03-27 13:59:48 [main] DEBUG l.i.u.t.SubmittedApplicationsPageTest - Clicked 'Next' button.
2025-03-27 13:59:48 [main] INFO  l.i.u.p.SubmittedApplicationsPage - Located the dropdown button.
2025-03-27 13:59:49 [main] INFO  l.i.u.p.SubmittedApplicationsPage - Successfully selected the value: 'Administratoriai'
2025-03-27 13:59:49 [main] DEBUG l.i.u.t.SubmittedApplicationsPageTest - Selected job name: 'Administratoriai'.
2025-03-27 13:59:49 [main] DEBUG l.i.u.t.SubmittedApplicationsPageTest - Entered job function: 'Funkcija 1'.
2025-03-27 13:59:49 [main] DEBUG l.i.u.t.SubmittedApplicationsPageTest - Selected 'RadioButtonWithDisabilities' option.
2025-03-27 13:59:49 [main] INFO  l.i.u.p.SubmittedApplicationsPage - Clicking on the dropdown button.
2025-03-27 13:59:50 [main] INFO  l.i.u.p.SubmittedApplicationsPage - Found 34 options in the dropdown.
2025-03-27 13:59:50 [main] DEBUG l.i.u.p.SubmittedApplicationsPage - Checking option: 'Asmenys, kuriems suteiktas pabėgėlio statusas ar perkeliamojo asmens statusas, arba asmenys, kuriems suteikta papildoma ar laikinoji apsauga, ir asmenys, turintys teisę gauti laikinąją apsaugą, iki sprendimo dėl laikinosios apsaugos suteikimo (nesuteikimo) priėmimo, tačiau ne ilgiau kaip laikinosios apsaugos laikotarpiu'
2025-03-27 13:59:50 [main] DEBUG l.i.u.p.SubmittedApplicationsPage - Checking option: 'Asmenys, kuriems suteiktas pabėgėlio statusas ar perkeliamojo asmens statusas, arba asmenys, kuriems suteikta papildoma ar laikinoji apsauga, ir asmenys, turintys teisę gauti laikinąją apsaugą, iki sprendimo dėl laikinosios apsaugos suteikimo (nesuteikimo) priėmimo, tačiau ne ilgiau kaip laikinosios apsaugos laikotarpiu'
2025-03-27 13:59:50 [main] DEBUG l.i.u.p.SubmittedApplicationsPage - Checking option: 'Asmenys, turintys teisę į papildomas užimtumo garantijas pagal Lietuvos Respublikos valstybės įmonės Ignalinos atominės elektrinės darbuotojų papildomų užimtumo ir socialinių garantijų įstatymą'
2025-03-27 13:59:50 [main] DEBUG l.i.u.p.SubmittedApplicationsPage - Checking option: 'Asmenys, turintys teisę į papildomas užimtumo garantijas pagal Lietuvos Respublikos valstybės įmonės Ignalinos atominės elektrinės darbuotojų papildomų užimtumo ir socialinių garantijų įstatymą'
2025-03-27 13:59:50 [main] DEBUG l.i.u.p.SubmittedApplicationsPage - Checking option: 'Bedarbiai iki 29 metų'
2025-03-27 13:59:50 [main] DEBUG l.i.u.p.SubmittedApplicationsPage - Checking option: 'Bedarbiai iki 29 metų'
2025-03-27 13:59:50 [main] DEBUG l.i.u.p.SubmittedApplicationsPage - Checking option: 'Bedarbiai, kurie yra darbingo amžiaus neįgalieji, kuriems nustatytas 30–40 procentų darbingumo lygis arba vidutinis neįgalumo lygis'
2025-03-27 13:59:50 [main] DEBUG l.i.u.p.SubmittedApplicationsPage - Checking option: 'Bedarbiai, kurie yra darbingo amžiaus neįgalieji, kuriems nustatytas 30–40 procentų darbingumo lygis arba vidutinis neįgalumo lygis'
2025-03-27 13:59:50 [main] DEBUG l.i.u.p.SubmittedApplicationsPage - Checking option: 'Bedarbiai, kurie yra darbingo amžiaus neįgalieji, kuriems nustatytas 45–55 procentų darbingumo lygis arba lengvas neįgalumo lygis'
2025-03-27 13:59:50 [main] DEBUG l.i.u.p.SubmittedApplicationsPage - Checking option: 'Bedarbiai, kurie yra darbingo amžiaus neįgalieji, kuriems nustatytas 45–55 procentų darbingumo lygis arba lengvas neįgalumo lygis'
2025-03-27 13:59:50 [main] DEBUG l.i.u.p.SubmittedApplicationsPage - Checking option: 'Bedarbiai, kurie yra darbingo amžiaus neįgalieji, kuriems nustatytas iki 25 procentų darbingumo lygis arba sunkus neįgalumo lygis'
2025-03-27 13:59:50 [main] INFO  l.i.u.p.SubmittedApplicationsPage - Successfully selected the value: 'Bedarbiai, kurie yra darbingo amžiaus neįgalieji, kuriems nustatytas iki 25 procentų darbingumo lygis arba sunkus neįgalumo lygis'
2025-03-27 13:59:50 [main] INFO  l.i.u.p.SubmittedApplicationsPage - Attempting to close the dropdown.
2025-03-27 13:59:51 [main] DEBUG l.i.u.t.SubmittedApplicationsPageTest - Selected disabilities type: 'Bedarbiai, kurie yra darbingo amžiaus neįgalieji, kuriems nustatytas iki 25 procentų darbingumo lygis arba sunkus neįgalumo lygis'.
2025-03-27 13:59:51 [main] DEBUG l.i.u.t.SubmittedApplicationsPageTest - Entered disability information: 'Negalia 1'.
2025-03-27 13:59:51 [main] INFO  l.i.u.p.SubmittedApplicationsPage - Located the dropdown button.
2025-03-27 13:59:52 [main] INFO  l.i.u.p.SubmittedApplicationsPage - Successfully selected the value: 'Kita'
2025-03-27 13:59:52 [main] DEBUG l.i.u.t.SubmittedApplicationsPageTest - Selected time mode: 'Kita'.
2025-03-27 13:59:53 [main] DEBUG l.i.u.t.SubmittedApplicationsPageTest - Selected time mode other: '6 val. per dieną ir 4 d. per savaitę'.
2025-03-27 13:59:53 [main] DEBUG l.i.u.t.SubmittedApplicationsPageTest - Entered qualification: 'Kvalifikacija 1'.
2025-03-27 13:59:53 [main] DEBUG l.i.u.t.SubmittedApplicationsPageTest - Entered job date.
2025-03-27 13:59:53 [main] DEBUG l.i.u.t.SubmittedApplicationsPageTest - Entered salary amount: '1200'.
2025-03-27 13:59:53 [main] DEBUG l.i.u.t.SubmittedApplicationsPageTest - Entered salary description: 'Užmokestis 1'.
2025-03-27 13:59:54 [main] DEBUG l.i.u.t.SubmittedApplicationsPageTest - Selected 'Temporary Job' radio button.
2025-03-27 13:59:54 [main] DEBUG l.i.u.t.SubmittedApplicationsPageTest - Selected 'Season Job' radio button.
2025-03-27 13:59:54 [main] DEBUG l.i.u.t.SubmittedApplicationsPageTest - Selected 'Energy' radio button.
2025-03-27 13:59:54 [main] DEBUG l.i.u.t.SubmittedApplicationsPageTest - Selected 'Repair' radio button.
2025-03-27 13:59:54 [main] DEBUG l.i.u.t.SubmittedApplicationsPageTest - Entered job description: 'Veikla 1'.
2025-03-27 13:59:55 [main] DEBUG l.i.u.t.SubmittedApplicationsPageTest - Entered process description: 'Procesas 1'.
2025-03-27 13:59:55 [main] DEBUG l.i.u.t.SubmittedApplicationsPageTest - Entered energy information: 'Energija 1'.
2025-03-27 13:59:55 [main] DEBUG l.i.u.t.SubmittedApplicationsPageTest - Entered repair information: 'Remontas 1'.
2025-03-27 13:59:55 [main] DEBUG l.i.u.t.SubmittedApplicationsPageTest - Selected 'PVM' radio button.
2025-03-27 13:59:55 [main] INFO  l.i.u.p.SubmittedApplicationsPage - Located the dropdown button.
2025-03-27 13:59:56 [main] INFO  l.i.u.p.SubmittedApplicationsPage - Successfully selected the value: 'Įsigyti'
2025-03-27 13:59:56 [main] DEBUG l.i.u.t.SubmittedApplicationsPageTest - Selected necessary for job: 'Įsigyti'.
2025-03-27 13:59:56 [main] DEBUG l.i.u.t.SubmittedApplicationsPageTest - Selected tool: 'Darbo priemonė 1'.
2025-03-27 13:59:57 [main] DEBUG l.i.u.t.SubmittedApplicationsPageTest - Selected tool parameter one: 'Darbo priemonės 1 parametras 1'.
2025-03-27 13:59:57 [main] DEBUG l.i.u.t.SubmittedApplicationsPageTest - Selected tool parameter two: 'Darbo priemonės 1 parametras 2'.
2025-03-27 13:59:57 [main] DEBUG l.i.u.t.SubmittedApplicationsPageTest - Selected tool parameter three: 'Darbo priemonės 1 parametras 3'.
2025-03-27 13:59:57 [main] DEBUG l.i.u.t.SubmittedApplicationsPageTest - Entered tool count: '1'.
2025-03-27 13:59:58 [main] DEBUG l.i.u.t.SubmittedApplicationsPageTest - Entered price amount 1: '1000'.
2025-03-27 14:00:00 [main] DEBUG l.i.u.t.SubmittedApplicationsPageTest - Entered own funds amount 1: '800'.
2025-03-27 14:00:02 [main] DEBUG l.i.u.t.SubmittedApplicationsPageTest - Current calculated value: '172'
2025-03-27 14:00:03 [main] DEBUG l.i.u.t.SubmittedApplicationsPageTest - Current calculated value: '172'
2025-03-27 14:00:03 [main] DEBUG l.i.u.t.SubmittedApplicationsPageTest - Current calculated value: '172'
2025-03-27 14:00:04 [main] DEBUG l.i.u.t.SubmittedApplicationsPageTest - Current calculated value: '172'
2025-03-27 14:00:04 [main] DEBUG l.i.u.t.SubmittedApplicationsPageTest - Current calculated value: '172'
2025-03-27 14:00:05 [main] DEBUG l.i.u.t.SubmittedApplicationsPageTest - Current calculated value: '172'
2025-03-27 14:00:05 [main] DEBUG l.i.u.t.SubmittedApplicationsPageTest - Current calculated value: '172'
2025-03-27 14:00:06 [main] DEBUG l.i.u.t.SubmittedApplicationsPageTest - Current calculated value: '172'
2025-03-27 14:00:06 [main] DEBUG l.i.u.t.SubmittedApplicationsPageTest - Current calculated value: '172'
2025-03-27 14:00:07 [main] DEBUG l.i.u.t.SubmittedApplicationsPageTest - Current calculated value: '172'
2025-03-27 14:00:07 [main] DEBUG l.i.u.t.SubmittedApplicationsPageTest - Current calculated value: '172'
2025-03-27 14:00:08 [main] DEBUG l.i.u.t.SubmittedApplicationsPageTest - Current calculated value: '172'
2025-03-27 14:00:08 [main] DEBUG l.i.u.t.SubmittedApplicationsPageTest - Current calculated value: '172'
2025-03-27 14:00:09 [main] DEBUG l.i.u.t.SubmittedApplicationsPageTest - Current calculated value: '172'
2025-03-27 14:00:09 [main] DEBUG l.i.u.t.SubmittedApplicationsPageTest - Current calculated value: '172'
2025-03-27 14:00:10 [main] DEBUG l.i.u.t.SubmittedApplicationsPageTest - Current calculated value: '172'
2025-03-27 14:00:10 [main] DEBUG l.i.u.t.SubmittedApplicationsPageTest - Current calculated value: '172'
2025-03-27 14:00:11 [main] DEBUG l.i.u.t.SubmittedApplicationsPageTest - Current calculated value: '172'
2025-03-27 14:00:11 [main] DEBUG l.i.u.t.SubmittedApplicationsPageTest - Current calculated value: '172'
2025-03-27 14:00:12 [main] DEBUG l.i.u.t.SubmittedApplicationsPageTest - Current calculated value: '172'
2025-03-27 14:00:13 [main] DEBUG l.i.u.t.SubmittedApplicationsPageTest - Current calculated value: '172'
2025-03-27 14:00:13 [main] DEBUG l.i.u.t.SubmittedApplicationsPageTest - Current calculated value: '172'
2025-03-27 14:00:14 [main] DEBUG l.i.u.t.SubmittedApplicationsPageTest - Current calculated value: '172'
2025-03-27 14:00:14 [main] DEBUG l.i.u.t.SubmittedApplicationsPageTest - Current calculated value: '172'
2025-03-27 14:00:15 [main] DEBUG l.i.u.t.SubmittedApplicationsPageTest - Current calculated value: '172'
2025-03-27 14:00:15 [main] DEBUG l.i.u.t.SubmittedApplicationsPageTest - Current calculated value: '172'
2025-03-27 14:00:16 [main] DEBUG l.i.u.t.SubmittedApplicationsPageTest - Current calculated value: '172'
2025-03-27 14:00:16 [main] DEBUG l.i.u.t.SubmittedApplicationsPageTest - Current calculated value: '172'
2025-03-27 14:00:17 [main] DEBUG l.i.u.t.SubmittedApplicationsPageTest - Current calculated value: '172'
2025-03-27 14:00:17 [main] DEBUG l.i.u.t.SubmittedApplicationsPageTest - Current calculated value: '172'
2025-03-27 14:00:18 [main] DEBUG l.i.u.t.SubmittedApplicationsPageTest - Current calculated value: '172'
2025-03-27 14:00:18 [main] DEBUG l.i.u.t.SubmittedApplicationsPageTest - Current calculated value: '172'
2025-03-27 14:00:19 [main] DEBUG l.i.u.t.SubmittedApplicationsPageTest - Current calculated value: '172'
2025-03-27 14:00:19 [main] DEBUG l.i.u.t.SubmittedApplicationsPageTest - Current calculated value: '172'
2025-03-27 14:00:20 [main] DEBUG l.i.u.t.SubmittedApplicationsPageTest - Current calculated value: '172'
2025-03-27 14:00:20 [main] DEBUG l.i.u.t.SubmittedApplicationsPageTest - Current calculated value: '172'
2025-03-27 14:00:21 [main] DEBUG l.i.u.t.SubmittedApplicationsPageTest - Current calculated value: '172'
2025-03-27 14:00:21 [main] DEBUG l.i.u.t.SubmittedApplicationsPageTest - Current calculated value: '172'
2025-03-27 14:00:22 [main] DEBUG l.i.u.t.SubmittedApplicationsPageTest - Current calculated value: '172'
2025-03-27 14:00:22 [main] ERROR l.i.u.t.SubmittedApplicationsPageTest - Test 'testFillNewVUIApplicationFA' failed with error: Expected condition failed: waiting for lt.insoft.uztis.tests.SubmittedApplicationsPageTest$$Lambda/0x0000020a012b7488@d9fe131 (tried for 20 second(s) with 500 milliseconds interval)
Build info: version: '4.27.0', revision: 'd6e718d134'
System info: os.name: 'Windows 11', os.arch: 'amd64', os.version: '10.0', java.version: '21.0.3'
Driver info: org.openqa.selenium.chrome.ChromeDriver
Capabilities {acceptInsecureCerts: false, browserName: chrome, browserVersion: 134.0.6998.166, chrome: {chromedriverVersion: 134.0.6998.165 (fd886e2cb29..., userDataDir: C:\Users\INGRID~1.ZAD\AppDa...}, fedcm:accounts: true, goog:chromeOptions: {debuggerAddress: localhost:63566}, networkConnectionEnabled: false, pageLoadStrategy: normal, platformName: windows, proxy: Proxy(), se:cdp: ws://localhost:63566/devtoo..., se:cdpVersion: 134.0.6998.166, setWindowRect: true, strictFileInteractability: false, timeouts: {implicit: 0, pageLoad: 300000, script: 30000}, unhandledPromptBehavior: dismiss and notify, webauthn:extension:credBlob: true, webauthn:extension:largeBlob: true, webauthn:extension:minPinLength: true, webauthn:extension:prf: true, webauthn:virtualAuthenticators: true}
Session ID: 00f1aaee1951e56b2fbed0a48907744f
org.openqa.selenium.TimeoutException: Expected condition failed: waiting for lt.insoft.uztis.tests.SubmittedApplicationsPageTest$$Lambda/0x0000020a012b7488@d9fe131 (tried for 20 second(s) with 500 milliseconds interval)
Build info: version: '4.27.0', revision: 'd6e718d134'
System info: os.name: 'Windows 11', os.arch: 'amd64', os.version: '10.0', java.version: '21.0.3'
Driver info: org.openqa.selenium.chrome.ChromeDriver
Capabilities {acceptInsecureCerts: false, browserName: chrome, browserVersion: 134.0.6998.166, chrome: {chromedriverVersion: 134.0.6998.165 (fd886e2cb29..., userDataDir: C:\Users\INGRID~1.ZAD\AppDa...}, fedcm:accounts: true, goog:chromeOptions: {debuggerAddress: localhost:63566}, networkConnectionEnabled: false, pageLoadStrategy: normal, platformName: windows, proxy: Proxy(), se:cdp: ws://localhost:63566/devtoo..., se:cdpVersion: 134.0.6998.166, setWindowRect: true, strictFileInteractability: false, timeouts: {implicit: 0, pageLoad: 300000, script: 30000}, unhandledPromptBehavior: dismiss and notify, webauthn:extension:credBlob: true, webauthn:extension:largeBlob: true, webauthn:extension:minPinLength: true, webauthn:extension:prf: true, webauthn:virtualAuthenticators: true}
Session ID: 00f1aaee1951e56b2fbed0a48907744f
	at org.openqa.selenium.support.ui.WebDriverWait.timeoutException(WebDriverWait.java:84)
	at org.openqa.selenium.support.ui.FluentWait.until(FluentWait.java:228)
	at lt.insoft.uztis.tests.SubmittedApplicationsPageTest.testFillNewVUIApplicationFA(SubmittedApplicationsPageTest.java:327)
	at java.base/jdk.internal.reflect.DirectMethodHandleAccessor.invoke(DirectMethodHandleAccessor.java:103)
	at java.base/java.lang.reflect.Method.invoke(Method.java:580)
	at org.junit.platform.commons.util.ReflectionUtils.invokeMethod(ReflectionUtils.java:728)
	at org.junit.jupiter.engine.execution.MethodInvocation.proceed(MethodInvocation.java:60)
	at org.junit.jupiter.engine.execution.InvocationInterceptorChain$ValidatingInvocation.proceed(InvocationInterceptorChain.java:131)
	at org.junit.jupiter.engine.extension.TimeoutExtension.intercept(TimeoutExtension.java:156)
	at org.junit.jupiter.engine.extension.TimeoutExtension.interceptTestableMethod(TimeoutExtension.java:147)
	at org.junit.jupiter.engine.extension.TimeoutExtension.interceptTestMethod(TimeoutExtension.java:86)
	at org.junit.jupiter.engine.execution.InterceptingExecutableInvoker$ReflectiveInterceptorCall.lambda$ofVoidMethod$0(InterceptingExecutableInvoker.java:103)
	at org.junit.jupiter.engine.execution.InterceptingExecutableInvoker.lambda$invoke$0(InterceptingExecutableInvoker.java:93)
	at org.junit.jupiter.engine.execution.InvocationInterceptorChain$InterceptedInvocation.proceed(InvocationInterceptorChain.java:106)
	at org.junit.jupiter.engine.execution.InvocationInterceptorChain.proceed(InvocationInterceptorChain.java:64)
	at org.junit.jupiter.engine.execution.InvocationInterceptorChain.chainAndInvoke(InvocationInterceptorChain.java:45)
	at org.junit.jupiter.engine.execution.InvocationInterceptorChain.invoke(InvocationInterceptorChain.java:37)
	at org.junit.jupiter.engine.execution.InterceptingExecutableInvoker.invoke(InterceptingExecutableInvoker.java:92)
	at org.junit.jupiter.engine.execution.InterceptingExecutableInvoker.invoke(InterceptingExecutableInvoker.java:86)
	at org.junit.jupiter.engine.descriptor.TestMethodTestDescriptor.lambda$invokeTestMethod$7(TestMethodTestDescriptor.java:218)
	at org.junit.platform.engine.support.hierarchical.ThrowableCollector.execute(ThrowableCollector.java:73)
	at org.junit.jupiter.engine.descriptor.TestMethodTestDescriptor.invokeTestMethod(TestMethodTestDescriptor.java:214)
	at org.junit.jupiter.engine.descriptor.TestMethodTestDescriptor.execute(TestMethodTestDescriptor.java:139)
	at org.junit.jupiter.engine.descriptor.TestMethodTestDescriptor.execute(TestMethodTestDescriptor.java:69)
	at org.junit.platform.engine.support.hierarchical.NodeTestTask.lambda$executeRecursively$6(NodeTestTask.java:151)
	at org.junit.platform.engine.support.hierarchical.ThrowableCollector.execute(ThrowableCollector.java:73)
	at org.junit.platform.engine.support.hierarchical.NodeTestTask.lambda$executeRecursively$8(NodeTestTask.java:141)
	at org.junit.platform.engine.support.hierarchical.Node.around(Node.java:137)
	at org.junit.platform.engine.support.hierarchical.NodeTestTask.lambda$executeRecursively$9(NodeTestTask.java:139)
	at org.junit.platform.engine.support.hierarchical.ThrowableCollector.execute(ThrowableCollector.java:73)
	at org.junit.platform.engine.support.hierarchical.NodeTestTask.executeRecursively(NodeTestTask.java:138)
	at org.junit.platform.engine.support.hierarchical.NodeTestTask.execute(NodeTestTask.java:95)
	at java.base/java.util.ArrayList.forEach(ArrayList.java:1596)
	at org.junit.platform.engine.support.hierarchical.SameThreadHierarchicalTestExecutorService.invokeAll(SameThreadHierarchicalTestExecutorService.java:41)
	at org.junit.platform.engine.support.hierarchical.NodeTestTask.lambda$executeRecursively$6(NodeTestTask.java:155)
	at org.junit.platform.engine.support.hierarchical.ThrowableCollector.execute(ThrowableCollector.java:73)
	at org.junit.platform.engine.support.hierarchical.NodeTestTask.lambda$executeRecursively$8(NodeTestTask.java:141)
	at org.junit.platform.engine.support.hierarchical.Node.around(Node.java:137)
	at org.junit.platform.engine.support.hierarchical.NodeTestTask.lambda$executeRecursively$9(NodeTestTask.java:139)
	at org.junit.platform.engine.support.hierarchical.ThrowableCollector.execute(ThrowableCollector.java:73)
	at org.junit.platform.engine.support.hierarchical.NodeTestTask.executeRecursively(NodeTestTask.java:138)
	at org.junit.platform.engine.support.hierarchical.NodeTestTask.execute(NodeTestTask.java:95)
	at java.base/java.util.ArrayList.forEach(ArrayList.java:1596)
	at org.junit.platform.engine.support.hierarchical.SameThreadHierarchicalTestExecutorService.invokeAll(SameThreadHierarchicalTestExecutorService.java:41)
	at org.junit.platform.engine.support.hierarchical.NodeTestTask.lambda$executeRecursively$6(NodeTestTask.java:155)
	at org.junit.platform.engine.support.hierarchical.ThrowableCollector.execute(ThrowableCollector.java:73)
	at org.junit.platform.engine.support.hierarchical.NodeTestTask.lambda$executeRecursively$8(NodeTestTask.java:141)
	at org.junit.platform.engine.support.hierarchical.Node.around(Node.java:137)
	at org.junit.platform.engine.support.hierarchical.NodeTestTask.lambda$executeRecursively$9(NodeTestTask.java:139)
	at org.junit.platform.engine.support.hierarchical.ThrowableCollector.execute(ThrowableCollector.java:73)
	at org.junit.platform.engine.support.hierarchical.NodeTestTask.executeRecursively(NodeTestTask.java:138)
	at org.junit.platform.engine.support.hierarchical.NodeTestTask.execute(NodeTestTask.java:95)
	at org.junit.platform.engine.support.hierarchical.SameThreadHierarchicalTestExecutorService.submit(SameThreadHierarchicalTestExecutorService.java:35)
	at org.junit.platform.engine.support.hierarchical.HierarchicalTestExecutor.execute(HierarchicalTestExecutor.java:57)
	at org.junit.platform.engine.support.hierarchical.HierarchicalTestEngine.execute(HierarchicalTestEngine.java:54)
	at org.junit.platform.launcher.core.EngineExecutionOrchestrator.execute(EngineExecutionOrchestrator.java:198)
	at org.junit.platform.launcher.core.EngineExecutionOrchestrator.execute(EngineExecutionOrchestrator.java:169)
	at org.junit.platform.launcher.core.EngineExecutionOrchestrator.execute(EngineExecutionOrchestrator.java:93)
	at org.junit.platform.launcher.core.EngineExecutionOrchestrator.lambda$execute$0(EngineExecutionOrchestrator.java:58)
	at org.junit.platform.launcher.core.EngineExecutionOrchestrator.withInterceptedStreams(EngineExecutionOrchestrator.java:141)
	at org.junit.platform.launcher.core.EngineExecutionOrchestrator.execute(EngineExecutionOrchestrator.java:57)
	at org.junit.platform.launcher.core.DefaultLauncher.execute(DefaultLauncher.java:103)
	at org.junit.platform.launcher.core.DefaultLauncher.execute(DefaultLauncher.java:85)
	at org.junit.platform.launcher.core.DelegatingLauncher.execute(DelegatingLauncher.java:47)
	at org.junit.platform.launcher.core.SessionPerRequestLauncher.execute(SessionPerRequestLauncher.java:63)
	at com.intellij.junit5.JUnit5IdeaTestRunner.startRunnerWithArgs(JUnit5IdeaTestRunner.java:57)
	at com.intellij.rt.junit.IdeaTestRunner$Repeater$1.execute(IdeaTestRunner.java:38)
	at com.intellij.rt.execution.junit.TestsRepeater.repeat(TestsRepeater.java:11)
	at com.intellij.rt.junit.IdeaTestRunner$Repeater.startRunnerWithArgs(IdeaTestRunner.java:35)
	at com.intellij.rt.junit.JUnitStarter.prepareStreamsAndStart(JUnitStarter.java:232)
	at com.intellij.rt.junit.JUnitStarter.main(JUnitStarter.java:55)
2025-03-27 14:00:22 [main] INFO  l.insoft.uztis.tests.utils.TestUtils - Screenshot moved to C:\Users\ingrida.zadorozniene\Desktop\Asm\UZTIS\UZTIS_tests\test-output\screenshots\20250327\140022696_testFillNewVUIApplicationFA().png
2025-03-27 14:05:33 [main] INFO  lt.insoft.uztis.tests.UztisPageTest - Navigated to https://uztisdev.asseco.lt/home
2025-03-27 14:05:33 [main] INFO  l.i.u.t.SubmittedApplicationsPageTest - Starting test:'testFillNewVUIPApplicationFA'
2025-03-27 14:05:33 [main] DEBUG l.i.u.t.SubmittedApplicationsPageTest - User logged in with test credentials.
2025-03-27 14:05:34 [main] DEBUG l.i.u.t.SubmittedApplicationsPageTest - Opened 'Application Processing' menu.
2025-03-27 14:05:34 [main] DEBUG l.i.u.t.SubmittedApplicationsPageTest - Clicked on 'Application Forms' menu.
2025-03-27 14:05:35 [main] DEBUG l.i.u.t.SubmittedApplicationsPageTest - Retrieved last description code text: 'TST-VUI-75'.
2025-03-27 14:05:35 [main] DEBUG l.i.u.t.SubmittedApplicationsPageTest - Clicked on 'Invitation' menu.
2025-03-27 14:05:36 [main] DEBUG l.i.u.t.SubmittedApplicationsPageTest - Selected application section by code: 'TST-VUI-75'.
2025-03-27 14:05:36 [main] DEBUG l.i.u.t.SubmittedApplicationsPageTest - Clicked 'Search' button.
2025-03-27 14:05:36 [main] DEBUG l.i.u.t.SubmittedApplicationsPageTest - Retrieved invitation code: ''.
2025-03-27 14:05:36 [main] DEBUG l.i.u.t.SubmittedApplicationsPageTest - Clicked on 'Submitted Applications' menu.
2025-03-27 14:05:38 [main] DEBUG l.i.u.t.SubmittedApplicationsPageTest - Selected invitation by code: 'TST-VUI-75'.
2025-03-27 14:05:38 [main] DEBUG l.i.u.t.SubmittedApplicationsPageTest - Invitation code inserted.
2025-03-27 14:05:38 [main] DEBUG l.i.u.t.SubmittedApplicationsPageTest - Clicked on 'Action Application' button.
2025-03-27 14:05:38 [main] DEBUG l.i.u.t.SubmittedApplicationsPageTest - Clicked on 'New Application' button.
2025-03-27 14:05:39 [main] DEBUG l.i.u.t.SubmittedApplicationsPageTest - Selected the 'RadioButtonFA' option.
2025-03-27 14:05:39 [main] DEBUG l.i.u.t.SubmittedApplicationsPageTest - Entered phone number: '61298745'.
2025-03-27 14:05:39 [main] DEBUG l.i.u.t.SubmittedApplicationsPageTest - Entered email: 'test@autotest.com'.
2025-03-27 14:05:39 [main] INFO  l.i.u.p.SubmittedApplicationsPage - Clicking on the dropdown button.
2025-03-27 14:05:56 [main] INFO  l.i.u.p.SubmittedApplicationsPage - Found 1741 options in the dropdown.
2025-03-27 14:05:56 [main] DEBUG l.i.u.p.SubmittedApplicationsPage - Checking option: ''
2025-03-27 14:05:56 [main] DEBUG l.i.u.p.SubmittedApplicationsPage - Checking option: '01.11 - Grūdinių (išskyrus ryžius), ankštinių ir aliejingų sėklų augalų auginimas'
2025-03-27 14:05:56 [main] INFO  l.i.u.p.SubmittedApplicationsPage - Successfully selected the value: '01.11 - Grūdinių (išskyrus ryžius), ankštinių ir aliejingų sėklų augalų auginimas'
2025-03-27 14:05:56 [main] INFO  l.i.u.p.SubmittedApplicationsPage - Attempting to close the dropdown.
2025-03-27 14:05:57 [main] DEBUG l.i.u.t.SubmittedApplicationsPageTest - Selected EVRK value: '01.11 - Grūdinių (išskyrus ryžius), ankštinių ir aliejingų sėklų augalų auginimas'.
2025-03-27 14:05:57 [main] DEBUG l.i.u.t.SubmittedApplicationsPageTest - Clicked on 'Address Component' button.
2025-03-27 14:05:57 [main] INFO  l.i.u.p.SubmittedApplicationsPage - Located the dropdown button.
2025-03-27 14:06:00 [main] INFO  l.i.u.p.SubmittedApplicationsPage - Successfully selected the value: 'Lietuva'
2025-03-27 14:06:00 [main] DEBUG l.i.u.t.SubmittedApplicationsPageTest - Selected country: 'Lietuva'.
2025-03-27 14:06:00 [main] INFO  l.i.u.p.SubmittedApplicationsPage - Located the dropdown search field.
2025-03-27 14:06:00 [main] INFO  l.i.u.p.SubmittedApplicationsPage - Dropdown city is opened.
2025-03-27 14:06:01 [main] INFO  l.i.u.p.SubmittedApplicationsPage - Searched for value: 'Vilnius'
2025-03-27 14:06:02 [main] INFO  l.i.u.p.SubmittedApplicationsPage - Successfully selected: 'Vilnius'
2025-03-27 14:06:02 [main] INFO  l.i.u.p.SubmittedApplicationsPage - Located the dropdown button.
2025-03-27 14:06:03 [main] INFO  l.i.u.p.SubmittedApplicationsPage - Successfully selected the value: 'A. Domaševičiaus g.'
2025-03-27 14:06:03 [main] DEBUG l.i.u.t.SubmittedApplicationsPageTest - Selected street: 'A. Domaševičiaus g.'.
2025-03-27 14:06:03 [main] INFO  l.i.u.p.SubmittedApplicationsPage - Located the dropdown button.
2025-03-27 14:06:03 [main] INFO  l.i.u.p.SubmittedApplicationsPage - Successfully selected the value: '1'
2025-03-27 14:06:04 [main] DEBUG l.i.u.t.SubmittedApplicationsPageTest - Selected house: '1'.
2025-03-27 14:06:04 [main] INFO  l.i.u.p.SubmittedApplicationsPage - Located the dropdown button.
2025-03-27 14:06:04 [main] INFO  l.i.u.p.SubmittedApplicationsPage - Successfully selected the value: '1'
2025-03-27 14:06:04 [main] DEBUG l.i.u.t.SubmittedApplicationsPageTest - Selected apartment: '1'.
2025-03-27 14:06:04 [main] DEBUG l.i.u.t.SubmittedApplicationsPageTest - Clicked 'Confirm' button.
2025-03-27 14:06:04 [main] DEBUG l.i.u.t.SubmittedApplicationsPageTest - Entered project date.
2025-03-27 14:06:04 [main] DEBUG l.i.u.t.SubmittedApplicationsPageTest - Entered job count: '1'.
2025-03-27 14:06:05 [main] DEBUG l.i.u.t.SubmittedApplicationsPageTest - Clicked 'Next' button.
2025-03-27 14:06:05 [main] INFO  l.i.u.p.SubmittedApplicationsPage - Located the dropdown button.
2025-03-27 14:06:06 [main] INFO  l.i.u.p.SubmittedApplicationsPage - Successfully selected the value: 'Administratoriai'
2025-03-27 14:06:06 [main] DEBUG l.i.u.t.SubmittedApplicationsPageTest - Selected job name: 'Administratoriai'.
2025-03-27 14:06:06 [main] DEBUG l.i.u.t.SubmittedApplicationsPageTest - Entered job function: 'Funkcija 1'.
2025-03-27 14:06:07 [main] DEBUG l.i.u.t.SubmittedApplicationsPageTest - Selected 'RadioButtonWithDisabilities' option.
2025-03-27 14:06:07 [main] INFO  l.i.u.p.SubmittedApplicationsPage - Clicking on the dropdown button.
2025-03-27 14:06:07 [main] INFO  l.i.u.p.SubmittedApplicationsPage - Found 34 options in the dropdown.
2025-03-27 14:06:07 [main] DEBUG l.i.u.p.SubmittedApplicationsPage - Checking option: 'Asmenys, kuriems suteiktas pabėgėlio statusas ar perkeliamojo asmens statusas, arba asmenys, kuriems suteikta papildoma ar laikinoji apsauga, ir asmenys, turintys teisę gauti laikinąją apsaugą, iki sprendimo dėl laikinosios apsaugos suteikimo (nesuteikimo) priėmimo, tačiau ne ilgiau kaip laikinosios apsaugos laikotarpiu'
2025-03-27 14:06:07 [main] DEBUG l.i.u.p.SubmittedApplicationsPage - Checking option: 'Asmenys, kuriems suteiktas pabėgėlio statusas ar perkeliamojo asmens statusas, arba asmenys, kuriems suteikta papildoma ar laikinoji apsauga, ir asmenys, turintys teisę gauti laikinąją apsaugą, iki sprendimo dėl laikinosios apsaugos suteikimo (nesuteikimo) priėmimo, tačiau ne ilgiau kaip laikinosios apsaugos laikotarpiu'
2025-03-27 14:06:07 [main] DEBUG l.i.u.p.SubmittedApplicationsPage - Checking option: 'Asmenys, turintys teisę į papildomas užimtumo garantijas pagal Lietuvos Respublikos valstybės įmonės Ignalinos atominės elektrinės darbuotojų papildomų užimtumo ir socialinių garantijų įstatymą'
2025-03-27 14:06:07 [main] DEBUG l.i.u.p.SubmittedApplicationsPage - Checking option: 'Asmenys, turintys teisę į papildomas užimtumo garantijas pagal Lietuvos Respublikos valstybės įmonės Ignalinos atominės elektrinės darbuotojų papildomų užimtumo ir socialinių garantijų įstatymą'
2025-03-27 14:06:07 [main] DEBUG l.i.u.p.SubmittedApplicationsPage - Checking option: 'Bedarbiai iki 29 metų'
2025-03-27 14:06:07 [main] DEBUG l.i.u.p.SubmittedApplicationsPage - Checking option: 'Bedarbiai iki 29 metų'
2025-03-27 14:06:07 [main] DEBUG l.i.u.p.SubmittedApplicationsPage - Checking option: 'Bedarbiai, kurie yra darbingo amžiaus neįgalieji, kuriems nustatytas 30–40 procentų darbingumo lygis arba vidutinis neįgalumo lygis'
2025-03-27 14:06:07 [main] DEBUG l.i.u.p.SubmittedApplicationsPage - Checking option: 'Bedarbiai, kurie yra darbingo amžiaus neįgalieji, kuriems nustatytas 30–40 procentų darbingumo lygis arba vidutinis neįgalumo lygis'
2025-03-27 14:06:07 [main] DEBUG l.i.u.p.SubmittedApplicationsPage - Checking option: 'Bedarbiai, kurie yra darbingo amžiaus neįgalieji, kuriems nustatytas 45–55 procentų darbingumo lygis arba lengvas neįgalumo lygis'
2025-03-27 14:06:07 [main] DEBUG l.i.u.p.SubmittedApplicationsPage - Checking option: 'Bedarbiai, kurie yra darbingo amžiaus neįgalieji, kuriems nustatytas 45–55 procentų darbingumo lygis arba lengvas neįgalumo lygis'
2025-03-27 14:06:07 [main] DEBUG l.i.u.p.SubmittedApplicationsPage - Checking option: 'Bedarbiai, kurie yra darbingo amžiaus neįgalieji, kuriems nustatytas iki 25 procentų darbingumo lygis arba sunkus neįgalumo lygis'
2025-03-27 14:06:07 [main] INFO  l.i.u.p.SubmittedApplicationsPage - Successfully selected the value: 'Bedarbiai, kurie yra darbingo amžiaus neįgalieji, kuriems nustatytas iki 25 procentų darbingumo lygis arba sunkus neįgalumo lygis'
2025-03-27 14:06:07 [main] INFO  l.i.u.p.SubmittedApplicationsPage - Attempting to close the dropdown.
2025-03-27 14:06:08 [main] DEBUG l.i.u.t.SubmittedApplicationsPageTest - Selected disabilities type: 'Bedarbiai, kurie yra darbingo amžiaus neįgalieji, kuriems nustatytas iki 25 procentų darbingumo lygis arba sunkus neįgalumo lygis'.
2025-03-27 14:06:08 [main] DEBUG l.i.u.t.SubmittedApplicationsPageTest - Entered disability information: 'Negalia 1'.
2025-03-27 14:06:08 [main] INFO  l.i.u.p.SubmittedApplicationsPage - Located the dropdown button.
2025-03-27 14:06:09 [main] INFO  l.i.u.p.SubmittedApplicationsPage - Successfully selected the value: 'Kita'
2025-03-27 14:06:09 [main] DEBUG l.i.u.t.SubmittedApplicationsPageTest - Selected time mode: 'Kita'.
2025-03-27 14:06:10 [main] DEBUG l.i.u.t.SubmittedApplicationsPageTest - Selected time mode other: '6 val. per dieną ir 4 d. per savaitę'.
2025-03-27 14:06:10 [main] DEBUG l.i.u.t.SubmittedApplicationsPageTest - Entered qualification: 'Kvalifikacija 1'.
2025-03-27 14:06:10 [main] DEBUG l.i.u.t.SubmittedApplicationsPageTest - Entered job date.
2025-03-27 14:06:10 [main] DEBUG l.i.u.t.SubmittedApplicationsPageTest - Entered salary amount: '1200'.
2025-03-27 14:06:10 [main] DEBUG l.i.u.t.SubmittedApplicationsPageTest - Entered salary description: 'Užmokestis 1'.
2025-03-27 14:06:11 [main] DEBUG l.i.u.t.SubmittedApplicationsPageTest - Selected 'Temporary Job' radio button.
2025-03-27 14:06:11 [main] DEBUG l.i.u.t.SubmittedApplicationsPageTest - Selected 'Season Job' radio button.
2025-03-27 14:06:11 [main] DEBUG l.i.u.t.SubmittedApplicationsPageTest - Selected 'Energy' radio button.
2025-03-27 14:06:11 [main] DEBUG l.i.u.t.SubmittedApplicationsPageTest - Selected 'Repair' radio button.
2025-03-27 14:06:11 [main] DEBUG l.i.u.t.SubmittedApplicationsPageTest - Entered job description: 'Veikla 1'.
2025-03-27 14:06:12 [main] DEBUG l.i.u.t.SubmittedApplicationsPageTest - Entered process description: 'Procesas 1'.
2025-03-27 14:06:12 [main] DEBUG l.i.u.t.SubmittedApplicationsPageTest - Entered energy information: 'Energija 1'.
2025-03-27 14:06:12 [main] DEBUG l.i.u.t.SubmittedApplicationsPageTest - Entered repair information: 'Remontas 1'.
2025-03-27 14:06:12 [main] DEBUG l.i.u.t.SubmittedApplicationsPageTest - Selected 'PVM' radio button.
2025-03-27 14:06:12 [main] INFO  l.i.u.p.SubmittedApplicationsPage - Located the dropdown button.
2025-03-27 14:06:13 [main] INFO  l.i.u.p.SubmittedApplicationsPage - Successfully selected the value: 'Įsigyti'
2025-03-27 14:06:13 [main] DEBUG l.i.u.t.SubmittedApplicationsPageTest - Selected necessary for job: 'Įsigyti'.
2025-03-27 14:06:13 [main] DEBUG l.i.u.t.SubmittedApplicationsPageTest - Selected tool: 'Darbo priemonė 1'.
2025-03-27 14:06:13 [main] DEBUG l.i.u.t.SubmittedApplicationsPageTest - Selected tool parameter one: 'Darbo priemonės 1 parametras 1'.
2025-03-27 14:06:13 [main] DEBUG l.i.u.t.SubmittedApplicationsPageTest - Selected tool parameter two: 'Darbo priemonės 1 parametras 2'.
2025-03-27 14:06:14 [main] DEBUG l.i.u.t.SubmittedApplicationsPageTest - Selected tool parameter three: 'Darbo priemonės 1 parametras 3'.
2025-03-27 14:06:14 [main] DEBUG l.i.u.t.SubmittedApplicationsPageTest - Entered tool count: '1'.
2025-03-27 14:06:14 [main] DEBUG l.i.u.t.SubmittedApplicationsPageTest - Entered price amount 1: '1000'.
2025-03-27 14:06:16 [main] DEBUG l.i.u.t.SubmittedApplicationsPageTest - Entered own funds amount 1: '800'.
2025-03-27 14:06:18 [main] DEBUG l.i.u.t.SubmittedApplicationsPageTest - Clicked 'Add' button.
2025-03-27 14:06:18 [main] INFO  l.i.u.p.SubmittedApplicationsPage - Located the dropdown button.
2025-03-27 14:06:19 [main] INFO  l.i.u.p.SubmittedApplicationsPage - Successfully selected the value: 'Remontuoti'
2025-03-27 14:06:19 [main] DEBUG l.i.u.t.SubmittedApplicationsPageTest - Selected necessary for job 'to repair': 'Remontuoti'.
2025-03-27 14:06:19 [main] DEBUG l.i.u.t.SubmittedApplicationsPageTest - Selected repair name: 'Remonto pavadinimas 1'.
2025-03-27 14:06:19 [main] DEBUG l.i.u.t.SubmittedApplicationsPageTest - Entered repair information: 'Remonto aprašymas 1'.
2025-03-27 14:06:19 [main] DEBUG l.i.u.t.SubmittedApplicationsPageTest - Entered price amount 2: '1000'.
2025-03-27 14:06:22 [main] DEBUG l.i.u.t.SubmittedApplicationsPageTest - Entered own funds amount 2: '900'.
2025-03-27 14:06:24 [main] DEBUG l.i.u.t.SubmittedApplicationsPageTest - Entered own funds amount 1 again: '850'.
2025-03-27 14:06:24 [main] DEBUG l.i.u.t.SubmittedApplicationsPageTest - Entered own funds amount 2 again: '950'.
2025-03-27 14:06:24 [main] DEBUG l.i.u.t.SubmittedApplicationsPageTest - Entered country percentage: '50'.
2025-03-27 14:06:24 [main] DEBUG l.i.u.t.SubmittedApplicationsPageTest - Entered institution percentage: '50'.
2025-03-27 14:06:24 [main] DEBUG l.i.u.t.SubmittedApplicationsPageTest - Entered municipality percentage: '50'.
2025-03-27 14:06:25 [main] DEBUG l.i.u.t.SubmittedApplicationsPageTest - Selected 'De Minimis' radio button.
2025-03-27 14:06:25 [main] DEBUG l.i.u.t.SubmittedApplicationsPageTest - Entered program name: 'Programa 1'.
2025-03-27 14:06:25 [main] DEBUG l.i.u.t.SubmittedApplicationsPageTest - Entered project date from.
2025-03-27 14:06:25 [main] DEBUG l.i.u.t.SubmittedApplicationsPageTest - Entered project date until.
2025-03-27 14:06:25 [main] DEBUG l.i.u.t.SubmittedApplicationsPageTest - Entered support amount: '2000'.
2025-03-27 14:06:25 [main] DEBUG l.i.u.t.SubmittedApplicationsPageTest - Clicked 'Next' button.
2025-03-27 14:06:49 [main] ERROR l.i.u.t.SubmittedApplicationsPageTest - Test 'testFillNewVUIApplicationFA' failed with error: invalid session id: session deleted as the browser has closed the connection
from disconnected: unable to send message to renderer
  (Session info: chrome=134.0.6998.166)
Build info: version: '4.27.0', revision: 'd6e718d134'
System info: os.name: 'Windows 11', os.arch: 'amd64', os.version: '10.0', java.version: '21.0.3'
Driver info: org.openqa.selenium.chrome.ChromeDriver
Command: [f69dd5c209b9c6404903020cb60530ce, findElement {using=xpath, value=(//div[contains(@class, 'mdc-checkbox')]//input[@type='checkbox'])[1]}]
Capabilities {acceptInsecureCerts: false, browserName: chrome, browserVersion: 134.0.6998.166, chrome: {chromedriverVersion: 134.0.6998.165 (fd886e2cb29..., userDataDir: C:\Users\INGRID~1.ZAD\AppDa...}, fedcm:accounts: true, goog:chromeOptions: {debuggerAddress: localhost:63781}, networkConnectionEnabled: false, pageLoadStrategy: normal, platformName: windows, proxy: Proxy(), se:cdp: ws://localhost:63781/devtoo..., se:cdpVersion: 134.0.6998.166, setWindowRect: true, strictFileInteractability: false, timeouts: {implicit: 0, pageLoad: 300000, script: 30000}, unhandledPromptBehavior: dismiss and notify, webauthn:extension:credBlob: true, webauthn:extension:largeBlob: true, webauthn:extension:minPinLength: true, webauthn:extension:prf: true, webauthn:virtualAuthenticators: true}
Session ID: f69dd5c209b9c6404903020cb60530ce
org.openqa.selenium.NoSuchSessionException: invalid session id: session deleted as the browser has closed the connection
from disconnected: unable to send message to renderer
  (Session info: chrome=134.0.6998.166)
Build info: version: '4.27.0', revision: 'd6e718d134'
System info: os.name: 'Windows 11', os.arch: 'amd64', os.version: '10.0', java.version: '21.0.3'
Driver info: org.openqa.selenium.chrome.ChromeDriver
Command: [f69dd5c209b9c6404903020cb60530ce, findElement {using=xpath, value=(//div[contains(@class, 'mdc-checkbox')]//input[@type='checkbox'])[1]}]
Capabilities {acceptInsecureCerts: false, browserName: chrome, browserVersion: 134.0.6998.166, chrome: {chromedriverVersion: 134.0.6998.165 (fd886e2cb29..., userDataDir: C:\Users\INGRID~1.ZAD\AppDa...}, fedcm:accounts: true, goog:chromeOptions: {debuggerAddress: localhost:63781}, networkConnectionEnabled: false, pageLoadStrategy: normal, platformName: windows, proxy: Proxy(), se:cdp: ws://localhost:63781/devtoo..., se:cdpVersion: 134.0.6998.166, setWindowRect: true, strictFileInteractability: false, timeouts: {implicit: 0, pageLoad: 300000, script: 30000}, unhandledPromptBehavior: dismiss and notify, webauthn:extension:credBlob: true, webauthn:extension:largeBlob: true, webauthn:extension:minPinLength: true, webauthn:extension:prf: true, webauthn:virtualAuthenticators: true}
Session ID: f69dd5c209b9c6404903020cb60530ce
	at java.base/jdk.internal.reflect.DirectConstructorHandleAccessor.newInstance(DirectConstructorHandleAccessor.java:62)
	at java.base/java.lang.reflect.Constructor.newInstanceWithCaller(Constructor.java:502)
	at java.base/java.lang.reflect.Constructor.newInstance(Constructor.java:486)
	at org.openqa.selenium.remote.ErrorCodec.decode(ErrorCodec.java:167)
	at org.openqa.selenium.remote.codec.w3c.W3CHttpResponseCodec.decode(W3CHttpResponseCodec.java:138)
	at org.openqa.selenium.remote.codec.w3c.W3CHttpResponseCodec.decode(W3CHttpResponseCodec.java:50)
	at org.openqa.selenium.remote.HttpCommandExecutor.execute(HttpCommandExecutor.java:190)
	at org.openqa.selenium.remote.service.DriverCommandExecutor.invokeExecute(DriverCommandExecutor.java:216)
	at org.openqa.selenium.remote.service.DriverCommandExecutor.execute(DriverCommandExecutor.java:174)
	at org.openqa.selenium.remote.RemoteWebDriver.execute(RemoteWebDriver.java:545)
	at org.openqa.selenium.remote.ElementLocation$ElementFinder$2.findElement(ElementLocation.java:165)
	at org.openqa.selenium.remote.ElementLocation.findElement(ElementLocation.java:59)
	at org.openqa.selenium.remote.RemoteWebDriver.findElement(RemoteWebDriver.java:368)
	at org.openqa.selenium.remote.RemoteWebDriver.findElement(RemoteWebDriver.java:362)
	at org.openqa.selenium.support.pagefactory.DefaultElementLocator.findElement(DefaultElementLocator.java:68)
	at org.openqa.selenium.support.pagefactory.internal.LocatingElementHandler.invoke(LocatingElementHandler.java:38)
	at jdk.proxy2/jdk.proxy2.$Proxy14.getWrappedElement(Unknown Source)
	at org.openqa.selenium.remote.WebElementToJsonConverter.apply(WebElementToJsonConverter.java:48)
	at java.base/java.util.stream.ReferencePipeline$3$1.accept(ReferencePipeline.java:197)
	at java.base/java.util.Spliterators$ArraySpliterator.forEachRemaining(Spliterators.java:1024)
	at java.base/java.util.stream.AbstractPipeline.copyInto(AbstractPipeline.java:509)
	at java.base/java.util.stream.AbstractPipeline.wrapAndCopyInto(AbstractPipeline.java:499)
	at java.base/java.util.stream.ReduceOps$ReduceOp.evaluateSequential(ReduceOps.java:921)
	at java.base/java.util.stream.AbstractPipeline.evaluate(AbstractPipeline.java:234)
	at java.base/java.util.stream.ReferencePipeline.collect(ReferencePipeline.java:682)
	at org.openqa.selenium.remote.RemoteWebDriver.executeScript(RemoteWebDriver.java:474)
	at lt.insoft.uztis.pages.SubmittedApplicationsPage$CheckboxHelper.clickWithJavaScript(SubmittedApplicationsPage.java:1739)
	at lt.insoft.uztis.pages.SubmittedApplicationsPage$CheckboxHelper.setConfirmationCheckbox(SubmittedApplicationsPage.java:1728)
	at lt.insoft.uztis.tests.SubmittedApplicationsPageTest.testFillNewVUIApplicationFA(SubmittedApplicationsPageTest.java:432)
	at java.base/jdk.internal.reflect.DirectMethodHandleAccessor.invoke(DirectMethodHandleAccessor.java:103)
	at java.base/java.lang.reflect.Method.invoke(Method.java:580)
	at org.junit.platform.commons.util.ReflectionUtils.invokeMethod(ReflectionUtils.java:728)
	at org.junit.jupiter.engine.execution.MethodInvocation.proceed(MethodInvocation.java:60)
	at org.junit.jupiter.engine.execution.InvocationInterceptorChain$ValidatingInvocation.proceed(InvocationInterceptorChain.java:131)
	at org.junit.jupiter.engine.extension.TimeoutExtension.intercept(TimeoutExtension.java:156)
	at org.junit.jupiter.engine.extension.TimeoutExtension.interceptTestableMethod(TimeoutExtension.java:147)
	at org.junit.jupiter.engine.extension.TimeoutExtension.interceptTestMethod(TimeoutExtension.java:86)
	at org.junit.jupiter.engine.execution.InterceptingExecutableInvoker$ReflectiveInterceptorCall.lambda$ofVoidMethod$0(InterceptingExecutableInvoker.java:103)
	at org.junit.jupiter.engine.execution.InterceptingExecutableInvoker.lambda$invoke$0(InterceptingExecutableInvoker.java:93)
	at org.junit.jupiter.engine.execution.InvocationInterceptorChain$InterceptedInvocation.proceed(InvocationInterceptorChain.java:106)
	at org.junit.jupiter.engine.execution.InvocationInterceptorChain.proceed(InvocationInterceptorChain.java:64)
	at org.junit.jupiter.engine.execution.InvocationInterceptorChain.chainAndInvoke(InvocationInterceptorChain.java:45)
	at org.junit.jupiter.engine.execution.InvocationInterceptorChain.invoke(InvocationInterceptorChain.java:37)
	at org.junit.jupiter.engine.execution.InterceptingExecutableInvoker.invoke(InterceptingExecutableInvoker.java:92)
	at org.junit.jupiter.engine.execution.InterceptingExecutableInvoker.invoke(InterceptingExecutableInvoker.java:86)
	at org.junit.jupiter.engine.descriptor.TestMethodTestDescriptor.lambda$invokeTestMethod$7(TestMethodTestDescriptor.java:218)
	at org.junit.platform.engine.support.hierarchical.ThrowableCollector.execute(ThrowableCollector.java:73)
	at org.junit.jupiter.engine.descriptor.TestMethodTestDescriptor.invokeTestMethod(TestMethodTestDescriptor.java:214)
	at org.junit.jupiter.engine.descriptor.TestMethodTestDescriptor.execute(TestMethodTestDescriptor.java:139)
	at org.junit.jupiter.engine.descriptor.TestMethodTestDescriptor.execute(TestMethodTestDescriptor.java:69)
	at org.junit.platform.engine.support.hierarchical.NodeTestTask.lambda$executeRecursively$6(NodeTestTask.java:151)
	at org.junit.platform.engine.support.hierarchical.ThrowableCollector.execute(ThrowableCollector.java:73)
	at org.junit.platform.engine.support.hierarchical.NodeTestTask.lambda$executeRecursively$8(NodeTestTask.java:141)
	at org.junit.platform.engine.support.hierarchical.Node.around(Node.java:137)
	at org.junit.platform.engine.support.hierarchical.NodeTestTask.lambda$executeRecursively$9(NodeTestTask.java:139)
	at org.junit.platform.engine.support.hierarchical.ThrowableCollector.execute(ThrowableCollector.java:73)
	at org.junit.platform.engine.support.hierarchical.NodeTestTask.executeRecursively(NodeTestTask.java:138)
	at org.junit.platform.engine.support.hierarchical.NodeTestTask.execute(NodeTestTask.java:95)
	at java.base/java.util.ArrayList.forEach(ArrayList.java:1596)
	at org.junit.platform.engine.support.hierarchical.SameThreadHierarchicalTestExecutorService.invokeAll(SameThreadHierarchicalTestExecutorService.java:41)
	at org.junit.platform.engine.support.hierarchical.NodeTestTask.lambda$executeRecursively$6(NodeTestTask.java:155)
	at org.junit.platform.engine.support.hierarchical.ThrowableCollector.execute(ThrowableCollector.java:73)
	at org.junit.platform.engine.support.hierarchical.NodeTestTask.lambda$executeRecursively$8(NodeTestTask.java:141)
	at org.junit.platform.engine.support.hierarchical.Node.around(Node.java:137)
	at org.junit.platform.engine.support.hierarchical.NodeTestTask.lambda$executeRecursively$9(NodeTestTask.java:139)
	at org.junit.platform.engine.support.hierarchical.ThrowableCollector.execute(ThrowableCollector.java:73)
	at org.junit.platform.engine.support.hierarchical.NodeTestTask.executeRecursively(NodeTestTask.java:138)
	at org.junit.platform.engine.support.hierarchical.NodeTestTask.execute(NodeTestTask.java:95)
	at java.base/java.util.ArrayList.forEach(ArrayList.java:1596)
	at org.junit.platform.engine.support.hierarchical.SameThreadHierarchicalTestExecutorService.invokeAll(SameThreadHierarchicalTestExecutorService.java:41)
	at org.junit.platform.engine.support.hierarchical.NodeTestTask.lambda$executeRecursively$6(NodeTestTask.java:155)
	at org.junit.platform.engine.support.hierarchical.ThrowableCollector.execute(ThrowableCollector.java:73)
	at org.junit.platform.engine.support.hierarchical.NodeTestTask.lambda$executeRecursively$8(NodeTestTask.java:141)
	at org.junit.platform.engine.support.hierarchical.Node.around(Node.java:137)
	at org.junit.platform.engine.support.hierarchical.NodeTestTask.lambda$executeRecursively$9(NodeTestTask.java:139)
	at org.junit.platform.engine.support.hierarchical.ThrowableCollector.execute(ThrowableCollector.java:73)
	at org.junit.platform.engine.support.hierarchical.NodeTestTask.executeRecursively(NodeTestTask.java:138)
	at org.junit.platform.engine.support.hierarchical.NodeTestTask.execute(NodeTestTask.java:95)
	at org.junit.platform.engine.support.hierarchical.SameThreadHierarchicalTestExecutorService.submit(SameThreadHierarchicalTestExecutorService.java:35)
	at org.junit.platform.engine.support.hierarchical.HierarchicalTestExecutor.execute(HierarchicalTestExecutor.java:57)
	at org.junit.platform.engine.support.hierarchical.HierarchicalTestEngine.execute(HierarchicalTestEngine.java:54)
	at org.junit.platform.launcher.core.EngineExecutionOrchestrator.execute(EngineExecutionOrchestrator.java:198)
	at org.junit.platform.launcher.core.EngineExecutionOrchestrator.execute(EngineExecutionOrchestrator.java:169)
	at org.junit.platform.launcher.core.EngineExecutionOrchestrator.execute(EngineExecutionOrchestrator.java:93)
	at org.junit.platform.launcher.core.EngineExecutionOrchestrator.lambda$execute$0(EngineExecutionOrchestrator.java:58)
	at org.junit.platform.launcher.core.EngineExecutionOrchestrator.withInterceptedStreams(EngineExecutionOrchestrator.java:141)
	at org.junit.platform.launcher.core.EngineExecutionOrchestrator.execute(EngineExecutionOrchestrator.java:57)
	at org.junit.platform.launcher.core.DefaultLauncher.execute(DefaultLauncher.java:103)
	at org.junit.platform.launcher.core.DefaultLauncher.execute(DefaultLauncher.java:85)
	at org.junit.platform.launcher.core.DelegatingLauncher.execute(DelegatingLauncher.java:47)
	at org.junit.platform.launcher.core.SessionPerRequestLauncher.execute(SessionPerRequestLauncher.java:63)
	at com.intellij.junit5.JUnit5IdeaTestRunner.startRunnerWithArgs(JUnit5IdeaTestRunner.java:57)
	at com.intellij.rt.junit.IdeaTestRunner$Repeater$1.execute(IdeaTestRunner.java:38)
	at com.intellij.rt.execution.junit.TestsRepeater.repeat(TestsRepeater.java:11)
	at com.intellij.rt.junit.IdeaTestRunner$Repeater.startRunnerWithArgs(IdeaTestRunner.java:35)
	at com.intellij.rt.junit.JUnitStarter.prepareStreamsAndStart(JUnitStarter.java:232)
	at com.intellij.rt.junit.JUnitStarter.main(JUnitStarter.java:55)
2025-03-27 14:12:13 [main] INFO  lt.insoft.uztis.tests.UztisPageTest - Navigated to https://uztisdev.asseco.lt/home
2025-03-27 14:12:13 [main] INFO  l.i.u.t.SubmittedApplicationsPageTest - Starting test:'testFillNewVUIPApplicationFA'
2025-03-27 14:12:13 [main] DEBUG l.i.u.t.SubmittedApplicationsPageTest - User logged in with test credentials.
2025-03-27 14:12:14 [main] DEBUG l.i.u.t.SubmittedApplicationsPageTest - Opened 'Application Processing' menu.
2025-03-27 14:12:14 [main] DEBUG l.i.u.t.SubmittedApplicationsPageTest - Clicked on 'Application Forms' menu.
2025-03-27 14:12:15 [main] DEBUG l.i.u.t.SubmittedApplicationsPageTest - Retrieved last description code text: 'TST-VUI-75'.
2025-03-27 14:12:15 [main] DEBUG l.i.u.t.SubmittedApplicationsPageTest - Clicked on 'Invitation' menu.
2025-03-27 14:12:17 [main] DEBUG l.i.u.t.SubmittedApplicationsPageTest - Selected application section by code: 'TST-VUI-75'.
2025-03-27 14:12:17 [main] DEBUG l.i.u.t.SubmittedApplicationsPageTest - Clicked 'Search' button.
2025-03-27 14:12:17 [main] DEBUG l.i.u.t.SubmittedApplicationsPageTest - Retrieved invitation code: ''.
2025-03-27 14:12:17 [main] DEBUG l.i.u.t.SubmittedApplicationsPageTest - Clicked on 'Submitted Applications' menu.
2025-03-27 14:12:18 [main] DEBUG l.i.u.t.SubmittedApplicationsPageTest - Selected invitation by code: 'TST-VUI-75'.
2025-03-27 14:12:18 [main] DEBUG l.i.u.t.SubmittedApplicationsPageTest - Invitation code inserted.
2025-03-27 14:12:19 [main] DEBUG l.i.u.t.SubmittedApplicationsPageTest - Clicked on 'Action Application' button.
2025-03-27 14:12:19 [main] DEBUG l.i.u.t.SubmittedApplicationsPageTest - Clicked on 'New Application' button.
2025-03-27 14:12:19 [main] DEBUG l.i.u.t.SubmittedApplicationsPageTest - Selected the 'RadioButtonFA' option.
2025-03-27 14:12:20 [main] DEBUG l.i.u.t.SubmittedApplicationsPageTest - Entered phone number: '61298745'.
2025-03-27 14:12:20 [main] DEBUG l.i.u.t.SubmittedApplicationsPageTest - Entered email: 'test@autotest.com'.
2025-03-27 14:12:20 [main] INFO  l.i.u.p.SubmittedApplicationsPage - Clicking on the dropdown button.
2025-03-27 14:12:38 [main] INFO  l.i.u.p.SubmittedApplicationsPage - Found 1741 options in the dropdown.
2025-03-27 14:12:38 [main] DEBUG l.i.u.p.SubmittedApplicationsPage - Checking option: ''
2025-03-27 14:12:38 [main] DEBUG l.i.u.p.SubmittedApplicationsPage - Checking option: '01.11 - Grūdinių (išskyrus ryžius), ankštinių ir aliejingų sėklų augalų auginimas'
2025-03-27 14:12:38 [main] INFO  l.i.u.p.SubmittedApplicationsPage - Successfully selected the value: '01.11 - Grūdinių (išskyrus ryžius), ankštinių ir aliejingų sėklų augalų auginimas'
2025-03-27 14:12:38 [main] INFO  l.i.u.p.SubmittedApplicationsPage - Attempting to close the dropdown.
2025-03-27 14:12:39 [main] DEBUG l.i.u.t.SubmittedApplicationsPageTest - Selected EVRK value: '01.11 - Grūdinių (išskyrus ryžius), ankštinių ir aliejingų sėklų augalų auginimas'.
2025-03-27 14:12:39 [main] DEBUG l.i.u.t.SubmittedApplicationsPageTest - Clicked on 'Address Component' button.
2025-03-27 14:12:39 [main] INFO  l.i.u.p.SubmittedApplicationsPage - Located the dropdown button.
2025-03-27 14:12:43 [main] INFO  l.i.u.p.SubmittedApplicationsPage - Successfully selected the value: 'Lietuva'
2025-03-27 14:12:43 [main] DEBUG l.i.u.t.SubmittedApplicationsPageTest - Selected country: 'Lietuva'.
2025-03-27 14:12:43 [main] INFO  l.i.u.p.SubmittedApplicationsPage - Located the dropdown search field.
2025-03-27 14:12:43 [main] INFO  l.i.u.p.SubmittedApplicationsPage - Dropdown city is opened.
2025-03-27 14:12:43 [main] INFO  l.i.u.p.SubmittedApplicationsPage - Searched for value: 'Vilnius'
2025-03-27 14:12:44 [main] INFO  l.i.u.p.SubmittedApplicationsPage - Successfully selected: 'Vilnius'
2025-03-27 14:12:44 [main] INFO  l.i.u.p.SubmittedApplicationsPage - Located the dropdown button.
2025-03-27 14:12:45 [main] INFO  l.i.u.p.SubmittedApplicationsPage - Successfully selected the value: 'A. Domaševičiaus g.'
2025-03-27 14:12:45 [main] DEBUG l.i.u.t.SubmittedApplicationsPageTest - Selected street: 'A. Domaševičiaus g.'.
2025-03-27 14:12:45 [main] INFO  l.i.u.p.SubmittedApplicationsPage - Located the dropdown button.
2025-03-27 14:12:45 [main] INFO  l.i.u.p.SubmittedApplicationsPage - Successfully selected the value: '1'
2025-03-27 14:12:45 [main] DEBUG l.i.u.t.SubmittedApplicationsPageTest - Selected house: '1'.
2025-03-27 14:12:45 [main] INFO  l.i.u.p.SubmittedApplicationsPage - Located the dropdown button.
2025-03-27 14:12:46 [main] INFO  l.i.u.p.SubmittedApplicationsPage - Successfully selected the value: '1'
2025-03-27 14:12:46 [main] DEBUG l.i.u.t.SubmittedApplicationsPageTest - Selected apartment: '1'.
2025-03-27 14:12:46 [main] DEBUG l.i.u.t.SubmittedApplicationsPageTest - Clicked 'Confirm' button.
2025-03-27 14:12:46 [main] DEBUG l.i.u.t.SubmittedApplicationsPageTest - Entered project date.
2025-03-27 14:12:46 [main] DEBUG l.i.u.t.SubmittedApplicationsPageTest - Entered job count: '1'.
2025-03-27 14:12:47 [main] DEBUG l.i.u.t.SubmittedApplicationsPageTest - Clicked 'Next' button.
2025-03-27 14:12:47 [main] INFO  l.i.u.p.SubmittedApplicationsPage - Located the dropdown button.
2025-03-27 14:12:47 [main] INFO  l.i.u.p.SubmittedApplicationsPage - Successfully selected the value: 'Administratoriai'
2025-03-27 14:12:47 [main] DEBUG l.i.u.t.SubmittedApplicationsPageTest - Selected job name: 'Administratoriai'.
2025-03-27 14:12:48 [main] DEBUG l.i.u.t.SubmittedApplicationsPageTest - Entered job function: 'Funkcija 1'.
2025-03-27 14:12:48 [main] DEBUG l.i.u.t.SubmittedApplicationsPageTest - Selected 'RadioButtonWithDisabilities' option.
2025-03-27 14:12:48 [main] INFO  l.i.u.p.SubmittedApplicationsPage - Clicking on the dropdown button.
2025-03-27 14:12:48 [main] INFO  l.i.u.p.SubmittedApplicationsPage - Found 34 options in the dropdown.
2025-03-27 14:12:48 [main] DEBUG l.i.u.p.SubmittedApplicationsPage - Checking option: 'Asmenys, kuriems suteiktas pabėgėlio statusas ar perkeliamojo asmens statusas, arba asmenys, kuriems suteikta papildoma ar laikinoji apsauga, ir asmenys, turintys teisę gauti laikinąją apsaugą, iki sprendimo dėl laikinosios apsaugos suteikimo (nesuteikimo) priėmimo, tačiau ne ilgiau kaip laikinosios apsaugos laikotarpiu'
2025-03-27 14:12:48 [main] DEBUG l.i.u.p.SubmittedApplicationsPage - Checking option: 'Asmenys, kuriems suteiktas pabėgėlio statusas ar perkeliamojo asmens statusas, arba asmenys, kuriems suteikta papildoma ar laikinoji apsauga, ir asmenys, turintys teisę gauti laikinąją apsaugą, iki sprendimo dėl laikinosios apsaugos suteikimo (nesuteikimo) priėmimo, tačiau ne ilgiau kaip laikinosios apsaugos laikotarpiu'
2025-03-27 14:12:48 [main] DEBUG l.i.u.p.SubmittedApplicationsPage - Checking option: 'Asmenys, turintys teisę į papildomas užimtumo garantijas pagal Lietuvos Respublikos valstybės įmonės Ignalinos atominės elektrinės darbuotojų papildomų užimtumo ir socialinių garantijų įstatymą'
2025-03-27 14:12:48 [main] DEBUG l.i.u.p.SubmittedApplicationsPage - Checking option: 'Asmenys, turintys teisę į papildomas užimtumo garantijas pagal Lietuvos Respublikos valstybės įmonės Ignalinos atominės elektrinės darbuotojų papildomų užimtumo ir socialinių garantijų įstatymą'
2025-03-27 14:12:48 [main] DEBUG l.i.u.p.SubmittedApplicationsPage - Checking option: 'Bedarbiai iki 29 metų'
2025-03-27 14:12:48 [main] DEBUG l.i.u.p.SubmittedApplicationsPage - Checking option: 'Bedarbiai iki 29 metų'
2025-03-27 14:12:48 [main] DEBUG l.i.u.p.SubmittedApplicationsPage - Checking option: 'Bedarbiai, kurie yra darbingo amžiaus neįgalieji, kuriems nustatytas 30–40 procentų darbingumo lygis arba vidutinis neįgalumo lygis'
2025-03-27 14:12:49 [main] DEBUG l.i.u.p.SubmittedApplicationsPage - Checking option: 'Bedarbiai, kurie yra darbingo amžiaus neįgalieji, kuriems nustatytas 30–40 procentų darbingumo lygis arba vidutinis neįgalumo lygis'
2025-03-27 14:12:49 [main] DEBUG l.i.u.p.SubmittedApplicationsPage - Checking option: 'Bedarbiai, kurie yra darbingo amžiaus neįgalieji, kuriems nustatytas 45–55 procentų darbingumo lygis arba lengvas neįgalumo lygis'
2025-03-27 14:12:49 [main] DEBUG l.i.u.p.SubmittedApplicationsPage - Checking option: 'Bedarbiai, kurie yra darbingo amžiaus neįgalieji, kuriems nustatytas 45–55 procentų darbingumo lygis arba lengvas neįgalumo lygis'
2025-03-27 14:12:49 [main] DEBUG l.i.u.p.SubmittedApplicationsPage - Checking option: 'Bedarbiai, kurie yra darbingo amžiaus neįgalieji, kuriems nustatytas iki 25 procentų darbingumo lygis arba sunkus neįgalumo lygis'
2025-03-27 14:12:49 [main] INFO  l.i.u.p.SubmittedApplicationsPage - Successfully selected the value: 'Bedarbiai, kurie yra darbingo amžiaus neįgalieji, kuriems nustatytas iki 25 procentų darbingumo lygis arba sunkus neįgalumo lygis'
2025-03-27 14:12:49 [main] INFO  l.i.u.p.SubmittedApplicationsPage - Attempting to close the dropdown.
2025-03-27 14:12:49 [main] DEBUG l.i.u.t.SubmittedApplicationsPageTest - Selected disabilities type: 'Bedarbiai, kurie yra darbingo amžiaus neįgalieji, kuriems nustatytas iki 25 procentų darbingumo lygis arba sunkus neįgalumo lygis'.
2025-03-27 14:12:50 [main] DEBUG l.i.u.t.SubmittedApplicationsPageTest - Entered disability information: 'Negalia 1'.
2025-03-27 14:12:50 [main] INFO  l.i.u.p.SubmittedApplicationsPage - Located the dropdown button.
2025-03-27 14:12:50 [main] INFO  l.i.u.p.SubmittedApplicationsPage - Successfully selected the value: 'Kita'
2025-03-27 14:12:50 [main] DEBUG l.i.u.t.SubmittedApplicationsPageTest - Selected time mode: 'Kita'.
2025-03-27 14:12:50 [main] DEBUG l.i.u.t.SubmittedApplicationsPageTest - Selected time mode other: '6 val. per dieną ir 4 d. per savaitę'.
2025-03-27 14:12:51 [main] DEBUG l.i.u.t.SubmittedApplicationsPageTest - Entered qualification: 'Kvalifikacija 1'.
2025-03-27 14:12:51 [main] DEBUG l.i.u.t.SubmittedApplicationsPageTest - Entered job date.
2025-03-27 14:12:51 [main] DEBUG l.i.u.t.SubmittedApplicationsPageTest - Entered salary amount: '1200'.
2025-03-27 14:12:51 [main] DEBUG l.i.u.t.SubmittedApplicationsPageTest - Entered salary description: 'Užmokestis 1'.
2025-03-27 14:12:51 [main] DEBUG l.i.u.t.SubmittedApplicationsPageTest - Selected 'Temporary Job' radio button.
2025-03-27 14:12:51 [main] DEBUG l.i.u.t.SubmittedApplicationsPageTest - Selected 'Season Job' radio button.
2025-03-27 14:12:52 [main] DEBUG l.i.u.t.SubmittedApplicationsPageTest - Selected 'Energy' radio button.
2025-03-27 14:12:52 [main] DEBUG l.i.u.t.SubmittedApplicationsPageTest - Selected 'Repair' radio button.
2025-03-27 14:12:52 [main] DEBUG l.i.u.t.SubmittedApplicationsPageTest - Entered job description: 'Veikla 1'.
2025-03-27 14:12:52 [main] DEBUG l.i.u.t.SubmittedApplicationsPageTest - Entered process description: 'Procesas 1'.
2025-03-27 14:12:53 [main] DEBUG l.i.u.t.SubmittedApplicationsPageTest - Entered energy information: 'Energija 1'.
2025-03-27 14:12:53 [main] DEBUG l.i.u.t.SubmittedApplicationsPageTest - Entered repair information: 'Remontas 1'.
2025-03-27 14:12:53 [main] DEBUG l.i.u.t.SubmittedApplicationsPageTest - Selected 'PVM' radio button.
2025-03-27 14:12:53 [main] INFO  l.i.u.p.SubmittedApplicationsPage - Located the dropdown button.
2025-03-27 14:12:54 [main] INFO  l.i.u.p.SubmittedApplicationsPage - Successfully selected the value: 'Įsigyti'
2025-03-27 14:12:54 [main] DEBUG l.i.u.t.SubmittedApplicationsPageTest - Selected necessary for job: 'Įsigyti'.
2025-03-27 14:12:54 [main] DEBUG l.i.u.t.SubmittedApplicationsPageTest - Selected tool: 'Darbo priemonė 1'.
2025-03-27 14:12:54 [main] DEBUG l.i.u.t.SubmittedApplicationsPageTest - Selected tool parameter one: 'Darbo priemonės 1 parametras 1'.
2025-03-27 14:12:55 [main] DEBUG l.i.u.t.SubmittedApplicationsPageTest - Selected tool parameter two: 'Darbo priemonės 1 parametras 2'.
2025-03-27 14:12:55 [main] DEBUG l.i.u.t.SubmittedApplicationsPageTest - Selected tool parameter three: 'Darbo priemonės 1 parametras 3'.
2025-03-27 14:12:55 [main] DEBUG l.i.u.t.SubmittedApplicationsPageTest - Entered tool count: '1'.
2025-03-27 14:12:55 [main] DEBUG l.i.u.t.SubmittedApplicationsPageTest - Entered price amount 1: '1000'.
2025-03-27 14:12:58 [main] DEBUG l.i.u.t.SubmittedApplicationsPageTest - Entered own funds amount 1: '800'.
2025-03-27 14:13:00 [main] DEBUG l.i.u.t.SubmittedApplicationsPageTest - Current calculated value: '172'
2025-03-27 14:13:00 [main] DEBUG l.i.u.t.SubmittedApplicationsPageTest - Current calculated value: '172'
2025-03-27 14:13:01 [main] DEBUG l.i.u.t.SubmittedApplicationsPageTest - Current calculated value: '172'
2025-03-27 14:13:01 [main] DEBUG l.i.u.t.SubmittedApplicationsPageTest - Current calculated value: '172'
2025-03-27 14:13:02 [main] DEBUG l.i.u.t.SubmittedApplicationsPageTest - Current calculated value: '172'
2025-03-27 14:13:02 [main] DEBUG l.i.u.t.SubmittedApplicationsPageTest - Current calculated value: '172'
2025-03-27 14:13:03 [main] DEBUG l.i.u.t.SubmittedApplicationsPageTest - Current calculated value: '172'
2025-03-27 14:13:03 [main] DEBUG l.i.u.t.SubmittedApplicationsPageTest - Current calculated value: '172'
2025-03-27 14:13:04 [main] DEBUG l.i.u.t.SubmittedApplicationsPageTest - Current calculated value: '172'
2025-03-27 14:13:04 [main] DEBUG l.i.u.t.SubmittedApplicationsPageTest - Current calculated value: '172'
2025-03-27 14:13:05 [main] DEBUG l.i.u.t.SubmittedApplicationsPageTest - Current calculated value: '172'
2025-03-27 14:13:05 [main] DEBUG l.i.u.t.SubmittedApplicationsPageTest - Current calculated value: '172'
2025-03-27 14:13:06 [main] DEBUG l.i.u.t.SubmittedApplicationsPageTest - Current calculated value: '172'
2025-03-27 14:13:06 [main] DEBUG l.i.u.t.SubmittedApplicationsPageTest - Current calculated value: '172'
2025-03-27 14:13:07 [main] DEBUG l.i.u.t.SubmittedApplicationsPageTest - Current calculated value: '172'
2025-03-27 14:13:08 [main] DEBUG l.i.u.t.SubmittedApplicationsPageTest - Current calculated value: '172'
2025-03-27 14:13:08 [main] DEBUG l.i.u.t.SubmittedApplicationsPageTest - Current calculated value: '172'
2025-03-27 14:13:09 [main] DEBUG l.i.u.t.SubmittedApplicationsPageTest - Current calculated value: '172'
2025-03-27 14:13:09 [main] DEBUG l.i.u.t.SubmittedApplicationsPageTest - Current calculated value: '172'
2025-03-27 14:13:10 [main] DEBUG l.i.u.t.SubmittedApplicationsPageTest - Current calculated value: '172'
2025-03-27 14:13:10 [main] DEBUG l.i.u.t.SubmittedApplicationsPageTest - Current calculated value: '172'
2025-03-27 14:13:11 [main] DEBUG l.i.u.t.SubmittedApplicationsPageTest - Current calculated value: '172'
2025-03-27 14:13:11 [main] DEBUG l.i.u.t.SubmittedApplicationsPageTest - Current calculated value: '172'
2025-03-27 14:13:12 [main] DEBUG l.i.u.t.SubmittedApplicationsPageTest - Current calculated value: '172'
2025-03-27 14:13:12 [main] DEBUG l.i.u.t.SubmittedApplicationsPageTest - Current calculated value: '172'
2025-03-27 14:13:13 [main] DEBUG l.i.u.t.SubmittedApplicationsPageTest - Current calculated value: '172'
2025-03-27 14:13:13 [main] DEBUG l.i.u.t.SubmittedApplicationsPageTest - Current calculated value: '172'
2025-03-27 14:13:14 [main] DEBUG l.i.u.t.SubmittedApplicationsPageTest - Current calculated value: '172'
2025-03-27 14:13:14 [main] DEBUG l.i.u.t.SubmittedApplicationsPageTest - Current calculated value: '172'
2025-03-27 14:13:15 [main] DEBUG l.i.u.t.SubmittedApplicationsPageTest - Current calculated value: '172'
2025-03-27 14:13:15 [main] DEBUG l.i.u.t.SubmittedApplicationsPageTest - Current calculated value: '172'
2025-03-27 14:13:16 [main] DEBUG l.i.u.t.SubmittedApplicationsPageTest - Current calculated value: '172'
2025-03-27 14:13:16 [main] DEBUG l.i.u.t.SubmittedApplicationsPageTest - Current calculated value: '172'
2025-03-27 14:13:17 [main] DEBUG l.i.u.t.SubmittedApplicationsPageTest - Current calculated value: '172'
2025-03-27 14:13:18 [main] DEBUG l.i.u.t.SubmittedApplicationsPageTest - Current calculated value: '172'
2025-03-27 14:13:18 [main] DEBUG l.i.u.t.SubmittedApplicationsPageTest - Current calculated value: '172'
2025-03-27 14:13:19 [main] DEBUG l.i.u.t.SubmittedApplicationsPageTest - Current calculated value: '172'
2025-03-27 14:13:19 [main] DEBUG l.i.u.t.SubmittedApplicationsPageTest - Current calculated value: '172'
2025-03-27 14:13:20 [main] DEBUG l.i.u.t.SubmittedApplicationsPageTest - Current calculated value: '172'
2025-03-27 14:13:20 [main] ERROR l.i.u.t.SubmittedApplicationsPageTest - Test 'testFillNewVUIApplicationFA' failed with error: Expected condition failed: waiting for lt.insoft.uztis.tests.SubmittedApplicationsPageTest$$Lambda/0x000002bc3a2b6ea0@d9fe131 (tried for 20 second(s) with 500 milliseconds interval)
Build info: version: '4.27.0', revision: 'd6e718d134'
System info: os.name: 'Windows 11', os.arch: 'amd64', os.version: '10.0', java.version: '21.0.3'
Driver info: org.openqa.selenium.chrome.ChromeDriver
Capabilities {acceptInsecureCerts: false, browserName: chrome, browserVersion: 134.0.6998.166, chrome: {chromedriverVersion: 134.0.6998.165 (fd886e2cb29..., userDataDir: C:\Users\INGRID~1.ZAD\AppDa...}, fedcm:accounts: true, goog:chromeOptions: {debuggerAddress: localhost:64028}, networkConnectionEnabled: false, pageLoadStrategy: normal, platformName: windows, proxy: Proxy(), se:cdp: ws://localhost:64028/devtoo..., se:cdpVersion: 134.0.6998.166, setWindowRect: true, strictFileInteractability: false, timeouts: {implicit: 0, pageLoad: 300000, script: 30000}, unhandledPromptBehavior: dismiss and notify, webauthn:extension:credBlob: true, webauthn:extension:largeBlob: true, webauthn:extension:minPinLength: true, webauthn:extension:prf: true, webauthn:virtualAuthenticators: true}
Session ID: 237beb996dcae2161c2c05407d1818c4
org.openqa.selenium.TimeoutException: Expected condition failed: waiting for lt.insoft.uztis.tests.SubmittedApplicationsPageTest$$Lambda/0x000002bc3a2b6ea0@d9fe131 (tried for 20 second(s) with 500 milliseconds interval)
Build info: version: '4.27.0', revision: 'd6e718d134'
System info: os.name: 'Windows 11', os.arch: 'amd64', os.version: '10.0', java.version: '21.0.3'
Driver info: org.openqa.selenium.chrome.ChromeDriver
Capabilities {acceptInsecureCerts: false, browserName: chrome, browserVersion: 134.0.6998.166, chrome: {chromedriverVersion: 134.0.6998.165 (fd886e2cb29..., userDataDir: C:\Users\INGRID~1.ZAD\AppDa...}, fedcm:accounts: true, goog:chromeOptions: {debuggerAddress: localhost:64028}, networkConnectionEnabled: false, pageLoadStrategy: normal, platformName: windows, proxy: Proxy(), se:cdp: ws://localhost:64028/devtoo..., se:cdpVersion: 134.0.6998.166, setWindowRect: true, strictFileInteractability: false, timeouts: {implicit: 0, pageLoad: 300000, script: 30000}, unhandledPromptBehavior: dismiss and notify, webauthn:extension:credBlob: true, webauthn:extension:largeBlob: true, webauthn:extension:minPinLength: true, webauthn:extension:prf: true, webauthn:virtualAuthenticators: true}
Session ID: 237beb996dcae2161c2c05407d1818c4
	at org.openqa.selenium.support.ui.WebDriverWait.timeoutException(WebDriverWait.java:84)
	at org.openqa.selenium.support.ui.FluentWait.until(FluentWait.java:228)
	at lt.insoft.uztis.tests.SubmittedApplicationsPageTest.testFillNewVUIApplicationFA(SubmittedApplicationsPageTest.java:327)
	at java.base/jdk.internal.reflect.DirectMethodHandleAccessor.invoke(DirectMethodHandleAccessor.java:103)
	at java.base/java.lang.reflect.Method.invoke(Method.java:580)
	at org.junit.platform.commons.util.ReflectionUtils.invokeMethod(ReflectionUtils.java:728)
	at org.junit.jupiter.engine.execution.MethodInvocation.proceed(MethodInvocation.java:60)
	at org.junit.jupiter.engine.execution.InvocationInterceptorChain$ValidatingInvocation.proceed(InvocationInterceptorChain.java:131)
	at org.junit.jupiter.engine.extension.TimeoutExtension.intercept(TimeoutExtension.java:156)
	at org.junit.jupiter.engine.extension.TimeoutExtension.interceptTestableMethod(TimeoutExtension.java:147)
	at org.junit.jupiter.engine.extension.TimeoutExtension.interceptTestMethod(TimeoutExtension.java:86)
	at org.junit.jupiter.engine.execution.InterceptingExecutableInvoker$ReflectiveInterceptorCall.lambda$ofVoidMethod$0(InterceptingExecutableInvoker.java:103)
	at org.junit.jupiter.engine.execution.InterceptingExecutableInvoker.lambda$invoke$0(InterceptingExecutableInvoker.java:93)
	at org.junit.jupiter.engine.execution.InvocationInterceptorChain$InterceptedInvocation.proceed(InvocationInterceptorChain.java:106)
	at org.junit.jupiter.engine.execution.InvocationInterceptorChain.proceed(InvocationInterceptorChain.java:64)
	at org.junit.jupiter.engine.execution.InvocationInterceptorChain.chainAndInvoke(InvocationInterceptorChain.java:45)
	at org.junit.jupiter.engine.execution.InvocationInterceptorChain.invoke(InvocationInterceptorChain.java:37)
	at org.junit.jupiter.engine.execution.InterceptingExecutableInvoker.invoke(InterceptingExecutableInvoker.java:92)
	at org.junit.jupiter.engine.execution.InterceptingExecutableInvoker.invoke(InterceptingExecutableInvoker.java:86)
	at org.junit.jupiter.engine.descriptor.TestMethodTestDescriptor.lambda$invokeTestMethod$7(TestMethodTestDescriptor.java:218)
	at org.junit.platform.engine.support.hierarchical.ThrowableCollector.execute(ThrowableCollector.java:73)
	at org.junit.jupiter.engine.descriptor.TestMethodTestDescriptor.invokeTestMethod(TestMethodTestDescriptor.java:214)
	at org.junit.jupiter.engine.descriptor.TestMethodTestDescriptor.execute(TestMethodTestDescriptor.java:139)
	at org.junit.jupiter.engine.descriptor.TestMethodTestDescriptor.execute(TestMethodTestDescriptor.java:69)
	at org.junit.platform.engine.support.hierarchical.NodeTestTask.lambda$executeRecursively$6(NodeTestTask.java:151)
	at org.junit.platform.engine.support.hierarchical.ThrowableCollector.execute(ThrowableCollector.java:73)
	at org.junit.platform.engine.support.hierarchical.NodeTestTask.lambda$executeRecursively$8(NodeTestTask.java:141)
	at org.junit.platform.engine.support.hierarchical.Node.around(Node.java:137)
	at org.junit.platform.engine.support.hierarchical.NodeTestTask.lambda$executeRecursively$9(NodeTestTask.java:139)
	at org.junit.platform.engine.support.hierarchical.ThrowableCollector.execute(ThrowableCollector.java:73)
	at org.junit.platform.engine.support.hierarchical.NodeTestTask.executeRecursively(NodeTestTask.java:138)
	at org.junit.platform.engine.support.hierarchical.NodeTestTask.execute(NodeTestTask.java:95)
	at java.base/java.util.ArrayList.forEach(ArrayList.java:1596)
	at org.junit.platform.engine.support.hierarchical.SameThreadHierarchicalTestExecutorService.invokeAll(SameThreadHierarchicalTestExecutorService.java:41)
	at org.junit.platform.engine.support.hierarchical.NodeTestTask.lambda$executeRecursively$6(NodeTestTask.java:155)
	at org.junit.platform.engine.support.hierarchical.ThrowableCollector.execute(ThrowableCollector.java:73)
	at org.junit.platform.engine.support.hierarchical.NodeTestTask.lambda$executeRecursively$8(NodeTestTask.java:141)
	at org.junit.platform.engine.support.hierarchical.Node.around(Node.java:137)
	at org.junit.platform.engine.support.hierarchical.NodeTestTask.lambda$executeRecursively$9(NodeTestTask.java:139)
	at org.junit.platform.engine.support.hierarchical.ThrowableCollector.execute(ThrowableCollector.java:73)
	at org.junit.platform.engine.support.hierarchical.NodeTestTask.executeRecursively(NodeTestTask.java:138)
	at org.junit.platform.engine.support.hierarchical.NodeTestTask.execute(NodeTestTask.java:95)
	at java.base/java.util.ArrayList.forEach(ArrayList.java:1596)
	at org.junit.platform.engine.support.hierarchical.SameThreadHierarchicalTestExecutorService.invokeAll(SameThreadHierarchicalTestExecutorService.java:41)
	at org.junit.platform.engine.support.hierarchical.NodeTestTask.lambda$executeRecursively$6(NodeTestTask.java:155)
	at org.junit.platform.engine.support.hierarchical.ThrowableCollector.execute(ThrowableCollector.java:73)
	at org.junit.platform.engine.support.hierarchical.NodeTestTask.lambda$executeRecursively$8(NodeTestTask.java:141)
	at org.junit.platform.engine.support.hierarchical.Node.around(Node.java:137)
	at org.junit.platform.engine.support.hierarchical.NodeTestTask.lambda$executeRecursively$9(NodeTestTask.java:139)
	at org.junit.platform.engine.support.hierarchical.ThrowableCollector.execute(ThrowableCollector.java:73)
	at org.junit.platform.engine.support.hierarchical.NodeTestTask.executeRecursively(NodeTestTask.java:138)
	at org.junit.platform.engine.support.hierarchical.NodeTestTask.execute(NodeTestTask.java:95)
	at org.junit.platform.engine.support.hierarchical.SameThreadHierarchicalTestExecutorService.submit(SameThreadHierarchicalTestExecutorService.java:35)
	at org.junit.platform.engine.support.hierarchical.HierarchicalTestExecutor.execute(HierarchicalTestExecutor.java:57)
	at org.junit.platform.engine.support.hierarchical.HierarchicalTestEngine.execute(HierarchicalTestEngine.java:54)
	at org.junit.platform.launcher.core.EngineExecutionOrchestrator.execute(EngineExecutionOrchestrator.java:198)
	at org.junit.platform.launcher.core.EngineExecutionOrchestrator.execute(EngineExecutionOrchestrator.java:169)
	at org.junit.platform.launcher.core.EngineExecutionOrchestrator.execute(EngineExecutionOrchestrator.java:93)
	at org.junit.platform.launcher.core.EngineExecutionOrchestrator.lambda$execute$0(EngineExecutionOrchestrator.java:58)
	at org.junit.platform.launcher.core.EngineExecutionOrchestrator.withInterceptedStreams(EngineExecutionOrchestrator.java:141)
	at org.junit.platform.launcher.core.EngineExecutionOrchestrator.execute(EngineExecutionOrchestrator.java:57)
	at org.junit.platform.launcher.core.DefaultLauncher.execute(DefaultLauncher.java:103)
	at org.junit.platform.launcher.core.DefaultLauncher.execute(DefaultLauncher.java:85)
	at org.junit.platform.launcher.core.DelegatingLauncher.execute(DelegatingLauncher.java:47)
	at org.junit.platform.launcher.core.SessionPerRequestLauncher.execute(SessionPerRequestLauncher.java:63)
	at com.intellij.junit5.JUnit5IdeaTestRunner.startRunnerWithArgs(JUnit5IdeaTestRunner.java:57)
	at com.intellij.rt.junit.IdeaTestRunner$Repeater$1.execute(IdeaTestRunner.java:38)
	at com.intellij.rt.execution.junit.TestsRepeater.repeat(TestsRepeater.java:11)
	at com.intellij.rt.junit.IdeaTestRunner$Repeater.startRunnerWithArgs(IdeaTestRunner.java:35)
	at com.intellij.rt.junit.JUnitStarter.prepareStreamsAndStart(JUnitStarter.java:232)
	at com.intellij.rt.junit.JUnitStarter.main(JUnitStarter.java:55)
2025-03-27 14:13:20 [main] INFO  l.insoft.uztis.tests.utils.TestUtils - Screenshot moved to C:\Users\ingrida.zadorozniene\Desktop\Asm\UZTIS\UZTIS_tests\test-output\screenshots\20250327\141320362_testFillNewVUIApplicationFA().png
2025-03-27 14:14:15 [main] INFO  lt.insoft.uztis.tests.UztisPageTest - Navigated to https://uztisdev.asseco.lt/home
2025-03-27 14:14:15 [main] INFO  l.i.u.t.SubmittedApplicationsPageTest - Starting test:'testFillNewVUIPApplicationFA'
2025-03-27 14:14:15 [main] DEBUG l.i.u.t.SubmittedApplicationsPageTest - User logged in with test credentials.
2025-03-27 14:14:16 [main] DEBUG l.i.u.t.SubmittedApplicationsPageTest - Opened 'Application Processing' menu.
2025-03-27 14:14:16 [main] DEBUG l.i.u.t.SubmittedApplicationsPageTest - Clicked on 'Application Forms' menu.
2025-03-27 14:14:17 [main] DEBUG l.i.u.t.SubmittedApplicationsPageTest - Retrieved last description code text: 'TST-VUI-75'.
2025-03-27 14:14:17 [main] DEBUG l.i.u.t.SubmittedApplicationsPageTest - Clicked on 'Invitation' menu.
2025-03-27 14:14:19 [main] DEBUG l.i.u.t.SubmittedApplicationsPageTest - Selected application section by code: 'TST-VUI-75'.
2025-03-27 14:14:19 [main] DEBUG l.i.u.t.SubmittedApplicationsPageTest - Clicked 'Search' button.
2025-03-27 14:14:19 [main] DEBUG l.i.u.t.SubmittedApplicationsPageTest - Retrieved invitation code: ''.
2025-03-27 14:14:19 [main] DEBUG l.i.u.t.SubmittedApplicationsPageTest - Clicked on 'Submitted Applications' menu.
2025-03-27 14:14:21 [main] DEBUG l.i.u.t.SubmittedApplicationsPageTest - Selected invitation by code: 'TST-VUI-75'.
2025-03-27 14:14:21 [main] DEBUG l.i.u.t.SubmittedApplicationsPageTest - Invitation code inserted.
2025-03-27 14:14:21 [main] DEBUG l.i.u.t.SubmittedApplicationsPageTest - Clicked on 'Action Application' button.
2025-03-27 14:14:21 [main] DEBUG l.i.u.t.SubmittedApplicationsPageTest - Clicked on 'New Application' button.
2025-03-27 14:14:22 [main] DEBUG l.i.u.t.SubmittedApplicationsPageTest - Selected the 'RadioButtonFA' option.
2025-03-27 14:14:22 [main] DEBUG l.i.u.t.SubmittedApplicationsPageTest - Entered phone number: '61298745'.
2025-03-27 14:14:22 [main] DEBUG l.i.u.t.SubmittedApplicationsPageTest - Entered email: 'test@autotest.com'.
2025-03-27 14:14:22 [main] INFO  l.i.u.p.SubmittedApplicationsPage - Clicking on the dropdown button.
2025-03-27 14:14:42 [main] INFO  l.i.u.p.SubmittedApplicationsPage - Found 1741 options in the dropdown.
2025-03-27 14:14:42 [main] DEBUG l.i.u.p.SubmittedApplicationsPage - Checking option: ''
2025-03-27 14:14:42 [main] DEBUG l.i.u.p.SubmittedApplicationsPage - Checking option: '01.11 - Grūdinių (išskyrus ryžius), ankštinių ir aliejingų sėklų augalų auginimas'
2025-03-27 14:14:42 [main] INFO  l.i.u.p.SubmittedApplicationsPage - Successfully selected the value: '01.11 - Grūdinių (išskyrus ryžius), ankštinių ir aliejingų sėklų augalų auginimas'
2025-03-27 14:14:42 [main] INFO  l.i.u.p.SubmittedApplicationsPage - Attempting to close the dropdown.
2025-03-27 14:14:43 [main] DEBUG l.i.u.t.SubmittedApplicationsPageTest - Selected EVRK value: '01.11 - Grūdinių (išskyrus ryžius), ankštinių ir aliejingų sėklų augalų auginimas'.
2025-03-27 14:14:43 [main] DEBUG l.i.u.t.SubmittedApplicationsPageTest - Clicked on 'Address Component' button.
2025-03-27 14:14:43 [main] INFO  l.i.u.p.SubmittedApplicationsPage - Located the dropdown button.
2025-03-27 14:14:46 [main] INFO  l.i.u.p.SubmittedApplicationsPage - Successfully selected the value: 'Lietuva'
2025-03-27 14:14:46 [main] DEBUG l.i.u.t.SubmittedApplicationsPageTest - Selected country: 'Lietuva'.
2025-03-27 14:14:46 [main] INFO  l.i.u.p.SubmittedApplicationsPage - Located the dropdown search field.
2025-03-27 14:14:46 [main] INFO  l.i.u.p.SubmittedApplicationsPage - Dropdown city is opened.
2025-03-27 14:14:47 [main] INFO  l.i.u.p.SubmittedApplicationsPage - Searched for value: 'Vilnius'
2025-03-27 14:14:47 [main] INFO  l.i.u.p.SubmittedApplicationsPage - Successfully selected: 'Vilnius'
2025-03-27 14:14:47 [main] INFO  l.i.u.p.SubmittedApplicationsPage - Located the dropdown button.
2025-03-27 14:14:48 [main] INFO  l.i.u.p.SubmittedApplicationsPage - Successfully selected the value: 'A. Domaševičiaus g.'
2025-03-27 14:14:48 [main] DEBUG l.i.u.t.SubmittedApplicationsPageTest - Selected street: 'A. Domaševičiaus g.'.
2025-03-27 14:14:48 [main] INFO  l.i.u.p.SubmittedApplicationsPage - Located the dropdown button.
2025-03-27 14:14:49 [main] INFO  l.i.u.p.SubmittedApplicationsPage - Successfully selected the value: '1'
2025-03-27 14:14:49 [main] DEBUG l.i.u.t.SubmittedApplicationsPageTest - Selected house: '1'.
2025-03-27 14:14:49 [main] INFO  l.i.u.p.SubmittedApplicationsPage - Located the dropdown button.
2025-03-27 14:14:50 [main] INFO  l.i.u.p.SubmittedApplicationsPage - Successfully selected the value: '1'
2025-03-27 14:14:50 [main] DEBUG l.i.u.t.SubmittedApplicationsPageTest - Selected apartment: '1'.
2025-03-27 14:14:50 [main] DEBUG l.i.u.t.SubmittedApplicationsPageTest - Clicked 'Confirm' button.
2025-03-27 14:14:50 [main] DEBUG l.i.u.t.SubmittedApplicationsPageTest - Entered project date.
2025-03-27 14:14:50 [main] DEBUG l.i.u.t.SubmittedApplicationsPageTest - Entered job count: '1'.
2025-03-27 14:14:51 [main] DEBUG l.i.u.t.SubmittedApplicationsPageTest - Clicked 'Next' button.
2025-03-27 14:14:51 [main] INFO  l.i.u.p.SubmittedApplicationsPage - Located the dropdown button.
2025-03-27 14:14:51 [main] INFO  l.i.u.p.SubmittedApplicationsPage - Successfully selected the value: 'Administratoriai'
2025-03-27 14:14:51 [main] DEBUG l.i.u.t.SubmittedApplicationsPageTest - Selected job name: 'Administratoriai'.
2025-03-27 14:14:52 [main] DEBUG l.i.u.t.SubmittedApplicationsPageTest - Entered job function: 'Funkcija 1'.
2025-03-27 14:14:52 [main] DEBUG l.i.u.t.SubmittedApplicationsPageTest - Selected 'RadioButtonWithDisabilities' option.
2025-03-27 14:14:52 [main] INFO  l.i.u.p.SubmittedApplicationsPage - Clicking on the dropdown button.
2025-03-27 14:14:53 [main] INFO  l.i.u.p.SubmittedApplicationsPage - Found 34 options in the dropdown.
2025-03-27 14:14:53 [main] DEBUG l.i.u.p.SubmittedApplicationsPage - Checking option: 'Asmenys, kuriems suteiktas pabėgėlio statusas ar perkeliamojo asmens statusas, arba asmenys, kuriems suteikta papildoma ar laikinoji apsauga, ir asmenys, turintys teisę gauti laikinąją apsaugą, iki sprendimo dėl laikinosios apsaugos suteikimo (nesuteikimo) priėmimo, tačiau ne ilgiau kaip laikinosios apsaugos laikotarpiu'
2025-03-27 14:14:53 [main] DEBUG l.i.u.p.SubmittedApplicationsPage - Checking option: 'Asmenys, kuriems suteiktas pabėgėlio statusas ar perkeliamojo asmens statusas, arba asmenys, kuriems suteikta papildoma ar laikinoji apsauga, ir asmenys, turintys teisę gauti laikinąją apsaugą, iki sprendimo dėl laikinosios apsaugos suteikimo (nesuteikimo) priėmimo, tačiau ne ilgiau kaip laikinosios apsaugos laikotarpiu'
2025-03-27 14:14:53 [main] DEBUG l.i.u.p.SubmittedApplicationsPage - Checking option: 'Asmenys, turintys teisę į papildomas užimtumo garantijas pagal Lietuvos Respublikos valstybės įmonės Ignalinos atominės elektrinės darbuotojų papildomų užimtumo ir socialinių garantijų įstatymą'
2025-03-27 14:14:53 [main] DEBUG l.i.u.p.SubmittedApplicationsPage - Checking option: 'Asmenys, turintys teisę į papildomas užimtumo garantijas pagal Lietuvos Respublikos valstybės įmonės Ignalinos atominės elektrinės darbuotojų papildomų užimtumo ir socialinių garantijų įstatymą'
2025-03-27 14:14:53 [main] DEBUG l.i.u.p.SubmittedApplicationsPage - Checking option: 'Bedarbiai iki 29 metų'
2025-03-27 14:14:53 [main] DEBUG l.i.u.p.SubmittedApplicationsPage - Checking option: 'Bedarbiai iki 29 metų'
2025-03-27 14:14:53 [main] DEBUG l.i.u.p.SubmittedApplicationsPage - Checking option: 'Bedarbiai, kurie yra darbingo amžiaus neįgalieji, kuriems nustatytas 30–40 procentų darbingumo lygis arba vidutinis neįgalumo lygis'
2025-03-27 14:14:53 [main] DEBUG l.i.u.p.SubmittedApplicationsPage - Checking option: 'Bedarbiai, kurie yra darbingo amžiaus neįgalieji, kuriems nustatytas 30–40 procentų darbingumo lygis arba vidutinis neįgalumo lygis'
2025-03-27 14:14:53 [main] DEBUG l.i.u.p.SubmittedApplicationsPage - Checking option: 'Bedarbiai, kurie yra darbingo amžiaus neįgalieji, kuriems nustatytas 45–55 procentų darbingumo lygis arba lengvas neįgalumo lygis'
2025-03-27 14:14:53 [main] DEBUG l.i.u.p.SubmittedApplicationsPage - Checking option: 'Bedarbiai, kurie yra darbingo amžiaus neįgalieji, kuriems nustatytas 45–55 procentų darbingumo lygis arba lengvas neįgalumo lygis'
2025-03-27 14:14:53 [main] DEBUG l.i.u.p.SubmittedApplicationsPage - Checking option: 'Bedarbiai, kurie yra darbingo amžiaus neįgalieji, kuriems nustatytas iki 25 procentų darbingumo lygis arba sunkus neįgalumo lygis'
2025-03-27 14:14:53 [main] INFO  l.i.u.p.SubmittedApplicationsPage - Successfully selected the value: 'Bedarbiai, kurie yra darbingo amžiaus neįgalieji, kuriems nustatytas iki 25 procentų darbingumo lygis arba sunkus neįgalumo lygis'
2025-03-27 14:14:53 [main] INFO  l.i.u.p.SubmittedApplicationsPage - Attempting to close the dropdown.
2025-03-27 14:14:54 [main] DEBUG l.i.u.t.SubmittedApplicationsPageTest - Selected disabilities type: 'Bedarbiai, kurie yra darbingo amžiaus neįgalieji, kuriems nustatytas iki 25 procentų darbingumo lygis arba sunkus neįgalumo lygis'.
2025-03-27 14:14:54 [main] DEBUG l.i.u.t.SubmittedApplicationsPageTest - Entered disability information: 'Negalia 1'.
2025-03-27 14:14:54 [main] INFO  l.i.u.p.SubmittedApplicationsPage - Located the dropdown button.
2025-03-27 14:14:55 [main] INFO  l.i.u.p.SubmittedApplicationsPage - Successfully selected the value: 'Kita'
2025-03-27 14:14:55 [main] DEBUG l.i.u.t.SubmittedApplicationsPageTest - Selected time mode: 'Kita'.
2025-03-27 14:14:55 [main] DEBUG l.i.u.t.SubmittedApplicationsPageTest - Selected time mode other: '6 val. per dieną ir 4 d. per savaitę'.
2025-03-27 14:14:55 [main] DEBUG l.i.u.t.SubmittedApplicationsPageTest - Entered qualification: 'Kvalifikacija 1'.
2025-03-27 14:14:56 [main] DEBUG l.i.u.t.SubmittedApplicationsPageTest - Entered job date.
2025-03-27 14:14:56 [main] DEBUG l.i.u.t.SubmittedApplicationsPageTest - Entered salary amount: '1200'.
2025-03-27 14:14:56 [main] DEBUG l.i.u.t.SubmittedApplicationsPageTest - Entered salary description: 'Užmokestis 1'.
2025-03-27 14:14:56 [main] DEBUG l.i.u.t.SubmittedApplicationsPageTest - Selected 'Temporary Job' radio button.
2025-03-27 14:14:56 [main] DEBUG l.i.u.t.SubmittedApplicationsPageTest - Selected 'Season Job' radio button.
2025-03-27 14:14:57 [main] DEBUG l.i.u.t.SubmittedApplicationsPageTest - Selected 'Energy' radio button.
2025-03-27 14:14:57 [main] DEBUG l.i.u.t.SubmittedApplicationsPageTest - Selected 'Repair' radio button.
2025-03-27 14:14:57 [main] DEBUG l.i.u.t.SubmittedApplicationsPageTest - Entered job description: 'Veikla 1'.
2025-03-27 14:14:57 [main] DEBUG l.i.u.t.SubmittedApplicationsPageTest - Entered process description: 'Procesas 1'.
2025-03-27 14:14:57 [main] DEBUG l.i.u.t.SubmittedApplicationsPageTest - Entered energy information: 'Energija 1'.
2025-03-27 14:14:58 [main] DEBUG l.i.u.t.SubmittedApplicationsPageTest - Entered repair information: 'Remontas 1'.
2025-03-27 14:14:58 [main] DEBUG l.i.u.t.SubmittedApplicationsPageTest - Selected 'PVM' radio button.
2025-03-27 14:14:58 [main] INFO  l.i.u.p.SubmittedApplicationsPage - Located the dropdown button.
2025-03-27 14:14:59 [main] INFO  l.i.u.p.SubmittedApplicationsPage - Successfully selected the value: 'Įsigyti'
2025-03-27 14:14:59 [main] DEBUG l.i.u.t.SubmittedApplicationsPageTest - Selected necessary for job: 'Įsigyti'.
2025-03-27 14:14:59 [main] DEBUG l.i.u.t.SubmittedApplicationsPageTest - Selected tool: 'Darbo priemonė 1'.
2025-03-27 14:14:59 [main] DEBUG l.i.u.t.SubmittedApplicationsPageTest - Selected tool parameter one: 'Darbo priemonės 1 parametras 1'.
2025-03-27 14:15:00 [main] DEBUG l.i.u.t.SubmittedApplicationsPageTest - Selected tool parameter two: 'Darbo priemonės 1 parametras 2'.
2025-03-27 14:15:00 [main] DEBUG l.i.u.t.SubmittedApplicationsPageTest - Selected tool parameter three: 'Darbo priemonės 1 parametras 3'.
2025-03-27 14:15:00 [main] DEBUG l.i.u.t.SubmittedApplicationsPageTest - Entered tool count: '1'.
2025-03-27 14:15:00 [main] DEBUG l.i.u.t.SubmittedApplicationsPageTest - Entered price amount 1: '1000'.
2025-03-27 14:15:02 [main] DEBUG l.i.u.t.SubmittedApplicationsPageTest - Entered own funds amount 1: '800'.
2025-03-27 14:15:05 [main] DEBUG l.i.u.t.SubmittedApplicationsPageTest - Current calculated value: '172'
2025-03-27 14:15:05 [main] DEBUG l.i.u.t.SubmittedApplicationsPageTest - Current calculated value: '172'
2025-03-27 14:15:06 [main] DEBUG l.i.u.t.SubmittedApplicationsPageTest - Current calculated value: '172'
2025-03-27 14:15:06 [main] DEBUG l.i.u.t.SubmittedApplicationsPageTest - Current calculated value: '172'
2025-03-27 14:15:07 [main] DEBUG l.i.u.t.SubmittedApplicationsPageTest - Current calculated value: '172'
2025-03-27 14:15:07 [main] DEBUG l.i.u.t.SubmittedApplicationsPageTest - Current calculated value: '172'
2025-03-27 14:15:08 [main] DEBUG l.i.u.t.SubmittedApplicationsPageTest - Current calculated value: '172'
2025-03-27 14:15:08 [main] DEBUG l.i.u.t.SubmittedApplicationsPageTest - Current calculated value: '172'
2025-03-27 14:15:09 [main] DEBUG l.i.u.t.SubmittedApplicationsPageTest - Current calculated value: '172'
2025-03-27 14:15:09 [main] DEBUG l.i.u.t.SubmittedApplicationsPageTest - Current calculated value: '172'
2025-03-27 14:15:10 [main] DEBUG l.i.u.t.SubmittedApplicationsPageTest - Current calculated value: '172'
2025-03-27 14:15:10 [main] DEBUG l.i.u.t.SubmittedApplicationsPageTest - Current calculated value: '172'
2025-03-27 14:15:11 [main] DEBUG l.i.u.t.SubmittedApplicationsPageTest - Current calculated value: '172'
2025-03-27 14:15:11 [main] DEBUG l.i.u.t.SubmittedApplicationsPageTest - Current calculated value: '172'
2025-03-27 14:15:12 [main] DEBUG l.i.u.t.SubmittedApplicationsPageTest - Current calculated value: '172'
2025-03-27 14:15:12 [main] DEBUG l.i.u.t.SubmittedApplicationsPageTest - Current calculated value: '172'
2025-03-27 14:15:13 [main] DEBUG l.i.u.t.SubmittedApplicationsPageTest - Current calculated value: '172'
2025-03-27 14:15:14 [main] DEBUG l.i.u.t.SubmittedApplicationsPageTest - Current calculated value: '172'
2025-03-27 14:15:14 [main] DEBUG l.i.u.t.SubmittedApplicationsPageTest - Current calculated value: '172'
2025-03-27 14:15:15 [main] DEBUG l.i.u.t.SubmittedApplicationsPageTest - Current calculated value: '172'
2025-03-27 14:15:15 [main] DEBUG l.i.u.t.SubmittedApplicationsPageTest - Current calculated value: '172'
2025-03-27 14:15:16 [main] DEBUG l.i.u.t.SubmittedApplicationsPageTest - Current calculated value: '172'
2025-03-27 14:15:16 [main] DEBUG l.i.u.t.SubmittedApplicationsPageTest - Current calculated value: '172'
2025-03-27 14:15:17 [main] DEBUG l.i.u.t.SubmittedApplicationsPageTest - Current calculated value: '172'
2025-03-27 14:15:17 [main] DEBUG l.i.u.t.SubmittedApplicationsPageTest - Current calculated value: '172'
2025-03-27 14:15:18 [main] DEBUG l.i.u.t.SubmittedApplicationsPageTest - Current calculated value: '172'
2025-03-27 14:15:18 [main] DEBUG l.i.u.t.SubmittedApplicationsPageTest - Current calculated value: '172'
2025-03-27 14:15:19 [main] DEBUG l.i.u.t.SubmittedApplicationsPageTest - Current calculated value: '172'
2025-03-27 14:15:19 [main] DEBUG l.i.u.t.SubmittedApplicationsPageTest - Current calculated value: '172'
2025-03-27 14:15:20 [main] DEBUG l.i.u.t.SubmittedApplicationsPageTest - Current calculated value: '172'
2025-03-27 14:15:20 [main] DEBUG l.i.u.t.SubmittedApplicationsPageTest - Current calculated value: '172'
2025-03-27 14:15:21 [main] DEBUG l.i.u.t.SubmittedApplicationsPageTest - Current calculated value: '172'
2025-03-27 14:15:21 [main] DEBUG l.i.u.t.SubmittedApplicationsPageTest - Current calculated value: '172'
2025-03-27 14:15:22 [main] DEBUG l.i.u.t.SubmittedApplicationsPageTest - Current calculated value: '172'
2025-03-27 14:15:22 [main] DEBUG l.i.u.t.SubmittedApplicationsPageTest - Current calculated value: '172'
2025-03-27 14:15:23 [main] DEBUG l.i.u.t.SubmittedApplicationsPageTest - Current calculated value: '172'
2025-03-27 14:15:24 [main] DEBUG l.i.u.t.SubmittedApplicationsPageTest - Current calculated value: '172'
2025-03-27 14:15:24 [main] DEBUG l.i.u.t.SubmittedApplicationsPageTest - Current calculated value: '172'
2025-03-27 14:15:25 [main] DEBUG l.i.u.t.SubmittedApplicationsPageTest - Current calculated value: '172'
2025-03-27 14:15:25 [main] ERROR l.i.u.t.SubmittedApplicationsPageTest - Test 'testFillNewVUIApplicationFA' failed with error: Expected condition failed: waiting for lt.insoft.uztis.tests.SubmittedApplicationsPageTest$$Lambda/0x0000024d5e2b7488@6ef25c03 (tried for 20 second(s) with 500 milliseconds interval)
Build info: version: '4.27.0', revision: 'd6e718d134'
System info: os.name: 'Windows 11', os.arch: 'amd64', os.version: '10.0', java.version: '21.0.3'
Driver info: org.openqa.selenium.chrome.ChromeDriver
Capabilities {acceptInsecureCerts: false, browserName: chrome, browserVersion: 134.0.6998.166, chrome: {chromedriverVersion: 134.0.6998.165 (fd886e2cb29..., userDataDir: C:\Users\INGRID~1.ZAD\AppDa...}, fedcm:accounts: true, goog:chromeOptions: {debuggerAddress: localhost:64123}, networkConnectionEnabled: false, pageLoadStrategy: normal, platformName: windows, proxy: Proxy(), se:cdp: ws://localhost:64123/devtoo..., se:cdpVersion: 134.0.6998.166, setWindowRect: true, strictFileInteractability: false, timeouts: {implicit: 0, pageLoad: 300000, script: 30000}, unhandledPromptBehavior: dismiss and notify, webauthn:extension:credBlob: true, webauthn:extension:largeBlob: true, webauthn:extension:minPinLength: true, webauthn:extension:prf: true, webauthn:virtualAuthenticators: true}
Session ID: ebc7646656ec7b52c0ac659430e0cd5a
org.openqa.selenium.TimeoutException: Expected condition failed: waiting for lt.insoft.uztis.tests.SubmittedApplicationsPageTest$$Lambda/0x0000024d5e2b7488@6ef25c03 (tried for 20 second(s) with 500 milliseconds interval)
Build info: version: '4.27.0', revision: 'd6e718d134'
System info: os.name: 'Windows 11', os.arch: 'amd64', os.version: '10.0', java.version: '21.0.3'
Driver info: org.openqa.selenium.chrome.ChromeDriver
Capabilities {acceptInsecureCerts: false, browserName: chrome, browserVersion: 134.0.6998.166, chrome: {chromedriverVersion: 134.0.6998.165 (fd886e2cb29..., userDataDir: C:\Users\INGRID~1.ZAD\AppDa...}, fedcm:accounts: true, goog:chromeOptions: {debuggerAddress: localhost:64123}, networkConnectionEnabled: false, pageLoadStrategy: normal, platformName: windows, proxy: Proxy(), se:cdp: ws://localhost:64123/devtoo..., se:cdpVersion: 134.0.6998.166, setWindowRect: true, strictFileInteractability: false, timeouts: {implicit: 0, pageLoad: 300000, script: 30000}, unhandledPromptBehavior: dismiss and notify, webauthn:extension:credBlob: true, webauthn:extension:largeBlob: true, webauthn:extension:minPinLength: true, webauthn:extension:prf: true, webauthn:virtualAuthenticators: true}
Session ID: ebc7646656ec7b52c0ac659430e0cd5a
	at org.openqa.selenium.support.ui.WebDriverWait.timeoutException(WebDriverWait.java:84)
	at org.openqa.selenium.support.ui.FluentWait.until(FluentWait.java:228)
	at lt.insoft.uztis.tests.SubmittedApplicationsPageTest.testFillNewVUIApplicationFA(SubmittedApplicationsPageTest.java:327)
	at java.base/jdk.internal.reflect.DirectMethodHandleAccessor.invoke(DirectMethodHandleAccessor.java:103)
	at java.base/java.lang.reflect.Method.invoke(Method.java:580)
	at org.junit.platform.commons.util.ReflectionUtils.invokeMethod(ReflectionUtils.java:728)
	at org.junit.jupiter.engine.execution.MethodInvocation.proceed(MethodInvocation.java:60)
	at org.junit.jupiter.engine.execution.InvocationInterceptorChain$ValidatingInvocation.proceed(InvocationInterceptorChain.java:131)
	at org.junit.jupiter.engine.extension.TimeoutExtension.intercept(TimeoutExtension.java:156)
	at org.junit.jupiter.engine.extension.TimeoutExtension.interceptTestableMethod(TimeoutExtension.java:147)
	at org.junit.jupiter.engine.extension.TimeoutExtension.interceptTestMethod(TimeoutExtension.java:86)
	at org.junit.jupiter.engine.execution.InterceptingExecutableInvoker$ReflectiveInterceptorCall.lambda$ofVoidMethod$0(InterceptingExecutableInvoker.java:103)
	at org.junit.jupiter.engine.execution.InterceptingExecutableInvoker.lambda$invoke$0(InterceptingExecutableInvoker.java:93)
	at org.junit.jupiter.engine.execution.InvocationInterceptorChain$InterceptedInvocation.proceed(InvocationInterceptorChain.java:106)
	at org.junit.jupiter.engine.execution.InvocationInterceptorChain.proceed(InvocationInterceptorChain.java:64)
	at org.junit.jupiter.engine.execution.InvocationInterceptorChain.chainAndInvoke(InvocationInterceptorChain.java:45)
	at org.junit.jupiter.engine.execution.InvocationInterceptorChain.invoke(InvocationInterceptorChain.java:37)
	at org.junit.jupiter.engine.execution.InterceptingExecutableInvoker.invoke(InterceptingExecutableInvoker.java:92)
	at org.junit.jupiter.engine.execution.InterceptingExecutableInvoker.invoke(InterceptingExecutableInvoker.java:86)
	at org.junit.jupiter.engine.descriptor.TestMethodTestDescriptor.lambda$invokeTestMethod$7(TestMethodTestDescriptor.java:218)
	at org.junit.platform.engine.support.hierarchical.ThrowableCollector.execute(ThrowableCollector.java:73)
	at org.junit.jupiter.engine.descriptor.TestMethodTestDescriptor.invokeTestMethod(TestMethodTestDescriptor.java:214)
	at org.junit.jupiter.engine.descriptor.TestMethodTestDescriptor.execute(TestMethodTestDescriptor.java:139)
	at org.junit.jupiter.engine.descriptor.TestMethodTestDescriptor.execute(TestMethodTestDescriptor.java:69)
	at org.junit.platform.engine.support.hierarchical.NodeTestTask.lambda$executeRecursively$6(NodeTestTask.java:151)
	at org.junit.platform.engine.support.hierarchical.ThrowableCollector.execute(ThrowableCollector.java:73)
	at org.junit.platform.engine.support.hierarchical.NodeTestTask.lambda$executeRecursively$8(NodeTestTask.java:141)
	at org.junit.platform.engine.support.hierarchical.Node.around(Node.java:137)
	at org.junit.platform.engine.support.hierarchical.NodeTestTask.lambda$executeRecursively$9(NodeTestTask.java:139)
	at org.junit.platform.engine.support.hierarchical.ThrowableCollector.execute(ThrowableCollector.java:73)
	at org.junit.platform.engine.support.hierarchical.NodeTestTask.executeRecursively(NodeTestTask.java:138)
	at org.junit.platform.engine.support.hierarchical.NodeTestTask.execute(NodeTestTask.java:95)
	at java.base/java.util.ArrayList.forEach(ArrayList.java:1596)
	at org.junit.platform.engine.support.hierarchical.SameThreadHierarchicalTestExecutorService.invokeAll(SameThreadHierarchicalTestExecutorService.java:41)
	at org.junit.platform.engine.support.hierarchical.NodeTestTask.lambda$executeRecursively$6(NodeTestTask.java:155)
	at org.junit.platform.engine.support.hierarchical.ThrowableCollector.execute(ThrowableCollector.java:73)
	at org.junit.platform.engine.support.hierarchical.NodeTestTask.lambda$executeRecursively$8(NodeTestTask.java:141)
	at org.junit.platform.engine.support.hierarchical.Node.around(Node.java:137)
	at org.junit.platform.engine.support.hierarchical.NodeTestTask.lambda$executeRecursively$9(NodeTestTask.java:139)
	at org.junit.platform.engine.support.hierarchical.ThrowableCollector.execute(ThrowableCollector.java:73)
	at org.junit.platform.engine.support.hierarchical.NodeTestTask.executeRecursively(NodeTestTask.java:138)
	at org.junit.platform.engine.support.hierarchical.NodeTestTask.execute(NodeTestTask.java:95)
	at java.base/java.util.ArrayList.forEach(ArrayList.java:1596)
	at org.junit.platform.engine.support.hierarchical.SameThreadHierarchicalTestExecutorService.invokeAll(SameThreadHierarchicalTestExecutorService.java:41)
	at org.junit.platform.engine.support.hierarchical.NodeTestTask.lambda$executeRecursively$6(NodeTestTask.java:155)
	at org.junit.platform.engine.support.hierarchical.ThrowableCollector.execute(ThrowableCollector.java:73)
	at org.junit.platform.engine.support.hierarchical.NodeTestTask.lambda$executeRecursively$8(NodeTestTask.java:141)
	at org.junit.platform.engine.support.hierarchical.Node.around(Node.java:137)
	at org.junit.platform.engine.support.hierarchical.NodeTestTask.lambda$executeRecursively$9(NodeTestTask.java:139)
	at org.junit.platform.engine.support.hierarchical.ThrowableCollector.execute(ThrowableCollector.java:73)
	at org.junit.platform.engine.support.hierarchical.NodeTestTask.executeRecursively(NodeTestTask.java:138)
	at org.junit.platform.engine.support.hierarchical.NodeTestTask.execute(NodeTestTask.java:95)
	at org.junit.platform.engine.support.hierarchical.SameThreadHierarchicalTestExecutorService.submit(SameThreadHierarchicalTestExecutorService.java:35)
	at org.junit.platform.engine.support.hierarchical.HierarchicalTestExecutor.execute(HierarchicalTestExecutor.java:57)
	at org.junit.platform.engine.support.hierarchical.HierarchicalTestEngine.execute(HierarchicalTestEngine.java:54)
	at org.junit.platform.launcher.core.EngineExecutionOrchestrator.execute(EngineExecutionOrchestrator.java:198)
	at org.junit.platform.launcher.core.EngineExecutionOrchestrator.execute(EngineExecutionOrchestrator.java:169)
	at org.junit.platform.launcher.core.EngineExecutionOrchestrator.execute(EngineExecutionOrchestrator.java:93)
	at org.junit.platform.launcher.core.EngineExecutionOrchestrator.lambda$execute$0(EngineExecutionOrchestrator.java:58)
	at org.junit.platform.launcher.core.EngineExecutionOrchestrator.withInterceptedStreams(EngineExecutionOrchestrator.java:141)
	at org.junit.platform.launcher.core.EngineExecutionOrchestrator.execute(EngineExecutionOrchestrator.java:57)
	at org.junit.platform.launcher.core.DefaultLauncher.execute(DefaultLauncher.java:103)
	at org.junit.platform.launcher.core.DefaultLauncher.execute(DefaultLauncher.java:85)
	at org.junit.platform.launcher.core.DelegatingLauncher.execute(DelegatingLauncher.java:47)
	at org.junit.platform.launcher.core.SessionPerRequestLauncher.execute(SessionPerRequestLauncher.java:63)
	at com.intellij.junit5.JUnit5IdeaTestRunner.startRunnerWithArgs(JUnit5IdeaTestRunner.java:57)
	at com.intellij.rt.junit.IdeaTestRunner$Repeater$1.execute(IdeaTestRunner.java:38)
	at com.intellij.rt.execution.junit.TestsRepeater.repeat(TestsRepeater.java:11)
	at com.intellij.rt.junit.IdeaTestRunner$Repeater.startRunnerWithArgs(IdeaTestRunner.java:35)
	at com.intellij.rt.junit.JUnitStarter.prepareStreamsAndStart(JUnitStarter.java:232)
	at com.intellij.rt.junit.JUnitStarter.main(JUnitStarter.java:55)
2025-03-27 14:15:25 [main] INFO  l.insoft.uztis.tests.utils.TestUtils - Screenshot moved to C:\Users\ingrida.zadorozniene\Desktop\Asm\UZTIS\UZTIS_tests\test-output\screenshots\20250327\141525255_testFillNewVUIApplicationFA().png
2025-03-27 14:36:45 [main] INFO  lt.insoft.uztis.tests.UztisPageTest - Navigated to https://uztisdev.asseco.lt/home
2025-03-27 14:36:45 [main] INFO  l.i.u.t.SubmittedApplicationsPageTest - Starting test:'testFillNewVUIPApplicationFA'
2025-03-27 14:36:46 [main] DEBUG l.i.u.t.SubmittedApplicationsPageTest - User logged in with test credentials.
2025-03-27 14:36:46 [main] DEBUG l.i.u.t.SubmittedApplicationsPageTest - Opened 'Application Processing' menu.
2025-03-27 14:36:46 [main] DEBUG l.i.u.t.SubmittedApplicationsPageTest - Clicked on 'Application Forms' menu.
2025-03-27 14:36:46 [main] DEBUG l.i.u.t.SubmittedApplicationsPageTest - Retrieved last description code text: 'TST-VUI-75'.
2025-03-27 14:36:47 [main] DEBUG l.i.u.t.SubmittedApplicationsPageTest - Clicked on 'Invitation' menu.
2025-03-27 14:36:48 [main] DEBUG l.i.u.t.SubmittedApplicationsPageTest - Selected application section by code: 'TST-VUI-75'.
2025-03-27 14:36:48 [main] DEBUG l.i.u.t.SubmittedApplicationsPageTest - Clicked 'Search' button.
2025-03-27 14:36:48 [main] DEBUG l.i.u.t.SubmittedApplicationsPageTest - Retrieved invitation code: ''.
2025-03-27 14:36:48 [main] DEBUG l.i.u.t.SubmittedApplicationsPageTest - Clicked on 'Submitted Applications' menu.
2025-03-27 14:36:50 [main] DEBUG l.i.u.t.SubmittedApplicationsPageTest - Selected invitation by code: 'TST-VUI-75'.
2025-03-27 14:36:50 [main] DEBUG l.i.u.t.SubmittedApplicationsPageTest - Invitation code inserted.
2025-03-27 14:36:50 [main] DEBUG l.i.u.t.SubmittedApplicationsPageTest - Clicked on 'Action Application' button.
2025-03-27 14:36:50 [main] DEBUG l.i.u.t.SubmittedApplicationsPageTest - Clicked on 'New Application' button.
2025-03-27 14:36:51 [main] DEBUG l.i.u.t.SubmittedApplicationsPageTest - Selected the 'RadioButtonFA' option.
2025-03-27 14:36:51 [main] DEBUG l.i.u.t.SubmittedApplicationsPageTest - Entered phone number: '61298745'.
2025-03-27 14:36:51 [main] DEBUG l.i.u.t.SubmittedApplicationsPageTest - Entered email: 'test@autotest.com'.
2025-03-27 14:36:51 [main] INFO  l.i.u.p.SubmittedApplicationsPage - Clicking on the dropdown button.
2025-03-27 14:37:09 [main] INFO  l.i.u.p.SubmittedApplicationsPage - Found 1741 options in the dropdown.
2025-03-27 14:37:09 [main] DEBUG l.i.u.p.SubmittedApplicationsPage - Checking option: ''
2025-03-27 14:37:09 [main] DEBUG l.i.u.p.SubmittedApplicationsPage - Checking option: '01.11 - Grūdinių (išskyrus ryžius), ankštinių ir aliejingų sėklų augalų auginimas'
2025-03-27 14:37:09 [main] INFO  l.i.u.p.SubmittedApplicationsPage - Successfully selected the value: '01.11 - Grūdinių (išskyrus ryžius), ankštinių ir aliejingų sėklų augalų auginimas'
2025-03-27 14:37:09 [main] INFO  l.i.u.p.SubmittedApplicationsPage - Attempting to close the dropdown.
2025-03-27 14:37:10 [main] DEBUG l.i.u.t.SubmittedApplicationsPageTest - Selected EVRK value: '01.11 - Grūdinių (išskyrus ryžius), ankštinių ir aliejingų sėklų augalų auginimas'.
2025-03-27 14:37:10 [main] DEBUG l.i.u.t.SubmittedApplicationsPageTest - Clicked on 'Address Component' button.
2025-03-27 14:37:10 [main] INFO  l.i.u.p.SubmittedApplicationsPage - Located the dropdown button.
2025-03-27 14:37:14 [main] INFO  l.i.u.p.SubmittedApplicationsPage - Successfully selected the value: 'Lietuva'
2025-03-27 14:37:14 [main] DEBUG l.i.u.t.SubmittedApplicationsPageTest - Selected country: 'Lietuva'.
2025-03-27 14:37:14 [main] INFO  l.i.u.p.SubmittedApplicationsPage - Located the dropdown search field.
2025-03-27 14:37:14 [main] INFO  l.i.u.p.SubmittedApplicationsPage - Dropdown city is opened.
2025-03-27 14:37:14 [main] INFO  l.i.u.p.SubmittedApplicationsPage - Searched for value: 'Vilnius'
2025-03-27 14:37:15 [main] INFO  l.i.u.p.SubmittedApplicationsPage - Successfully selected: 'Vilnius'
2025-03-27 14:37:15 [main] INFO  l.i.u.p.SubmittedApplicationsPage - Located the dropdown button.
2025-03-27 14:37:15 [main] INFO  l.i.u.p.SubmittedApplicationsPage - Successfully selected the value: 'A. Domaševičiaus g.'
2025-03-27 14:37:15 [main] DEBUG l.i.u.t.SubmittedApplicationsPageTest - Selected street: 'A. Domaševičiaus g.'.
2025-03-27 14:37:15 [main] INFO  l.i.u.p.SubmittedApplicationsPage - Located the dropdown button.
2025-03-27 14:37:16 [main] INFO  l.i.u.p.SubmittedApplicationsPage - Successfully selected the value: '1'
2025-03-27 14:37:16 [main] DEBUG l.i.u.t.SubmittedApplicationsPageTest - Selected house: '1'.
2025-03-27 14:37:16 [main] INFO  l.i.u.p.SubmittedApplicationsPage - Located the dropdown button.
2025-03-27 14:37:16 [main] INFO  l.i.u.p.SubmittedApplicationsPage - Successfully selected the value: '1'
2025-03-27 14:37:16 [main] DEBUG l.i.u.t.SubmittedApplicationsPageTest - Selected apartment: '1'.
2025-03-27 14:37:16 [main] DEBUG l.i.u.t.SubmittedApplicationsPageTest - Clicked 'Confirm' button.
2025-03-27 14:37:16 [main] DEBUG l.i.u.t.SubmittedApplicationsPageTest - Entered project date.
2025-03-27 14:37:16 [main] DEBUG l.i.u.t.SubmittedApplicationsPageTest - Entered job count: '1'.
2025-03-27 14:37:17 [main] DEBUG l.i.u.t.SubmittedApplicationsPageTest - Clicked 'Next' button.
2025-03-27 14:37:17 [main] INFO  l.i.u.p.SubmittedApplicationsPage - Located the dropdown button.
2025-03-27 14:37:18 [main] INFO  l.i.u.p.SubmittedApplicationsPage - Successfully selected the value: 'Administratoriai'
2025-03-27 14:37:18 [main] DEBUG l.i.u.t.SubmittedApplicationsPageTest - Selected job name: 'Administratoriai'.
2025-03-27 14:37:18 [main] DEBUG l.i.u.t.SubmittedApplicationsPageTest - Entered job function: 'Funkcija 1'.
2025-03-27 14:37:18 [main] DEBUG l.i.u.t.SubmittedApplicationsPageTest - Selected 'RadioButtonWithDisabilities' option.
2025-03-27 14:37:18 [main] INFO  l.i.u.p.SubmittedApplicationsPage - Clicking on the dropdown button.
2025-03-27 14:37:19 [main] INFO  l.i.u.p.SubmittedApplicationsPage - Found 34 options in the dropdown.
2025-03-27 14:37:19 [main] DEBUG l.i.u.p.SubmittedApplicationsPage - Checking option: 'Asmenys, kuriems suteiktas pabėgėlio statusas ar perkeliamojo asmens statusas, arba asmenys, kuriems suteikta papildoma ar laikinoji apsauga, ir asmenys, turintys teisę gauti laikinąją apsaugą, iki sprendimo dėl laikinosios apsaugos suteikimo (nesuteikimo) priėmimo, tačiau ne ilgiau kaip laikinosios apsaugos laikotarpiu'
2025-03-27 14:37:19 [main] DEBUG l.i.u.p.SubmittedApplicationsPage - Checking option: 'Asmenys, kuriems suteiktas pabėgėlio statusas ar perkeliamojo asmens statusas, arba asmenys, kuriems suteikta papildoma ar laikinoji apsauga, ir asmenys, turintys teisę gauti laikinąją apsaugą, iki sprendimo dėl laikinosios apsaugos suteikimo (nesuteikimo) priėmimo, tačiau ne ilgiau kaip laikinosios apsaugos laikotarpiu'
2025-03-27 14:37:19 [main] DEBUG l.i.u.p.SubmittedApplicationsPage - Checking option: 'Asmenys, turintys teisę į papildomas užimtumo garantijas pagal Lietuvos Respublikos valstybės įmonės Ignalinos atominės elektrinės darbuotojų papildomų užimtumo ir socialinių garantijų įstatymą'
2025-03-27 14:37:19 [main] DEBUG l.i.u.p.SubmittedApplicationsPage - Checking option: 'Asmenys, turintys teisę į papildomas užimtumo garantijas pagal Lietuvos Respublikos valstybės įmonės Ignalinos atominės elektrinės darbuotojų papildomų užimtumo ir socialinių garantijų įstatymą'
2025-03-27 14:37:19 [main] DEBUG l.i.u.p.SubmittedApplicationsPage - Checking option: 'Bedarbiai iki 29 metų'
2025-03-27 14:37:19 [main] DEBUG l.i.u.p.SubmittedApplicationsPage - Checking option: 'Bedarbiai iki 29 metų'
2025-03-27 14:37:19 [main] DEBUG l.i.u.p.SubmittedApplicationsPage - Checking option: 'Bedarbiai, kurie yra darbingo amžiaus neįgalieji, kuriems nustatytas 30–40 procentų darbingumo lygis arba vidutinis neįgalumo lygis'
2025-03-27 14:37:19 [main] DEBUG l.i.u.p.SubmittedApplicationsPage - Checking option: 'Bedarbiai, kurie yra darbingo amžiaus neįgalieji, kuriems nustatytas 30–40 procentų darbingumo lygis arba vidutinis neįgalumo lygis'
2025-03-27 14:37:19 [main] DEBUG l.i.u.p.SubmittedApplicationsPage - Checking option: 'Bedarbiai, kurie yra darbingo amžiaus neįgalieji, kuriems nustatytas 45–55 procentų darbingumo lygis arba lengvas neįgalumo lygis'
2025-03-27 14:37:19 [main] DEBUG l.i.u.p.SubmittedApplicationsPage - Checking option: 'Bedarbiai, kurie yra darbingo amžiaus neįgalieji, kuriems nustatytas 45–55 procentų darbingumo lygis arba lengvas neįgalumo lygis'
2025-03-27 14:37:19 [main] DEBUG l.i.u.p.SubmittedApplicationsPage - Checking option: 'Bedarbiai, kurie yra darbingo amžiaus neįgalieji, kuriems nustatytas iki 25 procentų darbingumo lygis arba sunkus neįgalumo lygis'
2025-03-27 14:37:19 [main] INFO  l.i.u.p.SubmittedApplicationsPage - Successfully selected the value: 'Bedarbiai, kurie yra darbingo amžiaus neįgalieji, kuriems nustatytas iki 25 procentų darbingumo lygis arba sunkus neįgalumo lygis'
2025-03-27 14:37:19 [main] INFO  l.i.u.p.SubmittedApplicationsPage - Attempting to close the dropdown.
2025-03-27 14:37:20 [main] DEBUG l.i.u.t.SubmittedApplicationsPageTest - Selected disabilities type: 'Bedarbiai, kurie yra darbingo amžiaus neįgalieji, kuriems nustatytas iki 25 procentų darbingumo lygis arba sunkus neįgalumo lygis'.
2025-03-27 14:37:20 [main] DEBUG l.i.u.t.SubmittedApplicationsPageTest - Entered disability information: 'Negalia 1'.
2025-03-27 14:37:20 [main] INFO  l.i.u.p.SubmittedApplicationsPage - Located the dropdown button.
2025-03-27 14:37:21 [main] INFO  l.i.u.p.SubmittedApplicationsPage - Successfully selected the value: 'Kita'
2025-03-27 14:37:21 [main] DEBUG l.i.u.t.SubmittedApplicationsPageTest - Selected time mode: 'Kita'.
2025-03-27 14:37:21 [main] DEBUG l.i.u.t.SubmittedApplicationsPageTest - Selected time mode other: '6 val. per dieną ir 4 d. per savaitę'.
2025-03-27 14:37:21 [main] DEBUG l.i.u.t.SubmittedApplicationsPageTest - Entered qualification: 'Kvalifikacija 1'.
2025-03-27 14:37:21 [main] DEBUG l.i.u.t.SubmittedApplicationsPageTest - Entered job date.
2025-03-27 14:37:22 [main] DEBUG l.i.u.t.SubmittedApplicationsPageTest - Entered salary amount: '1200'.
2025-03-27 14:37:22 [main] DEBUG l.i.u.t.SubmittedApplicationsPageTest - Entered salary description: 'Užmokestis 1'.
2025-03-27 14:37:22 [main] DEBUG l.i.u.t.SubmittedApplicationsPageTest - Selected 'Temporary Job' radio button.
2025-03-27 14:37:22 [main] DEBUG l.i.u.t.SubmittedApplicationsPageTest - Selected 'Season Job' radio button.
2025-03-27 14:37:22 [main] DEBUG l.i.u.t.SubmittedApplicationsPageTest - Selected 'Energy' radio button.
2025-03-27 14:37:23 [main] DEBUG l.i.u.t.SubmittedApplicationsPageTest - Selected 'Repair' radio button.
2025-03-27 14:37:23 [main] DEBUG l.i.u.t.SubmittedApplicationsPageTest - Entered job description: 'Veikla 1'.
2025-03-27 14:37:23 [main] DEBUG l.i.u.t.SubmittedApplicationsPageTest - Entered process description: 'Procesas 1'.
2025-03-27 14:37:23 [main] DEBUG l.i.u.t.SubmittedApplicationsPageTest - Entered energy information: 'Energija 1'.
2025-03-27 14:37:24 [main] DEBUG l.i.u.t.SubmittedApplicationsPageTest - Entered repair information: 'Remontas 1'.
2025-03-27 14:37:24 [main] DEBUG l.i.u.t.SubmittedApplicationsPageTest - Selected 'PVM' radio button.
2025-03-27 14:37:24 [main] INFO  l.i.u.p.SubmittedApplicationsPage - Located the dropdown button.
2025-03-27 14:37:24 [main] INFO  l.i.u.p.SubmittedApplicationsPage - Successfully selected the value: 'Įsigyti'
2025-03-27 14:37:24 [main] DEBUG l.i.u.t.SubmittedApplicationsPageTest - Selected necessary for job: 'Įsigyti'.
2025-03-27 14:37:24 [main] DEBUG l.i.u.t.SubmittedApplicationsPageTest - Selected tool: 'Darbo priemonė 1'.
2025-03-27 14:37:25 [main] DEBUG l.i.u.t.SubmittedApplicationsPageTest - Selected tool parameter one: 'Darbo priemonės 1 parametras 1'.
2025-03-27 14:37:25 [main] DEBUG l.i.u.t.SubmittedApplicationsPageTest - Selected tool parameter two: 'Darbo priemonės 1 parametras 2'.
2025-03-27 14:37:25 [main] DEBUG l.i.u.t.SubmittedApplicationsPageTest - Selected tool parameter three: 'Darbo priemonės 1 parametras 3'.
2025-03-27 14:37:25 [main] DEBUG l.i.u.t.SubmittedApplicationsPageTest - Entered tool count: '1'.
2025-03-27 14:37:26 [main] DEBUG l.i.u.t.SubmittedApplicationsPageTest - Entered price amount 1: '1000'.
2025-03-27 14:37:28 [main] DEBUG l.i.u.t.SubmittedApplicationsPageTest - Entered own funds amount 1: '800'.
2025-03-27 14:37:30 [main] DEBUG l.i.u.t.SubmittedApplicationsPageTest - Clicked 'Add' button.
2025-03-27 14:37:30 [main] INFO  l.i.u.p.SubmittedApplicationsPage - Located the dropdown button.
2025-03-27 14:37:31 [main] INFO  l.i.u.p.SubmittedApplicationsPage - Successfully selected the value: 'Remontuoti'
2025-03-27 14:37:31 [main] DEBUG l.i.u.t.SubmittedApplicationsPageTest - Selected necessary for job 'to repair': 'Remontuoti'.
2025-03-27 14:37:31 [main] DEBUG l.i.u.t.SubmittedApplicationsPageTest - Selected repair name: 'Remonto pavadinimas 1'.
2025-03-27 14:37:31 [main] DEBUG l.i.u.t.SubmittedApplicationsPageTest - Entered repair information: 'Remonto aprašymas 1'.
2025-03-27 14:37:31 [main] DEBUG l.i.u.t.SubmittedApplicationsPageTest - Entered price amount 2: '1000'.
2025-03-27 14:37:33 [main] DEBUG l.i.u.t.SubmittedApplicationsPageTest - Entered own funds amount 2: '900'.
2025-03-27 14:37:36 [main] DEBUG l.i.u.t.SubmittedApplicationsPageTest - Entered own funds amount 1 again: '850'.
2025-03-27 14:37:36 [main] DEBUG l.i.u.t.SubmittedApplicationsPageTest - Entered own funds amount 2 again: '950'.
2025-03-27 14:37:36 [main] DEBUG l.i.u.t.SubmittedApplicationsPageTest - Entered country percentage: '50'.
2025-03-27 14:37:37 [main] DEBUG l.i.u.t.SubmittedApplicationsPageTest - Entered institution percentage: '50'.
2025-03-27 14:37:37 [main] DEBUG l.i.u.t.SubmittedApplicationsPageTest - Entered municipality percentage: '50'.
2025-03-27 14:37:37 [main] DEBUG l.i.u.t.SubmittedApplicationsPageTest - Selected 'De Minimis' radio button.
2025-03-27 14:37:37 [main] DEBUG l.i.u.t.SubmittedApplicationsPageTest - Entered program name: 'Programa 1'.
2025-03-27 14:37:37 [main] DEBUG l.i.u.t.SubmittedApplicationsPageTest - Entered project date from.
2025-03-27 14:37:37 [main] DEBUG l.i.u.t.SubmittedApplicationsPageTest - Entered project date until.
2025-03-27 14:37:37 [main] DEBUG l.i.u.t.SubmittedApplicationsPageTest - Entered support amount: '2000'.
2025-03-27 14:37:38 [main] DEBUG l.i.u.t.SubmittedApplicationsPageTest - Clicked 'Next' button.
2025-03-27 14:38:08 [main] ERROR l.i.u.t.SubmittedApplicationsPageTest - Test 'testFillNewVUIApplicationFA' failed with error: no such element: Unable to locate element: {"method":"xpath","selector":"(//div[contains(@class, 'mdc-checkbox')]//input[@type='checkbox'])[1]"}
  (Session info: chrome=134.0.6998.166)
For documentation on this error, please visit: https://www.selenium.dev/documentation/webdriver/troubleshooting/errors#no-such-element-exception
Build info: version: '4.27.0', revision: 'd6e718d134'
System info: os.name: 'Windows 11', os.arch: 'amd64', os.version: '10.0', java.version: '21.0.3'
Driver info: org.openqa.selenium.chrome.ChromeDriver
Command: [9328e13c0ad56f5ed9c26e5d320a8d27, findElement {value=(//div[contains(@class, 'mdc-checkbox')]//input[@type='checkbox'])[1], using=xpath}]
Capabilities {acceptInsecureCerts: false, browserName: chrome, browserVersion: 134.0.6998.166, chrome: {chromedriverVersion: 134.0.6998.165 (fd886e2cb29..., userDataDir: C:\Users\INGRID~1.ZAD\AppDa...}, fedcm:accounts: true, goog:chromeOptions: {debuggerAddress: localhost:64897}, networkConnectionEnabled: false, pageLoadStrategy: normal, platformName: windows, proxy: Proxy(), se:cdp: ws://localhost:64897/devtoo..., se:cdpVersion: 134.0.6998.166, setWindowRect: true, strictFileInteractability: false, timeouts: {implicit: 0, pageLoad: 300000, script: 30000}, unhandledPromptBehavior: dismiss and notify, webauthn:extension:credBlob: true, webauthn:extension:largeBlob: true, webauthn:extension:minPinLength: true, webauthn:extension:prf: true, webauthn:virtualAuthenticators: true}
Session ID: 9328e13c0ad56f5ed9c26e5d320a8d27
org.openqa.selenium.NoSuchElementException: no such element: Unable to locate element: {"method":"xpath","selector":"(//div[contains(@class, 'mdc-checkbox')]//input[@type='checkbox'])[1]"}
  (Session info: chrome=134.0.6998.166)
For documentation on this error, please visit: https://www.selenium.dev/documentation/webdriver/troubleshooting/errors#no-such-element-exception
Build info: version: '4.27.0', revision: 'd6e718d134'
System info: os.name: 'Windows 11', os.arch: 'amd64', os.version: '10.0', java.version: '21.0.3'
Driver info: org.openqa.selenium.chrome.ChromeDriver
Command: [9328e13c0ad56f5ed9c26e5d320a8d27, findElement {value=(//div[contains(@class, 'mdc-checkbox')]//input[@type='checkbox'])[1], using=xpath}]
Capabilities {acceptInsecureCerts: false, browserName: chrome, browserVersion: 134.0.6998.166, chrome: {chromedriverVersion: 134.0.6998.165 (fd886e2cb29..., userDataDir: C:\Users\INGRID~1.ZAD\AppDa...}, fedcm:accounts: true, goog:chromeOptions: {debuggerAddress: localhost:64897}, networkConnectionEnabled: false, pageLoadStrategy: normal, platformName: windows, proxy: Proxy(), se:cdp: ws://localhost:64897/devtoo..., se:cdpVersion: 134.0.6998.166, setWindowRect: true, strictFileInteractability: false, timeouts: {implicit: 0, pageLoad: 300000, script: 30000}, unhandledPromptBehavior: dismiss and notify, webauthn:extension:credBlob: true, webauthn:extension:largeBlob: true, webauthn:extension:minPinLength: true, webauthn:extension:prf: true, webauthn:virtualAuthenticators: true}
Session ID: 9328e13c0ad56f5ed9c26e5d320a8d27
	at java.base/jdk.internal.reflect.DirectConstructorHandleAccessor.newInstance(DirectConstructorHandleAccessor.java:62)
	at java.base/java.lang.reflect.Constructor.newInstanceWithCaller(Constructor.java:502)
	at java.base/java.lang.reflect.Constructor.newInstance(Constructor.java:486)
	at org.openqa.selenium.remote.ErrorCodec.decode(ErrorCodec.java:167)
	at org.openqa.selenium.remote.codec.w3c.W3CHttpResponseCodec.decode(W3CHttpResponseCodec.java:138)
	at org.openqa.selenium.remote.codec.w3c.W3CHttpResponseCodec.decode(W3CHttpResponseCodec.java:50)
	at org.openqa.selenium.remote.HttpCommandExecutor.execute(HttpCommandExecutor.java:190)
	at org.openqa.selenium.remote.service.DriverCommandExecutor.invokeExecute(DriverCommandExecutor.java:216)
	at org.openqa.selenium.remote.service.DriverCommandExecutor.execute(DriverCommandExecutor.java:174)
	at org.openqa.selenium.remote.RemoteWebDriver.execute(RemoteWebDriver.java:545)
	at org.openqa.selenium.remote.ElementLocation$ElementFinder$2.findElement(ElementLocation.java:165)
	at org.openqa.selenium.remote.ElementLocation.findElement(ElementLocation.java:59)
	at org.openqa.selenium.remote.RemoteWebDriver.findElement(RemoteWebDriver.java:368)
	at org.openqa.selenium.remote.RemoteWebDriver.findElement(RemoteWebDriver.java:362)
	at org.openqa.selenium.support.pagefactory.DefaultElementLocator.findElement(DefaultElementLocator.java:68)
	at org.openqa.selenium.support.pagefactory.internal.LocatingElementHandler.invoke(LocatingElementHandler.java:38)
	at jdk.proxy2/jdk.proxy2.$Proxy14.getWrappedElement(Unknown Source)
	at org.openqa.selenium.remote.WebElementToJsonConverter.apply(WebElementToJsonConverter.java:48)
	at java.base/java.util.stream.ReferencePipeline$3$1.accept(ReferencePipeline.java:197)
	at java.base/java.util.Spliterators$ArraySpliterator.forEachRemaining(Spliterators.java:1024)
	at java.base/java.util.stream.AbstractPipeline.copyInto(AbstractPipeline.java:509)
	at java.base/java.util.stream.AbstractPipeline.wrapAndCopyInto(AbstractPipeline.java:499)
	at java.base/java.util.stream.ReduceOps$ReduceOp.evaluateSequential(ReduceOps.java:921)
	at java.base/java.util.stream.AbstractPipeline.evaluate(AbstractPipeline.java:234)
	at java.base/java.util.stream.ReferencePipeline.collect(ReferencePipeline.java:682)
	at org.openqa.selenium.remote.RemoteWebDriver.executeScript(RemoteWebDriver.java:474)
	at lt.insoft.uztis.pages.SubmittedApplicationsPage$CheckboxHelper.clickWithJavaScript(SubmittedApplicationsPage.java:1739)
	at lt.insoft.uztis.pages.SubmittedApplicationsPage$CheckboxHelper.setConfirmationCheckbox(SubmittedApplicationsPage.java:1728)
	at lt.insoft.uztis.tests.SubmittedApplicationsPageTest.testFillNewVUIApplicationFA(SubmittedApplicationsPageTest.java:474)
	at java.base/jdk.internal.reflect.DirectMethodHandleAccessor.invoke(DirectMethodHandleAccessor.java:103)
	at java.base/java.lang.reflect.Method.invoke(Method.java:580)
	at org.junit.platform.commons.util.ReflectionUtils.invokeMethod(ReflectionUtils.java:728)
	at org.junit.jupiter.engine.execution.MethodInvocation.proceed(MethodInvocation.java:60)
	at org.junit.jupiter.engine.execution.InvocationInterceptorChain$ValidatingInvocation.proceed(InvocationInterceptorChain.java:131)
	at org.junit.jupiter.engine.extension.TimeoutExtension.intercept(TimeoutExtension.java:156)
	at org.junit.jupiter.engine.extension.TimeoutExtension.interceptTestableMethod(TimeoutExtension.java:147)
	at org.junit.jupiter.engine.extension.TimeoutExtension.interceptTestMethod(TimeoutExtension.java:86)
	at org.junit.jupiter.engine.execution.InterceptingExecutableInvoker$ReflectiveInterceptorCall.lambda$ofVoidMethod$0(InterceptingExecutableInvoker.java:103)
	at org.junit.jupiter.engine.execution.InterceptingExecutableInvoker.lambda$invoke$0(InterceptingExecutableInvoker.java:93)
	at org.junit.jupiter.engine.execution.InvocationInterceptorChain$InterceptedInvocation.proceed(InvocationInterceptorChain.java:106)
	at org.junit.jupiter.engine.execution.InvocationInterceptorChain.proceed(InvocationInterceptorChain.java:64)
	at org.junit.jupiter.engine.execution.InvocationInterceptorChain.chainAndInvoke(InvocationInterceptorChain.java:45)
	at org.junit.jupiter.engine.execution.InvocationInterceptorChain.invoke(InvocationInterceptorChain.java:37)
	at org.junit.jupiter.engine.execution.InterceptingExecutableInvoker.invoke(InterceptingExecutableInvoker.java:92)
	at org.junit.jupiter.engine.execution.InterceptingExecutableInvoker.invoke(InterceptingExecutableInvoker.java:86)
	at org.junit.jupiter.engine.descriptor.TestMethodTestDescriptor.lambda$invokeTestMethod$7(TestMethodTestDescriptor.java:218)
	at org.junit.platform.engine.support.hierarchical.ThrowableCollector.execute(ThrowableCollector.java:73)
	at org.junit.jupiter.engine.descriptor.TestMethodTestDescriptor.invokeTestMethod(TestMethodTestDescriptor.java:214)
	at org.junit.jupiter.engine.descriptor.TestMethodTestDescriptor.execute(TestMethodTestDescriptor.java:139)
	at org.junit.jupiter.engine.descriptor.TestMethodTestDescriptor.execute(TestMethodTestDescriptor.java:69)
	at org.junit.platform.engine.support.hierarchical.NodeTestTask.lambda$executeRecursively$6(NodeTestTask.java:151)
	at org.junit.platform.engine.support.hierarchical.ThrowableCollector.execute(ThrowableCollector.java:73)
	at org.junit.platform.engine.support.hierarchical.NodeTestTask.lambda$executeRecursively$8(NodeTestTask.java:141)
	at org.junit.platform.engine.support.hierarchical.Node.around(Node.java:137)
	at org.junit.platform.engine.support.hierarchical.NodeTestTask.lambda$executeRecursively$9(NodeTestTask.java:139)
	at org.junit.platform.engine.support.hierarchical.ThrowableCollector.execute(ThrowableCollector.java:73)
	at org.junit.platform.engine.support.hierarchical.NodeTestTask.executeRecursively(NodeTestTask.java:138)
	at org.junit.platform.engine.support.hierarchical.NodeTestTask.execute(NodeTestTask.java:95)
	at java.base/java.util.ArrayList.forEach(ArrayList.java:1596)
	at org.junit.platform.engine.support.hierarchical.SameThreadHierarchicalTestExecutorService.invokeAll(SameThreadHierarchicalTestExecutorService.java:41)
	at org.junit.platform.engine.support.hierarchical.NodeTestTask.lambda$executeRecursively$6(NodeTestTask.java:155)
	at org.junit.platform.engine.support.hierarchical.ThrowableCollector.execute(ThrowableCollector.java:73)
	at org.junit.platform.engine.support.hierarchical.NodeTestTask.lambda$executeRecursively$8(NodeTestTask.java:141)
	at org.junit.platform.engine.support.hierarchical.Node.around(Node.java:137)
	at org.junit.platform.engine.support.hierarchical.NodeTestTask.lambda$executeRecursively$9(NodeTestTask.java:139)
	at org.junit.platform.engine.support.hierarchical.ThrowableCollector.execute(ThrowableCollector.java:73)
	at org.junit.platform.engine.support.hierarchical.NodeTestTask.executeRecursively(NodeTestTask.java:138)
	at org.junit.platform.engine.support.hierarchical.NodeTestTask.execute(NodeTestTask.java:95)
	at java.base/java.util.ArrayList.forEach(ArrayList.java:1596)
	at org.junit.platform.engine.support.hierarchical.SameThreadHierarchicalTestExecutorService.invokeAll(SameThreadHierarchicalTestExecutorService.java:41)
	at org.junit.platform.engine.support.hierarchical.NodeTestTask.lambda$executeRecursively$6(NodeTestTask.java:155)
	at org.junit.platform.engine.support.hierarchical.ThrowableCollector.execute(ThrowableCollector.java:73)
	at org.junit.platform.engine.support.hierarchical.NodeTestTask.lambda$executeRecursively$8(NodeTestTask.java:141)
	at org.junit.platform.engine.support.hierarchical.Node.around(Node.java:137)
	at org.junit.platform.engine.support.hierarchical.NodeTestTask.lambda$executeRecursively$9(NodeTestTask.java:139)
	at org.junit.platform.engine.support.hierarchical.ThrowableCollector.execute(ThrowableCollector.java:73)
	at org.junit.platform.engine.support.hierarchical.NodeTestTask.executeRecursively(NodeTestTask.java:138)
	at org.junit.platform.engine.support.hierarchical.NodeTestTask.execute(NodeTestTask.java:95)
	at org.junit.platform.engine.support.hierarchical.SameThreadHierarchicalTestExecutorService.submit(SameThreadHierarchicalTestExecutorService.java:35)
	at org.junit.platform.engine.support.hierarchical.HierarchicalTestExecutor.execute(HierarchicalTestExecutor.java:57)
	at org.junit.platform.engine.support.hierarchical.HierarchicalTestEngine.execute(HierarchicalTestEngine.java:54)
	at org.junit.platform.launcher.core.EngineExecutionOrchestrator.execute(EngineExecutionOrchestrator.java:198)
	at org.junit.platform.launcher.core.EngineExecutionOrchestrator.execute(EngineExecutionOrchestrator.java:169)
	at org.junit.platform.launcher.core.EngineExecutionOrchestrator.execute(EngineExecutionOrchestrator.java:93)
	at org.junit.platform.launcher.core.EngineExecutionOrchestrator.lambda$execute$0(EngineExecutionOrchestrator.java:58)
	at org.junit.platform.launcher.core.EngineExecutionOrchestrator.withInterceptedStreams(EngineExecutionOrchestrator.java:141)
	at org.junit.platform.launcher.core.EngineExecutionOrchestrator.execute(EngineExecutionOrchestrator.java:57)
	at org.junit.platform.launcher.core.DefaultLauncher.execute(DefaultLauncher.java:103)
	at org.junit.platform.launcher.core.DefaultLauncher.execute(DefaultLauncher.java:85)
	at org.junit.platform.launcher.core.DelegatingLauncher.execute(DelegatingLauncher.java:47)
	at org.junit.platform.launcher.core.SessionPerRequestLauncher.execute(SessionPerRequestLauncher.java:63)
	at com.intellij.junit5.JUnit5IdeaTestRunner.startRunnerWithArgs(JUnit5IdeaTestRunner.java:57)
	at com.intellij.rt.junit.IdeaTestRunner$Repeater$1.execute(IdeaTestRunner.java:38)
	at com.intellij.rt.execution.junit.TestsRepeater.repeat(TestsRepeater.java:11)
	at com.intellij.rt.junit.IdeaTestRunner$Repeater.startRunnerWithArgs(IdeaTestRunner.java:35)
	at com.intellij.rt.junit.JUnitStarter.prepareStreamsAndStart(JUnitStarter.java:232)
	at com.intellij.rt.junit.JUnitStarter.main(JUnitStarter.java:55)
2025-03-27 14:38:08 [main] INFO  l.insoft.uztis.tests.utils.TestUtils - Screenshot moved to C:\Users\ingrida.zadorozniene\Desktop\Asm\UZTIS\UZTIS_tests\test-output\screenshots\20250327\143808409_testFillNewVUIApplicationFA().png
2025-03-27 14:39:23 [main] INFO  lt.insoft.uztis.tests.UztisPageTest - Navigated to https://uztisdev.asseco.lt/home
2025-03-27 14:39:23 [main] INFO  l.i.u.t.SubmittedApplicationsPageTest - Starting test:'testFillNewVUIPApplicationFA'
2025-03-27 14:39:23 [main] DEBUG l.i.u.t.SubmittedApplicationsPageTest - User logged in with test credentials.
2025-03-27 14:39:24 [main] DEBUG l.i.u.t.SubmittedApplicationsPageTest - Opened 'Application Processing' menu.
2025-03-27 14:39:24 [main] DEBUG l.i.u.t.SubmittedApplicationsPageTest - Clicked on 'Application Forms' menu.
2025-03-27 14:39:25 [main] DEBUG l.i.u.t.SubmittedApplicationsPageTest - Retrieved last description code text: 'TST-VUI-75'.
2025-03-27 14:39:25 [main] DEBUG l.i.u.t.SubmittedApplicationsPageTest - Clicked on 'Invitation' menu.
2025-03-27 14:39:26 [main] DEBUG l.i.u.t.SubmittedApplicationsPageTest - Selected application section by code: 'TST-VUI-75'.
2025-03-27 14:39:26 [main] DEBUG l.i.u.t.SubmittedApplicationsPageTest - Clicked 'Search' button.
2025-03-27 14:39:26 [main] DEBUG l.i.u.t.SubmittedApplicationsPageTest - Retrieved invitation code: ''.
2025-03-27 14:39:26 [main] DEBUG l.i.u.t.SubmittedApplicationsPageTest - Clicked on 'Submitted Applications' menu.
2025-03-27 14:39:28 [main] DEBUG l.i.u.t.SubmittedApplicationsPageTest - Selected invitation by code: 'TST-VUI-75'.
2025-03-27 14:39:28 [main] DEBUG l.i.u.t.SubmittedApplicationsPageTest - Invitation code inserted.
2025-03-27 14:39:28 [main] DEBUG l.i.u.t.SubmittedApplicationsPageTest - Clicked on 'Action Application' button.
2025-03-27 14:39:28 [main] DEBUG l.i.u.t.SubmittedApplicationsPageTest - Clicked on 'New Application' button.
2025-03-27 14:39:29 [main] DEBUG l.i.u.t.SubmittedApplicationsPageTest - Selected the 'RadioButtonFA' option.
2025-03-27 14:39:29 [main] DEBUG l.i.u.t.SubmittedApplicationsPageTest - Entered phone number: '61298745'.
2025-03-27 14:39:29 [main] DEBUG l.i.u.t.SubmittedApplicationsPageTest - Entered email: 'test@autotest.com'.
2025-03-27 14:39:29 [main] INFO  l.i.u.p.SubmittedApplicationsPage - Clicking on the dropdown button.
2025-03-27 14:39:48 [main] INFO  l.i.u.p.SubmittedApplicationsPage - Found 1741 options in the dropdown.
2025-03-27 14:39:48 [main] DEBUG l.i.u.p.SubmittedApplicationsPage - Checking option: ''
2025-03-27 14:39:48 [main] DEBUG l.i.u.p.SubmittedApplicationsPage - Checking option: '01.11 - Grūdinių (išskyrus ryžius), ankštinių ir aliejingų sėklų augalų auginimas'
2025-03-27 14:39:48 [main] INFO  l.i.u.p.SubmittedApplicationsPage - Successfully selected the value: '01.11 - Grūdinių (išskyrus ryžius), ankštinių ir aliejingų sėklų augalų auginimas'
2025-03-27 14:39:48 [main] INFO  l.i.u.p.SubmittedApplicationsPage - Attempting to close the dropdown.
2025-03-27 14:39:48 [main] DEBUG l.i.u.t.SubmittedApplicationsPageTest - Selected EVRK value: '01.11 - Grūdinių (išskyrus ryžius), ankštinių ir aliejingų sėklų augalų auginimas'.
2025-03-27 14:39:49 [main] DEBUG l.i.u.t.SubmittedApplicationsPageTest - Clicked on 'Address Component' button.
2025-03-27 14:39:49 [main] INFO  l.i.u.p.SubmittedApplicationsPage - Located the dropdown button.
2025-03-27 14:39:53 [main] INFO  l.i.u.p.SubmittedApplicationsPage - Successfully selected the value: 'Lietuva'
2025-03-27 14:39:53 [main] DEBUG l.i.u.t.SubmittedApplicationsPageTest - Selected country: 'Lietuva'.
2025-03-27 14:39:53 [main] INFO  l.i.u.p.SubmittedApplicationsPage - Located the dropdown search field.
2025-03-27 14:39:53 [main] INFO  l.i.u.p.SubmittedApplicationsPage - Dropdown city is opened.
2025-03-27 14:39:53 [main] INFO  l.i.u.p.SubmittedApplicationsPage - Searched for value: 'Vilnius'
2025-03-27 14:39:54 [main] INFO  l.i.u.p.SubmittedApplicationsPage - Successfully selected: 'Vilnius'
2025-03-27 14:39:54 [main] INFO  l.i.u.p.SubmittedApplicationsPage - Located the dropdown button.
2025-03-27 14:39:55 [main] INFO  l.i.u.p.SubmittedApplicationsPage - Successfully selected the value: 'A. Domaševičiaus g.'
2025-03-27 14:39:55 [main] DEBUG l.i.u.t.SubmittedApplicationsPageTest - Selected street: 'A. Domaševičiaus g.'.
2025-03-27 14:39:55 [main] INFO  l.i.u.p.SubmittedApplicationsPage - Located the dropdown button.
2025-03-27 14:39:56 [main] INFO  l.i.u.p.SubmittedApplicationsPage - Successfully selected the value: '1'
2025-03-27 14:39:56 [main] DEBUG l.i.u.t.SubmittedApplicationsPageTest - Selected house: '1'.
2025-03-27 14:39:56 [main] INFO  l.i.u.p.SubmittedApplicationsPage - Located the dropdown button.
2025-03-27 14:39:56 [main] INFO  l.i.u.p.SubmittedApplicationsPage - Successfully selected the value: '1'
2025-03-27 14:39:56 [main] DEBUG l.i.u.t.SubmittedApplicationsPageTest - Selected apartment: '1'.
2025-03-27 14:39:56 [main] DEBUG l.i.u.t.SubmittedApplicationsPageTest - Clicked 'Confirm' button.
2025-03-27 14:39:57 [main] DEBUG l.i.u.t.SubmittedApplicationsPageTest - Entered project date.
2025-03-27 14:39:57 [main] DEBUG l.i.u.t.SubmittedApplicationsPageTest - Entered job count: '1'.
2025-03-27 14:39:57 [main] DEBUG l.i.u.t.SubmittedApplicationsPageTest - Clicked 'Next' button.
2025-03-27 14:39:57 [main] INFO  l.i.u.p.SubmittedApplicationsPage - Located the dropdown button.
2025-03-27 14:39:58 [main] INFO  l.i.u.p.SubmittedApplicationsPage - Successfully selected the value: 'Administratoriai'
2025-03-27 14:39:58 [main] DEBUG l.i.u.t.SubmittedApplicationsPageTest - Selected job name: 'Administratoriai'.
2025-03-27 14:39:58 [main] DEBUG l.i.u.t.SubmittedApplicationsPageTest - Entered job function: 'Funkcija 1'.
2025-03-27 14:39:58 [main] DEBUG l.i.u.t.SubmittedApplicationsPageTest - Selected 'RadioButtonWithDisabilities' option.
2025-03-27 14:39:58 [main] INFO  l.i.u.p.SubmittedApplicationsPage - Clicking on the dropdown button.
2025-03-27 14:39:59 [main] INFO  l.i.u.p.SubmittedApplicationsPage - Found 34 options in the dropdown.
2025-03-27 14:39:59 [main] DEBUG l.i.u.p.SubmittedApplicationsPage - Checking option: 'Asmenys, kuriems suteiktas pabėgėlio statusas ar perkeliamojo asmens statusas, arba asmenys, kuriems suteikta papildoma ar laikinoji apsauga, ir asmenys, turintys teisę gauti laikinąją apsaugą, iki sprendimo dėl laikinosios apsaugos suteikimo (nesuteikimo) priėmimo, tačiau ne ilgiau kaip laikinosios apsaugos laikotarpiu'
2025-03-27 14:39:59 [main] DEBUG l.i.u.p.SubmittedApplicationsPage - Checking option: 'Asmenys, kuriems suteiktas pabėgėlio statusas ar perkeliamojo asmens statusas, arba asmenys, kuriems suteikta papildoma ar laikinoji apsauga, ir asmenys, turintys teisę gauti laikinąją apsaugą, iki sprendimo dėl laikinosios apsaugos suteikimo (nesuteikimo) priėmimo, tačiau ne ilgiau kaip laikinosios apsaugos laikotarpiu'
2025-03-27 14:39:59 [main] DEBUG l.i.u.p.SubmittedApplicationsPage - Checking option: 'Asmenys, turintys teisę į papildomas užimtumo garantijas pagal Lietuvos Respublikos valstybės įmonės Ignalinos atominės elektrinės darbuotojų papildomų užimtumo ir socialinių garantijų įstatymą'
2025-03-27 14:39:59 [main] DEBUG l.i.u.p.SubmittedApplicationsPage - Checking option: 'Asmenys, turintys teisę į papildomas užimtumo garantijas pagal Lietuvos Respublikos valstybės įmonės Ignalinos atominės elektrinės darbuotojų papildomų užimtumo ir socialinių garantijų įstatymą'
2025-03-27 14:39:59 [main] DEBUG l.i.u.p.SubmittedApplicationsPage - Checking option: 'Bedarbiai iki 29 metų'
2025-03-27 14:39:59 [main] DEBUG l.i.u.p.SubmittedApplicationsPage - Checking option: 'Bedarbiai iki 29 metų'
2025-03-27 14:39:59 [main] DEBUG l.i.u.p.SubmittedApplicationsPage - Checking option: 'Bedarbiai, kurie yra darbingo amžiaus neįgalieji, kuriems nustatytas 30–40 procentų darbingumo lygis arba vidutinis neįgalumo lygis'
2025-03-27 14:39:59 [main] DEBUG l.i.u.p.SubmittedApplicationsPage - Checking option: 'Bedarbiai, kurie yra darbingo amžiaus neįgalieji, kuriems nustatytas 30–40 procentų darbingumo lygis arba vidutinis neįgalumo lygis'
2025-03-27 14:39:59 [main] DEBUG l.i.u.p.SubmittedApplicationsPage - Checking option: 'Bedarbiai, kurie yra darbingo amžiaus neįgalieji, kuriems nustatytas 45–55 procentų darbingumo lygis arba lengvas neįgalumo lygis'
2025-03-27 14:39:59 [main] DEBUG l.i.u.p.SubmittedApplicationsPage - Checking option: 'Bedarbiai, kurie yra darbingo amžiaus neįgalieji, kuriems nustatytas 45–55 procentų darbingumo lygis arba lengvas neįgalumo lygis'
2025-03-27 14:39:59 [main] DEBUG l.i.u.p.SubmittedApplicationsPage - Checking option: 'Bedarbiai, kurie yra darbingo amžiaus neįgalieji, kuriems nustatytas iki 25 procentų darbingumo lygis arba sunkus neįgalumo lygis'
2025-03-27 14:39:59 [main] INFO  l.i.u.p.SubmittedApplicationsPage - Successfully selected the value: 'Bedarbiai, kurie yra darbingo amžiaus neįgalieji, kuriems nustatytas iki 25 procentų darbingumo lygis arba sunkus neįgalumo lygis'
2025-03-27 14:39:59 [main] INFO  l.i.u.p.SubmittedApplicationsPage - Attempting to close the dropdown.
2025-03-27 14:40:00 [main] DEBUG l.i.u.t.SubmittedApplicationsPageTest - Selected disabilities type: 'Bedarbiai, kurie yra darbingo amžiaus neįgalieji, kuriems nustatytas iki 25 procentų darbingumo lygis arba sunkus neįgalumo lygis'.
2025-03-27 14:40:00 [main] DEBUG l.i.u.t.SubmittedApplicationsPageTest - Entered disability information: 'Negalia 1'.
2025-03-27 14:40:00 [main] INFO  l.i.u.p.SubmittedApplicationsPage - Located the dropdown button.
2025-03-27 14:40:01 [main] INFO  l.i.u.p.SubmittedApplicationsPage - Successfully selected the value: 'Kita'
2025-03-27 14:40:01 [main] DEBUG l.i.u.t.SubmittedApplicationsPageTest - Selected time mode: 'Kita'.
2025-03-27 14:40:01 [main] DEBUG l.i.u.t.SubmittedApplicationsPageTest - Selected time mode other: '6 val. per dieną ir 4 d. per savaitę'.
2025-03-27 14:40:02 [main] DEBUG l.i.u.t.SubmittedApplicationsPageTest - Entered qualification: 'Kvalifikacija 1'.
2025-03-27 14:40:02 [main] DEBUG l.i.u.t.SubmittedApplicationsPageTest - Entered job date.
2025-03-27 14:40:02 [main] DEBUG l.i.u.t.SubmittedApplicationsPageTest - Entered salary amount: '1200'.
2025-03-27 14:40:02 [main] DEBUG l.i.u.t.SubmittedApplicationsPageTest - Entered salary description: 'Užmokestis 1'.
2025-03-27 14:40:02 [main] DEBUG l.i.u.t.SubmittedApplicationsPageTest - Selected 'Temporary Job' radio button.
2025-03-27 14:40:03 [main] DEBUG l.i.u.t.SubmittedApplicationsPageTest - Selected 'Season Job' radio button.
2025-03-27 14:40:03 [main] DEBUG l.i.u.t.SubmittedApplicationsPageTest - Selected 'Energy' radio button.
2025-03-27 14:40:03 [main] DEBUG l.i.u.t.SubmittedApplicationsPageTest - Selected 'Repair' radio button.
2025-03-27 14:40:03 [main] DEBUG l.i.u.t.SubmittedApplicationsPageTest - Entered job description: 'Veikla 1'.
2025-03-27 14:40:03 [main] DEBUG l.i.u.t.SubmittedApplicationsPageTest - Entered process description: 'Procesas 1'.
2025-03-27 14:40:04 [main] DEBUG l.i.u.t.SubmittedApplicationsPageTest - Entered energy information: 'Energija 1'.
2025-03-27 14:40:04 [main] DEBUG l.i.u.t.SubmittedApplicationsPageTest - Entered repair information: 'Remontas 1'.
2025-03-27 14:40:04 [main] DEBUG l.i.u.t.SubmittedApplicationsPageTest - Selected 'PVM' radio button.
2025-03-27 14:40:04 [main] INFO  l.i.u.p.SubmittedApplicationsPage - Located the dropdown button.
2025-03-27 14:40:05 [main] INFO  l.i.u.p.SubmittedApplicationsPage - Successfully selected the value: 'Įsigyti'
2025-03-27 14:40:05 [main] DEBUG l.i.u.t.SubmittedApplicationsPageTest - Selected necessary for job: 'Įsigyti'.
2025-03-27 14:40:05 [main] DEBUG l.i.u.t.SubmittedApplicationsPageTest - Selected tool: 'Darbo priemonė 1'.
2025-03-27 14:40:05 [main] DEBUG l.i.u.t.SubmittedApplicationsPageTest - Selected tool parameter one: 'Darbo priemonės 1 parametras 1'.
2025-03-27 14:40:05 [main] DEBUG l.i.u.t.SubmittedApplicationsPageTest - Selected tool parameter two: 'Darbo priemonės 1 parametras 2'.
2025-03-27 14:40:06 [main] DEBUG l.i.u.t.SubmittedApplicationsPageTest - Selected tool parameter three: 'Darbo priemonės 1 parametras 3'.
2025-03-27 14:40:06 [main] DEBUG l.i.u.t.SubmittedApplicationsPageTest - Entered tool count: '1'.
2025-03-27 14:40:06 [main] DEBUG l.i.u.t.SubmittedApplicationsPageTest - Entered price amount 1: '1000'.
2025-03-27 14:40:08 [main] DEBUG l.i.u.t.SubmittedApplicationsPageTest - Entered own funds amount 1: '800'.
2025-03-27 14:40:11 [main] DEBUG l.i.u.t.SubmittedApplicationsPageTest - Clicked 'Add' button.
2025-03-27 14:40:11 [main] INFO  l.i.u.p.SubmittedApplicationsPage - Located the dropdown button.
2025-03-27 14:40:11 [main] INFO  l.i.u.p.SubmittedApplicationsPage - Successfully selected the value: 'Remontuoti'
2025-03-27 14:40:11 [main] DEBUG l.i.u.t.SubmittedApplicationsPageTest - Selected necessary for job 'to repair': 'Remontuoti'.
2025-03-27 14:40:11 [main] DEBUG l.i.u.t.SubmittedApplicationsPageTest - Selected repair name: 'Remonto pavadinimas 1'.
2025-03-27 14:40:12 [main] DEBUG l.i.u.t.SubmittedApplicationsPageTest - Entered repair information: 'Remonto aprašymas 1'.
2025-03-27 14:40:12 [main] DEBUG l.i.u.t.SubmittedApplicationsPageTest - Entered price amount 2: '1000'.
2025-03-27 14:40:14 [main] DEBUG l.i.u.t.SubmittedApplicationsPageTest - Entered own funds amount 2: '900'.
2025-03-27 14:40:16 [main] DEBUG l.i.u.t.SubmittedApplicationsPageTest - Entered own funds amount 1 again: '850'.
2025-03-27 14:40:17 [main] DEBUG l.i.u.t.SubmittedApplicationsPageTest - Entered own funds amount 2 again: '950'.
2025-03-27 14:40:17 [main] DEBUG l.i.u.t.SubmittedApplicationsPageTest - Entered country percentage: '50'.
2025-03-27 14:40:17 [main] DEBUG l.i.u.t.SubmittedApplicationsPageTest - Entered institution percentage: '50'.
2025-03-27 14:40:17 [main] DEBUG l.i.u.t.SubmittedApplicationsPageTest - Entered municipality percentage: '50'.
2025-03-27 14:40:17 [main] DEBUG l.i.u.t.SubmittedApplicationsPageTest - Selected 'De Minimis' radio button.
2025-03-27 14:40:17 [main] DEBUG l.i.u.t.SubmittedApplicationsPageTest - Entered program name: 'Programa 1'.
2025-03-27 14:40:18 [main] DEBUG l.i.u.t.SubmittedApplicationsPageTest - Entered project date from.
2025-03-27 14:40:18 [main] DEBUG l.i.u.t.SubmittedApplicationsPageTest - Entered project date until.
2025-03-27 14:40:18 [main] DEBUG l.i.u.t.SubmittedApplicationsPageTest - Entered support amount: '2000'.
2025-03-27 14:40:18 [main] DEBUG l.i.u.t.SubmittedApplicationsPageTest - Clicked 'Next' button.
2025-03-27 14:40:48 [main] ERROR l.i.u.t.SubmittedApplicationsPageTest - Test 'testFillNewVUIApplicationFA' failed with error: no such element: Unable to locate element: {"method":"xpath","selector":"(//div[contains(@class, 'mdc-checkbox')]//input[@type='checkbox'])[1]"}
  (Session info: chrome=134.0.6998.166)
For documentation on this error, please visit: https://www.selenium.dev/documentation/webdriver/troubleshooting/errors#no-such-element-exception
Build info: version: '4.27.0', revision: 'd6e718d134'
System info: os.name: 'Windows 11', os.arch: 'amd64', os.version: '10.0', java.version: '21.0.3'
Driver info: org.openqa.selenium.chrome.ChromeDriver
Command: [e55b5365dcd27951d171fae216fd57f0, findElement {using=xpath, value=(//div[contains(@class, 'mdc-checkbox')]//input[@type='checkbox'])[1]}]
Capabilities {acceptInsecureCerts: false, browserName: chrome, browserVersion: 134.0.6998.166, chrome: {chromedriverVersion: 134.0.6998.165 (fd886e2cb29..., userDataDir: C:\Users\INGRID~1.ZAD\AppDa...}, fedcm:accounts: true, goog:chromeOptions: {debuggerAddress: localhost:65005}, networkConnectionEnabled: false, pageLoadStrategy: normal, platformName: windows, proxy: Proxy(), se:cdp: ws://localhost:65005/devtoo..., se:cdpVersion: 134.0.6998.166, setWindowRect: true, strictFileInteractability: false, timeouts: {implicit: 0, pageLoad: 300000, script: 30000}, unhandledPromptBehavior: dismiss and notify, webauthn:extension:credBlob: true, webauthn:extension:largeBlob: true, webauthn:extension:minPinLength: true, webauthn:extension:prf: true, webauthn:virtualAuthenticators: true}
Session ID: e55b5365dcd27951d171fae216fd57f0
org.openqa.selenium.NoSuchElementException: no such element: Unable to locate element: {"method":"xpath","selector":"(//div[contains(@class, 'mdc-checkbox')]//input[@type='checkbox'])[1]"}
  (Session info: chrome=134.0.6998.166)
For documentation on this error, please visit: https://www.selenium.dev/documentation/webdriver/troubleshooting/errors#no-such-element-exception
Build info: version: '4.27.0', revision: 'd6e718d134'
System info: os.name: 'Windows 11', os.arch: 'amd64', os.version: '10.0', java.version: '21.0.3'
Driver info: org.openqa.selenium.chrome.ChromeDriver
Command: [e55b5365dcd27951d171fae216fd57f0, findElement {using=xpath, value=(//div[contains(@class, 'mdc-checkbox')]//input[@type='checkbox'])[1]}]
Capabilities {acceptInsecureCerts: false, browserName: chrome, browserVersion: 134.0.6998.166, chrome: {chromedriverVersion: 134.0.6998.165 (fd886e2cb29..., userDataDir: C:\Users\INGRID~1.ZAD\AppDa...}, fedcm:accounts: true, goog:chromeOptions: {debuggerAddress: localhost:65005}, networkConnectionEnabled: false, pageLoadStrategy: normal, platformName: windows, proxy: Proxy(), se:cdp: ws://localhost:65005/devtoo..., se:cdpVersion: 134.0.6998.166, setWindowRect: true, strictFileInteractability: false, timeouts: {implicit: 0, pageLoad: 300000, script: 30000}, unhandledPromptBehavior: dismiss and notify, webauthn:extension:credBlob: true, webauthn:extension:largeBlob: true, webauthn:extension:minPinLength: true, webauthn:extension:prf: true, webauthn:virtualAuthenticators: true}
Session ID: e55b5365dcd27951d171fae216fd57f0
	at java.base/jdk.internal.reflect.DirectConstructorHandleAccessor.newInstance(DirectConstructorHandleAccessor.java:62)
	at java.base/java.lang.reflect.Constructor.newInstanceWithCaller(Constructor.java:502)
	at java.base/java.lang.reflect.Constructor.newInstance(Constructor.java:486)
	at org.openqa.selenium.remote.ErrorCodec.decode(ErrorCodec.java:167)
	at org.openqa.selenium.remote.codec.w3c.W3CHttpResponseCodec.decode(W3CHttpResponseCodec.java:138)
	at org.openqa.selenium.remote.codec.w3c.W3CHttpResponseCodec.decode(W3CHttpResponseCodec.java:50)
	at org.openqa.selenium.remote.HttpCommandExecutor.execute(HttpCommandExecutor.java:190)
	at org.openqa.selenium.remote.service.DriverCommandExecutor.invokeExecute(DriverCommandExecutor.java:216)
	at org.openqa.selenium.remote.service.DriverCommandExecutor.execute(DriverCommandExecutor.java:174)
	at org.openqa.selenium.remote.RemoteWebDriver.execute(RemoteWebDriver.java:545)
	at org.openqa.selenium.remote.ElementLocation$ElementFinder$2.findElement(ElementLocation.java:165)
	at org.openqa.selenium.remote.ElementLocation.findElement(ElementLocation.java:59)
	at org.openqa.selenium.remote.RemoteWebDriver.findElement(RemoteWebDriver.java:368)
	at org.openqa.selenium.remote.RemoteWebDriver.findElement(RemoteWebDriver.java:362)
	at org.openqa.selenium.support.pagefactory.DefaultElementLocator.findElement(DefaultElementLocator.java:68)
	at org.openqa.selenium.support.pagefactory.internal.LocatingElementHandler.invoke(LocatingElementHandler.java:38)
	at jdk.proxy2/jdk.proxy2.$Proxy14.getWrappedElement(Unknown Source)
	at org.openqa.selenium.remote.WebElementToJsonConverter.apply(WebElementToJsonConverter.java:48)
	at java.base/java.util.stream.ReferencePipeline$3$1.accept(ReferencePipeline.java:197)
	at java.base/java.util.Spliterators$ArraySpliterator.forEachRemaining(Spliterators.java:1024)
	at java.base/java.util.stream.AbstractPipeline.copyInto(AbstractPipeline.java:509)
	at java.base/java.util.stream.AbstractPipeline.wrapAndCopyInto(AbstractPipeline.java:499)
	at java.base/java.util.stream.ReduceOps$ReduceOp.evaluateSequential(ReduceOps.java:921)
	at java.base/java.util.stream.AbstractPipeline.evaluate(AbstractPipeline.java:234)
	at java.base/java.util.stream.ReferencePipeline.collect(ReferencePipeline.java:682)
	at org.openqa.selenium.remote.RemoteWebDriver.executeScript(RemoteWebDriver.java:474)
	at lt.insoft.uztis.pages.SubmittedApplicationsPage$CheckboxHelper.clickWithJavaScript(SubmittedApplicationsPage.java:1739)
	at lt.insoft.uztis.pages.SubmittedApplicationsPage$CheckboxHelper.setConfirmationCheckbox(SubmittedApplicationsPage.java:1728)
	at lt.insoft.uztis.tests.SubmittedApplicationsPageTest.testFillNewVUIApplicationFA(SubmittedApplicationsPageTest.java:474)
	at java.base/jdk.internal.reflect.DirectMethodHandleAccessor.invoke(DirectMethodHandleAccessor.java:103)
	at java.base/java.lang.reflect.Method.invoke(Method.java:580)
	at org.junit.platform.commons.util.ReflectionUtils.invokeMethod(ReflectionUtils.java:728)
	at org.junit.jupiter.engine.execution.MethodInvocation.proceed(MethodInvocation.java:60)
	at org.junit.jupiter.engine.execution.InvocationInterceptorChain$ValidatingInvocation.proceed(InvocationInterceptorChain.java:131)
	at org.junit.jupiter.engine.extension.TimeoutExtension.intercept(TimeoutExtension.java:156)
	at org.junit.jupiter.engine.extension.TimeoutExtension.interceptTestableMethod(TimeoutExtension.java:147)
	at org.junit.jupiter.engine.extension.TimeoutExtension.interceptTestMethod(TimeoutExtension.java:86)
	at org.junit.jupiter.engine.execution.InterceptingExecutableInvoker$ReflectiveInterceptorCall.lambda$ofVoidMethod$0(InterceptingExecutableInvoker.java:103)
	at org.junit.jupiter.engine.execution.InterceptingExecutableInvoker.lambda$invoke$0(InterceptingExecutableInvoker.java:93)
	at org.junit.jupiter.engine.execution.InvocationInterceptorChain$InterceptedInvocation.proceed(InvocationInterceptorChain.java:106)
	at org.junit.jupiter.engine.execution.InvocationInterceptorChain.proceed(InvocationInterceptorChain.java:64)
	at org.junit.jupiter.engine.execution.InvocationInterceptorChain.chainAndInvoke(InvocationInterceptorChain.java:45)
	at org.junit.jupiter.engine.execution.InvocationInterceptorChain.invoke(InvocationInterceptorChain.java:37)
	at org.junit.jupiter.engine.execution.InterceptingExecutableInvoker.invoke(InterceptingExecutableInvoker.java:92)
	at org.junit.jupiter.engine.execution.InterceptingExecutableInvoker.invoke(InterceptingExecutableInvoker.java:86)
	at org.junit.jupiter.engine.descriptor.TestMethodTestDescriptor.lambda$invokeTestMethod$7(TestMethodTestDescriptor.java:218)
	at org.junit.platform.engine.support.hierarchical.ThrowableCollector.execute(ThrowableCollector.java:73)
	at org.junit.jupiter.engine.descriptor.TestMethodTestDescriptor.invokeTestMethod(TestMethodTestDescriptor.java:214)
	at org.junit.jupiter.engine.descriptor.TestMethodTestDescriptor.execute(TestMethodTestDescriptor.java:139)
	at org.junit.jupiter.engine.descriptor.TestMethodTestDescriptor.execute(TestMethodTestDescriptor.java:69)
	at org.junit.platform.engine.support.hierarchical.NodeTestTask.lambda$executeRecursively$6(NodeTestTask.java:151)
	at org.junit.platform.engine.support.hierarchical.ThrowableCollector.execute(ThrowableCollector.java:73)
	at org.junit.platform.engine.support.hierarchical.NodeTestTask.lambda$executeRecursively$8(NodeTestTask.java:141)
	at org.junit.platform.engine.support.hierarchical.Node.around(Node.java:137)
	at org.junit.platform.engine.support.hierarchical.NodeTestTask.lambda$executeRecursively$9(NodeTestTask.java:139)
	at org.junit.platform.engine.support.hierarchical.ThrowableCollector.execute(ThrowableCollector.java:73)
	at org.junit.platform.engine.support.hierarchical.NodeTestTask.executeRecursively(NodeTestTask.java:138)
	at org.junit.platform.engine.support.hierarchical.NodeTestTask.execute(NodeTestTask.java:95)
	at java.base/java.util.ArrayList.forEach(ArrayList.java:1596)
	at org.junit.platform.engine.support.hierarchical.SameThreadHierarchicalTestExecutorService.invokeAll(SameThreadHierarchicalTestExecutorService.java:41)
	at org.junit.platform.engine.support.hierarchical.NodeTestTask.lambda$executeRecursively$6(NodeTestTask.java:155)
	at org.junit.platform.engine.support.hierarchical.ThrowableCollector.execute(ThrowableCollector.java:73)
	at org.junit.platform.engine.support.hierarchical.NodeTestTask.lambda$executeRecursively$8(NodeTestTask.java:141)
	at org.junit.platform.engine.support.hierarchical.Node.around(Node.java:137)
	at org.junit.platform.engine.support.hierarchical.NodeTestTask.lambda$executeRecursively$9(NodeTestTask.java:139)
	at org.junit.platform.engine.support.hierarchical.ThrowableCollector.execute(ThrowableCollector.java:73)
	at org.junit.platform.engine.support.hierarchical.NodeTestTask.executeRecursively(NodeTestTask.java:138)
	at org.junit.platform.engine.support.hierarchical.NodeTestTask.execute(NodeTestTask.java:95)
	at java.base/java.util.ArrayList.forEach(ArrayList.java:1596)
	at org.junit.platform.engine.support.hierarchical.SameThreadHierarchicalTestExecutorService.invokeAll(SameThreadHierarchicalTestExecutorService.java:41)
	at org.junit.platform.engine.support.hierarchical.NodeTestTask.lambda$executeRecursively$6(NodeTestTask.java:155)
	at org.junit.platform.engine.support.hierarchical.ThrowableCollector.execute(ThrowableCollector.java:73)
	at org.junit.platform.engine.support.hierarchical.NodeTestTask.lambda$executeRecursively$8(NodeTestTask.java:141)
	at org.junit.platform.engine.support.hierarchical.Node.around(Node.java:137)
	at org.junit.platform.engine.support.hierarchical.NodeTestTask.lambda$executeRecursively$9(NodeTestTask.java:139)
	at org.junit.platform.engine.support.hierarchical.ThrowableCollector.execute(ThrowableCollector.java:73)
	at org.junit.platform.engine.support.hierarchical.NodeTestTask.executeRecursively(NodeTestTask.java:138)
	at org.junit.platform.engine.support.hierarchical.NodeTestTask.execute(NodeTestTask.java:95)
	at org.junit.platform.engine.support.hierarchical.SameThreadHierarchicalTestExecutorService.submit(SameThreadHierarchicalTestExecutorService.java:35)
	at org.junit.platform.engine.support.hierarchical.HierarchicalTestExecutor.execute(HierarchicalTestExecutor.java:57)
	at org.junit.platform.engine.support.hierarchical.HierarchicalTestEngine.execute(HierarchicalTestEngine.java:54)
	at org.junit.platform.launcher.core.EngineExecutionOrchestrator.execute(EngineExecutionOrchestrator.java:198)
	at org.junit.platform.launcher.core.EngineExecutionOrchestrator.execute(EngineExecutionOrchestrator.java:169)
	at org.junit.platform.launcher.core.EngineExecutionOrchestrator.execute(EngineExecutionOrchestrator.java:93)
	at org.junit.platform.launcher.core.EngineExecutionOrchestrator.lambda$execute$0(EngineExecutionOrchestrator.java:58)
	at org.junit.platform.launcher.core.EngineExecutionOrchestrator.withInterceptedStreams(EngineExecutionOrchestrator.java:141)
	at org.junit.platform.launcher.core.EngineExecutionOrchestrator.execute(EngineExecutionOrchestrator.java:57)
	at org.junit.platform.launcher.core.DefaultLauncher.execute(DefaultLauncher.java:103)
	at org.junit.platform.launcher.core.DefaultLauncher.execute(DefaultLauncher.java:85)
	at org.junit.platform.launcher.core.DelegatingLauncher.execute(DelegatingLauncher.java:47)
	at org.junit.platform.launcher.core.SessionPerRequestLauncher.execute(SessionPerRequestLauncher.java:63)
	at com.intellij.junit5.JUnit5IdeaTestRunner.startRunnerWithArgs(JUnit5IdeaTestRunner.java:57)
	at com.intellij.rt.junit.IdeaTestRunner$Repeater$1.execute(IdeaTestRunner.java:38)
	at com.intellij.rt.execution.junit.TestsRepeater.repeat(TestsRepeater.java:11)
	at com.intellij.rt.junit.IdeaTestRunner$Repeater.startRunnerWithArgs(IdeaTestRunner.java:35)
	at com.intellij.rt.junit.JUnitStarter.prepareStreamsAndStart(JUnitStarter.java:232)
	at com.intellij.rt.junit.JUnitStarter.main(JUnitStarter.java:55)
2025-03-27 14:40:48 [main] INFO  l.insoft.uztis.tests.utils.TestUtils - Screenshot moved to C:\Users\ingrida.zadorozniene\Desktop\Asm\UZTIS\UZTIS_tests\test-output\screenshots\20250327\144048714_testFillNewVUIApplicationFA().png
2025-03-27 14:41:50 [main] INFO  lt.insoft.uztis.tests.UztisPageTest - Navigated to https://uztisdev.asseco.lt/home
2025-03-27 14:41:50 [main] INFO  l.i.u.t.SubmittedApplicationsPageTest - Starting test:'testFillNewVUIPApplicationFA'
2025-03-27 14:41:50 [main] DEBUG l.i.u.t.SubmittedApplicationsPageTest - User logged in with test credentials.
2025-03-27 14:41:51 [main] DEBUG l.i.u.t.SubmittedApplicationsPageTest - Opened 'Application Processing' menu.
2025-03-27 14:41:51 [main] DEBUG l.i.u.t.SubmittedApplicationsPageTest - Clicked on 'Application Forms' menu.
2025-03-27 14:41:52 [main] DEBUG l.i.u.t.SubmittedApplicationsPageTest - Retrieved last description code text: 'TST-VUI-75'.
2025-03-27 14:41:52 [main] DEBUG l.i.u.t.SubmittedApplicationsPageTest - Clicked on 'Invitation' menu.
2025-03-27 14:41:53 [main] DEBUG l.i.u.t.SubmittedApplicationsPageTest - Selected application section by code: 'TST-VUI-75'.
2025-03-27 14:41:53 [main] DEBUG l.i.u.t.SubmittedApplicationsPageTest - Clicked 'Search' button.
2025-03-27 14:41:53 [main] DEBUG l.i.u.t.SubmittedApplicationsPageTest - Retrieved invitation code: ''.
2025-03-27 14:41:53 [main] DEBUG l.i.u.t.SubmittedApplicationsPageTest - Clicked on 'Submitted Applications' menu.
2025-03-27 14:41:55 [main] DEBUG l.i.u.t.SubmittedApplicationsPageTest - Selected invitation by code: 'TST-VUI-75'.
2025-03-27 14:41:55 [main] DEBUG l.i.u.t.SubmittedApplicationsPageTest - Invitation code inserted.
2025-03-27 14:41:55 [main] DEBUG l.i.u.t.SubmittedApplicationsPageTest - Clicked on 'Action Application' button.
2025-03-27 14:41:56 [main] DEBUG l.i.u.t.SubmittedApplicationsPageTest - Clicked on 'New Application' button.
2025-03-27 14:41:56 [main] DEBUG l.i.u.t.SubmittedApplicationsPageTest - Selected the 'RadioButtonFA' option.
2025-03-27 14:41:56 [main] DEBUG l.i.u.t.SubmittedApplicationsPageTest - Entered phone number: '61298745'.
2025-03-27 14:41:56 [main] DEBUG l.i.u.t.SubmittedApplicationsPageTest - Entered email: 'test@autotest.com'.
2025-03-27 14:41:56 [main] INFO  l.i.u.p.SubmittedApplicationsPage - Clicking on the dropdown button.
2025-03-27 14:42:14 [main] INFO  l.i.u.p.SubmittedApplicationsPage - Found 1741 options in the dropdown.
2025-03-27 14:42:14 [main] DEBUG l.i.u.p.SubmittedApplicationsPage - Checking option: ''
2025-03-27 14:42:14 [main] DEBUG l.i.u.p.SubmittedApplicationsPage - Checking option: '01.11 - Grūdinių (išskyrus ryžius), ankštinių ir aliejingų sėklų augalų auginimas'
2025-03-27 14:42:14 [main] INFO  l.i.u.p.SubmittedApplicationsPage - Successfully selected the value: '01.11 - Grūdinių (išskyrus ryžius), ankštinių ir aliejingų sėklų augalų auginimas'
2025-03-27 14:42:14 [main] INFO  l.i.u.p.SubmittedApplicationsPage - Attempting to close the dropdown.
2025-03-27 14:42:15 [main] DEBUG l.i.u.t.SubmittedApplicationsPageTest - Selected EVRK value: '01.11 - Grūdinių (išskyrus ryžius), ankštinių ir aliejingų sėklų augalų auginimas'.
2025-03-27 14:42:15 [main] DEBUG l.i.u.t.SubmittedApplicationsPageTest - Clicked on 'Address Component' button.
2025-03-27 14:42:15 [main] INFO  l.i.u.p.SubmittedApplicationsPage - Located the dropdown button.
2025-03-27 14:42:19 [main] INFO  l.i.u.p.SubmittedApplicationsPage - Successfully selected the value: 'Lietuva'
2025-03-27 14:42:19 [main] DEBUG l.i.u.t.SubmittedApplicationsPageTest - Selected country: 'Lietuva'.
2025-03-27 14:42:19 [main] INFO  l.i.u.p.SubmittedApplicationsPage - Located the dropdown search field.
2025-03-27 14:42:19 [main] INFO  l.i.u.p.SubmittedApplicationsPage - Dropdown city is opened.
2025-03-27 14:42:19 [main] INFO  l.i.u.p.SubmittedApplicationsPage - Searched for value: 'Vilnius'
2025-03-27 14:42:20 [main] INFO  l.i.u.p.SubmittedApplicationsPage - Successfully selected: 'Vilnius'
2025-03-27 14:42:20 [main] INFO  l.i.u.p.SubmittedApplicationsPage - Located the dropdown button.
2025-03-27 14:42:21 [main] INFO  l.i.u.p.SubmittedApplicationsPage - Successfully selected the value: 'A. Domaševičiaus g.'
2025-03-27 14:42:21 [main] DEBUG l.i.u.t.SubmittedApplicationsPageTest - Selected street: 'A. Domaševičiaus g.'.
2025-03-27 14:42:21 [main] INFO  l.i.u.p.SubmittedApplicationsPage - Located the dropdown button.
2025-03-27 14:42:21 [main] INFO  l.i.u.p.SubmittedApplicationsPage - Successfully selected the value: '1'
2025-03-27 14:42:21 [main] DEBUG l.i.u.t.SubmittedApplicationsPageTest - Selected house: '1'.
2025-03-27 14:42:21 [main] INFO  l.i.u.p.SubmittedApplicationsPage - Located the dropdown button.
2025-03-27 14:42:22 [main] INFO  l.i.u.p.SubmittedApplicationsPage - Successfully selected the value: '1'
2025-03-27 14:42:22 [main] DEBUG l.i.u.t.SubmittedApplicationsPageTest - Selected apartment: '1'.
2025-03-27 14:42:22 [main] DEBUG l.i.u.t.SubmittedApplicationsPageTest - Clicked 'Confirm' button.
2025-03-27 14:42:22 [main] DEBUG l.i.u.t.SubmittedApplicationsPageTest - Entered project date.
2025-03-27 14:42:22 [main] DEBUG l.i.u.t.SubmittedApplicationsPageTest - Entered job count: '1'.
2025-03-27 14:42:23 [main] DEBUG l.i.u.t.SubmittedApplicationsPageTest - Clicked 'Next' button.
2025-03-27 14:42:23 [main] INFO  l.i.u.p.SubmittedApplicationsPage - Located the dropdown button.
2025-03-27 14:42:23 [main] INFO  l.i.u.p.SubmittedApplicationsPage - Successfully selected the value: 'Administratoriai'
2025-03-27 14:42:23 [main] DEBUG l.i.u.t.SubmittedApplicationsPageTest - Selected job name: 'Administratoriai'.
2025-03-27 14:42:24 [main] DEBUG l.i.u.t.SubmittedApplicationsPageTest - Entered job function: 'Funkcija 1'.
2025-03-27 14:42:24 [main] DEBUG l.i.u.t.SubmittedApplicationsPageTest - Selected 'RadioButtonWithDisabilities' option.
2025-03-27 14:42:24 [main] INFO  l.i.u.p.SubmittedApplicationsPage - Clicking on the dropdown button.
2025-03-27 14:42:24 [main] INFO  l.i.u.p.SubmittedApplicationsPage - Found 34 options in the dropdown.
2025-03-27 14:42:24 [main] DEBUG l.i.u.p.SubmittedApplicationsPage - Checking option: 'Asmenys, kuriems suteiktas pabėgėlio statusas ar perkeliamojo asmens statusas, arba asmenys, kuriems suteikta papildoma ar laikinoji apsauga, ir asmenys, turintys teisę gauti laikinąją apsaugą, iki sprendimo dėl laikinosios apsaugos suteikimo (nesuteikimo) priėmimo, tačiau ne ilgiau kaip laikinosios apsaugos laikotarpiu'
2025-03-27 14:42:24 [main] DEBUG l.i.u.p.SubmittedApplicationsPage - Checking option: 'Asmenys, kuriems suteiktas pabėgėlio statusas ar perkeliamojo asmens statusas, arba asmenys, kuriems suteikta papildoma ar laikinoji apsauga, ir asmenys, turintys teisę gauti laikinąją apsaugą, iki sprendimo dėl laikinosios apsaugos suteikimo (nesuteikimo) priėmimo, tačiau ne ilgiau kaip laikinosios apsaugos laikotarpiu'
2025-03-27 14:42:25 [main] DEBUG l.i.u.p.SubmittedApplicationsPage - Checking option: 'Asmenys, turintys teisę į papildomas užimtumo garantijas pagal Lietuvos Respublikos valstybės įmonės Ignalinos atominės elektrinės darbuotojų papildomų užimtumo ir socialinių garantijų įstatymą'
2025-03-27 14:42:25 [main] DEBUG l.i.u.p.SubmittedApplicationsPage - Checking option: 'Asmenys, turintys teisę į papildomas užimtumo garantijas pagal Lietuvos Respublikos valstybės įmonės Ignalinos atominės elektrinės darbuotojų papildomų užimtumo ir socialinių garantijų įstatymą'
2025-03-27 14:42:25 [main] DEBUG l.i.u.p.SubmittedApplicationsPage - Checking option: 'Bedarbiai iki 29 metų'
2025-03-27 14:42:25 [main] DEBUG l.i.u.p.SubmittedApplicationsPage - Checking option: 'Bedarbiai iki 29 metų'
2025-03-27 14:42:25 [main] DEBUG l.i.u.p.SubmittedApplicationsPage - Checking option: 'Bedarbiai, kurie yra darbingo amžiaus neįgalieji, kuriems nustatytas 30–40 procentų darbingumo lygis arba vidutinis neįgalumo lygis'
2025-03-27 14:42:25 [main] DEBUG l.i.u.p.SubmittedApplicationsPage - Checking option: 'Bedarbiai, kurie yra darbingo amžiaus neįgalieji, kuriems nustatytas 30–40 procentų darbingumo lygis arba vidutinis neįgalumo lygis'
2025-03-27 14:42:25 [main] DEBUG l.i.u.p.SubmittedApplicationsPage - Checking option: 'Bedarbiai, kurie yra darbingo amžiaus neįgalieji, kuriems nustatytas 45–55 procentų darbingumo lygis arba lengvas neįgalumo lygis'
2025-03-27 14:42:25 [main] DEBUG l.i.u.p.SubmittedApplicationsPage - Checking option: 'Bedarbiai, kurie yra darbingo amžiaus neįgalieji, kuriems nustatytas 45–55 procentų darbingumo lygis arba lengvas neįgalumo lygis'
2025-03-27 14:42:25 [main] DEBUG l.i.u.p.SubmittedApplicationsPage - Checking option: 'Bedarbiai, kurie yra darbingo amžiaus neįgalieji, kuriems nustatytas iki 25 procentų darbingumo lygis arba sunkus neįgalumo lygis'
2025-03-27 14:42:25 [main] INFO  l.i.u.p.SubmittedApplicationsPage - Successfully selected the value: 'Bedarbiai, kurie yra darbingo amžiaus neįgalieji, kuriems nustatytas iki 25 procentų darbingumo lygis arba sunkus neįgalumo lygis'
2025-03-27 14:42:25 [main] INFO  l.i.u.p.SubmittedApplicationsPage - Attempting to close the dropdown.
2025-03-27 14:42:25 [main] DEBUG l.i.u.t.SubmittedApplicationsPageTest - Selected disabilities type: 'Bedarbiai, kurie yra darbingo amžiaus neįgalieji, kuriems nustatytas iki 25 procentų darbingumo lygis arba sunkus neįgalumo lygis'.
2025-03-27 14:42:26 [main] DEBUG l.i.u.t.SubmittedApplicationsPageTest - Entered disability information: 'Negalia 1'.
2025-03-27 14:42:26 [main] INFO  l.i.u.p.SubmittedApplicationsPage - Located the dropdown button.
2025-03-27 14:42:26 [main] INFO  l.i.u.p.SubmittedApplicationsPage - Successfully selected the value: 'Kita'
2025-03-27 14:42:26 [main] DEBUG l.i.u.t.SubmittedApplicationsPageTest - Selected time mode: 'Kita'.
2025-03-27 14:42:26 [main] DEBUG l.i.u.t.SubmittedApplicationsPageTest - Selected time mode other: '6 val. per dieną ir 4 d. per savaitę'.
2025-03-27 14:42:27 [main] DEBUG l.i.u.t.SubmittedApplicationsPageTest - Entered qualification: 'Kvalifikacija 1'.
2025-03-27 14:42:27 [main] DEBUG l.i.u.t.SubmittedApplicationsPageTest - Entered job date.
2025-03-27 14:42:27 [main] DEBUG l.i.u.t.SubmittedApplicationsPageTest - Entered salary amount: '1200'.
2025-03-27 14:42:27 [main] DEBUG l.i.u.t.SubmittedApplicationsPageTest - Entered salary description: 'Užmokestis 1'.
2025-03-27 14:42:27 [main] DEBUG l.i.u.t.SubmittedApplicationsPageTest - Selected 'Temporary Job' radio button.
2025-03-27 14:42:28 [main] DEBUG l.i.u.t.SubmittedApplicationsPageTest - Selected 'Season Job' radio button.
2025-03-27 14:42:28 [main] DEBUG l.i.u.t.SubmittedApplicationsPageTest - Selected 'Energy' radio button.
2025-03-27 14:42:28 [main] DEBUG l.i.u.t.SubmittedApplicationsPageTest - Selected 'Repair' radio button.
2025-03-27 14:42:28 [main] DEBUG l.i.u.t.SubmittedApplicationsPageTest - Entered job description: 'Veikla 1'.
2025-03-27 14:42:28 [main] DEBUG l.i.u.t.SubmittedApplicationsPageTest - Entered process description: 'Procesas 1'.
2025-03-27 14:42:29 [main] DEBUG l.i.u.t.SubmittedApplicationsPageTest - Entered energy information: 'Energija 1'.
2025-03-27 14:42:29 [main] DEBUG l.i.u.t.SubmittedApplicationsPageTest - Entered repair information: 'Remontas 1'.
2025-03-27 14:42:29 [main] DEBUG l.i.u.t.SubmittedApplicationsPageTest - Selected 'PVM' radio button.
2025-03-27 14:42:29 [main] INFO  l.i.u.p.SubmittedApplicationsPage - Located the dropdown button.
2025-03-27 14:42:30 [main] INFO  l.i.u.p.SubmittedApplicationsPage - Successfully selected the value: 'Įsigyti'
2025-03-27 14:42:30 [main] DEBUG l.i.u.t.SubmittedApplicationsPageTest - Selected necessary for job: 'Įsigyti'.
2025-03-27 14:42:30 [main] DEBUG l.i.u.t.SubmittedApplicationsPageTest - Selected tool: 'Darbo priemonė 1'.
2025-03-27 14:42:31 [main] DEBUG l.i.u.t.SubmittedApplicationsPageTest - Selected tool parameter one: 'Darbo priemonės 1 parametras 1'.
2025-03-27 14:42:31 [main] DEBUG l.i.u.t.SubmittedApplicationsPageTest - Selected tool parameter two: 'Darbo priemonės 1 parametras 2'.
2025-03-27 14:42:31 [main] DEBUG l.i.u.t.SubmittedApplicationsPageTest - Selected tool parameter three: 'Darbo priemonės 1 parametras 3'.
2025-03-27 14:42:31 [main] DEBUG l.i.u.t.SubmittedApplicationsPageTest - Entered tool count: '1'.
2025-03-27 14:42:31 [main] DEBUG l.i.u.t.SubmittedApplicationsPageTest - Entered price amount 1: '1000'.
2025-03-27 14:42:34 [main] DEBUG l.i.u.t.SubmittedApplicationsPageTest - Entered own funds amount 1: '800'.
2025-03-27 14:42:36 [main] DEBUG l.i.u.t.SubmittedApplicationsPageTest - Clicked 'Add' button.
2025-03-27 14:42:36 [main] INFO  l.i.u.p.SubmittedApplicationsPage - Located the dropdown button.
2025-03-27 14:42:36 [main] INFO  l.i.u.p.SubmittedApplicationsPage - Successfully selected the value: 'Remontuoti'
2025-03-27 14:42:36 [main] DEBUG l.i.u.t.SubmittedApplicationsPageTest - Selected necessary for job 'to repair': 'Remontuoti'.
2025-03-27 14:42:37 [main] DEBUG l.i.u.t.SubmittedApplicationsPageTest - Selected repair name: 'Remonto pavadinimas 1'.
2025-03-27 14:42:37 [main] DEBUG l.i.u.t.SubmittedApplicationsPageTest - Entered repair information: 'Remonto aprašymas 1'.
2025-03-27 14:42:37 [main] DEBUG l.i.u.t.SubmittedApplicationsPageTest - Entered price amount 2: '1000'.
2025-03-27 14:42:39 [main] DEBUG l.i.u.t.SubmittedApplicationsPageTest - Entered own funds amount 2: '900'.
2025-03-27 14:42:42 [main] DEBUG l.i.u.t.SubmittedApplicationsPageTest - Entered own funds amount 1 again: ''.
2025-03-27 14:42:42 [main] DEBUG l.i.u.t.SubmittedApplicationsPageTest - Entered own funds amount 2 again: ''.
2025-03-27 14:42:42 [main] DEBUG l.i.u.t.SubmittedApplicationsPageTest - Entered country percentage: '50'.
2025-03-27 14:42:42 [main] DEBUG l.i.u.t.SubmittedApplicationsPageTest - Entered institution percentage: '50'.
2025-03-27 14:42:42 [main] DEBUG l.i.u.t.SubmittedApplicationsPageTest - Entered municipality percentage: '50'.
2025-03-27 14:42:42 [main] DEBUG l.i.u.t.SubmittedApplicationsPageTest - Selected 'De Minimis' radio button.
2025-03-27 14:42:42 [main] DEBUG l.i.u.t.SubmittedApplicationsPageTest - Entered program name: 'Programa 1'.
2025-03-27 14:42:43 [main] DEBUG l.i.u.t.SubmittedApplicationsPageTest - Entered project date from.
2025-03-27 14:42:43 [main] DEBUG l.i.u.t.SubmittedApplicationsPageTest - Entered project date until.
2025-03-27 14:42:43 [main] DEBUG l.i.u.t.SubmittedApplicationsPageTest - Entered support amount: '2000'.
2025-03-27 14:42:43 [main] DEBUG l.i.u.t.SubmittedApplicationsPageTest - Clicked 'Next' button.
2025-03-27 14:48:21 [main] INFO  lt.insoft.uztis.tests.UztisPageTest - Navigated to https://uztisdev.asseco.lt/home
2025-03-27 14:48:21 [main] INFO  l.i.u.t.SubmittedApplicationsPageTest - Starting test:'testFillNewVUIPApplicationFA'
2025-03-27 14:48:21 [main] DEBUG l.i.u.t.SubmittedApplicationsPageTest - User logged in with test credentials.
2025-03-27 14:48:22 [main] DEBUG l.i.u.t.SubmittedApplicationsPageTest - Opened 'Application Processing' menu.
2025-03-27 14:48:22 [main] DEBUG l.i.u.t.SubmittedApplicationsPageTest - Clicked on 'Application Forms' menu.
2025-03-27 14:48:23 [main] DEBUG l.i.u.t.SubmittedApplicationsPageTest - Retrieved last description code text: 'TST-VUI-75'.
2025-03-27 14:48:23 [main] DEBUG l.i.u.t.SubmittedApplicationsPageTest - Clicked on 'Invitation' menu.
2025-03-27 14:48:24 [main] DEBUG l.i.u.t.SubmittedApplicationsPageTest - Selected application section by code: 'TST-VUI-75'.
2025-03-27 14:48:25 [main] DEBUG l.i.u.t.SubmittedApplicationsPageTest - Clicked 'Search' button.
2025-03-27 14:48:25 [main] DEBUG l.i.u.t.SubmittedApplicationsPageTest - Retrieved invitation code: ''.
2025-03-27 14:48:25 [main] DEBUG l.i.u.t.SubmittedApplicationsPageTest - Clicked on 'Submitted Applications' menu.
2025-03-27 14:48:26 [main] DEBUG l.i.u.t.SubmittedApplicationsPageTest - Selected invitation by code: 'TST-VUI-75'.
2025-03-27 14:48:26 [main] DEBUG l.i.u.t.SubmittedApplicationsPageTest - Invitation code inserted.
2025-03-27 14:48:26 [main] DEBUG l.i.u.t.SubmittedApplicationsPageTest - Clicked on 'Action Application' button.
2025-03-27 14:48:27 [main] DEBUG l.i.u.t.SubmittedApplicationsPageTest - Clicked on 'New Application' button.
2025-03-27 14:48:27 [main] DEBUG l.i.u.t.SubmittedApplicationsPageTest - Selected the 'RadioButtonFA' option.
2025-03-27 14:48:27 [main] DEBUG l.i.u.t.SubmittedApplicationsPageTest - Entered phone number: '61298745'.
2025-03-27 14:48:27 [main] DEBUG l.i.u.t.SubmittedApplicationsPageTest - Entered email: 'test@autotest.com'.
2025-03-27 14:48:27 [main] INFO  l.i.u.p.SubmittedApplicationsPage - Clicking on the dropdown button.
2025-03-27 14:48:44 [main] INFO  l.i.u.p.SubmittedApplicationsPage - Found 1741 options in the dropdown.
2025-03-27 14:48:44 [main] DEBUG l.i.u.p.SubmittedApplicationsPage - Checking option: ''
2025-03-27 14:48:44 [main] DEBUG l.i.u.p.SubmittedApplicationsPage - Checking option: '01.11 - Grūdinių (išskyrus ryžius), ankštinių ir aliejingų sėklų augalų auginimas'
2025-03-27 14:48:44 [main] INFO  l.i.u.p.SubmittedApplicationsPage - Successfully selected the value: '01.11 - Grūdinių (išskyrus ryžius), ankštinių ir aliejingų sėklų augalų auginimas'
2025-03-27 14:48:44 [main] INFO  l.i.u.p.SubmittedApplicationsPage - Attempting to close the dropdown.
2025-03-27 14:48:45 [main] DEBUG l.i.u.t.SubmittedApplicationsPageTest - Selected EVRK value: '01.11 - Grūdinių (išskyrus ryžius), ankštinių ir aliejingų sėklų augalų auginimas'.
2025-03-27 14:48:45 [main] DEBUG l.i.u.t.SubmittedApplicationsPageTest - Clicked on 'Address Component' button.
2025-03-27 14:48:45 [main] INFO  l.i.u.p.SubmittedApplicationsPage - Located the dropdown button.
2025-03-27 14:48:48 [main] INFO  l.i.u.p.SubmittedApplicationsPage - Successfully selected the value: 'Lietuva'
2025-03-27 14:48:48 [main] DEBUG l.i.u.t.SubmittedApplicationsPageTest - Selected country: 'Lietuva'.
2025-03-27 14:48:48 [main] INFO  l.i.u.p.SubmittedApplicationsPage - Located the dropdown search field.
2025-03-27 14:48:49 [main] INFO  l.i.u.p.SubmittedApplicationsPage - Dropdown city is opened.
2025-03-27 14:48:49 [main] INFO  l.i.u.p.SubmittedApplicationsPage - Searched for value: 'Vilnius'
2025-03-27 14:48:50 [main] INFO  l.i.u.p.SubmittedApplicationsPage - Successfully selected: 'Vilnius'
2025-03-27 14:48:50 [main] INFO  l.i.u.p.SubmittedApplicationsPage - Located the dropdown button.
2025-03-27 14:48:51 [main] INFO  l.i.u.p.SubmittedApplicationsPage - Successfully selected the value: 'A. Domaševičiaus g.'
2025-03-27 14:48:51 [main] DEBUG l.i.u.t.SubmittedApplicationsPageTest - Selected street: 'A. Domaševičiaus g.'.
2025-03-27 14:48:51 [main] INFO  l.i.u.p.SubmittedApplicationsPage - Located the dropdown button.
2025-03-27 14:48:51 [main] INFO  l.i.u.p.SubmittedApplicationsPage - Successfully selected the value: '1'
2025-03-27 14:48:51 [main] DEBUG l.i.u.t.SubmittedApplicationsPageTest - Selected house: '1'.
2025-03-27 14:48:51 [main] INFO  l.i.u.p.SubmittedApplicationsPage - Located the dropdown button.
2025-03-27 14:48:52 [main] INFO  l.i.u.p.SubmittedApplicationsPage - Successfully selected the value: '1'
2025-03-27 14:48:52 [main] DEBUG l.i.u.t.SubmittedApplicationsPageTest - Selected apartment: '1'.
2025-03-27 14:48:52 [main] DEBUG l.i.u.t.SubmittedApplicationsPageTest - Clicked 'Confirm' button.
2025-03-27 14:48:52 [main] DEBUG l.i.u.t.SubmittedApplicationsPageTest - Entered project date.
2025-03-27 14:48:52 [main] DEBUG l.i.u.t.SubmittedApplicationsPageTest - Entered job count: '1'.
2025-03-27 14:48:52 [main] DEBUG l.i.u.t.SubmittedApplicationsPageTest - Clicked 'Next' button.
2025-03-27 14:48:52 [main] INFO  l.i.u.p.SubmittedApplicationsPage - Located the dropdown button.
2025-03-27 14:48:54 [main] INFO  l.i.u.p.SubmittedApplicationsPage - Successfully selected the value: 'Administratoriai'
2025-03-27 14:48:54 [main] DEBUG l.i.u.t.SubmittedApplicationsPageTest - Selected job name: 'Administratoriai'.
2025-03-27 14:48:54 [main] DEBUG l.i.u.t.SubmittedApplicationsPageTest - Entered job function: 'Funkcija 1'.
2025-03-27 14:48:54 [main] DEBUG l.i.u.t.SubmittedApplicationsPageTest - Selected 'RadioButtonWithDisabilities' option.
2025-03-27 14:48:54 [main] INFO  l.i.u.p.SubmittedApplicationsPage - Clicking on the dropdown button.
2025-03-27 14:48:55 [main] INFO  l.i.u.p.SubmittedApplicationsPage - Found 34 options in the dropdown.
2025-03-27 14:48:55 [main] DEBUG l.i.u.p.SubmittedApplicationsPage - Checking option: 'Asmenys, kuriems suteiktas pabėgėlio statusas ar perkeliamojo asmens statusas, arba asmenys, kuriems suteikta papildoma ar laikinoji apsauga, ir asmenys, turintys teisę gauti laikinąją apsaugą, iki sprendimo dėl laikinosios apsaugos suteikimo (nesuteikimo) priėmimo, tačiau ne ilgiau kaip laikinosios apsaugos laikotarpiu'
2025-03-27 14:48:55 [main] DEBUG l.i.u.p.SubmittedApplicationsPage - Checking option: 'Asmenys, kuriems suteiktas pabėgėlio statusas ar perkeliamojo asmens statusas, arba asmenys, kuriems suteikta papildoma ar laikinoji apsauga, ir asmenys, turintys teisę gauti laikinąją apsaugą, iki sprendimo dėl laikinosios apsaugos suteikimo (nesuteikimo) priėmimo, tačiau ne ilgiau kaip laikinosios apsaugos laikotarpiu'
2025-03-27 14:48:55 [main] DEBUG l.i.u.p.SubmittedApplicationsPage - Checking option: 'Asmenys, turintys teisę į papildomas užimtumo garantijas pagal Lietuvos Respublikos valstybės įmonės Ignalinos atominės elektrinės darbuotojų papildomų užimtumo ir socialinių garantijų įstatymą'
2025-03-27 14:48:55 [main] DEBUG l.i.u.p.SubmittedApplicationsPage - Checking option: 'Asmenys, turintys teisę į papildomas užimtumo garantijas pagal Lietuvos Respublikos valstybės įmonės Ignalinos atominės elektrinės darbuotojų papildomų užimtumo ir socialinių garantijų įstatymą'
2025-03-27 14:48:55 [main] DEBUG l.i.u.p.SubmittedApplicationsPage - Checking option: 'Bedarbiai iki 29 metų'
2025-03-27 14:48:55 [main] DEBUG l.i.u.p.SubmittedApplicationsPage - Checking option: 'Bedarbiai iki 29 metų'
2025-03-27 14:48:55 [main] DEBUG l.i.u.p.SubmittedApplicationsPage - Checking option: 'Bedarbiai, kurie yra darbingo amžiaus neįgalieji, kuriems nustatytas 30–40 procentų darbingumo lygis arba vidutinis neįgalumo lygis'
2025-03-27 14:48:55 [main] DEBUG l.i.u.p.SubmittedApplicationsPage - Checking option: 'Bedarbiai, kurie yra darbingo amžiaus neįgalieji, kuriems nustatytas 30–40 procentų darbingumo lygis arba vidutinis neįgalumo lygis'
2025-03-27 14:48:55 [main] DEBUG l.i.u.p.SubmittedApplicationsPage - Checking option: 'Bedarbiai, kurie yra darbingo amžiaus neįgalieji, kuriems nustatytas 45–55 procentų darbingumo lygis arba lengvas neįgalumo lygis'
2025-03-27 14:48:55 [main] DEBUG l.i.u.p.SubmittedApplicationsPage - Checking option: 'Bedarbiai, kurie yra darbingo amžiaus neįgalieji, kuriems nustatytas 45–55 procentų darbingumo lygis arba lengvas neįgalumo lygis'
2025-03-27 14:48:55 [main] DEBUG l.i.u.p.SubmittedApplicationsPage - Checking option: 'Bedarbiai, kurie yra darbingo amžiaus neįgalieji, kuriems nustatytas iki 25 procentų darbingumo lygis arba sunkus neįgalumo lygis'
2025-03-27 14:48:55 [main] INFO  l.i.u.p.SubmittedApplicationsPage - Successfully selected the value: 'Bedarbiai, kurie yra darbingo amžiaus neįgalieji, kuriems nustatytas iki 25 procentų darbingumo lygis arba sunkus neįgalumo lygis'
2025-03-27 14:48:55 [main] INFO  l.i.u.p.SubmittedApplicationsPage - Attempting to close the dropdown.
2025-03-27 14:48:56 [main] DEBUG l.i.u.t.SubmittedApplicationsPageTest - Selected disabilities type: 'Bedarbiai, kurie yra darbingo amžiaus neįgalieji, kuriems nustatytas iki 25 procentų darbingumo lygis arba sunkus neįgalumo lygis'.
2025-03-27 14:48:56 [main] DEBUG l.i.u.t.SubmittedApplicationsPageTest - Entered disability information: 'Negalia 1'.
2025-03-27 14:48:56 [main] INFO  l.i.u.p.SubmittedApplicationsPage - Located the dropdown button.
2025-03-27 14:48:57 [main] INFO  l.i.u.p.SubmittedApplicationsPage - Successfully selected the value: 'Kita'
2025-03-27 14:48:57 [main] DEBUG l.i.u.t.SubmittedApplicationsPageTest - Selected time mode: 'Kita'.
2025-03-27 14:48:57 [main] DEBUG l.i.u.t.SubmittedApplicationsPageTest - Selected time mode other: '6 val. per dieną ir 4 d. per savaitę'.
2025-03-27 14:48:58 [main] DEBUG l.i.u.t.SubmittedApplicationsPageTest - Entered qualification: 'Kvalifikacija 1'.
2025-03-27 14:48:58 [main] DEBUG l.i.u.t.SubmittedApplicationsPageTest - Entered job date.
2025-03-27 14:48:58 [main] DEBUG l.i.u.t.SubmittedApplicationsPageTest - Entered salary amount: '1200'.
2025-03-27 14:48:58 [main] DEBUG l.i.u.t.SubmittedApplicationsPageTest - Entered salary description: 'Užmokestis 1'.
2025-03-27 14:48:58 [main] DEBUG l.i.u.t.SubmittedApplicationsPageTest - Selected 'Temporary Job' radio button.
2025-03-27 14:48:59 [main] DEBUG l.i.u.t.SubmittedApplicationsPageTest - Selected 'Season Job' radio button.
2025-03-27 14:48:59 [main] DEBUG l.i.u.t.SubmittedApplicationsPageTest - Selected 'Energy' radio button.
2025-03-27 14:48:59 [main] DEBUG l.i.u.t.SubmittedApplicationsPageTest - Selected 'Repair' radio button.
2025-03-27 14:48:59 [main] DEBUG l.i.u.t.SubmittedApplicationsPageTest - Entered job description: 'Veikla 1'.
2025-03-27 14:48:59 [main] DEBUG l.i.u.t.SubmittedApplicationsPageTest - Entered process description: 'Procesas 1'.
2025-03-27 14:49:00 [main] DEBUG l.i.u.t.SubmittedApplicationsPageTest - Entered energy information: 'Energija 1'.
2025-03-27 14:49:00 [main] DEBUG l.i.u.t.SubmittedApplicationsPageTest - Entered repair information: 'Remontas 1'.
2025-03-27 14:49:00 [main] DEBUG l.i.u.t.SubmittedApplicationsPageTest - Selected 'PVM' radio button.
2025-03-27 14:49:00 [main] INFO  l.i.u.p.SubmittedApplicationsPage - Located the dropdown button.
2025-03-27 14:49:01 [main] INFO  l.i.u.p.SubmittedApplicationsPage - Successfully selected the value: 'Įsigyti'
2025-03-27 14:49:01 [main] DEBUG l.i.u.t.SubmittedApplicationsPageTest - Selected necessary for job: 'Įsigyti'.
2025-03-27 14:49:01 [main] DEBUG l.i.u.t.SubmittedApplicationsPageTest - Selected tool: 'Darbo priemonė 1'.
2025-03-27 14:49:02 [main] DEBUG l.i.u.t.SubmittedApplicationsPageTest - Selected tool parameter one: 'Darbo priemonės 1 parametras 1'.
2025-03-27 14:49:02 [main] DEBUG l.i.u.t.SubmittedApplicationsPageTest - Selected tool parameter two: 'Darbo priemonės 1 parametras 2'.
2025-03-27 14:49:02 [main] DEBUG l.i.u.t.SubmittedApplicationsPageTest - Selected tool parameter three: 'Darbo priemonės 1 parametras 3'.
2025-03-27 14:49:02 [main] DEBUG l.i.u.t.SubmittedApplicationsPageTest - Entered tool count: '1'.
2025-03-27 14:49:02 [main] DEBUG l.i.u.t.SubmittedApplicationsPageTest - Entered price amount 1: '1000'.
2025-03-27 14:49:05 [main] DEBUG l.i.u.t.SubmittedApplicationsPageTest - Entered own funds amount 1: '800'.
2025-03-27 14:49:07 [main] DEBUG l.i.u.t.SubmittedApplicationsPageTest - Clicked 'Add' button.
2025-03-27 14:49:07 [main] INFO  l.i.u.p.SubmittedApplicationsPage - Located the dropdown button.
2025-03-27 14:49:07 [main] INFO  l.i.u.p.SubmittedApplicationsPage - Successfully selected the value: 'Remontuoti'
2025-03-27 14:49:07 [main] DEBUG l.i.u.t.SubmittedApplicationsPageTest - Selected necessary for job 'to repair': 'Remontuoti'.
2025-03-27 14:49:08 [main] DEBUG l.i.u.t.SubmittedApplicationsPageTest - Selected repair name: 'Remonto pavadinimas 1'.
2025-03-27 14:49:08 [main] DEBUG l.i.u.t.SubmittedApplicationsPageTest - Entered repair information: 'Remonto aprašymas 1'.
2025-03-27 14:49:08 [main] DEBUG l.i.u.t.SubmittedApplicationsPageTest - Entered price amount 2: '1000'.
2025-03-27 14:49:10 [main] DEBUG l.i.u.t.SubmittedApplicationsPageTest - Entered own funds amount 2: '900'.
2025-03-27 14:49:13 [main] DEBUG l.i.u.t.SubmittedApplicationsPageTest - Entered country percentage: '50'.
2025-03-27 14:49:13 [main] DEBUG l.i.u.t.SubmittedApplicationsPageTest - Entered institution percentage: '50'.
2025-03-27 14:49:13 [main] DEBUG l.i.u.t.SubmittedApplicationsPageTest - Entered municipality percentage: '50'.
2025-03-27 14:49:13 [main] DEBUG l.i.u.t.SubmittedApplicationsPageTest - Selected 'De Minimis' radio button.
2025-03-27 14:49:13 [main] DEBUG l.i.u.t.SubmittedApplicationsPageTest - Entered program name: 'Programa 1'.
2025-03-27 14:49:13 [main] DEBUG l.i.u.t.SubmittedApplicationsPageTest - Entered project date from.
2025-03-27 14:49:14 [main] DEBUG l.i.u.t.SubmittedApplicationsPageTest - Entered project date until.
2025-03-27 14:49:14 [main] DEBUG l.i.u.t.SubmittedApplicationsPageTest - Entered support amount: '2000'.
2025-03-27 14:49:14 [main] DEBUG l.i.u.t.SubmittedApplicationsPageTest - Clicked 'Next' button.
2025-03-27 14:49:44 [main] ERROR l.i.u.t.SubmittedApplicationsPageTest - Test 'testFillNewVUIApplicationFA' failed with error: no such element: Unable to locate element: {"method":"xpath","selector":"(//div[contains(@class, 'mdc-checkbox')]//input[@type='checkbox'])[1]"}
  (Session info: chrome=134.0.6998.166)
For documentation on this error, please visit: https://www.selenium.dev/documentation/webdriver/troubleshooting/errors#no-such-element-exception
Build info: version: '4.27.0', revision: 'd6e718d134'
System info: os.name: 'Windows 11', os.arch: 'amd64', os.version: '10.0', java.version: '21.0.3'
Driver info: org.openqa.selenium.chrome.ChromeDriver
Command: [73201d088f5861b551352561aef700fe, findElement {value=(//div[contains(@class, 'mdc-checkbox')]//input[@type='checkbox'])[1], using=xpath}]
Capabilities {acceptInsecureCerts: false, browserName: chrome, browserVersion: 134.0.6998.166, chrome: {chromedriverVersion: 134.0.6998.165 (fd886e2cb29..., userDataDir: C:\Users\INGRID~1.ZAD\AppDa...}, fedcm:accounts: true, goog:chromeOptions: {debuggerAddress: localhost:65329}, networkConnectionEnabled: false, pageLoadStrategy: normal, platformName: windows, proxy: Proxy(), se:cdp: ws://localhost:65329/devtoo..., se:cdpVersion: 134.0.6998.166, setWindowRect: true, strictFileInteractability: false, timeouts: {implicit: 0, pageLoad: 300000, script: 30000}, unhandledPromptBehavior: dismiss and notify, webauthn:extension:credBlob: true, webauthn:extension:largeBlob: true, webauthn:extension:minPinLength: true, webauthn:extension:prf: true, webauthn:virtualAuthenticators: true}
Session ID: 73201d088f5861b551352561aef700fe
org.openqa.selenium.NoSuchElementException: no such element: Unable to locate element: {"method":"xpath","selector":"(//div[contains(@class, 'mdc-checkbox')]//input[@type='checkbox'])[1]"}
  (Session info: chrome=134.0.6998.166)
For documentation on this error, please visit: https://www.selenium.dev/documentation/webdriver/troubleshooting/errors#no-such-element-exception
Build info: version: '4.27.0', revision: 'd6e718d134'
System info: os.name: 'Windows 11', os.arch: 'amd64', os.version: '10.0', java.version: '21.0.3'
Driver info: org.openqa.selenium.chrome.ChromeDriver
Command: [73201d088f5861b551352561aef700fe, findElement {value=(//div[contains(@class, 'mdc-checkbox')]//input[@type='checkbox'])[1], using=xpath}]
Capabilities {acceptInsecureCerts: false, browserName: chrome, browserVersion: 134.0.6998.166, chrome: {chromedriverVersion: 134.0.6998.165 (fd886e2cb29..., userDataDir: C:\Users\INGRID~1.ZAD\AppDa...}, fedcm:accounts: true, goog:chromeOptions: {debuggerAddress: localhost:65329}, networkConnectionEnabled: false, pageLoadStrategy: normal, platformName: windows, proxy: Proxy(), se:cdp: ws://localhost:65329/devtoo..., se:cdpVersion: 134.0.6998.166, setWindowRect: true, strictFileInteractability: false, timeouts: {implicit: 0, pageLoad: 300000, script: 30000}, unhandledPromptBehavior: dismiss and notify, webauthn:extension:credBlob: true, webauthn:extension:largeBlob: true, webauthn:extension:minPinLength: true, webauthn:extension:prf: true, webauthn:virtualAuthenticators: true}
Session ID: 73201d088f5861b551352561aef700fe
	at java.base/jdk.internal.reflect.DirectConstructorHandleAccessor.newInstance(DirectConstructorHandleAccessor.java:62)
	at java.base/java.lang.reflect.Constructor.newInstanceWithCaller(Constructor.java:502)
	at java.base/java.lang.reflect.Constructor.newInstance(Constructor.java:486)
	at org.openqa.selenium.remote.ErrorCodec.decode(ErrorCodec.java:167)
	at org.openqa.selenium.remote.codec.w3c.W3CHttpResponseCodec.decode(W3CHttpResponseCodec.java:138)
	at org.openqa.selenium.remote.codec.w3c.W3CHttpResponseCodec.decode(W3CHttpResponseCodec.java:50)
	at org.openqa.selenium.remote.HttpCommandExecutor.execute(HttpCommandExecutor.java:190)
	at org.openqa.selenium.remote.service.DriverCommandExecutor.invokeExecute(DriverCommandExecutor.java:216)
	at org.openqa.selenium.remote.service.DriverCommandExecutor.execute(DriverCommandExecutor.java:174)
	at org.openqa.selenium.remote.RemoteWebDriver.execute(RemoteWebDriver.java:545)
	at org.openqa.selenium.remote.ElementLocation$ElementFinder$2.findElement(ElementLocation.java:165)
	at org.openqa.selenium.remote.ElementLocation.findElement(ElementLocation.java:59)
	at org.openqa.selenium.remote.RemoteWebDriver.findElement(RemoteWebDriver.java:368)
	at org.openqa.selenium.remote.RemoteWebDriver.findElement(RemoteWebDriver.java:362)
	at org.openqa.selenium.support.pagefactory.DefaultElementLocator.findElement(DefaultElementLocator.java:68)
	at org.openqa.selenium.support.pagefactory.internal.LocatingElementHandler.invoke(LocatingElementHandler.java:38)
	at jdk.proxy2/jdk.proxy2.$Proxy14.getWrappedElement(Unknown Source)
	at org.openqa.selenium.remote.WebElementToJsonConverter.apply(WebElementToJsonConverter.java:48)
	at java.base/java.util.stream.ReferencePipeline$3$1.accept(ReferencePipeline.java:197)
	at java.base/java.util.Spliterators$ArraySpliterator.forEachRemaining(Spliterators.java:1024)
	at java.base/java.util.stream.AbstractPipeline.copyInto(AbstractPipeline.java:509)
	at java.base/java.util.stream.AbstractPipeline.wrapAndCopyInto(AbstractPipeline.java:499)
	at java.base/java.util.stream.ReduceOps$ReduceOp.evaluateSequential(ReduceOps.java:921)
	at java.base/java.util.stream.AbstractPipeline.evaluate(AbstractPipeline.java:234)
	at java.base/java.util.stream.ReferencePipeline.collect(ReferencePipeline.java:682)
	at org.openqa.selenium.remote.RemoteWebDriver.executeScript(RemoteWebDriver.java:474)
	at lt.insoft.uztis.pages.SubmittedApplicationsPage$CheckboxHelper.clickWithJavaScript(SubmittedApplicationsPage.java:1739)
	at lt.insoft.uztis.pages.SubmittedApplicationsPage$CheckboxHelper.setConfirmationCheckbox(SubmittedApplicationsPage.java:1728)
	at lt.insoft.uztis.tests.SubmittedApplicationsPageTest.testFillNewVUIApplicationFA(SubmittedApplicationsPageTest.java:411)
	at java.base/jdk.internal.reflect.DirectMethodHandleAccessor.invoke(DirectMethodHandleAccessor.java:103)
	at java.base/java.lang.reflect.Method.invoke(Method.java:580)
	at org.junit.platform.commons.util.ReflectionUtils.invokeMethod(ReflectionUtils.java:728)
	at org.junit.jupiter.engine.execution.MethodInvocation.proceed(MethodInvocation.java:60)
	at org.junit.jupiter.engine.execution.InvocationInterceptorChain$ValidatingInvocation.proceed(InvocationInterceptorChain.java:131)
	at org.junit.jupiter.engine.extension.TimeoutExtension.intercept(TimeoutExtension.java:156)
	at org.junit.jupiter.engine.extension.TimeoutExtension.interceptTestableMethod(TimeoutExtension.java:147)
	at org.junit.jupiter.engine.extension.TimeoutExtension.interceptTestMethod(TimeoutExtension.java:86)
	at org.junit.jupiter.engine.execution.InterceptingExecutableInvoker$ReflectiveInterceptorCall.lambda$ofVoidMethod$0(InterceptingExecutableInvoker.java:103)
	at org.junit.jupiter.engine.execution.InterceptingExecutableInvoker.lambda$invoke$0(InterceptingExecutableInvoker.java:93)
	at org.junit.jupiter.engine.execution.InvocationInterceptorChain$InterceptedInvocation.proceed(InvocationInterceptorChain.java:106)
	at org.junit.jupiter.engine.execution.InvocationInterceptorChain.proceed(InvocationInterceptorChain.java:64)
	at org.junit.jupiter.engine.execution.InvocationInterceptorChain.chainAndInvoke(InvocationInterceptorChain.java:45)
	at org.junit.jupiter.engine.execution.InvocationInterceptorChain.invoke(InvocationInterceptorChain.java:37)
	at org.junit.jupiter.engine.execution.InterceptingExecutableInvoker.invoke(InterceptingExecutableInvoker.java:92)
	at org.junit.jupiter.engine.execution.InterceptingExecutableInvoker.invoke(InterceptingExecutableInvoker.java:86)
	at org.junit.jupiter.engine.descriptor.TestMethodTestDescriptor.lambda$invokeTestMethod$7(TestMethodTestDescriptor.java:218)
	at org.junit.platform.engine.support.hierarchical.ThrowableCollector.execute(ThrowableCollector.java:73)
	at org.junit.jupiter.engine.descriptor.TestMethodTestDescriptor.invokeTestMethod(TestMethodTestDescriptor.java:214)
	at org.junit.jupiter.engine.descriptor.TestMethodTestDescriptor.execute(TestMethodTestDescriptor.java:139)
	at org.junit.jupiter.engine.descriptor.TestMethodTestDescriptor.execute(TestMethodTestDescriptor.java:69)
	at org.junit.platform.engine.support.hierarchical.NodeTestTask.lambda$executeRecursively$6(NodeTestTask.java:151)
	at org.junit.platform.engine.support.hierarchical.ThrowableCollector.execute(ThrowableCollector.java:73)
	at org.junit.platform.engine.support.hierarchical.NodeTestTask.lambda$executeRecursively$8(NodeTestTask.java:141)
	at org.junit.platform.engine.support.hierarchical.Node.around(Node.java:137)
	at org.junit.platform.engine.support.hierarchical.NodeTestTask.lambda$executeRecursively$9(NodeTestTask.java:139)
	at org.junit.platform.engine.support.hierarchical.ThrowableCollector.execute(ThrowableCollector.java:73)
	at org.junit.platform.engine.support.hierarchical.NodeTestTask.executeRecursively(NodeTestTask.java:138)
	at org.junit.platform.engine.support.hierarchical.NodeTestTask.execute(NodeTestTask.java:95)
	at java.base/java.util.ArrayList.forEach(ArrayList.java:1596)
	at org.junit.platform.engine.support.hierarchical.SameThreadHierarchicalTestExecutorService.invokeAll(SameThreadHierarchicalTestExecutorService.java:41)
	at org.junit.platform.engine.support.hierarchical.NodeTestTask.lambda$executeRecursively$6(NodeTestTask.java:155)
	at org.junit.platform.engine.support.hierarchical.ThrowableCollector.execute(ThrowableCollector.java:73)
	at org.junit.platform.engine.support.hierarchical.NodeTestTask.lambda$executeRecursively$8(NodeTestTask.java:141)
	at org.junit.platform.engine.support.hierarchical.Node.around(Node.java:137)
	at org.junit.platform.engine.support.hierarchical.NodeTestTask.lambda$executeRecursively$9(NodeTestTask.java:139)
	at org.junit.platform.engine.support.hierarchical.ThrowableCollector.execute(ThrowableCollector.java:73)
	at org.junit.platform.engine.support.hierarchical.NodeTestTask.executeRecursively(NodeTestTask.java:138)
	at org.junit.platform.engine.support.hierarchical.NodeTestTask.execute(NodeTestTask.java:95)
	at java.base/java.util.ArrayList.forEach(ArrayList.java:1596)
	at org.junit.platform.engine.support.hierarchical.SameThreadHierarchicalTestExecutorService.invokeAll(SameThreadHierarchicalTestExecutorService.java:41)
	at org.junit.platform.engine.support.hierarchical.NodeTestTask.lambda$executeRecursively$6(NodeTestTask.java:155)
	at org.junit.platform.engine.support.hierarchical.ThrowableCollector.execute(ThrowableCollector.java:73)
	at org.junit.platform.engine.support.hierarchical.NodeTestTask.lambda$executeRecursively$8(NodeTestTask.java:141)
	at org.junit.platform.engine.support.hierarchical.Node.around(Node.java:137)
	at org.junit.platform.engine.support.hierarchical.NodeTestTask.lambda$executeRecursively$9(NodeTestTask.java:139)
	at org.junit.platform.engine.support.hierarchical.ThrowableCollector.execute(ThrowableCollector.java:73)
	at org.junit.platform.engine.support.hierarchical.NodeTestTask.executeRecursively(NodeTestTask.java:138)
	at org.junit.platform.engine.support.hierarchical.NodeTestTask.execute(NodeTestTask.java:95)
	at org.junit.platform.engine.support.hierarchical.SameThreadHierarchicalTestExecutorService.submit(SameThreadHierarchicalTestExecutorService.java:35)
	at org.junit.platform.engine.support.hierarchical.HierarchicalTestExecutor.execute(HierarchicalTestExecutor.java:57)
	at org.junit.platform.engine.support.hierarchical.HierarchicalTestEngine.execute(HierarchicalTestEngine.java:54)
	at org.junit.platform.launcher.core.EngineExecutionOrchestrator.execute(EngineExecutionOrchestrator.java:198)
	at org.junit.platform.launcher.core.EngineExecutionOrchestrator.execute(EngineExecutionOrchestrator.java:169)
	at org.junit.platform.launcher.core.EngineExecutionOrchestrator.execute(EngineExecutionOrchestrator.java:93)
	at org.junit.platform.launcher.core.EngineExecutionOrchestrator.lambda$execute$0(EngineExecutionOrchestrator.java:58)
	at org.junit.platform.launcher.core.EngineExecutionOrchestrator.withInterceptedStreams(EngineExecutionOrchestrator.java:141)
	at org.junit.platform.launcher.core.EngineExecutionOrchestrator.execute(EngineExecutionOrchestrator.java:57)
	at org.junit.platform.launcher.core.DefaultLauncher.execute(DefaultLauncher.java:103)
	at org.junit.platform.launcher.core.DefaultLauncher.execute(DefaultLauncher.java:85)
	at org.junit.platform.launcher.core.DelegatingLauncher.execute(DelegatingLauncher.java:47)
	at org.junit.platform.launcher.core.SessionPerRequestLauncher.execute(SessionPerRequestLauncher.java:63)
	at com.intellij.junit5.JUnit5IdeaTestRunner.startRunnerWithArgs(JUnit5IdeaTestRunner.java:57)
	at com.intellij.rt.junit.IdeaTestRunner$Repeater$1.execute(IdeaTestRunner.java:38)
	at com.intellij.rt.execution.junit.TestsRepeater.repeat(TestsRepeater.java:11)
	at com.intellij.rt.junit.IdeaTestRunner$Repeater.startRunnerWithArgs(IdeaTestRunner.java:35)
	at com.intellij.rt.junit.JUnitStarter.prepareStreamsAndStart(JUnitStarter.java:232)
	at com.intellij.rt.junit.JUnitStarter.main(JUnitStarter.java:55)
2025-03-27 14:49:44 [main] INFO  l.insoft.uztis.tests.utils.TestUtils - Screenshot moved to C:\Users\ingrida.zadorozniene\Desktop\Asm\UZTIS\UZTIS_tests\test-output\screenshots\20250327\144944561_testFillNewVUIApplicationFA().png
2025-03-27 14:52:52 [main] INFO  lt.insoft.uztis.tests.UztisPageTest - Navigated to https://uztisdev.asseco.lt/home
2025-03-27 14:52:52 [main] INFO  l.i.u.t.SubmittedApplicationsPageTest - Starting test:'testFillNewVUIPApplicationFA'
2025-03-27 14:52:53 [main] DEBUG l.i.u.t.SubmittedApplicationsPageTest - User logged in with test credentials.
2025-03-27 14:52:53 [main] DEBUG l.i.u.t.SubmittedApplicationsPageTest - Opened 'Application Processing' menu.
2025-03-27 14:52:53 [main] DEBUG l.i.u.t.SubmittedApplicationsPageTest - Clicked on 'Application Forms' menu.
2025-03-27 14:52:55 [main] DEBUG l.i.u.t.SubmittedApplicationsPageTest - Retrieved last description code text: 'TST-VUI-75'.
2025-03-27 14:52:55 [main] DEBUG l.i.u.t.SubmittedApplicationsPageTest - Clicked on 'Invitation' menu.
2025-03-27 14:52:56 [main] DEBUG l.i.u.t.SubmittedApplicationsPageTest - Selected application section by code: 'TST-VUI-75'.
2025-03-27 14:52:56 [main] DEBUG l.i.u.t.SubmittedApplicationsPageTest - Clicked 'Search' button.
2025-03-27 14:52:56 [main] DEBUG l.i.u.t.SubmittedApplicationsPageTest - Retrieved invitation code: ''.
2025-03-27 14:52:56 [main] DEBUG l.i.u.t.SubmittedApplicationsPageTest - Clicked on 'Submitted Applications' menu.
2025-03-27 14:52:58 [main] DEBUG l.i.u.t.SubmittedApplicationsPageTest - Selected invitation by code: 'TST-VUI-75'.
2025-03-27 14:52:58 [main] DEBUG l.i.u.t.SubmittedApplicationsPageTest - Invitation code inserted.
2025-03-27 14:52:58 [main] DEBUG l.i.u.t.SubmittedApplicationsPageTest - Clicked on 'Action Application' button.
2025-03-27 14:52:58 [main] DEBUG l.i.u.t.SubmittedApplicationsPageTest - Clicked on 'New Application' button.
2025-03-27 14:52:59 [main] DEBUG l.i.u.t.SubmittedApplicationsPageTest - Selected the 'RadioButtonFA' option.
2025-03-27 14:52:59 [main] DEBUG l.i.u.t.SubmittedApplicationsPageTest - Entered phone number: '61298745'.
2025-03-27 14:52:59 [main] DEBUG l.i.u.t.SubmittedApplicationsPageTest - Entered email: 'test@autotest.com'.
2025-03-27 14:52:59 [main] INFO  l.i.u.p.SubmittedApplicationsPage - Clicking on the dropdown button.
2025-03-27 14:53:16 [main] INFO  l.i.u.p.SubmittedApplicationsPage - Found 1741 options in the dropdown.
2025-03-27 14:53:16 [main] DEBUG l.i.u.p.SubmittedApplicationsPage - Checking option: ''
2025-03-27 14:53:16 [main] DEBUG l.i.u.p.SubmittedApplicationsPage - Checking option: '01.11 - Grūdinių (išskyrus ryžius), ankštinių ir aliejingų sėklų augalų auginimas'
2025-03-27 14:53:16 [main] INFO  l.i.u.p.SubmittedApplicationsPage - Successfully selected the value: '01.11 - Grūdinių (išskyrus ryžius), ankštinių ir aliejingų sėklų augalų auginimas'
2025-03-27 14:53:16 [main] INFO  l.i.u.p.SubmittedApplicationsPage - Attempting to close the dropdown.
2025-03-27 14:53:17 [main] DEBUG l.i.u.t.SubmittedApplicationsPageTest - Selected EVRK value: '01.11 - Grūdinių (išskyrus ryžius), ankštinių ir aliejingų sėklų augalų auginimas'.
2025-03-27 14:53:17 [main] DEBUG l.i.u.t.SubmittedApplicationsPageTest - Clicked on 'Address Component' button.
2025-03-27 14:53:17 [main] INFO  l.i.u.p.SubmittedApplicationsPage - Located the dropdown button.
2025-03-27 14:53:21 [main] INFO  l.i.u.p.SubmittedApplicationsPage - Successfully selected the value: 'Lietuva'
2025-03-27 14:53:21 [main] DEBUG l.i.u.t.SubmittedApplicationsPageTest - Selected country: 'Lietuva'.
2025-03-27 14:53:21 [main] INFO  l.i.u.p.SubmittedApplicationsPage - Located the dropdown search field.
2025-03-27 14:53:21 [main] INFO  l.i.u.p.SubmittedApplicationsPage - Dropdown city is opened.
2025-03-27 14:53:21 [main] INFO  l.i.u.p.SubmittedApplicationsPage - Searched for value: 'Vilnius'
2025-03-27 14:53:22 [main] INFO  l.i.u.p.SubmittedApplicationsPage - Successfully selected: 'Vilnius'
2025-03-27 14:53:22 [main] INFO  l.i.u.p.SubmittedApplicationsPage - Located the dropdown button.
2025-03-27 14:53:23 [main] INFO  l.i.u.p.SubmittedApplicationsPage - Successfully selected the value: 'A. Domaševičiaus g.'
2025-03-27 14:53:23 [main] DEBUG l.i.u.t.SubmittedApplicationsPageTest - Selected street: 'A. Domaševičiaus g.'.
2025-03-27 14:53:23 [main] INFO  l.i.u.p.SubmittedApplicationsPage - Located the dropdown button.
2025-03-27 14:53:24 [main] INFO  l.i.u.p.SubmittedApplicationsPage - Successfully selected the value: '1'
2025-03-27 14:53:24 [main] DEBUG l.i.u.t.SubmittedApplicationsPageTest - Selected house: '1'.
2025-03-27 14:53:24 [main] INFO  l.i.u.p.SubmittedApplicationsPage - Located the dropdown button.
2025-03-27 14:53:24 [main] INFO  l.i.u.p.SubmittedApplicationsPage - Successfully selected the value: '1'
2025-03-27 14:53:24 [main] DEBUG l.i.u.t.SubmittedApplicationsPageTest - Selected apartment: '1'.
2025-03-27 14:53:24 [main] DEBUG l.i.u.t.SubmittedApplicationsPageTest - Clicked 'Confirm' button.
2025-03-27 14:53:24 [main] DEBUG l.i.u.t.SubmittedApplicationsPageTest - Entered project date.
2025-03-27 14:53:25 [main] DEBUG l.i.u.t.SubmittedApplicationsPageTest - Entered job count: '1'.
2025-03-27 14:53:25 [main] DEBUG l.i.u.t.SubmittedApplicationsPageTest - Clicked 'Next' button.
2025-03-27 14:53:25 [main] INFO  l.i.u.p.SubmittedApplicationsPage - Located the dropdown button.
2025-03-27 14:53:26 [main] INFO  l.i.u.p.SubmittedApplicationsPage - Successfully selected the value: 'Administratoriai'
2025-03-27 14:53:26 [main] DEBUG l.i.u.t.SubmittedApplicationsPageTest - Selected job name: 'Administratoriai'.
2025-03-27 14:53:26 [main] DEBUG l.i.u.t.SubmittedApplicationsPageTest - Entered job function: 'Funkcija 1'.
2025-03-27 14:53:26 [main] DEBUG l.i.u.t.SubmittedApplicationsPageTest - Selected 'RadioButtonWithDisabilities' option.
2025-03-27 14:53:26 [main] INFO  l.i.u.p.SubmittedApplicationsPage - Clicking on the dropdown button.
2025-03-27 14:53:27 [main] INFO  l.i.u.p.SubmittedApplicationsPage - Found 34 options in the dropdown.
2025-03-27 14:53:27 [main] DEBUG l.i.u.p.SubmittedApplicationsPage - Checking option: 'Asmenys, kuriems suteiktas pabėgėlio statusas ar perkeliamojo asmens statusas, arba asmenys, kuriems suteikta papildoma ar laikinoji apsauga, ir asmenys, turintys teisę gauti laikinąją apsaugą, iki sprendimo dėl laikinosios apsaugos suteikimo (nesuteikimo) priėmimo, tačiau ne ilgiau kaip laikinosios apsaugos laikotarpiu'
2025-03-27 14:53:27 [main] DEBUG l.i.u.p.SubmittedApplicationsPage - Checking option: 'Asmenys, kuriems suteiktas pabėgėlio statusas ar perkeliamojo asmens statusas, arba asmenys, kuriems suteikta papildoma ar laikinoji apsauga, ir asmenys, turintys teisę gauti laikinąją apsaugą, iki sprendimo dėl laikinosios apsaugos suteikimo (nesuteikimo) priėmimo, tačiau ne ilgiau kaip laikinosios apsaugos laikotarpiu'
2025-03-27 14:53:27 [main] DEBUG l.i.u.p.SubmittedApplicationsPage - Checking option: 'Asmenys, turintys teisę į papildomas užimtumo garantijas pagal Lietuvos Respublikos valstybės įmonės Ignalinos atominės elektrinės darbuotojų papildomų užimtumo ir socialinių garantijų įstatymą'
2025-03-27 14:53:27 [main] DEBUG l.i.u.p.SubmittedApplicationsPage - Checking option: 'Asmenys, turintys teisę į papildomas užimtumo garantijas pagal Lietuvos Respublikos valstybės įmonės Ignalinos atominės elektrinės darbuotojų papildomų užimtumo ir socialinių garantijų įstatymą'
2025-03-27 14:53:27 [main] DEBUG l.i.u.p.SubmittedApplicationsPage - Checking option: 'Bedarbiai iki 29 metų'
2025-03-27 14:53:27 [main] DEBUG l.i.u.p.SubmittedApplicationsPage - Checking option: 'Bedarbiai iki 29 metų'
2025-03-27 14:53:27 [main] DEBUG l.i.u.p.SubmittedApplicationsPage - Checking option: 'Bedarbiai, kurie yra darbingo amžiaus neįgalieji, kuriems nustatytas 30–40 procentų darbingumo lygis arba vidutinis neįgalumo lygis'
2025-03-27 14:53:27 [main] DEBUG l.i.u.p.SubmittedApplicationsPage - Checking option: 'Bedarbiai, kurie yra darbingo amžiaus neįgalieji, kuriems nustatytas 30–40 procentų darbingumo lygis arba vidutinis neįgalumo lygis'
2025-03-27 14:53:27 [main] DEBUG l.i.u.p.SubmittedApplicationsPage - Checking option: 'Bedarbiai, kurie yra darbingo amžiaus neįgalieji, kuriems nustatytas 45–55 procentų darbingumo lygis arba lengvas neįgalumo lygis'
2025-03-27 14:53:27 [main] DEBUG l.i.u.p.SubmittedApplicationsPage - Checking option: 'Bedarbiai, kurie yra darbingo amžiaus neįgalieji, kuriems nustatytas 45–55 procentų darbingumo lygis arba lengvas neįgalumo lygis'
2025-03-27 14:53:27 [main] DEBUG l.i.u.p.SubmittedApplicationsPage - Checking option: 'Bedarbiai, kurie yra darbingo amžiaus neįgalieji, kuriems nustatytas iki 25 procentų darbingumo lygis arba sunkus neįgalumo lygis'
2025-03-27 14:53:27 [main] INFO  l.i.u.p.SubmittedApplicationsPage - Successfully selected the value: 'Bedarbiai, kurie yra darbingo amžiaus neįgalieji, kuriems nustatytas iki 25 procentų darbingumo lygis arba sunkus neįgalumo lygis'
2025-03-27 14:53:27 [main] INFO  l.i.u.p.SubmittedApplicationsPage - Attempting to close the dropdown.
2025-03-27 14:53:28 [main] DEBUG l.i.u.t.SubmittedApplicationsPageTest - Selected disabilities type: 'Bedarbiai, kurie yra darbingo amžiaus neįgalieji, kuriems nustatytas iki 25 procentų darbingumo lygis arba sunkus neįgalumo lygis'.
2025-03-27 14:53:28 [main] DEBUG l.i.u.t.SubmittedApplicationsPageTest - Entered disability information: 'Negalia 1'.
2025-03-27 14:53:28 [main] INFO  l.i.u.p.SubmittedApplicationsPage - Located the dropdown button.
2025-03-27 14:53:29 [main] INFO  l.i.u.p.SubmittedApplicationsPage - Successfully selected the value: 'Kita'
2025-03-27 14:53:29 [main] DEBUG l.i.u.t.SubmittedApplicationsPageTest - Selected time mode: 'Kita'.
2025-03-27 14:53:29 [main] DEBUG l.i.u.t.SubmittedApplicationsPageTest - Selected time mode other: '6 val. per dieną ir 4 d. per savaitę'.
2025-03-27 14:53:29 [main] DEBUG l.i.u.t.SubmittedApplicationsPageTest - Entered qualification: 'Kvalifikacija 1'.
2025-03-27 14:53:30 [main] DEBUG l.i.u.t.SubmittedApplicationsPageTest - Entered job date.
2025-03-27 14:53:30 [main] DEBUG l.i.u.t.SubmittedApplicationsPageTest - Entered salary amount: '1200'.
2025-03-27 14:53:30 [main] DEBUG l.i.u.t.SubmittedApplicationsPageTest - Entered salary description: 'Užmokestis 1'.
2025-03-27 14:53:30 [main] DEBUG l.i.u.t.SubmittedApplicationsPageTest - Selected 'Temporary Job' radio button.
2025-03-27 14:53:30 [main] DEBUG l.i.u.t.SubmittedApplicationsPageTest - Selected 'Season Job' radio button.
2025-03-27 14:53:31 [main] DEBUG l.i.u.t.SubmittedApplicationsPageTest - Selected 'Energy' radio button.
2025-03-27 14:53:31 [main] DEBUG l.i.u.t.SubmittedApplicationsPageTest - Selected 'Repair' radio button.
2025-03-27 14:53:31 [main] DEBUG l.i.u.t.SubmittedApplicationsPageTest - Entered job description: 'Veikla 1'.
2025-03-27 14:53:31 [main] DEBUG l.i.u.t.SubmittedApplicationsPageTest - Entered process description: 'Procesas 1'.
2025-03-27 14:53:32 [main] DEBUG l.i.u.t.SubmittedApplicationsPageTest - Entered energy information: 'Energija 1'.
2025-03-27 14:53:32 [main] DEBUG l.i.u.t.SubmittedApplicationsPageTest - Entered repair information: 'Remontas 1'.
2025-03-27 14:53:32 [main] DEBUG l.i.u.t.SubmittedApplicationsPageTest - Selected 'PVM' radio button.
2025-03-27 14:53:32 [main] INFO  l.i.u.p.SubmittedApplicationsPage - Located the dropdown button.
2025-03-27 14:53:32 [main] INFO  l.i.u.p.SubmittedApplicationsPage - Successfully selected the value: 'Įsigyti'
2025-03-27 14:53:32 [main] DEBUG l.i.u.t.SubmittedApplicationsPageTest - Selected necessary for job: 'Įsigyti'.
2025-03-27 14:53:33 [main] DEBUG l.i.u.t.SubmittedApplicationsPageTest - Selected tool: 'Darbo priemonė 1'.
2025-03-27 14:53:33 [main] DEBUG l.i.u.t.SubmittedApplicationsPageTest - Selected tool parameter one: 'Darbo priemonės 1 parametras 1'.
2025-03-27 14:53:33 [main] DEBUG l.i.u.t.SubmittedApplicationsPageTest - Selected tool parameter two: 'Darbo priemonės 1 parametras 2'.
2025-03-27 14:53:33 [main] DEBUG l.i.u.t.SubmittedApplicationsPageTest - Selected tool parameter three: 'Darbo priemonės 1 parametras 3'.
2025-03-27 14:53:34 [main] DEBUG l.i.u.t.SubmittedApplicationsPageTest - Entered tool count: '1'.
2025-03-27 14:53:34 [main] DEBUG l.i.u.t.SubmittedApplicationsPageTest - Entered price amount 1: '1000'.
2025-03-27 14:53:36 [main] DEBUG l.i.u.t.SubmittedApplicationsPageTest - Entered own funds amount 1: '800'.
2025-03-27 14:53:38 [main] DEBUG l.i.u.t.SubmittedApplicationsPageTest - Clicked 'Add' button.
2025-03-27 14:53:38 [main] INFO  l.i.u.p.SubmittedApplicationsPage - Located the dropdown button.
2025-03-27 14:53:39 [main] INFO  l.i.u.p.SubmittedApplicationsPage - Successfully selected the value: 'Remontuoti'
2025-03-27 14:53:39 [main] DEBUG l.i.u.t.SubmittedApplicationsPageTest - Selected necessary for job 'to repair': 'Remontuoti'.
2025-03-27 14:53:39 [main] DEBUG l.i.u.t.SubmittedApplicationsPageTest - Selected repair name: 'Remonto pavadinimas 1'.
2025-03-27 14:53:39 [main] DEBUG l.i.u.t.SubmittedApplicationsPageTest - Entered repair information: 'Remonto aprašymas 1'.
2025-03-27 14:53:39 [main] DEBUG l.i.u.t.SubmittedApplicationsPageTest - Entered price amount 2: '1000'.
2025-03-27 14:53:42 [main] DEBUG l.i.u.t.SubmittedApplicationsPageTest - Entered own funds amount 2: '900'.
2025-03-27 14:53:44 [main] DEBUG l.i.u.t.SubmittedApplicationsPageTest - Entered own funds amount 1 again: '850'.
2025-03-27 14:53:44 [main] DEBUG l.i.u.t.SubmittedApplicationsPageTest - Entered own funds amount 2 again: '950'.
2025-03-27 14:53:44 [main] DEBUG l.i.u.t.SubmittedApplicationsPageTest - Entered country percentage: '50'.
2025-03-27 14:53:44 [main] DEBUG l.i.u.t.SubmittedApplicationsPageTest - Entered institution percentage: '50'.
2025-03-27 14:53:45 [main] DEBUG l.i.u.t.SubmittedApplicationsPageTest - Entered municipality percentage: '50'.
2025-03-27 14:53:45 [main] DEBUG l.i.u.t.SubmittedApplicationsPageTest - Selected 'De Minimis' radio button.
2025-03-27 14:53:45 [main] DEBUG l.i.u.t.SubmittedApplicationsPageTest - Entered program name: 'Programa 1'.
2025-03-27 14:53:45 [main] DEBUG l.i.u.t.SubmittedApplicationsPageTest - Entered project date from.
2025-03-27 14:53:45 [main] DEBUG l.i.u.t.SubmittedApplicationsPageTest - Entered project date until.
2025-03-27 14:53:45 [main] DEBUG l.i.u.t.SubmittedApplicationsPageTest - Entered support amount: '2000'.
2025-03-27 14:53:45 [main] DEBUG l.i.u.t.SubmittedApplicationsPageTest - Clicked 'Next' button.
2025-03-27 14:54:15 [main] ERROR l.i.u.t.SubmittedApplicationsPageTest - Test 'testFillNewVUIApplicationFA' failed with error: no such element: Unable to locate element: {"method":"xpath","selector":"(//div[contains(@class, 'mdc-checkbox')]//input[@type='checkbox'])[1]"}
  (Session info: chrome=134.0.6998.166)
For documentation on this error, please visit: https://www.selenium.dev/documentation/webdriver/troubleshooting/errors#no-such-element-exception
Build info: version: '4.27.0', revision: 'd6e718d134'
System info: os.name: 'Windows 11', os.arch: 'amd64', os.version: '10.0', java.version: '21.0.3'
Driver info: org.openqa.selenium.chrome.ChromeDriver
Command: [fe1b4f96320bddc438f3dd0519ba0bbb, findElement {value=(//div[contains(@class, 'mdc-checkbox')]//input[@type='checkbox'])[1], using=xpath}]
Capabilities {acceptInsecureCerts: false, browserName: chrome, browserVersion: 134.0.6998.166, chrome: {chromedriverVersion: 134.0.6998.165 (fd886e2cb29..., userDataDir: C:\Users\INGRID~1.ZAD\AppDa...}, fedcm:accounts: true, goog:chromeOptions: {debuggerAddress: localhost:65504}, networkConnectionEnabled: false, pageLoadStrategy: normal, platformName: windows, proxy: Proxy(), se:cdp: ws://localhost:65504/devtoo..., se:cdpVersion: 134.0.6998.166, setWindowRect: true, strictFileInteractability: false, timeouts: {implicit: 0, pageLoad: 300000, script: 30000}, unhandledPromptBehavior: dismiss and notify, webauthn:extension:credBlob: true, webauthn:extension:largeBlob: true, webauthn:extension:minPinLength: true, webauthn:extension:prf: true, webauthn:virtualAuthenticators: true}
Session ID: fe1b4f96320bddc438f3dd0519ba0bbb
org.openqa.selenium.NoSuchElementException: no such element: Unable to locate element: {"method":"xpath","selector":"(//div[contains(@class, 'mdc-checkbox')]//input[@type='checkbox'])[1]"}
  (Session info: chrome=134.0.6998.166)
For documentation on this error, please visit: https://www.selenium.dev/documentation/webdriver/troubleshooting/errors#no-such-element-exception
Build info: version: '4.27.0', revision: 'd6e718d134'
System info: os.name: 'Windows 11', os.arch: 'amd64', os.version: '10.0', java.version: '21.0.3'
Driver info: org.openqa.selenium.chrome.ChromeDriver
Command: [fe1b4f96320bddc438f3dd0519ba0bbb, findElement {value=(//div[contains(@class, 'mdc-checkbox')]//input[@type='checkbox'])[1], using=xpath}]
Capabilities {acceptInsecureCerts: false, browserName: chrome, browserVersion: 134.0.6998.166, chrome: {chromedriverVersion: 134.0.6998.165 (fd886e2cb29..., userDataDir: C:\Users\INGRID~1.ZAD\AppDa...}, fedcm:accounts: true, goog:chromeOptions: {debuggerAddress: localhost:65504}, networkConnectionEnabled: false, pageLoadStrategy: normal, platformName: windows, proxy: Proxy(), se:cdp: ws://localhost:65504/devtoo..., se:cdpVersion: 134.0.6998.166, setWindowRect: true, strictFileInteractability: false, timeouts: {implicit: 0, pageLoad: 300000, script: 30000}, unhandledPromptBehavior: dismiss and notify, webauthn:extension:credBlob: true, webauthn:extension:largeBlob: true, webauthn:extension:minPinLength: true, webauthn:extension:prf: true, webauthn:virtualAuthenticators: true}
Session ID: fe1b4f96320bddc438f3dd0519ba0bbb
	at java.base/jdk.internal.reflect.DirectConstructorHandleAccessor.newInstance(DirectConstructorHandleAccessor.java:62)
	at java.base/java.lang.reflect.Constructor.newInstanceWithCaller(Constructor.java:502)
	at java.base/java.lang.reflect.Constructor.newInstance(Constructor.java:486)
	at org.openqa.selenium.remote.ErrorCodec.decode(ErrorCodec.java:167)
	at org.openqa.selenium.remote.codec.w3c.W3CHttpResponseCodec.decode(W3CHttpResponseCodec.java:138)
	at org.openqa.selenium.remote.codec.w3c.W3CHttpResponseCodec.decode(W3CHttpResponseCodec.java:50)
	at org.openqa.selenium.remote.HttpCommandExecutor.execute(HttpCommandExecutor.java:190)
	at org.openqa.selenium.remote.service.DriverCommandExecutor.invokeExecute(DriverCommandExecutor.java:216)
	at org.openqa.selenium.remote.service.DriverCommandExecutor.execute(DriverCommandExecutor.java:174)
	at org.openqa.selenium.remote.RemoteWebDriver.execute(RemoteWebDriver.java:545)
	at org.openqa.selenium.remote.ElementLocation$ElementFinder$2.findElement(ElementLocation.java:165)
	at org.openqa.selenium.remote.ElementLocation.findElement(ElementLocation.java:59)
	at org.openqa.selenium.remote.RemoteWebDriver.findElement(RemoteWebDriver.java:368)
	at org.openqa.selenium.remote.RemoteWebDriver.findElement(RemoteWebDriver.java:362)
	at org.openqa.selenium.support.pagefactory.DefaultElementLocator.findElement(DefaultElementLocator.java:68)
	at org.openqa.selenium.support.pagefactory.internal.LocatingElementHandler.invoke(LocatingElementHandler.java:38)
	at jdk.proxy2/jdk.proxy2.$Proxy14.getWrappedElement(Unknown Source)
	at org.openqa.selenium.remote.WebElementToJsonConverter.apply(WebElementToJsonConverter.java:48)
	at java.base/java.util.stream.ReferencePipeline$3$1.accept(ReferencePipeline.java:197)
	at java.base/java.util.Spliterators$ArraySpliterator.forEachRemaining(Spliterators.java:1024)
	at java.base/java.util.stream.AbstractPipeline.copyInto(AbstractPipeline.java:509)
	at java.base/java.util.stream.AbstractPipeline.wrapAndCopyInto(AbstractPipeline.java:499)
	at java.base/java.util.stream.ReduceOps$ReduceOp.evaluateSequential(ReduceOps.java:921)
	at java.base/java.util.stream.AbstractPipeline.evaluate(AbstractPipeline.java:234)
	at java.base/java.util.stream.ReferencePipeline.collect(ReferencePipeline.java:682)
	at org.openqa.selenium.remote.RemoteWebDriver.executeScript(RemoteWebDriver.java:474)
	at lt.insoft.uztis.pages.SubmittedApplicationsPage$CheckboxHelper.clickWithJavaScript(SubmittedApplicationsPage.java:1739)
	at lt.insoft.uztis.pages.SubmittedApplicationsPage$CheckboxHelper.setConfirmationCheckbox(SubmittedApplicationsPage.java:1728)
	at lt.insoft.uztis.tests.SubmittedApplicationsPageTest.testFillNewVUIApplicationFA(SubmittedApplicationsPageTest.java:407)
	at java.base/jdk.internal.reflect.DirectMethodHandleAccessor.invoke(DirectMethodHandleAccessor.java:103)
	at java.base/java.lang.reflect.Method.invoke(Method.java:580)
	at org.junit.platform.commons.util.ReflectionUtils.invokeMethod(ReflectionUtils.java:728)
	at org.junit.jupiter.engine.execution.MethodInvocation.proceed(MethodInvocation.java:60)
	at org.junit.jupiter.engine.execution.InvocationInterceptorChain$ValidatingInvocation.proceed(InvocationInterceptorChain.java:131)
	at org.junit.jupiter.engine.extension.TimeoutExtension.intercept(TimeoutExtension.java:156)
	at org.junit.jupiter.engine.extension.TimeoutExtension.interceptTestableMethod(TimeoutExtension.java:147)
	at org.junit.jupiter.engine.extension.TimeoutExtension.interceptTestMethod(TimeoutExtension.java:86)
	at org.junit.jupiter.engine.execution.InterceptingExecutableInvoker$ReflectiveInterceptorCall.lambda$ofVoidMethod$0(InterceptingExecutableInvoker.java:103)
	at org.junit.jupiter.engine.execution.InterceptingExecutableInvoker.lambda$invoke$0(InterceptingExecutableInvoker.java:93)
	at org.junit.jupiter.engine.execution.InvocationInterceptorChain$InterceptedInvocation.proceed(InvocationInterceptorChain.java:106)
	at org.junit.jupiter.engine.execution.InvocationInterceptorChain.proceed(InvocationInterceptorChain.java:64)
	at org.junit.jupiter.engine.execution.InvocationInterceptorChain.chainAndInvoke(InvocationInterceptorChain.java:45)
	at org.junit.jupiter.engine.execution.InvocationInterceptorChain.invoke(InvocationInterceptorChain.java:37)
	at org.junit.jupiter.engine.execution.InterceptingExecutableInvoker.invoke(InterceptingExecutableInvoker.java:92)
	at org.junit.jupiter.engine.execution.InterceptingExecutableInvoker.invoke(InterceptingExecutableInvoker.java:86)
	at org.junit.jupiter.engine.descriptor.TestMethodTestDescriptor.lambda$invokeTestMethod$7(TestMethodTestDescriptor.java:218)
	at org.junit.platform.engine.support.hierarchical.ThrowableCollector.execute(ThrowableCollector.java:73)
	at org.junit.jupiter.engine.descriptor.TestMethodTestDescriptor.invokeTestMethod(TestMethodTestDescriptor.java:214)
	at org.junit.jupiter.engine.descriptor.TestMethodTestDescriptor.execute(TestMethodTestDescriptor.java:139)
	at org.junit.jupiter.engine.descriptor.TestMethodTestDescriptor.execute(TestMethodTestDescriptor.java:69)
	at org.junit.platform.engine.support.hierarchical.NodeTestTask.lambda$executeRecursively$6(NodeTestTask.java:151)
	at org.junit.platform.engine.support.hierarchical.ThrowableCollector.execute(ThrowableCollector.java:73)
	at org.junit.platform.engine.support.hierarchical.NodeTestTask.lambda$executeRecursively$8(NodeTestTask.java:141)
	at org.junit.platform.engine.support.hierarchical.Node.around(Node.java:137)
	at org.junit.platform.engine.support.hierarchical.NodeTestTask.lambda$executeRecursively$9(NodeTestTask.java:139)
	at org.junit.platform.engine.support.hierarchical.ThrowableCollector.execute(ThrowableCollector.java:73)
	at org.junit.platform.engine.support.hierarchical.NodeTestTask.executeRecursively(NodeTestTask.java:138)
	at org.junit.platform.engine.support.hierarchical.NodeTestTask.execute(NodeTestTask.java:95)
	at java.base/java.util.ArrayList.forEach(ArrayList.java:1596)
	at org.junit.platform.engine.support.hierarchical.SameThreadHierarchicalTestExecutorService.invokeAll(SameThreadHierarchicalTestExecutorService.java:41)
	at org.junit.platform.engine.support.hierarchical.NodeTestTask.lambda$executeRecursively$6(NodeTestTask.java:155)
	at org.junit.platform.engine.support.hierarchical.ThrowableCollector.execute(ThrowableCollector.java:73)
	at org.junit.platform.engine.support.hierarchical.NodeTestTask.lambda$executeRecursively$8(NodeTestTask.java:141)
	at org.junit.platform.engine.support.hierarchical.Node.around(Node.java:137)
	at org.junit.platform.engine.support.hierarchical.NodeTestTask.lambda$executeRecursively$9(NodeTestTask.java:139)
	at org.junit.platform.engine.support.hierarchical.ThrowableCollector.execute(ThrowableCollector.java:73)
	at org.junit.platform.engine.support.hierarchical.NodeTestTask.executeRecursively(NodeTestTask.java:138)
	at org.junit.platform.engine.support.hierarchical.NodeTestTask.execute(NodeTestTask.java:95)
	at java.base/java.util.ArrayList.forEach(ArrayList.java:1596)
	at org.junit.platform.engine.support.hierarchical.SameThreadHierarchicalTestExecutorService.invokeAll(SameThreadHierarchicalTestExecutorService.java:41)
	at org.junit.platform.engine.support.hierarchical.NodeTestTask.lambda$executeRecursively$6(NodeTestTask.java:155)
	at org.junit.platform.engine.support.hierarchical.ThrowableCollector.execute(ThrowableCollector.java:73)
	at org.junit.platform.engine.support.hierarchical.NodeTestTask.lambda$executeRecursively$8(NodeTestTask.java:141)
	at org.junit.platform.engine.support.hierarchical.Node.around(Node.java:137)
	at org.junit.platform.engine.support.hierarchical.NodeTestTask.lambda$executeRecursively$9(NodeTestTask.java:139)
	at org.junit.platform.engine.support.hierarchical.ThrowableCollector.execute(ThrowableCollector.java:73)
	at org.junit.platform.engine.support.hierarchical.NodeTestTask.executeRecursively(NodeTestTask.java:138)
	at org.junit.platform.engine.support.hierarchical.NodeTestTask.execute(NodeTestTask.java:95)
	at org.junit.platform.engine.support.hierarchical.SameThreadHierarchicalTestExecutorService.submit(SameThreadHierarchicalTestExecutorService.java:35)
	at org.junit.platform.engine.support.hierarchical.HierarchicalTestExecutor.execute(HierarchicalTestExecutor.java:57)
	at org.junit.platform.engine.support.hierarchical.HierarchicalTestEngine.execute(HierarchicalTestEngine.java:54)
	at org.junit.platform.launcher.core.EngineExecutionOrchestrator.execute(EngineExecutionOrchestrator.java:198)
	at org.junit.platform.launcher.core.EngineExecutionOrchestrator.execute(EngineExecutionOrchestrator.java:169)
	at org.junit.platform.launcher.core.EngineExecutionOrchestrator.execute(EngineExecutionOrchestrator.java:93)
	at org.junit.platform.launcher.core.EngineExecutionOrchestrator.lambda$execute$0(EngineExecutionOrchestrator.java:58)
	at org.junit.platform.launcher.core.EngineExecutionOrchestrator.withInterceptedStreams(EngineExecutionOrchestrator.java:141)
	at org.junit.platform.launcher.core.EngineExecutionOrchestrator.execute(EngineExecutionOrchestrator.java:57)
	at org.junit.platform.launcher.core.DefaultLauncher.execute(DefaultLauncher.java:103)
	at org.junit.platform.launcher.core.DefaultLauncher.execute(DefaultLauncher.java:85)
	at org.junit.platform.launcher.core.DelegatingLauncher.execute(DelegatingLauncher.java:47)
	at org.junit.platform.launcher.core.SessionPerRequestLauncher.execute(SessionPerRequestLauncher.java:63)
	at com.intellij.junit5.JUnit5IdeaTestRunner.startRunnerWithArgs(JUnit5IdeaTestRunner.java:57)
	at com.intellij.rt.junit.IdeaTestRunner$Repeater$1.execute(IdeaTestRunner.java:38)
	at com.intellij.rt.execution.junit.TestsRepeater.repeat(TestsRepeater.java:11)
	at com.intellij.rt.junit.IdeaTestRunner$Repeater.startRunnerWithArgs(IdeaTestRunner.java:35)
	at com.intellij.rt.junit.JUnitStarter.prepareStreamsAndStart(JUnitStarter.java:232)
	at com.intellij.rt.junit.JUnitStarter.main(JUnitStarter.java:55)
2025-03-27 14:54:16 [main] INFO  l.insoft.uztis.tests.utils.TestUtils - Screenshot moved to C:\Users\ingrida.zadorozniene\Desktop\Asm\UZTIS\UZTIS_tests\test-output\screenshots\20250327\145416151_testFillNewVUIApplicationFA().png
2025-03-27 15:00:56 [main] INFO  lt.insoft.uztis.tests.UztisPageTest - Navigated to https://uztisdev.asseco.lt/home
2025-03-27 15:00:56 [main] INFO  l.i.u.t.SubmittedApplicationsPageTest - Starting test:'testFillNewVUIPApplicationFA'
2025-03-27 15:00:57 [main] DEBUG l.i.u.t.SubmittedApplicationsPageTest - User logged in with test credentials.
2025-03-27 15:00:57 [main] DEBUG l.i.u.t.SubmittedApplicationsPageTest - Opened 'Application Processing' menu.
2025-03-27 15:00:57 [main] DEBUG l.i.u.t.SubmittedApplicationsPageTest - Clicked on 'Application Forms' menu.
2025-03-27 15:00:58 [main] DEBUG l.i.u.t.SubmittedApplicationsPageTest - Retrieved last description code text: 'TST-VUI-75'.
2025-03-27 15:00:58 [main] DEBUG l.i.u.t.SubmittedApplicationsPageTest - Clicked on 'Invitation' menu.
2025-03-27 15:01:00 [main] DEBUG l.i.u.t.SubmittedApplicationsPageTest - Selected application section by code: 'TST-VUI-75'.
2025-03-27 15:01:00 [main] DEBUG l.i.u.t.SubmittedApplicationsPageTest - Clicked 'Search' button.
2025-03-27 15:01:00 [main] DEBUG l.i.u.t.SubmittedApplicationsPageTest - Retrieved invitation code: ''.
2025-03-27 15:01:00 [main] DEBUG l.i.u.t.SubmittedApplicationsPageTest - Clicked on 'Submitted Applications' menu.
2025-03-27 15:01:02 [main] DEBUG l.i.u.t.SubmittedApplicationsPageTest - Selected invitation by code: 'TST-VUI-75'.
2025-03-27 15:01:02 [main] DEBUG l.i.u.t.SubmittedApplicationsPageTest - Invitation code inserted.
2025-03-27 15:01:02 [main] DEBUG l.i.u.t.SubmittedApplicationsPageTest - Clicked on 'Action Application' button.
2025-03-27 15:01:02 [main] DEBUG l.i.u.t.SubmittedApplicationsPageTest - Clicked on 'New Application' button.
2025-03-27 15:01:03 [main] DEBUG l.i.u.t.SubmittedApplicationsPageTest - Selected the 'RadioButtonFA' option.
2025-03-27 15:01:03 [main] DEBUG l.i.u.t.SubmittedApplicationsPageTest - Entered phone number: '61298745'.
2025-03-27 15:01:03 [main] DEBUG l.i.u.t.SubmittedApplicationsPageTest - Entered email: 'test@autotest.com'.
2025-03-27 15:01:03 [main] INFO  l.i.u.p.SubmittedApplicationsPage - Clicking on the dropdown button.
2025-03-27 15:01:24 [main] INFO  l.i.u.p.SubmittedApplicationsPage - Found 1741 options in the dropdown.
2025-03-27 15:01:24 [main] DEBUG l.i.u.p.SubmittedApplicationsPage - Checking option: ''
2025-03-27 15:01:24 [main] DEBUG l.i.u.p.SubmittedApplicationsPage - Checking option: '01.11 - Grūdinių (išskyrus ryžius), ankštinių ir aliejingų sėklų augalų auginimas'
2025-03-27 15:01:24 [main] INFO  l.i.u.p.SubmittedApplicationsPage - Successfully selected the value: '01.11 - Grūdinių (išskyrus ryžius), ankštinių ir aliejingų sėklų augalų auginimas'
2025-03-27 15:01:24 [main] INFO  l.i.u.p.SubmittedApplicationsPage - Attempting to close the dropdown.
2025-03-27 15:01:24 [main] DEBUG l.i.u.t.SubmittedApplicationsPageTest - Selected EVRK value: '01.11 - Grūdinių (išskyrus ryžius), ankštinių ir aliejingų sėklų augalų auginimas'.
2025-03-27 15:01:25 [main] DEBUG l.i.u.t.SubmittedApplicationsPageTest - Clicked on 'Address Component' button.
2025-03-27 15:01:25 [main] INFO  l.i.u.p.SubmittedApplicationsPage - Located the dropdown button.
2025-03-27 15:01:28 [main] INFO  l.i.u.p.SubmittedApplicationsPage - Successfully selected the value: 'Lietuva'
2025-03-27 15:01:28 [main] DEBUG l.i.u.t.SubmittedApplicationsPageTest - Selected country: 'Lietuva'.
2025-03-27 15:01:28 [main] INFO  l.i.u.p.SubmittedApplicationsPage - Located the dropdown search field.
2025-03-27 15:01:28 [main] INFO  l.i.u.p.SubmittedApplicationsPage - Dropdown city is opened.
2025-03-27 15:01:28 [main] INFO  l.i.u.p.SubmittedApplicationsPage - Searched for value: 'Vilnius'
2025-03-27 15:01:29 [main] INFO  l.i.u.p.SubmittedApplicationsPage - Successfully selected: 'Vilnius'
2025-03-27 15:01:29 [main] INFO  l.i.u.p.SubmittedApplicationsPage - Located the dropdown button.
2025-03-27 15:01:30 [main] INFO  l.i.u.p.SubmittedApplicationsPage - Successfully selected the value: 'A. Domaševičiaus g.'
2025-03-27 15:01:30 [main] DEBUG l.i.u.t.SubmittedApplicationsPageTest - Selected street: 'A. Domaševičiaus g.'.
2025-03-27 15:01:30 [main] INFO  l.i.u.p.SubmittedApplicationsPage - Located the dropdown button.
2025-03-27 15:01:30 [main] INFO  l.i.u.p.SubmittedApplicationsPage - Successfully selected the value: '1'
2025-03-27 15:01:30 [main] DEBUG l.i.u.t.SubmittedApplicationsPageTest - Selected house: '1'.
2025-03-27 15:01:30 [main] INFO  l.i.u.p.SubmittedApplicationsPage - Located the dropdown button.
2025-03-27 15:01:30 [main] INFO  l.i.u.p.SubmittedApplicationsPage - Successfully selected the value: '1'
2025-03-27 15:01:30 [main] DEBUG l.i.u.t.SubmittedApplicationsPageTest - Selected apartment: '1'.
2025-03-27 15:01:30 [main] DEBUG l.i.u.t.SubmittedApplicationsPageTest - Clicked 'Confirm' button.
2025-03-27 15:01:31 [main] DEBUG l.i.u.t.SubmittedApplicationsPageTest - Entered project date.
2025-03-27 15:01:31 [main] DEBUG l.i.u.t.SubmittedApplicationsPageTest - Entered job count: '1'.
2025-03-27 15:01:31 [main] DEBUG l.i.u.t.SubmittedApplicationsPageTest - Clicked 'Next' button.
2025-03-27 15:01:31 [main] INFO  l.i.u.p.SubmittedApplicationsPage - Located the dropdown button.
2025-03-27 15:01:32 [main] INFO  l.i.u.p.SubmittedApplicationsPage - Successfully selected the value: 'Administratoriai'
2025-03-27 15:01:32 [main] DEBUG l.i.u.t.SubmittedApplicationsPageTest - Selected job name: 'Administratoriai'.
2025-03-27 15:01:32 [main] DEBUG l.i.u.t.SubmittedApplicationsPageTest - Entered job function: 'Funkcija 1'.
2025-03-27 15:01:32 [main] DEBUG l.i.u.t.SubmittedApplicationsPageTest - Selected 'RadioButtonWithDisabilities' option.
2025-03-27 15:01:32 [main] INFO  l.i.u.p.SubmittedApplicationsPage - Clicking on the dropdown button.
2025-03-27 15:01:33 [main] INFO  l.i.u.p.SubmittedApplicationsPage - Found 34 options in the dropdown.
2025-03-27 15:01:33 [main] DEBUG l.i.u.p.SubmittedApplicationsPage - Checking option: 'Asmenys, kuriems suteiktas pabėgėlio statusas ar perkeliamojo asmens statusas, arba asmenys, kuriems suteikta papildoma ar laikinoji apsauga, ir asmenys, turintys teisę gauti laikinąją apsaugą, iki sprendimo dėl laikinosios apsaugos suteikimo (nesuteikimo) priėmimo, tačiau ne ilgiau kaip laikinosios apsaugos laikotarpiu'
2025-03-27 15:01:33 [main] DEBUG l.i.u.p.SubmittedApplicationsPage - Checking option: 'Asmenys, kuriems suteiktas pabėgėlio statusas ar perkeliamojo asmens statusas, arba asmenys, kuriems suteikta papildoma ar laikinoji apsauga, ir asmenys, turintys teisę gauti laikinąją apsaugą, iki sprendimo dėl laikinosios apsaugos suteikimo (nesuteikimo) priėmimo, tačiau ne ilgiau kaip laikinosios apsaugos laikotarpiu'
2025-03-27 15:01:33 [main] DEBUG l.i.u.p.SubmittedApplicationsPage - Checking option: 'Asmenys, turintys teisę į papildomas užimtumo garantijas pagal Lietuvos Respublikos valstybės įmonės Ignalinos atominės elektrinės darbuotojų papildomų užimtumo ir socialinių garantijų įstatymą'
2025-03-27 15:01:33 [main] DEBUG l.i.u.p.SubmittedApplicationsPage - Checking option: 'Asmenys, turintys teisę į papildomas užimtumo garantijas pagal Lietuvos Respublikos valstybės įmonės Ignalinos atominės elektrinės darbuotojų papildomų užimtumo ir socialinių garantijų įstatymą'
2025-03-27 15:01:33 [main] DEBUG l.i.u.p.SubmittedApplicationsPage - Checking option: 'Bedarbiai iki 29 metų'
2025-03-27 15:01:33 [main] DEBUG l.i.u.p.SubmittedApplicationsPage - Checking option: 'Bedarbiai iki 29 metų'
2025-03-27 15:01:33 [main] DEBUG l.i.u.p.SubmittedApplicationsPage - Checking option: 'Bedarbiai, kurie yra darbingo amžiaus neįgalieji, kuriems nustatytas 30–40 procentų darbingumo lygis arba vidutinis neįgalumo lygis'
2025-03-27 15:01:33 [main] DEBUG l.i.u.p.SubmittedApplicationsPage - Checking option: 'Bedarbiai, kurie yra darbingo amžiaus neįgalieji, kuriems nustatytas 30–40 procentų darbingumo lygis arba vidutinis neįgalumo lygis'
2025-03-27 15:01:33 [main] DEBUG l.i.u.p.SubmittedApplicationsPage - Checking option: 'Bedarbiai, kurie yra darbingo amžiaus neįgalieji, kuriems nustatytas 45–55 procentų darbingumo lygis arba lengvas neįgalumo lygis'
2025-03-27 15:01:33 [main] DEBUG l.i.u.p.SubmittedApplicationsPage - Checking option: 'Bedarbiai, kurie yra darbingo amžiaus neįgalieji, kuriems nustatytas 45–55 procentų darbingumo lygis arba lengvas neįgalumo lygis'
2025-03-27 15:01:33 [main] DEBUG l.i.u.p.SubmittedApplicationsPage - Checking option: 'Bedarbiai, kurie yra darbingo amžiaus neįgalieji, kuriems nustatytas iki 25 procentų darbingumo lygis arba sunkus neįgalumo lygis'
2025-03-27 15:01:33 [main] INFO  l.i.u.p.SubmittedApplicationsPage - Successfully selected the value: 'Bedarbiai, kurie yra darbingo amžiaus neįgalieji, kuriems nustatytas iki 25 procentų darbingumo lygis arba sunkus neįgalumo lygis'
2025-03-27 15:01:33 [main] INFO  l.i.u.p.SubmittedApplicationsPage - Attempting to close the dropdown.
2025-03-27 15:01:34 [main] DEBUG l.i.u.t.SubmittedApplicationsPageTest - Selected disabilities type: 'Bedarbiai, kurie yra darbingo amžiaus neįgalieji, kuriems nustatytas iki 25 procentų darbingumo lygis arba sunkus neįgalumo lygis'.
2025-03-27 15:01:34 [main] DEBUG l.i.u.t.SubmittedApplicationsPageTest - Entered disability information: 'Negalia 1'.
2025-03-27 15:01:34 [main] INFO  l.i.u.p.SubmittedApplicationsPage - Located the dropdown button.
2025-03-27 15:01:35 [main] INFO  l.i.u.p.SubmittedApplicationsPage - Successfully selected the value: 'Kita'
2025-03-27 15:01:35 [main] DEBUG l.i.u.t.SubmittedApplicationsPageTest - Selected time mode: 'Kita'.
2025-03-27 15:01:35 [main] DEBUG l.i.u.t.SubmittedApplicationsPageTest - Selected time mode other: '6 val. per dieną ir 4 d. per savaitę'.
2025-03-27 15:01:36 [main] DEBUG l.i.u.t.SubmittedApplicationsPageTest - Entered qualification: 'Kvalifikacija 1'.
2025-03-27 15:01:36 [main] DEBUG l.i.u.t.SubmittedApplicationsPageTest - Entered job date.
2025-03-27 15:01:36 [main] DEBUG l.i.u.t.SubmittedApplicationsPageTest - Entered salary amount: '1200'.
2025-03-27 15:01:36 [main] DEBUG l.i.u.t.SubmittedApplicationsPageTest - Entered salary description: 'Užmokestis 1'.
2025-03-27 15:01:36 [main] DEBUG l.i.u.t.SubmittedApplicationsPageTest - Selected 'Temporary Job' radio button.
2025-03-27 15:01:37 [main] DEBUG l.i.u.t.SubmittedApplicationsPageTest - Selected 'Season Job' radio button.
2025-03-27 15:01:37 [main] DEBUG l.i.u.t.SubmittedApplicationsPageTest - Selected 'Energy' radio button.
2025-03-27 15:01:37 [main] DEBUG l.i.u.t.SubmittedApplicationsPageTest - Selected 'Repair' radio button.
2025-03-27 15:01:37 [main] DEBUG l.i.u.t.SubmittedApplicationsPageTest - Entered job description: 'Veikla 1'.
2025-03-27 15:01:37 [main] DEBUG l.i.u.t.SubmittedApplicationsPageTest - Entered process description: 'Procesas 1'.
2025-03-27 15:01:38 [main] DEBUG l.i.u.t.SubmittedApplicationsPageTest - Entered energy information: 'Energija 1'.
2025-03-27 15:01:38 [main] DEBUG l.i.u.t.SubmittedApplicationsPageTest - Entered repair information: 'Remontas 1'.
2025-03-27 15:01:38 [main] DEBUG l.i.u.t.SubmittedApplicationsPageTest - Selected 'PVM' radio button.
2025-03-27 15:01:38 [main] INFO  l.i.u.p.SubmittedApplicationsPage - Located the dropdown button.
2025-03-27 15:01:39 [main] INFO  l.i.u.p.SubmittedApplicationsPage - Successfully selected the value: 'Įsigyti'
2025-03-27 15:01:39 [main] DEBUG l.i.u.t.SubmittedApplicationsPageTest - Selected necessary for job: 'Įsigyti'.
2025-03-27 15:01:39 [main] DEBUG l.i.u.t.SubmittedApplicationsPageTest - Selected tool: 'Darbo priemonė 1'.
2025-03-27 15:01:40 [main] DEBUG l.i.u.t.SubmittedApplicationsPageTest - Selected tool parameter one: 'Darbo priemonės 1 parametras 1'.
2025-03-27 15:01:40 [main] DEBUG l.i.u.t.SubmittedApplicationsPageTest - Selected tool parameter two: 'Darbo priemonės 1 parametras 2'.
2025-03-27 15:01:40 [main] DEBUG l.i.u.t.SubmittedApplicationsPageTest - Selected tool parameter three: 'Darbo priemonės 1 parametras 3'.
2025-03-27 15:01:40 [main] DEBUG l.i.u.t.SubmittedApplicationsPageTest - Entered tool count: '1'.
2025-03-27 15:01:41 [main] DEBUG l.i.u.t.SubmittedApplicationsPageTest - Entered price amount 1: '1000'.
2025-03-27 15:01:43 [main] DEBUG l.i.u.t.SubmittedApplicationsPageTest - Entered own funds amount 1: '8'.
2025-03-27 15:01:45 [main] DEBUG l.i.u.t.SubmittedApplicationsPageTest - Clicked 'Add' button.
2025-03-27 15:01:45 [main] INFO  l.i.u.p.SubmittedApplicationsPage - Located the dropdown button.
2025-03-27 15:01:45 [main] INFO  l.i.u.p.SubmittedApplicationsPage - Successfully selected the value: 'Remontuoti'
2025-03-27 15:01:45 [main] DEBUG l.i.u.t.SubmittedApplicationsPageTest - Selected necessary for job 'to repair': 'Remontuoti'.
2025-03-27 15:01:46 [main] DEBUG l.i.u.t.SubmittedApplicationsPageTest - Selected repair name: 'Remonto pavadinimas 1'.
2025-03-27 15:01:46 [main] DEBUG l.i.u.t.SubmittedApplicationsPageTest - Entered repair information: 'Remonto aprašymas 1'.
2025-03-27 15:01:46 [main] DEBUG l.i.u.t.SubmittedApplicationsPageTest - Entered price amount 2: '1000'.
2025-03-27 15:01:48 [main] DEBUG l.i.u.t.SubmittedApplicationsPageTest - Entered own funds amount 2: '9'.
2025-03-27 15:01:51 [main] DEBUG l.i.u.t.SubmittedApplicationsPageTest - Entered own funds amount 1 again: '00'.
2025-03-27 15:01:51 [main] DEBUG l.i.u.t.SubmittedApplicationsPageTest - Entered own funds amount 2 again: '00'.
2025-03-27 15:01:51 [main] DEBUG l.i.u.t.SubmittedApplicationsPageTest - Entered country percentage: '50'.
2025-03-27 15:01:51 [main] DEBUG l.i.u.t.SubmittedApplicationsPageTest - Entered institution percentage: '50'.
2025-03-27 15:01:51 [main] DEBUG l.i.u.t.SubmittedApplicationsPageTest - Entered municipality percentage: '50'.
2025-03-27 15:01:51 [main] DEBUG l.i.u.t.SubmittedApplicationsPageTest - Selected 'De Minimis' radio button.
2025-03-27 15:01:52 [main] DEBUG l.i.u.t.SubmittedApplicationsPageTest - Entered program name: 'Programa 1'.
2025-03-27 15:01:52 [main] DEBUG l.i.u.t.SubmittedApplicationsPageTest - Entered project date from.
2025-03-27 15:01:52 [main] DEBUG l.i.u.t.SubmittedApplicationsPageTest - Entered project date until.
2025-03-27 15:01:52 [main] DEBUG l.i.u.t.SubmittedApplicationsPageTest - Entered support amount: '2000'.
2025-03-27 15:01:52 [main] DEBUG l.i.u.t.SubmittedApplicationsPageTest - Clicked 'Next' button.
2025-03-27 15:06:22 [main] INFO  lt.insoft.uztis.tests.UztisPageTest - Navigated to https://uztisdev.asseco.lt/home
2025-03-27 15:06:22 [main] INFO  l.i.u.t.SubmittedApplicationsPageTest - Starting test:'testFillNewVUIPApplicationFA'
2025-03-27 15:06:22 [main] DEBUG l.i.u.t.SubmittedApplicationsPageTest - User logged in with test credentials.
2025-03-27 15:06:23 [main] DEBUG l.i.u.t.SubmittedApplicationsPageTest - Opened 'Application Processing' menu.
2025-03-27 15:06:23 [main] DEBUG l.i.u.t.SubmittedApplicationsPageTest - Clicked on 'Application Forms' menu.
2025-03-27 15:06:23 [main] DEBUG l.i.u.t.SubmittedApplicationsPageTest - Retrieved last description code text: 'TST-VUI-75'.
2025-03-27 15:06:24 [main] DEBUG l.i.u.t.SubmittedApplicationsPageTest - Clicked on 'Invitation' menu.
2025-03-27 15:06:25 [main] DEBUG l.i.u.t.SubmittedApplicationsPageTest - Selected application section by code: 'TST-VUI-75'.
2025-03-27 15:06:25 [main] DEBUG l.i.u.t.SubmittedApplicationsPageTest - Clicked 'Search' button.
2025-03-27 15:06:25 [main] DEBUG l.i.u.t.SubmittedApplicationsPageTest - Retrieved invitation code: ''.
2025-03-27 15:06:25 [main] DEBUG l.i.u.t.SubmittedApplicationsPageTest - Clicked on 'Submitted Applications' menu.
2025-03-27 15:06:27 [main] DEBUG l.i.u.t.SubmittedApplicationsPageTest - Selected invitation by code: 'TST-VUI-75'.
2025-03-27 15:06:27 [main] DEBUG l.i.u.t.SubmittedApplicationsPageTest - Invitation code inserted.
2025-03-27 15:06:27 [main] DEBUG l.i.u.t.SubmittedApplicationsPageTest - Clicked on 'Action Application' button.
2025-03-27 15:06:27 [main] DEBUG l.i.u.t.SubmittedApplicationsPageTest - Clicked on 'New Application' button.
2025-03-27 15:06:28 [main] DEBUG l.i.u.t.SubmittedApplicationsPageTest - Selected the 'RadioButtonFA' option.
2025-03-27 15:06:28 [main] DEBUG l.i.u.t.SubmittedApplicationsPageTest - Entered phone number: '61298745'.
2025-03-27 15:06:28 [main] DEBUG l.i.u.t.SubmittedApplicationsPageTest - Entered email: 'test@autotest.com'.
2025-03-27 15:06:28 [main] INFO  l.i.u.p.SubmittedApplicationsPage - Clicking on the dropdown button.
2025-03-27 15:06:45 [main] INFO  l.i.u.p.SubmittedApplicationsPage - Found 1741 options in the dropdown.
2025-03-27 15:06:45 [main] DEBUG l.i.u.p.SubmittedApplicationsPage - Checking option: ''
2025-03-27 15:06:45 [main] DEBUG l.i.u.p.SubmittedApplicationsPage - Checking option: '01.11 - Grūdinių (išskyrus ryžius), ankštinių ir aliejingų sėklų augalų auginimas'
2025-03-27 15:06:45 [main] INFO  l.i.u.p.SubmittedApplicationsPage - Successfully selected the value: '01.11 - Grūdinių (išskyrus ryžius), ankštinių ir aliejingų sėklų augalų auginimas'
2025-03-27 15:06:45 [main] INFO  l.i.u.p.SubmittedApplicationsPage - Attempting to close the dropdown.
2025-03-27 15:06:45 [main] DEBUG l.i.u.t.SubmittedApplicationsPageTest - Selected EVRK value: '01.11 - Grūdinių (išskyrus ryžius), ankštinių ir aliejingų sėklų augalų auginimas'.
2025-03-27 15:06:46 [main] DEBUG l.i.u.t.SubmittedApplicationsPageTest - Clicked on 'Address Component' button.
2025-03-27 15:06:46 [main] INFO  l.i.u.p.SubmittedApplicationsPage - Located the dropdown button.
2025-03-27 15:06:49 [main] INFO  l.i.u.p.SubmittedApplicationsPage - Successfully selected the value: 'Lietuva'
2025-03-27 15:06:49 [main] DEBUG l.i.u.t.SubmittedApplicationsPageTest - Selected country: 'Lietuva'.
2025-03-27 15:06:49 [main] INFO  l.i.u.p.SubmittedApplicationsPage - Located the dropdown search field.
2025-03-27 15:06:50 [main] INFO  l.i.u.p.SubmittedApplicationsPage - Dropdown city is opened.
2025-03-27 15:06:50 [main] INFO  l.i.u.p.SubmittedApplicationsPage - Searched for value: 'Vilnius'
2025-03-27 15:06:51 [main] INFO  l.i.u.p.SubmittedApplicationsPage - Successfully selected: 'Vilnius'
2025-03-27 15:06:51 [main] INFO  l.i.u.p.SubmittedApplicationsPage - Located the dropdown button.
2025-03-27 15:06:51 [main] INFO  l.i.u.p.SubmittedApplicationsPage - Successfully selected the value: 'A. Domaševičiaus g.'
2025-03-27 15:06:51 [main] DEBUG l.i.u.t.SubmittedApplicationsPageTest - Selected street: 'A. Domaševičiaus g.'.
2025-03-27 15:06:51 [main] INFO  l.i.u.p.SubmittedApplicationsPage - Located the dropdown button.
2025-03-27 15:06:51 [main] INFO  l.i.u.p.SubmittedApplicationsPage - Successfully selected the value: '1'
2025-03-27 15:06:51 [main] DEBUG l.i.u.t.SubmittedApplicationsPageTest - Selected house: '1'.
2025-03-27 15:06:51 [main] INFO  l.i.u.p.SubmittedApplicationsPage - Located the dropdown button.
2025-03-27 15:06:52 [main] INFO  l.i.u.p.SubmittedApplicationsPage - Successfully selected the value: '1'
2025-03-27 15:06:52 [main] DEBUG l.i.u.t.SubmittedApplicationsPageTest - Selected apartment: '1'.
2025-03-27 15:06:52 [main] DEBUG l.i.u.t.SubmittedApplicationsPageTest - Clicked 'Confirm' button.
2025-03-27 15:06:52 [main] DEBUG l.i.u.t.SubmittedApplicationsPageTest - Entered project date.
2025-03-27 15:06:52 [main] DEBUG l.i.u.t.SubmittedApplicationsPageTest - Entered job count: '1'.
2025-03-27 15:06:52 [main] DEBUG l.i.u.t.SubmittedApplicationsPageTest - Clicked 'Next' button.
2025-03-27 15:06:52 [main] INFO  l.i.u.p.SubmittedApplicationsPage - Located the dropdown button.
2025-03-27 15:06:53 [main] INFO  l.i.u.p.SubmittedApplicationsPage - Successfully selected the value: 'Administratoriai'
2025-03-27 15:06:53 [main] DEBUG l.i.u.t.SubmittedApplicationsPageTest - Selected job name: 'Administratoriai'.
2025-03-27 15:06:53 [main] DEBUG l.i.u.t.SubmittedApplicationsPageTest - Entered job function: 'Funkcija 1'.
2025-03-27 15:06:53 [main] DEBUG l.i.u.t.SubmittedApplicationsPageTest - Selected 'RadioButtonWithDisabilities' option.
2025-03-27 15:06:53 [main] INFO  l.i.u.p.SubmittedApplicationsPage - Clicking on the dropdown button.
2025-03-27 15:06:54 [main] INFO  l.i.u.p.SubmittedApplicationsPage - Found 34 options in the dropdown.
2025-03-27 15:06:54 [main] DEBUG l.i.u.p.SubmittedApplicationsPage - Checking option: 'Asmenys, kuriems suteiktas pabėgėlio statusas ar perkeliamojo asmens statusas, arba asmenys, kuriems suteikta papildoma ar laikinoji apsauga, ir asmenys, turintys teisę gauti laikinąją apsaugą, iki sprendimo dėl laikinosios apsaugos suteikimo (nesuteikimo) priėmimo, tačiau ne ilgiau kaip laikinosios apsaugos laikotarpiu'
2025-03-27 15:06:54 [main] DEBUG l.i.u.p.SubmittedApplicationsPage - Checking option: 'Asmenys, kuriems suteiktas pabėgėlio statusas ar perkeliamojo asmens statusas, arba asmenys, kuriems suteikta papildoma ar laikinoji apsauga, ir asmenys, turintys teisę gauti laikinąją apsaugą, iki sprendimo dėl laikinosios apsaugos suteikimo (nesuteikimo) priėmimo, tačiau ne ilgiau kaip laikinosios apsaugos laikotarpiu'
2025-03-27 15:06:54 [main] DEBUG l.i.u.p.SubmittedApplicationsPage - Checking option: 'Asmenys, turintys teisę į papildomas užimtumo garantijas pagal Lietuvos Respublikos valstybės įmonės Ignalinos atominės elektrinės darbuotojų papildomų užimtumo ir socialinių garantijų įstatymą'
2025-03-27 15:06:54 [main] DEBUG l.i.u.p.SubmittedApplicationsPage - Checking option: 'Asmenys, turintys teisę į papildomas užimtumo garantijas pagal Lietuvos Respublikos valstybės įmonės Ignalinos atominės elektrinės darbuotojų papildomų užimtumo ir socialinių garantijų įstatymą'
2025-03-27 15:06:54 [main] DEBUG l.i.u.p.SubmittedApplicationsPage - Checking option: 'Bedarbiai iki 29 metų'
2025-03-27 15:06:54 [main] DEBUG l.i.u.p.SubmittedApplicationsPage - Checking option: 'Bedarbiai iki 29 metų'
2025-03-27 15:06:54 [main] DEBUG l.i.u.p.SubmittedApplicationsPage - Checking option: 'Bedarbiai, kurie yra darbingo amžiaus neįgalieji, kuriems nustatytas 30–40 procentų darbingumo lygis arba vidutinis neįgalumo lygis'
2025-03-27 15:06:54 [main] DEBUG l.i.u.p.SubmittedApplicationsPage - Checking option: 'Bedarbiai, kurie yra darbingo amžiaus neįgalieji, kuriems nustatytas 30–40 procentų darbingumo lygis arba vidutinis neįgalumo lygis'
2025-03-27 15:06:54 [main] DEBUG l.i.u.p.SubmittedApplicationsPage - Checking option: 'Bedarbiai, kurie yra darbingo amžiaus neįgalieji, kuriems nustatytas 45–55 procentų darbingumo lygis arba lengvas neįgalumo lygis'
2025-03-27 15:06:54 [main] DEBUG l.i.u.p.SubmittedApplicationsPage - Checking option: 'Bedarbiai, kurie yra darbingo amžiaus neįgalieji, kuriems nustatytas 45–55 procentų darbingumo lygis arba lengvas neįgalumo lygis'
2025-03-27 15:06:54 [main] DEBUG l.i.u.p.SubmittedApplicationsPage - Checking option: 'Bedarbiai, kurie yra darbingo amžiaus neįgalieji, kuriems nustatytas iki 25 procentų darbingumo lygis arba sunkus neįgalumo lygis'
2025-03-27 15:06:54 [main] INFO  l.i.u.p.SubmittedApplicationsPage - Successfully selected the value: 'Bedarbiai, kurie yra darbingo amžiaus neįgalieji, kuriems nustatytas iki 25 procentų darbingumo lygis arba sunkus neįgalumo lygis'
2025-03-27 15:06:54 [main] INFO  l.i.u.p.SubmittedApplicationsPage - Attempting to close the dropdown.
2025-03-27 15:06:55 [main] DEBUG l.i.u.t.SubmittedApplicationsPageTest - Selected disabilities type: 'Bedarbiai, kurie yra darbingo amžiaus neįgalieji, kuriems nustatytas iki 25 procentų darbingumo lygis arba sunkus neįgalumo lygis'.
2025-03-27 15:06:55 [main] DEBUG l.i.u.t.SubmittedApplicationsPageTest - Entered disability information: 'Negalia 1'.
2025-03-27 15:06:55 [main] INFO  l.i.u.p.SubmittedApplicationsPage - Located the dropdown button.
2025-03-27 15:06:56 [main] INFO  l.i.u.p.SubmittedApplicationsPage - Successfully selected the value: 'Kita'
2025-03-27 15:06:56 [main] DEBUG l.i.u.t.SubmittedApplicationsPageTest - Selected time mode: 'Kita'.
2025-03-27 15:06:57 [main] DEBUG l.i.u.t.SubmittedApplicationsPageTest - Selected time mode other: '6 val. per dieną ir 4 d. per savaitę'.
2025-03-27 15:06:57 [main] DEBUG l.i.u.t.SubmittedApplicationsPageTest - Entered qualification: 'Kvalifikacija 1'.
2025-03-27 15:06:57 [main] DEBUG l.i.u.t.SubmittedApplicationsPageTest - Entered job date.
2025-03-27 15:06:57 [main] DEBUG l.i.u.t.SubmittedApplicationsPageTest - Entered salary amount: '1200'.
2025-03-27 15:06:57 [main] DEBUG l.i.u.t.SubmittedApplicationsPageTest - Entered salary description: 'Užmokestis 1'.
2025-03-27 15:06:58 [main] DEBUG l.i.u.t.SubmittedApplicationsPageTest - Selected 'Temporary Job' radio button.
2025-03-27 15:06:58 [main] DEBUG l.i.u.t.SubmittedApplicationsPageTest - Selected 'Season Job' radio button.
2025-03-27 15:06:58 [main] DEBUG l.i.u.t.SubmittedApplicationsPageTest - Selected 'Energy' radio button.
2025-03-27 15:06:58 [main] DEBUG l.i.u.t.SubmittedApplicationsPageTest - Selected 'Repair' radio button.
2025-03-27 15:06:58 [main] DEBUG l.i.u.t.SubmittedApplicationsPageTest - Entered job description: 'Veikla 1'.
2025-03-27 15:06:58 [main] DEBUG l.i.u.t.SubmittedApplicationsPageTest - Entered process description: 'Procesas 1'.
2025-03-27 15:06:59 [main] DEBUG l.i.u.t.SubmittedApplicationsPageTest - Entered energy information: 'Energija 1'.
2025-03-27 15:06:59 [main] DEBUG l.i.u.t.SubmittedApplicationsPageTest - Entered repair information: 'Remontas 1'.
2025-03-27 15:06:59 [main] DEBUG l.i.u.t.SubmittedApplicationsPageTest - Selected 'PVM' radio button.
2025-03-27 15:06:59 [main] INFO  l.i.u.p.SubmittedApplicationsPage - Located the dropdown button.
2025-03-27 15:06:59 [main] INFO  l.i.u.p.SubmittedApplicationsPage - Successfully selected the value: 'Įsigyti'
2025-03-27 15:06:59 [main] DEBUG l.i.u.t.SubmittedApplicationsPageTest - Selected necessary for job: 'Įsigyti'.
2025-03-27 15:07:00 [main] DEBUG l.i.u.t.SubmittedApplicationsPageTest - Selected tool: 'Darbo priemonė 1'.
2025-03-27 15:07:00 [main] DEBUG l.i.u.t.SubmittedApplicationsPageTest - Selected tool parameter one: 'Darbo priemonės 1 parametras 1'.
2025-03-27 15:07:00 [main] DEBUG l.i.u.t.SubmittedApplicationsPageTest - Selected tool parameter two: 'Darbo priemonės 1 parametras 2'.
2025-03-27 15:07:00 [main] DEBUG l.i.u.t.SubmittedApplicationsPageTest - Selected tool parameter three: 'Darbo priemonės 1 parametras 3'.
2025-03-27 15:07:01 [main] DEBUG l.i.u.t.SubmittedApplicationsPageTest - Entered tool count: '1'.
2025-03-27 15:07:01 [main] DEBUG l.i.u.t.SubmittedApplicationsPageTest - Entered price amount 1: '1000'.
2025-03-27 15:07:03 [main] DEBUG l.i.u.t.SubmittedApplicationsPageTest - Entered own funds amount 1: '800'.
2025-03-27 15:07:05 [main] DEBUG l.i.u.t.SubmittedApplicationsPageTest - Clicked 'Add' button.
2025-03-27 15:07:05 [main] INFO  l.i.u.p.SubmittedApplicationsPage - Located the dropdown button.
2025-03-27 15:07:06 [main] INFO  l.i.u.p.SubmittedApplicationsPage - Successfully selected the value: 'Remontuoti'
2025-03-27 15:07:06 [main] DEBUG l.i.u.t.SubmittedApplicationsPageTest - Selected necessary for job 'to repair': 'Remontuoti'.
2025-03-27 15:07:06 [main] DEBUG l.i.u.t.SubmittedApplicationsPageTest - Selected repair name: 'Remonto pavadinimas 1'.
2025-03-27 15:07:06 [main] DEBUG l.i.u.t.SubmittedApplicationsPageTest - Entered repair information: 'Remonto aprašymas 1'.
2025-03-27 15:07:06 [main] DEBUG l.i.u.t.SubmittedApplicationsPageTest - Entered price amount 2: '1000'.
2025-03-27 15:07:09 [main] DEBUG l.i.u.t.SubmittedApplicationsPageTest - Entered own funds amount 2: '900'.
2025-03-27 15:07:11 [main] DEBUG l.i.u.t.SubmittedApplicationsPageTest - Current value after clear: '', ''
2025-03-27 15:07:11 [main] DEBUG l.i.u.t.SubmittedApplicationsPageTest - Entered own funds amount 1 again: '850'.
2025-03-27 15:07:11 [main] DEBUG l.i.u.t.SubmittedApplicationsPageTest - Entered own funds amount 2 again: '950'.
2025-03-27 15:07:11 [main] DEBUG l.i.u.t.SubmittedApplicationsPageTest - Entered country percentage: '50'.
2025-03-27 15:07:11 [main] DEBUG l.i.u.t.SubmittedApplicationsPageTest - Entered institution percentage: '50'.
2025-03-27 15:07:12 [main] DEBUG l.i.u.t.SubmittedApplicationsPageTest - Entered municipality percentage: '50'.
2025-03-27 15:07:12 [main] DEBUG l.i.u.t.SubmittedApplicationsPageTest - Selected 'De Minimis' radio button.
2025-03-27 15:07:12 [main] DEBUG l.i.u.t.SubmittedApplicationsPageTest - Entered program name: 'Programa 1'.
2025-03-27 15:07:12 [main] DEBUG l.i.u.t.SubmittedApplicationsPageTest - Entered project date from.
2025-03-27 15:07:12 [main] DEBUG l.i.u.t.SubmittedApplicationsPageTest - Entered project date until.
2025-03-27 15:07:12 [main] DEBUG l.i.u.t.SubmittedApplicationsPageTest - Entered support amount: '2000'.
2025-03-27 15:07:12 [main] DEBUG l.i.u.t.SubmittedApplicationsPageTest - Clicked 'Next' button.
2025-03-27 15:07:39 [main] ERROR l.i.u.t.SubmittedApplicationsPageTest - Test 'testFillNewVUIApplicationFA' failed with error: Error communicating with the remote browser. It may have died.
Build info: version: '4.27.0', revision: 'd6e718d134'
System info: os.name: 'Windows 11', os.arch: 'amd64', os.version: '10.0', java.version: '21.0.3'
Driver info: org.openqa.selenium.chrome.ChromeDriver
Command: [57d4d92af901937a974af9f8b5b92d3b, findElement [value, using]]
Capabilities {acceptInsecureCerts: false, browserName: chrome, browserVersion: 134.0.6998.166, chrome: {chromedriverVersion: 134.0.6998.165 (fd886e2cb29..., userDataDir: C:\Users\INGRID~1.ZAD\AppDa...}, fedcm:accounts: true, goog:chromeOptions: {debuggerAddress: localhost:49637}, networkConnectionEnabled: false, pageLoadStrategy: normal, platformName: windows, proxy: Proxy(), se:cdp: ws://localhost:49637/devtoo..., se:cdpVersion: 134.0.6998.166, setWindowRect: true, strictFileInteractability: false, timeouts: {implicit: 0, pageLoad: 300000, script: 30000}, unhandledPromptBehavior: dismiss and notify, webauthn:extension:credBlob: true, webauthn:extension:largeBlob: true, webauthn:extension:minPinLength: true, webauthn:extension:prf: true, webauthn:virtualAuthenticators: true}
Session ID: 57d4d92af901937a974af9f8b5b92d3b
org.openqa.selenium.remote.UnreachableBrowserException: Error communicating with the remote browser. It may have died.
Build info: version: '4.27.0', revision: 'd6e718d134'
System info: os.name: 'Windows 11', os.arch: 'amd64', os.version: '10.0', java.version: '21.0.3'
Driver info: org.openqa.selenium.chrome.ChromeDriver
Command: [57d4d92af901937a974af9f8b5b92d3b, findElement [value, using]]
Capabilities {acceptInsecureCerts: false, browserName: chrome, browserVersion: 134.0.6998.166, chrome: {chromedriverVersion: 134.0.6998.165 (fd886e2cb29..., userDataDir: C:\Users\INGRID~1.ZAD\AppDa...}, fedcm:accounts: true, goog:chromeOptions: {debuggerAddress: localhost:49637}, networkConnectionEnabled: false, pageLoadStrategy: normal, platformName: windows, proxy: Proxy(), se:cdp: ws://localhost:49637/devtoo..., se:cdpVersion: 134.0.6998.166, setWindowRect: true, strictFileInteractability: false, timeouts: {implicit: 0, pageLoad: 300000, script: 30000}, unhandledPromptBehavior: dismiss and notify, webauthn:extension:credBlob: true, webauthn:extension:largeBlob: true, webauthn:extension:minPinLength: true, webauthn:extension:prf: true, webauthn:virtualAuthenticators: true}
Session ID: 57d4d92af901937a974af9f8b5b92d3b
	at org.openqa.selenium.remote.RemoteWebDriver.execute(RemoteWebDriver.java:572)
	at org.openqa.selenium.remote.ElementLocation$ElementFinder$2.findElement(ElementLocation.java:165)
	at org.openqa.selenium.remote.ElementLocation.findElement(ElementLocation.java:59)
	at org.openqa.selenium.remote.RemoteWebDriver.findElement(RemoteWebDriver.java:368)
	at org.openqa.selenium.remote.RemoteWebDriver.findElement(RemoteWebDriver.java:362)
	at org.openqa.selenium.support.pagefactory.DefaultElementLocator.findElement(DefaultElementLocator.java:68)
	at org.openqa.selenium.support.pagefactory.internal.LocatingElementHandler.invoke(LocatingElementHandler.java:38)
	at jdk.proxy2/jdk.proxy2.$Proxy14.getWrappedElement(Unknown Source)
	at org.openqa.selenium.remote.WebElementToJsonConverter.apply(WebElementToJsonConverter.java:48)
	at java.base/java.util.stream.ReferencePipeline$3$1.accept(ReferencePipeline.java:197)
	at java.base/java.util.Spliterators$ArraySpliterator.forEachRemaining(Spliterators.java:1024)
	at java.base/java.util.stream.AbstractPipeline.copyInto(AbstractPipeline.java:509)
	at java.base/java.util.stream.AbstractPipeline.wrapAndCopyInto(AbstractPipeline.java:499)
	at java.base/java.util.stream.ReduceOps$ReduceOp.evaluateSequential(ReduceOps.java:921)
	at java.base/java.util.stream.AbstractPipeline.evaluate(AbstractPipeline.java:234)
	at java.base/java.util.stream.ReferencePipeline.collect(ReferencePipeline.java:682)
	at org.openqa.selenium.remote.RemoteWebDriver.executeScript(RemoteWebDriver.java:474)
	at lt.insoft.uztis.pages.SubmittedApplicationsPage$CheckboxHelper.clickWithJavaScript(SubmittedApplicationsPage.java:1739)
	at lt.insoft.uztis.pages.SubmittedApplicationsPage$CheckboxHelper.setConfirmationCheckbox(SubmittedApplicationsPage.java:1728)
	at lt.insoft.uztis.tests.SubmittedApplicationsPageTest.testFillNewVUIApplicationFA(SubmittedApplicationsPageTest.java:419)
	at java.base/jdk.internal.reflect.DirectMethodHandleAccessor.invoke(DirectMethodHandleAccessor.java:103)
	at java.base/java.lang.reflect.Method.invoke(Method.java:580)
	at org.junit.platform.commons.util.ReflectionUtils.invokeMethod(ReflectionUtils.java:728)
	at org.junit.jupiter.engine.execution.MethodInvocation.proceed(MethodInvocation.java:60)
	at org.junit.jupiter.engine.execution.InvocationInterceptorChain$ValidatingInvocation.proceed(InvocationInterceptorChain.java:131)
	at org.junit.jupiter.engine.extension.TimeoutExtension.intercept(TimeoutExtension.java:156)
	at org.junit.jupiter.engine.extension.TimeoutExtension.interceptTestableMethod(TimeoutExtension.java:147)
	at org.junit.jupiter.engine.extension.TimeoutExtension.interceptTestMethod(TimeoutExtension.java:86)
	at org.junit.jupiter.engine.execution.InterceptingExecutableInvoker$ReflectiveInterceptorCall.lambda$ofVoidMethod$0(InterceptingExecutableInvoker.java:103)
	at org.junit.jupiter.engine.execution.InterceptingExecutableInvoker.lambda$invoke$0(InterceptingExecutableInvoker.java:93)
	at org.junit.jupiter.engine.execution.InvocationInterceptorChain$InterceptedInvocation.proceed(InvocationInterceptorChain.java:106)
	at org.junit.jupiter.engine.execution.InvocationInterceptorChain.proceed(InvocationInterceptorChain.java:64)
	at org.junit.jupiter.engine.execution.InvocationInterceptorChain.chainAndInvoke(InvocationInterceptorChain.java:45)
	at org.junit.jupiter.engine.execution.InvocationInterceptorChain.invoke(InvocationInterceptorChain.java:37)
	at org.junit.jupiter.engine.execution.InterceptingExecutableInvoker.invoke(InterceptingExecutableInvoker.java:92)
	at org.junit.jupiter.engine.execution.InterceptingExecutableInvoker.invoke(InterceptingExecutableInvoker.java:86)
	at org.junit.jupiter.engine.descriptor.TestMethodTestDescriptor.lambda$invokeTestMethod$7(TestMethodTestDescriptor.java:218)
	at org.junit.platform.engine.support.hierarchical.ThrowableCollector.execute(ThrowableCollector.java:73)
	at org.junit.jupiter.engine.descriptor.TestMethodTestDescriptor.invokeTestMethod(TestMethodTestDescriptor.java:214)
	at org.junit.jupiter.engine.descriptor.TestMethodTestDescriptor.execute(TestMethodTestDescriptor.java:139)
	at org.junit.jupiter.engine.descriptor.TestMethodTestDescriptor.execute(TestMethodTestDescriptor.java:69)
	at org.junit.platform.engine.support.hierarchical.NodeTestTask.lambda$executeRecursively$6(NodeTestTask.java:151)
	at org.junit.platform.engine.support.hierarchical.ThrowableCollector.execute(ThrowableCollector.java:73)
	at org.junit.platform.engine.support.hierarchical.NodeTestTask.lambda$executeRecursively$8(NodeTestTask.java:141)
	at org.junit.platform.engine.support.hierarchical.Node.around(Node.java:137)
	at org.junit.platform.engine.support.hierarchical.NodeTestTask.lambda$executeRecursively$9(NodeTestTask.java:139)
	at org.junit.platform.engine.support.hierarchical.ThrowableCollector.execute(ThrowableCollector.java:73)
	at org.junit.platform.engine.support.hierarchical.NodeTestTask.executeRecursively(NodeTestTask.java:138)
	at org.junit.platform.engine.support.hierarchical.NodeTestTask.execute(NodeTestTask.java:95)
	at java.base/java.util.ArrayList.forEach(ArrayList.java:1596)
	at org.junit.platform.engine.support.hierarchical.SameThreadHierarchicalTestExecutorService.invokeAll(SameThreadHierarchicalTestExecutorService.java:41)
	at org.junit.platform.engine.support.hierarchical.NodeTestTask.lambda$executeRecursively$6(NodeTestTask.java:155)
	at org.junit.platform.engine.support.hierarchical.ThrowableCollector.execute(ThrowableCollector.java:73)
	at org.junit.platform.engine.support.hierarchical.NodeTestTask.lambda$executeRecursively$8(NodeTestTask.java:141)
	at org.junit.platform.engine.support.hierarchical.Node.around(Node.java:137)
	at org.junit.platform.engine.support.hierarchical.NodeTestTask.lambda$executeRecursively$9(NodeTestTask.java:139)
	at org.junit.platform.engine.support.hierarchical.ThrowableCollector.execute(ThrowableCollector.java:73)
	at org.junit.platform.engine.support.hierarchical.NodeTestTask.executeRecursively(NodeTestTask.java:138)
	at org.junit.platform.engine.support.hierarchical.NodeTestTask.execute(NodeTestTask.java:95)
	at java.base/java.util.ArrayList.forEach(ArrayList.java:1596)
	at org.junit.platform.engine.support.hierarchical.SameThreadHierarchicalTestExecutorService.invokeAll(SameThreadHierarchicalTestExecutorService.java:41)
	at org.junit.platform.engine.support.hierarchical.NodeTestTask.lambda$executeRecursively$6(NodeTestTask.java:155)
	at org.junit.platform.engine.support.hierarchical.ThrowableCollector.execute(ThrowableCollector.java:73)
	at org.junit.platform.engine.support.hierarchical.NodeTestTask.lambda$executeRecursively$8(NodeTestTask.java:141)
	at org.junit.platform.engine.support.hierarchical.Node.around(Node.java:137)
	at org.junit.platform.engine.support.hierarchical.NodeTestTask.lambda$executeRecursively$9(NodeTestTask.java:139)
	at org.junit.platform.engine.support.hierarchical.ThrowableCollector.execute(ThrowableCollector.java:73)
	at org.junit.platform.engine.support.hierarchical.NodeTestTask.executeRecursively(NodeTestTask.java:138)
	at org.junit.platform.engine.support.hierarchical.NodeTestTask.execute(NodeTestTask.java:95)
	at org.junit.platform.engine.support.hierarchical.SameThreadHierarchicalTestExecutorService.submit(SameThreadHierarchicalTestExecutorService.java:35)
	at org.junit.platform.engine.support.hierarchical.HierarchicalTestExecutor.execute(HierarchicalTestExecutor.java:57)
	at org.junit.platform.engine.support.hierarchical.HierarchicalTestEngine.execute(HierarchicalTestEngine.java:54)
	at org.junit.platform.launcher.core.EngineExecutionOrchestrator.execute(EngineExecutionOrchestrator.java:198)
	at org.junit.platform.launcher.core.EngineExecutionOrchestrator.execute(EngineExecutionOrchestrator.java:169)
	at org.junit.platform.launcher.core.EngineExecutionOrchestrator.execute(EngineExecutionOrchestrator.java:93)
	at org.junit.platform.launcher.core.EngineExecutionOrchestrator.lambda$execute$0(EngineExecutionOrchestrator.java:58)
	at org.junit.platform.launcher.core.EngineExecutionOrchestrator.withInterceptedStreams(EngineExecutionOrchestrator.java:141)
	at org.junit.platform.launcher.core.EngineExecutionOrchestrator.execute(EngineExecutionOrchestrator.java:57)
	at org.junit.platform.launcher.core.DefaultLauncher.execute(DefaultLauncher.java:103)
	at org.junit.platform.launcher.core.DefaultLauncher.execute(DefaultLauncher.java:85)
	at org.junit.platform.launcher.core.DelegatingLauncher.execute(DelegatingLauncher.java:47)
	at org.junit.platform.launcher.core.SessionPerRequestLauncher.execute(SessionPerRequestLauncher.java:63)
	at com.intellij.junit5.JUnit5IdeaTestRunner.startRunnerWithArgs(JUnit5IdeaTestRunner.java:57)
	at com.intellij.rt.junit.IdeaTestRunner$Repeater$1.execute(IdeaTestRunner.java:38)
	at com.intellij.rt.execution.junit.TestsRepeater.repeat(TestsRepeater.java:11)
	at com.intellij.rt.junit.IdeaTestRunner$Repeater.startRunnerWithArgs(IdeaTestRunner.java:35)
	at com.intellij.rt.junit.JUnitStarter.prepareStreamsAndStart(JUnitStarter.java:232)
	at com.intellij.rt.junit.JUnitStarter.main(JUnitStarter.java:55)
Caused by: java.io.UncheckedIOException: java.io.IOException: HTTP/1.1 header parser received no bytes
	at org.openqa.selenium.remote.http.jdk.JdkHttpClient.execute0(JdkHttpClient.java:496)
	at org.openqa.selenium.remote.http.AddSeleniumUserAgent.lambda$apply$0(AddSeleniumUserAgent.java:42)
	at org.openqa.selenium.remote.http.Filter.lambda$andFinally$1(Filter.java:55)
	at org.openqa.selenium.remote.http.jdk.JdkHttpClient.lambda$executeAsync$1(JdkHttpClient.java:383)
	at java.base/java.util.concurrent.Executors$RunnableAdapter.call(Executors.java:572)
	at java.base/java.util.concurrent.FutureTask.run(FutureTask.java:317)
	at java.base/java.util.concurrent.ThreadPoolExecutor.runWorker(ThreadPoolExecutor.java:1144)
	at java.base/java.util.concurrent.ThreadPoolExecutor$Worker.run(ThreadPoolExecutor.java:642)
	at java.base/java.lang.Thread.run(Thread.java:1583)
Caused by: java.io.IOException: HTTP/1.1 header parser received no bytes
	at java.net.http/jdk.internal.net.http.HttpClientImpl.send(HttpClientImpl.java:964)
	at java.net.http/jdk.internal.net.http.HttpClientFacade.send(HttpClientFacade.java:133)
	at org.openqa.selenium.remote.http.jdk.JdkHttpClient.execute0(JdkHttpClient.java:455)
	... 8 common frames omitted
Caused by: java.io.IOException: HTTP/1.1 header parser received no bytes
	at java.net.http/jdk.internal.net.http.common.Utils.wrapWithExtraDetail(Utils.java:388)
	at java.net.http/jdk.internal.net.http.Http1Response$HeadersReader.onReadError(Http1Response.java:590)
	at java.net.http/jdk.internal.net.http.Http1AsyncReceiver.checkForErrors(Http1AsyncReceiver.java:302)
	at java.net.http/jdk.internal.net.http.Http1AsyncReceiver.flush(Http1AsyncReceiver.java:268)
	at java.net.http/jdk.internal.net.http.common.SequentialScheduler$LockingRestartableTask.run(SequentialScheduler.java:182)
	at java.net.http/jdk.internal.net.http.common.SequentialScheduler$CompleteRestartableTask.run(SequentialScheduler.java:149)
	at java.net.http/jdk.internal.net.http.common.SequentialScheduler$SchedulableTask.run(SequentialScheduler.java:207)
	... 3 common frames omitted
Caused by: java.net.SocketException: Connection reset
	at java.base/sun.nio.ch.SocketChannelImpl.throwConnectionReset(SocketChannelImpl.java:401)
	at java.base/sun.nio.ch.SocketChannelImpl.read(SocketChannelImpl.java:434)
	at java.net.http/jdk.internal.net.http.SocketTube.readAvailable(SocketTube.java:1178)
	at java.net.http/jdk.internal.net.http.SocketTube$InternalReadPublisher$InternalReadSubscription.read(SocketTube.java:841)
	at java.net.http/jdk.internal.net.http.SocketTube$SocketFlowTask.run(SocketTube.java:181)
	at java.net.http/jdk.internal.net.http.common.SequentialScheduler$SchedulableTask.run(SequentialScheduler.java:207)
	at java.net.http/jdk.internal.net.http.common.SequentialScheduler.runOrSchedule(SequentialScheduler.java:280)
	at java.net.http/jdk.internal.net.http.common.SequentialScheduler.runOrSchedule(SequentialScheduler.java:233)
	at java.net.http/jdk.internal.net.http.SocketTube$InternalReadPublisher$InternalReadSubscription.signalReadable(SocketTube.java:782)
	at java.net.http/jdk.internal.net.http.SocketTube$InternalReadPublisher$ReadEvent.signalEvent(SocketTube.java:965)
	at java.net.http/jdk.internal.net.http.SocketTube$SocketFlowEvent.handle(SocketTube.java:253)
	at java.net.http/jdk.internal.net.http.HttpClientImpl$SelectorManager.handleEvent(HttpClientImpl.java:1467)
	at java.net.http/jdk.internal.net.http.HttpClientImpl$SelectorManager.lambda$run$3(HttpClientImpl.java:1412)
	at java.base/java.util.ArrayList.forEach(ArrayList.java:1596)
	at java.net.http/jdk.internal.net.http.HttpClientImpl$SelectorManager.run(HttpClientImpl.java:1412)
2025-03-27 15:13:13 [main] INFO  lt.insoft.uztis.tests.UztisPageTest - Navigated to https://uztisdev.asseco.lt/home
2025-03-27 15:13:13 [main] INFO  l.i.u.t.SubmittedApplicationsPageTest - Starting test:'testFillNewVUIPApplicationFA'
2025-03-27 15:13:14 [main] DEBUG l.i.u.t.SubmittedApplicationsPageTest - User logged in with test credentials.
2025-03-27 15:13:14 [main] DEBUG l.i.u.t.SubmittedApplicationsPageTest - Opened 'Application Processing' menu.
2025-03-27 15:13:14 [main] DEBUG l.i.u.t.SubmittedApplicationsPageTest - Clicked on 'Application Forms' menu.
2025-03-27 15:13:15 [main] DEBUG l.i.u.t.SubmittedApplicationsPageTest - Retrieved last description code text: 'TST-VUI-75'.
2025-03-27 15:13:15 [main] DEBUG l.i.u.t.SubmittedApplicationsPageTest - Clicked on 'Invitation' menu.
2025-03-27 15:13:17 [main] DEBUG l.i.u.t.SubmittedApplicationsPageTest - Selected application section by code: 'TST-VUI-75'.
2025-03-27 15:13:17 [main] DEBUG l.i.u.t.SubmittedApplicationsPageTest - Clicked 'Search' button.
2025-03-27 15:13:17 [main] DEBUG l.i.u.t.SubmittedApplicationsPageTest - Retrieved invitation code: ''.
2025-03-27 15:13:17 [main] DEBUG l.i.u.t.SubmittedApplicationsPageTest - Clicked on 'Submitted Applications' menu.
2025-03-27 15:13:18 [main] DEBUG l.i.u.t.SubmittedApplicationsPageTest - Selected invitation by code: 'TST-VUI-75'.
2025-03-27 15:13:18 [main] DEBUG l.i.u.t.SubmittedApplicationsPageTest - Invitation code inserted.
2025-03-27 15:13:18 [main] DEBUG l.i.u.t.SubmittedApplicationsPageTest - Clicked on 'Action Application' button.
2025-03-27 15:13:18 [main] DEBUG l.i.u.t.SubmittedApplicationsPageTest - Clicked on 'New Application' button.
2025-03-27 15:13:19 [main] DEBUG l.i.u.t.SubmittedApplicationsPageTest - Selected the 'RadioButtonFA' option.
2025-03-27 15:13:19 [main] DEBUG l.i.u.t.SubmittedApplicationsPageTest - Entered phone number: '61298745'.
2025-03-27 15:13:19 [main] DEBUG l.i.u.t.SubmittedApplicationsPageTest - Entered email: 'test@autotest.com'.
2025-03-27 15:13:19 [main] INFO  l.i.u.p.SubmittedApplicationsPage - Clicking on the dropdown button.
2025-03-27 15:13:35 [main] INFO  l.i.u.p.SubmittedApplicationsPage - Found 1741 options in the dropdown.
2025-03-27 15:13:35 [main] DEBUG l.i.u.p.SubmittedApplicationsPage - Checking option: ''
2025-03-27 15:13:35 [main] DEBUG l.i.u.p.SubmittedApplicationsPage - Checking option: '01.11 - Grūdinių (išskyrus ryžius), ankštinių ir aliejingų sėklų augalų auginimas'
2025-03-27 15:13:35 [main] INFO  l.i.u.p.SubmittedApplicationsPage - Successfully selected the value: '01.11 - Grūdinių (išskyrus ryžius), ankštinių ir aliejingų sėklų augalų auginimas'
2025-03-27 15:13:35 [main] INFO  l.i.u.p.SubmittedApplicationsPage - Attempting to close the dropdown.
2025-03-27 15:13:36 [main] DEBUG l.i.u.t.SubmittedApplicationsPageTest - Selected EVRK value: '01.11 - Grūdinių (išskyrus ryžius), ankštinių ir aliejingų sėklų augalų auginimas'.
2025-03-27 15:13:36 [main] DEBUG l.i.u.t.SubmittedApplicationsPageTest - Clicked on 'Address Component' button.
2025-03-27 15:13:36 [main] INFO  l.i.u.p.SubmittedApplicationsPage - Located the dropdown button.
2025-03-27 15:13:40 [main] INFO  l.i.u.p.SubmittedApplicationsPage - Successfully selected the value: 'Lietuva'
2025-03-27 15:13:40 [main] DEBUG l.i.u.t.SubmittedApplicationsPageTest - Selected country: 'Lietuva'.
2025-03-27 15:13:40 [main] INFO  l.i.u.p.SubmittedApplicationsPage - Located the dropdown search field.
2025-03-27 15:13:40 [main] INFO  l.i.u.p.SubmittedApplicationsPage - Dropdown city is opened.
2025-03-27 15:13:41 [main] INFO  l.i.u.p.SubmittedApplicationsPage - Searched for value: 'Vilnius'
2025-03-27 15:13:41 [main] INFO  l.i.u.p.SubmittedApplicationsPage - Successfully selected: 'Vilnius'
2025-03-27 15:13:41 [main] INFO  l.i.u.p.SubmittedApplicationsPage - Located the dropdown button.
2025-03-27 15:13:42 [main] INFO  l.i.u.p.SubmittedApplicationsPage - Successfully selected the value: 'A. Domaševičiaus g.'
2025-03-27 15:13:42 [main] DEBUG l.i.u.t.SubmittedApplicationsPageTest - Selected street: 'A. Domaševičiaus g.'.
2025-03-27 15:13:42 [main] INFO  l.i.u.p.SubmittedApplicationsPage - Located the dropdown button.
2025-03-27 15:13:42 [main] INFO  l.i.u.p.SubmittedApplicationsPage - Successfully selected the value: '1'
2025-03-27 15:13:42 [main] DEBUG l.i.u.t.SubmittedApplicationsPageTest - Selected house: '1'.
2025-03-27 15:13:42 [main] INFO  l.i.u.p.SubmittedApplicationsPage - Located the dropdown button.
2025-03-27 15:13:42 [main] INFO  l.i.u.p.SubmittedApplicationsPage - Successfully selected the value: '1'
2025-03-27 15:13:42 [main] DEBUG l.i.u.t.SubmittedApplicationsPageTest - Selected apartment: '1'.
2025-03-27 15:13:43 [main] DEBUG l.i.u.t.SubmittedApplicationsPageTest - Clicked 'Confirm' button.
2025-03-27 15:13:43 [main] DEBUG l.i.u.t.SubmittedApplicationsPageTest - Entered project date.
2025-03-27 15:13:43 [main] DEBUG l.i.u.t.SubmittedApplicationsPageTest - Entered job count: '1'.
2025-03-27 15:13:43 [main] DEBUG l.i.u.t.SubmittedApplicationsPageTest - Clicked 'Next' button.
2025-03-27 15:13:43 [main] INFO  l.i.u.p.SubmittedApplicationsPage - Located the dropdown button.
2025-03-27 15:13:44 [main] INFO  l.i.u.p.SubmittedApplicationsPage - Successfully selected the value: 'Administratoriai'
2025-03-27 15:13:44 [main] DEBUG l.i.u.t.SubmittedApplicationsPageTest - Selected job name: 'Administratoriai'.
2025-03-27 15:13:44 [main] DEBUG l.i.u.t.SubmittedApplicationsPageTest - Entered job function: 'Funkcija 1'.
2025-03-27 15:13:44 [main] DEBUG l.i.u.t.SubmittedApplicationsPageTest - Selected 'RadioButtonWithDisabilities' option.
2025-03-27 15:13:44 [main] INFO  l.i.u.p.SubmittedApplicationsPage - Clicking on the dropdown button.
2025-03-27 15:13:45 [main] INFO  l.i.u.p.SubmittedApplicationsPage - Found 34 options in the dropdown.
2025-03-27 15:13:45 [main] DEBUG l.i.u.p.SubmittedApplicationsPage - Checking option: 'Asmenys, kuriems suteiktas pabėgėlio statusas ar perkeliamojo asmens statusas, arba asmenys, kuriems suteikta papildoma ar laikinoji apsauga, ir asmenys, turintys teisę gauti laikinąją apsaugą, iki sprendimo dėl laikinosios apsaugos suteikimo (nesuteikimo) priėmimo, tačiau ne ilgiau kaip laikinosios apsaugos laikotarpiu'
2025-03-27 15:13:45 [main] DEBUG l.i.u.p.SubmittedApplicationsPage - Checking option: 'Asmenys, kuriems suteiktas pabėgėlio statusas ar perkeliamojo asmens statusas, arba asmenys, kuriems suteikta papildoma ar laikinoji apsauga, ir asmenys, turintys teisę gauti laikinąją apsaugą, iki sprendimo dėl laikinosios apsaugos suteikimo (nesuteikimo) priėmimo, tačiau ne ilgiau kaip laikinosios apsaugos laikotarpiu'
2025-03-27 15:13:45 [main] DEBUG l.i.u.p.SubmittedApplicationsPage - Checking option: 'Asmenys, turintys teisę į papildomas užimtumo garantijas pagal Lietuvos Respublikos valstybės įmonės Ignalinos atominės elektrinės darbuotojų papildomų užimtumo ir socialinių garantijų įstatymą'
2025-03-27 15:13:45 [main] DEBUG l.i.u.p.SubmittedApplicationsPage - Checking option: 'Asmenys, turintys teisę į papildomas užimtumo garantijas pagal Lietuvos Respublikos valstybės įmonės Ignalinos atominės elektrinės darbuotojų papildomų užimtumo ir socialinių garantijų įstatymą'
2025-03-27 15:13:45 [main] DEBUG l.i.u.p.SubmittedApplicationsPage - Checking option: 'Bedarbiai iki 29 metų'
2025-03-27 15:13:45 [main] DEBUG l.i.u.p.SubmittedApplicationsPage - Checking option: 'Bedarbiai iki 29 metų'
2025-03-27 15:13:45 [main] DEBUG l.i.u.p.SubmittedApplicationsPage - Checking option: 'Bedarbiai, kurie yra darbingo amžiaus neįgalieji, kuriems nustatytas 30–40 procentų darbingumo lygis arba vidutinis neįgalumo lygis'
2025-03-27 15:13:45 [main] DEBUG l.i.u.p.SubmittedApplicationsPage - Checking option: 'Bedarbiai, kurie yra darbingo amžiaus neįgalieji, kuriems nustatytas 30–40 procentų darbingumo lygis arba vidutinis neįgalumo lygis'
2025-03-27 15:13:45 [main] DEBUG l.i.u.p.SubmittedApplicationsPage - Checking option: 'Bedarbiai, kurie yra darbingo amžiaus neįgalieji, kuriems nustatytas 45–55 procentų darbingumo lygis arba lengvas neįgalumo lygis'
2025-03-27 15:13:45 [main] DEBUG l.i.u.p.SubmittedApplicationsPage - Checking option: 'Bedarbiai, kurie yra darbingo amžiaus neįgalieji, kuriems nustatytas 45–55 procentų darbingumo lygis arba lengvas neįgalumo lygis'
2025-03-27 15:13:45 [main] DEBUG l.i.u.p.SubmittedApplicationsPage - Checking option: 'Bedarbiai, kurie yra darbingo amžiaus neįgalieji, kuriems nustatytas iki 25 procentų darbingumo lygis arba sunkus neįgalumo lygis'
2025-03-27 15:13:45 [main] INFO  l.i.u.p.SubmittedApplicationsPage - Successfully selected the value: 'Bedarbiai, kurie yra darbingo amžiaus neįgalieji, kuriems nustatytas iki 25 procentų darbingumo lygis arba sunkus neįgalumo lygis'
2025-03-27 15:13:45 [main] INFO  l.i.u.p.SubmittedApplicationsPage - Attempting to close the dropdown.
2025-03-27 15:13:46 [main] DEBUG l.i.u.t.SubmittedApplicationsPageTest - Selected disabilities type: 'Bedarbiai, kurie yra darbingo amžiaus neįgalieji, kuriems nustatytas iki 25 procentų darbingumo lygis arba sunkus neįgalumo lygis'.
2025-03-27 15:13:46 [main] DEBUG l.i.u.t.SubmittedApplicationsPageTest - Entered disability information: 'Negalia 1'.
2025-03-27 15:13:46 [main] INFO  l.i.u.p.SubmittedApplicationsPage - Located the dropdown button.
2025-03-27 15:13:47 [main] INFO  l.i.u.p.SubmittedApplicationsPage - Successfully selected the value: 'Kita'
2025-03-27 15:13:47 [main] DEBUG l.i.u.t.SubmittedApplicationsPageTest - Selected time mode: 'Kita'.
2025-03-27 15:13:47 [main] DEBUG l.i.u.t.SubmittedApplicationsPageTest - Selected time mode other: '6 val. per dieną ir 4 d. per savaitę'.
2025-03-27 15:13:48 [main] DEBUG l.i.u.t.SubmittedApplicationsPageTest - Entered qualification: 'Kvalifikacija 1'.
2025-03-27 15:13:48 [main] DEBUG l.i.u.t.SubmittedApplicationsPageTest - Entered job date.
2025-03-27 15:13:48 [main] DEBUG l.i.u.t.SubmittedApplicationsPageTest - Entered salary amount: '1200'.
2025-03-27 15:13:48 [main] DEBUG l.i.u.t.SubmittedApplicationsPageTest - Entered salary description: 'Užmokestis 1'.
2025-03-27 15:13:48 [main] DEBUG l.i.u.t.SubmittedApplicationsPageTest - Selected 'Temporary Job' radio button.
2025-03-27 15:13:48 [main] DEBUG l.i.u.t.SubmittedApplicationsPageTest - Selected 'Season Job' radio button.
2025-03-27 15:13:49 [main] DEBUG l.i.u.t.SubmittedApplicationsPageTest - Selected 'Energy' radio button.
2025-03-27 15:13:49 [main] DEBUG l.i.u.t.SubmittedApplicationsPageTest - Selected 'Repair' radio button.
2025-03-27 15:13:49 [main] DEBUG l.i.u.t.SubmittedApplicationsPageTest - Entered job description: 'Veikla 1'.
2025-03-27 15:13:49 [main] DEBUG l.i.u.t.SubmittedApplicationsPageTest - Entered process description: 'Procesas 1'.
2025-03-27 15:13:49 [main] DEBUG l.i.u.t.SubmittedApplicationsPageTest - Entered energy information: 'Energija 1'.
2025-03-27 15:13:50 [main] DEBUG l.i.u.t.SubmittedApplicationsPageTest - Entered repair information: 'Remontas 1'.
2025-03-27 15:13:50 [main] DEBUG l.i.u.t.SubmittedApplicationsPageTest - Selected 'PVM' radio button.
2025-03-27 15:13:50 [main] INFO  l.i.u.p.SubmittedApplicationsPage - Located the dropdown button.
2025-03-27 15:13:50 [main] INFO  l.i.u.p.SubmittedApplicationsPage - Successfully selected the value: 'Įsigyti'
2025-03-27 15:13:50 [main] DEBUG l.i.u.t.SubmittedApplicationsPageTest - Selected necessary for job: 'Įsigyti'.
2025-03-27 15:13:50 [main] DEBUG l.i.u.t.SubmittedApplicationsPageTest - Selected tool: 'Darbo priemonė 1'.
2025-03-27 15:13:51 [main] DEBUG l.i.u.t.SubmittedApplicationsPageTest - Selected tool parameter one: 'Darbo priemonės 1 parametras 1'.
2025-03-27 15:13:51 [main] DEBUG l.i.u.t.SubmittedApplicationsPageTest - Selected tool parameter two: 'Darbo priemonės 1 parametras 2'.
2025-03-27 15:13:51 [main] DEBUG l.i.u.t.SubmittedApplicationsPageTest - Selected tool parameter three: 'Darbo priemonės 1 parametras 3'.
2025-03-27 15:13:51 [main] DEBUG l.i.u.t.SubmittedApplicationsPageTest - Entered tool count: '1'.
2025-03-27 15:13:52 [main] DEBUG l.i.u.t.SubmittedApplicationsPageTest - Entered price amount 1: '1000'.
2025-03-27 15:13:54 [main] DEBUG l.i.u.t.SubmittedApplicationsPageTest - Entered own funds amount 1: '800'.
2025-03-27 15:13:56 [main] DEBUG l.i.u.t.SubmittedApplicationsPageTest - Clicked 'Add' button.
2025-03-27 15:13:56 [main] INFO  l.i.u.p.SubmittedApplicationsPage - Located the dropdown button.
2025-03-27 15:13:56 [main] INFO  l.i.u.p.SubmittedApplicationsPage - Successfully selected the value: 'Remontuoti'
2025-03-27 15:13:56 [main] DEBUG l.i.u.t.SubmittedApplicationsPageTest - Selected necessary for job 'to repair': 'Remontuoti'.
2025-03-27 15:13:57 [main] DEBUG l.i.u.t.SubmittedApplicationsPageTest - Selected repair name: 'Remonto pavadinimas 1'.
2025-03-27 15:13:57 [main] DEBUG l.i.u.t.SubmittedApplicationsPageTest - Entered repair information: 'Remonto aprašymas 1'.
2025-03-27 15:13:57 [main] DEBUG l.i.u.t.SubmittedApplicationsPageTest - Entered price amount 2: '1000'.
2025-03-27 15:13:59 [main] DEBUG l.i.u.t.SubmittedApplicationsPageTest - Entered own funds amount 2: '900'.
2025-03-27 15:14:02 [main] DEBUG l.i.u.t.SubmittedApplicationsPageTest - Entered own funds amount 1 again: '850'.
2025-03-27 15:14:02 [main] DEBUG l.i.u.t.SubmittedApplicationsPageTest - Entered own funds amount 2 again: '950'.
2025-03-27 15:14:02 [main] DEBUG l.i.u.t.SubmittedApplicationsPageTest - Entered country percentage: '50'.
2025-03-27 15:14:02 [main] DEBUG l.i.u.t.SubmittedApplicationsPageTest - Entered institution percentage: '50'.
2025-03-27 15:14:02 [main] DEBUG l.i.u.t.SubmittedApplicationsPageTest - Entered municipality percentage: '50'.
2025-03-27 15:14:03 [main] DEBUG l.i.u.t.SubmittedApplicationsPageTest - Selected 'De Minimis' radio button.
2025-03-27 15:14:03 [main] DEBUG l.i.u.t.SubmittedApplicationsPageTest - Entered program name: 'Programa 1'.
2025-03-27 15:14:03 [main] DEBUG l.i.u.t.SubmittedApplicationsPageTest - Entered project date from.
2025-03-27 15:14:03 [main] DEBUG l.i.u.t.SubmittedApplicationsPageTest - Entered project date until.
2025-03-27 15:14:03 [main] DEBUG l.i.u.t.SubmittedApplicationsPageTest - Entered support amount: '2000'.
2025-03-27 15:14:03 [main] DEBUG l.i.u.t.SubmittedApplicationsPageTest - Clicked 'Next' button.
2025-03-27 15:14:34 [main] ERROR l.i.u.t.SubmittedApplicationsPageTest - Test 'testFillNewVUIApplicationFA' failed with error: no such element: Unable to locate element: {"method":"xpath","selector":"(//div[contains(@class, 'mdc-checkbox')]//input[@type='checkbox'])[1]"}
  (Session info: chrome=134.0.6998.166)
For documentation on this error, please visit: https://www.selenium.dev/documentation/webdriver/troubleshooting/errors#no-such-element-exception
Build info: version: '4.27.0', revision: 'd6e718d134'
System info: os.name: 'Windows 11', os.arch: 'amd64', os.version: '10.0', java.version: '21.0.3'
Driver info: org.openqa.selenium.chrome.ChromeDriver
Command: [d31e634914f5f91494d49b6c17656f13, findElement {using=xpath, value=(//div[contains(@class, 'mdc-checkbox')]//input[@type='checkbox'])[1]}]
Capabilities {acceptInsecureCerts: false, browserName: chrome, browserVersion: 134.0.6998.166, chrome: {chromedriverVersion: 134.0.6998.165 (fd886e2cb29..., userDataDir: C:\Users\INGRID~1.ZAD\AppDa...}, fedcm:accounts: true, goog:chromeOptions: {debuggerAddress: localhost:49896}, networkConnectionEnabled: false, pageLoadStrategy: normal, platformName: windows, proxy: Proxy(), se:cdp: ws://localhost:49896/devtoo..., se:cdpVersion: 134.0.6998.166, setWindowRect: true, strictFileInteractability: false, timeouts: {implicit: 0, pageLoad: 300000, script: 30000}, unhandledPromptBehavior: dismiss and notify, webauthn:extension:credBlob: true, webauthn:extension:largeBlob: true, webauthn:extension:minPinLength: true, webauthn:extension:prf: true, webauthn:virtualAuthenticators: true}
Session ID: d31e634914f5f91494d49b6c17656f13
org.openqa.selenium.NoSuchElementException: no such element: Unable to locate element: {"method":"xpath","selector":"(//div[contains(@class, 'mdc-checkbox')]//input[@type='checkbox'])[1]"}
  (Session info: chrome=134.0.6998.166)
For documentation on this error, please visit: https://www.selenium.dev/documentation/webdriver/troubleshooting/errors#no-such-element-exception
Build info: version: '4.27.0', revision: 'd6e718d134'
System info: os.name: 'Windows 11', os.arch: 'amd64', os.version: '10.0', java.version: '21.0.3'
Driver info: org.openqa.selenium.chrome.ChromeDriver
Command: [d31e634914f5f91494d49b6c17656f13, findElement {using=xpath, value=(//div[contains(@class, 'mdc-checkbox')]//input[@type='checkbox'])[1]}]
Capabilities {acceptInsecureCerts: false, browserName: chrome, browserVersion: 134.0.6998.166, chrome: {chromedriverVersion: 134.0.6998.165 (fd886e2cb29..., userDataDir: C:\Users\INGRID~1.ZAD\AppDa...}, fedcm:accounts: true, goog:chromeOptions: {debuggerAddress: localhost:49896}, networkConnectionEnabled: false, pageLoadStrategy: normal, platformName: windows, proxy: Proxy(), se:cdp: ws://localhost:49896/devtoo..., se:cdpVersion: 134.0.6998.166, setWindowRect: true, strictFileInteractability: false, timeouts: {implicit: 0, pageLoad: 300000, script: 30000}, unhandledPromptBehavior: dismiss and notify, webauthn:extension:credBlob: true, webauthn:extension:largeBlob: true, webauthn:extension:minPinLength: true, webauthn:extension:prf: true, webauthn:virtualAuthenticators: true}
Session ID: d31e634914f5f91494d49b6c17656f13
	at java.base/jdk.internal.reflect.DirectConstructorHandleAccessor.newInstance(DirectConstructorHandleAccessor.java:62)
	at java.base/java.lang.reflect.Constructor.newInstanceWithCaller(Constructor.java:502)
	at java.base/java.lang.reflect.Constructor.newInstance(Constructor.java:486)
	at org.openqa.selenium.remote.ErrorCodec.decode(ErrorCodec.java:167)
	at org.openqa.selenium.remote.codec.w3c.W3CHttpResponseCodec.decode(W3CHttpResponseCodec.java:138)
	at org.openqa.selenium.remote.codec.w3c.W3CHttpResponseCodec.decode(W3CHttpResponseCodec.java:50)
	at org.openqa.selenium.remote.HttpCommandExecutor.execute(HttpCommandExecutor.java:190)
	at org.openqa.selenium.remote.service.DriverCommandExecutor.invokeExecute(DriverCommandExecutor.java:216)
	at org.openqa.selenium.remote.service.DriverCommandExecutor.execute(DriverCommandExecutor.java:174)
	at org.openqa.selenium.remote.RemoteWebDriver.execute(RemoteWebDriver.java:545)
	at org.openqa.selenium.remote.ElementLocation$ElementFinder$2.findElement(ElementLocation.java:165)
	at org.openqa.selenium.remote.ElementLocation.findElement(ElementLocation.java:59)
	at org.openqa.selenium.remote.RemoteWebDriver.findElement(RemoteWebDriver.java:368)
	at org.openqa.selenium.remote.RemoteWebDriver.findElement(RemoteWebDriver.java:362)
	at org.openqa.selenium.support.pagefactory.DefaultElementLocator.findElement(DefaultElementLocator.java:68)
	at org.openqa.selenium.support.pagefactory.internal.LocatingElementHandler.invoke(LocatingElementHandler.java:38)
	at jdk.proxy2/jdk.proxy2.$Proxy14.getWrappedElement(Unknown Source)
	at org.openqa.selenium.remote.WebElementToJsonConverter.apply(WebElementToJsonConverter.java:48)
	at java.base/java.util.stream.ReferencePipeline$3$1.accept(ReferencePipeline.java:197)
	at java.base/java.util.Spliterators$ArraySpliterator.forEachRemaining(Spliterators.java:1024)
	at java.base/java.util.stream.AbstractPipeline.copyInto(AbstractPipeline.java:509)
	at java.base/java.util.stream.AbstractPipeline.wrapAndCopyInto(AbstractPipeline.java:499)
	at java.base/java.util.stream.ReduceOps$ReduceOp.evaluateSequential(ReduceOps.java:921)
	at java.base/java.util.stream.AbstractPipeline.evaluate(AbstractPipeline.java:234)
	at java.base/java.util.stream.ReferencePipeline.collect(ReferencePipeline.java:682)
	at org.openqa.selenium.remote.RemoteWebDriver.executeScript(RemoteWebDriver.java:474)
	at lt.insoft.uztis.pages.SubmittedApplicationsPage$CheckboxHelper.clickWithJavaScript(SubmittedApplicationsPage.java:1739)
	at lt.insoft.uztis.pages.SubmittedApplicationsPage$CheckboxHelper.setConfirmationCheckbox(SubmittedApplicationsPage.java:1728)
	at lt.insoft.uztis.tests.SubmittedApplicationsPageTest.testFillNewVUIApplicationFA(SubmittedApplicationsPageTest.java:440)
	at java.base/jdk.internal.reflect.DirectMethodHandleAccessor.invoke(DirectMethodHandleAccessor.java:103)
	at java.base/java.lang.reflect.Method.invoke(Method.java:580)
	at org.junit.platform.commons.util.ReflectionUtils.invokeMethod(ReflectionUtils.java:728)
	at org.junit.jupiter.engine.execution.MethodInvocation.proceed(MethodInvocation.java:60)
	at org.junit.jupiter.engine.execution.InvocationInterceptorChain$ValidatingInvocation.proceed(InvocationInterceptorChain.java:131)
	at org.junit.jupiter.engine.extension.TimeoutExtension.intercept(TimeoutExtension.java:156)
	at org.junit.jupiter.engine.extension.TimeoutExtension.interceptTestableMethod(TimeoutExtension.java:147)
	at org.junit.jupiter.engine.extension.TimeoutExtension.interceptTestMethod(TimeoutExtension.java:86)
	at org.junit.jupiter.engine.execution.InterceptingExecutableInvoker$ReflectiveInterceptorCall.lambda$ofVoidMethod$0(InterceptingExecutableInvoker.java:103)
	at org.junit.jupiter.engine.execution.InterceptingExecutableInvoker.lambda$invoke$0(InterceptingExecutableInvoker.java:93)
	at org.junit.jupiter.engine.execution.InvocationInterceptorChain$InterceptedInvocation.proceed(InvocationInterceptorChain.java:106)
	at org.junit.jupiter.engine.execution.InvocationInterceptorChain.proceed(InvocationInterceptorChain.java:64)
	at org.junit.jupiter.engine.execution.InvocationInterceptorChain.chainAndInvoke(InvocationInterceptorChain.java:45)
	at org.junit.jupiter.engine.execution.InvocationInterceptorChain.invoke(InvocationInterceptorChain.java:37)
	at org.junit.jupiter.engine.execution.InterceptingExecutableInvoker.invoke(InterceptingExecutableInvoker.java:92)
	at org.junit.jupiter.engine.execution.InterceptingExecutableInvoker.invoke(InterceptingExecutableInvoker.java:86)
	at org.junit.jupiter.engine.descriptor.TestMethodTestDescriptor.lambda$invokeTestMethod$7(TestMethodTestDescriptor.java:218)
	at org.junit.platform.engine.support.hierarchical.ThrowableCollector.execute(ThrowableCollector.java:73)
	at org.junit.jupiter.engine.descriptor.TestMethodTestDescriptor.invokeTestMethod(TestMethodTestDescriptor.java:214)
	at org.junit.jupiter.engine.descriptor.TestMethodTestDescriptor.execute(TestMethodTestDescriptor.java:139)
	at org.junit.jupiter.engine.descriptor.TestMethodTestDescriptor.execute(TestMethodTestDescriptor.java:69)
	at org.junit.platform.engine.support.hierarchical.NodeTestTask.lambda$executeRecursively$6(NodeTestTask.java:151)
	at org.junit.platform.engine.support.hierarchical.ThrowableCollector.execute(ThrowableCollector.java:73)
	at org.junit.platform.engine.support.hierarchical.NodeTestTask.lambda$executeRecursively$8(NodeTestTask.java:141)
	at org.junit.platform.engine.support.hierarchical.Node.around(Node.java:137)
	at org.junit.platform.engine.support.hierarchical.NodeTestTask.lambda$executeRecursively$9(NodeTestTask.java:139)
	at org.junit.platform.engine.support.hierarchical.ThrowableCollector.execute(ThrowableCollector.java:73)
	at org.junit.platform.engine.support.hierarchical.NodeTestTask.executeRecursively(NodeTestTask.java:138)
	at org.junit.platform.engine.support.hierarchical.NodeTestTask.execute(NodeTestTask.java:95)
	at java.base/java.util.ArrayList.forEach(ArrayList.java:1596)
	at org.junit.platform.engine.support.hierarchical.SameThreadHierarchicalTestExecutorService.invokeAll(SameThreadHierarchicalTestExecutorService.java:41)
	at org.junit.platform.engine.support.hierarchical.NodeTestTask.lambda$executeRecursively$6(NodeTestTask.java:155)
	at org.junit.platform.engine.support.hierarchical.ThrowableCollector.execute(ThrowableCollector.java:73)
	at org.junit.platform.engine.support.hierarchical.NodeTestTask.lambda$executeRecursively$8(NodeTestTask.java:141)
	at org.junit.platform.engine.support.hierarchical.Node.around(Node.java:137)
	at org.junit.platform.engine.support.hierarchical.NodeTestTask.lambda$executeRecursively$9(NodeTestTask.java:139)
	at org.junit.platform.engine.support.hierarchical.ThrowableCollector.execute(ThrowableCollector.java:73)
	at org.junit.platform.engine.support.hierarchical.NodeTestTask.executeRecursively(NodeTestTask.java:138)
	at org.junit.platform.engine.support.hierarchical.NodeTestTask.execute(NodeTestTask.java:95)
	at java.base/java.util.ArrayList.forEach(ArrayList.java:1596)
	at org.junit.platform.engine.support.hierarchical.SameThreadHierarchicalTestExecutorService.invokeAll(SameThreadHierarchicalTestExecutorService.java:41)
	at org.junit.platform.engine.support.hierarchical.NodeTestTask.lambda$executeRecursively$6(NodeTestTask.java:155)
	at org.junit.platform.engine.support.hierarchical.ThrowableCollector.execute(ThrowableCollector.java:73)
	at org.junit.platform.engine.support.hierarchical.NodeTestTask.lambda$executeRecursively$8(NodeTestTask.java:141)
	at org.junit.platform.engine.support.hierarchical.Node.around(Node.java:137)
	at org.junit.platform.engine.support.hierarchical.NodeTestTask.lambda$executeRecursively$9(NodeTestTask.java:139)
	at org.junit.platform.engine.support.hierarchical.ThrowableCollector.execute(ThrowableCollector.java:73)
	at org.junit.platform.engine.support.hierarchical.NodeTestTask.executeRecursively(NodeTestTask.java:138)
	at org.junit.platform.engine.support.hierarchical.NodeTestTask.execute(NodeTestTask.java:95)
	at org.junit.platform.engine.support.hierarchical.SameThreadHierarchicalTestExecutorService.submit(SameThreadHierarchicalTestExecutorService.java:35)
	at org.junit.platform.engine.support.hierarchical.HierarchicalTestExecutor.execute(HierarchicalTestExecutor.java:57)
	at org.junit.platform.engine.support.hierarchical.HierarchicalTestEngine.execute(HierarchicalTestEngine.java:54)
	at org.junit.platform.launcher.core.EngineExecutionOrchestrator.execute(EngineExecutionOrchestrator.java:198)
	at org.junit.platform.launcher.core.EngineExecutionOrchestrator.execute(EngineExecutionOrchestrator.java:169)
	at org.junit.platform.launcher.core.EngineExecutionOrchestrator.execute(EngineExecutionOrchestrator.java:93)
	at org.junit.platform.launcher.core.EngineExecutionOrchestrator.lambda$execute$0(EngineExecutionOrchestrator.java:58)
	at org.junit.platform.launcher.core.EngineExecutionOrchestrator.withInterceptedStreams(EngineExecutionOrchestrator.java:141)
	at org.junit.platform.launcher.core.EngineExecutionOrchestrator.execute(EngineExecutionOrchestrator.java:57)
	at org.junit.platform.launcher.core.DefaultLauncher.execute(DefaultLauncher.java:103)
	at org.junit.platform.launcher.core.DefaultLauncher.execute(DefaultLauncher.java:85)
	at org.junit.platform.launcher.core.DelegatingLauncher.execute(DelegatingLauncher.java:47)
	at org.junit.platform.launcher.core.SessionPerRequestLauncher.execute(SessionPerRequestLauncher.java:63)
	at com.intellij.junit5.JUnit5IdeaTestRunner.startRunnerWithArgs(JUnit5IdeaTestRunner.java:57)
	at com.intellij.rt.junit.IdeaTestRunner$Repeater$1.execute(IdeaTestRunner.java:38)
	at com.intellij.rt.execution.junit.TestsRepeater.repeat(TestsRepeater.java:11)
	at com.intellij.rt.junit.IdeaTestRunner$Repeater.startRunnerWithArgs(IdeaTestRunner.java:35)
	at com.intellij.rt.junit.JUnitStarter.prepareStreamsAndStart(JUnitStarter.java:232)
	at com.intellij.rt.junit.JUnitStarter.main(JUnitStarter.java:55)
2025-03-27 15:14:34 [main] INFO  l.insoft.uztis.tests.utils.TestUtils - Screenshot moved to C:\Users\ingrida.zadorozniene\Desktop\Asm\UZTIS\UZTIS_tests\test-output\screenshots\20250327\151434215_testFillNewVUIApplicationFA().png
2025-03-27 15:19:33 [main] INFO  lt.insoft.uztis.tests.UztisPageTest - Navigated to https://uztisdev.asseco.lt/home
2025-03-27 15:19:33 [main] INFO  l.i.u.t.SubmittedApplicationsPageTest - Starting test:'testFillNewVUIPApplicationFA'
2025-03-27 15:19:33 [main] DEBUG l.i.u.t.SubmittedApplicationsPageTest - User logged in with test credentials.
2025-03-27 15:19:34 [main] DEBUG l.i.u.t.SubmittedApplicationsPageTest - Opened 'Application Processing' menu.
2025-03-27 15:19:34 [main] DEBUG l.i.u.t.SubmittedApplicationsPageTest - Clicked on 'Application Forms' menu.
2025-03-27 15:19:34 [main] DEBUG l.i.u.t.SubmittedApplicationsPageTest - Retrieved last description code text: 'TST-VUI-75'.
2025-03-27 15:19:34 [main] DEBUG l.i.u.t.SubmittedApplicationsPageTest - Clicked on 'Invitation' menu.
2025-03-27 15:19:36 [main] DEBUG l.i.u.t.SubmittedApplicationsPageTest - Selected application section by code: 'TST-VUI-75'.
2025-03-27 15:19:36 [main] DEBUG l.i.u.t.SubmittedApplicationsPageTest - Clicked 'Search' button.
2025-03-27 15:19:36 [main] DEBUG l.i.u.t.SubmittedApplicationsPageTest - Retrieved invitation code: ''.
2025-03-27 15:19:36 [main] DEBUG l.i.u.t.SubmittedApplicationsPageTest - Clicked on 'Submitted Applications' menu.
2025-03-27 15:19:38 [main] DEBUG l.i.u.t.SubmittedApplicationsPageTest - Selected invitation by code: 'TST-VUI-75'.
2025-03-27 15:19:38 [main] DEBUG l.i.u.t.SubmittedApplicationsPageTest - Invitation code inserted.
2025-03-27 15:19:38 [main] DEBUG l.i.u.t.SubmittedApplicationsPageTest - Clicked on 'Action Application' button.
2025-03-27 15:19:38 [main] DEBUG l.i.u.t.SubmittedApplicationsPageTest - Clicked on 'New Application' button.
2025-03-27 15:19:38 [main] DEBUG l.i.u.t.SubmittedApplicationsPageTest - Selected the 'RadioButtonFA' option.
2025-03-27 15:19:39 [main] DEBUG l.i.u.t.SubmittedApplicationsPageTest - Entered phone number: '61298745'.
2025-03-27 15:19:39 [main] DEBUG l.i.u.t.SubmittedApplicationsPageTest - Entered email: 'test@autotest.com'.
2025-03-27 15:19:39 [main] INFO  l.i.u.p.SubmittedApplicationsPage - Clicking on the dropdown button.
2025-03-27 15:19:56 [main] INFO  l.i.u.p.SubmittedApplicationsPage - Found 1741 options in the dropdown.
2025-03-27 15:19:56 [main] DEBUG l.i.u.p.SubmittedApplicationsPage - Checking option: ''
2025-03-27 15:19:56 [main] DEBUG l.i.u.p.SubmittedApplicationsPage - Checking option: '01.11 - Grūdinių (išskyrus ryžius), ankštinių ir aliejingų sėklų augalų auginimas'
2025-03-27 15:19:56 [main] INFO  l.i.u.p.SubmittedApplicationsPage - Successfully selected the value: '01.11 - Grūdinių (išskyrus ryžius), ankštinių ir aliejingų sėklų augalų auginimas'
2025-03-27 15:19:56 [main] INFO  l.i.u.p.SubmittedApplicationsPage - Attempting to close the dropdown.
2025-03-27 15:19:56 [main] DEBUG l.i.u.t.SubmittedApplicationsPageTest - Selected EVRK value: '01.11 - Grūdinių (išskyrus ryžius), ankštinių ir aliejingų sėklų augalų auginimas'.
2025-03-27 15:19:57 [main] DEBUG l.i.u.t.SubmittedApplicationsPageTest - Clicked on 'Address Component' button.
2025-03-27 15:19:57 [main] INFO  l.i.u.p.SubmittedApplicationsPage - Located the dropdown button.
2025-03-27 15:20:01 [main] INFO  l.i.u.p.SubmittedApplicationsPage - Successfully selected the value: 'Lietuva'
2025-03-27 15:20:01 [main] DEBUG l.i.u.t.SubmittedApplicationsPageTest - Selected country: 'Lietuva'.
2025-03-27 15:20:01 [main] INFO  l.i.u.p.SubmittedApplicationsPage - Located the dropdown search field.
2025-03-27 15:20:01 [main] INFO  l.i.u.p.SubmittedApplicationsPage - Dropdown city is opened.
2025-03-27 15:20:02 [main] INFO  l.i.u.p.SubmittedApplicationsPage - Searched for value: 'Vilnius'
2025-03-27 15:20:02 [main] INFO  l.i.u.p.SubmittedApplicationsPage - Successfully selected: 'Vilnius'
2025-03-27 15:20:02 [main] INFO  l.i.u.p.SubmittedApplicationsPage - Located the dropdown button.
2025-03-27 15:20:03 [main] INFO  l.i.u.p.SubmittedApplicationsPage - Successfully selected the value: 'A. Domaševičiaus g.'
2025-03-27 15:20:03 [main] DEBUG l.i.u.t.SubmittedApplicationsPageTest - Selected street: 'A. Domaševičiaus g.'.
2025-03-27 15:20:03 [main] INFO  l.i.u.p.SubmittedApplicationsPage - Located the dropdown button.
2025-03-27 15:20:03 [main] INFO  l.i.u.p.SubmittedApplicationsPage - Successfully selected the value: '1'
2025-03-27 15:20:03 [main] DEBUG l.i.u.t.SubmittedApplicationsPageTest - Selected house: '1'.
2025-03-27 15:20:03 [main] INFO  l.i.u.p.SubmittedApplicationsPage - Located the dropdown button.
2025-03-27 15:20:03 [main] INFO  l.i.u.p.SubmittedApplicationsPage - Successfully selected the value: '1'
2025-03-27 15:20:03 [main] DEBUG l.i.u.t.SubmittedApplicationsPageTest - Selected apartment: '1'.
2025-03-27 15:20:03 [main] DEBUG l.i.u.t.SubmittedApplicationsPageTest - Clicked 'Confirm' button.
2025-03-27 15:20:04 [main] DEBUG l.i.u.t.SubmittedApplicationsPageTest - Entered project date.
2025-03-27 15:20:04 [main] DEBUG l.i.u.t.SubmittedApplicationsPageTest - Entered job count: '1'.
2025-03-27 15:20:04 [main] DEBUG l.i.u.t.SubmittedApplicationsPageTest - Clicked 'Next' button.
2025-03-27 15:20:04 [main] INFO  l.i.u.p.SubmittedApplicationsPage - Located the dropdown button.
2025-03-27 15:20:05 [main] INFO  l.i.u.p.SubmittedApplicationsPage - Successfully selected the value: 'Administratoriai'
2025-03-27 15:20:05 [main] DEBUG l.i.u.t.SubmittedApplicationsPageTest - Selected job name: 'Administratoriai'.
2025-03-27 15:20:06 [main] DEBUG l.i.u.t.SubmittedApplicationsPageTest - Entered job function: 'Funkcija 1'.
2025-03-27 15:20:06 [main] DEBUG l.i.u.t.SubmittedApplicationsPageTest - Selected 'RadioButtonWithDisabilities' option.
2025-03-27 15:20:06 [main] INFO  l.i.u.p.SubmittedApplicationsPage - Clicking on the dropdown button.
2025-03-27 15:20:07 [main] INFO  l.i.u.p.SubmittedApplicationsPage - Found 34 options in the dropdown.
2025-03-27 15:20:07 [main] DEBUG l.i.u.p.SubmittedApplicationsPage - Checking option: 'Asmenys, kuriems suteiktas pabėgėlio statusas ar perkeliamojo asmens statusas, arba asmenys, kuriems suteikta papildoma ar laikinoji apsauga, ir asmenys, turintys teisę gauti laikinąją apsaugą, iki sprendimo dėl laikinosios apsaugos suteikimo (nesuteikimo) priėmimo, tačiau ne ilgiau kaip laikinosios apsaugos laikotarpiu'
2025-03-27 15:20:07 [main] DEBUG l.i.u.p.SubmittedApplicationsPage - Checking option: 'Asmenys, kuriems suteiktas pabėgėlio statusas ar perkeliamojo asmens statusas, arba asmenys, kuriems suteikta papildoma ar laikinoji apsauga, ir asmenys, turintys teisę gauti laikinąją apsaugą, iki sprendimo dėl laikinosios apsaugos suteikimo (nesuteikimo) priėmimo, tačiau ne ilgiau kaip laikinosios apsaugos laikotarpiu'
2025-03-27 15:20:07 [main] DEBUG l.i.u.p.SubmittedApplicationsPage - Checking option: 'Asmenys, turintys teisę į papildomas užimtumo garantijas pagal Lietuvos Respublikos valstybės įmonės Ignalinos atominės elektrinės darbuotojų papildomų užimtumo ir socialinių garantijų įstatymą'
2025-03-27 15:20:07 [main] DEBUG l.i.u.p.SubmittedApplicationsPage - Checking option: 'Asmenys, turintys teisę į papildomas užimtumo garantijas pagal Lietuvos Respublikos valstybės įmonės Ignalinos atominės elektrinės darbuotojų papildomų užimtumo ir socialinių garantijų įstatymą'
2025-03-27 15:20:07 [main] DEBUG l.i.u.p.SubmittedApplicationsPage - Checking option: 'Bedarbiai iki 29 metų'
2025-03-27 15:20:07 [main] DEBUG l.i.u.p.SubmittedApplicationsPage - Checking option: 'Bedarbiai iki 29 metų'
2025-03-27 15:20:07 [main] DEBUG l.i.u.p.SubmittedApplicationsPage - Checking option: 'Bedarbiai, kurie yra darbingo amžiaus neįgalieji, kuriems nustatytas 30–40 procentų darbingumo lygis arba vidutinis neįgalumo lygis'
2025-03-27 15:20:07 [main] DEBUG l.i.u.p.SubmittedApplicationsPage - Checking option: 'Bedarbiai, kurie yra darbingo amžiaus neįgalieji, kuriems nustatytas 30–40 procentų darbingumo lygis arba vidutinis neįgalumo lygis'
2025-03-27 15:20:07 [main] DEBUG l.i.u.p.SubmittedApplicationsPage - Checking option: 'Bedarbiai, kurie yra darbingo amžiaus neįgalieji, kuriems nustatytas 45–55 procentų darbingumo lygis arba lengvas neįgalumo lygis'
2025-03-27 15:20:07 [main] DEBUG l.i.u.p.SubmittedApplicationsPage - Checking option: 'Bedarbiai, kurie yra darbingo amžiaus neįgalieji, kuriems nustatytas 45–55 procentų darbingumo lygis arba lengvas neįgalumo lygis'
2025-03-27 15:20:07 [main] DEBUG l.i.u.p.SubmittedApplicationsPage - Checking option: 'Bedarbiai, kurie yra darbingo amžiaus neįgalieji, kuriems nustatytas iki 25 procentų darbingumo lygis arba sunkus neįgalumo lygis'
2025-03-27 15:20:07 [main] INFO  l.i.u.p.SubmittedApplicationsPage - Successfully selected the value: 'Bedarbiai, kurie yra darbingo amžiaus neįgalieji, kuriems nustatytas iki 25 procentų darbingumo lygis arba sunkus neįgalumo lygis'
2025-03-27 15:20:07 [main] INFO  l.i.u.p.SubmittedApplicationsPage - Attempting to close the dropdown.
2025-03-27 15:20:07 [main] DEBUG l.i.u.t.SubmittedApplicationsPageTest - Selected disabilities type: 'Bedarbiai, kurie yra darbingo amžiaus neįgalieji, kuriems nustatytas iki 25 procentų darbingumo lygis arba sunkus neįgalumo lygis'.
2025-03-27 15:20:08 [main] DEBUG l.i.u.t.SubmittedApplicationsPageTest - Entered disability information: 'Negalia 1'.
2025-03-27 15:20:08 [main] INFO  l.i.u.p.SubmittedApplicationsPage - Located the dropdown button.
2025-03-27 15:20:09 [main] INFO  l.i.u.p.SubmittedApplicationsPage - Successfully selected the value: 'Kita'
2025-03-27 15:20:09 [main] DEBUG l.i.u.t.SubmittedApplicationsPageTest - Selected time mode: 'Kita'.
2025-03-27 15:20:09 [main] DEBUG l.i.u.t.SubmittedApplicationsPageTest - Selected time mode other: '6 val. per dieną ir 4 d. per savaitę'.
2025-03-27 15:20:09 [main] DEBUG l.i.u.t.SubmittedApplicationsPageTest - Entered qualification: 'Kvalifikacija 1'.
2025-03-27 15:20:09 [main] DEBUG l.i.u.t.SubmittedApplicationsPageTest - Entered job date.
2025-03-27 15:20:10 [main] DEBUG l.i.u.t.SubmittedApplicationsPageTest - Entered salary amount: '1200'.
2025-03-27 15:20:10 [main] DEBUG l.i.u.t.SubmittedApplicationsPageTest - Entered salary description: 'Užmokestis 1'.
2025-03-27 15:20:10 [main] DEBUG l.i.u.t.SubmittedApplicationsPageTest - Selected 'Temporary Job' radio button.
2025-03-27 15:20:10 [main] DEBUG l.i.u.t.SubmittedApplicationsPageTest - Selected 'Season Job' radio button.
2025-03-27 15:20:10 [main] DEBUG l.i.u.t.SubmittedApplicationsPageTest - Selected 'Energy' radio button.
2025-03-27 15:20:10 [main] DEBUG l.i.u.t.SubmittedApplicationsPageTest - Selected 'Repair' radio button.
2025-03-27 15:20:11 [main] DEBUG l.i.u.t.SubmittedApplicationsPageTest - Entered job description: 'Veikla 1'.
2025-03-27 15:20:11 [main] DEBUG l.i.u.t.SubmittedApplicationsPageTest - Entered process description: 'Procesas 1'.
2025-03-27 15:20:11 [main] DEBUG l.i.u.t.SubmittedApplicationsPageTest - Entered energy information: 'Energija 1'.
2025-03-27 15:20:11 [main] DEBUG l.i.u.t.SubmittedApplicationsPageTest - Entered repair information: 'Remontas 1'.
2025-03-27 15:20:11 [main] DEBUG l.i.u.t.SubmittedApplicationsPageTest - Selected 'PVM' radio button.
2025-03-27 15:20:11 [main] INFO  l.i.u.p.SubmittedApplicationsPage - Located the dropdown button.
2025-03-27 15:20:12 [main] INFO  l.i.u.p.SubmittedApplicationsPage - Successfully selected the value: 'Įsigyti'
2025-03-27 15:20:12 [main] DEBUG l.i.u.t.SubmittedApplicationsPageTest - Selected necessary for job: 'Įsigyti'.
2025-03-27 15:20:13 [main] DEBUG l.i.u.t.SubmittedApplicationsPageTest - Selected tool: 'Darbo priemonė 1'.
2025-03-27 15:20:13 [main] DEBUG l.i.u.t.SubmittedApplicationsPageTest - Selected tool parameter one: 'Darbo priemonės 1 parametras 1'.
2025-03-27 15:20:13 [main] DEBUG l.i.u.t.SubmittedApplicationsPageTest - Selected tool parameter two: 'Darbo priemonės 1 parametras 2'.
2025-03-27 15:20:14 [main] DEBUG l.i.u.t.SubmittedApplicationsPageTest - Selected tool parameter three: 'Darbo priemonės 1 parametras 3'.
2025-03-27 15:20:14 [main] DEBUG l.i.u.t.SubmittedApplicationsPageTest - Entered tool count: '1'.
2025-03-27 15:20:14 [main] DEBUG l.i.u.t.SubmittedApplicationsPageTest - Entered price amount 1: '1000'.
2025-03-27 15:20:16 [main] DEBUG l.i.u.t.SubmittedApplicationsPageTest - Entered own funds amount 1: '550'.
2025-03-27 15:20:18 [main] DEBUG l.i.u.t.SubmittedApplicationsPageTest - Clicked 'Add' button.
2025-03-27 15:20:18 [main] INFO  l.i.u.p.SubmittedApplicationsPage - Located the dropdown button.
2025-03-27 15:20:19 [main] INFO  l.i.u.p.SubmittedApplicationsPage - Successfully selected the value: 'Remontuoti'
2025-03-27 15:20:19 [main] DEBUG l.i.u.t.SubmittedApplicationsPageTest - Selected necessary for job 'to repair': 'Remontuoti'.
2025-03-27 15:20:19 [main] DEBUG l.i.u.t.SubmittedApplicationsPageTest - Selected repair name: 'Remonto pavadinimas 1'.
2025-03-27 15:20:19 [main] DEBUG l.i.u.t.SubmittedApplicationsPageTest - Entered repair information: 'Remonto aprašymas 1'.
2025-03-27 15:20:20 [main] DEBUG l.i.u.t.SubmittedApplicationsPageTest - Entered price amount 2: '1000'.
2025-03-27 15:20:22 [main] DEBUG l.i.u.t.SubmittedApplicationsPageTest - Entered own funds amount 2: '650'.
2025-03-27 15:20:24 [main] DEBUG l.i.u.t.SubmittedApplicationsPageTest - Entered country percentage: '50'.
2025-03-27 15:20:24 [main] DEBUG l.i.u.t.SubmittedApplicationsPageTest - Entered institution percentage: '50'.
2025-03-27 15:20:24 [main] DEBUG l.i.u.t.SubmittedApplicationsPageTest - Entered municipality percentage: '50'.
2025-03-27 15:20:24 [main] DEBUG l.i.u.t.SubmittedApplicationsPageTest - Selected 'De Minimis' radio button.
2025-03-27 15:20:24 [main] DEBUG l.i.u.t.SubmittedApplicationsPageTest - Entered program name: 'Programa 1'.
2025-03-27 15:20:25 [main] DEBUG l.i.u.t.SubmittedApplicationsPageTest - Entered project date from.
2025-03-27 15:20:25 [main] DEBUG l.i.u.t.SubmittedApplicationsPageTest - Entered project date until.
2025-03-27 15:20:25 [main] DEBUG l.i.u.t.SubmittedApplicationsPageTest - Entered support amount: '2000'.
2025-03-27 15:20:25 [main] DEBUG l.i.u.t.SubmittedApplicationsPageTest - Clicked 'Next' button.
2025-03-27 15:23:23 [main] INFO  lt.insoft.uztis.tests.UztisPageTest - Navigated to https://uztisdev.asseco.lt/home
2025-03-27 15:23:23 [main] INFO  l.i.u.t.SubmittedApplicationsPageTest - Starting test:'testFillNewVUIPApplicationFA'
2025-03-27 15:23:24 [main] DEBUG l.i.u.t.SubmittedApplicationsPageTest - User logged in with test credentials.
2025-03-27 15:23:24 [main] DEBUG l.i.u.t.SubmittedApplicationsPageTest - Opened 'Application Processing' menu.
2025-03-27 15:23:24 [main] DEBUG l.i.u.t.SubmittedApplicationsPageTest - Clicked on 'Application Forms' menu.
2025-03-27 15:23:25 [main] DEBUG l.i.u.t.SubmittedApplicationsPageTest - Retrieved last description code text: 'TST-VUI-75'.
2025-03-27 15:23:25 [main] DEBUG l.i.u.t.SubmittedApplicationsPageTest - Clicked on 'Invitation' menu.
2025-03-27 15:23:26 [main] DEBUG l.i.u.t.SubmittedApplicationsPageTest - Selected application section by code: 'TST-VUI-75'.
2025-03-27 15:23:26 [main] DEBUG l.i.u.t.SubmittedApplicationsPageTest - Clicked 'Search' button.
2025-03-27 15:23:26 [main] DEBUG l.i.u.t.SubmittedApplicationsPageTest - Retrieved invitation code: ''.
2025-03-27 15:23:27 [main] DEBUG l.i.u.t.SubmittedApplicationsPageTest - Clicked on 'Submitted Applications' menu.
2025-03-27 15:23:28 [main] DEBUG l.i.u.t.SubmittedApplicationsPageTest - Selected invitation by code: 'TST-VUI-75'.
2025-03-27 15:23:28 [main] DEBUG l.i.u.t.SubmittedApplicationsPageTest - Invitation code inserted.
2025-03-27 15:23:28 [main] DEBUG l.i.u.t.SubmittedApplicationsPageTest - Clicked on 'Action Application' button.
2025-03-27 15:23:28 [main] DEBUG l.i.u.t.SubmittedApplicationsPageTest - Clicked on 'New Application' button.
2025-03-27 15:23:29 [main] DEBUG l.i.u.t.SubmittedApplicationsPageTest - Selected the 'RadioButtonFA' option.
2025-03-27 15:23:29 [main] DEBUG l.i.u.t.SubmittedApplicationsPageTest - Entered phone number: '61298745'.
2025-03-27 15:23:29 [main] DEBUG l.i.u.t.SubmittedApplicationsPageTest - Entered email: 'test@autotest.com'.
2025-03-27 15:23:29 [main] INFO  l.i.u.p.SubmittedApplicationsPage - Clicking on the dropdown button.
2025-03-27 15:23:44 [main] INFO  l.i.u.p.SubmittedApplicationsPage - Found 1741 options in the dropdown.
2025-03-27 15:23:44 [main] DEBUG l.i.u.p.SubmittedApplicationsPage - Checking option: ''
2025-03-27 15:23:44 [main] DEBUG l.i.u.p.SubmittedApplicationsPage - Checking option: '01.11 - Grūdinių (išskyrus ryžius), ankštinių ir aliejingų sėklų augalų auginimas'
2025-03-27 15:23:45 [main] INFO  l.i.u.p.SubmittedApplicationsPage - Successfully selected the value: '01.11 - Grūdinių (išskyrus ryžius), ankštinių ir aliejingų sėklų augalų auginimas'
2025-03-27 15:23:45 [main] INFO  l.i.u.p.SubmittedApplicationsPage - Attempting to close the dropdown.
2025-03-27 15:23:45 [main] DEBUG l.i.u.t.SubmittedApplicationsPageTest - Selected EVRK value: '01.11 - Grūdinių (išskyrus ryžius), ankštinių ir aliejingų sėklų augalų auginimas'.
2025-03-27 15:23:45 [main] DEBUG l.i.u.t.SubmittedApplicationsPageTest - Clicked on 'Address Component' button.
2025-03-27 15:23:45 [main] INFO  l.i.u.p.SubmittedApplicationsPage - Located the dropdown button.
2025-03-27 15:23:48 [main] INFO  l.i.u.p.SubmittedApplicationsPage - Successfully selected the value: 'Lietuva'
2025-03-27 15:23:48 [main] DEBUG l.i.u.t.SubmittedApplicationsPageTest - Selected country: 'Lietuva'.
2025-03-27 15:23:48 [main] INFO  l.i.u.p.SubmittedApplicationsPage - Located the dropdown search field.
2025-03-27 15:23:49 [main] INFO  l.i.u.p.SubmittedApplicationsPage - Dropdown city is opened.
2025-03-27 15:23:49 [main] INFO  l.i.u.p.SubmittedApplicationsPage - Searched for value: 'Vilnius'
2025-03-27 15:23:50 [main] INFO  l.i.u.p.SubmittedApplicationsPage - Successfully selected: 'Vilnius'
2025-03-27 15:23:50 [main] INFO  l.i.u.p.SubmittedApplicationsPage - Located the dropdown button.
2025-03-27 15:23:50 [main] INFO  l.i.u.p.SubmittedApplicationsPage - Successfully selected the value: 'A. Domaševičiaus g.'
2025-03-27 15:23:50 [main] DEBUG l.i.u.t.SubmittedApplicationsPageTest - Selected street: 'A. Domaševičiaus g.'.
2025-03-27 15:23:50 [main] INFO  l.i.u.p.SubmittedApplicationsPage - Located the dropdown button.
2025-03-27 15:23:51 [main] INFO  l.i.u.p.SubmittedApplicationsPage - Successfully selected the value: '1'
2025-03-27 15:23:51 [main] DEBUG l.i.u.t.SubmittedApplicationsPageTest - Selected house: '1'.
2025-03-27 15:23:51 [main] INFO  l.i.u.p.SubmittedApplicationsPage - Located the dropdown button.
2025-03-27 15:23:51 [main] INFO  l.i.u.p.SubmittedApplicationsPage - Successfully selected the value: '1'
2025-03-27 15:23:51 [main] DEBUG l.i.u.t.SubmittedApplicationsPageTest - Selected apartment: '1'.
2025-03-27 15:23:51 [main] DEBUG l.i.u.t.SubmittedApplicationsPageTest - Clicked 'Confirm' button.
2025-03-27 15:23:51 [main] DEBUG l.i.u.t.SubmittedApplicationsPageTest - Entered project date.
2025-03-27 15:23:51 [main] DEBUG l.i.u.t.SubmittedApplicationsPageTest - Entered job count: '1'.
2025-03-27 15:23:52 [main] DEBUG l.i.u.t.SubmittedApplicationsPageTest - Clicked 'Next' button.
2025-03-27 15:23:52 [main] INFO  l.i.u.p.SubmittedApplicationsPage - Located the dropdown button.
2025-03-27 15:23:53 [main] INFO  l.i.u.p.SubmittedApplicationsPage - Successfully selected the value: 'Administratoriai'
2025-03-27 15:23:53 [main] DEBUG l.i.u.t.SubmittedApplicationsPageTest - Selected job name: 'Administratoriai'.
2025-03-27 15:23:53 [main] DEBUG l.i.u.t.SubmittedApplicationsPageTest - Entered job function: 'Funkcija 1'.
2025-03-27 15:23:53 [main] DEBUG l.i.u.t.SubmittedApplicationsPageTest - Selected 'RadioButtonWithDisabilities' option.
2025-03-27 15:23:53 [main] INFO  l.i.u.p.SubmittedApplicationsPage - Clicking on the dropdown button.
2025-03-27 15:23:54 [main] INFO  l.i.u.p.SubmittedApplicationsPage - Found 34 options in the dropdown.
2025-03-27 15:23:54 [main] DEBUG l.i.u.p.SubmittedApplicationsPage - Checking option: 'Asmenys, kuriems suteiktas pabėgėlio statusas ar perkeliamojo asmens statusas, arba asmenys, kuriems suteikta papildoma ar laikinoji apsauga, ir asmenys, turintys teisę gauti laikinąją apsaugą, iki sprendimo dėl laikinosios apsaugos suteikimo (nesuteikimo) priėmimo, tačiau ne ilgiau kaip laikinosios apsaugos laikotarpiu'
2025-03-27 15:23:54 [main] DEBUG l.i.u.p.SubmittedApplicationsPage - Checking option: 'Asmenys, kuriems suteiktas pabėgėlio statusas ar perkeliamojo asmens statusas, arba asmenys, kuriems suteikta papildoma ar laikinoji apsauga, ir asmenys, turintys teisę gauti laikinąją apsaugą, iki sprendimo dėl laikinosios apsaugos suteikimo (nesuteikimo) priėmimo, tačiau ne ilgiau kaip laikinosios apsaugos laikotarpiu'
2025-03-27 15:23:54 [main] DEBUG l.i.u.p.SubmittedApplicationsPage - Checking option: 'Asmenys, turintys teisę į papildomas užimtumo garantijas pagal Lietuvos Respublikos valstybės įmonės Ignalinos atominės elektrinės darbuotojų papildomų užimtumo ir socialinių garantijų įstatymą'
2025-03-27 15:23:54 [main] DEBUG l.i.u.p.SubmittedApplicationsPage - Checking option: 'Asmenys, turintys teisę į papildomas užimtumo garantijas pagal Lietuvos Respublikos valstybės įmonės Ignalinos atominės elektrinės darbuotojų papildomų užimtumo ir socialinių garantijų įstatymą'
2025-03-27 15:23:54 [main] DEBUG l.i.u.p.SubmittedApplicationsPage - Checking option: 'Bedarbiai iki 29 metų'
2025-03-27 15:23:54 [main] DEBUG l.i.u.p.SubmittedApplicationsPage - Checking option: 'Bedarbiai iki 29 metų'
2025-03-27 15:23:54 [main] DEBUG l.i.u.p.SubmittedApplicationsPage - Checking option: 'Bedarbiai, kurie yra darbingo amžiaus neįgalieji, kuriems nustatytas 30–40 procentų darbingumo lygis arba vidutinis neįgalumo lygis'
2025-03-27 15:23:54 [main] DEBUG l.i.u.p.SubmittedApplicationsPage - Checking option: 'Bedarbiai, kurie yra darbingo amžiaus neįgalieji, kuriems nustatytas 30–40 procentų darbingumo lygis arba vidutinis neįgalumo lygis'
2025-03-27 15:23:54 [main] DEBUG l.i.u.p.SubmittedApplicationsPage - Checking option: 'Bedarbiai, kurie yra darbingo amžiaus neįgalieji, kuriems nustatytas 45–55 procentų darbingumo lygis arba lengvas neįgalumo lygis'
2025-03-27 15:23:54 [main] DEBUG l.i.u.p.SubmittedApplicationsPage - Checking option: 'Bedarbiai, kurie yra darbingo amžiaus neįgalieji, kuriems nustatytas 45–55 procentų darbingumo lygis arba lengvas neįgalumo lygis'
2025-03-27 15:23:54 [main] DEBUG l.i.u.p.SubmittedApplicationsPage - Checking option: 'Bedarbiai, kurie yra darbingo amžiaus neįgalieji, kuriems nustatytas iki 25 procentų darbingumo lygis arba sunkus neįgalumo lygis'
2025-03-27 15:23:54 [main] INFO  l.i.u.p.SubmittedApplicationsPage - Successfully selected the value: 'Bedarbiai, kurie yra darbingo amžiaus neįgalieji, kuriems nustatytas iki 25 procentų darbingumo lygis arba sunkus neįgalumo lygis'
2025-03-27 15:23:54 [main] INFO  l.i.u.p.SubmittedApplicationsPage - Attempting to close the dropdown.
2025-03-27 15:23:55 [main] DEBUG l.i.u.t.SubmittedApplicationsPageTest - Selected disabilities type: 'Bedarbiai, kurie yra darbingo amžiaus neįgalieji, kuriems nustatytas iki 25 procentų darbingumo lygis arba sunkus neįgalumo lygis'.
2025-03-27 15:23:55 [main] DEBUG l.i.u.t.SubmittedApplicationsPageTest - Entered disability information: 'Negalia 1'.
2025-03-27 15:23:55 [main] INFO  l.i.u.p.SubmittedApplicationsPage - Located the dropdown button.
2025-03-27 15:23:56 [main] INFO  l.i.u.p.SubmittedApplicationsPage - Successfully selected the value: 'Kita'
2025-03-27 15:23:56 [main] DEBUG l.i.u.t.SubmittedApplicationsPageTest - Selected time mode: 'Kita'.
2025-03-27 15:23:56 [main] DEBUG l.i.u.t.SubmittedApplicationsPageTest - Selected time mode other: '6 val. per dieną ir 4 d. per savaitę'.
2025-03-27 15:23:56 [main] DEBUG l.i.u.t.SubmittedApplicationsPageTest - Entered qualification: 'Kvalifikacija 1'.
2025-03-27 15:23:56 [main] DEBUG l.i.u.t.SubmittedApplicationsPageTest - Entered job date.
2025-03-27 15:23:57 [main] DEBUG l.i.u.t.SubmittedApplicationsPageTest - Entered salary amount: '1200'.
2025-03-27 15:23:57 [main] DEBUG l.i.u.t.SubmittedApplicationsPageTest - Entered salary description: 'Užmokestis 1'.
2025-03-27 15:23:57 [main] DEBUG l.i.u.t.SubmittedApplicationsPageTest - Selected 'Temporary Job' radio button.
2025-03-27 15:23:57 [main] DEBUG l.i.u.t.SubmittedApplicationsPageTest - Selected 'Season Job' radio button.
2025-03-27 15:23:57 [main] DEBUG l.i.u.t.SubmittedApplicationsPageTest - Selected 'Energy' radio button.
2025-03-27 15:23:57 [main] DEBUG l.i.u.t.SubmittedApplicationsPageTest - Selected 'Repair' radio button.
2025-03-27 15:23:58 [main] DEBUG l.i.u.t.SubmittedApplicationsPageTest - Entered job description: 'Veikla 1'.
2025-03-27 15:23:58 [main] DEBUG l.i.u.t.SubmittedApplicationsPageTest - Entered process description: 'Procesas 1'.
2025-03-27 15:23:58 [main] DEBUG l.i.u.t.SubmittedApplicationsPageTest - Entered energy information: 'Energija 1'.
2025-03-27 15:23:58 [main] DEBUG l.i.u.t.SubmittedApplicationsPageTest - Entered repair information: 'Remontas 1'.
2025-03-27 15:23:58 [main] DEBUG l.i.u.t.SubmittedApplicationsPageTest - Selected 'PVM' radio button.
2025-03-27 15:23:58 [main] INFO  l.i.u.p.SubmittedApplicationsPage - Located the dropdown button.
2025-03-27 15:23:59 [main] INFO  l.i.u.p.SubmittedApplicationsPage - Successfully selected the value: 'Įsigyti'
2025-03-27 15:23:59 [main] DEBUG l.i.u.t.SubmittedApplicationsPageTest - Selected necessary for job: 'Įsigyti'.
2025-03-27 15:24:00 [main] DEBUG l.i.u.t.SubmittedApplicationsPageTest - Selected tool: 'Darbo priemonė 1'.
2025-03-27 15:24:00 [main] DEBUG l.i.u.t.SubmittedApplicationsPageTest - Selected tool parameter one: 'Darbo priemonės 1 parametras 1'.
2025-03-27 15:24:00 [main] DEBUG l.i.u.t.SubmittedApplicationsPageTest - Selected tool parameter two: 'Darbo priemonės 1 parametras 2'.
2025-03-27 15:24:00 [main] DEBUG l.i.u.t.SubmittedApplicationsPageTest - Selected tool parameter three: 'Darbo priemonės 1 parametras 3'.
2025-03-27 15:24:01 [main] DEBUG l.i.u.t.SubmittedApplicationsPageTest - Entered tool count: '1'.
2025-03-27 15:24:01 [main] DEBUG l.i.u.t.SubmittedApplicationsPageTest - Entered price amount 1: '1000'.
2025-03-27 15:24:03 [main] DEBUG l.i.u.t.SubmittedApplicationsPageTest - Entered own funds amount 1: '800'.
2025-03-27 15:24:05 [main] DEBUG l.i.u.t.SubmittedApplicationsPageTest - Clicked 'Add' button.
2025-03-27 15:24:05 [main] INFO  l.i.u.p.SubmittedApplicationsPage - Located the dropdown button.
2025-03-27 15:24:06 [main] INFO  l.i.u.p.SubmittedApplicationsPage - Successfully selected the value: 'Remontuoti'
2025-03-27 15:24:06 [main] DEBUG l.i.u.t.SubmittedApplicationsPageTest - Selected necessary for job 'to repair': 'Remontuoti'.
2025-03-27 15:24:06 [main] DEBUG l.i.u.t.SubmittedApplicationsPageTest - Selected repair name: 'Remonto pavadinimas 1'.
2025-03-27 15:24:07 [main] DEBUG l.i.u.t.SubmittedApplicationsPageTest - Entered repair information: 'Remonto aprašymas 1'.
2025-03-27 15:24:07 [main] DEBUG l.i.u.t.SubmittedApplicationsPageTest - Entered price amount 2: '1000'.
2025-03-27 15:24:09 [main] DEBUG l.i.u.t.SubmittedApplicationsPageTest - Entered own funds amount 2: '900'.
2025-03-27 15:24:11 [main] DEBUG l.i.u.t.SubmittedApplicationsPageTest - Entered own funds amount 1 again: '850'.
2025-03-27 15:24:12 [main] DEBUG l.i.u.t.SubmittedApplicationsPageTest - Entered own funds amount 2 again: '950'.
2025-03-27 15:24:12 [main] DEBUG l.i.u.t.SubmittedApplicationsPageTest - Entered value after input: '800850', '900950'
2025-03-27 15:24:12 [main] ERROR l.i.u.t.SubmittedApplicationsPageTest - Test 'testFillNewVUIApplicationFA' failed with error: ❌ ERROR: Expected value '850', but got 800850
java.lang.AssertionError: ❌ ERROR: Expected value '850', but got 800850
	at lt.insoft.uztis.tests.SubmittedApplicationsPageTest.testFillNewVUIApplicationFA(SubmittedApplicationsPageTest.java:402)
	at java.base/jdk.internal.reflect.DirectMethodHandleAccessor.invoke(DirectMethodHandleAccessor.java:103)
	at java.base/java.lang.reflect.Method.invoke(Method.java:580)
	at org.junit.platform.commons.util.ReflectionUtils.invokeMethod(ReflectionUtils.java:728)
	at org.junit.jupiter.engine.execution.MethodInvocation.proceed(MethodInvocation.java:60)
	at org.junit.jupiter.engine.execution.InvocationInterceptorChain$ValidatingInvocation.proceed(InvocationInterceptorChain.java:131)
	at org.junit.jupiter.engine.extension.TimeoutExtension.intercept(TimeoutExtension.java:156)
	at org.junit.jupiter.engine.extension.TimeoutExtension.interceptTestableMethod(TimeoutExtension.java:147)
	at org.junit.jupiter.engine.extension.TimeoutExtension.interceptTestMethod(TimeoutExtension.java:86)
	at org.junit.jupiter.engine.execution.InterceptingExecutableInvoker$ReflectiveInterceptorCall.lambda$ofVoidMethod$0(InterceptingExecutableInvoker.java:103)
	at org.junit.jupiter.engine.execution.InterceptingExecutableInvoker.lambda$invoke$0(InterceptingExecutableInvoker.java:93)
	at org.junit.jupiter.engine.execution.InvocationInterceptorChain$InterceptedInvocation.proceed(InvocationInterceptorChain.java:106)
	at org.junit.jupiter.engine.execution.InvocationInterceptorChain.proceed(InvocationInterceptorChain.java:64)
	at org.junit.jupiter.engine.execution.InvocationInterceptorChain.chainAndInvoke(InvocationInterceptorChain.java:45)
	at org.junit.jupiter.engine.execution.InvocationInterceptorChain.invoke(InvocationInterceptorChain.java:37)
	at org.junit.jupiter.engine.execution.InterceptingExecutableInvoker.invoke(InterceptingExecutableInvoker.java:92)
	at org.junit.jupiter.engine.execution.InterceptingExecutableInvoker.invoke(InterceptingExecutableInvoker.java:86)
	at org.junit.jupiter.engine.descriptor.TestMethodTestDescriptor.lambda$invokeTestMethod$7(TestMethodTestDescriptor.java:218)
	at org.junit.platform.engine.support.hierarchical.ThrowableCollector.execute(ThrowableCollector.java:73)
	at org.junit.jupiter.engine.descriptor.TestMethodTestDescriptor.invokeTestMethod(TestMethodTestDescriptor.java:214)
	at org.junit.jupiter.engine.descriptor.TestMethodTestDescriptor.execute(TestMethodTestDescriptor.java:139)
	at org.junit.jupiter.engine.descriptor.TestMethodTestDescriptor.execute(TestMethodTestDescriptor.java:69)
	at org.junit.platform.engine.support.hierarchical.NodeTestTask.lambda$executeRecursively$6(NodeTestTask.java:151)
	at org.junit.platform.engine.support.hierarchical.ThrowableCollector.execute(ThrowableCollector.java:73)
	at org.junit.platform.engine.support.hierarchical.NodeTestTask.lambda$executeRecursively$8(NodeTestTask.java:141)
	at org.junit.platform.engine.support.hierarchical.Node.around(Node.java:137)
	at org.junit.platform.engine.support.hierarchical.NodeTestTask.lambda$executeRecursively$9(NodeTestTask.java:139)
	at org.junit.platform.engine.support.hierarchical.ThrowableCollector.execute(ThrowableCollector.java:73)
	at org.junit.platform.engine.support.hierarchical.NodeTestTask.executeRecursively(NodeTestTask.java:138)
	at org.junit.platform.engine.support.hierarchical.NodeTestTask.execute(NodeTestTask.java:95)
	at java.base/java.util.ArrayList.forEach(ArrayList.java:1596)
	at org.junit.platform.engine.support.hierarchical.SameThreadHierarchicalTestExecutorService.invokeAll(SameThreadHierarchicalTestExecutorService.java:41)
	at org.junit.platform.engine.support.hierarchical.NodeTestTask.lambda$executeRecursively$6(NodeTestTask.java:155)
	at org.junit.platform.engine.support.hierarchical.ThrowableCollector.execute(ThrowableCollector.java:73)
	at org.junit.platform.engine.support.hierarchical.NodeTestTask.lambda$executeRecursively$8(NodeTestTask.java:141)
	at org.junit.platform.engine.support.hierarchical.Node.around(Node.java:137)
	at org.junit.platform.engine.support.hierarchical.NodeTestTask.lambda$executeRecursively$9(NodeTestTask.java:139)
	at org.junit.platform.engine.support.hierarchical.ThrowableCollector.execute(ThrowableCollector.java:73)
	at org.junit.platform.engine.support.hierarchical.NodeTestTask.executeRecursively(NodeTestTask.java:138)
	at org.junit.platform.engine.support.hierarchical.NodeTestTask.execute(NodeTestTask.java:95)
	at java.base/java.util.ArrayList.forEach(ArrayList.java:1596)
	at org.junit.platform.engine.support.hierarchical.SameThreadHierarchicalTestExecutorService.invokeAll(SameThreadHierarchicalTestExecutorService.java:41)
	at org.junit.platform.engine.support.hierarchical.NodeTestTask.lambda$executeRecursively$6(NodeTestTask.java:155)
	at org.junit.platform.engine.support.hierarchical.ThrowableCollector.execute(ThrowableCollector.java:73)
	at org.junit.platform.engine.support.hierarchical.NodeTestTask.lambda$executeRecursively$8(NodeTestTask.java:141)
	at org.junit.platform.engine.support.hierarchical.Node.around(Node.java:137)
	at org.junit.platform.engine.support.hierarchical.NodeTestTask.lambda$executeRecursively$9(NodeTestTask.java:139)
	at org.junit.platform.engine.support.hierarchical.ThrowableCollector.execute(ThrowableCollector.java:73)
	at org.junit.platform.engine.support.hierarchical.NodeTestTask.executeRecursively(NodeTestTask.java:138)
	at org.junit.platform.engine.support.hierarchical.NodeTestTask.execute(NodeTestTask.java:95)
	at org.junit.platform.engine.support.hierarchical.SameThreadHierarchicalTestExecutorService.submit(SameThreadHierarchicalTestExecutorService.java:35)
	at org.junit.platform.engine.support.hierarchical.HierarchicalTestExecutor.execute(HierarchicalTestExecutor.java:57)
	at org.junit.platform.engine.support.hierarchical.HierarchicalTestEngine.execute(HierarchicalTestEngine.java:54)
	at org.junit.platform.launcher.core.EngineExecutionOrchestrator.execute(EngineExecutionOrchestrator.java:198)
	at org.junit.platform.launcher.core.EngineExecutionOrchestrator.execute(EngineExecutionOrchestrator.java:169)
	at org.junit.platform.launcher.core.EngineExecutionOrchestrator.execute(EngineExecutionOrchestrator.java:93)
	at org.junit.platform.launcher.core.EngineExecutionOrchestrator.lambda$execute$0(EngineExecutionOrchestrator.java:58)
	at org.junit.platform.launcher.core.EngineExecutionOrchestrator.withInterceptedStreams(EngineExecutionOrchestrator.java:141)
	at org.junit.platform.launcher.core.EngineExecutionOrchestrator.execute(EngineExecutionOrchestrator.java:57)
	at org.junit.platform.launcher.core.DefaultLauncher.execute(DefaultLauncher.java:103)
	at org.junit.platform.launcher.core.DefaultLauncher.execute(DefaultLauncher.java:85)
	at org.junit.platform.launcher.core.DelegatingLauncher.execute(DelegatingLauncher.java:47)
	at org.junit.platform.launcher.core.SessionPerRequestLauncher.execute(SessionPerRequestLauncher.java:63)
	at com.intellij.junit5.JUnit5IdeaTestRunner.startRunnerWithArgs(JUnit5IdeaTestRunner.java:57)
	at com.intellij.rt.junit.IdeaTestRunner$Repeater$1.execute(IdeaTestRunner.java:38)
	at com.intellij.rt.execution.junit.TestsRepeater.repeat(TestsRepeater.java:11)
	at com.intellij.rt.junit.IdeaTestRunner$Repeater.startRunnerWithArgs(IdeaTestRunner.java:35)
	at com.intellij.rt.junit.JUnitStarter.prepareStreamsAndStart(JUnitStarter.java:232)
	at com.intellij.rt.junit.JUnitStarter.main(JUnitStarter.java:55)
2025-03-27 15:24:12 [main] INFO  l.insoft.uztis.tests.utils.TestUtils - Screenshot moved to C:\Users\ingrida.zadorozniene\Desktop\Asm\UZTIS\UZTIS_tests\test-output\screenshots\20250327\152412313_testFillNewVUIApplicationFA().png
2025-03-27 15:28:12 [main] INFO  lt.insoft.uztis.tests.UztisPageTest - Navigated to https://uztisdev.asseco.lt/home
2025-03-27 15:28:12 [main] INFO  l.i.u.t.SubmittedApplicationsPageTest - Starting test:'testFillNewVUIPApplicationFA'
2025-03-27 15:28:13 [main] DEBUG l.i.u.t.SubmittedApplicationsPageTest - User logged in with test credentials.
2025-03-27 15:28:13 [main] DEBUG l.i.u.t.SubmittedApplicationsPageTest - Opened 'Application Processing' menu.
2025-03-27 15:28:13 [main] DEBUG l.i.u.t.SubmittedApplicationsPageTest - Clicked on 'Application Forms' menu.
2025-03-27 15:28:15 [main] DEBUG l.i.u.t.SubmittedApplicationsPageTest - Retrieved last description code text: 'TST-VUI-75'.
2025-03-27 15:28:15 [main] DEBUG l.i.u.t.SubmittedApplicationsPageTest - Clicked on 'Invitation' menu.
2025-03-27 15:28:16 [main] DEBUG l.i.u.t.SubmittedApplicationsPageTest - Selected application section by code: 'TST-VUI-75'.
2025-03-27 15:28:16 [main] DEBUG l.i.u.t.SubmittedApplicationsPageTest - Clicked 'Search' button.
2025-03-27 15:28:16 [main] DEBUG l.i.u.t.SubmittedApplicationsPageTest - Retrieved invitation code: ''.
2025-03-27 15:28:16 [main] DEBUG l.i.u.t.SubmittedApplicationsPageTest - Clicked on 'Submitted Applications' menu.
2025-03-27 15:28:18 [main] DEBUG l.i.u.t.SubmittedApplicationsPageTest - Selected invitation by code: 'TST-VUI-75'.
2025-03-27 15:28:18 [main] DEBUG l.i.u.t.SubmittedApplicationsPageTest - Invitation code inserted.
2025-03-27 15:28:18 [main] DEBUG l.i.u.t.SubmittedApplicationsPageTest - Clicked on 'Action Application' button.
2025-03-27 15:28:18 [main] DEBUG l.i.u.t.SubmittedApplicationsPageTest - Clicked on 'New Application' button.
2025-03-27 15:28:19 [main] DEBUG l.i.u.t.SubmittedApplicationsPageTest - Selected the 'RadioButtonFA' option.
2025-03-27 15:28:19 [main] DEBUG l.i.u.t.SubmittedApplicationsPageTest - Entered phone number: '61298745'.
2025-03-27 15:28:19 [main] DEBUG l.i.u.t.SubmittedApplicationsPageTest - Entered email: 'test@autotest.com'.
2025-03-27 15:28:19 [main] INFO  l.i.u.p.SubmittedApplicationsPage - Clicking on the dropdown button.
2025-03-27 15:28:35 [main] INFO  l.i.u.p.SubmittedApplicationsPage - Found 1741 options in the dropdown.
2025-03-27 15:28:35 [main] DEBUG l.i.u.p.SubmittedApplicationsPage - Checking option: ''
2025-03-27 15:28:35 [main] DEBUG l.i.u.p.SubmittedApplicationsPage - Checking option: '01.11 - Grūdinių (išskyrus ryžius), ankštinių ir aliejingų sėklų augalų auginimas'
2025-03-27 15:28:35 [main] INFO  l.i.u.p.SubmittedApplicationsPage - Successfully selected the value: '01.11 - Grūdinių (išskyrus ryžius), ankštinių ir aliejingų sėklų augalų auginimas'
2025-03-27 15:28:35 [main] INFO  l.i.u.p.SubmittedApplicationsPage - Attempting to close the dropdown.
2025-03-27 15:28:36 [main] DEBUG l.i.u.t.SubmittedApplicationsPageTest - Selected EVRK value: '01.11 - Grūdinių (išskyrus ryžius), ankštinių ir aliejingų sėklų augalų auginimas'.
2025-03-27 15:28:36 [main] DEBUG l.i.u.t.SubmittedApplicationsPageTest - Clicked on 'Address Component' button.
2025-03-27 15:28:36 [main] INFO  l.i.u.p.SubmittedApplicationsPage - Located the dropdown button.
2025-03-27 15:28:39 [main] INFO  l.i.u.p.SubmittedApplicationsPage - Successfully selected the value: 'Lietuva'
2025-03-27 15:28:40 [main] DEBUG l.i.u.t.SubmittedApplicationsPageTest - Selected country: 'Lietuva'.
2025-03-27 15:28:40 [main] INFO  l.i.u.p.SubmittedApplicationsPage - Located the dropdown search field.
2025-03-27 15:28:40 [main] INFO  l.i.u.p.SubmittedApplicationsPage - Dropdown city is opened.
2025-03-27 15:28:40 [main] INFO  l.i.u.p.SubmittedApplicationsPage - Searched for value: 'Vilnius'
2025-03-27 15:28:41 [main] INFO  l.i.u.p.SubmittedApplicationsPage - Successfully selected: 'Vilnius'
2025-03-27 15:28:41 [main] INFO  l.i.u.p.SubmittedApplicationsPage - Located the dropdown button.
2025-03-27 15:28:42 [main] INFO  l.i.u.p.SubmittedApplicationsPage - Successfully selected the value: 'A. Domaševičiaus g.'
2025-03-27 15:28:42 [main] DEBUG l.i.u.t.SubmittedApplicationsPageTest - Selected street: 'A. Domaševičiaus g.'.
2025-03-27 15:28:42 [main] INFO  l.i.u.p.SubmittedApplicationsPage - Located the dropdown button.
2025-03-27 15:28:42 [main] INFO  l.i.u.p.SubmittedApplicationsPage - Successfully selected the value: '1'
2025-03-27 15:28:42 [main] DEBUG l.i.u.t.SubmittedApplicationsPageTest - Selected house: '1'.
2025-03-27 15:28:42 [main] INFO  l.i.u.p.SubmittedApplicationsPage - Located the dropdown button.
2025-03-27 15:28:42 [main] INFO  l.i.u.p.SubmittedApplicationsPage - Successfully selected the value: '1'
2025-03-27 15:28:42 [main] DEBUG l.i.u.t.SubmittedApplicationsPageTest - Selected apartment: '1'.
2025-03-27 15:28:42 [main] DEBUG l.i.u.t.SubmittedApplicationsPageTest - Clicked 'Confirm' button.
2025-03-27 15:28:42 [main] DEBUG l.i.u.t.SubmittedApplicationsPageTest - Entered project date.
2025-03-27 15:28:43 [main] DEBUG l.i.u.t.SubmittedApplicationsPageTest - Entered job count: '1'.
2025-03-27 15:28:43 [main] DEBUG l.i.u.t.SubmittedApplicationsPageTest - Clicked 'Next' button.
2025-03-27 15:28:43 [main] INFO  l.i.u.p.SubmittedApplicationsPage - Located the dropdown button.
2025-03-27 15:28:44 [main] INFO  l.i.u.p.SubmittedApplicationsPage - Successfully selected the value: 'Administratoriai'
2025-03-27 15:28:44 [main] DEBUG l.i.u.t.SubmittedApplicationsPageTest - Selected job name: 'Administratoriai'.
2025-03-27 15:28:44 [main] DEBUG l.i.u.t.SubmittedApplicationsPageTest - Entered job function: 'Funkcija 1'.
2025-03-27 15:28:44 [main] DEBUG l.i.u.t.SubmittedApplicationsPageTest - Selected 'RadioButtonWithDisabilities' option.
2025-03-27 15:28:44 [main] INFO  l.i.u.p.SubmittedApplicationsPage - Clicking on the dropdown button.
2025-03-27 15:28:45 [main] INFO  l.i.u.p.SubmittedApplicationsPage - Found 34 options in the dropdown.
2025-03-27 15:28:45 [main] DEBUG l.i.u.p.SubmittedApplicationsPage - Checking option: 'Asmenys, kuriems suteiktas pabėgėlio statusas ar perkeliamojo asmens statusas, arba asmenys, kuriems suteikta papildoma ar laikinoji apsauga, ir asmenys, turintys teisę gauti laikinąją apsaugą, iki sprendimo dėl laikinosios apsaugos suteikimo (nesuteikimo) priėmimo, tačiau ne ilgiau kaip laikinosios apsaugos laikotarpiu'
2025-03-27 15:28:45 [main] DEBUG l.i.u.p.SubmittedApplicationsPage - Checking option: 'Asmenys, kuriems suteiktas pabėgėlio statusas ar perkeliamojo asmens statusas, arba asmenys, kuriems suteikta papildoma ar laikinoji apsauga, ir asmenys, turintys teisę gauti laikinąją apsaugą, iki sprendimo dėl laikinosios apsaugos suteikimo (nesuteikimo) priėmimo, tačiau ne ilgiau kaip laikinosios apsaugos laikotarpiu'
2025-03-27 15:28:45 [main] DEBUG l.i.u.p.SubmittedApplicationsPage - Checking option: 'Asmenys, turintys teisę į papildomas užimtumo garantijas pagal Lietuvos Respublikos valstybės įmonės Ignalinos atominės elektrinės darbuotojų papildomų užimtumo ir socialinių garantijų įstatymą'
2025-03-27 15:28:45 [main] DEBUG l.i.u.p.SubmittedApplicationsPage - Checking option: 'Asmenys, turintys teisę į papildomas užimtumo garantijas pagal Lietuvos Respublikos valstybės įmonės Ignalinos atominės elektrinės darbuotojų papildomų užimtumo ir socialinių garantijų įstatymą'
2025-03-27 15:28:45 [main] DEBUG l.i.u.p.SubmittedApplicationsPage - Checking option: 'Bedarbiai iki 29 metų'
2025-03-27 15:28:45 [main] DEBUG l.i.u.p.SubmittedApplicationsPage - Checking option: 'Bedarbiai iki 29 metų'
2025-03-27 15:28:45 [main] DEBUG l.i.u.p.SubmittedApplicationsPage - Checking option: 'Bedarbiai, kurie yra darbingo amžiaus neįgalieji, kuriems nustatytas 30–40 procentų darbingumo lygis arba vidutinis neįgalumo lygis'
2025-03-27 15:28:45 [main] DEBUG l.i.u.p.SubmittedApplicationsPage - Checking option: 'Bedarbiai, kurie yra darbingo amžiaus neįgalieji, kuriems nustatytas 30–40 procentų darbingumo lygis arba vidutinis neįgalumo lygis'
2025-03-27 15:28:45 [main] DEBUG l.i.u.p.SubmittedApplicationsPage - Checking option: 'Bedarbiai, kurie yra darbingo amžiaus neįgalieji, kuriems nustatytas 45–55 procentų darbingumo lygis arba lengvas neįgalumo lygis'
2025-03-27 15:28:45 [main] DEBUG l.i.u.p.SubmittedApplicationsPage - Checking option: 'Bedarbiai, kurie yra darbingo amžiaus neįgalieji, kuriems nustatytas 45–55 procentų darbingumo lygis arba lengvas neįgalumo lygis'
2025-03-27 15:28:45 [main] DEBUG l.i.u.p.SubmittedApplicationsPage - Checking option: 'Bedarbiai, kurie yra darbingo amžiaus neįgalieji, kuriems nustatytas iki 25 procentų darbingumo lygis arba sunkus neįgalumo lygis'
2025-03-27 15:28:45 [main] INFO  l.i.u.p.SubmittedApplicationsPage - Successfully selected the value: 'Bedarbiai, kurie yra darbingo amžiaus neįgalieji, kuriems nustatytas iki 25 procentų darbingumo lygis arba sunkus neįgalumo lygis'
2025-03-27 15:28:45 [main] INFO  l.i.u.p.SubmittedApplicationsPage - Attempting to close the dropdown.
2025-03-27 15:28:46 [main] DEBUG l.i.u.t.SubmittedApplicationsPageTest - Selected disabilities type: 'Bedarbiai, kurie yra darbingo amžiaus neįgalieji, kuriems nustatytas iki 25 procentų darbingumo lygis arba sunkus neįgalumo lygis'.
2025-03-27 15:28:46 [main] DEBUG l.i.u.t.SubmittedApplicationsPageTest - Entered disability information: 'Negalia 1'.
2025-03-27 15:28:46 [main] INFO  l.i.u.p.SubmittedApplicationsPage - Located the dropdown button.
2025-03-27 15:28:47 [main] INFO  l.i.u.p.SubmittedApplicationsPage - Successfully selected the value: 'Kita'
2025-03-27 15:28:47 [main] DEBUG l.i.u.t.SubmittedApplicationsPageTest - Selected time mode: 'Kita'.
2025-03-27 15:28:47 [main] DEBUG l.i.u.t.SubmittedApplicationsPageTest - Selected time mode other: '6 val. per dieną ir 4 d. per savaitę'.
2025-03-27 15:28:47 [main] DEBUG l.i.u.t.SubmittedApplicationsPageTest - Entered qualification: 'Kvalifikacija 1'.
2025-03-27 15:28:48 [main] DEBUG l.i.u.t.SubmittedApplicationsPageTest - Entered job date.
2025-03-27 15:28:48 [main] DEBUG l.i.u.t.SubmittedApplicationsPageTest - Entered salary amount: '1200'.
2025-03-27 15:28:48 [main] DEBUG l.i.u.t.SubmittedApplicationsPageTest - Entered salary description: 'Užmokestis 1'.
2025-03-27 15:28:48 [main] DEBUG l.i.u.t.SubmittedApplicationsPageTest - Selected 'Temporary Job' radio button.
2025-03-27 15:28:49 [main] DEBUG l.i.u.t.SubmittedApplicationsPageTest - Selected 'Season Job' radio button.
2025-03-27 15:28:49 [main] DEBUG l.i.u.t.SubmittedApplicationsPageTest - Selected 'Energy' radio button.
2025-03-27 15:28:49 [main] DEBUG l.i.u.t.SubmittedApplicationsPageTest - Selected 'Repair' radio button.
2025-03-27 15:28:49 [main] DEBUG l.i.u.t.SubmittedApplicationsPageTest - Entered job description: 'Veikla 1'.
2025-03-27 15:28:49 [main] DEBUG l.i.u.t.SubmittedApplicationsPageTest - Entered process description: 'Procesas 1'.
2025-03-27 15:28:50 [main] DEBUG l.i.u.t.SubmittedApplicationsPageTest - Entered energy information: 'Energija 1'.
2025-03-27 15:28:50 [main] DEBUG l.i.u.t.SubmittedApplicationsPageTest - Entered repair information: 'Remontas 1'.
2025-03-27 15:28:50 [main] DEBUG l.i.u.t.SubmittedApplicationsPageTest - Selected 'PVM' radio button.
2025-03-27 15:28:50 [main] INFO  l.i.u.p.SubmittedApplicationsPage - Located the dropdown button.
2025-03-27 15:28:51 [main] INFO  l.i.u.p.SubmittedApplicationsPage - Successfully selected the value: 'Įsigyti'
2025-03-27 15:28:51 [main] DEBUG l.i.u.t.SubmittedApplicationsPageTest - Selected necessary for job: 'Įsigyti'.
2025-03-27 15:28:51 [main] DEBUG l.i.u.t.SubmittedApplicationsPageTest - Selected tool: 'Darbo priemonė 1'.
2025-03-27 15:28:52 [main] DEBUG l.i.u.t.SubmittedApplicationsPageTest - Selected tool parameter one: 'Darbo priemonės 1 parametras 1'.
2025-03-27 15:28:52 [main] DEBUG l.i.u.t.SubmittedApplicationsPageTest - Selected tool parameter two: 'Darbo priemonės 1 parametras 2'.
2025-03-27 15:28:52 [main] DEBUG l.i.u.t.SubmittedApplicationsPageTest - Selected tool parameter three: 'Darbo priemonės 1 parametras 3'.
2025-03-27 15:28:52 [main] DEBUG l.i.u.t.SubmittedApplicationsPageTest - Entered tool count: '1'.
2025-03-27 15:28:52 [main] DEBUG l.i.u.t.SubmittedApplicationsPageTest - Entered price amount 1: '1000'.
2025-03-27 15:28:57 [main] DEBUG l.i.u.t.SubmittedApplicationsPageTest - Clicked 'Add' button.
2025-03-27 15:28:57 [main] INFO  l.i.u.p.SubmittedApplicationsPage - Located the dropdown button.
2025-03-27 15:28:57 [main] INFO  l.i.u.p.SubmittedApplicationsPage - Successfully selected the value: 'Remontuoti'
2025-03-27 15:28:57 [main] DEBUG l.i.u.t.SubmittedApplicationsPageTest - Selected necessary for job 'to repair': 'Remontuoti'.
2025-03-27 15:28:57 [main] DEBUG l.i.u.t.SubmittedApplicationsPageTest - Selected repair name: 'Remonto pavadinimas 1'.
2025-03-27 15:28:58 [main] DEBUG l.i.u.t.SubmittedApplicationsPageTest - Entered repair information: 'Remonto aprašymas 1'.
2025-03-27 15:28:58 [main] DEBUG l.i.u.t.SubmittedApplicationsPageTest - Entered price amount 2: '1000'.
2025-03-27 15:29:02 [main] DEBUG l.i.u.t.SubmittedApplicationsPageTest - Entered country percentage: '50'.
2025-03-27 15:29:02 [main] DEBUG l.i.u.t.SubmittedApplicationsPageTest - Entered institution percentage: '50'.
2025-03-27 15:29:02 [main] DEBUG l.i.u.t.SubmittedApplicationsPageTest - Entered municipality percentage: '50'.
2025-03-27 15:29:02 [main] DEBUG l.i.u.t.SubmittedApplicationsPageTest - Entered own funds amount 1: '800'.
2025-03-27 15:29:03 [main] DEBUG l.i.u.t.SubmittedApplicationsPageTest - Selected 'De Minimis' radio button.
2025-03-27 15:29:03 [main] DEBUG l.i.u.t.SubmittedApplicationsPageTest - Entered program name: 'Programa 1'.
2025-03-27 15:29:03 [main] DEBUG l.i.u.t.SubmittedApplicationsPageTest - Entered project date from.
2025-03-27 15:29:03 [main] DEBUG l.i.u.t.SubmittedApplicationsPageTest - Entered project date until.
2025-03-27 15:29:03 [main] DEBUG l.i.u.t.SubmittedApplicationsPageTest - Entered support amount: '2000'.
2025-03-27 15:29:04 [main] DEBUG l.i.u.t.SubmittedApplicationsPageTest - Entered own funds amount 2: '900'.
2025-03-27 15:29:04 [main] DEBUG l.i.u.t.SubmittedApplicationsPageTest - Clicked 'Next' button.
2025-03-27 15:31:01 [main] INFO  lt.insoft.uztis.tests.UztisPageTest - Navigated to https://uztisdev.asseco.lt/home
2025-03-27 15:31:01 [main] INFO  l.i.u.t.SubmittedApplicationsPageTest - Starting test:'testFillNewVUIPApplicationFA'
2025-03-27 15:31:01 [main] DEBUG l.i.u.t.SubmittedApplicationsPageTest - User logged in with test credentials.
2025-03-27 15:31:02 [main] DEBUG l.i.u.t.SubmittedApplicationsPageTest - Opened 'Application Processing' menu.
2025-03-27 15:31:02 [main] DEBUG l.i.u.t.SubmittedApplicationsPageTest - Clicked on 'Application Forms' menu.
2025-03-27 15:31:03 [main] DEBUG l.i.u.t.SubmittedApplicationsPageTest - Retrieved last description code text: 'TST-VUI-75'.
2025-03-27 15:31:03 [main] DEBUG l.i.u.t.SubmittedApplicationsPageTest - Clicked on 'Invitation' menu.
2025-03-27 15:31:04 [main] DEBUG l.i.u.t.SubmittedApplicationsPageTest - Selected application section by code: 'TST-VUI-75'.
2025-03-27 15:31:05 [main] DEBUG l.i.u.t.SubmittedApplicationsPageTest - Clicked 'Search' button.
2025-03-27 15:31:05 [main] DEBUG l.i.u.t.SubmittedApplicationsPageTest - Retrieved invitation code: ''.
2025-03-27 15:31:05 [main] DEBUG l.i.u.t.SubmittedApplicationsPageTest - Clicked on 'Submitted Applications' menu.
2025-03-27 15:31:06 [main] DEBUG l.i.u.t.SubmittedApplicationsPageTest - Selected invitation by code: 'TST-VUI-75'.
2025-03-27 15:31:06 [main] DEBUG l.i.u.t.SubmittedApplicationsPageTest - Invitation code inserted.
2025-03-27 15:31:07 [main] DEBUG l.i.u.t.SubmittedApplicationsPageTest - Clicked on 'Action Application' button.
2025-03-27 15:31:07 [main] DEBUG l.i.u.t.SubmittedApplicationsPageTest - Clicked on 'New Application' button.
2025-03-27 15:31:07 [main] DEBUG l.i.u.t.SubmittedApplicationsPageTest - Selected the 'RadioButtonFA' option.
2025-03-27 15:31:08 [main] DEBUG l.i.u.t.SubmittedApplicationsPageTest - Entered phone number: '61298745'.
2025-03-27 15:31:08 [main] DEBUG l.i.u.t.SubmittedApplicationsPageTest - Entered email: 'test@autotest.com'.
2025-03-27 15:31:08 [main] INFO  l.i.u.p.SubmittedApplicationsPage - Clicking on the dropdown button.
2025-03-27 15:31:29 [main] INFO  l.i.u.p.SubmittedApplicationsPage - Found 1741 options in the dropdown.
2025-03-27 15:31:29 [main] DEBUG l.i.u.p.SubmittedApplicationsPage - Checking option: ''
2025-03-27 15:31:29 [main] DEBUG l.i.u.p.SubmittedApplicationsPage - Checking option: '01.11 - Grūdinių (išskyrus ryžius), ankštinių ir aliejingų sėklų augalų auginimas'
2025-03-27 15:31:30 [main] INFO  l.i.u.p.SubmittedApplicationsPage - Successfully selected the value: '01.11 - Grūdinių (išskyrus ryžius), ankštinių ir aliejingų sėklų augalų auginimas'
2025-03-27 15:31:30 [main] INFO  l.i.u.p.SubmittedApplicationsPage - Attempting to close the dropdown.
2025-03-27 15:31:30 [main] DEBUG l.i.u.t.SubmittedApplicationsPageTest - Selected EVRK value: '01.11 - Grūdinių (išskyrus ryžius), ankštinių ir aliejingų sėklų augalų auginimas'.
2025-03-27 15:31:30 [main] DEBUG l.i.u.t.SubmittedApplicationsPageTest - Clicked on 'Address Component' button.
2025-03-27 15:31:30 [main] INFO  l.i.u.p.SubmittedApplicationsPage - Located the dropdown button.
2025-03-27 15:31:34 [main] INFO  l.i.u.p.SubmittedApplicationsPage - Successfully selected the value: 'Lietuva'
2025-03-27 15:31:34 [main] DEBUG l.i.u.t.SubmittedApplicationsPageTest - Selected country: 'Lietuva'.
2025-03-27 15:31:34 [main] INFO  l.i.u.p.SubmittedApplicationsPage - Located the dropdown search field.
2025-03-27 15:31:34 [main] INFO  l.i.u.p.SubmittedApplicationsPage - Dropdown city is opened.
2025-03-27 15:31:34 [main] INFO  l.i.u.p.SubmittedApplicationsPage - Searched for value: 'Vilnius'
2025-03-27 15:31:35 [main] INFO  l.i.u.p.SubmittedApplicationsPage - Successfully selected: 'Vilnius'
2025-03-27 15:31:35 [main] INFO  l.i.u.p.SubmittedApplicationsPage - Located the dropdown button.
2025-03-27 15:31:35 [main] INFO  l.i.u.p.SubmittedApplicationsPage - Successfully selected the value: 'A. Domaševičiaus g.'
2025-03-27 15:31:35 [main] DEBUG l.i.u.t.SubmittedApplicationsPageTest - Selected street: 'A. Domaševičiaus g.'.
2025-03-27 15:31:35 [main] INFO  l.i.u.p.SubmittedApplicationsPage - Located the dropdown button.
2025-03-27 15:31:35 [main] INFO  l.i.u.p.SubmittedApplicationsPage - Successfully selected the value: '1'
2025-03-27 15:31:35 [main] DEBUG l.i.u.t.SubmittedApplicationsPageTest - Selected house: '1'.
2025-03-27 15:31:35 [main] INFO  l.i.u.p.SubmittedApplicationsPage - Located the dropdown button.
2025-03-27 15:31:36 [main] INFO  l.i.u.p.SubmittedApplicationsPage - Successfully selected the value: '1'
2025-03-27 15:31:36 [main] DEBUG l.i.u.t.SubmittedApplicationsPageTest - Selected apartment: '1'.
2025-03-27 15:31:36 [main] DEBUG l.i.u.t.SubmittedApplicationsPageTest - Clicked 'Confirm' button.
2025-03-27 15:31:36 [main] DEBUG l.i.u.t.SubmittedApplicationsPageTest - Entered project date.
2025-03-27 15:31:36 [main] DEBUG l.i.u.t.SubmittedApplicationsPageTest - Entered job count: '1'.
2025-03-27 15:31:37 [main] DEBUG l.i.u.t.SubmittedApplicationsPageTest - Clicked 'Next' button.
2025-03-27 15:31:37 [main] INFO  l.i.u.p.SubmittedApplicationsPage - Located the dropdown button.
2025-03-27 15:31:38 [main] INFO  l.i.u.p.SubmittedApplicationsPage - Successfully selected the value: 'Administratoriai'
2025-03-27 15:31:38 [main] DEBUG l.i.u.t.SubmittedApplicationsPageTest - Selected job name: 'Administratoriai'.
2025-03-27 15:31:38 [main] DEBUG l.i.u.t.SubmittedApplicationsPageTest - Entered job function: 'Funkcija 1'.
2025-03-27 15:31:38 [main] DEBUG l.i.u.t.SubmittedApplicationsPageTest - Selected 'RadioButtonWithDisabilities' option.
2025-03-27 15:31:38 [main] INFO  l.i.u.p.SubmittedApplicationsPage - Clicking on the dropdown button.
2025-03-27 15:31:39 [main] INFO  l.i.u.p.SubmittedApplicationsPage - Found 34 options in the dropdown.
2025-03-27 15:31:39 [main] DEBUG l.i.u.p.SubmittedApplicationsPage - Checking option: 'Asmenys, kuriems suteiktas pabėgėlio statusas ar perkeliamojo asmens statusas, arba asmenys, kuriems suteikta papildoma ar laikinoji apsauga, ir asmenys, turintys teisę gauti laikinąją apsaugą, iki sprendimo dėl laikinosios apsaugos suteikimo (nesuteikimo) priėmimo, tačiau ne ilgiau kaip laikinosios apsaugos laikotarpiu'
2025-03-27 15:31:39 [main] DEBUG l.i.u.p.SubmittedApplicationsPage - Checking option: 'Asmenys, kuriems suteiktas pabėgėlio statusas ar perkeliamojo asmens statusas, arba asmenys, kuriems suteikta papildoma ar laikinoji apsauga, ir asmenys, turintys teisę gauti laikinąją apsaugą, iki sprendimo dėl laikinosios apsaugos suteikimo (nesuteikimo) priėmimo, tačiau ne ilgiau kaip laikinosios apsaugos laikotarpiu'
2025-03-27 15:31:39 [main] DEBUG l.i.u.p.SubmittedApplicationsPage - Checking option: 'Asmenys, turintys teisę į papildomas užimtumo garantijas pagal Lietuvos Respublikos valstybės įmonės Ignalinos atominės elektrinės darbuotojų papildomų užimtumo ir socialinių garantijų įstatymą'
2025-03-27 15:31:39 [main] DEBUG l.i.u.p.SubmittedApplicationsPage - Checking option: 'Asmenys, turintys teisę į papildomas užimtumo garantijas pagal Lietuvos Respublikos valstybės įmonės Ignalinos atominės elektrinės darbuotojų papildomų užimtumo ir socialinių garantijų įstatymą'
2025-03-27 15:31:39 [main] DEBUG l.i.u.p.SubmittedApplicationsPage - Checking option: 'Bedarbiai iki 29 metų'
2025-03-27 15:31:39 [main] DEBUG l.i.u.p.SubmittedApplicationsPage - Checking option: 'Bedarbiai iki 29 metų'
2025-03-27 15:31:39 [main] DEBUG l.i.u.p.SubmittedApplicationsPage - Checking option: 'Bedarbiai, kurie yra darbingo amžiaus neįgalieji, kuriems nustatytas 30–40 procentų darbingumo lygis arba vidutinis neįgalumo lygis'
2025-03-27 15:31:39 [main] DEBUG l.i.u.p.SubmittedApplicationsPage - Checking option: 'Bedarbiai, kurie yra darbingo amžiaus neįgalieji, kuriems nustatytas 30–40 procentų darbingumo lygis arba vidutinis neįgalumo lygis'
2025-03-27 15:31:39 [main] DEBUG l.i.u.p.SubmittedApplicationsPage - Checking option: 'Bedarbiai, kurie yra darbingo amžiaus neįgalieji, kuriems nustatytas 45–55 procentų darbingumo lygis arba lengvas neįgalumo lygis'
2025-03-27 15:31:39 [main] DEBUG l.i.u.p.SubmittedApplicationsPage - Checking option: 'Bedarbiai, kurie yra darbingo amžiaus neįgalieji, kuriems nustatytas 45–55 procentų darbingumo lygis arba lengvas neįgalumo lygis'
2025-03-27 15:31:39 [main] DEBUG l.i.u.p.SubmittedApplicationsPage - Checking option: 'Bedarbiai, kurie yra darbingo amžiaus neįgalieji, kuriems nustatytas iki 25 procentų darbingumo lygis arba sunkus neįgalumo lygis'
2025-03-27 15:31:39 [main] INFO  l.i.u.p.SubmittedApplicationsPage - Successfully selected the value: 'Bedarbiai, kurie yra darbingo amžiaus neįgalieji, kuriems nustatytas iki 25 procentų darbingumo lygis arba sunkus neįgalumo lygis'
2025-03-27 15:31:39 [main] INFO  l.i.u.p.SubmittedApplicationsPage - Attempting to close the dropdown.
2025-03-27 15:31:40 [main] DEBUG l.i.u.t.SubmittedApplicationsPageTest - Selected disabilities type: 'Bedarbiai, kurie yra darbingo amžiaus neįgalieji, kuriems nustatytas iki 25 procentų darbingumo lygis arba sunkus neįgalumo lygis'.
2025-03-27 15:31:40 [main] DEBUG l.i.u.t.SubmittedApplicationsPageTest - Entered disability information: 'Negalia 1'.
2025-03-27 15:31:40 [main] INFO  l.i.u.p.SubmittedApplicationsPage - Located the dropdown button.
2025-03-27 15:31:41 [main] INFO  l.i.u.p.SubmittedApplicationsPage - Successfully selected the value: 'Kita'
2025-03-27 15:31:41 [main] DEBUG l.i.u.t.SubmittedApplicationsPageTest - Selected time mode: 'Kita'.
2025-03-27 15:31:41 [main] DEBUG l.i.u.t.SubmittedApplicationsPageTest - Selected time mode other: '6 val. per dieną ir 4 d. per savaitę'.
2025-03-27 15:31:41 [main] DEBUG l.i.u.t.SubmittedApplicationsPageTest - Entered qualification: 'Kvalifikacija 1'.
2025-03-27 15:31:42 [main] DEBUG l.i.u.t.SubmittedApplicationsPageTest - Entered job date.
2025-03-27 15:31:42 [main] DEBUG l.i.u.t.SubmittedApplicationsPageTest - Entered salary amount: '1200'.
2025-03-27 15:31:42 [main] DEBUG l.i.u.t.SubmittedApplicationsPageTest - Entered salary description: 'Užmokestis 1'.
2025-03-27 15:31:42 [main] DEBUG l.i.u.t.SubmittedApplicationsPageTest - Selected 'Temporary Job' radio button.
2025-03-27 15:31:42 [main] DEBUG l.i.u.t.SubmittedApplicationsPageTest - Selected 'Season Job' radio button.
2025-03-27 15:31:43 [main] DEBUG l.i.u.t.SubmittedApplicationsPageTest - Selected 'Energy' radio button.
2025-03-27 15:31:43 [main] DEBUG l.i.u.t.SubmittedApplicationsPageTest - Selected 'Repair' radio button.
2025-03-27 15:31:43 [main] DEBUG l.i.u.t.SubmittedApplicationsPageTest - Entered job description: 'Veikla 1'.
2025-03-27 15:31:43 [main] DEBUG l.i.u.t.SubmittedApplicationsPageTest - Entered process description: 'Procesas 1'.
2025-03-27 15:31:44 [main] DEBUG l.i.u.t.SubmittedApplicationsPageTest - Entered energy information: 'Energija 1'.
2025-03-27 15:31:44 [main] DEBUG l.i.u.t.SubmittedApplicationsPageTest - Entered repair information: 'Remontas 1'.
2025-03-27 15:31:44 [main] DEBUG l.i.u.t.SubmittedApplicationsPageTest - Selected 'PVM' radio button.
2025-03-27 15:31:44 [main] INFO  l.i.u.p.SubmittedApplicationsPage - Located the dropdown button.
2025-03-27 15:31:45 [main] INFO  l.i.u.p.SubmittedApplicationsPage - Successfully selected the value: 'Įsigyti'
2025-03-27 15:31:45 [main] DEBUG l.i.u.t.SubmittedApplicationsPageTest - Selected necessary for job: 'Įsigyti'.
2025-03-27 15:31:45 [main] DEBUG l.i.u.t.SubmittedApplicationsPageTest - Selected tool: 'Darbo priemonė 1'.
2025-03-27 15:31:45 [main] DEBUG l.i.u.t.SubmittedApplicationsPageTest - Selected tool parameter one: 'Darbo priemonės 1 parametras 1'.
2025-03-27 15:31:46 [main] DEBUG l.i.u.t.SubmittedApplicationsPageTest - Selected tool parameter two: 'Darbo priemonės 1 parametras 2'.
2025-03-27 15:31:46 [main] DEBUG l.i.u.t.SubmittedApplicationsPageTest - Selected tool parameter three: 'Darbo priemonės 1 parametras 3'.
2025-03-27 15:31:46 [main] DEBUG l.i.u.t.SubmittedApplicationsPageTest - Entered tool count: '1'.
2025-03-27 15:31:46 [main] DEBUG l.i.u.t.SubmittedApplicationsPageTest - Entered price amount 1: '1000'.
2025-03-27 15:31:49 [main] DEBUG l.i.u.t.SubmittedApplicationsPageTest - Entered own funds amount 1: '8'.
2025-03-27 15:31:51 [main] DEBUG l.i.u.t.SubmittedApplicationsPageTest - Clicked 'Add' button.
2025-03-27 15:31:51 [main] INFO  l.i.u.p.SubmittedApplicationsPage - Located the dropdown button.
2025-03-27 15:31:51 [main] INFO  l.i.u.p.SubmittedApplicationsPage - Successfully selected the value: 'Remontuoti'
2025-03-27 15:31:51 [main] DEBUG l.i.u.t.SubmittedApplicationsPageTest - Selected necessary for job 'to repair': 'Remontuoti'.
2025-03-27 15:31:52 [main] DEBUG l.i.u.t.SubmittedApplicationsPageTest - Selected repair name: 'Remonto pavadinimas 1'.
2025-03-27 15:31:52 [main] DEBUG l.i.u.t.SubmittedApplicationsPageTest - Entered repair information: 'Remonto aprašymas 1'.
2025-03-27 15:31:52 [main] DEBUG l.i.u.t.SubmittedApplicationsPageTest - Entered price amount 2: '1000'.
2025-03-27 15:31:54 [main] DEBUG l.i.u.t.SubmittedApplicationsPageTest - Entered own funds amount 2: '9'.
2025-03-27 15:31:57 [main] DEBUG l.i.u.t.SubmittedApplicationsPageTest - Entered own funds amount 1 again: '50'.
2025-03-27 15:31:59 [main] DEBUG l.i.u.t.SubmittedApplicationsPageTest - Entered own funds amount 2 again: '50'.
2025-03-27 15:32:01 [main] DEBUG l.i.u.t.SubmittedApplicationsPageTest - Entered country percentage: '50'.
2025-03-27 15:32:01 [main] DEBUG l.i.u.t.SubmittedApplicationsPageTest - Entered institution percentage: '50'.
2025-03-27 15:32:01 [main] DEBUG l.i.u.t.SubmittedApplicationsPageTest - Entered municipality percentage: '50'.
2025-03-27 15:32:01 [main] DEBUG l.i.u.t.SubmittedApplicationsPageTest - Selected 'De Minimis' radio button.
2025-03-27 15:32:01 [main] DEBUG l.i.u.t.SubmittedApplicationsPageTest - Entered program name: 'Programa 1'.
2025-03-27 15:32:02 [main] DEBUG l.i.u.t.SubmittedApplicationsPageTest - Entered project date from.
2025-03-27 15:32:02 [main] DEBUG l.i.u.t.SubmittedApplicationsPageTest - Entered project date until.
2025-03-27 15:32:02 [main] DEBUG l.i.u.t.SubmittedApplicationsPageTest - Entered support amount: '2000'.
2025-03-27 15:32:02 [main] DEBUG l.i.u.t.SubmittedApplicationsPageTest - Clicked 'Next' button.
2025-03-27 15:36:50 [main] INFO  lt.insoft.uztis.tests.UztisPageTest - Navigated to https://uztisdev.asseco.lt/home
2025-03-27 15:36:50 [main] INFO  l.i.u.t.SubmittedApplicationsPageTest - Starting test:'testFillNewVUIPApplicationFA'
2025-03-27 15:36:51 [main] DEBUG l.i.u.t.SubmittedApplicationsPageTest - User logged in with test credentials.
2025-03-27 15:36:51 [main] DEBUG l.i.u.t.SubmittedApplicationsPageTest - Opened 'Application Processing' menu.
2025-03-27 15:36:51 [main] DEBUG l.i.u.t.SubmittedApplicationsPageTest - Clicked on 'Application Forms' menu.
2025-03-27 15:36:52 [main] DEBUG l.i.u.t.SubmittedApplicationsPageTest - Retrieved last description code text: 'TST-VUI-75'.
2025-03-27 15:36:52 [main] DEBUG l.i.u.t.SubmittedApplicationsPageTest - Clicked on 'Invitation' menu.
2025-03-27 15:36:53 [main] DEBUG l.i.u.t.SubmittedApplicationsPageTest - Selected application section by code: 'TST-VUI-75'.
2025-03-27 15:36:53 [main] DEBUG l.i.u.t.SubmittedApplicationsPageTest - Clicked 'Search' button.
2025-03-27 15:36:53 [main] DEBUG l.i.u.t.SubmittedApplicationsPageTest - Retrieved invitation code: ''.
2025-03-27 15:36:53 [main] DEBUG l.i.u.t.SubmittedApplicationsPageTest - Clicked on 'Submitted Applications' menu.
2025-03-27 15:36:55 [main] DEBUG l.i.u.t.SubmittedApplicationsPageTest - Selected invitation by code: 'TST-VUI-75'.
2025-03-27 15:36:55 [main] DEBUG l.i.u.t.SubmittedApplicationsPageTest - Invitation code inserted.
2025-03-27 15:36:55 [main] DEBUG l.i.u.t.SubmittedApplicationsPageTest - Clicked on 'Action Application' button.
2025-03-27 15:36:55 [main] DEBUG l.i.u.t.SubmittedApplicationsPageTest - Clicked on 'New Application' button.
2025-03-27 15:36:56 [main] DEBUG l.i.u.t.SubmittedApplicationsPageTest - Selected the 'RadioButtonFA' option.
2025-03-27 15:36:56 [main] DEBUG l.i.u.t.SubmittedApplicationsPageTest - Entered phone number: '61298745'.
2025-03-27 15:36:56 [main] DEBUG l.i.u.t.SubmittedApplicationsPageTest - Entered email: 'test@autotest.com'.
2025-03-27 15:36:56 [main] INFO  l.i.u.p.SubmittedApplicationsPage - Clicking on the dropdown button.
2025-03-27 15:37:17 [main] INFO  l.i.u.p.SubmittedApplicationsPage - Found 1741 options in the dropdown.
2025-03-27 15:37:17 [main] DEBUG l.i.u.p.SubmittedApplicationsPage - Checking option: ''
2025-03-27 15:37:17 [main] DEBUG l.i.u.p.SubmittedApplicationsPage - Checking option: '01.11 - Grūdinių (išskyrus ryžius), ankštinių ir aliejingų sėklų augalų auginimas'
2025-03-27 15:37:17 [main] INFO  l.i.u.p.SubmittedApplicationsPage - Successfully selected the value: '01.11 - Grūdinių (išskyrus ryžius), ankštinių ir aliejingų sėklų augalų auginimas'
2025-03-27 15:37:17 [main] INFO  l.i.u.p.SubmittedApplicationsPage - Attempting to close the dropdown.
2025-03-27 15:37:17 [main] DEBUG l.i.u.t.SubmittedApplicationsPageTest - Selected EVRK value: '01.11 - Grūdinių (išskyrus ryžius), ankštinių ir aliejingų sėklų augalų auginimas'.
2025-03-27 15:37:18 [main] DEBUG l.i.u.t.SubmittedApplicationsPageTest - Clicked on 'Address Component' button.
2025-03-27 15:37:18 [main] INFO  l.i.u.p.SubmittedApplicationsPage - Located the dropdown button.
2025-03-27 15:37:21 [main] INFO  l.i.u.p.SubmittedApplicationsPage - Successfully selected the value: 'Lietuva'
2025-03-27 15:37:21 [main] DEBUG l.i.u.t.SubmittedApplicationsPageTest - Selected country: 'Lietuva'.
2025-03-27 15:37:21 [main] INFO  l.i.u.p.SubmittedApplicationsPage - Located the dropdown search field.
2025-03-27 15:37:21 [main] INFO  l.i.u.p.SubmittedApplicationsPage - Dropdown city is opened.
2025-03-27 15:37:21 [main] INFO  l.i.u.p.SubmittedApplicationsPage - Searched for value: 'Vilnius'
2025-03-27 15:37:22 [main] INFO  l.i.u.p.SubmittedApplicationsPage - Successfully selected: 'Vilnius'
2025-03-27 15:37:22 [main] INFO  l.i.u.p.SubmittedApplicationsPage - Located the dropdown button.
2025-03-27 15:37:23 [main] INFO  l.i.u.p.SubmittedApplicationsPage - Successfully selected the value: 'A. Domaševičiaus g.'
2025-03-27 15:37:23 [main] DEBUG l.i.u.t.SubmittedApplicationsPageTest - Selected street: 'A. Domaševičiaus g.'.
2025-03-27 15:37:23 [main] INFO  l.i.u.p.SubmittedApplicationsPage - Located the dropdown button.
2025-03-27 15:37:23 [main] INFO  l.i.u.p.SubmittedApplicationsPage - Successfully selected the value: '1'
2025-03-27 15:37:23 [main] DEBUG l.i.u.t.SubmittedApplicationsPageTest - Selected house: '1'.
2025-03-27 15:37:23 [main] INFO  l.i.u.p.SubmittedApplicationsPage - Located the dropdown button.
2025-03-27 15:37:24 [main] INFO  l.i.u.p.SubmittedApplicationsPage - Successfully selected the value: '1'
2025-03-27 15:37:24 [main] DEBUG l.i.u.t.SubmittedApplicationsPageTest - Selected apartment: '1'.
2025-03-27 15:37:24 [main] DEBUG l.i.u.t.SubmittedApplicationsPageTest - Clicked 'Confirm' button.
2025-03-27 15:37:24 [main] DEBUG l.i.u.t.SubmittedApplicationsPageTest - Entered project date.
2025-03-27 15:37:24 [main] DEBUG l.i.u.t.SubmittedApplicationsPageTest - Entered job count: '1'.
2025-03-27 15:37:24 [main] DEBUG l.i.u.t.SubmittedApplicationsPageTest - Clicked 'Next' button.
2025-03-27 15:37:24 [main] INFO  l.i.u.p.SubmittedApplicationsPage - Located the dropdown button.
2025-03-27 15:37:25 [main] INFO  l.i.u.p.SubmittedApplicationsPage - Successfully selected the value: 'Administratoriai'
2025-03-27 15:37:25 [main] DEBUG l.i.u.t.SubmittedApplicationsPageTest - Selected job name: 'Administratoriai'.
2025-03-27 15:37:25 [main] DEBUG l.i.u.t.SubmittedApplicationsPageTest - Entered job function: 'Funkcija 1'.
2025-03-27 15:37:25 [main] DEBUG l.i.u.t.SubmittedApplicationsPageTest - Selected 'RadioButtonWithDisabilities' option.
2025-03-27 15:37:25 [main] INFO  l.i.u.p.SubmittedApplicationsPage - Clicking on the dropdown button.
2025-03-27 15:37:27 [main] INFO  l.i.u.p.SubmittedApplicationsPage - Found 34 options in the dropdown.
2025-03-27 15:37:27 [main] DEBUG l.i.u.p.SubmittedApplicationsPage - Checking option: 'Asmenys, kuriems suteiktas pabėgėlio statusas ar perkeliamojo asmens statusas, arba asmenys, kuriems suteikta papildoma ar laikinoji apsauga, ir asmenys, turintys teisę gauti laikinąją apsaugą, iki sprendimo dėl laikinosios apsaugos suteikimo (nesuteikimo) priėmimo, tačiau ne ilgiau kaip laikinosios apsaugos laikotarpiu'
2025-03-27 15:37:27 [main] DEBUG l.i.u.p.SubmittedApplicationsPage - Checking option: 'Asmenys, kuriems suteiktas pabėgėlio statusas ar perkeliamojo asmens statusas, arba asmenys, kuriems suteikta papildoma ar laikinoji apsauga, ir asmenys, turintys teisę gauti laikinąją apsaugą, iki sprendimo dėl laikinosios apsaugos suteikimo (nesuteikimo) priėmimo, tačiau ne ilgiau kaip laikinosios apsaugos laikotarpiu'
2025-03-27 15:37:27 [main] DEBUG l.i.u.p.SubmittedApplicationsPage - Checking option: 'Asmenys, turintys teisę į papildomas užimtumo garantijas pagal Lietuvos Respublikos valstybės įmonės Ignalinos atominės elektrinės darbuotojų papildomų užimtumo ir socialinių garantijų įstatymą'
2025-03-27 15:37:27 [main] DEBUG l.i.u.p.SubmittedApplicationsPage - Checking option: 'Asmenys, turintys teisę į papildomas užimtumo garantijas pagal Lietuvos Respublikos valstybės įmonės Ignalinos atominės elektrinės darbuotojų papildomų užimtumo ir socialinių garantijų įstatymą'
2025-03-27 15:37:27 [main] DEBUG l.i.u.p.SubmittedApplicationsPage - Checking option: 'Bedarbiai iki 29 metų'
2025-03-27 15:37:27 [main] DEBUG l.i.u.p.SubmittedApplicationsPage - Checking option: 'Bedarbiai iki 29 metų'
2025-03-27 15:37:27 [main] DEBUG l.i.u.p.SubmittedApplicationsPage - Checking option: 'Bedarbiai, kurie yra darbingo amžiaus neįgalieji, kuriems nustatytas 30–40 procentų darbingumo lygis arba vidutinis neįgalumo lygis'
2025-03-27 15:37:27 [main] DEBUG l.i.u.p.SubmittedApplicationsPage - Checking option: 'Bedarbiai, kurie yra darbingo amžiaus neįgalieji, kuriems nustatytas 30–40 procentų darbingumo lygis arba vidutinis neįgalumo lygis'
2025-03-27 15:37:27 [main] DEBUG l.i.u.p.SubmittedApplicationsPage - Checking option: 'Bedarbiai, kurie yra darbingo amžiaus neįgalieji, kuriems nustatytas 45–55 procentų darbingumo lygis arba lengvas neįgalumo lygis'
2025-03-27 15:37:27 [main] DEBUG l.i.u.p.SubmittedApplicationsPage - Checking option: 'Bedarbiai, kurie yra darbingo amžiaus neįgalieji, kuriems nustatytas 45–55 procentų darbingumo lygis arba lengvas neįgalumo lygis'
2025-03-27 15:37:27 [main] DEBUG l.i.u.p.SubmittedApplicationsPage - Checking option: 'Bedarbiai, kurie yra darbingo amžiaus neįgalieji, kuriems nustatytas iki 25 procentų darbingumo lygis arba sunkus neįgalumo lygis'
2025-03-27 15:37:27 [main] INFO  l.i.u.p.SubmittedApplicationsPage - Successfully selected the value: 'Bedarbiai, kurie yra darbingo amžiaus neįgalieji, kuriems nustatytas iki 25 procentų darbingumo lygis arba sunkus neįgalumo lygis'
2025-03-27 15:37:27 [main] INFO  l.i.u.p.SubmittedApplicationsPage - Attempting to close the dropdown.
2025-03-27 15:37:28 [main] DEBUG l.i.u.t.SubmittedApplicationsPageTest - Selected disabilities type: 'Bedarbiai, kurie yra darbingo amžiaus neįgalieji, kuriems nustatytas iki 25 procentų darbingumo lygis arba sunkus neįgalumo lygis'.
2025-03-27 15:37:28 [main] DEBUG l.i.u.t.SubmittedApplicationsPageTest - Entered disability information: 'Negalia 1'.
2025-03-27 15:37:28 [main] INFO  l.i.u.p.SubmittedApplicationsPage - Located the dropdown button.
2025-03-27 15:37:29 [main] INFO  l.i.u.p.SubmittedApplicationsPage - Successfully selected the value: 'Kita'
2025-03-27 15:37:29 [main] DEBUG l.i.u.t.SubmittedApplicationsPageTest - Selected time mode: 'Kita'.
2025-03-27 15:37:29 [main] DEBUG l.i.u.t.SubmittedApplicationsPageTest - Selected time mode other: '6 val. per dieną ir 4 d. per savaitę'.
2025-03-27 15:37:29 [main] DEBUG l.i.u.t.SubmittedApplicationsPageTest - Entered qualification: 'Kvalifikacija 1'.
2025-03-27 15:37:29 [main] DEBUG l.i.u.t.SubmittedApplicationsPageTest - Entered job date.
2025-03-27 15:37:30 [main] DEBUG l.i.u.t.SubmittedApplicationsPageTest - Entered salary amount: '1200'.
2025-03-27 15:37:30 [main] DEBUG l.i.u.t.SubmittedApplicationsPageTest - Entered salary description: 'Užmokestis 1'.
2025-03-27 15:37:30 [main] DEBUG l.i.u.t.SubmittedApplicationsPageTest - Selected 'Temporary Job' radio button.
2025-03-27 15:37:30 [main] DEBUG l.i.u.t.SubmittedApplicationsPageTest - Selected 'Season Job' radio button.
2025-03-27 15:37:30 [main] DEBUG l.i.u.t.SubmittedApplicationsPageTest - Selected 'Energy' radio button.
2025-03-27 15:37:30 [main] DEBUG l.i.u.t.SubmittedApplicationsPageTest - Selected 'Repair' radio button.
2025-03-27 15:37:31 [main] DEBUG l.i.u.t.SubmittedApplicationsPageTest - Entered job description: 'Veikla 1'.
2025-03-27 15:37:31 [main] DEBUG l.i.u.t.SubmittedApplicationsPageTest - Entered process description: 'Procesas 1'.
2025-03-27 15:37:31 [main] DEBUG l.i.u.t.SubmittedApplicationsPageTest - Entered energy information: 'Energija 1'.
2025-03-27 15:37:31 [main] DEBUG l.i.u.t.SubmittedApplicationsPageTest - Entered repair information: 'Remontas 1'.
2025-03-27 15:37:32 [main] DEBUG l.i.u.t.SubmittedApplicationsPageTest - Selected 'PVM' radio button.
2025-03-27 15:37:32 [main] INFO  l.i.u.p.SubmittedApplicationsPage - Located the dropdown button.
2025-03-27 15:37:32 [main] INFO  l.i.u.p.SubmittedApplicationsPage - Successfully selected the value: 'Įsigyti'
2025-03-27 15:37:32 [main] DEBUG l.i.u.t.SubmittedApplicationsPageTest - Selected necessary for job: 'Įsigyti'.
2025-03-27 15:37:32 [main] DEBUG l.i.u.t.SubmittedApplicationsPageTest - Selected tool: 'Darbo priemonė 1'.
2025-03-27 15:37:32 [main] DEBUG l.i.u.t.SubmittedApplicationsPageTest - Selected tool parameter one: 'Darbo priemonės 1 parametras 1'.
2025-03-27 15:37:33 [main] DEBUG l.i.u.t.SubmittedApplicationsPageTest - Selected tool parameter two: 'Darbo priemonės 1 parametras 2'.
2025-03-27 15:37:33 [main] DEBUG l.i.u.t.SubmittedApplicationsPageTest - Selected tool parameter three: 'Darbo priemonės 1 parametras 3'.
2025-03-27 15:37:33 [main] DEBUG l.i.u.t.SubmittedApplicationsPageTest - Entered tool count: '1'.
2025-03-27 15:37:33 [main] DEBUG l.i.u.t.SubmittedApplicationsPageTest - Entered price amount 1: '1000'.
2025-03-27 15:37:35 [main] DEBUG l.i.u.t.SubmittedApplicationsPageTest - Entered own funds amount 1: '800'.
2025-03-27 15:37:38 [main] DEBUG l.i.u.t.SubmittedApplicationsPageTest - Clicked 'Add' button.
2025-03-27 15:37:38 [main] INFO  l.i.u.p.SubmittedApplicationsPage - Located the dropdown button.
2025-03-27 15:37:38 [main] INFO  l.i.u.p.SubmittedApplicationsPage - Successfully selected the value: 'Remontuoti'
2025-03-27 15:37:38 [main] DEBUG l.i.u.t.SubmittedApplicationsPageTest - Selected necessary for job 'to repair': 'Remontuoti'.
2025-03-27 15:37:38 [main] DEBUG l.i.u.t.SubmittedApplicationsPageTest - Selected repair name: 'Remonto pavadinimas 1'.
2025-03-27 15:37:39 [main] DEBUG l.i.u.t.SubmittedApplicationsPageTest - Entered repair information: 'Remonto aprašymas 1'.
2025-03-27 15:37:39 [main] DEBUG l.i.u.t.SubmittedApplicationsPageTest - Entered price amount 2: '1000'.
2025-03-27 15:37:41 [main] DEBUG l.i.u.t.SubmittedApplicationsPageTest - Entered own funds amount 2: '900'.
2025-03-27 15:37:44 [main] DEBUG l.i.u.t.SubmittedApplicationsPageTest - Entered new own funds amount 1: '850'.
2025-03-27 15:37:44 [main] DEBUG l.i.u.t.SubmittedApplicationsPageTest - Entered new own funds amount 2: '950'.
2025-03-27 15:37:44 [main] DEBUG l.i.u.t.SubmittedApplicationsPageTest - Entered country percentage: '50'.
2025-03-27 15:37:44 [main] DEBUG l.i.u.t.SubmittedApplicationsPageTest - Entered institution percentage: '50'.
2025-03-27 15:37:44 [main] DEBUG l.i.u.t.SubmittedApplicationsPageTest - Entered municipality percentage: '50'.
2025-03-27 15:37:44 [main] DEBUG l.i.u.t.SubmittedApplicationsPageTest - Selected 'De Minimis' radio button.
2025-03-27 15:37:45 [main] DEBUG l.i.u.t.SubmittedApplicationsPageTest - Entered program name: 'Programa 1'.
2025-03-27 15:37:45 [main] DEBUG l.i.u.t.SubmittedApplicationsPageTest - Entered project date from.
2025-03-27 15:37:45 [main] DEBUG l.i.u.t.SubmittedApplicationsPageTest - Entered project date until.
2025-03-27 15:37:45 [main] DEBUG l.i.u.t.SubmittedApplicationsPageTest - Entered support amount: '2000'.
2025-03-27 15:37:45 [main] DEBUG l.i.u.t.SubmittedApplicationsPageTest - Clicked 'Next' button.
2025-03-27 15:47:13 [main] INFO  lt.insoft.uztis.tests.UztisPageTest - Navigated to https://uztisdev.asseco.lt/home
2025-03-27 15:47:13 [main] INFO  l.i.u.t.SubmittedApplicationsPageTest - Starting test:'testFillNewVUIPApplicationFA'
2025-03-27 15:47:14 [main] DEBUG l.i.u.t.SubmittedApplicationsPageTest - User logged in with test credentials.
2025-03-27 15:47:14 [main] DEBUG l.i.u.t.SubmittedApplicationsPageTest - Opened 'Application Processing' menu.
2025-03-27 15:47:14 [main] DEBUG l.i.u.t.SubmittedApplicationsPageTest - Clicked on 'Application Forms' menu.
2025-03-27 15:47:15 [main] DEBUG l.i.u.t.SubmittedApplicationsPageTest - Retrieved last description code text: 'TST-VUI-75'.
2025-03-27 15:47:15 [main] DEBUG l.i.u.t.SubmittedApplicationsPageTest - Clicked on 'Invitation' menu.
2025-03-27 15:47:16 [main] DEBUG l.i.u.t.SubmittedApplicationsPageTest - Selected application section by code: 'TST-VUI-75'.
2025-03-27 15:47:16 [main] DEBUG l.i.u.t.SubmittedApplicationsPageTest - Clicked 'Search' button.
2025-03-27 15:47:16 [main] DEBUG l.i.u.t.SubmittedApplicationsPageTest - Retrieved invitation code: ''.
2025-03-27 15:47:16 [main] DEBUG l.i.u.t.SubmittedApplicationsPageTest - Clicked on 'Submitted Applications' menu.
2025-03-27 15:47:18 [main] DEBUG l.i.u.t.SubmittedApplicationsPageTest - Selected invitation by code: 'TST-VUI-75'.
2025-03-27 15:47:18 [main] DEBUG l.i.u.t.SubmittedApplicationsPageTest - Invitation code inserted.
2025-03-27 15:47:18 [main] DEBUG l.i.u.t.SubmittedApplicationsPageTest - Clicked on 'Action Application' button.
2025-03-27 15:47:18 [main] DEBUG l.i.u.t.SubmittedApplicationsPageTest - Clicked on 'New Application' button.
2025-03-27 15:47:19 [main] DEBUG l.i.u.t.SubmittedApplicationsPageTest - Selected the 'RadioButtonFA' option.
2025-03-27 15:47:19 [main] DEBUG l.i.u.t.SubmittedApplicationsPageTest - Entered phone number: '61298745'.
2025-03-27 15:47:19 [main] DEBUG l.i.u.t.SubmittedApplicationsPageTest - Entered email: 'test@autotest.com'.
2025-03-27 15:47:19 [main] INFO  l.i.u.p.SubmittedApplicationsPage - Clicking on the dropdown button.
2025-03-27 15:47:36 [main] INFO  l.i.u.p.SubmittedApplicationsPage - Found 1741 options in the dropdown.
2025-03-27 15:47:36 [main] DEBUG l.i.u.p.SubmittedApplicationsPage - Checking option: ''
2025-03-27 15:47:36 [main] DEBUG l.i.u.p.SubmittedApplicationsPage - Checking option: '01.11 - Grūdinių (išskyrus ryžius), ankštinių ir aliejingų sėklų augalų auginimas'
2025-03-27 15:47:36 [main] INFO  l.i.u.p.SubmittedApplicationsPage - Successfully selected the value: '01.11 - Grūdinių (išskyrus ryžius), ankštinių ir aliejingų sėklų augalų auginimas'
2025-03-27 15:47:36 [main] INFO  l.i.u.p.SubmittedApplicationsPage - Attempting to close the dropdown.
2025-03-27 15:47:37 [main] DEBUG l.i.u.t.SubmittedApplicationsPageTest - Selected EVRK value: '01.11 - Grūdinių (išskyrus ryžius), ankštinių ir aliejingų sėklų augalų auginimas'.
2025-03-27 15:47:37 [main] DEBUG l.i.u.t.SubmittedApplicationsPageTest - Clicked on 'Address Component' button.
2025-03-27 15:47:37 [main] INFO  l.i.u.p.SubmittedApplicationsPage - Located the dropdown button.
2025-03-27 15:47:41 [main] INFO  l.i.u.p.SubmittedApplicationsPage - Successfully selected the value: 'Lietuva'
2025-03-27 15:47:41 [main] DEBUG l.i.u.t.SubmittedApplicationsPageTest - Selected country: 'Lietuva'.
2025-03-27 15:47:41 [main] INFO  l.i.u.p.SubmittedApplicationsPage - Located the dropdown search field.
2025-03-27 15:47:41 [main] INFO  l.i.u.p.SubmittedApplicationsPage - Dropdown city is opened.
2025-03-27 15:47:41 [main] INFO  l.i.u.p.SubmittedApplicationsPage - Searched for value: 'Vilnius'
2025-03-27 15:47:42 [main] INFO  l.i.u.p.SubmittedApplicationsPage - Successfully selected: 'Vilnius'
2025-03-27 15:47:42 [main] INFO  l.i.u.p.SubmittedApplicationsPage - Located the dropdown button.
2025-03-27 15:47:42 [main] INFO  l.i.u.p.SubmittedApplicationsPage - Successfully selected the value: 'A. Domaševičiaus g.'
2025-03-27 15:47:42 [main] DEBUG l.i.u.t.SubmittedApplicationsPageTest - Selected street: 'A. Domaševičiaus g.'.
2025-03-27 15:47:42 [main] INFO  l.i.u.p.SubmittedApplicationsPage - Located the dropdown button.
2025-03-27 15:47:43 [main] INFO  l.i.u.p.SubmittedApplicationsPage - Successfully selected the value: '1'
2025-03-27 15:47:43 [main] DEBUG l.i.u.t.SubmittedApplicationsPageTest - Selected house: '1'.
2025-03-27 15:47:43 [main] INFO  l.i.u.p.SubmittedApplicationsPage - Located the dropdown button.
2025-03-27 15:47:44 [main] INFO  l.i.u.p.SubmittedApplicationsPage - Successfully selected the value: '1'
2025-03-27 15:47:44 [main] DEBUG l.i.u.t.SubmittedApplicationsPageTest - Selected apartment: '1'.
2025-03-27 15:47:44 [main] DEBUG l.i.u.t.SubmittedApplicationsPageTest - Clicked 'Confirm' button.
2025-03-27 15:47:44 [main] DEBUG l.i.u.t.SubmittedApplicationsPageTest - Entered project date.
2025-03-27 15:47:44 [main] DEBUG l.i.u.t.SubmittedApplicationsPageTest - Entered job count: '1'.
2025-03-27 15:47:45 [main] DEBUG l.i.u.t.SubmittedApplicationsPageTest - Clicked 'Next' button.
2025-03-27 15:47:45 [main] INFO  l.i.u.p.SubmittedApplicationsPage - Located the dropdown button.
2025-03-27 15:47:45 [main] INFO  l.i.u.p.SubmittedApplicationsPage - Successfully selected the value: 'Administratoriai'
2025-03-27 15:47:45 [main] DEBUG l.i.u.t.SubmittedApplicationsPageTest - Selected job name: 'Administratoriai'.
2025-03-27 15:47:46 [main] DEBUG l.i.u.t.SubmittedApplicationsPageTest - Entered job function: 'Funkcija 1'.
2025-03-27 15:47:46 [main] DEBUG l.i.u.t.SubmittedApplicationsPageTest - Selected 'RadioButtonWithDisabilities' option.
2025-03-27 15:47:46 [main] INFO  l.i.u.p.SubmittedApplicationsPage - Clicking on the dropdown button.
2025-03-27 15:47:46 [main] INFO  l.i.u.p.SubmittedApplicationsPage - Found 34 options in the dropdown.
2025-03-27 15:47:46 [main] DEBUG l.i.u.p.SubmittedApplicationsPage - Checking option: 'Asmenys, kuriems suteiktas pabėgėlio statusas ar perkeliamojo asmens statusas, arba asmenys, kuriems suteikta papildoma ar laikinoji apsauga, ir asmenys, turintys teisę gauti laikinąją apsaugą, iki sprendimo dėl laikinosios apsaugos suteikimo (nesuteikimo) priėmimo, tačiau ne ilgiau kaip laikinosios apsaugos laikotarpiu'
2025-03-27 15:47:46 [main] DEBUG l.i.u.p.SubmittedApplicationsPage - Checking option: 'Asmenys, kuriems suteiktas pabėgėlio statusas ar perkeliamojo asmens statusas, arba asmenys, kuriems suteikta papildoma ar laikinoji apsauga, ir asmenys, turintys teisę gauti laikinąją apsaugą, iki sprendimo dėl laikinosios apsaugos suteikimo (nesuteikimo) priėmimo, tačiau ne ilgiau kaip laikinosios apsaugos laikotarpiu'
2025-03-27 15:47:46 [main] DEBUG l.i.u.p.SubmittedApplicationsPage - Checking option: 'Asmenys, turintys teisę į papildomas užimtumo garantijas pagal Lietuvos Respublikos valstybės įmonės Ignalinos atominės elektrinės darbuotojų papildomų užimtumo ir socialinių garantijų įstatymą'
2025-03-27 15:47:46 [main] DEBUG l.i.u.p.SubmittedApplicationsPage - Checking option: 'Asmenys, turintys teisę į papildomas užimtumo garantijas pagal Lietuvos Respublikos valstybės įmonės Ignalinos atominės elektrinės darbuotojų papildomų užimtumo ir socialinių garantijų įstatymą'
2025-03-27 15:47:46 [main] DEBUG l.i.u.p.SubmittedApplicationsPage - Checking option: 'Bedarbiai iki 29 metų'
2025-03-27 15:47:46 [main] DEBUG l.i.u.p.SubmittedApplicationsPage - Checking option: 'Bedarbiai iki 29 metų'
2025-03-27 15:47:47 [main] DEBUG l.i.u.p.SubmittedApplicationsPage - Checking option: 'Bedarbiai, kurie yra darbingo amžiaus neįgalieji, kuriems nustatytas 30–40 procentų darbingumo lygis arba vidutinis neįgalumo lygis'
2025-03-27 15:47:47 [main] DEBUG l.i.u.p.SubmittedApplicationsPage - Checking option: 'Bedarbiai, kurie yra darbingo amžiaus neįgalieji, kuriems nustatytas 30–40 procentų darbingumo lygis arba vidutinis neįgalumo lygis'
2025-03-27 15:47:47 [main] DEBUG l.i.u.p.SubmittedApplicationsPage - Checking option: 'Bedarbiai, kurie yra darbingo amžiaus neįgalieji, kuriems nustatytas 45–55 procentų darbingumo lygis arba lengvas neįgalumo lygis'
2025-03-27 15:47:47 [main] DEBUG l.i.u.p.SubmittedApplicationsPage - Checking option: 'Bedarbiai, kurie yra darbingo amžiaus neįgalieji, kuriems nustatytas 45–55 procentų darbingumo lygis arba lengvas neįgalumo lygis'
2025-03-27 15:47:47 [main] DEBUG l.i.u.p.SubmittedApplicationsPage - Checking option: 'Bedarbiai, kurie yra darbingo amžiaus neįgalieji, kuriems nustatytas iki 25 procentų darbingumo lygis arba sunkus neįgalumo lygis'
2025-03-27 15:47:47 [main] INFO  l.i.u.p.SubmittedApplicationsPage - Successfully selected the value: 'Bedarbiai, kurie yra darbingo amžiaus neįgalieji, kuriems nustatytas iki 25 procentų darbingumo lygis arba sunkus neįgalumo lygis'
2025-03-27 15:47:47 [main] INFO  l.i.u.p.SubmittedApplicationsPage - Attempting to close the dropdown.
2025-03-27 15:47:47 [main] DEBUG l.i.u.t.SubmittedApplicationsPageTest - Selected disabilities type: 'Bedarbiai, kurie yra darbingo amžiaus neįgalieji, kuriems nustatytas iki 25 procentų darbingumo lygis arba sunkus neįgalumo lygis'.
2025-03-27 15:47:48 [main] DEBUG l.i.u.t.SubmittedApplicationsPageTest - Entered disability information: 'Negalia 1'.
2025-03-27 15:47:48 [main] INFO  l.i.u.p.SubmittedApplicationsPage - Located the dropdown button.
2025-03-27 15:47:48 [main] INFO  l.i.u.p.SubmittedApplicationsPage - Successfully selected the value: 'Kita'
2025-03-27 15:47:48 [main] DEBUG l.i.u.t.SubmittedApplicationsPageTest - Selected time mode: 'Kita'.
2025-03-27 15:47:49 [main] DEBUG l.i.u.t.SubmittedApplicationsPageTest - Selected time mode other: '6 val. per dieną ir 4 d. per savaitę'.
2025-03-27 15:47:49 [main] DEBUG l.i.u.t.SubmittedApplicationsPageTest - Entered qualification: 'Kvalifikacija 1'.
2025-03-27 15:47:49 [main] DEBUG l.i.u.t.SubmittedApplicationsPageTest - Entered job date.
2025-03-27 15:47:49 [main] DEBUG l.i.u.t.SubmittedApplicationsPageTest - Entered salary amount: '1200'.
2025-03-27 15:47:50 [main] DEBUG l.i.u.t.SubmittedApplicationsPageTest - Entered salary description: 'Užmokestis 1'.
2025-03-27 15:47:50 [main] DEBUG l.i.u.t.SubmittedApplicationsPageTest - Selected 'Temporary Job' radio button.
2025-03-27 15:47:50 [main] DEBUG l.i.u.t.SubmittedApplicationsPageTest - Selected 'Season Job' radio button.
2025-03-27 15:47:50 [main] DEBUG l.i.u.t.SubmittedApplicationsPageTest - Selected 'Energy' radio button.
2025-03-27 15:47:50 [main] DEBUG l.i.u.t.SubmittedApplicationsPageTest - Selected 'Repair' radio button.
2025-03-27 15:47:50 [main] DEBUG l.i.u.t.SubmittedApplicationsPageTest - Entered job description: 'Veikla 1'.
2025-03-27 15:47:51 [main] DEBUG l.i.u.t.SubmittedApplicationsPageTest - Entered process description: 'Procesas 1'.
2025-03-27 15:47:51 [main] DEBUG l.i.u.t.SubmittedApplicationsPageTest - Entered energy information: 'Energija 1'.
2025-03-27 15:47:51 [main] DEBUG l.i.u.t.SubmittedApplicationsPageTest - Entered repair information: 'Remontas 1'.
2025-03-27 15:47:51 [main] DEBUG l.i.u.t.SubmittedApplicationsPageTest - Selected 'PVM' radio button.
2025-03-27 15:47:51 [main] INFO  l.i.u.p.SubmittedApplicationsPage - Located the dropdown button.
2025-03-27 15:47:52 [main] INFO  l.i.u.p.SubmittedApplicationsPage - Successfully selected the value: 'Įsigyti'
2025-03-27 15:47:52 [main] DEBUG l.i.u.t.SubmittedApplicationsPageTest - Selected necessary for job: 'Įsigyti'.
2025-03-27 15:47:53 [main] DEBUG l.i.u.t.SubmittedApplicationsPageTest - Selected tool: 'Darbo priemonė 1'.
2025-03-27 15:47:53 [main] DEBUG l.i.u.t.SubmittedApplicationsPageTest - Selected tool parameter one: 'Darbo priemonės 1 parametras 1'.
2025-03-27 15:47:53 [main] DEBUG l.i.u.t.SubmittedApplicationsPageTest - Selected tool parameter two: 'Darbo priemonės 1 parametras 2'.
2025-03-27 15:47:53 [main] DEBUG l.i.u.t.SubmittedApplicationsPageTest - Selected tool parameter three: 'Darbo priemonės 1 parametras 3'.
2025-03-27 15:47:53 [main] DEBUG l.i.u.t.SubmittedApplicationsPageTest - Entered tool count: '1'.
2025-03-27 15:47:54 [main] DEBUG l.i.u.t.SubmittedApplicationsPageTest - Entered price amount 1: '1000'.
2025-03-27 15:47:56 [main] DEBUG l.i.u.t.SubmittedApplicationsPageTest - Entered own funds amount 1: '800'.
2025-03-27 15:47:58 [main] DEBUG l.i.u.t.SubmittedApplicationsPageTest - Clicked 'Add' button.
2025-03-27 15:47:58 [main] INFO  l.i.u.p.SubmittedApplicationsPage - Located the dropdown button.
2025-03-27 15:47:59 [main] INFO  l.i.u.p.SubmittedApplicationsPage - Successfully selected the value: 'Remontuoti'
2025-03-27 15:47:59 [main] DEBUG l.i.u.t.SubmittedApplicationsPageTest - Selected necessary for job 'to repair': 'Remontuoti'.
2025-03-27 15:47:59 [main] DEBUG l.i.u.t.SubmittedApplicationsPageTest - Selected repair name: 'Remonto pavadinimas 1'.
2025-03-27 15:47:59 [main] DEBUG l.i.u.t.SubmittedApplicationsPageTest - Entered repair information: 'Remonto aprašymas 1'.
2025-03-27 15:47:59 [main] DEBUG l.i.u.t.SubmittedApplicationsPageTest - Entered price amount 2: '1000'.
2025-03-27 15:48:01 [main] DEBUG l.i.u.t.SubmittedApplicationsPageTest - Entered own funds amount 2: '900'.
2025-03-27 15:48:03 [main] DEBUG l.i.u.t.SubmittedApplicationsPageTest - Forced value update: '100'
2025-03-27 15:48:04 [main] DEBUG l.i.u.t.SubmittedApplicationsPageTest - Entered country percentage: '50'.
2025-03-27 15:48:04 [main] DEBUG l.i.u.t.SubmittedApplicationsPageTest - Entered institution percentage: '50'.
2025-03-27 15:48:04 [main] DEBUG l.i.u.t.SubmittedApplicationsPageTest - Entered municipality percentage: '50'.
2025-03-27 15:48:04 [main] DEBUG l.i.u.t.SubmittedApplicationsPageTest - Selected 'De Minimis' radio button.
2025-03-27 15:48:04 [main] DEBUG l.i.u.t.SubmittedApplicationsPageTest - Entered program name: 'Programa 1'.
2025-03-27 15:48:04 [main] DEBUG l.i.u.t.SubmittedApplicationsPageTest - Entered project date from.
2025-03-27 15:48:04 [main] DEBUG l.i.u.t.SubmittedApplicationsPageTest - Entered project date until.
2025-03-27 15:48:05 [main] DEBUG l.i.u.t.SubmittedApplicationsPageTest - Entered support amount: '2000'.
2025-03-27 15:48:05 [main] DEBUG l.i.u.t.SubmittedApplicationsPageTest - Clicked 'Next' button.
2025-03-28 08:40:51 [main] INFO  lt.insoft.uztis.tests.UztisPageTest - Navigated to https://uztisdev.asseco.lt/home
2025-03-28 08:40:51 [main] INFO  l.i.u.t.SubmittedApplicationsPageTest - Starting test:'testFillNewVUIPApplicationFA'
2025-03-28 08:40:51 [main] DEBUG l.i.u.t.SubmittedApplicationsPageTest - User logged in with test credentials.
2025-03-28 08:40:51 [main] DEBUG l.i.u.t.SubmittedApplicationsPageTest - Opened 'Application Processing' menu.
2025-03-28 08:40:52 [main] DEBUG l.i.u.t.SubmittedApplicationsPageTest - Clicked on 'Application Forms' menu.
2025-03-28 08:40:52 [main] DEBUG l.i.u.t.SubmittedApplicationsPageTest - Retrieved last description code text: 'TST-VUI-75'.
2025-03-28 08:40:52 [main] DEBUG l.i.u.t.SubmittedApplicationsPageTest - Clicked on 'Invitation' menu.
2025-03-28 08:40:54 [main] DEBUG l.i.u.t.SubmittedApplicationsPageTest - Selected application section by code: 'TST-VUI-75'.
2025-03-28 08:40:54 [main] DEBUG l.i.u.t.SubmittedApplicationsPageTest - Clicked 'Search' button.
2025-03-28 08:40:54 [main] DEBUG l.i.u.t.SubmittedApplicationsPageTest - Retrieved invitation code: ''.
2025-03-28 08:40:54 [main] DEBUG l.i.u.t.SubmittedApplicationsPageTest - Clicked on 'Submitted Applications' menu.
2025-03-28 08:40:56 [main] DEBUG l.i.u.t.SubmittedApplicationsPageTest - Selected invitation by code: 'TST-VUI-75'.
2025-03-28 08:40:56 [main] DEBUG l.i.u.t.SubmittedApplicationsPageTest - Invitation code inserted.
2025-03-28 08:40:56 [main] DEBUG l.i.u.t.SubmittedApplicationsPageTest - Clicked on 'Action Application' button.
2025-03-28 08:40:56 [main] DEBUG l.i.u.t.SubmittedApplicationsPageTest - Clicked on 'New Application' button.
2025-03-28 08:40:57 [main] DEBUG l.i.u.t.SubmittedApplicationsPageTest - Selected the 'RadioButtonFA' option.
2025-03-28 08:40:57 [main] DEBUG l.i.u.t.SubmittedApplicationsPageTest - Entered phone number: '61298745'.
2025-03-28 08:40:57 [main] DEBUG l.i.u.t.SubmittedApplicationsPageTest - Entered email: 'test@autotest.com'.
2025-03-28 08:40:57 [main] INFO  l.i.u.p.SubmittedApplicationsPage - Clicking on the dropdown button.
2025-03-28 08:41:14 [main] INFO  l.i.u.p.SubmittedApplicationsPage - Found 1741 options in the dropdown.
2025-03-28 08:41:14 [main] DEBUG l.i.u.p.SubmittedApplicationsPage - Checking option: ''
2025-03-28 08:41:14 [main] DEBUG l.i.u.p.SubmittedApplicationsPage - Checking option: '01.11 - Grūdinių (išskyrus ryžius), ankštinių ir aliejingų sėklų augalų auginimas'
2025-03-28 08:41:14 [main] INFO  l.i.u.p.SubmittedApplicationsPage - Successfully selected the value: '01.11 - Grūdinių (išskyrus ryžius), ankštinių ir aliejingų sėklų augalų auginimas'
2025-03-28 08:41:14 [main] INFO  l.i.u.p.SubmittedApplicationsPage - Attempting to close the dropdown.
2025-03-28 08:41:15 [main] DEBUG l.i.u.t.SubmittedApplicationsPageTest - Selected EVRK value: '01.11 - Grūdinių (išskyrus ryžius), ankštinių ir aliejingų sėklų augalų auginimas'.
2025-03-28 08:41:15 [main] DEBUG l.i.u.t.SubmittedApplicationsPageTest - Clicked on 'Address Component' button.
2025-03-28 08:41:15 [main] INFO  l.i.u.p.SubmittedApplicationsPage - Located the dropdown button.
2025-03-28 08:41:19 [main] INFO  l.i.u.p.SubmittedApplicationsPage - Successfully selected the value: 'Lietuva'
2025-03-28 08:41:19 [main] DEBUG l.i.u.t.SubmittedApplicationsPageTest - Selected country: 'Lietuva'.
2025-03-28 08:41:19 [main] INFO  l.i.u.p.SubmittedApplicationsPage - Located the dropdown search field.
2025-03-28 08:41:19 [main] INFO  l.i.u.p.SubmittedApplicationsPage - Dropdown city is opened.
2025-03-28 08:41:20 [main] INFO  l.i.u.p.SubmittedApplicationsPage - Searched for value: 'Vilnius'
2025-03-28 08:41:21 [main] INFO  l.i.u.p.SubmittedApplicationsPage - Successfully selected: 'Vilnius'
2025-03-28 08:41:21 [main] INFO  l.i.u.p.SubmittedApplicationsPage - Located the dropdown button.
2025-03-28 08:41:22 [main] INFO  l.i.u.p.SubmittedApplicationsPage - Successfully selected the value: 'A. Domaševičiaus g.'
2025-03-28 08:41:22 [main] DEBUG l.i.u.t.SubmittedApplicationsPageTest - Selected street: 'A. Domaševičiaus g.'.
2025-03-28 08:41:22 [main] INFO  l.i.u.p.SubmittedApplicationsPage - Located the dropdown button.
2025-03-28 08:41:23 [main] INFO  l.i.u.p.SubmittedApplicationsPage - Successfully selected the value: '1'
2025-03-28 08:41:23 [main] DEBUG l.i.u.t.SubmittedApplicationsPageTest - Selected house: '1'.
2025-03-28 08:41:23 [main] INFO  l.i.u.p.SubmittedApplicationsPage - Located the dropdown button.
2025-03-28 08:41:24 [main] INFO  l.i.u.p.SubmittedApplicationsPage - Successfully selected the value: '1'
2025-03-28 08:41:24 [main] DEBUG l.i.u.t.SubmittedApplicationsPageTest - Selected apartment: '1'.
2025-03-28 08:41:24 [main] DEBUG l.i.u.t.SubmittedApplicationsPageTest - Clicked 'Confirm' button.
2025-03-28 08:41:24 [main] DEBUG l.i.u.t.SubmittedApplicationsPageTest - Entered project date.
2025-03-28 08:41:24 [main] DEBUG l.i.u.t.SubmittedApplicationsPageTest - Entered job count: '1'.
2025-03-28 08:41:25 [main] DEBUG l.i.u.t.SubmittedApplicationsPageTest - Clicked 'Next' button.
2025-03-28 08:41:25 [main] INFO  l.i.u.p.SubmittedApplicationsPage - Located the dropdown button.
2025-03-28 08:41:26 [main] INFO  l.i.u.p.SubmittedApplicationsPage - Successfully selected the value: 'Administratoriai'
2025-03-28 08:41:26 [main] DEBUG l.i.u.t.SubmittedApplicationsPageTest - Selected job name: 'Administratoriai'.
2025-03-28 08:41:26 [main] DEBUG l.i.u.t.SubmittedApplicationsPageTest - Entered job function: 'Funkcija 1'.
2025-03-28 08:41:26 [main] DEBUG l.i.u.t.SubmittedApplicationsPageTest - Selected 'RadioButtonWithDisabilities' option.
2025-03-28 08:41:26 [main] INFO  l.i.u.p.SubmittedApplicationsPage - Clicking on the dropdown button.
2025-03-28 08:41:27 [main] INFO  l.i.u.p.SubmittedApplicationsPage - Found 34 options in the dropdown.
2025-03-28 08:41:27 [main] DEBUG l.i.u.p.SubmittedApplicationsPage - Checking option: 'Asmenys, kuriems suteiktas pabėgėlio statusas ar perkeliamojo asmens statusas, arba asmenys, kuriems suteikta papildoma ar laikinoji apsauga, ir asmenys, turintys teisę gauti laikinąją apsaugą, iki sprendimo dėl laikinosios apsaugos suteikimo (nesuteikimo) priėmimo, tačiau ne ilgiau kaip laikinosios apsaugos laikotarpiu'
2025-03-28 08:41:27 [main] DEBUG l.i.u.p.SubmittedApplicationsPage - Checking option: 'Asmenys, kuriems suteiktas pabėgėlio statusas ar perkeliamojo asmens statusas, arba asmenys, kuriems suteikta papildoma ar laikinoji apsauga, ir asmenys, turintys teisę gauti laikinąją apsaugą, iki sprendimo dėl laikinosios apsaugos suteikimo (nesuteikimo) priėmimo, tačiau ne ilgiau kaip laikinosios apsaugos laikotarpiu'
2025-03-28 08:41:27 [main] DEBUG l.i.u.p.SubmittedApplicationsPage - Checking option: 'Asmenys, turintys teisę į papildomas užimtumo garantijas pagal Lietuvos Respublikos valstybės įmonės Ignalinos atominės elektrinės darbuotojų papildomų užimtumo ir socialinių garantijų įstatymą'
2025-03-28 08:41:27 [main] DEBUG l.i.u.p.SubmittedApplicationsPage - Checking option: 'Asmenys, turintys teisę į papildomas užimtumo garantijas pagal Lietuvos Respublikos valstybės įmonės Ignalinos atominės elektrinės darbuotojų papildomų užimtumo ir socialinių garantijų įstatymą'
2025-03-28 08:41:27 [main] DEBUG l.i.u.p.SubmittedApplicationsPage - Checking option: 'Bedarbiai iki 29 metų'
2025-03-28 08:41:27 [main] DEBUG l.i.u.p.SubmittedApplicationsPage - Checking option: 'Bedarbiai iki 29 metų'
2025-03-28 08:41:27 [main] DEBUG l.i.u.p.SubmittedApplicationsPage - Checking option: 'Bedarbiai, kurie yra darbingo amžiaus neįgalieji, kuriems nustatytas 30–40 procentų darbingumo lygis arba vidutinis neįgalumo lygis'
2025-03-28 08:41:27 [main] DEBUG l.i.u.p.SubmittedApplicationsPage - Checking option: 'Bedarbiai, kurie yra darbingo amžiaus neįgalieji, kuriems nustatytas 30–40 procentų darbingumo lygis arba vidutinis neįgalumo lygis'
2025-03-28 08:41:27 [main] DEBUG l.i.u.p.SubmittedApplicationsPage - Checking option: 'Bedarbiai, kurie yra darbingo amžiaus neįgalieji, kuriems nustatytas 45–55 procentų darbingumo lygis arba lengvas neįgalumo lygis'
2025-03-28 08:41:27 [main] DEBUG l.i.u.p.SubmittedApplicationsPage - Checking option: 'Bedarbiai, kurie yra darbingo amžiaus neįgalieji, kuriems nustatytas 45–55 procentų darbingumo lygis arba lengvas neįgalumo lygis'
2025-03-28 08:41:27 [main] DEBUG l.i.u.p.SubmittedApplicationsPage - Checking option: 'Bedarbiai, kurie yra darbingo amžiaus neįgalieji, kuriems nustatytas iki 25 procentų darbingumo lygis arba sunkus neįgalumo lygis'
2025-03-28 08:41:27 [main] INFO  l.i.u.p.SubmittedApplicationsPage - Successfully selected the value: 'Bedarbiai, kurie yra darbingo amžiaus neįgalieji, kuriems nustatytas iki 25 procentų darbingumo lygis arba sunkus neįgalumo lygis'
2025-03-28 08:41:27 [main] INFO  l.i.u.p.SubmittedApplicationsPage - Attempting to close the dropdown.
2025-03-28 08:41:28 [main] DEBUG l.i.u.t.SubmittedApplicationsPageTest - Selected disabilities type: 'Bedarbiai, kurie yra darbingo amžiaus neįgalieji, kuriems nustatytas iki 25 procentų darbingumo lygis arba sunkus neįgalumo lygis'.
2025-03-28 08:41:28 [main] DEBUG l.i.u.t.SubmittedApplicationsPageTest - Entered disability information: 'Negalia 1'.
2025-03-28 08:41:28 [main] INFO  l.i.u.p.SubmittedApplicationsPage - Located the dropdown button.
2025-03-28 08:41:29 [main] INFO  l.i.u.p.SubmittedApplicationsPage - Successfully selected the value: 'Kita'
2025-03-28 08:41:29 [main] DEBUG l.i.u.t.SubmittedApplicationsPageTest - Selected time mode: 'Kita'.
2025-03-28 08:41:29 [main] DEBUG l.i.u.t.SubmittedApplicationsPageTest - Selected time mode other: '6 val. per dieną ir 4 d. per savaitę'.
2025-03-28 08:41:30 [main] DEBUG l.i.u.t.SubmittedApplicationsPageTest - Entered qualification: 'Kvalifikacija 1'.
2025-03-28 08:41:30 [main] DEBUG l.i.u.t.SubmittedApplicationsPageTest - Entered job date.
2025-03-28 08:41:30 [main] DEBUG l.i.u.t.SubmittedApplicationsPageTest - Entered salary amount: '1200'.
2025-03-28 08:41:30 [main] DEBUG l.i.u.t.SubmittedApplicationsPageTest - Entered salary description: 'Užmokestis 1'.
2025-03-28 08:41:30 [main] DEBUG l.i.u.t.SubmittedApplicationsPageTest - Selected 'Temporary Job' radio button.
2025-03-28 08:41:31 [main] DEBUG l.i.u.t.SubmittedApplicationsPageTest - Selected 'Season Job' radio button.
2025-03-28 08:41:31 [main] DEBUG l.i.u.t.SubmittedApplicationsPageTest - Selected 'Energy' radio button.
2025-03-28 08:41:31 [main] DEBUG l.i.u.t.SubmittedApplicationsPageTest - Selected 'Repair' radio button.
2025-03-28 08:41:31 [main] DEBUG l.i.u.t.SubmittedApplicationsPageTest - Entered job description: 'Veikla 1'.
2025-03-28 08:41:31 [main] DEBUG l.i.u.t.SubmittedApplicationsPageTest - Entered process description: 'Procesas 1'.
2025-03-28 08:41:31 [main] DEBUG l.i.u.t.SubmittedApplicationsPageTest - Entered energy information: 'Energija 1'.
2025-03-28 08:41:32 [main] DEBUG l.i.u.t.SubmittedApplicationsPageTest - Entered repair information: 'Remontas 1'.
2025-03-28 08:41:32 [main] DEBUG l.i.u.t.SubmittedApplicationsPageTest - Selected 'PVM' radio button.
2025-03-28 08:41:32 [main] INFO  l.i.u.p.SubmittedApplicationsPage - Located the dropdown button.
2025-03-28 08:41:33 [main] INFO  l.i.u.p.SubmittedApplicationsPage - Successfully selected the value: 'Įsigyti'
2025-03-28 08:41:33 [main] DEBUG l.i.u.t.SubmittedApplicationsPageTest - Selected necessary for job: 'Įsigyti'.
2025-03-28 08:41:33 [main] DEBUG l.i.u.t.SubmittedApplicationsPageTest - Selected tool: 'Darbo priemonė 1'.
2025-03-28 08:41:33 [main] DEBUG l.i.u.t.SubmittedApplicationsPageTest - Selected tool parameter one: 'Darbo priemonės 1 parametras 1'.
2025-03-28 08:41:33 [main] DEBUG l.i.u.t.SubmittedApplicationsPageTest - Selected tool parameter two: 'Darbo priemonės 1 parametras 2'.
2025-03-28 08:41:34 [main] DEBUG l.i.u.t.SubmittedApplicationsPageTest - Selected tool parameter three: 'Darbo priemonės 1 parametras 3'.
2025-03-28 08:41:34 [main] DEBUG l.i.u.t.SubmittedApplicationsPageTest - Entered tool count: '1'.
2025-03-28 08:41:34 [main] DEBUG l.i.u.t.SubmittedApplicationsPageTest - Entered price amount 1: '1000'.
2025-03-28 08:41:36 [main] DEBUG l.i.u.t.SubmittedApplicationsPageTest - Entered own funds amount 1: '800'.
2025-03-28 08:41:39 [main] DEBUG l.i.u.t.SubmittedApplicationsPageTest - Clicked 'Add' button.
2025-03-28 08:41:39 [main] INFO  l.i.u.p.SubmittedApplicationsPage - Located the dropdown button.
2025-03-28 08:41:40 [main] INFO  l.i.u.p.SubmittedApplicationsPage - Successfully selected the value: 'Remontuoti'
2025-03-28 08:41:40 [main] DEBUG l.i.u.t.SubmittedApplicationsPageTest - Selected necessary for job 'to repair': 'Remontuoti'.
2025-03-28 08:41:40 [main] DEBUG l.i.u.t.SubmittedApplicationsPageTest - Selected repair name: 'Remonto pavadinimas 1'.
2025-03-28 08:41:40 [main] DEBUG l.i.u.t.SubmittedApplicationsPageTest - Entered repair information: 'Remonto aprašymas 1'.
2025-03-28 08:41:40 [main] DEBUG l.i.u.t.SubmittedApplicationsPageTest - Entered price amount 2: '1000'.
2025-03-28 08:41:42 [main] DEBUG l.i.u.t.SubmittedApplicationsPageTest - Entered own funds amount 2: '900'.
2025-03-28 08:41:45 [main] DEBUG l.i.u.t.SubmittedApplicationsPageTest - Forced value update: '100'
2025-03-28 08:41:45 [main] DEBUG l.i.u.t.SubmittedApplicationsPageTest - Entered country percentage: '50'.
2025-03-28 08:41:45 [main] DEBUG l.i.u.t.SubmittedApplicationsPageTest - Entered institution percentage: '50'.
2025-03-28 08:41:45 [main] DEBUG l.i.u.t.SubmittedApplicationsPageTest - Entered municipality percentage: '50'.
2025-03-28 08:41:45 [main] DEBUG l.i.u.t.SubmittedApplicationsPageTest - Selected 'De Minimis' radio button.
2025-03-28 08:41:45 [main] DEBUG l.i.u.t.SubmittedApplicationsPageTest - Entered program name: 'Programa 1'.
2025-03-28 08:41:45 [main] DEBUG l.i.u.t.SubmittedApplicationsPageTest - Entered project date from.
2025-03-28 08:41:46 [main] DEBUG l.i.u.t.SubmittedApplicationsPageTest - Entered project date until.
2025-03-28 08:41:46 [main] DEBUG l.i.u.t.SubmittedApplicationsPageTest - Entered support amount: '2000'.
2025-03-28 08:41:46 [main] DEBUG l.i.u.t.SubmittedApplicationsPageTest - Clicked 'Next' button.
2025-03-28 08:41:56 [main] DEBUG l.i.u.t.SubmittedApplicationsPageTest - Checked 'Legal Entities' checkbox 1.
2025-03-28 08:42:06 [main] DEBUG l.i.u.t.SubmittedApplicationsPageTest - Checked 'Legal Entities' checkbox 2.
2025-03-28 08:42:16 [main] DEBUG l.i.u.t.SubmittedApplicationsPageTest - Checked 'Legal Entities' checkbox 3.
2025-03-28 08:42:16 [main] DEBUG l.i.u.t.SubmittedApplicationsPageTest - Test finished: All 'Legal Entities' checkboxes checked successfully.
2025-03-28 08:42:17 [main] DEBUG l.i.u.t.SubmittedApplicationsPageTest - Clicked 'Next' button after checkboxes.
2025-03-28 08:42:27 [main] ERROR l.i.u.p.SubmittedApplicationsPage - Error selecting radio button: Expected condition failed: waiting for element to be clickable: By.xpath: (//input[@type='radio' and @value='false'])[8] (tried for 10 second(s) with 500 milliseconds interval)
Build info: version: '4.27.0', revision: 'd6e718d134'
System info: os.name: 'Windows 11', os.arch: 'amd64', os.version: '10.0', java.version: '21.0.3'
Driver info: org.openqa.selenium.chrome.ChromeDriver
Capabilities {acceptInsecureCerts: false, browserName: chrome, browserVersion: 134.0.6998.166, chrome: {chromedriverVersion: 134.0.6998.165 (fd886e2cb29..., userDataDir: C:\Users\INGRID~1.ZAD\AppDa...}, fedcm:accounts: true, goog:chromeOptions: {debuggerAddress: localhost:56501}, networkConnectionEnabled: false, pageLoadStrategy: normal, platformName: windows, proxy: Proxy(), se:cdp: ws://localhost:56501/devtoo..., se:cdpVersion: 134.0.6998.166, setWindowRect: true, strictFileInteractability: false, timeouts: {implicit: 0, pageLoad: 300000, script: 30000}, unhandledPromptBehavior: dismiss and notify, webauthn:extension:credBlob: true, webauthn:extension:largeBlob: true, webauthn:extension:minPinLength: true, webauthn:extension:prf: true, webauthn:virtualAuthenticators: true}
Session ID: 06f47768997aa859844366ea6ef6bcbb
2025-03-28 08:42:27 [main] INFO  l.i.u.t.SubmittedApplicationsPageTest - Marking 'Ne' radio button 1
2025-03-28 08:42:37 [main] ERROR l.i.u.p.SubmittedApplicationsPage - Error selecting radio button: Expected condition failed: waiting for element to be clickable: By.xpath: (//input[@type='radio' and @value='false'])[9] (tried for 10 second(s) with 500 milliseconds interval)
Build info: version: '4.27.0', revision: 'd6e718d134'
System info: os.name: 'Windows 11', os.arch: 'amd64', os.version: '10.0', java.version: '21.0.3'
Driver info: org.openqa.selenium.chrome.ChromeDriver
Capabilities {acceptInsecureCerts: false, browserName: chrome, browserVersion: 134.0.6998.166, chrome: {chromedriverVersion: 134.0.6998.165 (fd886e2cb29..., userDataDir: C:\Users\INGRID~1.ZAD\AppDa...}, fedcm:accounts: true, goog:chromeOptions: {debuggerAddress: localhost:56501}, networkConnectionEnabled: false, pageLoadStrategy: normal, platformName: windows, proxy: Proxy(), se:cdp: ws://localhost:56501/devtoo..., se:cdpVersion: 134.0.6998.166, setWindowRect: true, strictFileInteractability: false, timeouts: {implicit: 0, pageLoad: 300000, script: 30000}, unhandledPromptBehavior: dismiss and notify, webauthn:extension:credBlob: true, webauthn:extension:largeBlob: true, webauthn:extension:minPinLength: true, webauthn:extension:prf: true, webauthn:virtualAuthenticators: true}
Session ID: 06f47768997aa859844366ea6ef6bcbb
2025-03-28 08:42:37 [main] INFO  l.i.u.t.SubmittedApplicationsPageTest - Marking 'Ne' radio button 2
2025-03-28 08:42:47 [main] ERROR l.i.u.p.SubmittedApplicationsPage - Error selecting radio button: Expected condition failed: waiting for element to be clickable: By.xpath: (//input[@type='radio' and @value='false'])[10] (tried for 10 second(s) with 500 milliseconds interval)
Build info: version: '4.27.0', revision: 'd6e718d134'
System info: os.name: 'Windows 11', os.arch: 'amd64', os.version: '10.0', java.version: '21.0.3'
Driver info: org.openqa.selenium.chrome.ChromeDriver
Capabilities {acceptInsecureCerts: false, browserName: chrome, browserVersion: 134.0.6998.166, chrome: {chromedriverVersion: 134.0.6998.165 (fd886e2cb29..., userDataDir: C:\Users\INGRID~1.ZAD\AppDa...}, fedcm:accounts: true, goog:chromeOptions: {debuggerAddress: localhost:56501}, networkConnectionEnabled: false, pageLoadStrategy: normal, platformName: windows, proxy: Proxy(), se:cdp: ws://localhost:56501/devtoo..., se:cdpVersion: 134.0.6998.166, setWindowRect: true, strictFileInteractability: false, timeouts: {implicit: 0, pageLoad: 300000, script: 30000}, unhandledPromptBehavior: dismiss and notify, webauthn:extension:credBlob: true, webauthn:extension:largeBlob: true, webauthn:extension:minPinLength: true, webauthn:extension:prf: true, webauthn:virtualAuthenticators: true}
Session ID: 06f47768997aa859844366ea6ef6bcbb
2025-03-28 08:42:47 [main] INFO  l.i.u.t.SubmittedApplicationsPageTest - Marking 'Ne' radio button 3
2025-03-28 08:42:57 [main] ERROR l.i.u.p.SubmittedApplicationsPage - Error selecting radio button: Expected condition failed: waiting for element to be clickable: By.xpath: (//input[@type='radio' and @value='false'])[11] (tried for 10 second(s) with 500 milliseconds interval)
Build info: version: '4.27.0', revision: 'd6e718d134'
System info: os.name: 'Windows 11', os.arch: 'amd64', os.version: '10.0', java.version: '21.0.3'
Driver info: org.openqa.selenium.chrome.ChromeDriver
Capabilities {acceptInsecureCerts: false, browserName: chrome, browserVersion: 134.0.6998.166, chrome: {chromedriverVersion: 134.0.6998.165 (fd886e2cb29..., userDataDir: C:\Users\INGRID~1.ZAD\AppDa...}, fedcm:accounts: true, goog:chromeOptions: {debuggerAddress: localhost:56501}, networkConnectionEnabled: false, pageLoadStrategy: normal, platformName: windows, proxy: Proxy(), se:cdp: ws://localhost:56501/devtoo..., se:cdpVersion: 134.0.6998.166, setWindowRect: true, strictFileInteractability: false, timeouts: {implicit: 0, pageLoad: 300000, script: 30000}, unhandledPromptBehavior: dismiss and notify, webauthn:extension:credBlob: true, webauthn:extension:largeBlob: true, webauthn:extension:minPinLength: true, webauthn:extension:prf: true, webauthn:virtualAuthenticators: true}
Session ID: 06f47768997aa859844366ea6ef6bcbb
2025-03-28 08:42:57 [main] INFO  l.i.u.t.SubmittedApplicationsPageTest - Marking 'Ne' radio button 4
2025-03-28 08:43:07 [main] ERROR l.i.u.p.SubmittedApplicationsPage - Error selecting radio button: Expected condition failed: waiting for element to be clickable: By.xpath: (//input[@type='radio' and @value='false'])[12] (tried for 10 second(s) with 500 milliseconds interval)
Build info: version: '4.27.0', revision: 'd6e718d134'
System info: os.name: 'Windows 11', os.arch: 'amd64', os.version: '10.0', java.version: '21.0.3'
Driver info: org.openqa.selenium.chrome.ChromeDriver
Capabilities {acceptInsecureCerts: false, browserName: chrome, browserVersion: 134.0.6998.166, chrome: {chromedriverVersion: 134.0.6998.165 (fd886e2cb29..., userDataDir: C:\Users\INGRID~1.ZAD\AppDa...}, fedcm:accounts: true, goog:chromeOptions: {debuggerAddress: localhost:56501}, networkConnectionEnabled: false, pageLoadStrategy: normal, platformName: windows, proxy: Proxy(), se:cdp: ws://localhost:56501/devtoo..., se:cdpVersion: 134.0.6998.166, setWindowRect: true, strictFileInteractability: false, timeouts: {implicit: 0, pageLoad: 300000, script: 30000}, unhandledPromptBehavior: dismiss and notify, webauthn:extension:credBlob: true, webauthn:extension:largeBlob: true, webauthn:extension:minPinLength: true, webauthn:extension:prf: true, webauthn:virtualAuthenticators: true}
Session ID: 06f47768997aa859844366ea6ef6bcbb
2025-03-28 08:43:07 [main] INFO  l.i.u.t.SubmittedApplicationsPageTest - Marking 'Ne' radio button 5
2025-03-28 08:43:17 [main] ERROR l.i.u.p.SubmittedApplicationsPage - Error selecting radio button: Expected condition failed: waiting for element to be clickable: By.xpath: (//input[@type='radio' and @value='false'])[13] (tried for 10 second(s) with 500 milliseconds interval)
Build info: version: '4.27.0', revision: 'd6e718d134'
System info: os.name: 'Windows 11', os.arch: 'amd64', os.version: '10.0', java.version: '21.0.3'
Driver info: org.openqa.selenium.chrome.ChromeDriver
Capabilities {acceptInsecureCerts: false, browserName: chrome, browserVersion: 134.0.6998.166, chrome: {chromedriverVersion: 134.0.6998.165 (fd886e2cb29..., userDataDir: C:\Users\INGRID~1.ZAD\AppDa...}, fedcm:accounts: true, goog:chromeOptions: {debuggerAddress: localhost:56501}, networkConnectionEnabled: false, pageLoadStrategy: normal, platformName: windows, proxy: Proxy(), se:cdp: ws://localhost:56501/devtoo..., se:cdpVersion: 134.0.6998.166, setWindowRect: true, strictFileInteractability: false, timeouts: {implicit: 0, pageLoad: 300000, script: 30000}, unhandledPromptBehavior: dismiss and notify, webauthn:extension:credBlob: true, webauthn:extension:largeBlob: true, webauthn:extension:minPinLength: true, webauthn:extension:prf: true, webauthn:virtualAuthenticators: true}
Session ID: 06f47768997aa859844366ea6ef6bcbb
2025-03-28 08:43:17 [main] INFO  l.i.u.t.SubmittedApplicationsPageTest - Marking 'Ne' radio button 6
2025-03-28 08:43:27 [main] ERROR l.i.u.p.SubmittedApplicationsPage - Error selecting radio button: Expected condition failed: waiting for element to be clickable: By.xpath: (//input[@type='radio' and @value='true'])[14] (tried for 10 second(s) with 500 milliseconds interval)
Build info: version: '4.27.0', revision: 'd6e718d134'
System info: os.name: 'Windows 11', os.arch: 'amd64', os.version: '10.0', java.version: '21.0.3'
Driver info: org.openqa.selenium.chrome.ChromeDriver
Capabilities {acceptInsecureCerts: false, browserName: chrome, browserVersion: 134.0.6998.166, chrome: {chromedriverVersion: 134.0.6998.165 (fd886e2cb29..., userDataDir: C:\Users\INGRID~1.ZAD\AppDa...}, fedcm:accounts: true, goog:chromeOptions: {debuggerAddress: localhost:56501}, networkConnectionEnabled: false, pageLoadStrategy: normal, platformName: windows, proxy: Proxy(), se:cdp: ws://localhost:56501/devtoo..., se:cdpVersion: 134.0.6998.166, setWindowRect: true, strictFileInteractability: false, timeouts: {implicit: 0, pageLoad: 300000, script: 30000}, unhandledPromptBehavior: dismiss and notify, webauthn:extension:credBlob: true, webauthn:extension:largeBlob: true, webauthn:extension:minPinLength: true, webauthn:extension:prf: true, webauthn:virtualAuthenticators: true}
Session ID: 06f47768997aa859844366ea6ef6bcbb
2025-03-28 08:43:27 [main] INFO  l.i.u.t.SubmittedApplicationsPageTest - Marking 'Taip' radio button 7
2025-03-28 08:43:37 [main] ERROR l.i.u.p.SubmittedApplicationsPage - Error selecting radio button: Expected condition failed: waiting for element to be clickable: By.xpath: (//input[@type='radio' and @value='true'])[15] (tried for 10 second(s) with 500 milliseconds interval)
Build info: version: '4.27.0', revision: 'd6e718d134'
System info: os.name: 'Windows 11', os.arch: 'amd64', os.version: '10.0', java.version: '21.0.3'
Driver info: org.openqa.selenium.chrome.ChromeDriver
Capabilities {acceptInsecureCerts: false, browserName: chrome, browserVersion: 134.0.6998.166, chrome: {chromedriverVersion: 134.0.6998.165 (fd886e2cb29..., userDataDir: C:\Users\INGRID~1.ZAD\AppDa...}, fedcm:accounts: true, goog:chromeOptions: {debuggerAddress: localhost:56501}, networkConnectionEnabled: false, pageLoadStrategy: normal, platformName: windows, proxy: Proxy(), se:cdp: ws://localhost:56501/devtoo..., se:cdpVersion: 134.0.6998.166, setWindowRect: true, strictFileInteractability: false, timeouts: {implicit: 0, pageLoad: 300000, script: 30000}, unhandledPromptBehavior: dismiss and notify, webauthn:extension:credBlob: true, webauthn:extension:largeBlob: true, webauthn:extension:minPinLength: true, webauthn:extension:prf: true, webauthn:virtualAuthenticators: true}
Session ID: 06f47768997aa859844366ea6ef6bcbb
2025-03-28 08:43:37 [main] INFO  l.i.u.t.SubmittedApplicationsPageTest - Marking 'Taip' radio button 8
2025-03-28 08:43:47 [main] ERROR l.i.u.p.SubmittedApplicationsPage - Error selecting radio button: Expected condition failed: waiting for element to be clickable: By.xpath: (//input[@type='radio' and @value='true'])[16] (tried for 10 second(s) with 500 milliseconds interval)
Build info: version: '4.27.0', revision: 'd6e718d134'
System info: os.name: 'Windows 11', os.arch: 'amd64', os.version: '10.0', java.version: '21.0.3'
Driver info: org.openqa.selenium.chrome.ChromeDriver
Capabilities {acceptInsecureCerts: false, browserName: chrome, browserVersion: 134.0.6998.166, chrome: {chromedriverVersion: 134.0.6998.165 (fd886e2cb29..., userDataDir: C:\Users\INGRID~1.ZAD\AppDa...}, fedcm:accounts: true, goog:chromeOptions: {debuggerAddress: localhost:56501}, networkConnectionEnabled: false, pageLoadStrategy: normal, platformName: windows, proxy: Proxy(), se:cdp: ws://localhost:56501/devtoo..., se:cdpVersion: 134.0.6998.166, setWindowRect: true, strictFileInteractability: false, timeouts: {implicit: 0, pageLoad: 300000, script: 30000}, unhandledPromptBehavior: dismiss and notify, webauthn:extension:credBlob: true, webauthn:extension:largeBlob: true, webauthn:extension:minPinLength: true, webauthn:extension:prf: true, webauthn:virtualAuthenticators: true}
Session ID: 06f47768997aa859844366ea6ef6bcbb
2025-03-28 08:43:47 [main] INFO  l.i.u.t.SubmittedApplicationsPageTest - Marking 'Taip' radio button 9
2025-03-28 08:43:57 [main] ERROR l.i.u.p.SubmittedApplicationsPage - Error selecting radio button: Expected condition failed: waiting for element to be clickable: By.xpath: (//input[@type='radio' and @value='true'])[17] (tried for 10 second(s) with 500 milliseconds interval)
Build info: version: '4.27.0', revision: 'd6e718d134'
System info: os.name: 'Windows 11', os.arch: 'amd64', os.version: '10.0', java.version: '21.0.3'
Driver info: org.openqa.selenium.chrome.ChromeDriver
Capabilities {acceptInsecureCerts: false, browserName: chrome, browserVersion: 134.0.6998.166, chrome: {chromedriverVersion: 134.0.6998.165 (fd886e2cb29..., userDataDir: C:\Users\INGRID~1.ZAD\AppDa...}, fedcm:accounts: true, goog:chromeOptions: {debuggerAddress: localhost:56501}, networkConnectionEnabled: false, pageLoadStrategy: normal, platformName: windows, proxy: Proxy(), se:cdp: ws://localhost:56501/devtoo..., se:cdpVersion: 134.0.6998.166, setWindowRect: true, strictFileInteractability: false, timeouts: {implicit: 0, pageLoad: 300000, script: 30000}, unhandledPromptBehavior: dismiss and notify, webauthn:extension:credBlob: true, webauthn:extension:largeBlob: true, webauthn:extension:minPinLength: true, webauthn:extension:prf: true, webauthn:virtualAuthenticators: true}
Session ID: 06f47768997aa859844366ea6ef6bcbb
2025-03-28 08:43:57 [main] INFO  l.i.u.t.SubmittedApplicationsPageTest - Marking 'Taip' radio button 10
2025-03-28 08:44:07 [main] ERROR l.i.u.p.SubmittedApplicationsPage - Error selecting radio button: Expected condition failed: waiting for element to be clickable: By.xpath: (//input[@type='radio' and @value='true'])[18] (tried for 10 second(s) with 500 milliseconds interval)
Build info: version: '4.27.0', revision: 'd6e718d134'
System info: os.name: 'Windows 11', os.arch: 'amd64', os.version: '10.0', java.version: '21.0.3'
Driver info: org.openqa.selenium.chrome.ChromeDriver
Capabilities {acceptInsecureCerts: false, browserName: chrome, browserVersion: 134.0.6998.166, chrome: {chromedriverVersion: 134.0.6998.165 (fd886e2cb29..., userDataDir: C:\Users\INGRID~1.ZAD\AppDa...}, fedcm:accounts: true, goog:chromeOptions: {debuggerAddress: localhost:56501}, networkConnectionEnabled: false, pageLoadStrategy: normal, platformName: windows, proxy: Proxy(), se:cdp: ws://localhost:56501/devtoo..., se:cdpVersion: 134.0.6998.166, setWindowRect: true, strictFileInteractability: false, timeouts: {implicit: 0, pageLoad: 300000, script: 30000}, unhandledPromptBehavior: dismiss and notify, webauthn:extension:credBlob: true, webauthn:extension:largeBlob: true, webauthn:extension:minPinLength: true, webauthn:extension:prf: true, webauthn:virtualAuthenticators: true}
Session ID: 06f47768997aa859844366ea6ef6bcbb
2025-03-28 08:44:08 [main] INFO  l.i.u.t.SubmittedApplicationsPageTest - Marking 'Taip' radio button 11
2025-03-28 08:44:18 [main] ERROR l.i.u.p.SubmittedApplicationsPage - Error selecting radio button: Expected condition failed: waiting for element to be clickable: By.xpath: (//input[@type='radio' and @value='true'])[19] (tried for 10 second(s) with 500 milliseconds interval)
Build info: version: '4.27.0', revision: 'd6e718d134'
System info: os.name: 'Windows 11', os.arch: 'amd64', os.version: '10.0', java.version: '21.0.3'
Driver info: org.openqa.selenium.chrome.ChromeDriver
Capabilities {acceptInsecureCerts: false, browserName: chrome, browserVersion: 134.0.6998.166, chrome: {chromedriverVersion: 134.0.6998.165 (fd886e2cb29..., userDataDir: C:\Users\INGRID~1.ZAD\AppDa...}, fedcm:accounts: true, goog:chromeOptions: {debuggerAddress: localhost:56501}, networkConnectionEnabled: false, pageLoadStrategy: normal, platformName: windows, proxy: Proxy(), se:cdp: ws://localhost:56501/devtoo..., se:cdpVersion: 134.0.6998.166, setWindowRect: true, strictFileInteractability: false, timeouts: {implicit: 0, pageLoad: 300000, script: 30000}, unhandledPromptBehavior: dismiss and notify, webauthn:extension:credBlob: true, webauthn:extension:largeBlob: true, webauthn:extension:minPinLength: true, webauthn:extension:prf: true, webauthn:virtualAuthenticators: true}
Session ID: 06f47768997aa859844366ea6ef6bcbb
2025-03-28 08:44:18 [main] INFO  l.i.u.t.SubmittedApplicationsPageTest - Marking 'Taip' radio button 12
2025-03-28 08:44:28 [main] DEBUG l.i.u.t.SubmittedApplicationsPageTest - Checked 'ConfirmationStepFour'
2025-03-28 08:44:28 [main] DEBUG l.i.u.t.SubmittedApplicationsPageTest - Clicked 'Next' button after checkboxes.
2025-03-28 08:44:28 [main] INFO  l.i.u.p.SubmittedApplicationsPage - File uploaded successfully to an input element.
2025-03-28 08:44:28 [main] INFO  l.i.u.p.SubmittedApplicationsPage - File uploaded successfully to an input element.
2025-03-28 08:44:28 [main] INFO  l.i.u.p.SubmittedApplicationsPage - File uploaded successfully to an input element.
2025-03-28 08:44:28 [main] INFO  l.i.u.p.SubmittedApplicationsPage - File uploaded successfully to an input element.
2025-03-28 08:44:28 [main] INFO  l.i.u.p.SubmittedApplicationsPage - File uploaded successfully to an input element.
2025-03-28 08:44:28 [main] INFO  l.i.u.p.SubmittedApplicationsPage - File uploaded successfully to an input element.
2025-03-28 08:44:28 [main] INFO  l.i.u.p.SubmittedApplicationsPage - File uploaded successfully to an input element.
2025-03-28 08:44:28 [main] INFO  l.i.u.p.SubmittedApplicationsPage - File uploaded successfully to an input element.
2025-03-28 08:44:28 [main] INFO  l.i.u.p.SubmittedApplicationsPage - File uploaded successfully to an input element.
2025-03-28 08:44:28 [main] INFO  l.i.u.p.SubmittedApplicationsPage - File uploaded successfully to an input element.
2025-03-28 08:44:29 [main] DEBUG l.i.u.t.SubmittedApplicationsPageTest - Entered program name: 'Dokumentas 1'.
2025-03-28 08:44:29 [main] DEBUG l.i.u.t.SubmittedApplicationsPageTest - Entered program name: 'Dokumentas 2'.
2025-03-28 08:44:29 [main] DEBUG l.i.u.t.SubmittedApplicationsPageTest - Entered program name: 'Dokumentas 3'.
2025-03-28 08:44:29 [main] DEBUG l.i.u.t.SubmittedApplicationsPageTest - Entered program name: 'Dokumentas 4'.
2025-03-28 08:44:29 [main] DEBUG l.i.u.t.SubmittedApplicationsPageTest - Entered program name: 'Dokumentas 5'.
2025-03-28 08:44:29 [main] DEBUG l.i.u.t.SubmittedApplicationsPageTest - Entered program name: 'Dokumentas 6'.
2025-03-28 08:44:30 [main] DEBUG l.i.u.t.SubmittedApplicationsPageTest - Entered program name: 'Dokumentas 4'.
2025-03-28 08:44:30 [main] DEBUG l.i.u.t.SubmittedApplicationsPageTest - Entered program name: 'Dokumentas 8'.
2025-03-28 08:44:30 [main] DEBUG l.i.u.t.SubmittedApplicationsPageTest - Entered program name: 'Dokumentas 9'.
2025-03-28 08:44:30 [main] DEBUG l.i.u.t.SubmittedApplicationsPageTest - Entered program name: 'Dokumentas 10'.
2025-03-28 08:44:40 [main] DEBUG l.i.u.t.SubmittedApplicationsPageTest - Checked 'ConfirmationDocument'
2025-03-28 08:44:50 [main] DEBUG l.i.u.t.SubmittedApplicationsPageTest - Checked 'ConfirmationApplication'
2025-03-28 08:44:50 [main] DEBUG l.i.u.t.SubmittedApplicationsPageTest - Clicked 'SaveDraft' button after checkboxes.
2025-03-28 08:44:51 [main] DEBUG l.i.uztis.pages.ApplicationFormsPage - Verified success message: 'Ruošinys sėkmingai išsaugotas.'
2025-03-28 08:44:51 [main] INFO  l.i.u.t.SubmittedApplicationsPageTest - Verified success message
2025-03-28 08:44:51 [main] DEBUG l.i.u.t.SubmittedApplicationsPageTest - Clicked 'Review' button after checkboxes.
2025-03-28 08:44:53 [main] DEBUG l.i.u.t.SubmittedApplicationsPageTest - Clicked 'Submit' button after checkboxes.
2025-03-28 08:44:53 [main] DEBUG l.i.u.t.SubmittedApplicationsPageTest - Clicked 'SubmitConfirmation' button after checkboxes.
2025-03-28 08:44:53 [main] ERROR l.i.uztis.pages.ApplicationFormsPage - Failed to verify the success message: 'Paraiška sėkmingai pateikta ir užregistruota.'. Available messages: [Ruošinys sėkmingai išsaugotas.]
2025-03-28 08:44:53 [main] INFO  l.i.u.t.SubmittedApplicationsPageTest - Test 'testFillNewVUIApplicationFA' completed successfully.
2025-03-28 08:46:10 [main] INFO  lt.insoft.uztis.tests.UztisPageTest - Navigated to https://uztisdev.asseco.lt/home
2025-03-28 08:46:10 [main] INFO  l.i.u.t.SubmittedApplicationsPageTest - Starting test:'testFillNewVUIPApplicationFA'
2025-03-28 08:46:10 [main] DEBUG l.i.u.t.SubmittedApplicationsPageTest - User logged in with test credentials.
2025-03-28 08:46:11 [main] DEBUG l.i.u.t.SubmittedApplicationsPageTest - Opened 'Application Processing' menu.
2025-03-28 08:46:11 [main] DEBUG l.i.u.t.SubmittedApplicationsPageTest - Clicked on 'Application Forms' menu.
2025-03-28 08:46:11 [main] DEBUG l.i.u.t.SubmittedApplicationsPageTest - Retrieved last description code text: 'TST-VUI-75'.
2025-03-28 08:46:11 [main] DEBUG l.i.u.t.SubmittedApplicationsPageTest - Clicked on 'Invitation' menu.
2025-03-28 08:46:13 [main] DEBUG l.i.u.t.SubmittedApplicationsPageTest - Selected application section by code: 'TST-VUI-75'.
2025-03-28 08:46:13 [main] DEBUG l.i.u.t.SubmittedApplicationsPageTest - Clicked 'Search' button.
2025-03-28 08:46:13 [main] DEBUG l.i.u.t.SubmittedApplicationsPageTest - Retrieved invitation code: ''.
2025-03-28 08:46:13 [main] DEBUG l.i.u.t.SubmittedApplicationsPageTest - Clicked on 'Submitted Applications' menu.
2025-03-28 08:46:15 [main] DEBUG l.i.u.t.SubmittedApplicationsPageTest - Selected invitation by code: 'TST-VUI-75'.
2025-03-28 08:46:15 [main] DEBUG l.i.u.t.SubmittedApplicationsPageTest - Invitation code inserted.
2025-03-28 08:46:15 [main] DEBUG l.i.u.t.SubmittedApplicationsPageTest - Clicked on 'Action Application' button.
2025-03-28 08:46:15 [main] DEBUG l.i.u.t.SubmittedApplicationsPageTest - Clicked on 'New Application' button.
2025-03-28 08:46:15 [main] DEBUG l.i.u.t.SubmittedApplicationsPageTest - Selected the 'RadioButtonFA' option.
2025-03-28 08:46:16 [main] DEBUG l.i.u.t.SubmittedApplicationsPageTest - Entered phone number: '61298745'.
2025-03-28 08:46:16 [main] DEBUG l.i.u.t.SubmittedApplicationsPageTest - Entered email: 'test@autotest.com'.
2025-03-28 08:46:16 [main] INFO  l.i.u.p.SubmittedApplicationsPage - Clicking on the dropdown button.
2025-03-28 08:46:32 [main] INFO  l.i.u.p.SubmittedApplicationsPage - Found 1741 options in the dropdown.
2025-03-28 08:46:32 [main] DEBUG l.i.u.p.SubmittedApplicationsPage - Checking option: ''
2025-03-28 08:46:32 [main] DEBUG l.i.u.p.SubmittedApplicationsPage - Checking option: '01.11 - Grūdinių (išskyrus ryžius), ankštinių ir aliejingų sėklų augalų auginimas'
2025-03-28 08:46:32 [main] INFO  l.i.u.p.SubmittedApplicationsPage - Successfully selected the value: '01.11 - Grūdinių (išskyrus ryžius), ankštinių ir aliejingų sėklų augalų auginimas'
2025-03-28 08:46:32 [main] INFO  l.i.u.p.SubmittedApplicationsPage - Attempting to close the dropdown.
2025-03-28 08:46:33 [main] DEBUG l.i.u.t.SubmittedApplicationsPageTest - Selected EVRK value: '01.11 - Grūdinių (išskyrus ryžius), ankštinių ir aliejingų sėklų augalų auginimas'.
2025-03-28 08:46:33 [main] DEBUG l.i.u.t.SubmittedApplicationsPageTest - Clicked on 'Address Component' button.
2025-03-28 08:46:33 [main] INFO  l.i.u.p.SubmittedApplicationsPage - Located the dropdown button.
2025-03-28 08:46:37 [main] INFO  l.i.u.p.SubmittedApplicationsPage - Successfully selected the value: 'Lietuva'
2025-03-28 08:46:37 [main] DEBUG l.i.u.t.SubmittedApplicationsPageTest - Selected country: 'Lietuva'.
2025-03-28 08:46:37 [main] INFO  l.i.u.p.SubmittedApplicationsPage - Located the dropdown search field.
2025-03-28 08:46:37 [main] INFO  l.i.u.p.SubmittedApplicationsPage - Dropdown city is opened.
2025-03-28 08:46:38 [main] INFO  l.i.u.p.SubmittedApplicationsPage - Searched for value: 'Vilnius'
2025-03-28 08:46:39 [main] INFO  l.i.u.p.SubmittedApplicationsPage - Successfully selected: 'Vilnius'
2025-03-28 08:46:39 [main] INFO  l.i.u.p.SubmittedApplicationsPage - Located the dropdown button.
2025-03-28 08:46:40 [main] INFO  l.i.u.p.SubmittedApplicationsPage - Successfully selected the value: 'A. Domaševičiaus g.'
2025-03-28 08:46:40 [main] DEBUG l.i.u.t.SubmittedApplicationsPageTest - Selected street: 'A. Domaševičiaus g.'.
2025-03-28 08:46:40 [main] INFO  l.i.u.p.SubmittedApplicationsPage - Located the dropdown button.
2025-03-28 08:46:41 [main] INFO  l.i.u.p.SubmittedApplicationsPage - Successfully selected the value: '1'
2025-03-28 08:46:41 [main] DEBUG l.i.u.t.SubmittedApplicationsPageTest - Selected house: '1'.
2025-03-28 08:46:41 [main] INFO  l.i.u.p.SubmittedApplicationsPage - Located the dropdown button.
2025-03-28 08:46:42 [main] INFO  l.i.u.p.SubmittedApplicationsPage - Successfully selected the value: '1'
2025-03-28 08:46:42 [main] DEBUG l.i.u.t.SubmittedApplicationsPageTest - Selected apartment: '1'.
2025-03-28 08:46:42 [main] DEBUG l.i.u.t.SubmittedApplicationsPageTest - Clicked 'Confirm' button.
2025-03-28 08:46:42 [main] DEBUG l.i.u.t.SubmittedApplicationsPageTest - Entered project date.
2025-03-28 08:46:42 [main] DEBUG l.i.u.t.SubmittedApplicationsPageTest - Entered job count: '1'.
2025-03-28 08:46:43 [main] DEBUG l.i.u.t.SubmittedApplicationsPageTest - Clicked 'Next' button.
2025-03-28 08:46:43 [main] INFO  l.i.u.p.SubmittedApplicationsPage - Located the dropdown button.
2025-03-28 08:46:44 [main] INFO  l.i.u.p.SubmittedApplicationsPage - Successfully selected the value: 'Administratoriai'
2025-03-28 08:46:44 [main] DEBUG l.i.u.t.SubmittedApplicationsPageTest - Selected job name: 'Administratoriai'.
2025-03-28 08:46:45 [main] DEBUG l.i.u.t.SubmittedApplicationsPageTest - Entered job function: 'Funkcija 1'.
2025-03-28 08:46:45 [main] DEBUG l.i.u.t.SubmittedApplicationsPageTest - Selected 'RadioButtonWithDisabilities' option.
2025-03-28 08:46:45 [main] INFO  l.i.u.p.SubmittedApplicationsPage - Clicking on the dropdown button.
2025-03-28 08:46:46 [main] INFO  l.i.u.p.SubmittedApplicationsPage - Found 34 options in the dropdown.
2025-03-28 08:46:46 [main] DEBUG l.i.u.p.SubmittedApplicationsPage - Checking option: 'Asmenys, kuriems suteiktas pabėgėlio statusas ar perkeliamojo asmens statusas, arba asmenys, kuriems suteikta papildoma ar laikinoji apsauga, ir asmenys, turintys teisę gauti laikinąją apsaugą, iki sprendimo dėl laikinosios apsaugos suteikimo (nesuteikimo) priėmimo, tačiau ne ilgiau kaip laikinosios apsaugos laikotarpiu'
2025-03-28 08:46:46 [main] DEBUG l.i.u.p.SubmittedApplicationsPage - Checking option: 'Asmenys, kuriems suteiktas pabėgėlio statusas ar perkeliamojo asmens statusas, arba asmenys, kuriems suteikta papildoma ar laikinoji apsauga, ir asmenys, turintys teisę gauti laikinąją apsaugą, iki sprendimo dėl laikinosios apsaugos suteikimo (nesuteikimo) priėmimo, tačiau ne ilgiau kaip laikinosios apsaugos laikotarpiu'
2025-03-28 08:46:46 [main] DEBUG l.i.u.p.SubmittedApplicationsPage - Checking option: 'Asmenys, turintys teisę į papildomas užimtumo garantijas pagal Lietuvos Respublikos valstybės įmonės Ignalinos atominės elektrinės darbuotojų papildomų užimtumo ir socialinių garantijų įstatymą'
2025-03-28 08:46:46 [main] DEBUG l.i.u.p.SubmittedApplicationsPage - Checking option: 'Asmenys, turintys teisę į papildomas užimtumo garantijas pagal Lietuvos Respublikos valstybės įmonės Ignalinos atominės elektrinės darbuotojų papildomų užimtumo ir socialinių garantijų įstatymą'
2025-03-28 08:46:46 [main] DEBUG l.i.u.p.SubmittedApplicationsPage - Checking option: 'Bedarbiai iki 29 metų'
2025-03-28 08:46:46 [main] DEBUG l.i.u.p.SubmittedApplicationsPage - Checking option: 'Bedarbiai iki 29 metų'
2025-03-28 08:46:46 [main] DEBUG l.i.u.p.SubmittedApplicationsPage - Checking option: 'Bedarbiai, kurie yra darbingo amžiaus neįgalieji, kuriems nustatytas 30–40 procentų darbingumo lygis arba vidutinis neįgalumo lygis'
2025-03-28 08:46:46 [main] DEBUG l.i.u.p.SubmittedApplicationsPage - Checking option: 'Bedarbiai, kurie yra darbingo amžiaus neįgalieji, kuriems nustatytas 30–40 procentų darbingumo lygis arba vidutinis neįgalumo lygis'
2025-03-28 08:46:46 [main] DEBUG l.i.u.p.SubmittedApplicationsPage - Checking option: 'Bedarbiai, kurie yra darbingo amžiaus neįgalieji, kuriems nustatytas 45–55 procentų darbingumo lygis arba lengvas neįgalumo lygis'
2025-03-28 08:46:46 [main] DEBUG l.i.u.p.SubmittedApplicationsPage - Checking option: 'Bedarbiai, kurie yra darbingo amžiaus neįgalieji, kuriems nustatytas 45–55 procentų darbingumo lygis arba lengvas neįgalumo lygis'
2025-03-28 08:46:46 [main] DEBUG l.i.u.p.SubmittedApplicationsPage - Checking option: 'Bedarbiai, kurie yra darbingo amžiaus neįgalieji, kuriems nustatytas iki 25 procentų darbingumo lygis arba sunkus neįgalumo lygis'
2025-03-28 08:46:46 [main] INFO  l.i.u.p.SubmittedApplicationsPage - Successfully selected the value: 'Bedarbiai, kurie yra darbingo amžiaus neįgalieji, kuriems nustatytas iki 25 procentų darbingumo lygis arba sunkus neįgalumo lygis'
2025-03-28 08:46:46 [main] INFO  l.i.u.p.SubmittedApplicationsPage - Attempting to close the dropdown.
2025-03-28 08:46:47 [main] DEBUG l.i.u.t.SubmittedApplicationsPageTest - Selected disabilities type: 'Bedarbiai, kurie yra darbingo amžiaus neįgalieji, kuriems nustatytas iki 25 procentų darbingumo lygis arba sunkus neįgalumo lygis'.
2025-03-28 08:46:47 [main] DEBUG l.i.u.t.SubmittedApplicationsPageTest - Entered disability information: 'Negalia 1'.
2025-03-28 08:46:47 [main] INFO  l.i.u.p.SubmittedApplicationsPage - Located the dropdown button.
2025-03-28 08:46:48 [main] INFO  l.i.u.p.SubmittedApplicationsPage - Successfully selected the value: 'Kita'
2025-03-28 08:46:48 [main] DEBUG l.i.u.t.SubmittedApplicationsPageTest - Selected time mode: 'Kita'.
2025-03-28 08:46:48 [main] DEBUG l.i.u.t.SubmittedApplicationsPageTest - Selected time mode other: '6 val. per dieną ir 4 d. per savaitę'.
2025-03-28 08:46:48 [main] DEBUG l.i.u.t.SubmittedApplicationsPageTest - Entered qualification: 'Kvalifikacija 1'.
2025-03-28 08:46:49 [main] DEBUG l.i.u.t.SubmittedApplicationsPageTest - Entered job date.
2025-03-28 08:46:49 [main] DEBUG l.i.u.t.SubmittedApplicationsPageTest - Entered salary amount: '1200'.
2025-03-28 08:46:49 [main] DEBUG l.i.u.t.SubmittedApplicationsPageTest - Entered salary description: 'Užmokestis 1'.
2025-03-28 08:46:49 [main] DEBUG l.i.u.t.SubmittedApplicationsPageTest - Selected 'Temporary Job' radio button.
2025-03-28 08:46:49 [main] DEBUG l.i.u.t.SubmittedApplicationsPageTest - Selected 'Season Job' radio button.
2025-03-28 08:46:49 [main] DEBUG l.i.u.t.SubmittedApplicationsPageTest - Selected 'Energy' radio button.
2025-03-28 08:46:50 [main] DEBUG l.i.u.t.SubmittedApplicationsPageTest - Selected 'Repair' radio button.
2025-03-28 08:46:50 [main] DEBUG l.i.u.t.SubmittedApplicationsPageTest - Entered job description: 'Veikla 1'.
2025-03-28 08:46:50 [main] DEBUG l.i.u.t.SubmittedApplicationsPageTest - Entered process description: 'Procesas 1'.
2025-03-28 08:46:50 [main] DEBUG l.i.u.t.SubmittedApplicationsPageTest - Entered energy information: 'Energija 1'.
2025-03-28 08:46:50 [main] DEBUG l.i.u.t.SubmittedApplicationsPageTest - Entered repair information: 'Remontas 1'.
2025-03-28 08:46:51 [main] DEBUG l.i.u.t.SubmittedApplicationsPageTest - Selected 'PVM' radio button.
2025-03-28 08:46:51 [main] INFO  l.i.u.p.SubmittedApplicationsPage - Located the dropdown button.
2025-03-28 08:46:51 [main] INFO  l.i.u.p.SubmittedApplicationsPage - Successfully selected the value: 'Įsigyti'
2025-03-28 08:46:51 [main] DEBUG l.i.u.t.SubmittedApplicationsPageTest - Selected necessary for job: 'Įsigyti'.
2025-03-28 08:46:52 [main] DEBUG l.i.u.t.SubmittedApplicationsPageTest - Selected tool: 'Darbo priemonė 1'.
2025-03-28 08:46:52 [main] DEBUG l.i.u.t.SubmittedApplicationsPageTest - Selected tool parameter one: 'Darbo priemonės 1 parametras 1'.
2025-03-28 08:46:52 [main] DEBUG l.i.u.t.SubmittedApplicationsPageTest - Selected tool parameter two: 'Darbo priemonės 1 parametras 2'.
2025-03-28 08:46:52 [main] DEBUG l.i.u.t.SubmittedApplicationsPageTest - Selected tool parameter three: 'Darbo priemonės 1 parametras 3'.
2025-03-28 08:46:53 [main] DEBUG l.i.u.t.SubmittedApplicationsPageTest - Entered tool count: '1'.
2025-03-28 08:46:53 [main] DEBUG l.i.u.t.SubmittedApplicationsPageTest - Entered price amount 1: '1000'.
2025-03-28 08:46:55 [main] DEBUG l.i.u.t.SubmittedApplicationsPageTest - Entered own funds amount 1: '800'.
2025-03-28 08:46:57 [main] DEBUG l.i.u.t.SubmittedApplicationsPageTest - Clicked 'Add' button.
2025-03-28 08:46:57 [main] INFO  l.i.u.p.SubmittedApplicationsPage - Located the dropdown button.
2025-03-28 08:46:58 [main] INFO  l.i.u.p.SubmittedApplicationsPage - Successfully selected the value: 'Remontuoti'
2025-03-28 08:46:58 [main] DEBUG l.i.u.t.SubmittedApplicationsPageTest - Selected necessary for job 'to repair': 'Remontuoti'.
2025-03-28 08:46:58 [main] DEBUG l.i.u.t.SubmittedApplicationsPageTest - Selected repair name: 'Remonto pavadinimas 1'.
2025-03-28 08:46:58 [main] DEBUG l.i.u.t.SubmittedApplicationsPageTest - Entered repair information: 'Remonto aprašymas 1'.
2025-03-28 08:46:58 [main] DEBUG l.i.u.t.SubmittedApplicationsPageTest - Entered price amount 2: '1000'.
2025-03-28 08:47:01 [main] DEBUG l.i.u.t.SubmittedApplicationsPageTest - Entered own funds amount 2: '900'.
2025-03-28 08:47:03 [main] DEBUG l.i.u.t.SubmittedApplicationsPageTest - Forced value update: '100'
2025-03-28 08:47:03 [main] DEBUG l.i.u.t.SubmittedApplicationsPageTest - Entered country percentage: '50'.
2025-03-28 08:47:03 [main] DEBUG l.i.u.t.SubmittedApplicationsPageTest - Entered institution percentage: '50'.
2025-03-28 08:47:03 [main] DEBUG l.i.u.t.SubmittedApplicationsPageTest - Entered municipality percentage: '50'.
2025-03-28 08:47:03 [main] DEBUG l.i.u.t.SubmittedApplicationsPageTest - Selected 'De Minimis' radio button.
2025-03-28 08:47:03 [main] DEBUG l.i.u.t.SubmittedApplicationsPageTest - Entered program name: 'Programa 1'.
2025-03-28 08:47:04 [main] DEBUG l.i.u.t.SubmittedApplicationsPageTest - Entered project date from.
2025-03-28 08:47:04 [main] DEBUG l.i.u.t.SubmittedApplicationsPageTest - Entered project date until.
2025-03-28 08:47:04 [main] DEBUG l.i.u.t.SubmittedApplicationsPageTest - Entered support amount: '2000'.
2025-03-28 08:47:04 [main] DEBUG l.i.u.t.SubmittedApplicationsPageTest - Clicked 'Next' button.
2025-03-28 08:47:55 [main] INFO  lt.insoft.uztis.tests.UztisPageTest - Navigated to https://uztisdev.asseco.lt/home
2025-03-28 08:47:55 [main] INFO  l.i.u.t.SubmittedApplicationsPageTest - Starting test:'testFillNewVUIPApplicationFA'
2025-03-28 08:47:55 [main] DEBUG l.i.u.t.SubmittedApplicationsPageTest - User logged in with test credentials.
2025-03-28 08:47:55 [main] DEBUG l.i.u.t.SubmittedApplicationsPageTest - Opened 'Application Processing' menu.
2025-03-28 08:47:56 [main] DEBUG l.i.u.t.SubmittedApplicationsPageTest - Clicked on 'Application Forms' menu.
2025-03-28 08:47:56 [main] DEBUG l.i.u.t.SubmittedApplicationsPageTest - Retrieved last description code text: 'TST-VUI-75'.
2025-03-28 08:47:56 [main] DEBUG l.i.u.t.SubmittedApplicationsPageTest - Clicked on 'Invitation' menu.
2025-03-28 08:47:58 [main] DEBUG l.i.u.t.SubmittedApplicationsPageTest - Selected application section by code: 'TST-VUI-75'.
2025-03-28 08:47:58 [main] DEBUG l.i.u.t.SubmittedApplicationsPageTest - Clicked 'Search' button.
2025-03-28 08:47:58 [main] DEBUG l.i.u.t.SubmittedApplicationsPageTest - Retrieved invitation code: ''.
2025-03-28 08:47:58 [main] DEBUG l.i.u.t.SubmittedApplicationsPageTest - Clicked on 'Submitted Applications' menu.
2025-03-28 08:48:00 [main] DEBUG l.i.u.t.SubmittedApplicationsPageTest - Selected invitation by code: 'TST-VUI-75'.
2025-03-28 08:48:00 [main] DEBUG l.i.u.t.SubmittedApplicationsPageTest - Invitation code inserted.
2025-03-28 08:48:00 [main] DEBUG l.i.u.t.SubmittedApplicationsPageTest - Clicked on 'Action Application' button.
2025-03-28 08:48:00 [main] DEBUG l.i.u.t.SubmittedApplicationsPageTest - Clicked on 'New Application' button.
2025-03-28 08:48:00 [main] DEBUG l.i.u.t.SubmittedApplicationsPageTest - Selected the 'RadioButtonFA' option.
2025-03-28 08:48:01 [main] DEBUG l.i.u.t.SubmittedApplicationsPageTest - Entered phone number: '61298745'.
2025-03-28 08:48:01 [main] DEBUG l.i.u.t.SubmittedApplicationsPageTest - Entered email: 'test@autotest.com'.
2025-03-28 08:48:01 [main] INFO  l.i.u.p.SubmittedApplicationsPage - Clicking on the dropdown button.
2025-03-28 08:48:16 [main] INFO  l.i.u.p.SubmittedApplicationsPage - Found 1741 options in the dropdown.
2025-03-28 08:48:16 [main] DEBUG l.i.u.p.SubmittedApplicationsPage - Checking option: ''
2025-03-28 08:48:16 [main] DEBUG l.i.u.p.SubmittedApplicationsPage - Checking option: '01.11 - Grūdinių (išskyrus ryžius), ankštinių ir aliejingų sėklų augalų auginimas'
2025-03-28 08:48:16 [main] INFO  l.i.u.p.SubmittedApplicationsPage - Successfully selected the value: '01.11 - Grūdinių (išskyrus ryžius), ankštinių ir aliejingų sėklų augalų auginimas'
2025-03-28 08:48:16 [main] INFO  l.i.u.p.SubmittedApplicationsPage - Attempting to close the dropdown.
2025-03-28 08:48:17 [main] DEBUG l.i.u.t.SubmittedApplicationsPageTest - Selected EVRK value: '01.11 - Grūdinių (išskyrus ryžius), ankštinių ir aliejingų sėklų augalų auginimas'.
2025-03-28 08:48:17 [main] DEBUG l.i.u.t.SubmittedApplicationsPageTest - Clicked on 'Address Component' button.
2025-03-28 08:48:17 [main] INFO  l.i.u.p.SubmittedApplicationsPage - Located the dropdown button.
2025-03-28 08:48:22 [main] INFO  l.i.u.p.SubmittedApplicationsPage - Successfully selected the value: 'Lietuva'
2025-03-28 08:48:22 [main] DEBUG l.i.u.t.SubmittedApplicationsPageTest - Selected country: 'Lietuva'.
2025-03-28 08:48:22 [main] INFO  l.i.u.p.SubmittedApplicationsPage - Located the dropdown search field.
2025-03-28 08:48:22 [main] INFO  l.i.u.p.SubmittedApplicationsPage - Dropdown city is opened.
2025-03-28 08:48:23 [main] INFO  l.i.u.p.SubmittedApplicationsPage - Searched for value: 'Vilnius'
2025-03-28 08:48:23 [main] INFO  l.i.u.p.SubmittedApplicationsPage - Successfully selected: 'Vilnius'
2025-03-28 08:48:23 [main] INFO  l.i.u.p.SubmittedApplicationsPage - Located the dropdown button.
2025-03-28 08:48:24 [main] INFO  l.i.u.p.SubmittedApplicationsPage - Successfully selected the value: 'A. Domaševičiaus g.'
2025-03-28 08:48:24 [main] DEBUG l.i.u.t.SubmittedApplicationsPageTest - Selected street: 'A. Domaševičiaus g.'.
2025-03-28 08:48:24 [main] INFO  l.i.u.p.SubmittedApplicationsPage - Located the dropdown button.
2025-03-28 08:48:25 [main] INFO  l.i.u.p.SubmittedApplicationsPage - Successfully selected the value: '1'
2025-03-28 08:48:25 [main] DEBUG l.i.u.t.SubmittedApplicationsPageTest - Selected house: '1'.
2025-03-28 08:48:25 [main] INFO  l.i.u.p.SubmittedApplicationsPage - Located the dropdown button.
2025-03-28 08:48:26 [main] INFO  l.i.u.p.SubmittedApplicationsPage - Successfully selected the value: '1'
2025-03-28 08:48:26 [main] DEBUG l.i.u.t.SubmittedApplicationsPageTest - Selected apartment: '1'.
2025-03-28 08:48:26 [main] DEBUG l.i.u.t.SubmittedApplicationsPageTest - Clicked 'Confirm' button.
2025-03-28 08:48:27 [main] DEBUG l.i.u.t.SubmittedApplicationsPageTest - Entered project date.
2025-03-28 08:48:27 [main] DEBUG l.i.u.t.SubmittedApplicationsPageTest - Entered job count: '1'.
2025-03-28 08:48:27 [main] DEBUG l.i.u.t.SubmittedApplicationsPageTest - Clicked 'Next' button.
2025-03-28 08:48:27 [main] INFO  l.i.u.p.SubmittedApplicationsPage - Located the dropdown button.
2025-03-28 08:48:28 [main] INFO  l.i.u.p.SubmittedApplicationsPage - Successfully selected the value: 'Administratoriai'
2025-03-28 08:48:28 [main] DEBUG l.i.u.t.SubmittedApplicationsPageTest - Selected job name: 'Administratoriai'.
2025-03-28 08:48:28 [main] DEBUG l.i.u.t.SubmittedApplicationsPageTest - Entered job function: 'Funkcija 1'.
2025-03-28 08:48:29 [main] DEBUG l.i.u.t.SubmittedApplicationsPageTest - Selected 'RadioButtonWithDisabilities' option.
2025-03-28 08:48:29 [main] INFO  l.i.u.p.SubmittedApplicationsPage - Clicking on the dropdown button.
2025-03-28 08:48:30 [main] INFO  l.i.u.p.SubmittedApplicationsPage - Found 34 options in the dropdown.
2025-03-28 08:48:30 [main] DEBUG l.i.u.p.SubmittedApplicationsPage - Checking option: 'Asmenys, kuriems suteiktas pabėgėlio statusas ar perkeliamojo asmens statusas, arba asmenys, kuriems suteikta papildoma ar laikinoji apsauga, ir asmenys, turintys teisę gauti laikinąją apsaugą, iki sprendimo dėl laikinosios apsaugos suteikimo (nesuteikimo) priėmimo, tačiau ne ilgiau kaip laikinosios apsaugos laikotarpiu'
2025-03-28 08:48:30 [main] DEBUG l.i.u.p.SubmittedApplicationsPage - Checking option: 'Asmenys, kuriems suteiktas pabėgėlio statusas ar perkeliamojo asmens statusas, arba asmenys, kuriems suteikta papildoma ar laikinoji apsauga, ir asmenys, turintys teisę gauti laikinąją apsaugą, iki sprendimo dėl laikinosios apsaugos suteikimo (nesuteikimo) priėmimo, tačiau ne ilgiau kaip laikinosios apsaugos laikotarpiu'
2025-03-28 08:48:30 [main] DEBUG l.i.u.p.SubmittedApplicationsPage - Checking option: 'Asmenys, turintys teisę į papildomas užimtumo garantijas pagal Lietuvos Respublikos valstybės įmonės Ignalinos atominės elektrinės darbuotojų papildomų užimtumo ir socialinių garantijų įstatymą'
2025-03-28 08:48:30 [main] DEBUG l.i.u.p.SubmittedApplicationsPage - Checking option: 'Asmenys, turintys teisę į papildomas užimtumo garantijas pagal Lietuvos Respublikos valstybės įmonės Ignalinos atominės elektrinės darbuotojų papildomų užimtumo ir socialinių garantijų įstatymą'
2025-03-28 08:48:30 [main] DEBUG l.i.u.p.SubmittedApplicationsPage - Checking option: 'Bedarbiai iki 29 metų'
2025-03-28 08:48:30 [main] DEBUG l.i.u.p.SubmittedApplicationsPage - Checking option: 'Bedarbiai iki 29 metų'
2025-03-28 08:48:30 [main] DEBUG l.i.u.p.SubmittedApplicationsPage - Checking option: 'Bedarbiai, kurie yra darbingo amžiaus neįgalieji, kuriems nustatytas 30–40 procentų darbingumo lygis arba vidutinis neįgalumo lygis'
2025-03-28 08:48:30 [main] DEBUG l.i.u.p.SubmittedApplicationsPage - Checking option: 'Bedarbiai, kurie yra darbingo amžiaus neįgalieji, kuriems nustatytas 30–40 procentų darbingumo lygis arba vidutinis neįgalumo lygis'
2025-03-28 08:48:30 [main] DEBUG l.i.u.p.SubmittedApplicationsPage - Checking option: 'Bedarbiai, kurie yra darbingo amžiaus neįgalieji, kuriems nustatytas 45–55 procentų darbingumo lygis arba lengvas neįgalumo lygis'
2025-03-28 08:48:30 [main] DEBUG l.i.u.p.SubmittedApplicationsPage - Checking option: 'Bedarbiai, kurie yra darbingo amžiaus neįgalieji, kuriems nustatytas 45–55 procentų darbingumo lygis arba lengvas neįgalumo lygis'
2025-03-28 08:48:30 [main] DEBUG l.i.u.p.SubmittedApplicationsPage - Checking option: 'Bedarbiai, kurie yra darbingo amžiaus neįgalieji, kuriems nustatytas iki 25 procentų darbingumo lygis arba sunkus neįgalumo lygis'
2025-03-28 08:48:30 [main] INFO  l.i.u.p.SubmittedApplicationsPage - Successfully selected the value: 'Bedarbiai, kurie yra darbingo amžiaus neįgalieji, kuriems nustatytas iki 25 procentų darbingumo lygis arba sunkus neįgalumo lygis'
2025-03-28 08:48:30 [main] INFO  l.i.u.p.SubmittedApplicationsPage - Attempting to close the dropdown.
2025-03-28 08:48:30 [main] DEBUG l.i.u.t.SubmittedApplicationsPageTest - Selected disabilities type: 'Bedarbiai, kurie yra darbingo amžiaus neįgalieji, kuriems nustatytas iki 25 procentų darbingumo lygis arba sunkus neįgalumo lygis'.
2025-03-28 08:48:31 [main] DEBUG l.i.u.t.SubmittedApplicationsPageTest - Entered disability information: 'Negalia 1'.
2025-03-28 08:48:31 [main] INFO  l.i.u.p.SubmittedApplicationsPage - Located the dropdown button.
2025-03-28 08:48:31 [main] INFO  l.i.u.p.SubmittedApplicationsPage - Successfully selected the value: 'Kita'
2025-03-28 08:48:31 [main] DEBUG l.i.u.t.SubmittedApplicationsPageTest - Selected time mode: 'Kita'.
2025-03-28 08:48:32 [main] DEBUG l.i.u.t.SubmittedApplicationsPageTest - Selected time mode other: '6 val. per dieną ir 4 d. per savaitę'.
2025-03-28 08:48:32 [main] DEBUG l.i.u.t.SubmittedApplicationsPageTest - Entered qualification: 'Kvalifikacija 1'.
2025-03-28 08:48:32 [main] DEBUG l.i.u.t.SubmittedApplicationsPageTest - Entered job date.
2025-03-28 08:48:32 [main] DEBUG l.i.u.t.SubmittedApplicationsPageTest - Entered salary amount: '1200'.
2025-03-28 08:48:32 [main] DEBUG l.i.u.t.SubmittedApplicationsPageTest - Entered salary description: 'Užmokestis 1'.
2025-03-28 08:48:33 [main] DEBUG l.i.u.t.SubmittedApplicationsPageTest - Selected 'Temporary Job' radio button.
2025-03-28 08:48:33 [main] DEBUG l.i.u.t.SubmittedApplicationsPageTest - Selected 'Season Job' radio button.
2025-03-28 08:48:33 [main] DEBUG l.i.u.t.SubmittedApplicationsPageTest - Selected 'Energy' radio button.
2025-03-28 08:48:33 [main] DEBUG l.i.u.t.SubmittedApplicationsPageTest - Selected 'Repair' radio button.
2025-03-28 08:48:33 [main] DEBUG l.i.u.t.SubmittedApplicationsPageTest - Entered job description: 'Veikla 1'.
2025-03-28 08:48:34 [main] DEBUG l.i.u.t.SubmittedApplicationsPageTest - Entered process description: 'Procesas 1'.
2025-03-28 08:48:34 [main] DEBUG l.i.u.t.SubmittedApplicationsPageTest - Entered energy information: 'Energija 1'.
2025-03-28 08:48:34 [main] DEBUG l.i.u.t.SubmittedApplicationsPageTest - Entered repair information: 'Remontas 1'.
2025-03-28 08:48:34 [main] DEBUG l.i.u.t.SubmittedApplicationsPageTest - Selected 'PVM' radio button.
2025-03-28 08:48:34 [main] INFO  l.i.u.p.SubmittedApplicationsPage - Located the dropdown button.
2025-03-28 08:48:35 [main] INFO  l.i.u.p.SubmittedApplicationsPage - Successfully selected the value: 'Įsigyti'
2025-03-28 08:48:35 [main] DEBUG l.i.u.t.SubmittedApplicationsPageTest - Selected necessary for job: 'Įsigyti'.
2025-03-28 08:48:35 [main] DEBUG l.i.u.t.SubmittedApplicationsPageTest - Selected tool: 'Darbo priemonė 1'.
2025-03-28 08:48:35 [main] DEBUG l.i.u.t.SubmittedApplicationsPageTest - Selected tool parameter one: 'Darbo priemonės 1 parametras 1'.
2025-03-28 08:48:36 [main] DEBUG l.i.u.t.SubmittedApplicationsPageTest - Selected tool parameter two: 'Darbo priemonės 1 parametras 2'.
2025-03-28 08:48:36 [main] DEBUG l.i.u.t.SubmittedApplicationsPageTest - Selected tool parameter three: 'Darbo priemonės 1 parametras 3'.
2025-03-28 08:48:36 [main] DEBUG l.i.u.t.SubmittedApplicationsPageTest - Entered tool count: '1'.
2025-03-28 08:48:36 [main] DEBUG l.i.u.t.SubmittedApplicationsPageTest - Entered price amount 1: '1000'.
2025-03-28 08:48:38 [main] DEBUG l.i.u.t.SubmittedApplicationsPageTest - Entered own funds amount 1: '800'.
2025-03-28 08:48:41 [main] DEBUG l.i.u.t.SubmittedApplicationsPageTest - Clicked 'Add' button.
2025-03-28 08:48:41 [main] INFO  l.i.u.p.SubmittedApplicationsPage - Located the dropdown button.
2025-03-28 08:48:42 [main] INFO  l.i.u.p.SubmittedApplicationsPage - Successfully selected the value: 'Remontuoti'
2025-03-28 08:48:42 [main] DEBUG l.i.u.t.SubmittedApplicationsPageTest - Selected necessary for job 'to repair': 'Remontuoti'.
2025-03-28 08:48:42 [main] DEBUG l.i.u.t.SubmittedApplicationsPageTest - Selected repair name: 'Remonto pavadinimas 1'.
2025-03-28 08:48:42 [main] DEBUG l.i.u.t.SubmittedApplicationsPageTest - Entered repair information: 'Remonto aprašymas 1'.
2025-03-28 08:48:42 [main] DEBUG l.i.u.t.SubmittedApplicationsPageTest - Entered price amount 2: '1000'.
2025-03-28 08:48:45 [main] DEBUG l.i.u.t.SubmittedApplicationsPageTest - Entered own funds amount 2: '900'.
2025-03-28 08:48:47 [main] DEBUG l.i.u.t.SubmittedApplicationsPageTest - Forced value update: '100'
2025-03-28 08:48:47 [main] DEBUG l.i.u.t.SubmittedApplicationsPageTest - Entered country percentage: '50'.
2025-03-28 08:48:47 [main] DEBUG l.i.u.t.SubmittedApplicationsPageTest - Entered institution percentage: '50'.
2025-03-28 08:48:47 [main] DEBUG l.i.u.t.SubmittedApplicationsPageTest - Entered municipality percentage: '50'.
2025-03-28 08:48:47 [main] DEBUG l.i.u.t.SubmittedApplicationsPageTest - Selected 'De Minimis' radio button.
2025-03-28 08:48:47 [main] DEBUG l.i.u.t.SubmittedApplicationsPageTest - Entered program name: 'Programa 1'.
2025-03-28 08:48:48 [main] DEBUG l.i.u.t.SubmittedApplicationsPageTest - Entered project date from.
2025-03-28 08:48:48 [main] DEBUG l.i.u.t.SubmittedApplicationsPageTest - Entered project date until.
2025-03-28 08:48:48 [main] DEBUG l.i.u.t.SubmittedApplicationsPageTest - Entered support amount: '2000'.
2025-03-28 08:48:48 [main] DEBUG l.i.u.t.SubmittedApplicationsPageTest - Clicked 'Next' button.
2025-03-28 08:48:58 [main] DEBUG l.i.u.t.SubmittedApplicationsPageTest - Checked 'Legal Entities' checkbox 1.
2025-03-28 08:49:08 [main] DEBUG l.i.u.t.SubmittedApplicationsPageTest - Checked 'Legal Entities' checkbox 2.
2025-03-28 08:49:18 [main] DEBUG l.i.u.t.SubmittedApplicationsPageTest - Checked 'Legal Entities' checkbox 3.
2025-03-28 08:49:18 [main] DEBUG l.i.u.t.SubmittedApplicationsPageTest - Test finished: All 'Legal Entities' checkboxes checked successfully.
2025-03-28 08:49:19 [main] DEBUG l.i.u.t.SubmittedApplicationsPageTest - Clicked 'Next' button after checkboxes.
2025-03-28 08:49:29 [main] ERROR l.i.u.p.SubmittedApplicationsPage - Error selecting radio button: Expected condition failed: waiting for element to be clickable: By.xpath: (//input[@type='radio' and @value='false'])[8] (tried for 10 second(s) with 500 milliseconds interval)
Build info: version: '4.27.0', revision: 'd6e718d134'
System info: os.name: 'Windows 11', os.arch: 'amd64', os.version: '10.0', java.version: '21.0.3'
Driver info: org.openqa.selenium.chrome.ChromeDriver
Capabilities {acceptInsecureCerts: false, browserName: chrome, browserVersion: 134.0.6998.166, chrome: {chromedriverVersion: 134.0.6998.165 (fd886e2cb29..., userDataDir: C:\Users\INGRID~1.ZAD\AppDa...}, fedcm:accounts: true, goog:chromeOptions: {debuggerAddress: localhost:56843}, networkConnectionEnabled: false, pageLoadStrategy: normal, platformName: windows, proxy: Proxy(), se:cdp: ws://localhost:56843/devtoo..., se:cdpVersion: 134.0.6998.166, setWindowRect: true, strictFileInteractability: false, timeouts: {implicit: 0, pageLoad: 300000, script: 30000}, unhandledPromptBehavior: dismiss and notify, webauthn:extension:credBlob: true, webauthn:extension:largeBlob: true, webauthn:extension:minPinLength: true, webauthn:extension:prf: true, webauthn:virtualAuthenticators: true}
Session ID: 5ca820ae26a62574f9c79bed1f79907c
2025-03-28 08:49:29 [main] INFO  l.i.u.t.SubmittedApplicationsPageTest - Marking 'Ne' radio button 1
2025-03-28 08:49:39 [main] ERROR l.i.u.p.SubmittedApplicationsPage - Error selecting radio button: Expected condition failed: waiting for element to be clickable: By.xpath: (//input[@type='radio' and @value='false'])[9] (tried for 10 second(s) with 500 milliseconds interval)
Build info: version: '4.27.0', revision: 'd6e718d134'
System info: os.name: 'Windows 11', os.arch: 'amd64', os.version: '10.0', java.version: '21.0.3'
Driver info: org.openqa.selenium.chrome.ChromeDriver
Capabilities {acceptInsecureCerts: false, browserName: chrome, browserVersion: 134.0.6998.166, chrome: {chromedriverVersion: 134.0.6998.165 (fd886e2cb29..., userDataDir: C:\Users\INGRID~1.ZAD\AppDa...}, fedcm:accounts: true, goog:chromeOptions: {debuggerAddress: localhost:56843}, networkConnectionEnabled: false, pageLoadStrategy: normal, platformName: windows, proxy: Proxy(), se:cdp: ws://localhost:56843/devtoo..., se:cdpVersion: 134.0.6998.166, setWindowRect: true, strictFileInteractability: false, timeouts: {implicit: 0, pageLoad: 300000, script: 30000}, unhandledPromptBehavior: dismiss and notify, webauthn:extension:credBlob: true, webauthn:extension:largeBlob: true, webauthn:extension:minPinLength: true, webauthn:extension:prf: true, webauthn:virtualAuthenticators: true}
Session ID: 5ca820ae26a62574f9c79bed1f79907c
2025-03-28 08:49:39 [main] INFO  l.i.u.t.SubmittedApplicationsPageTest - Marking 'Ne' radio button 2
2025-03-28 08:49:49 [main] ERROR l.i.u.p.SubmittedApplicationsPage - Error selecting radio button: Expected condition failed: waiting for element to be clickable: By.xpath: (//input[@type='radio' and @value='false'])[10] (tried for 10 second(s) with 500 milliseconds interval)
Build info: version: '4.27.0', revision: 'd6e718d134'
System info: os.name: 'Windows 11', os.arch: 'amd64', os.version: '10.0', java.version: '21.0.3'
Driver info: org.openqa.selenium.chrome.ChromeDriver
Capabilities {acceptInsecureCerts: false, browserName: chrome, browserVersion: 134.0.6998.166, chrome: {chromedriverVersion: 134.0.6998.165 (fd886e2cb29..., userDataDir: C:\Users\INGRID~1.ZAD\AppDa...}, fedcm:accounts: true, goog:chromeOptions: {debuggerAddress: localhost:56843}, networkConnectionEnabled: false, pageLoadStrategy: normal, platformName: windows, proxy: Proxy(), se:cdp: ws://localhost:56843/devtoo..., se:cdpVersion: 134.0.6998.166, setWindowRect: true, strictFileInteractability: false, timeouts: {implicit: 0, pageLoad: 300000, script: 30000}, unhandledPromptBehavior: dismiss and notify, webauthn:extension:credBlob: true, webauthn:extension:largeBlob: true, webauthn:extension:minPinLength: true, webauthn:extension:prf: true, webauthn:virtualAuthenticators: true}
Session ID: 5ca820ae26a62574f9c79bed1f79907c
2025-03-28 08:49:49 [main] INFO  l.i.u.t.SubmittedApplicationsPageTest - Marking 'Ne' radio button 3
2025-03-28 08:49:59 [main] ERROR l.i.u.p.SubmittedApplicationsPage - Error selecting radio button: Expected condition failed: waiting for element to be clickable: By.xpath: (//input[@type='radio' and @value='false'])[11] (tried for 10 second(s) with 500 milliseconds interval)
Build info: version: '4.27.0', revision: 'd6e718d134'
System info: os.name: 'Windows 11', os.arch: 'amd64', os.version: '10.0', java.version: '21.0.3'
Driver info: org.openqa.selenium.chrome.ChromeDriver
Capabilities {acceptInsecureCerts: false, browserName: chrome, browserVersion: 134.0.6998.166, chrome: {chromedriverVersion: 134.0.6998.165 (fd886e2cb29..., userDataDir: C:\Users\INGRID~1.ZAD\AppDa...}, fedcm:accounts: true, goog:chromeOptions: {debuggerAddress: localhost:56843}, networkConnectionEnabled: false, pageLoadStrategy: normal, platformName: windows, proxy: Proxy(), se:cdp: ws://localhost:56843/devtoo..., se:cdpVersion: 134.0.6998.166, setWindowRect: true, strictFileInteractability: false, timeouts: {implicit: 0, pageLoad: 300000, script: 30000}, unhandledPromptBehavior: dismiss and notify, webauthn:extension:credBlob: true, webauthn:extension:largeBlob: true, webauthn:extension:minPinLength: true, webauthn:extension:prf: true, webauthn:virtualAuthenticators: true}
Session ID: 5ca820ae26a62574f9c79bed1f79907c
2025-03-28 08:49:59 [main] INFO  l.i.u.t.SubmittedApplicationsPageTest - Marking 'Ne' radio button 4
2025-03-28 08:50:09 [main] ERROR l.i.u.p.SubmittedApplicationsPage - Error selecting radio button: Expected condition failed: waiting for element to be clickable: By.xpath: (//input[@type='radio' and @value='false'])[12] (tried for 10 second(s) with 500 milliseconds interval)
Build info: version: '4.27.0', revision: 'd6e718d134'
System info: os.name: 'Windows 11', os.arch: 'amd64', os.version: '10.0', java.version: '21.0.3'
Driver info: org.openqa.selenium.chrome.ChromeDriver
Capabilities {acceptInsecureCerts: false, browserName: chrome, browserVersion: 134.0.6998.166, chrome: {chromedriverVersion: 134.0.6998.165 (fd886e2cb29..., userDataDir: C:\Users\INGRID~1.ZAD\AppDa...}, fedcm:accounts: true, goog:chromeOptions: {debuggerAddress: localhost:56843}, networkConnectionEnabled: false, pageLoadStrategy: normal, platformName: windows, proxy: Proxy(), se:cdp: ws://localhost:56843/devtoo..., se:cdpVersion: 134.0.6998.166, setWindowRect: true, strictFileInteractability: false, timeouts: {implicit: 0, pageLoad: 300000, script: 30000}, unhandledPromptBehavior: dismiss and notify, webauthn:extension:credBlob: true, webauthn:extension:largeBlob: true, webauthn:extension:minPinLength: true, webauthn:extension:prf: true, webauthn:virtualAuthenticators: true}
Session ID: 5ca820ae26a62574f9c79bed1f79907c
2025-03-28 08:50:09 [main] INFO  l.i.u.t.SubmittedApplicationsPageTest - Marking 'Ne' radio button 5
2025-03-28 08:50:19 [main] ERROR l.i.u.p.SubmittedApplicationsPage - Error selecting radio button: Expected condition failed: waiting for element to be clickable: By.xpath: (//input[@type='radio' and @value='false'])[13] (tried for 10 second(s) with 500 milliseconds interval)
Build info: version: '4.27.0', revision: 'd6e718d134'
System info: os.name: 'Windows 11', os.arch: 'amd64', os.version: '10.0', java.version: '21.0.3'
Driver info: org.openqa.selenium.chrome.ChromeDriver
Capabilities {acceptInsecureCerts: false, browserName: chrome, browserVersion: 134.0.6998.166, chrome: {chromedriverVersion: 134.0.6998.165 (fd886e2cb29..., userDataDir: C:\Users\INGRID~1.ZAD\AppDa...}, fedcm:accounts: true, goog:chromeOptions: {debuggerAddress: localhost:56843}, networkConnectionEnabled: false, pageLoadStrategy: normal, platformName: windows, proxy: Proxy(), se:cdp: ws://localhost:56843/devtoo..., se:cdpVersion: 134.0.6998.166, setWindowRect: true, strictFileInteractability: false, timeouts: {implicit: 0, pageLoad: 300000, script: 30000}, unhandledPromptBehavior: dismiss and notify, webauthn:extension:credBlob: true, webauthn:extension:largeBlob: true, webauthn:extension:minPinLength: true, webauthn:extension:prf: true, webauthn:virtualAuthenticators: true}
Session ID: 5ca820ae26a62574f9c79bed1f79907c
2025-03-28 08:50:19 [main] INFO  l.i.u.t.SubmittedApplicationsPageTest - Marking 'Ne' radio button 6
2025-03-28 08:50:29 [main] ERROR l.i.u.p.SubmittedApplicationsPage - Error selecting radio button: Expected condition failed: waiting for element to be clickable: By.xpath: (//input[@type='radio' and @value='true'])[14] (tried for 10 second(s) with 500 milliseconds interval)
Build info: version: '4.27.0', revision: 'd6e718d134'
System info: os.name: 'Windows 11', os.arch: 'amd64', os.version: '10.0', java.version: '21.0.3'
Driver info: org.openqa.selenium.chrome.ChromeDriver
Capabilities {acceptInsecureCerts: false, browserName: chrome, browserVersion: 134.0.6998.166, chrome: {chromedriverVersion: 134.0.6998.165 (fd886e2cb29..., userDataDir: C:\Users\INGRID~1.ZAD\AppDa...}, fedcm:accounts: true, goog:chromeOptions: {debuggerAddress: localhost:56843}, networkConnectionEnabled: false, pageLoadStrategy: normal, platformName: windows, proxy: Proxy(), se:cdp: ws://localhost:56843/devtoo..., se:cdpVersion: 134.0.6998.166, setWindowRect: true, strictFileInteractability: false, timeouts: {implicit: 0, pageLoad: 300000, script: 30000}, unhandledPromptBehavior: dismiss and notify, webauthn:extension:credBlob: true, webauthn:extension:largeBlob: true, webauthn:extension:minPinLength: true, webauthn:extension:prf: true, webauthn:virtualAuthenticators: true}
Session ID: 5ca820ae26a62574f9c79bed1f79907c
2025-03-28 08:50:29 [main] INFO  l.i.u.t.SubmittedApplicationsPageTest - Marking 'Taip' radio button 7
2025-03-28 08:50:39 [main] ERROR l.i.u.p.SubmittedApplicationsPage - Error selecting radio button: Expected condition failed: waiting for element to be clickable: By.xpath: (//input[@type='radio' and @value='true'])[15] (tried for 10 second(s) with 500 milliseconds interval)
Build info: version: '4.27.0', revision: 'd6e718d134'
System info: os.name: 'Windows 11', os.arch: 'amd64', os.version: '10.0', java.version: '21.0.3'
Driver info: org.openqa.selenium.chrome.ChromeDriver
Capabilities {acceptInsecureCerts: false, browserName: chrome, browserVersion: 134.0.6998.166, chrome: {chromedriverVersion: 134.0.6998.165 (fd886e2cb29..., userDataDir: C:\Users\INGRID~1.ZAD\AppDa...}, fedcm:accounts: true, goog:chromeOptions: {debuggerAddress: localhost:56843}, networkConnectionEnabled: false, pageLoadStrategy: normal, platformName: windows, proxy: Proxy(), se:cdp: ws://localhost:56843/devtoo..., se:cdpVersion: 134.0.6998.166, setWindowRect: true, strictFileInteractability: false, timeouts: {implicit: 0, pageLoad: 300000, script: 30000}, unhandledPromptBehavior: dismiss and notify, webauthn:extension:credBlob: true, webauthn:extension:largeBlob: true, webauthn:extension:minPinLength: true, webauthn:extension:prf: true, webauthn:virtualAuthenticators: true}
Session ID: 5ca820ae26a62574f9c79bed1f79907c
2025-03-28 08:50:39 [main] INFO  l.i.u.t.SubmittedApplicationsPageTest - Marking 'Taip' radio button 8
2025-03-28 08:50:49 [main] ERROR l.i.u.p.SubmittedApplicationsPage - Error selecting radio button: Expected condition failed: waiting for element to be clickable: By.xpath: (//input[@type='radio' and @value='true'])[16] (tried for 10 second(s) with 500 milliseconds interval)
Build info: version: '4.27.0', revision: 'd6e718d134'
System info: os.name: 'Windows 11', os.arch: 'amd64', os.version: '10.0', java.version: '21.0.3'
Driver info: org.openqa.selenium.chrome.ChromeDriver
Capabilities {acceptInsecureCerts: false, browserName: chrome, browserVersion: 134.0.6998.166, chrome: {chromedriverVersion: 134.0.6998.165 (fd886e2cb29..., userDataDir: C:\Users\INGRID~1.ZAD\AppDa...}, fedcm:accounts: true, goog:chromeOptions: {debuggerAddress: localhost:56843}, networkConnectionEnabled: false, pageLoadStrategy: normal, platformName: windows, proxy: Proxy(), se:cdp: ws://localhost:56843/devtoo..., se:cdpVersion: 134.0.6998.166, setWindowRect: true, strictFileInteractability: false, timeouts: {implicit: 0, pageLoad: 300000, script: 30000}, unhandledPromptBehavior: dismiss and notify, webauthn:extension:credBlob: true, webauthn:extension:largeBlob: true, webauthn:extension:minPinLength: true, webauthn:extension:prf: true, webauthn:virtualAuthenticators: true}
Session ID: 5ca820ae26a62574f9c79bed1f79907c
2025-03-28 08:50:49 [main] INFO  l.i.u.t.SubmittedApplicationsPageTest - Marking 'Taip' radio button 9
2025-03-28 08:50:59 [main] ERROR l.i.u.p.SubmittedApplicationsPage - Error selecting radio button: Expected condition failed: waiting for element to be clickable: By.xpath: (//input[@type='radio' and @value='true'])[17] (tried for 10 second(s) with 500 milliseconds interval)
Build info: version: '4.27.0', revision: 'd6e718d134'
System info: os.name: 'Windows 11', os.arch: 'amd64', os.version: '10.0', java.version: '21.0.3'
Driver info: org.openqa.selenium.chrome.ChromeDriver
Capabilities {acceptInsecureCerts: false, browserName: chrome, browserVersion: 134.0.6998.166, chrome: {chromedriverVersion: 134.0.6998.165 (fd886e2cb29..., userDataDir: C:\Users\INGRID~1.ZAD\AppDa...}, fedcm:accounts: true, goog:chromeOptions: {debuggerAddress: localhost:56843}, networkConnectionEnabled: false, pageLoadStrategy: normal, platformName: windows, proxy: Proxy(), se:cdp: ws://localhost:56843/devtoo..., se:cdpVersion: 134.0.6998.166, setWindowRect: true, strictFileInteractability: false, timeouts: {implicit: 0, pageLoad: 300000, script: 30000}, unhandledPromptBehavior: dismiss and notify, webauthn:extension:credBlob: true, webauthn:extension:largeBlob: true, webauthn:extension:minPinLength: true, webauthn:extension:prf: true, webauthn:virtualAuthenticators: true}
Session ID: 5ca820ae26a62574f9c79bed1f79907c
2025-03-28 08:50:59 [main] INFO  l.i.u.t.SubmittedApplicationsPageTest - Marking 'Taip' radio button 10
2025-03-28 08:51:09 [main] ERROR l.i.u.p.SubmittedApplicationsPage - Error selecting radio button: Expected condition failed: waiting for element to be clickable: By.xpath: (//input[@type='radio' and @value='true'])[18] (tried for 10 second(s) with 500 milliseconds interval)
Build info: version: '4.27.0', revision: 'd6e718d134'
System info: os.name: 'Windows 11', os.arch: 'amd64', os.version: '10.0', java.version: '21.0.3'
Driver info: org.openqa.selenium.chrome.ChromeDriver
Capabilities {acceptInsecureCerts: false, browserName: chrome, browserVersion: 134.0.6998.166, chrome: {chromedriverVersion: 134.0.6998.165 (fd886e2cb29..., userDataDir: C:\Users\INGRID~1.ZAD\AppDa...}, fedcm:accounts: true, goog:chromeOptions: {debuggerAddress: localhost:56843}, networkConnectionEnabled: false, pageLoadStrategy: normal, platformName: windows, proxy: Proxy(), se:cdp: ws://localhost:56843/devtoo..., se:cdpVersion: 134.0.6998.166, setWindowRect: true, strictFileInteractability: false, timeouts: {implicit: 0, pageLoad: 300000, script: 30000}, unhandledPromptBehavior: dismiss and notify, webauthn:extension:credBlob: true, webauthn:extension:largeBlob: true, webauthn:extension:minPinLength: true, webauthn:extension:prf: true, webauthn:virtualAuthenticators: true}
Session ID: 5ca820ae26a62574f9c79bed1f79907c
2025-03-28 08:51:10 [main] INFO  l.i.u.t.SubmittedApplicationsPageTest - Marking 'Taip' radio button 11
2025-03-28 08:51:20 [main] ERROR l.i.u.p.SubmittedApplicationsPage - Error selecting radio button: Expected condition failed: waiting for element to be clickable: By.xpath: (//input[@type='radio' and @value='true'])[19] (tried for 10 second(s) with 500 milliseconds interval)
Build info: version: '4.27.0', revision: 'd6e718d134'
System info: os.name: 'Windows 11', os.arch: 'amd64', os.version: '10.0', java.version: '21.0.3'
Driver info: org.openqa.selenium.chrome.ChromeDriver
Capabilities {acceptInsecureCerts: false, browserName: chrome, browserVersion: 134.0.6998.166, chrome: {chromedriverVersion: 134.0.6998.165 (fd886e2cb29..., userDataDir: C:\Users\INGRID~1.ZAD\AppDa...}, fedcm:accounts: true, goog:chromeOptions: {debuggerAddress: localhost:56843}, networkConnectionEnabled: false, pageLoadStrategy: normal, platformName: windows, proxy: Proxy(), se:cdp: ws://localhost:56843/devtoo..., se:cdpVersion: 134.0.6998.166, setWindowRect: true, strictFileInteractability: false, timeouts: {implicit: 0, pageLoad: 300000, script: 30000}, unhandledPromptBehavior: dismiss and notify, webauthn:extension:credBlob: true, webauthn:extension:largeBlob: true, webauthn:extension:minPinLength: true, webauthn:extension:prf: true, webauthn:virtualAuthenticators: true}
Session ID: 5ca820ae26a62574f9c79bed1f79907c
2025-03-28 08:51:20 [main] INFO  l.i.u.t.SubmittedApplicationsPageTest - Marking 'Taip' radio button 12
2025-03-28 08:51:30 [main] DEBUG l.i.u.t.SubmittedApplicationsPageTest - Checked 'ConfirmationStepFour'
2025-03-28 08:51:30 [main] DEBUG l.i.u.t.SubmittedApplicationsPageTest - Clicked 'Next' button after checkboxes.
2025-03-28 08:51:30 [main] INFO  l.i.u.p.SubmittedApplicationsPage - File uploaded successfully to an input element.
2025-03-28 08:51:30 [main] INFO  l.i.u.p.SubmittedApplicationsPage - File uploaded successfully to an input element.
2025-03-28 08:51:30 [main] INFO  l.i.u.p.SubmittedApplicationsPage - File uploaded successfully to an input element.
2025-03-28 08:51:30 [main] INFO  l.i.u.p.SubmittedApplicationsPage - File uploaded successfully to an input element.
2025-03-28 08:51:30 [main] INFO  l.i.u.p.SubmittedApplicationsPage - File uploaded successfully to an input element.
2025-03-28 08:51:30 [main] INFO  l.i.u.p.SubmittedApplicationsPage - File uploaded successfully to an input element.
2025-03-28 08:51:30 [main] INFO  l.i.u.p.SubmittedApplicationsPage - File uploaded successfully to an input element.
2025-03-28 08:51:30 [main] INFO  l.i.u.p.SubmittedApplicationsPage - File uploaded successfully to an input element.
2025-03-28 08:51:30 [main] INFO  l.i.u.p.SubmittedApplicationsPage - File uploaded successfully to an input element.
2025-03-28 08:51:30 [main] INFO  l.i.u.p.SubmittedApplicationsPage - File uploaded successfully to an input element.
2025-03-28 08:51:31 [main] DEBUG l.i.u.t.SubmittedApplicationsPageTest - Entered program name: 'Dokumentas 1'.
2025-03-28 08:51:31 [main] DEBUG l.i.u.t.SubmittedApplicationsPageTest - Entered program name: 'Dokumentas 2'.
2025-03-28 08:51:31 [main] DEBUG l.i.u.t.SubmittedApplicationsPageTest - Entered program name: 'Dokumentas 3'.
2025-03-28 08:51:31 [main] DEBUG l.i.u.t.SubmittedApplicationsPageTest - Entered program name: 'Dokumentas 4'.
2025-03-28 08:51:31 [main] DEBUG l.i.u.t.SubmittedApplicationsPageTest - Entered program name: 'Dokumentas 5'.
2025-03-28 08:51:31 [main] DEBUG l.i.u.t.SubmittedApplicationsPageTest - Entered program name: 'Dokumentas 6'.
2025-03-28 08:51:32 [main] DEBUG l.i.u.t.SubmittedApplicationsPageTest - Entered program name: 'Dokumentas 4'.
2025-03-28 08:51:32 [main] DEBUG l.i.u.t.SubmittedApplicationsPageTest - Entered program name: 'Dokumentas 8'.
2025-03-28 08:51:32 [main] DEBUG l.i.u.t.SubmittedApplicationsPageTest - Entered program name: 'Dokumentas 9'.
2025-03-28 08:51:32 [main] DEBUG l.i.u.t.SubmittedApplicationsPageTest - Entered program name: 'Dokumentas 10'.
2025-03-28 08:51:42 [main] DEBUG l.i.u.t.SubmittedApplicationsPageTest - Checked 'ConfirmationDocument'
2025-03-28 08:51:52 [main] DEBUG l.i.u.t.SubmittedApplicationsPageTest - Checked 'ConfirmationApplication'
2025-03-28 08:51:52 [main] DEBUG l.i.u.t.SubmittedApplicationsPageTest - Clicked 'SaveDraft' button after checkboxes.
2025-03-28 08:51:52 [main] DEBUG l.i.uztis.pages.ApplicationFormsPage - Verified success message: 'Ruošinys sėkmingai išsaugotas.'
2025-03-28 08:51:52 [main] INFO  l.i.u.t.SubmittedApplicationsPageTest - Verified success message
2025-03-28 08:51:53 [main] DEBUG l.i.u.t.SubmittedApplicationsPageTest - Clicked 'Review' button after checkboxes.
2025-03-28 08:51:55 [main] DEBUG l.i.u.t.SubmittedApplicationsPageTest - Clicked 'Submit' button after checkboxes.
2025-03-28 08:51:55 [main] DEBUG l.i.u.t.SubmittedApplicationsPageTest - Clicked 'SubmitConfirmation' button after checkboxes.
2025-03-28 08:51:55 [main] ERROR l.i.uztis.pages.ApplicationFormsPage - Failed to verify the success message: 'Paraiška sėkmingai pateikta ir užregistruota.'. Available messages: [Ruošinys sėkmingai išsaugotas.]
2025-03-28 08:51:55 [main] INFO  l.i.u.t.SubmittedApplicationsPageTest - Test 'testFillNewVUIApplicationFA' completed successfully.
2025-03-28 09:22:21 [main] INFO  lt.insoft.uztis.tests.UztisPageTest - Navigated to https://uztisdev.asseco.lt/home
2025-03-28 09:22:21 [main] INFO  l.i.u.t.SubmittedApplicationsPageTest - Starting test:'testFillNewVUIPApplicationFA'
2025-03-28 09:22:21 [main] DEBUG l.i.u.t.SubmittedApplicationsPageTest - User logged in with test credentials.
2025-03-28 09:22:22 [main] DEBUG l.i.u.t.SubmittedApplicationsPageTest - Opened 'Application Processing' menu.
2025-03-28 09:22:22 [main] DEBUG l.i.u.t.SubmittedApplicationsPageTest - Clicked on 'Application Forms' menu.
2025-03-28 09:22:22 [main] DEBUG l.i.u.t.SubmittedApplicationsPageTest - Retrieved last description code text: 'TST-VUI-75'.
2025-03-28 09:22:22 [main] DEBUG l.i.u.t.SubmittedApplicationsPageTest - Clicked on 'Invitation' menu.
2025-03-28 09:22:23 [main] DEBUG l.i.u.t.SubmittedApplicationsPageTest - Selected application section by code: 'TST-VUI-75'.
2025-03-28 09:22:24 [main] DEBUG l.i.u.t.SubmittedApplicationsPageTest - Clicked 'Search' button.
2025-03-28 09:22:24 [main] DEBUG l.i.u.t.SubmittedApplicationsPageTest - Retrieved invitation code: ''.
2025-03-28 09:22:24 [main] DEBUG l.i.u.t.SubmittedApplicationsPageTest - Clicked on 'Submitted Applications' menu.
2025-03-28 09:22:25 [main] DEBUG l.i.u.t.SubmittedApplicationsPageTest - Selected invitation by code: 'TST-VUI-75'.
2025-03-28 09:22:25 [main] DEBUG l.i.u.t.SubmittedApplicationsPageTest - Invitation code inserted.
2025-03-28 09:22:25 [main] DEBUG l.i.u.t.SubmittedApplicationsPageTest - Clicked on 'Action Application' button.
2025-03-28 09:22:26 [main] DEBUG l.i.u.t.SubmittedApplicationsPageTest - Clicked on 'New Application' button.
2025-03-28 09:22:26 [main] DEBUG l.i.u.t.SubmittedApplicationsPageTest - Selected the 'RadioButtonFA' option.
2025-03-28 09:22:26 [main] DEBUG l.i.u.t.SubmittedApplicationsPageTest - Entered phone number: '61298745'.
2025-03-28 09:22:27 [main] DEBUG l.i.u.t.SubmittedApplicationsPageTest - Entered email: 'test@autotest.com'.
2025-03-28 09:22:27 [main] INFO  l.i.u.p.SubmittedApplicationsPage - Clicking on the dropdown button.
2025-03-28 09:22:42 [main] INFO  l.i.u.p.SubmittedApplicationsPage - Found 1741 options in the dropdown.
2025-03-28 09:22:42 [main] DEBUG l.i.u.p.SubmittedApplicationsPage - Checking option: ''
2025-03-28 09:22:42 [main] DEBUG l.i.u.p.SubmittedApplicationsPage - Checking option: '01.11 - Grūdinių (išskyrus ryžius), ankštinių ir aliejingų sėklų augalų auginimas'
2025-03-28 09:22:42 [main] INFO  l.i.u.p.SubmittedApplicationsPage - Successfully selected the value: '01.11 - Grūdinių (išskyrus ryžius), ankštinių ir aliejingų sėklų augalų auginimas'
2025-03-28 09:22:42 [main] INFO  l.i.u.p.SubmittedApplicationsPage - Attempting to close the dropdown.
2025-03-28 09:22:43 [main] DEBUG l.i.u.t.SubmittedApplicationsPageTest - Selected EVRK value: '01.11 - Grūdinių (išskyrus ryžius), ankštinių ir aliejingų sėklų augalų auginimas'.
2025-03-28 09:22:43 [main] DEBUG l.i.u.t.SubmittedApplicationsPageTest - Clicked on 'Address Component' button.
2025-03-28 09:22:43 [main] INFO  l.i.u.p.SubmittedApplicationsPage - Located the dropdown button.
2025-03-28 09:22:47 [main] INFO  l.i.u.p.SubmittedApplicationsPage - Successfully selected the value: 'Lietuva'
2025-03-28 09:22:47 [main] DEBUG l.i.u.t.SubmittedApplicationsPageTest - Selected country: 'Lietuva'.
2025-03-28 09:22:47 [main] INFO  l.i.u.p.SubmittedApplicationsPage - Located the dropdown search field.
2025-03-28 09:22:47 [main] INFO  l.i.u.p.SubmittedApplicationsPage - Dropdown city is opened.
2025-03-28 09:22:48 [main] INFO  l.i.u.p.SubmittedApplicationsPage - Searched for value: 'Vilnius'
2025-03-28 09:22:49 [main] INFO  l.i.u.p.SubmittedApplicationsPage - Successfully selected: 'Vilnius'
2025-03-28 09:22:49 [main] INFO  l.i.u.p.SubmittedApplicationsPage - Located the dropdown button.
2025-03-28 09:22:50 [main] INFO  l.i.u.p.SubmittedApplicationsPage - Successfully selected the value: 'A. Domaševičiaus g.'
2025-03-28 09:22:50 [main] DEBUG l.i.u.t.SubmittedApplicationsPageTest - Selected street: 'A. Domaševičiaus g.'.
2025-03-28 09:22:50 [main] INFO  l.i.u.p.SubmittedApplicationsPage - Located the dropdown button.
2025-03-28 09:22:51 [main] INFO  l.i.u.p.SubmittedApplicationsPage - Successfully selected the value: '1'
2025-03-28 09:22:51 [main] DEBUG l.i.u.t.SubmittedApplicationsPageTest - Selected house: '1'.
2025-03-28 09:22:51 [main] INFO  l.i.u.p.SubmittedApplicationsPage - Located the dropdown button.
2025-03-28 09:22:51 [main] INFO  l.i.u.p.SubmittedApplicationsPage - Successfully selected the value: '1'
2025-03-28 09:22:51 [main] DEBUG l.i.u.t.SubmittedApplicationsPageTest - Selected apartment: '1'.
2025-03-28 09:22:52 [main] DEBUG l.i.u.t.SubmittedApplicationsPageTest - Clicked 'Confirm' button.
2025-03-28 09:22:52 [main] DEBUG l.i.u.t.SubmittedApplicationsPageTest - Entered project date.
2025-03-28 09:22:52 [main] DEBUG l.i.u.t.SubmittedApplicationsPageTest - Entered job count: '1'.
2025-03-28 09:22:52 [main] DEBUG l.i.u.t.SubmittedApplicationsPageTest - Clicked 'Next' button.
2025-03-28 09:22:52 [main] INFO  l.i.u.p.SubmittedApplicationsPage - Located the dropdown button.
2025-03-28 09:22:54 [main] INFO  l.i.u.p.SubmittedApplicationsPage - Successfully selected the value: 'Administratoriai'
2025-03-28 09:22:54 [main] DEBUG l.i.u.t.SubmittedApplicationsPageTest - Selected job name: 'Administratoriai'.
2025-03-28 09:22:54 [main] DEBUG l.i.u.t.SubmittedApplicationsPageTest - Entered job function: 'Funkcija 1'.
2025-03-28 09:22:54 [main] DEBUG l.i.u.t.SubmittedApplicationsPageTest - Selected 'RadioButtonWithDisabilities' option.
2025-03-28 09:22:54 [main] INFO  l.i.u.p.SubmittedApplicationsPage - Clicking on the dropdown button.
2025-03-28 09:22:55 [main] INFO  l.i.u.p.SubmittedApplicationsPage - Found 34 options in the dropdown.
2025-03-28 09:22:55 [main] DEBUG l.i.u.p.SubmittedApplicationsPage - Checking option: 'Asmenys, kuriems suteiktas pabėgėlio statusas ar perkeliamojo asmens statusas, arba asmenys, kuriems suteikta papildoma ar laikinoji apsauga, ir asmenys, turintys teisę gauti laikinąją apsaugą, iki sprendimo dėl laikinosios apsaugos suteikimo (nesuteikimo) priėmimo, tačiau ne ilgiau kaip laikinosios apsaugos laikotarpiu'
2025-03-28 09:22:55 [main] DEBUG l.i.u.p.SubmittedApplicationsPage - Checking option: 'Asmenys, kuriems suteiktas pabėgėlio statusas ar perkeliamojo asmens statusas, arba asmenys, kuriems suteikta papildoma ar laikinoji apsauga, ir asmenys, turintys teisę gauti laikinąją apsaugą, iki sprendimo dėl laikinosios apsaugos suteikimo (nesuteikimo) priėmimo, tačiau ne ilgiau kaip laikinosios apsaugos laikotarpiu'
2025-03-28 09:22:55 [main] DEBUG l.i.u.p.SubmittedApplicationsPage - Checking option: 'Asmenys, turintys teisę į papildomas užimtumo garantijas pagal Lietuvos Respublikos valstybės įmonės Ignalinos atominės elektrinės darbuotojų papildomų užimtumo ir socialinių garantijų įstatymą'
2025-03-28 09:22:55 [main] DEBUG l.i.u.p.SubmittedApplicationsPage - Checking option: 'Asmenys, turintys teisę į papildomas užimtumo garantijas pagal Lietuvos Respublikos valstybės įmonės Ignalinos atominės elektrinės darbuotojų papildomų užimtumo ir socialinių garantijų įstatymą'
2025-03-28 09:22:55 [main] DEBUG l.i.u.p.SubmittedApplicationsPage - Checking option: 'Bedarbiai iki 29 metų'
2025-03-28 09:22:55 [main] DEBUG l.i.u.p.SubmittedApplicationsPage - Checking option: 'Bedarbiai iki 29 metų'
2025-03-28 09:22:55 [main] DEBUG l.i.u.p.SubmittedApplicationsPage - Checking option: 'Bedarbiai, kurie yra darbingo amžiaus neįgalieji, kuriems nustatytas 30–40 procentų darbingumo lygis arba vidutinis neįgalumo lygis'
2025-03-28 09:22:55 [main] DEBUG l.i.u.p.SubmittedApplicationsPage - Checking option: 'Bedarbiai, kurie yra darbingo amžiaus neįgalieji, kuriems nustatytas 30–40 procentų darbingumo lygis arba vidutinis neįgalumo lygis'
2025-03-28 09:22:55 [main] DEBUG l.i.u.p.SubmittedApplicationsPage - Checking option: 'Bedarbiai, kurie yra darbingo amžiaus neįgalieji, kuriems nustatytas 45–55 procentų darbingumo lygis arba lengvas neįgalumo lygis'
2025-03-28 09:22:55 [main] DEBUG l.i.u.p.SubmittedApplicationsPage - Checking option: 'Bedarbiai, kurie yra darbingo amžiaus neįgalieji, kuriems nustatytas 45–55 procentų darbingumo lygis arba lengvas neįgalumo lygis'
2025-03-28 09:22:55 [main] DEBUG l.i.u.p.SubmittedApplicationsPage - Checking option: 'Bedarbiai, kurie yra darbingo amžiaus neįgalieji, kuriems nustatytas iki 25 procentų darbingumo lygis arba sunkus neįgalumo lygis'
2025-03-28 09:22:55 [main] INFO  l.i.u.p.SubmittedApplicationsPage - Successfully selected the value: 'Bedarbiai, kurie yra darbingo amžiaus neįgalieji, kuriems nustatytas iki 25 procentų darbingumo lygis arba sunkus neįgalumo lygis'
2025-03-28 09:22:55 [main] INFO  l.i.u.p.SubmittedApplicationsPage - Attempting to close the dropdown.
2025-03-28 09:22:56 [main] DEBUG l.i.u.t.SubmittedApplicationsPageTest - Selected disabilities type: 'Bedarbiai, kurie yra darbingo amžiaus neįgalieji, kuriems nustatytas iki 25 procentų darbingumo lygis arba sunkus neįgalumo lygis'.
2025-03-28 09:22:56 [main] DEBUG l.i.u.t.SubmittedApplicationsPageTest - Entered disability information: 'Negalia 1'.
2025-03-28 09:22:56 [main] INFO  l.i.u.p.SubmittedApplicationsPage - Located the dropdown button.
2025-03-28 09:22:57 [main] INFO  l.i.u.p.SubmittedApplicationsPage - Successfully selected the value: 'Kita'
2025-03-28 09:22:57 [main] DEBUG l.i.u.t.SubmittedApplicationsPageTest - Selected time mode: 'Kita'.
2025-03-28 09:22:57 [main] DEBUG l.i.u.t.SubmittedApplicationsPageTest - Selected time mode other: '6 val. per dieną ir 4 d. per savaitę'.
2025-03-28 09:22:58 [main] DEBUG l.i.u.t.SubmittedApplicationsPageTest - Entered qualification: 'Kvalifikacija 1'.
2025-03-28 09:22:58 [main] DEBUG l.i.u.t.SubmittedApplicationsPageTest - Entered job date.
2025-03-28 09:22:58 [main] DEBUG l.i.u.t.SubmittedApplicationsPageTest - Entered salary amount: '1200'.
2025-03-28 09:22:58 [main] DEBUG l.i.u.t.SubmittedApplicationsPageTest - Entered salary description: 'Užmokestis 1'.
2025-03-28 09:22:58 [main] DEBUG l.i.u.t.SubmittedApplicationsPageTest - Selected 'Temporary Job' radio button.
2025-03-28 09:22:58 [main] DEBUG l.i.u.t.SubmittedApplicationsPageTest - Selected 'Season Job' radio button.
2025-03-28 09:22:59 [main] DEBUG l.i.u.t.SubmittedApplicationsPageTest - Selected 'Energy' radio button.
2025-03-28 09:22:59 [main] DEBUG l.i.u.t.SubmittedApplicationsPageTest - Selected 'Repair' radio button.
2025-03-28 09:22:59 [main] DEBUG l.i.u.t.SubmittedApplicationsPageTest - Entered job description: 'Veikla 1'.
2025-03-28 09:22:59 [main] DEBUG l.i.u.t.SubmittedApplicationsPageTest - Entered process description: 'Procesas 1'.
2025-03-28 09:22:59 [main] DEBUG l.i.u.t.SubmittedApplicationsPageTest - Entered energy information: 'Energija 1'.
2025-03-28 09:22:59 [main] DEBUG l.i.u.t.SubmittedApplicationsPageTest - Entered repair information: 'Remontas 1'.
2025-03-28 09:23:00 [main] DEBUG l.i.u.t.SubmittedApplicationsPageTest - Selected 'PVM' radio button.
2025-03-28 09:23:00 [main] INFO  l.i.u.p.SubmittedApplicationsPage - Located the dropdown button.
2025-03-28 09:23:00 [main] INFO  l.i.u.p.SubmittedApplicationsPage - Successfully selected the value: 'Įsigyti'
2025-03-28 09:23:00 [main] DEBUG l.i.u.t.SubmittedApplicationsPageTest - Selected necessary for job: 'Įsigyti'.
2025-03-28 09:23:01 [main] DEBUG l.i.u.t.SubmittedApplicationsPageTest - Selected tool: 'Darbo priemonė 1'.
2025-03-28 09:23:01 [main] DEBUG l.i.u.t.SubmittedApplicationsPageTest - Selected tool parameter one: 'Darbo priemonės 1 parametras 1'.
2025-03-28 09:23:01 [main] DEBUG l.i.u.t.SubmittedApplicationsPageTest - Selected tool parameter two: 'Darbo priemonės 1 parametras 2'.
2025-03-28 09:23:01 [main] DEBUG l.i.u.t.SubmittedApplicationsPageTest - Selected tool parameter three: 'Darbo priemonės 1 parametras 3'.
2025-03-28 09:23:02 [main] DEBUG l.i.u.t.SubmittedApplicationsPageTest - Entered tool count: '1'.
2025-03-28 09:23:02 [main] DEBUG l.i.u.t.SubmittedApplicationsPageTest - Entered price amount 1: '1000'.
2025-03-28 09:23:04 [main] DEBUG l.i.u.t.SubmittedApplicationsPageTest - Entered own funds amount 1: '800'.
2025-03-28 09:23:06 [main] DEBUG l.i.u.t.SubmittedApplicationsPageTest - Clicked 'Add' button.
2025-03-28 09:23:06 [main] INFO  l.i.u.p.SubmittedApplicationsPage - Located the dropdown button.
2025-03-28 09:23:07 [main] INFO  l.i.u.p.SubmittedApplicationsPage - Successfully selected the value: 'Remontuoti'
2025-03-28 09:23:07 [main] DEBUG l.i.u.t.SubmittedApplicationsPageTest - Selected necessary for job 'to repair': 'Remontuoti'.
2025-03-28 09:23:07 [main] DEBUG l.i.u.t.SubmittedApplicationsPageTest - Selected repair name: 'Remonto pavadinimas 1'.
2025-03-28 09:23:08 [main] DEBUG l.i.u.t.SubmittedApplicationsPageTest - Entered repair information: 'Remonto aprašymas 1'.
2025-03-28 09:23:08 [main] DEBUG l.i.u.t.SubmittedApplicationsPageTest - Entered price amount 2: '1000'.
2025-03-28 09:23:10 [main] DEBUG l.i.u.t.SubmittedApplicationsPageTest - Entered own funds amount 2: '900'.
2025-03-28 09:23:12 [main] DEBUG l.i.u.t.SubmittedApplicationsPageTest - Forced value update: '100'
2025-03-28 09:23:12 [main] DEBUG l.i.u.t.SubmittedApplicationsPageTest - Entered country percentage: '50'.
2025-03-28 09:23:12 [main] DEBUG l.i.u.t.SubmittedApplicationsPageTest - Entered institution percentage: '50'.
2025-03-28 09:23:13 [main] DEBUG l.i.u.t.SubmittedApplicationsPageTest - Entered municipality percentage: '50'.
2025-03-28 09:23:13 [main] DEBUG l.i.u.t.SubmittedApplicationsPageTest - Selected 'De Minimis' radio button.
2025-03-28 09:23:13 [main] DEBUG l.i.u.t.SubmittedApplicationsPageTest - Entered program name: 'Programa 1'.
2025-03-28 09:23:13 [main] DEBUG l.i.u.t.SubmittedApplicationsPageTest - Entered project date from.
2025-03-28 09:23:13 [main] DEBUG l.i.u.t.SubmittedApplicationsPageTest - Entered project date until.
2025-03-28 09:23:14 [main] DEBUG l.i.u.t.SubmittedApplicationsPageTest - Entered support amount: '2000'.
2025-03-28 09:23:14 [main] DEBUG l.i.u.t.SubmittedApplicationsPageTest - Clicked 'Next' button.
2025-03-28 09:23:24 [main] DEBUG l.i.u.t.SubmittedApplicationsPageTest - Checked 'Legal Entities' checkbox 1.
2025-03-28 09:23:34 [main] DEBUG l.i.u.t.SubmittedApplicationsPageTest - Checked 'Legal Entities' checkbox 2.
2025-03-28 09:23:44 [main] DEBUG l.i.u.t.SubmittedApplicationsPageTest - Checked 'Legal Entities' checkbox 3.
2025-03-28 09:23:44 [main] DEBUG l.i.u.t.SubmittedApplicationsPageTest - Test finished: All 'Legal Entities' checkboxes checked successfully.
2025-03-28 09:23:44 [main] DEBUG l.i.u.t.SubmittedApplicationsPageTest - Clicked 'Next' button after checkboxes.
2025-03-28 09:23:54 [main] ERROR l.i.u.p.SubmittedApplicationsPage - Error selecting radio button: Expected condition failed: waiting for element to be clickable: By.xpath: (//input[@type='radio' and @value='false'])[8] (tried for 10 second(s) with 500 milliseconds interval)
Build info: version: '4.27.0', revision: 'd6e718d134'
System info: os.name: 'Windows 11', os.arch: 'amd64', os.version: '10.0', java.version: '21.0.3'
Driver info: org.openqa.selenium.chrome.ChromeDriver
Capabilities {acceptInsecureCerts: false, browserName: chrome, browserVersion: 134.0.6998.166, chrome: {chromedriverVersion: 134.0.6998.165 (fd886e2cb29..., userDataDir: C:\Users\INGRID~1.ZAD\AppDa...}, fedcm:accounts: true, goog:chromeOptions: {debuggerAddress: localhost:58062}, networkConnectionEnabled: false, pageLoadStrategy: normal, platformName: windows, proxy: Proxy(), se:cdp: ws://localhost:58062/devtoo..., se:cdpVersion: 134.0.6998.166, setWindowRect: true, strictFileInteractability: false, timeouts: {implicit: 0, pageLoad: 300000, script: 30000}, unhandledPromptBehavior: dismiss and notify, webauthn:extension:credBlob: true, webauthn:extension:largeBlob: true, webauthn:extension:minPinLength: true, webauthn:extension:prf: true, webauthn:virtualAuthenticators: true}
Session ID: 97166b66cf92cb2e64668dab70662143
2025-03-28 09:23:54 [main] INFO  l.i.u.t.SubmittedApplicationsPageTest - Marking 'Ne' radio button 1
2025-03-28 09:24:04 [main] ERROR l.i.u.p.SubmittedApplicationsPage - Error selecting radio button: Expected condition failed: waiting for element to be clickable: By.xpath: (//input[@type='radio' and @value='false'])[9] (tried for 10 second(s) with 500 milliseconds interval)
Build info: version: '4.27.0', revision: 'd6e718d134'
System info: os.name: 'Windows 11', os.arch: 'amd64', os.version: '10.0', java.version: '21.0.3'
Driver info: org.openqa.selenium.chrome.ChromeDriver
Capabilities {acceptInsecureCerts: false, browserName: chrome, browserVersion: 134.0.6998.166, chrome: {chromedriverVersion: 134.0.6998.165 (fd886e2cb29..., userDataDir: C:\Users\INGRID~1.ZAD\AppDa...}, fedcm:accounts: true, goog:chromeOptions: {debuggerAddress: localhost:58062}, networkConnectionEnabled: false, pageLoadStrategy: normal, platformName: windows, proxy: Proxy(), se:cdp: ws://localhost:58062/devtoo..., se:cdpVersion: 134.0.6998.166, setWindowRect: true, strictFileInteractability: false, timeouts: {implicit: 0, pageLoad: 300000, script: 30000}, unhandledPromptBehavior: dismiss and notify, webauthn:extension:credBlob: true, webauthn:extension:largeBlob: true, webauthn:extension:minPinLength: true, webauthn:extension:prf: true, webauthn:virtualAuthenticators: true}
Session ID: 97166b66cf92cb2e64668dab70662143
2025-03-28 09:24:04 [main] INFO  l.i.u.t.SubmittedApplicationsPageTest - Marking 'Ne' radio button 2
2025-03-28 09:24:14 [main] ERROR l.i.u.p.SubmittedApplicationsPage - Error selecting radio button: Expected condition failed: waiting for element to be clickable: By.xpath: (//input[@type='radio' and @value='false'])[10] (tried for 10 second(s) with 500 milliseconds interval)
Build info: version: '4.27.0', revision: 'd6e718d134'
System info: os.name: 'Windows 11', os.arch: 'amd64', os.version: '10.0', java.version: '21.0.3'
Driver info: org.openqa.selenium.chrome.ChromeDriver
Capabilities {acceptInsecureCerts: false, browserName: chrome, browserVersion: 134.0.6998.166, chrome: {chromedriverVersion: 134.0.6998.165 (fd886e2cb29..., userDataDir: C:\Users\INGRID~1.ZAD\AppDa...}, fedcm:accounts: true, goog:chromeOptions: {debuggerAddress: localhost:58062}, networkConnectionEnabled: false, pageLoadStrategy: normal, platformName: windows, proxy: Proxy(), se:cdp: ws://localhost:58062/devtoo..., se:cdpVersion: 134.0.6998.166, setWindowRect: true, strictFileInteractability: false, timeouts: {implicit: 0, pageLoad: 300000, script: 30000}, unhandledPromptBehavior: dismiss and notify, webauthn:extension:credBlob: true, webauthn:extension:largeBlob: true, webauthn:extension:minPinLength: true, webauthn:extension:prf: true, webauthn:virtualAuthenticators: true}
Session ID: 97166b66cf92cb2e64668dab70662143
2025-03-28 09:24:14 [main] INFO  l.i.u.t.SubmittedApplicationsPageTest - Marking 'Ne' radio button 3
2025-03-28 09:24:24 [main] ERROR l.i.u.p.SubmittedApplicationsPage - Error selecting radio button: Expected condition failed: waiting for element to be clickable: By.xpath: (//input[@type='radio' and @value='false'])[11] (tried for 10 second(s) with 500 milliseconds interval)
Build info: version: '4.27.0', revision: 'd6e718d134'
System info: os.name: 'Windows 11', os.arch: 'amd64', os.version: '10.0', java.version: '21.0.3'
Driver info: org.openqa.selenium.chrome.ChromeDriver
Capabilities {acceptInsecureCerts: false, browserName: chrome, browserVersion: 134.0.6998.166, chrome: {chromedriverVersion: 134.0.6998.165 (fd886e2cb29..., userDataDir: C:\Users\INGRID~1.ZAD\AppDa...}, fedcm:accounts: true, goog:chromeOptions: {debuggerAddress: localhost:58062}, networkConnectionEnabled: false, pageLoadStrategy: normal, platformName: windows, proxy: Proxy(), se:cdp: ws://localhost:58062/devtoo..., se:cdpVersion: 134.0.6998.166, setWindowRect: true, strictFileInteractability: false, timeouts: {implicit: 0, pageLoad: 300000, script: 30000}, unhandledPromptBehavior: dismiss and notify, webauthn:extension:credBlob: true, webauthn:extension:largeBlob: true, webauthn:extension:minPinLength: true, webauthn:extension:prf: true, webauthn:virtualAuthenticators: true}
Session ID: 97166b66cf92cb2e64668dab70662143
2025-03-28 09:24:24 [main] INFO  l.i.u.t.SubmittedApplicationsPageTest - Marking 'Ne' radio button 4
2025-03-28 09:24:35 [main] ERROR l.i.u.p.SubmittedApplicationsPage - Error selecting radio button: Expected condition failed: waiting for element to be clickable: By.xpath: (//input[@type='radio' and @value='false'])[12] (tried for 10 second(s) with 500 milliseconds interval)
Build info: version: '4.27.0', revision: 'd6e718d134'
System info: os.name: 'Windows 11', os.arch: 'amd64', os.version: '10.0', java.version: '21.0.3'
Driver info: org.openqa.selenium.chrome.ChromeDriver
Capabilities {acceptInsecureCerts: false, browserName: chrome, browserVersion: 134.0.6998.166, chrome: {chromedriverVersion: 134.0.6998.165 (fd886e2cb29..., userDataDir: C:\Users\INGRID~1.ZAD\AppDa...}, fedcm:accounts: true, goog:chromeOptions: {debuggerAddress: localhost:58062}, networkConnectionEnabled: false, pageLoadStrategy: normal, platformName: windows, proxy: Proxy(), se:cdp: ws://localhost:58062/devtoo..., se:cdpVersion: 134.0.6998.166, setWindowRect: true, strictFileInteractability: false, timeouts: {implicit: 0, pageLoad: 300000, script: 30000}, unhandledPromptBehavior: dismiss and notify, webauthn:extension:credBlob: true, webauthn:extension:largeBlob: true, webauthn:extension:minPinLength: true, webauthn:extension:prf: true, webauthn:virtualAuthenticators: true}
Session ID: 97166b66cf92cb2e64668dab70662143
2025-03-28 09:24:35 [main] INFO  l.i.u.t.SubmittedApplicationsPageTest - Marking 'Ne' radio button 5
2025-03-28 09:24:45 [main] ERROR l.i.u.p.SubmittedApplicationsPage - Error selecting radio button: Expected condition failed: waiting for element to be clickable: By.xpath: (//input[@type='radio' and @value='false'])[13] (tried for 10 second(s) with 500 milliseconds interval)
Build info: version: '4.27.0', revision: 'd6e718d134'
System info: os.name: 'Windows 11', os.arch: 'amd64', os.version: '10.0', java.version: '21.0.3'
Driver info: org.openqa.selenium.chrome.ChromeDriver
Capabilities {acceptInsecureCerts: false, browserName: chrome, browserVersion: 134.0.6998.166, chrome: {chromedriverVersion: 134.0.6998.165 (fd886e2cb29..., userDataDir: C:\Users\INGRID~1.ZAD\AppDa...}, fedcm:accounts: true, goog:chromeOptions: {debuggerAddress: localhost:58062}, networkConnectionEnabled: false, pageLoadStrategy: normal, platformName: windows, proxy: Proxy(), se:cdp: ws://localhost:58062/devtoo..., se:cdpVersion: 134.0.6998.166, setWindowRect: true, strictFileInteractability: false, timeouts: {implicit: 0, pageLoad: 300000, script: 30000}, unhandledPromptBehavior: dismiss and notify, webauthn:extension:credBlob: true, webauthn:extension:largeBlob: true, webauthn:extension:minPinLength: true, webauthn:extension:prf: true, webauthn:virtualAuthenticators: true}
Session ID: 97166b66cf92cb2e64668dab70662143
2025-03-28 09:24:45 [main] INFO  l.i.u.t.SubmittedApplicationsPageTest - Marking 'Ne' radio button 6
2025-03-28 09:24:55 [main] ERROR l.i.u.p.SubmittedApplicationsPage - Error selecting radio button: Expected condition failed: waiting for element to be clickable: By.xpath: (//input[@type='radio' and @value='true'])[14] (tried for 10 second(s) with 500 milliseconds interval)
Build info: version: '4.27.0', revision: 'd6e718d134'
System info: os.name: 'Windows 11', os.arch: 'amd64', os.version: '10.0', java.version: '21.0.3'
Driver info: org.openqa.selenium.chrome.ChromeDriver
Capabilities {acceptInsecureCerts: false, browserName: chrome, browserVersion: 134.0.6998.166, chrome: {chromedriverVersion: 134.0.6998.165 (fd886e2cb29..., userDataDir: C:\Users\INGRID~1.ZAD\AppDa...}, fedcm:accounts: true, goog:chromeOptions: {debuggerAddress: localhost:58062}, networkConnectionEnabled: false, pageLoadStrategy: normal, platformName: windows, proxy: Proxy(), se:cdp: ws://localhost:58062/devtoo..., se:cdpVersion: 134.0.6998.166, setWindowRect: true, strictFileInteractability: false, timeouts: {implicit: 0, pageLoad: 300000, script: 30000}, unhandledPromptBehavior: dismiss and notify, webauthn:extension:credBlob: true, webauthn:extension:largeBlob: true, webauthn:extension:minPinLength: true, webauthn:extension:prf: true, webauthn:virtualAuthenticators: true}
Session ID: 97166b66cf92cb2e64668dab70662143
2025-03-28 09:24:55 [main] INFO  l.i.u.t.SubmittedApplicationsPageTest - Marking 'Taip' radio button 7
2025-03-28 09:25:05 [main] ERROR l.i.u.p.SubmittedApplicationsPage - Error selecting radio button: Expected condition failed: waiting for element to be clickable: By.xpath: (//input[@type='radio' and @value='true'])[15] (tried for 10 second(s) with 500 milliseconds interval)
Build info: version: '4.27.0', revision: 'd6e718d134'
System info: os.name: 'Windows 11', os.arch: 'amd64', os.version: '10.0', java.version: '21.0.3'
Driver info: org.openqa.selenium.chrome.ChromeDriver
Capabilities {acceptInsecureCerts: false, browserName: chrome, browserVersion: 134.0.6998.166, chrome: {chromedriverVersion: 134.0.6998.165 (fd886e2cb29..., userDataDir: C:\Users\INGRID~1.ZAD\AppDa...}, fedcm:accounts: true, goog:chromeOptions: {debuggerAddress: localhost:58062}, networkConnectionEnabled: false, pageLoadStrategy: normal, platformName: windows, proxy: Proxy(), se:cdp: ws://localhost:58062/devtoo..., se:cdpVersion: 134.0.6998.166, setWindowRect: true, strictFileInteractability: false, timeouts: {implicit: 0, pageLoad: 300000, script: 30000}, unhandledPromptBehavior: dismiss and notify, webauthn:extension:credBlob: true, webauthn:extension:largeBlob: true, webauthn:extension:minPinLength: true, webauthn:extension:prf: true, webauthn:virtualAuthenticators: true}
Session ID: 97166b66cf92cb2e64668dab70662143
2025-03-28 09:25:05 [main] INFO  l.i.u.t.SubmittedApplicationsPageTest - Marking 'Taip' radio button 8
2025-03-28 09:25:15 [main] ERROR l.i.u.p.SubmittedApplicationsPage - Error selecting radio button: Expected condition failed: waiting for element to be clickable: By.xpath: (//input[@type='radio' and @value='true'])[16] (tried for 10 second(s) with 500 milliseconds interval)
Build info: version: '4.27.0', revision: 'd6e718d134'
System info: os.name: 'Windows 11', os.arch: 'amd64', os.version: '10.0', java.version: '21.0.3'
Driver info: org.openqa.selenium.chrome.ChromeDriver
Capabilities {acceptInsecureCerts: false, browserName: chrome, browserVersion: 134.0.6998.166, chrome: {chromedriverVersion: 134.0.6998.165 (fd886e2cb29..., userDataDir: C:\Users\INGRID~1.ZAD\AppDa...}, fedcm:accounts: true, goog:chromeOptions: {debuggerAddress: localhost:58062}, networkConnectionEnabled: false, pageLoadStrategy: normal, platformName: windows, proxy: Proxy(), se:cdp: ws://localhost:58062/devtoo..., se:cdpVersion: 134.0.6998.166, setWindowRect: true, strictFileInteractability: false, timeouts: {implicit: 0, pageLoad: 300000, script: 30000}, unhandledPromptBehavior: dismiss and notify, webauthn:extension:credBlob: true, webauthn:extension:largeBlob: true, webauthn:extension:minPinLength: true, webauthn:extension:prf: true, webauthn:virtualAuthenticators: true}
Session ID: 97166b66cf92cb2e64668dab70662143
2025-03-28 09:25:15 [main] INFO  l.i.u.t.SubmittedApplicationsPageTest - Marking 'Taip' radio button 9
2025-03-28 09:25:25 [main] ERROR l.i.u.p.SubmittedApplicationsPage - Error selecting radio button: Expected condition failed: waiting for element to be clickable: By.xpath: (//input[@type='radio' and @value='true'])[17] (tried for 10 second(s) with 500 milliseconds interval)
Build info: version: '4.27.0', revision: 'd6e718d134'
System info: os.name: 'Windows 11', os.arch: 'amd64', os.version: '10.0', java.version: '21.0.3'
Driver info: org.openqa.selenium.chrome.ChromeDriver
Capabilities {acceptInsecureCerts: false, browserName: chrome, browserVersion: 134.0.6998.166, chrome: {chromedriverVersion: 134.0.6998.165 (fd886e2cb29..., userDataDir: C:\Users\INGRID~1.ZAD\AppDa...}, fedcm:accounts: true, goog:chromeOptions: {debuggerAddress: localhost:58062}, networkConnectionEnabled: false, pageLoadStrategy: normal, platformName: windows, proxy: Proxy(), se:cdp: ws://localhost:58062/devtoo..., se:cdpVersion: 134.0.6998.166, setWindowRect: true, strictFileInteractability: false, timeouts: {implicit: 0, pageLoad: 300000, script: 30000}, unhandledPromptBehavior: dismiss and notify, webauthn:extension:credBlob: true, webauthn:extension:largeBlob: true, webauthn:extension:minPinLength: true, webauthn:extension:prf: true, webauthn:virtualAuthenticators: true}
Session ID: 97166b66cf92cb2e64668dab70662143
2025-03-28 09:25:25 [main] INFO  l.i.u.t.SubmittedApplicationsPageTest - Marking 'Taip' radio button 10
2025-03-28 09:25:35 [main] ERROR l.i.u.p.SubmittedApplicationsPage - Error selecting radio button: Expected condition failed: waiting for element to be clickable: By.xpath: (//input[@type='radio' and @value='true'])[18] (tried for 10 second(s) with 500 milliseconds interval)
Build info: version: '4.27.0', revision: 'd6e718d134'
System info: os.name: 'Windows 11', os.arch: 'amd64', os.version: '10.0', java.version: '21.0.3'
Driver info: org.openqa.selenium.chrome.ChromeDriver
Capabilities {acceptInsecureCerts: false, browserName: chrome, browserVersion: 134.0.6998.166, chrome: {chromedriverVersion: 134.0.6998.165 (fd886e2cb29..., userDataDir: C:\Users\INGRID~1.ZAD\AppDa...}, fedcm:accounts: true, goog:chromeOptions: {debuggerAddress: localhost:58062}, networkConnectionEnabled: false, pageLoadStrategy: normal, platformName: windows, proxy: Proxy(), se:cdp: ws://localhost:58062/devtoo..., se:cdpVersion: 134.0.6998.166, setWindowRect: true, strictFileInteractability: false, timeouts: {implicit: 0, pageLoad: 300000, script: 30000}, unhandledPromptBehavior: dismiss and notify, webauthn:extension:credBlob: true, webauthn:extension:largeBlob: true, webauthn:extension:minPinLength: true, webauthn:extension:prf: true, webauthn:virtualAuthenticators: true}
Session ID: 97166b66cf92cb2e64668dab70662143
2025-03-28 09:25:35 [main] INFO  l.i.u.t.SubmittedApplicationsPageTest - Marking 'Taip' radio button 11
2025-03-28 09:25:45 [main] ERROR l.i.u.p.SubmittedApplicationsPage - Error selecting radio button: Expected condition failed: waiting for element to be clickable: By.xpath: (//input[@type='radio' and @value='true'])[19] (tried for 10 second(s) with 500 milliseconds interval)
Build info: version: '4.27.0', revision: 'd6e718d134'
System info: os.name: 'Windows 11', os.arch: 'amd64', os.version: '10.0', java.version: '21.0.3'
Driver info: org.openqa.selenium.chrome.ChromeDriver
Capabilities {acceptInsecureCerts: false, browserName: chrome, browserVersion: 134.0.6998.166, chrome: {chromedriverVersion: 134.0.6998.165 (fd886e2cb29..., userDataDir: C:\Users\INGRID~1.ZAD\AppDa...}, fedcm:accounts: true, goog:chromeOptions: {debuggerAddress: localhost:58062}, networkConnectionEnabled: false, pageLoadStrategy: normal, platformName: windows, proxy: Proxy(), se:cdp: ws://localhost:58062/devtoo..., se:cdpVersion: 134.0.6998.166, setWindowRect: true, strictFileInteractability: false, timeouts: {implicit: 0, pageLoad: 300000, script: 30000}, unhandledPromptBehavior: dismiss and notify, webauthn:extension:credBlob: true, webauthn:extension:largeBlob: true, webauthn:extension:minPinLength: true, webauthn:extension:prf: true, webauthn:virtualAuthenticators: true}
Session ID: 97166b66cf92cb2e64668dab70662143
2025-03-28 09:25:45 [main] INFO  l.i.u.t.SubmittedApplicationsPageTest - Marking 'Taip' radio button 12
2025-03-28 09:25:55 [main] DEBUG l.i.u.t.SubmittedApplicationsPageTest - Checked 'ConfirmationStepFour'
2025-03-28 09:25:55 [main] DEBUG l.i.u.t.SubmittedApplicationsPageTest - Clicked 'Next' button after checkboxes.
2025-03-28 09:25:55 [main] INFO  l.i.u.p.SubmittedApplicationsPage - File uploaded successfully to an input element.
2025-03-28 09:25:56 [main] INFO  l.i.u.p.SubmittedApplicationsPage - File uploaded successfully to an input element.
2025-03-28 09:25:56 [main] INFO  l.i.u.p.SubmittedApplicationsPage - File uploaded successfully to an input element.
2025-03-28 09:25:56 [main] INFO  l.i.u.p.SubmittedApplicationsPage - File uploaded successfully to an input element.
2025-03-28 09:25:56 [main] INFO  l.i.u.p.SubmittedApplicationsPage - File uploaded successfully to an input element.
2025-03-28 09:25:56 [main] INFO  l.i.u.p.SubmittedApplicationsPage - File uploaded successfully to an input element.
2025-03-28 09:25:56 [main] INFO  l.i.u.p.SubmittedApplicationsPage - File uploaded successfully to an input element.
2025-03-28 09:25:56 [main] INFO  l.i.u.p.SubmittedApplicationsPage - File uploaded successfully to an input element.
2025-03-28 09:25:56 [main] INFO  l.i.u.p.SubmittedApplicationsPage - File uploaded successfully to an input element.
2025-03-28 09:25:56 [main] INFO  l.i.u.p.SubmittedApplicationsPage - File uploaded successfully to an input element.
2025-03-28 09:25:56 [main] DEBUG l.i.u.t.SubmittedApplicationsPageTest - Entered program name: 'Dokumentas 1'.
2025-03-28 09:25:56 [main] DEBUG l.i.u.t.SubmittedApplicationsPageTest - Entered program name: 'Dokumentas 2'.
2025-03-28 09:25:56 [main] DEBUG l.i.u.t.SubmittedApplicationsPageTest - Entered program name: 'Dokumentas 3'.
2025-03-28 09:25:57 [main] DEBUG l.i.u.t.SubmittedApplicationsPageTest - Entered program name: 'Dokumentas 4'.
2025-03-28 09:25:57 [main] DEBUG l.i.u.t.SubmittedApplicationsPageTest - Entered program name: 'Dokumentas 5'.
2025-03-28 09:25:57 [main] DEBUG l.i.u.t.SubmittedApplicationsPageTest - Entered program name: 'Dokumentas 6'.
2025-03-28 09:25:57 [main] DEBUG l.i.u.t.SubmittedApplicationsPageTest - Entered program name: 'Dokumentas 4'.
2025-03-28 09:25:57 [main] DEBUG l.i.u.t.SubmittedApplicationsPageTest - Entered program name: 'Dokumentas 8'.
2025-03-28 09:25:57 [main] DEBUG l.i.u.t.SubmittedApplicationsPageTest - Entered program name: 'Dokumentas 9'.
2025-03-28 09:25:57 [main] DEBUG l.i.u.t.SubmittedApplicationsPageTest - Entered program name: 'Dokumentas 10'.
2025-03-28 09:26:08 [main] DEBUG l.i.u.t.SubmittedApplicationsPageTest - Checked 'ConfirmationDocument'
2025-03-28 09:26:18 [main] DEBUG l.i.u.t.SubmittedApplicationsPageTest - Checked 'ConfirmationApplication'
2025-03-28 09:26:18 [main] DEBUG l.i.u.t.SubmittedApplicationsPageTest - Clicked 'SaveDraft' button after checkboxes.
2025-03-28 09:26:18 [main] DEBUG l.i.uztis.pages.ApplicationFormsPage - Verified success message: 'Ruošinys sėkmingai išsaugotas.'
2025-03-28 09:26:18 [main] INFO  l.i.u.t.SubmittedApplicationsPageTest - Verified success message
2025-03-28 09:26:18 [main] DEBUG l.i.u.t.SubmittedApplicationsPageTest - Clicked 'Review' button after checkboxes.
2025-03-28 09:26:20 [main] DEBUG l.i.u.t.SubmittedApplicationsPageTest - Clicked 'Submit' button after checkboxes.
2025-03-28 09:26:20 [main] DEBUG l.i.u.t.SubmittedApplicationsPageTest - Clicked 'SubmitConfirmation' button after checkboxes.
2025-03-28 09:26:20 [main] ERROR l.i.uztis.pages.ApplicationFormsPage - Failed to verify the success message: 'Paraiška sėkmingai pateikta ir užregistruota.'. Available messages: [Ruošinys sėkmingai išsaugotas.]
2025-03-28 09:26:20 [main] INFO  l.i.u.t.SubmittedApplicationsPageTest - Test 'testFillNewVUIApplicationFA' completed successfully.
2025-03-28 10:01:13 [main] INFO  lt.insoft.uztis.tests.UztisPageTest - Navigated to https://uztisdev.asseco.lt/home
2025-03-28 10:01:13 [main] INFO  l.i.u.t.SubmittedApplicationsPageTest - Starting test:'testFillNewVUIPApplicationFA'
2025-03-28 10:01:14 [main] DEBUG l.i.u.t.SubmittedApplicationsPageTest - User logged in with test credentials.
2025-03-28 10:01:14 [main] DEBUG l.i.u.t.SubmittedApplicationsPageTest - Opened 'Application Processing' menu.
2025-03-28 10:01:14 [main] DEBUG l.i.u.t.SubmittedApplicationsPageTest - Clicked on 'Application Forms' menu.
2025-03-28 10:01:15 [main] DEBUG l.i.u.t.SubmittedApplicationsPageTest - Retrieved last description code text: 'TST-VUI-75'.
2025-03-28 10:01:15 [main] DEBUG l.i.u.t.SubmittedApplicationsPageTest - Clicked on 'Invitation' menu.
2025-03-28 10:01:17 [main] DEBUG l.i.u.t.SubmittedApplicationsPageTest - Selected application section by code: 'TST-VUI-75'.
2025-03-28 10:01:17 [main] DEBUG l.i.u.t.SubmittedApplicationsPageTest - Clicked 'Search' button.
2025-03-28 10:01:17 [main] DEBUG l.i.u.t.SubmittedApplicationsPageTest - Retrieved invitation code: ''.
2025-03-28 10:01:17 [main] DEBUG l.i.u.t.SubmittedApplicationsPageTest - Clicked on 'Submitted Applications' menu.
2025-03-28 10:01:19 [main] DEBUG l.i.u.t.SubmittedApplicationsPageTest - Selected invitation by code: 'TST-VUI-75'.
2025-03-28 10:01:19 [main] DEBUG l.i.u.t.SubmittedApplicationsPageTest - Invitation code inserted.
2025-03-28 10:01:19 [main] DEBUG l.i.u.t.SubmittedApplicationsPageTest - Clicked on 'Action Application' button.
2025-03-28 10:01:19 [main] DEBUG l.i.u.t.SubmittedApplicationsPageTest - Clicked on 'New Application' button.
2025-03-28 10:01:20 [main] DEBUG l.i.u.t.SubmittedApplicationsPageTest - Selected the 'RadioButtonFA' option.
2025-03-28 10:01:20 [main] DEBUG l.i.u.t.SubmittedApplicationsPageTest - Entered phone number: '61298745'.
2025-03-28 10:01:20 [main] DEBUG l.i.u.t.SubmittedApplicationsPageTest - Entered email: 'test@autotest.com'.
2025-03-28 10:01:20 [main] INFO  l.i.u.p.SubmittedApplicationsPage - Clicking on the dropdown button.
2025-03-28 10:01:34 [main] INFO  l.i.u.p.SubmittedApplicationsPage - Found 1741 options in the dropdown.
2025-03-28 10:01:34 [main] DEBUG l.i.u.p.SubmittedApplicationsPage - Checking option: ''
2025-03-28 10:01:34 [main] DEBUG l.i.u.p.SubmittedApplicationsPage - Checking option: '01.11 - Grūdinių (išskyrus ryžius), ankštinių ir aliejingų sėklų augalų auginimas'
2025-03-28 10:01:35 [main] INFO  l.i.u.p.SubmittedApplicationsPage - Successfully selected the value: '01.11 - Grūdinių (išskyrus ryžius), ankštinių ir aliejingų sėklų augalų auginimas'
2025-03-28 10:01:35 [main] INFO  l.i.u.p.SubmittedApplicationsPage - Attempting to close the dropdown.
2025-03-28 10:01:35 [main] DEBUG l.i.u.t.SubmittedApplicationsPageTest - Selected EVRK value: '01.11 - Grūdinių (išskyrus ryžius), ankštinių ir aliejingų sėklų augalų auginimas'.
2025-03-28 10:01:35 [main] DEBUG l.i.u.t.SubmittedApplicationsPageTest - Clicked on 'Address Component' button.
2025-03-28 10:01:35 [main] INFO  l.i.u.p.SubmittedApplicationsPage - Located the dropdown button.
2025-03-28 10:01:40 [main] INFO  l.i.u.p.SubmittedApplicationsPage - Successfully selected the value: 'Lietuva'
2025-03-28 10:01:40 [main] DEBUG l.i.u.t.SubmittedApplicationsPageTest - Selected country: 'Lietuva'.
2025-03-28 10:01:40 [main] INFO  l.i.u.p.SubmittedApplicationsPage - Located the dropdown search field.
2025-03-28 10:01:40 [main] INFO  l.i.u.p.SubmittedApplicationsPage - Dropdown city is opened.
2025-03-28 10:01:41 [main] INFO  l.i.u.p.SubmittedApplicationsPage - Searched for value: 'Vilnius'
2025-03-28 10:01:42 [main] INFO  l.i.u.p.SubmittedApplicationsPage - Successfully selected: 'Vilnius'
2025-03-28 10:01:42 [main] INFO  l.i.u.p.SubmittedApplicationsPage - Located the dropdown button.
2025-03-28 10:01:43 [main] INFO  l.i.u.p.SubmittedApplicationsPage - Successfully selected the value: 'A. Domaševičiaus g.'
2025-03-28 10:01:43 [main] DEBUG l.i.u.t.SubmittedApplicationsPageTest - Selected street: 'A. Domaševičiaus g.'.
2025-03-28 10:01:43 [main] INFO  l.i.u.p.SubmittedApplicationsPage - Located the dropdown button.
2025-03-28 10:01:43 [main] INFO  l.i.u.p.SubmittedApplicationsPage - Successfully selected the value: '1'
2025-03-28 10:01:43 [main] DEBUG l.i.u.t.SubmittedApplicationsPageTest - Selected house: '1'.
2025-03-28 10:01:43 [main] INFO  l.i.u.p.SubmittedApplicationsPage - Located the dropdown button.
2025-03-28 10:01:44 [main] INFO  l.i.u.p.SubmittedApplicationsPage - Successfully selected the value: '1'
2025-03-28 10:01:44 [main] DEBUG l.i.u.t.SubmittedApplicationsPageTest - Selected apartment: '1'.
2025-03-28 10:01:45 [main] DEBUG l.i.u.t.SubmittedApplicationsPageTest - Clicked 'Confirm' button.
2025-03-28 10:01:45 [main] DEBUG l.i.u.t.SubmittedApplicationsPageTest - Entered project date.
2025-03-28 10:01:45 [main] DEBUG l.i.u.t.SubmittedApplicationsPageTest - Entered job count: '1'.
2025-03-28 10:01:45 [main] DEBUG l.i.u.t.SubmittedApplicationsPageTest - Clicked 'Next' button.
2025-03-28 10:01:45 [main] INFO  l.i.u.p.SubmittedApplicationsPage - Located the dropdown button.
2025-03-28 10:01:47 [main] INFO  l.i.u.p.SubmittedApplicationsPage - Successfully selected the value: 'Administratoriai'
2025-03-28 10:01:47 [main] DEBUG l.i.u.t.SubmittedApplicationsPageTest - Selected job name: 'Administratoriai'.
2025-03-28 10:01:47 [main] DEBUG l.i.u.t.SubmittedApplicationsPageTest - Entered job function: 'Funkcija 1'.
2025-03-28 10:01:47 [main] DEBUG l.i.u.t.SubmittedApplicationsPageTest - Selected 'RadioButtonWithDisabilities' option.
2025-03-28 10:01:47 [main] INFO  l.i.u.p.SubmittedApplicationsPage - Clicking on the dropdown button.
2025-03-28 10:01:49 [main] INFO  l.i.u.p.SubmittedApplicationsPage - Found 34 options in the dropdown.
2025-03-28 10:01:49 [main] DEBUG l.i.u.p.SubmittedApplicationsPage - Checking option: 'Asmenys, kuriems suteiktas pabėgėlio statusas ar perkeliamojo asmens statusas, arba asmenys, kuriems suteikta papildoma ar laikinoji apsauga, ir asmenys, turintys teisę gauti laikinąją apsaugą, iki sprendimo dėl laikinosios apsaugos suteikimo (nesuteikimo) priėmimo, tačiau ne ilgiau kaip laikinosios apsaugos laikotarpiu'
2025-03-28 10:01:49 [main] DEBUG l.i.u.p.SubmittedApplicationsPage - Checking option: 'Asmenys, kuriems suteiktas pabėgėlio statusas ar perkeliamojo asmens statusas, arba asmenys, kuriems suteikta papildoma ar laikinoji apsauga, ir asmenys, turintys teisę gauti laikinąją apsaugą, iki sprendimo dėl laikinosios apsaugos suteikimo (nesuteikimo) priėmimo, tačiau ne ilgiau kaip laikinosios apsaugos laikotarpiu'
2025-03-28 10:01:49 [main] DEBUG l.i.u.p.SubmittedApplicationsPage - Checking option: 'Asmenys, turintys teisę į papildomas užimtumo garantijas pagal Lietuvos Respublikos valstybės įmonės Ignalinos atominės elektrinės darbuotojų papildomų užimtumo ir socialinių garantijų įstatymą'
2025-03-28 10:01:49 [main] DEBUG l.i.u.p.SubmittedApplicationsPage - Checking option: 'Asmenys, turintys teisę į papildomas užimtumo garantijas pagal Lietuvos Respublikos valstybės įmonės Ignalinos atominės elektrinės darbuotojų papildomų užimtumo ir socialinių garantijų įstatymą'
2025-03-28 10:01:49 [main] DEBUG l.i.u.p.SubmittedApplicationsPage - Checking option: 'Bedarbiai iki 29 metų'
2025-03-28 10:01:49 [main] DEBUG l.i.u.p.SubmittedApplicationsPage - Checking option: 'Bedarbiai iki 29 metų'
2025-03-28 10:01:49 [main] DEBUG l.i.u.p.SubmittedApplicationsPage - Checking option: 'Bedarbiai, kurie yra darbingo amžiaus neįgalieji, kuriems nustatytas 30–40 procentų darbingumo lygis arba vidutinis neįgalumo lygis'
2025-03-28 10:01:49 [main] DEBUG l.i.u.p.SubmittedApplicationsPage - Checking option: 'Bedarbiai, kurie yra darbingo amžiaus neįgalieji, kuriems nustatytas 30–40 procentų darbingumo lygis arba vidutinis neįgalumo lygis'
2025-03-28 10:01:49 [main] DEBUG l.i.u.p.SubmittedApplicationsPage - Checking option: 'Bedarbiai, kurie yra darbingo amžiaus neįgalieji, kuriems nustatytas 45–55 procentų darbingumo lygis arba lengvas neįgalumo lygis'
2025-03-28 10:01:49 [main] DEBUG l.i.u.p.SubmittedApplicationsPage - Checking option: 'Bedarbiai, kurie yra darbingo amžiaus neįgalieji, kuriems nustatytas 45–55 procentų darbingumo lygis arba lengvas neįgalumo lygis'
2025-03-28 10:01:49 [main] DEBUG l.i.u.p.SubmittedApplicationsPage - Checking option: 'Bedarbiai, kurie yra darbingo amžiaus neįgalieji, kuriems nustatytas iki 25 procentų darbingumo lygis arba sunkus neįgalumo lygis'
2025-03-28 10:01:49 [main] INFO  l.i.u.p.SubmittedApplicationsPage - Successfully selected the value: 'Bedarbiai, kurie yra darbingo amžiaus neįgalieji, kuriems nustatytas iki 25 procentų darbingumo lygis arba sunkus neįgalumo lygis'
2025-03-28 10:01:49 [main] INFO  l.i.u.p.SubmittedApplicationsPage - Attempting to close the dropdown.
2025-03-28 10:01:49 [main] DEBUG l.i.u.t.SubmittedApplicationsPageTest - Selected disabilities type: 'Bedarbiai, kurie yra darbingo amžiaus neįgalieji, kuriems nustatytas iki 25 procentų darbingumo lygis arba sunkus neįgalumo lygis'.
2025-03-28 10:01:50 [main] DEBUG l.i.u.t.SubmittedApplicationsPageTest - Entered disability information: 'Negalia 1'.
2025-03-28 10:01:50 [main] INFO  l.i.u.p.SubmittedApplicationsPage - Located the dropdown button.
2025-03-28 10:01:50 [main] INFO  l.i.u.p.SubmittedApplicationsPage - Successfully selected the value: 'Kita'
2025-03-28 10:01:50 [main] DEBUG l.i.u.t.SubmittedApplicationsPageTest - Selected time mode: 'Kita'.
2025-03-28 10:01:50 [main] DEBUG l.i.u.t.SubmittedApplicationsPageTest - Selected time mode other: '6 val. per dieną ir 4 d. per savaitę'.
2025-03-28 10:01:51 [main] DEBUG l.i.u.t.SubmittedApplicationsPageTest - Entered qualification: 'Kvalifikacija 1'.
2025-03-28 10:01:51 [main] DEBUG l.i.u.t.SubmittedApplicationsPageTest - Entered job date.
2025-03-28 10:01:51 [main] DEBUG l.i.u.t.SubmittedApplicationsPageTest - Entered salary amount: '1200'.
2025-03-28 10:01:51 [main] DEBUG l.i.u.t.SubmittedApplicationsPageTest - Entered salary description: 'Užmokestis 1'.
2025-03-28 10:01:51 [main] DEBUG l.i.u.t.SubmittedApplicationsPageTest - Selected 'Temporary Job' radio button.
2025-03-28 10:01:51 [main] DEBUG l.i.u.t.SubmittedApplicationsPageTest - Selected 'Season Job' radio button.
2025-03-28 10:01:52 [main] DEBUG l.i.u.t.SubmittedApplicationsPageTest - Selected 'Energy' radio button.
2025-03-28 10:01:52 [main] DEBUG l.i.u.t.SubmittedApplicationsPageTest - Selected 'Repair' radio button.
2025-03-28 10:01:52 [main] DEBUG l.i.u.t.SubmittedApplicationsPageTest - Entered job description: 'Veikla 1'.
2025-03-28 10:01:52 [main] DEBUG l.i.u.t.SubmittedApplicationsPageTest - Entered process description: 'Procesas 1'.
2025-03-28 10:01:52 [main] DEBUG l.i.u.t.SubmittedApplicationsPageTest - Entered energy information: 'Energija 1'.
2025-03-28 10:01:53 [main] DEBUG l.i.u.t.SubmittedApplicationsPageTest - Entered repair information: 'Remontas 1'.
2025-03-28 10:01:53 [main] DEBUG l.i.u.t.SubmittedApplicationsPageTest - Selected 'PVM' radio button.
2025-03-28 10:01:53 [main] INFO  l.i.u.p.SubmittedApplicationsPage - Located the dropdown button.
2025-03-28 10:01:54 [main] INFO  l.i.u.p.SubmittedApplicationsPage - Successfully selected the value: 'Įsigyti'
2025-03-28 10:01:54 [main] DEBUG l.i.u.t.SubmittedApplicationsPageTest - Selected necessary for job: 'Įsigyti'.
2025-03-28 10:01:54 [main] DEBUG l.i.u.t.SubmittedApplicationsPageTest - Selected tool: 'Darbo priemonė 1'.
2025-03-28 10:01:54 [main] DEBUG l.i.u.t.SubmittedApplicationsPageTest - Selected tool parameter one: 'Darbo priemonės 1 parametras 1'.
2025-03-28 10:01:54 [main] DEBUG l.i.u.t.SubmittedApplicationsPageTest - Selected tool parameter two: 'Darbo priemonės 1 parametras 2'.
2025-03-28 10:01:55 [main] DEBUG l.i.u.t.SubmittedApplicationsPageTest - Selected tool parameter three: 'Darbo priemonės 1 parametras 3'.
2025-03-28 10:01:55 [main] DEBUG l.i.u.t.SubmittedApplicationsPageTest - Entered tool count: '1'.
2025-03-28 10:01:55 [main] DEBUG l.i.u.t.SubmittedApplicationsPageTest - Entered price amount 1: '1000'.
2025-03-28 10:01:57 [main] DEBUG l.i.u.t.SubmittedApplicationsPageTest - Entered own funds amount 1: '800'.
2025-03-28 10:01:59 [main] DEBUG l.i.u.t.SubmittedApplicationsPageTest - Clicked 'Add' button.
2025-03-28 10:01:59 [main] INFO  l.i.u.p.SubmittedApplicationsPage - Located the dropdown button.
2025-03-28 10:02:00 [main] INFO  l.i.u.p.SubmittedApplicationsPage - Successfully selected the value: 'Remontuoti'
2025-03-28 10:02:00 [main] DEBUG l.i.u.t.SubmittedApplicationsPageTest - Selected necessary for job 'to repair': 'Remontuoti'.
2025-03-28 10:02:00 [main] DEBUG l.i.u.t.SubmittedApplicationsPageTest - Selected repair name: 'Remonto pavadinimas 1'.
2025-03-28 10:02:01 [main] DEBUG l.i.u.t.SubmittedApplicationsPageTest - Entered repair information: 'Remonto aprašymas 1'.
2025-03-28 10:02:01 [main] DEBUG l.i.u.t.SubmittedApplicationsPageTest - Entered price amount 2: '1000'.
2025-03-28 10:02:03 [main] DEBUG l.i.u.t.SubmittedApplicationsPageTest - Entered own funds amount 2: '900'.
2025-03-28 10:02:15 [main] ERROR l.i.u.t.SubmittedApplicationsPageTest - Test 'testFillNewVUIApplicationFA' failed with error: Expected condition failed: waiting for text ('100') to be present in element found by By.id: //mat-form-field[contains(.//label, 'Bendra sąmatos kaina, %')]//input (tried for 10 second(s) with 500 milliseconds interval)
org.openqa.selenium.TimeoutException: Expected condition failed: waiting for text ('100') to be present in element found by By.id: //mat-form-field[contains(.//label, 'Bendra sąmatos kaina, %')]//input (tried for 10 second(s) with 500 milliseconds interval)
	at org.openqa.selenium.support.ui.WebDriverWait.timeoutException(WebDriverWait.java:84)
	at org.openqa.selenium.support.ui.FluentWait.until(FluentWait.java:228)
	at lt.insoft.uztis.tests.SubmittedApplicationsPageTest.testFillNewVUIApplicationFA(SubmittedApplicationsPageTest.java:351)
	at java.base/jdk.internal.reflect.DirectMethodHandleAccessor.invoke(DirectMethodHandleAccessor.java:103)
	at java.base/java.lang.reflect.Method.invoke(Method.java:580)
	at org.junit.platform.commons.util.ReflectionUtils.invokeMethod(ReflectionUtils.java:728)
	at org.junit.jupiter.engine.execution.MethodInvocation.proceed(MethodInvocation.java:60)
	at org.junit.jupiter.engine.execution.InvocationInterceptorChain$ValidatingInvocation.proceed(InvocationInterceptorChain.java:131)
	at org.junit.jupiter.engine.extension.TimeoutExtension.intercept(TimeoutExtension.java:156)
	at org.junit.jupiter.engine.extension.TimeoutExtension.interceptTestableMethod(TimeoutExtension.java:147)
	at org.junit.jupiter.engine.extension.TimeoutExtension.interceptTestMethod(TimeoutExtension.java:86)
	at org.junit.jupiter.engine.execution.InterceptingExecutableInvoker$ReflectiveInterceptorCall.lambda$ofVoidMethod$0(InterceptingExecutableInvoker.java:103)
	at org.junit.jupiter.engine.execution.InterceptingExecutableInvoker.lambda$invoke$0(InterceptingExecutableInvoker.java:93)
	at org.junit.jupiter.engine.execution.InvocationInterceptorChain$InterceptedInvocation.proceed(InvocationInterceptorChain.java:106)
	at org.junit.jupiter.engine.execution.InvocationInterceptorChain.proceed(InvocationInterceptorChain.java:64)
	at org.junit.jupiter.engine.execution.InvocationInterceptorChain.chainAndInvoke(InvocationInterceptorChain.java:45)
	at org.junit.jupiter.engine.execution.InvocationInterceptorChain.invoke(InvocationInterceptorChain.java:37)
	at org.junit.jupiter.engine.execution.InterceptingExecutableInvoker.invoke(InterceptingExecutableInvoker.java:92)
	at org.junit.jupiter.engine.execution.InterceptingExecutableInvoker.invoke(InterceptingExecutableInvoker.java:86)
	at org.junit.jupiter.engine.descriptor.TestMethodTestDescriptor.lambda$invokeTestMethod$7(TestMethodTestDescriptor.java:218)
	at org.junit.platform.engine.support.hierarchical.ThrowableCollector.execute(ThrowableCollector.java:73)
	at org.junit.jupiter.engine.descriptor.TestMethodTestDescriptor.invokeTestMethod(TestMethodTestDescriptor.java:214)
	at org.junit.jupiter.engine.descriptor.TestMethodTestDescriptor.execute(TestMethodTestDescriptor.java:139)
	at org.junit.jupiter.engine.descriptor.TestMethodTestDescriptor.execute(TestMethodTestDescriptor.java:69)
	at org.junit.platform.engine.support.hierarchical.NodeTestTask.lambda$executeRecursively$6(NodeTestTask.java:151)
	at org.junit.platform.engine.support.hierarchical.ThrowableCollector.execute(ThrowableCollector.java:73)
	at org.junit.platform.engine.support.hierarchical.NodeTestTask.lambda$executeRecursively$8(NodeTestTask.java:141)
	at org.junit.platform.engine.support.hierarchical.Node.around(Node.java:137)
	at org.junit.platform.engine.support.hierarchical.NodeTestTask.lambda$executeRecursively$9(NodeTestTask.java:139)
	at org.junit.platform.engine.support.hierarchical.ThrowableCollector.execute(ThrowableCollector.java:73)
	at org.junit.platform.engine.support.hierarchical.NodeTestTask.executeRecursively(NodeTestTask.java:138)
	at org.junit.platform.engine.support.hierarchical.NodeTestTask.execute(NodeTestTask.java:95)
	at java.base/java.util.ArrayList.forEach(ArrayList.java:1596)
	at org.junit.platform.engine.support.hierarchical.SameThreadHierarchicalTestExecutorService.invokeAll(SameThreadHierarchicalTestExecutorService.java:41)
	at org.junit.platform.engine.support.hierarchical.NodeTestTask.lambda$executeRecursively$6(NodeTestTask.java:155)
	at org.junit.platform.engine.support.hierarchical.ThrowableCollector.execute(ThrowableCollector.java:73)
	at org.junit.platform.engine.support.hierarchical.NodeTestTask.lambda$executeRecursively$8(NodeTestTask.java:141)
	at org.junit.platform.engine.support.hierarchical.Node.around(Node.java:137)
	at org.junit.platform.engine.support.hierarchical.NodeTestTask.lambda$executeRecursively$9(NodeTestTask.java:139)
	at org.junit.platform.engine.support.hierarchical.ThrowableCollector.execute(ThrowableCollector.java:73)
	at org.junit.platform.engine.support.hierarchical.NodeTestTask.executeRecursively(NodeTestTask.java:138)
	at org.junit.platform.engine.support.hierarchical.NodeTestTask.execute(NodeTestTask.java:95)
	at java.base/java.util.ArrayList.forEach(ArrayList.java:1596)
	at org.junit.platform.engine.support.hierarchical.SameThreadHierarchicalTestExecutorService.invokeAll(SameThreadHierarchicalTestExecutorService.java:41)
	at org.junit.platform.engine.support.hierarchical.NodeTestTask.lambda$executeRecursively$6(NodeTestTask.java:155)
	at org.junit.platform.engine.support.hierarchical.ThrowableCollector.execute(ThrowableCollector.java:73)
	at org.junit.platform.engine.support.hierarchical.NodeTestTask.lambda$executeRecursively$8(NodeTestTask.java:141)
	at org.junit.platform.engine.support.hierarchical.Node.around(Node.java:137)
	at org.junit.platform.engine.support.hierarchical.NodeTestTask.lambda$executeRecursively$9(NodeTestTask.java:139)
	at org.junit.platform.engine.support.hierarchical.ThrowableCollector.execute(ThrowableCollector.java:73)
	at org.junit.platform.engine.support.hierarchical.NodeTestTask.executeRecursively(NodeTestTask.java:138)
	at org.junit.platform.engine.support.hierarchical.NodeTestTask.execute(NodeTestTask.java:95)
	at org.junit.platform.engine.support.hierarchical.SameThreadHierarchicalTestExecutorService.submit(SameThreadHierarchicalTestExecutorService.java:35)
	at org.junit.platform.engine.support.hierarchical.HierarchicalTestExecutor.execute(HierarchicalTestExecutor.java:57)
	at org.junit.platform.engine.support.hierarchical.HierarchicalTestEngine.execute(HierarchicalTestEngine.java:54)
	at org.junit.platform.launcher.core.EngineExecutionOrchestrator.execute(EngineExecutionOrchestrator.java:198)
	at org.junit.platform.launcher.core.EngineExecutionOrchestrator.execute(EngineExecutionOrchestrator.java:169)
	at org.junit.platform.launcher.core.EngineExecutionOrchestrator.execute(EngineExecutionOrchestrator.java:93)
	at org.junit.platform.launcher.core.EngineExecutionOrchestrator.lambda$execute$0(EngineExecutionOrchestrator.java:58)
	at org.junit.platform.launcher.core.EngineExecutionOrchestrator.withInterceptedStreams(EngineExecutionOrchestrator.java:141)
	at org.junit.platform.launcher.core.EngineExecutionOrchestrator.execute(EngineExecutionOrchestrator.java:57)
	at org.junit.platform.launcher.core.DefaultLauncher.execute(DefaultLauncher.java:103)
	at org.junit.platform.launcher.core.DefaultLauncher.execute(DefaultLauncher.java:85)
	at org.junit.platform.launcher.core.DelegatingLauncher.execute(DelegatingLauncher.java:47)
	at org.junit.platform.launcher.core.SessionPerRequestLauncher.execute(SessionPerRequestLauncher.java:63)
	at com.intellij.junit5.JUnit5IdeaTestRunner.startRunnerWithArgs(JUnit5IdeaTestRunner.java:57)
	at com.intellij.rt.junit.IdeaTestRunner$Repeater$1.execute(IdeaTestRunner.java:38)
	at com.intellij.rt.execution.junit.TestsRepeater.repeat(TestsRepeater.java:11)
	at com.intellij.rt.junit.IdeaTestRunner$Repeater.startRunnerWithArgs(IdeaTestRunner.java:35)
	at com.intellij.rt.junit.JUnitStarter.prepareStreamsAndStart(JUnitStarter.java:232)
	at com.intellij.rt.junit.JUnitStarter.main(JUnitStarter.java:55)
Caused by: org.openqa.selenium.NoSuchElementException: no such element: Unable to locate element: {"method":"css selector","selector":"#\/\/mat\-form\-field\[contains\(\.\/\/label\,\ \'Bendra\ sąmatos\ kaina\,\ \%\'\)\]\/\/input"}
  (Session info: chrome=134.0.6998.166)
For documentation on this error, please visit: https://www.selenium.dev/documentation/webdriver/troubleshooting/errors#no-such-element-exception
Build info: version: '4.27.0', revision: 'd6e718d134'
System info: os.name: 'Windows 11', os.arch: 'amd64', os.version: '10.0', java.version: '21.0.3'
Driver info: org.openqa.selenium.chrome.ChromeDriver
Command: [f4da7eb768a5cc5c9507e53410bae027, findElement {using=id, value=//mat-form-field[contains(.//label, 'Bendra sąmatos kaina, %')]//input}]
Capabilities {acceptInsecureCerts: false, browserName: chrome, browserVersion: 134.0.6998.166, chrome: {chromedriverVersion: 134.0.6998.165 (fd886e2cb29..., userDataDir: C:\Users\INGRID~1.ZAD\AppDa...}, fedcm:accounts: true, goog:chromeOptions: {debuggerAddress: localhost:59361}, networkConnectionEnabled: false, pageLoadStrategy: normal, platformName: windows, proxy: Proxy(), se:cdp: ws://localhost:59361/devtoo..., se:cdpVersion: 134.0.6998.166, setWindowRect: true, strictFileInteractability: false, timeouts: {implicit: 0, pageLoad: 300000, script: 30000}, unhandledPromptBehavior: dismiss and notify, webauthn:extension:credBlob: true, webauthn:extension:largeBlob: true, webauthn:extension:minPinLength: true, webauthn:extension:prf: true, webauthn:virtualAuthenticators: true}
Session ID: f4da7eb768a5cc5c9507e53410bae027
	at java.base/jdk.internal.reflect.DirectConstructorHandleAccessor.newInstance(DirectConstructorHandleAccessor.java:62)
	at java.base/java.lang.reflect.Constructor.newInstanceWithCaller(Constructor.java:502)
	at java.base/java.lang.reflect.Constructor.newInstance(Constructor.java:486)
	at org.openqa.selenium.remote.ErrorCodec.decode(ErrorCodec.java:167)
	at org.openqa.selenium.remote.codec.w3c.W3CHttpResponseCodec.decode(W3CHttpResponseCodec.java:138)
	at org.openqa.selenium.remote.codec.w3c.W3CHttpResponseCodec.decode(W3CHttpResponseCodec.java:50)
	at org.openqa.selenium.remote.HttpCommandExecutor.execute(HttpCommandExecutor.java:190)
	at org.openqa.selenium.remote.service.DriverCommandExecutor.invokeExecute(DriverCommandExecutor.java:216)
	at org.openqa.selenium.remote.service.DriverCommandExecutor.execute(DriverCommandExecutor.java:174)
	at org.openqa.selenium.remote.RemoteWebDriver.execute(RemoteWebDriver.java:545)
	at org.openqa.selenium.remote.ElementLocation$ElementFinder$2.findElement(ElementLocation.java:165)
	at org.openqa.selenium.remote.ElementLocation.findElement(ElementLocation.java:59)
	at org.openqa.selenium.remote.RemoteWebDriver.findElement(RemoteWebDriver.java:368)
	at org.openqa.selenium.remote.RemoteWebDriver.findElement(RemoteWebDriver.java:362)
	at org.openqa.selenium.support.ui.ExpectedConditions$13.apply(ExpectedConditions.java:372)
	at org.openqa.selenium.support.ui.ExpectedConditions$13.apply(ExpectedConditions.java:368)
	at org.openqa.selenium.support.ui.FluentWait.until(FluentWait.java:203)
	... 69 common frames omitted
2025-03-28 10:02:15 [main] INFO  l.insoft.uztis.tests.utils.TestUtils - Screenshot moved to C:\Users\ingrida.zadorozniene\Desktop\Asm\UZTIS\UZTIS_tests\test-output\screenshots\20250328\100215902_testFillNewVUIApplicationFA().png
2025-03-28 10:16:07 [main] INFO  lt.insoft.uztis.tests.UztisPageTest - Navigated to https://uztisdev.asseco.lt/home
2025-03-28 10:16:07 [main] INFO  l.i.u.t.SubmittedApplicationsPageTest - Starting test:'testFillNewVUIPApplicationFA'
2025-03-28 10:16:07 [main] DEBUG l.i.u.t.SubmittedApplicationsPageTest - User logged in with test credentials.
2025-03-28 10:16:08 [main] DEBUG l.i.u.t.SubmittedApplicationsPageTest - Opened 'Application Processing' menu.
2025-03-28 10:16:08 [main] DEBUG l.i.u.t.SubmittedApplicationsPageTest - Clicked on 'Application Forms' menu.
2025-03-28 10:16:08 [main] DEBUG l.i.u.t.SubmittedApplicationsPageTest - Retrieved last description code text: 'TST-VUI-75'.
2025-03-28 10:16:08 [main] DEBUG l.i.u.t.SubmittedApplicationsPageTest - Clicked on 'Invitation' menu.
2025-03-28 10:16:10 [main] DEBUG l.i.u.t.SubmittedApplicationsPageTest - Selected application section by code: 'TST-VUI-75'.
2025-03-28 10:16:10 [main] DEBUG l.i.u.t.SubmittedApplicationsPageTest - Clicked 'Search' button.
2025-03-28 10:16:10 [main] DEBUG l.i.u.t.SubmittedApplicationsPageTest - Retrieved invitation code: ''.
2025-03-28 10:16:10 [main] DEBUG l.i.u.t.SubmittedApplicationsPageTest - Clicked on 'Submitted Applications' menu.
2025-03-28 10:16:12 [main] DEBUG l.i.u.t.SubmittedApplicationsPageTest - Selected invitation by code: 'TST-VUI-75'.
2025-03-28 10:16:12 [main] DEBUG l.i.u.t.SubmittedApplicationsPageTest - Invitation code inserted.
2025-03-28 10:16:12 [main] DEBUG l.i.u.t.SubmittedApplicationsPageTest - Clicked on 'Action Application' button.
2025-03-28 10:16:12 [main] DEBUG l.i.u.t.SubmittedApplicationsPageTest - Clicked on 'New Application' button.
2025-03-28 10:16:13 [main] DEBUG l.i.u.t.SubmittedApplicationsPageTest - Selected the 'RadioButtonFA' option.
2025-03-28 10:16:13 [main] DEBUG l.i.u.t.SubmittedApplicationsPageTest - Entered phone number: '61298745'.
2025-03-28 10:16:13 [main] DEBUG l.i.u.t.SubmittedApplicationsPageTest - Entered email: 'test@autotest.com'.
2025-03-28 10:16:13 [main] INFO  l.i.u.p.SubmittedApplicationsPage - Clicking on the dropdown button.
2025-03-28 10:16:27 [main] INFO  l.i.u.p.SubmittedApplicationsPage - Found 1741 options in the dropdown.
2025-03-28 10:16:27 [main] DEBUG l.i.u.p.SubmittedApplicationsPage - Checking option: ''
2025-03-28 10:16:27 [main] DEBUG l.i.u.p.SubmittedApplicationsPage - Checking option: '01.11 - Grūdinių (išskyrus ryžius), ankštinių ir aliejingų sėklų augalų auginimas'
2025-03-28 10:16:28 [main] INFO  l.i.u.p.SubmittedApplicationsPage - Successfully selected the value: '01.11 - Grūdinių (išskyrus ryžius), ankštinių ir aliejingų sėklų augalų auginimas'
2025-03-28 10:16:28 [main] INFO  l.i.u.p.SubmittedApplicationsPage - Attempting to close the dropdown.
2025-03-28 10:16:28 [main] DEBUG l.i.u.t.SubmittedApplicationsPageTest - Selected EVRK value: '01.11 - Grūdinių (išskyrus ryžius), ankštinių ir aliejingų sėklų augalų auginimas'.
2025-03-28 10:16:28 [main] DEBUG l.i.u.t.SubmittedApplicationsPageTest - Clicked on 'Address Component' button.
2025-03-28 10:16:28 [main] INFO  l.i.u.p.SubmittedApplicationsPage - Located the dropdown button.
2025-03-28 10:16:33 [main] INFO  l.i.u.p.SubmittedApplicationsPage - Successfully selected the value: 'Lietuva'
2025-03-28 10:16:33 [main] DEBUG l.i.u.t.SubmittedApplicationsPageTest - Selected country: 'Lietuva'.
2025-03-28 10:16:33 [main] INFO  l.i.u.p.SubmittedApplicationsPage - Located the dropdown search field.
2025-03-28 10:16:33 [main] INFO  l.i.u.p.SubmittedApplicationsPage - Dropdown city is opened.
2025-03-28 10:16:34 [main] INFO  l.i.u.p.SubmittedApplicationsPage - Searched for value: 'Vilnius'
2025-03-28 10:16:34 [main] INFO  l.i.u.p.SubmittedApplicationsPage - Successfully selected: 'Vilnius'
2025-03-28 10:16:34 [main] INFO  l.i.u.p.SubmittedApplicationsPage - Located the dropdown button.
2025-03-28 10:16:35 [main] INFO  l.i.u.p.SubmittedApplicationsPage - Successfully selected the value: 'A. Domaševičiaus g.'
2025-03-28 10:16:35 [main] DEBUG l.i.u.t.SubmittedApplicationsPageTest - Selected street: 'A. Domaševičiaus g.'.
2025-03-28 10:16:35 [main] INFO  l.i.u.p.SubmittedApplicationsPage - Located the dropdown button.
2025-03-28 10:16:36 [main] INFO  l.i.u.p.SubmittedApplicationsPage - Successfully selected the value: '1'
2025-03-28 10:16:36 [main] DEBUG l.i.u.t.SubmittedApplicationsPageTest - Selected house: '1'.
2025-03-28 10:16:36 [main] INFO  l.i.u.p.SubmittedApplicationsPage - Located the dropdown button.
2025-03-28 10:16:37 [main] INFO  l.i.u.p.SubmittedApplicationsPage - Successfully selected the value: '1'
2025-03-28 10:16:37 [main] DEBUG l.i.u.t.SubmittedApplicationsPageTest - Selected apartment: '1'.
2025-03-28 10:16:38 [main] DEBUG l.i.u.t.SubmittedApplicationsPageTest - Clicked 'Confirm' button.
2025-03-28 10:16:38 [main] DEBUG l.i.u.t.SubmittedApplicationsPageTest - Entered project date.
2025-03-28 10:16:38 [main] DEBUG l.i.u.t.SubmittedApplicationsPageTest - Entered job count: '1'.
2025-03-28 10:16:39 [main] DEBUG l.i.u.t.SubmittedApplicationsPageTest - Clicked 'Next' button.
2025-03-28 10:16:39 [main] INFO  l.i.u.p.SubmittedApplicationsPage - Located the dropdown button.
2025-03-28 10:16:40 [main] INFO  l.i.u.p.SubmittedApplicationsPage - Successfully selected the value: 'Administratoriai'
2025-03-28 10:16:40 [main] DEBUG l.i.u.t.SubmittedApplicationsPageTest - Selected job name: 'Administratoriai'.
2025-03-28 10:16:40 [main] DEBUG l.i.u.t.SubmittedApplicationsPageTest - Entered job function: 'Funkcija 1'.
2025-03-28 10:16:40 [main] DEBUG l.i.u.t.SubmittedApplicationsPageTest - Selected 'RadioButtonWithDisabilities' option.
2025-03-28 10:16:40 [main] INFO  l.i.u.p.SubmittedApplicationsPage - Clicking on the dropdown button.
2025-03-28 10:16:41 [main] INFO  l.i.u.p.SubmittedApplicationsPage - Found 34 options in the dropdown.
2025-03-28 10:16:41 [main] DEBUG l.i.u.p.SubmittedApplicationsPage - Checking option: 'Asmenys, kuriems suteiktas pabėgėlio statusas ar perkeliamojo asmens statusas, arba asmenys, kuriems suteikta papildoma ar laikinoji apsauga, ir asmenys, turintys teisę gauti laikinąją apsaugą, iki sprendimo dėl laikinosios apsaugos suteikimo (nesuteikimo) priėmimo, tačiau ne ilgiau kaip laikinosios apsaugos laikotarpiu'
2025-03-28 10:16:41 [main] DEBUG l.i.u.p.SubmittedApplicationsPage - Checking option: 'Asmenys, kuriems suteiktas pabėgėlio statusas ar perkeliamojo asmens statusas, arba asmenys, kuriems suteikta papildoma ar laikinoji apsauga, ir asmenys, turintys teisę gauti laikinąją apsaugą, iki sprendimo dėl laikinosios apsaugos suteikimo (nesuteikimo) priėmimo, tačiau ne ilgiau kaip laikinosios apsaugos laikotarpiu'
2025-03-28 10:16:41 [main] DEBUG l.i.u.p.SubmittedApplicationsPage - Checking option: 'Asmenys, turintys teisę į papildomas užimtumo garantijas pagal Lietuvos Respublikos valstybės įmonės Ignalinos atominės elektrinės darbuotojų papildomų užimtumo ir socialinių garantijų įstatymą'
2025-03-28 10:16:41 [main] DEBUG l.i.u.p.SubmittedApplicationsPage - Checking option: 'Asmenys, turintys teisę į papildomas užimtumo garantijas pagal Lietuvos Respublikos valstybės įmonės Ignalinos atominės elektrinės darbuotojų papildomų užimtumo ir socialinių garantijų įstatymą'
2025-03-28 10:16:41 [main] DEBUG l.i.u.p.SubmittedApplicationsPage - Checking option: 'Bedarbiai iki 29 metų'
2025-03-28 10:16:41 [main] DEBUG l.i.u.p.SubmittedApplicationsPage - Checking option: 'Bedarbiai iki 29 metų'
2025-03-28 10:16:41 [main] DEBUG l.i.u.p.SubmittedApplicationsPage - Checking option: 'Bedarbiai, kurie yra darbingo amžiaus neįgalieji, kuriems nustatytas 30–40 procentų darbingumo lygis arba vidutinis neįgalumo lygis'
2025-03-28 10:16:41 [main] DEBUG l.i.u.p.SubmittedApplicationsPage - Checking option: 'Bedarbiai, kurie yra darbingo amžiaus neįgalieji, kuriems nustatytas 30–40 procentų darbingumo lygis arba vidutinis neįgalumo lygis'
2025-03-28 10:16:41 [main] DEBUG l.i.u.p.SubmittedApplicationsPage - Checking option: 'Bedarbiai, kurie yra darbingo amžiaus neįgalieji, kuriems nustatytas 45–55 procentų darbingumo lygis arba lengvas neįgalumo lygis'
2025-03-28 10:16:41 [main] DEBUG l.i.u.p.SubmittedApplicationsPage - Checking option: 'Bedarbiai, kurie yra darbingo amžiaus neįgalieji, kuriems nustatytas 45–55 procentų darbingumo lygis arba lengvas neįgalumo lygis'
2025-03-28 10:16:41 [main] DEBUG l.i.u.p.SubmittedApplicationsPage - Checking option: 'Bedarbiai, kurie yra darbingo amžiaus neįgalieji, kuriems nustatytas iki 25 procentų darbingumo lygis arba sunkus neįgalumo lygis'
2025-03-28 10:16:41 [main] INFO  l.i.u.p.SubmittedApplicationsPage - Successfully selected the value: 'Bedarbiai, kurie yra darbingo amžiaus neįgalieji, kuriems nustatytas iki 25 procentų darbingumo lygis arba sunkus neįgalumo lygis'
2025-03-28 10:16:41 [main] INFO  l.i.u.p.SubmittedApplicationsPage - Attempting to close the dropdown.
2025-03-28 10:16:42 [main] DEBUG l.i.u.t.SubmittedApplicationsPageTest - Selected disabilities type: 'Bedarbiai, kurie yra darbingo amžiaus neįgalieji, kuriems nustatytas iki 25 procentų darbingumo lygis arba sunkus neįgalumo lygis'.
2025-03-28 10:16:42 [main] DEBUG l.i.u.t.SubmittedApplicationsPageTest - Entered disability information: 'Negalia 1'.
2025-03-28 10:16:42 [main] INFO  l.i.u.p.SubmittedApplicationsPage - Located the dropdown button.
2025-03-28 10:16:43 [main] INFO  l.i.u.p.SubmittedApplicationsPage - Successfully selected the value: 'Kita'
2025-03-28 10:16:43 [main] DEBUG l.i.u.t.SubmittedApplicationsPageTest - Selected time mode: 'Kita'.
2025-03-28 10:16:44 [main] DEBUG l.i.u.t.SubmittedApplicationsPageTest - Selected time mode other: '6 val. per dieną ir 4 d. per savaitę'.
2025-03-28 10:16:44 [main] DEBUG l.i.u.t.SubmittedApplicationsPageTest - Entered qualification: 'Kvalifikacija 1'.
2025-03-28 10:16:44 [main] DEBUG l.i.u.t.SubmittedApplicationsPageTest - Entered job date.
2025-03-28 10:16:44 [main] DEBUG l.i.u.t.SubmittedApplicationsPageTest - Entered salary amount: '1200'.
2025-03-28 10:16:44 [main] DEBUG l.i.u.t.SubmittedApplicationsPageTest - Entered salary description: 'Užmokestis 1'.
2025-03-28 10:16:44 [main] DEBUG l.i.u.t.SubmittedApplicationsPageTest - Selected 'Temporary Job' radio button.
2025-03-28 10:16:45 [main] DEBUG l.i.u.t.SubmittedApplicationsPageTest - Selected 'Season Job' radio button.
2025-03-28 10:16:45 [main] DEBUG l.i.u.t.SubmittedApplicationsPageTest - Selected 'Energy' radio button.
2025-03-28 10:16:45 [main] DEBUG l.i.u.t.SubmittedApplicationsPageTest - Selected 'Repair' radio button.
2025-03-28 10:16:45 [main] DEBUG l.i.u.t.SubmittedApplicationsPageTest - Entered job description: 'Veikla 1'.
2025-03-28 10:16:45 [main] DEBUG l.i.u.t.SubmittedApplicationsPageTest - Entered process description: 'Procesas 1'.
2025-03-28 10:16:46 [main] DEBUG l.i.u.t.SubmittedApplicationsPageTest - Entered energy information: 'Energija 1'.
2025-03-28 10:16:46 [main] DEBUG l.i.u.t.SubmittedApplicationsPageTest - Entered repair information: 'Remontas 1'.
2025-03-28 10:16:46 [main] DEBUG l.i.u.t.SubmittedApplicationsPageTest - Selected 'PVM' radio button.
2025-03-28 10:16:46 [main] INFO  l.i.u.p.SubmittedApplicationsPage - Located the dropdown button.
2025-03-28 10:16:47 [main] INFO  l.i.u.p.SubmittedApplicationsPage - Successfully selected the value: 'Įsigyti'
2025-03-28 10:16:47 [main] DEBUG l.i.u.t.SubmittedApplicationsPageTest - Selected necessary for job: 'Įsigyti'.
2025-03-28 10:16:47 [main] DEBUG l.i.u.t.SubmittedApplicationsPageTest - Selected tool: 'Darbo priemonė 1'.
2025-03-28 10:16:47 [main] DEBUG l.i.u.t.SubmittedApplicationsPageTest - Selected tool parameter one: 'Darbo priemonės 1 parametras 1'.
2025-03-28 10:16:48 [main] DEBUG l.i.u.t.SubmittedApplicationsPageTest - Selected tool parameter two: 'Darbo priemonės 1 parametras 2'.
2025-03-28 10:16:48 [main] DEBUG l.i.u.t.SubmittedApplicationsPageTest - Selected tool parameter three: 'Darbo priemonės 1 parametras 3'.
2025-03-28 10:16:48 [main] DEBUG l.i.u.t.SubmittedApplicationsPageTest - Entered tool count: '1'.
2025-03-28 10:16:48 [main] DEBUG l.i.u.t.SubmittedApplicationsPageTest - Entered price amount 1: '1000'.
2025-03-28 10:16:50 [main] DEBUG l.i.u.t.SubmittedApplicationsPageTest - Entered own funds amount 1: '800'.
2025-03-28 10:16:53 [main] DEBUG l.i.u.t.SubmittedApplicationsPageTest - Clicked 'Add' button.
2025-03-28 10:16:53 [main] INFO  l.i.u.p.SubmittedApplicationsPage - Located the dropdown button.
2025-03-28 10:16:54 [main] INFO  l.i.u.p.SubmittedApplicationsPage - Successfully selected the value: 'Remontuoti'
2025-03-28 10:16:54 [main] DEBUG l.i.u.t.SubmittedApplicationsPageTest - Selected necessary for job 'to repair': 'Remontuoti'.
2025-03-28 10:16:54 [main] DEBUG l.i.u.t.SubmittedApplicationsPageTest - Selected repair name: 'Remonto pavadinimas 1'.
2025-03-28 10:16:54 [main] DEBUG l.i.u.t.SubmittedApplicationsPageTest - Entered repair information: 'Remonto aprašymas 1'.
2025-03-28 10:16:54 [main] DEBUG l.i.u.t.SubmittedApplicationsPageTest - Entered price amount 2: '1000'.
2025-03-28 10:16:56 [main] DEBUG l.i.u.t.SubmittedApplicationsPageTest - Entered own funds amount 2: '900'.
2025-03-28 10:17:09 [main] ERROR l.i.u.t.SubmittedApplicationsPageTest - Test 'testFillNewVUIApplicationFA' failed with error: Expected condition failed: waiting for text ('1000') to be the value of element located by By.xpath: //mat-form-field[contains(., 'Bendra sąmatos kaina, %')]//input (tried for 10 second(s) with 500 milliseconds interval)
Build info: version: '4.27.0', revision: 'd6e718d134'
System info: os.name: 'Windows 11', os.arch: 'amd64', os.version: '10.0', java.version: '21.0.3'
Driver info: org.openqa.selenium.chrome.ChromeDriver
Capabilities {acceptInsecureCerts: false, browserName: chrome, browserVersion: 134.0.6998.166, chrome: {chromedriverVersion: 134.0.6998.165 (fd886e2cb29..., userDataDir: C:\Users\INGRID~1.ZAD\AppDa...}, fedcm:accounts: true, goog:chromeOptions: {debuggerAddress: localhost:59850}, networkConnectionEnabled: false, pageLoadStrategy: normal, platformName: windows, proxy: Proxy(), se:cdp: ws://localhost:59850/devtoo..., se:cdpVersion: 134.0.6998.166, setWindowRect: true, strictFileInteractability: false, timeouts: {implicit: 0, pageLoad: 300000, script: 30000}, unhandledPromptBehavior: dismiss and notify, webauthn:extension:credBlob: true, webauthn:extension:largeBlob: true, webauthn:extension:minPinLength: true, webauthn:extension:prf: true, webauthn:virtualAuthenticators: true}
Session ID: b23086e1d5a397b89d8e1790a25d189e
org.openqa.selenium.TimeoutException: Expected condition failed: waiting for text ('1000') to be the value of element located by By.xpath: //mat-form-field[contains(., 'Bendra sąmatos kaina, %')]//input (tried for 10 second(s) with 500 milliseconds interval)
Build info: version: '4.27.0', revision: 'd6e718d134'
System info: os.name: 'Windows 11', os.arch: 'amd64', os.version: '10.0', java.version: '21.0.3'
Driver info: org.openqa.selenium.chrome.ChromeDriver
Capabilities {acceptInsecureCerts: false, browserName: chrome, browserVersion: 134.0.6998.166, chrome: {chromedriverVersion: 134.0.6998.165 (fd886e2cb29..., userDataDir: C:\Users\INGRID~1.ZAD\AppDa...}, fedcm:accounts: true, goog:chromeOptions: {debuggerAddress: localhost:59850}, networkConnectionEnabled: false, pageLoadStrategy: normal, platformName: windows, proxy: Proxy(), se:cdp: ws://localhost:59850/devtoo..., se:cdpVersion: 134.0.6998.166, setWindowRect: true, strictFileInteractability: false, timeouts: {implicit: 0, pageLoad: 300000, script: 30000}, unhandledPromptBehavior: dismiss and notify, webauthn:extension:credBlob: true, webauthn:extension:largeBlob: true, webauthn:extension:minPinLength: true, webauthn:extension:prf: true, webauthn:virtualAuthenticators: true}
Session ID: b23086e1d5a397b89d8e1790a25d189e
	at org.openqa.selenium.support.ui.WebDriverWait.timeoutException(WebDriverWait.java:84)
	at org.openqa.selenium.support.ui.FluentWait.until(FluentWait.java:228)
	at lt.insoft.uztis.tests.SubmittedApplicationsPageTest.testFillNewVUIApplicationFA(SubmittedApplicationsPageTest.java:370)
	at java.base/jdk.internal.reflect.DirectMethodHandleAccessor.invoke(DirectMethodHandleAccessor.java:103)
	at java.base/java.lang.reflect.Method.invoke(Method.java:580)
	at org.junit.platform.commons.util.ReflectionUtils.invokeMethod(ReflectionUtils.java:728)
	at org.junit.jupiter.engine.execution.MethodInvocation.proceed(MethodInvocation.java:60)
	at org.junit.jupiter.engine.execution.InvocationInterceptorChain$ValidatingInvocation.proceed(InvocationInterceptorChain.java:131)
	at org.junit.jupiter.engine.extension.TimeoutExtension.intercept(TimeoutExtension.java:156)
	at org.junit.jupiter.engine.extension.TimeoutExtension.interceptTestableMethod(TimeoutExtension.java:147)
	at org.junit.jupiter.engine.extension.TimeoutExtension.interceptTestMethod(TimeoutExtension.java:86)
	at org.junit.jupiter.engine.execution.InterceptingExecutableInvoker$ReflectiveInterceptorCall.lambda$ofVoidMethod$0(InterceptingExecutableInvoker.java:103)
	at org.junit.jupiter.engine.execution.InterceptingExecutableInvoker.lambda$invoke$0(InterceptingExecutableInvoker.java:93)
	at org.junit.jupiter.engine.execution.InvocationInterceptorChain$InterceptedInvocation.proceed(InvocationInterceptorChain.java:106)
	at org.junit.jupiter.engine.execution.InvocationInterceptorChain.proceed(InvocationInterceptorChain.java:64)
	at org.junit.jupiter.engine.execution.InvocationInterceptorChain.chainAndInvoke(InvocationInterceptorChain.java:45)
	at org.junit.jupiter.engine.execution.InvocationInterceptorChain.invoke(InvocationInterceptorChain.java:37)
	at org.junit.jupiter.engine.execution.InterceptingExecutableInvoker.invoke(InterceptingExecutableInvoker.java:92)
	at org.junit.jupiter.engine.execution.InterceptingExecutableInvoker.invoke(InterceptingExecutableInvoker.java:86)
	at org.junit.jupiter.engine.descriptor.TestMethodTestDescriptor.lambda$invokeTestMethod$7(TestMethodTestDescriptor.java:218)
	at org.junit.platform.engine.support.hierarchical.ThrowableCollector.execute(ThrowableCollector.java:73)
	at org.junit.jupiter.engine.descriptor.TestMethodTestDescriptor.invokeTestMethod(TestMethodTestDescriptor.java:214)
	at org.junit.jupiter.engine.descriptor.TestMethodTestDescriptor.execute(TestMethodTestDescriptor.java:139)
	at org.junit.jupiter.engine.descriptor.TestMethodTestDescriptor.execute(TestMethodTestDescriptor.java:69)
	at org.junit.platform.engine.support.hierarchical.NodeTestTask.lambda$executeRecursively$6(NodeTestTask.java:151)
	at org.junit.platform.engine.support.hierarchical.ThrowableCollector.execute(ThrowableCollector.java:73)
	at org.junit.platform.engine.support.hierarchical.NodeTestTask.lambda$executeRecursively$8(NodeTestTask.java:141)
	at org.junit.platform.engine.support.hierarchical.Node.around(Node.java:137)
	at org.junit.platform.engine.support.hierarchical.NodeTestTask.lambda$executeRecursively$9(NodeTestTask.java:139)
	at org.junit.platform.engine.support.hierarchical.ThrowableCollector.execute(ThrowableCollector.java:73)
	at org.junit.platform.engine.support.hierarchical.NodeTestTask.executeRecursively(NodeTestTask.java:138)
	at org.junit.platform.engine.support.hierarchical.NodeTestTask.execute(NodeTestTask.java:95)
	at java.base/java.util.ArrayList.forEach(ArrayList.java:1596)
	at org.junit.platform.engine.support.hierarchical.SameThreadHierarchicalTestExecutorService.invokeAll(SameThreadHierarchicalTestExecutorService.java:41)
	at org.junit.platform.engine.support.hierarchical.NodeTestTask.lambda$executeRecursively$6(NodeTestTask.java:155)
	at org.junit.platform.engine.support.hierarchical.ThrowableCollector.execute(ThrowableCollector.java:73)
	at org.junit.platform.engine.support.hierarchical.NodeTestTask.lambda$executeRecursively$8(NodeTestTask.java:141)
	at org.junit.platform.engine.support.hierarchical.Node.around(Node.java:137)
	at org.junit.platform.engine.support.hierarchical.NodeTestTask.lambda$executeRecursively$9(NodeTestTask.java:139)
	at org.junit.platform.engine.support.hierarchical.ThrowableCollector.execute(ThrowableCollector.java:73)
	at org.junit.platform.engine.support.hierarchical.NodeTestTask.executeRecursively(NodeTestTask.java:138)
	at org.junit.platform.engine.support.hierarchical.NodeTestTask.execute(NodeTestTask.java:95)
	at java.base/java.util.ArrayList.forEach(ArrayList.java:1596)
	at org.junit.platform.engine.support.hierarchical.SameThreadHierarchicalTestExecutorService.invokeAll(SameThreadHierarchicalTestExecutorService.java:41)
	at org.junit.platform.engine.support.hierarchical.NodeTestTask.lambda$executeRecursively$6(NodeTestTask.java:155)
	at org.junit.platform.engine.support.hierarchical.ThrowableCollector.execute(ThrowableCollector.java:73)
	at org.junit.platform.engine.support.hierarchical.NodeTestTask.lambda$executeRecursively$8(NodeTestTask.java:141)
	at org.junit.platform.engine.support.hierarchical.Node.around(Node.java:137)
	at org.junit.platform.engine.support.hierarchical.NodeTestTask.lambda$executeRecursively$9(NodeTestTask.java:139)
	at org.junit.platform.engine.support.hierarchical.ThrowableCollector.execute(ThrowableCollector.java:73)
	at org.junit.platform.engine.support.hierarchical.NodeTestTask.executeRecursively(NodeTestTask.java:138)
	at org.junit.platform.engine.support.hierarchical.NodeTestTask.execute(NodeTestTask.java:95)
	at org.junit.platform.engine.support.hierarchical.SameThreadHierarchicalTestExecutorService.submit(SameThreadHierarchicalTestExecutorService.java:35)
	at org.junit.platform.engine.support.hierarchical.HierarchicalTestExecutor.execute(HierarchicalTestExecutor.java:57)
	at org.junit.platform.engine.support.hierarchical.HierarchicalTestEngine.execute(HierarchicalTestEngine.java:54)
	at org.junit.platform.launcher.core.EngineExecutionOrchestrator.execute(EngineExecutionOrchestrator.java:198)
	at org.junit.platform.launcher.core.EngineExecutionOrchestrator.execute(EngineExecutionOrchestrator.java:169)
	at org.junit.platform.launcher.core.EngineExecutionOrchestrator.execute(EngineExecutionOrchestrator.java:93)
	at org.junit.platform.launcher.core.EngineExecutionOrchestrator.lambda$execute$0(EngineExecutionOrchestrator.java:58)
	at org.junit.platform.launcher.core.EngineExecutionOrchestrator.withInterceptedStreams(EngineExecutionOrchestrator.java:141)
	at org.junit.platform.launcher.core.EngineExecutionOrchestrator.execute(EngineExecutionOrchestrator.java:57)
	at org.junit.platform.launcher.core.DefaultLauncher.execute(DefaultLauncher.java:103)
	at org.junit.platform.launcher.core.DefaultLauncher.execute(DefaultLauncher.java:85)
	at org.junit.platform.launcher.core.DelegatingLauncher.execute(DelegatingLauncher.java:47)
	at org.junit.platform.launcher.core.SessionPerRequestLauncher.execute(SessionPerRequestLauncher.java:63)
	at com.intellij.junit5.JUnit5IdeaTestRunner.startRunnerWithArgs(JUnit5IdeaTestRunner.java:57)
	at com.intellij.rt.junit.IdeaTestRunner$Repeater$1.execute(IdeaTestRunner.java:38)
	at com.intellij.rt.execution.junit.TestsRepeater.repeat(TestsRepeater.java:11)
	at com.intellij.rt.junit.IdeaTestRunner$Repeater.startRunnerWithArgs(IdeaTestRunner.java:35)
	at com.intellij.rt.junit.JUnitStarter.prepareStreamsAndStart(JUnitStarter.java:232)
	at com.intellij.rt.junit.JUnitStarter.main(JUnitStarter.java:55)
2025-03-28 10:17:09 [main] INFO  l.insoft.uztis.tests.utils.TestUtils - Screenshot moved to C:\Users\ingrida.zadorozniene\Desktop\Asm\UZTIS\UZTIS_tests\test-output\screenshots\20250328\101709211_testFillNewVUIApplicationFA().png
2025-03-31 14:38:07 [main] INFO  lt.insoft.uztis.tests.UztisPageTest - Navigated to https://uztisdev.asseco.lt/home
2025-03-31 14:38:08 [main] INFO  l.i.u.t.SubmittedApplicationsPageTest - Starting test:'testFillNewVUIPApplicationFA'
2025-03-31 14:38:08 [main] DEBUG l.i.u.t.SubmittedApplicationsPageTest - User logged in with test credentials.
2025-03-31 14:38:09 [main] DEBUG l.i.u.t.SubmittedApplicationsPageTest - Opened 'Application Processing' menu.
2025-03-31 14:38:19 [main] ERROR l.i.u.t.SubmittedApplicationsPageTest - Test 'testFillNewVUIApplicationFA' failed with error: no such element: Unable to locate element: {"method":"xpath","selector":"//a[@href='/application/description']"}
  (Session info: chrome=134.0.6998.178)
For documentation on this error, please visit: https://www.selenium.dev/documentation/webdriver/troubleshooting/errors#no-such-element-exception
Build info: version: '4.27.0', revision: 'd6e718d134'
System info: os.name: 'Windows 11', os.arch: 'amd64', os.version: '10.0', java.version: '21.0.3'
Driver info: org.openqa.selenium.chrome.ChromeDriver
Command: [a6a92494e498626159d2215452c71b2c, findElement {using=xpath, value=//a[@href='/application/description']}]
Capabilities {acceptInsecureCerts: false, browserName: chrome, browserVersion: 134.0.6998.178, chrome: {chromedriverVersion: 134.0.6998.165 (fd886e2cb29..., userDataDir: C:\Users\INGRID~1.ZAD\AppDa...}, fedcm:accounts: true, goog:chromeOptions: {debuggerAddress: localhost:52551}, networkConnectionEnabled: false, pageLoadStrategy: normal, platformName: windows, proxy: Proxy(), se:cdp: ws://localhost:52551/devtoo..., se:cdpVersion: 134.0.6998.178, setWindowRect: true, strictFileInteractability: false, timeouts: {implicit: 0, pageLoad: 300000, script: 30000}, unhandledPromptBehavior: dismiss and notify, webauthn:extension:credBlob: true, webauthn:extension:largeBlob: true, webauthn:extension:minPinLength: true, webauthn:extension:prf: true, webauthn:virtualAuthenticators: true}
Session ID: a6a92494e498626159d2215452c71b2c
org.openqa.selenium.NoSuchElementException: no such element: Unable to locate element: {"method":"xpath","selector":"//a[@href='/application/description']"}
  (Session info: chrome=134.0.6998.178)
For documentation on this error, please visit: https://www.selenium.dev/documentation/webdriver/troubleshooting/errors#no-such-element-exception
Build info: version: '4.27.0', revision: 'd6e718d134'
System info: os.name: 'Windows 11', os.arch: 'amd64', os.version: '10.0', java.version: '21.0.3'
Driver info: org.openqa.selenium.chrome.ChromeDriver
Command: [a6a92494e498626159d2215452c71b2c, findElement {using=xpath, value=//a[@href='/application/description']}]
Capabilities {acceptInsecureCerts: false, browserName: chrome, browserVersion: 134.0.6998.178, chrome: {chromedriverVersion: 134.0.6998.165 (fd886e2cb29..., userDataDir: C:\Users\INGRID~1.ZAD\AppDa...}, fedcm:accounts: true, goog:chromeOptions: {debuggerAddress: localhost:52551}, networkConnectionEnabled: false, pageLoadStrategy: normal, platformName: windows, proxy: Proxy(), se:cdp: ws://localhost:52551/devtoo..., se:cdpVersion: 134.0.6998.178, setWindowRect: true, strictFileInteractability: false, timeouts: {implicit: 0, pageLoad: 300000, script: 30000}, unhandledPromptBehavior: dismiss and notify, webauthn:extension:credBlob: true, webauthn:extension:largeBlob: true, webauthn:extension:minPinLength: true, webauthn:extension:prf: true, webauthn:virtualAuthenticators: true}
Session ID: a6a92494e498626159d2215452c71b2c
	at java.base/jdk.internal.reflect.DirectConstructorHandleAccessor.newInstance(DirectConstructorHandleAccessor.java:62)
	at java.base/java.lang.reflect.Constructor.newInstanceWithCaller(Constructor.java:502)
	at java.base/java.lang.reflect.Constructor.newInstance(Constructor.java:486)
	at org.openqa.selenium.remote.ErrorCodec.decode(ErrorCodec.java:167)
	at org.openqa.selenium.remote.codec.w3c.W3CHttpResponseCodec.decode(W3CHttpResponseCodec.java:138)
	at org.openqa.selenium.remote.codec.w3c.W3CHttpResponseCodec.decode(W3CHttpResponseCodec.java:50)
	at org.openqa.selenium.remote.HttpCommandExecutor.execute(HttpCommandExecutor.java:190)
	at org.openqa.selenium.remote.service.DriverCommandExecutor.invokeExecute(DriverCommandExecutor.java:216)
	at org.openqa.selenium.remote.service.DriverCommandExecutor.execute(DriverCommandExecutor.java:174)
	at org.openqa.selenium.remote.RemoteWebDriver.execute(RemoteWebDriver.java:545)
	at org.openqa.selenium.remote.ElementLocation$ElementFinder$2.findElement(ElementLocation.java:165)
	at org.openqa.selenium.remote.ElementLocation.findElement(ElementLocation.java:59)
	at org.openqa.selenium.remote.RemoteWebDriver.findElement(RemoteWebDriver.java:368)
	at org.openqa.selenium.remote.RemoteWebDriver.findElement(RemoteWebDriver.java:362)
	at org.openqa.selenium.support.pagefactory.DefaultElementLocator.findElement(DefaultElementLocator.java:68)
	at org.openqa.selenium.support.pagefactory.internal.LocatingElementHandler.invoke(LocatingElementHandler.java:38)
	at jdk.proxy2/jdk.proxy2.$Proxy14.click(Unknown Source)
	at lt.insoft.uztis.pages.ApplicationFormsPage.clickMenuApplicationForms(ApplicationFormsPage.java:228)
	at lt.insoft.uztis.tests.SubmittedApplicationsPageTest.getAndInsertInvitationCodeText(SubmittedApplicationsPageTest.java:40)
	at lt.insoft.uztis.tests.SubmittedApplicationsPageTest.testFillNewVUIApplicationFA(SubmittedApplicationsPageTest.java:135)
	at java.base/jdk.internal.reflect.DirectMethodHandleAccessor.invoke(DirectMethodHandleAccessor.java:103)
	at java.base/java.lang.reflect.Method.invoke(Method.java:580)
	at org.junit.platform.commons.util.ReflectionUtils.invokeMethod(ReflectionUtils.java:728)
	at org.junit.jupiter.engine.execution.MethodInvocation.proceed(MethodInvocation.java:60)
	at org.junit.jupiter.engine.execution.InvocationInterceptorChain$ValidatingInvocation.proceed(InvocationInterceptorChain.java:131)
	at org.junit.jupiter.engine.extension.TimeoutExtension.intercept(TimeoutExtension.java:156)
	at org.junit.jupiter.engine.extension.TimeoutExtension.interceptTestableMethod(TimeoutExtension.java:147)
	at org.junit.jupiter.engine.extension.TimeoutExtension.interceptTestMethod(TimeoutExtension.java:86)
	at org.junit.jupiter.engine.execution.InterceptingExecutableInvoker$ReflectiveInterceptorCall.lambda$ofVoidMethod$0(InterceptingExecutableInvoker.java:103)
	at org.junit.jupiter.engine.execution.InterceptingExecutableInvoker.lambda$invoke$0(InterceptingExecutableInvoker.java:93)
	at org.junit.jupiter.engine.execution.InvocationInterceptorChain$InterceptedInvocation.proceed(InvocationInterceptorChain.java:106)
	at org.junit.jupiter.engine.execution.InvocationInterceptorChain.proceed(InvocationInterceptorChain.java:64)
	at org.junit.jupiter.engine.execution.InvocationInterceptorChain.chainAndInvoke(InvocationInterceptorChain.java:45)
	at org.junit.jupiter.engine.execution.InvocationInterceptorChain.invoke(InvocationInterceptorChain.java:37)
	at org.junit.jupiter.engine.execution.InterceptingExecutableInvoker.invoke(InterceptingExecutableInvoker.java:92)
	at org.junit.jupiter.engine.execution.InterceptingExecutableInvoker.invoke(InterceptingExecutableInvoker.java:86)
	at org.junit.jupiter.engine.descriptor.TestMethodTestDescriptor.lambda$invokeTestMethod$7(TestMethodTestDescriptor.java:218)
	at org.junit.platform.engine.support.hierarchical.ThrowableCollector.execute(ThrowableCollector.java:73)
	at org.junit.jupiter.engine.descriptor.TestMethodTestDescriptor.invokeTestMethod(TestMethodTestDescriptor.java:214)
	at org.junit.jupiter.engine.descriptor.TestMethodTestDescriptor.execute(TestMethodTestDescriptor.java:139)
	at org.junit.jupiter.engine.descriptor.TestMethodTestDescriptor.execute(TestMethodTestDescriptor.java:69)
	at org.junit.platform.engine.support.hierarchical.NodeTestTask.lambda$executeRecursively$6(NodeTestTask.java:151)
	at org.junit.platform.engine.support.hierarchical.ThrowableCollector.execute(ThrowableCollector.java:73)
	at org.junit.platform.engine.support.hierarchical.NodeTestTask.lambda$executeRecursively$8(NodeTestTask.java:141)
	at org.junit.platform.engine.support.hierarchical.Node.around(Node.java:137)
	at org.junit.platform.engine.support.hierarchical.NodeTestTask.lambda$executeRecursively$9(NodeTestTask.java:139)
	at org.junit.platform.engine.support.hierarchical.ThrowableCollector.execute(ThrowableCollector.java:73)
	at org.junit.platform.engine.support.hierarchical.NodeTestTask.executeRecursively(NodeTestTask.java:138)
	at org.junit.platform.engine.support.hierarchical.NodeTestTask.execute(NodeTestTask.java:95)
	at java.base/java.util.ArrayList.forEach(ArrayList.java:1596)
	at org.junit.platform.engine.support.hierarchical.SameThreadHierarchicalTestExecutorService.invokeAll(SameThreadHierarchicalTestExecutorService.java:41)
	at org.junit.platform.engine.support.hierarchical.NodeTestTask.lambda$executeRecursively$6(NodeTestTask.java:155)
	at org.junit.platform.engine.support.hierarchical.ThrowableCollector.execute(ThrowableCollector.java:73)
	at org.junit.platform.engine.support.hierarchical.NodeTestTask.lambda$executeRecursively$8(NodeTestTask.java:141)
	at org.junit.platform.engine.support.hierarchical.Node.around(Node.java:137)
	at org.junit.platform.engine.support.hierarchical.NodeTestTask.lambda$executeRecursively$9(NodeTestTask.java:139)
	at org.junit.platform.engine.support.hierarchical.ThrowableCollector.execute(ThrowableCollector.java:73)
	at org.junit.platform.engine.support.hierarchical.NodeTestTask.executeRecursively(NodeTestTask.java:138)
	at org.junit.platform.engine.support.hierarchical.NodeTestTask.execute(NodeTestTask.java:95)
	at java.base/java.util.ArrayList.forEach(ArrayList.java:1596)
	at org.junit.platform.engine.support.hierarchical.SameThreadHierarchicalTestExecutorService.invokeAll(SameThreadHierarchicalTestExecutorService.java:41)
	at org.junit.platform.engine.support.hierarchical.NodeTestTask.lambda$executeRecursively$6(NodeTestTask.java:155)
	at org.junit.platform.engine.support.hierarchical.ThrowableCollector.execute(ThrowableCollector.java:73)
	at org.junit.platform.engine.support.hierarchical.NodeTestTask.lambda$executeRecursively$8(NodeTestTask.java:141)
	at org.junit.platform.engine.support.hierarchical.Node.around(Node.java:137)
	at org.junit.platform.engine.support.hierarchical.NodeTestTask.lambda$executeRecursively$9(NodeTestTask.java:139)
	at org.junit.platform.engine.support.hierarchical.ThrowableCollector.execute(ThrowableCollector.java:73)
	at org.junit.platform.engine.support.hierarchical.NodeTestTask.executeRecursively(NodeTestTask.java:138)
	at org.junit.platform.engine.support.hierarchical.NodeTestTask.execute(NodeTestTask.java:95)
	at org.junit.platform.engine.support.hierarchical.SameThreadHierarchicalTestExecutorService.submit(SameThreadHierarchicalTestExecutorService.java:35)
	at org.junit.platform.engine.support.hierarchical.HierarchicalTestExecutor.execute(HierarchicalTestExecutor.java:57)
	at org.junit.platform.engine.support.hierarchical.HierarchicalTestEngine.execute(HierarchicalTestEngine.java:54)
	at org.junit.platform.launcher.core.EngineExecutionOrchestrator.execute(EngineExecutionOrchestrator.java:198)
	at org.junit.platform.launcher.core.EngineExecutionOrchestrator.execute(EngineExecutionOrchestrator.java:169)
	at org.junit.platform.launcher.core.EngineExecutionOrchestrator.execute(EngineExecutionOrchestrator.java:93)
	at org.junit.platform.launcher.core.EngineExecutionOrchestrator.lambda$execute$0(EngineExecutionOrchestrator.java:58)
	at org.junit.platform.launcher.core.EngineExecutionOrchestrator.withInterceptedStreams(EngineExecutionOrchestrator.java:141)
	at org.junit.platform.launcher.core.EngineExecutionOrchestrator.execute(EngineExecutionOrchestrator.java:57)
	at org.junit.platform.launcher.core.DefaultLauncher.execute(DefaultLauncher.java:103)
	at org.junit.platform.launcher.core.DefaultLauncher.execute(DefaultLauncher.java:85)
	at org.junit.platform.launcher.core.DelegatingLauncher.execute(DelegatingLauncher.java:47)
	at org.junit.platform.launcher.core.SessionPerRequestLauncher.execute(SessionPerRequestLauncher.java:63)
	at com.intellij.junit5.JUnit5IdeaTestRunner.startRunnerWithArgs(JUnit5IdeaTestRunner.java:57)
	at com.intellij.rt.junit.IdeaTestRunner$Repeater$1.execute(IdeaTestRunner.java:38)
	at com.intellij.rt.execution.junit.TestsRepeater.repeat(TestsRepeater.java:11)
	at com.intellij.rt.junit.IdeaTestRunner$Repeater.startRunnerWithArgs(IdeaTestRunner.java:35)
	at com.intellij.rt.junit.JUnitStarter.prepareStreamsAndStart(JUnitStarter.java:232)
	at com.intellij.rt.junit.JUnitStarter.main(JUnitStarter.java:55)
2025-03-31 14:38:19 [main] INFO  l.insoft.uztis.tests.utils.TestUtils - Screenshot moved to C:\Users\ingrida.zadorozniene\Desktop\Asm\UZTIS\UZTIS_tests\test-output\screenshots\20250331\143819198_testFillNewVUIApplicationFA().png
2025-03-31 14:46:27 [main] INFO  lt.insoft.uztis.tests.UztisPageTest - Navigated to https://uztisdev.asseco.lt/home
2025-03-31 14:46:27 [main] INFO  l.i.u.tests.ApplicationFormsPageTest - Setup complete. ApplicationFormsPage initialized.
2025-03-31 14:46:28 [main] INFO  l.i.u.tests.ApplicationFormsPageTest - Starting test:'testCreateNewVuiApplication'
2025-03-31 14:46:28 [main] DEBUG l.i.u.tests.ApplicationFormsPageTest - User logged in with test credentials
2025-03-31 14:46:38 [main] ERROR l.i.u.tests.ApplicationFormsPageTest - Test 'testCreateNewVuiApplication' failed with error: no such element: Unable to locate element: {"method":"xpath","selector":"//mat-icon[contains(@class, 'expand_more')]"}
  (Session info: chrome=134.0.6998.178)
For documentation on this error, please visit: https://www.selenium.dev/documentation/webdriver/troubleshooting/errors#no-such-element-exception
Build info: version: '4.27.0', revision: 'd6e718d134'
System info: os.name: 'Windows 11', os.arch: 'amd64', os.version: '10.0', java.version: '21.0.3'
Driver info: org.openqa.selenium.chrome.ChromeDriver
Command: [ed01c42344ff488df42d5dfdcde77a6e, findElement {using=xpath, value=//mat-icon[contains(@class, 'expand_more')]}]
Capabilities {acceptInsecureCerts: false, browserName: chrome, browserVersion: 134.0.6998.178, chrome: {chromedriverVersion: 134.0.6998.165 (fd886e2cb29..., userDataDir: C:\Users\INGRID~1.ZAD\AppDa...}, fedcm:accounts: true, goog:chromeOptions: {debuggerAddress: localhost:52848}, networkConnectionEnabled: false, pageLoadStrategy: normal, platformName: windows, proxy: Proxy(), se:cdp: ws://localhost:52848/devtoo..., se:cdpVersion: 134.0.6998.178, setWindowRect: true, strictFileInteractability: false, timeouts: {implicit: 0, pageLoad: 300000, script: 30000}, unhandledPromptBehavior: dismiss and notify, webauthn:extension:credBlob: true, webauthn:extension:largeBlob: true, webauthn:extension:minPinLength: true, webauthn:extension:prf: true, webauthn:virtualAuthenticators: true}
Session ID: ed01c42344ff488df42d5dfdcde77a6e
org.openqa.selenium.NoSuchElementException: no such element: Unable to locate element: {"method":"xpath","selector":"//mat-icon[contains(@class, 'expand_more')]"}
  (Session info: chrome=134.0.6998.178)
For documentation on this error, please visit: https://www.selenium.dev/documentation/webdriver/troubleshooting/errors#no-such-element-exception
Build info: version: '4.27.0', revision: 'd6e718d134'
System info: os.name: 'Windows 11', os.arch: 'amd64', os.version: '10.0', java.version: '21.0.3'
Driver info: org.openqa.selenium.chrome.ChromeDriver
Command: [ed01c42344ff488df42d5dfdcde77a6e, findElement {using=xpath, value=//mat-icon[contains(@class, 'expand_more')]}]
Capabilities {acceptInsecureCerts: false, browserName: chrome, browserVersion: 134.0.6998.178, chrome: {chromedriverVersion: 134.0.6998.165 (fd886e2cb29..., userDataDir: C:\Users\INGRID~1.ZAD\AppDa...}, fedcm:accounts: true, goog:chromeOptions: {debuggerAddress: localhost:52848}, networkConnectionEnabled: false, pageLoadStrategy: normal, platformName: windows, proxy: Proxy(), se:cdp: ws://localhost:52848/devtoo..., se:cdpVersion: 134.0.6998.178, setWindowRect: true, strictFileInteractability: false, timeouts: {implicit: 0, pageLoad: 300000, script: 30000}, unhandledPromptBehavior: dismiss and notify, webauthn:extension:credBlob: true, webauthn:extension:largeBlob: true, webauthn:extension:minPinLength: true, webauthn:extension:prf: true, webauthn:virtualAuthenticators: true}
Session ID: ed01c42344ff488df42d5dfdcde77a6e
	at java.base/jdk.internal.reflect.DirectConstructorHandleAccessor.newInstance(DirectConstructorHandleAccessor.java:62)
	at java.base/java.lang.reflect.Constructor.newInstanceWithCaller(Constructor.java:502)
	at java.base/java.lang.reflect.Constructor.newInstance(Constructor.java:486)
	at org.openqa.selenium.remote.ErrorCodec.decode(ErrorCodec.java:167)
	at org.openqa.selenium.remote.codec.w3c.W3CHttpResponseCodec.decode(W3CHttpResponseCodec.java:138)
	at org.openqa.selenium.remote.codec.w3c.W3CHttpResponseCodec.decode(W3CHttpResponseCodec.java:50)
	at org.openqa.selenium.remote.HttpCommandExecutor.execute(HttpCommandExecutor.java:190)
	at org.openqa.selenium.remote.service.DriverCommandExecutor.invokeExecute(DriverCommandExecutor.java:216)
	at org.openqa.selenium.remote.service.DriverCommandExecutor.execute(DriverCommandExecutor.java:174)
	at org.openqa.selenium.remote.RemoteWebDriver.execute(RemoteWebDriver.java:545)
	at org.openqa.selenium.remote.ElementLocation$ElementFinder$2.findElement(ElementLocation.java:165)
	at org.openqa.selenium.remote.ElementLocation.findElement(ElementLocation.java:59)
	at org.openqa.selenium.remote.RemoteWebDriver.findElement(RemoteWebDriver.java:368)
	at org.openqa.selenium.remote.RemoteWebDriver.findElement(RemoteWebDriver.java:362)
	at org.openqa.selenium.support.pagefactory.DefaultElementLocator.findElement(DefaultElementLocator.java:68)
	at org.openqa.selenium.support.pagefactory.internal.LocatingElementHandler.invoke(LocatingElementHandler.java:38)
	at jdk.proxy2/jdk.proxy2.$Proxy14.click(Unknown Source)
	at lt.insoft.uztis.pages.ApplicationFormsPage.clickMenuMore(ApplicationFormsPage.java:227)
	at lt.insoft.uztis.tests.ApplicationFormsPageTest.navigateToApplicationFormsMenu(ApplicationFormsPageTest.java:20)
	at lt.insoft.uztis.tests.ApplicationFormsPageTest.testCreateNewVuiApplication(ApplicationFormsPageTest.java:94)
	at java.base/jdk.internal.reflect.DirectMethodHandleAccessor.invoke(DirectMethodHandleAccessor.java:103)
	at java.base/java.lang.reflect.Method.invoke(Method.java:580)
	at org.junit.platform.commons.util.ReflectionUtils.invokeMethod(ReflectionUtils.java:728)
	at org.junit.jupiter.engine.execution.MethodInvocation.proceed(MethodInvocation.java:60)
	at org.junit.jupiter.engine.execution.InvocationInterceptorChain$ValidatingInvocation.proceed(InvocationInterceptorChain.java:131)
	at org.junit.jupiter.engine.extension.TimeoutExtension.intercept(TimeoutExtension.java:156)
	at org.junit.jupiter.engine.extension.TimeoutExtension.interceptTestableMethod(TimeoutExtension.java:147)
	at org.junit.jupiter.engine.extension.TimeoutExtension.interceptTestMethod(TimeoutExtension.java:86)
	at org.junit.jupiter.engine.execution.InterceptingExecutableInvoker$ReflectiveInterceptorCall.lambda$ofVoidMethod$0(InterceptingExecutableInvoker.java:103)
	at org.junit.jupiter.engine.execution.InterceptingExecutableInvoker.lambda$invoke$0(InterceptingExecutableInvoker.java:93)
	at org.junit.jupiter.engine.execution.InvocationInterceptorChain$InterceptedInvocation.proceed(InvocationInterceptorChain.java:106)
	at org.junit.jupiter.engine.execution.InvocationInterceptorChain.proceed(InvocationInterceptorChain.java:64)
	at org.junit.jupiter.engine.execution.InvocationInterceptorChain.chainAndInvoke(InvocationInterceptorChain.java:45)
	at org.junit.jupiter.engine.execution.InvocationInterceptorChain.invoke(InvocationInterceptorChain.java:37)
	at org.junit.jupiter.engine.execution.InterceptingExecutableInvoker.invoke(InterceptingExecutableInvoker.java:92)
	at org.junit.jupiter.engine.execution.InterceptingExecutableInvoker.invoke(InterceptingExecutableInvoker.java:86)
	at org.junit.jupiter.engine.descriptor.TestMethodTestDescriptor.lambda$invokeTestMethod$7(TestMethodTestDescriptor.java:218)
	at org.junit.platform.engine.support.hierarchical.ThrowableCollector.execute(ThrowableCollector.java:73)
	at org.junit.jupiter.engine.descriptor.TestMethodTestDescriptor.invokeTestMethod(TestMethodTestDescriptor.java:214)
	at org.junit.jupiter.engine.descriptor.TestMethodTestDescriptor.execute(TestMethodTestDescriptor.java:139)
	at org.junit.jupiter.engine.descriptor.TestMethodTestDescriptor.execute(TestMethodTestDescriptor.java:69)
	at org.junit.platform.engine.support.hierarchical.NodeTestTask.lambda$executeRecursively$6(NodeTestTask.java:151)
	at org.junit.platform.engine.support.hierarchical.ThrowableCollector.execute(ThrowableCollector.java:73)
	at org.junit.platform.engine.support.hierarchical.NodeTestTask.lambda$executeRecursively$8(NodeTestTask.java:141)
	at org.junit.platform.engine.support.hierarchical.Node.around(Node.java:137)
	at org.junit.platform.engine.support.hierarchical.NodeTestTask.lambda$executeRecursively$9(NodeTestTask.java:139)
	at org.junit.platform.engine.support.hierarchical.ThrowableCollector.execute(ThrowableCollector.java:73)
	at org.junit.platform.engine.support.hierarchical.NodeTestTask.executeRecursively(NodeTestTask.java:138)
	at org.junit.platform.engine.support.hierarchical.NodeTestTask.execute(NodeTestTask.java:95)
	at java.base/java.util.ArrayList.forEach(ArrayList.java:1596)
	at org.junit.platform.engine.support.hierarchical.SameThreadHierarchicalTestExecutorService.invokeAll(SameThreadHierarchicalTestExecutorService.java:41)
	at org.junit.platform.engine.support.hierarchical.NodeTestTask.lambda$executeRecursively$6(NodeTestTask.java:155)
	at org.junit.platform.engine.support.hierarchical.ThrowableCollector.execute(ThrowableCollector.java:73)
	at org.junit.platform.engine.support.hierarchical.NodeTestTask.lambda$executeRecursively$8(NodeTestTask.java:141)
	at org.junit.platform.engine.support.hierarchical.Node.around(Node.java:137)
	at org.junit.platform.engine.support.hierarchical.NodeTestTask.lambda$executeRecursively$9(NodeTestTask.java:139)
	at org.junit.platform.engine.support.hierarchical.ThrowableCollector.execute(ThrowableCollector.java:73)
	at org.junit.platform.engine.support.hierarchical.NodeTestTask.executeRecursively(NodeTestTask.java:138)
	at org.junit.platform.engine.support.hierarchical.NodeTestTask.execute(NodeTestTask.java:95)
	at java.base/java.util.ArrayList.forEach(ArrayList.java:1596)
	at org.junit.platform.engine.support.hierarchical.SameThreadHierarchicalTestExecutorService.invokeAll(SameThreadHierarchicalTestExecutorService.java:41)
	at org.junit.platform.engine.support.hierarchical.NodeTestTask.lambda$executeRecursively$6(NodeTestTask.java:155)
	at org.junit.platform.engine.support.hierarchical.ThrowableCollector.execute(ThrowableCollector.java:73)
	at org.junit.platform.engine.support.hierarchical.NodeTestTask.lambda$executeRecursively$8(NodeTestTask.java:141)
	at org.junit.platform.engine.support.hierarchical.Node.around(Node.java:137)
	at org.junit.platform.engine.support.hierarchical.NodeTestTask.lambda$executeRecursively$9(NodeTestTask.java:139)
	at org.junit.platform.engine.support.hierarchical.ThrowableCollector.execute(ThrowableCollector.java:73)
	at org.junit.platform.engine.support.hierarchical.NodeTestTask.executeRecursively(NodeTestTask.java:138)
	at org.junit.platform.engine.support.hierarchical.NodeTestTask.execute(NodeTestTask.java:95)
	at org.junit.platform.engine.support.hierarchical.SameThreadHierarchicalTestExecutorService.submit(SameThreadHierarchicalTestExecutorService.java:35)
	at org.junit.platform.engine.support.hierarchical.HierarchicalTestExecutor.execute(HierarchicalTestExecutor.java:57)
	at org.junit.platform.engine.support.hierarchical.HierarchicalTestEngine.execute(HierarchicalTestEngine.java:54)
	at org.junit.platform.launcher.core.EngineExecutionOrchestrator.execute(EngineExecutionOrchestrator.java:198)
	at org.junit.platform.launcher.core.EngineExecutionOrchestrator.execute(EngineExecutionOrchestrator.java:169)
	at org.junit.platform.launcher.core.EngineExecutionOrchestrator.execute(EngineExecutionOrchestrator.java:93)
	at org.junit.platform.launcher.core.EngineExecutionOrchestrator.lambda$execute$0(EngineExecutionOrchestrator.java:58)
	at org.junit.platform.launcher.core.EngineExecutionOrchestrator.withInterceptedStreams(EngineExecutionOrchestrator.java:141)
	at org.junit.platform.launcher.core.EngineExecutionOrchestrator.execute(EngineExecutionOrchestrator.java:57)
	at org.junit.platform.launcher.core.DefaultLauncher.execute(DefaultLauncher.java:103)
	at org.junit.platform.launcher.core.DefaultLauncher.execute(DefaultLauncher.java:85)
	at org.junit.platform.launcher.core.DelegatingLauncher.execute(DelegatingLauncher.java:47)
	at org.junit.platform.launcher.core.SessionPerRequestLauncher.execute(SessionPerRequestLauncher.java:63)
	at com.intellij.junit5.JUnit5IdeaTestRunner.startRunnerWithArgs(JUnit5IdeaTestRunner.java:57)
	at com.intellij.rt.junit.IdeaTestRunner$Repeater$1.execute(IdeaTestRunner.java:38)
	at com.intellij.rt.execution.junit.TestsRepeater.repeat(TestsRepeater.java:11)
	at com.intellij.rt.junit.IdeaTestRunner$Repeater.startRunnerWithArgs(IdeaTestRunner.java:35)
	at com.intellij.rt.junit.JUnitStarter.prepareStreamsAndStart(JUnitStarter.java:232)
	at com.intellij.rt.junit.JUnitStarter.main(JUnitStarter.java:55)
2025-03-31 14:46:38 [main] INFO  l.insoft.uztis.tests.utils.TestUtils - Screenshot moved to C:\Users\ingrida.zadorozniene\Desktop\Asm\UZTIS\UZTIS_tests\test-output\screenshots\20250331\144638763_testCreateNewVuiApplication().png
2025-03-31 14:49:36 [main] INFO  lt.insoft.uztis.tests.UztisPageTest - Navigated to https://uztisdev.asseco.lt/home
2025-03-31 14:49:36 [main] INFO  l.i.u.tests.ApplicationFormsPageTest - Setup complete. ApplicationFormsPage initialized.
2025-03-31 14:49:36 [main] INFO  l.i.u.tests.ApplicationFormsPageTest - Starting test:'testNavigateToAndReviewApplicationFormsPageTest'
2025-03-31 14:49:37 [main] DEBUG l.i.u.tests.ApplicationFormsPageTest - User logged in with test credentials
2025-03-31 14:49:47 [main] ERROR l.i.u.tests.ApplicationFormsPageTest - Test 'testNavigateToAndReviewApplicationFormsPageTest' failed with error: no such element: Unable to locate element: {"method":"xpath","selector":"//div[contains(@class, 'menu-container')]//mat-icon[text()='expand_more']"}
  (Session info: chrome=134.0.6998.178)
For documentation on this error, please visit: https://www.selenium.dev/documentation/webdriver/troubleshooting/errors#no-such-element-exception
Build info: version: '4.27.0', revision: 'd6e718d134'
System info: os.name: 'Windows 11', os.arch: 'amd64', os.version: '10.0', java.version: '21.0.3'
Driver info: org.openqa.selenium.chrome.ChromeDriver
Command: [cc8765db99b847610388ccef57088ca1, findElement {using=xpath, value=//div[contains(@class, 'menu-container')]//mat-icon[text()='expand_more']}]
Capabilities {acceptInsecureCerts: false, browserName: chrome, browserVersion: 134.0.6998.178, chrome: {chromedriverVersion: 134.0.6998.165 (fd886e2cb29..., userDataDir: C:\Users\INGRID~1.ZAD\AppDa...}, fedcm:accounts: true, goog:chromeOptions: {debuggerAddress: localhost:52974}, networkConnectionEnabled: false, pageLoadStrategy: normal, platformName: windows, proxy: Proxy(), se:cdp: ws://localhost:52974/devtoo..., se:cdpVersion: 134.0.6998.178, setWindowRect: true, strictFileInteractability: false, timeouts: {implicit: 0, pageLoad: 300000, script: 30000}, unhandledPromptBehavior: dismiss and notify, webauthn:extension:credBlob: true, webauthn:extension:largeBlob: true, webauthn:extension:minPinLength: true, webauthn:extension:prf: true, webauthn:virtualAuthenticators: true}
Session ID: cc8765db99b847610388ccef57088ca1
org.openqa.selenium.NoSuchElementException: no such element: Unable to locate element: {"method":"xpath","selector":"//div[contains(@class, 'menu-container')]//mat-icon[text()='expand_more']"}
  (Session info: chrome=134.0.6998.178)
For documentation on this error, please visit: https://www.selenium.dev/documentation/webdriver/troubleshooting/errors#no-such-element-exception
Build info: version: '4.27.0', revision: 'd6e718d134'
System info: os.name: 'Windows 11', os.arch: 'amd64', os.version: '10.0', java.version: '21.0.3'
Driver info: org.openqa.selenium.chrome.ChromeDriver
Command: [cc8765db99b847610388ccef57088ca1, findElement {using=xpath, value=//div[contains(@class, 'menu-container')]//mat-icon[text()='expand_more']}]
Capabilities {acceptInsecureCerts: false, browserName: chrome, browserVersion: 134.0.6998.178, chrome: {chromedriverVersion: 134.0.6998.165 (fd886e2cb29..., userDataDir: C:\Users\INGRID~1.ZAD\AppDa...}, fedcm:accounts: true, goog:chromeOptions: {debuggerAddress: localhost:52974}, networkConnectionEnabled: false, pageLoadStrategy: normal, platformName: windows, proxy: Proxy(), se:cdp: ws://localhost:52974/devtoo..., se:cdpVersion: 134.0.6998.178, setWindowRect: true, strictFileInteractability: false, timeouts: {implicit: 0, pageLoad: 300000, script: 30000}, unhandledPromptBehavior: dismiss and notify, webauthn:extension:credBlob: true, webauthn:extension:largeBlob: true, webauthn:extension:minPinLength: true, webauthn:extension:prf: true, webauthn:virtualAuthenticators: true}
Session ID: cc8765db99b847610388ccef57088ca1
	at java.base/jdk.internal.reflect.DirectConstructorHandleAccessor.newInstance(DirectConstructorHandleAccessor.java:62)
	at java.base/java.lang.reflect.Constructor.newInstanceWithCaller(Constructor.java:502)
	at java.base/java.lang.reflect.Constructor.newInstance(Constructor.java:486)
	at org.openqa.selenium.remote.ErrorCodec.decode(ErrorCodec.java:167)
	at org.openqa.selenium.remote.codec.w3c.W3CHttpResponseCodec.decode(W3CHttpResponseCodec.java:138)
	at org.openqa.selenium.remote.codec.w3c.W3CHttpResponseCodec.decode(W3CHttpResponseCodec.java:50)
	at org.openqa.selenium.remote.HttpCommandExecutor.execute(HttpCommandExecutor.java:190)
	at org.openqa.selenium.remote.service.DriverCommandExecutor.invokeExecute(DriverCommandExecutor.java:216)
	at org.openqa.selenium.remote.service.DriverCommandExecutor.execute(DriverCommandExecutor.java:174)
	at org.openqa.selenium.remote.RemoteWebDriver.execute(RemoteWebDriver.java:545)
	at org.openqa.selenium.remote.ElementLocation$ElementFinder$2.findElement(ElementLocation.java:165)
	at org.openqa.selenium.remote.ElementLocation.findElement(ElementLocation.java:59)
	at org.openqa.selenium.remote.RemoteWebDriver.findElement(RemoteWebDriver.java:368)
	at org.openqa.selenium.remote.RemoteWebDriver.findElement(RemoteWebDriver.java:362)
	at org.openqa.selenium.support.pagefactory.DefaultElementLocator.findElement(DefaultElementLocator.java:68)
	at org.openqa.selenium.support.pagefactory.internal.LocatingElementHandler.invoke(LocatingElementHandler.java:38)
	at jdk.proxy2/jdk.proxy2.$Proxy14.click(Unknown Source)
	at lt.insoft.uztis.pages.ApplicationFormsPage.clickMenuMore(ApplicationFormsPage.java:227)
	at lt.insoft.uztis.tests.ApplicationFormsPageTest.navigateToApplicationFormsMenu(ApplicationFormsPageTest.java:20)
	at lt.insoft.uztis.tests.ApplicationFormsPageTest.testNavigateToAndReviewApplicationFormsPageTest(ApplicationFormsPageTest.java:58)
	at java.base/jdk.internal.reflect.DirectMethodHandleAccessor.invoke(DirectMethodHandleAccessor.java:103)
	at java.base/java.lang.reflect.Method.invoke(Method.java:580)
	at org.junit.platform.commons.util.ReflectionUtils.invokeMethod(ReflectionUtils.java:728)
	at org.junit.jupiter.engine.execution.MethodInvocation.proceed(MethodInvocation.java:60)
	at org.junit.jupiter.engine.execution.InvocationInterceptorChain$ValidatingInvocation.proceed(InvocationInterceptorChain.java:131)
	at org.junit.jupiter.engine.extension.TimeoutExtension.intercept(TimeoutExtension.java:156)
	at org.junit.jupiter.engine.extension.TimeoutExtension.interceptTestableMethod(TimeoutExtension.java:147)
	at org.junit.jupiter.engine.extension.TimeoutExtension.interceptTestMethod(TimeoutExtension.java:86)
	at org.junit.jupiter.engine.execution.InterceptingExecutableInvoker$ReflectiveInterceptorCall.lambda$ofVoidMethod$0(InterceptingExecutableInvoker.java:103)
	at org.junit.jupiter.engine.execution.InterceptingExecutableInvoker.lambda$invoke$0(InterceptingExecutableInvoker.java:93)
	at org.junit.jupiter.engine.execution.InvocationInterceptorChain$InterceptedInvocation.proceed(InvocationInterceptorChain.java:106)
	at org.junit.jupiter.engine.execution.InvocationInterceptorChain.proceed(InvocationInterceptorChain.java:64)
	at org.junit.jupiter.engine.execution.InvocationInterceptorChain.chainAndInvoke(InvocationInterceptorChain.java:45)
	at org.junit.jupiter.engine.execution.InvocationInterceptorChain.invoke(InvocationInterceptorChain.java:37)
	at org.junit.jupiter.engine.execution.InterceptingExecutableInvoker.invoke(InterceptingExecutableInvoker.java:92)
	at org.junit.jupiter.engine.execution.InterceptingExecutableInvoker.invoke(InterceptingExecutableInvoker.java:86)
	at org.junit.jupiter.engine.descriptor.TestMethodTestDescriptor.lambda$invokeTestMethod$7(TestMethodTestDescriptor.java:218)
	at org.junit.platform.engine.support.hierarchical.ThrowableCollector.execute(ThrowableCollector.java:73)
	at org.junit.jupiter.engine.descriptor.TestMethodTestDescriptor.invokeTestMethod(TestMethodTestDescriptor.java:214)
	at org.junit.jupiter.engine.descriptor.TestMethodTestDescriptor.execute(TestMethodTestDescriptor.java:139)
	at org.junit.jupiter.engine.descriptor.TestMethodTestDescriptor.execute(TestMethodTestDescriptor.java:69)
	at org.junit.platform.engine.support.hierarchical.NodeTestTask.lambda$executeRecursively$6(NodeTestTask.java:151)
	at org.junit.platform.engine.support.hierarchical.ThrowableCollector.execute(ThrowableCollector.java:73)
	at org.junit.platform.engine.support.hierarchical.NodeTestTask.lambda$executeRecursively$8(NodeTestTask.java:141)
	at org.junit.platform.engine.support.hierarchical.Node.around(Node.java:137)
	at org.junit.platform.engine.support.hierarchical.NodeTestTask.lambda$executeRecursively$9(NodeTestTask.java:139)
	at org.junit.platform.engine.support.hierarchical.ThrowableCollector.execute(ThrowableCollector.java:73)
	at org.junit.platform.engine.support.hierarchical.NodeTestTask.executeRecursively(NodeTestTask.java:138)
	at org.junit.platform.engine.support.hierarchical.NodeTestTask.execute(NodeTestTask.java:95)
	at java.base/java.util.ArrayList.forEach(ArrayList.java:1596)
	at org.junit.platform.engine.support.hierarchical.SameThreadHierarchicalTestExecutorService.invokeAll(SameThreadHierarchicalTestExecutorService.java:41)
	at org.junit.platform.engine.support.hierarchical.NodeTestTask.lambda$executeRecursively$6(NodeTestTask.java:155)
	at org.junit.platform.engine.support.hierarchical.ThrowableCollector.execute(ThrowableCollector.java:73)
	at org.junit.platform.engine.support.hierarchical.NodeTestTask.lambda$executeRecursively$8(NodeTestTask.java:141)
	at org.junit.platform.engine.support.hierarchical.Node.around(Node.java:137)
	at org.junit.platform.engine.support.hierarchical.NodeTestTask.lambda$executeRecursively$9(NodeTestTask.java:139)
	at org.junit.platform.engine.support.hierarchical.ThrowableCollector.execute(ThrowableCollector.java:73)
	at org.junit.platform.engine.support.hierarchical.NodeTestTask.executeRecursively(NodeTestTask.java:138)
	at org.junit.platform.engine.support.hierarchical.NodeTestTask.execute(NodeTestTask.java:95)
	at java.base/java.util.ArrayList.forEach(ArrayList.java:1596)
	at org.junit.platform.engine.support.hierarchical.SameThreadHierarchicalTestExecutorService.invokeAll(SameThreadHierarchicalTestExecutorService.java:41)
	at org.junit.platform.engine.support.hierarchical.NodeTestTask.lambda$executeRecursively$6(NodeTestTask.java:155)
	at org.junit.platform.engine.support.hierarchical.ThrowableCollector.execute(ThrowableCollector.java:73)
	at org.junit.platform.engine.support.hierarchical.NodeTestTask.lambda$executeRecursively$8(NodeTestTask.java:141)
	at org.junit.platform.engine.support.hierarchical.Node.around(Node.java:137)
	at org.junit.platform.engine.support.hierarchical.NodeTestTask.lambda$executeRecursively$9(NodeTestTask.java:139)
	at org.junit.platform.engine.support.hierarchical.ThrowableCollector.execute(ThrowableCollector.java:73)
	at org.junit.platform.engine.support.hierarchical.NodeTestTask.executeRecursively(NodeTestTask.java:138)
	at org.junit.platform.engine.support.hierarchical.NodeTestTask.execute(NodeTestTask.java:95)
	at org.junit.platform.engine.support.hierarchical.SameThreadHierarchicalTestExecutorService.submit(SameThreadHierarchicalTestExecutorService.java:35)
	at org.junit.platform.engine.support.hierarchical.HierarchicalTestExecutor.execute(HierarchicalTestExecutor.java:57)
	at org.junit.platform.engine.support.hierarchical.HierarchicalTestEngine.execute(HierarchicalTestEngine.java:54)
	at org.junit.platform.launcher.core.EngineExecutionOrchestrator.execute(EngineExecutionOrchestrator.java:198)
	at org.junit.platform.launcher.core.EngineExecutionOrchestrator.execute(EngineExecutionOrchestrator.java:169)
	at org.junit.platform.launcher.core.EngineExecutionOrchestrator.execute(EngineExecutionOrchestrator.java:93)
	at org.junit.platform.launcher.core.EngineExecutionOrchestrator.lambda$execute$0(EngineExecutionOrchestrator.java:58)
	at org.junit.platform.launcher.core.EngineExecutionOrchestrator.withInterceptedStreams(EngineExecutionOrchestrator.java:141)
	at org.junit.platform.launcher.core.EngineExecutionOrchestrator.execute(EngineExecutionOrchestrator.java:57)
	at org.junit.platform.launcher.core.DefaultLauncher.execute(DefaultLauncher.java:103)
	at org.junit.platform.launcher.core.DefaultLauncher.execute(DefaultLauncher.java:85)
	at org.junit.platform.launcher.core.DelegatingLauncher.execute(DelegatingLauncher.java:47)
	at org.junit.platform.launcher.core.SessionPerRequestLauncher.execute(SessionPerRequestLauncher.java:63)
	at com.intellij.junit5.JUnit5IdeaTestRunner.startRunnerWithArgs(JUnit5IdeaTestRunner.java:57)
	at com.intellij.rt.junit.IdeaTestRunner$Repeater$1.execute(IdeaTestRunner.java:38)
	at com.intellij.rt.execution.junit.TestsRepeater.repeat(TestsRepeater.java:11)
	at com.intellij.rt.junit.IdeaTestRunner$Repeater.startRunnerWithArgs(IdeaTestRunner.java:35)
	at com.intellij.rt.junit.JUnitStarter.prepareStreamsAndStart(JUnitStarter.java:232)
	at com.intellij.rt.junit.JUnitStarter.main(JUnitStarter.java:55)
2025-03-31 14:49:47 [main] INFO  l.insoft.uztis.tests.utils.TestUtils - Screenshot moved to C:\Users\ingrida.zadorozniene\Desktop\Asm\UZTIS\UZTIS_tests\test-output\screenshots\20250331\144947421_testNavigateToAndReviewApplicationFormsPageTest().png
2025-03-31 14:50:30 [main] INFO  lt.insoft.uztis.tests.UztisPageTest - Navigated to https://uztisdev.asseco.lt/home
2025-03-31 14:50:30 [main] INFO  l.i.u.tests.ApplicationFormsPageTest - Setup complete. ApplicationFormsPage initialized.
2025-03-31 14:50:30 [main] INFO  l.i.u.tests.ApplicationFormsPageTest - Starting test:'testNavigateToAndReviewApplicationFormsPageTest'
2025-03-31 14:50:31 [main] DEBUG l.i.u.tests.ApplicationFormsPageTest - User logged in with test credentials
2025-03-31 14:50:31 [main] DEBUG l.i.u.tests.ApplicationFormsPageTest - Opened 'Application Processing' menu.
2025-03-31 14:50:41 [main] ERROR l.i.u.tests.ApplicationFormsPageTest - Test 'testNavigateToAndReviewApplicationFormsPageTest' failed with error: no such element: Unable to locate element: {"method":"xpath","selector":"//a[@href='/application/description']"}
  (Session info: chrome=134.0.6998.178)
For documentation on this error, please visit: https://www.selenium.dev/documentation/webdriver/troubleshooting/errors#no-such-element-exception
Build info: version: '4.27.0', revision: 'd6e718d134'
System info: os.name: 'Windows 11', os.arch: 'amd64', os.version: '10.0', java.version: '21.0.3'
Driver info: org.openqa.selenium.chrome.ChromeDriver
Command: [f155cc4aafd4669b29c9deae162a5d41, findElement {value=//a[@href='/application/description'], using=xpath}]
Capabilities {acceptInsecureCerts: false, browserName: chrome, browserVersion: 134.0.6998.178, chrome: {chromedriverVersion: 134.0.6998.165 (fd886e2cb29..., userDataDir: C:\Users\INGRID~1.ZAD\AppDa...}, fedcm:accounts: true, goog:chromeOptions: {debuggerAddress: localhost:53022}, networkConnectionEnabled: false, pageLoadStrategy: normal, platformName: windows, proxy: Proxy(), se:cdp: ws://localhost:53022/devtoo..., se:cdpVersion: 134.0.6998.178, setWindowRect: true, strictFileInteractability: false, timeouts: {implicit: 0, pageLoad: 300000, script: 30000}, unhandledPromptBehavior: dismiss and notify, webauthn:extension:credBlob: true, webauthn:extension:largeBlob: true, webauthn:extension:minPinLength: true, webauthn:extension:prf: true, webauthn:virtualAuthenticators: true}
Session ID: f155cc4aafd4669b29c9deae162a5d41
org.openqa.selenium.NoSuchElementException: no such element: Unable to locate element: {"method":"xpath","selector":"//a[@href='/application/description']"}
  (Session info: chrome=134.0.6998.178)
For documentation on this error, please visit: https://www.selenium.dev/documentation/webdriver/troubleshooting/errors#no-such-element-exception
Build info: version: '4.27.0', revision: 'd6e718d134'
System info: os.name: 'Windows 11', os.arch: 'amd64', os.version: '10.0', java.version: '21.0.3'
Driver info: org.openqa.selenium.chrome.ChromeDriver
Command: [f155cc4aafd4669b29c9deae162a5d41, findElement {value=//a[@href='/application/description'], using=xpath}]
Capabilities {acceptInsecureCerts: false, browserName: chrome, browserVersion: 134.0.6998.178, chrome: {chromedriverVersion: 134.0.6998.165 (fd886e2cb29..., userDataDir: C:\Users\INGRID~1.ZAD\AppDa...}, fedcm:accounts: true, goog:chromeOptions: {debuggerAddress: localhost:53022}, networkConnectionEnabled: false, pageLoadStrategy: normal, platformName: windows, proxy: Proxy(), se:cdp: ws://localhost:53022/devtoo..., se:cdpVersion: 134.0.6998.178, setWindowRect: true, strictFileInteractability: false, timeouts: {implicit: 0, pageLoad: 300000, script: 30000}, unhandledPromptBehavior: dismiss and notify, webauthn:extension:credBlob: true, webauthn:extension:largeBlob: true, webauthn:extension:minPinLength: true, webauthn:extension:prf: true, webauthn:virtualAuthenticators: true}
Session ID: f155cc4aafd4669b29c9deae162a5d41
	at java.base/jdk.internal.reflect.DirectConstructorHandleAccessor.newInstance(DirectConstructorHandleAccessor.java:62)
	at java.base/java.lang.reflect.Constructor.newInstanceWithCaller(Constructor.java:502)
	at java.base/java.lang.reflect.Constructor.newInstance(Constructor.java:486)
	at org.openqa.selenium.remote.ErrorCodec.decode(ErrorCodec.java:167)
	at org.openqa.selenium.remote.codec.w3c.W3CHttpResponseCodec.decode(W3CHttpResponseCodec.java:138)
	at org.openqa.selenium.remote.codec.w3c.W3CHttpResponseCodec.decode(W3CHttpResponseCodec.java:50)
	at org.openqa.selenium.remote.HttpCommandExecutor.execute(HttpCommandExecutor.java:190)
	at org.openqa.selenium.remote.service.DriverCommandExecutor.invokeExecute(DriverCommandExecutor.java:216)
	at org.openqa.selenium.remote.service.DriverCommandExecutor.execute(DriverCommandExecutor.java:174)
	at org.openqa.selenium.remote.RemoteWebDriver.execute(RemoteWebDriver.java:545)
	at org.openqa.selenium.remote.ElementLocation$ElementFinder$2.findElement(ElementLocation.java:165)
	at org.openqa.selenium.remote.ElementLocation.findElement(ElementLocation.java:59)
	at org.openqa.selenium.remote.RemoteWebDriver.findElement(RemoteWebDriver.java:368)
	at org.openqa.selenium.remote.RemoteWebDriver.findElement(RemoteWebDriver.java:362)
	at org.openqa.selenium.support.pagefactory.DefaultElementLocator.findElement(DefaultElementLocator.java:68)
	at org.openqa.selenium.support.pagefactory.internal.LocatingElementHandler.invoke(LocatingElementHandler.java:38)
	at jdk.proxy2/jdk.proxy2.$Proxy14.click(Unknown Source)
	at lt.insoft.uztis.pages.ApplicationFormsPage.clickMenuApplicationForms(ApplicationFormsPage.java:235)
	at lt.insoft.uztis.tests.ApplicationFormsPageTest.navigateToApplicationFormsMenu(ApplicationFormsPageTest.java:23)
	at lt.insoft.uztis.tests.ApplicationFormsPageTest.testNavigateToAndReviewApplicationFormsPageTest(ApplicationFormsPageTest.java:58)
	at java.base/jdk.internal.reflect.DirectMethodHandleAccessor.invoke(DirectMethodHandleAccessor.java:103)
	at java.base/java.lang.reflect.Method.invoke(Method.java:580)
	at org.junit.platform.commons.util.ReflectionUtils.invokeMethod(ReflectionUtils.java:728)
	at org.junit.jupiter.engine.execution.MethodInvocation.proceed(MethodInvocation.java:60)
	at org.junit.jupiter.engine.execution.InvocationInterceptorChain$ValidatingInvocation.proceed(InvocationInterceptorChain.java:131)
	at org.junit.jupiter.engine.extension.TimeoutExtension.intercept(TimeoutExtension.java:156)
	at org.junit.jupiter.engine.extension.TimeoutExtension.interceptTestableMethod(TimeoutExtension.java:147)
	at org.junit.jupiter.engine.extension.TimeoutExtension.interceptTestMethod(TimeoutExtension.java:86)
	at org.junit.jupiter.engine.execution.InterceptingExecutableInvoker$ReflectiveInterceptorCall.lambda$ofVoidMethod$0(InterceptingExecutableInvoker.java:103)
	at org.junit.jupiter.engine.execution.InterceptingExecutableInvoker.lambda$invoke$0(InterceptingExecutableInvoker.java:93)
	at org.junit.jupiter.engine.execution.InvocationInterceptorChain$InterceptedInvocation.proceed(InvocationInterceptorChain.java:106)
	at org.junit.jupiter.engine.execution.InvocationInterceptorChain.proceed(InvocationInterceptorChain.java:64)
	at org.junit.jupiter.engine.execution.InvocationInterceptorChain.chainAndInvoke(InvocationInterceptorChain.java:45)
	at org.junit.jupiter.engine.execution.InvocationInterceptorChain.invoke(InvocationInterceptorChain.java:37)
	at org.junit.jupiter.engine.execution.InterceptingExecutableInvoker.invoke(InterceptingExecutableInvoker.java:92)
	at org.junit.jupiter.engine.execution.InterceptingExecutableInvoker.invoke(InterceptingExecutableInvoker.java:86)
	at org.junit.jupiter.engine.descriptor.TestMethodTestDescriptor.lambda$invokeTestMethod$7(TestMethodTestDescriptor.java:218)
	at org.junit.platform.engine.support.hierarchical.ThrowableCollector.execute(ThrowableCollector.java:73)
	at org.junit.jupiter.engine.descriptor.TestMethodTestDescriptor.invokeTestMethod(TestMethodTestDescriptor.java:214)
	at org.junit.jupiter.engine.descriptor.TestMethodTestDescriptor.execute(TestMethodTestDescriptor.java:139)
	at org.junit.jupiter.engine.descriptor.TestMethodTestDescriptor.execute(TestMethodTestDescriptor.java:69)
	at org.junit.platform.engine.support.hierarchical.NodeTestTask.lambda$executeRecursively$6(NodeTestTask.java:151)
	at org.junit.platform.engine.support.hierarchical.ThrowableCollector.execute(ThrowableCollector.java:73)
	at org.junit.platform.engine.support.hierarchical.NodeTestTask.lambda$executeRecursively$8(NodeTestTask.java:141)
	at org.junit.platform.engine.support.hierarchical.Node.around(Node.java:137)
	at org.junit.platform.engine.support.hierarchical.NodeTestTask.lambda$executeRecursively$9(NodeTestTask.java:139)
	at org.junit.platform.engine.support.hierarchical.ThrowableCollector.execute(ThrowableCollector.java:73)
	at org.junit.platform.engine.support.hierarchical.NodeTestTask.executeRecursively(NodeTestTask.java:138)
	at org.junit.platform.engine.support.hierarchical.NodeTestTask.execute(NodeTestTask.java:95)
	at java.base/java.util.ArrayList.forEach(ArrayList.java:1596)
	at org.junit.platform.engine.support.hierarchical.SameThreadHierarchicalTestExecutorService.invokeAll(SameThreadHierarchicalTestExecutorService.java:41)
	at org.junit.platform.engine.support.hierarchical.NodeTestTask.lambda$executeRecursively$6(NodeTestTask.java:155)
	at org.junit.platform.engine.support.hierarchical.ThrowableCollector.execute(ThrowableCollector.java:73)
	at org.junit.platform.engine.support.hierarchical.NodeTestTask.lambda$executeRecursively$8(NodeTestTask.java:141)
	at org.junit.platform.engine.support.hierarchical.Node.around(Node.java:137)
	at org.junit.platform.engine.support.hierarchical.NodeTestTask.lambda$executeRecursively$9(NodeTestTask.java:139)
	at org.junit.platform.engine.support.hierarchical.ThrowableCollector.execute(ThrowableCollector.java:73)
	at org.junit.platform.engine.support.hierarchical.NodeTestTask.executeRecursively(NodeTestTask.java:138)
	at org.junit.platform.engine.support.hierarchical.NodeTestTask.execute(NodeTestTask.java:95)
	at java.base/java.util.ArrayList.forEach(ArrayList.java:1596)
	at org.junit.platform.engine.support.hierarchical.SameThreadHierarchicalTestExecutorService.invokeAll(SameThreadHierarchicalTestExecutorService.java:41)
	at org.junit.platform.engine.support.hierarchical.NodeTestTask.lambda$executeRecursively$6(NodeTestTask.java:155)
	at org.junit.platform.engine.support.hierarchical.ThrowableCollector.execute(ThrowableCollector.java:73)
	at org.junit.platform.engine.support.hierarchical.NodeTestTask.lambda$executeRecursively$8(NodeTestTask.java:141)
	at org.junit.platform.engine.support.hierarchical.Node.around(Node.java:137)
	at org.junit.platform.engine.support.hierarchical.NodeTestTask.lambda$executeRecursively$9(NodeTestTask.java:139)
	at org.junit.platform.engine.support.hierarchical.ThrowableCollector.execute(ThrowableCollector.java:73)
	at org.junit.platform.engine.support.hierarchical.NodeTestTask.executeRecursively(NodeTestTask.java:138)
	at org.junit.platform.engine.support.hierarchical.NodeTestTask.execute(NodeTestTask.java:95)
	at org.junit.platform.engine.support.hierarchical.SameThreadHierarchicalTestExecutorService.submit(SameThreadHierarchicalTestExecutorService.java:35)
	at org.junit.platform.engine.support.hierarchical.HierarchicalTestExecutor.execute(HierarchicalTestExecutor.java:57)
	at org.junit.platform.engine.support.hierarchical.HierarchicalTestEngine.execute(HierarchicalTestEngine.java:54)
	at org.junit.platform.launcher.core.EngineExecutionOrchestrator.execute(EngineExecutionOrchestrator.java:198)
	at org.junit.platform.launcher.core.EngineExecutionOrchestrator.execute(EngineExecutionOrchestrator.java:169)
	at org.junit.platform.launcher.core.EngineExecutionOrchestrator.execute(EngineExecutionOrchestrator.java:93)
	at org.junit.platform.launcher.core.EngineExecutionOrchestrator.lambda$execute$0(EngineExecutionOrchestrator.java:58)
	at org.junit.platform.launcher.core.EngineExecutionOrchestrator.withInterceptedStreams(EngineExecutionOrchestrator.java:141)
	at org.junit.platform.launcher.core.EngineExecutionOrchestrator.execute(EngineExecutionOrchestrator.java:57)
	at org.junit.platform.launcher.core.DefaultLauncher.execute(DefaultLauncher.java:103)
	at org.junit.platform.launcher.core.DefaultLauncher.execute(DefaultLauncher.java:85)
	at org.junit.platform.launcher.core.DelegatingLauncher.execute(DelegatingLauncher.java:47)
	at org.junit.platform.launcher.core.SessionPerRequestLauncher.execute(SessionPerRequestLauncher.java:63)
	at com.intellij.junit5.JUnit5IdeaTestRunner.startRunnerWithArgs(JUnit5IdeaTestRunner.java:57)
	at com.intellij.rt.junit.IdeaTestRunner$Repeater$1.execute(IdeaTestRunner.java:38)
	at com.intellij.rt.execution.junit.TestsRepeater.repeat(TestsRepeater.java:11)
	at com.intellij.rt.junit.IdeaTestRunner$Repeater.startRunnerWithArgs(IdeaTestRunner.java:35)
	at com.intellij.rt.junit.JUnitStarter.prepareStreamsAndStart(JUnitStarter.java:232)
	at com.intellij.rt.junit.JUnitStarter.main(JUnitStarter.java:55)
2025-03-31 14:50:41 [main] INFO  l.insoft.uztis.tests.utils.TestUtils - Screenshot moved to C:\Users\ingrida.zadorozniene\Desktop\Asm\UZTIS\UZTIS_tests\test-output\screenshots\20250331\145041900_testNavigateToAndReviewApplicationFormsPageTest().png
2025-03-31 14:51:23 [main] INFO  lt.insoft.uztis.tests.UztisPageTest - Navigated to https://uztisdev.asseco.lt/home
2025-03-31 14:51:23 [main] INFO  l.i.u.tests.ApplicationFormsPageTest - Setup complete. ApplicationFormsPage initialized.
2025-03-31 14:51:23 [main] INFO  l.i.u.tests.ApplicationFormsPageTest - Starting test:'testNavigateToAndReviewApplicationFormsPageTest'
2025-03-31 14:51:23 [main] DEBUG l.i.u.tests.ApplicationFormsPageTest - User logged in with test credentials
2025-03-31 14:51:24 [main] DEBUG l.i.u.tests.ApplicationFormsPageTest - Opened 'Application Processing' menu.
2025-03-31 14:51:34 [main] ERROR l.i.u.tests.ApplicationFormsPageTest - Test 'testNavigateToAndReviewApplicationFormsPageTest' failed with error: no such element: Unable to locate element: {"method":"xpath","selector":"//a[@href='/application/description']"}
  (Session info: chrome=134.0.6998.178)
For documentation on this error, please visit: https://www.selenium.dev/documentation/webdriver/troubleshooting/errors#no-such-element-exception
Build info: version: '4.27.0', revision: 'd6e718d134'
System info: os.name: 'Windows 11', os.arch: 'amd64', os.version: '10.0', java.version: '21.0.3'
Driver info: org.openqa.selenium.chrome.ChromeDriver
Command: [9794fc3416a5aab89afb93554fbb1eb6, findElement {value=//a[@href='/application/description'], using=xpath}]
Capabilities {acceptInsecureCerts: false, browserName: chrome, browserVersion: 134.0.6998.178, chrome: {chromedriverVersion: 134.0.6998.165 (fd886e2cb29..., userDataDir: C:\Users\INGRID~1.ZAD\AppDa...}, fedcm:accounts: true, goog:chromeOptions: {debuggerAddress: localhost:53098}, networkConnectionEnabled: false, pageLoadStrategy: normal, platformName: windows, proxy: Proxy(), se:cdp: ws://localhost:53098/devtoo..., se:cdpVersion: 134.0.6998.178, setWindowRect: true, strictFileInteractability: false, timeouts: {implicit: 0, pageLoad: 300000, script: 30000}, unhandledPromptBehavior: dismiss and notify, webauthn:extension:credBlob: true, webauthn:extension:largeBlob: true, webauthn:extension:minPinLength: true, webauthn:extension:prf: true, webauthn:virtualAuthenticators: true}
Session ID: 9794fc3416a5aab89afb93554fbb1eb6
org.openqa.selenium.NoSuchElementException: no such element: Unable to locate element: {"method":"xpath","selector":"//a[@href='/application/description']"}
  (Session info: chrome=134.0.6998.178)
For documentation on this error, please visit: https://www.selenium.dev/documentation/webdriver/troubleshooting/errors#no-such-element-exception
Build info: version: '4.27.0', revision: 'd6e718d134'
System info: os.name: 'Windows 11', os.arch: 'amd64', os.version: '10.0', java.version: '21.0.3'
Driver info: org.openqa.selenium.chrome.ChromeDriver
Command: [9794fc3416a5aab89afb93554fbb1eb6, findElement {value=//a[@href='/application/description'], using=xpath}]
Capabilities {acceptInsecureCerts: false, browserName: chrome, browserVersion: 134.0.6998.178, chrome: {chromedriverVersion: 134.0.6998.165 (fd886e2cb29..., userDataDir: C:\Users\INGRID~1.ZAD\AppDa...}, fedcm:accounts: true, goog:chromeOptions: {debuggerAddress: localhost:53098}, networkConnectionEnabled: false, pageLoadStrategy: normal, platformName: windows, proxy: Proxy(), se:cdp: ws://localhost:53098/devtoo..., se:cdpVersion: 134.0.6998.178, setWindowRect: true, strictFileInteractability: false, timeouts: {implicit: 0, pageLoad: 300000, script: 30000}, unhandledPromptBehavior: dismiss and notify, webauthn:extension:credBlob: true, webauthn:extension:largeBlob: true, webauthn:extension:minPinLength: true, webauthn:extension:prf: true, webauthn:virtualAuthenticators: true}
Session ID: 9794fc3416a5aab89afb93554fbb1eb6
	at java.base/jdk.internal.reflect.DirectConstructorHandleAccessor.newInstance(DirectConstructorHandleAccessor.java:62)
	at java.base/java.lang.reflect.Constructor.newInstanceWithCaller(Constructor.java:502)
	at java.base/java.lang.reflect.Constructor.newInstance(Constructor.java:486)
	at org.openqa.selenium.remote.ErrorCodec.decode(ErrorCodec.java:167)
	at org.openqa.selenium.remote.codec.w3c.W3CHttpResponseCodec.decode(W3CHttpResponseCodec.java:138)
	at org.openqa.selenium.remote.codec.w3c.W3CHttpResponseCodec.decode(W3CHttpResponseCodec.java:50)
	at org.openqa.selenium.remote.HttpCommandExecutor.execute(HttpCommandExecutor.java:190)
	at org.openqa.selenium.remote.service.DriverCommandExecutor.invokeExecute(DriverCommandExecutor.java:216)
	at org.openqa.selenium.remote.service.DriverCommandExecutor.execute(DriverCommandExecutor.java:174)
	at org.openqa.selenium.remote.RemoteWebDriver.execute(RemoteWebDriver.java:545)
	at org.openqa.selenium.remote.ElementLocation$ElementFinder$2.findElement(ElementLocation.java:165)
	at org.openqa.selenium.remote.ElementLocation.findElement(ElementLocation.java:59)
	at org.openqa.selenium.remote.RemoteWebDriver.findElement(RemoteWebDriver.java:368)
	at org.openqa.selenium.remote.RemoteWebDriver.findElement(RemoteWebDriver.java:362)
	at org.openqa.selenium.support.pagefactory.DefaultElementLocator.findElement(DefaultElementLocator.java:68)
	at org.openqa.selenium.support.pagefactory.internal.LocatingElementHandler.invoke(LocatingElementHandler.java:38)
	at jdk.proxy2/jdk.proxy2.$Proxy14.click(Unknown Source)
	at lt.insoft.uztis.pages.ApplicationFormsPage.clickMenuApplicationForms(ApplicationFormsPage.java:235)
	at lt.insoft.uztis.tests.ApplicationFormsPageTest.navigateToApplicationFormsMenu(ApplicationFormsPageTest.java:23)
	at lt.insoft.uztis.tests.ApplicationFormsPageTest.testNavigateToAndReviewApplicationFormsPageTest(ApplicationFormsPageTest.java:58)
	at java.base/jdk.internal.reflect.DirectMethodHandleAccessor.invoke(DirectMethodHandleAccessor.java:103)
	at java.base/java.lang.reflect.Method.invoke(Method.java:580)
	at org.junit.platform.commons.util.ReflectionUtils.invokeMethod(ReflectionUtils.java:728)
	at org.junit.jupiter.engine.execution.MethodInvocation.proceed(MethodInvocation.java:60)
	at org.junit.jupiter.engine.execution.InvocationInterceptorChain$ValidatingInvocation.proceed(InvocationInterceptorChain.java:131)
	at org.junit.jupiter.engine.extension.TimeoutExtension.intercept(TimeoutExtension.java:156)
	at org.junit.jupiter.engine.extension.TimeoutExtension.interceptTestableMethod(TimeoutExtension.java:147)
	at org.junit.jupiter.engine.extension.TimeoutExtension.interceptTestMethod(TimeoutExtension.java:86)
	at org.junit.jupiter.engine.execution.InterceptingExecutableInvoker$ReflectiveInterceptorCall.lambda$ofVoidMethod$0(InterceptingExecutableInvoker.java:103)
	at org.junit.jupiter.engine.execution.InterceptingExecutableInvoker.lambda$invoke$0(InterceptingExecutableInvoker.java:93)
	at org.junit.jupiter.engine.execution.InvocationInterceptorChain$InterceptedInvocation.proceed(InvocationInterceptorChain.java:106)
	at org.junit.jupiter.engine.execution.InvocationInterceptorChain.proceed(InvocationInterceptorChain.java:64)
	at org.junit.jupiter.engine.execution.InvocationInterceptorChain.chainAndInvoke(InvocationInterceptorChain.java:45)
	at org.junit.jupiter.engine.execution.InvocationInterceptorChain.invoke(InvocationInterceptorChain.java:37)
	at org.junit.jupiter.engine.execution.InterceptingExecutableInvoker.invoke(InterceptingExecutableInvoker.java:92)
	at org.junit.jupiter.engine.execution.InterceptingExecutableInvoker.invoke(InterceptingExecutableInvoker.java:86)
	at org.junit.jupiter.engine.descriptor.TestMethodTestDescriptor.lambda$invokeTestMethod$7(TestMethodTestDescriptor.java:218)
	at org.junit.platform.engine.support.hierarchical.ThrowableCollector.execute(ThrowableCollector.java:73)
	at org.junit.jupiter.engine.descriptor.TestMethodTestDescriptor.invokeTestMethod(TestMethodTestDescriptor.java:214)
	at org.junit.jupiter.engine.descriptor.TestMethodTestDescriptor.execute(TestMethodTestDescriptor.java:139)
	at org.junit.jupiter.engine.descriptor.TestMethodTestDescriptor.execute(TestMethodTestDescriptor.java:69)
	at org.junit.platform.engine.support.hierarchical.NodeTestTask.lambda$executeRecursively$6(NodeTestTask.java:151)
	at org.junit.platform.engine.support.hierarchical.ThrowableCollector.execute(ThrowableCollector.java:73)
	at org.junit.platform.engine.support.hierarchical.NodeTestTask.lambda$executeRecursively$8(NodeTestTask.java:141)
	at org.junit.platform.engine.support.hierarchical.Node.around(Node.java:137)
	at org.junit.platform.engine.support.hierarchical.NodeTestTask.lambda$executeRecursively$9(NodeTestTask.java:139)
	at org.junit.platform.engine.support.hierarchical.ThrowableCollector.execute(ThrowableCollector.java:73)
	at org.junit.platform.engine.support.hierarchical.NodeTestTask.executeRecursively(NodeTestTask.java:138)
	at org.junit.platform.engine.support.hierarchical.NodeTestTask.execute(NodeTestTask.java:95)
	at java.base/java.util.ArrayList.forEach(ArrayList.java:1596)
	at org.junit.platform.engine.support.hierarchical.SameThreadHierarchicalTestExecutorService.invokeAll(SameThreadHierarchicalTestExecutorService.java:41)
	at org.junit.platform.engine.support.hierarchical.NodeTestTask.lambda$executeRecursively$6(NodeTestTask.java:155)
	at org.junit.platform.engine.support.hierarchical.ThrowableCollector.execute(ThrowableCollector.java:73)
	at org.junit.platform.engine.support.hierarchical.NodeTestTask.lambda$executeRecursively$8(NodeTestTask.java:141)
	at org.junit.platform.engine.support.hierarchical.Node.around(Node.java:137)
	at org.junit.platform.engine.support.hierarchical.NodeTestTask.lambda$executeRecursively$9(NodeTestTask.java:139)
	at org.junit.platform.engine.support.hierarchical.ThrowableCollector.execute(ThrowableCollector.java:73)
	at org.junit.platform.engine.support.hierarchical.NodeTestTask.executeRecursively(NodeTestTask.java:138)
	at org.junit.platform.engine.support.hierarchical.NodeTestTask.execute(NodeTestTask.java:95)
	at java.base/java.util.ArrayList.forEach(ArrayList.java:1596)
	at org.junit.platform.engine.support.hierarchical.SameThreadHierarchicalTestExecutorService.invokeAll(SameThreadHierarchicalTestExecutorService.java:41)
	at org.junit.platform.engine.support.hierarchical.NodeTestTask.lambda$executeRecursively$6(NodeTestTask.java:155)
	at org.junit.platform.engine.support.hierarchical.ThrowableCollector.execute(ThrowableCollector.java:73)
	at org.junit.platform.engine.support.hierarchical.NodeTestTask.lambda$executeRecursively$8(NodeTestTask.java:141)
	at org.junit.platform.engine.support.hierarchical.Node.around(Node.java:137)
	at org.junit.platform.engine.support.hierarchical.NodeTestTask.lambda$executeRecursively$9(NodeTestTask.java:139)
	at org.junit.platform.engine.support.hierarchical.ThrowableCollector.execute(ThrowableCollector.java:73)
	at org.junit.platform.engine.support.hierarchical.NodeTestTask.executeRecursively(NodeTestTask.java:138)
	at org.junit.platform.engine.support.hierarchical.NodeTestTask.execute(NodeTestTask.java:95)
	at org.junit.platform.engine.support.hierarchical.SameThreadHierarchicalTestExecutorService.submit(SameThreadHierarchicalTestExecutorService.java:35)
	at org.junit.platform.engine.support.hierarchical.HierarchicalTestExecutor.execute(HierarchicalTestExecutor.java:57)
	at org.junit.platform.engine.support.hierarchical.HierarchicalTestEngine.execute(HierarchicalTestEngine.java:54)
	at org.junit.platform.launcher.core.EngineExecutionOrchestrator.execute(EngineExecutionOrchestrator.java:198)
	at org.junit.platform.launcher.core.EngineExecutionOrchestrator.execute(EngineExecutionOrchestrator.java:169)
	at org.junit.platform.launcher.core.EngineExecutionOrchestrator.execute(EngineExecutionOrchestrator.java:93)
	at org.junit.platform.launcher.core.EngineExecutionOrchestrator.lambda$execute$0(EngineExecutionOrchestrator.java:58)
	at org.junit.platform.launcher.core.EngineExecutionOrchestrator.withInterceptedStreams(EngineExecutionOrchestrator.java:141)
	at org.junit.platform.launcher.core.EngineExecutionOrchestrator.execute(EngineExecutionOrchestrator.java:57)
	at org.junit.platform.launcher.core.DefaultLauncher.execute(DefaultLauncher.java:103)
	at org.junit.platform.launcher.core.DefaultLauncher.execute(DefaultLauncher.java:85)
	at org.junit.platform.launcher.core.DelegatingLauncher.execute(DelegatingLauncher.java:47)
	at org.junit.platform.launcher.core.SessionPerRequestLauncher.execute(SessionPerRequestLauncher.java:63)
	at com.intellij.junit5.JUnit5IdeaTestRunner.startRunnerWithArgs(JUnit5IdeaTestRunner.java:57)
	at com.intellij.rt.junit.IdeaTestRunner$Repeater$1.execute(IdeaTestRunner.java:38)
	at com.intellij.rt.execution.junit.TestsRepeater.repeat(TestsRepeater.java:11)
	at com.intellij.rt.junit.IdeaTestRunner$Repeater.startRunnerWithArgs(IdeaTestRunner.java:35)
	at com.intellij.rt.junit.JUnitStarter.prepareStreamsAndStart(JUnitStarter.java:232)
	at com.intellij.rt.junit.JUnitStarter.main(JUnitStarter.java:55)
2025-03-31 14:51:34 [main] INFO  l.insoft.uztis.tests.utils.TestUtils - Screenshot moved to C:\Users\ingrida.zadorozniene\Desktop\Asm\UZTIS\UZTIS_tests\test-output\screenshots\20250331\145134366_testNavigateToAndReviewApplicationFormsPageTest().png
2025-03-31 14:56:04 [main] INFO  lt.insoft.uztis.tests.UztisPageTest - Navigated to https://uztisdev.asseco.lt/home
2025-03-31 14:56:04 [main] INFO  l.i.u.tests.ApplicationFormsPageTest - Setup complete. ApplicationFormsPage initialized.
2025-03-31 14:56:04 [main] INFO  l.i.u.tests.ApplicationFormsPageTest - Starting test:'testCreateNewPvkApplication'
2025-03-31 14:56:05 [main] DEBUG l.i.u.tests.ApplicationFormsPageTest - User logged in with test credentials
2025-03-31 14:56:05 [main] DEBUG l.i.u.tests.ApplicationFormsPageTest - Opened 'Application Processing' menu.
2025-03-31 14:56:15 [main] ERROR l.i.u.tests.ApplicationFormsPageTest - Test 'testCreateNewPvkApplication' failed with error: element not interactable
  (Session info: chrome=134.0.6998.178)
Build info: version: '4.27.0', revision: 'd6e718d134'
System info: os.name: 'Windows 11', os.arch: 'amd64', os.version: '10.0', java.version: '21.0.3'
Driver info: org.openqa.selenium.chrome.ChromeDriver
Command: [b468b1b4e8b6b35d6c80b40dca07362a, clickElement {id=f.EC9477163B9D75431BE52819907F131E.d.AFDF01B61FFCB3EC69256E6B5BD89206.e.34}]
Capabilities {acceptInsecureCerts: false, browserName: chrome, browserVersion: 134.0.6998.178, chrome: {chromedriverVersion: 134.0.6998.165 (fd886e2cb29..., userDataDir: C:\Users\INGRID~1.ZAD\AppDa...}, fedcm:accounts: true, goog:chromeOptions: {debuggerAddress: localhost:53523}, networkConnectionEnabled: false, pageLoadStrategy: normal, platformName: windows, proxy: Proxy(), se:cdp: ws://localhost:53523/devtoo..., se:cdpVersion: 134.0.6998.178, setWindowRect: true, strictFileInteractability: false, timeouts: {implicit: 0, pageLoad: 300000, script: 30000}, unhandledPromptBehavior: dismiss and notify, webauthn:extension:credBlob: true, webauthn:extension:largeBlob: true, webauthn:extension:minPinLength: true, webauthn:extension:prf: true, webauthn:virtualAuthenticators: true}
Element: [[ChromeDriver: chrome on windows (b468b1b4e8b6b35d6c80b40dca07362a)] -> xpath: //a[@href='/application/description']]
Session ID: b468b1b4e8b6b35d6c80b40dca07362a
org.openqa.selenium.ElementNotInteractableException: element not interactable
  (Session info: chrome=134.0.6998.178)
Build info: version: '4.27.0', revision: 'd6e718d134'
System info: os.name: 'Windows 11', os.arch: 'amd64', os.version: '10.0', java.version: '21.0.3'
Driver info: org.openqa.selenium.chrome.ChromeDriver
Command: [b468b1b4e8b6b35d6c80b40dca07362a, clickElement {id=f.EC9477163B9D75431BE52819907F131E.d.AFDF01B61FFCB3EC69256E6B5BD89206.e.34}]
Capabilities {acceptInsecureCerts: false, browserName: chrome, browserVersion: 134.0.6998.178, chrome: {chromedriverVersion: 134.0.6998.165 (fd886e2cb29..., userDataDir: C:\Users\INGRID~1.ZAD\AppDa...}, fedcm:accounts: true, goog:chromeOptions: {debuggerAddress: localhost:53523}, networkConnectionEnabled: false, pageLoadStrategy: normal, platformName: windows, proxy: Proxy(), se:cdp: ws://localhost:53523/devtoo..., se:cdpVersion: 134.0.6998.178, setWindowRect: true, strictFileInteractability: false, timeouts: {implicit: 0, pageLoad: 300000, script: 30000}, unhandledPromptBehavior: dismiss and notify, webauthn:extension:credBlob: true, webauthn:extension:largeBlob: true, webauthn:extension:minPinLength: true, webauthn:extension:prf: true, webauthn:virtualAuthenticators: true}
Element: [[ChromeDriver: chrome on windows (b468b1b4e8b6b35d6c80b40dca07362a)] -> xpath: //a[@href='/application/description']]
Session ID: b468b1b4e8b6b35d6c80b40dca07362a
	at java.base/jdk.internal.reflect.DirectConstructorHandleAccessor.newInstance(DirectConstructorHandleAccessor.java:62)
	at java.base/java.lang.reflect.Constructor.newInstanceWithCaller(Constructor.java:502)
	at java.base/java.lang.reflect.Constructor.newInstance(Constructor.java:486)
	at org.openqa.selenium.remote.ErrorCodec.decode(ErrorCodec.java:167)
	at org.openqa.selenium.remote.codec.w3c.W3CHttpResponseCodec.decode(W3CHttpResponseCodec.java:138)
	at org.openqa.selenium.remote.codec.w3c.W3CHttpResponseCodec.decode(W3CHttpResponseCodec.java:50)
	at org.openqa.selenium.remote.HttpCommandExecutor.execute(HttpCommandExecutor.java:190)
	at org.openqa.selenium.remote.service.DriverCommandExecutor.invokeExecute(DriverCommandExecutor.java:216)
	at org.openqa.selenium.remote.service.DriverCommandExecutor.execute(DriverCommandExecutor.java:174)
	at org.openqa.selenium.remote.RemoteWebDriver.execute(RemoteWebDriver.java:545)
	at org.openqa.selenium.remote.RemoteWebElement.execute(RemoteWebElement.java:223)
	at org.openqa.selenium.remote.RemoteWebElement.click(RemoteWebElement.java:76)
	at java.base/jdk.internal.reflect.DirectMethodHandleAccessor.invoke(DirectMethodHandleAccessor.java:103)
	at java.base/java.lang.reflect.Method.invoke(Method.java:580)
	at org.openqa.selenium.support.pagefactory.internal.LocatingElementHandler.invoke(LocatingElementHandler.java:51)
	at jdk.proxy2/jdk.proxy2.$Proxy14.click(Unknown Source)
	at lt.insoft.uztis.pages.ApplicationFormsPage.clickMenuApplicationForms(ApplicationFormsPage.java:242)
	at lt.insoft.uztis.tests.ApplicationFormsPageTest.navigateToApplicationFormsMenu(ApplicationFormsPageTest.java:24)
	at lt.insoft.uztis.tests.ApplicationFormsPageTest.testCreateNewPvkApplication(ApplicationFormsPageTest.java:378)
	at java.base/jdk.internal.reflect.DirectMethodHandleAccessor.invoke(DirectMethodHandleAccessor.java:103)
	at java.base/java.lang.reflect.Method.invoke(Method.java:580)
	at org.junit.platform.commons.util.ReflectionUtils.invokeMethod(ReflectionUtils.java:728)
	at org.junit.jupiter.engine.execution.MethodInvocation.proceed(MethodInvocation.java:60)
	at org.junit.jupiter.engine.execution.InvocationInterceptorChain$ValidatingInvocation.proceed(InvocationInterceptorChain.java:131)
	at org.junit.jupiter.engine.extension.TimeoutExtension.intercept(TimeoutExtension.java:156)
	at org.junit.jupiter.engine.extension.TimeoutExtension.interceptTestableMethod(TimeoutExtension.java:147)
	at org.junit.jupiter.engine.extension.TimeoutExtension.interceptTestMethod(TimeoutExtension.java:86)
	at org.junit.jupiter.engine.execution.InterceptingExecutableInvoker$ReflectiveInterceptorCall.lambda$ofVoidMethod$0(InterceptingExecutableInvoker.java:103)
	at org.junit.jupiter.engine.execution.InterceptingExecutableInvoker.lambda$invoke$0(InterceptingExecutableInvoker.java:93)
	at org.junit.jupiter.engine.execution.InvocationInterceptorChain$InterceptedInvocation.proceed(InvocationInterceptorChain.java:106)
	at org.junit.jupiter.engine.execution.InvocationInterceptorChain.proceed(InvocationInterceptorChain.java:64)
	at org.junit.jupiter.engine.execution.InvocationInterceptorChain.chainAndInvoke(InvocationInterceptorChain.java:45)
	at org.junit.jupiter.engine.execution.InvocationInterceptorChain.invoke(InvocationInterceptorChain.java:37)
	at org.junit.jupiter.engine.execution.InterceptingExecutableInvoker.invoke(InterceptingExecutableInvoker.java:92)
	at org.junit.jupiter.engine.execution.InterceptingExecutableInvoker.invoke(InterceptingExecutableInvoker.java:86)
	at org.junit.jupiter.engine.descriptor.TestMethodTestDescriptor.lambda$invokeTestMethod$7(TestMethodTestDescriptor.java:218)
	at org.junit.platform.engine.support.hierarchical.ThrowableCollector.execute(ThrowableCollector.java:73)
	at org.junit.jupiter.engine.descriptor.TestMethodTestDescriptor.invokeTestMethod(TestMethodTestDescriptor.java:214)
	at org.junit.jupiter.engine.descriptor.TestMethodTestDescriptor.execute(TestMethodTestDescriptor.java:139)
	at org.junit.jupiter.engine.descriptor.TestMethodTestDescriptor.execute(TestMethodTestDescriptor.java:69)
	at org.junit.platform.engine.support.hierarchical.NodeTestTask.lambda$executeRecursively$6(NodeTestTask.java:151)
	at org.junit.platform.engine.support.hierarchical.ThrowableCollector.execute(ThrowableCollector.java:73)
	at org.junit.platform.engine.support.hierarchical.NodeTestTask.lambda$executeRecursively$8(NodeTestTask.java:141)
	at org.junit.platform.engine.support.hierarchical.Node.around(Node.java:137)
	at org.junit.platform.engine.support.hierarchical.NodeTestTask.lambda$executeRecursively$9(NodeTestTask.java:139)
	at org.junit.platform.engine.support.hierarchical.ThrowableCollector.execute(ThrowableCollector.java:73)
	at org.junit.platform.engine.support.hierarchical.NodeTestTask.executeRecursively(NodeTestTask.java:138)
	at org.junit.platform.engine.support.hierarchical.NodeTestTask.execute(NodeTestTask.java:95)
	at java.base/java.util.ArrayList.forEach(ArrayList.java:1596)
	at org.junit.platform.engine.support.hierarchical.SameThreadHierarchicalTestExecutorService.invokeAll(SameThreadHierarchicalTestExecutorService.java:41)
	at org.junit.platform.engine.support.hierarchical.NodeTestTask.lambda$executeRecursively$6(NodeTestTask.java:155)
	at org.junit.platform.engine.support.hierarchical.ThrowableCollector.execute(ThrowableCollector.java:73)
	at org.junit.platform.engine.support.hierarchical.NodeTestTask.lambda$executeRecursively$8(NodeTestTask.java:141)
	at org.junit.platform.engine.support.hierarchical.Node.around(Node.java:137)
	at org.junit.platform.engine.support.hierarchical.NodeTestTask.lambda$executeRecursively$9(NodeTestTask.java:139)
	at org.junit.platform.engine.support.hierarchical.ThrowableCollector.execute(ThrowableCollector.java:73)
	at org.junit.platform.engine.support.hierarchical.NodeTestTask.executeRecursively(NodeTestTask.java:138)
	at org.junit.platform.engine.support.hierarchical.NodeTestTask.execute(NodeTestTask.java:95)
	at java.base/java.util.ArrayList.forEach(ArrayList.java:1596)
	at org.junit.platform.engine.support.hierarchical.SameThreadHierarchicalTestExecutorService.invokeAll(SameThreadHierarchicalTestExecutorService.java:41)
	at org.junit.platform.engine.support.hierarchical.NodeTestTask.lambda$executeRecursively$6(NodeTestTask.java:155)
	at org.junit.platform.engine.support.hierarchical.ThrowableCollector.execute(ThrowableCollector.java:73)
	at org.junit.platform.engine.support.hierarchical.NodeTestTask.lambda$executeRecursively$8(NodeTestTask.java:141)
	at org.junit.platform.engine.support.hierarchical.Node.around(Node.java:137)
	at org.junit.platform.engine.support.hierarchical.NodeTestTask.lambda$executeRecursively$9(NodeTestTask.java:139)
	at org.junit.platform.engine.support.hierarchical.ThrowableCollector.execute(ThrowableCollector.java:73)
	at org.junit.platform.engine.support.hierarchical.NodeTestTask.executeRecursively(NodeTestTask.java:138)
	at org.junit.platform.engine.support.hierarchical.NodeTestTask.execute(NodeTestTask.java:95)
	at org.junit.platform.engine.support.hierarchical.SameThreadHierarchicalTestExecutorService.submit(SameThreadHierarchicalTestExecutorService.java:35)
	at org.junit.platform.engine.support.hierarchical.HierarchicalTestExecutor.execute(HierarchicalTestExecutor.java:57)
	at org.junit.platform.engine.support.hierarchical.HierarchicalTestEngine.execute(HierarchicalTestEngine.java:54)
	at org.junit.platform.launcher.core.EngineExecutionOrchestrator.execute(EngineExecutionOrchestrator.java:198)
	at org.junit.platform.launcher.core.EngineExecutionOrchestrator.execute(EngineExecutionOrchestrator.java:169)
	at org.junit.platform.launcher.core.EngineExecutionOrchestrator.execute(EngineExecutionOrchestrator.java:93)
	at org.junit.platform.launcher.core.EngineExecutionOrchestrator.lambda$execute$0(EngineExecutionOrchestrator.java:58)
	at org.junit.platform.launcher.core.EngineExecutionOrchestrator.withInterceptedStreams(EngineExecutionOrchestrator.java:141)
	at org.junit.platform.launcher.core.EngineExecutionOrchestrator.execute(EngineExecutionOrchestrator.java:57)
	at org.junit.platform.launcher.core.DefaultLauncher.execute(DefaultLauncher.java:103)
	at org.junit.platform.launcher.core.DefaultLauncher.execute(DefaultLauncher.java:85)
	at org.junit.platform.launcher.core.DelegatingLauncher.execute(DelegatingLauncher.java:47)
	at org.junit.platform.launcher.core.SessionPerRequestLauncher.execute(SessionPerRequestLauncher.java:63)
	at com.intellij.junit5.JUnit5IdeaTestRunner.startRunnerWithArgs(JUnit5IdeaTestRunner.java:57)
	at com.intellij.rt.junit.IdeaTestRunner$Repeater$1.execute(IdeaTestRunner.java:38)
	at com.intellij.rt.execution.junit.TestsRepeater.repeat(TestsRepeater.java:11)
	at com.intellij.rt.junit.IdeaTestRunner$Repeater.startRunnerWithArgs(IdeaTestRunner.java:35)
	at com.intellij.rt.junit.JUnitStarter.prepareStreamsAndStart(JUnitStarter.java:232)
	at com.intellij.rt.junit.JUnitStarter.main(JUnitStarter.java:55)
2025-03-31 14:56:16 [main] INFO  l.insoft.uztis.tests.utils.TestUtils - Screenshot moved to C:\Users\ingrida.zadorozniene\Desktop\Asm\UZTIS\UZTIS_tests\test-output\screenshots\20250331\145616063_testCreateNewPvkApplication().png
2025-03-31 14:56:17 [main] INFO  lt.insoft.uztis.tests.UztisPageTest - Navigated to https://uztisdev.asseco.lt/home
2025-03-31 14:56:17 [main] INFO  l.i.u.tests.ApplicationFormsPageTest - Setup complete. ApplicationFormsPage initialized.
2025-03-31 14:56:17 [main] INFO  l.i.u.tests.ApplicationFormsPageTest - Starting test:'testCreateNewVuiApplication'
2025-03-31 14:56:18 [main] DEBUG l.i.u.tests.ApplicationFormsPageTest - User logged in with test credentials
2025-03-31 14:56:18 [main] DEBUG l.i.u.tests.ApplicationFormsPageTest - Opened 'Application Processing' menu.
2025-03-31 14:56:28 [main] ERROR l.i.u.tests.ApplicationFormsPageTest - Test 'testCreateNewVuiApplication' failed with error: element not interactable
  (Session info: chrome=134.0.6998.178)
Build info: version: '4.27.0', revision: 'd6e718d134'
System info: os.name: 'Windows 11', os.arch: 'amd64', os.version: '10.0', java.version: '21.0.3'
Driver info: org.openqa.selenium.chrome.ChromeDriver
Command: [259e34dac4a15558f482cd14f8126c1b, clickElement {id=f.63A30D4D7031AAA18B4153FB0DD84396.d.6A7B20C81470D3BBE70F68000F053736.e.37}]
Capabilities {acceptInsecureCerts: false, browserName: chrome, browserVersion: 134.0.6998.178, chrome: {chromedriverVersion: 134.0.6998.165 (fd886e2cb29..., userDataDir: C:\Users\INGRID~1.ZAD\AppDa...}, fedcm:accounts: true, goog:chromeOptions: {debuggerAddress: localhost:53555}, networkConnectionEnabled: false, pageLoadStrategy: normal, platformName: windows, proxy: Proxy(), se:cdp: ws://localhost:53555/devtoo..., se:cdpVersion: 134.0.6998.178, setWindowRect: true, strictFileInteractability: false, timeouts: {implicit: 0, pageLoad: 300000, script: 30000}, unhandledPromptBehavior: dismiss and notify, webauthn:extension:credBlob: true, webauthn:extension:largeBlob: true, webauthn:extension:minPinLength: true, webauthn:extension:prf: true, webauthn:virtualAuthenticators: true}
Element: [[ChromeDriver: chrome on windows (259e34dac4a15558f482cd14f8126c1b)] -> xpath: //a[@href='/application/description']]
Session ID: 259e34dac4a15558f482cd14f8126c1b
org.openqa.selenium.ElementNotInteractableException: element not interactable
  (Session info: chrome=134.0.6998.178)
Build info: version: '4.27.0', revision: 'd6e718d134'
System info: os.name: 'Windows 11', os.arch: 'amd64', os.version: '10.0', java.version: '21.0.3'
Driver info: org.openqa.selenium.chrome.ChromeDriver
Command: [259e34dac4a15558f482cd14f8126c1b, clickElement {id=f.63A30D4D7031AAA18B4153FB0DD84396.d.6A7B20C81470D3BBE70F68000F053736.e.37}]
Capabilities {acceptInsecureCerts: false, browserName: chrome, browserVersion: 134.0.6998.178, chrome: {chromedriverVersion: 134.0.6998.165 (fd886e2cb29..., userDataDir: C:\Users\INGRID~1.ZAD\AppDa...}, fedcm:accounts: true, goog:chromeOptions: {debuggerAddress: localhost:53555}, networkConnectionEnabled: false, pageLoadStrategy: normal, platformName: windows, proxy: Proxy(), se:cdp: ws://localhost:53555/devtoo..., se:cdpVersion: 134.0.6998.178, setWindowRect: true, strictFileInteractability: false, timeouts: {implicit: 0, pageLoad: 300000, script: 30000}, unhandledPromptBehavior: dismiss and notify, webauthn:extension:credBlob: true, webauthn:extension:largeBlob: true, webauthn:extension:minPinLength: true, webauthn:extension:prf: true, webauthn:virtualAuthenticators: true}
Element: [[ChromeDriver: chrome on windows (259e34dac4a15558f482cd14f8126c1b)] -> xpath: //a[@href='/application/description']]
Session ID: 259e34dac4a15558f482cd14f8126c1b
	at java.base/jdk.internal.reflect.DirectConstructorHandleAccessor.newInstance(DirectConstructorHandleAccessor.java:62)
	at java.base/java.lang.reflect.Constructor.newInstanceWithCaller(Constructor.java:502)
	at java.base/java.lang.reflect.Constructor.newInstance(Constructor.java:486)
	at org.openqa.selenium.remote.ErrorCodec.decode(ErrorCodec.java:167)
	at org.openqa.selenium.remote.codec.w3c.W3CHttpResponseCodec.decode(W3CHttpResponseCodec.java:138)
	at org.openqa.selenium.remote.codec.w3c.W3CHttpResponseCodec.decode(W3CHttpResponseCodec.java:50)
	at org.openqa.selenium.remote.HttpCommandExecutor.execute(HttpCommandExecutor.java:190)
	at org.openqa.selenium.remote.service.DriverCommandExecutor.invokeExecute(DriverCommandExecutor.java:216)
	at org.openqa.selenium.remote.service.DriverCommandExecutor.execute(DriverCommandExecutor.java:174)
	at org.openqa.selenium.remote.RemoteWebDriver.execute(RemoteWebDriver.java:545)
	at org.openqa.selenium.remote.RemoteWebElement.execute(RemoteWebElement.java:223)
	at org.openqa.selenium.remote.RemoteWebElement.click(RemoteWebElement.java:76)
	at java.base/jdk.internal.reflect.DirectMethodHandleAccessor.invoke(DirectMethodHandleAccessor.java:103)
	at java.base/java.lang.reflect.Method.invoke(Method.java:580)
	at org.openqa.selenium.support.pagefactory.internal.LocatingElementHandler.invoke(LocatingElementHandler.java:51)
	at jdk.proxy2/jdk.proxy2.$Proxy14.click(Unknown Source)
	at lt.insoft.uztis.pages.ApplicationFormsPage.clickMenuApplicationForms(ApplicationFormsPage.java:242)
	at lt.insoft.uztis.tests.ApplicationFormsPageTest.navigateToApplicationFormsMenu(ApplicationFormsPageTest.java:24)
	at lt.insoft.uztis.tests.ApplicationFormsPageTest.testCreateNewVuiApplication(ApplicationFormsPageTest.java:95)
	at java.base/jdk.internal.reflect.DirectMethodHandleAccessor.invoke(DirectMethodHandleAccessor.java:103)
	at java.base/java.lang.reflect.Method.invoke(Method.java:580)
	at org.junit.platform.commons.util.ReflectionUtils.invokeMethod(ReflectionUtils.java:728)
	at org.junit.jupiter.engine.execution.MethodInvocation.proceed(MethodInvocation.java:60)
	at org.junit.jupiter.engine.execution.InvocationInterceptorChain$ValidatingInvocation.proceed(InvocationInterceptorChain.java:131)
	at org.junit.jupiter.engine.extension.TimeoutExtension.intercept(TimeoutExtension.java:156)
	at org.junit.jupiter.engine.extension.TimeoutExtension.interceptTestableMethod(TimeoutExtension.java:147)
	at org.junit.jupiter.engine.extension.TimeoutExtension.interceptTestMethod(TimeoutExtension.java:86)
	at org.junit.jupiter.engine.execution.InterceptingExecutableInvoker$ReflectiveInterceptorCall.lambda$ofVoidMethod$0(InterceptingExecutableInvoker.java:103)
	at org.junit.jupiter.engine.execution.InterceptingExecutableInvoker.lambda$invoke$0(InterceptingExecutableInvoker.java:93)
	at org.junit.jupiter.engine.execution.InvocationInterceptorChain$InterceptedInvocation.proceed(InvocationInterceptorChain.java:106)
	at org.junit.jupiter.engine.execution.InvocationInterceptorChain.proceed(InvocationInterceptorChain.java:64)
	at org.junit.jupiter.engine.execution.InvocationInterceptorChain.chainAndInvoke(InvocationInterceptorChain.java:45)
	at org.junit.jupiter.engine.execution.InvocationInterceptorChain.invoke(InvocationInterceptorChain.java:37)
	at org.junit.jupiter.engine.execution.InterceptingExecutableInvoker.invoke(InterceptingExecutableInvoker.java:92)
	at org.junit.jupiter.engine.execution.InterceptingExecutableInvoker.invoke(InterceptingExecutableInvoker.java:86)
	at org.junit.jupiter.engine.descriptor.TestMethodTestDescriptor.lambda$invokeTestMethod$7(TestMethodTestDescriptor.java:218)
	at org.junit.platform.engine.support.hierarchical.ThrowableCollector.execute(ThrowableCollector.java:73)
	at org.junit.jupiter.engine.descriptor.TestMethodTestDescriptor.invokeTestMethod(TestMethodTestDescriptor.java:214)
	at org.junit.jupiter.engine.descriptor.TestMethodTestDescriptor.execute(TestMethodTestDescriptor.java:139)
	at org.junit.jupiter.engine.descriptor.TestMethodTestDescriptor.execute(TestMethodTestDescriptor.java:69)
	at org.junit.platform.engine.support.hierarchical.NodeTestTask.lambda$executeRecursively$6(NodeTestTask.java:151)
	at org.junit.platform.engine.support.hierarchical.ThrowableCollector.execute(ThrowableCollector.java:73)
	at org.junit.platform.engine.support.hierarchical.NodeTestTask.lambda$executeRecursively$8(NodeTestTask.java:141)
	at org.junit.platform.engine.support.hierarchical.Node.around(Node.java:137)
	at org.junit.platform.engine.support.hierarchical.NodeTestTask.lambda$executeRecursively$9(NodeTestTask.java:139)
	at org.junit.platform.engine.support.hierarchical.ThrowableCollector.execute(ThrowableCollector.java:73)
	at org.junit.platform.engine.support.hierarchical.NodeTestTask.executeRecursively(NodeTestTask.java:138)
	at org.junit.platform.engine.support.hierarchical.NodeTestTask.execute(NodeTestTask.java:95)
	at java.base/java.util.ArrayList.forEach(ArrayList.java:1596)
	at org.junit.platform.engine.support.hierarchical.SameThreadHierarchicalTestExecutorService.invokeAll(SameThreadHierarchicalTestExecutorService.java:41)
	at org.junit.platform.engine.support.hierarchical.NodeTestTask.lambda$executeRecursively$6(NodeTestTask.java:155)
	at org.junit.platform.engine.support.hierarchical.ThrowableCollector.execute(ThrowableCollector.java:73)
	at org.junit.platform.engine.support.hierarchical.NodeTestTask.lambda$executeRecursively$8(NodeTestTask.java:141)
	at org.junit.platform.engine.support.hierarchical.Node.around(Node.java:137)
	at org.junit.platform.engine.support.hierarchical.NodeTestTask.lambda$executeRecursively$9(NodeTestTask.java:139)
	at org.junit.platform.engine.support.hierarchical.ThrowableCollector.execute(ThrowableCollector.java:73)
	at org.junit.platform.engine.support.hierarchical.NodeTestTask.executeRecursively(NodeTestTask.java:138)
	at org.junit.platform.engine.support.hierarchical.NodeTestTask.execute(NodeTestTask.java:95)
	at java.base/java.util.ArrayList.forEach(ArrayList.java:1596)
	at org.junit.platform.engine.support.hierarchical.SameThreadHierarchicalTestExecutorService.invokeAll(SameThreadHierarchicalTestExecutorService.java:41)
	at org.junit.platform.engine.support.hierarchical.NodeTestTask.lambda$executeRecursively$6(NodeTestTask.java:155)
	at org.junit.platform.engine.support.hierarchical.ThrowableCollector.execute(ThrowableCollector.java:73)
	at org.junit.platform.engine.support.hierarchical.NodeTestTask.lambda$executeRecursively$8(NodeTestTask.java:141)
	at org.junit.platform.engine.support.hierarchical.Node.around(Node.java:137)
	at org.junit.platform.engine.support.hierarchical.NodeTestTask.lambda$executeRecursively$9(NodeTestTask.java:139)
	at org.junit.platform.engine.support.hierarchical.ThrowableCollector.execute(ThrowableCollector.java:73)
	at org.junit.platform.engine.support.hierarchical.NodeTestTask.executeRecursively(NodeTestTask.java:138)
	at org.junit.platform.engine.support.hierarchical.NodeTestTask.execute(NodeTestTask.java:95)
	at org.junit.platform.engine.support.hierarchical.SameThreadHierarchicalTestExecutorService.submit(SameThreadHierarchicalTestExecutorService.java:35)
	at org.junit.platform.engine.support.hierarchical.HierarchicalTestExecutor.execute(HierarchicalTestExecutor.java:57)
	at org.junit.platform.engine.support.hierarchical.HierarchicalTestEngine.execute(HierarchicalTestEngine.java:54)
	at org.junit.platform.launcher.core.EngineExecutionOrchestrator.execute(EngineExecutionOrchestrator.java:198)
	at org.junit.platform.launcher.core.EngineExecutionOrchestrator.execute(EngineExecutionOrchestrator.java:169)
	at org.junit.platform.launcher.core.EngineExecutionOrchestrator.execute(EngineExecutionOrchestrator.java:93)
	at org.junit.platform.launcher.core.EngineExecutionOrchestrator.lambda$execute$0(EngineExecutionOrchestrator.java:58)
	at org.junit.platform.launcher.core.EngineExecutionOrchestrator.withInterceptedStreams(EngineExecutionOrchestrator.java:141)
	at org.junit.platform.launcher.core.EngineExecutionOrchestrator.execute(EngineExecutionOrchestrator.java:57)
	at org.junit.platform.launcher.core.DefaultLauncher.execute(DefaultLauncher.java:103)
	at org.junit.platform.launcher.core.DefaultLauncher.execute(DefaultLauncher.java:85)
	at org.junit.platform.launcher.core.DelegatingLauncher.execute(DelegatingLauncher.java:47)
	at org.junit.platform.launcher.core.SessionPerRequestLauncher.execute(SessionPerRequestLauncher.java:63)
	at com.intellij.junit5.JUnit5IdeaTestRunner.startRunnerWithArgs(JUnit5IdeaTestRunner.java:57)
	at com.intellij.rt.junit.IdeaTestRunner$Repeater$1.execute(IdeaTestRunner.java:38)
	at com.intellij.rt.execution.junit.TestsRepeater.repeat(TestsRepeater.java:11)
	at com.intellij.rt.junit.IdeaTestRunner$Repeater.startRunnerWithArgs(IdeaTestRunner.java:35)
	at com.intellij.rt.junit.JUnitStarter.prepareStreamsAndStart(JUnitStarter.java:232)
	at com.intellij.rt.junit.JUnitStarter.main(JUnitStarter.java:55)
2025-03-31 14:56:28 [main] INFO  l.insoft.uztis.tests.utils.TestUtils - Screenshot moved to C:\Users\ingrida.zadorozniene\Desktop\Asm\UZTIS\UZTIS_tests\test-output\screenshots\20250331\145628919_testCreateNewVuiApplication().png
2025-03-31 14:56:30 [main] INFO  lt.insoft.uztis.tests.UztisPageTest - Navigated to https://uztisdev.asseco.lt/home
2025-03-31 14:56:30 [main] INFO  l.i.u.tests.ApplicationFormsPageTest - Setup complete. ApplicationFormsPage initialized.
2025-03-31 14:56:30 [main] INFO  l.i.u.tests.ApplicationFormsPageTest - Starting test:'testEditAndSaveVuiApplication'
2025-03-31 14:56:31 [main] DEBUG l.i.u.tests.ApplicationFormsPageTest - User logged in with test credentials
2025-03-31 14:56:31 [main] DEBUG l.i.u.tests.ApplicationFormsPageTest - Opened 'Application Processing' menu.
2025-03-31 14:56:32 [main] DEBUG l.i.u.tests.ApplicationFormsPageTest - Clicked on 'Application Forms' menu.
2025-03-31 14:56:32 [main] ERROR l.i.u.tests.ApplicationFormsPageTest - Test 'testEditAndSaveVuiApplication' failed with error: no such window: target window already closed
from unknown error: web view not found
  (Session info: chrome=134.0.6998.178)
Build info: version: '4.27.0', revision: 'd6e718d134'
System info: os.name: 'Windows 11', os.arch: 'amd64', os.version: '10.0', java.version: '21.0.3'
Driver info: org.openqa.selenium.chrome.ChromeDriver
Command: [1f84804bae5e64c4ad5707ec25aa3706, findElement {value=tbody > tr:nth-of-type(1), using=css selector}]
Capabilities {acceptInsecureCerts: false, browserName: chrome, browserVersion: 134.0.6998.178, chrome: {chromedriverVersion: 134.0.6998.165 (fd886e2cb29..., userDataDir: C:\Users\INGRID~1.ZAD\AppDa...}, fedcm:accounts: true, goog:chromeOptions: {debuggerAddress: localhost:53586}, networkConnectionEnabled: false, pageLoadStrategy: normal, platformName: windows, proxy: Proxy(), se:cdp: ws://localhost:53586/devtoo..., se:cdpVersion: 134.0.6998.178, setWindowRect: true, strictFileInteractability: false, timeouts: {implicit: 0, pageLoad: 300000, script: 30000}, unhandledPromptBehavior: dismiss and notify, webauthn:extension:credBlob: true, webauthn:extension:largeBlob: true, webauthn:extension:minPinLength: true, webauthn:extension:prf: true, webauthn:virtualAuthenticators: true}
Session ID: 1f84804bae5e64c4ad5707ec25aa3706
org.openqa.selenium.NoSuchWindowException: no such window: target window already closed
from unknown error: web view not found
  (Session info: chrome=134.0.6998.178)
Build info: version: '4.27.0', revision: 'd6e718d134'
System info: os.name: 'Windows 11', os.arch: 'amd64', os.version: '10.0', java.version: '21.0.3'
Driver info: org.openqa.selenium.chrome.ChromeDriver
Command: [1f84804bae5e64c4ad5707ec25aa3706, findElement {value=tbody > tr:nth-of-type(1), using=css selector}]
Capabilities {acceptInsecureCerts: false, browserName: chrome, browserVersion: 134.0.6998.178, chrome: {chromedriverVersion: 134.0.6998.165 (fd886e2cb29..., userDataDir: C:\Users\INGRID~1.ZAD\AppDa...}, fedcm:accounts: true, goog:chromeOptions: {debuggerAddress: localhost:53586}, networkConnectionEnabled: false, pageLoadStrategy: normal, platformName: windows, proxy: Proxy(), se:cdp: ws://localhost:53586/devtoo..., se:cdpVersion: 134.0.6998.178, setWindowRect: true, strictFileInteractability: false, timeouts: {implicit: 0, pageLoad: 300000, script: 30000}, unhandledPromptBehavior: dismiss and notify, webauthn:extension:credBlob: true, webauthn:extension:largeBlob: true, webauthn:extension:minPinLength: true, webauthn:extension:prf: true, webauthn:virtualAuthenticators: true}
Session ID: 1f84804bae5e64c4ad5707ec25aa3706
	at java.base/jdk.internal.reflect.DirectConstructorHandleAccessor.newInstance(DirectConstructorHandleAccessor.java:62)
	at java.base/java.lang.reflect.Constructor.newInstanceWithCaller(Constructor.java:502)
	at java.base/java.lang.reflect.Constructor.newInstance(Constructor.java:486)
	at org.openqa.selenium.remote.ErrorCodec.decode(ErrorCodec.java:167)
	at org.openqa.selenium.remote.codec.w3c.W3CHttpResponseCodec.decode(W3CHttpResponseCodec.java:138)
	at org.openqa.selenium.remote.codec.w3c.W3CHttpResponseCodec.decode(W3CHttpResponseCodec.java:50)
	at org.openqa.selenium.remote.HttpCommandExecutor.execute(HttpCommandExecutor.java:190)
	at org.openqa.selenium.remote.service.DriverCommandExecutor.invokeExecute(DriverCommandExecutor.java:216)
	at org.openqa.selenium.remote.service.DriverCommandExecutor.execute(DriverCommandExecutor.java:174)
	at org.openqa.selenium.remote.RemoteWebDriver.execute(RemoteWebDriver.java:545)
	at org.openqa.selenium.remote.ElementLocation$ElementFinder$2.findElement(ElementLocation.java:165)
	at org.openqa.selenium.remote.ElementLocation.findElement(ElementLocation.java:59)
	at org.openqa.selenium.remote.RemoteWebDriver.findElement(RemoteWebDriver.java:368)
	at org.openqa.selenium.remote.RemoteWebDriver.findElement(RemoteWebDriver.java:362)
	at org.openqa.selenium.support.pagefactory.DefaultElementLocator.findElement(DefaultElementLocator.java:68)
	at org.openqa.selenium.support.pagefactory.internal.LocatingElementHandler.invoke(LocatingElementHandler.java:38)
	at jdk.proxy2/jdk.proxy2.$Proxy14.click(Unknown Source)
	at lt.insoft.uztis.pages.ApplicationFormsPage.clickLastDescription(ApplicationFormsPage.java:571)
	at lt.insoft.uztis.tests.ApplicationFormsPageTest.testEditAndSaveVuiApplication(ApplicationFormsPageTest.java:182)
	at java.base/jdk.internal.reflect.DirectMethodHandleAccessor.invoke(DirectMethodHandleAccessor.java:103)
	at java.base/java.lang.reflect.Method.invoke(Method.java:580)
	at org.junit.platform.commons.util.ReflectionUtils.invokeMethod(ReflectionUtils.java:728)
	at org.junit.jupiter.engine.execution.MethodInvocation.proceed(MethodInvocation.java:60)
	at org.junit.jupiter.engine.execution.InvocationInterceptorChain$ValidatingInvocation.proceed(InvocationInterceptorChain.java:131)
	at org.junit.jupiter.engine.extension.TimeoutExtension.intercept(TimeoutExtension.java:156)
	at org.junit.jupiter.engine.extension.TimeoutExtension.interceptTestableMethod(TimeoutExtension.java:147)
	at org.junit.jupiter.engine.extension.TimeoutExtension.interceptTestMethod(TimeoutExtension.java:86)
	at org.junit.jupiter.engine.execution.InterceptingExecutableInvoker$ReflectiveInterceptorCall.lambda$ofVoidMethod$0(InterceptingExecutableInvoker.java:103)
	at org.junit.jupiter.engine.execution.InterceptingExecutableInvoker.lambda$invoke$0(InterceptingExecutableInvoker.java:93)
	at org.junit.jupiter.engine.execution.InvocationInterceptorChain$InterceptedInvocation.proceed(InvocationInterceptorChain.java:106)
	at org.junit.jupiter.engine.execution.InvocationInterceptorChain.proceed(InvocationInterceptorChain.java:64)
	at org.junit.jupiter.engine.execution.InvocationInterceptorChain.chainAndInvoke(InvocationInterceptorChain.java:45)
	at org.junit.jupiter.engine.execution.InvocationInterceptorChain.invoke(InvocationInterceptorChain.java:37)
	at org.junit.jupiter.engine.execution.InterceptingExecutableInvoker.invoke(InterceptingExecutableInvoker.java:92)
	at org.junit.jupiter.engine.execution.InterceptingExecutableInvoker.invoke(InterceptingExecutableInvoker.java:86)
	at org.junit.jupiter.engine.descriptor.TestMethodTestDescriptor.lambda$invokeTestMethod$7(TestMethodTestDescriptor.java:218)
	at org.junit.platform.engine.support.hierarchical.ThrowableCollector.execute(ThrowableCollector.java:73)
	at org.junit.jupiter.engine.descriptor.TestMethodTestDescriptor.invokeTestMethod(TestMethodTestDescriptor.java:214)
	at org.junit.jupiter.engine.descriptor.TestMethodTestDescriptor.execute(TestMethodTestDescriptor.java:139)
	at org.junit.jupiter.engine.descriptor.TestMethodTestDescriptor.execute(TestMethodTestDescriptor.java:69)
	at org.junit.platform.engine.support.hierarchical.NodeTestTask.lambda$executeRecursively$6(NodeTestTask.java:151)
	at org.junit.platform.engine.support.hierarchical.ThrowableCollector.execute(ThrowableCollector.java:73)
	at org.junit.platform.engine.support.hierarchical.NodeTestTask.lambda$executeRecursively$8(NodeTestTask.java:141)
	at org.junit.platform.engine.support.hierarchical.Node.around(Node.java:137)
	at org.junit.platform.engine.support.hierarchical.NodeTestTask.lambda$executeRecursively$9(NodeTestTask.java:139)
	at org.junit.platform.engine.support.hierarchical.ThrowableCollector.execute(ThrowableCollector.java:73)
	at org.junit.platform.engine.support.hierarchical.NodeTestTask.executeRecursively(NodeTestTask.java:138)
	at org.junit.platform.engine.support.hierarchical.NodeTestTask.execute(NodeTestTask.java:95)
	at java.base/java.util.ArrayList.forEach(ArrayList.java:1596)
	at org.junit.platform.engine.support.hierarchical.SameThreadHierarchicalTestExecutorService.invokeAll(SameThreadHierarchicalTestExecutorService.java:41)
	at org.junit.platform.engine.support.hierarchical.NodeTestTask.lambda$executeRecursively$6(NodeTestTask.java:155)
	at org.junit.platform.engine.support.hierarchical.ThrowableCollector.execute(ThrowableCollector.java:73)
	at org.junit.platform.engine.support.hierarchical.NodeTestTask.lambda$executeRecursively$8(NodeTestTask.java:141)
	at org.junit.platform.engine.support.hierarchical.Node.around(Node.java:137)
	at org.junit.platform.engine.support.hierarchical.NodeTestTask.lambda$executeRecursively$9(NodeTestTask.java:139)
	at org.junit.platform.engine.support.hierarchical.ThrowableCollector.execute(ThrowableCollector.java:73)
	at org.junit.platform.engine.support.hierarchical.NodeTestTask.executeRecursively(NodeTestTask.java:138)
	at org.junit.platform.engine.support.hierarchical.NodeTestTask.execute(NodeTestTask.java:95)
	at java.base/java.util.ArrayList.forEach(ArrayList.java:1596)
	at org.junit.platform.engine.support.hierarchical.SameThreadHierarchicalTestExecutorService.invokeAll(SameThreadHierarchicalTestExecutorService.java:41)
	at org.junit.platform.engine.support.hierarchical.NodeTestTask.lambda$executeRecursively$6(NodeTestTask.java:155)
	at org.junit.platform.engine.support.hierarchical.ThrowableCollector.execute(ThrowableCollector.java:73)
	at org.junit.platform.engine.support.hierarchical.NodeTestTask.lambda$executeRecursively$8(NodeTestTask.java:141)
	at org.junit.platform.engine.support.hierarchical.Node.around(Node.java:137)
	at org.junit.platform.engine.support.hierarchical.NodeTestTask.lambda$executeRecursively$9(NodeTestTask.java:139)
	at org.junit.platform.engine.support.hierarchical.ThrowableCollector.execute(ThrowableCollector.java:73)
	at org.junit.platform.engine.support.hierarchical.NodeTestTask.executeRecursively(NodeTestTask.java:138)
	at org.junit.platform.engine.support.hierarchical.NodeTestTask.execute(NodeTestTask.java:95)
	at org.junit.platform.engine.support.hierarchical.SameThreadHierarchicalTestExecutorService.submit(SameThreadHierarchicalTestExecutorService.java:35)
	at org.junit.platform.engine.support.hierarchical.HierarchicalTestExecutor.execute(HierarchicalTestExecutor.java:57)
	at org.junit.platform.engine.support.hierarchical.HierarchicalTestEngine.execute(HierarchicalTestEngine.java:54)
	at org.junit.platform.launcher.core.EngineExecutionOrchestrator.execute(EngineExecutionOrchestrator.java:198)
	at org.junit.platform.launcher.core.EngineExecutionOrchestrator.execute(EngineExecutionOrchestrator.java:169)
	at org.junit.platform.launcher.core.EngineExecutionOrchestrator.execute(EngineExecutionOrchestrator.java:93)
	at org.junit.platform.launcher.core.EngineExecutionOrchestrator.lambda$execute$0(EngineExecutionOrchestrator.java:58)
	at org.junit.platform.launcher.core.EngineExecutionOrchestrator.withInterceptedStreams(EngineExecutionOrchestrator.java:141)
	at org.junit.platform.launcher.core.EngineExecutionOrchestrator.execute(EngineExecutionOrchestrator.java:57)
	at org.junit.platform.launcher.core.DefaultLauncher.execute(DefaultLauncher.java:103)
	at org.junit.platform.launcher.core.DefaultLauncher.execute(DefaultLauncher.java:85)
	at org.junit.platform.launcher.core.DelegatingLauncher.execute(DelegatingLauncher.java:47)
	at org.junit.platform.launcher.core.SessionPerRequestLauncher.execute(SessionPerRequestLauncher.java:63)
	at com.intellij.junit5.JUnit5IdeaTestRunner.startRunnerWithArgs(JUnit5IdeaTestRunner.java:57)
	at com.intellij.rt.junit.IdeaTestRunner$Repeater$1.execute(IdeaTestRunner.java:38)
	at com.intellij.rt.execution.junit.TestsRepeater.repeat(TestsRepeater.java:11)
	at com.intellij.rt.junit.IdeaTestRunner$Repeater.startRunnerWithArgs(IdeaTestRunner.java:35)
	at com.intellij.rt.junit.JUnitStarter.prepareStreamsAndStart(JUnitStarter.java:232)
	at com.intellij.rt.junit.JUnitStarter.main(JUnitStarter.java:55)
2025-03-31 14:56:33 [main] INFO  lt.insoft.uztis.tests.UztisPageTest - Navigated to https://uztisdev.asseco.lt/home
2025-03-31 14:56:33 [main] INFO  l.i.u.tests.ApplicationFormsPageTest - Setup complete. ApplicationFormsPage initialized.
2025-03-31 14:56:33 [main] INFO  l.i.u.tests.ApplicationFormsPageTest - Starting test:'testAddContractDVP'
2025-03-31 14:57:19 [main] INFO  lt.insoft.uztis.tests.UztisPageTest - Navigated to https://uztisdev.asseco.lt/home
2025-03-31 14:57:19 [main] INFO  l.i.u.tests.ApplicationFormsPageTest - Setup complete. ApplicationFormsPage initialized.
2025-03-31 14:57:19 [main] INFO  l.i.u.tests.ApplicationFormsPageTest - Starting test:'testNavigateToAndReviewApplicationFormsPageTest'
2025-03-31 14:57:19 [main] DEBUG l.i.u.tests.ApplicationFormsPageTest - User logged in with test credentials
2025-03-31 14:57:20 [main] DEBUG l.i.u.tests.ApplicationFormsPageTest - Opened 'Application Processing' menu.
2025-03-31 14:57:30 [main] ERROR l.i.u.tests.ApplicationFormsPageTest - Test 'testNavigateToAndReviewApplicationFormsPageTest' failed with error: element not interactable
  (Session info: chrome=134.0.6998.178)
Build info: version: '4.27.0', revision: 'd6e718d134'
System info: os.name: 'Windows 11', os.arch: 'amd64', os.version: '10.0', java.version: '21.0.3'
Driver info: org.openqa.selenium.chrome.ChromeDriver
Command: [3fe60ca1d52ebf78b6bad1139fc81ae7, clickElement {id=f.BEE8A5A82141AFB131AEBF50F872AC45.d.98DDB8895C46162D92402E31E3BE124E.e.34}]
Capabilities {acceptInsecureCerts: false, browserName: chrome, browserVersion: 134.0.6998.178, chrome: {chromedriverVersion: 134.0.6998.165 (fd886e2cb29..., userDataDir: C:\Users\INGRID~1.ZAD\AppDa...}, fedcm:accounts: true, goog:chromeOptions: {debuggerAddress: localhost:53666}, networkConnectionEnabled: false, pageLoadStrategy: normal, platformName: windows, proxy: Proxy(), se:cdp: ws://localhost:53666/devtoo..., se:cdpVersion: 134.0.6998.178, setWindowRect: true, strictFileInteractability: false, timeouts: {implicit: 0, pageLoad: 300000, script: 30000}, unhandledPromptBehavior: dismiss and notify, webauthn:extension:credBlob: true, webauthn:extension:largeBlob: true, webauthn:extension:minPinLength: true, webauthn:extension:prf: true, webauthn:virtualAuthenticators: true}
Element: [[ChromeDriver: chrome on windows (3fe60ca1d52ebf78b6bad1139fc81ae7)] -> xpath: //a[@href='/application/description']]
Session ID: 3fe60ca1d52ebf78b6bad1139fc81ae7
org.openqa.selenium.ElementNotInteractableException: element not interactable
  (Session info: chrome=134.0.6998.178)
Build info: version: '4.27.0', revision: 'd6e718d134'
System info: os.name: 'Windows 11', os.arch: 'amd64', os.version: '10.0', java.version: '21.0.3'
Driver info: org.openqa.selenium.chrome.ChromeDriver
Command: [3fe60ca1d52ebf78b6bad1139fc81ae7, clickElement {id=f.BEE8A5A82141AFB131AEBF50F872AC45.d.98DDB8895C46162D92402E31E3BE124E.e.34}]
Capabilities {acceptInsecureCerts: false, browserName: chrome, browserVersion: 134.0.6998.178, chrome: {chromedriverVersion: 134.0.6998.165 (fd886e2cb29..., userDataDir: C:\Users\INGRID~1.ZAD\AppDa...}, fedcm:accounts: true, goog:chromeOptions: {debuggerAddress: localhost:53666}, networkConnectionEnabled: false, pageLoadStrategy: normal, platformName: windows, proxy: Proxy(), se:cdp: ws://localhost:53666/devtoo..., se:cdpVersion: 134.0.6998.178, setWindowRect: true, strictFileInteractability: false, timeouts: {implicit: 0, pageLoad: 300000, script: 30000}, unhandledPromptBehavior: dismiss and notify, webauthn:extension:credBlob: true, webauthn:extension:largeBlob: true, webauthn:extension:minPinLength: true, webauthn:extension:prf: true, webauthn:virtualAuthenticators: true}
Element: [[ChromeDriver: chrome on windows (3fe60ca1d52ebf78b6bad1139fc81ae7)] -> xpath: //a[@href='/application/description']]
Session ID: 3fe60ca1d52ebf78b6bad1139fc81ae7
	at java.base/jdk.internal.reflect.DirectConstructorHandleAccessor.newInstance(DirectConstructorHandleAccessor.java:62)
	at java.base/java.lang.reflect.Constructor.newInstanceWithCaller(Constructor.java:502)
	at java.base/java.lang.reflect.Constructor.newInstance(Constructor.java:486)
	at org.openqa.selenium.remote.ErrorCodec.decode(ErrorCodec.java:167)
	at org.openqa.selenium.remote.codec.w3c.W3CHttpResponseCodec.decode(W3CHttpResponseCodec.java:138)
	at org.openqa.selenium.remote.codec.w3c.W3CHttpResponseCodec.decode(W3CHttpResponseCodec.java:50)
	at org.openqa.selenium.remote.HttpCommandExecutor.execute(HttpCommandExecutor.java:190)
	at org.openqa.selenium.remote.service.DriverCommandExecutor.invokeExecute(DriverCommandExecutor.java:216)
	at org.openqa.selenium.remote.service.DriverCommandExecutor.execute(DriverCommandExecutor.java:174)
	at org.openqa.selenium.remote.RemoteWebDriver.execute(RemoteWebDriver.java:545)
	at org.openqa.selenium.remote.RemoteWebElement.execute(RemoteWebElement.java:223)
	at org.openqa.selenium.remote.RemoteWebElement.click(RemoteWebElement.java:76)
	at java.base/jdk.internal.reflect.DirectMethodHandleAccessor.invoke(DirectMethodHandleAccessor.java:103)
	at java.base/java.lang.reflect.Method.invoke(Method.java:580)
	at org.openqa.selenium.support.pagefactory.internal.LocatingElementHandler.invoke(LocatingElementHandler.java:51)
	at jdk.proxy2/jdk.proxy2.$Proxy14.click(Unknown Source)
	at lt.insoft.uztis.pages.ApplicationFormsPage.clickMenuApplicationForms(ApplicationFormsPage.java:242)
	at lt.insoft.uztis.tests.ApplicationFormsPageTest.navigateToApplicationFormsMenu(ApplicationFormsPageTest.java:24)
	at lt.insoft.uztis.tests.ApplicationFormsPageTest.testNavigateToAndReviewApplicationFormsPageTest(ApplicationFormsPageTest.java:59)
	at java.base/jdk.internal.reflect.DirectMethodHandleAccessor.invoke(DirectMethodHandleAccessor.java:103)
	at java.base/java.lang.reflect.Method.invoke(Method.java:580)
	at org.junit.platform.commons.util.ReflectionUtils.invokeMethod(ReflectionUtils.java:728)
	at org.junit.jupiter.engine.execution.MethodInvocation.proceed(MethodInvocation.java:60)
	at org.junit.jupiter.engine.execution.InvocationInterceptorChain$ValidatingInvocation.proceed(InvocationInterceptorChain.java:131)
	at org.junit.jupiter.engine.extension.TimeoutExtension.intercept(TimeoutExtension.java:156)
	at org.junit.jupiter.engine.extension.TimeoutExtension.interceptTestableMethod(TimeoutExtension.java:147)
	at org.junit.jupiter.engine.extension.TimeoutExtension.interceptTestMethod(TimeoutExtension.java:86)
	at org.junit.jupiter.engine.execution.InterceptingExecutableInvoker$ReflectiveInterceptorCall.lambda$ofVoidMethod$0(InterceptingExecutableInvoker.java:103)
	at org.junit.jupiter.engine.execution.InterceptingExecutableInvoker.lambda$invoke$0(InterceptingExecutableInvoker.java:93)
	at org.junit.jupiter.engine.execution.InvocationInterceptorChain$InterceptedInvocation.proceed(InvocationInterceptorChain.java:106)
	at org.junit.jupiter.engine.execution.InvocationInterceptorChain.proceed(InvocationInterceptorChain.java:64)
	at org.junit.jupiter.engine.execution.InvocationInterceptorChain.chainAndInvoke(InvocationInterceptorChain.java:45)
	at org.junit.jupiter.engine.execution.InvocationInterceptorChain.invoke(InvocationInterceptorChain.java:37)
	at org.junit.jupiter.engine.execution.InterceptingExecutableInvoker.invoke(InterceptingExecutableInvoker.java:92)
	at org.junit.jupiter.engine.execution.InterceptingExecutableInvoker.invoke(InterceptingExecutableInvoker.java:86)
	at org.junit.jupiter.engine.descriptor.TestMethodTestDescriptor.lambda$invokeTestMethod$7(TestMethodTestDescriptor.java:218)
	at org.junit.platform.engine.support.hierarchical.ThrowableCollector.execute(ThrowableCollector.java:73)
	at org.junit.jupiter.engine.descriptor.TestMethodTestDescriptor.invokeTestMethod(TestMethodTestDescriptor.java:214)
	at org.junit.jupiter.engine.descriptor.TestMethodTestDescriptor.execute(TestMethodTestDescriptor.java:139)
	at org.junit.jupiter.engine.descriptor.TestMethodTestDescriptor.execute(TestMethodTestDescriptor.java:69)
	at org.junit.platform.engine.support.hierarchical.NodeTestTask.lambda$executeRecursively$6(NodeTestTask.java:151)
	at org.junit.platform.engine.support.hierarchical.ThrowableCollector.execute(ThrowableCollector.java:73)
	at org.junit.platform.engine.support.hierarchical.NodeTestTask.lambda$executeRecursively$8(NodeTestTask.java:141)
	at org.junit.platform.engine.support.hierarchical.Node.around(Node.java:137)
	at org.junit.platform.engine.support.hierarchical.NodeTestTask.lambda$executeRecursively$9(NodeTestTask.java:139)
	at org.junit.platform.engine.support.hierarchical.ThrowableCollector.execute(ThrowableCollector.java:73)
	at org.junit.platform.engine.support.hierarchical.NodeTestTask.executeRecursively(NodeTestTask.java:138)
	at org.junit.platform.engine.support.hierarchical.NodeTestTask.execute(NodeTestTask.java:95)
	at java.base/java.util.ArrayList.forEach(ArrayList.java:1596)
	at org.junit.platform.engine.support.hierarchical.SameThreadHierarchicalTestExecutorService.invokeAll(SameThreadHierarchicalTestExecutorService.java:41)
	at org.junit.platform.engine.support.hierarchical.NodeTestTask.lambda$executeRecursively$6(NodeTestTask.java:155)
	at org.junit.platform.engine.support.hierarchical.ThrowableCollector.execute(ThrowableCollector.java:73)
	at org.junit.platform.engine.support.hierarchical.NodeTestTask.lambda$executeRecursively$8(NodeTestTask.java:141)
	at org.junit.platform.engine.support.hierarchical.Node.around(Node.java:137)
	at org.junit.platform.engine.support.hierarchical.NodeTestTask.lambda$executeRecursively$9(NodeTestTask.java:139)
	at org.junit.platform.engine.support.hierarchical.ThrowableCollector.execute(ThrowableCollector.java:73)
	at org.junit.platform.engine.support.hierarchical.NodeTestTask.executeRecursively(NodeTestTask.java:138)
	at org.junit.platform.engine.support.hierarchical.NodeTestTask.execute(NodeTestTask.java:95)
	at java.base/java.util.ArrayList.forEach(ArrayList.java:1596)
	at org.junit.platform.engine.support.hierarchical.SameThreadHierarchicalTestExecutorService.invokeAll(SameThreadHierarchicalTestExecutorService.java:41)
	at org.junit.platform.engine.support.hierarchical.NodeTestTask.lambda$executeRecursively$6(NodeTestTask.java:155)
	at org.junit.platform.engine.support.hierarchical.ThrowableCollector.execute(ThrowableCollector.java:73)
	at org.junit.platform.engine.support.hierarchical.NodeTestTask.lambda$executeRecursively$8(NodeTestTask.java:141)
	at org.junit.platform.engine.support.hierarchical.Node.around(Node.java:137)
	at org.junit.platform.engine.support.hierarchical.NodeTestTask.lambda$executeRecursively$9(NodeTestTask.java:139)
	at org.junit.platform.engine.support.hierarchical.ThrowableCollector.execute(ThrowableCollector.java:73)
	at org.junit.platform.engine.support.hierarchical.NodeTestTask.executeRecursively(NodeTestTask.java:138)
	at org.junit.platform.engine.support.hierarchical.NodeTestTask.execute(NodeTestTask.java:95)
	at org.junit.platform.engine.support.hierarchical.SameThreadHierarchicalTestExecutorService.submit(SameThreadHierarchicalTestExecutorService.java:35)
	at org.junit.platform.engine.support.hierarchical.HierarchicalTestExecutor.execute(HierarchicalTestExecutor.java:57)
	at org.junit.platform.engine.support.hierarchical.HierarchicalTestEngine.execute(HierarchicalTestEngine.java:54)
	at org.junit.platform.launcher.core.EngineExecutionOrchestrator.execute(EngineExecutionOrchestrator.java:198)
	at org.junit.platform.launcher.core.EngineExecutionOrchestrator.execute(EngineExecutionOrchestrator.java:169)
	at org.junit.platform.launcher.core.EngineExecutionOrchestrator.execute(EngineExecutionOrchestrator.java:93)
	at org.junit.platform.launcher.core.EngineExecutionOrchestrator.lambda$execute$0(EngineExecutionOrchestrator.java:58)
	at org.junit.platform.launcher.core.EngineExecutionOrchestrator.withInterceptedStreams(EngineExecutionOrchestrator.java:141)
	at org.junit.platform.launcher.core.EngineExecutionOrchestrator.execute(EngineExecutionOrchestrator.java:57)
	at org.junit.platform.launcher.core.DefaultLauncher.execute(DefaultLauncher.java:103)
	at org.junit.platform.launcher.core.DefaultLauncher.execute(DefaultLauncher.java:85)
	at org.junit.platform.launcher.core.DelegatingLauncher.execute(DelegatingLauncher.java:47)
	at org.junit.platform.launcher.core.SessionPerRequestLauncher.execute(SessionPerRequestLauncher.java:63)
	at com.intellij.junit5.JUnit5IdeaTestRunner.startRunnerWithArgs(JUnit5IdeaTestRunner.java:57)
	at com.intellij.rt.junit.IdeaTestRunner$Repeater$1.execute(IdeaTestRunner.java:38)
	at com.intellij.rt.execution.junit.TestsRepeater.repeat(TestsRepeater.java:11)
	at com.intellij.rt.junit.IdeaTestRunner$Repeater.startRunnerWithArgs(IdeaTestRunner.java:35)
	at com.intellij.rt.junit.JUnitStarter.prepareStreamsAndStart(JUnitStarter.java:232)
	at com.intellij.rt.junit.JUnitStarter.main(JUnitStarter.java:55)
2025-03-31 14:57:30 [main] INFO  l.insoft.uztis.tests.utils.TestUtils - Screenshot moved to C:\Users\ingrida.zadorozniene\Desktop\Asm\UZTIS\UZTIS_tests\test-output\screenshots\20250331\145730441_testNavigateToAndReviewApplicationFormsPageTest().png
2025-03-31 14:59:48 [main] INFO  lt.insoft.uztis.tests.UztisPageTest - Navigated to https://uztisdev.asseco.lt/home
2025-03-31 14:59:48 [main] INFO  l.i.u.tests.ApplicationFormsPageTest - Setup complete. ApplicationFormsPage initialized.
2025-03-31 14:59:48 [main] INFO  l.i.u.tests.ApplicationFormsPageTest - Starting test:'testNavigateToAndReviewApplicationFormsPageTest'
2025-03-31 14:59:48 [main] DEBUG l.i.u.tests.ApplicationFormsPageTest - User logged in with test credentials
2025-03-31 14:59:49 [main] DEBUG l.i.u.tests.ApplicationFormsPageTest - Opened 'Application Processing' menu.
2025-03-31 14:59:49 [main] DEBUG l.i.u.tests.ApplicationFormsPageTest - Clicked on 'Application Forms' menu.
2025-03-31 14:59:50 [main] DEBUG l.i.u.tests.ApplicationFormsPageTest - Fetched label text: Paraiškų formos
2025-03-31 14:59:50 [main] INFO  l.i.u.tests.ApplicationFormsPageTest - Verified that the label text matches the expected value.
2025-03-31 14:59:50 [main] DEBUG l.i.u.tests.ApplicationFormsPageTest - Selected the last application description.
2025-03-31 14:59:50 [main] INFO  l.i.u.tests.ApplicationFormsPageTest - Verified that the 'Edit' button is displayed.
2025-03-31 14:59:50 [main] INFO  l.i.u.tests.ApplicationFormsPageTest - Test 'testNavigateToAndReviewApplicationFormsPageTest' completed successfully.
2025-03-31 15:00:39 [main] INFO  lt.insoft.uztis.tests.UztisPageTest - Navigated to https://uztisdev.asseco.lt/home
2025-03-31 15:00:39 [main] INFO  l.i.u.t.SubmittedApplicationsPageTest - Starting test:'testFillNewVUIPApplicationFA'
2025-03-31 15:00:39 [main] DEBUG l.i.u.t.SubmittedApplicationsPageTest - User logged in with test credentials.
2025-03-31 15:00:50 [main] ERROR l.i.uztis.pages.ApplicationFormsPage - MenuApplicationProcessing button is not displayed no such element: Unable to locate element: {"method":"xpath","selector":"//mat-expansion-panel-header[.//span[text()='Paraiškų tvarkymas'] and .//mat-icon[text()='expand_more']]"}
  (Session info: chrome=134.0.6998.178)
For documentation on this error, please visit: https://www.selenium.dev/documentation/webdriver/troubleshooting/errors#no-such-element-exception
Build info: version: '4.27.0', revision: 'd6e718d134'
System info: os.name: 'Windows 11', os.arch: 'amd64', os.version: '10.0', java.version: '21.0.3'
Driver info: org.openqa.selenium.chrome.ChromeDriver
Command: [d93c403741ace402ea9d724a1215b3ca, findElement {using=xpath, value=//mat-expansion-panel-header[.//span[text()='Paraiškų tvarkymas'] and .//mat-icon[text()='expand_more']]}]
Capabilities {acceptInsecureCerts: false, browserName: chrome, browserVersion: 134.0.6998.178, chrome: {chromedriverVersion: 134.0.6998.165 (fd886e2cb29..., userDataDir: C:\Users\INGRID~1.ZAD\AppDa...}, fedcm:accounts: true, goog:chromeOptions: {debuggerAddress: localhost:54001}, networkConnectionEnabled: false, pageLoadStrategy: normal, platformName: windows, proxy: Proxy(), se:cdp: ws://localhost:54001/devtoo..., se:cdpVersion: 134.0.6998.178, setWindowRect: true, strictFileInteractability: false, timeouts: {implicit: 0, pageLoad: 300000, script: 30000}, unhandledPromptBehavior: dismiss and notify, webauthn:extension:credBlob: true, webauthn:extension:largeBlob: true, webauthn:extension:minPinLength: true, webauthn:extension:prf: true, webauthn:virtualAuthenticators: true}
Session ID: d93c403741ace402ea9d724a1215b3ca
2025-03-31 15:00:50 [main] ERROR l.i.u.t.SubmittedApplicationsPageTest - Test 'testFillNewVUIApplicationFA' failed with error: MenuApplicationProcessing is not displayed!
java.lang.RuntimeException: MenuApplicationProcessing is not displayed!
	at lt.insoft.uztis.pages.ApplicationFormsPage.openMenuApplicationProcessing(ApplicationFormsPage.java:211)
	at lt.insoft.uztis.tests.SubmittedApplicationsPageTest.getAndInsertInvitationCodeText(SubmittedApplicationsPageTest.java:37)
	at lt.insoft.uztis.tests.SubmittedApplicationsPageTest.testFillNewVUIApplicationFA(SubmittedApplicationsPageTest.java:135)
	at java.base/jdk.internal.reflect.DirectMethodHandleAccessor.invoke(DirectMethodHandleAccessor.java:103)
	at java.base/java.lang.reflect.Method.invoke(Method.java:580)
	at org.junit.platform.commons.util.ReflectionUtils.invokeMethod(ReflectionUtils.java:728)
	at org.junit.jupiter.engine.execution.MethodInvocation.proceed(MethodInvocation.java:60)
	at org.junit.jupiter.engine.execution.InvocationInterceptorChain$ValidatingInvocation.proceed(InvocationInterceptorChain.java:131)
	at org.junit.jupiter.engine.extension.TimeoutExtension.intercept(TimeoutExtension.java:156)
	at org.junit.jupiter.engine.extension.TimeoutExtension.interceptTestableMethod(TimeoutExtension.java:147)
	at org.junit.jupiter.engine.extension.TimeoutExtension.interceptTestMethod(TimeoutExtension.java:86)
	at org.junit.jupiter.engine.execution.InterceptingExecutableInvoker$ReflectiveInterceptorCall.lambda$ofVoidMethod$0(InterceptingExecutableInvoker.java:103)
	at org.junit.jupiter.engine.execution.InterceptingExecutableInvoker.lambda$invoke$0(InterceptingExecutableInvoker.java:93)
	at org.junit.jupiter.engine.execution.InvocationInterceptorChain$InterceptedInvocation.proceed(InvocationInterceptorChain.java:106)
	at org.junit.jupiter.engine.execution.InvocationInterceptorChain.proceed(InvocationInterceptorChain.java:64)
	at org.junit.jupiter.engine.execution.InvocationInterceptorChain.chainAndInvoke(InvocationInterceptorChain.java:45)
	at org.junit.jupiter.engine.execution.InvocationInterceptorChain.invoke(InvocationInterceptorChain.java:37)
	at org.junit.jupiter.engine.execution.InterceptingExecutableInvoker.invoke(InterceptingExecutableInvoker.java:92)
	at org.junit.jupiter.engine.execution.InterceptingExecutableInvoker.invoke(InterceptingExecutableInvoker.java:86)
	at org.junit.jupiter.engine.descriptor.TestMethodTestDescriptor.lambda$invokeTestMethod$7(TestMethodTestDescriptor.java:218)
	at org.junit.platform.engine.support.hierarchical.ThrowableCollector.execute(ThrowableCollector.java:73)
	at org.junit.jupiter.engine.descriptor.TestMethodTestDescriptor.invokeTestMethod(TestMethodTestDescriptor.java:214)
	at org.junit.jupiter.engine.descriptor.TestMethodTestDescriptor.execute(TestMethodTestDescriptor.java:139)
	at org.junit.jupiter.engine.descriptor.TestMethodTestDescriptor.execute(TestMethodTestDescriptor.java:69)
	at org.junit.platform.engine.support.hierarchical.NodeTestTask.lambda$executeRecursively$6(NodeTestTask.java:151)
	at org.junit.platform.engine.support.hierarchical.ThrowableCollector.execute(ThrowableCollector.java:73)
	at org.junit.platform.engine.support.hierarchical.NodeTestTask.lambda$executeRecursively$8(NodeTestTask.java:141)
	at org.junit.platform.engine.support.hierarchical.Node.around(Node.java:137)
	at org.junit.platform.engine.support.hierarchical.NodeTestTask.lambda$executeRecursively$9(NodeTestTask.java:139)
	at org.junit.platform.engine.support.hierarchical.ThrowableCollector.execute(ThrowableCollector.java:73)
	at org.junit.platform.engine.support.hierarchical.NodeTestTask.executeRecursively(NodeTestTask.java:138)
	at org.junit.platform.engine.support.hierarchical.NodeTestTask.execute(NodeTestTask.java:95)
	at java.base/java.util.ArrayList.forEach(ArrayList.java:1596)
	at org.junit.platform.engine.support.hierarchical.SameThreadHierarchicalTestExecutorService.invokeAll(SameThreadHierarchicalTestExecutorService.java:41)
	at org.junit.platform.engine.support.hierarchical.NodeTestTask.lambda$executeRecursively$6(NodeTestTask.java:155)
	at org.junit.platform.engine.support.hierarchical.ThrowableCollector.execute(ThrowableCollector.java:73)
	at org.junit.platform.engine.support.hierarchical.NodeTestTask.lambda$executeRecursively$8(NodeTestTask.java:141)
	at org.junit.platform.engine.support.hierarchical.Node.around(Node.java:137)
	at org.junit.platform.engine.support.hierarchical.NodeTestTask.lambda$executeRecursively$9(NodeTestTask.java:139)
	at org.junit.platform.engine.support.hierarchical.ThrowableCollector.execute(ThrowableCollector.java:73)
	at org.junit.platform.engine.support.hierarchical.NodeTestTask.executeRecursively(NodeTestTask.java:138)
	at org.junit.platform.engine.support.hierarchical.NodeTestTask.execute(NodeTestTask.java:95)
	at java.base/java.util.ArrayList.forEach(ArrayList.java:1596)
	at org.junit.platform.engine.support.hierarchical.SameThreadHierarchicalTestExecutorService.invokeAll(SameThreadHierarchicalTestExecutorService.java:41)
	at org.junit.platform.engine.support.hierarchical.NodeTestTask.lambda$executeRecursively$6(NodeTestTask.java:155)
	at org.junit.platform.engine.support.hierarchical.ThrowableCollector.execute(ThrowableCollector.java:73)
	at org.junit.platform.engine.support.hierarchical.NodeTestTask.lambda$executeRecursively$8(NodeTestTask.java:141)
	at org.junit.platform.engine.support.hierarchical.Node.around(Node.java:137)
	at org.junit.platform.engine.support.hierarchical.NodeTestTask.lambda$executeRecursively$9(NodeTestTask.java:139)
	at org.junit.platform.engine.support.hierarchical.ThrowableCollector.execute(ThrowableCollector.java:73)
	at org.junit.platform.engine.support.hierarchical.NodeTestTask.executeRecursively(NodeTestTask.java:138)
	at org.junit.platform.engine.support.hierarchical.NodeTestTask.execute(NodeTestTask.java:95)
	at org.junit.platform.engine.support.hierarchical.SameThreadHierarchicalTestExecutorService.submit(SameThreadHierarchicalTestExecutorService.java:35)
	at org.junit.platform.engine.support.hierarchical.HierarchicalTestExecutor.execute(HierarchicalTestExecutor.java:57)
	at org.junit.platform.engine.support.hierarchical.HierarchicalTestEngine.execute(HierarchicalTestEngine.java:54)
	at org.junit.platform.launcher.core.EngineExecutionOrchestrator.execute(EngineExecutionOrchestrator.java:198)
	at org.junit.platform.launcher.core.EngineExecutionOrchestrator.execute(EngineExecutionOrchestrator.java:169)
	at org.junit.platform.launcher.core.EngineExecutionOrchestrator.execute(EngineExecutionOrchestrator.java:93)
	at org.junit.platform.launcher.core.EngineExecutionOrchestrator.lambda$execute$0(EngineExecutionOrchestrator.java:58)
	at org.junit.platform.launcher.core.EngineExecutionOrchestrator.withInterceptedStreams(EngineExecutionOrchestrator.java:141)
	at org.junit.platform.launcher.core.EngineExecutionOrchestrator.execute(EngineExecutionOrchestrator.java:57)
	at org.junit.platform.launcher.core.DefaultLauncher.execute(DefaultLauncher.java:103)
	at org.junit.platform.launcher.core.DefaultLauncher.execute(DefaultLauncher.java:85)
	at org.junit.platform.launcher.core.DelegatingLauncher.execute(DelegatingLauncher.java:47)
	at org.junit.platform.launcher.core.SessionPerRequestLauncher.execute(SessionPerRequestLauncher.java:63)
	at com.intellij.junit5.JUnit5IdeaTestRunner.startRunnerWithArgs(JUnit5IdeaTestRunner.java:57)
	at com.intellij.rt.junit.IdeaTestRunner$Repeater$1.execute(IdeaTestRunner.java:38)
	at com.intellij.rt.execution.junit.TestsRepeater.repeat(TestsRepeater.java:11)
	at com.intellij.rt.junit.IdeaTestRunner$Repeater.startRunnerWithArgs(IdeaTestRunner.java:35)
	at com.intellij.rt.junit.JUnitStarter.prepareStreamsAndStart(JUnitStarter.java:232)
	at com.intellij.rt.junit.JUnitStarter.main(JUnitStarter.java:55)
2025-03-31 15:00:50 [main] INFO  l.insoft.uztis.tests.utils.TestUtils - Screenshot moved to C:\Users\ingrida.zadorozniene\Desktop\Asm\UZTIS\UZTIS_tests\test-output\screenshots\20250331\150050211_testFillNewVUIApplicationFA().png
2025-03-31 15:03:06 [main] INFO  lt.insoft.uztis.tests.UztisPageTest - Navigated to https://uztisdev.asseco.lt/home
2025-03-31 15:03:06 [main] INFO  l.i.u.t.SubmittedApplicationsPageTest - Starting test:'testFillNewVUIPApplicationFA'
2025-03-31 15:03:06 [main] DEBUG l.i.u.t.SubmittedApplicationsPageTest - User logged in with test credentials.
2025-03-31 15:03:07 [main] DEBUG l.i.u.t.SubmittedApplicationsPageTest - Opened 'Application Processing' menu.
2025-03-31 15:03:07 [main] DEBUG l.i.u.t.SubmittedApplicationsPageTest - Clicked on 'Application Forms' menu.
2025-03-31 15:03:07 [main] DEBUG l.i.u.t.SubmittedApplicationsPageTest - Retrieved last description code text: 'TST-VUI-75'.
2025-03-31 15:03:07 [main] DEBUG l.i.u.t.SubmittedApplicationsPageTest - Clicked on 'Invitation' menu.
2025-03-31 15:03:09 [main] DEBUG l.i.u.t.SubmittedApplicationsPageTest - Selected application section by code: 'TST-VUI-75'.
2025-03-31 15:03:09 [main] DEBUG l.i.u.t.SubmittedApplicationsPageTest - Clicked 'Search' button.
2025-03-31 15:03:09 [main] DEBUG l.i.u.t.SubmittedApplicationsPageTest - Retrieved invitation code: ''.
2025-03-31 15:03:09 [main] DEBUG l.i.u.t.SubmittedApplicationsPageTest - Clicked on 'Submitted Applications' menu.
2025-03-31 15:03:10 [main] DEBUG l.i.u.t.SubmittedApplicationsPageTest - Selected invitation by code: 'TST-VUI-75'.
2025-03-31 15:03:10 [main] DEBUG l.i.u.t.SubmittedApplicationsPageTest - Invitation code inserted.
2025-03-31 15:03:11 [main] DEBUG l.i.u.t.SubmittedApplicationsPageTest - Clicked on 'Action Application' button.
2025-03-31 15:03:11 [main] DEBUG l.i.u.t.SubmittedApplicationsPageTest - Clicked on 'New Application' button.
2025-03-31 15:03:11 [main] DEBUG l.i.u.t.SubmittedApplicationsPageTest - Selected the 'RadioButtonFA' option.
2025-03-31 15:03:12 [main] DEBUG l.i.u.t.SubmittedApplicationsPageTest - Entered phone number: '61298745'.
2025-03-31 15:03:12 [main] DEBUG l.i.u.t.SubmittedApplicationsPageTest - Entered email: 'test@autotest.com'.
2025-03-31 15:03:12 [main] INFO  l.i.u.p.SubmittedApplicationsPage - Clicking on the dropdown button.
2025-03-31 15:03:28 [main] INFO  l.i.u.p.SubmittedApplicationsPage - Found 1741 options in the dropdown.
2025-03-31 15:03:28 [main] DEBUG l.i.u.p.SubmittedApplicationsPage - Checking option: ''
2025-03-31 15:03:28 [main] DEBUG l.i.u.p.SubmittedApplicationsPage - Checking option: '01.11 - Grūdinių (išskyrus ryžius), ankštinių ir aliejingų sėklų augalų auginimas'
2025-03-31 15:03:28 [main] INFO  l.i.u.p.SubmittedApplicationsPage - Successfully selected the value: '01.11 - Grūdinių (išskyrus ryžius), ankštinių ir aliejingų sėklų augalų auginimas'
2025-03-31 15:03:28 [main] INFO  l.i.u.p.SubmittedApplicationsPage - Attempting to close the dropdown.
2025-03-31 15:03:29 [main] DEBUG l.i.u.t.SubmittedApplicationsPageTest - Selected EVRK value: '01.11 - Grūdinių (išskyrus ryžius), ankštinių ir aliejingų sėklų augalų auginimas'.
2025-03-31 15:03:29 [main] DEBUG l.i.u.t.SubmittedApplicationsPageTest - Clicked on 'Address Component' button.
2025-03-31 15:03:29 [main] INFO  l.i.u.p.SubmittedApplicationsPage - Located the dropdown button.
2025-03-31 15:03:32 [main] INFO  l.i.u.p.SubmittedApplicationsPage - Successfully selected the value: 'Lietuva'
2025-03-31 15:03:32 [main] DEBUG l.i.u.t.SubmittedApplicationsPageTest - Selected country: 'Lietuva'.
2025-03-31 15:03:32 [main] INFO  l.i.u.p.SubmittedApplicationsPage - Located the dropdown search field.
2025-03-31 15:03:32 [main] INFO  l.i.u.p.SubmittedApplicationsPage - Dropdown city is opened.
2025-03-31 15:03:33 [main] INFO  l.i.u.p.SubmittedApplicationsPage - Searched for value: 'Vilnius'
2025-03-31 15:03:34 [main] INFO  l.i.u.p.SubmittedApplicationsPage - Successfully selected: 'Vilnius'
2025-03-31 15:03:34 [main] INFO  l.i.u.p.SubmittedApplicationsPage - Located the dropdown button.
2025-03-31 15:03:34 [main] INFO  l.i.u.p.SubmittedApplicationsPage - Successfully selected the value: 'A. Domaševičiaus g.'
2025-03-31 15:03:34 [main] DEBUG l.i.u.t.SubmittedApplicationsPageTest - Selected street: 'A. Domaševičiaus g.'.
2025-03-31 15:03:34 [main] INFO  l.i.u.p.SubmittedApplicationsPage - Located the dropdown button.
2025-03-31 15:03:35 [main] INFO  l.i.u.p.SubmittedApplicationsPage - Successfully selected the value: '1'
2025-03-31 15:03:35 [main] DEBUG l.i.u.t.SubmittedApplicationsPageTest - Selected house: '1'.
2025-03-31 15:03:35 [main] INFO  l.i.u.p.SubmittedApplicationsPage - Located the dropdown button.
2025-03-31 15:03:35 [main] INFO  l.i.u.p.SubmittedApplicationsPage - Successfully selected the value: '1'
2025-03-31 15:03:35 [main] DEBUG l.i.u.t.SubmittedApplicationsPageTest - Selected apartment: '1'.
2025-03-31 15:03:35 [main] DEBUG l.i.u.t.SubmittedApplicationsPageTest - Clicked 'Confirm' button.
2025-03-31 15:03:35 [main] DEBUG l.i.u.t.SubmittedApplicationsPageTest - Entered project date.
2025-03-31 15:03:35 [main] DEBUG l.i.u.t.SubmittedApplicationsPageTest - Entered job count: '1'.
2025-03-31 15:03:36 [main] DEBUG l.i.u.t.SubmittedApplicationsPageTest - Clicked 'Next' button.
2025-03-31 15:03:36 [main] INFO  l.i.u.p.SubmittedApplicationsPage - Located the dropdown button.
2025-03-31 15:03:36 [main] INFO  l.i.u.p.SubmittedApplicationsPage - Successfully selected the value: 'Administratoriai'
2025-03-31 15:03:36 [main] DEBUG l.i.u.t.SubmittedApplicationsPageTest - Selected job name: 'Administratoriai'.
2025-03-31 15:03:37 [main] DEBUG l.i.u.t.SubmittedApplicationsPageTest - Entered job function: 'Funkcija 1'.
2025-03-31 15:03:37 [main] DEBUG l.i.u.t.SubmittedApplicationsPageTest - Selected 'RadioButtonWithDisabilities' option.
2025-03-31 15:03:37 [main] INFO  l.i.u.p.SubmittedApplicationsPage - Clicking on the dropdown button.
2025-03-31 15:03:38 [main] INFO  l.i.u.p.SubmittedApplicationsPage - Found 34 options in the dropdown.
2025-03-31 15:03:38 [main] DEBUG l.i.u.p.SubmittedApplicationsPage - Checking option: 'Asmenys, kuriems suteiktas pabėgėlio statusas ar perkeliamojo asmens statusas, arba asmenys, kuriems suteikta papildoma ar laikinoji apsauga, ir asmenys, turintys teisę gauti laikinąją apsaugą, iki sprendimo dėl laikinosios apsaugos suteikimo (nesuteikimo) priėmimo, tačiau ne ilgiau kaip laikinosios apsaugos laikotarpiu'
2025-03-31 15:03:38 [main] DEBUG l.i.u.p.SubmittedApplicationsPage - Checking option: 'Asmenys, kuriems suteiktas pabėgėlio statusas ar perkeliamojo asmens statusas, arba asmenys, kuriems suteikta papildoma ar laikinoji apsauga, ir asmenys, turintys teisę gauti laikinąją apsaugą, iki sprendimo dėl laikinosios apsaugos suteikimo (nesuteikimo) priėmimo, tačiau ne ilgiau kaip laikinosios apsaugos laikotarpiu'
2025-03-31 15:03:38 [main] DEBUG l.i.u.p.SubmittedApplicationsPage - Checking option: 'Asmenys, turintys teisę į papildomas užimtumo garantijas pagal Lietuvos Respublikos valstybės įmonės Ignalinos atominės elektrinės darbuotojų papildomų užimtumo ir socialinių garantijų įstatymą'
2025-03-31 15:03:38 [main] DEBUG l.i.u.p.SubmittedApplicationsPage - Checking option: 'Asmenys, turintys teisę į papildomas užimtumo garantijas pagal Lietuvos Respublikos valstybės įmonės Ignalinos atominės elektrinės darbuotojų papildomų užimtumo ir socialinių garantijų įstatymą'
2025-03-31 15:03:38 [main] DEBUG l.i.u.p.SubmittedApplicationsPage - Checking option: 'Bedarbiai iki 29 metų'
2025-03-31 15:03:38 [main] DEBUG l.i.u.p.SubmittedApplicationsPage - Checking option: 'Bedarbiai iki 29 metų'
2025-03-31 15:03:38 [main] DEBUG l.i.u.p.SubmittedApplicationsPage - Checking option: 'Bedarbiai, kurie yra darbingo amžiaus neįgalieji, kuriems nustatytas 30–40 procentų darbingumo lygis arba vidutinis neįgalumo lygis'
2025-03-31 15:03:38 [main] DEBUG l.i.u.p.SubmittedApplicationsPage - Checking option: 'Bedarbiai, kurie yra darbingo amžiaus neįgalieji, kuriems nustatytas 30–40 procentų darbingumo lygis arba vidutinis neįgalumo lygis'
2025-03-31 15:03:38 [main] DEBUG l.i.u.p.SubmittedApplicationsPage - Checking option: 'Bedarbiai, kurie yra darbingo amžiaus neįgalieji, kuriems nustatytas 45–55 procentų darbingumo lygis arba lengvas neįgalumo lygis'
2025-03-31 15:03:38 [main] DEBUG l.i.u.p.SubmittedApplicationsPage - Checking option: 'Bedarbiai, kurie yra darbingo amžiaus neįgalieji, kuriems nustatytas 45–55 procentų darbingumo lygis arba lengvas neįgalumo lygis'
2025-03-31 15:03:38 [main] DEBUG l.i.u.p.SubmittedApplicationsPage - Checking option: 'Bedarbiai, kurie yra darbingo amžiaus neįgalieji, kuriems nustatytas iki 25 procentų darbingumo lygis arba sunkus neįgalumo lygis'
2025-03-31 15:03:38 [main] INFO  l.i.u.p.SubmittedApplicationsPage - Successfully selected the value: 'Bedarbiai, kurie yra darbingo amžiaus neįgalieji, kuriems nustatytas iki 25 procentų darbingumo lygis arba sunkus neįgalumo lygis'
2025-03-31 15:03:38 [main] INFO  l.i.u.p.SubmittedApplicationsPage - Attempting to close the dropdown.
2025-03-31 15:03:39 [main] DEBUG l.i.u.t.SubmittedApplicationsPageTest - Selected disabilities type: 'Bedarbiai, kurie yra darbingo amžiaus neįgalieji, kuriems nustatytas iki 25 procentų darbingumo lygis arba sunkus neįgalumo lygis'.
2025-03-31 15:03:39 [main] DEBUG l.i.u.t.SubmittedApplicationsPageTest - Entered disability information: 'Negalia 1'.
2025-03-31 15:03:39 [main] INFO  l.i.u.p.SubmittedApplicationsPage - Located the dropdown button.
2025-03-31 15:03:40 [main] INFO  l.i.u.p.SubmittedApplicationsPage - Successfully selected the value: 'Kita'
2025-03-31 15:03:40 [main] DEBUG l.i.u.t.SubmittedApplicationsPageTest - Selected time mode: 'Kita'.
2025-03-31 15:03:40 [main] DEBUG l.i.u.t.SubmittedApplicationsPageTest - Selected time mode other: '6 val. per dieną ir 4 d. per savaitę'.
2025-03-31 15:03:40 [main] DEBUG l.i.u.t.SubmittedApplicationsPageTest - Entered qualification: 'Kvalifikacija 1'.
2025-03-31 15:03:41 [main] DEBUG l.i.u.t.SubmittedApplicationsPageTest - Entered job date.
2025-03-31 15:03:41 [main] DEBUG l.i.u.t.SubmittedApplicationsPageTest - Entered salary amount: '1200'.
2025-03-31 15:03:41 [main] DEBUG l.i.u.t.SubmittedApplicationsPageTest - Entered salary description: 'Užmokestis 1'.
2025-03-31 15:03:41 [main] DEBUG l.i.u.t.SubmittedApplicationsPageTest - Selected 'Temporary Job' radio button.
2025-03-31 15:03:41 [main] DEBUG l.i.u.t.SubmittedApplicationsPageTest - Selected 'Season Job' radio button.
2025-03-31 15:03:42 [main] DEBUG l.i.u.t.SubmittedApplicationsPageTest - Selected 'Energy' radio button.
2025-03-31 15:03:42 [main] DEBUG l.i.u.t.SubmittedApplicationsPageTest - Selected 'Repair' radio button.
2025-03-31 15:03:42 [main] DEBUG l.i.u.t.SubmittedApplicationsPageTest - Entered job description: 'Veikla 1'.
2025-03-31 15:03:42 [main] DEBUG l.i.u.t.SubmittedApplicationsPageTest - Entered process description: 'Procesas 1'.
2025-03-31 15:03:43 [main] DEBUG l.i.u.t.SubmittedApplicationsPageTest - Entered energy information: 'Energija 1'.
2025-03-31 15:03:43 [main] DEBUG l.i.u.t.SubmittedApplicationsPageTest - Entered repair information: 'Remontas 1'.
2025-03-31 15:03:43 [main] DEBUG l.i.u.t.SubmittedApplicationsPageTest - Selected 'PVM' radio button.
2025-03-31 15:03:43 [main] INFO  l.i.u.p.SubmittedApplicationsPage - Located the dropdown button.
2025-03-31 15:03:44 [main] INFO  l.i.u.p.SubmittedApplicationsPage - Successfully selected the value: 'Įsigyti'
2025-03-31 15:03:44 [main] DEBUG l.i.u.t.SubmittedApplicationsPageTest - Selected necessary for job: 'Įsigyti'.
2025-03-31 15:03:44 [main] DEBUG l.i.u.t.SubmittedApplicationsPageTest - Selected tool: 'Darbo priemonė 1'.
2025-03-31 15:03:44 [main] DEBUG l.i.u.t.SubmittedApplicationsPageTest - Selected tool parameter one: 'Darbo priemonės 1 parametras 1'.
2025-03-31 15:03:44 [main] DEBUG l.i.u.t.SubmittedApplicationsPageTest - Selected tool parameter two: 'Darbo priemonės 1 parametras 2'.
2025-03-31 15:03:45 [main] DEBUG l.i.u.t.SubmittedApplicationsPageTest - Selected tool parameter three: 'Darbo priemonės 1 parametras 3'.
2025-03-31 15:03:45 [main] DEBUG l.i.u.t.SubmittedApplicationsPageTest - Entered tool count: '1'.
2025-03-31 15:03:45 [main] DEBUG l.i.u.t.SubmittedApplicationsPageTest - Entered price amount 1: '1000'.
2025-03-31 15:03:47 [main] DEBUG l.i.u.t.SubmittedApplicationsPageTest - Entered own funds amount 1: '800'.
2025-03-31 15:03:50 [main] DEBUG l.i.u.t.SubmittedApplicationsPageTest - Clicked 'Add' button.
2025-03-31 15:03:50 [main] INFO  l.i.u.p.SubmittedApplicationsPage - Located the dropdown button.
2025-03-31 15:03:50 [main] INFO  l.i.u.p.SubmittedApplicationsPage - Successfully selected the value: 'Remontuoti'
2025-03-31 15:03:50 [main] DEBUG l.i.u.t.SubmittedApplicationsPageTest - Selected necessary for job 'to repair': 'Remontuoti'.
2025-03-31 15:03:50 [main] DEBUG l.i.u.t.SubmittedApplicationsPageTest - Selected repair name: 'Remonto pavadinimas 1'.
2025-03-31 15:03:51 [main] DEBUG l.i.u.t.SubmittedApplicationsPageTest - Entered repair information: 'Remonto aprašymas 1'.
2025-03-31 15:03:51 [main] DEBUG l.i.u.t.SubmittedApplicationsPageTest - Entered price amount 2: '1000'.
2025-03-31 15:03:53 [main] DEBUG l.i.u.t.SubmittedApplicationsPageTest - Entered own funds amount 2: '900'.
2025-03-31 15:03:55 [main] DEBUG l.i.u.t.SubmittedApplicationsPageTest - Entered country percentage: '50'.
2025-03-31 15:03:55 [main] DEBUG l.i.u.t.SubmittedApplicationsPageTest - Entered institution percentage: '50'.
2025-03-31 15:03:55 [main] DEBUG l.i.u.t.SubmittedApplicationsPageTest - Entered municipality percentage: '50'.
2025-03-31 15:03:56 [main] DEBUG l.i.u.t.SubmittedApplicationsPageTest - Selected 'De Minimis' radio button.
2025-03-31 15:03:56 [main] DEBUG l.i.u.t.SubmittedApplicationsPageTest - Entered program name: 'Programa 1'.
2025-03-31 15:03:56 [main] DEBUG l.i.u.t.SubmittedApplicationsPageTest - Entered project date from.
2025-03-31 15:03:56 [main] DEBUG l.i.u.t.SubmittedApplicationsPageTest - Entered project date until.
2025-03-31 15:03:56 [main] DEBUG l.i.u.t.SubmittedApplicationsPageTest - Entered support amount: '2000'.
2025-03-31 15:03:56 [main] DEBUG l.i.u.t.SubmittedApplicationsPageTest - Clicked 'Next' button.
2025-03-31 15:04:06 [main] DEBUG l.i.u.t.SubmittedApplicationsPageTest - Checked 'Legal Entities' checkbox 1.
2025-03-31 15:04:16 [main] DEBUG l.i.u.t.SubmittedApplicationsPageTest - Checked 'Legal Entities' checkbox 2.
2025-03-31 15:04:26 [main] DEBUG l.i.u.t.SubmittedApplicationsPageTest - Checked 'Legal Entities' checkbox 3.
2025-03-31 15:04:26 [main] DEBUG l.i.u.t.SubmittedApplicationsPageTest - Test finished: All 'Legal Entities' checkboxes checked successfully.
2025-03-31 15:04:27 [main] DEBUG l.i.u.t.SubmittedApplicationsPageTest - Clicked 'Next' button after checkboxes.
2025-03-31 15:04:37 [main] ERROR l.i.u.p.SubmittedApplicationsPage - Error selecting radio button: Expected condition failed: waiting for element to be clickable: By.xpath: (//input[@type='radio' and @value='false'])[8] (tried for 10 second(s) with 500 milliseconds interval)
Build info: version: '4.27.0', revision: 'd6e718d134'
System info: os.name: 'Windows 11', os.arch: 'amd64', os.version: '10.0', java.version: '21.0.3'
Driver info: org.openqa.selenium.chrome.ChromeDriver
Capabilities {acceptInsecureCerts: false, browserName: chrome, browserVersion: 134.0.6998.178, chrome: {chromedriverVersion: 134.0.6998.165 (fd886e2cb29..., userDataDir: C:\Users\INGRID~1.ZAD\AppDa...}, fedcm:accounts: true, goog:chromeOptions: {debuggerAddress: localhost:54227}, networkConnectionEnabled: false, pageLoadStrategy: normal, platformName: windows, proxy: Proxy(), se:cdp: ws://localhost:54227/devtoo..., se:cdpVersion: 134.0.6998.178, setWindowRect: true, strictFileInteractability: false, timeouts: {implicit: 0, pageLoad: 300000, script: 30000}, unhandledPromptBehavior: dismiss and notify, webauthn:extension:credBlob: true, webauthn:extension:largeBlob: true, webauthn:extension:minPinLength: true, webauthn:extension:prf: true, webauthn:virtualAuthenticators: true}
Session ID: 0ad74301905b830948b9356fcf1d44ef
2025-03-31 15:04:37 [main] INFO  l.i.u.t.SubmittedApplicationsPageTest - Marking 'Ne' radio button 1
2025-03-31 15:10:31 [main] INFO  lt.insoft.uztis.tests.UztisPageTest - Navigated to https://uztisdev.asseco.lt/home
2025-03-31 15:10:31 [main] INFO  l.i.u.t.SubmittedApplicationsPageTest - Starting test:'testFillNewVUIPApplicationFA'
2025-03-31 15:10:31 [main] DEBUG l.i.u.t.SubmittedApplicationsPageTest - User logged in with test credentials.
2025-03-31 15:10:32 [main] DEBUG l.i.u.t.SubmittedApplicationsPageTest - Opened 'Application Processing' menu.
2025-03-31 15:10:32 [main] DEBUG l.i.u.t.SubmittedApplicationsPageTest - Clicked on 'Application Forms' menu.
2025-03-31 15:10:33 [main] DEBUG l.i.u.t.SubmittedApplicationsPageTest - Retrieved last description code text: 'TST-VUI-75'.
2025-03-31 15:10:33 [main] DEBUG l.i.u.t.SubmittedApplicationsPageTest - Clicked on 'Invitation' menu.
2025-03-31 15:10:34 [main] DEBUG l.i.u.t.SubmittedApplicationsPageTest - Selected application section by code: 'TST-VUI-75'.
2025-03-31 15:10:34 [main] DEBUG l.i.u.t.SubmittedApplicationsPageTest - Clicked 'Search' button.
2025-03-31 15:10:34 [main] DEBUG l.i.u.t.SubmittedApplicationsPageTest - Retrieved invitation code: ''.
2025-03-31 15:10:35 [main] DEBUG l.i.u.t.SubmittedApplicationsPageTest - Clicked on 'Submitted Applications' menu.
2025-03-31 15:10:36 [main] DEBUG l.i.u.t.SubmittedApplicationsPageTest - Selected invitation by code: 'TST-VUI-75'.
2025-03-31 15:10:36 [main] DEBUG l.i.u.t.SubmittedApplicationsPageTest - Invitation code inserted.
2025-03-31 15:10:36 [main] DEBUG l.i.u.t.SubmittedApplicationsPageTest - Clicked on 'Action Application' button.
2025-03-31 15:10:36 [main] DEBUG l.i.u.t.SubmittedApplicationsPageTest - Clicked on 'New Application' button.
2025-03-31 15:10:37 [main] DEBUG l.i.u.t.SubmittedApplicationsPageTest - Selected the 'RadioButtonFA' option.
2025-03-31 15:10:37 [main] DEBUG l.i.u.t.SubmittedApplicationsPageTest - Entered phone number: '61298745'.
2025-03-31 15:10:37 [main] DEBUG l.i.u.t.SubmittedApplicationsPageTest - Entered email: 'test@autotest.com'.
2025-03-31 15:10:37 [main] INFO  l.i.u.p.SubmittedApplicationsPage - Clicking on the dropdown button.
2025-03-31 15:10:54 [main] INFO  l.i.u.p.SubmittedApplicationsPage - Found 1741 options in the dropdown.
2025-03-31 15:10:54 [main] DEBUG l.i.u.p.SubmittedApplicationsPage - Checking option: ''
2025-03-31 15:10:54 [main] DEBUG l.i.u.p.SubmittedApplicationsPage - Checking option: '01.11 - Grūdinių (išskyrus ryžius), ankštinių ir aliejingų sėklų augalų auginimas'
2025-03-31 15:10:54 [main] INFO  l.i.u.p.SubmittedApplicationsPage - Successfully selected the value: '01.11 - Grūdinių (išskyrus ryžius), ankštinių ir aliejingų sėklų augalų auginimas'
2025-03-31 15:10:54 [main] INFO  l.i.u.p.SubmittedApplicationsPage - Attempting to close the dropdown.
2025-03-31 15:10:55 [main] DEBUG l.i.u.t.SubmittedApplicationsPageTest - Selected EVRK value: '01.11 - Grūdinių (išskyrus ryžius), ankštinių ir aliejingų sėklų augalų auginimas'.
2025-03-31 15:10:55 [main] DEBUG l.i.u.t.SubmittedApplicationsPageTest - Clicked on 'Address Component' button.
2025-03-31 15:10:55 [main] INFO  l.i.u.p.SubmittedApplicationsPage - Located the dropdown button.
2025-03-31 15:10:58 [main] INFO  l.i.u.p.SubmittedApplicationsPage - Successfully selected the value: 'Lietuva'
2025-03-31 15:10:59 [main] DEBUG l.i.u.t.SubmittedApplicationsPageTest - Selected country: 'Lietuva'.
2025-03-31 15:10:59 [main] INFO  l.i.u.p.SubmittedApplicationsPage - Located the dropdown search field.
2025-03-31 15:10:59 [main] INFO  l.i.u.p.SubmittedApplicationsPage - Dropdown city is opened.
2025-03-31 15:10:59 [main] INFO  l.i.u.p.SubmittedApplicationsPage - Searched for value: 'Vilnius'
2025-03-31 15:11:00 [main] INFO  l.i.u.p.SubmittedApplicationsPage - Successfully selected: 'Vilnius'
2025-03-31 15:11:00 [main] INFO  l.i.u.p.SubmittedApplicationsPage - Located the dropdown button.
2025-03-31 15:11:00 [main] INFO  l.i.u.p.SubmittedApplicationsPage - Successfully selected the value: 'A. Domaševičiaus g.'
2025-03-31 15:11:00 [main] DEBUG l.i.u.t.SubmittedApplicationsPageTest - Selected street: 'A. Domaševičiaus g.'.
2025-03-31 15:11:00 [main] INFO  l.i.u.p.SubmittedApplicationsPage - Located the dropdown button.
2025-03-31 15:11:00 [main] INFO  l.i.u.p.SubmittedApplicationsPage - Successfully selected the value: '1'
2025-03-31 15:11:00 [main] DEBUG l.i.u.t.SubmittedApplicationsPageTest - Selected house: '1'.
2025-03-31 15:11:00 [main] INFO  l.i.u.p.SubmittedApplicationsPage - Located the dropdown button.
2025-03-31 15:11:01 [main] INFO  l.i.u.p.SubmittedApplicationsPage - Successfully selected the value: '1'
2025-03-31 15:11:01 [main] DEBUG l.i.u.t.SubmittedApplicationsPageTest - Selected apartment: '1'.
2025-03-31 15:11:01 [main] DEBUG l.i.u.t.SubmittedApplicationsPageTest - Clicked 'Confirm' button.
2025-03-31 15:11:01 [main] DEBUG l.i.u.t.SubmittedApplicationsPageTest - Entered project date.
2025-03-31 15:11:02 [main] DEBUG l.i.u.t.SubmittedApplicationsPageTest - Entered job count: '1'.
2025-03-31 15:11:02 [main] DEBUG l.i.u.t.SubmittedApplicationsPageTest - Clicked 'Next' button.
2025-03-31 15:11:02 [main] INFO  l.i.u.p.SubmittedApplicationsPage - Located the dropdown button.
2025-03-31 15:11:03 [main] INFO  l.i.u.p.SubmittedApplicationsPage - Successfully selected the value: 'Administratoriai'
2025-03-31 15:11:03 [main] DEBUG l.i.u.t.SubmittedApplicationsPageTest - Selected job name: 'Administratoriai'.
2025-03-31 15:11:03 [main] DEBUG l.i.u.t.SubmittedApplicationsPageTest - Entered job function: 'Funkcija 1'.
2025-03-31 15:11:03 [main] DEBUG l.i.u.t.SubmittedApplicationsPageTest - Selected 'RadioButtonWithDisabilities' option.
2025-03-31 15:11:03 [main] INFO  l.i.u.p.SubmittedApplicationsPage - Clicking on the dropdown button.
2025-03-31 15:11:04 [main] INFO  l.i.u.p.SubmittedApplicationsPage - Found 34 options in the dropdown.
2025-03-31 15:11:04 [main] DEBUG l.i.u.p.SubmittedApplicationsPage - Checking option: 'Asmenys, kuriems suteiktas pabėgėlio statusas ar perkeliamojo asmens statusas, arba asmenys, kuriems suteikta papildoma ar laikinoji apsauga, ir asmenys, turintys teisę gauti laikinąją apsaugą, iki sprendimo dėl laikinosios apsaugos suteikimo (nesuteikimo) priėmimo, tačiau ne ilgiau kaip laikinosios apsaugos laikotarpiu'
2025-03-31 15:11:04 [main] DEBUG l.i.u.p.SubmittedApplicationsPage - Checking option: 'Asmenys, kuriems suteiktas pabėgėlio statusas ar perkeliamojo asmens statusas, arba asmenys, kuriems suteikta papildoma ar laikinoji apsauga, ir asmenys, turintys teisę gauti laikinąją apsaugą, iki sprendimo dėl laikinosios apsaugos suteikimo (nesuteikimo) priėmimo, tačiau ne ilgiau kaip laikinosios apsaugos laikotarpiu'
2025-03-31 15:11:04 [main] DEBUG l.i.u.p.SubmittedApplicationsPage - Checking option: 'Asmenys, turintys teisę į papildomas užimtumo garantijas pagal Lietuvos Respublikos valstybės įmonės Ignalinos atominės elektrinės darbuotojų papildomų užimtumo ir socialinių garantijų įstatymą'
2025-03-31 15:11:04 [main] DEBUG l.i.u.p.SubmittedApplicationsPage - Checking option: 'Asmenys, turintys teisę į papildomas užimtumo garantijas pagal Lietuvos Respublikos valstybės įmonės Ignalinos atominės elektrinės darbuotojų papildomų užimtumo ir socialinių garantijų įstatymą'
2025-03-31 15:11:04 [main] DEBUG l.i.u.p.SubmittedApplicationsPage - Checking option: 'Bedarbiai iki 29 metų'
2025-03-31 15:11:04 [main] DEBUG l.i.u.p.SubmittedApplicationsPage - Checking option: 'Bedarbiai iki 29 metų'
2025-03-31 15:11:04 [main] DEBUG l.i.u.p.SubmittedApplicationsPage - Checking option: 'Bedarbiai, kurie yra darbingo amžiaus neįgalieji, kuriems nustatytas 30–40 procentų darbingumo lygis arba vidutinis neįgalumo lygis'
2025-03-31 15:11:04 [main] DEBUG l.i.u.p.SubmittedApplicationsPage - Checking option: 'Bedarbiai, kurie yra darbingo amžiaus neįgalieji, kuriems nustatytas 30–40 procentų darbingumo lygis arba vidutinis neįgalumo lygis'
2025-03-31 15:11:04 [main] DEBUG l.i.u.p.SubmittedApplicationsPage - Checking option: 'Bedarbiai, kurie yra darbingo amžiaus neįgalieji, kuriems nustatytas 45–55 procentų darbingumo lygis arba lengvas neįgalumo lygis'
2025-03-31 15:11:04 [main] DEBUG l.i.u.p.SubmittedApplicationsPage - Checking option: 'Bedarbiai, kurie yra darbingo amžiaus neįgalieji, kuriems nustatytas 45–55 procentų darbingumo lygis arba lengvas neįgalumo lygis'
2025-03-31 15:11:04 [main] DEBUG l.i.u.p.SubmittedApplicationsPage - Checking option: 'Bedarbiai, kurie yra darbingo amžiaus neįgalieji, kuriems nustatytas iki 25 procentų darbingumo lygis arba sunkus neįgalumo lygis'
2025-03-31 15:11:04 [main] INFO  l.i.u.p.SubmittedApplicationsPage - Successfully selected the value: 'Bedarbiai, kurie yra darbingo amžiaus neįgalieji, kuriems nustatytas iki 25 procentų darbingumo lygis arba sunkus neįgalumo lygis'
2025-03-31 15:11:04 [main] INFO  l.i.u.p.SubmittedApplicationsPage - Attempting to close the dropdown.
2025-03-31 15:11:05 [main] DEBUG l.i.u.t.SubmittedApplicationsPageTest - Selected disabilities type: 'Bedarbiai, kurie yra darbingo amžiaus neįgalieji, kuriems nustatytas iki 25 procentų darbingumo lygis arba sunkus neįgalumo lygis'.
2025-03-31 15:11:05 [main] DEBUG l.i.u.t.SubmittedApplicationsPageTest - Entered disability information: 'Negalia 1'.
2025-03-31 15:11:05 [main] INFO  l.i.u.p.SubmittedApplicationsPage - Located the dropdown button.
2025-03-31 15:11:06 [main] INFO  l.i.u.p.SubmittedApplicationsPage - Successfully selected the value: 'Kita'
2025-03-31 15:11:06 [main] DEBUG l.i.u.t.SubmittedApplicationsPageTest - Selected time mode: 'Kita'.
2025-03-31 15:11:06 [main] DEBUG l.i.u.t.SubmittedApplicationsPageTest - Selected time mode other: '6 val. per dieną ir 4 d. per savaitę'.
2025-03-31 15:11:07 [main] DEBUG l.i.u.t.SubmittedApplicationsPageTest - Entered qualification: 'Kvalifikacija 1'.
2025-03-31 15:11:07 [main] DEBUG l.i.u.t.SubmittedApplicationsPageTest - Entered job date.
2025-03-31 15:11:07 [main] DEBUG l.i.u.t.SubmittedApplicationsPageTest - Entered salary amount: '1200'.
2025-03-31 15:11:07 [main] DEBUG l.i.u.t.SubmittedApplicationsPageTest - Entered salary description: 'Užmokestis 1'.
2025-03-31 15:11:08 [main] DEBUG l.i.u.t.SubmittedApplicationsPageTest - Selected 'Temporary Job' radio button.
2025-03-31 15:11:08 [main] DEBUG l.i.u.t.SubmittedApplicationsPageTest - Selected 'Season Job' radio button.
2025-03-31 15:11:08 [main] DEBUG l.i.u.t.SubmittedApplicationsPageTest - Selected 'Energy' radio button.
2025-03-31 15:11:08 [main] DEBUG l.i.u.t.SubmittedApplicationsPageTest - Selected 'Repair' radio button.
2025-03-31 15:11:08 [main] DEBUG l.i.u.t.SubmittedApplicationsPageTest - Entered job description: 'Veikla 1'.
2025-03-31 15:11:09 [main] DEBUG l.i.u.t.SubmittedApplicationsPageTest - Entered process description: 'Procesas 1'.
2025-03-31 15:11:09 [main] DEBUG l.i.u.t.SubmittedApplicationsPageTest - Entered energy information: 'Energija 1'.
2025-03-31 15:11:09 [main] DEBUG l.i.u.t.SubmittedApplicationsPageTest - Entered repair information: 'Remontas 1'.
2025-03-31 15:11:09 [main] DEBUG l.i.u.t.SubmittedApplicationsPageTest - Selected 'PVM' radio button.
2025-03-31 15:11:09 [main] INFO  l.i.u.p.SubmittedApplicationsPage - Located the dropdown button.
2025-03-31 15:11:10 [main] INFO  l.i.u.p.SubmittedApplicationsPage - Successfully selected the value: 'Įsigyti'
2025-03-31 15:11:10 [main] DEBUG l.i.u.t.SubmittedApplicationsPageTest - Selected necessary for job: 'Įsigyti'.
2025-03-31 15:11:10 [main] DEBUG l.i.u.t.SubmittedApplicationsPageTest - Selected tool: 'Darbo priemonė 1'.
2025-03-31 15:11:10 [main] DEBUG l.i.u.t.SubmittedApplicationsPageTest - Selected tool parameter one: 'Darbo priemonės 1 parametras 1'.
2025-03-31 15:11:11 [main] DEBUG l.i.u.t.SubmittedApplicationsPageTest - Selected tool parameter two: 'Darbo priemonės 1 parametras 2'.
2025-03-31 15:11:11 [main] DEBUG l.i.u.t.SubmittedApplicationsPageTest - Selected tool parameter three: 'Darbo priemonės 1 parametras 3'.
2025-03-31 15:11:11 [main] DEBUG l.i.u.t.SubmittedApplicationsPageTest - Entered tool count: '1'.
2025-03-31 15:11:12 [main] DEBUG l.i.u.t.SubmittedApplicationsPageTest - Entered price amount 1: '1000'.
2025-03-31 15:11:14 [main] DEBUG l.i.u.t.SubmittedApplicationsPageTest - Entered own funds amount 1: '800'.
2025-03-31 15:11:16 [main] DEBUG l.i.u.t.SubmittedApplicationsPageTest - Clicked 'Add' button.
2025-03-31 15:11:16 [main] INFO  l.i.u.p.SubmittedApplicationsPage - Located the dropdown button.
2025-03-31 15:11:16 [main] INFO  l.i.u.p.SubmittedApplicationsPage - Successfully selected the value: 'Remontuoti'
2025-03-31 15:11:16 [main] DEBUG l.i.u.t.SubmittedApplicationsPageTest - Selected necessary for job 'to repair': 'Remontuoti'.
2025-03-31 15:11:17 [main] DEBUG l.i.u.t.SubmittedApplicationsPageTest - Selected repair name: 'Remonto pavadinimas 1'.
2025-03-31 15:11:51 [main] INFO  lt.insoft.uztis.tests.UztisPageTest - Navigated to https://uztisdev.asseco.lt/home
2025-03-31 15:11:51 [main] INFO  l.i.u.t.SubmittedApplicationsPageTest - Starting test:'testFillNewVUIPApplicationFA'
2025-03-31 15:11:51 [main] DEBUG l.i.u.t.SubmittedApplicationsPageTest - User logged in with test credentials.
2025-03-31 15:11:52 [main] DEBUG l.i.u.t.SubmittedApplicationsPageTest - Opened 'Application Processing' menu.
2025-03-31 15:11:52 [main] DEBUG l.i.u.t.SubmittedApplicationsPageTest - Clicked on 'Application Forms' menu.
2025-03-31 15:11:54 [main] DEBUG l.i.u.t.SubmittedApplicationsPageTest - Retrieved last description code text: 'TST-VUI-75'.
2025-03-31 15:11:54 [main] DEBUG l.i.u.t.SubmittedApplicationsPageTest - Clicked on 'Invitation' menu.
2025-03-31 15:11:55 [main] DEBUG l.i.u.t.SubmittedApplicationsPageTest - Selected application section by code: 'TST-VUI-75'.
2025-03-31 15:11:56 [main] DEBUG l.i.u.t.SubmittedApplicationsPageTest - Clicked 'Search' button.
2025-03-31 15:11:56 [main] DEBUG l.i.u.t.SubmittedApplicationsPageTest - Retrieved invitation code: ''.
2025-03-31 15:11:56 [main] DEBUG l.i.u.t.SubmittedApplicationsPageTest - Clicked on 'Submitted Applications' menu.
2025-03-31 15:11:57 [main] DEBUG l.i.u.t.SubmittedApplicationsPageTest - Selected invitation by code: 'TST-VUI-75'.
2025-03-31 15:11:57 [main] DEBUG l.i.u.t.SubmittedApplicationsPageTest - Invitation code inserted.
2025-03-31 15:11:57 [main] DEBUG l.i.u.t.SubmittedApplicationsPageTest - Clicked on 'Action Application' button.
2025-03-31 15:11:58 [main] DEBUG l.i.u.t.SubmittedApplicationsPageTest - Clicked on 'New Application' button.
2025-03-31 15:11:58 [main] DEBUG l.i.u.t.SubmittedApplicationsPageTest - Selected the 'RadioButtonFA' option.
2025-03-31 15:11:58 [main] DEBUG l.i.u.t.SubmittedApplicationsPageTest - Entered phone number: '61298745'.
2025-03-31 15:11:58 [main] DEBUG l.i.u.t.SubmittedApplicationsPageTest - Entered email: 'test@autotest.com'.
2025-03-31 15:11:58 [main] INFO  l.i.u.p.SubmittedApplicationsPage - Clicking on the dropdown button.
2025-03-31 15:12:14 [main] INFO  l.i.u.p.SubmittedApplicationsPage - Found 1741 options in the dropdown.
2025-03-31 15:12:14 [main] DEBUG l.i.u.p.SubmittedApplicationsPage - Checking option: ''
2025-03-31 15:12:14 [main] DEBUG l.i.u.p.SubmittedApplicationsPage - Checking option: '01.11 - Grūdinių (išskyrus ryžius), ankštinių ir aliejingų sėklų augalų auginimas'
2025-03-31 15:12:14 [main] INFO  l.i.u.p.SubmittedApplicationsPage - Successfully selected the value: '01.11 - Grūdinių (išskyrus ryžius), ankštinių ir aliejingų sėklų augalų auginimas'
2025-03-31 15:12:14 [main] INFO  l.i.u.p.SubmittedApplicationsPage - Attempting to close the dropdown.
2025-03-31 15:12:15 [main] DEBUG l.i.u.t.SubmittedApplicationsPageTest - Selected EVRK value: '01.11 - Grūdinių (išskyrus ryžius), ankštinių ir aliejingų sėklų augalų auginimas'.
2025-03-31 15:12:15 [main] DEBUG l.i.u.t.SubmittedApplicationsPageTest - Clicked on 'Address Component' button.
2025-03-31 15:12:15 [main] INFO  l.i.u.p.SubmittedApplicationsPage - Located the dropdown button.
2025-03-31 15:12:18 [main] INFO  l.i.u.p.SubmittedApplicationsPage - Successfully selected the value: 'Lietuva'
2025-03-31 15:12:18 [main] DEBUG l.i.u.t.SubmittedApplicationsPageTest - Selected country: 'Lietuva'.
2025-03-31 15:12:18 [main] INFO  l.i.u.p.SubmittedApplicationsPage - Located the dropdown search field.
2025-03-31 15:12:18 [main] INFO  l.i.u.p.SubmittedApplicationsPage - Dropdown city is opened.
2025-03-31 15:12:19 [main] INFO  l.i.u.p.SubmittedApplicationsPage - Searched for value: 'Vilnius'
2025-03-31 15:12:20 [main] INFO  l.i.u.p.SubmittedApplicationsPage - Successfully selected: 'Vilnius'
2025-03-31 15:12:20 [main] INFO  l.i.u.p.SubmittedApplicationsPage - Located the dropdown button.
2025-03-31 15:12:20 [main] INFO  l.i.u.p.SubmittedApplicationsPage - Successfully selected the value: 'A. Domaševičiaus g.'
2025-03-31 15:12:20 [main] DEBUG l.i.u.t.SubmittedApplicationsPageTest - Selected street: 'A. Domaševičiaus g.'.
2025-03-31 15:12:20 [main] INFO  l.i.u.p.SubmittedApplicationsPage - Located the dropdown button.
2025-03-31 15:12:21 [main] INFO  l.i.u.p.SubmittedApplicationsPage - Successfully selected the value: '1'
2025-03-31 15:12:21 [main] DEBUG l.i.u.t.SubmittedApplicationsPageTest - Selected house: '1'.
2025-03-31 15:12:21 [main] INFO  l.i.u.p.SubmittedApplicationsPage - Located the dropdown button.
2025-03-31 15:12:21 [main] INFO  l.i.u.p.SubmittedApplicationsPage - Successfully selected the value: '1'
2025-03-31 15:12:21 [main] DEBUG l.i.u.t.SubmittedApplicationsPageTest - Selected apartment: '1'.
2025-03-31 15:12:22 [main] DEBUG l.i.u.t.SubmittedApplicationsPageTest - Clicked 'Confirm' button.
2025-03-31 15:12:22 [main] DEBUG l.i.u.t.SubmittedApplicationsPageTest - Entered project date.
2025-03-31 15:12:22 [main] DEBUG l.i.u.t.SubmittedApplicationsPageTest - Entered job count: '1'.
2025-03-31 15:12:22 [main] DEBUG l.i.u.t.SubmittedApplicationsPageTest - Clicked 'Next' button.
2025-03-31 15:12:22 [main] INFO  l.i.u.p.SubmittedApplicationsPage - Located the dropdown button.
2025-03-31 15:12:23 [main] INFO  l.i.u.p.SubmittedApplicationsPage - Successfully selected the value: 'Administratoriai'
2025-03-31 15:12:23 [main] DEBUG l.i.u.t.SubmittedApplicationsPageTest - Selected job name: 'Administratoriai'.
2025-03-31 15:12:23 [main] DEBUG l.i.u.t.SubmittedApplicationsPageTest - Entered job function: 'Funkcija 1'.
2025-03-31 15:12:23 [main] DEBUG l.i.u.t.SubmittedApplicationsPageTest - Selected 'RadioButtonWithDisabilities' option.
2025-03-31 15:12:23 [main] INFO  l.i.u.p.SubmittedApplicationsPage - Clicking on the dropdown button.
2025-03-31 15:12:24 [main] INFO  l.i.u.p.SubmittedApplicationsPage - Found 34 options in the dropdown.
2025-03-31 15:12:24 [main] DEBUG l.i.u.p.SubmittedApplicationsPage - Checking option: 'Asmenys, kuriems suteiktas pabėgėlio statusas ar perkeliamojo asmens statusas, arba asmenys, kuriems suteikta papildoma ar laikinoji apsauga, ir asmenys, turintys teisę gauti laikinąją apsaugą, iki sprendimo dėl laikinosios apsaugos suteikimo (nesuteikimo) priėmimo, tačiau ne ilgiau kaip laikinosios apsaugos laikotarpiu'
2025-03-31 15:12:24 [main] DEBUG l.i.u.p.SubmittedApplicationsPage - Checking option: 'Asmenys, kuriems suteiktas pabėgėlio statusas ar perkeliamojo asmens statusas, arba asmenys, kuriems suteikta papildoma ar laikinoji apsauga, ir asmenys, turintys teisę gauti laikinąją apsaugą, iki sprendimo dėl laikinosios apsaugos suteikimo (nesuteikimo) priėmimo, tačiau ne ilgiau kaip laikinosios apsaugos laikotarpiu'
2025-03-31 15:12:24 [main] DEBUG l.i.u.p.SubmittedApplicationsPage - Checking option: 'Asmenys, turintys teisę į papildomas užimtumo garantijas pagal Lietuvos Respublikos valstybės įmonės Ignalinos atominės elektrinės darbuotojų papildomų užimtumo ir socialinių garantijų įstatymą'
2025-03-31 15:12:24 [main] DEBUG l.i.u.p.SubmittedApplicationsPage - Checking option: 'Asmenys, turintys teisę į papildomas užimtumo garantijas pagal Lietuvos Respublikos valstybės įmonės Ignalinos atominės elektrinės darbuotojų papildomų užimtumo ir socialinių garantijų įstatymą'
2025-03-31 15:12:24 [main] DEBUG l.i.u.p.SubmittedApplicationsPage - Checking option: 'Bedarbiai iki 29 metų'
2025-03-31 15:12:24 [main] DEBUG l.i.u.p.SubmittedApplicationsPage - Checking option: 'Bedarbiai iki 29 metų'
2025-03-31 15:12:24 [main] DEBUG l.i.u.p.SubmittedApplicationsPage - Checking option: 'Bedarbiai, kurie yra darbingo amžiaus neįgalieji, kuriems nustatytas 30–40 procentų darbingumo lygis arba vidutinis neįgalumo lygis'
2025-03-31 15:12:24 [main] DEBUG l.i.u.p.SubmittedApplicationsPage - Checking option: 'Bedarbiai, kurie yra darbingo amžiaus neįgalieji, kuriems nustatytas 30–40 procentų darbingumo lygis arba vidutinis neįgalumo lygis'
2025-03-31 15:12:24 [main] DEBUG l.i.u.p.SubmittedApplicationsPage - Checking option: 'Bedarbiai, kurie yra darbingo amžiaus neįgalieji, kuriems nustatytas 45–55 procentų darbingumo lygis arba lengvas neįgalumo lygis'
2025-03-31 15:12:24 [main] DEBUG l.i.u.p.SubmittedApplicationsPage - Checking option: 'Bedarbiai, kurie yra darbingo amžiaus neįgalieji, kuriems nustatytas 45–55 procentų darbingumo lygis arba lengvas neįgalumo lygis'
2025-03-31 15:12:24 [main] DEBUG l.i.u.p.SubmittedApplicationsPage - Checking option: 'Bedarbiai, kurie yra darbingo amžiaus neįgalieji, kuriems nustatytas iki 25 procentų darbingumo lygis arba sunkus neįgalumo lygis'
2025-03-31 15:12:25 [main] INFO  l.i.u.p.SubmittedApplicationsPage - Successfully selected the value: 'Bedarbiai, kurie yra darbingo amžiaus neįgalieji, kuriems nustatytas iki 25 procentų darbingumo lygis arba sunkus neįgalumo lygis'
2025-03-31 15:12:25 [main] INFO  l.i.u.p.SubmittedApplicationsPage - Attempting to close the dropdown.
2025-03-31 15:12:25 [main] DEBUG l.i.u.t.SubmittedApplicationsPageTest - Selected disabilities type: 'Bedarbiai, kurie yra darbingo amžiaus neįgalieji, kuriems nustatytas iki 25 procentų darbingumo lygis arba sunkus neįgalumo lygis'.
2025-03-31 15:12:25 [main] DEBUG l.i.u.t.SubmittedApplicationsPageTest - Entered disability information: 'Negalia 1'.
2025-03-31 15:12:25 [main] INFO  l.i.u.p.SubmittedApplicationsPage - Located the dropdown button.
2025-03-31 15:12:26 [main] INFO  l.i.u.p.SubmittedApplicationsPage - Successfully selected the value: 'Kita'
2025-03-31 15:12:26 [main] DEBUG l.i.u.t.SubmittedApplicationsPageTest - Selected time mode: 'Kita'.
2025-03-31 15:12:26 [main] DEBUG l.i.u.t.SubmittedApplicationsPageTest - Selected time mode other: '6 val. per dieną ir 4 d. per savaitę'.
2025-03-31 15:12:26 [main] DEBUG l.i.u.t.SubmittedApplicationsPageTest - Entered qualification: 'Kvalifikacija 1'.
2025-03-31 15:12:27 [main] DEBUG l.i.u.t.SubmittedApplicationsPageTest - Entered job date.
2025-03-31 15:12:27 [main] DEBUG l.i.u.t.SubmittedApplicationsPageTest - Entered salary amount: '1200'.
2025-03-31 15:12:27 [main] DEBUG l.i.u.t.SubmittedApplicationsPageTest - Entered salary description: 'Užmokestis 1'.
2025-03-31 15:12:28 [main] DEBUG l.i.u.t.SubmittedApplicationsPageTest - Selected 'Temporary Job' radio button.
2025-03-31 15:12:28 [main] DEBUG l.i.u.t.SubmittedApplicationsPageTest - Selected 'Season Job' radio button.
2025-03-31 15:12:28 [main] DEBUG l.i.u.t.SubmittedApplicationsPageTest - Selected 'Energy' radio button.
2025-03-31 15:12:28 [main] DEBUG l.i.u.t.SubmittedApplicationsPageTest - Selected 'Repair' radio button.
2025-03-31 15:12:29 [main] DEBUG l.i.u.t.SubmittedApplicationsPageTest - Entered job description: 'Veikla 1'.
2025-03-31 15:12:29 [main] DEBUG l.i.u.t.SubmittedApplicationsPageTest - Entered process description: 'Procesas 1'.
2025-03-31 15:12:29 [main] DEBUG l.i.u.t.SubmittedApplicationsPageTest - Entered energy information: 'Energija 1'.
2025-03-31 15:12:29 [main] DEBUG l.i.u.t.SubmittedApplicationsPageTest - Entered repair information: 'Remontas 1'.
2025-03-31 15:12:30 [main] DEBUG l.i.u.t.SubmittedApplicationsPageTest - Selected 'PVM' radio button.
2025-03-31 15:12:30 [main] INFO  l.i.u.p.SubmittedApplicationsPage - Located the dropdown button.
2025-03-31 15:12:30 [main] INFO  l.i.u.p.SubmittedApplicationsPage - Successfully selected the value: 'Įsigyti'
2025-03-31 15:12:30 [main] DEBUG l.i.u.t.SubmittedApplicationsPageTest - Selected necessary for job: 'Įsigyti'.
2025-03-31 15:12:30 [main] DEBUG l.i.u.t.SubmittedApplicationsPageTest - Selected tool: 'Darbo priemonė 1'.
2025-03-31 15:12:31 [main] DEBUG l.i.u.t.SubmittedApplicationsPageTest - Selected tool parameter one: 'Darbo priemonės 1 parametras 1'.
2025-03-31 15:12:31 [main] DEBUG l.i.u.t.SubmittedApplicationsPageTest - Selected tool parameter two: 'Darbo priemonės 1 parametras 2'.
2025-03-31 15:12:31 [main] DEBUG l.i.u.t.SubmittedApplicationsPageTest - Selected tool parameter three: 'Darbo priemonės 1 parametras 3'.
2025-03-31 15:12:31 [main] DEBUG l.i.u.t.SubmittedApplicationsPageTest - Entered tool count: '1'.
2025-03-31 15:12:32 [main] DEBUG l.i.u.t.SubmittedApplicationsPageTest - Entered price amount 1: '1000'.
2025-03-31 15:12:34 [main] DEBUG l.i.u.t.SubmittedApplicationsPageTest - Entered own funds amount 1: '800'.
2025-03-31 15:12:36 [main] DEBUG l.i.u.t.SubmittedApplicationsPageTest - Clicked 'Add' button.
2025-03-31 15:12:36 [main] INFO  l.i.u.p.SubmittedApplicationsPage - Located the dropdown button.
2025-03-31 15:12:37 [main] INFO  l.i.u.p.SubmittedApplicationsPage - Successfully selected the value: 'Remontuoti'
2025-03-31 15:12:37 [main] DEBUG l.i.u.t.SubmittedApplicationsPageTest - Selected necessary for job 'to repair': 'Remontuoti'.
2025-03-31 15:12:37 [main] DEBUG l.i.u.t.SubmittedApplicationsPageTest - Selected repair name: 'Remonto pavadinimas 1'.
2025-03-31 15:12:37 [main] DEBUG l.i.u.t.SubmittedApplicationsPageTest - Entered repair information: 'Remonto aprašymas 1'.
2025-03-31 15:12:37 [main] DEBUG l.i.u.t.SubmittedApplicationsPageTest - Entered country percentage: '50'.
2025-03-31 15:12:38 [main] DEBUG l.i.u.t.SubmittedApplicationsPageTest - Entered institution percentage: '50'.
2025-03-31 15:12:38 [main] DEBUG l.i.u.t.SubmittedApplicationsPageTest - Entered municipality percentage: '50'.
2025-03-31 15:12:38 [main] DEBUG l.i.u.t.SubmittedApplicationsPageTest - Selected 'De Minimis' radio button.
2025-03-31 15:12:38 [main] DEBUG l.i.u.t.SubmittedApplicationsPageTest - Entered program name: 'Programa 1'.
2025-03-31 15:12:38 [main] DEBUG l.i.u.t.SubmittedApplicationsPageTest - Entered project date from.
2025-03-31 15:12:39 [main] DEBUG l.i.u.t.SubmittedApplicationsPageTest - Entered project date until.
2025-03-31 15:12:39 [main] DEBUG l.i.u.t.SubmittedApplicationsPageTest - Entered support amount: '2000'.
2025-03-31 15:12:39 [main] DEBUG l.i.u.t.SubmittedApplicationsPageTest - Clicked 'Next' button.
2025-03-31 15:13:09 [main] ERROR l.i.u.t.SubmittedApplicationsPageTest - Test 'testFillNewVUIApplicationFA' failed with error: no such element: Unable to locate element: {"method":"xpath","selector":"(//div[contains(@class, 'mdc-checkbox')]//input[@type='checkbox'])[1]"}
  (Session info: chrome=134.0.6998.178)
For documentation on this error, please visit: https://www.selenium.dev/documentation/webdriver/troubleshooting/errors#no-such-element-exception
Build info: version: '4.27.0', revision: 'd6e718d134'
System info: os.name: 'Windows 11', os.arch: 'amd64', os.version: '10.0', java.version: '21.0.3'
Driver info: org.openqa.selenium.chrome.ChromeDriver
Command: [df2406b49a993afac19c2413a4de53fa, findElement {value=(//div[contains(@class, 'mdc-checkbox')]//input[@type='checkbox'])[1], using=xpath}]
Capabilities {acceptInsecureCerts: false, browserName: chrome, browserVersion: 134.0.6998.178, chrome: {chromedriverVersion: 134.0.6998.165 (fd886e2cb29..., userDataDir: C:\Users\INGRID~1.ZAD\AppDa...}, fedcm:accounts: true, goog:chromeOptions: {debuggerAddress: localhost:54553}, networkConnectionEnabled: false, pageLoadStrategy: normal, platformName: windows, proxy: Proxy(), se:cdp: ws://localhost:54553/devtoo..., se:cdpVersion: 134.0.6998.178, setWindowRect: true, strictFileInteractability: false, timeouts: {implicit: 0, pageLoad: 300000, script: 30000}, unhandledPromptBehavior: dismiss and notify, webauthn:extension:credBlob: true, webauthn:extension:largeBlob: true, webauthn:extension:minPinLength: true, webauthn:extension:prf: true, webauthn:virtualAuthenticators: true}
Session ID: df2406b49a993afac19c2413a4de53fa
org.openqa.selenium.NoSuchElementException: no such element: Unable to locate element: {"method":"xpath","selector":"(//div[contains(@class, 'mdc-checkbox')]//input[@type='checkbox'])[1]"}
  (Session info: chrome=134.0.6998.178)
For documentation on this error, please visit: https://www.selenium.dev/documentation/webdriver/troubleshooting/errors#no-such-element-exception
Build info: version: '4.27.0', revision: 'd6e718d134'
System info: os.name: 'Windows 11', os.arch: 'amd64', os.version: '10.0', java.version: '21.0.3'
Driver info: org.openqa.selenium.chrome.ChromeDriver
Command: [df2406b49a993afac19c2413a4de53fa, findElement {value=(//div[contains(@class, 'mdc-checkbox')]//input[@type='checkbox'])[1], using=xpath}]
Capabilities {acceptInsecureCerts: false, browserName: chrome, browserVersion: 134.0.6998.178, chrome: {chromedriverVersion: 134.0.6998.165 (fd886e2cb29..., userDataDir: C:\Users\INGRID~1.ZAD\AppDa...}, fedcm:accounts: true, goog:chromeOptions: {debuggerAddress: localhost:54553}, networkConnectionEnabled: false, pageLoadStrategy: normal, platformName: windows, proxy: Proxy(), se:cdp: ws://localhost:54553/devtoo..., se:cdpVersion: 134.0.6998.178, setWindowRect: true, strictFileInteractability: false, timeouts: {implicit: 0, pageLoad: 300000, script: 30000}, unhandledPromptBehavior: dismiss and notify, webauthn:extension:credBlob: true, webauthn:extension:largeBlob: true, webauthn:extension:minPinLength: true, webauthn:extension:prf: true, webauthn:virtualAuthenticators: true}
Session ID: df2406b49a993afac19c2413a4de53fa
	at java.base/jdk.internal.reflect.DirectConstructorHandleAccessor.newInstance(DirectConstructorHandleAccessor.java:62)
	at java.base/java.lang.reflect.Constructor.newInstanceWithCaller(Constructor.java:502)
	at java.base/java.lang.reflect.Constructor.newInstance(Constructor.java:486)
	at org.openqa.selenium.remote.ErrorCodec.decode(ErrorCodec.java:167)
	at org.openqa.selenium.remote.codec.w3c.W3CHttpResponseCodec.decode(W3CHttpResponseCodec.java:138)
	at org.openqa.selenium.remote.codec.w3c.W3CHttpResponseCodec.decode(W3CHttpResponseCodec.java:50)
	at org.openqa.selenium.remote.HttpCommandExecutor.execute(HttpCommandExecutor.java:190)
	at org.openqa.selenium.remote.service.DriverCommandExecutor.invokeExecute(DriverCommandExecutor.java:216)
	at org.openqa.selenium.remote.service.DriverCommandExecutor.execute(DriverCommandExecutor.java:174)
	at org.openqa.selenium.remote.RemoteWebDriver.execute(RemoteWebDriver.java:545)
	at org.openqa.selenium.remote.ElementLocation$ElementFinder$2.findElement(ElementLocation.java:165)
	at org.openqa.selenium.remote.ElementLocation.findElement(ElementLocation.java:59)
	at org.openqa.selenium.remote.RemoteWebDriver.findElement(RemoteWebDriver.java:368)
	at org.openqa.selenium.remote.RemoteWebDriver.findElement(RemoteWebDriver.java:362)
	at org.openqa.selenium.support.pagefactory.DefaultElementLocator.findElement(DefaultElementLocator.java:68)
	at org.openqa.selenium.support.pagefactory.internal.LocatingElementHandler.invoke(LocatingElementHandler.java:38)
	at jdk.proxy2/jdk.proxy2.$Proxy14.getWrappedElement(Unknown Source)
	at org.openqa.selenium.remote.WebElementToJsonConverter.apply(WebElementToJsonConverter.java:48)
	at java.base/java.util.stream.ReferencePipeline$3$1.accept(ReferencePipeline.java:197)
	at java.base/java.util.Spliterators$ArraySpliterator.forEachRemaining(Spliterators.java:1024)
	at java.base/java.util.stream.AbstractPipeline.copyInto(AbstractPipeline.java:509)
	at java.base/java.util.stream.AbstractPipeline.wrapAndCopyInto(AbstractPipeline.java:499)
	at java.base/java.util.stream.ReduceOps$ReduceOp.evaluateSequential(ReduceOps.java:921)
	at java.base/java.util.stream.AbstractPipeline.evaluate(AbstractPipeline.java:234)
	at java.base/java.util.stream.ReferencePipeline.collect(ReferencePipeline.java:682)
	at org.openqa.selenium.remote.RemoteWebDriver.executeScript(RemoteWebDriver.java:474)
	at lt.insoft.uztis.pages.SubmittedApplicationsPage$CheckboxHelper.clickWithJavaScript(SubmittedApplicationsPage.java:1739)
	at lt.insoft.uztis.pages.SubmittedApplicationsPage$CheckboxHelper.setConfirmationCheckbox(SubmittedApplicationsPage.java:1728)
	at lt.insoft.uztis.tests.SubmittedApplicationsPageTest.testFillNewVUIApplicationFA(SubmittedApplicationsPageTest.java:416)
	at java.base/jdk.internal.reflect.DirectMethodHandleAccessor.invoke(DirectMethodHandleAccessor.java:103)
	at java.base/java.lang.reflect.Method.invoke(Method.java:580)
	at org.junit.platform.commons.util.ReflectionUtils.invokeMethod(ReflectionUtils.java:728)
	at org.junit.jupiter.engine.execution.MethodInvocation.proceed(MethodInvocation.java:60)
	at org.junit.jupiter.engine.execution.InvocationInterceptorChain$ValidatingInvocation.proceed(InvocationInterceptorChain.java:131)
	at org.junit.jupiter.engine.extension.TimeoutExtension.intercept(TimeoutExtension.java:156)
	at org.junit.jupiter.engine.extension.TimeoutExtension.interceptTestableMethod(TimeoutExtension.java:147)
	at org.junit.jupiter.engine.extension.TimeoutExtension.interceptTestMethod(TimeoutExtension.java:86)
	at org.junit.jupiter.engine.execution.InterceptingExecutableInvoker$ReflectiveInterceptorCall.lambda$ofVoidMethod$0(InterceptingExecutableInvoker.java:103)
	at org.junit.jupiter.engine.execution.InterceptingExecutableInvoker.lambda$invoke$0(InterceptingExecutableInvoker.java:93)
	at org.junit.jupiter.engine.execution.InvocationInterceptorChain$InterceptedInvocation.proceed(InvocationInterceptorChain.java:106)
	at org.junit.jupiter.engine.execution.InvocationInterceptorChain.proceed(InvocationInterceptorChain.java:64)
	at org.junit.jupiter.engine.execution.InvocationInterceptorChain.chainAndInvoke(InvocationInterceptorChain.java:45)
	at org.junit.jupiter.engine.execution.InvocationInterceptorChain.invoke(InvocationInterceptorChain.java:37)
	at org.junit.jupiter.engine.execution.InterceptingExecutableInvoker.invoke(InterceptingExecutableInvoker.java:92)
	at org.junit.jupiter.engine.execution.InterceptingExecutableInvoker.invoke(InterceptingExecutableInvoker.java:86)
	at org.junit.jupiter.engine.descriptor.TestMethodTestDescriptor.lambda$invokeTestMethod$7(TestMethodTestDescriptor.java:218)
	at org.junit.platform.engine.support.hierarchical.ThrowableCollector.execute(ThrowableCollector.java:73)
	at org.junit.jupiter.engine.descriptor.TestMethodTestDescriptor.invokeTestMethod(TestMethodTestDescriptor.java:214)
	at org.junit.jupiter.engine.descriptor.TestMethodTestDescriptor.execute(TestMethodTestDescriptor.java:139)
	at org.junit.jupiter.engine.descriptor.TestMethodTestDescriptor.execute(TestMethodTestDescriptor.java:69)
	at org.junit.platform.engine.support.hierarchical.NodeTestTask.lambda$executeRecursively$6(NodeTestTask.java:151)
	at org.junit.platform.engine.support.hierarchical.ThrowableCollector.execute(ThrowableCollector.java:73)
	at org.junit.platform.engine.support.hierarchical.NodeTestTask.lambda$executeRecursively$8(NodeTestTask.java:141)
	at org.junit.platform.engine.support.hierarchical.Node.around(Node.java:137)
	at org.junit.platform.engine.support.hierarchical.NodeTestTask.lambda$executeRecursively$9(NodeTestTask.java:139)
	at org.junit.platform.engine.support.hierarchical.ThrowableCollector.execute(ThrowableCollector.java:73)
	at org.junit.platform.engine.support.hierarchical.NodeTestTask.executeRecursively(NodeTestTask.java:138)
	at org.junit.platform.engine.support.hierarchical.NodeTestTask.execute(NodeTestTask.java:95)
	at java.base/java.util.ArrayList.forEach(ArrayList.java:1596)
	at org.junit.platform.engine.support.hierarchical.SameThreadHierarchicalTestExecutorService.invokeAll(SameThreadHierarchicalTestExecutorService.java:41)
	at org.junit.platform.engine.support.hierarchical.NodeTestTask.lambda$executeRecursively$6(NodeTestTask.java:155)
	at org.junit.platform.engine.support.hierarchical.ThrowableCollector.execute(ThrowableCollector.java:73)
	at org.junit.platform.engine.support.hierarchical.NodeTestTask.lambda$executeRecursively$8(NodeTestTask.java:141)
	at org.junit.platform.engine.support.hierarchical.Node.around(Node.java:137)
	at org.junit.platform.engine.support.hierarchical.NodeTestTask.lambda$executeRecursively$9(NodeTestTask.java:139)
	at org.junit.platform.engine.support.hierarchical.ThrowableCollector.execute(ThrowableCollector.java:73)
	at org.junit.platform.engine.support.hierarchical.NodeTestTask.executeRecursively(NodeTestTask.java:138)
	at org.junit.platform.engine.support.hierarchical.NodeTestTask.execute(NodeTestTask.java:95)
	at java.base/java.util.ArrayList.forEach(ArrayList.java:1596)
	at org.junit.platform.engine.support.hierarchical.SameThreadHierarchicalTestExecutorService.invokeAll(SameThreadHierarchicalTestExecutorService.java:41)
	at org.junit.platform.engine.support.hierarchical.NodeTestTask.lambda$executeRecursively$6(NodeTestTask.java:155)
	at org.junit.platform.engine.support.hierarchical.ThrowableCollector.execute(ThrowableCollector.java:73)
	at org.junit.platform.engine.support.hierarchical.NodeTestTask.lambda$executeRecursively$8(NodeTestTask.java:141)
	at org.junit.platform.engine.support.hierarchical.Node.around(Node.java:137)
	at org.junit.platform.engine.support.hierarchical.NodeTestTask.lambda$executeRecursively$9(NodeTestTask.java:139)
	at org.junit.platform.engine.support.hierarchical.ThrowableCollector.execute(ThrowableCollector.java:73)
	at org.junit.platform.engine.support.hierarchical.NodeTestTask.executeRecursively(NodeTestTask.java:138)
	at org.junit.platform.engine.support.hierarchical.NodeTestTask.execute(NodeTestTask.java:95)
	at org.junit.platform.engine.support.hierarchical.SameThreadHierarchicalTestExecutorService.submit(SameThreadHierarchicalTestExecutorService.java:35)
	at org.junit.platform.engine.support.hierarchical.HierarchicalTestExecutor.execute(HierarchicalTestExecutor.java:57)
	at org.junit.platform.engine.support.hierarchical.HierarchicalTestEngine.execute(HierarchicalTestEngine.java:54)
	at org.junit.platform.launcher.core.EngineExecutionOrchestrator.execute(EngineExecutionOrchestrator.java:198)
	at org.junit.platform.launcher.core.EngineExecutionOrchestrator.execute(EngineExecutionOrchestrator.java:169)
	at org.junit.platform.launcher.core.EngineExecutionOrchestrator.execute(EngineExecutionOrchestrator.java:93)
	at org.junit.platform.launcher.core.EngineExecutionOrchestrator.lambda$execute$0(EngineExecutionOrchestrator.java:58)
	at org.junit.platform.launcher.core.EngineExecutionOrchestrator.withInterceptedStreams(EngineExecutionOrchestrator.java:141)
	at org.junit.platform.launcher.core.EngineExecutionOrchestrator.execute(EngineExecutionOrchestrator.java:57)
	at org.junit.platform.launcher.core.DefaultLauncher.execute(DefaultLauncher.java:103)
	at org.junit.platform.launcher.core.DefaultLauncher.execute(DefaultLauncher.java:85)
	at org.junit.platform.launcher.core.DelegatingLauncher.execute(DelegatingLauncher.java:47)
	at org.junit.platform.launcher.core.SessionPerRequestLauncher.execute(SessionPerRequestLauncher.java:63)
	at com.intellij.junit5.JUnit5IdeaTestRunner.startRunnerWithArgs(JUnit5IdeaTestRunner.java:57)
	at com.intellij.rt.junit.IdeaTestRunner$Repeater$1.execute(IdeaTestRunner.java:38)
	at com.intellij.rt.execution.junit.TestsRepeater.repeat(TestsRepeater.java:11)
	at com.intellij.rt.junit.IdeaTestRunner$Repeater.startRunnerWithArgs(IdeaTestRunner.java:35)
	at com.intellij.rt.junit.JUnitStarter.prepareStreamsAndStart(JUnitStarter.java:232)
	at com.intellij.rt.junit.JUnitStarter.main(JUnitStarter.java:55)
2025-03-31 15:13:09 [main] INFO  l.insoft.uztis.tests.utils.TestUtils - Screenshot moved to C:\Users\ingrida.zadorozniene\Desktop\Asm\UZTIS\UZTIS_tests\test-output\screenshots\20250331\151309836_testFillNewVUIApplicationFA().png
2025-03-31 15:13:46 [main] INFO  lt.insoft.uztis.tests.UztisPageTest - Navigated to https://uztisdev.asseco.lt/home
2025-03-31 15:13:47 [main] INFO  l.i.u.t.SubmittedApplicationsPageTest - Starting test:'testFillNewVUIPApplicationFA'
2025-03-31 15:13:47 [main] DEBUG l.i.u.t.SubmittedApplicationsPageTest - User logged in with test credentials.
2025-03-31 15:13:47 [main] DEBUG l.i.u.t.SubmittedApplicationsPageTest - Opened 'Application Processing' menu.
2025-03-31 15:13:48 [main] DEBUG l.i.u.t.SubmittedApplicationsPageTest - Clicked on 'Application Forms' menu.
2025-03-31 15:13:48 [main] DEBUG l.i.u.t.SubmittedApplicationsPageTest - Retrieved last description code text: 'TST-VUI-75'.
2025-03-31 15:13:49 [main] DEBUG l.i.u.t.SubmittedApplicationsPageTest - Clicked on 'Invitation' menu.
2025-03-31 15:13:50 [main] DEBUG l.i.u.t.SubmittedApplicationsPageTest - Selected application section by code: 'TST-VUI-75'.
2025-03-31 15:13:50 [main] DEBUG l.i.u.t.SubmittedApplicationsPageTest - Clicked 'Search' button.
2025-03-31 15:13:50 [main] DEBUG l.i.u.t.SubmittedApplicationsPageTest - Retrieved invitation code: ''.
2025-03-31 15:13:50 [main] DEBUG l.i.u.t.SubmittedApplicationsPageTest - Clicked on 'Submitted Applications' menu.
2025-03-31 15:13:52 [main] DEBUG l.i.u.t.SubmittedApplicationsPageTest - Selected invitation by code: 'TST-VUI-75'.
2025-03-31 15:13:52 [main] DEBUG l.i.u.t.SubmittedApplicationsPageTest - Invitation code inserted.
2025-03-31 15:13:52 [main] DEBUG l.i.u.t.SubmittedApplicationsPageTest - Clicked on 'Action Application' button.
2025-03-31 15:13:53 [main] DEBUG l.i.u.t.SubmittedApplicationsPageTest - Clicked on 'New Application' button.
2025-03-31 15:13:53 [main] DEBUG l.i.u.t.SubmittedApplicationsPageTest - Selected the 'RadioButtonFA' option.
2025-03-31 15:13:53 [main] DEBUG l.i.u.t.SubmittedApplicationsPageTest - Entered phone number: '61298745'.
2025-03-31 15:13:53 [main] DEBUG l.i.u.t.SubmittedApplicationsPageTest - Entered email: 'test@autotest.com'.
2025-03-31 15:13:53 [main] INFO  l.i.u.p.SubmittedApplicationsPage - Clicking on the dropdown button.
2025-03-31 15:14:11 [main] INFO  l.i.u.p.SubmittedApplicationsPage - Found 1741 options in the dropdown.
2025-03-31 15:14:11 [main] DEBUG l.i.u.p.SubmittedApplicationsPage - Checking option: ''
2025-03-31 15:14:11 [main] DEBUG l.i.u.p.SubmittedApplicationsPage - Checking option: '01.11 - Grūdinių (išskyrus ryžius), ankštinių ir aliejingų sėklų augalų auginimas'
2025-03-31 15:14:11 [main] INFO  l.i.u.p.SubmittedApplicationsPage - Successfully selected the value: '01.11 - Grūdinių (išskyrus ryžius), ankštinių ir aliejingų sėklų augalų auginimas'
2025-03-31 15:14:11 [main] INFO  l.i.u.p.SubmittedApplicationsPage - Attempting to close the dropdown.
2025-03-31 15:14:12 [main] DEBUG l.i.u.t.SubmittedApplicationsPageTest - Selected EVRK value: '01.11 - Grūdinių (išskyrus ryžius), ankštinių ir aliejingų sėklų augalų auginimas'.
2025-03-31 15:14:12 [main] DEBUG l.i.u.t.SubmittedApplicationsPageTest - Clicked on 'Address Component' button.
2025-03-31 15:14:12 [main] INFO  l.i.u.p.SubmittedApplicationsPage - Located the dropdown button.
2025-03-31 15:14:16 [main] INFO  l.i.u.p.SubmittedApplicationsPage - Successfully selected the value: 'Lietuva'
2025-03-31 15:14:16 [main] DEBUG l.i.u.t.SubmittedApplicationsPageTest - Selected country: 'Lietuva'.
2025-03-31 15:14:16 [main] INFO  l.i.u.p.SubmittedApplicationsPage - Located the dropdown search field.
2025-03-31 15:14:16 [main] INFO  l.i.u.p.SubmittedApplicationsPage - Dropdown city is opened.
2025-03-31 15:14:17 [main] INFO  l.i.u.p.SubmittedApplicationsPage - Searched for value: 'Vilnius'
2025-03-31 15:14:17 [main] INFO  l.i.u.p.SubmittedApplicationsPage - Successfully selected: 'Vilnius'
2025-03-31 15:14:17 [main] INFO  l.i.u.p.SubmittedApplicationsPage - Located the dropdown button.
2025-03-31 15:14:18 [main] INFO  l.i.u.p.SubmittedApplicationsPage - Successfully selected the value: 'A. Domaševičiaus g.'
2025-03-31 15:14:18 [main] DEBUG l.i.u.t.SubmittedApplicationsPageTest - Selected street: 'A. Domaševičiaus g.'.
2025-03-31 15:14:18 [main] INFO  l.i.u.p.SubmittedApplicationsPage - Located the dropdown button.
2025-03-31 15:14:18 [main] INFO  l.i.u.p.SubmittedApplicationsPage - Successfully selected the value: '1'
2025-03-31 15:14:18 [main] DEBUG l.i.u.t.SubmittedApplicationsPageTest - Selected house: '1'.
2025-03-31 15:14:18 [main] INFO  l.i.u.p.SubmittedApplicationsPage - Located the dropdown button.
2025-03-31 15:14:18 [main] INFO  l.i.u.p.SubmittedApplicationsPage - Successfully selected the value: '1'
2025-03-31 15:14:18 [main] DEBUG l.i.u.t.SubmittedApplicationsPageTest - Selected apartment: '1'.
2025-03-31 15:14:19 [main] DEBUG l.i.u.t.SubmittedApplicationsPageTest - Clicked 'Confirm' button.
2025-03-31 15:14:19 [main] DEBUG l.i.u.t.SubmittedApplicationsPageTest - Entered project date.
2025-03-31 15:14:19 [main] DEBUG l.i.u.t.SubmittedApplicationsPageTest - Entered job count: '1'.
2025-03-31 15:14:19 [main] DEBUG l.i.u.t.SubmittedApplicationsPageTest - Clicked 'Next' button.
2025-03-31 15:14:19 [main] INFO  l.i.u.p.SubmittedApplicationsPage - Located the dropdown button.
2025-03-31 15:14:20 [main] INFO  l.i.u.p.SubmittedApplicationsPage - Successfully selected the value: 'Administratoriai'
2025-03-31 15:14:20 [main] DEBUG l.i.u.t.SubmittedApplicationsPageTest - Selected job name: 'Administratoriai'.
2025-03-31 15:14:20 [main] DEBUG l.i.u.t.SubmittedApplicationsPageTest - Entered job function: 'Funkcija 1'.
2025-03-31 15:14:21 [main] DEBUG l.i.u.t.SubmittedApplicationsPageTest - Selected 'RadioButtonWithDisabilities' option.
2025-03-31 15:14:21 [main] INFO  l.i.u.p.SubmittedApplicationsPage - Clicking on the dropdown button.
2025-03-31 15:14:22 [main] INFO  l.i.u.p.SubmittedApplicationsPage - Found 34 options in the dropdown.
2025-03-31 15:14:22 [main] DEBUG l.i.u.p.SubmittedApplicationsPage - Checking option: 'Asmenys, kuriems suteiktas pabėgėlio statusas ar perkeliamojo asmens statusas, arba asmenys, kuriems suteikta papildoma ar laikinoji apsauga, ir asmenys, turintys teisę gauti laikinąją apsaugą, iki sprendimo dėl laikinosios apsaugos suteikimo (nesuteikimo) priėmimo, tačiau ne ilgiau kaip laikinosios apsaugos laikotarpiu'
2025-03-31 15:14:22 [main] DEBUG l.i.u.p.SubmittedApplicationsPage - Checking option: 'Asmenys, kuriems suteiktas pabėgėlio statusas ar perkeliamojo asmens statusas, arba asmenys, kuriems suteikta papildoma ar laikinoji apsauga, ir asmenys, turintys teisę gauti laikinąją apsaugą, iki sprendimo dėl laikinosios apsaugos suteikimo (nesuteikimo) priėmimo, tačiau ne ilgiau kaip laikinosios apsaugos laikotarpiu'
2025-03-31 15:14:22 [main] DEBUG l.i.u.p.SubmittedApplicationsPage - Checking option: 'Asmenys, turintys teisę į papildomas užimtumo garantijas pagal Lietuvos Respublikos valstybės įmonės Ignalinos atominės elektrinės darbuotojų papildomų užimtumo ir socialinių garantijų įstatymą'
2025-03-31 15:14:22 [main] DEBUG l.i.u.p.SubmittedApplicationsPage - Checking option: 'Asmenys, turintys teisę į papildomas užimtumo garantijas pagal Lietuvos Respublikos valstybės įmonės Ignalinos atominės elektrinės darbuotojų papildomų užimtumo ir socialinių garantijų įstatymą'
2025-03-31 15:14:22 [main] DEBUG l.i.u.p.SubmittedApplicationsPage - Checking option: 'Bedarbiai iki 29 metų'
2025-03-31 15:14:22 [main] DEBUG l.i.u.p.SubmittedApplicationsPage - Checking option: 'Bedarbiai iki 29 metų'
2025-03-31 15:14:22 [main] DEBUG l.i.u.p.SubmittedApplicationsPage - Checking option: 'Bedarbiai, kurie yra darbingo amžiaus neįgalieji, kuriems nustatytas 30–40 procentų darbingumo lygis arba vidutinis neįgalumo lygis'
2025-03-31 15:14:22 [main] DEBUG l.i.u.p.SubmittedApplicationsPage - Checking option: 'Bedarbiai, kurie yra darbingo amžiaus neįgalieji, kuriems nustatytas 30–40 procentų darbingumo lygis arba vidutinis neįgalumo lygis'
2025-03-31 15:14:22 [main] DEBUG l.i.u.p.SubmittedApplicationsPage - Checking option: 'Bedarbiai, kurie yra darbingo amžiaus neįgalieji, kuriems nustatytas 45–55 procentų darbingumo lygis arba lengvas neįgalumo lygis'
2025-03-31 15:14:22 [main] DEBUG l.i.u.p.SubmittedApplicationsPage - Checking option: 'Bedarbiai, kurie yra darbingo amžiaus neįgalieji, kuriems nustatytas 45–55 procentų darbingumo lygis arba lengvas neįgalumo lygis'
2025-03-31 15:14:22 [main] DEBUG l.i.u.p.SubmittedApplicationsPage - Checking option: 'Bedarbiai, kurie yra darbingo amžiaus neįgalieji, kuriems nustatytas iki 25 procentų darbingumo lygis arba sunkus neįgalumo lygis'
2025-03-31 15:14:22 [main] INFO  l.i.u.p.SubmittedApplicationsPage - Successfully selected the value: 'Bedarbiai, kurie yra darbingo amžiaus neįgalieji, kuriems nustatytas iki 25 procentų darbingumo lygis arba sunkus neįgalumo lygis'
2025-03-31 15:14:22 [main] INFO  l.i.u.p.SubmittedApplicationsPage - Attempting to close the dropdown.
2025-03-31 15:14:23 [main] DEBUG l.i.u.t.SubmittedApplicationsPageTest - Selected disabilities type: 'Bedarbiai, kurie yra darbingo amžiaus neįgalieji, kuriems nustatytas iki 25 procentų darbingumo lygis arba sunkus neįgalumo lygis'.
2025-03-31 15:14:23 [main] DEBUG l.i.u.t.SubmittedApplicationsPageTest - Entered disability information: 'Negalia 1'.
2025-03-31 15:14:23 [main] INFO  l.i.u.p.SubmittedApplicationsPage - Located the dropdown button.
2025-03-31 15:14:24 [main] INFO  l.i.u.p.SubmittedApplicationsPage - Successfully selected the value: 'Kita'
2025-03-31 15:14:24 [main] DEBUG l.i.u.t.SubmittedApplicationsPageTest - Selected time mode: 'Kita'.
2025-03-31 15:14:24 [main] DEBUG l.i.u.t.SubmittedApplicationsPageTest - Selected time mode other: '6 val. per dieną ir 4 d. per savaitę'.
2025-03-31 15:14:24 [main] DEBUG l.i.u.t.SubmittedApplicationsPageTest - Entered qualification: 'Kvalifikacija 1'.
2025-03-31 15:14:24 [main] DEBUG l.i.u.t.SubmittedApplicationsPageTest - Entered job date.
2025-03-31 15:14:25 [main] DEBUG l.i.u.t.SubmittedApplicationsPageTest - Entered salary amount: '1200'.
2025-03-31 15:14:25 [main] DEBUG l.i.u.t.SubmittedApplicationsPageTest - Entered salary description: 'Užmokestis 1'.
2025-03-31 15:14:25 [main] DEBUG l.i.u.t.SubmittedApplicationsPageTest - Selected 'Temporary Job' radio button.
2025-03-31 15:14:25 [main] DEBUG l.i.u.t.SubmittedApplicationsPageTest - Selected 'Season Job' radio button.
2025-03-31 15:14:25 [main] DEBUG l.i.u.t.SubmittedApplicationsPageTest - Selected 'Energy' radio button.
2025-03-31 15:14:26 [main] DEBUG l.i.u.t.SubmittedApplicationsPageTest - Selected 'Repair' radio button.
2025-03-31 15:14:26 [main] DEBUG l.i.u.t.SubmittedApplicationsPageTest - Entered job description: 'Veikla 1'.
2025-03-31 15:14:26 [main] DEBUG l.i.u.t.SubmittedApplicationsPageTest - Entered process description: 'Procesas 1'.
2025-03-31 15:14:26 [main] DEBUG l.i.u.t.SubmittedApplicationsPageTest - Entered energy information: 'Energija 1'.
2025-03-31 15:14:27 [main] DEBUG l.i.u.t.SubmittedApplicationsPageTest - Entered repair information: 'Remontas 1'.
2025-03-31 15:14:27 [main] DEBUG l.i.u.t.SubmittedApplicationsPageTest - Selected 'PVM' radio button.
2025-03-31 15:14:27 [main] INFO  l.i.u.p.SubmittedApplicationsPage - Located the dropdown button.
2025-03-31 15:14:27 [main] INFO  l.i.u.p.SubmittedApplicationsPage - Successfully selected the value: 'Įsigyti'
2025-03-31 15:14:27 [main] DEBUG l.i.u.t.SubmittedApplicationsPageTest - Selected necessary for job: 'Įsigyti'.
2025-03-31 15:14:28 [main] DEBUG l.i.u.t.SubmittedApplicationsPageTest - Selected tool: 'Darbo priemonė 1'.
2025-03-31 15:14:28 [main] DEBUG l.i.u.t.SubmittedApplicationsPageTest - Selected tool parameter one: 'Darbo priemonės 1 parametras 1'.
2025-03-31 15:14:28 [main] DEBUG l.i.u.t.SubmittedApplicationsPageTest - Selected tool parameter two: 'Darbo priemonės 1 parametras 2'.
2025-03-31 15:14:28 [main] DEBUG l.i.u.t.SubmittedApplicationsPageTest - Selected tool parameter three: 'Darbo priemonės 1 parametras 3'.
2025-03-31 15:14:29 [main] DEBUG l.i.u.t.SubmittedApplicationsPageTest - Entered tool count: '1'.
2025-03-31 15:14:29 [main] DEBUG l.i.u.t.SubmittedApplicationsPageTest - Entered price amount 1: '1000'.
2025-03-31 15:14:31 [main] DEBUG l.i.u.t.SubmittedApplicationsPageTest - Entered own funds amount 1: '800'.
2025-03-31 15:14:33 [main] DEBUG l.i.u.t.SubmittedApplicationsPageTest - Clicked 'Add' button.
2025-03-31 15:14:33 [main] INFO  l.i.u.p.SubmittedApplicationsPage - Located the dropdown button.
2025-03-31 15:14:34 [main] INFO  l.i.u.p.SubmittedApplicationsPage - Successfully selected the value: 'Remontuoti'
2025-03-31 15:14:34 [main] DEBUG l.i.u.t.SubmittedApplicationsPageTest - Selected necessary for job 'to repair': 'Remontuoti'.
2025-03-31 15:14:34 [main] DEBUG l.i.u.t.SubmittedApplicationsPageTest - Selected repair name: 'Remonto pavadinimas 1'.
2025-03-31 15:14:34 [main] DEBUG l.i.u.t.SubmittedApplicationsPageTest - Entered repair information: 'Remonto aprašymas 1'.
2025-03-31 15:14:35 [main] DEBUG l.i.u.t.SubmittedApplicationsPageTest - Entered country percentage: '50'.
2025-03-31 15:14:35 [main] DEBUG l.i.u.t.SubmittedApplicationsPageTest - Entered institution percentage: '50'.
2025-03-31 15:14:35 [main] DEBUG l.i.u.t.SubmittedApplicationsPageTest - Entered municipality percentage: '50'.
2025-03-31 15:14:35 [main] DEBUG l.i.u.t.SubmittedApplicationsPageTest - Selected 'De Minimis' radio button.
2025-03-31 15:14:35 [main] DEBUG l.i.u.t.SubmittedApplicationsPageTest - Entered program name: 'Programa 1'.
2025-03-31 15:14:35 [main] DEBUG l.i.u.t.SubmittedApplicationsPageTest - Entered project date from.
2025-03-31 15:14:36 [main] DEBUG l.i.u.t.SubmittedApplicationsPageTest - Entered project date until.
2025-03-31 15:14:36 [main] DEBUG l.i.u.t.SubmittedApplicationsPageTest - Entered support amount: '2000'.
2025-03-31 15:15:06 [main] ERROR l.i.u.t.SubmittedApplicationsPageTest - Test 'testFillNewVUIApplicationFA' failed with error: no such element: Unable to locate element: {"method":"xpath","selector":"(//div[contains(@class, 'mdc-checkbox')]//input[@type='checkbox'])[1]"}
  (Session info: chrome=134.0.6998.178)
For documentation on this error, please visit: https://www.selenium.dev/documentation/webdriver/troubleshooting/errors#no-such-element-exception
Build info: version: '4.27.0', revision: 'd6e718d134'
System info: os.name: 'Windows 11', os.arch: 'amd64', os.version: '10.0', java.version: '21.0.3'
Driver info: org.openqa.selenium.chrome.ChromeDriver
Command: [3020e69421a28ff5fd53ef8e419082d7, findElement {using=xpath, value=(//div[contains(@class, 'mdc-checkbox')]//input[@type='checkbox'])[1]}]
Capabilities {acceptInsecureCerts: false, browserName: chrome, browserVersion: 134.0.6998.178, chrome: {chromedriverVersion: 134.0.6998.165 (fd886e2cb29..., userDataDir: C:\Users\INGRID~1.ZAD\AppDa...}, fedcm:accounts: true, goog:chromeOptions: {debuggerAddress: localhost:54583}, networkConnectionEnabled: false, pageLoadStrategy: normal, platformName: windows, proxy: Proxy(), se:cdp: ws://localhost:54583/devtoo..., se:cdpVersion: 134.0.6998.178, setWindowRect: true, strictFileInteractability: false, timeouts: {implicit: 0, pageLoad: 300000, script: 30000}, unhandledPromptBehavior: dismiss and notify, webauthn:extension:credBlob: true, webauthn:extension:largeBlob: true, webauthn:extension:minPinLength: true, webauthn:extension:prf: true, webauthn:virtualAuthenticators: true}
Session ID: 3020e69421a28ff5fd53ef8e419082d7
org.openqa.selenium.NoSuchElementException: no such element: Unable to locate element: {"method":"xpath","selector":"(//div[contains(@class, 'mdc-checkbox')]//input[@type='checkbox'])[1]"}
  (Session info: chrome=134.0.6998.178)
For documentation on this error, please visit: https://www.selenium.dev/documentation/webdriver/troubleshooting/errors#no-such-element-exception
Build info: version: '4.27.0', revision: 'd6e718d134'
System info: os.name: 'Windows 11', os.arch: 'amd64', os.version: '10.0', java.version: '21.0.3'
Driver info: org.openqa.selenium.chrome.ChromeDriver
Command: [3020e69421a28ff5fd53ef8e419082d7, findElement {using=xpath, value=(//div[contains(@class, 'mdc-checkbox')]//input[@type='checkbox'])[1]}]
Capabilities {acceptInsecureCerts: false, browserName: chrome, browserVersion: 134.0.6998.178, chrome: {chromedriverVersion: 134.0.6998.165 (fd886e2cb29..., userDataDir: C:\Users\INGRID~1.ZAD\AppDa...}, fedcm:accounts: true, goog:chromeOptions: {debuggerAddress: localhost:54583}, networkConnectionEnabled: false, pageLoadStrategy: normal, platformName: windows, proxy: Proxy(), se:cdp: ws://localhost:54583/devtoo..., se:cdpVersion: 134.0.6998.178, setWindowRect: true, strictFileInteractability: false, timeouts: {implicit: 0, pageLoad: 300000, script: 30000}, unhandledPromptBehavior: dismiss and notify, webauthn:extension:credBlob: true, webauthn:extension:largeBlob: true, webauthn:extension:minPinLength: true, webauthn:extension:prf: true, webauthn:virtualAuthenticators: true}
Session ID: 3020e69421a28ff5fd53ef8e419082d7
	at java.base/jdk.internal.reflect.DirectConstructorHandleAccessor.newInstance(DirectConstructorHandleAccessor.java:62)
	at java.base/java.lang.reflect.Constructor.newInstanceWithCaller(Constructor.java:502)
	at java.base/java.lang.reflect.Constructor.newInstance(Constructor.java:486)
	at org.openqa.selenium.remote.ErrorCodec.decode(ErrorCodec.java:167)
	at org.openqa.selenium.remote.codec.w3c.W3CHttpResponseCodec.decode(W3CHttpResponseCodec.java:138)
	at org.openqa.selenium.remote.codec.w3c.W3CHttpResponseCodec.decode(W3CHttpResponseCodec.java:50)
	at org.openqa.selenium.remote.HttpCommandExecutor.execute(HttpCommandExecutor.java:190)
	at org.openqa.selenium.remote.service.DriverCommandExecutor.invokeExecute(DriverCommandExecutor.java:216)
	at org.openqa.selenium.remote.service.DriverCommandExecutor.execute(DriverCommandExecutor.java:174)
	at org.openqa.selenium.remote.RemoteWebDriver.execute(RemoteWebDriver.java:545)
	at org.openqa.selenium.remote.ElementLocation$ElementFinder$2.findElement(ElementLocation.java:165)
	at org.openqa.selenium.remote.ElementLocation.findElement(ElementLocation.java:59)
	at org.openqa.selenium.remote.RemoteWebDriver.findElement(RemoteWebDriver.java:368)
	at org.openqa.selenium.remote.RemoteWebDriver.findElement(RemoteWebDriver.java:362)
	at org.openqa.selenium.support.pagefactory.DefaultElementLocator.findElement(DefaultElementLocator.java:68)
	at org.openqa.selenium.support.pagefactory.internal.LocatingElementHandler.invoke(LocatingElementHandler.java:38)
	at jdk.proxy2/jdk.proxy2.$Proxy14.getWrappedElement(Unknown Source)
	at org.openqa.selenium.remote.WebElementToJsonConverter.apply(WebElementToJsonConverter.java:48)
	at java.base/java.util.stream.ReferencePipeline$3$1.accept(ReferencePipeline.java:197)
	at java.base/java.util.Spliterators$ArraySpliterator.forEachRemaining(Spliterators.java:1024)
	at java.base/java.util.stream.AbstractPipeline.copyInto(AbstractPipeline.java:509)
	at java.base/java.util.stream.AbstractPipeline.wrapAndCopyInto(AbstractPipeline.java:499)
	at java.base/java.util.stream.ReduceOps$ReduceOp.evaluateSequential(ReduceOps.java:921)
	at java.base/java.util.stream.AbstractPipeline.evaluate(AbstractPipeline.java:234)
	at java.base/java.util.stream.ReferencePipeline.collect(ReferencePipeline.java:682)
	at org.openqa.selenium.remote.RemoteWebDriver.executeScript(RemoteWebDriver.java:474)
	at lt.insoft.uztis.pages.SubmittedApplicationsPage$CheckboxHelper.clickWithJavaScript(SubmittedApplicationsPage.java:1739)
	at lt.insoft.uztis.pages.SubmittedApplicationsPage$CheckboxHelper.setConfirmationCheckbox(SubmittedApplicationsPage.java:1728)
	at lt.insoft.uztis.tests.SubmittedApplicationsPageTest.testFillNewVUIApplicationFA(SubmittedApplicationsPageTest.java:416)
	at java.base/jdk.internal.reflect.DirectMethodHandleAccessor.invoke(DirectMethodHandleAccessor.java:103)
	at java.base/java.lang.reflect.Method.invoke(Method.java:580)
	at org.junit.platform.commons.util.ReflectionUtils.invokeMethod(ReflectionUtils.java:728)
	at org.junit.jupiter.engine.execution.MethodInvocation.proceed(MethodInvocation.java:60)
	at org.junit.jupiter.engine.execution.InvocationInterceptorChain$ValidatingInvocation.proceed(InvocationInterceptorChain.java:131)
	at org.junit.jupiter.engine.extension.TimeoutExtension.intercept(TimeoutExtension.java:156)
	at org.junit.jupiter.engine.extension.TimeoutExtension.interceptTestableMethod(TimeoutExtension.java:147)
	at org.junit.jupiter.engine.extension.TimeoutExtension.interceptTestMethod(TimeoutExtension.java:86)
	at org.junit.jupiter.engine.execution.InterceptingExecutableInvoker$ReflectiveInterceptorCall.lambda$ofVoidMethod$0(InterceptingExecutableInvoker.java:103)
	at org.junit.jupiter.engine.execution.InterceptingExecutableInvoker.lambda$invoke$0(InterceptingExecutableInvoker.java:93)
	at org.junit.jupiter.engine.execution.InvocationInterceptorChain$InterceptedInvocation.proceed(InvocationInterceptorChain.java:106)
	at org.junit.jupiter.engine.execution.InvocationInterceptorChain.proceed(InvocationInterceptorChain.java:64)
	at org.junit.jupiter.engine.execution.InvocationInterceptorChain.chainAndInvoke(InvocationInterceptorChain.java:45)
	at org.junit.jupiter.engine.execution.InvocationInterceptorChain.invoke(InvocationInterceptorChain.java:37)
	at org.junit.jupiter.engine.execution.InterceptingExecutableInvoker.invoke(InterceptingExecutableInvoker.java:92)
	at org.junit.jupiter.engine.execution.InterceptingExecutableInvoker.invoke(InterceptingExecutableInvoker.java:86)
	at org.junit.jupiter.engine.descriptor.TestMethodTestDescriptor.lambda$invokeTestMethod$7(TestMethodTestDescriptor.java:218)
	at org.junit.platform.engine.support.hierarchical.ThrowableCollector.execute(ThrowableCollector.java:73)
	at org.junit.jupiter.engine.descriptor.TestMethodTestDescriptor.invokeTestMethod(TestMethodTestDescriptor.java:214)
	at org.junit.jupiter.engine.descriptor.TestMethodTestDescriptor.execute(TestMethodTestDescriptor.java:139)
	at org.junit.jupiter.engine.descriptor.TestMethodTestDescriptor.execute(TestMethodTestDescriptor.java:69)
	at org.junit.platform.engine.support.hierarchical.NodeTestTask.lambda$executeRecursively$6(NodeTestTask.java:151)
	at org.junit.platform.engine.support.hierarchical.ThrowableCollector.execute(ThrowableCollector.java:73)
	at org.junit.platform.engine.support.hierarchical.NodeTestTask.lambda$executeRecursively$8(NodeTestTask.java:141)
	at org.junit.platform.engine.support.hierarchical.Node.around(Node.java:137)
	at org.junit.platform.engine.support.hierarchical.NodeTestTask.lambda$executeRecursively$9(NodeTestTask.java:139)
	at org.junit.platform.engine.support.hierarchical.ThrowableCollector.execute(ThrowableCollector.java:73)
	at org.junit.platform.engine.support.hierarchical.NodeTestTask.executeRecursively(NodeTestTask.java:138)
	at org.junit.platform.engine.support.hierarchical.NodeTestTask.execute(NodeTestTask.java:95)
	at java.base/java.util.ArrayList.forEach(ArrayList.java:1596)
	at org.junit.platform.engine.support.hierarchical.SameThreadHierarchicalTestExecutorService.invokeAll(SameThreadHierarchicalTestExecutorService.java:41)
	at org.junit.platform.engine.support.hierarchical.NodeTestTask.lambda$executeRecursively$6(NodeTestTask.java:155)
	at org.junit.platform.engine.support.hierarchical.ThrowableCollector.execute(ThrowableCollector.java:73)
	at org.junit.platform.engine.support.hierarchical.NodeTestTask.lambda$executeRecursively$8(NodeTestTask.java:141)
	at org.junit.platform.engine.support.hierarchical.Node.around(Node.java:137)
	at org.junit.platform.engine.support.hierarchical.NodeTestTask.lambda$executeRecursively$9(NodeTestTask.java:139)
	at org.junit.platform.engine.support.hierarchical.ThrowableCollector.execute(ThrowableCollector.java:73)
	at org.junit.platform.engine.support.hierarchical.NodeTestTask.executeRecursively(NodeTestTask.java:138)
	at org.junit.platform.engine.support.hierarchical.NodeTestTask.execute(NodeTestTask.java:95)
	at java.base/java.util.ArrayList.forEach(ArrayList.java:1596)
	at org.junit.platform.engine.support.hierarchical.SameThreadHierarchicalTestExecutorService.invokeAll(SameThreadHierarchicalTestExecutorService.java:41)
	at org.junit.platform.engine.support.hierarchical.NodeTestTask.lambda$executeRecursively$6(NodeTestTask.java:155)
	at org.junit.platform.engine.support.hierarchical.ThrowableCollector.execute(ThrowableCollector.java:73)
	at org.junit.platform.engine.support.hierarchical.NodeTestTask.lambda$executeRecursively$8(NodeTestTask.java:141)
	at org.junit.platform.engine.support.hierarchical.Node.around(Node.java:137)
	at org.junit.platform.engine.support.hierarchical.NodeTestTask.lambda$executeRecursively$9(NodeTestTask.java:139)
	at org.junit.platform.engine.support.hierarchical.ThrowableCollector.execute(ThrowableCollector.java:73)
	at org.junit.platform.engine.support.hierarchical.NodeTestTask.executeRecursively(NodeTestTask.java:138)
	at org.junit.platform.engine.support.hierarchical.NodeTestTask.execute(NodeTestTask.java:95)
	at org.junit.platform.engine.support.hierarchical.SameThreadHierarchicalTestExecutorService.submit(SameThreadHierarchicalTestExecutorService.java:35)
	at org.junit.platform.engine.support.hierarchical.HierarchicalTestExecutor.execute(HierarchicalTestExecutor.java:57)
	at org.junit.platform.engine.support.hierarchical.HierarchicalTestEngine.execute(HierarchicalTestEngine.java:54)
	at org.junit.platform.launcher.core.EngineExecutionOrchestrator.execute(EngineExecutionOrchestrator.java:198)
	at org.junit.platform.launcher.core.EngineExecutionOrchestrator.execute(EngineExecutionOrchestrator.java:169)
	at org.junit.platform.launcher.core.EngineExecutionOrchestrator.execute(EngineExecutionOrchestrator.java:93)
	at org.junit.platform.launcher.core.EngineExecutionOrchestrator.lambda$execute$0(EngineExecutionOrchestrator.java:58)
	at org.junit.platform.launcher.core.EngineExecutionOrchestrator.withInterceptedStreams(EngineExecutionOrchestrator.java:141)
	at org.junit.platform.launcher.core.EngineExecutionOrchestrator.execute(EngineExecutionOrchestrator.java:57)
	at org.junit.platform.launcher.core.DefaultLauncher.execute(DefaultLauncher.java:103)
	at org.junit.platform.launcher.core.DefaultLauncher.execute(DefaultLauncher.java:85)
	at org.junit.platform.launcher.core.DelegatingLauncher.execute(DelegatingLauncher.java:47)
	at org.junit.platform.launcher.core.SessionPerRequestLauncher.execute(SessionPerRequestLauncher.java:63)
	at com.intellij.junit5.JUnit5IdeaTestRunner.startRunnerWithArgs(JUnit5IdeaTestRunner.java:57)
	at com.intellij.rt.junit.IdeaTestRunner$Repeater$1.execute(IdeaTestRunner.java:38)
	at com.intellij.rt.execution.junit.TestsRepeater.repeat(TestsRepeater.java:11)
	at com.intellij.rt.junit.IdeaTestRunner$Repeater.startRunnerWithArgs(IdeaTestRunner.java:35)
	at com.intellij.rt.junit.JUnitStarter.prepareStreamsAndStart(JUnitStarter.java:232)
	at com.intellij.rt.junit.JUnitStarter.main(JUnitStarter.java:55)
2025-03-31 15:15:06 [main] INFO  l.insoft.uztis.tests.utils.TestUtils - Screenshot moved to C:\Users\ingrida.zadorozniene\Desktop\Asm\UZTIS\UZTIS_tests\test-output\screenshots\20250331\151506604_testFillNewVUIApplicationFA().png
2025-03-31 15:16:02 [main] INFO  lt.insoft.uztis.tests.UztisPageTest - Navigated to https://uztisdev.asseco.lt/home
2025-03-31 15:16:02 [main] INFO  l.i.u.t.SubmittedApplicationsPageTest - Starting test:'testFillNewVUIPApplicationFA'
2025-03-31 15:16:02 [main] DEBUG l.i.u.t.SubmittedApplicationsPageTest - User logged in with test credentials.
2025-03-31 15:16:03 [main] DEBUG l.i.u.t.SubmittedApplicationsPageTest - Opened 'Application Processing' menu.
2025-03-31 15:16:03 [main] DEBUG l.i.u.t.SubmittedApplicationsPageTest - Clicked on 'Application Forms' menu.
2025-03-31 15:16:03 [main] DEBUG l.i.u.t.SubmittedApplicationsPageTest - Retrieved last description code text: 'TST-VUI-75'.
2025-03-31 15:16:03 [main] DEBUG l.i.u.t.SubmittedApplicationsPageTest - Clicked on 'Invitation' menu.
2025-03-31 15:16:05 [main] DEBUG l.i.u.t.SubmittedApplicationsPageTest - Selected application section by code: 'TST-VUI-75'.
2025-03-31 15:16:05 [main] DEBUG l.i.u.t.SubmittedApplicationsPageTest - Clicked 'Search' button.
2025-03-31 15:16:05 [main] DEBUG l.i.u.t.SubmittedApplicationsPageTest - Retrieved invitation code: ''.
2025-03-31 15:16:05 [main] DEBUG l.i.u.t.SubmittedApplicationsPageTest - Clicked on 'Submitted Applications' menu.
2025-03-31 15:16:06 [main] DEBUG l.i.u.t.SubmittedApplicationsPageTest - Selected invitation by code: 'TST-VUI-75'.
2025-03-31 15:16:06 [main] DEBUG l.i.u.t.SubmittedApplicationsPageTest - Invitation code inserted.
2025-03-31 15:16:06 [main] DEBUG l.i.u.t.SubmittedApplicationsPageTest - Clicked on 'Action Application' button.
2025-03-31 15:16:07 [main] DEBUG l.i.u.t.SubmittedApplicationsPageTest - Clicked on 'New Application' button.
2025-03-31 15:16:07 [main] DEBUG l.i.u.t.SubmittedApplicationsPageTest - Selected the 'RadioButtonFA' option.
2025-03-31 15:16:07 [main] DEBUG l.i.u.t.SubmittedApplicationsPageTest - Entered phone number: '61298745'.
2025-03-31 15:16:08 [main] DEBUG l.i.u.t.SubmittedApplicationsPageTest - Entered email: 'test@autotest.com'.
2025-03-31 15:16:08 [main] INFO  l.i.u.p.SubmittedApplicationsPage - Clicking on the dropdown button.
2025-03-31 15:16:25 [main] INFO  l.i.u.p.SubmittedApplicationsPage - Found 1741 options in the dropdown.
2025-03-31 15:16:25 [main] DEBUG l.i.u.p.SubmittedApplicationsPage - Checking option: ''
2025-03-31 15:16:25 [main] DEBUG l.i.u.p.SubmittedApplicationsPage - Checking option: '01.11 - Grūdinių (išskyrus ryžius), ankštinių ir aliejingų sėklų augalų auginimas'
2025-03-31 15:16:25 [main] INFO  l.i.u.p.SubmittedApplicationsPage - Successfully selected the value: '01.11 - Grūdinių (išskyrus ryžius), ankštinių ir aliejingų sėklų augalų auginimas'
2025-03-31 15:16:25 [main] INFO  l.i.u.p.SubmittedApplicationsPage - Attempting to close the dropdown.
2025-03-31 15:16:26 [main] DEBUG l.i.u.t.SubmittedApplicationsPageTest - Selected EVRK value: '01.11 - Grūdinių (išskyrus ryžius), ankštinių ir aliejingų sėklų augalų auginimas'.
2025-03-31 15:16:26 [main] DEBUG l.i.u.t.SubmittedApplicationsPageTest - Clicked on 'Address Component' button.
2025-03-31 15:16:26 [main] INFO  l.i.u.p.SubmittedApplicationsPage - Located the dropdown button.
2025-03-31 15:16:29 [main] INFO  l.i.u.p.SubmittedApplicationsPage - Successfully selected the value: 'Lietuva'
2025-03-31 15:16:29 [main] DEBUG l.i.u.t.SubmittedApplicationsPageTest - Selected country: 'Lietuva'.
2025-03-31 15:16:29 [main] INFO  l.i.u.p.SubmittedApplicationsPage - Located the dropdown search field.
2025-03-31 15:16:29 [main] INFO  l.i.u.p.SubmittedApplicationsPage - Dropdown city is opened.
2025-03-31 15:16:29 [main] INFO  l.i.u.p.SubmittedApplicationsPage - Searched for value: 'Vilnius'
2025-03-31 15:16:30 [main] INFO  l.i.u.p.SubmittedApplicationsPage - Successfully selected: 'Vilnius'
2025-03-31 15:16:30 [main] INFO  l.i.u.p.SubmittedApplicationsPage - Located the dropdown button.
2025-03-31 15:16:31 [main] INFO  l.i.u.p.SubmittedApplicationsPage - Successfully selected the value: 'A. Domaševičiaus g.'
2025-03-31 15:16:31 [main] DEBUG l.i.u.t.SubmittedApplicationsPageTest - Selected street: 'A. Domaševičiaus g.'.
2025-03-31 15:16:31 [main] INFO  l.i.u.p.SubmittedApplicationsPage - Located the dropdown button.
2025-03-31 15:16:31 [main] INFO  l.i.u.p.SubmittedApplicationsPage - Successfully selected the value: '1'
2025-03-31 15:16:31 [main] DEBUG l.i.u.t.SubmittedApplicationsPageTest - Selected house: '1'.
2025-03-31 15:16:31 [main] INFO  l.i.u.p.SubmittedApplicationsPage - Located the dropdown button.
2025-03-31 15:16:32 [main] INFO  l.i.u.p.SubmittedApplicationsPage - Successfully selected the value: '1'
2025-03-31 15:16:32 [main] DEBUG l.i.u.t.SubmittedApplicationsPageTest - Selected apartment: '1'.
2025-03-31 15:16:32 [main] DEBUG l.i.u.t.SubmittedApplicationsPageTest - Clicked 'Confirm' button.
2025-03-31 15:16:32 [main] DEBUG l.i.u.t.SubmittedApplicationsPageTest - Entered project date.
2025-03-31 15:16:32 [main] DEBUG l.i.u.t.SubmittedApplicationsPageTest - Entered job count: '1'.
2025-03-31 15:16:32 [main] DEBUG l.i.u.t.SubmittedApplicationsPageTest - Clicked 'Next' button.
2025-03-31 15:16:32 [main] INFO  l.i.u.p.SubmittedApplicationsPage - Located the dropdown button.
2025-03-31 15:16:33 [main] INFO  l.i.u.p.SubmittedApplicationsPage - Successfully selected the value: 'Administratoriai'
2025-03-31 15:16:33 [main] DEBUG l.i.u.t.SubmittedApplicationsPageTest - Selected job name: 'Administratoriai'.
2025-03-31 15:16:34 [main] DEBUG l.i.u.t.SubmittedApplicationsPageTest - Entered job function: 'Funkcija 1'.
2025-03-31 15:16:34 [main] DEBUG l.i.u.t.SubmittedApplicationsPageTest - Selected 'RadioButtonWithDisabilities' option.
2025-03-31 15:16:34 [main] INFO  l.i.u.p.SubmittedApplicationsPage - Clicking on the dropdown button.
2025-03-31 15:16:34 [main] INFO  l.i.u.p.SubmittedApplicationsPage - Found 34 options in the dropdown.
2025-03-31 15:16:34 [main] DEBUG l.i.u.p.SubmittedApplicationsPage - Checking option: 'Asmenys, kuriems suteiktas pabėgėlio statusas ar perkeliamojo asmens statusas, arba asmenys, kuriems suteikta papildoma ar laikinoji apsauga, ir asmenys, turintys teisę gauti laikinąją apsaugą, iki sprendimo dėl laikinosios apsaugos suteikimo (nesuteikimo) priėmimo, tačiau ne ilgiau kaip laikinosios apsaugos laikotarpiu'
2025-03-31 15:16:35 [main] DEBUG l.i.u.p.SubmittedApplicationsPage - Checking option: 'Asmenys, kuriems suteiktas pabėgėlio statusas ar perkeliamojo asmens statusas, arba asmenys, kuriems suteikta papildoma ar laikinoji apsauga, ir asmenys, turintys teisę gauti laikinąją apsaugą, iki sprendimo dėl laikinosios apsaugos suteikimo (nesuteikimo) priėmimo, tačiau ne ilgiau kaip laikinosios apsaugos laikotarpiu'
2025-03-31 15:16:35 [main] DEBUG l.i.u.p.SubmittedApplicationsPage - Checking option: 'Asmenys, turintys teisę į papildomas užimtumo garantijas pagal Lietuvos Respublikos valstybės įmonės Ignalinos atominės elektrinės darbuotojų papildomų užimtumo ir socialinių garantijų įstatymą'
2025-03-31 15:16:35 [main] DEBUG l.i.u.p.SubmittedApplicationsPage - Checking option: 'Asmenys, turintys teisę į papildomas užimtumo garantijas pagal Lietuvos Respublikos valstybės įmonės Ignalinos atominės elektrinės darbuotojų papildomų užimtumo ir socialinių garantijų įstatymą'
2025-03-31 15:16:35 [main] DEBUG l.i.u.p.SubmittedApplicationsPage - Checking option: 'Bedarbiai iki 29 metų'
2025-03-31 15:16:35 [main] DEBUG l.i.u.p.SubmittedApplicationsPage - Checking option: 'Bedarbiai iki 29 metų'
2025-03-31 15:16:35 [main] DEBUG l.i.u.p.SubmittedApplicationsPage - Checking option: 'Bedarbiai, kurie yra darbingo amžiaus neįgalieji, kuriems nustatytas 30–40 procentų darbingumo lygis arba vidutinis neįgalumo lygis'
2025-03-31 15:16:35 [main] DEBUG l.i.u.p.SubmittedApplicationsPage - Checking option: 'Bedarbiai, kurie yra darbingo amžiaus neįgalieji, kuriems nustatytas 30–40 procentų darbingumo lygis arba vidutinis neįgalumo lygis'
2025-03-31 15:16:35 [main] DEBUG l.i.u.p.SubmittedApplicationsPage - Checking option: 'Bedarbiai, kurie yra darbingo amžiaus neįgalieji, kuriems nustatytas 45–55 procentų darbingumo lygis arba lengvas neįgalumo lygis'
2025-03-31 15:16:35 [main] DEBUG l.i.u.p.SubmittedApplicationsPage - Checking option: 'Bedarbiai, kurie yra darbingo amžiaus neįgalieji, kuriems nustatytas 45–55 procentų darbingumo lygis arba lengvas neįgalumo lygis'
2025-03-31 15:16:35 [main] DEBUG l.i.u.p.SubmittedApplicationsPage - Checking option: 'Bedarbiai, kurie yra darbingo amžiaus neįgalieji, kuriems nustatytas iki 25 procentų darbingumo lygis arba sunkus neįgalumo lygis'
2025-03-31 15:16:35 [main] INFO  l.i.u.p.SubmittedApplicationsPage - Successfully selected the value: 'Bedarbiai, kurie yra darbingo amžiaus neįgalieji, kuriems nustatytas iki 25 procentų darbingumo lygis arba sunkus neįgalumo lygis'
2025-03-31 15:16:35 [main] INFO  l.i.u.p.SubmittedApplicationsPage - Attempting to close the dropdown.
2025-03-31 15:16:35 [main] DEBUG l.i.u.t.SubmittedApplicationsPageTest - Selected disabilities type: 'Bedarbiai, kurie yra darbingo amžiaus neįgalieji, kuriems nustatytas iki 25 procentų darbingumo lygis arba sunkus neįgalumo lygis'.
2025-03-31 15:16:36 [main] DEBUG l.i.u.t.SubmittedApplicationsPageTest - Entered disability information: 'Negalia 1'.
2025-03-31 15:16:36 [main] INFO  l.i.u.p.SubmittedApplicationsPage - Located the dropdown button.
2025-03-31 15:16:37 [main] INFO  l.i.u.p.SubmittedApplicationsPage - Successfully selected the value: 'Kita'
2025-03-31 15:16:37 [main] DEBUG l.i.u.t.SubmittedApplicationsPageTest - Selected time mode: 'Kita'.
2025-03-31 15:16:37 [main] DEBUG l.i.u.t.SubmittedApplicationsPageTest - Selected time mode other: '6 val. per dieną ir 4 d. per savaitę'.
2025-03-31 15:16:37 [main] DEBUG l.i.u.t.SubmittedApplicationsPageTest - Entered qualification: 'Kvalifikacija 1'.
2025-03-31 15:16:38 [main] DEBUG l.i.u.t.SubmittedApplicationsPageTest - Entered job date.
2025-03-31 15:16:38 [main] DEBUG l.i.u.t.SubmittedApplicationsPageTest - Entered salary amount: '1200'.
2025-03-31 15:16:38 [main] DEBUG l.i.u.t.SubmittedApplicationsPageTest - Entered salary description: 'Užmokestis 1'.
2025-03-31 15:16:38 [main] DEBUG l.i.u.t.SubmittedApplicationsPageTest - Selected 'Temporary Job' radio button.
2025-03-31 15:16:38 [main] DEBUG l.i.u.t.SubmittedApplicationsPageTest - Selected 'Season Job' radio button.
2025-03-31 15:16:39 [main] DEBUG l.i.u.t.SubmittedApplicationsPageTest - Selected 'Energy' radio button.
2025-03-31 15:16:39 [main] DEBUG l.i.u.t.SubmittedApplicationsPageTest - Selected 'Repair' radio button.
2025-03-31 15:16:39 [main] DEBUG l.i.u.t.SubmittedApplicationsPageTest - Entered job description: 'Veikla 1'.
2025-03-31 15:16:39 [main] DEBUG l.i.u.t.SubmittedApplicationsPageTest - Entered process description: 'Procesas 1'.
2025-03-31 15:16:40 [main] DEBUG l.i.u.t.SubmittedApplicationsPageTest - Entered energy information: 'Energija 1'.
2025-03-31 15:16:40 [main] DEBUG l.i.u.t.SubmittedApplicationsPageTest - Entered repair information: 'Remontas 1'.
2025-03-31 15:16:40 [main] DEBUG l.i.u.t.SubmittedApplicationsPageTest - Selected 'PVM' radio button.
2025-03-31 15:16:40 [main] INFO  l.i.u.p.SubmittedApplicationsPage - Located the dropdown button.
2025-03-31 15:16:41 [main] INFO  l.i.u.p.SubmittedApplicationsPage - Successfully selected the value: 'Įsigyti'
2025-03-31 15:16:41 [main] DEBUG l.i.u.t.SubmittedApplicationsPageTest - Selected necessary for job: 'Įsigyti'.
2025-03-31 15:16:41 [main] DEBUG l.i.u.t.SubmittedApplicationsPageTest - Selected tool: 'Darbo priemonė 1'.
2025-03-31 15:16:41 [main] DEBUG l.i.u.t.SubmittedApplicationsPageTest - Selected tool parameter one: 'Darbo priemonės 1 parametras 1'.
2025-03-31 15:16:42 [main] DEBUG l.i.u.t.SubmittedApplicationsPageTest - Selected tool parameter two: 'Darbo priemonės 1 parametras 2'.
2025-03-31 15:16:42 [main] DEBUG l.i.u.t.SubmittedApplicationsPageTest - Selected tool parameter three: 'Darbo priemonės 1 parametras 3'.
2025-03-31 15:16:42 [main] DEBUG l.i.u.t.SubmittedApplicationsPageTest - Entered tool count: '1'.
2025-03-31 15:16:42 [main] DEBUG l.i.u.t.SubmittedApplicationsPageTest - Entered price amount 1: '1000'.
2025-03-31 15:16:45 [main] DEBUG l.i.u.t.SubmittedApplicationsPageTest - Entered own funds amount 1: '800'.
2025-03-31 15:16:47 [main] DEBUG l.i.u.t.SubmittedApplicationsPageTest - Entered country percentage: '50'.
2025-03-31 15:16:47 [main] DEBUG l.i.u.t.SubmittedApplicationsPageTest - Entered institution percentage: '50'.
2025-03-31 15:16:47 [main] DEBUG l.i.u.t.SubmittedApplicationsPageTest - Entered municipality percentage: '50'.
2025-03-31 15:16:47 [main] DEBUG l.i.u.t.SubmittedApplicationsPageTest - Selected 'De Minimis' radio button.
2025-03-31 15:16:48 [main] DEBUG l.i.u.t.SubmittedApplicationsPageTest - Entered program name: 'Programa 1'.
2025-03-31 15:16:48 [main] DEBUG l.i.u.t.SubmittedApplicationsPageTest - Entered project date from.
2025-03-31 15:16:48 [main] DEBUG l.i.u.t.SubmittedApplicationsPageTest - Entered project date until.
2025-03-31 15:16:48 [main] DEBUG l.i.u.t.SubmittedApplicationsPageTest - Entered support amount: '2000'.
2025-03-31 15:16:48 [main] DEBUG l.i.u.t.SubmittedApplicationsPageTest - Clicked 'Next' button.
2025-03-31 15:16:58 [main] DEBUG l.i.u.t.SubmittedApplicationsPageTest - Checked 'Legal Entities' checkbox 1.
2025-03-31 15:25:14 [main] INFO  lt.insoft.uztis.tests.UztisPageTest - Navigated to https://uztisdev.asseco.lt/home
2025-03-31 15:25:14 [main] INFO  l.i.u.t.SubmittedApplicationsPageTest - Starting test:'testFillNewVUIPApplicationFA'
2025-03-31 15:25:15 [main] DEBUG l.i.u.t.SubmittedApplicationsPageTest - User logged in with test credentials.
2025-03-31 15:25:15 [main] DEBUG l.i.u.t.SubmittedApplicationsPageTest - Opened 'Application Processing' menu.
2025-03-31 15:25:15 [main] DEBUG l.i.u.t.SubmittedApplicationsPageTest - Clicked on 'Application Forms' menu.
2025-03-31 15:25:16 [main] DEBUG l.i.u.t.SubmittedApplicationsPageTest - Retrieved last description code text: 'TST-VUI-75'.
2025-03-31 15:25:16 [main] DEBUG l.i.u.t.SubmittedApplicationsPageTest - Clicked on 'Invitation' menu.
2025-03-31 15:25:17 [main] DEBUG l.i.u.t.SubmittedApplicationsPageTest - Selected application section by code: 'TST-VUI-75'.
2025-03-31 15:25:17 [main] DEBUG l.i.u.t.SubmittedApplicationsPageTest - Clicked 'Search' button.
2025-03-31 15:25:17 [main] DEBUG l.i.u.t.SubmittedApplicationsPageTest - Retrieved invitation code: ''.
2025-03-31 15:25:17 [main] DEBUG l.i.u.t.SubmittedApplicationsPageTest - Clicked on 'Submitted Applications' menu.
2025-03-31 15:25:19 [main] DEBUG l.i.u.t.SubmittedApplicationsPageTest - Selected invitation by code: 'TST-VUI-75'.
2025-03-31 15:25:19 [main] DEBUG l.i.u.t.SubmittedApplicationsPageTest - Invitation code inserted.
2025-03-31 15:25:19 [main] DEBUG l.i.u.t.SubmittedApplicationsPageTest - Clicked on 'Action Application' button.
2025-03-31 15:25:19 [main] DEBUG l.i.u.t.SubmittedApplicationsPageTest - Clicked on 'New Application' button.
2025-03-31 15:25:20 [main] DEBUG l.i.u.t.SubmittedApplicationsPageTest - Selected the 'RadioButtonFA' option.
2025-03-31 15:25:20 [main] DEBUG l.i.u.t.SubmittedApplicationsPageTest - Entered phone number: '61298745'.
2025-03-31 15:25:20 [main] DEBUG l.i.u.t.SubmittedApplicationsPageTest - Entered email: 'test@autotest.com'.
2025-03-31 15:25:20 [main] INFO  l.i.u.p.SubmittedApplicationsPage - Clicking on the dropdown button.
2025-03-31 15:25:37 [main] INFO  l.i.u.p.SubmittedApplicationsPage - Found 1741 options in the dropdown.
2025-03-31 15:25:37 [main] DEBUG l.i.u.p.SubmittedApplicationsPage - Checking option: ''
2025-03-31 15:25:37 [main] DEBUG l.i.u.p.SubmittedApplicationsPage - Checking option: '01.11 - Grūdinių (išskyrus ryžius), ankštinių ir aliejingų sėklų augalų auginimas'
2025-03-31 15:25:37 [main] INFO  l.i.u.p.SubmittedApplicationsPage - Successfully selected the value: '01.11 - Grūdinių (išskyrus ryžius), ankštinių ir aliejingų sėklų augalų auginimas'
2025-03-31 15:25:37 [main] INFO  l.i.u.p.SubmittedApplicationsPage - Attempting to close the dropdown.
2025-03-31 15:25:38 [main] DEBUG l.i.u.t.SubmittedApplicationsPageTest - Selected EVRK value: '01.11 - Grūdinių (išskyrus ryžius), ankštinių ir aliejingų sėklų augalų auginimas'.
2025-03-31 15:25:38 [main] DEBUG l.i.u.t.SubmittedApplicationsPageTest - Clicked on 'Address Component' button.
2025-03-31 15:25:38 [main] INFO  l.i.u.p.SubmittedApplicationsPage - Located the dropdown button.
2025-03-31 15:25:42 [main] INFO  l.i.u.p.SubmittedApplicationsPage - Successfully selected the value: 'Lietuva'
2025-03-31 15:25:42 [main] DEBUG l.i.u.t.SubmittedApplicationsPageTest - Selected country: 'Lietuva'.
2025-03-31 15:25:42 [main] INFO  l.i.u.p.SubmittedApplicationsPage - Located the dropdown search field.
2025-03-31 15:25:42 [main] INFO  l.i.u.p.SubmittedApplicationsPage - Dropdown city is opened.
2025-03-31 15:25:43 [main] INFO  l.i.u.p.SubmittedApplicationsPage - Searched for value: 'Vilnius'
2025-03-31 15:25:44 [main] INFO  l.i.u.p.SubmittedApplicationsPage - Successfully selected: 'Vilnius'
2025-03-31 15:25:44 [main] INFO  l.i.u.p.SubmittedApplicationsPage - Located the dropdown button.
2025-03-31 15:25:44 [main] INFO  l.i.u.p.SubmittedApplicationsPage - Successfully selected the value: 'A. Domaševičiaus g.'
2025-03-31 15:25:44 [main] DEBUG l.i.u.t.SubmittedApplicationsPageTest - Selected street: 'A. Domaševičiaus g.'.
2025-03-31 15:25:44 [main] INFO  l.i.u.p.SubmittedApplicationsPage - Located the dropdown button.
2025-03-31 15:25:44 [main] INFO  l.i.u.p.SubmittedApplicationsPage - Successfully selected the value: '1'
2025-03-31 15:25:45 [main] DEBUG l.i.u.t.SubmittedApplicationsPageTest - Selected house: '1'.
2025-03-31 15:25:45 [main] INFO  l.i.u.p.SubmittedApplicationsPage - Located the dropdown button.
2025-03-31 15:25:45 [main] INFO  l.i.u.p.SubmittedApplicationsPage - Successfully selected the value: '1'
2025-03-31 15:25:45 [main] DEBUG l.i.u.t.SubmittedApplicationsPageTest - Selected apartment: '1'.
2025-03-31 15:25:45 [main] DEBUG l.i.u.t.SubmittedApplicationsPageTest - Clicked 'Confirm' button.
2025-03-31 15:25:45 [main] DEBUG l.i.u.t.SubmittedApplicationsPageTest - Entered project date.
2025-03-31 15:25:45 [main] DEBUG l.i.u.t.SubmittedApplicationsPageTest - Entered job count: '1'.
2025-03-31 15:25:46 [main] DEBUG l.i.u.t.SubmittedApplicationsPageTest - Clicked 'Next' button.
2025-03-31 15:25:46 [main] INFO  l.i.u.p.SubmittedApplicationsPage - Located the dropdown button.
2025-03-31 15:25:47 [main] INFO  l.i.u.p.SubmittedApplicationsPage - Successfully selected the value: 'Administratoriai'
2025-03-31 15:25:47 [main] DEBUG l.i.u.t.SubmittedApplicationsPageTest - Selected job name: 'Administratoriai'.
2025-03-31 15:25:47 [main] DEBUG l.i.u.t.SubmittedApplicationsPageTest - Entered job function: 'Funkcija 1'.
2025-03-31 15:25:47 [main] DEBUG l.i.u.t.SubmittedApplicationsPageTest - Selected 'RadioButtonWithDisabilities' option.
2025-03-31 15:25:47 [main] INFO  l.i.u.p.SubmittedApplicationsPage - Clicking on the dropdown button.
2025-03-31 15:25:48 [main] INFO  l.i.u.p.SubmittedApplicationsPage - Found 34 options in the dropdown.
2025-03-31 15:25:48 [main] DEBUG l.i.u.p.SubmittedApplicationsPage - Checking option: 'Asmenys, kuriems suteiktas pabėgėlio statusas ar perkeliamojo asmens statusas, arba asmenys, kuriems suteikta papildoma ar laikinoji apsauga, ir asmenys, turintys teisę gauti laikinąją apsaugą, iki sprendimo dėl laikinosios apsaugos suteikimo (nesuteikimo) priėmimo, tačiau ne ilgiau kaip laikinosios apsaugos laikotarpiu'
2025-03-31 15:25:48 [main] DEBUG l.i.u.p.SubmittedApplicationsPage - Checking option: 'Asmenys, kuriems suteiktas pabėgėlio statusas ar perkeliamojo asmens statusas, arba asmenys, kuriems suteikta papildoma ar laikinoji apsauga, ir asmenys, turintys teisę gauti laikinąją apsaugą, iki sprendimo dėl laikinosios apsaugos suteikimo (nesuteikimo) priėmimo, tačiau ne ilgiau kaip laikinosios apsaugos laikotarpiu'
2025-03-31 15:25:48 [main] DEBUG l.i.u.p.SubmittedApplicationsPage - Checking option: 'Asmenys, turintys teisę į papildomas užimtumo garantijas pagal Lietuvos Respublikos valstybės įmonės Ignalinos atominės elektrinės darbuotojų papildomų užimtumo ir socialinių garantijų įstatymą'
2025-03-31 15:25:48 [main] DEBUG l.i.u.p.SubmittedApplicationsPage - Checking option: 'Asmenys, turintys teisę į papildomas užimtumo garantijas pagal Lietuvos Respublikos valstybės įmonės Ignalinos atominės elektrinės darbuotojų papildomų užimtumo ir socialinių garantijų įstatymą'
2025-03-31 15:25:48 [main] DEBUG l.i.u.p.SubmittedApplicationsPage - Checking option: 'Bedarbiai iki 29 metų'
2025-03-31 15:25:48 [main] DEBUG l.i.u.p.SubmittedApplicationsPage - Checking option: 'Bedarbiai iki 29 metų'
2025-03-31 15:25:48 [main] DEBUG l.i.u.p.SubmittedApplicationsPage - Checking option: 'Bedarbiai, kurie yra darbingo amžiaus neįgalieji, kuriems nustatytas 30–40 procentų darbingumo lygis arba vidutinis neįgalumo lygis'
2025-03-31 15:25:48 [main] DEBUG l.i.u.p.SubmittedApplicationsPage - Checking option: 'Bedarbiai, kurie yra darbingo amžiaus neįgalieji, kuriems nustatytas 30–40 procentų darbingumo lygis arba vidutinis neįgalumo lygis'
2025-03-31 15:25:48 [main] DEBUG l.i.u.p.SubmittedApplicationsPage - Checking option: 'Bedarbiai, kurie yra darbingo amžiaus neįgalieji, kuriems nustatytas 45–55 procentų darbingumo lygis arba lengvas neįgalumo lygis'
2025-03-31 15:25:48 [main] DEBUG l.i.u.p.SubmittedApplicationsPage - Checking option: 'Bedarbiai, kurie yra darbingo amžiaus neįgalieji, kuriems nustatytas 45–55 procentų darbingumo lygis arba lengvas neįgalumo lygis'
2025-03-31 15:25:48 [main] DEBUG l.i.u.p.SubmittedApplicationsPage - Checking option: 'Bedarbiai, kurie yra darbingo amžiaus neįgalieji, kuriems nustatytas iki 25 procentų darbingumo lygis arba sunkus neįgalumo lygis'
2025-03-31 15:25:49 [main] INFO  l.i.u.p.SubmittedApplicationsPage - Successfully selected the value: 'Bedarbiai, kurie yra darbingo amžiaus neįgalieji, kuriems nustatytas iki 25 procentų darbingumo lygis arba sunkus neįgalumo lygis'
2025-03-31 15:25:49 [main] INFO  l.i.u.p.SubmittedApplicationsPage - Attempting to close the dropdown.
2025-03-31 15:25:49 [main] DEBUG l.i.u.t.SubmittedApplicationsPageTest - Selected disabilities type: 'Bedarbiai, kurie yra darbingo amžiaus neįgalieji, kuriems nustatytas iki 25 procentų darbingumo lygis arba sunkus neįgalumo lygis'.
2025-03-31 15:25:50 [main] DEBUG l.i.u.t.SubmittedApplicationsPageTest - Entered disability information: 'Negalia 1'.
2025-03-31 15:25:50 [main] INFO  l.i.u.p.SubmittedApplicationsPage - Located the dropdown button.
2025-03-31 15:25:50 [main] INFO  l.i.u.p.SubmittedApplicationsPage - Successfully selected the value: 'Kita'
2025-03-31 15:25:50 [main] DEBUG l.i.u.t.SubmittedApplicationsPageTest - Selected time mode: 'Kita'.
2025-03-31 15:25:50 [main] DEBUG l.i.u.t.SubmittedApplicationsPageTest - Selected time mode other: '6 val. per dieną ir 4 d. per savaitę'.
2025-03-31 15:25:51 [main] DEBUG l.i.u.t.SubmittedApplicationsPageTest - Entered qualification: 'Kvalifikacija 1'.
2025-03-31 15:25:51 [main] DEBUG l.i.u.t.SubmittedApplicationsPageTest - Entered job date.
2025-03-31 15:25:51 [main] DEBUG l.i.u.t.SubmittedApplicationsPageTest - Entered salary amount: '1200'.
2025-03-31 15:25:51 [main] DEBUG l.i.u.t.SubmittedApplicationsPageTest - Entered salary description: 'Užmokestis 1'.
2025-03-31 15:25:52 [main] DEBUG l.i.u.t.SubmittedApplicationsPageTest - Selected 'Temporary Job' radio button.
2025-03-31 15:25:52 [main] DEBUG l.i.u.t.SubmittedApplicationsPageTest - Selected 'Season Job' radio button.
2025-03-31 15:25:52 [main] DEBUG l.i.u.t.SubmittedApplicationsPageTest - Selected 'Energy' radio button.
2025-03-31 15:25:52 [main] DEBUG l.i.u.t.SubmittedApplicationsPageTest - Selected 'Repair' radio button.
2025-03-31 15:25:52 [main] DEBUG l.i.u.t.SubmittedApplicationsPageTest - Entered job description: 'Veikla 1'.
2025-03-31 15:25:53 [main] DEBUG l.i.u.t.SubmittedApplicationsPageTest - Entered process description: 'Procesas 1'.
2025-03-31 15:25:53 [main] DEBUG l.i.u.t.SubmittedApplicationsPageTest - Entered energy information: 'Energija 1'.
2025-03-31 15:25:53 [main] DEBUG l.i.u.t.SubmittedApplicationsPageTest - Entered repair information: 'Remontas 1'.
2025-03-31 15:25:53 [main] DEBUG l.i.u.t.SubmittedApplicationsPageTest - Selected 'PVM' radio button.
2025-03-31 15:25:53 [main] INFO  l.i.u.p.SubmittedApplicationsPage - Located the dropdown button.
2025-03-31 15:25:54 [main] INFO  l.i.u.p.SubmittedApplicationsPage - Successfully selected the value: 'Įsigyti'
2025-03-31 15:25:54 [main] DEBUG l.i.u.t.SubmittedApplicationsPageTest - Selected necessary for job: 'Įsigyti'.
2025-03-31 15:25:54 [main] DEBUG l.i.u.t.SubmittedApplicationsPageTest - Selected tool: 'Darbo priemonė 1'.
2025-03-31 15:25:54 [main] DEBUG l.i.u.t.SubmittedApplicationsPageTest - Selected tool parameter one: 'Darbo priemonės 1 parametras 1'.
2025-03-31 15:25:55 [main] DEBUG l.i.u.t.SubmittedApplicationsPageTest - Selected tool parameter two: 'Darbo priemonės 1 parametras 2'.
2025-03-31 15:25:55 [main] DEBUG l.i.u.t.SubmittedApplicationsPageTest - Selected tool parameter three: 'Darbo priemonės 1 parametras 3'.
2025-03-31 15:25:55 [main] DEBUG l.i.u.t.SubmittedApplicationsPageTest - Entered tool count: '1'.
2025-03-31 15:25:55 [main] DEBUG l.i.u.t.SubmittedApplicationsPageTest - Entered country percentage: '50'.
2025-03-31 15:25:55 [main] DEBUG l.i.u.t.SubmittedApplicationsPageTest - Entered institution percentage: '50'.
2025-03-31 15:25:56 [main] DEBUG l.i.u.t.SubmittedApplicationsPageTest - Entered municipality percentage: '50'.
2025-03-31 15:25:56 [main] DEBUG l.i.u.t.SubmittedApplicationsPageTest - Selected 'De Minimis' radio button.
2025-03-31 15:25:56 [main] DEBUG l.i.u.t.SubmittedApplicationsPageTest - Entered program name: 'Programa 1'.
2025-03-31 15:25:56 [main] DEBUG l.i.u.t.SubmittedApplicationsPageTest - Entered project date from.
2025-03-31 15:25:57 [main] DEBUG l.i.u.t.SubmittedApplicationsPageTest - Entered project date until.
2025-03-31 15:25:57 [main] DEBUG l.i.u.t.SubmittedApplicationsPageTest - Entered support amount: '2000'.
2025-03-31 15:25:57 [main] DEBUG l.i.u.t.SubmittedApplicationsPageTest - Clicked 'Next' button.
2025-03-31 15:27:44 [main] INFO  lt.insoft.uztis.tests.UztisPageTest - Navigated to https://uztisdev.asseco.lt/home
2025-03-31 15:27:44 [main] INFO  l.i.u.t.SubmittedApplicationsPageTest - Starting test:'testFillNewVUIPApplicationFA'
2025-03-31 15:27:45 [main] DEBUG l.i.u.t.SubmittedApplicationsPageTest - User logged in with test credentials.
2025-03-31 15:27:45 [main] DEBUG l.i.u.t.SubmittedApplicationsPageTest - Opened 'Application Processing' menu.
2025-03-31 15:27:45 [main] DEBUG l.i.u.t.SubmittedApplicationsPageTest - Clicked on 'Application Forms' menu.
2025-03-31 15:27:46 [main] DEBUG l.i.u.t.SubmittedApplicationsPageTest - Retrieved last description code text: 'TST-VUI-75'.
2025-03-31 15:27:46 [main] DEBUG l.i.u.t.SubmittedApplicationsPageTest - Clicked on 'Invitation' menu.
2025-03-31 15:27:47 [main] DEBUG l.i.u.t.SubmittedApplicationsPageTest - Selected application section by code: 'TST-VUI-75'.
2025-03-31 15:27:48 [main] DEBUG l.i.u.t.SubmittedApplicationsPageTest - Clicked 'Search' button.
2025-03-31 15:27:48 [main] DEBUG l.i.u.t.SubmittedApplicationsPageTest - Retrieved invitation code: ''.
2025-03-31 15:27:48 [main] DEBUG l.i.u.t.SubmittedApplicationsPageTest - Clicked on 'Submitted Applications' menu.
2025-03-31 15:27:49 [main] DEBUG l.i.u.t.SubmittedApplicationsPageTest - Selected invitation by code: 'TST-VUI-75'.
2025-03-31 15:27:49 [main] DEBUG l.i.u.t.SubmittedApplicationsPageTest - Invitation code inserted.
2025-03-31 15:27:49 [main] DEBUG l.i.u.t.SubmittedApplicationsPageTest - Clicked on 'Action Application' button.
2025-03-31 15:27:50 [main] DEBUG l.i.u.t.SubmittedApplicationsPageTest - Clicked on 'New Application' button.
2025-03-31 15:27:50 [main] DEBUG l.i.u.t.SubmittedApplicationsPageTest - Selected the 'RadioButtonFA' option.
2025-03-31 15:27:50 [main] DEBUG l.i.u.t.SubmittedApplicationsPageTest - Entered phone number: '61298745'.
2025-03-31 15:27:50 [main] DEBUG l.i.u.t.SubmittedApplicationsPageTest - Entered email: 'test@autotest.com'.
2025-03-31 15:27:50 [main] INFO  l.i.u.p.SubmittedApplicationsPage - Clicking on the dropdown button.
2025-03-31 15:28:08 [main] INFO  l.i.u.p.SubmittedApplicationsPage - Found 1741 options in the dropdown.
2025-03-31 15:28:08 [main] DEBUG l.i.u.p.SubmittedApplicationsPage - Checking option: ''
2025-03-31 15:28:08 [main] DEBUG l.i.u.p.SubmittedApplicationsPage - Checking option: '01.11 - Grūdinių (išskyrus ryžius), ankštinių ir aliejingų sėklų augalų auginimas'
2025-03-31 15:28:08 [main] INFO  l.i.u.p.SubmittedApplicationsPage - Successfully selected the value: '01.11 - Grūdinių (išskyrus ryžius), ankštinių ir aliejingų sėklų augalų auginimas'
2025-03-31 15:28:08 [main] INFO  l.i.u.p.SubmittedApplicationsPage - Attempting to close the dropdown.
2025-03-31 15:28:09 [main] DEBUG l.i.u.t.SubmittedApplicationsPageTest - Selected EVRK value: '01.11 - Grūdinių (išskyrus ryžius), ankštinių ir aliejingų sėklų augalų auginimas'.
2025-03-31 15:28:09 [main] DEBUG l.i.u.t.SubmittedApplicationsPageTest - Clicked on 'Address Component' button.
2025-03-31 15:28:09 [main] INFO  l.i.u.p.SubmittedApplicationsPage - Located the dropdown button.
2025-03-31 15:28:13 [main] INFO  l.i.u.p.SubmittedApplicationsPage - Successfully selected the value: 'Lietuva'
2025-03-31 15:28:13 [main] DEBUG l.i.u.t.SubmittedApplicationsPageTest - Selected country: 'Lietuva'.
2025-03-31 15:28:13 [main] INFO  l.i.u.p.SubmittedApplicationsPage - Located the dropdown search field.
2025-03-31 15:28:13 [main] INFO  l.i.u.p.SubmittedApplicationsPage - Dropdown city is opened.
2025-03-31 15:28:14 [main] INFO  l.i.u.p.SubmittedApplicationsPage - Searched for value: 'Vilnius'
2025-03-31 15:28:14 [main] INFO  l.i.u.p.SubmittedApplicationsPage - Successfully selected: 'Vilnius'
2025-03-31 15:28:15 [main] INFO  l.i.u.p.SubmittedApplicationsPage - Located the dropdown button.
2025-03-31 15:28:15 [main] INFO  l.i.u.p.SubmittedApplicationsPage - Successfully selected the value: 'A. Domaševičiaus g.'
2025-03-31 15:28:15 [main] DEBUG l.i.u.t.SubmittedApplicationsPageTest - Selected street: 'A. Domaševičiaus g.'.
2025-03-31 15:28:15 [main] INFO  l.i.u.p.SubmittedApplicationsPage - Located the dropdown button.
2025-03-31 15:28:16 [main] INFO  l.i.u.p.SubmittedApplicationsPage - Successfully selected the value: '1'
2025-03-31 15:28:16 [main] DEBUG l.i.u.t.SubmittedApplicationsPageTest - Selected house: '1'.
2025-03-31 15:28:16 [main] INFO  l.i.u.p.SubmittedApplicationsPage - Located the dropdown button.
2025-03-31 15:28:17 [main] INFO  l.i.u.p.SubmittedApplicationsPage - Successfully selected the value: '1'
2025-03-31 15:28:17 [main] DEBUG l.i.u.t.SubmittedApplicationsPageTest - Selected apartment: '1'.
2025-03-31 15:28:17 [main] DEBUG l.i.u.t.SubmittedApplicationsPageTest - Clicked 'Confirm' button.
2025-03-31 15:28:17 [main] DEBUG l.i.u.t.SubmittedApplicationsPageTest - Entered project date.
2025-03-31 15:28:17 [main] DEBUG l.i.u.t.SubmittedApplicationsPageTest - Entered job count: '1'.
2025-03-31 15:28:18 [main] DEBUG l.i.u.t.SubmittedApplicationsPageTest - Clicked 'Next' button.
2025-03-31 15:28:18 [main] INFO  l.i.u.p.SubmittedApplicationsPage - Located the dropdown button.
2025-03-31 15:28:19 [main] INFO  l.i.u.p.SubmittedApplicationsPage - Successfully selected the value: 'Administratoriai'
2025-03-31 15:28:19 [main] DEBUG l.i.u.t.SubmittedApplicationsPageTest - Selected job name: 'Administratoriai'.
2025-03-31 15:28:19 [main] DEBUG l.i.u.t.SubmittedApplicationsPageTest - Entered job function: 'Funkcija 1'.
2025-03-31 15:28:19 [main] DEBUG l.i.u.t.SubmittedApplicationsPageTest - Selected 'RadioButtonWithDisabilities' option.
2025-03-31 15:28:19 [main] INFO  l.i.u.p.SubmittedApplicationsPage - Clicking on the dropdown button.
2025-03-31 15:28:20 [main] INFO  l.i.u.p.SubmittedApplicationsPage - Found 34 options in the dropdown.
2025-03-31 15:28:20 [main] DEBUG l.i.u.p.SubmittedApplicationsPage - Checking option: 'Asmenys, kuriems suteiktas pabėgėlio statusas ar perkeliamojo asmens statusas, arba asmenys, kuriems suteikta papildoma ar laikinoji apsauga, ir asmenys, turintys teisę gauti laikinąją apsaugą, iki sprendimo dėl laikinosios apsaugos suteikimo (nesuteikimo) priėmimo, tačiau ne ilgiau kaip laikinosios apsaugos laikotarpiu'
2025-03-31 15:28:20 [main] DEBUG l.i.u.p.SubmittedApplicationsPage - Checking option: 'Asmenys, kuriems suteiktas pabėgėlio statusas ar perkeliamojo asmens statusas, arba asmenys, kuriems suteikta papildoma ar laikinoji apsauga, ir asmenys, turintys teisę gauti laikinąją apsaugą, iki sprendimo dėl laikinosios apsaugos suteikimo (nesuteikimo) priėmimo, tačiau ne ilgiau kaip laikinosios apsaugos laikotarpiu'
2025-03-31 15:28:20 [main] DEBUG l.i.u.p.SubmittedApplicationsPage - Checking option: 'Asmenys, turintys teisę į papildomas užimtumo garantijas pagal Lietuvos Respublikos valstybės įmonės Ignalinos atominės elektrinės darbuotojų papildomų užimtumo ir socialinių garantijų įstatymą'
2025-03-31 15:28:20 [main] DEBUG l.i.u.p.SubmittedApplicationsPage - Checking option: 'Asmenys, turintys teisę į papildomas užimtumo garantijas pagal Lietuvos Respublikos valstybės įmonės Ignalinos atominės elektrinės darbuotojų papildomų užimtumo ir socialinių garantijų įstatymą'
2025-03-31 15:28:20 [main] DEBUG l.i.u.p.SubmittedApplicationsPage - Checking option: 'Bedarbiai iki 29 metų'
2025-03-31 15:28:20 [main] DEBUG l.i.u.p.SubmittedApplicationsPage - Checking option: 'Bedarbiai iki 29 metų'
2025-03-31 15:28:20 [main] DEBUG l.i.u.p.SubmittedApplicationsPage - Checking option: 'Bedarbiai, kurie yra darbingo amžiaus neįgalieji, kuriems nustatytas 30–40 procentų darbingumo lygis arba vidutinis neįgalumo lygis'
2025-03-31 15:28:20 [main] DEBUG l.i.u.p.SubmittedApplicationsPage - Checking option: 'Bedarbiai, kurie yra darbingo amžiaus neįgalieji, kuriems nustatytas 30–40 procentų darbingumo lygis arba vidutinis neįgalumo lygis'
2025-03-31 15:28:20 [main] DEBUG l.i.u.p.SubmittedApplicationsPage - Checking option: 'Bedarbiai, kurie yra darbingo amžiaus neįgalieji, kuriems nustatytas 45–55 procentų darbingumo lygis arba lengvas neįgalumo lygis'
2025-03-31 15:28:20 [main] DEBUG l.i.u.p.SubmittedApplicationsPage - Checking option: 'Bedarbiai, kurie yra darbingo amžiaus neįgalieji, kuriems nustatytas 45–55 procentų darbingumo lygis arba lengvas neįgalumo lygis'
2025-03-31 15:28:20 [main] DEBUG l.i.u.p.SubmittedApplicationsPage - Checking option: 'Bedarbiai, kurie yra darbingo amžiaus neįgalieji, kuriems nustatytas iki 25 procentų darbingumo lygis arba sunkus neįgalumo lygis'
2025-03-31 15:28:20 [main] INFO  l.i.u.p.SubmittedApplicationsPage - Successfully selected the value: 'Bedarbiai, kurie yra darbingo amžiaus neįgalieji, kuriems nustatytas iki 25 procentų darbingumo lygis arba sunkus neįgalumo lygis'
2025-03-31 15:28:20 [main] INFO  l.i.u.p.SubmittedApplicationsPage - Attempting to close the dropdown.
2025-03-31 15:28:21 [main] DEBUG l.i.u.t.SubmittedApplicationsPageTest - Selected disabilities type: 'Bedarbiai, kurie yra darbingo amžiaus neįgalieji, kuriems nustatytas iki 25 procentų darbingumo lygis arba sunkus neįgalumo lygis'.
2025-03-31 15:28:21 [main] DEBUG l.i.u.t.SubmittedApplicationsPageTest - Entered disability information: 'Negalia 1'.
2025-03-31 15:28:21 [main] INFO  l.i.u.p.SubmittedApplicationsPage - Located the dropdown button.
2025-03-31 15:28:22 [main] INFO  l.i.u.p.SubmittedApplicationsPage - Successfully selected the value: 'Kita'
2025-03-31 15:28:22 [main] DEBUG l.i.u.t.SubmittedApplicationsPageTest - Selected time mode: 'Kita'.
2025-03-31 15:28:22 [main] DEBUG l.i.u.t.SubmittedApplicationsPageTest - Selected time mode other: '6 val. per dieną ir 4 d. per savaitę'.
2025-03-31 15:28:23 [main] DEBUG l.i.u.t.SubmittedApplicationsPageTest - Entered qualification: 'Kvalifikacija 1'.
2025-03-31 15:28:23 [main] DEBUG l.i.u.t.SubmittedApplicationsPageTest - Entered job date.
2025-03-31 15:28:23 [main] DEBUG l.i.u.t.SubmittedApplicationsPageTest - Entered salary amount: '1200'.
2025-03-31 15:28:23 [main] DEBUG l.i.u.t.SubmittedApplicationsPageTest - Entered salary description: 'Užmokestis 1'.
2025-03-31 15:28:23 [main] DEBUG l.i.u.t.SubmittedApplicationsPageTest - Selected 'Temporary Job' radio button.
2025-03-31 15:28:24 [main] DEBUG l.i.u.t.SubmittedApplicationsPageTest - Selected 'Season Job' radio button.
2025-03-31 15:28:24 [main] DEBUG l.i.u.t.SubmittedApplicationsPageTest - Selected 'Energy' radio button.
2025-03-31 15:28:24 [main] DEBUG l.i.u.t.SubmittedApplicationsPageTest - Selected 'Repair' radio button.
2025-03-31 15:28:24 [main] DEBUG l.i.u.t.SubmittedApplicationsPageTest - Entered job description: 'Veikla 1'.
2025-03-31 15:28:25 [main] DEBUG l.i.u.t.SubmittedApplicationsPageTest - Entered process description: 'Procesas 1'.
2025-03-31 15:28:25 [main] DEBUG l.i.u.t.SubmittedApplicationsPageTest - Entered energy information: 'Energija 1'.
2025-03-31 15:28:25 [main] DEBUG l.i.u.t.SubmittedApplicationsPageTest - Entered repair information: 'Remontas 1'.
2025-03-31 15:28:25 [main] DEBUG l.i.u.t.SubmittedApplicationsPageTest - Selected 'PVM' radio button.
2025-03-31 15:28:25 [main] INFO  l.i.u.p.SubmittedApplicationsPage - Located the dropdown button.
2025-03-31 15:28:26 [main] INFO  l.i.u.p.SubmittedApplicationsPage - Successfully selected the value: 'Įsigyti'
2025-03-31 15:28:26 [main] DEBUG l.i.u.t.SubmittedApplicationsPageTest - Selected necessary for job: 'Įsigyti'.
2025-03-31 15:28:26 [main] DEBUG l.i.u.t.SubmittedApplicationsPageTest - Selected tool: 'Darbo priemonė 1'.
2025-03-31 15:28:26 [main] DEBUG l.i.u.t.SubmittedApplicationsPageTest - Selected tool parameter one: 'Darbo priemonės 1 parametras 1'.
2025-03-31 15:28:27 [main] DEBUG l.i.u.t.SubmittedApplicationsPageTest - Selected tool parameter two: 'Darbo priemonės 1 parametras 2'.
2025-03-31 15:28:27 [main] DEBUG l.i.u.t.SubmittedApplicationsPageTest - Selected tool parameter three: 'Darbo priemonės 1 parametras 3'.
2025-03-31 15:28:27 [main] DEBUG l.i.u.t.SubmittedApplicationsPageTest - Entered tool count: '1'.
2025-03-31 15:28:27 [main] DEBUG l.i.u.t.SubmittedApplicationsPageTest - Entered price amount 1: '1000'.
2025-03-31 15:28:30 [main] DEBUG l.i.u.t.SubmittedApplicationsPageTest - Entered own funds amount 1: '800'.
2025-03-31 15:28:32 [main] DEBUG l.i.u.t.SubmittedApplicationsPageTest - Clicked 'Add' button.
2025-03-31 15:28:32 [main] INFO  l.i.u.p.SubmittedApplicationsPage - Located the dropdown button.
2025-03-31 15:28:32 [main] INFO  l.i.u.p.SubmittedApplicationsPage - Successfully selected the value: 'Remontuoti'
2025-03-31 15:28:32 [main] DEBUG l.i.u.t.SubmittedApplicationsPageTest - Selected necessary for job 'to repair': 'Remontuoti'.
2025-03-31 15:28:32 [main] DEBUG l.i.u.t.SubmittedApplicationsPageTest - Selected repair name: 'Remonto pavadinimas 1'.
2025-03-31 15:28:33 [main] DEBUG l.i.u.t.SubmittedApplicationsPageTest - Entered repair information: 'Remonto aprašymas 1'.
2025-03-31 15:28:35 [main] DEBUG l.i.u.t.SubmittedApplicationsPageTest - Entered country percentage: '50'.
2025-03-31 15:28:35 [main] DEBUG l.i.u.t.SubmittedApplicationsPageTest - Entered institution percentage: '50'.
2025-03-31 15:28:35 [main] DEBUG l.i.u.t.SubmittedApplicationsPageTest - Entered municipality percentage: '50'.
2025-03-31 15:28:35 [main] DEBUG l.i.u.t.SubmittedApplicationsPageTest - Selected 'De Minimis' radio button.
2025-03-31 15:28:35 [main] DEBUG l.i.u.t.SubmittedApplicationsPageTest - Entered program name: 'Programa 1'.
2025-03-31 15:28:36 [main] DEBUG l.i.u.t.SubmittedApplicationsPageTest - Entered project date from.
2025-03-31 15:28:36 [main] DEBUG l.i.u.t.SubmittedApplicationsPageTest - Entered project date until.
2025-03-31 15:28:36 [main] DEBUG l.i.u.t.SubmittedApplicationsPageTest - Entered support amount: '2000'.
2025-03-31 15:29:06 [main] ERROR l.i.u.t.SubmittedApplicationsPageTest - Test 'testFillNewVUIApplicationFA' failed with error: no such element: Unable to locate element: {"method":"xpath","selector":"(//div[contains(@class, 'mdc-checkbox')]//input[@type='checkbox'])[1]"}
  (Session info: chrome=134.0.6998.178)
For documentation on this error, please visit: https://www.selenium.dev/documentation/webdriver/troubleshooting/errors#no-such-element-exception
Build info: version: '4.27.0', revision: 'd6e718d134'
System info: os.name: 'Windows 11', os.arch: 'amd64', os.version: '10.0', java.version: '21.0.3'
Driver info: org.openqa.selenium.chrome.ChromeDriver
Command: [0ff4f686f5a19af7380c1bc130a51b1f, findElement {value=(//div[contains(@class, 'mdc-checkbox')]//input[@type='checkbox'])[1], using=xpath}]
Capabilities {acceptInsecureCerts: false, browserName: chrome, browserVersion: 134.0.6998.178, chrome: {chromedriverVersion: 134.0.6998.165 (fd886e2cb29..., userDataDir: C:\Users\INGRID~1.ZAD\AppDa...}, fedcm:accounts: true, goog:chromeOptions: {debuggerAddress: localhost:54745}, networkConnectionEnabled: false, pageLoadStrategy: normal, platformName: windows, proxy: Proxy(), se:cdp: ws://localhost:54745/devtoo..., se:cdpVersion: 134.0.6998.178, setWindowRect: true, strictFileInteractability: false, timeouts: {implicit: 0, pageLoad: 300000, script: 30000}, unhandledPromptBehavior: dismiss and notify, webauthn:extension:credBlob: true, webauthn:extension:largeBlob: true, webauthn:extension:minPinLength: true, webauthn:extension:prf: true, webauthn:virtualAuthenticators: true}
Session ID: 0ff4f686f5a19af7380c1bc130a51b1f
org.openqa.selenium.NoSuchElementException: no such element: Unable to locate element: {"method":"xpath","selector":"(//div[contains(@class, 'mdc-checkbox')]//input[@type='checkbox'])[1]"}
  (Session info: chrome=134.0.6998.178)
For documentation on this error, please visit: https://www.selenium.dev/documentation/webdriver/troubleshooting/errors#no-such-element-exception
Build info: version: '4.27.0', revision: 'd6e718d134'
System info: os.name: 'Windows 11', os.arch: 'amd64', os.version: '10.0', java.version: '21.0.3'
Driver info: org.openqa.selenium.chrome.ChromeDriver
Command: [0ff4f686f5a19af7380c1bc130a51b1f, findElement {value=(//div[contains(@class, 'mdc-checkbox')]//input[@type='checkbox'])[1], using=xpath}]
Capabilities {acceptInsecureCerts: false, browserName: chrome, browserVersion: 134.0.6998.178, chrome: {chromedriverVersion: 134.0.6998.165 (fd886e2cb29..., userDataDir: C:\Users\INGRID~1.ZAD\AppDa...}, fedcm:accounts: true, goog:chromeOptions: {debuggerAddress: localhost:54745}, networkConnectionEnabled: false, pageLoadStrategy: normal, platformName: windows, proxy: Proxy(), se:cdp: ws://localhost:54745/devtoo..., se:cdpVersion: 134.0.6998.178, setWindowRect: true, strictFileInteractability: false, timeouts: {implicit: 0, pageLoad: 300000, script: 30000}, unhandledPromptBehavior: dismiss and notify, webauthn:extension:credBlob: true, webauthn:extension:largeBlob: true, webauthn:extension:minPinLength: true, webauthn:extension:prf: true, webauthn:virtualAuthenticators: true}
Session ID: 0ff4f686f5a19af7380c1bc130a51b1f
	at java.base/jdk.internal.reflect.DirectConstructorHandleAccessor.newInstance(DirectConstructorHandleAccessor.java:62)
	at java.base/java.lang.reflect.Constructor.newInstanceWithCaller(Constructor.java:502)
	at java.base/java.lang.reflect.Constructor.newInstance(Constructor.java:486)
	at org.openqa.selenium.remote.ErrorCodec.decode(ErrorCodec.java:167)
	at org.openqa.selenium.remote.codec.w3c.W3CHttpResponseCodec.decode(W3CHttpResponseCodec.java:138)
	at org.openqa.selenium.remote.codec.w3c.W3CHttpResponseCodec.decode(W3CHttpResponseCodec.java:50)
	at org.openqa.selenium.remote.HttpCommandExecutor.execute(HttpCommandExecutor.java:190)
	at org.openqa.selenium.remote.service.DriverCommandExecutor.invokeExecute(DriverCommandExecutor.java:216)
	at org.openqa.selenium.remote.service.DriverCommandExecutor.execute(DriverCommandExecutor.java:174)
	at org.openqa.selenium.remote.RemoteWebDriver.execute(RemoteWebDriver.java:545)
	at org.openqa.selenium.remote.ElementLocation$ElementFinder$2.findElement(ElementLocation.java:165)
	at org.openqa.selenium.remote.ElementLocation.findElement(ElementLocation.java:59)
	at org.openqa.selenium.remote.RemoteWebDriver.findElement(RemoteWebDriver.java:368)
	at org.openqa.selenium.remote.RemoteWebDriver.findElement(RemoteWebDriver.java:362)
	at org.openqa.selenium.support.pagefactory.DefaultElementLocator.findElement(DefaultElementLocator.java:68)
	at org.openqa.selenium.support.pagefactory.internal.LocatingElementHandler.invoke(LocatingElementHandler.java:38)
	at jdk.proxy2/jdk.proxy2.$Proxy14.getWrappedElement(Unknown Source)
	at org.openqa.selenium.remote.WebElementToJsonConverter.apply(WebElementToJsonConverter.java:48)
	at java.base/java.util.stream.ReferencePipeline$3$1.accept(ReferencePipeline.java:197)
	at java.base/java.util.Spliterators$ArraySpliterator.forEachRemaining(Spliterators.java:1024)
	at java.base/java.util.stream.AbstractPipeline.copyInto(AbstractPipeline.java:509)
	at java.base/java.util.stream.AbstractPipeline.wrapAndCopyInto(AbstractPipeline.java:499)
	at java.base/java.util.stream.ReduceOps$ReduceOp.evaluateSequential(ReduceOps.java:921)
	at java.base/java.util.stream.AbstractPipeline.evaluate(AbstractPipeline.java:234)
	at java.base/java.util.stream.ReferencePipeline.collect(ReferencePipeline.java:682)
	at org.openqa.selenium.remote.RemoteWebDriver.executeScript(RemoteWebDriver.java:474)
	at lt.insoft.uztis.pages.SubmittedApplicationsPage$CheckboxHelper.clickWithJavaScript(SubmittedApplicationsPage.java:1739)
	at lt.insoft.uztis.pages.SubmittedApplicationsPage$CheckboxHelper.setConfirmationCheckbox(SubmittedApplicationsPage.java:1728)
	at lt.insoft.uztis.tests.SubmittedApplicationsPageTest.testFillNewVUIApplicationFA(SubmittedApplicationsPageTest.java:418)
	at java.base/jdk.internal.reflect.DirectMethodHandleAccessor.invoke(DirectMethodHandleAccessor.java:103)
	at java.base/java.lang.reflect.Method.invoke(Method.java:580)
	at org.junit.platform.commons.util.ReflectionUtils.invokeMethod(ReflectionUtils.java:728)
	at org.junit.jupiter.engine.execution.MethodInvocation.proceed(MethodInvocation.java:60)
	at org.junit.jupiter.engine.execution.InvocationInterceptorChain$ValidatingInvocation.proceed(InvocationInterceptorChain.java:131)
	at org.junit.jupiter.engine.extension.TimeoutExtension.intercept(TimeoutExtension.java:156)
	at org.junit.jupiter.engine.extension.TimeoutExtension.interceptTestableMethod(TimeoutExtension.java:147)
	at org.junit.jupiter.engine.extension.TimeoutExtension.interceptTestMethod(TimeoutExtension.java:86)
	at org.junit.jupiter.engine.execution.InterceptingExecutableInvoker$ReflectiveInterceptorCall.lambda$ofVoidMethod$0(InterceptingExecutableInvoker.java:103)
	at org.junit.jupiter.engine.execution.InterceptingExecutableInvoker.lambda$invoke$0(InterceptingExecutableInvoker.java:93)
	at org.junit.jupiter.engine.execution.InvocationInterceptorChain$InterceptedInvocation.proceed(InvocationInterceptorChain.java:106)
	at org.junit.jupiter.engine.execution.InvocationInterceptorChain.proceed(InvocationInterceptorChain.java:64)
	at org.junit.jupiter.engine.execution.InvocationInterceptorChain.chainAndInvoke(InvocationInterceptorChain.java:45)
	at org.junit.jupiter.engine.execution.InvocationInterceptorChain.invoke(InvocationInterceptorChain.java:37)
	at org.junit.jupiter.engine.execution.InterceptingExecutableInvoker.invoke(InterceptingExecutableInvoker.java:92)
	at org.junit.jupiter.engine.execution.InterceptingExecutableInvoker.invoke(InterceptingExecutableInvoker.java:86)
	at org.junit.jupiter.engine.descriptor.TestMethodTestDescriptor.lambda$invokeTestMethod$7(TestMethodTestDescriptor.java:218)
	at org.junit.platform.engine.support.hierarchical.ThrowableCollector.execute(ThrowableCollector.java:73)
	at org.junit.jupiter.engine.descriptor.TestMethodTestDescriptor.invokeTestMethod(TestMethodTestDescriptor.java:214)
	at org.junit.jupiter.engine.descriptor.TestMethodTestDescriptor.execute(TestMethodTestDescriptor.java:139)
	at org.junit.jupiter.engine.descriptor.TestMethodTestDescriptor.execute(TestMethodTestDescriptor.java:69)
	at org.junit.platform.engine.support.hierarchical.NodeTestTask.lambda$executeRecursively$6(NodeTestTask.java:151)
	at org.junit.platform.engine.support.hierarchical.ThrowableCollector.execute(ThrowableCollector.java:73)
	at org.junit.platform.engine.support.hierarchical.NodeTestTask.lambda$executeRecursively$8(NodeTestTask.java:141)
	at org.junit.platform.engine.support.hierarchical.Node.around(Node.java:137)
	at org.junit.platform.engine.support.hierarchical.NodeTestTask.lambda$executeRecursively$9(NodeTestTask.java:139)
	at org.junit.platform.engine.support.hierarchical.ThrowableCollector.execute(ThrowableCollector.java:73)
	at org.junit.platform.engine.support.hierarchical.NodeTestTask.executeRecursively(NodeTestTask.java:138)
	at org.junit.platform.engine.support.hierarchical.NodeTestTask.execute(NodeTestTask.java:95)
	at java.base/java.util.ArrayList.forEach(ArrayList.java:1596)
	at org.junit.platform.engine.support.hierarchical.SameThreadHierarchicalTestExecutorService.invokeAll(SameThreadHierarchicalTestExecutorService.java:41)
	at org.junit.platform.engine.support.hierarchical.NodeTestTask.lambda$executeRecursively$6(NodeTestTask.java:155)
	at org.junit.platform.engine.support.hierarchical.ThrowableCollector.execute(ThrowableCollector.java:73)
	at org.junit.platform.engine.support.hierarchical.NodeTestTask.lambda$executeRecursively$8(NodeTestTask.java:141)
	at org.junit.platform.engine.support.hierarchical.Node.around(Node.java:137)
	at org.junit.platform.engine.support.hierarchical.NodeTestTask.lambda$executeRecursively$9(NodeTestTask.java:139)
	at org.junit.platform.engine.support.hierarchical.ThrowableCollector.execute(ThrowableCollector.java:73)
	at org.junit.platform.engine.support.hierarchical.NodeTestTask.executeRecursively(NodeTestTask.java:138)
	at org.junit.platform.engine.support.hierarchical.NodeTestTask.execute(NodeTestTask.java:95)
	at java.base/java.util.ArrayList.forEach(ArrayList.java:1596)
	at org.junit.platform.engine.support.hierarchical.SameThreadHierarchicalTestExecutorService.invokeAll(SameThreadHierarchicalTestExecutorService.java:41)
	at org.junit.platform.engine.support.hierarchical.NodeTestTask.lambda$executeRecursively$6(NodeTestTask.java:155)
	at org.junit.platform.engine.support.hierarchical.ThrowableCollector.execute(ThrowableCollector.java:73)
	at org.junit.platform.engine.support.hierarchical.NodeTestTask.lambda$executeRecursively$8(NodeTestTask.java:141)
	at org.junit.platform.engine.support.hierarchical.Node.around(Node.java:137)
	at org.junit.platform.engine.support.hierarchical.NodeTestTask.lambda$executeRecursively$9(NodeTestTask.java:139)
	at org.junit.platform.engine.support.hierarchical.ThrowableCollector.execute(ThrowableCollector.java:73)
	at org.junit.platform.engine.support.hierarchical.NodeTestTask.executeRecursively(NodeTestTask.java:138)
	at org.junit.platform.engine.support.hierarchical.NodeTestTask.execute(NodeTestTask.java:95)
	at org.junit.platform.engine.support.hierarchical.SameThreadHierarchicalTestExecutorService.submit(SameThreadHierarchicalTestExecutorService.java:35)
	at org.junit.platform.engine.support.hierarchical.HierarchicalTestExecutor.execute(HierarchicalTestExecutor.java:57)
	at org.junit.platform.engine.support.hierarchical.HierarchicalTestEngine.execute(HierarchicalTestEngine.java:54)
	at org.junit.platform.launcher.core.EngineExecutionOrchestrator.execute(EngineExecutionOrchestrator.java:198)
	at org.junit.platform.launcher.core.EngineExecutionOrchestrator.execute(EngineExecutionOrchestrator.java:169)
	at org.junit.platform.launcher.core.EngineExecutionOrchestrator.execute(EngineExecutionOrchestrator.java:93)
	at org.junit.platform.launcher.core.EngineExecutionOrchestrator.lambda$execute$0(EngineExecutionOrchestrator.java:58)
	at org.junit.platform.launcher.core.EngineExecutionOrchestrator.withInterceptedStreams(EngineExecutionOrchestrator.java:141)
	at org.junit.platform.launcher.core.EngineExecutionOrchestrator.execute(EngineExecutionOrchestrator.java:57)
	at org.junit.platform.launcher.core.DefaultLauncher.execute(DefaultLauncher.java:103)
	at org.junit.platform.launcher.core.DefaultLauncher.execute(DefaultLauncher.java:85)
	at org.junit.platform.launcher.core.DelegatingLauncher.execute(DelegatingLauncher.java:47)
	at org.junit.platform.launcher.core.SessionPerRequestLauncher.execute(SessionPerRequestLauncher.java:63)
	at com.intellij.junit5.JUnit5IdeaTestRunner.startRunnerWithArgs(JUnit5IdeaTestRunner.java:57)
	at com.intellij.rt.junit.IdeaTestRunner$Repeater$1.execute(IdeaTestRunner.java:38)
	at com.intellij.rt.execution.junit.TestsRepeater.repeat(TestsRepeater.java:11)
	at com.intellij.rt.junit.IdeaTestRunner$Repeater.startRunnerWithArgs(IdeaTestRunner.java:35)
	at com.intellij.rt.junit.JUnitStarter.prepareStreamsAndStart(JUnitStarter.java:232)
	at com.intellij.rt.junit.JUnitStarter.main(JUnitStarter.java:55)
2025-03-31 15:29:06 [main] INFO  l.insoft.uztis.tests.utils.TestUtils - Screenshot moved to C:\Users\ingrida.zadorozniene\Desktop\Asm\UZTIS\UZTIS_tests\test-output\screenshots\20250331\152906673_testFillNewVUIApplicationFA().png
2025-04-01 07:40:43 [main] INFO  lt.insoft.uztis.tests.UztisPageTest - Navigated to https://uztisdev.asseco.lt/home
2025-04-01 07:40:43 [main] INFO  l.i.u.t.SubmittedApplicationsPageTest - Starting test:'testFillNewVUIPApplicationFA'
2025-04-01 07:40:44 [main] DEBUG l.i.u.t.SubmittedApplicationsPageTest - User logged in with test credentials.
2025-04-01 07:40:44 [main] DEBUG l.i.u.t.SubmittedApplicationsPageTest - Opened 'Application Processing' menu.
2025-04-01 07:40:44 [main] DEBUG l.i.u.t.SubmittedApplicationsPageTest - Clicked on 'Application Forms' menu.
2025-04-01 07:40:45 [main] DEBUG l.i.u.t.SubmittedApplicationsPageTest - Retrieved last description code text: 'TST-VUI-75'.
2025-04-01 07:40:45 [main] DEBUG l.i.u.t.SubmittedApplicationsPageTest - Clicked on 'Invitation' menu.
2025-04-01 07:40:46 [main] DEBUG l.i.u.t.SubmittedApplicationsPageTest - Selected application section by code: 'TST-VUI-75'.
2025-04-01 07:40:46 [main] DEBUG l.i.u.t.SubmittedApplicationsPageTest - Clicked 'Search' button.
2025-04-01 07:40:46 [main] DEBUG l.i.u.t.SubmittedApplicationsPageTest - Retrieved invitation code: ''.
2025-04-01 07:40:47 [main] DEBUG l.i.u.t.SubmittedApplicationsPageTest - Clicked on 'Submitted Applications' menu.
2025-04-01 07:40:48 [main] DEBUG l.i.u.t.SubmittedApplicationsPageTest - Selected invitation by code: 'TST-VUI-75'.
2025-04-01 07:40:48 [main] DEBUG l.i.u.t.SubmittedApplicationsPageTest - Invitation code inserted.
2025-04-01 07:40:49 [main] DEBUG l.i.u.t.SubmittedApplicationsPageTest - Clicked on 'Action Application' button.
2025-04-01 07:40:49 [main] DEBUG l.i.u.t.SubmittedApplicationsPageTest - Clicked on 'New Application' button.
2025-04-01 07:40:49 [main] DEBUG l.i.u.t.SubmittedApplicationsPageTest - Selected the 'RadioButtonFA' option.
2025-04-01 07:40:49 [main] DEBUG l.i.u.t.SubmittedApplicationsPageTest - Entered phone number: '61298745'.
2025-04-01 07:40:50 [main] DEBUG l.i.u.t.SubmittedApplicationsPageTest - Entered email: 'test@autotest.com'.
2025-04-01 07:40:50 [main] INFO  l.i.u.p.SubmittedApplicationsPage - Clicking on the dropdown button.
2025-04-01 07:41:11 [main] INFO  l.i.u.p.SubmittedApplicationsPage - Found 1741 options in the dropdown.
2025-04-01 07:41:11 [main] DEBUG l.i.u.p.SubmittedApplicationsPage - Checking option: ''
2025-04-01 07:41:11 [main] DEBUG l.i.u.p.SubmittedApplicationsPage - Checking option: '01.11 - Grūdinių (išskyrus ryžius), ankštinių ir aliejingų sėklų augalų auginimas'
2025-04-01 07:41:11 [main] INFO  l.i.u.p.SubmittedApplicationsPage - Successfully selected the value: '01.11 - Grūdinių (išskyrus ryžius), ankštinių ir aliejingų sėklų augalų auginimas'
2025-04-01 07:41:11 [main] INFO  l.i.u.p.SubmittedApplicationsPage - Attempting to close the dropdown.
2025-04-01 07:41:11 [main] DEBUG l.i.u.t.SubmittedApplicationsPageTest - Selected EVRK value: '01.11 - Grūdinių (išskyrus ryžius), ankštinių ir aliejingų sėklų augalų auginimas'.
2025-04-01 07:41:12 [main] DEBUG l.i.u.t.SubmittedApplicationsPageTest - Clicked on 'Address Component' button.
2025-04-01 07:41:12 [main] INFO  l.i.u.p.SubmittedApplicationsPage - Located the dropdown button.
2025-04-01 07:41:15 [main] INFO  l.i.u.p.SubmittedApplicationsPage - Successfully selected the value: 'Lietuva'
2025-04-01 07:41:15 [main] DEBUG l.i.u.t.SubmittedApplicationsPageTest - Selected country: 'Lietuva'.
2025-04-01 07:41:15 [main] INFO  l.i.u.p.SubmittedApplicationsPage - Located the dropdown search field.
2025-04-01 07:41:15 [main] INFO  l.i.u.p.SubmittedApplicationsPage - Dropdown city is opened.
2025-04-01 07:41:15 [main] INFO  l.i.u.p.SubmittedApplicationsPage - Searched for value: 'Vilnius'
2025-04-01 07:41:16 [main] INFO  l.i.u.p.SubmittedApplicationsPage - Successfully selected: 'Vilnius'
2025-04-01 07:41:16 [main] INFO  l.i.u.p.SubmittedApplicationsPage - Located the dropdown button.
2025-04-01 07:41:17 [main] INFO  l.i.u.p.SubmittedApplicationsPage - Successfully selected the value: 'A. Domaševičiaus g.'
2025-04-01 07:41:17 [main] DEBUG l.i.u.t.SubmittedApplicationsPageTest - Selected street: 'A. Domaševičiaus g.'.
2025-04-01 07:41:17 [main] INFO  l.i.u.p.SubmittedApplicationsPage - Located the dropdown button.
2025-04-01 07:41:18 [main] INFO  l.i.u.p.SubmittedApplicationsPage - Successfully selected the value: '1'
2025-04-01 07:41:18 [main] DEBUG l.i.u.t.SubmittedApplicationsPageTest - Selected house: '1'.
2025-04-01 07:41:18 [main] INFO  l.i.u.p.SubmittedApplicationsPage - Located the dropdown button.
2025-04-01 07:41:19 [main] INFO  l.i.u.p.SubmittedApplicationsPage - Successfully selected the value: '1'
2025-04-01 07:41:19 [main] DEBUG l.i.u.t.SubmittedApplicationsPageTest - Selected apartment: '1'.
2025-04-01 07:41:19 [main] DEBUG l.i.u.t.SubmittedApplicationsPageTest - Clicked 'Confirm' button.
2025-04-01 07:41:19 [main] DEBUG l.i.u.t.SubmittedApplicationsPageTest - Entered project date.
2025-04-01 07:41:19 [main] DEBUG l.i.u.t.SubmittedApplicationsPageTest - Entered job count: '1'.
2025-04-01 07:41:19 [main] DEBUG l.i.u.t.SubmittedApplicationsPageTest - Clicked 'Next' button.
2025-04-01 07:41:19 [main] INFO  l.i.u.p.SubmittedApplicationsPage - Located the dropdown button.
2025-04-01 07:41:20 [main] INFO  l.i.u.p.SubmittedApplicationsPage - Successfully selected the value: 'Administratoriai'
2025-04-01 07:41:20 [main] DEBUG l.i.u.t.SubmittedApplicationsPageTest - Selected job name: 'Administratoriai'.
2025-04-01 07:41:21 [main] DEBUG l.i.u.t.SubmittedApplicationsPageTest - Entered job function: 'Funkcija 1'.
2025-04-01 07:41:21 [main] DEBUG l.i.u.t.SubmittedApplicationsPageTest - Selected 'RadioButtonWithDisabilities' option.
2025-04-01 07:41:21 [main] INFO  l.i.u.p.SubmittedApplicationsPage - Clicking on the dropdown button.
2025-04-01 07:41:22 [main] INFO  l.i.u.p.SubmittedApplicationsPage - Found 34 options in the dropdown.
2025-04-01 07:41:22 [main] DEBUG l.i.u.p.SubmittedApplicationsPage - Checking option: 'Asmenys, kuriems suteiktas pabėgėlio statusas ar perkeliamojo asmens statusas, arba asmenys, kuriems suteikta papildoma ar laikinoji apsauga, ir asmenys, turintys teisę gauti laikinąją apsaugą, iki sprendimo dėl laikinosios apsaugos suteikimo (nesuteikimo) priėmimo, tačiau ne ilgiau kaip laikinosios apsaugos laikotarpiu'
2025-04-01 07:41:22 [main] DEBUG l.i.u.p.SubmittedApplicationsPage - Checking option: 'Asmenys, kuriems suteiktas pabėgėlio statusas ar perkeliamojo asmens statusas, arba asmenys, kuriems suteikta papildoma ar laikinoji apsauga, ir asmenys, turintys teisę gauti laikinąją apsaugą, iki sprendimo dėl laikinosios apsaugos suteikimo (nesuteikimo) priėmimo, tačiau ne ilgiau kaip laikinosios apsaugos laikotarpiu'
2025-04-01 07:41:22 [main] DEBUG l.i.u.p.SubmittedApplicationsPage - Checking option: 'Asmenys, turintys teisę į papildomas užimtumo garantijas pagal Lietuvos Respublikos valstybės įmonės Ignalinos atominės elektrinės darbuotojų papildomų užimtumo ir socialinių garantijų įstatymą'
2025-04-01 07:41:22 [main] DEBUG l.i.u.p.SubmittedApplicationsPage - Checking option: 'Asmenys, turintys teisę į papildomas užimtumo garantijas pagal Lietuvos Respublikos valstybės įmonės Ignalinos atominės elektrinės darbuotojų papildomų užimtumo ir socialinių garantijų įstatymą'
2025-04-01 07:41:22 [main] DEBUG l.i.u.p.SubmittedApplicationsPage - Checking option: 'Bedarbiai iki 29 metų'
2025-04-01 07:41:22 [main] DEBUG l.i.u.p.SubmittedApplicationsPage - Checking option: 'Bedarbiai iki 29 metų'
2025-04-01 07:41:22 [main] DEBUG l.i.u.p.SubmittedApplicationsPage - Checking option: 'Bedarbiai, kurie yra darbingo amžiaus neįgalieji, kuriems nustatytas 30–40 procentų darbingumo lygis arba vidutinis neįgalumo lygis'
2025-04-01 07:41:22 [main] DEBUG l.i.u.p.SubmittedApplicationsPage - Checking option: 'Bedarbiai, kurie yra darbingo amžiaus neįgalieji, kuriems nustatytas 30–40 procentų darbingumo lygis arba vidutinis neįgalumo lygis'
2025-04-01 07:41:22 [main] DEBUG l.i.u.p.SubmittedApplicationsPage - Checking option: 'Bedarbiai, kurie yra darbingo amžiaus neįgalieji, kuriems nustatytas 45–55 procentų darbingumo lygis arba lengvas neįgalumo lygis'
2025-04-01 07:41:22 [main] DEBUG l.i.u.p.SubmittedApplicationsPage - Checking option: 'Bedarbiai, kurie yra darbingo amžiaus neįgalieji, kuriems nustatytas 45–55 procentų darbingumo lygis arba lengvas neįgalumo lygis'
2025-04-01 07:41:22 [main] DEBUG l.i.u.p.SubmittedApplicationsPage - Checking option: 'Bedarbiai, kurie yra darbingo amžiaus neįgalieji, kuriems nustatytas iki 25 procentų darbingumo lygis arba sunkus neįgalumo lygis'
2025-04-01 07:41:22 [main] INFO  l.i.u.p.SubmittedApplicationsPage - Successfully selected the value: 'Bedarbiai, kurie yra darbingo amžiaus neįgalieji, kuriems nustatytas iki 25 procentų darbingumo lygis arba sunkus neįgalumo lygis'
2025-04-01 07:41:22 [main] INFO  l.i.u.p.SubmittedApplicationsPage - Attempting to close the dropdown.
2025-04-01 07:41:23 [main] DEBUG l.i.u.t.SubmittedApplicationsPageTest - Selected disabilities type: 'Bedarbiai, kurie yra darbingo amžiaus neįgalieji, kuriems nustatytas iki 25 procentų darbingumo lygis arba sunkus neįgalumo lygis'.
2025-04-01 07:41:23 [main] DEBUG l.i.u.t.SubmittedApplicationsPageTest - Entered disability information: 'Negalia 1'.
2025-04-01 07:41:23 [main] INFO  l.i.u.p.SubmittedApplicationsPage - Located the dropdown button.
2025-04-01 07:41:24 [main] INFO  l.i.u.p.SubmittedApplicationsPage - Successfully selected the value: 'Kita'
2025-04-01 07:41:24 [main] DEBUG l.i.u.t.SubmittedApplicationsPageTest - Selected time mode: 'Kita'.
2025-04-01 07:41:24 [main] DEBUG l.i.u.t.SubmittedApplicationsPageTest - Selected time mode other: '6 val. per dieną ir 4 d. per savaitę'.
2025-04-01 07:41:25 [main] DEBUG l.i.u.t.SubmittedApplicationsPageTest - Entered qualification: 'Kvalifikacija 1'.
2025-04-01 07:41:25 [main] DEBUG l.i.u.t.SubmittedApplicationsPageTest - Entered job date.
2025-04-01 07:41:25 [main] DEBUG l.i.u.t.SubmittedApplicationsPageTest - Entered salary amount: '1200'.
2025-04-01 07:41:25 [main] DEBUG l.i.u.t.SubmittedApplicationsPageTest - Entered salary description: 'Užmokestis 1'.
2025-04-01 07:41:26 [main] DEBUG l.i.u.t.SubmittedApplicationsPageTest - Selected 'Temporary Job' radio button.
2025-04-01 07:41:26 [main] DEBUG l.i.u.t.SubmittedApplicationsPageTest - Selected 'Season Job' radio button.
2025-04-01 07:41:26 [main] DEBUG l.i.u.t.SubmittedApplicationsPageTest - Selected 'Energy' radio button.
2025-04-01 07:41:26 [main] DEBUG l.i.u.t.SubmittedApplicationsPageTest - Selected 'Repair' radio button.
2025-04-01 07:41:26 [main] DEBUG l.i.u.t.SubmittedApplicationsPageTest - Entered job description: 'Veikla 1'.
2025-04-01 07:41:27 [main] DEBUG l.i.u.t.SubmittedApplicationsPageTest - Entered process description: 'Procesas 1'.
2025-04-01 07:41:27 [main] DEBUG l.i.u.t.SubmittedApplicationsPageTest - Entered energy information: 'Energija 1'.
2025-04-01 07:41:27 [main] DEBUG l.i.u.t.SubmittedApplicationsPageTest - Entered repair information: 'Remontas 1'.
2025-04-01 07:41:27 [main] DEBUG l.i.u.t.SubmittedApplicationsPageTest - Selected 'PVM' radio button.
2025-04-01 07:41:27 [main] INFO  l.i.u.p.SubmittedApplicationsPage - Located the dropdown button.
2025-04-01 07:41:28 [main] INFO  l.i.u.p.SubmittedApplicationsPage - Successfully selected the value: 'Įsigyti'
2025-04-01 07:41:28 [main] DEBUG l.i.u.t.SubmittedApplicationsPageTest - Selected necessary for job: 'Įsigyti'.
2025-04-01 07:41:28 [main] DEBUG l.i.u.t.SubmittedApplicationsPageTest - Selected tool: 'Darbo priemonė 1'.
2025-04-01 07:41:28 [main] DEBUG l.i.u.t.SubmittedApplicationsPageTest - Selected tool parameter one: 'Darbo priemonės 1 parametras 1'.
2025-04-01 07:41:29 [main] DEBUG l.i.u.t.SubmittedApplicationsPageTest - Selected tool parameter two: 'Darbo priemonės 1 parametras 2'.
2025-04-01 07:41:29 [main] DEBUG l.i.u.t.SubmittedApplicationsPageTest - Selected tool parameter three: 'Darbo priemonės 1 parametras 3'.
2025-04-01 07:41:29 [main] DEBUG l.i.u.t.SubmittedApplicationsPageTest - Entered tool count: '1'.
2025-04-01 07:41:29 [main] DEBUG l.i.u.t.SubmittedApplicationsPageTest - Entered price amount 1: '1000'.
2025-04-01 07:41:32 [main] DEBUG l.i.u.t.SubmittedApplicationsPageTest - Entered own funds amount 1: '800'.
2025-04-01 07:41:34 [main] DEBUG l.i.u.t.SubmittedApplicationsPageTest - Clicked 'Add' button.
2025-04-01 07:41:34 [main] INFO  l.i.u.p.SubmittedApplicationsPage - Located the dropdown button.
2025-04-01 07:41:34 [main] INFO  l.i.u.p.SubmittedApplicationsPage - Successfully selected the value: 'Remontuoti'
2025-04-01 07:41:34 [main] DEBUG l.i.u.t.SubmittedApplicationsPageTest - Selected necessary for job 'to repair': 'Remontuoti'.
2025-04-01 07:41:35 [main] DEBUG l.i.u.t.SubmittedApplicationsPageTest - Selected repair name: 'Remonto pavadinimas 1'.
2025-04-01 07:41:35 [main] DEBUG l.i.u.t.SubmittedApplicationsPageTest - Entered repair information: 'Remonto aprašymas 1'.
2025-04-01 07:41:37 [main] DEBUG l.i.u.t.SubmittedApplicationsPageTest - Clicked 'Add' button.
2025-04-01 07:41:39 [main] DEBUG l.i.u.t.SubmittedApplicationsPageTest - Clicked 'Remove' button.
2025-04-01 07:41:42 [main] DEBUG l.i.u.t.SubmittedApplicationsPageTest - Entered country percentage: '50'.
2025-04-01 07:41:42 [main] DEBUG l.i.u.t.SubmittedApplicationsPageTest - Entered institution percentage: '50'.
2025-04-01 07:41:42 [main] DEBUG l.i.u.t.SubmittedApplicationsPageTest - Entered municipality percentage: '50'.
2025-04-01 07:41:43 [main] ERROR l.i.u.t.SubmittedApplicationsPageTest - Test 'testFillNewVUIApplicationFA' failed with error: element click intercepted: Element <input type="radio" class="mdc-radio__native-control" id="mat-radio-14-input" name="mat-radio-group-7" value="true" tabindex="0"> is not clickable at point (360, 890). Other element would receive the click: <div class="cdk-overlay-backdrop cdk-overlay-dark-backdrop cdk-overlay-backdrop-showing"></div>
  (Session info: chrome=134.0.6998.178)
Build info: version: '4.27.0', revision: 'd6e718d134'
System info: os.name: 'Windows 11', os.arch: 'amd64', os.version: '10.0', java.version: '21.0.3'
Driver info: org.openqa.selenium.chrome.ChromeDriver
Command: [6d75520cc6163dcb9f7c85161ff80c1c, clickElement {id=f.18610D6BC1F99603EE3C8FC4D2255A4D.d.997A670B063A173227DB2F5A2AC820F4.e.2430}]
Capabilities {acceptInsecureCerts: false, browserName: chrome, browserVersion: 134.0.6998.178, chrome: {chromedriverVersion: 134.0.6998.165 (fd886e2cb29..., userDataDir: C:\Users\INGRID~1.ZAD\AppDa...}, fedcm:accounts: true, goog:chromeOptions: {debuggerAddress: localhost:49413}, networkConnectionEnabled: false, pageLoadStrategy: normal, platformName: windows, proxy: Proxy(), se:cdp: ws://localhost:49413/devtoo..., se:cdpVersion: 134.0.6998.178, setWindowRect: true, strictFileInteractability: false, timeouts: {implicit: 0, pageLoad: 300000, script: 30000}, unhandledPromptBehavior: dismiss and notify, webauthn:extension:credBlob: true, webauthn:extension:largeBlob: true, webauthn:extension:minPinLength: true, webauthn:extension:prf: true, webauthn:virtualAuthenticators: true}
Element: [[ChromeDriver: chrome on windows (6d75520cc6163dcb9f7c85161ff80c1c)] -> xpath: (//input[@type='radio' and @value='true'])[7]]
Session ID: 6d75520cc6163dcb9f7c85161ff80c1c
org.openqa.selenium.ElementClickInterceptedException: element click intercepted: Element <input type="radio" class="mdc-radio__native-control" id="mat-radio-14-input" name="mat-radio-group-7" value="true" tabindex="0"> is not clickable at point (360, 890). Other element would receive the click: <div class="cdk-overlay-backdrop cdk-overlay-dark-backdrop cdk-overlay-backdrop-showing"></div>
  (Session info: chrome=134.0.6998.178)
Build info: version: '4.27.0', revision: 'd6e718d134'
System info: os.name: 'Windows 11', os.arch: 'amd64', os.version: '10.0', java.version: '21.0.3'
Driver info: org.openqa.selenium.chrome.ChromeDriver
Command: [6d75520cc6163dcb9f7c85161ff80c1c, clickElement {id=f.18610D6BC1F99603EE3C8FC4D2255A4D.d.997A670B063A173227DB2F5A2AC820F4.e.2430}]
Capabilities {acceptInsecureCerts: false, browserName: chrome, browserVersion: 134.0.6998.178, chrome: {chromedriverVersion: 134.0.6998.165 (fd886e2cb29..., userDataDir: C:\Users\INGRID~1.ZAD\AppDa...}, fedcm:accounts: true, goog:chromeOptions: {debuggerAddress: localhost:49413}, networkConnectionEnabled: false, pageLoadStrategy: normal, platformName: windows, proxy: Proxy(), se:cdp: ws://localhost:49413/devtoo..., se:cdpVersion: 134.0.6998.178, setWindowRect: true, strictFileInteractability: false, timeouts: {implicit: 0, pageLoad: 300000, script: 30000}, unhandledPromptBehavior: dismiss and notify, webauthn:extension:credBlob: true, webauthn:extension:largeBlob: true, webauthn:extension:minPinLength: true, webauthn:extension:prf: true, webauthn:virtualAuthenticators: true}
Element: [[ChromeDriver: chrome on windows (6d75520cc6163dcb9f7c85161ff80c1c)] -> xpath: (//input[@type='radio' and @value='true'])[7]]
Session ID: 6d75520cc6163dcb9f7c85161ff80c1c
	at java.base/jdk.internal.reflect.DirectConstructorHandleAccessor.newInstance(DirectConstructorHandleAccessor.java:62)
	at java.base/java.lang.reflect.Constructor.newInstanceWithCaller(Constructor.java:502)
	at java.base/java.lang.reflect.Constructor.newInstance(Constructor.java:486)
	at org.openqa.selenium.remote.ErrorCodec.decode(ErrorCodec.java:167)
	at org.openqa.selenium.remote.codec.w3c.W3CHttpResponseCodec.decode(W3CHttpResponseCodec.java:138)
	at org.openqa.selenium.remote.codec.w3c.W3CHttpResponseCodec.decode(W3CHttpResponseCodec.java:50)
	at org.openqa.selenium.remote.HttpCommandExecutor.execute(HttpCommandExecutor.java:190)
	at org.openqa.selenium.remote.service.DriverCommandExecutor.invokeExecute(DriverCommandExecutor.java:216)
	at org.openqa.selenium.remote.service.DriverCommandExecutor.execute(DriverCommandExecutor.java:174)
	at org.openqa.selenium.remote.RemoteWebDriver.execute(RemoteWebDriver.java:545)
	at org.openqa.selenium.remote.RemoteWebElement.execute(RemoteWebElement.java:223)
	at org.openqa.selenium.remote.RemoteWebElement.click(RemoteWebElement.java:76)
	at java.base/jdk.internal.reflect.DirectMethodHandleAccessor.invoke(DirectMethodHandleAccessor.java:103)
	at java.base/java.lang.reflect.Method.invoke(Method.java:580)
	at org.openqa.selenium.support.pagefactory.internal.LocatingElementHandler.invoke(LocatingElementHandler.java:51)
	at jdk.proxy2/jdk.proxy2.$Proxy14.click(Unknown Source)
	at lt.insoft.uztis.pages.SubmittedApplicationsPage.clickRadioButtonDeMinimis(SubmittedApplicationsPage.java:1636)
	at lt.insoft.uztis.tests.SubmittedApplicationsPageTest.testFillNewVUIApplicationFA(SubmittedApplicationsPageTest.java:395)
	at java.base/jdk.internal.reflect.DirectMethodHandleAccessor.invoke(DirectMethodHandleAccessor.java:103)
	at java.base/java.lang.reflect.Method.invoke(Method.java:580)
	at org.junit.platform.commons.util.ReflectionUtils.invokeMethod(ReflectionUtils.java:728)
	at org.junit.jupiter.engine.execution.MethodInvocation.proceed(MethodInvocation.java:60)
	at org.junit.jupiter.engine.execution.InvocationInterceptorChain$ValidatingInvocation.proceed(InvocationInterceptorChain.java:131)
	at org.junit.jupiter.engine.extension.TimeoutExtension.intercept(TimeoutExtension.java:156)
	at org.junit.jupiter.engine.extension.TimeoutExtension.interceptTestableMethod(TimeoutExtension.java:147)
	at org.junit.jupiter.engine.extension.TimeoutExtension.interceptTestMethod(TimeoutExtension.java:86)
	at org.junit.jupiter.engine.execution.InterceptingExecutableInvoker$ReflectiveInterceptorCall.lambda$ofVoidMethod$0(InterceptingExecutableInvoker.java:103)
	at org.junit.jupiter.engine.execution.InterceptingExecutableInvoker.lambda$invoke$0(InterceptingExecutableInvoker.java:93)
	at org.junit.jupiter.engine.execution.InvocationInterceptorChain$InterceptedInvocation.proceed(InvocationInterceptorChain.java:106)
	at org.junit.jupiter.engine.execution.InvocationInterceptorChain.proceed(InvocationInterceptorChain.java:64)
	at org.junit.jupiter.engine.execution.InvocationInterceptorChain.chainAndInvoke(InvocationInterceptorChain.java:45)
	at org.junit.jupiter.engine.execution.InvocationInterceptorChain.invoke(InvocationInterceptorChain.java:37)
	at org.junit.jupiter.engine.execution.InterceptingExecutableInvoker.invoke(InterceptingExecutableInvoker.java:92)
	at org.junit.jupiter.engine.execution.InterceptingExecutableInvoker.invoke(InterceptingExecutableInvoker.java:86)
	at org.junit.jupiter.engine.descriptor.TestMethodTestDescriptor.lambda$invokeTestMethod$7(TestMethodTestDescriptor.java:218)
	at org.junit.platform.engine.support.hierarchical.ThrowableCollector.execute(ThrowableCollector.java:73)
	at org.junit.jupiter.engine.descriptor.TestMethodTestDescriptor.invokeTestMethod(TestMethodTestDescriptor.java:214)
	at org.junit.jupiter.engine.descriptor.TestMethodTestDescriptor.execute(TestMethodTestDescriptor.java:139)
	at org.junit.jupiter.engine.descriptor.TestMethodTestDescriptor.execute(TestMethodTestDescriptor.java:69)
	at org.junit.platform.engine.support.hierarchical.NodeTestTask.lambda$executeRecursively$6(NodeTestTask.java:151)
	at org.junit.platform.engine.support.hierarchical.ThrowableCollector.execute(ThrowableCollector.java:73)
	at org.junit.platform.engine.support.hierarchical.NodeTestTask.lambda$executeRecursively$8(NodeTestTask.java:141)
	at org.junit.platform.engine.support.hierarchical.Node.around(Node.java:137)
	at org.junit.platform.engine.support.hierarchical.NodeTestTask.lambda$executeRecursively$9(NodeTestTask.java:139)
	at org.junit.platform.engine.support.hierarchical.ThrowableCollector.execute(ThrowableCollector.java:73)
	at org.junit.platform.engine.support.hierarchical.NodeTestTask.executeRecursively(NodeTestTask.java:138)
	at org.junit.platform.engine.support.hierarchical.NodeTestTask.execute(NodeTestTask.java:95)
	at java.base/java.util.ArrayList.forEach(ArrayList.java:1596)
	at org.junit.platform.engine.support.hierarchical.SameThreadHierarchicalTestExecutorService.invokeAll(SameThreadHierarchicalTestExecutorService.java:41)
	at org.junit.platform.engine.support.hierarchical.NodeTestTask.lambda$executeRecursively$6(NodeTestTask.java:155)
	at org.junit.platform.engine.support.hierarchical.ThrowableCollector.execute(ThrowableCollector.java:73)
	at org.junit.platform.engine.support.hierarchical.NodeTestTask.lambda$executeRecursively$8(NodeTestTask.java:141)
	at org.junit.platform.engine.support.hierarchical.Node.around(Node.java:137)
	at org.junit.platform.engine.support.hierarchical.NodeTestTask.lambda$executeRecursively$9(NodeTestTask.java:139)
	at org.junit.platform.engine.support.hierarchical.ThrowableCollector.execute(ThrowableCollector.java:73)
	at org.junit.platform.engine.support.hierarchical.NodeTestTask.executeRecursively(NodeTestTask.java:138)
	at org.junit.platform.engine.support.hierarchical.NodeTestTask.execute(NodeTestTask.java:95)
	at java.base/java.util.ArrayList.forEach(ArrayList.java:1596)
	at org.junit.platform.engine.support.hierarchical.SameThreadHierarchicalTestExecutorService.invokeAll(SameThreadHierarchicalTestExecutorService.java:41)
	at org.junit.platform.engine.support.hierarchical.NodeTestTask.lambda$executeRecursively$6(NodeTestTask.java:155)
	at org.junit.platform.engine.support.hierarchical.ThrowableCollector.execute(ThrowableCollector.java:73)
	at org.junit.platform.engine.support.hierarchical.NodeTestTask.lambda$executeRecursively$8(NodeTestTask.java:141)
	at org.junit.platform.engine.support.hierarchical.Node.around(Node.java:137)
	at org.junit.platform.engine.support.hierarchical.NodeTestTask.lambda$executeRecursively$9(NodeTestTask.java:139)
	at org.junit.platform.engine.support.hierarchical.ThrowableCollector.execute(ThrowableCollector.java:73)
	at org.junit.platform.engine.support.hierarchical.NodeTestTask.executeRecursively(NodeTestTask.java:138)
	at org.junit.platform.engine.support.hierarchical.NodeTestTask.execute(NodeTestTask.java:95)
	at org.junit.platform.engine.support.hierarchical.SameThreadHierarchicalTestExecutorService.submit(SameThreadHierarchicalTestExecutorService.java:35)
	at org.junit.platform.engine.support.hierarchical.HierarchicalTestExecutor.execute(HierarchicalTestExecutor.java:57)
	at org.junit.platform.engine.support.hierarchical.HierarchicalTestEngine.execute(HierarchicalTestEngine.java:54)
	at org.junit.platform.launcher.core.EngineExecutionOrchestrator.execute(EngineExecutionOrchestrator.java:198)
	at org.junit.platform.launcher.core.EngineExecutionOrchestrator.execute(EngineExecutionOrchestrator.java:169)
	at org.junit.platform.launcher.core.EngineExecutionOrchestrator.execute(EngineExecutionOrchestrator.java:93)
	at org.junit.platform.launcher.core.EngineExecutionOrchestrator.lambda$execute$0(EngineExecutionOrchestrator.java:58)
	at org.junit.platform.launcher.core.EngineExecutionOrchestrator.withInterceptedStreams(EngineExecutionOrchestrator.java:141)
	at org.junit.platform.launcher.core.EngineExecutionOrchestrator.execute(EngineExecutionOrchestrator.java:57)
	at org.junit.platform.launcher.core.DefaultLauncher.execute(DefaultLauncher.java:103)
	at org.junit.platform.launcher.core.DefaultLauncher.execute(DefaultLauncher.java:85)
	at org.junit.platform.launcher.core.DelegatingLauncher.execute(DelegatingLauncher.java:47)
	at org.junit.platform.launcher.core.SessionPerRequestLauncher.execute(SessionPerRequestLauncher.java:63)
	at com.intellij.junit5.JUnit5IdeaTestRunner.startRunnerWithArgs(JUnit5IdeaTestRunner.java:57)
	at com.intellij.rt.junit.IdeaTestRunner$Repeater$1.execute(IdeaTestRunner.java:38)
	at com.intellij.rt.execution.junit.TestsRepeater.repeat(TestsRepeater.java:11)
	at com.intellij.rt.junit.IdeaTestRunner$Repeater.startRunnerWithArgs(IdeaTestRunner.java:35)
	at com.intellij.rt.junit.JUnitStarter.prepareStreamsAndStart(JUnitStarter.java:232)
	at com.intellij.rt.junit.JUnitStarter.main(JUnitStarter.java:55)
2025-04-01 07:41:43 [main] INFO  l.insoft.uztis.tests.utils.TestUtils - Screenshot moved to C:\Users\ingrida.zadorozniene\Desktop\Asm\UZTIS\UZTIS_tests\test-output\screenshots\20250401\074143534_testFillNewVUIApplicationFA().png
2025-04-01 07:49:58 [main] INFO  lt.insoft.uztis.tests.UztisPageTest - Navigated to https://uztisdev.asseco.lt/home
2025-04-01 07:49:58 [main] INFO  l.i.u.t.SubmittedApplicationsPageTest - Starting test:'testFillNewVUIPApplicationFA'
2025-04-01 07:49:58 [main] DEBUG l.i.u.t.SubmittedApplicationsPageTest - User logged in with test credentials.
2025-04-01 07:49:59 [main] DEBUG l.i.u.t.SubmittedApplicationsPageTest - Opened 'Application Processing' menu.
2025-04-01 07:49:59 [main] DEBUG l.i.u.t.SubmittedApplicationsPageTest - Clicked on 'Application Forms' menu.
2025-04-01 07:49:59 [main] DEBUG l.i.u.t.SubmittedApplicationsPageTest - Retrieved last description code text: 'TST-VUI-75'.
2025-04-01 07:49:59 [main] DEBUG l.i.u.t.SubmittedApplicationsPageTest - Clicked on 'Invitation' menu.
2025-04-01 07:50:01 [main] DEBUG l.i.u.t.SubmittedApplicationsPageTest - Selected application section by code: 'TST-VUI-75'.
2025-04-01 07:50:01 [main] DEBUG l.i.u.t.SubmittedApplicationsPageTest - Clicked 'Search' button.
2025-04-01 07:50:01 [main] DEBUG l.i.u.t.SubmittedApplicationsPageTest - Retrieved invitation code: ''.
2025-04-01 07:50:01 [main] DEBUG l.i.u.t.SubmittedApplicationsPageTest - Clicked on 'Submitted Applications' menu.
2025-04-01 07:50:03 [main] DEBUG l.i.u.t.SubmittedApplicationsPageTest - Selected invitation by code: 'TST-VUI-75'.
2025-04-01 07:50:03 [main] DEBUG l.i.u.t.SubmittedApplicationsPageTest - Invitation code inserted.
2025-04-01 07:50:03 [main] DEBUG l.i.u.t.SubmittedApplicationsPageTest - Clicked on 'Action Application' button.
2025-04-01 07:50:03 [main] DEBUG l.i.u.t.SubmittedApplicationsPageTest - Clicked on 'New Application' button.
2025-04-01 07:50:04 [main] DEBUG l.i.u.t.SubmittedApplicationsPageTest - Selected the 'RadioButtonFA' option.
2025-04-01 07:50:04 [main] DEBUG l.i.u.t.SubmittedApplicationsPageTest - Entered phone number: '61298745'.
2025-04-01 07:50:04 [main] DEBUG l.i.u.t.SubmittedApplicationsPageTest - Entered email: 'test@autotest.com'.
2025-04-01 07:50:04 [main] INFO  l.i.u.p.SubmittedApplicationsPage - Clicking on the dropdown button.
2025-04-01 07:50:22 [main] INFO  l.i.u.p.SubmittedApplicationsPage - Found 1741 options in the dropdown.
2025-04-01 07:50:22 [main] DEBUG l.i.u.p.SubmittedApplicationsPage - Checking option: ''
2025-04-01 07:50:22 [main] DEBUG l.i.u.p.SubmittedApplicationsPage - Checking option: '01.11 - Grūdinių (išskyrus ryžius), ankštinių ir aliejingų sėklų augalų auginimas'
2025-04-01 07:50:22 [main] INFO  l.i.u.p.SubmittedApplicationsPage - Successfully selected the value: '01.11 - Grūdinių (išskyrus ryžius), ankštinių ir aliejingų sėklų augalų auginimas'
2025-04-01 07:50:22 [main] INFO  l.i.u.p.SubmittedApplicationsPage - Attempting to close the dropdown.
2025-04-01 07:50:22 [main] DEBUG l.i.u.t.SubmittedApplicationsPageTest - Selected EVRK value: '01.11 - Grūdinių (išskyrus ryžius), ankštinių ir aliejingų sėklų augalų auginimas'.
2025-04-01 07:50:23 [main] DEBUG l.i.u.t.SubmittedApplicationsPageTest - Clicked on 'Address Component' button.
2025-04-01 07:50:23 [main] INFO  l.i.u.p.SubmittedApplicationsPage - Located the dropdown button.
2025-04-01 07:50:26 [main] INFO  l.i.u.p.SubmittedApplicationsPage - Successfully selected the value: 'Lietuva'
2025-04-01 07:50:26 [main] DEBUG l.i.u.t.SubmittedApplicationsPageTest - Selected country: 'Lietuva'.
2025-04-01 07:50:26 [main] INFO  l.i.u.p.SubmittedApplicationsPage - Located the dropdown search field.
2025-04-01 07:50:26 [main] INFO  l.i.u.p.SubmittedApplicationsPage - Dropdown city is opened.
2025-04-01 07:50:26 [main] INFO  l.i.u.p.SubmittedApplicationsPage - Searched for value: 'Vilnius'
2025-04-01 07:50:27 [main] INFO  l.i.u.p.SubmittedApplicationsPage - Successfully selected: 'Vilnius'
2025-04-01 07:50:27 [main] INFO  l.i.u.p.SubmittedApplicationsPage - Located the dropdown button.
2025-04-01 07:50:28 [main] INFO  l.i.u.p.SubmittedApplicationsPage - Successfully selected the value: 'A. Domaševičiaus g.'
2025-04-01 07:50:28 [main] DEBUG l.i.u.t.SubmittedApplicationsPageTest - Selected street: 'A. Domaševičiaus g.'.
2025-04-01 07:50:28 [main] INFO  l.i.u.p.SubmittedApplicationsPage - Located the dropdown button.
2025-04-01 07:50:28 [main] INFO  l.i.u.p.SubmittedApplicationsPage - Successfully selected the value: '1'
2025-04-01 07:50:28 [main] DEBUG l.i.u.t.SubmittedApplicationsPageTest - Selected house: '1'.
2025-04-01 07:50:28 [main] INFO  l.i.u.p.SubmittedApplicationsPage - Located the dropdown button.
2025-04-01 07:50:28 [main] INFO  l.i.u.p.SubmittedApplicationsPage - Successfully selected the value: '1'
2025-04-01 07:50:28 [main] DEBUG l.i.u.t.SubmittedApplicationsPageTest - Selected apartment: '1'.
2025-04-01 07:50:28 [main] DEBUG l.i.u.t.SubmittedApplicationsPageTest - Clicked 'Confirm' button.
2025-04-01 07:50:28 [main] DEBUG l.i.u.t.SubmittedApplicationsPageTest - Entered project date.
2025-04-01 07:50:29 [main] DEBUG l.i.u.t.SubmittedApplicationsPageTest - Entered job count: '1'.
2025-04-01 07:50:29 [main] DEBUG l.i.u.t.SubmittedApplicationsPageTest - Clicked 'Next' button.
2025-04-01 07:50:29 [main] INFO  l.i.u.p.SubmittedApplicationsPage - Located the dropdown button.
2025-04-01 07:50:30 [main] INFO  l.i.u.p.SubmittedApplicationsPage - Successfully selected the value: 'Administratoriai'
2025-04-01 07:50:30 [main] DEBUG l.i.u.t.SubmittedApplicationsPageTest - Selected job name: 'Administratoriai'.
2025-04-01 07:50:30 [main] DEBUG l.i.u.t.SubmittedApplicationsPageTest - Entered job function: 'Funkcija 1'.
2025-04-01 07:50:30 [main] DEBUG l.i.u.t.SubmittedApplicationsPageTest - Selected 'RadioButtonWithDisabilities' option.
2025-04-01 07:50:30 [main] INFO  l.i.u.p.SubmittedApplicationsPage - Clicking on the dropdown button.
2025-04-01 07:50:31 [main] INFO  l.i.u.p.SubmittedApplicationsPage - Found 34 options in the dropdown.
2025-04-01 07:50:31 [main] DEBUG l.i.u.p.SubmittedApplicationsPage - Checking option: 'Asmenys, kuriems suteiktas pabėgėlio statusas ar perkeliamojo asmens statusas, arba asmenys, kuriems suteikta papildoma ar laikinoji apsauga, ir asmenys, turintys teisę gauti laikinąją apsaugą, iki sprendimo dėl laikinosios apsaugos suteikimo (nesuteikimo) priėmimo, tačiau ne ilgiau kaip laikinosios apsaugos laikotarpiu'
2025-04-01 07:50:31 [main] DEBUG l.i.u.p.SubmittedApplicationsPage - Checking option: 'Asmenys, kuriems suteiktas pabėgėlio statusas ar perkeliamojo asmens statusas, arba asmenys, kuriems suteikta papildoma ar laikinoji apsauga, ir asmenys, turintys teisę gauti laikinąją apsaugą, iki sprendimo dėl laikinosios apsaugos suteikimo (nesuteikimo) priėmimo, tačiau ne ilgiau kaip laikinosios apsaugos laikotarpiu'
2025-04-01 07:50:31 [main] DEBUG l.i.u.p.SubmittedApplicationsPage - Checking option: 'Asmenys, turintys teisę į papildomas užimtumo garantijas pagal Lietuvos Respublikos valstybės įmonės Ignalinos atominės elektrinės darbuotojų papildomų užimtumo ir socialinių garantijų įstatymą'
2025-04-01 07:50:31 [main] DEBUG l.i.u.p.SubmittedApplicationsPage - Checking option: 'Asmenys, turintys teisę į papildomas užimtumo garantijas pagal Lietuvos Respublikos valstybės įmonės Ignalinos atominės elektrinės darbuotojų papildomų užimtumo ir socialinių garantijų įstatymą'
2025-04-01 07:50:31 [main] DEBUG l.i.u.p.SubmittedApplicationsPage - Checking option: 'Bedarbiai iki 29 metų'
2025-04-01 07:50:31 [main] DEBUG l.i.u.p.SubmittedApplicationsPage - Checking option: 'Bedarbiai iki 29 metų'
2025-04-01 07:50:31 [main] DEBUG l.i.u.p.SubmittedApplicationsPage - Checking option: 'Bedarbiai, kurie yra darbingo amžiaus neįgalieji, kuriems nustatytas 30–40 procentų darbingumo lygis arba vidutinis neįgalumo lygis'
2025-04-01 07:50:31 [main] DEBUG l.i.u.p.SubmittedApplicationsPage - Checking option: 'Bedarbiai, kurie yra darbingo amžiaus neįgalieji, kuriems nustatytas 30–40 procentų darbingumo lygis arba vidutinis neįgalumo lygis'
2025-04-01 07:50:31 [main] DEBUG l.i.u.p.SubmittedApplicationsPage - Checking option: 'Bedarbiai, kurie yra darbingo amžiaus neįgalieji, kuriems nustatytas 45–55 procentų darbingumo lygis arba lengvas neįgalumo lygis'
2025-04-01 07:50:31 [main] DEBUG l.i.u.p.SubmittedApplicationsPage - Checking option: 'Bedarbiai, kurie yra darbingo amžiaus neįgalieji, kuriems nustatytas 45–55 procentų darbingumo lygis arba lengvas neįgalumo lygis'
2025-04-01 07:50:31 [main] DEBUG l.i.u.p.SubmittedApplicationsPage - Checking option: 'Bedarbiai, kurie yra darbingo amžiaus neįgalieji, kuriems nustatytas iki 25 procentų darbingumo lygis arba sunkus neįgalumo lygis'
2025-04-01 07:50:31 [main] INFO  l.i.u.p.SubmittedApplicationsPage - Successfully selected the value: 'Bedarbiai, kurie yra darbingo amžiaus neįgalieji, kuriems nustatytas iki 25 procentų darbingumo lygis arba sunkus neįgalumo lygis'
2025-04-01 07:50:31 [main] INFO  l.i.u.p.SubmittedApplicationsPage - Attempting to close the dropdown.
2025-04-01 07:50:32 [main] DEBUG l.i.u.t.SubmittedApplicationsPageTest - Selected disabilities type: 'Bedarbiai, kurie yra darbingo amžiaus neįgalieji, kuriems nustatytas iki 25 procentų darbingumo lygis arba sunkus neįgalumo lygis'.
2025-04-01 07:50:32 [main] DEBUG l.i.u.t.SubmittedApplicationsPageTest - Entered disability information: 'Negalia 1'.
2025-04-01 07:50:32 [main] INFO  l.i.u.p.SubmittedApplicationsPage - Located the dropdown button.
2025-04-01 07:50:33 [main] INFO  l.i.u.p.SubmittedApplicationsPage - Successfully selected the value: 'Kita'
2025-04-01 07:50:33 [main] DEBUG l.i.u.t.SubmittedApplicationsPageTest - Selected time mode: 'Kita'.
2025-04-01 07:50:33 [main] DEBUG l.i.u.t.SubmittedApplicationsPageTest - Selected time mode other: '6 val. per dieną ir 4 d. per savaitę'.
2025-04-01 07:50:34 [main] DEBUG l.i.u.t.SubmittedApplicationsPageTest - Entered qualification: 'Kvalifikacija 1'.
2025-04-01 07:50:34 [main] DEBUG l.i.u.t.SubmittedApplicationsPageTest - Entered job date.
2025-04-01 07:50:34 [main] DEBUG l.i.u.t.SubmittedApplicationsPageTest - Entered salary amount: '1200'.
2025-04-01 07:50:34 [main] DEBUG l.i.u.t.SubmittedApplicationsPageTest - Entered salary description: 'Užmokestis 1'.
2025-04-01 07:50:35 [main] DEBUG l.i.u.t.SubmittedApplicationsPageTest - Selected 'Temporary Job' radio button.
2025-04-01 07:50:35 [main] DEBUG l.i.u.t.SubmittedApplicationsPageTest - Selected 'Season Job' radio button.
2025-04-01 07:50:35 [main] DEBUG l.i.u.t.SubmittedApplicationsPageTest - Selected 'Energy' radio button.
2025-04-01 07:50:35 [main] DEBUG l.i.u.t.SubmittedApplicationsPageTest - Selected 'Repair' radio button.
2025-04-01 07:50:35 [main] DEBUG l.i.u.t.SubmittedApplicationsPageTest - Entered job description: 'Veikla 1'.
2025-04-01 07:50:36 [main] DEBUG l.i.u.t.SubmittedApplicationsPageTest - Entered process description: 'Procesas 1'.
2025-04-01 07:50:36 [main] DEBUG l.i.u.t.SubmittedApplicationsPageTest - Entered energy information: 'Energija 1'.
2025-04-01 07:50:36 [main] DEBUG l.i.u.t.SubmittedApplicationsPageTest - Entered repair information: 'Remontas 1'.
2025-04-01 07:50:36 [main] DEBUG l.i.u.t.SubmittedApplicationsPageTest - Selected 'PVM' radio button.
2025-04-01 07:50:36 [main] INFO  l.i.u.p.SubmittedApplicationsPage - Located the dropdown button.
2025-04-01 07:50:37 [main] INFO  l.i.u.p.SubmittedApplicationsPage - Successfully selected the value: 'Įsigyti'
2025-04-01 07:50:37 [main] DEBUG l.i.u.t.SubmittedApplicationsPageTest - Selected necessary for job: 'Įsigyti'.
2025-04-01 07:50:38 [main] DEBUG l.i.u.t.SubmittedApplicationsPageTest - Selected tool: 'Darbo priemonė 1'.
2025-04-01 07:50:38 [main] DEBUG l.i.u.t.SubmittedApplicationsPageTest - Selected tool parameter one: 'Darbo priemonės 1 parametras 1'.
2025-04-01 07:50:38 [main] DEBUG l.i.u.t.SubmittedApplicationsPageTest - Selected tool parameter two: 'Darbo priemonės 1 parametras 2'.
2025-04-01 07:50:38 [main] DEBUG l.i.u.t.SubmittedApplicationsPageTest - Selected tool parameter three: 'Darbo priemonės 1 parametras 3'.
2025-04-01 07:50:39 [main] DEBUG l.i.u.t.SubmittedApplicationsPageTest - Entered tool count: '1'.
2025-04-01 07:50:39 [main] DEBUG l.i.u.t.SubmittedApplicationsPageTest - Entered price amount 1: '1000'.
2025-04-01 07:50:41 [main] DEBUG l.i.u.t.SubmittedApplicationsPageTest - Entered own funds amount 1: '800'.
2025-04-01 07:50:43 [main] DEBUG l.i.u.t.SubmittedApplicationsPageTest - Clicked 'Add' button.
2025-04-01 07:50:43 [main] INFO  l.i.u.p.SubmittedApplicationsPage - Located the dropdown button.
2025-04-01 07:50:44 [main] INFO  l.i.u.p.SubmittedApplicationsPage - Successfully selected the value: 'Remontuoti'
2025-04-01 07:50:44 [main] DEBUG l.i.u.t.SubmittedApplicationsPageTest - Selected necessary for job 'to repair': 'Remontuoti'.
2025-04-01 07:50:44 [main] DEBUG l.i.u.t.SubmittedApplicationsPageTest - Selected repair name: 'Remonto pavadinimas 1'.
2025-04-01 07:50:44 [main] DEBUG l.i.u.t.SubmittedApplicationsPageTest - Entered repair information: 'Remonto aprašymas 1'.
2025-04-01 07:50:47 [main] DEBUG l.i.u.t.SubmittedApplicationsPageTest - Clicked 'Add' button.
2025-04-01 07:50:49 [main] DEBUG l.i.u.t.SubmittedApplicationsPageTest - Clicked 'Remove' button.
2025-04-01 07:50:52 [main] ERROR l.i.u.t.SubmittedApplicationsPageTest - Test 'testFillNewVUIApplicationFA' failed with error: element click intercepted: Element <button type="button" class="i-forms-repeater-button i-forms-repeater-button-remove">...</button> is not clickable at point (494, 991). Other element would receive the click: <div class="cdk-overlay-backdrop cdk-overlay-dark-backdrop cdk-overlay-backdrop-showing"></div>
  (Session info: chrome=134.0.6998.178)
Build info: version: '4.27.0', revision: 'd6e718d134'
System info: os.name: 'Windows 11', os.arch: 'amd64', os.version: '10.0', java.version: '21.0.3'
Driver info: org.openqa.selenium.chrome.ChromeDriver
Command: [4476abd8d5960511b0b265b6774f5230, clickElement {id=f.27DF48DBE7A68E9B695EF0CEF951B783.d.DEC115834596A9BB4B1701E4986EF52D.e.2771}]
Capabilities {acceptInsecureCerts: false, browserName: chrome, browserVersion: 134.0.6998.178, chrome: {chromedriverVersion: 134.0.6998.165 (fd886e2cb29..., userDataDir: C:\Users\INGRID~1.ZAD\AppDa...}, fedcm:accounts: true, goog:chromeOptions: {debuggerAddress: localhost:49730}, networkConnectionEnabled: false, pageLoadStrategy: normal, platformName: windows, proxy: Proxy(), se:cdp: ws://localhost:49730/devtoo..., se:cdpVersion: 134.0.6998.178, setWindowRect: true, strictFileInteractability: false, timeouts: {implicit: 0, pageLoad: 300000, script: 30000}, unhandledPromptBehavior: dismiss and notify, webauthn:extension:credBlob: true, webauthn:extension:largeBlob: true, webauthn:extension:minPinLength: true, webauthn:extension:prf: true, webauthn:virtualAuthenticators: true}
Element: [[ChromeDriver: chrome on windows (4476abd8d5960511b0b265b6774f5230)] -> css selector: [aria-labelledby] .i-forms-repeater-row:nth-of-type(2) .i-forms-repeater-button-remove]
Session ID: 4476abd8d5960511b0b265b6774f5230
org.openqa.selenium.ElementClickInterceptedException: element click intercepted: Element <button type="button" class="i-forms-repeater-button i-forms-repeater-button-remove">...</button> is not clickable at point (494, 991). Other element would receive the click: <div class="cdk-overlay-backdrop cdk-overlay-dark-backdrop cdk-overlay-backdrop-showing"></div>
  (Session info: chrome=134.0.6998.178)
Build info: version: '4.27.0', revision: 'd6e718d134'
System info: os.name: 'Windows 11', os.arch: 'amd64', os.version: '10.0', java.version: '21.0.3'
Driver info: org.openqa.selenium.chrome.ChromeDriver
Command: [4476abd8d5960511b0b265b6774f5230, clickElement {id=f.27DF48DBE7A68E9B695EF0CEF951B783.d.DEC115834596A9BB4B1701E4986EF52D.e.2771}]
Capabilities {acceptInsecureCerts: false, browserName: chrome, browserVersion: 134.0.6998.178, chrome: {chromedriverVersion: 134.0.6998.165 (fd886e2cb29..., userDataDir: C:\Users\INGRID~1.ZAD\AppDa...}, fedcm:accounts: true, goog:chromeOptions: {debuggerAddress: localhost:49730}, networkConnectionEnabled: false, pageLoadStrategy: normal, platformName: windows, proxy: Proxy(), se:cdp: ws://localhost:49730/devtoo..., se:cdpVersion: 134.0.6998.178, setWindowRect: true, strictFileInteractability: false, timeouts: {implicit: 0, pageLoad: 300000, script: 30000}, unhandledPromptBehavior: dismiss and notify, webauthn:extension:credBlob: true, webauthn:extension:largeBlob: true, webauthn:extension:minPinLength: true, webauthn:extension:prf: true, webauthn:virtualAuthenticators: true}
Element: [[ChromeDriver: chrome on windows (4476abd8d5960511b0b265b6774f5230)] -> css selector: [aria-labelledby] .i-forms-repeater-row:nth-of-type(2) .i-forms-repeater-button-remove]
Session ID: 4476abd8d5960511b0b265b6774f5230
	at java.base/jdk.internal.reflect.DirectConstructorHandleAccessor.newInstance(DirectConstructorHandleAccessor.java:62)
	at java.base/java.lang.reflect.Constructor.newInstanceWithCaller(Constructor.java:502)
	at java.base/java.lang.reflect.Constructor.newInstance(Constructor.java:486)
	at org.openqa.selenium.remote.ErrorCodec.decode(ErrorCodec.java:167)
	at org.openqa.selenium.remote.codec.w3c.W3CHttpResponseCodec.decode(W3CHttpResponseCodec.java:138)
	at org.openqa.selenium.remote.codec.w3c.W3CHttpResponseCodec.decode(W3CHttpResponseCodec.java:50)
	at org.openqa.selenium.remote.HttpCommandExecutor.execute(HttpCommandExecutor.java:190)
	at org.openqa.selenium.remote.service.DriverCommandExecutor.invokeExecute(DriverCommandExecutor.java:216)
	at org.openqa.selenium.remote.service.DriverCommandExecutor.execute(DriverCommandExecutor.java:174)
	at org.openqa.selenium.remote.RemoteWebDriver.execute(RemoteWebDriver.java:545)
	at org.openqa.selenium.remote.RemoteWebElement.execute(RemoteWebElement.java:223)
	at org.openqa.selenium.remote.RemoteWebElement.click(RemoteWebElement.java:76)
	at java.base/jdk.internal.reflect.DirectMethodHandleAccessor.invoke(DirectMethodHandleAccessor.java:103)
	at java.base/java.lang.reflect.Method.invoke(Method.java:580)
	at org.openqa.selenium.support.pagefactory.internal.LocatingElementHandler.invoke(LocatingElementHandler.java:51)
	at jdk.proxy2/jdk.proxy2.$Proxy14.click(Unknown Source)
	at lt.insoft.uztis.pages.SubmittedApplicationsPage.clickButtonRemoveConfirmation(SubmittedApplicationsPage.java:1614)
	at lt.insoft.uztis.tests.SubmittedApplicationsPageTest.testFillNewVUIApplicationFA(SubmittedApplicationsPageTest.java:346)
	at java.base/jdk.internal.reflect.DirectMethodHandleAccessor.invoke(DirectMethodHandleAccessor.java:103)
	at java.base/java.lang.reflect.Method.invoke(Method.java:580)
	at org.junit.platform.commons.util.ReflectionUtils.invokeMethod(ReflectionUtils.java:728)
	at org.junit.jupiter.engine.execution.MethodInvocation.proceed(MethodInvocation.java:60)
	at org.junit.jupiter.engine.execution.InvocationInterceptorChain$ValidatingInvocation.proceed(InvocationInterceptorChain.java:131)
	at org.junit.jupiter.engine.extension.TimeoutExtension.intercept(TimeoutExtension.java:156)
	at org.junit.jupiter.engine.extension.TimeoutExtension.interceptTestableMethod(TimeoutExtension.java:147)
	at org.junit.jupiter.engine.extension.TimeoutExtension.interceptTestMethod(TimeoutExtension.java:86)
	at org.junit.jupiter.engine.execution.InterceptingExecutableInvoker$ReflectiveInterceptorCall.lambda$ofVoidMethod$0(InterceptingExecutableInvoker.java:103)
	at org.junit.jupiter.engine.execution.InterceptingExecutableInvoker.lambda$invoke$0(InterceptingExecutableInvoker.java:93)
	at org.junit.jupiter.engine.execution.InvocationInterceptorChain$InterceptedInvocation.proceed(InvocationInterceptorChain.java:106)
	at org.junit.jupiter.engine.execution.InvocationInterceptorChain.proceed(InvocationInterceptorChain.java:64)
	at org.junit.jupiter.engine.execution.InvocationInterceptorChain.chainAndInvoke(InvocationInterceptorChain.java:45)
	at org.junit.jupiter.engine.execution.InvocationInterceptorChain.invoke(InvocationInterceptorChain.java:37)
	at org.junit.jupiter.engine.execution.InterceptingExecutableInvoker.invoke(InterceptingExecutableInvoker.java:92)
	at org.junit.jupiter.engine.execution.InterceptingExecutableInvoker.invoke(InterceptingExecutableInvoker.java:86)
	at org.junit.jupiter.engine.descriptor.TestMethodTestDescriptor.lambda$invokeTestMethod$7(TestMethodTestDescriptor.java:218)
	at org.junit.platform.engine.support.hierarchical.ThrowableCollector.execute(ThrowableCollector.java:73)
	at org.junit.jupiter.engine.descriptor.TestMethodTestDescriptor.invokeTestMethod(TestMethodTestDescriptor.java:214)
	at org.junit.jupiter.engine.descriptor.TestMethodTestDescriptor.execute(TestMethodTestDescriptor.java:139)
	at org.junit.jupiter.engine.descriptor.TestMethodTestDescriptor.execute(TestMethodTestDescriptor.java:69)
	at org.junit.platform.engine.support.hierarchical.NodeTestTask.lambda$executeRecursively$6(NodeTestTask.java:151)
	at org.junit.platform.engine.support.hierarchical.ThrowableCollector.execute(ThrowableCollector.java:73)
	at org.junit.platform.engine.support.hierarchical.NodeTestTask.lambda$executeRecursively$8(NodeTestTask.java:141)
	at org.junit.platform.engine.support.hierarchical.Node.around(Node.java:137)
	at org.junit.platform.engine.support.hierarchical.NodeTestTask.lambda$executeRecursively$9(NodeTestTask.java:139)
	at org.junit.platform.engine.support.hierarchical.ThrowableCollector.execute(ThrowableCollector.java:73)
	at org.junit.platform.engine.support.hierarchical.NodeTestTask.executeRecursively(NodeTestTask.java:138)
	at org.junit.platform.engine.support.hierarchical.NodeTestTask.execute(NodeTestTask.java:95)
	at java.base/java.util.ArrayList.forEach(ArrayList.java:1596)
	at org.junit.platform.engine.support.hierarchical.SameThreadHierarchicalTestExecutorService.invokeAll(SameThreadHierarchicalTestExecutorService.java:41)
	at org.junit.platform.engine.support.hierarchical.NodeTestTask.lambda$executeRecursively$6(NodeTestTask.java:155)
	at org.junit.platform.engine.support.hierarchical.ThrowableCollector.execute(ThrowableCollector.java:73)
	at org.junit.platform.engine.support.hierarchical.NodeTestTask.lambda$executeRecursively$8(NodeTestTask.java:141)
	at org.junit.platform.engine.support.hierarchical.Node.around(Node.java:137)
	at org.junit.platform.engine.support.hierarchical.NodeTestTask.lambda$executeRecursively$9(NodeTestTask.java:139)
	at org.junit.platform.engine.support.hierarchical.ThrowableCollector.execute(ThrowableCollector.java:73)
	at org.junit.platform.engine.support.hierarchical.NodeTestTask.executeRecursively(NodeTestTask.java:138)
	at org.junit.platform.engine.support.hierarchical.NodeTestTask.execute(NodeTestTask.java:95)
	at java.base/java.util.ArrayList.forEach(ArrayList.java:1596)
	at org.junit.platform.engine.support.hierarchical.SameThreadHierarchicalTestExecutorService.invokeAll(SameThreadHierarchicalTestExecutorService.java:41)
	at org.junit.platform.engine.support.hierarchical.NodeTestTask.lambda$executeRecursively$6(NodeTestTask.java:155)
	at org.junit.platform.engine.support.hierarchical.ThrowableCollector.execute(ThrowableCollector.java:73)
	at org.junit.platform.engine.support.hierarchical.NodeTestTask.lambda$executeRecursively$8(NodeTestTask.java:141)
	at org.junit.platform.engine.support.hierarchical.Node.around(Node.java:137)
	at org.junit.platform.engine.support.hierarchical.NodeTestTask.lambda$executeRecursively$9(NodeTestTask.java:139)
	at org.junit.platform.engine.support.hierarchical.ThrowableCollector.execute(ThrowableCollector.java:73)
	at org.junit.platform.engine.support.hierarchical.NodeTestTask.executeRecursively(NodeTestTask.java:138)
	at org.junit.platform.engine.support.hierarchical.NodeTestTask.execute(NodeTestTask.java:95)
	at org.junit.platform.engine.support.hierarchical.SameThreadHierarchicalTestExecutorService.submit(SameThreadHierarchicalTestExecutorService.java:35)
	at org.junit.platform.engine.support.hierarchical.HierarchicalTestExecutor.execute(HierarchicalTestExecutor.java:57)
	at org.junit.platform.engine.support.hierarchical.HierarchicalTestEngine.execute(HierarchicalTestEngine.java:54)
	at org.junit.platform.launcher.core.EngineExecutionOrchestrator.execute(EngineExecutionOrchestrator.java:198)
	at org.junit.platform.launcher.core.EngineExecutionOrchestrator.execute(EngineExecutionOrchestrator.java:169)
	at org.junit.platform.launcher.core.EngineExecutionOrchestrator.execute(EngineExecutionOrchestrator.java:93)
	at org.junit.platform.launcher.core.EngineExecutionOrchestrator.lambda$execute$0(EngineExecutionOrchestrator.java:58)
	at org.junit.platform.launcher.core.EngineExecutionOrchestrator.withInterceptedStreams(EngineExecutionOrchestrator.java:141)
	at org.junit.platform.launcher.core.EngineExecutionOrchestrator.execute(EngineExecutionOrchestrator.java:57)
	at org.junit.platform.launcher.core.DefaultLauncher.execute(DefaultLauncher.java:103)
	at org.junit.platform.launcher.core.DefaultLauncher.execute(DefaultLauncher.java:85)
	at org.junit.platform.launcher.core.DelegatingLauncher.execute(DelegatingLauncher.java:47)
	at org.junit.platform.launcher.core.SessionPerRequestLauncher.execute(SessionPerRequestLauncher.java:63)
	at com.intellij.junit5.JUnit5IdeaTestRunner.startRunnerWithArgs(JUnit5IdeaTestRunner.java:57)
	at com.intellij.rt.junit.IdeaTestRunner$Repeater$1.execute(IdeaTestRunner.java:38)
	at com.intellij.rt.execution.junit.TestsRepeater.repeat(TestsRepeater.java:11)
	at com.intellij.rt.junit.IdeaTestRunner$Repeater.startRunnerWithArgs(IdeaTestRunner.java:35)
	at com.intellij.rt.junit.JUnitStarter.prepareStreamsAndStart(JUnitStarter.java:232)
	at com.intellij.rt.junit.JUnitStarter.main(JUnitStarter.java:55)
2025-04-01 07:50:52 [main] INFO  l.insoft.uztis.tests.utils.TestUtils - Screenshot moved to C:\Users\ingrida.zadorozniene\Desktop\Asm\UZTIS\UZTIS_tests\test-output\screenshots\20250401\075052599_testFillNewVUIApplicationFA().png
2025-04-01 07:52:50 [main] INFO  lt.insoft.uztis.tests.UztisPageTest - Navigated to https://uztisdev.asseco.lt/home
2025-04-01 07:52:50 [main] INFO  l.i.u.t.SubmittedApplicationsPageTest - Starting test:'testFillNewVUIPApplicationFA'
2025-04-01 07:52:51 [main] DEBUG l.i.u.t.SubmittedApplicationsPageTest - User logged in with test credentials.
2025-04-01 07:52:51 [main] DEBUG l.i.u.t.SubmittedApplicationsPageTest - Opened 'Application Processing' menu.
2025-04-01 07:52:51 [main] DEBUG l.i.u.t.SubmittedApplicationsPageTest - Clicked on 'Application Forms' menu.
2025-04-01 07:52:52 [main] DEBUG l.i.u.t.SubmittedApplicationsPageTest - Retrieved last description code text: 'TST-VUI-75'.
2025-04-01 07:52:52 [main] DEBUG l.i.u.t.SubmittedApplicationsPageTest - Clicked on 'Invitation' menu.
2025-04-01 07:52:53 [main] DEBUG l.i.u.t.SubmittedApplicationsPageTest - Selected application section by code: 'TST-VUI-75'.
2025-04-01 07:52:53 [main] DEBUG l.i.u.t.SubmittedApplicationsPageTest - Clicked 'Search' button.
2025-04-01 07:52:53 [main] DEBUG l.i.u.t.SubmittedApplicationsPageTest - Retrieved invitation code: ''.
2025-04-01 07:52:54 [main] DEBUG l.i.u.t.SubmittedApplicationsPageTest - Clicked on 'Submitted Applications' menu.
2025-04-01 07:52:55 [main] DEBUG l.i.u.t.SubmittedApplicationsPageTest - Selected invitation by code: 'TST-VUI-75'.
2025-04-01 07:52:55 [main] DEBUG l.i.u.t.SubmittedApplicationsPageTest - Invitation code inserted.
2025-04-01 07:52:55 [main] DEBUG l.i.u.t.SubmittedApplicationsPageTest - Clicked on 'Action Application' button.
2025-04-01 07:52:56 [main] DEBUG l.i.u.t.SubmittedApplicationsPageTest - Clicked on 'New Application' button.
2025-04-01 07:52:56 [main] DEBUG l.i.u.t.SubmittedApplicationsPageTest - Selected the 'RadioButtonFA' option.
2025-04-01 07:52:56 [main] DEBUG l.i.u.t.SubmittedApplicationsPageTest - Entered phone number: '61298745'.
2025-04-01 07:52:56 [main] DEBUG l.i.u.t.SubmittedApplicationsPageTest - Entered email: 'test@autotest.com'.
2025-04-01 07:52:56 [main] INFO  l.i.u.p.SubmittedApplicationsPage - Clicking on the dropdown button.
2025-04-01 07:53:14 [main] INFO  l.i.u.p.SubmittedApplicationsPage - Found 1741 options in the dropdown.
2025-04-01 07:53:14 [main] DEBUG l.i.u.p.SubmittedApplicationsPage - Checking option: ''
2025-04-01 07:53:14 [main] DEBUG l.i.u.p.SubmittedApplicationsPage - Checking option: '01.11 - Grūdinių (išskyrus ryžius), ankštinių ir aliejingų sėklų augalų auginimas'
2025-04-01 07:53:14 [main] INFO  l.i.u.p.SubmittedApplicationsPage - Successfully selected the value: '01.11 - Grūdinių (išskyrus ryžius), ankštinių ir aliejingų sėklų augalų auginimas'
2025-04-01 07:53:14 [main] INFO  l.i.u.p.SubmittedApplicationsPage - Attempting to close the dropdown.
2025-04-01 07:53:14 [main] DEBUG l.i.u.t.SubmittedApplicationsPageTest - Selected EVRK value: '01.11 - Grūdinių (išskyrus ryžius), ankštinių ir aliejingų sėklų augalų auginimas'.
2025-04-01 07:53:15 [main] DEBUG l.i.u.t.SubmittedApplicationsPageTest - Clicked on 'Address Component' button.
2025-04-01 07:53:15 [main] INFO  l.i.u.p.SubmittedApplicationsPage - Located the dropdown button.
2025-04-01 07:53:18 [main] INFO  l.i.u.p.SubmittedApplicationsPage - Successfully selected the value: 'Lietuva'
2025-04-01 07:53:18 [main] DEBUG l.i.u.t.SubmittedApplicationsPageTest - Selected country: 'Lietuva'.
2025-04-01 07:53:18 [main] INFO  l.i.u.p.SubmittedApplicationsPage - Located the dropdown search field.
2025-04-01 07:53:18 [main] INFO  l.i.u.p.SubmittedApplicationsPage - Dropdown city is opened.
2025-04-01 07:53:18 [main] INFO  l.i.u.p.SubmittedApplicationsPage - Searched for value: 'Vilnius'
2025-04-01 07:53:19 [main] INFO  l.i.u.p.SubmittedApplicationsPage - Successfully selected: 'Vilnius'
2025-04-01 07:53:19 [main] INFO  l.i.u.p.SubmittedApplicationsPage - Located the dropdown button.
2025-04-01 07:53:20 [main] INFO  l.i.u.p.SubmittedApplicationsPage - Successfully selected the value: 'A. Domaševičiaus g.'
2025-04-01 07:53:20 [main] DEBUG l.i.u.t.SubmittedApplicationsPageTest - Selected street: 'A. Domaševičiaus g.'.
2025-04-01 07:53:20 [main] INFO  l.i.u.p.SubmittedApplicationsPage - Located the dropdown button.
2025-04-01 07:53:20 [main] INFO  l.i.u.p.SubmittedApplicationsPage - Successfully selected the value: '1'
2025-04-01 07:53:20 [main] DEBUG l.i.u.t.SubmittedApplicationsPageTest - Selected house: '1'.
2025-04-01 07:53:20 [main] INFO  l.i.u.p.SubmittedApplicationsPage - Located the dropdown button.
2025-04-01 07:53:20 [main] INFO  l.i.u.p.SubmittedApplicationsPage - Successfully selected the value: '1'
2025-04-01 07:53:20 [main] DEBUG l.i.u.t.SubmittedApplicationsPageTest - Selected apartment: '1'.
2025-04-01 07:53:20 [main] DEBUG l.i.u.t.SubmittedApplicationsPageTest - Clicked 'Confirm' button.
2025-04-01 07:53:21 [main] DEBUG l.i.u.t.SubmittedApplicationsPageTest - Entered project date.
2025-04-01 07:53:21 [main] DEBUG l.i.u.t.SubmittedApplicationsPageTest - Entered job count: '1'.
2025-04-01 07:53:21 [main] DEBUG l.i.u.t.SubmittedApplicationsPageTest - Clicked 'Next' button.
2025-04-01 07:53:21 [main] INFO  l.i.u.p.SubmittedApplicationsPage - Located the dropdown button.
2025-04-01 07:53:22 [main] INFO  l.i.u.p.SubmittedApplicationsPage - Successfully selected the value: 'Administratoriai'
2025-04-01 07:53:22 [main] DEBUG l.i.u.t.SubmittedApplicationsPageTest - Selected job name: 'Administratoriai'.
2025-04-01 07:53:22 [main] DEBUG l.i.u.t.SubmittedApplicationsPageTest - Entered job function: 'Funkcija 1'.
2025-04-01 07:53:22 [main] DEBUG l.i.u.t.SubmittedApplicationsPageTest - Selected 'RadioButtonWithDisabilities' option.
2025-04-01 07:53:22 [main] INFO  l.i.u.p.SubmittedApplicationsPage - Clicking on the dropdown button.
2025-04-01 07:53:23 [main] INFO  l.i.u.p.SubmittedApplicationsPage - Found 34 options in the dropdown.
2025-04-01 07:53:23 [main] DEBUG l.i.u.p.SubmittedApplicationsPage - Checking option: 'Asmenys, kuriems suteiktas pabėgėlio statusas ar perkeliamojo asmens statusas, arba asmenys, kuriems suteikta papildoma ar laikinoji apsauga, ir asmenys, turintys teisę gauti laikinąją apsaugą, iki sprendimo dėl laikinosios apsaugos suteikimo (nesuteikimo) priėmimo, tačiau ne ilgiau kaip laikinosios apsaugos laikotarpiu'
2025-04-01 07:53:23 [main] DEBUG l.i.u.p.SubmittedApplicationsPage - Checking option: 'Asmenys, kuriems suteiktas pabėgėlio statusas ar perkeliamojo asmens statusas, arba asmenys, kuriems suteikta papildoma ar laikinoji apsauga, ir asmenys, turintys teisę gauti laikinąją apsaugą, iki sprendimo dėl laikinosios apsaugos suteikimo (nesuteikimo) priėmimo, tačiau ne ilgiau kaip laikinosios apsaugos laikotarpiu'
2025-04-01 07:53:23 [main] DEBUG l.i.u.p.SubmittedApplicationsPage - Checking option: 'Asmenys, turintys teisę į papildomas užimtumo garantijas pagal Lietuvos Respublikos valstybės įmonės Ignalinos atominės elektrinės darbuotojų papildomų užimtumo ir socialinių garantijų įstatymą'
2025-04-01 07:53:23 [main] DEBUG l.i.u.p.SubmittedApplicationsPage - Checking option: 'Asmenys, turintys teisę į papildomas užimtumo garantijas pagal Lietuvos Respublikos valstybės įmonės Ignalinos atominės elektrinės darbuotojų papildomų užimtumo ir socialinių garantijų įstatymą'
2025-04-01 07:53:23 [main] DEBUG l.i.u.p.SubmittedApplicationsPage - Checking option: 'Bedarbiai iki 29 metų'
2025-04-01 07:53:23 [main] DEBUG l.i.u.p.SubmittedApplicationsPage - Checking option: 'Bedarbiai iki 29 metų'
2025-04-01 07:53:23 [main] DEBUG l.i.u.p.SubmittedApplicationsPage - Checking option: 'Bedarbiai, kurie yra darbingo amžiaus neįgalieji, kuriems nustatytas 30–40 procentų darbingumo lygis arba vidutinis neįgalumo lygis'
2025-04-01 07:53:23 [main] DEBUG l.i.u.p.SubmittedApplicationsPage - Checking option: 'Bedarbiai, kurie yra darbingo amžiaus neįgalieji, kuriems nustatytas 30–40 procentų darbingumo lygis arba vidutinis neįgalumo lygis'
2025-04-01 07:53:23 [main] DEBUG l.i.u.p.SubmittedApplicationsPage - Checking option: 'Bedarbiai, kurie yra darbingo amžiaus neįgalieji, kuriems nustatytas 45–55 procentų darbingumo lygis arba lengvas neįgalumo lygis'
2025-04-01 07:53:23 [main] DEBUG l.i.u.p.SubmittedApplicationsPage - Checking option: 'Bedarbiai, kurie yra darbingo amžiaus neįgalieji, kuriems nustatytas 45–55 procentų darbingumo lygis arba lengvas neįgalumo lygis'
2025-04-01 07:53:23 [main] DEBUG l.i.u.p.SubmittedApplicationsPage - Checking option: 'Bedarbiai, kurie yra darbingo amžiaus neįgalieji, kuriems nustatytas iki 25 procentų darbingumo lygis arba sunkus neįgalumo lygis'
2025-04-01 07:53:23 [main] INFO  l.i.u.p.SubmittedApplicationsPage - Successfully selected the value: 'Bedarbiai, kurie yra darbingo amžiaus neįgalieji, kuriems nustatytas iki 25 procentų darbingumo lygis arba sunkus neįgalumo lygis'
2025-04-01 07:53:23 [main] INFO  l.i.u.p.SubmittedApplicationsPage - Attempting to close the dropdown.
2025-04-01 07:53:24 [main] DEBUG l.i.u.t.SubmittedApplicationsPageTest - Selected disabilities type: 'Bedarbiai, kurie yra darbingo amžiaus neįgalieji, kuriems nustatytas iki 25 procentų darbingumo lygis arba sunkus neįgalumo lygis'.
2025-04-01 07:53:24 [main] DEBUG l.i.u.t.SubmittedApplicationsPageTest - Entered disability information: 'Negalia 1'.
2025-04-01 07:53:24 [main] INFO  l.i.u.p.SubmittedApplicationsPage - Located the dropdown button.
2025-04-01 07:53:25 [main] INFO  l.i.u.p.SubmittedApplicationsPage - Successfully selected the value: 'Kita'
2025-04-01 07:53:25 [main] DEBUG l.i.u.t.SubmittedApplicationsPageTest - Selected time mode: 'Kita'.
2025-04-01 07:53:25 [main] DEBUG l.i.u.t.SubmittedApplicationsPageTest - Selected time mode other: '6 val. per dieną ir 4 d. per savaitę'.
2025-04-01 07:53:25 [main] DEBUG l.i.u.t.SubmittedApplicationsPageTest - Entered qualification: 'Kvalifikacija 1'.
2025-04-01 07:53:26 [main] DEBUG l.i.u.t.SubmittedApplicationsPageTest - Entered job date.
2025-04-01 07:53:26 [main] DEBUG l.i.u.t.SubmittedApplicationsPageTest - Entered salary amount: '1200'.
2025-04-01 07:53:26 [main] DEBUG l.i.u.t.SubmittedApplicationsPageTest - Entered salary description: 'Užmokestis 1'.
2025-04-01 07:53:26 [main] DEBUG l.i.u.t.SubmittedApplicationsPageTest - Selected 'Temporary Job' radio button.
2025-04-01 07:53:27 [main] DEBUG l.i.u.t.SubmittedApplicationsPageTest - Selected 'Season Job' radio button.
2025-04-01 07:53:27 [main] DEBUG l.i.u.t.SubmittedApplicationsPageTest - Selected 'Energy' radio button.
2025-04-01 07:53:27 [main] DEBUG l.i.u.t.SubmittedApplicationsPageTest - Selected 'Repair' radio button.
2025-04-01 07:53:27 [main] DEBUG l.i.u.t.SubmittedApplicationsPageTest - Entered job description: 'Veikla 1'.
2025-04-01 07:53:28 [main] DEBUG l.i.u.t.SubmittedApplicationsPageTest - Entered process description: 'Procesas 1'.
2025-04-01 07:53:28 [main] DEBUG l.i.u.t.SubmittedApplicationsPageTest - Entered energy information: 'Energija 1'.
2025-04-01 07:53:28 [main] DEBUG l.i.u.t.SubmittedApplicationsPageTest - Entered repair information: 'Remontas 1'.
2025-04-01 07:53:28 [main] DEBUG l.i.u.t.SubmittedApplicationsPageTest - Selected 'PVM' radio button.
2025-04-01 07:53:28 [main] INFO  l.i.u.p.SubmittedApplicationsPage - Located the dropdown button.
2025-04-01 07:53:29 [main] INFO  l.i.u.p.SubmittedApplicationsPage - Successfully selected the value: 'Įsigyti'
2025-04-01 07:53:29 [main] DEBUG l.i.u.t.SubmittedApplicationsPageTest - Selected necessary for job: 'Įsigyti'.
2025-04-01 07:53:29 [main] DEBUG l.i.u.t.SubmittedApplicationsPageTest - Selected tool: 'Darbo priemonė 1'.
2025-04-01 07:53:29 [main] DEBUG l.i.u.t.SubmittedApplicationsPageTest - Selected tool parameter one: 'Darbo priemonės 1 parametras 1'.
2025-04-01 07:53:29 [main] DEBUG l.i.u.t.SubmittedApplicationsPageTest - Selected tool parameter two: 'Darbo priemonės 1 parametras 2'.
2025-04-01 07:53:30 [main] DEBUG l.i.u.t.SubmittedApplicationsPageTest - Selected tool parameter three: 'Darbo priemonės 1 parametras 3'.
2025-04-01 07:53:30 [main] DEBUG l.i.u.t.SubmittedApplicationsPageTest - Entered tool count: '1'.
2025-04-01 07:53:30 [main] DEBUG l.i.u.t.SubmittedApplicationsPageTest - Entered price amount 1: '1000'.
2025-04-01 07:53:32 [main] DEBUG l.i.u.t.SubmittedApplicationsPageTest - Entered own funds amount 1: '800'.
2025-04-01 07:53:35 [main] DEBUG l.i.u.t.SubmittedApplicationsPageTest - Clicked 'Add' button.
2025-04-01 07:53:35 [main] INFO  l.i.u.p.SubmittedApplicationsPage - Located the dropdown button.
2025-04-01 07:53:35 [main] INFO  l.i.u.p.SubmittedApplicationsPage - Successfully selected the value: 'Remontuoti'
2025-04-01 07:53:35 [main] DEBUG l.i.u.t.SubmittedApplicationsPageTest - Selected necessary for job 'to repair': 'Remontuoti'.
2025-04-01 07:53:35 [main] DEBUG l.i.u.t.SubmittedApplicationsPageTest - Selected repair name: 'Remonto pavadinimas 1'.
2025-04-01 07:53:36 [main] DEBUG l.i.u.t.SubmittedApplicationsPageTest - Entered repair information: 'Remonto aprašymas 1'.
2025-04-01 07:53:38 [main] DEBUG l.i.u.t.SubmittedApplicationsPageTest - Clicked 'Add' button.
2025-04-01 07:53:40 [main] DEBUG l.i.u.t.SubmittedApplicationsPageTest - Clicked 'Remove' button.
2025-04-01 07:53:43 [main] ERROR l.i.u.t.SubmittedApplicationsPageTest - Test 'testFillNewVUIApplicationFA' failed with error: element click intercepted: Element <button type="button" class="i-forms-repeater-button i-forms-repeater-button-remove">...</button> is not clickable at point (494, 803). Other element would receive the click: <div class="cdk-overlay-backdrop cdk-overlay-dark-backdrop cdk-overlay-backdrop-showing"></div>
  (Session info: chrome=134.0.6998.178)
Build info: version: '4.27.0', revision: 'd6e718d134'
System info: os.name: 'Windows 11', os.arch: 'amd64', os.version: '10.0', java.version: '21.0.3'
Driver info: org.openqa.selenium.chrome.ChromeDriver
Command: [735ae0aedfc1c83a3317155db4bdaf57, clickElement {id=f.7633DC106CAF2EF35C7CA19B38A8F484.d.7BBF5DAE0C1DD3C6CB493D59BB6532A0.e.2760}]
Capabilities {acceptInsecureCerts: false, browserName: chrome, browserVersion: 134.0.6998.178, chrome: {chromedriverVersion: 134.0.6998.165 (fd886e2cb29..., userDataDir: C:\Users\INGRID~1.ZAD\AppDa...}, fedcm:accounts: true, goog:chromeOptions: {debuggerAddress: localhost:49868}, networkConnectionEnabled: false, pageLoadStrategy: normal, platformName: windows, proxy: Proxy(), se:cdp: ws://localhost:49868/devtoo..., se:cdpVersion: 134.0.6998.178, setWindowRect: true, strictFileInteractability: false, timeouts: {implicit: 0, pageLoad: 300000, script: 30000}, unhandledPromptBehavior: dismiss and notify, webauthn:extension:credBlob: true, webauthn:extension:largeBlob: true, webauthn:extension:minPinLength: true, webauthn:extension:prf: true, webauthn:virtualAuthenticators: true}
Element: [[ChromeDriver: chrome on windows (735ae0aedfc1c83a3317155db4bdaf57)] -> xpath: //button[contains(@class, 'i-forms-repeater-button-remove')]]
Session ID: 735ae0aedfc1c83a3317155db4bdaf57
org.openqa.selenium.ElementClickInterceptedException: element click intercepted: Element <button type="button" class="i-forms-repeater-button i-forms-repeater-button-remove">...</button> is not clickable at point (494, 803). Other element would receive the click: <div class="cdk-overlay-backdrop cdk-overlay-dark-backdrop cdk-overlay-backdrop-showing"></div>
  (Session info: chrome=134.0.6998.178)
Build info: version: '4.27.0', revision: 'd6e718d134'
System info: os.name: 'Windows 11', os.arch: 'amd64', os.version: '10.0', java.version: '21.0.3'
Driver info: org.openqa.selenium.chrome.ChromeDriver
Command: [735ae0aedfc1c83a3317155db4bdaf57, clickElement {id=f.7633DC106CAF2EF35C7CA19B38A8F484.d.7BBF5DAE0C1DD3C6CB493D59BB6532A0.e.2760}]
Capabilities {acceptInsecureCerts: false, browserName: chrome, browserVersion: 134.0.6998.178, chrome: {chromedriverVersion: 134.0.6998.165 (fd886e2cb29..., userDataDir: C:\Users\INGRID~1.ZAD\AppDa...}, fedcm:accounts: true, goog:chromeOptions: {debuggerAddress: localhost:49868}, networkConnectionEnabled: false, pageLoadStrategy: normal, platformName: windows, proxy: Proxy(), se:cdp: ws://localhost:49868/devtoo..., se:cdpVersion: 134.0.6998.178, setWindowRect: true, strictFileInteractability: false, timeouts: {implicit: 0, pageLoad: 300000, script: 30000}, unhandledPromptBehavior: dismiss and notify, webauthn:extension:credBlob: true, webauthn:extension:largeBlob: true, webauthn:extension:minPinLength: true, webauthn:extension:prf: true, webauthn:virtualAuthenticators: true}
Element: [[ChromeDriver: chrome on windows (735ae0aedfc1c83a3317155db4bdaf57)] -> xpath: //button[contains(@class, 'i-forms-repeater-button-remove')]]
Session ID: 735ae0aedfc1c83a3317155db4bdaf57
	at java.base/jdk.internal.reflect.DirectConstructorHandleAccessor.newInstance(DirectConstructorHandleAccessor.java:62)
	at java.base/java.lang.reflect.Constructor.newInstanceWithCaller(Constructor.java:502)
	at java.base/java.lang.reflect.Constructor.newInstance(Constructor.java:486)
	at org.openqa.selenium.remote.ErrorCodec.decode(ErrorCodec.java:167)
	at org.openqa.selenium.remote.codec.w3c.W3CHttpResponseCodec.decode(W3CHttpResponseCodec.java:138)
	at org.openqa.selenium.remote.codec.w3c.W3CHttpResponseCodec.decode(W3CHttpResponseCodec.java:50)
	at org.openqa.selenium.remote.HttpCommandExecutor.execute(HttpCommandExecutor.java:190)
	at org.openqa.selenium.remote.service.DriverCommandExecutor.invokeExecute(DriverCommandExecutor.java:216)
	at org.openqa.selenium.remote.service.DriverCommandExecutor.execute(DriverCommandExecutor.java:174)
	at org.openqa.selenium.remote.RemoteWebDriver.execute(RemoteWebDriver.java:545)
	at org.openqa.selenium.remote.RemoteWebElement.execute(RemoteWebElement.java:223)
	at org.openqa.selenium.remote.RemoteWebElement.click(RemoteWebElement.java:76)
	at java.base/jdk.internal.reflect.DirectMethodHandleAccessor.invoke(DirectMethodHandleAccessor.java:103)
	at java.base/java.lang.reflect.Method.invoke(Method.java:580)
	at org.openqa.selenium.support.pagefactory.internal.LocatingElementHandler.invoke(LocatingElementHandler.java:51)
	at jdk.proxy2/jdk.proxy2.$Proxy14.click(Unknown Source)
	at lt.insoft.uztis.pages.SubmittedApplicationsPage.clickButtonRemoveConfirmation(SubmittedApplicationsPage.java:1614)
	at lt.insoft.uztis.tests.SubmittedApplicationsPageTest.testFillNewVUIApplicationFA(SubmittedApplicationsPageTest.java:346)
	at java.base/jdk.internal.reflect.DirectMethodHandleAccessor.invoke(DirectMethodHandleAccessor.java:103)
	at java.base/java.lang.reflect.Method.invoke(Method.java:580)
	at org.junit.platform.commons.util.ReflectionUtils.invokeMethod(ReflectionUtils.java:728)
	at org.junit.jupiter.engine.execution.MethodInvocation.proceed(MethodInvocation.java:60)
	at org.junit.jupiter.engine.execution.InvocationInterceptorChain$ValidatingInvocation.proceed(InvocationInterceptorChain.java:131)
	at org.junit.jupiter.engine.extension.TimeoutExtension.intercept(TimeoutExtension.java:156)
	at org.junit.jupiter.engine.extension.TimeoutExtension.interceptTestableMethod(TimeoutExtension.java:147)
	at org.junit.jupiter.engine.extension.TimeoutExtension.interceptTestMethod(TimeoutExtension.java:86)
	at org.junit.jupiter.engine.execution.InterceptingExecutableInvoker$ReflectiveInterceptorCall.lambda$ofVoidMethod$0(InterceptingExecutableInvoker.java:103)
	at org.junit.jupiter.engine.execution.InterceptingExecutableInvoker.lambda$invoke$0(InterceptingExecutableInvoker.java:93)
	at org.junit.jupiter.engine.execution.InvocationInterceptorChain$InterceptedInvocation.proceed(InvocationInterceptorChain.java:106)
	at org.junit.jupiter.engine.execution.InvocationInterceptorChain.proceed(InvocationInterceptorChain.java:64)
	at org.junit.jupiter.engine.execution.InvocationInterceptorChain.chainAndInvoke(InvocationInterceptorChain.java:45)
	at org.junit.jupiter.engine.execution.InvocationInterceptorChain.invoke(InvocationInterceptorChain.java:37)
	at org.junit.jupiter.engine.execution.InterceptingExecutableInvoker.invoke(InterceptingExecutableInvoker.java:92)
	at org.junit.jupiter.engine.execution.InterceptingExecutableInvoker.invoke(InterceptingExecutableInvoker.java:86)
	at org.junit.jupiter.engine.descriptor.TestMethodTestDescriptor.lambda$invokeTestMethod$7(TestMethodTestDescriptor.java:218)
	at org.junit.platform.engine.support.hierarchical.ThrowableCollector.execute(ThrowableCollector.java:73)
	at org.junit.jupiter.engine.descriptor.TestMethodTestDescriptor.invokeTestMethod(TestMethodTestDescriptor.java:214)
	at org.junit.jupiter.engine.descriptor.TestMethodTestDescriptor.execute(TestMethodTestDescriptor.java:139)
	at org.junit.jupiter.engine.descriptor.TestMethodTestDescriptor.execute(TestMethodTestDescriptor.java:69)
	at org.junit.platform.engine.support.hierarchical.NodeTestTask.lambda$executeRecursively$6(NodeTestTask.java:151)
	at org.junit.platform.engine.support.hierarchical.ThrowableCollector.execute(ThrowableCollector.java:73)
	at org.junit.platform.engine.support.hierarchical.NodeTestTask.lambda$executeRecursively$8(NodeTestTask.java:141)
	at org.junit.platform.engine.support.hierarchical.Node.around(Node.java:137)
	at org.junit.platform.engine.support.hierarchical.NodeTestTask.lambda$executeRecursively$9(NodeTestTask.java:139)
	at org.junit.platform.engine.support.hierarchical.ThrowableCollector.execute(ThrowableCollector.java:73)
	at org.junit.platform.engine.support.hierarchical.NodeTestTask.executeRecursively(NodeTestTask.java:138)
	at org.junit.platform.engine.support.hierarchical.NodeTestTask.execute(NodeTestTask.java:95)
	at java.base/java.util.ArrayList.forEach(ArrayList.java:1596)
	at org.junit.platform.engine.support.hierarchical.SameThreadHierarchicalTestExecutorService.invokeAll(SameThreadHierarchicalTestExecutorService.java:41)
	at org.junit.platform.engine.support.hierarchical.NodeTestTask.lambda$executeRecursively$6(NodeTestTask.java:155)
	at org.junit.platform.engine.support.hierarchical.ThrowableCollector.execute(ThrowableCollector.java:73)
	at org.junit.platform.engine.support.hierarchical.NodeTestTask.lambda$executeRecursively$8(NodeTestTask.java:141)
	at org.junit.platform.engine.support.hierarchical.Node.around(Node.java:137)
	at org.junit.platform.engine.support.hierarchical.NodeTestTask.lambda$executeRecursively$9(NodeTestTask.java:139)
	at org.junit.platform.engine.support.hierarchical.ThrowableCollector.execute(ThrowableCollector.java:73)
	at org.junit.platform.engine.support.hierarchical.NodeTestTask.executeRecursively(NodeTestTask.java:138)
	at org.junit.platform.engine.support.hierarchical.NodeTestTask.execute(NodeTestTask.java:95)
	at java.base/java.util.ArrayList.forEach(ArrayList.java:1596)
	at org.junit.platform.engine.support.hierarchical.SameThreadHierarchicalTestExecutorService.invokeAll(SameThreadHierarchicalTestExecutorService.java:41)
	at org.junit.platform.engine.support.hierarchical.NodeTestTask.lambda$executeRecursively$6(NodeTestTask.java:155)
	at org.junit.platform.engine.support.hierarchical.ThrowableCollector.execute(ThrowableCollector.java:73)
	at org.junit.platform.engine.support.hierarchical.NodeTestTask.lambda$executeRecursively$8(NodeTestTask.java:141)
	at org.junit.platform.engine.support.hierarchical.Node.around(Node.java:137)
	at org.junit.platform.engine.support.hierarchical.NodeTestTask.lambda$executeRecursively$9(NodeTestTask.java:139)
	at org.junit.platform.engine.support.hierarchical.ThrowableCollector.execute(ThrowableCollector.java:73)
	at org.junit.platform.engine.support.hierarchical.NodeTestTask.executeRecursively(NodeTestTask.java:138)
	at org.junit.platform.engine.support.hierarchical.NodeTestTask.execute(NodeTestTask.java:95)
	at org.junit.platform.engine.support.hierarchical.SameThreadHierarchicalTestExecutorService.submit(SameThreadHierarchicalTestExecutorService.java:35)
	at org.junit.platform.engine.support.hierarchical.HierarchicalTestExecutor.execute(HierarchicalTestExecutor.java:57)
	at org.junit.platform.engine.support.hierarchical.HierarchicalTestEngine.execute(HierarchicalTestEngine.java:54)
	at org.junit.platform.launcher.core.EngineExecutionOrchestrator.execute(EngineExecutionOrchestrator.java:198)
	at org.junit.platform.launcher.core.EngineExecutionOrchestrator.execute(EngineExecutionOrchestrator.java:169)
	at org.junit.platform.launcher.core.EngineExecutionOrchestrator.execute(EngineExecutionOrchestrator.java:93)
	at org.junit.platform.launcher.core.EngineExecutionOrchestrator.lambda$execute$0(EngineExecutionOrchestrator.java:58)
	at org.junit.platform.launcher.core.EngineExecutionOrchestrator.withInterceptedStreams(EngineExecutionOrchestrator.java:141)
	at org.junit.platform.launcher.core.EngineExecutionOrchestrator.execute(EngineExecutionOrchestrator.java:57)
	at org.junit.platform.launcher.core.DefaultLauncher.execute(DefaultLauncher.java:103)
	at org.junit.platform.launcher.core.DefaultLauncher.execute(DefaultLauncher.java:85)
	at org.junit.platform.launcher.core.DelegatingLauncher.execute(DelegatingLauncher.java:47)
	at org.junit.platform.launcher.core.SessionPerRequestLauncher.execute(SessionPerRequestLauncher.java:63)
	at com.intellij.junit5.JUnit5IdeaTestRunner.startRunnerWithArgs(JUnit5IdeaTestRunner.java:57)
	at com.intellij.rt.junit.IdeaTestRunner$Repeater$1.execute(IdeaTestRunner.java:38)
	at com.intellij.rt.execution.junit.TestsRepeater.repeat(TestsRepeater.java:11)
	at com.intellij.rt.junit.IdeaTestRunner$Repeater.startRunnerWithArgs(IdeaTestRunner.java:35)
	at com.intellij.rt.junit.JUnitStarter.prepareStreamsAndStart(JUnitStarter.java:232)
	at com.intellij.rt.junit.JUnitStarter.main(JUnitStarter.java:55)
2025-04-01 07:53:43 [main] INFO  l.insoft.uztis.tests.utils.TestUtils - Screenshot moved to C:\Users\ingrida.zadorozniene\Desktop\Asm\UZTIS\UZTIS_tests\test-output\screenshots\20250401\075343647_testFillNewVUIApplicationFA().png
2025-04-01 07:55:05 [main] INFO  lt.insoft.uztis.tests.UztisPageTest - Navigated to https://uztisdev.asseco.lt/home
2025-04-01 07:55:05 [main] INFO  l.i.u.t.SubmittedApplicationsPageTest - Starting test:'testFillNewVUIPApplicationFA'
2025-04-01 07:55:05 [main] DEBUG l.i.u.t.SubmittedApplicationsPageTest - User logged in with test credentials.
2025-04-01 07:55:06 [main] DEBUG l.i.u.t.SubmittedApplicationsPageTest - Opened 'Application Processing' menu.
2025-04-01 07:55:06 [main] DEBUG l.i.u.t.SubmittedApplicationsPageTest - Clicked on 'Application Forms' menu.
2025-04-01 07:55:06 [main] DEBUG l.i.u.t.SubmittedApplicationsPageTest - Retrieved last description code text: 'TST-VUI-75'.
2025-04-01 07:55:06 [main] DEBUG l.i.u.t.SubmittedApplicationsPageTest - Clicked on 'Invitation' menu.
2025-04-01 07:55:08 [main] DEBUG l.i.u.t.SubmittedApplicationsPageTest - Selected application section by code: 'TST-VUI-75'.
2025-04-01 07:55:08 [main] DEBUG l.i.u.t.SubmittedApplicationsPageTest - Clicked 'Search' button.
2025-04-01 07:55:08 [main] DEBUG l.i.u.t.SubmittedApplicationsPageTest - Retrieved invitation code: ''.
2025-04-01 07:55:08 [main] DEBUG l.i.u.t.SubmittedApplicationsPageTest - Clicked on 'Submitted Applications' menu.
2025-04-01 07:55:09 [main] DEBUG l.i.u.t.SubmittedApplicationsPageTest - Selected invitation by code: 'TST-VUI-75'.
2025-04-01 07:55:09 [main] DEBUG l.i.u.t.SubmittedApplicationsPageTest - Invitation code inserted.
2025-04-01 07:55:10 [main] DEBUG l.i.u.t.SubmittedApplicationsPageTest - Clicked on 'Action Application' button.
2025-04-01 07:55:10 [main] DEBUG l.i.u.t.SubmittedApplicationsPageTest - Clicked on 'New Application' button.
2025-04-01 07:55:10 [main] DEBUG l.i.u.t.SubmittedApplicationsPageTest - Selected the 'RadioButtonFA' option.
2025-04-01 07:55:10 [main] DEBUG l.i.u.t.SubmittedApplicationsPageTest - Entered phone number: '61298745'.
2025-04-01 07:55:11 [main] DEBUG l.i.u.t.SubmittedApplicationsPageTest - Entered email: 'test@autotest.com'.
2025-04-01 07:55:11 [main] INFO  l.i.u.p.SubmittedApplicationsPage - Clicking on the dropdown button.
2025-04-01 07:55:28 [main] INFO  l.i.u.p.SubmittedApplicationsPage - Found 1741 options in the dropdown.
2025-04-01 07:55:28 [main] DEBUG l.i.u.p.SubmittedApplicationsPage - Checking option: ''
2025-04-01 07:55:28 [main] DEBUG l.i.u.p.SubmittedApplicationsPage - Checking option: '01.11 - Grūdinių (išskyrus ryžius), ankštinių ir aliejingų sėklų augalų auginimas'
2025-04-01 07:55:28 [main] INFO  l.i.u.p.SubmittedApplicationsPage - Successfully selected the value: '01.11 - Grūdinių (išskyrus ryžius), ankštinių ir aliejingų sėklų augalų auginimas'
2025-04-01 07:55:28 [main] INFO  l.i.u.p.SubmittedApplicationsPage - Attempting to close the dropdown.
2025-04-01 07:55:29 [main] DEBUG l.i.u.t.SubmittedApplicationsPageTest - Selected EVRK value: '01.11 - Grūdinių (išskyrus ryžius), ankštinių ir aliejingų sėklų augalų auginimas'.
2025-04-01 07:55:29 [main] DEBUG l.i.u.t.SubmittedApplicationsPageTest - Clicked on 'Address Component' button.
2025-04-01 07:55:29 [main] INFO  l.i.u.p.SubmittedApplicationsPage - Located the dropdown button.
2025-04-01 07:55:33 [main] INFO  l.i.u.p.SubmittedApplicationsPage - Successfully selected the value: 'Lietuva'
2025-04-01 07:55:33 [main] DEBUG l.i.u.t.SubmittedApplicationsPageTest - Selected country: 'Lietuva'.
2025-04-01 07:55:33 [main] INFO  l.i.u.p.SubmittedApplicationsPage - Located the dropdown search field.
2025-04-01 07:55:33 [main] INFO  l.i.u.p.SubmittedApplicationsPage - Dropdown city is opened.
2025-04-01 07:55:33 [main] INFO  l.i.u.p.SubmittedApplicationsPage - Searched for value: 'Vilnius'
2025-04-01 07:55:34 [main] INFO  l.i.u.p.SubmittedApplicationsPage - Successfully selected: 'Vilnius'
2025-04-01 07:55:34 [main] INFO  l.i.u.p.SubmittedApplicationsPage - Located the dropdown button.
2025-04-01 07:55:34 [main] INFO  l.i.u.p.SubmittedApplicationsPage - Successfully selected the value: 'A. Domaševičiaus g.'
2025-04-01 07:55:34 [main] DEBUG l.i.u.t.SubmittedApplicationsPageTest - Selected street: 'A. Domaševičiaus g.'.
2025-04-01 07:55:34 [main] INFO  l.i.u.p.SubmittedApplicationsPage - Located the dropdown button.
2025-04-01 07:55:35 [main] INFO  l.i.u.p.SubmittedApplicationsPage - Successfully selected the value: '1'
2025-04-01 07:55:35 [main] DEBUG l.i.u.t.SubmittedApplicationsPageTest - Selected house: '1'.
2025-04-01 07:55:35 [main] INFO  l.i.u.p.SubmittedApplicationsPage - Located the dropdown button.
2025-04-01 07:55:35 [main] INFO  l.i.u.p.SubmittedApplicationsPage - Successfully selected the value: '1'
2025-04-01 07:55:35 [main] DEBUG l.i.u.t.SubmittedApplicationsPageTest - Selected apartment: '1'.
2025-04-01 07:55:35 [main] DEBUG l.i.u.t.SubmittedApplicationsPageTest - Clicked 'Confirm' button.
2025-04-01 07:55:35 [main] DEBUG l.i.u.t.SubmittedApplicationsPageTest - Entered project date.
2025-04-01 07:55:35 [main] DEBUG l.i.u.t.SubmittedApplicationsPageTest - Entered job count: '1'.
2025-04-01 07:55:36 [main] DEBUG l.i.u.t.SubmittedApplicationsPageTest - Clicked 'Next' button.
2025-04-01 07:55:36 [main] INFO  l.i.u.p.SubmittedApplicationsPage - Located the dropdown button.
2025-04-01 07:55:37 [main] INFO  l.i.u.p.SubmittedApplicationsPage - Successfully selected the value: 'Administratoriai'
2025-04-01 07:55:37 [main] DEBUG l.i.u.t.SubmittedApplicationsPageTest - Selected job name: 'Administratoriai'.
2025-04-01 07:55:37 [main] DEBUG l.i.u.t.SubmittedApplicationsPageTest - Entered job function: 'Funkcija 1'.
2025-04-01 07:55:37 [main] DEBUG l.i.u.t.SubmittedApplicationsPageTest - Selected 'RadioButtonWithDisabilities' option.
2025-04-01 07:55:37 [main] INFO  l.i.u.p.SubmittedApplicationsPage - Clicking on the dropdown button.
2025-04-01 07:55:38 [main] INFO  l.i.u.p.SubmittedApplicationsPage - Found 34 options in the dropdown.
2025-04-01 07:55:38 [main] DEBUG l.i.u.p.SubmittedApplicationsPage - Checking option: 'Asmenys, kuriems suteiktas pabėgėlio statusas ar perkeliamojo asmens statusas, arba asmenys, kuriems suteikta papildoma ar laikinoji apsauga, ir asmenys, turintys teisę gauti laikinąją apsaugą, iki sprendimo dėl laikinosios apsaugos suteikimo (nesuteikimo) priėmimo, tačiau ne ilgiau kaip laikinosios apsaugos laikotarpiu'
2025-04-01 07:55:38 [main] DEBUG l.i.u.p.SubmittedApplicationsPage - Checking option: 'Asmenys, kuriems suteiktas pabėgėlio statusas ar perkeliamojo asmens statusas, arba asmenys, kuriems suteikta papildoma ar laikinoji apsauga, ir asmenys, turintys teisę gauti laikinąją apsaugą, iki sprendimo dėl laikinosios apsaugos suteikimo (nesuteikimo) priėmimo, tačiau ne ilgiau kaip laikinosios apsaugos laikotarpiu'
2025-04-01 07:55:38 [main] DEBUG l.i.u.p.SubmittedApplicationsPage - Checking option: 'Asmenys, turintys teisę į papildomas užimtumo garantijas pagal Lietuvos Respublikos valstybės įmonės Ignalinos atominės elektrinės darbuotojų papildomų užimtumo ir socialinių garantijų įstatymą'
2025-04-01 07:55:38 [main] DEBUG l.i.u.p.SubmittedApplicationsPage - Checking option: 'Asmenys, turintys teisę į papildomas užimtumo garantijas pagal Lietuvos Respublikos valstybės įmonės Ignalinos atominės elektrinės darbuotojų papildomų užimtumo ir socialinių garantijų įstatymą'
2025-04-01 07:55:38 [main] DEBUG l.i.u.p.SubmittedApplicationsPage - Checking option: 'Bedarbiai iki 29 metų'
2025-04-01 07:55:38 [main] DEBUG l.i.u.p.SubmittedApplicationsPage - Checking option: 'Bedarbiai iki 29 metų'
2025-04-01 07:55:38 [main] DEBUG l.i.u.p.SubmittedApplicationsPage - Checking option: 'Bedarbiai, kurie yra darbingo amžiaus neįgalieji, kuriems nustatytas 30–40 procentų darbingumo lygis arba vidutinis neįgalumo lygis'
2025-04-01 07:55:38 [main] DEBUG l.i.u.p.SubmittedApplicationsPage - Checking option: 'Bedarbiai, kurie yra darbingo amžiaus neįgalieji, kuriems nustatytas 30–40 procentų darbingumo lygis arba vidutinis neįgalumo lygis'
2025-04-01 07:55:38 [main] DEBUG l.i.u.p.SubmittedApplicationsPage - Checking option: 'Bedarbiai, kurie yra darbingo amžiaus neįgalieji, kuriems nustatytas 45–55 procentų darbingumo lygis arba lengvas neįgalumo lygis'
2025-04-01 07:55:38 [main] DEBUG l.i.u.p.SubmittedApplicationsPage - Checking option: 'Bedarbiai, kurie yra darbingo amžiaus neįgalieji, kuriems nustatytas 45–55 procentų darbingumo lygis arba lengvas neįgalumo lygis'
2025-04-01 07:55:38 [main] DEBUG l.i.u.p.SubmittedApplicationsPage - Checking option: 'Bedarbiai, kurie yra darbingo amžiaus neįgalieji, kuriems nustatytas iki 25 procentų darbingumo lygis arba sunkus neįgalumo lygis'
2025-04-01 07:55:38 [main] INFO  l.i.u.p.SubmittedApplicationsPage - Successfully selected the value: 'Bedarbiai, kurie yra darbingo amžiaus neįgalieji, kuriems nustatytas iki 25 procentų darbingumo lygis arba sunkus neįgalumo lygis'
2025-04-01 07:55:38 [main] INFO  l.i.u.p.SubmittedApplicationsPage - Attempting to close the dropdown.
2025-04-01 07:55:39 [main] DEBUG l.i.u.t.SubmittedApplicationsPageTest - Selected disabilities type: 'Bedarbiai, kurie yra darbingo amžiaus neįgalieji, kuriems nustatytas iki 25 procentų darbingumo lygis arba sunkus neįgalumo lygis'.
2025-04-01 07:55:39 [main] DEBUG l.i.u.t.SubmittedApplicationsPageTest - Entered disability information: 'Negalia 1'.
2025-04-01 07:55:39 [main] INFO  l.i.u.p.SubmittedApplicationsPage - Located the dropdown button.
2025-04-01 07:55:39 [main] INFO  l.i.u.p.SubmittedApplicationsPage - Successfully selected the value: 'Kita'
2025-04-01 07:55:39 [main] DEBUG l.i.u.t.SubmittedApplicationsPageTest - Selected time mode: 'Kita'.
2025-04-01 07:55:40 [main] DEBUG l.i.u.t.SubmittedApplicationsPageTest - Selected time mode other: '6 val. per dieną ir 4 d. per savaitę'.
2025-04-01 07:55:40 [main] DEBUG l.i.u.t.SubmittedApplicationsPageTest - Entered qualification: 'Kvalifikacija 1'.
2025-04-01 07:55:40 [main] DEBUG l.i.u.t.SubmittedApplicationsPageTest - Entered job date.
2025-04-01 07:55:41 [main] DEBUG l.i.u.t.SubmittedApplicationsPageTest - Entered salary amount: '1200'.
2025-04-01 07:55:41 [main] DEBUG l.i.u.t.SubmittedApplicationsPageTest - Entered salary description: 'Užmokestis 1'.
2025-04-01 07:55:41 [main] DEBUG l.i.u.t.SubmittedApplicationsPageTest - Selected 'Temporary Job' radio button.
2025-04-01 07:55:41 [main] DEBUG l.i.u.t.SubmittedApplicationsPageTest - Selected 'Season Job' radio button.
2025-04-01 07:55:41 [main] DEBUG l.i.u.t.SubmittedApplicationsPageTest - Selected 'Energy' radio button.
2025-04-01 07:55:42 [main] DEBUG l.i.u.t.SubmittedApplicationsPageTest - Selected 'Repair' radio button.
2025-04-01 07:55:42 [main] DEBUG l.i.u.t.SubmittedApplicationsPageTest - Entered job description: 'Veikla 1'.
2025-04-01 07:55:42 [main] DEBUG l.i.u.t.SubmittedApplicationsPageTest - Entered process description: 'Procesas 1'.
2025-04-01 07:55:42 [main] DEBUG l.i.u.t.SubmittedApplicationsPageTest - Entered energy information: 'Energija 1'.
2025-04-01 07:55:42 [main] DEBUG l.i.u.t.SubmittedApplicationsPageTest - Entered repair information: 'Remontas 1'.
2025-04-01 07:55:43 [main] DEBUG l.i.u.t.SubmittedApplicationsPageTest - Selected 'PVM' radio button.
2025-04-01 07:55:43 [main] INFO  l.i.u.p.SubmittedApplicationsPage - Located the dropdown button.
2025-04-01 07:55:44 [main] INFO  l.i.u.p.SubmittedApplicationsPage - Successfully selected the value: 'Įsigyti'
2025-04-01 07:55:44 [main] DEBUG l.i.u.t.SubmittedApplicationsPageTest - Selected necessary for job: 'Įsigyti'.
2025-04-01 07:55:44 [main] DEBUG l.i.u.t.SubmittedApplicationsPageTest - Selected tool: 'Darbo priemonė 1'.
2025-04-01 07:55:44 [main] DEBUG l.i.u.t.SubmittedApplicationsPageTest - Selected tool parameter one: 'Darbo priemonės 1 parametras 1'.
2025-04-01 07:55:44 [main] DEBUG l.i.u.t.SubmittedApplicationsPageTest - Selected tool parameter two: 'Darbo priemonės 1 parametras 2'.
2025-04-01 07:55:45 [main] DEBUG l.i.u.t.SubmittedApplicationsPageTest - Selected tool parameter three: 'Darbo priemonės 1 parametras 3'.
2025-04-01 07:55:45 [main] DEBUG l.i.u.t.SubmittedApplicationsPageTest - Entered tool count: '1'.
2025-04-01 07:55:45 [main] DEBUG l.i.u.t.SubmittedApplicationsPageTest - Entered price amount 1: '1000'.
2025-04-01 07:55:47 [main] DEBUG l.i.u.t.SubmittedApplicationsPageTest - Entered own funds amount 1: '800'.
2025-04-01 07:55:50 [main] DEBUG l.i.u.t.SubmittedApplicationsPageTest - Clicked 'Add' button.
2025-04-01 07:55:50 [main] INFO  l.i.u.p.SubmittedApplicationsPage - Located the dropdown button.
2025-04-01 07:55:50 [main] INFO  l.i.u.p.SubmittedApplicationsPage - Successfully selected the value: 'Remontuoti'
2025-04-01 07:55:50 [main] DEBUG l.i.u.t.SubmittedApplicationsPageTest - Selected necessary for job 'to repair': 'Remontuoti'.
2025-04-01 07:55:50 [main] DEBUG l.i.u.t.SubmittedApplicationsPageTest - Selected repair name: 'Remonto pavadinimas 1'.
2025-04-01 07:55:51 [main] DEBUG l.i.u.t.SubmittedApplicationsPageTest - Entered repair information: 'Remonto aprašymas 1'.
2025-04-01 07:55:53 [main] DEBUG l.i.u.t.SubmittedApplicationsPageTest - Clicked 'Add' button.
2025-04-01 07:55:55 [main] DEBUG l.i.u.t.SubmittedApplicationsPageTest - Clicked 'Remove' button.
2025-04-01 07:55:58 [main] ERROR l.i.u.t.SubmittedApplicationsPageTest - Test 'testFillNewVUIApplicationFA' failed with error: element click intercepted: Element <button type="button" class="i-forms-repeater-button i-forms-repeater-button-remove">...</button> is not clickable at point (494, 803). Other element would receive the click: <div class="cdk-overlay-backdrop cdk-overlay-dark-backdrop cdk-overlay-backdrop-showing"></div>
  (Session info: chrome=134.0.6998.178)
Build info: version: '4.27.0', revision: 'd6e718d134'
System info: os.name: 'Windows 11', os.arch: 'amd64', os.version: '10.0', java.version: '21.0.3'
Driver info: org.openqa.selenium.chrome.ChromeDriver
Command: [6e008e347b3ccb29e419aa57184fe2e4, clickElement {id=f.63D8E19276F397DB75CFE38731091206.d.B1D781D94F84C29ABD089CE718B14F81.e.2763}]
Capabilities {acceptInsecureCerts: false, browserName: chrome, browserVersion: 134.0.6998.178, chrome: {chromedriverVersion: 134.0.6998.165 (fd886e2cb29..., userDataDir: C:\Users\INGRID~1.ZAD\AppDa...}, fedcm:accounts: true, goog:chromeOptions: {debuggerAddress: localhost:49962}, networkConnectionEnabled: false, pageLoadStrategy: normal, platformName: windows, proxy: Proxy(), se:cdp: ws://localhost:49962/devtoo..., se:cdpVersion: 134.0.6998.178, setWindowRect: true, strictFileInteractability: false, timeouts: {implicit: 0, pageLoad: 300000, script: 30000}, unhandledPromptBehavior: dismiss and notify, webauthn:extension:credBlob: true, webauthn:extension:largeBlob: true, webauthn:extension:minPinLength: true, webauthn:extension:prf: true, webauthn:virtualAuthenticators: true}
Element: [[ChromeDriver: chrome on windows (6e008e347b3ccb29e419aa57184fe2e4)] -> css selector: button.i-forms-repeater-button-remove]
Session ID: 6e008e347b3ccb29e419aa57184fe2e4
org.openqa.selenium.ElementClickInterceptedException: element click intercepted: Element <button type="button" class="i-forms-repeater-button i-forms-repeater-button-remove">...</button> is not clickable at point (494, 803). Other element would receive the click: <div class="cdk-overlay-backdrop cdk-overlay-dark-backdrop cdk-overlay-backdrop-showing"></div>
  (Session info: chrome=134.0.6998.178)
Build info: version: '4.27.0', revision: 'd6e718d134'
System info: os.name: 'Windows 11', os.arch: 'amd64', os.version: '10.0', java.version: '21.0.3'
Driver info: org.openqa.selenium.chrome.ChromeDriver
Command: [6e008e347b3ccb29e419aa57184fe2e4, clickElement {id=f.63D8E19276F397DB75CFE38731091206.d.B1D781D94F84C29ABD089CE718B14F81.e.2763}]
Capabilities {acceptInsecureCerts: false, browserName: chrome, browserVersion: 134.0.6998.178, chrome: {chromedriverVersion: 134.0.6998.165 (fd886e2cb29..., userDataDir: C:\Users\INGRID~1.ZAD\AppDa...}, fedcm:accounts: true, goog:chromeOptions: {debuggerAddress: localhost:49962}, networkConnectionEnabled: false, pageLoadStrategy: normal, platformName: windows, proxy: Proxy(), se:cdp: ws://localhost:49962/devtoo..., se:cdpVersion: 134.0.6998.178, setWindowRect: true, strictFileInteractability: false, timeouts: {implicit: 0, pageLoad: 300000, script: 30000}, unhandledPromptBehavior: dismiss and notify, webauthn:extension:credBlob: true, webauthn:extension:largeBlob: true, webauthn:extension:minPinLength: true, webauthn:extension:prf: true, webauthn:virtualAuthenticators: true}
Element: [[ChromeDriver: chrome on windows (6e008e347b3ccb29e419aa57184fe2e4)] -> css selector: button.i-forms-repeater-button-remove]
Session ID: 6e008e347b3ccb29e419aa57184fe2e4
	at java.base/jdk.internal.reflect.DirectConstructorHandleAccessor.newInstance(DirectConstructorHandleAccessor.java:62)
	at java.base/java.lang.reflect.Constructor.newInstanceWithCaller(Constructor.java:502)
	at java.base/java.lang.reflect.Constructor.newInstance(Constructor.java:486)
	at org.openqa.selenium.remote.ErrorCodec.decode(ErrorCodec.java:167)
	at org.openqa.selenium.remote.codec.w3c.W3CHttpResponseCodec.decode(W3CHttpResponseCodec.java:138)
	at org.openqa.selenium.remote.codec.w3c.W3CHttpResponseCodec.decode(W3CHttpResponseCodec.java:50)
	at org.openqa.selenium.remote.HttpCommandExecutor.execute(HttpCommandExecutor.java:190)
	at org.openqa.selenium.remote.service.DriverCommandExecutor.invokeExecute(DriverCommandExecutor.java:216)
	at org.openqa.selenium.remote.service.DriverCommandExecutor.execute(DriverCommandExecutor.java:174)
	at org.openqa.selenium.remote.RemoteWebDriver.execute(RemoteWebDriver.java:545)
	at org.openqa.selenium.remote.RemoteWebElement.execute(RemoteWebElement.java:223)
	at org.openqa.selenium.remote.RemoteWebElement.click(RemoteWebElement.java:76)
	at java.base/jdk.internal.reflect.DirectMethodHandleAccessor.invoke(DirectMethodHandleAccessor.java:103)
	at java.base/java.lang.reflect.Method.invoke(Method.java:580)
	at org.openqa.selenium.support.pagefactory.internal.LocatingElementHandler.invoke(LocatingElementHandler.java:51)
	at jdk.proxy2/jdk.proxy2.$Proxy14.click(Unknown Source)
	at lt.insoft.uztis.pages.SubmittedApplicationsPage.clickButtonRemoveConfirmation(SubmittedApplicationsPage.java:1614)
	at lt.insoft.uztis.tests.SubmittedApplicationsPageTest.testFillNewVUIApplicationFA(SubmittedApplicationsPageTest.java:346)
	at java.base/jdk.internal.reflect.DirectMethodHandleAccessor.invoke(DirectMethodHandleAccessor.java:103)
	at java.base/java.lang.reflect.Method.invoke(Method.java:580)
	at org.junit.platform.commons.util.ReflectionUtils.invokeMethod(ReflectionUtils.java:728)
	at org.junit.jupiter.engine.execution.MethodInvocation.proceed(MethodInvocation.java:60)
	at org.junit.jupiter.engine.execution.InvocationInterceptorChain$ValidatingInvocation.proceed(InvocationInterceptorChain.java:131)
	at org.junit.jupiter.engine.extension.TimeoutExtension.intercept(TimeoutExtension.java:156)
	at org.junit.jupiter.engine.extension.TimeoutExtension.interceptTestableMethod(TimeoutExtension.java:147)
	at org.junit.jupiter.engine.extension.TimeoutExtension.interceptTestMethod(TimeoutExtension.java:86)
	at org.junit.jupiter.engine.execution.InterceptingExecutableInvoker$ReflectiveInterceptorCall.lambda$ofVoidMethod$0(InterceptingExecutableInvoker.java:103)
	at org.junit.jupiter.engine.execution.InterceptingExecutableInvoker.lambda$invoke$0(InterceptingExecutableInvoker.java:93)
	at org.junit.jupiter.engine.execution.InvocationInterceptorChain$InterceptedInvocation.proceed(InvocationInterceptorChain.java:106)
	at org.junit.jupiter.engine.execution.InvocationInterceptorChain.proceed(InvocationInterceptorChain.java:64)
	at org.junit.jupiter.engine.execution.InvocationInterceptorChain.chainAndInvoke(InvocationInterceptorChain.java:45)
	at org.junit.jupiter.engine.execution.InvocationInterceptorChain.invoke(InvocationInterceptorChain.java:37)
	at org.junit.jupiter.engine.execution.InterceptingExecutableInvoker.invoke(InterceptingExecutableInvoker.java:92)
	at org.junit.jupiter.engine.execution.InterceptingExecutableInvoker.invoke(InterceptingExecutableInvoker.java:86)
	at org.junit.jupiter.engine.descriptor.TestMethodTestDescriptor.lambda$invokeTestMethod$7(TestMethodTestDescriptor.java:218)
	at org.junit.platform.engine.support.hierarchical.ThrowableCollector.execute(ThrowableCollector.java:73)
	at org.junit.jupiter.engine.descriptor.TestMethodTestDescriptor.invokeTestMethod(TestMethodTestDescriptor.java:214)
	at org.junit.jupiter.engine.descriptor.TestMethodTestDescriptor.execute(TestMethodTestDescriptor.java:139)
	at org.junit.jupiter.engine.descriptor.TestMethodTestDescriptor.execute(TestMethodTestDescriptor.java:69)
	at org.junit.platform.engine.support.hierarchical.NodeTestTask.lambda$executeRecursively$6(NodeTestTask.java:151)
	at org.junit.platform.engine.support.hierarchical.ThrowableCollector.execute(ThrowableCollector.java:73)
	at org.junit.platform.engine.support.hierarchical.NodeTestTask.lambda$executeRecursively$8(NodeTestTask.java:141)
	at org.junit.platform.engine.support.hierarchical.Node.around(Node.java:137)
	at org.junit.platform.engine.support.hierarchical.NodeTestTask.lambda$executeRecursively$9(NodeTestTask.java:139)
	at org.junit.platform.engine.support.hierarchical.ThrowableCollector.execute(ThrowableCollector.java:73)
	at org.junit.platform.engine.support.hierarchical.NodeTestTask.executeRecursively(NodeTestTask.java:138)
	at org.junit.platform.engine.support.hierarchical.NodeTestTask.execute(NodeTestTask.java:95)
	at java.base/java.util.ArrayList.forEach(ArrayList.java:1596)
	at org.junit.platform.engine.support.hierarchical.SameThreadHierarchicalTestExecutorService.invokeAll(SameThreadHierarchicalTestExecutorService.java:41)
	at org.junit.platform.engine.support.hierarchical.NodeTestTask.lambda$executeRecursively$6(NodeTestTask.java:155)
	at org.junit.platform.engine.support.hierarchical.ThrowableCollector.execute(ThrowableCollector.java:73)
	at org.junit.platform.engine.support.hierarchical.NodeTestTask.lambda$executeRecursively$8(NodeTestTask.java:141)
	at org.junit.platform.engine.support.hierarchical.Node.around(Node.java:137)
	at org.junit.platform.engine.support.hierarchical.NodeTestTask.lambda$executeRecursively$9(NodeTestTask.java:139)
	at org.junit.platform.engine.support.hierarchical.ThrowableCollector.execute(ThrowableCollector.java:73)
	at org.junit.platform.engine.support.hierarchical.NodeTestTask.executeRecursively(NodeTestTask.java:138)
	at org.junit.platform.engine.support.hierarchical.NodeTestTask.execute(NodeTestTask.java:95)
	at java.base/java.util.ArrayList.forEach(ArrayList.java:1596)
	at org.junit.platform.engine.support.hierarchical.SameThreadHierarchicalTestExecutorService.invokeAll(SameThreadHierarchicalTestExecutorService.java:41)
	at org.junit.platform.engine.support.hierarchical.NodeTestTask.lambda$executeRecursively$6(NodeTestTask.java:155)
	at org.junit.platform.engine.support.hierarchical.ThrowableCollector.execute(ThrowableCollector.java:73)
	at org.junit.platform.engine.support.hierarchical.NodeTestTask.lambda$executeRecursively$8(NodeTestTask.java:141)
	at org.junit.platform.engine.support.hierarchical.Node.around(Node.java:137)
	at org.junit.platform.engine.support.hierarchical.NodeTestTask.lambda$executeRecursively$9(NodeTestTask.java:139)
	at org.junit.platform.engine.support.hierarchical.ThrowableCollector.execute(ThrowableCollector.java:73)
	at org.junit.platform.engine.support.hierarchical.NodeTestTask.executeRecursively(NodeTestTask.java:138)
	at org.junit.platform.engine.support.hierarchical.NodeTestTask.execute(NodeTestTask.java:95)
	at org.junit.platform.engine.support.hierarchical.SameThreadHierarchicalTestExecutorService.submit(SameThreadHierarchicalTestExecutorService.java:35)
	at org.junit.platform.engine.support.hierarchical.HierarchicalTestExecutor.execute(HierarchicalTestExecutor.java:57)
	at org.junit.platform.engine.support.hierarchical.HierarchicalTestEngine.execute(HierarchicalTestEngine.java:54)
	at org.junit.platform.launcher.core.EngineExecutionOrchestrator.execute(EngineExecutionOrchestrator.java:198)
	at org.junit.platform.launcher.core.EngineExecutionOrchestrator.execute(EngineExecutionOrchestrator.java:169)
	at org.junit.platform.launcher.core.EngineExecutionOrchestrator.execute(EngineExecutionOrchestrator.java:93)
	at org.junit.platform.launcher.core.EngineExecutionOrchestrator.lambda$execute$0(EngineExecutionOrchestrator.java:58)
	at org.junit.platform.launcher.core.EngineExecutionOrchestrator.withInterceptedStreams(EngineExecutionOrchestrator.java:141)
	at org.junit.platform.launcher.core.EngineExecutionOrchestrator.execute(EngineExecutionOrchestrator.java:57)
	at org.junit.platform.launcher.core.DefaultLauncher.execute(DefaultLauncher.java:103)
	at org.junit.platform.launcher.core.DefaultLauncher.execute(DefaultLauncher.java:85)
	at org.junit.platform.launcher.core.DelegatingLauncher.execute(DelegatingLauncher.java:47)
	at org.junit.platform.launcher.core.SessionPerRequestLauncher.execute(SessionPerRequestLauncher.java:63)
	at com.intellij.junit5.JUnit5IdeaTestRunner.startRunnerWithArgs(JUnit5IdeaTestRunner.java:57)
	at com.intellij.rt.junit.IdeaTestRunner$Repeater$1.execute(IdeaTestRunner.java:38)
	at com.intellij.rt.execution.junit.TestsRepeater.repeat(TestsRepeater.java:11)
	at com.intellij.rt.junit.IdeaTestRunner$Repeater.startRunnerWithArgs(IdeaTestRunner.java:35)
	at com.intellij.rt.junit.JUnitStarter.prepareStreamsAndStart(JUnitStarter.java:232)
	at com.intellij.rt.junit.JUnitStarter.main(JUnitStarter.java:55)
2025-04-01 07:55:58 [main] INFO  l.insoft.uztis.tests.utils.TestUtils - Screenshot moved to C:\Users\ingrida.zadorozniene\Desktop\Asm\UZTIS\UZTIS_tests\test-output\screenshots\20250401\075558717_testFillNewVUIApplicationFA().png
2025-04-01 07:57:47 [main] INFO  lt.insoft.uztis.tests.UztisPageTest - Navigated to https://uztisdev.asseco.lt/home
2025-04-01 07:57:47 [main] INFO  l.i.u.t.SubmittedApplicationsPageTest - Starting test:'testFillNewVUIPApplicationFA'
2025-04-01 07:57:48 [main] DEBUG l.i.u.t.SubmittedApplicationsPageTest - User logged in with test credentials.
2025-04-01 07:57:48 [main] DEBUG l.i.u.t.SubmittedApplicationsPageTest - Opened 'Application Processing' menu.
2025-04-01 07:57:48 [main] DEBUG l.i.u.t.SubmittedApplicationsPageTest - Clicked on 'Application Forms' menu.
2025-04-01 07:57:49 [main] DEBUG l.i.u.t.SubmittedApplicationsPageTest - Retrieved last description code text: 'TST-VUI-75'.
2025-04-01 07:57:49 [main] DEBUG l.i.u.t.SubmittedApplicationsPageTest - Clicked on 'Invitation' menu.
2025-04-01 07:57:50 [main] DEBUG l.i.u.t.SubmittedApplicationsPageTest - Selected application section by code: 'TST-VUI-75'.
2025-04-01 07:57:50 [main] DEBUG l.i.u.t.SubmittedApplicationsPageTest - Clicked 'Search' button.
2025-04-01 07:57:50 [main] DEBUG l.i.u.t.SubmittedApplicationsPageTest - Retrieved invitation code: ''.
2025-04-01 07:57:51 [main] DEBUG l.i.u.t.SubmittedApplicationsPageTest - Clicked on 'Submitted Applications' menu.
2025-04-01 07:57:52 [main] DEBUG l.i.u.t.SubmittedApplicationsPageTest - Selected invitation by code: 'TST-VUI-75'.
2025-04-01 07:57:52 [main] DEBUG l.i.u.t.SubmittedApplicationsPageTest - Invitation code inserted.
2025-04-01 07:57:52 [main] DEBUG l.i.u.t.SubmittedApplicationsPageTest - Clicked on 'Action Application' button.
2025-04-01 07:57:53 [main] DEBUG l.i.u.t.SubmittedApplicationsPageTest - Clicked on 'New Application' button.
2025-04-01 07:57:53 [main] DEBUG l.i.u.t.SubmittedApplicationsPageTest - Selected the 'RadioButtonFA' option.
2025-04-01 07:57:53 [main] DEBUG l.i.u.t.SubmittedApplicationsPageTest - Entered phone number: '61298745'.
2025-04-01 07:57:54 [main] DEBUG l.i.u.t.SubmittedApplicationsPageTest - Entered email: 'test@autotest.com'.
2025-04-01 07:57:54 [main] INFO  l.i.u.p.SubmittedApplicationsPage - Clicking on the dropdown button.
2025-04-01 07:58:11 [main] INFO  l.i.u.p.SubmittedApplicationsPage - Found 1741 options in the dropdown.
2025-04-01 07:58:12 [main] DEBUG l.i.u.p.SubmittedApplicationsPage - Checking option: ''
2025-04-01 07:58:12 [main] DEBUG l.i.u.p.SubmittedApplicationsPage - Checking option: '01.11 - Grūdinių (išskyrus ryžius), ankštinių ir aliejingų sėklų augalų auginimas'
2025-04-01 07:58:12 [main] INFO  l.i.u.p.SubmittedApplicationsPage - Successfully selected the value: '01.11 - Grūdinių (išskyrus ryžius), ankštinių ir aliejingų sėklų augalų auginimas'
2025-04-01 07:58:12 [main] INFO  l.i.u.p.SubmittedApplicationsPage - Attempting to close the dropdown.
2025-04-01 07:58:12 [main] DEBUG l.i.u.t.SubmittedApplicationsPageTest - Selected EVRK value: '01.11 - Grūdinių (išskyrus ryžius), ankštinių ir aliejingų sėklų augalų auginimas'.
2025-04-01 07:58:13 [main] DEBUG l.i.u.t.SubmittedApplicationsPageTest - Clicked on 'Address Component' button.
2025-04-01 07:58:13 [main] INFO  l.i.u.p.SubmittedApplicationsPage - Located the dropdown button.
2025-04-01 07:58:16 [main] INFO  l.i.u.p.SubmittedApplicationsPage - Successfully selected the value: 'Lietuva'
2025-04-01 07:58:16 [main] DEBUG l.i.u.t.SubmittedApplicationsPageTest - Selected country: 'Lietuva'.
2025-04-01 07:58:16 [main] INFO  l.i.u.p.SubmittedApplicationsPage - Located the dropdown search field.
2025-04-01 07:58:16 [main] INFO  l.i.u.p.SubmittedApplicationsPage - Dropdown city is opened.
2025-04-01 07:58:17 [main] INFO  l.i.u.p.SubmittedApplicationsPage - Searched for value: 'Vilnius'
2025-04-01 07:58:17 [main] INFO  l.i.u.p.SubmittedApplicationsPage - Successfully selected: 'Vilnius'
2025-04-01 07:58:17 [main] INFO  l.i.u.p.SubmittedApplicationsPage - Located the dropdown button.
2025-04-01 07:58:18 [main] INFO  l.i.u.p.SubmittedApplicationsPage - Successfully selected the value: 'A. Domaševičiaus g.'
2025-04-01 07:58:18 [main] DEBUG l.i.u.t.SubmittedApplicationsPageTest - Selected street: 'A. Domaševičiaus g.'.
2025-04-01 07:58:18 [main] INFO  l.i.u.p.SubmittedApplicationsPage - Located the dropdown button.
2025-04-01 07:58:18 [main] INFO  l.i.u.p.SubmittedApplicationsPage - Successfully selected the value: '1'
2025-04-01 07:58:18 [main] DEBUG l.i.u.t.SubmittedApplicationsPageTest - Selected house: '1'.
2025-04-01 07:58:18 [main] INFO  l.i.u.p.SubmittedApplicationsPage - Located the dropdown button.
2025-04-01 07:58:18 [main] INFO  l.i.u.p.SubmittedApplicationsPage - Successfully selected the value: '1'
2025-04-01 07:58:18 [main] DEBUG l.i.u.t.SubmittedApplicationsPageTest - Selected apartment: '1'.
2025-04-01 07:58:18 [main] DEBUG l.i.u.t.SubmittedApplicationsPageTest - Clicked 'Confirm' button.
2025-04-01 07:58:19 [main] DEBUG l.i.u.t.SubmittedApplicationsPageTest - Entered project date.
2025-04-01 07:58:19 [main] DEBUG l.i.u.t.SubmittedApplicationsPageTest - Entered job count: '1'.
2025-04-01 07:58:19 [main] DEBUG l.i.u.t.SubmittedApplicationsPageTest - Clicked 'Next' button.
2025-04-01 07:58:19 [main] INFO  l.i.u.p.SubmittedApplicationsPage - Located the dropdown button.
2025-04-01 07:58:20 [main] INFO  l.i.u.p.SubmittedApplicationsPage - Successfully selected the value: 'Administratoriai'
2025-04-01 07:58:20 [main] DEBUG l.i.u.t.SubmittedApplicationsPageTest - Selected job name: 'Administratoriai'.
2025-04-01 07:58:20 [main] DEBUG l.i.u.t.SubmittedApplicationsPageTest - Entered job function: 'Funkcija 1'.
2025-04-01 07:58:20 [main] DEBUG l.i.u.t.SubmittedApplicationsPageTest - Selected 'RadioButtonWithDisabilities' option.
2025-04-01 07:58:20 [main] INFO  l.i.u.p.SubmittedApplicationsPage - Clicking on the dropdown button.
2025-04-01 07:58:21 [main] INFO  l.i.u.p.SubmittedApplicationsPage - Found 34 options in the dropdown.
2025-04-01 07:58:21 [main] DEBUG l.i.u.p.SubmittedApplicationsPage - Checking option: 'Asmenys, kuriems suteiktas pabėgėlio statusas ar perkeliamojo asmens statusas, arba asmenys, kuriems suteikta papildoma ar laikinoji apsauga, ir asmenys, turintys teisę gauti laikinąją apsaugą, iki sprendimo dėl laikinosios apsaugos suteikimo (nesuteikimo) priėmimo, tačiau ne ilgiau kaip laikinosios apsaugos laikotarpiu'
2025-04-01 07:58:21 [main] DEBUG l.i.u.p.SubmittedApplicationsPage - Checking option: 'Asmenys, kuriems suteiktas pabėgėlio statusas ar perkeliamojo asmens statusas, arba asmenys, kuriems suteikta papildoma ar laikinoji apsauga, ir asmenys, turintys teisę gauti laikinąją apsaugą, iki sprendimo dėl laikinosios apsaugos suteikimo (nesuteikimo) priėmimo, tačiau ne ilgiau kaip laikinosios apsaugos laikotarpiu'
2025-04-01 07:58:21 [main] DEBUG l.i.u.p.SubmittedApplicationsPage - Checking option: 'Asmenys, turintys teisę į papildomas užimtumo garantijas pagal Lietuvos Respublikos valstybės įmonės Ignalinos atominės elektrinės darbuotojų papildomų užimtumo ir socialinių garantijų įstatymą'
2025-04-01 07:58:21 [main] DEBUG l.i.u.p.SubmittedApplicationsPage - Checking option: 'Asmenys, turintys teisę į papildomas užimtumo garantijas pagal Lietuvos Respublikos valstybės įmonės Ignalinos atominės elektrinės darbuotojų papildomų užimtumo ir socialinių garantijų įstatymą'
2025-04-01 07:58:21 [main] DEBUG l.i.u.p.SubmittedApplicationsPage - Checking option: 'Bedarbiai iki 29 metų'
2025-04-01 07:58:21 [main] DEBUG l.i.u.p.SubmittedApplicationsPage - Checking option: 'Bedarbiai iki 29 metų'
2025-04-01 07:58:21 [main] DEBUG l.i.u.p.SubmittedApplicationsPage - Checking option: 'Bedarbiai, kurie yra darbingo amžiaus neįgalieji, kuriems nustatytas 30–40 procentų darbingumo lygis arba vidutinis neįgalumo lygis'
2025-04-01 07:58:21 [main] DEBUG l.i.u.p.SubmittedApplicationsPage - Checking option: 'Bedarbiai, kurie yra darbingo amžiaus neįgalieji, kuriems nustatytas 30–40 procentų darbingumo lygis arba vidutinis neįgalumo lygis'
2025-04-01 07:58:21 [main] DEBUG l.i.u.p.SubmittedApplicationsPage - Checking option: 'Bedarbiai, kurie yra darbingo amžiaus neįgalieji, kuriems nustatytas 45–55 procentų darbingumo lygis arba lengvas neįgalumo lygis'
2025-04-01 07:58:21 [main] DEBUG l.i.u.p.SubmittedApplicationsPage - Checking option: 'Bedarbiai, kurie yra darbingo amžiaus neįgalieji, kuriems nustatytas 45–55 procentų darbingumo lygis arba lengvas neįgalumo lygis'
2025-04-01 07:58:21 [main] DEBUG l.i.u.p.SubmittedApplicationsPage - Checking option: 'Bedarbiai, kurie yra darbingo amžiaus neįgalieji, kuriems nustatytas iki 25 procentų darbingumo lygis arba sunkus neįgalumo lygis'
2025-04-01 07:58:21 [main] INFO  l.i.u.p.SubmittedApplicationsPage - Successfully selected the value: 'Bedarbiai, kurie yra darbingo amžiaus neįgalieji, kuriems nustatytas iki 25 procentų darbingumo lygis arba sunkus neįgalumo lygis'
2025-04-01 07:58:21 [main] INFO  l.i.u.p.SubmittedApplicationsPage - Attempting to close the dropdown.
2025-04-01 07:58:22 [main] DEBUG l.i.u.t.SubmittedApplicationsPageTest - Selected disabilities type: 'Bedarbiai, kurie yra darbingo amžiaus neįgalieji, kuriems nustatytas iki 25 procentų darbingumo lygis arba sunkus neįgalumo lygis'.
2025-04-01 07:58:22 [main] DEBUG l.i.u.t.SubmittedApplicationsPageTest - Entered disability information: 'Negalia 1'.
2025-04-01 07:58:22 [main] INFO  l.i.u.p.SubmittedApplicationsPage - Located the dropdown button.
2025-04-01 07:58:23 [main] INFO  l.i.u.p.SubmittedApplicationsPage - Successfully selected the value: 'Kita'
2025-04-01 07:58:23 [main] DEBUG l.i.u.t.SubmittedApplicationsPageTest - Selected time mode: 'Kita'.
2025-04-01 07:58:23 [main] DEBUG l.i.u.t.SubmittedApplicationsPageTest - Selected time mode other: '6 val. per dieną ir 4 d. per savaitę'.
2025-04-01 07:58:23 [main] DEBUG l.i.u.t.SubmittedApplicationsPageTest - Entered qualification: 'Kvalifikacija 1'.
2025-04-01 07:58:24 [main] DEBUG l.i.u.t.SubmittedApplicationsPageTest - Entered job date.
2025-04-01 07:58:24 [main] DEBUG l.i.u.t.SubmittedApplicationsPageTest - Entered salary amount: '1200'.
2025-04-01 07:58:24 [main] DEBUG l.i.u.t.SubmittedApplicationsPageTest - Entered salary description: 'Užmokestis 1'.
2025-04-01 07:58:24 [main] DEBUG l.i.u.t.SubmittedApplicationsPageTest - Selected 'Temporary Job' radio button.
2025-04-01 07:58:25 [main] DEBUG l.i.u.t.SubmittedApplicationsPageTest - Selected 'Season Job' radio button.
2025-04-01 07:58:25 [main] DEBUG l.i.u.t.SubmittedApplicationsPageTest - Selected 'Energy' radio button.
2025-04-01 07:58:25 [main] DEBUG l.i.u.t.SubmittedApplicationsPageTest - Selected 'Repair' radio button.
2025-04-01 07:58:25 [main] DEBUG l.i.u.t.SubmittedApplicationsPageTest - Entered job description: 'Veikla 1'.
2025-04-01 07:58:26 [main] DEBUG l.i.u.t.SubmittedApplicationsPageTest - Entered process description: 'Procesas 1'.
2025-04-01 07:58:26 [main] DEBUG l.i.u.t.SubmittedApplicationsPageTest - Entered energy information: 'Energija 1'.
2025-04-01 07:58:26 [main] DEBUG l.i.u.t.SubmittedApplicationsPageTest - Entered repair information: 'Remontas 1'.
2025-04-01 07:58:26 [main] DEBUG l.i.u.t.SubmittedApplicationsPageTest - Selected 'PVM' radio button.
2025-04-01 07:58:26 [main] INFO  l.i.u.p.SubmittedApplicationsPage - Located the dropdown button.
2025-04-01 07:58:27 [main] INFO  l.i.u.p.SubmittedApplicationsPage - Successfully selected the value: 'Įsigyti'
2025-04-01 07:58:27 [main] DEBUG l.i.u.t.SubmittedApplicationsPageTest - Selected necessary for job: 'Įsigyti'.
2025-04-01 07:58:27 [main] DEBUG l.i.u.t.SubmittedApplicationsPageTest - Selected tool: 'Darbo priemonė 1'.
2025-04-01 07:58:27 [main] DEBUG l.i.u.t.SubmittedApplicationsPageTest - Selected tool parameter one: 'Darbo priemonės 1 parametras 1'.
2025-04-01 07:58:27 [main] DEBUG l.i.u.t.SubmittedApplicationsPageTest - Selected tool parameter two: 'Darbo priemonės 1 parametras 2'.
2025-04-01 07:58:28 [main] DEBUG l.i.u.t.SubmittedApplicationsPageTest - Selected tool parameter three: 'Darbo priemonės 1 parametras 3'.
2025-04-01 07:58:28 [main] DEBUG l.i.u.t.SubmittedApplicationsPageTest - Entered tool count: '1'.
2025-04-01 07:58:28 [main] DEBUG l.i.u.t.SubmittedApplicationsPageTest - Entered price amount 1: '1000'.
2025-04-01 07:58:30 [main] DEBUG l.i.u.t.SubmittedApplicationsPageTest - Entered own funds amount 1: '800'.
2025-04-01 07:58:33 [main] DEBUG l.i.u.t.SubmittedApplicationsPageTest - Clicked 'Add' button.
2025-04-01 07:58:33 [main] INFO  l.i.u.p.SubmittedApplicationsPage - Located the dropdown button.
2025-04-01 07:58:33 [main] INFO  l.i.u.p.SubmittedApplicationsPage - Successfully selected the value: 'Remontuoti'
2025-04-01 07:58:33 [main] DEBUG l.i.u.t.SubmittedApplicationsPageTest - Selected necessary for job 'to repair': 'Remontuoti'.
2025-04-01 07:58:33 [main] DEBUG l.i.u.t.SubmittedApplicationsPageTest - Selected repair name: 'Remonto pavadinimas 1'.
2025-04-01 07:58:34 [main] DEBUG l.i.u.t.SubmittedApplicationsPageTest - Entered repair information: 'Remonto aprašymas 1'.
2025-04-01 07:58:36 [main] DEBUG l.i.u.t.SubmittedApplicationsPageTest - Clicked 'Add' button.
2025-04-01 07:58:38 [main] DEBUG l.i.u.t.SubmittedApplicationsPageTest - Clicked 'Remove' button.
2025-04-01 07:58:41 [main] ERROR l.i.u.t.SubmittedApplicationsPageTest - Test 'testFillNewVUIApplicationFA' failed with error: element click intercepted: Element <button type="button" class="i-forms-repeater-button i-forms-repeater-button-remove">...</button> is not clickable at point (494, 803). Other element would receive the click: <div class="cdk-overlay-backdrop cdk-overlay-dark-backdrop cdk-overlay-backdrop-showing"></div>
  (Session info: chrome=134.0.6998.178)
Build info: version: '4.27.0', revision: 'd6e718d134'
System info: os.name: 'Windows 11', os.arch: 'amd64', os.version: '10.0', java.version: '21.0.3'
Driver info: org.openqa.selenium.chrome.ChromeDriver
Command: [bb83f281d0f5bc0bf99a519fc5fa1297, clickElement {id=f.1A4BC3A95FA9BE572FAEE6B123135106.d.CD1713A502B49223E7798E7D21D12FC0.e.2764}]
Capabilities {acceptInsecureCerts: false, browserName: chrome, browserVersion: 134.0.6998.178, chrome: {chromedriverVersion: 134.0.6998.165 (fd886e2cb29..., userDataDir: C:\Users\INGRID~1.ZAD\AppDa...}, fedcm:accounts: true, goog:chromeOptions: {debuggerAddress: localhost:50088}, networkConnectionEnabled: false, pageLoadStrategy: normal, platformName: windows, proxy: Proxy(), se:cdp: ws://localhost:50088/devtoo..., se:cdpVersion: 134.0.6998.178, setWindowRect: true, strictFileInteractability: false, timeouts: {implicit: 0, pageLoad: 300000, script: 30000}, unhandledPromptBehavior: dismiss and notify, webauthn:extension:credBlob: true, webauthn:extension:largeBlob: true, webauthn:extension:minPinLength: true, webauthn:extension:prf: true, webauthn:virtualAuthenticators: true}
Element: [[ChromeDriver: chrome on windows (bb83f281d0f5bc0bf99a519fc5fa1297)] -> xpath: //button[.//mat-icon[text()='remove']]]
Session ID: bb83f281d0f5bc0bf99a519fc5fa1297
org.openqa.selenium.ElementClickInterceptedException: element click intercepted: Element <button type="button" class="i-forms-repeater-button i-forms-repeater-button-remove">...</button> is not clickable at point (494, 803). Other element would receive the click: <div class="cdk-overlay-backdrop cdk-overlay-dark-backdrop cdk-overlay-backdrop-showing"></div>
  (Session info: chrome=134.0.6998.178)
Build info: version: '4.27.0', revision: 'd6e718d134'
System info: os.name: 'Windows 11', os.arch: 'amd64', os.version: '10.0', java.version: '21.0.3'
Driver info: org.openqa.selenium.chrome.ChromeDriver
Command: [bb83f281d0f5bc0bf99a519fc5fa1297, clickElement {id=f.1A4BC3A95FA9BE572FAEE6B123135106.d.CD1713A502B49223E7798E7D21D12FC0.e.2764}]
Capabilities {acceptInsecureCerts: false, browserName: chrome, browserVersion: 134.0.6998.178, chrome: {chromedriverVersion: 134.0.6998.165 (fd886e2cb29..., userDataDir: C:\Users\INGRID~1.ZAD\AppDa...}, fedcm:accounts: true, goog:chromeOptions: {debuggerAddress: localhost:50088}, networkConnectionEnabled: false, pageLoadStrategy: normal, platformName: windows, proxy: Proxy(), se:cdp: ws://localhost:50088/devtoo..., se:cdpVersion: 134.0.6998.178, setWindowRect: true, strictFileInteractability: false, timeouts: {implicit: 0, pageLoad: 300000, script: 30000}, unhandledPromptBehavior: dismiss and notify, webauthn:extension:credBlob: true, webauthn:extension:largeBlob: true, webauthn:extension:minPinLength: true, webauthn:extension:prf: true, webauthn:virtualAuthenticators: true}
Element: [[ChromeDriver: chrome on windows (bb83f281d0f5bc0bf99a519fc5fa1297)] -> xpath: //button[.//mat-icon[text()='remove']]]
Session ID: bb83f281d0f5bc0bf99a519fc5fa1297
	at java.base/jdk.internal.reflect.DirectConstructorHandleAccessor.newInstance(DirectConstructorHandleAccessor.java:62)
	at java.base/java.lang.reflect.Constructor.newInstanceWithCaller(Constructor.java:502)
	at java.base/java.lang.reflect.Constructor.newInstance(Constructor.java:486)
	at org.openqa.selenium.remote.ErrorCodec.decode(ErrorCodec.java:167)
	at org.openqa.selenium.remote.codec.w3c.W3CHttpResponseCodec.decode(W3CHttpResponseCodec.java:138)
	at org.openqa.selenium.remote.codec.w3c.W3CHttpResponseCodec.decode(W3CHttpResponseCodec.java:50)
	at org.openqa.selenium.remote.HttpCommandExecutor.execute(HttpCommandExecutor.java:190)
	at org.openqa.selenium.remote.service.DriverCommandExecutor.invokeExecute(DriverCommandExecutor.java:216)
	at org.openqa.selenium.remote.service.DriverCommandExecutor.execute(DriverCommandExecutor.java:174)
	at org.openqa.selenium.remote.RemoteWebDriver.execute(RemoteWebDriver.java:545)
	at org.openqa.selenium.remote.RemoteWebElement.execute(RemoteWebElement.java:223)
	at org.openqa.selenium.remote.RemoteWebElement.click(RemoteWebElement.java:76)
	at java.base/jdk.internal.reflect.DirectMethodHandleAccessor.invoke(DirectMethodHandleAccessor.java:103)
	at java.base/java.lang.reflect.Method.invoke(Method.java:580)
	at org.openqa.selenium.support.pagefactory.internal.LocatingElementHandler.invoke(LocatingElementHandler.java:51)
	at jdk.proxy2/jdk.proxy2.$Proxy14.click(Unknown Source)
	at lt.insoft.uztis.pages.SubmittedApplicationsPage.clickButtonRemoveConfirmation(SubmittedApplicationsPage.java:1614)
	at lt.insoft.uztis.tests.SubmittedApplicationsPageTest.testFillNewVUIApplicationFA(SubmittedApplicationsPageTest.java:346)
	at java.base/jdk.internal.reflect.DirectMethodHandleAccessor.invoke(DirectMethodHandleAccessor.java:103)
	at java.base/java.lang.reflect.Method.invoke(Method.java:580)
	at org.junit.platform.commons.util.ReflectionUtils.invokeMethod(ReflectionUtils.java:728)
	at org.junit.jupiter.engine.execution.MethodInvocation.proceed(MethodInvocation.java:60)
	at org.junit.jupiter.engine.execution.InvocationInterceptorChain$ValidatingInvocation.proceed(InvocationInterceptorChain.java:131)
	at org.junit.jupiter.engine.extension.TimeoutExtension.intercept(TimeoutExtension.java:156)
	at org.junit.jupiter.engine.extension.TimeoutExtension.interceptTestableMethod(TimeoutExtension.java:147)
	at org.junit.jupiter.engine.extension.TimeoutExtension.interceptTestMethod(TimeoutExtension.java:86)
	at org.junit.jupiter.engine.execution.InterceptingExecutableInvoker$ReflectiveInterceptorCall.lambda$ofVoidMethod$0(InterceptingExecutableInvoker.java:103)
	at org.junit.jupiter.engine.execution.InterceptingExecutableInvoker.lambda$invoke$0(InterceptingExecutableInvoker.java:93)
	at org.junit.jupiter.engine.execution.InvocationInterceptorChain$InterceptedInvocation.proceed(InvocationInterceptorChain.java:106)
	at org.junit.jupiter.engine.execution.InvocationInterceptorChain.proceed(InvocationInterceptorChain.java:64)
	at org.junit.jupiter.engine.execution.InvocationInterceptorChain.chainAndInvoke(InvocationInterceptorChain.java:45)
	at org.junit.jupiter.engine.execution.InvocationInterceptorChain.invoke(InvocationInterceptorChain.java:37)
	at org.junit.jupiter.engine.execution.InterceptingExecutableInvoker.invoke(InterceptingExecutableInvoker.java:92)
	at org.junit.jupiter.engine.execution.InterceptingExecutableInvoker.invoke(InterceptingExecutableInvoker.java:86)
	at org.junit.jupiter.engine.descriptor.TestMethodTestDescriptor.lambda$invokeTestMethod$7(TestMethodTestDescriptor.java:218)
	at org.junit.platform.engine.support.hierarchical.ThrowableCollector.execute(ThrowableCollector.java:73)
	at org.junit.jupiter.engine.descriptor.TestMethodTestDescriptor.invokeTestMethod(TestMethodTestDescriptor.java:214)
	at org.junit.jupiter.engine.descriptor.TestMethodTestDescriptor.execute(TestMethodTestDescriptor.java:139)
	at org.junit.jupiter.engine.descriptor.TestMethodTestDescriptor.execute(TestMethodTestDescriptor.java:69)
	at org.junit.platform.engine.support.hierarchical.NodeTestTask.lambda$executeRecursively$6(NodeTestTask.java:151)
	at org.junit.platform.engine.support.hierarchical.ThrowableCollector.execute(ThrowableCollector.java:73)
	at org.junit.platform.engine.support.hierarchical.NodeTestTask.lambda$executeRecursively$8(NodeTestTask.java:141)
	at org.junit.platform.engine.support.hierarchical.Node.around(Node.java:137)
	at org.junit.platform.engine.support.hierarchical.NodeTestTask.lambda$executeRecursively$9(NodeTestTask.java:139)
	at org.junit.platform.engine.support.hierarchical.ThrowableCollector.execute(ThrowableCollector.java:73)
	at org.junit.platform.engine.support.hierarchical.NodeTestTask.executeRecursively(NodeTestTask.java:138)
	at org.junit.platform.engine.support.hierarchical.NodeTestTask.execute(NodeTestTask.java:95)
	at java.base/java.util.ArrayList.forEach(ArrayList.java:1596)
	at org.junit.platform.engine.support.hierarchical.SameThreadHierarchicalTestExecutorService.invokeAll(SameThreadHierarchicalTestExecutorService.java:41)
	at org.junit.platform.engine.support.hierarchical.NodeTestTask.lambda$executeRecursively$6(NodeTestTask.java:155)
	at org.junit.platform.engine.support.hierarchical.ThrowableCollector.execute(ThrowableCollector.java:73)
	at org.junit.platform.engine.support.hierarchical.NodeTestTask.lambda$executeRecursively$8(NodeTestTask.java:141)
	at org.junit.platform.engine.support.hierarchical.Node.around(Node.java:137)
	at org.junit.platform.engine.support.hierarchical.NodeTestTask.lambda$executeRecursively$9(NodeTestTask.java:139)
	at org.junit.platform.engine.support.hierarchical.ThrowableCollector.execute(ThrowableCollector.java:73)
	at org.junit.platform.engine.support.hierarchical.NodeTestTask.executeRecursively(NodeTestTask.java:138)
	at org.junit.platform.engine.support.hierarchical.NodeTestTask.execute(NodeTestTask.java:95)
	at java.base/java.util.ArrayList.forEach(ArrayList.java:1596)
	at org.junit.platform.engine.support.hierarchical.SameThreadHierarchicalTestExecutorService.invokeAll(SameThreadHierarchicalTestExecutorService.java:41)
	at org.junit.platform.engine.support.hierarchical.NodeTestTask.lambda$executeRecursively$6(NodeTestTask.java:155)
	at org.junit.platform.engine.support.hierarchical.ThrowableCollector.execute(ThrowableCollector.java:73)
	at org.junit.platform.engine.support.hierarchical.NodeTestTask.lambda$executeRecursively$8(NodeTestTask.java:141)
	at org.junit.platform.engine.support.hierarchical.Node.around(Node.java:137)
	at org.junit.platform.engine.support.hierarchical.NodeTestTask.lambda$executeRecursively$9(NodeTestTask.java:139)
	at org.junit.platform.engine.support.hierarchical.ThrowableCollector.execute(ThrowableCollector.java:73)
	at org.junit.platform.engine.support.hierarchical.NodeTestTask.executeRecursively(NodeTestTask.java:138)
	at org.junit.platform.engine.support.hierarchical.NodeTestTask.execute(NodeTestTask.java:95)
	at org.junit.platform.engine.support.hierarchical.SameThreadHierarchicalTestExecutorService.submit(SameThreadHierarchicalTestExecutorService.java:35)
	at org.junit.platform.engine.support.hierarchical.HierarchicalTestExecutor.execute(HierarchicalTestExecutor.java:57)
	at org.junit.platform.engine.support.hierarchical.HierarchicalTestEngine.execute(HierarchicalTestEngine.java:54)
	at org.junit.platform.launcher.core.EngineExecutionOrchestrator.execute(EngineExecutionOrchestrator.java:198)
	at org.junit.platform.launcher.core.EngineExecutionOrchestrator.execute(EngineExecutionOrchestrator.java:169)
	at org.junit.platform.launcher.core.EngineExecutionOrchestrator.execute(EngineExecutionOrchestrator.java:93)
	at org.junit.platform.launcher.core.EngineExecutionOrchestrator.lambda$execute$0(EngineExecutionOrchestrator.java:58)
	at org.junit.platform.launcher.core.EngineExecutionOrchestrator.withInterceptedStreams(EngineExecutionOrchestrator.java:141)
	at org.junit.platform.launcher.core.EngineExecutionOrchestrator.execute(EngineExecutionOrchestrator.java:57)
	at org.junit.platform.launcher.core.DefaultLauncher.execute(DefaultLauncher.java:103)
	at org.junit.platform.launcher.core.DefaultLauncher.execute(DefaultLauncher.java:85)
	at org.junit.platform.launcher.core.DelegatingLauncher.execute(DelegatingLauncher.java:47)
	at org.junit.platform.launcher.core.SessionPerRequestLauncher.execute(SessionPerRequestLauncher.java:63)
	at com.intellij.junit5.JUnit5IdeaTestRunner.startRunnerWithArgs(JUnit5IdeaTestRunner.java:57)
	at com.intellij.rt.junit.IdeaTestRunner$Repeater$1.execute(IdeaTestRunner.java:38)
	at com.intellij.rt.execution.junit.TestsRepeater.repeat(TestsRepeater.java:11)
	at com.intellij.rt.junit.IdeaTestRunner$Repeater.startRunnerWithArgs(IdeaTestRunner.java:35)
	at com.intellij.rt.junit.JUnitStarter.prepareStreamsAndStart(JUnitStarter.java:232)
	at com.intellij.rt.junit.JUnitStarter.main(JUnitStarter.java:55)
2025-04-01 07:58:41 [main] INFO  l.insoft.uztis.tests.utils.TestUtils - Screenshot moved to C:\Users\ingrida.zadorozniene\Desktop\Asm\UZTIS\UZTIS_tests\test-output\screenshots\20250401\075841890_testFillNewVUIApplicationFA().png
2025-04-01 07:59:32 [main] INFO  lt.insoft.uztis.tests.UztisPageTest - Navigated to https://uztisdev.asseco.lt/home
2025-04-01 07:59:32 [main] INFO  l.i.u.t.SubmittedApplicationsPageTest - Starting test:'testFillNewVUIPApplicationFA'
2025-04-01 07:59:32 [main] DEBUG l.i.u.t.SubmittedApplicationsPageTest - User logged in with test credentials.
2025-04-01 07:59:33 [main] DEBUG l.i.u.t.SubmittedApplicationsPageTest - Opened 'Application Processing' menu.
2025-04-01 07:59:33 [main] DEBUG l.i.u.t.SubmittedApplicationsPageTest - Clicked on 'Application Forms' menu.
2025-04-01 07:59:33 [main] DEBUG l.i.u.t.SubmittedApplicationsPageTest - Retrieved last description code text: 'TST-VUI-75'.
2025-04-01 07:59:33 [main] DEBUG l.i.u.t.SubmittedApplicationsPageTest - Clicked on 'Invitation' menu.
2025-04-01 07:59:35 [main] DEBUG l.i.u.t.SubmittedApplicationsPageTest - Selected application section by code: 'TST-VUI-75'.
2025-04-01 07:59:35 [main] DEBUG l.i.u.t.SubmittedApplicationsPageTest - Clicked 'Search' button.
2025-04-01 07:59:35 [main] DEBUG l.i.u.t.SubmittedApplicationsPageTest - Retrieved invitation code: ''.
2025-04-01 07:59:35 [main] DEBUG l.i.u.t.SubmittedApplicationsPageTest - Clicked on 'Submitted Applications' menu.
2025-04-01 07:59:37 [main] DEBUG l.i.u.t.SubmittedApplicationsPageTest - Selected invitation by code: 'TST-VUI-75'.
2025-04-01 07:59:37 [main] DEBUG l.i.u.t.SubmittedApplicationsPageTest - Invitation code inserted.
2025-04-01 07:59:37 [main] DEBUG l.i.u.t.SubmittedApplicationsPageTest - Clicked on 'Action Application' button.
2025-04-01 07:59:37 [main] DEBUG l.i.u.t.SubmittedApplicationsPageTest - Clicked on 'New Application' button.
2025-04-01 07:59:38 [main] DEBUG l.i.u.t.SubmittedApplicationsPageTest - Selected the 'RadioButtonFA' option.
2025-04-01 07:59:38 [main] DEBUG l.i.u.t.SubmittedApplicationsPageTest - Entered phone number: '61298745'.
2025-04-01 07:59:38 [main] DEBUG l.i.u.t.SubmittedApplicationsPageTest - Entered email: 'test@autotest.com'.
2025-04-01 07:59:38 [main] INFO  l.i.u.p.SubmittedApplicationsPage - Clicking on the dropdown button.
2025-04-01 07:59:55 [main] INFO  l.i.u.p.SubmittedApplicationsPage - Found 1741 options in the dropdown.
2025-04-01 07:59:55 [main] DEBUG l.i.u.p.SubmittedApplicationsPage - Checking option: ''
2025-04-01 07:59:55 [main] DEBUG l.i.u.p.SubmittedApplicationsPage - Checking option: '01.11 - Grūdinių (išskyrus ryžius), ankštinių ir aliejingų sėklų augalų auginimas'
2025-04-01 07:59:55 [main] INFO  l.i.u.p.SubmittedApplicationsPage - Successfully selected the value: '01.11 - Grūdinių (išskyrus ryžius), ankštinių ir aliejingų sėklų augalų auginimas'
2025-04-01 07:59:55 [main] INFO  l.i.u.p.SubmittedApplicationsPage - Attempting to close the dropdown.
2025-04-01 07:59:56 [main] DEBUG l.i.u.t.SubmittedApplicationsPageTest - Selected EVRK value: '01.11 - Grūdinių (išskyrus ryžius), ankštinių ir aliejingų sėklų augalų auginimas'.
2025-04-01 07:59:56 [main] DEBUG l.i.u.t.SubmittedApplicationsPageTest - Clicked on 'Address Component' button.
2025-04-01 07:59:56 [main] INFO  l.i.u.p.SubmittedApplicationsPage - Located the dropdown button.
2025-04-01 07:59:59 [main] INFO  l.i.u.p.SubmittedApplicationsPage - Successfully selected the value: 'Lietuva'
2025-04-01 07:59:59 [main] DEBUG l.i.u.t.SubmittedApplicationsPageTest - Selected country: 'Lietuva'.
2025-04-01 07:59:59 [main] INFO  l.i.u.p.SubmittedApplicationsPage - Located the dropdown search field.
2025-04-01 08:00:00 [main] INFO  l.i.u.p.SubmittedApplicationsPage - Dropdown city is opened.
2025-04-01 08:00:00 [main] INFO  l.i.u.p.SubmittedApplicationsPage - Searched for value: 'Vilnius'
2025-04-01 08:00:01 [main] INFO  l.i.u.p.SubmittedApplicationsPage - Successfully selected: 'Vilnius'
2025-04-01 08:00:01 [main] INFO  l.i.u.p.SubmittedApplicationsPage - Located the dropdown button.
2025-04-01 08:00:02 [main] INFO  l.i.u.p.SubmittedApplicationsPage - Successfully selected the value: 'A. Domaševičiaus g.'
2025-04-01 08:00:02 [main] DEBUG l.i.u.t.SubmittedApplicationsPageTest - Selected street: 'A. Domaševičiaus g.'.
2025-04-01 08:00:02 [main] INFO  l.i.u.p.SubmittedApplicationsPage - Located the dropdown button.
2025-04-01 08:00:02 [main] INFO  l.i.u.p.SubmittedApplicationsPage - Successfully selected the value: '1'
2025-04-01 08:00:02 [main] DEBUG l.i.u.t.SubmittedApplicationsPageTest - Selected house: '1'.
2025-04-01 08:00:02 [main] INFO  l.i.u.p.SubmittedApplicationsPage - Located the dropdown button.
2025-04-01 08:00:02 [main] INFO  l.i.u.p.SubmittedApplicationsPage - Successfully selected the value: '1'
2025-04-01 08:00:02 [main] DEBUG l.i.u.t.SubmittedApplicationsPageTest - Selected apartment: '1'.
2025-04-01 08:00:03 [main] DEBUG l.i.u.t.SubmittedApplicationsPageTest - Clicked 'Confirm' button.
2025-04-01 08:00:03 [main] DEBUG l.i.u.t.SubmittedApplicationsPageTest - Entered project date.
2025-04-01 08:00:03 [main] DEBUG l.i.u.t.SubmittedApplicationsPageTest - Entered job count: '1'.
2025-04-01 08:00:04 [main] DEBUG l.i.u.t.SubmittedApplicationsPageTest - Clicked 'Next' button.
2025-04-01 08:00:04 [main] INFO  l.i.u.p.SubmittedApplicationsPage - Located the dropdown button.
2025-04-01 08:00:05 [main] INFO  l.i.u.p.SubmittedApplicationsPage - Successfully selected the value: 'Administratoriai'
2025-04-01 08:00:05 [main] DEBUG l.i.u.t.SubmittedApplicationsPageTest - Selected job name: 'Administratoriai'.
2025-04-01 08:00:05 [main] DEBUG l.i.u.t.SubmittedApplicationsPageTest - Entered job function: 'Funkcija 1'.
2025-04-01 08:00:05 [main] DEBUG l.i.u.t.SubmittedApplicationsPageTest - Selected 'RadioButtonWithDisabilities' option.
2025-04-01 08:00:05 [main] INFO  l.i.u.p.SubmittedApplicationsPage - Clicking on the dropdown button.
2025-04-01 08:00:06 [main] INFO  l.i.u.p.SubmittedApplicationsPage - Found 34 options in the dropdown.
2025-04-01 08:00:06 [main] DEBUG l.i.u.p.SubmittedApplicationsPage - Checking option: 'Asmenys, kuriems suteiktas pabėgėlio statusas ar perkeliamojo asmens statusas, arba asmenys, kuriems suteikta papildoma ar laikinoji apsauga, ir asmenys, turintys teisę gauti laikinąją apsaugą, iki sprendimo dėl laikinosios apsaugos suteikimo (nesuteikimo) priėmimo, tačiau ne ilgiau kaip laikinosios apsaugos laikotarpiu'
2025-04-01 08:00:06 [main] DEBUG l.i.u.p.SubmittedApplicationsPage - Checking option: 'Asmenys, kuriems suteiktas pabėgėlio statusas ar perkeliamojo asmens statusas, arba asmenys, kuriems suteikta papildoma ar laikinoji apsauga, ir asmenys, turintys teisę gauti laikinąją apsaugą, iki sprendimo dėl laikinosios apsaugos suteikimo (nesuteikimo) priėmimo, tačiau ne ilgiau kaip laikinosios apsaugos laikotarpiu'
2025-04-01 08:00:06 [main] DEBUG l.i.u.p.SubmittedApplicationsPage - Checking option: 'Asmenys, turintys teisę į papildomas užimtumo garantijas pagal Lietuvos Respublikos valstybės įmonės Ignalinos atominės elektrinės darbuotojų papildomų užimtumo ir socialinių garantijų įstatymą'
2025-04-01 08:00:06 [main] DEBUG l.i.u.p.SubmittedApplicationsPage - Checking option: 'Asmenys, turintys teisę į papildomas užimtumo garantijas pagal Lietuvos Respublikos valstybės įmonės Ignalinos atominės elektrinės darbuotojų papildomų užimtumo ir socialinių garantijų įstatymą'
2025-04-01 08:00:06 [main] DEBUG l.i.u.p.SubmittedApplicationsPage - Checking option: 'Bedarbiai iki 29 metų'
2025-04-01 08:00:06 [main] DEBUG l.i.u.p.SubmittedApplicationsPage - Checking option: 'Bedarbiai iki 29 metų'
2025-04-01 08:00:06 [main] DEBUG l.i.u.p.SubmittedApplicationsPage - Checking option: 'Bedarbiai, kurie yra darbingo amžiaus neįgalieji, kuriems nustatytas 30–40 procentų darbingumo lygis arba vidutinis neįgalumo lygis'
2025-04-01 08:00:06 [main] DEBUG l.i.u.p.SubmittedApplicationsPage - Checking option: 'Bedarbiai, kurie yra darbingo amžiaus neįgalieji, kuriems nustatytas 30–40 procentų darbingumo lygis arba vidutinis neįgalumo lygis'
2025-04-01 08:00:06 [main] DEBUG l.i.u.p.SubmittedApplicationsPage - Checking option: 'Bedarbiai, kurie yra darbingo amžiaus neįgalieji, kuriems nustatytas 45–55 procentų darbingumo lygis arba lengvas neįgalumo lygis'
2025-04-01 08:00:06 [main] DEBUG l.i.u.p.SubmittedApplicationsPage - Checking option: 'Bedarbiai, kurie yra darbingo amžiaus neįgalieji, kuriems nustatytas 45–55 procentų darbingumo lygis arba lengvas neįgalumo lygis'
2025-04-01 08:00:06 [main] DEBUG l.i.u.p.SubmittedApplicationsPage - Checking option: 'Bedarbiai, kurie yra darbingo amžiaus neįgalieji, kuriems nustatytas iki 25 procentų darbingumo lygis arba sunkus neįgalumo lygis'
2025-04-01 08:00:06 [main] INFO  l.i.u.p.SubmittedApplicationsPage - Successfully selected the value: 'Bedarbiai, kurie yra darbingo amžiaus neįgalieji, kuriems nustatytas iki 25 procentų darbingumo lygis arba sunkus neįgalumo lygis'
2025-04-01 08:00:06 [main] INFO  l.i.u.p.SubmittedApplicationsPage - Attempting to close the dropdown.
2025-04-01 08:00:07 [main] DEBUG l.i.u.t.SubmittedApplicationsPageTest - Selected disabilities type: 'Bedarbiai, kurie yra darbingo amžiaus neįgalieji, kuriems nustatytas iki 25 procentų darbingumo lygis arba sunkus neįgalumo lygis'.
2025-04-01 08:00:07 [main] DEBUG l.i.u.t.SubmittedApplicationsPageTest - Entered disability information: 'Negalia 1'.
2025-04-01 08:00:07 [main] INFO  l.i.u.p.SubmittedApplicationsPage - Located the dropdown button.
2025-04-01 08:00:08 [main] INFO  l.i.u.p.SubmittedApplicationsPage - Successfully selected the value: 'Kita'
2025-04-01 08:00:08 [main] DEBUG l.i.u.t.SubmittedApplicationsPageTest - Selected time mode: 'Kita'.
2025-04-01 08:00:08 [main] DEBUG l.i.u.t.SubmittedApplicationsPageTest - Selected time mode other: '6 val. per dieną ir 4 d. per savaitę'.
2025-04-01 08:00:08 [main] DEBUG l.i.u.t.SubmittedApplicationsPageTest - Entered qualification: 'Kvalifikacija 1'.
2025-04-01 08:00:09 [main] DEBUG l.i.u.t.SubmittedApplicationsPageTest - Entered job date.
2025-04-01 08:00:09 [main] DEBUG l.i.u.t.SubmittedApplicationsPageTest - Entered salary amount: '1200'.
2025-04-01 08:00:09 [main] DEBUG l.i.u.t.SubmittedApplicationsPageTest - Entered salary description: 'Užmokestis 1'.
2025-04-01 08:00:09 [main] DEBUG l.i.u.t.SubmittedApplicationsPageTest - Selected 'Temporary Job' radio button.
2025-04-01 08:00:10 [main] DEBUG l.i.u.t.SubmittedApplicationsPageTest - Selected 'Season Job' radio button.
2025-04-01 08:00:10 [main] DEBUG l.i.u.t.SubmittedApplicationsPageTest - Selected 'Energy' radio button.
2025-04-01 08:00:10 [main] DEBUG l.i.u.t.SubmittedApplicationsPageTest - Selected 'Repair' radio button.
2025-04-01 08:00:10 [main] DEBUG l.i.u.t.SubmittedApplicationsPageTest - Entered job description: 'Veikla 1'.
2025-04-01 08:00:11 [main] DEBUG l.i.u.t.SubmittedApplicationsPageTest - Entered process description: 'Procesas 1'.
2025-04-01 08:00:11 [main] DEBUG l.i.u.t.SubmittedApplicationsPageTest - Entered energy information: 'Energija 1'.
2025-04-01 08:00:11 [main] DEBUG l.i.u.t.SubmittedApplicationsPageTest - Entered repair information: 'Remontas 1'.
2025-04-01 08:00:11 [main] DEBUG l.i.u.t.SubmittedApplicationsPageTest - Selected 'PVM' radio button.
2025-04-01 08:00:11 [main] INFO  l.i.u.p.SubmittedApplicationsPage - Located the dropdown button.
2025-04-01 08:00:12 [main] INFO  l.i.u.p.SubmittedApplicationsPage - Successfully selected the value: 'Įsigyti'
2025-04-01 08:00:12 [main] DEBUG l.i.u.t.SubmittedApplicationsPageTest - Selected necessary for job: 'Įsigyti'.
2025-04-01 08:00:12 [main] DEBUG l.i.u.t.SubmittedApplicationsPageTest - Selected tool: 'Darbo priemonė 1'.
2025-04-01 08:00:12 [main] DEBUG l.i.u.t.SubmittedApplicationsPageTest - Selected tool parameter one: 'Darbo priemonės 1 parametras 1'.
2025-04-01 08:00:12 [main] DEBUG l.i.u.t.SubmittedApplicationsPageTest - Selected tool parameter two: 'Darbo priemonės 1 parametras 2'.
2025-04-01 08:00:13 [main] DEBUG l.i.u.t.SubmittedApplicationsPageTest - Selected tool parameter three: 'Darbo priemonės 1 parametras 3'.
2025-04-01 08:00:13 [main] DEBUG l.i.u.t.SubmittedApplicationsPageTest - Entered tool count: '1'.
2025-04-01 08:00:13 [main] DEBUG l.i.u.t.SubmittedApplicationsPageTest - Entered price amount 1: '1000'.
2025-04-01 08:00:15 [main] DEBUG l.i.u.t.SubmittedApplicationsPageTest - Entered own funds amount 1: '800'.
2025-04-01 08:00:18 [main] DEBUG l.i.u.t.SubmittedApplicationsPageTest - Clicked 'Add' button.
2025-04-01 08:00:18 [main] INFO  l.i.u.p.SubmittedApplicationsPage - Located the dropdown button.
2025-04-01 08:00:18 [main] INFO  l.i.u.p.SubmittedApplicationsPage - Successfully selected the value: 'Remontuoti'
2025-04-01 08:00:18 [main] DEBUG l.i.u.t.SubmittedApplicationsPageTest - Selected necessary for job 'to repair': 'Remontuoti'.
2025-04-01 08:00:18 [main] DEBUG l.i.u.t.SubmittedApplicationsPageTest - Selected repair name: 'Remonto pavadinimas 1'.
2025-04-01 08:00:19 [main] DEBUG l.i.u.t.SubmittedApplicationsPageTest - Entered repair information: 'Remonto aprašymas 1'.
2025-04-01 08:00:21 [main] DEBUG l.i.u.t.SubmittedApplicationsPageTest - Clicked 'Add' button.
2025-04-01 08:00:23 [main] DEBUG l.i.u.t.SubmittedApplicationsPageTest - Clicked 'Remove' button.
2025-04-01 08:00:26 [main] ERROR l.i.u.t.SubmittedApplicationsPageTest - Test 'testFillNewVUIApplicationFA' failed with error: element click intercepted: Element <button type="button" class="i-forms-repeater-button i-forms-repeater-button-remove">...</button> is not clickable at point (494, 991). Other element would receive the click: <div class="cdk-overlay-backdrop cdk-overlay-dark-backdrop cdk-overlay-backdrop-showing"></div>
  (Session info: chrome=134.0.6998.178)
Build info: version: '4.27.0', revision: 'd6e718d134'
System info: os.name: 'Windows 11', os.arch: 'amd64', os.version: '10.0', java.version: '21.0.3'
Driver info: org.openqa.selenium.chrome.ChromeDriver
Command: [4a52521bf4b407f2b99be06449dfd107, clickElement {id=f.C59F9301B465FB1A5F44C26A7C4BE311.d.A00BC120656000539B49238F2425D949.e.2770}]
Capabilities {acceptInsecureCerts: false, browserName: chrome, browserVersion: 134.0.6998.178, chrome: {chromedriverVersion: 134.0.6998.165 (fd886e2cb29..., userDataDir: C:\Users\INGRID~1.ZAD\AppDa...}, fedcm:accounts: true, goog:chromeOptions: {debuggerAddress: localhost:50169}, networkConnectionEnabled: false, pageLoadStrategy: normal, platformName: windows, proxy: Proxy(), se:cdp: ws://localhost:50169/devtoo..., se:cdpVersion: 134.0.6998.178, setWindowRect: true, strictFileInteractability: false, timeouts: {implicit: 0, pageLoad: 300000, script: 30000}, unhandledPromptBehavior: dismiss and notify, webauthn:extension:credBlob: true, webauthn:extension:largeBlob: true, webauthn:extension:minPinLength: true, webauthn:extension:prf: true, webauthn:virtualAuthenticators: true}
Element: [[ChromeDriver: chrome on windows (4a52521bf4b407f2b99be06449dfd107)] -> xpath: (//button[contains(@class, 'i-forms-repeater-button-remove')])[2]]
Session ID: 4a52521bf4b407f2b99be06449dfd107
org.openqa.selenium.ElementClickInterceptedException: element click intercepted: Element <button type="button" class="i-forms-repeater-button i-forms-repeater-button-remove">...</button> is not clickable at point (494, 991). Other element would receive the click: <div class="cdk-overlay-backdrop cdk-overlay-dark-backdrop cdk-overlay-backdrop-showing"></div>
  (Session info: chrome=134.0.6998.178)
Build info: version: '4.27.0', revision: 'd6e718d134'
System info: os.name: 'Windows 11', os.arch: 'amd64', os.version: '10.0', java.version: '21.0.3'
Driver info: org.openqa.selenium.chrome.ChromeDriver
Command: [4a52521bf4b407f2b99be06449dfd107, clickElement {id=f.C59F9301B465FB1A5F44C26A7C4BE311.d.A00BC120656000539B49238F2425D949.e.2770}]
Capabilities {acceptInsecureCerts: false, browserName: chrome, browserVersion: 134.0.6998.178, chrome: {chromedriverVersion: 134.0.6998.165 (fd886e2cb29..., userDataDir: C:\Users\INGRID~1.ZAD\AppDa...}, fedcm:accounts: true, goog:chromeOptions: {debuggerAddress: localhost:50169}, networkConnectionEnabled: false, pageLoadStrategy: normal, platformName: windows, proxy: Proxy(), se:cdp: ws://localhost:50169/devtoo..., se:cdpVersion: 134.0.6998.178, setWindowRect: true, strictFileInteractability: false, timeouts: {implicit: 0, pageLoad: 300000, script: 30000}, unhandledPromptBehavior: dismiss and notify, webauthn:extension:credBlob: true, webauthn:extension:largeBlob: true, webauthn:extension:minPinLength: true, webauthn:extension:prf: true, webauthn:virtualAuthenticators: true}
Element: [[ChromeDriver: chrome on windows (4a52521bf4b407f2b99be06449dfd107)] -> xpath: (//button[contains(@class, 'i-forms-repeater-button-remove')])[2]]
Session ID: 4a52521bf4b407f2b99be06449dfd107
	at java.base/jdk.internal.reflect.DirectConstructorHandleAccessor.newInstance(DirectConstructorHandleAccessor.java:62)
	at java.base/java.lang.reflect.Constructor.newInstanceWithCaller(Constructor.java:502)
	at java.base/java.lang.reflect.Constructor.newInstance(Constructor.java:486)
	at org.openqa.selenium.remote.ErrorCodec.decode(ErrorCodec.java:167)
	at org.openqa.selenium.remote.codec.w3c.W3CHttpResponseCodec.decode(W3CHttpResponseCodec.java:138)
	at org.openqa.selenium.remote.codec.w3c.W3CHttpResponseCodec.decode(W3CHttpResponseCodec.java:50)
	at org.openqa.selenium.remote.HttpCommandExecutor.execute(HttpCommandExecutor.java:190)
	at org.openqa.selenium.remote.service.DriverCommandExecutor.invokeExecute(DriverCommandExecutor.java:216)
	at org.openqa.selenium.remote.service.DriverCommandExecutor.execute(DriverCommandExecutor.java:174)
	at org.openqa.selenium.remote.RemoteWebDriver.execute(RemoteWebDriver.java:545)
	at org.openqa.selenium.remote.RemoteWebElement.execute(RemoteWebElement.java:223)
	at org.openqa.selenium.remote.RemoteWebElement.click(RemoteWebElement.java:76)
	at java.base/jdk.internal.reflect.DirectMethodHandleAccessor.invoke(DirectMethodHandleAccessor.java:103)
	at java.base/java.lang.reflect.Method.invoke(Method.java:580)
	at org.openqa.selenium.support.pagefactory.internal.LocatingElementHandler.invoke(LocatingElementHandler.java:51)
	at jdk.proxy2/jdk.proxy2.$Proxy14.click(Unknown Source)
	at lt.insoft.uztis.pages.SubmittedApplicationsPage.clickButtonRemoveConfirmation(SubmittedApplicationsPage.java:1614)
	at lt.insoft.uztis.tests.SubmittedApplicationsPageTest.testFillNewVUIApplicationFA(SubmittedApplicationsPageTest.java:346)
	at java.base/jdk.internal.reflect.DirectMethodHandleAccessor.invoke(DirectMethodHandleAccessor.java:103)
	at java.base/java.lang.reflect.Method.invoke(Method.java:580)
	at org.junit.platform.commons.util.ReflectionUtils.invokeMethod(ReflectionUtils.java:728)
	at org.junit.jupiter.engine.execution.MethodInvocation.proceed(MethodInvocation.java:60)
	at org.junit.jupiter.engine.execution.InvocationInterceptorChain$ValidatingInvocation.proceed(InvocationInterceptorChain.java:131)
	at org.junit.jupiter.engine.extension.TimeoutExtension.intercept(TimeoutExtension.java:156)
	at org.junit.jupiter.engine.extension.TimeoutExtension.interceptTestableMethod(TimeoutExtension.java:147)
	at org.junit.jupiter.engine.extension.TimeoutExtension.interceptTestMethod(TimeoutExtension.java:86)
	at org.junit.jupiter.engine.execution.InterceptingExecutableInvoker$ReflectiveInterceptorCall.lambda$ofVoidMethod$0(InterceptingExecutableInvoker.java:103)
	at org.junit.jupiter.engine.execution.InterceptingExecutableInvoker.lambda$invoke$0(InterceptingExecutableInvoker.java:93)
	at org.junit.jupiter.engine.execution.InvocationInterceptorChain$InterceptedInvocation.proceed(InvocationInterceptorChain.java:106)
	at org.junit.jupiter.engine.execution.InvocationInterceptorChain.proceed(InvocationInterceptorChain.java:64)
	at org.junit.jupiter.engine.execution.InvocationInterceptorChain.chainAndInvoke(InvocationInterceptorChain.java:45)
	at org.junit.jupiter.engine.execution.InvocationInterceptorChain.invoke(InvocationInterceptorChain.java:37)
	at org.junit.jupiter.engine.execution.InterceptingExecutableInvoker.invoke(InterceptingExecutableInvoker.java:92)
	at org.junit.jupiter.engine.execution.InterceptingExecutableInvoker.invoke(InterceptingExecutableInvoker.java:86)
	at org.junit.jupiter.engine.descriptor.TestMethodTestDescriptor.lambda$invokeTestMethod$7(TestMethodTestDescriptor.java:218)
	at org.junit.platform.engine.support.hierarchical.ThrowableCollector.execute(ThrowableCollector.java:73)
	at org.junit.jupiter.engine.descriptor.TestMethodTestDescriptor.invokeTestMethod(TestMethodTestDescriptor.java:214)
	at org.junit.jupiter.engine.descriptor.TestMethodTestDescriptor.execute(TestMethodTestDescriptor.java:139)
	at org.junit.jupiter.engine.descriptor.TestMethodTestDescriptor.execute(TestMethodTestDescriptor.java:69)
	at org.junit.platform.engine.support.hierarchical.NodeTestTask.lambda$executeRecursively$6(NodeTestTask.java:151)
	at org.junit.platform.engine.support.hierarchical.ThrowableCollector.execute(ThrowableCollector.java:73)
	at org.junit.platform.engine.support.hierarchical.NodeTestTask.lambda$executeRecursively$8(NodeTestTask.java:141)
	at org.junit.platform.engine.support.hierarchical.Node.around(Node.java:137)
	at org.junit.platform.engine.support.hierarchical.NodeTestTask.lambda$executeRecursively$9(NodeTestTask.java:139)
	at org.junit.platform.engine.support.hierarchical.ThrowableCollector.execute(ThrowableCollector.java:73)
	at org.junit.platform.engine.support.hierarchical.NodeTestTask.executeRecursively(NodeTestTask.java:138)
	at org.junit.platform.engine.support.hierarchical.NodeTestTask.execute(NodeTestTask.java:95)
	at java.base/java.util.ArrayList.forEach(ArrayList.java:1596)
	at org.junit.platform.engine.support.hierarchical.SameThreadHierarchicalTestExecutorService.invokeAll(SameThreadHierarchicalTestExecutorService.java:41)
	at org.junit.platform.engine.support.hierarchical.NodeTestTask.lambda$executeRecursively$6(NodeTestTask.java:155)
	at org.junit.platform.engine.support.hierarchical.ThrowableCollector.execute(ThrowableCollector.java:73)
	at org.junit.platform.engine.support.hierarchical.NodeTestTask.lambda$executeRecursively$8(NodeTestTask.java:141)
	at org.junit.platform.engine.support.hierarchical.Node.around(Node.java:137)
	at org.junit.platform.engine.support.hierarchical.NodeTestTask.lambda$executeRecursively$9(NodeTestTask.java:139)
	at org.junit.platform.engine.support.hierarchical.ThrowableCollector.execute(ThrowableCollector.java:73)
	at org.junit.platform.engine.support.hierarchical.NodeTestTask.executeRecursively(NodeTestTask.java:138)
	at org.junit.platform.engine.support.hierarchical.NodeTestTask.execute(NodeTestTask.java:95)
	at java.base/java.util.ArrayList.forEach(ArrayList.java:1596)
	at org.junit.platform.engine.support.hierarchical.SameThreadHierarchicalTestExecutorService.invokeAll(SameThreadHierarchicalTestExecutorService.java:41)
	at org.junit.platform.engine.support.hierarchical.NodeTestTask.lambda$executeRecursively$6(NodeTestTask.java:155)
	at org.junit.platform.engine.support.hierarchical.ThrowableCollector.execute(ThrowableCollector.java:73)
	at org.junit.platform.engine.support.hierarchical.NodeTestTask.lambda$executeRecursively$8(NodeTestTask.java:141)
	at org.junit.platform.engine.support.hierarchical.Node.around(Node.java:137)
	at org.junit.platform.engine.support.hierarchical.NodeTestTask.lambda$executeRecursively$9(NodeTestTask.java:139)
	at org.junit.platform.engine.support.hierarchical.ThrowableCollector.execute(ThrowableCollector.java:73)
	at org.junit.platform.engine.support.hierarchical.NodeTestTask.executeRecursively(NodeTestTask.java:138)
	at org.junit.platform.engine.support.hierarchical.NodeTestTask.execute(NodeTestTask.java:95)
	at org.junit.platform.engine.support.hierarchical.SameThreadHierarchicalTestExecutorService.submit(SameThreadHierarchicalTestExecutorService.java:35)
	at org.junit.platform.engine.support.hierarchical.HierarchicalTestExecutor.execute(HierarchicalTestExecutor.java:57)
	at org.junit.platform.engine.support.hierarchical.HierarchicalTestEngine.execute(HierarchicalTestEngine.java:54)
	at org.junit.platform.launcher.core.EngineExecutionOrchestrator.execute(EngineExecutionOrchestrator.java:198)
	at org.junit.platform.launcher.core.EngineExecutionOrchestrator.execute(EngineExecutionOrchestrator.java:169)
	at org.junit.platform.launcher.core.EngineExecutionOrchestrator.execute(EngineExecutionOrchestrator.java:93)
	at org.junit.platform.launcher.core.EngineExecutionOrchestrator.lambda$execute$0(EngineExecutionOrchestrator.java:58)
	at org.junit.platform.launcher.core.EngineExecutionOrchestrator.withInterceptedStreams(EngineExecutionOrchestrator.java:141)
	at org.junit.platform.launcher.core.EngineExecutionOrchestrator.execute(EngineExecutionOrchestrator.java:57)
	at org.junit.platform.launcher.core.DefaultLauncher.execute(DefaultLauncher.java:103)
	at org.junit.platform.launcher.core.DefaultLauncher.execute(DefaultLauncher.java:85)
	at org.junit.platform.launcher.core.DelegatingLauncher.execute(DelegatingLauncher.java:47)
	at org.junit.platform.launcher.core.SessionPerRequestLauncher.execute(SessionPerRequestLauncher.java:63)
	at com.intellij.junit5.JUnit5IdeaTestRunner.startRunnerWithArgs(JUnit5IdeaTestRunner.java:57)
	at com.intellij.rt.junit.IdeaTestRunner$Repeater$1.execute(IdeaTestRunner.java:38)
	at com.intellij.rt.execution.junit.TestsRepeater.repeat(TestsRepeater.java:11)
	at com.intellij.rt.junit.IdeaTestRunner$Repeater.startRunnerWithArgs(IdeaTestRunner.java:35)
	at com.intellij.rt.junit.JUnitStarter.prepareStreamsAndStart(JUnitStarter.java:232)
	at com.intellij.rt.junit.JUnitStarter.main(JUnitStarter.java:55)
2025-04-01 08:00:26 [main] INFO  l.insoft.uztis.tests.utils.TestUtils - Screenshot moved to C:\Users\ingrida.zadorozniene\Desktop\Asm\UZTIS\UZTIS_tests\test-output\screenshots\20250401\080026794_testFillNewVUIApplicationFA().png
2025-04-01 08:04:46 [main] INFO  lt.insoft.uztis.tests.UztisPageTest - Navigated to https://uztisdev.asseco.lt/home
2025-04-01 08:04:46 [main] INFO  l.i.u.t.SubmittedApplicationsPageTest - Starting test:'testFillNewVUIPApplicationFA'
2025-04-01 08:04:47 [main] DEBUG l.i.u.t.SubmittedApplicationsPageTest - User logged in with test credentials.
2025-04-01 08:04:47 [main] DEBUG l.i.u.t.SubmittedApplicationsPageTest - Opened 'Application Processing' menu.
2025-04-01 08:04:48 [main] DEBUG l.i.u.t.SubmittedApplicationsPageTest - Clicked on 'Application Forms' menu.
2025-04-01 08:04:48 [main] DEBUG l.i.u.t.SubmittedApplicationsPageTest - Retrieved last description code text: 'TST-VUI-75'.
2025-04-01 08:04:48 [main] DEBUG l.i.u.t.SubmittedApplicationsPageTest - Clicked on 'Invitation' menu.
2025-04-01 08:04:49 [main] DEBUG l.i.u.t.SubmittedApplicationsPageTest - Selected application section by code: 'TST-VUI-75'.
2025-04-01 08:04:50 [main] DEBUG l.i.u.t.SubmittedApplicationsPageTest - Clicked 'Search' button.
2025-04-01 08:04:50 [main] DEBUG l.i.u.t.SubmittedApplicationsPageTest - Retrieved invitation code: ''.
2025-04-01 08:04:50 [main] DEBUG l.i.u.t.SubmittedApplicationsPageTest - Clicked on 'Submitted Applications' menu.
2025-04-01 08:04:51 [main] DEBUG l.i.u.t.SubmittedApplicationsPageTest - Selected invitation by code: 'TST-VUI-75'.
2025-04-01 08:04:51 [main] DEBUG l.i.u.t.SubmittedApplicationsPageTest - Invitation code inserted.
2025-04-01 08:04:52 [main] DEBUG l.i.u.t.SubmittedApplicationsPageTest - Clicked on 'Action Application' button.
2025-04-01 08:04:52 [main] DEBUG l.i.u.t.SubmittedApplicationsPageTest - Clicked on 'New Application' button.
2025-04-01 08:04:52 [main] DEBUG l.i.u.t.SubmittedApplicationsPageTest - Selected the 'RadioButtonFA' option.
2025-04-01 08:04:52 [main] DEBUG l.i.u.t.SubmittedApplicationsPageTest - Entered phone number: '61298745'.
2025-04-01 08:04:53 [main] DEBUG l.i.u.t.SubmittedApplicationsPageTest - Entered email: 'test@autotest.com'.
2025-04-01 08:04:53 [main] INFO  l.i.u.p.SubmittedApplicationsPage - Clicking on the dropdown button.
2025-04-01 08:05:12 [main] INFO  l.i.u.p.SubmittedApplicationsPage - Found 1741 options in the dropdown.
2025-04-01 08:05:12 [main] DEBUG l.i.u.p.SubmittedApplicationsPage - Checking option: ''
2025-04-01 08:05:12 [main] DEBUG l.i.u.p.SubmittedApplicationsPage - Checking option: '01.11 - Grūdinių (išskyrus ryžius), ankštinių ir aliejingų sėklų augalų auginimas'
2025-04-01 08:05:12 [main] INFO  l.i.u.p.SubmittedApplicationsPage - Successfully selected the value: '01.11 - Grūdinių (išskyrus ryžius), ankštinių ir aliejingų sėklų augalų auginimas'
2025-04-01 08:05:12 [main] INFO  l.i.u.p.SubmittedApplicationsPage - Attempting to close the dropdown.
2025-04-01 08:05:12 [main] DEBUG l.i.u.t.SubmittedApplicationsPageTest - Selected EVRK value: '01.11 - Grūdinių (išskyrus ryžius), ankštinių ir aliejingų sėklų augalų auginimas'.
2025-04-01 08:05:13 [main] DEBUG l.i.u.t.SubmittedApplicationsPageTest - Clicked on 'Address Component' button.
2025-04-01 08:05:13 [main] INFO  l.i.u.p.SubmittedApplicationsPage - Located the dropdown button.
2025-04-01 08:05:16 [main] INFO  l.i.u.p.SubmittedApplicationsPage - Successfully selected the value: 'Lietuva'
2025-04-01 08:05:16 [main] DEBUG l.i.u.t.SubmittedApplicationsPageTest - Selected country: 'Lietuva'.
2025-04-01 08:05:16 [main] INFO  l.i.u.p.SubmittedApplicationsPage - Located the dropdown search field.
2025-04-01 08:05:16 [main] INFO  l.i.u.p.SubmittedApplicationsPage - Dropdown city is opened.
2025-04-01 08:05:16 [main] INFO  l.i.u.p.SubmittedApplicationsPage - Searched for value: 'Vilnius'
2025-04-01 08:05:17 [main] INFO  l.i.u.p.SubmittedApplicationsPage - Successfully selected: 'Vilnius'
2025-04-01 08:05:17 [main] INFO  l.i.u.p.SubmittedApplicationsPage - Located the dropdown button.
2025-04-01 08:05:18 [main] INFO  l.i.u.p.SubmittedApplicationsPage - Successfully selected the value: 'A. Domaševičiaus g.'
2025-04-01 08:05:18 [main] DEBUG l.i.u.t.SubmittedApplicationsPageTest - Selected street: 'A. Domaševičiaus g.'.
2025-04-01 08:05:18 [main] INFO  l.i.u.p.SubmittedApplicationsPage - Located the dropdown button.
2025-04-01 08:05:19 [main] INFO  l.i.u.p.SubmittedApplicationsPage - Successfully selected the value: '1'
2025-04-01 08:05:19 [main] DEBUG l.i.u.t.SubmittedApplicationsPageTest - Selected house: '1'.
2025-04-01 08:05:19 [main] INFO  l.i.u.p.SubmittedApplicationsPage - Located the dropdown button.
2025-04-01 08:05:19 [main] INFO  l.i.u.p.SubmittedApplicationsPage - Successfully selected the value: '1'
2025-04-01 08:05:19 [main] DEBUG l.i.u.t.SubmittedApplicationsPageTest - Selected apartment: '1'.
2025-04-01 08:05:19 [main] DEBUG l.i.u.t.SubmittedApplicationsPageTest - Clicked 'Confirm' button.
2025-04-01 08:05:19 [main] DEBUG l.i.u.t.SubmittedApplicationsPageTest - Entered project date.
2025-04-01 08:05:19 [main] DEBUG l.i.u.t.SubmittedApplicationsPageTest - Entered job count: '1'.
2025-04-01 08:05:20 [main] DEBUG l.i.u.t.SubmittedApplicationsPageTest - Clicked 'Next' button.
2025-04-01 08:05:20 [main] INFO  l.i.u.p.SubmittedApplicationsPage - Located the dropdown button.
2025-04-01 08:05:21 [main] INFO  l.i.u.p.SubmittedApplicationsPage - Successfully selected the value: 'Administratoriai'
2025-04-01 08:05:21 [main] DEBUG l.i.u.t.SubmittedApplicationsPageTest - Selected job name: 'Administratoriai'.
2025-04-01 08:05:21 [main] DEBUG l.i.u.t.SubmittedApplicationsPageTest - Entered job function: 'Funkcija 1'.
2025-04-01 08:05:22 [main] DEBUG l.i.u.t.SubmittedApplicationsPageTest - Selected 'RadioButtonWithDisabilities' option.
2025-04-01 08:05:22 [main] INFO  l.i.u.p.SubmittedApplicationsPage - Clicking on the dropdown button.
2025-04-01 08:05:23 [main] INFO  l.i.u.p.SubmittedApplicationsPage - Found 34 options in the dropdown.
2025-04-01 08:05:23 [main] DEBUG l.i.u.p.SubmittedApplicationsPage - Checking option: 'Asmenys, kuriems suteiktas pabėgėlio statusas ar perkeliamojo asmens statusas, arba asmenys, kuriems suteikta papildoma ar laikinoji apsauga, ir asmenys, turintys teisę gauti laikinąją apsaugą, iki sprendimo dėl laikinosios apsaugos suteikimo (nesuteikimo) priėmimo, tačiau ne ilgiau kaip laikinosios apsaugos laikotarpiu'
2025-04-01 08:05:23 [main] DEBUG l.i.u.p.SubmittedApplicationsPage - Checking option: 'Asmenys, kuriems suteiktas pabėgėlio statusas ar perkeliamojo asmens statusas, arba asmenys, kuriems suteikta papildoma ar laikinoji apsauga, ir asmenys, turintys teisę gauti laikinąją apsaugą, iki sprendimo dėl laikinosios apsaugos suteikimo (nesuteikimo) priėmimo, tačiau ne ilgiau kaip laikinosios apsaugos laikotarpiu'
2025-04-01 08:05:23 [main] DEBUG l.i.u.p.SubmittedApplicationsPage - Checking option: 'Asmenys, turintys teisę į papildomas užimtumo garantijas pagal Lietuvos Respublikos valstybės įmonės Ignalinos atominės elektrinės darbuotojų papildomų užimtumo ir socialinių garantijų įstatymą'
2025-04-01 08:05:23 [main] DEBUG l.i.u.p.SubmittedApplicationsPage - Checking option: 'Asmenys, turintys teisę į papildomas užimtumo garantijas pagal Lietuvos Respublikos valstybės įmonės Ignalinos atominės elektrinės darbuotojų papildomų užimtumo ir socialinių garantijų įstatymą'
2025-04-01 08:05:23 [main] DEBUG l.i.u.p.SubmittedApplicationsPage - Checking option: 'Bedarbiai iki 29 metų'
2025-04-01 08:05:23 [main] DEBUG l.i.u.p.SubmittedApplicationsPage - Checking option: 'Bedarbiai iki 29 metų'
2025-04-01 08:05:23 [main] DEBUG l.i.u.p.SubmittedApplicationsPage - Checking option: 'Bedarbiai, kurie yra darbingo amžiaus neįgalieji, kuriems nustatytas 30–40 procentų darbingumo lygis arba vidutinis neįgalumo lygis'
2025-04-01 08:05:23 [main] DEBUG l.i.u.p.SubmittedApplicationsPage - Checking option: 'Bedarbiai, kurie yra darbingo amžiaus neįgalieji, kuriems nustatytas 30–40 procentų darbingumo lygis arba vidutinis neįgalumo lygis'
2025-04-01 08:05:23 [main] DEBUG l.i.u.p.SubmittedApplicationsPage - Checking option: 'Bedarbiai, kurie yra darbingo amžiaus neįgalieji, kuriems nustatytas 45–55 procentų darbingumo lygis arba lengvas neįgalumo lygis'
2025-04-01 08:05:23 [main] DEBUG l.i.u.p.SubmittedApplicationsPage - Checking option: 'Bedarbiai, kurie yra darbingo amžiaus neįgalieji, kuriems nustatytas 45–55 procentų darbingumo lygis arba lengvas neįgalumo lygis'
2025-04-01 08:05:23 [main] DEBUG l.i.u.p.SubmittedApplicationsPage - Checking option: 'Bedarbiai, kurie yra darbingo amžiaus neįgalieji, kuriems nustatytas iki 25 procentų darbingumo lygis arba sunkus neįgalumo lygis'
2025-04-01 08:05:23 [main] INFO  l.i.u.p.SubmittedApplicationsPage - Successfully selected the value: 'Bedarbiai, kurie yra darbingo amžiaus neįgalieji, kuriems nustatytas iki 25 procentų darbingumo lygis arba sunkus neįgalumo lygis'
2025-04-01 08:05:23 [main] INFO  l.i.u.p.SubmittedApplicationsPage - Attempting to close the dropdown.
2025-04-01 08:05:24 [main] DEBUG l.i.u.t.SubmittedApplicationsPageTest - Selected disabilities type: 'Bedarbiai, kurie yra darbingo amžiaus neįgalieji, kuriems nustatytas iki 25 procentų darbingumo lygis arba sunkus neįgalumo lygis'.
2025-04-01 08:05:24 [main] DEBUG l.i.u.t.SubmittedApplicationsPageTest - Entered disability information: 'Negalia 1'.
2025-04-01 08:05:24 [main] INFO  l.i.u.p.SubmittedApplicationsPage - Located the dropdown button.
2025-04-01 08:05:25 [main] INFO  l.i.u.p.SubmittedApplicationsPage - Successfully selected the value: 'Kita'
2025-04-01 08:05:25 [main] DEBUG l.i.u.t.SubmittedApplicationsPageTest - Selected time mode: 'Kita'.
2025-04-01 08:05:25 [main] DEBUG l.i.u.t.SubmittedApplicationsPageTest - Selected time mode other: '6 val. per dieną ir 4 d. per savaitę'.
2025-04-01 08:05:25 [main] DEBUG l.i.u.t.SubmittedApplicationsPageTest - Entered qualification: 'Kvalifikacija 1'.
2025-04-01 08:05:26 [main] DEBUG l.i.u.t.SubmittedApplicationsPageTest - Entered job date.
2025-04-01 08:05:26 [main] DEBUG l.i.u.t.SubmittedApplicationsPageTest - Entered salary amount: '1200'.
2025-04-01 08:05:26 [main] DEBUG l.i.u.t.SubmittedApplicationsPageTest - Entered salary description: 'Užmokestis 1'.
2025-04-01 08:05:26 [main] DEBUG l.i.u.t.SubmittedApplicationsPageTest - Selected 'Temporary Job' radio button.
2025-04-01 08:05:26 [main] DEBUG l.i.u.t.SubmittedApplicationsPageTest - Selected 'Season Job' radio button.
2025-04-01 08:05:27 [main] DEBUG l.i.u.t.SubmittedApplicationsPageTest - Selected 'Energy' radio button.
2025-04-01 08:05:27 [main] DEBUG l.i.u.t.SubmittedApplicationsPageTest - Selected 'Repair' radio button.
2025-04-01 08:05:27 [main] DEBUG l.i.u.t.SubmittedApplicationsPageTest - Entered job description: 'Veikla 1'.
2025-04-01 08:05:27 [main] DEBUG l.i.u.t.SubmittedApplicationsPageTest - Entered process description: 'Procesas 1'.
2025-04-01 08:05:28 [main] DEBUG l.i.u.t.SubmittedApplicationsPageTest - Entered energy information: 'Energija 1'.
2025-04-01 08:05:28 [main] DEBUG l.i.u.t.SubmittedApplicationsPageTest - Entered repair information: 'Remontas 1'.
2025-04-01 08:05:28 [main] DEBUG l.i.u.t.SubmittedApplicationsPageTest - Selected 'PVM' radio button.
2025-04-01 08:05:28 [main] INFO  l.i.u.p.SubmittedApplicationsPage - Located the dropdown button.
2025-04-01 08:05:28 [main] INFO  l.i.u.p.SubmittedApplicationsPage - Successfully selected the value: 'Įsigyti'
2025-04-01 08:05:28 [main] DEBUG l.i.u.t.SubmittedApplicationsPageTest - Selected necessary for job: 'Įsigyti'.
2025-04-01 08:05:29 [main] DEBUG l.i.u.t.SubmittedApplicationsPageTest - Selected tool: 'Darbo priemonė 1'.
2025-04-01 08:05:29 [main] DEBUG l.i.u.t.SubmittedApplicationsPageTest - Selected tool parameter one: 'Darbo priemonės 1 parametras 1'.
2025-04-01 08:05:29 [main] DEBUG l.i.u.t.SubmittedApplicationsPageTest - Selected tool parameter two: 'Darbo priemonės 1 parametras 2'.
2025-04-01 08:05:30 [main] DEBUG l.i.u.t.SubmittedApplicationsPageTest - Selected tool parameter three: 'Darbo priemonės 1 parametras 3'.
2025-04-01 08:05:30 [main] DEBUG l.i.u.t.SubmittedApplicationsPageTest - Entered tool count: '1'.
2025-04-01 08:05:30 [main] DEBUG l.i.u.t.SubmittedApplicationsPageTest - Entered price amount 1: '1000'.
2025-04-01 08:05:32 [main] DEBUG l.i.u.t.SubmittedApplicationsPageTest - Entered own funds amount 1: '800'.
2025-04-01 08:05:35 [main] DEBUG l.i.u.t.SubmittedApplicationsPageTest - Clicked 'Add' button.
2025-04-01 08:05:35 [main] INFO  l.i.u.p.SubmittedApplicationsPage - Located the dropdown button.
2025-04-01 08:05:35 [main] INFO  l.i.u.p.SubmittedApplicationsPage - Successfully selected the value: 'Remontuoti'
2025-04-01 08:05:35 [main] DEBUG l.i.u.t.SubmittedApplicationsPageTest - Selected necessary for job 'to repair': 'Remontuoti'.
2025-04-01 08:05:35 [main] DEBUG l.i.u.t.SubmittedApplicationsPageTest - Selected repair name: 'Remonto pavadinimas 1'.
2025-04-01 08:05:36 [main] DEBUG l.i.u.t.SubmittedApplicationsPageTest - Entered repair information: 'Remonto aprašymas 1'.
2025-04-01 08:05:38 [main] DEBUG l.i.u.t.SubmittedApplicationsPageTest - Clicked 'Add' button.
2025-04-01 08:05:40 [main] DEBUG l.i.u.t.SubmittedApplicationsPageTest - Clicked 'Remove' button.
2025-04-01 08:05:42 [main] DEBUG l.i.u.t.SubmittedApplicationsPageTest - Clicked 'Remove Confirmation' button.
2025-04-01 08:05:44 [main] DEBUG l.i.u.t.SubmittedApplicationsPageTest - Entered country percentage: '50'.
2025-04-01 08:05:44 [main] DEBUG l.i.u.t.SubmittedApplicationsPageTest - Entered institution percentage: '50'.
2025-04-01 08:05:44 [main] DEBUG l.i.u.t.SubmittedApplicationsPageTest - Entered municipality percentage: '50'.
2025-04-01 08:05:45 [main] DEBUG l.i.u.t.SubmittedApplicationsPageTest - Selected 'De Minimis' radio button.
2025-04-01 08:05:45 [main] DEBUG l.i.u.t.SubmittedApplicationsPageTest - Entered program name: 'Programa 1'.
2025-04-01 08:05:45 [main] DEBUG l.i.u.t.SubmittedApplicationsPageTest - Entered project date from.
2025-04-01 08:05:45 [main] DEBUG l.i.u.t.SubmittedApplicationsPageTest - Entered project date until.
2025-04-01 08:05:45 [main] DEBUG l.i.u.t.SubmittedApplicationsPageTest - Entered support amount: '2000'.
2025-04-01 08:06:15 [main] ERROR l.i.u.t.SubmittedApplicationsPageTest - Test 'testFillNewVUIApplicationFA' failed with error: Error communicating with the remote browser. It may have died.
Build info: version: '4.27.0', revision: 'd6e718d134'
System info: os.name: 'Windows 11', os.arch: 'amd64', os.version: '10.0', java.version: '21.0.3'
Driver info: org.openqa.selenium.chrome.ChromeDriver
Command: [f838b5bf225efbcb9fb6b39d4683fe06, findElement [value, using]]
Capabilities {acceptInsecureCerts: false, browserName: chrome, browserVersion: 134.0.6998.178, chrome: {chromedriverVersion: 134.0.6998.165 (fd886e2cb29..., userDataDir: C:\Users\INGRID~1.ZAD\AppDa...}, fedcm:accounts: true, goog:chromeOptions: {debuggerAddress: localhost:50382}, networkConnectionEnabled: false, pageLoadStrategy: normal, platformName: windows, proxy: Proxy(), se:cdp: ws://localhost:50382/devtoo..., se:cdpVersion: 134.0.6998.178, setWindowRect: true, strictFileInteractability: false, timeouts: {implicit: 0, pageLoad: 300000, script: 30000}, unhandledPromptBehavior: dismiss and notify, webauthn:extension:credBlob: true, webauthn:extension:largeBlob: true, webauthn:extension:minPinLength: true, webauthn:extension:prf: true, webauthn:virtualAuthenticators: true}
Session ID: f838b5bf225efbcb9fb6b39d4683fe06
org.openqa.selenium.remote.UnreachableBrowserException: Error communicating with the remote browser. It may have died.
Build info: version: '4.27.0', revision: 'd6e718d134'
System info: os.name: 'Windows 11', os.arch: 'amd64', os.version: '10.0', java.version: '21.0.3'
Driver info: org.openqa.selenium.chrome.ChromeDriver
Command: [f838b5bf225efbcb9fb6b39d4683fe06, findElement [value, using]]
Capabilities {acceptInsecureCerts: false, browserName: chrome, browserVersion: 134.0.6998.178, chrome: {chromedriverVersion: 134.0.6998.165 (fd886e2cb29..., userDataDir: C:\Users\INGRID~1.ZAD\AppDa...}, fedcm:accounts: true, goog:chromeOptions: {debuggerAddress: localhost:50382}, networkConnectionEnabled: false, pageLoadStrategy: normal, platformName: windows, proxy: Proxy(), se:cdp: ws://localhost:50382/devtoo..., se:cdpVersion: 134.0.6998.178, setWindowRect: true, strictFileInteractability: false, timeouts: {implicit: 0, pageLoad: 300000, script: 30000}, unhandledPromptBehavior: dismiss and notify, webauthn:extension:credBlob: true, webauthn:extension:largeBlob: true, webauthn:extension:minPinLength: true, webauthn:extension:prf: true, webauthn:virtualAuthenticators: true}
Session ID: f838b5bf225efbcb9fb6b39d4683fe06
	at org.openqa.selenium.remote.RemoteWebDriver.execute(RemoteWebDriver.java:572)
	at org.openqa.selenium.remote.ElementLocation$ElementFinder$2.findElement(ElementLocation.java:165)
	at org.openqa.selenium.remote.ElementLocation.findElement(ElementLocation.java:59)
	at org.openqa.selenium.remote.RemoteWebDriver.findElement(RemoteWebDriver.java:368)
	at org.openqa.selenium.remote.RemoteWebDriver.findElement(RemoteWebDriver.java:362)
	at org.openqa.selenium.support.pagefactory.DefaultElementLocator.findElement(DefaultElementLocator.java:68)
	at org.openqa.selenium.support.pagefactory.internal.LocatingElementHandler.invoke(LocatingElementHandler.java:38)
	at jdk.proxy2/jdk.proxy2.$Proxy14.getWrappedElement(Unknown Source)
	at org.openqa.selenium.remote.WebElementToJsonConverter.apply(WebElementToJsonConverter.java:48)
	at java.base/java.util.stream.ReferencePipeline$3$1.accept(ReferencePipeline.java:197)
	at java.base/java.util.Spliterators$ArraySpliterator.forEachRemaining(Spliterators.java:1024)
	at java.base/java.util.stream.AbstractPipeline.copyInto(AbstractPipeline.java:509)
	at java.base/java.util.stream.AbstractPipeline.wrapAndCopyInto(AbstractPipeline.java:499)
	at java.base/java.util.stream.ReduceOps$ReduceOp.evaluateSequential(ReduceOps.java:921)
	at java.base/java.util.stream.AbstractPipeline.evaluate(AbstractPipeline.java:234)
	at java.base/java.util.stream.ReferencePipeline.collect(ReferencePipeline.java:682)
	at org.openqa.selenium.remote.RemoteWebDriver.executeScript(RemoteWebDriver.java:474)
	at lt.insoft.uztis.pages.SubmittedApplicationsPage$CheckboxHelper.clickWithJavaScript(SubmittedApplicationsPage.java:1757)
	at lt.insoft.uztis.pages.SubmittedApplicationsPage$CheckboxHelper.setConfirmationCheckbox(SubmittedApplicationsPage.java:1746)
	at lt.insoft.uztis.tests.SubmittedApplicationsPageTest.testFillNewVUIApplicationFA(SubmittedApplicationsPageTest.java:427)
	at java.base/jdk.internal.reflect.DirectMethodHandleAccessor.invoke(DirectMethodHandleAccessor.java:103)
	at java.base/java.lang.reflect.Method.invoke(Method.java:580)
	at org.junit.platform.commons.util.ReflectionUtils.invokeMethod(ReflectionUtils.java:728)
	at org.junit.jupiter.engine.execution.MethodInvocation.proceed(MethodInvocation.java:60)
	at org.junit.jupiter.engine.execution.InvocationInterceptorChain$ValidatingInvocation.proceed(InvocationInterceptorChain.java:131)
	at org.junit.jupiter.engine.extension.TimeoutExtension.intercept(TimeoutExtension.java:156)
	at org.junit.jupiter.engine.extension.TimeoutExtension.interceptTestableMethod(TimeoutExtension.java:147)
	at org.junit.jupiter.engine.extension.TimeoutExtension.interceptTestMethod(TimeoutExtension.java:86)
	at org.junit.jupiter.engine.execution.InterceptingExecutableInvoker$ReflectiveInterceptorCall.lambda$ofVoidMethod$0(InterceptingExecutableInvoker.java:103)
	at org.junit.jupiter.engine.execution.InterceptingExecutableInvoker.lambda$invoke$0(InterceptingExecutableInvoker.java:93)
	at org.junit.jupiter.engine.execution.InvocationInterceptorChain$InterceptedInvocation.proceed(InvocationInterceptorChain.java:106)
	at org.junit.jupiter.engine.execution.InvocationInterceptorChain.proceed(InvocationInterceptorChain.java:64)
	at org.junit.jupiter.engine.execution.InvocationInterceptorChain.chainAndInvoke(InvocationInterceptorChain.java:45)
	at org.junit.jupiter.engine.execution.InvocationInterceptorChain.invoke(InvocationInterceptorChain.java:37)
	at org.junit.jupiter.engine.execution.InterceptingExecutableInvoker.invoke(InterceptingExecutableInvoker.java:92)
	at org.junit.jupiter.engine.execution.InterceptingExecutableInvoker.invoke(InterceptingExecutableInvoker.java:86)
	at org.junit.jupiter.engine.descriptor.TestMethodTestDescriptor.lambda$invokeTestMethod$7(TestMethodTestDescriptor.java:218)
	at org.junit.platform.engine.support.hierarchical.ThrowableCollector.execute(ThrowableCollector.java:73)
	at org.junit.jupiter.engine.descriptor.TestMethodTestDescriptor.invokeTestMethod(TestMethodTestDescriptor.java:214)
	at org.junit.jupiter.engine.descriptor.TestMethodTestDescriptor.execute(TestMethodTestDescriptor.java:139)
	at org.junit.jupiter.engine.descriptor.TestMethodTestDescriptor.execute(TestMethodTestDescriptor.java:69)
	at org.junit.platform.engine.support.hierarchical.NodeTestTask.lambda$executeRecursively$6(NodeTestTask.java:151)
	at org.junit.platform.engine.support.hierarchical.ThrowableCollector.execute(ThrowableCollector.java:73)
	at org.junit.platform.engine.support.hierarchical.NodeTestTask.lambda$executeRecursively$8(NodeTestTask.java:141)
	at org.junit.platform.engine.support.hierarchical.Node.around(Node.java:137)
	at org.junit.platform.engine.support.hierarchical.NodeTestTask.lambda$executeRecursively$9(NodeTestTask.java:139)
	at org.junit.platform.engine.support.hierarchical.ThrowableCollector.execute(ThrowableCollector.java:73)
	at org.junit.platform.engine.support.hierarchical.NodeTestTask.executeRecursively(NodeTestTask.java:138)
	at org.junit.platform.engine.support.hierarchical.NodeTestTask.execute(NodeTestTask.java:95)
	at java.base/java.util.ArrayList.forEach(ArrayList.java:1596)
	at org.junit.platform.engine.support.hierarchical.SameThreadHierarchicalTestExecutorService.invokeAll(SameThreadHierarchicalTestExecutorService.java:41)
	at org.junit.platform.engine.support.hierarchical.NodeTestTask.lambda$executeRecursively$6(NodeTestTask.java:155)
	at org.junit.platform.engine.support.hierarchical.ThrowableCollector.execute(ThrowableCollector.java:73)
	at org.junit.platform.engine.support.hierarchical.NodeTestTask.lambda$executeRecursively$8(NodeTestTask.java:141)
	at org.junit.platform.engine.support.hierarchical.Node.around(Node.java:137)
	at org.junit.platform.engine.support.hierarchical.NodeTestTask.lambda$executeRecursively$9(NodeTestTask.java:139)
	at org.junit.platform.engine.support.hierarchical.ThrowableCollector.execute(ThrowableCollector.java:73)
	at org.junit.platform.engine.support.hierarchical.NodeTestTask.executeRecursively(NodeTestTask.java:138)
	at org.junit.platform.engine.support.hierarchical.NodeTestTask.execute(NodeTestTask.java:95)
	at java.base/java.util.ArrayList.forEach(ArrayList.java:1596)
	at org.junit.platform.engine.support.hierarchical.SameThreadHierarchicalTestExecutorService.invokeAll(SameThreadHierarchicalTestExecutorService.java:41)
	at org.junit.platform.engine.support.hierarchical.NodeTestTask.lambda$executeRecursively$6(NodeTestTask.java:155)
	at org.junit.platform.engine.support.hierarchical.ThrowableCollector.execute(ThrowableCollector.java:73)
	at org.junit.platform.engine.support.hierarchical.NodeTestTask.lambda$executeRecursively$8(NodeTestTask.java:141)
	at org.junit.platform.engine.support.hierarchical.Node.around(Node.java:137)
	at org.junit.platform.engine.support.hierarchical.NodeTestTask.lambda$executeRecursively$9(NodeTestTask.java:139)
	at org.junit.platform.engine.support.hierarchical.ThrowableCollector.execute(ThrowableCollector.java:73)
	at org.junit.platform.engine.support.hierarchical.NodeTestTask.executeRecursively(NodeTestTask.java:138)
	at org.junit.platform.engine.support.hierarchical.NodeTestTask.execute(NodeTestTask.java:95)
	at org.junit.platform.engine.support.hierarchical.SameThreadHierarchicalTestExecutorService.submit(SameThreadHierarchicalTestExecutorService.java:35)
	at org.junit.platform.engine.support.hierarchical.HierarchicalTestExecutor.execute(HierarchicalTestExecutor.java:57)
	at org.junit.platform.engine.support.hierarchical.HierarchicalTestEngine.execute(HierarchicalTestEngine.java:54)
	at org.junit.platform.launcher.core.EngineExecutionOrchestrator.execute(EngineExecutionOrchestrator.java:198)
	at org.junit.platform.launcher.core.EngineExecutionOrchestrator.execute(EngineExecutionOrchestrator.java:169)
	at org.junit.platform.launcher.core.EngineExecutionOrchestrator.execute(EngineExecutionOrchestrator.java:93)
	at org.junit.platform.launcher.core.EngineExecutionOrchestrator.lambda$execute$0(EngineExecutionOrchestrator.java:58)
	at org.junit.platform.launcher.core.EngineExecutionOrchestrator.withInterceptedStreams(EngineExecutionOrchestrator.java:141)
	at org.junit.platform.launcher.core.EngineExecutionOrchestrator.execute(EngineExecutionOrchestrator.java:57)
	at org.junit.platform.launcher.core.DefaultLauncher.execute(DefaultLauncher.java:103)
	at org.junit.platform.launcher.core.DefaultLauncher.execute(DefaultLauncher.java:85)
	at org.junit.platform.launcher.core.DelegatingLauncher.execute(DelegatingLauncher.java:47)
	at org.junit.platform.launcher.core.SessionPerRequestLauncher.execute(SessionPerRequestLauncher.java:63)
	at com.intellij.junit5.JUnit5IdeaTestRunner.startRunnerWithArgs(JUnit5IdeaTestRunner.java:57)
	at com.intellij.rt.junit.IdeaTestRunner$Repeater$1.execute(IdeaTestRunner.java:38)
	at com.intellij.rt.execution.junit.TestsRepeater.repeat(TestsRepeater.java:11)
	at com.intellij.rt.junit.IdeaTestRunner$Repeater.startRunnerWithArgs(IdeaTestRunner.java:35)
	at com.intellij.rt.junit.JUnitStarter.prepareStreamsAndStart(JUnitStarter.java:232)
	at com.intellij.rt.junit.JUnitStarter.main(JUnitStarter.java:55)
Caused by: java.io.UncheckedIOException: java.io.IOException: HTTP/1.1 header parser received no bytes
	at org.openqa.selenium.remote.http.jdk.JdkHttpClient.execute0(JdkHttpClient.java:496)
	at org.openqa.selenium.remote.http.AddSeleniumUserAgent.lambda$apply$0(AddSeleniumUserAgent.java:42)
	at org.openqa.selenium.remote.http.Filter.lambda$andFinally$1(Filter.java:55)
	at org.openqa.selenium.remote.http.jdk.JdkHttpClient.lambda$executeAsync$1(JdkHttpClient.java:383)
	at java.base/java.util.concurrent.Executors$RunnableAdapter.call(Executors.java:572)
	at java.base/java.util.concurrent.FutureTask.run(FutureTask.java:317)
	at java.base/java.util.concurrent.ThreadPoolExecutor.runWorker(ThreadPoolExecutor.java:1144)
	at java.base/java.util.concurrent.ThreadPoolExecutor$Worker.run(ThreadPoolExecutor.java:642)
	at java.base/java.lang.Thread.run(Thread.java:1583)
Caused by: java.io.IOException: HTTP/1.1 header parser received no bytes
	at java.net.http/jdk.internal.net.http.HttpClientImpl.send(HttpClientImpl.java:964)
	at java.net.http/jdk.internal.net.http.HttpClientFacade.send(HttpClientFacade.java:133)
	at org.openqa.selenium.remote.http.jdk.JdkHttpClient.execute0(JdkHttpClient.java:455)
	... 8 common frames omitted
Caused by: java.io.IOException: HTTP/1.1 header parser received no bytes
	at java.net.http/jdk.internal.net.http.common.Utils.wrapWithExtraDetail(Utils.java:388)
	at java.net.http/jdk.internal.net.http.Http1Response$HeadersReader.onReadError(Http1Response.java:590)
	at java.net.http/jdk.internal.net.http.Http1AsyncReceiver.checkForErrors(Http1AsyncReceiver.java:302)
	at java.net.http/jdk.internal.net.http.Http1AsyncReceiver.flush(Http1AsyncReceiver.java:268)
	at java.net.http/jdk.internal.net.http.common.SequentialScheduler$LockingRestartableTask.run(SequentialScheduler.java:182)
	at java.net.http/jdk.internal.net.http.common.SequentialScheduler$CompleteRestartableTask.run(SequentialScheduler.java:149)
	at java.net.http/jdk.internal.net.http.common.SequentialScheduler$SchedulableTask.run(SequentialScheduler.java:207)
	... 3 common frames omitted
Caused by: java.net.SocketException: Connection reset
	at java.base/sun.nio.ch.SocketChannelImpl.throwConnectionReset(SocketChannelImpl.java:401)
	at java.base/sun.nio.ch.SocketChannelImpl.read(SocketChannelImpl.java:434)
	at java.net.http/jdk.internal.net.http.SocketTube.readAvailable(SocketTube.java:1178)
	at java.net.http/jdk.internal.net.http.SocketTube$InternalReadPublisher$InternalReadSubscription.read(SocketTube.java:841)
	at java.net.http/jdk.internal.net.http.SocketTube$SocketFlowTask.run(SocketTube.java:181)
	at java.net.http/jdk.internal.net.http.common.SequentialScheduler$SchedulableTask.run(SequentialScheduler.java:207)
	at java.net.http/jdk.internal.net.http.common.SequentialScheduler.runOrSchedule(SequentialScheduler.java:280)
	at java.net.http/jdk.internal.net.http.common.SequentialScheduler.runOrSchedule(SequentialScheduler.java:233)
	at java.net.http/jdk.internal.net.http.SocketTube$InternalReadPublisher$InternalReadSubscription.signalReadable(SocketTube.java:782)
	at java.net.http/jdk.internal.net.http.SocketTube$InternalReadPublisher$ReadEvent.signalEvent(SocketTube.java:965)
	at java.net.http/jdk.internal.net.http.SocketTube$SocketFlowEvent.handle(SocketTube.java:253)
	at java.net.http/jdk.internal.net.http.HttpClientImpl$SelectorManager.handleEvent(HttpClientImpl.java:1467)
	at java.net.http/jdk.internal.net.http.HttpClientImpl$SelectorManager.lambda$run$3(HttpClientImpl.java:1412)
	at java.base/java.util.ArrayList.forEach(ArrayList.java:1596)
	at java.net.http/jdk.internal.net.http.HttpClientImpl$SelectorManager.run(HttpClientImpl.java:1412)
2025-04-01 08:06:50 [main] INFO  lt.insoft.uztis.tests.UztisPageTest - Navigated to https://uztisdev.asseco.lt/home
2025-04-01 08:06:50 [main] INFO  l.i.u.t.SubmittedApplicationsPageTest - Starting test:'testFillNewVUIPApplicationFA'
2025-04-01 08:06:50 [main] DEBUG l.i.u.t.SubmittedApplicationsPageTest - User logged in with test credentials.
2025-04-01 08:06:51 [main] DEBUG l.i.u.t.SubmittedApplicationsPageTest - Opened 'Application Processing' menu.
2025-04-01 08:06:51 [main] DEBUG l.i.u.t.SubmittedApplicationsPageTest - Clicked on 'Application Forms' menu.
2025-04-01 08:06:51 [main] DEBUG l.i.u.t.SubmittedApplicationsPageTest - Retrieved last description code text: 'TST-VUI-75'.
2025-04-01 08:06:52 [main] DEBUG l.i.u.t.SubmittedApplicationsPageTest - Clicked on 'Invitation' menu.
2025-04-01 08:06:53 [main] DEBUG l.i.u.t.SubmittedApplicationsPageTest - Selected application section by code: 'TST-VUI-75'.
2025-04-01 08:06:53 [main] DEBUG l.i.u.t.SubmittedApplicationsPageTest - Clicked 'Search' button.
2025-04-01 08:06:53 [main] DEBUG l.i.u.t.SubmittedApplicationsPageTest - Retrieved invitation code: ''.
2025-04-01 08:06:53 [main] DEBUG l.i.u.t.SubmittedApplicationsPageTest - Clicked on 'Submitted Applications' menu.
2025-04-01 08:06:55 [main] DEBUG l.i.u.t.SubmittedApplicationsPageTest - Selected invitation by code: 'TST-VUI-75'.
2025-04-01 08:06:55 [main] DEBUG l.i.u.t.SubmittedApplicationsPageTest - Invitation code inserted.
2025-04-01 08:06:56 [main] DEBUG l.i.u.t.SubmittedApplicationsPageTest - Clicked on 'Action Application' button.
2025-04-01 08:06:56 [main] DEBUG l.i.u.t.SubmittedApplicationsPageTest - Clicked on 'New Application' button.
2025-04-01 08:06:56 [main] DEBUG l.i.u.t.SubmittedApplicationsPageTest - Selected the 'RadioButtonFA' option.
2025-04-01 08:06:56 [main] DEBUG l.i.u.t.SubmittedApplicationsPageTest - Entered phone number: '61298745'.
2025-04-01 08:06:57 [main] DEBUG l.i.u.t.SubmittedApplicationsPageTest - Entered email: 'test@autotest.com'.
2025-04-01 08:06:57 [main] INFO  l.i.u.p.SubmittedApplicationsPage - Clicking on the dropdown button.
2025-04-01 08:07:16 [main] INFO  l.i.u.p.SubmittedApplicationsPage - Found 1741 options in the dropdown.
2025-04-01 08:07:16 [main] DEBUG l.i.u.p.SubmittedApplicationsPage - Checking option: ''
2025-04-01 08:07:16 [main] DEBUG l.i.u.p.SubmittedApplicationsPage - Checking option: '01.11 - Grūdinių (išskyrus ryžius), ankštinių ir aliejingų sėklų augalų auginimas'
2025-04-01 08:07:16 [main] INFO  l.i.u.p.SubmittedApplicationsPage - Successfully selected the value: '01.11 - Grūdinių (išskyrus ryžius), ankštinių ir aliejingų sėklų augalų auginimas'
2025-04-01 08:07:16 [main] INFO  l.i.u.p.SubmittedApplicationsPage - Attempting to close the dropdown.
2025-04-01 08:07:17 [main] DEBUG l.i.u.t.SubmittedApplicationsPageTest - Selected EVRK value: '01.11 - Grūdinių (išskyrus ryžius), ankštinių ir aliejingų sėklų augalų auginimas'.
2025-04-01 08:07:17 [main] DEBUG l.i.u.t.SubmittedApplicationsPageTest - Clicked on 'Address Component' button.
2025-04-01 08:07:17 [main] INFO  l.i.u.p.SubmittedApplicationsPage - Located the dropdown button.
2025-04-01 08:07:21 [main] INFO  l.i.u.p.SubmittedApplicationsPage - Successfully selected the value: 'Lietuva'
2025-04-01 08:07:21 [main] DEBUG l.i.u.t.SubmittedApplicationsPageTest - Selected country: 'Lietuva'.
2025-04-01 08:07:21 [main] INFO  l.i.u.p.SubmittedApplicationsPage - Located the dropdown search field.
2025-04-01 08:07:21 [main] INFO  l.i.u.p.SubmittedApplicationsPage - Dropdown city is opened.
2025-04-01 08:07:22 [main] INFO  l.i.u.p.SubmittedApplicationsPage - Searched for value: 'Vilnius'
2025-04-01 08:07:23 [main] INFO  l.i.u.p.SubmittedApplicationsPage - Successfully selected: 'Vilnius'
2025-04-01 08:07:23 [main] INFO  l.i.u.p.SubmittedApplicationsPage - Located the dropdown button.
2025-04-01 08:07:23 [main] INFO  l.i.u.p.SubmittedApplicationsPage - Successfully selected the value: 'A. Domaševičiaus g.'
2025-04-01 08:07:23 [main] DEBUG l.i.u.t.SubmittedApplicationsPageTest - Selected street: 'A. Domaševičiaus g.'.
2025-04-01 08:07:23 [main] INFO  l.i.u.p.SubmittedApplicationsPage - Located the dropdown button.
2025-04-01 08:07:23 [main] INFO  l.i.u.p.SubmittedApplicationsPage - Successfully selected the value: '1'
2025-04-01 08:07:23 [main] DEBUG l.i.u.t.SubmittedApplicationsPageTest - Selected house: '1'.
2025-04-01 08:07:23 [main] INFO  l.i.u.p.SubmittedApplicationsPage - Located the dropdown button.
2025-04-01 08:07:24 [main] INFO  l.i.u.p.SubmittedApplicationsPage - Successfully selected the value: '1'
2025-04-01 08:07:24 [main] DEBUG l.i.u.t.SubmittedApplicationsPageTest - Selected apartment: '1'.
2025-04-01 08:07:24 [main] DEBUG l.i.u.t.SubmittedApplicationsPageTest - Clicked 'Confirm' button.
2025-04-01 08:07:24 [main] DEBUG l.i.u.t.SubmittedApplicationsPageTest - Entered project date.
2025-04-01 08:07:24 [main] DEBUG l.i.u.t.SubmittedApplicationsPageTest - Entered job count: '1'.
2025-04-01 08:07:24 [main] DEBUG l.i.u.t.SubmittedApplicationsPageTest - Clicked 'Next' button.
2025-04-01 08:07:24 [main] INFO  l.i.u.p.SubmittedApplicationsPage - Located the dropdown button.
2025-04-01 08:07:25 [main] INFO  l.i.u.p.SubmittedApplicationsPage - Successfully selected the value: 'Administratoriai'
2025-04-01 08:07:25 [main] DEBUG l.i.u.t.SubmittedApplicationsPageTest - Selected job name: 'Administratoriai'.
2025-04-01 08:07:25 [main] DEBUG l.i.u.t.SubmittedApplicationsPageTest - Entered job function: 'Funkcija 1'.
2025-04-01 08:07:26 [main] DEBUG l.i.u.t.SubmittedApplicationsPageTest - Selected 'RadioButtonWithDisabilities' option.
2025-04-01 08:07:26 [main] INFO  l.i.u.p.SubmittedApplicationsPage - Clicking on the dropdown button.
2025-04-01 08:07:26 [main] INFO  l.i.u.p.SubmittedApplicationsPage - Found 34 options in the dropdown.
2025-04-01 08:07:26 [main] DEBUG l.i.u.p.SubmittedApplicationsPage - Checking option: 'Asmenys, kuriems suteiktas pabėgėlio statusas ar perkeliamojo asmens statusas, arba asmenys, kuriems suteikta papildoma ar laikinoji apsauga, ir asmenys, turintys teisę gauti laikinąją apsaugą, iki sprendimo dėl laikinosios apsaugos suteikimo (nesuteikimo) priėmimo, tačiau ne ilgiau kaip laikinosios apsaugos laikotarpiu'
2025-04-01 08:07:26 [main] DEBUG l.i.u.p.SubmittedApplicationsPage - Checking option: 'Asmenys, kuriems suteiktas pabėgėlio statusas ar perkeliamojo asmens statusas, arba asmenys, kuriems suteikta papildoma ar laikinoji apsauga, ir asmenys, turintys teisę gauti laikinąją apsaugą, iki sprendimo dėl laikinosios apsaugos suteikimo (nesuteikimo) priėmimo, tačiau ne ilgiau kaip laikinosios apsaugos laikotarpiu'
2025-04-01 08:07:26 [main] DEBUG l.i.u.p.SubmittedApplicationsPage - Checking option: 'Asmenys, turintys teisę į papildomas užimtumo garantijas pagal Lietuvos Respublikos valstybės įmonės Ignalinos atominės elektrinės darbuotojų papildomų užimtumo ir socialinių garantijų įstatymą'
2025-04-01 08:07:26 [main] DEBUG l.i.u.p.SubmittedApplicationsPage - Checking option: 'Asmenys, turintys teisę į papildomas užimtumo garantijas pagal Lietuvos Respublikos valstybės įmonės Ignalinos atominės elektrinės darbuotojų papildomų užimtumo ir socialinių garantijų įstatymą'
2025-04-01 08:07:26 [main] DEBUG l.i.u.p.SubmittedApplicationsPage - Checking option: 'Bedarbiai iki 29 metų'
2025-04-01 08:07:27 [main] DEBUG l.i.u.p.SubmittedApplicationsPage - Checking option: 'Bedarbiai iki 29 metų'
2025-04-01 08:07:27 [main] DEBUG l.i.u.p.SubmittedApplicationsPage - Checking option: 'Bedarbiai, kurie yra darbingo amžiaus neįgalieji, kuriems nustatytas 30–40 procentų darbingumo lygis arba vidutinis neįgalumo lygis'
2025-04-01 08:07:27 [main] DEBUG l.i.u.p.SubmittedApplicationsPage - Checking option: 'Bedarbiai, kurie yra darbingo amžiaus neįgalieji, kuriems nustatytas 30–40 procentų darbingumo lygis arba vidutinis neįgalumo lygis'
2025-04-01 08:07:27 [main] DEBUG l.i.u.p.SubmittedApplicationsPage - Checking option: 'Bedarbiai, kurie yra darbingo amžiaus neįgalieji, kuriems nustatytas 45–55 procentų darbingumo lygis arba lengvas neįgalumo lygis'
2025-04-01 08:07:27 [main] DEBUG l.i.u.p.SubmittedApplicationsPage - Checking option: 'Bedarbiai, kurie yra darbingo amžiaus neįgalieji, kuriems nustatytas 45–55 procentų darbingumo lygis arba lengvas neįgalumo lygis'
2025-04-01 08:07:27 [main] DEBUG l.i.u.p.SubmittedApplicationsPage - Checking option: 'Bedarbiai, kurie yra darbingo amžiaus neįgalieji, kuriems nustatytas iki 25 procentų darbingumo lygis arba sunkus neįgalumo lygis'
2025-04-01 08:07:27 [main] INFO  l.i.u.p.SubmittedApplicationsPage - Successfully selected the value: 'Bedarbiai, kurie yra darbingo amžiaus neįgalieji, kuriems nustatytas iki 25 procentų darbingumo lygis arba sunkus neįgalumo lygis'
2025-04-01 08:07:27 [main] INFO  l.i.u.p.SubmittedApplicationsPage - Attempting to close the dropdown.
2025-04-01 08:07:27 [main] DEBUG l.i.u.t.SubmittedApplicationsPageTest - Selected disabilities type: 'Bedarbiai, kurie yra darbingo amžiaus neįgalieji, kuriems nustatytas iki 25 procentų darbingumo lygis arba sunkus neįgalumo lygis'.
2025-04-01 08:07:28 [main] DEBUG l.i.u.t.SubmittedApplicationsPageTest - Entered disability information: 'Negalia 1'.
2025-04-01 08:07:28 [main] INFO  l.i.u.p.SubmittedApplicationsPage - Located the dropdown button.
2025-04-01 08:07:28 [main] INFO  l.i.u.p.SubmittedApplicationsPage - Successfully selected the value: 'Kita'
2025-04-01 08:07:28 [main] DEBUG l.i.u.t.SubmittedApplicationsPageTest - Selected time mode: 'Kita'.
2025-04-01 08:07:28 [main] DEBUG l.i.u.t.SubmittedApplicationsPageTest - Selected time mode other: '6 val. per dieną ir 4 d. per savaitę'.
2025-04-01 08:07:29 [main] DEBUG l.i.u.t.SubmittedApplicationsPageTest - Entered qualification: 'Kvalifikacija 1'.
2025-04-01 08:07:29 [main] DEBUG l.i.u.t.SubmittedApplicationsPageTest - Entered job date.
2025-04-01 08:07:29 [main] DEBUG l.i.u.t.SubmittedApplicationsPageTest - Entered salary amount: '1200'.
2025-04-01 08:07:29 [main] DEBUG l.i.u.t.SubmittedApplicationsPageTest - Entered salary description: 'Užmokestis 1'.
2025-04-01 08:07:30 [main] DEBUG l.i.u.t.SubmittedApplicationsPageTest - Selected 'Temporary Job' radio button.
2025-04-01 08:07:30 [main] DEBUG l.i.u.t.SubmittedApplicationsPageTest - Selected 'Season Job' radio button.
2025-04-01 08:07:30 [main] DEBUG l.i.u.t.SubmittedApplicationsPageTest - Selected 'Energy' radio button.
2025-04-01 08:07:30 [main] DEBUG l.i.u.t.SubmittedApplicationsPageTest - Selected 'Repair' radio button.
2025-04-01 08:07:31 [main] DEBUG l.i.u.t.SubmittedApplicationsPageTest - Entered job description: 'Veikla 1'.
2025-04-01 08:07:31 [main] DEBUG l.i.u.t.SubmittedApplicationsPageTest - Entered process description: 'Procesas 1'.
2025-04-01 08:07:31 [main] DEBUG l.i.u.t.SubmittedApplicationsPageTest - Entered energy information: 'Energija 1'.
2025-04-01 08:07:31 [main] DEBUG l.i.u.t.SubmittedApplicationsPageTest - Entered repair information: 'Remontas 1'.
2025-04-01 08:07:32 [main] DEBUG l.i.u.t.SubmittedApplicationsPageTest - Selected 'PVM' radio button.
2025-04-01 08:07:32 [main] INFO  l.i.u.p.SubmittedApplicationsPage - Located the dropdown button.
2025-04-01 08:07:52 [main] ERROR l.i.u.t.SubmittedApplicationsPageTest - Test 'testFillNewVUIApplicationFA' failed with error: Expected condition failed: waiting for visibility of all elements located by By.xpath: //mat-option/span (tried for 20 second(s) with 500 milliseconds interval)
Build info: version: '4.27.0', revision: 'd6e718d134'
System info: os.name: 'Windows 11', os.arch: 'amd64', os.version: '10.0', java.version: '21.0.3'
Driver info: org.openqa.selenium.chrome.ChromeDriver
Capabilities {acceptInsecureCerts: false, browserName: chrome, browserVersion: 134.0.6998.178, chrome: {chromedriverVersion: 134.0.6998.165 (fd886e2cb29..., userDataDir: C:\Users\INGRID~1.ZAD\AppDa...}, fedcm:accounts: true, goog:chromeOptions: {debuggerAddress: localhost:50493}, networkConnectionEnabled: false, pageLoadStrategy: normal, platformName: windows, proxy: Proxy(), se:cdp: ws://localhost:50493/devtoo..., se:cdpVersion: 134.0.6998.178, setWindowRect: true, strictFileInteractability: false, timeouts: {implicit: 0, pageLoad: 300000, script: 30000}, unhandledPromptBehavior: dismiss and notify, webauthn:extension:credBlob: true, webauthn:extension:largeBlob: true, webauthn:extension:minPinLength: true, webauthn:extension:prf: true, webauthn:virtualAuthenticators: true}
Session ID: 4a705d98de418c9a055aca0bec82731c
org.openqa.selenium.TimeoutException: Expected condition failed: waiting for visibility of all elements located by By.xpath: //mat-option/span (tried for 20 second(s) with 500 milliseconds interval)
Build info: version: '4.27.0', revision: 'd6e718d134'
System info: os.name: 'Windows 11', os.arch: 'amd64', os.version: '10.0', java.version: '21.0.3'
Driver info: org.openqa.selenium.chrome.ChromeDriver
Capabilities {acceptInsecureCerts: false, browserName: chrome, browserVersion: 134.0.6998.178, chrome: {chromedriverVersion: 134.0.6998.165 (fd886e2cb29..., userDataDir: C:\Users\INGRID~1.ZAD\AppDa...}, fedcm:accounts: true, goog:chromeOptions: {debuggerAddress: localhost:50493}, networkConnectionEnabled: false, pageLoadStrategy: normal, platformName: windows, proxy: Proxy(), se:cdp: ws://localhost:50493/devtoo..., se:cdpVersion: 134.0.6998.178, setWindowRect: true, strictFileInteractability: false, timeouts: {implicit: 0, pageLoad: 300000, script: 30000}, unhandledPromptBehavior: dismiss and notify, webauthn:extension:credBlob: true, webauthn:extension:largeBlob: true, webauthn:extension:minPinLength: true, webauthn:extension:prf: true, webauthn:virtualAuthenticators: true}
Session ID: 4a705d98de418c9a055aca0bec82731c
	at org.openqa.selenium.support.ui.WebDriverWait.timeoutException(WebDriverWait.java:84)
	at org.openqa.selenium.support.ui.FluentWait.until(FluentWait.java:228)
	at lt.insoft.uztis.pages.SubmittedApplicationsPage.selectDropdownNecessaryForJobOne(SubmittedApplicationsPage.java:1342)
	at lt.insoft.uztis.tests.SubmittedApplicationsPageTest.testFillNewVUIApplicationFA(SubmittedApplicationsPageTest.java:284)
	at java.base/jdk.internal.reflect.DirectMethodHandleAccessor.invoke(DirectMethodHandleAccessor.java:103)
	at java.base/java.lang.reflect.Method.invoke(Method.java:580)
	at org.junit.platform.commons.util.ReflectionUtils.invokeMethod(ReflectionUtils.java:728)
	at org.junit.jupiter.engine.execution.MethodInvocation.proceed(MethodInvocation.java:60)
	at org.junit.jupiter.engine.execution.InvocationInterceptorChain$ValidatingInvocation.proceed(InvocationInterceptorChain.java:131)
	at org.junit.jupiter.engine.extension.TimeoutExtension.intercept(TimeoutExtension.java:156)
	at org.junit.jupiter.engine.extension.TimeoutExtension.interceptTestableMethod(TimeoutExtension.java:147)
	at org.junit.jupiter.engine.extension.TimeoutExtension.interceptTestMethod(TimeoutExtension.java:86)
	at org.junit.jupiter.engine.execution.InterceptingExecutableInvoker$ReflectiveInterceptorCall.lambda$ofVoidMethod$0(InterceptingExecutableInvoker.java:103)
	at org.junit.jupiter.engine.execution.InterceptingExecutableInvoker.lambda$invoke$0(InterceptingExecutableInvoker.java:93)
	at org.junit.jupiter.engine.execution.InvocationInterceptorChain$InterceptedInvocation.proceed(InvocationInterceptorChain.java:106)
	at org.junit.jupiter.engine.execution.InvocationInterceptorChain.proceed(InvocationInterceptorChain.java:64)
	at org.junit.jupiter.engine.execution.InvocationInterceptorChain.chainAndInvoke(InvocationInterceptorChain.java:45)
	at org.junit.jupiter.engine.execution.InvocationInterceptorChain.invoke(InvocationInterceptorChain.java:37)
	at org.junit.jupiter.engine.execution.InterceptingExecutableInvoker.invoke(InterceptingExecutableInvoker.java:92)
	at org.junit.jupiter.engine.execution.InterceptingExecutableInvoker.invoke(InterceptingExecutableInvoker.java:86)
	at org.junit.jupiter.engine.descriptor.TestMethodTestDescriptor.lambda$invokeTestMethod$7(TestMethodTestDescriptor.java:218)
	at org.junit.platform.engine.support.hierarchical.ThrowableCollector.execute(ThrowableCollector.java:73)
	at org.junit.jupiter.engine.descriptor.TestMethodTestDescriptor.invokeTestMethod(TestMethodTestDescriptor.java:214)
	at org.junit.jupiter.engine.descriptor.TestMethodTestDescriptor.execute(TestMethodTestDescriptor.java:139)
	at org.junit.jupiter.engine.descriptor.TestMethodTestDescriptor.execute(TestMethodTestDescriptor.java:69)
	at org.junit.platform.engine.support.hierarchical.NodeTestTask.lambda$executeRecursively$6(NodeTestTask.java:151)
	at org.junit.platform.engine.support.hierarchical.ThrowableCollector.execute(ThrowableCollector.java:73)
	at org.junit.platform.engine.support.hierarchical.NodeTestTask.lambda$executeRecursively$8(NodeTestTask.java:141)
	at org.junit.platform.engine.support.hierarchical.Node.around(Node.java:137)
	at org.junit.platform.engine.support.hierarchical.NodeTestTask.lambda$executeRecursively$9(NodeTestTask.java:139)
	at org.junit.platform.engine.support.hierarchical.ThrowableCollector.execute(ThrowableCollector.java:73)
	at org.junit.platform.engine.support.hierarchical.NodeTestTask.executeRecursively(NodeTestTask.java:138)
	at org.junit.platform.engine.support.hierarchical.NodeTestTask.execute(NodeTestTask.java:95)
	at java.base/java.util.ArrayList.forEach(ArrayList.java:1596)
	at org.junit.platform.engine.support.hierarchical.SameThreadHierarchicalTestExecutorService.invokeAll(SameThreadHierarchicalTestExecutorService.java:41)
	at org.junit.platform.engine.support.hierarchical.NodeTestTask.lambda$executeRecursively$6(NodeTestTask.java:155)
	at org.junit.platform.engine.support.hierarchical.ThrowableCollector.execute(ThrowableCollector.java:73)
	at org.junit.platform.engine.support.hierarchical.NodeTestTask.lambda$executeRecursively$8(NodeTestTask.java:141)
	at org.junit.platform.engine.support.hierarchical.Node.around(Node.java:137)
	at org.junit.platform.engine.support.hierarchical.NodeTestTask.lambda$executeRecursively$9(NodeTestTask.java:139)
	at org.junit.platform.engine.support.hierarchical.ThrowableCollector.execute(ThrowableCollector.java:73)
	at org.junit.platform.engine.support.hierarchical.NodeTestTask.executeRecursively(NodeTestTask.java:138)
	at org.junit.platform.engine.support.hierarchical.NodeTestTask.execute(NodeTestTask.java:95)
	at java.base/java.util.ArrayList.forEach(ArrayList.java:1596)
	at org.junit.platform.engine.support.hierarchical.SameThreadHierarchicalTestExecutorService.invokeAll(SameThreadHierarchicalTestExecutorService.java:41)
	at org.junit.platform.engine.support.hierarchical.NodeTestTask.lambda$executeRecursively$6(NodeTestTask.java:155)
	at org.junit.platform.engine.support.hierarchical.ThrowableCollector.execute(ThrowableCollector.java:73)
	at org.junit.platform.engine.support.hierarchical.NodeTestTask.lambda$executeRecursively$8(NodeTestTask.java:141)
	at org.junit.platform.engine.support.hierarchical.Node.around(Node.java:137)
	at org.junit.platform.engine.support.hierarchical.NodeTestTask.lambda$executeRecursively$9(NodeTestTask.java:139)
	at org.junit.platform.engine.support.hierarchical.ThrowableCollector.execute(ThrowableCollector.java:73)
	at org.junit.platform.engine.support.hierarchical.NodeTestTask.executeRecursively(NodeTestTask.java:138)
	at org.junit.platform.engine.support.hierarchical.NodeTestTask.execute(NodeTestTask.java:95)
	at org.junit.platform.engine.support.hierarchical.SameThreadHierarchicalTestExecutorService.submit(SameThreadHierarchicalTestExecutorService.java:35)
	at org.junit.platform.engine.support.hierarchical.HierarchicalTestExecutor.execute(HierarchicalTestExecutor.java:57)
	at org.junit.platform.engine.support.hierarchical.HierarchicalTestEngine.execute(HierarchicalTestEngine.java:54)
	at org.junit.platform.launcher.core.EngineExecutionOrchestrator.execute(EngineExecutionOrchestrator.java:198)
	at org.junit.platform.launcher.core.EngineExecutionOrchestrator.execute(EngineExecutionOrchestrator.java:169)
	at org.junit.platform.launcher.core.EngineExecutionOrchestrator.execute(EngineExecutionOrchestrator.java:93)
	at org.junit.platform.launcher.core.EngineExecutionOrchestrator.lambda$execute$0(EngineExecutionOrchestrator.java:58)
	at org.junit.platform.launcher.core.EngineExecutionOrchestrator.withInterceptedStreams(EngineExecutionOrchestrator.java:141)
	at org.junit.platform.launcher.core.EngineExecutionOrchestrator.execute(EngineExecutionOrchestrator.java:57)
	at org.junit.platform.launcher.core.DefaultLauncher.execute(DefaultLauncher.java:103)
	at org.junit.platform.launcher.core.DefaultLauncher.execute(DefaultLauncher.java:85)
	at org.junit.platform.launcher.core.DelegatingLauncher.execute(DelegatingLauncher.java:47)
	at org.junit.platform.launcher.core.SessionPerRequestLauncher.execute(SessionPerRequestLauncher.java:63)
	at com.intellij.junit5.JUnit5IdeaTestRunner.startRunnerWithArgs(JUnit5IdeaTestRunner.java:57)
	at com.intellij.rt.junit.IdeaTestRunner$Repeater$1.execute(IdeaTestRunner.java:38)
	at com.intellij.rt.execution.junit.TestsRepeater.repeat(TestsRepeater.java:11)
	at com.intellij.rt.junit.IdeaTestRunner$Repeater.startRunnerWithArgs(IdeaTestRunner.java:35)
	at com.intellij.rt.junit.JUnitStarter.prepareStreamsAndStart(JUnitStarter.java:232)
	at com.intellij.rt.junit.JUnitStarter.main(JUnitStarter.java:55)
2025-04-01 08:07:53 [main] INFO  l.insoft.uztis.tests.utils.TestUtils - Screenshot moved to C:\Users\ingrida.zadorozniene\Desktop\Asm\UZTIS\UZTIS_tests\test-output\screenshots\20250401\080753058_testFillNewVUIApplicationFA().png
2025-04-01 08:08:06 [main] INFO  lt.insoft.uztis.tests.UztisPageTest - Navigated to https://uztisdev.asseco.lt/home
2025-04-01 08:08:07 [main] INFO  l.i.u.t.SubmittedApplicationsPageTest - Starting test:'testFillNewVUIPApplicationFA'
2025-04-01 08:08:07 [main] DEBUG l.i.u.t.SubmittedApplicationsPageTest - User logged in with test credentials.
2025-04-01 08:08:07 [main] DEBUG l.i.u.t.SubmittedApplicationsPageTest - Opened 'Application Processing' menu.
2025-04-01 08:08:08 [main] DEBUG l.i.u.t.SubmittedApplicationsPageTest - Clicked on 'Application Forms' menu.
2025-04-01 08:08:08 [main] DEBUG l.i.u.t.SubmittedApplicationsPageTest - Retrieved last description code text: 'TST-VUI-75'.
2025-04-01 08:08:08 [main] DEBUG l.i.u.t.SubmittedApplicationsPageTest - Clicked on 'Invitation' menu.
2025-04-01 08:08:09 [main] DEBUG l.i.u.t.SubmittedApplicationsPageTest - Selected application section by code: 'TST-VUI-75'.
2025-04-01 08:08:10 [main] DEBUG l.i.u.t.SubmittedApplicationsPageTest - Clicked 'Search' button.
2025-04-01 08:08:10 [main] DEBUG l.i.u.t.SubmittedApplicationsPageTest - Retrieved invitation code: ''.
2025-04-01 08:08:10 [main] DEBUG l.i.u.t.SubmittedApplicationsPageTest - Clicked on 'Submitted Applications' menu.
2025-04-01 08:08:11 [main] DEBUG l.i.u.t.SubmittedApplicationsPageTest - Selected invitation by code: 'TST-VUI-75'.
2025-04-01 08:08:11 [main] DEBUG l.i.u.t.SubmittedApplicationsPageTest - Invitation code inserted.
2025-04-01 08:08:11 [main] DEBUG l.i.u.t.SubmittedApplicationsPageTest - Clicked on 'Action Application' button.
2025-04-01 08:08:12 [main] DEBUG l.i.u.t.SubmittedApplicationsPageTest - Clicked on 'New Application' button.
2025-04-01 08:08:12 [main] DEBUG l.i.u.t.SubmittedApplicationsPageTest - Selected the 'RadioButtonFA' option.
2025-04-01 08:08:12 [main] DEBUG l.i.u.t.SubmittedApplicationsPageTest - Entered phone number: '61298745'.
2025-04-01 08:08:12 [main] DEBUG l.i.u.t.SubmittedApplicationsPageTest - Entered email: 'test@autotest.com'.
2025-04-01 08:08:12 [main] INFO  l.i.u.p.SubmittedApplicationsPage - Clicking on the dropdown button.
2025-04-01 08:08:29 [main] INFO  l.i.u.p.SubmittedApplicationsPage - Found 1741 options in the dropdown.
2025-04-01 08:08:29 [main] DEBUG l.i.u.p.SubmittedApplicationsPage - Checking option: ''
2025-04-01 08:08:29 [main] DEBUG l.i.u.p.SubmittedApplicationsPage - Checking option: '01.11 - Grūdinių (išskyrus ryžius), ankštinių ir aliejingų sėklų augalų auginimas'
2025-04-01 08:08:30 [main] INFO  l.i.u.p.SubmittedApplicationsPage - Successfully selected the value: '01.11 - Grūdinių (išskyrus ryžius), ankštinių ir aliejingų sėklų augalų auginimas'
2025-04-01 08:08:30 [main] INFO  l.i.u.p.SubmittedApplicationsPage - Attempting to close the dropdown.
2025-04-01 08:08:30 [main] DEBUG l.i.u.t.SubmittedApplicationsPageTest - Selected EVRK value: '01.11 - Grūdinių (išskyrus ryžius), ankštinių ir aliejingų sėklų augalų auginimas'.
2025-04-01 08:08:30 [main] DEBUG l.i.u.t.SubmittedApplicationsPageTest - Clicked on 'Address Component' button.
2025-04-01 08:08:30 [main] INFO  l.i.u.p.SubmittedApplicationsPage - Located the dropdown button.
2025-04-01 08:08:34 [main] INFO  l.i.u.p.SubmittedApplicationsPage - Successfully selected the value: 'Lietuva'
2025-04-01 08:08:34 [main] DEBUG l.i.u.t.SubmittedApplicationsPageTest - Selected country: 'Lietuva'.
2025-04-01 08:08:34 [main] INFO  l.i.u.p.SubmittedApplicationsPage - Located the dropdown search field.
2025-04-01 08:08:34 [main] INFO  l.i.u.p.SubmittedApplicationsPage - Dropdown city is opened.
2025-04-01 08:08:34 [main] INFO  l.i.u.p.SubmittedApplicationsPage - Searched for value: 'Vilnius'
2025-04-01 08:08:35 [main] INFO  l.i.u.p.SubmittedApplicationsPage - Successfully selected: 'Vilnius'
2025-04-01 08:08:35 [main] INFO  l.i.u.p.SubmittedApplicationsPage - Located the dropdown button.
2025-04-01 08:08:36 [main] INFO  l.i.u.p.SubmittedApplicationsPage - Successfully selected the value: 'A. Domaševičiaus g.'
2025-04-01 08:08:36 [main] DEBUG l.i.u.t.SubmittedApplicationsPageTest - Selected street: 'A. Domaševičiaus g.'.
2025-04-01 08:08:36 [main] INFO  l.i.u.p.SubmittedApplicationsPage - Located the dropdown button.
2025-04-01 08:08:37 [main] INFO  l.i.u.p.SubmittedApplicationsPage - Successfully selected the value: '1'
2025-04-01 08:08:37 [main] DEBUG l.i.u.t.SubmittedApplicationsPageTest - Selected house: '1'.
2025-04-01 08:08:37 [main] INFO  l.i.u.p.SubmittedApplicationsPage - Located the dropdown button.
2025-04-01 08:08:37 [main] INFO  l.i.u.p.SubmittedApplicationsPage - Successfully selected the value: '1'
2025-04-01 08:08:37 [main] DEBUG l.i.u.t.SubmittedApplicationsPageTest - Selected apartment: '1'.
2025-04-01 08:08:37 [main] DEBUG l.i.u.t.SubmittedApplicationsPageTest - Clicked 'Confirm' button.
2025-04-01 08:08:38 [main] DEBUG l.i.u.t.SubmittedApplicationsPageTest - Entered project date.
2025-04-01 08:08:38 [main] DEBUG l.i.u.t.SubmittedApplicationsPageTest - Entered job count: '1'.
2025-04-01 08:08:38 [main] DEBUG l.i.u.t.SubmittedApplicationsPageTest - Clicked 'Next' button.
2025-04-01 08:08:38 [main] INFO  l.i.u.p.SubmittedApplicationsPage - Located the dropdown button.
2025-04-01 08:08:39 [main] INFO  l.i.u.p.SubmittedApplicationsPage - Successfully selected the value: 'Administratoriai'
2025-04-01 08:08:39 [main] DEBUG l.i.u.t.SubmittedApplicationsPageTest - Selected job name: 'Administratoriai'.
2025-04-01 08:08:39 [main] DEBUG l.i.u.t.SubmittedApplicationsPageTest - Entered job function: 'Funkcija 1'.
2025-04-01 08:08:39 [main] DEBUG l.i.u.t.SubmittedApplicationsPageTest - Selected 'RadioButtonWithDisabilities' option.
2025-04-01 08:08:39 [main] INFO  l.i.u.p.SubmittedApplicationsPage - Clicking on the dropdown button.
2025-04-01 08:08:40 [main] INFO  l.i.u.p.SubmittedApplicationsPage - Found 34 options in the dropdown.
2025-04-01 08:08:40 [main] DEBUG l.i.u.p.SubmittedApplicationsPage - Checking option: 'Asmenys, kuriems suteiktas pabėgėlio statusas ar perkeliamojo asmens statusas, arba asmenys, kuriems suteikta papildoma ar laikinoji apsauga, ir asmenys, turintys teisę gauti laikinąją apsaugą, iki sprendimo dėl laikinosios apsaugos suteikimo (nesuteikimo) priėmimo, tačiau ne ilgiau kaip laikinosios apsaugos laikotarpiu'
2025-04-01 08:08:40 [main] DEBUG l.i.u.p.SubmittedApplicationsPage - Checking option: 'Asmenys, kuriems suteiktas pabėgėlio statusas ar perkeliamojo asmens statusas, arba asmenys, kuriems suteikta papildoma ar laikinoji apsauga, ir asmenys, turintys teisę gauti laikinąją apsaugą, iki sprendimo dėl laikinosios apsaugos suteikimo (nesuteikimo) priėmimo, tačiau ne ilgiau kaip laikinosios apsaugos laikotarpiu'
2025-04-01 08:08:40 [main] DEBUG l.i.u.p.SubmittedApplicationsPage - Checking option: 'Asmenys, turintys teisę į papildomas užimtumo garantijas pagal Lietuvos Respublikos valstybės įmonės Ignalinos atominės elektrinės darbuotojų papildomų užimtumo ir socialinių garantijų įstatymą'
2025-04-01 08:08:40 [main] DEBUG l.i.u.p.SubmittedApplicationsPage - Checking option: 'Asmenys, turintys teisę į papildomas užimtumo garantijas pagal Lietuvos Respublikos valstybės įmonės Ignalinos atominės elektrinės darbuotojų papildomų užimtumo ir socialinių garantijų įstatymą'
2025-04-01 08:08:40 [main] DEBUG l.i.u.p.SubmittedApplicationsPage - Checking option: 'Bedarbiai iki 29 metų'
2025-04-01 08:08:40 [main] DEBUG l.i.u.p.SubmittedApplicationsPage - Checking option: 'Bedarbiai iki 29 metų'
2025-04-01 08:08:40 [main] DEBUG l.i.u.p.SubmittedApplicationsPage - Checking option: 'Bedarbiai, kurie yra darbingo amžiaus neįgalieji, kuriems nustatytas 30–40 procentų darbingumo lygis arba vidutinis neįgalumo lygis'
2025-04-01 08:08:40 [main] DEBUG l.i.u.p.SubmittedApplicationsPage - Checking option: 'Bedarbiai, kurie yra darbingo amžiaus neįgalieji, kuriems nustatytas 30–40 procentų darbingumo lygis arba vidutinis neįgalumo lygis'
2025-04-01 08:08:40 [main] DEBUG l.i.u.p.SubmittedApplicationsPage - Checking option: 'Bedarbiai, kurie yra darbingo amžiaus neįgalieji, kuriems nustatytas 45–55 procentų darbingumo lygis arba lengvas neįgalumo lygis'
2025-04-01 08:08:40 [main] DEBUG l.i.u.p.SubmittedApplicationsPage - Checking option: 'Bedarbiai, kurie yra darbingo amžiaus neįgalieji, kuriems nustatytas 45–55 procentų darbingumo lygis arba lengvas neįgalumo lygis'
2025-04-01 08:08:40 [main] DEBUG l.i.u.p.SubmittedApplicationsPage - Checking option: 'Bedarbiai, kurie yra darbingo amžiaus neįgalieji, kuriems nustatytas iki 25 procentų darbingumo lygis arba sunkus neįgalumo lygis'
2025-04-01 08:08:41 [main] INFO  l.i.u.p.SubmittedApplicationsPage - Successfully selected the value: 'Bedarbiai, kurie yra darbingo amžiaus neįgalieji, kuriems nustatytas iki 25 procentų darbingumo lygis arba sunkus neįgalumo lygis'
2025-04-01 08:08:41 [main] INFO  l.i.u.p.SubmittedApplicationsPage - Attempting to close the dropdown.
2025-04-01 08:08:41 [main] DEBUG l.i.u.t.SubmittedApplicationsPageTest - Selected disabilities type: 'Bedarbiai, kurie yra darbingo amžiaus neįgalieji, kuriems nustatytas iki 25 procentų darbingumo lygis arba sunkus neįgalumo lygis'.
2025-04-01 08:08:41 [main] DEBUG l.i.u.t.SubmittedApplicationsPageTest - Entered disability information: 'Negalia 1'.
2025-04-01 08:08:41 [main] INFO  l.i.u.p.SubmittedApplicationsPage - Located the dropdown button.
2025-04-01 08:08:42 [main] INFO  l.i.u.p.SubmittedApplicationsPage - Successfully selected the value: 'Kita'
2025-04-01 08:08:42 [main] DEBUG l.i.u.t.SubmittedApplicationsPageTest - Selected time mode: 'Kita'.
2025-04-01 08:08:43 [main] DEBUG l.i.u.t.SubmittedApplicationsPageTest - Selected time mode other: '6 val. per dieną ir 4 d. per savaitę'.
2025-04-01 08:08:43 [main] DEBUG l.i.u.t.SubmittedApplicationsPageTest - Entered qualification: 'Kvalifikacija 1'.
2025-04-01 08:08:43 [main] DEBUG l.i.u.t.SubmittedApplicationsPageTest - Entered job date.
2025-04-01 08:08:44 [main] DEBUG l.i.u.t.SubmittedApplicationsPageTest - Entered salary amount: '1200'.
2025-04-01 08:08:44 [main] DEBUG l.i.u.t.SubmittedApplicationsPageTest - Entered salary description: 'Užmokestis 1'.
2025-04-01 08:08:44 [main] DEBUG l.i.u.t.SubmittedApplicationsPageTest - Selected 'Temporary Job' radio button.
2025-04-01 08:08:44 [main] DEBUG l.i.u.t.SubmittedApplicationsPageTest - Selected 'Season Job' radio button.
2025-04-01 08:08:44 [main] DEBUG l.i.u.t.SubmittedApplicationsPageTest - Selected 'Energy' radio button.
2025-04-01 08:08:44 [main] DEBUG l.i.u.t.SubmittedApplicationsPageTest - Selected 'Repair' radio button.
2025-04-01 08:08:45 [main] DEBUG l.i.u.t.SubmittedApplicationsPageTest - Entered job description: 'Veikla 1'.
2025-04-01 08:08:45 [main] DEBUG l.i.u.t.SubmittedApplicationsPageTest - Entered process description: 'Procesas 1'.
2025-04-01 08:08:45 [main] DEBUG l.i.u.t.SubmittedApplicationsPageTest - Entered energy information: 'Energija 1'.
2025-04-01 08:08:45 [main] DEBUG l.i.u.t.SubmittedApplicationsPageTest - Entered repair information: 'Remontas 1'.
2025-04-01 08:08:46 [main] DEBUG l.i.u.t.SubmittedApplicationsPageTest - Selected 'PVM' radio button.
2025-04-01 08:08:46 [main] INFO  l.i.u.p.SubmittedApplicationsPage - Located the dropdown button.
2025-04-01 08:08:47 [main] INFO  l.i.u.p.SubmittedApplicationsPage - Successfully selected the value: 'Įsigyti'
2025-04-01 08:08:47 [main] DEBUG l.i.u.t.SubmittedApplicationsPageTest - Selected necessary for job: 'Įsigyti'.
2025-04-01 08:08:47 [main] DEBUG l.i.u.t.SubmittedApplicationsPageTest - Selected tool: 'Darbo priemonė 1'.
2025-04-01 08:08:47 [main] DEBUG l.i.u.t.SubmittedApplicationsPageTest - Selected tool parameter one: 'Darbo priemonės 1 parametras 1'.
2025-04-01 08:08:47 [main] DEBUG l.i.u.t.SubmittedApplicationsPageTest - Selected tool parameter two: 'Darbo priemonės 1 parametras 2'.
2025-04-01 08:08:48 [main] DEBUG l.i.u.t.SubmittedApplicationsPageTest - Selected tool parameter three: 'Darbo priemonės 1 parametras 3'.
2025-04-01 08:08:48 [main] DEBUG l.i.u.t.SubmittedApplicationsPageTest - Entered tool count: '1'.
2025-04-01 08:08:48 [main] DEBUG l.i.u.t.SubmittedApplicationsPageTest - Entered price amount 1: '1000'.
2025-04-01 08:08:50 [main] DEBUG l.i.u.t.SubmittedApplicationsPageTest - Entered own funds amount 1: '800'.
2025-04-01 08:08:52 [main] DEBUG l.i.u.t.SubmittedApplicationsPageTest - Clicked 'Add' button.
2025-04-01 08:08:52 [main] INFO  l.i.u.p.SubmittedApplicationsPage - Located the dropdown button.
2025-04-01 08:08:53 [main] INFO  l.i.u.p.SubmittedApplicationsPage - Successfully selected the value: 'Remontuoti'
2025-04-01 08:08:53 [main] DEBUG l.i.u.t.SubmittedApplicationsPageTest - Selected necessary for job 'to repair': 'Remontuoti'.
2025-04-01 08:08:53 [main] DEBUG l.i.u.t.SubmittedApplicationsPageTest - Selected repair name: 'Remonto pavadinimas 1'.
2025-04-01 08:08:53 [main] DEBUG l.i.u.t.SubmittedApplicationsPageTest - Entered repair information: 'Remonto aprašymas 1'.
2025-04-01 08:08:56 [main] DEBUG l.i.u.t.SubmittedApplicationsPageTest - Clicked 'Add' button.
2025-04-01 08:08:58 [main] DEBUG l.i.u.t.SubmittedApplicationsPageTest - Clicked 'Remove' button.
2025-04-01 08:09:00 [main] DEBUG l.i.u.t.SubmittedApplicationsPageTest - Clicked 'Remove Confirmation' button.
2025-04-01 08:09:02 [main] DEBUG l.i.u.t.SubmittedApplicationsPageTest - Entered country percentage: '50'.
2025-04-01 08:09:02 [main] DEBUG l.i.u.t.SubmittedApplicationsPageTest - Entered institution percentage: '50'.
2025-04-01 08:09:02 [main] DEBUG l.i.u.t.SubmittedApplicationsPageTest - Entered municipality percentage: '50'.
2025-04-01 08:09:02 [main] DEBUG l.i.u.t.SubmittedApplicationsPageTest - Selected 'De Minimis' radio button.
2025-04-01 08:09:03 [main] DEBUG l.i.u.t.SubmittedApplicationsPageTest - Entered program name: 'Programa 1'.
2025-04-01 08:09:03 [main] DEBUG l.i.u.t.SubmittedApplicationsPageTest - Entered project date from.
2025-04-01 08:09:03 [main] DEBUG l.i.u.t.SubmittedApplicationsPageTest - Entered project date until.
2025-04-01 08:09:03 [main] DEBUG l.i.u.t.SubmittedApplicationsPageTest - Entered support amount: '2000'.
2025-04-01 08:09:03 [main] DEBUG l.i.u.t.SubmittedApplicationsPageTest - Clicked 'Next' button.
2025-04-01 08:09:41 [main] INFO  lt.insoft.uztis.tests.UztisPageTest - Navigated to https://uztisdev.asseco.lt/home
2025-04-01 08:09:41 [main] INFO  l.i.u.t.SubmittedApplicationsPageTest - Starting test:'testFillNewVUIPApplicationFA'
2025-04-01 08:09:42 [main] DEBUG l.i.u.t.SubmittedApplicationsPageTest - User logged in with test credentials.
2025-04-01 08:09:42 [main] DEBUG l.i.u.t.SubmittedApplicationsPageTest - Opened 'Application Processing' menu.
2025-04-01 08:09:42 [main] DEBUG l.i.u.t.SubmittedApplicationsPageTest - Clicked on 'Application Forms' menu.
2025-04-01 08:09:42 [main] DEBUG l.i.u.t.SubmittedApplicationsPageTest - Retrieved last description code text: 'TST-VUI-75'.
2025-04-01 08:09:43 [main] DEBUG l.i.u.t.SubmittedApplicationsPageTest - Clicked on 'Invitation' menu.
2025-04-01 08:09:44 [main] DEBUG l.i.u.t.SubmittedApplicationsPageTest - Selected application section by code: 'TST-VUI-75'.
2025-04-01 08:09:44 [main] DEBUG l.i.u.t.SubmittedApplicationsPageTest - Clicked 'Search' button.
2025-04-01 08:09:44 [main] DEBUG l.i.u.t.SubmittedApplicationsPageTest - Retrieved invitation code: ''.
2025-04-01 08:09:44 [main] DEBUG l.i.u.t.SubmittedApplicationsPageTest - Clicked on 'Submitted Applications' menu.
2025-04-01 08:09:46 [main] DEBUG l.i.u.t.SubmittedApplicationsPageTest - Selected invitation by code: 'TST-VUI-75'.
2025-04-01 08:09:46 [main] DEBUG l.i.u.t.SubmittedApplicationsPageTest - Invitation code inserted.
2025-04-01 08:09:46 [main] DEBUG l.i.u.t.SubmittedApplicationsPageTest - Clicked on 'Action Application' button.
2025-04-01 08:09:46 [main] DEBUG l.i.u.t.SubmittedApplicationsPageTest - Clicked on 'New Application' button.
2025-04-01 08:09:47 [main] DEBUG l.i.u.t.SubmittedApplicationsPageTest - Selected the 'RadioButtonFA' option.
2025-04-01 08:09:47 [main] DEBUG l.i.u.t.SubmittedApplicationsPageTest - Entered phone number: '61298745'.
2025-04-01 08:09:47 [main] DEBUG l.i.u.t.SubmittedApplicationsPageTest - Entered email: 'test@autotest.com'.
2025-04-01 08:09:47 [main] INFO  l.i.u.p.SubmittedApplicationsPage - Clicking on the dropdown button.
2025-04-01 08:10:05 [main] INFO  l.i.u.p.SubmittedApplicationsPage - Found 1741 options in the dropdown.
2025-04-01 08:10:05 [main] DEBUG l.i.u.p.SubmittedApplicationsPage - Checking option: ''
2025-04-01 08:10:05 [main] DEBUG l.i.u.p.SubmittedApplicationsPage - Checking option: '01.11 - Grūdinių (išskyrus ryžius), ankštinių ir aliejingų sėklų augalų auginimas'
2025-04-01 08:10:05 [main] INFO  l.i.u.p.SubmittedApplicationsPage - Successfully selected the value: '01.11 - Grūdinių (išskyrus ryžius), ankštinių ir aliejingų sėklų augalų auginimas'
2025-04-01 08:10:05 [main] INFO  l.i.u.p.SubmittedApplicationsPage - Attempting to close the dropdown.
2025-04-01 08:10:06 [main] DEBUG l.i.u.t.SubmittedApplicationsPageTest - Selected EVRK value: '01.11 - Grūdinių (išskyrus ryžius), ankštinių ir aliejingų sėklų augalų auginimas'.
2025-04-01 08:10:06 [main] DEBUG l.i.u.t.SubmittedApplicationsPageTest - Clicked on 'Address Component' button.
2025-04-01 08:10:06 [main] INFO  l.i.u.p.SubmittedApplicationsPage - Located the dropdown button.
2025-04-01 08:10:09 [main] INFO  l.i.u.p.SubmittedApplicationsPage - Successfully selected the value: 'Lietuva'
2025-04-01 08:10:09 [main] DEBUG l.i.u.t.SubmittedApplicationsPageTest - Selected country: 'Lietuva'.
2025-04-01 08:10:09 [main] INFO  l.i.u.p.SubmittedApplicationsPage - Located the dropdown search field.
2025-04-01 08:10:09 [main] INFO  l.i.u.p.SubmittedApplicationsPage - Dropdown city is opened.
2025-04-01 08:10:10 [main] INFO  l.i.u.p.SubmittedApplicationsPage - Searched for value: 'Vilnius'
2025-04-01 08:10:11 [main] INFO  l.i.u.p.SubmittedApplicationsPage - Successfully selected: 'Vilnius'
2025-04-01 08:10:11 [main] INFO  l.i.u.p.SubmittedApplicationsPage - Located the dropdown button.
2025-04-01 08:10:11 [main] INFO  l.i.u.p.SubmittedApplicationsPage - Successfully selected the value: 'A. Domaševičiaus g.'
2025-04-01 08:10:11 [main] DEBUG l.i.u.t.SubmittedApplicationsPageTest - Selected street: 'A. Domaševičiaus g.'.
2025-04-01 08:10:11 [main] INFO  l.i.u.p.SubmittedApplicationsPage - Located the dropdown button.
2025-04-01 08:10:12 [main] INFO  l.i.u.p.SubmittedApplicationsPage - Successfully selected the value: '1'
2025-04-01 08:10:12 [main] DEBUG l.i.u.t.SubmittedApplicationsPageTest - Selected house: '1'.
2025-04-01 08:10:12 [main] INFO  l.i.u.p.SubmittedApplicationsPage - Located the dropdown button.
2025-04-01 08:10:12 [main] INFO  l.i.u.p.SubmittedApplicationsPage - Successfully selected the value: '1'
2025-04-01 08:10:12 [main] DEBUG l.i.u.t.SubmittedApplicationsPageTest - Selected apartment: '1'.
2025-04-01 08:10:12 [main] DEBUG l.i.u.t.SubmittedApplicationsPageTest - Clicked 'Confirm' button.
2025-04-01 08:10:12 [main] DEBUG l.i.u.t.SubmittedApplicationsPageTest - Entered project date.
2025-04-01 08:10:12 [main] DEBUG l.i.u.t.SubmittedApplicationsPageTest - Entered job count: '1'.
2025-04-01 08:10:13 [main] DEBUG l.i.u.t.SubmittedApplicationsPageTest - Clicked 'Next' button.
2025-04-01 08:10:13 [main] INFO  l.i.u.p.SubmittedApplicationsPage - Located the dropdown button.
2025-04-01 08:10:14 [main] INFO  l.i.u.p.SubmittedApplicationsPage - Successfully selected the value: 'Administratoriai'
2025-04-01 08:10:14 [main] DEBUG l.i.u.t.SubmittedApplicationsPageTest - Selected job name: 'Administratoriai'.
2025-04-01 08:10:14 [main] DEBUG l.i.u.t.SubmittedApplicationsPageTest - Entered job function: 'Funkcija 1'.
2025-04-01 08:10:14 [main] DEBUG l.i.u.t.SubmittedApplicationsPageTest - Selected 'RadioButtonWithDisabilities' option.
2025-04-01 08:10:14 [main] INFO  l.i.u.p.SubmittedApplicationsPage - Clicking on the dropdown button.
2025-04-01 08:10:15 [main] INFO  l.i.u.p.SubmittedApplicationsPage - Found 34 options in the dropdown.
2025-04-01 08:10:15 [main] DEBUG l.i.u.p.SubmittedApplicationsPage - Checking option: 'Asmenys, kuriems suteiktas pabėgėlio statusas ar perkeliamojo asmens statusas, arba asmenys, kuriems suteikta papildoma ar laikinoji apsauga, ir asmenys, turintys teisę gauti laikinąją apsaugą, iki sprendimo dėl laikinosios apsaugos suteikimo (nesuteikimo) priėmimo, tačiau ne ilgiau kaip laikinosios apsaugos laikotarpiu'
2025-04-01 08:10:15 [main] DEBUG l.i.u.p.SubmittedApplicationsPage - Checking option: 'Asmenys, kuriems suteiktas pabėgėlio statusas ar perkeliamojo asmens statusas, arba asmenys, kuriems suteikta papildoma ar laikinoji apsauga, ir asmenys, turintys teisę gauti laikinąją apsaugą, iki sprendimo dėl laikinosios apsaugos suteikimo (nesuteikimo) priėmimo, tačiau ne ilgiau kaip laikinosios apsaugos laikotarpiu'
2025-04-01 08:10:15 [main] DEBUG l.i.u.p.SubmittedApplicationsPage - Checking option: 'Asmenys, turintys teisę į papildomas užimtumo garantijas pagal Lietuvos Respublikos valstybės įmonės Ignalinos atominės elektrinės darbuotojų papildomų užimtumo ir socialinių garantijų įstatymą'
2025-04-01 08:10:15 [main] DEBUG l.i.u.p.SubmittedApplicationsPage - Checking option: 'Asmenys, turintys teisę į papildomas užimtumo garantijas pagal Lietuvos Respublikos valstybės įmonės Ignalinos atominės elektrinės darbuotojų papildomų užimtumo ir socialinių garantijų įstatymą'
2025-04-01 08:10:15 [main] DEBUG l.i.u.p.SubmittedApplicationsPage - Checking option: 'Bedarbiai iki 29 metų'
2025-04-01 08:10:15 [main] DEBUG l.i.u.p.SubmittedApplicationsPage - Checking option: 'Bedarbiai iki 29 metų'
2025-04-01 08:10:15 [main] DEBUG l.i.u.p.SubmittedApplicationsPage - Checking option: 'Bedarbiai, kurie yra darbingo amžiaus neįgalieji, kuriems nustatytas 30–40 procentų darbingumo lygis arba vidutinis neįgalumo lygis'
2025-04-01 08:10:15 [main] DEBUG l.i.u.p.SubmittedApplicationsPage - Checking option: 'Bedarbiai, kurie yra darbingo amžiaus neįgalieji, kuriems nustatytas 30–40 procentų darbingumo lygis arba vidutinis neįgalumo lygis'
2025-04-01 08:10:15 [main] DEBUG l.i.u.p.SubmittedApplicationsPage - Checking option: 'Bedarbiai, kurie yra darbingo amžiaus neįgalieji, kuriems nustatytas 45–55 procentų darbingumo lygis arba lengvas neįgalumo lygis'
2025-04-01 08:10:15 [main] DEBUG l.i.u.p.SubmittedApplicationsPage - Checking option: 'Bedarbiai, kurie yra darbingo amžiaus neįgalieji, kuriems nustatytas 45–55 procentų darbingumo lygis arba lengvas neįgalumo lygis'
2025-04-01 08:10:15 [main] DEBUG l.i.u.p.SubmittedApplicationsPage - Checking option: 'Bedarbiai, kurie yra darbingo amžiaus neįgalieji, kuriems nustatytas iki 25 procentų darbingumo lygis arba sunkus neįgalumo lygis'
2025-04-01 08:10:15 [main] INFO  l.i.u.p.SubmittedApplicationsPage - Successfully selected the value: 'Bedarbiai, kurie yra darbingo amžiaus neįgalieji, kuriems nustatytas iki 25 procentų darbingumo lygis arba sunkus neįgalumo lygis'
2025-04-01 08:10:15 [main] INFO  l.i.u.p.SubmittedApplicationsPage - Attempting to close the dropdown.
2025-04-01 08:10:16 [main] DEBUG l.i.u.t.SubmittedApplicationsPageTest - Selected disabilities type: 'Bedarbiai, kurie yra darbingo amžiaus neįgalieji, kuriems nustatytas iki 25 procentų darbingumo lygis arba sunkus neįgalumo lygis'.
2025-04-01 08:10:16 [main] DEBUG l.i.u.t.SubmittedApplicationsPageTest - Entered disability information: 'Negalia 1'.
2025-04-01 08:10:16 [main] INFO  l.i.u.p.SubmittedApplicationsPage - Located the dropdown button.
2025-04-01 08:10:16 [main] INFO  l.i.u.p.SubmittedApplicationsPage - Successfully selected the value: 'Kita'
2025-04-01 08:10:16 [main] DEBUG l.i.u.t.SubmittedApplicationsPageTest - Selected time mode: 'Kita'.
2025-04-01 08:10:17 [main] DEBUG l.i.u.t.SubmittedApplicationsPageTest - Selected time mode other: '6 val. per dieną ir 4 d. per savaitę'.
2025-04-01 08:10:17 [main] DEBUG l.i.u.t.SubmittedApplicationsPageTest - Entered qualification: 'Kvalifikacija 1'.
2025-04-01 08:10:17 [main] DEBUG l.i.u.t.SubmittedApplicationsPageTest - Entered job date.
2025-04-01 08:10:17 [main] DEBUG l.i.u.t.SubmittedApplicationsPageTest - Entered salary amount: '1200'.
2025-04-01 08:10:18 [main] DEBUG l.i.u.t.SubmittedApplicationsPageTest - Entered salary description: 'Užmokestis 1'.
2025-04-01 08:10:18 [main] DEBUG l.i.u.t.SubmittedApplicationsPageTest - Selected 'Temporary Job' radio button.
2025-04-01 08:10:18 [main] DEBUG l.i.u.t.SubmittedApplicationsPageTest - Selected 'Season Job' radio button.
2025-04-01 08:10:18 [main] DEBUG l.i.u.t.SubmittedApplicationsPageTest - Selected 'Energy' radio button.
2025-04-01 08:10:18 [main] DEBUG l.i.u.t.SubmittedApplicationsPageTest - Selected 'Repair' radio button.
2025-04-01 08:10:19 [main] DEBUG l.i.u.t.SubmittedApplicationsPageTest - Entered job description: 'Veikla 1'.
2025-04-01 08:10:19 [main] DEBUG l.i.u.t.SubmittedApplicationsPageTest - Entered process description: 'Procesas 1'.
2025-04-01 08:10:19 [main] DEBUG l.i.u.t.SubmittedApplicationsPageTest - Entered energy information: 'Energija 1'.
2025-04-01 08:10:19 [main] DEBUG l.i.u.t.SubmittedApplicationsPageTest - Entered repair information: 'Remontas 1'.
2025-04-01 08:10:20 [main] DEBUG l.i.u.t.SubmittedApplicationsPageTest - Selected 'PVM' radio button.
2025-04-01 08:10:20 [main] INFO  l.i.u.p.SubmittedApplicationsPage - Located the dropdown button.
2025-04-01 08:10:20 [main] INFO  l.i.u.p.SubmittedApplicationsPage - Successfully selected the value: 'Įsigyti'
2025-04-01 08:10:20 [main] DEBUG l.i.u.t.SubmittedApplicationsPageTest - Selected necessary for job: 'Įsigyti'.
2025-04-01 08:10:20 [main] DEBUG l.i.u.t.SubmittedApplicationsPageTest - Selected tool: 'Darbo priemonė 1'.
2025-04-01 08:10:21 [main] DEBUG l.i.u.t.SubmittedApplicationsPageTest - Selected tool parameter one: 'Darbo priemonės 1 parametras 1'.
2025-04-01 08:10:21 [main] DEBUG l.i.u.t.SubmittedApplicationsPageTest - Selected tool parameter two: 'Darbo priemonės 1 parametras 2'.
2025-04-01 08:10:21 [main] DEBUG l.i.u.t.SubmittedApplicationsPageTest - Selected tool parameter three: 'Darbo priemonės 1 parametras 3'.
2025-04-01 08:10:21 [main] DEBUG l.i.u.t.SubmittedApplicationsPageTest - Entered tool count: '1'.
2025-04-01 08:10:22 [main] DEBUG l.i.u.t.SubmittedApplicationsPageTest - Entered price amount 1: '1000'.
2025-04-01 08:10:24 [main] DEBUG l.i.u.t.SubmittedApplicationsPageTest - Entered own funds amount 1: '800'.
2025-04-01 08:10:26 [main] DEBUG l.i.u.t.SubmittedApplicationsPageTest - Clicked 'Add' button.
2025-04-01 08:10:26 [main] INFO  l.i.u.p.SubmittedApplicationsPage - Located the dropdown button.
2025-04-01 08:10:26 [main] INFO  l.i.u.p.SubmittedApplicationsPage - Successfully selected the value: 'Remontuoti'
2025-04-01 08:10:26 [main] DEBUG l.i.u.t.SubmittedApplicationsPageTest - Selected necessary for job 'to repair': 'Remontuoti'.
2025-04-01 08:10:27 [main] DEBUG l.i.u.t.SubmittedApplicationsPageTest - Selected repair name: 'Remonto pavadinimas 1'.
2025-04-01 08:10:27 [main] DEBUG l.i.u.t.SubmittedApplicationsPageTest - Entered repair information: 'Remonto aprašymas 1'.
2025-04-01 08:10:29 [main] DEBUG l.i.u.t.SubmittedApplicationsPageTest - Clicked 'Add' button.
2025-04-01 08:10:41 [main] ERROR l.i.u.t.SubmittedApplicationsPageTest - Test 'testFillNewVUIApplicationFA' failed with error: no such element: Unable to locate element: {"method":"xpath","selector":"(//button[contains(@class, 'i-forms-repeater-button-remove')])[4]"}
  (Session info: chrome=134.0.6998.178)
For documentation on this error, please visit: https://www.selenium.dev/documentation/webdriver/troubleshooting/errors#no-such-element-exception
Build info: version: '4.27.0', revision: 'd6e718d134'
System info: os.name: 'Windows 11', os.arch: 'amd64', os.version: '10.0', java.version: '21.0.3'
Driver info: org.openqa.selenium.chrome.ChromeDriver
Command: [78a3b83bc8b6040cfd35526eb5b14faf, findElement {using=xpath, value=(//button[contains(@class, 'i-forms-repeater-button-remove')])[4]}]
Capabilities {acceptInsecureCerts: false, browserName: chrome, browserVersion: 134.0.6998.178, chrome: {chromedriverVersion: 134.0.6998.165 (fd886e2cb29..., userDataDir: C:\Users\INGRID~1.ZAD\AppDa...}, fedcm:accounts: true, goog:chromeOptions: {debuggerAddress: localhost:50648}, networkConnectionEnabled: false, pageLoadStrategy: normal, platformName: windows, proxy: Proxy(), se:cdp: ws://localhost:50648/devtoo..., se:cdpVersion: 134.0.6998.178, setWindowRect: true, strictFileInteractability: false, timeouts: {implicit: 0, pageLoad: 300000, script: 30000}, unhandledPromptBehavior: dismiss and notify, webauthn:extension:credBlob: true, webauthn:extension:largeBlob: true, webauthn:extension:minPinLength: true, webauthn:extension:prf: true, webauthn:virtualAuthenticators: true}
Session ID: 78a3b83bc8b6040cfd35526eb5b14faf
org.openqa.selenium.NoSuchElementException: no such element: Unable to locate element: {"method":"xpath","selector":"(//button[contains(@class, 'i-forms-repeater-button-remove')])[4]"}
  (Session info: chrome=134.0.6998.178)
For documentation on this error, please visit: https://www.selenium.dev/documentation/webdriver/troubleshooting/errors#no-such-element-exception
Build info: version: '4.27.0', revision: 'd6e718d134'
System info: os.name: 'Windows 11', os.arch: 'amd64', os.version: '10.0', java.version: '21.0.3'
Driver info: org.openqa.selenium.chrome.ChromeDriver
Command: [78a3b83bc8b6040cfd35526eb5b14faf, findElement {using=xpath, value=(//button[contains(@class, 'i-forms-repeater-button-remove')])[4]}]
Capabilities {acceptInsecureCerts: false, browserName: chrome, browserVersion: 134.0.6998.178, chrome: {chromedriverVersion: 134.0.6998.165 (fd886e2cb29..., userDataDir: C:\Users\INGRID~1.ZAD\AppDa...}, fedcm:accounts: true, goog:chromeOptions: {debuggerAddress: localhost:50648}, networkConnectionEnabled: false, pageLoadStrategy: normal, platformName: windows, proxy: Proxy(), se:cdp: ws://localhost:50648/devtoo..., se:cdpVersion: 134.0.6998.178, setWindowRect: true, strictFileInteractability: false, timeouts: {implicit: 0, pageLoad: 300000, script: 30000}, unhandledPromptBehavior: dismiss and notify, webauthn:extension:credBlob: true, webauthn:extension:largeBlob: true, webauthn:extension:minPinLength: true, webauthn:extension:prf: true, webauthn:virtualAuthenticators: true}
Session ID: 78a3b83bc8b6040cfd35526eb5b14faf
	at java.base/jdk.internal.reflect.DirectConstructorHandleAccessor.newInstance(DirectConstructorHandleAccessor.java:62)
	at java.base/java.lang.reflect.Constructor.newInstanceWithCaller(Constructor.java:502)
	at java.base/java.lang.reflect.Constructor.newInstance(Constructor.java:486)
	at org.openqa.selenium.remote.ErrorCodec.decode(ErrorCodec.java:167)
	at org.openqa.selenium.remote.codec.w3c.W3CHttpResponseCodec.decode(W3CHttpResponseCodec.java:138)
	at org.openqa.selenium.remote.codec.w3c.W3CHttpResponseCodec.decode(W3CHttpResponseCodec.java:50)
	at org.openqa.selenium.remote.HttpCommandExecutor.execute(HttpCommandExecutor.java:190)
	at org.openqa.selenium.remote.service.DriverCommandExecutor.invokeExecute(DriverCommandExecutor.java:216)
	at org.openqa.selenium.remote.service.DriverCommandExecutor.execute(DriverCommandExecutor.java:174)
	at org.openqa.selenium.remote.RemoteWebDriver.execute(RemoteWebDriver.java:545)
	at org.openqa.selenium.remote.ElementLocation$ElementFinder$2.findElement(ElementLocation.java:165)
	at org.openqa.selenium.remote.ElementLocation.findElement(ElementLocation.java:59)
	at org.openqa.selenium.remote.RemoteWebDriver.findElement(RemoteWebDriver.java:368)
	at org.openqa.selenium.remote.RemoteWebDriver.findElement(RemoteWebDriver.java:362)
	at org.openqa.selenium.support.pagefactory.DefaultElementLocator.findElement(DefaultElementLocator.java:68)
	at org.openqa.selenium.support.pagefactory.internal.LocatingElementHandler.invoke(LocatingElementHandler.java:38)
	at jdk.proxy2/jdk.proxy2.$Proxy14.isSelected(Unknown Source)
	at lt.insoft.uztis.pages.SubmittedApplicationsPage.clickButtonRemove(SubmittedApplicationsPage.java:1607)
	at lt.insoft.uztis.tests.SubmittedApplicationsPageTest.testFillNewVUIApplicationFA(SubmittedApplicationsPageTest.java:341)
	at java.base/jdk.internal.reflect.DirectMethodHandleAccessor.invoke(DirectMethodHandleAccessor.java:103)
	at java.base/java.lang.reflect.Method.invoke(Method.java:580)
	at org.junit.platform.commons.util.ReflectionUtils.invokeMethod(ReflectionUtils.java:728)
	at org.junit.jupiter.engine.execution.MethodInvocation.proceed(MethodInvocation.java:60)
	at org.junit.jupiter.engine.execution.InvocationInterceptorChain$ValidatingInvocation.proceed(InvocationInterceptorChain.java:131)
	at org.junit.jupiter.engine.extension.TimeoutExtension.intercept(TimeoutExtension.java:156)
	at org.junit.jupiter.engine.extension.TimeoutExtension.interceptTestableMethod(TimeoutExtension.java:147)
	at org.junit.jupiter.engine.extension.TimeoutExtension.interceptTestMethod(TimeoutExtension.java:86)
	at org.junit.jupiter.engine.execution.InterceptingExecutableInvoker$ReflectiveInterceptorCall.lambda$ofVoidMethod$0(InterceptingExecutableInvoker.java:103)
	at org.junit.jupiter.engine.execution.InterceptingExecutableInvoker.lambda$invoke$0(InterceptingExecutableInvoker.java:93)
	at org.junit.jupiter.engine.execution.InvocationInterceptorChain$InterceptedInvocation.proceed(InvocationInterceptorChain.java:106)
	at org.junit.jupiter.engine.execution.InvocationInterceptorChain.proceed(InvocationInterceptorChain.java:64)
	at org.junit.jupiter.engine.execution.InvocationInterceptorChain.chainAndInvoke(InvocationInterceptorChain.java:45)
	at org.junit.jupiter.engine.execution.InvocationInterceptorChain.invoke(InvocationInterceptorChain.java:37)
	at org.junit.jupiter.engine.execution.InterceptingExecutableInvoker.invoke(InterceptingExecutableInvoker.java:92)
	at org.junit.jupiter.engine.execution.InterceptingExecutableInvoker.invoke(InterceptingExecutableInvoker.java:86)
	at org.junit.jupiter.engine.descriptor.TestMethodTestDescriptor.lambda$invokeTestMethod$7(TestMethodTestDescriptor.java:218)
	at org.junit.platform.engine.support.hierarchical.ThrowableCollector.execute(ThrowableCollector.java:73)
	at org.junit.jupiter.engine.descriptor.TestMethodTestDescriptor.invokeTestMethod(TestMethodTestDescriptor.java:214)
	at org.junit.jupiter.engine.descriptor.TestMethodTestDescriptor.execute(TestMethodTestDescriptor.java:139)
	at org.junit.jupiter.engine.descriptor.TestMethodTestDescriptor.execute(TestMethodTestDescriptor.java:69)
	at org.junit.platform.engine.support.hierarchical.NodeTestTask.lambda$executeRecursively$6(NodeTestTask.java:151)
	at org.junit.platform.engine.support.hierarchical.ThrowableCollector.execute(ThrowableCollector.java:73)
	at org.junit.platform.engine.support.hierarchical.NodeTestTask.lambda$executeRecursively$8(NodeTestTask.java:141)
	at org.junit.platform.engine.support.hierarchical.Node.around(Node.java:137)
	at org.junit.platform.engine.support.hierarchical.NodeTestTask.lambda$executeRecursively$9(NodeTestTask.java:139)
	at org.junit.platform.engine.support.hierarchical.ThrowableCollector.execute(ThrowableCollector.java:73)
	at org.junit.platform.engine.support.hierarchical.NodeTestTask.executeRecursively(NodeTestTask.java:138)
	at org.junit.platform.engine.support.hierarchical.NodeTestTask.execute(NodeTestTask.java:95)
	at java.base/java.util.ArrayList.forEach(ArrayList.java:1596)
	at org.junit.platform.engine.support.hierarchical.SameThreadHierarchicalTestExecutorService.invokeAll(SameThreadHierarchicalTestExecutorService.java:41)
	at org.junit.platform.engine.support.hierarchical.NodeTestTask.lambda$executeRecursively$6(NodeTestTask.java:155)
	at org.junit.platform.engine.support.hierarchical.ThrowableCollector.execute(ThrowableCollector.java:73)
	at org.junit.platform.engine.support.hierarchical.NodeTestTask.lambda$executeRecursively$8(NodeTestTask.java:141)
	at org.junit.platform.engine.support.hierarchical.Node.around(Node.java:137)
	at org.junit.platform.engine.support.hierarchical.NodeTestTask.lambda$executeRecursively$9(NodeTestTask.java:139)
	at org.junit.platform.engine.support.hierarchical.ThrowableCollector.execute(ThrowableCollector.java:73)
	at org.junit.platform.engine.support.hierarchical.NodeTestTask.executeRecursively(NodeTestTask.java:138)
	at org.junit.platform.engine.support.hierarchical.NodeTestTask.execute(NodeTestTask.java:95)
	at java.base/java.util.ArrayList.forEach(ArrayList.java:1596)
	at org.junit.platform.engine.support.hierarchical.SameThreadHierarchicalTestExecutorService.invokeAll(SameThreadHierarchicalTestExecutorService.java:41)
	at org.junit.platform.engine.support.hierarchical.NodeTestTask.lambda$executeRecursively$6(NodeTestTask.java:155)
	at org.junit.platform.engine.support.hierarchical.ThrowableCollector.execute(ThrowableCollector.java:73)
	at org.junit.platform.engine.support.hierarchical.NodeTestTask.lambda$executeRecursively$8(NodeTestTask.java:141)
	at org.junit.platform.engine.support.hierarchical.Node.around(Node.java:137)
	at org.junit.platform.engine.support.hierarchical.NodeTestTask.lambda$executeRecursively$9(NodeTestTask.java:139)
	at org.junit.platform.engine.support.hierarchical.ThrowableCollector.execute(ThrowableCollector.java:73)
	at org.junit.platform.engine.support.hierarchical.NodeTestTask.executeRecursively(NodeTestTask.java:138)
	at org.junit.platform.engine.support.hierarchical.NodeTestTask.execute(NodeTestTask.java:95)
	at org.junit.platform.engine.support.hierarchical.SameThreadHierarchicalTestExecutorService.submit(SameThreadHierarchicalTestExecutorService.java:35)
	at org.junit.platform.engine.support.hierarchical.HierarchicalTestExecutor.execute(HierarchicalTestExecutor.java:57)
	at org.junit.platform.engine.support.hierarchical.HierarchicalTestEngine.execute(HierarchicalTestEngine.java:54)
	at org.junit.platform.launcher.core.EngineExecutionOrchestrator.execute(EngineExecutionOrchestrator.java:198)
	at org.junit.platform.launcher.core.EngineExecutionOrchestrator.execute(EngineExecutionOrchestrator.java:169)
	at org.junit.platform.launcher.core.EngineExecutionOrchestrator.execute(EngineExecutionOrchestrator.java:93)
	at org.junit.platform.launcher.core.EngineExecutionOrchestrator.lambda$execute$0(EngineExecutionOrchestrator.java:58)
	at org.junit.platform.launcher.core.EngineExecutionOrchestrator.withInterceptedStreams(EngineExecutionOrchestrator.java:141)
	at org.junit.platform.launcher.core.EngineExecutionOrchestrator.execute(EngineExecutionOrchestrator.java:57)
	at org.junit.platform.launcher.core.DefaultLauncher.execute(DefaultLauncher.java:103)
	at org.junit.platform.launcher.core.DefaultLauncher.execute(DefaultLauncher.java:85)
	at org.junit.platform.launcher.core.DelegatingLauncher.execute(DelegatingLauncher.java:47)
	at org.junit.platform.launcher.core.SessionPerRequestLauncher.execute(SessionPerRequestLauncher.java:63)
	at com.intellij.junit5.JUnit5IdeaTestRunner.startRunnerWithArgs(JUnit5IdeaTestRunner.java:57)
	at com.intellij.rt.junit.IdeaTestRunner$Repeater$1.execute(IdeaTestRunner.java:38)
	at com.intellij.rt.execution.junit.TestsRepeater.repeat(TestsRepeater.java:11)
	at com.intellij.rt.junit.IdeaTestRunner$Repeater.startRunnerWithArgs(IdeaTestRunner.java:35)
	at com.intellij.rt.junit.JUnitStarter.prepareStreamsAndStart(JUnitStarter.java:232)
	at com.intellij.rt.junit.JUnitStarter.main(JUnitStarter.java:55)
2025-04-01 08:10:42 [main] INFO  l.insoft.uztis.tests.utils.TestUtils - Screenshot moved to C:\Users\ingrida.zadorozniene\Desktop\Asm\UZTIS\UZTIS_tests\test-output\screenshots\20250401\081042065_testFillNewVUIApplicationFA().png
2025-04-01 08:19:06 [main] INFO  lt.insoft.uztis.tests.UztisPageTest - Navigated to https://uztisdev.asseco.lt/home
2025-04-01 08:19:06 [main] INFO  l.i.u.t.SubmittedApplicationsPageTest - Starting test:'testFillNewVUIPApplicationFA'
2025-04-01 08:19:07 [main] DEBUG l.i.u.t.SubmittedApplicationsPageTest - User logged in with test credentials.
2025-04-01 08:19:07 [main] DEBUG l.i.u.t.SubmittedApplicationsPageTest - Opened 'Application Processing' menu.
2025-04-01 08:19:07 [main] DEBUG l.i.u.t.SubmittedApplicationsPageTest - Clicked on 'Application Forms' menu.
2025-04-01 08:19:07 [main] DEBUG l.i.u.t.SubmittedApplicationsPageTest - Retrieved last description code text: 'TST-VUI-75'.
2025-04-01 08:19:08 [main] DEBUG l.i.u.t.SubmittedApplicationsPageTest - Clicked on 'Invitation' menu.
2025-04-01 08:19:09 [main] DEBUG l.i.u.t.SubmittedApplicationsPageTest - Selected application section by code: 'TST-VUI-75'.
2025-04-01 08:19:09 [main] DEBUG l.i.u.t.SubmittedApplicationsPageTest - Clicked 'Search' button.
2025-04-01 08:19:09 [main] DEBUG l.i.u.t.SubmittedApplicationsPageTest - Retrieved invitation code: ''.
2025-04-01 08:19:09 [main] DEBUG l.i.u.t.SubmittedApplicationsPageTest - Clicked on 'Submitted Applications' menu.
2025-04-01 08:19:11 [main] DEBUG l.i.u.t.SubmittedApplicationsPageTest - Selected invitation by code: 'TST-VUI-75'.
2025-04-01 08:19:11 [main] DEBUG l.i.u.t.SubmittedApplicationsPageTest - Invitation code inserted.
2025-04-01 08:19:11 [main] DEBUG l.i.u.t.SubmittedApplicationsPageTest - Clicked on 'Action Application' button.
2025-04-01 08:19:11 [main] DEBUG l.i.u.t.SubmittedApplicationsPageTest - Clicked on 'New Application' button.
2025-04-01 08:19:12 [main] DEBUG l.i.u.t.SubmittedApplicationsPageTest - Selected the 'RadioButtonFA' option.
2025-04-01 08:19:12 [main] DEBUG l.i.u.t.SubmittedApplicationsPageTest - Entered phone number: '61298745'.
2025-04-01 08:19:12 [main] DEBUG l.i.u.t.SubmittedApplicationsPageTest - Entered email: 'test@autotest.com'.
2025-04-01 08:19:12 [main] INFO  l.i.u.p.SubmittedApplicationsPage - Clicking on the dropdown button.
2025-04-01 08:19:29 [main] INFO  l.i.u.p.SubmittedApplicationsPage - Found 1741 options in the dropdown.
2025-04-01 08:19:29 [main] DEBUG l.i.u.p.SubmittedApplicationsPage - Checking option: ''
2025-04-01 08:19:29 [main] DEBUG l.i.u.p.SubmittedApplicationsPage - Checking option: '01.11 - Grūdinių (išskyrus ryžius), ankštinių ir aliejingų sėklų augalų auginimas'
2025-04-01 08:19:29 [main] INFO  l.i.u.p.SubmittedApplicationsPage - Successfully selected the value: '01.11 - Grūdinių (išskyrus ryžius), ankštinių ir aliejingų sėklų augalų auginimas'
2025-04-01 08:19:29 [main] INFO  l.i.u.p.SubmittedApplicationsPage - Attempting to close the dropdown.
2025-04-01 08:19:30 [main] DEBUG l.i.u.t.SubmittedApplicationsPageTest - Selected EVRK value: '01.11 - Grūdinių (išskyrus ryžius), ankštinių ir aliejingų sėklų augalų auginimas'.
2025-04-01 08:19:30 [main] DEBUG l.i.u.t.SubmittedApplicationsPageTest - Clicked on 'Address Component' button.
2025-04-01 08:19:30 [main] INFO  l.i.u.p.SubmittedApplicationsPage - Located the dropdown button.
2025-04-01 08:19:34 [main] INFO  l.i.u.p.SubmittedApplicationsPage - Successfully selected the value: 'Lietuva'
2025-04-01 08:19:34 [main] DEBUG l.i.u.t.SubmittedApplicationsPageTest - Selected country: 'Lietuva'.
2025-04-01 08:19:34 [main] INFO  l.i.u.p.SubmittedApplicationsPage - Located the dropdown search field.
2025-04-01 08:19:34 [main] INFO  l.i.u.p.SubmittedApplicationsPage - Dropdown city is opened.
2025-04-01 08:19:34 [main] INFO  l.i.u.p.SubmittedApplicationsPage - Searched for value: 'Vilnius'
2025-04-01 08:19:35 [main] INFO  l.i.u.p.SubmittedApplicationsPage - Successfully selected: 'Vilnius'
2025-04-01 08:19:35 [main] INFO  l.i.u.p.SubmittedApplicationsPage - Located the dropdown button.
2025-04-01 08:19:36 [main] INFO  l.i.u.p.SubmittedApplicationsPage - Successfully selected the value: 'A. Domaševičiaus g.'
2025-04-01 08:19:36 [main] DEBUG l.i.u.t.SubmittedApplicationsPageTest - Selected street: 'A. Domaševičiaus g.'.
2025-04-01 08:19:36 [main] INFO  l.i.u.p.SubmittedApplicationsPage - Located the dropdown button.
2025-04-01 08:19:36 [main] INFO  l.i.u.p.SubmittedApplicationsPage - Successfully selected the value: '1'
2025-04-01 08:19:37 [main] DEBUG l.i.u.t.SubmittedApplicationsPageTest - Selected house: '1'.
2025-04-01 08:19:37 [main] INFO  l.i.u.p.SubmittedApplicationsPage - Located the dropdown button.
2025-04-01 08:19:37 [main] INFO  l.i.u.p.SubmittedApplicationsPage - Successfully selected the value: '1'
2025-04-01 08:19:37 [main] DEBUG l.i.u.t.SubmittedApplicationsPageTest - Selected apartment: '1'.
2025-04-01 08:19:38 [main] DEBUG l.i.u.t.SubmittedApplicationsPageTest - Clicked 'Confirm' button.
2025-04-01 08:19:38 [main] DEBUG l.i.u.t.SubmittedApplicationsPageTest - Entered project date.
2025-04-01 08:19:38 [main] DEBUG l.i.u.t.SubmittedApplicationsPageTest - Entered job count: '1'.
2025-04-01 08:19:38 [main] DEBUG l.i.u.t.SubmittedApplicationsPageTest - Clicked 'Next' button.
2025-04-01 08:19:38 [main] INFO  l.i.u.p.SubmittedApplicationsPage - Located the dropdown button.
2025-04-01 08:19:39 [main] INFO  l.i.u.p.SubmittedApplicationsPage - Successfully selected the value: 'Administratoriai'
2025-04-01 08:19:39 [main] DEBUG l.i.u.t.SubmittedApplicationsPageTest - Selected job name: 'Administratoriai'.
2025-04-01 08:19:39 [main] DEBUG l.i.u.t.SubmittedApplicationsPageTest - Entered job function: 'Funkcija 1'.
2025-04-01 08:19:40 [main] DEBUG l.i.u.t.SubmittedApplicationsPageTest - Selected 'RadioButtonWithDisabilities' option.
2025-04-01 08:19:40 [main] INFO  l.i.u.p.SubmittedApplicationsPage - Clicking on the dropdown button.
2025-04-01 08:19:41 [main] INFO  l.i.u.p.SubmittedApplicationsPage - Found 34 options in the dropdown.
2025-04-01 08:19:41 [main] DEBUG l.i.u.p.SubmittedApplicationsPage - Checking option: 'Asmenys, kuriems suteiktas pabėgėlio statusas ar perkeliamojo asmens statusas, arba asmenys, kuriems suteikta papildoma ar laikinoji apsauga, ir asmenys, turintys teisę gauti laikinąją apsaugą, iki sprendimo dėl laikinosios apsaugos suteikimo (nesuteikimo) priėmimo, tačiau ne ilgiau kaip laikinosios apsaugos laikotarpiu'
2025-04-01 08:19:41 [main] DEBUG l.i.u.p.SubmittedApplicationsPage - Checking option: 'Asmenys, kuriems suteiktas pabėgėlio statusas ar perkeliamojo asmens statusas, arba asmenys, kuriems suteikta papildoma ar laikinoji apsauga, ir asmenys, turintys teisę gauti laikinąją apsaugą, iki sprendimo dėl laikinosios apsaugos suteikimo (nesuteikimo) priėmimo, tačiau ne ilgiau kaip laikinosios apsaugos laikotarpiu'
2025-04-01 08:19:41 [main] DEBUG l.i.u.p.SubmittedApplicationsPage - Checking option: 'Asmenys, turintys teisę į papildomas užimtumo garantijas pagal Lietuvos Respublikos valstybės įmonės Ignalinos atominės elektrinės darbuotojų papildomų užimtumo ir socialinių garantijų įstatymą'
2025-04-01 08:19:41 [main] DEBUG l.i.u.p.SubmittedApplicationsPage - Checking option: 'Asmenys, turintys teisę į papildomas užimtumo garantijas pagal Lietuvos Respublikos valstybės įmonės Ignalinos atominės elektrinės darbuotojų papildomų užimtumo ir socialinių garantijų įstatymą'
2025-04-01 08:19:41 [main] DEBUG l.i.u.p.SubmittedApplicationsPage - Checking option: 'Bedarbiai iki 29 metų'
2025-04-01 08:19:41 [main] DEBUG l.i.u.p.SubmittedApplicationsPage - Checking option: 'Bedarbiai iki 29 metų'
2025-04-01 08:19:41 [main] DEBUG l.i.u.p.SubmittedApplicationsPage - Checking option: 'Bedarbiai, kurie yra darbingo amžiaus neįgalieji, kuriems nustatytas 30–40 procentų darbingumo lygis arba vidutinis neįgalumo lygis'
2025-04-01 08:19:41 [main] DEBUG l.i.u.p.SubmittedApplicationsPage - Checking option: 'Bedarbiai, kurie yra darbingo amžiaus neįgalieji, kuriems nustatytas 30–40 procentų darbingumo lygis arba vidutinis neįgalumo lygis'
2025-04-01 08:19:41 [main] DEBUG l.i.u.p.SubmittedApplicationsPage - Checking option: 'Bedarbiai, kurie yra darbingo amžiaus neįgalieji, kuriems nustatytas 45–55 procentų darbingumo lygis arba lengvas neįgalumo lygis'
2025-04-01 08:19:41 [main] DEBUG l.i.u.p.SubmittedApplicationsPage - Checking option: 'Bedarbiai, kurie yra darbingo amžiaus neįgalieji, kuriems nustatytas 45–55 procentų darbingumo lygis arba lengvas neįgalumo lygis'
2025-04-01 08:19:41 [main] DEBUG l.i.u.p.SubmittedApplicationsPage - Checking option: 'Bedarbiai, kurie yra darbingo amžiaus neįgalieji, kuriems nustatytas iki 25 procentų darbingumo lygis arba sunkus neįgalumo lygis'
2025-04-01 08:19:41 [main] INFO  l.i.u.p.SubmittedApplicationsPage - Successfully selected the value: 'Bedarbiai, kurie yra darbingo amžiaus neįgalieji, kuriems nustatytas iki 25 procentų darbingumo lygis arba sunkus neįgalumo lygis'
2025-04-01 08:19:41 [main] INFO  l.i.u.p.SubmittedApplicationsPage - Attempting to close the dropdown.
2025-04-01 08:19:42 [main] DEBUG l.i.u.t.SubmittedApplicationsPageTest - Selected disabilities type: 'Bedarbiai, kurie yra darbingo amžiaus neįgalieji, kuriems nustatytas iki 25 procentų darbingumo lygis arba sunkus neįgalumo lygis'.
2025-04-01 08:19:42 [main] DEBUG l.i.u.t.SubmittedApplicationsPageTest - Entered disability information: 'Negalia 1'.
2025-04-01 08:19:42 [main] INFO  l.i.u.p.SubmittedApplicationsPage - Located the dropdown button.
2025-04-01 08:19:43 [main] INFO  l.i.u.p.SubmittedApplicationsPage - Successfully selected the value: 'Kita'
2025-04-01 08:19:43 [main] DEBUG l.i.u.t.SubmittedApplicationsPageTest - Selected time mode: 'Kita'.
2025-04-01 08:19:43 [main] DEBUG l.i.u.t.SubmittedApplicationsPageTest - Selected time mode other: '6 val. per dieną ir 4 d. per savaitę'.
2025-04-01 08:19:43 [main] DEBUG l.i.u.t.SubmittedApplicationsPageTest - Entered qualification: 'Kvalifikacija 1'.
2025-04-01 08:19:44 [main] DEBUG l.i.u.t.SubmittedApplicationsPageTest - Entered job date.
2025-04-01 08:19:44 [main] DEBUG l.i.u.t.SubmittedApplicationsPageTest - Entered salary amount: '1200'.
2025-04-01 08:19:44 [main] DEBUG l.i.u.t.SubmittedApplicationsPageTest - Entered salary description: 'Užmokestis 1'.
2025-04-01 08:19:44 [main] DEBUG l.i.u.t.SubmittedApplicationsPageTest - Selected 'Temporary Job' radio button.
2025-04-01 08:19:45 [main] DEBUG l.i.u.t.SubmittedApplicationsPageTest - Selected 'Season Job' radio button.
2025-04-01 08:19:45 [main] DEBUG l.i.u.t.SubmittedApplicationsPageTest - Selected 'Energy' radio button.
2025-04-01 08:19:45 [main] DEBUG l.i.u.t.SubmittedApplicationsPageTest - Selected 'Repair' radio button.
2025-04-01 08:19:45 [main] DEBUG l.i.u.t.SubmittedApplicationsPageTest - Entered job description: 'Veikla 1'.
2025-04-01 08:19:46 [main] DEBUG l.i.u.t.SubmittedApplicationsPageTest - Entered process description: 'Procesas 1'.
2025-04-01 08:19:46 [main] DEBUG l.i.u.t.SubmittedApplicationsPageTest - Entered energy information: 'Energija 1'.
2025-04-01 08:19:46 [main] DEBUG l.i.u.t.SubmittedApplicationsPageTest - Entered repair information: 'Remontas 1'.
2025-04-01 08:19:46 [main] DEBUG l.i.u.t.SubmittedApplicationsPageTest - Selected 'PVM' radio button.
2025-04-01 08:19:46 [main] INFO  l.i.u.p.SubmittedApplicationsPage - Located the dropdown button.
2025-04-01 08:19:47 [main] INFO  l.i.u.p.SubmittedApplicationsPage - Successfully selected the value: 'Įsigyti'
2025-04-01 08:19:47 [main] DEBUG l.i.u.t.SubmittedApplicationsPageTest - Selected necessary for job: 'Įsigyti'.
2025-04-01 08:19:47 [main] DEBUG l.i.u.t.SubmittedApplicationsPageTest - Selected tool: 'Darbo priemonė 1'.
2025-04-01 08:19:47 [main] DEBUG l.i.u.t.SubmittedApplicationsPageTest - Selected tool parameter one: 'Darbo priemonės 1 parametras 1'.
2025-04-01 08:19:48 [main] DEBUG l.i.u.t.SubmittedApplicationsPageTest - Selected tool parameter two: 'Darbo priemonės 1 parametras 2'.
2025-04-01 08:19:48 [main] DEBUG l.i.u.t.SubmittedApplicationsPageTest - Selected tool parameter three: 'Darbo priemonės 1 parametras 3'.
2025-04-01 08:19:48 [main] DEBUG l.i.u.t.SubmittedApplicationsPageTest - Entered tool count: '1'.
2025-04-01 08:19:48 [main] DEBUG l.i.u.t.SubmittedApplicationsPageTest - Entered price amount 1: '1000'.
2025-04-01 08:19:51 [main] DEBUG l.i.u.t.SubmittedApplicationsPageTest - Entered own funds amount 1: '800'.
2025-04-01 08:19:53 [main] DEBUG l.i.u.t.SubmittedApplicationsPageTest - Clicked 'Add' button.
2025-04-01 08:19:53 [main] INFO  l.i.u.p.SubmittedApplicationsPage - Located the dropdown button.
2025-04-01 08:19:53 [main] INFO  l.i.u.p.SubmittedApplicationsPage - Successfully selected the value: 'Remontuoti'
2025-04-01 08:19:53 [main] DEBUG l.i.u.t.SubmittedApplicationsPageTest - Selected necessary for job 'to repair': 'Remontuoti'.
2025-04-01 08:19:54 [main] DEBUG l.i.u.t.SubmittedApplicationsPageTest - Selected repair name: 'Remonto pavadinimas 1'.
2025-04-01 08:19:54 [main] DEBUG l.i.u.t.SubmittedApplicationsPageTest - Entered repair information: 'Remonto aprašymas 1'.
2025-04-01 08:19:56 [main] DEBUG l.i.u.t.SubmittedApplicationsPageTest - Clicked 'AddRemoved' button.
2025-04-01 08:19:58 [main] DEBUG l.i.u.t.SubmittedApplicationsPageTest - Clicked 'Remove' button.
2025-04-01 08:20:00 [main] DEBUG l.i.u.t.SubmittedApplicationsPageTest - Clicked 'Remove Confirmation' button.
2025-04-01 08:20:02 [main] DEBUG l.i.u.t.SubmittedApplicationsPageTest - Entered country percentage: '50'.
2025-04-01 08:20:03 [main] DEBUG l.i.u.t.SubmittedApplicationsPageTest - Entered institution percentage: '50'.
2025-04-01 08:20:03 [main] DEBUG l.i.u.t.SubmittedApplicationsPageTest - Entered municipality percentage: '50'.
2025-04-01 08:20:03 [main] DEBUG l.i.u.t.SubmittedApplicationsPageTest - Selected 'De Minimis' radio button.
2025-04-01 08:20:03 [main] DEBUG l.i.u.t.SubmittedApplicationsPageTest - Entered program name: 'Programa 1'.
2025-04-01 08:20:03 [main] DEBUG l.i.u.t.SubmittedApplicationsPageTest - Entered project date from.
2025-04-01 08:20:03 [main] DEBUG l.i.u.t.SubmittedApplicationsPageTest - Entered project date until.
2025-04-01 08:20:03 [main] DEBUG l.i.u.t.SubmittedApplicationsPageTest - Entered support amount: '2000'.
2025-04-01 08:20:04 [main] DEBUG l.i.u.t.SubmittedApplicationsPageTest - Clicked 'Next' button.
2025-04-01 08:28:04 [main] INFO  lt.insoft.uztis.tests.UztisPageTest - Navigated to https://uztisdev.asseco.lt/home
2025-04-01 08:28:04 [main] INFO  l.i.u.t.SubmittedApplicationsPageTest - Starting test:'testFillNewVUIPApplicationFA'
2025-04-01 08:28:04 [main] DEBUG l.i.u.t.SubmittedApplicationsPageTest - User logged in with test credentials.
2025-04-01 08:28:05 [main] DEBUG l.i.u.t.SubmittedApplicationsPageTest - Opened 'Application Processing' menu.
2025-04-01 08:28:05 [main] DEBUG l.i.u.t.SubmittedApplicationsPageTest - Clicked on 'Application Forms' menu.
2025-04-01 08:28:05 [main] DEBUG l.i.u.t.SubmittedApplicationsPageTest - Retrieved last description code text: 'TST-VUI-75'.
2025-04-01 08:28:05 [main] DEBUG l.i.u.t.SubmittedApplicationsPageTest - Clicked on 'Invitation' menu.
2025-04-01 08:28:07 [main] DEBUG l.i.u.t.SubmittedApplicationsPageTest - Selected application section by code: 'TST-VUI-75'.
2025-04-01 08:28:07 [main] DEBUG l.i.u.t.SubmittedApplicationsPageTest - Clicked 'Search' button.
2025-04-01 08:28:07 [main] DEBUG l.i.u.t.SubmittedApplicationsPageTest - Retrieved invitation code: ''.
2025-04-01 08:28:07 [main] DEBUG l.i.u.t.SubmittedApplicationsPageTest - Clicked on 'Submitted Applications' menu.
2025-04-01 08:28:09 [main] DEBUG l.i.u.t.SubmittedApplicationsPageTest - Selected invitation by code: 'TST-VUI-75'.
2025-04-01 08:28:09 [main] DEBUG l.i.u.t.SubmittedApplicationsPageTest - Invitation code inserted.
2025-04-01 08:28:09 [main] DEBUG l.i.u.t.SubmittedApplicationsPageTest - Clicked on 'Action Application' button.
2025-04-01 08:28:09 [main] DEBUG l.i.u.t.SubmittedApplicationsPageTest - Clicked on 'New Application' button.
2025-04-01 08:28:10 [main] DEBUG l.i.u.t.SubmittedApplicationsPageTest - Selected the 'RadioButtonFA' option.
2025-04-01 08:28:10 [main] DEBUG l.i.u.t.SubmittedApplicationsPageTest - Entered phone number: '61298745'.
2025-04-01 08:28:10 [main] DEBUG l.i.u.t.SubmittedApplicationsPageTest - Entered email: 'test@autotest.com'.
2025-04-01 08:28:10 [main] INFO  l.i.u.p.SubmittedApplicationsPage - Clicking on the dropdown button.
2025-04-01 08:28:28 [main] INFO  l.i.u.p.SubmittedApplicationsPage - Found 1741 options in the dropdown.
2025-04-01 08:28:28 [main] DEBUG l.i.u.p.SubmittedApplicationsPage - Checking option: ''
2025-04-01 08:28:28 [main] DEBUG l.i.u.p.SubmittedApplicationsPage - Checking option: '01.11 - Grūdinių (išskyrus ryžius), ankštinių ir aliejingų sėklų augalų auginimas'
2025-04-01 08:28:29 [main] INFO  l.i.u.p.SubmittedApplicationsPage - Successfully selected the value: '01.11 - Grūdinių (išskyrus ryžius), ankštinių ir aliejingų sėklų augalų auginimas'
2025-04-01 08:28:29 [main] INFO  l.i.u.p.SubmittedApplicationsPage - Attempting to close the dropdown.
2025-04-01 08:28:29 [main] DEBUG l.i.u.t.SubmittedApplicationsPageTest - Selected EVRK value: '01.11 - Grūdinių (išskyrus ryžius), ankštinių ir aliejingų sėklų augalų auginimas'.
2025-04-01 08:28:29 [main] DEBUG l.i.u.t.SubmittedApplicationsPageTest - Clicked on 'Address Component' button.
2025-04-01 08:28:29 [main] INFO  l.i.u.p.SubmittedApplicationsPage - Located the dropdown button.
2025-04-01 08:28:33 [main] INFO  l.i.u.p.SubmittedApplicationsPage - Successfully selected the value: 'Lietuva'
2025-04-01 08:28:33 [main] DEBUG l.i.u.t.SubmittedApplicationsPageTest - Selected country: 'Lietuva'.
2025-04-01 08:28:33 [main] INFO  l.i.u.p.SubmittedApplicationsPage - Located the dropdown search field.
2025-04-01 08:28:33 [main] INFO  l.i.u.p.SubmittedApplicationsPage - Dropdown city is opened.
2025-04-01 08:28:34 [main] INFO  l.i.u.p.SubmittedApplicationsPage - Searched for value: 'Vilnius'
2025-04-01 08:28:35 [main] INFO  l.i.u.p.SubmittedApplicationsPage - Successfully selected: 'Vilnius'
2025-04-01 08:28:35 [main] INFO  l.i.u.p.SubmittedApplicationsPage - Located the dropdown button.
2025-04-01 08:28:35 [main] INFO  l.i.u.p.SubmittedApplicationsPage - Successfully selected the value: 'A. Domaševičiaus g.'
2025-04-01 08:28:35 [main] DEBUG l.i.u.t.SubmittedApplicationsPageTest - Selected street: 'A. Domaševičiaus g.'.
2025-04-01 08:28:35 [main] INFO  l.i.u.p.SubmittedApplicationsPage - Located the dropdown button.
2025-04-01 08:28:35 [main] INFO  l.i.u.p.SubmittedApplicationsPage - Successfully selected the value: '1'
2025-04-01 08:28:36 [main] DEBUG l.i.u.t.SubmittedApplicationsPageTest - Selected house: '1'.
2025-04-01 08:28:36 [main] INFO  l.i.u.p.SubmittedApplicationsPage - Located the dropdown button.
2025-04-01 08:28:36 [main] INFO  l.i.u.p.SubmittedApplicationsPage - Successfully selected the value: '1'
2025-04-01 08:28:36 [main] DEBUG l.i.u.t.SubmittedApplicationsPageTest - Selected apartment: '1'.
2025-04-01 08:28:36 [main] DEBUG l.i.u.t.SubmittedApplicationsPageTest - Clicked 'Confirm' button.
2025-04-01 08:28:36 [main] DEBUG l.i.u.t.SubmittedApplicationsPageTest - Entered project date.
2025-04-01 08:28:36 [main] DEBUG l.i.u.t.SubmittedApplicationsPageTest - Entered job count: '1'.
2025-04-01 08:28:37 [main] DEBUG l.i.u.t.SubmittedApplicationsPageTest - Clicked 'Next' button.
2025-04-01 08:28:37 [main] INFO  l.i.u.p.SubmittedApplicationsPage - Located the dropdown button.
2025-04-01 08:28:38 [main] INFO  l.i.u.p.SubmittedApplicationsPage - Successfully selected the value: 'Administratoriai'
2025-04-01 08:28:38 [main] DEBUG l.i.u.t.SubmittedApplicationsPageTest - Selected job name: 'Administratoriai'.
2025-04-01 08:28:38 [main] DEBUG l.i.u.t.SubmittedApplicationsPageTest - Entered job function: 'Funkcija 1'.
2025-04-01 08:28:38 [main] DEBUG l.i.u.t.SubmittedApplicationsPageTest - Selected 'RadioButtonWithDisabilities' option.
2025-04-01 08:28:38 [main] INFO  l.i.u.p.SubmittedApplicationsPage - Clicking on the dropdown button.
2025-04-01 08:28:39 [main] INFO  l.i.u.p.SubmittedApplicationsPage - Found 34 options in the dropdown.
2025-04-01 08:28:39 [main] DEBUG l.i.u.p.SubmittedApplicationsPage - Checking option: 'Asmenys, kuriems suteiktas pabėgėlio statusas ar perkeliamojo asmens statusas, arba asmenys, kuriems suteikta papildoma ar laikinoji apsauga, ir asmenys, turintys teisę gauti laikinąją apsaugą, iki sprendimo dėl laikinosios apsaugos suteikimo (nesuteikimo) priėmimo, tačiau ne ilgiau kaip laikinosios apsaugos laikotarpiu'
2025-04-01 08:28:39 [main] DEBUG l.i.u.p.SubmittedApplicationsPage - Checking option: 'Asmenys, kuriems suteiktas pabėgėlio statusas ar perkeliamojo asmens statusas, arba asmenys, kuriems suteikta papildoma ar laikinoji apsauga, ir asmenys, turintys teisę gauti laikinąją apsaugą, iki sprendimo dėl laikinosios apsaugos suteikimo (nesuteikimo) priėmimo, tačiau ne ilgiau kaip laikinosios apsaugos laikotarpiu'
2025-04-01 08:28:39 [main] DEBUG l.i.u.p.SubmittedApplicationsPage - Checking option: 'Asmenys, turintys teisę į papildomas užimtumo garantijas pagal Lietuvos Respublikos valstybės įmonės Ignalinos atominės elektrinės darbuotojų papildomų užimtumo ir socialinių garantijų įstatymą'
2025-04-01 08:28:39 [main] DEBUG l.i.u.p.SubmittedApplicationsPage - Checking option: 'Asmenys, turintys teisę į papildomas užimtumo garantijas pagal Lietuvos Respublikos valstybės įmonės Ignalinos atominės elektrinės darbuotojų papildomų užimtumo ir socialinių garantijų įstatymą'
2025-04-01 08:28:39 [main] DEBUG l.i.u.p.SubmittedApplicationsPage - Checking option: 'Bedarbiai iki 29 metų'
2025-04-01 08:28:39 [main] DEBUG l.i.u.p.SubmittedApplicationsPage - Checking option: 'Bedarbiai iki 29 metų'
2025-04-01 08:28:39 [main] DEBUG l.i.u.p.SubmittedApplicationsPage - Checking option: 'Bedarbiai, kurie yra darbingo amžiaus neįgalieji, kuriems nustatytas 30–40 procentų darbingumo lygis arba vidutinis neįgalumo lygis'
2025-04-01 08:28:39 [main] DEBUG l.i.u.p.SubmittedApplicationsPage - Checking option: 'Bedarbiai, kurie yra darbingo amžiaus neįgalieji, kuriems nustatytas 30–40 procentų darbingumo lygis arba vidutinis neįgalumo lygis'
2025-04-01 08:28:39 [main] DEBUG l.i.u.p.SubmittedApplicationsPage - Checking option: 'Bedarbiai, kurie yra darbingo amžiaus neįgalieji, kuriems nustatytas 45–55 procentų darbingumo lygis arba lengvas neįgalumo lygis'
2025-04-01 08:28:39 [main] DEBUG l.i.u.p.SubmittedApplicationsPage - Checking option: 'Bedarbiai, kurie yra darbingo amžiaus neįgalieji, kuriems nustatytas 45–55 procentų darbingumo lygis arba lengvas neįgalumo lygis'
2025-04-01 08:28:39 [main] DEBUG l.i.u.p.SubmittedApplicationsPage - Checking option: 'Bedarbiai, kurie yra darbingo amžiaus neįgalieji, kuriems nustatytas iki 25 procentų darbingumo lygis arba sunkus neįgalumo lygis'
2025-04-01 08:28:39 [main] INFO  l.i.u.p.SubmittedApplicationsPage - Successfully selected the value: 'Bedarbiai, kurie yra darbingo amžiaus neįgalieji, kuriems nustatytas iki 25 procentų darbingumo lygis arba sunkus neįgalumo lygis'
2025-04-01 08:28:39 [main] INFO  l.i.u.p.SubmittedApplicationsPage - Attempting to close the dropdown.
2025-04-01 08:28:40 [main] DEBUG l.i.u.t.SubmittedApplicationsPageTest - Selected disabilities type: 'Bedarbiai, kurie yra darbingo amžiaus neįgalieji, kuriems nustatytas iki 25 procentų darbingumo lygis arba sunkus neįgalumo lygis'.
2025-04-01 08:28:40 [main] DEBUG l.i.u.t.SubmittedApplicationsPageTest - Entered disability information: 'Negalia 1'.
2025-04-01 08:28:40 [main] INFO  l.i.u.p.SubmittedApplicationsPage - Located the dropdown button.
2025-04-01 08:28:41 [main] INFO  l.i.u.p.SubmittedApplicationsPage - Successfully selected the value: 'Kita'
2025-04-01 08:28:41 [main] DEBUG l.i.u.t.SubmittedApplicationsPageTest - Selected time mode: 'Kita'.
2025-04-01 08:28:41 [main] DEBUG l.i.u.t.SubmittedApplicationsPageTest - Selected time mode other: '6 val. per dieną ir 4 d. per savaitę'.
2025-04-01 08:28:41 [main] DEBUG l.i.u.t.SubmittedApplicationsPageTest - Entered qualification: 'Kvalifikacija 1'.
2025-04-01 08:28:42 [main] DEBUG l.i.u.t.SubmittedApplicationsPageTest - Entered job date.
2025-04-01 08:28:42 [main] DEBUG l.i.u.t.SubmittedApplicationsPageTest - Entered salary amount: '1200'.
2025-04-01 08:28:42 [main] DEBUG l.i.u.t.SubmittedApplicationsPageTest - Entered salary description: 'Užmokestis 1'.
2025-04-01 08:28:42 [main] DEBUG l.i.u.t.SubmittedApplicationsPageTest - Selected 'Temporary Job' radio button.
2025-04-01 08:28:43 [main] DEBUG l.i.u.t.SubmittedApplicationsPageTest - Selected 'Season Job' radio button.
2025-04-01 08:28:43 [main] DEBUG l.i.u.t.SubmittedApplicationsPageTest - Selected 'Energy' radio button.
2025-04-01 08:28:43 [main] DEBUG l.i.u.t.SubmittedApplicationsPageTest - Selected 'Repair' radio button.
2025-04-01 08:28:43 [main] DEBUG l.i.u.t.SubmittedApplicationsPageTest - Entered job description: 'Veikla 1'.
2025-04-01 08:28:43 [main] DEBUG l.i.u.t.SubmittedApplicationsPageTest - Entered process description: 'Procesas 1'.
2025-04-01 08:28:44 [main] DEBUG l.i.u.t.SubmittedApplicationsPageTest - Entered energy information: 'Energija 1'.
2025-04-01 08:28:44 [main] DEBUG l.i.u.t.SubmittedApplicationsPageTest - Entered repair information: 'Remontas 1'.
2025-04-01 08:28:44 [main] DEBUG l.i.u.t.SubmittedApplicationsPageTest - Selected 'PVM' radio button.
2025-04-01 08:28:44 [main] INFO  l.i.u.p.SubmittedApplicationsPage - Located the dropdown button.
2025-04-01 08:28:45 [main] INFO  l.i.u.p.SubmittedApplicationsPage - Successfully selected the value: 'Įsigyti'
2025-04-01 08:28:45 [main] DEBUG l.i.u.t.SubmittedApplicationsPageTest - Selected necessary for job: 'Įsigyti'.
2025-04-01 08:28:45 [main] DEBUG l.i.u.t.SubmittedApplicationsPageTest - Selected tool: 'Darbo priemonė 1'.
2025-04-01 08:28:45 [main] DEBUG l.i.u.t.SubmittedApplicationsPageTest - Selected tool parameter one: 'Darbo priemonės 1 parametras 1'.
2025-04-01 08:28:45 [main] DEBUG l.i.u.t.SubmittedApplicationsPageTest - Selected tool parameter two: 'Darbo priemonės 1 parametras 2'.
2025-04-01 08:28:46 [main] DEBUG l.i.u.t.SubmittedApplicationsPageTest - Selected tool parameter three: 'Darbo priemonės 1 parametras 3'.
2025-04-01 08:28:46 [main] DEBUG l.i.u.t.SubmittedApplicationsPageTest - Entered tool count: '1'.
2025-04-01 08:28:46 [main] DEBUG l.i.u.t.SubmittedApplicationsPageTest - Entered price amount 1: '1000'.
2025-04-01 08:28:49 [main] DEBUG l.i.u.t.SubmittedApplicationsPageTest - Entered own funds amount 1: '800'.
2025-04-01 08:28:51 [main] DEBUG l.i.u.t.SubmittedApplicationsPageTest - Clicked 'Add' button.
2025-04-01 08:28:51 [main] INFO  l.i.u.p.SubmittedApplicationsPage - Located the dropdown button.
2025-04-01 08:28:51 [main] INFO  l.i.u.p.SubmittedApplicationsPage - Successfully selected the value: 'Remontuoti'
2025-04-01 08:28:51 [main] DEBUG l.i.u.t.SubmittedApplicationsPageTest - Selected necessary for job 'to repair': 'Remontuoti'.
2025-04-01 08:28:51 [main] DEBUG l.i.u.t.SubmittedApplicationsPageTest - Selected repair name: 'Remonto pavadinimas 1'.
2025-04-01 08:28:52 [main] DEBUG l.i.u.t.SubmittedApplicationsPageTest - Entered repair information: 'Remonto aprašymas 1'.
2025-04-01 08:28:52 [main] DEBUG l.i.u.t.SubmittedApplicationsPageTest - Entered price amount 2: '1000'.
2025-04-01 08:28:54 [main] DEBUG l.i.u.t.SubmittedApplicationsPageTest - Entered own funds amount 2: '900'.
2025-04-01 08:28:57 [main] DEBUG l.i.u.t.SubmittedApplicationsPageTest - Clicked 'AddRemoved' button.
2025-04-01 08:28:59 [main] DEBUG l.i.u.t.SubmittedApplicationsPageTest - Clicked 'Remove' button.
2025-04-01 08:29:01 [main] DEBUG l.i.u.t.SubmittedApplicationsPageTest - Clicked 'Remove Confirmation' button.
2025-04-01 08:29:03 [main] DEBUG l.i.u.t.SubmittedApplicationsPageTest - Entered country percentage: '50'.
2025-04-01 08:29:03 [main] DEBUG l.i.u.t.SubmittedApplicationsPageTest - Entered institution percentage: '50'.
2025-04-01 08:29:03 [main] DEBUG l.i.u.t.SubmittedApplicationsPageTest - Entered municipality percentage: '50'.
2025-04-01 08:29:03 [main] DEBUG l.i.u.t.SubmittedApplicationsPageTest - Selected 'De Minimis' radio button.
2025-04-01 08:29:03 [main] DEBUG l.i.u.t.SubmittedApplicationsPageTest - Entered program name: 'Programa 1'.
2025-04-01 08:29:04 [main] DEBUG l.i.u.t.SubmittedApplicationsPageTest - Entered project date from.
2025-04-01 08:29:04 [main] DEBUG l.i.u.t.SubmittedApplicationsPageTest - Entered project date until.
2025-04-01 08:29:04 [main] DEBUG l.i.u.t.SubmittedApplicationsPageTest - Entered support amount: '2000'.
2025-04-01 08:29:04 [main] DEBUG l.i.u.t.SubmittedApplicationsPageTest - Clicked 'Next' button.
2025-04-01 08:29:14 [main] DEBUG l.i.u.t.SubmittedApplicationsPageTest - Checked 'Legal Entities' checkbox 1.
2025-04-01 08:29:24 [main] DEBUG l.i.u.t.SubmittedApplicationsPageTest - Checked 'Legal Entities' checkbox 2.
2025-04-01 08:29:34 [main] DEBUG l.i.u.t.SubmittedApplicationsPageTest - Checked 'Legal Entities' checkbox 3.
2025-04-01 08:29:34 [main] DEBUG l.i.u.t.SubmittedApplicationsPageTest - Test finished: All 'Legal Entities' checkboxes checked successfully.
2025-04-01 08:29:35 [main] DEBUG l.i.u.t.SubmittedApplicationsPageTest - Clicked 'Next' button after checkboxes.
2025-04-01 08:29:45 [main] ERROR l.i.u.p.SubmittedApplicationsPage - Error selecting radio button: Expected condition failed: waiting for element to be clickable: By.xpath: (//input[@type='radio' and @value='false'])[8] (tried for 10 second(s) with 500 milliseconds interval)
Build info: version: '4.27.0', revision: 'd6e718d134'
System info: os.name: 'Windows 11', os.arch: 'amd64', os.version: '10.0', java.version: '21.0.3'
Driver info: org.openqa.selenium.chrome.ChromeDriver
Capabilities {acceptInsecureCerts: false, browserName: chrome, browserVersion: 134.0.6998.178, chrome: {chromedriverVersion: 134.0.6998.165 (fd886e2cb29..., userDataDir: C:\Users\INGRID~1.ZAD\AppDa...}, fedcm:accounts: true, goog:chromeOptions: {debuggerAddress: localhost:51313}, networkConnectionEnabled: false, pageLoadStrategy: normal, platformName: windows, proxy: Proxy(), se:cdp: ws://localhost:51313/devtoo..., se:cdpVersion: 134.0.6998.178, setWindowRect: true, strictFileInteractability: false, timeouts: {implicit: 0, pageLoad: 300000, script: 30000}, unhandledPromptBehavior: dismiss and notify, webauthn:extension:credBlob: true, webauthn:extension:largeBlob: true, webauthn:extension:minPinLength: true, webauthn:extension:prf: true, webauthn:virtualAuthenticators: true}
Session ID: 90fbcd881ab5aff538f7028308aa99a4
2025-04-01 08:29:45 [main] INFO  l.i.u.t.SubmittedApplicationsPageTest - Marking 'Ne' radio button 1
2025-04-01 08:29:55 [main] ERROR l.i.u.p.SubmittedApplicationsPage - Error selecting radio button: Expected condition failed: waiting for element to be clickable: By.xpath: (//input[@type='radio' and @value='false'])[9] (tried for 10 second(s) with 500 milliseconds interval)
Build info: version: '4.27.0', revision: 'd6e718d134'
System info: os.name: 'Windows 11', os.arch: 'amd64', os.version: '10.0', java.version: '21.0.3'
Driver info: org.openqa.selenium.chrome.ChromeDriver
Capabilities {acceptInsecureCerts: false, browserName: chrome, browserVersion: 134.0.6998.178, chrome: {chromedriverVersion: 134.0.6998.165 (fd886e2cb29..., userDataDir: C:\Users\INGRID~1.ZAD\AppDa...}, fedcm:accounts: true, goog:chromeOptions: {debuggerAddress: localhost:51313}, networkConnectionEnabled: false, pageLoadStrategy: normal, platformName: windows, proxy: Proxy(), se:cdp: ws://localhost:51313/devtoo..., se:cdpVersion: 134.0.6998.178, setWindowRect: true, strictFileInteractability: false, timeouts: {implicit: 0, pageLoad: 300000, script: 30000}, unhandledPromptBehavior: dismiss and notify, webauthn:extension:credBlob: true, webauthn:extension:largeBlob: true, webauthn:extension:minPinLength: true, webauthn:extension:prf: true, webauthn:virtualAuthenticators: true}
Session ID: 90fbcd881ab5aff538f7028308aa99a4
2025-04-01 08:29:55 [main] INFO  l.i.u.t.SubmittedApplicationsPageTest - Marking 'Ne' radio button 2
2025-04-01 08:30:05 [main] ERROR l.i.u.p.SubmittedApplicationsPage - Error selecting radio button: Expected condition failed: waiting for element to be clickable: By.xpath: (//input[@type='radio' and @value='false'])[10] (tried for 10 second(s) with 500 milliseconds interval)
Build info: version: '4.27.0', revision: 'd6e718d134'
System info: os.name: 'Windows 11', os.arch: 'amd64', os.version: '10.0', java.version: '21.0.3'
Driver info: org.openqa.selenium.chrome.ChromeDriver
Capabilities {acceptInsecureCerts: false, browserName: chrome, browserVersion: 134.0.6998.178, chrome: {chromedriverVersion: 134.0.6998.165 (fd886e2cb29..., userDataDir: C:\Users\INGRID~1.ZAD\AppDa...}, fedcm:accounts: true, goog:chromeOptions: {debuggerAddress: localhost:51313}, networkConnectionEnabled: false, pageLoadStrategy: normal, platformName: windows, proxy: Proxy(), se:cdp: ws://localhost:51313/devtoo..., se:cdpVersion: 134.0.6998.178, setWindowRect: true, strictFileInteractability: false, timeouts: {implicit: 0, pageLoad: 300000, script: 30000}, unhandledPromptBehavior: dismiss and notify, webauthn:extension:credBlob: true, webauthn:extension:largeBlob: true, webauthn:extension:minPinLength: true, webauthn:extension:prf: true, webauthn:virtualAuthenticators: true}
Session ID: 90fbcd881ab5aff538f7028308aa99a4
2025-04-01 08:30:05 [main] INFO  l.i.u.t.SubmittedApplicationsPageTest - Marking 'Ne' radio button 3
2025-04-01 08:30:15 [main] ERROR l.i.u.p.SubmittedApplicationsPage - Error selecting radio button: Expected condition failed: waiting for element to be clickable: By.xpath: (//input[@type='radio' and @value='false'])[11] (tried for 10 second(s) with 500 milliseconds interval)
Build info: version: '4.27.0', revision: 'd6e718d134'
System info: os.name: 'Windows 11', os.arch: 'amd64', os.version: '10.0', java.version: '21.0.3'
Driver info: org.openqa.selenium.chrome.ChromeDriver
Capabilities {acceptInsecureCerts: false, browserName: chrome, browserVersion: 134.0.6998.178, chrome: {chromedriverVersion: 134.0.6998.165 (fd886e2cb29..., userDataDir: C:\Users\INGRID~1.ZAD\AppDa...}, fedcm:accounts: true, goog:chromeOptions: {debuggerAddress: localhost:51313}, networkConnectionEnabled: false, pageLoadStrategy: normal, platformName: windows, proxy: Proxy(), se:cdp: ws://localhost:51313/devtoo..., se:cdpVersion: 134.0.6998.178, setWindowRect: true, strictFileInteractability: false, timeouts: {implicit: 0, pageLoad: 300000, script: 30000}, unhandledPromptBehavior: dismiss and notify, webauthn:extension:credBlob: true, webauthn:extension:largeBlob: true, webauthn:extension:minPinLength: true, webauthn:extension:prf: true, webauthn:virtualAuthenticators: true}
Session ID: 90fbcd881ab5aff538f7028308aa99a4
2025-04-01 08:30:15 [main] INFO  l.i.u.t.SubmittedApplicationsPageTest - Marking 'Ne' radio button 4
2025-04-01 08:30:25 [main] ERROR l.i.u.p.SubmittedApplicationsPage - Error selecting radio button: Expected condition failed: waiting for element to be clickable: By.xpath: (//input[@type='radio' and @value='false'])[12] (tried for 10 second(s) with 500 milliseconds interval)
Build info: version: '4.27.0', revision: 'd6e718d134'
System info: os.name: 'Windows 11', os.arch: 'amd64', os.version: '10.0', java.version: '21.0.3'
Driver info: org.openqa.selenium.chrome.ChromeDriver
Capabilities {acceptInsecureCerts: false, browserName: chrome, browserVersion: 134.0.6998.178, chrome: {chromedriverVersion: 134.0.6998.165 (fd886e2cb29..., userDataDir: C:\Users\INGRID~1.ZAD\AppDa...}, fedcm:accounts: true, goog:chromeOptions: {debuggerAddress: localhost:51313}, networkConnectionEnabled: false, pageLoadStrategy: normal, platformName: windows, proxy: Proxy(), se:cdp: ws://localhost:51313/devtoo..., se:cdpVersion: 134.0.6998.178, setWindowRect: true, strictFileInteractability: false, timeouts: {implicit: 0, pageLoad: 300000, script: 30000}, unhandledPromptBehavior: dismiss and notify, webauthn:extension:credBlob: true, webauthn:extension:largeBlob: true, webauthn:extension:minPinLength: true, webauthn:extension:prf: true, webauthn:virtualAuthenticators: true}
Session ID: 90fbcd881ab5aff538f7028308aa99a4
2025-04-01 08:30:25 [main] INFO  l.i.u.t.SubmittedApplicationsPageTest - Marking 'Ne' radio button 5
2025-04-01 08:30:35 [main] ERROR l.i.u.p.SubmittedApplicationsPage - Error selecting radio button: Expected condition failed: waiting for element to be clickable: By.xpath: (//input[@type='radio' and @value='false'])[13] (tried for 10 second(s) with 500 milliseconds interval)
Build info: version: '4.27.0', revision: 'd6e718d134'
System info: os.name: 'Windows 11', os.arch: 'amd64', os.version: '10.0', java.version: '21.0.3'
Driver info: org.openqa.selenium.chrome.ChromeDriver
Capabilities {acceptInsecureCerts: false, browserName: chrome, browserVersion: 134.0.6998.178, chrome: {chromedriverVersion: 134.0.6998.165 (fd886e2cb29..., userDataDir: C:\Users\INGRID~1.ZAD\AppDa...}, fedcm:accounts: true, goog:chromeOptions: {debuggerAddress: localhost:51313}, networkConnectionEnabled: false, pageLoadStrategy: normal, platformName: windows, proxy: Proxy(), se:cdp: ws://localhost:51313/devtoo..., se:cdpVersion: 134.0.6998.178, setWindowRect: true, strictFileInteractability: false, timeouts: {implicit: 0, pageLoad: 300000, script: 30000}, unhandledPromptBehavior: dismiss and notify, webauthn:extension:credBlob: true, webauthn:extension:largeBlob: true, webauthn:extension:minPinLength: true, webauthn:extension:prf: true, webauthn:virtualAuthenticators: true}
Session ID: 90fbcd881ab5aff538f7028308aa99a4
2025-04-01 08:30:35 [main] INFO  l.i.u.t.SubmittedApplicationsPageTest - Marking 'Ne' radio button 6
2025-04-01 08:30:45 [main] ERROR l.i.u.p.SubmittedApplicationsPage - Error selecting radio button: Expected condition failed: waiting for element to be clickable: By.xpath: (//input[@type='radio' and @value='true'])[14] (tried for 10 second(s) with 500 milliseconds interval)
Build info: version: '4.27.0', revision: 'd6e718d134'
System info: os.name: 'Windows 11', os.arch: 'amd64', os.version: '10.0', java.version: '21.0.3'
Driver info: org.openqa.selenium.chrome.ChromeDriver
Capabilities {acceptInsecureCerts: false, browserName: chrome, browserVersion: 134.0.6998.178, chrome: {chromedriverVersion: 134.0.6998.165 (fd886e2cb29..., userDataDir: C:\Users\INGRID~1.ZAD\AppDa...}, fedcm:accounts: true, goog:chromeOptions: {debuggerAddress: localhost:51313}, networkConnectionEnabled: false, pageLoadStrategy: normal, platformName: windows, proxy: Proxy(), se:cdp: ws://localhost:51313/devtoo..., se:cdpVersion: 134.0.6998.178, setWindowRect: true, strictFileInteractability: false, timeouts: {implicit: 0, pageLoad: 300000, script: 30000}, unhandledPromptBehavior: dismiss and notify, webauthn:extension:credBlob: true, webauthn:extension:largeBlob: true, webauthn:extension:minPinLength: true, webauthn:extension:prf: true, webauthn:virtualAuthenticators: true}
Session ID: 90fbcd881ab5aff538f7028308aa99a4
2025-04-01 08:30:46 [main] INFO  l.i.u.t.SubmittedApplicationsPageTest - Marking 'Taip' radio button 7
2025-04-01 08:30:56 [main] ERROR l.i.u.p.SubmittedApplicationsPage - Error selecting radio button: Expected condition failed: waiting for element to be clickable: By.xpath: (//input[@type='radio' and @value='true'])[15] (tried for 10 second(s) with 500 milliseconds interval)
Build info: version: '4.27.0', revision: 'd6e718d134'
System info: os.name: 'Windows 11', os.arch: 'amd64', os.version: '10.0', java.version: '21.0.3'
Driver info: org.openqa.selenium.chrome.ChromeDriver
Capabilities {acceptInsecureCerts: false, browserName: chrome, browserVersion: 134.0.6998.178, chrome: {chromedriverVersion: 134.0.6998.165 (fd886e2cb29..., userDataDir: C:\Users\INGRID~1.ZAD\AppDa...}, fedcm:accounts: true, goog:chromeOptions: {debuggerAddress: localhost:51313}, networkConnectionEnabled: false, pageLoadStrategy: normal, platformName: windows, proxy: Proxy(), se:cdp: ws://localhost:51313/devtoo..., se:cdpVersion: 134.0.6998.178, setWindowRect: true, strictFileInteractability: false, timeouts: {implicit: 0, pageLoad: 300000, script: 30000}, unhandledPromptBehavior: dismiss and notify, webauthn:extension:credBlob: true, webauthn:extension:largeBlob: true, webauthn:extension:minPinLength: true, webauthn:extension:prf: true, webauthn:virtualAuthenticators: true}
Session ID: 90fbcd881ab5aff538f7028308aa99a4
2025-04-01 08:30:56 [main] INFO  l.i.u.t.SubmittedApplicationsPageTest - Marking 'Taip' radio button 8
2025-04-01 08:31:06 [main] ERROR l.i.u.p.SubmittedApplicationsPage - Error selecting radio button: Expected condition failed: waiting for element to be clickable: By.xpath: (//input[@type='radio' and @value='true'])[16] (tried for 10 second(s) with 500 milliseconds interval)
Build info: version: '4.27.0', revision: 'd6e718d134'
System info: os.name: 'Windows 11', os.arch: 'amd64', os.version: '10.0', java.version: '21.0.3'
Driver info: org.openqa.selenium.chrome.ChromeDriver
Capabilities {acceptInsecureCerts: false, browserName: chrome, browserVersion: 134.0.6998.178, chrome: {chromedriverVersion: 134.0.6998.165 (fd886e2cb29..., userDataDir: C:\Users\INGRID~1.ZAD\AppDa...}, fedcm:accounts: true, goog:chromeOptions: {debuggerAddress: localhost:51313}, networkConnectionEnabled: false, pageLoadStrategy: normal, platformName: windows, proxy: Proxy(), se:cdp: ws://localhost:51313/devtoo..., se:cdpVersion: 134.0.6998.178, setWindowRect: true, strictFileInteractability: false, timeouts: {implicit: 0, pageLoad: 300000, script: 30000}, unhandledPromptBehavior: dismiss and notify, webauthn:extension:credBlob: true, webauthn:extension:largeBlob: true, webauthn:extension:minPinLength: true, webauthn:extension:prf: true, webauthn:virtualAuthenticators: true}
Session ID: 90fbcd881ab5aff538f7028308aa99a4
2025-04-01 08:31:06 [main] INFO  l.i.u.t.SubmittedApplicationsPageTest - Marking 'Taip' radio button 9
2025-04-01 08:31:16 [main] ERROR l.i.u.p.SubmittedApplicationsPage - Error selecting radio button: Expected condition failed: waiting for element to be clickable: By.xpath: (//input[@type='radio' and @value='true'])[17] (tried for 10 second(s) with 500 milliseconds interval)
Build info: version: '4.27.0', revision: 'd6e718d134'
System info: os.name: 'Windows 11', os.arch: 'amd64', os.version: '10.0', java.version: '21.0.3'
Driver info: org.openqa.selenium.chrome.ChromeDriver
Capabilities {acceptInsecureCerts: false, browserName: chrome, browserVersion: 134.0.6998.178, chrome: {chromedriverVersion: 134.0.6998.165 (fd886e2cb29..., userDataDir: C:\Users\INGRID~1.ZAD\AppDa...}, fedcm:accounts: true, goog:chromeOptions: {debuggerAddress: localhost:51313}, networkConnectionEnabled: false, pageLoadStrategy: normal, platformName: windows, proxy: Proxy(), se:cdp: ws://localhost:51313/devtoo..., se:cdpVersion: 134.0.6998.178, setWindowRect: true, strictFileInteractability: false, timeouts: {implicit: 0, pageLoad: 300000, script: 30000}, unhandledPromptBehavior: dismiss and notify, webauthn:extension:credBlob: true, webauthn:extension:largeBlob: true, webauthn:extension:minPinLength: true, webauthn:extension:prf: true, webauthn:virtualAuthenticators: true}
Session ID: 90fbcd881ab5aff538f7028308aa99a4
2025-04-01 08:31:16 [main] INFO  l.i.u.t.SubmittedApplicationsPageTest - Marking 'Taip' radio button 10
2025-04-01 08:31:26 [main] ERROR l.i.u.p.SubmittedApplicationsPage - Error selecting radio button: Expected condition failed: waiting for element to be clickable: By.xpath: (//input[@type='radio' and @value='true'])[18] (tried for 10 second(s) with 500 milliseconds interval)
Build info: version: '4.27.0', revision: 'd6e718d134'
System info: os.name: 'Windows 11', os.arch: 'amd64', os.version: '10.0', java.version: '21.0.3'
Driver info: org.openqa.selenium.chrome.ChromeDriver
Capabilities {acceptInsecureCerts: false, browserName: chrome, browserVersion: 134.0.6998.178, chrome: {chromedriverVersion: 134.0.6998.165 (fd886e2cb29..., userDataDir: C:\Users\INGRID~1.ZAD\AppDa...}, fedcm:accounts: true, goog:chromeOptions: {debuggerAddress: localhost:51313}, networkConnectionEnabled: false, pageLoadStrategy: normal, platformName: windows, proxy: Proxy(), se:cdp: ws://localhost:51313/devtoo..., se:cdpVersion: 134.0.6998.178, setWindowRect: true, strictFileInteractability: false, timeouts: {implicit: 0, pageLoad: 300000, script: 30000}, unhandledPromptBehavior: dismiss and notify, webauthn:extension:credBlob: true, webauthn:extension:largeBlob: true, webauthn:extension:minPinLength: true, webauthn:extension:prf: true, webauthn:virtualAuthenticators: true}
Session ID: 90fbcd881ab5aff538f7028308aa99a4
2025-04-01 08:31:26 [main] INFO  l.i.u.t.SubmittedApplicationsPageTest - Marking 'Taip' radio button 11
2025-04-01 08:31:36 [main] ERROR l.i.u.p.SubmittedApplicationsPage - Error selecting radio button: Expected condition failed: waiting for element to be clickable: By.xpath: (//input[@type='radio' and @value='true'])[19] (tried for 10 second(s) with 500 milliseconds interval)
Build info: version: '4.27.0', revision: 'd6e718d134'
System info: os.name: 'Windows 11', os.arch: 'amd64', os.version: '10.0', java.version: '21.0.3'
Driver info: org.openqa.selenium.chrome.ChromeDriver
Capabilities {acceptInsecureCerts: false, browserName: chrome, browserVersion: 134.0.6998.178, chrome: {chromedriverVersion: 134.0.6998.165 (fd886e2cb29..., userDataDir: C:\Users\INGRID~1.ZAD\AppDa...}, fedcm:accounts: true, goog:chromeOptions: {debuggerAddress: localhost:51313}, networkConnectionEnabled: false, pageLoadStrategy: normal, platformName: windows, proxy: Proxy(), se:cdp: ws://localhost:51313/devtoo..., se:cdpVersion: 134.0.6998.178, setWindowRect: true, strictFileInteractability: false, timeouts: {implicit: 0, pageLoad: 300000, script: 30000}, unhandledPromptBehavior: dismiss and notify, webauthn:extension:credBlob: true, webauthn:extension:largeBlob: true, webauthn:extension:minPinLength: true, webauthn:extension:prf: true, webauthn:virtualAuthenticators: true}
Session ID: 90fbcd881ab5aff538f7028308aa99a4
2025-04-01 08:31:36 [main] INFO  l.i.u.t.SubmittedApplicationsPageTest - Marking 'Taip' radio button 12
2025-04-01 08:31:46 [main] DEBUG l.i.u.t.SubmittedApplicationsPageTest - Checked 'ConfirmationStepFour'
2025-04-01 08:31:46 [main] DEBUG l.i.u.t.SubmittedApplicationsPageTest - Clicked 'Next' button after checkboxes.
2025-04-01 08:31:46 [main] INFO  l.i.u.p.SubmittedApplicationsPage - File uploaded successfully to an input element.
2025-04-01 08:31:46 [main] INFO  l.i.u.p.SubmittedApplicationsPage - File uploaded successfully to an input element.
2025-04-01 08:31:46 [main] INFO  l.i.u.p.SubmittedApplicationsPage - File uploaded successfully to an input element.
2025-04-01 08:31:47 [main] INFO  l.i.u.p.SubmittedApplicationsPage - File uploaded successfully to an input element.
2025-04-01 08:31:47 [main] INFO  l.i.u.p.SubmittedApplicationsPage - File uploaded successfully to an input element.
2025-04-01 08:31:47 [main] INFO  l.i.u.p.SubmittedApplicationsPage - File uploaded successfully to an input element.
2025-04-01 08:31:47 [main] INFO  l.i.u.p.SubmittedApplicationsPage - File uploaded successfully to an input element.
2025-04-01 08:31:47 [main] INFO  l.i.u.p.SubmittedApplicationsPage - File uploaded successfully to an input element.
2025-04-01 08:31:47 [main] INFO  l.i.u.p.SubmittedApplicationsPage - File uploaded successfully to an input element.
2025-04-01 08:31:47 [main] INFO  l.i.u.p.SubmittedApplicationsPage - File uploaded successfully to an input element.
2025-04-01 08:31:47 [main] DEBUG l.i.u.t.SubmittedApplicationsPageTest - Entered program name: 'Dokumentas 1'.
2025-04-01 08:31:47 [main] DEBUG l.i.u.t.SubmittedApplicationsPageTest - Entered program name: 'Dokumentas 2'.
2025-04-01 08:31:47 [main] DEBUG l.i.u.t.SubmittedApplicationsPageTest - Entered program name: 'Dokumentas 3'.
2025-04-01 08:31:48 [main] DEBUG l.i.u.t.SubmittedApplicationsPageTest - Entered program name: 'Dokumentas 4'.
2025-04-01 08:31:48 [main] DEBUG l.i.u.t.SubmittedApplicationsPageTest - Entered program name: 'Dokumentas 5'.
2025-04-01 08:31:48 [main] DEBUG l.i.u.t.SubmittedApplicationsPageTest - Entered program name: 'Dokumentas 6'.
2025-04-01 08:31:48 [main] DEBUG l.i.u.t.SubmittedApplicationsPageTest - Entered program name: 'Dokumentas 4'.
2025-04-01 08:31:48 [main] DEBUG l.i.u.t.SubmittedApplicationsPageTest - Entered program name: 'Dokumentas 8'.
2025-04-01 08:31:48 [main] DEBUG l.i.u.t.SubmittedApplicationsPageTest - Entered program name: 'Dokumentas 9'.
2025-04-01 08:31:49 [main] DEBUG l.i.u.t.SubmittedApplicationsPageTest - Entered program name: 'Dokumentas 10'.
2025-04-01 08:31:59 [main] DEBUG l.i.u.t.SubmittedApplicationsPageTest - Checked 'ConfirmationDocument'
2025-04-01 08:32:09 [main] DEBUG l.i.u.t.SubmittedApplicationsPageTest - Checked 'ConfirmationApplication'
2025-04-01 08:32:09 [main] DEBUG l.i.u.t.SubmittedApplicationsPageTest - Clicked 'SaveDraft' button after checkboxes.
2025-04-01 08:32:09 [main] DEBUG l.i.uztis.pages.ApplicationFormsPage - Verified success message: 'Ruošinys sėkmingai išsaugotas.'
2025-04-01 08:32:09 [main] INFO  l.i.u.t.SubmittedApplicationsPageTest - Verified success message
2025-04-01 08:32:09 [main] DEBUG l.i.u.t.SubmittedApplicationsPageTest - Clicked 'Review' button after checkboxes.
2025-04-01 08:32:22 [main] ERROR l.i.u.t.SubmittedApplicationsPageTest - Test 'testFillNewVUIApplicationFA' failed with error: no such element: Unable to locate element: {"method":"xpath","selector":"//common-button/button[contains(text(), 'Pateikti')]"}
  (Session info: chrome=134.0.6998.178)
For documentation on this error, please visit: https://www.selenium.dev/documentation/webdriver/troubleshooting/errors#no-such-element-exception
Build info: version: '4.27.0', revision: 'd6e718d134'
System info: os.name: 'Windows 11', os.arch: 'amd64', os.version: '10.0', java.version: '21.0.3'
Driver info: org.openqa.selenium.chrome.ChromeDriver
Command: [90fbcd881ab5aff538f7028308aa99a4, findElement {value=//common-button/button[contains(text(), 'Pateikti')], using=xpath}]
Capabilities {acceptInsecureCerts: false, browserName: chrome, browserVersion: 134.0.6998.178, chrome: {chromedriverVersion: 134.0.6998.165 (fd886e2cb29..., userDataDir: C:\Users\INGRID~1.ZAD\AppDa...}, fedcm:accounts: true, goog:chromeOptions: {debuggerAddress: localhost:51313}, networkConnectionEnabled: false, pageLoadStrategy: normal, platformName: windows, proxy: Proxy(), se:cdp: ws://localhost:51313/devtoo..., se:cdpVersion: 134.0.6998.178, setWindowRect: true, strictFileInteractability: false, timeouts: {implicit: 0, pageLoad: 300000, script: 30000}, unhandledPromptBehavior: dismiss and notify, webauthn:extension:credBlob: true, webauthn:extension:largeBlob: true, webauthn:extension:minPinLength: true, webauthn:extension:prf: true, webauthn:virtualAuthenticators: true}
Session ID: 90fbcd881ab5aff538f7028308aa99a4
org.openqa.selenium.NoSuchElementException: no such element: Unable to locate element: {"method":"xpath","selector":"//common-button/button[contains(text(), 'Pateikti')]"}
  (Session info: chrome=134.0.6998.178)
For documentation on this error, please visit: https://www.selenium.dev/documentation/webdriver/troubleshooting/errors#no-such-element-exception
Build info: version: '4.27.0', revision: 'd6e718d134'
System info: os.name: 'Windows 11', os.arch: 'amd64', os.version: '10.0', java.version: '21.0.3'
Driver info: org.openqa.selenium.chrome.ChromeDriver
Command: [90fbcd881ab5aff538f7028308aa99a4, findElement {value=//common-button/button[contains(text(), 'Pateikti')], using=xpath}]
Capabilities {acceptInsecureCerts: false, browserName: chrome, browserVersion: 134.0.6998.178, chrome: {chromedriverVersion: 134.0.6998.165 (fd886e2cb29..., userDataDir: C:\Users\INGRID~1.ZAD\AppDa...}, fedcm:accounts: true, goog:chromeOptions: {debuggerAddress: localhost:51313}, networkConnectionEnabled: false, pageLoadStrategy: normal, platformName: windows, proxy: Proxy(), se:cdp: ws://localhost:51313/devtoo..., se:cdpVersion: 134.0.6998.178, setWindowRect: true, strictFileInteractability: false, timeouts: {implicit: 0, pageLoad: 300000, script: 30000}, unhandledPromptBehavior: dismiss and notify, webauthn:extension:credBlob: true, webauthn:extension:largeBlob: true, webauthn:extension:minPinLength: true, webauthn:extension:prf: true, webauthn:virtualAuthenticators: true}
Session ID: 90fbcd881ab5aff538f7028308aa99a4
	at java.base/jdk.internal.reflect.DirectConstructorHandleAccessor.newInstance(DirectConstructorHandleAccessor.java:62)
	at java.base/java.lang.reflect.Constructor.newInstanceWithCaller(Constructor.java:502)
	at java.base/java.lang.reflect.Constructor.newInstance(Constructor.java:486)
	at org.openqa.selenium.remote.ErrorCodec.decode(ErrorCodec.java:167)
	at org.openqa.selenium.remote.codec.w3c.W3CHttpResponseCodec.decode(W3CHttpResponseCodec.java:138)
	at org.openqa.selenium.remote.codec.w3c.W3CHttpResponseCodec.decode(W3CHttpResponseCodec.java:50)
	at org.openqa.selenium.remote.HttpCommandExecutor.execute(HttpCommandExecutor.java:190)
	at org.openqa.selenium.remote.service.DriverCommandExecutor.invokeExecute(DriverCommandExecutor.java:216)
	at org.openqa.selenium.remote.service.DriverCommandExecutor.execute(DriverCommandExecutor.java:174)
	at org.openqa.selenium.remote.RemoteWebDriver.execute(RemoteWebDriver.java:545)
	at org.openqa.selenium.remote.ElementLocation$ElementFinder$2.findElement(ElementLocation.java:165)
	at org.openqa.selenium.remote.ElementLocation.findElement(ElementLocation.java:59)
	at org.openqa.selenium.remote.RemoteWebDriver.findElement(RemoteWebDriver.java:368)
	at org.openqa.selenium.remote.RemoteWebDriver.findElement(RemoteWebDriver.java:362)
	at org.openqa.selenium.support.pagefactory.DefaultElementLocator.findElement(DefaultElementLocator.java:68)
	at org.openqa.selenium.support.pagefactory.internal.LocatingElementHandler.invoke(LocatingElementHandler.java:38)
	at jdk.proxy2/jdk.proxy2.$Proxy14.isSelected(Unknown Source)
	at lt.insoft.uztis.pages.SubmittedApplicationsPage.clickButtonSubmit(SubmittedApplicationsPage.java:885)
	at lt.insoft.uztis.tests.SubmittedApplicationsPageTest.testFillNewVUIApplicationFA(SubmittedApplicationsPageTest.java:511)
	at java.base/jdk.internal.reflect.DirectMethodHandleAccessor.invoke(DirectMethodHandleAccessor.java:103)
	at java.base/java.lang.reflect.Method.invoke(Method.java:580)
	at org.junit.platform.commons.util.ReflectionUtils.invokeMethod(ReflectionUtils.java:728)
	at org.junit.jupiter.engine.execution.MethodInvocation.proceed(MethodInvocation.java:60)
	at org.junit.jupiter.engine.execution.InvocationInterceptorChain$ValidatingInvocation.proceed(InvocationInterceptorChain.java:131)
	at org.junit.jupiter.engine.extension.TimeoutExtension.intercept(TimeoutExtension.java:156)
	at org.junit.jupiter.engine.extension.TimeoutExtension.interceptTestableMethod(TimeoutExtension.java:147)
	at org.junit.jupiter.engine.extension.TimeoutExtension.interceptTestMethod(TimeoutExtension.java:86)
	at org.junit.jupiter.engine.execution.InterceptingExecutableInvoker$ReflectiveInterceptorCall.lambda$ofVoidMethod$0(InterceptingExecutableInvoker.java:103)
	at org.junit.jupiter.engine.execution.InterceptingExecutableInvoker.lambda$invoke$0(InterceptingExecutableInvoker.java:93)
	at org.junit.jupiter.engine.execution.InvocationInterceptorChain$InterceptedInvocation.proceed(InvocationInterceptorChain.java:106)
	at org.junit.jupiter.engine.execution.InvocationInterceptorChain.proceed(InvocationInterceptorChain.java:64)
	at org.junit.jupiter.engine.execution.InvocationInterceptorChain.chainAndInvoke(InvocationInterceptorChain.java:45)
	at org.junit.jupiter.engine.execution.InvocationInterceptorChain.invoke(InvocationInterceptorChain.java:37)
	at org.junit.jupiter.engine.execution.InterceptingExecutableInvoker.invoke(InterceptingExecutableInvoker.java:92)
	at org.junit.jupiter.engine.execution.InterceptingExecutableInvoker.invoke(InterceptingExecutableInvoker.java:86)
	at org.junit.jupiter.engine.descriptor.TestMethodTestDescriptor.lambda$invokeTestMethod$7(TestMethodTestDescriptor.java:218)
	at org.junit.platform.engine.support.hierarchical.ThrowableCollector.execute(ThrowableCollector.java:73)
	at org.junit.jupiter.engine.descriptor.TestMethodTestDescriptor.invokeTestMethod(TestMethodTestDescriptor.java:214)
	at org.junit.jupiter.engine.descriptor.TestMethodTestDescriptor.execute(TestMethodTestDescriptor.java:139)
	at org.junit.jupiter.engine.descriptor.TestMethodTestDescriptor.execute(TestMethodTestDescriptor.java:69)
	at org.junit.platform.engine.support.hierarchical.NodeTestTask.lambda$executeRecursively$6(NodeTestTask.java:151)
	at org.junit.platform.engine.support.hierarchical.ThrowableCollector.execute(ThrowableCollector.java:73)
	at org.junit.platform.engine.support.hierarchical.NodeTestTask.lambda$executeRecursively$8(NodeTestTask.java:141)
	at org.junit.platform.engine.support.hierarchical.Node.around(Node.java:137)
	at org.junit.platform.engine.support.hierarchical.NodeTestTask.lambda$executeRecursively$9(NodeTestTask.java:139)
	at org.junit.platform.engine.support.hierarchical.ThrowableCollector.execute(ThrowableCollector.java:73)
	at org.junit.platform.engine.support.hierarchical.NodeTestTask.executeRecursively(NodeTestTask.java:138)
	at org.junit.platform.engine.support.hierarchical.NodeTestTask.execute(NodeTestTask.java:95)
	at java.base/java.util.ArrayList.forEach(ArrayList.java:1596)
	at org.junit.platform.engine.support.hierarchical.SameThreadHierarchicalTestExecutorService.invokeAll(SameThreadHierarchicalTestExecutorService.java:41)
	at org.junit.platform.engine.support.hierarchical.NodeTestTask.lambda$executeRecursively$6(NodeTestTask.java:155)
	at org.junit.platform.engine.support.hierarchical.ThrowableCollector.execute(ThrowableCollector.java:73)
	at org.junit.platform.engine.support.hierarchical.NodeTestTask.lambda$executeRecursively$8(NodeTestTask.java:141)
	at org.junit.platform.engine.support.hierarchical.Node.around(Node.java:137)
	at org.junit.platform.engine.support.hierarchical.NodeTestTask.lambda$executeRecursively$9(NodeTestTask.java:139)
	at org.junit.platform.engine.support.hierarchical.ThrowableCollector.execute(ThrowableCollector.java:73)
	at org.junit.platform.engine.support.hierarchical.NodeTestTask.executeRecursively(NodeTestTask.java:138)
	at org.junit.platform.engine.support.hierarchical.NodeTestTask.execute(NodeTestTask.java:95)
	at java.base/java.util.ArrayList.forEach(ArrayList.java:1596)
	at org.junit.platform.engine.support.hierarchical.SameThreadHierarchicalTestExecutorService.invokeAll(SameThreadHierarchicalTestExecutorService.java:41)
	at org.junit.platform.engine.support.hierarchical.NodeTestTask.lambda$executeRecursively$6(NodeTestTask.java:155)
	at org.junit.platform.engine.support.hierarchical.ThrowableCollector.execute(ThrowableCollector.java:73)
	at org.junit.platform.engine.support.hierarchical.NodeTestTask.lambda$executeRecursively$8(NodeTestTask.java:141)
	at org.junit.platform.engine.support.hierarchical.Node.around(Node.java:137)
	at org.junit.platform.engine.support.hierarchical.NodeTestTask.lambda$executeRecursively$9(NodeTestTask.java:139)
	at org.junit.platform.engine.support.hierarchical.ThrowableCollector.execute(ThrowableCollector.java:73)
	at org.junit.platform.engine.support.hierarchical.NodeTestTask.executeRecursively(NodeTestTask.java:138)
	at org.junit.platform.engine.support.hierarchical.NodeTestTask.execute(NodeTestTask.java:95)
	at org.junit.platform.engine.support.hierarchical.SameThreadHierarchicalTestExecutorService.submit(SameThreadHierarchicalTestExecutorService.java:35)
	at org.junit.platform.engine.support.hierarchical.HierarchicalTestExecutor.execute(HierarchicalTestExecutor.java:57)
	at org.junit.platform.engine.support.hierarchical.HierarchicalTestEngine.execute(HierarchicalTestEngine.java:54)
	at org.junit.platform.launcher.core.EngineExecutionOrchestrator.execute(EngineExecutionOrchestrator.java:198)
	at org.junit.platform.launcher.core.EngineExecutionOrchestrator.execute(EngineExecutionOrchestrator.java:169)
	at org.junit.platform.launcher.core.EngineExecutionOrchestrator.execute(EngineExecutionOrchestrator.java:93)
	at org.junit.platform.launcher.core.EngineExecutionOrchestrator.lambda$execute$0(EngineExecutionOrchestrator.java:58)
	at org.junit.platform.launcher.core.EngineExecutionOrchestrator.withInterceptedStreams(EngineExecutionOrchestrator.java:141)
	at org.junit.platform.launcher.core.EngineExecutionOrchestrator.execute(EngineExecutionOrchestrator.java:57)
	at org.junit.platform.launcher.core.DefaultLauncher.execute(DefaultLauncher.java:103)
	at org.junit.platform.launcher.core.DefaultLauncher.execute(DefaultLauncher.java:85)
	at org.junit.platform.launcher.core.DelegatingLauncher.execute(DelegatingLauncher.java:47)
	at org.junit.platform.launcher.core.SessionPerRequestLauncher.execute(SessionPerRequestLauncher.java:63)
	at com.intellij.junit5.JUnit5IdeaTestRunner.startRunnerWithArgs(JUnit5IdeaTestRunner.java:57)
	at com.intellij.rt.junit.IdeaTestRunner$Repeater$1.execute(IdeaTestRunner.java:38)
	at com.intellij.rt.execution.junit.TestsRepeater.repeat(TestsRepeater.java:11)
	at com.intellij.rt.junit.IdeaTestRunner$Repeater.startRunnerWithArgs(IdeaTestRunner.java:35)
	at com.intellij.rt.junit.JUnitStarter.prepareStreamsAndStart(JUnitStarter.java:232)
	at com.intellij.rt.junit.JUnitStarter.main(JUnitStarter.java:55)
2025-04-01 08:32:22 [main] INFO  l.insoft.uztis.tests.utils.TestUtils - Screenshot moved to C:\Users\ingrida.zadorozniene\Desktop\Asm\UZTIS\UZTIS_tests\test-output\screenshots\20250401\083222164_testFillNewVUIApplicationFA().png
2025-04-01 08:44:58 [main] INFO  lt.insoft.uztis.tests.UztisPageTest - Navigated to https://uztisdev.asseco.lt/home
2025-04-01 08:44:58 [main] INFO  l.i.u.t.SubmittedApplicationsPageTest - Starting test:'testFillNewVUIPApplicationFA'
2025-04-01 08:44:58 [main] DEBUG l.i.u.t.SubmittedApplicationsPageTest - User logged in with test credentials.
2025-04-01 08:44:59 [main] DEBUG l.i.u.t.SubmittedApplicationsPageTest - Opened 'Application Processing' menu.
2025-04-01 08:44:59 [main] DEBUG l.i.u.t.SubmittedApplicationsPageTest - Clicked on 'Application Forms' menu.
2025-04-01 08:44:59 [main] DEBUG l.i.u.t.SubmittedApplicationsPageTest - Retrieved last description code text: 'TST-VUI-75'.
2025-04-01 08:44:59 [main] DEBUG l.i.u.t.SubmittedApplicationsPageTest - Clicked on 'Invitation' menu.
2025-04-01 08:45:01 [main] DEBUG l.i.u.t.SubmittedApplicationsPageTest - Selected application section by code: 'TST-VUI-75'.
2025-04-01 08:45:01 [main] DEBUG l.i.u.t.SubmittedApplicationsPageTest - Clicked 'Search' button.
2025-04-01 08:45:01 [main] DEBUG l.i.u.t.SubmittedApplicationsPageTest - Retrieved invitation code: ''.
2025-04-01 08:45:01 [main] DEBUG l.i.u.t.SubmittedApplicationsPageTest - Clicked on 'Submitted Applications' menu.
2025-04-01 08:45:03 [main] DEBUG l.i.u.t.SubmittedApplicationsPageTest - Selected invitation by code: 'TST-VUI-75'.
2025-04-01 08:45:03 [main] DEBUG l.i.u.t.SubmittedApplicationsPageTest - Invitation code inserted.
2025-04-01 08:45:03 [main] DEBUG l.i.u.t.SubmittedApplicationsPageTest - Clicked on 'Action Application' button.
2025-04-01 08:45:03 [main] DEBUG l.i.u.t.SubmittedApplicationsPageTest - Clicked on 'New Application' button.
2025-04-01 08:45:04 [main] DEBUG l.i.u.t.SubmittedApplicationsPageTest - Selected the 'RadioButtonFA' option.
2025-04-01 08:45:04 [main] DEBUG l.i.u.t.SubmittedApplicationsPageTest - Entered phone number: '61298745'.
2025-04-01 08:45:04 [main] DEBUG l.i.u.t.SubmittedApplicationsPageTest - Entered email: 'test@autotest.com'.
2025-04-01 08:45:04 [main] INFO  l.i.u.p.SubmittedApplicationsPage - Clicking on the dropdown button.
2025-04-01 08:45:21 [main] INFO  l.i.u.p.SubmittedApplicationsPage - Found 1741 options in the dropdown.
2025-04-01 08:45:21 [main] DEBUG l.i.u.p.SubmittedApplicationsPage - Checking option: ''
2025-04-01 08:45:21 [main] DEBUG l.i.u.p.SubmittedApplicationsPage - Checking option: '01.11 - Grūdinių (išskyrus ryžius), ankštinių ir aliejingų sėklų augalų auginimas'
2025-04-01 08:45:21 [main] INFO  l.i.u.p.SubmittedApplicationsPage - Successfully selected the value: '01.11 - Grūdinių (išskyrus ryžius), ankštinių ir aliejingų sėklų augalų auginimas'
2025-04-01 08:45:21 [main] INFO  l.i.u.p.SubmittedApplicationsPage - Attempting to close the dropdown.
2025-04-01 08:45:21 [main] DEBUG l.i.u.t.SubmittedApplicationsPageTest - Selected EVRK value: '01.11 - Grūdinių (išskyrus ryžius), ankštinių ir aliejingų sėklų augalų auginimas'.
2025-04-01 08:45:21 [main] DEBUG l.i.u.t.SubmittedApplicationsPageTest - Clicked on 'Address Component' button.
2025-04-01 08:45:21 [main] INFO  l.i.u.p.SubmittedApplicationsPage - Located the dropdown button.
2025-04-01 08:45:25 [main] INFO  l.i.u.p.SubmittedApplicationsPage - Successfully selected the value: 'Lietuva'
2025-04-01 08:45:25 [main] DEBUG l.i.u.t.SubmittedApplicationsPageTest - Selected country: 'Lietuva'.
2025-04-01 08:45:25 [main] INFO  l.i.u.p.SubmittedApplicationsPage - Located the dropdown search field.
2025-04-01 08:45:25 [main] INFO  l.i.u.p.SubmittedApplicationsPage - Dropdown city is opened.
2025-04-01 08:45:26 [main] INFO  l.i.u.p.SubmittedApplicationsPage - Searched for value: 'Vilnius'
2025-04-01 08:45:27 [main] INFO  l.i.u.p.SubmittedApplicationsPage - Successfully selected: 'Vilnius'
2025-04-01 08:45:27 [main] INFO  l.i.u.p.SubmittedApplicationsPage - Located the dropdown button.
2025-04-01 08:45:27 [main] INFO  l.i.u.p.SubmittedApplicationsPage - Successfully selected the value: 'A. Domaševičiaus g.'
2025-04-01 08:45:27 [main] DEBUG l.i.u.t.SubmittedApplicationsPageTest - Selected street: 'A. Domaševičiaus g.'.
2025-04-01 08:45:27 [main] INFO  l.i.u.p.SubmittedApplicationsPage - Located the dropdown button.
2025-04-01 08:45:28 [main] INFO  l.i.u.p.SubmittedApplicationsPage - Successfully selected the value: '1'
2025-04-01 08:45:28 [main] DEBUG l.i.u.t.SubmittedApplicationsPageTest - Selected house: '1'.
2025-04-01 08:45:28 [main] INFO  l.i.u.p.SubmittedApplicationsPage - Located the dropdown button.
2025-04-01 08:45:28 [main] INFO  l.i.u.p.SubmittedApplicationsPage - Successfully selected the value: '1'
2025-04-01 08:45:28 [main] DEBUG l.i.u.t.SubmittedApplicationsPageTest - Selected apartment: '1'.
2025-04-01 08:45:28 [main] DEBUG l.i.u.t.SubmittedApplicationsPageTest - Clicked 'Confirm' button.
2025-04-01 08:45:29 [main] DEBUG l.i.u.t.SubmittedApplicationsPageTest - Entered project date.
2025-04-01 08:45:29 [main] DEBUG l.i.u.t.SubmittedApplicationsPageTest - Entered job count: '1'.
2025-04-01 08:45:29 [main] DEBUG l.i.u.t.SubmittedApplicationsPageTest - Clicked 'Next' button.
2025-04-01 08:45:29 [main] INFO  l.i.u.p.SubmittedApplicationsPage - Located the dropdown button.
2025-04-01 08:45:30 [main] INFO  l.i.u.p.SubmittedApplicationsPage - Successfully selected the value: 'Administratoriai'
2025-04-01 08:45:30 [main] DEBUG l.i.u.t.SubmittedApplicationsPageTest - Selected job name: 'Administratoriai'.
2025-04-01 08:45:30 [main] DEBUG l.i.u.t.SubmittedApplicationsPageTest - Entered job function: 'Funkcija 1'.
2025-04-01 08:45:30 [main] DEBUG l.i.u.t.SubmittedApplicationsPageTest - Selected 'RadioButtonWithDisabilities' option.
2025-04-01 08:45:30 [main] INFO  l.i.u.p.SubmittedApplicationsPage - Clicking on the dropdown button.
2025-04-01 08:45:31 [main] INFO  l.i.u.p.SubmittedApplicationsPage - Found 34 options in the dropdown.
2025-04-01 08:45:31 [main] DEBUG l.i.u.p.SubmittedApplicationsPage - Checking option: 'Asmenys, kuriems suteiktas pabėgėlio statusas ar perkeliamojo asmens statusas, arba asmenys, kuriems suteikta papildoma ar laikinoji apsauga, ir asmenys, turintys teisę gauti laikinąją apsaugą, iki sprendimo dėl laikinosios apsaugos suteikimo (nesuteikimo) priėmimo, tačiau ne ilgiau kaip laikinosios apsaugos laikotarpiu'
2025-04-01 08:45:31 [main] DEBUG l.i.u.p.SubmittedApplicationsPage - Checking option: 'Asmenys, kuriems suteiktas pabėgėlio statusas ar perkeliamojo asmens statusas, arba asmenys, kuriems suteikta papildoma ar laikinoji apsauga, ir asmenys, turintys teisę gauti laikinąją apsaugą, iki sprendimo dėl laikinosios apsaugos suteikimo (nesuteikimo) priėmimo, tačiau ne ilgiau kaip laikinosios apsaugos laikotarpiu'
2025-04-01 08:45:31 [main] DEBUG l.i.u.p.SubmittedApplicationsPage - Checking option: 'Asmenys, turintys teisę į papildomas užimtumo garantijas pagal Lietuvos Respublikos valstybės įmonės Ignalinos atominės elektrinės darbuotojų papildomų užimtumo ir socialinių garantijų įstatymą'
2025-04-01 08:45:31 [main] DEBUG l.i.u.p.SubmittedApplicationsPage - Checking option: 'Asmenys, turintys teisę į papildomas užimtumo garantijas pagal Lietuvos Respublikos valstybės įmonės Ignalinos atominės elektrinės darbuotojų papildomų užimtumo ir socialinių garantijų įstatymą'
2025-04-01 08:45:31 [main] DEBUG l.i.u.p.SubmittedApplicationsPage - Checking option: 'Bedarbiai iki 29 metų'
2025-04-01 08:45:31 [main] DEBUG l.i.u.p.SubmittedApplicationsPage - Checking option: 'Bedarbiai iki 29 metų'
2025-04-01 08:45:31 [main] DEBUG l.i.u.p.SubmittedApplicationsPage - Checking option: 'Bedarbiai, kurie yra darbingo amžiaus neįgalieji, kuriems nustatytas 30–40 procentų darbingumo lygis arba vidutinis neįgalumo lygis'
2025-04-01 08:45:31 [main] DEBUG l.i.u.p.SubmittedApplicationsPage - Checking option: 'Bedarbiai, kurie yra darbingo amžiaus neįgalieji, kuriems nustatytas 30–40 procentų darbingumo lygis arba vidutinis neįgalumo lygis'
2025-04-01 08:45:31 [main] DEBUG l.i.u.p.SubmittedApplicationsPage - Checking option: 'Bedarbiai, kurie yra darbingo amžiaus neįgalieji, kuriems nustatytas 45–55 procentų darbingumo lygis arba lengvas neįgalumo lygis'
2025-04-01 08:45:31 [main] DEBUG l.i.u.p.SubmittedApplicationsPage - Checking option: 'Bedarbiai, kurie yra darbingo amžiaus neįgalieji, kuriems nustatytas 45–55 procentų darbingumo lygis arba lengvas neįgalumo lygis'
2025-04-01 08:45:31 [main] DEBUG l.i.u.p.SubmittedApplicationsPage - Checking option: 'Bedarbiai, kurie yra darbingo amžiaus neįgalieji, kuriems nustatytas iki 25 procentų darbingumo lygis arba sunkus neįgalumo lygis'
2025-04-01 08:45:31 [main] INFO  l.i.u.p.SubmittedApplicationsPage - Successfully selected the value: 'Bedarbiai, kurie yra darbingo amžiaus neįgalieji, kuriems nustatytas iki 25 procentų darbingumo lygis arba sunkus neįgalumo lygis'
2025-04-01 08:45:31 [main] INFO  l.i.u.p.SubmittedApplicationsPage - Attempting to close the dropdown.
2025-04-01 08:45:32 [main] DEBUG l.i.u.t.SubmittedApplicationsPageTest - Selected disabilities type: 'Bedarbiai, kurie yra darbingo amžiaus neįgalieji, kuriems nustatytas iki 25 procentų darbingumo lygis arba sunkus neįgalumo lygis'.
2025-04-01 08:45:32 [main] DEBUG l.i.u.t.SubmittedApplicationsPageTest - Entered disability information: 'Negalia 1'.
2025-04-01 08:45:32 [main] INFO  l.i.u.p.SubmittedApplicationsPage - Located the dropdown button.
2025-04-01 08:45:33 [main] INFO  l.i.u.p.SubmittedApplicationsPage - Successfully selected the value: 'Kita'
2025-04-01 08:45:33 [main] DEBUG l.i.u.t.SubmittedApplicationsPageTest - Selected time mode: 'Kita'.
2025-04-01 08:45:33 [main] DEBUG l.i.u.t.SubmittedApplicationsPageTest - Selected time mode other: '6 val. per dieną ir 4 d. per savaitę'.
2025-04-01 08:45:34 [main] DEBUG l.i.u.t.SubmittedApplicationsPageTest - Entered qualification: 'Kvalifikacija 1'.
2025-04-01 08:45:34 [main] DEBUG l.i.u.t.SubmittedApplicationsPageTest - Entered job date.
2025-04-01 08:45:34 [main] DEBUG l.i.u.t.SubmittedApplicationsPageTest - Entered salary amount: '1200'.
2025-04-01 08:45:34 [main] DEBUG l.i.u.t.SubmittedApplicationsPageTest - Entered salary description: 'Užmokestis 1'.
2025-04-01 08:45:35 [main] DEBUG l.i.u.t.SubmittedApplicationsPageTest - Selected 'Temporary Job' radio button.
2025-04-01 08:45:35 [main] DEBUG l.i.u.t.SubmittedApplicationsPageTest - Selected 'Season Job' radio button.
2025-04-01 08:45:35 [main] DEBUG l.i.u.t.SubmittedApplicationsPageTest - Selected 'Energy' radio button.
2025-04-01 08:45:35 [main] DEBUG l.i.u.t.SubmittedApplicationsPageTest - Selected 'Repair' radio button.
2025-04-01 08:45:35 [main] DEBUG l.i.u.t.SubmittedApplicationsPageTest - Entered job description: 'Veikla 1'.
2025-04-01 08:45:36 [main] DEBUG l.i.u.t.SubmittedApplicationsPageTest - Entered process description: 'Procesas 1'.
2025-04-01 08:45:36 [main] DEBUG l.i.u.t.SubmittedApplicationsPageTest - Entered energy information: 'Energija 1'.
2025-04-01 08:45:36 [main] DEBUG l.i.u.t.SubmittedApplicationsPageTest - Entered repair information: 'Remontas 1'.
2025-04-01 08:45:36 [main] DEBUG l.i.u.t.SubmittedApplicationsPageTest - Selected 'PVM' radio button.
2025-04-01 08:45:36 [main] INFO  l.i.u.p.SubmittedApplicationsPage - Located the dropdown button.
2025-04-01 08:45:37 [main] INFO  l.i.u.p.SubmittedApplicationsPage - Successfully selected the value: 'Įsigyti'
2025-04-01 08:45:37 [main] DEBUG l.i.u.t.SubmittedApplicationsPageTest - Selected necessary for job: 'Įsigyti'.
2025-04-01 08:45:38 [main] DEBUG l.i.u.t.SubmittedApplicationsPageTest - Selected tool: 'Darbo priemonė 1'.
2025-04-01 08:45:38 [main] DEBUG l.i.u.t.SubmittedApplicationsPageTest - Selected tool parameter one: 'Darbo priemonės 1 parametras 1'.
2025-04-01 08:45:38 [main] DEBUG l.i.u.t.SubmittedApplicationsPageTest - Selected tool parameter two: 'Darbo priemonės 1 parametras 2'.
2025-04-01 08:45:38 [main] DEBUG l.i.u.t.SubmittedApplicationsPageTest - Selected tool parameter three: 'Darbo priemonės 1 parametras 3'.
2025-04-01 08:45:39 [main] DEBUG l.i.u.t.SubmittedApplicationsPageTest - Entered tool count: '1'.
2025-04-01 08:45:39 [main] DEBUG l.i.u.t.SubmittedApplicationsPageTest - Entered price amount 1: '1000'.
2025-04-01 08:45:41 [main] DEBUG l.i.u.t.SubmittedApplicationsPageTest - Entered own funds amount 1: '800'.
2025-04-01 08:45:43 [main] DEBUG l.i.u.t.SubmittedApplicationsPageTest - Clicked 'Add' button.
2025-04-01 08:45:43 [main] INFO  l.i.u.p.SubmittedApplicationsPage - Located the dropdown button.
2025-04-01 08:45:44 [main] INFO  l.i.u.p.SubmittedApplicationsPage - Successfully selected the value: 'Remontuoti'
2025-04-01 08:45:44 [main] DEBUG l.i.u.t.SubmittedApplicationsPageTest - Selected necessary for job 'to repair': 'Remontuoti'.
2025-04-01 08:45:44 [main] DEBUG l.i.u.t.SubmittedApplicationsPageTest - Selected repair name: 'Remonto pavadinimas 1'.
2025-04-01 08:45:44 [main] DEBUG l.i.u.t.SubmittedApplicationsPageTest - Entered repair information: 'Remonto aprašymas 1'.
2025-04-01 08:45:45 [main] DEBUG l.i.u.t.SubmittedApplicationsPageTest - Entered price amount 2: '1000'.
2025-04-01 08:45:47 [main] DEBUG l.i.u.t.SubmittedApplicationsPageTest - Entered own funds amount 2: '900'.
2025-04-01 08:45:49 [main] DEBUG l.i.u.t.SubmittedApplicationsPageTest - Clicked 'AddRemoved' button.
2025-04-01 08:45:51 [main] DEBUG l.i.u.t.SubmittedApplicationsPageTest - Clicked 'Remove' button.
2025-04-01 08:45:53 [main] DEBUG l.i.u.t.SubmittedApplicationsPageTest - Clicked 'Remove Confirmation' button.
2025-04-01 08:45:56 [main] DEBUG l.i.u.t.SubmittedApplicationsPageTest - Entered country percentage: '50'.
2025-04-01 08:45:56 [main] DEBUG l.i.u.t.SubmittedApplicationsPageTest - Entered institution percentage: '50'.
2025-04-01 08:45:56 [main] DEBUG l.i.u.t.SubmittedApplicationsPageTest - Entered municipality percentage: '50'.
2025-04-01 08:45:56 [main] DEBUG l.i.u.t.SubmittedApplicationsPageTest - Selected 'De Minimis' radio button.
2025-04-01 08:45:56 [main] DEBUG l.i.u.t.SubmittedApplicationsPageTest - Entered program name: 'Programa 1'.
2025-04-01 08:45:56 [main] DEBUG l.i.u.t.SubmittedApplicationsPageTest - Entered project date from.
2025-04-01 08:45:57 [main] DEBUG l.i.u.t.SubmittedApplicationsPageTest - Entered project date until.
2025-04-01 08:45:57 [main] DEBUG l.i.u.t.SubmittedApplicationsPageTest - Entered support amount: '2000'.
2025-04-01 08:45:57 [main] DEBUG l.i.u.t.SubmittedApplicationsPageTest - Clicked 'Next' button.
2025-04-01 08:46:07 [main] DEBUG l.i.u.t.SubmittedApplicationsPageTest - Checked 'Legal Entities' checkbox 1.
2025-04-01 08:46:17 [main] DEBUG l.i.u.t.SubmittedApplicationsPageTest - Checked 'Legal Entities' checkbox 2.
2025-04-01 08:46:27 [main] DEBUG l.i.u.t.SubmittedApplicationsPageTest - Checked 'Legal Entities' checkbox 3.
2025-04-01 08:46:27 [main] DEBUG l.i.u.t.SubmittedApplicationsPageTest - Test finished: All 'Legal Entities' checkboxes checked successfully.
2025-04-01 08:46:27 [main] DEBUG l.i.u.t.SubmittedApplicationsPageTest - Clicked 'Next' button after checkboxes.
2025-04-01 08:46:38 [main] ERROR l.i.u.p.SubmittedApplicationsPage - Error selecting radio button: Expected condition failed: waiting for element to be clickable: By.xpath: (//input[@type='radio' and @value='false'])[8] (tried for 10 second(s) with 500 milliseconds interval)
Build info: version: '4.27.0', revision: 'd6e718d134'
System info: os.name: 'Windows 11', os.arch: 'amd64', os.version: '10.0', java.version: '21.0.3'
Driver info: org.openqa.selenium.chrome.ChromeDriver
Capabilities {acceptInsecureCerts: false, browserName: chrome, browserVersion: 134.0.6998.178, chrome: {chromedriverVersion: 134.0.6998.165 (fd886e2cb29..., userDataDir: C:\Users\INGRID~1.ZAD\AppDa...}, fedcm:accounts: true, goog:chromeOptions: {debuggerAddress: localhost:51876}, networkConnectionEnabled: false, pageLoadStrategy: normal, platformName: windows, proxy: Proxy(), se:cdp: ws://localhost:51876/devtoo..., se:cdpVersion: 134.0.6998.178, setWindowRect: true, strictFileInteractability: false, timeouts: {implicit: 0, pageLoad: 300000, script: 30000}, unhandledPromptBehavior: dismiss and notify, webauthn:extension:credBlob: true, webauthn:extension:largeBlob: true, webauthn:extension:minPinLength: true, webauthn:extension:prf: true, webauthn:virtualAuthenticators: true}
Session ID: 51acfd5448903a297bf4946b0b0b9bf3
2025-04-01 08:46:38 [main] INFO  l.i.u.t.SubmittedApplicationsPageTest - Marking 'Ne' radio button 1
2025-04-01 08:46:48 [main] ERROR l.i.u.p.SubmittedApplicationsPage - Error selecting radio button: Expected condition failed: waiting for element to be clickable: By.xpath: (//input[@type='radio' and @value='false'])[9] (tried for 10 second(s) with 500 milliseconds interval)
Build info: version: '4.27.0', revision: 'd6e718d134'
System info: os.name: 'Windows 11', os.arch: 'amd64', os.version: '10.0', java.version: '21.0.3'
Driver info: org.openqa.selenium.chrome.ChromeDriver
Capabilities {acceptInsecureCerts: false, browserName: chrome, browserVersion: 134.0.6998.178, chrome: {chromedriverVersion: 134.0.6998.165 (fd886e2cb29..., userDataDir: C:\Users\INGRID~1.ZAD\AppDa...}, fedcm:accounts: true, goog:chromeOptions: {debuggerAddress: localhost:51876}, networkConnectionEnabled: false, pageLoadStrategy: normal, platformName: windows, proxy: Proxy(), se:cdp: ws://localhost:51876/devtoo..., se:cdpVersion: 134.0.6998.178, setWindowRect: true, strictFileInteractability: false, timeouts: {implicit: 0, pageLoad: 300000, script: 30000}, unhandledPromptBehavior: dismiss and notify, webauthn:extension:credBlob: true, webauthn:extension:largeBlob: true, webauthn:extension:minPinLength: true, webauthn:extension:prf: true, webauthn:virtualAuthenticators: true}
Session ID: 51acfd5448903a297bf4946b0b0b9bf3
2025-04-01 08:46:48 [main] INFO  l.i.u.t.SubmittedApplicationsPageTest - Marking 'Ne' radio button 2
2025-04-01 08:46:58 [main] ERROR l.i.u.p.SubmittedApplicationsPage - Error selecting radio button: Expected condition failed: waiting for element to be clickable: By.xpath: (//input[@type='radio' and @value='false'])[10] (tried for 10 second(s) with 500 milliseconds interval)
Build info: version: '4.27.0', revision: 'd6e718d134'
System info: os.name: 'Windows 11', os.arch: 'amd64', os.version: '10.0', java.version: '21.0.3'
Driver info: org.openqa.selenium.chrome.ChromeDriver
Capabilities {acceptInsecureCerts: false, browserName: chrome, browserVersion: 134.0.6998.178, chrome: {chromedriverVersion: 134.0.6998.165 (fd886e2cb29..., userDataDir: C:\Users\INGRID~1.ZAD\AppDa...}, fedcm:accounts: true, goog:chromeOptions: {debuggerAddress: localhost:51876}, networkConnectionEnabled: false, pageLoadStrategy: normal, platformName: windows, proxy: Proxy(), se:cdp: ws://localhost:51876/devtoo..., se:cdpVersion: 134.0.6998.178, setWindowRect: true, strictFileInteractability: false, timeouts: {implicit: 0, pageLoad: 300000, script: 30000}, unhandledPromptBehavior: dismiss and notify, webauthn:extension:credBlob: true, webauthn:extension:largeBlob: true, webauthn:extension:minPinLength: true, webauthn:extension:prf: true, webauthn:virtualAuthenticators: true}
Session ID: 51acfd5448903a297bf4946b0b0b9bf3
2025-04-01 08:46:58 [main] INFO  l.i.u.t.SubmittedApplicationsPageTest - Marking 'Ne' radio button 3
2025-04-01 08:47:08 [main] ERROR l.i.u.p.SubmittedApplicationsPage - Error selecting radio button: Expected condition failed: waiting for element to be clickable: By.xpath: (//input[@type='radio' and @value='false'])[11] (tried for 10 second(s) with 500 milliseconds interval)
Build info: version: '4.27.0', revision: 'd6e718d134'
System info: os.name: 'Windows 11', os.arch: 'amd64', os.version: '10.0', java.version: '21.0.3'
Driver info: org.openqa.selenium.chrome.ChromeDriver
Capabilities {acceptInsecureCerts: false, browserName: chrome, browserVersion: 134.0.6998.178, chrome: {chromedriverVersion: 134.0.6998.165 (fd886e2cb29..., userDataDir: C:\Users\INGRID~1.ZAD\AppDa...}, fedcm:accounts: true, goog:chromeOptions: {debuggerAddress: localhost:51876}, networkConnectionEnabled: false, pageLoadStrategy: normal, platformName: windows, proxy: Proxy(), se:cdp: ws://localhost:51876/devtoo..., se:cdpVersion: 134.0.6998.178, setWindowRect: true, strictFileInteractability: false, timeouts: {implicit: 0, pageLoad: 300000, script: 30000}, unhandledPromptBehavior: dismiss and notify, webauthn:extension:credBlob: true, webauthn:extension:largeBlob: true, webauthn:extension:minPinLength: true, webauthn:extension:prf: true, webauthn:virtualAuthenticators: true}
Session ID: 51acfd5448903a297bf4946b0b0b9bf3
2025-04-01 08:47:08 [main] INFO  l.i.u.t.SubmittedApplicationsPageTest - Marking 'Ne' radio button 4
2025-04-01 08:47:18 [main] ERROR l.i.u.p.SubmittedApplicationsPage - Error selecting radio button: Expected condition failed: waiting for element to be clickable: By.xpath: (//input[@type='radio' and @value='false'])[12] (tried for 10 second(s) with 500 milliseconds interval)
Build info: version: '4.27.0', revision: 'd6e718d134'
System info: os.name: 'Windows 11', os.arch: 'amd64', os.version: '10.0', java.version: '21.0.3'
Driver info: org.openqa.selenium.chrome.ChromeDriver
Capabilities {acceptInsecureCerts: false, browserName: chrome, browserVersion: 134.0.6998.178, chrome: {chromedriverVersion: 134.0.6998.165 (fd886e2cb29..., userDataDir: C:\Users\INGRID~1.ZAD\AppDa...}, fedcm:accounts: true, goog:chromeOptions: {debuggerAddress: localhost:51876}, networkConnectionEnabled: false, pageLoadStrategy: normal, platformName: windows, proxy: Proxy(), se:cdp: ws://localhost:51876/devtoo..., se:cdpVersion: 134.0.6998.178, setWindowRect: true, strictFileInteractability: false, timeouts: {implicit: 0, pageLoad: 300000, script: 30000}, unhandledPromptBehavior: dismiss and notify, webauthn:extension:credBlob: true, webauthn:extension:largeBlob: true, webauthn:extension:minPinLength: true, webauthn:extension:prf: true, webauthn:virtualAuthenticators: true}
Session ID: 51acfd5448903a297bf4946b0b0b9bf3
2025-04-01 08:47:18 [main] INFO  l.i.u.t.SubmittedApplicationsPageTest - Marking 'Ne' radio button 5
2025-04-01 08:47:28 [main] ERROR l.i.u.p.SubmittedApplicationsPage - Error selecting radio button: Expected condition failed: waiting for element to be clickable: By.xpath: (//input[@type='radio' and @value='false'])[13] (tried for 10 second(s) with 500 milliseconds interval)
Build info: version: '4.27.0', revision: 'd6e718d134'
System info: os.name: 'Windows 11', os.arch: 'amd64', os.version: '10.0', java.version: '21.0.3'
Driver info: org.openqa.selenium.chrome.ChromeDriver
Capabilities {acceptInsecureCerts: false, browserName: chrome, browserVersion: 134.0.6998.178, chrome: {chromedriverVersion: 134.0.6998.165 (fd886e2cb29..., userDataDir: C:\Users\INGRID~1.ZAD\AppDa...}, fedcm:accounts: true, goog:chromeOptions: {debuggerAddress: localhost:51876}, networkConnectionEnabled: false, pageLoadStrategy: normal, platformName: windows, proxy: Proxy(), se:cdp: ws://localhost:51876/devtoo..., se:cdpVersion: 134.0.6998.178, setWindowRect: true, strictFileInteractability: false, timeouts: {implicit: 0, pageLoad: 300000, script: 30000}, unhandledPromptBehavior: dismiss and notify, webauthn:extension:credBlob: true, webauthn:extension:largeBlob: true, webauthn:extension:minPinLength: true, webauthn:extension:prf: true, webauthn:virtualAuthenticators: true}
Session ID: 51acfd5448903a297bf4946b0b0b9bf3
2025-04-01 08:47:28 [main] INFO  l.i.u.t.SubmittedApplicationsPageTest - Marking 'Ne' radio button 6
2025-04-01 08:47:38 [main] ERROR l.i.u.p.SubmittedApplicationsPage - Error selecting radio button: Expected condition failed: waiting for element to be clickable: By.xpath: (//input[@type='radio' and @value='true'])[14] (tried for 10 second(s) with 500 milliseconds interval)
Build info: version: '4.27.0', revision: 'd6e718d134'
System info: os.name: 'Windows 11', os.arch: 'amd64', os.version: '10.0', java.version: '21.0.3'
Driver info: org.openqa.selenium.chrome.ChromeDriver
Capabilities {acceptInsecureCerts: false, browserName: chrome, browserVersion: 134.0.6998.178, chrome: {chromedriverVersion: 134.0.6998.165 (fd886e2cb29..., userDataDir: C:\Users\INGRID~1.ZAD\AppDa...}, fedcm:accounts: true, goog:chromeOptions: {debuggerAddress: localhost:51876}, networkConnectionEnabled: false, pageLoadStrategy: normal, platformName: windows, proxy: Proxy(), se:cdp: ws://localhost:51876/devtoo..., se:cdpVersion: 134.0.6998.178, setWindowRect: true, strictFileInteractability: false, timeouts: {implicit: 0, pageLoad: 300000, script: 30000}, unhandledPromptBehavior: dismiss and notify, webauthn:extension:credBlob: true, webauthn:extension:largeBlob: true, webauthn:extension:minPinLength: true, webauthn:extension:prf: true, webauthn:virtualAuthenticators: true}
Session ID: 51acfd5448903a297bf4946b0b0b9bf3
2025-04-01 08:47:38 [main] INFO  l.i.u.t.SubmittedApplicationsPageTest - Marking 'Taip' radio button 7
2025-04-01 08:47:48 [main] ERROR l.i.u.p.SubmittedApplicationsPage - Error selecting radio button: Expected condition failed: waiting for element to be clickable: By.xpath: (//input[@type='radio' and @value='true'])[15] (tried for 10 second(s) with 500 milliseconds interval)
Build info: version: '4.27.0', revision: 'd6e718d134'
System info: os.name: 'Windows 11', os.arch: 'amd64', os.version: '10.0', java.version: '21.0.3'
Driver info: org.openqa.selenium.chrome.ChromeDriver
Capabilities {acceptInsecureCerts: false, browserName: chrome, browserVersion: 134.0.6998.178, chrome: {chromedriverVersion: 134.0.6998.165 (fd886e2cb29..., userDataDir: C:\Users\INGRID~1.ZAD\AppDa...}, fedcm:accounts: true, goog:chromeOptions: {debuggerAddress: localhost:51876}, networkConnectionEnabled: false, pageLoadStrategy: normal, platformName: windows, proxy: Proxy(), se:cdp: ws://localhost:51876/devtoo..., se:cdpVersion: 134.0.6998.178, setWindowRect: true, strictFileInteractability: false, timeouts: {implicit: 0, pageLoad: 300000, script: 30000}, unhandledPromptBehavior: dismiss and notify, webauthn:extension:credBlob: true, webauthn:extension:largeBlob: true, webauthn:extension:minPinLength: true, webauthn:extension:prf: true, webauthn:virtualAuthenticators: true}
Session ID: 51acfd5448903a297bf4946b0b0b9bf3
2025-04-01 08:47:48 [main] INFO  l.i.u.t.SubmittedApplicationsPageTest - Marking 'Taip' radio button 8
2025-04-01 08:47:58 [main] ERROR l.i.u.p.SubmittedApplicationsPage - Error selecting radio button: Expected condition failed: waiting for element to be clickable: By.xpath: (//input[@type='radio' and @value='true'])[16] (tried for 10 second(s) with 500 milliseconds interval)
Build info: version: '4.27.0', revision: 'd6e718d134'
System info: os.name: 'Windows 11', os.arch: 'amd64', os.version: '10.0', java.version: '21.0.3'
Driver info: org.openqa.selenium.chrome.ChromeDriver
Capabilities {acceptInsecureCerts: false, browserName: chrome, browserVersion: 134.0.6998.178, chrome: {chromedriverVersion: 134.0.6998.165 (fd886e2cb29..., userDataDir: C:\Users\INGRID~1.ZAD\AppDa...}, fedcm:accounts: true, goog:chromeOptions: {debuggerAddress: localhost:51876}, networkConnectionEnabled: false, pageLoadStrategy: normal, platformName: windows, proxy: Proxy(), se:cdp: ws://localhost:51876/devtoo..., se:cdpVersion: 134.0.6998.178, setWindowRect: true, strictFileInteractability: false, timeouts: {implicit: 0, pageLoad: 300000, script: 30000}, unhandledPromptBehavior: dismiss and notify, webauthn:extension:credBlob: true, webauthn:extension:largeBlob: true, webauthn:extension:minPinLength: true, webauthn:extension:prf: true, webauthn:virtualAuthenticators: true}
Session ID: 51acfd5448903a297bf4946b0b0b9bf3
2025-04-01 08:47:58 [main] INFO  l.i.u.t.SubmittedApplicationsPageTest - Marking 'Taip' radio button 9
2025-04-01 08:48:08 [main] ERROR l.i.u.p.SubmittedApplicationsPage - Error selecting radio button: Expected condition failed: waiting for element to be clickable: By.xpath: (//input[@type='radio' and @value='true'])[17] (tried for 10 second(s) with 500 milliseconds interval)
Build info: version: '4.27.0', revision: 'd6e718d134'
System info: os.name: 'Windows 11', os.arch: 'amd64', os.version: '10.0', java.version: '21.0.3'
Driver info: org.openqa.selenium.chrome.ChromeDriver
Capabilities {acceptInsecureCerts: false, browserName: chrome, browserVersion: 134.0.6998.178, chrome: {chromedriverVersion: 134.0.6998.165 (fd886e2cb29..., userDataDir: C:\Users\INGRID~1.ZAD\AppDa...}, fedcm:accounts: true, goog:chromeOptions: {debuggerAddress: localhost:51876}, networkConnectionEnabled: false, pageLoadStrategy: normal, platformName: windows, proxy: Proxy(), se:cdp: ws://localhost:51876/devtoo..., se:cdpVersion: 134.0.6998.178, setWindowRect: true, strictFileInteractability: false, timeouts: {implicit: 0, pageLoad: 300000, script: 30000}, unhandledPromptBehavior: dismiss and notify, webauthn:extension:credBlob: true, webauthn:extension:largeBlob: true, webauthn:extension:minPinLength: true, webauthn:extension:prf: true, webauthn:virtualAuthenticators: true}
Session ID: 51acfd5448903a297bf4946b0b0b9bf3
2025-04-01 08:48:08 [main] INFO  l.i.u.t.SubmittedApplicationsPageTest - Marking 'Taip' radio button 10
2025-04-01 08:48:18 [main] ERROR l.i.u.p.SubmittedApplicationsPage - Error selecting radio button: Expected condition failed: waiting for element to be clickable: By.xpath: (//input[@type='radio' and @value='true'])[18] (tried for 10 second(s) with 500 milliseconds interval)
Build info: version: '4.27.0', revision: 'd6e718d134'
System info: os.name: 'Windows 11', os.arch: 'amd64', os.version: '10.0', java.version: '21.0.3'
Driver info: org.openqa.selenium.chrome.ChromeDriver
Capabilities {acceptInsecureCerts: false, browserName: chrome, browserVersion: 134.0.6998.178, chrome: {chromedriverVersion: 134.0.6998.165 (fd886e2cb29..., userDataDir: C:\Users\INGRID~1.ZAD\AppDa...}, fedcm:accounts: true, goog:chromeOptions: {debuggerAddress: localhost:51876}, networkConnectionEnabled: false, pageLoadStrategy: normal, platformName: windows, proxy: Proxy(), se:cdp: ws://localhost:51876/devtoo..., se:cdpVersion: 134.0.6998.178, setWindowRect: true, strictFileInteractability: false, timeouts: {implicit: 0, pageLoad: 300000, script: 30000}, unhandledPromptBehavior: dismiss and notify, webauthn:extension:credBlob: true, webauthn:extension:largeBlob: true, webauthn:extension:minPinLength: true, webauthn:extension:prf: true, webauthn:virtualAuthenticators: true}
Session ID: 51acfd5448903a297bf4946b0b0b9bf3
2025-04-01 08:48:18 [main] INFO  l.i.u.t.SubmittedApplicationsPageTest - Marking 'Taip' radio button 11
2025-04-01 08:48:28 [main] ERROR l.i.u.p.SubmittedApplicationsPage - Error selecting radio button: Expected condition failed: waiting for element to be clickable: By.xpath: (//input[@type='radio' and @value='true'])[19] (tried for 10 second(s) with 500 milliseconds interval)
Build info: version: '4.27.0', revision: 'd6e718d134'
System info: os.name: 'Windows 11', os.arch: 'amd64', os.version: '10.0', java.version: '21.0.3'
Driver info: org.openqa.selenium.chrome.ChromeDriver
Capabilities {acceptInsecureCerts: false, browserName: chrome, browserVersion: 134.0.6998.178, chrome: {chromedriverVersion: 134.0.6998.165 (fd886e2cb29..., userDataDir: C:\Users\INGRID~1.ZAD\AppDa...}, fedcm:accounts: true, goog:chromeOptions: {debuggerAddress: localhost:51876}, networkConnectionEnabled: false, pageLoadStrategy: normal, platformName: windows, proxy: Proxy(), se:cdp: ws://localhost:51876/devtoo..., se:cdpVersion: 134.0.6998.178, setWindowRect: true, strictFileInteractability: false, timeouts: {implicit: 0, pageLoad: 300000, script: 30000}, unhandledPromptBehavior: dismiss and notify, webauthn:extension:credBlob: true, webauthn:extension:largeBlob: true, webauthn:extension:minPinLength: true, webauthn:extension:prf: true, webauthn:virtualAuthenticators: true}
Session ID: 51acfd5448903a297bf4946b0b0b9bf3
2025-04-01 08:48:28 [main] INFO  l.i.u.t.SubmittedApplicationsPageTest - Marking 'Taip' radio button 12
2025-04-01 08:48:38 [main] DEBUG l.i.u.t.SubmittedApplicationsPageTest - Checked 'ConfirmationStepFour'
2025-04-01 08:48:39 [main] DEBUG l.i.u.t.SubmittedApplicationsPageTest - Clicked 'Next' button after checkboxes.
2025-04-01 08:48:39 [main] INFO  l.i.u.p.SubmittedApplicationsPage - File uploaded successfully to an input element.
2025-04-01 08:48:39 [main] INFO  l.i.u.p.SubmittedApplicationsPage - File uploaded successfully to an input element.
2025-04-01 08:48:39 [main] INFO  l.i.u.p.SubmittedApplicationsPage - File uploaded successfully to an input element.
2025-04-01 08:48:39 [main] INFO  l.i.u.p.SubmittedApplicationsPage - File uploaded successfully to an input element.
2025-04-01 08:48:39 [main] INFO  l.i.u.p.SubmittedApplicationsPage - File uploaded successfully to an input element.
2025-04-01 08:48:39 [main] INFO  l.i.u.p.SubmittedApplicationsPage - File uploaded successfully to an input element.
2025-04-01 08:48:39 [main] INFO  l.i.u.p.SubmittedApplicationsPage - File uploaded successfully to an input element.
2025-04-01 08:48:39 [main] INFO  l.i.u.p.SubmittedApplicationsPage - File uploaded successfully to an input element.
2025-04-01 08:48:39 [main] INFO  l.i.u.p.SubmittedApplicationsPage - File uploaded successfully to an input element.
2025-04-01 08:48:39 [main] INFO  l.i.u.p.SubmittedApplicationsPage - File uploaded successfully to an input element.
2025-04-01 08:48:39 [main] DEBUG l.i.u.t.SubmittedApplicationsPageTest - Entered program name: 'Dokumentas 1'.
2025-04-01 08:48:39 [main] DEBUG l.i.u.t.SubmittedApplicationsPageTest - Entered program name: 'Dokumentas 2'.
2025-04-01 08:48:40 [main] DEBUG l.i.u.t.SubmittedApplicationsPageTest - Entered program name: 'Dokumentas 3'.
2025-04-01 08:48:40 [main] DEBUG l.i.u.t.SubmittedApplicationsPageTest - Entered program name: 'Dokumentas 4'.
2025-04-01 08:48:40 [main] DEBUG l.i.u.t.SubmittedApplicationsPageTest - Entered program name: 'Dokumentas 5'.
2025-04-01 08:48:40 [main] DEBUG l.i.u.t.SubmittedApplicationsPageTest - Entered program name: 'Dokumentas 6'.
2025-04-01 08:48:40 [main] DEBUG l.i.u.t.SubmittedApplicationsPageTest - Entered program name: 'Dokumentas 4'.
2025-04-01 08:48:40 [main] DEBUG l.i.u.t.SubmittedApplicationsPageTest - Entered program name: 'Dokumentas 8'.
2025-04-01 08:48:40 [main] DEBUG l.i.u.t.SubmittedApplicationsPageTest - Entered program name: 'Dokumentas 9'.
2025-04-01 08:48:41 [main] DEBUG l.i.u.t.SubmittedApplicationsPageTest - Entered program name: 'Dokumentas 10'.
2025-04-01 08:48:51 [main] DEBUG l.i.u.t.SubmittedApplicationsPageTest - Checked 'ConfirmationDocument'
2025-04-01 08:49:01 [main] DEBUG l.i.u.t.SubmittedApplicationsPageTest - Checked 'ConfirmationApplication'
2025-04-01 08:49:01 [main] DEBUG l.i.u.t.SubmittedApplicationsPageTest - Clicked 'SaveDraft' button after checkboxes.
2025-04-01 08:49:01 [main] DEBUG l.i.uztis.pages.ApplicationFormsPage - Verified success message: 'Ruošinys sėkmingai išsaugotas.'
2025-04-01 08:49:01 [main] INFO  l.i.u.t.SubmittedApplicationsPageTest - Verified success message
2025-04-01 08:49:01 [main] DEBUG l.i.u.t.SubmittedApplicationsPageTest - Clicked 'Review' button after checkboxes.
2025-04-01 08:49:03 [main] DEBUG l.i.u.t.SubmittedApplicationsPageTest - Clicked 'Submit' button after checkboxes.
2025-04-01 08:49:03 [main] DEBUG l.i.u.t.SubmittedApplicationsPageTest - Clicked 'SubmitConfirmation' button after checkboxes.
2025-04-01 08:49:03 [main] ERROR l.i.uztis.pages.ApplicationFormsPage - Failed to verify the success message: 'Paraiška sėkmingai pateikta ir užregistruota.'. Available messages: [Ruošinys sėkmingai išsaugotas.]
2025-04-01 08:49:03 [main] INFO  l.i.u.t.SubmittedApplicationsPageTest - Test 'testFillNewVUIApplicationFA' completed successfully.
2025-04-01 09:00:38 [main] INFO  lt.insoft.uztis.tests.UztisPageTest - Navigated to https://uztisdev.asseco.lt/home
2025-04-01 09:00:38 [main] INFO  l.i.u.t.SubmittedApplicationsPageTest - Starting test:'testFillNewDVPApplicationFA'
2025-04-01 09:00:38 [main] DEBUG l.i.u.t.SubmittedApplicationsPageTest - User logged in with test credentials.
2025-04-01 09:00:39 [main] DEBUG l.i.u.t.SubmittedApplicationsPageTest - Opened 'Application Processing' menu.
2025-04-01 09:00:39 [main] DEBUG l.i.u.t.SubmittedApplicationsPageTest - Clicked on 'Application Forms' menu.
2025-04-01 09:00:39 [main] DEBUG l.i.u.t.SubmittedApplicationsPageTest - Retrieved last description code text: 'TST-DVP-58'.
2025-04-01 09:00:39 [main] DEBUG l.i.u.t.SubmittedApplicationsPageTest - Clicked on 'Invitation' menu.
2025-04-01 09:00:40 [main] DEBUG l.i.u.t.SubmittedApplicationsPageTest - Selected application section by code: 'TST-DVP-58'.
2025-04-01 09:00:40 [main] DEBUG l.i.u.t.SubmittedApplicationsPageTest - Clicked 'Search' button.
2025-04-01 09:00:40 [main] DEBUG l.i.u.t.SubmittedApplicationsPageTest - Retrieved invitation code: ''.
2025-04-01 09:00:40 [main] DEBUG l.i.u.t.SubmittedApplicationsPageTest - Clicked on 'Submitted Applications' menu.
2025-04-01 09:00:42 [main] DEBUG l.i.u.t.SubmittedApplicationsPageTest - Selected invitation by code: 'TST-DVP-58'.
2025-04-01 09:00:42 [main] DEBUG l.i.u.t.SubmittedApplicationsPageTest - Invitation code inserted.
2025-04-01 09:00:42 [main] DEBUG l.i.u.t.SubmittedApplicationsPageTest - Clicked on 'Action Application' button.
2025-04-01 09:00:42 [main] DEBUG l.i.u.t.SubmittedApplicationsPageTest - Clicked on 'New Application' button.
2025-04-01 09:00:43 [main] DEBUG l.i.u.t.SubmittedApplicationsPageTest - Selected the 'RadioButtonFA' option.
2025-04-01 09:00:43 [main] DEBUG l.i.u.t.SubmittedApplicationsPageTest - Entered phone number: '61298745'.
2025-04-01 09:00:43 [main] DEBUG l.i.u.t.SubmittedApplicationsPageTest - Entered email: 'test@autotest.com'.
2025-04-01 09:00:43 [main] DEBUG l.i.u.t.SubmittedApplicationsPageTest - Checked 'For workplace adaptation' checkbox 1.
2025-04-01 09:00:43 [main] DEBUG l.i.u.t.SubmittedApplicationsPageTest - Checked 'For environmental adaptation' checkbox 2.
2025-04-01 09:00:43 [main] INFO  l.i.u.p.SubmittedApplicationsPage - Located the dropdown button.
2025-04-01 09:01:01 [main] INFO  l.i.u.p.SubmittedApplicationsPage - Found 1741 options in the dropdown.
2025-04-01 09:01:01 [main] INFO  l.i.u.p.SubmittedApplicationsPage - Successfully selected the value: '01.11 - Grūdinių (išskyrus ryžius), ankštinių ir aliejingų sėklų augalų auginimas'
2025-04-01 09:01:12 [main] ERROR l.i.u.p.SubmittedApplicationsPage - Failed to close the dropdown with aria-expanded = 'false'. Attempting manual close.
2025-04-01 09:01:12 [main] INFO  l.i.u.p.SubmittedApplicationsPage - Manual close attempt for the dropdown using body click.
2025-04-01 09:01:12 [main] DEBUG l.i.u.t.SubmittedApplicationsPageTest - Selected EVRK value: '01.11 - Grūdinių (išskyrus ryžius), ankštinių ir aliejingų sėklų augalų auginimas'.
2025-04-01 09:01:12 [main] DEBUG l.i.u.t.SubmittedApplicationsPageTest - Clicked on 'Address Component' button.
2025-04-01 09:01:12 [main] INFO  l.i.u.p.SubmittedApplicationsPage - Located the dropdown button.
2025-04-01 09:01:12 [main] WARN  l.i.u.p.SubmittedApplicationsPage - Dropdown value 'Lietuva' not found.
2025-04-01 09:01:42 [main] ERROR l.i.u.p.SubmittedApplicationsPage - Timeout while waiting for dropdown to close with aria-expanded = 'false'.
2025-04-01 09:01:42 [main] DEBUG l.i.u.t.SubmittedApplicationsPageTest - Selected country: 'Lietuva'.
2025-04-01 09:01:42 [main] INFO  l.i.u.p.SubmittedApplicationsPage - Located the dropdown search field.
2025-04-01 09:01:44 [main] ERROR l.i.u.p.SubmittedApplicationsPage - Dropdown city click failed: element click intercepted: Element <mat-form-field class="mat-mdc-form-field mat-mdc-form-field-type-common-text-input mat-mdc-form-field-has-icon-prefix mat-mdc-form-field-has-icon-suffix mat-form-field-appearance-outline mat-form-field-hide-placeholder mat-primary ng-untouched ng-pristine ng-invalid mat-form-field-animations-enabled" style="--mat-form-field-notch-max-width: calc(100% - 6.40008544921875px);">...</mat-form-field> is not clickable at point (960, 449). Other element would receive the click: <mat-option role="option" class="mat-mdc-option mdc-list-item mat-mdc-option-active" id="mat-option-1040" aria-selected="false" aria-disabled="false">...</mat-option>
  (Session info: chrome=134.0.6998.178)
Build info: version: '4.27.0', revision: 'd6e718d134'
System info: os.name: 'Windows 11', os.arch: 'amd64', os.version: '10.0', java.version: '21.0.3'
Driver info: org.openqa.selenium.chrome.ChromeDriver
Command: [2f995a7843c1351507088a7a9d1d8691, clickElement {id=f.9A076CC6BC67667BE39DF83F46137709.d.95CE850004B181BA40189D5FA6B16340.e.2066}]
Capabilities {acceptInsecureCerts: false, browserName: chrome, browserVersion: 134.0.6998.178, chrome: {chromedriverVersion: 134.0.6998.165 (fd886e2cb29..., userDataDir: C:\Users\INGRID~1.ZAD\AppDa...}, fedcm:accounts: true, goog:chromeOptions: {debuggerAddress: localhost:52448}, networkConnectionEnabled: false, pageLoadStrategy: normal, platformName: windows, proxy: Proxy(), se:cdp: ws://localhost:52448/devtoo..., se:cdpVersion: 134.0.6998.178, setWindowRect: true, strictFileInteractability: false, timeouts: {implicit: 0, pageLoad: 300000, script: 30000}, unhandledPromptBehavior: dismiss and notify, webauthn:extension:credBlob: true, webauthn:extension:largeBlob: true, webauthn:extension:minPinLength: true, webauthn:extension:prf: true, webauthn:virtualAuthenticators: true}
Element: [[ChromeDriver: chrome on windows (2f995a7843c1351507088a7a9d1d8691)] -> xpath: //mat-label[contains(text(), 'Miestas')]/ancestor::mat-form-field]
Session ID: 2f995a7843c1351507088a7a9d1d8691
2025-04-01 09:01:54 [main] ERROR l.i.u.t.SubmittedApplicationsPageTest - Test 'testFillNewDVPApplicationFA' failed with error: Test failed: no such element: Unable to locate element: {"method":"xpath","selector":"//mat-option[@aria-selected='true']//span[contains(@class, 'area-center')]"}
  (Session info: chrome=134.0.6998.178)
For documentation on this error, please visit: https://www.selenium.dev/documentation/webdriver/troubleshooting/errors#no-such-element-exception
Build info: version: '4.27.0', revision: 'd6e718d134'
System info: os.name: 'Windows 11', os.arch: 'amd64', os.version: '10.0', java.version: '21.0.3'
Driver info: org.openqa.selenium.chrome.ChromeDriver
Command: [2f995a7843c1351507088a7a9d1d8691, findElement {value=//mat-option[@aria-selected='true']//span[contains(@class, 'area-center')], using=xpath}]
Capabilities {acceptInsecureCerts: false, browserName: chrome, browserVersion: 134.0.6998.178, chrome: {chromedriverVersion: 134.0.6998.165 (fd886e2cb29..., userDataDir: C:\Users\INGRID~1.ZAD\AppDa...}, fedcm:accounts: true, goog:chromeOptions: {debuggerAddress: localhost:52448}, networkConnectionEnabled: false, pageLoadStrategy: normal, platformName: windows, proxy: Proxy(), se:cdp: ws://localhost:52448/devtoo..., se:cdpVersion: 134.0.6998.178, setWindowRect: true, strictFileInteractability: false, timeouts: {implicit: 0, pageLoad: 300000, script: 30000}, unhandledPromptBehavior: dismiss and notify, webauthn:extension:credBlob: true, webauthn:extension:largeBlob: true, webauthn:extension:minPinLength: true, webauthn:extension:prf: true, webauthn:virtualAuthenticators: true}
Session ID: 2f995a7843c1351507088a7a9d1d8691
java.lang.AssertionError: Test failed: no such element: Unable to locate element: {"method":"xpath","selector":"//mat-option[@aria-selected='true']//span[contains(@class, 'area-center')]"}
  (Session info: chrome=134.0.6998.178)
For documentation on this error, please visit: https://www.selenium.dev/documentation/webdriver/troubleshooting/errors#no-such-element-exception
Build info: version: '4.27.0', revision: 'd6e718d134'
System info: os.name: 'Windows 11', os.arch: 'amd64', os.version: '10.0', java.version: '21.0.3'
Driver info: org.openqa.selenium.chrome.ChromeDriver
Command: [2f995a7843c1351507088a7a9d1d8691, findElement {value=//mat-option[@aria-selected='true']//span[contains(@class, 'area-center')], using=xpath}]
Capabilities {acceptInsecureCerts: false, browserName: chrome, browserVersion: 134.0.6998.178, chrome: {chromedriverVersion: 134.0.6998.165 (fd886e2cb29..., userDataDir: C:\Users\INGRID~1.ZAD\AppDa...}, fedcm:accounts: true, goog:chromeOptions: {debuggerAddress: localhost:52448}, networkConnectionEnabled: false, pageLoadStrategy: normal, platformName: windows, proxy: Proxy(), se:cdp: ws://localhost:52448/devtoo..., se:cdpVersion: 134.0.6998.178, setWindowRect: true, strictFileInteractability: false, timeouts: {implicit: 0, pageLoad: 300000, script: 30000}, unhandledPromptBehavior: dismiss and notify, webauthn:extension:credBlob: true, webauthn:extension:largeBlob: true, webauthn:extension:minPinLength: true, webauthn:extension:prf: true, webauthn:virtualAuthenticators: true}
Session ID: 2f995a7843c1351507088a7a9d1d8691
	at org.testng.Assert.fail(Assert.java:110)
	at lt.insoft.uztis.tests.SubmittedApplicationsPageTest.testFillNewDVPApplicationFA(SubmittedApplicationsPageTest.java:640)
	at java.base/jdk.internal.reflect.DirectMethodHandleAccessor.invoke(DirectMethodHandleAccessor.java:103)
	at java.base/java.lang.reflect.Method.invoke(Method.java:580)
	at org.junit.platform.commons.util.ReflectionUtils.invokeMethod(ReflectionUtils.java:728)
	at org.junit.jupiter.engine.execution.MethodInvocation.proceed(MethodInvocation.java:60)
	at org.junit.jupiter.engine.execution.InvocationInterceptorChain$ValidatingInvocation.proceed(InvocationInterceptorChain.java:131)
	at org.junit.jupiter.engine.extension.TimeoutExtension.intercept(TimeoutExtension.java:156)
	at org.junit.jupiter.engine.extension.TimeoutExtension.interceptTestableMethod(TimeoutExtension.java:147)
	at org.junit.jupiter.engine.extension.TimeoutExtension.interceptTestMethod(TimeoutExtension.java:86)
	at org.junit.jupiter.engine.execution.InterceptingExecutableInvoker$ReflectiveInterceptorCall.lambda$ofVoidMethod$0(InterceptingExecutableInvoker.java:103)
	at org.junit.jupiter.engine.execution.InterceptingExecutableInvoker.lambda$invoke$0(InterceptingExecutableInvoker.java:93)
	at org.junit.jupiter.engine.execution.InvocationInterceptorChain$InterceptedInvocation.proceed(InvocationInterceptorChain.java:106)
	at org.junit.jupiter.engine.execution.InvocationInterceptorChain.proceed(InvocationInterceptorChain.java:64)
	at org.junit.jupiter.engine.execution.InvocationInterceptorChain.chainAndInvoke(InvocationInterceptorChain.java:45)
	at org.junit.jupiter.engine.execution.InvocationInterceptorChain.invoke(InvocationInterceptorChain.java:37)
	at org.junit.jupiter.engine.execution.InterceptingExecutableInvoker.invoke(InterceptingExecutableInvoker.java:92)
	at org.junit.jupiter.engine.execution.InterceptingExecutableInvoker.invoke(InterceptingExecutableInvoker.java:86)
	at org.junit.jupiter.engine.descriptor.TestMethodTestDescriptor.lambda$invokeTestMethod$7(TestMethodTestDescriptor.java:218)
	at org.junit.platform.engine.support.hierarchical.ThrowableCollector.execute(ThrowableCollector.java:73)
	at org.junit.jupiter.engine.descriptor.TestMethodTestDescriptor.invokeTestMethod(TestMethodTestDescriptor.java:214)
	at org.junit.jupiter.engine.descriptor.TestMethodTestDescriptor.execute(TestMethodTestDescriptor.java:139)
	at org.junit.jupiter.engine.descriptor.TestMethodTestDescriptor.execute(TestMethodTestDescriptor.java:69)
	at org.junit.platform.engine.support.hierarchical.NodeTestTask.lambda$executeRecursively$6(NodeTestTask.java:151)
	at org.junit.platform.engine.support.hierarchical.ThrowableCollector.execute(ThrowableCollector.java:73)
	at org.junit.platform.engine.support.hierarchical.NodeTestTask.lambda$executeRecursively$8(NodeTestTask.java:141)
	at org.junit.platform.engine.support.hierarchical.Node.around(Node.java:137)
	at org.junit.platform.engine.support.hierarchical.NodeTestTask.lambda$executeRecursively$9(NodeTestTask.java:139)
	at org.junit.platform.engine.support.hierarchical.ThrowableCollector.execute(ThrowableCollector.java:73)
	at org.junit.platform.engine.support.hierarchical.NodeTestTask.executeRecursively(NodeTestTask.java:138)
	at org.junit.platform.engine.support.hierarchical.NodeTestTask.execute(NodeTestTask.java:95)
	at java.base/java.util.ArrayList.forEach(ArrayList.java:1596)
	at org.junit.platform.engine.support.hierarchical.SameThreadHierarchicalTestExecutorService.invokeAll(SameThreadHierarchicalTestExecutorService.java:41)
	at org.junit.platform.engine.support.hierarchical.NodeTestTask.lambda$executeRecursively$6(NodeTestTask.java:155)
	at org.junit.platform.engine.support.hierarchical.ThrowableCollector.execute(ThrowableCollector.java:73)
	at org.junit.platform.engine.support.hierarchical.NodeTestTask.lambda$executeRecursively$8(NodeTestTask.java:141)
	at org.junit.platform.engine.support.hierarchical.Node.around(Node.java:137)
	at org.junit.platform.engine.support.hierarchical.NodeTestTask.lambda$executeRecursively$9(NodeTestTask.java:139)
	at org.junit.platform.engine.support.hierarchical.ThrowableCollector.execute(ThrowableCollector.java:73)
	at org.junit.platform.engine.support.hierarchical.NodeTestTask.executeRecursively(NodeTestTask.java:138)
	at org.junit.platform.engine.support.hierarchical.NodeTestTask.execute(NodeTestTask.java:95)
	at java.base/java.util.ArrayList.forEach(ArrayList.java:1596)
	at org.junit.platform.engine.support.hierarchical.SameThreadHierarchicalTestExecutorService.invokeAll(SameThreadHierarchicalTestExecutorService.java:41)
	at org.junit.platform.engine.support.hierarchical.NodeTestTask.lambda$executeRecursively$6(NodeTestTask.java:155)
	at org.junit.platform.engine.support.hierarchical.ThrowableCollector.execute(ThrowableCollector.java:73)
	at org.junit.platform.engine.support.hierarchical.NodeTestTask.lambda$executeRecursively$8(NodeTestTask.java:141)
	at org.junit.platform.engine.support.hierarchical.Node.around(Node.java:137)
	at org.junit.platform.engine.support.hierarchical.NodeTestTask.lambda$executeRecursively$9(NodeTestTask.java:139)
	at org.junit.platform.engine.support.hierarchical.ThrowableCollector.execute(ThrowableCollector.java:73)
	at org.junit.platform.engine.support.hierarchical.NodeTestTask.executeRecursively(NodeTestTask.java:138)
	at org.junit.platform.engine.support.hierarchical.NodeTestTask.execute(NodeTestTask.java:95)
	at org.junit.platform.engine.support.hierarchical.SameThreadHierarchicalTestExecutorService.submit(SameThreadHierarchicalTestExecutorService.java:35)
	at org.junit.platform.engine.support.hierarchical.HierarchicalTestExecutor.execute(HierarchicalTestExecutor.java:57)
	at org.junit.platform.engine.support.hierarchical.HierarchicalTestEngine.execute(HierarchicalTestEngine.java:54)
	at org.junit.platform.launcher.core.EngineExecutionOrchestrator.execute(EngineExecutionOrchestrator.java:198)
	at org.junit.platform.launcher.core.EngineExecutionOrchestrator.execute(EngineExecutionOrchestrator.java:169)
	at org.junit.platform.launcher.core.EngineExecutionOrchestrator.execute(EngineExecutionOrchestrator.java:93)
	at org.junit.platform.launcher.core.EngineExecutionOrchestrator.lambda$execute$0(EngineExecutionOrchestrator.java:58)
	at org.junit.platform.launcher.core.EngineExecutionOrchestrator.withInterceptedStreams(EngineExecutionOrchestrator.java:141)
	at org.junit.platform.launcher.core.EngineExecutionOrchestrator.execute(EngineExecutionOrchestrator.java:57)
	at org.junit.platform.launcher.core.DefaultLauncher.execute(DefaultLauncher.java:103)
	at org.junit.platform.launcher.core.DefaultLauncher.execute(DefaultLauncher.java:85)
	at org.junit.platform.launcher.core.DelegatingLauncher.execute(DelegatingLauncher.java:47)
	at org.junit.platform.launcher.core.SessionPerRequestLauncher.execute(SessionPerRequestLauncher.java:63)
	at com.intellij.junit5.JUnit5IdeaTestRunner.startRunnerWithArgs(JUnit5IdeaTestRunner.java:57)
	at com.intellij.rt.junit.IdeaTestRunner$Repeater$1.execute(IdeaTestRunner.java:38)
	at com.intellij.rt.execution.junit.TestsRepeater.repeat(TestsRepeater.java:11)
	at com.intellij.rt.junit.IdeaTestRunner$Repeater.startRunnerWithArgs(IdeaTestRunner.java:35)
	at com.intellij.rt.junit.JUnitStarter.prepareStreamsAndStart(JUnitStarter.java:232)
	at com.intellij.rt.junit.JUnitStarter.main(JUnitStarter.java:55)
2025-04-01 09:01:54 [main] INFO  l.insoft.uztis.tests.utils.TestUtils - Screenshot moved to C:\Users\ingrida.zadorozniene\Desktop\Asm\UZTIS\UZTIS_tests\test-output\screenshots\20250401\090154305_testFillNewDVPApplicationFA().png
2025-04-01 09:02:04 [main] INFO  lt.insoft.uztis.tests.UztisPageTest - Navigated to https://uztisdev.asseco.lt/home
2025-04-01 09:02:04 [main] INFO  l.i.u.t.SubmittedApplicationsPageTest - Starting test:'testFillNewDVPApplicationFA'
2025-04-01 09:02:05 [main] DEBUG l.i.u.t.SubmittedApplicationsPageTest - User logged in with test credentials.
2025-04-01 09:02:05 [main] DEBUG l.i.u.t.SubmittedApplicationsPageTest - Opened 'Application Processing' menu.
2025-04-01 09:02:05 [main] DEBUG l.i.u.t.SubmittedApplicationsPageTest - Clicked on 'Application Forms' menu.
2025-04-01 09:02:06 [main] DEBUG l.i.u.t.SubmittedApplicationsPageTest - Retrieved last description code text: 'TST-DVP-58'.
2025-04-01 09:02:06 [main] DEBUG l.i.u.t.SubmittedApplicationsPageTest - Clicked on 'Invitation' menu.
2025-04-01 09:02:07 [main] DEBUG l.i.u.t.SubmittedApplicationsPageTest - Selected application section by code: 'TST-DVP-58'.
2025-04-01 09:02:07 [main] DEBUG l.i.u.t.SubmittedApplicationsPageTest - Clicked 'Search' button.
2025-04-01 09:02:07 [main] DEBUG l.i.u.t.SubmittedApplicationsPageTest - Retrieved invitation code: ''.
2025-04-01 09:02:07 [main] DEBUG l.i.u.t.SubmittedApplicationsPageTest - Clicked on 'Submitted Applications' menu.
2025-04-01 09:02:08 [main] DEBUG l.i.u.t.SubmittedApplicationsPageTest - Selected invitation by code: 'TST-DVP-58'.
2025-04-01 09:02:08 [main] DEBUG l.i.u.t.SubmittedApplicationsPageTest - Invitation code inserted.
2025-04-01 09:02:09 [main] DEBUG l.i.u.t.SubmittedApplicationsPageTest - Clicked on 'Action Application' button.
2025-04-01 09:02:09 [main] DEBUG l.i.u.t.SubmittedApplicationsPageTest - Clicked on 'New Application' button.
2025-04-01 09:02:09 [main] DEBUG l.i.u.t.SubmittedApplicationsPageTest - Selected the 'RadioButtonFA' option.
2025-04-01 09:02:10 [main] DEBUG l.i.u.t.SubmittedApplicationsPageTest - Entered phone number: '61298745'.
2025-04-01 09:02:10 [main] DEBUG l.i.u.t.SubmittedApplicationsPageTest - Entered email: 'test@autotest.com'.
2025-04-01 09:02:10 [main] DEBUG l.i.u.t.SubmittedApplicationsPageTest - Checked 'For workplace adaptation' checkbox 1.
2025-04-01 09:02:10 [main] DEBUG l.i.u.t.SubmittedApplicationsPageTest - Checked 'For environmental adaptation' checkbox 2.
2025-04-01 09:02:10 [main] INFO  l.i.u.p.SubmittedApplicationsPage - Located the dropdown button.
2025-04-01 09:02:29 [main] INFO  l.i.u.p.SubmittedApplicationsPage - Found 1741 options in the dropdown.
2025-04-01 09:02:29 [main] INFO  l.i.u.p.SubmittedApplicationsPage - Successfully selected the value: '01.11 - Grūdinių (išskyrus ryžius), ankštinių ir aliejingų sėklų augalų auginimas'
2025-04-01 09:02:40 [main] ERROR l.i.u.p.SubmittedApplicationsPage - Failed to close the dropdown with aria-expanded = 'false'. Attempting manual close.
2025-04-01 09:02:40 [main] INFO  l.i.u.p.SubmittedApplicationsPage - Manual close attempt for the dropdown using body click.
2025-04-01 09:02:40 [main] DEBUG l.i.u.t.SubmittedApplicationsPageTest - Selected EVRK value: '01.11 - Grūdinių (išskyrus ryžius), ankštinių ir aliejingų sėklų augalų auginimas'.
2025-04-01 09:02:40 [main] DEBUG l.i.u.t.SubmittedApplicationsPageTest - Clicked on 'Address Component' button.
2025-04-01 09:02:40 [main] INFO  l.i.u.p.SubmittedApplicationsPage - Located the dropdown button.
2025-04-01 09:02:43 [main] INFO  l.i.u.p.SubmittedApplicationsPage - Successfully selected the value: 'Lietuva'
2025-04-01 09:02:43 [main] DEBUG l.i.u.t.SubmittedApplicationsPageTest - Selected country: 'Lietuva'.
2025-04-01 09:02:43 [main] INFO  l.i.u.p.SubmittedApplicationsPage - Located the dropdown search field.
2025-04-01 09:02:43 [main] INFO  l.i.u.p.SubmittedApplicationsPage - Dropdown city is opened.
2025-04-01 09:02:44 [main] INFO  l.i.u.p.SubmittedApplicationsPage - Searched for value: 'Vilnius'
2025-04-01 09:02:45 [main] INFO  l.i.u.p.SubmittedApplicationsPage - Successfully selected: 'Vilnius'
2025-04-01 09:02:45 [main] INFO  l.i.u.p.SubmittedApplicationsPage - Located the dropdown button.
2025-04-01 09:02:45 [main] INFO  l.i.u.p.SubmittedApplicationsPage - Successfully selected the value: 'A. Domaševičiaus g.'
2025-04-01 09:02:45 [main] DEBUG l.i.u.t.SubmittedApplicationsPageTest - Selected street: 'A. Domaševičiaus g.'.
2025-04-01 09:02:45 [main] INFO  l.i.u.p.SubmittedApplicationsPage - Located the dropdown button.
2025-04-01 09:02:45 [main] INFO  l.i.u.p.SubmittedApplicationsPage - Successfully selected the value: '1'
2025-04-01 09:02:45 [main] DEBUG l.i.u.t.SubmittedApplicationsPageTest - Selected house: '1'.
2025-04-01 09:02:45 [main] INFO  l.i.u.p.SubmittedApplicationsPage - Located the dropdown button.
2025-04-01 09:02:46 [main] INFO  l.i.u.p.SubmittedApplicationsPage - Successfully selected the value: '1'
2025-04-01 09:02:46 [main] DEBUG l.i.u.t.SubmittedApplicationsPageTest - Selected apartment: '1'.
2025-04-01 09:02:46 [main] DEBUG l.i.u.t.SubmittedApplicationsPageTest - Clicked 'Confirm' button.
2025-04-01 09:02:46 [main] DEBUG l.i.u.t.SubmittedApplicationsPageTest - Selected 'For already working' option.
2025-04-01 09:02:46 [main] DEBUG l.i.u.t.SubmittedApplicationsPageTest - Selected 'For new working' option.
2025-04-01 09:02:46 [main] DEBUG l.i.u.t.SubmittedApplicationsPageTest - Entered person count2: '1'.
2025-04-01 09:02:46 [main] DEBUG l.i.u.t.SubmittedApplicationsPageTest - Clicked 'Next' button after checkboxes.
2025-04-01 09:02:46 [main] INFO  l.i.u.p.SubmittedApplicationsPage - Located the dropdown button.
2025-04-01 09:02:48 [main] INFO  l.i.u.p.SubmittedApplicationsPage - Successfully selected the value: 'Administratoriai'
2025-04-01 09:02:48 [main] DEBUG l.i.u.t.SubmittedApplicationsPageTest - Selected adaptable job name: 'Administratoriai'.
2025-04-01 09:02:48 [main] DEBUG l.i.u.t.SubmittedApplicationsPageTest - Entered job date.
2025-04-01 09:02:48 [main] DEBUG l.i.u.t.SubmittedApplicationsPageTest - Entered job function: 'Funkcija 1'.
2025-04-01 09:02:48 [main] DEBUG l.i.u.t.SubmittedApplicationsPageTest - Selected 'For already working' 'no' option.
2025-04-01 09:02:48 [main] INFO  l.i.u.p.SubmittedApplicationsPage - Clicking on the dropdown button.
2025-04-01 09:02:48 [main] INFO  l.i.u.p.SubmittedApplicationsPage - Found 6 options in the dropdown.
2025-04-01 09:02:48 [main] DEBUG l.i.u.p.SubmittedApplicationsPage - Checking option: 'Lengvo neįgalumo lygis ar 45-55 procentų dalyvumo lygis (iki 2023 m. gruodžio 31 d. – 45-55 procentų darbingumo lygis)'
2025-04-01 09:02:49 [main] INFO  l.i.u.p.SubmittedApplicationsPage - Successfully selected the value: 'Lengvo neįgalumo lygis ar 45-55 procentų dalyvumo lygis (iki 2023 m. gruodžio 31 d. – 45-55 procentų darbingumo lygis)'
2025-04-01 09:02:49 [main] INFO  l.i.u.p.SubmittedApplicationsPage - Attempting to close the dropdown.
2025-04-01 09:02:49 [main] DEBUG l.i.u.t.SubmittedApplicationsPageTest - Selected disabilities type: 'Lengvo neįgalumo lygis ar 45-55 procentų dalyvumo lygis (iki 2023 m. gruodžio 31 d. – 45-55 procentų darbingumo lygis)'.
2025-04-01 09:02:49 [main] DEBUG l.i.u.t.SubmittedApplicationsPageTest - Entered disability information: 'Negalia 1'.
2025-04-01 09:02:50 [main] DEBUG l.i.u.t.SubmittedApplicationsPageTest - Entered qualification: 'Kvalifikacija 1'.
2025-04-01 09:02:50 [main] DEBUG l.i.u.t.SubmittedApplicationsPageTest - Entered job description: 'Darbo vietos aprašymas 1'.
2025-04-01 09:02:50 [main] DEBUG l.i.u.t.SubmittedApplicationsPageTest - Entered equipment description: 'Priemonių įsigyjimas 1'.
2025-04-01 09:02:50 [main] DEBUG l.i.u.t.SubmittedApplicationsPageTest - Entered work information: 'Darbai 1'.
2025-04-01 09:02:50 [main] INFO  l.i.u.p.SubmittedApplicationsPage - Located the dropdown button.
2025-04-01 09:02:51 [main] INFO  l.i.u.p.SubmittedApplicationsPage - Successfully selected the value: 'Kita'
2025-04-01 09:02:51 [main] DEBUG l.i.u.t.SubmittedApplicationsPageTest - Selected time mode: 'Kita'.
2025-04-01 09:02:52 [main] DEBUG l.i.u.t.SubmittedApplicationsPageTest - Selected time mode other: '6 val. per dieną ir 4 d. per savaitę'.
2025-04-01 09:02:52 [main] DEBUG l.i.u.t.SubmittedApplicationsPageTest - Entered salary amount: '1200'.
2025-04-01 09:02:52 [main] DEBUG l.i.u.t.SubmittedApplicationsPageTest - Entered salary description: 'Užmokestis 1'.
2025-04-01 09:02:52 [main] DEBUG l.i.u.t.SubmittedApplicationsPageTest - Selected 'Temporary Job' radio button.
2025-04-01 09:02:52 [main] DEBUG l.i.u.t.SubmittedApplicationsPageTest - Selected 'Season Job' radio button.
2025-04-01 09:02:52 [main] DEBUG l.i.u.t.SubmittedApplicationsPageTest - Selected 'PVM' radio button.
2025-04-01 09:02:53 [main] INFO  l.i.u.p.SubmittedApplicationsPage - Located the dropdown button.
2025-04-01 09:02:53 [main] INFO  l.i.u.p.SubmittedApplicationsPage - Successfully selected the value: 'Darbo vietos pritaikymui'
2025-04-01 09:03:23 [main] ERROR l.i.u.p.SubmittedApplicationsPage - Timeout while waiting for dropdown to close with aria-expanded = 'false'.
2025-04-01 09:03:23 [main] DEBUG l.i.u.t.SubmittedApplicationsPageTest - Selected adaptable job name: 'Darbo vietos pritaikymui'.
2025-04-01 09:03:23 [main] DEBUG l.i.u.p.SubmittedApplicationsPage - Located and clicked the dropdown button 'Reikalinga'.
2025-04-01 09:03:24 [main] INFO  l.i.u.p.SubmittedApplicationsPage - Successfully selected the value: 'Įsigyti'
2025-04-01 09:03:24 [main] DEBUG l.i.u.t.SubmittedApplicationsPageTest - Selected necessary for job: 'Įsigyti'.
2025-04-01 09:03:24 [main] DEBUG l.i.u.t.SubmittedApplicationsPageTest - Selected tool: 'Darbo priemonė 1'.
2025-04-01 09:03:24 [main] DEBUG l.i.u.t.SubmittedApplicationsPageTest - Selected tool parameter one: 'Darbo priemonės 1 parametras 1'.
2025-04-01 09:03:24 [main] DEBUG l.i.u.t.SubmittedApplicationsPageTest - Selected tool parameter two: 'Darbo priemonės 1 parametras 2'.
2025-04-01 09:03:24 [main] DEBUG l.i.u.t.SubmittedApplicationsPageTest - Selected tool parameter three: 'Darbo priemonės 1 parametras 3'.
2025-04-01 09:03:24 [main] DEBUG l.i.u.t.SubmittedApplicationsPageTest - Entered tool count: '1'.
2025-04-01 09:03:25 [main] DEBUG l.i.u.t.SubmittedApplicationsPageTest - Entered price amount: '1000'.
2025-04-01 09:03:25 [main] DEBUG l.i.u.t.SubmittedApplicationsPageTest - Entered own funds amount: '800'.
2025-04-01 09:03:27 [main] DEBUG l.i.u.t.SubmittedApplicationsPageTest - Clicked 'Add' button.
2025-04-01 09:03:27 [main] INFO  l.i.u.p.SubmittedApplicationsPage - Located the dropdown button.
2025-04-01 09:03:28 [main] INFO  l.i.u.p.SubmittedApplicationsPage - Successfully selected the value: 'Aplinkos pritaikymui'
2025-04-01 09:03:58 [main] ERROR l.i.u.p.SubmittedApplicationsPage - Timeout while waiting for dropdown to close with aria-expanded = 'false'.
2025-04-01 09:03:58 [main] DEBUG l.i.u.t.SubmittedApplicationsPageTest - Selected adaptable job name: 'Aplinkos pritaikymui'.
2025-04-01 09:03:58 [main] DEBUG l.i.u.p.SubmittedApplicationsPage - Located and clicked the dropdown button 'Reikalinga'.
2025-04-01 09:03:59 [main] INFO  l.i.u.p.SubmittedApplicationsPage - Successfully selected the value: 'Remontuoti'
2025-04-01 09:04:09 [main] DEBUG l.i.u.t.SubmittedApplicationsPageTest - Selected necessary for job: 'Remontuoti'.
2025-04-01 09:04:09 [main] DEBUG l.i.u.t.SubmittedApplicationsPageTest - Selected tool: 'Darbo priemonė 2 remontui'.
2025-04-01 09:04:09 [main] DEBUG l.i.u.t.SubmittedApplicationsPageTest - Entered tool count: '2'.
2025-04-01 09:04:10 [main] DEBUG l.i.u.t.SubmittedApplicationsPageTest - Entered price amount: '1000'.
2025-04-01 09:04:10 [main] DEBUG l.i.u.t.SubmittedApplicationsPageTest - Entered own funds amount: '900'.
2025-04-01 09:04:12 [main] DEBUG l.i.u.t.SubmittedApplicationsPageTest - Clicked 'AddRemoved' button.
2025-04-01 09:04:14 [main] DEBUG l.i.u.t.SubmittedApplicationsPageTest - Clicked 'Remove' button.
2025-04-01 09:04:17 [main] DEBUG l.i.u.t.SubmittedApplicationsPageTest - Clicked 'Remove Confirmation' button.
2025-04-01 09:04:19 [main] DEBUG l.i.u.t.SubmittedApplicationsPageTest - Selected 'De Minimis' radio button.
2025-04-01 09:04:19 [main] DEBUG l.i.u.t.SubmittedApplicationsPageTest - Entered program name: 'Programa 1'.
2025-04-01 09:04:19 [main] DEBUG l.i.u.t.SubmittedApplicationsPageTest - Entered project date from.
2025-04-01 09:04:19 [main] DEBUG l.i.u.t.SubmittedApplicationsPageTest - Entered project date until.
2025-04-01 09:04:19 [main] DEBUG l.i.u.t.SubmittedApplicationsPageTest - Entered support amount: '2000'.
2025-04-01 09:04:19 [main] DEBUG l.i.u.t.SubmittedApplicationsPageTest - Clicked 'Next' button.
2025-04-01 09:11:23 [main] INFO  lt.insoft.uztis.tests.UztisPageTest - Navigated to https://uztisdev.asseco.lt/home
2025-04-01 09:11:23 [main] INFO  l.i.u.t.SubmittedApplicationsPageTest - Starting test:'testFillNewDVPApplicationFA'
2025-04-01 09:11:24 [main] DEBUG l.i.u.t.SubmittedApplicationsPageTest - User logged in with test credentials.
2025-04-01 09:11:24 [main] DEBUG l.i.u.t.SubmittedApplicationsPageTest - Opened 'Application Processing' menu.
2025-04-01 09:11:24 [main] DEBUG l.i.u.t.SubmittedApplicationsPageTest - Clicked on 'Application Forms' menu.
2025-04-01 09:11:24 [main] DEBUG l.i.u.t.SubmittedApplicationsPageTest - Retrieved last description code text: 'TST-DVP-58'.
2025-04-01 09:11:25 [main] DEBUG l.i.u.t.SubmittedApplicationsPageTest - Clicked on 'Invitation' menu.
2025-04-01 09:11:26 [main] DEBUG l.i.u.t.SubmittedApplicationsPageTest - Selected application section by code: 'TST-DVP-58'.
2025-04-01 09:11:26 [main] DEBUG l.i.u.t.SubmittedApplicationsPageTest - Clicked 'Search' button.
2025-04-01 09:11:26 [main] DEBUG l.i.u.t.SubmittedApplicationsPageTest - Retrieved invitation code: ''.
2025-04-01 09:11:26 [main] DEBUG l.i.u.t.SubmittedApplicationsPageTest - Clicked on 'Submitted Applications' menu.
2025-04-01 09:11:27 [main] DEBUG l.i.u.t.SubmittedApplicationsPageTest - Selected invitation by code: 'TST-DVP-58'.
2025-04-01 09:11:27 [main] DEBUG l.i.u.t.SubmittedApplicationsPageTest - Invitation code inserted.
2025-04-01 09:11:27 [main] DEBUG l.i.u.t.SubmittedApplicationsPageTest - Clicked on 'Action Application' button.
2025-04-01 09:11:28 [main] DEBUG l.i.u.t.SubmittedApplicationsPageTest - Clicked on 'New Application' button.
2025-04-01 09:11:28 [main] DEBUG l.i.u.t.SubmittedApplicationsPageTest - Selected the 'RadioButtonFA' option.
2025-04-01 09:11:28 [main] DEBUG l.i.u.t.SubmittedApplicationsPageTest - Entered phone number: '61298745'.
2025-04-01 09:11:29 [main] DEBUG l.i.u.t.SubmittedApplicationsPageTest - Entered email: 'test@autotest.com'.
2025-04-01 09:11:29 [main] DEBUG l.i.u.t.SubmittedApplicationsPageTest - Checked 'For workplace adaptation' checkbox 1.
2025-04-01 09:11:29 [main] DEBUG l.i.u.t.SubmittedApplicationsPageTest - Checked 'For environmental adaptation' checkbox 2.
2025-04-01 09:11:29 [main] INFO  l.i.u.p.SubmittedApplicationsPage - Located the dropdown button.
2025-04-01 09:11:49 [main] INFO  l.i.u.p.SubmittedApplicationsPage - Found 1741 options in the dropdown.
2025-04-01 09:11:49 [main] INFO  l.i.u.p.SubmittedApplicationsPage - Successfully selected the value: '01.11 - Grūdinių (išskyrus ryžius), ankštinių ir aliejingų sėklų augalų auginimas'
2025-04-01 09:11:59 [main] ERROR l.i.u.p.SubmittedApplicationsPage - Failed to close the dropdown with aria-expanded = 'false'. Attempting manual close.
2025-04-01 09:11:59 [main] INFO  l.i.u.p.SubmittedApplicationsPage - Manual close attempt for the dropdown using body click.
2025-04-01 09:11:59 [main] DEBUG l.i.u.t.SubmittedApplicationsPageTest - Selected EVRK value: '01.11 - Grūdinių (išskyrus ryžius), ankštinių ir aliejingų sėklų augalų auginimas'.
2025-04-01 09:12:00 [main] DEBUG l.i.u.t.SubmittedApplicationsPageTest - Clicked on 'Address Component' button.
2025-04-01 09:12:00 [main] INFO  l.i.u.p.SubmittedApplicationsPage - Located the dropdown button.
2025-04-01 09:12:02 [main] INFO  l.i.u.p.SubmittedApplicationsPage - Successfully selected the value: 'Lietuva'
2025-04-01 09:12:02 [main] DEBUG l.i.u.t.SubmittedApplicationsPageTest - Selected country: 'Lietuva'.
2025-04-01 09:12:02 [main] INFO  l.i.u.p.SubmittedApplicationsPage - Located the dropdown search field.
2025-04-01 09:12:02 [main] INFO  l.i.u.p.SubmittedApplicationsPage - Dropdown city is opened.
2025-04-01 09:12:02 [main] INFO  l.i.u.p.SubmittedApplicationsPage - Searched for value: 'Vilnius'
2025-04-01 09:12:03 [main] INFO  l.i.u.p.SubmittedApplicationsPage - Successfully selected: 'Vilnius'
2025-04-01 09:12:03 [main] INFO  l.i.u.p.SubmittedApplicationsPage - Located the dropdown button.
2025-04-01 09:12:04 [main] INFO  l.i.u.p.SubmittedApplicationsPage - Successfully selected the value: 'A. Domaševičiaus g.'
2025-04-01 09:12:04 [main] DEBUG l.i.u.t.SubmittedApplicationsPageTest - Selected street: 'A. Domaševičiaus g.'.
2025-04-01 09:12:04 [main] INFO  l.i.u.p.SubmittedApplicationsPage - Located the dropdown button.
2025-04-01 09:12:05 [main] INFO  l.i.u.p.SubmittedApplicationsPage - Successfully selected the value: '1'
2025-04-01 09:12:05 [main] DEBUG l.i.u.t.SubmittedApplicationsPageTest - Selected house: '1'.
2025-04-01 09:12:05 [main] INFO  l.i.u.p.SubmittedApplicationsPage - Located the dropdown button.
2025-04-01 09:12:06 [main] INFO  l.i.u.p.SubmittedApplicationsPage - Successfully selected the value: '1'
2025-04-01 09:12:06 [main] DEBUG l.i.u.t.SubmittedApplicationsPageTest - Selected apartment: '1'.
2025-04-01 09:12:06 [main] DEBUG l.i.u.t.SubmittedApplicationsPageTest - Clicked 'Confirm' button.
2025-04-01 09:12:06 [main] DEBUG l.i.u.t.SubmittedApplicationsPageTest - Selected 'For already working' option.
2025-04-01 09:12:06 [main] DEBUG l.i.u.t.SubmittedApplicationsPageTest - Selected 'For new working' option.
2025-04-01 09:12:06 [main] DEBUG l.i.u.t.SubmittedApplicationsPageTest - Entered person count2: '1'.
2025-04-01 09:12:07 [main] DEBUG l.i.u.t.SubmittedApplicationsPageTest - Clicked 'Next' button after checkboxes.
2025-04-01 09:12:07 [main] INFO  l.i.u.p.SubmittedApplicationsPage - Located the dropdown button.
2025-04-01 09:12:07 [main] INFO  l.i.u.p.SubmittedApplicationsPage - Successfully selected the value: 'Administratoriai'
2025-04-01 09:12:07 [main] DEBUG l.i.u.t.SubmittedApplicationsPageTest - Selected adaptable job name: 'Administratoriai'.
2025-04-01 09:12:08 [main] DEBUG l.i.u.t.SubmittedApplicationsPageTest - Entered job date.
2025-04-01 09:12:08 [main] DEBUG l.i.u.t.SubmittedApplicationsPageTest - Entered job function: 'Funkcija 1'.
2025-04-01 09:12:08 [main] DEBUG l.i.u.t.SubmittedApplicationsPageTest - Selected 'For already working' 'no' option.
2025-04-01 09:12:08 [main] INFO  l.i.u.p.SubmittedApplicationsPage - Clicking on the dropdown button.
2025-04-01 09:12:09 [main] INFO  l.i.u.p.SubmittedApplicationsPage - Found 6 options in the dropdown.
2025-04-01 09:12:09 [main] DEBUG l.i.u.p.SubmittedApplicationsPage - Checking option: 'Lengvo neįgalumo lygis ar 45-55 procentų dalyvumo lygis (iki 2023 m. gruodžio 31 d. – 45-55 procentų darbingumo lygis)'
2025-04-01 09:12:09 [main] INFO  l.i.u.p.SubmittedApplicationsPage - Successfully selected the value: 'Lengvo neįgalumo lygis ar 45-55 procentų dalyvumo lygis (iki 2023 m. gruodžio 31 d. – 45-55 procentų darbingumo lygis)'
2025-04-01 09:12:09 [main] INFO  l.i.u.p.SubmittedApplicationsPage - Attempting to close the dropdown.
2025-04-01 09:12:09 [main] DEBUG l.i.u.t.SubmittedApplicationsPageTest - Selected disabilities type: 'Lengvo neįgalumo lygis ar 45-55 procentų dalyvumo lygis (iki 2023 m. gruodžio 31 d. – 45-55 procentų darbingumo lygis)'.
2025-04-01 09:12:10 [main] DEBUG l.i.u.t.SubmittedApplicationsPageTest - Entered disability information: 'Negalia 1'.
2025-04-01 09:12:10 [main] DEBUG l.i.u.t.SubmittedApplicationsPageTest - Entered qualification: 'Kvalifikacija 1'.
2025-04-01 09:12:10 [main] DEBUG l.i.u.t.SubmittedApplicationsPageTest - Entered job description: 'Darbo vietos aprašymas 1'.
2025-04-01 09:12:10 [main] DEBUG l.i.u.t.SubmittedApplicationsPageTest - Entered equipment description: 'Priemonių įsigyjimas 1'.
2025-04-01 09:12:11 [main] DEBUG l.i.u.t.SubmittedApplicationsPageTest - Entered work information: 'Darbai 1'.
2025-04-01 09:12:11 [main] INFO  l.i.u.p.SubmittedApplicationsPage - Located the dropdown button.
2025-04-01 09:12:12 [main] INFO  l.i.u.p.SubmittedApplicationsPage - Successfully selected the value: 'Kita'
2025-04-01 09:12:12 [main] DEBUG l.i.u.t.SubmittedApplicationsPageTest - Selected time mode: 'Kita'.
2025-04-01 09:12:12 [main] DEBUG l.i.u.t.SubmittedApplicationsPageTest - Selected time mode other: '6 val. per dieną ir 4 d. per savaitę'.
2025-04-01 09:12:12 [main] DEBUG l.i.u.t.SubmittedApplicationsPageTest - Entered salary amount: '1200'.
2025-04-01 09:12:12 [main] DEBUG l.i.u.t.SubmittedApplicationsPageTest - Entered salary description: 'Užmokestis 1'.
2025-04-01 09:12:12 [main] DEBUG l.i.u.t.SubmittedApplicationsPageTest - Selected 'Temporary Job' radio button.
2025-04-01 09:12:12 [main] DEBUG l.i.u.t.SubmittedApplicationsPageTest - Selected 'Season Job' radio button.
2025-04-01 09:12:13 [main] DEBUG l.i.u.t.SubmittedApplicationsPageTest - Selected 'PVM' radio button.
2025-04-01 09:12:13 [main] INFO  l.i.u.p.SubmittedApplicationsPage - Located the dropdown button.
2025-04-01 09:12:13 [main] INFO  l.i.u.p.SubmittedApplicationsPage - Successfully selected the value: 'Darbo vietos pritaikymui'
2025-04-01 09:12:43 [main] ERROR l.i.u.p.SubmittedApplicationsPage - Timeout while waiting for dropdown to close with aria-expanded = 'false'.
2025-04-01 09:12:43 [main] DEBUG l.i.u.t.SubmittedApplicationsPageTest - Selected adaptable job name: 'Darbo vietos pritaikymui'.
2025-04-01 09:12:44 [main] DEBUG l.i.u.p.SubmittedApplicationsPage - Located and clicked the dropdown button 'Reikalinga'.
2025-04-01 09:12:44 [main] INFO  l.i.u.p.SubmittedApplicationsPage - Successfully selected the value: 'Įsigyti'
2025-04-01 09:12:44 [main] DEBUG l.i.u.t.SubmittedApplicationsPageTest - Selected necessary for job: 'Įsigyti'.
2025-04-01 09:12:44 [main] DEBUG l.i.u.t.SubmittedApplicationsPageTest - Selected tool: 'Darbo priemonė 1'.
2025-04-01 09:12:44 [main] DEBUG l.i.u.t.SubmittedApplicationsPageTest - Selected tool parameter one: 'Darbo priemonės 1 parametras 1'.
2025-04-01 09:12:44 [main] DEBUG l.i.u.t.SubmittedApplicationsPageTest - Selected tool parameter two: 'Darbo priemonės 1 parametras 2'.
2025-04-01 09:12:45 [main] DEBUG l.i.u.t.SubmittedApplicationsPageTest - Selected tool parameter three: 'Darbo priemonės 1 parametras 3'.
2025-04-01 09:12:45 [main] DEBUG l.i.u.t.SubmittedApplicationsPageTest - Entered tool count: '1'.
2025-04-01 09:12:45 [main] DEBUG l.i.u.t.SubmittedApplicationsPageTest - Entered price amount: '1000'.
2025-04-01 09:12:45 [main] DEBUG l.i.u.t.SubmittedApplicationsPageTest - Entered own funds amount: '800'.
2025-04-01 09:12:47 [main] DEBUG l.i.u.t.SubmittedApplicationsPageTest - Clicked 'Add' button.
2025-04-01 09:12:47 [main] INFO  l.i.u.p.SubmittedApplicationsPage - Located the dropdown button.
2025-04-01 09:12:48 [main] INFO  l.i.u.p.SubmittedApplicationsPage - Successfully selected the value: 'Aplinkos pritaikymui'
2025-04-01 09:13:18 [main] ERROR l.i.u.p.SubmittedApplicationsPage - Timeout while waiting for dropdown to close with aria-expanded = 'false'.
2025-04-01 09:13:18 [main] DEBUG l.i.u.t.SubmittedApplicationsPageTest - Selected adaptable job name: 'Aplinkos pritaikymui'.
2025-04-01 09:13:18 [main] DEBUG l.i.u.p.SubmittedApplicationsPage - Located and clicked the dropdown button 'Reikalinga'.
2025-04-01 09:13:18 [main] INFO  l.i.u.p.SubmittedApplicationsPage - Successfully selected the value: 'Remontuoti'
2025-04-01 09:13:29 [main] DEBUG l.i.u.t.SubmittedApplicationsPageTest - Selected necessary for job: 'Remontuoti'.
2025-04-01 09:13:29 [main] DEBUG l.i.u.t.SubmittedApplicationsPageTest - Selected tool: 'Darbo priemonė 2 remontui'.
2025-04-01 09:13:29 [main] DEBUG l.i.u.t.SubmittedApplicationsPageTest - Entered tool count: '2'.
2025-04-01 09:13:29 [main] DEBUG l.i.u.t.SubmittedApplicationsPageTest - Entered price amount: '1000'.
2025-04-01 09:13:30 [main] DEBUG l.i.u.t.SubmittedApplicationsPageTest - Entered own funds amount: '900'.
2025-04-01 09:13:32 [main] DEBUG l.i.u.t.SubmittedApplicationsPageTest - Clicked 'AddRemoved' button.
2025-04-01 09:13:34 [main] DEBUG l.i.u.t.SubmittedApplicationsPageTest - Clicked 'Remove' button.
2025-04-01 09:13:36 [main] DEBUG l.i.u.t.SubmittedApplicationsPageTest - Clicked 'Remove Confirmation' button.
2025-04-01 09:13:38 [main] DEBUG l.i.u.t.SubmittedApplicationsPageTest - Selected 'De Minimis' radio button.
2025-04-01 09:13:38 [main] DEBUG l.i.u.t.SubmittedApplicationsPageTest - Entered program name: 'Programa 1'.
2025-04-01 09:13:39 [main] DEBUG l.i.u.t.SubmittedApplicationsPageTest - Entered project date from.
2025-04-01 09:13:39 [main] DEBUG l.i.u.t.SubmittedApplicationsPageTest - Entered project date until.
2025-04-01 09:13:39 [main] DEBUG l.i.u.t.SubmittedApplicationsPageTest - Entered support amount: '2000'.
2025-04-01 09:13:39 [main] DEBUG l.i.u.t.SubmittedApplicationsPageTest - Clicked 'Next' button.
2025-04-01 09:23:26 [main] INFO  lt.insoft.uztis.tests.UztisPageTest - Navigated to https://uztisdev.asseco.lt/home
2025-04-01 09:23:26 [main] INFO  l.i.u.t.SubmittedApplicationsPageTest - Starting test:'testFillNewDVPApplicationFA'
2025-04-01 09:23:27 [main] DEBUG l.i.u.t.SubmittedApplicationsPageTest - User logged in with test credentials.
2025-04-01 09:23:27 [main] DEBUG l.i.u.t.SubmittedApplicationsPageTest - Opened 'Application Processing' menu.
2025-04-01 09:23:27 [main] DEBUG l.i.u.t.SubmittedApplicationsPageTest - Clicked on 'Application Forms' menu.
2025-04-01 09:23:28 [main] DEBUG l.i.u.t.SubmittedApplicationsPageTest - Retrieved last description code text: 'TST-DVP-58'.
2025-04-01 09:23:28 [main] DEBUG l.i.u.t.SubmittedApplicationsPageTest - Clicked on 'Invitation' menu.
2025-04-01 09:23:29 [main] DEBUG l.i.u.t.SubmittedApplicationsPageTest - Selected application section by code: 'TST-DVP-58'.
2025-04-01 09:23:29 [main] DEBUG l.i.u.t.SubmittedApplicationsPageTest - Clicked 'Search' button.
2025-04-01 09:23:29 [main] DEBUG l.i.u.t.SubmittedApplicationsPageTest - Retrieved invitation code: ''.
2025-04-01 09:23:29 [main] DEBUG l.i.u.t.SubmittedApplicationsPageTest - Clicked on 'Submitted Applications' menu.
2025-04-01 09:23:31 [main] DEBUG l.i.u.t.SubmittedApplicationsPageTest - Selected invitation by code: 'TST-DVP-58'.
2025-04-01 09:23:31 [main] DEBUG l.i.u.t.SubmittedApplicationsPageTest - Invitation code inserted.
2025-04-01 09:23:31 [main] DEBUG l.i.u.t.SubmittedApplicationsPageTest - Clicked on 'Action Application' button.
2025-04-01 09:23:31 [main] DEBUG l.i.u.t.SubmittedApplicationsPageTest - Clicked on 'New Application' button.
2025-04-01 09:23:32 [main] DEBUG l.i.u.t.SubmittedApplicationsPageTest - Selected the 'RadioButtonFA' option.
2025-04-01 09:23:32 [main] DEBUG l.i.u.t.SubmittedApplicationsPageTest - Entered phone number: '61298745'.
2025-04-01 09:23:32 [main] DEBUG l.i.u.t.SubmittedApplicationsPageTest - Entered email: 'test@autotest.com'.
2025-04-01 09:23:32 [main] DEBUG l.i.u.t.SubmittedApplicationsPageTest - Checked 'For workplace adaptation' checkbox 1.
2025-04-01 09:23:33 [main] DEBUG l.i.u.t.SubmittedApplicationsPageTest - Checked 'For environmental adaptation' checkbox 2.
2025-04-01 09:23:33 [main] INFO  l.i.u.p.SubmittedApplicationsPage - Located the dropdown button.
2025-04-01 09:23:54 [main] INFO  l.i.u.p.SubmittedApplicationsPage - Found 1741 options in the dropdown.
2025-04-01 09:23:54 [main] INFO  l.i.u.p.SubmittedApplicationsPage - Successfully selected the value: '01.11 - Grūdinių (išskyrus ryžius), ankštinių ir aliejingų sėklų augalų auginimas'
2025-04-01 09:24:05 [main] ERROR l.i.u.p.SubmittedApplicationsPage - Failed to close the dropdown with aria-expanded = 'false'. Attempting manual close.
2025-04-01 09:24:05 [main] INFO  l.i.u.p.SubmittedApplicationsPage - Manual close attempt for the dropdown using body click.
2025-04-01 09:24:05 [main] DEBUG l.i.u.t.SubmittedApplicationsPageTest - Selected EVRK value: '01.11 - Grūdinių (išskyrus ryžius), ankštinių ir aliejingų sėklų augalų auginimas'.
2025-04-01 09:24:05 [main] DEBUG l.i.u.t.SubmittedApplicationsPageTest - Clicked on 'Address Component' button.
2025-04-01 09:24:05 [main] INFO  l.i.u.p.SubmittedApplicationsPage - Located the dropdown button.
2025-04-01 09:24:08 [main] INFO  l.i.u.p.SubmittedApplicationsPage - Successfully selected the value: 'Lietuva'
2025-04-01 09:24:08 [main] DEBUG l.i.u.t.SubmittedApplicationsPageTest - Selected country: 'Lietuva'.
2025-04-01 09:24:08 [main] INFO  l.i.u.p.SubmittedApplicationsPage - Located the dropdown search field.
2025-04-01 09:24:08 [main] INFO  l.i.u.p.SubmittedApplicationsPage - Dropdown city is opened.
2025-04-01 09:24:09 [main] INFO  l.i.u.p.SubmittedApplicationsPage - Searched for value: 'Vilnius'
2025-04-01 09:24:10 [main] INFO  l.i.u.p.SubmittedApplicationsPage - Successfully selected: 'Vilnius'
2025-04-01 09:24:10 [main] INFO  l.i.u.p.SubmittedApplicationsPage - Located the dropdown button.
2025-04-01 09:24:11 [main] INFO  l.i.u.p.SubmittedApplicationsPage - Successfully selected the value: 'A. Domaševičiaus g.'
2025-04-01 09:24:11 [main] DEBUG l.i.u.t.SubmittedApplicationsPageTest - Selected street: 'A. Domaševičiaus g.'.
2025-04-01 09:24:11 [main] INFO  l.i.u.p.SubmittedApplicationsPage - Located the dropdown button.
2025-04-01 09:24:12 [main] INFO  l.i.u.p.SubmittedApplicationsPage - Successfully selected the value: '1'
2025-04-01 09:24:12 [main] DEBUG l.i.u.t.SubmittedApplicationsPageTest - Selected house: '1'.
2025-04-01 09:24:12 [main] INFO  l.i.u.p.SubmittedApplicationsPage - Located the dropdown button.
2025-04-01 09:24:12 [main] INFO  l.i.u.p.SubmittedApplicationsPage - Successfully selected the value: '1'
2025-04-01 09:24:12 [main] DEBUG l.i.u.t.SubmittedApplicationsPageTest - Selected apartment: '1'.
2025-04-01 09:24:12 [main] DEBUG l.i.u.t.SubmittedApplicationsPageTest - Clicked 'Confirm' button.
2025-04-01 09:24:12 [main] DEBUG l.i.u.t.SubmittedApplicationsPageTest - Selected 'For already working' option.
2025-04-01 09:24:12 [main] DEBUG l.i.u.t.SubmittedApplicationsPageTest - Selected 'For new working' option.
2025-04-01 09:24:12 [main] DEBUG l.i.u.t.SubmittedApplicationsPageTest - Entered person count2: '1'.
2025-04-01 09:24:13 [main] DEBUG l.i.u.t.SubmittedApplicationsPageTest - Clicked 'Next' button after checkboxes.
2025-04-01 09:24:13 [main] INFO  l.i.u.p.SubmittedApplicationsPage - Located the dropdown button.
2025-04-01 09:24:14 [main] INFO  l.i.u.p.SubmittedApplicationsPage - Successfully selected the value: 'Administratoriai'
2025-04-01 09:24:14 [main] DEBUG l.i.u.t.SubmittedApplicationsPageTest - Selected adaptable job name: 'Administratoriai'.
2025-04-01 09:24:14 [main] DEBUG l.i.u.t.SubmittedApplicationsPageTest - Entered job date.
2025-04-01 09:24:15 [main] DEBUG l.i.u.t.SubmittedApplicationsPageTest - Entered job function: 'Funkcija 1'.
2025-04-01 09:24:15 [main] DEBUG l.i.u.t.SubmittedApplicationsPageTest - Selected 'For already working' 'no' option.
2025-04-01 09:24:15 [main] INFO  l.i.u.p.SubmittedApplicationsPage - Clicking on the dropdown button.
2025-04-01 09:24:15 [main] INFO  l.i.u.p.SubmittedApplicationsPage - Found 6 options in the dropdown.
2025-04-01 09:24:15 [main] DEBUG l.i.u.p.SubmittedApplicationsPage - Checking option: 'Lengvo neįgalumo lygis ar 45-55 procentų dalyvumo lygis (iki 2023 m. gruodžio 31 d. – 45-55 procentų darbingumo lygis)'
2025-04-01 09:24:16 [main] INFO  l.i.u.p.SubmittedApplicationsPage - Successfully selected the value: 'Lengvo neįgalumo lygis ar 45-55 procentų dalyvumo lygis (iki 2023 m. gruodžio 31 d. – 45-55 procentų darbingumo lygis)'
2025-04-01 09:24:16 [main] INFO  l.i.u.p.SubmittedApplicationsPage - Attempting to close the dropdown.
2025-04-01 09:24:16 [main] DEBUG l.i.u.t.SubmittedApplicationsPageTest - Selected disabilities type: 'Lengvo neįgalumo lygis ar 45-55 procentų dalyvumo lygis (iki 2023 m. gruodžio 31 d. – 45-55 procentų darbingumo lygis)'.
2025-04-01 09:24:16 [main] DEBUG l.i.u.t.SubmittedApplicationsPageTest - Entered disability information: 'Negalia 1'.
2025-04-01 09:24:17 [main] DEBUG l.i.u.t.SubmittedApplicationsPageTest - Entered qualification: 'Kvalifikacija 1'.
2025-04-01 09:24:17 [main] DEBUG l.i.u.t.SubmittedApplicationsPageTest - Entered job description: 'Darbo vietos aprašymas 1'.
2025-04-01 09:24:17 [main] DEBUG l.i.u.t.SubmittedApplicationsPageTest - Entered equipment description: 'Priemonių įsigyjimas 1'.
2025-04-01 09:24:17 [main] DEBUG l.i.u.t.SubmittedApplicationsPageTest - Entered work information: 'Darbai 1'.
2025-04-01 09:24:17 [main] INFO  l.i.u.p.SubmittedApplicationsPage - Located the dropdown button.
2025-04-01 09:24:18 [main] INFO  l.i.u.p.SubmittedApplicationsPage - Successfully selected the value: 'Kita'
2025-04-01 09:24:18 [main] DEBUG l.i.u.t.SubmittedApplicationsPageTest - Selected time mode: 'Kita'.
2025-04-01 09:24:19 [main] DEBUG l.i.u.t.SubmittedApplicationsPageTest - Selected time mode other: '6 val. per dieną ir 4 d. per savaitę'.
2025-04-01 09:24:19 [main] DEBUG l.i.u.t.SubmittedApplicationsPageTest - Entered salary amount: '1200'.
2025-04-01 09:24:19 [main] DEBUG l.i.u.t.SubmittedApplicationsPageTest - Entered salary description: 'Užmokestis 1'.
2025-04-01 09:24:19 [main] DEBUG l.i.u.t.SubmittedApplicationsPageTest - Selected 'Temporary Job' radio button.
2025-04-01 09:24:19 [main] DEBUG l.i.u.t.SubmittedApplicationsPageTest - Selected 'Season Job' radio button.
2025-04-01 09:24:19 [main] DEBUG l.i.u.t.SubmittedApplicationsPageTest - Selected 'PVM' radio button.
2025-04-01 09:24:19 [main] INFO  l.i.u.p.SubmittedApplicationsPage - Located the dropdown button.
2025-04-01 09:24:20 [main] INFO  l.i.u.p.SubmittedApplicationsPage - Successfully selected the value: 'Darbo vietos pritaikymui'
2025-04-01 09:24:50 [main] ERROR l.i.u.p.SubmittedApplicationsPage - Timeout while waiting for dropdown to close with aria-expanded = 'false'.
2025-04-01 09:24:50 [main] DEBUG l.i.u.t.SubmittedApplicationsPageTest - Selected adaptable job name: 'Darbo vietos pritaikymui'.
2025-04-01 09:24:50 [main] DEBUG l.i.u.p.SubmittedApplicationsPage - Located and clicked the dropdown button 'Reikalinga'.
2025-04-01 09:24:50 [main] INFO  l.i.u.p.SubmittedApplicationsPage - Successfully selected the value: 'Įsigyti'
2025-04-01 09:24:50 [main] DEBUG l.i.u.t.SubmittedApplicationsPageTest - Selected necessary for job: 'Įsigyti'.
2025-04-01 09:24:51 [main] DEBUG l.i.u.t.SubmittedApplicationsPageTest - Selected tool: 'Darbo priemonė 1'.
2025-04-01 09:24:51 [main] DEBUG l.i.u.t.SubmittedApplicationsPageTest - Selected tool parameter one: 'Darbo priemonės 1 parametras 1'.
2025-04-01 09:24:51 [main] DEBUG l.i.u.t.SubmittedApplicationsPageTest - Selected tool parameter two: 'Darbo priemonės 1 parametras 2'.
2025-04-01 09:24:51 [main] DEBUG l.i.u.t.SubmittedApplicationsPageTest - Selected tool parameter three: 'Darbo priemonės 1 parametras 3'.
2025-04-01 09:24:51 [main] DEBUG l.i.u.t.SubmittedApplicationsPageTest - Entered tool count: '1'.
2025-04-01 09:24:52 [main] DEBUG l.i.u.t.SubmittedApplicationsPageTest - Entered price amount: '1000'.
2025-04-01 09:24:52 [main] DEBUG l.i.u.t.SubmittedApplicationsPageTest - Entered own funds amount: '800'.
2025-04-01 09:24:54 [main] DEBUG l.i.u.t.SubmittedApplicationsPageTest - Clicked 'Add' button.
2025-04-01 09:24:54 [main] INFO  l.i.u.p.SubmittedApplicationsPage - Located the dropdown button.
2025-04-01 09:24:54 [main] INFO  l.i.u.p.SubmittedApplicationsPage - Successfully selected the value: 'Aplinkos pritaikymui'
2025-04-01 09:25:25 [main] ERROR l.i.u.p.SubmittedApplicationsPage - Timeout while waiting for dropdown to close with aria-expanded = 'false'.
2025-04-01 09:25:25 [main] DEBUG l.i.u.t.SubmittedApplicationsPageTest - Selected adaptable job name: 'Aplinkos pritaikymui'.
2025-04-01 09:25:25 [main] DEBUG l.i.u.p.SubmittedApplicationsPage - Located and clicked the dropdown button 'Reikalinga'.
2025-04-01 09:25:25 [main] INFO  l.i.u.p.SubmittedApplicationsPage - Successfully selected the value: 'Remontuoti'
2025-04-01 09:25:36 [main] DEBUG l.i.u.t.SubmittedApplicationsPageTest - Selected necessary for job: 'Remontuoti'.
2025-04-01 09:25:36 [main] DEBUG l.i.u.t.SubmittedApplicationsPageTest - Selected tool: 'Darbo priemonė 2 remontui'.
2025-04-01 09:25:36 [main] DEBUG l.i.u.t.SubmittedApplicationsPageTest - Entered work information: 'Remonto darbai 1'.
2025-04-01 09:25:36 [main] DEBUG l.i.u.t.SubmittedApplicationsPageTest - Entered tool count: '2'.
2025-04-01 09:25:37 [main] DEBUG l.i.u.t.SubmittedApplicationsPageTest - Entered price amount: '1000'.
2025-04-01 09:25:37 [main] DEBUG l.i.u.t.SubmittedApplicationsPageTest - Entered own funds amount: '900'.
2025-04-01 09:25:39 [main] DEBUG l.i.u.t.SubmittedApplicationsPageTest - Clicked 'AddRemoved' button.
2025-04-01 09:25:41 [main] DEBUG l.i.u.t.SubmittedApplicationsPageTest - Clicked 'Remove' button.
2025-04-01 09:25:43 [main] DEBUG l.i.u.t.SubmittedApplicationsPageTest - Clicked 'Remove Confirmation' button.
2025-04-01 09:25:46 [main] DEBUG l.i.u.t.SubmittedApplicationsPageTest - Selected 'De Minimis' radio button.
2025-04-01 09:25:46 [main] DEBUG l.i.u.t.SubmittedApplicationsPageTest - Entered program name: 'Programa 1'.
2025-04-01 09:25:46 [main] DEBUG l.i.u.t.SubmittedApplicationsPageTest - Entered project date from.
2025-04-01 09:25:46 [main] DEBUG l.i.u.t.SubmittedApplicationsPageTest - Entered project date until.
2025-04-01 09:25:46 [main] DEBUG l.i.u.t.SubmittedApplicationsPageTest - Entered support amount: '2000'.
2025-04-01 09:25:46 [main] DEBUG l.i.u.t.SubmittedApplicationsPageTest - Clicked 'Next' button.
2025-04-01 09:25:56 [main] DEBUG l.i.u.t.SubmittedApplicationsPageTest - Checked 'Legal Entities' checkbox 1.
2025-04-01 09:26:07 [main] DEBUG l.i.u.t.SubmittedApplicationsPageTest - Checked 'Legal Entities' checkbox 2.
2025-04-01 09:26:17 [main] DEBUG l.i.u.t.SubmittedApplicationsPageTest - Checked 'Legal Entities' checkbox 3.
2025-04-01 09:26:17 [main] DEBUG l.i.u.t.SubmittedApplicationsPageTest - Test finished: All 'Legal Entities' checkboxes checked successfully.
2025-04-01 09:26:17 [main] DEBUG l.i.u.t.SubmittedApplicationsPageTest - Clicked 'Next' button after checkboxes.
2025-04-01 09:26:27 [main] ERROR l.i.u.p.SubmittedApplicationsPage - Error selecting radio button: Expected condition failed: waiting for element to be clickable: By.xpath: (//input[@type='radio' and @value='false'])[8] (tried for 10 second(s) with 500 milliseconds interval)
Build info: version: '4.27.0', revision: 'd6e718d134'
System info: os.name: 'Windows 11', os.arch: 'amd64', os.version: '10.0', java.version: '21.0.3'
Driver info: org.openqa.selenium.chrome.ChromeDriver
Capabilities {acceptInsecureCerts: false, browserName: chrome, browserVersion: 134.0.6998.178, chrome: {chromedriverVersion: 134.0.6998.165 (fd886e2cb29..., userDataDir: C:\Users\INGRID~1.ZAD\AppDa...}, fedcm:accounts: true, goog:chromeOptions: {debuggerAddress: localhost:53476}, networkConnectionEnabled: false, pageLoadStrategy: normal, platformName: windows, proxy: Proxy(), se:cdp: ws://localhost:53476/devtoo..., se:cdpVersion: 134.0.6998.178, setWindowRect: true, strictFileInteractability: false, timeouts: {implicit: 0, pageLoad: 300000, script: 30000}, unhandledPromptBehavior: dismiss and notify, webauthn:extension:credBlob: true, webauthn:extension:largeBlob: true, webauthn:extension:minPinLength: true, webauthn:extension:prf: true, webauthn:virtualAuthenticators: true}
Session ID: 7a3da29ef0120bb0cac9d12a0288ea03
2025-04-01 09:26:27 [main] INFO  l.i.u.t.SubmittedApplicationsPageTest - Marking 'Ne' radio button 1
2025-04-01 09:26:37 [main] ERROR l.i.u.p.SubmittedApplicationsPage - Error selecting radio button: Expected condition failed: waiting for element to be clickable: By.xpath: (//input[@type='radio' and @value='false'])[9] (tried for 10 second(s) with 500 milliseconds interval)
Build info: version: '4.27.0', revision: 'd6e718d134'
System info: os.name: 'Windows 11', os.arch: 'amd64', os.version: '10.0', java.version: '21.0.3'
Driver info: org.openqa.selenium.chrome.ChromeDriver
Capabilities {acceptInsecureCerts: false, browserName: chrome, browserVersion: 134.0.6998.178, chrome: {chromedriverVersion: 134.0.6998.165 (fd886e2cb29..., userDataDir: C:\Users\INGRID~1.ZAD\AppDa...}, fedcm:accounts: true, goog:chromeOptions: {debuggerAddress: localhost:53476}, networkConnectionEnabled: false, pageLoadStrategy: normal, platformName: windows, proxy: Proxy(), se:cdp: ws://localhost:53476/devtoo..., se:cdpVersion: 134.0.6998.178, setWindowRect: true, strictFileInteractability: false, timeouts: {implicit: 0, pageLoad: 300000, script: 30000}, unhandledPromptBehavior: dismiss and notify, webauthn:extension:credBlob: true, webauthn:extension:largeBlob: true, webauthn:extension:minPinLength: true, webauthn:extension:prf: true, webauthn:virtualAuthenticators: true}
Session ID: 7a3da29ef0120bb0cac9d12a0288ea03
2025-04-01 09:26:37 [main] INFO  l.i.u.t.SubmittedApplicationsPageTest - Marking 'Ne' radio button 2
2025-04-01 09:26:47 [main] ERROR l.i.u.p.SubmittedApplicationsPage - Error selecting radio button: Expected condition failed: waiting for element to be clickable: By.xpath: (//input[@type='radio' and @value='false'])[10] (tried for 10 second(s) with 500 milliseconds interval)
Build info: version: '4.27.0', revision: 'd6e718d134'
System info: os.name: 'Windows 11', os.arch: 'amd64', os.version: '10.0', java.version: '21.0.3'
Driver info: org.openqa.selenium.chrome.ChromeDriver
Capabilities {acceptInsecureCerts: false, browserName: chrome, browserVersion: 134.0.6998.178, chrome: {chromedriverVersion: 134.0.6998.165 (fd886e2cb29..., userDataDir: C:\Users\INGRID~1.ZAD\AppDa...}, fedcm:accounts: true, goog:chromeOptions: {debuggerAddress: localhost:53476}, networkConnectionEnabled: false, pageLoadStrategy: normal, platformName: windows, proxy: Proxy(), se:cdp: ws://localhost:53476/devtoo..., se:cdpVersion: 134.0.6998.178, setWindowRect: true, strictFileInteractability: false, timeouts: {implicit: 0, pageLoad: 300000, script: 30000}, unhandledPromptBehavior: dismiss and notify, webauthn:extension:credBlob: true, webauthn:extension:largeBlob: true, webauthn:extension:minPinLength: true, webauthn:extension:prf: true, webauthn:virtualAuthenticators: true}
Session ID: 7a3da29ef0120bb0cac9d12a0288ea03
2025-04-01 09:26:47 [main] INFO  l.i.u.t.SubmittedApplicationsPageTest - Marking 'Ne' radio button 3
2025-04-01 09:26:57 [main] ERROR l.i.u.p.SubmittedApplicationsPage - Error selecting radio button: Expected condition failed: waiting for element to be clickable: By.xpath: (//input[@type='radio' and @value='false'])[11] (tried for 10 second(s) with 500 milliseconds interval)
Build info: version: '4.27.0', revision: 'd6e718d134'
System info: os.name: 'Windows 11', os.arch: 'amd64', os.version: '10.0', java.version: '21.0.3'
Driver info: org.openqa.selenium.chrome.ChromeDriver
Capabilities {acceptInsecureCerts: false, browserName: chrome, browserVersion: 134.0.6998.178, chrome: {chromedriverVersion: 134.0.6998.165 (fd886e2cb29..., userDataDir: C:\Users\INGRID~1.ZAD\AppDa...}, fedcm:accounts: true, goog:chromeOptions: {debuggerAddress: localhost:53476}, networkConnectionEnabled: false, pageLoadStrategy: normal, platformName: windows, proxy: Proxy(), se:cdp: ws://localhost:53476/devtoo..., se:cdpVersion: 134.0.6998.178, setWindowRect: true, strictFileInteractability: false, timeouts: {implicit: 0, pageLoad: 300000, script: 30000}, unhandledPromptBehavior: dismiss and notify, webauthn:extension:credBlob: true, webauthn:extension:largeBlob: true, webauthn:extension:minPinLength: true, webauthn:extension:prf: true, webauthn:virtualAuthenticators: true}
Session ID: 7a3da29ef0120bb0cac9d12a0288ea03
2025-04-01 09:26:57 [main] INFO  l.i.u.t.SubmittedApplicationsPageTest - Marking 'Ne' radio button 4
2025-04-01 09:27:08 [main] ERROR l.i.u.p.SubmittedApplicationsPage - Error selecting radio button: Expected condition failed: waiting for element to be clickable: By.xpath: (//input[@type='radio' and @value='false'])[12] (tried for 10 second(s) with 500 milliseconds interval)
Build info: version: '4.27.0', revision: 'd6e718d134'
System info: os.name: 'Windows 11', os.arch: 'amd64', os.version: '10.0', java.version: '21.0.3'
Driver info: org.openqa.selenium.chrome.ChromeDriver
Capabilities {acceptInsecureCerts: false, browserName: chrome, browserVersion: 134.0.6998.178, chrome: {chromedriverVersion: 134.0.6998.165 (fd886e2cb29..., userDataDir: C:\Users\INGRID~1.ZAD\AppDa...}, fedcm:accounts: true, goog:chromeOptions: {debuggerAddress: localhost:53476}, networkConnectionEnabled: false, pageLoadStrategy: normal, platformName: windows, proxy: Proxy(), se:cdp: ws://localhost:53476/devtoo..., se:cdpVersion: 134.0.6998.178, setWindowRect: true, strictFileInteractability: false, timeouts: {implicit: 0, pageLoad: 300000, script: 30000}, unhandledPromptBehavior: dismiss and notify, webauthn:extension:credBlob: true, webauthn:extension:largeBlob: true, webauthn:extension:minPinLength: true, webauthn:extension:prf: true, webauthn:virtualAuthenticators: true}
Session ID: 7a3da29ef0120bb0cac9d12a0288ea03
2025-04-01 09:27:08 [main] INFO  l.i.u.t.SubmittedApplicationsPageTest - Marking 'Ne' radio button 5
2025-04-01 09:27:18 [main] ERROR l.i.u.p.SubmittedApplicationsPage - Error selecting radio button: Expected condition failed: waiting for element to be clickable: By.xpath: (//input[@type='radio' and @value='false'])[13] (tried for 10 second(s) with 500 milliseconds interval)
Build info: version: '4.27.0', revision: 'd6e718d134'
System info: os.name: 'Windows 11', os.arch: 'amd64', os.version: '10.0', java.version: '21.0.3'
Driver info: org.openqa.selenium.chrome.ChromeDriver
Capabilities {acceptInsecureCerts: false, browserName: chrome, browserVersion: 134.0.6998.178, chrome: {chromedriverVersion: 134.0.6998.165 (fd886e2cb29..., userDataDir: C:\Users\INGRID~1.ZAD\AppDa...}, fedcm:accounts: true, goog:chromeOptions: {debuggerAddress: localhost:53476}, networkConnectionEnabled: false, pageLoadStrategy: normal, platformName: windows, proxy: Proxy(), se:cdp: ws://localhost:53476/devtoo..., se:cdpVersion: 134.0.6998.178, setWindowRect: true, strictFileInteractability: false, timeouts: {implicit: 0, pageLoad: 300000, script: 30000}, unhandledPromptBehavior: dismiss and notify, webauthn:extension:credBlob: true, webauthn:extension:largeBlob: true, webauthn:extension:minPinLength: true, webauthn:extension:prf: true, webauthn:virtualAuthenticators: true}
Session ID: 7a3da29ef0120bb0cac9d12a0288ea03
2025-04-01 09:27:18 [main] INFO  l.i.u.t.SubmittedApplicationsPageTest - Marking 'Ne' radio button 6
2025-04-01 09:27:28 [main] ERROR l.i.u.p.SubmittedApplicationsPage - Error selecting radio button: Expected condition failed: waiting for element to be clickable: By.xpath: (//input[@type='radio' and @value='true'])[14] (tried for 10 second(s) with 500 milliseconds interval)
Build info: version: '4.27.0', revision: 'd6e718d134'
System info: os.name: 'Windows 11', os.arch: 'amd64', os.version: '10.0', java.version: '21.0.3'
Driver info: org.openqa.selenium.chrome.ChromeDriver
Capabilities {acceptInsecureCerts: false, browserName: chrome, browserVersion: 134.0.6998.178, chrome: {chromedriverVersion: 134.0.6998.165 (fd886e2cb29..., userDataDir: C:\Users\INGRID~1.ZAD\AppDa...}, fedcm:accounts: true, goog:chromeOptions: {debuggerAddress: localhost:53476}, networkConnectionEnabled: false, pageLoadStrategy: normal, platformName: windows, proxy: Proxy(), se:cdp: ws://localhost:53476/devtoo..., se:cdpVersion: 134.0.6998.178, setWindowRect: true, strictFileInteractability: false, timeouts: {implicit: 0, pageLoad: 300000, script: 30000}, unhandledPromptBehavior: dismiss and notify, webauthn:extension:credBlob: true, webauthn:extension:largeBlob: true, webauthn:extension:minPinLength: true, webauthn:extension:prf: true, webauthn:virtualAuthenticators: true}
Session ID: 7a3da29ef0120bb0cac9d12a0288ea03
2025-04-01 09:27:28 [main] INFO  l.i.u.t.SubmittedApplicationsPageTest - Marking 'Taip' radio button 7
2025-04-01 09:27:38 [main] ERROR l.i.u.p.SubmittedApplicationsPage - Error selecting radio button: Expected condition failed: waiting for element to be clickable: By.xpath: (//input[@type='radio' and @value='true'])[15] (tried for 10 second(s) with 500 milliseconds interval)
Build info: version: '4.27.0', revision: 'd6e718d134'
System info: os.name: 'Windows 11', os.arch: 'amd64', os.version: '10.0', java.version: '21.0.3'
Driver info: org.openqa.selenium.chrome.ChromeDriver
Capabilities {acceptInsecureCerts: false, browserName: chrome, browserVersion: 134.0.6998.178, chrome: {chromedriverVersion: 134.0.6998.165 (fd886e2cb29..., userDataDir: C:\Users\INGRID~1.ZAD\AppDa...}, fedcm:accounts: true, goog:chromeOptions: {debuggerAddress: localhost:53476}, networkConnectionEnabled: false, pageLoadStrategy: normal, platformName: windows, proxy: Proxy(), se:cdp: ws://localhost:53476/devtoo..., se:cdpVersion: 134.0.6998.178, setWindowRect: true, strictFileInteractability: false, timeouts: {implicit: 0, pageLoad: 300000, script: 30000}, unhandledPromptBehavior: dismiss and notify, webauthn:extension:credBlob: true, webauthn:extension:largeBlob: true, webauthn:extension:minPinLength: true, webauthn:extension:prf: true, webauthn:virtualAuthenticators: true}
Session ID: 7a3da29ef0120bb0cac9d12a0288ea03
2025-04-01 09:27:38 [main] INFO  l.i.u.t.SubmittedApplicationsPageTest - Marking 'Taip' radio button 8
2025-04-01 09:27:48 [main] ERROR l.i.u.p.SubmittedApplicationsPage - Error selecting radio button: Expected condition failed: waiting for element to be clickable: By.xpath: (//input[@type='radio' and @value='true'])[16] (tried for 10 second(s) with 500 milliseconds interval)
Build info: version: '4.27.0', revision: 'd6e718d134'
System info: os.name: 'Windows 11', os.arch: 'amd64', os.version: '10.0', java.version: '21.0.3'
Driver info: org.openqa.selenium.chrome.ChromeDriver
Capabilities {acceptInsecureCerts: false, browserName: chrome, browserVersion: 134.0.6998.178, chrome: {chromedriverVersion: 134.0.6998.165 (fd886e2cb29..., userDataDir: C:\Users\INGRID~1.ZAD\AppDa...}, fedcm:accounts: true, goog:chromeOptions: {debuggerAddress: localhost:53476}, networkConnectionEnabled: false, pageLoadStrategy: normal, platformName: windows, proxy: Proxy(), se:cdp: ws://localhost:53476/devtoo..., se:cdpVersion: 134.0.6998.178, setWindowRect: true, strictFileInteractability: false, timeouts: {implicit: 0, pageLoad: 300000, script: 30000}, unhandledPromptBehavior: dismiss and notify, webauthn:extension:credBlob: true, webauthn:extension:largeBlob: true, webauthn:extension:minPinLength: true, webauthn:extension:prf: true, webauthn:virtualAuthenticators: true}
Session ID: 7a3da29ef0120bb0cac9d12a0288ea03
2025-04-01 09:27:48 [main] INFO  l.i.u.t.SubmittedApplicationsPageTest - Marking 'Taip' radio button 9
2025-04-01 09:27:58 [main] ERROR l.i.u.p.SubmittedApplicationsPage - Error selecting radio button: Expected condition failed: waiting for element to be clickable: By.xpath: (//input[@type='radio' and @value='true'])[17] (tried for 10 second(s) with 500 milliseconds interval)
Build info: version: '4.27.0', revision: 'd6e718d134'
System info: os.name: 'Windows 11', os.arch: 'amd64', os.version: '10.0', java.version: '21.0.3'
Driver info: org.openqa.selenium.chrome.ChromeDriver
Capabilities {acceptInsecureCerts: false, browserName: chrome, browserVersion: 134.0.6998.178, chrome: {chromedriverVersion: 134.0.6998.165 (fd886e2cb29..., userDataDir: C:\Users\INGRID~1.ZAD\AppDa...}, fedcm:accounts: true, goog:chromeOptions: {debuggerAddress: localhost:53476}, networkConnectionEnabled: false, pageLoadStrategy: normal, platformName: windows, proxy: Proxy(), se:cdp: ws://localhost:53476/devtoo..., se:cdpVersion: 134.0.6998.178, setWindowRect: true, strictFileInteractability: false, timeouts: {implicit: 0, pageLoad: 300000, script: 30000}, unhandledPromptBehavior: dismiss and notify, webauthn:extension:credBlob: true, webauthn:extension:largeBlob: true, webauthn:extension:minPinLength: true, webauthn:extension:prf: true, webauthn:virtualAuthenticators: true}
Session ID: 7a3da29ef0120bb0cac9d12a0288ea03
2025-04-01 09:27:58 [main] INFO  l.i.u.t.SubmittedApplicationsPageTest - Marking 'Taip' radio button 10
2025-04-01 09:28:08 [main] ERROR l.i.u.p.SubmittedApplicationsPage - Error selecting radio button: Expected condition failed: waiting for element to be clickable: By.xpath: (//input[@type='radio' and @value='true'])[18] (tried for 10 second(s) with 500 milliseconds interval)
Build info: version: '4.27.0', revision: 'd6e718d134'
System info: os.name: 'Windows 11', os.arch: 'amd64', os.version: '10.0', java.version: '21.0.3'
Driver info: org.openqa.selenium.chrome.ChromeDriver
Capabilities {acceptInsecureCerts: false, browserName: chrome, browserVersion: 134.0.6998.178, chrome: {chromedriverVersion: 134.0.6998.165 (fd886e2cb29..., userDataDir: C:\Users\INGRID~1.ZAD\AppDa...}, fedcm:accounts: true, goog:chromeOptions: {debuggerAddress: localhost:53476}, networkConnectionEnabled: false, pageLoadStrategy: normal, platformName: windows, proxy: Proxy(), se:cdp: ws://localhost:53476/devtoo..., se:cdpVersion: 134.0.6998.178, setWindowRect: true, strictFileInteractability: false, timeouts: {implicit: 0, pageLoad: 300000, script: 30000}, unhandledPromptBehavior: dismiss and notify, webauthn:extension:credBlob: true, webauthn:extension:largeBlob: true, webauthn:extension:minPinLength: true, webauthn:extension:prf: true, webauthn:virtualAuthenticators: true}
Session ID: 7a3da29ef0120bb0cac9d12a0288ea03
2025-04-01 09:28:08 [main] INFO  l.i.u.t.SubmittedApplicationsPageTest - Marking 'Taip' radio button 11
2025-04-01 09:28:18 [main] ERROR l.i.u.p.SubmittedApplicationsPage - Error selecting radio button: Expected condition failed: waiting for element to be clickable: By.xpath: (//input[@type='radio' and @value='true'])[19] (tried for 10 second(s) with 500 milliseconds interval)
Build info: version: '4.27.0', revision: 'd6e718d134'
System info: os.name: 'Windows 11', os.arch: 'amd64', os.version: '10.0', java.version: '21.0.3'
Driver info: org.openqa.selenium.chrome.ChromeDriver
Capabilities {acceptInsecureCerts: false, browserName: chrome, browserVersion: 134.0.6998.178, chrome: {chromedriverVersion: 134.0.6998.165 (fd886e2cb29..., userDataDir: C:\Users\INGRID~1.ZAD\AppDa...}, fedcm:accounts: true, goog:chromeOptions: {debuggerAddress: localhost:53476}, networkConnectionEnabled: false, pageLoadStrategy: normal, platformName: windows, proxy: Proxy(), se:cdp: ws://localhost:53476/devtoo..., se:cdpVersion: 134.0.6998.178, setWindowRect: true, strictFileInteractability: false, timeouts: {implicit: 0, pageLoad: 300000, script: 30000}, unhandledPromptBehavior: dismiss and notify, webauthn:extension:credBlob: true, webauthn:extension:largeBlob: true, webauthn:extension:minPinLength: true, webauthn:extension:prf: true, webauthn:virtualAuthenticators: true}
Session ID: 7a3da29ef0120bb0cac9d12a0288ea03
2025-04-01 09:28:18 [main] INFO  l.i.u.t.SubmittedApplicationsPageTest - Marking 'Taip' radio button 12
2025-04-01 09:28:28 [main] DEBUG l.i.u.t.SubmittedApplicationsPageTest - Checked 'ConfirmationStepFour'
2025-04-01 09:28:29 [main] DEBUG l.i.u.t.SubmittedApplicationsPageTest - Clicked 'Next' button after checkboxes.
2025-04-01 09:28:29 [main] INFO  l.i.u.p.SubmittedApplicationsPage - File uploaded successfully to an input element.
2025-04-01 09:28:29 [main] INFO  l.i.u.p.SubmittedApplicationsPage - File uploaded successfully to an input element.
2025-04-01 09:28:29 [main] INFO  l.i.u.p.SubmittedApplicationsPage - File uploaded successfully to an input element.
2025-04-01 09:28:29 [main] INFO  l.i.u.p.SubmittedApplicationsPage - File uploaded successfully to an input element.
2025-04-01 09:28:29 [main] INFO  l.i.u.p.SubmittedApplicationsPage - File uploaded successfully to an input element.
2025-04-01 09:28:29 [main] INFO  l.i.u.p.SubmittedApplicationsPage - File uploaded successfully to an input element.
2025-04-01 09:28:29 [main] INFO  l.i.u.p.SubmittedApplicationsPage - File uploaded successfully to an input element.
2025-04-01 09:28:29 [main] INFO  l.i.u.p.SubmittedApplicationsPage - File uploaded successfully to an input element.
2025-04-01 09:28:29 [main] DEBUG l.i.u.t.SubmittedApplicationsPageTest - Entered program name: 'Dokumentas 1'.
2025-04-01 09:28:29 [main] DEBUG l.i.u.t.SubmittedApplicationsPageTest - Entered program name: 'Dokumentas 2'.
2025-04-01 09:28:29 [main] DEBUG l.i.u.t.SubmittedApplicationsPageTest - Entered program name: 'Dokumentas 3'.
2025-04-01 09:28:30 [main] DEBUG l.i.u.t.SubmittedApplicationsPageTest - Entered program name: 'Dokumentas 4'.
2025-04-01 09:28:30 [main] DEBUG l.i.u.t.SubmittedApplicationsPageTest - Entered program name: 'Dokumentas 5'.
2025-04-01 09:28:30 [main] DEBUG l.i.u.t.SubmittedApplicationsPageTest - Entered program name: 'Dokumentas 6'.
2025-04-01 09:28:30 [main] DEBUG l.i.u.t.SubmittedApplicationsPageTest - Entered program name: 'Dokumentas 4'.
2025-04-01 09:28:30 [main] DEBUG l.i.u.t.SubmittedApplicationsPageTest - Entered program name: 'Dokumentas 8'.
2025-04-01 09:28:40 [main] DEBUG l.i.u.t.SubmittedApplicationsPageTest - Checked 'ConfirmationDocument'
2025-04-01 09:28:50 [main] DEBUG l.i.u.t.SubmittedApplicationsPageTest - Checked 'ConfirmationApplication'
2025-04-01 09:28:51 [main] DEBUG l.i.u.t.SubmittedApplicationsPageTest - Clicked 'Review' button after checkboxes.
2025-04-01 09:28:51 [main] DEBUG l.i.u.t.SubmittedApplicationsPageTest - Clicked 'SaveDraft' button after checkboxes.
2025-04-01 09:28:51 [main] DEBUG l.i.uztis.pages.ApplicationFormsPage - Verified success message: 'Ruošinys sėkmingai išsaugotas.'
2025-04-01 09:29:01 [main] ERROR l.i.u.t.SubmittedApplicationsPageTest - Test 'testFillNewDVPApplicationFA' failed with error: no such element: Unable to locate element: {"method":"css selector","selector":"common-button:nth-of-type(3) > .btn.btn--primary"}
  (Session info: chrome=134.0.6998.178)
For documentation on this error, please visit: https://www.selenium.dev/documentation/webdriver/troubleshooting/errors#no-such-element-exception
Build info: version: '4.27.0', revision: 'd6e718d134'
System info: os.name: 'Windows 11', os.arch: 'amd64', os.version: '10.0', java.version: '21.0.3'
Driver info: org.openqa.selenium.chrome.ChromeDriver
Command: [7a3da29ef0120bb0cac9d12a0288ea03, findElement {value=common-button:nth-of-type(3) > .btn.btn--primary, using=css selector}]
Capabilities {acceptInsecureCerts: false, browserName: chrome, browserVersion: 134.0.6998.178, chrome: {chromedriverVersion: 134.0.6998.165 (fd886e2cb29..., userDataDir: C:\Users\INGRID~1.ZAD\AppDa...}, fedcm:accounts: true, goog:chromeOptions: {debuggerAddress: localhost:53476}, networkConnectionEnabled: false, pageLoadStrategy: normal, platformName: windows, proxy: Proxy(), se:cdp: ws://localhost:53476/devtoo..., se:cdpVersion: 134.0.6998.178, setWindowRect: true, strictFileInteractability: false, timeouts: {implicit: 0, pageLoad: 300000, script: 30000}, unhandledPromptBehavior: dismiss and notify, webauthn:extension:credBlob: true, webauthn:extension:largeBlob: true, webauthn:extension:minPinLength: true, webauthn:extension:prf: true, webauthn:virtualAuthenticators: true}
Session ID: 7a3da29ef0120bb0cac9d12a0288ea03
org.openqa.selenium.NoSuchElementException: no such element: Unable to locate element: {"method":"css selector","selector":"common-button:nth-of-type(3) > .btn.btn--primary"}
  (Session info: chrome=134.0.6998.178)
For documentation on this error, please visit: https://www.selenium.dev/documentation/webdriver/troubleshooting/errors#no-such-element-exception
Build info: version: '4.27.0', revision: 'd6e718d134'
System info: os.name: 'Windows 11', os.arch: 'amd64', os.version: '10.0', java.version: '21.0.3'
Driver info: org.openqa.selenium.chrome.ChromeDriver
Command: [7a3da29ef0120bb0cac9d12a0288ea03, findElement {value=common-button:nth-of-type(3) > .btn.btn--primary, using=css selector}]
Capabilities {acceptInsecureCerts: false, browserName: chrome, browserVersion: 134.0.6998.178, chrome: {chromedriverVersion: 134.0.6998.165 (fd886e2cb29..., userDataDir: C:\Users\INGRID~1.ZAD\AppDa...}, fedcm:accounts: true, goog:chromeOptions: {debuggerAddress: localhost:53476}, networkConnectionEnabled: false, pageLoadStrategy: normal, platformName: windows, proxy: Proxy(), se:cdp: ws://localhost:53476/devtoo..., se:cdpVersion: 134.0.6998.178, setWindowRect: true, strictFileInteractability: false, timeouts: {implicit: 0, pageLoad: 300000, script: 30000}, unhandledPromptBehavior: dismiss and notify, webauthn:extension:credBlob: true, webauthn:extension:largeBlob: true, webauthn:extension:minPinLength: true, webauthn:extension:prf: true, webauthn:virtualAuthenticators: true}
Session ID: 7a3da29ef0120bb0cac9d12a0288ea03
	at java.base/jdk.internal.reflect.DirectConstructorHandleAccessor.newInstance(DirectConstructorHandleAccessor.java:62)
	at java.base/java.lang.reflect.Constructor.newInstanceWithCaller(Constructor.java:502)
	at java.base/java.lang.reflect.Constructor.newInstance(Constructor.java:486)
	at org.openqa.selenium.remote.ErrorCodec.decode(ErrorCodec.java:167)
	at org.openqa.selenium.remote.codec.w3c.W3CHttpResponseCodec.decode(W3CHttpResponseCodec.java:138)
	at org.openqa.selenium.remote.codec.w3c.W3CHttpResponseCodec.decode(W3CHttpResponseCodec.java:50)
	at org.openqa.selenium.remote.HttpCommandExecutor.execute(HttpCommandExecutor.java:190)
	at org.openqa.selenium.remote.service.DriverCommandExecutor.invokeExecute(DriverCommandExecutor.java:216)
	at org.openqa.selenium.remote.service.DriverCommandExecutor.execute(DriverCommandExecutor.java:174)
	at org.openqa.selenium.remote.RemoteWebDriver.execute(RemoteWebDriver.java:545)
	at org.openqa.selenium.remote.ElementLocation$ElementFinder$2.findElement(ElementLocation.java:165)
	at org.openqa.selenium.remote.ElementLocation.findElement(ElementLocation.java:59)
	at org.openqa.selenium.remote.RemoteWebDriver.findElement(RemoteWebDriver.java:368)
	at org.openqa.selenium.remote.RemoteWebDriver.findElement(RemoteWebDriver.java:362)
	at org.openqa.selenium.support.pagefactory.DefaultElementLocator.findElement(DefaultElementLocator.java:68)
	at org.openqa.selenium.support.pagefactory.internal.LocatingElementHandler.invoke(LocatingElementHandler.java:38)
	at jdk.proxy2/jdk.proxy2.$Proxy14.isSelected(Unknown Source)
	at lt.insoft.uztis.pages.SubmittedApplicationsPage.clickButtonSubmit(SubmittedApplicationsPage.java:892)
	at lt.insoft.uztis.tests.SubmittedApplicationsPageTest.testFillNewDVPApplicationFA(SubmittedApplicationsPageTest.java:949)
	at java.base/jdk.internal.reflect.DirectMethodHandleAccessor.invoke(DirectMethodHandleAccessor.java:103)
	at java.base/java.lang.reflect.Method.invoke(Method.java:580)
	at org.junit.platform.commons.util.ReflectionUtils.invokeMethod(ReflectionUtils.java:728)
	at org.junit.jupiter.engine.execution.MethodInvocation.proceed(MethodInvocation.java:60)
	at org.junit.jupiter.engine.execution.InvocationInterceptorChain$ValidatingInvocation.proceed(InvocationInterceptorChain.java:131)
	at org.junit.jupiter.engine.extension.TimeoutExtension.intercept(TimeoutExtension.java:156)
	at org.junit.jupiter.engine.extension.TimeoutExtension.interceptTestableMethod(TimeoutExtension.java:147)
	at org.junit.jupiter.engine.extension.TimeoutExtension.interceptTestMethod(TimeoutExtension.java:86)
	at org.junit.jupiter.engine.execution.InterceptingExecutableInvoker$ReflectiveInterceptorCall.lambda$ofVoidMethod$0(InterceptingExecutableInvoker.java:103)
	at org.junit.jupiter.engine.execution.InterceptingExecutableInvoker.lambda$invoke$0(InterceptingExecutableInvoker.java:93)
	at org.junit.jupiter.engine.execution.InvocationInterceptorChain$InterceptedInvocation.proceed(InvocationInterceptorChain.java:106)
	at org.junit.jupiter.engine.execution.InvocationInterceptorChain.proceed(InvocationInterceptorChain.java:64)
	at org.junit.jupiter.engine.execution.InvocationInterceptorChain.chainAndInvoke(InvocationInterceptorChain.java:45)
	at org.junit.jupiter.engine.execution.InvocationInterceptorChain.invoke(InvocationInterceptorChain.java:37)
	at org.junit.jupiter.engine.execution.InterceptingExecutableInvoker.invoke(InterceptingExecutableInvoker.java:92)
	at org.junit.jupiter.engine.execution.InterceptingExecutableInvoker.invoke(InterceptingExecutableInvoker.java:86)
	at org.junit.jupiter.engine.descriptor.TestMethodTestDescriptor.lambda$invokeTestMethod$7(TestMethodTestDescriptor.java:218)
	at org.junit.platform.engine.support.hierarchical.ThrowableCollector.execute(ThrowableCollector.java:73)
	at org.junit.jupiter.engine.descriptor.TestMethodTestDescriptor.invokeTestMethod(TestMethodTestDescriptor.java:214)
	at org.junit.jupiter.engine.descriptor.TestMethodTestDescriptor.execute(TestMethodTestDescriptor.java:139)
	at org.junit.jupiter.engine.descriptor.TestMethodTestDescriptor.execute(TestMethodTestDescriptor.java:69)
	at org.junit.platform.engine.support.hierarchical.NodeTestTask.lambda$executeRecursively$6(NodeTestTask.java:151)
	at org.junit.platform.engine.support.hierarchical.ThrowableCollector.execute(ThrowableCollector.java:73)
	at org.junit.platform.engine.support.hierarchical.NodeTestTask.lambda$executeRecursively$8(NodeTestTask.java:141)
	at org.junit.platform.engine.support.hierarchical.Node.around(Node.java:137)
	at org.junit.platform.engine.support.hierarchical.NodeTestTask.lambda$executeRecursively$9(NodeTestTask.java:139)
	at org.junit.platform.engine.support.hierarchical.ThrowableCollector.execute(ThrowableCollector.java:73)
	at org.junit.platform.engine.support.hierarchical.NodeTestTask.executeRecursively(NodeTestTask.java:138)
	at org.junit.platform.engine.support.hierarchical.NodeTestTask.execute(NodeTestTask.java:95)
	at java.base/java.util.ArrayList.forEach(ArrayList.java:1596)
	at org.junit.platform.engine.support.hierarchical.SameThreadHierarchicalTestExecutorService.invokeAll(SameThreadHierarchicalTestExecutorService.java:41)
	at org.junit.platform.engine.support.hierarchical.NodeTestTask.lambda$executeRecursively$6(NodeTestTask.java:155)
	at org.junit.platform.engine.support.hierarchical.ThrowableCollector.execute(ThrowableCollector.java:73)
	at org.junit.platform.engine.support.hierarchical.NodeTestTask.lambda$executeRecursively$8(NodeTestTask.java:141)
	at org.junit.platform.engine.support.hierarchical.Node.around(Node.java:137)
	at org.junit.platform.engine.support.hierarchical.NodeTestTask.lambda$executeRecursively$9(NodeTestTask.java:139)
	at org.junit.platform.engine.support.hierarchical.ThrowableCollector.execute(ThrowableCollector.java:73)
	at org.junit.platform.engine.support.hierarchical.NodeTestTask.executeRecursively(NodeTestTask.java:138)
	at org.junit.platform.engine.support.hierarchical.NodeTestTask.execute(NodeTestTask.java:95)
	at java.base/java.util.ArrayList.forEach(ArrayList.java:1596)
	at org.junit.platform.engine.support.hierarchical.SameThreadHierarchicalTestExecutorService.invokeAll(SameThreadHierarchicalTestExecutorService.java:41)
	at org.junit.platform.engine.support.hierarchical.NodeTestTask.lambda$executeRecursively$6(NodeTestTask.java:155)
	at org.junit.platform.engine.support.hierarchical.ThrowableCollector.execute(ThrowableCollector.java:73)
	at org.junit.platform.engine.support.hierarchical.NodeTestTask.lambda$executeRecursively$8(NodeTestTask.java:141)
	at org.junit.platform.engine.support.hierarchical.Node.around(Node.java:137)
	at org.junit.platform.engine.support.hierarchical.NodeTestTask.lambda$executeRecursively$9(NodeTestTask.java:139)
	at org.junit.platform.engine.support.hierarchical.ThrowableCollector.execute(ThrowableCollector.java:73)
	at org.junit.platform.engine.support.hierarchical.NodeTestTask.executeRecursively(NodeTestTask.java:138)
	at org.junit.platform.engine.support.hierarchical.NodeTestTask.execute(NodeTestTask.java:95)
	at org.junit.platform.engine.support.hierarchical.SameThreadHierarchicalTestExecutorService.submit(SameThreadHierarchicalTestExecutorService.java:35)
	at org.junit.platform.engine.support.hierarchical.HierarchicalTestExecutor.execute(HierarchicalTestExecutor.java:57)
	at org.junit.platform.engine.support.hierarchical.HierarchicalTestEngine.execute(HierarchicalTestEngine.java:54)
	at org.junit.platform.launcher.core.EngineExecutionOrchestrator.execute(EngineExecutionOrchestrator.java:198)
	at org.junit.platform.launcher.core.EngineExecutionOrchestrator.execute(EngineExecutionOrchestrator.java:169)
	at org.junit.platform.launcher.core.EngineExecutionOrchestrator.execute(EngineExecutionOrchestrator.java:93)
	at org.junit.platform.launcher.core.EngineExecutionOrchestrator.lambda$execute$0(EngineExecutionOrchestrator.java:58)
	at org.junit.platform.launcher.core.EngineExecutionOrchestrator.withInterceptedStreams(EngineExecutionOrchestrator.java:141)
	at org.junit.platform.launcher.core.EngineExecutionOrchestrator.execute(EngineExecutionOrchestrator.java:57)
	at org.junit.platform.launcher.core.DefaultLauncher.execute(DefaultLauncher.java:103)
	at org.junit.platform.launcher.core.DefaultLauncher.execute(DefaultLauncher.java:85)
	at org.junit.platform.launcher.core.DelegatingLauncher.execute(DelegatingLauncher.java:47)
	at org.junit.platform.launcher.core.SessionPerRequestLauncher.execute(SessionPerRequestLauncher.java:63)
	at com.intellij.junit5.JUnit5IdeaTestRunner.startRunnerWithArgs(JUnit5IdeaTestRunner.java:57)
	at com.intellij.rt.junit.IdeaTestRunner$Repeater$1.execute(IdeaTestRunner.java:38)
	at com.intellij.rt.execution.junit.TestsRepeater.repeat(TestsRepeater.java:11)
	at com.intellij.rt.junit.IdeaTestRunner$Repeater.startRunnerWithArgs(IdeaTestRunner.java:35)
	at com.intellij.rt.junit.JUnitStarter.prepareStreamsAndStart(JUnitStarter.java:232)
	at com.intellij.rt.junit.JUnitStarter.main(JUnitStarter.java:55)
2025-04-01 09:29:01 [main] INFO  l.insoft.uztis.tests.utils.TestUtils - Screenshot moved to C:\Users\ingrida.zadorozniene\Desktop\Asm\UZTIS\UZTIS_tests\test-output\screenshots\20250401\092901675_testFillNewDVPApplicationFA().png
2025-04-01 09:30:49 [main] INFO  lt.insoft.uztis.tests.UztisPageTest - Navigated to https://uztisdev.asseco.lt/home
2025-04-01 09:30:49 [main] INFO  l.i.u.t.SubmittedApplicationsPageTest - Starting test:'testFillNewDVPApplicationFA'
2025-04-01 09:30:50 [main] DEBUG l.i.u.t.SubmittedApplicationsPageTest - User logged in with test credentials.
2025-04-01 09:30:50 [main] DEBUG l.i.u.t.SubmittedApplicationsPageTest - Opened 'Application Processing' menu.
2025-04-01 09:30:50 [main] DEBUG l.i.u.t.SubmittedApplicationsPageTest - Clicked on 'Application Forms' menu.
2025-04-01 09:30:52 [main] DEBUG l.i.u.t.SubmittedApplicationsPageTest - Retrieved last description code text: 'TST-DVP-58'.
2025-04-01 09:30:53 [main] DEBUG l.i.u.t.SubmittedApplicationsPageTest - Clicked on 'Invitation' menu.
2025-04-01 09:30:54 [main] DEBUG l.i.u.t.SubmittedApplicationsPageTest - Selected application section by code: 'TST-DVP-58'.
2025-04-01 09:30:54 [main] DEBUG l.i.u.t.SubmittedApplicationsPageTest - Clicked 'Search' button.
2025-04-01 09:30:54 [main] DEBUG l.i.u.t.SubmittedApplicationsPageTest - Retrieved invitation code: ''.
2025-04-01 09:30:54 [main] DEBUG l.i.u.t.SubmittedApplicationsPageTest - Clicked on 'Submitted Applications' menu.
2025-04-01 09:30:56 [main] DEBUG l.i.u.t.SubmittedApplicationsPageTest - Selected invitation by code: 'TST-DVP-58'.
2025-04-01 09:30:56 [main] DEBUG l.i.u.t.SubmittedApplicationsPageTest - Invitation code inserted.
2025-04-01 09:30:56 [main] DEBUG l.i.u.t.SubmittedApplicationsPageTest - Clicked on 'Action Application' button.
2025-04-01 09:30:56 [main] DEBUG l.i.u.t.SubmittedApplicationsPageTest - Clicked on 'New Application' button.
2025-04-01 09:30:56 [main] DEBUG l.i.u.t.SubmittedApplicationsPageTest - Selected the 'RadioButtonFA' option.
2025-04-01 09:30:57 [main] DEBUG l.i.u.t.SubmittedApplicationsPageTest - Entered phone number: '61298745'.
2025-04-01 09:30:57 [main] DEBUG l.i.u.t.SubmittedApplicationsPageTest - Entered email: 'test@autotest.com'.
2025-04-01 09:30:57 [main] DEBUG l.i.u.t.SubmittedApplicationsPageTest - Checked 'For workplace adaptation' checkbox 1.
2025-04-01 09:30:57 [main] DEBUG l.i.u.t.SubmittedApplicationsPageTest - Checked 'For environmental adaptation' checkbox 2.
2025-04-01 09:30:57 [main] INFO  l.i.u.p.SubmittedApplicationsPage - Located the dropdown button.
2025-04-01 09:31:20 [main] INFO  l.i.u.p.SubmittedApplicationsPage - Found 1741 options in the dropdown.
2025-04-01 09:31:20 [main] INFO  l.i.u.p.SubmittedApplicationsPage - Successfully selected the value: '01.11 - Grūdinių (išskyrus ryžius), ankštinių ir aliejingų sėklų augalų auginimas'
2025-04-01 09:31:31 [main] ERROR l.i.u.p.SubmittedApplicationsPage - Failed to close the dropdown with aria-expanded = 'false'. Attempting manual close.
2025-04-01 09:31:31 [main] INFO  l.i.u.p.SubmittedApplicationsPage - Manual close attempt for the dropdown using body click.
2025-04-01 09:31:31 [main] DEBUG l.i.u.t.SubmittedApplicationsPageTest - Selected EVRK value: '01.11 - Grūdinių (išskyrus ryžius), ankštinių ir aliejingų sėklų augalų auginimas'.
2025-04-01 09:31:31 [main] DEBUG l.i.u.t.SubmittedApplicationsPageTest - Clicked on 'Address Component' button.
2025-04-01 09:31:31 [main] INFO  l.i.u.p.SubmittedApplicationsPage - Located the dropdown button.
2025-04-01 09:31:34 [main] INFO  l.i.u.p.SubmittedApplicationsPage - Successfully selected the value: 'Lietuva'
2025-04-01 09:31:34 [main] DEBUG l.i.u.t.SubmittedApplicationsPageTest - Selected country: 'Lietuva'.
2025-04-01 09:31:34 [main] INFO  l.i.u.p.SubmittedApplicationsPage - Located the dropdown search field.
2025-04-01 09:31:34 [main] INFO  l.i.u.p.SubmittedApplicationsPage - Dropdown city is opened.
2025-04-01 09:31:35 [main] INFO  l.i.u.p.SubmittedApplicationsPage - Searched for value: 'Vilnius'
2025-04-01 09:31:36 [main] INFO  l.i.u.p.SubmittedApplicationsPage - Successfully selected: 'Vilnius'
2025-04-01 09:31:36 [main] INFO  l.i.u.p.SubmittedApplicationsPage - Located the dropdown button.
2025-04-01 09:31:37 [main] INFO  l.i.u.p.SubmittedApplicationsPage - Successfully selected the value: 'A. Domaševičiaus g.'
2025-04-01 09:31:37 [main] DEBUG l.i.u.t.SubmittedApplicationsPageTest - Selected street: 'A. Domaševičiaus g.'.
2025-04-01 09:31:37 [main] INFO  l.i.u.p.SubmittedApplicationsPage - Located the dropdown button.
2025-04-01 09:31:37 [main] INFO  l.i.u.p.SubmittedApplicationsPage - Successfully selected the value: '1'
2025-04-01 09:31:37 [main] DEBUG l.i.u.t.SubmittedApplicationsPageTest - Selected house: '1'.
2025-04-01 09:31:37 [main] INFO  l.i.u.p.SubmittedApplicationsPage - Located the dropdown button.
2025-04-01 09:31:37 [main] INFO  l.i.u.p.SubmittedApplicationsPage - Successfully selected the value: '1'
2025-04-01 09:31:37 [main] DEBUG l.i.u.t.SubmittedApplicationsPageTest - Selected apartment: '1'.
2025-04-01 09:31:37 [main] DEBUG l.i.u.t.SubmittedApplicationsPageTest - Clicked 'Confirm' button.
2025-04-01 09:31:37 [main] DEBUG l.i.u.t.SubmittedApplicationsPageTest - Selected 'For already working' option.
2025-04-01 09:31:38 [main] DEBUG l.i.u.t.SubmittedApplicationsPageTest - Selected 'For new working' option.
2025-04-01 09:31:38 [main] DEBUG l.i.u.t.SubmittedApplicationsPageTest - Entered person count2: '1'.
2025-04-01 09:31:38 [main] DEBUG l.i.u.t.SubmittedApplicationsPageTest - Clicked 'Next' button after checkboxes.
2025-04-01 09:31:38 [main] INFO  l.i.u.p.SubmittedApplicationsPage - Located the dropdown button.
2025-04-01 09:31:39 [main] INFO  l.i.u.p.SubmittedApplicationsPage - Successfully selected the value: 'Administratoriai'
2025-04-01 09:31:39 [main] DEBUG l.i.u.t.SubmittedApplicationsPageTest - Selected adaptable job name: 'Administratoriai'.
2025-04-01 09:31:40 [main] DEBUG l.i.u.t.SubmittedApplicationsPageTest - Entered job date.
2025-04-01 09:31:40 [main] DEBUG l.i.u.t.SubmittedApplicationsPageTest - Entered job function: 'Funkcija 1'.
2025-04-01 09:31:40 [main] DEBUG l.i.u.t.SubmittedApplicationsPageTest - Selected 'For already working' 'no' option.
2025-04-01 09:31:40 [main] INFO  l.i.u.p.SubmittedApplicationsPage - Clicking on the dropdown button.
2025-04-01 09:31:40 [main] INFO  l.i.u.p.SubmittedApplicationsPage - Found 6 options in the dropdown.
2025-04-01 09:31:40 [main] DEBUG l.i.u.p.SubmittedApplicationsPage - Checking option: 'Lengvo neįgalumo lygis ar 45-55 procentų dalyvumo lygis (iki 2023 m. gruodžio 31 d. – 45-55 procentų darbingumo lygis)'
2025-04-01 09:31:40 [main] INFO  l.i.u.p.SubmittedApplicationsPage - Successfully selected the value: 'Lengvo neįgalumo lygis ar 45-55 procentų dalyvumo lygis (iki 2023 m. gruodžio 31 d. – 45-55 procentų darbingumo lygis)'
2025-04-01 09:31:40 [main] INFO  l.i.u.p.SubmittedApplicationsPage - Attempting to close the dropdown.
2025-04-01 09:31:41 [main] DEBUG l.i.u.t.SubmittedApplicationsPageTest - Selected disabilities type: 'Lengvo neįgalumo lygis ar 45-55 procentų dalyvumo lygis (iki 2023 m. gruodžio 31 d. – 45-55 procentų darbingumo lygis)'.
2025-04-01 09:31:41 [main] DEBUG l.i.u.t.SubmittedApplicationsPageTest - Entered disability information: 'Negalia 1'.
2025-04-01 09:31:41 [main] DEBUG l.i.u.t.SubmittedApplicationsPageTest - Entered qualification: 'Kvalifikacija 1'.
2025-04-01 09:31:42 [main] DEBUG l.i.u.t.SubmittedApplicationsPageTest - Entered job description: 'Darbo vietos aprašymas 1'.
2025-04-01 09:31:42 [main] DEBUG l.i.u.t.SubmittedApplicationsPageTest - Entered equipment description: 'Priemonių įsigyjimas 1'.
2025-04-01 09:31:42 [main] DEBUG l.i.u.t.SubmittedApplicationsPageTest - Entered work information: 'Darbai 1'.
2025-04-01 09:31:42 [main] INFO  l.i.u.p.SubmittedApplicationsPage - Located the dropdown button.
2025-04-01 09:31:43 [main] INFO  l.i.u.p.SubmittedApplicationsPage - Successfully selected the value: 'Kita'
2025-04-01 09:31:43 [main] DEBUG l.i.u.t.SubmittedApplicationsPageTest - Selected time mode: 'Kita'.
2025-04-01 09:31:43 [main] DEBUG l.i.u.t.SubmittedApplicationsPageTest - Selected time mode other: '6 val. per dieną ir 4 d. per savaitę'.
2025-04-01 09:31:43 [main] DEBUG l.i.u.t.SubmittedApplicationsPageTest - Entered salary amount: '1200'.
2025-04-01 09:31:43 [main] DEBUG l.i.u.t.SubmittedApplicationsPageTest - Entered salary description: 'Užmokestis 1'.
2025-04-01 09:31:43 [main] DEBUG l.i.u.t.SubmittedApplicationsPageTest - Selected 'Temporary Job' radio button.
2025-04-01 09:31:44 [main] DEBUG l.i.u.t.SubmittedApplicationsPageTest - Selected 'Season Job' radio button.
2025-04-01 09:31:44 [main] DEBUG l.i.u.t.SubmittedApplicationsPageTest - Selected 'PVM' radio button.
2025-04-01 09:31:44 [main] INFO  l.i.u.p.SubmittedApplicationsPage - Located the dropdown button.
2025-04-01 09:31:44 [main] INFO  l.i.u.p.SubmittedApplicationsPage - Successfully selected the value: 'Darbo vietos pritaikymui'
2025-04-01 09:32:14 [main] ERROR l.i.u.p.SubmittedApplicationsPage - Timeout while waiting for dropdown to close with aria-expanded = 'false'.
2025-04-01 09:32:14 [main] DEBUG l.i.u.t.SubmittedApplicationsPageTest - Selected adaptable job name: 'Darbo vietos pritaikymui'.
2025-04-01 09:32:15 [main] DEBUG l.i.u.p.SubmittedApplicationsPage - Located and clicked the dropdown button 'Reikalinga'.
2025-04-01 09:32:15 [main] INFO  l.i.u.p.SubmittedApplicationsPage - Successfully selected the value: 'Įsigyti'
2025-04-01 09:32:15 [main] DEBUG l.i.u.t.SubmittedApplicationsPageTest - Selected necessary for job: 'Įsigyti'.
2025-04-01 09:32:15 [main] DEBUG l.i.u.t.SubmittedApplicationsPageTest - Selected tool: 'Darbo priemonė 1'.
2025-04-01 09:32:15 [main] DEBUG l.i.u.t.SubmittedApplicationsPageTest - Selected tool parameter one: 'Darbo priemonės 1 parametras 1'.
2025-04-01 09:32:15 [main] DEBUG l.i.u.t.SubmittedApplicationsPageTest - Selected tool parameter two: 'Darbo priemonės 1 parametras 2'.
2025-04-01 09:32:16 [main] DEBUG l.i.u.t.SubmittedApplicationsPageTest - Selected tool parameter three: 'Darbo priemonės 1 parametras 3'.
2025-04-01 09:32:16 [main] DEBUG l.i.u.t.SubmittedApplicationsPageTest - Entered tool count: '1'.
2025-04-01 09:32:16 [main] DEBUG l.i.u.t.SubmittedApplicationsPageTest - Entered price amount: '1000'.
2025-04-01 09:32:16 [main] DEBUG l.i.u.t.SubmittedApplicationsPageTest - Entered own funds amount: '800'.
2025-04-01 09:32:18 [main] DEBUG l.i.u.t.SubmittedApplicationsPageTest - Clicked 'Add' button.
2025-04-01 09:32:18 [main] INFO  l.i.u.p.SubmittedApplicationsPage - Located the dropdown button.
2025-04-01 09:32:19 [main] INFO  l.i.u.p.SubmittedApplicationsPage - Successfully selected the value: 'Aplinkos pritaikymui'
2025-04-01 09:32:49 [main] ERROR l.i.u.p.SubmittedApplicationsPage - Timeout while waiting for dropdown to close with aria-expanded = 'false'.
2025-04-01 09:32:49 [main] DEBUG l.i.u.t.SubmittedApplicationsPageTest - Selected adaptable job name: 'Aplinkos pritaikymui'.
2025-04-01 09:32:49 [main] DEBUG l.i.u.p.SubmittedApplicationsPage - Located and clicked the dropdown button 'Reikalinga'.
2025-04-01 09:32:50 [main] INFO  l.i.u.p.SubmittedApplicationsPage - Successfully selected the value: 'Remontuoti'
2025-04-01 09:33:00 [main] DEBUG l.i.u.t.SubmittedApplicationsPageTest - Selected necessary for job: 'Remontuoti'.
2025-04-01 09:33:00 [main] DEBUG l.i.u.t.SubmittedApplicationsPageTest - Selected tool: 'Darbo priemonė 2 remontui'.
2025-04-01 09:33:01 [main] DEBUG l.i.u.t.SubmittedApplicationsPageTest - Entered work information: 'Remonto darbai 1'.
2025-04-01 09:33:01 [main] DEBUG l.i.u.t.SubmittedApplicationsPageTest - Entered tool count: '2'.
2025-04-01 09:33:01 [main] DEBUG l.i.u.t.SubmittedApplicationsPageTest - Entered price amount: '1000'.
2025-04-01 09:33:01 [main] DEBUG l.i.u.t.SubmittedApplicationsPageTest - Entered own funds amount: '900'.
2025-04-01 09:33:03 [main] DEBUG l.i.u.t.SubmittedApplicationsPageTest - Clicked 'AddRemoved' button.
2025-04-01 09:33:06 [main] DEBUG l.i.u.t.SubmittedApplicationsPageTest - Clicked 'Remove' button.
2025-04-01 09:33:08 [main] DEBUG l.i.u.t.SubmittedApplicationsPageTest - Clicked 'Remove Confirmation' button.
2025-04-01 09:33:10 [main] DEBUG l.i.u.t.SubmittedApplicationsPageTest - Selected 'De Minimis' radio button.
2025-04-01 09:33:10 [main] DEBUG l.i.u.t.SubmittedApplicationsPageTest - Entered program name: 'Programa 1'.
2025-04-01 09:33:10 [main] DEBUG l.i.u.t.SubmittedApplicationsPageTest - Entered project date from.
2025-04-01 09:33:10 [main] DEBUG l.i.u.t.SubmittedApplicationsPageTest - Entered project date until.
2025-04-01 09:33:10 [main] DEBUG l.i.u.t.SubmittedApplicationsPageTest - Entered support amount: '2000'.
2025-04-01 09:33:11 [main] DEBUG l.i.u.t.SubmittedApplicationsPageTest - Clicked 'Next' button.
2025-04-01 09:33:21 [main] DEBUG l.i.u.t.SubmittedApplicationsPageTest - Checked 'Legal Entities' checkbox 1.
2025-04-01 09:33:31 [main] DEBUG l.i.u.t.SubmittedApplicationsPageTest - Checked 'Legal Entities' checkbox 2.
2025-04-01 09:33:41 [main] DEBUG l.i.u.t.SubmittedApplicationsPageTest - Checked 'Legal Entities' checkbox 3.
2025-04-01 09:33:41 [main] DEBUG l.i.u.t.SubmittedApplicationsPageTest - Test finished: All 'Legal Entities' checkboxes checked successfully.
2025-04-01 09:33:41 [main] DEBUG l.i.u.t.SubmittedApplicationsPageTest - Clicked 'Next' button after checkboxes.
2025-04-01 09:33:51 [main] ERROR l.i.u.p.SubmittedApplicationsPage - Error selecting radio button: Expected condition failed: waiting for element to be clickable: By.xpath: (//input[@type='radio' and @value='false'])[8] (tried for 10 second(s) with 500 milliseconds interval)
Build info: version: '4.27.0', revision: 'd6e718d134'
System info: os.name: 'Windows 11', os.arch: 'amd64', os.version: '10.0', java.version: '21.0.3'
Driver info: org.openqa.selenium.chrome.ChromeDriver
Capabilities {acceptInsecureCerts: false, browserName: chrome, browserVersion: 134.0.6998.178, chrome: {chromedriverVersion: 134.0.6998.165 (fd886e2cb29..., userDataDir: C:\Users\INGRID~1.ZAD\AppDa...}, fedcm:accounts: true, goog:chromeOptions: {debuggerAddress: localhost:53775}, networkConnectionEnabled: false, pageLoadStrategy: normal, platformName: windows, proxy: Proxy(), se:cdp: ws://localhost:53775/devtoo..., se:cdpVersion: 134.0.6998.178, setWindowRect: true, strictFileInteractability: false, timeouts: {implicit: 0, pageLoad: 300000, script: 30000}, unhandledPromptBehavior: dismiss and notify, webauthn:extension:credBlob: true, webauthn:extension:largeBlob: true, webauthn:extension:minPinLength: true, webauthn:extension:prf: true, webauthn:virtualAuthenticators: true}
Session ID: beddda6bde871ebd329b4a0547c56690
2025-04-01 09:33:51 [main] INFO  l.i.u.t.SubmittedApplicationsPageTest - Marking 'Ne' radio button 1
2025-04-01 09:34:02 [main] ERROR l.i.u.p.SubmittedApplicationsPage - Error selecting radio button: Expected condition failed: waiting for element to be clickable: By.xpath: (//input[@type='radio' and @value='false'])[9] (tried for 10 second(s) with 500 milliseconds interval)
Build info: version: '4.27.0', revision: 'd6e718d134'
System info: os.name: 'Windows 11', os.arch: 'amd64', os.version: '10.0', java.version: '21.0.3'
Driver info: org.openqa.selenium.chrome.ChromeDriver
Capabilities {acceptInsecureCerts: false, browserName: chrome, browserVersion: 134.0.6998.178, chrome: {chromedriverVersion: 134.0.6998.165 (fd886e2cb29..., userDataDir: C:\Users\INGRID~1.ZAD\AppDa...}, fedcm:accounts: true, goog:chromeOptions: {debuggerAddress: localhost:53775}, networkConnectionEnabled: false, pageLoadStrategy: normal, platformName: windows, proxy: Proxy(), se:cdp: ws://localhost:53775/devtoo..., se:cdpVersion: 134.0.6998.178, setWindowRect: true, strictFileInteractability: false, timeouts: {implicit: 0, pageLoad: 300000, script: 30000}, unhandledPromptBehavior: dismiss and notify, webauthn:extension:credBlob: true, webauthn:extension:largeBlob: true, webauthn:extension:minPinLength: true, webauthn:extension:prf: true, webauthn:virtualAuthenticators: true}
Session ID: beddda6bde871ebd329b4a0547c56690
2025-04-01 09:34:02 [main] INFO  l.i.u.t.SubmittedApplicationsPageTest - Marking 'Ne' radio button 2
2025-04-01 09:34:12 [main] ERROR l.i.u.p.SubmittedApplicationsPage - Error selecting radio button: Expected condition failed: waiting for element to be clickable: By.xpath: (//input[@type='radio' and @value='false'])[10] (tried for 10 second(s) with 500 milliseconds interval)
Build info: version: '4.27.0', revision: 'd6e718d134'
System info: os.name: 'Windows 11', os.arch: 'amd64', os.version: '10.0', java.version: '21.0.3'
Driver info: org.openqa.selenium.chrome.ChromeDriver
Capabilities {acceptInsecureCerts: false, browserName: chrome, browserVersion: 134.0.6998.178, chrome: {chromedriverVersion: 134.0.6998.165 (fd886e2cb29..., userDataDir: C:\Users\INGRID~1.ZAD\AppDa...}, fedcm:accounts: true, goog:chromeOptions: {debuggerAddress: localhost:53775}, networkConnectionEnabled: false, pageLoadStrategy: normal, platformName: windows, proxy: Proxy(), se:cdp: ws://localhost:53775/devtoo..., se:cdpVersion: 134.0.6998.178, setWindowRect: true, strictFileInteractability: false, timeouts: {implicit: 0, pageLoad: 300000, script: 30000}, unhandledPromptBehavior: dismiss and notify, webauthn:extension:credBlob: true, webauthn:extension:largeBlob: true, webauthn:extension:minPinLength: true, webauthn:extension:prf: true, webauthn:virtualAuthenticators: true}
Session ID: beddda6bde871ebd329b4a0547c56690
2025-04-01 09:34:12 [main] INFO  l.i.u.t.SubmittedApplicationsPageTest - Marking 'Ne' radio button 3
2025-04-01 09:34:22 [main] ERROR l.i.u.p.SubmittedApplicationsPage - Error selecting radio button: Expected condition failed: waiting for element to be clickable: By.xpath: (//input[@type='radio' and @value='false'])[11] (tried for 10 second(s) with 500 milliseconds interval)
Build info: version: '4.27.0', revision: 'd6e718d134'
System info: os.name: 'Windows 11', os.arch: 'amd64', os.version: '10.0', java.version: '21.0.3'
Driver info: org.openqa.selenium.chrome.ChromeDriver
Capabilities {acceptInsecureCerts: false, browserName: chrome, browserVersion: 134.0.6998.178, chrome: {chromedriverVersion: 134.0.6998.165 (fd886e2cb29..., userDataDir: C:\Users\INGRID~1.ZAD\AppDa...}, fedcm:accounts: true, goog:chromeOptions: {debuggerAddress: localhost:53775}, networkConnectionEnabled: false, pageLoadStrategy: normal, platformName: windows, proxy: Proxy(), se:cdp: ws://localhost:53775/devtoo..., se:cdpVersion: 134.0.6998.178, setWindowRect: true, strictFileInteractability: false, timeouts: {implicit: 0, pageLoad: 300000, script: 30000}, unhandledPromptBehavior: dismiss and notify, webauthn:extension:credBlob: true, webauthn:extension:largeBlob: true, webauthn:extension:minPinLength: true, webauthn:extension:prf: true, webauthn:virtualAuthenticators: true}
Session ID: beddda6bde871ebd329b4a0547c56690
2025-04-01 09:34:22 [main] INFO  l.i.u.t.SubmittedApplicationsPageTest - Marking 'Ne' radio button 4
2025-04-01 09:34:32 [main] ERROR l.i.u.p.SubmittedApplicationsPage - Error selecting radio button: Expected condition failed: waiting for element to be clickable: By.xpath: (//input[@type='radio' and @value='false'])[12] (tried for 10 second(s) with 500 milliseconds interval)
Build info: version: '4.27.0', revision: 'd6e718d134'
System info: os.name: 'Windows 11', os.arch: 'amd64', os.version: '10.0', java.version: '21.0.3'
Driver info: org.openqa.selenium.chrome.ChromeDriver
Capabilities {acceptInsecureCerts: false, browserName: chrome, browserVersion: 134.0.6998.178, chrome: {chromedriverVersion: 134.0.6998.165 (fd886e2cb29..., userDataDir: C:\Users\INGRID~1.ZAD\AppDa...}, fedcm:accounts: true, goog:chromeOptions: {debuggerAddress: localhost:53775}, networkConnectionEnabled: false, pageLoadStrategy: normal, platformName: windows, proxy: Proxy(), se:cdp: ws://localhost:53775/devtoo..., se:cdpVersion: 134.0.6998.178, setWindowRect: true, strictFileInteractability: false, timeouts: {implicit: 0, pageLoad: 300000, script: 30000}, unhandledPromptBehavior: dismiss and notify, webauthn:extension:credBlob: true, webauthn:extension:largeBlob: true, webauthn:extension:minPinLength: true, webauthn:extension:prf: true, webauthn:virtualAuthenticators: true}
Session ID: beddda6bde871ebd329b4a0547c56690
2025-04-01 09:34:32 [main] INFO  l.i.u.t.SubmittedApplicationsPageTest - Marking 'Ne' radio button 5
2025-04-01 09:34:42 [main] ERROR l.i.u.p.SubmittedApplicationsPage - Error selecting radio button: Expected condition failed: waiting for element to be clickable: By.xpath: (//input[@type='radio' and @value='false'])[13] (tried for 10 second(s) with 500 milliseconds interval)
Build info: version: '4.27.0', revision: 'd6e718d134'
System info: os.name: 'Windows 11', os.arch: 'amd64', os.version: '10.0', java.version: '21.0.3'
Driver info: org.openqa.selenium.chrome.ChromeDriver
Capabilities {acceptInsecureCerts: false, browserName: chrome, browserVersion: 134.0.6998.178, chrome: {chromedriverVersion: 134.0.6998.165 (fd886e2cb29..., userDataDir: C:\Users\INGRID~1.ZAD\AppDa...}, fedcm:accounts: true, goog:chromeOptions: {debuggerAddress: localhost:53775}, networkConnectionEnabled: false, pageLoadStrategy: normal, platformName: windows, proxy: Proxy(), se:cdp: ws://localhost:53775/devtoo..., se:cdpVersion: 134.0.6998.178, setWindowRect: true, strictFileInteractability: false, timeouts: {implicit: 0, pageLoad: 300000, script: 30000}, unhandledPromptBehavior: dismiss and notify, webauthn:extension:credBlob: true, webauthn:extension:largeBlob: true, webauthn:extension:minPinLength: true, webauthn:extension:prf: true, webauthn:virtualAuthenticators: true}
Session ID: beddda6bde871ebd329b4a0547c56690
2025-04-01 09:34:42 [main] INFO  l.i.u.t.SubmittedApplicationsPageTest - Marking 'Ne' radio button 6
2025-04-01 09:34:52 [main] ERROR l.i.u.p.SubmittedApplicationsPage - Error selecting radio button: Expected condition failed: waiting for element to be clickable: By.xpath: (//input[@type='radio' and @value='true'])[14] (tried for 10 second(s) with 500 milliseconds interval)
Build info: version: '4.27.0', revision: 'd6e718d134'
System info: os.name: 'Windows 11', os.arch: 'amd64', os.version: '10.0', java.version: '21.0.3'
Driver info: org.openqa.selenium.chrome.ChromeDriver
Capabilities {acceptInsecureCerts: false, browserName: chrome, browserVersion: 134.0.6998.178, chrome: {chromedriverVersion: 134.0.6998.165 (fd886e2cb29..., userDataDir: C:\Users\INGRID~1.ZAD\AppDa...}, fedcm:accounts: true, goog:chromeOptions: {debuggerAddress: localhost:53775}, networkConnectionEnabled: false, pageLoadStrategy: normal, platformName: windows, proxy: Proxy(), se:cdp: ws://localhost:53775/devtoo..., se:cdpVersion: 134.0.6998.178, setWindowRect: true, strictFileInteractability: false, timeouts: {implicit: 0, pageLoad: 300000, script: 30000}, unhandledPromptBehavior: dismiss and notify, webauthn:extension:credBlob: true, webauthn:extension:largeBlob: true, webauthn:extension:minPinLength: true, webauthn:extension:prf: true, webauthn:virtualAuthenticators: true}
Session ID: beddda6bde871ebd329b4a0547c56690
2025-04-01 09:34:52 [main] INFO  l.i.u.t.SubmittedApplicationsPageTest - Marking 'Taip' radio button 7
2025-04-01 09:35:02 [main] ERROR l.i.u.p.SubmittedApplicationsPage - Error selecting radio button: Expected condition failed: waiting for element to be clickable: By.xpath: (//input[@type='radio' and @value='true'])[15] (tried for 10 second(s) with 500 milliseconds interval)
Build info: version: '4.27.0', revision: 'd6e718d134'
System info: os.name: 'Windows 11', os.arch: 'amd64', os.version: '10.0', java.version: '21.0.3'
Driver info: org.openqa.selenium.chrome.ChromeDriver
Capabilities {acceptInsecureCerts: false, browserName: chrome, browserVersion: 134.0.6998.178, chrome: {chromedriverVersion: 134.0.6998.165 (fd886e2cb29..., userDataDir: C:\Users\INGRID~1.ZAD\AppDa...}, fedcm:accounts: true, goog:chromeOptions: {debuggerAddress: localhost:53775}, networkConnectionEnabled: false, pageLoadStrategy: normal, platformName: windows, proxy: Proxy(), se:cdp: ws://localhost:53775/devtoo..., se:cdpVersion: 134.0.6998.178, setWindowRect: true, strictFileInteractability: false, timeouts: {implicit: 0, pageLoad: 300000, script: 30000}, unhandledPromptBehavior: dismiss and notify, webauthn:extension:credBlob: true, webauthn:extension:largeBlob: true, webauthn:extension:minPinLength: true, webauthn:extension:prf: true, webauthn:virtualAuthenticators: true}
Session ID: beddda6bde871ebd329b4a0547c56690
2025-04-01 09:35:02 [main] INFO  l.i.u.t.SubmittedApplicationsPageTest - Marking 'Taip' radio button 8
2025-04-01 09:35:12 [main] ERROR l.i.u.p.SubmittedApplicationsPage - Error selecting radio button: Expected condition failed: waiting for element to be clickable: By.xpath: (//input[@type='radio' and @value='true'])[16] (tried for 10 second(s) with 500 milliseconds interval)
Build info: version: '4.27.0', revision: 'd6e718d134'
System info: os.name: 'Windows 11', os.arch: 'amd64', os.version: '10.0', java.version: '21.0.3'
Driver info: org.openqa.selenium.chrome.ChromeDriver
Capabilities {acceptInsecureCerts: false, browserName: chrome, browserVersion: 134.0.6998.178, chrome: {chromedriverVersion: 134.0.6998.165 (fd886e2cb29..., userDataDir: C:\Users\INGRID~1.ZAD\AppDa...}, fedcm:accounts: true, goog:chromeOptions: {debuggerAddress: localhost:53775}, networkConnectionEnabled: false, pageLoadStrategy: normal, platformName: windows, proxy: Proxy(), se:cdp: ws://localhost:53775/devtoo..., se:cdpVersion: 134.0.6998.178, setWindowRect: true, strictFileInteractability: false, timeouts: {implicit: 0, pageLoad: 300000, script: 30000}, unhandledPromptBehavior: dismiss and notify, webauthn:extension:credBlob: true, webauthn:extension:largeBlob: true, webauthn:extension:minPinLength: true, webauthn:extension:prf: true, webauthn:virtualAuthenticators: true}
Session ID: beddda6bde871ebd329b4a0547c56690
2025-04-01 09:35:12 [main] INFO  l.i.u.t.SubmittedApplicationsPageTest - Marking 'Taip' radio button 9
2025-04-01 09:35:22 [main] ERROR l.i.u.p.SubmittedApplicationsPage - Error selecting radio button: Expected condition failed: waiting for element to be clickable: By.xpath: (//input[@type='radio' and @value='true'])[17] (tried for 10 second(s) with 500 milliseconds interval)
Build info: version: '4.27.0', revision: 'd6e718d134'
System info: os.name: 'Windows 11', os.arch: 'amd64', os.version: '10.0', java.version: '21.0.3'
Driver info: org.openqa.selenium.chrome.ChromeDriver
Capabilities {acceptInsecureCerts: false, browserName: chrome, browserVersion: 134.0.6998.178, chrome: {chromedriverVersion: 134.0.6998.165 (fd886e2cb29..., userDataDir: C:\Users\INGRID~1.ZAD\AppDa...}, fedcm:accounts: true, goog:chromeOptions: {debuggerAddress: localhost:53775}, networkConnectionEnabled: false, pageLoadStrategy: normal, platformName: windows, proxy: Proxy(), se:cdp: ws://localhost:53775/devtoo..., se:cdpVersion: 134.0.6998.178, setWindowRect: true, strictFileInteractability: false, timeouts: {implicit: 0, pageLoad: 300000, script: 30000}, unhandledPromptBehavior: dismiss and notify, webauthn:extension:credBlob: true, webauthn:extension:largeBlob: true, webauthn:extension:minPinLength: true, webauthn:extension:prf: true, webauthn:virtualAuthenticators: true}
Session ID: beddda6bde871ebd329b4a0547c56690
2025-04-01 09:35:22 [main] INFO  l.i.u.t.SubmittedApplicationsPageTest - Marking 'Taip' radio button 10
2025-04-01 09:35:32 [main] ERROR l.i.u.p.SubmittedApplicationsPage - Error selecting radio button: Expected condition failed: waiting for element to be clickable: By.xpath: (//input[@type='radio' and @value='true'])[18] (tried for 10 second(s) with 500 milliseconds interval)
Build info: version: '4.27.0', revision: 'd6e718d134'
System info: os.name: 'Windows 11', os.arch: 'amd64', os.version: '10.0', java.version: '21.0.3'
Driver info: org.openqa.selenium.chrome.ChromeDriver
Capabilities {acceptInsecureCerts: false, browserName: chrome, browserVersion: 134.0.6998.178, chrome: {chromedriverVersion: 134.0.6998.165 (fd886e2cb29..., userDataDir: C:\Users\INGRID~1.ZAD\AppDa...}, fedcm:accounts: true, goog:chromeOptions: {debuggerAddress: localhost:53775}, networkConnectionEnabled: false, pageLoadStrategy: normal, platformName: windows, proxy: Proxy(), se:cdp: ws://localhost:53775/devtoo..., se:cdpVersion: 134.0.6998.178, setWindowRect: true, strictFileInteractability: false, timeouts: {implicit: 0, pageLoad: 300000, script: 30000}, unhandledPromptBehavior: dismiss and notify, webauthn:extension:credBlob: true, webauthn:extension:largeBlob: true, webauthn:extension:minPinLength: true, webauthn:extension:prf: true, webauthn:virtualAuthenticators: true}
Session ID: beddda6bde871ebd329b4a0547c56690
2025-04-01 09:35:32 [main] INFO  l.i.u.t.SubmittedApplicationsPageTest - Marking 'Taip' radio button 11
2025-04-01 09:35:42 [main] ERROR l.i.u.p.SubmittedApplicationsPage - Error selecting radio button: Expected condition failed: waiting for element to be clickable: By.xpath: (//input[@type='radio' and @value='true'])[19] (tried for 10 second(s) with 500 milliseconds interval)
Build info: version: '4.27.0', revision: 'd6e718d134'
System info: os.name: 'Windows 11', os.arch: 'amd64', os.version: '10.0', java.version: '21.0.3'
Driver info: org.openqa.selenium.chrome.ChromeDriver
Capabilities {acceptInsecureCerts: false, browserName: chrome, browserVersion: 134.0.6998.178, chrome: {chromedriverVersion: 134.0.6998.165 (fd886e2cb29..., userDataDir: C:\Users\INGRID~1.ZAD\AppDa...}, fedcm:accounts: true, goog:chromeOptions: {debuggerAddress: localhost:53775}, networkConnectionEnabled: false, pageLoadStrategy: normal, platformName: windows, proxy: Proxy(), se:cdp: ws://localhost:53775/devtoo..., se:cdpVersion: 134.0.6998.178, setWindowRect: true, strictFileInteractability: false, timeouts: {implicit: 0, pageLoad: 300000, script: 30000}, unhandledPromptBehavior: dismiss and notify, webauthn:extension:credBlob: true, webauthn:extension:largeBlob: true, webauthn:extension:minPinLength: true, webauthn:extension:prf: true, webauthn:virtualAuthenticators: true}
Session ID: beddda6bde871ebd329b4a0547c56690
2025-04-01 09:35:42 [main] INFO  l.i.u.t.SubmittedApplicationsPageTest - Marking 'Taip' radio button 12
2025-04-01 09:35:53 [main] DEBUG l.i.u.t.SubmittedApplicationsPageTest - Checked 'ConfirmationStepFour'
2025-04-01 09:35:53 [main] DEBUG l.i.u.t.SubmittedApplicationsPageTest - Clicked 'Next' button after checkboxes.
2025-04-01 09:35:53 [main] INFO  l.i.u.p.SubmittedApplicationsPage - File uploaded successfully to an input element.
2025-04-01 09:35:53 [main] INFO  l.i.u.p.SubmittedApplicationsPage - File uploaded successfully to an input element.
2025-04-01 09:35:53 [main] INFO  l.i.u.p.SubmittedApplicationsPage - File uploaded successfully to an input element.
2025-04-01 09:35:53 [main] INFO  l.i.u.p.SubmittedApplicationsPage - File uploaded successfully to an input element.
2025-04-01 09:35:53 [main] INFO  l.i.u.p.SubmittedApplicationsPage - File uploaded successfully to an input element.
2025-04-01 09:35:53 [main] INFO  l.i.u.p.SubmittedApplicationsPage - File uploaded successfully to an input element.
2025-04-01 09:35:53 [main] INFO  l.i.u.p.SubmittedApplicationsPage - File uploaded successfully to an input element.
2025-04-01 09:35:53 [main] INFO  l.i.u.p.SubmittedApplicationsPage - File uploaded successfully to an input element.
2025-04-01 09:35:53 [main] DEBUG l.i.u.t.SubmittedApplicationsPageTest - Entered program name: 'Dokumentas 1'.
2025-04-01 09:35:54 [main] DEBUG l.i.u.t.SubmittedApplicationsPageTest - Entered program name: 'Dokumentas 2'.
2025-04-01 09:35:54 [main] DEBUG l.i.u.t.SubmittedApplicationsPageTest - Entered program name: 'Dokumentas 3'.
2025-04-01 09:35:54 [main] DEBUG l.i.u.t.SubmittedApplicationsPageTest - Entered program name: 'Dokumentas 4'.
2025-04-01 09:35:54 [main] DEBUG l.i.u.t.SubmittedApplicationsPageTest - Entered program name: 'Dokumentas 5'.
2025-04-01 09:35:54 [main] DEBUG l.i.u.t.SubmittedApplicationsPageTest - Entered program name: 'Dokumentas 6'.
2025-04-01 09:35:54 [main] DEBUG l.i.u.t.SubmittedApplicationsPageTest - Entered program name: 'Dokumentas 4'.
2025-04-01 09:35:54 [main] DEBUG l.i.u.t.SubmittedApplicationsPageTest - Entered program name: 'Dokumentas 8'.
2025-04-01 09:36:05 [main] DEBUG l.i.u.t.SubmittedApplicationsPageTest - Checked 'ConfirmationDocument'
2025-04-01 09:36:15 [main] DEBUG l.i.u.t.SubmittedApplicationsPageTest - Checked 'ConfirmationApplication'
2025-04-01 09:36:15 [main] DEBUG l.i.u.t.SubmittedApplicationsPageTest - Clicked 'Review' button after checkboxes.
2025-04-01 09:36:15 [main] DEBUG l.i.u.t.SubmittedApplicationsPageTest - Clicked 'SaveDraft' button after checkboxes.
2025-04-01 09:36:15 [main] DEBUG l.i.uztis.pages.ApplicationFormsPage - Verified success message: 'Ruošinys sėkmingai išsaugotas.'
2025-04-01 09:36:15 [main] DEBUG l.i.u.t.SubmittedApplicationsPageTest - Clicked 'Submit' button after checkboxes.
2025-04-01 09:36:16 [main] DEBUG l.i.u.t.SubmittedApplicationsPageTest - Clicked 'SubmitConfirmation' button after checkboxes.
2025-04-01 09:36:16 [main] ERROR l.i.uztis.pages.ApplicationFormsPage - Failed to verify the success message: 'Paraiška sėkmingai pateikta ir užregistruota.'. Available messages: [Ruošinys sėkmingai išsaugotas.]
2025-04-01 09:36:16 [main] INFO  l.i.u.t.SubmittedApplicationsPageTest - Verified success message
2025-04-01 09:36:16 [main] INFO  l.i.u.t.SubmittedApplicationsPageTest - Test 'testFillNewDVPApplicationFA' completed successfully.
2025-04-01 09:52:00 [main] INFO  lt.insoft.uztis.tests.UztisPageTest - Navigated to https://uztisdev.asseco.lt/home
2025-04-01 09:52:00 [main] INFO  l.i.u.t.SubmittedApplicationsPageTest - Starting test:'testFillNewDVPApplicationFA'
2025-04-01 09:52:00 [main] DEBUG l.i.u.t.SubmittedApplicationsPageTest - User logged in with test credentials.
2025-04-01 09:52:01 [main] DEBUG l.i.u.t.SubmittedApplicationsPageTest - Opened 'Application Processing' menu.
2025-04-01 09:52:01 [main] DEBUG l.i.u.t.SubmittedApplicationsPageTest - Clicked on 'Application Forms' menu.
2025-04-01 09:52:01 [main] DEBUG l.i.u.t.SubmittedApplicationsPageTest - Retrieved last description code text: 'TST-DVP-58'.
2025-04-01 09:52:01 [main] DEBUG l.i.u.t.SubmittedApplicationsPageTest - Clicked on 'Invitation' menu.
2025-04-01 09:52:02 [main] DEBUG l.i.u.t.SubmittedApplicationsPageTest - Selected application section by code: 'TST-DVP-58'.
2025-04-01 09:52:03 [main] DEBUG l.i.u.t.SubmittedApplicationsPageTest - Clicked 'Search' button.
2025-04-01 09:52:03 [main] DEBUG l.i.u.t.SubmittedApplicationsPageTest - Retrieved invitation code: ''.
2025-04-01 09:52:03 [main] DEBUG l.i.u.t.SubmittedApplicationsPageTest - Clicked on 'Submitted Applications' menu.
2025-04-01 09:52:04 [main] DEBUG l.i.u.t.SubmittedApplicationsPageTest - Selected invitation by code: 'TST-DVP-58'.
2025-04-01 09:52:04 [main] DEBUG l.i.u.t.SubmittedApplicationsPageTest - Invitation code inserted.
2025-04-01 09:52:04 [main] DEBUG l.i.u.t.SubmittedApplicationsPageTest - Clicked on 'Action Application' button.
2025-04-01 09:52:04 [main] DEBUG l.i.u.t.SubmittedApplicationsPageTest - Clicked on 'New Application' button.
2025-04-01 09:52:05 [main] DEBUG l.i.u.t.SubmittedApplicationsPageTest - Selected the 'RadioButtonFA' option.
2025-04-01 09:52:05 [main] DEBUG l.i.u.t.SubmittedApplicationsPageTest - Entered phone number: '61298745'.
2025-04-01 09:52:05 [main] DEBUG l.i.u.t.SubmittedApplicationsPageTest - Entered email: 'test@autotest.com'.
2025-04-01 09:52:05 [main] DEBUG l.i.u.t.SubmittedApplicationsPageTest - Checked 'For workplace adaptation' checkbox 1.
2025-04-01 09:52:05 [main] DEBUG l.i.u.t.SubmittedApplicationsPageTest - Checked 'For environmental adaptation' checkbox 2.
2025-04-01 09:52:05 [main] INFO  l.i.u.p.SubmittedApplicationsPage - Located the dropdown button.
2025-04-01 09:52:26 [main] INFO  l.i.u.p.SubmittedApplicationsPage - Found 1741 options in the dropdown.
2025-04-01 09:52:27 [main] INFO  l.i.u.p.SubmittedApplicationsPage - Successfully selected the value: '01.11 - Grūdinių (išskyrus ryžius), ankštinių ir aliejingų sėklų augalų auginimas'
2025-04-01 09:52:37 [main] ERROR l.i.u.p.SubmittedApplicationsPage - Failed to close the dropdown with aria-expanded = 'false'. Attempting manual close.
2025-04-01 09:52:37 [main] INFO  l.i.u.p.SubmittedApplicationsPage - Manual close attempt for the dropdown using body click.
2025-04-01 09:52:37 [main] DEBUG l.i.u.t.SubmittedApplicationsPageTest - Selected EVRK value: '01.11 - Grūdinių (išskyrus ryžius), ankštinių ir aliejingų sėklų augalų auginimas'.
2025-04-01 09:52:37 [main] DEBUG l.i.u.t.SubmittedApplicationsPageTest - Clicked on 'Address Component' button.
2025-04-01 09:52:37 [main] INFO  l.i.u.p.SubmittedApplicationsPage - Located the dropdown button.
2025-04-01 09:52:40 [main] INFO  l.i.u.p.SubmittedApplicationsPage - Successfully selected the value: 'Lietuva'
2025-04-01 09:52:40 [main] DEBUG l.i.u.t.SubmittedApplicationsPageTest - Selected country: 'Lietuva'.
2025-04-01 09:52:40 [main] INFO  l.i.u.p.SubmittedApplicationsPage - Located the dropdown search field.
2025-04-01 09:52:40 [main] INFO  l.i.u.p.SubmittedApplicationsPage - Dropdown city is opened.
2025-04-01 09:52:41 [main] INFO  l.i.u.p.SubmittedApplicationsPage - Searched for value: 'Vilnius'
2025-04-01 09:52:42 [main] INFO  l.i.u.p.SubmittedApplicationsPage - Successfully selected: 'Vilnius'
2025-04-01 09:52:42 [main] INFO  l.i.u.p.SubmittedApplicationsPage - Located the dropdown button.
2025-04-01 09:52:43 [main] INFO  l.i.u.p.SubmittedApplicationsPage - Successfully selected the value: 'A. Domaševičiaus g.'
2025-04-01 09:52:43 [main] DEBUG l.i.u.t.SubmittedApplicationsPageTest - Selected street: 'A. Domaševičiaus g.'.
2025-04-01 09:52:43 [main] INFO  l.i.u.p.SubmittedApplicationsPage - Located the dropdown button.
2025-04-01 09:52:43 [main] INFO  l.i.u.p.SubmittedApplicationsPage - Successfully selected the value: '1'
2025-04-01 09:52:43 [main] DEBUG l.i.u.t.SubmittedApplicationsPageTest - Selected house: '1'.
2025-04-01 09:52:43 [main] INFO  l.i.u.p.SubmittedApplicationsPage - Located the dropdown button.
2025-04-01 09:52:44 [main] INFO  l.i.u.p.SubmittedApplicationsPage - Successfully selected the value: '1'
2025-04-01 09:52:44 [main] DEBUG l.i.u.t.SubmittedApplicationsPageTest - Selected apartment: '1'.
2025-04-01 09:52:44 [main] DEBUG l.i.u.t.SubmittedApplicationsPageTest - Clicked 'Confirm' button.
2025-04-01 09:52:44 [main] DEBUG l.i.u.t.SubmittedApplicationsPageTest - Selected 'For already working' option.
2025-04-01 09:52:44 [main] DEBUG l.i.u.t.SubmittedApplicationsPageTest - Selected 'For new working' option.
2025-04-01 09:52:44 [main] DEBUG l.i.u.t.SubmittedApplicationsPageTest - Entered person count2: '1'.
2025-04-01 09:52:45 [main] DEBUG l.i.u.t.SubmittedApplicationsPageTest - Clicked 'Next' button after checkboxes.
2025-04-01 09:52:45 [main] INFO  l.i.u.p.SubmittedApplicationsPage - Located the dropdown button.
2025-04-01 09:52:45 [main] INFO  l.i.u.p.SubmittedApplicationsPage - Successfully selected the value: 'Administratoriai'
2025-04-01 09:52:45 [main] DEBUG l.i.u.t.SubmittedApplicationsPageTest - Selected adaptable job name: 'Administratoriai'.
2025-04-01 09:52:46 [main] DEBUG l.i.u.t.SubmittedApplicationsPageTest - Entered job date.
2025-04-01 09:52:46 [main] DEBUG l.i.u.t.SubmittedApplicationsPageTest - Entered job function: 'Funkcija 1'.
2025-04-01 09:52:46 [main] DEBUG l.i.u.t.SubmittedApplicationsPageTest - Selected 'For already working' 'no' option.
2025-04-01 09:52:46 [main] INFO  l.i.u.p.SubmittedApplicationsPage - Clicking on the dropdown button.
2025-04-01 09:52:46 [main] INFO  l.i.u.p.SubmittedApplicationsPage - Found 6 options in the dropdown.
2025-04-01 09:52:46 [main] DEBUG l.i.u.p.SubmittedApplicationsPage - Checking option: 'Lengvo neįgalumo lygis ar 45-55 procentų dalyvumo lygis (iki 2023 m. gruodžio 31 d. – 45-55 procentų darbingumo lygis)'
2025-04-01 09:52:46 [main] INFO  l.i.u.p.SubmittedApplicationsPage - Successfully selected the value: 'Lengvo neįgalumo lygis ar 45-55 procentų dalyvumo lygis (iki 2023 m. gruodžio 31 d. – 45-55 procentų darbingumo lygis)'
2025-04-01 09:52:46 [main] INFO  l.i.u.p.SubmittedApplicationsPage - Attempting to close the dropdown.
2025-04-01 09:52:47 [main] DEBUG l.i.u.t.SubmittedApplicationsPageTest - Selected disabilities type: 'Lengvo neįgalumo lygis ar 45-55 procentų dalyvumo lygis (iki 2023 m. gruodžio 31 d. – 45-55 procentų darbingumo lygis)'.
2025-04-01 09:52:47 [main] DEBUG l.i.u.t.SubmittedApplicationsPageTest - Entered disability information: 'Negalia 1'.
2025-04-01 09:52:48 [main] DEBUG l.i.u.t.SubmittedApplicationsPageTest - Entered qualification: 'Kvalifikacija 1'.
2025-04-01 09:52:48 [main] DEBUG l.i.u.t.SubmittedApplicationsPageTest - Entered job description: 'Darbo vietos aprašymas 1'.
2025-04-01 09:52:48 [main] DEBUG l.i.u.t.SubmittedApplicationsPageTest - Entered equipment description: 'Priemonių įsigyjimas 1'.
2025-04-01 09:52:48 [main] DEBUG l.i.u.t.SubmittedApplicationsPageTest - Entered work information: 'Darbai 1'.
2025-04-01 09:52:48 [main] INFO  l.i.u.p.SubmittedApplicationsPage - Located the dropdown button.
2025-04-01 09:52:49 [main] INFO  l.i.u.p.SubmittedApplicationsPage - Successfully selected the value: 'Kita'
2025-04-01 09:52:49 [main] DEBUG l.i.u.t.SubmittedApplicationsPageTest - Selected time mode: 'Kita'.
2025-04-01 09:52:50 [main] DEBUG l.i.u.t.SubmittedApplicationsPageTest - Selected time mode other: '6 val. per dieną ir 4 d. per savaitę'.
2025-04-01 09:52:50 [main] DEBUG l.i.u.t.SubmittedApplicationsPageTest - Entered salary amount: '1200'.
2025-04-01 09:52:50 [main] DEBUG l.i.u.t.SubmittedApplicationsPageTest - Entered salary description: 'Užmokestis 1'.
2025-04-01 09:52:50 [main] DEBUG l.i.u.t.SubmittedApplicationsPageTest - Selected 'Temporary Job' radio button.
2025-04-01 09:52:50 [main] DEBUG l.i.u.t.SubmittedApplicationsPageTest - Selected 'Season Job' radio button.
2025-04-01 09:52:50 [main] DEBUG l.i.u.t.SubmittedApplicationsPageTest - Selected 'PVM' radio button.
2025-04-01 09:52:50 [main] INFO  l.i.u.p.SubmittedApplicationsPage - Located the dropdown button.
2025-04-01 09:52:51 [main] INFO  l.i.u.p.SubmittedApplicationsPage - Successfully selected the value: 'Darbo vietos pritaikymui'
2025-04-01 09:53:21 [main] ERROR l.i.u.p.SubmittedApplicationsPage - Timeout while waiting for dropdown to close with aria-expanded = 'false'.
2025-04-01 09:53:21 [main] DEBUG l.i.u.t.SubmittedApplicationsPageTest - Selected adaptable job name: 'Darbo vietos pritaikymui'.
2025-04-01 09:53:21 [main] DEBUG l.i.u.p.SubmittedApplicationsPage - Located and clicked the dropdown button 'Reikalinga'.
2025-04-01 09:53:21 [main] INFO  l.i.u.p.SubmittedApplicationsPage - Successfully selected the value: 'Įsigyti'
2025-04-01 09:53:21 [main] DEBUG l.i.u.t.SubmittedApplicationsPageTest - Selected necessary for job: 'Įsigyti'.
2025-04-01 09:53:21 [main] DEBUG l.i.u.t.SubmittedApplicationsPageTest - Selected tool: 'Darbo priemonė 1'.
2025-04-01 09:53:22 [main] DEBUG l.i.u.t.SubmittedApplicationsPageTest - Selected tool parameter one: 'Darbo priemonės 1 parametras 1'.
2025-04-01 09:53:22 [main] DEBUG l.i.u.t.SubmittedApplicationsPageTest - Selected tool parameter two: 'Darbo priemonės 1 parametras 2'.
2025-04-01 09:53:22 [main] DEBUG l.i.u.t.SubmittedApplicationsPageTest - Selected tool parameter three: 'Darbo priemonės 1 parametras 3'.
2025-04-01 09:53:22 [main] DEBUG l.i.u.t.SubmittedApplicationsPageTest - Entered tool count: '1'.
2025-04-01 09:53:22 [main] DEBUG l.i.u.t.SubmittedApplicationsPageTest - Entered price amount: '1000'.
2025-04-01 09:53:23 [main] DEBUG l.i.u.t.SubmittedApplicationsPageTest - Entered own funds amount: '800'.
2025-04-01 09:53:25 [main] DEBUG l.i.u.t.SubmittedApplicationsPageTest - Clicked 'Add' button.
2025-04-01 09:53:25 [main] INFO  l.i.u.p.SubmittedApplicationsPage - Located the dropdown button.
2025-04-01 09:53:25 [main] INFO  l.i.u.p.SubmittedApplicationsPage - Successfully selected the value: 'Aplinkos pritaikymui'
2025-04-01 09:53:56 [main] ERROR l.i.u.p.SubmittedApplicationsPage - Timeout while waiting for dropdown to close with aria-expanded = 'false'.
2025-04-01 09:53:56 [main] DEBUG l.i.u.t.SubmittedApplicationsPageTest - Selected adaptable job name: 'Aplinkos pritaikymui'.
2025-04-01 09:53:56 [main] DEBUG l.i.u.p.SubmittedApplicationsPage - Located and clicked the dropdown button 'Reikalinga'.
2025-04-01 09:53:56 [main] INFO  l.i.u.p.SubmittedApplicationsPage - Successfully selected the value: 'Remontuoti'
2025-04-01 09:54:07 [main] DEBUG l.i.u.t.SubmittedApplicationsPageTest - Selected necessary for job: 'Remontuoti'.
2025-04-01 09:54:07 [main] DEBUG l.i.u.t.SubmittedApplicationsPageTest - Selected tool: 'Darbo priemonė 2 remontui'.
2025-04-01 09:54:07 [main] DEBUG l.i.u.t.SubmittedApplicationsPageTest - Entered work information: 'Remonto darbai 1'.
2025-04-01 09:54:07 [main] DEBUG l.i.u.t.SubmittedApplicationsPageTest - Entered tool count: '2'.
2025-04-01 09:54:07 [main] DEBUG l.i.u.t.SubmittedApplicationsPageTest - Entered price amount: '1000'.
2025-04-01 09:54:08 [main] DEBUG l.i.u.t.SubmittedApplicationsPageTest - Entered own funds amount: '900'.
2025-04-01 09:54:10 [main] DEBUG l.i.u.t.SubmittedApplicationsPageTest - Clicked 'AddRemoved' button.
2025-04-01 09:54:12 [main] DEBUG l.i.u.t.SubmittedApplicationsPageTest - Clicked 'Remove' button.
2025-04-01 09:54:14 [main] DEBUG l.i.u.t.SubmittedApplicationsPageTest - Clicked 'Remove Confirmation' button.
2025-04-01 09:54:16 [main] DEBUG l.i.u.t.SubmittedApplicationsPageTest - Selected 'De Minimis' radio button.
2025-04-01 09:54:17 [main] DEBUG l.i.u.t.SubmittedApplicationsPageTest - Entered program name: 'Programa 1'.
2025-04-01 09:54:17 [main] DEBUG l.i.u.t.SubmittedApplicationsPageTest - Entered project date from.
2025-04-01 09:54:17 [main] DEBUG l.i.u.t.SubmittedApplicationsPageTest - Entered project date until.
2025-04-01 09:54:17 [main] DEBUG l.i.u.t.SubmittedApplicationsPageTest - Entered support amount: '2000'.
2025-04-01 09:54:17 [main] DEBUG l.i.u.t.SubmittedApplicationsPageTest - Clicked 'Next' button.
2025-04-01 10:03:37 [main] INFO  lt.insoft.uztis.tests.UztisPageTest - Navigated to https://uztisdev.asseco.lt/home
2025-04-01 10:03:37 [main] INFO  l.i.u.t.SubmittedApplicationsPageTest - Starting test:'testFillNewDVPApplicationFA'
2025-04-01 10:03:38 [main] DEBUG l.i.u.t.SubmittedApplicationsPageTest - User logged in with test credentials.
2025-04-01 10:03:38 [main] DEBUG l.i.u.t.SubmittedApplicationsPageTest - Opened 'Application Processing' menu.
2025-04-01 10:03:38 [main] DEBUG l.i.u.t.SubmittedApplicationsPageTest - Clicked on 'Application Forms' menu.
2025-04-01 10:03:39 [main] DEBUG l.i.u.t.SubmittedApplicationsPageTest - Retrieved last description code text: 'TST-DVP-58'.
2025-04-01 10:03:39 [main] DEBUG l.i.u.t.SubmittedApplicationsPageTest - Clicked on 'Invitation' menu.
2025-04-01 10:03:40 [main] DEBUG l.i.u.t.SubmittedApplicationsPageTest - Selected application section by code: 'TST-DVP-58'.
2025-04-01 10:03:40 [main] DEBUG l.i.u.t.SubmittedApplicationsPageTest - Clicked 'Search' button.
2025-04-01 10:03:40 [main] DEBUG l.i.u.t.SubmittedApplicationsPageTest - Retrieved invitation code: ''.
2025-04-01 10:03:40 [main] DEBUG l.i.u.t.SubmittedApplicationsPageTest - Clicked on 'Submitted Applications' menu.
2025-04-01 10:03:42 [main] DEBUG l.i.u.t.SubmittedApplicationsPageTest - Selected invitation by code: 'TST-DVP-58'.
2025-04-01 10:03:42 [main] DEBUG l.i.u.t.SubmittedApplicationsPageTest - Invitation code inserted.
2025-04-01 10:03:42 [main] DEBUG l.i.u.t.SubmittedApplicationsPageTest - Clicked on 'Action Application' button.
2025-04-01 10:03:42 [main] DEBUG l.i.u.t.SubmittedApplicationsPageTest - Clicked on 'New Application' button.
2025-04-01 10:03:43 [main] DEBUG l.i.u.t.SubmittedApplicationsPageTest - Selected the 'RadioButtonFA' option.
2025-04-01 10:03:43 [main] DEBUG l.i.u.t.SubmittedApplicationsPageTest - Entered phone number: '61298745'.
2025-04-01 10:03:43 [main] DEBUG l.i.u.t.SubmittedApplicationsPageTest - Entered email: 'test@autotest.com'.
2025-04-01 10:03:43 [main] DEBUG l.i.u.t.SubmittedApplicationsPageTest - Checked 'For workplace adaptation' checkbox 1.
2025-04-01 10:03:43 [main] DEBUG l.i.u.t.SubmittedApplicationsPageTest - Checked 'For environmental adaptation' checkbox 2.
2025-04-01 10:03:43 [main] INFO  l.i.u.p.SubmittedApplicationsPage - Located the dropdown button.
2025-04-01 10:04:05 [main] INFO  l.i.u.p.SubmittedApplicationsPage - Found 1741 options in the dropdown.
2025-04-01 10:04:05 [main] INFO  l.i.u.p.SubmittedApplicationsPage - Successfully selected the value: '01.11 - Grūdinių (išskyrus ryžius), ankštinių ir aliejingų sėklų augalų auginimas'
2025-04-01 10:04:15 [main] ERROR l.i.u.p.SubmittedApplicationsPage - Failed to close the dropdown with aria-expanded = 'false'. Attempting manual close.
2025-04-01 10:04:15 [main] INFO  l.i.u.p.SubmittedApplicationsPage - Manual close attempt for the dropdown using body click.
2025-04-01 10:04:15 [main] DEBUG l.i.u.t.SubmittedApplicationsPageTest - Selected EVRK value: '01.11 - Grūdinių (išskyrus ryžius), ankštinių ir aliejingų sėklų augalų auginimas'.
2025-04-01 10:04:16 [main] DEBUG l.i.u.t.SubmittedApplicationsPageTest - Clicked on 'Address Component' button.
2025-04-01 10:04:16 [main] INFO  l.i.u.p.SubmittedApplicationsPage - Located the dropdown button.
2025-04-01 10:04:19 [main] INFO  l.i.u.p.SubmittedApplicationsPage - Successfully selected the value: 'Lietuva'
2025-04-01 10:04:19 [main] DEBUG l.i.u.t.SubmittedApplicationsPageTest - Selected country: 'Lietuva'.
2025-04-01 10:04:19 [main] INFO  l.i.u.p.SubmittedApplicationsPage - Located the dropdown search field.
2025-04-01 10:04:19 [main] INFO  l.i.u.p.SubmittedApplicationsPage - Dropdown city is opened.
2025-04-01 10:04:19 [main] INFO  l.i.u.p.SubmittedApplicationsPage - Searched for value: 'Vilnius'
2025-04-01 10:04:20 [main] INFO  l.i.u.p.SubmittedApplicationsPage - Successfully selected: 'Vilnius'
2025-04-01 10:04:20 [main] INFO  l.i.u.p.SubmittedApplicationsPage - Located the dropdown button.
2025-04-01 10:04:20 [main] INFO  l.i.u.p.SubmittedApplicationsPage - Successfully selected the value: 'A. Domaševičiaus g.'
2025-04-01 10:04:20 [main] DEBUG l.i.u.t.SubmittedApplicationsPageTest - Selected street: 'A. Domaševičiaus g.'.
2025-04-01 10:04:20 [main] INFO  l.i.u.p.SubmittedApplicationsPage - Located the dropdown button.
2025-04-01 10:04:20 [main] INFO  l.i.u.p.SubmittedApplicationsPage - Successfully selected the value: '1'
2025-04-01 10:04:20 [main] DEBUG l.i.u.t.SubmittedApplicationsPageTest - Selected house: '1'.
2025-04-01 10:04:20 [main] INFO  l.i.u.p.SubmittedApplicationsPage - Located the dropdown button.
2025-04-01 10:04:21 [main] INFO  l.i.u.p.SubmittedApplicationsPage - Successfully selected the value: '1'
2025-04-01 10:04:21 [main] DEBUG l.i.u.t.SubmittedApplicationsPageTest - Selected apartment: '1'.
2025-04-01 10:04:21 [main] DEBUG l.i.u.t.SubmittedApplicationsPageTest - Clicked 'Confirm' button.
2025-04-01 10:04:21 [main] DEBUG l.i.u.t.SubmittedApplicationsPageTest - Selected 'For already working' option.
2025-04-01 10:04:21 [main] DEBUG l.i.u.t.SubmittedApplicationsPageTest - Selected 'For new working' option.
2025-04-01 10:04:21 [main] DEBUG l.i.u.t.SubmittedApplicationsPageTest - Entered person count2: '1'.
2025-04-01 10:04:22 [main] DEBUG l.i.u.t.SubmittedApplicationsPageTest - Clicked 'Next' button after checkboxes.
2025-04-01 10:04:22 [main] INFO  l.i.u.p.SubmittedApplicationsPage - Located the dropdown button.
2025-04-01 10:04:22 [main] INFO  l.i.u.p.SubmittedApplicationsPage - Successfully selected the value: 'Administratoriai'
2025-04-01 10:04:22 [main] DEBUG l.i.u.t.SubmittedApplicationsPageTest - Selected adaptable job name: 'Administratoriai'.
2025-04-01 10:04:23 [main] DEBUG l.i.u.t.SubmittedApplicationsPageTest - Entered job date.
2025-04-01 10:04:23 [main] DEBUG l.i.u.t.SubmittedApplicationsPageTest - Entered job function: 'Funkcija 1'.
2025-04-01 10:04:23 [main] DEBUG l.i.u.t.SubmittedApplicationsPageTest - Selected 'For already working' 'no' option.
2025-04-01 10:04:23 [main] INFO  l.i.u.p.SubmittedApplicationsPage - Clicking on the dropdown button.
2025-04-01 10:04:24 [main] INFO  l.i.u.p.SubmittedApplicationsPage - Found 6 options in the dropdown.
2025-04-01 10:04:24 [main] DEBUG l.i.u.p.SubmittedApplicationsPage - Checking option: 'Lengvo neįgalumo lygis ar 45-55 procentų dalyvumo lygis (iki 2023 m. gruodžio 31 d. – 45-55 procentų darbingumo lygis)'
2025-04-01 10:04:24 [main] INFO  l.i.u.p.SubmittedApplicationsPage - Successfully selected the value: 'Lengvo neįgalumo lygis ar 45-55 procentų dalyvumo lygis (iki 2023 m. gruodžio 31 d. – 45-55 procentų darbingumo lygis)'
2025-04-01 10:04:24 [main] INFO  l.i.u.p.SubmittedApplicationsPage - Attempting to close the dropdown.
2025-04-01 10:04:25 [main] DEBUG l.i.u.t.SubmittedApplicationsPageTest - Selected disabilities type: 'Lengvo neįgalumo lygis ar 45-55 procentų dalyvumo lygis (iki 2023 m. gruodžio 31 d. – 45-55 procentų darbingumo lygis)'.
2025-04-01 10:04:25 [main] DEBUG l.i.u.t.SubmittedApplicationsPageTest - Entered disability information: 'Negalia 1'.
2025-04-01 10:04:25 [main] DEBUG l.i.u.t.SubmittedApplicationsPageTest - Entered qualification: 'Kvalifikacija 1'.
2025-04-01 10:04:25 [main] DEBUG l.i.u.t.SubmittedApplicationsPageTest - Entered job description: 'Darbo vietos aprašymas 1'.
2025-04-01 10:04:26 [main] DEBUG l.i.u.t.SubmittedApplicationsPageTest - Entered equipment description: 'Priemonių įsigyjimas 1'.
2025-04-01 10:04:26 [main] DEBUG l.i.u.t.SubmittedApplicationsPageTest - Entered work information: 'Darbai 1'.
2025-04-01 10:04:26 [main] INFO  l.i.u.p.SubmittedApplicationsPage - Located the dropdown button.
2025-04-01 10:04:26 [main] INFO  l.i.u.p.SubmittedApplicationsPage - Successfully selected the value: 'Kita'
2025-04-01 10:04:26 [main] DEBUG l.i.u.t.SubmittedApplicationsPageTest - Selected time mode: 'Kita'.
2025-04-01 10:04:27 [main] DEBUG l.i.u.t.SubmittedApplicationsPageTest - Selected time mode other: '6 val. per dieną ir 4 d. per savaitę'.
2025-04-01 10:04:27 [main] DEBUG l.i.u.t.SubmittedApplicationsPageTest - Entered salary amount: '1200'.
2025-04-01 10:04:27 [main] DEBUG l.i.u.t.SubmittedApplicationsPageTest - Entered salary description: 'Užmokestis 1'.
2025-04-01 10:04:27 [main] DEBUG l.i.u.t.SubmittedApplicationsPageTest - Selected 'Temporary Job' radio button.
2025-04-01 10:04:27 [main] DEBUG l.i.u.t.SubmittedApplicationsPageTest - Selected 'Season Job' radio button.
2025-04-01 10:04:27 [main] DEBUG l.i.u.t.SubmittedApplicationsPageTest - Selected 'PVM' radio button.
2025-04-01 10:04:27 [main] INFO  l.i.u.p.SubmittedApplicationsPage - Located the dropdown button.
2025-04-01 10:04:28 [main] INFO  l.i.u.p.SubmittedApplicationsPage - Successfully selected the value: 'Darbo vietos pritaikymui'
2025-04-01 10:04:58 [main] ERROR l.i.u.p.SubmittedApplicationsPage - Timeout while waiting for dropdown to close with aria-expanded = 'false'.
2025-04-01 10:04:58 [main] DEBUG l.i.u.t.SubmittedApplicationsPageTest - Selected adaptable job name: 'Darbo vietos pritaikymui'.
2025-04-01 10:04:58 [main] DEBUG l.i.u.p.SubmittedApplicationsPage - Located and clicked the dropdown button 'Reikalinga'.
2025-04-01 10:04:58 [main] INFO  l.i.u.p.SubmittedApplicationsPage - Successfully selected the value: 'Įsigyti'
2025-04-01 10:04:58 [main] DEBUG l.i.u.t.SubmittedApplicationsPageTest - Selected necessary for job: 'Įsigyti'.
2025-04-01 10:04:59 [main] DEBUG l.i.u.t.SubmittedApplicationsPageTest - Selected tool: 'Darbo priemonė 1'.
2025-04-01 10:04:59 [main] DEBUG l.i.u.t.SubmittedApplicationsPageTest - Selected tool parameter one: 'Darbo priemonės 1 parametras 1'.
2025-04-01 10:04:59 [main] DEBUG l.i.u.t.SubmittedApplicationsPageTest - Selected tool parameter two: 'Darbo priemonės 1 parametras 2'.
2025-04-01 10:04:59 [main] DEBUG l.i.u.t.SubmittedApplicationsPageTest - Selected tool parameter three: 'Darbo priemonės 1 parametras 3'.
2025-04-01 10:04:59 [main] DEBUG l.i.u.t.SubmittedApplicationsPageTest - Entered tool count: '1'.
2025-04-01 10:04:59 [main] DEBUG l.i.u.t.SubmittedApplicationsPageTest - Entered price amount: '1000'.
2025-04-01 10:05:00 [main] DEBUG l.i.u.t.SubmittedApplicationsPageTest - Entered own funds amount: '800'.
2025-04-01 10:05:02 [main] DEBUG l.i.u.t.SubmittedApplicationsPageTest - Clicked 'Add' button.
2025-04-01 10:05:02 [main] INFO  l.i.u.p.SubmittedApplicationsPage - Located the dropdown button.
2025-04-01 10:05:02 [main] INFO  l.i.u.p.SubmittedApplicationsPage - Successfully selected the value: 'Aplinkos pritaikymui'
2025-04-01 10:05:33 [main] ERROR l.i.u.p.SubmittedApplicationsPage - Timeout while waiting for dropdown to close with aria-expanded = 'false'.
2025-04-01 10:05:33 [main] DEBUG l.i.u.t.SubmittedApplicationsPageTest - Selected adaptable job name: 'Aplinkos pritaikymui'.
2025-04-01 10:05:33 [main] DEBUG l.i.u.p.SubmittedApplicationsPage - Located and clicked the dropdown button 'Reikalinga'.
2025-04-01 10:05:33 [main] INFO  l.i.u.p.SubmittedApplicationsPage - Successfully selected the value: 'Remontuoti'
2025-04-01 10:05:44 [main] DEBUG l.i.u.t.SubmittedApplicationsPageTest - Selected necessary for job: 'Remontuoti'.
2025-04-01 10:05:44 [main] DEBUG l.i.u.t.SubmittedApplicationsPageTest - Selected tool: 'Darbo priemonė 2 remontui'.
2025-04-01 10:05:44 [main] DEBUG l.i.u.t.SubmittedApplicationsPageTest - Entered work information: 'Remonto darbai 1'.
2025-04-01 10:05:44 [main] DEBUG l.i.u.t.SubmittedApplicationsPageTest - Entered tool count: '2'.
2025-04-01 10:05:44 [main] DEBUG l.i.u.t.SubmittedApplicationsPageTest - Entered price amount: '1000'.
2025-04-01 10:05:45 [main] DEBUG l.i.u.t.SubmittedApplicationsPageTest - Entered own funds amount: '900'.
2025-04-01 10:05:47 [main] DEBUG l.i.u.t.SubmittedApplicationsPageTest - Clicked 'AddRemoved' button.
2025-04-01 10:05:49 [main] DEBUG l.i.u.t.SubmittedApplicationsPageTest - Clicked 'Remove' button.
2025-04-01 10:05:51 [main] DEBUG l.i.u.t.SubmittedApplicationsPageTest - Clicked 'Remove Confirmation' button.
2025-04-01 10:05:53 [main] DEBUG l.i.u.t.SubmittedApplicationsPageTest - Selected 'De Minimis' radio button.
2025-04-01 10:05:54 [main] DEBUG l.i.u.t.SubmittedApplicationsPageTest - Entered program name: 'Programa 1'.
2025-04-01 10:05:54 [main] DEBUG l.i.u.t.SubmittedApplicationsPageTest - Entered project date from.
2025-04-01 10:05:54 [main] DEBUG l.i.u.t.SubmittedApplicationsPageTest - Entered project date until.
2025-04-01 10:05:54 [main] DEBUG l.i.u.t.SubmittedApplicationsPageTest - Entered support amount: '2000'.
2025-04-01 10:05:54 [main] DEBUG l.i.u.t.SubmittedApplicationsPageTest - Clicked 'Next' button.
2025-04-01 10:10:28 [main] INFO  lt.insoft.uztis.tests.UztisPageTest - Navigated to https://uztisdev.asseco.lt/home
2025-04-01 10:10:28 [main] INFO  l.i.u.t.SubmittedApplicationsPageTest - Starting test:'testAddEvaluators'
2025-04-01 10:10:28 [main] DEBUG l.i.u.t.SubmittedApplicationsPageTest - User logged in with test credentials.
2025-04-01 10:10:29 [main] DEBUG l.i.u.t.SubmittedApplicationsPageTest - Opened 'Application Processing' menu.
2025-04-01 10:10:29 [main] DEBUG l.i.u.t.SubmittedApplicationsPageTest - Clicked on 'Application Forms' menu.
2025-04-01 10:10:29 [main] DEBUG l.i.u.t.SubmittedApplicationsPageTest - Retrieved last description code text: 'TST-VUI-75'.
2025-04-01 10:10:29 [main] DEBUG l.i.u.t.SubmittedApplicationsPageTest - Clicked on 'Invitation' menu.
2025-04-01 10:10:31 [main] DEBUG l.i.u.t.SubmittedApplicationsPageTest - Selected application section by code: 'TST-VUI-75'.
2025-04-01 10:10:31 [main] DEBUG l.i.u.t.SubmittedApplicationsPageTest - Clicked 'Search' button.
2025-04-01 10:10:31 [main] DEBUG l.i.u.t.SubmittedApplicationsPageTest - Retrieved invitation code: ''.
2025-04-01 10:10:31 [main] DEBUG l.i.u.t.SubmittedApplicationsPageTest - Clicked on 'Submitted Applications' menu.
2025-04-01 10:10:32 [main] DEBUG l.i.u.t.SubmittedApplicationsPageTest - Selected invitation by code: 'TST-VUI-75'.
2025-04-01 10:10:32 [main] DEBUG l.i.u.t.SubmittedApplicationsPageTest - Invitation code inserted.
2025-04-01 10:10:33 [main] DEBUG l.i.u.t.SubmittedApplicationsPageTest - Clicked on 'Action Application' button.
2025-04-01 10:10:33 [main] DEBUG l.i.u.t.SubmittedApplicationsPageTest - Clicked on 'Add Evaluators' button.
2025-04-01 10:10:33 [main] DEBUG l.i.u.t.SubmittedApplicationsPageTest - Entered first evaluation date.
2025-04-01 10:10:33 [main] DEBUG l.i.u.t.SubmittedApplicationsPageTest - Entered second evaluation date.
2025-04-01 10:10:33 [main] DEBUG l.i.u.t.SubmittedApplicationsPageTest - Entered third evaluation date.
2025-04-01 10:10:33 [main] DEBUG l.i.u.t.SubmittedApplicationsPageTest - Clicked on 'Add Evaluators' confirmation button.
2025-04-01 10:10:34 [main] DEBUG l.i.uztis.pages.ApplicationFormsPage - Verified success message: 'Paraiškų vertinimai sėkmingai priskirti vertintojams.'
2025-04-01 10:10:34 [main] INFO  l.i.u.t.SubmittedApplicationsPageTest - Verified success message
2025-04-01 10:10:34 [main] INFO  l.i.u.t.SubmittedApplicationsPageTest - Test 'testAddEvaluators' completed successfully.
2025-04-01 10:10:58 [main] INFO  lt.insoft.uztis.tests.UztisPageTest - Navigated to https://uztisdev.asseco.lt/home
2025-04-01 10:10:58 [main] INFO  l.i.uztis.tests.EvaluationsPageTest - Starting test:'testFillSaveDraftEvaluationOne'
2025-04-01 10:10:58 [main] INFO  l.i.uztis.tests.EvaluationsPageTest - Starting test:'testNavigateToEvaluationsPage'
2025-04-01 10:10:59 [main] DEBUG l.i.uztis.tests.EvaluationsPageTest - User logged in with test credentials
2025-04-01 10:10:59 [main] DEBUG l.i.uztis.tests.EvaluationsPageTest - Opened 'Application Processing' menu.
2025-04-01 10:10:59 [main] DEBUG l.i.uztis.tests.EvaluationsPageTest - Clicked on 'Evaluations' menu.
2025-04-01 10:10:59 [main] DEBUG l.i.uztis.tests.EvaluationsPageTest - Navigating to evaluations menu.
2025-04-01 10:10:59 [main] INFO  l.i.uztis.tests.EvaluationsPageTest - Test 'testNavigateToEvaluationsPage' completed successfully.
2025-04-01 10:11:01 [main] DEBUG l.i.uztis.tests.EvaluationsPageTest - Clicked on last evaluation.
2025-04-01 10:11:02 [main] DEBUG l.i.uztis.tests.EvaluationsPageTest - Clicked 'Edit'.
2025-04-01 10:11:05 [main] DEBUG l.i.uztis.tests.EvaluationsPageTest - Selected '1.1' radio button.
2025-04-01 10:11:09 [main] DEBUG l.i.uztis.tests.EvaluationsPageTest - Selected '1.2' radio button.
2025-04-01 10:11:12 [main] DEBUG l.i.uztis.tests.EvaluationsPageTest - Selected '1.3' radio button.
2025-04-01 10:11:14 [main] DEBUG l.i.uztis.tests.EvaluationsPageTest - Selected '1.4' radio button.
2025-04-01 10:11:15 [main] DEBUG l.i.uztis.tests.EvaluationsPageTest - Selected '1.5' radio button.
2025-04-01 10:11:17 [main] DEBUG l.i.uztis.tests.EvaluationsPageTest - Selected '2.1' radio button.
2025-04-01 10:11:18 [main] DEBUG l.i.uztis.tests.EvaluationsPageTest - Selected '3.1' radio button.
2025-04-01 10:11:20 [main] DEBUG l.i.uztis.tests.EvaluationsPageTest - Selected '4.2' radio button.
2025-04-01 10:11:21 [main] DEBUG l.i.uztis.tests.EvaluationsPageTest - Selected '5.1' radio button.
2025-04-01 10:11:22 [main] DEBUG l.i.uztis.tests.EvaluationsPageTest - Selected '5.2' radio button.
2025-04-01 10:11:24 [main] DEBUG l.i.uztis.tests.EvaluationsPageTest - Selected '6.1' radio button.
2025-04-01 10:11:25 [main] DEBUG l.i.uztis.tests.EvaluationsPageTest - Selected '6.2' radio button.
2025-04-01 10:11:25 [main] DEBUG l.i.uztis.tests.EvaluationsPageTest - Clicked on expansion panel 'Not Critical'.
2025-04-01 10:11:26 [main] DEBUG l.i.uztis.tests.EvaluationsPageTest - Selected '7' radio button.
2025-04-01 10:11:26 [main] DEBUG l.i.uztis.tests.EvaluationsPageTest - Selected '8_1' radio button.
2025-04-01 10:11:26 [main] DEBUG l.i.uztis.tests.EvaluationsPageTest - Selected '8_2' radio button.
2025-04-01 10:11:27 [main] DEBUG l.i.uztis.tests.EvaluationsPageTest - Selected '8_3' radio button.
2025-04-01 10:11:27 [main] DEBUG l.i.uztis.tests.EvaluationsPageTest - Selected '8_4' radio button.
2025-04-01 10:11:28 [main] DEBUG l.i.uztis.tests.EvaluationsPageTest - Selected '8_5' radio button.
2025-04-01 10:11:28 [main] DEBUG l.i.uztis.tests.EvaluationsPageTest - Selected '8_6' radio button.
2025-04-01 10:11:29 [main] DEBUG l.i.uztis.tests.EvaluationsPageTest - Selected '8_7' radio button.
2025-04-01 10:11:29 [main] DEBUG l.i.uztis.tests.EvaluationsPageTest - Selected '8_8' radio button.
2025-04-01 10:11:29 [main] DEBUG l.i.uztis.tests.EvaluationsPageTest - Selected '8_9' radio button.
2025-04-01 10:11:30 [main] DEBUG l.i.uztis.tests.EvaluationsPageTest - Selected '8_10' radio button.
2025-04-01 10:11:30 [main] DEBUG l.i.uztis.tests.EvaluationsPageTest - Selected '9' radio button.
2025-04-01 10:11:31 [main] DEBUG l.i.uztis.tests.EvaluationsPageTest - Selected '10.1' radio button.
2025-04-01 10:11:31 [main] DEBUG l.i.uztis.tests.EvaluationsPageTest - Selected '10.2' radio button.
2025-04-01 10:11:31 [main] DEBUG l.i.uztis.tests.EvaluationsPageTest - Selected '10.3' radio button.
2025-04-01 10:11:32 [main] DEBUG l.i.uztis.tests.EvaluationsPageTest - Entered  explanation: 'Balas pakoreduotas ranka'.
2025-04-01 10:11:32 [main] DEBUG l.i.uztis.tests.EvaluationsPageTest - Clicked 'Save Draft'.
2025-04-01 10:11:32 [main] ERROR l.i.uztis.pages.ApplicationFormsPage - Failed to verify the success message: 'Duomenys sėkmingai išsaugoti.'. Available messages: [, , , , ]
2025-04-01 10:11:32 [main] INFO  l.i.uztis.tests.EvaluationsPageTest - Verified success message
2025-04-01 10:11:32 [main] INFO  l.i.uztis.tests.EvaluationsPageTest - Test 'testFillSaveDraftEvaluationOne' completed successfully.
2025-04-01 10:11:45 [main] INFO  lt.insoft.uztis.tests.UztisPageTest - Navigated to https://uztisdev.asseco.lt/home
2025-04-01 10:11:45 [main] INFO  l.i.uztis.tests.EvaluationsPageTest - Starting test:'testConfirmEvaluationOne'
2025-04-01 10:11:45 [main] INFO  l.i.uztis.tests.EvaluationsPageTest - Starting test:'testNavigateToEvaluationsPage'
2025-04-01 10:11:46 [main] DEBUG l.i.uztis.tests.EvaluationsPageTest - User logged in with test credentials
2025-04-01 10:11:46 [main] DEBUG l.i.uztis.tests.EvaluationsPageTest - Opened 'Application Processing' menu.
2025-04-01 10:11:46 [main] DEBUG l.i.uztis.tests.EvaluationsPageTest - Clicked on 'Evaluations' menu.
2025-04-01 10:11:46 [main] DEBUG l.i.uztis.tests.EvaluationsPageTest - Navigating to evaluations menu.
2025-04-01 10:11:46 [main] INFO  l.i.uztis.tests.EvaluationsPageTest - Test 'testNavigateToEvaluationsPage' completed successfully.
2025-04-01 10:11:47 [main] DEBUG l.i.uztis.tests.EvaluationsPageTest - Clicked on last evaluation.
2025-04-01 10:11:48 [main] DEBUG l.i.uztis.tests.EvaluationsPageTest - Clicked 'Edit'.
2025-04-01 10:11:51 [main] DEBUG l.i.uztis.tests.EvaluationsPageTest - Clicked 'Confirm'.
2025-04-01 10:11:53 [main] DEBUG l.i.uztis.tests.EvaluationsPageTest - Clicked 'Confirm Confirmation'.
2025-04-01 10:11:56 [main] DEBUG l.i.uztis.tests.EvaluationsPageTest - Fetched label text: Įvertinta
2025-04-01 10:11:56 [main] INFO  l.i.uztis.tests.EvaluationsPageTest - Verified that the label text matches the expected value.
2025-04-01 10:11:56 [main] INFO  l.i.uztis.tests.EvaluationsPageTest - Test 'testConfirmEvaluationOne' completed successfully.
2025-04-01 10:12:07 [main] INFO  lt.insoft.uztis.tests.UztisPageTest - Navigated to https://uztisdev.asseco.lt/home
2025-04-01 10:12:07 [main] INFO  l.i.uztis.tests.EvaluationsPageTest - Starting test:'testFillSaveDraftEvaluationTwo'
2025-04-01 10:12:07 [main] INFO  l.i.uztis.tests.EvaluationsPageTest - Starting test:'testNavigateToEvaluationsPage'
2025-04-01 10:12:08 [main] DEBUG l.i.uztis.tests.EvaluationsPageTest - User logged in with test credentials
2025-04-01 10:12:08 [main] DEBUG l.i.uztis.tests.EvaluationsPageTest - Opened 'Application Processing' menu.
2025-04-01 10:12:08 [main] DEBUG l.i.uztis.tests.EvaluationsPageTest - Clicked on 'Evaluations' menu.
2025-04-01 10:12:08 [main] DEBUG l.i.uztis.tests.EvaluationsPageTest - Navigating to evaluations menu.
2025-04-01 10:12:08 [main] INFO  l.i.uztis.tests.EvaluationsPageTest - Test 'testNavigateToEvaluationsPage' completed successfully.
2025-04-01 10:12:09 [main] DEBUG l.i.uztis.tests.EvaluationsPageTest - Clicked on last evaluation.
2025-04-01 10:12:09 [main] DEBUG l.i.uztis.tests.EvaluationsPageTest - Clicked 'Edit'.
2025-04-01 10:12:10 [main] DEBUG l.i.uztis.tests.EvaluationsPageTest - Entered commission date.
2025-04-01 10:12:10 [main] DEBUG l.i.uztis.tests.EvaluationsPageTest - Selected 'Without Commission' radio button.
2025-04-01 10:12:10 [main] DEBUG l.i.uztis.tests.EvaluationsPageTest - Entered chairman name: 'Pirmininkas Pirmininkauskas'.
2025-04-01 10:12:10 [main] DEBUG l.i.uztis.tests.EvaluationsPageTest - Entered member name: 'Narys Narauskas'.
2025-04-01 10:12:11 [main] DEBUG l.i.uztis.tests.EvaluationsPageTest - Clicked 'Continue'.
2025-04-01 10:12:11 [main] DEBUG l.i.uztis.tests.EvaluationsPageTest - Entered score edition: '9'.
2025-04-01 10:12:11 [main] DEBUG l.i.uztis.tests.EvaluationsPageTest - Entered chairman score: '10'.
2025-04-01 10:12:11 [main] DEBUG l.i.uztis.tests.EvaluationsPageTest - Entered member score: '11'.
2025-04-01 10:12:11 [main] DEBUG l.i.uztis.tests.EvaluationsPageTest - Entered conclusion: 'Išvada - palanki'.
2025-04-01 10:12:12 [main] DEBUG l.i.uztis.tests.EvaluationsPageTest - Entered  explanation: 'Balas pakoreduotas ranka'.
2025-04-01 10:12:12 [main] DEBUG l.i.uztis.tests.EvaluationsPageTest - Clicked 'Save Draft'.
2025-04-01 10:12:12 [main] DEBUG l.i.uztis.pages.ApplicationFormsPage - Verified success message: 'Duomenys sėkmingai išsaugoti.'
2025-04-01 10:12:12 [main] INFO  l.i.uztis.tests.EvaluationsPageTest - Verified success message
2025-04-01 10:12:12 [main] INFO  l.i.uztis.tests.EvaluationsPageTest - Test 'testFillSaveDraftEvaluationTwo' completed successfully.
2025-04-01 10:12:23 [main] INFO  lt.insoft.uztis.tests.UztisPageTest - Navigated to https://uztisdev.asseco.lt/home
2025-04-01 10:12:23 [main] INFO  l.i.uztis.tests.EvaluationsPageTest - Starting test:'testConfirmEvaluationTwo'
2025-04-01 10:12:23 [main] INFO  l.i.uztis.tests.EvaluationsPageTest - Starting test:'testNavigateToEvaluationsPage'
2025-04-01 10:12:24 [main] DEBUG l.i.uztis.tests.EvaluationsPageTest - User logged in with test credentials
2025-04-01 10:12:24 [main] DEBUG l.i.uztis.tests.EvaluationsPageTest - Opened 'Application Processing' menu.
2025-04-01 10:12:25 [main] DEBUG l.i.uztis.tests.EvaluationsPageTest - Clicked on 'Evaluations' menu.
2025-04-01 10:12:25 [main] DEBUG l.i.uztis.tests.EvaluationsPageTest - Navigating to evaluations menu.
2025-04-01 10:12:25 [main] INFO  l.i.uztis.tests.EvaluationsPageTest - Test 'testNavigateToEvaluationsPage' completed successfully.
2025-04-01 10:12:25 [main] DEBUG l.i.uztis.tests.EvaluationsPageTest - Clicked on last evaluation.
2025-04-01 10:12:26 [main] DEBUG l.i.uztis.tests.EvaluationsPageTest - Clicked 'Edit'.
2025-04-01 10:12:26 [main] DEBUG l.i.uztis.tests.EvaluationsPageTest - Clicked 'Continue'.
2025-04-01 10:12:26 [main] DEBUG l.i.uztis.tests.EvaluationsPageTest - Entered conclusion: 'Išvada - papildyta'.
2025-04-01 10:12:27 [main] DEBUG l.i.uztis.tests.EvaluationsPageTest - Entered  explanation: '; Išvada pakoreduota ranka'.
2025-04-01 10:12:27 [main] DEBUG l.i.uztis.tests.EvaluationsPageTest - Clicked 'Confirm'.
2025-04-01 10:12:27 [main] DEBUG l.i.uztis.tests.EvaluationsPageTest - Clicked 'Confirm Confirmation'.
2025-04-01 10:12:27 [main] DEBUG l.i.uztis.tests.EvaluationsPageTest - Fetched label text: Įvertinta
2025-04-01 10:12:27 [main] INFO  l.i.uztis.tests.EvaluationsPageTest - Verified that the label text matches the expected value.
2025-04-01 10:12:27 [main] INFO  l.i.uztis.tests.EvaluationsPageTest - Test 'testConfirmEvaluationTwo' completed successfully.
2025-04-01 10:12:39 [main] INFO  lt.insoft.uztis.tests.UztisPageTest - Navigated to https://uztisdev.asseco.lt/home
2025-04-01 10:12:39 [main] INFO  l.i.uztis.tests.EvaluationsPageTest - Starting test:'testFillSaveDraftEvaluationThree'
2025-04-01 10:12:39 [main] INFO  l.i.uztis.tests.EvaluationsPageTest - Starting test:'testNavigateToEvaluationsPage'
2025-04-01 10:12:39 [main] DEBUG l.i.uztis.tests.EvaluationsPageTest - User logged in with test credentials
2025-04-01 10:12:40 [main] DEBUG l.i.uztis.tests.EvaluationsPageTest - Opened 'Application Processing' menu.
2025-04-01 10:12:40 [main] DEBUG l.i.uztis.tests.EvaluationsPageTest - Clicked on 'Evaluations' menu.
2025-04-01 10:12:40 [main] DEBUG l.i.uztis.tests.EvaluationsPageTest - Navigating to evaluations menu.
2025-04-01 10:12:40 [main] INFO  l.i.uztis.tests.EvaluationsPageTest - Test 'testNavigateToEvaluationsPage' completed successfully.
2025-04-01 10:12:40 [main] DEBUG l.i.uztis.tests.EvaluationsPageTest - Clicked on last evaluation.
2025-04-01 10:12:41 [main] DEBUG l.i.uztis.tests.EvaluationsPageTest - Clicked 'Edit'.
2025-04-01 10:12:42 [main] DEBUG l.i.uztis.tests.EvaluationsPageTest - Entered commission date.
2025-04-01 10:12:42 [main] DEBUG l.i.uztis.tests.EvaluationsPageTest - Selected 'Without Commission' radio button.
2025-04-01 10:12:42 [main] DEBUG l.i.uztis.tests.EvaluationsPageTest - Entered chairman name: 'Pirmininkas Pirmininkauskas'.
2025-04-01 10:12:42 [main] DEBUG l.i.uztis.tests.EvaluationsPageTest - Entered member name: 'Narys Narauskas'.
2025-04-01 10:12:43 [main] DEBUG l.i.uztis.tests.EvaluationsPageTest - Clicked 'Continue'.
2025-04-01 10:12:43 [main] DEBUG l.i.uztis.tests.EvaluationsPageTest - Entered chairman score 1: '1'.
2025-04-01 10:12:43 [main] DEBUG l.i.uztis.tests.EvaluationsPageTest - Entered member score 1: '2'.
2025-04-01 10:12:43 [main] DEBUG l.i.uztis.tests.EvaluationsPageTest - Entered member conclusion 1: 'Išvada - palanki 1'.
2025-04-01 10:12:43 [main] DEBUG l.i.uztis.tests.EvaluationsPageTest - Entered chairman score 2: '3'.
2025-04-01 10:12:43 [main] DEBUG l.i.uztis.tests.EvaluationsPageTest - Entered member score 2: '4'.
2025-04-01 10:12:43 [main] DEBUG l.i.uztis.tests.EvaluationsPageTest - Entered member conclusion 2: 'Išvada - palanki 2'.
2025-04-01 10:12:44 [main] DEBUG l.i.uztis.tests.EvaluationsPageTest - Entered chairman score 3: '5'.
2025-04-01 10:12:44 [main] DEBUG l.i.uztis.tests.EvaluationsPageTest - Entered member score 3: '6'.
2025-04-01 10:12:44 [main] DEBUG l.i.uztis.tests.EvaluationsPageTest - Entered member conclusion 3: 'Išvada - palanki 3'.
2025-04-01 10:12:44 [main] DEBUG l.i.uztis.tests.EvaluationsPageTest - Entered chairman score 4: '7'.
2025-04-01 10:12:44 [main] DEBUG l.i.uztis.tests.EvaluationsPageTest - Entered member score 4: '8'.
2025-04-01 10:12:44 [main] DEBUG l.i.uztis.tests.EvaluationsPageTest - Entered member conclusion 4: 'Išvada - palanki 4'.
2025-04-01 10:12:44 [main] DEBUG l.i.uztis.tests.EvaluationsPageTest - Entered chairman score 5: '9'.
2025-04-01 10:12:45 [main] DEBUG l.i.uztis.tests.EvaluationsPageTest - Entered member score 5: '10'.
2025-04-01 10:12:45 [main] DEBUG l.i.uztis.tests.EvaluationsPageTest - Entered member conclusion 5: 'Išvada - palanki 5'.
2025-04-01 10:12:45 [main] DEBUG l.i.uztis.tests.EvaluationsPageTest - Clicked 'Save Draft'.
2025-04-01 10:12:45 [main] DEBUG l.i.uztis.pages.ApplicationFormsPage - Verified success message: 'Duomenys sėkmingai išsaugoti.'
2025-04-01 10:12:45 [main] INFO  l.i.uztis.tests.EvaluationsPageTest - Verified success message
2025-04-01 10:12:45 [main] INFO  l.i.uztis.tests.EvaluationsPageTest - Test 'testFillSaveDraftEvaluationThree' completed successfully.
2025-04-01 10:12:58 [main] INFO  lt.insoft.uztis.tests.UztisPageTest - Navigated to https://uztisdev.asseco.lt/home
2025-04-01 10:12:58 [main] INFO  l.i.uztis.tests.EvaluationsPageTest - Starting test:'testConfirmEvaluationThree'
2025-04-01 10:12:58 [main] INFO  l.i.uztis.tests.EvaluationsPageTest - Starting test:'testNavigateToEvaluationsPage'
2025-04-01 10:12:58 [main] DEBUG l.i.uztis.tests.EvaluationsPageTest - User logged in with test credentials
2025-04-01 10:12:59 [main] DEBUG l.i.uztis.tests.EvaluationsPageTest - Opened 'Application Processing' menu.
2025-04-01 10:12:59 [main] DEBUG l.i.uztis.tests.EvaluationsPageTest - Clicked on 'Evaluations' menu.
2025-04-01 10:12:59 [main] DEBUG l.i.uztis.tests.EvaluationsPageTest - Navigating to evaluations menu.
2025-04-01 10:12:59 [main] INFO  l.i.uztis.tests.EvaluationsPageTest - Test 'testNavigateToEvaluationsPage' completed successfully.
2025-04-01 10:12:59 [main] DEBUG l.i.uztis.tests.EvaluationsPageTest - Clicked on last evaluation.
2025-04-01 10:13:00 [main] DEBUG l.i.uztis.tests.EvaluationsPageTest - Clicked 'Edit'.
2025-04-01 10:13:01 [main] DEBUG l.i.uztis.tests.EvaluationsPageTest - Clicked 'Continue'.
2025-04-01 10:13:01 [main] DEBUG l.i.uztis.tests.EvaluationsPageTest - Clicked 'Confirm'.
2025-04-01 10:13:01 [main] DEBUG l.i.uztis.tests.EvaluationsPageTest - Clicked 'Confirm Confirmation'.
2025-04-01 10:13:01 [main] DEBUG l.i.uztis.tests.EvaluationsPageTest - Fetched label text: Įvertinta
2025-04-01 10:13:01 [main] INFO  l.i.uztis.tests.EvaluationsPageTest - Verified that the label text matches the expected value.
2025-04-01 10:13:01 [main] INFO  l.i.uztis.tests.EvaluationsPageTest - Test 'testConfirmEvaluationThree' completed successfully.
2025-04-01 10:13:24 [main] INFO  lt.insoft.uztis.tests.UztisPageTest - Navigated to https://uztisdev.asseco.lt/home
2025-04-01 10:13:24 [main] INFO  l.insoft.uztis.tests.FundingPageTest - Starting test:'testFundApplication'
2025-04-01 10:13:25 [main] DEBUG l.insoft.uztis.tests.FundingPageTest - User logged in with test credentials
2025-04-01 10:16:17 [main] INFO  lt.insoft.uztis.tests.UztisPageTest - Navigated to https://uztisdev.asseco.lt/home
2025-04-01 10:16:17 [main] INFO  l.insoft.uztis.tests.FundingPageTest - Starting test:'testFundApplication'
2025-04-01 10:16:17 [main] DEBUG l.insoft.uztis.tests.FundingPageTest - User logged in with test credentials
2025-04-01 10:16:18 [main] DEBUG l.insoft.uztis.tests.FundingPageTest - Opened 'Application Processing' menu.
2025-04-01 10:16:18 [main] DEBUG l.insoft.uztis.tests.FundingPageTest - Clicked on 'Application Forms' menu.
2025-04-01 10:16:18 [main] DEBUG l.insoft.uztis.tests.FundingPageTest - Retrieved last description code text: 'TST-VUI-75'.
2025-04-01 10:16:18 [main] DEBUG l.insoft.uztis.tests.FundingPageTest - Clicked on 'Invitation' menu.
2025-04-01 10:16:20 [main] DEBUG l.insoft.uztis.tests.FundingPageTest - Selected application section by code: 'TST-VUI-75'.
2025-04-01 10:16:20 [main] DEBUG l.insoft.uztis.tests.FundingPageTest - Clicked 'Search' button.
2025-04-01 10:16:20 [main] DEBUG l.insoft.uztis.tests.FundingPageTest - Retrieved invitation code: ''.
2025-04-01 10:16:20 [main] DEBUG l.insoft.uztis.tests.FundingPageTest - Clicked on 'Funding Queue' menu.
2025-04-01 10:16:22 [main] DEBUG l.insoft.uztis.tests.FundingPageTest - Selected invitation by code: 'TST-VUI-75'.
2025-04-01 10:16:22 [main] DEBUG l.insoft.uztis.tests.FundingPageTest - Invitation code inserted.
2025-04-01 10:16:22 [main] DEBUG l.insoft.uztis.tests.FundingPageTest - Clicked 'Form'.
2025-04-01 10:16:22 [main] DEBUG l.insoft.uztis.tests.FundingPageTest - Clicked 'Finance'.
2025-04-01 10:16:22 [main] DEBUG l.insoft.uztis.tests.FundingPageTest - Entered order number 'VUI_1'.
2025-04-01 10:16:22 [main] DEBUG l.insoft.uztis.tests.FundingPageTest - Clicked 'Finance Confirmation'.
2025-04-01 10:16:27 [main] DEBUG l.i.uztis.pages.ApplicationFormsPage - Verified success message: 'Funkcija sėkmingai atlikta.'
2025-04-01 10:16:27 [main] INFO  l.insoft.uztis.tests.FundingPageTest - Verified success message
2025-04-01 10:16:27 [main] INFO  l.insoft.uztis.tests.FundingPageTest - Test 'testFundApplication' completed successfully.
2025-04-07 13:00:11 [main] INFO  lt.insoft.uztis.tests.UztisPageTest - Navigated to https://uztisdev.asseco.lt/home
2025-04-07 13:00:11 [main] INFO  l.i.u.tests.ApplicationFormsPageTest - Setup complete. ApplicationFormsPage initialized.
2025-04-07 13:00:11 [main] INFO  l.i.u.tests.ApplicationFormsPageTest - Starting test:'testCreateNewDvpApplication'
2025-04-07 13:00:12 [main] DEBUG l.i.u.tests.ApplicationFormsPageTest - User logged in with test credentials
2025-04-07 13:00:12 [main] DEBUG l.i.u.tests.ApplicationFormsPageTest - Opened 'Application Processing' menu.
2025-04-07 13:00:12 [main] DEBUG l.i.u.tests.ApplicationFormsPageTest - Clicked on 'Application Forms' menu.
2025-04-07 13:00:13 [main] DEBUG l.i.u.tests.ApplicationFormsPageTest - Clicked to create a new application form.
2025-04-07 13:00:13 [main] DEBUG l.i.u.tests.ApplicationFormsPageTest - Entered random application code: TST-DVP-12
2025-04-07 13:00:13 [main] DEBUG l.i.u.tests.ApplicationFormsPageTest - Selected 'Municipality' radio button.
2025-04-07 13:00:13 [main] INFO  l.i.uztis.pages.ApplicationFormsPage - Located the dropdown button.
2025-04-07 13:00:14 [main] INFO  l.i.uztis.pages.ApplicationFormsPage - Successfully selected the value: 'Kauno departamentas'
2025-04-07 13:00:24 [main] ERROR l.i.uztis.pages.ApplicationFormsPage - Failed to close the dropdown with aria-expanded = 'false'.
2025-04-07 13:00:24 [main] DEBUG l.i.u.tests.ApplicationFormsPageTest - Selected a value from the 'Municipality' dropdown: 'Kauno departamentas'
2025-04-07 13:00:24 [main] DEBUG l.i.u.tests.ApplicationFormsPageTest - Selected 'Budget By Country' radio button.
2025-04-07 13:00:24 [main] DEBUG l.i.u.tests.ApplicationFormsPageTest - Selected 'Financed Without Queue' option.
2025-04-07 13:00:24 [main] INFO  l.i.uztis.pages.ApplicationFormsPage - Located the dropdown button.
2025-04-07 13:00:39 [main] INFO  lt.insoft.uztis.tests.UztisPageTest - Navigated to https://uztisdev.asseco.lt/home
2025-04-07 13:00:39 [main] INFO  l.i.u.tests.ApplicationFormsPageTest - Setup complete. ApplicationFormsPage initialized.
2025-04-07 13:00:39 [main] INFO  l.i.u.tests.ApplicationFormsPageTest - Starting test:'testCreateNewVuiApplication'
2025-04-07 13:00:40 [main] DEBUG l.i.u.tests.ApplicationFormsPageTest - User logged in with test credentials
2025-04-07 13:00:40 [main] DEBUG l.i.u.tests.ApplicationFormsPageTest - Opened 'Application Processing' menu.
2025-04-07 13:00:40 [main] DEBUG l.i.u.tests.ApplicationFormsPageTest - Clicked on 'Application Forms' menu.
2025-04-07 13:00:41 [main] DEBUG l.i.u.tests.ApplicationFormsPageTest - Clicked to create a new application form.
2025-04-07 13:00:41 [main] DEBUG l.i.u.tests.ApplicationFormsPageTest - Entered random application code: TST-VUI-31
2025-04-07 13:00:41 [main] DEBUG l.i.u.tests.ApplicationFormsPageTest - Selected 'Section' radio button.
2025-04-07 13:00:41 [main] INFO  l.i.uztis.pages.ApplicationFormsPage - Located the dropdown button.
2025-04-07 13:00:42 [main] INFO  l.i.uztis.pages.ApplicationFormsPage - Successfully selected the value: 'Skyrius 1'
2025-04-07 13:00:52 [main] ERROR l.i.uztis.pages.ApplicationFormsPage - Failed to close the dropdown with aria-expanded = 'false'.
2025-04-07 13:00:52 [main] DEBUG l.i.u.tests.ApplicationFormsPageTest - Selected a value from the 'Section' dropdown: 'Skyrius 1'
2025-04-07 13:00:52 [main] DEBUG l.i.u.tests.ApplicationFormsPageTest - Selected 'Budget by Municipality' option.
2025-04-07 13:00:52 [main] DEBUG l.i.u.tests.ApplicationFormsPageTest - Selected 'Financed Without Queue' option.
2025-04-07 13:00:52 [main] DEBUG l.i.u.tests.ApplicationFormsPageTest - Clicked 'Add' button.
2025-04-07 13:00:52 [main] INFO  l.i.uztis.pages.ApplicationFormsPage - Located the dropdown button.
2025-04-07 13:00:53 [main] INFO  l.i.uztis.pages.ApplicationFormsPage - Successfully selected the value: 'VUI atitiktis URP'
2025-04-07 13:01:04 [main] ERROR l.i.uztis.pages.ApplicationFormsPage - Failed to close the dropdown with aria-expanded = 'false'.
2025-04-07 13:01:04 [main] DEBUG l.i.u.tests.ApplicationFormsPageTest - Selected a value from the 'EvaluationOne' dropdown: 'VUI atitiktis URP'
2025-04-07 13:01:04 [main] INFO  l.i.uztis.pages.ApplicationFormsPage - Located the dropdown button.
2025-04-07 13:01:04 [main] INFO  l.i.uztis.pages.ApplicationFormsPage - Successfully selected the value: 'VUI atitiktis kokybės kriterijams'
2025-04-07 13:01:15 [main] ERROR l.i.uztis.pages.ApplicationFormsPage - Failed to close the dropdown with aria-expanded = 'false'.
2025-04-07 13:01:15 [main] DEBUG l.i.u.tests.ApplicationFormsPageTest - Selected a value from the 'EvaluationTwon' dropdown: 'VUI atitiktis kokybės kriterijams'
2025-04-07 13:01:15 [main] INFO  l.i.uztis.pages.ApplicationFormsPage - Located the dropdown button.
2025-04-07 13:01:15 [main] INFO  l.i.uztis.pages.ApplicationFormsPage - Successfully selected the value: 'VUI gynimo vertinimo forma'
2025-04-07 13:01:25 [main] ERROR l.i.uztis.pages.ApplicationFormsPage - Failed to close the dropdown with aria-expanded = 'false'.
2025-04-07 13:01:25 [main] DEBUG l.i.u.tests.ApplicationFormsPageTest - Selected a value from the 'EvaluationThree' dropdown: 'VUI gynimo vertinimo forma'
2025-04-07 13:01:26 [main] DEBUG l.i.u.tests.ApplicationFormsPageTest - Clicked 'Plus' button.
2025-04-07 13:01:26 [main] DEBUG l.i.u.tests.ApplicationFormsPageTest - Clicked 'Add' button seven times.
2025-04-07 13:01:26 [main] INFO  l.i.uztis.pages.ApplicationFormsPage - Processing dropdown index: 0
2025-04-07 13:01:36 [main] ERROR l.i.uztis.pages.ApplicationFormsPage - Timeout while waiting for dropdown to close at index: 0 with aria-expanded = 'false'
2025-04-07 13:01:36 [main] INFO  l.i.uztis.pages.ApplicationFormsPage - Processing dropdown index: 1
2025-04-07 13:01:47 [main] ERROR l.i.uztis.pages.ApplicationFormsPage - Timeout while waiting for dropdown to close at index: 1 with aria-expanded = 'false'
2025-04-07 13:01:47 [main] INFO  l.i.uztis.pages.ApplicationFormsPage - Processing dropdown index: 2
2025-04-07 13:01:57 [main] ERROR l.i.uztis.pages.ApplicationFormsPage - Timeout while waiting for dropdown to close at index: 2 with aria-expanded = 'false'
2025-04-07 13:01:57 [main] INFO  l.i.uztis.pages.ApplicationFormsPage - Processing dropdown index: 3
2025-04-07 13:02:08 [main] ERROR l.i.uztis.pages.ApplicationFormsPage - Timeout while waiting for dropdown to close at index: 3 with aria-expanded = 'false'
2025-04-07 13:02:08 [main] INFO  l.i.uztis.pages.ApplicationFormsPage - Processing dropdown index: 4
2025-04-07 13:02:18 [main] ERROR l.i.uztis.pages.ApplicationFormsPage - Timeout while waiting for dropdown to close at index: 4 with aria-expanded = 'false'
2025-04-07 13:02:18 [main] INFO  l.i.uztis.pages.ApplicationFormsPage - Processing dropdown index: 5
2025-04-07 13:02:29 [main] ERROR l.i.uztis.pages.ApplicationFormsPage - Timeout while waiting for dropdown to close at index: 5 with aria-expanded = 'false'
2025-04-07 13:02:29 [main] INFO  l.i.uztis.pages.ApplicationFormsPage - Processing dropdown index: 6
2025-04-07 13:02:40 [main] ERROR l.i.uztis.pages.ApplicationFormsPage - Timeout while waiting for dropdown to close at index: 6 with aria-expanded = 'false'
2025-04-07 13:02:40 [main] INFO  l.i.uztis.pages.ApplicationFormsPage - Processing dropdown index: 7
2025-04-07 13:02:50 [main] ERROR l.i.uztis.pages.ApplicationFormsPage - Timeout while waiting for dropdown to close at index: 7 with aria-expanded = 'false'
2025-04-07 13:02:50 [main] INFO  l.i.uztis.pages.ApplicationFormsPage - Processing input field index: 0
2025-04-07 13:02:50 [main] INFO  l.i.uztis.pages.ApplicationFormsPage - Entered value '50' into field index: 0
2025-04-07 13:02:50 [main] INFO  l.i.uztis.pages.ApplicationFormsPage - Processing input field index: 1
2025-04-07 13:02:50 [main] INFO  l.i.uztis.pages.ApplicationFormsPage - Entered value '924' into field index: 1
2025-04-07 13:02:50 [main] INFO  l.i.uztis.pages.ApplicationFormsPage - Processing input field index: 2
2025-04-07 13:02:50 [main] INFO  l.i.uztis.pages.ApplicationFormsPage - Entered value '31' into field index: 2
2025-04-07 13:02:50 [main] INFO  l.i.uztis.pages.ApplicationFormsPage - Processing input field index: 3
2025-04-07 13:02:51 [main] INFO  l.i.uztis.pages.ApplicationFormsPage - Entered value '4.7' into field index: 3
2025-04-07 13:02:51 [main] INFO  l.i.uztis.pages.ApplicationFormsPage - Processing input field index: 4
2025-04-07 13:02:51 [main] INFO  l.i.uztis.pages.ApplicationFormsPage - Entered value '35' into field index: 4
2025-04-07 13:02:51 [main] INFO  l.i.uztis.pages.ApplicationFormsPage - Processing input field index: 5
2025-04-07 13:02:51 [main] INFO  l.i.uztis.pages.ApplicationFormsPage - Entered value '20' into field index: 5
2025-04-07 13:02:51 [main] INFO  l.i.uztis.pages.ApplicationFormsPage - Processing input field index: 6
2025-04-07 13:02:51 [main] INFO  l.i.uztis.pages.ApplicationFormsPage - Entered value '30' into field index: 6
2025-04-07 13:02:51 [main] INFO  l.i.uztis.pages.ApplicationFormsPage - Processing input field index: 7
2025-04-07 13:02:51 [main] INFO  l.i.uztis.pages.ApplicationFormsPage - Entered value '60' into field index: 7
2025-04-07 13:02:51 [main] DEBUG l.i.u.tests.ApplicationFormsPageTest - Entered additional values and text.
2025-04-07 13:02:51 [main] DEBUG l.i.u.tests.ApplicationFormsPageTest - Entered application name: VUI paraiška
2025-04-07 13:02:51 [main] DEBUG l.i.u.tests.ApplicationFormsPageTest - Clicked the 'Save' button.
2025-04-07 13:02:52 [main] ERROR l.i.uztis.pages.ApplicationFormsPage - Failed to verify the success message: 'Duomenys sėkmingai išsaugoti.'. Available messages: [Elemente „Paraiškos kodas“ nurodyta reikšmė jau egzistuoja. Prašome nurodyti unikalią reikšmę.]
2025-04-07 13:02:52 [main] INFO  l.i.u.tests.ApplicationFormsPageTest - Verified success message
2025-04-07 13:03:02 [main] ERROR l.i.uztis.pages.ApplicationFormsPage - Button SaveForm is not displayed
org.openqa.selenium.NoSuchElementException: no such element: Unable to locate element: {"method":"css selector","selector":"#mat\-button\-toggle\-0\-button"}
  (Session info: chrome=134.0.6998.179)
For documentation on this error, please visit: https://www.selenium.dev/documentation/webdriver/troubleshooting/errors#no-such-element-exception
Build info: version: '4.27.0', revision: 'd6e718d134'
System info: os.name: 'Windows 11', os.arch: 'amd64', os.version: '10.0', java.version: '21.0.3'
Driver info: org.openqa.selenium.chrome.ChromeDriver
Command: [ef5738de25f1cccef3974ff633d65ccc, findElement {value=mat-button-toggle-0-button, using=id}]
Capabilities {acceptInsecureCerts: false, browserName: chrome, browserVersion: 134.0.6998.179, chrome: {chromedriverVersion: 134.0.6998.165 (fd886e2cb29..., userDataDir: C:\Users\INGRID~1.ZAD\AppDa...}, fedcm:accounts: true, goog:chromeOptions: {debuggerAddress: localhost:61482}, networkConnectionEnabled: false, pageLoadStrategy: normal, platformName: windows, proxy: Proxy(), se:cdp: ws://localhost:61482/devtoo..., se:cdpVersion: 134.0.6998.179, setWindowRect: true, strictFileInteractability: false, timeouts: {implicit: 0, pageLoad: 300000, script: 30000}, unhandledPromptBehavior: dismiss and notify, webauthn:extension:credBlob: true, webauthn:extension:largeBlob: true, webauthn:extension:minPinLength: true, webauthn:extension:prf: true, webauthn:virtualAuthenticators: true}
Session ID: ef5738de25f1cccef3974ff633d65ccc
	at java.base/jdk.internal.reflect.DirectConstructorHandleAccessor.newInstance(DirectConstructorHandleAccessor.java:62)
	at java.base/java.lang.reflect.Constructor.newInstanceWithCaller(Constructor.java:502)
	at java.base/java.lang.reflect.Constructor.newInstance(Constructor.java:486)
	at org.openqa.selenium.remote.ErrorCodec.decode(ErrorCodec.java:167)
	at org.openqa.selenium.remote.codec.w3c.W3CHttpResponseCodec.decode(W3CHttpResponseCodec.java:138)
	at org.openqa.selenium.remote.codec.w3c.W3CHttpResponseCodec.decode(W3CHttpResponseCodec.java:50)
	at org.openqa.selenium.remote.HttpCommandExecutor.execute(HttpCommandExecutor.java:190)
	at org.openqa.selenium.remote.service.DriverCommandExecutor.invokeExecute(DriverCommandExecutor.java:216)
	at org.openqa.selenium.remote.service.DriverCommandExecutor.execute(DriverCommandExecutor.java:174)
	at org.openqa.selenium.remote.RemoteWebDriver.execute(RemoteWebDriver.java:545)
	at org.openqa.selenium.remote.ElementLocation$ElementFinder$2.findElement(ElementLocation.java:165)
	at org.openqa.selenium.remote.ElementLocation.findElement(ElementLocation.java:59)
	at org.openqa.selenium.remote.RemoteWebDriver.findElement(RemoteWebDriver.java:368)
	at org.openqa.selenium.remote.RemoteWebDriver.findElement(RemoteWebDriver.java:362)
	at org.openqa.selenium.support.pagefactory.DefaultElementLocator.findElement(DefaultElementLocator.java:68)
	at org.openqa.selenium.support.pagefactory.internal.LocatingElementHandler.invoke(LocatingElementHandler.java:38)
	at jdk.proxy2/jdk.proxy2.$Proxy14.isDisplayed(Unknown Source)
	at lt.insoft.uztis.pages.ApplicationFormsPage.isButtonSaveFormDisplayed(ApplicationFormsPage.java:274)
	at lt.insoft.uztis.tests.ApplicationFormsPageTest.testCreateNewVuiApplication(ApplicationFormsPageTest.java:159)
	at java.base/jdk.internal.reflect.DirectMethodHandleAccessor.invoke(DirectMethodHandleAccessor.java:103)
	at java.base/java.lang.reflect.Method.invoke(Method.java:580)
	at org.junit.platform.commons.util.ReflectionUtils.invokeMethod(ReflectionUtils.java:728)
	at org.junit.jupiter.engine.execution.MethodInvocation.proceed(MethodInvocation.java:60)
	at org.junit.jupiter.engine.execution.InvocationInterceptorChain$ValidatingInvocation.proceed(InvocationInterceptorChain.java:131)
	at org.junit.jupiter.engine.extension.TimeoutExtension.intercept(TimeoutExtension.java:156)
	at org.junit.jupiter.engine.extension.TimeoutExtension.interceptTestableMethod(TimeoutExtension.java:147)
	at org.junit.jupiter.engine.extension.TimeoutExtension.interceptTestMethod(TimeoutExtension.java:86)
	at org.junit.jupiter.engine.execution.InterceptingExecutableInvoker$ReflectiveInterceptorCall.lambda$ofVoidMethod$0(InterceptingExecutableInvoker.java:103)
	at org.junit.jupiter.engine.execution.InterceptingExecutableInvoker.lambda$invoke$0(InterceptingExecutableInvoker.java:93)
	at org.junit.jupiter.engine.execution.InvocationInterceptorChain$InterceptedInvocation.proceed(InvocationInterceptorChain.java:106)
	at org.junit.jupiter.engine.execution.InvocationInterceptorChain.proceed(InvocationInterceptorChain.java:64)
	at org.junit.jupiter.engine.execution.InvocationInterceptorChain.chainAndInvoke(InvocationInterceptorChain.java:45)
	at org.junit.jupiter.engine.execution.InvocationInterceptorChain.invoke(InvocationInterceptorChain.java:37)
	at org.junit.jupiter.engine.execution.InterceptingExecutableInvoker.invoke(InterceptingExecutableInvoker.java:92)
	at org.junit.jupiter.engine.execution.InterceptingExecutableInvoker.invoke(InterceptingExecutableInvoker.java:86)
	at org.junit.jupiter.engine.descriptor.TestMethodTestDescriptor.lambda$invokeTestMethod$7(TestMethodTestDescriptor.java:218)
	at org.junit.platform.engine.support.hierarchical.ThrowableCollector.execute(ThrowableCollector.java:73)
	at org.junit.jupiter.engine.descriptor.TestMethodTestDescriptor.invokeTestMethod(TestMethodTestDescriptor.java:214)
	at org.junit.jupiter.engine.descriptor.TestMethodTestDescriptor.execute(TestMethodTestDescriptor.java:139)
	at org.junit.jupiter.engine.descriptor.TestMethodTestDescriptor.execute(TestMethodTestDescriptor.java:69)
	at org.junit.platform.engine.support.hierarchical.NodeTestTask.lambda$executeRecursively$6(NodeTestTask.java:151)
	at org.junit.platform.engine.support.hierarchical.ThrowableCollector.execute(ThrowableCollector.java:73)
	at org.junit.platform.engine.support.hierarchical.NodeTestTask.lambda$executeRecursively$8(NodeTestTask.java:141)
	at org.junit.platform.engine.support.hierarchical.Node.around(Node.java:137)
	at org.junit.platform.engine.support.hierarchical.NodeTestTask.lambda$executeRecursively$9(NodeTestTask.java:139)
	at org.junit.platform.engine.support.hierarchical.ThrowableCollector.execute(ThrowableCollector.java:73)
	at org.junit.platform.engine.support.hierarchical.NodeTestTask.executeRecursively(NodeTestTask.java:138)
	at org.junit.platform.engine.support.hierarchical.NodeTestTask.execute(NodeTestTask.java:95)
	at java.base/java.util.ArrayList.forEach(ArrayList.java:1596)
	at org.junit.platform.engine.support.hierarchical.SameThreadHierarchicalTestExecutorService.invokeAll(SameThreadHierarchicalTestExecutorService.java:41)
	at org.junit.platform.engine.support.hierarchical.NodeTestTask.lambda$executeRecursively$6(NodeTestTask.java:155)
	at org.junit.platform.engine.support.hierarchical.ThrowableCollector.execute(ThrowableCollector.java:73)
	at org.junit.platform.engine.support.hierarchical.NodeTestTask.lambda$executeRecursively$8(NodeTestTask.java:141)
	at org.junit.platform.engine.support.hierarchical.Node.around(Node.java:137)
	at org.junit.platform.engine.support.hierarchical.NodeTestTask.lambda$executeRecursively$9(NodeTestTask.java:139)
	at org.junit.platform.engine.support.hierarchical.ThrowableCollector.execute(ThrowableCollector.java:73)
	at org.junit.platform.engine.support.hierarchical.NodeTestTask.executeRecursively(NodeTestTask.java:138)
	at org.junit.platform.engine.support.hierarchical.NodeTestTask.execute(NodeTestTask.java:95)
	at java.base/java.util.ArrayList.forEach(ArrayList.java:1596)
	at org.junit.platform.engine.support.hierarchical.SameThreadHierarchicalTestExecutorService.invokeAll(SameThreadHierarchicalTestExecutorService.java:41)
	at org.junit.platform.engine.support.hierarchical.NodeTestTask.lambda$executeRecursively$6(NodeTestTask.java:155)
	at org.junit.platform.engine.support.hierarchical.ThrowableCollector.execute(ThrowableCollector.java:73)
	at org.junit.platform.engine.support.hierarchical.NodeTestTask.lambda$executeRecursively$8(NodeTestTask.java:141)
	at org.junit.platform.engine.support.hierarchical.Node.around(Node.java:137)
	at org.junit.platform.engine.support.hierarchical.NodeTestTask.lambda$executeRecursively$9(NodeTestTask.java:139)
	at org.junit.platform.engine.support.hierarchical.ThrowableCollector.execute(ThrowableCollector.java:73)
	at org.junit.platform.engine.support.hierarchical.NodeTestTask.executeRecursively(NodeTestTask.java:138)
	at org.junit.platform.engine.support.hierarchical.NodeTestTask.execute(NodeTestTask.java:95)
	at org.junit.platform.engine.support.hierarchical.SameThreadHierarchicalTestExecutorService.submit(SameThreadHierarchicalTestExecutorService.java:35)
	at org.junit.platform.engine.support.hierarchical.HierarchicalTestExecutor.execute(HierarchicalTestExecutor.java:57)
	at org.junit.platform.engine.support.hierarchical.HierarchicalTestEngine.execute(HierarchicalTestEngine.java:54)
	at org.junit.platform.launcher.core.EngineExecutionOrchestrator.execute(EngineExecutionOrchestrator.java:198)
	at org.junit.platform.launcher.core.EngineExecutionOrchestrator.execute(EngineExecutionOrchestrator.java:169)
	at org.junit.platform.launcher.core.EngineExecutionOrchestrator.execute(EngineExecutionOrchestrator.java:93)
	at org.junit.platform.launcher.core.EngineExecutionOrchestrator.lambda$execute$0(EngineExecutionOrchestrator.java:58)
	at org.junit.platform.launcher.core.EngineExecutionOrchestrator.withInterceptedStreams(EngineExecutionOrchestrator.java:141)
	at org.junit.platform.launcher.core.EngineExecutionOrchestrator.execute(EngineExecutionOrchestrator.java:57)
	at org.junit.platform.launcher.core.DefaultLauncher.execute(DefaultLauncher.java:103)
	at org.junit.platform.launcher.core.DefaultLauncher.execute(DefaultLauncher.java:85)
	at org.junit.platform.launcher.core.DelegatingLauncher.execute(DelegatingLauncher.java:47)
	at org.junit.platform.launcher.core.SessionPerRequestLauncher.execute(SessionPerRequestLauncher.java:63)
	at com.intellij.junit5.JUnit5IdeaTestRunner.startRunnerWithArgs(JUnit5IdeaTestRunner.java:57)
	at com.intellij.rt.junit.IdeaTestRunner$Repeater$1.execute(IdeaTestRunner.java:38)
	at com.intellij.rt.execution.junit.TestsRepeater.repeat(TestsRepeater.java:11)
	at com.intellij.rt.junit.IdeaTestRunner$Repeater.startRunnerWithArgs(IdeaTestRunner.java:35)
	at com.intellij.rt.junit.JUnitStarter.prepareStreamsAndStart(JUnitStarter.java:232)
	at com.intellij.rt.junit.JUnitStarter.main(JUnitStarter.java:55)
2025-04-07 13:03:02 [main] ERROR l.i.u.tests.ApplicationFormsPageTest - Test 'testCreateNewVuiApplication' failed with error: Save form button should be displayed. ==> expected: <true> but was: <false>
org.opentest4j.AssertionFailedError: Save form button should be displayed. ==> expected: <true> but was: <false>
	at org.junit.jupiter.api.AssertionFailureBuilder.build(AssertionFailureBuilder.java:151)
	at org.junit.jupiter.api.AssertionFailureBuilder.buildAndThrow(AssertionFailureBuilder.java:132)
	at org.junit.jupiter.api.AssertTrue.failNotTrue(AssertTrue.java:63)
	at org.junit.jupiter.api.AssertTrue.assertTrue(AssertTrue.java:36)
	at org.junit.jupiter.api.Assertions.assertTrue(Assertions.java:210)
	at lt.insoft.uztis.tests.ApplicationFormsPageTest.testCreateNewVuiApplication(ApplicationFormsPageTest.java:160)
	at java.base/jdk.internal.reflect.DirectMethodHandleAccessor.invoke(DirectMethodHandleAccessor.java:103)
	at java.base/java.lang.reflect.Method.invoke(Method.java:580)
	at org.junit.platform.commons.util.ReflectionUtils.invokeMethod(ReflectionUtils.java:728)
	at org.junit.jupiter.engine.execution.MethodInvocation.proceed(MethodInvocation.java:60)
	at org.junit.jupiter.engine.execution.InvocationInterceptorChain$ValidatingInvocation.proceed(InvocationInterceptorChain.java:131)
	at org.junit.jupiter.engine.extension.TimeoutExtension.intercept(TimeoutExtension.java:156)
	at org.junit.jupiter.engine.extension.TimeoutExtension.interceptTestableMethod(TimeoutExtension.java:147)
	at org.junit.jupiter.engine.extension.TimeoutExtension.interceptTestMethod(TimeoutExtension.java:86)
	at org.junit.jupiter.engine.execution.InterceptingExecutableInvoker$ReflectiveInterceptorCall.lambda$ofVoidMethod$0(InterceptingExecutableInvoker.java:103)
	at org.junit.jupiter.engine.execution.InterceptingExecutableInvoker.lambda$invoke$0(InterceptingExecutableInvoker.java:93)
	at org.junit.jupiter.engine.execution.InvocationInterceptorChain$InterceptedInvocation.proceed(InvocationInterceptorChain.java:106)
	at org.junit.jupiter.engine.execution.InvocationInterceptorChain.proceed(InvocationInterceptorChain.java:64)
	at org.junit.jupiter.engine.execution.InvocationInterceptorChain.chainAndInvoke(InvocationInterceptorChain.java:45)
	at org.junit.jupiter.engine.execution.InvocationInterceptorChain.invoke(InvocationInterceptorChain.java:37)
	at org.junit.jupiter.engine.execution.InterceptingExecutableInvoker.invoke(InterceptingExecutableInvoker.java:92)
	at org.junit.jupiter.engine.execution.InterceptingExecutableInvoker.invoke(InterceptingExecutableInvoker.java:86)
	at org.junit.jupiter.engine.descriptor.TestMethodTestDescriptor.lambda$invokeTestMethod$7(TestMethodTestDescriptor.java:218)
	at org.junit.platform.engine.support.hierarchical.ThrowableCollector.execute(ThrowableCollector.java:73)
	at org.junit.jupiter.engine.descriptor.TestMethodTestDescriptor.invokeTestMethod(TestMethodTestDescriptor.java:214)
	at org.junit.jupiter.engine.descriptor.TestMethodTestDescriptor.execute(TestMethodTestDescriptor.java:139)
	at org.junit.jupiter.engine.descriptor.TestMethodTestDescriptor.execute(TestMethodTestDescriptor.java:69)
	at org.junit.platform.engine.support.hierarchical.NodeTestTask.lambda$executeRecursively$6(NodeTestTask.java:151)
	at org.junit.platform.engine.support.hierarchical.ThrowableCollector.execute(ThrowableCollector.java:73)
	at org.junit.platform.engine.support.hierarchical.NodeTestTask.lambda$executeRecursively$8(NodeTestTask.java:141)
	at org.junit.platform.engine.support.hierarchical.Node.around(Node.java:137)
	at org.junit.platform.engine.support.hierarchical.NodeTestTask.lambda$executeRecursively$9(NodeTestTask.java:139)
	at org.junit.platform.engine.support.hierarchical.ThrowableCollector.execute(ThrowableCollector.java:73)
	at org.junit.platform.engine.support.hierarchical.NodeTestTask.executeRecursively(NodeTestTask.java:138)
	at org.junit.platform.engine.support.hierarchical.NodeTestTask.execute(NodeTestTask.java:95)
	at java.base/java.util.ArrayList.forEach(ArrayList.java:1596)
	at org.junit.platform.engine.support.hierarchical.SameThreadHierarchicalTestExecutorService.invokeAll(SameThreadHierarchicalTestExecutorService.java:41)
	at org.junit.platform.engine.support.hierarchical.NodeTestTask.lambda$executeRecursively$6(NodeTestTask.java:155)
	at org.junit.platform.engine.support.hierarchical.ThrowableCollector.execute(ThrowableCollector.java:73)
	at org.junit.platform.engine.support.hierarchical.NodeTestTask.lambda$executeRecursively$8(NodeTestTask.java:141)
	at org.junit.platform.engine.support.hierarchical.Node.around(Node.java:137)
	at org.junit.platform.engine.support.hierarchical.NodeTestTask.lambda$executeRecursively$9(NodeTestTask.java:139)
	at org.junit.platform.engine.support.hierarchical.ThrowableCollector.execute(ThrowableCollector.java:73)
	at org.junit.platform.engine.support.hierarchical.NodeTestTask.executeRecursively(NodeTestTask.java:138)
	at org.junit.platform.engine.support.hierarchical.NodeTestTask.execute(NodeTestTask.java:95)
	at java.base/java.util.ArrayList.forEach(ArrayList.java:1596)
	at org.junit.platform.engine.support.hierarchical.SameThreadHierarchicalTestExecutorService.invokeAll(SameThreadHierarchicalTestExecutorService.java:41)
	at org.junit.platform.engine.support.hierarchical.NodeTestTask.lambda$executeRecursively$6(NodeTestTask.java:155)
	at org.junit.platform.engine.support.hierarchical.ThrowableCollector.execute(ThrowableCollector.java:73)
	at org.junit.platform.engine.support.hierarchical.NodeTestTask.lambda$executeRecursively$8(NodeTestTask.java:141)
	at org.junit.platform.engine.support.hierarchical.Node.around(Node.java:137)
	at org.junit.platform.engine.support.hierarchical.NodeTestTask.lambda$executeRecursively$9(NodeTestTask.java:139)
	at org.junit.platform.engine.support.hierarchical.ThrowableCollector.execute(ThrowableCollector.java:73)
	at org.junit.platform.engine.support.hierarchical.NodeTestTask.executeRecursively(NodeTestTask.java:138)
	at org.junit.platform.engine.support.hierarchical.NodeTestTask.execute(NodeTestTask.java:95)
	at org.junit.platform.engine.support.hierarchical.SameThreadHierarchicalTestExecutorService.submit(SameThreadHierarchicalTestExecutorService.java:35)
	at org.junit.platform.engine.support.hierarchical.HierarchicalTestExecutor.execute(HierarchicalTestExecutor.java:57)
	at org.junit.platform.engine.support.hierarchical.HierarchicalTestEngine.execute(HierarchicalTestEngine.java:54)
	at org.junit.platform.launcher.core.EngineExecutionOrchestrator.execute(EngineExecutionOrchestrator.java:198)
	at org.junit.platform.launcher.core.EngineExecutionOrchestrator.execute(EngineExecutionOrchestrator.java:169)
	at org.junit.platform.launcher.core.EngineExecutionOrchestrator.execute(EngineExecutionOrchestrator.java:93)
	at org.junit.platform.launcher.core.EngineExecutionOrchestrator.lambda$execute$0(EngineExecutionOrchestrator.java:58)
	at org.junit.platform.launcher.core.EngineExecutionOrchestrator.withInterceptedStreams(EngineExecutionOrchestrator.java:141)
	at org.junit.platform.launcher.core.EngineExecutionOrchestrator.execute(EngineExecutionOrchestrator.java:57)
	at org.junit.platform.launcher.core.DefaultLauncher.execute(DefaultLauncher.java:103)
	at org.junit.platform.launcher.core.DefaultLauncher.execute(DefaultLauncher.java:85)
	at org.junit.platform.launcher.core.DelegatingLauncher.execute(DelegatingLauncher.java:47)
	at org.junit.platform.launcher.core.SessionPerRequestLauncher.execute(SessionPerRequestLauncher.java:63)
	at com.intellij.junit5.JUnit5IdeaTestRunner.startRunnerWithArgs(JUnit5IdeaTestRunner.java:57)
	at com.intellij.rt.junit.IdeaTestRunner$Repeater$1.execute(IdeaTestRunner.java:38)
	at com.intellij.rt.execution.junit.TestsRepeater.repeat(TestsRepeater.java:11)
	at com.intellij.rt.junit.IdeaTestRunner$Repeater.startRunnerWithArgs(IdeaTestRunner.java:35)
	at com.intellij.rt.junit.JUnitStarter.prepareStreamsAndStart(JUnitStarter.java:232)
	at com.intellij.rt.junit.JUnitStarter.main(JUnitStarter.java:55)
2025-04-07 13:03:02 [main] INFO  l.insoft.uztis.tests.utils.TestUtils - Screenshot moved to C:\Users\ingrida.zadorozniene\Desktop\Asm\UZTIS\UZTIS_tests\test-output\screenshots\20250407\130302244_testCreateNewVuiApplication().png
2025-04-07 13:04:09 [main] INFO  lt.insoft.uztis.tests.UztisPageTest - Navigated to https://uztisdev.asseco.lt/home
2025-04-07 13:04:09 [main] INFO  l.i.u.tests.ApplicationFormsPageTest - Setup complete. ApplicationFormsPage initialized.
2025-04-07 13:04:09 [main] INFO  l.i.u.tests.ApplicationFormsPageTest - Starting test:'testEditAndSaveVuiApplication'
2025-04-07 13:04:09 [main] DEBUG l.i.u.tests.ApplicationFormsPageTest - User logged in with test credentials
2025-04-07 13:04:10 [main] DEBUG l.i.u.tests.ApplicationFormsPageTest - Opened 'Application Processing' menu.
2025-04-07 13:04:10 [main] DEBUG l.i.u.tests.ApplicationFormsPageTest - Clicked on 'Application Forms' menu.
2025-04-07 13:04:10 [main] DEBUG l.i.u.tests.ApplicationFormsPageTest - Selected the last application description.
2025-04-07 13:04:11 [main] DEBUG l.i.u.tests.ApplicationFormsPageTest - Clicked the 'Edit' button.
2025-04-07 13:04:11 [main] DEBUG l.i.u.tests.ApplicationFormsPageTest - Selected 'Municipality' radio button.
2025-04-07 13:04:11 [main] INFO  l.i.uztis.pages.ApplicationFormsPage - Located the dropdown button.
2025-04-07 13:04:11 [main] INFO  l.i.uztis.pages.ApplicationFormsPage - Successfully selected the value: 'Kauno departamentas'
2025-04-07 13:04:21 [main] ERROR l.i.uztis.pages.ApplicationFormsPage - Failed to close the dropdown with aria-expanded = 'false'.
2025-04-07 13:04:21 [main] DEBUG l.i.u.tests.ApplicationFormsPageTest - Selected a value from the 'Municipality' dropdown: 'Kauno departamentas'
2025-04-07 13:04:22 [main] DEBUG l.i.u.tests.ApplicationFormsPageTest - Selected 'Budget By Country' radio button.
2025-04-07 13:04:22 [main] DEBUG l.i.u.tests.ApplicationFormsPageTest - Selected 'Financed By Queue' radio button.
2025-04-07 13:04:22 [main] DEBUG l.i.u.tests.ApplicationFormsPageTest - Entered new application name: _paredaguota
2025-04-07 13:04:22 [main] DEBUG l.i.u.tests.ApplicationFormsPageTest - Clicked the 'Save' button.
2025-04-07 13:04:22 [main] DEBUG l.i.uztis.pages.ApplicationFormsPage - Verified success message: 'Duomenys sėkmingai išsaugoti.'
2025-04-07 13:04:22 [main] INFO  l.i.u.tests.ApplicationFormsPageTest - Verified success message
2025-04-07 13:04:22 [main] INFO  l.i.u.tests.ApplicationFormsPageTest - Test 'testEditAndSaveVuiApplication' completed successfully.
2025-04-07 13:07:34 [main] INFO  lt.insoft.uztis.tests.UztisPageTest - Navigated to https://uztisdev.asseco.lt/home
2025-04-07 13:07:34 [main] INFO  l.i.u.tests.ApplicationFormsPageTest - Setup complete. ApplicationFormsPage initialized.
2025-04-07 13:07:34 [main] INFO  l.i.u.tests.ApplicationFormsPageTest - Starting test:'testAddContractVUI'
2025-04-07 13:07:35 [main] DEBUG l.i.u.tests.ApplicationFormsPageTest - User logged in with test credentials
2025-04-07 13:07:35 [main] DEBUG l.i.u.tests.ApplicationFormsPageTest - Opened 'Application Processing' menu.
2025-04-07 13:07:35 [main] DEBUG l.i.u.tests.ApplicationFormsPageTest - Clicked on 'Application Forms' menu.
2025-04-07 13:07:36 [main] DEBUG l.i.u.tests.ApplicationFormsPageTest - Selected the last application description.
2025-04-07 13:07:36 [main] DEBUG l.i.u.tests.ApplicationFormsPageTest - Clicked 'Project Progress' tab.
2025-04-07 13:07:37 [main] DEBUG l.i.u.tests.ApplicationFormsPageTest - Clicked the 'Edit' button.
2025-04-07 13:07:37 [main] INFO  l.i.uztis.pages.ApplicationFormsPage - Located the dropdown button.
2025-04-07 13:07:41 [main] INFO  l.i.uztis.pages.ApplicationFormsPage - Successfully selected the value: 'Vietinių užimtumo iniciatyvų projekto įgyvendinimo ir finansavimo sutartis'
2025-04-07 13:07:51 [main] ERROR l.i.uztis.pages.ApplicationFormsPage - Failed to close the dropdown with aria-expanded = 'false'.
2025-04-07 13:07:51 [main] DEBUG l.i.u.tests.ApplicationFormsPageTest - Selected a value from the 'Document' dropdown: 'Vietinių užimtumo iniciatyvų projekto įgyvendinimo ir finansavimo sutartis'
2025-04-07 13:07:51 [main] DEBUG l.i.u.tests.ApplicationFormsPageTest - Clicked the 'Save' button.
2025-04-07 13:07:52 [main] ERROR l.i.uztis.pages.ApplicationFormsPage - Failed to verify the success message: 'Funkcija sėkmingai atlikta.'. Available messages: [Duomenys sėkmingai išsaugoti.]
2025-04-07 13:07:52 [main] INFO  l.i.u.tests.ApplicationFormsPageTest - Verified success message
2025-04-07 13:07:52 [main] INFO  l.i.u.tests.ApplicationFormsPageTest - Test 'testAddContractVUI' completed successfully.
2025-04-07 13:08:18 [main] INFO  lt.insoft.uztis.tests.UztisPageTest - Navigated to https://uztisdev.asseco.lt/home
2025-04-07 13:08:18 [main] INFO  l.i.uztis.tests.InvitationsPageTest - Starting test:'testCreateNewVuiInvitationDraft'
2025-04-07 13:08:19 [main] DEBUG l.i.uztis.tests.InvitationsPageTest - User logged in with test credentials
2025-04-07 13:08:19 [main] DEBUG l.i.uztis.tests.InvitationsPageTest - Opened 'Application Processing' menu.
2025-04-07 13:08:19 [main] DEBUG l.i.uztis.tests.InvitationsPageTest - Clicked on 'Application Forms' menu.
2025-04-07 13:08:19 [main] DEBUG l.i.uztis.tests.InvitationsPageTest - Navigating to application forms menu.
2025-04-07 13:08:19 [main] DEBUG l.i.uztis.tests.InvitationsPageTest - Retrieved last description code text: 'TST-VUI-0'.
2025-04-07 13:08:20 [main] DEBUG l.i.uztis.tests.InvitationsPageTest - Clicked on 'Invitation' menu.
2025-04-07 13:08:20 [main] DEBUG l.i.uztis.tests.InvitationsPageTest - Clicked 'Create New Application Form'.
2025-04-07 13:08:21 [main] DEBUG l.i.uztis.tests.InvitationsPageTest - Selected section by code: 'TST-VUI-0'.
2025-04-07 13:08:21 [main] INFO  l.insoft.uztis.pages.InvitationsPage - Located the dropdown button.
2025-04-07 13:08:33 [main] ERROR l.insoft.uztis.pages.InvitationsPage - Timeout while waiting for dropdown to close with aria-expanded = 'false'.
2025-04-07 13:08:33 [main] DEBUG l.i.uztis.tests.InvitationsPageTest - Selected invitation number from the list.
2025-04-07 13:08:33 [main] DEBUG l.i.uztis.tests.InvitationsPageTest - Entered current date.
2025-04-07 13:08:33 [main] DEBUG l.i.uztis.tests.InvitationsPageTest - Entered start time: 00:00.
2025-04-07 13:08:33 [main] DEBUG l.i.uztis.tests.InvitationsPageTest - Entered end date.
2025-04-07 13:08:34 [main] DEBUG l.i.uztis.tests.InvitationsPageTest - Entered end time: 11:11.
2025-04-07 13:08:34 [main] DEBUG l.i.uztis.tests.InvitationsPageTest - Draft saved.
2025-04-07 13:08:34 [main] DEBUG l.i.uztis.pages.ApplicationFormsPage - Verified success message: 'Duomenys sėkmingai išsaugoti.'
2025-04-07 13:08:34 [main] INFO  l.i.uztis.tests.InvitationsPageTest - Verified success message
2025-04-07 13:08:34 [main] INFO  l.i.uztis.tests.InvitationsPageTest - Test 'testCreateNewVuiInvitationDraft' completed successfully.
2025-04-07 13:08:46 [main] INFO  lt.insoft.uztis.tests.UztisPageTest - Navigated to https://uztisdev.asseco.lt/home
2025-04-07 13:08:46 [main] INFO  l.i.uztis.tests.InvitationsPageTest - Starting test:'testEditAndPublishVuiInvitationDraft'
2025-04-07 13:08:46 [main] DEBUG l.i.uztis.tests.InvitationsPageTest - User logged in with test credentials
2025-04-07 13:08:47 [main] DEBUG l.i.uztis.tests.InvitationsPageTest - Opened 'Application Processing' menu.
2025-04-07 13:08:47 [main] DEBUG l.i.uztis.tests.InvitationsPageTest - Clicked on 'Application Forms' menu.
2025-04-07 13:08:47 [main] DEBUG l.i.uztis.tests.InvitationsPageTest - Navigating to application forms menu.
2025-04-07 13:08:47 [main] DEBUG l.i.uztis.tests.InvitationsPageTest - Retrieved last description code text: 'TST-VUI-0'.
2025-04-07 13:08:47 [main] DEBUG l.i.uztis.tests.InvitationsPageTest - Clicked on 'Invitation' menu.
2025-04-07 13:08:48 [main] DEBUG l.i.uztis.tests.InvitationsPageTest - Selected section by code: 'TST-VUI-0'.
2025-04-07 13:08:49 [main] DEBUG l.i.uztis.tests.InvitationsPageTest - Clicked 'Search'.
2025-04-07 13:08:49 [main] DEBUG l.i.uztis.tests.InvitationsPageTest - Getting and inserting application code text.
2025-04-07 13:08:49 [main] DEBUG l.i.uztis.tests.InvitationsPageTest - Clicked 'InvitationDraft'.
2025-04-07 13:08:49 [main] DEBUG l.i.uztis.tests.InvitationsPageTest - Clicked 'Edit'.
2025-04-07 13:08:50 [main] DEBUG l.i.uztis.tests.InvitationsPageTest - Entered publication end date.
2025-04-07 13:08:50 [main] DEBUG l.i.uztis.tests.InvitationsPageTest - Added additional values.
2025-04-07 13:08:50 [main] INFO  l.insoft.uztis.pages.InvitationsPage - Located the dropdown button.
2025-04-07 13:08:51 [main] DEBUG l.i.uztis.tests.InvitationsPageTest - Selected the value: 'Didžiausia galima paramos suma aplinkos darbo vietai, Eur'
2025-04-07 13:08:51 [main] INFO  l.insoft.uztis.pages.InvitationsPage - Located the dropdown button.
2025-04-07 13:08:51 [main] DEBUG l.i.uztis.tests.InvitationsPageTest - Selected the value: 'Didžiausia galima paramos suma, Eur'
2025-04-07 13:08:51 [main] INFO  l.insoft.uztis.pages.InvitationsPage - Located the dropdown button.
2025-04-07 13:08:52 [main] DEBUG l.i.uztis.tests.InvitationsPageTest - Selected the value: 'Didžiausia galima paramos suma vienai darbo vietai, Eur'
2025-04-07 13:08:52 [main] DEBUG l.i.uztis.tests.InvitationsPageTest - Entered value: 11000
2025-04-07 13:08:52 [main] DEBUG l.i.uztis.tests.InvitationsPageTest - Entered value: 12000
2025-04-07 13:08:53 [main] DEBUG l.i.uztis.tests.InvitationsPageTest - Entered value: 13000
2025-04-07 13:08:53 [main] DEBUG l.i.uztis.tests.InvitationsPageTest - Checked 'Legal Entities' checkbox.
2025-04-07 13:08:53 [main] DEBUG l.i.uztis.tests.InvitationsPageTest - Checked 'Legal Entities' checkbox.
2025-04-07 13:08:53 [main] DEBUG l.i.uztis.tests.InvitationsPageTest - Unchecked 'Persons Registered with Employment Service' checkbox.
2025-04-07 13:08:53 [main] DEBUG l.i.uztis.tests.InvitationsPageTest - Checked 'Persons Registered as Employers' checkbox.
2025-04-07 13:08:53 [main] DEBUG l.i.uztis.tests.InvitationsPageTest - Entered second evaluation grade: '5'.
2025-04-07 13:08:53 [main] DEBUG l.i.uztis.tests.InvitationsPageTest - Entered third evaluation grade: '6'.
2025-04-07 13:08:53 [main] DEBUG l.i.uztis.tests.InvitationsPageTest - Entered second evaluation grade weight: '0,45'.
2025-04-07 13:08:54 [main] DEBUG l.i.uztis.tests.InvitationsPageTest - Entered third evaluation grade weight: '0,55'.
2025-04-07 13:08:54 [main] DEBUG l.i.uztis.tests.InvitationsPageTest - Entered budget: '2000'.
2025-04-07 13:08:54 [main] DEBUG l.i.uztis.tests.InvitationsPageTest - Entered description text: 'Aprašo tekstas'.
2025-04-07 13:08:54 [main] DEBUG l.i.uztis.tests.InvitationsPageTest - Entered applicants text: 'Pareiškėjų tekstas'.
2025-04-07 13:08:54 [main] DEBUG l.i.uztis.tests.InvitationsPageTest - Entered expenditures text: 'Išlaidų tekstas'.
2025-04-07 13:08:54 [main] DEBUG l.i.uztis.tests.InvitationsPageTest - Entered legislation text: 'Teisės aktų tekstas'.
2025-04-07 13:08:55 [main] DEBUG l.i.uztis.tests.InvitationsPageTest - Entered education text: 'Mokymų tekstas'.
2025-04-07 13:08:55 [main] DEBUG l.i.uztis.tests.InvitationsPageTest - File uploaded.
2025-04-07 13:08:55 [main] DEBUG l.i.uztis.tests.InvitationsPageTest - Clicked 'Publish'.
2025-04-07 13:08:55 [main] DEBUG l.i.uztis.tests.InvitationsPageTest - Publication confirmed.
2025-04-07 13:08:56 [main] DEBUG l.i.uztis.pages.ApplicationFormsPage - Verified success message: 'Funkcija sėkmingai atlikta.'
2025-04-07 13:08:56 [main] INFO  l.i.uztis.tests.InvitationsPageTest - Verified success message
2025-04-07 13:08:56 [main] INFO  l.i.uztis.tests.InvitationsPageTest - Test 'testEditAndPublishVuiInvitationDraft' completed successfully.
2025-04-07 13:09:19 [main] INFO  lt.insoft.uztis.tests.UztisPageTest - Navigated to https://uztisdev.asseco.lt/home
2025-04-07 13:09:19 [main] INFO  l.i.uztis.tests.InvitationsPageTest - Starting test:'testInsertVui_PvkStatisticInformation'
2025-04-07 13:09:20 [main] DEBUG l.i.uztis.tests.InvitationsPageTest - User logged in with test credentials
2025-04-07 13:09:20 [main] DEBUG l.i.uztis.tests.InvitationsPageTest - Opened 'Application Processing' menu.
2025-04-07 13:09:20 [main] DEBUG l.i.uztis.tests.InvitationsPageTest - Clicked on 'Application Forms' menu.
2025-04-07 13:09:20 [main] DEBUG l.i.uztis.tests.InvitationsPageTest - Navigating to invitation forms menu.
2025-04-07 13:09:20 [main] DEBUG l.i.uztis.tests.InvitationsPageTest - Retrieved last description code text: 'TST-VUI-0'.
2025-04-07 13:09:21 [main] DEBUG l.i.uztis.tests.InvitationsPageTest - Clicked on 'Invitation' menu.
2025-04-07 13:09:22 [main] DEBUG l.i.uztis.tests.InvitationsPageTest - Selected section by code: 'TST-VUI-0'.
2025-04-07 13:09:22 [main] DEBUG l.i.uztis.tests.InvitationsPageTest - Clicked 'Search'.
2025-04-07 13:09:22 [main] DEBUG l.i.uztis.tests.InvitationsPageTest - Getting and inserting application code text.
2025-04-07 13:09:22 [main] DEBUG l.i.uztis.tests.InvitationsPageTest - Clicked 'Publishing'.
2025-04-07 13:09:23 [main] DEBUG l.i.uztis.tests.InvitationsPageTest - Clicked 'Statistic Information' tab.
2025-04-07 13:09:23 [main] DEBUG l.i.uztis.tests.InvitationsPageTest - Clicked 'Edit' button.
2025-04-07 13:09:23 [main] DEBUG l.i.uztis.tests.InvitationsPageTest - Entered current date.
2025-04-07 13:09:23 [main] DEBUG l.i.uztis.tests.InvitationsPageTest - Entered value: 8.7
2025-04-07 13:09:23 [main] DEBUG l.i.uztis.tests.InvitationsPageTest - Entered average salary: 2237.9
2025-04-07 13:09:23 [main] DEBUG l.i.uztis.tests.InvitationsPageTest - File uploaded.
2025-04-07 13:09:23 [main] DEBUG l.i.uztis.tests.InvitationsPageTest - Clicked 'Save' button.
2025-04-07 13:09:25 [main] DEBUG l.i.uztis.pages.ApplicationFormsPage - Verified success message: 'Funkcija sėkmingai atlikta.'
2025-04-07 13:09:25 [main] INFO  l.i.uztis.tests.InvitationsPageTest - Verified success message
2025-04-07 13:09:25 [main] INFO  l.i.uztis.tests.InvitationsPageTest - Test 'testInsertVui_PvkStatisticInformation' completed successfully.
2025-04-07 13:11:41 [main] INFO  lt.insoft.uztis.tests.UztisPageTest - Navigated to https://uztisdev.asseco.lt/home
2025-04-07 13:11:41 [main] INFO  l.i.u.t.SubmittedApplicationsPageTest - Starting test:'testFillNewVUIPApplicationFA'
2025-04-07 13:11:42 [main] DEBUG l.i.u.t.SubmittedApplicationsPageTest - User logged in with test credentials.
2025-04-07 13:11:42 [main] DEBUG l.i.u.t.SubmittedApplicationsPageTest - Opened 'Application Processing' menu.
2025-04-07 13:11:42 [main] DEBUG l.i.u.t.SubmittedApplicationsPageTest - Clicked on 'Application Forms' menu.
2025-04-07 13:11:42 [main] DEBUG l.i.u.t.SubmittedApplicationsPageTest - Retrieved last description code text: 'TST-VUI-0'.
2025-04-07 13:11:43 [main] DEBUG l.i.u.t.SubmittedApplicationsPageTest - Clicked on 'Invitation' menu.
2025-04-07 13:11:44 [main] DEBUG l.i.u.t.SubmittedApplicationsPageTest - Selected application section by code: 'TST-VUI-0'.
2025-04-07 13:11:44 [main] DEBUG l.i.u.t.SubmittedApplicationsPageTest - Clicked 'Search' button.
2025-04-07 13:11:44 [main] DEBUG l.i.u.t.SubmittedApplicationsPageTest - Retrieved invitation code: ''.
2025-04-07 13:11:44 [main] DEBUG l.i.u.t.SubmittedApplicationsPageTest - Clicked on 'Submitted Applications' menu.
2025-04-07 13:11:46 [main] DEBUG l.i.u.t.SubmittedApplicationsPageTest - Selected invitation by code: 'TST-VUI-0'.
2025-04-07 13:11:46 [main] DEBUG l.i.u.t.SubmittedApplicationsPageTest - Invitation code inserted.
2025-04-07 13:11:46 [main] DEBUG l.i.u.t.SubmittedApplicationsPageTest - Clicked on 'Action Application' button.
2025-04-07 13:11:56 [main] ERROR l.i.u.t.SubmittedApplicationsPageTest - Test 'testFillNewVUIApplicationFA' failed with error: no such element: Unable to locate element: {"method":"xpath","selector":"//button[contains(@class, 'mat-mdc-menu-item') and .//span[contains(text(), 'Pateikti naują')]]"}
  (Session info: chrome=134.0.6998.179)
For documentation on this error, please visit: https://www.selenium.dev/documentation/webdriver/troubleshooting/errors#no-such-element-exception
Build info: version: '4.27.0', revision: 'd6e718d134'
System info: os.name: 'Windows 11', os.arch: 'amd64', os.version: '10.0', java.version: '21.0.3'
Driver info: org.openqa.selenium.chrome.ChromeDriver
Command: [61a59214dd5494cc65aece45f88566ee, findElement {using=xpath, value=//button[contains(@class, 'mat-mdc-menu-item') and .//span[contains(text(), 'Pateikti naują')]]}]
Capabilities {acceptInsecureCerts: false, browserName: chrome, browserVersion: 134.0.6998.179, chrome: {chromedriverVersion: 134.0.6998.165 (fd886e2cb29..., userDataDir: C:\Users\INGRID~1.ZAD\AppDa...}, fedcm:accounts: true, goog:chromeOptions: {debuggerAddress: localhost:62037}, networkConnectionEnabled: false, pageLoadStrategy: normal, platformName: windows, proxy: Proxy(), se:cdp: ws://localhost:62037/devtoo..., se:cdpVersion: 134.0.6998.179, setWindowRect: true, strictFileInteractability: false, timeouts: {implicit: 0, pageLoad: 300000, script: 30000}, unhandledPromptBehavior: dismiss and notify, webauthn:extension:credBlob: true, webauthn:extension:largeBlob: true, webauthn:extension:minPinLength: true, webauthn:extension:prf: true, webauthn:virtualAuthenticators: true}
Session ID: 61a59214dd5494cc65aece45f88566ee
org.openqa.selenium.NoSuchElementException: no such element: Unable to locate element: {"method":"xpath","selector":"//button[contains(@class, 'mat-mdc-menu-item') and .//span[contains(text(), 'Pateikti naują')]]"}
  (Session info: chrome=134.0.6998.179)
For documentation on this error, please visit: https://www.selenium.dev/documentation/webdriver/troubleshooting/errors#no-such-element-exception
Build info: version: '4.27.0', revision: 'd6e718d134'
System info: os.name: 'Windows 11', os.arch: 'amd64', os.version: '10.0', java.version: '21.0.3'
Driver info: org.openqa.selenium.chrome.ChromeDriver
Command: [61a59214dd5494cc65aece45f88566ee, findElement {using=xpath, value=//button[contains(@class, 'mat-mdc-menu-item') and .//span[contains(text(), 'Pateikti naują')]]}]
Capabilities {acceptInsecureCerts: false, browserName: chrome, browserVersion: 134.0.6998.179, chrome: {chromedriverVersion: 134.0.6998.165 (fd886e2cb29..., userDataDir: C:\Users\INGRID~1.ZAD\AppDa...}, fedcm:accounts: true, goog:chromeOptions: {debuggerAddress: localhost:62037}, networkConnectionEnabled: false, pageLoadStrategy: normal, platformName: windows, proxy: Proxy(), se:cdp: ws://localhost:62037/devtoo..., se:cdpVersion: 134.0.6998.179, setWindowRect: true, strictFileInteractability: false, timeouts: {implicit: 0, pageLoad: 300000, script: 30000}, unhandledPromptBehavior: dismiss and notify, webauthn:extension:credBlob: true, webauthn:extension:largeBlob: true, webauthn:extension:minPinLength: true, webauthn:extension:prf: true, webauthn:virtualAuthenticators: true}
Session ID: 61a59214dd5494cc65aece45f88566ee
	at java.base/jdk.internal.reflect.DirectConstructorHandleAccessor.newInstance(DirectConstructorHandleAccessor.java:62)
	at java.base/java.lang.reflect.Constructor.newInstanceWithCaller(Constructor.java:502)
	at java.base/java.lang.reflect.Constructor.newInstance(Constructor.java:486)
	at org.openqa.selenium.remote.ErrorCodec.decode(ErrorCodec.java:167)
	at org.openqa.selenium.remote.codec.w3c.W3CHttpResponseCodec.decode(W3CHttpResponseCodec.java:138)
	at org.openqa.selenium.remote.codec.w3c.W3CHttpResponseCodec.decode(W3CHttpResponseCodec.java:50)
	at org.openqa.selenium.remote.HttpCommandExecutor.execute(HttpCommandExecutor.java:190)
	at org.openqa.selenium.remote.service.DriverCommandExecutor.invokeExecute(DriverCommandExecutor.java:216)
	at org.openqa.selenium.remote.service.DriverCommandExecutor.execute(DriverCommandExecutor.java:174)
	at org.openqa.selenium.remote.RemoteWebDriver.execute(RemoteWebDriver.java:545)
	at org.openqa.selenium.remote.ElementLocation$ElementFinder$2.findElement(ElementLocation.java:165)
	at org.openqa.selenium.remote.ElementLocation.findElement(ElementLocation.java:59)
	at org.openqa.selenium.remote.RemoteWebDriver.findElement(RemoteWebDriver.java:368)
	at org.openqa.selenium.remote.RemoteWebDriver.findElement(RemoteWebDriver.java:362)
	at org.openqa.selenium.support.pagefactory.DefaultElementLocator.findElement(DefaultElementLocator.java:68)
	at org.openqa.selenium.support.pagefactory.internal.LocatingElementHandler.invoke(LocatingElementHandler.java:38)
	at jdk.proxy2/jdk.proxy2.$Proxy14.click(Unknown Source)
	at lt.insoft.uztis.pages.SubmittedApplicationsPage.clickButtonNewApplication(SubmittedApplicationsPage.java:472)
	at lt.insoft.uztis.tests.SubmittedApplicationsPageTest.testFillNewVUIApplicationFA(SubmittedApplicationsPageTest.java:139)
	at java.base/jdk.internal.reflect.DirectMethodHandleAccessor.invoke(DirectMethodHandleAccessor.java:103)
	at java.base/java.lang.reflect.Method.invoke(Method.java:580)
	at org.junit.platform.commons.util.ReflectionUtils.invokeMethod(ReflectionUtils.java:728)
	at org.junit.jupiter.engine.execution.MethodInvocation.proceed(MethodInvocation.java:60)
	at org.junit.jupiter.engine.execution.InvocationInterceptorChain$ValidatingInvocation.proceed(InvocationInterceptorChain.java:131)
	at org.junit.jupiter.engine.extension.TimeoutExtension.intercept(TimeoutExtension.java:156)
	at org.junit.jupiter.engine.extension.TimeoutExtension.interceptTestableMethod(TimeoutExtension.java:147)
	at org.junit.jupiter.engine.extension.TimeoutExtension.interceptTestMethod(TimeoutExtension.java:86)
	at org.junit.jupiter.engine.execution.InterceptingExecutableInvoker$ReflectiveInterceptorCall.lambda$ofVoidMethod$0(InterceptingExecutableInvoker.java:103)
	at org.junit.jupiter.engine.execution.InterceptingExecutableInvoker.lambda$invoke$0(InterceptingExecutableInvoker.java:93)
	at org.junit.jupiter.engine.execution.InvocationInterceptorChain$InterceptedInvocation.proceed(InvocationInterceptorChain.java:106)
	at org.junit.jupiter.engine.execution.InvocationInterceptorChain.proceed(InvocationInterceptorChain.java:64)
	at org.junit.jupiter.engine.execution.InvocationInterceptorChain.chainAndInvoke(InvocationInterceptorChain.java:45)
	at org.junit.jupiter.engine.execution.InvocationInterceptorChain.invoke(InvocationInterceptorChain.java:37)
	at org.junit.jupiter.engine.execution.InterceptingExecutableInvoker.invoke(InterceptingExecutableInvoker.java:92)
	at org.junit.jupiter.engine.execution.InterceptingExecutableInvoker.invoke(InterceptingExecutableInvoker.java:86)
	at org.junit.jupiter.engine.descriptor.TestMethodTestDescriptor.lambda$invokeTestMethod$7(TestMethodTestDescriptor.java:218)
	at org.junit.platform.engine.support.hierarchical.ThrowableCollector.execute(ThrowableCollector.java:73)
	at org.junit.jupiter.engine.descriptor.TestMethodTestDescriptor.invokeTestMethod(TestMethodTestDescriptor.java:214)
	at org.junit.jupiter.engine.descriptor.TestMethodTestDescriptor.execute(TestMethodTestDescriptor.java:139)
	at org.junit.jupiter.engine.descriptor.TestMethodTestDescriptor.execute(TestMethodTestDescriptor.java:69)
	at org.junit.platform.engine.support.hierarchical.NodeTestTask.lambda$executeRecursively$6(NodeTestTask.java:151)
	at org.junit.platform.engine.support.hierarchical.ThrowableCollector.execute(ThrowableCollector.java:73)
	at org.junit.platform.engine.support.hierarchical.NodeTestTask.lambda$executeRecursively$8(NodeTestTask.java:141)
	at org.junit.platform.engine.support.hierarchical.Node.around(Node.java:137)
	at org.junit.platform.engine.support.hierarchical.NodeTestTask.lambda$executeRecursively$9(NodeTestTask.java:139)
	at org.junit.platform.engine.support.hierarchical.ThrowableCollector.execute(ThrowableCollector.java:73)
	at org.junit.platform.engine.support.hierarchical.NodeTestTask.executeRecursively(NodeTestTask.java:138)
	at org.junit.platform.engine.support.hierarchical.NodeTestTask.execute(NodeTestTask.java:95)
	at java.base/java.util.ArrayList.forEach(ArrayList.java:1596)
	at org.junit.platform.engine.support.hierarchical.SameThreadHierarchicalTestExecutorService.invokeAll(SameThreadHierarchicalTestExecutorService.java:41)
	at org.junit.platform.engine.support.hierarchical.NodeTestTask.lambda$executeRecursively$6(NodeTestTask.java:155)
	at org.junit.platform.engine.support.hierarchical.ThrowableCollector.execute(ThrowableCollector.java:73)
	at org.junit.platform.engine.support.hierarchical.NodeTestTask.lambda$executeRecursively$8(NodeTestTask.java:141)
	at org.junit.platform.engine.support.hierarchical.Node.around(Node.java:137)
	at org.junit.platform.engine.support.hierarchical.NodeTestTask.lambda$executeRecursively$9(NodeTestTask.java:139)
	at org.junit.platform.engine.support.hierarchical.ThrowableCollector.execute(ThrowableCollector.java:73)
	at org.junit.platform.engine.support.hierarchical.NodeTestTask.executeRecursively(NodeTestTask.java:138)
	at org.junit.platform.engine.support.hierarchical.NodeTestTask.execute(NodeTestTask.java:95)
	at java.base/java.util.ArrayList.forEach(ArrayList.java:1596)
	at org.junit.platform.engine.support.hierarchical.SameThreadHierarchicalTestExecutorService.invokeAll(SameThreadHierarchicalTestExecutorService.java:41)
	at org.junit.platform.engine.support.hierarchical.NodeTestTask.lambda$executeRecursively$6(NodeTestTask.java:155)
	at org.junit.platform.engine.support.hierarchical.ThrowableCollector.execute(ThrowableCollector.java:73)
	at org.junit.platform.engine.support.hierarchical.NodeTestTask.lambda$executeRecursively$8(NodeTestTask.java:141)
	at org.junit.platform.engine.support.hierarchical.Node.around(Node.java:137)
	at org.junit.platform.engine.support.hierarchical.NodeTestTask.lambda$executeRecursively$9(NodeTestTask.java:139)
	at org.junit.platform.engine.support.hierarchical.ThrowableCollector.execute(ThrowableCollector.java:73)
	at org.junit.platform.engine.support.hierarchical.NodeTestTask.executeRecursively(NodeTestTask.java:138)
	at org.junit.platform.engine.support.hierarchical.NodeTestTask.execute(NodeTestTask.java:95)
	at org.junit.platform.engine.support.hierarchical.SameThreadHierarchicalTestExecutorService.submit(SameThreadHierarchicalTestExecutorService.java:35)
	at org.junit.platform.engine.support.hierarchical.HierarchicalTestExecutor.execute(HierarchicalTestExecutor.java:57)
	at org.junit.platform.engine.support.hierarchical.HierarchicalTestEngine.execute(HierarchicalTestEngine.java:54)
	at org.junit.platform.launcher.core.EngineExecutionOrchestrator.execute(EngineExecutionOrchestrator.java:198)
	at org.junit.platform.launcher.core.EngineExecutionOrchestrator.execute(EngineExecutionOrchestrator.java:169)
	at org.junit.platform.launcher.core.EngineExecutionOrchestrator.execute(EngineExecutionOrchestrator.java:93)
	at org.junit.platform.launcher.core.EngineExecutionOrchestrator.lambda$execute$0(EngineExecutionOrchestrator.java:58)
	at org.junit.platform.launcher.core.EngineExecutionOrchestrator.withInterceptedStreams(EngineExecutionOrchestrator.java:141)
	at org.junit.platform.launcher.core.EngineExecutionOrchestrator.execute(EngineExecutionOrchestrator.java:57)
	at org.junit.platform.launcher.core.DefaultLauncher.execute(DefaultLauncher.java:103)
	at org.junit.platform.launcher.core.DefaultLauncher.execute(DefaultLauncher.java:85)
	at org.junit.platform.launcher.core.DelegatingLauncher.execute(DelegatingLauncher.java:47)
	at org.junit.platform.launcher.core.SessionPerRequestLauncher.execute(SessionPerRequestLauncher.java:63)
	at com.intellij.junit5.JUnit5IdeaTestRunner.startRunnerWithArgs(JUnit5IdeaTestRunner.java:57)
	at com.intellij.rt.junit.IdeaTestRunner$Repeater$1.execute(IdeaTestRunner.java:38)
	at com.intellij.rt.execution.junit.TestsRepeater.repeat(TestsRepeater.java:11)
	at com.intellij.rt.junit.IdeaTestRunner$Repeater.startRunnerWithArgs(IdeaTestRunner.java:35)
	at com.intellij.rt.junit.JUnitStarter.prepareStreamsAndStart(JUnitStarter.java:232)
	at com.intellij.rt.junit.JUnitStarter.main(JUnitStarter.java:55)
2025-04-07 13:11:56 [main] INFO  l.insoft.uztis.tests.utils.TestUtils - Screenshot moved to C:\Users\ingrida.zadorozniene\Desktop\Asm\UZTIS\UZTIS_tests\test-output\screenshots\20250407\131156718_testFillNewVUIApplicationFA().png
2025-04-07 13:13:01 [main] INFO  lt.insoft.uztis.tests.UztisPageTest - Navigated to https://uztisdev.asseco.lt/home
2025-04-07 13:13:01 [main] INFO  l.i.u.t.SubmittedApplicationsPageTest - Starting test:'testFillNewVUIPApplicationFA'
2025-04-07 13:13:02 [main] DEBUG l.i.u.t.SubmittedApplicationsPageTest - User logged in with test credentials.
2025-04-07 13:13:02 [main] DEBUG l.i.u.t.SubmittedApplicationsPageTest - Opened 'Application Processing' menu.
2025-04-07 13:13:02 [main] DEBUG l.i.u.t.SubmittedApplicationsPageTest - Clicked on 'Application Forms' menu.
2025-04-07 13:13:02 [main] DEBUG l.i.u.t.SubmittedApplicationsPageTest - Retrieved last description code text: 'TST-VUI-0'.
2025-04-07 13:13:03 [main] DEBUG l.i.u.t.SubmittedApplicationsPageTest - Clicked on 'Invitation' menu.
2025-04-07 13:13:04 [main] DEBUG l.i.u.t.SubmittedApplicationsPageTest - Selected application section by code: 'TST-VUI-0'.
2025-04-07 13:13:04 [main] DEBUG l.i.u.t.SubmittedApplicationsPageTest - Clicked 'Search' button.
2025-04-07 13:13:04 [main] DEBUG l.i.u.t.SubmittedApplicationsPageTest - Retrieved invitation code: ''.
2025-04-07 13:13:04 [main] DEBUG l.i.u.t.SubmittedApplicationsPageTest - Clicked on 'Submitted Applications' menu.
2025-04-07 13:13:05 [main] DEBUG l.i.u.t.SubmittedApplicationsPageTest - Selected invitation by code: 'TST-VUI-0'.
2025-04-07 13:13:05 [main] DEBUG l.i.u.t.SubmittedApplicationsPageTest - Invitation code inserted.
2025-04-07 13:13:06 [main] DEBUG l.i.u.t.SubmittedApplicationsPageTest - Clicked on 'Action Application' button.
2025-04-07 13:13:16 [main] ERROR l.i.u.t.SubmittedApplicationsPageTest - Test 'testFillNewVUIApplicationFA' failed with error: no such element: Unable to locate element: {"method":"xpath","selector":"//button[contains(@class, 'mat-mdc-menu-item') and .//span[contains(text(), 'Pateikti naują')]]"}
  (Session info: chrome=134.0.6998.179)
For documentation on this error, please visit: https://www.selenium.dev/documentation/webdriver/troubleshooting/errors#no-such-element-exception
Build info: version: '4.27.0', revision: 'd6e718d134'
System info: os.name: 'Windows 11', os.arch: 'amd64', os.version: '10.0', java.version: '21.0.3'
Driver info: org.openqa.selenium.chrome.ChromeDriver
Command: [0fbd39631d33f7efea85966a44b5a2d6, findElement {using=xpath, value=//button[contains(@class, 'mat-mdc-menu-item') and .//span[contains(text(), 'Pateikti naują')]]}]
Capabilities {acceptInsecureCerts: false, browserName: chrome, browserVersion: 134.0.6998.179, chrome: {chromedriverVersion: 134.0.6998.165 (fd886e2cb29..., userDataDir: C:\Users\INGRID~1.ZAD\AppDa...}, fedcm:accounts: true, goog:chromeOptions: {debuggerAddress: localhost:62106}, networkConnectionEnabled: false, pageLoadStrategy: normal, platformName: windows, proxy: Proxy(), se:cdp: ws://localhost:62106/devtoo..., se:cdpVersion: 134.0.6998.179, setWindowRect: true, strictFileInteractability: false, timeouts: {implicit: 0, pageLoad: 300000, script: 30000}, unhandledPromptBehavior: dismiss and notify, webauthn:extension:credBlob: true, webauthn:extension:largeBlob: true, webauthn:extension:minPinLength: true, webauthn:extension:prf: true, webauthn:virtualAuthenticators: true}
Session ID: 0fbd39631d33f7efea85966a44b5a2d6
org.openqa.selenium.NoSuchElementException: no such element: Unable to locate element: {"method":"xpath","selector":"//button[contains(@class, 'mat-mdc-menu-item') and .//span[contains(text(), 'Pateikti naują')]]"}
  (Session info: chrome=134.0.6998.179)
For documentation on this error, please visit: https://www.selenium.dev/documentation/webdriver/troubleshooting/errors#no-such-element-exception
Build info: version: '4.27.0', revision: 'd6e718d134'
System info: os.name: 'Windows 11', os.arch: 'amd64', os.version: '10.0', java.version: '21.0.3'
Driver info: org.openqa.selenium.chrome.ChromeDriver
Command: [0fbd39631d33f7efea85966a44b5a2d6, findElement {using=xpath, value=//button[contains(@class, 'mat-mdc-menu-item') and .//span[contains(text(), 'Pateikti naują')]]}]
Capabilities {acceptInsecureCerts: false, browserName: chrome, browserVersion: 134.0.6998.179, chrome: {chromedriverVersion: 134.0.6998.165 (fd886e2cb29..., userDataDir: C:\Users\INGRID~1.ZAD\AppDa...}, fedcm:accounts: true, goog:chromeOptions: {debuggerAddress: localhost:62106}, networkConnectionEnabled: false, pageLoadStrategy: normal, platformName: windows, proxy: Proxy(), se:cdp: ws://localhost:62106/devtoo..., se:cdpVersion: 134.0.6998.179, setWindowRect: true, strictFileInteractability: false, timeouts: {implicit: 0, pageLoad: 300000, script: 30000}, unhandledPromptBehavior: dismiss and notify, webauthn:extension:credBlob: true, webauthn:extension:largeBlob: true, webauthn:extension:minPinLength: true, webauthn:extension:prf: true, webauthn:virtualAuthenticators: true}
Session ID: 0fbd39631d33f7efea85966a44b5a2d6
	at java.base/jdk.internal.reflect.DirectConstructorHandleAccessor.newInstance(DirectConstructorHandleAccessor.java:62)
	at java.base/java.lang.reflect.Constructor.newInstanceWithCaller(Constructor.java:502)
	at java.base/java.lang.reflect.Constructor.newInstance(Constructor.java:486)
	at org.openqa.selenium.remote.ErrorCodec.decode(ErrorCodec.java:167)
	at org.openqa.selenium.remote.codec.w3c.W3CHttpResponseCodec.decode(W3CHttpResponseCodec.java:138)
	at org.openqa.selenium.remote.codec.w3c.W3CHttpResponseCodec.decode(W3CHttpResponseCodec.java:50)
	at org.openqa.selenium.remote.HttpCommandExecutor.execute(HttpCommandExecutor.java:190)
	at org.openqa.selenium.remote.service.DriverCommandExecutor.invokeExecute(DriverCommandExecutor.java:216)
	at org.openqa.selenium.remote.service.DriverCommandExecutor.execute(DriverCommandExecutor.java:174)
	at org.openqa.selenium.remote.RemoteWebDriver.execute(RemoteWebDriver.java:545)
	at org.openqa.selenium.remote.ElementLocation$ElementFinder$2.findElement(ElementLocation.java:165)
	at org.openqa.selenium.remote.ElementLocation.findElement(ElementLocation.java:59)
	at org.openqa.selenium.remote.RemoteWebDriver.findElement(RemoteWebDriver.java:368)
	at org.openqa.selenium.remote.RemoteWebDriver.findElement(RemoteWebDriver.java:362)
	at org.openqa.selenium.support.pagefactory.DefaultElementLocator.findElement(DefaultElementLocator.java:68)
	at org.openqa.selenium.support.pagefactory.internal.LocatingElementHandler.invoke(LocatingElementHandler.java:38)
	at jdk.proxy2/jdk.proxy2.$Proxy14.click(Unknown Source)
	at lt.insoft.uztis.pages.SubmittedApplicationsPage.clickButtonNewApplication(SubmittedApplicationsPage.java:472)
	at lt.insoft.uztis.tests.SubmittedApplicationsPageTest.testFillNewVUIApplicationFA(SubmittedApplicationsPageTest.java:139)
	at java.base/jdk.internal.reflect.DirectMethodHandleAccessor.invoke(DirectMethodHandleAccessor.java:103)
	at java.base/java.lang.reflect.Method.invoke(Method.java:580)
	at org.junit.platform.commons.util.ReflectionUtils.invokeMethod(ReflectionUtils.java:728)
	at org.junit.jupiter.engine.execution.MethodInvocation.proceed(MethodInvocation.java:60)
	at org.junit.jupiter.engine.execution.InvocationInterceptorChain$ValidatingInvocation.proceed(InvocationInterceptorChain.java:131)
	at org.junit.jupiter.engine.extension.TimeoutExtension.intercept(TimeoutExtension.java:156)
	at org.junit.jupiter.engine.extension.TimeoutExtension.interceptTestableMethod(TimeoutExtension.java:147)
	at org.junit.jupiter.engine.extension.TimeoutExtension.interceptTestMethod(TimeoutExtension.java:86)
	at org.junit.jupiter.engine.execution.InterceptingExecutableInvoker$ReflectiveInterceptorCall.lambda$ofVoidMethod$0(InterceptingExecutableInvoker.java:103)
	at org.junit.jupiter.engine.execution.InterceptingExecutableInvoker.lambda$invoke$0(InterceptingExecutableInvoker.java:93)
	at org.junit.jupiter.engine.execution.InvocationInterceptorChain$InterceptedInvocation.proceed(InvocationInterceptorChain.java:106)
	at org.junit.jupiter.engine.execution.InvocationInterceptorChain.proceed(InvocationInterceptorChain.java:64)
	at org.junit.jupiter.engine.execution.InvocationInterceptorChain.chainAndInvoke(InvocationInterceptorChain.java:45)
	at org.junit.jupiter.engine.execution.InvocationInterceptorChain.invoke(InvocationInterceptorChain.java:37)
	at org.junit.jupiter.engine.execution.InterceptingExecutableInvoker.invoke(InterceptingExecutableInvoker.java:92)
	at org.junit.jupiter.engine.execution.InterceptingExecutableInvoker.invoke(InterceptingExecutableInvoker.java:86)
	at org.junit.jupiter.engine.descriptor.TestMethodTestDescriptor.lambda$invokeTestMethod$7(TestMethodTestDescriptor.java:218)
	at org.junit.platform.engine.support.hierarchical.ThrowableCollector.execute(ThrowableCollector.java:73)
	at org.junit.jupiter.engine.descriptor.TestMethodTestDescriptor.invokeTestMethod(TestMethodTestDescriptor.java:214)
	at org.junit.jupiter.engine.descriptor.TestMethodTestDescriptor.execute(TestMethodTestDescriptor.java:139)
	at org.junit.jupiter.engine.descriptor.TestMethodTestDescriptor.execute(TestMethodTestDescriptor.java:69)
	at org.junit.platform.engine.support.hierarchical.NodeTestTask.lambda$executeRecursively$6(NodeTestTask.java:151)
	at org.junit.platform.engine.support.hierarchical.ThrowableCollector.execute(ThrowableCollector.java:73)
	at org.junit.platform.engine.support.hierarchical.NodeTestTask.lambda$executeRecursively$8(NodeTestTask.java:141)
	at org.junit.platform.engine.support.hierarchical.Node.around(Node.java:137)
	at org.junit.platform.engine.support.hierarchical.NodeTestTask.lambda$executeRecursively$9(NodeTestTask.java:139)
	at org.junit.platform.engine.support.hierarchical.ThrowableCollector.execute(ThrowableCollector.java:73)
	at org.junit.platform.engine.support.hierarchical.NodeTestTask.executeRecursively(NodeTestTask.java:138)
	at org.junit.platform.engine.support.hierarchical.NodeTestTask.execute(NodeTestTask.java:95)
	at java.base/java.util.ArrayList.forEach(ArrayList.java:1596)
	at org.junit.platform.engine.support.hierarchical.SameThreadHierarchicalTestExecutorService.invokeAll(SameThreadHierarchicalTestExecutorService.java:41)
	at org.junit.platform.engine.support.hierarchical.NodeTestTask.lambda$executeRecursively$6(NodeTestTask.java:155)
	at org.junit.platform.engine.support.hierarchical.ThrowableCollector.execute(ThrowableCollector.java:73)
	at org.junit.platform.engine.support.hierarchical.NodeTestTask.lambda$executeRecursively$8(NodeTestTask.java:141)
	at org.junit.platform.engine.support.hierarchical.Node.around(Node.java:137)
	at org.junit.platform.engine.support.hierarchical.NodeTestTask.lambda$executeRecursively$9(NodeTestTask.java:139)
	at org.junit.platform.engine.support.hierarchical.ThrowableCollector.execute(ThrowableCollector.java:73)
	at org.junit.platform.engine.support.hierarchical.NodeTestTask.executeRecursively(NodeTestTask.java:138)
	at org.junit.platform.engine.support.hierarchical.NodeTestTask.execute(NodeTestTask.java:95)
	at java.base/java.util.ArrayList.forEach(ArrayList.java:1596)
	at org.junit.platform.engine.support.hierarchical.SameThreadHierarchicalTestExecutorService.invokeAll(SameThreadHierarchicalTestExecutorService.java:41)
	at org.junit.platform.engine.support.hierarchical.NodeTestTask.lambda$executeRecursively$6(NodeTestTask.java:155)
	at org.junit.platform.engine.support.hierarchical.ThrowableCollector.execute(ThrowableCollector.java:73)
	at org.junit.platform.engine.support.hierarchical.NodeTestTask.lambda$executeRecursively$8(NodeTestTask.java:141)
	at org.junit.platform.engine.support.hierarchical.Node.around(Node.java:137)
	at org.junit.platform.engine.support.hierarchical.NodeTestTask.lambda$executeRecursively$9(NodeTestTask.java:139)
	at org.junit.platform.engine.support.hierarchical.ThrowableCollector.execute(ThrowableCollector.java:73)
	at org.junit.platform.engine.support.hierarchical.NodeTestTask.executeRecursively(NodeTestTask.java:138)
	at org.junit.platform.engine.support.hierarchical.NodeTestTask.execute(NodeTestTask.java:95)
	at org.junit.platform.engine.support.hierarchical.SameThreadHierarchicalTestExecutorService.submit(SameThreadHierarchicalTestExecutorService.java:35)
	at org.junit.platform.engine.support.hierarchical.HierarchicalTestExecutor.execute(HierarchicalTestExecutor.java:57)
	at org.junit.platform.engine.support.hierarchical.HierarchicalTestEngine.execute(HierarchicalTestEngine.java:54)
	at org.junit.platform.launcher.core.EngineExecutionOrchestrator.execute(EngineExecutionOrchestrator.java:198)
	at org.junit.platform.launcher.core.EngineExecutionOrchestrator.execute(EngineExecutionOrchestrator.java:169)
	at org.junit.platform.launcher.core.EngineExecutionOrchestrator.execute(EngineExecutionOrchestrator.java:93)
	at org.junit.platform.launcher.core.EngineExecutionOrchestrator.lambda$execute$0(EngineExecutionOrchestrator.java:58)
	at org.junit.platform.launcher.core.EngineExecutionOrchestrator.withInterceptedStreams(EngineExecutionOrchestrator.java:141)
	at org.junit.platform.launcher.core.EngineExecutionOrchestrator.execute(EngineExecutionOrchestrator.java:57)
	at org.junit.platform.launcher.core.DefaultLauncher.execute(DefaultLauncher.java:103)
	at org.junit.platform.launcher.core.DefaultLauncher.execute(DefaultLauncher.java:85)
	at org.junit.platform.launcher.core.DelegatingLauncher.execute(DelegatingLauncher.java:47)
	at org.junit.platform.launcher.core.SessionPerRequestLauncher.execute(SessionPerRequestLauncher.java:63)
	at com.intellij.junit5.JUnit5IdeaTestRunner.startRunnerWithArgs(JUnit5IdeaTestRunner.java:57)
	at com.intellij.rt.junit.IdeaTestRunner$Repeater$1.execute(IdeaTestRunner.java:38)
	at com.intellij.rt.execution.junit.TestsRepeater.repeat(TestsRepeater.java:11)
	at com.intellij.rt.junit.IdeaTestRunner$Repeater.startRunnerWithArgs(IdeaTestRunner.java:35)
	at com.intellij.rt.junit.JUnitStarter.prepareStreamsAndStart(JUnitStarter.java:232)
	at com.intellij.rt.junit.JUnitStarter.main(JUnitStarter.java:55)
2025-04-07 13:13:16 [main] INFO  l.insoft.uztis.tests.utils.TestUtils - Screenshot moved to C:\Users\ingrida.zadorozniene\Desktop\Asm\UZTIS\UZTIS_tests\test-output\screenshots\20250407\131316295_testFillNewVUIApplicationFA().png
2025-04-07 13:18:57 [main] INFO  lt.insoft.uztis.tests.UztisPageTest - Navigated to https://uztisdev.asseco.lt/home
2025-04-07 13:18:57 [main] INFO  l.i.uztis.tests.EvaluationsPageTest - Starting test:'testFillSaveDraftEvaluationOne'
2025-04-07 13:18:57 [main] INFO  l.i.uztis.tests.EvaluationsPageTest - Starting test:'testNavigateToEvaluationsPage'
2025-04-07 13:18:58 [main] DEBUG l.i.uztis.tests.EvaluationsPageTest - User logged in with test credentials
2025-04-07 13:18:58 [main] DEBUG l.i.uztis.tests.EvaluationsPageTest - Opened 'Application Processing' menu.
2025-04-07 13:18:58 [main] DEBUG l.i.uztis.tests.EvaluationsPageTest - Clicked on 'Evaluations' menu.
2025-04-07 13:18:58 [main] DEBUG l.i.uztis.tests.EvaluationsPageTest - Navigating to evaluations menu.
2025-04-07 13:18:58 [main] INFO  l.i.uztis.tests.EvaluationsPageTest - Test 'testNavigateToEvaluationsPage' completed successfully.
2025-04-07 13:18:59 [main] DEBUG l.i.uztis.tests.EvaluationsPageTest - Clicked on last evaluation.
2025-04-07 13:18:59 [main] DEBUG l.i.uztis.tests.EvaluationsPageTest - Clicked 'Edit'.
2025-04-07 13:19:03 [main] DEBUG l.i.uztis.tests.EvaluationsPageTest - Selected '1.1' radio button.
2025-04-07 13:19:06 [main] DEBUG l.i.uztis.tests.EvaluationsPageTest - Selected '1.2' radio button.
2025-04-07 13:19:08 [main] DEBUG l.i.uztis.tests.EvaluationsPageTest - Selected '1.3' radio button.
2025-04-07 13:19:11 [main] DEBUG l.i.uztis.tests.EvaluationsPageTest - Selected '1.4' radio button.
2025-04-07 13:19:12 [main] DEBUG l.i.uztis.tests.EvaluationsPageTest - Selected '1.5' radio button.
2025-04-07 13:19:13 [main] DEBUG l.i.uztis.tests.EvaluationsPageTest - Selected '2.1' radio button.
2025-04-07 13:19:14 [main] DEBUG l.i.uztis.tests.EvaluationsPageTest - Selected '3.1' radio button.
2025-04-07 13:19:16 [main] DEBUG l.i.uztis.tests.EvaluationsPageTest - Selected '4.2' radio button.
2025-04-07 13:19:17 [main] DEBUG l.i.uztis.tests.EvaluationsPageTest - Selected '5.1' radio button.
2025-04-07 13:19:18 [main] DEBUG l.i.uztis.tests.EvaluationsPageTest - Selected '5.2' radio button.
2025-04-07 13:19:20 [main] DEBUG l.i.uztis.tests.EvaluationsPageTest - Selected '6.1' radio button.
2025-04-07 13:19:21 [main] DEBUG l.i.uztis.tests.EvaluationsPageTest - Selected '6.2' radio button.
2025-04-07 13:19:22 [main] DEBUG l.i.uztis.tests.EvaluationsPageTest - Clicked on expansion panel 'Not Critical'.
2025-04-07 13:19:22 [main] DEBUG l.i.uztis.tests.EvaluationsPageTest - Selected '7' radio button.
2025-04-07 13:19:22 [main] DEBUG l.i.uztis.tests.EvaluationsPageTest - Selected '8_1' radio button.
2025-04-07 13:19:23 [main] DEBUG l.i.uztis.tests.EvaluationsPageTest - Selected '8_2' radio button.
2025-04-07 13:19:23 [main] DEBUG l.i.uztis.tests.EvaluationsPageTest - Selected '8_3' radio button.
2025-04-07 13:19:23 [main] DEBUG l.i.uztis.tests.EvaluationsPageTest - Selected '8_4' radio button.
2025-04-07 13:19:24 [main] DEBUG l.i.uztis.tests.EvaluationsPageTest - Selected '8_5' radio button.
2025-04-07 13:19:24 [main] DEBUG l.i.uztis.tests.EvaluationsPageTest - Selected '8_6' radio button.
2025-04-07 13:19:25 [main] DEBUG l.i.uztis.tests.EvaluationsPageTest - Selected '8_7' radio button.
2025-04-07 13:19:25 [main] DEBUG l.i.uztis.tests.EvaluationsPageTest - Selected '8_8' radio button.
2025-04-07 13:19:26 [main] DEBUG l.i.uztis.tests.EvaluationsPageTest - Selected '8_9' radio button.
2025-04-07 13:19:26 [main] DEBUG l.i.uztis.tests.EvaluationsPageTest - Selected '8_10' radio button.
2025-04-07 13:19:26 [main] DEBUG l.i.uztis.tests.EvaluationsPageTest - Selected '9' radio button.
2025-04-07 13:19:27 [main] DEBUG l.i.uztis.tests.EvaluationsPageTest - Selected '10.1' radio button.
2025-04-07 13:19:27 [main] DEBUG l.i.uztis.tests.EvaluationsPageTest - Selected '10.2' radio button.
2025-04-07 13:19:27 [main] DEBUG l.i.uztis.tests.EvaluationsPageTest - Selected '10.3' radio button.
2025-04-07 13:19:28 [main] DEBUG l.i.uztis.tests.EvaluationsPageTest - Entered  explanation: 'Balas pakoreduotas ranka'.
2025-04-07 13:19:28 [main] DEBUG l.i.uztis.tests.EvaluationsPageTest - Clicked 'Save Draft'.
2025-04-07 13:19:28 [main] ERROR l.i.uztis.tests.EvaluationsPageTest - Test 'testFillSaveDraftEvaluationOne' failed with error: stale element reference: stale element not found in the current frame
  (Session info: chrome=134.0.6998.179)
For documentation on this error, please visit: https://www.selenium.dev/documentation/webdriver/troubleshooting/errors#stale-element-reference-exception
Build info: version: '4.27.0', revision: 'd6e718d134'
System info: os.name: 'Windows 11', os.arch: 'amd64', os.version: '10.0', java.version: '21.0.3'
Driver info: org.openqa.selenium.chrome.ChromeDriver
Command: [a3fac9493dc522b46071609993639238, getElementText {id=f.C63FA7A35BC4533FD0909C8418BB8DCB.d.7E3D6D4754AFC30C6B5662C506D80AD1.e.382}]
Capabilities {acceptInsecureCerts: false, browserName: chrome, browserVersion: 134.0.6998.179, chrome: {chromedriverVersion: 134.0.6998.165 (fd886e2cb29..., userDataDir: C:\Users\INGRID~1.ZAD\AppDa...}, fedcm:accounts: true, goog:chromeOptions: {debuggerAddress: localhost:62321}, networkConnectionEnabled: false, pageLoadStrategy: normal, platformName: windows, proxy: Proxy(), se:cdp: ws://localhost:62321/devtoo..., se:cdpVersion: 134.0.6998.179, setWindowRect: true, strictFileInteractability: false, timeouts: {implicit: 0, pageLoad: 300000, script: 30000}, unhandledPromptBehavior: dismiss and notify, webauthn:extension:credBlob: true, webauthn:extension:largeBlob: true, webauthn:extension:minPinLength: true, webauthn:extension:prf: true, webauthn:virtualAuthenticators: true}
Element: [[ChromeDriver: chrome on windows (a3fac9493dc522b46071609993639238)] -> css selector: [class='w-100']]
Session ID: a3fac9493dc522b46071609993639238
org.openqa.selenium.StaleElementReferenceException: stale element reference: stale element not found in the current frame
  (Session info: chrome=134.0.6998.179)
For documentation on this error, please visit: https://www.selenium.dev/documentation/webdriver/troubleshooting/errors#stale-element-reference-exception
Build info: version: '4.27.0', revision: 'd6e718d134'
System info: os.name: 'Windows 11', os.arch: 'amd64', os.version: '10.0', java.version: '21.0.3'
Driver info: org.openqa.selenium.chrome.ChromeDriver
Command: [a3fac9493dc522b46071609993639238, getElementText {id=f.C63FA7A35BC4533FD0909C8418BB8DCB.d.7E3D6D4754AFC30C6B5662C506D80AD1.e.382}]
Capabilities {acceptInsecureCerts: false, browserName: chrome, browserVersion: 134.0.6998.179, chrome: {chromedriverVersion: 134.0.6998.165 (fd886e2cb29..., userDataDir: C:\Users\INGRID~1.ZAD\AppDa...}, fedcm:accounts: true, goog:chromeOptions: {debuggerAddress: localhost:62321}, networkConnectionEnabled: false, pageLoadStrategy: normal, platformName: windows, proxy: Proxy(), se:cdp: ws://localhost:62321/devtoo..., se:cdpVersion: 134.0.6998.179, setWindowRect: true, strictFileInteractability: false, timeouts: {implicit: 0, pageLoad: 300000, script: 30000}, unhandledPromptBehavior: dismiss and notify, webauthn:extension:credBlob: true, webauthn:extension:largeBlob: true, webauthn:extension:minPinLength: true, webauthn:extension:prf: true, webauthn:virtualAuthenticators: true}
Element: [[ChromeDriver: chrome on windows (a3fac9493dc522b46071609993639238)] -> css selector: [class='w-100']]
Session ID: a3fac9493dc522b46071609993639238
	at java.base/jdk.internal.reflect.DirectConstructorHandleAccessor.newInstance(DirectConstructorHandleAccessor.java:62)
	at java.base/java.lang.reflect.Constructor.newInstanceWithCaller(Constructor.java:502)
	at java.base/java.lang.reflect.Constructor.newInstance(Constructor.java:486)
	at org.openqa.selenium.remote.ErrorCodec.decode(ErrorCodec.java:167)
	at org.openqa.selenium.remote.codec.w3c.W3CHttpResponseCodec.decode(W3CHttpResponseCodec.java:138)
	at org.openqa.selenium.remote.codec.w3c.W3CHttpResponseCodec.decode(W3CHttpResponseCodec.java:50)
	at org.openqa.selenium.remote.HttpCommandExecutor.execute(HttpCommandExecutor.java:190)
	at org.openqa.selenium.remote.service.DriverCommandExecutor.invokeExecute(DriverCommandExecutor.java:216)
	at org.openqa.selenium.remote.service.DriverCommandExecutor.execute(DriverCommandExecutor.java:174)
	at org.openqa.selenium.remote.RemoteWebDriver.execute(RemoteWebDriver.java:545)
	at org.openqa.selenium.remote.RemoteWebElement.execute(RemoteWebElement.java:223)
	at org.openqa.selenium.remote.RemoteWebElement.getText(RemoteWebElement.java:191)
	at java.base/java.util.stream.ReferencePipeline$3$1.accept(ReferencePipeline.java:197)
	at java.base/java.util.ArrayList$ArrayListSpliterator.forEachRemaining(ArrayList.java:1708)
	at java.base/java.util.stream.AbstractPipeline.copyInto(AbstractPipeline.java:509)
	at java.base/java.util.stream.AbstractPipeline.wrapAndCopyInto(AbstractPipeline.java:499)
	at java.base/java.util.stream.ReduceOps$ReduceOp.evaluateSequential(ReduceOps.java:921)
	at java.base/java.util.stream.AbstractPipeline.evaluate(AbstractPipeline.java:234)
	at java.base/java.util.stream.ReferencePipeline.collect(ReferencePipeline.java:682)
	at lt.insoft.uztis.pages.ApplicationFormsPage.getAllMessagesText(ApplicationFormsPage.java:144)
	at lt.insoft.uztis.pages.ApplicationFormsPage.verifySuccessMessage(ApplicationFormsPage.java:148)
	at lt.insoft.uztis.tests.EvaluationsPageTest.testFillSaveDraftEvaluationOne(EvaluationsPageTest.java:171)
	at java.base/jdk.internal.reflect.DirectMethodHandleAccessor.invoke(DirectMethodHandleAccessor.java:103)
	at java.base/java.lang.reflect.Method.invoke(Method.java:580)
	at org.junit.platform.commons.util.ReflectionUtils.invokeMethod(ReflectionUtils.java:728)
	at org.junit.jupiter.engine.execution.MethodInvocation.proceed(MethodInvocation.java:60)
	at org.junit.jupiter.engine.execution.InvocationInterceptorChain$ValidatingInvocation.proceed(InvocationInterceptorChain.java:131)
	at org.junit.jupiter.engine.extension.TimeoutExtension.intercept(TimeoutExtension.java:156)
	at org.junit.jupiter.engine.extension.TimeoutExtension.interceptTestableMethod(TimeoutExtension.java:147)
	at org.junit.jupiter.engine.extension.TimeoutExtension.interceptTestMethod(TimeoutExtension.java:86)
	at org.junit.jupiter.engine.execution.InterceptingExecutableInvoker$ReflectiveInterceptorCall.lambda$ofVoidMethod$0(InterceptingExecutableInvoker.java:103)
	at org.junit.jupiter.engine.execution.InterceptingExecutableInvoker.lambda$invoke$0(InterceptingExecutableInvoker.java:93)
	at org.junit.jupiter.engine.execution.InvocationInterceptorChain$InterceptedInvocation.proceed(InvocationInterceptorChain.java:106)
	at org.junit.jupiter.engine.execution.InvocationInterceptorChain.proceed(InvocationInterceptorChain.java:64)
	at org.junit.jupiter.engine.execution.InvocationInterceptorChain.chainAndInvoke(InvocationInterceptorChain.java:45)
	at org.junit.jupiter.engine.execution.InvocationInterceptorChain.invoke(InvocationInterceptorChain.java:37)
	at org.junit.jupiter.engine.execution.InterceptingExecutableInvoker.invoke(InterceptingExecutableInvoker.java:92)
	at org.junit.jupiter.engine.execution.InterceptingExecutableInvoker.invoke(InterceptingExecutableInvoker.java:86)
	at org.junit.jupiter.engine.descriptor.TestMethodTestDescriptor.lambda$invokeTestMethod$7(TestMethodTestDescriptor.java:218)
	at org.junit.platform.engine.support.hierarchical.ThrowableCollector.execute(ThrowableCollector.java:73)
	at org.junit.jupiter.engine.descriptor.TestMethodTestDescriptor.invokeTestMethod(TestMethodTestDescriptor.java:214)
	at org.junit.jupiter.engine.descriptor.TestMethodTestDescriptor.execute(TestMethodTestDescriptor.java:139)
	at org.junit.jupiter.engine.descriptor.TestMethodTestDescriptor.execute(TestMethodTestDescriptor.java:69)
	at org.junit.platform.engine.support.hierarchical.NodeTestTask.lambda$executeRecursively$6(NodeTestTask.java:151)
	at org.junit.platform.engine.support.hierarchical.ThrowableCollector.execute(ThrowableCollector.java:73)
	at org.junit.platform.engine.support.hierarchical.NodeTestTask.lambda$executeRecursively$8(NodeTestTask.java:141)
	at org.junit.platform.engine.support.hierarchical.Node.around(Node.java:137)
	at org.junit.platform.engine.support.hierarchical.NodeTestTask.lambda$executeRecursively$9(NodeTestTask.java:139)
	at org.junit.platform.engine.support.hierarchical.ThrowableCollector.execute(ThrowableCollector.java:73)
	at org.junit.platform.engine.support.hierarchical.NodeTestTask.executeRecursively(NodeTestTask.java:138)
	at org.junit.platform.engine.support.hierarchical.NodeTestTask.execute(NodeTestTask.java:95)
	at java.base/java.util.ArrayList.forEach(ArrayList.java:1596)
	at org.junit.platform.engine.support.hierarchical.SameThreadHierarchicalTestExecutorService.invokeAll(SameThreadHierarchicalTestExecutorService.java:41)
	at org.junit.platform.engine.support.hierarchical.NodeTestTask.lambda$executeRecursively$6(NodeTestTask.java:155)
	at org.junit.platform.engine.support.hierarchical.ThrowableCollector.execute(ThrowableCollector.java:73)
	at org.junit.platform.engine.support.hierarchical.NodeTestTask.lambda$executeRecursively$8(NodeTestTask.java:141)
	at org.junit.platform.engine.support.hierarchical.Node.around(Node.java:137)
	at org.junit.platform.engine.support.hierarchical.NodeTestTask.lambda$executeRecursively$9(NodeTestTask.java:139)
	at org.junit.platform.engine.support.hierarchical.ThrowableCollector.execute(ThrowableCollector.java:73)
	at org.junit.platform.engine.support.hierarchical.NodeTestTask.executeRecursively(NodeTestTask.java:138)
	at org.junit.platform.engine.support.hierarchical.NodeTestTask.execute(NodeTestTask.java:95)
	at java.base/java.util.ArrayList.forEach(ArrayList.java:1596)
	at org.junit.platform.engine.support.hierarchical.SameThreadHierarchicalTestExecutorService.invokeAll(SameThreadHierarchicalTestExecutorService.java:41)
	at org.junit.platform.engine.support.hierarchical.NodeTestTask.lambda$executeRecursively$6(NodeTestTask.java:155)
	at org.junit.platform.engine.support.hierarchical.ThrowableCollector.execute(ThrowableCollector.java:73)
	at org.junit.platform.engine.support.hierarchical.NodeTestTask.lambda$executeRecursively$8(NodeTestTask.java:141)
	at org.junit.platform.engine.support.hierarchical.Node.around(Node.java:137)
	at org.junit.platform.engine.support.hierarchical.NodeTestTask.lambda$executeRecursively$9(NodeTestTask.java:139)
	at org.junit.platform.engine.support.hierarchical.ThrowableCollector.execute(ThrowableCollector.java:73)
	at org.junit.platform.engine.support.hierarchical.NodeTestTask.executeRecursively(NodeTestTask.java:138)
	at org.junit.platform.engine.support.hierarchical.NodeTestTask.execute(NodeTestTask.java:95)
	at org.junit.platform.engine.support.hierarchical.SameThreadHierarchicalTestExecutorService.submit(SameThreadHierarchicalTestExecutorService.java:35)
	at org.junit.platform.engine.support.hierarchical.HierarchicalTestExecutor.execute(HierarchicalTestExecutor.java:57)
	at org.junit.platform.engine.support.hierarchical.HierarchicalTestEngine.execute(HierarchicalTestEngine.java:54)
	at org.junit.platform.launcher.core.EngineExecutionOrchestrator.execute(EngineExecutionOrchestrator.java:198)
	at org.junit.platform.launcher.core.EngineExecutionOrchestrator.execute(EngineExecutionOrchestrator.java:169)
	at org.junit.platform.launcher.core.EngineExecutionOrchestrator.execute(EngineExecutionOrchestrator.java:93)
	at org.junit.platform.launcher.core.EngineExecutionOrchestrator.lambda$execute$0(EngineExecutionOrchestrator.java:58)
	at org.junit.platform.launcher.core.EngineExecutionOrchestrator.withInterceptedStreams(EngineExecutionOrchestrator.java:141)
	at org.junit.platform.launcher.core.EngineExecutionOrchestrator.execute(EngineExecutionOrchestrator.java:57)
	at org.junit.platform.launcher.core.DefaultLauncher.execute(DefaultLauncher.java:103)
	at org.junit.platform.launcher.core.DefaultLauncher.execute(DefaultLauncher.java:85)
	at org.junit.platform.launcher.core.DelegatingLauncher.execute(DelegatingLauncher.java:47)
	at org.junit.platform.launcher.core.SessionPerRequestLauncher.execute(SessionPerRequestLauncher.java:63)
	at com.intellij.junit5.JUnit5IdeaTestRunner.startRunnerWithArgs(JUnit5IdeaTestRunner.java:57)
	at com.intellij.rt.junit.IdeaTestRunner$Repeater$1.execute(IdeaTestRunner.java:38)
	at com.intellij.rt.execution.junit.TestsRepeater.repeat(TestsRepeater.java:11)
	at com.intellij.rt.junit.IdeaTestRunner$Repeater.startRunnerWithArgs(IdeaTestRunner.java:35)
	at com.intellij.rt.junit.JUnitStarter.prepareStreamsAndStart(JUnitStarter.java:232)
	at com.intellij.rt.junit.JUnitStarter.main(JUnitStarter.java:55)
2025-04-07 13:19:28 [main] INFO  l.insoft.uztis.tests.utils.TestUtils - Screenshot moved to C:\Users\ingrida.zadorozniene\Desktop\Asm\UZTIS\UZTIS_tests\test-output\screenshots\20250407\131928884_testFillSaveDraftEvaluationOne().png
2025-04-07 13:19:49 [main] INFO  lt.insoft.uztis.tests.UztisPageTest - Navigated to https://uztisdev.asseco.lt/home
2025-04-07 13:19:49 [main] INFO  l.i.uztis.tests.EvaluationsPageTest - Starting test:'testConfirmEvaluationOne'
2025-04-07 13:19:49 [main] INFO  l.i.uztis.tests.EvaluationsPageTest - Starting test:'testNavigateToEvaluationsPage'
2025-04-07 13:19:49 [main] DEBUG l.i.uztis.tests.EvaluationsPageTest - User logged in with test credentials
2025-04-07 13:19:50 [main] DEBUG l.i.uztis.tests.EvaluationsPageTest - Opened 'Application Processing' menu.
2025-04-07 13:19:50 [main] DEBUG l.i.uztis.tests.EvaluationsPageTest - Clicked on 'Evaluations' menu.
2025-04-07 13:19:50 [main] DEBUG l.i.uztis.tests.EvaluationsPageTest - Navigating to evaluations menu.
2025-04-07 13:19:50 [main] INFO  l.i.uztis.tests.EvaluationsPageTest - Test 'testNavigateToEvaluationsPage' completed successfully.
2025-04-07 13:19:51 [main] DEBUG l.i.uztis.tests.EvaluationsPageTest - Clicked on last evaluation.
2025-04-07 13:19:51 [main] DEBUG l.i.uztis.tests.EvaluationsPageTest - Clicked 'Edit'.
2025-04-07 13:19:54 [main] DEBUG l.i.uztis.tests.EvaluationsPageTest - Clicked 'Confirm'.
2025-04-07 13:19:57 [main] DEBUG l.i.uztis.tests.EvaluationsPageTest - Clicked 'Confirm Confirmation'.
2025-04-07 13:19:57 [main] DEBUG l.i.uztis.tests.EvaluationsPageTest - Fetched label text: Įvertinta
2025-04-07 13:19:57 [main] INFO  l.i.uztis.tests.EvaluationsPageTest - Verified that the label text matches the expected value.
2025-04-07 13:19:57 [main] INFO  l.i.uztis.tests.EvaluationsPageTest - Test 'testConfirmEvaluationOne' completed successfully.
2025-04-07 13:20:08 [main] INFO  lt.insoft.uztis.tests.UztisPageTest - Navigated to https://uztisdev.asseco.lt/home
2025-04-07 13:20:08 [main] INFO  l.i.uztis.tests.EvaluationsPageTest - Starting test:'testFillSaveDraftEvaluationTwo'
2025-04-07 13:20:08 [main] INFO  l.i.uztis.tests.EvaluationsPageTest - Starting test:'testNavigateToEvaluationsPage'
2025-04-07 13:20:08 [main] DEBUG l.i.uztis.tests.EvaluationsPageTest - User logged in with test credentials
2025-04-07 13:20:09 [main] DEBUG l.i.uztis.tests.EvaluationsPageTest - Opened 'Application Processing' menu.
2025-04-07 13:20:09 [main] DEBUG l.i.uztis.tests.EvaluationsPageTest - Clicked on 'Evaluations' menu.
2025-04-07 13:20:09 [main] DEBUG l.i.uztis.tests.EvaluationsPageTest - Navigating to evaluations menu.
2025-04-07 13:20:09 [main] INFO  l.i.uztis.tests.EvaluationsPageTest - Test 'testNavigateToEvaluationsPage' completed successfully.
2025-04-07 13:20:09 [main] DEBUG l.i.uztis.tests.EvaluationsPageTest - Clicked on last evaluation.
2025-04-07 13:20:10 [main] DEBUG l.i.uztis.tests.EvaluationsPageTest - Clicked 'Edit'.
2025-04-07 13:20:10 [main] DEBUG l.i.uztis.tests.EvaluationsPageTest - Entered commission date.
2025-04-07 13:20:10 [main] DEBUG l.i.uztis.tests.EvaluationsPageTest - Selected 'Without Commission' radio button.
2025-04-07 13:20:11 [main] DEBUG l.i.uztis.tests.EvaluationsPageTest - Entered chairman name: 'Pirmininkas Pirmininkauskas'.
2025-04-07 13:20:11 [main] DEBUG l.i.uztis.tests.EvaluationsPageTest - Entered member name: 'Narys Narauskas'.
2025-04-07 13:20:11 [main] DEBUG l.i.uztis.tests.EvaluationsPageTest - Clicked 'Continue'.
2025-04-07 13:20:11 [main] DEBUG l.i.uztis.tests.EvaluationsPageTest - Entered score edition: '9'.
2025-04-07 13:20:11 [main] DEBUG l.i.uztis.tests.EvaluationsPageTest - Entered chairman score: '10'.
2025-04-07 13:20:11 [main] DEBUG l.i.uztis.tests.EvaluationsPageTest - Entered member score: '11'.
2025-04-07 13:20:12 [main] DEBUG l.i.uztis.tests.EvaluationsPageTest - Entered conclusion: 'Išvada - palanki'.
2025-04-07 13:20:12 [main] DEBUG l.i.uztis.tests.EvaluationsPageTest - Entered  explanation: 'Balas pakoreduotas ranka'.
2025-04-07 13:20:12 [main] DEBUG l.i.uztis.tests.EvaluationsPageTest - Clicked 'Save Draft'.
2025-04-07 13:20:12 [main] DEBUG l.i.uztis.pages.ApplicationFormsPage - Verified success message: 'Duomenys sėkmingai išsaugoti.'
2025-04-07 13:20:12 [main] INFO  l.i.uztis.tests.EvaluationsPageTest - Verified success message
2025-04-07 13:20:12 [main] INFO  l.i.uztis.tests.EvaluationsPageTest - Test 'testFillSaveDraftEvaluationTwo' completed successfully.
2025-04-07 13:20:23 [main] INFO  lt.insoft.uztis.tests.UztisPageTest - Navigated to https://uztisdev.asseco.lt/home
2025-04-07 13:20:23 [main] INFO  l.i.uztis.tests.EvaluationsPageTest - Starting test:'testConfirmEvaluationTwo'
2025-04-07 13:20:23 [main] INFO  l.i.uztis.tests.EvaluationsPageTest - Starting test:'testNavigateToEvaluationsPage'
2025-04-07 13:20:24 [main] DEBUG l.i.uztis.tests.EvaluationsPageTest - User logged in with test credentials
2025-04-07 13:20:24 [main] DEBUG l.i.uztis.tests.EvaluationsPageTest - Opened 'Application Processing' menu.
2025-04-07 13:20:24 [main] DEBUG l.i.uztis.tests.EvaluationsPageTest - Clicked on 'Evaluations' menu.
2025-04-07 13:20:24 [main] DEBUG l.i.uztis.tests.EvaluationsPageTest - Navigating to evaluations menu.
2025-04-07 13:20:24 [main] INFO  l.i.uztis.tests.EvaluationsPageTest - Test 'testNavigateToEvaluationsPage' completed successfully.
2025-04-07 13:20:24 [main] DEBUG l.i.uztis.tests.EvaluationsPageTest - Clicked on last evaluation.
2025-04-07 13:20:25 [main] DEBUG l.i.uztis.tests.EvaluationsPageTest - Clicked 'Edit'.
2025-04-07 13:20:26 [main] DEBUG l.i.uztis.tests.EvaluationsPageTest - Clicked 'Continue'.
2025-04-07 13:20:26 [main] DEBUG l.i.uztis.tests.EvaluationsPageTest - Entered conclusion: 'Išvada - papildyta'.
2025-04-07 13:20:26 [main] DEBUG l.i.uztis.tests.EvaluationsPageTest - Entered  explanation: '; Išvada pakoreduota ranka'.
2025-04-07 13:20:26 [main] DEBUG l.i.uztis.tests.EvaluationsPageTest - Clicked 'Confirm'.
2025-04-07 13:20:26 [main] DEBUG l.i.uztis.tests.EvaluationsPageTest - Clicked 'Confirm Confirmation'.
2025-04-07 13:20:27 [main] DEBUG l.i.uztis.tests.EvaluationsPageTest - Fetched label text: Įvertinta
2025-04-07 13:20:27 [main] INFO  l.i.uztis.tests.EvaluationsPageTest - Verified that the label text matches the expected value.
2025-04-07 13:20:27 [main] INFO  l.i.uztis.tests.EvaluationsPageTest - Test 'testConfirmEvaluationTwo' completed successfully.
2025-04-07 13:20:36 [main] INFO  lt.insoft.uztis.tests.UztisPageTest - Navigated to https://uztisdev.asseco.lt/home
2025-04-07 13:20:36 [main] INFO  l.i.uztis.tests.EvaluationsPageTest - Starting test:'testFillSaveDraftEvaluationThree'
2025-04-07 13:20:36 [main] INFO  l.i.uztis.tests.EvaluationsPageTest - Starting test:'testNavigateToEvaluationsPage'
2025-04-07 13:20:37 [main] DEBUG l.i.uztis.tests.EvaluationsPageTest - User logged in with test credentials
2025-04-07 13:20:37 [main] DEBUG l.i.uztis.tests.EvaluationsPageTest - Opened 'Application Processing' menu.
2025-04-07 13:20:37 [main] DEBUG l.i.uztis.tests.EvaluationsPageTest - Clicked on 'Evaluations' menu.
2025-04-07 13:20:37 [main] DEBUG l.i.uztis.tests.EvaluationsPageTest - Navigating to evaluations menu.
2025-04-07 13:20:37 [main] INFO  l.i.uztis.tests.EvaluationsPageTest - Test 'testNavigateToEvaluationsPage' completed successfully.
2025-04-07 13:20:38 [main] DEBUG l.i.uztis.tests.EvaluationsPageTest - Clicked on last evaluation.
2025-04-07 13:20:38 [main] DEBUG l.i.uztis.tests.EvaluationsPageTest - Clicked 'Edit'.
2025-04-07 13:20:39 [main] DEBUG l.i.uztis.tests.EvaluationsPageTest - Entered commission date.
2025-04-07 13:20:39 [main] DEBUG l.i.uztis.tests.EvaluationsPageTest - Selected 'Without Commission' radio button.
2025-04-07 13:20:39 [main] DEBUG l.i.uztis.tests.EvaluationsPageTest - Entered chairman name: 'Pirmininkas Pirmininkauskas'.
2025-04-07 13:20:39 [main] DEBUG l.i.uztis.tests.EvaluationsPageTest - Entered member name: 'Narys Narauskas'.
2025-04-07 13:20:40 [main] DEBUG l.i.uztis.tests.EvaluationsPageTest - Clicked 'Continue'.
2025-04-07 13:20:40 [main] DEBUG l.i.uztis.tests.EvaluationsPageTest - Entered chairman score 1: '1'.
2025-04-07 13:20:40 [main] DEBUG l.i.uztis.tests.EvaluationsPageTest - Entered member score 1: '2'.
2025-04-07 13:20:40 [main] DEBUG l.i.uztis.tests.EvaluationsPageTest - Entered member conclusion 1: 'Išvada - palanki 1'.
2025-04-07 13:20:40 [main] DEBUG l.i.uztis.tests.EvaluationsPageTest - Entered chairman score 2: '3'.
2025-04-07 13:20:40 [main] DEBUG l.i.uztis.tests.EvaluationsPageTest - Entered member score 2: '4'.
2025-04-07 13:20:40 [main] DEBUG l.i.uztis.tests.EvaluationsPageTest - Entered member conclusion 2: 'Išvada - palanki 2'.
2025-04-07 13:20:41 [main] DEBUG l.i.uztis.tests.EvaluationsPageTest - Entered chairman score 3: '5'.
2025-04-07 13:20:41 [main] DEBUG l.i.uztis.tests.EvaluationsPageTest - Entered member score 3: '6'.
2025-04-07 13:20:41 [main] DEBUG l.i.uztis.tests.EvaluationsPageTest - Entered member conclusion 3: 'Išvada - palanki 3'.
2025-04-07 13:20:41 [main] DEBUG l.i.uztis.tests.EvaluationsPageTest - Entered chairman score 4: '7'.
2025-04-07 13:20:41 [main] DEBUG l.i.uztis.tests.EvaluationsPageTest - Entered member score 4: '8'.
2025-04-07 13:20:41 [main] DEBUG l.i.uztis.tests.EvaluationsPageTest - Entered member conclusion 4: 'Išvada - palanki 4'.
2025-04-07 13:20:41 [main] DEBUG l.i.uztis.tests.EvaluationsPageTest - Entered chairman score 5: '9'.
2025-04-07 13:20:42 [main] DEBUG l.i.uztis.tests.EvaluationsPageTest - Entered member score 5: '10'.
2025-04-07 13:20:42 [main] DEBUG l.i.uztis.tests.EvaluationsPageTest - Entered member conclusion 5: 'Išvada - palanki 5'.
2025-04-07 13:20:42 [main] DEBUG l.i.uztis.tests.EvaluationsPageTest - Clicked 'Save Draft'.
2025-04-07 13:20:42 [main] DEBUG l.i.uztis.pages.ApplicationFormsPage - Verified success message: 'Duomenys sėkmingai išsaugoti.'
2025-04-07 13:20:42 [main] INFO  l.i.uztis.tests.EvaluationsPageTest - Verified success message
2025-04-07 13:20:42 [main] INFO  l.i.uztis.tests.EvaluationsPageTest - Test 'testFillSaveDraftEvaluationThree' completed successfully.
2025-04-07 13:20:52 [main] INFO  lt.insoft.uztis.tests.UztisPageTest - Navigated to https://uztisdev.asseco.lt/home
2025-04-07 13:20:52 [main] INFO  l.i.uztis.tests.EvaluationsPageTest - Starting test:'testConfirmEvaluationThree'
2025-04-07 13:20:52 [main] INFO  l.i.uztis.tests.EvaluationsPageTest - Starting test:'testNavigateToEvaluationsPage'
2025-04-07 13:20:53 [main] DEBUG l.i.uztis.tests.EvaluationsPageTest - User logged in with test credentials
2025-04-07 13:20:53 [main] DEBUG l.i.uztis.tests.EvaluationsPageTest - Opened 'Application Processing' menu.
2025-04-07 13:20:53 [main] DEBUG l.i.uztis.tests.EvaluationsPageTest - Clicked on 'Evaluations' menu.
2025-04-07 13:20:53 [main] DEBUG l.i.uztis.tests.EvaluationsPageTest - Navigating to evaluations menu.
2025-04-07 13:20:53 [main] INFO  l.i.uztis.tests.EvaluationsPageTest - Test 'testNavigateToEvaluationsPage' completed successfully.
2025-04-07 13:20:54 [main] DEBUG l.i.uztis.tests.EvaluationsPageTest - Clicked on last evaluation.
2025-04-07 13:20:55 [main] DEBUG l.i.uztis.tests.EvaluationsPageTest - Clicked 'Edit'.
2025-04-07 13:20:55 [main] DEBUG l.i.uztis.tests.EvaluationsPageTest - Clicked 'Continue'.
2025-04-07 13:20:56 [main] DEBUG l.i.uztis.tests.EvaluationsPageTest - Clicked 'Confirm'.
2025-04-07 13:20:56 [main] DEBUG l.i.uztis.tests.EvaluationsPageTest - Clicked 'Confirm Confirmation'.
2025-04-07 13:20:56 [main] DEBUG l.i.uztis.tests.EvaluationsPageTest - Fetched label text: Įvertinta
2025-04-07 13:20:56 [main] INFO  l.i.uztis.tests.EvaluationsPageTest - Verified that the label text matches the expected value.
2025-04-07 13:20:56 [main] INFO  l.i.uztis.tests.EvaluationsPageTest - Test 'testConfirmEvaluationThree' completed successfully.
2025-04-07 13:21:07 [main] INFO  lt.insoft.uztis.tests.UztisPageTest - Navigated to https://uztisdev.asseco.lt/home
2025-04-07 13:21:07 [main] INFO  l.insoft.uztis.tests.FundingPageTest - Starting test:'testFundApplication'
2025-04-07 13:21:08 [main] DEBUG l.insoft.uztis.tests.FundingPageTest - User logged in with test credentials
2025-04-07 13:21:08 [main] DEBUG l.insoft.uztis.tests.FundingPageTest - Opened 'Application Processing' menu.
2025-04-07 13:21:08 [main] DEBUG l.insoft.uztis.tests.FundingPageTest - Clicked on 'Application Forms' menu.
2025-04-07 13:21:09 [main] DEBUG l.insoft.uztis.tests.FundingPageTest - Retrieved last description code text: 'TST-VUI-0'.
2025-04-07 13:21:09 [main] DEBUG l.insoft.uztis.tests.FundingPageTest - Clicked on 'Invitation' menu.
2025-04-07 13:21:10 [main] DEBUG l.insoft.uztis.tests.FundingPageTest - Selected application section by code: 'TST-VUI-0'.
2025-04-07 13:21:10 [main] DEBUG l.insoft.uztis.tests.FundingPageTest - Clicked 'Search' button.
2025-04-07 13:21:10 [main] DEBUG l.insoft.uztis.tests.FundingPageTest - Retrieved invitation code: ''.
2025-04-07 13:21:10 [main] DEBUG l.insoft.uztis.tests.FundingPageTest - Clicked on 'Funding Queue' menu.
2025-04-07 13:21:12 [main] DEBUG l.insoft.uztis.tests.FundingPageTest - Selected invitation by code: 'TST-VUI-0'.
2025-04-07 13:21:12 [main] DEBUG l.insoft.uztis.tests.FundingPageTest - Invitation code inserted.
2025-04-07 13:21:12 [main] DEBUG l.insoft.uztis.tests.FundingPageTest - Clicked 'Form'.
2025-04-07 13:21:16 [main] DEBUG l.insoft.uztis.tests.FundingPageTest - Clicked 'Finance'.
2025-04-07 13:21:26 [main] ERROR l.insoft.uztis.tests.FundingPageTest - Test 'testFundApplication' failed with error: no such element: Unable to locate element: {"method":"xpath","selector":"//mat-label[text()='Įsakymo Nr.']/ancestor::mat-form-field//input"}
  (Session info: chrome=134.0.6998.179)
For documentation on this error, please visit: https://www.selenium.dev/documentation/webdriver/troubleshooting/errors#no-such-element-exception
Build info: version: '4.27.0', revision: 'd6e718d134'
System info: os.name: 'Windows 11', os.arch: 'amd64', os.version: '10.0', java.version: '21.0.3'
Driver info: org.openqa.selenium.chrome.ChromeDriver
Command: [8c722f5e93b2a8fa5a066f7cabb2a155, findElement {using=xpath, value=//mat-label[text()='Įsakymo Nr.']/ancestor::mat-form-field//input}]
Capabilities {acceptInsecureCerts: false, browserName: chrome, browserVersion: 134.0.6998.179, chrome: {chromedriverVersion: 134.0.6998.165 (fd886e2cb29..., userDataDir: C:\Users\INGRID~1.ZAD\AppDa...}, fedcm:accounts: true, goog:chromeOptions: {debuggerAddress: localhost:62527}, networkConnectionEnabled: false, pageLoadStrategy: normal, platformName: windows, proxy: Proxy(), se:cdp: ws://localhost:62527/devtoo..., se:cdpVersion: 134.0.6998.179, setWindowRect: true, strictFileInteractability: false, timeouts: {implicit: 0, pageLoad: 300000, script: 30000}, unhandledPromptBehavior: dismiss and notify, webauthn:extension:credBlob: true, webauthn:extension:largeBlob: true, webauthn:extension:minPinLength: true, webauthn:extension:prf: true, webauthn:virtualAuthenticators: true}
Session ID: 8c722f5e93b2a8fa5a066f7cabb2a155
org.openqa.selenium.NoSuchElementException: no such element: Unable to locate element: {"method":"xpath","selector":"//mat-label[text()='Įsakymo Nr.']/ancestor::mat-form-field//input"}
  (Session info: chrome=134.0.6998.179)
For documentation on this error, please visit: https://www.selenium.dev/documentation/webdriver/troubleshooting/errors#no-such-element-exception
Build info: version: '4.27.0', revision: 'd6e718d134'
System info: os.name: 'Windows 11', os.arch: 'amd64', os.version: '10.0', java.version: '21.0.3'
Driver info: org.openqa.selenium.chrome.ChromeDriver
Command: [8c722f5e93b2a8fa5a066f7cabb2a155, findElement {using=xpath, value=//mat-label[text()='Įsakymo Nr.']/ancestor::mat-form-field//input}]
Capabilities {acceptInsecureCerts: false, browserName: chrome, browserVersion: 134.0.6998.179, chrome: {chromedriverVersion: 134.0.6998.165 (fd886e2cb29..., userDataDir: C:\Users\INGRID~1.ZAD\AppDa...}, fedcm:accounts: true, goog:chromeOptions: {debuggerAddress: localhost:62527}, networkConnectionEnabled: false, pageLoadStrategy: normal, platformName: windows, proxy: Proxy(), se:cdp: ws://localhost:62527/devtoo..., se:cdpVersion: 134.0.6998.179, setWindowRect: true, strictFileInteractability: false, timeouts: {implicit: 0, pageLoad: 300000, script: 30000}, unhandledPromptBehavior: dismiss and notify, webauthn:extension:credBlob: true, webauthn:extension:largeBlob: true, webauthn:extension:minPinLength: true, webauthn:extension:prf: true, webauthn:virtualAuthenticators: true}
Session ID: 8c722f5e93b2a8fa5a066f7cabb2a155
	at java.base/jdk.internal.reflect.DirectConstructorHandleAccessor.newInstance(DirectConstructorHandleAccessor.java:62)
	at java.base/java.lang.reflect.Constructor.newInstanceWithCaller(Constructor.java:502)
	at java.base/java.lang.reflect.Constructor.newInstance(Constructor.java:486)
	at org.openqa.selenium.remote.ErrorCodec.decode(ErrorCodec.java:167)
	at org.openqa.selenium.remote.codec.w3c.W3CHttpResponseCodec.decode(W3CHttpResponseCodec.java:138)
	at org.openqa.selenium.remote.codec.w3c.W3CHttpResponseCodec.decode(W3CHttpResponseCodec.java:50)
	at org.openqa.selenium.remote.HttpCommandExecutor.execute(HttpCommandExecutor.java:190)
	at org.openqa.selenium.remote.service.DriverCommandExecutor.invokeExecute(DriverCommandExecutor.java:216)
	at org.openqa.selenium.remote.service.DriverCommandExecutor.execute(DriverCommandExecutor.java:174)
	at org.openqa.selenium.remote.RemoteWebDriver.execute(RemoteWebDriver.java:545)
	at org.openqa.selenium.remote.ElementLocation$ElementFinder$2.findElement(ElementLocation.java:165)
	at org.openqa.selenium.remote.ElementLocation.findElement(ElementLocation.java:59)
	at org.openqa.selenium.remote.RemoteWebDriver.findElement(RemoteWebDriver.java:368)
	at org.openqa.selenium.remote.RemoteWebDriver.findElement(RemoteWebDriver.java:362)
	at org.openqa.selenium.support.pagefactory.DefaultElementLocator.findElement(DefaultElementLocator.java:68)
	at org.openqa.selenium.support.pagefactory.internal.LocatingElementHandler.invoke(LocatingElementHandler.java:38)
	at jdk.proxy2/jdk.proxy2.$Proxy14.clear(Unknown Source)
	at lt.insoft.uztis.pages.FundingPage.enterOrderNumber(FundingPage.java:56)
	at lt.insoft.uztis.tests.FundingPageTest.testFundApplication(FundingPageTest.java:106)
	at java.base/jdk.internal.reflect.DirectMethodHandleAccessor.invoke(DirectMethodHandleAccessor.java:103)
	at java.base/java.lang.reflect.Method.invoke(Method.java:580)
	at org.junit.platform.commons.util.ReflectionUtils.invokeMethod(ReflectionUtils.java:728)
	at org.junit.jupiter.engine.execution.MethodInvocation.proceed(MethodInvocation.java:60)
	at org.junit.jupiter.engine.execution.InvocationInterceptorChain$ValidatingInvocation.proceed(InvocationInterceptorChain.java:131)
	at org.junit.jupiter.engine.extension.TimeoutExtension.intercept(TimeoutExtension.java:156)
	at org.junit.jupiter.engine.extension.TimeoutExtension.interceptTestableMethod(TimeoutExtension.java:147)
	at org.junit.jupiter.engine.extension.TimeoutExtension.interceptTestMethod(TimeoutExtension.java:86)
	at org.junit.jupiter.engine.execution.InterceptingExecutableInvoker$ReflectiveInterceptorCall.lambda$ofVoidMethod$0(InterceptingExecutableInvoker.java:103)
	at org.junit.jupiter.engine.execution.InterceptingExecutableInvoker.lambda$invoke$0(InterceptingExecutableInvoker.java:93)
	at org.junit.jupiter.engine.execution.InvocationInterceptorChain$InterceptedInvocation.proceed(InvocationInterceptorChain.java:106)
	at org.junit.jupiter.engine.execution.InvocationInterceptorChain.proceed(InvocationInterceptorChain.java:64)
	at org.junit.jupiter.engine.execution.InvocationInterceptorChain.chainAndInvoke(InvocationInterceptorChain.java:45)
	at org.junit.jupiter.engine.execution.InvocationInterceptorChain.invoke(InvocationInterceptorChain.java:37)
	at org.junit.jupiter.engine.execution.InterceptingExecutableInvoker.invoke(InterceptingExecutableInvoker.java:92)
	at org.junit.jupiter.engine.execution.InterceptingExecutableInvoker.invoke(InterceptingExecutableInvoker.java:86)
	at org.junit.jupiter.engine.descriptor.TestMethodTestDescriptor.lambda$invokeTestMethod$7(TestMethodTestDescriptor.java:218)
	at org.junit.platform.engine.support.hierarchical.ThrowableCollector.execute(ThrowableCollector.java:73)
	at org.junit.jupiter.engine.descriptor.TestMethodTestDescriptor.invokeTestMethod(TestMethodTestDescriptor.java:214)
	at org.junit.jupiter.engine.descriptor.TestMethodTestDescriptor.execute(TestMethodTestDescriptor.java:139)
	at org.junit.jupiter.engine.descriptor.TestMethodTestDescriptor.execute(TestMethodTestDescriptor.java:69)
	at org.junit.platform.engine.support.hierarchical.NodeTestTask.lambda$executeRecursively$6(NodeTestTask.java:151)
	at org.junit.platform.engine.support.hierarchical.ThrowableCollector.execute(ThrowableCollector.java:73)
	at org.junit.platform.engine.support.hierarchical.NodeTestTask.lambda$executeRecursively$8(NodeTestTask.java:141)
	at org.junit.platform.engine.support.hierarchical.Node.around(Node.java:137)
	at org.junit.platform.engine.support.hierarchical.NodeTestTask.lambda$executeRecursively$9(NodeTestTask.java:139)
	at org.junit.platform.engine.support.hierarchical.ThrowableCollector.execute(ThrowableCollector.java:73)
	at org.junit.platform.engine.support.hierarchical.NodeTestTask.executeRecursively(NodeTestTask.java:138)
	at org.junit.platform.engine.support.hierarchical.NodeTestTask.execute(NodeTestTask.java:95)
	at java.base/java.util.ArrayList.forEach(ArrayList.java:1596)
	at org.junit.platform.engine.support.hierarchical.SameThreadHierarchicalTestExecutorService.invokeAll(SameThreadHierarchicalTestExecutorService.java:41)
	at org.junit.platform.engine.support.hierarchical.NodeTestTask.lambda$executeRecursively$6(NodeTestTask.java:155)
	at org.junit.platform.engine.support.hierarchical.ThrowableCollector.execute(ThrowableCollector.java:73)
	at org.junit.platform.engine.support.hierarchical.NodeTestTask.lambda$executeRecursively$8(NodeTestTask.java:141)
	at org.junit.platform.engine.support.hierarchical.Node.around(Node.java:137)
	at org.junit.platform.engine.support.hierarchical.NodeTestTask.lambda$executeRecursively$9(NodeTestTask.java:139)
	at org.junit.platform.engine.support.hierarchical.ThrowableCollector.execute(ThrowableCollector.java:73)
	at org.junit.platform.engine.support.hierarchical.NodeTestTask.executeRecursively(NodeTestTask.java:138)
	at org.junit.platform.engine.support.hierarchical.NodeTestTask.execute(NodeTestTask.java:95)
	at java.base/java.util.ArrayList.forEach(ArrayList.java:1596)
	at org.junit.platform.engine.support.hierarchical.SameThreadHierarchicalTestExecutorService.invokeAll(SameThreadHierarchicalTestExecutorService.java:41)
	at org.junit.platform.engine.support.hierarchical.NodeTestTask.lambda$executeRecursively$6(NodeTestTask.java:155)
	at org.junit.platform.engine.support.hierarchical.ThrowableCollector.execute(ThrowableCollector.java:73)
	at org.junit.platform.engine.support.hierarchical.NodeTestTask.lambda$executeRecursively$8(NodeTestTask.java:141)
	at org.junit.platform.engine.support.hierarchical.Node.around(Node.java:137)
	at org.junit.platform.engine.support.hierarchical.NodeTestTask.lambda$executeRecursively$9(NodeTestTask.java:139)
	at org.junit.platform.engine.support.hierarchical.ThrowableCollector.execute(ThrowableCollector.java:73)
	at org.junit.platform.engine.support.hierarchical.NodeTestTask.executeRecursively(NodeTestTask.java:138)
	at org.junit.platform.engine.support.hierarchical.NodeTestTask.execute(NodeTestTask.java:95)
	at org.junit.platform.engine.support.hierarchical.SameThreadHierarchicalTestExecutorService.submit(SameThreadHierarchicalTestExecutorService.java:35)
	at org.junit.platform.engine.support.hierarchical.HierarchicalTestExecutor.execute(HierarchicalTestExecutor.java:57)
	at org.junit.platform.engine.support.hierarchical.HierarchicalTestEngine.execute(HierarchicalTestEngine.java:54)
	at org.junit.platform.launcher.core.EngineExecutionOrchestrator.execute(EngineExecutionOrchestrator.java:198)
	at org.junit.platform.launcher.core.EngineExecutionOrchestrator.execute(EngineExecutionOrchestrator.java:169)
	at org.junit.platform.launcher.core.EngineExecutionOrchestrator.execute(EngineExecutionOrchestrator.java:93)
	at org.junit.platform.launcher.core.EngineExecutionOrchestrator.lambda$execute$0(EngineExecutionOrchestrator.java:58)
	at org.junit.platform.launcher.core.EngineExecutionOrchestrator.withInterceptedStreams(EngineExecutionOrchestrator.java:141)
	at org.junit.platform.launcher.core.EngineExecutionOrchestrator.execute(EngineExecutionOrchestrator.java:57)
	at org.junit.platform.launcher.core.DefaultLauncher.execute(DefaultLauncher.java:103)
	at org.junit.platform.launcher.core.DefaultLauncher.execute(DefaultLauncher.java:85)
	at org.junit.platform.launcher.core.DelegatingLauncher.execute(DelegatingLauncher.java:47)
	at org.junit.platform.launcher.core.SessionPerRequestLauncher.execute(SessionPerRequestLauncher.java:63)
	at com.intellij.junit5.JUnit5IdeaTestRunner.startRunnerWithArgs(JUnit5IdeaTestRunner.java:57)
	at com.intellij.rt.junit.IdeaTestRunner$Repeater$1.execute(IdeaTestRunner.java:38)
	at com.intellij.rt.execution.junit.TestsRepeater.repeat(TestsRepeater.java:11)
	at com.intellij.rt.junit.IdeaTestRunner$Repeater.startRunnerWithArgs(IdeaTestRunner.java:35)
	at com.intellij.rt.junit.JUnitStarter.prepareStreamsAndStart(JUnitStarter.java:232)
	at com.intellij.rt.junit.JUnitStarter.main(JUnitStarter.java:55)
2025-04-07 13:21:26 [main] INFO  l.insoft.uztis.tests.utils.TestUtils - Screenshot moved to C:\Users\ingrida.zadorozniene\Desktop\Asm\UZTIS\UZTIS_tests\test-output\screenshots\20250407\132126469_testFundApplication().png
2025-04-10 06:50:18 [main] INFO  lt.insoft.uztis.tests.UztisPageTest - Navigated to https://uztisdev.asseco.lt/home
2025-04-10 06:50:18 [main] INFO  l.i.u.tests.ApplicationFormsPageTest - Setup complete. ApplicationFormsPage initialized.
2025-04-10 06:50:18 [main] INFO  l.i.u.tests.ApplicationFormsPageTest - Starting test:'testCreateNewVuiApplication'
2025-04-10 06:50:19 [main] DEBUG l.i.u.tests.ApplicationFormsPageTest - User logged in with test credentials
2025-04-10 06:50:19 [main] DEBUG l.i.u.tests.ApplicationFormsPageTest - Opened 'Application Processing' menu.
2025-04-10 06:50:19 [main] DEBUG l.i.u.tests.ApplicationFormsPageTest - Clicked on 'Application Forms' menu.
2025-04-10 06:50:19 [main] DEBUG l.i.u.tests.ApplicationFormsPageTest - Clicked to create a new application form.
2025-04-10 06:50:20 [main] DEBUG l.i.u.tests.ApplicationFormsPageTest - Entered random application code: TST-VUI-93
2025-04-10 06:50:20 [main] DEBUG l.i.u.tests.ApplicationFormsPageTest - Selected 'Section' radio button.
2025-04-10 06:50:20 [main] INFO  l.i.uztis.pages.ApplicationFormsPage - Located the dropdown button.
2025-04-10 06:50:20 [main] INFO  l.i.uztis.pages.ApplicationFormsPage - Successfully selected the value: 'Skyrius 1'
2025-04-10 06:50:31 [main] ERROR l.i.uztis.pages.ApplicationFormsPage - Failed to close the dropdown with aria-expanded = 'false'.
2025-04-10 06:50:31 [main] DEBUG l.i.u.tests.ApplicationFormsPageTest - Selected a value from the 'Section' dropdown: 'Skyrius 1'
2025-04-10 06:50:31 [main] DEBUG l.i.u.tests.ApplicationFormsPageTest - Selected 'Budget by Municipality' option.
2025-04-10 06:50:31 [main] DEBUG l.i.u.tests.ApplicationFormsPageTest - Selected 'Financed Without Queue' option.
2025-04-10 06:50:31 [main] DEBUG l.i.u.tests.ApplicationFormsPageTest - Clicked 'Add' button.
2025-04-10 06:50:31 [main] INFO  l.i.uztis.pages.ApplicationFormsPage - Located the dropdown button.
2025-04-10 06:50:32 [main] INFO  l.i.uztis.pages.ApplicationFormsPage - Successfully selected the value: 'VUI atitiktis URP'
2025-04-10 06:50:42 [main] ERROR l.i.uztis.pages.ApplicationFormsPage - Failed to close the dropdown with aria-expanded = 'false'.
2025-04-10 06:50:42 [main] DEBUG l.i.u.tests.ApplicationFormsPageTest - Selected a value from the 'EvaluationOne' dropdown: 'VUI atitiktis URP'
2025-04-10 06:50:42 [main] INFO  l.i.uztis.pages.ApplicationFormsPage - Located the dropdown button.
2025-04-10 06:50:43 [main] INFO  l.i.uztis.pages.ApplicationFormsPage - Successfully selected the value: 'VUI atitiktis kokybės kriterijams'
2025-04-10 06:50:53 [main] ERROR l.i.uztis.pages.ApplicationFormsPage - Failed to close the dropdown with aria-expanded = 'false'.
2025-04-10 06:50:53 [main] DEBUG l.i.u.tests.ApplicationFormsPageTest - Selected a value from the 'EvaluationTwon' dropdown: 'VUI atitiktis kokybės kriterijams'
2025-04-10 06:50:53 [main] INFO  l.i.uztis.pages.ApplicationFormsPage - Located the dropdown button.
2025-04-10 06:50:54 [main] INFO  l.i.uztis.pages.ApplicationFormsPage - Successfully selected the value: 'VUI gynimo vertinimo forma'
2025-04-10 06:51:05 [main] ERROR l.i.uztis.pages.ApplicationFormsPage - Failed to close the dropdown with aria-expanded = 'false'.
2025-04-10 06:51:05 [main] DEBUG l.i.u.tests.ApplicationFormsPageTest - Selected a value from the 'EvaluationThree' dropdown: 'VUI gynimo vertinimo forma'
2025-04-10 06:51:05 [main] DEBUG l.i.u.tests.ApplicationFormsPageTest - Clicked 'Plus' button.
2025-04-10 06:51:05 [main] DEBUG l.i.u.tests.ApplicationFormsPageTest - Clicked 'Add' button seven times.
2025-04-10 06:51:05 [main] INFO  l.i.uztis.pages.ApplicationFormsPage - Processing dropdown index: 0
2025-04-10 06:51:16 [main] ERROR l.i.uztis.pages.ApplicationFormsPage - Timeout while waiting for dropdown to close at index: 0 with aria-expanded = 'false'
2025-04-10 06:51:16 [main] INFO  l.i.uztis.pages.ApplicationFormsPage - Processing dropdown index: 1
2025-04-10 06:51:26 [main] ERROR l.i.uztis.pages.ApplicationFormsPage - Timeout while waiting for dropdown to close at index: 1 with aria-expanded = 'false'
2025-04-10 06:51:26 [main] INFO  l.i.uztis.pages.ApplicationFormsPage - Processing dropdown index: 2
2025-04-10 06:51:37 [main] ERROR l.i.uztis.pages.ApplicationFormsPage - Timeout while waiting for dropdown to close at index: 2 with aria-expanded = 'false'
2025-04-10 06:51:37 [main] INFO  l.i.uztis.pages.ApplicationFormsPage - Processing dropdown index: 3
2025-04-10 06:51:47 [main] ERROR l.i.uztis.pages.ApplicationFormsPage - Timeout while waiting for dropdown to close at index: 3 with aria-expanded = 'false'
2025-04-10 06:51:47 [main] INFO  l.i.uztis.pages.ApplicationFormsPage - Processing dropdown index: 4
2025-04-10 06:51:57 [main] ERROR l.i.uztis.pages.ApplicationFormsPage - Timeout while waiting for dropdown to close at index: 4 with aria-expanded = 'false'
2025-04-10 06:51:57 [main] INFO  l.i.uztis.pages.ApplicationFormsPage - Processing dropdown index: 5
2025-04-10 06:52:08 [main] ERROR l.i.uztis.pages.ApplicationFormsPage - Timeout while waiting for dropdown to close at index: 5 with aria-expanded = 'false'
2025-04-10 06:52:08 [main] INFO  l.i.uztis.pages.ApplicationFormsPage - Processing dropdown index: 6
2025-04-10 06:52:18 [main] ERROR l.i.uztis.pages.ApplicationFormsPage - Timeout while waiting for dropdown to close at index: 6 with aria-expanded = 'false'
2025-04-10 06:52:18 [main] INFO  l.i.uztis.pages.ApplicationFormsPage - Processing dropdown index: 7
2025-04-10 06:52:29 [main] ERROR l.i.uztis.pages.ApplicationFormsPage - Timeout while waiting for dropdown to close at index: 7 with aria-expanded = 'false'
2025-04-10 06:52:29 [main] INFO  l.i.uztis.pages.ApplicationFormsPage - Processing input field index: 0
2025-04-10 06:52:29 [main] INFO  l.i.uztis.pages.ApplicationFormsPage - Entered value '50' into field index: 0
2025-04-10 06:52:29 [main] INFO  l.i.uztis.pages.ApplicationFormsPage - Processing input field index: 1
2025-04-10 06:52:29 [main] INFO  l.i.uztis.pages.ApplicationFormsPage - Entered value '924' into field index: 1
2025-04-10 06:52:29 [main] INFO  l.i.uztis.pages.ApplicationFormsPage - Processing input field index: 2
2025-04-10 06:52:29 [main] INFO  l.i.uztis.pages.ApplicationFormsPage - Entered value '31' into field index: 2
2025-04-10 06:52:29 [main] INFO  l.i.uztis.pages.ApplicationFormsPage - Processing input field index: 3
2025-04-10 06:52:30 [main] INFO  l.i.uztis.pages.ApplicationFormsPage - Entered value '4.7' into field index: 3
2025-04-10 06:52:30 [main] INFO  l.i.uztis.pages.ApplicationFormsPage - Processing input field index: 4
2025-04-10 06:52:30 [main] INFO  l.i.uztis.pages.ApplicationFormsPage - Entered value '35' into field index: 4
2025-04-10 06:52:30 [main] INFO  l.i.uztis.pages.ApplicationFormsPage - Processing input field index: 5
2025-04-10 06:52:30 [main] INFO  l.i.uztis.pages.ApplicationFormsPage - Entered value '20' into field index: 5
2025-04-10 06:52:30 [main] INFO  l.i.uztis.pages.ApplicationFormsPage - Processing input field index: 6
2025-04-10 06:52:30 [main] INFO  l.i.uztis.pages.ApplicationFormsPage - Entered value '30' into field index: 6
2025-04-10 06:52:30 [main] INFO  l.i.uztis.pages.ApplicationFormsPage - Processing input field index: 7
2025-04-10 06:52:30 [main] INFO  l.i.uztis.pages.ApplicationFormsPage - Entered value '60' into field index: 7
2025-04-10 06:52:30 [main] DEBUG l.i.u.tests.ApplicationFormsPageTest - Entered additional values and text.
2025-04-10 06:52:30 [main] DEBUG l.i.u.tests.ApplicationFormsPageTest - Entered application name: VUI paraiška
2025-04-10 06:52:30 [main] DEBUG l.i.u.tests.ApplicationFormsPageTest - Clicked the 'Save' button.
2025-04-10 06:52:31 [main] DEBUG l.i.uztis.pages.ApplicationFormsPage - Verified success message: 'Duomenys sėkmingai išsaugoti.'
2025-04-10 06:52:31 [main] INFO  l.i.u.tests.ApplicationFormsPageTest - Verified success message
2025-04-10 06:52:31 [main] INFO  l.i.u.tests.ApplicationFormsPageTest - Verified that the 'Save Form' button is displayed.
2025-04-10 06:52:31 [main] INFO  l.i.u.tests.ApplicationFormsPageTest - Test 'testCreateNewVuiApplication' completed successfully.
2025-04-10 06:53:08 [main] INFO  lt.insoft.uztis.tests.UztisPageTest - Navigated to https://uztisdev.asseco.lt/home
2025-04-10 06:53:08 [main] INFO  l.i.u.tests.ApplicationFormsPageTest - Setup complete. ApplicationFormsPage initialized.
2025-04-10 06:53:08 [main] INFO  l.i.u.tests.ApplicationFormsPageTest - Starting test:'testEditAndSaveVuiApplication'
2025-04-10 06:53:08 [main] DEBUG l.i.u.tests.ApplicationFormsPageTest - User logged in with test credentials
2025-04-10 06:53:09 [main] DEBUG l.i.u.tests.ApplicationFormsPageTest - Opened 'Application Processing' menu.
2025-04-10 06:53:09 [main] DEBUG l.i.u.tests.ApplicationFormsPageTest - Clicked on 'Application Forms' menu.
2025-04-10 06:53:09 [main] DEBUG l.i.u.tests.ApplicationFormsPageTest - Selected the last application description.
2025-04-10 06:53:10 [main] DEBUG l.i.u.tests.ApplicationFormsPageTest - Clicked the 'Edit' button.
2025-04-10 06:53:10 [main] DEBUG l.i.u.tests.ApplicationFormsPageTest - Selected 'Municipality' radio button.
2025-04-10 06:53:10 [main] INFO  l.i.uztis.pages.ApplicationFormsPage - Located the dropdown button.
2025-04-10 06:53:10 [main] INFO  l.i.uztis.pages.ApplicationFormsPage - Successfully selected the value: 'Kauno departamentas'
2025-04-10 06:53:20 [main] ERROR l.i.uztis.pages.ApplicationFormsPage - Failed to close the dropdown with aria-expanded = 'false'.
2025-04-10 06:53:20 [main] DEBUG l.i.u.tests.ApplicationFormsPageTest - Selected a value from the 'Municipality' dropdown: 'Kauno departamentas'
2025-04-10 06:53:21 [main] DEBUG l.i.u.tests.ApplicationFormsPageTest - Selected 'Budget By Country' radio button.
2025-04-10 06:53:21 [main] DEBUG l.i.u.tests.ApplicationFormsPageTest - Selected 'Financed By Queue' radio button.
2025-04-10 06:53:21 [main] DEBUG l.i.u.tests.ApplicationFormsPageTest - Entered new application name: _paredaguota
2025-04-10 06:53:21 [main] DEBUG l.i.u.tests.ApplicationFormsPageTest - Clicked the 'Save' button.
2025-04-10 06:53:21 [main] DEBUG l.i.uztis.pages.ApplicationFormsPage - Verified success message: 'Duomenys sėkmingai išsaugoti.'
2025-04-10 06:53:21 [main] INFO  l.i.u.tests.ApplicationFormsPageTest - Verified success message
2025-04-10 06:53:21 [main] INFO  l.i.u.tests.ApplicationFormsPageTest - Test 'testEditAndSaveVuiApplication' completed successfully.
2025-04-10 06:53:35 [main] INFO  lt.insoft.uztis.tests.UztisPageTest - Navigated to https://uztisdev.asseco.lt/home
2025-04-10 06:53:35 [main] INFO  l.i.u.tests.ApplicationFormsPageTest - Setup complete. ApplicationFormsPage initialized.
2025-04-10 06:53:35 [main] INFO  l.i.u.tests.ApplicationFormsPageTest - Starting test:'testAddContractVUI'
2025-04-10 06:53:35 [main] DEBUG l.i.u.tests.ApplicationFormsPageTest - User logged in with test credentials
2025-04-10 06:53:36 [main] DEBUG l.i.u.tests.ApplicationFormsPageTest - Opened 'Application Processing' menu.
2025-04-10 06:53:36 [main] DEBUG l.i.u.tests.ApplicationFormsPageTest - Clicked on 'Application Forms' menu.
2025-04-10 06:53:36 [main] DEBUG l.i.u.tests.ApplicationFormsPageTest - Selected the last application description.
2025-04-10 06:53:36 [main] DEBUG l.i.u.tests.ApplicationFormsPageTest - Clicked 'Project Progress' tab.
2025-04-10 06:53:37 [main] DEBUG l.i.u.tests.ApplicationFormsPageTest - Clicked the 'Edit' button.
2025-04-10 06:53:37 [main] INFO  l.i.uztis.pages.ApplicationFormsPage - Located the dropdown button.
2025-04-10 06:53:42 [main] INFO  l.i.uztis.pages.ApplicationFormsPage - Successfully selected the value: 'Vietinių užimtumo iniciatyvų projekto įgyvendinimo ir finansavimo sutartis'
2025-04-10 06:53:52 [main] ERROR l.i.uztis.pages.ApplicationFormsPage - Failed to close the dropdown with aria-expanded = 'false'.
2025-04-10 06:53:52 [main] DEBUG l.i.u.tests.ApplicationFormsPageTest - Selected a value from the 'Document' dropdown: 'Vietinių užimtumo iniciatyvų projekto įgyvendinimo ir finansavimo sutartis'
2025-04-10 06:53:52 [main] DEBUG l.i.u.tests.ApplicationFormsPageTest - Clicked the 'Save' button.
2025-04-10 06:53:52 [main] ERROR l.i.uztis.pages.ApplicationFormsPage - Failed to verify the success message: 'Funkcija sėkmingai atlikta.'. Available messages: [Duomenys sėkmingai išsaugoti.]
2025-04-10 06:53:52 [main] INFO  l.i.u.tests.ApplicationFormsPageTest - Verified success message
2025-04-10 06:53:52 [main] INFO  l.i.u.tests.ApplicationFormsPageTest - Test 'testAddContractVUI' completed successfully.
2025-04-10 06:54:10 [main] INFO  lt.insoft.uztis.tests.UztisPageTest - Navigated to https://uztisdev.asseco.lt/home
2025-04-10 06:54:10 [main] INFO  l.i.uztis.tests.InvitationsPageTest - Starting test:'testCreateNewVuiInvitationDraft'
2025-04-10 06:54:10 [main] DEBUG l.i.uztis.tests.InvitationsPageTest - User logged in with test credentials
2025-04-10 06:54:11 [main] DEBUG l.i.uztis.tests.InvitationsPageTest - Opened 'Application Processing' menu.
2025-04-10 06:54:11 [main] DEBUG l.i.uztis.tests.InvitationsPageTest - Clicked on 'Application Forms' menu.
2025-04-10 06:54:11 [main] DEBUG l.i.uztis.tests.InvitationsPageTest - Navigating to application forms menu.
2025-04-10 06:54:11 [main] DEBUG l.i.uztis.tests.InvitationsPageTest - Retrieved last description code text: 'TST-VUI-93'.
2025-04-10 06:54:11 [main] DEBUG l.i.uztis.tests.InvitationsPageTest - Clicked on 'Invitation' menu.
2025-04-10 06:54:11 [main] DEBUG l.i.uztis.tests.InvitationsPageTest - Clicked 'Create New Application Form'.
2025-04-10 06:54:13 [main] DEBUG l.i.uztis.tests.InvitationsPageTest - Selected section by code: 'TST-VUI-93'.
2025-04-10 06:54:13 [main] INFO  l.insoft.uztis.pages.InvitationsPage - Located the dropdown button.
2025-04-10 06:54:24 [main] ERROR l.insoft.uztis.pages.InvitationsPage - Timeout while waiting for dropdown to close with aria-expanded = 'false'.
2025-04-10 06:54:24 [main] DEBUG l.i.uztis.tests.InvitationsPageTest - Selected invitation number from the list.
2025-04-10 06:54:24 [main] DEBUG l.i.uztis.tests.InvitationsPageTest - Entered current date.
2025-04-10 06:54:24 [main] DEBUG l.i.uztis.tests.InvitationsPageTest - Entered start time: 00:00.
2025-04-10 06:54:25 [main] DEBUG l.i.uztis.tests.InvitationsPageTest - Entered end date.
2025-04-10 06:54:25 [main] DEBUG l.i.uztis.tests.InvitationsPageTest - Entered end time: 11:11.
2025-04-10 06:54:25 [main] DEBUG l.i.uztis.tests.InvitationsPageTest - Draft saved.
2025-04-10 06:54:26 [main] DEBUG l.i.uztis.pages.ApplicationFormsPage - Verified success message: 'Duomenys sėkmingai išsaugoti.'
2025-04-10 06:54:26 [main] INFO  l.i.uztis.tests.InvitationsPageTest - Verified success message
2025-04-10 06:54:26 [main] INFO  l.i.uztis.tests.InvitationsPageTest - Test 'testCreateNewVuiInvitationDraft' completed successfully.
2025-04-10 06:54:36 [main] INFO  lt.insoft.uztis.tests.UztisPageTest - Navigated to https://uztisdev.asseco.lt/home
2025-04-10 06:54:36 [main] INFO  l.i.uztis.tests.InvitationsPageTest - Starting test:'testEditAndPublishVuiInvitationDraft'
2025-04-10 06:54:37 [main] DEBUG l.i.uztis.tests.InvitationsPageTest - User logged in with test credentials
2025-04-10 06:54:38 [main] DEBUG l.i.uztis.tests.InvitationsPageTest - Opened 'Application Processing' menu.
2025-04-10 06:54:38 [main] DEBUG l.i.uztis.tests.InvitationsPageTest - Clicked on 'Application Forms' menu.
2025-04-10 06:54:38 [main] DEBUG l.i.uztis.tests.InvitationsPageTest - Navigating to application forms menu.
2025-04-10 06:54:38 [main] DEBUG l.i.uztis.tests.InvitationsPageTest - Retrieved last description code text: 'TST-VUI-93'.
2025-04-10 06:54:38 [main] DEBUG l.i.uztis.tests.InvitationsPageTest - Clicked on 'Invitation' menu.
2025-04-10 06:54:40 [main] DEBUG l.i.uztis.tests.InvitationsPageTest - Selected section by code: 'TST-VUI-93'.
2025-04-10 06:54:40 [main] DEBUG l.i.uztis.tests.InvitationsPageTest - Clicked 'Search'.
2025-04-10 06:54:40 [main] DEBUG l.i.uztis.tests.InvitationsPageTest - Getting and inserting application code text.
2025-04-10 06:54:40 [main] DEBUG l.i.uztis.tests.InvitationsPageTest - Clicked 'InvitationDraft'.
2025-04-10 06:54:41 [main] DEBUG l.i.uztis.tests.InvitationsPageTest - Clicked 'Edit'.
2025-04-10 06:54:41 [main] DEBUG l.i.uztis.tests.InvitationsPageTest - Entered publication end date.
2025-04-10 06:54:42 [main] DEBUG l.i.uztis.tests.InvitationsPageTest - Added additional values.
2025-04-10 06:54:42 [main] INFO  l.insoft.uztis.pages.InvitationsPage - Located the dropdown button.
2025-04-10 06:54:42 [main] DEBUG l.i.uztis.tests.InvitationsPageTest - Selected the value: 'Didžiausia galima paramos suma aplinkos darbo vietai, Eur'
2025-04-10 06:54:42 [main] INFO  l.insoft.uztis.pages.InvitationsPage - Located the dropdown button.
2025-04-10 06:54:42 [main] DEBUG l.i.uztis.tests.InvitationsPageTest - Selected the value: 'Didžiausia galima paramos suma, Eur'
2025-04-10 06:54:42 [main] INFO  l.insoft.uztis.pages.InvitationsPage - Located the dropdown button.
2025-04-10 06:54:43 [main] DEBUG l.i.uztis.tests.InvitationsPageTest - Selected the value: 'Didžiausia galima paramos suma vienai darbo vietai, Eur'
2025-04-10 06:54:43 [main] DEBUG l.i.uztis.tests.InvitationsPageTest - Entered value: 11000
2025-04-10 06:54:43 [main] DEBUG l.i.uztis.tests.InvitationsPageTest - Entered value: 12000
2025-04-10 06:54:43 [main] DEBUG l.i.uztis.tests.InvitationsPageTest - Entered value: 13000
2025-04-10 06:54:44 [main] DEBUG l.i.uztis.tests.InvitationsPageTest - Checked 'Legal Entities' checkbox.
2025-04-10 06:54:44 [main] DEBUG l.i.uztis.tests.InvitationsPageTest - Checked 'Legal Entities' checkbox.
2025-04-10 06:54:44 [main] DEBUG l.i.uztis.tests.InvitationsPageTest - Unchecked 'Persons Registered with Employment Service' checkbox.
2025-04-10 06:54:44 [main] DEBUG l.i.uztis.tests.InvitationsPageTest - Checked 'Persons Registered as Employers' checkbox.
2025-04-10 06:54:44 [main] DEBUG l.i.uztis.tests.InvitationsPageTest - Entered second evaluation grade: '5'.
2025-04-10 06:54:44 [main] DEBUG l.i.uztis.tests.InvitationsPageTest - Entered third evaluation grade: '6'.
2025-04-10 06:54:44 [main] DEBUG l.i.uztis.tests.InvitationsPageTest - Entered second evaluation grade weight: '0,45'.
2025-04-10 06:54:45 [main] DEBUG l.i.uztis.tests.InvitationsPageTest - Entered third evaluation grade weight: '0,55'.
2025-04-10 06:54:45 [main] DEBUG l.i.uztis.tests.InvitationsPageTest - Entered budget: '2000'.
2025-04-10 06:54:45 [main] DEBUG l.i.uztis.tests.InvitationsPageTest - Entered description text: 'Aprašo tekstas'.
2025-04-10 06:54:45 [main] DEBUG l.i.uztis.tests.InvitationsPageTest - Entered applicants text: 'Pareiškėjų tekstas'.
2025-04-10 06:54:45 [main] DEBUG l.i.uztis.tests.InvitationsPageTest - Entered expenditures text: 'Išlaidų tekstas'.
2025-04-10 06:54:45 [main] DEBUG l.i.uztis.tests.InvitationsPageTest - Entered legislation text: 'Teisės aktų tekstas'.
2025-04-10 06:54:46 [main] DEBUG l.i.uztis.tests.InvitationsPageTest - Entered education text: 'Mokymų tekstas'.
2025-04-10 06:54:46 [main] DEBUG l.i.uztis.tests.InvitationsPageTest - File uploaded.
2025-04-10 06:54:46 [main] DEBUG l.i.uztis.tests.InvitationsPageTest - Clicked 'Publish'.
2025-04-10 06:54:46 [main] DEBUG l.i.uztis.tests.InvitationsPageTest - Publication confirmed.
2025-04-10 06:54:47 [main] DEBUG l.i.uztis.pages.ApplicationFormsPage - Verified success message: 'Funkcija sėkmingai atlikta.'
2025-04-10 06:54:47 [main] INFO  l.i.uztis.tests.InvitationsPageTest - Verified success message
2025-04-10 06:54:47 [main] INFO  l.i.uztis.tests.InvitationsPageTest - Test 'testEditAndPublishVuiInvitationDraft' completed successfully.
2025-04-10 06:55:03 [main] INFO  lt.insoft.uztis.tests.UztisPageTest - Navigated to https://uztisdev.asseco.lt/home
2025-04-10 06:55:04 [main] INFO  l.i.uztis.tests.InvitationsPageTest - Starting test:'testInsertVui_PvkStatisticInformation'
2025-04-10 06:55:04 [main] DEBUG l.i.uztis.tests.InvitationsPageTest - User logged in with test credentials
2025-04-10 06:55:05 [main] DEBUG l.i.uztis.tests.InvitationsPageTest - Opened 'Application Processing' menu.
2025-04-10 06:55:05 [main] DEBUG l.i.uztis.tests.InvitationsPageTest - Clicked on 'Application Forms' menu.
2025-04-10 06:55:05 [main] DEBUG l.i.uztis.tests.InvitationsPageTest - Navigating to invitation forms menu.
2025-04-10 06:55:05 [main] DEBUG l.i.uztis.tests.InvitationsPageTest - Retrieved last description code text: 'TST-VUI-93'.
2025-04-10 06:55:05 [main] DEBUG l.i.uztis.tests.InvitationsPageTest - Clicked on 'Invitation' menu.
2025-04-10 06:55:07 [main] DEBUG l.i.uztis.tests.InvitationsPageTest - Selected section by code: 'TST-VUI-93'.
2025-04-10 06:55:07 [main] DEBUG l.i.uztis.tests.InvitationsPageTest - Clicked 'Search'.
2025-04-10 06:55:07 [main] DEBUG l.i.uztis.tests.InvitationsPageTest - Getting and inserting application code text.
2025-04-10 06:55:07 [main] DEBUG l.i.uztis.tests.InvitationsPageTest - Clicked 'Publishing'.
2025-04-10 06:55:08 [main] DEBUG l.i.uztis.tests.InvitationsPageTest - Clicked 'Statistic Information' tab.
2025-04-10 06:55:08 [main] DEBUG l.i.uztis.tests.InvitationsPageTest - Clicked 'Edit' button.
2025-04-10 06:55:08 [main] DEBUG l.i.uztis.tests.InvitationsPageTest - Entered current date.
2025-04-10 06:55:08 [main] DEBUG l.i.uztis.tests.InvitationsPageTest - Entered value: 8.7
2025-04-10 06:55:08 [main] DEBUG l.i.uztis.tests.InvitationsPageTest - Entered average salary: 2237.9
2025-04-10 06:55:08 [main] DEBUG l.i.uztis.tests.InvitationsPageTest - File uploaded.
2025-04-10 06:55:08 [main] DEBUG l.i.uztis.tests.InvitationsPageTest - Clicked 'Save' button.
2025-04-10 06:55:10 [main] DEBUG l.i.uztis.pages.ApplicationFormsPage - Verified success message: 'Funkcija sėkmingai atlikta.'
2025-04-10 06:55:10 [main] INFO  l.i.uztis.tests.InvitationsPageTest - Verified success message
2025-04-10 06:55:10 [main] INFO  l.i.uztis.tests.InvitationsPageTest - Test 'testInsertVui_PvkStatisticInformation' completed successfully.
2025-04-10 06:55:42 [main] INFO  lt.insoft.uztis.tests.UztisPageTest - Navigated to https://uztisdev.asseco.lt/home
2025-04-10 06:55:42 [main] INFO  l.i.u.t.SubmittedApplicationsPageTest - Starting test:'testFillNewVUIPApplicationFA'
2025-04-10 06:55:43 [main] DEBUG l.i.u.t.SubmittedApplicationsPageTest - User logged in with test credentials.
2025-04-10 06:55:43 [main] DEBUG l.i.u.t.SubmittedApplicationsPageTest - Opened 'Application Processing' menu.
2025-04-10 06:55:43 [main] DEBUG l.i.u.t.SubmittedApplicationsPageTest - Clicked on 'Application Forms' menu.
2025-04-10 06:55:44 [main] DEBUG l.i.u.t.SubmittedApplicationsPageTest - Retrieved last description code text: 'TST-VUI-93'.
2025-04-10 06:55:44 [main] DEBUG l.i.u.t.SubmittedApplicationsPageTest - Clicked on 'Invitation' menu.
2025-04-10 06:55:45 [main] DEBUG l.i.u.t.SubmittedApplicationsPageTest - Selected application section by code: 'TST-VUI-93'.
2025-04-10 06:55:45 [main] DEBUG l.i.u.t.SubmittedApplicationsPageTest - Clicked 'Search' button.
2025-04-10 06:55:45 [main] DEBUG l.i.u.t.SubmittedApplicationsPageTest - Retrieved invitation code: ''.
2025-04-10 06:55:46 [main] DEBUG l.i.u.t.SubmittedApplicationsPageTest - Clicked on 'Submitted Applications' menu.
2025-04-10 06:55:47 [main] DEBUG l.i.u.t.SubmittedApplicationsPageTest - Selected invitation by code: 'TST-VUI-93'.
2025-04-10 06:55:47 [main] DEBUG l.i.u.t.SubmittedApplicationsPageTest - Invitation code inserted.
2025-04-10 06:55:47 [main] DEBUG l.i.u.t.SubmittedApplicationsPageTest - Clicked on 'Action Application' button.
2025-04-10 06:55:48 [main] DEBUG l.i.u.t.SubmittedApplicationsPageTest - Clicked on 'New Application' button.
2025-04-10 06:55:48 [main] DEBUG l.i.u.t.SubmittedApplicationsPageTest - Selected the 'RadioButtonFA' option.
2025-04-10 06:55:48 [main] DEBUG l.i.u.t.SubmittedApplicationsPageTest - Entered phone number: '61298745'.
2025-04-10 06:55:48 [main] DEBUG l.i.u.t.SubmittedApplicationsPageTest - Entered email: 'test@autotest.com'.
2025-04-10 06:55:48 [main] INFO  l.i.u.p.SubmittedApplicationsPage - Clicking on the dropdown button.
2025-04-10 06:56:07 [main] INFO  l.i.u.p.SubmittedApplicationsPage - Found 1741 options in the dropdown.
2025-04-10 06:56:07 [main] DEBUG l.i.u.p.SubmittedApplicationsPage - Checking option: ''
2025-04-10 06:56:07 [main] DEBUG l.i.u.p.SubmittedApplicationsPage - Checking option: '01.11 - Grūdinių (išskyrus ryžius), ankštinių ir aliejingų sėklų augalų auginimas'
2025-04-10 06:56:07 [main] INFO  l.i.u.p.SubmittedApplicationsPage - Successfully selected the value: '01.11 - Grūdinių (išskyrus ryžius), ankštinių ir aliejingų sėklų augalų auginimas'
2025-04-10 06:56:07 [main] INFO  l.i.u.p.SubmittedApplicationsPage - Attempting to close the dropdown.
2025-04-10 06:56:08 [main] DEBUG l.i.u.t.SubmittedApplicationsPageTest - Selected EVRK value: '01.11 - Grūdinių (išskyrus ryžius), ankštinių ir aliejingų sėklų augalų auginimas'.
2025-04-10 06:56:08 [main] DEBUG l.i.u.t.SubmittedApplicationsPageTest - Clicked on 'Address Component' button.
2025-04-10 06:56:08 [main] INFO  l.i.u.p.SubmittedApplicationsPage - Located the dropdown button.
2025-04-10 06:56:12 [main] INFO  l.i.u.p.SubmittedApplicationsPage - Successfully selected the value: 'Lietuva'
2025-04-10 06:56:12 [main] DEBUG l.i.u.t.SubmittedApplicationsPageTest - Selected country: 'Lietuva'.
2025-04-10 06:56:12 [main] INFO  l.i.u.p.SubmittedApplicationsPage - Located the dropdown search field.
2025-04-10 06:56:12 [main] INFO  l.i.u.p.SubmittedApplicationsPage - Dropdown city is opened.
2025-04-10 06:56:13 [main] INFO  l.i.u.p.SubmittedApplicationsPage - Searched for value: 'Vilnius'
2025-04-10 06:56:13 [main] INFO  l.i.u.p.SubmittedApplicationsPage - Successfully selected: 'Vilnius'
2025-04-10 06:56:14 [main] INFO  l.i.u.p.SubmittedApplicationsPage - Located the dropdown button.
2025-04-10 06:56:14 [main] INFO  l.i.u.p.SubmittedApplicationsPage - Successfully selected the value: 'A. Domaševičiaus g.'
2025-04-10 06:56:14 [main] DEBUG l.i.u.t.SubmittedApplicationsPageTest - Selected street: 'A. Domaševičiaus g.'.
2025-04-10 06:56:14 [main] INFO  l.i.u.p.SubmittedApplicationsPage - Located the dropdown button.
2025-04-10 06:56:15 [main] INFO  l.i.u.p.SubmittedApplicationsPage - Successfully selected the value: '1'
2025-04-10 06:56:15 [main] DEBUG l.i.u.t.SubmittedApplicationsPageTest - Selected house: '1'.
2025-04-10 06:56:15 [main] INFO  l.i.u.p.SubmittedApplicationsPage - Located the dropdown button.
2025-04-10 06:56:15 [main] INFO  l.i.u.p.SubmittedApplicationsPage - Successfully selected the value: '1'
2025-04-10 06:56:15 [main] DEBUG l.i.u.t.SubmittedApplicationsPageTest - Selected apartment: '1'.
2025-04-10 06:56:15 [main] DEBUG l.i.u.t.SubmittedApplicationsPageTest - Clicked 'Confirm' button.
2025-04-10 06:56:15 [main] DEBUG l.i.u.t.SubmittedApplicationsPageTest - Entered project date.
2025-04-10 06:56:15 [main] DEBUG l.i.u.t.SubmittedApplicationsPageTest - Entered job count: '1'.
2025-04-10 06:56:16 [main] DEBUG l.i.u.t.SubmittedApplicationsPageTest - Clicked 'Next' button.
2025-04-10 06:56:16 [main] INFO  l.i.u.p.SubmittedApplicationsPage - Located the dropdown button.
2025-04-10 06:56:16 [main] INFO  l.i.u.p.SubmittedApplicationsPage - Successfully selected the value: 'Administratoriai'
2025-04-10 06:56:16 [main] DEBUG l.i.u.t.SubmittedApplicationsPageTest - Selected job name: 'Administratoriai'.
2025-04-10 06:56:17 [main] DEBUG l.i.u.t.SubmittedApplicationsPageTest - Entered job function: 'Funkcija 1'.
2025-04-10 06:56:17 [main] DEBUG l.i.u.t.SubmittedApplicationsPageTest - Selected 'RadioButtonWithDisabilities' option.
2025-04-10 06:56:17 [main] INFO  l.i.u.p.SubmittedApplicationsPage - Clicking on the dropdown button.
2025-04-10 06:56:18 [main] INFO  l.i.u.p.SubmittedApplicationsPage - Found 34 options in the dropdown.
2025-04-10 06:56:18 [main] DEBUG l.i.u.p.SubmittedApplicationsPage - Checking option: 'Asmenys, kuriems suteiktas pabėgėlio statusas ar perkeliamojo asmens statusas, arba asmenys, kuriems suteikta papildoma ar laikinoji apsauga, ir asmenys, turintys teisę gauti laikinąją apsaugą, iki sprendimo dėl laikinosios apsaugos suteikimo (nesuteikimo) priėmimo, tačiau ne ilgiau kaip laikinosios apsaugos laikotarpiu'
2025-04-10 06:56:18 [main] DEBUG l.i.u.p.SubmittedApplicationsPage - Checking option: 'Asmenys, kuriems suteiktas pabėgėlio statusas ar perkeliamojo asmens statusas, arba asmenys, kuriems suteikta papildoma ar laikinoji apsauga, ir asmenys, turintys teisę gauti laikinąją apsaugą, iki sprendimo dėl laikinosios apsaugos suteikimo (nesuteikimo) priėmimo, tačiau ne ilgiau kaip laikinosios apsaugos laikotarpiu'
2025-04-10 06:56:18 [main] DEBUG l.i.u.p.SubmittedApplicationsPage - Checking option: 'Asmenys, turintys teisę į papildomas užimtumo garantijas pagal Lietuvos Respublikos valstybės įmonės Ignalinos atominės elektrinės darbuotojų papildomų užimtumo ir socialinių garantijų įstatymą'
2025-04-10 06:56:18 [main] DEBUG l.i.u.p.SubmittedApplicationsPage - Checking option: 'Asmenys, turintys teisę į papildomas užimtumo garantijas pagal Lietuvos Respublikos valstybės įmonės Ignalinos atominės elektrinės darbuotojų papildomų užimtumo ir socialinių garantijų įstatymą'
2025-04-10 06:56:18 [main] DEBUG l.i.u.p.SubmittedApplicationsPage - Checking option: 'Bedarbiai iki 29 metų'
2025-04-10 06:56:18 [main] DEBUG l.i.u.p.SubmittedApplicationsPage - Checking option: 'Bedarbiai iki 29 metų'
2025-04-10 06:56:18 [main] DEBUG l.i.u.p.SubmittedApplicationsPage - Checking option: 'Bedarbiai, kurie yra darbingo amžiaus neįgalieji, kuriems nustatytas 30–40 procentų darbingumo lygis arba vidutinis neįgalumo lygis'
2025-04-10 06:56:18 [main] DEBUG l.i.u.p.SubmittedApplicationsPage - Checking option: 'Bedarbiai, kurie yra darbingo amžiaus neįgalieji, kuriems nustatytas 30–40 procentų darbingumo lygis arba vidutinis neįgalumo lygis'
2025-04-10 06:56:18 [main] DEBUG l.i.u.p.SubmittedApplicationsPage - Checking option: 'Bedarbiai, kurie yra darbingo amžiaus neįgalieji, kuriems nustatytas 45–55 procentų darbingumo lygis arba lengvas neįgalumo lygis'
2025-04-10 06:56:18 [main] DEBUG l.i.u.p.SubmittedApplicationsPage - Checking option: 'Bedarbiai, kurie yra darbingo amžiaus neįgalieji, kuriems nustatytas 45–55 procentų darbingumo lygis arba lengvas neįgalumo lygis'
2025-04-10 06:56:18 [main] DEBUG l.i.u.p.SubmittedApplicationsPage - Checking option: 'Bedarbiai, kurie yra darbingo amžiaus neįgalieji, kuriems nustatytas iki 25 procentų darbingumo lygis arba sunkus neįgalumo lygis'
2025-04-10 06:56:18 [main] INFO  l.i.u.p.SubmittedApplicationsPage - Successfully selected the value: 'Bedarbiai, kurie yra darbingo amžiaus neįgalieji, kuriems nustatytas iki 25 procentų darbingumo lygis arba sunkus neįgalumo lygis'
2025-04-10 06:56:18 [main] INFO  l.i.u.p.SubmittedApplicationsPage - Attempting to close the dropdown.
2025-04-10 06:56:19 [main] DEBUG l.i.u.t.SubmittedApplicationsPageTest - Selected disabilities type: 'Bedarbiai, kurie yra darbingo amžiaus neįgalieji, kuriems nustatytas iki 25 procentų darbingumo lygis arba sunkus neįgalumo lygis'.
2025-04-10 06:56:19 [main] DEBUG l.i.u.t.SubmittedApplicationsPageTest - Entered disability information: 'Negalia 1'.
2025-04-10 06:56:19 [main] INFO  l.i.u.p.SubmittedApplicationsPage - Located the dropdown button.
2025-04-10 06:56:20 [main] INFO  l.i.u.p.SubmittedApplicationsPage - Successfully selected the value: 'Kita'
2025-04-10 06:56:20 [main] DEBUG l.i.u.t.SubmittedApplicationsPageTest - Selected time mode: 'Kita'.
2025-04-10 06:56:20 [main] DEBUG l.i.u.t.SubmittedApplicationsPageTest - Selected time mode other: '6 val. per dieną ir 4 d. per savaitę'.
2025-04-10 06:56:20 [main] DEBUG l.i.u.t.SubmittedApplicationsPageTest - Entered qualification: 'Kvalifikacija 1'.
2025-04-10 06:56:21 [main] DEBUG l.i.u.t.SubmittedApplicationsPageTest - Entered job date.
2025-04-10 06:56:21 [main] DEBUG l.i.u.t.SubmittedApplicationsPageTest - Entered salary amount: '1200'.
2025-04-10 06:56:21 [main] DEBUG l.i.u.t.SubmittedApplicationsPageTest - Entered salary description: 'Užmokestis 1'.
2025-04-10 06:56:21 [main] DEBUG l.i.u.t.SubmittedApplicationsPageTest - Selected 'Temporary Job' radio button.
2025-04-10 06:56:21 [main] DEBUG l.i.u.t.SubmittedApplicationsPageTest - Selected 'Season Job' radio button.
2025-04-10 06:56:21 [main] DEBUG l.i.u.t.SubmittedApplicationsPageTest - Selected 'Energy' radio button.
2025-04-10 06:56:22 [main] DEBUG l.i.u.t.SubmittedApplicationsPageTest - Selected 'Repair' radio button.
2025-04-10 06:56:22 [main] DEBUG l.i.u.t.SubmittedApplicationsPageTest - Entered job description: 'Veikla 1'.
2025-04-10 06:56:22 [main] DEBUG l.i.u.t.SubmittedApplicationsPageTest - Entered process description: 'Procesas 1'.
2025-04-10 06:56:22 [main] DEBUG l.i.u.t.SubmittedApplicationsPageTest - Entered energy information: 'Energija 1'.
2025-04-10 06:56:22 [main] DEBUG l.i.u.t.SubmittedApplicationsPageTest - Entered repair information: 'Remontas 1'.
2025-04-10 06:56:23 [main] DEBUG l.i.u.t.SubmittedApplicationsPageTest - Selected 'PVM' radio button.
2025-04-10 06:56:23 [main] INFO  l.i.u.p.SubmittedApplicationsPage - Located the dropdown button.
2025-04-10 06:56:23 [main] INFO  l.i.u.p.SubmittedApplicationsPage - Successfully selected the value: 'Įsigyti'
2025-04-10 06:56:23 [main] DEBUG l.i.u.t.SubmittedApplicationsPageTest - Selected necessary for job: 'Įsigyti'.
2025-04-10 06:56:23 [main] DEBUG l.i.u.t.SubmittedApplicationsPageTest - Selected tool: 'Darbo priemonė 1'.
2025-04-10 06:56:23 [main] DEBUG l.i.u.t.SubmittedApplicationsPageTest - Selected tool parameter one: 'Darbo priemonės 1 parametras 1'.
2025-04-10 06:56:24 [main] DEBUG l.i.u.t.SubmittedApplicationsPageTest - Selected tool parameter two: 'Darbo priemonės 1 parametras 2'.
2025-04-10 06:56:24 [main] DEBUG l.i.u.t.SubmittedApplicationsPageTest - Selected tool parameter three: 'Darbo priemonės 1 parametras 3'.
2025-04-10 06:56:24 [main] DEBUG l.i.u.t.SubmittedApplicationsPageTest - Entered tool count: '1'.
2025-04-10 06:56:24 [main] DEBUG l.i.u.t.SubmittedApplicationsPageTest - Entered price amount 1: '1000'.
2025-04-10 06:56:27 [main] DEBUG l.i.u.t.SubmittedApplicationsPageTest - Entered own funds amount 1: '800'.
2025-04-10 06:56:29 [main] DEBUG l.i.u.t.SubmittedApplicationsPageTest - Clicked 'Add' button.
2025-04-10 06:56:29 [main] INFO  l.i.u.p.SubmittedApplicationsPage - Located the dropdown button.
2025-04-10 06:56:30 [main] INFO  l.i.u.p.SubmittedApplicationsPage - Successfully selected the value: 'Remontuoti'
2025-04-10 06:56:30 [main] DEBUG l.i.u.t.SubmittedApplicationsPageTest - Selected necessary for job 'to repair': 'Remontuoti'.
2025-04-10 06:56:30 [main] DEBUG l.i.u.t.SubmittedApplicationsPageTest - Selected repair name: 'Remonto pavadinimas 1'.
2025-04-10 06:56:30 [main] DEBUG l.i.u.t.SubmittedApplicationsPageTest - Entered repair information: 'Remonto aprašymas 1'.
2025-04-10 06:56:30 [main] DEBUG l.i.u.t.SubmittedApplicationsPageTest - Entered price amount 2: '1000'.
2025-04-10 06:56:32 [main] DEBUG l.i.u.t.SubmittedApplicationsPageTest - Entered own funds amount 2: '900'.
2025-04-10 06:56:35 [main] DEBUG l.i.u.t.SubmittedApplicationsPageTest - Clicked 'AddRemoved' button.
2025-04-10 06:56:37 [main] DEBUG l.i.u.t.SubmittedApplicationsPageTest - Clicked 'Remove' button.
2025-04-10 06:56:39 [main] DEBUG l.i.u.t.SubmittedApplicationsPageTest - Clicked 'Remove Confirmation' button.
2025-04-10 06:56:41 [main] DEBUG l.i.u.t.SubmittedApplicationsPageTest - Entered country percentage: '50'.
2025-04-10 06:56:41 [main] DEBUG l.i.u.t.SubmittedApplicationsPageTest - Entered institution percentage: '50'.
2025-04-10 06:56:41 [main] DEBUG l.i.u.t.SubmittedApplicationsPageTest - Entered municipality percentage: '50'.
2025-04-10 06:56:42 [main] DEBUG l.i.u.t.SubmittedApplicationsPageTest - Selected 'De Minimis' radio button.
2025-04-10 06:56:42 [main] DEBUG l.i.u.t.SubmittedApplicationsPageTest - Entered program name: 'Programa 1'.
2025-04-10 06:56:42 [main] DEBUG l.i.u.t.SubmittedApplicationsPageTest - Entered project date from.
2025-04-10 06:56:42 [main] DEBUG l.i.u.t.SubmittedApplicationsPageTest - Entered project date until.
2025-04-10 06:56:42 [main] DEBUG l.i.u.t.SubmittedApplicationsPageTest - Entered support amount: '2000'.
2025-04-10 06:56:42 [main] DEBUG l.i.u.t.SubmittedApplicationsPageTest - Clicked 'Next' button.
2025-04-10 06:56:52 [main] DEBUG l.i.u.t.SubmittedApplicationsPageTest - Checked 'Legal Entities' checkbox 1.
2025-04-10 06:57:03 [main] DEBUG l.i.u.t.SubmittedApplicationsPageTest - Checked 'Legal Entities' checkbox 2.
2025-04-10 06:57:13 [main] DEBUG l.i.u.t.SubmittedApplicationsPageTest - Checked 'Legal Entities' checkbox 3.
2025-04-10 06:57:13 [main] DEBUG l.i.u.t.SubmittedApplicationsPageTest - Test finished: All 'Legal Entities' checkboxes checked successfully.
2025-04-10 06:57:13 [main] DEBUG l.i.u.t.SubmittedApplicationsPageTest - Clicked 'Next' button after checkboxes.
2025-04-10 06:57:23 [main] ERROR l.i.u.p.SubmittedApplicationsPage - Error selecting radio button: Expected condition failed: waiting for element to be clickable: By.xpath: (//input[@type='radio' and @value='false'])[8] (tried for 10 second(s) with 500 milliseconds interval)
Build info: version: '4.27.0', revision: 'd6e718d134'
System info: os.name: 'Windows 11', os.arch: 'amd64', os.version: '10.0', java.version: '21.0.3'
Driver info: org.openqa.selenium.chrome.ChromeDriver
Capabilities {acceptInsecureCerts: false, browserName: chrome, browserVersion: 135.0.7049.43, chrome: {chromedriverVersion: 135.0.7049.84 (6c019e560019..., userDataDir: C:\Users\INGRID~1.ZAD\AppDa...}, fedcm:accounts: true, goog:chromeOptions: {debuggerAddress: localhost:52794}, networkConnectionEnabled: false, pageLoadStrategy: normal, platformName: windows, proxy: Proxy(), se:cdp: ws://localhost:52794/devtoo..., se:cdpVersion: 135.0.7049.43, setWindowRect: true, strictFileInteractability: false, timeouts: {implicit: 0, pageLoad: 300000, script: 30000}, unhandledPromptBehavior: dismiss and notify, webauthn:extension:credBlob: true, webauthn:extension:largeBlob: true, webauthn:extension:minPinLength: true, webauthn:extension:prf: true, webauthn:virtualAuthenticators: true}
Session ID: 9e1abeed49055a65ea4827c59042b6a6
2025-04-10 06:57:23 [main] INFO  l.i.u.t.SubmittedApplicationsPageTest - Marking 'Ne' radio button 1
2025-04-10 06:57:33 [main] ERROR l.i.u.p.SubmittedApplicationsPage - Error selecting radio button: Expected condition failed: waiting for element to be clickable: By.xpath: (//input[@type='radio' and @value='false'])[9] (tried for 10 second(s) with 500 milliseconds interval)
Build info: version: '4.27.0', revision: 'd6e718d134'
System info: os.name: 'Windows 11', os.arch: 'amd64', os.version: '10.0', java.version: '21.0.3'
Driver info: org.openqa.selenium.chrome.ChromeDriver
Capabilities {acceptInsecureCerts: false, browserName: chrome, browserVersion: 135.0.7049.43, chrome: {chromedriverVersion: 135.0.7049.84 (6c019e560019..., userDataDir: C:\Users\INGRID~1.ZAD\AppDa...}, fedcm:accounts: true, goog:chromeOptions: {debuggerAddress: localhost:52794}, networkConnectionEnabled: false, pageLoadStrategy: normal, platformName: windows, proxy: Proxy(), se:cdp: ws://localhost:52794/devtoo..., se:cdpVersion: 135.0.7049.43, setWindowRect: true, strictFileInteractability: false, timeouts: {implicit: 0, pageLoad: 300000, script: 30000}, unhandledPromptBehavior: dismiss and notify, webauthn:extension:credBlob: true, webauthn:extension:largeBlob: true, webauthn:extension:minPinLength: true, webauthn:extension:prf: true, webauthn:virtualAuthenticators: true}
Session ID: 9e1abeed49055a65ea4827c59042b6a6
2025-04-10 06:57:33 [main] INFO  l.i.u.t.SubmittedApplicationsPageTest - Marking 'Ne' radio button 2
2025-04-10 06:57:43 [main] ERROR l.i.u.p.SubmittedApplicationsPage - Error selecting radio button: Expected condition failed: waiting for element to be clickable: By.xpath: (//input[@type='radio' and @value='false'])[10] (tried for 10 second(s) with 500 milliseconds interval)
Build info: version: '4.27.0', revision: 'd6e718d134'
System info: os.name: 'Windows 11', os.arch: 'amd64', os.version: '10.0', java.version: '21.0.3'
Driver info: org.openqa.selenium.chrome.ChromeDriver
Capabilities {acceptInsecureCerts: false, browserName: chrome, browserVersion: 135.0.7049.43, chrome: {chromedriverVersion: 135.0.7049.84 (6c019e560019..., userDataDir: C:\Users\INGRID~1.ZAD\AppDa...}, fedcm:accounts: true, goog:chromeOptions: {debuggerAddress: localhost:52794}, networkConnectionEnabled: false, pageLoadStrategy: normal, platformName: windows, proxy: Proxy(), se:cdp: ws://localhost:52794/devtoo..., se:cdpVersion: 135.0.7049.43, setWindowRect: true, strictFileInteractability: false, timeouts: {implicit: 0, pageLoad: 300000, script: 30000}, unhandledPromptBehavior: dismiss and notify, webauthn:extension:credBlob: true, webauthn:extension:largeBlob: true, webauthn:extension:minPinLength: true, webauthn:extension:prf: true, webauthn:virtualAuthenticators: true}
Session ID: 9e1abeed49055a65ea4827c59042b6a6
2025-04-10 06:57:43 [main] INFO  l.i.u.t.SubmittedApplicationsPageTest - Marking 'Ne' radio button 3
2025-04-10 06:57:53 [main] ERROR l.i.u.p.SubmittedApplicationsPage - Error selecting radio button: Expected condition failed: waiting for element to be clickable: By.xpath: (//input[@type='radio' and @value='false'])[11] (tried for 10 second(s) with 500 milliseconds interval)
Build info: version: '4.27.0', revision: 'd6e718d134'
System info: os.name: 'Windows 11', os.arch: 'amd64', os.version: '10.0', java.version: '21.0.3'
Driver info: org.openqa.selenium.chrome.ChromeDriver
Capabilities {acceptInsecureCerts: false, browserName: chrome, browserVersion: 135.0.7049.43, chrome: {chromedriverVersion: 135.0.7049.84 (6c019e560019..., userDataDir: C:\Users\INGRID~1.ZAD\AppDa...}, fedcm:accounts: true, goog:chromeOptions: {debuggerAddress: localhost:52794}, networkConnectionEnabled: false, pageLoadStrategy: normal, platformName: windows, proxy: Proxy(), se:cdp: ws://localhost:52794/devtoo..., se:cdpVersion: 135.0.7049.43, setWindowRect: true, strictFileInteractability: false, timeouts: {implicit: 0, pageLoad: 300000, script: 30000}, unhandledPromptBehavior: dismiss and notify, webauthn:extension:credBlob: true, webauthn:extension:largeBlob: true, webauthn:extension:minPinLength: true, webauthn:extension:prf: true, webauthn:virtualAuthenticators: true}
Session ID: 9e1abeed49055a65ea4827c59042b6a6
2025-04-10 06:57:53 [main] INFO  l.i.u.t.SubmittedApplicationsPageTest - Marking 'Ne' radio button 4
2025-04-10 06:58:03 [main] ERROR l.i.u.p.SubmittedApplicationsPage - Error selecting radio button: Expected condition failed: waiting for element to be clickable: By.xpath: (//input[@type='radio' and @value='false'])[12] (tried for 10 second(s) with 500 milliseconds interval)
Build info: version: '4.27.0', revision: 'd6e718d134'
System info: os.name: 'Windows 11', os.arch: 'amd64', os.version: '10.0', java.version: '21.0.3'
Driver info: org.openqa.selenium.chrome.ChromeDriver
Capabilities {acceptInsecureCerts: false, browserName: chrome, browserVersion: 135.0.7049.43, chrome: {chromedriverVersion: 135.0.7049.84 (6c019e560019..., userDataDir: C:\Users\INGRID~1.ZAD\AppDa...}, fedcm:accounts: true, goog:chromeOptions: {debuggerAddress: localhost:52794}, networkConnectionEnabled: false, pageLoadStrategy: normal, platformName: windows, proxy: Proxy(), se:cdp: ws://localhost:52794/devtoo..., se:cdpVersion: 135.0.7049.43, setWindowRect: true, strictFileInteractability: false, timeouts: {implicit: 0, pageLoad: 300000, script: 30000}, unhandledPromptBehavior: dismiss and notify, webauthn:extension:credBlob: true, webauthn:extension:largeBlob: true, webauthn:extension:minPinLength: true, webauthn:extension:prf: true, webauthn:virtualAuthenticators: true}
Session ID: 9e1abeed49055a65ea4827c59042b6a6
2025-04-10 06:58:03 [main] INFO  l.i.u.t.SubmittedApplicationsPageTest - Marking 'Ne' radio button 5
2025-04-10 06:58:13 [main] ERROR l.i.u.p.SubmittedApplicationsPage - Error selecting radio button: Expected condition failed: waiting for element to be clickable: By.xpath: (//input[@type='radio' and @value='false'])[13] (tried for 10 second(s) with 500 milliseconds interval)
Build info: version: '4.27.0', revision: 'd6e718d134'
System info: os.name: 'Windows 11', os.arch: 'amd64', os.version: '10.0', java.version: '21.0.3'
Driver info: org.openqa.selenium.chrome.ChromeDriver
Capabilities {acceptInsecureCerts: false, browserName: chrome, browserVersion: 135.0.7049.43, chrome: {chromedriverVersion: 135.0.7049.84 (6c019e560019..., userDataDir: C:\Users\INGRID~1.ZAD\AppDa...}, fedcm:accounts: true, goog:chromeOptions: {debuggerAddress: localhost:52794}, networkConnectionEnabled: false, pageLoadStrategy: normal, platformName: windows, proxy: Proxy(), se:cdp: ws://localhost:52794/devtoo..., se:cdpVersion: 135.0.7049.43, setWindowRect: true, strictFileInteractability: false, timeouts: {implicit: 0, pageLoad: 300000, script: 30000}, unhandledPromptBehavior: dismiss and notify, webauthn:extension:credBlob: true, webauthn:extension:largeBlob: true, webauthn:extension:minPinLength: true, webauthn:extension:prf: true, webauthn:virtualAuthenticators: true}
Session ID: 9e1abeed49055a65ea4827c59042b6a6
2025-04-10 06:58:13 [main] INFO  l.i.u.t.SubmittedApplicationsPageTest - Marking 'Ne' radio button 6
2025-04-10 06:58:24 [main] ERROR l.i.u.p.SubmittedApplicationsPage - Error selecting radio button: Expected condition failed: waiting for element to be clickable: By.xpath: (//input[@type='radio' and @value='true'])[14] (tried for 10 second(s) with 500 milliseconds interval)
Build info: version: '4.27.0', revision: 'd6e718d134'
System info: os.name: 'Windows 11', os.arch: 'amd64', os.version: '10.0', java.version: '21.0.3'
Driver info: org.openqa.selenium.chrome.ChromeDriver
Capabilities {acceptInsecureCerts: false, browserName: chrome, browserVersion: 135.0.7049.43, chrome: {chromedriverVersion: 135.0.7049.84 (6c019e560019..., userDataDir: C:\Users\INGRID~1.ZAD\AppDa...}, fedcm:accounts: true, goog:chromeOptions: {debuggerAddress: localhost:52794}, networkConnectionEnabled: false, pageLoadStrategy: normal, platformName: windows, proxy: Proxy(), se:cdp: ws://localhost:52794/devtoo..., se:cdpVersion: 135.0.7049.43, setWindowRect: true, strictFileInteractability: false, timeouts: {implicit: 0, pageLoad: 300000, script: 30000}, unhandledPromptBehavior: dismiss and notify, webauthn:extension:credBlob: true, webauthn:extension:largeBlob: true, webauthn:extension:minPinLength: true, webauthn:extension:prf: true, webauthn:virtualAuthenticators: true}
Session ID: 9e1abeed49055a65ea4827c59042b6a6
2025-04-10 06:58:24 [main] INFO  l.i.u.t.SubmittedApplicationsPageTest - Marking 'Taip' radio button 7
2025-04-10 06:58:34 [main] ERROR l.i.u.p.SubmittedApplicationsPage - Error selecting radio button: Expected condition failed: waiting for element to be clickable: By.xpath: (//input[@type='radio' and @value='true'])[15] (tried for 10 second(s) with 500 milliseconds interval)
Build info: version: '4.27.0', revision: 'd6e718d134'
System info: os.name: 'Windows 11', os.arch: 'amd64', os.version: '10.0', java.version: '21.0.3'
Driver info: org.openqa.selenium.chrome.ChromeDriver
Capabilities {acceptInsecureCerts: false, browserName: chrome, browserVersion: 135.0.7049.43, chrome: {chromedriverVersion: 135.0.7049.84 (6c019e560019..., userDataDir: C:\Users\INGRID~1.ZAD\AppDa...}, fedcm:accounts: true, goog:chromeOptions: {debuggerAddress: localhost:52794}, networkConnectionEnabled: false, pageLoadStrategy: normal, platformName: windows, proxy: Proxy(), se:cdp: ws://localhost:52794/devtoo..., se:cdpVersion: 135.0.7049.43, setWindowRect: true, strictFileInteractability: false, timeouts: {implicit: 0, pageLoad: 300000, script: 30000}, unhandledPromptBehavior: dismiss and notify, webauthn:extension:credBlob: true, webauthn:extension:largeBlob: true, webauthn:extension:minPinLength: true, webauthn:extension:prf: true, webauthn:virtualAuthenticators: true}
Session ID: 9e1abeed49055a65ea4827c59042b6a6
2025-04-10 06:58:34 [main] INFO  l.i.u.t.SubmittedApplicationsPageTest - Marking 'Taip' radio button 8
2025-04-10 06:58:44 [main] ERROR l.i.u.p.SubmittedApplicationsPage - Error selecting radio button: Expected condition failed: waiting for element to be clickable: By.xpath: (//input[@type='radio' and @value='true'])[16] (tried for 10 second(s) with 500 milliseconds interval)
Build info: version: '4.27.0', revision: 'd6e718d134'
System info: os.name: 'Windows 11', os.arch: 'amd64', os.version: '10.0', java.version: '21.0.3'
Driver info: org.openqa.selenium.chrome.ChromeDriver
Capabilities {acceptInsecureCerts: false, browserName: chrome, browserVersion: 135.0.7049.43, chrome: {chromedriverVersion: 135.0.7049.84 (6c019e560019..., userDataDir: C:\Users\INGRID~1.ZAD\AppDa...}, fedcm:accounts: true, goog:chromeOptions: {debuggerAddress: localhost:52794}, networkConnectionEnabled: false, pageLoadStrategy: normal, platformName: windows, proxy: Proxy(), se:cdp: ws://localhost:52794/devtoo..., se:cdpVersion: 135.0.7049.43, setWindowRect: true, strictFileInteractability: false, timeouts: {implicit: 0, pageLoad: 300000, script: 30000}, unhandledPromptBehavior: dismiss and notify, webauthn:extension:credBlob: true, webauthn:extension:largeBlob: true, webauthn:extension:minPinLength: true, webauthn:extension:prf: true, webauthn:virtualAuthenticators: true}
Session ID: 9e1abeed49055a65ea4827c59042b6a6
2025-04-10 06:58:44 [main] INFO  l.i.u.t.SubmittedApplicationsPageTest - Marking 'Taip' radio button 9
2025-04-10 06:58:54 [main] ERROR l.i.u.p.SubmittedApplicationsPage - Error selecting radio button: Expected condition failed: waiting for element to be clickable: By.xpath: (//input[@type='radio' and @value='true'])[17] (tried for 10 second(s) with 500 milliseconds interval)
Build info: version: '4.27.0', revision: 'd6e718d134'
System info: os.name: 'Windows 11', os.arch: 'amd64', os.version: '10.0', java.version: '21.0.3'
Driver info: org.openqa.selenium.chrome.ChromeDriver
Capabilities {acceptInsecureCerts: false, browserName: chrome, browserVersion: 135.0.7049.43, chrome: {chromedriverVersion: 135.0.7049.84 (6c019e560019..., userDataDir: C:\Users\INGRID~1.ZAD\AppDa...}, fedcm:accounts: true, goog:chromeOptions: {debuggerAddress: localhost:52794}, networkConnectionEnabled: false, pageLoadStrategy: normal, platformName: windows, proxy: Proxy(), se:cdp: ws://localhost:52794/devtoo..., se:cdpVersion: 135.0.7049.43, setWindowRect: true, strictFileInteractability: false, timeouts: {implicit: 0, pageLoad: 300000, script: 30000}, unhandledPromptBehavior: dismiss and notify, webauthn:extension:credBlob: true, webauthn:extension:largeBlob: true, webauthn:extension:minPinLength: true, webauthn:extension:prf: true, webauthn:virtualAuthenticators: true}
Session ID: 9e1abeed49055a65ea4827c59042b6a6
2025-04-10 06:58:54 [main] INFO  l.i.u.t.SubmittedApplicationsPageTest - Marking 'Taip' radio button 10
2025-04-10 06:59:04 [main] ERROR l.i.u.p.SubmittedApplicationsPage - Error selecting radio button: Expected condition failed: waiting for element to be clickable: By.xpath: (//input[@type='radio' and @value='true'])[18] (tried for 10 second(s) with 500 milliseconds interval)
Build info: version: '4.27.0', revision: 'd6e718d134'
System info: os.name: 'Windows 11', os.arch: 'amd64', os.version: '10.0', java.version: '21.0.3'
Driver info: org.openqa.selenium.chrome.ChromeDriver
Capabilities {acceptInsecureCerts: false, browserName: chrome, browserVersion: 135.0.7049.43, chrome: {chromedriverVersion: 135.0.7049.84 (6c019e560019..., userDataDir: C:\Users\INGRID~1.ZAD\AppDa...}, fedcm:accounts: true, goog:chromeOptions: {debuggerAddress: localhost:52794}, networkConnectionEnabled: false, pageLoadStrategy: normal, platformName: windows, proxy: Proxy(), se:cdp: ws://localhost:52794/devtoo..., se:cdpVersion: 135.0.7049.43, setWindowRect: true, strictFileInteractability: false, timeouts: {implicit: 0, pageLoad: 300000, script: 30000}, unhandledPromptBehavior: dismiss and notify, webauthn:extension:credBlob: true, webauthn:extension:largeBlob: true, webauthn:extension:minPinLength: true, webauthn:extension:prf: true, webauthn:virtualAuthenticators: true}
Session ID: 9e1abeed49055a65ea4827c59042b6a6
2025-04-10 06:59:04 [main] INFO  l.i.u.t.SubmittedApplicationsPageTest - Marking 'Taip' radio button 11
2025-04-10 06:59:14 [main] ERROR l.i.u.p.SubmittedApplicationsPage - Error selecting radio button: Expected condition failed: waiting for element to be clickable: By.xpath: (//input[@type='radio' and @value='true'])[19] (tried for 10 second(s) with 500 milliseconds interval)
Build info: version: '4.27.0', revision: 'd6e718d134'
System info: os.name: 'Windows 11', os.arch: 'amd64', os.version: '10.0', java.version: '21.0.3'
Driver info: org.openqa.selenium.chrome.ChromeDriver
Capabilities {acceptInsecureCerts: false, browserName: chrome, browserVersion: 135.0.7049.43, chrome: {chromedriverVersion: 135.0.7049.84 (6c019e560019..., userDataDir: C:\Users\INGRID~1.ZAD\AppDa...}, fedcm:accounts: true, goog:chromeOptions: {debuggerAddress: localhost:52794}, networkConnectionEnabled: false, pageLoadStrategy: normal, platformName: windows, proxy: Proxy(), se:cdp: ws://localhost:52794/devtoo..., se:cdpVersion: 135.0.7049.43, setWindowRect: true, strictFileInteractability: false, timeouts: {implicit: 0, pageLoad: 300000, script: 30000}, unhandledPromptBehavior: dismiss and notify, webauthn:extension:credBlob: true, webauthn:extension:largeBlob: true, webauthn:extension:minPinLength: true, webauthn:extension:prf: true, webauthn:virtualAuthenticators: true}
Session ID: 9e1abeed49055a65ea4827c59042b6a6
2025-04-10 06:59:14 [main] INFO  l.i.u.t.SubmittedApplicationsPageTest - Marking 'Taip' radio button 12
2025-04-10 06:59:24 [main] DEBUG l.i.u.t.SubmittedApplicationsPageTest - Checked 'ConfirmationStepFour'
2025-04-10 06:59:24 [main] DEBUG l.i.u.t.SubmittedApplicationsPageTest - Clicked 'Next' button after checkboxes.
2025-04-10 06:59:24 [main] INFO  l.i.u.p.SubmittedApplicationsPage - File uploaded successfully to an input element.
2025-04-10 06:59:24 [main] INFO  l.i.u.p.SubmittedApplicationsPage - File uploaded successfully to an input element.
2025-04-10 06:59:25 [main] INFO  l.i.u.p.SubmittedApplicationsPage - File uploaded successfully to an input element.
2025-04-10 06:59:25 [main] INFO  l.i.u.p.SubmittedApplicationsPage - File uploaded successfully to an input element.
2025-04-10 06:59:25 [main] INFO  l.i.u.p.SubmittedApplicationsPage - File uploaded successfully to an input element.
2025-04-10 06:59:25 [main] INFO  l.i.u.p.SubmittedApplicationsPage - File uploaded successfully to an input element.
2025-04-10 06:59:25 [main] INFO  l.i.u.p.SubmittedApplicationsPage - File uploaded successfully to an input element.
2025-04-10 06:59:25 [main] INFO  l.i.u.p.SubmittedApplicationsPage - File uploaded successfully to an input element.
2025-04-10 06:59:25 [main] INFO  l.i.u.p.SubmittedApplicationsPage - File uploaded successfully to an input element.
2025-04-10 06:59:25 [main] INFO  l.i.u.p.SubmittedApplicationsPage - File uploaded successfully to an input element.
2025-04-10 06:59:25 [main] DEBUG l.i.u.t.SubmittedApplicationsPageTest - Entered program name: 'Dokumentas 1'.
2025-04-10 06:59:25 [main] DEBUG l.i.u.t.SubmittedApplicationsPageTest - Entered program name: 'Dokumentas 2'.
2025-04-10 06:59:25 [main] DEBUG l.i.u.t.SubmittedApplicationsPageTest - Entered program name: 'Dokumentas 3'.
2025-04-10 06:59:26 [main] DEBUG l.i.u.t.SubmittedApplicationsPageTest - Entered program name: 'Dokumentas 4'.
2025-04-10 06:59:26 [main] DEBUG l.i.u.t.SubmittedApplicationsPageTest - Entered program name: 'Dokumentas 5'.
2025-04-10 06:59:26 [main] DEBUG l.i.u.t.SubmittedApplicationsPageTest - Entered program name: 'Dokumentas 6'.
2025-04-10 06:59:26 [main] DEBUG l.i.u.t.SubmittedApplicationsPageTest - Entered program name: 'Dokumentas 4'.
2025-04-10 06:59:26 [main] DEBUG l.i.u.t.SubmittedApplicationsPageTest - Entered program name: 'Dokumentas 8'.
2025-04-10 06:59:26 [main] DEBUG l.i.u.t.SubmittedApplicationsPageTest - Entered program name: 'Dokumentas 9'.
2025-04-10 06:59:26 [main] DEBUG l.i.u.t.SubmittedApplicationsPageTest - Entered program name: 'Dokumentas 10'.
2025-04-10 06:59:37 [main] DEBUG l.i.u.t.SubmittedApplicationsPageTest - Checked 'ConfirmationDocument'
2025-04-10 06:59:47 [main] DEBUG l.i.u.t.SubmittedApplicationsPageTest - Checked 'ConfirmationApplication'
2025-04-10 06:59:47 [main] DEBUG l.i.u.t.SubmittedApplicationsPageTest - Clicked 'SaveDraft' button after checkboxes.
2025-04-10 06:59:47 [main] DEBUG l.i.uztis.pages.ApplicationFormsPage - Verified success message: 'Ruošinys sėkmingai išsaugotas.'
2025-04-10 06:59:47 [main] INFO  l.i.u.t.SubmittedApplicationsPageTest - Verified success message
2025-04-10 06:59:47 [main] DEBUG l.i.u.t.SubmittedApplicationsPageTest - Clicked 'Review' button after checkboxes.
2025-04-10 06:59:49 [main] DEBUG l.i.u.t.SubmittedApplicationsPageTest - Clicked 'Submit' button after checkboxes.
2025-04-10 06:59:49 [main] DEBUG l.i.u.t.SubmittedApplicationsPageTest - Clicked 'SubmitConfirmation' button after checkboxes.
2025-04-10 06:59:49 [main] ERROR l.i.uztis.pages.ApplicationFormsPage - Failed to verify the success message: 'Paraiška sėkmingai pateikta ir užregistruota.'. Available messages: [Ruošinys sėkmingai išsaugotas.]
2025-04-10 06:59:49 [main] INFO  l.i.u.t.SubmittedApplicationsPageTest - Test 'testFillNewVUIApplicationFA' completed successfully.
2025-04-10 07:00:11 [main] INFO  lt.insoft.uztis.tests.UztisPageTest - Navigated to https://uztisdev.asseco.lt/home
2025-04-10 07:00:11 [main] INFO  l.i.u.t.SubmittedApplicationsPageTest - Starting test:'testAddEvaluators'
2025-04-10 07:00:12 [main] DEBUG l.i.u.t.SubmittedApplicationsPageTest - User logged in with test credentials.
2025-04-10 07:00:12 [main] DEBUG l.i.u.t.SubmittedApplicationsPageTest - Opened 'Application Processing' menu.
2025-04-10 07:00:13 [main] DEBUG l.i.u.t.SubmittedApplicationsPageTest - Clicked on 'Application Forms' menu.
2025-04-10 07:00:13 [main] DEBUG l.i.u.t.SubmittedApplicationsPageTest - Retrieved last description code text: 'TST-VUI-93'.
2025-04-10 07:00:13 [main] DEBUG l.i.u.t.SubmittedApplicationsPageTest - Clicked on 'Invitation' menu.
2025-04-10 07:00:15 [main] DEBUG l.i.u.t.SubmittedApplicationsPageTest - Selected application section by code: 'TST-VUI-93'.
2025-04-10 07:00:15 [main] DEBUG l.i.u.t.SubmittedApplicationsPageTest - Clicked 'Search' button.
2025-04-10 07:00:15 [main] DEBUG l.i.u.t.SubmittedApplicationsPageTest - Retrieved invitation code: ''.
2025-04-10 07:00:15 [main] DEBUG l.i.u.t.SubmittedApplicationsPageTest - Clicked on 'Submitted Applications' menu.
2025-04-10 07:00:17 [main] DEBUG l.i.u.t.SubmittedApplicationsPageTest - Selected invitation by code: 'TST-VUI-93'.
2025-04-10 07:00:17 [main] DEBUG l.i.u.t.SubmittedApplicationsPageTest - Invitation code inserted.
2025-04-10 07:00:17 [main] DEBUG l.i.u.t.SubmittedApplicationsPageTest - Clicked on 'Action Application' button.
2025-04-10 07:00:17 [main] DEBUG l.i.u.t.SubmittedApplicationsPageTest - Clicked on 'Add Evaluators' button.
2025-04-10 07:00:18 [main] DEBUG l.i.u.t.SubmittedApplicationsPageTest - Entered first evaluation date.
2025-04-10 07:00:18 [main] DEBUG l.i.u.t.SubmittedApplicationsPageTest - Entered second evaluation date.
2025-04-10 07:00:18 [main] DEBUG l.i.u.t.SubmittedApplicationsPageTest - Entered third evaluation date.
2025-04-10 07:00:18 [main] DEBUG l.i.u.t.SubmittedApplicationsPageTest - Clicked on 'Add Evaluators' confirmation button.
2025-04-10 07:00:18 [main] DEBUG l.i.uztis.pages.ApplicationFormsPage - Verified success message: 'Paraiškų vertinimai sėkmingai priskirti vertintojams.'
2025-04-10 07:00:18 [main] INFO  l.i.u.t.SubmittedApplicationsPageTest - Verified success message
2025-04-10 07:00:18 [main] INFO  l.i.u.t.SubmittedApplicationsPageTest - Test 'testAddEvaluators' completed successfully.
2025-04-10 07:00:34 [main] INFO  lt.insoft.uztis.tests.UztisPageTest - Navigated to https://uztisdev.asseco.lt/home
2025-04-10 07:00:35 [main] INFO  l.i.uztis.tests.EvaluationsPageTest - Starting test:'testFillSaveDraftEvaluationOne'
2025-04-10 07:00:35 [main] INFO  l.i.uztis.tests.EvaluationsPageTest - Starting test:'testNavigateToEvaluationsPage'
2025-04-10 07:00:35 [main] DEBUG l.i.uztis.tests.EvaluationsPageTest - User logged in with test credentials
2025-04-10 07:00:36 [main] DEBUG l.i.uztis.tests.EvaluationsPageTest - Opened 'Application Processing' menu.
2025-04-10 07:00:36 [main] DEBUG l.i.uztis.tests.EvaluationsPageTest - Clicked on 'Evaluations' menu.
2025-04-10 07:00:36 [main] DEBUG l.i.uztis.tests.EvaluationsPageTest - Navigating to evaluations menu.
2025-04-10 07:00:36 [main] INFO  l.i.uztis.tests.EvaluationsPageTest - Test 'testNavigateToEvaluationsPage' completed successfully.
2025-04-10 07:00:36 [main] DEBUG l.i.uztis.tests.EvaluationsPageTest - Clicked on last evaluation.
2025-04-10 07:00:37 [main] DEBUG l.i.uztis.tests.EvaluationsPageTest - Clicked 'Edit'.
2025-04-10 07:00:39 [main] DEBUG l.i.uztis.tests.EvaluationsPageTest - Selected '1.1' radio button.
2025-04-10 07:00:41 [main] DEBUG l.i.uztis.tests.EvaluationsPageTest - Selected '1.2' radio button.
2025-04-10 07:00:42 [main] DEBUG l.i.uztis.tests.EvaluationsPageTest - Selected '1.3' radio button.
2025-04-10 07:00:43 [main] DEBUG l.i.uztis.tests.EvaluationsPageTest - Selected '1.4' radio button.
2025-04-10 07:00:43 [main] DEBUG l.i.uztis.tests.EvaluationsPageTest - Selected '1.5' radio button.
2025-04-10 07:00:44 [main] DEBUG l.i.uztis.tests.EvaluationsPageTest - Selected '2.1' radio button.
2025-04-10 07:00:44 [main] DEBUG l.i.uztis.tests.EvaluationsPageTest - Selected '3.1' radio button.
2025-04-10 07:00:44 [main] DEBUG l.i.uztis.tests.EvaluationsPageTest - Selected '4.2' radio button.
2025-04-10 07:00:44 [main] DEBUG l.i.uztis.tests.EvaluationsPageTest - Selected '5.1' radio button.
2025-04-10 07:00:44 [main] DEBUG l.i.uztis.tests.EvaluationsPageTest - Selected '5.2' radio button.
2025-04-10 07:00:44 [main] DEBUG l.i.uztis.tests.EvaluationsPageTest - Selected '6.1' radio button.
2025-04-10 07:00:44 [main] DEBUG l.i.uztis.tests.EvaluationsPageTest - Selected '6.2' radio button.
2025-04-10 07:00:45 [main] DEBUG l.i.uztis.tests.EvaluationsPageTest - Clicked on expansion panel 'Not Critical'.
2025-04-10 07:00:45 [main] DEBUG l.i.uztis.tests.EvaluationsPageTest - Selected '7' radio button.
2025-04-10 07:00:45 [main] DEBUG l.i.uztis.tests.EvaluationsPageTest - Selected '8_1' radio button.
2025-04-10 07:00:45 [main] DEBUG l.i.uztis.tests.EvaluationsPageTest - Selected '8_2' radio button.
2025-04-10 07:00:45 [main] DEBUG l.i.uztis.tests.EvaluationsPageTest - Selected '8_3' radio button.
2025-04-10 07:00:46 [main] DEBUG l.i.uztis.tests.EvaluationsPageTest - Selected '8_4' radio button.
2025-04-10 07:00:46 [main] DEBUG l.i.uztis.tests.EvaluationsPageTest - Selected '8_5' radio button.
2025-04-10 07:00:46 [main] DEBUG l.i.uztis.tests.EvaluationsPageTest - Selected '8_6' radio button.
2025-04-10 07:00:46 [main] DEBUG l.i.uztis.tests.EvaluationsPageTest - Selected '8_7' radio button.
2025-04-10 07:00:46 [main] DEBUG l.i.uztis.tests.EvaluationsPageTest - Selected '8_8' radio button.
2025-04-10 07:00:46 [main] DEBUG l.i.uztis.tests.EvaluationsPageTest - Selected '8_9' radio button.
2025-04-10 07:00:47 [main] DEBUG l.i.uztis.tests.EvaluationsPageTest - Selected '8_10' radio button.
2025-04-10 07:00:47 [main] DEBUG l.i.uztis.tests.EvaluationsPageTest - Selected '9' radio button.
2025-04-10 07:00:47 [main] DEBUG l.i.uztis.tests.EvaluationsPageTest - Selected '10.1' radio button.
2025-04-10 07:00:47 [main] DEBUG l.i.uztis.tests.EvaluationsPageTest - Selected '10.2' radio button.
2025-04-10 07:00:47 [main] DEBUG l.i.uztis.tests.EvaluationsPageTest - Selected '10.3' radio button.
2025-04-10 07:00:47 [main] DEBUG l.i.uztis.tests.EvaluationsPageTest - Entered  explanation: 'Balas pakoreduotas ranka'.
2025-04-10 07:00:48 [main] DEBUG l.i.uztis.tests.EvaluationsPageTest - Clicked 'Save Draft'.
2025-04-10 07:00:48 [main] ERROR l.i.uztis.tests.EvaluationsPageTest - Test 'testFillSaveDraftEvaluationOne' failed with error: stale element reference: stale element not found in the current frame
  (Session info: chrome=135.0.7049.43)
For documentation on this error, please visit: https://www.selenium.dev/documentation/webdriver/troubleshooting/errors#stale-element-reference-exception
Build info: version: '4.27.0', revision: 'd6e718d134'
System info: os.name: 'Windows 11', os.arch: 'amd64', os.version: '10.0', java.version: '21.0.3'
Driver info: org.openqa.selenium.chrome.ChromeDriver
Command: [d8d8c641a52e96e8d6756039b8d03dc6, getElementText {id=f.C2FF3FBAA233E5B5E27C476FFFE836B1.d.DF17B1851CBA67F0668BF66E8AFDB947.e.363}]
Capabilities {acceptInsecureCerts: false, browserName: chrome, browserVersion: 135.0.7049.43, chrome: {chromedriverVersion: 135.0.7049.84 (6c019e560019..., userDataDir: C:\Users\INGRID~1.ZAD\AppDa...}, fedcm:accounts: true, goog:chromeOptions: {debuggerAddress: localhost:53034}, networkConnectionEnabled: false, pageLoadStrategy: normal, platformName: windows, proxy: Proxy(), se:cdp: ws://localhost:53034/devtoo..., se:cdpVersion: 135.0.7049.43, setWindowRect: true, strictFileInteractability: false, timeouts: {implicit: 0, pageLoad: 300000, script: 30000}, unhandledPromptBehavior: dismiss and notify, webauthn:extension:credBlob: true, webauthn:extension:largeBlob: true, webauthn:extension:minPinLength: true, webauthn:extension:prf: true, webauthn:virtualAuthenticators: true}
Element: [[ChromeDriver: chrome on windows (d8d8c641a52e96e8d6756039b8d03dc6)] -> css selector: [class='w-100']]
Session ID: d8d8c641a52e96e8d6756039b8d03dc6
org.openqa.selenium.StaleElementReferenceException: stale element reference: stale element not found in the current frame
  (Session info: chrome=135.0.7049.43)
For documentation on this error, please visit: https://www.selenium.dev/documentation/webdriver/troubleshooting/errors#stale-element-reference-exception
Build info: version: '4.27.0', revision: 'd6e718d134'
System info: os.name: 'Windows 11', os.arch: 'amd64', os.version: '10.0', java.version: '21.0.3'
Driver info: org.openqa.selenium.chrome.ChromeDriver
Command: [d8d8c641a52e96e8d6756039b8d03dc6, getElementText {id=f.C2FF3FBAA233E5B5E27C476FFFE836B1.d.DF17B1851CBA67F0668BF66E8AFDB947.e.363}]
Capabilities {acceptInsecureCerts: false, browserName: chrome, browserVersion: 135.0.7049.43, chrome: {chromedriverVersion: 135.0.7049.84 (6c019e560019..., userDataDir: C:\Users\INGRID~1.ZAD\AppDa...}, fedcm:accounts: true, goog:chromeOptions: {debuggerAddress: localhost:53034}, networkConnectionEnabled: false, pageLoadStrategy: normal, platformName: windows, proxy: Proxy(), se:cdp: ws://localhost:53034/devtoo..., se:cdpVersion: 135.0.7049.43, setWindowRect: true, strictFileInteractability: false, timeouts: {implicit: 0, pageLoad: 300000, script: 30000}, unhandledPromptBehavior: dismiss and notify, webauthn:extension:credBlob: true, webauthn:extension:largeBlob: true, webauthn:extension:minPinLength: true, webauthn:extension:prf: true, webauthn:virtualAuthenticators: true}
Element: [[ChromeDriver: chrome on windows (d8d8c641a52e96e8d6756039b8d03dc6)] -> css selector: [class='w-100']]
Session ID: d8d8c641a52e96e8d6756039b8d03dc6
	at java.base/jdk.internal.reflect.DirectConstructorHandleAccessor.newInstance(DirectConstructorHandleAccessor.java:62)
	at java.base/java.lang.reflect.Constructor.newInstanceWithCaller(Constructor.java:502)
	at java.base/java.lang.reflect.Constructor.newInstance(Constructor.java:486)
	at org.openqa.selenium.remote.ErrorCodec.decode(ErrorCodec.java:167)
	at org.openqa.selenium.remote.codec.w3c.W3CHttpResponseCodec.decode(W3CHttpResponseCodec.java:138)
	at org.openqa.selenium.remote.codec.w3c.W3CHttpResponseCodec.decode(W3CHttpResponseCodec.java:50)
	at org.openqa.selenium.remote.HttpCommandExecutor.execute(HttpCommandExecutor.java:190)
	at org.openqa.selenium.remote.service.DriverCommandExecutor.invokeExecute(DriverCommandExecutor.java:216)
	at org.openqa.selenium.remote.service.DriverCommandExecutor.execute(DriverCommandExecutor.java:174)
	at org.openqa.selenium.remote.RemoteWebDriver.execute(RemoteWebDriver.java:545)
	at org.openqa.selenium.remote.RemoteWebElement.execute(RemoteWebElement.java:223)
	at org.openqa.selenium.remote.RemoteWebElement.getText(RemoteWebElement.java:191)
	at java.base/java.util.stream.ReferencePipeline$3$1.accept(ReferencePipeline.java:197)
	at java.base/java.util.ArrayList$ArrayListSpliterator.forEachRemaining(ArrayList.java:1708)
	at java.base/java.util.stream.AbstractPipeline.copyInto(AbstractPipeline.java:509)
	at java.base/java.util.stream.AbstractPipeline.wrapAndCopyInto(AbstractPipeline.java:499)
	at java.base/java.util.stream.ReduceOps$ReduceOp.evaluateSequential(ReduceOps.java:921)
	at java.base/java.util.stream.AbstractPipeline.evaluate(AbstractPipeline.java:234)
	at java.base/java.util.stream.ReferencePipeline.collect(ReferencePipeline.java:682)
	at lt.insoft.uztis.pages.ApplicationFormsPage.getAllMessagesText(ApplicationFormsPage.java:144)
	at lt.insoft.uztis.pages.ApplicationFormsPage.verifySuccessMessage(ApplicationFormsPage.java:148)
	at lt.insoft.uztis.tests.EvaluationsPageTest.testFillSaveDraftEvaluationOne(EvaluationsPageTest.java:171)
	at java.base/jdk.internal.reflect.DirectMethodHandleAccessor.invoke(DirectMethodHandleAccessor.java:103)
	at java.base/java.lang.reflect.Method.invoke(Method.java:580)
	at org.junit.platform.commons.util.ReflectionUtils.invokeMethod(ReflectionUtils.java:728)
	at org.junit.jupiter.engine.execution.MethodInvocation.proceed(MethodInvocation.java:60)
	at org.junit.jupiter.engine.execution.InvocationInterceptorChain$ValidatingInvocation.proceed(InvocationInterceptorChain.java:131)
	at org.junit.jupiter.engine.extension.TimeoutExtension.intercept(TimeoutExtension.java:156)
	at org.junit.jupiter.engine.extension.TimeoutExtension.interceptTestableMethod(TimeoutExtension.java:147)
	at org.junit.jupiter.engine.extension.TimeoutExtension.interceptTestMethod(TimeoutExtension.java:86)
	at org.junit.jupiter.engine.execution.InterceptingExecutableInvoker$ReflectiveInterceptorCall.lambda$ofVoidMethod$0(InterceptingExecutableInvoker.java:103)
	at org.junit.jupiter.engine.execution.InterceptingExecutableInvoker.lambda$invoke$0(InterceptingExecutableInvoker.java:93)
	at org.junit.jupiter.engine.execution.InvocationInterceptorChain$InterceptedInvocation.proceed(InvocationInterceptorChain.java:106)
	at org.junit.jupiter.engine.execution.InvocationInterceptorChain.proceed(InvocationInterceptorChain.java:64)
	at org.junit.jupiter.engine.execution.InvocationInterceptorChain.chainAndInvoke(InvocationInterceptorChain.java:45)
	at org.junit.jupiter.engine.execution.InvocationInterceptorChain.invoke(InvocationInterceptorChain.java:37)
	at org.junit.jupiter.engine.execution.InterceptingExecutableInvoker.invoke(InterceptingExecutableInvoker.java:92)
	at org.junit.jupiter.engine.execution.InterceptingExecutableInvoker.invoke(InterceptingExecutableInvoker.java:86)
	at org.junit.jupiter.engine.descriptor.TestMethodTestDescriptor.lambda$invokeTestMethod$7(TestMethodTestDescriptor.java:218)
	at org.junit.platform.engine.support.hierarchical.ThrowableCollector.execute(ThrowableCollector.java:73)
	at org.junit.jupiter.engine.descriptor.TestMethodTestDescriptor.invokeTestMethod(TestMethodTestDescriptor.java:214)
	at org.junit.jupiter.engine.descriptor.TestMethodTestDescriptor.execute(TestMethodTestDescriptor.java:139)
	at org.junit.jupiter.engine.descriptor.TestMethodTestDescriptor.execute(TestMethodTestDescriptor.java:69)
	at org.junit.platform.engine.support.hierarchical.NodeTestTask.lambda$executeRecursively$6(NodeTestTask.java:151)
	at org.junit.platform.engine.support.hierarchical.ThrowableCollector.execute(ThrowableCollector.java:73)
	at org.junit.platform.engine.support.hierarchical.NodeTestTask.lambda$executeRecursively$8(NodeTestTask.java:141)
	at org.junit.platform.engine.support.hierarchical.Node.around(Node.java:137)
	at org.junit.platform.engine.support.hierarchical.NodeTestTask.lambda$executeRecursively$9(NodeTestTask.java:139)
	at org.junit.platform.engine.support.hierarchical.ThrowableCollector.execute(ThrowableCollector.java:73)
	at org.junit.platform.engine.support.hierarchical.NodeTestTask.executeRecursively(NodeTestTask.java:138)
	at org.junit.platform.engine.support.hierarchical.NodeTestTask.execute(NodeTestTask.java:95)
	at java.base/java.util.ArrayList.forEach(ArrayList.java:1596)
	at org.junit.platform.engine.support.hierarchical.SameThreadHierarchicalTestExecutorService.invokeAll(SameThreadHierarchicalTestExecutorService.java:41)
	at org.junit.platform.engine.support.hierarchical.NodeTestTask.lambda$executeRecursively$6(NodeTestTask.java:155)
	at org.junit.platform.engine.support.hierarchical.ThrowableCollector.execute(ThrowableCollector.java:73)
	at org.junit.platform.engine.support.hierarchical.NodeTestTask.lambda$executeRecursively$8(NodeTestTask.java:141)
	at org.junit.platform.engine.support.hierarchical.Node.around(Node.java:137)
	at org.junit.platform.engine.support.hierarchical.NodeTestTask.lambda$executeRecursively$9(NodeTestTask.java:139)
	at org.junit.platform.engine.support.hierarchical.ThrowableCollector.execute(ThrowableCollector.java:73)
	at org.junit.platform.engine.support.hierarchical.NodeTestTask.executeRecursively(NodeTestTask.java:138)
	at org.junit.platform.engine.support.hierarchical.NodeTestTask.execute(NodeTestTask.java:95)
	at java.base/java.util.ArrayList.forEach(ArrayList.java:1596)
	at org.junit.platform.engine.support.hierarchical.SameThreadHierarchicalTestExecutorService.invokeAll(SameThreadHierarchicalTestExecutorService.java:41)
	at org.junit.platform.engine.support.hierarchical.NodeTestTask.lambda$executeRecursively$6(NodeTestTask.java:155)
	at org.junit.platform.engine.support.hierarchical.ThrowableCollector.execute(ThrowableCollector.java:73)
	at org.junit.platform.engine.support.hierarchical.NodeTestTask.lambda$executeRecursively$8(NodeTestTask.java:141)
	at org.junit.platform.engine.support.hierarchical.Node.around(Node.java:137)
	at org.junit.platform.engine.support.hierarchical.NodeTestTask.lambda$executeRecursively$9(NodeTestTask.java:139)
	at org.junit.platform.engine.support.hierarchical.ThrowableCollector.execute(ThrowableCollector.java:73)
	at org.junit.platform.engine.support.hierarchical.NodeTestTask.executeRecursively(NodeTestTask.java:138)
	at org.junit.platform.engine.support.hierarchical.NodeTestTask.execute(NodeTestTask.java:95)
	at org.junit.platform.engine.support.hierarchical.SameThreadHierarchicalTestExecutorService.submit(SameThreadHierarchicalTestExecutorService.java:35)
	at org.junit.platform.engine.support.hierarchical.HierarchicalTestExecutor.execute(HierarchicalTestExecutor.java:57)
	at org.junit.platform.engine.support.hierarchical.HierarchicalTestEngine.execute(HierarchicalTestEngine.java:54)
	at org.junit.platform.launcher.core.EngineExecutionOrchestrator.execute(EngineExecutionOrchestrator.java:198)
	at org.junit.platform.launcher.core.EngineExecutionOrchestrator.execute(EngineExecutionOrchestrator.java:169)
	at org.junit.platform.launcher.core.EngineExecutionOrchestrator.execute(EngineExecutionOrchestrator.java:93)
	at org.junit.platform.launcher.core.EngineExecutionOrchestrator.lambda$execute$0(EngineExecutionOrchestrator.java:58)
	at org.junit.platform.launcher.core.EngineExecutionOrchestrator.withInterceptedStreams(EngineExecutionOrchestrator.java:141)
	at org.junit.platform.launcher.core.EngineExecutionOrchestrator.execute(EngineExecutionOrchestrator.java:57)
	at org.junit.platform.launcher.core.DefaultLauncher.execute(DefaultLauncher.java:103)
	at org.junit.platform.launcher.core.DefaultLauncher.execute(DefaultLauncher.java:85)
	at org.junit.platform.launcher.core.DelegatingLauncher.execute(DelegatingLauncher.java:47)
	at org.junit.platform.launcher.core.SessionPerRequestLauncher.execute(SessionPerRequestLauncher.java:63)
	at com.intellij.junit5.JUnit5IdeaTestRunner.startRunnerWithArgs(JUnit5IdeaTestRunner.java:57)
	at com.intellij.rt.junit.IdeaTestRunner$Repeater$1.execute(IdeaTestRunner.java:38)
	at com.intellij.rt.execution.junit.TestsRepeater.repeat(TestsRepeater.java:11)
	at com.intellij.rt.junit.IdeaTestRunner$Repeater.startRunnerWithArgs(IdeaTestRunner.java:35)
	at com.intellij.rt.junit.JUnitStarter.prepareStreamsAndStart(JUnitStarter.java:232)
	at com.intellij.rt.junit.JUnitStarter.main(JUnitStarter.java:55)
2025-04-10 07:00:48 [main] INFO  l.insoft.uztis.tests.utils.TestUtils - Screenshot moved to C:\Users\ingrida.zadorozniene\Desktop\Asm\UZTIS\UZTIS_tests\test-output\screenshots\20250410\070048589_testFillSaveDraftEvaluationOne().png
2025-04-10 07:01:17 [main] INFO  lt.insoft.uztis.tests.UztisPageTest - Navigated to https://uztisdev.asseco.lt/home
2025-04-10 07:01:17 [main] INFO  l.i.uztis.tests.EvaluationsPageTest - Starting test:'testConfirmEvaluationOne'
2025-04-10 07:01:17 [main] INFO  l.i.uztis.tests.EvaluationsPageTest - Starting test:'testNavigateToEvaluationsPage'
2025-04-10 07:01:18 [main] DEBUG l.i.uztis.tests.EvaluationsPageTest - User logged in with test credentials
2025-04-10 07:01:18 [main] DEBUG l.i.uztis.tests.EvaluationsPageTest - Opened 'Application Processing' menu.
2025-04-10 07:01:18 [main] DEBUG l.i.uztis.tests.EvaluationsPageTest - Clicked on 'Evaluations' menu.
2025-04-10 07:01:18 [main] DEBUG l.i.uztis.tests.EvaluationsPageTest - Navigating to evaluations menu.
2025-04-10 07:01:18 [main] INFO  l.i.uztis.tests.EvaluationsPageTest - Test 'testNavigateToEvaluationsPage' completed successfully.
2025-04-10 07:01:19 [main] DEBUG l.i.uztis.tests.EvaluationsPageTest - Clicked on last evaluation.
2025-04-10 07:01:19 [main] DEBUG l.i.uztis.tests.EvaluationsPageTest - Clicked 'Edit'.
2025-04-10 07:01:21 [main] DEBUG l.i.uztis.tests.EvaluationsPageTest - Clicked 'Confirm'.
2025-04-10 07:01:22 [main] DEBUG l.i.uztis.tests.EvaluationsPageTest - Clicked 'Confirm Confirmation'.
2025-04-10 07:01:23 [main] DEBUG l.i.uztis.tests.EvaluationsPageTest - Fetched label text: Įvertinta
2025-04-10 07:01:23 [main] INFO  l.i.uztis.tests.EvaluationsPageTest - Verified that the label text matches the expected value.
2025-04-10 07:01:23 [main] INFO  l.i.uztis.tests.EvaluationsPageTest - Test 'testConfirmEvaluationOne' completed successfully.
2025-04-10 07:01:33 [main] INFO  lt.insoft.uztis.tests.UztisPageTest - Navigated to https://uztisdev.asseco.lt/home
2025-04-10 07:01:33 [main] INFO  l.i.uztis.tests.EvaluationsPageTest - Starting test:'testFillSaveDraftEvaluationTwo'
2025-04-10 07:01:33 [main] INFO  l.i.uztis.tests.EvaluationsPageTest - Starting test:'testNavigateToEvaluationsPage'
2025-04-10 07:01:33 [main] DEBUG l.i.uztis.tests.EvaluationsPageTest - User logged in with test credentials
2025-04-10 07:01:34 [main] DEBUG l.i.uztis.tests.EvaluationsPageTest - Opened 'Application Processing' menu.
2025-04-10 07:01:34 [main] DEBUG l.i.uztis.tests.EvaluationsPageTest - Clicked on 'Evaluations' menu.
2025-04-10 07:01:34 [main] DEBUG l.i.uztis.tests.EvaluationsPageTest - Navigating to evaluations menu.
2025-04-10 07:01:34 [main] INFO  l.i.uztis.tests.EvaluationsPageTest - Test 'testNavigateToEvaluationsPage' completed successfully.
2025-04-10 07:01:34 [main] DEBUG l.i.uztis.tests.EvaluationsPageTest - Clicked on last evaluation.
2025-04-10 07:01:35 [main] DEBUG l.i.uztis.tests.EvaluationsPageTest - Clicked 'Edit'.
2025-04-10 07:01:36 [main] DEBUG l.i.uztis.tests.EvaluationsPageTest - Entered commission date.
2025-04-10 07:01:36 [main] DEBUG l.i.uztis.tests.EvaluationsPageTest - Selected 'Without Commission' radio button.
2025-04-10 07:01:36 [main] DEBUG l.i.uztis.tests.EvaluationsPageTest - Entered chairman name: 'Pirmininkas Pirmininkauskas'.
2025-04-10 07:01:36 [main] DEBUG l.i.uztis.tests.EvaluationsPageTest - Entered member name: 'Narys Narauskas'.
2025-04-10 07:01:36 [main] DEBUG l.i.uztis.tests.EvaluationsPageTest - Clicked 'Continue'.
2025-04-10 07:01:37 [main] DEBUG l.i.uztis.tests.EvaluationsPageTest - Entered score edition: '9'.
2025-04-10 07:01:37 [main] DEBUG l.i.uztis.tests.EvaluationsPageTest - Entered chairman score: '10'.
2025-04-10 07:01:37 [main] DEBUG l.i.uztis.tests.EvaluationsPageTest - Entered member score: '11'.
2025-04-10 07:01:37 [main] DEBUG l.i.uztis.tests.EvaluationsPageTest - Entered conclusion: 'Išvada - palanki'.
2025-04-10 07:01:38 [main] DEBUG l.i.uztis.tests.EvaluationsPageTest - Entered  explanation: 'Balas pakoreduotas ranka'.
2025-04-10 07:01:38 [main] DEBUG l.i.uztis.tests.EvaluationsPageTest - Clicked 'Save Draft'.
2025-04-10 07:01:38 [main] DEBUG l.i.uztis.pages.ApplicationFormsPage - Verified success message: 'Duomenys sėkmingai išsaugoti.'
2025-04-10 07:01:38 [main] INFO  l.i.uztis.tests.EvaluationsPageTest - Verified success message
2025-04-10 07:01:38 [main] INFO  l.i.uztis.tests.EvaluationsPageTest - Test 'testFillSaveDraftEvaluationTwo' completed successfully.
2025-04-10 07:01:48 [main] INFO  lt.insoft.uztis.tests.UztisPageTest - Navigated to https://uztisdev.asseco.lt/home
2025-04-10 07:01:48 [main] INFO  l.i.uztis.tests.EvaluationsPageTest - Starting test:'testConfirmEvaluationTwo'
2025-04-10 07:01:48 [main] INFO  l.i.uztis.tests.EvaluationsPageTest - Starting test:'testNavigateToEvaluationsPage'
2025-04-10 07:01:49 [main] DEBUG l.i.uztis.tests.EvaluationsPageTest - User logged in with test credentials
2025-04-10 07:01:49 [main] DEBUG l.i.uztis.tests.EvaluationsPageTest - Opened 'Application Processing' menu.
2025-04-10 07:01:49 [main] DEBUG l.i.uztis.tests.EvaluationsPageTest - Clicked on 'Evaluations' menu.
2025-04-10 07:01:49 [main] DEBUG l.i.uztis.tests.EvaluationsPageTest - Navigating to evaluations menu.
2025-04-10 07:01:49 [main] INFO  l.i.uztis.tests.EvaluationsPageTest - Test 'testNavigateToEvaluationsPage' completed successfully.
2025-04-10 07:01:50 [main] DEBUG l.i.uztis.tests.EvaluationsPageTest - Clicked on last evaluation.
2025-04-10 07:01:51 [main] DEBUG l.i.uztis.tests.EvaluationsPageTest - Clicked 'Edit'.
2025-04-10 07:01:51 [main] DEBUG l.i.uztis.tests.EvaluationsPageTest - Clicked 'Continue'.
2025-04-10 07:01:52 [main] DEBUG l.i.uztis.tests.EvaluationsPageTest - Entered conclusion: 'Išvada - papildyta'.
2025-04-10 07:01:52 [main] DEBUG l.i.uztis.tests.EvaluationsPageTest - Entered  explanation: '; Išvada pakoreduota ranka'.
2025-04-10 07:01:52 [main] DEBUG l.i.uztis.tests.EvaluationsPageTest - Clicked 'Confirm'.
2025-04-10 07:01:52 [main] DEBUG l.i.uztis.tests.EvaluationsPageTest - Clicked 'Confirm Confirmation'.
2025-04-10 07:01:53 [main] DEBUG l.i.uztis.tests.EvaluationsPageTest - Fetched label text: Įvertinta
2025-04-10 07:01:53 [main] INFO  l.i.uztis.tests.EvaluationsPageTest - Verified that the label text matches the expected value.
2025-04-10 07:01:53 [main] INFO  l.i.uztis.tests.EvaluationsPageTest - Test 'testConfirmEvaluationTwo' completed successfully.
2025-04-10 07:02:05 [main] INFO  lt.insoft.uztis.tests.UztisPageTest - Navigated to https://uztisdev.asseco.lt/home
2025-04-10 07:02:06 [main] INFO  l.i.uztis.tests.EvaluationsPageTest - Starting test:'testFillSaveDraftEvaluationThree'
2025-04-10 07:02:06 [main] INFO  l.i.uztis.tests.EvaluationsPageTest - Starting test:'testNavigateToEvaluationsPage'
2025-04-10 07:02:06 [main] DEBUG l.i.uztis.tests.EvaluationsPageTest - User logged in with test credentials
2025-04-10 07:02:07 [main] DEBUG l.i.uztis.tests.EvaluationsPageTest - Opened 'Application Processing' menu.
2025-04-10 07:02:07 [main] DEBUG l.i.uztis.tests.EvaluationsPageTest - Clicked on 'Evaluations' menu.
2025-04-10 07:02:07 [main] DEBUG l.i.uztis.tests.EvaluationsPageTest - Navigating to evaluations menu.
2025-04-10 07:02:07 [main] INFO  l.i.uztis.tests.EvaluationsPageTest - Test 'testNavigateToEvaluationsPage' completed successfully.
2025-04-10 07:02:07 [main] DEBUG l.i.uztis.tests.EvaluationsPageTest - Clicked on last evaluation.
2025-04-10 07:02:08 [main] DEBUG l.i.uztis.tests.EvaluationsPageTest - Clicked 'Edit'.
2025-04-10 07:02:08 [main] DEBUG l.i.uztis.tests.EvaluationsPageTest - Entered commission date.
2025-04-10 07:02:08 [main] DEBUG l.i.uztis.tests.EvaluationsPageTest - Selected 'Without Commission' radio button.
2025-04-10 07:02:09 [main] DEBUG l.i.uztis.tests.EvaluationsPageTest - Entered chairman name: 'Pirmininkas Pirmininkauskas'.
2025-04-10 07:02:09 [main] DEBUG l.i.uztis.tests.EvaluationsPageTest - Entered member name: 'Narys Narauskas'.
2025-04-10 07:02:09 [main] DEBUG l.i.uztis.tests.EvaluationsPageTest - Clicked 'Continue'.
2025-04-10 07:02:09 [main] DEBUG l.i.uztis.tests.EvaluationsPageTest - Entered chairman score 1: '1'.
2025-04-10 07:02:09 [main] DEBUG l.i.uztis.tests.EvaluationsPageTest - Entered member score 1: '2'.
2025-04-10 07:02:09 [main] DEBUG l.i.uztis.tests.EvaluationsPageTest - Entered member conclusion 1: 'Išvada - palanki 1'.
2025-04-10 07:02:10 [main] DEBUG l.i.uztis.tests.EvaluationsPageTest - Entered chairman score 2: '3'.
2025-04-10 07:02:10 [main] DEBUG l.i.uztis.tests.EvaluationsPageTest - Entered member score 2: '4'.
2025-04-10 07:02:10 [main] DEBUG l.i.uztis.tests.EvaluationsPageTest - Entered member conclusion 2: 'Išvada - palanki 2'.
2025-04-10 07:02:10 [main] DEBUG l.i.uztis.tests.EvaluationsPageTest - Entered chairman score 3: '5'.
2025-04-10 07:02:10 [main] DEBUG l.i.uztis.tests.EvaluationsPageTest - Entered member score 3: '6'.
2025-04-10 07:02:10 [main] DEBUG l.i.uztis.tests.EvaluationsPageTest - Entered member conclusion 3: 'Išvada - palanki 3'.
2025-04-10 07:02:10 [main] DEBUG l.i.uztis.tests.EvaluationsPageTest - Entered chairman score 4: '7'.
2025-04-10 07:02:11 [main] DEBUG l.i.uztis.tests.EvaluationsPageTest - Entered member score 4: '8'.
2025-04-10 07:02:11 [main] DEBUG l.i.uztis.tests.EvaluationsPageTest - Entered member conclusion 4: 'Išvada - palanki 4'.
2025-04-10 07:02:11 [main] DEBUG l.i.uztis.tests.EvaluationsPageTest - Entered chairman score 5: '9'.
2025-04-10 07:02:11 [main] DEBUG l.i.uztis.tests.EvaluationsPageTest - Entered member score 5: '10'.
2025-04-10 07:02:11 [main] DEBUG l.i.uztis.tests.EvaluationsPageTest - Entered member conclusion 5: 'Išvada - palanki 5'.
2025-04-10 07:02:11 [main] DEBUG l.i.uztis.tests.EvaluationsPageTest - Clicked 'Save Draft'.
2025-04-10 07:02:12 [main] DEBUG l.i.uztis.pages.ApplicationFormsPage - Verified success message: 'Duomenys sėkmingai išsaugoti.'
2025-04-10 07:02:12 [main] INFO  l.i.uztis.tests.EvaluationsPageTest - Verified success message
2025-04-10 07:02:12 [main] INFO  l.i.uztis.tests.EvaluationsPageTest - Test 'testFillSaveDraftEvaluationThree' completed successfully.
2025-04-10 07:02:23 [main] INFO  lt.insoft.uztis.tests.UztisPageTest - Navigated to https://uztisdev.asseco.lt/home
2025-04-10 07:02:23 [main] INFO  l.i.uztis.tests.EvaluationsPageTest - Starting test:'testConfirmEvaluationThree'
2025-04-10 07:02:23 [main] INFO  l.i.uztis.tests.EvaluationsPageTest - Starting test:'testNavigateToEvaluationsPage'
2025-04-10 07:02:24 [main] DEBUG l.i.uztis.tests.EvaluationsPageTest - User logged in with test credentials
2025-04-10 07:02:24 [main] DEBUG l.i.uztis.tests.EvaluationsPageTest - Opened 'Application Processing' menu.
2025-04-10 07:02:24 [main] DEBUG l.i.uztis.tests.EvaluationsPageTest - Clicked on 'Evaluations' menu.
2025-04-10 07:02:24 [main] DEBUG l.i.uztis.tests.EvaluationsPageTest - Navigating to evaluations menu.
2025-04-10 07:02:24 [main] INFO  l.i.uztis.tests.EvaluationsPageTest - Test 'testNavigateToEvaluationsPage' completed successfully.
2025-04-10 07:02:25 [main] DEBUG l.i.uztis.tests.EvaluationsPageTest - Clicked on last evaluation.
2025-04-10 07:02:25 [main] DEBUG l.i.uztis.tests.EvaluationsPageTest - Clicked 'Edit'.
2025-04-10 07:02:26 [main] DEBUG l.i.uztis.tests.EvaluationsPageTest - Clicked 'Continue'.
2025-04-10 07:02:27 [main] ERROR l.i.uztis.tests.EvaluationsPageTest - Test 'testConfirmEvaluationThree' failed with error: element click intercepted: Element <button type="submit" class="btn btn--accent">...</button> is not clickable at point (998, 954). Other element would receive the click: <mat-form-field class="mat-mdc-form-field mat-mdc-form-field-type-common-radio-group mat-mdc-form-field-has-icon-prefix mat-mdc-form-field-has-icon-suffix mat-form-field-appearance-outline mat-primary ng-untouched mat-form-field-disabled ng-dirty mat-form-field-animations-enabled" style="--mat-form-field-notch-max-width: calc(100% - 8px);">...</mat-form-field>
  (Session info: chrome=135.0.7049.43)
Build info: version: '4.27.0', revision: 'd6e718d134'
System info: os.name: 'Windows 11', os.arch: 'amd64', os.version: '10.0', java.version: '21.0.3'
Driver info: org.openqa.selenium.chrome.ChromeDriver
Command: [75d0116e32baafa46fd5ae6e3e3d2f99, clickElement {id=f.9DB640C4928D941A8F37884669DE4FA7.d.59A9ECCF0486A32C6A403A6ECC8DCE37.e.199}]
Capabilities {acceptInsecureCerts: false, browserName: chrome, browserVersion: 135.0.7049.43, chrome: {chromedriverVersion: 135.0.7049.84 (6c019e560019..., userDataDir: C:\Users\INGRID~1.ZAD\AppDa...}, fedcm:accounts: true, goog:chromeOptions: {debuggerAddress: localhost:53272}, networkConnectionEnabled: false, pageLoadStrategy: normal, platformName: windows, proxy: Proxy(), se:cdp: ws://localhost:53272/devtoo..., se:cdpVersion: 135.0.7049.43, setWindowRect: true, strictFileInteractability: false, timeouts: {implicit: 0, pageLoad: 300000, script: 30000}, unhandledPromptBehavior: dismiss and notify, webauthn:extension:credBlob: true, webauthn:extension:largeBlob: true, webauthn:extension:minPinLength: true, webauthn:extension:prf: true, webauthn:virtualAuthenticators: true}
Element: [[ChromeDriver: chrome on windows (75d0116e32baafa46fd5ae6e3e3d2f99)] -> xpath: //common-button//button[text()='Tvirtinti vertinimą']]
Session ID: 75d0116e32baafa46fd5ae6e3e3d2f99
org.openqa.selenium.ElementClickInterceptedException: element click intercepted: Element <button type="submit" class="btn btn--accent">...</button> is not clickable at point (998, 954). Other element would receive the click: <mat-form-field class="mat-mdc-form-field mat-mdc-form-field-type-common-radio-group mat-mdc-form-field-has-icon-prefix mat-mdc-form-field-has-icon-suffix mat-form-field-appearance-outline mat-primary ng-untouched mat-form-field-disabled ng-dirty mat-form-field-animations-enabled" style="--mat-form-field-notch-max-width: calc(100% - 8px);">...</mat-form-field>
  (Session info: chrome=135.0.7049.43)
Build info: version: '4.27.0', revision: 'd6e718d134'
System info: os.name: 'Windows 11', os.arch: 'amd64', os.version: '10.0', java.version: '21.0.3'
Driver info: org.openqa.selenium.chrome.ChromeDriver
Command: [75d0116e32baafa46fd5ae6e3e3d2f99, clickElement {id=f.9DB640C4928D941A8F37884669DE4FA7.d.59A9ECCF0486A32C6A403A6ECC8DCE37.e.199}]
Capabilities {acceptInsecureCerts: false, browserName: chrome, browserVersion: 135.0.7049.43, chrome: {chromedriverVersion: 135.0.7049.84 (6c019e560019..., userDataDir: C:\Users\INGRID~1.ZAD\AppDa...}, fedcm:accounts: true, goog:chromeOptions: {debuggerAddress: localhost:53272}, networkConnectionEnabled: false, pageLoadStrategy: normal, platformName: windows, proxy: Proxy(), se:cdp: ws://localhost:53272/devtoo..., se:cdpVersion: 135.0.7049.43, setWindowRect: true, strictFileInteractability: false, timeouts: {implicit: 0, pageLoad: 300000, script: 30000}, unhandledPromptBehavior: dismiss and notify, webauthn:extension:credBlob: true, webauthn:extension:largeBlob: true, webauthn:extension:minPinLength: true, webauthn:extension:prf: true, webauthn:virtualAuthenticators: true}
Element: [[ChromeDriver: chrome on windows (75d0116e32baafa46fd5ae6e3e3d2f99)] -> xpath: //common-button//button[text()='Tvirtinti vertinimą']]
Session ID: 75d0116e32baafa46fd5ae6e3e3d2f99
	at java.base/jdk.internal.reflect.DirectConstructorHandleAccessor.newInstance(DirectConstructorHandleAccessor.java:62)
	at java.base/java.lang.reflect.Constructor.newInstanceWithCaller(Constructor.java:502)
	at java.base/java.lang.reflect.Constructor.newInstance(Constructor.java:486)
	at org.openqa.selenium.remote.ErrorCodec.decode(ErrorCodec.java:167)
	at org.openqa.selenium.remote.codec.w3c.W3CHttpResponseCodec.decode(W3CHttpResponseCodec.java:138)
	at org.openqa.selenium.remote.codec.w3c.W3CHttpResponseCodec.decode(W3CHttpResponseCodec.java:50)
	at org.openqa.selenium.remote.HttpCommandExecutor.execute(HttpCommandExecutor.java:190)
	at org.openqa.selenium.remote.service.DriverCommandExecutor.invokeExecute(DriverCommandExecutor.java:216)
	at org.openqa.selenium.remote.service.DriverCommandExecutor.execute(DriverCommandExecutor.java:174)
	at org.openqa.selenium.remote.RemoteWebDriver.execute(RemoteWebDriver.java:545)
	at org.openqa.selenium.remote.RemoteWebElement.execute(RemoteWebElement.java:223)
	at org.openqa.selenium.remote.RemoteWebElement.click(RemoteWebElement.java:76)
	at java.base/jdk.internal.reflect.DirectMethodHandleAccessor.invoke(DirectMethodHandleAccessor.java:103)
	at java.base/java.lang.reflect.Method.invoke(Method.java:580)
	at org.openqa.selenium.support.pagefactory.internal.LocatingElementHandler.invoke(LocatingElementHandler.java:51)
	at jdk.proxy2/jdk.proxy2.$Proxy14.click(Unknown Source)
	at lt.insoft.uztis.pages.EvaluationsPage.clickButtonConfirm3(EvaluationsPage.java:264)
	at lt.insoft.uztis.tests.EvaluationsPageTest.testConfirmEvaluationThree(EvaluationsPageTest.java:467)
	at java.base/jdk.internal.reflect.DirectMethodHandleAccessor.invoke(DirectMethodHandleAccessor.java:103)
	at java.base/java.lang.reflect.Method.invoke(Method.java:580)
	at org.junit.platform.commons.util.ReflectionUtils.invokeMethod(ReflectionUtils.java:728)
	at org.junit.jupiter.engine.execution.MethodInvocation.proceed(MethodInvocation.java:60)
	at org.junit.jupiter.engine.execution.InvocationInterceptorChain$ValidatingInvocation.proceed(InvocationInterceptorChain.java:131)
	at org.junit.jupiter.engine.extension.TimeoutExtension.intercept(TimeoutExtension.java:156)
	at org.junit.jupiter.engine.extension.TimeoutExtension.interceptTestableMethod(TimeoutExtension.java:147)
	at org.junit.jupiter.engine.extension.TimeoutExtension.interceptTestMethod(TimeoutExtension.java:86)
	at org.junit.jupiter.engine.execution.InterceptingExecutableInvoker$ReflectiveInterceptorCall.lambda$ofVoidMethod$0(InterceptingExecutableInvoker.java:103)
	at org.junit.jupiter.engine.execution.InterceptingExecutableInvoker.lambda$invoke$0(InterceptingExecutableInvoker.java:93)
	at org.junit.jupiter.engine.execution.InvocationInterceptorChain$InterceptedInvocation.proceed(InvocationInterceptorChain.java:106)
	at org.junit.jupiter.engine.execution.InvocationInterceptorChain.proceed(InvocationInterceptorChain.java:64)
	at org.junit.jupiter.engine.execution.InvocationInterceptorChain.chainAndInvoke(InvocationInterceptorChain.java:45)
	at org.junit.jupiter.engine.execution.InvocationInterceptorChain.invoke(InvocationInterceptorChain.java:37)
	at org.junit.jupiter.engine.execution.InterceptingExecutableInvoker.invoke(InterceptingExecutableInvoker.java:92)
	at org.junit.jupiter.engine.execution.InterceptingExecutableInvoker.invoke(InterceptingExecutableInvoker.java:86)
	at org.junit.jupiter.engine.descriptor.TestMethodTestDescriptor.lambda$invokeTestMethod$7(TestMethodTestDescriptor.java:218)
	at org.junit.platform.engine.support.hierarchical.ThrowableCollector.execute(ThrowableCollector.java:73)
	at org.junit.jupiter.engine.descriptor.TestMethodTestDescriptor.invokeTestMethod(TestMethodTestDescriptor.java:214)
	at org.junit.jupiter.engine.descriptor.TestMethodTestDescriptor.execute(TestMethodTestDescriptor.java:139)
	at org.junit.jupiter.engine.descriptor.TestMethodTestDescriptor.execute(TestMethodTestDescriptor.java:69)
	at org.junit.platform.engine.support.hierarchical.NodeTestTask.lambda$executeRecursively$6(NodeTestTask.java:151)
	at org.junit.platform.engine.support.hierarchical.ThrowableCollector.execute(ThrowableCollector.java:73)
	at org.junit.platform.engine.support.hierarchical.NodeTestTask.lambda$executeRecursively$8(NodeTestTask.java:141)
	at org.junit.platform.engine.support.hierarchical.Node.around(Node.java:137)
	at org.junit.platform.engine.support.hierarchical.NodeTestTask.lambda$executeRecursively$9(NodeTestTask.java:139)
	at org.junit.platform.engine.support.hierarchical.ThrowableCollector.execute(ThrowableCollector.java:73)
	at org.junit.platform.engine.support.hierarchical.NodeTestTask.executeRecursively(NodeTestTask.java:138)
	at org.junit.platform.engine.support.hierarchical.NodeTestTask.execute(NodeTestTask.java:95)
	at java.base/java.util.ArrayList.forEach(ArrayList.java:1596)
	at org.junit.platform.engine.support.hierarchical.SameThreadHierarchicalTestExecutorService.invokeAll(SameThreadHierarchicalTestExecutorService.java:41)
	at org.junit.platform.engine.support.hierarchical.NodeTestTask.lambda$executeRecursively$6(NodeTestTask.java:155)
	at org.junit.platform.engine.support.hierarchical.ThrowableCollector.execute(ThrowableCollector.java:73)
	at org.junit.platform.engine.support.hierarchical.NodeTestTask.lambda$executeRecursively$8(NodeTestTask.java:141)
	at org.junit.platform.engine.support.hierarchical.Node.around(Node.java:137)
	at org.junit.platform.engine.support.hierarchical.NodeTestTask.lambda$executeRecursively$9(NodeTestTask.java:139)
	at org.junit.platform.engine.support.hierarchical.ThrowableCollector.execute(ThrowableCollector.java:73)
	at org.junit.platform.engine.support.hierarchical.NodeTestTask.executeRecursively(NodeTestTask.java:138)
	at org.junit.platform.engine.support.hierarchical.NodeTestTask.execute(NodeTestTask.java:95)
	at java.base/java.util.ArrayList.forEach(ArrayList.java:1596)
	at org.junit.platform.engine.support.hierarchical.SameThreadHierarchicalTestExecutorService.invokeAll(SameThreadHierarchicalTestExecutorService.java:41)
	at org.junit.platform.engine.support.hierarchical.NodeTestTask.lambda$executeRecursively$6(NodeTestTask.java:155)
	at org.junit.platform.engine.support.hierarchical.ThrowableCollector.execute(ThrowableCollector.java:73)
	at org.junit.platform.engine.support.hierarchical.NodeTestTask.lambda$executeRecursively$8(NodeTestTask.java:141)
	at org.junit.platform.engine.support.hierarchical.Node.around(Node.java:137)
	at org.junit.platform.engine.support.hierarchical.NodeTestTask.lambda$executeRecursively$9(NodeTestTask.java:139)
	at org.junit.platform.engine.support.hierarchical.ThrowableCollector.execute(ThrowableCollector.java:73)
	at org.junit.platform.engine.support.hierarchical.NodeTestTask.executeRecursively(NodeTestTask.java:138)
	at org.junit.platform.engine.support.hierarchical.NodeTestTask.execute(NodeTestTask.java:95)
	at org.junit.platform.engine.support.hierarchical.SameThreadHierarchicalTestExecutorService.submit(SameThreadHierarchicalTestExecutorService.java:35)
	at org.junit.platform.engine.support.hierarchical.HierarchicalTestExecutor.execute(HierarchicalTestExecutor.java:57)
	at org.junit.platform.engine.support.hierarchical.HierarchicalTestEngine.execute(HierarchicalTestEngine.java:54)
	at org.junit.platform.launcher.core.EngineExecutionOrchestrator.execute(EngineExecutionOrchestrator.java:198)
	at org.junit.platform.launcher.core.EngineExecutionOrchestrator.execute(EngineExecutionOrchestrator.java:169)
	at org.junit.platform.launcher.core.EngineExecutionOrchestrator.execute(EngineExecutionOrchestrator.java:93)
	at org.junit.platform.launcher.core.EngineExecutionOrchestrator.lambda$execute$0(EngineExecutionOrchestrator.java:58)
	at org.junit.platform.launcher.core.EngineExecutionOrchestrator.withInterceptedStreams(EngineExecutionOrchestrator.java:141)
	at org.junit.platform.launcher.core.EngineExecutionOrchestrator.execute(EngineExecutionOrchestrator.java:57)
	at org.junit.platform.launcher.core.DefaultLauncher.execute(DefaultLauncher.java:103)
	at org.junit.platform.launcher.core.DefaultLauncher.execute(DefaultLauncher.java:85)
	at org.junit.platform.launcher.core.DelegatingLauncher.execute(DelegatingLauncher.java:47)
	at org.junit.platform.launcher.core.SessionPerRequestLauncher.execute(SessionPerRequestLauncher.java:63)
	at com.intellij.junit5.JUnit5IdeaTestRunner.startRunnerWithArgs(JUnit5IdeaTestRunner.java:57)
	at com.intellij.rt.junit.IdeaTestRunner$Repeater$1.execute(IdeaTestRunner.java:38)
	at com.intellij.rt.execution.junit.TestsRepeater.repeat(TestsRepeater.java:11)
	at com.intellij.rt.junit.IdeaTestRunner$Repeater.startRunnerWithArgs(IdeaTestRunner.java:35)
	at com.intellij.rt.junit.JUnitStarter.prepareStreamsAndStart(JUnitStarter.java:232)
	at com.intellij.rt.junit.JUnitStarter.main(JUnitStarter.java:55)
2025-04-10 07:02:27 [main] INFO  l.insoft.uztis.tests.utils.TestUtils - Screenshot moved to C:\Users\ingrida.zadorozniene\Desktop\Asm\UZTIS\UZTIS_tests\test-output\screenshots\20250410\070227927_testConfirmEvaluationThree().png
2025-04-10 07:02:44 [main] INFO  lt.insoft.uztis.tests.UztisPageTest - Navigated to https://uztisdev.asseco.lt/home
2025-04-10 07:02:45 [main] INFO  l.i.uztis.tests.EvaluationsPageTest - Starting test:'testConfirmEvaluationThree'
2025-04-10 07:02:45 [main] INFO  l.i.uztis.tests.EvaluationsPageTest - Starting test:'testNavigateToEvaluationsPage'
2025-04-10 07:02:45 [main] DEBUG l.i.uztis.tests.EvaluationsPageTest - User logged in with test credentials
2025-04-10 07:02:46 [main] DEBUG l.i.uztis.tests.EvaluationsPageTest - Opened 'Application Processing' menu.
2025-04-10 07:02:46 [main] DEBUG l.i.uztis.tests.EvaluationsPageTest - Clicked on 'Evaluations' menu.
2025-04-10 07:02:46 [main] DEBUG l.i.uztis.tests.EvaluationsPageTest - Navigating to evaluations menu.
2025-04-10 07:02:46 [main] INFO  l.i.uztis.tests.EvaluationsPageTest - Test 'testNavigateToEvaluationsPage' completed successfully.
2025-04-10 07:02:46 [main] DEBUG l.i.uztis.tests.EvaluationsPageTest - Clicked on last evaluation.
2025-04-10 07:02:47 [main] DEBUG l.i.uztis.tests.EvaluationsPageTest - Clicked 'Edit'.
2025-04-10 07:02:47 [main] DEBUG l.i.uztis.tests.EvaluationsPageTest - Clicked 'Continue'.
2025-04-10 07:02:48 [main] ERROR l.i.uztis.tests.EvaluationsPageTest - Test 'testConfirmEvaluationThree' failed with error: element click intercepted: Element <button type="submit" class="btn btn--accent">...</button> is not clickable at point (998, 955). Other element would receive the click: <mat-form-field class="mat-mdc-form-field mat-mdc-form-field-type-common-radio-group mat-mdc-form-field-has-icon-prefix mat-mdc-form-field-has-icon-suffix mat-form-field-appearance-outline mat-primary ng-untouched mat-form-field-disabled ng-dirty mat-form-field-animations-enabled" style="--mat-form-field-notch-max-width: calc(100% - 8px);">...</mat-form-field>
  (Session info: chrome=135.0.7049.43)
Build info: version: '4.27.0', revision: 'd6e718d134'
System info: os.name: 'Windows 11', os.arch: 'amd64', os.version: '10.0', java.version: '21.0.3'
Driver info: org.openqa.selenium.chrome.ChromeDriver
Command: [423e48629ec18fb55778604973751583, clickElement {id=f.5FC8A8DB39117B78B2C0F58BB8F1DA1C.d.71D4756BB00FB283B66A1D9B94A1E6D6.e.200}]
Capabilities {acceptInsecureCerts: false, browserName: chrome, browserVersion: 135.0.7049.43, chrome: {chromedriverVersion: 135.0.7049.84 (6c019e560019..., userDataDir: C:\Users\INGRID~1.ZAD\AppDa...}, fedcm:accounts: true, goog:chromeOptions: {debuggerAddress: localhost:53312}, networkConnectionEnabled: false, pageLoadStrategy: normal, platformName: windows, proxy: Proxy(), se:cdp: ws://localhost:53312/devtoo..., se:cdpVersion: 135.0.7049.43, setWindowRect: true, strictFileInteractability: false, timeouts: {implicit: 0, pageLoad: 300000, script: 30000}, unhandledPromptBehavior: dismiss and notify, webauthn:extension:credBlob: true, webauthn:extension:largeBlob: true, webauthn:extension:minPinLength: true, webauthn:extension:prf: true, webauthn:virtualAuthenticators: true}
Element: [[ChromeDriver: chrome on windows (423e48629ec18fb55778604973751583)] -> xpath: //common-button//button[text()='Tvirtinti vertinimą']]
Session ID: 423e48629ec18fb55778604973751583
org.openqa.selenium.ElementClickInterceptedException: element click intercepted: Element <button type="submit" class="btn btn--accent">...</button> is not clickable at point (998, 955). Other element would receive the click: <mat-form-field class="mat-mdc-form-field mat-mdc-form-field-type-common-radio-group mat-mdc-form-field-has-icon-prefix mat-mdc-form-field-has-icon-suffix mat-form-field-appearance-outline mat-primary ng-untouched mat-form-field-disabled ng-dirty mat-form-field-animations-enabled" style="--mat-form-field-notch-max-width: calc(100% - 8px);">...</mat-form-field>
  (Session info: chrome=135.0.7049.43)
Build info: version: '4.27.0', revision: 'd6e718d134'
System info: os.name: 'Windows 11', os.arch: 'amd64', os.version: '10.0', java.version: '21.0.3'
Driver info: org.openqa.selenium.chrome.ChromeDriver
Command: [423e48629ec18fb55778604973751583, clickElement {id=f.5FC8A8DB39117B78B2C0F58BB8F1DA1C.d.71D4756BB00FB283B66A1D9B94A1E6D6.e.200}]
Capabilities {acceptInsecureCerts: false, browserName: chrome, browserVersion: 135.0.7049.43, chrome: {chromedriverVersion: 135.0.7049.84 (6c019e560019..., userDataDir: C:\Users\INGRID~1.ZAD\AppDa...}, fedcm:accounts: true, goog:chromeOptions: {debuggerAddress: localhost:53312}, networkConnectionEnabled: false, pageLoadStrategy: normal, platformName: windows, proxy: Proxy(), se:cdp: ws://localhost:53312/devtoo..., se:cdpVersion: 135.0.7049.43, setWindowRect: true, strictFileInteractability: false, timeouts: {implicit: 0, pageLoad: 300000, script: 30000}, unhandledPromptBehavior: dismiss and notify, webauthn:extension:credBlob: true, webauthn:extension:largeBlob: true, webauthn:extension:minPinLength: true, webauthn:extension:prf: true, webauthn:virtualAuthenticators: true}
Element: [[ChromeDriver: chrome on windows (423e48629ec18fb55778604973751583)] -> xpath: //common-button//button[text()='Tvirtinti vertinimą']]
Session ID: 423e48629ec18fb55778604973751583
	at java.base/jdk.internal.reflect.DirectConstructorHandleAccessor.newInstance(DirectConstructorHandleAccessor.java:62)
	at java.base/java.lang.reflect.Constructor.newInstanceWithCaller(Constructor.java:502)
	at java.base/java.lang.reflect.Constructor.newInstance(Constructor.java:486)
	at org.openqa.selenium.remote.ErrorCodec.decode(ErrorCodec.java:167)
	at org.openqa.selenium.remote.codec.w3c.W3CHttpResponseCodec.decode(W3CHttpResponseCodec.java:138)
	at org.openqa.selenium.remote.codec.w3c.W3CHttpResponseCodec.decode(W3CHttpResponseCodec.java:50)
	at org.openqa.selenium.remote.HttpCommandExecutor.execute(HttpCommandExecutor.java:190)
	at org.openqa.selenium.remote.service.DriverCommandExecutor.invokeExecute(DriverCommandExecutor.java:216)
	at org.openqa.selenium.remote.service.DriverCommandExecutor.execute(DriverCommandExecutor.java:174)
	at org.openqa.selenium.remote.RemoteWebDriver.execute(RemoteWebDriver.java:545)
	at org.openqa.selenium.remote.RemoteWebElement.execute(RemoteWebElement.java:223)
	at org.openqa.selenium.remote.RemoteWebElement.click(RemoteWebElement.java:76)
	at java.base/jdk.internal.reflect.DirectMethodHandleAccessor.invoke(DirectMethodHandleAccessor.java:103)
	at java.base/java.lang.reflect.Method.invoke(Method.java:580)
	at org.openqa.selenium.support.pagefactory.internal.LocatingElementHandler.invoke(LocatingElementHandler.java:51)
	at jdk.proxy2/jdk.proxy2.$Proxy14.click(Unknown Source)
	at lt.insoft.uztis.pages.EvaluationsPage.clickButtonConfirm3(EvaluationsPage.java:264)
	at lt.insoft.uztis.tests.EvaluationsPageTest.testConfirmEvaluationThree(EvaluationsPageTest.java:467)
	at java.base/jdk.internal.reflect.DirectMethodHandleAccessor.invoke(DirectMethodHandleAccessor.java:103)
	at java.base/java.lang.reflect.Method.invoke(Method.java:580)
	at org.junit.platform.commons.util.ReflectionUtils.invokeMethod(ReflectionUtils.java:728)
	at org.junit.jupiter.engine.execution.MethodInvocation.proceed(MethodInvocation.java:60)
	at org.junit.jupiter.engine.execution.InvocationInterceptorChain$ValidatingInvocation.proceed(InvocationInterceptorChain.java:131)
	at org.junit.jupiter.engine.extension.TimeoutExtension.intercept(TimeoutExtension.java:156)
	at org.junit.jupiter.engine.extension.TimeoutExtension.interceptTestableMethod(TimeoutExtension.java:147)
	at org.junit.jupiter.engine.extension.TimeoutExtension.interceptTestMethod(TimeoutExtension.java:86)
	at org.junit.jupiter.engine.execution.InterceptingExecutableInvoker$ReflectiveInterceptorCall.lambda$ofVoidMethod$0(InterceptingExecutableInvoker.java:103)
	at org.junit.jupiter.engine.execution.InterceptingExecutableInvoker.lambda$invoke$0(InterceptingExecutableInvoker.java:93)
	at org.junit.jupiter.engine.execution.InvocationInterceptorChain$InterceptedInvocation.proceed(InvocationInterceptorChain.java:106)
	at org.junit.jupiter.engine.execution.InvocationInterceptorChain.proceed(InvocationInterceptorChain.java:64)
	at org.junit.jupiter.engine.execution.InvocationInterceptorChain.chainAndInvoke(InvocationInterceptorChain.java:45)
	at org.junit.jupiter.engine.execution.InvocationInterceptorChain.invoke(InvocationInterceptorChain.java:37)
	at org.junit.jupiter.engine.execution.InterceptingExecutableInvoker.invoke(InterceptingExecutableInvoker.java:92)
	at org.junit.jupiter.engine.execution.InterceptingExecutableInvoker.invoke(InterceptingExecutableInvoker.java:86)
	at org.junit.jupiter.engine.descriptor.TestMethodTestDescriptor.lambda$invokeTestMethod$7(TestMethodTestDescriptor.java:218)
	at org.junit.platform.engine.support.hierarchical.ThrowableCollector.execute(ThrowableCollector.java:73)
	at org.junit.jupiter.engine.descriptor.TestMethodTestDescriptor.invokeTestMethod(TestMethodTestDescriptor.java:214)
	at org.junit.jupiter.engine.descriptor.TestMethodTestDescriptor.execute(TestMethodTestDescriptor.java:139)
	at org.junit.jupiter.engine.descriptor.TestMethodTestDescriptor.execute(TestMethodTestDescriptor.java:69)
	at org.junit.platform.engine.support.hierarchical.NodeTestTask.lambda$executeRecursively$6(NodeTestTask.java:151)
	at org.junit.platform.engine.support.hierarchical.ThrowableCollector.execute(ThrowableCollector.java:73)
	at org.junit.platform.engine.support.hierarchical.NodeTestTask.lambda$executeRecursively$8(NodeTestTask.java:141)
	at org.junit.platform.engine.support.hierarchical.Node.around(Node.java:137)
	at org.junit.platform.engine.support.hierarchical.NodeTestTask.lambda$executeRecursively$9(NodeTestTask.java:139)
	at org.junit.platform.engine.support.hierarchical.ThrowableCollector.execute(ThrowableCollector.java:73)
	at org.junit.platform.engine.support.hierarchical.NodeTestTask.executeRecursively(NodeTestTask.java:138)
	at org.junit.platform.engine.support.hierarchical.NodeTestTask.execute(NodeTestTask.java:95)
	at java.base/java.util.ArrayList.forEach(ArrayList.java:1596)
	at org.junit.platform.engine.support.hierarchical.SameThreadHierarchicalTestExecutorService.invokeAll(SameThreadHierarchicalTestExecutorService.java:41)
	at org.junit.platform.engine.support.hierarchical.NodeTestTask.lambda$executeRecursively$6(NodeTestTask.java:155)
	at org.junit.platform.engine.support.hierarchical.ThrowableCollector.execute(ThrowableCollector.java:73)
	at org.junit.platform.engine.support.hierarchical.NodeTestTask.lambda$executeRecursively$8(NodeTestTask.java:141)
	at org.junit.platform.engine.support.hierarchical.Node.around(Node.java:137)
	at org.junit.platform.engine.support.hierarchical.NodeTestTask.lambda$executeRecursively$9(NodeTestTask.java:139)
	at org.junit.platform.engine.support.hierarchical.ThrowableCollector.execute(ThrowableCollector.java:73)
	at org.junit.platform.engine.support.hierarchical.NodeTestTask.executeRecursively(NodeTestTask.java:138)
	at org.junit.platform.engine.support.hierarchical.NodeTestTask.execute(NodeTestTask.java:95)
	at java.base/java.util.ArrayList.forEach(ArrayList.java:1596)
	at org.junit.platform.engine.support.hierarchical.SameThreadHierarchicalTestExecutorService.invokeAll(SameThreadHierarchicalTestExecutorService.java:41)
	at org.junit.platform.engine.support.hierarchical.NodeTestTask.lambda$executeRecursively$6(NodeTestTask.java:155)
	at org.junit.platform.engine.support.hierarchical.ThrowableCollector.execute(ThrowableCollector.java:73)
	at org.junit.platform.engine.support.hierarchical.NodeTestTask.lambda$executeRecursively$8(NodeTestTask.java:141)
	at org.junit.platform.engine.support.hierarchical.Node.around(Node.java:137)
	at org.junit.platform.engine.support.hierarchical.NodeTestTask.lambda$executeRecursively$9(NodeTestTask.java:139)
	at org.junit.platform.engine.support.hierarchical.ThrowableCollector.execute(ThrowableCollector.java:73)
	at org.junit.platform.engine.support.hierarchical.NodeTestTask.executeRecursively(NodeTestTask.java:138)
	at org.junit.platform.engine.support.hierarchical.NodeTestTask.execute(NodeTestTask.java:95)
	at org.junit.platform.engine.support.hierarchical.SameThreadHierarchicalTestExecutorService.submit(SameThreadHierarchicalTestExecutorService.java:35)
	at org.junit.platform.engine.support.hierarchical.HierarchicalTestExecutor.execute(HierarchicalTestExecutor.java:57)
	at org.junit.platform.engine.support.hierarchical.HierarchicalTestEngine.execute(HierarchicalTestEngine.java:54)
	at org.junit.platform.launcher.core.EngineExecutionOrchestrator.execute(EngineExecutionOrchestrator.java:198)
	at org.junit.platform.launcher.core.EngineExecutionOrchestrator.execute(EngineExecutionOrchestrator.java:169)
	at org.junit.platform.launcher.core.EngineExecutionOrchestrator.execute(EngineExecutionOrchestrator.java:93)
	at org.junit.platform.launcher.core.EngineExecutionOrchestrator.lambda$execute$0(EngineExecutionOrchestrator.java:58)
	at org.junit.platform.launcher.core.EngineExecutionOrchestrator.withInterceptedStreams(EngineExecutionOrchestrator.java:141)
	at org.junit.platform.launcher.core.EngineExecutionOrchestrator.execute(EngineExecutionOrchestrator.java:57)
	at org.junit.platform.launcher.core.DefaultLauncher.execute(DefaultLauncher.java:103)
	at org.junit.platform.launcher.core.DefaultLauncher.execute(DefaultLauncher.java:85)
	at org.junit.platform.launcher.core.DelegatingLauncher.execute(DelegatingLauncher.java:47)
	at org.junit.platform.launcher.core.SessionPerRequestLauncher.execute(SessionPerRequestLauncher.java:63)
	at com.intellij.junit5.JUnit5IdeaTestRunner.startRunnerWithArgs(JUnit5IdeaTestRunner.java:57)
	at com.intellij.rt.junit.IdeaTestRunner$Repeater$1.execute(IdeaTestRunner.java:38)
	at com.intellij.rt.execution.junit.TestsRepeater.repeat(TestsRepeater.java:11)
	at com.intellij.rt.junit.IdeaTestRunner$Repeater.startRunnerWithArgs(IdeaTestRunner.java:35)
	at com.intellij.rt.junit.JUnitStarter.prepareStreamsAndStart(JUnitStarter.java:232)
	at com.intellij.rt.junit.JUnitStarter.main(JUnitStarter.java:55)
2025-04-10 07:02:49 [main] INFO  l.insoft.uztis.tests.utils.TestUtils - Screenshot moved to C:\Users\ingrida.zadorozniene\Desktop\Asm\UZTIS\UZTIS_tests\test-output\screenshots\20250410\070249160_testConfirmEvaluationThree().png
2025-04-10 07:03:07 [main] INFO  lt.insoft.uztis.tests.UztisPageTest - Navigated to https://uztisdev.asseco.lt/home
2025-04-10 07:03:07 [main] INFO  l.insoft.uztis.tests.FundingPageTest - Starting test:'testFundApplication'
2025-04-10 07:03:07 [main] DEBUG l.insoft.uztis.tests.FundingPageTest - User logged in with test credentials
2025-04-10 07:03:08 [main] DEBUG l.insoft.uztis.tests.FundingPageTest - Opened 'Application Processing' menu.
2025-04-10 07:03:08 [main] DEBUG l.insoft.uztis.tests.FundingPageTest - Clicked on 'Application Forms' menu.
2025-04-10 07:03:08 [main] DEBUG l.insoft.uztis.tests.FundingPageTest - Retrieved last description code text: 'TST-VUI-93'.
2025-04-10 07:03:08 [main] DEBUG l.insoft.uztis.tests.FundingPageTest - Clicked on 'Invitation' menu.
2025-04-10 07:03:10 [main] DEBUG l.insoft.uztis.tests.FundingPageTest - Selected application section by code: 'TST-VUI-93'.
2025-04-10 07:03:10 [main] DEBUG l.insoft.uztis.tests.FundingPageTest - Clicked 'Search' button.
2025-04-10 07:03:10 [main] DEBUG l.insoft.uztis.tests.FundingPageTest - Retrieved invitation code: ''.
2025-04-10 07:03:10 [main] DEBUG l.insoft.uztis.tests.FundingPageTest - Clicked on 'Funding Queue' menu.
2025-04-10 07:03:12 [main] DEBUG l.insoft.uztis.tests.FundingPageTest - Selected invitation by code: 'TST-VUI-93'.
2025-04-10 07:03:12 [main] DEBUG l.insoft.uztis.tests.FundingPageTest - Invitation code inserted.
2025-04-10 07:03:12 [main] DEBUG l.insoft.uztis.tests.FundingPageTest - Clicked 'Form'.
2025-04-10 07:03:12 [main] DEBUG l.insoft.uztis.tests.FundingPageTest - Clicked 'Finance'.
2025-04-10 07:03:12 [main] DEBUG l.insoft.uztis.tests.FundingPageTest - Entered order number 'VUI_1'.
2025-04-10 07:03:13 [main] DEBUG l.insoft.uztis.tests.FundingPageTest - Clicked 'Finance Confirmation'.
2025-04-10 07:03:14 [main] DEBUG l.i.uztis.pages.ApplicationFormsPage - Verified success message: 'Funkcija sėkmingai atlikta.'
2025-04-10 07:03:14 [main] INFO  l.insoft.uztis.tests.FundingPageTest - Verified success message
2025-04-10 07:03:14 [main] INFO  l.insoft.uztis.tests.FundingPageTest - Test 'testFundApplication' completed successfully.
2025-04-15 10:44:32 [main] INFO  lt.insoft.uztis.tests.UztisPageTest - Navigated to https://uztisdev.asseco.lt/home
2025-04-15 10:44:32 [main] INFO  l.i.u.tests.ApplicationFormsPageTest - Setup complete. ApplicationFormsPage initialized.
2025-04-15 10:44:32 [main] INFO  l.i.u.tests.ApplicationFormsPageTest - Starting test:'testCreateNewVuiApplication'
2025-04-15 10:44:33 [main] DEBUG l.i.u.tests.ApplicationFormsPageTest - User logged in with test credentials
2025-04-15 10:44:33 [main] DEBUG l.i.u.tests.ApplicationFormsPageTest - Opened 'Application Processing' menu.
2025-04-15 10:44:33 [main] DEBUG l.i.u.tests.ApplicationFormsPageTest - Clicked on 'Application Forms' menu.
2025-04-15 10:44:34 [main] DEBUG l.i.u.tests.ApplicationFormsPageTest - Clicked to create a new application form.
2025-04-15 10:44:34 [main] DEBUG l.i.u.tests.ApplicationFormsPageTest - Entered random application code: TST-VUI-71
2025-04-15 10:44:34 [main] DEBUG l.i.u.tests.ApplicationFormsPageTest - Selected 'Section' radio button.
2025-04-15 10:44:34 [main] INFO  l.i.uztis.pages.ApplicationFormsPage - Located the dropdown button.
2025-04-15 10:44:34 [main] INFO  l.i.uztis.pages.ApplicationFormsPage - Successfully selected the value: 'Skyrius 1'
2025-04-15 10:44:45 [main] ERROR l.i.uztis.pages.ApplicationFormsPage - Failed to close the dropdown with aria-expanded = 'false'.
2025-04-15 10:44:45 [main] DEBUG l.i.u.tests.ApplicationFormsPageTest - Selected a value from the 'Section' dropdown: 'Skyrius 1'
2025-04-15 10:44:45 [main] DEBUG l.i.u.tests.ApplicationFormsPageTest - Selected 'Budget by Municipality' option.
2025-04-15 10:44:45 [main] DEBUG l.i.u.tests.ApplicationFormsPageTest - Selected 'Financed Without Queue' option.
2025-04-15 10:44:45 [main] DEBUG l.i.u.tests.ApplicationFormsPageTest - Clicked 'Add' button.
2025-04-15 10:44:45 [main] INFO  l.i.uztis.pages.ApplicationFormsPage - Located the dropdown button.
2025-04-15 10:44:46 [main] INFO  l.i.uztis.pages.ApplicationFormsPage - Successfully selected the value: 'VUI atitiktis URP'
2025-04-15 10:44:56 [main] ERROR l.i.uztis.pages.ApplicationFormsPage - Failed to close the dropdown with aria-expanded = 'false'.
2025-04-15 10:44:56 [main] DEBUG l.i.u.tests.ApplicationFormsPageTest - Selected a value from the 'EvaluationOne' dropdown: 'VUI atitiktis URP'
2025-04-15 10:44:56 [main] INFO  l.i.uztis.pages.ApplicationFormsPage - Located the dropdown button.
2025-04-15 10:44:57 [main] INFO  l.i.uztis.pages.ApplicationFormsPage - Successfully selected the value: 'VUI atitiktis kokybės kriterijams'
2025-04-15 10:45:07 [main] ERROR l.i.uztis.pages.ApplicationFormsPage - Failed to close the dropdown with aria-expanded = 'false'.
2025-04-15 10:45:07 [main] DEBUG l.i.u.tests.ApplicationFormsPageTest - Selected a value from the 'EvaluationTwon' dropdown: 'VUI atitiktis kokybės kriterijams'
2025-04-15 10:45:07 [main] INFO  l.i.uztis.pages.ApplicationFormsPage - Located the dropdown button.
2025-04-15 10:45:08 [main] INFO  l.i.uztis.pages.ApplicationFormsPage - Successfully selected the value: 'VUI gynimo vertinimo forma'
2025-04-15 10:45:18 [main] ERROR l.i.uztis.pages.ApplicationFormsPage - Failed to close the dropdown with aria-expanded = 'false'.
2025-04-15 10:45:18 [main] DEBUG l.i.u.tests.ApplicationFormsPageTest - Selected a value from the 'EvaluationThree' dropdown: 'VUI gynimo vertinimo forma'
2025-04-15 10:45:18 [main] DEBUG l.i.u.tests.ApplicationFormsPageTest - Clicked 'Plus' button.
2025-04-15 10:45:19 [main] DEBUG l.i.u.tests.ApplicationFormsPageTest - Clicked 'Add' button seven times.
2025-04-15 10:45:19 [main] INFO  l.i.uztis.pages.ApplicationFormsPage - Processing dropdown index: 0
2025-04-15 10:45:30 [main] ERROR l.i.uztis.pages.ApplicationFormsPage - Timeout while waiting for dropdown to close at index: 0 with aria-expanded = 'false'
2025-04-15 10:45:30 [main] INFO  l.i.uztis.pages.ApplicationFormsPage - Processing dropdown index: 1
2025-04-15 10:45:40 [main] ERROR l.i.uztis.pages.ApplicationFormsPage - Timeout while waiting for dropdown to close at index: 1 with aria-expanded = 'false'
2025-04-15 10:45:40 [main] INFO  l.i.uztis.pages.ApplicationFormsPage - Processing dropdown index: 2
2025-04-15 10:45:51 [main] ERROR l.i.uztis.pages.ApplicationFormsPage - Timeout while waiting for dropdown to close at index: 2 with aria-expanded = 'false'
2025-04-15 10:45:51 [main] INFO  l.i.uztis.pages.ApplicationFormsPage - Processing dropdown index: 3
2025-04-15 10:46:02 [main] ERROR l.i.uztis.pages.ApplicationFormsPage - Timeout while waiting for dropdown to close at index: 3 with aria-expanded = 'false'
2025-04-15 10:46:02 [main] INFO  l.i.uztis.pages.ApplicationFormsPage - Processing dropdown index: 4
2025-04-15 10:46:13 [main] ERROR l.i.uztis.pages.ApplicationFormsPage - Timeout while waiting for dropdown to close at index: 4 with aria-expanded = 'false'
2025-04-15 10:46:13 [main] INFO  l.i.uztis.pages.ApplicationFormsPage - Processing dropdown index: 5
2025-04-15 10:46:24 [main] ERROR l.i.uztis.pages.ApplicationFormsPage - Timeout while waiting for dropdown to close at index: 5 with aria-expanded = 'false'
2025-04-15 10:46:24 [main] INFO  l.i.uztis.pages.ApplicationFormsPage - Processing dropdown index: 6
2025-04-15 10:46:35 [main] ERROR l.i.uztis.pages.ApplicationFormsPage - Timeout while waiting for dropdown to close at index: 6 with aria-expanded = 'false'
2025-04-15 10:46:35 [main] INFO  l.i.uztis.pages.ApplicationFormsPage - Processing dropdown index: 7
2025-04-15 10:46:46 [main] ERROR l.i.uztis.pages.ApplicationFormsPage - Timeout while waiting for dropdown to close at index: 7 with aria-expanded = 'false'
2025-04-15 10:46:46 [main] INFO  l.i.uztis.pages.ApplicationFormsPage - Processing input field index: 0
2025-04-15 10:46:46 [main] INFO  l.i.uztis.pages.ApplicationFormsPage - Entered value '50' into field index: 0
2025-04-15 10:46:46 [main] INFO  l.i.uztis.pages.ApplicationFormsPage - Processing input field index: 1
2025-04-15 10:46:46 [main] INFO  l.i.uztis.pages.ApplicationFormsPage - Entered value '924' into field index: 1
2025-04-15 10:46:46 [main] INFO  l.i.uztis.pages.ApplicationFormsPage - Processing input field index: 2
2025-04-15 10:46:46 [main] INFO  l.i.uztis.pages.ApplicationFormsPage - Entered value '31' into field index: 2
2025-04-15 10:46:46 [main] INFO  l.i.uztis.pages.ApplicationFormsPage - Processing input field index: 3
2025-04-15 10:46:46 [main] INFO  l.i.uztis.pages.ApplicationFormsPage - Entered value '4.7' into field index: 3
2025-04-15 10:46:46 [main] INFO  l.i.uztis.pages.ApplicationFormsPage - Processing input field index: 4
2025-04-15 10:46:46 [main] INFO  l.i.uztis.pages.ApplicationFormsPage - Entered value '35' into field index: 4
2025-04-15 10:46:46 [main] INFO  l.i.uztis.pages.ApplicationFormsPage - Processing input field index: 5
2025-04-15 10:46:46 [main] INFO  l.i.uztis.pages.ApplicationFormsPage - Entered value '20' into field index: 5
2025-04-15 10:46:46 [main] INFO  l.i.uztis.pages.ApplicationFormsPage - Processing input field index: 6
2025-04-15 10:46:46 [main] INFO  l.i.uztis.pages.ApplicationFormsPage - Entered value '30' into field index: 6
2025-04-15 10:46:46 [main] INFO  l.i.uztis.pages.ApplicationFormsPage - Processing input field index: 7
2025-04-15 10:46:47 [main] INFO  l.i.uztis.pages.ApplicationFormsPage - Entered value '60' into field index: 7
2025-04-15 10:46:47 [main] DEBUG l.i.u.tests.ApplicationFormsPageTest - Entered additional values and text.
2025-04-15 10:46:47 [main] DEBUG l.i.u.tests.ApplicationFormsPageTest - Entered application name: VUI paraiška
2025-04-15 10:46:47 [main] DEBUG l.i.u.tests.ApplicationFormsPageTest - Clicked the 'Save' button.
2025-04-15 10:46:47 [main] DEBUG l.i.uztis.pages.ApplicationFormsPage - Verified success message: 'Duomenys sėkmingai išsaugoti.'
2025-04-15 10:46:47 [main] INFO  l.i.u.tests.ApplicationFormsPageTest - Verified success message
2025-04-15 10:46:47 [main] INFO  l.i.u.tests.ApplicationFormsPageTest - Verified that the 'Save Form' button is displayed.
2025-04-15 10:46:47 [main] INFO  l.i.u.tests.ApplicationFormsPageTest - Test 'testCreateNewVuiApplication' completed successfully.
2025-04-15 10:47:05 [main] INFO  lt.insoft.uztis.tests.UztisPageTest - Navigated to https://uztisdev.asseco.lt/home
2025-04-15 10:47:05 [main] INFO  l.i.u.tests.ApplicationFormsPageTest - Setup complete. ApplicationFormsPage initialized.
2025-04-15 10:47:05 [main] INFO  l.i.u.tests.ApplicationFormsPageTest - Starting test:'testEditAndSaveVuiApplication'
2025-04-15 10:47:05 [main] DEBUG l.i.u.tests.ApplicationFormsPageTest - User logged in with test credentials
2025-04-15 10:47:06 [main] DEBUG l.i.u.tests.ApplicationFormsPageTest - Opened 'Application Processing' menu.
2025-04-15 10:47:06 [main] DEBUG l.i.u.tests.ApplicationFormsPageTest - Clicked on 'Application Forms' menu.
2025-04-15 10:47:06 [main] DEBUG l.i.u.tests.ApplicationFormsPageTest - Selected the last application description.
2025-04-15 10:47:06 [main] DEBUG l.i.u.tests.ApplicationFormsPageTest - Clicked the 'Edit' button.
2025-04-15 10:47:07 [main] DEBUG l.i.u.tests.ApplicationFormsPageTest - Selected 'Municipality' radio button.
2025-04-15 10:47:07 [main] INFO  l.i.uztis.pages.ApplicationFormsPage - Located the dropdown button.
2025-04-15 10:47:07 [main] INFO  l.i.uztis.pages.ApplicationFormsPage - Successfully selected the value: 'Kauno departamentas'
2025-04-15 10:47:18 [main] ERROR l.i.uztis.pages.ApplicationFormsPage - Failed to close the dropdown with aria-expanded = 'false'.
2025-04-15 10:47:18 [main] DEBUG l.i.u.tests.ApplicationFormsPageTest - Selected a value from the 'Municipality' dropdown: 'Kauno departamentas'
2025-04-15 10:47:18 [main] DEBUG l.i.u.tests.ApplicationFormsPageTest - Selected 'Budget By Country' radio button.
2025-04-15 10:47:18 [main] DEBUG l.i.u.tests.ApplicationFormsPageTest - Selected 'Financed By Queue' radio button.
2025-04-15 10:47:18 [main] DEBUG l.i.u.tests.ApplicationFormsPageTest - Entered new application name: _paredaguota
2025-04-15 10:47:18 [main] DEBUG l.i.u.tests.ApplicationFormsPageTest - Clicked the 'Save' button.
2025-04-15 10:47:18 [main] DEBUG l.i.uztis.pages.ApplicationFormsPage - Verified success message: 'Duomenys sėkmingai išsaugoti.'
2025-04-15 10:47:18 [main] INFO  l.i.u.tests.ApplicationFormsPageTest - Verified success message
2025-04-15 10:47:18 [main] INFO  l.i.u.tests.ApplicationFormsPageTest - Test 'testEditAndSaveVuiApplication' completed successfully.
2025-04-15 10:47:29 [main] INFO  lt.insoft.uztis.tests.UztisPageTest - Navigated to https://uztisdev.asseco.lt/home
2025-04-15 10:47:29 [main] INFO  l.i.u.tests.ApplicationFormsPageTest - Setup complete. ApplicationFormsPage initialized.
2025-04-15 10:47:29 [main] INFO  l.i.u.tests.ApplicationFormsPageTest - Starting test:'testAddContractVUI'
2025-04-15 10:47:30 [main] DEBUG l.i.u.tests.ApplicationFormsPageTest - User logged in with test credentials
2025-04-15 10:47:30 [main] DEBUG l.i.u.tests.ApplicationFormsPageTest - Opened 'Application Processing' menu.
2025-04-15 10:47:30 [main] DEBUG l.i.u.tests.ApplicationFormsPageTest - Clicked on 'Application Forms' menu.
2025-04-15 10:47:31 [main] DEBUG l.i.u.tests.ApplicationFormsPageTest - Selected the last application description.
2025-04-15 10:47:31 [main] DEBUG l.i.u.tests.ApplicationFormsPageTest - Clicked 'Project Progress' tab.
2025-04-15 10:47:32 [main] DEBUG l.i.u.tests.ApplicationFormsPageTest - Clicked the 'Edit' button.
2025-04-15 10:47:32 [main] INFO  l.i.uztis.pages.ApplicationFormsPage - Located the dropdown button.
2025-04-15 10:47:37 [main] INFO  l.i.uztis.pages.ApplicationFormsPage - Successfully selected the value: 'Vietinių užimtumo iniciatyvų projekto įgyvendinimo ir finansavimo sutartis'
2025-04-15 10:47:47 [main] ERROR l.i.uztis.pages.ApplicationFormsPage - Failed to close the dropdown with aria-expanded = 'false'.
2025-04-15 10:47:47 [main] DEBUG l.i.u.tests.ApplicationFormsPageTest - Selected a value from the 'Document' dropdown: 'Vietinių užimtumo iniciatyvų projekto įgyvendinimo ir finansavimo sutartis'
2025-04-15 10:47:47 [main] DEBUG l.i.u.tests.ApplicationFormsPageTest - Clicked the 'Save' button.
2025-04-15 10:47:48 [main] ERROR l.i.uztis.pages.ApplicationFormsPage - Failed to verify the success message: 'Funkcija sėkmingai atlikta.'. Available messages: [Duomenys sėkmingai išsaugoti.]
2025-04-15 10:47:48 [main] INFO  l.i.u.tests.ApplicationFormsPageTest - Verified success message
2025-04-15 10:47:48 [main] INFO  l.i.u.tests.ApplicationFormsPageTest - Test 'testAddContractVUI' completed successfully.
2025-04-15 10:48:04 [main] INFO  lt.insoft.uztis.tests.UztisPageTest - Navigated to https://uztisdev.asseco.lt/home
2025-04-15 10:48:04 [main] INFO  l.i.uztis.tests.InvitationsPageTest - Starting test:'testCreateNewVuiInvitationDraft'
2025-04-15 10:48:04 [main] DEBUG l.i.uztis.tests.InvitationsPageTest - User logged in with test credentials
2025-04-15 10:48:05 [main] DEBUG l.i.uztis.tests.InvitationsPageTest - Opened 'Application Processing' menu.
2025-04-15 10:48:05 [main] DEBUG l.i.uztis.tests.InvitationsPageTest - Clicked on 'Application Forms' menu.
2025-04-15 10:48:05 [main] DEBUG l.i.uztis.tests.InvitationsPageTest - Navigating to application forms menu.
2025-04-15 10:48:06 [main] DEBUG l.i.uztis.tests.InvitationsPageTest - Retrieved last description code text: 'TST-VUI-71'.
2025-04-15 10:48:06 [main] DEBUG l.i.uztis.tests.InvitationsPageTest - Clicked on 'Invitation' menu.
2025-04-15 10:48:06 [main] DEBUG l.i.uztis.tests.InvitationsPageTest - Clicked 'Create New Application Form'.
2025-04-15 10:48:07 [main] DEBUG l.i.uztis.tests.InvitationsPageTest - Selected section by code: 'TST-VUI-71'.
2025-04-15 10:48:07 [main] INFO  l.insoft.uztis.pages.InvitationsPage - Located the dropdown button.
2025-04-15 10:48:19 [main] ERROR l.insoft.uztis.pages.InvitationsPage - Timeout while waiting for dropdown to close with aria-expanded = 'false'.
2025-04-15 10:48:19 [main] DEBUG l.i.uztis.tests.InvitationsPageTest - Selected invitation number from the list.
2025-04-15 10:48:19 [main] DEBUG l.i.uztis.tests.InvitationsPageTest - Entered current date.
2025-04-15 10:48:19 [main] DEBUG l.i.uztis.tests.InvitationsPageTest - Entered start time: 00:00.
2025-04-15 10:49:45 [main] INFO  lt.insoft.uztis.tests.UztisPageTest - Navigated to https://uztisdev.asseco.lt/home
2025-04-15 10:49:46 [main] INFO  l.i.uztis.tests.InvitationsPageTest - Starting test:'testCreateNewVuiInvitationDraft'
2025-04-15 10:49:46 [main] DEBUG l.i.uztis.tests.InvitationsPageTest - User logged in with test credentials
2025-04-15 10:49:46 [main] DEBUG l.i.uztis.tests.InvitationsPageTest - Opened 'Application Processing' menu.
2025-04-15 10:49:46 [main] DEBUG l.i.uztis.tests.InvitationsPageTest - Clicked on 'Application Forms' menu.
2025-04-15 10:49:46 [main] DEBUG l.i.uztis.tests.InvitationsPageTest - Navigating to application forms menu.
2025-04-15 10:49:47 [main] DEBUG l.i.uztis.tests.InvitationsPageTest - Retrieved last description code text: 'TST-VUI-71'.
2025-04-15 10:49:48 [main] DEBUG l.i.uztis.tests.InvitationsPageTest - Clicked on 'Invitation' menu.
2025-04-15 10:49:48 [main] DEBUG l.i.uztis.tests.InvitationsPageTest - Clicked 'Create New Application Form'.
2025-04-15 10:49:49 [main] DEBUG l.i.uztis.tests.InvitationsPageTest - Selected section by code: 'TST-VUI-71'.
2025-04-15 10:49:49 [main] INFO  l.insoft.uztis.pages.InvitationsPage - Located the dropdown button.
2025-04-15 10:50:01 [main] ERROR l.insoft.uztis.pages.InvitationsPage - Timeout while waiting for dropdown to close with aria-expanded = 'false'.
2025-04-15 10:50:01 [main] DEBUG l.i.uztis.tests.InvitationsPageTest - Selected invitation number from the list.
2025-04-15 10:50:01 [main] DEBUG l.i.uztis.tests.InvitationsPageTest - Entered current date.
2025-04-15 10:50:01 [main] DEBUG l.i.uztis.tests.InvitationsPageTest - Entered start time: 00:00.
2025-04-15 10:50:02 [main] DEBUG l.i.uztis.tests.InvitationsPageTest - Entered end date.
2025-04-15 10:50:02 [main] DEBUG l.i.uztis.tests.InvitationsPageTest - Entered end time: 11:11.
2025-04-15 10:50:02 [main] DEBUG l.i.uztis.tests.InvitationsPageTest - Draft saved.
2025-04-15 10:50:02 [main] DEBUG l.i.uztis.pages.ApplicationFormsPage - Verified success message: 'Duomenys sėkmingai išsaugoti.'
2025-04-15 10:50:02 [main] INFO  l.i.uztis.tests.InvitationsPageTest - Verified success message
2025-04-15 10:50:02 [main] INFO  l.i.uztis.tests.InvitationsPageTest - Test 'testCreateNewVuiInvitationDraft' completed successfully.
2025-04-15 10:50:14 [main] INFO  lt.insoft.uztis.tests.UztisPageTest - Navigated to https://uztisdev.asseco.lt/home
2025-04-15 10:50:14 [main] INFO  l.i.uztis.tests.InvitationsPageTest - Starting test:'testEditAndPublishVuiInvitationDraft'
2025-04-15 10:50:15 [main] DEBUG l.i.uztis.tests.InvitationsPageTest - User logged in with test credentials
2025-04-15 10:50:15 [main] DEBUG l.i.uztis.tests.InvitationsPageTest - Opened 'Application Processing' menu.
2025-04-15 10:50:15 [main] DEBUG l.i.uztis.tests.InvitationsPageTest - Clicked on 'Application Forms' menu.
2025-04-15 10:50:15 [main] DEBUG l.i.uztis.tests.InvitationsPageTest - Navigating to application forms menu.
2025-04-15 10:50:15 [main] DEBUG l.i.uztis.tests.InvitationsPageTest - Retrieved last description code text: 'TST-VUI-71'.
2025-04-15 10:50:15 [main] DEBUG l.i.uztis.tests.InvitationsPageTest - Clicked on 'Invitation' menu.
2025-04-15 10:50:17 [main] DEBUG l.i.uztis.tests.InvitationsPageTest - Selected section by code: 'TST-VUI-71'.
2025-04-15 10:50:17 [main] DEBUG l.i.uztis.tests.InvitationsPageTest - Clicked 'Search'.
2025-04-15 10:50:17 [main] DEBUG l.i.uztis.tests.InvitationsPageTest - Getting and inserting application code text.
2025-04-15 10:50:17 [main] DEBUG l.i.uztis.tests.InvitationsPageTest - Clicked 'InvitationDraft'.
2025-04-15 10:50:18 [main] DEBUG l.i.uztis.tests.InvitationsPageTest - Clicked 'Edit'.
2025-04-15 10:50:18 [main] DEBUG l.i.uztis.tests.InvitationsPageTest - Entered publication end date.
2025-04-15 10:50:19 [main] DEBUG l.i.uztis.tests.InvitationsPageTest - Added additional values.
2025-04-15 10:50:19 [main] INFO  l.insoft.uztis.pages.InvitationsPage - Located the dropdown button.
2025-04-15 10:50:19 [main] DEBUG l.i.uztis.tests.InvitationsPageTest - Selected the value: 'Didžiausia galima paramos suma aplinkos darbo vietai, Eur'
2025-04-15 10:50:19 [main] INFO  l.insoft.uztis.pages.InvitationsPage - Located the dropdown button.
2025-04-15 10:50:19 [main] DEBUG l.i.uztis.tests.InvitationsPageTest - Selected the value: 'Didžiausia galima paramos suma, Eur'
2025-04-15 10:50:19 [main] INFO  l.insoft.uztis.pages.InvitationsPage - Located the dropdown button.
2025-04-15 10:50:20 [main] DEBUG l.i.uztis.tests.InvitationsPageTest - Selected the value: 'Didžiausia galima paramos suma vienai darbo vietai, Eur'
2025-04-15 10:50:20 [main] DEBUG l.i.uztis.tests.InvitationsPageTest - Entered value: 11000
2025-04-15 10:50:20 [main] DEBUG l.i.uztis.tests.InvitationsPageTest - Entered value: 12000
2025-04-15 10:50:21 [main] DEBUG l.i.uztis.tests.InvitationsPageTest - Entered value: 13000
2025-04-15 10:50:21 [main] DEBUG l.i.uztis.tests.InvitationsPageTest - Checked 'Legal Entities' checkbox.
2025-04-15 10:50:21 [main] DEBUG l.i.uztis.tests.InvitationsPageTest - Checked 'Legal Entities' checkbox.
2025-04-15 10:50:21 [main] DEBUG l.i.uztis.tests.InvitationsPageTest - Unchecked 'Persons Registered with Employment Service' checkbox.
2025-04-15 10:50:21 [main] DEBUG l.i.uztis.tests.InvitationsPageTest - Checked 'Persons Registered as Employers' checkbox.
2025-04-15 10:50:21 [main] DEBUG l.i.uztis.tests.InvitationsPageTest - Entered second evaluation grade: '5'.
2025-04-15 10:50:22 [main] DEBUG l.i.uztis.tests.InvitationsPageTest - Entered third evaluation grade: '6'.
2025-04-15 10:50:22 [main] DEBUG l.i.uztis.tests.InvitationsPageTest - Entered second evaluation grade weight: '0,45'.
2025-04-15 10:50:22 [main] DEBUG l.i.uztis.tests.InvitationsPageTest - Entered third evaluation grade weight: '0,55'.
2025-04-15 10:50:22 [main] DEBUG l.i.uztis.tests.InvitationsPageTest - Entered budget: '2000'.
2025-04-15 10:50:22 [main] DEBUG l.i.uztis.tests.InvitationsPageTest - Entered description text: 'Aprašo tekstas'.
2025-04-15 10:50:22 [main] DEBUG l.i.uztis.tests.InvitationsPageTest - Entered applicants text: 'Pareiškėjų tekstas'.
2025-04-15 10:50:22 [main] DEBUG l.i.uztis.tests.InvitationsPageTest - Entered expenditures text: 'Išlaidų tekstas'.
2025-04-15 10:50:22 [main] DEBUG l.i.uztis.tests.InvitationsPageTest - Entered legislation text: 'Teisės aktų tekstas'.
2025-04-15 10:50:23 [main] DEBUG l.i.uztis.tests.InvitationsPageTest - Entered education text: 'Mokymų tekstas'.
2025-04-15 10:50:23 [main] DEBUG l.i.uztis.tests.InvitationsPageTest - File uploaded.
2025-04-15 10:50:23 [main] DEBUG l.i.uztis.tests.InvitationsPageTest - Clicked 'Publish'.
2025-04-15 10:50:23 [main] DEBUG l.i.uztis.tests.InvitationsPageTest - Publication confirmed.
2025-04-15 10:50:24 [main] DEBUG l.i.uztis.pages.ApplicationFormsPage - Verified success message: 'Funkcija sėkmingai atlikta.'
2025-04-15 10:50:24 [main] INFO  l.i.uztis.tests.InvitationsPageTest - Verified success message
2025-04-15 10:50:24 [main] INFO  l.i.uztis.tests.InvitationsPageTest - Test 'testEditAndPublishVuiInvitationDraft' completed successfully.
2025-04-15 10:50:36 [main] INFO  lt.insoft.uztis.tests.UztisPageTest - Navigated to https://uztisdev.asseco.lt/home
2025-04-15 10:50:36 [main] INFO  l.i.uztis.tests.InvitationsPageTest - Starting test:'testInsertVui_PvkStatisticInformation'
2025-04-15 10:50:36 [main] DEBUG l.i.uztis.tests.InvitationsPageTest - User logged in with test credentials
2025-04-15 10:50:36 [main] DEBUG l.i.uztis.tests.InvitationsPageTest - Opened 'Application Processing' menu.
2025-04-15 10:50:37 [main] DEBUG l.i.uztis.tests.InvitationsPageTest - Clicked on 'Application Forms' menu.
2025-04-15 10:50:37 [main] DEBUG l.i.uztis.tests.InvitationsPageTest - Navigating to invitation forms menu.
2025-04-15 10:50:37 [main] DEBUG l.i.uztis.tests.InvitationsPageTest - Retrieved last description code text: 'TST-VUI-71'.
2025-04-15 10:50:37 [main] DEBUG l.i.uztis.tests.InvitationsPageTest - Clicked on 'Invitation' menu.
2025-04-15 10:50:39 [main] DEBUG l.i.uztis.tests.InvitationsPageTest - Selected section by code: 'TST-VUI-71'.
2025-04-15 10:50:39 [main] DEBUG l.i.uztis.tests.InvitationsPageTest - Clicked 'Search'.
2025-04-15 10:50:39 [main] DEBUG l.i.uztis.tests.InvitationsPageTest - Getting and inserting application code text.
2025-04-15 10:50:40 [main] DEBUG l.i.uztis.tests.InvitationsPageTest - Clicked 'Publishing'.
2025-04-15 10:50:40 [main] DEBUG l.i.uztis.tests.InvitationsPageTest - Clicked 'Statistic Information' tab.
2025-04-15 10:50:40 [main] DEBUG l.i.uztis.tests.InvitationsPageTest - Clicked 'Edit' button.
2025-04-15 10:50:41 [main] DEBUG l.i.uztis.tests.InvitationsPageTest - Entered current date.
2025-04-15 10:50:41 [main] DEBUG l.i.uztis.tests.InvitationsPageTest - Entered value: 8.7
2025-04-15 10:50:41 [main] DEBUG l.i.uztis.tests.InvitationsPageTest - Entered average salary: 2237.9
2025-04-15 10:50:41 [main] DEBUG l.i.uztis.tests.InvitationsPageTest - File uploaded.
2025-04-15 10:50:41 [main] DEBUG l.i.uztis.tests.InvitationsPageTest - Clicked 'Save' button.
2025-04-15 10:50:43 [main] DEBUG l.i.uztis.pages.ApplicationFormsPage - Verified success message: 'Funkcija sėkmingai atlikta.'
2025-04-15 10:50:43 [main] INFO  l.i.uztis.tests.InvitationsPageTest - Verified success message
2025-04-15 10:50:43 [main] INFO  l.i.uztis.tests.InvitationsPageTest - Test 'testInsertVui_PvkStatisticInformation' completed successfully.
2025-04-15 10:51:12 [main] INFO  lt.insoft.uztis.tests.UztisPageTest - Navigated to https://uztisdev.asseco.lt/home
2025-04-15 10:51:13 [main] INFO  l.i.u.t.SubmittedApplicationsPageTest - Starting test:'testFillNewVUIPApplicationFA'
2025-04-15 10:51:13 [main] DEBUG l.i.u.t.SubmittedApplicationsPageTest - User logged in with test credentials.
2025-04-15 10:51:14 [main] DEBUG l.i.u.t.SubmittedApplicationsPageTest - Opened 'Application Processing' menu.
2025-04-15 10:51:14 [main] DEBUG l.i.u.t.SubmittedApplicationsPageTest - Clicked on 'Application Forms' menu.
2025-04-15 10:51:14 [main] DEBUG l.i.u.t.SubmittedApplicationsPageTest - Retrieved last description code text: 'TST-VUI-71'.
2025-04-15 10:51:14 [main] DEBUG l.i.u.t.SubmittedApplicationsPageTest - Clicked on 'Invitation' menu.
2025-04-15 10:51:16 [main] DEBUG l.i.u.t.SubmittedApplicationsPageTest - Selected application section by code: 'TST-VUI-71'.
2025-04-15 10:51:16 [main] DEBUG l.i.u.t.SubmittedApplicationsPageTest - Clicked 'Search' button.
2025-04-15 10:51:16 [main] DEBUG l.i.u.t.SubmittedApplicationsPageTest - Retrieved invitation code: ''.
2025-04-15 10:51:16 [main] DEBUG l.i.u.t.SubmittedApplicationsPageTest - Clicked on 'Submitted Applications' menu.
2025-04-15 10:51:18 [main] DEBUG l.i.u.t.SubmittedApplicationsPageTest - Selected invitation by code: 'TST-VUI-71'.
2025-04-15 10:51:18 [main] DEBUG l.i.u.t.SubmittedApplicationsPageTest - Invitation code inserted.
2025-04-15 10:51:18 [main] DEBUG l.i.u.t.SubmittedApplicationsPageTest - Clicked on 'Action Application' button.
2025-04-15 10:51:18 [main] DEBUG l.i.u.t.SubmittedApplicationsPageTest - Clicked on 'New Application' button.
2025-04-15 10:51:19 [main] DEBUG l.i.u.t.SubmittedApplicationsPageTest - Selected the 'RadioButtonFA' option.
2025-04-15 10:51:19 [main] DEBUG l.i.u.t.SubmittedApplicationsPageTest - Entered phone number: '61298745'.
2025-04-15 10:51:19 [main] DEBUG l.i.u.t.SubmittedApplicationsPageTest - Entered email: 'test@autotest.com'.
2025-04-15 10:51:19 [main] INFO  l.i.u.p.SubmittedApplicationsPage - Clicking on the dropdown button.
2025-04-15 10:51:38 [main] INFO  l.i.u.p.SubmittedApplicationsPage - Found 1741 options in the dropdown.
2025-04-15 10:51:38 [main] DEBUG l.i.u.p.SubmittedApplicationsPage - Checking option: ''
2025-04-15 10:51:38 [main] DEBUG l.i.u.p.SubmittedApplicationsPage - Checking option: '01.11 - Grūdinių (išskyrus ryžius), ankštinių ir aliejingų sėklų augalų auginimas'
2025-04-15 10:51:38 [main] INFO  l.i.u.p.SubmittedApplicationsPage - Successfully selected the value: '01.11 - Grūdinių (išskyrus ryžius), ankštinių ir aliejingų sėklų augalų auginimas'
2025-04-15 10:51:38 [main] INFO  l.i.u.p.SubmittedApplicationsPage - Attempting to close the dropdown.
2025-04-15 10:51:39 [main] DEBUG l.i.u.t.SubmittedApplicationsPageTest - Selected EVRK value: '01.11 - Grūdinių (išskyrus ryžius), ankštinių ir aliejingų sėklų augalų auginimas'.
2025-04-15 10:51:39 [main] DEBUG l.i.u.t.SubmittedApplicationsPageTest - Clicked on 'Address Component' button.
2025-04-15 10:51:39 [main] INFO  l.i.u.p.SubmittedApplicationsPage - Located the dropdown button.
2025-04-15 10:51:43 [main] INFO  l.i.u.p.SubmittedApplicationsPage - Successfully selected the value: 'Lietuva'
2025-04-15 10:51:43 [main] DEBUG l.i.u.t.SubmittedApplicationsPageTest - Selected country: 'Lietuva'.
2025-04-15 10:51:43 [main] INFO  l.i.u.p.SubmittedApplicationsPage - Located the dropdown search field.
2025-04-15 10:51:43 [main] INFO  l.i.u.p.SubmittedApplicationsPage - Dropdown city is opened.
2025-04-15 10:51:43 [main] INFO  l.i.u.p.SubmittedApplicationsPage - Searched for value: 'Vilnius'
2025-04-15 10:51:44 [main] INFO  l.i.u.p.SubmittedApplicationsPage - Successfully selected: 'Vilnius'
2025-04-15 10:51:44 [main] INFO  l.i.u.p.SubmittedApplicationsPage - Located the dropdown button.
2025-04-15 10:51:45 [main] INFO  l.i.u.p.SubmittedApplicationsPage - Successfully selected the value: 'A. Domaševičiaus g.'
2025-04-15 10:51:45 [main] DEBUG l.i.u.t.SubmittedApplicationsPageTest - Selected street: 'A. Domaševičiaus g.'.
2025-04-15 10:51:45 [main] INFO  l.i.u.p.SubmittedApplicationsPage - Located the dropdown button.
2025-04-15 10:51:46 [main] INFO  l.i.u.p.SubmittedApplicationsPage - Successfully selected the value: '1'
2025-04-15 10:51:46 [main] DEBUG l.i.u.t.SubmittedApplicationsPageTest - Selected house: '1'.
2025-04-15 10:51:46 [main] INFO  l.i.u.p.SubmittedApplicationsPage - Located the dropdown button.
2025-04-15 10:51:47 [main] INFO  l.i.u.p.SubmittedApplicationsPage - Successfully selected the value: '1'
2025-04-15 10:51:47 [main] DEBUG l.i.u.t.SubmittedApplicationsPageTest - Selected apartment: '1'.
2025-04-15 10:51:47 [main] DEBUG l.i.u.t.SubmittedApplicationsPageTest - Clicked 'Confirm' button.
2025-04-15 10:51:47 [main] DEBUG l.i.u.t.SubmittedApplicationsPageTest - Entered project date.
2025-04-15 10:51:47 [main] DEBUG l.i.u.t.SubmittedApplicationsPageTest - Entered job count: '1'.
2025-04-15 10:51:47 [main] DEBUG l.i.u.t.SubmittedApplicationsPageTest - Clicked 'Next' button.
2025-04-15 10:51:47 [main] INFO  l.i.u.p.SubmittedApplicationsPage - Located the dropdown button.
2025-04-15 10:51:49 [main] INFO  l.i.u.p.SubmittedApplicationsPage - Successfully selected the value: 'Administratoriai'
2025-04-15 10:51:49 [main] DEBUG l.i.u.t.SubmittedApplicationsPageTest - Selected job name: 'Administratoriai'.
2025-04-15 10:51:49 [main] DEBUG l.i.u.t.SubmittedApplicationsPageTest - Entered job function: 'Funkcija 1'.
2025-04-15 10:51:49 [main] DEBUG l.i.u.t.SubmittedApplicationsPageTest - Selected 'RadioButtonWithDisabilities' option.
2025-04-15 10:51:49 [main] INFO  l.i.u.p.SubmittedApplicationsPage - Clicking on the dropdown button.
2025-04-15 10:51:50 [main] INFO  l.i.u.p.SubmittedApplicationsPage - Found 34 options in the dropdown.
2025-04-15 10:51:50 [main] DEBUG l.i.u.p.SubmittedApplicationsPage - Checking option: 'Asmenys, kuriems suteiktas pabėgėlio statusas ar perkeliamojo asmens statusas, arba asmenys, kuriems suteikta papildoma ar laikinoji apsauga, ir asmenys, turintys teisę gauti laikinąją apsaugą, iki sprendimo dėl laikinosios apsaugos suteikimo (nesuteikimo) priėmimo, tačiau ne ilgiau kaip laikinosios apsaugos laikotarpiu'
2025-04-15 10:51:50 [main] DEBUG l.i.u.p.SubmittedApplicationsPage - Checking option: 'Asmenys, kuriems suteiktas pabėgėlio statusas ar perkeliamojo asmens statusas, arba asmenys, kuriems suteikta papildoma ar laikinoji apsauga, ir asmenys, turintys teisę gauti laikinąją apsaugą, iki sprendimo dėl laikinosios apsaugos suteikimo (nesuteikimo) priėmimo, tačiau ne ilgiau kaip laikinosios apsaugos laikotarpiu'
2025-04-15 10:51:50 [main] DEBUG l.i.u.p.SubmittedApplicationsPage - Checking option: 'Asmenys, turintys teisę į papildomas užimtumo garantijas pagal Lietuvos Respublikos valstybės įmonės Ignalinos atominės elektrinės darbuotojų papildomų užimtumo ir socialinių garantijų įstatymą'
2025-04-15 10:51:50 [main] DEBUG l.i.u.p.SubmittedApplicationsPage - Checking option: 'Asmenys, turintys teisę į papildomas užimtumo garantijas pagal Lietuvos Respublikos valstybės įmonės Ignalinos atominės elektrinės darbuotojų papildomų užimtumo ir socialinių garantijų įstatymą'
2025-04-15 10:51:50 [main] DEBUG l.i.u.p.SubmittedApplicationsPage - Checking option: 'Bedarbiai iki 29 metų'
2025-04-15 10:51:50 [main] DEBUG l.i.u.p.SubmittedApplicationsPage - Checking option: 'Bedarbiai iki 29 metų'
2025-04-15 10:51:50 [main] DEBUG l.i.u.p.SubmittedApplicationsPage - Checking option: 'Bedarbiai, kurie yra darbingo amžiaus neįgalieji, kuriems nustatytas 30–40 procentų darbingumo lygis arba vidutinis neįgalumo lygis'
2025-04-15 10:51:50 [main] DEBUG l.i.u.p.SubmittedApplicationsPage - Checking option: 'Bedarbiai, kurie yra darbingo amžiaus neįgalieji, kuriems nustatytas 30–40 procentų darbingumo lygis arba vidutinis neįgalumo lygis'
2025-04-15 10:51:50 [main] DEBUG l.i.u.p.SubmittedApplicationsPage - Checking option: 'Bedarbiai, kurie yra darbingo amžiaus neįgalieji, kuriems nustatytas 45–55 procentų darbingumo lygis arba lengvas neįgalumo lygis'
2025-04-15 10:51:50 [main] DEBUG l.i.u.p.SubmittedApplicationsPage - Checking option: 'Bedarbiai, kurie yra darbingo amžiaus neįgalieji, kuriems nustatytas 45–55 procentų darbingumo lygis arba lengvas neįgalumo lygis'
2025-04-15 10:51:50 [main] DEBUG l.i.u.p.SubmittedApplicationsPage - Checking option: 'Bedarbiai, kurie yra darbingo amžiaus neįgalieji, kuriems nustatytas iki 25 procentų darbingumo lygis arba sunkus neįgalumo lygis'
2025-04-15 10:51:50 [main] INFO  l.i.u.p.SubmittedApplicationsPage - Successfully selected the value: 'Bedarbiai, kurie yra darbingo amžiaus neįgalieji, kuriems nustatytas iki 25 procentų darbingumo lygis arba sunkus neįgalumo lygis'
2025-04-15 10:51:50 [main] INFO  l.i.u.p.SubmittedApplicationsPage - Attempting to close the dropdown.
2025-04-15 10:51:50 [main] DEBUG l.i.u.t.SubmittedApplicationsPageTest - Selected disabilities type: 'Bedarbiai, kurie yra darbingo amžiaus neįgalieji, kuriems nustatytas iki 25 procentų darbingumo lygis arba sunkus neįgalumo lygis'.
2025-04-15 10:51:51 [main] DEBUG l.i.u.t.SubmittedApplicationsPageTest - Entered disability information: 'Negalia 1'.
2025-04-15 10:51:51 [main] INFO  l.i.u.p.SubmittedApplicationsPage - Located the dropdown button.
2025-04-15 10:51:52 [main] INFO  l.i.u.p.SubmittedApplicationsPage - Successfully selected the value: 'Kita'
2025-04-15 10:51:52 [main] DEBUG l.i.u.t.SubmittedApplicationsPageTest - Selected time mode: 'Kita'.
2025-04-15 10:51:52 [main] DEBUG l.i.u.t.SubmittedApplicationsPageTest - Selected time mode other: '6 val. per dieną ir 4 d. per savaitę'.
2025-04-15 10:51:52 [main] DEBUG l.i.u.t.SubmittedApplicationsPageTest - Entered qualification: 'Kvalifikacija 1'.
2025-04-15 10:51:52 [main] DEBUG l.i.u.t.SubmittedApplicationsPageTest - Entered job date.
2025-04-15 10:51:52 [main] DEBUG l.i.u.t.SubmittedApplicationsPageTest - Entered salary amount: '1200'.
2025-04-15 10:51:53 [main] DEBUG l.i.u.t.SubmittedApplicationsPageTest - Entered salary description: 'Užmokestis 1'.
2025-04-15 10:51:53 [main] DEBUG l.i.u.t.SubmittedApplicationsPageTest - Selected 'Temporary Job' radio button.
2025-04-15 10:51:53 [main] DEBUG l.i.u.t.SubmittedApplicationsPageTest - Selected 'Season Job' radio button.
2025-04-15 10:51:53 [main] DEBUG l.i.u.t.SubmittedApplicationsPageTest - Selected 'Energy' radio button.
2025-04-15 10:51:53 [main] DEBUG l.i.u.t.SubmittedApplicationsPageTest - Selected 'Repair' radio button.
2025-04-15 10:51:53 [main] DEBUG l.i.u.t.SubmittedApplicationsPageTest - Entered job description: 'Veikla 1'.
2025-04-15 10:51:54 [main] DEBUG l.i.u.t.SubmittedApplicationsPageTest - Entered process description: 'Procesas 1'.
2025-04-15 10:51:54 [main] DEBUG l.i.u.t.SubmittedApplicationsPageTest - Entered energy information: 'Energija 1'.
2025-04-15 10:51:54 [main] DEBUG l.i.u.t.SubmittedApplicationsPageTest - Entered repair information: 'Remontas 1'.
2025-04-15 10:51:54 [main] DEBUG l.i.u.t.SubmittedApplicationsPageTest - Selected 'PVM' radio button.
2025-04-15 10:51:54 [main] INFO  l.i.u.p.SubmittedApplicationsPage - Located the dropdown button.
2025-04-15 10:51:55 [main] INFO  l.i.u.p.SubmittedApplicationsPage - Successfully selected the value: 'Įsigyti'
2025-04-15 10:51:55 [main] DEBUG l.i.u.t.SubmittedApplicationsPageTest - Selected necessary for job: 'Įsigyti'.
2025-04-15 10:51:55 [main] DEBUG l.i.u.t.SubmittedApplicationsPageTest - Selected tool: 'Darbo priemonė 1'.
2025-04-15 10:51:55 [main] DEBUG l.i.u.t.SubmittedApplicationsPageTest - Selected tool parameter one: 'Darbo priemonės 1 parametras 1'.
2025-04-15 10:51:56 [main] DEBUG l.i.u.t.SubmittedApplicationsPageTest - Selected tool parameter two: 'Darbo priemonės 1 parametras 2'.
2025-04-15 10:51:56 [main] DEBUG l.i.u.t.SubmittedApplicationsPageTest - Selected tool parameter three: 'Darbo priemonės 1 parametras 3'.
2025-04-15 10:51:56 [main] DEBUG l.i.u.t.SubmittedApplicationsPageTest - Entered tool count: '1'.
2025-04-15 10:51:56 [main] DEBUG l.i.u.t.SubmittedApplicationsPageTest - Entered price amount 1: '1000'.
2025-04-15 10:51:59 [main] DEBUG l.i.u.t.SubmittedApplicationsPageTest - Entered own funds amount 1: '800'.
2025-04-15 10:52:01 [main] DEBUG l.i.u.t.SubmittedApplicationsPageTest - Clicked 'Add' button.
2025-04-15 10:52:01 [main] INFO  l.i.u.p.SubmittedApplicationsPage - Located the dropdown button.
2025-04-15 10:52:02 [main] INFO  l.i.u.p.SubmittedApplicationsPage - Successfully selected the value: 'Remontuoti'
2025-04-15 10:52:02 [main] DEBUG l.i.u.t.SubmittedApplicationsPageTest - Selected necessary for job 'to repair': 'Remontuoti'.
2025-04-15 10:52:02 [main] DEBUG l.i.u.t.SubmittedApplicationsPageTest - Selected repair name: 'Remonto pavadinimas 1'.
2025-04-15 10:52:02 [main] DEBUG l.i.u.t.SubmittedApplicationsPageTest - Entered repair information: 'Remonto aprašymas 1'.
2025-04-15 10:52:02 [main] DEBUG l.i.u.t.SubmittedApplicationsPageTest - Entered price amount 2: '1000'.
2025-04-15 10:52:04 [main] DEBUG l.i.u.t.SubmittedApplicationsPageTest - Entered own funds amount 2: '900'.
2025-04-15 10:52:07 [main] DEBUG l.i.u.t.SubmittedApplicationsPageTest - Clicked 'AddRemoved' button.
2025-04-15 10:52:09 [main] DEBUG l.i.u.t.SubmittedApplicationsPageTest - Clicked 'Remove' button.
2025-04-15 10:52:11 [main] DEBUG l.i.u.t.SubmittedApplicationsPageTest - Clicked 'Remove Confirmation' button.
2025-04-15 10:52:13 [main] DEBUG l.i.u.t.SubmittedApplicationsPageTest - Entered country percentage: '50'.
2025-04-15 10:52:13 [main] DEBUG l.i.u.t.SubmittedApplicationsPageTest - Entered institution percentage: '50'.
2025-04-15 10:52:13 [main] DEBUG l.i.u.t.SubmittedApplicationsPageTest - Entered municipality percentage: '50'.
2025-04-15 10:52:13 [main] DEBUG l.i.u.t.SubmittedApplicationsPageTest - Selected 'De Minimis' radio button.
2025-04-15 10:52:13 [main] DEBUG l.i.u.t.SubmittedApplicationsPageTest - Entered program name: 'Programa 1'.
2025-04-15 10:52:14 [main] DEBUG l.i.u.t.SubmittedApplicationsPageTest - Entered project date from.
2025-04-15 10:52:14 [main] DEBUG l.i.u.t.SubmittedApplicationsPageTest - Entered project date until.
2025-04-15 10:52:14 [main] DEBUG l.i.u.t.SubmittedApplicationsPageTest - Entered support amount: '2000'.
2025-04-15 10:52:14 [main] DEBUG l.i.u.t.SubmittedApplicationsPageTest - Clicked 'Next' button.
2025-04-15 10:52:24 [main] DEBUG l.i.u.t.SubmittedApplicationsPageTest - Checked 'Legal Entities' checkbox 1.
2025-04-15 10:52:34 [main] DEBUG l.i.u.t.SubmittedApplicationsPageTest - Checked 'Legal Entities' checkbox 2.
2025-04-15 10:52:44 [main] DEBUG l.i.u.t.SubmittedApplicationsPageTest - Checked 'Legal Entities' checkbox 3.
2025-04-15 10:52:44 [main] DEBUG l.i.u.t.SubmittedApplicationsPageTest - Test finished: All 'Legal Entities' checkboxes checked successfully.
2025-04-15 10:52:45 [main] DEBUG l.i.u.t.SubmittedApplicationsPageTest - Clicked 'Next' button after checkboxes.
2025-04-15 10:52:55 [main] ERROR l.i.u.p.SubmittedApplicationsPage - Error selecting radio button: Expected condition failed: waiting for element to be clickable: By.xpath: (//input[@type='radio' and @value='false'])[8] (tried for 10 second(s) with 500 milliseconds interval)
Build info: version: '4.27.0', revision: 'd6e718d134'
System info: os.name: 'Windows 11', os.arch: 'amd64', os.version: '10.0', java.version: '21.0.3'
Driver info: org.openqa.selenium.chrome.ChromeDriver
Capabilities {acceptInsecureCerts: false, browserName: chrome, browserVersion: 135.0.7049.85, chrome: {chromedriverVersion: 135.0.7049.84 (6c019e560019..., userDataDir: C:\Users\INGRID~1.ZAD\AppDa...}, fedcm:accounts: true, goog:chromeOptions: {debuggerAddress: localhost:56883}, networkConnectionEnabled: false, pageLoadStrategy: normal, platformName: windows, proxy: Proxy(), se:cdp: ws://localhost:56883/devtoo..., se:cdpVersion: 135.0.7049.85, setWindowRect: true, strictFileInteractability: false, timeouts: {implicit: 0, pageLoad: 300000, script: 30000}, unhandledPromptBehavior: dismiss and notify, webauthn:extension:credBlob: true, webauthn:extension:largeBlob: true, webauthn:extension:minPinLength: true, webauthn:extension:prf: true, webauthn:virtualAuthenticators: true}
Session ID: 0a273381b30a6a7dec7494b1935e5df7
2025-04-15 10:52:55 [main] INFO  l.i.u.t.SubmittedApplicationsPageTest - Marking 'Ne' radio button 1
2025-04-15 10:53:05 [main] ERROR l.i.u.p.SubmittedApplicationsPage - Error selecting radio button: Expected condition failed: waiting for element to be clickable: By.xpath: (//input[@type='radio' and @value='false'])[9] (tried for 10 second(s) with 500 milliseconds interval)
Build info: version: '4.27.0', revision: 'd6e718d134'
System info: os.name: 'Windows 11', os.arch: 'amd64', os.version: '10.0', java.version: '21.0.3'
Driver info: org.openqa.selenium.chrome.ChromeDriver
Capabilities {acceptInsecureCerts: false, browserName: chrome, browserVersion: 135.0.7049.85, chrome: {chromedriverVersion: 135.0.7049.84 (6c019e560019..., userDataDir: C:\Users\INGRID~1.ZAD\AppDa...}, fedcm:accounts: true, goog:chromeOptions: {debuggerAddress: localhost:56883}, networkConnectionEnabled: false, pageLoadStrategy: normal, platformName: windows, proxy: Proxy(), se:cdp: ws://localhost:56883/devtoo..., se:cdpVersion: 135.0.7049.85, setWindowRect: true, strictFileInteractability: false, timeouts: {implicit: 0, pageLoad: 300000, script: 30000}, unhandledPromptBehavior: dismiss and notify, webauthn:extension:credBlob: true, webauthn:extension:largeBlob: true, webauthn:extension:minPinLength: true, webauthn:extension:prf: true, webauthn:virtualAuthenticators: true}
Session ID: 0a273381b30a6a7dec7494b1935e5df7
2025-04-15 10:53:05 [main] INFO  l.i.u.t.SubmittedApplicationsPageTest - Marking 'Ne' radio button 2
2025-04-15 10:53:15 [main] ERROR l.i.u.p.SubmittedApplicationsPage - Error selecting radio button: Expected condition failed: waiting for element to be clickable: By.xpath: (//input[@type='radio' and @value='false'])[10] (tried for 10 second(s) with 500 milliseconds interval)
Build info: version: '4.27.0', revision: 'd6e718d134'
System info: os.name: 'Windows 11', os.arch: 'amd64', os.version: '10.0', java.version: '21.0.3'
Driver info: org.openqa.selenium.chrome.ChromeDriver
Capabilities {acceptInsecureCerts: false, browserName: chrome, browserVersion: 135.0.7049.85, chrome: {chromedriverVersion: 135.0.7049.84 (6c019e560019..., userDataDir: C:\Users\INGRID~1.ZAD\AppDa...}, fedcm:accounts: true, goog:chromeOptions: {debuggerAddress: localhost:56883}, networkConnectionEnabled: false, pageLoadStrategy: normal, platformName: windows, proxy: Proxy(), se:cdp: ws://localhost:56883/devtoo..., se:cdpVersion: 135.0.7049.85, setWindowRect: true, strictFileInteractability: false, timeouts: {implicit: 0, pageLoad: 300000, script: 30000}, unhandledPromptBehavior: dismiss and notify, webauthn:extension:credBlob: true, webauthn:extension:largeBlob: true, webauthn:extension:minPinLength: true, webauthn:extension:prf: true, webauthn:virtualAuthenticators: true}
Session ID: 0a273381b30a6a7dec7494b1935e5df7
2025-04-15 10:53:15 [main] INFO  l.i.u.t.SubmittedApplicationsPageTest - Marking 'Ne' radio button 3
2025-04-15 10:53:25 [main] ERROR l.i.u.p.SubmittedApplicationsPage - Error selecting radio button: Expected condition failed: waiting for element to be clickable: By.xpath: (//input[@type='radio' and @value='false'])[11] (tried for 10 second(s) with 500 milliseconds interval)
Build info: version: '4.27.0', revision: 'd6e718d134'
System info: os.name: 'Windows 11', os.arch: 'amd64', os.version: '10.0', java.version: '21.0.3'
Driver info: org.openqa.selenium.chrome.ChromeDriver
Capabilities {acceptInsecureCerts: false, browserName: chrome, browserVersion: 135.0.7049.85, chrome: {chromedriverVersion: 135.0.7049.84 (6c019e560019..., userDataDir: C:\Users\INGRID~1.ZAD\AppDa...}, fedcm:accounts: true, goog:chromeOptions: {debuggerAddress: localhost:56883}, networkConnectionEnabled: false, pageLoadStrategy: normal, platformName: windows, proxy: Proxy(), se:cdp: ws://localhost:56883/devtoo..., se:cdpVersion: 135.0.7049.85, setWindowRect: true, strictFileInteractability: false, timeouts: {implicit: 0, pageLoad: 300000, script: 30000}, unhandledPromptBehavior: dismiss and notify, webauthn:extension:credBlob: true, webauthn:extension:largeBlob: true, webauthn:extension:minPinLength: true, webauthn:extension:prf: true, webauthn:virtualAuthenticators: true}
Session ID: 0a273381b30a6a7dec7494b1935e5df7
2025-04-15 10:53:25 [main] INFO  l.i.u.t.SubmittedApplicationsPageTest - Marking 'Ne' radio button 4
2025-04-15 10:53:35 [main] ERROR l.i.u.p.SubmittedApplicationsPage - Error selecting radio button: Expected condition failed: waiting for element to be clickable: By.xpath: (//input[@type='radio' and @value='false'])[12] (tried for 10 second(s) with 500 milliseconds interval)
Build info: version: '4.27.0', revision: 'd6e718d134'
System info: os.name: 'Windows 11', os.arch: 'amd64', os.version: '10.0', java.version: '21.0.3'
Driver info: org.openqa.selenium.chrome.ChromeDriver
Capabilities {acceptInsecureCerts: false, browserName: chrome, browserVersion: 135.0.7049.85, chrome: {chromedriverVersion: 135.0.7049.84 (6c019e560019..., userDataDir: C:\Users\INGRID~1.ZAD\AppDa...}, fedcm:accounts: true, goog:chromeOptions: {debuggerAddress: localhost:56883}, networkConnectionEnabled: false, pageLoadStrategy: normal, platformName: windows, proxy: Proxy(), se:cdp: ws://localhost:56883/devtoo..., se:cdpVersion: 135.0.7049.85, setWindowRect: true, strictFileInteractability: false, timeouts: {implicit: 0, pageLoad: 300000, script: 30000}, unhandledPromptBehavior: dismiss and notify, webauthn:extension:credBlob: true, webauthn:extension:largeBlob: true, webauthn:extension:minPinLength: true, webauthn:extension:prf: true, webauthn:virtualAuthenticators: true}
Session ID: 0a273381b30a6a7dec7494b1935e5df7
2025-04-15 10:53:35 [main] INFO  l.i.u.t.SubmittedApplicationsPageTest - Marking 'Ne' radio button 5
2025-04-15 10:53:45 [main] ERROR l.i.u.p.SubmittedApplicationsPage - Error selecting radio button: Expected condition failed: waiting for element to be clickable: By.xpath: (//input[@type='radio' and @value='false'])[13] (tried for 10 second(s) with 500 milliseconds interval)
Build info: version: '4.27.0', revision: 'd6e718d134'
System info: os.name: 'Windows 11', os.arch: 'amd64', os.version: '10.0', java.version: '21.0.3'
Driver info: org.openqa.selenium.chrome.ChromeDriver
Capabilities {acceptInsecureCerts: false, browserName: chrome, browserVersion: 135.0.7049.85, chrome: {chromedriverVersion: 135.0.7049.84 (6c019e560019..., userDataDir: C:\Users\INGRID~1.ZAD\AppDa...}, fedcm:accounts: true, goog:chromeOptions: {debuggerAddress: localhost:56883}, networkConnectionEnabled: false, pageLoadStrategy: normal, platformName: windows, proxy: Proxy(), se:cdp: ws://localhost:56883/devtoo..., se:cdpVersion: 135.0.7049.85, setWindowRect: true, strictFileInteractability: false, timeouts: {implicit: 0, pageLoad: 300000, script: 30000}, unhandledPromptBehavior: dismiss and notify, webauthn:extension:credBlob: true, webauthn:extension:largeBlob: true, webauthn:extension:minPinLength: true, webauthn:extension:prf: true, webauthn:virtualAuthenticators: true}
Session ID: 0a273381b30a6a7dec7494b1935e5df7
2025-04-15 10:53:45 [main] INFO  l.i.u.t.SubmittedApplicationsPageTest - Marking 'Ne' radio button 6
2025-04-15 10:53:55 [main] ERROR l.i.u.p.SubmittedApplicationsPage - Error selecting radio button: Expected condition failed: waiting for element to be clickable: By.xpath: (//input[@type='radio' and @value='true'])[14] (tried for 10 second(s) with 500 milliseconds interval)
Build info: version: '4.27.0', revision: 'd6e718d134'
System info: os.name: 'Windows 11', os.arch: 'amd64', os.version: '10.0', java.version: '21.0.3'
Driver info: org.openqa.selenium.chrome.ChromeDriver
Capabilities {acceptInsecureCerts: false, browserName: chrome, browserVersion: 135.0.7049.85, chrome: {chromedriverVersion: 135.0.7049.84 (6c019e560019..., userDataDir: C:\Users\INGRID~1.ZAD\AppDa...}, fedcm:accounts: true, goog:chromeOptions: {debuggerAddress: localhost:56883}, networkConnectionEnabled: false, pageLoadStrategy: normal, platformName: windows, proxy: Proxy(), se:cdp: ws://localhost:56883/devtoo..., se:cdpVersion: 135.0.7049.85, setWindowRect: true, strictFileInteractability: false, timeouts: {implicit: 0, pageLoad: 300000, script: 30000}, unhandledPromptBehavior: dismiss and notify, webauthn:extension:credBlob: true, webauthn:extension:largeBlob: true, webauthn:extension:minPinLength: true, webauthn:extension:prf: true, webauthn:virtualAuthenticators: true}
Session ID: 0a273381b30a6a7dec7494b1935e5df7
2025-04-15 10:53:55 [main] INFO  l.i.u.t.SubmittedApplicationsPageTest - Marking 'Taip' radio button 7
2025-04-15 10:54:05 [main] ERROR l.i.u.p.SubmittedApplicationsPage - Error selecting radio button: Expected condition failed: waiting for element to be clickable: By.xpath: (//input[@type='radio' and @value='true'])[15] (tried for 10 second(s) with 500 milliseconds interval)
Build info: version: '4.27.0', revision: 'd6e718d134'
System info: os.name: 'Windows 11', os.arch: 'amd64', os.version: '10.0', java.version: '21.0.3'
Driver info: org.openqa.selenium.chrome.ChromeDriver
Capabilities {acceptInsecureCerts: false, browserName: chrome, browserVersion: 135.0.7049.85, chrome: {chromedriverVersion: 135.0.7049.84 (6c019e560019..., userDataDir: C:\Users\INGRID~1.ZAD\AppDa...}, fedcm:accounts: true, goog:chromeOptions: {debuggerAddress: localhost:56883}, networkConnectionEnabled: false, pageLoadStrategy: normal, platformName: windows, proxy: Proxy(), se:cdp: ws://localhost:56883/devtoo..., se:cdpVersion: 135.0.7049.85, setWindowRect: true, strictFileInteractability: false, timeouts: {implicit: 0, pageLoad: 300000, script: 30000}, unhandledPromptBehavior: dismiss and notify, webauthn:extension:credBlob: true, webauthn:extension:largeBlob: true, webauthn:extension:minPinLength: true, webauthn:extension:prf: true, webauthn:virtualAuthenticators: true}
Session ID: 0a273381b30a6a7dec7494b1935e5df7
2025-04-15 10:54:05 [main] INFO  l.i.u.t.SubmittedApplicationsPageTest - Marking 'Taip' radio button 8
2025-04-15 10:54:15 [main] ERROR l.i.u.p.SubmittedApplicationsPage - Error selecting radio button: Expected condition failed: waiting for element to be clickable: By.xpath: (//input[@type='radio' and @value='true'])[16] (tried for 10 second(s) with 500 milliseconds interval)
Build info: version: '4.27.0', revision: 'd6e718d134'
System info: os.name: 'Windows 11', os.arch: 'amd64', os.version: '10.0', java.version: '21.0.3'
Driver info: org.openqa.selenium.chrome.ChromeDriver
Capabilities {acceptInsecureCerts: false, browserName: chrome, browserVersion: 135.0.7049.85, chrome: {chromedriverVersion: 135.0.7049.84 (6c019e560019..., userDataDir: C:\Users\INGRID~1.ZAD\AppDa...}, fedcm:accounts: true, goog:chromeOptions: {debuggerAddress: localhost:56883}, networkConnectionEnabled: false, pageLoadStrategy: normal, platformName: windows, proxy: Proxy(), se:cdp: ws://localhost:56883/devtoo..., se:cdpVersion: 135.0.7049.85, setWindowRect: true, strictFileInteractability: false, timeouts: {implicit: 0, pageLoad: 300000, script: 30000}, unhandledPromptBehavior: dismiss and notify, webauthn:extension:credBlob: true, webauthn:extension:largeBlob: true, webauthn:extension:minPinLength: true, webauthn:extension:prf: true, webauthn:virtualAuthenticators: true}
Session ID: 0a273381b30a6a7dec7494b1935e5df7
2025-04-15 10:54:15 [main] INFO  l.i.u.t.SubmittedApplicationsPageTest - Marking 'Taip' radio button 9
2025-04-15 10:54:25 [main] ERROR l.i.u.p.SubmittedApplicationsPage - Error selecting radio button: Expected condition failed: waiting for element to be clickable: By.xpath: (//input[@type='radio' and @value='true'])[17] (tried for 10 second(s) with 500 milliseconds interval)
Build info: version: '4.27.0', revision: 'd6e718d134'
System info: os.name: 'Windows 11', os.arch: 'amd64', os.version: '10.0', java.version: '21.0.3'
Driver info: org.openqa.selenium.chrome.ChromeDriver
Capabilities {acceptInsecureCerts: false, browserName: chrome, browserVersion: 135.0.7049.85, chrome: {chromedriverVersion: 135.0.7049.84 (6c019e560019..., userDataDir: C:\Users\INGRID~1.ZAD\AppDa...}, fedcm:accounts: true, goog:chromeOptions: {debuggerAddress: localhost:56883}, networkConnectionEnabled: false, pageLoadStrategy: normal, platformName: windows, proxy: Proxy(), se:cdp: ws://localhost:56883/devtoo..., se:cdpVersion: 135.0.7049.85, setWindowRect: true, strictFileInteractability: false, timeouts: {implicit: 0, pageLoad: 300000, script: 30000}, unhandledPromptBehavior: dismiss and notify, webauthn:extension:credBlob: true, webauthn:extension:largeBlob: true, webauthn:extension:minPinLength: true, webauthn:extension:prf: true, webauthn:virtualAuthenticators: true}
Session ID: 0a273381b30a6a7dec7494b1935e5df7
2025-04-15 10:54:25 [main] INFO  l.i.u.t.SubmittedApplicationsPageTest - Marking 'Taip' radio button 10
2025-04-15 10:54:35 [main] ERROR l.i.u.p.SubmittedApplicationsPage - Error selecting radio button: Expected condition failed: waiting for element to be clickable: By.xpath: (//input[@type='radio' and @value='true'])[18] (tried for 10 second(s) with 500 milliseconds interval)
Build info: version: '4.27.0', revision: 'd6e718d134'
System info: os.name: 'Windows 11', os.arch: 'amd64', os.version: '10.0', java.version: '21.0.3'
Driver info: org.openqa.selenium.chrome.ChromeDriver
Capabilities {acceptInsecureCerts: false, browserName: chrome, browserVersion: 135.0.7049.85, chrome: {chromedriverVersion: 135.0.7049.84 (6c019e560019..., userDataDir: C:\Users\INGRID~1.ZAD\AppDa...}, fedcm:accounts: true, goog:chromeOptions: {debuggerAddress: localhost:56883}, networkConnectionEnabled: false, pageLoadStrategy: normal, platformName: windows, proxy: Proxy(), se:cdp: ws://localhost:56883/devtoo..., se:cdpVersion: 135.0.7049.85, setWindowRect: true, strictFileInteractability: false, timeouts: {implicit: 0, pageLoad: 300000, script: 30000}, unhandledPromptBehavior: dismiss and notify, webauthn:extension:credBlob: true, webauthn:extension:largeBlob: true, webauthn:extension:minPinLength: true, webauthn:extension:prf: true, webauthn:virtualAuthenticators: true}
Session ID: 0a273381b30a6a7dec7494b1935e5df7
2025-04-15 10:54:35 [main] INFO  l.i.u.t.SubmittedApplicationsPageTest - Marking 'Taip' radio button 11
2025-04-15 10:54:46 [main] ERROR l.i.u.p.SubmittedApplicationsPage - Error selecting radio button: Expected condition failed: waiting for element to be clickable: By.xpath: (//input[@type='radio' and @value='true'])[19] (tried for 10 second(s) with 500 milliseconds interval)
Build info: version: '4.27.0', revision: 'd6e718d134'
System info: os.name: 'Windows 11', os.arch: 'amd64', os.version: '10.0', java.version: '21.0.3'
Driver info: org.openqa.selenium.chrome.ChromeDriver
Capabilities {acceptInsecureCerts: false, browserName: chrome, browserVersion: 135.0.7049.85, chrome: {chromedriverVersion: 135.0.7049.84 (6c019e560019..., userDataDir: C:\Users\INGRID~1.ZAD\AppDa...}, fedcm:accounts: true, goog:chromeOptions: {debuggerAddress: localhost:56883}, networkConnectionEnabled: false, pageLoadStrategy: normal, platformName: windows, proxy: Proxy(), se:cdp: ws://localhost:56883/devtoo..., se:cdpVersion: 135.0.7049.85, setWindowRect: true, strictFileInteractability: false, timeouts: {implicit: 0, pageLoad: 300000, script: 30000}, unhandledPromptBehavior: dismiss and notify, webauthn:extension:credBlob: true, webauthn:extension:largeBlob: true, webauthn:extension:minPinLength: true, webauthn:extension:prf: true, webauthn:virtualAuthenticators: true}
Session ID: 0a273381b30a6a7dec7494b1935e5df7
2025-04-15 10:54:46 [main] INFO  l.i.u.t.SubmittedApplicationsPageTest - Marking 'Taip' radio button 12
2025-04-15 10:54:56 [main] DEBUG l.i.u.t.SubmittedApplicationsPageTest - Checked 'ConfirmationStepFour'
2025-04-15 10:54:56 [main] DEBUG l.i.u.t.SubmittedApplicationsPageTest - Clicked 'Next' button after checkboxes.
2025-04-15 10:54:56 [main] INFO  l.i.u.p.SubmittedApplicationsPage - File uploaded successfully to an input element.
2025-04-15 10:54:56 [main] INFO  l.i.u.p.SubmittedApplicationsPage - File uploaded successfully to an input element.
2025-04-15 10:54:56 [main] INFO  l.i.u.p.SubmittedApplicationsPage - File uploaded successfully to an input element.
2025-04-15 10:54:56 [main] INFO  l.i.u.p.SubmittedApplicationsPage - File uploaded successfully to an input element.
2025-04-15 10:54:56 [main] INFO  l.i.u.p.SubmittedApplicationsPage - File uploaded successfully to an input element.
2025-04-15 10:54:56 [main] INFO  l.i.u.p.SubmittedApplicationsPage - File uploaded successfully to an input element.
2025-04-15 10:54:56 [main] INFO  l.i.u.p.SubmittedApplicationsPage - File uploaded successfully to an input element.
2025-04-15 10:54:56 [main] INFO  l.i.u.p.SubmittedApplicationsPage - File uploaded successfully to an input element.
2025-04-15 10:54:56 [main] INFO  l.i.u.p.SubmittedApplicationsPage - File uploaded successfully to an input element.
2025-04-15 10:54:56 [main] INFO  l.i.u.p.SubmittedApplicationsPage - File uploaded successfully to an input element.
2025-04-15 10:54:57 [main] DEBUG l.i.u.t.SubmittedApplicationsPageTest - Entered program name: 'Dokumentas 1'.
2025-04-15 10:54:57 [main] DEBUG l.i.u.t.SubmittedApplicationsPageTest - Entered program name: 'Dokumentas 2'.
2025-04-15 10:54:57 [main] DEBUG l.i.u.t.SubmittedApplicationsPageTest - Entered program name: 'Dokumentas 3'.
2025-04-15 10:54:57 [main] DEBUG l.i.u.t.SubmittedApplicationsPageTest - Entered program name: 'Dokumentas 4'.
2025-04-15 10:54:57 [main] DEBUG l.i.u.t.SubmittedApplicationsPageTest - Entered program name: 'Dokumentas 5'.
2025-04-15 10:54:57 [main] DEBUG l.i.u.t.SubmittedApplicationsPageTest - Entered program name: 'Dokumentas 6'.
2025-04-15 10:54:58 [main] DEBUG l.i.u.t.SubmittedApplicationsPageTest - Entered program name: 'Dokumentas 4'.
2025-04-15 10:54:58 [main] DEBUG l.i.u.t.SubmittedApplicationsPageTest - Entered program name: 'Dokumentas 8'.
2025-04-15 10:54:58 [main] DEBUG l.i.u.t.SubmittedApplicationsPageTest - Entered program name: 'Dokumentas 9'.
2025-04-15 10:54:58 [main] DEBUG l.i.u.t.SubmittedApplicationsPageTest - Entered program name: 'Dokumentas 10'.
2025-04-15 10:55:08 [main] DEBUG l.i.u.t.SubmittedApplicationsPageTest - Checked 'ConfirmationDocument'
2025-04-15 10:55:18 [main] DEBUG l.i.u.t.SubmittedApplicationsPageTest - Checked 'ConfirmationApplication'
2025-04-15 10:55:18 [main] DEBUG l.i.u.t.SubmittedApplicationsPageTest - Clicked 'SaveDraft' button after checkboxes.
2025-04-15 10:55:19 [main] DEBUG l.i.uztis.pages.ApplicationFormsPage - Verified success message: 'Ruošinys sėkmingai išsaugotas.'
2025-04-15 10:55:19 [main] INFO  l.i.u.t.SubmittedApplicationsPageTest - Verified success message
2025-04-15 10:55:19 [main] DEBUG l.i.u.t.SubmittedApplicationsPageTest - Clicked 'Review' button after checkboxes.
2025-04-15 10:55:21 [main] DEBUG l.i.u.t.SubmittedApplicationsPageTest - Clicked 'Submit' button after checkboxes.
2025-04-15 10:55:21 [main] DEBUG l.i.u.t.SubmittedApplicationsPageTest - Clicked 'SubmitConfirmation' button after checkboxes.
2025-04-15 10:55:21 [main] ERROR l.i.uztis.pages.ApplicationFormsPage - Failed to verify the success message: 'Paraiška sėkmingai pateikta ir užregistruota.'. Available messages: [Ruošinys sėkmingai išsaugotas.]
2025-04-15 10:55:21 [main] INFO  l.i.u.t.SubmittedApplicationsPageTest - Test 'testFillNewVUIApplicationFA' completed successfully.
2025-04-15 10:55:43 [main] INFO  lt.insoft.uztis.tests.UztisPageTest - Navigated to https://uztisdev.asseco.lt/home
2025-04-15 10:55:43 [main] INFO  l.i.u.t.SubmittedApplicationsPageTest - Starting test:'testAddEvaluators'
2025-04-15 10:55:43 [main] DEBUG l.i.u.t.SubmittedApplicationsPageTest - User logged in with test credentials.
2025-04-15 10:55:44 [main] DEBUG l.i.u.t.SubmittedApplicationsPageTest - Opened 'Application Processing' menu.
2025-04-15 10:55:44 [main] DEBUG l.i.u.t.SubmittedApplicationsPageTest - Clicked on 'Application Forms' menu.
2025-04-15 10:55:44 [main] DEBUG l.i.u.t.SubmittedApplicationsPageTest - Retrieved last description code text: 'TST-VUI-71'.
2025-04-15 10:55:45 [main] DEBUG l.i.u.t.SubmittedApplicationsPageTest - Clicked on 'Invitation' menu.
2025-04-15 10:55:46 [main] DEBUG l.i.u.t.SubmittedApplicationsPageTest - Selected application section by code: 'TST-VUI-71'.
2025-04-15 10:55:46 [main] DEBUG l.i.u.t.SubmittedApplicationsPageTest - Clicked 'Search' button.
2025-04-15 10:55:46 [main] DEBUG l.i.u.t.SubmittedApplicationsPageTest - Retrieved invitation code: ''.
2025-04-15 10:55:46 [main] DEBUG l.i.u.t.SubmittedApplicationsPageTest - Clicked on 'Submitted Applications' menu.
2025-04-15 10:55:48 [main] DEBUG l.i.u.t.SubmittedApplicationsPageTest - Selected invitation by code: 'TST-VUI-71'.
2025-04-15 10:55:48 [main] DEBUG l.i.u.t.SubmittedApplicationsPageTest - Invitation code inserted.
2025-04-15 10:55:48 [main] DEBUG l.i.u.t.SubmittedApplicationsPageTest - Clicked on 'Action Application' button.
2025-04-15 10:55:48 [main] DEBUG l.i.u.t.SubmittedApplicationsPageTest - Clicked on 'Add Evaluators' button.
2025-04-15 10:55:49 [main] DEBUG l.i.u.t.SubmittedApplicationsPageTest - Entered first evaluation date.
2025-04-15 10:55:49 [main] DEBUG l.i.u.t.SubmittedApplicationsPageTest - Entered second evaluation date.
2025-04-15 10:55:49 [main] DEBUG l.i.u.t.SubmittedApplicationsPageTest - Entered third evaluation date.
2025-04-15 10:55:49 [main] DEBUG l.i.u.t.SubmittedApplicationsPageTest - Clicked on 'Add Evaluators' confirmation button.
2025-04-15 10:55:49 [main] DEBUG l.i.uztis.pages.ApplicationFormsPage - Verified success message: 'Paraiškų vertinimai sėkmingai priskirti vertintojams.'
2025-04-15 10:55:49 [main] INFO  l.i.u.t.SubmittedApplicationsPageTest - Verified success message
2025-04-15 10:55:49 [main] INFO  l.i.u.t.SubmittedApplicationsPageTest - Test 'testAddEvaluators' completed successfully.
2025-04-15 10:56:05 [main] INFO  lt.insoft.uztis.tests.UztisPageTest - Navigated to https://uztisdev.asseco.lt/home
2025-04-15 10:56:05 [main] INFO  l.i.uztis.tests.EvaluationsPageTest - Starting test:'testFillSaveDraftEvaluationOne'
2025-04-15 10:56:05 [main] INFO  l.i.uztis.tests.EvaluationsPageTest - Starting test:'testNavigateToEvaluationsPage'
2025-04-15 10:56:05 [main] DEBUG l.i.uztis.tests.EvaluationsPageTest - User logged in with test credentials
2025-04-15 10:56:06 [main] DEBUG l.i.uztis.tests.EvaluationsPageTest - Opened 'Application Processing' menu.
2025-04-15 10:56:06 [main] DEBUG l.i.uztis.tests.EvaluationsPageTest - Clicked on 'Evaluations' menu.
2025-04-15 10:56:06 [main] DEBUG l.i.uztis.tests.EvaluationsPageTest - Navigating to evaluations menu.
2025-04-15 10:56:06 [main] INFO  l.i.uztis.tests.EvaluationsPageTest - Test 'testNavigateToEvaluationsPage' completed successfully.
2025-04-15 10:56:07 [main] DEBUG l.i.uztis.tests.EvaluationsPageTest - Clicked on last evaluation.
2025-04-15 10:56:07 [main] DEBUG l.i.uztis.tests.EvaluationsPageTest - Clicked 'Edit'.
2025-04-15 10:56:10 [main] DEBUG l.i.uztis.tests.EvaluationsPageTest - Selected '1.1' radio button.
2025-04-15 10:56:11 [main] DEBUG l.i.uztis.tests.EvaluationsPageTest - Selected '1.2' radio button.
2025-04-15 10:56:13 [main] DEBUG l.i.uztis.tests.EvaluationsPageTest - Selected '1.3' radio button.
2025-04-15 10:56:14 [main] DEBUG l.i.uztis.tests.EvaluationsPageTest - Selected '1.4' radio button.
2025-04-15 10:56:14 [main] DEBUG l.i.uztis.tests.EvaluationsPageTest - Selected '1.5' radio button.
2025-04-15 10:56:14 [main] DEBUG l.i.uztis.tests.EvaluationsPageTest - Selected '2.1' radio button.
2025-04-15 10:56:14 [main] DEBUG l.i.uztis.tests.EvaluationsPageTest - Selected '3.1' radio button.
2025-04-15 10:56:15 [main] DEBUG l.i.uztis.tests.EvaluationsPageTest - Selected '4.2' radio button.
2025-04-15 10:56:15 [main] DEBUG l.i.uztis.tests.EvaluationsPageTest - Selected '5.1' radio button.
2025-04-15 10:56:15 [main] DEBUG l.i.uztis.tests.EvaluationsPageTest - Selected '5.2' radio button.
2025-04-15 10:56:15 [main] DEBUG l.i.uztis.tests.EvaluationsPageTest - Selected '6.1' radio button.
2025-04-15 10:56:15 [main] DEBUG l.i.uztis.tests.EvaluationsPageTest - Selected '6.2' radio button.
2025-04-15 10:56:15 [main] DEBUG l.i.uztis.tests.EvaluationsPageTest - Clicked on expansion panel 'Not Critical'.
2025-04-15 10:56:16 [main] DEBUG l.i.uztis.tests.EvaluationsPageTest - Selected '7' radio button.
2025-04-15 10:56:16 [main] DEBUG l.i.uztis.tests.EvaluationsPageTest - Selected '8_1' radio button.
2025-04-15 10:56:16 [main] DEBUG l.i.uztis.tests.EvaluationsPageTest - Selected '8_2' radio button.
2025-04-15 10:56:16 [main] DEBUG l.i.uztis.tests.EvaluationsPageTest - Selected '8_3' radio button.
2025-04-15 10:56:16 [main] DEBUG l.i.uztis.tests.EvaluationsPageTest - Selected '8_4' radio button.
2025-04-15 10:56:17 [main] DEBUG l.i.uztis.tests.EvaluationsPageTest - Selected '8_5' radio button.
2025-04-15 10:56:17 [main] DEBUG l.i.uztis.tests.EvaluationsPageTest - Selected '8_6' radio button.
2025-04-15 10:56:17 [main] DEBUG l.i.uztis.tests.EvaluationsPageTest - Selected '8_7' radio button.
2025-04-15 10:56:17 [main] DEBUG l.i.uztis.tests.EvaluationsPageTest - Selected '8_8' radio button.
2025-04-15 10:56:17 [main] DEBUG l.i.uztis.tests.EvaluationsPageTest - Selected '8_9' radio button.
2025-04-15 10:56:17 [main] DEBUG l.i.uztis.tests.EvaluationsPageTest - Selected '8_10' radio button.
2025-04-15 10:56:18 [main] DEBUG l.i.uztis.tests.EvaluationsPageTest - Selected '9' radio button.
2025-04-15 10:56:18 [main] DEBUG l.i.uztis.tests.EvaluationsPageTest - Selected '10.1' radio button.
2025-04-15 10:56:18 [main] DEBUG l.i.uztis.tests.EvaluationsPageTest - Selected '10.2' radio button.
2025-04-15 10:56:18 [main] DEBUG l.i.uztis.tests.EvaluationsPageTest - Selected '10.3' radio button.
2025-04-15 10:56:18 [main] DEBUG l.i.uztis.tests.EvaluationsPageTest - Entered  explanation: 'Balas pakoreduotas ranka'.
2025-04-15 10:56:19 [main] DEBUG l.i.uztis.tests.EvaluationsPageTest - Clicked 'Save Draft'.
2025-04-15 10:56:19 [main] ERROR l.i.uztis.tests.EvaluationsPageTest - Test 'testFillSaveDraftEvaluationOne' failed with error: stale element reference: stale element not found in the current frame
  (Session info: chrome=135.0.7049.85)
For documentation on this error, please visit: https://www.selenium.dev/documentation/webdriver/troubleshooting/errors#stale-element-reference-exception
Build info: version: '4.27.0', revision: 'd6e718d134'
System info: os.name: 'Windows 11', os.arch: 'amd64', os.version: '10.0', java.version: '21.0.3'
Driver info: org.openqa.selenium.chrome.ChromeDriver
Command: [00adc45b21f278158b0c754987fd7174, getElementText {id=f.B6459EA100350DB2233B4287E9DC5DC8.d.03ED0989C62612360D175C86672861DD.e.360}]
Capabilities {acceptInsecureCerts: false, browserName: chrome, browserVersion: 135.0.7049.85, chrome: {chromedriverVersion: 135.0.7049.84 (6c019e560019..., userDataDir: C:\Users\INGRID~1.ZAD\AppDa...}, fedcm:accounts: true, goog:chromeOptions: {debuggerAddress: localhost:57088}, networkConnectionEnabled: false, pageLoadStrategy: normal, platformName: windows, proxy: Proxy(), se:cdp: ws://localhost:57088/devtoo..., se:cdpVersion: 135.0.7049.85, setWindowRect: true, strictFileInteractability: false, timeouts: {implicit: 0, pageLoad: 300000, script: 30000}, unhandledPromptBehavior: dismiss and notify, webauthn:extension:credBlob: true, webauthn:extension:largeBlob: true, webauthn:extension:minPinLength: true, webauthn:extension:prf: true, webauthn:virtualAuthenticators: true}
Element: [[ChromeDriver: chrome on windows (00adc45b21f278158b0c754987fd7174)] -> css selector: [class='w-100']]
Session ID: 00adc45b21f278158b0c754987fd7174
org.openqa.selenium.StaleElementReferenceException: stale element reference: stale element not found in the current frame
  (Session info: chrome=135.0.7049.85)
For documentation on this error, please visit: https://www.selenium.dev/documentation/webdriver/troubleshooting/errors#stale-element-reference-exception
Build info: version: '4.27.0', revision: 'd6e718d134'
System info: os.name: 'Windows 11', os.arch: 'amd64', os.version: '10.0', java.version: '21.0.3'
Driver info: org.openqa.selenium.chrome.ChromeDriver
Command: [00adc45b21f278158b0c754987fd7174, getElementText {id=f.B6459EA100350DB2233B4287E9DC5DC8.d.03ED0989C62612360D175C86672861DD.e.360}]
Capabilities {acceptInsecureCerts: false, browserName: chrome, browserVersion: 135.0.7049.85, chrome: {chromedriverVersion: 135.0.7049.84 (6c019e560019..., userDataDir: C:\Users\INGRID~1.ZAD\AppDa...}, fedcm:accounts: true, goog:chromeOptions: {debuggerAddress: localhost:57088}, networkConnectionEnabled: false, pageLoadStrategy: normal, platformName: windows, proxy: Proxy(), se:cdp: ws://localhost:57088/devtoo..., se:cdpVersion: 135.0.7049.85, setWindowRect: true, strictFileInteractability: false, timeouts: {implicit: 0, pageLoad: 300000, script: 30000}, unhandledPromptBehavior: dismiss and notify, webauthn:extension:credBlob: true, webauthn:extension:largeBlob: true, webauthn:extension:minPinLength: true, webauthn:extension:prf: true, webauthn:virtualAuthenticators: true}
Element: [[ChromeDriver: chrome on windows (00adc45b21f278158b0c754987fd7174)] -> css selector: [class='w-100']]
Session ID: 00adc45b21f278158b0c754987fd7174
	at java.base/jdk.internal.reflect.DirectConstructorHandleAccessor.newInstance(DirectConstructorHandleAccessor.java:62)
	at java.base/java.lang.reflect.Constructor.newInstanceWithCaller(Constructor.java:502)
	at java.base/java.lang.reflect.Constructor.newInstance(Constructor.java:486)
	at org.openqa.selenium.remote.ErrorCodec.decode(ErrorCodec.java:167)
	at org.openqa.selenium.remote.codec.w3c.W3CHttpResponseCodec.decode(W3CHttpResponseCodec.java:138)
	at org.openqa.selenium.remote.codec.w3c.W3CHttpResponseCodec.decode(W3CHttpResponseCodec.java:50)
	at org.openqa.selenium.remote.HttpCommandExecutor.execute(HttpCommandExecutor.java:190)
	at org.openqa.selenium.remote.service.DriverCommandExecutor.invokeExecute(DriverCommandExecutor.java:216)
	at org.openqa.selenium.remote.service.DriverCommandExecutor.execute(DriverCommandExecutor.java:174)
	at org.openqa.selenium.remote.RemoteWebDriver.execute(RemoteWebDriver.java:545)
	at org.openqa.selenium.remote.RemoteWebElement.execute(RemoteWebElement.java:223)
	at org.openqa.selenium.remote.RemoteWebElement.getText(RemoteWebElement.java:191)
	at java.base/java.util.stream.ReferencePipeline$3$1.accept(ReferencePipeline.java:197)
	at java.base/java.util.ArrayList$ArrayListSpliterator.forEachRemaining(ArrayList.java:1708)
	at java.base/java.util.stream.AbstractPipeline.copyInto(AbstractPipeline.java:509)
	at java.base/java.util.stream.AbstractPipeline.wrapAndCopyInto(AbstractPipeline.java:499)
	at java.base/java.util.stream.ReduceOps$ReduceOp.evaluateSequential(ReduceOps.java:921)
	at java.base/java.util.stream.AbstractPipeline.evaluate(AbstractPipeline.java:234)
	at java.base/java.util.stream.ReferencePipeline.collect(ReferencePipeline.java:682)
	at lt.insoft.uztis.pages.ApplicationFormsPage.getAllMessagesText(ApplicationFormsPage.java:144)
	at lt.insoft.uztis.pages.ApplicationFormsPage.verifySuccessMessage(ApplicationFormsPage.java:148)
	at lt.insoft.uztis.tests.EvaluationsPageTest.testFillSaveDraftEvaluationOne(EvaluationsPageTest.java:171)
	at java.base/jdk.internal.reflect.DirectMethodHandleAccessor.invoke(DirectMethodHandleAccessor.java:103)
	at java.base/java.lang.reflect.Method.invoke(Method.java:580)
	at org.junit.platform.commons.util.ReflectionUtils.invokeMethod(ReflectionUtils.java:728)
	at org.junit.jupiter.engine.execution.MethodInvocation.proceed(MethodInvocation.java:60)
	at org.junit.jupiter.engine.execution.InvocationInterceptorChain$ValidatingInvocation.proceed(InvocationInterceptorChain.java:131)
	at org.junit.jupiter.engine.extension.TimeoutExtension.intercept(TimeoutExtension.java:156)
	at org.junit.jupiter.engine.extension.TimeoutExtension.interceptTestableMethod(TimeoutExtension.java:147)
	at org.junit.jupiter.engine.extension.TimeoutExtension.interceptTestMethod(TimeoutExtension.java:86)
	at org.junit.jupiter.engine.execution.InterceptingExecutableInvoker$ReflectiveInterceptorCall.lambda$ofVoidMethod$0(InterceptingExecutableInvoker.java:103)
	at org.junit.jupiter.engine.execution.InterceptingExecutableInvoker.lambda$invoke$0(InterceptingExecutableInvoker.java:93)
	at org.junit.jupiter.engine.execution.InvocationInterceptorChain$InterceptedInvocation.proceed(InvocationInterceptorChain.java:106)
	at org.junit.jupiter.engine.execution.InvocationInterceptorChain.proceed(InvocationInterceptorChain.java:64)
	at org.junit.jupiter.engine.execution.InvocationInterceptorChain.chainAndInvoke(InvocationInterceptorChain.java:45)
	at org.junit.jupiter.engine.execution.InvocationInterceptorChain.invoke(InvocationInterceptorChain.java:37)
	at org.junit.jupiter.engine.execution.InterceptingExecutableInvoker.invoke(InterceptingExecutableInvoker.java:92)
	at org.junit.jupiter.engine.execution.InterceptingExecutableInvoker.invoke(InterceptingExecutableInvoker.java:86)
	at org.junit.jupiter.engine.descriptor.TestMethodTestDescriptor.lambda$invokeTestMethod$7(TestMethodTestDescriptor.java:218)
	at org.junit.platform.engine.support.hierarchical.ThrowableCollector.execute(ThrowableCollector.java:73)
	at org.junit.jupiter.engine.descriptor.TestMethodTestDescriptor.invokeTestMethod(TestMethodTestDescriptor.java:214)
	at org.junit.jupiter.engine.descriptor.TestMethodTestDescriptor.execute(TestMethodTestDescriptor.java:139)
	at org.junit.jupiter.engine.descriptor.TestMethodTestDescriptor.execute(TestMethodTestDescriptor.java:69)
	at org.junit.platform.engine.support.hierarchical.NodeTestTask.lambda$executeRecursively$6(NodeTestTask.java:151)
	at org.junit.platform.engine.support.hierarchical.ThrowableCollector.execute(ThrowableCollector.java:73)
	at org.junit.platform.engine.support.hierarchical.NodeTestTask.lambda$executeRecursively$8(NodeTestTask.java:141)
	at org.junit.platform.engine.support.hierarchical.Node.around(Node.java:137)
	at org.junit.platform.engine.support.hierarchical.NodeTestTask.lambda$executeRecursively$9(NodeTestTask.java:139)
	at org.junit.platform.engine.support.hierarchical.ThrowableCollector.execute(ThrowableCollector.java:73)
	at org.junit.platform.engine.support.hierarchical.NodeTestTask.executeRecursively(NodeTestTask.java:138)
	at org.junit.platform.engine.support.hierarchical.NodeTestTask.execute(NodeTestTask.java:95)
	at java.base/java.util.ArrayList.forEach(ArrayList.java:1596)
	at org.junit.platform.engine.support.hierarchical.SameThreadHierarchicalTestExecutorService.invokeAll(SameThreadHierarchicalTestExecutorService.java:41)
	at org.junit.platform.engine.support.hierarchical.NodeTestTask.lambda$executeRecursively$6(NodeTestTask.java:155)
	at org.junit.platform.engine.support.hierarchical.ThrowableCollector.execute(ThrowableCollector.java:73)
	at org.junit.platform.engine.support.hierarchical.NodeTestTask.lambda$executeRecursively$8(NodeTestTask.java:141)
	at org.junit.platform.engine.support.hierarchical.Node.around(Node.java:137)
	at org.junit.platform.engine.support.hierarchical.NodeTestTask.lambda$executeRecursively$9(NodeTestTask.java:139)
	at org.junit.platform.engine.support.hierarchical.ThrowableCollector.execute(ThrowableCollector.java:73)
	at org.junit.platform.engine.support.hierarchical.NodeTestTask.executeRecursively(NodeTestTask.java:138)
	at org.junit.platform.engine.support.hierarchical.NodeTestTask.execute(NodeTestTask.java:95)
	at java.base/java.util.ArrayList.forEach(ArrayList.java:1596)
	at org.junit.platform.engine.support.hierarchical.SameThreadHierarchicalTestExecutorService.invokeAll(SameThreadHierarchicalTestExecutorService.java:41)
	at org.junit.platform.engine.support.hierarchical.NodeTestTask.lambda$executeRecursively$6(NodeTestTask.java:155)
	at org.junit.platform.engine.support.hierarchical.ThrowableCollector.execute(ThrowableCollector.java:73)
	at org.junit.platform.engine.support.hierarchical.NodeTestTask.lambda$executeRecursively$8(NodeTestTask.java:141)
	at org.junit.platform.engine.support.hierarchical.Node.around(Node.java:137)
	at org.junit.platform.engine.support.hierarchical.NodeTestTask.lambda$executeRecursively$9(NodeTestTask.java:139)
	at org.junit.platform.engine.support.hierarchical.ThrowableCollector.execute(ThrowableCollector.java:73)
	at org.junit.platform.engine.support.hierarchical.NodeTestTask.executeRecursively(NodeTestTask.java:138)
	at org.junit.platform.engine.support.hierarchical.NodeTestTask.execute(NodeTestTask.java:95)
	at org.junit.platform.engine.support.hierarchical.SameThreadHierarchicalTestExecutorService.submit(SameThreadHierarchicalTestExecutorService.java:35)
	at org.junit.platform.engine.support.hierarchical.HierarchicalTestExecutor.execute(HierarchicalTestExecutor.java:57)
	at org.junit.platform.engine.support.hierarchical.HierarchicalTestEngine.execute(HierarchicalTestEngine.java:54)
	at org.junit.platform.launcher.core.EngineExecutionOrchestrator.execute(EngineExecutionOrchestrator.java:198)
	at org.junit.platform.launcher.core.EngineExecutionOrchestrator.execute(EngineExecutionOrchestrator.java:169)
	at org.junit.platform.launcher.core.EngineExecutionOrchestrator.execute(EngineExecutionOrchestrator.java:93)
	at org.junit.platform.launcher.core.EngineExecutionOrchestrator.lambda$execute$0(EngineExecutionOrchestrator.java:58)
	at org.junit.platform.launcher.core.EngineExecutionOrchestrator.withInterceptedStreams(EngineExecutionOrchestrator.java:141)
	at org.junit.platform.launcher.core.EngineExecutionOrchestrator.execute(EngineExecutionOrchestrator.java:57)
	at org.junit.platform.launcher.core.DefaultLauncher.execute(DefaultLauncher.java:103)
	at org.junit.platform.launcher.core.DefaultLauncher.execute(DefaultLauncher.java:85)
	at org.junit.platform.launcher.core.DelegatingLauncher.execute(DelegatingLauncher.java:47)
	at org.junit.platform.launcher.core.SessionPerRequestLauncher.execute(SessionPerRequestLauncher.java:63)
	at com.intellij.junit5.JUnit5IdeaTestRunner.startRunnerWithArgs(JUnit5IdeaTestRunner.java:57)
	at com.intellij.rt.junit.IdeaTestRunner$Repeater$1.execute(IdeaTestRunner.java:38)
	at com.intellij.rt.execution.junit.TestsRepeater.repeat(TestsRepeater.java:11)
	at com.intellij.rt.junit.IdeaTestRunner$Repeater.startRunnerWithArgs(IdeaTestRunner.java:35)
	at com.intellij.rt.junit.JUnitStarter.prepareStreamsAndStart(JUnitStarter.java:232)
	at com.intellij.rt.junit.JUnitStarter.main(JUnitStarter.java:55)
2025-04-15 10:56:19 [main] INFO  l.insoft.uztis.tests.utils.TestUtils - Screenshot moved to C:\Users\ingrida.zadorozniene\Desktop\Asm\UZTIS\UZTIS_tests\test-output\screenshots\20250415\105619564_testFillSaveDraftEvaluationOne().png
2025-04-15 10:56:43 [main] INFO  lt.insoft.uztis.tests.UztisPageTest - Navigated to https://uztisdev.asseco.lt/home
2025-04-15 10:56:43 [main] INFO  l.i.uztis.tests.EvaluationsPageTest - Starting test:'testConfirmEvaluationOne'
2025-04-15 10:56:43 [main] INFO  l.i.uztis.tests.EvaluationsPageTest - Starting test:'testNavigateToEvaluationsPage'
2025-04-15 10:56:44 [main] DEBUG l.i.uztis.tests.EvaluationsPageTest - User logged in with test credentials
2025-04-15 10:56:45 [main] DEBUG l.i.uztis.tests.EvaluationsPageTest - Opened 'Application Processing' menu.
2025-04-15 10:56:45 [main] DEBUG l.i.uztis.tests.EvaluationsPageTest - Clicked on 'Evaluations' menu.
2025-04-15 10:56:45 [main] DEBUG l.i.uztis.tests.EvaluationsPageTest - Navigating to evaluations menu.
2025-04-15 10:56:45 [main] INFO  l.i.uztis.tests.EvaluationsPageTest - Test 'testNavigateToEvaluationsPage' completed successfully.
2025-04-15 10:56:45 [main] DEBUG l.i.uztis.tests.EvaluationsPageTest - Clicked on last evaluation.
2025-04-15 10:56:46 [main] DEBUG l.i.uztis.tests.EvaluationsPageTest - Clicked 'Edit'.
2025-04-15 10:56:48 [main] DEBUG l.i.uztis.tests.EvaluationsPageTest - Clicked 'Confirm'.
2025-04-15 10:56:49 [main] DEBUG l.i.uztis.tests.EvaluationsPageTest - Clicked 'Confirm Confirmation'.
2025-04-15 10:56:50 [main] DEBUG l.i.uztis.tests.EvaluationsPageTest - Fetched label text: Įvertinta
2025-04-15 10:56:50 [main] INFO  l.i.uztis.tests.EvaluationsPageTest - Verified that the label text matches the expected value.
2025-04-15 10:56:50 [main] INFO  l.i.uztis.tests.EvaluationsPageTest - Test 'testConfirmEvaluationOne' completed successfully.
2025-04-15 10:57:02 [main] INFO  lt.insoft.uztis.tests.UztisPageTest - Navigated to https://uztisdev.asseco.lt/home
2025-04-15 10:57:02 [main] INFO  l.i.uztis.tests.EvaluationsPageTest - Starting test:'testFillSaveDraftEvaluationTwo'
2025-04-15 10:57:02 [main] INFO  l.i.uztis.tests.EvaluationsPageTest - Starting test:'testNavigateToEvaluationsPage'
2025-04-15 10:57:03 [main] DEBUG l.i.uztis.tests.EvaluationsPageTest - User logged in with test credentials
2025-04-15 10:57:04 [main] DEBUG l.i.uztis.tests.EvaluationsPageTest - Opened 'Application Processing' menu.
2025-04-15 10:57:04 [main] DEBUG l.i.uztis.tests.EvaluationsPageTest - Clicked on 'Evaluations' menu.
2025-04-15 10:57:04 [main] DEBUG l.i.uztis.tests.EvaluationsPageTest - Navigating to evaluations menu.
2025-04-15 10:57:04 [main] INFO  l.i.uztis.tests.EvaluationsPageTest - Test 'testNavigateToEvaluationsPage' completed successfully.
2025-04-15 10:57:04 [main] DEBUG l.i.uztis.tests.EvaluationsPageTest - Clicked on last evaluation.
2025-04-15 10:57:05 [main] DEBUG l.i.uztis.tests.EvaluationsPageTest - Clicked 'Edit'.
2025-04-15 10:57:06 [main] DEBUG l.i.uztis.tests.EvaluationsPageTest - Entered commission date.
2025-04-15 10:57:06 [main] DEBUG l.i.uztis.tests.EvaluationsPageTest - Selected 'Without Commission' radio button.
2025-04-15 10:57:06 [main] DEBUG l.i.uztis.tests.EvaluationsPageTest - Entered chairman name: 'Pirmininkas Pirmininkauskas'.
2025-04-15 10:57:06 [main] DEBUG l.i.uztis.tests.EvaluationsPageTest - Entered member name: 'Narys Narauskas'.
2025-04-15 10:57:06 [main] DEBUG l.i.uztis.tests.EvaluationsPageTest - Clicked 'Continue'.
2025-04-15 10:57:07 [main] DEBUG l.i.uztis.tests.EvaluationsPageTest - Entered score edition: '9'.
2025-04-15 10:57:07 [main] DEBUG l.i.uztis.tests.EvaluationsPageTest - Entered chairman score: '10'.
2025-04-15 10:57:07 [main] DEBUG l.i.uztis.tests.EvaluationsPageTest - Entered member score: '11'.
2025-04-15 10:57:07 [main] DEBUG l.i.uztis.tests.EvaluationsPageTest - Entered conclusion: 'Išvada - palanki'.
2025-04-15 10:57:07 [main] DEBUG l.i.uztis.tests.EvaluationsPageTest - Entered  explanation: 'Balas pakoreduotas ranka'.
2025-04-15 10:57:08 [main] DEBUG l.i.uztis.tests.EvaluationsPageTest - Clicked 'Save Draft'.
2025-04-15 10:57:08 [main] DEBUG l.i.uztis.pages.ApplicationFormsPage - Verified success message: 'Duomenys sėkmingai išsaugoti.'
2025-04-15 10:57:08 [main] INFO  l.i.uztis.tests.EvaluationsPageTest - Verified success message
2025-04-15 10:57:08 [main] INFO  l.i.uztis.tests.EvaluationsPageTest - Test 'testFillSaveDraftEvaluationTwo' completed successfully.
2025-04-15 10:57:19 [main] INFO  lt.insoft.uztis.tests.UztisPageTest - Navigated to https://uztisdev.asseco.lt/home
2025-04-15 10:57:19 [main] INFO  l.i.uztis.tests.EvaluationsPageTest - Starting test:'testConfirmEvaluationTwo'
2025-04-15 10:57:19 [main] INFO  l.i.uztis.tests.EvaluationsPageTest - Starting test:'testNavigateToEvaluationsPage'
2025-04-15 10:57:20 [main] DEBUG l.i.uztis.tests.EvaluationsPageTest - User logged in with test credentials
2025-04-15 10:57:20 [main] DEBUG l.i.uztis.tests.EvaluationsPageTest - Opened 'Application Processing' menu.
2025-04-15 10:57:20 [main] DEBUG l.i.uztis.tests.EvaluationsPageTest - Clicked on 'Evaluations' menu.
2025-04-15 10:57:20 [main] DEBUG l.i.uztis.tests.EvaluationsPageTest - Navigating to evaluations menu.
2025-04-15 10:57:20 [main] INFO  l.i.uztis.tests.EvaluationsPageTest - Test 'testNavigateToEvaluationsPage' completed successfully.
2025-04-15 10:57:21 [main] DEBUG l.i.uztis.tests.EvaluationsPageTest - Clicked on last evaluation.
2025-04-15 10:57:21 [main] DEBUG l.i.uztis.tests.EvaluationsPageTest - Clicked 'Edit'.
2025-04-15 10:57:22 [main] DEBUG l.i.uztis.tests.EvaluationsPageTest - Clicked 'Continue'.
2025-04-15 10:57:22 [main] DEBUG l.i.uztis.tests.EvaluationsPageTest - Entered conclusion: 'Išvada - papildyta'.
2025-04-15 10:57:22 [main] DEBUG l.i.uztis.tests.EvaluationsPageTest - Entered  explanation: '; Išvada pakoreduota ranka'.
2025-04-15 10:57:22 [main] DEBUG l.i.uztis.tests.EvaluationsPageTest - Clicked 'Confirm'.
2025-04-15 10:57:22 [main] DEBUG l.i.uztis.tests.EvaluationsPageTest - Clicked 'Confirm Confirmation'.
2025-04-15 10:57:23 [main] DEBUG l.i.uztis.tests.EvaluationsPageTest - Fetched label text: Įvertinta
2025-04-15 10:57:23 [main] INFO  l.i.uztis.tests.EvaluationsPageTest - Verified that the label text matches the expected value.
2025-04-15 10:57:23 [main] INFO  l.i.uztis.tests.EvaluationsPageTest - Test 'testConfirmEvaluationTwo' completed successfully.
2025-04-15 10:57:35 [main] INFO  lt.insoft.uztis.tests.UztisPageTest - Navigated to https://uztisdev.asseco.lt/home
2025-04-15 10:57:36 [main] INFO  l.i.uztis.tests.EvaluationsPageTest - Starting test:'testFillSaveDraftEvaluationThree'
2025-04-15 10:57:36 [main] INFO  l.i.uztis.tests.EvaluationsPageTest - Starting test:'testNavigateToEvaluationsPage'
2025-04-15 10:57:36 [main] DEBUG l.i.uztis.tests.EvaluationsPageTest - User logged in with test credentials
2025-04-15 10:57:37 [main] DEBUG l.i.uztis.tests.EvaluationsPageTest - Opened 'Application Processing' menu.
2025-04-15 10:57:37 [main] DEBUG l.i.uztis.tests.EvaluationsPageTest - Clicked on 'Evaluations' menu.
2025-04-15 10:57:37 [main] DEBUG l.i.uztis.tests.EvaluationsPageTest - Navigating to evaluations menu.
2025-04-15 10:57:37 [main] INFO  l.i.uztis.tests.EvaluationsPageTest - Test 'testNavigateToEvaluationsPage' completed successfully.
2025-04-15 10:57:37 [main] DEBUG l.i.uztis.tests.EvaluationsPageTest - Clicked on last evaluation.
2025-04-15 10:57:38 [main] DEBUG l.i.uztis.tests.EvaluationsPageTest - Clicked 'Edit'.
2025-04-15 10:57:38 [main] DEBUG l.i.uztis.tests.EvaluationsPageTest - Entered commission date.
2025-04-15 10:57:39 [main] DEBUG l.i.uztis.tests.EvaluationsPageTest - Selected 'Without Commission' radio button.
2025-04-15 10:57:39 [main] DEBUG l.i.uztis.tests.EvaluationsPageTest - Entered chairman name: 'Pirmininkas Pirmininkauskas'.
2025-04-15 10:57:39 [main] DEBUG l.i.uztis.tests.EvaluationsPageTest - Entered member name: 'Narys Narauskas'.
2025-04-15 10:57:39 [main] DEBUG l.i.uztis.tests.EvaluationsPageTest - Clicked 'Continue'.
2025-04-15 10:57:39 [main] DEBUG l.i.uztis.tests.EvaluationsPageTest - Entered chairman score 1: '1'.
2025-04-15 10:57:39 [main] DEBUG l.i.uztis.tests.EvaluationsPageTest - Entered member score 1: '2'.
2025-04-15 10:57:40 [main] DEBUG l.i.uztis.tests.EvaluationsPageTest - Entered member conclusion 1: 'Išvada - palanki 1'.
2025-04-15 10:57:40 [main] DEBUG l.i.uztis.tests.EvaluationsPageTest - Entered chairman score 2: '3'.
2025-04-15 10:57:40 [main] DEBUG l.i.uztis.tests.EvaluationsPageTest - Entered member score 2: '4'.
2025-04-15 10:57:40 [main] DEBUG l.i.uztis.tests.EvaluationsPageTest - Entered member conclusion 2: 'Išvada - palanki 2'.
2025-04-15 10:57:40 [main] DEBUG l.i.uztis.tests.EvaluationsPageTest - Entered chairman score 3: '5'.
2025-04-15 10:57:40 [main] DEBUG l.i.uztis.tests.EvaluationsPageTest - Entered member score 3: '6'.
2025-04-15 10:57:41 [main] DEBUG l.i.uztis.tests.EvaluationsPageTest - Entered member conclusion 3: 'Išvada - palanki 3'.
2025-04-15 10:57:41 [main] DEBUG l.i.uztis.tests.EvaluationsPageTest - Entered chairman score 4: '7'.
2025-04-15 10:57:41 [main] DEBUG l.i.uztis.tests.EvaluationsPageTest - Entered member score 4: '8'.
2025-04-15 10:57:41 [main] DEBUG l.i.uztis.tests.EvaluationsPageTest - Entered member conclusion 4: 'Išvada - palanki 4'.
2025-04-15 10:57:41 [main] DEBUG l.i.uztis.tests.EvaluationsPageTest - Entered chairman score 5: '9'.
2025-04-15 10:57:41 [main] DEBUG l.i.uztis.tests.EvaluationsPageTest - Entered member score 5: '10'.
2025-04-15 10:57:42 [main] DEBUG l.i.uztis.tests.EvaluationsPageTest - Entered member conclusion 5: 'Išvada - palanki 5'.
2025-04-15 10:57:42 [main] DEBUG l.i.uztis.tests.EvaluationsPageTest - Clicked 'Save Draft'.
2025-04-15 10:57:42 [main] DEBUG l.i.uztis.pages.ApplicationFormsPage - Verified success message: 'Duomenys sėkmingai išsaugoti.'
2025-04-15 10:57:42 [main] INFO  l.i.uztis.tests.EvaluationsPageTest - Verified success message
2025-04-15 10:57:42 [main] INFO  l.i.uztis.tests.EvaluationsPageTest - Test 'testFillSaveDraftEvaluationThree' completed successfully.
2025-04-15 10:57:55 [main] INFO  lt.insoft.uztis.tests.UztisPageTest - Navigated to https://uztisdev.asseco.lt/home
2025-04-15 10:57:55 [main] INFO  l.i.uztis.tests.EvaluationsPageTest - Starting test:'testConfirmEvaluationThree'
2025-04-15 10:57:55 [main] INFO  l.i.uztis.tests.EvaluationsPageTest - Starting test:'testNavigateToEvaluationsPage'
2025-04-15 10:57:55 [main] DEBUG l.i.uztis.tests.EvaluationsPageTest - User logged in with test credentials
2025-04-15 10:57:56 [main] DEBUG l.i.uztis.tests.EvaluationsPageTest - Opened 'Application Processing' menu.
2025-04-15 10:57:56 [main] DEBUG l.i.uztis.tests.EvaluationsPageTest - Clicked on 'Evaluations' menu.
2025-04-15 10:57:56 [main] DEBUG l.i.uztis.tests.EvaluationsPageTest - Navigating to evaluations menu.
2025-04-15 10:57:56 [main] INFO  l.i.uztis.tests.EvaluationsPageTest - Test 'testNavigateToEvaluationsPage' completed successfully.
2025-04-15 10:57:57 [main] DEBUG l.i.uztis.tests.EvaluationsPageTest - Clicked on last evaluation.
2025-04-15 10:57:58 [main] DEBUG l.i.uztis.tests.EvaluationsPageTest - Clicked 'Edit'.
2025-04-15 10:57:59 [main] DEBUG l.i.uztis.tests.EvaluationsPageTest - Clicked 'Continue'.
2025-04-15 10:58:00 [main] ERROR l.i.uztis.tests.EvaluationsPageTest - Test 'testConfirmEvaluationThree' failed with error: element click intercepted: Element <button type="submit" class="btn btn--accent">...</button> is not clickable at point (998, 954). Other element would receive the click: <mat-form-field class="mat-mdc-form-field mat-mdc-form-field-type-common-radio-group mat-mdc-form-field-has-icon-prefix mat-mdc-form-field-has-icon-suffix mat-form-field-appearance-outline mat-primary ng-untouched mat-form-field-disabled ng-dirty mat-form-field-animations-enabled" style="--mat-form-field-notch-max-width: calc(100% - 8px);">...</mat-form-field>
  (Session info: chrome=135.0.7049.85)
Build info: version: '4.27.0', revision: 'd6e718d134'
System info: os.name: 'Windows 11', os.arch: 'amd64', os.version: '10.0', java.version: '21.0.3'
Driver info: org.openqa.selenium.chrome.ChromeDriver
Command: [2bb5a135c3272cf25fb4e11b42e6b1dd, clickElement {id=f.4FF6053D68EDAD48D69A1D701101D181.d.317662943D71DC4094123FE3539AFD34.e.202}]
Capabilities {acceptInsecureCerts: false, browserName: chrome, browserVersion: 135.0.7049.85, chrome: {chromedriverVersion: 135.0.7049.84 (6c019e560019..., userDataDir: C:\Users\INGRID~1.ZAD\AppDa...}, fedcm:accounts: true, goog:chromeOptions: {debuggerAddress: localhost:57268}, networkConnectionEnabled: false, pageLoadStrategy: normal, platformName: windows, proxy: Proxy(), se:cdp: ws://localhost:57268/devtoo..., se:cdpVersion: 135.0.7049.85, setWindowRect: true, strictFileInteractability: false, timeouts: {implicit: 0, pageLoad: 300000, script: 30000}, unhandledPromptBehavior: dismiss and notify, webauthn:extension:credBlob: true, webauthn:extension:largeBlob: true, webauthn:extension:minPinLength: true, webauthn:extension:prf: true, webauthn:virtualAuthenticators: true}
Element: [[ChromeDriver: chrome on windows (2bb5a135c3272cf25fb4e11b42e6b1dd)] -> xpath: //common-button//button[text()='Tvirtinti vertinimą']]
Session ID: 2bb5a135c3272cf25fb4e11b42e6b1dd
org.openqa.selenium.ElementClickInterceptedException: element click intercepted: Element <button type="submit" class="btn btn--accent">...</button> is not clickable at point (998, 954). Other element would receive the click: <mat-form-field class="mat-mdc-form-field mat-mdc-form-field-type-common-radio-group mat-mdc-form-field-has-icon-prefix mat-mdc-form-field-has-icon-suffix mat-form-field-appearance-outline mat-primary ng-untouched mat-form-field-disabled ng-dirty mat-form-field-animations-enabled" style="--mat-form-field-notch-max-width: calc(100% - 8px);">...</mat-form-field>
  (Session info: chrome=135.0.7049.85)
Build info: version: '4.27.0', revision: 'd6e718d134'
System info: os.name: 'Windows 11', os.arch: 'amd64', os.version: '10.0', java.version: '21.0.3'
Driver info: org.openqa.selenium.chrome.ChromeDriver
Command: [2bb5a135c3272cf25fb4e11b42e6b1dd, clickElement {id=f.4FF6053D68EDAD48D69A1D701101D181.d.317662943D71DC4094123FE3539AFD34.e.202}]
Capabilities {acceptInsecureCerts: false, browserName: chrome, browserVersion: 135.0.7049.85, chrome: {chromedriverVersion: 135.0.7049.84 (6c019e560019..., userDataDir: C:\Users\INGRID~1.ZAD\AppDa...}, fedcm:accounts: true, goog:chromeOptions: {debuggerAddress: localhost:57268}, networkConnectionEnabled: false, pageLoadStrategy: normal, platformName: windows, proxy: Proxy(), se:cdp: ws://localhost:57268/devtoo..., se:cdpVersion: 135.0.7049.85, setWindowRect: true, strictFileInteractability: false, timeouts: {implicit: 0, pageLoad: 300000, script: 30000}, unhandledPromptBehavior: dismiss and notify, webauthn:extension:credBlob: true, webauthn:extension:largeBlob: true, webauthn:extension:minPinLength: true, webauthn:extension:prf: true, webauthn:virtualAuthenticators: true}
Element: [[ChromeDriver: chrome on windows (2bb5a135c3272cf25fb4e11b42e6b1dd)] -> xpath: //common-button//button[text()='Tvirtinti vertinimą']]
Session ID: 2bb5a135c3272cf25fb4e11b42e6b1dd
	at java.base/jdk.internal.reflect.DirectConstructorHandleAccessor.newInstance(DirectConstructorHandleAccessor.java:62)
	at java.base/java.lang.reflect.Constructor.newInstanceWithCaller(Constructor.java:502)
	at java.base/java.lang.reflect.Constructor.newInstance(Constructor.java:486)
	at org.openqa.selenium.remote.ErrorCodec.decode(ErrorCodec.java:167)
	at org.openqa.selenium.remote.codec.w3c.W3CHttpResponseCodec.decode(W3CHttpResponseCodec.java:138)
	at org.openqa.selenium.remote.codec.w3c.W3CHttpResponseCodec.decode(W3CHttpResponseCodec.java:50)
	at org.openqa.selenium.remote.HttpCommandExecutor.execute(HttpCommandExecutor.java:190)
	at org.openqa.selenium.remote.service.DriverCommandExecutor.invokeExecute(DriverCommandExecutor.java:216)
	at org.openqa.selenium.remote.service.DriverCommandExecutor.execute(DriverCommandExecutor.java:174)
	at org.openqa.selenium.remote.RemoteWebDriver.execute(RemoteWebDriver.java:545)
	at org.openqa.selenium.remote.RemoteWebElement.execute(RemoteWebElement.java:223)
	at org.openqa.selenium.remote.RemoteWebElement.click(RemoteWebElement.java:76)
	at java.base/jdk.internal.reflect.DirectMethodHandleAccessor.invoke(DirectMethodHandleAccessor.java:103)
	at java.base/java.lang.reflect.Method.invoke(Method.java:580)
	at org.openqa.selenium.support.pagefactory.internal.LocatingElementHandler.invoke(LocatingElementHandler.java:51)
	at jdk.proxy2/jdk.proxy2.$Proxy14.click(Unknown Source)
	at lt.insoft.uztis.pages.EvaluationsPage.clickButtonConfirm3(EvaluationsPage.java:264)
	at lt.insoft.uztis.tests.EvaluationsPageTest.testConfirmEvaluationThree(EvaluationsPageTest.java:467)
	at java.base/jdk.internal.reflect.DirectMethodHandleAccessor.invoke(DirectMethodHandleAccessor.java:103)
	at java.base/java.lang.reflect.Method.invoke(Method.java:580)
	at org.junit.platform.commons.util.ReflectionUtils.invokeMethod(ReflectionUtils.java:728)
	at org.junit.jupiter.engine.execution.MethodInvocation.proceed(MethodInvocation.java:60)
	at org.junit.jupiter.engine.execution.InvocationInterceptorChain$ValidatingInvocation.proceed(InvocationInterceptorChain.java:131)
	at org.junit.jupiter.engine.extension.TimeoutExtension.intercept(TimeoutExtension.java:156)
	at org.junit.jupiter.engine.extension.TimeoutExtension.interceptTestableMethod(TimeoutExtension.java:147)
	at org.junit.jupiter.engine.extension.TimeoutExtension.interceptTestMethod(TimeoutExtension.java:86)
	at org.junit.jupiter.engine.execution.InterceptingExecutableInvoker$ReflectiveInterceptorCall.lambda$ofVoidMethod$0(InterceptingExecutableInvoker.java:103)
	at org.junit.jupiter.engine.execution.InterceptingExecutableInvoker.lambda$invoke$0(InterceptingExecutableInvoker.java:93)
	at org.junit.jupiter.engine.execution.InvocationInterceptorChain$InterceptedInvocation.proceed(InvocationInterceptorChain.java:106)
	at org.junit.jupiter.engine.execution.InvocationInterceptorChain.proceed(InvocationInterceptorChain.java:64)
	at org.junit.jupiter.engine.execution.InvocationInterceptorChain.chainAndInvoke(InvocationInterceptorChain.java:45)
	at org.junit.jupiter.engine.execution.InvocationInterceptorChain.invoke(InvocationInterceptorChain.java:37)
	at org.junit.jupiter.engine.execution.InterceptingExecutableInvoker.invoke(InterceptingExecutableInvoker.java:92)
	at org.junit.jupiter.engine.execution.InterceptingExecutableInvoker.invoke(InterceptingExecutableInvoker.java:86)
	at org.junit.jupiter.engine.descriptor.TestMethodTestDescriptor.lambda$invokeTestMethod$7(TestMethodTestDescriptor.java:218)
	at org.junit.platform.engine.support.hierarchical.ThrowableCollector.execute(ThrowableCollector.java:73)
	at org.junit.jupiter.engine.descriptor.TestMethodTestDescriptor.invokeTestMethod(TestMethodTestDescriptor.java:214)
	at org.junit.jupiter.engine.descriptor.TestMethodTestDescriptor.execute(TestMethodTestDescriptor.java:139)
	at org.junit.jupiter.engine.descriptor.TestMethodTestDescriptor.execute(TestMethodTestDescriptor.java:69)
	at org.junit.platform.engine.support.hierarchical.NodeTestTask.lambda$executeRecursively$6(NodeTestTask.java:151)
	at org.junit.platform.engine.support.hierarchical.ThrowableCollector.execute(ThrowableCollector.java:73)
	at org.junit.platform.engine.support.hierarchical.NodeTestTask.lambda$executeRecursively$8(NodeTestTask.java:141)
	at org.junit.platform.engine.support.hierarchical.Node.around(Node.java:137)
	at org.junit.platform.engine.support.hierarchical.NodeTestTask.lambda$executeRecursively$9(NodeTestTask.java:139)
	at org.junit.platform.engine.support.hierarchical.ThrowableCollector.execute(ThrowableCollector.java:73)
	at org.junit.platform.engine.support.hierarchical.NodeTestTask.executeRecursively(NodeTestTask.java:138)
	at org.junit.platform.engine.support.hierarchical.NodeTestTask.execute(NodeTestTask.java:95)
	at java.base/java.util.ArrayList.forEach(ArrayList.java:1596)
	at org.junit.platform.engine.support.hierarchical.SameThreadHierarchicalTestExecutorService.invokeAll(SameThreadHierarchicalTestExecutorService.java:41)
	at org.junit.platform.engine.support.hierarchical.NodeTestTask.lambda$executeRecursively$6(NodeTestTask.java:155)
	at org.junit.platform.engine.support.hierarchical.ThrowableCollector.execute(ThrowableCollector.java:73)
	at org.junit.platform.engine.support.hierarchical.NodeTestTask.lambda$executeRecursively$8(NodeTestTask.java:141)
	at org.junit.platform.engine.support.hierarchical.Node.around(Node.java:137)
	at org.junit.platform.engine.support.hierarchical.NodeTestTask.lambda$executeRecursively$9(NodeTestTask.java:139)
	at org.junit.platform.engine.support.hierarchical.ThrowableCollector.execute(ThrowableCollector.java:73)
	at org.junit.platform.engine.support.hierarchical.NodeTestTask.executeRecursively(NodeTestTask.java:138)
	at org.junit.platform.engine.support.hierarchical.NodeTestTask.execute(NodeTestTask.java:95)
	at java.base/java.util.ArrayList.forEach(ArrayList.java:1596)
	at org.junit.platform.engine.support.hierarchical.SameThreadHierarchicalTestExecutorService.invokeAll(SameThreadHierarchicalTestExecutorService.java:41)
	at org.junit.platform.engine.support.hierarchical.NodeTestTask.lambda$executeRecursively$6(NodeTestTask.java:155)
	at org.junit.platform.engine.support.hierarchical.ThrowableCollector.execute(ThrowableCollector.java:73)
	at org.junit.platform.engine.support.hierarchical.NodeTestTask.lambda$executeRecursively$8(NodeTestTask.java:141)
	at org.junit.platform.engine.support.hierarchical.Node.around(Node.java:137)
	at org.junit.platform.engine.support.hierarchical.NodeTestTask.lambda$executeRecursively$9(NodeTestTask.java:139)
	at org.junit.platform.engine.support.hierarchical.ThrowableCollector.execute(ThrowableCollector.java:73)
	at org.junit.platform.engine.support.hierarchical.NodeTestTask.executeRecursively(NodeTestTask.java:138)
	at org.junit.platform.engine.support.hierarchical.NodeTestTask.execute(NodeTestTask.java:95)
	at org.junit.platform.engine.support.hierarchical.SameThreadHierarchicalTestExecutorService.submit(SameThreadHierarchicalTestExecutorService.java:35)
	at org.junit.platform.engine.support.hierarchical.HierarchicalTestExecutor.execute(HierarchicalTestExecutor.java:57)
	at org.junit.platform.engine.support.hierarchical.HierarchicalTestEngine.execute(HierarchicalTestEngine.java:54)
	at org.junit.platform.launcher.core.EngineExecutionOrchestrator.execute(EngineExecutionOrchestrator.java:198)
	at org.junit.platform.launcher.core.EngineExecutionOrchestrator.execute(EngineExecutionOrchestrator.java:169)
	at org.junit.platform.launcher.core.EngineExecutionOrchestrator.execute(EngineExecutionOrchestrator.java:93)
	at org.junit.platform.launcher.core.EngineExecutionOrchestrator.lambda$execute$0(EngineExecutionOrchestrator.java:58)
	at org.junit.platform.launcher.core.EngineExecutionOrchestrator.withInterceptedStreams(EngineExecutionOrchestrator.java:141)
	at org.junit.platform.launcher.core.EngineExecutionOrchestrator.execute(EngineExecutionOrchestrator.java:57)
	at org.junit.platform.launcher.core.DefaultLauncher.execute(DefaultLauncher.java:103)
	at org.junit.platform.launcher.core.DefaultLauncher.execute(DefaultLauncher.java:85)
	at org.junit.platform.launcher.core.DelegatingLauncher.execute(DelegatingLauncher.java:47)
	at org.junit.platform.launcher.core.SessionPerRequestLauncher.execute(SessionPerRequestLauncher.java:63)
	at com.intellij.junit5.JUnit5IdeaTestRunner.startRunnerWithArgs(JUnit5IdeaTestRunner.java:57)
	at com.intellij.rt.junit.IdeaTestRunner$Repeater$1.execute(IdeaTestRunner.java:38)
	at com.intellij.rt.execution.junit.TestsRepeater.repeat(TestsRepeater.java:11)
	at com.intellij.rt.junit.IdeaTestRunner$Repeater.startRunnerWithArgs(IdeaTestRunner.java:35)
	at com.intellij.rt.junit.JUnitStarter.prepareStreamsAndStart(JUnitStarter.java:232)
	at com.intellij.rt.junit.JUnitStarter.main(JUnitStarter.java:55)
2025-04-15 10:58:00 [main] INFO  l.insoft.uztis.tests.utils.TestUtils - Screenshot moved to C:\Users\ingrida.zadorozniene\Desktop\Asm\UZTIS\UZTIS_tests\test-output\screenshots\20250415\105800762_testConfirmEvaluationThree().png
2025-04-15 10:58:20 [main] INFO  lt.insoft.uztis.tests.UztisPageTest - Navigated to https://uztisdev.asseco.lt/home
2025-04-15 10:58:20 [main] INFO  l.insoft.uztis.tests.FundingPageTest - Starting test:'testFundApplication'
2025-04-15 10:58:21 [main] DEBUG l.insoft.uztis.tests.FundingPageTest - User logged in with test credentials
2025-04-15 10:58:21 [main] DEBUG l.insoft.uztis.tests.FundingPageTest - Opened 'Application Processing' menu.
2025-04-15 10:58:22 [main] DEBUG l.insoft.uztis.tests.FundingPageTest - Clicked on 'Application Forms' menu.
2025-04-15 10:58:22 [main] DEBUG l.insoft.uztis.tests.FundingPageTest - Retrieved last description code text: 'TST-VUI-71'.
2025-04-15 10:58:22 [main] DEBUG l.insoft.uztis.tests.FundingPageTest - Clicked on 'Invitation' menu.
2025-04-15 10:58:24 [main] DEBUG l.insoft.uztis.tests.FundingPageTest - Selected application section by code: 'TST-VUI-71'.
2025-04-15 10:58:24 [main] DEBUG l.insoft.uztis.tests.FundingPageTest - Clicked 'Search' button.
2025-04-15 10:58:24 [main] DEBUG l.insoft.uztis.tests.FundingPageTest - Retrieved invitation code: ''.
2025-04-15 10:58:24 [main] DEBUG l.insoft.uztis.tests.FundingPageTest - Clicked on 'Funding Queue' menu.
2025-04-15 10:58:26 [main] DEBUG l.insoft.uztis.tests.FundingPageTest - Selected invitation by code: 'TST-VUI-71'.
2025-04-15 10:58:26 [main] DEBUG l.insoft.uztis.tests.FundingPageTest - Invitation code inserted.
2025-04-15 10:58:26 [main] DEBUG l.insoft.uztis.tests.FundingPageTest - Clicked 'Form'.
2025-04-15 10:59:20 [main] INFO  lt.insoft.uztis.tests.UztisPageTest - Navigated to https://uztisdev.asseco.lt/home
2025-04-15 10:59:21 [main] INFO  l.insoft.uztis.tests.FundingPageTest - Starting test:'testFundApplication'
2025-04-15 10:59:21 [main] DEBUG l.insoft.uztis.tests.FundingPageTest - User logged in with test credentials
2025-04-15 10:59:21 [main] DEBUG l.insoft.uztis.tests.FundingPageTest - Opened 'Application Processing' menu.
2025-04-15 10:59:22 [main] DEBUG l.insoft.uztis.tests.FundingPageTest - Clicked on 'Application Forms' menu.
2025-04-15 10:59:22 [main] DEBUG l.insoft.uztis.tests.FundingPageTest - Retrieved last description code text: 'TST-VUI-71'.
2025-04-15 10:59:22 [main] DEBUG l.insoft.uztis.tests.FundingPageTest - Clicked on 'Invitation' menu.
2025-04-15 10:59:24 [main] DEBUG l.insoft.uztis.tests.FundingPageTest - Selected application section by code: 'TST-VUI-71'.
2025-04-15 10:59:24 [main] DEBUG l.insoft.uztis.tests.FundingPageTest - Clicked 'Search' button.
2025-04-15 10:59:24 [main] DEBUG l.insoft.uztis.tests.FundingPageTest - Retrieved invitation code: ''.
2025-04-15 10:59:24 [main] DEBUG l.insoft.uztis.tests.FundingPageTest - Clicked on 'Funding Queue' menu.
2025-04-15 10:59:25 [main] DEBUG l.insoft.uztis.tests.FundingPageTest - Selected invitation by code: 'TST-VUI-71'.
2025-04-15 10:59:25 [main] DEBUG l.insoft.uztis.tests.FundingPageTest - Invitation code inserted.
2025-04-15 10:59:26 [main] DEBUG l.insoft.uztis.tests.FundingPageTest - Clicked 'Form'.
2025-04-15 10:59:26 [main] DEBUG l.insoft.uztis.tests.FundingPageTest - Clicked 'Finance'.
2025-04-15 10:59:26 [main] DEBUG l.insoft.uztis.tests.FundingPageTest - Entered order number 'VUI_1'.
2025-04-15 10:59:26 [main] DEBUG l.insoft.uztis.tests.FundingPageTest - Clicked 'Finance Confirmation'.
2025-04-15 10:59:28 [main] DEBUG l.i.uztis.pages.ApplicationFormsPage - Verified success message: 'Funkcija sėkmingai atlikta.'
2025-04-15 10:59:28 [main] INFO  l.insoft.uztis.tests.FundingPageTest - Verified success message
2025-04-15 10:59:28 [main] INFO  l.insoft.uztis.tests.FundingPageTest - Test 'testFundApplication' completed successfully.
2025-04-17 12:11:51 [main] INFO  lt.insoft.uztis.tests.UztisPageTest - Navigated to https://uztisdev.asseco.lt/home
2025-04-17 12:11:52 [main] INFO  l.i.u.tests.ApplicationFormsPageTest - Setup complete. ApplicationFormsPage initialized.
2025-04-17 12:11:52 [main] INFO  l.i.u.tests.ApplicationFormsPageTest - Starting test:'testCreateNewVuiApplication'
2025-04-17 12:11:52 [main] DEBUG l.i.u.tests.ApplicationFormsPageTest - User logged in with test credentials
2025-04-17 12:11:53 [main] DEBUG l.i.u.tests.ApplicationFormsPageTest - Opened 'Application Processing' menu.
2025-04-17 12:11:53 [main] DEBUG l.i.u.tests.ApplicationFormsPageTest - Clicked on 'Application Forms' menu.
2025-04-17 12:11:53 [main] DEBUG l.i.u.tests.ApplicationFormsPageTest - Clicked to create a new application form.
2025-04-17 12:11:53 [main] DEBUG l.i.u.tests.ApplicationFormsPageTest - Entered random application code: TST-VUI-43
2025-04-17 12:11:53 [main] DEBUG l.i.u.tests.ApplicationFormsPageTest - Selected 'Section' radio button.
2025-04-17 12:11:53 [main] INFO  l.i.uztis.pages.ApplicationFormsPage - Located the dropdown button.
2025-04-17 12:11:54 [main] INFO  l.i.uztis.pages.ApplicationFormsPage - Successfully selected the value: 'Skyrius 1'
2025-04-17 12:12:05 [main] ERROR l.i.uztis.pages.ApplicationFormsPage - Failed to close the dropdown with aria-expanded = 'false'.
2025-04-17 12:12:05 [main] DEBUG l.i.u.tests.ApplicationFormsPageTest - Selected a value from the 'Section' dropdown: 'Skyrius 1'
2025-04-17 12:12:05 [main] DEBUG l.i.u.tests.ApplicationFormsPageTest - Selected 'Budget by Municipality' option.
2025-04-17 12:12:05 [main] DEBUG l.i.u.tests.ApplicationFormsPageTest - Selected 'Financed Without Queue' option.
2025-04-17 12:12:05 [main] DEBUG l.i.u.tests.ApplicationFormsPageTest - Clicked 'Add' button.
2025-04-17 12:12:05 [main] INFO  l.i.uztis.pages.ApplicationFormsPage - Located the dropdown button.
2025-04-17 12:12:06 [main] INFO  l.i.uztis.pages.ApplicationFormsPage - Successfully selected the value: 'VUI atitiktis URP'
2025-04-17 12:12:16 [main] ERROR l.i.uztis.pages.ApplicationFormsPage - Failed to close the dropdown with aria-expanded = 'false'.
2025-04-17 12:12:16 [main] DEBUG l.i.u.tests.ApplicationFormsPageTest - Selected a value from the 'EvaluationOne' dropdown: 'VUI atitiktis URP'
2025-04-17 12:12:16 [main] INFO  l.i.uztis.pages.ApplicationFormsPage - Located the dropdown button.
2025-04-17 12:12:17 [main] INFO  l.i.uztis.pages.ApplicationFormsPage - Successfully selected the value: 'VUI atitiktis kokybės kriterijams'
2025-04-17 12:12:27 [main] ERROR l.i.uztis.pages.ApplicationFormsPage - Failed to close the dropdown with aria-expanded = 'false'.
2025-04-17 12:12:27 [main] DEBUG l.i.u.tests.ApplicationFormsPageTest - Selected a value from the 'EvaluationTwon' dropdown: 'VUI atitiktis kokybės kriterijams'
2025-04-17 12:12:27 [main] INFO  l.i.uztis.pages.ApplicationFormsPage - Located the dropdown button.
2025-04-17 12:12:28 [main] INFO  l.i.uztis.pages.ApplicationFormsPage - Successfully selected the value: 'VUI gynimo vertinimo forma'
2025-04-17 12:12:38 [main] ERROR l.i.uztis.pages.ApplicationFormsPage - Failed to close the dropdown with aria-expanded = 'false'.
2025-04-17 12:12:38 [main] DEBUG l.i.u.tests.ApplicationFormsPageTest - Selected a value from the 'EvaluationThree' dropdown: 'VUI gynimo vertinimo forma'
2025-04-17 12:12:38 [main] DEBUG l.i.u.tests.ApplicationFormsPageTest - Clicked 'Plus' button.
2025-04-17 12:12:39 [main] DEBUG l.i.u.tests.ApplicationFormsPageTest - Clicked 'Add' button seven times.
2025-04-17 12:12:39 [main] INFO  l.i.uztis.pages.ApplicationFormsPage - Processing dropdown index: 0
2025-04-17 12:12:49 [main] ERROR l.i.uztis.pages.ApplicationFormsPage - Timeout while waiting for dropdown to close at index: 0 with aria-expanded = 'false'
2025-04-17 12:12:49 [main] INFO  l.i.uztis.pages.ApplicationFormsPage - Processing dropdown index: 1
2025-04-17 12:13:00 [main] ERROR l.i.uztis.pages.ApplicationFormsPage - Timeout while waiting for dropdown to close at index: 1 with aria-expanded = 'false'
2025-04-17 12:13:00 [main] INFO  l.i.uztis.pages.ApplicationFormsPage - Processing dropdown index: 2
2025-04-17 12:13:11 [main] ERROR l.i.uztis.pages.ApplicationFormsPage - Timeout while waiting for dropdown to close at index: 2 with aria-expanded = 'false'
2025-04-17 12:13:11 [main] INFO  l.i.uztis.pages.ApplicationFormsPage - Processing dropdown index: 3
2025-04-17 12:13:22 [main] ERROR l.i.uztis.pages.ApplicationFormsPage - Timeout while waiting for dropdown to close at index: 3 with aria-expanded = 'false'
2025-04-17 12:13:22 [main] INFO  l.i.uztis.pages.ApplicationFormsPage - Processing dropdown index: 4
2025-04-17 12:13:33 [main] ERROR l.i.uztis.pages.ApplicationFormsPage - Timeout while waiting for dropdown to close at index: 4 with aria-expanded = 'false'
2025-04-17 12:13:33 [main] INFO  l.i.uztis.pages.ApplicationFormsPage - Processing dropdown index: 5
2025-04-17 12:13:44 [main] ERROR l.i.uztis.pages.ApplicationFormsPage - Timeout while waiting for dropdown to close at index: 5 with aria-expanded = 'false'
2025-04-17 12:13:44 [main] INFO  l.i.uztis.pages.ApplicationFormsPage - Processing dropdown index: 6
2025-04-17 12:13:54 [main] ERROR l.i.uztis.pages.ApplicationFormsPage - Timeout while waiting for dropdown to close at index: 6 with aria-expanded = 'false'
2025-04-17 12:13:54 [main] INFO  l.i.uztis.pages.ApplicationFormsPage - Processing dropdown index: 7
2025-04-17 12:14:05 [main] ERROR l.i.uztis.pages.ApplicationFormsPage - Timeout while waiting for dropdown to close at index: 7 with aria-expanded = 'false'
2025-04-17 12:14:05 [main] INFO  l.i.uztis.pages.ApplicationFormsPage - Processing input field index: 0
2025-04-17 12:14:05 [main] INFO  l.i.uztis.pages.ApplicationFormsPage - Entered value '50' into field index: 0
2025-04-17 12:14:05 [main] INFO  l.i.uztis.pages.ApplicationFormsPage - Processing input field index: 1
2025-04-17 12:14:05 [main] INFO  l.i.uztis.pages.ApplicationFormsPage - Entered value '924' into field index: 1
2025-04-17 12:14:05 [main] INFO  l.i.uztis.pages.ApplicationFormsPage - Processing input field index: 2
2025-04-17 12:14:05 [main] INFO  l.i.uztis.pages.ApplicationFormsPage - Entered value '31' into field index: 2
2025-04-17 12:14:05 [main] INFO  l.i.uztis.pages.ApplicationFormsPage - Processing input field index: 3
2025-04-17 12:14:06 [main] INFO  l.i.uztis.pages.ApplicationFormsPage - Entered value '4.7' into field index: 3
2025-04-17 12:14:06 [main] INFO  l.i.uztis.pages.ApplicationFormsPage - Processing input field index: 4
2025-04-17 12:14:06 [main] INFO  l.i.uztis.pages.ApplicationFormsPage - Entered value '35' into field index: 4
2025-04-17 12:14:06 [main] INFO  l.i.uztis.pages.ApplicationFormsPage - Processing input field index: 5
2025-04-17 12:14:06 [main] INFO  l.i.uztis.pages.ApplicationFormsPage - Entered value '20' into field index: 5
2025-04-17 12:14:06 [main] INFO  l.i.uztis.pages.ApplicationFormsPage - Processing input field index: 6
2025-04-17 12:14:06 [main] INFO  l.i.uztis.pages.ApplicationFormsPage - Entered value '30' into field index: 6
2025-04-17 12:14:06 [main] INFO  l.i.uztis.pages.ApplicationFormsPage - Processing input field index: 7
2025-04-17 12:14:06 [main] INFO  l.i.uztis.pages.ApplicationFormsPage - Entered value '60' into field index: 7
2025-04-17 12:14:06 [main] DEBUG l.i.u.tests.ApplicationFormsPageTest - Entered additional values and text.
2025-04-17 12:14:06 [main] DEBUG l.i.u.tests.ApplicationFormsPageTest - Entered application name: VUI paraiška
2025-04-17 12:14:06 [main] DEBUG l.i.u.tests.ApplicationFormsPageTest - Clicked the 'Save' button.
2025-04-17 12:14:06 [main] DEBUG l.i.uztis.pages.ApplicationFormsPage - Verified success message: 'Duomenys sėkmingai išsaugoti.'
2025-04-17 12:14:06 [main] INFO  l.i.u.tests.ApplicationFormsPageTest - Verified success message
2025-04-17 12:14:06 [main] INFO  l.i.u.tests.ApplicationFormsPageTest - Verified that the 'Save Form' button is displayed.
2025-04-17 12:14:06 [main] INFO  l.i.u.tests.ApplicationFormsPageTest - Test 'testCreateNewVuiApplication' completed successfully.
2025-04-17 12:15:26 [main] INFO  lt.insoft.uztis.tests.UztisPageTest - Navigated to https://uztisdev.asseco.lt/home
2025-04-17 12:15:26 [main] INFO  l.i.u.tests.ApplicationFormsPageTest - Setup complete. ApplicationFormsPage initialized.
2025-04-17 12:15:26 [main] INFO  l.i.u.tests.ApplicationFormsPageTest - Starting test:'testEditAndSaveVuiApplication'
2025-04-17 12:15:27 [main] DEBUG l.i.u.tests.ApplicationFormsPageTest - User logged in with test credentials
2025-04-17 12:15:27 [main] DEBUG l.i.u.tests.ApplicationFormsPageTest - Opened 'Application Processing' menu.
2025-04-17 12:15:28 [main] DEBUG l.i.u.tests.ApplicationFormsPageTest - Clicked on 'Application Forms' menu.
2025-04-17 12:15:28 [main] DEBUG l.i.u.tests.ApplicationFormsPageTest - Selected the last application description.
2025-04-17 12:15:29 [main] DEBUG l.i.u.tests.ApplicationFormsPageTest - Clicked the 'Edit' button.
2025-04-17 12:15:29 [main] DEBUG l.i.u.tests.ApplicationFormsPageTest - Selected 'Municipality' radio button.
2025-04-17 12:15:29 [main] INFO  l.i.uztis.pages.ApplicationFormsPage - Located the dropdown button.
2025-04-17 12:15:29 [main] INFO  l.i.uztis.pages.ApplicationFormsPage - Successfully selected the value: 'Kauno departamentas'
2025-04-17 12:15:39 [main] ERROR l.i.uztis.pages.ApplicationFormsPage - Failed to close the dropdown with aria-expanded = 'false'.
2025-04-17 12:15:39 [main] DEBUG l.i.u.tests.ApplicationFormsPageTest - Selected a value from the 'Municipality' dropdown: 'Kauno departamentas'
2025-04-17 12:15:39 [main] DEBUG l.i.u.tests.ApplicationFormsPageTest - Selected 'Budget By Country' radio button.
2025-04-17 12:15:40 [main] DEBUG l.i.u.tests.ApplicationFormsPageTest - Selected 'Financed By Queue' radio button.
2025-04-17 12:15:40 [main] DEBUG l.i.u.tests.ApplicationFormsPageTest - Entered new application name: _paredaguota
2025-04-17 12:15:40 [main] DEBUG l.i.u.tests.ApplicationFormsPageTest - Clicked the 'Save' button.
2025-04-17 12:15:40 [main] DEBUG l.i.uztis.pages.ApplicationFormsPage - Verified success message: 'Duomenys sėkmingai išsaugoti.'
2025-04-17 12:15:40 [main] INFO  l.i.u.tests.ApplicationFormsPageTest - Verified success message
2025-04-17 12:15:40 [main] INFO  l.i.u.tests.ApplicationFormsPageTest - Test 'testEditAndSaveVuiApplication' completed successfully.
2025-04-17 12:15:50 [main] INFO  lt.insoft.uztis.tests.UztisPageTest - Navigated to https://uztisdev.asseco.lt/home
2025-04-17 12:15:50 [main] INFO  l.i.u.tests.ApplicationFormsPageTest - Setup complete. ApplicationFormsPage initialized.
2025-04-17 12:15:50 [main] INFO  l.i.u.tests.ApplicationFormsPageTest - Starting test:'testAddContractVUI'
2025-04-17 12:15:51 [main] DEBUG l.i.u.tests.ApplicationFormsPageTest - User logged in with test credentials
2025-04-17 12:15:51 [main] DEBUG l.i.u.tests.ApplicationFormsPageTest - Opened 'Application Processing' menu.
2025-04-17 12:15:51 [main] DEBUG l.i.u.tests.ApplicationFormsPageTest - Clicked on 'Application Forms' menu.
2025-04-17 12:15:52 [main] DEBUG l.i.u.tests.ApplicationFormsPageTest - Selected the last application description.
2025-04-17 12:15:52 [main] DEBUG l.i.u.tests.ApplicationFormsPageTest - Clicked 'Project Progress' tab.
2025-04-17 12:15:53 [main] DEBUG l.i.u.tests.ApplicationFormsPageTest - Clicked the 'Edit' button.
2025-04-17 12:15:53 [main] INFO  l.i.uztis.pages.ApplicationFormsPage - Located the dropdown button.
2025-04-17 12:15:57 [main] INFO  l.i.uztis.pages.ApplicationFormsPage - Successfully selected the value: 'Vietinių užimtumo iniciatyvų projekto įgyvendinimo ir finansavimo sutartis'
2025-04-17 12:16:07 [main] ERROR l.i.uztis.pages.ApplicationFormsPage - Failed to close the dropdown with aria-expanded = 'false'.
2025-04-17 12:16:07 [main] DEBUG l.i.u.tests.ApplicationFormsPageTest - Selected a value from the 'Document' dropdown: 'Vietinių užimtumo iniciatyvų projekto įgyvendinimo ir finansavimo sutartis'
2025-04-17 12:16:08 [main] DEBUG l.i.u.tests.ApplicationFormsPageTest - Clicked the 'Save' button.
2025-04-17 12:16:08 [main] ERROR l.i.uztis.pages.ApplicationFormsPage - Failed to verify the success message: 'Funkcija sėkmingai atlikta.'. Available messages: [Duomenys sėkmingai išsaugoti.]
2025-04-17 12:16:08 [main] INFO  l.i.u.tests.ApplicationFormsPageTest - Verified success message
2025-04-17 12:16:08 [main] INFO  l.i.u.tests.ApplicationFormsPageTest - Test 'testAddContractVUI' completed successfully.
2025-04-17 12:16:30 [main] INFO  lt.insoft.uztis.tests.UztisPageTest - Navigated to https://uztisdev.asseco.lt/home
2025-04-17 12:16:30 [main] INFO  l.i.uztis.tests.InvitationsPageTest - Starting test:'testCreateNewVuiInvitationDraft'
2025-04-17 12:16:31 [main] DEBUG l.i.uztis.tests.InvitationsPageTest - User logged in with test credentials
2025-04-17 12:16:31 [main] DEBUG l.i.uztis.tests.InvitationsPageTest - Opened 'Application Processing' menu.
2025-04-17 12:16:31 [main] DEBUG l.i.uztis.tests.InvitationsPageTest - Clicked on 'Application Forms' menu.
2025-04-17 12:16:31 [main] DEBUG l.i.uztis.tests.InvitationsPageTest - Navigating to application forms menu.
2025-04-17 12:16:32 [main] DEBUG l.i.uztis.tests.InvitationsPageTest - Retrieved last description code text: 'TST-VUI-43'.
2025-04-17 12:16:32 [main] DEBUG l.i.uztis.tests.InvitationsPageTest - Clicked on 'Invitation' menu.
2025-04-17 12:16:32 [main] DEBUG l.i.uztis.tests.InvitationsPageTest - Clicked 'Create New Application Form'.
2025-04-17 12:16:33 [main] DEBUG l.i.uztis.tests.InvitationsPageTest - Selected section by code: 'TST-VUI-43'.
2025-04-17 12:16:33 [main] INFO  l.insoft.uztis.pages.InvitationsPage - Located the dropdown button.
2025-04-17 12:16:44 [main] ERROR l.insoft.uztis.pages.InvitationsPage - Timeout while waiting for dropdown to close with aria-expanded = 'false'.
2025-04-17 12:16:44 [main] DEBUG l.i.uztis.tests.InvitationsPageTest - Selected invitation number from the list.
2025-04-17 12:16:45 [main] DEBUG l.i.uztis.tests.InvitationsPageTest - Entered current date.
2025-04-17 12:16:45 [main] DEBUG l.i.uztis.tests.InvitationsPageTest - Entered start time: 00:00.
2025-04-17 12:16:45 [main] DEBUG l.i.uztis.tests.InvitationsPageTest - Entered end date.
2025-04-17 12:16:46 [main] DEBUG l.i.uztis.tests.InvitationsPageTest - Entered end time: 11:11.
2025-04-17 12:16:46 [main] DEBUG l.i.uztis.tests.InvitationsPageTest - Draft saved.
2025-04-17 12:16:46 [main] DEBUG l.i.uztis.pages.ApplicationFormsPage - Verified success message: 'Duomenys sėkmingai išsaugoti.'
2025-04-17 12:16:46 [main] INFO  l.i.uztis.tests.InvitationsPageTest - Verified success message
2025-04-17 12:16:46 [main] INFO  l.i.uztis.tests.InvitationsPageTest - Test 'testCreateNewVuiInvitationDraft' completed successfully.
2025-04-17 12:16:58 [main] INFO  lt.insoft.uztis.tests.UztisPageTest - Navigated to https://uztisdev.asseco.lt/home
2025-04-17 12:16:58 [main] INFO  l.i.uztis.tests.InvitationsPageTest - Starting test:'testEditAndPublishVuiInvitationDraft'
2025-04-17 12:16:59 [main] DEBUG l.i.uztis.tests.InvitationsPageTest - User logged in with test credentials
2025-04-17 12:17:00 [main] DEBUG l.i.uztis.tests.InvitationsPageTest - Opened 'Application Processing' menu.
2025-04-17 12:17:00 [main] DEBUG l.i.uztis.tests.InvitationsPageTest - Clicked on 'Application Forms' menu.
2025-04-17 12:17:00 [main] DEBUG l.i.uztis.tests.InvitationsPageTest - Navigating to application forms menu.
2025-04-17 12:17:00 [main] DEBUG l.i.uztis.tests.InvitationsPageTest - Retrieved last description code text: 'TST-VUI-43'.
2025-04-17 12:17:00 [main] DEBUG l.i.uztis.tests.InvitationsPageTest - Clicked on 'Invitation' menu.
2025-04-17 12:17:01 [main] DEBUG l.i.uztis.tests.InvitationsPageTest - Selected section by code: 'TST-VUI-43'.
2025-04-17 12:17:02 [main] DEBUG l.i.uztis.tests.InvitationsPageTest - Clicked 'Search'.
2025-04-17 12:17:02 [main] DEBUG l.i.uztis.tests.InvitationsPageTest - Getting and inserting application code text.
2025-04-17 12:17:02 [main] DEBUG l.i.uztis.tests.InvitationsPageTest - Clicked 'InvitationDraft'.
2025-04-17 12:17:02 [main] DEBUG l.i.uztis.tests.InvitationsPageTest - Clicked 'Edit'.
2025-04-17 12:17:03 [main] DEBUG l.i.uztis.tests.InvitationsPageTest - Entered publication end date.
2025-04-17 12:17:03 [main] DEBUG l.i.uztis.tests.InvitationsPageTest - Added additional values.
2025-04-17 12:17:03 [main] INFO  l.insoft.uztis.pages.InvitationsPage - Located the dropdown button.
2025-04-17 12:17:04 [main] DEBUG l.i.uztis.tests.InvitationsPageTest - Selected the value: 'Didžiausia galima paramos suma aplinkos darbo vietai, Eur'
2025-04-17 12:17:04 [main] INFO  l.insoft.uztis.pages.InvitationsPage - Located the dropdown button.
2025-04-17 12:17:04 [main] DEBUG l.i.uztis.tests.InvitationsPageTest - Selected the value: 'Didžiausia galima paramos suma, Eur'
2025-04-17 12:17:04 [main] INFO  l.insoft.uztis.pages.InvitationsPage - Located the dropdown button.
2025-04-17 12:17:05 [main] DEBUG l.i.uztis.tests.InvitationsPageTest - Selected the value: 'Didžiausia galima paramos suma vienai darbo vietai, Eur'
2025-04-17 12:17:05 [main] DEBUG l.i.uztis.tests.InvitationsPageTest - Entered value: 11000
2025-04-17 12:17:06 [main] DEBUG l.i.uztis.tests.InvitationsPageTest - Entered value: 12000
2025-04-17 12:17:06 [main] DEBUG l.i.uztis.tests.InvitationsPageTest - Entered value: 13000
2025-04-17 12:17:06 [main] DEBUG l.i.uztis.tests.InvitationsPageTest - Checked 'Legal Entities' checkbox.
2025-04-17 12:17:06 [main] DEBUG l.i.uztis.tests.InvitationsPageTest - Checked 'Legal Entities' checkbox.
2025-04-17 12:17:06 [main] DEBUG l.i.uztis.tests.InvitationsPageTest - Unchecked 'Persons Registered with Employment Service' checkbox.
2025-04-17 12:17:06 [main] DEBUG l.i.uztis.tests.InvitationsPageTest - Checked 'Persons Registered as Employers' checkbox.
2025-04-17 12:17:07 [main] DEBUG l.i.uztis.tests.InvitationsPageTest - Entered second evaluation grade: '5'.
2025-04-17 12:17:07 [main] DEBUG l.i.uztis.tests.InvitationsPageTest - Entered third evaluation grade: '6'.
2025-04-17 12:17:07 [main] DEBUG l.i.uztis.tests.InvitationsPageTest - Entered second evaluation grade weight: '0,45'.
2025-04-17 12:17:07 [main] DEBUG l.i.uztis.tests.InvitationsPageTest - Entered third evaluation grade weight: '0,55'.
2025-04-17 12:17:07 [main] DEBUG l.i.uztis.tests.InvitationsPageTest - Entered budget: '2000'.
2025-04-17 12:17:07 [main] DEBUG l.i.uztis.tests.InvitationsPageTest - Entered description text: 'Aprašo tekstas'.
2025-04-17 12:17:07 [main] DEBUG l.i.uztis.tests.InvitationsPageTest - Entered applicants text: 'Pareiškėjų tekstas'.
2025-04-17 12:17:08 [main] DEBUG l.i.uztis.tests.InvitationsPageTest - Entered expenditures text: 'Išlaidų tekstas'.
2025-04-17 12:17:08 [main] DEBUG l.i.uztis.tests.InvitationsPageTest - Entered legislation text: 'Teisės aktų tekstas'.
2025-04-17 12:17:08 [main] DEBUG l.i.uztis.tests.InvitationsPageTest - Entered education text: 'Mokymų tekstas'.
2025-04-17 12:17:08 [main] DEBUG l.i.uztis.tests.InvitationsPageTest - File uploaded.
2025-04-17 12:17:08 [main] DEBUG l.i.uztis.tests.InvitationsPageTest - Clicked 'Publish'.
2025-04-17 12:17:08 [main] DEBUG l.i.uztis.tests.InvitationsPageTest - Publication confirmed.
2025-04-17 12:17:09 [main] DEBUG l.i.uztis.pages.ApplicationFormsPage - Verified success message: 'Funkcija sėkmingai atlikta.'
2025-04-17 12:17:09 [main] INFO  l.i.uztis.tests.InvitationsPageTest - Verified success message
2025-04-17 12:17:09 [main] INFO  l.i.uztis.tests.InvitationsPageTest - Test 'testEditAndPublishVuiInvitationDraft' completed successfully.
2025-04-17 12:17:25 [main] INFO  lt.insoft.uztis.tests.UztisPageTest - Navigated to https://uztisdev.asseco.lt/home
2025-04-17 12:17:25 [main] INFO  l.i.uztis.tests.InvitationsPageTest - Starting test:'testInsertVui_PvkStatisticInformation'
2025-04-17 12:17:26 [main] DEBUG l.i.uztis.tests.InvitationsPageTest - User logged in with test credentials
2025-04-17 12:17:26 [main] DEBUG l.i.uztis.tests.InvitationsPageTest - Opened 'Application Processing' menu.
2025-04-17 12:17:26 [main] DEBUG l.i.uztis.tests.InvitationsPageTest - Clicked on 'Application Forms' menu.
2025-04-17 12:17:26 [main] DEBUG l.i.uztis.tests.InvitationsPageTest - Navigating to invitation forms menu.
2025-04-17 12:17:27 [main] DEBUG l.i.uztis.tests.InvitationsPageTest - Retrieved last description code text: 'TST-VUI-43'.
2025-04-17 12:17:27 [main] DEBUG l.i.uztis.tests.InvitationsPageTest - Clicked on 'Invitation' menu.
2025-04-17 12:17:28 [main] DEBUG l.i.uztis.tests.InvitationsPageTest - Selected section by code: 'TST-VUI-43'.
2025-04-17 12:17:28 [main] DEBUG l.i.uztis.tests.InvitationsPageTest - Clicked 'Search'.
2025-04-17 12:17:28 [main] DEBUG l.i.uztis.tests.InvitationsPageTest - Getting and inserting application code text.
2025-04-17 12:17:28 [main] DEBUG l.i.uztis.tests.InvitationsPageTest - Clicked 'Publishing'.
2025-04-17 12:17:29 [main] DEBUG l.i.uztis.tests.InvitationsPageTest - Clicked 'Statistic Information' tab.
2025-04-17 12:17:29 [main] DEBUG l.i.uztis.tests.InvitationsPageTest - Clicked 'Edit' button.
2025-04-17 12:17:29 [main] DEBUG l.i.uztis.tests.InvitationsPageTest - Entered current date.
2025-04-17 12:17:30 [main] DEBUG l.i.uztis.tests.InvitationsPageTest - Entered value: 8.7
2025-04-17 12:17:30 [main] DEBUG l.i.uztis.tests.InvitationsPageTest - Entered average salary: 2237.9
2025-04-17 12:17:30 [main] DEBUG l.i.uztis.tests.InvitationsPageTest - File uploaded.
2025-04-17 12:17:30 [main] DEBUG l.i.uztis.tests.InvitationsPageTest - Clicked 'Save' button.
2025-04-17 12:17:31 [main] DEBUG l.i.uztis.pages.ApplicationFormsPage - Verified success message: 'Funkcija sėkmingai atlikta.'
2025-04-17 12:17:31 [main] INFO  l.i.uztis.tests.InvitationsPageTest - Verified success message
2025-04-17 12:17:31 [main] INFO  l.i.uztis.tests.InvitationsPageTest - Test 'testInsertVui_PvkStatisticInformation' completed successfully.
2025-04-17 12:20:05 [main] INFO  lt.insoft.uztis.tests.UztisPageTest - Navigated to https://uztisdev.asseco.lt/home
2025-04-17 12:20:05 [main] INFO  l.i.u.t.SubmittedApplicationsPageTest - Starting test:'testFillNewVUIPApplicationFA'
2025-04-17 12:20:05 [main] DEBUG l.i.u.t.SubmittedApplicationsPageTest - User logged in with test credentials.
2025-04-17 12:20:06 [main] DEBUG l.i.u.t.SubmittedApplicationsPageTest - Opened 'Application Processing' menu.
2025-04-17 12:20:06 [main] DEBUG l.i.u.t.SubmittedApplicationsPageTest - Clicked on 'Application Forms' menu.
2025-04-17 12:20:06 [main] DEBUG l.i.u.t.SubmittedApplicationsPageTest - Retrieved last description code text: 'TST-VUI-43'.
2025-04-17 12:20:06 [main] DEBUG l.i.u.t.SubmittedApplicationsPageTest - Clicked on 'Invitation' menu.
2025-04-17 12:20:08 [main] DEBUG l.i.u.t.SubmittedApplicationsPageTest - Selected application section by code: 'TST-VUI-43'.
2025-04-17 12:20:08 [main] DEBUG l.i.u.t.SubmittedApplicationsPageTest - Clicked 'Search' button.
2025-04-17 12:20:08 [main] DEBUG l.i.u.t.SubmittedApplicationsPageTest - Retrieved invitation code: ''.
2025-04-17 12:20:08 [main] DEBUG l.i.u.t.SubmittedApplicationsPageTest - Clicked on 'Submitted Applications' menu.
2025-04-17 12:20:10 [main] DEBUG l.i.u.t.SubmittedApplicationsPageTest - Selected invitation by code: 'TST-VUI-43'.
2025-04-17 12:20:10 [main] DEBUG l.i.u.t.SubmittedApplicationsPageTest - Invitation code inserted.
2025-04-17 12:20:10 [main] DEBUG l.i.u.t.SubmittedApplicationsPageTest - Clicked on 'Action Application' button.
2025-04-17 12:20:10 [main] DEBUG l.i.u.t.SubmittedApplicationsPageTest - Clicked on 'New Application' button.
2025-04-17 12:20:11 [main] DEBUG l.i.u.t.SubmittedApplicationsPageTest - Selected the 'RadioButtonFA' option.
2025-04-17 12:20:12 [main] DEBUG l.i.u.t.SubmittedApplicationsPageTest - Entered phone number: '61298745'.
2025-04-17 12:20:12 [main] DEBUG l.i.u.t.SubmittedApplicationsPageTest - Entered email: 'test@autotest.com'.
2025-04-17 12:20:12 [main] INFO  l.i.u.p.SubmittedApplicationsPage - Clicking on the dropdown button.
2025-04-17 12:20:30 [main] INFO  l.i.u.p.SubmittedApplicationsPage - Found 1741 options in the dropdown.
2025-04-17 12:20:30 [main] DEBUG l.i.u.p.SubmittedApplicationsPage - Checking option: ''
2025-04-17 12:20:30 [main] DEBUG l.i.u.p.SubmittedApplicationsPage - Checking option: '01.11 - Grūdinių (išskyrus ryžius), ankštinių ir aliejingų sėklų augalų auginimas'
2025-04-17 12:20:30 [main] INFO  l.i.u.p.SubmittedApplicationsPage - Successfully selected the value: '01.11 - Grūdinių (išskyrus ryžius), ankštinių ir aliejingų sėklų augalų auginimas'
2025-04-17 12:20:30 [main] INFO  l.i.u.p.SubmittedApplicationsPage - Attempting to close the dropdown.
2025-04-17 12:20:31 [main] DEBUG l.i.u.t.SubmittedApplicationsPageTest - Selected EVRK value: '01.11 - Grūdinių (išskyrus ryžius), ankštinių ir aliejingų sėklų augalų auginimas'.
2025-04-17 12:20:31 [main] DEBUG l.i.u.t.SubmittedApplicationsPageTest - Clicked on 'Address Component' button.
2025-04-17 12:20:31 [main] INFO  l.i.u.p.SubmittedApplicationsPage - Located the dropdown button.
2025-04-17 12:20:35 [main] INFO  l.i.u.p.SubmittedApplicationsPage - Successfully selected the value: 'Lietuva'
2025-04-17 12:20:35 [main] DEBUG l.i.u.t.SubmittedApplicationsPageTest - Selected country: 'Lietuva'.
2025-04-17 12:20:35 [main] INFO  l.i.u.p.SubmittedApplicationsPage - Located the dropdown search field.
2025-04-17 12:20:35 [main] INFO  l.i.u.p.SubmittedApplicationsPage - Dropdown city is opened.
2025-04-17 12:20:35 [main] INFO  l.i.u.p.SubmittedApplicationsPage - Searched for value: 'Vilnius'
2025-04-17 12:20:36 [main] INFO  l.i.u.p.SubmittedApplicationsPage - Successfully selected: 'Vilnius'
2025-04-17 12:20:36 [main] INFO  l.i.u.p.SubmittedApplicationsPage - Located the dropdown button.
2025-04-17 12:20:37 [main] INFO  l.i.u.p.SubmittedApplicationsPage - Successfully selected the value: 'A. Domaševičiaus g.'
2025-04-17 12:20:37 [main] DEBUG l.i.u.t.SubmittedApplicationsPageTest - Selected street: 'A. Domaševičiaus g.'.
2025-04-17 12:20:37 [main] INFO  l.i.u.p.SubmittedApplicationsPage - Located the dropdown button.
2025-04-17 12:20:37 [main] INFO  l.i.u.p.SubmittedApplicationsPage - Successfully selected the value: '1'
2025-04-17 12:20:38 [main] DEBUG l.i.u.t.SubmittedApplicationsPageTest - Selected house: '1'.
2025-04-17 12:20:38 [main] INFO  l.i.u.p.SubmittedApplicationsPage - Located the dropdown button.
2025-04-17 12:20:38 [main] INFO  l.i.u.p.SubmittedApplicationsPage - Successfully selected the value: '1'
2025-04-17 12:20:38 [main] DEBUG l.i.u.t.SubmittedApplicationsPageTest - Selected apartment: '1'.
2025-04-17 12:20:38 [main] DEBUG l.i.u.t.SubmittedApplicationsPageTest - Clicked 'Confirm' button.
2025-04-17 12:20:38 [main] DEBUG l.i.u.t.SubmittedApplicationsPageTest - Entered project date.
2025-04-17 12:20:38 [main] DEBUG l.i.u.t.SubmittedApplicationsPageTest - Entered job count: '1'.
2025-04-17 12:20:39 [main] DEBUG l.i.u.t.SubmittedApplicationsPageTest - Clicked 'Next' button.
2025-04-17 12:20:39 [main] INFO  l.i.u.p.SubmittedApplicationsPage - Located the dropdown button.
2025-04-17 12:20:40 [main] INFO  l.i.u.p.SubmittedApplicationsPage - Successfully selected the value: 'Administratoriai'
2025-04-17 12:20:40 [main] DEBUG l.i.u.t.SubmittedApplicationsPageTest - Selected job name: 'Administratoriai'.
2025-04-17 12:20:40 [main] DEBUG l.i.u.t.SubmittedApplicationsPageTest - Entered job function: 'Funkcija 1'.
2025-04-17 12:20:41 [main] DEBUG l.i.u.t.SubmittedApplicationsPageTest - Selected 'RadioButtonWithDisabilities' option.
2025-04-17 12:20:41 [main] INFO  l.i.u.p.SubmittedApplicationsPage - Clicking on the dropdown button.
2025-04-17 12:20:41 [main] INFO  l.i.u.p.SubmittedApplicationsPage - Found 34 options in the dropdown.
2025-04-17 12:20:41 [main] DEBUG l.i.u.p.SubmittedApplicationsPage - Checking option: 'Asmenys, kuriems suteiktas pabėgėlio statusas ar perkeliamojo asmens statusas, arba asmenys, kuriems suteikta papildoma ar laikinoji apsauga, ir asmenys, turintys teisę gauti laikinąją apsaugą, iki sprendimo dėl laikinosios apsaugos suteikimo (nesuteikimo) priėmimo, tačiau ne ilgiau kaip laikinosios apsaugos laikotarpiu'
2025-04-17 12:20:41 [main] DEBUG l.i.u.p.SubmittedApplicationsPage - Checking option: 'Asmenys, kuriems suteiktas pabėgėlio statusas ar perkeliamojo asmens statusas, arba asmenys, kuriems suteikta papildoma ar laikinoji apsauga, ir asmenys, turintys teisę gauti laikinąją apsaugą, iki sprendimo dėl laikinosios apsaugos suteikimo (nesuteikimo) priėmimo, tačiau ne ilgiau kaip laikinosios apsaugos laikotarpiu'
2025-04-17 12:20:41 [main] DEBUG l.i.u.p.SubmittedApplicationsPage - Checking option: 'Asmenys, turintys teisę į papildomas užimtumo garantijas pagal Lietuvos Respublikos valstybės įmonės Ignalinos atominės elektrinės darbuotojų papildomų užimtumo ir socialinių garantijų įstatymą'
2025-04-17 12:20:41 [main] DEBUG l.i.u.p.SubmittedApplicationsPage - Checking option: 'Asmenys, turintys teisę į papildomas užimtumo garantijas pagal Lietuvos Respublikos valstybės įmonės Ignalinos atominės elektrinės darbuotojų papildomų užimtumo ir socialinių garantijų įstatymą'
2025-04-17 12:20:41 [main] DEBUG l.i.u.p.SubmittedApplicationsPage - Checking option: 'Bedarbiai iki 29 metų'
2025-04-17 12:20:41 [main] DEBUG l.i.u.p.SubmittedApplicationsPage - Checking option: 'Bedarbiai iki 29 metų'
2025-04-17 12:20:41 [main] DEBUG l.i.u.p.SubmittedApplicationsPage - Checking option: 'Bedarbiai, kurie yra darbingo amžiaus neįgalieji, kuriems nustatytas 30–40 procentų darbingumo lygis arba vidutinis neįgalumo lygis'
2025-04-17 12:20:41 [main] DEBUG l.i.u.p.SubmittedApplicationsPage - Checking option: 'Bedarbiai, kurie yra darbingo amžiaus neįgalieji, kuriems nustatytas 30–40 procentų darbingumo lygis arba vidutinis neįgalumo lygis'
2025-04-17 12:20:41 [main] DEBUG l.i.u.p.SubmittedApplicationsPage - Checking option: 'Bedarbiai, kurie yra darbingo amžiaus neįgalieji, kuriems nustatytas 45–55 procentų darbingumo lygis arba lengvas neįgalumo lygis'
2025-04-17 12:20:41 [main] DEBUG l.i.u.p.SubmittedApplicationsPage - Checking option: 'Bedarbiai, kurie yra darbingo amžiaus neįgalieji, kuriems nustatytas 45–55 procentų darbingumo lygis arba lengvas neįgalumo lygis'
2025-04-17 12:20:41 [main] DEBUG l.i.u.p.SubmittedApplicationsPage - Checking option: 'Bedarbiai, kurie yra darbingo amžiaus neįgalieji, kuriems nustatytas iki 25 procentų darbingumo lygis arba sunkus neįgalumo lygis'
2025-04-17 12:20:41 [main] INFO  l.i.u.p.SubmittedApplicationsPage - Successfully selected the value: 'Bedarbiai, kurie yra darbingo amžiaus neįgalieji, kuriems nustatytas iki 25 procentų darbingumo lygis arba sunkus neįgalumo lygis'
2025-04-17 12:20:41 [main] INFO  l.i.u.p.SubmittedApplicationsPage - Attempting to close the dropdown.
2025-04-17 12:20:42 [main] DEBUG l.i.u.t.SubmittedApplicationsPageTest - Selected disabilities type: 'Bedarbiai, kurie yra darbingo amžiaus neįgalieji, kuriems nustatytas iki 25 procentų darbingumo lygis arba sunkus neįgalumo lygis'.
2025-04-17 12:20:42 [main] DEBUG l.i.u.t.SubmittedApplicationsPageTest - Entered disability information: 'Negalia 1'.
2025-04-17 12:20:42 [main] INFO  l.i.u.p.SubmittedApplicationsPage - Located the dropdown button.
2025-04-17 12:20:43 [main] INFO  l.i.u.p.SubmittedApplicationsPage - Successfully selected the value: 'Kita'
2025-04-17 12:20:43 [main] DEBUG l.i.u.t.SubmittedApplicationsPageTest - Selected time mode: 'Kita'.
2025-04-17 12:20:43 [main] DEBUG l.i.u.t.SubmittedApplicationsPageTest - Selected time mode other: '6 val. per dieną ir 4 d. per savaitę'.
2025-04-17 12:20:44 [main] DEBUG l.i.u.t.SubmittedApplicationsPageTest - Entered qualification: 'Kvalifikacija 1'.
2025-04-17 12:20:44 [main] DEBUG l.i.u.t.SubmittedApplicationsPageTest - Entered job date.
2025-04-17 12:20:44 [main] DEBUG l.i.u.t.SubmittedApplicationsPageTest - Entered salary amount: '1200'.
2025-04-17 12:20:44 [main] DEBUG l.i.u.t.SubmittedApplicationsPageTest - Entered salary description: 'Užmokestis 1'.
2025-04-17 12:20:44 [main] DEBUG l.i.u.t.SubmittedApplicationsPageTest - Selected 'Temporary Job' radio button.
2025-04-17 12:20:44 [main] DEBUG l.i.u.t.SubmittedApplicationsPageTest - Selected 'Season Job' radio button.
2025-04-17 12:20:45 [main] DEBUG l.i.u.t.SubmittedApplicationsPageTest - Selected 'Energy' radio button.
2025-04-17 12:20:45 [main] DEBUG l.i.u.t.SubmittedApplicationsPageTest - Selected 'Repair' radio button.
2025-04-17 12:20:45 [main] DEBUG l.i.u.t.SubmittedApplicationsPageTest - Entered job description: 'Veikla 1'.
2025-04-17 12:20:45 [main] DEBUG l.i.u.t.SubmittedApplicationsPageTest - Entered process description: 'Procesas 1'.
2025-04-17 12:20:45 [main] DEBUG l.i.u.t.SubmittedApplicationsPageTest - Entered energy information: 'Energija 1'.
2025-04-17 12:20:46 [main] DEBUG l.i.u.t.SubmittedApplicationsPageTest - Entered repair information: 'Remontas 1'.
2025-04-17 12:20:46 [main] DEBUG l.i.u.t.SubmittedApplicationsPageTest - Selected 'PVM' radio button.
2025-04-17 12:20:46 [main] INFO  l.i.u.p.SubmittedApplicationsPage - Located the dropdown button.
2025-04-17 12:20:46 [main] INFO  l.i.u.p.SubmittedApplicationsPage - Successfully selected the value: 'Įsigyti'
2025-04-17 12:20:46 [main] DEBUG l.i.u.t.SubmittedApplicationsPageTest - Selected necessary for job: 'Įsigyti'.
2025-04-17 12:20:46 [main] DEBUG l.i.u.t.SubmittedApplicationsPageTest - Selected tool: 'Darbo priemonė 1'.
2025-04-17 12:20:47 [main] DEBUG l.i.u.t.SubmittedApplicationsPageTest - Selected tool parameter one: 'Darbo priemonės 1 parametras 1'.
2025-04-17 12:20:47 [main] DEBUG l.i.u.t.SubmittedApplicationsPageTest - Selected tool parameter two: 'Darbo priemonės 1 parametras 2'.
2025-04-17 12:20:47 [main] DEBUG l.i.u.t.SubmittedApplicationsPageTest - Selected tool parameter three: 'Darbo priemonės 1 parametras 3'.
2025-04-17 12:20:47 [main] DEBUG l.i.u.t.SubmittedApplicationsPageTest - Entered tool count: '1'.
2025-04-17 12:20:47 [main] DEBUG l.i.u.t.SubmittedApplicationsPageTest - Entered price amount 1: '1000'.
2025-04-17 12:20:50 [main] DEBUG l.i.u.t.SubmittedApplicationsPageTest - Entered own funds amount 1: '800'.
2025-04-17 12:20:52 [main] DEBUG l.i.u.t.SubmittedApplicationsPageTest - Clicked 'Add' button.
2025-04-17 12:20:52 [main] INFO  l.i.u.p.SubmittedApplicationsPage - Located the dropdown button.
2025-04-17 12:20:52 [main] INFO  l.i.u.p.SubmittedApplicationsPage - Successfully selected the value: 'Remontuoti'
2025-04-17 12:20:52 [main] DEBUG l.i.u.t.SubmittedApplicationsPageTest - Selected necessary for job 'to repair': 'Remontuoti'.
2025-04-17 12:20:53 [main] DEBUG l.i.u.t.SubmittedApplicationsPageTest - Selected repair name: 'Remonto pavadinimas 1'.
2025-04-17 12:20:53 [main] DEBUG l.i.u.t.SubmittedApplicationsPageTest - Entered repair information: 'Remonto aprašymas 1'.
2025-04-17 12:20:53 [main] DEBUG l.i.u.t.SubmittedApplicationsPageTest - Entered price amount 2: '1000'.
2025-04-17 12:20:55 [main] DEBUG l.i.u.t.SubmittedApplicationsPageTest - Entered own funds amount 2: '900'.
2025-04-17 12:20:57 [main] DEBUG l.i.u.t.SubmittedApplicationsPageTest - Clicked 'AddRemoved' button.
2025-04-17 12:21:00 [main] DEBUG l.i.u.t.SubmittedApplicationsPageTest - Clicked 'Remove' button.
2025-04-17 12:21:02 [main] DEBUG l.i.u.t.SubmittedApplicationsPageTest - Clicked 'Remove Confirmation' button.
2025-04-17 12:21:04 [main] DEBUG l.i.u.t.SubmittedApplicationsPageTest - Entered country percentage: '50'.
2025-04-17 12:21:04 [main] DEBUG l.i.u.t.SubmittedApplicationsPageTest - Entered institution percentage: '50'.
2025-04-17 12:21:04 [main] DEBUG l.i.u.t.SubmittedApplicationsPageTest - Entered municipality percentage: '50'.
2025-04-17 12:21:04 [main] DEBUG l.i.u.t.SubmittedApplicationsPageTest - Selected 'De Minimis' radio button.
2025-04-17 12:21:04 [main] DEBUG l.i.u.t.SubmittedApplicationsPageTest - Entered program name: 'Programa 1'.
2025-04-17 12:21:05 [main] DEBUG l.i.u.t.SubmittedApplicationsPageTest - Entered project date from.
2025-04-17 12:21:05 [main] DEBUG l.i.u.t.SubmittedApplicationsPageTest - Entered project date until.
2025-04-17 12:21:05 [main] DEBUG l.i.u.t.SubmittedApplicationsPageTest - Entered support amount: '2000'.
2025-04-17 12:21:05 [main] DEBUG l.i.u.t.SubmittedApplicationsPageTest - Clicked 'Next' button.
2025-04-17 12:21:15 [main] DEBUG l.i.u.t.SubmittedApplicationsPageTest - Checked 'Legal Entities' checkbox 1.
2025-04-17 12:21:25 [main] DEBUG l.i.u.t.SubmittedApplicationsPageTest - Checked 'Legal Entities' checkbox 2.
2025-04-17 12:21:35 [main] DEBUG l.i.u.t.SubmittedApplicationsPageTest - Checked 'Legal Entities' checkbox 3.
2025-04-17 12:21:35 [main] DEBUG l.i.u.t.SubmittedApplicationsPageTest - Test finished: All 'Legal Entities' checkboxes checked successfully.
2025-04-17 12:21:36 [main] DEBUG l.i.u.t.SubmittedApplicationsPageTest - Clicked 'Next' button after checkboxes.
2025-04-17 12:21:46 [main] ERROR l.i.u.p.SubmittedApplicationsPage - Error selecting radio button: Expected condition failed: waiting for element to be clickable: By.xpath: (//input[@type='radio' and @value='false'])[8] (tried for 10 second(s) with 500 milliseconds interval)
Build info: version: '4.27.0', revision: 'd6e718d134'
System info: os.name: 'Windows 11', os.arch: 'amd64', os.version: '10.0', java.version: '21.0.3'
Driver info: org.openqa.selenium.chrome.ChromeDriver
Capabilities {acceptInsecureCerts: false, browserName: chrome, browserVersion: 135.0.7049.85, chrome: {chromedriverVersion: 135.0.7049.95 (de2eb485a195..., userDataDir: C:\Users\INGRID~1.ZAD\AppDa...}, fedcm:accounts: true, goog:chromeOptions: {debuggerAddress: localhost:55372}, networkConnectionEnabled: false, pageLoadStrategy: normal, platformName: windows, proxy: Proxy(), se:cdp: ws://localhost:55372/devtoo..., se:cdpVersion: 135.0.7049.85, setWindowRect: true, strictFileInteractability: false, timeouts: {implicit: 0, pageLoad: 300000, script: 30000}, unhandledPromptBehavior: dismiss and notify, webauthn:extension:credBlob: true, webauthn:extension:largeBlob: true, webauthn:extension:minPinLength: true, webauthn:extension:prf: true, webauthn:virtualAuthenticators: true}
Session ID: 90d6f760b0679b4e1187038831b22b54
2025-04-17 12:21:46 [main] INFO  l.i.u.t.SubmittedApplicationsPageTest - Marking 'Ne' radio button 1
2025-04-17 12:21:56 [main] ERROR l.i.u.p.SubmittedApplicationsPage - Error selecting radio button: Expected condition failed: waiting for element to be clickable: By.xpath: (//input[@type='radio' and @value='false'])[9] (tried for 10 second(s) with 500 milliseconds interval)
Build info: version: '4.27.0', revision: 'd6e718d134'
System info: os.name: 'Windows 11', os.arch: 'amd64', os.version: '10.0', java.version: '21.0.3'
Driver info: org.openqa.selenium.chrome.ChromeDriver
Capabilities {acceptInsecureCerts: false, browserName: chrome, browserVersion: 135.0.7049.85, chrome: {chromedriverVersion: 135.0.7049.95 (de2eb485a195..., userDataDir: C:\Users\INGRID~1.ZAD\AppDa...}, fedcm:accounts: true, goog:chromeOptions: {debuggerAddress: localhost:55372}, networkConnectionEnabled: false, pageLoadStrategy: normal, platformName: windows, proxy: Proxy(), se:cdp: ws://localhost:55372/devtoo..., se:cdpVersion: 135.0.7049.85, setWindowRect: true, strictFileInteractability: false, timeouts: {implicit: 0, pageLoad: 300000, script: 30000}, unhandledPromptBehavior: dismiss and notify, webauthn:extension:credBlob: true, webauthn:extension:largeBlob: true, webauthn:extension:minPinLength: true, webauthn:extension:prf: true, webauthn:virtualAuthenticators: true}
Session ID: 90d6f760b0679b4e1187038831b22b54
2025-04-17 12:21:56 [main] INFO  l.i.u.t.SubmittedApplicationsPageTest - Marking 'Ne' radio button 2
2025-04-17 12:22:06 [main] ERROR l.i.u.p.SubmittedApplicationsPage - Error selecting radio button: Expected condition failed: waiting for element to be clickable: By.xpath: (//input[@type='radio' and @value='false'])[10] (tried for 10 second(s) with 500 milliseconds interval)
Build info: version: '4.27.0', revision: 'd6e718d134'
System info: os.name: 'Windows 11', os.arch: 'amd64', os.version: '10.0', java.version: '21.0.3'
Driver info: org.openqa.selenium.chrome.ChromeDriver
Capabilities {acceptInsecureCerts: false, browserName: chrome, browserVersion: 135.0.7049.85, chrome: {chromedriverVersion: 135.0.7049.95 (de2eb485a195..., userDataDir: C:\Users\INGRID~1.ZAD\AppDa...}, fedcm:accounts: true, goog:chromeOptions: {debuggerAddress: localhost:55372}, networkConnectionEnabled: false, pageLoadStrategy: normal, platformName: windows, proxy: Proxy(), se:cdp: ws://localhost:55372/devtoo..., se:cdpVersion: 135.0.7049.85, setWindowRect: true, strictFileInteractability: false, timeouts: {implicit: 0, pageLoad: 300000, script: 30000}, unhandledPromptBehavior: dismiss and notify, webauthn:extension:credBlob: true, webauthn:extension:largeBlob: true, webauthn:extension:minPinLength: true, webauthn:extension:prf: true, webauthn:virtualAuthenticators: true}
Session ID: 90d6f760b0679b4e1187038831b22b54
2025-04-17 12:22:06 [main] INFO  l.i.u.t.SubmittedApplicationsPageTest - Marking 'Ne' radio button 3
2025-04-17 12:22:16 [main] ERROR l.i.u.p.SubmittedApplicationsPage - Error selecting radio button: Expected condition failed: waiting for element to be clickable: By.xpath: (//input[@type='radio' and @value='false'])[11] (tried for 10 second(s) with 500 milliseconds interval)
Build info: version: '4.27.0', revision: 'd6e718d134'
System info: os.name: 'Windows 11', os.arch: 'amd64', os.version: '10.0', java.version: '21.0.3'
Driver info: org.openqa.selenium.chrome.ChromeDriver
Capabilities {acceptInsecureCerts: false, browserName: chrome, browserVersion: 135.0.7049.85, chrome: {chromedriverVersion: 135.0.7049.95 (de2eb485a195..., userDataDir: C:\Users\INGRID~1.ZAD\AppDa...}, fedcm:accounts: true, goog:chromeOptions: {debuggerAddress: localhost:55372}, networkConnectionEnabled: false, pageLoadStrategy: normal, platformName: windows, proxy: Proxy(), se:cdp: ws://localhost:55372/devtoo..., se:cdpVersion: 135.0.7049.85, setWindowRect: true, strictFileInteractability: false, timeouts: {implicit: 0, pageLoad: 300000, script: 30000}, unhandledPromptBehavior: dismiss and notify, webauthn:extension:credBlob: true, webauthn:extension:largeBlob: true, webauthn:extension:minPinLength: true, webauthn:extension:prf: true, webauthn:virtualAuthenticators: true}
Session ID: 90d6f760b0679b4e1187038831b22b54
2025-04-17 12:22:16 [main] INFO  l.i.u.t.SubmittedApplicationsPageTest - Marking 'Ne' radio button 4
2025-04-17 12:22:26 [main] ERROR l.i.u.p.SubmittedApplicationsPage - Error selecting radio button: Expected condition failed: waiting for element to be clickable: By.xpath: (//input[@type='radio' and @value='false'])[12] (tried for 10 second(s) with 500 milliseconds interval)
Build info: version: '4.27.0', revision: 'd6e718d134'
System info: os.name: 'Windows 11', os.arch: 'amd64', os.version: '10.0', java.version: '21.0.3'
Driver info: org.openqa.selenium.chrome.ChromeDriver
Capabilities {acceptInsecureCerts: false, browserName: chrome, browserVersion: 135.0.7049.85, chrome: {chromedriverVersion: 135.0.7049.95 (de2eb485a195..., userDataDir: C:\Users\INGRID~1.ZAD\AppDa...}, fedcm:accounts: true, goog:chromeOptions: {debuggerAddress: localhost:55372}, networkConnectionEnabled: false, pageLoadStrategy: normal, platformName: windows, proxy: Proxy(), se:cdp: ws://localhost:55372/devtoo..., se:cdpVersion: 135.0.7049.85, setWindowRect: true, strictFileInteractability: false, timeouts: {implicit: 0, pageLoad: 300000, script: 30000}, unhandledPromptBehavior: dismiss and notify, webauthn:extension:credBlob: true, webauthn:extension:largeBlob: true, webauthn:extension:minPinLength: true, webauthn:extension:prf: true, webauthn:virtualAuthenticators: true}
Session ID: 90d6f760b0679b4e1187038831b22b54
2025-04-17 12:22:26 [main] INFO  l.i.u.t.SubmittedApplicationsPageTest - Marking 'Ne' radio button 5
2025-04-17 12:22:36 [main] ERROR l.i.u.p.SubmittedApplicationsPage - Error selecting radio button: Expected condition failed: waiting for element to be clickable: By.xpath: (//input[@type='radio' and @value='false'])[13] (tried for 10 second(s) with 500 milliseconds interval)
Build info: version: '4.27.0', revision: 'd6e718d134'
System info: os.name: 'Windows 11', os.arch: 'amd64', os.version: '10.0', java.version: '21.0.3'
Driver info: org.openqa.selenium.chrome.ChromeDriver
Capabilities {acceptInsecureCerts: false, browserName: chrome, browserVersion: 135.0.7049.85, chrome: {chromedriverVersion: 135.0.7049.95 (de2eb485a195..., userDataDir: C:\Users\INGRID~1.ZAD\AppDa...}, fedcm:accounts: true, goog:chromeOptions: {debuggerAddress: localhost:55372}, networkConnectionEnabled: false, pageLoadStrategy: normal, platformName: windows, proxy: Proxy(), se:cdp: ws://localhost:55372/devtoo..., se:cdpVersion: 135.0.7049.85, setWindowRect: true, strictFileInteractability: false, timeouts: {implicit: 0, pageLoad: 300000, script: 30000}, unhandledPromptBehavior: dismiss and notify, webauthn:extension:credBlob: true, webauthn:extension:largeBlob: true, webauthn:extension:minPinLength: true, webauthn:extension:prf: true, webauthn:virtualAuthenticators: true}
Session ID: 90d6f760b0679b4e1187038831b22b54
2025-04-17 12:22:36 [main] INFO  l.i.u.t.SubmittedApplicationsPageTest - Marking 'Ne' radio button 6
2025-04-17 12:22:46 [main] ERROR l.i.u.p.SubmittedApplicationsPage - Error selecting radio button: Expected condition failed: waiting for element to be clickable: By.xpath: (//input[@type='radio' and @value='true'])[14] (tried for 10 second(s) with 500 milliseconds interval)
Build info: version: '4.27.0', revision: 'd6e718d134'
System info: os.name: 'Windows 11', os.arch: 'amd64', os.version: '10.0', java.version: '21.0.3'
Driver info: org.openqa.selenium.chrome.ChromeDriver
Capabilities {acceptInsecureCerts: false, browserName: chrome, browserVersion: 135.0.7049.85, chrome: {chromedriverVersion: 135.0.7049.95 (de2eb485a195..., userDataDir: C:\Users\INGRID~1.ZAD\AppDa...}, fedcm:accounts: true, goog:chromeOptions: {debuggerAddress: localhost:55372}, networkConnectionEnabled: false, pageLoadStrategy: normal, platformName: windows, proxy: Proxy(), se:cdp: ws://localhost:55372/devtoo..., se:cdpVersion: 135.0.7049.85, setWindowRect: true, strictFileInteractability: false, timeouts: {implicit: 0, pageLoad: 300000, script: 30000}, unhandledPromptBehavior: dismiss and notify, webauthn:extension:credBlob: true, webauthn:extension:largeBlob: true, webauthn:extension:minPinLength: true, webauthn:extension:prf: true, webauthn:virtualAuthenticators: true}
Session ID: 90d6f760b0679b4e1187038831b22b54
2025-04-17 12:22:46 [main] INFO  l.i.u.t.SubmittedApplicationsPageTest - Marking 'Taip' radio button 7
2025-04-17 12:22:56 [main] ERROR l.i.u.p.SubmittedApplicationsPage - Error selecting radio button: Expected condition failed: waiting for element to be clickable: By.xpath: (//input[@type='radio' and @value='true'])[15] (tried for 10 second(s) with 500 milliseconds interval)
Build info: version: '4.27.0', revision: 'd6e718d134'
System info: os.name: 'Windows 11', os.arch: 'amd64', os.version: '10.0', java.version: '21.0.3'
Driver info: org.openqa.selenium.chrome.ChromeDriver
Capabilities {acceptInsecureCerts: false, browserName: chrome, browserVersion: 135.0.7049.85, chrome: {chromedriverVersion: 135.0.7049.95 (de2eb485a195..., userDataDir: C:\Users\INGRID~1.ZAD\AppDa...}, fedcm:accounts: true, goog:chromeOptions: {debuggerAddress: localhost:55372}, networkConnectionEnabled: false, pageLoadStrategy: normal, platformName: windows, proxy: Proxy(), se:cdp: ws://localhost:55372/devtoo..., se:cdpVersion: 135.0.7049.85, setWindowRect: true, strictFileInteractability: false, timeouts: {implicit: 0, pageLoad: 300000, script: 30000}, unhandledPromptBehavior: dismiss and notify, webauthn:extension:credBlob: true, webauthn:extension:largeBlob: true, webauthn:extension:minPinLength: true, webauthn:extension:prf: true, webauthn:virtualAuthenticators: true}
Session ID: 90d6f760b0679b4e1187038831b22b54
2025-04-17 12:22:56 [main] INFO  l.i.u.t.SubmittedApplicationsPageTest - Marking 'Taip' radio button 8
2025-04-17 12:23:06 [main] ERROR l.i.u.p.SubmittedApplicationsPage - Error selecting radio button: Expected condition failed: waiting for element to be clickable: By.xpath: (//input[@type='radio' and @value='true'])[16] (tried for 10 second(s) with 500 milliseconds interval)
Build info: version: '4.27.0', revision: 'd6e718d134'
System info: os.name: 'Windows 11', os.arch: 'amd64', os.version: '10.0', java.version: '21.0.3'
Driver info: org.openqa.selenium.chrome.ChromeDriver
Capabilities {acceptInsecureCerts: false, browserName: chrome, browserVersion: 135.0.7049.85, chrome: {chromedriverVersion: 135.0.7049.95 (de2eb485a195..., userDataDir: C:\Users\INGRID~1.ZAD\AppDa...}, fedcm:accounts: true, goog:chromeOptions: {debuggerAddress: localhost:55372}, networkConnectionEnabled: false, pageLoadStrategy: normal, platformName: windows, proxy: Proxy(), se:cdp: ws://localhost:55372/devtoo..., se:cdpVersion: 135.0.7049.85, setWindowRect: true, strictFileInteractability: false, timeouts: {implicit: 0, pageLoad: 300000, script: 30000}, unhandledPromptBehavior: dismiss and notify, webauthn:extension:credBlob: true, webauthn:extension:largeBlob: true, webauthn:extension:minPinLength: true, webauthn:extension:prf: true, webauthn:virtualAuthenticators: true}
Session ID: 90d6f760b0679b4e1187038831b22b54
2025-04-17 12:23:06 [main] INFO  l.i.u.t.SubmittedApplicationsPageTest - Marking 'Taip' radio button 9
2025-04-17 12:23:16 [main] ERROR l.i.u.p.SubmittedApplicationsPage - Error selecting radio button: Expected condition failed: waiting for element to be clickable: By.xpath: (//input[@type='radio' and @value='true'])[17] (tried for 10 second(s) with 500 milliseconds interval)
Build info: version: '4.27.0', revision: 'd6e718d134'
System info: os.name: 'Windows 11', os.arch: 'amd64', os.version: '10.0', java.version: '21.0.3'
Driver info: org.openqa.selenium.chrome.ChromeDriver
Capabilities {acceptInsecureCerts: false, browserName: chrome, browserVersion: 135.0.7049.85, chrome: {chromedriverVersion: 135.0.7049.95 (de2eb485a195..., userDataDir: C:\Users\INGRID~1.ZAD\AppDa...}, fedcm:accounts: true, goog:chromeOptions: {debuggerAddress: localhost:55372}, networkConnectionEnabled: false, pageLoadStrategy: normal, platformName: windows, proxy: Proxy(), se:cdp: ws://localhost:55372/devtoo..., se:cdpVersion: 135.0.7049.85, setWindowRect: true, strictFileInteractability: false, timeouts: {implicit: 0, pageLoad: 300000, script: 30000}, unhandledPromptBehavior: dismiss and notify, webauthn:extension:credBlob: true, webauthn:extension:largeBlob: true, webauthn:extension:minPinLength: true, webauthn:extension:prf: true, webauthn:virtualAuthenticators: true}
Session ID: 90d6f760b0679b4e1187038831b22b54
2025-04-17 12:23:16 [main] INFO  l.i.u.t.SubmittedApplicationsPageTest - Marking 'Taip' radio button 10
2025-04-17 12:23:26 [main] ERROR l.i.u.p.SubmittedApplicationsPage - Error selecting radio button: Expected condition failed: waiting for element to be clickable: By.xpath: (//input[@type='radio' and @value='true'])[18] (tried for 10 second(s) with 500 milliseconds interval)
Build info: version: '4.27.0', revision: 'd6e718d134'
System info: os.name: 'Windows 11', os.arch: 'amd64', os.version: '10.0', java.version: '21.0.3'
Driver info: org.openqa.selenium.chrome.ChromeDriver
Capabilities {acceptInsecureCerts: false, browserName: chrome, browserVersion: 135.0.7049.85, chrome: {chromedriverVersion: 135.0.7049.95 (de2eb485a195..., userDataDir: C:\Users\INGRID~1.ZAD\AppDa...}, fedcm:accounts: true, goog:chromeOptions: {debuggerAddress: localhost:55372}, networkConnectionEnabled: false, pageLoadStrategy: normal, platformName: windows, proxy: Proxy(), se:cdp: ws://localhost:55372/devtoo..., se:cdpVersion: 135.0.7049.85, setWindowRect: true, strictFileInteractability: false, timeouts: {implicit: 0, pageLoad: 300000, script: 30000}, unhandledPromptBehavior: dismiss and notify, webauthn:extension:credBlob: true, webauthn:extension:largeBlob: true, webauthn:extension:minPinLength: true, webauthn:extension:prf: true, webauthn:virtualAuthenticators: true}
Session ID: 90d6f760b0679b4e1187038831b22b54
2025-04-17 12:23:26 [main] INFO  l.i.u.t.SubmittedApplicationsPageTest - Marking 'Taip' radio button 11
2025-04-17 12:23:36 [main] ERROR l.i.u.p.SubmittedApplicationsPage - Error selecting radio button: Expected condition failed: waiting for element to be clickable: By.xpath: (//input[@type='radio' and @value='true'])[19] (tried for 10 second(s) with 500 milliseconds interval)
Build info: version: '4.27.0', revision: 'd6e718d134'
System info: os.name: 'Windows 11', os.arch: 'amd64', os.version: '10.0', java.version: '21.0.3'
Driver info: org.openqa.selenium.chrome.ChromeDriver
Capabilities {acceptInsecureCerts: false, browserName: chrome, browserVersion: 135.0.7049.85, chrome: {chromedriverVersion: 135.0.7049.95 (de2eb485a195..., userDataDir: C:\Users\INGRID~1.ZAD\AppDa...}, fedcm:accounts: true, goog:chromeOptions: {debuggerAddress: localhost:55372}, networkConnectionEnabled: false, pageLoadStrategy: normal, platformName: windows, proxy: Proxy(), se:cdp: ws://localhost:55372/devtoo..., se:cdpVersion: 135.0.7049.85, setWindowRect: true, strictFileInteractability: false, timeouts: {implicit: 0, pageLoad: 300000, script: 30000}, unhandledPromptBehavior: dismiss and notify, webauthn:extension:credBlob: true, webauthn:extension:largeBlob: true, webauthn:extension:minPinLength: true, webauthn:extension:prf: true, webauthn:virtualAuthenticators: true}
Session ID: 90d6f760b0679b4e1187038831b22b54
2025-04-17 12:23:37 [main] INFO  l.i.u.t.SubmittedApplicationsPageTest - Marking 'Taip' radio button 12
2025-04-17 12:23:47 [main] DEBUG l.i.u.t.SubmittedApplicationsPageTest - Checked 'ConfirmationStepFour'
2025-04-17 12:23:47 [main] DEBUG l.i.u.t.SubmittedApplicationsPageTest - Clicked 'Next' button after checkboxes.
2025-04-17 12:23:47 [main] INFO  l.i.u.p.SubmittedApplicationsPage - File uploaded successfully to an input element.
2025-04-17 12:23:47 [main] INFO  l.i.u.p.SubmittedApplicationsPage - File uploaded successfully to an input element.
2025-04-17 12:23:47 [main] INFO  l.i.u.p.SubmittedApplicationsPage - File uploaded successfully to an input element.
2025-04-17 12:23:47 [main] INFO  l.i.u.p.SubmittedApplicationsPage - File uploaded successfully to an input element.
2025-04-17 12:23:47 [main] INFO  l.i.u.p.SubmittedApplicationsPage - File uploaded successfully to an input element.
2025-04-17 12:23:47 [main] INFO  l.i.u.p.SubmittedApplicationsPage - File uploaded successfully to an input element.
2025-04-17 12:23:47 [main] INFO  l.i.u.p.SubmittedApplicationsPage - File uploaded successfully to an input element.
2025-04-17 12:23:47 [main] INFO  l.i.u.p.SubmittedApplicationsPage - File uploaded successfully to an input element.
2025-04-17 12:23:47 [main] INFO  l.i.u.p.SubmittedApplicationsPage - File uploaded successfully to an input element.
2025-04-17 12:23:47 [main] INFO  l.i.u.p.SubmittedApplicationsPage - File uploaded successfully to an input element.
2025-04-17 12:23:48 [main] DEBUG l.i.u.t.SubmittedApplicationsPageTest - Entered program name: 'Dokumentas 1'.
2025-04-17 12:23:48 [main] DEBUG l.i.u.t.SubmittedApplicationsPageTest - Entered program name: 'Dokumentas 2'.
2025-04-17 12:23:48 [main] DEBUG l.i.u.t.SubmittedApplicationsPageTest - Entered program name: 'Dokumentas 3'.
2025-04-17 12:23:48 [main] DEBUG l.i.u.t.SubmittedApplicationsPageTest - Entered program name: 'Dokumentas 4'.
2025-04-17 12:23:48 [main] DEBUG l.i.u.t.SubmittedApplicationsPageTest - Entered program name: 'Dokumentas 5'.
2025-04-17 12:23:48 [main] DEBUG l.i.u.t.SubmittedApplicationsPageTest - Entered program name: 'Dokumentas 6'.
2025-04-17 12:23:49 [main] DEBUG l.i.u.t.SubmittedApplicationsPageTest - Entered program name: 'Dokumentas 4'.
2025-04-17 12:23:49 [main] DEBUG l.i.u.t.SubmittedApplicationsPageTest - Entered program name: 'Dokumentas 8'.
2025-04-17 12:23:49 [main] DEBUG l.i.u.t.SubmittedApplicationsPageTest - Entered program name: 'Dokumentas 9'.
2025-04-17 12:23:49 [main] DEBUG l.i.u.t.SubmittedApplicationsPageTest - Entered program name: 'Dokumentas 10'.
2025-04-17 12:23:59 [main] DEBUG l.i.u.t.SubmittedApplicationsPageTest - Checked 'ConfirmationDocument'
2025-04-17 12:24:09 [main] DEBUG l.i.u.t.SubmittedApplicationsPageTest - Checked 'ConfirmationApplication'
2025-04-17 12:24:09 [main] INFO  l.i.u.t.SubmittedApplicationsPageTest - Test 'testFillNewVUIApplicationFA' completed successfully.
2025-04-17 12:26:02 [main] INFO  lt.insoft.uztis.tests.UztisPageTest - Navigated to https://uztisdev.asseco.lt/home
2025-04-17 12:26:02 [main] INFO  l.i.u.t.SubmittedApplicationsPageTest - Starting test:'testAddEvaluators'
2025-04-17 12:26:02 [main] DEBUG l.i.u.t.SubmittedApplicationsPageTest - User logged in with test credentials.
2025-04-17 12:26:03 [main] DEBUG l.i.u.t.SubmittedApplicationsPageTest - Opened 'Application Processing' menu.
2025-04-17 12:26:03 [main] DEBUG l.i.u.t.SubmittedApplicationsPageTest - Clicked on 'Application Forms' menu.
2025-04-17 12:26:03 [main] DEBUG l.i.u.t.SubmittedApplicationsPageTest - Retrieved last description code text: 'TST-VUI-43'.
2025-04-17 12:26:03 [main] DEBUG l.i.u.t.SubmittedApplicationsPageTest - Clicked on 'Invitation' menu.
2025-04-17 12:26:05 [main] DEBUG l.i.u.t.SubmittedApplicationsPageTest - Selected application section by code: 'TST-VUI-43'.
2025-04-17 12:26:05 [main] DEBUG l.i.u.t.SubmittedApplicationsPageTest - Clicked 'Search' button.
2025-04-17 12:26:05 [main] DEBUG l.i.u.t.SubmittedApplicationsPageTest - Retrieved invitation code: ''.
2025-04-17 12:26:05 [main] DEBUG l.i.u.t.SubmittedApplicationsPageTest - Clicked on 'Submitted Applications' menu.
2025-04-17 12:26:07 [main] DEBUG l.i.u.t.SubmittedApplicationsPageTest - Selected invitation by code: 'TST-VUI-43'.
2025-04-17 12:26:07 [main] DEBUG l.i.u.t.SubmittedApplicationsPageTest - Invitation code inserted.
2025-04-17 12:26:07 [main] DEBUG l.i.u.t.SubmittedApplicationsPageTest - Clicked on 'Action Application' button.
2025-04-17 12:26:07 [main] DEBUG l.i.u.t.SubmittedApplicationsPageTest - Clicked on 'Add Evaluators' button.
2025-04-17 12:26:07 [main] DEBUG l.i.u.t.SubmittedApplicationsPageTest - Entered first evaluation date.
2025-04-17 12:26:07 [main] DEBUG l.i.u.t.SubmittedApplicationsPageTest - Entered second evaluation date.
2025-04-17 12:26:08 [main] DEBUG l.i.u.t.SubmittedApplicationsPageTest - Entered third evaluation date.
2025-04-17 12:26:08 [main] DEBUG l.i.u.t.SubmittedApplicationsPageTest - Clicked on 'Add Evaluators' confirmation button.
2025-04-17 12:26:08 [main] DEBUG l.i.uztis.pages.ApplicationFormsPage - Verified success message: 'Paraiškų vertinimai sėkmingai priskirti vertintojams.'
2025-04-17 12:26:08 [main] INFO  l.i.u.t.SubmittedApplicationsPageTest - Verified success message
2025-04-17 12:26:08 [main] INFO  l.i.u.t.SubmittedApplicationsPageTest - Test 'testAddEvaluators' completed successfully.
2025-04-17 12:26:24 [main] INFO  lt.insoft.uztis.tests.UztisPageTest - Navigated to https://uztisdev.asseco.lt/home
2025-04-17 12:26:24 [main] INFO  l.i.uztis.tests.EvaluationsPageTest - Starting test:'testFillSaveDraftEvaluationOne'
2025-04-17 12:26:24 [main] INFO  l.i.uztis.tests.EvaluationsPageTest - Starting test:'testNavigateToEvaluationsPage'
2025-04-17 12:26:25 [main] DEBUG l.i.uztis.tests.EvaluationsPageTest - User logged in with test credentials
2025-04-17 12:26:25 [main] DEBUG l.i.uztis.tests.EvaluationsPageTest - Opened 'Application Processing' menu.
2025-04-17 12:26:25 [main] DEBUG l.i.uztis.tests.EvaluationsPageTest - Clicked on 'Evaluations' menu.
2025-04-17 12:26:25 [main] DEBUG l.i.uztis.tests.EvaluationsPageTest - Navigating to evaluations menu.
2025-04-17 12:26:25 [main] INFO  l.i.uztis.tests.EvaluationsPageTest - Test 'testNavigateToEvaluationsPage' completed successfully.
2025-04-17 12:26:26 [main] DEBUG l.i.uztis.tests.EvaluationsPageTest - Clicked on last evaluation.
2025-04-17 12:26:26 [main] DEBUG l.i.uztis.tests.EvaluationsPageTest - Clicked 'Edit'.
2025-04-17 12:26:29 [main] DEBUG l.i.uztis.tests.EvaluationsPageTest - Selected '1.1' radio button.
2025-04-17 12:26:30 [main] DEBUG l.i.uztis.tests.EvaluationsPageTest - Selected '1.2' radio button.
2025-04-17 12:26:32 [main] DEBUG l.i.uztis.tests.EvaluationsPageTest - Selected '1.3' radio button.
2025-04-17 12:26:33 [main] DEBUG l.i.uztis.tests.EvaluationsPageTest - Selected '1.4' radio button.
2025-04-17 12:26:33 [main] DEBUG l.i.uztis.tests.EvaluationsPageTest - Selected '1.5' radio button.
2025-04-17 12:26:33 [main] DEBUG l.i.uztis.tests.EvaluationsPageTest - Selected '2.1' radio button.
2025-04-17 12:26:33 [main] DEBUG l.i.uztis.tests.EvaluationsPageTest - Selected '3.1' radio button.
2025-04-17 12:26:33 [main] DEBUG l.i.uztis.tests.EvaluationsPageTest - Selected '4.2' radio button.
2025-04-17 12:26:34 [main] DEBUG l.i.uztis.tests.EvaluationsPageTest - Selected '5.1' radio button.
2025-04-17 12:26:34 [main] DEBUG l.i.uztis.tests.EvaluationsPageTest - Selected '5.2' radio button.
2025-04-17 12:26:34 [main] DEBUG l.i.uztis.tests.EvaluationsPageTest - Selected '6.1' radio button.
2025-04-17 12:26:34 [main] DEBUG l.i.uztis.tests.EvaluationsPageTest - Selected '6.2' radio button.
2025-04-17 12:26:34 [main] DEBUG l.i.uztis.tests.EvaluationsPageTest - Clicked on expansion panel 'Not Critical'.
2025-04-17 12:26:35 [main] DEBUG l.i.uztis.tests.EvaluationsPageTest - Selected '7' radio button.
2025-04-17 12:26:35 [main] DEBUG l.i.uztis.tests.EvaluationsPageTest - Selected '8_1' radio button.
2025-04-17 12:26:35 [main] DEBUG l.i.uztis.tests.EvaluationsPageTest - Selected '8_2' radio button.
2025-04-17 12:26:35 [main] DEBUG l.i.uztis.tests.EvaluationsPageTest - Selected '8_3' radio button.
2025-04-17 12:26:35 [main] DEBUG l.i.uztis.tests.EvaluationsPageTest - Selected '8_4' radio button.
2025-04-17 12:26:35 [main] DEBUG l.i.uztis.tests.EvaluationsPageTest - Selected '8_5' radio button.
2025-04-17 12:26:36 [main] DEBUG l.i.uztis.tests.EvaluationsPageTest - Selected '8_6' radio button.
2025-04-17 12:26:36 [main] DEBUG l.i.uztis.tests.EvaluationsPageTest - Selected '8_7' radio button.
2025-04-17 12:26:36 [main] DEBUG l.i.uztis.tests.EvaluationsPageTest - Selected '8_8' radio button.
2025-04-17 12:26:36 [main] DEBUG l.i.uztis.tests.EvaluationsPageTest - Selected '8_9' radio button.
2025-04-17 12:26:36 [main] DEBUG l.i.uztis.tests.EvaluationsPageTest - Selected '8_10' radio button.
2025-04-17 12:26:37 [main] DEBUG l.i.uztis.tests.EvaluationsPageTest - Selected '9' radio button.
2025-04-17 12:26:37 [main] DEBUG l.i.uztis.tests.EvaluationsPageTest - Selected '10.1' radio button.
2025-04-17 12:26:37 [main] DEBUG l.i.uztis.tests.EvaluationsPageTest - Selected '10.2' radio button.
2025-04-17 12:26:37 [main] DEBUG l.i.uztis.tests.EvaluationsPageTest - Selected '10.3' radio button.
2025-04-17 12:26:37 [main] DEBUG l.i.uztis.tests.EvaluationsPageTest - Entered  explanation: 'Balas pakoreduotas ranka'.
2025-04-17 12:26:37 [main] DEBUG l.i.uztis.tests.EvaluationsPageTest - Clicked 'Save Draft'.
2025-04-17 12:26:38 [main] ERROR l.i.uztis.tests.EvaluationsPageTest - Test 'testFillSaveDraftEvaluationOne' failed with error: stale element reference: stale element not found in the current frame
  (Session info: chrome=135.0.7049.85)
For documentation on this error, please visit: https://www.selenium.dev/documentation/webdriver/troubleshooting/errors#stale-element-reference-exception
Build info: version: '4.27.0', revision: 'd6e718d134'
System info: os.name: 'Windows 11', os.arch: 'amd64', os.version: '10.0', java.version: '21.0.3'
Driver info: org.openqa.selenium.chrome.ChromeDriver
Command: [ed89181d700de4e1d060ef7551fa6d8d, getElementText {id=f.7DF2847B1CC6F9E1F33643E7F03DE89E.d.906BADE3C06A68EE47972EF7A69853F0.e.372}]
Capabilities {acceptInsecureCerts: false, browserName: chrome, browserVersion: 135.0.7049.85, chrome: {chromedriverVersion: 135.0.7049.95 (de2eb485a195..., userDataDir: C:\Users\INGRID~1.ZAD\AppDa...}, fedcm:accounts: true, goog:chromeOptions: {debuggerAddress: localhost:55680}, networkConnectionEnabled: false, pageLoadStrategy: normal, platformName: windows, proxy: Proxy(), se:cdp: ws://localhost:55680/devtoo..., se:cdpVersion: 135.0.7049.85, setWindowRect: true, strictFileInteractability: false, timeouts: {implicit: 0, pageLoad: 300000, script: 30000}, unhandledPromptBehavior: dismiss and notify, webauthn:extension:credBlob: true, webauthn:extension:largeBlob: true, webauthn:extension:minPinLength: true, webauthn:extension:prf: true, webauthn:virtualAuthenticators: true}
Element: [[ChromeDriver: chrome on windows (ed89181d700de4e1d060ef7551fa6d8d)] -> css selector: [class='w-100']]
Session ID: ed89181d700de4e1d060ef7551fa6d8d
org.openqa.selenium.StaleElementReferenceException: stale element reference: stale element not found in the current frame
  (Session info: chrome=135.0.7049.85)
For documentation on this error, please visit: https://www.selenium.dev/documentation/webdriver/troubleshooting/errors#stale-element-reference-exception
Build info: version: '4.27.0', revision: 'd6e718d134'
System info: os.name: 'Windows 11', os.arch: 'amd64', os.version: '10.0', java.version: '21.0.3'
Driver info: org.openqa.selenium.chrome.ChromeDriver
Command: [ed89181d700de4e1d060ef7551fa6d8d, getElementText {id=f.7DF2847B1CC6F9E1F33643E7F03DE89E.d.906BADE3C06A68EE47972EF7A69853F0.e.372}]
Capabilities {acceptInsecureCerts: false, browserName: chrome, browserVersion: 135.0.7049.85, chrome: {chromedriverVersion: 135.0.7049.95 (de2eb485a195..., userDataDir: C:\Users\INGRID~1.ZAD\AppDa...}, fedcm:accounts: true, goog:chromeOptions: {debuggerAddress: localhost:55680}, networkConnectionEnabled: false, pageLoadStrategy: normal, platformName: windows, proxy: Proxy(), se:cdp: ws://localhost:55680/devtoo..., se:cdpVersion: 135.0.7049.85, setWindowRect: true, strictFileInteractability: false, timeouts: {implicit: 0, pageLoad: 300000, script: 30000}, unhandledPromptBehavior: dismiss and notify, webauthn:extension:credBlob: true, webauthn:extension:largeBlob: true, webauthn:extension:minPinLength: true, webauthn:extension:prf: true, webauthn:virtualAuthenticators: true}
Element: [[ChromeDriver: chrome on windows (ed89181d700de4e1d060ef7551fa6d8d)] -> css selector: [class='w-100']]
Session ID: ed89181d700de4e1d060ef7551fa6d8d
	at java.base/jdk.internal.reflect.DirectConstructorHandleAccessor.newInstance(DirectConstructorHandleAccessor.java:62)
	at java.base/java.lang.reflect.Constructor.newInstanceWithCaller(Constructor.java:502)
	at java.base/java.lang.reflect.Constructor.newInstance(Constructor.java:486)
	at org.openqa.selenium.remote.ErrorCodec.decode(ErrorCodec.java:167)
	at org.openqa.selenium.remote.codec.w3c.W3CHttpResponseCodec.decode(W3CHttpResponseCodec.java:138)
	at org.openqa.selenium.remote.codec.w3c.W3CHttpResponseCodec.decode(W3CHttpResponseCodec.java:50)
	at org.openqa.selenium.remote.HttpCommandExecutor.execute(HttpCommandExecutor.java:190)
	at org.openqa.selenium.remote.service.DriverCommandExecutor.invokeExecute(DriverCommandExecutor.java:216)
	at org.openqa.selenium.remote.service.DriverCommandExecutor.execute(DriverCommandExecutor.java:174)
	at org.openqa.selenium.remote.RemoteWebDriver.execute(RemoteWebDriver.java:545)
	at org.openqa.selenium.remote.RemoteWebElement.execute(RemoteWebElement.java:223)
	at org.openqa.selenium.remote.RemoteWebElement.getText(RemoteWebElement.java:191)
	at java.base/java.util.stream.ReferencePipeline$3$1.accept(ReferencePipeline.java:197)
	at java.base/java.util.ArrayList$ArrayListSpliterator.forEachRemaining(ArrayList.java:1708)
	at java.base/java.util.stream.AbstractPipeline.copyInto(AbstractPipeline.java:509)
	at java.base/java.util.stream.AbstractPipeline.wrapAndCopyInto(AbstractPipeline.java:499)
	at java.base/java.util.stream.ReduceOps$ReduceOp.evaluateSequential(ReduceOps.java:921)
	at java.base/java.util.stream.AbstractPipeline.evaluate(AbstractPipeline.java:234)
	at java.base/java.util.stream.ReferencePipeline.collect(ReferencePipeline.java:682)
	at lt.insoft.uztis.pages.ApplicationFormsPage.getAllMessagesText(ApplicationFormsPage.java:144)
	at lt.insoft.uztis.pages.ApplicationFormsPage.verifySuccessMessage(ApplicationFormsPage.java:148)
	at lt.insoft.uztis.tests.EvaluationsPageTest.testFillSaveDraftEvaluationOne(EvaluationsPageTest.java:171)
	at java.base/jdk.internal.reflect.DirectMethodHandleAccessor.invoke(DirectMethodHandleAccessor.java:103)
	at java.base/java.lang.reflect.Method.invoke(Method.java:580)
	at org.junit.platform.commons.util.ReflectionUtils.invokeMethod(ReflectionUtils.java:728)
	at org.junit.jupiter.engine.execution.MethodInvocation.proceed(MethodInvocation.java:60)
	at org.junit.jupiter.engine.execution.InvocationInterceptorChain$ValidatingInvocation.proceed(InvocationInterceptorChain.java:131)
	at org.junit.jupiter.engine.extension.TimeoutExtension.intercept(TimeoutExtension.java:156)
	at org.junit.jupiter.engine.extension.TimeoutExtension.interceptTestableMethod(TimeoutExtension.java:147)
	at org.junit.jupiter.engine.extension.TimeoutExtension.interceptTestMethod(TimeoutExtension.java:86)
	at org.junit.jupiter.engine.execution.InterceptingExecutableInvoker$ReflectiveInterceptorCall.lambda$ofVoidMethod$0(InterceptingExecutableInvoker.java:103)
	at org.junit.jupiter.engine.execution.InterceptingExecutableInvoker.lambda$invoke$0(InterceptingExecutableInvoker.java:93)
	at org.junit.jupiter.engine.execution.InvocationInterceptorChain$InterceptedInvocation.proceed(InvocationInterceptorChain.java:106)
	at org.junit.jupiter.engine.execution.InvocationInterceptorChain.proceed(InvocationInterceptorChain.java:64)
	at org.junit.jupiter.engine.execution.InvocationInterceptorChain.chainAndInvoke(InvocationInterceptorChain.java:45)
	at org.junit.jupiter.engine.execution.InvocationInterceptorChain.invoke(InvocationInterceptorChain.java:37)
	at org.junit.jupiter.engine.execution.InterceptingExecutableInvoker.invoke(InterceptingExecutableInvoker.java:92)
	at org.junit.jupiter.engine.execution.InterceptingExecutableInvoker.invoke(InterceptingExecutableInvoker.java:86)
	at org.junit.jupiter.engine.descriptor.TestMethodTestDescriptor.lambda$invokeTestMethod$7(TestMethodTestDescriptor.java:218)
	at org.junit.platform.engine.support.hierarchical.ThrowableCollector.execute(ThrowableCollector.java:73)
	at org.junit.jupiter.engine.descriptor.TestMethodTestDescriptor.invokeTestMethod(TestMethodTestDescriptor.java:214)
	at org.junit.jupiter.engine.descriptor.TestMethodTestDescriptor.execute(TestMethodTestDescriptor.java:139)
	at org.junit.jupiter.engine.descriptor.TestMethodTestDescriptor.execute(TestMethodTestDescriptor.java:69)
	at org.junit.platform.engine.support.hierarchical.NodeTestTask.lambda$executeRecursively$6(NodeTestTask.java:151)
	at org.junit.platform.engine.support.hierarchical.ThrowableCollector.execute(ThrowableCollector.java:73)
	at org.junit.platform.engine.support.hierarchical.NodeTestTask.lambda$executeRecursively$8(NodeTestTask.java:141)
	at org.junit.platform.engine.support.hierarchical.Node.around(Node.java:137)
	at org.junit.platform.engine.support.hierarchical.NodeTestTask.lambda$executeRecursively$9(NodeTestTask.java:139)
	at org.junit.platform.engine.support.hierarchical.ThrowableCollector.execute(ThrowableCollector.java:73)
	at org.junit.platform.engine.support.hierarchical.NodeTestTask.executeRecursively(NodeTestTask.java:138)
	at org.junit.platform.engine.support.hierarchical.NodeTestTask.execute(NodeTestTask.java:95)
	at java.base/java.util.ArrayList.forEach(ArrayList.java:1596)
	at org.junit.platform.engine.support.hierarchical.SameThreadHierarchicalTestExecutorService.invokeAll(SameThreadHierarchicalTestExecutorService.java:41)
	at org.junit.platform.engine.support.hierarchical.NodeTestTask.lambda$executeRecursively$6(NodeTestTask.java:155)
	at org.junit.platform.engine.support.hierarchical.ThrowableCollector.execute(ThrowableCollector.java:73)
	at org.junit.platform.engine.support.hierarchical.NodeTestTask.lambda$executeRecursively$8(NodeTestTask.java:141)
	at org.junit.platform.engine.support.hierarchical.Node.around(Node.java:137)
	at org.junit.platform.engine.support.hierarchical.NodeTestTask.lambda$executeRecursively$9(NodeTestTask.java:139)
	at org.junit.platform.engine.support.hierarchical.ThrowableCollector.execute(ThrowableCollector.java:73)
	at org.junit.platform.engine.support.hierarchical.NodeTestTask.executeRecursively(NodeTestTask.java:138)
	at org.junit.platform.engine.support.hierarchical.NodeTestTask.execute(NodeTestTask.java:95)
	at java.base/java.util.ArrayList.forEach(ArrayList.java:1596)
	at org.junit.platform.engine.support.hierarchical.SameThreadHierarchicalTestExecutorService.invokeAll(SameThreadHierarchicalTestExecutorService.java:41)
	at org.junit.platform.engine.support.hierarchical.NodeTestTask.lambda$executeRecursively$6(NodeTestTask.java:155)
	at org.junit.platform.engine.support.hierarchical.ThrowableCollector.execute(ThrowableCollector.java:73)
	at org.junit.platform.engine.support.hierarchical.NodeTestTask.lambda$executeRecursively$8(NodeTestTask.java:141)
	at org.junit.platform.engine.support.hierarchical.Node.around(Node.java:137)
	at org.junit.platform.engine.support.hierarchical.NodeTestTask.lambda$executeRecursively$9(NodeTestTask.java:139)
	at org.junit.platform.engine.support.hierarchical.ThrowableCollector.execute(ThrowableCollector.java:73)
	at org.junit.platform.engine.support.hierarchical.NodeTestTask.executeRecursively(NodeTestTask.java:138)
	at org.junit.platform.engine.support.hierarchical.NodeTestTask.execute(NodeTestTask.java:95)
	at org.junit.platform.engine.support.hierarchical.SameThreadHierarchicalTestExecutorService.submit(SameThreadHierarchicalTestExecutorService.java:35)
	at org.junit.platform.engine.support.hierarchical.HierarchicalTestExecutor.execute(HierarchicalTestExecutor.java:57)
	at org.junit.platform.engine.support.hierarchical.HierarchicalTestEngine.execute(HierarchicalTestEngine.java:54)
	at org.junit.platform.launcher.core.EngineExecutionOrchestrator.execute(EngineExecutionOrchestrator.java:198)
	at org.junit.platform.launcher.core.EngineExecutionOrchestrator.execute(EngineExecutionOrchestrator.java:169)
	at org.junit.platform.launcher.core.EngineExecutionOrchestrator.execute(EngineExecutionOrchestrator.java:93)
	at org.junit.platform.launcher.core.EngineExecutionOrchestrator.lambda$execute$0(EngineExecutionOrchestrator.java:58)
	at org.junit.platform.launcher.core.EngineExecutionOrchestrator.withInterceptedStreams(EngineExecutionOrchestrator.java:141)
	at org.junit.platform.launcher.core.EngineExecutionOrchestrator.execute(EngineExecutionOrchestrator.java:57)
	at org.junit.platform.launcher.core.DefaultLauncher.execute(DefaultLauncher.java:103)
	at org.junit.platform.launcher.core.DefaultLauncher.execute(DefaultLauncher.java:85)
	at org.junit.platform.launcher.core.DelegatingLauncher.execute(DelegatingLauncher.java:47)
	at org.junit.platform.launcher.core.SessionPerRequestLauncher.execute(SessionPerRequestLauncher.java:63)
	at com.intellij.junit5.JUnit5IdeaTestRunner.startRunnerWithArgs(JUnit5IdeaTestRunner.java:57)
	at com.intellij.rt.junit.IdeaTestRunner$Repeater$1.execute(IdeaTestRunner.java:38)
	at com.intellij.rt.execution.junit.TestsRepeater.repeat(TestsRepeater.java:11)
	at com.intellij.rt.junit.IdeaTestRunner$Repeater.startRunnerWithArgs(IdeaTestRunner.java:35)
	at com.intellij.rt.junit.JUnitStarter.prepareStreamsAndStart(JUnitStarter.java:232)
	at com.intellij.rt.junit.JUnitStarter.main(JUnitStarter.java:55)
2025-04-17 12:26:38 [main] INFO  l.insoft.uztis.tests.utils.TestUtils - Screenshot moved to C:\Users\ingrida.zadorozniene\Desktop\Asm\UZTIS\UZTIS_tests\test-output\screenshots\20250417\122638485_testFillSaveDraftEvaluationOne().png
2025-04-17 12:26:52 [main] INFO  lt.insoft.uztis.tests.UztisPageTest - Navigated to https://uztisdev.asseco.lt/home
2025-04-17 12:26:53 [main] INFO  l.i.uztis.tests.EvaluationsPageTest - Starting test:'testConfirmEvaluationOne'
2025-04-17 12:26:53 [main] INFO  l.i.uztis.tests.EvaluationsPageTest - Starting test:'testNavigateToEvaluationsPage'
2025-04-17 12:26:53 [main] DEBUG l.i.uztis.tests.EvaluationsPageTest - User logged in with test credentials
2025-04-17 12:26:53 [main] DEBUG l.i.uztis.tests.EvaluationsPageTest - Opened 'Application Processing' menu.
2025-04-17 12:26:54 [main] DEBUG l.i.uztis.tests.EvaluationsPageTest - Clicked on 'Evaluations' menu.
2025-04-17 12:26:54 [main] DEBUG l.i.uztis.tests.EvaluationsPageTest - Navigating to evaluations menu.
2025-04-17 12:26:54 [main] INFO  l.i.uztis.tests.EvaluationsPageTest - Test 'testNavigateToEvaluationsPage' completed successfully.
2025-04-17 12:26:54 [main] DEBUG l.i.uztis.tests.EvaluationsPageTest - Clicked on last evaluation.
2025-04-17 12:26:55 [main] DEBUG l.i.uztis.tests.EvaluationsPageTest - Clicked 'Edit'.
2025-04-17 12:26:57 [main] DEBUG l.i.uztis.tests.EvaluationsPageTest - Clicked 'Confirm'.
2025-04-17 12:26:57 [main] DEBUG l.i.uztis.tests.EvaluationsPageTest - Clicked 'Confirm Confirmation'.
2025-04-17 12:26:58 [main] DEBUG l.i.uztis.tests.EvaluationsPageTest - Fetched label text: Įvertinta
2025-04-17 12:26:58 [main] INFO  l.i.uztis.tests.EvaluationsPageTest - Verified that the label text matches the expected value.
2025-04-17 12:26:58 [main] INFO  l.i.uztis.tests.EvaluationsPageTest - Test 'testConfirmEvaluationOne' completed successfully.
2025-04-17 12:27:09 [main] INFO  lt.insoft.uztis.tests.UztisPageTest - Navigated to https://uztisdev.asseco.lt/home
2025-04-17 12:27:09 [main] INFO  l.i.uztis.tests.EvaluationsPageTest - Starting test:'testFillSaveDraftEvaluationTwo'
2025-04-17 12:27:09 [main] INFO  l.i.uztis.tests.EvaluationsPageTest - Starting test:'testNavigateToEvaluationsPage'
2025-04-17 12:27:10 [main] DEBUG l.i.uztis.tests.EvaluationsPageTest - User logged in with test credentials
2025-04-17 12:27:10 [main] DEBUG l.i.uztis.tests.EvaluationsPageTest - Opened 'Application Processing' menu.
2025-04-17 12:27:10 [main] DEBUG l.i.uztis.tests.EvaluationsPageTest - Clicked on 'Evaluations' menu.
2025-04-17 12:27:10 [main] DEBUG l.i.uztis.tests.EvaluationsPageTest - Navigating to evaluations menu.
2025-04-17 12:27:10 [main] INFO  l.i.uztis.tests.EvaluationsPageTest - Test 'testNavigateToEvaluationsPage' completed successfully.
2025-04-17 12:27:11 [main] DEBUG l.i.uztis.tests.EvaluationsPageTest - Clicked on last evaluation.
2025-04-17 12:27:12 [main] DEBUG l.i.uztis.tests.EvaluationsPageTest - Clicked 'Edit'.
2025-04-17 12:27:12 [main] DEBUG l.i.uztis.tests.EvaluationsPageTest - Entered commission date.
2025-04-17 12:27:13 [main] DEBUG l.i.uztis.tests.EvaluationsPageTest - Selected 'Without Commission' radio button.
2025-04-17 12:27:13 [main] DEBUG l.i.uztis.tests.EvaluationsPageTest - Entered chairman name: 'Pirmininkas Pirmininkauskas'.
2025-04-17 12:27:13 [main] DEBUG l.i.uztis.tests.EvaluationsPageTest - Entered member name: 'Narys Narauskas'.
2025-04-17 12:27:13 [main] DEBUG l.i.uztis.tests.EvaluationsPageTest - Clicked 'Continue'.
2025-04-17 12:27:13 [main] DEBUG l.i.uztis.tests.EvaluationsPageTest - Entered score edition: '9'.
2025-04-17 12:27:14 [main] DEBUG l.i.uztis.tests.EvaluationsPageTest - Entered chairman score: '10'.
2025-04-17 12:27:14 [main] DEBUG l.i.uztis.tests.EvaluationsPageTest - Entered member score: '11'.
2025-04-17 12:27:14 [main] DEBUG l.i.uztis.tests.EvaluationsPageTest - Entered conclusion: 'Išvada - palanki'.
2025-04-17 12:27:14 [main] DEBUG l.i.uztis.tests.EvaluationsPageTest - Entered  explanation: 'Balas pakoreduotas ranka'.
2025-04-17 12:27:14 [main] DEBUG l.i.uztis.tests.EvaluationsPageTest - Clicked 'Save Draft'.
2025-04-17 12:27:14 [main] DEBUG l.i.uztis.pages.ApplicationFormsPage - Verified success message: 'Duomenys sėkmingai išsaugoti.'
2025-04-17 12:27:14 [main] INFO  l.i.uztis.tests.EvaluationsPageTest - Verified success message
2025-04-17 12:27:14 [main] INFO  l.i.uztis.tests.EvaluationsPageTest - Test 'testFillSaveDraftEvaluationTwo' completed successfully.
2025-04-17 12:27:25 [main] INFO  lt.insoft.uztis.tests.UztisPageTest - Navigated to https://uztisdev.asseco.lt/home
2025-04-17 12:27:25 [main] INFO  l.i.uztis.tests.EvaluationsPageTest - Starting test:'testConfirmEvaluationTwo'
2025-04-17 12:27:25 [main] INFO  l.i.uztis.tests.EvaluationsPageTest - Starting test:'testNavigateToEvaluationsPage'
2025-04-17 12:27:25 [main] DEBUG l.i.uztis.tests.EvaluationsPageTest - User logged in with test credentials
2025-04-17 12:27:26 [main] DEBUG l.i.uztis.tests.EvaluationsPageTest - Opened 'Application Processing' menu.
2025-04-17 12:27:26 [main] DEBUG l.i.uztis.tests.EvaluationsPageTest - Clicked on 'Evaluations' menu.
2025-04-17 12:27:26 [main] DEBUG l.i.uztis.tests.EvaluationsPageTest - Navigating to evaluations menu.
2025-04-17 12:27:26 [main] INFO  l.i.uztis.tests.EvaluationsPageTest - Test 'testNavigateToEvaluationsPage' completed successfully.
2025-04-17 12:27:26 [main] DEBUG l.i.uztis.tests.EvaluationsPageTest - Clicked on last evaluation.
2025-04-17 12:27:27 [main] DEBUG l.i.uztis.tests.EvaluationsPageTest - Clicked 'Edit'.
2025-04-17 12:27:28 [main] DEBUG l.i.uztis.tests.EvaluationsPageTest - Clicked 'Continue'.
2025-04-17 12:27:28 [main] DEBUG l.i.uztis.tests.EvaluationsPageTest - Entered conclusion: 'Išvada - papildyta'.
2025-04-17 12:27:28 [main] DEBUG l.i.uztis.tests.EvaluationsPageTest - Entered  explanation: '; Išvada pakoreduota ranka'.
2025-04-17 12:27:28 [main] DEBUG l.i.uztis.tests.EvaluationsPageTest - Clicked 'Confirm'.
2025-04-17 12:27:28 [main] DEBUG l.i.uztis.tests.EvaluationsPageTest - Clicked 'Confirm Confirmation'.
2025-04-17 12:27:29 [main] DEBUG l.i.uztis.tests.EvaluationsPageTest - Fetched label text: Įvertinta
2025-04-17 12:27:29 [main] INFO  l.i.uztis.tests.EvaluationsPageTest - Verified that the label text matches the expected value.
2025-04-17 12:27:29 [main] INFO  l.i.uztis.tests.EvaluationsPageTest - Test 'testConfirmEvaluationTwo' completed successfully.
2025-04-17 12:27:43 [main] INFO  lt.insoft.uztis.tests.UztisPageTest - Navigated to https://uztisdev.asseco.lt/home
2025-04-17 12:27:44 [main] INFO  l.i.uztis.tests.EvaluationsPageTest - Starting test:'testFillSaveDraftEvaluationThree'
2025-04-17 12:27:44 [main] INFO  l.i.uztis.tests.EvaluationsPageTest - Starting test:'testNavigateToEvaluationsPage'
2025-04-17 12:27:44 [main] DEBUG l.i.uztis.tests.EvaluationsPageTest - User logged in with test credentials
2025-04-17 12:27:45 [main] DEBUG l.i.uztis.tests.EvaluationsPageTest - Opened 'Application Processing' menu.
2025-04-17 12:27:45 [main] DEBUG l.i.uztis.tests.EvaluationsPageTest - Clicked on 'Evaluations' menu.
2025-04-17 12:27:45 [main] DEBUG l.i.uztis.tests.EvaluationsPageTest - Navigating to evaluations menu.
2025-04-17 12:27:45 [main] INFO  l.i.uztis.tests.EvaluationsPageTest - Test 'testNavigateToEvaluationsPage' completed successfully.
2025-04-17 12:27:45 [main] DEBUG l.i.uztis.tests.EvaluationsPageTest - Clicked on last evaluation.
2025-04-17 12:27:46 [main] DEBUG l.i.uztis.tests.EvaluationsPageTest - Clicked 'Edit'.
2025-04-17 12:27:46 [main] DEBUG l.i.uztis.tests.EvaluationsPageTest - Entered commission date.
2025-04-17 12:27:46 [main] DEBUG l.i.uztis.tests.EvaluationsPageTest - Selected 'Without Commission' radio button.
2025-04-17 12:27:47 [main] DEBUG l.i.uztis.tests.EvaluationsPageTest - Entered chairman name: 'Pirmininkas Pirmininkauskas'.
2025-04-17 12:27:47 [main] DEBUG l.i.uztis.tests.EvaluationsPageTest - Entered member name: 'Narys Narauskas'.
2025-04-17 12:27:47 [main] DEBUG l.i.uztis.tests.EvaluationsPageTest - Clicked 'Continue'.
2025-04-17 12:27:48 [main] DEBUG l.i.uztis.tests.EvaluationsPageTest - Entered chairman score 1: '1'.
2025-04-17 12:27:48 [main] DEBUG l.i.uztis.tests.EvaluationsPageTest - Entered member score 1: '2'.
2025-04-17 12:27:48 [main] DEBUG l.i.uztis.tests.EvaluationsPageTest - Entered member conclusion 1: 'Išvada - palanki 1'.
2025-04-17 12:27:48 [main] DEBUG l.i.uztis.tests.EvaluationsPageTest - Entered chairman score 2: '3'.
2025-04-17 12:27:48 [main] DEBUG l.i.uztis.tests.EvaluationsPageTest - Entered member score 2: '4'.
2025-04-17 12:27:48 [main] DEBUG l.i.uztis.tests.EvaluationsPageTest - Entered member conclusion 2: 'Išvada - palanki 2'.
2025-04-17 12:27:49 [main] DEBUG l.i.uztis.tests.EvaluationsPageTest - Entered chairman score 3: '5'.
2025-04-17 12:27:49 [main] DEBUG l.i.uztis.tests.EvaluationsPageTest - Entered member score 3: '6'.
2025-04-17 12:27:49 [main] DEBUG l.i.uztis.tests.EvaluationsPageTest - Entered member conclusion 3: 'Išvada - palanki 3'.
2025-04-17 12:27:49 [main] DEBUG l.i.uztis.tests.EvaluationsPageTest - Entered chairman score 4: '7'.
2025-04-17 12:27:49 [main] DEBUG l.i.uztis.tests.EvaluationsPageTest - Entered member score 4: '8'.
2025-04-17 12:27:49 [main] DEBUG l.i.uztis.tests.EvaluationsPageTest - Entered member conclusion 4: 'Išvada - palanki 4'.
2025-04-17 12:27:49 [main] DEBUG l.i.uztis.tests.EvaluationsPageTest - Entered chairman score 5: '9'.
2025-04-17 12:27:50 [main] DEBUG l.i.uztis.tests.EvaluationsPageTest - Entered member score 5: '10'.
2025-04-17 12:27:50 [main] DEBUG l.i.uztis.tests.EvaluationsPageTest - Entered member conclusion 5: 'Išvada - palanki 5'.
2025-04-17 12:27:50 [main] DEBUG l.i.uztis.tests.EvaluationsPageTest - Clicked 'Save Draft'.
2025-04-17 12:27:50 [main] DEBUG l.i.uztis.pages.ApplicationFormsPage - Verified success message: 'Duomenys sėkmingai išsaugoti.'
2025-04-17 12:27:50 [main] INFO  l.i.uztis.tests.EvaluationsPageTest - Verified success message
2025-04-17 12:27:50 [main] INFO  l.i.uztis.tests.EvaluationsPageTest - Test 'testFillSaveDraftEvaluationThree' completed successfully.
2025-04-17 12:28:46 [main] INFO  lt.insoft.uztis.tests.UztisPageTest - Navigated to https://uztisdev.asseco.lt/home
2025-04-17 12:28:46 [main] INFO  l.i.uztis.tests.EvaluationsPageTest - Starting test:'testConfirmEvaluationThree'
2025-04-17 12:28:46 [main] INFO  l.i.uztis.tests.EvaluationsPageTest - Starting test:'testNavigateToEvaluationsPage'
2025-04-17 12:28:46 [main] DEBUG l.i.uztis.tests.EvaluationsPageTest - User logged in with test credentials
2025-04-17 12:28:47 [main] DEBUG l.i.uztis.tests.EvaluationsPageTest - Opened 'Application Processing' menu.
2025-04-17 12:28:47 [main] DEBUG l.i.uztis.tests.EvaluationsPageTest - Clicked on 'Evaluations' menu.
2025-04-17 12:28:47 [main] DEBUG l.i.uztis.tests.EvaluationsPageTest - Navigating to evaluations menu.
2025-04-17 12:28:47 [main] INFO  l.i.uztis.tests.EvaluationsPageTest - Test 'testNavigateToEvaluationsPage' completed successfully.
2025-04-17 12:28:47 [main] DEBUG l.i.uztis.tests.EvaluationsPageTest - Clicked on last evaluation.
2025-04-17 12:28:48 [main] DEBUG l.i.uztis.tests.EvaluationsPageTest - Clicked 'Edit'.
2025-04-17 12:28:49 [main] DEBUG l.i.uztis.tests.EvaluationsPageTest - Clicked 'Continue'.
2025-04-17 12:28:50 [main] ERROR l.i.uztis.tests.EvaluationsPageTest - Test 'testConfirmEvaluationThree' failed with error: element click intercepted: Element <button type="submit" class="btn btn--accent">...</button> is not clickable at point (998, 955). Other element would receive the click: <mat-form-field class="mat-mdc-form-field mat-mdc-form-field-type-common-radio-group mat-mdc-form-field-has-icon-prefix mat-mdc-form-field-has-icon-suffix mat-form-field-appearance-outline mat-primary ng-untouched mat-form-field-disabled ng-dirty mat-form-field-animations-enabled" style="--mat-form-field-notch-max-width: calc(100% - 8px);">...</mat-form-field>
  (Session info: chrome=135.0.7049.85)
Build info: version: '4.27.0', revision: 'd6e718d134'
System info: os.name: 'Windows 11', os.arch: 'amd64', os.version: '10.0', java.version: '21.0.3'
Driver info: org.openqa.selenium.chrome.ChromeDriver
Command: [7279be8fe39ebdf0f67181c615ac22c2, clickElement {id=f.251F3DF18F56F3EEF67EADAA066F6BA2.d.EDF86BB6C0FE525989A7FCA3851DC93B.e.190}]
Capabilities {acceptInsecureCerts: false, browserName: chrome, browserVersion: 135.0.7049.85, chrome: {chromedriverVersion: 135.0.7049.95 (de2eb485a195..., userDataDir: C:\Users\INGRID~1.ZAD\AppDa...}, fedcm:accounts: true, goog:chromeOptions: {debuggerAddress: localhost:55898}, networkConnectionEnabled: false, pageLoadStrategy: normal, platformName: windows, proxy: Proxy(), se:cdp: ws://localhost:55898/devtoo..., se:cdpVersion: 135.0.7049.85, setWindowRect: true, strictFileInteractability: false, timeouts: {implicit: 0, pageLoad: 300000, script: 30000}, unhandledPromptBehavior: dismiss and notify, webauthn:extension:credBlob: true, webauthn:extension:largeBlob: true, webauthn:extension:minPinLength: true, webauthn:extension:prf: true, webauthn:virtualAuthenticators: true}
Element: [[ChromeDriver: chrome on windows (7279be8fe39ebdf0f67181c615ac22c2)] -> xpath: //common-button//button[text()='Tvirtinti vertinimą']]
Session ID: 7279be8fe39ebdf0f67181c615ac22c2
org.openqa.selenium.ElementClickInterceptedException: element click intercepted: Element <button type="submit" class="btn btn--accent">...</button> is not clickable at point (998, 955). Other element would receive the click: <mat-form-field class="mat-mdc-form-field mat-mdc-form-field-type-common-radio-group mat-mdc-form-field-has-icon-prefix mat-mdc-form-field-has-icon-suffix mat-form-field-appearance-outline mat-primary ng-untouched mat-form-field-disabled ng-dirty mat-form-field-animations-enabled" style="--mat-form-field-notch-max-width: calc(100% - 8px);">...</mat-form-field>
  (Session info: chrome=135.0.7049.85)
Build info: version: '4.27.0', revision: 'd6e718d134'
System info: os.name: 'Windows 11', os.arch: 'amd64', os.version: '10.0', java.version: '21.0.3'
Driver info: org.openqa.selenium.chrome.ChromeDriver
Command: [7279be8fe39ebdf0f67181c615ac22c2, clickElement {id=f.251F3DF18F56F3EEF67EADAA066F6BA2.d.EDF86BB6C0FE525989A7FCA3851DC93B.e.190}]
Capabilities {acceptInsecureCerts: false, browserName: chrome, browserVersion: 135.0.7049.85, chrome: {chromedriverVersion: 135.0.7049.95 (de2eb485a195..., userDataDir: C:\Users\INGRID~1.ZAD\AppDa...}, fedcm:accounts: true, goog:chromeOptions: {debuggerAddress: localhost:55898}, networkConnectionEnabled: false, pageLoadStrategy: normal, platformName: windows, proxy: Proxy(), se:cdp: ws://localhost:55898/devtoo..., se:cdpVersion: 135.0.7049.85, setWindowRect: true, strictFileInteractability: false, timeouts: {implicit: 0, pageLoad: 300000, script: 30000}, unhandledPromptBehavior: dismiss and notify, webauthn:extension:credBlob: true, webauthn:extension:largeBlob: true, webauthn:extension:minPinLength: true, webauthn:extension:prf: true, webauthn:virtualAuthenticators: true}
Element: [[ChromeDriver: chrome on windows (7279be8fe39ebdf0f67181c615ac22c2)] -> xpath: //common-button//button[text()='Tvirtinti vertinimą']]
Session ID: 7279be8fe39ebdf0f67181c615ac22c2
	at java.base/jdk.internal.reflect.DirectConstructorHandleAccessor.newInstance(DirectConstructorHandleAccessor.java:62)
	at java.base/java.lang.reflect.Constructor.newInstanceWithCaller(Constructor.java:502)
	at java.base/java.lang.reflect.Constructor.newInstance(Constructor.java:486)
	at org.openqa.selenium.remote.ErrorCodec.decode(ErrorCodec.java:167)
	at org.openqa.selenium.remote.codec.w3c.W3CHttpResponseCodec.decode(W3CHttpResponseCodec.java:138)
	at org.openqa.selenium.remote.codec.w3c.W3CHttpResponseCodec.decode(W3CHttpResponseCodec.java:50)
	at org.openqa.selenium.remote.HttpCommandExecutor.execute(HttpCommandExecutor.java:190)
	at org.openqa.selenium.remote.service.DriverCommandExecutor.invokeExecute(DriverCommandExecutor.java:216)
	at org.openqa.selenium.remote.service.DriverCommandExecutor.execute(DriverCommandExecutor.java:174)
	at org.openqa.selenium.remote.RemoteWebDriver.execute(RemoteWebDriver.java:545)
	at org.openqa.selenium.remote.RemoteWebElement.execute(RemoteWebElement.java:223)
	at org.openqa.selenium.remote.RemoteWebElement.click(RemoteWebElement.java:76)
	at java.base/jdk.internal.reflect.DirectMethodHandleAccessor.invoke(DirectMethodHandleAccessor.java:103)
	at java.base/java.lang.reflect.Method.invoke(Method.java:580)
	at org.openqa.selenium.support.pagefactory.internal.LocatingElementHandler.invoke(LocatingElementHandler.java:51)
	at jdk.proxy2/jdk.proxy2.$Proxy14.click(Unknown Source)
	at lt.insoft.uztis.pages.EvaluationsPage.clickButtonConfirm3(EvaluationsPage.java:264)
	at lt.insoft.uztis.tests.EvaluationsPageTest.testConfirmEvaluationThree(EvaluationsPageTest.java:467)
	at java.base/jdk.internal.reflect.DirectMethodHandleAccessor.invoke(DirectMethodHandleAccessor.java:103)
	at java.base/java.lang.reflect.Method.invoke(Method.java:580)
	at org.junit.platform.commons.util.ReflectionUtils.invokeMethod(ReflectionUtils.java:728)
	at org.junit.jupiter.engine.execution.MethodInvocation.proceed(MethodInvocation.java:60)
	at org.junit.jupiter.engine.execution.InvocationInterceptorChain$ValidatingInvocation.proceed(InvocationInterceptorChain.java:131)
	at org.junit.jupiter.engine.extension.TimeoutExtension.intercept(TimeoutExtension.java:156)
	at org.junit.jupiter.engine.extension.TimeoutExtension.interceptTestableMethod(TimeoutExtension.java:147)
	at org.junit.jupiter.engine.extension.TimeoutExtension.interceptTestMethod(TimeoutExtension.java:86)
	at org.junit.jupiter.engine.execution.InterceptingExecutableInvoker$ReflectiveInterceptorCall.lambda$ofVoidMethod$0(InterceptingExecutableInvoker.java:103)
	at org.junit.jupiter.engine.execution.InterceptingExecutableInvoker.lambda$invoke$0(InterceptingExecutableInvoker.java:93)
	at org.junit.jupiter.engine.execution.InvocationInterceptorChain$InterceptedInvocation.proceed(InvocationInterceptorChain.java:106)
	at org.junit.jupiter.engine.execution.InvocationInterceptorChain.proceed(InvocationInterceptorChain.java:64)
	at org.junit.jupiter.engine.execution.InvocationInterceptorChain.chainAndInvoke(InvocationInterceptorChain.java:45)
	at org.junit.jupiter.engine.execution.InvocationInterceptorChain.invoke(InvocationInterceptorChain.java:37)
	at org.junit.jupiter.engine.execution.InterceptingExecutableInvoker.invoke(InterceptingExecutableInvoker.java:92)
	at org.junit.jupiter.engine.execution.InterceptingExecutableInvoker.invoke(InterceptingExecutableInvoker.java:86)
	at org.junit.jupiter.engine.descriptor.TestMethodTestDescriptor.lambda$invokeTestMethod$7(TestMethodTestDescriptor.java:218)
	at org.junit.platform.engine.support.hierarchical.ThrowableCollector.execute(ThrowableCollector.java:73)
	at org.junit.jupiter.engine.descriptor.TestMethodTestDescriptor.invokeTestMethod(TestMethodTestDescriptor.java:214)
	at org.junit.jupiter.engine.descriptor.TestMethodTestDescriptor.execute(TestMethodTestDescriptor.java:139)
	at org.junit.jupiter.engine.descriptor.TestMethodTestDescriptor.execute(TestMethodTestDescriptor.java:69)
	at org.junit.platform.engine.support.hierarchical.NodeTestTask.lambda$executeRecursively$6(NodeTestTask.java:151)
	at org.junit.platform.engine.support.hierarchical.ThrowableCollector.execute(ThrowableCollector.java:73)
	at org.junit.platform.engine.support.hierarchical.NodeTestTask.lambda$executeRecursively$8(NodeTestTask.java:141)
	at org.junit.platform.engine.support.hierarchical.Node.around(Node.java:137)
	at org.junit.platform.engine.support.hierarchical.NodeTestTask.lambda$executeRecursively$9(NodeTestTask.java:139)
	at org.junit.platform.engine.support.hierarchical.ThrowableCollector.execute(ThrowableCollector.java:73)
	at org.junit.platform.engine.support.hierarchical.NodeTestTask.executeRecursively(NodeTestTask.java:138)
	at org.junit.platform.engine.support.hierarchical.NodeTestTask.execute(NodeTestTask.java:95)
	at java.base/java.util.ArrayList.forEach(ArrayList.java:1596)
	at org.junit.platform.engine.support.hierarchical.SameThreadHierarchicalTestExecutorService.invokeAll(SameThreadHierarchicalTestExecutorService.java:41)
	at org.junit.platform.engine.support.hierarchical.NodeTestTask.lambda$executeRecursively$6(NodeTestTask.java:155)
	at org.junit.platform.engine.support.hierarchical.ThrowableCollector.execute(ThrowableCollector.java:73)
	at org.junit.platform.engine.support.hierarchical.NodeTestTask.lambda$executeRecursively$8(NodeTestTask.java:141)
	at org.junit.platform.engine.support.hierarchical.Node.around(Node.java:137)
	at org.junit.platform.engine.support.hierarchical.NodeTestTask.lambda$executeRecursively$9(NodeTestTask.java:139)
	at org.junit.platform.engine.support.hierarchical.ThrowableCollector.execute(ThrowableCollector.java:73)
	at org.junit.platform.engine.support.hierarchical.NodeTestTask.executeRecursively(NodeTestTask.java:138)
	at org.junit.platform.engine.support.hierarchical.NodeTestTask.execute(NodeTestTask.java:95)
	at java.base/java.util.ArrayList.forEach(ArrayList.java:1596)
	at org.junit.platform.engine.support.hierarchical.SameThreadHierarchicalTestExecutorService.invokeAll(SameThreadHierarchicalTestExecutorService.java:41)
	at org.junit.platform.engine.support.hierarchical.NodeTestTask.lambda$executeRecursively$6(NodeTestTask.java:155)
	at org.junit.platform.engine.support.hierarchical.ThrowableCollector.execute(ThrowableCollector.java:73)
	at org.junit.platform.engine.support.hierarchical.NodeTestTask.lambda$executeRecursively$8(NodeTestTask.java:141)
	at org.junit.platform.engine.support.hierarchical.Node.around(Node.java:137)
	at org.junit.platform.engine.support.hierarchical.NodeTestTask.lambda$executeRecursively$9(NodeTestTask.java:139)
	at org.junit.platform.engine.support.hierarchical.ThrowableCollector.execute(ThrowableCollector.java:73)
	at org.junit.platform.engine.support.hierarchical.NodeTestTask.executeRecursively(NodeTestTask.java:138)
	at org.junit.platform.engine.support.hierarchical.NodeTestTask.execute(NodeTestTask.java:95)
	at org.junit.platform.engine.support.hierarchical.SameThreadHierarchicalTestExecutorService.submit(SameThreadHierarchicalTestExecutorService.java:35)
	at org.junit.platform.engine.support.hierarchical.HierarchicalTestExecutor.execute(HierarchicalTestExecutor.java:57)
	at org.junit.platform.engine.support.hierarchical.HierarchicalTestEngine.execute(HierarchicalTestEngine.java:54)
	at org.junit.platform.launcher.core.EngineExecutionOrchestrator.execute(EngineExecutionOrchestrator.java:198)
	at org.junit.platform.launcher.core.EngineExecutionOrchestrator.execute(EngineExecutionOrchestrator.java:169)
	at org.junit.platform.launcher.core.EngineExecutionOrchestrator.execute(EngineExecutionOrchestrator.java:93)
	at org.junit.platform.launcher.core.EngineExecutionOrchestrator.lambda$execute$0(EngineExecutionOrchestrator.java:58)
	at org.junit.platform.launcher.core.EngineExecutionOrchestrator.withInterceptedStreams(EngineExecutionOrchestrator.java:141)
	at org.junit.platform.launcher.core.EngineExecutionOrchestrator.execute(EngineExecutionOrchestrator.java:57)
	at org.junit.platform.launcher.core.DefaultLauncher.execute(DefaultLauncher.java:103)
	at org.junit.platform.launcher.core.DefaultLauncher.execute(DefaultLauncher.java:85)
	at org.junit.platform.launcher.core.DelegatingLauncher.execute(DelegatingLauncher.java:47)
	at org.junit.platform.launcher.core.SessionPerRequestLauncher.execute(SessionPerRequestLauncher.java:63)
	at com.intellij.junit5.JUnit5IdeaTestRunner.startRunnerWithArgs(JUnit5IdeaTestRunner.java:57)
	at com.intellij.rt.junit.IdeaTestRunner$Repeater$1.execute(IdeaTestRunner.java:38)
	at com.intellij.rt.execution.junit.TestsRepeater.repeat(TestsRepeater.java:11)
	at com.intellij.rt.junit.IdeaTestRunner$Repeater.startRunnerWithArgs(IdeaTestRunner.java:35)
	at com.intellij.rt.junit.JUnitStarter.prepareStreamsAndStart(JUnitStarter.java:232)
	at com.intellij.rt.junit.JUnitStarter.main(JUnitStarter.java:55)
2025-04-17 12:28:50 [main] INFO  l.insoft.uztis.tests.utils.TestUtils - Screenshot moved to C:\Users\ingrida.zadorozniene\Desktop\Asm\UZTIS\UZTIS_tests\test-output\screenshots\20250417\122850704_testConfirmEvaluationThree().png
2025-04-17 12:29:39 [main] INFO  lt.insoft.uztis.tests.UztisPageTest - Navigated to https://uztisdev.asseco.lt/home
2025-04-17 12:29:39 [main] INFO  l.insoft.uztis.tests.FundingPageTest - Starting test:'testFundApplication'
2025-04-17 12:29:39 [main] DEBUG l.insoft.uztis.tests.FundingPageTest - User logged in with test credentials
2025-04-17 12:29:40 [main] DEBUG l.insoft.uztis.tests.FundingPageTest - Opened 'Application Processing' menu.
2025-04-17 12:29:40 [main] DEBUG l.insoft.uztis.tests.FundingPageTest - Clicked on 'Application Forms' menu.
2025-04-17 12:29:40 [main] DEBUG l.insoft.uztis.tests.FundingPageTest - Retrieved last description code text: 'TST-VUI-43'.
2025-04-17 12:29:40 [main] DEBUG l.insoft.uztis.tests.FundingPageTest - Clicked on 'Invitation' menu.
2025-04-17 12:29:42 [main] DEBUG l.insoft.uztis.tests.FundingPageTest - Selected application section by code: 'TST-VUI-43'.
2025-04-17 12:29:42 [main] DEBUG l.insoft.uztis.tests.FundingPageTest - Clicked 'Search' button.
2025-04-17 12:29:42 [main] DEBUG l.insoft.uztis.tests.FundingPageTest - Retrieved invitation code: ''.
2025-04-17 12:29:42 [main] DEBUG l.insoft.uztis.tests.FundingPageTest - Clicked on 'Funding Queue' menu.
2025-04-17 12:29:43 [main] DEBUG l.insoft.uztis.tests.FundingPageTest - Selected invitation by code: 'TST-VUI-43'.
2025-04-17 12:29:43 [main] DEBUG l.insoft.uztis.tests.FundingPageTest - Invitation code inserted.
2025-04-17 12:29:44 [main] DEBUG l.insoft.uztis.tests.FundingPageTest - Clicked 'Form'.
2025-04-17 12:29:44 [main] DEBUG l.insoft.uztis.tests.FundingPageTest - Clicked 'Finance'.
2025-04-17 12:29:44 [main] DEBUG l.insoft.uztis.tests.FundingPageTest - Entered order number 'VUI_1'.
2025-04-17 12:29:44 [main] DEBUG l.insoft.uztis.tests.FundingPageTest - Clicked 'Finance Confirmation'.
2025-04-17 12:29:46 [main] DEBUG l.i.uztis.pages.ApplicationFormsPage - Verified success message: 'Funkcija sėkmingai atlikta.'
2025-04-17 12:29:46 [main] INFO  l.insoft.uztis.tests.FundingPageTest - Verified success message
2025-04-17 12:29:46 [main] INFO  l.insoft.uztis.tests.FundingPageTest - Test 'testFundApplication' completed successfully.
2025-04-17 13:12:25 [main] INFO  lt.insoft.uztis.tests.UztisPageTest - Navigated to https://uztisdev.asseco.lt/home
2025-04-17 13:12:25 [main] INFO  l.i.u.tests.ApplicationFormsPageTest - Setup complete. ApplicationFormsPage initialized.
2025-04-17 13:12:25 [main] INFO  l.i.u.tests.ApplicationFormsPageTest - Starting test:'testCreateNewDvpApplication'
2025-04-17 13:12:26 [main] DEBUG l.i.u.tests.ApplicationFormsPageTest - User logged in with test credentials
2025-04-17 13:12:26 [main] DEBUG l.i.u.tests.ApplicationFormsPageTest - Opened 'Application Processing' menu.
2025-04-17 13:12:26 [main] DEBUG l.i.u.tests.ApplicationFormsPageTest - Clicked on 'Application Forms' menu.
2025-04-17 13:12:27 [main] DEBUG l.i.u.tests.ApplicationFormsPageTest - Clicked to create a new application form.
2025-04-17 13:12:27 [main] DEBUG l.i.u.tests.ApplicationFormsPageTest - Entered random application code: TST-DVP-37
2025-04-17 13:12:27 [main] DEBUG l.i.u.tests.ApplicationFormsPageTest - Selected 'Municipality' radio button.
2025-04-17 13:12:27 [main] INFO  l.i.uztis.pages.ApplicationFormsPage - Located the dropdown button.
2025-04-17 13:12:27 [main] INFO  l.i.uztis.pages.ApplicationFormsPage - Successfully selected the value: 'Kauno departamentas'
2025-04-17 13:12:38 [main] ERROR l.i.uztis.pages.ApplicationFormsPage - Failed to close the dropdown with aria-expanded = 'false'.
2025-04-17 13:12:38 [main] DEBUG l.i.u.tests.ApplicationFormsPageTest - Selected a value from the 'Municipality' dropdown: 'Kauno departamentas'
2025-04-17 13:12:38 [main] DEBUG l.i.u.tests.ApplicationFormsPageTest - Selected 'Budget By Country' radio button.
2025-04-17 13:12:38 [main] DEBUG l.i.u.tests.ApplicationFormsPageTest - Selected 'Financed Without Queue' option.
2025-04-17 13:12:38 [main] INFO  l.i.uztis.pages.ApplicationFormsPage - Located the dropdown button.
2025-04-17 13:12:39 [main] INFO  l.i.uztis.pages.ApplicationFormsPage - Successfully selected the value: 'DVP atitiktis URP'
2025-04-17 13:12:49 [main] ERROR l.i.uztis.pages.ApplicationFormsPage - Failed to close the dropdown with aria-expanded = 'false'.
2025-04-17 13:12:49 [main] DEBUG l.i.u.tests.ApplicationFormsPageTest - Selected a value from the 'EvaluationOne' dropdown: 'DVP atitiktis URP'
2025-04-17 13:12:49 [main] DEBUG l.i.u.tests.ApplicationFormsPageTest - Clicked 'Plus' button.
2025-04-17 13:12:50 [main] DEBUG l.i.u.tests.ApplicationFormsPageTest - Clicked 'Add' button seven times.
2025-04-17 13:12:50 [main] INFO  l.i.uztis.pages.ApplicationFormsPage - Processing dropdown index: 0
2025-04-17 13:13:00 [main] ERROR l.i.uztis.pages.ApplicationFormsPage - Timeout while waiting for dropdown to close at index: 0 with aria-expanded = 'false'
2025-04-17 13:13:00 [main] INFO  l.i.uztis.pages.ApplicationFormsPage - Processing dropdown index: 1
2025-04-17 13:13:11 [main] ERROR l.i.uztis.pages.ApplicationFormsPage - Timeout while waiting for dropdown to close at index: 1 with aria-expanded = 'false'
2025-04-17 13:13:11 [main] INFO  l.i.uztis.pages.ApplicationFormsPage - Processing dropdown index: 2
2025-04-17 13:13:21 [main] ERROR l.i.uztis.pages.ApplicationFormsPage - Timeout while waiting for dropdown to close at index: 2 with aria-expanded = 'false'
2025-04-17 13:13:21 [main] INFO  l.i.uztis.pages.ApplicationFormsPage - Processing dropdown index: 3
2025-04-17 13:13:32 [main] ERROR l.i.uztis.pages.ApplicationFormsPage - Timeout while waiting for dropdown to close at index: 3 with aria-expanded = 'false'
2025-04-17 13:13:32 [main] INFO  l.i.uztis.pages.ApplicationFormsPage - Processing dropdown index: 4
2025-04-17 13:13:43 [main] ERROR l.i.uztis.pages.ApplicationFormsPage - Timeout while waiting for dropdown to close at index: 4 with aria-expanded = 'false'
2025-04-17 13:13:43 [main] INFO  l.i.uztis.pages.ApplicationFormsPage - Processing dropdown index: 5
2025-04-17 13:13:53 [main] ERROR l.i.uztis.pages.ApplicationFormsPage - Timeout while waiting for dropdown to close at index: 5 with aria-expanded = 'false'
2025-04-17 13:13:53 [main] INFO  l.i.uztis.pages.ApplicationFormsPage - Processing dropdown index: 6
2025-04-17 13:14:04 [main] ERROR l.i.uztis.pages.ApplicationFormsPage - Timeout while waiting for dropdown to close at index: 6 with aria-expanded = 'false'
2025-04-17 13:14:04 [main] INFO  l.i.uztis.pages.ApplicationFormsPage - Processing dropdown index: 7
2025-04-17 13:14:15 [main] ERROR l.i.uztis.pages.ApplicationFormsPage - Timeout while waiting for dropdown to close at index: 7 with aria-expanded = 'false'
2025-04-17 13:14:15 [main] INFO  l.i.uztis.pages.ApplicationFormsPage - Processing input field index: 0
2025-04-17 13:14:15 [main] INFO  l.i.uztis.pages.ApplicationFormsPage - Entered value '50' into field index: 0
2025-04-17 13:14:15 [main] INFO  l.i.uztis.pages.ApplicationFormsPage - Processing input field index: 1
2025-04-17 13:14:15 [main] INFO  l.i.uztis.pages.ApplicationFormsPage - Entered value '924' into field index: 1
2025-04-17 13:14:15 [main] INFO  l.i.uztis.pages.ApplicationFormsPage - Processing input field index: 2
2025-04-17 13:14:16 [main] INFO  l.i.uztis.pages.ApplicationFormsPage - Entered value '31' into field index: 2
2025-04-17 13:14:16 [main] INFO  l.i.uztis.pages.ApplicationFormsPage - Processing input field index: 3
2025-04-17 13:14:16 [main] INFO  l.i.uztis.pages.ApplicationFormsPage - Entered value '4.7' into field index: 3
2025-04-17 13:14:16 [main] INFO  l.i.uztis.pages.ApplicationFormsPage - Processing input field index: 4
2025-04-17 13:14:16 [main] INFO  l.i.uztis.pages.ApplicationFormsPage - Entered value '35' into field index: 4
2025-04-17 13:14:16 [main] INFO  l.i.uztis.pages.ApplicationFormsPage - Processing input field index: 5
2025-04-17 13:14:16 [main] INFO  l.i.uztis.pages.ApplicationFormsPage - Entered value '20' into field index: 5
2025-04-17 13:14:16 [main] INFO  l.i.uztis.pages.ApplicationFormsPage - Processing input field index: 6
2025-04-17 13:14:16 [main] INFO  l.i.uztis.pages.ApplicationFormsPage - Entered value '30' into field index: 6
2025-04-17 13:14:16 [main] INFO  l.i.uztis.pages.ApplicationFormsPage - Processing input field index: 7
2025-04-17 13:14:16 [main] INFO  l.i.uztis.pages.ApplicationFormsPage - Entered value '60' into field index: 7
2025-04-17 13:14:16 [main] DEBUG l.i.u.tests.ApplicationFormsPageTest - Entered additional values and text.
2025-04-17 13:14:16 [main] DEBUG l.i.u.tests.ApplicationFormsPageTest - Entered application name: DVP paraiška
2025-04-17 13:14:16 [main] DEBUG l.i.u.tests.ApplicationFormsPageTest - Clicked the 'Save' button.
2025-04-17 13:14:17 [main] DEBUG l.i.uztis.pages.ApplicationFormsPage - Verified success message: 'Duomenys sėkmingai išsaugoti.'
2025-04-17 13:14:17 [main] INFO  l.i.u.tests.ApplicationFormsPageTest - Verified success message
2025-04-17 13:14:17 [main] INFO  l.i.u.tests.ApplicationFormsPageTest - Verified that the 'Save Form' button is displayed.
2025-04-17 13:14:17 [main] INFO  l.i.u.tests.ApplicationFormsPageTest - Test 'testCreateNewDvpApplication' completed successfully.
2025-04-17 13:15:59 [main] INFO  lt.insoft.uztis.tests.UztisPageTest - Navigated to https://uztisdev.asseco.lt/home
2025-04-17 13:15:59 [main] INFO  l.i.u.tests.ApplicationFormsPageTest - Setup complete. ApplicationFormsPage initialized.
2025-04-17 13:15:59 [main] INFO  l.i.u.tests.ApplicationFormsPageTest - Starting test:'testAddContractDVP'
2025-04-17 13:16:00 [main] DEBUG l.i.u.tests.ApplicationFormsPageTest - User logged in with test credentials
2025-04-17 13:16:00 [main] DEBUG l.i.u.tests.ApplicationFormsPageTest - Opened 'Application Processing' menu.
2025-04-17 13:16:01 [main] DEBUG l.i.u.tests.ApplicationFormsPageTest - Clicked on 'Application Forms' menu.
2025-04-17 13:16:01 [main] DEBUG l.i.u.tests.ApplicationFormsPageTest - Selected the last application description.
2025-04-17 13:16:01 [main] DEBUG l.i.u.tests.ApplicationFormsPageTest - Clicked 'Project Progress' tab.
2025-04-17 13:16:02 [main] DEBUG l.i.u.tests.ApplicationFormsPageTest - Clicked the 'Edit' button.
2025-04-17 13:16:02 [main] INFO  l.i.uztis.pages.ApplicationFormsPage - Located the dropdown button.
2025-04-17 13:16:05 [main] INFO  l.i.uztis.pages.ApplicationFormsPage - Successfully selected the value: 'Darbo vietų pritaikymo ir finansavimo sutartis'
2025-04-17 13:16:15 [main] ERROR l.i.uztis.pages.ApplicationFormsPage - Failed to close the dropdown with aria-expanded = 'false'.
2025-04-17 13:16:15 [main] DEBUG l.i.u.tests.ApplicationFormsPageTest - Selected a value from the 'Document' dropdown: 'Darbo vietų pritaikymo ir finansavimo sutartis'
2025-04-17 13:16:15 [main] DEBUG l.i.u.tests.ApplicationFormsPageTest - Clicked the 'Save' button.
2025-04-17 13:16:15 [main] ERROR l.i.uztis.pages.ApplicationFormsPage - Failed to verify the success message: 'Funkcija sėkmingai atlikta.'. Available messages: [Duomenys sėkmingai išsaugoti.]
2025-04-17 13:16:15 [main] INFO  l.i.u.tests.ApplicationFormsPageTest - Verified success message
2025-04-17 13:16:15 [main] INFO  l.i.u.tests.ApplicationFormsPageTest - Test 'testAddContractDVP' completed successfully.
2025-04-17 13:16:34 [main] INFO  lt.insoft.uztis.tests.UztisPageTest - Navigated to https://uztisdev.asseco.lt/home
2025-04-17 13:16:34 [main] INFO  l.i.uztis.tests.InvitationsPageTest - Starting test:'testCreateNewDvpInvitation'
2025-04-17 13:16:34 [main] DEBUG l.i.uztis.tests.InvitationsPageTest - User logged in with test credentials
2025-04-17 13:16:35 [main] DEBUG l.i.uztis.tests.InvitationsPageTest - Opened 'Application Processing' menu.
2025-04-17 13:16:35 [main] DEBUG l.i.uztis.tests.InvitationsPageTest - Clicked on 'Application Forms' menu.
2025-04-17 13:16:35 [main] DEBUG l.i.uztis.tests.InvitationsPageTest - Navigating to application forms menu.
2025-04-17 13:16:35 [main] DEBUG l.i.uztis.tests.InvitationsPageTest - Retrieved last description code text: 'TST-DVP-37'.
2025-04-17 13:16:35 [main] DEBUG l.i.uztis.tests.InvitationsPageTest - Clicked on 'Invitation' menu.
2025-04-17 13:16:35 [main] DEBUG l.i.uztis.tests.InvitationsPageTest - Clicked 'Create New Application Form'.
2025-04-17 13:16:36 [main] DEBUG l.i.uztis.tests.InvitationsPageTest - Selected section by code: 'TST-DVP-37'.
2025-04-17 13:16:36 [main] INFO  l.insoft.uztis.pages.InvitationsPage - Located the dropdown button.
2025-04-17 13:16:48 [main] ERROR l.insoft.uztis.pages.InvitationsPage - Timeout while waiting for dropdown to close with aria-expanded = 'false'.
2025-04-17 13:16:48 [main] DEBUG l.i.uztis.tests.InvitationsPageTest - Selected invitation number from the list.
2025-04-17 13:16:48 [main] DEBUG l.i.uztis.tests.InvitationsPageTest - Entered current date.
2025-04-17 13:16:49 [main] DEBUG l.i.uztis.tests.InvitationsPageTest - Entered start time: 00:00.
2025-04-17 13:16:49 [main] DEBUG l.i.uztis.tests.InvitationsPageTest - Entered end date.
2025-04-17 13:16:49 [main] DEBUG l.i.uztis.tests.InvitationsPageTest - Entered end time: 11:11.
2025-04-17 13:16:50 [main] DEBUG l.i.uztis.tests.InvitationsPageTest - Entered publication end date.
2025-04-17 13:16:50 [main] DEBUG l.i.uztis.tests.InvitationsPageTest - Added additional values.
2025-04-17 13:16:50 [main] INFO  l.insoft.uztis.pages.InvitationsPage - Located the dropdown button.
2025-04-17 13:16:51 [main] DEBUG l.i.uztis.tests.InvitationsPageTest - Selected the value: 'Didžiausia galima paramos suma aplinkos darbo vietai, Eur'
2025-04-17 13:16:51 [main] INFO  l.insoft.uztis.pages.InvitationsPage - Located the dropdown button.
2025-04-17 13:16:51 [main] DEBUG l.i.uztis.tests.InvitationsPageTest - Selected the value: 'Didžiausia galima paramos suma, Eur'
2025-04-17 13:16:51 [main] INFO  l.insoft.uztis.pages.InvitationsPage - Located the dropdown button.
2025-04-17 13:16:51 [main] DEBUG l.i.uztis.tests.InvitationsPageTest - Selected the value: 'Didžiausia galima paramos suma vienai darbo vietai, Eur'
2025-04-17 13:16:51 [main] DEBUG l.i.uztis.tests.InvitationsPageTest - Entered value: 11000
2025-04-17 13:16:52 [main] DEBUG l.i.uztis.tests.InvitationsPageTest - Entered value: 12000
2025-04-17 13:16:52 [main] DEBUG l.i.uztis.tests.InvitationsPageTest - Entered value: 13000
2025-04-17 13:16:52 [main] DEBUG l.i.uztis.tests.InvitationsPageTest - Checked 'Legal Entities' checkbox.
2025-04-17 13:16:52 [main] DEBUG l.i.uztis.tests.InvitationsPageTest - Unchecked 'Persons Registered with Employment Service' checkbox.
2025-04-17 13:16:52 [main] DEBUG l.i.uztis.tests.InvitationsPageTest - Checked 'Persons Registered as Employers' checkbox.
2025-04-17 13:16:52 [main] DEBUG l.i.uztis.tests.InvitationsPageTest - Entered budget: '2000'.
2025-04-17 13:16:52 [main] DEBUG l.i.uztis.tests.InvitationsPageTest - Entered description text: 'Aprašo tekstas'.
2025-04-17 13:16:53 [main] DEBUG l.i.uztis.tests.InvitationsPageTest - Entered applicants text: 'Pareiškėjų tekstas'.
2025-04-17 13:16:53 [main] DEBUG l.i.uztis.tests.InvitationsPageTest - Entered expenditures text: 'Išlaidų tekstas'.
2025-04-17 13:16:53 [main] DEBUG l.i.uztis.tests.InvitationsPageTest - Entered legislation text: 'Teisės aktų tekstas'.
2025-04-17 13:16:53 [main] DEBUG l.i.uztis.tests.InvitationsPageTest - Entered education text: 'Mokymų tekstas'.
2025-04-17 13:16:53 [main] DEBUG l.i.uztis.tests.InvitationsPageTest - File uploaded.
2025-04-17 13:16:53 [main] DEBUG l.i.uztis.tests.InvitationsPageTest - Clicked 'Publish'.
2025-04-17 13:17:00 [main] DEBUG l.i.uztis.tests.InvitationsPageTest - Publication confirmed.
2025-04-17 13:17:00 [main] DEBUG l.i.uztis.pages.ApplicationFormsPage - Verified success message: 'Funkcija sėkmingai atlikta.'
2025-04-17 13:17:00 [main] INFO  l.i.uztis.tests.InvitationsPageTest - Verified success message
2025-04-17 13:17:00 [main] INFO  l.i.uztis.tests.InvitationsPageTest - Test 'testCreateNewDvpInvitation' completed successfully.
2025-04-17 13:17:34 [main] INFO  lt.insoft.uztis.tests.UztisPageTest - Navigated to https://uztisdev.asseco.lt/home
2025-04-17 13:17:34 [main] INFO  l.i.u.t.SubmittedApplicationsPageTest - Starting test:'testFillNewDVPApplicationFA'
2025-04-17 13:17:35 [main] DEBUG l.i.u.t.SubmittedApplicationsPageTest - User logged in with test credentials.
2025-04-17 13:17:35 [main] DEBUG l.i.u.t.SubmittedApplicationsPageTest - Opened 'Application Processing' menu.
2025-04-17 13:17:35 [main] DEBUG l.i.u.t.SubmittedApplicationsPageTest - Clicked on 'Application Forms' menu.
2025-04-17 13:17:35 [main] DEBUG l.i.u.t.SubmittedApplicationsPageTest - Retrieved last description code text: 'TST-DVP-37'.
2025-04-17 13:17:36 [main] DEBUG l.i.u.t.SubmittedApplicationsPageTest - Clicked on 'Invitation' menu.
2025-04-17 13:17:37 [main] DEBUG l.i.u.t.SubmittedApplicationsPageTest - Selected application section by code: 'TST-DVP-37'.
2025-04-17 13:17:37 [main] DEBUG l.i.u.t.SubmittedApplicationsPageTest - Clicked 'Search' button.
2025-04-17 13:17:37 [main] DEBUG l.i.u.t.SubmittedApplicationsPageTest - Retrieved invitation code: ''.
2025-04-17 13:17:37 [main] DEBUG l.i.u.t.SubmittedApplicationsPageTest - Clicked on 'Submitted Applications' menu.
2025-04-17 13:17:38 [main] DEBUG l.i.u.t.SubmittedApplicationsPageTest - Selected invitation by code: 'TST-DVP-37'.
2025-04-17 13:17:38 [main] DEBUG l.i.u.t.SubmittedApplicationsPageTest - Invitation code inserted.
2025-04-17 13:17:39 [main] DEBUG l.i.u.t.SubmittedApplicationsPageTest - Clicked on 'Action Application' button.
2025-04-17 13:17:39 [main] DEBUG l.i.u.t.SubmittedApplicationsPageTest - Clicked on 'New Application' button.
2025-04-17 13:17:39 [main] DEBUG l.i.u.t.SubmittedApplicationsPageTest - Selected the 'RadioButtonFA' option.
2025-04-17 13:17:40 [main] DEBUG l.i.u.t.SubmittedApplicationsPageTest - Entered phone number: '61298745'.
2025-04-17 13:17:40 [main] DEBUG l.i.u.t.SubmittedApplicationsPageTest - Entered email: 'test@autotest.com'.
2025-04-17 13:17:40 [main] DEBUG l.i.u.t.SubmittedApplicationsPageTest - Checked 'For workplace adaptation' checkbox 1.
2025-04-17 13:17:40 [main] DEBUG l.i.u.t.SubmittedApplicationsPageTest - Checked 'For environmental adaptation' checkbox 2.
2025-04-17 13:17:40 [main] INFO  l.i.u.p.SubmittedApplicationsPage - Located the dropdown button.
2025-04-17 13:17:58 [main] INFO  l.i.u.p.SubmittedApplicationsPage - Found 1741 options in the dropdown.
2025-04-17 13:17:58 [main] INFO  l.i.u.p.SubmittedApplicationsPage - Successfully selected the value: '01.11 - Grūdinių (išskyrus ryžius), ankštinių ir aliejingų sėklų augalų auginimas'
2025-04-17 13:18:08 [main] ERROR l.i.u.p.SubmittedApplicationsPage - Failed to close the dropdown with aria-expanded = 'false'. Attempting manual close.
2025-04-17 13:18:08 [main] INFO  l.i.u.p.SubmittedApplicationsPage - Manual close attempt for the dropdown using body click.
2025-04-17 13:18:08 [main] DEBUG l.i.u.t.SubmittedApplicationsPageTest - Selected EVRK value: '01.11 - Grūdinių (išskyrus ryžius), ankštinių ir aliejingų sėklų augalų auginimas'.
2025-04-17 13:18:09 [main] DEBUG l.i.u.t.SubmittedApplicationsPageTest - Clicked on 'Address Component' button.
2025-04-17 13:18:09 [main] INFO  l.i.u.p.SubmittedApplicationsPage - Located the dropdown button.
2025-04-17 13:18:12 [main] INFO  l.i.u.p.SubmittedApplicationsPage - Successfully selected the value: 'Lietuva'
2025-04-17 13:18:12 [main] DEBUG l.i.u.t.SubmittedApplicationsPageTest - Selected country: 'Lietuva'.
2025-04-17 13:18:12 [main] INFO  l.i.u.p.SubmittedApplicationsPage - Located the dropdown search field.
2025-04-17 13:18:12 [main] INFO  l.i.u.p.SubmittedApplicationsPage - Dropdown city is opened.
2025-04-17 13:18:12 [main] INFO  l.i.u.p.SubmittedApplicationsPage - Searched for value: 'Vilnius'
2025-04-17 13:18:13 [main] INFO  l.i.u.p.SubmittedApplicationsPage - Successfully selected: 'Vilnius'
2025-04-17 13:18:13 [main] INFO  l.i.u.p.SubmittedApplicationsPage - Located the dropdown button.
2025-04-17 13:18:13 [main] INFO  l.i.u.p.SubmittedApplicationsPage - Successfully selected the value: 'A. Domaševičiaus g.'
2025-04-17 13:18:13 [main] DEBUG l.i.u.t.SubmittedApplicationsPageTest - Selected street: 'A. Domaševičiaus g.'.
2025-04-17 13:18:13 [main] INFO  l.i.u.p.SubmittedApplicationsPage - Located the dropdown button.
2025-04-17 13:18:14 [main] INFO  l.i.u.p.SubmittedApplicationsPage - Successfully selected the value: '1'
2025-04-17 13:18:14 [main] DEBUG l.i.u.t.SubmittedApplicationsPageTest - Selected house: '1'.
2025-04-17 13:18:14 [main] INFO  l.i.u.p.SubmittedApplicationsPage - Located the dropdown button.
2025-04-17 13:18:14 [main] INFO  l.i.u.p.SubmittedApplicationsPage - Successfully selected the value: '1'
2025-04-17 13:18:14 [main] DEBUG l.i.u.t.SubmittedApplicationsPageTest - Selected apartment: '1'.
2025-04-17 13:18:14 [main] DEBUG l.i.u.t.SubmittedApplicationsPageTest - Clicked 'Confirm' button.
2025-04-17 13:18:14 [main] DEBUG l.i.u.t.SubmittedApplicationsPageTest - Selected 'For already working' option.
2025-04-17 13:18:14 [main] DEBUG l.i.u.t.SubmittedApplicationsPageTest - Selected 'For new working' option.
2025-04-17 13:18:14 [main] DEBUG l.i.u.t.SubmittedApplicationsPageTest - Entered person count2: '1'.
2025-04-17 13:18:15 [main] DEBUG l.i.u.t.SubmittedApplicationsPageTest - Clicked 'Next' button after checkboxes.
2025-04-17 13:18:15 [main] INFO  l.i.u.p.SubmittedApplicationsPage - Located the dropdown button.
2025-04-17 13:18:16 [main] INFO  l.i.u.p.SubmittedApplicationsPage - Successfully selected the value: 'Administratoriai'
2025-04-17 13:18:16 [main] DEBUG l.i.u.t.SubmittedApplicationsPageTest - Selected adaptable job name: 'Administratoriai'.
2025-04-17 13:18:16 [main] DEBUG l.i.u.t.SubmittedApplicationsPageTest - Entered job date.
2025-04-17 13:18:16 [main] DEBUG l.i.u.t.SubmittedApplicationsPageTest - Entered job function: 'Funkcija 1'.
2025-04-17 13:18:16 [main] DEBUG l.i.u.t.SubmittedApplicationsPageTest - Selected 'For already working' 'no' option.
2025-04-17 13:18:16 [main] INFO  l.i.u.p.SubmittedApplicationsPage - Clicking on the dropdown button.
2025-04-17 13:18:17 [main] INFO  l.i.u.p.SubmittedApplicationsPage - Found 6 options in the dropdown.
2025-04-17 13:18:17 [main] DEBUG l.i.u.p.SubmittedApplicationsPage - Checking option: 'Lengvo neįgalumo lygis ar 45-55 procentų dalyvumo lygis (iki 2023 m. gruodžio 31 d. – 45-55 procentų darbingumo lygis)'
2025-04-17 13:18:17 [main] INFO  l.i.u.p.SubmittedApplicationsPage - Successfully selected the value: 'Lengvo neįgalumo lygis ar 45-55 procentų dalyvumo lygis (iki 2023 m. gruodžio 31 d. – 45-55 procentų darbingumo lygis)'
2025-04-17 13:18:17 [main] INFO  l.i.u.p.SubmittedApplicationsPage - Attempting to close the dropdown.
2025-04-17 13:18:18 [main] DEBUG l.i.u.t.SubmittedApplicationsPageTest - Selected disabilities type: 'Lengvo neįgalumo lygis ar 45-55 procentų dalyvumo lygis (iki 2023 m. gruodžio 31 d. – 45-55 procentų darbingumo lygis)'.
2025-04-17 13:18:18 [main] DEBUG l.i.u.t.SubmittedApplicationsPageTest - Entered disability information: 'Negalia 1'.
2025-04-17 13:18:18 [main] DEBUG l.i.u.t.SubmittedApplicationsPageTest - Entered qualification: 'Kvalifikacija 1'.
2025-04-17 13:18:18 [main] DEBUG l.i.u.t.SubmittedApplicationsPageTest - Entered job description: 'Darbo vietos aprašymas 1'.
2025-04-17 13:18:19 [main] DEBUG l.i.u.t.SubmittedApplicationsPageTest - Entered equipment description: 'Priemonių įsigyjimas 1'.
2025-04-17 13:18:19 [main] DEBUG l.i.u.t.SubmittedApplicationsPageTest - Entered work information: 'Darbai 1'.
2025-04-17 13:18:19 [main] INFO  l.i.u.p.SubmittedApplicationsPage - Located the dropdown button.
2025-04-17 13:18:20 [main] INFO  l.i.u.p.SubmittedApplicationsPage - Successfully selected the value: 'Kita'
2025-04-17 13:18:20 [main] DEBUG l.i.u.t.SubmittedApplicationsPageTest - Selected time mode: 'Kita'.
2025-04-17 13:18:20 [main] DEBUG l.i.u.t.SubmittedApplicationsPageTest - Selected time mode other: '6 val. per dieną ir 4 d. per savaitę'.
2025-04-17 13:18:20 [main] DEBUG l.i.u.t.SubmittedApplicationsPageTest - Entered salary amount: '1200'.
2025-04-17 13:18:20 [main] DEBUG l.i.u.t.SubmittedApplicationsPageTest - Entered salary description: 'Užmokestis 1'.
2025-04-17 13:18:21 [main] DEBUG l.i.u.t.SubmittedApplicationsPageTest - Selected 'Temporary Job' radio button.
2025-04-17 13:18:21 [main] DEBUG l.i.u.t.SubmittedApplicationsPageTest - Selected 'Season Job' radio button.
2025-04-17 13:18:21 [main] DEBUG l.i.u.t.SubmittedApplicationsPageTest - Selected 'PVM' radio button.
2025-04-17 13:18:21 [main] INFO  l.i.u.p.SubmittedApplicationsPage - Located the dropdown button.
2025-04-17 13:18:22 [main] INFO  l.i.u.p.SubmittedApplicationsPage - Successfully selected the value: 'Darbo vietos pritaikymui'
2025-04-17 13:18:52 [main] ERROR l.i.u.p.SubmittedApplicationsPage - Timeout while waiting for dropdown to close with aria-expanded = 'false'.
2025-04-17 13:18:52 [main] DEBUG l.i.u.t.SubmittedApplicationsPageTest - Selected adaptable job name: 'Darbo vietos pritaikymui'.
2025-04-17 13:18:52 [main] DEBUG l.i.u.p.SubmittedApplicationsPage - Located and clicked the dropdown button 'Reikalinga'.
2025-04-17 13:18:53 [main] INFO  l.i.u.p.SubmittedApplicationsPage - Successfully selected the value: 'Įsigyti'
2025-04-17 13:18:53 [main] DEBUG l.i.u.t.SubmittedApplicationsPageTest - Selected necessary for job: 'Įsigyti'.
2025-04-17 13:18:53 [main] DEBUG l.i.u.t.SubmittedApplicationsPageTest - Selected tool: 'Darbo priemonė 1'.
2025-04-17 13:18:53 [main] DEBUG l.i.u.t.SubmittedApplicationsPageTest - Selected tool parameter one: 'Darbo priemonės 1 parametras 1'.
2025-04-17 13:18:53 [main] DEBUG l.i.u.t.SubmittedApplicationsPageTest - Selected tool parameter two: 'Darbo priemonės 1 parametras 2'.
2025-04-17 13:18:54 [main] DEBUG l.i.u.t.SubmittedApplicationsPageTest - Selected tool parameter three: 'Darbo priemonės 1 parametras 3'.
2025-04-17 13:18:54 [main] DEBUG l.i.u.t.SubmittedApplicationsPageTest - Entered tool count: '1'.
2025-04-17 13:18:54 [main] DEBUG l.i.u.t.SubmittedApplicationsPageTest - Entered price amount: '1000'.
2025-04-17 13:18:54 [main] DEBUG l.i.u.t.SubmittedApplicationsPageTest - Entered own funds amount: '800'.
2025-04-17 13:18:56 [main] DEBUG l.i.u.t.SubmittedApplicationsPageTest - Clicked 'Add' button.
2025-04-17 13:18:56 [main] INFO  l.i.u.p.SubmittedApplicationsPage - Located the dropdown button.
2025-04-17 13:18:57 [main] INFO  l.i.u.p.SubmittedApplicationsPage - Successfully selected the value: 'Aplinkos pritaikymui'
2025-04-17 13:19:27 [main] ERROR l.i.u.p.SubmittedApplicationsPage - Timeout while waiting for dropdown to close with aria-expanded = 'false'.
2025-04-17 13:19:27 [main] DEBUG l.i.u.t.SubmittedApplicationsPageTest - Selected adaptable job name: 'Aplinkos pritaikymui'.
2025-04-17 13:19:27 [main] DEBUG l.i.u.p.SubmittedApplicationsPage - Located and clicked the dropdown button 'Reikalinga'.
2025-04-17 13:19:28 [main] INFO  l.i.u.p.SubmittedApplicationsPage - Successfully selected the value: 'Remontuoti'
2025-04-17 13:19:38 [main] DEBUG l.i.u.t.SubmittedApplicationsPageTest - Selected necessary for job: 'Remontuoti'.
2025-04-17 13:19:38 [main] DEBUG l.i.u.t.SubmittedApplicationsPageTest - Selected tool: 'Darbo priemonė 2 remontui'.
2025-04-17 13:19:39 [main] DEBUG l.i.u.t.SubmittedApplicationsPageTest - Entered work information: 'Remonto darbai 1'.
2025-04-17 13:19:39 [main] DEBUG l.i.u.t.SubmittedApplicationsPageTest - Entered tool count: '2'.
2025-04-17 13:19:39 [main] DEBUG l.i.u.t.SubmittedApplicationsPageTest - Entered price amount: '1000'.
2025-04-17 13:19:39 [main] DEBUG l.i.u.t.SubmittedApplicationsPageTest - Entered own funds amount: '900'.
2025-04-17 13:19:41 [main] DEBUG l.i.u.t.SubmittedApplicationsPageTest - Clicked 'AddRemoved' button.
2025-04-17 13:19:44 [main] DEBUG l.i.u.t.SubmittedApplicationsPageTest - Clicked 'Remove' button.
2025-04-17 13:19:46 [main] DEBUG l.i.u.t.SubmittedApplicationsPageTest - Clicked 'Remove Confirmation' button.
2025-04-17 13:19:48 [main] DEBUG l.i.u.t.SubmittedApplicationsPageTest - Selected 'De Minimis' radio button.
2025-04-17 13:19:48 [main] DEBUG l.i.u.t.SubmittedApplicationsPageTest - Entered program name: 'Programa 1'.
2025-04-17 13:19:48 [main] DEBUG l.i.u.t.SubmittedApplicationsPageTest - Entered project date from.
2025-04-17 13:19:48 [main] DEBUG l.i.u.t.SubmittedApplicationsPageTest - Entered project date until.
2025-04-17 13:19:48 [main] DEBUG l.i.u.t.SubmittedApplicationsPageTest - Entered support amount: '2000'.
2025-04-17 13:19:49 [main] DEBUG l.i.u.t.SubmittedApplicationsPageTest - Clicked 'Next' button.
2025-04-17 13:19:59 [main] DEBUG l.i.u.t.SubmittedApplicationsPageTest - Checked 'Legal Entities' checkbox 1.
2025-04-17 13:20:09 [main] DEBUG l.i.u.t.SubmittedApplicationsPageTest - Checked 'Legal Entities' checkbox 2.
2025-04-17 13:20:19 [main] DEBUG l.i.u.t.SubmittedApplicationsPageTest - Checked 'Legal Entities' checkbox 3.
2025-04-17 13:20:19 [main] DEBUG l.i.u.t.SubmittedApplicationsPageTest - Test finished: All 'Legal Entities' checkboxes checked successfully.
2025-04-17 13:20:19 [main] DEBUG l.i.u.t.SubmittedApplicationsPageTest - Clicked 'Next' button after checkboxes.
2025-04-17 13:20:29 [main] ERROR l.i.u.p.SubmittedApplicationsPage - Error selecting radio button: Expected condition failed: waiting for element to be clickable: By.xpath: (//input[@type='radio' and @value='false'])[8] (tried for 10 second(s) with 500 milliseconds interval)
Build info: version: '4.27.0', revision: 'd6e718d134'
System info: os.name: 'Windows 11', os.arch: 'amd64', os.version: '10.0', java.version: '21.0.3'
Driver info: org.openqa.selenium.chrome.ChromeDriver
Capabilities {acceptInsecureCerts: false, browserName: chrome, browserVersion: 135.0.7049.85, chrome: {chromedriverVersion: 135.0.7049.95 (de2eb485a195..., userDataDir: C:\Users\INGRID~1.ZAD\AppDa...}, fedcm:accounts: true, goog:chromeOptions: {debuggerAddress: localhost:57707}, networkConnectionEnabled: false, pageLoadStrategy: normal, platformName: windows, proxy: Proxy(), se:cdp: ws://localhost:57707/devtoo..., se:cdpVersion: 135.0.7049.85, setWindowRect: true, strictFileInteractability: false, timeouts: {implicit: 0, pageLoad: 300000, script: 30000}, unhandledPromptBehavior: dismiss and notify, webauthn:extension:credBlob: true, webauthn:extension:largeBlob: true, webauthn:extension:minPinLength: true, webauthn:extension:prf: true, webauthn:virtualAuthenticators: true}
Session ID: e23dedfb70b023920a2e024814fb87f9
2025-04-17 13:20:29 [main] INFO  l.i.u.t.SubmittedApplicationsPageTest - Marking 'Ne' radio button 1
2025-04-17 13:20:39 [main] ERROR l.i.u.p.SubmittedApplicationsPage - Error selecting radio button: Expected condition failed: waiting for element to be clickable: By.xpath: (//input[@type='radio' and @value='false'])[9] (tried for 10 second(s) with 500 milliseconds interval)
Build info: version: '4.27.0', revision: 'd6e718d134'
System info: os.name: 'Windows 11', os.arch: 'amd64', os.version: '10.0', java.version: '21.0.3'
Driver info: org.openqa.selenium.chrome.ChromeDriver
Capabilities {acceptInsecureCerts: false, browserName: chrome, browserVersion: 135.0.7049.85, chrome: {chromedriverVersion: 135.0.7049.95 (de2eb485a195..., userDataDir: C:\Users\INGRID~1.ZAD\AppDa...}, fedcm:accounts: true, goog:chromeOptions: {debuggerAddress: localhost:57707}, networkConnectionEnabled: false, pageLoadStrategy: normal, platformName: windows, proxy: Proxy(), se:cdp: ws://localhost:57707/devtoo..., se:cdpVersion: 135.0.7049.85, setWindowRect: true, strictFileInteractability: false, timeouts: {implicit: 0, pageLoad: 300000, script: 30000}, unhandledPromptBehavior: dismiss and notify, webauthn:extension:credBlob: true, webauthn:extension:largeBlob: true, webauthn:extension:minPinLength: true, webauthn:extension:prf: true, webauthn:virtualAuthenticators: true}
Session ID: e23dedfb70b023920a2e024814fb87f9
2025-04-17 13:20:39 [main] INFO  l.i.u.t.SubmittedApplicationsPageTest - Marking 'Ne' radio button 2
2025-04-17 13:20:49 [main] ERROR l.i.u.p.SubmittedApplicationsPage - Error selecting radio button: Expected condition failed: waiting for element to be clickable: By.xpath: (//input[@type='radio' and @value='false'])[10] (tried for 10 second(s) with 500 milliseconds interval)
Build info: version: '4.27.0', revision: 'd6e718d134'
System info: os.name: 'Windows 11', os.arch: 'amd64', os.version: '10.0', java.version: '21.0.3'
Driver info: org.openqa.selenium.chrome.ChromeDriver
Capabilities {acceptInsecureCerts: false, browserName: chrome, browserVersion: 135.0.7049.85, chrome: {chromedriverVersion: 135.0.7049.95 (de2eb485a195..., userDataDir: C:\Users\INGRID~1.ZAD\AppDa...}, fedcm:accounts: true, goog:chromeOptions: {debuggerAddress: localhost:57707}, networkConnectionEnabled: false, pageLoadStrategy: normal, platformName: windows, proxy: Proxy(), se:cdp: ws://localhost:57707/devtoo..., se:cdpVersion: 135.0.7049.85, setWindowRect: true, strictFileInteractability: false, timeouts: {implicit: 0, pageLoad: 300000, script: 30000}, unhandledPromptBehavior: dismiss and notify, webauthn:extension:credBlob: true, webauthn:extension:largeBlob: true, webauthn:extension:minPinLength: true, webauthn:extension:prf: true, webauthn:virtualAuthenticators: true}
Session ID: e23dedfb70b023920a2e024814fb87f9
2025-04-17 13:20:49 [main] INFO  l.i.u.t.SubmittedApplicationsPageTest - Marking 'Ne' radio button 3
2025-04-17 13:20:59 [main] ERROR l.i.u.p.SubmittedApplicationsPage - Error selecting radio button: Expected condition failed: waiting for element to be clickable: By.xpath: (//input[@type='radio' and @value='false'])[11] (tried for 10 second(s) with 500 milliseconds interval)
Build info: version: '4.27.0', revision: 'd6e718d134'
System info: os.name: 'Windows 11', os.arch: 'amd64', os.version: '10.0', java.version: '21.0.3'
Driver info: org.openqa.selenium.chrome.ChromeDriver
Capabilities {acceptInsecureCerts: false, browserName: chrome, browserVersion: 135.0.7049.85, chrome: {chromedriverVersion: 135.0.7049.95 (de2eb485a195..., userDataDir: C:\Users\INGRID~1.ZAD\AppDa...}, fedcm:accounts: true, goog:chromeOptions: {debuggerAddress: localhost:57707}, networkConnectionEnabled: false, pageLoadStrategy: normal, platformName: windows, proxy: Proxy(), se:cdp: ws://localhost:57707/devtoo..., se:cdpVersion: 135.0.7049.85, setWindowRect: true, strictFileInteractability: false, timeouts: {implicit: 0, pageLoad: 300000, script: 30000}, unhandledPromptBehavior: dismiss and notify, webauthn:extension:credBlob: true, webauthn:extension:largeBlob: true, webauthn:extension:minPinLength: true, webauthn:extension:prf: true, webauthn:virtualAuthenticators: true}
Session ID: e23dedfb70b023920a2e024814fb87f9
2025-04-17 13:20:59 [main] INFO  l.i.u.t.SubmittedApplicationsPageTest - Marking 'Ne' radio button 4
2025-04-17 13:21:09 [main] ERROR l.i.u.p.SubmittedApplicationsPage - Error selecting radio button: Expected condition failed: waiting for element to be clickable: By.xpath: (//input[@type='radio' and @value='false'])[12] (tried for 10 second(s) with 500 milliseconds interval)
Build info: version: '4.27.0', revision: 'd6e718d134'
System info: os.name: 'Windows 11', os.arch: 'amd64', os.version: '10.0', java.version: '21.0.3'
Driver info: org.openqa.selenium.chrome.ChromeDriver
Capabilities {acceptInsecureCerts: false, browserName: chrome, browserVersion: 135.0.7049.85, chrome: {chromedriverVersion: 135.0.7049.95 (de2eb485a195..., userDataDir: C:\Users\INGRID~1.ZAD\AppDa...}, fedcm:accounts: true, goog:chromeOptions: {debuggerAddress: localhost:57707}, networkConnectionEnabled: false, pageLoadStrategy: normal, platformName: windows, proxy: Proxy(), se:cdp: ws://localhost:57707/devtoo..., se:cdpVersion: 135.0.7049.85, setWindowRect: true, strictFileInteractability: false, timeouts: {implicit: 0, pageLoad: 300000, script: 30000}, unhandledPromptBehavior: dismiss and notify, webauthn:extension:credBlob: true, webauthn:extension:largeBlob: true, webauthn:extension:minPinLength: true, webauthn:extension:prf: true, webauthn:virtualAuthenticators: true}
Session ID: e23dedfb70b023920a2e024814fb87f9
2025-04-17 13:21:09 [main] INFO  l.i.u.t.SubmittedApplicationsPageTest - Marking 'Ne' radio button 5
2025-04-17 13:21:20 [main] ERROR l.i.u.p.SubmittedApplicationsPage - Error selecting radio button: Expected condition failed: waiting for element to be clickable: By.xpath: (//input[@type='radio' and @value='false'])[13] (tried for 10 second(s) with 500 milliseconds interval)
Build info: version: '4.27.0', revision: 'd6e718d134'
System info: os.name: 'Windows 11', os.arch: 'amd64', os.version: '10.0', java.version: '21.0.3'
Driver info: org.openqa.selenium.chrome.ChromeDriver
Capabilities {acceptInsecureCerts: false, browserName: chrome, browserVersion: 135.0.7049.85, chrome: {chromedriverVersion: 135.0.7049.95 (de2eb485a195..., userDataDir: C:\Users\INGRID~1.ZAD\AppDa...}, fedcm:accounts: true, goog:chromeOptions: {debuggerAddress: localhost:57707}, networkConnectionEnabled: false, pageLoadStrategy: normal, platformName: windows, proxy: Proxy(), se:cdp: ws://localhost:57707/devtoo..., se:cdpVersion: 135.0.7049.85, setWindowRect: true, strictFileInteractability: false, timeouts: {implicit: 0, pageLoad: 300000, script: 30000}, unhandledPromptBehavior: dismiss and notify, webauthn:extension:credBlob: true, webauthn:extension:largeBlob: true, webauthn:extension:minPinLength: true, webauthn:extension:prf: true, webauthn:virtualAuthenticators: true}
Session ID: e23dedfb70b023920a2e024814fb87f9
2025-04-17 13:21:20 [main] INFO  l.i.u.t.SubmittedApplicationsPageTest - Marking 'Ne' radio button 6
2025-04-17 13:21:30 [main] ERROR l.i.u.p.SubmittedApplicationsPage - Error selecting radio button: Expected condition failed: waiting for element to be clickable: By.xpath: (//input[@type='radio' and @value='true'])[14] (tried for 10 second(s) with 500 milliseconds interval)
Build info: version: '4.27.0', revision: 'd6e718d134'
System info: os.name: 'Windows 11', os.arch: 'amd64', os.version: '10.0', java.version: '21.0.3'
Driver info: org.openqa.selenium.chrome.ChromeDriver
Capabilities {acceptInsecureCerts: false, browserName: chrome, browserVersion: 135.0.7049.85, chrome: {chromedriverVersion: 135.0.7049.95 (de2eb485a195..., userDataDir: C:\Users\INGRID~1.ZAD\AppDa...}, fedcm:accounts: true, goog:chromeOptions: {debuggerAddress: localhost:57707}, networkConnectionEnabled: false, pageLoadStrategy: normal, platformName: windows, proxy: Proxy(), se:cdp: ws://localhost:57707/devtoo..., se:cdpVersion: 135.0.7049.85, setWindowRect: true, strictFileInteractability: false, timeouts: {implicit: 0, pageLoad: 300000, script: 30000}, unhandledPromptBehavior: dismiss and notify, webauthn:extension:credBlob: true, webauthn:extension:largeBlob: true, webauthn:extension:minPinLength: true, webauthn:extension:prf: true, webauthn:virtualAuthenticators: true}
Session ID: e23dedfb70b023920a2e024814fb87f9
2025-04-17 13:21:30 [main] INFO  l.i.u.t.SubmittedApplicationsPageTest - Marking 'Taip' radio button 7
2025-04-17 13:21:40 [main] ERROR l.i.u.p.SubmittedApplicationsPage - Error selecting radio button: Expected condition failed: waiting for element to be clickable: By.xpath: (//input[@type='radio' and @value='true'])[15] (tried for 10 second(s) with 500 milliseconds interval)
Build info: version: '4.27.0', revision: 'd6e718d134'
System info: os.name: 'Windows 11', os.arch: 'amd64', os.version: '10.0', java.version: '21.0.3'
Driver info: org.openqa.selenium.chrome.ChromeDriver
Capabilities {acceptInsecureCerts: false, browserName: chrome, browserVersion: 135.0.7049.85, chrome: {chromedriverVersion: 135.0.7049.95 (de2eb485a195..., userDataDir: C:\Users\INGRID~1.ZAD\AppDa...}, fedcm:accounts: true, goog:chromeOptions: {debuggerAddress: localhost:57707}, networkConnectionEnabled: false, pageLoadStrategy: normal, platformName: windows, proxy: Proxy(), se:cdp: ws://localhost:57707/devtoo..., se:cdpVersion: 135.0.7049.85, setWindowRect: true, strictFileInteractability: false, timeouts: {implicit: 0, pageLoad: 300000, script: 30000}, unhandledPromptBehavior: dismiss and notify, webauthn:extension:credBlob: true, webauthn:extension:largeBlob: true, webauthn:extension:minPinLength: true, webauthn:extension:prf: true, webauthn:virtualAuthenticators: true}
Session ID: e23dedfb70b023920a2e024814fb87f9
2025-04-17 13:21:40 [main] INFO  l.i.u.t.SubmittedApplicationsPageTest - Marking 'Taip' radio button 8
2025-04-17 13:21:50 [main] ERROR l.i.u.p.SubmittedApplicationsPage - Error selecting radio button: Expected condition failed: waiting for element to be clickable: By.xpath: (//input[@type='radio' and @value='true'])[16] (tried for 10 second(s) with 500 milliseconds interval)
Build info: version: '4.27.0', revision: 'd6e718d134'
System info: os.name: 'Windows 11', os.arch: 'amd64', os.version: '10.0', java.version: '21.0.3'
Driver info: org.openqa.selenium.chrome.ChromeDriver
Capabilities {acceptInsecureCerts: false, browserName: chrome, browserVersion: 135.0.7049.85, chrome: {chromedriverVersion: 135.0.7049.95 (de2eb485a195..., userDataDir: C:\Users\INGRID~1.ZAD\AppDa...}, fedcm:accounts: true, goog:chromeOptions: {debuggerAddress: localhost:57707}, networkConnectionEnabled: false, pageLoadStrategy: normal, platformName: windows, proxy: Proxy(), se:cdp: ws://localhost:57707/devtoo..., se:cdpVersion: 135.0.7049.85, setWindowRect: true, strictFileInteractability: false, timeouts: {implicit: 0, pageLoad: 300000, script: 30000}, unhandledPromptBehavior: dismiss and notify, webauthn:extension:credBlob: true, webauthn:extension:largeBlob: true, webauthn:extension:minPinLength: true, webauthn:extension:prf: true, webauthn:virtualAuthenticators: true}
Session ID: e23dedfb70b023920a2e024814fb87f9
2025-04-17 13:21:50 [main] INFO  l.i.u.t.SubmittedApplicationsPageTest - Marking 'Taip' radio button 9
2025-04-17 13:22:00 [main] ERROR l.i.u.p.SubmittedApplicationsPage - Error selecting radio button: Expected condition failed: waiting for element to be clickable: By.xpath: (//input[@type='radio' and @value='true'])[17] (tried for 10 second(s) with 500 milliseconds interval)
Build info: version: '4.27.0', revision: 'd6e718d134'
System info: os.name: 'Windows 11', os.arch: 'amd64', os.version: '10.0', java.version: '21.0.3'
Driver info: org.openqa.selenium.chrome.ChromeDriver
Capabilities {acceptInsecureCerts: false, browserName: chrome, browserVersion: 135.0.7049.85, chrome: {chromedriverVersion: 135.0.7049.95 (de2eb485a195..., userDataDir: C:\Users\INGRID~1.ZAD\AppDa...}, fedcm:accounts: true, goog:chromeOptions: {debuggerAddress: localhost:57707}, networkConnectionEnabled: false, pageLoadStrategy: normal, platformName: windows, proxy: Proxy(), se:cdp: ws://localhost:57707/devtoo..., se:cdpVersion: 135.0.7049.85, setWindowRect: true, strictFileInteractability: false, timeouts: {implicit: 0, pageLoad: 300000, script: 30000}, unhandledPromptBehavior: dismiss and notify, webauthn:extension:credBlob: true, webauthn:extension:largeBlob: true, webauthn:extension:minPinLength: true, webauthn:extension:prf: true, webauthn:virtualAuthenticators: true}
Session ID: e23dedfb70b023920a2e024814fb87f9
2025-04-17 13:22:00 [main] INFO  l.i.u.t.SubmittedApplicationsPageTest - Marking 'Taip' radio button 10
2025-04-17 13:22:10 [main] ERROR l.i.u.p.SubmittedApplicationsPage - Error selecting radio button: Expected condition failed: waiting for element to be clickable: By.xpath: (//input[@type='radio' and @value='true'])[18] (tried for 10 second(s) with 500 milliseconds interval)
Build info: version: '4.27.0', revision: 'd6e718d134'
System info: os.name: 'Windows 11', os.arch: 'amd64', os.version: '10.0', java.version: '21.0.3'
Driver info: org.openqa.selenium.chrome.ChromeDriver
Capabilities {acceptInsecureCerts: false, browserName: chrome, browserVersion: 135.0.7049.85, chrome: {chromedriverVersion: 135.0.7049.95 (de2eb485a195..., userDataDir: C:\Users\INGRID~1.ZAD\AppDa...}, fedcm:accounts: true, goog:chromeOptions: {debuggerAddress: localhost:57707}, networkConnectionEnabled: false, pageLoadStrategy: normal, platformName: windows, proxy: Proxy(), se:cdp: ws://localhost:57707/devtoo..., se:cdpVersion: 135.0.7049.85, setWindowRect: true, strictFileInteractability: false, timeouts: {implicit: 0, pageLoad: 300000, script: 30000}, unhandledPromptBehavior: dismiss and notify, webauthn:extension:credBlob: true, webauthn:extension:largeBlob: true, webauthn:extension:minPinLength: true, webauthn:extension:prf: true, webauthn:virtualAuthenticators: true}
Session ID: e23dedfb70b023920a2e024814fb87f9
2025-04-17 13:22:10 [main] INFO  l.i.u.t.SubmittedApplicationsPageTest - Marking 'Taip' radio button 11
2025-04-17 13:22:20 [main] ERROR l.i.u.p.SubmittedApplicationsPage - Error selecting radio button: Expected condition failed: waiting for element to be clickable: By.xpath: (//input[@type='radio' and @value='true'])[19] (tried for 10 second(s) with 500 milliseconds interval)
Build info: version: '4.27.0', revision: 'd6e718d134'
System info: os.name: 'Windows 11', os.arch: 'amd64', os.version: '10.0', java.version: '21.0.3'
Driver info: org.openqa.selenium.chrome.ChromeDriver
Capabilities {acceptInsecureCerts: false, browserName: chrome, browserVersion: 135.0.7049.85, chrome: {chromedriverVersion: 135.0.7049.95 (de2eb485a195..., userDataDir: C:\Users\INGRID~1.ZAD\AppDa...}, fedcm:accounts: true, goog:chromeOptions: {debuggerAddress: localhost:57707}, networkConnectionEnabled: false, pageLoadStrategy: normal, platformName: windows, proxy: Proxy(), se:cdp: ws://localhost:57707/devtoo..., se:cdpVersion: 135.0.7049.85, setWindowRect: true, strictFileInteractability: false, timeouts: {implicit: 0, pageLoad: 300000, script: 30000}, unhandledPromptBehavior: dismiss and notify, webauthn:extension:credBlob: true, webauthn:extension:largeBlob: true, webauthn:extension:minPinLength: true, webauthn:extension:prf: true, webauthn:virtualAuthenticators: true}
Session ID: e23dedfb70b023920a2e024814fb87f9
2025-04-17 13:22:20 [main] INFO  l.i.u.t.SubmittedApplicationsPageTest - Marking 'Taip' radio button 12
2025-04-17 13:22:30 [main] DEBUG l.i.u.t.SubmittedApplicationsPageTest - Checked 'ConfirmationStepFour'
2025-04-17 13:22:30 [main] DEBUG l.i.u.t.SubmittedApplicationsPageTest - Clicked 'Next' button after checkboxes.
2025-04-17 13:22:30 [main] INFO  l.i.u.p.SubmittedApplicationsPage - File uploaded successfully to an input element.
2025-04-17 13:22:31 [main] INFO  l.i.u.p.SubmittedApplicationsPage - File uploaded successfully to an input element.
2025-04-17 13:22:31 [main] INFO  l.i.u.p.SubmittedApplicationsPage - File uploaded successfully to an input element.
2025-04-17 13:22:31 [main] INFO  l.i.u.p.SubmittedApplicationsPage - File uploaded successfully to an input element.
2025-04-17 13:22:31 [main] INFO  l.i.u.p.SubmittedApplicationsPage - File uploaded successfully to an input element.
2025-04-17 13:22:31 [main] INFO  l.i.u.p.SubmittedApplicationsPage - File uploaded successfully to an input element.
2025-04-17 13:22:31 [main] INFO  l.i.u.p.SubmittedApplicationsPage - File uploaded successfully to an input element.
2025-04-17 13:22:31 [main] INFO  l.i.u.p.SubmittedApplicationsPage - File uploaded successfully to an input element.
2025-04-17 13:22:31 [main] DEBUG l.i.u.t.SubmittedApplicationsPageTest - Entered program name: 'Dokumentas 1'.
2025-04-17 13:22:31 [main] DEBUG l.i.u.t.SubmittedApplicationsPageTest - Entered program name: 'Dokumentas 2'.
2025-04-17 13:22:31 [main] DEBUG l.i.u.t.SubmittedApplicationsPageTest - Entered program name: 'Dokumentas 3'.
2025-04-17 13:22:31 [main] DEBUG l.i.u.t.SubmittedApplicationsPageTest - Entered program name: 'Dokumentas 4'.
2025-04-17 13:22:32 [main] DEBUG l.i.u.t.SubmittedApplicationsPageTest - Entered program name: 'Dokumentas 5'.
2025-04-17 13:22:32 [main] DEBUG l.i.u.t.SubmittedApplicationsPageTest - Entered program name: 'Dokumentas 6'.
2025-04-17 13:22:32 [main] DEBUG l.i.u.t.SubmittedApplicationsPageTest - Entered program name: 'Dokumentas 4'.
2025-04-17 13:22:32 [main] DEBUG l.i.u.t.SubmittedApplicationsPageTest - Entered program name: 'Dokumentas 8'.
2025-04-17 13:22:42 [main] DEBUG l.i.u.t.SubmittedApplicationsPageTest - Checked 'ConfirmationDocument'
2025-04-17 13:22:52 [main] DEBUG l.i.u.t.SubmittedApplicationsPageTest - Checked 'ConfirmationApplication'
2025-04-17 13:22:52 [main] DEBUG l.i.u.t.SubmittedApplicationsPageTest - Clicked 'Review' button after checkboxes.
2025-04-17 13:22:52 [main] DEBUG l.i.u.t.SubmittedApplicationsPageTest - Clicked 'SaveDraft' button after checkboxes.
2025-04-17 13:22:53 [main] DEBUG l.i.uztis.pages.ApplicationFormsPage - Verified success message: 'Ruošinys sėkmingai išsaugotas.'
2025-04-17 14:15:38 [main] INFO  lt.insoft.uztis.tests.UztisPageTest - Navigated to https://uztisdev.asseco.lt/home
2025-04-17 14:15:38 [main] INFO  l.i.u.tests.ApplicationFormsPageTest - Setup complete. ApplicationFormsPage initialized.
2025-04-17 14:15:38 [main] INFO  l.i.u.tests.ApplicationFormsPageTest - Starting test:'testCreateNewPvkApplication'
2025-04-17 14:15:39 [main] DEBUG l.i.u.tests.ApplicationFormsPageTest - User logged in with test credentials
2025-04-17 14:15:39 [main] DEBUG l.i.u.tests.ApplicationFormsPageTest - Opened 'Application Processing' menu.
2025-04-17 14:15:39 [main] DEBUG l.i.u.tests.ApplicationFormsPageTest - Clicked on 'Application Forms' menu.
2025-04-17 14:15:40 [main] DEBUG l.i.u.tests.ApplicationFormsPageTest - Clicked to create a new application form.
2025-04-17 14:15:40 [main] DEBUG l.i.u.tests.ApplicationFormsPageTest - Entered random application code: TST-PVK-22
2025-04-17 14:15:40 [main] DEBUG l.i.u.tests.ApplicationFormsPageTest - Selected 'Municipality' radio button.
2025-04-17 14:15:40 [main] INFO  l.i.uztis.pages.ApplicationFormsPage - Located the dropdown button.
2025-04-17 14:15:40 [main] INFO  l.i.uztis.pages.ApplicationFormsPage - Successfully selected the value: 'Kauno departamentas'
2025-04-17 14:15:51 [main] ERROR l.i.uztis.pages.ApplicationFormsPage - Failed to close the dropdown with aria-expanded = 'false'.
2025-04-17 14:15:51 [main] DEBUG l.i.u.tests.ApplicationFormsPageTest - Selected a value from the 'Municipality' dropdown: 'Kauno departamentas'
2025-04-17 14:15:51 [main] DEBUG l.i.u.tests.ApplicationFormsPageTest - Selected 'Budget by Municipality' option.
2025-04-17 14:15:51 [main] DEBUG l.i.u.tests.ApplicationFormsPageTest - Selected 'Financed By Queue' radio button.
2025-04-17 14:15:51 [main] DEBUG l.i.u.tests.ApplicationFormsPageTest - Clicked 'Add' button.
2025-04-17 14:15:51 [main] INFO  l.i.uztis.pages.ApplicationFormsPage - Located the dropdown button.
2025-04-17 14:15:52 [main] INFO  l.i.uztis.pages.ApplicationFormsPage - Successfully selected the value: 'PVK atitiktis URP'
2025-04-17 14:16:03 [main] ERROR l.i.uztis.pages.ApplicationFormsPage - Failed to close the dropdown with aria-expanded = 'false'.
2025-04-17 14:16:03 [main] DEBUG l.i.u.tests.ApplicationFormsPageTest - Selected a value from the 'EvaluationOne' dropdown: 'PVK atitiktis URP'
2025-04-17 14:16:03 [main] INFO  l.i.uztis.pages.ApplicationFormsPage - Located the dropdown button.
2025-04-17 14:16:03 [main] INFO  l.i.uztis.pages.ApplicationFormsPage - Successfully selected the value: 'PVK atitiktis kokybės kriterijams'
2025-04-17 14:16:14 [main] ERROR l.i.uztis.pages.ApplicationFormsPage - Failed to close the dropdown with aria-expanded = 'false'.
2025-04-17 14:16:14 [main] DEBUG l.i.u.tests.ApplicationFormsPageTest - Selected a value from the 'EvaluationTwon' dropdown: 'PVK atitiktis kokybės kriterijams'
2025-04-17 14:16:14 [main] INFO  l.i.uztis.pages.ApplicationFormsPage - Located the dropdown button.
2025-04-17 14:16:14 [main] INFO  l.i.uztis.pages.ApplicationFormsPage - Successfully selected the value: 'PVK gynimo vertinimo forma'
2025-04-17 14:16:25 [main] ERROR l.i.uztis.pages.ApplicationFormsPage - Failed to close the dropdown with aria-expanded = 'false'.
2025-04-17 14:16:25 [main] DEBUG l.i.u.tests.ApplicationFormsPageTest - Selected a value from the 'EvaluationThree' dropdown: 'PVK gynimo vertinimo forma'
2025-04-17 14:16:25 [main] DEBUG l.i.u.tests.ApplicationFormsPageTest - Clicked 'Plus' button.
2025-04-17 14:16:25 [main] DEBUG l.i.u.tests.ApplicationFormsPageTest - Clicked 'Add' button seven times.
2025-04-17 14:16:25 [main] INFO  l.i.uztis.pages.ApplicationFormsPage - Processing dropdown index: 0
2025-04-17 14:16:36 [main] ERROR l.i.uztis.pages.ApplicationFormsPage - Timeout while waiting for dropdown to close at index: 0 with aria-expanded = 'false'
2025-04-17 14:16:36 [main] INFO  l.i.uztis.pages.ApplicationFormsPage - Processing dropdown index: 1
2025-04-17 14:16:47 [main] ERROR l.i.uztis.pages.ApplicationFormsPage - Timeout while waiting for dropdown to close at index: 1 with aria-expanded = 'false'
2025-04-17 14:16:47 [main] INFO  l.i.uztis.pages.ApplicationFormsPage - Processing dropdown index: 2
2025-04-17 14:16:57 [main] ERROR l.i.uztis.pages.ApplicationFormsPage - Timeout while waiting for dropdown to close at index: 2 with aria-expanded = 'false'
2025-04-17 14:16:57 [main] INFO  l.i.uztis.pages.ApplicationFormsPage - Processing dropdown index: 3
2025-04-17 14:17:08 [main] ERROR l.i.uztis.pages.ApplicationFormsPage - Timeout while waiting for dropdown to close at index: 3 with aria-expanded = 'false'
2025-04-17 14:17:08 [main] INFO  l.i.uztis.pages.ApplicationFormsPage - Processing dropdown index: 4
2025-04-17 14:17:19 [main] ERROR l.i.uztis.pages.ApplicationFormsPage - Timeout while waiting for dropdown to close at index: 4 with aria-expanded = 'false'
2025-04-17 14:17:19 [main] INFO  l.i.uztis.pages.ApplicationFormsPage - Processing dropdown index: 5
2025-04-17 14:17:30 [main] ERROR l.i.uztis.pages.ApplicationFormsPage - Timeout while waiting for dropdown to close at index: 5 with aria-expanded = 'false'
2025-04-17 14:17:30 [main] INFO  l.i.uztis.pages.ApplicationFormsPage - Processing dropdown index: 6
2025-04-17 14:17:41 [main] ERROR l.i.uztis.pages.ApplicationFormsPage - Timeout while waiting for dropdown to close at index: 6 with aria-expanded = 'false'
2025-04-17 14:17:41 [main] INFO  l.i.uztis.pages.ApplicationFormsPage - Processing dropdown index: 7
2025-04-17 14:17:51 [main] ERROR l.i.uztis.pages.ApplicationFormsPage - Timeout while waiting for dropdown to close at index: 7 with aria-expanded = 'false'
2025-04-17 14:17:51 [main] INFO  l.i.uztis.pages.ApplicationFormsPage - Processing input field index: 0
2025-04-17 14:17:51 [main] INFO  l.i.uztis.pages.ApplicationFormsPage - Entered value '50' into field index: 0
2025-04-17 14:17:51 [main] INFO  l.i.uztis.pages.ApplicationFormsPage - Processing input field index: 1
2025-04-17 14:17:51 [main] INFO  l.i.uztis.pages.ApplicationFormsPage - Entered value '924' into field index: 1
2025-04-17 14:17:51 [main] INFO  l.i.uztis.pages.ApplicationFormsPage - Processing input field index: 2
2025-04-17 14:17:51 [main] INFO  l.i.uztis.pages.ApplicationFormsPage - Entered value '31' into field index: 2
2025-04-17 14:17:51 [main] INFO  l.i.uztis.pages.ApplicationFormsPage - Processing input field index: 3
2025-04-17 14:17:51 [main] INFO  l.i.uztis.pages.ApplicationFormsPage - Entered value '4.7' into field index: 3
2025-04-17 14:17:51 [main] INFO  l.i.uztis.pages.ApplicationFormsPage - Processing input field index: 4
2025-04-17 14:17:52 [main] INFO  l.i.uztis.pages.ApplicationFormsPage - Entered value '35' into field index: 4
2025-04-17 14:17:52 [main] INFO  l.i.uztis.pages.ApplicationFormsPage - Processing input field index: 5
2025-04-17 14:17:52 [main] INFO  l.i.uztis.pages.ApplicationFormsPage - Entered value '20' into field index: 5
2025-04-17 14:17:52 [main] INFO  l.i.uztis.pages.ApplicationFormsPage - Processing input field index: 6
2025-04-17 14:17:52 [main] INFO  l.i.uztis.pages.ApplicationFormsPage - Entered value '30' into field index: 6
2025-04-17 14:17:52 [main] INFO  l.i.uztis.pages.ApplicationFormsPage - Processing input field index: 7
2025-04-17 14:17:52 [main] INFO  l.i.uztis.pages.ApplicationFormsPage - Entered value '60' into field index: 7
2025-04-17 14:17:52 [main] DEBUG l.i.u.tests.ApplicationFormsPageTest - Entered additional values and text.
2025-04-17 14:17:52 [main] DEBUG l.i.u.tests.ApplicationFormsPageTest - Entered application name: PVK paraiška
2025-04-17 14:17:52 [main] DEBUG l.i.u.tests.ApplicationFormsPageTest - Clicked the 'Save' button.
2025-04-17 14:17:52 [main] DEBUG l.i.uztis.pages.ApplicationFormsPage - Verified success message: 'Duomenys sėkmingai išsaugoti.'
2025-04-17 14:17:52 [main] INFO  l.i.u.tests.ApplicationFormsPageTest - Verified success message
2025-04-17 14:17:52 [main] INFO  l.i.u.tests.ApplicationFormsPageTest - Verified that the 'Save Form' button is displayed.
2025-04-17 14:17:52 [main] INFO  l.i.u.tests.ApplicationFormsPageTest - Test 'testCreateNewPvkApplication' completed successfully.
2025-04-17 14:19:08 [main] INFO  lt.insoft.uztis.tests.UztisPageTest - Navigated to https://uztisdev.asseco.lt/home
2025-04-17 14:19:08 [main] INFO  l.i.u.tests.ApplicationFormsPageTest - Setup complete. ApplicationFormsPage initialized.
2025-04-17 14:19:09 [main] INFO  l.i.u.tests.ApplicationFormsPageTest - Starting test:'testAddContractPVK'
2025-04-17 14:19:09 [main] DEBUG l.i.u.tests.ApplicationFormsPageTest - User logged in with test credentials
2025-04-17 14:19:09 [main] DEBUG l.i.u.tests.ApplicationFormsPageTest - Opened 'Application Processing' menu.
2025-04-17 14:19:10 [main] DEBUG l.i.u.tests.ApplicationFormsPageTest - Clicked on 'Application Forms' menu.
2025-04-17 14:19:10 [main] DEBUG l.i.u.tests.ApplicationFormsPageTest - Selected the last application description.
2025-04-17 14:19:10 [main] DEBUG l.i.u.tests.ApplicationFormsPageTest - Clicked 'Project Progress' tab.
2025-04-17 14:19:11 [main] DEBUG l.i.u.tests.ApplicationFormsPageTest - Clicked the 'Edit' button.
2025-04-17 14:19:11 [main] INFO  l.i.uztis.pages.ApplicationFormsPage - Located the dropdown button.
2025-04-17 14:19:15 [main] INFO  l.i.uztis.pages.ApplicationFormsPage - Successfully selected the value: 'Paramos verslui kurti sutartis'
2025-04-17 14:19:25 [main] ERROR l.i.uztis.pages.ApplicationFormsPage - Failed to close the dropdown with aria-expanded = 'false'.
2025-04-17 14:19:25 [main] DEBUG l.i.u.tests.ApplicationFormsPageTest - Selected a value from the 'Document' dropdown: 'Paramos verslui kurti sutartis'
2025-04-17 14:19:25 [main] DEBUG l.i.u.tests.ApplicationFormsPageTest - Clicked the 'Save' button.
2025-04-17 14:19:26 [main] ERROR l.i.uztis.pages.ApplicationFormsPage - Failed to verify the success message: 'Funkcija sėkmingai atlikta.'. Available messages: [Duomenys sėkmingai išsaugoti.]
2025-04-17 14:19:26 [main] INFO  l.i.u.tests.ApplicationFormsPageTest - Verified success message
2025-04-17 14:19:26 [main] INFO  l.i.u.tests.ApplicationFormsPageTest - Test 'testAddContractPVK' completed successfully.
2025-04-17 14:20:01 [main] INFO  lt.insoft.uztis.tests.UztisPageTest - Navigated to https://uztisdev.asseco.lt/home
2025-04-17 14:20:01 [main] INFO  l.i.uztis.tests.InvitationsPageTest - Starting test:'testCreateNewPvkInvitation'
2025-04-17 14:20:02 [main] DEBUG l.i.uztis.tests.InvitationsPageTest - User logged in with test credentials
2025-04-17 14:20:02 [main] DEBUG l.i.uztis.tests.InvitationsPageTest - Opened 'Application Processing' menu.
2025-04-17 14:20:02 [main] DEBUG l.i.uztis.tests.InvitationsPageTest - Clicked on 'Application Forms' menu.
2025-04-17 14:20:02 [main] DEBUG l.i.uztis.tests.InvitationsPageTest - Navigating to application forms menu.
2025-04-17 14:20:03 [main] DEBUG l.i.uztis.tests.InvitationsPageTest - Retrieved last description code text: 'TST-PVK-22'.
2025-04-17 14:20:03 [main] DEBUG l.i.uztis.tests.InvitationsPageTest - Clicked on 'Invitation' menu.
2025-04-17 14:20:03 [main] DEBUG l.i.uztis.tests.InvitationsPageTest - Clicked 'Create New Application Form'.
2025-04-17 14:20:04 [main] DEBUG l.i.uztis.tests.InvitationsPageTest - Selected section by code: 'TST-PVK-22'.
2025-04-17 14:20:04 [main] INFO  l.insoft.uztis.pages.InvitationsPage - Located the dropdown button.
2025-04-17 14:20:15 [main] ERROR l.insoft.uztis.pages.InvitationsPage - Timeout while waiting for dropdown to close with aria-expanded = 'false'.
2025-04-17 14:20:15 [main] DEBUG l.i.uztis.tests.InvitationsPageTest - Selected invitation number from the list.
2025-04-17 14:20:16 [main] DEBUG l.i.uztis.tests.InvitationsPageTest - Entered current date.
2025-04-17 14:20:16 [main] DEBUG l.i.uztis.tests.InvitationsPageTest - Entered start time: 00:00.
2025-04-17 14:20:16 [main] DEBUG l.i.uztis.tests.InvitationsPageTest - Entered end date.
2025-04-17 14:20:17 [main] DEBUG l.i.uztis.tests.InvitationsPageTest - Entered end time: 11:11.
2025-04-17 14:20:17 [main] DEBUG l.i.uztis.tests.InvitationsPageTest - Entered publication end date.
2025-04-17 14:20:17 [main] DEBUG l.i.uztis.tests.InvitationsPageTest - Added additional values.
2025-04-17 14:20:17 [main] INFO  l.insoft.uztis.pages.InvitationsPage - Located the dropdown button.
2025-04-17 14:20:18 [main] DEBUG l.i.uztis.tests.InvitationsPageTest - Selected the value: 'Didžiausia galima paramos suma aplinkos darbo vietai, Eur'
2025-04-17 14:20:18 [main] INFO  l.insoft.uztis.pages.InvitationsPage - Located the dropdown button.
2025-04-17 14:20:19 [main] DEBUG l.i.uztis.tests.InvitationsPageTest - Selected the value: 'Didžiausia galima paramos suma, Eur'
2025-04-17 14:20:19 [main] INFO  l.insoft.uztis.pages.InvitationsPage - Located the dropdown button.
2025-04-17 14:20:20 [main] DEBUG l.i.uztis.tests.InvitationsPageTest - Selected the value: 'Didžiausia galima paramos suma vienai darbo vietai, Eur'
2025-04-17 14:20:20 [main] DEBUG l.i.uztis.tests.InvitationsPageTest - Entered value: 11000
2025-04-17 14:20:20 [main] DEBUG l.i.uztis.tests.InvitationsPageTest - Entered value: 12000
2025-04-17 14:20:20 [main] DEBUG l.i.uztis.tests.InvitationsPageTest - Entered value: 13000
2025-04-17 14:20:20 [main] DEBUG l.i.uztis.tests.InvitationsPageTest - Checked 'Legal Entities' checkbox.
2025-04-17 14:20:20 [main] DEBUG l.i.uztis.tests.InvitationsPageTest - Unchecked 'Persons Registered with Employment Service' checkbox.
2025-04-17 14:20:20 [main] DEBUG l.i.uztis.tests.InvitationsPageTest - Checked 'Persons Registered as Employers' checkbox.
2025-04-17 14:20:21 [main] DEBUG l.i.uztis.tests.InvitationsPageTest - Entered second evaluation grade: '5'.
2025-04-17 14:20:21 [main] DEBUG l.i.uztis.tests.InvitationsPageTest - Entered third evaluation grade: '6'.
2025-04-17 14:20:21 [main] DEBUG l.i.uztis.tests.InvitationsPageTest - Entered second evaluation grade weight: '0,45'.
2025-04-17 14:20:21 [main] DEBUG l.i.uztis.tests.InvitationsPageTest - Entered third evaluation grade weight: '0,55'.
2025-04-17 14:20:21 [main] DEBUG l.i.uztis.tests.InvitationsPageTest - Entered budget: '2000'.
2025-04-17 14:20:21 [main] DEBUG l.i.uztis.tests.InvitationsPageTest - Entered budget: '2000'.
2025-04-17 14:20:21 [main] DEBUG l.i.uztis.tests.InvitationsPageTest - Entered budget: '2000'.
2025-04-17 14:20:21 [main] DEBUG l.i.uztis.tests.InvitationsPageTest - Entered budget: '2000'.
2025-04-17 14:20:21 [main] DEBUG l.i.uztis.tests.InvitationsPageTest - Entered budget: '2000'.
2025-04-17 14:20:22 [main] DEBUG l.i.uztis.tests.InvitationsPageTest - Entered description text: 'Aprašo tekstas'.
2025-04-17 14:20:22 [main] DEBUG l.i.uztis.tests.InvitationsPageTest - Entered applicants text: 'Pareiškėjų tekstas'.
2025-04-17 14:20:22 [main] DEBUG l.i.uztis.tests.InvitationsPageTest - Entered expenditures text: 'Išlaidų tekstas'.
2025-04-17 14:20:22 [main] DEBUG l.i.uztis.tests.InvitationsPageTest - Entered legislation text: 'Teisės aktų tekstas'.
2025-04-17 14:20:22 [main] DEBUG l.i.uztis.tests.InvitationsPageTest - Entered education text: 'Mokymų tekstas'.
2025-04-17 14:20:22 [main] DEBUG l.i.uztis.tests.InvitationsPageTest - File uploaded.
2025-04-17 14:20:22 [main] DEBUG l.i.uztis.tests.InvitationsPageTest - Clicked 'Publish'.
2025-04-17 14:20:27 [main] DEBUG l.i.uztis.tests.InvitationsPageTest - Publication confirmed.
2025-04-17 14:20:28 [main] DEBUG l.i.uztis.pages.ApplicationFormsPage - Verified success message: 'Funkcija sėkmingai atlikta.'
2025-04-17 14:20:28 [main] INFO  l.i.uztis.tests.InvitationsPageTest - Verified success message
2025-04-17 14:20:28 [main] INFO  l.i.uztis.tests.InvitationsPageTest - Test 'testCreateNewPvkInvitation' completed successfully.
2025-04-17 14:20:55 [main] INFO  lt.insoft.uztis.tests.UztisPageTest - Navigated to https://uztisdev.asseco.lt/home
2025-04-17 14:20:55 [main] INFO  l.i.uztis.tests.InvitationsPageTest - Starting test:'testInsertVui_PvkStatisticInformation'
2025-04-17 14:20:56 [main] DEBUG l.i.uztis.tests.InvitationsPageTest - User logged in with test credentials
2025-04-17 14:20:56 [main] DEBUG l.i.uztis.tests.InvitationsPageTest - Opened 'Application Processing' menu.
2025-04-17 14:20:56 [main] DEBUG l.i.uztis.tests.InvitationsPageTest - Clicked on 'Application Forms' menu.
2025-04-17 14:20:56 [main] DEBUG l.i.uztis.tests.InvitationsPageTest - Navigating to invitation forms menu.
2025-04-17 14:20:57 [main] DEBUG l.i.uztis.tests.InvitationsPageTest - Retrieved last description code text: 'TST-PVK-22'.
2025-04-17 14:20:57 [main] DEBUG l.i.uztis.tests.InvitationsPageTest - Clicked on 'Invitation' menu.
2025-04-17 14:20:58 [main] DEBUG l.i.uztis.tests.InvitationsPageTest - Selected section by code: 'TST-PVK-22'.
2025-04-17 14:20:58 [main] DEBUG l.i.uztis.tests.InvitationsPageTest - Clicked 'Search'.
2025-04-17 14:20:58 [main] DEBUG l.i.uztis.tests.InvitationsPageTest - Getting and inserting application code text.
2025-04-17 14:20:59 [main] DEBUG l.i.uztis.tests.InvitationsPageTest - Clicked 'Publishing'.
2025-04-17 14:20:59 [main] DEBUG l.i.uztis.tests.InvitationsPageTest - Clicked 'Statistic Information' tab.
2025-04-17 14:21:00 [main] DEBUG l.i.uztis.tests.InvitationsPageTest - Clicked 'Edit' button.
2025-04-17 14:21:00 [main] DEBUG l.i.uztis.tests.InvitationsPageTest - Entered current date.
2025-04-17 14:21:00 [main] DEBUG l.i.uztis.tests.InvitationsPageTest - Entered value: 8.7
2025-04-17 14:21:00 [main] DEBUG l.i.uztis.tests.InvitationsPageTest - Entered average salary: 2237.9
2025-04-17 14:21:00 [main] DEBUG l.i.uztis.tests.InvitationsPageTest - File uploaded.
2025-04-17 14:21:00 [main] DEBUG l.i.uztis.tests.InvitationsPageTest - Clicked 'Save' button.
2025-04-17 14:21:01 [main] DEBUG l.i.uztis.pages.ApplicationFormsPage - Verified success message: 'Funkcija sėkmingai atlikta.'
2025-04-17 14:21:01 [main] INFO  l.i.uztis.tests.InvitationsPageTest - Verified success message
2025-04-17 14:21:01 [main] INFO  l.i.uztis.tests.InvitationsPageTest - Test 'testInsertVui_PvkStatisticInformation' completed successfully.
2025-04-17 15:01:52 [main] INFO  lt.insoft.uztis.tests.UztisPageTest - Navigated to https://uztisdev.asseco.lt/home
2025-04-17 15:01:52 [main] INFO  l.i.u.tests.ApplicationFormsPageTest - Setup complete. ApplicationFormsPage initialized.
2025-04-17 15:01:52 [main] INFO  l.i.u.tests.ApplicationFormsPageTest - Starting test:'testCreateNewPvkApplication'
2025-04-17 15:01:52 [main] DEBUG l.i.u.tests.ApplicationFormsPageTest - User logged in with test credentials
2025-04-17 15:01:52 [main] DEBUG l.i.u.tests.ApplicationFormsPageTest - Opened 'Application Processing' menu.
2025-04-17 15:01:53 [main] DEBUG l.i.u.tests.ApplicationFormsPageTest - Clicked on 'Application Forms' menu.
2025-04-17 15:01:53 [main] DEBUG l.i.u.tests.ApplicationFormsPageTest - Clicked to create a new application form.
2025-04-17 15:01:53 [main] DEBUG l.i.u.tests.ApplicationFormsPageTest - Entered random application code: TST-PVK-41
2025-04-17 15:01:53 [main] DEBUG l.i.u.tests.ApplicationFormsPageTest - Selected 'Municipality' radio button.
2025-04-17 15:01:53 [main] INFO  l.i.uztis.pages.ApplicationFormsPage - Located the dropdown button.
2025-04-17 15:01:54 [main] INFO  l.i.uztis.pages.ApplicationFormsPage - Successfully selected the value: 'Kauno departamentas'
2025-04-17 15:02:04 [main] ERROR l.i.uztis.pages.ApplicationFormsPage - Failed to close the dropdown with aria-expanded = 'false'.
2025-04-17 15:02:04 [main] DEBUG l.i.u.tests.ApplicationFormsPageTest - Selected a value from the 'Municipality' dropdown: 'Kauno departamentas'
2025-04-17 15:02:04 [main] DEBUG l.i.u.tests.ApplicationFormsPageTest - Selected 'Budget by Municipality' option.
2025-04-17 15:02:04 [main] DEBUG l.i.u.tests.ApplicationFormsPageTest - Selected 'Financed By Queue' radio button.
2025-04-17 15:02:05 [main] DEBUG l.i.u.tests.ApplicationFormsPageTest - Clicked 'Add' button.
2025-04-17 15:02:05 [main] INFO  l.i.uztis.pages.ApplicationFormsPage - Located the dropdown button.
2025-04-17 15:02:05 [main] INFO  l.i.uztis.pages.ApplicationFormsPage - Successfully selected the value: 'PVK atitiktis URP'
2025-04-17 15:02:16 [main] ERROR l.i.uztis.pages.ApplicationFormsPage - Failed to close the dropdown with aria-expanded = 'false'.
2025-04-17 15:02:16 [main] DEBUG l.i.u.tests.ApplicationFormsPageTest - Selected a value from the 'EvaluationOne' dropdown: 'PVK atitiktis URP'
2025-04-17 15:02:16 [main] INFO  l.i.uztis.pages.ApplicationFormsPage - Located the dropdown button.
2025-04-17 15:02:16 [main] INFO  l.i.uztis.pages.ApplicationFormsPage - Successfully selected the value: 'PVK atitiktis kokybės kriterijams'
2025-04-17 15:02:26 [main] ERROR l.i.uztis.pages.ApplicationFormsPage - Failed to close the dropdown with aria-expanded = 'false'.
2025-04-17 15:02:26 [main] DEBUG l.i.u.tests.ApplicationFormsPageTest - Selected a value from the 'EvaluationTwon' dropdown: 'PVK atitiktis kokybės kriterijams'
2025-04-17 15:02:26 [main] INFO  l.i.uztis.pages.ApplicationFormsPage - Located the dropdown button.
2025-04-17 15:02:27 [main] INFO  l.i.uztis.pages.ApplicationFormsPage - Successfully selected the value: 'PVK gynimo vertinimo forma'
2025-04-17 15:02:37 [main] ERROR l.i.uztis.pages.ApplicationFormsPage - Failed to close the dropdown with aria-expanded = 'false'.
2025-04-17 15:02:37 [main] DEBUG l.i.u.tests.ApplicationFormsPageTest - Selected a value from the 'EvaluationThree' dropdown: 'PVK gynimo vertinimo forma'
2025-04-17 15:02:37 [main] DEBUG l.i.u.tests.ApplicationFormsPageTest - Clicked 'Plus' button.
2025-04-17 15:02:38 [main] DEBUG l.i.u.tests.ApplicationFormsPageTest - Clicked 'Add' button seven times.
2025-04-17 15:02:38 [main] INFO  l.i.uztis.pages.ApplicationFormsPage - Processing dropdown index: 0
2025-04-17 15:02:48 [main] ERROR l.i.uztis.pages.ApplicationFormsPage - Timeout while waiting for dropdown to close at index: 0 with aria-expanded = 'false'
2025-04-17 15:02:48 [main] INFO  l.i.uztis.pages.ApplicationFormsPage - Processing dropdown index: 1
2025-04-17 15:02:59 [main] ERROR l.i.uztis.pages.ApplicationFormsPage - Timeout while waiting for dropdown to close at index: 1 with aria-expanded = 'false'
2025-04-17 15:02:59 [main] INFO  l.i.uztis.pages.ApplicationFormsPage - Processing dropdown index: 2
2025-04-17 15:03:09 [main] ERROR l.i.uztis.pages.ApplicationFormsPage - Timeout while waiting for dropdown to close at index: 2 with aria-expanded = 'false'
2025-04-17 15:03:09 [main] INFO  l.i.uztis.pages.ApplicationFormsPage - Processing dropdown index: 3
2025-04-17 15:03:20 [main] ERROR l.i.uztis.pages.ApplicationFormsPage - Timeout while waiting for dropdown to close at index: 3 with aria-expanded = 'false'
2025-04-17 15:03:20 [main] INFO  l.i.uztis.pages.ApplicationFormsPage - Processing dropdown index: 4
2025-04-17 15:03:31 [main] ERROR l.i.uztis.pages.ApplicationFormsPage - Timeout while waiting for dropdown to close at index: 4 with aria-expanded = 'false'
2025-04-17 15:03:31 [main] INFO  l.i.uztis.pages.ApplicationFormsPage - Processing dropdown index: 5
2025-04-17 15:03:42 [main] ERROR l.i.uztis.pages.ApplicationFormsPage - Timeout while waiting for dropdown to close at index: 5 with aria-expanded = 'false'
2025-04-17 15:03:42 [main] INFO  l.i.uztis.pages.ApplicationFormsPage - Processing dropdown index: 6
2025-04-17 15:03:53 [main] ERROR l.i.uztis.pages.ApplicationFormsPage - Timeout while waiting for dropdown to close at index: 6 with aria-expanded = 'false'
2025-04-17 15:03:53 [main] INFO  l.i.uztis.pages.ApplicationFormsPage - Processing dropdown index: 7
2025-04-17 15:04:03 [main] ERROR l.i.uztis.pages.ApplicationFormsPage - Timeout while waiting for dropdown to close at index: 7 with aria-expanded = 'false'
2025-04-17 15:04:03 [main] INFO  l.i.uztis.pages.ApplicationFormsPage - Processing input field index: 0
2025-04-17 15:04:04 [main] INFO  l.i.uztis.pages.ApplicationFormsPage - Entered value '50' into field index: 0
2025-04-17 15:04:04 [main] INFO  l.i.uztis.pages.ApplicationFormsPage - Processing input field index: 1
2025-04-17 15:04:04 [main] INFO  l.i.uztis.pages.ApplicationFormsPage - Entered value '924' into field index: 1
2025-04-17 15:04:04 [main] INFO  l.i.uztis.pages.ApplicationFormsPage - Processing input field index: 2
2025-04-17 15:04:04 [main] INFO  l.i.uztis.pages.ApplicationFormsPage - Entered value '31' into field index: 2
2025-04-17 15:04:04 [main] INFO  l.i.uztis.pages.ApplicationFormsPage - Processing input field index: 3
2025-04-17 15:04:04 [main] INFO  l.i.uztis.pages.ApplicationFormsPage - Entered value '4.7' into field index: 3
2025-04-17 15:04:04 [main] INFO  l.i.uztis.pages.ApplicationFormsPage - Processing input field index: 4
2025-04-17 15:04:04 [main] INFO  l.i.uztis.pages.ApplicationFormsPage - Entered value '35' into field index: 4
2025-04-17 15:04:04 [main] INFO  l.i.uztis.pages.ApplicationFormsPage - Processing input field index: 5
2025-04-17 15:04:04 [main] INFO  l.i.uztis.pages.ApplicationFormsPage - Entered value '20' into field index: 5
2025-04-17 15:04:04 [main] INFO  l.i.uztis.pages.ApplicationFormsPage - Processing input field index: 6
2025-04-17 15:04:04 [main] INFO  l.i.uztis.pages.ApplicationFormsPage - Entered value '30' into field index: 6
2025-04-17 15:04:04 [main] INFO  l.i.uztis.pages.ApplicationFormsPage - Processing input field index: 7
2025-04-17 15:04:04 [main] INFO  l.i.uztis.pages.ApplicationFormsPage - Entered value '60' into field index: 7
2025-04-17 15:04:04 [main] DEBUG l.i.u.tests.ApplicationFormsPageTest - Entered additional values and text.
2025-04-17 15:04:05 [main] DEBUG l.i.u.tests.ApplicationFormsPageTest - Entered application name: PVK paraiška
2025-04-17 15:04:05 [main] DEBUG l.i.u.tests.ApplicationFormsPageTest - Clicked the 'Save' button.
2025-04-17 15:04:05 [main] DEBUG l.i.uztis.pages.ApplicationFormsPage - Verified success message: 'Duomenys sėkmingai išsaugoti.'
2025-04-17 15:04:05 [main] INFO  l.i.u.tests.ApplicationFormsPageTest - Verified success message
2025-04-17 15:04:05 [main] INFO  l.i.u.tests.ApplicationFormsPageTest - Verified that the 'Save Form' button is displayed.
2025-04-17 15:04:05 [main] INFO  l.i.u.tests.ApplicationFormsPageTest - Test 'testCreateNewPvkApplication' completed successfully.
2025-04-17 15:04:55 [main] INFO  lt.insoft.uztis.tests.UztisPageTest - Navigated to https://uztisdev.asseco.lt/home
2025-04-17 15:04:55 [main] INFO  l.i.u.tests.ApplicationFormsPageTest - Setup complete. ApplicationFormsPage initialized.
2025-04-17 15:04:55 [main] INFO  l.i.u.tests.ApplicationFormsPageTest - Starting test:'testAddContractPVK'
2025-04-17 15:04:55 [main] DEBUG l.i.u.tests.ApplicationFormsPageTest - User logged in with test credentials
2025-04-17 15:04:56 [main] DEBUG l.i.u.tests.ApplicationFormsPageTest - Opened 'Application Processing' menu.
2025-04-17 15:04:56 [main] DEBUG l.i.u.tests.ApplicationFormsPageTest - Clicked on 'Application Forms' menu.
2025-04-17 15:04:56 [main] DEBUG l.i.u.tests.ApplicationFormsPageTest - Selected the last application description.
2025-04-17 15:04:57 [main] DEBUG l.i.u.tests.ApplicationFormsPageTest - Clicked 'Project Progress' tab.
2025-04-17 15:04:57 [main] DEBUG l.i.u.tests.ApplicationFormsPageTest - Clicked the 'Edit' button.
2025-04-17 15:04:57 [main] INFO  l.i.uztis.pages.ApplicationFormsPage - Located the dropdown button.
2025-04-17 15:05:00 [main] INFO  l.i.uztis.pages.ApplicationFormsPage - Successfully selected the value: 'Paramos verslui kurti sutartis'
2025-04-17 15:05:10 [main] ERROR l.i.uztis.pages.ApplicationFormsPage - Failed to close the dropdown with aria-expanded = 'false'.
2025-04-17 15:05:10 [main] DEBUG l.i.u.tests.ApplicationFormsPageTest - Selected a value from the 'Document' dropdown: 'Paramos verslui kurti sutartis'
2025-04-17 15:05:11 [main] DEBUG l.i.u.tests.ApplicationFormsPageTest - Clicked the 'Save' button.
2025-04-17 15:05:11 [main] ERROR l.i.uztis.pages.ApplicationFormsPage - Failed to verify the success message: 'Funkcija sėkmingai atlikta.'. Available messages: [Duomenys sėkmingai išsaugoti.]
2025-04-17 15:05:11 [main] INFO  l.i.u.tests.ApplicationFormsPageTest - Verified success message
2025-04-17 15:05:11 [main] INFO  l.i.u.tests.ApplicationFormsPageTest - Test 'testAddContractPVK' completed successfully.
2025-04-17 15:05:48 [main] INFO  lt.insoft.uztis.tests.UztisPageTest - Navigated to https://uztisdev.asseco.lt/home
2025-04-17 15:05:48 [main] INFO  l.i.uztis.tests.InvitationsPageTest - Starting test:'testCreateNewPvkInvitation'
2025-04-17 15:05:49 [main] DEBUG l.i.uztis.tests.InvitationsPageTest - User logged in with test credentials
2025-04-17 15:05:49 [main] DEBUG l.i.uztis.tests.InvitationsPageTest - Opened 'Application Processing' menu.
2025-04-17 15:05:49 [main] DEBUG l.i.uztis.tests.InvitationsPageTest - Clicked on 'Application Forms' menu.
2025-04-17 15:05:49 [main] DEBUG l.i.uztis.tests.InvitationsPageTest - Navigating to application forms menu.
2025-04-17 15:05:50 [main] DEBUG l.i.uztis.tests.InvitationsPageTest - Retrieved last description code text: 'TST-PVK-41'.
2025-04-17 15:05:50 [main] DEBUG l.i.uztis.tests.InvitationsPageTest - Clicked on 'Invitation' menu.
2025-04-17 15:05:50 [main] DEBUG l.i.uztis.tests.InvitationsPageTest - Clicked 'Create New Application Form'.
2025-04-17 15:05:51 [main] DEBUG l.i.uztis.tests.InvitationsPageTest - Selected section by code: 'TST-PVK-41'.
2025-04-17 15:05:51 [main] INFO  l.insoft.uztis.pages.InvitationsPage - Located the dropdown button.
2025-04-17 15:06:03 [main] ERROR l.insoft.uztis.pages.InvitationsPage - Timeout while waiting for dropdown to close with aria-expanded = 'false'.
2025-04-17 15:06:03 [main] DEBUG l.i.uztis.tests.InvitationsPageTest - Selected invitation number from the list.
2025-04-17 15:06:03 [main] DEBUG l.i.uztis.tests.InvitationsPageTest - Entered current date.
2025-04-17 15:06:03 [main] DEBUG l.i.uztis.tests.InvitationsPageTest - Entered start time: 00:00.
2025-04-17 15:06:04 [main] DEBUG l.i.uztis.tests.InvitationsPageTest - Entered end date.
2025-04-17 15:06:04 [main] DEBUG l.i.uztis.tests.InvitationsPageTest - Entered end time: 11:11.
2025-04-17 15:06:04 [main] DEBUG l.i.uztis.tests.InvitationsPageTest - Entered publication end date.
2025-04-17 15:06:05 [main] DEBUG l.i.uztis.tests.InvitationsPageTest - Added additional values.
2025-04-17 15:06:05 [main] INFO  l.insoft.uztis.pages.InvitationsPage - Located the dropdown button.
2025-04-17 15:06:05 [main] DEBUG l.i.uztis.tests.InvitationsPageTest - Selected the value: 'Didžiausia galima paramos suma aplinkos darbo vietai, Eur'
2025-04-17 15:06:05 [main] INFO  l.insoft.uztis.pages.InvitationsPage - Located the dropdown button.
2025-04-17 15:06:05 [main] DEBUG l.i.uztis.tests.InvitationsPageTest - Selected the value: 'Didžiausia galima paramos suma, Eur'
2025-04-17 15:06:05 [main] INFO  l.insoft.uztis.pages.InvitationsPage - Located the dropdown button.
2025-04-17 15:06:06 [main] DEBUG l.i.uztis.tests.InvitationsPageTest - Selected the value: 'Didžiausia galima paramos suma vienai darbo vietai, Eur'
2025-04-17 15:06:06 [main] DEBUG l.i.uztis.tests.InvitationsPageTest - Entered value: 11000
2025-04-17 15:06:06 [main] DEBUG l.i.uztis.tests.InvitationsPageTest - Entered value: 12000
2025-04-17 15:06:06 [main] DEBUG l.i.uztis.tests.InvitationsPageTest - Entered value: 13000
2025-04-17 15:06:06 [main] DEBUG l.i.uztis.tests.InvitationsPageTest - Checked 'Legal Entities' checkbox.
2025-04-17 15:06:06 [main] DEBUG l.i.uztis.tests.InvitationsPageTest - Unchecked 'Persons Registered with Employment Service' checkbox.
2025-04-17 15:06:07 [main] DEBUG l.i.uztis.tests.InvitationsPageTest - Checked 'Persons Registered as Employers' checkbox.
2025-04-17 15:06:07 [main] DEBUG l.i.uztis.tests.InvitationsPageTest - Entered second evaluation grade: '5'.
2025-04-17 15:06:07 [main] DEBUG l.i.uztis.tests.InvitationsPageTest - Entered third evaluation grade: '6'.
2025-04-17 15:06:07 [main] DEBUG l.i.uztis.tests.InvitationsPageTest - Entered second evaluation grade weight: '0,45'.
2025-04-17 15:06:07 [main] DEBUG l.i.uztis.tests.InvitationsPageTest - Entered third evaluation grade weight: '0,55'.
2025-04-17 15:06:07 [main] DEBUG l.i.uztis.tests.InvitationsPageTest - Entered budget: '2000'.
2025-04-17 15:06:07 [main] DEBUG l.i.uztis.tests.InvitationsPageTest - Entered budget: '2000'.
2025-04-17 15:06:07 [main] DEBUG l.i.uztis.tests.InvitationsPageTest - Entered budget: '2000'.
2025-04-17 15:06:07 [main] DEBUG l.i.uztis.tests.InvitationsPageTest - Entered budget: '2000'.
2025-04-17 15:06:07 [main] DEBUG l.i.uztis.tests.InvitationsPageTest - Entered budget: '2000'.
2025-04-17 15:06:08 [main] DEBUG l.i.uztis.tests.InvitationsPageTest - Entered description text: 'Aprašo tekstas'.
2025-04-17 15:06:08 [main] DEBUG l.i.uztis.tests.InvitationsPageTest - Entered applicants text: 'Pareiškėjų tekstas'.
2025-04-17 15:06:08 [main] DEBUG l.i.uztis.tests.InvitationsPageTest - Entered expenditures text: 'Išlaidų tekstas'.
2025-04-17 15:06:08 [main] DEBUG l.i.uztis.tests.InvitationsPageTest - Entered legislation text: 'Teisės aktų tekstas'.
2025-04-17 15:06:08 [main] DEBUG l.i.uztis.tests.InvitationsPageTest - Entered education text: 'Mokymų tekstas'.
2025-04-17 15:06:08 [main] DEBUG l.i.uztis.tests.InvitationsPageTest - File uploaded.
2025-04-17 15:06:08 [main] DEBUG l.i.uztis.tests.InvitationsPageTest - Clicked 'Publish'.
2025-04-17 15:06:14 [main] DEBUG l.i.uztis.tests.InvitationsPageTest - Publication confirmed.
2025-04-17 15:06:15 [main] DEBUG l.i.uztis.pages.ApplicationFormsPage - Verified success message: 'Funkcija sėkmingai atlikta.'
2025-04-17 15:06:15 [main] INFO  l.i.uztis.tests.InvitationsPageTest - Verified success message
2025-04-17 15:06:15 [main] INFO  l.i.uztis.tests.InvitationsPageTest - Test 'testCreateNewPvkInvitation' completed successfully.
2025-04-17 15:08:20 [main] INFO  lt.insoft.uztis.tests.UztisPageTest - Navigated to https://uztisdev.asseco.lt/home
2025-04-17 15:08:20 [main] INFO  l.i.uztis.tests.InvitationsPageTest - Starting test:'testInsertVui_PvkStatisticInformation'
2025-04-17 15:08:20 [main] DEBUG l.i.uztis.tests.InvitationsPageTest - User logged in with test credentials
2025-04-17 15:08:21 [main] DEBUG l.i.uztis.tests.InvitationsPageTest - Opened 'Application Processing' menu.
2025-04-17 15:08:21 [main] DEBUG l.i.uztis.tests.InvitationsPageTest - Clicked on 'Application Forms' menu.
2025-04-17 15:08:21 [main] DEBUG l.i.uztis.tests.InvitationsPageTest - Navigating to invitation forms menu.
2025-04-17 15:08:22 [main] DEBUG l.i.uztis.tests.InvitationsPageTest - Retrieved last description code text: 'TST-PVK-41'.
2025-04-17 15:08:22 [main] DEBUG l.i.uztis.tests.InvitationsPageTest - Clicked on 'Invitation' menu.
2025-04-17 15:08:23 [main] DEBUG l.i.uztis.tests.InvitationsPageTest - Selected section by code: 'TST-PVK-41'.
2025-04-17 15:08:23 [main] DEBUG l.i.uztis.tests.InvitationsPageTest - Clicked 'Search'.
2025-04-17 15:08:23 [main] DEBUG l.i.uztis.tests.InvitationsPageTest - Getting and inserting application code text.
2025-04-17 15:08:23 [main] DEBUG l.i.uztis.tests.InvitationsPageTest - Clicked 'Publishing'.
2025-04-17 15:08:24 [main] DEBUG l.i.uztis.tests.InvitationsPageTest - Clicked 'Statistic Information' tab.
2025-04-17 15:08:24 [main] DEBUG l.i.uztis.tests.InvitationsPageTest - Clicked 'Edit' button.
2025-04-17 15:08:24 [main] DEBUG l.i.uztis.tests.InvitationsPageTest - Entered current date.
2025-04-17 15:08:25 [main] DEBUG l.i.uztis.tests.InvitationsPageTest - Entered value: 8.7
2025-04-17 15:08:25 [main] DEBUG l.i.uztis.tests.InvitationsPageTest - Entered average salary: 2237.9
2025-04-17 15:08:25 [main] DEBUG l.i.uztis.tests.InvitationsPageTest - File uploaded.
2025-04-17 15:08:25 [main] DEBUG l.i.uztis.tests.InvitationsPageTest - Clicked 'Save' button.
2025-04-17 15:08:27 [main] DEBUG l.i.uztis.pages.ApplicationFormsPage - Verified success message: 'Funkcija sėkmingai atlikta.'
2025-04-17 15:08:27 [main] INFO  l.i.uztis.tests.InvitationsPageTest - Verified success message
2025-04-17 15:08:27 [main] INFO  l.i.uztis.tests.InvitationsPageTest - Test 'testInsertVui_PvkStatisticInformation' completed successfully.
2025-04-18 07:23:48 [main] INFO  lt.insoft.uztis.tests.UztisPageTest - Navigated to https://uztisdev.asseco.lt/home
2025-04-18 07:23:48 [main] INFO  l.i.u.tests.ApplicationFormsPageTest - Setup complete. ApplicationFormsPage initialized.
2025-04-18 07:23:48 [main] INFO  l.i.u.tests.ApplicationFormsPageTest - Starting test:'testCreateNewVuiApplication'
2025-04-18 07:23:49 [main] DEBUG l.i.u.tests.ApplicationFormsPageTest - User logged in with test credentials
2025-04-18 07:23:59 [main] ERROR l.i.u.tests.ApplicationFormsPageTest - Test 'testCreateNewVuiApplication' failed with error: no such element: Unable to locate element: {"method":"xpath","selector":"//span[text()='Daugiau']"}
  (Session info: chrome=135.0.7049.96)
For documentation on this error, please visit: https://www.selenium.dev/documentation/webdriver/troubleshooting/errors#no-such-element-exception
Build info: version: '4.27.0', revision: 'd6e718d134'
System info: os.name: 'Windows 11', os.arch: 'amd64', os.version: '10.0', java.version: '21.0.3'
Driver info: org.openqa.selenium.chrome.ChromeDriver
Command: [c4ea376f5e2b55e06f069b177a101b7e, findElement {using=xpath, value=//span[text()='Daugiau']}]
Capabilities {acceptInsecureCerts: false, browserName: chrome, browserVersion: 135.0.7049.96, chrome: {chromedriverVersion: 135.0.7049.95 (de2eb485a195..., userDataDir: C:\Users\INGRID~1.ZAD\AppDa...}, fedcm:accounts: true, goog:chromeOptions: {debuggerAddress: localhost:49568}, networkConnectionEnabled: false, pageLoadStrategy: normal, platformName: windows, proxy: Proxy(), se:cdp: ws://localhost:49568/devtoo..., se:cdpVersion: 135.0.7049.96, setWindowRect: true, strictFileInteractability: false, timeouts: {implicit: 0, pageLoad: 300000, script: 30000}, unhandledPromptBehavior: dismiss and notify, webauthn:extension:credBlob: true, webauthn:extension:largeBlob: true, webauthn:extension:minPinLength: true, webauthn:extension:prf: true, webauthn:virtualAuthenticators: true}
Session ID: c4ea376f5e2b55e06f069b177a101b7e
org.openqa.selenium.NoSuchElementException: no such element: Unable to locate element: {"method":"xpath","selector":"//span[text()='Daugiau']"}
  (Session info: chrome=135.0.7049.96)
For documentation on this error, please visit: https://www.selenium.dev/documentation/webdriver/troubleshooting/errors#no-such-element-exception
Build info: version: '4.27.0', revision: 'd6e718d134'
System info: os.name: 'Windows 11', os.arch: 'amd64', os.version: '10.0', java.version: '21.0.3'
Driver info: org.openqa.selenium.chrome.ChromeDriver
Command: [c4ea376f5e2b55e06f069b177a101b7e, findElement {using=xpath, value=//span[text()='Daugiau']}]
Capabilities {acceptInsecureCerts: false, browserName: chrome, browserVersion: 135.0.7049.96, chrome: {chromedriverVersion: 135.0.7049.95 (de2eb485a195..., userDataDir: C:\Users\INGRID~1.ZAD\AppDa...}, fedcm:accounts: true, goog:chromeOptions: {debuggerAddress: localhost:49568}, networkConnectionEnabled: false, pageLoadStrategy: normal, platformName: windows, proxy: Proxy(), se:cdp: ws://localhost:49568/devtoo..., se:cdpVersion: 135.0.7049.96, setWindowRect: true, strictFileInteractability: false, timeouts: {implicit: 0, pageLoad: 300000, script: 30000}, unhandledPromptBehavior: dismiss and notify, webauthn:extension:credBlob: true, webauthn:extension:largeBlob: true, webauthn:extension:minPinLength: true, webauthn:extension:prf: true, webauthn:virtualAuthenticators: true}
Session ID: c4ea376f5e2b55e06f069b177a101b7e
	at java.base/jdk.internal.reflect.DirectConstructorHandleAccessor.newInstance(DirectConstructorHandleAccessor.java:62)
	at java.base/java.lang.reflect.Constructor.newInstanceWithCaller(Constructor.java:502)
	at java.base/java.lang.reflect.Constructor.newInstance(Constructor.java:486)
	at org.openqa.selenium.remote.ErrorCodec.decode(ErrorCodec.java:167)
	at org.openqa.selenium.remote.codec.w3c.W3CHttpResponseCodec.decode(W3CHttpResponseCodec.java:138)
	at org.openqa.selenium.remote.codec.w3c.W3CHttpResponseCodec.decode(W3CHttpResponseCodec.java:50)
	at org.openqa.selenium.remote.HttpCommandExecutor.execute(HttpCommandExecutor.java:190)
	at org.openqa.selenium.remote.service.DriverCommandExecutor.invokeExecute(DriverCommandExecutor.java:216)
	at org.openqa.selenium.remote.service.DriverCommandExecutor.execute(DriverCommandExecutor.java:174)
	at org.openqa.selenium.remote.RemoteWebDriver.execute(RemoteWebDriver.java:545)
	at org.openqa.selenium.remote.ElementLocation$ElementFinder$2.findElement(ElementLocation.java:165)
	at org.openqa.selenium.remote.ElementLocation.findElement(ElementLocation.java:59)
	at org.openqa.selenium.remote.RemoteWebDriver.findElement(RemoteWebDriver.java:368)
	at org.openqa.selenium.remote.RemoteWebDriver.findElement(RemoteWebDriver.java:362)
	at org.openqa.selenium.support.pagefactory.DefaultElementLocator.findElement(DefaultElementLocator.java:68)
	at org.openqa.selenium.support.pagefactory.internal.LocatingElementHandler.invoke(LocatingElementHandler.java:38)
	at jdk.proxy2/jdk.proxy2.$Proxy14.click(Unknown Source)
	at lt.insoft.uztis.pages.ApplicationFormsPage.clickMenuMore(ApplicationFormsPage.java:234)
	at lt.insoft.uztis.tests.ApplicationFormsPageTest.navigateToApplicationFormsMenu(ApplicationFormsPageTest.java:21)
	at lt.insoft.uztis.tests.ApplicationFormsPageTest.testCreateNewVuiApplication(ApplicationFormsPageTest.java:95)
	at java.base/jdk.internal.reflect.DirectMethodHandleAccessor.invoke(DirectMethodHandleAccessor.java:103)
	at java.base/java.lang.reflect.Method.invoke(Method.java:580)
	at org.junit.platform.commons.util.ReflectionUtils.invokeMethod(ReflectionUtils.java:728)
	at org.junit.jupiter.engine.execution.MethodInvocation.proceed(MethodInvocation.java:60)
	at org.junit.jupiter.engine.execution.InvocationInterceptorChain$ValidatingInvocation.proceed(InvocationInterceptorChain.java:131)
	at org.junit.jupiter.engine.extension.TimeoutExtension.intercept(TimeoutExtension.java:156)
	at org.junit.jupiter.engine.extension.TimeoutExtension.interceptTestableMethod(TimeoutExtension.java:147)
	at org.junit.jupiter.engine.extension.TimeoutExtension.interceptTestMethod(TimeoutExtension.java:86)
	at org.junit.jupiter.engine.execution.InterceptingExecutableInvoker$ReflectiveInterceptorCall.lambda$ofVoidMethod$0(InterceptingExecutableInvoker.java:103)
	at org.junit.jupiter.engine.execution.InterceptingExecutableInvoker.lambda$invoke$0(InterceptingExecutableInvoker.java:93)
	at org.junit.jupiter.engine.execution.InvocationInterceptorChain$InterceptedInvocation.proceed(InvocationInterceptorChain.java:106)
	at org.junit.jupiter.engine.execution.InvocationInterceptorChain.proceed(InvocationInterceptorChain.java:64)
	at org.junit.jupiter.engine.execution.InvocationInterceptorChain.chainAndInvoke(InvocationInterceptorChain.java:45)
	at org.junit.jupiter.engine.execution.InvocationInterceptorChain.invoke(InvocationInterceptorChain.java:37)
	at org.junit.jupiter.engine.execution.InterceptingExecutableInvoker.invoke(InterceptingExecutableInvoker.java:92)
	at org.junit.jupiter.engine.execution.InterceptingExecutableInvoker.invoke(InterceptingExecutableInvoker.java:86)
	at org.junit.jupiter.engine.descriptor.TestMethodTestDescriptor.lambda$invokeTestMethod$7(TestMethodTestDescriptor.java:218)
	at org.junit.platform.engine.support.hierarchical.ThrowableCollector.execute(ThrowableCollector.java:73)
	at org.junit.jupiter.engine.descriptor.TestMethodTestDescriptor.invokeTestMethod(TestMethodTestDescriptor.java:214)
	at org.junit.jupiter.engine.descriptor.TestMethodTestDescriptor.execute(TestMethodTestDescriptor.java:139)
	at org.junit.jupiter.engine.descriptor.TestMethodTestDescriptor.execute(TestMethodTestDescriptor.java:69)
	at org.junit.platform.engine.support.hierarchical.NodeTestTask.lambda$executeRecursively$6(NodeTestTask.java:151)
	at org.junit.platform.engine.support.hierarchical.ThrowableCollector.execute(ThrowableCollector.java:73)
	at org.junit.platform.engine.support.hierarchical.NodeTestTask.lambda$executeRecursively$8(NodeTestTask.java:141)
	at org.junit.platform.engine.support.hierarchical.Node.around(Node.java:137)
	at org.junit.platform.engine.support.hierarchical.NodeTestTask.lambda$executeRecursively$9(NodeTestTask.java:139)
	at org.junit.platform.engine.support.hierarchical.ThrowableCollector.execute(ThrowableCollector.java:73)
	at org.junit.platform.engine.support.hierarchical.NodeTestTask.executeRecursively(NodeTestTask.java:138)
	at org.junit.platform.engine.support.hierarchical.NodeTestTask.execute(NodeTestTask.java:95)
	at java.base/java.util.ArrayList.forEach(ArrayList.java:1596)
	at org.junit.platform.engine.support.hierarchical.SameThreadHierarchicalTestExecutorService.invokeAll(SameThreadHierarchicalTestExecutorService.java:41)
	at org.junit.platform.engine.support.hierarchical.NodeTestTask.lambda$executeRecursively$6(NodeTestTask.java:155)
	at org.junit.platform.engine.support.hierarchical.ThrowableCollector.execute(ThrowableCollector.java:73)
	at org.junit.platform.engine.support.hierarchical.NodeTestTask.lambda$executeRecursively$8(NodeTestTask.java:141)
	at org.junit.platform.engine.support.hierarchical.Node.around(Node.java:137)
	at org.junit.platform.engine.support.hierarchical.NodeTestTask.lambda$executeRecursively$9(NodeTestTask.java:139)
	at org.junit.platform.engine.support.hierarchical.ThrowableCollector.execute(ThrowableCollector.java:73)
	at org.junit.platform.engine.support.hierarchical.NodeTestTask.executeRecursively(NodeTestTask.java:138)
	at org.junit.platform.engine.support.hierarchical.NodeTestTask.execute(NodeTestTask.java:95)
	at java.base/java.util.ArrayList.forEach(ArrayList.java:1596)
	at org.junit.platform.engine.support.hierarchical.SameThreadHierarchicalTestExecutorService.invokeAll(SameThreadHierarchicalTestExecutorService.java:41)
	at org.junit.platform.engine.support.hierarchical.NodeTestTask.lambda$executeRecursively$6(NodeTestTask.java:155)
	at org.junit.platform.engine.support.hierarchical.ThrowableCollector.execute(ThrowableCollector.java:73)
	at org.junit.platform.engine.support.hierarchical.NodeTestTask.lambda$executeRecursively$8(NodeTestTask.java:141)
	at org.junit.platform.engine.support.hierarchical.Node.around(Node.java:137)
	at org.junit.platform.engine.support.hierarchical.NodeTestTask.lambda$executeRecursively$9(NodeTestTask.java:139)
	at org.junit.platform.engine.support.hierarchical.ThrowableCollector.execute(ThrowableCollector.java:73)
	at org.junit.platform.engine.support.hierarchical.NodeTestTask.executeRecursively(NodeTestTask.java:138)
	at org.junit.platform.engine.support.hierarchical.NodeTestTask.execute(NodeTestTask.java:95)
	at org.junit.platform.engine.support.hierarchical.SameThreadHierarchicalTestExecutorService.submit(SameThreadHierarchicalTestExecutorService.java:35)
	at org.junit.platform.engine.support.hierarchical.HierarchicalTestExecutor.execute(HierarchicalTestExecutor.java:57)
	at org.junit.platform.engine.support.hierarchical.HierarchicalTestEngine.execute(HierarchicalTestEngine.java:54)
	at org.junit.platform.launcher.core.EngineExecutionOrchestrator.execute(EngineExecutionOrchestrator.java:198)
	at org.junit.platform.launcher.core.EngineExecutionOrchestrator.execute(EngineExecutionOrchestrator.java:169)
	at org.junit.platform.launcher.core.EngineExecutionOrchestrator.execute(EngineExecutionOrchestrator.java:93)
	at org.junit.platform.launcher.core.EngineExecutionOrchestrator.lambda$execute$0(EngineExecutionOrchestrator.java:58)
	at org.junit.platform.launcher.core.EngineExecutionOrchestrator.withInterceptedStreams(EngineExecutionOrchestrator.java:141)
	at org.junit.platform.launcher.core.EngineExecutionOrchestrator.execute(EngineExecutionOrchestrator.java:57)
	at org.junit.platform.launcher.core.DefaultLauncher.execute(DefaultLauncher.java:103)
	at org.junit.platform.launcher.core.DefaultLauncher.execute(DefaultLauncher.java:85)
	at org.junit.platform.launcher.core.DelegatingLauncher.execute(DelegatingLauncher.java:47)
	at org.junit.platform.launcher.core.SessionPerRequestLauncher.execute(SessionPerRequestLauncher.java:63)
	at com.intellij.junit5.JUnit5IdeaTestRunner.startRunnerWithArgs(JUnit5IdeaTestRunner.java:57)
	at com.intellij.rt.junit.IdeaTestRunner$Repeater$1.execute(IdeaTestRunner.java:38)
	at com.intellij.rt.execution.junit.TestsRepeater.repeat(TestsRepeater.java:11)
	at com.intellij.rt.junit.IdeaTestRunner$Repeater.startRunnerWithArgs(IdeaTestRunner.java:35)
	at com.intellij.rt.junit.JUnitStarter.prepareStreamsAndStart(JUnitStarter.java:232)
	at com.intellij.rt.junit.JUnitStarter.main(JUnitStarter.java:55)
2025-04-18 07:23:59 [main] INFO  l.insoft.uztis.tests.utils.TestUtils - Screenshot moved to C:\Users\ingrida.zadorozniene\Desktop\Asm\UZTIS\UZTIS_tests\test-output\screenshots\20250418\072359746_testCreateNewVuiApplication().png
2025-04-18 07:24:19 [main] INFO  lt.insoft.uztis.tests.UztisPageTest - Navigated to https://uztisdev.asseco.lt/home
2025-04-18 07:24:19 [main] INFO  l.i.u.tests.ApplicationFormsPageTest - Setup complete. ApplicationFormsPage initialized.
2025-04-18 07:24:19 [main] INFO  l.i.u.tests.ApplicationFormsPageTest - Starting test:'testCreateNewVuiApplication'
2025-04-18 07:24:19 [main] DEBUG l.i.u.tests.ApplicationFormsPageTest - User logged in with test credentials
2025-04-18 07:24:30 [main] ERROR l.i.u.tests.ApplicationFormsPageTest - Test 'testCreateNewVuiApplication' failed with error: no such element: Unable to locate element: {"method":"xpath","selector":"//span[text()='Daugiau']"}
  (Session info: chrome=135.0.7049.96)
For documentation on this error, please visit: https://www.selenium.dev/documentation/webdriver/troubleshooting/errors#no-such-element-exception
Build info: version: '4.27.0', revision: 'd6e718d134'
System info: os.name: 'Windows 11', os.arch: 'amd64', os.version: '10.0', java.version: '21.0.3'
Driver info: org.openqa.selenium.chrome.ChromeDriver
Command: [1a4fecf8761a57dad845d665856722d6, findElement {using=xpath, value=//span[text()='Daugiau']}]
Capabilities {acceptInsecureCerts: false, browserName: chrome, browserVersion: 135.0.7049.96, chrome: {chromedriverVersion: 135.0.7049.95 (de2eb485a195..., userDataDir: C:\Users\INGRID~1.ZAD\AppDa...}, fedcm:accounts: true, goog:chromeOptions: {debuggerAddress: localhost:49607}, networkConnectionEnabled: false, pageLoadStrategy: normal, platformName: windows, proxy: Proxy(), se:cdp: ws://localhost:49607/devtoo..., se:cdpVersion: 135.0.7049.96, setWindowRect: true, strictFileInteractability: false, timeouts: {implicit: 0, pageLoad: 300000, script: 30000}, unhandledPromptBehavior: dismiss and notify, webauthn:extension:credBlob: true, webauthn:extension:largeBlob: true, webauthn:extension:minPinLength: true, webauthn:extension:prf: true, webauthn:virtualAuthenticators: true}
Session ID: 1a4fecf8761a57dad845d665856722d6
org.openqa.selenium.NoSuchElementException: no such element: Unable to locate element: {"method":"xpath","selector":"//span[text()='Daugiau']"}
  (Session info: chrome=135.0.7049.96)
For documentation on this error, please visit: https://www.selenium.dev/documentation/webdriver/troubleshooting/errors#no-such-element-exception
Build info: version: '4.27.0', revision: 'd6e718d134'
System info: os.name: 'Windows 11', os.arch: 'amd64', os.version: '10.0', java.version: '21.0.3'
Driver info: org.openqa.selenium.chrome.ChromeDriver
Command: [1a4fecf8761a57dad845d665856722d6, findElement {using=xpath, value=//span[text()='Daugiau']}]
Capabilities {acceptInsecureCerts: false, browserName: chrome, browserVersion: 135.0.7049.96, chrome: {chromedriverVersion: 135.0.7049.95 (de2eb485a195..., userDataDir: C:\Users\INGRID~1.ZAD\AppDa...}, fedcm:accounts: true, goog:chromeOptions: {debuggerAddress: localhost:49607}, networkConnectionEnabled: false, pageLoadStrategy: normal, platformName: windows, proxy: Proxy(), se:cdp: ws://localhost:49607/devtoo..., se:cdpVersion: 135.0.7049.96, setWindowRect: true, strictFileInteractability: false, timeouts: {implicit: 0, pageLoad: 300000, script: 30000}, unhandledPromptBehavior: dismiss and notify, webauthn:extension:credBlob: true, webauthn:extension:largeBlob: true, webauthn:extension:minPinLength: true, webauthn:extension:prf: true, webauthn:virtualAuthenticators: true}
Session ID: 1a4fecf8761a57dad845d665856722d6
	at java.base/jdk.internal.reflect.DirectConstructorHandleAccessor.newInstance(DirectConstructorHandleAccessor.java:62)
	at java.base/java.lang.reflect.Constructor.newInstanceWithCaller(Constructor.java:502)
	at java.base/java.lang.reflect.Constructor.newInstance(Constructor.java:486)
	at org.openqa.selenium.remote.ErrorCodec.decode(ErrorCodec.java:167)
	at org.openqa.selenium.remote.codec.w3c.W3CHttpResponseCodec.decode(W3CHttpResponseCodec.java:138)
	at org.openqa.selenium.remote.codec.w3c.W3CHttpResponseCodec.decode(W3CHttpResponseCodec.java:50)
	at org.openqa.selenium.remote.HttpCommandExecutor.execute(HttpCommandExecutor.java:190)
	at org.openqa.selenium.remote.service.DriverCommandExecutor.invokeExecute(DriverCommandExecutor.java:216)
	at org.openqa.selenium.remote.service.DriverCommandExecutor.execute(DriverCommandExecutor.java:174)
	at org.openqa.selenium.remote.RemoteWebDriver.execute(RemoteWebDriver.java:545)
	at org.openqa.selenium.remote.ElementLocation$ElementFinder$2.findElement(ElementLocation.java:165)
	at org.openqa.selenium.remote.ElementLocation.findElement(ElementLocation.java:59)
	at org.openqa.selenium.remote.RemoteWebDriver.findElement(RemoteWebDriver.java:368)
	at org.openqa.selenium.remote.RemoteWebDriver.findElement(RemoteWebDriver.java:362)
	at org.openqa.selenium.support.pagefactory.DefaultElementLocator.findElement(DefaultElementLocator.java:68)
	at org.openqa.selenium.support.pagefactory.internal.LocatingElementHandler.invoke(LocatingElementHandler.java:38)
	at jdk.proxy2/jdk.proxy2.$Proxy14.click(Unknown Source)
	at lt.insoft.uztis.pages.ApplicationFormsPage.clickMenuMore(ApplicationFormsPage.java:234)
	at lt.insoft.uztis.tests.ApplicationFormsPageTest.navigateToApplicationFormsMenu(ApplicationFormsPageTest.java:21)
	at lt.insoft.uztis.tests.ApplicationFormsPageTest.testCreateNewVuiApplication(ApplicationFormsPageTest.java:95)
	at java.base/jdk.internal.reflect.DirectMethodHandleAccessor.invoke(DirectMethodHandleAccessor.java:103)
	at java.base/java.lang.reflect.Method.invoke(Method.java:580)
	at org.junit.platform.commons.util.ReflectionUtils.invokeMethod(ReflectionUtils.java:728)
	at org.junit.jupiter.engine.execution.MethodInvocation.proceed(MethodInvocation.java:60)
	at org.junit.jupiter.engine.execution.InvocationInterceptorChain$ValidatingInvocation.proceed(InvocationInterceptorChain.java:131)
	at org.junit.jupiter.engine.extension.TimeoutExtension.intercept(TimeoutExtension.java:156)
	at org.junit.jupiter.engine.extension.TimeoutExtension.interceptTestableMethod(TimeoutExtension.java:147)
	at org.junit.jupiter.engine.extension.TimeoutExtension.interceptTestMethod(TimeoutExtension.java:86)
	at org.junit.jupiter.engine.execution.InterceptingExecutableInvoker$ReflectiveInterceptorCall.lambda$ofVoidMethod$0(InterceptingExecutableInvoker.java:103)
	at org.junit.jupiter.engine.execution.InterceptingExecutableInvoker.lambda$invoke$0(InterceptingExecutableInvoker.java:93)
	at org.junit.jupiter.engine.execution.InvocationInterceptorChain$InterceptedInvocation.proceed(InvocationInterceptorChain.java:106)
	at org.junit.jupiter.engine.execution.InvocationInterceptorChain.proceed(InvocationInterceptorChain.java:64)
	at org.junit.jupiter.engine.execution.InvocationInterceptorChain.chainAndInvoke(InvocationInterceptorChain.java:45)
	at org.junit.jupiter.engine.execution.InvocationInterceptorChain.invoke(InvocationInterceptorChain.java:37)
	at org.junit.jupiter.engine.execution.InterceptingExecutableInvoker.invoke(InterceptingExecutableInvoker.java:92)
	at org.junit.jupiter.engine.execution.InterceptingExecutableInvoker.invoke(InterceptingExecutableInvoker.java:86)
	at org.junit.jupiter.engine.descriptor.TestMethodTestDescriptor.lambda$invokeTestMethod$7(TestMethodTestDescriptor.java:218)
	at org.junit.platform.engine.support.hierarchical.ThrowableCollector.execute(ThrowableCollector.java:73)
	at org.junit.jupiter.engine.descriptor.TestMethodTestDescriptor.invokeTestMethod(TestMethodTestDescriptor.java:214)
	at org.junit.jupiter.engine.descriptor.TestMethodTestDescriptor.execute(TestMethodTestDescriptor.java:139)
	at org.junit.jupiter.engine.descriptor.TestMethodTestDescriptor.execute(TestMethodTestDescriptor.java:69)
	at org.junit.platform.engine.support.hierarchical.NodeTestTask.lambda$executeRecursively$6(NodeTestTask.java:151)
	at org.junit.platform.engine.support.hierarchical.ThrowableCollector.execute(ThrowableCollector.java:73)
	at org.junit.platform.engine.support.hierarchical.NodeTestTask.lambda$executeRecursively$8(NodeTestTask.java:141)
	at org.junit.platform.engine.support.hierarchical.Node.around(Node.java:137)
	at org.junit.platform.engine.support.hierarchical.NodeTestTask.lambda$executeRecursively$9(NodeTestTask.java:139)
	at org.junit.platform.engine.support.hierarchical.ThrowableCollector.execute(ThrowableCollector.java:73)
	at org.junit.platform.engine.support.hierarchical.NodeTestTask.executeRecursively(NodeTestTask.java:138)
	at org.junit.platform.engine.support.hierarchical.NodeTestTask.execute(NodeTestTask.java:95)
	at java.base/java.util.ArrayList.forEach(ArrayList.java:1596)
	at org.junit.platform.engine.support.hierarchical.SameThreadHierarchicalTestExecutorService.invokeAll(SameThreadHierarchicalTestExecutorService.java:41)
	at org.junit.platform.engine.support.hierarchical.NodeTestTask.lambda$executeRecursively$6(NodeTestTask.java:155)
	at org.junit.platform.engine.support.hierarchical.ThrowableCollector.execute(ThrowableCollector.java:73)
	at org.junit.platform.engine.support.hierarchical.NodeTestTask.lambda$executeRecursively$8(NodeTestTask.java:141)
	at org.junit.platform.engine.support.hierarchical.Node.around(Node.java:137)
	at org.junit.platform.engine.support.hierarchical.NodeTestTask.lambda$executeRecursively$9(NodeTestTask.java:139)
	at org.junit.platform.engine.support.hierarchical.ThrowableCollector.execute(ThrowableCollector.java:73)
	at org.junit.platform.engine.support.hierarchical.NodeTestTask.executeRecursively(NodeTestTask.java:138)
	at org.junit.platform.engine.support.hierarchical.NodeTestTask.execute(NodeTestTask.java:95)
	at java.base/java.util.ArrayList.forEach(ArrayList.java:1596)
	at org.junit.platform.engine.support.hierarchical.SameThreadHierarchicalTestExecutorService.invokeAll(SameThreadHierarchicalTestExecutorService.java:41)
	at org.junit.platform.engine.support.hierarchical.NodeTestTask.lambda$executeRecursively$6(NodeTestTask.java:155)
	at org.junit.platform.engine.support.hierarchical.ThrowableCollector.execute(ThrowableCollector.java:73)
	at org.junit.platform.engine.support.hierarchical.NodeTestTask.lambda$executeRecursively$8(NodeTestTask.java:141)
	at org.junit.platform.engine.support.hierarchical.Node.around(Node.java:137)
	at org.junit.platform.engine.support.hierarchical.NodeTestTask.lambda$executeRecursively$9(NodeTestTask.java:139)
	at org.junit.platform.engine.support.hierarchical.ThrowableCollector.execute(ThrowableCollector.java:73)
	at org.junit.platform.engine.support.hierarchical.NodeTestTask.executeRecursively(NodeTestTask.java:138)
	at org.junit.platform.engine.support.hierarchical.NodeTestTask.execute(NodeTestTask.java:95)
	at org.junit.platform.engine.support.hierarchical.SameThreadHierarchicalTestExecutorService.submit(SameThreadHierarchicalTestExecutorService.java:35)
	at org.junit.platform.engine.support.hierarchical.HierarchicalTestExecutor.execute(HierarchicalTestExecutor.java:57)
	at org.junit.platform.engine.support.hierarchical.HierarchicalTestEngine.execute(HierarchicalTestEngine.java:54)
	at org.junit.platform.launcher.core.EngineExecutionOrchestrator.execute(EngineExecutionOrchestrator.java:198)
	at org.junit.platform.launcher.core.EngineExecutionOrchestrator.execute(EngineExecutionOrchestrator.java:169)
	at org.junit.platform.launcher.core.EngineExecutionOrchestrator.execute(EngineExecutionOrchestrator.java:93)
	at org.junit.platform.launcher.core.EngineExecutionOrchestrator.lambda$execute$0(EngineExecutionOrchestrator.java:58)
	at org.junit.platform.launcher.core.EngineExecutionOrchestrator.withInterceptedStreams(EngineExecutionOrchestrator.java:141)
	at org.junit.platform.launcher.core.EngineExecutionOrchestrator.execute(EngineExecutionOrchestrator.java:57)
	at org.junit.platform.launcher.core.DefaultLauncher.execute(DefaultLauncher.java:103)
	at org.junit.platform.launcher.core.DefaultLauncher.execute(DefaultLauncher.java:85)
	at org.junit.platform.launcher.core.DelegatingLauncher.execute(DelegatingLauncher.java:47)
	at org.junit.platform.launcher.core.SessionPerRequestLauncher.execute(SessionPerRequestLauncher.java:63)
	at com.intellij.junit5.JUnit5IdeaTestRunner.startRunnerWithArgs(JUnit5IdeaTestRunner.java:57)
	at com.intellij.rt.junit.IdeaTestRunner$Repeater$1.execute(IdeaTestRunner.java:38)
	at com.intellij.rt.execution.junit.TestsRepeater.repeat(TestsRepeater.java:11)
	at com.intellij.rt.junit.IdeaTestRunner$Repeater.startRunnerWithArgs(IdeaTestRunner.java:35)
	at com.intellij.rt.junit.JUnitStarter.prepareStreamsAndStart(JUnitStarter.java:232)
	at com.intellij.rt.junit.JUnitStarter.main(JUnitStarter.java:55)
2025-04-18 07:24:30 [main] INFO  l.insoft.uztis.tests.utils.TestUtils - Screenshot moved to C:\Users\ingrida.zadorozniene\Desktop\Asm\UZTIS\UZTIS_tests\test-output\screenshots\20250418\072430339_testCreateNewVuiApplication().png
2025-04-18 07:24:59 [main] INFO  lt.insoft.uztis.tests.UztisPageTest - Navigated to https://uztisdev.asseco.lt/home
2025-04-18 07:24:59 [main] INFO  l.i.u.tests.ApplicationFormsPageTest - Setup complete. ApplicationFormsPage initialized.
2025-04-18 07:24:59 [main] INFO  l.i.u.tests.ApplicationFormsPageTest - Starting test:'testNavigateToAndReviewApplicationFormsPageTest'
2025-04-18 07:24:59 [main] DEBUG l.i.u.tests.ApplicationFormsPageTest - User logged in with test credentials
2025-04-18 07:25:04 [main] ERROR l.i.u.tests.ApplicationFormsPageTest - Test 'testNavigateToAndReviewApplicationFormsPageTest' failed with error: Error communicating with the remote browser. It may have died.
Build info: version: '4.27.0', revision: 'd6e718d134'
System info: os.name: 'Windows 11', os.arch: 'amd64', os.version: '10.0', java.version: '21.0.3'
Driver info: org.openqa.selenium.chrome.ChromeDriver
Command: [c3f44416cffebb5c7640b8ad7d5b89b4, findElement [value, using]]
Capabilities {acceptInsecureCerts: false, browserName: chrome, browserVersion: 135.0.7049.96, chrome: {chromedriverVersion: 135.0.7049.95 (de2eb485a195..., userDataDir: C:\Users\INGRID~1.ZAD\AppDa...}, fedcm:accounts: true, goog:chromeOptions: {debuggerAddress: localhost:49662}, networkConnectionEnabled: false, pageLoadStrategy: normal, platformName: windows, proxy: Proxy(), se:cdp: ws://localhost:49662/devtoo..., se:cdpVersion: 135.0.7049.96, setWindowRect: true, strictFileInteractability: false, timeouts: {implicit: 0, pageLoad: 300000, script: 30000}, unhandledPromptBehavior: dismiss and notify, webauthn:extension:credBlob: true, webauthn:extension:largeBlob: true, webauthn:extension:minPinLength: true, webauthn:extension:prf: true, webauthn:virtualAuthenticators: true}
Session ID: c3f44416cffebb5c7640b8ad7d5b89b4
org.openqa.selenium.remote.UnreachableBrowserException: Error communicating with the remote browser. It may have died.
Build info: version: '4.27.0', revision: 'd6e718d134'
System info: os.name: 'Windows 11', os.arch: 'amd64', os.version: '10.0', java.version: '21.0.3'
Driver info: org.openqa.selenium.chrome.ChromeDriver
Command: [c3f44416cffebb5c7640b8ad7d5b89b4, findElement [value, using]]
Capabilities {acceptInsecureCerts: false, browserName: chrome, browserVersion: 135.0.7049.96, chrome: {chromedriverVersion: 135.0.7049.95 (de2eb485a195..., userDataDir: C:\Users\INGRID~1.ZAD\AppDa...}, fedcm:accounts: true, goog:chromeOptions: {debuggerAddress: localhost:49662}, networkConnectionEnabled: false, pageLoadStrategy: normal, platformName: windows, proxy: Proxy(), se:cdp: ws://localhost:49662/devtoo..., se:cdpVersion: 135.0.7049.96, setWindowRect: true, strictFileInteractability: false, timeouts: {implicit: 0, pageLoad: 300000, script: 30000}, unhandledPromptBehavior: dismiss and notify, webauthn:extension:credBlob: true, webauthn:extension:largeBlob: true, webauthn:extension:minPinLength: true, webauthn:extension:prf: true, webauthn:virtualAuthenticators: true}
Session ID: c3f44416cffebb5c7640b8ad7d5b89b4
	at org.openqa.selenium.remote.RemoteWebDriver.execute(RemoteWebDriver.java:572)
	at org.openqa.selenium.remote.ElementLocation$ElementFinder$2.findElement(ElementLocation.java:165)
	at org.openqa.selenium.remote.ElementLocation.findElement(ElementLocation.java:59)
	at org.openqa.selenium.remote.RemoteWebDriver.findElement(RemoteWebDriver.java:368)
	at org.openqa.selenium.remote.RemoteWebDriver.findElement(RemoteWebDriver.java:362)
	at org.openqa.selenium.support.pagefactory.DefaultElementLocator.findElement(DefaultElementLocator.java:68)
	at org.openqa.selenium.support.pagefactory.internal.LocatingElementHandler.invoke(LocatingElementHandler.java:38)
	at jdk.proxy2/jdk.proxy2.$Proxy14.click(Unknown Source)
	at lt.insoft.uztis.pages.ApplicationFormsPage.clickMenuMore(ApplicationFormsPage.java:234)
	at lt.insoft.uztis.tests.ApplicationFormsPageTest.navigateToApplicationFormsMenu(ApplicationFormsPageTest.java:21)
	at lt.insoft.uztis.tests.ApplicationFormsPageTest.testNavigateToAndReviewApplicationFormsPageTest(ApplicationFormsPageTest.java:59)
	at java.base/jdk.internal.reflect.DirectMethodHandleAccessor.invoke(DirectMethodHandleAccessor.java:103)
	at java.base/java.lang.reflect.Method.invoke(Method.java:580)
	at org.junit.platform.commons.util.ReflectionUtils.invokeMethod(ReflectionUtils.java:728)
	at org.junit.jupiter.engine.execution.MethodInvocation.proceed(MethodInvocation.java:60)
	at org.junit.jupiter.engine.execution.InvocationInterceptorChain$ValidatingInvocation.proceed(InvocationInterceptorChain.java:131)
	at org.junit.jupiter.engine.extension.TimeoutExtension.intercept(TimeoutExtension.java:156)
	at org.junit.jupiter.engine.extension.TimeoutExtension.interceptTestableMethod(TimeoutExtension.java:147)
	at org.junit.jupiter.engine.extension.TimeoutExtension.interceptTestMethod(TimeoutExtension.java:86)
	at org.junit.jupiter.engine.execution.InterceptingExecutableInvoker$ReflectiveInterceptorCall.lambda$ofVoidMethod$0(InterceptingExecutableInvoker.java:103)
	at org.junit.jupiter.engine.execution.InterceptingExecutableInvoker.lambda$invoke$0(InterceptingExecutableInvoker.java:93)
	at org.junit.jupiter.engine.execution.InvocationInterceptorChain$InterceptedInvocation.proceed(InvocationInterceptorChain.java:106)
	at org.junit.jupiter.engine.execution.InvocationInterceptorChain.proceed(InvocationInterceptorChain.java:64)
	at org.junit.jupiter.engine.execution.InvocationInterceptorChain.chainAndInvoke(InvocationInterceptorChain.java:45)
	at org.junit.jupiter.engine.execution.InvocationInterceptorChain.invoke(InvocationInterceptorChain.java:37)
	at org.junit.jupiter.engine.execution.InterceptingExecutableInvoker.invoke(InterceptingExecutableInvoker.java:92)
	at org.junit.jupiter.engine.execution.InterceptingExecutableInvoker.invoke(InterceptingExecutableInvoker.java:86)
	at org.junit.jupiter.engine.descriptor.TestMethodTestDescriptor.lambda$invokeTestMethod$7(TestMethodTestDescriptor.java:218)
	at org.junit.platform.engine.support.hierarchical.ThrowableCollector.execute(ThrowableCollector.java:73)
	at org.junit.jupiter.engine.descriptor.TestMethodTestDescriptor.invokeTestMethod(TestMethodTestDescriptor.java:214)
	at org.junit.jupiter.engine.descriptor.TestMethodTestDescriptor.execute(TestMethodTestDescriptor.java:139)
	at org.junit.jupiter.engine.descriptor.TestMethodTestDescriptor.execute(TestMethodTestDescriptor.java:69)
	at org.junit.platform.engine.support.hierarchical.NodeTestTask.lambda$executeRecursively$6(NodeTestTask.java:151)
	at org.junit.platform.engine.support.hierarchical.ThrowableCollector.execute(ThrowableCollector.java:73)
	at org.junit.platform.engine.support.hierarchical.NodeTestTask.lambda$executeRecursively$8(NodeTestTask.java:141)
	at org.junit.platform.engine.support.hierarchical.Node.around(Node.java:137)
	at org.junit.platform.engine.support.hierarchical.NodeTestTask.lambda$executeRecursively$9(NodeTestTask.java:139)
	at org.junit.platform.engine.support.hierarchical.ThrowableCollector.execute(ThrowableCollector.java:73)
	at org.junit.platform.engine.support.hierarchical.NodeTestTask.executeRecursively(NodeTestTask.java:138)
	at org.junit.platform.engine.support.hierarchical.NodeTestTask.execute(NodeTestTask.java:95)
	at java.base/java.util.ArrayList.forEach(ArrayList.java:1596)
	at org.junit.platform.engine.support.hierarchical.SameThreadHierarchicalTestExecutorService.invokeAll(SameThreadHierarchicalTestExecutorService.java:41)
	at org.junit.platform.engine.support.hierarchical.NodeTestTask.lambda$executeRecursively$6(NodeTestTask.java:155)
	at org.junit.platform.engine.support.hierarchical.ThrowableCollector.execute(ThrowableCollector.java:73)
	at org.junit.platform.engine.support.hierarchical.NodeTestTask.lambda$executeRecursively$8(NodeTestTask.java:141)
	at org.junit.platform.engine.support.hierarchical.Node.around(Node.java:137)
	at org.junit.platform.engine.support.hierarchical.NodeTestTask.lambda$executeRecursively$9(NodeTestTask.java:139)
	at org.junit.platform.engine.support.hierarchical.ThrowableCollector.execute(ThrowableCollector.java:73)
	at org.junit.platform.engine.support.hierarchical.NodeTestTask.executeRecursively(NodeTestTask.java:138)
	at org.junit.platform.engine.support.hierarchical.NodeTestTask.execute(NodeTestTask.java:95)
	at java.base/java.util.ArrayList.forEach(ArrayList.java:1596)
	at org.junit.platform.engine.support.hierarchical.SameThreadHierarchicalTestExecutorService.invokeAll(SameThreadHierarchicalTestExecutorService.java:41)
	at org.junit.platform.engine.support.hierarchical.NodeTestTask.lambda$executeRecursively$6(NodeTestTask.java:155)
	at org.junit.platform.engine.support.hierarchical.ThrowableCollector.execute(ThrowableCollector.java:73)
	at org.junit.platform.engine.support.hierarchical.NodeTestTask.lambda$executeRecursively$8(NodeTestTask.java:141)
	at org.junit.platform.engine.support.hierarchical.Node.around(Node.java:137)
	at org.junit.platform.engine.support.hierarchical.NodeTestTask.lambda$executeRecursively$9(NodeTestTask.java:139)
	at org.junit.platform.engine.support.hierarchical.ThrowableCollector.execute(ThrowableCollector.java:73)
	at org.junit.platform.engine.support.hierarchical.NodeTestTask.executeRecursively(NodeTestTask.java:138)
	at org.junit.platform.engine.support.hierarchical.NodeTestTask.execute(NodeTestTask.java:95)
	at org.junit.platform.engine.support.hierarchical.SameThreadHierarchicalTestExecutorService.submit(SameThreadHierarchicalTestExecutorService.java:35)
	at org.junit.platform.engine.support.hierarchical.HierarchicalTestExecutor.execute(HierarchicalTestExecutor.java:57)
	at org.junit.platform.engine.support.hierarchical.HierarchicalTestEngine.execute(HierarchicalTestEngine.java:54)
	at org.junit.platform.launcher.core.EngineExecutionOrchestrator.execute(EngineExecutionOrchestrator.java:198)
	at org.junit.platform.launcher.core.EngineExecutionOrchestrator.execute(EngineExecutionOrchestrator.java:169)
	at org.junit.platform.launcher.core.EngineExecutionOrchestrator.execute(EngineExecutionOrchestrator.java:93)
	at org.junit.platform.launcher.core.EngineExecutionOrchestrator.lambda$execute$0(EngineExecutionOrchestrator.java:58)
	at org.junit.platform.launcher.core.EngineExecutionOrchestrator.withInterceptedStreams(EngineExecutionOrchestrator.java:141)
	at org.junit.platform.launcher.core.EngineExecutionOrchestrator.execute(EngineExecutionOrchestrator.java:57)
	at org.junit.platform.launcher.core.DefaultLauncher.execute(DefaultLauncher.java:103)
	at org.junit.platform.launcher.core.DefaultLauncher.execute(DefaultLauncher.java:85)
	at org.junit.platform.launcher.core.DelegatingLauncher.execute(DelegatingLauncher.java:47)
	at org.junit.platform.launcher.core.SessionPerRequestLauncher.execute(SessionPerRequestLauncher.java:63)
	at com.intellij.junit5.JUnit5IdeaTestRunner.startRunnerWithArgs(JUnit5IdeaTestRunner.java:57)
	at com.intellij.rt.junit.IdeaTestRunner$Repeater$1.execute(IdeaTestRunner.java:38)
	at com.intellij.rt.execution.junit.TestsRepeater.repeat(TestsRepeater.java:11)
	at com.intellij.rt.junit.IdeaTestRunner$Repeater.startRunnerWithArgs(IdeaTestRunner.java:35)
	at com.intellij.rt.junit.JUnitStarter.prepareStreamsAndStart(JUnitStarter.java:232)
	at com.intellij.rt.junit.JUnitStarter.main(JUnitStarter.java:55)
Caused by: java.io.UncheckedIOException: java.io.IOException: HTTP/1.1 header parser received no bytes
	at org.openqa.selenium.remote.http.jdk.JdkHttpClient.execute0(JdkHttpClient.java:496)
	at org.openqa.selenium.remote.http.AddSeleniumUserAgent.lambda$apply$0(AddSeleniumUserAgent.java:42)
	at org.openqa.selenium.remote.http.Filter.lambda$andFinally$1(Filter.java:55)
	at org.openqa.selenium.remote.http.jdk.JdkHttpClient.lambda$executeAsync$1(JdkHttpClient.java:383)
	at java.base/java.util.concurrent.Executors$RunnableAdapter.call(Executors.java:572)
	at java.base/java.util.concurrent.FutureTask.run(FutureTask.java:317)
	at java.base/java.util.concurrent.ThreadPoolExecutor.runWorker(ThreadPoolExecutor.java:1144)
	at java.base/java.util.concurrent.ThreadPoolExecutor$Worker.run(ThreadPoolExecutor.java:642)
	at java.base/java.lang.Thread.run(Thread.java:1583)
Caused by: java.io.IOException: HTTP/1.1 header parser received no bytes
	at java.net.http/jdk.internal.net.http.HttpClientImpl.send(HttpClientImpl.java:964)
	at java.net.http/jdk.internal.net.http.HttpClientFacade.send(HttpClientFacade.java:133)
	at org.openqa.selenium.remote.http.jdk.JdkHttpClient.execute0(JdkHttpClient.java:455)
	... 8 common frames omitted
Caused by: java.io.IOException: HTTP/1.1 header parser received no bytes
	at java.net.http/jdk.internal.net.http.common.Utils.wrapWithExtraDetail(Utils.java:388)
	at java.net.http/jdk.internal.net.http.Http1Response$HeadersReader.onReadError(Http1Response.java:590)
	at java.net.http/jdk.internal.net.http.Http1AsyncReceiver.checkForErrors(Http1AsyncReceiver.java:302)
	at java.net.http/jdk.internal.net.http.Http1AsyncReceiver.flush(Http1AsyncReceiver.java:268)
	at java.net.http/jdk.internal.net.http.common.SequentialScheduler$LockingRestartableTask.run(SequentialScheduler.java:182)
	at java.net.http/jdk.internal.net.http.common.SequentialScheduler$CompleteRestartableTask.run(SequentialScheduler.java:149)
	at java.net.http/jdk.internal.net.http.common.SequentialScheduler$SchedulableTask.run(SequentialScheduler.java:207)
	... 3 common frames omitted
Caused by: java.net.SocketException: Connection reset
	at java.base/sun.nio.ch.SocketChannelImpl.throwConnectionReset(SocketChannelImpl.java:401)
	at java.base/sun.nio.ch.SocketChannelImpl.read(SocketChannelImpl.java:434)
	at java.net.http/jdk.internal.net.http.SocketTube.readAvailable(SocketTube.java:1178)
	at java.net.http/jdk.internal.net.http.SocketTube$InternalReadPublisher$InternalReadSubscription.read(SocketTube.java:841)
	at java.net.http/jdk.internal.net.http.SocketTube$SocketFlowTask.run(SocketTube.java:181)
	at java.net.http/jdk.internal.net.http.common.SequentialScheduler$SchedulableTask.run(SequentialScheduler.java:207)
	at java.net.http/jdk.internal.net.http.common.SequentialScheduler.runOrSchedule(SequentialScheduler.java:280)
	at java.net.http/jdk.internal.net.http.common.SequentialScheduler.runOrSchedule(SequentialScheduler.java:233)
	at java.net.http/jdk.internal.net.http.SocketTube$InternalReadPublisher$InternalReadSubscription.signalReadable(SocketTube.java:782)
	at java.net.http/jdk.internal.net.http.SocketTube$InternalReadPublisher$ReadEvent.signalEvent(SocketTube.java:965)
	at java.net.http/jdk.internal.net.http.SocketTube$SocketFlowEvent.handle(SocketTube.java:253)
	at java.net.http/jdk.internal.net.http.HttpClientImpl$SelectorManager.handleEvent(HttpClientImpl.java:1467)
	at java.net.http/jdk.internal.net.http.HttpClientImpl$SelectorManager.lambda$run$3(HttpClientImpl.java:1412)
	at java.base/java.util.ArrayList.forEach(ArrayList.java:1596)
	at java.net.http/jdk.internal.net.http.HttpClientImpl$SelectorManager.run(HttpClientImpl.java:1412)
2025-04-24 08:16:46 [main] INFO  lt.insoft.uztis.tests.UztisPageTest - Navigated to https://uztisdev.asseco.lt/home
2025-04-24 08:16:46 [main] INFO  l.i.u.tests.ApplicationFormsPageTest - Setup complete. ApplicationFormsPage initialized.
2025-04-24 08:16:46 [main] INFO  l.i.u.tests.ApplicationFormsPageTest - Starting test:'testCreateNewPvkApplication'
2025-04-24 08:16:46 [main] DEBUG l.i.u.tests.ApplicationFormsPageTest - User logged in with test credentials
2025-04-24 08:16:47 [main] DEBUG l.i.u.tests.ApplicationFormsPageTest - Opened 'Application Processing' menu.
2025-04-24 08:16:47 [main] DEBUG l.i.u.tests.ApplicationFormsPageTest - Clicked on 'Application Forms' menu.
2025-04-24 08:16:47 [main] DEBUG l.i.u.tests.ApplicationFormsPageTest - Clicked to create a new application form.
2025-04-24 08:16:47 [main] DEBUG l.i.u.tests.ApplicationFormsPageTest - Entered random application code: TST-PVK-72
2025-04-24 08:16:48 [main] DEBUG l.i.u.tests.ApplicationFormsPageTest - Selected 'Municipality' radio button.
2025-04-24 08:16:48 [main] INFO  l.i.uztis.pages.ApplicationFormsPage - Located the dropdown button.
2025-04-24 08:16:48 [main] INFO  l.i.uztis.pages.ApplicationFormsPage - Successfully selected the value: 'Kauno departamentas'
2025-04-24 08:16:58 [main] ERROR l.i.uztis.pages.ApplicationFormsPage - Failed to close the dropdown with aria-expanded = 'false'.
2025-04-24 08:16:58 [main] DEBUG l.i.u.tests.ApplicationFormsPageTest - Selected a value from the 'Municipality' dropdown: 'Kauno departamentas'
2025-04-24 08:16:58 [main] DEBUG l.i.u.tests.ApplicationFormsPageTest - Selected 'Budget by Municipality' option.
2025-04-24 08:16:59 [main] DEBUG l.i.u.tests.ApplicationFormsPageTest - Selected 'Financed By Queue' radio button.
2025-04-24 08:16:59 [main] DEBUG l.i.u.tests.ApplicationFormsPageTest - Clicked 'Add' button.
2025-04-24 08:16:59 [main] INFO  l.i.uztis.pages.ApplicationFormsPage - Located the dropdown button.
2025-04-24 08:16:59 [main] INFO  l.i.uztis.pages.ApplicationFormsPage - Successfully selected the value: 'PVK atitiktis URP'
2025-04-24 08:17:26 [main] INFO  lt.insoft.uztis.tests.UztisPageTest - Navigated to https://uztisdev.asseco.lt/home
2025-04-24 08:17:26 [main] INFO  l.i.u.tests.ApplicationFormsPageTest - Setup complete. ApplicationFormsPage initialized.
2025-04-24 08:17:26 [main] INFO  l.i.u.tests.ApplicationFormsPageTest - Starting test:'testCreateNewVuiApplication'
2025-04-24 08:17:26 [main] DEBUG l.i.u.tests.ApplicationFormsPageTest - User logged in with test credentials
2025-04-24 08:17:27 [main] DEBUG l.i.u.tests.ApplicationFormsPageTest - Opened 'Application Processing' menu.
2025-04-24 08:17:27 [main] DEBUG l.i.u.tests.ApplicationFormsPageTest - Clicked on 'Application Forms' menu.
2025-04-24 08:17:28 [main] DEBUG l.i.u.tests.ApplicationFormsPageTest - Clicked to create a new application form.
2025-04-24 08:17:28 [main] DEBUG l.i.u.tests.ApplicationFormsPageTest - Entered random application code: TST-VUI-44
2025-04-24 08:17:28 [main] DEBUG l.i.u.tests.ApplicationFormsPageTest - Selected 'Section' radio button.
2025-04-24 08:17:28 [main] INFO  l.i.uztis.pages.ApplicationFormsPage - Located the dropdown button.
2025-04-24 08:17:28 [main] INFO  l.i.uztis.pages.ApplicationFormsPage - Successfully selected the value: 'Skyrius 1'
2025-04-24 08:17:55 [main] INFO  lt.insoft.uztis.tests.UztisPageTest - Navigated to https://uztisdev.asseco.lt/home
2025-04-24 08:17:55 [main] INFO  l.i.u.tests.ApplicationFormsPageTest - Setup complete. ApplicationFormsPage initialized.
2025-04-24 08:17:55 [main] INFO  l.i.u.tests.ApplicationFormsPageTest - Starting test:'testCreateNewPvkApplication'
2025-04-24 08:17:56 [main] DEBUG l.i.u.tests.ApplicationFormsPageTest - User logged in with test credentials
2025-04-24 08:17:56 [main] DEBUG l.i.u.tests.ApplicationFormsPageTest - Opened 'Application Processing' menu.
2025-04-24 08:17:56 [main] DEBUG l.i.u.tests.ApplicationFormsPageTest - Clicked on 'Application Forms' menu.
2025-04-24 08:17:56 [main] DEBUG l.i.u.tests.ApplicationFormsPageTest - Clicked to create a new application form.
2025-04-24 08:17:56 [main] DEBUG l.i.u.tests.ApplicationFormsPageTest - Entered random application code: TST-PVK-29
2025-04-24 08:17:57 [main] DEBUG l.i.u.tests.ApplicationFormsPageTest - Selected 'Municipality' radio button.
2025-04-24 08:17:57 [main] INFO  l.i.uztis.pages.ApplicationFormsPage - Located the dropdown button.
2025-04-24 08:17:57 [main] INFO  l.i.uztis.pages.ApplicationFormsPage - Successfully selected the value: 'Kauno departamentas'
2025-04-24 08:18:07 [main] ERROR l.i.uztis.pages.ApplicationFormsPage - Failed to close the dropdown with aria-expanded = 'false'.
2025-04-24 08:18:07 [main] DEBUG l.i.u.tests.ApplicationFormsPageTest - Selected a value from the 'Municipality' dropdown: 'Kauno departamentas'
2025-04-24 08:18:08 [main] DEBUG l.i.u.tests.ApplicationFormsPageTest - Selected 'Budget by Municipality' option.
2025-04-24 08:18:08 [main] DEBUG l.i.u.tests.ApplicationFormsPageTest - Selected 'Financed By Queue' radio button.
2025-04-24 08:18:08 [main] DEBUG l.i.u.tests.ApplicationFormsPageTest - Clicked 'Add' button.
2025-04-24 08:18:08 [main] INFO  l.i.uztis.pages.ApplicationFormsPage - Located the dropdown button.
2025-04-24 08:18:09 [main] INFO  l.i.uztis.pages.ApplicationFormsPage - Successfully selected the value: 'PVK atitiktis URP'
2025-04-24 08:18:19 [main] ERROR l.i.uztis.pages.ApplicationFormsPage - Failed to close the dropdown with aria-expanded = 'false'.
2025-04-24 08:18:19 [main] DEBUG l.i.u.tests.ApplicationFormsPageTest - Selected a value from the 'EvaluationOne' dropdown: 'PVK atitiktis URP'
2025-04-24 08:18:19 [main] INFO  l.i.uztis.pages.ApplicationFormsPage - Located the dropdown button.
2025-04-24 08:18:20 [main] INFO  l.i.uztis.pages.ApplicationFormsPage - Successfully selected the value: 'PVK atitiktis kokybės kriterijams'
2025-04-24 08:18:30 [main] ERROR l.i.uztis.pages.ApplicationFormsPage - Failed to close the dropdown with aria-expanded = 'false'.
2025-04-24 08:18:30 [main] DEBUG l.i.u.tests.ApplicationFormsPageTest - Selected a value from the 'EvaluationTwon' dropdown: 'PVK atitiktis kokybės kriterijams'
2025-04-24 08:18:30 [main] INFO  l.i.uztis.pages.ApplicationFormsPage - Located the dropdown button.
2025-04-24 08:18:30 [main] INFO  l.i.uztis.pages.ApplicationFormsPage - Successfully selected the value: 'PVK gynimo vertinimo forma'
2025-04-24 08:18:41 [main] ERROR l.i.uztis.pages.ApplicationFormsPage - Failed to close the dropdown with aria-expanded = 'false'.
2025-04-24 08:18:41 [main] DEBUG l.i.u.tests.ApplicationFormsPageTest - Selected a value from the 'EvaluationThree' dropdown: 'PVK gynimo vertinimo forma'
2025-04-24 08:18:41 [main] DEBUG l.i.u.tests.ApplicationFormsPageTest - Clicked 'Plus' button.
2025-04-24 08:18:41 [main] DEBUG l.i.u.tests.ApplicationFormsPageTest - Clicked 'Add' button seven times.
2025-04-24 08:18:42 [main] INFO  l.i.uztis.pages.ApplicationFormsPage - Processing dropdown index: 0
2025-04-24 08:18:52 [main] ERROR l.i.uztis.pages.ApplicationFormsPage - Timeout while waiting for dropdown to close at index: 0 with aria-expanded = 'false'
2025-04-24 08:18:52 [main] INFO  l.i.uztis.pages.ApplicationFormsPage - Processing dropdown index: 1
2025-04-24 08:19:02 [main] ERROR l.i.uztis.pages.ApplicationFormsPage - Timeout while waiting for dropdown to close at index: 1 with aria-expanded = 'false'
2025-04-24 08:19:02 [main] INFO  l.i.uztis.pages.ApplicationFormsPage - Processing dropdown index: 2
2025-04-24 08:19:12 [main] ERROR l.i.uztis.pages.ApplicationFormsPage - Timeout while waiting for dropdown to close at index: 2 with aria-expanded = 'false'
2025-04-24 08:19:12 [main] INFO  l.i.uztis.pages.ApplicationFormsPage - Processing dropdown index: 3
2025-04-24 08:19:23 [main] ERROR l.i.uztis.pages.ApplicationFormsPage - Timeout while waiting for dropdown to close at index: 3 with aria-expanded = 'false'
2025-04-24 08:19:23 [main] INFO  l.i.uztis.pages.ApplicationFormsPage - Processing dropdown index: 4
2025-04-24 08:19:33 [main] ERROR l.i.uztis.pages.ApplicationFormsPage - Timeout while waiting for dropdown to close at index: 4 with aria-expanded = 'false'
2025-04-24 08:19:33 [main] INFO  l.i.uztis.pages.ApplicationFormsPage - Processing dropdown index: 5
2025-04-24 08:19:43 [main] ERROR l.i.uztis.pages.ApplicationFormsPage - Timeout while waiting for dropdown to close at index: 5 with aria-expanded = 'false'
2025-04-24 08:19:43 [main] INFO  l.i.uztis.pages.ApplicationFormsPage - Processing dropdown index: 6
2025-04-24 08:19:54 [main] ERROR l.i.uztis.pages.ApplicationFormsPage - Timeout while waiting for dropdown to close at index: 6 with aria-expanded = 'false'
2025-04-24 08:19:54 [main] INFO  l.i.uztis.pages.ApplicationFormsPage - Processing dropdown index: 7
2025-04-24 08:20:05 [main] ERROR l.i.uztis.pages.ApplicationFormsPage - Timeout while waiting for dropdown to close at index: 7 with aria-expanded = 'false'
2025-04-24 08:20:05 [main] INFO  l.i.uztis.pages.ApplicationFormsPage - Processing input field index: 0
2025-04-24 08:20:05 [main] INFO  l.i.uztis.pages.ApplicationFormsPage - Entered value '50' into field index: 0
2025-04-24 08:20:05 [main] INFO  l.i.uztis.pages.ApplicationFormsPage - Processing input field index: 1
2025-04-24 08:20:05 [main] INFO  l.i.uztis.pages.ApplicationFormsPage - Entered value '924' into field index: 1
2025-04-24 08:20:05 [main] INFO  l.i.uztis.pages.ApplicationFormsPage - Processing input field index: 2
2025-04-24 08:20:05 [main] INFO  l.i.uztis.pages.ApplicationFormsPage - Entered value '31' into field index: 2
2025-04-24 08:20:05 [main] INFO  l.i.uztis.pages.ApplicationFormsPage - Processing input field index: 3
2025-04-24 08:20:05 [main] INFO  l.i.uztis.pages.ApplicationFormsPage - Entered value '4.7' into field index: 3
2025-04-24 08:20:05 [main] INFO  l.i.uztis.pages.ApplicationFormsPage - Processing input field index: 4
2025-04-24 08:20:05 [main] INFO  l.i.uztis.pages.ApplicationFormsPage - Entered value '35' into field index: 4
2025-04-24 08:20:05 [main] INFO  l.i.uztis.pages.ApplicationFormsPage - Processing input field index: 5
2025-04-24 08:20:05 [main] INFO  l.i.uztis.pages.ApplicationFormsPage - Entered value '20' into field index: 5
2025-04-24 08:20:05 [main] INFO  l.i.uztis.pages.ApplicationFormsPage - Processing input field index: 6
2025-04-24 08:20:06 [main] INFO  l.i.uztis.pages.ApplicationFormsPage - Entered value '30' into field index: 6
2025-04-24 08:20:06 [main] INFO  l.i.uztis.pages.ApplicationFormsPage - Processing input field index: 7
2025-04-24 08:20:06 [main] INFO  l.i.uztis.pages.ApplicationFormsPage - Entered value '60' into field index: 7
2025-04-24 08:20:06 [main] DEBUG l.i.u.tests.ApplicationFormsPageTest - Entered additional values and text.
2025-04-24 08:20:06 [main] DEBUG l.i.u.tests.ApplicationFormsPageTest - Entered application name: PVK paraiška
2025-04-24 08:20:06 [main] DEBUG l.i.u.tests.ApplicationFormsPageTest - Clicked the 'Save' button.
2025-04-24 08:20:06 [main] DEBUG l.i.uztis.pages.ApplicationFormsPage - Verified success message: 'Duomenys sėkmingai išsaugoti.'
2025-04-24 08:20:06 [main] INFO  l.i.u.tests.ApplicationFormsPageTest - Verified success message
2025-04-24 08:20:06 [main] INFO  l.i.u.tests.ApplicationFormsPageTest - Verified that the 'Save Form' button is displayed.
2025-04-24 08:20:06 [main] INFO  l.i.u.tests.ApplicationFormsPageTest - Test 'testCreateNewPvkApplication' completed successfully.
2025-04-24 08:20:56 [main] INFO  lt.insoft.uztis.tests.UztisPageTest - Navigated to https://uztisdev.asseco.lt/home
2025-04-24 08:20:56 [main] INFO  l.i.u.tests.ApplicationFormsPageTest - Setup complete. ApplicationFormsPage initialized.
2025-04-24 08:20:56 [main] INFO  l.i.u.tests.ApplicationFormsPageTest - Starting test:'testAddContractPVK'
2025-04-24 08:20:56 [main] DEBUG l.i.u.tests.ApplicationFormsPageTest - User logged in with test credentials
2025-04-24 08:20:56 [main] DEBUG l.i.u.tests.ApplicationFormsPageTest - Opened 'Application Processing' menu.
2025-04-24 08:20:57 [main] DEBUG l.i.u.tests.ApplicationFormsPageTest - Clicked on 'Application Forms' menu.
2025-04-24 08:20:57 [main] DEBUG l.i.u.tests.ApplicationFormsPageTest - Selected the last application description.
2025-04-24 08:20:57 [main] DEBUG l.i.u.tests.ApplicationFormsPageTest - Clicked 'Project Progress' tab.
2025-04-24 08:20:58 [main] DEBUG l.i.u.tests.ApplicationFormsPageTest - Clicked the 'Edit' button.
2025-04-24 08:20:58 [main] INFO  l.i.uztis.pages.ApplicationFormsPage - Located the dropdown button.
2025-04-24 08:21:00 [main] INFO  l.i.uztis.pages.ApplicationFormsPage - Successfully selected the value: 'Paramos verslui kurti sutartis'
2025-04-24 08:21:11 [main] ERROR l.i.uztis.pages.ApplicationFormsPage - Failed to close the dropdown with aria-expanded = 'false'.
2025-04-24 08:21:11 [main] DEBUG l.i.u.tests.ApplicationFormsPageTest - Selected a value from the 'Document' dropdown: 'Paramos verslui kurti sutartis'
2025-04-24 08:21:11 [main] DEBUG l.i.u.tests.ApplicationFormsPageTest - Clicked the 'Save' button.
2025-04-24 08:21:11 [main] ERROR l.i.uztis.pages.ApplicationFormsPage - Failed to verify the success message: 'Funkcija sėkmingai atlikta.'. Available messages: [Duomenys sėkmingai išsaugoti.]
2025-04-24 08:21:11 [main] INFO  l.i.u.tests.ApplicationFormsPageTest - Verified success message
2025-04-24 08:21:11 [main] INFO  l.i.u.tests.ApplicationFormsPageTest - Test 'testAddContractPVK' completed successfully.
2025-04-24 08:23:13 [main] INFO  lt.insoft.uztis.tests.UztisPageTest - Navigated to https://uztisdev.asseco.lt/home
2025-04-24 08:23:13 [main] INFO  l.i.uztis.tests.InvitationsPageTest - Starting test:'testCreateNewPvkInvitation'
2025-04-24 08:23:13 [main] DEBUG l.i.uztis.tests.InvitationsPageTest - User logged in with test credentials
2025-04-24 08:23:23 [main] ERROR l.i.uztis.tests.InvitationsPageTest - Test 'testCreateNewPvkInvitation' failed with error: no such element: Unable to locate element: {"method":"xpath","selector":"//span[text()='Daugiau']"}
  (Session info: chrome=135.0.7049.97)
For documentation on this error, please visit: https://www.selenium.dev/documentation/webdriver/troubleshooting/errors#no-such-element-exception
Build info: version: '4.27.0', revision: 'd6e718d134'
System info: os.name: 'Windows 11', os.arch: 'amd64', os.version: '10.0', java.version: '21.0.3'
Driver info: org.openqa.selenium.chrome.ChromeDriver
Command: [d16db95b384b93af75143e81f7d74f1d, findElement {using=xpath, value=//span[text()='Daugiau']}]
Capabilities {acceptInsecureCerts: false, browserName: chrome, browserVersion: 135.0.7049.97, chrome: {chromedriverVersion: 135.0.7049.114 (63fd8a7d9d0..., userDataDir: C:\Users\INGRID~1.ZAD\AppDa...}, fedcm:accounts: true, goog:chromeOptions: {debuggerAddress: localhost:56550}, networkConnectionEnabled: false, pageLoadStrategy: normal, platformName: windows, proxy: Proxy(), se:cdp: ws://localhost:56550/devtoo..., se:cdpVersion: 135.0.7049.97, setWindowRect: true, strictFileInteractability: false, timeouts: {implicit: 0, pageLoad: 300000, script: 30000}, unhandledPromptBehavior: dismiss and notify, webauthn:extension:credBlob: true, webauthn:extension:largeBlob: true, webauthn:extension:minPinLength: true, webauthn:extension:prf: true, webauthn:virtualAuthenticators: true}
Session ID: d16db95b384b93af75143e81f7d74f1d
org.openqa.selenium.NoSuchElementException: no such element: Unable to locate element: {"method":"xpath","selector":"//span[text()='Daugiau']"}
  (Session info: chrome=135.0.7049.97)
For documentation on this error, please visit: https://www.selenium.dev/documentation/webdriver/troubleshooting/errors#no-such-element-exception
Build info: version: '4.27.0', revision: 'd6e718d134'
System info: os.name: 'Windows 11', os.arch: 'amd64', os.version: '10.0', java.version: '21.0.3'
Driver info: org.openqa.selenium.chrome.ChromeDriver
Command: [d16db95b384b93af75143e81f7d74f1d, findElement {using=xpath, value=//span[text()='Daugiau']}]
Capabilities {acceptInsecureCerts: false, browserName: chrome, browserVersion: 135.0.7049.97, chrome: {chromedriverVersion: 135.0.7049.114 (63fd8a7d9d0..., userDataDir: C:\Users\INGRID~1.ZAD\AppDa...}, fedcm:accounts: true, goog:chromeOptions: {debuggerAddress: localhost:56550}, networkConnectionEnabled: false, pageLoadStrategy: normal, platformName: windows, proxy: Proxy(), se:cdp: ws://localhost:56550/devtoo..., se:cdpVersion: 135.0.7049.97, setWindowRect: true, strictFileInteractability: false, timeouts: {implicit: 0, pageLoad: 300000, script: 30000}, unhandledPromptBehavior: dismiss and notify, webauthn:extension:credBlob: true, webauthn:extension:largeBlob: true, webauthn:extension:minPinLength: true, webauthn:extension:prf: true, webauthn:virtualAuthenticators: true}
Session ID: d16db95b384b93af75143e81f7d74f1d
	at java.base/jdk.internal.reflect.DirectConstructorHandleAccessor.newInstance(DirectConstructorHandleAccessor.java:62)
	at java.base/java.lang.reflect.Constructor.newInstanceWithCaller(Constructor.java:502)
	at java.base/java.lang.reflect.Constructor.newInstance(Constructor.java:486)
	at org.openqa.selenium.remote.ErrorCodec.decode(ErrorCodec.java:167)
	at org.openqa.selenium.remote.codec.w3c.W3CHttpResponseCodec.decode(W3CHttpResponseCodec.java:138)
	at org.openqa.selenium.remote.codec.w3c.W3CHttpResponseCodec.decode(W3CHttpResponseCodec.java:50)
	at org.openqa.selenium.remote.HttpCommandExecutor.execute(HttpCommandExecutor.java:190)
	at org.openqa.selenium.remote.service.DriverCommandExecutor.invokeExecute(DriverCommandExecutor.java:216)
	at org.openqa.selenium.remote.service.DriverCommandExecutor.execute(DriverCommandExecutor.java:174)
	at org.openqa.selenium.remote.RemoteWebDriver.execute(RemoteWebDriver.java:545)
	at org.openqa.selenium.remote.ElementLocation$ElementFinder$2.findElement(ElementLocation.java:165)
	at org.openqa.selenium.remote.ElementLocation.findElement(ElementLocation.java:59)
	at org.openqa.selenium.remote.RemoteWebDriver.findElement(RemoteWebDriver.java:368)
	at org.openqa.selenium.remote.RemoteWebDriver.findElement(RemoteWebDriver.java:362)
	at org.openqa.selenium.support.pagefactory.DefaultElementLocator.findElement(DefaultElementLocator.java:68)
	at org.openqa.selenium.support.pagefactory.internal.LocatingElementHandler.invoke(LocatingElementHandler.java:38)
	at jdk.proxy2/jdk.proxy2.$Proxy14.click(Unknown Source)
	at lt.insoft.uztis.pages.ApplicationFormsPage.clickMenuMore(ApplicationFormsPage.java:234)
	at lt.insoft.uztis.tests.InvitationsPageTest.navigateToApplicationFormsMenu(InvitationsPageTest.java:33)
	at lt.insoft.uztis.tests.InvitationsPageTest.testCreateNewPvkInvitation(InvitationsPageTest.java:591)
	at java.base/jdk.internal.reflect.DirectMethodHandleAccessor.invoke(DirectMethodHandleAccessor.java:103)
	at java.base/java.lang.reflect.Method.invoke(Method.java:580)
	at org.junit.platform.commons.util.ReflectionUtils.invokeMethod(ReflectionUtils.java:728)
	at org.junit.jupiter.engine.execution.MethodInvocation.proceed(MethodInvocation.java:60)
	at org.junit.jupiter.engine.execution.InvocationInterceptorChain$ValidatingInvocation.proceed(InvocationInterceptorChain.java:131)
	at org.junit.jupiter.engine.extension.TimeoutExtension.intercept(TimeoutExtension.java:156)
	at org.junit.jupiter.engine.extension.TimeoutExtension.interceptTestableMethod(TimeoutExtension.java:147)
	at org.junit.jupiter.engine.extension.TimeoutExtension.interceptTestMethod(TimeoutExtension.java:86)
	at org.junit.jupiter.engine.execution.InterceptingExecutableInvoker$ReflectiveInterceptorCall.lambda$ofVoidMethod$0(InterceptingExecutableInvoker.java:103)
	at org.junit.jupiter.engine.execution.InterceptingExecutableInvoker.lambda$invoke$0(InterceptingExecutableInvoker.java:93)
	at org.junit.jupiter.engine.execution.InvocationInterceptorChain$InterceptedInvocation.proceed(InvocationInterceptorChain.java:106)
	at org.junit.jupiter.engine.execution.InvocationInterceptorChain.proceed(InvocationInterceptorChain.java:64)
	at org.junit.jupiter.engine.execution.InvocationInterceptorChain.chainAndInvoke(InvocationInterceptorChain.java:45)
	at org.junit.jupiter.engine.execution.InvocationInterceptorChain.invoke(InvocationInterceptorChain.java:37)
	at org.junit.jupiter.engine.execution.InterceptingExecutableInvoker.invoke(InterceptingExecutableInvoker.java:92)
	at org.junit.jupiter.engine.execution.InterceptingExecutableInvoker.invoke(InterceptingExecutableInvoker.java:86)
	at org.junit.jupiter.engine.descriptor.TestMethodTestDescriptor.lambda$invokeTestMethod$7(TestMethodTestDescriptor.java:218)
	at org.junit.platform.engine.support.hierarchical.ThrowableCollector.execute(ThrowableCollector.java:73)
	at org.junit.jupiter.engine.descriptor.TestMethodTestDescriptor.invokeTestMethod(TestMethodTestDescriptor.java:214)
	at org.junit.jupiter.engine.descriptor.TestMethodTestDescriptor.execute(TestMethodTestDescriptor.java:139)
	at org.junit.jupiter.engine.descriptor.TestMethodTestDescriptor.execute(TestMethodTestDescriptor.java:69)
	at org.junit.platform.engine.support.hierarchical.NodeTestTask.lambda$executeRecursively$6(NodeTestTask.java:151)
	at org.junit.platform.engine.support.hierarchical.ThrowableCollector.execute(ThrowableCollector.java:73)
	at org.junit.platform.engine.support.hierarchical.NodeTestTask.lambda$executeRecursively$8(NodeTestTask.java:141)
	at org.junit.platform.engine.support.hierarchical.Node.around(Node.java:137)
	at org.junit.platform.engine.support.hierarchical.NodeTestTask.lambda$executeRecursively$9(NodeTestTask.java:139)
	at org.junit.platform.engine.support.hierarchical.ThrowableCollector.execute(ThrowableCollector.java:73)
	at org.junit.platform.engine.support.hierarchical.NodeTestTask.executeRecursively(NodeTestTask.java:138)
	at org.junit.platform.engine.support.hierarchical.NodeTestTask.execute(NodeTestTask.java:95)
	at java.base/java.util.ArrayList.forEach(ArrayList.java:1596)
	at org.junit.platform.engine.support.hierarchical.SameThreadHierarchicalTestExecutorService.invokeAll(SameThreadHierarchicalTestExecutorService.java:41)
	at org.junit.platform.engine.support.hierarchical.NodeTestTask.lambda$executeRecursively$6(NodeTestTask.java:155)
	at org.junit.platform.engine.support.hierarchical.ThrowableCollector.execute(ThrowableCollector.java:73)
	at org.junit.platform.engine.support.hierarchical.NodeTestTask.lambda$executeRecursively$8(NodeTestTask.java:141)
	at org.junit.platform.engine.support.hierarchical.Node.around(Node.java:137)
	at org.junit.platform.engine.support.hierarchical.NodeTestTask.lambda$executeRecursively$9(NodeTestTask.java:139)
	at org.junit.platform.engine.support.hierarchical.ThrowableCollector.execute(ThrowableCollector.java:73)
	at org.junit.platform.engine.support.hierarchical.NodeTestTask.executeRecursively(NodeTestTask.java:138)
	at org.junit.platform.engine.support.hierarchical.NodeTestTask.execute(NodeTestTask.java:95)
	at java.base/java.util.ArrayList.forEach(ArrayList.java:1596)
	at org.junit.platform.engine.support.hierarchical.SameThreadHierarchicalTestExecutorService.invokeAll(SameThreadHierarchicalTestExecutorService.java:41)
	at org.junit.platform.engine.support.hierarchical.NodeTestTask.lambda$executeRecursively$6(NodeTestTask.java:155)
	at org.junit.platform.engine.support.hierarchical.ThrowableCollector.execute(ThrowableCollector.java:73)
	at org.junit.platform.engine.support.hierarchical.NodeTestTask.lambda$executeRecursively$8(NodeTestTask.java:141)
	at org.junit.platform.engine.support.hierarchical.Node.around(Node.java:137)
	at org.junit.platform.engine.support.hierarchical.NodeTestTask.lambda$executeRecursively$9(NodeTestTask.java:139)
	at org.junit.platform.engine.support.hierarchical.ThrowableCollector.execute(ThrowableCollector.java:73)
	at org.junit.platform.engine.support.hierarchical.NodeTestTask.executeRecursively(NodeTestTask.java:138)
	at org.junit.platform.engine.support.hierarchical.NodeTestTask.execute(NodeTestTask.java:95)
	at org.junit.platform.engine.support.hierarchical.SameThreadHierarchicalTestExecutorService.submit(SameThreadHierarchicalTestExecutorService.java:35)
	at org.junit.platform.engine.support.hierarchical.HierarchicalTestExecutor.execute(HierarchicalTestExecutor.java:57)
	at org.junit.platform.engine.support.hierarchical.HierarchicalTestEngine.execute(HierarchicalTestEngine.java:54)
	at org.junit.platform.launcher.core.EngineExecutionOrchestrator.execute(EngineExecutionOrchestrator.java:198)
	at org.junit.platform.launcher.core.EngineExecutionOrchestrator.execute(EngineExecutionOrchestrator.java:169)
	at org.junit.platform.launcher.core.EngineExecutionOrchestrator.execute(EngineExecutionOrchestrator.java:93)
	at org.junit.platform.launcher.core.EngineExecutionOrchestrator.lambda$execute$0(EngineExecutionOrchestrator.java:58)
	at org.junit.platform.launcher.core.EngineExecutionOrchestrator.withInterceptedStreams(EngineExecutionOrchestrator.java:141)
	at org.junit.platform.launcher.core.EngineExecutionOrchestrator.execute(EngineExecutionOrchestrator.java:57)
	at org.junit.platform.launcher.core.DefaultLauncher.execute(DefaultLauncher.java:103)
	at org.junit.platform.launcher.core.DefaultLauncher.execute(DefaultLauncher.java:85)
	at org.junit.platform.launcher.core.DelegatingLauncher.execute(DelegatingLauncher.java:47)
	at org.junit.platform.launcher.core.SessionPerRequestLauncher.execute(SessionPerRequestLauncher.java:63)
	at com.intellij.junit5.JUnit5IdeaTestRunner.startRunnerWithArgs(JUnit5IdeaTestRunner.java:57)
	at com.intellij.rt.junit.IdeaTestRunner$Repeater$1.execute(IdeaTestRunner.java:38)
	at com.intellij.rt.execution.junit.TestsRepeater.repeat(TestsRepeater.java:11)
	at com.intellij.rt.junit.IdeaTestRunner$Repeater.startRunnerWithArgs(IdeaTestRunner.java:35)
	at com.intellij.rt.junit.JUnitStarter.prepareStreamsAndStart(JUnitStarter.java:232)
	at com.intellij.rt.junit.JUnitStarter.main(JUnitStarter.java:55)
2025-04-24 08:23:24 [main] INFO  l.insoft.uztis.tests.utils.TestUtils - Screenshot moved to C:\Users\ingrida.zadorozniene\Desktop\Asm\UZTIS\UZTIS_tests\test-output\screenshots\20250424\082324056_testCreateNewPvkInvitation().png
2025-04-24 08:25:21 [main] INFO  lt.insoft.uztis.tests.UztisPageTest - Navigated to https://uztisdev.asseco.lt/home
2025-04-24 08:25:21 [main] INFO  l.i.uztis.tests.InvitationsPageTest - Starting test:'testCreateNewPvkInvitation'
2025-04-24 08:25:21 [main] DEBUG l.i.uztis.tests.InvitationsPageTest - User logged in with test credentials
2025-04-24 08:25:21 [main] DEBUG l.i.uztis.tests.InvitationsPageTest - Opened 'Application Processing' menu.
2025-04-24 08:25:21 [main] DEBUG l.i.uztis.tests.InvitationsPageTest - Clicked on 'Application Forms' menu.
2025-04-24 08:25:21 [main] DEBUG l.i.uztis.tests.InvitationsPageTest - Navigating to application forms menu.
2025-04-24 08:25:22 [main] DEBUG l.i.uztis.tests.InvitationsPageTest - Retrieved last description code text: 'TST-PVK-29'.
2025-04-24 08:25:22 [main] DEBUG l.i.uztis.tests.InvitationsPageTest - Clicked on 'Invitation' menu.
2025-04-24 08:25:22 [main] DEBUG l.i.uztis.tests.InvitationsPageTest - Clicked 'Create New Application Form'.
2025-04-24 08:25:24 [main] DEBUG l.i.uztis.tests.InvitationsPageTest - Selected section by code: 'TST-PVK-29'.
2025-04-24 08:25:24 [main] INFO  l.insoft.uztis.pages.InvitationsPage - Located the dropdown button.
2025-04-24 08:25:35 [main] ERROR l.insoft.uztis.pages.InvitationsPage - Timeout while waiting for dropdown to close with aria-expanded = 'false'.
2025-04-24 08:25:35 [main] DEBUG l.i.uztis.tests.InvitationsPageTest - Selected invitation number from the list.
2025-04-24 08:25:35 [main] DEBUG l.i.uztis.tests.InvitationsPageTest - Entered current date.
2025-04-24 08:25:36 [main] DEBUG l.i.uztis.tests.InvitationsPageTest - Entered start time: 00:00.
2025-04-24 08:25:36 [main] DEBUG l.i.uztis.tests.InvitationsPageTest - Entered end date.
2025-04-24 08:25:36 [main] DEBUG l.i.uztis.tests.InvitationsPageTest - Entered end time: 11:11.
2025-04-24 08:25:37 [main] DEBUG l.i.uztis.tests.InvitationsPageTest - Entered publication end date.
2025-04-24 08:25:37 [main] DEBUG l.i.uztis.tests.InvitationsPageTest - Added additional values.
2025-04-24 08:25:37 [main] INFO  l.insoft.uztis.pages.InvitationsPage - Located the dropdown button.
2025-04-24 08:25:38 [main] DEBUG l.i.uztis.tests.InvitationsPageTest - Selected the value: 'Didžiausia galima paramos suma aplinkos darbo vietai, Eur'
2025-04-24 08:25:38 [main] INFO  l.insoft.uztis.pages.InvitationsPage - Located the dropdown button.
2025-04-24 08:25:38 [main] DEBUG l.i.uztis.tests.InvitationsPageTest - Selected the value: 'Didžiausia galima paramos suma, Eur'
2025-04-24 08:25:38 [main] INFO  l.insoft.uztis.pages.InvitationsPage - Located the dropdown button.
2025-04-24 08:25:39 [main] DEBUG l.i.uztis.tests.InvitationsPageTest - Selected the value: 'Didžiausia galima paramos suma vienai darbo vietai, Eur'
2025-04-24 08:25:39 [main] DEBUG l.i.uztis.tests.InvitationsPageTest - Entered value: 11000
2025-04-24 08:25:39 [main] DEBUG l.i.uztis.tests.InvitationsPageTest - Entered value: 12000
2025-04-24 08:25:39 [main] DEBUG l.i.uztis.tests.InvitationsPageTest - Entered value: 13000
2025-04-24 08:25:40 [main] DEBUG l.i.uztis.tests.InvitationsPageTest - Checked 'Legal Entities' checkbox.
2025-04-24 08:25:40 [main] DEBUG l.i.uztis.tests.InvitationsPageTest - Checked 'Legal Entities' checkbox.
2025-04-24 08:25:40 [main] DEBUG l.i.uztis.tests.InvitationsPageTest - Unchecked 'Persons Registered with Employment Service' checkbox.
2025-04-24 08:25:40 [main] DEBUG l.i.uztis.tests.InvitationsPageTest - Checked 'Persons Registered as Employers' checkbox.
2025-04-24 08:25:40 [main] DEBUG l.i.uztis.tests.InvitationsPageTest - Entered second evaluation grade: '5'.
2025-04-24 08:25:40 [main] DEBUG l.i.uztis.tests.InvitationsPageTest - Entered third evaluation grade: '6'.
2025-04-24 08:25:40 [main] DEBUG l.i.uztis.tests.InvitationsPageTest - Entered second evaluation grade weight: '0,45'.
2025-04-24 08:25:40 [main] DEBUG l.i.uztis.tests.InvitationsPageTest - Entered third evaluation grade weight: '0,55'.
2025-04-24 08:25:40 [main] DEBUG l.i.uztis.tests.InvitationsPageTest - Entered budget: '2000'.
2025-04-24 08:25:40 [main] DEBUG l.i.uztis.tests.InvitationsPageTest - Entered budget: '2000'.
2025-04-24 08:25:40 [main] DEBUG l.i.uztis.tests.InvitationsPageTest - Entered budget: '2000'.
2025-04-24 08:25:41 [main] DEBUG l.i.uztis.tests.InvitationsPageTest - Entered budget: '2000'.
2025-04-24 08:25:41 [main] DEBUG l.i.uztis.tests.InvitationsPageTest - Entered budget: '2000'.
2025-04-24 08:25:41 [main] DEBUG l.i.uztis.tests.InvitationsPageTest - Entered description text: 'Aprašo tekstas'.
2025-04-24 08:25:41 [main] DEBUG l.i.uztis.tests.InvitationsPageTest - Entered applicants text: 'Pareiškėjų tekstas'.
2025-04-24 08:25:41 [main] DEBUG l.i.uztis.tests.InvitationsPageTest - Entered expenditures text: 'Išlaidų tekstas'.
2025-04-24 08:25:41 [main] DEBUG l.i.uztis.tests.InvitationsPageTest - Entered legislation text: 'Teisės aktų tekstas'.
2025-04-24 08:25:41 [main] DEBUG l.i.uztis.tests.InvitationsPageTest - Entered education text: 'Mokymų tekstas'.
2025-04-24 08:25:42 [main] DEBUG l.i.uztis.tests.InvitationsPageTest - File uploaded.
2025-04-24 08:25:42 [main] DEBUG l.i.uztis.tests.InvitationsPageTest - Clicked 'Publish'.
2025-04-24 08:25:42 [main] DEBUG l.i.uztis.tests.InvitationsPageTest - Publication confirmed.
2025-04-24 08:25:43 [main] DEBUG l.i.uztis.pages.ApplicationFormsPage - Verified success message: 'Funkcija sėkmingai atlikta.'
2025-04-24 08:25:43 [main] INFO  l.i.uztis.tests.InvitationsPageTest - Verified success message
2025-04-24 08:25:43 [main] INFO  l.i.uztis.tests.InvitationsPageTest - Test 'testCreateNewPvkInvitation' completed successfully.
2025-04-24 08:26:22 [main] INFO  lt.insoft.uztis.tests.UztisPageTest - Navigated to https://uztisdev.asseco.lt/home
2025-04-24 08:26:22 [main] INFO  l.i.uztis.tests.InvitationsPageTest - Starting test:'testInsertVui_PvkStatisticInformation'
2025-04-24 08:26:23 [main] DEBUG l.i.uztis.tests.InvitationsPageTest - User logged in with test credentials
2025-04-24 08:26:24 [main] DEBUG l.i.uztis.tests.InvitationsPageTest - Opened 'Application Processing' menu.
2025-04-24 08:26:24 [main] DEBUG l.i.uztis.tests.InvitationsPageTest - Clicked on 'Application Forms' menu.
2025-04-24 08:26:24 [main] DEBUG l.i.uztis.tests.InvitationsPageTest - Navigating to invitation forms menu.
2025-04-24 08:26:24 [main] DEBUG l.i.uztis.tests.InvitationsPageTest - Retrieved last description code text: 'TST-PVK-29'.
2025-04-24 08:26:24 [main] DEBUG l.i.uztis.tests.InvitationsPageTest - Clicked on 'Invitation' menu.
2025-04-24 08:26:25 [main] DEBUG l.i.uztis.tests.InvitationsPageTest - Selected section by code: 'TST-PVK-29'.
2025-04-24 08:26:26 [main] DEBUG l.i.uztis.tests.InvitationsPageTest - Clicked 'Search'.
2025-04-24 08:26:26 [main] DEBUG l.i.uztis.tests.InvitationsPageTest - Getting and inserting application code text.
2025-04-24 08:26:26 [main] DEBUG l.i.uztis.tests.InvitationsPageTest - Clicked 'Publishing'.
2025-04-24 08:26:26 [main] DEBUG l.i.uztis.tests.InvitationsPageTest - Clicked 'Statistic Information' tab.
2025-04-24 08:26:27 [main] DEBUG l.i.uztis.tests.InvitationsPageTest - Clicked 'Edit' button.
2025-04-24 08:26:27 [main] DEBUG l.i.uztis.tests.InvitationsPageTest - Entered current date.
2025-04-24 08:26:27 [main] DEBUG l.i.uztis.tests.InvitationsPageTest - Entered value: 8.7
2025-04-24 08:26:27 [main] DEBUG l.i.uztis.tests.InvitationsPageTest - Entered average salary: 2237.9
2025-04-24 08:26:27 [main] DEBUG l.i.uztis.tests.InvitationsPageTest - File uploaded.
2025-04-24 08:26:27 [main] DEBUG l.i.uztis.tests.InvitationsPageTest - Clicked 'Save' button.
2025-04-24 08:26:28 [main] DEBUG l.i.uztis.pages.ApplicationFormsPage - Verified success message: 'Funkcija sėkmingai atlikta.'
2025-04-24 08:26:28 [main] INFO  l.i.uztis.tests.InvitationsPageTest - Verified success message
2025-04-24 08:26:28 [main] INFO  l.i.uztis.tests.InvitationsPageTest - Test 'testInsertVui_PvkStatisticInformation' completed successfully.
2025-04-25 09:51:05 [main] INFO  lt.insoft.uztis.tests.UztisPageTest - Navigated to https://uztisdev.asseco.lt/home
2025-04-25 09:51:05 [main] INFO  l.i.u.tests.ApplicationFormsPageTest - Setup complete. ApplicationFormsPage initialized.
2025-04-25 09:51:05 [main] INFO  l.i.u.tests.ApplicationFormsPageTest - Starting test:'testCreateNewVuiApplication'
2025-04-25 09:51:05 [main] DEBUG l.i.u.tests.ApplicationFormsPageTest - User logged in with test credentials
2025-04-25 09:51:06 [main] DEBUG l.i.u.tests.ApplicationFormsPageTest - Opened 'Application Processing' menu.
2025-04-25 09:51:06 [main] DEBUG l.i.u.tests.ApplicationFormsPageTest - Clicked on 'Application Forms' menu.
2025-04-25 09:51:07 [main] DEBUG l.i.u.tests.ApplicationFormsPageTest - Clicked to create a new application form.
2025-04-25 09:51:07 [main] DEBUG l.i.u.tests.ApplicationFormsPageTest - Entered random application code: TST-VUI-10
2025-04-25 09:51:08 [main] DEBUG l.i.u.tests.ApplicationFormsPageTest - Selected 'Section' radio button.
2025-04-25 09:51:08 [main] INFO  l.i.uztis.pages.ApplicationFormsPage - Located the dropdown button.
2025-04-25 09:51:08 [main] INFO  l.i.uztis.pages.ApplicationFormsPage - Successfully selected the value: 'Skyrius 1'
2025-04-25 09:51:18 [main] ERROR l.i.uztis.pages.ApplicationFormsPage - Failed to close the dropdown with aria-expanded = 'false'.
2025-04-25 09:51:18 [main] DEBUG l.i.u.tests.ApplicationFormsPageTest - Selected a value from the 'Section' dropdown: 'Skyrius 1'
2025-04-25 09:51:18 [main] DEBUG l.i.u.tests.ApplicationFormsPageTest - Selected 'Budget by Municipality' option.
2025-04-25 09:51:19 [main] DEBUG l.i.u.tests.ApplicationFormsPageTest - Selected 'Financed Without Queue' option.
2025-04-25 09:51:19 [main] DEBUG l.i.u.tests.ApplicationFormsPageTest - Clicked 'Add' button.
2025-04-25 09:51:19 [main] INFO  l.i.uztis.pages.ApplicationFormsPage - Located the dropdown button.
2025-04-25 09:51:20 [main] INFO  l.i.uztis.pages.ApplicationFormsPage - Successfully selected the value: 'VUI atitiktis URP'
2025-04-25 09:51:30 [main] ERROR l.i.uztis.pages.ApplicationFormsPage - Failed to close the dropdown with aria-expanded = 'false'.
2025-04-25 09:51:30 [main] DEBUG l.i.u.tests.ApplicationFormsPageTest - Selected a value from the 'EvaluationOne' dropdown: 'VUI atitiktis URP'
2025-04-25 09:51:30 [main] INFO  l.i.uztis.pages.ApplicationFormsPage - Located the dropdown button.
2025-04-25 09:51:30 [main] INFO  l.i.uztis.pages.ApplicationFormsPage - Successfully selected the value: 'VUI atitiktis kokybės kriterijams'
2025-04-25 09:51:41 [main] ERROR l.i.uztis.pages.ApplicationFormsPage - Failed to close the dropdown with aria-expanded = 'false'.
2025-04-25 09:51:41 [main] DEBUG l.i.u.tests.ApplicationFormsPageTest - Selected a value from the 'EvaluationTwon' dropdown: 'VUI atitiktis kokybės kriterijams'
2025-04-25 09:51:41 [main] INFO  l.i.uztis.pages.ApplicationFormsPage - Located the dropdown button.
2025-04-25 09:51:41 [main] INFO  l.i.uztis.pages.ApplicationFormsPage - Successfully selected the value: 'VUI gynimo vertinimo forma'
2025-04-25 09:51:51 [main] ERROR l.i.uztis.pages.ApplicationFormsPage - Failed to close the dropdown with aria-expanded = 'false'.
2025-04-25 09:51:51 [main] DEBUG l.i.u.tests.ApplicationFormsPageTest - Selected a value from the 'EvaluationThree' dropdown: 'VUI gynimo vertinimo forma'
2025-04-25 09:51:51 [main] DEBUG l.i.u.tests.ApplicationFormsPageTest - Clicked 'Plus' button.
2025-04-25 09:51:52 [main] DEBUG l.i.u.tests.ApplicationFormsPageTest - Clicked 'Add' button seven times.
2025-04-25 09:51:52 [main] INFO  l.i.uztis.pages.ApplicationFormsPage - Processing dropdown index: 0
2025-04-25 09:52:02 [main] ERROR l.i.uztis.pages.ApplicationFormsPage - Timeout while waiting for dropdown to close at index: 0 with aria-expanded = 'false'
2025-04-25 09:52:02 [main] INFO  l.i.uztis.pages.ApplicationFormsPage - Processing dropdown index: 1
2025-04-25 09:52:13 [main] ERROR l.i.uztis.pages.ApplicationFormsPage - Timeout while waiting for dropdown to close at index: 1 with aria-expanded = 'false'
2025-04-25 09:52:13 [main] INFO  l.i.uztis.pages.ApplicationFormsPage - Processing dropdown index: 2
2025-04-25 09:52:24 [main] ERROR l.i.uztis.pages.ApplicationFormsPage - Timeout while waiting for dropdown to close at index: 2 with aria-expanded = 'false'
2025-04-25 09:52:24 [main] INFO  l.i.uztis.pages.ApplicationFormsPage - Processing dropdown index: 3
2025-04-25 09:52:34 [main] ERROR l.i.uztis.pages.ApplicationFormsPage - Timeout while waiting for dropdown to close at index: 3 with aria-expanded = 'false'
2025-04-25 09:52:35 [main] INFO  l.i.uztis.pages.ApplicationFormsPage - Processing dropdown index: 4
2025-04-25 09:52:45 [main] ERROR l.i.uztis.pages.ApplicationFormsPage - Timeout while waiting for dropdown to close at index: 4 with aria-expanded = 'false'
2025-04-25 09:52:45 [main] INFO  l.i.uztis.pages.ApplicationFormsPage - Processing dropdown index: 5
2025-04-25 09:52:57 [main] ERROR l.i.uztis.pages.ApplicationFormsPage - Timeout while waiting for dropdown to close at index: 5 with aria-expanded = 'false'
2025-04-25 09:52:57 [main] INFO  l.i.uztis.pages.ApplicationFormsPage - Processing dropdown index: 6
2025-04-25 09:53:07 [main] ERROR l.i.uztis.pages.ApplicationFormsPage - Timeout while waiting for dropdown to close at index: 6 with aria-expanded = 'false'
2025-04-25 09:53:07 [main] INFO  l.i.uztis.pages.ApplicationFormsPage - Processing dropdown index: 7
2025-04-25 09:53:18 [main] ERROR l.i.uztis.pages.ApplicationFormsPage - Timeout while waiting for dropdown to close at index: 7 with aria-expanded = 'false'
2025-04-25 09:53:18 [main] INFO  l.i.uztis.pages.ApplicationFormsPage - Processing input field index: 0
2025-04-25 09:53:18 [main] INFO  l.i.uztis.pages.ApplicationFormsPage - Entered value '50' into field index: 0
2025-04-25 09:53:18 [main] INFO  l.i.uztis.pages.ApplicationFormsPage - Processing input field index: 1
2025-04-25 09:53:19 [main] INFO  l.i.uztis.pages.ApplicationFormsPage - Entered value '924' into field index: 1
2025-04-25 09:53:19 [main] INFO  l.i.uztis.pages.ApplicationFormsPage - Processing input field index: 2
2025-04-25 09:53:19 [main] INFO  l.i.uztis.pages.ApplicationFormsPage - Entered value '31' into field index: 2
2025-04-25 09:53:19 [main] INFO  l.i.uztis.pages.ApplicationFormsPage - Processing input field index: 3
2025-04-25 09:53:19 [main] INFO  l.i.uztis.pages.ApplicationFormsPage - Entered value '4.7' into field index: 3
2025-04-25 09:53:19 [main] INFO  l.i.uztis.pages.ApplicationFormsPage - Processing input field index: 4
2025-04-25 09:53:19 [main] INFO  l.i.uztis.pages.ApplicationFormsPage - Entered value '35' into field index: 4
2025-04-25 09:53:19 [main] INFO  l.i.uztis.pages.ApplicationFormsPage - Processing input field index: 5
2025-04-25 09:53:19 [main] INFO  l.i.uztis.pages.ApplicationFormsPage - Entered value '20' into field index: 5
2025-04-25 09:53:19 [main] INFO  l.i.uztis.pages.ApplicationFormsPage - Processing input field index: 6
2025-04-25 09:53:19 [main] INFO  l.i.uztis.pages.ApplicationFormsPage - Entered value '30' into field index: 6
2025-04-25 09:53:19 [main] INFO  l.i.uztis.pages.ApplicationFormsPage - Processing input field index: 7
2025-04-25 09:53:19 [main] INFO  l.i.uztis.pages.ApplicationFormsPage - Entered value '60' into field index: 7
2025-04-25 09:53:19 [main] DEBUG l.i.u.tests.ApplicationFormsPageTest - Entered additional values and text.
2025-04-25 09:53:19 [main] DEBUG l.i.u.tests.ApplicationFormsPageTest - Entered application name: VUI paraiška
2025-04-25 09:53:19 [main] DEBUG l.i.u.tests.ApplicationFormsPageTest - Clicked the 'Save' button.
2025-04-25 09:53:20 [main] DEBUG l.i.uztis.pages.ApplicationFormsPage - Verified success message: 'Duomenys sėkmingai išsaugoti.'
2025-04-25 09:53:20 [main] INFO  l.i.u.tests.ApplicationFormsPageTest - Verified success message
2025-04-25 09:53:20 [main] INFO  l.i.u.tests.ApplicationFormsPageTest - Verified that the 'Save Form' button is displayed.
2025-04-25 09:53:20 [main] INFO  l.i.u.tests.ApplicationFormsPageTest - Test 'testCreateNewVuiApplication' completed successfully.
2025-04-25 09:53:51 [main] INFO  lt.insoft.uztis.tests.UztisPageTest - Navigated to https://uztisdev.asseco.lt/home
2025-04-25 09:53:51 [main] INFO  l.i.u.tests.ApplicationFormsPageTest - Setup complete. ApplicationFormsPage initialized.
2025-04-25 09:53:51 [main] INFO  l.i.u.tests.ApplicationFormsPageTest - Starting test:'testEditAndSaveVuiApplication'
2025-04-25 09:53:52 [main] DEBUG l.i.u.tests.ApplicationFormsPageTest - User logged in with test credentials
2025-04-25 09:53:52 [main] DEBUG l.i.u.tests.ApplicationFormsPageTest - Opened 'Application Processing' menu.
2025-04-25 09:53:52 [main] DEBUG l.i.u.tests.ApplicationFormsPageTest - Clicked on 'Application Forms' menu.
2025-04-25 09:53:54 [main] DEBUG l.i.u.tests.ApplicationFormsPageTest - Selected the last application description.
2025-04-25 09:53:54 [main] DEBUG l.i.u.tests.ApplicationFormsPageTest - Clicked the 'Edit' button.
2025-04-25 09:53:54 [main] DEBUG l.i.u.tests.ApplicationFormsPageTest - Selected 'Municipality' radio button.
2025-04-25 09:53:54 [main] INFO  l.i.uztis.pages.ApplicationFormsPage - Located the dropdown button.
2025-04-25 09:53:54 [main] INFO  l.i.uztis.pages.ApplicationFormsPage - Successfully selected the value: 'Kauno departamentas'
2025-04-25 09:54:05 [main] ERROR l.i.uztis.pages.ApplicationFormsPage - Failed to close the dropdown with aria-expanded = 'false'.
2025-04-25 09:54:05 [main] DEBUG l.i.u.tests.ApplicationFormsPageTest - Selected a value from the 'Municipality' dropdown: 'Kauno departamentas'
2025-04-25 09:54:05 [main] DEBUG l.i.u.tests.ApplicationFormsPageTest - Selected 'Budget By Country' radio button.
2025-04-25 09:54:05 [main] DEBUG l.i.u.tests.ApplicationFormsPageTest - Selected 'Financed By Queue' radio button.
2025-04-25 09:54:05 [main] DEBUG l.i.u.tests.ApplicationFormsPageTest - Entered new application name: _paredaguota
2025-04-25 09:54:05 [main] DEBUG l.i.u.tests.ApplicationFormsPageTest - Clicked the 'Save' button.
2025-04-25 09:54:06 [main] DEBUG l.i.uztis.pages.ApplicationFormsPage - Verified success message: 'Duomenys sėkmingai išsaugoti.'
2025-04-25 09:54:06 [main] INFO  l.i.u.tests.ApplicationFormsPageTest - Verified success message
2025-04-25 09:54:06 [main] INFO  l.i.u.tests.ApplicationFormsPageTest - Test 'testEditAndSaveVuiApplication' completed successfully.
2025-04-25 09:54:19 [main] INFO  lt.insoft.uztis.tests.UztisPageTest - Navigated to https://uztisdev.asseco.lt/home
2025-04-25 09:54:19 [main] INFO  l.i.u.tests.ApplicationFormsPageTest - Setup complete. ApplicationFormsPage initialized.
2025-04-25 09:54:19 [main] INFO  l.i.u.tests.ApplicationFormsPageTest - Starting test:'testAddContractVUI'
2025-04-25 09:54:19 [main] DEBUG l.i.u.tests.ApplicationFormsPageTest - User logged in with test credentials
2025-04-25 09:54:20 [main] DEBUG l.i.u.tests.ApplicationFormsPageTest - Opened 'Application Processing' menu.
2025-04-25 09:54:20 [main] DEBUG l.i.u.tests.ApplicationFormsPageTest - Clicked on 'Application Forms' menu.
2025-04-25 09:54:21 [main] DEBUG l.i.u.tests.ApplicationFormsPageTest - Selected the last application description.
2025-04-25 09:54:21 [main] DEBUG l.i.u.tests.ApplicationFormsPageTest - Clicked 'Project Progress' tab.
2025-04-25 09:54:21 [main] DEBUG l.i.u.tests.ApplicationFormsPageTest - Clicked the 'Edit' button.
2025-04-25 09:54:21 [main] INFO  l.i.uztis.pages.ApplicationFormsPage - Located the dropdown button.
2025-04-25 09:54:26 [main] INFO  l.i.uztis.pages.ApplicationFormsPage - Successfully selected the value: 'Vietinių užimtumo iniciatyvų projekto įgyvendinimo ir finansavimo sutartis'
2025-04-25 09:54:36 [main] ERROR l.i.uztis.pages.ApplicationFormsPage - Failed to close the dropdown with aria-expanded = 'false'.
2025-04-25 09:54:36 [main] DEBUG l.i.u.tests.ApplicationFormsPageTest - Selected a value from the 'Document' dropdown: 'Vietinių užimtumo iniciatyvų projekto įgyvendinimo ir finansavimo sutartis'
2025-04-25 09:54:36 [main] DEBUG l.i.u.tests.ApplicationFormsPageTest - Clicked the 'Save' button.
2025-04-25 09:54:36 [main] ERROR l.i.uztis.pages.ApplicationFormsPage - Failed to verify the success message: 'Funkcija sėkmingai atlikta.'. Available messages: [Duomenys sėkmingai išsaugoti.]
2025-04-25 09:54:36 [main] INFO  l.i.u.tests.ApplicationFormsPageTest - Verified success message
2025-04-25 09:54:36 [main] INFO  l.i.u.tests.ApplicationFormsPageTest - Test 'testAddContractVUI' completed successfully.
2025-04-25 09:55:23 [main] INFO  lt.insoft.uztis.tests.UztisPageTest - Navigated to https://uztisdev.asseco.lt/home
2025-04-25 09:55:23 [main] INFO  l.i.uztis.tests.InvitationsPageTest - Starting test:'testCreateNewVuiInvitationDraft'
2025-04-25 09:55:23 [main] DEBUG l.i.uztis.tests.InvitationsPageTest - User logged in with test credentials
2025-04-25 09:55:24 [main] DEBUG l.i.uztis.tests.InvitationsPageTest - Opened 'Application Processing' menu.
2025-04-25 09:55:24 [main] DEBUG l.i.uztis.tests.InvitationsPageTest - Clicked on 'Application Forms' menu.
2025-04-25 09:55:24 [main] DEBUG l.i.uztis.tests.InvitationsPageTest - Navigating to application forms menu.
2025-04-25 09:55:24 [main] DEBUG l.i.uztis.tests.InvitationsPageTest - Retrieved last description code text: 'TST-VUI-10'.
2025-04-25 09:55:24 [main] DEBUG l.i.uztis.tests.InvitationsPageTest - Clicked on 'Invitation' menu.
2025-04-25 09:55:25 [main] DEBUG l.i.uztis.tests.InvitationsPageTest - Clicked 'Create New Application Form'.
2025-04-25 09:55:26 [main] DEBUG l.i.uztis.tests.InvitationsPageTest - Selected section by code: 'TST-VUI-10'.
2025-04-25 09:55:26 [main] INFO  l.insoft.uztis.pages.InvitationsPage - Located the dropdown button.
2025-04-25 09:55:37 [main] ERROR l.insoft.uztis.pages.InvitationsPage - Timeout while waiting for dropdown to close with aria-expanded = 'false'.
2025-04-25 09:55:37 [main] DEBUG l.i.uztis.tests.InvitationsPageTest - Selected invitation number from the list.
2025-04-25 09:55:37 [main] DEBUG l.i.uztis.tests.InvitationsPageTest - Entered current date.
2025-04-25 09:55:38 [main] DEBUG l.i.uztis.tests.InvitationsPageTest - Entered start time: 00:00.
2025-04-25 09:55:38 [main] DEBUG l.i.uztis.tests.InvitationsPageTest - Entered end date.
2025-04-25 09:55:38 [main] DEBUG l.i.uztis.tests.InvitationsPageTest - Entered end time: 11:11.
2025-04-25 09:55:38 [main] DEBUG l.i.uztis.tests.InvitationsPageTest - Draft saved.
2025-04-25 09:55:39 [main] DEBUG l.i.uztis.pages.ApplicationFormsPage - Verified success message: 'Duomenys sėkmingai išsaugoti.'
2025-04-25 09:55:39 [main] INFO  l.i.uztis.tests.InvitationsPageTest - Verified success message
2025-04-25 09:55:39 [main] INFO  l.i.uztis.tests.InvitationsPageTest - Test 'testCreateNewVuiInvitationDraft' completed successfully.
2025-04-25 09:55:57 [main] INFO  lt.insoft.uztis.tests.UztisPageTest - Navigated to https://uztisdev.asseco.lt/home
2025-04-25 09:55:57 [main] INFO  l.i.uztis.tests.InvitationsPageTest - Starting test:'testEditAndPublishVuiInvitationDraft'
2025-04-25 09:55:58 [main] DEBUG l.i.uztis.tests.InvitationsPageTest - User logged in with test credentials
2025-04-25 09:55:58 [main] DEBUG l.i.uztis.tests.InvitationsPageTest - Opened 'Application Processing' menu.
2025-04-25 09:55:58 [main] DEBUG l.i.uztis.tests.InvitationsPageTest - Clicked on 'Application Forms' menu.
2025-04-25 09:55:58 [main] DEBUG l.i.uztis.tests.InvitationsPageTest - Navigating to application forms menu.
2025-04-25 09:55:59 [main] DEBUG l.i.uztis.tests.InvitationsPageTest - Retrieved last description code text: 'TST-VUI-10'.
2025-04-25 09:55:59 [main] DEBUG l.i.uztis.tests.InvitationsPageTest - Clicked on 'Invitation' menu.
2025-04-25 09:56:00 [main] DEBUG l.i.uztis.tests.InvitationsPageTest - Selected section by code: 'TST-VUI-10'.
2025-04-25 09:56:00 [main] DEBUG l.i.uztis.tests.InvitationsPageTest - Clicked 'Search'.
2025-04-25 09:56:00 [main] DEBUG l.i.uztis.tests.InvitationsPageTest - Getting and inserting application code text.
2025-04-25 09:56:00 [main] DEBUG l.i.uztis.tests.InvitationsPageTest - Clicked 'InvitationDraft'.
2025-04-25 09:56:01 [main] DEBUG l.i.uztis.tests.InvitationsPageTest - Clicked 'Edit'.
2025-04-25 09:56:01 [main] DEBUG l.i.uztis.tests.InvitationsPageTest - Entered publication end date.
2025-04-25 09:56:02 [main] DEBUG l.i.uztis.tests.InvitationsPageTest - Added additional values.
2025-04-25 09:56:02 [main] INFO  l.insoft.uztis.pages.InvitationsPage - Located the dropdown button.
2025-04-25 09:56:02 [main] DEBUG l.i.uztis.tests.InvitationsPageTest - Selected the value: 'Didžiausia galima paramos suma aplinkos darbo vietai, Eur'
2025-04-25 09:56:02 [main] INFO  l.insoft.uztis.pages.InvitationsPage - Located the dropdown button.
2025-04-25 09:56:02 [main] DEBUG l.i.uztis.tests.InvitationsPageTest - Selected the value: 'Didžiausia galima paramos suma, Eur'
2025-04-25 09:56:02 [main] INFO  l.insoft.uztis.pages.InvitationsPage - Located the dropdown button.
2025-04-25 09:56:02 [main] DEBUG l.i.uztis.tests.InvitationsPageTest - Selected the value: 'Didžiausia galima paramos suma vienai darbo vietai, Eur'
2025-04-25 09:56:03 [main] DEBUG l.i.uztis.tests.InvitationsPageTest - Entered value: 11000
2025-04-25 09:56:03 [main] DEBUG l.i.uztis.tests.InvitationsPageTest - Entered value: 12000
2025-04-25 09:56:03 [main] DEBUG l.i.uztis.tests.InvitationsPageTest - Entered value: 13000
2025-04-25 09:56:03 [main] DEBUG l.i.uztis.tests.InvitationsPageTest - Checked 'Legal Entities' checkbox.
2025-04-25 09:56:03 [main] DEBUG l.i.uztis.tests.InvitationsPageTest - Checked 'Legal Entities' checkbox.
2025-04-25 09:56:03 [main] DEBUG l.i.uztis.tests.InvitationsPageTest - Unchecked 'Persons Registered with Employment Service' checkbox.
2025-04-25 09:56:03 [main] DEBUG l.i.uztis.tests.InvitationsPageTest - Checked 'Persons Registered as Employers' checkbox.
2025-04-25 09:56:04 [main] DEBUG l.i.uztis.tests.InvitationsPageTest - Entered second evaluation grade: '5'.
2025-04-25 09:56:04 [main] DEBUG l.i.uztis.tests.InvitationsPageTest - Entered third evaluation grade: '6'.
2025-04-25 09:56:04 [main] DEBUG l.i.uztis.tests.InvitationsPageTest - Entered second evaluation grade weight: '0,45'.
2025-04-25 09:56:04 [main] DEBUG l.i.uztis.tests.InvitationsPageTest - Entered third evaluation grade weight: '0,55'.
2025-04-25 09:56:04 [main] DEBUG l.i.uztis.tests.InvitationsPageTest - Entered budget: '2000'.
2025-04-25 09:56:04 [main] DEBUG l.i.uztis.tests.InvitationsPageTest - Entered description text: 'Aprašo tekstas'.
2025-04-25 09:56:04 [main] DEBUG l.i.uztis.tests.InvitationsPageTest - Entered applicants text: 'Pareiškėjų tekstas'.
2025-04-25 09:56:04 [main] DEBUG l.i.uztis.tests.InvitationsPageTest - Entered expenditures text: 'Išlaidų tekstas'.
2025-04-25 09:56:04 [main] DEBUG l.i.uztis.tests.InvitationsPageTest - Entered legislation text: 'Teisės aktų tekstas'.
2025-04-25 09:56:05 [main] DEBUG l.i.uztis.tests.InvitationsPageTest - Entered education text: 'Mokymų tekstas'.
2025-04-25 09:56:05 [main] DEBUG l.i.uztis.tests.InvitationsPageTest - File uploaded.
2025-04-25 09:56:05 [main] DEBUG l.i.uztis.tests.InvitationsPageTest - Clicked 'Publish'.
2025-04-25 09:56:05 [main] DEBUG l.i.uztis.tests.InvitationsPageTest - Publication confirmed.
2025-04-25 09:56:06 [main] DEBUG l.i.uztis.pages.ApplicationFormsPage - Verified success message: 'Funkcija sėkmingai atlikta.'
2025-04-25 09:56:06 [main] INFO  l.i.uztis.tests.InvitationsPageTest - Verified success message
2025-04-25 09:56:06 [main] INFO  l.i.uztis.tests.InvitationsPageTest - Test 'testEditAndPublishVuiInvitationDraft' completed successfully.
2025-04-25 09:56:23 [main] INFO  lt.insoft.uztis.tests.UztisPageTest - Navigated to https://uztisdev.asseco.lt/home
2025-04-25 09:56:23 [main] INFO  l.i.uztis.tests.InvitationsPageTest - Starting test:'testInsertVui_PvkStatisticInformation'
2025-04-25 09:56:23 [main] DEBUG l.i.uztis.tests.InvitationsPageTest - User logged in with test credentials
2025-04-25 09:56:24 [main] DEBUG l.i.uztis.tests.InvitationsPageTest - Opened 'Application Processing' menu.
2025-04-25 09:56:24 [main] DEBUG l.i.uztis.tests.InvitationsPageTest - Clicked on 'Application Forms' menu.
2025-04-25 09:56:24 [main] DEBUG l.i.uztis.tests.InvitationsPageTest - Navigating to invitation forms menu.
2025-04-25 09:56:24 [main] DEBUG l.i.uztis.tests.InvitationsPageTest - Retrieved last description code text: 'TST-VUI-10'.
2025-04-25 09:56:24 [main] DEBUG l.i.uztis.tests.InvitationsPageTest - Clicked on 'Invitation' menu.
2025-04-25 09:56:25 [main] DEBUG l.i.uztis.tests.InvitationsPageTest - Selected section by code: 'TST-VUI-10'.
2025-04-25 09:56:26 [main] DEBUG l.i.uztis.tests.InvitationsPageTest - Clicked 'Search'.
2025-04-25 09:56:26 [main] DEBUG l.i.uztis.tests.InvitationsPageTest - Getting and inserting application code text.
2025-04-25 09:56:26 [main] DEBUG l.i.uztis.tests.InvitationsPageTest - Clicked 'Publishing'.
2025-04-25 09:56:26 [main] DEBUG l.i.uztis.tests.InvitationsPageTest - Clicked 'Statistic Information' tab.
2025-04-25 09:56:26 [main] DEBUG l.i.uztis.tests.InvitationsPageTest - Clicked 'Edit' button.
2025-04-25 09:56:27 [main] DEBUG l.i.uztis.tests.InvitationsPageTest - Entered current date.
2025-04-25 09:56:27 [main] DEBUG l.i.uztis.tests.InvitationsPageTest - Entered value: 8.7
2025-04-25 09:56:27 [main] DEBUG l.i.uztis.tests.InvitationsPageTest - Entered average salary: 2237.9
2025-04-25 09:56:27 [main] DEBUG l.i.uztis.tests.InvitationsPageTest - File uploaded.
2025-04-25 09:56:27 [main] DEBUG l.i.uztis.tests.InvitationsPageTest - Clicked 'Save' button.
2025-04-25 09:56:28 [main] DEBUG l.i.uztis.pages.ApplicationFormsPage - Verified success message: 'Funkcija sėkmingai atlikta.'
2025-04-25 09:56:28 [main] INFO  l.i.uztis.tests.InvitationsPageTest - Verified success message
2025-04-25 09:56:28 [main] INFO  l.i.uztis.tests.InvitationsPageTest - Test 'testInsertVui_PvkStatisticInformation' completed successfully.
2025-04-25 10:06:11 [main] INFO  lt.insoft.uztis.tests.UztisPageTest - Navigated to https://uztisdev.asseco.lt/home
2025-04-25 10:06:11 [main] INFO  l.i.u.t.SubmittedApplicationsPageTest - Starting test:'testFillNewVUIPApplicationFA'
2025-04-25 10:06:11 [main] DEBUG l.i.u.t.SubmittedApplicationsPageTest - User logged in with test credentials.
2025-04-25 10:06:12 [main] DEBUG l.i.u.t.SubmittedApplicationsPageTest - Opened 'Application Processing' menu.
2025-04-25 10:06:12 [main] DEBUG l.i.u.t.SubmittedApplicationsPageTest - Clicked on 'Application Forms' menu.
2025-04-25 10:06:13 [main] DEBUG l.i.u.t.SubmittedApplicationsPageTest - Retrieved last description code text: 'TST-VUI-10'.
2025-04-25 10:06:13 [main] DEBUG l.i.u.t.SubmittedApplicationsPageTest - Clicked on 'Invitation' menu.
2025-04-25 10:06:14 [main] DEBUG l.i.u.t.SubmittedApplicationsPageTest - Selected application section by code: 'TST-VUI-10'.
2025-04-25 10:06:14 [main] DEBUG l.i.u.t.SubmittedApplicationsPageTest - Clicked 'Search' button.
2025-04-25 10:06:14 [main] DEBUG l.i.u.t.SubmittedApplicationsPageTest - Retrieved invitation code: ''.
2025-04-25 10:06:14 [main] DEBUG l.i.u.t.SubmittedApplicationsPageTest - Clicked on 'Submitted Applications' menu.
2025-04-25 10:06:16 [main] DEBUG l.i.u.t.SubmittedApplicationsPageTest - Selected invitation by code: 'TST-VUI-10'.
2025-04-25 10:06:16 [main] DEBUG l.i.u.t.SubmittedApplicationsPageTest - Invitation code inserted.
2025-04-25 10:06:16 [main] DEBUG l.i.u.t.SubmittedApplicationsPageTest - Clicked on 'Action Application' button.
2025-04-25 10:06:16 [main] DEBUG l.i.u.t.SubmittedApplicationsPageTest - Clicked on 'New Application' button.
2025-04-25 10:06:17 [main] DEBUG l.i.u.t.SubmittedApplicationsPageTest - Selected the 'RadioButtonFA' option.
2025-04-25 10:06:17 [main] DEBUG l.i.u.t.SubmittedApplicationsPageTest - Entered phone number: '61298745'.
2025-04-25 10:06:17 [main] DEBUG l.i.u.t.SubmittedApplicationsPageTest - Entered email: 'test@autotest.com'.
2025-04-25 10:06:17 [main] INFO  l.i.u.p.SubmittedApplicationsPage - Clicking on the dropdown button.
2025-04-25 10:06:33 [main] INFO  l.i.u.p.SubmittedApplicationsPage - Found 1741 options in the dropdown.
2025-04-25 10:06:33 [main] DEBUG l.i.u.p.SubmittedApplicationsPage - Checking option: ''
2025-04-25 10:06:33 [main] DEBUG l.i.u.p.SubmittedApplicationsPage - Checking option: '01.11 - Grūdinių (išskyrus ryžius), ankštinių ir aliejingų sėklų augalų auginimas'
2025-04-25 10:06:33 [main] INFO  l.i.u.p.SubmittedApplicationsPage - Successfully selected the value: '01.11 - Grūdinių (išskyrus ryžius), ankštinių ir aliejingų sėklų augalų auginimas'
2025-04-25 10:06:33 [main] INFO  l.i.u.p.SubmittedApplicationsPage - Attempting to close the dropdown.
2025-04-25 10:06:34 [main] DEBUG l.i.u.t.SubmittedApplicationsPageTest - Selected EVRK value: '01.11 - Grūdinių (išskyrus ryžius), ankštinių ir aliejingų sėklų augalų auginimas'.
2025-04-25 10:06:34 [main] DEBUG l.i.u.t.SubmittedApplicationsPageTest - Clicked on 'Address Component' button.
2025-04-25 10:06:34 [main] INFO  l.i.u.p.SubmittedApplicationsPage - Located the dropdown button.
2025-04-25 10:06:37 [main] INFO  l.i.u.p.SubmittedApplicationsPage - Successfully selected the value: 'Lietuva'
2025-04-25 10:06:37 [main] DEBUG l.i.u.t.SubmittedApplicationsPageTest - Selected country: 'Lietuva'.
2025-04-25 10:06:37 [main] INFO  l.i.u.p.SubmittedApplicationsPage - Located the dropdown search field.
2025-04-25 10:06:37 [main] INFO  l.i.u.p.SubmittedApplicationsPage - Dropdown city is opened.
2025-04-25 10:06:37 [main] INFO  l.i.u.p.SubmittedApplicationsPage - Searched for value: 'Vilnius'
2025-04-25 10:06:38 [main] INFO  l.i.u.p.SubmittedApplicationsPage - Successfully selected: 'Vilnius'
2025-04-25 10:06:38 [main] INFO  l.i.u.p.SubmittedApplicationsPage - Located the dropdown button.
2025-04-25 10:06:38 [main] INFO  l.i.u.p.SubmittedApplicationsPage - Successfully selected the value: 'A. Domaševičiaus g.'
2025-04-25 10:06:38 [main] DEBUG l.i.u.t.SubmittedApplicationsPageTest - Selected street: 'A. Domaševičiaus g.'.
2025-04-25 10:06:38 [main] INFO  l.i.u.p.SubmittedApplicationsPage - Located the dropdown button.
2025-04-25 10:06:38 [main] INFO  l.i.u.p.SubmittedApplicationsPage - Successfully selected the value: '1'
2025-04-25 10:06:38 [main] DEBUG l.i.u.t.SubmittedApplicationsPageTest - Selected house: '1'.
2025-04-25 10:06:38 [main] INFO  l.i.u.p.SubmittedApplicationsPage - Located the dropdown button.
2025-04-25 10:06:39 [main] INFO  l.i.u.p.SubmittedApplicationsPage - Successfully selected the value: '1'
2025-04-25 10:06:39 [main] DEBUG l.i.u.t.SubmittedApplicationsPageTest - Selected apartment: '1'.
2025-04-25 10:06:39 [main] DEBUG l.i.u.t.SubmittedApplicationsPageTest - Clicked 'Confirm' button.
2025-04-25 10:06:39 [main] DEBUG l.i.u.t.SubmittedApplicationsPageTest - Entered project date.
2025-04-25 10:06:39 [main] DEBUG l.i.u.t.SubmittedApplicationsPageTest - Entered job count: '1'.
2025-04-25 10:06:39 [main] DEBUG l.i.u.t.SubmittedApplicationsPageTest - Clicked 'Next' button.
2025-04-25 10:06:39 [main] INFO  l.i.u.p.SubmittedApplicationsPage - Located the dropdown button.
2025-04-25 10:06:40 [main] INFO  l.i.u.p.SubmittedApplicationsPage - Successfully selected the value: 'Administratoriai'
2025-04-25 10:06:40 [main] DEBUG l.i.u.t.SubmittedApplicationsPageTest - Selected job name: 'Administratoriai'.
2025-04-25 10:06:41 [main] DEBUG l.i.u.t.SubmittedApplicationsPageTest - Entered job function: 'Funkcija 1'.
2025-04-25 10:06:41 [main] DEBUG l.i.u.t.SubmittedApplicationsPageTest - Selected 'RadioButtonWithDisabilities' option.
2025-04-25 10:06:41 [main] INFO  l.i.u.p.SubmittedApplicationsPage - Clicking on the dropdown button.
2025-04-25 10:06:42 [main] INFO  l.i.u.p.SubmittedApplicationsPage - Found 34 options in the dropdown.
2025-04-25 10:06:42 [main] DEBUG l.i.u.p.SubmittedApplicationsPage - Checking option: 'Asmenys, kuriems suteiktas pabėgėlio statusas ar perkeliamojo asmens statusas, arba asmenys, kuriems suteikta papildoma ar laikinoji apsauga, ir asmenys, turintys teisę gauti laikinąją apsaugą, iki sprendimo dėl laikinosios apsaugos suteikimo (nesuteikimo) priėmimo, tačiau ne ilgiau kaip laikinosios apsaugos laikotarpiu'
2025-04-25 10:06:42 [main] DEBUG l.i.u.p.SubmittedApplicationsPage - Checking option: 'Asmenys, kuriems suteiktas pabėgėlio statusas ar perkeliamojo asmens statusas, arba asmenys, kuriems suteikta papildoma ar laikinoji apsauga, ir asmenys, turintys teisę gauti laikinąją apsaugą, iki sprendimo dėl laikinosios apsaugos suteikimo (nesuteikimo) priėmimo, tačiau ne ilgiau kaip laikinosios apsaugos laikotarpiu'
2025-04-25 10:06:42 [main] DEBUG l.i.u.p.SubmittedApplicationsPage - Checking option: 'Asmenys, turintys teisę į papildomas užimtumo garantijas pagal Lietuvos Respublikos valstybės įmonės Ignalinos atominės elektrinės darbuotojų papildomų užimtumo ir socialinių garantijų įstatymą'
2025-04-25 10:06:42 [main] DEBUG l.i.u.p.SubmittedApplicationsPage - Checking option: 'Asmenys, turintys teisę į papildomas užimtumo garantijas pagal Lietuvos Respublikos valstybės įmonės Ignalinos atominės elektrinės darbuotojų papildomų užimtumo ir socialinių garantijų įstatymą'
2025-04-25 10:06:42 [main] DEBUG l.i.u.p.SubmittedApplicationsPage - Checking option: 'Bedarbiai iki 29 metų'
2025-04-25 10:06:42 [main] DEBUG l.i.u.p.SubmittedApplicationsPage - Checking option: 'Bedarbiai iki 29 metų'
2025-04-25 10:06:42 [main] DEBUG l.i.u.p.SubmittedApplicationsPage - Checking option: 'Bedarbiai, kurie yra darbingo amžiaus neįgalieji, kuriems nustatytas 30–40 procentų darbingumo lygis arba vidutinis neįgalumo lygis'
2025-04-25 10:06:42 [main] DEBUG l.i.u.p.SubmittedApplicationsPage - Checking option: 'Bedarbiai, kurie yra darbingo amžiaus neįgalieji, kuriems nustatytas 30–40 procentų darbingumo lygis arba vidutinis neįgalumo lygis'
2025-04-25 10:06:42 [main] DEBUG l.i.u.p.SubmittedApplicationsPage - Checking option: 'Bedarbiai, kurie yra darbingo amžiaus neįgalieji, kuriems nustatytas 45–55 procentų darbingumo lygis arba lengvas neįgalumo lygis'
2025-04-25 10:06:42 [main] DEBUG l.i.u.p.SubmittedApplicationsPage - Checking option: 'Bedarbiai, kurie yra darbingo amžiaus neįgalieji, kuriems nustatytas 45–55 procentų darbingumo lygis arba lengvas neįgalumo lygis'
2025-04-25 10:06:42 [main] DEBUG l.i.u.p.SubmittedApplicationsPage - Checking option: 'Bedarbiai, kurie yra darbingo amžiaus neįgalieji, kuriems nustatytas iki 25 procentų darbingumo lygis arba sunkus neįgalumo lygis'
2025-04-25 10:06:42 [main] INFO  l.i.u.p.SubmittedApplicationsPage - Successfully selected the value: 'Bedarbiai, kurie yra darbingo amžiaus neįgalieji, kuriems nustatytas iki 25 procentų darbingumo lygis arba sunkus neįgalumo lygis'
2025-04-25 10:06:42 [main] INFO  l.i.u.p.SubmittedApplicationsPage - Attempting to close the dropdown.
2025-04-25 10:06:43 [main] DEBUG l.i.u.t.SubmittedApplicationsPageTest - Selected disabilities type: 'Bedarbiai, kurie yra darbingo amžiaus neįgalieji, kuriems nustatytas iki 25 procentų darbingumo lygis arba sunkus neįgalumo lygis'.
2025-04-25 10:06:43 [main] DEBUG l.i.u.t.SubmittedApplicationsPageTest - Entered disability information: 'Negalia 1'.
2025-04-25 10:06:43 [main] INFO  l.i.u.p.SubmittedApplicationsPage - Located the dropdown button.
2025-04-25 10:06:44 [main] INFO  l.i.u.p.SubmittedApplicationsPage - Successfully selected the value: 'Kita'
2025-04-25 10:06:44 [main] DEBUG l.i.u.t.SubmittedApplicationsPageTest - Selected time mode: 'Kita'.
2025-04-25 10:06:44 [main] DEBUG l.i.u.t.SubmittedApplicationsPageTest - Selected time mode other: '6 val. per dieną ir 4 d. per savaitę'.
2025-04-25 10:06:44 [main] DEBUG l.i.u.t.SubmittedApplicationsPageTest - Entered qualification: 'Kvalifikacija 1'.
2025-04-25 10:06:44 [main] DEBUG l.i.u.t.SubmittedApplicationsPageTest - Entered job date.
2025-04-25 10:06:44 [main] DEBUG l.i.u.t.SubmittedApplicationsPageTest - Entered salary amount: '1200'.
2025-04-25 10:06:45 [main] DEBUG l.i.u.t.SubmittedApplicationsPageTest - Entered salary description: 'Užmokestis 1'.
2025-04-25 10:06:45 [main] DEBUG l.i.u.t.SubmittedApplicationsPageTest - Selected 'Temporary Job' radio button.
2025-04-25 10:06:45 [main] DEBUG l.i.u.t.SubmittedApplicationsPageTest - Selected 'Season Job' radio button.
2025-04-25 10:06:45 [main] DEBUG l.i.u.t.SubmittedApplicationsPageTest - Selected 'Energy' radio button.
2025-04-25 10:06:45 [main] DEBUG l.i.u.t.SubmittedApplicationsPageTest - Selected 'Repair' radio button.
2025-04-25 10:06:45 [main] DEBUG l.i.u.t.SubmittedApplicationsPageTest - Entered job description: 'Veikla 1'.
2025-04-25 10:06:46 [main] DEBUG l.i.u.t.SubmittedApplicationsPageTest - Entered process description: 'Procesas 1'.
2025-04-25 10:06:46 [main] DEBUG l.i.u.t.SubmittedApplicationsPageTest - Entered energy information: 'Energija 1'.
2025-04-25 10:06:46 [main] DEBUG l.i.u.t.SubmittedApplicationsPageTest - Entered repair information: 'Remontas 1'.
2025-04-25 10:06:46 [main] DEBUG l.i.u.t.SubmittedApplicationsPageTest - Selected 'PVM' radio button.
2025-04-25 10:06:46 [main] INFO  l.i.u.p.SubmittedApplicationsPage - Located the dropdown button.
2025-04-25 10:06:47 [main] INFO  l.i.u.p.SubmittedApplicationsPage - Successfully selected the value: 'Įsigyti'
2025-04-25 10:06:47 [main] DEBUG l.i.u.t.SubmittedApplicationsPageTest - Selected necessary for job: 'Įsigyti'.
2025-04-25 10:06:47 [main] DEBUG l.i.u.t.SubmittedApplicationsPageTest - Selected tool: 'Darbo priemonė 1'.
2025-04-25 10:06:47 [main] DEBUG l.i.u.t.SubmittedApplicationsPageTest - Selected tool parameter one: 'Darbo priemonės 1 parametras 1'.
2025-04-25 10:06:47 [main] DEBUG l.i.u.t.SubmittedApplicationsPageTest - Selected tool parameter two: 'Darbo priemonės 1 parametras 2'.
2025-04-25 10:06:48 [main] DEBUG l.i.u.t.SubmittedApplicationsPageTest - Selected tool parameter three: 'Darbo priemonės 1 parametras 3'.
2025-04-25 10:06:48 [main] DEBUG l.i.u.t.SubmittedApplicationsPageTest - Entered tool count: '1'.
2025-04-25 10:06:48 [main] DEBUG l.i.u.t.SubmittedApplicationsPageTest - Entered price amount 1: '1000'.
2025-04-25 10:06:50 [main] DEBUG l.i.u.t.SubmittedApplicationsPageTest - Entered own funds amount 1: '800'.
2025-04-25 10:06:52 [main] DEBUG l.i.u.t.SubmittedApplicationsPageTest - Clicked 'Add' button.
2025-04-25 10:06:52 [main] INFO  l.i.u.p.SubmittedApplicationsPage - Located the dropdown button.
2025-04-25 10:06:53 [main] INFO  l.i.u.p.SubmittedApplicationsPage - Successfully selected the value: 'Remontuoti'
2025-04-25 10:06:53 [main] DEBUG l.i.u.t.SubmittedApplicationsPageTest - Selected necessary for job 'to repair': 'Remontuoti'.
2025-04-25 10:06:53 [main] DEBUG l.i.u.t.SubmittedApplicationsPageTest - Selected repair name: 'Remonto pavadinimas 1'.
2025-04-25 10:06:53 [main] DEBUG l.i.u.t.SubmittedApplicationsPageTest - Entered repair information: 'Remonto aprašymas 1'.
2025-04-25 10:06:53 [main] DEBUG l.i.u.t.SubmittedApplicationsPageTest - Entered price amount 2: '1000'.
2025-04-25 10:06:55 [main] DEBUG l.i.u.t.SubmittedApplicationsPageTest - Entered own funds amount 2: '900'.
2025-04-25 10:06:58 [main] DEBUG l.i.u.t.SubmittedApplicationsPageTest - Clicked 'AddRemoved' button.
2025-04-25 10:07:00 [main] DEBUG l.i.u.t.SubmittedApplicationsPageTest - Clicked 'Remove' button.
2025-04-25 10:07:02 [main] DEBUG l.i.u.t.SubmittedApplicationsPageTest - Clicked 'Remove Confirmation' button.
2025-04-25 10:07:04 [main] DEBUG l.i.u.t.SubmittedApplicationsPageTest - Entered country percentage: '50'.
2025-04-25 10:07:04 [main] DEBUG l.i.u.t.SubmittedApplicationsPageTest - Entered institution percentage: '50'.
2025-04-25 10:07:04 [main] DEBUG l.i.u.t.SubmittedApplicationsPageTest - Entered municipality percentage: '50'.
2025-04-25 10:07:04 [main] DEBUG l.i.u.t.SubmittedApplicationsPageTest - Selected 'De Minimis' radio button.
2025-04-25 10:07:04 [main] DEBUG l.i.u.t.SubmittedApplicationsPageTest - Entered program name: 'Programa 1'.
2025-04-25 10:07:05 [main] DEBUG l.i.u.t.SubmittedApplicationsPageTest - Entered project date from.
2025-04-25 10:07:05 [main] DEBUG l.i.u.t.SubmittedApplicationsPageTest - Entered project date until.
2025-04-25 10:07:05 [main] DEBUG l.i.u.t.SubmittedApplicationsPageTest - Entered support amount: '2000'.
2025-04-25 10:07:05 [main] DEBUG l.i.u.t.SubmittedApplicationsPageTest - Clicked 'Next' button.
2025-04-25 10:07:15 [main] DEBUG l.i.u.t.SubmittedApplicationsPageTest - Checked 'Legal Entities' checkbox 1.
2025-04-25 10:07:25 [main] DEBUG l.i.u.t.SubmittedApplicationsPageTest - Checked 'Legal Entities' checkbox 2.
2025-04-25 10:07:35 [main] DEBUG l.i.u.t.SubmittedApplicationsPageTest - Checked 'Legal Entities' checkbox 3.
2025-04-25 10:07:35 [main] DEBUG l.i.u.t.SubmittedApplicationsPageTest - Test finished: All 'Legal Entities' checkboxes checked successfully.
2025-04-25 10:07:35 [main] DEBUG l.i.u.t.SubmittedApplicationsPageTest - Clicked 'Next' button after checkboxes.
2025-04-25 10:07:46 [main] ERROR l.i.u.p.SubmittedApplicationsPage - Error selecting radio button: Expected condition failed: waiting for element to be clickable: By.xpath: (//input[@type='radio' and @value='false'])[8] (tried for 10 second(s) with 500 milliseconds interval)
Build info: version: '4.27.0', revision: 'd6e718d134'
System info: os.name: 'Windows 11', os.arch: 'amd64', os.version: '10.0', java.version: '21.0.3'
Driver info: org.openqa.selenium.chrome.ChromeDriver
Capabilities {acceptInsecureCerts: false, browserName: chrome, browserVersion: 135.0.7049.97, chrome: {chromedriverVersion: 135.0.7049.114 (63fd8a7d9d0..., userDataDir: C:\Users\INGRID~1.ZAD\AppDa...}, fedcm:accounts: true, goog:chromeOptions: {debuggerAddress: localhost:52477}, networkConnectionEnabled: false, pageLoadStrategy: normal, platformName: windows, proxy: Proxy(), se:cdp: ws://localhost:52477/devtoo..., se:cdpVersion: 135.0.7049.97, setWindowRect: true, strictFileInteractability: false, timeouts: {implicit: 0, pageLoad: 300000, script: 30000}, unhandledPromptBehavior: dismiss and notify, webauthn:extension:credBlob: true, webauthn:extension:largeBlob: true, webauthn:extension:minPinLength: true, webauthn:extension:prf: true, webauthn:virtualAuthenticators: true}
Session ID: 1a4f81d5432ee790a139e2f1caa9f85a
2025-04-25 10:07:46 [main] INFO  l.i.u.t.SubmittedApplicationsPageTest - Marking 'Ne' radio button 1
2025-04-25 10:07:56 [main] ERROR l.i.u.p.SubmittedApplicationsPage - Error selecting radio button: Expected condition failed: waiting for element to be clickable: By.xpath: (//input[@type='radio' and @value='false'])[9] (tried for 10 second(s) with 500 milliseconds interval)
Build info: version: '4.27.0', revision: 'd6e718d134'
System info: os.name: 'Windows 11', os.arch: 'amd64', os.version: '10.0', java.version: '21.0.3'
Driver info: org.openqa.selenium.chrome.ChromeDriver
Capabilities {acceptInsecureCerts: false, browserName: chrome, browserVersion: 135.0.7049.97, chrome: {chromedriverVersion: 135.0.7049.114 (63fd8a7d9d0..., userDataDir: C:\Users\INGRID~1.ZAD\AppDa...}, fedcm:accounts: true, goog:chromeOptions: {debuggerAddress: localhost:52477}, networkConnectionEnabled: false, pageLoadStrategy: normal, platformName: windows, proxy: Proxy(), se:cdp: ws://localhost:52477/devtoo..., se:cdpVersion: 135.0.7049.97, setWindowRect: true, strictFileInteractability: false, timeouts: {implicit: 0, pageLoad: 300000, script: 30000}, unhandledPromptBehavior: dismiss and notify, webauthn:extension:credBlob: true, webauthn:extension:largeBlob: true, webauthn:extension:minPinLength: true, webauthn:extension:prf: true, webauthn:virtualAuthenticators: true}
Session ID: 1a4f81d5432ee790a139e2f1caa9f85a
2025-04-25 10:07:56 [main] INFO  l.i.u.t.SubmittedApplicationsPageTest - Marking 'Ne' radio button 2
2025-04-25 10:08:06 [main] ERROR l.i.u.p.SubmittedApplicationsPage - Error selecting radio button: Expected condition failed: waiting for element to be clickable: By.xpath: (//input[@type='radio' and @value='false'])[10] (tried for 10 second(s) with 500 milliseconds interval)
Build info: version: '4.27.0', revision: 'd6e718d134'
System info: os.name: 'Windows 11', os.arch: 'amd64', os.version: '10.0', java.version: '21.0.3'
Driver info: org.openqa.selenium.chrome.ChromeDriver
Capabilities {acceptInsecureCerts: false, browserName: chrome, browserVersion: 135.0.7049.97, chrome: {chromedriverVersion: 135.0.7049.114 (63fd8a7d9d0..., userDataDir: C:\Users\INGRID~1.ZAD\AppDa...}, fedcm:accounts: true, goog:chromeOptions: {debuggerAddress: localhost:52477}, networkConnectionEnabled: false, pageLoadStrategy: normal, platformName: windows, proxy: Proxy(), se:cdp: ws://localhost:52477/devtoo..., se:cdpVersion: 135.0.7049.97, setWindowRect: true, strictFileInteractability: false, timeouts: {implicit: 0, pageLoad: 300000, script: 30000}, unhandledPromptBehavior: dismiss and notify, webauthn:extension:credBlob: true, webauthn:extension:largeBlob: true, webauthn:extension:minPinLength: true, webauthn:extension:prf: true, webauthn:virtualAuthenticators: true}
Session ID: 1a4f81d5432ee790a139e2f1caa9f85a
2025-04-25 10:08:06 [main] INFO  l.i.u.t.SubmittedApplicationsPageTest - Marking 'Ne' radio button 3
2025-04-25 10:08:16 [main] ERROR l.i.u.p.SubmittedApplicationsPage - Error selecting radio button: Expected condition failed: waiting for element to be clickable: By.xpath: (//input[@type='radio' and @value='false'])[11] (tried for 10 second(s) with 500 milliseconds interval)
Build info: version: '4.27.0', revision: 'd6e718d134'
System info: os.name: 'Windows 11', os.arch: 'amd64', os.version: '10.0', java.version: '21.0.3'
Driver info: org.openqa.selenium.chrome.ChromeDriver
Capabilities {acceptInsecureCerts: false, browserName: chrome, browserVersion: 135.0.7049.97, chrome: {chromedriverVersion: 135.0.7049.114 (63fd8a7d9d0..., userDataDir: C:\Users\INGRID~1.ZAD\AppDa...}, fedcm:accounts: true, goog:chromeOptions: {debuggerAddress: localhost:52477}, networkConnectionEnabled: false, pageLoadStrategy: normal, platformName: windows, proxy: Proxy(), se:cdp: ws://localhost:52477/devtoo..., se:cdpVersion: 135.0.7049.97, setWindowRect: true, strictFileInteractability: false, timeouts: {implicit: 0, pageLoad: 300000, script: 30000}, unhandledPromptBehavior: dismiss and notify, webauthn:extension:credBlob: true, webauthn:extension:largeBlob: true, webauthn:extension:minPinLength: true, webauthn:extension:prf: true, webauthn:virtualAuthenticators: true}
Session ID: 1a4f81d5432ee790a139e2f1caa9f85a
2025-04-25 10:08:16 [main] INFO  l.i.u.t.SubmittedApplicationsPageTest - Marking 'Ne' radio button 4
2025-04-25 10:08:26 [main] ERROR l.i.u.p.SubmittedApplicationsPage - Error selecting radio button: Expected condition failed: waiting for element to be clickable: By.xpath: (//input[@type='radio' and @value='false'])[12] (tried for 10 second(s) with 500 milliseconds interval)
Build info: version: '4.27.0', revision: 'd6e718d134'
System info: os.name: 'Windows 11', os.arch: 'amd64', os.version: '10.0', java.version: '21.0.3'
Driver info: org.openqa.selenium.chrome.ChromeDriver
Capabilities {acceptInsecureCerts: false, browserName: chrome, browserVersion: 135.0.7049.97, chrome: {chromedriverVersion: 135.0.7049.114 (63fd8a7d9d0..., userDataDir: C:\Users\INGRID~1.ZAD\AppDa...}, fedcm:accounts: true, goog:chromeOptions: {debuggerAddress: localhost:52477}, networkConnectionEnabled: false, pageLoadStrategy: normal, platformName: windows, proxy: Proxy(), se:cdp: ws://localhost:52477/devtoo..., se:cdpVersion: 135.0.7049.97, setWindowRect: true, strictFileInteractability: false, timeouts: {implicit: 0, pageLoad: 300000, script: 30000}, unhandledPromptBehavior: dismiss and notify, webauthn:extension:credBlob: true, webauthn:extension:largeBlob: true, webauthn:extension:minPinLength: true, webauthn:extension:prf: true, webauthn:virtualAuthenticators: true}
Session ID: 1a4f81d5432ee790a139e2f1caa9f85a
2025-04-25 10:08:26 [main] INFO  l.i.u.t.SubmittedApplicationsPageTest - Marking 'Ne' radio button 5
2025-04-25 10:08:36 [main] ERROR l.i.u.p.SubmittedApplicationsPage - Error selecting radio button: Expected condition failed: waiting for element to be clickable: By.xpath: (//input[@type='radio' and @value='false'])[13] (tried for 10 second(s) with 500 milliseconds interval)
Build info: version: '4.27.0', revision: 'd6e718d134'
System info: os.name: 'Windows 11', os.arch: 'amd64', os.version: '10.0', java.version: '21.0.3'
Driver info: org.openqa.selenium.chrome.ChromeDriver
Capabilities {acceptInsecureCerts: false, browserName: chrome, browserVersion: 135.0.7049.97, chrome: {chromedriverVersion: 135.0.7049.114 (63fd8a7d9d0..., userDataDir: C:\Users\INGRID~1.ZAD\AppDa...}, fedcm:accounts: true, goog:chromeOptions: {debuggerAddress: localhost:52477}, networkConnectionEnabled: false, pageLoadStrategy: normal, platformName: windows, proxy: Proxy(), se:cdp: ws://localhost:52477/devtoo..., se:cdpVersion: 135.0.7049.97, setWindowRect: true, strictFileInteractability: false, timeouts: {implicit: 0, pageLoad: 300000, script: 30000}, unhandledPromptBehavior: dismiss and notify, webauthn:extension:credBlob: true, webauthn:extension:largeBlob: true, webauthn:extension:minPinLength: true, webauthn:extension:prf: true, webauthn:virtualAuthenticators: true}
Session ID: 1a4f81d5432ee790a139e2f1caa9f85a
2025-04-25 10:08:36 [main] INFO  l.i.u.t.SubmittedApplicationsPageTest - Marking 'Ne' radio button 6
2025-04-25 10:08:46 [main] ERROR l.i.u.p.SubmittedApplicationsPage - Error selecting radio button: Expected condition failed: waiting for element to be clickable: By.xpath: (//input[@type='radio' and @value='true'])[14] (tried for 10 second(s) with 500 milliseconds interval)
Build info: version: '4.27.0', revision: 'd6e718d134'
System info: os.name: 'Windows 11', os.arch: 'amd64', os.version: '10.0', java.version: '21.0.3'
Driver info: org.openqa.selenium.chrome.ChromeDriver
Capabilities {acceptInsecureCerts: false, browserName: chrome, browserVersion: 135.0.7049.97, chrome: {chromedriverVersion: 135.0.7049.114 (63fd8a7d9d0..., userDataDir: C:\Users\INGRID~1.ZAD\AppDa...}, fedcm:accounts: true, goog:chromeOptions: {debuggerAddress: localhost:52477}, networkConnectionEnabled: false, pageLoadStrategy: normal, platformName: windows, proxy: Proxy(), se:cdp: ws://localhost:52477/devtoo..., se:cdpVersion: 135.0.7049.97, setWindowRect: true, strictFileInteractability: false, timeouts: {implicit: 0, pageLoad: 300000, script: 30000}, unhandledPromptBehavior: dismiss and notify, webauthn:extension:credBlob: true, webauthn:extension:largeBlob: true, webauthn:extension:minPinLength: true, webauthn:extension:prf: true, webauthn:virtualAuthenticators: true}
Session ID: 1a4f81d5432ee790a139e2f1caa9f85a
2025-04-25 10:08:46 [main] INFO  l.i.u.t.SubmittedApplicationsPageTest - Marking 'Taip' radio button 7
2025-04-25 10:08:56 [main] ERROR l.i.u.p.SubmittedApplicationsPage - Error selecting radio button: Expected condition failed: waiting for element to be clickable: By.xpath: (//input[@type='radio' and @value='true'])[15] (tried for 10 second(s) with 500 milliseconds interval)
Build info: version: '4.27.0', revision: 'd6e718d134'
System info: os.name: 'Windows 11', os.arch: 'amd64', os.version: '10.0', java.version: '21.0.3'
Driver info: org.openqa.selenium.chrome.ChromeDriver
Capabilities {acceptInsecureCerts: false, browserName: chrome, browserVersion: 135.0.7049.97, chrome: {chromedriverVersion: 135.0.7049.114 (63fd8a7d9d0..., userDataDir: C:\Users\INGRID~1.ZAD\AppDa...}, fedcm:accounts: true, goog:chromeOptions: {debuggerAddress: localhost:52477}, networkConnectionEnabled: false, pageLoadStrategy: normal, platformName: windows, proxy: Proxy(), se:cdp: ws://localhost:52477/devtoo..., se:cdpVersion: 135.0.7049.97, setWindowRect: true, strictFileInteractability: false, timeouts: {implicit: 0, pageLoad: 300000, script: 30000}, unhandledPromptBehavior: dismiss and notify, webauthn:extension:credBlob: true, webauthn:extension:largeBlob: true, webauthn:extension:minPinLength: true, webauthn:extension:prf: true, webauthn:virtualAuthenticators: true}
Session ID: 1a4f81d5432ee790a139e2f1caa9f85a
2025-04-25 10:08:56 [main] INFO  l.i.u.t.SubmittedApplicationsPageTest - Marking 'Taip' radio button 8
2025-04-25 10:09:06 [main] ERROR l.i.u.p.SubmittedApplicationsPage - Error selecting radio button: Expected condition failed: waiting for element to be clickable: By.xpath: (//input[@type='radio' and @value='true'])[16] (tried for 10 second(s) with 500 milliseconds interval)
Build info: version: '4.27.0', revision: 'd6e718d134'
System info: os.name: 'Windows 11', os.arch: 'amd64', os.version: '10.0', java.version: '21.0.3'
Driver info: org.openqa.selenium.chrome.ChromeDriver
Capabilities {acceptInsecureCerts: false, browserName: chrome, browserVersion: 135.0.7049.97, chrome: {chromedriverVersion: 135.0.7049.114 (63fd8a7d9d0..., userDataDir: C:\Users\INGRID~1.ZAD\AppDa...}, fedcm:accounts: true, goog:chromeOptions: {debuggerAddress: localhost:52477}, networkConnectionEnabled: false, pageLoadStrategy: normal, platformName: windows, proxy: Proxy(), se:cdp: ws://localhost:52477/devtoo..., se:cdpVersion: 135.0.7049.97, setWindowRect: true, strictFileInteractability: false, timeouts: {implicit: 0, pageLoad: 300000, script: 30000}, unhandledPromptBehavior: dismiss and notify, webauthn:extension:credBlob: true, webauthn:extension:largeBlob: true, webauthn:extension:minPinLength: true, webauthn:extension:prf: true, webauthn:virtualAuthenticators: true}
Session ID: 1a4f81d5432ee790a139e2f1caa9f85a
2025-04-25 10:09:06 [main] INFO  l.i.u.t.SubmittedApplicationsPageTest - Marking 'Taip' radio button 9
2025-04-25 10:09:16 [main] ERROR l.i.u.p.SubmittedApplicationsPage - Error selecting radio button: Expected condition failed: waiting for element to be clickable: By.xpath: (//input[@type='radio' and @value='true'])[17] (tried for 10 second(s) with 500 milliseconds interval)
Build info: version: '4.27.0', revision: 'd6e718d134'
System info: os.name: 'Windows 11', os.arch: 'amd64', os.version: '10.0', java.version: '21.0.3'
Driver info: org.openqa.selenium.chrome.ChromeDriver
Capabilities {acceptInsecureCerts: false, browserName: chrome, browserVersion: 135.0.7049.97, chrome: {chromedriverVersion: 135.0.7049.114 (63fd8a7d9d0..., userDataDir: C:\Users\INGRID~1.ZAD\AppDa...}, fedcm:accounts: true, goog:chromeOptions: {debuggerAddress: localhost:52477}, networkConnectionEnabled: false, pageLoadStrategy: normal, platformName: windows, proxy: Proxy(), se:cdp: ws://localhost:52477/devtoo..., se:cdpVersion: 135.0.7049.97, setWindowRect: true, strictFileInteractability: false, timeouts: {implicit: 0, pageLoad: 300000, script: 30000}, unhandledPromptBehavior: dismiss and notify, webauthn:extension:credBlob: true, webauthn:extension:largeBlob: true, webauthn:extension:minPinLength: true, webauthn:extension:prf: true, webauthn:virtualAuthenticators: true}
Session ID: 1a4f81d5432ee790a139e2f1caa9f85a
2025-04-25 10:09:16 [main] INFO  l.i.u.t.SubmittedApplicationsPageTest - Marking 'Taip' radio button 10
2025-04-25 10:09:26 [main] ERROR l.i.u.p.SubmittedApplicationsPage - Error selecting radio button: Expected condition failed: waiting for element to be clickable: By.xpath: (//input[@type='radio' and @value='true'])[18] (tried for 10 second(s) with 500 milliseconds interval)
Build info: version: '4.27.0', revision: 'd6e718d134'
System info: os.name: 'Windows 11', os.arch: 'amd64', os.version: '10.0', java.version: '21.0.3'
Driver info: org.openqa.selenium.chrome.ChromeDriver
Capabilities {acceptInsecureCerts: false, browserName: chrome, browserVersion: 135.0.7049.97, chrome: {chromedriverVersion: 135.0.7049.114 (63fd8a7d9d0..., userDataDir: C:\Users\INGRID~1.ZAD\AppDa...}, fedcm:accounts: true, goog:chromeOptions: {debuggerAddress: localhost:52477}, networkConnectionEnabled: false, pageLoadStrategy: normal, platformName: windows, proxy: Proxy(), se:cdp: ws://localhost:52477/devtoo..., se:cdpVersion: 135.0.7049.97, setWindowRect: true, strictFileInteractability: false, timeouts: {implicit: 0, pageLoad: 300000, script: 30000}, unhandledPromptBehavior: dismiss and notify, webauthn:extension:credBlob: true, webauthn:extension:largeBlob: true, webauthn:extension:minPinLength: true, webauthn:extension:prf: true, webauthn:virtualAuthenticators: true}
Session ID: 1a4f81d5432ee790a139e2f1caa9f85a
2025-04-25 10:09:26 [main] INFO  l.i.u.t.SubmittedApplicationsPageTest - Marking 'Taip' radio button 11
2025-04-25 10:09:36 [main] ERROR l.i.u.p.SubmittedApplicationsPage - Error selecting radio button: Expected condition failed: waiting for element to be clickable: By.xpath: (//input[@type='radio' and @value='true'])[19] (tried for 10 second(s) with 500 milliseconds interval)
Build info: version: '4.27.0', revision: 'd6e718d134'
System info: os.name: 'Windows 11', os.arch: 'amd64', os.version: '10.0', java.version: '21.0.3'
Driver info: org.openqa.selenium.chrome.ChromeDriver
Capabilities {acceptInsecureCerts: false, browserName: chrome, browserVersion: 135.0.7049.97, chrome: {chromedriverVersion: 135.0.7049.114 (63fd8a7d9d0..., userDataDir: C:\Users\INGRID~1.ZAD\AppDa...}, fedcm:accounts: true, goog:chromeOptions: {debuggerAddress: localhost:52477}, networkConnectionEnabled: false, pageLoadStrategy: normal, platformName: windows, proxy: Proxy(), se:cdp: ws://localhost:52477/devtoo..., se:cdpVersion: 135.0.7049.97, setWindowRect: true, strictFileInteractability: false, timeouts: {implicit: 0, pageLoad: 300000, script: 30000}, unhandledPromptBehavior: dismiss and notify, webauthn:extension:credBlob: true, webauthn:extension:largeBlob: true, webauthn:extension:minPinLength: true, webauthn:extension:prf: true, webauthn:virtualAuthenticators: true}
Session ID: 1a4f81d5432ee790a139e2f1caa9f85a
2025-04-25 10:09:36 [main] INFO  l.i.u.t.SubmittedApplicationsPageTest - Marking 'Taip' radio button 12
2025-04-25 10:09:46 [main] DEBUG l.i.u.t.SubmittedApplicationsPageTest - Checked 'ConfirmationStepFour'
2025-04-25 10:09:47 [main] DEBUG l.i.u.t.SubmittedApplicationsPageTest - Clicked 'Next' button after checkboxes.
2025-04-25 10:09:47 [main] INFO  l.i.u.p.SubmittedApplicationsPage - File uploaded successfully to an input element.
2025-04-25 10:09:47 [main] INFO  l.i.u.p.SubmittedApplicationsPage - File uploaded successfully to an input element.
2025-04-25 10:09:47 [main] INFO  l.i.u.p.SubmittedApplicationsPage - File uploaded successfully to an input element.
2025-04-25 10:09:47 [main] INFO  l.i.u.p.SubmittedApplicationsPage - File uploaded successfully to an input element.
2025-04-25 10:09:47 [main] INFO  l.i.u.p.SubmittedApplicationsPage - File uploaded successfully to an input element.
2025-04-25 10:09:47 [main] INFO  l.i.u.p.SubmittedApplicationsPage - File uploaded successfully to an input element.
2025-04-25 10:09:47 [main] INFO  l.i.u.p.SubmittedApplicationsPage - File uploaded successfully to an input element.
2025-04-25 10:09:47 [main] INFO  l.i.u.p.SubmittedApplicationsPage - File uploaded successfully to an input element.
2025-04-25 10:09:47 [main] INFO  l.i.u.p.SubmittedApplicationsPage - File uploaded successfully to an input element.
2025-04-25 10:09:47 [main] INFO  l.i.u.p.SubmittedApplicationsPage - File uploaded successfully to an input element.
2025-04-25 10:09:47 [main] DEBUG l.i.u.t.SubmittedApplicationsPageTest - Entered program name: 'Dokumentas 1'.
2025-04-25 10:09:48 [main] DEBUG l.i.u.t.SubmittedApplicationsPageTest - Entered program name: 'Dokumentas 2'.
2025-04-25 10:09:48 [main] DEBUG l.i.u.t.SubmittedApplicationsPageTest - Entered program name: 'Dokumentas 3'.
2025-04-25 10:09:48 [main] DEBUG l.i.u.t.SubmittedApplicationsPageTest - Entered program name: 'Dokumentas 4'.
2025-04-25 10:09:48 [main] DEBUG l.i.u.t.SubmittedApplicationsPageTest - Entered program name: 'Dokumentas 5'.
2025-04-25 10:09:48 [main] DEBUG l.i.u.t.SubmittedApplicationsPageTest - Entered program name: 'Dokumentas 6'.
2025-04-25 10:09:48 [main] DEBUG l.i.u.t.SubmittedApplicationsPageTest - Entered program name: 'Dokumentas 4'.
2025-04-25 10:09:48 [main] DEBUG l.i.u.t.SubmittedApplicationsPageTest - Entered program name: 'Dokumentas 8'.
2025-04-25 10:09:48 [main] DEBUG l.i.u.t.SubmittedApplicationsPageTest - Entered program name: 'Dokumentas 9'.
2025-04-25 10:09:49 [main] DEBUG l.i.u.t.SubmittedApplicationsPageTest - Entered program name: 'Dokumentas 10'.
2025-04-25 10:09:59 [main] DEBUG l.i.u.t.SubmittedApplicationsPageTest - Checked 'ConfirmationDocument'
2025-04-25 10:10:09 [main] DEBUG l.i.u.t.SubmittedApplicationsPageTest - Checked 'ConfirmationApplication'
2025-04-25 10:10:09 [main] DEBUG l.i.u.t.SubmittedApplicationsPageTest - Clicked 'SaveDraft' button after checkboxes.
2025-04-25 10:10:09 [main] DEBUG l.i.uztis.pages.ApplicationFormsPage - Verified success message: 'Ruošinys sėkmingai išsaugotas.'
2025-04-25 10:10:09 [main] INFO  l.i.u.t.SubmittedApplicationsPageTest - Verified success message
2025-04-25 10:10:09 [main] DEBUG l.i.u.t.SubmittedApplicationsPageTest - Clicked 'Review' button after checkboxes.
2025-04-25 10:10:12 [main] DEBUG l.i.u.t.SubmittedApplicationsPageTest - Clicked 'Submit' button after checkboxes.
2025-04-25 10:10:12 [main] DEBUG l.i.u.t.SubmittedApplicationsPageTest - Clicked 'SubmitConfirmation' button after checkboxes.
2025-04-25 10:10:12 [main] ERROR l.i.uztis.pages.ApplicationFormsPage - Failed to verify the success message: 'Paraiška sėkmingai pateikta ir užregistruota.'. Available messages: [Ruošinys sėkmingai išsaugotas.]
2025-04-25 10:10:12 [main] INFO  l.i.u.t.SubmittedApplicationsPageTest - Test 'testFillNewVUIApplicationFA' completed successfully.
2025-04-25 10:12:03 [main] INFO  lt.insoft.uztis.tests.UztisPageTest - Navigated to https://uztisdev.asseco.lt/home
2025-04-25 10:12:03 [main] INFO  l.i.u.t.SubmittedApplicationsPageTest - Starting test:'testAddEvaluators'
2025-04-25 10:12:04 [main] DEBUG l.i.u.t.SubmittedApplicationsPageTest - User logged in with test credentials.
2025-04-25 10:12:04 [main] DEBUG l.i.u.t.SubmittedApplicationsPageTest - Opened 'Application Processing' menu.
2025-04-25 10:12:04 [main] DEBUG l.i.u.t.SubmittedApplicationsPageTest - Clicked on 'Application Forms' menu.
2025-04-25 10:12:04 [main] DEBUG l.i.u.t.SubmittedApplicationsPageTest - Retrieved last description code text: 'TST-VUI-10'.
2025-04-25 10:12:04 [main] DEBUG l.i.u.t.SubmittedApplicationsPageTest - Clicked on 'Invitation' menu.
2025-04-25 10:12:06 [main] DEBUG l.i.u.t.SubmittedApplicationsPageTest - Selected application section by code: 'TST-VUI-10'.
2025-04-25 10:12:06 [main] DEBUG l.i.u.t.SubmittedApplicationsPageTest - Clicked 'Search' button.
2025-04-25 10:12:06 [main] DEBUG l.i.u.t.SubmittedApplicationsPageTest - Retrieved invitation code: ''.
2025-04-25 10:12:06 [main] DEBUG l.i.u.t.SubmittedApplicationsPageTest - Clicked on 'Submitted Applications' menu.
2025-04-25 10:12:07 [main] DEBUG l.i.u.t.SubmittedApplicationsPageTest - Selected invitation by code: 'TST-VUI-10'.
2025-04-25 10:12:07 [main] DEBUG l.i.u.t.SubmittedApplicationsPageTest - Invitation code inserted.
2025-04-25 10:12:08 [main] DEBUG l.i.u.t.SubmittedApplicationsPageTest - Clicked on 'Action Application' button.
2025-04-25 10:12:08 [main] DEBUG l.i.u.t.SubmittedApplicationsPageTest - Clicked on 'Add Evaluators' button.
2025-04-25 10:12:08 [main] DEBUG l.i.u.t.SubmittedApplicationsPageTest - Entered first evaluation date.
2025-04-25 10:12:08 [main] DEBUG l.i.u.t.SubmittedApplicationsPageTest - Entered second evaluation date.
2025-04-25 10:12:08 [main] DEBUG l.i.u.t.SubmittedApplicationsPageTest - Entered third evaluation date.
2025-04-25 10:12:08 [main] DEBUG l.i.u.t.SubmittedApplicationsPageTest - Clicked on 'Add Evaluators' confirmation button.
2025-04-25 10:12:09 [main] DEBUG l.i.uztis.pages.ApplicationFormsPage - Verified success message: 'Paraiškų vertinimai sėkmingai priskirti vertintojams.'
2025-04-25 10:12:09 [main] INFO  l.i.u.t.SubmittedApplicationsPageTest - Verified success message
2025-04-25 10:12:09 [main] INFO  l.i.u.t.SubmittedApplicationsPageTest - Test 'testAddEvaluators' completed successfully.
2025-04-25 10:12:41 [main] INFO  lt.insoft.uztis.tests.UztisPageTest - Navigated to https://uztisdev.asseco.lt/home
2025-04-25 10:12:41 [main] INFO  l.i.uztis.tests.EvaluationsPageTest - Starting test:'testFillSaveDraftEvaluationOne'
2025-04-25 10:12:41 [main] INFO  l.i.uztis.tests.EvaluationsPageTest - Starting test:'testNavigateToEvaluationsPage'
2025-04-25 10:12:42 [main] DEBUG l.i.uztis.tests.EvaluationsPageTest - User logged in with test credentials
2025-04-25 10:12:42 [main] DEBUG l.i.uztis.tests.EvaluationsPageTest - Opened 'Application Processing' menu.
2025-04-25 10:12:42 [main] DEBUG l.i.uztis.tests.EvaluationsPageTest - Clicked on 'Evaluations' menu.
2025-04-25 10:12:42 [main] DEBUG l.i.uztis.tests.EvaluationsPageTest - Navigating to evaluations menu.
2025-04-25 10:12:42 [main] INFO  l.i.uztis.tests.EvaluationsPageTest - Test 'testNavigateToEvaluationsPage' completed successfully.
2025-04-25 10:12:43 [main] DEBUG l.i.uztis.tests.EvaluationsPageTest - Clicked on last evaluation.
2025-04-25 10:12:44 [main] DEBUG l.i.uztis.tests.EvaluationsPageTest - Clicked 'Edit'.
2025-04-25 10:12:46 [main] DEBUG l.i.uztis.tests.EvaluationsPageTest - Selected '1.1' radio button.
2025-04-25 10:12:47 [main] DEBUG l.i.uztis.tests.EvaluationsPageTest - Selected '1.2' radio button.
2025-04-25 10:12:48 [main] DEBUG l.i.uztis.tests.EvaluationsPageTest - Selected '1.3' radio button.
2025-04-25 10:12:48 [main] DEBUG l.i.uztis.tests.EvaluationsPageTest - Selected '1.4' radio button.
2025-04-25 10:12:48 [main] DEBUG l.i.uztis.tests.EvaluationsPageTest - Selected '1.5' radio button.
2025-04-25 10:12:48 [main] DEBUG l.i.uztis.tests.EvaluationsPageTest - Selected '2.1' radio button.
2025-04-25 10:12:48 [main] DEBUG l.i.uztis.tests.EvaluationsPageTest - Selected '3.1' radio button.
2025-04-25 10:12:48 [main] DEBUG l.i.uztis.tests.EvaluationsPageTest - Selected '4.2' radio button.
2025-04-25 10:12:49 [main] DEBUG l.i.uztis.tests.EvaluationsPageTest - Selected '5.1' radio button.
2025-04-25 10:12:49 [main] DEBUG l.i.uztis.tests.EvaluationsPageTest - Selected '5.2' radio button.
2025-04-25 10:12:49 [main] DEBUG l.i.uztis.tests.EvaluationsPageTest - Selected '6.1' radio button.
2025-04-25 10:12:49 [main] DEBUG l.i.uztis.tests.EvaluationsPageTest - Selected '6.2' radio button.
2025-04-25 10:12:49 [main] DEBUG l.i.uztis.tests.EvaluationsPageTest - Clicked on expansion panel 'Not Critical'.
2025-04-25 10:12:49 [main] DEBUG l.i.uztis.tests.EvaluationsPageTest - Selected '7' radio button.
2025-04-25 10:12:50 [main] DEBUG l.i.uztis.tests.EvaluationsPageTest - Selected '8_1' radio button.
2025-04-25 10:12:50 [main] DEBUG l.i.uztis.tests.EvaluationsPageTest - Selected '8_2' radio button.
2025-04-25 10:12:50 [main] DEBUG l.i.uztis.tests.EvaluationsPageTest - Selected '8_3' radio button.
2025-04-25 10:12:50 [main] DEBUG l.i.uztis.tests.EvaluationsPageTest - Selected '8_4' radio button.
2025-04-25 10:12:50 [main] DEBUG l.i.uztis.tests.EvaluationsPageTest - Selected '8_5' radio button.
2025-04-25 10:12:50 [main] DEBUG l.i.uztis.tests.EvaluationsPageTest - Selected '8_6' radio button.
2025-04-25 10:12:51 [main] DEBUG l.i.uztis.tests.EvaluationsPageTest - Selected '8_7' radio button.
2025-04-25 10:12:51 [main] DEBUG l.i.uztis.tests.EvaluationsPageTest - Selected '8_8' radio button.
2025-04-25 10:12:51 [main] DEBUG l.i.uztis.tests.EvaluationsPageTest - Selected '8_9' radio button.
2025-04-25 10:12:51 [main] DEBUG l.i.uztis.tests.EvaluationsPageTest - Selected '8_10' radio button.
2025-04-25 10:12:51 [main] DEBUG l.i.uztis.tests.EvaluationsPageTest - Selected '9' radio button.
2025-04-25 10:12:52 [main] DEBUG l.i.uztis.tests.EvaluationsPageTest - Selected '10.1' radio button.
2025-04-25 10:12:52 [main] DEBUG l.i.uztis.tests.EvaluationsPageTest - Selected '10.2' radio button.
2025-04-25 10:12:52 [main] DEBUG l.i.uztis.tests.EvaluationsPageTest - Selected '10.3' radio button.
2025-04-25 10:12:52 [main] DEBUG l.i.uztis.tests.EvaluationsPageTest - Entered  explanation: 'Balas pakoreduotas ranka'.
2025-04-25 10:12:52 [main] DEBUG l.i.uztis.tests.EvaluationsPageTest - Clicked 'Save Draft'.
2025-04-25 10:12:52 [main] ERROR l.i.uztis.pages.ApplicationFormsPage - Failed to verify the success message: 'Duomenys sėkmingai išsaugoti.'. Available messages: [, , , , ]
2025-04-25 10:12:52 [main] INFO  l.i.uztis.tests.EvaluationsPageTest - Verified success message
2025-04-25 10:12:52 [main] INFO  l.i.uztis.tests.EvaluationsPageTest - Test 'testFillSaveDraftEvaluationOne' completed successfully.
2025-04-25 10:13:06 [main] INFO  lt.insoft.uztis.tests.UztisPageTest - Navigated to https://uztisdev.asseco.lt/home
2025-04-25 10:13:06 [main] INFO  l.i.uztis.tests.EvaluationsPageTest - Starting test:'testConfirmEvaluationOne'
2025-04-25 10:13:06 [main] INFO  l.i.uztis.tests.EvaluationsPageTest - Starting test:'testNavigateToEvaluationsPage'
2025-04-25 10:13:07 [main] DEBUG l.i.uztis.tests.EvaluationsPageTest - User logged in with test credentials
2025-04-25 10:13:07 [main] DEBUG l.i.uztis.tests.EvaluationsPageTest - Opened 'Application Processing' menu.
2025-04-25 10:13:07 [main] DEBUG l.i.uztis.tests.EvaluationsPageTest - Clicked on 'Evaluations' menu.
2025-04-25 10:13:07 [main] DEBUG l.i.uztis.tests.EvaluationsPageTest - Navigating to evaluations menu.
2025-04-25 10:13:07 [main] INFO  l.i.uztis.tests.EvaluationsPageTest - Test 'testNavigateToEvaluationsPage' completed successfully.
2025-04-25 10:13:08 [main] DEBUG l.i.uztis.tests.EvaluationsPageTest - Clicked on last evaluation.
2025-04-25 10:13:09 [main] DEBUG l.i.uztis.tests.EvaluationsPageTest - Clicked 'Edit'.
2025-04-25 10:13:10 [main] DEBUG l.i.uztis.tests.EvaluationsPageTest - Clicked 'Confirm'.
2025-04-25 10:13:11 [main] DEBUG l.i.uztis.tests.EvaluationsPageTest - Clicked 'Confirm Confirmation'.
2025-04-25 10:13:12 [main] DEBUG l.i.uztis.tests.EvaluationsPageTest - Fetched label text: Įvertinta
2025-04-25 10:13:12 [main] INFO  l.i.uztis.tests.EvaluationsPageTest - Verified that the label text matches the expected value.
2025-04-25 10:13:12 [main] INFO  l.i.uztis.tests.EvaluationsPageTest - Test 'testConfirmEvaluationOne' completed successfully.
2025-04-25 10:13:24 [main] INFO  lt.insoft.uztis.tests.UztisPageTest - Navigated to https://uztisdev.asseco.lt/home
2025-04-25 10:13:24 [main] INFO  l.i.uztis.tests.EvaluationsPageTest - Starting test:'testFillSaveDraftEvaluationTwo'
2025-04-25 10:13:24 [main] INFO  l.i.uztis.tests.EvaluationsPageTest - Starting test:'testNavigateToEvaluationsPage'
2025-04-25 10:13:25 [main] DEBUG l.i.uztis.tests.EvaluationsPageTest - User logged in with test credentials
2025-04-25 10:13:25 [main] DEBUG l.i.uztis.tests.EvaluationsPageTest - Opened 'Application Processing' menu.
2025-04-25 10:13:25 [main] DEBUG l.i.uztis.tests.EvaluationsPageTest - Clicked on 'Evaluations' menu.
2025-04-25 10:13:25 [main] DEBUG l.i.uztis.tests.EvaluationsPageTest - Navigating to evaluations menu.
2025-04-25 10:13:25 [main] INFO  l.i.uztis.tests.EvaluationsPageTest - Test 'testNavigateToEvaluationsPage' completed successfully.
2025-04-25 10:13:26 [main] DEBUG l.i.uztis.tests.EvaluationsPageTest - Clicked on last evaluation.
2025-04-25 10:13:26 [main] DEBUG l.i.uztis.tests.EvaluationsPageTest - Clicked 'Edit'.
2025-04-25 10:13:27 [main] DEBUG l.i.uztis.tests.EvaluationsPageTest - Entered commission date.
2025-04-25 10:13:27 [main] DEBUG l.i.uztis.tests.EvaluationsPageTest - Selected 'Without Commission' radio button.
2025-04-25 10:13:27 [main] DEBUG l.i.uztis.tests.EvaluationsPageTest - Entered chairman name: 'Pirmininkas Pirmininkauskas'.
2025-04-25 10:13:28 [main] DEBUG l.i.uztis.tests.EvaluationsPageTest - Entered member name: 'Narys Narauskas'.
2025-04-25 10:13:28 [main] DEBUG l.i.uztis.tests.EvaluationsPageTest - Clicked 'Continue'.
2025-04-25 10:13:28 [main] DEBUG l.i.uztis.tests.EvaluationsPageTest - Entered score edition: '9'.
2025-04-25 10:13:28 [main] DEBUG l.i.uztis.tests.EvaluationsPageTest - Entered chairman score: '10'.
2025-04-25 10:13:28 [main] DEBUG l.i.uztis.tests.EvaluationsPageTest - Entered member score: '11'.
2025-04-25 10:13:28 [main] DEBUG l.i.uztis.tests.EvaluationsPageTest - Entered conclusion: 'Išvada - palanki'.
2025-04-25 10:13:29 [main] DEBUG l.i.uztis.tests.EvaluationsPageTest - Entered  explanation: 'Balas pakoreduotas ranka'.
2025-04-25 10:13:29 [main] DEBUG l.i.uztis.tests.EvaluationsPageTest - Clicked 'Save Draft'.
2025-04-25 10:13:29 [main] DEBUG l.i.uztis.pages.ApplicationFormsPage - Verified success message: 'Duomenys sėkmingai išsaugoti.'
2025-04-25 10:13:29 [main] INFO  l.i.uztis.tests.EvaluationsPageTest - Verified success message
2025-04-25 10:13:29 [main] INFO  l.i.uztis.tests.EvaluationsPageTest - Test 'testFillSaveDraftEvaluationTwo' completed successfully.
2025-04-25 10:13:41 [main] INFO  lt.insoft.uztis.tests.UztisPageTest - Navigated to https://uztisdev.asseco.lt/home
2025-04-25 10:13:42 [main] INFO  l.i.uztis.tests.EvaluationsPageTest - Starting test:'testConfirmEvaluationTwo'
2025-04-25 10:13:42 [main] INFO  l.i.uztis.tests.EvaluationsPageTest - Starting test:'testNavigateToEvaluationsPage'
2025-04-25 10:13:42 [main] DEBUG l.i.uztis.tests.EvaluationsPageTest - User logged in with test credentials
2025-04-25 10:13:42 [main] DEBUG l.i.uztis.tests.EvaluationsPageTest - Opened 'Application Processing' menu.
2025-04-25 10:13:42 [main] DEBUG l.i.uztis.tests.EvaluationsPageTest - Clicked on 'Evaluations' menu.
2025-04-25 10:13:42 [main] DEBUG l.i.uztis.tests.EvaluationsPageTest - Navigating to evaluations menu.
2025-04-25 10:13:42 [main] INFO  l.i.uztis.tests.EvaluationsPageTest - Test 'testNavigateToEvaluationsPage' completed successfully.
2025-04-25 10:13:43 [main] DEBUG l.i.uztis.tests.EvaluationsPageTest - Clicked on last evaluation.
2025-04-25 10:13:44 [main] DEBUG l.i.uztis.tests.EvaluationsPageTest - Clicked 'Edit'.
2025-04-25 10:13:44 [main] DEBUG l.i.uztis.tests.EvaluationsPageTest - Clicked 'Continue'.
2025-04-25 10:13:45 [main] DEBUG l.i.uztis.tests.EvaluationsPageTest - Entered conclusion: 'Išvada - papildyta'.
2025-04-25 10:13:45 [main] DEBUG l.i.uztis.tests.EvaluationsPageTest - Entered  explanation: '; Išvada pakoreduota ranka'.
2025-04-25 10:13:45 [main] DEBUG l.i.uztis.tests.EvaluationsPageTest - Clicked 'Confirm'.
2025-04-25 10:13:45 [main] DEBUG l.i.uztis.tests.EvaluationsPageTest - Clicked 'Confirm Confirmation'.
2025-04-25 10:13:45 [main] DEBUG l.i.uztis.tests.EvaluationsPageTest - Fetched label text: Įvertinta
2025-04-25 10:13:45 [main] INFO  l.i.uztis.tests.EvaluationsPageTest - Verified that the label text matches the expected value.
2025-04-25 10:13:45 [main] INFO  l.i.uztis.tests.EvaluationsPageTest - Test 'testConfirmEvaluationTwo' completed successfully.
2025-04-25 10:13:59 [main] INFO  lt.insoft.uztis.tests.UztisPageTest - Navigated to https://uztisdev.asseco.lt/home
2025-04-25 10:13:59 [main] INFO  l.i.uztis.tests.EvaluationsPageTest - Starting test:'testFillSaveDraftEvaluationThree'
2025-04-25 10:13:59 [main] INFO  l.i.uztis.tests.EvaluationsPageTest - Starting test:'testNavigateToEvaluationsPage'
2025-04-25 10:14:00 [main] DEBUG l.i.uztis.tests.EvaluationsPageTest - User logged in with test credentials
2025-04-25 10:14:00 [main] DEBUG l.i.uztis.tests.EvaluationsPageTest - Opened 'Application Processing' menu.
2025-04-25 10:14:00 [main] DEBUG l.i.uztis.tests.EvaluationsPageTest - Clicked on 'Evaluations' menu.
2025-04-25 10:14:00 [main] DEBUG l.i.uztis.tests.EvaluationsPageTest - Navigating to evaluations menu.
2025-04-25 10:14:00 [main] INFO  l.i.uztis.tests.EvaluationsPageTest - Test 'testNavigateToEvaluationsPage' completed successfully.
2025-04-25 10:14:01 [main] DEBUG l.i.uztis.tests.EvaluationsPageTest - Clicked on last evaluation.
2025-04-25 10:14:01 [main] DEBUG l.i.uztis.tests.EvaluationsPageTest - Clicked 'Edit'.
2025-04-25 10:14:02 [main] DEBUG l.i.uztis.tests.EvaluationsPageTest - Entered commission date.
2025-04-25 10:14:02 [main] DEBUG l.i.uztis.tests.EvaluationsPageTest - Selected 'Without Commission' radio button.
2025-04-25 10:14:02 [main] DEBUG l.i.uztis.tests.EvaluationsPageTest - Entered chairman name: 'Pirmininkas Pirmininkauskas'.
2025-04-25 10:14:02 [main] DEBUG l.i.uztis.tests.EvaluationsPageTest - Entered member name: 'Narys Narauskas'.
2025-04-25 10:14:03 [main] DEBUG l.i.uztis.tests.EvaluationsPageTest - Clicked 'Continue'.
2025-04-25 10:14:03 [main] DEBUG l.i.uztis.tests.EvaluationsPageTest - Entered chairman score 1: '1'.
2025-04-25 10:14:03 [main] DEBUG l.i.uztis.tests.EvaluationsPageTest - Entered member score 1: '2'.
2025-04-25 10:14:03 [main] DEBUG l.i.uztis.tests.EvaluationsPageTest - Entered member conclusion 1: 'Išvada - palanki 1'.
2025-04-25 10:14:03 [main] DEBUG l.i.uztis.tests.EvaluationsPageTest - Entered chairman score 2: '3'.
2025-04-25 10:14:03 [main] DEBUG l.i.uztis.tests.EvaluationsPageTest - Entered member score 2: '4'.
2025-04-25 10:14:03 [main] DEBUG l.i.uztis.tests.EvaluationsPageTest - Entered member conclusion 2: 'Išvada - palanki 2'.
2025-04-25 10:14:04 [main] DEBUG l.i.uztis.tests.EvaluationsPageTest - Entered chairman score 3: '5'.
2025-04-25 10:14:04 [main] DEBUG l.i.uztis.tests.EvaluationsPageTest - Entered member score 3: '6'.
2025-04-25 10:14:04 [main] DEBUG l.i.uztis.tests.EvaluationsPageTest - Entered member conclusion 3: 'Išvada - palanki 3'.
2025-04-25 10:14:04 [main] DEBUG l.i.uztis.tests.EvaluationsPageTest - Entered chairman score 4: '7'.
2025-04-25 10:14:04 [main] DEBUG l.i.uztis.tests.EvaluationsPageTest - Entered member score 4: '8'.
2025-04-25 10:14:04 [main] DEBUG l.i.uztis.tests.EvaluationsPageTest - Entered member conclusion 4: 'Išvada - palanki 4'.
2025-04-25 10:14:04 [main] DEBUG l.i.uztis.tests.EvaluationsPageTest - Entered chairman score 5: '9'.
2025-04-25 10:14:04 [main] DEBUG l.i.uztis.tests.EvaluationsPageTest - Entered member score 5: '10'.
2025-04-25 10:14:05 [main] DEBUG l.i.uztis.tests.EvaluationsPageTest - Entered member conclusion 5: 'Išvada - palanki 5'.
2025-04-25 10:14:05 [main] DEBUG l.i.uztis.tests.EvaluationsPageTest - Clicked 'Save Draft'.
2025-04-25 10:14:05 [main] DEBUG l.i.uztis.pages.ApplicationFormsPage - Verified success message: 'Duomenys sėkmingai išsaugoti.'
2025-04-25 10:14:05 [main] INFO  l.i.uztis.tests.EvaluationsPageTest - Verified success message
2025-04-25 10:14:05 [main] INFO  l.i.uztis.tests.EvaluationsPageTest - Test 'testFillSaveDraftEvaluationThree' completed successfully.
2025-04-25 10:14:23 [main] INFO  lt.insoft.uztis.tests.UztisPageTest - Navigated to https://uztisdev.asseco.lt/home
2025-04-25 10:14:23 [main] INFO  l.i.uztis.tests.EvaluationsPageTest - Starting test:'testConfirmEvaluationThree'
2025-04-25 10:14:23 [main] INFO  l.i.uztis.tests.EvaluationsPageTest - Starting test:'testNavigateToEvaluationsPage'
2025-04-25 10:14:23 [main] DEBUG l.i.uztis.tests.EvaluationsPageTest - User logged in with test credentials
2025-04-25 10:14:24 [main] DEBUG l.i.uztis.tests.EvaluationsPageTest - Opened 'Application Processing' menu.
2025-04-25 10:14:24 [main] DEBUG l.i.uztis.tests.EvaluationsPageTest - Clicked on 'Evaluations' menu.
2025-04-25 10:14:24 [main] DEBUG l.i.uztis.tests.EvaluationsPageTest - Navigating to evaluations menu.
2025-04-25 10:14:24 [main] INFO  l.i.uztis.tests.EvaluationsPageTest - Test 'testNavigateToEvaluationsPage' completed successfully.
2025-04-25 10:14:25 [main] DEBUG l.i.uztis.tests.EvaluationsPageTest - Clicked on last evaluation.
2025-04-25 10:14:25 [main] DEBUG l.i.uztis.tests.EvaluationsPageTest - Clicked 'Edit'.
2025-04-25 10:14:26 [main] DEBUG l.i.uztis.tests.EvaluationsPageTest - Clicked 'Continue'.
2025-04-25 10:14:26 [main] DEBUG l.i.uztis.tests.EvaluationsPageTest - Clicked 'Confirm'.
2025-04-25 10:14:26 [main] DEBUG l.i.uztis.tests.EvaluationsPageTest - Clicked 'Confirm Confirmation'.
2025-04-25 10:14:27 [main] DEBUG l.i.uztis.tests.EvaluationsPageTest - Fetched label text: Įvertinta
2025-04-25 10:14:27 [main] INFO  l.i.uztis.tests.EvaluationsPageTest - Verified that the label text matches the expected value.
2025-04-25 10:14:27 [main] INFO  l.i.uztis.tests.EvaluationsPageTest - Test 'testConfirmEvaluationThree' completed successfully.
2025-04-25 10:14:51 [main] INFO  lt.insoft.uztis.tests.UztisPageTest - Navigated to https://uztisdev.asseco.lt/home
2025-04-25 10:14:51 [main] INFO  l.insoft.uztis.tests.FundingPageTest - Starting test:'testFundApplication'
2025-04-25 10:14:51 [main] DEBUG l.insoft.uztis.tests.FundingPageTest - User logged in with test credentials
2025-04-25 10:14:52 [main] DEBUG l.insoft.uztis.tests.FundingPageTest - Opened 'Application Processing' menu.
2025-04-25 10:14:52 [main] DEBUG l.insoft.uztis.tests.FundingPageTest - Clicked on 'Application Forms' menu.
2025-04-25 10:14:52 [main] DEBUG l.insoft.uztis.tests.FundingPageTest - Retrieved last description code text: 'TST-VUI-10'.
2025-04-25 10:14:52 [main] DEBUG l.insoft.uztis.tests.FundingPageTest - Clicked on 'Invitation' menu.
2025-04-25 10:14:53 [main] DEBUG l.insoft.uztis.tests.FundingPageTest - Selected application section by code: 'TST-VUI-10'.
2025-04-25 10:14:54 [main] DEBUG l.insoft.uztis.tests.FundingPageTest - Clicked 'Search' button.
2025-04-25 10:14:54 [main] DEBUG l.insoft.uztis.tests.FundingPageTest - Retrieved invitation code: ''.
2025-04-25 10:14:54 [main] DEBUG l.insoft.uztis.tests.FundingPageTest - Clicked on 'Funding Queue' menu.
2025-04-25 10:14:55 [main] DEBUG l.insoft.uztis.tests.FundingPageTest - Selected invitation by code: 'TST-VUI-10'.
2025-04-25 10:14:55 [main] DEBUG l.insoft.uztis.tests.FundingPageTest - Invitation code inserted.
2025-04-25 10:14:55 [main] DEBUG l.insoft.uztis.tests.FundingPageTest - Clicked 'Form'.
2025-04-25 10:14:55 [main] DEBUG l.insoft.uztis.tests.FundingPageTest - Clicked 'Finance'.
2025-04-25 10:14:56 [main] DEBUG l.insoft.uztis.tests.FundingPageTest - Entered order number 'VUI_1'.
2025-04-25 10:14:56 [main] DEBUG l.insoft.uztis.tests.FundingPageTest - Clicked 'Finance Confirmation'.
2025-04-25 10:14:58 [main] DEBUG l.i.uztis.pages.ApplicationFormsPage - Verified success message: 'Funkcija sėkmingai atlikta.'
2025-04-25 10:14:58 [main] INFO  l.insoft.uztis.tests.FundingPageTest - Verified success message
2025-04-25 10:14:58 [main] INFO  l.insoft.uztis.tests.FundingPageTest - Test 'testFundApplication' completed successfully.
2025-04-28 07:41:24 [main] INFO  lt.insoft.uztis.tests.UztisPageTest - Navigated to https://uztisdev.asseco.lt/home
2025-04-28 07:41:24 [main] INFO  l.i.u.tests.ApplicationFormsPageTest - Setup complete. ApplicationFormsPage initialized.
2025-04-28 07:41:24 [main] INFO  l.i.u.tests.ApplicationFormsPageTest - Starting test:'testCreateNewDvpApplication'
2025-04-28 07:41:24 [main] DEBUG l.i.u.tests.ApplicationFormsPageTest - User logged in with test credentials
2025-04-28 07:41:24 [main] DEBUG l.i.u.tests.ApplicationFormsPageTest - Opened 'Application Processing' menu.
2025-04-28 07:41:25 [main] DEBUG l.i.u.tests.ApplicationFormsPageTest - Clicked on 'Application Forms' menu.
2025-04-28 07:41:25 [main] DEBUG l.i.u.tests.ApplicationFormsPageTest - Clicked to create a new application form.
2025-04-28 07:41:25 [main] DEBUG l.i.u.tests.ApplicationFormsPageTest - Entered random application code: TST-DVP-22
2025-04-28 07:41:25 [main] DEBUG l.i.u.tests.ApplicationFormsPageTest - Selected 'Municipality' radio button.
2025-04-28 07:41:25 [main] INFO  l.i.uztis.pages.ApplicationFormsPage - Located the dropdown button.
2025-04-28 07:41:25 [main] INFO  l.i.uztis.pages.ApplicationFormsPage - Successfully selected the value: 'Kauno departamentas'
2025-04-28 07:41:36 [main] ERROR l.i.uztis.pages.ApplicationFormsPage - Failed to close the dropdown with aria-expanded = 'false'.
2025-04-28 07:41:36 [main] DEBUG l.i.u.tests.ApplicationFormsPageTest - Selected a value from the 'Municipality' dropdown: 'Kauno departamentas'
2025-04-28 07:41:36 [main] DEBUG l.i.u.tests.ApplicationFormsPageTest - Selected 'Budget By Country' radio button.
2025-04-28 07:41:36 [main] DEBUG l.i.u.tests.ApplicationFormsPageTest - Selected 'Financed Without Queue' option.
2025-04-28 07:41:36 [main] INFO  l.i.uztis.pages.ApplicationFormsPage - Located the dropdown button.
2025-04-28 07:41:37 [main] INFO  l.i.uztis.pages.ApplicationFormsPage - Successfully selected the value: 'DVP atitiktis URP'
2025-04-28 07:41:47 [main] ERROR l.i.uztis.pages.ApplicationFormsPage - Failed to close the dropdown with aria-expanded = 'false'.
2025-04-28 07:41:47 [main] DEBUG l.i.u.tests.ApplicationFormsPageTest - Selected a value from the 'EvaluationOne' dropdown: 'DVP atitiktis URP'
2025-04-28 07:41:47 [main] DEBUG l.i.u.tests.ApplicationFormsPageTest - Clicked 'Plus' button.
2025-04-28 07:41:48 [main] DEBUG l.i.u.tests.ApplicationFormsPageTest - Clicked 'Add' button seven times.
2025-04-28 07:41:48 [main] INFO  l.i.uztis.pages.ApplicationFormsPage - Processing dropdown index: 0
2025-04-28 07:41:58 [main] ERROR l.i.uztis.pages.ApplicationFormsPage - Timeout while waiting for dropdown to close at index: 0 with aria-expanded = 'false'
2025-04-28 07:41:58 [main] INFO  l.i.uztis.pages.ApplicationFormsPage - Processing dropdown index: 1
2025-04-28 07:42:09 [main] ERROR l.i.uztis.pages.ApplicationFormsPage - Timeout while waiting for dropdown to close at index: 1 with aria-expanded = 'false'
2025-04-28 07:42:09 [main] INFO  l.i.uztis.pages.ApplicationFormsPage - Processing dropdown index: 2
2025-04-28 07:42:19 [main] ERROR l.i.uztis.pages.ApplicationFormsPage - Timeout while waiting for dropdown to close at index: 2 with aria-expanded = 'false'
2025-04-28 07:42:19 [main] INFO  l.i.uztis.pages.ApplicationFormsPage - Processing dropdown index: 3
2025-04-28 07:42:30 [main] ERROR l.i.uztis.pages.ApplicationFormsPage - Timeout while waiting for dropdown to close at index: 3 with aria-expanded = 'false'
2025-04-28 07:42:30 [main] INFO  l.i.uztis.pages.ApplicationFormsPage - Processing dropdown index: 4
2025-04-28 07:42:41 [main] ERROR l.i.uztis.pages.ApplicationFormsPage - Timeout while waiting for dropdown to close at index: 4 with aria-expanded = 'false'
2025-04-28 07:42:41 [main] INFO  l.i.uztis.pages.ApplicationFormsPage - Processing dropdown index: 5
2025-04-28 07:42:52 [main] ERROR l.i.uztis.pages.ApplicationFormsPage - Timeout while waiting for dropdown to close at index: 5 with aria-expanded = 'false'
2025-04-28 07:42:52 [main] INFO  l.i.uztis.pages.ApplicationFormsPage - Processing dropdown index: 6
2025-04-28 07:43:03 [main] ERROR l.i.uztis.pages.ApplicationFormsPage - Timeout while waiting for dropdown to close at index: 6 with aria-expanded = 'false'
2025-04-28 07:43:03 [main] INFO  l.i.uztis.pages.ApplicationFormsPage - Processing dropdown index: 7
2025-04-28 07:43:13 [main] ERROR l.i.uztis.pages.ApplicationFormsPage - Timeout while waiting for dropdown to close at index: 7 with aria-expanded = 'false'
2025-04-28 07:43:13 [main] INFO  l.i.uztis.pages.ApplicationFormsPage - Processing input field index: 0
2025-04-28 07:43:14 [main] INFO  l.i.uztis.pages.ApplicationFormsPage - Entered value '50' into field index: 0
2025-04-28 07:43:14 [main] INFO  l.i.uztis.pages.ApplicationFormsPage - Processing input field index: 1
2025-04-28 07:43:14 [main] INFO  l.i.uztis.pages.ApplicationFormsPage - Entered value '924' into field index: 1
2025-04-28 07:43:14 [main] INFO  l.i.uztis.pages.ApplicationFormsPage - Processing input field index: 2
2025-04-28 07:43:14 [main] INFO  l.i.uztis.pages.ApplicationFormsPage - Entered value '31' into field index: 2
2025-04-28 07:43:14 [main] INFO  l.i.uztis.pages.ApplicationFormsPage - Processing input field index: 3
2025-04-28 07:43:14 [main] INFO  l.i.uztis.pages.ApplicationFormsPage - Entered value '4.7' into field index: 3
2025-04-28 07:43:14 [main] INFO  l.i.uztis.pages.ApplicationFormsPage - Processing input field index: 4
2025-04-28 07:43:14 [main] INFO  l.i.uztis.pages.ApplicationFormsPage - Entered value '35' into field index: 4
2025-04-28 07:43:14 [main] INFO  l.i.uztis.pages.ApplicationFormsPage - Processing input field index: 5
2025-04-28 07:43:14 [main] INFO  l.i.uztis.pages.ApplicationFormsPage - Entered value '20' into field index: 5
2025-04-28 07:43:14 [main] INFO  l.i.uztis.pages.ApplicationFormsPage - Processing input field index: 6
2025-04-28 07:43:14 [main] INFO  l.i.uztis.pages.ApplicationFormsPage - Entered value '30' into field index: 6
2025-04-28 07:43:14 [main] INFO  l.i.uztis.pages.ApplicationFormsPage - Processing input field index: 7
2025-04-28 07:43:14 [main] INFO  l.i.uztis.pages.ApplicationFormsPage - Entered value '60' into field index: 7
2025-04-28 07:43:14 [main] DEBUG l.i.u.tests.ApplicationFormsPageTest - Entered additional values and text.
2025-04-28 07:43:15 [main] DEBUG l.i.u.tests.ApplicationFormsPageTest - Entered application name: DVP paraiška
2025-04-28 07:43:15 [main] DEBUG l.i.u.tests.ApplicationFormsPageTest - Clicked the 'Save' button.
2025-04-28 07:43:15 [main] ERROR l.i.uztis.pages.ApplicationFormsPage - Failed to verify the success message: 'Duomenys sėkmingai išsaugoti.'. Available messages: [Elemente „Paraiškos kodas“ nurodyta reikšmė jau egzistuoja. Prašome nurodyti unikalią reikšmę.]
2025-04-28 07:43:15 [main] INFO  l.i.u.tests.ApplicationFormsPageTest - Verified success message
2025-04-28 07:43:25 [main] ERROR l.i.uztis.pages.ApplicationFormsPage - Button SaveForm is not displayed
org.openqa.selenium.NoSuchElementException: no such element: Unable to locate element: {"method":"css selector","selector":"#mat\-button\-toggle\-0\-button"}
  (Session info: chrome=135.0.7049.115)
For documentation on this error, please visit: https://www.selenium.dev/documentation/webdriver/troubleshooting/errors#no-such-element-exception
Build info: version: '4.27.0', revision: 'd6e718d134'
System info: os.name: 'Windows 11', os.arch: 'amd64', os.version: '10.0', java.version: '21.0.3'
Driver info: org.openqa.selenium.chrome.ChromeDriver
Command: [ad388285b9f0065e7b9fce86e4946b14, findElement {using=id, value=mat-button-toggle-0-button}]
Capabilities {acceptInsecureCerts: false, browserName: chrome, browserVersion: 135.0.7049.115, chrome: {chromedriverVersion: 135.0.7049.114 (63fd8a7d9d0..., userDataDir: C:\Users\INGRID~1.ZAD\AppDa...}, fedcm:accounts: true, goog:chromeOptions: {debuggerAddress: localhost:61189}, networkConnectionEnabled: false, pageLoadStrategy: normal, platformName: windows, proxy: Proxy(), se:cdp: ws://localhost:61189/devtoo..., se:cdpVersion: 135.0.7049.115, setWindowRect: true, strictFileInteractability: false, timeouts: {implicit: 0, pageLoad: 300000, script: 30000}, unhandledPromptBehavior: dismiss and notify, webauthn:extension:credBlob: true, webauthn:extension:largeBlob: true, webauthn:extension:minPinLength: true, webauthn:extension:prf: true, webauthn:virtualAuthenticators: true}
Session ID: ad388285b9f0065e7b9fce86e4946b14
	at java.base/jdk.internal.reflect.DirectConstructorHandleAccessor.newInstance(DirectConstructorHandleAccessor.java:62)
	at java.base/java.lang.reflect.Constructor.newInstanceWithCaller(Constructor.java:502)
	at java.base/java.lang.reflect.Constructor.newInstance(Constructor.java:486)
	at org.openqa.selenium.remote.ErrorCodec.decode(ErrorCodec.java:167)
	at org.openqa.selenium.remote.codec.w3c.W3CHttpResponseCodec.decode(W3CHttpResponseCodec.java:138)
	at org.openqa.selenium.remote.codec.w3c.W3CHttpResponseCodec.decode(W3CHttpResponseCodec.java:50)
	at org.openqa.selenium.remote.HttpCommandExecutor.execute(HttpCommandExecutor.java:190)
	at org.openqa.selenium.remote.service.DriverCommandExecutor.invokeExecute(DriverCommandExecutor.java:216)
	at org.openqa.selenium.remote.service.DriverCommandExecutor.execute(DriverCommandExecutor.java:174)
	at org.openqa.selenium.remote.RemoteWebDriver.execute(RemoteWebDriver.java:545)
	at org.openqa.selenium.remote.ElementLocation$ElementFinder$2.findElement(ElementLocation.java:165)
	at org.openqa.selenium.remote.ElementLocation.findElement(ElementLocation.java:59)
	at org.openqa.selenium.remote.RemoteWebDriver.findElement(RemoteWebDriver.java:368)
	at org.openqa.selenium.remote.RemoteWebDriver.findElement(RemoteWebDriver.java:362)
	at org.openqa.selenium.support.pagefactory.DefaultElementLocator.findElement(DefaultElementLocator.java:68)
	at org.openqa.selenium.support.pagefactory.internal.LocatingElementHandler.invoke(LocatingElementHandler.java:38)
	at jdk.proxy2/jdk.proxy2.$Proxy14.isDisplayed(Unknown Source)
	at lt.insoft.uztis.pages.ApplicationFormsPage.isButtonSaveFormDisplayed(ApplicationFormsPage.java:274)
	at lt.insoft.uztis.tests.ApplicationFormsPageTest.testCreateNewDvpApplication(ApplicationFormsPageTest.java:320)
	at java.base/jdk.internal.reflect.DirectMethodHandleAccessor.invoke(DirectMethodHandleAccessor.java:103)
	at java.base/java.lang.reflect.Method.invoke(Method.java:580)
	at org.junit.platform.commons.util.ReflectionUtils.invokeMethod(ReflectionUtils.java:728)
	at org.junit.jupiter.engine.execution.MethodInvocation.proceed(MethodInvocation.java:60)
	at org.junit.jupiter.engine.execution.InvocationInterceptorChain$ValidatingInvocation.proceed(InvocationInterceptorChain.java:131)
	at org.junit.jupiter.engine.extension.TimeoutExtension.intercept(TimeoutExtension.java:156)
	at org.junit.jupiter.engine.extension.TimeoutExtension.interceptTestableMethod(TimeoutExtension.java:147)
	at org.junit.jupiter.engine.extension.TimeoutExtension.interceptTestMethod(TimeoutExtension.java:86)
	at org.junit.jupiter.engine.execution.InterceptingExecutableInvoker$ReflectiveInterceptorCall.lambda$ofVoidMethod$0(InterceptingExecutableInvoker.java:103)
	at org.junit.jupiter.engine.execution.InterceptingExecutableInvoker.lambda$invoke$0(InterceptingExecutableInvoker.java:93)
	at org.junit.jupiter.engine.execution.InvocationInterceptorChain$InterceptedInvocation.proceed(InvocationInterceptorChain.java:106)
	at org.junit.jupiter.engine.execution.InvocationInterceptorChain.proceed(InvocationInterceptorChain.java:64)
	at org.junit.jupiter.engine.execution.InvocationInterceptorChain.chainAndInvoke(InvocationInterceptorChain.java:45)
	at org.junit.jupiter.engine.execution.InvocationInterceptorChain.invoke(InvocationInterceptorChain.java:37)
	at org.junit.jupiter.engine.execution.InterceptingExecutableInvoker.invoke(InterceptingExecutableInvoker.java:92)
	at org.junit.jupiter.engine.execution.InterceptingExecutableInvoker.invoke(InterceptingExecutableInvoker.java:86)
	at org.junit.jupiter.engine.descriptor.TestMethodTestDescriptor.lambda$invokeTestMethod$7(TestMethodTestDescriptor.java:218)
	at org.junit.platform.engine.support.hierarchical.ThrowableCollector.execute(ThrowableCollector.java:73)
	at org.junit.jupiter.engine.descriptor.TestMethodTestDescriptor.invokeTestMethod(TestMethodTestDescriptor.java:214)
	at org.junit.jupiter.engine.descriptor.TestMethodTestDescriptor.execute(TestMethodTestDescriptor.java:139)
	at org.junit.jupiter.engine.descriptor.TestMethodTestDescriptor.execute(TestMethodTestDescriptor.java:69)
	at org.junit.platform.engine.support.hierarchical.NodeTestTask.lambda$executeRecursively$6(NodeTestTask.java:151)
	at org.junit.platform.engine.support.hierarchical.ThrowableCollector.execute(ThrowableCollector.java:73)
	at org.junit.platform.engine.support.hierarchical.NodeTestTask.lambda$executeRecursively$8(NodeTestTask.java:141)
	at org.junit.platform.engine.support.hierarchical.Node.around(Node.java:137)
	at org.junit.platform.engine.support.hierarchical.NodeTestTask.lambda$executeRecursively$9(NodeTestTask.java:139)
	at org.junit.platform.engine.support.hierarchical.ThrowableCollector.execute(ThrowableCollector.java:73)
	at org.junit.platform.engine.support.hierarchical.NodeTestTask.executeRecursively(NodeTestTask.java:138)
	at org.junit.platform.engine.support.hierarchical.NodeTestTask.execute(NodeTestTask.java:95)
	at java.base/java.util.ArrayList.forEach(ArrayList.java:1596)
	at org.junit.platform.engine.support.hierarchical.SameThreadHierarchicalTestExecutorService.invokeAll(SameThreadHierarchicalTestExecutorService.java:41)
	at org.junit.platform.engine.support.hierarchical.NodeTestTask.lambda$executeRecursively$6(NodeTestTask.java:155)
	at org.junit.platform.engine.support.hierarchical.ThrowableCollector.execute(ThrowableCollector.java:73)
	at org.junit.platform.engine.support.hierarchical.NodeTestTask.lambda$executeRecursively$8(NodeTestTask.java:141)
	at org.junit.platform.engine.support.hierarchical.Node.around(Node.java:137)
	at org.junit.platform.engine.support.hierarchical.NodeTestTask.lambda$executeRecursively$9(NodeTestTask.java:139)
	at org.junit.platform.engine.support.hierarchical.ThrowableCollector.execute(ThrowableCollector.java:73)
	at org.junit.platform.engine.support.hierarchical.NodeTestTask.executeRecursively(NodeTestTask.java:138)
	at org.junit.platform.engine.support.hierarchical.NodeTestTask.execute(NodeTestTask.java:95)
	at java.base/java.util.ArrayList.forEach(ArrayList.java:1596)
	at org.junit.platform.engine.support.hierarchical.SameThreadHierarchicalTestExecutorService.invokeAll(SameThreadHierarchicalTestExecutorService.java:41)
	at org.junit.platform.engine.support.hierarchical.NodeTestTask.lambda$executeRecursively$6(NodeTestTask.java:155)
	at org.junit.platform.engine.support.hierarchical.ThrowableCollector.execute(ThrowableCollector.java:73)
	at org.junit.platform.engine.support.hierarchical.NodeTestTask.lambda$executeRecursively$8(NodeTestTask.java:141)
	at org.junit.platform.engine.support.hierarchical.Node.around(Node.java:137)
	at org.junit.platform.engine.support.hierarchical.NodeTestTask.lambda$executeRecursively$9(NodeTestTask.java:139)
	at org.junit.platform.engine.support.hierarchical.ThrowableCollector.execute(ThrowableCollector.java:73)
	at org.junit.platform.engine.support.hierarchical.NodeTestTask.executeRecursively(NodeTestTask.java:138)
	at org.junit.platform.engine.support.hierarchical.NodeTestTask.execute(NodeTestTask.java:95)
	at org.junit.platform.engine.support.hierarchical.SameThreadHierarchicalTestExecutorService.submit(SameThreadHierarchicalTestExecutorService.java:35)
	at org.junit.platform.engine.support.hierarchical.HierarchicalTestExecutor.execute(HierarchicalTestExecutor.java:57)
	at org.junit.platform.engine.support.hierarchical.HierarchicalTestEngine.execute(HierarchicalTestEngine.java:54)
	at org.junit.platform.launcher.core.EngineExecutionOrchestrator.execute(EngineExecutionOrchestrator.java:198)
	at org.junit.platform.launcher.core.EngineExecutionOrchestrator.execute(EngineExecutionOrchestrator.java:169)
	at org.junit.platform.launcher.core.EngineExecutionOrchestrator.execute(EngineExecutionOrchestrator.java:93)
	at org.junit.platform.launcher.core.EngineExecutionOrchestrator.lambda$execute$0(EngineExecutionOrchestrator.java:58)
	at org.junit.platform.launcher.core.EngineExecutionOrchestrator.withInterceptedStreams(EngineExecutionOrchestrator.java:141)
	at org.junit.platform.launcher.core.EngineExecutionOrchestrator.execute(EngineExecutionOrchestrator.java:57)
	at org.junit.platform.launcher.core.DefaultLauncher.execute(DefaultLauncher.java:103)
	at org.junit.platform.launcher.core.DefaultLauncher.execute(DefaultLauncher.java:85)
	at org.junit.platform.launcher.core.DelegatingLauncher.execute(DelegatingLauncher.java:47)
	at org.junit.platform.launcher.core.SessionPerRequestLauncher.execute(SessionPerRequestLauncher.java:63)
	at com.intellij.junit5.JUnit5IdeaTestRunner.startRunnerWithArgs(JUnit5IdeaTestRunner.java:57)
	at com.intellij.rt.junit.IdeaTestRunner$Repeater$1.execute(IdeaTestRunner.java:38)
	at com.intellij.rt.execution.junit.TestsRepeater.repeat(TestsRepeater.java:11)
	at com.intellij.rt.junit.IdeaTestRunner$Repeater.startRunnerWithArgs(IdeaTestRunner.java:35)
	at com.intellij.rt.junit.JUnitStarter.prepareStreamsAndStart(JUnitStarter.java:232)
	at com.intellij.rt.junit.JUnitStarter.main(JUnitStarter.java:55)
2025-04-28 07:43:25 [main] ERROR l.i.u.tests.ApplicationFormsPageTest - Test 'testCreateNewDvpApplication' failed with error: Save form button should be displayed. ==> expected: <true> but was: <false>
org.opentest4j.AssertionFailedError: Save form button should be displayed. ==> expected: <true> but was: <false>
	at org.junit.jupiter.api.AssertionFailureBuilder.build(AssertionFailureBuilder.java:151)
	at org.junit.jupiter.api.AssertionFailureBuilder.buildAndThrow(AssertionFailureBuilder.java:132)
	at org.junit.jupiter.api.AssertTrue.failNotTrue(AssertTrue.java:63)
	at org.junit.jupiter.api.AssertTrue.assertTrue(AssertTrue.java:36)
	at org.junit.jupiter.api.Assertions.assertTrue(Assertions.java:210)
	at lt.insoft.uztis.tests.ApplicationFormsPageTest.testCreateNewDvpApplication(ApplicationFormsPageTest.java:321)
	at java.base/jdk.internal.reflect.DirectMethodHandleAccessor.invoke(DirectMethodHandleAccessor.java:103)
	at java.base/java.lang.reflect.Method.invoke(Method.java:580)
	at org.junit.platform.commons.util.ReflectionUtils.invokeMethod(ReflectionUtils.java:728)
	at org.junit.jupiter.engine.execution.MethodInvocation.proceed(MethodInvocation.java:60)
	at org.junit.jupiter.engine.execution.InvocationInterceptorChain$ValidatingInvocation.proceed(InvocationInterceptorChain.java:131)
	at org.junit.jupiter.engine.extension.TimeoutExtension.intercept(TimeoutExtension.java:156)
	at org.junit.jupiter.engine.extension.TimeoutExtension.interceptTestableMethod(TimeoutExtension.java:147)
	at org.junit.jupiter.engine.extension.TimeoutExtension.interceptTestMethod(TimeoutExtension.java:86)
	at org.junit.jupiter.engine.execution.InterceptingExecutableInvoker$ReflectiveInterceptorCall.lambda$ofVoidMethod$0(InterceptingExecutableInvoker.java:103)
	at org.junit.jupiter.engine.execution.InterceptingExecutableInvoker.lambda$invoke$0(InterceptingExecutableInvoker.java:93)
	at org.junit.jupiter.engine.execution.InvocationInterceptorChain$InterceptedInvocation.proceed(InvocationInterceptorChain.java:106)
	at org.junit.jupiter.engine.execution.InvocationInterceptorChain.proceed(InvocationInterceptorChain.java:64)
	at org.junit.jupiter.engine.execution.InvocationInterceptorChain.chainAndInvoke(InvocationInterceptorChain.java:45)
	at org.junit.jupiter.engine.execution.InvocationInterceptorChain.invoke(InvocationInterceptorChain.java:37)
	at org.junit.jupiter.engine.execution.InterceptingExecutableInvoker.invoke(InterceptingExecutableInvoker.java:92)
	at org.junit.jupiter.engine.execution.InterceptingExecutableInvoker.invoke(InterceptingExecutableInvoker.java:86)
	at org.junit.jupiter.engine.descriptor.TestMethodTestDescriptor.lambda$invokeTestMethod$7(TestMethodTestDescriptor.java:218)
	at org.junit.platform.engine.support.hierarchical.ThrowableCollector.execute(ThrowableCollector.java:73)
	at org.junit.jupiter.engine.descriptor.TestMethodTestDescriptor.invokeTestMethod(TestMethodTestDescriptor.java:214)
	at org.junit.jupiter.engine.descriptor.TestMethodTestDescriptor.execute(TestMethodTestDescriptor.java:139)
	at org.junit.jupiter.engine.descriptor.TestMethodTestDescriptor.execute(TestMethodTestDescriptor.java:69)
	at org.junit.platform.engine.support.hierarchical.NodeTestTask.lambda$executeRecursively$6(NodeTestTask.java:151)
	at org.junit.platform.engine.support.hierarchical.ThrowableCollector.execute(ThrowableCollector.java:73)
	at org.junit.platform.engine.support.hierarchical.NodeTestTask.lambda$executeRecursively$8(NodeTestTask.java:141)
	at org.junit.platform.engine.support.hierarchical.Node.around(Node.java:137)
	at org.junit.platform.engine.support.hierarchical.NodeTestTask.lambda$executeRecursively$9(NodeTestTask.java:139)
	at org.junit.platform.engine.support.hierarchical.ThrowableCollector.execute(ThrowableCollector.java:73)
	at org.junit.platform.engine.support.hierarchical.NodeTestTask.executeRecursively(NodeTestTask.java:138)
	at org.junit.platform.engine.support.hierarchical.NodeTestTask.execute(NodeTestTask.java:95)
	at java.base/java.util.ArrayList.forEach(ArrayList.java:1596)
	at org.junit.platform.engine.support.hierarchical.SameThreadHierarchicalTestExecutorService.invokeAll(SameThreadHierarchicalTestExecutorService.java:41)
	at org.junit.platform.engine.support.hierarchical.NodeTestTask.lambda$executeRecursively$6(NodeTestTask.java:155)
	at org.junit.platform.engine.support.hierarchical.ThrowableCollector.execute(ThrowableCollector.java:73)
	at org.junit.platform.engine.support.hierarchical.NodeTestTask.lambda$executeRecursively$8(NodeTestTask.java:141)
	at org.junit.platform.engine.support.hierarchical.Node.around(Node.java:137)
	at org.junit.platform.engine.support.hierarchical.NodeTestTask.lambda$executeRecursively$9(NodeTestTask.java:139)
	at org.junit.platform.engine.support.hierarchical.ThrowableCollector.execute(ThrowableCollector.java:73)
	at org.junit.platform.engine.support.hierarchical.NodeTestTask.executeRecursively(NodeTestTask.java:138)
	at org.junit.platform.engine.support.hierarchical.NodeTestTask.execute(NodeTestTask.java:95)
	at java.base/java.util.ArrayList.forEach(ArrayList.java:1596)
	at org.junit.platform.engine.support.hierarchical.SameThreadHierarchicalTestExecutorService.invokeAll(SameThreadHierarchicalTestExecutorService.java:41)
	at org.junit.platform.engine.support.hierarchical.NodeTestTask.lambda$executeRecursively$6(NodeTestTask.java:155)
	at org.junit.platform.engine.support.hierarchical.ThrowableCollector.execute(ThrowableCollector.java:73)
	at org.junit.platform.engine.support.hierarchical.NodeTestTask.lambda$executeRecursively$8(NodeTestTask.java:141)
	at org.junit.platform.engine.support.hierarchical.Node.around(Node.java:137)
	at org.junit.platform.engine.support.hierarchical.NodeTestTask.lambda$executeRecursively$9(NodeTestTask.java:139)
	at org.junit.platform.engine.support.hierarchical.ThrowableCollector.execute(ThrowableCollector.java:73)
	at org.junit.platform.engine.support.hierarchical.NodeTestTask.executeRecursively(NodeTestTask.java:138)
	at org.junit.platform.engine.support.hierarchical.NodeTestTask.execute(NodeTestTask.java:95)
	at org.junit.platform.engine.support.hierarchical.SameThreadHierarchicalTestExecutorService.submit(SameThreadHierarchicalTestExecutorService.java:35)
	at org.junit.platform.engine.support.hierarchical.HierarchicalTestExecutor.execute(HierarchicalTestExecutor.java:57)
	at org.junit.platform.engine.support.hierarchical.HierarchicalTestEngine.execute(HierarchicalTestEngine.java:54)
	at org.junit.platform.launcher.core.EngineExecutionOrchestrator.execute(EngineExecutionOrchestrator.java:198)
	at org.junit.platform.launcher.core.EngineExecutionOrchestrator.execute(EngineExecutionOrchestrator.java:169)
	at org.junit.platform.launcher.core.EngineExecutionOrchestrator.execute(EngineExecutionOrchestrator.java:93)
	at org.junit.platform.launcher.core.EngineExecutionOrchestrator.lambda$execute$0(EngineExecutionOrchestrator.java:58)
	at org.junit.platform.launcher.core.EngineExecutionOrchestrator.withInterceptedStreams(EngineExecutionOrchestrator.java:141)
	at org.junit.platform.launcher.core.EngineExecutionOrchestrator.execute(EngineExecutionOrchestrator.java:57)
	at org.junit.platform.launcher.core.DefaultLauncher.execute(DefaultLauncher.java:103)
	at org.junit.platform.launcher.core.DefaultLauncher.execute(DefaultLauncher.java:85)
	at org.junit.platform.launcher.core.DelegatingLauncher.execute(DelegatingLauncher.java:47)
	at org.junit.platform.launcher.core.SessionPerRequestLauncher.execute(SessionPerRequestLauncher.java:63)
	at com.intellij.junit5.JUnit5IdeaTestRunner.startRunnerWithArgs(JUnit5IdeaTestRunner.java:57)
	at com.intellij.rt.junit.IdeaTestRunner$Repeater$1.execute(IdeaTestRunner.java:38)
	at com.intellij.rt.execution.junit.TestsRepeater.repeat(TestsRepeater.java:11)
	at com.intellij.rt.junit.IdeaTestRunner$Repeater.startRunnerWithArgs(IdeaTestRunner.java:35)
	at com.intellij.rt.junit.JUnitStarter.prepareStreamsAndStart(JUnitStarter.java:232)
	at com.intellij.rt.junit.JUnitStarter.main(JUnitStarter.java:55)
2025-04-28 07:43:25 [main] INFO  l.insoft.uztis.tests.utils.TestUtils - Screenshot moved to C:\Users\ingrida.zadorozniene\Desktop\Asm\UZTIS\UZTIS_tests\test-output\screenshots\20250428\074325655_testCreateNewDvpApplication().png
2025-04-28 07:45:23 [main] INFO  lt.insoft.uztis.tests.UztisPageTest - Navigated to https://uztisdev.asseco.lt/home
2025-04-28 07:45:24 [main] INFO  l.i.u.tests.ApplicationFormsPageTest - Setup complete. ApplicationFormsPage initialized.
2025-04-28 07:45:24 [main] INFO  l.i.u.tests.ApplicationFormsPageTest - Starting test:'testAddContractDVP'
2025-04-28 07:45:24 [main] DEBUG l.i.u.tests.ApplicationFormsPageTest - User logged in with test credentials
2025-04-28 07:45:24 [main] DEBUG l.i.u.tests.ApplicationFormsPageTest - Opened 'Application Processing' menu.
2025-04-28 07:45:24 [main] DEBUG l.i.u.tests.ApplicationFormsPageTest - Clicked on 'Application Forms' menu.
2025-04-28 07:45:25 [main] DEBUG l.i.u.tests.ApplicationFormsPageTest - Selected the last application description.
2025-04-28 07:45:25 [main] DEBUG l.i.u.tests.ApplicationFormsPageTest - Clicked 'Project Progress' tab.
2025-04-28 07:45:25 [main] DEBUG l.i.u.tests.ApplicationFormsPageTest - Clicked the 'Edit' button.
2025-04-28 07:45:25 [main] INFO  l.i.uztis.pages.ApplicationFormsPage - Located the dropdown button.
2025-04-28 07:45:28 [main] INFO  l.i.uztis.pages.ApplicationFormsPage - Successfully selected the value: 'Darbo vietų pritaikymo ir finansavimo sutartis'
2025-04-28 07:45:38 [main] ERROR l.i.uztis.pages.ApplicationFormsPage - Failed to close the dropdown with aria-expanded = 'false'.
2025-04-28 07:45:38 [main] DEBUG l.i.u.tests.ApplicationFormsPageTest - Selected a value from the 'Document' dropdown: 'Darbo vietų pritaikymo ir finansavimo sutartis'
2025-04-28 07:45:38 [main] DEBUG l.i.u.tests.ApplicationFormsPageTest - Clicked the 'Save' button.
2025-04-28 07:45:38 [main] ERROR l.i.uztis.pages.ApplicationFormsPage - Failed to verify the success message: 'Funkcija sėkmingai atlikta.'. Available messages: [Duomenys sėkmingai išsaugoti.]
2025-04-28 07:45:38 [main] INFO  l.i.u.tests.ApplicationFormsPageTest - Verified success message
2025-04-28 07:45:38 [main] INFO  l.i.u.tests.ApplicationFormsPageTest - Test 'testAddContractDVP' completed successfully.
2025-04-28 07:46:01 [main] INFO  lt.insoft.uztis.tests.UztisPageTest - Navigated to https://uztisdev.asseco.lt/home
2025-04-28 07:46:01 [main] INFO  l.i.uztis.tests.InvitationsPageTest - Starting test:'testCreateNewDvpInvitation'
2025-04-28 07:46:01 [main] DEBUG l.i.uztis.tests.InvitationsPageTest - User logged in with test credentials
2025-04-28 07:46:02 [main] DEBUG l.i.uztis.tests.InvitationsPageTest - Opened 'Application Processing' menu.
2025-04-28 07:46:02 [main] DEBUG l.i.uztis.tests.InvitationsPageTest - Clicked on 'Application Forms' menu.
2025-04-28 07:46:02 [main] DEBUG l.i.uztis.tests.InvitationsPageTest - Navigating to application forms menu.
2025-04-28 07:46:02 [main] DEBUG l.i.uztis.tests.InvitationsPageTest - Retrieved last description code text: 'TST-DVP-21'.
2025-04-28 07:46:02 [main] DEBUG l.i.uztis.tests.InvitationsPageTest - Clicked on 'Invitation' menu.
2025-04-28 07:46:03 [main] DEBUG l.i.uztis.tests.InvitationsPageTest - Clicked 'Create New Application Form'.
2025-04-28 07:46:04 [main] DEBUG l.i.uztis.tests.InvitationsPageTest - Selected section by code: 'TST-DVP-21'.
2025-04-28 07:46:04 [main] INFO  l.insoft.uztis.pages.InvitationsPage - Located the dropdown button.
2025-04-28 07:46:15 [main] ERROR l.insoft.uztis.pages.InvitationsPage - Timeout while waiting for dropdown to close with aria-expanded = 'false'.
2025-04-28 07:46:15 [main] DEBUG l.i.uztis.tests.InvitationsPageTest - Selected invitation number from the list.
2025-04-28 07:46:15 [main] DEBUG l.i.uztis.tests.InvitationsPageTest - Entered current date.
2025-04-28 07:46:16 [main] DEBUG l.i.uztis.tests.InvitationsPageTest - Entered start time: 00:00.
2025-04-28 07:46:16 [main] DEBUG l.i.uztis.tests.InvitationsPageTest - Entered end date.
2025-04-28 07:46:16 [main] DEBUG l.i.uztis.tests.InvitationsPageTest - Entered end time: 11:11.
2025-04-28 07:46:17 [main] DEBUG l.i.uztis.tests.InvitationsPageTest - Entered publication end date.
2025-04-28 07:46:17 [main] DEBUG l.i.uztis.tests.InvitationsPageTest - Added additional values.
2025-04-28 07:46:17 [main] INFO  l.insoft.uztis.pages.InvitationsPage - Located the dropdown button.
2025-04-28 07:46:18 [main] DEBUG l.i.uztis.tests.InvitationsPageTest - Selected the value: 'Didžiausia galima paramos suma aplinkos darbo vietai, Eur'
2025-04-28 07:46:18 [main] INFO  l.insoft.uztis.pages.InvitationsPage - Located the dropdown button.
2025-04-28 07:46:18 [main] DEBUG l.i.uztis.tests.InvitationsPageTest - Selected the value: 'Didžiausia galima paramos suma, Eur'
2025-04-28 07:46:18 [main] INFO  l.insoft.uztis.pages.InvitationsPage - Located the dropdown button.
2025-04-28 07:46:19 [main] DEBUG l.i.uztis.tests.InvitationsPageTest - Selected the value: 'Didžiausia galima paramos suma vienai darbo vietai, Eur'
2025-04-28 07:46:19 [main] DEBUG l.i.uztis.tests.InvitationsPageTest - Entered value: 11000
2025-04-28 07:46:20 [main] DEBUG l.i.uztis.tests.InvitationsPageTest - Entered value: 12000
2025-04-28 07:46:20 [main] DEBUG l.i.uztis.tests.InvitationsPageTest - Entered value: 13000
2025-04-28 07:46:20 [main] DEBUG l.i.uztis.tests.InvitationsPageTest - Checked 'Legal Entities' checkbox.
2025-04-28 07:46:20 [main] DEBUG l.i.uztis.tests.InvitationsPageTest - Checked 'Legal Entities' checkbox.
2025-04-28 07:46:20 [main] DEBUG l.i.uztis.tests.InvitationsPageTest - Unchecked 'Persons Registered with Employment Service' checkbox.
2025-04-28 07:46:20 [main] DEBUG l.i.uztis.tests.InvitationsPageTest - Checked 'Persons Registered as Employers' checkbox.
2025-04-28 07:46:20 [main] DEBUG l.i.uztis.tests.InvitationsPageTest - Entered budget: '2000'.
2025-04-28 07:46:20 [main] DEBUG l.i.uztis.tests.InvitationsPageTest - Entered description text: 'Aprašo tekstas'.
2025-04-28 07:46:21 [main] DEBUG l.i.uztis.tests.InvitationsPageTest - Entered applicants text: 'Pareiškėjų tekstas'.
2025-04-28 07:46:21 [main] DEBUG l.i.uztis.tests.InvitationsPageTest - Entered expenditures text: 'Išlaidų tekstas'.
2025-04-28 07:46:21 [main] DEBUG l.i.uztis.tests.InvitationsPageTest - Entered legislation text: 'Teisės aktų tekstas'.
2025-04-28 07:46:21 [main] DEBUG l.i.uztis.tests.InvitationsPageTest - Entered education text: 'Mokymų tekstas'.
2025-04-28 07:46:21 [main] DEBUG l.i.uztis.tests.InvitationsPageTest - File uploaded.
2025-04-28 07:46:21 [main] DEBUG l.i.uztis.tests.InvitationsPageTest - Clicked 'Publish'.
2025-04-28 07:46:21 [main] DEBUG l.i.uztis.tests.InvitationsPageTest - Publication confirmed.
2025-04-28 07:46:23 [main] DEBUG l.i.uztis.pages.ApplicationFormsPage - Verified success message: 'Funkcija sėkmingai atlikta.'
2025-04-28 07:46:23 [main] INFO  l.i.uztis.tests.InvitationsPageTest - Verified success message
2025-04-28 07:46:23 [main] INFO  l.i.uztis.tests.InvitationsPageTest - Test 'testCreateNewDvpInvitation' completed successfully.
2025-05-05 08:10:43 [main] INFO  lt.insoft.uztis.tests.UztisPageTest - Navigated to https://uztisdev.asseco.lt/home
2025-05-05 08:10:43 [main] INFO  l.i.u.tests.ApplicationFormsPageTest - Setup complete. ApplicationFormsPage initialized.
2025-05-05 08:10:43 [main] INFO  l.i.u.tests.ApplicationFormsPageTest - Starting test:'testCreateNewDvpApplication'
2025-05-05 08:10:43 [main] DEBUG l.i.u.tests.ApplicationFormsPageTest - User logged in with test credentials
2025-05-05 08:10:44 [main] DEBUG l.i.u.tests.ApplicationFormsPageTest - Opened 'Application Processing' menu.
2025-05-05 08:10:44 [main] DEBUG l.i.u.tests.ApplicationFormsPageTest - Clicked on 'Application Forms' menu.
2025-05-05 08:10:44 [main] DEBUG l.i.u.tests.ApplicationFormsPageTest - Clicked to create a new application form.
2025-05-05 08:10:44 [main] DEBUG l.i.u.tests.ApplicationFormsPageTest - Entered random application code: TST-DVP-53
2025-05-05 08:10:45 [main] DEBUG l.i.u.tests.ApplicationFormsPageTest - Selected 'Municipality' radio button.
2025-05-05 08:10:45 [main] INFO  l.i.uztis.pages.ApplicationFormsPage - Located the dropdown button.
2025-05-05 08:10:45 [main] INFO  l.i.uztis.pages.ApplicationFormsPage - Successfully selected the value: 'Kauno departamentas'
2025-05-05 08:10:56 [main] ERROR l.i.uztis.pages.ApplicationFormsPage - Failed to close the dropdown with aria-expanded = 'false'.
2025-05-05 08:10:56 [main] DEBUG l.i.u.tests.ApplicationFormsPageTest - Selected a value from the 'Municipality' dropdown: 'Kauno departamentas'
2025-05-05 08:10:56 [main] DEBUG l.i.u.tests.ApplicationFormsPageTest - Selected 'Budget By Country' radio button.
2025-05-05 08:10:56 [main] DEBUG l.i.u.tests.ApplicationFormsPageTest - Selected 'Financed Without Queue' option.
2025-05-05 08:10:56 [main] INFO  l.i.uztis.pages.ApplicationFormsPage - Located the dropdown button.
2025-05-05 08:10:57 [main] INFO  l.i.uztis.pages.ApplicationFormsPage - Successfully selected the value: 'DVP atitiktis URP'
2025-05-05 08:11:07 [main] ERROR l.i.uztis.pages.ApplicationFormsPage - Failed to close the dropdown with aria-expanded = 'false'.
2025-05-05 08:11:07 [main] DEBUG l.i.u.tests.ApplicationFormsPageTest - Selected a value from the 'EvaluationOne' dropdown: 'DVP atitiktis URP'
2025-05-05 08:11:07 [main] DEBUG l.i.u.tests.ApplicationFormsPageTest - Clicked 'Plus' button.
2025-05-05 08:11:08 [main] DEBUG l.i.u.tests.ApplicationFormsPageTest - Clicked 'Add' button seven times.
2025-05-05 08:11:08 [main] INFO  l.i.uztis.pages.ApplicationFormsPage - Processing dropdown index: 0
2025-05-05 08:11:18 [main] ERROR l.i.u.tests.ApplicationFormsPageTest - Test 'testCreateNewDvpApplication' failed with error: Expected condition failed: waiting for visibility of all elements located by By.cssSelector: mat-option (tried for 10 second(s) with 500 milliseconds interval)
Build info: version: '4.27.0', revision: 'd6e718d134'
System info: os.name: 'Windows 11', os.arch: 'amd64', os.version: '10.0', java.version: '21.0.3'
Driver info: org.openqa.selenium.chrome.ChromeDriver
Capabilities {acceptInsecureCerts: false, browserName: chrome, browserVersion: 135.0.7049.116, chrome: {chromedriverVersion: 135.0.7049.114 (63fd8a7d9d0..., userDataDir: C:\Users\INGRID~1.ZAD\AppDa...}, fedcm:accounts: true, goog:chromeOptions: {debuggerAddress: localhost:57233}, networkConnectionEnabled: false, pageLoadStrategy: normal, platformName: windows, proxy: Proxy(), se:cdp: ws://localhost:57233/devtoo..., se:cdpVersion: 135.0.7049.116, setWindowRect: true, strictFileInteractability: false, timeouts: {implicit: 0, pageLoad: 300000, script: 30000}, unhandledPromptBehavior: dismiss and notify, webauthn:extension:credBlob: true, webauthn:extension:largeBlob: true, webauthn:extension:minPinLength: true, webauthn:extension:prf: true, webauthn:virtualAuthenticators: true}
Session ID: 210cf1e37ea37839f6d591beae95198e
org.openqa.selenium.TimeoutException: Expected condition failed: waiting for visibility of all elements located by By.cssSelector: mat-option (tried for 10 second(s) with 500 milliseconds interval)
Build info: version: '4.27.0', revision: 'd6e718d134'
System info: os.name: 'Windows 11', os.arch: 'amd64', os.version: '10.0', java.version: '21.0.3'
Driver info: org.openqa.selenium.chrome.ChromeDriver
Capabilities {acceptInsecureCerts: false, browserName: chrome, browserVersion: 135.0.7049.116, chrome: {chromedriverVersion: 135.0.7049.114 (63fd8a7d9d0..., userDataDir: C:\Users\INGRID~1.ZAD\AppDa...}, fedcm:accounts: true, goog:chromeOptions: {debuggerAddress: localhost:57233}, networkConnectionEnabled: false, pageLoadStrategy: normal, platformName: windows, proxy: Proxy(), se:cdp: ws://localhost:57233/devtoo..., se:cdpVersion: 135.0.7049.116, setWindowRect: true, strictFileInteractability: false, timeouts: {implicit: 0, pageLoad: 300000, script: 30000}, unhandledPromptBehavior: dismiss and notify, webauthn:extension:credBlob: true, webauthn:extension:largeBlob: true, webauthn:extension:minPinLength: true, webauthn:extension:prf: true, webauthn:virtualAuthenticators: true}
Session ID: 210cf1e37ea37839f6d591beae95198e
	at org.openqa.selenium.support.ui.WebDriverWait.timeoutException(WebDriverWait.java:84)
	at org.openqa.selenium.support.ui.FluentWait.until(FluentWait.java:228)
	at lt.insoft.uztis.pages.ApplicationFormsPage.selectValueAndEnterText(ApplicationFormsPage.java:522)
	at lt.insoft.uztis.tests.ApplicationFormsPageTest.testCreateNewDvpApplication(ApplicationFormsPageTest.java:303)
	at java.base/jdk.internal.reflect.DirectMethodHandleAccessor.invoke(DirectMethodHandleAccessor.java:103)
	at java.base/java.lang.reflect.Method.invoke(Method.java:580)
	at org.junit.platform.commons.util.ReflectionUtils.invokeMethod(ReflectionUtils.java:728)
	at org.junit.jupiter.engine.execution.MethodInvocation.proceed(MethodInvocation.java:60)
	at org.junit.jupiter.engine.execution.InvocationInterceptorChain$ValidatingInvocation.proceed(InvocationInterceptorChain.java:131)
	at org.junit.jupiter.engine.extension.TimeoutExtension.intercept(TimeoutExtension.java:156)
	at org.junit.jupiter.engine.extension.TimeoutExtension.interceptTestableMethod(TimeoutExtension.java:147)
	at org.junit.jupiter.engine.extension.TimeoutExtension.interceptTestMethod(TimeoutExtension.java:86)
	at org.junit.jupiter.engine.execution.InterceptingExecutableInvoker$ReflectiveInterceptorCall.lambda$ofVoidMethod$0(InterceptingExecutableInvoker.java:103)
	at org.junit.jupiter.engine.execution.InterceptingExecutableInvoker.lambda$invoke$0(InterceptingExecutableInvoker.java:93)
	at org.junit.jupiter.engine.execution.InvocationInterceptorChain$InterceptedInvocation.proceed(InvocationInterceptorChain.java:106)
	at org.junit.jupiter.engine.execution.InvocationInterceptorChain.proceed(InvocationInterceptorChain.java:64)
	at org.junit.jupiter.engine.execution.InvocationInterceptorChain.chainAndInvoke(InvocationInterceptorChain.java:45)
	at org.junit.jupiter.engine.execution.InvocationInterceptorChain.invoke(InvocationInterceptorChain.java:37)
	at org.junit.jupiter.engine.execution.InterceptingExecutableInvoker.invoke(InterceptingExecutableInvoker.java:92)
	at org.junit.jupiter.engine.execution.InterceptingExecutableInvoker.invoke(InterceptingExecutableInvoker.java:86)
	at org.junit.jupiter.engine.descriptor.TestMethodTestDescriptor.lambda$invokeTestMethod$7(TestMethodTestDescriptor.java:218)
	at org.junit.platform.engine.support.hierarchical.ThrowableCollector.execute(ThrowableCollector.java:73)
	at org.junit.jupiter.engine.descriptor.TestMethodTestDescriptor.invokeTestMethod(TestMethodTestDescriptor.java:214)
	at org.junit.jupiter.engine.descriptor.TestMethodTestDescriptor.execute(TestMethodTestDescriptor.java:139)
	at org.junit.jupiter.engine.descriptor.TestMethodTestDescriptor.execute(TestMethodTestDescriptor.java:69)
	at org.junit.platform.engine.support.hierarchical.NodeTestTask.lambda$executeRecursively$6(NodeTestTask.java:151)
	at org.junit.platform.engine.support.hierarchical.ThrowableCollector.execute(ThrowableCollector.java:73)
	at org.junit.platform.engine.support.hierarchical.NodeTestTask.lambda$executeRecursively$8(NodeTestTask.java:141)
	at org.junit.platform.engine.support.hierarchical.Node.around(Node.java:137)
	at org.junit.platform.engine.support.hierarchical.NodeTestTask.lambda$executeRecursively$9(NodeTestTask.java:139)
	at org.junit.platform.engine.support.hierarchical.ThrowableCollector.execute(ThrowableCollector.java:73)
	at org.junit.platform.engine.support.hierarchical.NodeTestTask.executeRecursively(NodeTestTask.java:138)
	at org.junit.platform.engine.support.hierarchical.NodeTestTask.execute(NodeTestTask.java:95)
	at java.base/java.util.ArrayList.forEach(ArrayList.java:1596)
	at org.junit.platform.engine.support.hierarchical.SameThreadHierarchicalTestExecutorService.invokeAll(SameThreadHierarchicalTestExecutorService.java:41)
	at org.junit.platform.engine.support.hierarchical.NodeTestTask.lambda$executeRecursively$6(NodeTestTask.java:155)
	at org.junit.platform.engine.support.hierarchical.ThrowableCollector.execute(ThrowableCollector.java:73)
	at org.junit.platform.engine.support.hierarchical.NodeTestTask.lambda$executeRecursively$8(NodeTestTask.java:141)
	at org.junit.platform.engine.support.hierarchical.Node.around(Node.java:137)
	at org.junit.platform.engine.support.hierarchical.NodeTestTask.lambda$executeRecursively$9(NodeTestTask.java:139)
	at org.junit.platform.engine.support.hierarchical.ThrowableCollector.execute(ThrowableCollector.java:73)
	at org.junit.platform.engine.support.hierarchical.NodeTestTask.executeRecursively(NodeTestTask.java:138)
	at org.junit.platform.engine.support.hierarchical.NodeTestTask.execute(NodeTestTask.java:95)
	at java.base/java.util.ArrayList.forEach(ArrayList.java:1596)
	at org.junit.platform.engine.support.hierarchical.SameThreadHierarchicalTestExecutorService.invokeAll(SameThreadHierarchicalTestExecutorService.java:41)
	at org.junit.platform.engine.support.hierarchical.NodeTestTask.lambda$executeRecursively$6(NodeTestTask.java:155)
	at org.junit.platform.engine.support.hierarchical.ThrowableCollector.execute(ThrowableCollector.java:73)
	at org.junit.platform.engine.support.hierarchical.NodeTestTask.lambda$executeRecursively$8(NodeTestTask.java:141)
	at org.junit.platform.engine.support.hierarchical.Node.around(Node.java:137)
	at org.junit.platform.engine.support.hierarchical.NodeTestTask.lambda$executeRecursively$9(NodeTestTask.java:139)
	at org.junit.platform.engine.support.hierarchical.ThrowableCollector.execute(ThrowableCollector.java:73)
	at org.junit.platform.engine.support.hierarchical.NodeTestTask.executeRecursively(NodeTestTask.java:138)
	at org.junit.platform.engine.support.hierarchical.NodeTestTask.execute(NodeTestTask.java:95)
	at org.junit.platform.engine.support.hierarchical.SameThreadHierarchicalTestExecutorService.submit(SameThreadHierarchicalTestExecutorService.java:35)
	at org.junit.platform.engine.support.hierarchical.HierarchicalTestExecutor.execute(HierarchicalTestExecutor.java:57)
	at org.junit.platform.engine.support.hierarchical.HierarchicalTestEngine.execute(HierarchicalTestEngine.java:54)
	at org.junit.platform.launcher.core.EngineExecutionOrchestrator.execute(EngineExecutionOrchestrator.java:198)
	at org.junit.platform.launcher.core.EngineExecutionOrchestrator.execute(EngineExecutionOrchestrator.java:169)
	at org.junit.platform.launcher.core.EngineExecutionOrchestrator.execute(EngineExecutionOrchestrator.java:93)
	at org.junit.platform.launcher.core.EngineExecutionOrchestrator.lambda$execute$0(EngineExecutionOrchestrator.java:58)
	at org.junit.platform.launcher.core.EngineExecutionOrchestrator.withInterceptedStreams(EngineExecutionOrchestrator.java:141)
	at org.junit.platform.launcher.core.EngineExecutionOrchestrator.execute(EngineExecutionOrchestrator.java:57)
	at org.junit.platform.launcher.core.DefaultLauncher.execute(DefaultLauncher.java:103)
	at org.junit.platform.launcher.core.DefaultLauncher.execute(DefaultLauncher.java:85)
	at org.junit.platform.launcher.core.DelegatingLauncher.execute(DelegatingLauncher.java:47)
	at org.junit.platform.launcher.core.SessionPerRequestLauncher.execute(SessionPerRequestLauncher.java:63)
	at com.intellij.junit5.JUnit5IdeaTestRunner.startRunnerWithArgs(JUnit5IdeaTestRunner.java:57)
	at com.intellij.rt.junit.IdeaTestRunner$Repeater$1.execute(IdeaTestRunner.java:38)
	at com.intellij.rt.execution.junit.TestsRepeater.repeat(TestsRepeater.java:11)
	at com.intellij.rt.junit.IdeaTestRunner$Repeater.startRunnerWithArgs(IdeaTestRunner.java:35)
	at com.intellij.rt.junit.JUnitStarter.prepareStreamsAndStart(JUnitStarter.java:232)
	at com.intellij.rt.junit.JUnitStarter.main(JUnitStarter.java:55)
2025-05-05 08:11:18 [main] INFO  l.insoft.uztis.tests.utils.TestUtils - Screenshot moved to C:\Users\ingrida.zadorozniene\Desktop\Asm\UZTIS\UZTIS_tests\test-output\screenshots\20250505\081118745_testCreateNewDvpApplication().png
2025-05-05 08:11:34 [main] INFO  lt.insoft.uztis.tests.UztisPageTest - Navigated to https://uztisdev.asseco.lt/home
2025-05-05 08:11:34 [main] INFO  l.i.u.tests.ApplicationFormsPageTest - Setup complete. ApplicationFormsPage initialized.
2025-05-05 08:11:34 [main] INFO  l.i.u.tests.ApplicationFormsPageTest - Starting test:'testCreateNewDvpApplication'
2025-05-05 08:11:34 [main] DEBUG l.i.u.tests.ApplicationFormsPageTest - User logged in with test credentials
2025-05-05 08:11:35 [main] DEBUG l.i.u.tests.ApplicationFormsPageTest - Opened 'Application Processing' menu.
2025-05-05 08:11:35 [main] DEBUG l.i.u.tests.ApplicationFormsPageTest - Clicked on 'Application Forms' menu.
2025-05-05 08:11:36 [main] DEBUG l.i.u.tests.ApplicationFormsPageTest - Clicked to create a new application form.
2025-05-05 08:11:36 [main] DEBUG l.i.u.tests.ApplicationFormsPageTest - Entered random application code: TST-DVP-70
2025-05-05 08:11:36 [main] DEBUG l.i.u.tests.ApplicationFormsPageTest - Selected 'Municipality' radio button.
2025-05-05 08:11:36 [main] INFO  l.i.uztis.pages.ApplicationFormsPage - Located the dropdown button.
2025-05-05 08:11:36 [main] INFO  l.i.uztis.pages.ApplicationFormsPage - Successfully selected the value: 'Kauno departamentas'
2025-05-05 08:11:47 [main] ERROR l.i.uztis.pages.ApplicationFormsPage - Failed to close the dropdown with aria-expanded = 'false'.
2025-05-05 08:11:47 [main] DEBUG l.i.u.tests.ApplicationFormsPageTest - Selected a value from the 'Municipality' dropdown: 'Kauno departamentas'
2025-05-05 08:11:47 [main] DEBUG l.i.u.tests.ApplicationFormsPageTest - Selected 'Budget By Country' radio button.
2025-05-05 08:11:47 [main] DEBUG l.i.u.tests.ApplicationFormsPageTest - Selected 'Financed Without Queue' option.
2025-05-05 08:11:47 [main] INFO  l.i.uztis.pages.ApplicationFormsPage - Located the dropdown button.
2025-05-05 08:11:47 [main] INFO  l.i.uztis.pages.ApplicationFormsPage - Successfully selected the value: 'DVP atitiktis URP'
2025-05-05 08:11:58 [main] ERROR l.i.uztis.pages.ApplicationFormsPage - Failed to close the dropdown with aria-expanded = 'false'.
2025-05-05 08:11:58 [main] DEBUG l.i.u.tests.ApplicationFormsPageTest - Selected a value from the 'EvaluationOne' dropdown: 'DVP atitiktis URP'
2025-05-05 08:11:58 [main] DEBUG l.i.u.tests.ApplicationFormsPageTest - Clicked 'Plus' button.
2025-05-05 08:11:58 [main] DEBUG l.i.u.tests.ApplicationFormsPageTest - Clicked 'Add' button seven times.
2025-05-05 08:11:58 [main] INFO  l.i.uztis.pages.ApplicationFormsPage - Processing dropdown index: 0
2025-05-05 08:12:09 [main] ERROR l.i.uztis.pages.ApplicationFormsPage - Timeout while waiting for dropdown to close at index: 0 with aria-expanded = 'false'
2025-05-05 08:12:09 [main] INFO  l.i.uztis.pages.ApplicationFormsPage - Processing dropdown index: 1
2025-05-05 08:12:19 [main] ERROR l.i.uztis.pages.ApplicationFormsPage - Timeout while waiting for dropdown to close at index: 1 with aria-expanded = 'false'
2025-05-05 08:12:19 [main] INFO  l.i.uztis.pages.ApplicationFormsPage - Processing dropdown index: 2
2025-05-05 08:12:29 [main] ERROR l.i.uztis.pages.ApplicationFormsPage - Timeout while waiting for dropdown to close at index: 2 with aria-expanded = 'false'
2025-05-05 08:12:29 [main] INFO  l.i.uztis.pages.ApplicationFormsPage - Processing dropdown index: 3
2025-05-05 08:12:39 [main] ERROR l.i.uztis.pages.ApplicationFormsPage - Timeout while waiting for dropdown to close at index: 3 with aria-expanded = 'false'
2025-05-05 08:12:39 [main] INFO  l.i.uztis.pages.ApplicationFormsPage - Processing dropdown index: 4
2025-05-05 08:12:50 [main] ERROR l.i.uztis.pages.ApplicationFormsPage - Timeout while waiting for dropdown to close at index: 4 with aria-expanded = 'false'
2025-05-05 08:12:50 [main] INFO  l.i.uztis.pages.ApplicationFormsPage - Processing dropdown index: 5
2025-05-05 08:13:01 [main] ERROR l.i.uztis.pages.ApplicationFormsPage - Timeout while waiting for dropdown to close at index: 5 with aria-expanded = 'false'
2025-05-05 08:13:01 [main] INFO  l.i.uztis.pages.ApplicationFormsPage - Processing dropdown index: 6
2025-05-05 08:13:12 [main] ERROR l.i.uztis.pages.ApplicationFormsPage - Timeout while waiting for dropdown to close at index: 6 with aria-expanded = 'false'
2025-05-05 08:13:12 [main] INFO  l.i.uztis.pages.ApplicationFormsPage - Processing dropdown index: 7
2025-05-05 08:13:23 [main] ERROR l.i.uztis.pages.ApplicationFormsPage - Timeout while waiting for dropdown to close at index: 7 with aria-expanded = 'false'
2025-05-05 08:13:23 [main] INFO  l.i.uztis.pages.ApplicationFormsPage - Processing input field index: 0
2025-05-05 08:13:23 [main] INFO  l.i.uztis.pages.ApplicationFormsPage - Entered value '50' into field index: 0
2025-05-05 08:13:23 [main] INFO  l.i.uztis.pages.ApplicationFormsPage - Processing input field index: 1
2025-05-05 08:13:23 [main] INFO  l.i.uztis.pages.ApplicationFormsPage - Entered value '924' into field index: 1
2025-05-05 08:13:23 [main] INFO  l.i.uztis.pages.ApplicationFormsPage - Processing input field index: 2
2025-05-05 08:13:24 [main] INFO  l.i.uztis.pages.ApplicationFormsPage - Entered value '31' into field index: 2
2025-05-05 08:13:24 [main] INFO  l.i.uztis.pages.ApplicationFormsPage - Processing input field index: 3
2025-05-05 08:13:24 [main] INFO  l.i.uztis.pages.ApplicationFormsPage - Entered value '4.7' into field index: 3
2025-05-05 08:13:24 [main] INFO  l.i.uztis.pages.ApplicationFormsPage - Processing input field index: 4
2025-05-05 08:13:24 [main] INFO  l.i.uztis.pages.ApplicationFormsPage - Entered value '35' into field index: 4
2025-05-05 08:13:24 [main] INFO  l.i.uztis.pages.ApplicationFormsPage - Processing input field index: 5
2025-05-05 08:13:24 [main] INFO  l.i.uztis.pages.ApplicationFormsPage - Entered value '20' into field index: 5
2025-05-05 08:13:24 [main] INFO  l.i.uztis.pages.ApplicationFormsPage - Processing input field index: 6
2025-05-05 08:13:24 [main] INFO  l.i.uztis.pages.ApplicationFormsPage - Entered value '30' into field index: 6
2025-05-05 08:13:24 [main] INFO  l.i.uztis.pages.ApplicationFormsPage - Processing input field index: 7
2025-05-05 08:13:24 [main] INFO  l.i.uztis.pages.ApplicationFormsPage - Entered value '60' into field index: 7
2025-05-05 08:13:24 [main] DEBUG l.i.u.tests.ApplicationFormsPageTest - Entered additional values and text.
2025-05-05 08:13:24 [main] DEBUG l.i.u.tests.ApplicationFormsPageTest - Entered application name: DVP paraiška
2025-05-05 08:13:24 [main] DEBUG l.i.u.tests.ApplicationFormsPageTest - Clicked the 'Save' button.
2025-05-05 08:13:25 [main] DEBUG l.i.uztis.pages.ApplicationFormsPage - Verified success message: 'Duomenys sėkmingai išsaugoti.'
2025-05-05 08:13:25 [main] INFO  l.i.u.tests.ApplicationFormsPageTest - Verified success message
2025-05-05 08:13:25 [main] INFO  l.i.u.tests.ApplicationFormsPageTest - Verified that the 'Save Form' button is displayed.
2025-05-05 08:13:25 [main] INFO  l.i.u.tests.ApplicationFormsPageTest - Test 'testCreateNewDvpApplication' completed successfully.
2025-05-05 08:14:17 [main] INFO  lt.insoft.uztis.tests.UztisPageTest - Navigated to https://uztisdev.asseco.lt/home
2025-05-05 08:14:17 [main] INFO  l.i.u.tests.ApplicationFormsPageTest - Setup complete. ApplicationFormsPage initialized.
2025-05-05 08:14:17 [main] INFO  l.i.u.tests.ApplicationFormsPageTest - Starting test:'testAddContractDVP'
2025-05-05 08:14:17 [main] DEBUG l.i.u.tests.ApplicationFormsPageTest - User logged in with test credentials
2025-05-05 08:14:18 [main] DEBUG l.i.u.tests.ApplicationFormsPageTest - Opened 'Application Processing' menu.
2025-05-05 08:14:18 [main] DEBUG l.i.u.tests.ApplicationFormsPageTest - Clicked on 'Application Forms' menu.
2025-05-05 08:14:18 [main] DEBUG l.i.u.tests.ApplicationFormsPageTest - Selected the last application description.
2025-05-05 08:14:19 [main] DEBUG l.i.u.tests.ApplicationFormsPageTest - Clicked 'Project Progress' tab.
2025-05-05 08:14:19 [main] DEBUG l.i.u.tests.ApplicationFormsPageTest - Clicked the 'Edit' button.
2025-05-05 08:14:19 [main] INFO  l.i.uztis.pages.ApplicationFormsPage - Located the dropdown button.
2025-05-05 08:14:22 [main] INFO  l.i.uztis.pages.ApplicationFormsPage - Successfully selected the value: 'Darbo vietų pritaikymo ir finansavimo sutartis'
2025-05-05 08:14:32 [main] ERROR l.i.uztis.pages.ApplicationFormsPage - Failed to close the dropdown with aria-expanded = 'false'.
2025-05-05 08:14:32 [main] DEBUG l.i.u.tests.ApplicationFormsPageTest - Selected a value from the 'Document' dropdown: 'Darbo vietų pritaikymo ir finansavimo sutartis'
2025-05-05 08:14:32 [main] DEBUG l.i.u.tests.ApplicationFormsPageTest - Clicked the 'Save' button.
2025-05-05 08:14:32 [main] ERROR l.i.uztis.pages.ApplicationFormsPage - Failed to verify the success message: 'Funkcija sėkmingai atlikta.'. Available messages: [Duomenys sėkmingai išsaugoti.]
2025-05-05 08:14:32 [main] INFO  l.i.u.tests.ApplicationFormsPageTest - Verified success message
2025-05-05 08:14:32 [main] INFO  l.i.u.tests.ApplicationFormsPageTest - Test 'testAddContractDVP' completed successfully.
2025-05-05 08:15:15 [main] INFO  lt.insoft.uztis.tests.UztisPageTest - Navigated to https://uztisdev.asseco.lt/home
2025-05-05 08:15:16 [main] INFO  l.i.uztis.tests.InvitationsPageTest - Starting test:'testCreateNewDvpInvitation'
2025-05-05 08:15:16 [main] DEBUG l.i.uztis.tests.InvitationsPageTest - User logged in with test credentials
2025-05-05 08:15:16 [main] DEBUG l.i.uztis.tests.InvitationsPageTest - Opened 'Application Processing' menu.
2025-05-05 08:15:16 [main] DEBUG l.i.uztis.tests.InvitationsPageTest - Clicked on 'Application Forms' menu.
2025-05-05 08:15:16 [main] DEBUG l.i.uztis.tests.InvitationsPageTest - Navigating to application forms menu.
2025-05-05 08:15:17 [main] DEBUG l.i.uztis.tests.InvitationsPageTest - Retrieved last description code text: 'TST-DVP-70'.
2025-05-05 08:15:17 [main] DEBUG l.i.uztis.tests.InvitationsPageTest - Clicked on 'Invitation' menu.
2025-05-05 08:15:18 [main] DEBUG l.i.uztis.tests.InvitationsPageTest - Clicked 'Create New Application Form'.
2025-05-05 08:15:19 [main] DEBUG l.i.uztis.tests.InvitationsPageTest - Selected section by code: 'TST-DVP-70'.
2025-05-05 08:15:19 [main] INFO  l.insoft.uztis.pages.InvitationsPage - Located the dropdown button.
2025-05-05 08:15:30 [main] ERROR l.insoft.uztis.pages.InvitationsPage - Timeout while waiting for dropdown to close with aria-expanded = 'false'.
2025-05-05 08:15:30 [main] DEBUG l.i.uztis.tests.InvitationsPageTest - Selected invitation number from the list.
2025-05-05 08:15:30 [main] DEBUG l.i.uztis.tests.InvitationsPageTest - Entered current date.
2025-05-05 08:15:31 [main] DEBUG l.i.uztis.tests.InvitationsPageTest - Entered start time: 00:00.
2025-05-05 08:15:31 [main] DEBUG l.i.uztis.tests.InvitationsPageTest - Entered end date.
2025-05-05 08:15:31 [main] DEBUG l.i.uztis.tests.InvitationsPageTest - Entered end time: 11:11.
2025-05-05 08:15:31 [main] DEBUG l.i.uztis.tests.InvitationsPageTest - Entered publication end date.
2025-05-05 08:15:32 [main] DEBUG l.i.uztis.tests.InvitationsPageTest - Added additional values.
2025-05-05 08:15:32 [main] INFO  l.insoft.uztis.pages.InvitationsPage - Located the dropdown button.
2025-05-05 08:15:32 [main] DEBUG l.i.uztis.tests.InvitationsPageTest - Selected the value: 'Didžiausia galima paramos suma aplinkos darbo vietai, Eur'
2025-05-05 08:15:32 [main] INFO  l.insoft.uztis.pages.InvitationsPage - Located the dropdown button.
2025-05-05 08:15:33 [main] DEBUG l.i.uztis.tests.InvitationsPageTest - Selected the value: 'Didžiausia galima paramos suma, Eur'
2025-05-05 08:15:33 [main] INFO  l.insoft.uztis.pages.InvitationsPage - Located the dropdown button.
2025-05-05 08:15:34 [main] DEBUG l.i.uztis.tests.InvitationsPageTest - Selected the value: 'Didžiausia galima paramos suma vienai darbo vietai, Eur'
2025-05-05 08:15:34 [main] DEBUG l.i.uztis.tests.InvitationsPageTest - Entered value: 11000
2025-05-05 08:15:35 [main] DEBUG l.i.uztis.tests.InvitationsPageTest - Entered value: 12000
2025-05-05 08:15:35 [main] DEBUG l.i.uztis.tests.InvitationsPageTest - Entered value: 13000
2025-05-05 08:15:35 [main] DEBUG l.i.uztis.tests.InvitationsPageTest - Checked 'Legal Entities' checkbox.
2025-05-05 08:15:35 [main] DEBUG l.i.uztis.tests.InvitationsPageTest - Checked 'Legal Entities' checkbox.
2025-05-05 08:15:35 [main] DEBUG l.i.uztis.tests.InvitationsPageTest - Unchecked 'Persons Registered with Employment Service' checkbox.
2025-05-05 08:15:35 [main] DEBUG l.i.uztis.tests.InvitationsPageTest - Checked 'Persons Registered as Employers' checkbox.
2025-05-05 08:15:35 [main] DEBUG l.i.uztis.tests.InvitationsPageTest - Entered budget: '2000'.
2025-05-05 08:15:35 [main] DEBUG l.i.uztis.tests.InvitationsPageTest - Entered description text: 'Aprašo tekstas'.
2025-05-05 08:15:36 [main] DEBUG l.i.uztis.tests.InvitationsPageTest - Entered applicants text: 'Pareiškėjų tekstas'.
2025-05-05 08:15:36 [main] DEBUG l.i.uztis.tests.InvitationsPageTest - Entered expenditures text: 'Išlaidų tekstas'.
2025-05-05 08:15:36 [main] DEBUG l.i.uztis.tests.InvitationsPageTest - Entered legislation text: 'Teisės aktų tekstas'.
2025-05-05 08:15:36 [main] DEBUG l.i.uztis.tests.InvitationsPageTest - Entered education text: 'Mokymų tekstas'.
2025-05-05 08:15:36 [main] DEBUG l.i.uztis.tests.InvitationsPageTest - File uploaded.
2025-05-05 08:15:36 [main] DEBUG l.i.uztis.tests.InvitationsPageTest - Clicked 'Publish'.
2025-05-05 08:15:36 [main] DEBUG l.i.uztis.tests.InvitationsPageTest - Publication confirmed.
2025-05-05 08:15:37 [main] DEBUG l.i.uztis.pages.ApplicationFormsPage - Verified success message: 'Funkcija sėkmingai atlikta.'
2025-05-05 08:15:37 [main] INFO  l.i.uztis.tests.InvitationsPageTest - Verified success message
2025-05-05 08:15:37 [main] INFO  l.i.uztis.tests.InvitationsPageTest - Test 'testCreateNewDvpInvitation' completed successfully.
2025-05-05 12:32:36 [main] INFO  lt.insoft.uztis.tests.UztisPageTest - Navigated to https://uztisdev.asseco.lt/home
2025-05-05 12:32:36 [main] INFO  l.i.u.tests.ApplicationFormsPageTest - Setup complete. ApplicationFormsPage initialized.
2025-05-05 12:32:36 [main] INFO  l.i.u.tests.ApplicationFormsPageTest - Starting test:'testCreateNewVuiApplication'
2025-05-05 12:32:36 [main] DEBUG l.i.u.tests.ApplicationFormsPageTest - User logged in with test credentials
2025-05-05 12:32:37 [main] DEBUG l.i.u.tests.ApplicationFormsPageTest - Opened 'Application Processing' menu.
2025-05-05 12:32:37 [main] DEBUG l.i.u.tests.ApplicationFormsPageTest - Clicked on 'Application Forms' menu.
2025-05-05 12:32:38 [main] DEBUG l.i.u.tests.ApplicationFormsPageTest - Clicked to create a new application form.
2025-05-05 12:32:38 [main] DEBUG l.i.u.tests.ApplicationFormsPageTest - Entered random application code: TST-VUI-15
2025-05-05 12:32:38 [main] DEBUG l.i.u.tests.ApplicationFormsPageTest - Selected 'Section' radio button.
2025-05-05 12:32:38 [main] INFO  l.i.uztis.pages.ApplicationFormsPage - Located the dropdown button.
2025-05-05 12:32:38 [main] INFO  l.i.uztis.pages.ApplicationFormsPage - Successfully selected the value: 'Skyrius 1'
2025-05-05 12:32:49 [main] ERROR l.i.uztis.pages.ApplicationFormsPage - Failed to close the dropdown with aria-expanded = 'false'.
2025-05-05 12:32:49 [main] DEBUG l.i.u.tests.ApplicationFormsPageTest - Selected a value from the 'Section' dropdown: 'Skyrius 1'
2025-05-05 12:32:49 [main] DEBUG l.i.u.tests.ApplicationFormsPageTest - Selected 'Budget by Municipality' option.
2025-05-05 12:32:49 [main] DEBUG l.i.u.tests.ApplicationFormsPageTest - Selected 'Financed Without Queue' option.
2025-05-05 12:32:49 [main] DEBUG l.i.u.tests.ApplicationFormsPageTest - Clicked 'Add' button.
2025-05-05 12:32:49 [main] INFO  l.i.uztis.pages.ApplicationFormsPage - Located the dropdown button.
2025-05-05 12:32:50 [main] INFO  l.i.uztis.pages.ApplicationFormsPage - Successfully selected the value: 'VUI atitiktis URP'
2025-05-05 12:33:00 [main] ERROR l.i.uztis.pages.ApplicationFormsPage - Failed to close the dropdown with aria-expanded = 'false'.
2025-05-05 12:33:00 [main] DEBUG l.i.u.tests.ApplicationFormsPageTest - Selected a value from the 'EvaluationOne' dropdown: 'VUI atitiktis URP'
2025-05-05 12:33:00 [main] INFO  l.i.uztis.pages.ApplicationFormsPage - Located the dropdown button.
2025-05-05 12:33:00 [main] INFO  l.i.uztis.pages.ApplicationFormsPage - Successfully selected the value: 'VUI atitiktis kokybės kriterijams'
2025-05-05 12:33:11 [main] ERROR l.i.uztis.pages.ApplicationFormsPage - Failed to close the dropdown with aria-expanded = 'false'.
2025-05-05 12:33:11 [main] DEBUG l.i.u.tests.ApplicationFormsPageTest - Selected a value from the 'EvaluationTwon' dropdown: 'VUI atitiktis kokybės kriterijams'
2025-05-05 12:33:11 [main] INFO  l.i.uztis.pages.ApplicationFormsPage - Located the dropdown button.
2025-05-05 12:33:11 [main] INFO  l.i.uztis.pages.ApplicationFormsPage - Successfully selected the value: 'VUI gynimo vertinimo forma'
2025-05-05 12:33:21 [main] ERROR l.i.uztis.pages.ApplicationFormsPage - Failed to close the dropdown with aria-expanded = 'false'.
2025-05-05 12:33:21 [main] DEBUG l.i.u.tests.ApplicationFormsPageTest - Selected a value from the 'EvaluationThree' dropdown: 'VUI gynimo vertinimo forma'
2025-05-05 12:33:21 [main] DEBUG l.i.u.tests.ApplicationFormsPageTest - Clicked 'Plus' button.
2025-05-05 12:33:22 [main] DEBUG l.i.u.tests.ApplicationFormsPageTest - Clicked 'Add' button seven times.
2025-05-05 12:33:22 [main] INFO  l.i.uztis.pages.ApplicationFormsPage - Processing dropdown index: 0
2025-05-05 12:33:33 [main] ERROR l.i.uztis.pages.ApplicationFormsPage - Timeout while waiting for dropdown to close at index: 0 with aria-expanded = 'false'
2025-05-05 12:33:33 [main] INFO  l.i.uztis.pages.ApplicationFormsPage - Processing dropdown index: 1
2025-05-05 12:33:43 [main] ERROR l.i.uztis.pages.ApplicationFormsPage - Timeout while waiting for dropdown to close at index: 1 with aria-expanded = 'false'
2025-05-05 12:33:43 [main] INFO  l.i.uztis.pages.ApplicationFormsPage - Processing dropdown index: 2
2025-05-05 12:33:54 [main] ERROR l.i.uztis.pages.ApplicationFormsPage - Timeout while waiting for dropdown to close at index: 2 with aria-expanded = 'false'
2025-05-05 12:33:54 [main] INFO  l.i.uztis.pages.ApplicationFormsPage - Processing dropdown index: 3
2025-05-05 12:34:04 [main] ERROR l.i.uztis.pages.ApplicationFormsPage - Timeout while waiting for dropdown to close at index: 3 with aria-expanded = 'false'
2025-05-05 12:34:04 [main] INFO  l.i.uztis.pages.ApplicationFormsPage - Processing dropdown index: 4
2025-05-05 12:34:16 [main] ERROR l.i.uztis.pages.ApplicationFormsPage - Timeout while waiting for dropdown to close at index: 4 with aria-expanded = 'false'
2025-05-05 12:34:16 [main] INFO  l.i.uztis.pages.ApplicationFormsPage - Processing dropdown index: 5
2025-05-05 12:34:27 [main] ERROR l.i.uztis.pages.ApplicationFormsPage - Timeout while waiting for dropdown to close at index: 5 with aria-expanded = 'false'
2025-05-05 12:34:27 [main] INFO  l.i.uztis.pages.ApplicationFormsPage - Processing dropdown index: 6
2025-05-05 12:34:38 [main] ERROR l.i.uztis.pages.ApplicationFormsPage - Timeout while waiting for dropdown to close at index: 6 with aria-expanded = 'false'
2025-05-05 12:34:38 [main] INFO  l.i.uztis.pages.ApplicationFormsPage - Processing dropdown index: 7
2025-05-05 12:34:49 [main] ERROR l.i.uztis.pages.ApplicationFormsPage - Timeout while waiting for dropdown to close at index: 7 with aria-expanded = 'false'
2025-05-05 12:34:49 [main] INFO  l.i.uztis.pages.ApplicationFormsPage - Processing input field index: 0
2025-05-05 12:34:49 [main] INFO  l.i.uztis.pages.ApplicationFormsPage - Entered value '50' into field index: 0
2025-05-05 12:34:49 [main] INFO  l.i.uztis.pages.ApplicationFormsPage - Processing input field index: 1
2025-05-05 12:34:49 [main] INFO  l.i.uztis.pages.ApplicationFormsPage - Entered value '924' into field index: 1
2025-05-05 12:34:49 [main] INFO  l.i.uztis.pages.ApplicationFormsPage - Processing input field index: 2
2025-05-05 12:34:49 [main] INFO  l.i.uztis.pages.ApplicationFormsPage - Entered value '31' into field index: 2
2025-05-05 12:34:49 [main] INFO  l.i.uztis.pages.ApplicationFormsPage - Processing input field index: 3
2025-05-05 12:34:49 [main] INFO  l.i.uztis.pages.ApplicationFormsPage - Entered value '4.7' into field index: 3
2025-05-05 12:34:49 [main] INFO  l.i.uztis.pages.ApplicationFormsPage - Processing input field index: 4
2025-05-05 12:34:49 [main] INFO  l.i.uztis.pages.ApplicationFormsPage - Entered value '35' into field index: 4
2025-05-05 12:34:49 [main] INFO  l.i.uztis.pages.ApplicationFormsPage - Processing input field index: 5
2025-05-05 12:34:49 [main] INFO  l.i.uztis.pages.ApplicationFormsPage - Entered value '20' into field index: 5
2025-05-05 12:34:49 [main] INFO  l.i.uztis.pages.ApplicationFormsPage - Processing input field index: 6
2025-05-05 12:34:49 [main] INFO  l.i.uztis.pages.ApplicationFormsPage - Entered value '30' into field index: 6
2025-05-05 12:34:49 [main] INFO  l.i.uztis.pages.ApplicationFormsPage - Processing input field index: 7
2025-05-05 12:34:50 [main] INFO  l.i.uztis.pages.ApplicationFormsPage - Entered value '60' into field index: 7
2025-05-05 12:34:50 [main] DEBUG l.i.u.tests.ApplicationFormsPageTest - Entered additional values and text.
2025-05-05 12:34:50 [main] DEBUG l.i.u.tests.ApplicationFormsPageTest - Entered application name: VUI paraiška
2025-05-05 12:34:50 [main] DEBUG l.i.u.tests.ApplicationFormsPageTest - Clicked the 'Save' button.
2025-05-05 12:34:50 [main] DEBUG l.i.uztis.pages.ApplicationFormsPage - Verified success message: 'Duomenys sėkmingai išsaugoti.'
2025-05-05 12:34:50 [main] INFO  l.i.u.tests.ApplicationFormsPageTest - Verified success message
2025-05-05 12:34:50 [main] INFO  l.i.u.tests.ApplicationFormsPageTest - Verified that the 'Save Form' button is displayed.
2025-05-05 12:34:50 [main] INFO  l.i.u.tests.ApplicationFormsPageTest - Test 'testCreateNewVuiApplication' completed successfully.
2025-05-05 12:36:02 [main] INFO  lt.insoft.uztis.tests.UztisPageTest - Navigated to https://uztisdev.asseco.lt/home
2025-05-05 12:36:02 [main] INFO  l.i.u.tests.ApplicationFormsPageTest - Setup complete. ApplicationFormsPage initialized.
2025-05-05 12:36:02 [main] INFO  l.i.u.tests.ApplicationFormsPageTest - Starting test:'testEditAndSaveVuiApplication'
2025-05-05 12:36:02 [main] DEBUG l.i.u.tests.ApplicationFormsPageTest - User logged in with test credentials
2025-05-05 12:36:03 [main] DEBUG l.i.u.tests.ApplicationFormsPageTest - Opened 'Application Processing' menu.
2025-05-05 12:36:03 [main] DEBUG l.i.u.tests.ApplicationFormsPageTest - Clicked on 'Application Forms' menu.
2025-05-05 12:36:04 [main] DEBUG l.i.u.tests.ApplicationFormsPageTest - Selected the last application description.
2025-05-05 12:36:04 [main] DEBUG l.i.u.tests.ApplicationFormsPageTest - Clicked the 'Edit' button.
2025-05-05 12:36:04 [main] DEBUG l.i.u.tests.ApplicationFormsPageTest - Selected 'Municipality' radio button.
2025-05-05 12:36:04 [main] INFO  l.i.uztis.pages.ApplicationFormsPage - Located the dropdown button.
2025-05-05 12:36:05 [main] INFO  l.i.uztis.pages.ApplicationFormsPage - Successfully selected the value: 'Kauno departamentas'
2025-05-05 12:36:15 [main] ERROR l.i.uztis.pages.ApplicationFormsPage - Failed to close the dropdown with aria-expanded = 'false'.
2025-05-05 12:36:15 [main] DEBUG l.i.u.tests.ApplicationFormsPageTest - Selected a value from the 'Municipality' dropdown: 'Kauno departamentas'
2025-05-05 12:36:15 [main] DEBUG l.i.u.tests.ApplicationFormsPageTest - Selected 'Budget By Country' radio button.
2025-05-05 12:36:15 [main] DEBUG l.i.u.tests.ApplicationFormsPageTest - Selected 'Financed By Queue' radio button.
2025-05-05 12:36:16 [main] DEBUG l.i.u.tests.ApplicationFormsPageTest - Entered new application name: _paredaguota
2025-05-05 12:36:16 [main] DEBUG l.i.u.tests.ApplicationFormsPageTest - Clicked the 'Save' button.
2025-05-05 12:36:16 [main] DEBUG l.i.uztis.pages.ApplicationFormsPage - Verified success message: 'Duomenys sėkmingai išsaugoti.'
2025-05-05 12:36:16 [main] INFO  l.i.u.tests.ApplicationFormsPageTest - Verified success message
2025-05-05 12:36:16 [main] INFO  l.i.u.tests.ApplicationFormsPageTest - Test 'testEditAndSaveVuiApplication' completed successfully.
2025-05-05 12:36:30 [main] INFO  lt.insoft.uztis.tests.UztisPageTest - Navigated to https://uztisdev.asseco.lt/home
2025-05-05 12:36:30 [main] INFO  l.i.u.tests.ApplicationFormsPageTest - Setup complete. ApplicationFormsPage initialized.
2025-05-05 12:36:30 [main] INFO  l.i.u.tests.ApplicationFormsPageTest - Starting test:'testAddContractVUI'
2025-05-05 12:36:30 [main] DEBUG l.i.u.tests.ApplicationFormsPageTest - User logged in with test credentials
2025-05-05 12:36:31 [main] DEBUG l.i.u.tests.ApplicationFormsPageTest - Opened 'Application Processing' menu.
2025-05-05 12:36:31 [main] DEBUG l.i.u.tests.ApplicationFormsPageTest - Clicked on 'Application Forms' menu.
2025-05-05 12:36:32 [main] DEBUG l.i.u.tests.ApplicationFormsPageTest - Selected the last application description.
2025-05-05 12:36:32 [main] DEBUG l.i.u.tests.ApplicationFormsPageTest - Clicked 'Project Progress' tab.
2025-05-05 12:36:32 [main] DEBUG l.i.u.tests.ApplicationFormsPageTest - Clicked the 'Edit' button.
2025-05-05 12:36:32 [main] INFO  l.i.uztis.pages.ApplicationFormsPage - Located the dropdown button.
2025-05-05 12:36:37 [main] INFO  l.i.uztis.pages.ApplicationFormsPage - Successfully selected the value: 'Vietinių užimtumo iniciatyvų projekto įgyvendinimo ir finansavimo sutartis'
2025-05-05 12:36:47 [main] ERROR l.i.uztis.pages.ApplicationFormsPage - Failed to close the dropdown with aria-expanded = 'false'.
2025-05-05 12:36:47 [main] DEBUG l.i.u.tests.ApplicationFormsPageTest - Selected a value from the 'Document' dropdown: 'Vietinių užimtumo iniciatyvų projekto įgyvendinimo ir finansavimo sutartis'
2025-05-05 12:36:47 [main] DEBUG l.i.u.tests.ApplicationFormsPageTest - Clicked the 'Save' button.
2025-05-05 12:36:48 [main] ERROR l.i.uztis.pages.ApplicationFormsPage - Failed to verify the success message: 'Funkcija sėkmingai atlikta.'. Available messages: [Duomenys sėkmingai išsaugoti.]
2025-05-05 12:36:48 [main] INFO  l.i.u.tests.ApplicationFormsPageTest - Verified success message
2025-05-05 12:36:48 [main] INFO  l.i.u.tests.ApplicationFormsPageTest - Test 'testAddContractVUI' completed successfully.
2025-05-05 12:37:20 [main] INFO  lt.insoft.uztis.tests.UztisPageTest - Navigated to https://uztisdev.asseco.lt/home
2025-05-05 12:37:20 [main] INFO  l.i.uztis.tests.InvitationsPageTest - Starting test:'testCreateNewVuiInvitationDraft'
2025-05-05 12:37:21 [main] DEBUG l.i.uztis.tests.InvitationsPageTest - User logged in with test credentials
2025-05-05 12:37:21 [main] DEBUG l.i.uztis.tests.InvitationsPageTest - Opened 'Application Processing' menu.
2025-05-05 12:37:21 [main] DEBUG l.i.uztis.tests.InvitationsPageTest - Clicked on 'Application Forms' menu.
2025-05-05 12:37:21 [main] DEBUG l.i.uztis.tests.InvitationsPageTest - Navigating to application forms menu.
2025-05-05 12:37:22 [main] DEBUG l.i.uztis.tests.InvitationsPageTest - Retrieved last description code text: 'TST-VUI-15'.
2025-05-05 12:37:22 [main] DEBUG l.i.uztis.tests.InvitationsPageTest - Clicked on 'Invitation' menu.
2025-05-05 12:37:22 [main] DEBUG l.i.uztis.tests.InvitationsPageTest - Clicked 'Create New Application Form'.
2025-05-05 12:37:23 [main] DEBUG l.i.uztis.tests.InvitationsPageTest - Selected section by code: 'TST-VUI-15'.
2025-05-05 12:37:23 [main] INFO  l.insoft.uztis.pages.InvitationsPage - Located the dropdown button.
2025-05-05 12:37:35 [main] ERROR l.insoft.uztis.pages.InvitationsPage - Timeout while waiting for dropdown to close with aria-expanded = 'false'.
2025-05-05 12:37:35 [main] DEBUG l.i.uztis.tests.InvitationsPageTest - Selected invitation number from the list.
2025-05-05 12:37:35 [main] DEBUG l.i.uztis.tests.InvitationsPageTest - Entered current date.
2025-05-05 12:37:36 [main] DEBUG l.i.uztis.tests.InvitationsPageTest - Entered start time: 00:00.
2025-05-05 12:37:36 [main] DEBUG l.i.uztis.tests.InvitationsPageTest - Entered end date.
2025-05-05 12:37:36 [main] DEBUG l.i.uztis.tests.InvitationsPageTest - Entered end time: 11:11.
2025-05-05 12:37:36 [main] DEBUG l.i.uztis.tests.InvitationsPageTest - Draft saved.
2025-05-05 12:37:37 [main] DEBUG l.i.uztis.pages.ApplicationFormsPage - Verified success message: 'Duomenys sėkmingai išsaugoti.'
2025-05-05 12:37:37 [main] INFO  l.i.uztis.tests.InvitationsPageTest - Verified success message
2025-05-05 12:37:37 [main] INFO  l.i.uztis.tests.InvitationsPageTest - Test 'testCreateNewVuiInvitationDraft' completed successfully.
2025-05-05 12:37:49 [main] INFO  lt.insoft.uztis.tests.UztisPageTest - Navigated to https://uztisdev.asseco.lt/home
2025-05-05 12:37:49 [main] INFO  l.i.uztis.tests.InvitationsPageTest - Starting test:'testEditAndPublishVuiInvitationDraft'
2025-05-05 12:37:50 [main] DEBUG l.i.uztis.tests.InvitationsPageTest - User logged in with test credentials
2025-05-05 12:37:50 [main] DEBUG l.i.uztis.tests.InvitationsPageTest - Opened 'Application Processing' menu.
2025-05-05 12:37:50 [main] DEBUG l.i.uztis.tests.InvitationsPageTest - Clicked on 'Application Forms' menu.
2025-05-05 12:37:50 [main] DEBUG l.i.uztis.tests.InvitationsPageTest - Navigating to application forms menu.
2025-05-05 12:37:51 [main] DEBUG l.i.uztis.tests.InvitationsPageTest - Retrieved last description code text: 'TST-VUI-15'.
2025-05-05 12:37:51 [main] DEBUG l.i.uztis.tests.InvitationsPageTest - Clicked on 'Invitation' menu.
2025-05-05 12:37:52 [main] DEBUG l.i.uztis.tests.InvitationsPageTest - Selected section by code: 'TST-VUI-15'.
2025-05-05 12:37:53 [main] DEBUG l.i.uztis.tests.InvitationsPageTest - Clicked 'Search'.
2025-05-05 12:37:53 [main] DEBUG l.i.uztis.tests.InvitationsPageTest - Getting and inserting application code text.
2025-05-05 12:37:53 [main] DEBUG l.i.uztis.tests.InvitationsPageTest - Clicked 'InvitationDraft'.
2025-05-05 12:37:53 [main] DEBUG l.i.uztis.tests.InvitationsPageTest - Clicked 'Edit'.
2025-05-05 12:37:54 [main] DEBUG l.i.uztis.tests.InvitationsPageTest - Entered publication end date.
2025-05-05 12:37:54 [main] DEBUG l.i.uztis.tests.InvitationsPageTest - Added additional values.
2025-05-05 12:37:54 [main] INFO  l.insoft.uztis.pages.InvitationsPage - Located the dropdown button.
2025-05-05 12:37:55 [main] DEBUG l.i.uztis.tests.InvitationsPageTest - Selected the value: 'Didžiausia galima paramos suma aplinkos darbo vietai, Eur'
2025-05-05 12:37:55 [main] INFO  l.insoft.uztis.pages.InvitationsPage - Located the dropdown button.
2025-05-05 12:37:55 [main] DEBUG l.i.uztis.tests.InvitationsPageTest - Selected the value: 'Didžiausia galima paramos suma, Eur'
2025-05-05 12:37:55 [main] INFO  l.insoft.uztis.pages.InvitationsPage - Located the dropdown button.
2025-05-05 12:37:56 [main] DEBUG l.i.uztis.tests.InvitationsPageTest - Selected the value: 'Didžiausia galima paramos suma vienai darbo vietai, Eur'
2025-05-05 12:37:56 [main] DEBUG l.i.uztis.tests.InvitationsPageTest - Entered value: 11000
2025-05-05 12:37:57 [main] DEBUG l.i.uztis.tests.InvitationsPageTest - Entered value: 12000
2025-05-05 12:37:57 [main] DEBUG l.i.uztis.tests.InvitationsPageTest - Entered value: 13000
2025-05-05 12:37:57 [main] DEBUG l.i.uztis.tests.InvitationsPageTest - Checked 'Legal Entities' checkbox.
2025-05-05 12:37:57 [main] DEBUG l.i.uztis.tests.InvitationsPageTest - Checked 'Legal Entities' checkbox.
2025-05-05 12:37:57 [main] DEBUG l.i.uztis.tests.InvitationsPageTest - Unchecked 'Persons Registered with Employment Service' checkbox.
2025-05-05 12:37:57 [main] DEBUG l.i.uztis.tests.InvitationsPageTest - Checked 'Persons Registered as Employers' checkbox.
2025-05-05 12:37:57 [main] DEBUG l.i.uztis.tests.InvitationsPageTest - Entered second evaluation grade: '5'.
2025-05-05 12:37:58 [main] DEBUG l.i.uztis.tests.InvitationsPageTest - Entered third evaluation grade: '6'.
2025-05-05 12:37:58 [main] DEBUG l.i.uztis.tests.InvitationsPageTest - Entered second evaluation grade weight: '0,45'.
2025-05-05 12:37:58 [main] DEBUG l.i.uztis.tests.InvitationsPageTest - Entered third evaluation grade weight: '0,55'.
2025-05-05 12:37:58 [main] DEBUG l.i.uztis.tests.InvitationsPageTest - Entered budget: '2000'.
2025-05-05 12:37:58 [main] DEBUG l.i.uztis.tests.InvitationsPageTest - Entered description text: 'Aprašo tekstas'.
2025-05-05 12:37:58 [main] DEBUG l.i.uztis.tests.InvitationsPageTest - Entered applicants text: 'Pareiškėjų tekstas'.
2025-05-05 12:37:58 [main] DEBUG l.i.uztis.tests.InvitationsPageTest - Entered expenditures text: 'Išlaidų tekstas'.
2025-05-05 12:37:59 [main] DEBUG l.i.uztis.tests.InvitationsPageTest - Entered legislation text: 'Teisės aktų tekstas'.
2025-05-05 12:37:59 [main] DEBUG l.i.uztis.tests.InvitationsPageTest - Entered education text: 'Mokymų tekstas'.
2025-05-05 12:37:59 [main] DEBUG l.i.uztis.tests.InvitationsPageTest - File uploaded.
2025-05-05 12:37:59 [main] DEBUG l.i.uztis.tests.InvitationsPageTest - Clicked 'Publish'.
2025-05-05 12:37:59 [main] DEBUG l.i.uztis.tests.InvitationsPageTest - Publication confirmed.
2025-05-05 12:37:59 [main] DEBUG l.i.uztis.pages.ApplicationFormsPage - Verified success message: 'Funkcija sėkmingai atlikta.'
2025-05-05 12:37:59 [main] INFO  l.i.uztis.tests.InvitationsPageTest - Verified success message
2025-05-05 12:37:59 [main] INFO  l.i.uztis.tests.InvitationsPageTest - Test 'testEditAndPublishVuiInvitationDraft' completed successfully.
2025-05-05 12:38:08 [main] INFO  lt.insoft.uztis.tests.UztisPageTest - Navigated to https://uztisdev.asseco.lt/home
2025-05-05 12:38:08 [main] INFO  l.i.uztis.tests.InvitationsPageTest - Starting test:'testInsertVui_PvkStatisticInformation'
2025-05-05 12:38:09 [main] DEBUG l.i.uztis.tests.InvitationsPageTest - User logged in with test credentials
2025-05-05 12:38:09 [main] DEBUG l.i.uztis.tests.InvitationsPageTest - Opened 'Application Processing' menu.
2025-05-05 12:38:09 [main] DEBUG l.i.uztis.tests.InvitationsPageTest - Clicked on 'Application Forms' menu.
2025-05-05 12:38:09 [main] DEBUG l.i.uztis.tests.InvitationsPageTest - Navigating to invitation forms menu.
2025-05-05 12:38:10 [main] DEBUG l.i.uztis.tests.InvitationsPageTest - Retrieved last description code text: 'TST-VUI-15'.
2025-05-05 12:38:10 [main] DEBUG l.i.uztis.tests.InvitationsPageTest - Clicked on 'Invitation' menu.
2025-05-05 12:38:11 [main] DEBUG l.i.uztis.tests.InvitationsPageTest - Selected section by code: 'TST-VUI-15'.
2025-05-05 12:38:11 [main] DEBUG l.i.uztis.tests.InvitationsPageTest - Clicked 'Search'.
2025-05-05 12:38:11 [main] DEBUG l.i.uztis.tests.InvitationsPageTest - Getting and inserting application code text.
2025-05-05 12:38:11 [main] DEBUG l.i.uztis.tests.InvitationsPageTest - Clicked 'Publishing'.
2025-05-05 12:38:12 [main] DEBUG l.i.uztis.tests.InvitationsPageTest - Clicked 'Statistic Information' tab.
2025-05-05 12:38:12 [main] DEBUG l.i.uztis.tests.InvitationsPageTest - Clicked 'Edit' button.
2025-05-05 12:38:12 [main] DEBUG l.i.uztis.tests.InvitationsPageTest - Entered current date.
2025-05-05 12:38:13 [main] DEBUG l.i.uztis.tests.InvitationsPageTest - Entered value: 8.7
2025-05-05 12:38:13 [main] DEBUG l.i.uztis.tests.InvitationsPageTest - Entered average salary: 2237.9
2025-05-05 12:38:13 [main] DEBUG l.i.uztis.tests.InvitationsPageTest - File uploaded.
2025-05-05 12:38:13 [main] DEBUG l.i.uztis.tests.InvitationsPageTest - Clicked 'Save' button.
2025-05-05 12:38:14 [main] DEBUG l.i.uztis.pages.ApplicationFormsPage - Verified success message: 'Funkcija sėkmingai atlikta.'
2025-05-05 12:38:14 [main] INFO  l.i.uztis.tests.InvitationsPageTest - Verified success message
2025-05-05 12:38:14 [main] INFO  l.i.uztis.tests.InvitationsPageTest - Test 'testInsertVui_PvkStatisticInformation' completed successfully.
2025-05-05 13:06:04 [main] INFO  lt.insoft.uztis.tests.UztisPageTest - Navigated to https://uztisdev.asseco.lt/home
2025-05-05 13:06:04 [main] INFO  l.i.u.tests.ApplicationFormsPageTest - Setup complete. ApplicationFormsPage initialized.
2025-05-05 13:06:04 [main] INFO  l.i.u.tests.ApplicationFormsPageTest - Starting test:'testCreateNewPvkApplication'
2025-05-05 13:06:04 [main] DEBUG l.i.u.tests.ApplicationFormsPageTest - User logged in with test credentials
2025-05-05 13:06:05 [main] DEBUG l.i.u.tests.ApplicationFormsPageTest - Opened 'Application Processing' menu.
2025-05-05 13:06:05 [main] DEBUG l.i.u.tests.ApplicationFormsPageTest - Clicked on 'Application Forms' menu.
2025-05-05 13:06:05 [main] DEBUG l.i.u.tests.ApplicationFormsPageTest - Clicked to create a new application form.
2025-05-05 13:06:05 [main] DEBUG l.i.u.tests.ApplicationFormsPageTest - Entered random application code: TST-PVK-59
2025-05-05 13:06:05 [main] DEBUG l.i.u.tests.ApplicationFormsPageTest - Selected 'Municipality' radio button.
2025-05-05 13:06:05 [main] INFO  l.i.uztis.pages.ApplicationFormsPage - Located the dropdown button.
2025-05-05 13:06:06 [main] INFO  l.i.uztis.pages.ApplicationFormsPage - Successfully selected the value: 'Kauno departamentas'
2025-05-05 13:06:16 [main] ERROR l.i.uztis.pages.ApplicationFormsPage - Failed to close the dropdown with aria-expanded = 'false'.
2025-05-05 13:06:16 [main] DEBUG l.i.u.tests.ApplicationFormsPageTest - Selected a value from the 'Municipality' dropdown: 'Kauno departamentas'
2025-05-05 13:06:16 [main] DEBUG l.i.u.tests.ApplicationFormsPageTest - Selected 'Budget by Municipality' option.
2025-05-05 13:06:17 [main] DEBUG l.i.u.tests.ApplicationFormsPageTest - Selected 'Financed By Queue' radio button.
2025-05-05 13:06:17 [main] DEBUG l.i.u.tests.ApplicationFormsPageTest - Clicked 'Add' button.
2025-05-05 13:06:17 [main] INFO  l.i.uztis.pages.ApplicationFormsPage - Located the dropdown button.
2025-05-05 13:06:18 [main] INFO  l.i.uztis.pages.ApplicationFormsPage - Successfully selected the value: 'PVK atitiktis URP'
2025-05-05 13:06:28 [main] ERROR l.i.uztis.pages.ApplicationFormsPage - Failed to close the dropdown with aria-expanded = 'false'.
2025-05-05 13:06:28 [main] DEBUG l.i.u.tests.ApplicationFormsPageTest - Selected a value from the 'EvaluationOne' dropdown: 'PVK atitiktis URP'
2025-05-05 13:06:28 [main] INFO  l.i.uztis.pages.ApplicationFormsPage - Located the dropdown button.
2025-05-05 13:06:29 [main] INFO  l.i.uztis.pages.ApplicationFormsPage - Successfully selected the value: 'PVK atitiktis kokybės kriterijams'
2025-05-05 13:06:39 [main] ERROR l.i.uztis.pages.ApplicationFormsPage - Failed to close the dropdown with aria-expanded = 'false'.
2025-05-05 13:06:39 [main] DEBUG l.i.u.tests.ApplicationFormsPageTest - Selected a value from the 'EvaluationTwon' dropdown: 'PVK atitiktis kokybės kriterijams'
2025-05-05 13:06:39 [main] INFO  l.i.uztis.pages.ApplicationFormsPage - Located the dropdown button.
2025-05-05 13:06:39 [main] INFO  l.i.uztis.pages.ApplicationFormsPage - Successfully selected the value: 'PVK gynimo vertinimo forma'
2025-05-05 13:06:50 [main] ERROR l.i.uztis.pages.ApplicationFormsPage - Failed to close the dropdown with aria-expanded = 'false'.
2025-05-05 13:06:50 [main] DEBUG l.i.u.tests.ApplicationFormsPageTest - Selected a value from the 'EvaluationThree' dropdown: 'PVK gynimo vertinimo forma'
2025-05-05 13:06:50 [main] DEBUG l.i.u.tests.ApplicationFormsPageTest - Clicked 'Plus' button.
2025-05-05 13:06:50 [main] DEBUG l.i.u.tests.ApplicationFormsPageTest - Clicked 'Add' button seven times.
2025-05-05 13:06:50 [main] INFO  l.i.uztis.pages.ApplicationFormsPage - Processing dropdown index: 0
2025-05-05 13:07:01 [main] ERROR l.i.uztis.pages.ApplicationFormsPage - Timeout while waiting for dropdown to close at index: 0 with aria-expanded = 'false'
2025-05-05 13:07:01 [main] INFO  l.i.uztis.pages.ApplicationFormsPage - Processing dropdown index: 1
2025-05-05 13:07:11 [main] ERROR l.i.uztis.pages.ApplicationFormsPage - Timeout while waiting for dropdown to close at index: 1 with aria-expanded = 'false'
2025-05-05 13:07:11 [main] INFO  l.i.uztis.pages.ApplicationFormsPage - Processing dropdown index: 2
2025-05-05 13:07:21 [main] ERROR l.i.uztis.pages.ApplicationFormsPage - Timeout while waiting for dropdown to close at index: 2 with aria-expanded = 'false'
2025-05-05 13:07:21 [main] INFO  l.i.uztis.pages.ApplicationFormsPage - Processing dropdown index: 3
2025-05-05 13:07:32 [main] ERROR l.i.uztis.pages.ApplicationFormsPage - Timeout while waiting for dropdown to close at index: 3 with aria-expanded = 'false'
2025-05-05 13:07:32 [main] ERROR l.i.u.tests.ApplicationFormsPageTest - Test 'testCreateNewPvkApplication' failed with error: no such window: target window already closed
from unknown error: web view not found
  (Session info: chrome=135.0.7049.116)
Build info: version: '4.27.0', revision: 'd6e718d134'
System info: os.name: 'Windows 11', os.arch: 'amd64', os.version: '10.0', java.version: '21.0.3'
Driver info: org.openqa.selenium.chrome.ChromeDriver
Command: [8738b31cdef79772e1891de0f915509d, findElements {value=//mat-label[contains(text(), 'Nustatymas')], using=xpath}]
Capabilities {acceptInsecureCerts: false, browserName: chrome, browserVersion: 135.0.7049.116, chrome: {chromedriverVersion: 135.0.7049.114 (63fd8a7d9d0..., userDataDir: C:\Users\INGRID~1.ZAD\AppDa...}, fedcm:accounts: true, goog:chromeOptions: {debuggerAddress: localhost:51314}, networkConnectionEnabled: false, pageLoadStrategy: normal, platformName: windows, proxy: Proxy(), se:cdp: ws://localhost:51314/devtoo..., se:cdpVersion: 135.0.7049.116, setWindowRect: true, strictFileInteractability: false, timeouts: {implicit: 0, pageLoad: 300000, script: 30000}, unhandledPromptBehavior: dismiss and notify, webauthn:extension:credBlob: true, webauthn:extension:largeBlob: true, webauthn:extension:minPinLength: true, webauthn:extension:prf: true, webauthn:virtualAuthenticators: true}
Session ID: 8738b31cdef79772e1891de0f915509d
org.openqa.selenium.NoSuchWindowException: no such window: target window already closed
from unknown error: web view not found
  (Session info: chrome=135.0.7049.116)
Build info: version: '4.27.0', revision: 'd6e718d134'
System info: os.name: 'Windows 11', os.arch: 'amd64', os.version: '10.0', java.version: '21.0.3'
Driver info: org.openqa.selenium.chrome.ChromeDriver
Command: [8738b31cdef79772e1891de0f915509d, findElements {value=//mat-label[contains(text(), 'Nustatymas')], using=xpath}]
Capabilities {acceptInsecureCerts: false, browserName: chrome, browserVersion: 135.0.7049.116, chrome: {chromedriverVersion: 135.0.7049.114 (63fd8a7d9d0..., userDataDir: C:\Users\INGRID~1.ZAD\AppDa...}, fedcm:accounts: true, goog:chromeOptions: {debuggerAddress: localhost:51314}, networkConnectionEnabled: false, pageLoadStrategy: normal, platformName: windows, proxy: Proxy(), se:cdp: ws://localhost:51314/devtoo..., se:cdpVersion: 135.0.7049.116, setWindowRect: true, strictFileInteractability: false, timeouts: {implicit: 0, pageLoad: 300000, script: 30000}, unhandledPromptBehavior: dismiss and notify, webauthn:extension:credBlob: true, webauthn:extension:largeBlob: true, webauthn:extension:minPinLength: true, webauthn:extension:prf: true, webauthn:virtualAuthenticators: true}
Session ID: 8738b31cdef79772e1891de0f915509d
	at java.base/jdk.internal.reflect.DirectConstructorHandleAccessor.newInstance(DirectConstructorHandleAccessor.java:62)
	at java.base/java.lang.reflect.Constructor.newInstanceWithCaller(Constructor.java:502)
	at java.base/java.lang.reflect.Constructor.newInstance(Constructor.java:486)
	at org.openqa.selenium.remote.ErrorCodec.decode(ErrorCodec.java:167)
	at org.openqa.selenium.remote.codec.w3c.W3CHttpResponseCodec.decode(W3CHttpResponseCodec.java:138)
	at org.openqa.selenium.remote.codec.w3c.W3CHttpResponseCodec.decode(W3CHttpResponseCodec.java:50)
	at org.openqa.selenium.remote.HttpCommandExecutor.execute(HttpCommandExecutor.java:190)
	at org.openqa.selenium.remote.service.DriverCommandExecutor.invokeExecute(DriverCommandExecutor.java:216)
	at org.openqa.selenium.remote.service.DriverCommandExecutor.execute(DriverCommandExecutor.java:174)
	at org.openqa.selenium.remote.RemoteWebDriver.execute(RemoteWebDriver.java:545)
	at org.openqa.selenium.remote.ElementLocation$ElementFinder$2.findElements(ElementLocation.java:182)
	at org.openqa.selenium.remote.ElementLocation.findElements(ElementLocation.java:103)
	at org.openqa.selenium.remote.RemoteWebDriver.findElements(RemoteWebDriver.java:381)
	at org.openqa.selenium.remote.RemoteWebDriver.findElements(RemoteWebDriver.java:375)
	at org.openqa.selenium.support.pagefactory.DefaultElementLocator.findElements(DefaultElementLocator.java:83)
	at org.openqa.selenium.support.pagefactory.internal.LocatingElementListHandler.invoke(LocatingElementListHandler.java:36)
	at jdk.proxy2/jdk.proxy2.$Proxy15.size(Unknown Source)
	at lt.insoft.uztis.pages.ApplicationFormsPage.selectValueAndEnterText(ApplicationFormsPage.java:514)
	at lt.insoft.uztis.tests.ApplicationFormsPageTest.testCreateNewPvkApplication(ApplicationFormsPageTest.java:425)
	at java.base/jdk.internal.reflect.DirectMethodHandleAccessor.invoke(DirectMethodHandleAccessor.java:103)
	at java.base/java.lang.reflect.Method.invoke(Method.java:580)
	at org.junit.platform.commons.util.ReflectionUtils.invokeMethod(ReflectionUtils.java:728)
	at org.junit.jupiter.engine.execution.MethodInvocation.proceed(MethodInvocation.java:60)
	at org.junit.jupiter.engine.execution.InvocationInterceptorChain$ValidatingInvocation.proceed(InvocationInterceptorChain.java:131)
	at org.junit.jupiter.engine.extension.TimeoutExtension.intercept(TimeoutExtension.java:156)
	at org.junit.jupiter.engine.extension.TimeoutExtension.interceptTestableMethod(TimeoutExtension.java:147)
	at org.junit.jupiter.engine.extension.TimeoutExtension.interceptTestMethod(TimeoutExtension.java:86)
	at org.junit.jupiter.engine.execution.InterceptingExecutableInvoker$ReflectiveInterceptorCall.lambda$ofVoidMethod$0(InterceptingExecutableInvoker.java:103)
	at org.junit.jupiter.engine.execution.InterceptingExecutableInvoker.lambda$invoke$0(InterceptingExecutableInvoker.java:93)
	at org.junit.jupiter.engine.execution.InvocationInterceptorChain$InterceptedInvocation.proceed(InvocationInterceptorChain.java:106)
	at org.junit.jupiter.engine.execution.InvocationInterceptorChain.proceed(InvocationInterceptorChain.java:64)
	at org.junit.jupiter.engine.execution.InvocationInterceptorChain.chainAndInvoke(InvocationInterceptorChain.java:45)
	at org.junit.jupiter.engine.execution.InvocationInterceptorChain.invoke(InvocationInterceptorChain.java:37)
	at org.junit.jupiter.engine.execution.InterceptingExecutableInvoker.invoke(InterceptingExecutableInvoker.java:92)
	at org.junit.jupiter.engine.execution.InterceptingExecutableInvoker.invoke(InterceptingExecutableInvoker.java:86)
	at org.junit.jupiter.engine.descriptor.TestMethodTestDescriptor.lambda$invokeTestMethod$7(TestMethodTestDescriptor.java:218)
	at org.junit.platform.engine.support.hierarchical.ThrowableCollector.execute(ThrowableCollector.java:73)
	at org.junit.jupiter.engine.descriptor.TestMethodTestDescriptor.invokeTestMethod(TestMethodTestDescriptor.java:214)
	at org.junit.jupiter.engine.descriptor.TestMethodTestDescriptor.execute(TestMethodTestDescriptor.java:139)
	at org.junit.jupiter.engine.descriptor.TestMethodTestDescriptor.execute(TestMethodTestDescriptor.java:69)
	at org.junit.platform.engine.support.hierarchical.NodeTestTask.lambda$executeRecursively$6(NodeTestTask.java:151)
	at org.junit.platform.engine.support.hierarchical.ThrowableCollector.execute(ThrowableCollector.java:73)
	at org.junit.platform.engine.support.hierarchical.NodeTestTask.lambda$executeRecursively$8(NodeTestTask.java:141)
	at org.junit.platform.engine.support.hierarchical.Node.around(Node.java:137)
	at org.junit.platform.engine.support.hierarchical.NodeTestTask.lambda$executeRecursively$9(NodeTestTask.java:139)
	at org.junit.platform.engine.support.hierarchical.ThrowableCollector.execute(ThrowableCollector.java:73)
	at org.junit.platform.engine.support.hierarchical.NodeTestTask.executeRecursively(NodeTestTask.java:138)
	at org.junit.platform.engine.support.hierarchical.NodeTestTask.execute(NodeTestTask.java:95)
	at java.base/java.util.ArrayList.forEach(ArrayList.java:1596)
	at org.junit.platform.engine.support.hierarchical.SameThreadHierarchicalTestExecutorService.invokeAll(SameThreadHierarchicalTestExecutorService.java:41)
	at org.junit.platform.engine.support.hierarchical.NodeTestTask.lambda$executeRecursively$6(NodeTestTask.java:155)
	at org.junit.platform.engine.support.hierarchical.ThrowableCollector.execute(ThrowableCollector.java:73)
	at org.junit.platform.engine.support.hierarchical.NodeTestTask.lambda$executeRecursively$8(NodeTestTask.java:141)
	at org.junit.platform.engine.support.hierarchical.Node.around(Node.java:137)
	at org.junit.platform.engine.support.hierarchical.NodeTestTask.lambda$executeRecursively$9(NodeTestTask.java:139)
	at org.junit.platform.engine.support.hierarchical.ThrowableCollector.execute(ThrowableCollector.java:73)
	at org.junit.platform.engine.support.hierarchical.NodeTestTask.executeRecursively(NodeTestTask.java:138)
	at org.junit.platform.engine.support.hierarchical.NodeTestTask.execute(NodeTestTask.java:95)
	at java.base/java.util.ArrayList.forEach(ArrayList.java:1596)
	at org.junit.platform.engine.support.hierarchical.SameThreadHierarchicalTestExecutorService.invokeAll(SameThreadHierarchicalTestExecutorService.java:41)
	at org.junit.platform.engine.support.hierarchical.NodeTestTask.lambda$executeRecursively$6(NodeTestTask.java:155)
	at org.junit.platform.engine.support.hierarchical.ThrowableCollector.execute(ThrowableCollector.java:73)
	at org.junit.platform.engine.support.hierarchical.NodeTestTask.lambda$executeRecursively$8(NodeTestTask.java:141)
	at org.junit.platform.engine.support.hierarchical.Node.around(Node.java:137)
	at org.junit.platform.engine.support.hierarchical.NodeTestTask.lambda$executeRecursively$9(NodeTestTask.java:139)
	at org.junit.platform.engine.support.hierarchical.ThrowableCollector.execute(ThrowableCollector.java:73)
	at org.junit.platform.engine.support.hierarchical.NodeTestTask.executeRecursively(NodeTestTask.java:138)
	at org.junit.platform.engine.support.hierarchical.NodeTestTask.execute(NodeTestTask.java:95)
	at org.junit.platform.engine.support.hierarchical.SameThreadHierarchicalTestExecutorService.submit(SameThreadHierarchicalTestExecutorService.java:35)
	at org.junit.platform.engine.support.hierarchical.HierarchicalTestExecutor.execute(HierarchicalTestExecutor.java:57)
	at org.junit.platform.engine.support.hierarchical.HierarchicalTestEngine.execute(HierarchicalTestEngine.java:54)
	at org.junit.platform.launcher.core.EngineExecutionOrchestrator.execute(EngineExecutionOrchestrator.java:198)
	at org.junit.platform.launcher.core.EngineExecutionOrchestrator.execute(EngineExecutionOrchestrator.java:169)
	at org.junit.platform.launcher.core.EngineExecutionOrchestrator.execute(EngineExecutionOrchestrator.java:93)
	at org.junit.platform.launcher.core.EngineExecutionOrchestrator.lambda$execute$0(EngineExecutionOrchestrator.java:58)
	at org.junit.platform.launcher.core.EngineExecutionOrchestrator.withInterceptedStreams(EngineExecutionOrchestrator.java:141)
	at org.junit.platform.launcher.core.EngineExecutionOrchestrator.execute(EngineExecutionOrchestrator.java:57)
	at org.junit.platform.launcher.core.DefaultLauncher.execute(DefaultLauncher.java:103)
	at org.junit.platform.launcher.core.DefaultLauncher.execute(DefaultLauncher.java:85)
	at org.junit.platform.launcher.core.DelegatingLauncher.execute(DelegatingLauncher.java:47)
	at org.junit.platform.launcher.core.SessionPerRequestLauncher.execute(SessionPerRequestLauncher.java:63)
	at com.intellij.junit5.JUnit5IdeaTestRunner.startRunnerWithArgs(JUnit5IdeaTestRunner.java:57)
	at com.intellij.rt.junit.IdeaTestRunner$Repeater$1.execute(IdeaTestRunner.java:38)
	at com.intellij.rt.execution.junit.TestsRepeater.repeat(TestsRepeater.java:11)
	at com.intellij.rt.junit.IdeaTestRunner$Repeater.startRunnerWithArgs(IdeaTestRunner.java:35)
	at com.intellij.rt.junit.JUnitStarter.prepareStreamsAndStart(JUnitStarter.java:232)
	at com.intellij.rt.junit.JUnitStarter.main(JUnitStarter.java:55)
2025-05-05 13:07:43 [main] INFO  lt.insoft.uztis.tests.UztisPageTest - Navigated to https://uztisdev.asseco.lt/home
2025-05-05 13:07:43 [main] INFO  l.i.u.tests.ApplicationFormsPageTest - Setup complete. ApplicationFormsPage initialized.
2025-05-05 13:07:43 [main] INFO  l.i.u.tests.ApplicationFormsPageTest - Starting test:'testCreateNewPvkApplication'
2025-05-05 13:07:43 [main] DEBUG l.i.u.tests.ApplicationFormsPageTest - User logged in with test credentials
2025-05-05 13:07:44 [main] DEBUG l.i.u.tests.ApplicationFormsPageTest - Opened 'Application Processing' menu.
2025-05-05 13:07:44 [main] DEBUG l.i.u.tests.ApplicationFormsPageTest - Clicked on 'Application Forms' menu.
2025-05-05 13:07:44 [main] DEBUG l.i.u.tests.ApplicationFormsPageTest - Clicked to create a new application form.
2025-05-05 13:07:44 [main] DEBUG l.i.u.tests.ApplicationFormsPageTest - Entered random application code: TST-PVK-55
2025-05-05 13:07:45 [main] DEBUG l.i.u.tests.ApplicationFormsPageTest - Selected 'Municipality' radio button.
2025-05-05 13:07:45 [main] INFO  l.i.uztis.pages.ApplicationFormsPage - Located the dropdown button.
2025-05-05 13:07:45 [main] INFO  l.i.uztis.pages.ApplicationFormsPage - Successfully selected the value: 'Kauno departamentas'
2025-05-05 13:07:55 [main] ERROR l.i.uztis.pages.ApplicationFormsPage - Failed to close the dropdown with aria-expanded = 'false'.
2025-05-05 13:07:55 [main] DEBUG l.i.u.tests.ApplicationFormsPageTest - Selected a value from the 'Municipality' dropdown: 'Kauno departamentas'
2025-05-05 13:07:55 [main] DEBUG l.i.u.tests.ApplicationFormsPageTest - Selected 'Budget by Municipality' option.
2025-05-05 13:07:56 [main] DEBUG l.i.u.tests.ApplicationFormsPageTest - Selected 'Financed By Queue' radio button.
2025-05-05 13:07:56 [main] DEBUG l.i.u.tests.ApplicationFormsPageTest - Clicked 'Add' button.
2025-05-05 13:07:56 [main] INFO  l.i.uztis.pages.ApplicationFormsPage - Located the dropdown button.
2025-05-05 13:07:56 [main] INFO  l.i.uztis.pages.ApplicationFormsPage - Successfully selected the value: 'PVK atitiktis URP'
2025-05-05 13:08:07 [main] ERROR l.i.uztis.pages.ApplicationFormsPage - Failed to close the dropdown with aria-expanded = 'false'.
2025-05-05 13:08:07 [main] DEBUG l.i.u.tests.ApplicationFormsPageTest - Selected a value from the 'EvaluationOne' dropdown: 'PVK atitiktis URP'
2025-05-05 13:08:07 [main] INFO  l.i.uztis.pages.ApplicationFormsPage - Located the dropdown button.
2025-05-05 13:08:08 [main] INFO  l.i.uztis.pages.ApplicationFormsPage - Successfully selected the value: 'PVK atitiktis kokybės kriterijams'
2025-05-05 13:08:18 [main] ERROR l.i.uztis.pages.ApplicationFormsPage - Failed to close the dropdown with aria-expanded = 'false'.
2025-05-05 13:08:18 [main] DEBUG l.i.u.tests.ApplicationFormsPageTest - Selected a value from the 'EvaluationTwon' dropdown: 'PVK atitiktis kokybės kriterijams'
2025-05-05 13:08:18 [main] INFO  l.i.uztis.pages.ApplicationFormsPage - Located the dropdown button.
2025-05-05 13:08:18 [main] INFO  l.i.uztis.pages.ApplicationFormsPage - Successfully selected the value: 'PVK gynimo vertinimo forma'
2025-05-05 13:08:28 [main] ERROR l.i.uztis.pages.ApplicationFormsPage - Failed to close the dropdown with aria-expanded = 'false'.
2025-05-05 13:08:28 [main] DEBUG l.i.u.tests.ApplicationFormsPageTest - Selected a value from the 'EvaluationThree' dropdown: 'PVK gynimo vertinimo forma'
2025-05-05 13:08:28 [main] DEBUG l.i.u.tests.ApplicationFormsPageTest - Clicked 'Plus' button.
2025-05-05 13:08:29 [main] DEBUG l.i.u.tests.ApplicationFormsPageTest - Clicked 'Add' button seven times.
2025-05-05 13:08:29 [main] INFO  l.i.uztis.pages.ApplicationFormsPage - Processing dropdown index: 0
2025-05-05 13:08:40 [main] ERROR l.i.uztis.pages.ApplicationFormsPage - Timeout while waiting for dropdown to close at index: 0 with aria-expanded = 'false'
2025-05-05 13:08:40 [main] INFO  l.i.uztis.pages.ApplicationFormsPage - Processing dropdown index: 1
2025-05-05 13:08:50 [main] ERROR l.i.uztis.pages.ApplicationFormsPage - Timeout while waiting for dropdown to close at index: 1 with aria-expanded = 'false'
2025-05-05 13:08:50 [main] INFO  l.i.uztis.pages.ApplicationFormsPage - Processing dropdown index: 2
2025-05-05 13:09:01 [main] ERROR l.i.uztis.pages.ApplicationFormsPage - Timeout while waiting for dropdown to close at index: 2 with aria-expanded = 'false'
2025-05-05 13:09:01 [main] INFO  l.i.uztis.pages.ApplicationFormsPage - Processing dropdown index: 3
2025-05-05 13:09:12 [main] ERROR l.i.uztis.pages.ApplicationFormsPage - Timeout while waiting for dropdown to close at index: 3 with aria-expanded = 'false'
2025-05-05 13:09:12 [main] INFO  l.i.uztis.pages.ApplicationFormsPage - Processing dropdown index: 4
2025-05-05 13:09:23 [main] ERROR l.i.uztis.pages.ApplicationFormsPage - Timeout while waiting for dropdown to close at index: 4 with aria-expanded = 'false'
2025-05-05 13:09:23 [main] INFO  l.i.uztis.pages.ApplicationFormsPage - Processing dropdown index: 5
2025-05-05 13:09:34 [main] ERROR l.i.uztis.pages.ApplicationFormsPage - Timeout while waiting for dropdown to close at index: 5 with aria-expanded = 'false'
2025-05-05 13:09:34 [main] INFO  l.i.uztis.pages.ApplicationFormsPage - Processing dropdown index: 6
2025-05-05 13:09:45 [main] ERROR l.i.uztis.pages.ApplicationFormsPage - Timeout while waiting for dropdown to close at index: 6 with aria-expanded = 'false'
2025-05-05 13:09:45 [main] INFO  l.i.uztis.pages.ApplicationFormsPage - Processing dropdown index: 7
2025-05-05 13:09:56 [main] ERROR l.i.uztis.pages.ApplicationFormsPage - Timeout while waiting for dropdown to close at index: 7 with aria-expanded = 'false'
2025-05-05 13:09:56 [main] INFO  l.i.uztis.pages.ApplicationFormsPage - Processing input field index: 0
2025-05-05 13:09:56 [main] INFO  l.i.uztis.pages.ApplicationFormsPage - Entered value '50' into field index: 0
2025-05-05 13:09:56 [main] INFO  l.i.uztis.pages.ApplicationFormsPage - Processing input field index: 1
2025-05-05 13:09:56 [main] INFO  l.i.uztis.pages.ApplicationFormsPage - Entered value '924' into field index: 1
2025-05-05 13:09:56 [main] INFO  l.i.uztis.pages.ApplicationFormsPage - Processing input field index: 2
2025-05-05 13:09:56 [main] INFO  l.i.uztis.pages.ApplicationFormsPage - Entered value '31' into field index: 2
2025-05-05 13:09:56 [main] INFO  l.i.uztis.pages.ApplicationFormsPage - Processing input field index: 3
2025-05-05 13:09:56 [main] INFO  l.i.uztis.pages.ApplicationFormsPage - Entered value '4.7' into field index: 3
2025-05-05 13:09:56 [main] INFO  l.i.uztis.pages.ApplicationFormsPage - Processing input field index: 4
2025-05-05 13:09:57 [main] INFO  l.i.uztis.pages.ApplicationFormsPage - Entered value '35' into field index: 4
2025-05-05 13:09:57 [main] INFO  l.i.uztis.pages.ApplicationFormsPage - Processing input field index: 5
2025-05-05 13:09:57 [main] INFO  l.i.uztis.pages.ApplicationFormsPage - Entered value '20' into field index: 5
2025-05-05 13:09:57 [main] INFO  l.i.uztis.pages.ApplicationFormsPage - Processing input field index: 6
2025-05-05 13:09:57 [main] INFO  l.i.uztis.pages.ApplicationFormsPage - Entered value '30' into field index: 6
2025-05-05 13:09:57 [main] INFO  l.i.uztis.pages.ApplicationFormsPage - Processing input field index: 7
2025-05-05 13:09:57 [main] INFO  l.i.uztis.pages.ApplicationFormsPage - Entered value '60' into field index: 7
2025-05-05 13:09:57 [main] DEBUG l.i.u.tests.ApplicationFormsPageTest - Entered additional values and text.
2025-05-05 13:09:57 [main] DEBUG l.i.u.tests.ApplicationFormsPageTest - Entered application name: PVK paraiška
2025-05-05 13:09:57 [main] DEBUG l.i.u.tests.ApplicationFormsPageTest - Clicked the 'Save' button.
2025-05-05 13:09:57 [main] DEBUG l.i.uztis.pages.ApplicationFormsPage - Verified success message: 'Duomenys sėkmingai išsaugoti.'
2025-05-05 13:09:57 [main] INFO  l.i.u.tests.ApplicationFormsPageTest - Verified success message
2025-05-05 13:09:57 [main] INFO  l.i.u.tests.ApplicationFormsPageTest - Verified that the 'Save Form' button is displayed.
2025-05-05 13:09:57 [main] INFO  l.i.u.tests.ApplicationFormsPageTest - Test 'testCreateNewPvkApplication' completed successfully.
2025-05-05 13:12:07 [main] INFO  lt.insoft.uztis.tests.UztisPageTest - Navigated to https://uztisdev.asseco.lt/home
2025-05-05 13:12:07 [main] INFO  l.i.u.tests.ApplicationFormsPageTest - Setup complete. ApplicationFormsPage initialized.
2025-05-05 13:12:07 [main] INFO  l.i.u.tests.ApplicationFormsPageTest - Starting test:'testAddContractPVK'
2025-05-05 13:12:08 [main] DEBUG l.i.u.tests.ApplicationFormsPageTest - User logged in with test credentials
2025-05-05 13:12:09 [main] DEBUG l.i.u.tests.ApplicationFormsPageTest - Opened 'Application Processing' menu.
2025-05-05 13:12:09 [main] DEBUG l.i.u.tests.ApplicationFormsPageTest - Clicked on 'Application Forms' menu.
2025-05-05 13:12:09 [main] DEBUG l.i.u.tests.ApplicationFormsPageTest - Selected the last application description.
2025-05-05 13:12:09 [main] DEBUG l.i.u.tests.ApplicationFormsPageTest - Clicked 'Project Progress' tab.
2025-05-05 13:12:10 [main] DEBUG l.i.u.tests.ApplicationFormsPageTest - Clicked the 'Edit' button.
2025-05-05 13:12:10 [main] INFO  l.i.uztis.pages.ApplicationFormsPage - Located the dropdown button.
2025-05-05 13:12:12 [main] INFO  l.i.uztis.pages.ApplicationFormsPage - Successfully selected the value: 'Paramos verslui kurti sutartis'
2025-05-05 13:12:23 [main] ERROR l.i.uztis.pages.ApplicationFormsPage - Failed to close the dropdown with aria-expanded = 'false'.
2025-05-05 13:12:23 [main] DEBUG l.i.u.tests.ApplicationFormsPageTest - Selected a value from the 'Document' dropdown: 'Paramos verslui kurti sutartis'
2025-05-05 13:12:23 [main] DEBUG l.i.u.tests.ApplicationFormsPageTest - Clicked the 'Save' button.
2025-05-05 13:12:24 [main] ERROR l.i.uztis.pages.ApplicationFormsPage - Failed to verify the success message: 'Funkcija sėkmingai atlikta.'. Available messages: [Duomenys sėkmingai išsaugoti.]
2025-05-05 13:12:24 [main] INFO  l.i.u.tests.ApplicationFormsPageTest - Verified success message
2025-05-05 13:12:24 [main] INFO  l.i.u.tests.ApplicationFormsPageTest - Test 'testAddContractPVK' completed successfully.
2025-05-05 13:12:47 [main] INFO  lt.insoft.uztis.tests.UztisPageTest - Navigated to https://uztisdev.asseco.lt/home
2025-05-05 13:12:47 [main] INFO  l.i.uztis.tests.InvitationsPageTest - Starting test:'testCreateNewPvkInvitation'
2025-05-05 13:12:47 [main] DEBUG l.i.uztis.tests.InvitationsPageTest - User logged in with test credentials
2025-05-05 13:12:47 [main] DEBUG l.i.uztis.tests.InvitationsPageTest - Opened 'Application Processing' menu.
2025-05-05 13:12:48 [main] DEBUG l.i.uztis.tests.InvitationsPageTest - Clicked on 'Application Forms' menu.
2025-05-05 13:12:48 [main] DEBUG l.i.uztis.tests.InvitationsPageTest - Navigating to application forms menu.
2025-05-05 13:12:48 [main] DEBUG l.i.uztis.tests.InvitationsPageTest - Retrieved last description code text: 'TST-PVK-55'.
2025-05-05 13:12:48 [main] DEBUG l.i.uztis.tests.InvitationsPageTest - Clicked on 'Invitation' menu.
2025-05-05 13:12:48 [main] DEBUG l.i.uztis.tests.InvitationsPageTest - Clicked 'Create New Application Form'.
2025-05-05 13:12:49 [main] DEBUG l.i.uztis.tests.InvitationsPageTest - Selected section by code: 'TST-PVK-55'.
2025-05-05 13:12:49 [main] INFO  l.insoft.uztis.pages.InvitationsPage - Located the dropdown button.
2025-05-05 13:13:01 [main] ERROR l.insoft.uztis.pages.InvitationsPage - Timeout while waiting for dropdown to close with aria-expanded = 'false'.
2025-05-05 13:13:01 [main] DEBUG l.i.uztis.tests.InvitationsPageTest - Selected invitation number from the list.
2025-05-05 13:13:01 [main] DEBUG l.i.uztis.tests.InvitationsPageTest - Entered current date.
2025-05-05 13:13:01 [main] DEBUG l.i.uztis.tests.InvitationsPageTest - Entered start time: 00:00.
2025-05-05 13:13:01 [main] DEBUG l.i.uztis.tests.InvitationsPageTest - Entered end date.
2025-05-05 13:13:02 [main] DEBUG l.i.uztis.tests.InvitationsPageTest - Entered end time: 11:11.
2025-05-05 13:13:02 [main] DEBUG l.i.uztis.tests.InvitationsPageTest - Entered publication end date.
2025-05-05 13:13:02 [main] DEBUG l.i.uztis.tests.InvitationsPageTest - Added additional values.
2025-05-05 13:13:02 [main] INFO  l.insoft.uztis.pages.InvitationsPage - Located the dropdown button.
2025-05-05 13:13:02 [main] DEBUG l.i.uztis.tests.InvitationsPageTest - Selected the value: 'Didžiausia galima paramos suma aplinkos darbo vietai, Eur'
2025-05-05 13:13:02 [main] INFO  l.insoft.uztis.pages.InvitationsPage - Located the dropdown button.
2025-05-05 13:13:03 [main] DEBUG l.i.uztis.tests.InvitationsPageTest - Selected the value: 'Didžiausia galima paramos suma, Eur'
2025-05-05 13:13:03 [main] INFO  l.insoft.uztis.pages.InvitationsPage - Located the dropdown button.
2025-05-05 13:13:04 [main] DEBUG l.i.uztis.tests.InvitationsPageTest - Selected the value: 'Didžiausia galima paramos suma vienai darbo vietai, Eur'
2025-05-05 13:13:04 [main] DEBUG l.i.uztis.tests.InvitationsPageTest - Entered value: 11000
2025-05-05 13:13:04 [main] DEBUG l.i.uztis.tests.InvitationsPageTest - Entered value: 12000
2025-05-05 13:13:05 [main] DEBUG l.i.uztis.tests.InvitationsPageTest - Entered value: 13000
2025-05-05 13:13:05 [main] DEBUG l.i.uztis.tests.InvitationsPageTest - Checked 'Legal Entities' checkbox.
2025-05-05 13:13:05 [main] DEBUG l.i.uztis.tests.InvitationsPageTest - Checked 'Legal Entities' checkbox.
2025-05-05 13:13:05 [main] DEBUG l.i.uztis.tests.InvitationsPageTest - Unchecked 'Persons Registered with Employment Service' checkbox.
2025-05-05 13:13:05 [main] DEBUG l.i.uztis.tests.InvitationsPageTest - Checked 'Persons Registered as Employers' checkbox.
2025-05-05 13:13:05 [main] DEBUG l.i.uztis.tests.InvitationsPageTest - Entered second evaluation grade: '5'.
2025-05-05 13:13:05 [main] DEBUG l.i.uztis.tests.InvitationsPageTest - Entered third evaluation grade: '6'.
2025-05-05 13:13:05 [main] DEBUG l.i.uztis.tests.InvitationsPageTest - Entered second evaluation grade weight: '0,45'.
2025-05-05 13:13:05 [main] DEBUG l.i.uztis.tests.InvitationsPageTest - Entered third evaluation grade weight: '0,55'.
2025-05-05 13:13:05 [main] DEBUG l.i.uztis.tests.InvitationsPageTest - Entered budget: '2000'.
2025-05-05 13:13:06 [main] DEBUG l.i.uztis.tests.InvitationsPageTest - Entered budget: '2000'.
2025-05-05 13:13:06 [main] DEBUG l.i.uztis.tests.InvitationsPageTest - Entered budget: '2000'.
2025-05-05 13:13:06 [main] DEBUG l.i.uztis.tests.InvitationsPageTest - Entered budget: '2000'.
2025-05-05 13:13:06 [main] DEBUG l.i.uztis.tests.InvitationsPageTest - Entered budget: '2000'.
2025-05-05 13:13:06 [main] DEBUG l.i.uztis.tests.InvitationsPageTest - Entered description text: 'Aprašo tekstas'.
2025-05-05 13:13:06 [main] DEBUG l.i.uztis.tests.InvitationsPageTest - Entered applicants text: 'Pareiškėjų tekstas'.
2025-05-05 13:13:06 [main] DEBUG l.i.uztis.tests.InvitationsPageTest - Entered expenditures text: 'Išlaidų tekstas'.
2025-05-05 13:13:06 [main] DEBUG l.i.uztis.tests.InvitationsPageTest - Entered legislation text: 'Teisės aktų tekstas'.
2025-05-05 13:13:07 [main] DEBUG l.i.uztis.tests.InvitationsPageTest - Entered education text: 'Mokymų tekstas'.
2025-05-05 13:13:07 [main] DEBUG l.i.uztis.tests.InvitationsPageTest - File uploaded.
2025-05-05 13:13:07 [main] DEBUG l.i.uztis.tests.InvitationsPageTest - Clicked 'Publish'.
2025-05-05 13:13:07 [main] DEBUG l.i.uztis.tests.InvitationsPageTest - Publication confirmed.
2025-05-05 13:13:07 [main] DEBUG l.i.uztis.pages.ApplicationFormsPage - Verified success message: 'Funkcija sėkmingai atlikta.'
2025-05-05 13:13:07 [main] INFO  l.i.uztis.tests.InvitationsPageTest - Verified success message
2025-05-05 13:13:07 [main] INFO  l.i.uztis.tests.InvitationsPageTest - Test 'testCreateNewPvkInvitation' completed successfully.
2025-05-05 13:13:37 [main] INFO  lt.insoft.uztis.tests.UztisPageTest - Navigated to https://uztisdev.asseco.lt/home
2025-05-05 13:13:37 [main] INFO  l.i.uztis.tests.InvitationsPageTest - Starting test:'testInsertVui_PvkStatisticInformation'
2025-05-05 13:13:39 [main] DEBUG l.i.uztis.tests.InvitationsPageTest - User logged in with test credentials
2025-05-05 13:13:39 [main] DEBUG l.i.uztis.tests.InvitationsPageTest - Opened 'Application Processing' menu.
2025-05-05 13:13:39 [main] DEBUG l.i.uztis.tests.InvitationsPageTest - Clicked on 'Application Forms' menu.
2025-05-05 13:13:39 [main] DEBUG l.i.uztis.tests.InvitationsPageTest - Navigating to invitation forms menu.
2025-05-05 13:13:40 [main] DEBUG l.i.uztis.tests.InvitationsPageTest - Retrieved last description code text: 'TST-PVK-55'.
2025-05-05 13:13:40 [main] DEBUG l.i.uztis.tests.InvitationsPageTest - Clicked on 'Invitation' menu.
2025-05-05 13:13:42 [main] DEBUG l.i.uztis.tests.InvitationsPageTest - Selected section by code: 'TST-PVK-55'.
2025-05-05 13:13:42 [main] DEBUG l.i.uztis.tests.InvitationsPageTest - Clicked 'Search'.
2025-05-05 13:13:42 [main] DEBUG l.i.uztis.tests.InvitationsPageTest - Getting and inserting application code text.
2025-05-05 13:13:42 [main] DEBUG l.i.uztis.tests.InvitationsPageTest - Clicked 'Publishing'.
2025-05-05 13:13:42 [main] DEBUG l.i.uztis.tests.InvitationsPageTest - Clicked 'Statistic Information' tab.
2025-05-05 13:13:42 [main] DEBUG l.i.uztis.tests.InvitationsPageTest - Clicked 'Edit' button.
2025-05-05 13:13:43 [main] DEBUG l.i.uztis.tests.InvitationsPageTest - Entered current date.
2025-05-05 13:13:43 [main] DEBUG l.i.uztis.tests.InvitationsPageTest - Entered value: 8.7
2025-05-05 13:13:43 [main] DEBUG l.i.uztis.tests.InvitationsPageTest - Entered average salary: 2237.9
2025-05-05 13:13:43 [main] DEBUG l.i.uztis.tests.InvitationsPageTest - File uploaded.
2025-05-05 13:13:43 [main] DEBUG l.i.uztis.tests.InvitationsPageTest - Clicked 'Save' button.
2025-05-05 13:13:43 [main] DEBUG l.i.uztis.pages.ApplicationFormsPage - Verified success message: 'Funkcija sėkmingai atlikta.'
2025-05-05 13:13:43 [main] INFO  l.i.uztis.tests.InvitationsPageTest - Verified success message
2025-05-05 13:13:43 [main] INFO  l.i.uztis.tests.InvitationsPageTest - Test 'testInsertVui_PvkStatisticInformation' completed successfully.
2025-05-07 13:11:36 [main] INFO  lt.insoft.uztis.tests.UztisPageTest - Navigated to https://uztisdev.asseco.lt/home
2025-05-07 13:11:37 [main] INFO  l.i.u.tests.ApplicationFormsPageTest - Setup complete. ApplicationFormsPage initialized.
2025-05-07 13:11:37 [main] INFO  l.i.u.tests.ApplicationFormsPageTest - Starting test:'testCreateNewDvpApplication'
2025-05-07 13:11:38 [main] DEBUG l.i.u.tests.ApplicationFormsPageTest - User logged in with test credentials
2025-05-07 13:11:39 [main] DEBUG l.i.u.tests.ApplicationFormsPageTest - Opened 'Application Processing' menu.
2025-05-07 13:11:39 [main] DEBUG l.i.u.tests.ApplicationFormsPageTest - Clicked on 'Application Forms' menu.
2025-05-07 13:11:39 [main] DEBUG l.i.u.tests.ApplicationFormsPageTest - Clicked to create a new application form.
2025-05-07 13:11:39 [main] DEBUG l.i.u.tests.ApplicationFormsPageTest - Entered random application code: TST-DVP-50
2025-05-07 13:11:39 [main] DEBUG l.i.u.tests.ApplicationFormsPageTest - Selected 'Municipality' radio button.
2025-05-07 13:11:39 [main] INFO  l.i.uztis.pages.ApplicationFormsPage - Located the dropdown button.
2025-05-07 13:11:40 [main] INFO  l.i.uztis.pages.ApplicationFormsPage - Successfully selected the value: 'Kauno departamentas'
2025-05-07 13:11:50 [main] ERROR l.i.uztis.pages.ApplicationFormsPage - Failed to close the dropdown with aria-expanded = 'false'.
2025-05-07 13:11:50 [main] DEBUG l.i.u.tests.ApplicationFormsPageTest - Selected a value from the 'Municipality' dropdown: 'Kauno departamentas'
2025-05-07 13:11:50 [main] DEBUG l.i.u.tests.ApplicationFormsPageTest - Selected 'Budget By Country' radio button.
2025-05-07 13:11:50 [main] DEBUG l.i.u.tests.ApplicationFormsPageTest - Selected 'Financed Without Queue' option.
2025-05-07 13:11:50 [main] INFO  l.i.uztis.pages.ApplicationFormsPage - Located the dropdown button.
2025-05-07 13:11:51 [main] INFO  l.i.uztis.pages.ApplicationFormsPage - Successfully selected the value: 'DVP atitiktis URP'
2025-05-07 13:12:02 [main] ERROR l.i.uztis.pages.ApplicationFormsPage - Failed to close the dropdown with aria-expanded = 'false'.
2025-05-07 13:12:02 [main] DEBUG l.i.u.tests.ApplicationFormsPageTest - Selected a value from the 'EvaluationOne' dropdown: 'DVP atitiktis URP'
2025-05-07 13:12:02 [main] DEBUG l.i.u.tests.ApplicationFormsPageTest - Clicked 'Plus' button.
2025-05-07 13:12:02 [main] DEBUG l.i.u.tests.ApplicationFormsPageTest - Clicked 'Add' button seven times.
2025-05-07 13:12:02 [main] INFO  l.i.uztis.pages.ApplicationFormsPage - Processing dropdown index: 0
2025-05-07 13:12:13 [main] ERROR l.i.uztis.pages.ApplicationFormsPage - Timeout while waiting for dropdown to close at index: 0 with aria-expanded = 'false'
2025-05-07 13:12:13 [main] INFO  l.i.uztis.pages.ApplicationFormsPage - Processing dropdown index: 1
2025-05-07 13:12:23 [main] ERROR l.i.uztis.pages.ApplicationFormsPage - Timeout while waiting for dropdown to close at index: 1 with aria-expanded = 'false'
2025-05-07 13:12:23 [main] INFO  l.i.uztis.pages.ApplicationFormsPage - Processing dropdown index: 2
2025-05-07 13:12:34 [main] ERROR l.i.uztis.pages.ApplicationFormsPage - Timeout while waiting for dropdown to close at index: 2 with aria-expanded = 'false'
2025-05-07 13:12:34 [main] INFO  l.i.uztis.pages.ApplicationFormsPage - Processing dropdown index: 3
2025-05-07 13:12:44 [main] ERROR l.i.uztis.pages.ApplicationFormsPage - Timeout while waiting for dropdown to close at index: 3 with aria-expanded = 'false'
2025-05-07 13:12:44 [main] INFO  l.i.uztis.pages.ApplicationFormsPage - Processing dropdown index: 4
2025-05-07 13:12:55 [main] ERROR l.i.uztis.pages.ApplicationFormsPage - Timeout while waiting for dropdown to close at index: 4 with aria-expanded = 'false'
2025-05-07 13:12:55 [main] INFO  l.i.uztis.pages.ApplicationFormsPage - Processing dropdown index: 5
2025-05-07 13:13:06 [main] ERROR l.i.uztis.pages.ApplicationFormsPage - Timeout while waiting for dropdown to close at index: 5 with aria-expanded = 'false'
2025-05-07 13:13:06 [main] INFO  l.i.uztis.pages.ApplicationFormsPage - Processing dropdown index: 6
2025-05-07 13:13:17 [main] ERROR l.i.uztis.pages.ApplicationFormsPage - Timeout while waiting for dropdown to close at index: 6 with aria-expanded = 'false'
2025-05-07 13:13:17 [main] INFO  l.i.uztis.pages.ApplicationFormsPage - Processing dropdown index: 7
2025-05-07 13:13:27 [main] ERROR l.i.uztis.pages.ApplicationFormsPage - Timeout while waiting for dropdown to close at index: 7 with aria-expanded = 'false'
2025-05-07 13:13:27 [main] INFO  l.i.uztis.pages.ApplicationFormsPage - Processing input field index: 0
2025-05-07 13:13:27 [main] INFO  l.i.uztis.pages.ApplicationFormsPage - Entered value '50' into field index: 0
2025-05-07 13:13:27 [main] INFO  l.i.uztis.pages.ApplicationFormsPage - Processing input field index: 1
2025-05-07 13:13:28 [main] INFO  l.i.uztis.pages.ApplicationFormsPage - Entered value '924' into field index: 1
2025-05-07 13:13:28 [main] INFO  l.i.uztis.pages.ApplicationFormsPage - Processing input field index: 2
2025-05-07 13:13:28 [main] INFO  l.i.uztis.pages.ApplicationFormsPage - Entered value '31' into field index: 2
2025-05-07 13:13:28 [main] INFO  l.i.uztis.pages.ApplicationFormsPage - Processing input field index: 3
2025-05-07 13:13:28 [main] INFO  l.i.uztis.pages.ApplicationFormsPage - Entered value '4.7' into field index: 3
2025-05-07 13:13:28 [main] INFO  l.i.uztis.pages.ApplicationFormsPage - Processing input field index: 4
2025-05-07 13:13:28 [main] INFO  l.i.uztis.pages.ApplicationFormsPage - Entered value '35' into field index: 4
2025-05-07 13:13:28 [main] INFO  l.i.uztis.pages.ApplicationFormsPage - Processing input field index: 5
2025-05-07 13:13:28 [main] INFO  l.i.uztis.pages.ApplicationFormsPage - Entered value '20' into field index: 5
2025-05-07 13:13:28 [main] INFO  l.i.uztis.pages.ApplicationFormsPage - Processing input field index: 6
2025-05-07 13:13:28 [main] INFO  l.i.uztis.pages.ApplicationFormsPage - Entered value '30' into field index: 6
2025-05-07 13:13:28 [main] INFO  l.i.uztis.pages.ApplicationFormsPage - Processing input field index: 7
2025-05-07 13:13:28 [main] INFO  l.i.uztis.pages.ApplicationFormsPage - Entered value '60' into field index: 7
2025-05-07 13:13:28 [main] DEBUG l.i.u.tests.ApplicationFormsPageTest - Entered additional values and text.
2025-05-07 13:13:28 [main] DEBUG l.i.u.tests.ApplicationFormsPageTest - Entered application name: DVP paraiška
2025-05-07 13:13:28 [main] INFO  l.i.u.tests.ApplicationFormsPageTest - Test 'testCreateNewDvpApplication' completed successfully.
2025-05-07 13:15:51 [main] INFO  lt.insoft.uztis.tests.UztisPageTest - Navigated to https://uztisdev.asseco.lt/home
2025-05-07 13:15:51 [main] INFO  l.i.u.tests.ApplicationFormsPageTest - Setup complete. ApplicationFormsPage initialized.
2025-05-07 13:15:51 [main] INFO  l.i.u.tests.ApplicationFormsPageTest - Starting test:'testAddContractDVP'
2025-05-07 13:15:52 [main] DEBUG l.i.u.tests.ApplicationFormsPageTest - User logged in with test credentials
2025-05-07 13:15:53 [main] DEBUG l.i.u.tests.ApplicationFormsPageTest - Opened 'Application Processing' menu.
2025-05-07 13:15:53 [main] DEBUG l.i.u.tests.ApplicationFormsPageTest - Clicked on 'Application Forms' menu.
2025-05-07 13:15:54 [main] DEBUG l.i.u.tests.ApplicationFormsPageTest - Selected the last application description.
2025-05-07 13:15:54 [main] DEBUG l.i.u.tests.ApplicationFormsPageTest - Clicked 'Project Progress' tab.
2025-05-07 13:15:54 [main] DEBUG l.i.u.tests.ApplicationFormsPageTest - Clicked the 'Edit' button.
2025-05-07 13:15:54 [main] INFO  l.i.uztis.pages.ApplicationFormsPage - Located the dropdown button.
2025-05-07 13:15:57 [main] INFO  l.i.uztis.pages.ApplicationFormsPage - Successfully selected the value: 'Darbo vietų pritaikymo ir finansavimo sutartis'
2025-05-07 13:16:07 [main] ERROR l.i.uztis.pages.ApplicationFormsPage - Failed to close the dropdown with aria-expanded = 'false'.
2025-05-07 13:16:07 [main] DEBUG l.i.u.tests.ApplicationFormsPageTest - Selected a value from the 'Document' dropdown: 'Darbo vietų pritaikymo ir finansavimo sutartis'
2025-05-07 13:16:07 [main] DEBUG l.i.u.tests.ApplicationFormsPageTest - Clicked the 'Save' button.
2025-05-07 13:16:08 [main] ERROR l.i.uztis.pages.ApplicationFormsPage - Failed to verify the success message: 'Funkcija sėkmingai atlikta.'. Available messages: [Duomenys sėkmingai išsaugoti.]
2025-05-07 13:16:08 [main] INFO  l.i.u.tests.ApplicationFormsPageTest - Verified success message
2025-05-07 13:16:08 [main] INFO  l.i.u.tests.ApplicationFormsPageTest - Test 'testAddContractDVP' completed successfully.
2025-05-07 13:16:36 [main] INFO  lt.insoft.uztis.tests.UztisPageTest - Navigated to https://uztisdev.asseco.lt/home
2025-05-07 13:16:36 [main] INFO  l.i.uztis.tests.InvitationsPageTest - Starting test:'testCreateNewDvpInvitation'
2025-05-07 13:16:36 [main] DEBUG l.i.uztis.tests.InvitationsPageTest - User logged in with test credentials
2025-05-07 13:16:37 [main] DEBUG l.i.uztis.tests.InvitationsPageTest - Opened 'Application Processing' menu.
2025-05-07 13:16:37 [main] DEBUG l.i.uztis.tests.InvitationsPageTest - Clicked on 'Application Forms' menu.
2025-05-07 13:16:37 [main] DEBUG l.i.uztis.tests.InvitationsPageTest - Navigating to application forms menu.
2025-05-07 13:16:38 [main] DEBUG l.i.uztis.tests.InvitationsPageTest - Retrieved last description code text: 'TST-DVP-50'.
2025-05-07 13:16:38 [main] DEBUG l.i.uztis.tests.InvitationsPageTest - Clicked on 'Invitation' menu.
2025-05-07 13:16:38 [main] DEBUG l.i.uztis.tests.InvitationsPageTest - Clicked 'Create New Application Form'.
2025-05-07 13:16:39 [main] DEBUG l.i.uztis.tests.InvitationsPageTest - Selected section by code: 'TST-DVP-50'.
2025-05-07 13:16:39 [main] INFO  l.insoft.uztis.pages.InvitationsPage - Located the dropdown button.
2025-05-07 13:16:51 [main] ERROR l.insoft.uztis.pages.InvitationsPage - Timeout while waiting for dropdown to close with aria-expanded = 'false'.
2025-05-07 13:16:51 [main] DEBUG l.i.uztis.tests.InvitationsPageTest - Selected invitation number from the list.
2025-05-07 13:16:51 [main] DEBUG l.i.uztis.tests.InvitationsPageTest - Entered current date.
2025-05-07 13:16:51 [main] DEBUG l.i.uztis.tests.InvitationsPageTest - Entered start time: 00:00.
2025-05-07 13:16:52 [main] DEBUG l.i.uztis.tests.InvitationsPageTest - Entered end date.
2025-05-07 13:16:52 [main] DEBUG l.i.uztis.tests.InvitationsPageTest - Entered end time: 11:11.
2025-05-07 13:16:52 [main] DEBUG l.i.uztis.tests.InvitationsPageTest - Entered publication end date.
2025-05-07 13:16:52 [main] DEBUG l.i.uztis.tests.InvitationsPageTest - Added additional values.
2025-05-07 13:16:52 [main] INFO  l.insoft.uztis.pages.InvitationsPage - Located the dropdown button.
2025-05-07 13:16:53 [main] DEBUG l.i.uztis.tests.InvitationsPageTest - Selected the value: 'Didžiausia galima paramos suma aplinkos darbo vietai, Eur'
2025-05-07 13:16:53 [main] INFO  l.insoft.uztis.pages.InvitationsPage - Located the dropdown button.
2025-05-07 13:16:54 [main] DEBUG l.i.uztis.tests.InvitationsPageTest - Selected the value: 'Didžiausia galima paramos suma, Eur'
2025-05-07 13:16:54 [main] INFO  l.insoft.uztis.pages.InvitationsPage - Located the dropdown button.
2025-05-07 13:16:55 [main] DEBUG l.i.uztis.tests.InvitationsPageTest - Selected the value: 'Didžiausia galima paramos suma vienai darbo vietai, Eur'
2025-05-07 13:16:55 [main] DEBUG l.i.uztis.tests.InvitationsPageTest - Entered value: 11000
2025-05-07 13:16:55 [main] DEBUG l.i.uztis.tests.InvitationsPageTest - Entered value: 12000
2025-05-07 13:16:55 [main] DEBUG l.i.uztis.tests.InvitationsPageTest - Entered value: 13000
2025-05-07 13:16:55 [main] DEBUG l.i.uztis.tests.InvitationsPageTest - Checked 'Legal Entities' checkbox.
2025-05-07 13:16:56 [main] DEBUG l.i.uztis.tests.InvitationsPageTest - Checked 'Legal Entities' checkbox.
2025-05-07 13:16:56 [main] DEBUG l.i.uztis.tests.InvitationsPageTest - Unchecked 'Persons Registered with Employment Service' checkbox.
2025-05-07 13:16:56 [main] DEBUG l.i.uztis.tests.InvitationsPageTest - Checked 'Persons Registered as Employers' checkbox.
2025-05-07 13:16:56 [main] DEBUG l.i.uztis.tests.InvitationsPageTest - Entered budget: '2000'.
2025-05-07 13:16:56 [main] DEBUG l.i.uztis.tests.InvitationsPageTest - Entered description text: 'Aprašo tekstas'.
2025-05-07 13:16:56 [main] DEBUG l.i.uztis.tests.InvitationsPageTest - Entered applicants text: 'Pareiškėjų tekstas'.
2025-05-07 13:16:56 [main] DEBUG l.i.uztis.tests.InvitationsPageTest - Entered expenditures text: 'Išlaidų tekstas'.
2025-05-07 13:16:57 [main] DEBUG l.i.uztis.tests.InvitationsPageTest - Entered legislation text: 'Teisės aktų tekstas'.
2025-05-07 13:16:57 [main] DEBUG l.i.uztis.tests.InvitationsPageTest - Entered education text: 'Mokymų tekstas'.
2025-05-07 13:16:57 [main] DEBUG l.i.uztis.tests.InvitationsPageTest - File uploaded.
2025-05-07 13:16:57 [main] DEBUG l.i.uztis.tests.InvitationsPageTest - Clicked 'Publish'.
2025-05-07 13:16:57 [main] DEBUG l.i.uztis.tests.InvitationsPageTest - Publication confirmed.
2025-05-07 13:16:59 [main] DEBUG l.i.uztis.pages.ApplicationFormsPage - Verified success message: 'Funkcija sėkmingai atlikta.'
2025-05-07 13:16:59 [main] INFO  l.i.uztis.tests.InvitationsPageTest - Verified success message
2025-05-07 13:16:59 [main] INFO  l.i.uztis.tests.InvitationsPageTest - Test 'testCreateNewDvpInvitation' completed successfully.
2025-05-08 14:35:53 [main] INFO  lt.insoft.uztis.tests.UztisPageTest - Navigated to https://uztisdev.asseco.lt/home
2025-05-08 14:35:53 [main] INFO  l.i.u.tests.ApplicationFormsPageTest - Setup complete. ApplicationFormsPage initialized.
2025-05-08 14:35:53 [main] INFO  l.i.u.tests.ApplicationFormsPageTest - Starting test:'testCreateNewDvpApplication'
2025-05-08 14:35:54 [main] DEBUG l.i.u.tests.ApplicationFormsPageTest - User logged in with test credentials
2025-05-08 14:35:54 [main] DEBUG l.i.u.tests.ApplicationFormsPageTest - Opened 'Application Processing' menu.
2025-05-08 14:35:54 [main] DEBUG l.i.u.tests.ApplicationFormsPageTest - Clicked on 'Application Forms' menu.
2025-05-08 14:35:55 [main] DEBUG l.i.u.tests.ApplicationFormsPageTest - Clicked to create a new application form.
2025-05-08 14:35:55 [main] DEBUG l.i.u.tests.ApplicationFormsPageTest - Entered random application code: TST-DVP-67
2025-05-08 14:35:55 [main] DEBUG l.i.u.tests.ApplicationFormsPageTest - Selected 'Municipality' radio button.
2025-05-08 14:35:55 [main] INFO  l.i.uztis.pages.ApplicationFormsPage - Located the dropdown button.
2025-05-08 14:35:55 [main] WARN  l.i.uztis.pages.ApplicationFormsPage - The value 'Kauno departamentas' was not found among the options.
2025-05-08 14:36:06 [main] ERROR l.i.uztis.pages.ApplicationFormsPage - Failed to close the dropdown with aria-expanded = 'false'.
2025-05-08 14:36:06 [main] DEBUG l.i.u.tests.ApplicationFormsPageTest - Selected a value from the 'Municipality' dropdown: 'Kauno departamentas'
2025-05-08 14:36:07 [main] ERROR l.i.u.tests.ApplicationFormsPageTest - Test 'testCreateNewDvpApplication' failed with error: element click intercepted: Element <input type="radio" class="mdc-radio__native-control" id="mat-radio-5-input" name="mat-radio-group-1" value="GLOBAL" tabindex="0"> is not clickable at point (360, 560). Other element would receive the click: <div class="cdk-overlay-backdrop cdk-overlay-transparent-backdrop cdk-overlay-backdrop-showing"></div>
  (Session info: chrome=135.0.7049.116)
Build info: version: '4.27.0', revision: 'd6e718d134'
System info: os.name: 'Windows 11', os.arch: 'amd64', os.version: '10.0', java.version: '21.0.3'
Driver info: org.openqa.selenium.chrome.ChromeDriver
Command: [8429d80047e1934c9907c0be513fc5f8, clickElement {id=f.3671E2C99902606B8094510EC308AFC2.d.91038DB5B95A91FFA8F64BF59C126806.e.50}]
Capabilities {acceptInsecureCerts: false, browserName: chrome, browserVersion: 135.0.7049.116, chrome: {chromedriverVersion: 135.0.7049.114 (63fd8a7d9d0..., userDataDir: C:\Users\INGRID~1.ZAD\AppDa...}, fedcm:accounts: true, goog:chromeOptions: {debuggerAddress: localhost:53121}, networkConnectionEnabled: false, pageLoadStrategy: normal, platformName: windows, proxy: Proxy(), se:cdp: ws://localhost:53121/devtoo..., se:cdpVersion: 135.0.7049.116, setWindowRect: true, strictFileInteractability: false, timeouts: {implicit: 0, pageLoad: 300000, script: 30000}, unhandledPromptBehavior: dismiss and notify, webauthn:extension:credBlob: true, webauthn:extension:largeBlob: true, webauthn:extension:minPinLength: true, webauthn:extension:prf: true, webauthn:virtualAuthenticators: true}
Element: [[ChromeDriver: chrome on windows (8429d80047e1934c9907c0be513fc5f8)] -> xpath: (//input[@type='radio' and @value='GLOBAL'])]
Session ID: 8429d80047e1934c9907c0be513fc5f8
org.openqa.selenium.ElementClickInterceptedException: element click intercepted: Element <input type="radio" class="mdc-radio__native-control" id="mat-radio-5-input" name="mat-radio-group-1" value="GLOBAL" tabindex="0"> is not clickable at point (360, 560). Other element would receive the click: <div class="cdk-overlay-backdrop cdk-overlay-transparent-backdrop cdk-overlay-backdrop-showing"></div>
  (Session info: chrome=135.0.7049.116)
Build info: version: '4.27.0', revision: 'd6e718d134'
System info: os.name: 'Windows 11', os.arch: 'amd64', os.version: '10.0', java.version: '21.0.3'
Driver info: org.openqa.selenium.chrome.ChromeDriver
Command: [8429d80047e1934c9907c0be513fc5f8, clickElement {id=f.3671E2C99902606B8094510EC308AFC2.d.91038DB5B95A91FFA8F64BF59C126806.e.50}]
Capabilities {acceptInsecureCerts: false, browserName: chrome, browserVersion: 135.0.7049.116, chrome: {chromedriverVersion: 135.0.7049.114 (63fd8a7d9d0..., userDataDir: C:\Users\INGRID~1.ZAD\AppDa...}, fedcm:accounts: true, goog:chromeOptions: {debuggerAddress: localhost:53121}, networkConnectionEnabled: false, pageLoadStrategy: normal, platformName: windows, proxy: Proxy(), se:cdp: ws://localhost:53121/devtoo..., se:cdpVersion: 135.0.7049.116, setWindowRect: true, strictFileInteractability: false, timeouts: {implicit: 0, pageLoad: 300000, script: 30000}, unhandledPromptBehavior: dismiss and notify, webauthn:extension:credBlob: true, webauthn:extension:largeBlob: true, webauthn:extension:minPinLength: true, webauthn:extension:prf: true, webauthn:virtualAuthenticators: true}
Element: [[ChromeDriver: chrome on windows (8429d80047e1934c9907c0be513fc5f8)] -> xpath: (//input[@type='radio' and @value='GLOBAL'])]
Session ID: 8429d80047e1934c9907c0be513fc5f8
	at java.base/jdk.internal.reflect.DirectConstructorHandleAccessor.newInstance(DirectConstructorHandleAccessor.java:62)
	at java.base/java.lang.reflect.Constructor.newInstanceWithCaller(Constructor.java:502)
	at java.base/java.lang.reflect.Constructor.newInstance(Constructor.java:486)
	at org.openqa.selenium.remote.ErrorCodec.decode(ErrorCodec.java:167)
	at org.openqa.selenium.remote.codec.w3c.W3CHttpResponseCodec.decode(W3CHttpResponseCodec.java:138)
	at org.openqa.selenium.remote.codec.w3c.W3CHttpResponseCodec.decode(W3CHttpResponseCodec.java:50)
	at org.openqa.selenium.remote.HttpCommandExecutor.execute(HttpCommandExecutor.java:190)
	at org.openqa.selenium.remote.service.DriverCommandExecutor.invokeExecute(DriverCommandExecutor.java:216)
	at org.openqa.selenium.remote.service.DriverCommandExecutor.execute(DriverCommandExecutor.java:174)
	at org.openqa.selenium.remote.RemoteWebDriver.execute(RemoteWebDriver.java:545)
	at org.openqa.selenium.remote.RemoteWebElement.execute(RemoteWebElement.java:223)
	at org.openqa.selenium.remote.RemoteWebElement.click(RemoteWebElement.java:76)
	at java.base/jdk.internal.reflect.DirectMethodHandleAccessor.invoke(DirectMethodHandleAccessor.java:103)
	at java.base/java.lang.reflect.Method.invoke(Method.java:580)
	at org.openqa.selenium.support.pagefactory.internal.LocatingElementHandler.invoke(LocatingElementHandler.java:51)
	at jdk.proxy2/jdk.proxy2.$Proxy14.click(Unknown Source)
	at lt.insoft.uztis.pages.ApplicationFormsPage.clickRadioButtonBudgetByCountry(ApplicationFormsPage.java:320)
	at lt.insoft.uztis.tests.ApplicationFormsPageTest.testCreateNewDvpApplication(ApplicationFormsPageTest.java:285)
	at java.base/jdk.internal.reflect.DirectMethodHandleAccessor.invoke(DirectMethodHandleAccessor.java:103)
	at java.base/java.lang.reflect.Method.invoke(Method.java:580)
	at org.junit.platform.commons.util.ReflectionUtils.invokeMethod(ReflectionUtils.java:728)
	at org.junit.jupiter.engine.execution.MethodInvocation.proceed(MethodInvocation.java:60)
	at org.junit.jupiter.engine.execution.InvocationInterceptorChain$ValidatingInvocation.proceed(InvocationInterceptorChain.java:131)
	at org.junit.jupiter.engine.extension.TimeoutExtension.intercept(TimeoutExtension.java:156)
	at org.junit.jupiter.engine.extension.TimeoutExtension.interceptTestableMethod(TimeoutExtension.java:147)
	at org.junit.jupiter.engine.extension.TimeoutExtension.interceptTestMethod(TimeoutExtension.java:86)
	at org.junit.jupiter.engine.execution.InterceptingExecutableInvoker$ReflectiveInterceptorCall.lambda$ofVoidMethod$0(InterceptingExecutableInvoker.java:103)
	at org.junit.jupiter.engine.execution.InterceptingExecutableInvoker.lambda$invoke$0(InterceptingExecutableInvoker.java:93)
	at org.junit.jupiter.engine.execution.InvocationInterceptorChain$InterceptedInvocation.proceed(InvocationInterceptorChain.java:106)
	at org.junit.jupiter.engine.execution.InvocationInterceptorChain.proceed(InvocationInterceptorChain.java:64)
	at org.junit.jupiter.engine.execution.InvocationInterceptorChain.chainAndInvoke(InvocationInterceptorChain.java:45)
	at org.junit.jupiter.engine.execution.InvocationInterceptorChain.invoke(InvocationInterceptorChain.java:37)
	at org.junit.jupiter.engine.execution.InterceptingExecutableInvoker.invoke(InterceptingExecutableInvoker.java:92)
	at org.junit.jupiter.engine.execution.InterceptingExecutableInvoker.invoke(InterceptingExecutableInvoker.java:86)
	at org.junit.jupiter.engine.descriptor.TestMethodTestDescriptor.lambda$invokeTestMethod$7(TestMethodTestDescriptor.java:218)
	at org.junit.platform.engine.support.hierarchical.ThrowableCollector.execute(ThrowableCollector.java:73)
	at org.junit.jupiter.engine.descriptor.TestMethodTestDescriptor.invokeTestMethod(TestMethodTestDescriptor.java:214)
	at org.junit.jupiter.engine.descriptor.TestMethodTestDescriptor.execute(TestMethodTestDescriptor.java:139)
	at org.junit.jupiter.engine.descriptor.TestMethodTestDescriptor.execute(TestMethodTestDescriptor.java:69)
	at org.junit.platform.engine.support.hierarchical.NodeTestTask.lambda$executeRecursively$6(NodeTestTask.java:151)
	at org.junit.platform.engine.support.hierarchical.ThrowableCollector.execute(ThrowableCollector.java:73)
	at org.junit.platform.engine.support.hierarchical.NodeTestTask.lambda$executeRecursively$8(NodeTestTask.java:141)
	at org.junit.platform.engine.support.hierarchical.Node.around(Node.java:137)
	at org.junit.platform.engine.support.hierarchical.NodeTestTask.lambda$executeRecursively$9(NodeTestTask.java:139)
	at org.junit.platform.engine.support.hierarchical.ThrowableCollector.execute(ThrowableCollector.java:73)
	at org.junit.platform.engine.support.hierarchical.NodeTestTask.executeRecursively(NodeTestTask.java:138)
	at org.junit.platform.engine.support.hierarchical.NodeTestTask.execute(NodeTestTask.java:95)
	at java.base/java.util.ArrayList.forEach(ArrayList.java:1596)
	at org.junit.platform.engine.support.hierarchical.SameThreadHierarchicalTestExecutorService.invokeAll(SameThreadHierarchicalTestExecutorService.java:41)
	at org.junit.platform.engine.support.hierarchical.NodeTestTask.lambda$executeRecursively$6(NodeTestTask.java:155)
	at org.junit.platform.engine.support.hierarchical.ThrowableCollector.execute(ThrowableCollector.java:73)
	at org.junit.platform.engine.support.hierarchical.NodeTestTask.lambda$executeRecursively$8(NodeTestTask.java:141)
	at org.junit.platform.engine.support.hierarchical.Node.around(Node.java:137)
	at org.junit.platform.engine.support.hierarchical.NodeTestTask.lambda$executeRecursively$9(NodeTestTask.java:139)
	at org.junit.platform.engine.support.hierarchical.ThrowableCollector.execute(ThrowableCollector.java:73)
	at org.junit.platform.engine.support.hierarchical.NodeTestTask.executeRecursively(NodeTestTask.java:138)
	at org.junit.platform.engine.support.hierarchical.NodeTestTask.execute(NodeTestTask.java:95)
	at java.base/java.util.ArrayList.forEach(ArrayList.java:1596)
	at org.junit.platform.engine.support.hierarchical.SameThreadHierarchicalTestExecutorService.invokeAll(SameThreadHierarchicalTestExecutorService.java:41)
	at org.junit.platform.engine.support.hierarchical.NodeTestTask.lambda$executeRecursively$6(NodeTestTask.java:155)
	at org.junit.platform.engine.support.hierarchical.ThrowableCollector.execute(ThrowableCollector.java:73)
	at org.junit.platform.engine.support.hierarchical.NodeTestTask.lambda$executeRecursively$8(NodeTestTask.java:141)
	at org.junit.platform.engine.support.hierarchical.Node.around(Node.java:137)
	at org.junit.platform.engine.support.hierarchical.NodeTestTask.lambda$executeRecursively$9(NodeTestTask.java:139)
	at org.junit.platform.engine.support.hierarchical.ThrowableCollector.execute(ThrowableCollector.java:73)
	at org.junit.platform.engine.support.hierarchical.NodeTestTask.executeRecursively(NodeTestTask.java:138)
	at org.junit.platform.engine.support.hierarchical.NodeTestTask.execute(NodeTestTask.java:95)
	at org.junit.platform.engine.support.hierarchical.SameThreadHierarchicalTestExecutorService.submit(SameThreadHierarchicalTestExecutorService.java:35)
	at org.junit.platform.engine.support.hierarchical.HierarchicalTestExecutor.execute(HierarchicalTestExecutor.java:57)
	at org.junit.platform.engine.support.hierarchical.HierarchicalTestEngine.execute(HierarchicalTestEngine.java:54)
	at org.junit.platform.launcher.core.EngineExecutionOrchestrator.execute(EngineExecutionOrchestrator.java:198)
	at org.junit.platform.launcher.core.EngineExecutionOrchestrator.execute(EngineExecutionOrchestrator.java:169)
	at org.junit.platform.launcher.core.EngineExecutionOrchestrator.execute(EngineExecutionOrchestrator.java:93)
	at org.junit.platform.launcher.core.EngineExecutionOrchestrator.lambda$execute$0(EngineExecutionOrchestrator.java:58)
	at org.junit.platform.launcher.core.EngineExecutionOrchestrator.withInterceptedStreams(EngineExecutionOrchestrator.java:141)
	at org.junit.platform.launcher.core.EngineExecutionOrchestrator.execute(EngineExecutionOrchestrator.java:57)
	at org.junit.platform.launcher.core.DefaultLauncher.execute(DefaultLauncher.java:103)
	at org.junit.platform.launcher.core.DefaultLauncher.execute(DefaultLauncher.java:85)
	at org.junit.platform.launcher.core.DelegatingLauncher.execute(DelegatingLauncher.java:47)
	at org.junit.platform.launcher.core.SessionPerRequestLauncher.execute(SessionPerRequestLauncher.java:63)
	at com.intellij.junit5.JUnit5IdeaTestRunner.startRunnerWithArgs(JUnit5IdeaTestRunner.java:57)
	at com.intellij.rt.junit.IdeaTestRunner$Repeater$1.execute(IdeaTestRunner.java:38)
	at com.intellij.rt.execution.junit.TestsRepeater.repeat(TestsRepeater.java:11)
	at com.intellij.rt.junit.IdeaTestRunner$Repeater.startRunnerWithArgs(IdeaTestRunner.java:35)
	at com.intellij.rt.junit.JUnitStarter.prepareStreamsAndStart(JUnitStarter.java:232)
	at com.intellij.rt.junit.JUnitStarter.main(JUnitStarter.java:55)
2025-05-08 14:36:07 [main] INFO  l.insoft.uztis.tests.utils.TestUtils - Screenshot moved to C:\Users\ingrida.zadorozniene\Desktop\Asm\UZTIS\UZTIS_tests\test-output\screenshots\20250508\143607704_testCreateNewDvpApplication().png
2025-05-08 14:36:25 [main] INFO  lt.insoft.uztis.tests.UztisPageTest - Navigated to https://uztisdev.asseco.lt/home
2025-05-08 14:36:25 [main] INFO  l.i.u.tests.ApplicationFormsPageTest - Setup complete. ApplicationFormsPage initialized.
2025-05-08 14:36:25 [main] INFO  l.i.u.tests.ApplicationFormsPageTest - Starting test:'testCreateNewDvpApplication'
2025-05-08 14:36:25 [main] DEBUG l.i.u.tests.ApplicationFormsPageTest - User logged in with test credentials
2025-05-08 14:36:26 [main] DEBUG l.i.u.tests.ApplicationFormsPageTest - Opened 'Application Processing' menu.
2025-05-08 14:36:26 [main] DEBUG l.i.u.tests.ApplicationFormsPageTest - Clicked on 'Application Forms' menu.
2025-05-08 14:36:26 [main] DEBUG l.i.u.tests.ApplicationFormsPageTest - Clicked to create a new application form.
2025-05-08 14:36:26 [main] DEBUG l.i.u.tests.ApplicationFormsPageTest - Entered random application code: TST-DVP-72
2025-05-08 14:36:27 [main] DEBUG l.i.u.tests.ApplicationFormsPageTest - Selected 'Municipality' radio button.
2025-05-08 14:36:27 [main] INFO  l.i.uztis.pages.ApplicationFormsPage - Located the dropdown button.
2025-05-08 14:36:27 [main] INFO  l.i.uztis.pages.ApplicationFormsPage - Successfully selected the value: 'Kauno departamentas'
2025-05-08 14:36:37 [main] ERROR l.i.uztis.pages.ApplicationFormsPage - Failed to close the dropdown with aria-expanded = 'false'.
2025-05-08 14:36:37 [main] DEBUG l.i.u.tests.ApplicationFormsPageTest - Selected a value from the 'Municipality' dropdown: 'Kauno departamentas'
2025-05-08 14:36:37 [main] DEBUG l.i.u.tests.ApplicationFormsPageTest - Selected 'Budget By Country' radio button.
2025-05-08 14:36:38 [main] DEBUG l.i.u.tests.ApplicationFormsPageTest - Selected 'Financed Without Queue' option.
2025-05-08 14:36:38 [main] INFO  l.i.uztis.pages.ApplicationFormsPage - Located the dropdown button.
2025-05-08 14:36:38 [main] INFO  l.i.uztis.pages.ApplicationFormsPage - Successfully selected the value: 'DVP atitiktis URP'
2025-05-08 14:36:49 [main] ERROR l.i.uztis.pages.ApplicationFormsPage - Failed to close the dropdown with aria-expanded = 'false'.
2025-05-08 14:36:49 [main] DEBUG l.i.u.tests.ApplicationFormsPageTest - Selected a value from the 'EvaluationOne' dropdown: 'DVP atitiktis URP'
2025-05-08 14:36:49 [main] DEBUG l.i.u.tests.ApplicationFormsPageTest - Clicked 'Plus' button.
2025-05-08 14:36:49 [main] DEBUG l.i.u.tests.ApplicationFormsPageTest - Clicked 'Add' button seven times.
2025-05-08 14:36:49 [main] INFO  l.i.uztis.pages.ApplicationFormsPage - Processing dropdown index: 0
2025-05-08 14:37:00 [main] ERROR l.i.uztis.pages.ApplicationFormsPage - Timeout while waiting for dropdown to close at index: 0 with aria-expanded = 'false'
2025-05-08 14:37:00 [main] INFO  l.i.uztis.pages.ApplicationFormsPage - Processing dropdown index: 1
2025-05-08 14:37:11 [main] ERROR l.i.uztis.pages.ApplicationFormsPage - Timeout while waiting for dropdown to close at index: 1 with aria-expanded = 'false'
2025-05-08 14:37:11 [main] INFO  l.i.uztis.pages.ApplicationFormsPage - Processing dropdown index: 2
2025-05-08 14:37:21 [main] ERROR l.i.uztis.pages.ApplicationFormsPage - Timeout while waiting for dropdown to close at index: 2 with aria-expanded = 'false'
2025-05-08 14:37:21 [main] INFO  l.i.uztis.pages.ApplicationFormsPage - Processing dropdown index: 3
2025-05-08 14:37:32 [main] ERROR l.i.uztis.pages.ApplicationFormsPage - Timeout while waiting for dropdown to close at index: 3 with aria-expanded = 'false'
2025-05-08 14:37:32 [main] INFO  l.i.uztis.pages.ApplicationFormsPage - Processing dropdown index: 4
2025-05-08 14:37:44 [main] ERROR l.i.uztis.pages.ApplicationFormsPage - Timeout while waiting for dropdown to close at index: 4 with aria-expanded = 'false'
2025-05-08 14:37:44 [main] INFO  l.i.uztis.pages.ApplicationFormsPage - Processing dropdown index: 5
2025-05-08 14:37:54 [main] ERROR l.i.uztis.pages.ApplicationFormsPage - Timeout while waiting for dropdown to close at index: 5 with aria-expanded = 'false'
2025-05-08 14:37:54 [main] INFO  l.i.uztis.pages.ApplicationFormsPage - Processing dropdown index: 6
2025-05-08 14:38:05 [main] ERROR l.i.uztis.pages.ApplicationFormsPage - Timeout while waiting for dropdown to close at index: 6 with aria-expanded = 'false'
2025-05-08 14:38:05 [main] INFO  l.i.uztis.pages.ApplicationFormsPage - Processing dropdown index: 7
2025-05-08 14:38:16 [main] ERROR l.i.uztis.pages.ApplicationFormsPage - Timeout while waiting for dropdown to close at index: 7 with aria-expanded = 'false'
2025-05-08 14:38:16 [main] INFO  l.i.uztis.pages.ApplicationFormsPage - Processing input field index: 0
2025-05-08 14:38:16 [main] INFO  l.i.uztis.pages.ApplicationFormsPage - Entered value '50' into field index: 0
2025-05-08 14:38:16 [main] INFO  l.i.uztis.pages.ApplicationFormsPage - Processing input field index: 1
2025-05-08 14:38:16 [main] INFO  l.i.uztis.pages.ApplicationFormsPage - Entered value '924' into field index: 1
2025-05-08 14:38:16 [main] INFO  l.i.uztis.pages.ApplicationFormsPage - Processing input field index: 2
2025-05-08 14:38:16 [main] INFO  l.i.uztis.pages.ApplicationFormsPage - Entered value '31' into field index: 2
2025-05-08 14:38:16 [main] INFO  l.i.uztis.pages.ApplicationFormsPage - Processing input field index: 3
2025-05-08 14:38:17 [main] INFO  l.i.uztis.pages.ApplicationFormsPage - Entered value '4.7' into field index: 3
2025-05-08 14:38:17 [main] INFO  l.i.uztis.pages.ApplicationFormsPage - Processing input field index: 4
2025-05-08 14:38:17 [main] INFO  l.i.uztis.pages.ApplicationFormsPage - Entered value '35' into field index: 4
2025-05-08 14:38:17 [main] INFO  l.i.uztis.pages.ApplicationFormsPage - Processing input field index: 5
2025-05-08 14:38:17 [main] INFO  l.i.uztis.pages.ApplicationFormsPage - Entered value '20' into field index: 5
2025-05-08 14:38:17 [main] INFO  l.i.uztis.pages.ApplicationFormsPage - Processing input field index: 6
2025-05-08 14:38:17 [main] INFO  l.i.uztis.pages.ApplicationFormsPage - Entered value '30' into field index: 6
2025-05-08 14:38:17 [main] INFO  l.i.uztis.pages.ApplicationFormsPage - Processing input field index: 7
2025-05-08 14:38:17 [main] INFO  l.i.uztis.pages.ApplicationFormsPage - Entered value '60' into field index: 7
2025-05-08 14:38:17 [main] DEBUG l.i.u.tests.ApplicationFormsPageTest - Entered additional values and text.
2025-05-08 14:38:17 [main] DEBUG l.i.u.tests.ApplicationFormsPageTest - Entered application name: DVP paraiška
2025-05-08 14:38:17 [main] INFO  l.i.u.tests.ApplicationFormsPageTest - Test 'testCreateNewDvpApplication' completed successfully.
2025-05-08 14:40:17 [main] INFO  lt.insoft.uztis.tests.UztisPageTest - Navigated to https://uztisdev.asseco.lt/home
2025-05-08 14:40:17 [main] INFO  l.i.u.tests.ApplicationFormsPageTest - Setup complete. ApplicationFormsPage initialized.
2025-05-08 14:40:17 [main] INFO  l.i.u.tests.ApplicationFormsPageTest - Starting test:'testAddContractDVP'
2025-05-08 14:40:17 [main] DEBUG l.i.u.tests.ApplicationFormsPageTest - User logged in with test credentials
2025-05-08 14:40:18 [main] DEBUG l.i.u.tests.ApplicationFormsPageTest - Opened 'Application Processing' menu.
2025-05-08 14:40:18 [main] DEBUG l.i.u.tests.ApplicationFormsPageTest - Clicked on 'Application Forms' menu.
2025-05-08 14:40:19 [main] DEBUG l.i.u.tests.ApplicationFormsPageTest - Selected the last application description.
2025-05-08 14:40:19 [main] DEBUG l.i.u.tests.ApplicationFormsPageTest - Clicked 'Project Progress' tab.
2025-05-08 14:40:19 [main] DEBUG l.i.u.tests.ApplicationFormsPageTest - Clicked the 'Edit' button.
2025-05-08 14:40:19 [main] INFO  l.i.uztis.pages.ApplicationFormsPage - Located the dropdown button.
2025-05-08 14:40:22 [main] INFO  l.i.uztis.pages.ApplicationFormsPage - Successfully selected the value: 'Darbo vietų pritaikymo ir finansavimo sutartis'
2025-05-08 14:40:32 [main] ERROR l.i.uztis.pages.ApplicationFormsPage - Failed to close the dropdown with aria-expanded = 'false'.
2025-05-08 14:40:32 [main] DEBUG l.i.u.tests.ApplicationFormsPageTest - Selected a value from the 'Document' dropdown: 'Darbo vietų pritaikymo ir finansavimo sutartis'
2025-05-08 14:40:32 [main] DEBUG l.i.u.tests.ApplicationFormsPageTest - Clicked the 'Save' button.
2025-05-08 14:40:32 [main] ERROR l.i.uztis.pages.ApplicationFormsPage - Failed to verify the success message: 'Funkcija sėkmingai atlikta.'. Available messages: [Duomenys sėkmingai išsaugoti.]
2025-05-08 14:40:32 [main] INFO  l.i.u.tests.ApplicationFormsPageTest - Verified success message
2025-05-08 14:40:32 [main] INFO  l.i.u.tests.ApplicationFormsPageTest - Test 'testAddContractDVP' completed successfully.
2025-05-08 14:41:07 [main] INFO  lt.insoft.uztis.tests.UztisPageTest - Navigated to https://uztisdev.asseco.lt/home
2025-05-08 14:41:07 [main] INFO  l.i.uztis.tests.InvitationsPageTest - Starting test:'testCreateNewDvpInvitation'
2025-05-08 14:41:08 [main] DEBUG l.i.uztis.tests.InvitationsPageTest - User logged in with test credentials
2025-05-08 14:41:08 [main] DEBUG l.i.uztis.tests.InvitationsPageTest - Opened 'Application Processing' menu.
2025-05-08 14:41:08 [main] DEBUG l.i.uztis.tests.InvitationsPageTest - Clicked on 'Application Forms' menu.
2025-05-08 14:41:08 [main] DEBUG l.i.uztis.tests.InvitationsPageTest - Navigating to application forms menu.
2025-05-08 14:41:09 [main] DEBUG l.i.uztis.tests.InvitationsPageTest - Retrieved last description code text: 'TST-DVP-72'.
2025-05-08 14:41:09 [main] DEBUG l.i.uztis.tests.InvitationsPageTest - Clicked on 'Invitation' menu.
2025-05-08 14:41:09 [main] DEBUG l.i.uztis.tests.InvitationsPageTest - Clicked 'Create New Application Form'.
2025-05-08 14:41:11 [main] DEBUG l.i.uztis.tests.InvitationsPageTest - Selected section by code: 'TST-DVP-72'.
2025-05-08 14:41:11 [main] INFO  l.insoft.uztis.pages.InvitationsPage - Located the dropdown button.
2025-05-08 14:41:22 [main] ERROR l.insoft.uztis.pages.InvitationsPage - Timeout while waiting for dropdown to close with aria-expanded = 'false'.
2025-05-08 14:41:22 [main] DEBUG l.i.uztis.tests.InvitationsPageTest - Selected invitation number from the list.
2025-05-08 14:41:22 [main] DEBUG l.i.uztis.tests.InvitationsPageTest - Entered current date.
2025-05-08 14:41:23 [main] DEBUG l.i.uztis.tests.InvitationsPageTest - Entered start time: 00:00.
2025-05-08 14:41:23 [main] DEBUG l.i.uztis.tests.InvitationsPageTest - Entered end date.
2025-05-08 14:41:23 [main] DEBUG l.i.uztis.tests.InvitationsPageTest - Entered end time: 11:11.
2025-05-08 14:41:24 [main] DEBUG l.i.uztis.tests.InvitationsPageTest - Entered publication end date.
2025-05-08 14:41:24 [main] DEBUG l.i.uztis.tests.InvitationsPageTest - Added additional values.
2025-05-08 14:41:24 [main] INFO  l.insoft.uztis.pages.InvitationsPage - Located the dropdown button.
2025-05-08 14:41:25 [main] DEBUG l.i.uztis.tests.InvitationsPageTest - Selected the value: 'Didžiausia galima paramos suma aplinkos darbo vietai, Eur'
2025-05-08 14:41:25 [main] INFO  l.insoft.uztis.pages.InvitationsPage - Located the dropdown button.
2025-05-08 14:41:25 [main] DEBUG l.i.uztis.tests.InvitationsPageTest - Selected the value: 'Didžiausia galima paramos suma, Eur'
2025-05-08 14:41:25 [main] INFO  l.insoft.uztis.pages.InvitationsPage - Located the dropdown button.
2025-05-08 14:41:26 [main] DEBUG l.i.uztis.tests.InvitationsPageTest - Selected the value: 'Didžiausia galima paramos suma vienai darbo vietai, Eur'
2025-05-08 14:41:26 [main] DEBUG l.i.uztis.tests.InvitationsPageTest - Entered value: 11000
2025-05-08 14:41:26 [main] DEBUG l.i.uztis.tests.InvitationsPageTest - Entered value: 12000
2025-05-08 14:41:26 [main] DEBUG l.i.uztis.tests.InvitationsPageTest - Entered value: 13000
2025-05-08 14:41:26 [main] DEBUG l.i.uztis.tests.InvitationsPageTest - Checked 'Legal Entities' checkbox.
2025-05-08 14:41:27 [main] DEBUG l.i.uztis.tests.InvitationsPageTest - Checked 'Legal Entities' checkbox.
2025-05-08 14:41:27 [main] DEBUG l.i.uztis.tests.InvitationsPageTest - Unchecked 'Persons Registered with Employment Service' checkbox.
2025-05-08 14:41:27 [main] DEBUG l.i.uztis.tests.InvitationsPageTest - Checked 'Persons Registered as Employers' checkbox.
2025-05-08 14:41:27 [main] DEBUG l.i.uztis.tests.InvitationsPageTest - Entered budget: '2000'.
2025-05-08 14:41:27 [main] DEBUG l.i.uztis.tests.InvitationsPageTest - Entered description text: 'Aprašo tekstas'.
2025-05-08 14:41:27 [main] DEBUG l.i.uztis.tests.InvitationsPageTest - Entered applicants text: 'Pareiškėjų tekstas'.
2025-05-08 14:41:27 [main] DEBUG l.i.uztis.tests.InvitationsPageTest - Entered expenditures text: 'Išlaidų tekstas'.
2025-05-08 14:41:27 [main] DEBUG l.i.uztis.tests.InvitationsPageTest - Entered legislation text: 'Teisės aktų tekstas'.
2025-05-08 14:41:28 [main] DEBUG l.i.uztis.tests.InvitationsPageTest - Entered education text: 'Mokymų tekstas'.
2025-05-08 14:41:28 [main] DEBUG l.i.uztis.tests.InvitationsPageTest - File uploaded.
2025-05-08 14:41:28 [main] DEBUG l.i.uztis.tests.InvitationsPageTest - Clicked 'Publish'.
2025-05-08 14:41:28 [main] DEBUG l.i.uztis.tests.InvitationsPageTest - Publication confirmed.
2025-05-08 14:41:29 [main] DEBUG l.i.uztis.pages.ApplicationFormsPage - Verified success message: 'Funkcija sėkmingai atlikta.'
2025-05-08 14:41:29 [main] INFO  l.i.uztis.tests.InvitationsPageTest - Verified success message
2025-05-08 14:41:29 [main] INFO  l.i.uztis.tests.InvitationsPageTest - Test 'testCreateNewDvpInvitation' completed successfully.
2025-05-13 10:23:11 [main] INFO  lt.insoft.uztis.tests.UztisPageTest - Navigated to https://uztisdev.asseco.lt/home
2025-05-13 10:23:11 [main] INFO  l.i.u.tests.ApplicationFormsPageTest - Setup complete. ApplicationFormsPage initialized.
2025-05-13 10:23:11 [main] INFO  l.i.u.tests.ApplicationFormsPageTest - Starting test:'testCreateNewDvpApplication'
2025-05-13 10:23:11 [main] DEBUG l.i.u.tests.ApplicationFormsPageTest - User logged in with test credentials
2025-05-13 10:23:20 [main] ERROR l.i.u.tests.ApplicationFormsPageTest - Test 'testCreateNewDvpApplication' failed with error: invalid session id: session deleted as the browser has closed the connection
from disconnected: unable to send message to renderer
  (Session info: chrome=136.0.7103.93)
Build info: version: '4.27.0', revision: 'd6e718d134'
System info: os.name: 'Windows 11', os.arch: 'amd64', os.version: '10.0', java.version: '21.0.3'
Driver info: org.openqa.selenium.chrome.ChromeDriver
Command: [a03122f3901e01f239015f2acfb9788e, findElement {using=xpath, value=//span[text()='Daugiau']}]
Capabilities {acceptInsecureCerts: false, browserName: chrome, browserVersion: 136.0.7103.93, chrome: {chromedriverVersion: 136.0.7103.92 (cb81a4cc5087..., userDataDir: C:\Users\INGRID~1.ZAD\AppDa...}, fedcm:accounts: true, goog:chromeOptions: {debuggerAddress: localhost:55686}, networkConnectionEnabled: false, pageLoadStrategy: normal, platformName: windows, proxy: Proxy(), se:cdp: ws://localhost:55686/devtoo..., se:cdpVersion: 136.0.7103.93, setWindowRect: true, strictFileInteractability: false, timeouts: {implicit: 0, pageLoad: 300000, script: 30000}, unhandledPromptBehavior: dismiss and notify, webauthn:extension:credBlob: true, webauthn:extension:largeBlob: true, webauthn:extension:minPinLength: true, webauthn:extension:prf: true, webauthn:virtualAuthenticators: true}
Session ID: a03122f3901e01f239015f2acfb9788e
org.openqa.selenium.NoSuchSessionException: invalid session id: session deleted as the browser has closed the connection
from disconnected: unable to send message to renderer
  (Session info: chrome=136.0.7103.93)
Build info: version: '4.27.0', revision: 'd6e718d134'
System info: os.name: 'Windows 11', os.arch: 'amd64', os.version: '10.0', java.version: '21.0.3'
Driver info: org.openqa.selenium.chrome.ChromeDriver
Command: [a03122f3901e01f239015f2acfb9788e, findElement {using=xpath, value=//span[text()='Daugiau']}]
Capabilities {acceptInsecureCerts: false, browserName: chrome, browserVersion: 136.0.7103.93, chrome: {chromedriverVersion: 136.0.7103.92 (cb81a4cc5087..., userDataDir: C:\Users\INGRID~1.ZAD\AppDa...}, fedcm:accounts: true, goog:chromeOptions: {debuggerAddress: localhost:55686}, networkConnectionEnabled: false, pageLoadStrategy: normal, platformName: windows, proxy: Proxy(), se:cdp: ws://localhost:55686/devtoo..., se:cdpVersion: 136.0.7103.93, setWindowRect: true, strictFileInteractability: false, timeouts: {implicit: 0, pageLoad: 300000, script: 30000}, unhandledPromptBehavior: dismiss and notify, webauthn:extension:credBlob: true, webauthn:extension:largeBlob: true, webauthn:extension:minPinLength: true, webauthn:extension:prf: true, webauthn:virtualAuthenticators: true}
Session ID: a03122f3901e01f239015f2acfb9788e
	at java.base/jdk.internal.reflect.DirectConstructorHandleAccessor.newInstance(DirectConstructorHandleAccessor.java:62)
	at java.base/java.lang.reflect.Constructor.newInstanceWithCaller(Constructor.java:502)
	at java.base/java.lang.reflect.Constructor.newInstance(Constructor.java:486)
	at org.openqa.selenium.remote.ErrorCodec.decode(ErrorCodec.java:167)
	at org.openqa.selenium.remote.codec.w3c.W3CHttpResponseCodec.decode(W3CHttpResponseCodec.java:138)
	at org.openqa.selenium.remote.codec.w3c.W3CHttpResponseCodec.decode(W3CHttpResponseCodec.java:50)
	at org.openqa.selenium.remote.HttpCommandExecutor.execute(HttpCommandExecutor.java:190)
	at org.openqa.selenium.remote.service.DriverCommandExecutor.invokeExecute(DriverCommandExecutor.java:216)
	at org.openqa.selenium.remote.service.DriverCommandExecutor.execute(DriverCommandExecutor.java:174)
	at org.openqa.selenium.remote.RemoteWebDriver.execute(RemoteWebDriver.java:545)
	at org.openqa.selenium.remote.ElementLocation$ElementFinder$2.findElement(ElementLocation.java:165)
	at org.openqa.selenium.remote.ElementLocation.findElement(ElementLocation.java:59)
	at org.openqa.selenium.remote.RemoteWebDriver.findElement(RemoteWebDriver.java:368)
	at org.openqa.selenium.remote.RemoteWebDriver.findElement(RemoteWebDriver.java:362)
	at org.openqa.selenium.support.pagefactory.DefaultElementLocator.findElement(DefaultElementLocator.java:68)
	at org.openqa.selenium.support.pagefactory.internal.LocatingElementHandler.invoke(LocatingElementHandler.java:38)
	at jdk.proxy2/jdk.proxy2.$Proxy14.click(Unknown Source)
	at lt.insoft.uztis.pages.ApplicationFormsPage.clickMenuMore(ApplicationFormsPage.java:234)
	at lt.insoft.uztis.tests.ApplicationFormsPageTest.navigateToApplicationFormsMenu(ApplicationFormsPageTest.java:21)
	at lt.insoft.uztis.tests.ApplicationFormsPageTest.testCreateNewDvpApplication(ApplicationFormsPageTest.java:268)
	at java.base/jdk.internal.reflect.DirectMethodHandleAccessor.invoke(DirectMethodHandleAccessor.java:103)
	at java.base/java.lang.reflect.Method.invoke(Method.java:580)
	at org.junit.platform.commons.util.ReflectionUtils.invokeMethod(ReflectionUtils.java:728)
	at org.junit.jupiter.engine.execution.MethodInvocation.proceed(MethodInvocation.java:60)
	at org.junit.jupiter.engine.execution.InvocationInterceptorChain$ValidatingInvocation.proceed(InvocationInterceptorChain.java:131)
	at org.junit.jupiter.engine.extension.TimeoutExtension.intercept(TimeoutExtension.java:156)
	at org.junit.jupiter.engine.extension.TimeoutExtension.interceptTestableMethod(TimeoutExtension.java:147)
	at org.junit.jupiter.engine.extension.TimeoutExtension.interceptTestMethod(TimeoutExtension.java:86)
	at org.junit.jupiter.engine.execution.InterceptingExecutableInvoker$ReflectiveInterceptorCall.lambda$ofVoidMethod$0(InterceptingExecutableInvoker.java:103)
	at org.junit.jupiter.engine.execution.InterceptingExecutableInvoker.lambda$invoke$0(InterceptingExecutableInvoker.java:93)
	at org.junit.jupiter.engine.execution.InvocationInterceptorChain$InterceptedInvocation.proceed(InvocationInterceptorChain.java:106)
	at org.junit.jupiter.engine.execution.InvocationInterceptorChain.proceed(InvocationInterceptorChain.java:64)
	at org.junit.jupiter.engine.execution.InvocationInterceptorChain.chainAndInvoke(InvocationInterceptorChain.java:45)
	at org.junit.jupiter.engine.execution.InvocationInterceptorChain.invoke(InvocationInterceptorChain.java:37)
	at org.junit.jupiter.engine.execution.InterceptingExecutableInvoker.invoke(InterceptingExecutableInvoker.java:92)
	at org.junit.jupiter.engine.execution.InterceptingExecutableInvoker.invoke(InterceptingExecutableInvoker.java:86)
	at org.junit.jupiter.engine.descriptor.TestMethodTestDescriptor.lambda$invokeTestMethod$7(TestMethodTestDescriptor.java:218)
	at org.junit.platform.engine.support.hierarchical.ThrowableCollector.execute(ThrowableCollector.java:73)
	at org.junit.jupiter.engine.descriptor.TestMethodTestDescriptor.invokeTestMethod(TestMethodTestDescriptor.java:214)
	at org.junit.jupiter.engine.descriptor.TestMethodTestDescriptor.execute(TestMethodTestDescriptor.java:139)
	at org.junit.jupiter.engine.descriptor.TestMethodTestDescriptor.execute(TestMethodTestDescriptor.java:69)
	at org.junit.platform.engine.support.hierarchical.NodeTestTask.lambda$executeRecursively$6(NodeTestTask.java:151)
	at org.junit.platform.engine.support.hierarchical.ThrowableCollector.execute(ThrowableCollector.java:73)
	at org.junit.platform.engine.support.hierarchical.NodeTestTask.lambda$executeRecursively$8(NodeTestTask.java:141)
	at org.junit.platform.engine.support.hierarchical.Node.around(Node.java:137)
	at org.junit.platform.engine.support.hierarchical.NodeTestTask.lambda$executeRecursively$9(NodeTestTask.java:139)
	at org.junit.platform.engine.support.hierarchical.ThrowableCollector.execute(ThrowableCollector.java:73)
	at org.junit.platform.engine.support.hierarchical.NodeTestTask.executeRecursively(NodeTestTask.java:138)
	at org.junit.platform.engine.support.hierarchical.NodeTestTask.execute(NodeTestTask.java:95)
	at java.base/java.util.ArrayList.forEach(ArrayList.java:1596)
	at org.junit.platform.engine.support.hierarchical.SameThreadHierarchicalTestExecutorService.invokeAll(SameThreadHierarchicalTestExecutorService.java:41)
	at org.junit.platform.engine.support.hierarchical.NodeTestTask.lambda$executeRecursively$6(NodeTestTask.java:155)
	at org.junit.platform.engine.support.hierarchical.ThrowableCollector.execute(ThrowableCollector.java:73)
	at org.junit.platform.engine.support.hierarchical.NodeTestTask.lambda$executeRecursively$8(NodeTestTask.java:141)
	at org.junit.platform.engine.support.hierarchical.Node.around(Node.java:137)
	at org.junit.platform.engine.support.hierarchical.NodeTestTask.lambda$executeRecursively$9(NodeTestTask.java:139)
	at org.junit.platform.engine.support.hierarchical.ThrowableCollector.execute(ThrowableCollector.java:73)
	at org.junit.platform.engine.support.hierarchical.NodeTestTask.executeRecursively(NodeTestTask.java:138)
	at org.junit.platform.engine.support.hierarchical.NodeTestTask.execute(NodeTestTask.java:95)
	at java.base/java.util.ArrayList.forEach(ArrayList.java:1596)
	at org.junit.platform.engine.support.hierarchical.SameThreadHierarchicalTestExecutorService.invokeAll(SameThreadHierarchicalTestExecutorService.java:41)
	at org.junit.platform.engine.support.hierarchical.NodeTestTask.lambda$executeRecursively$6(NodeTestTask.java:155)
	at org.junit.platform.engine.support.hierarchical.ThrowableCollector.execute(ThrowableCollector.java:73)
	at org.junit.platform.engine.support.hierarchical.NodeTestTask.lambda$executeRecursively$8(NodeTestTask.java:141)
	at org.junit.platform.engine.support.hierarchical.Node.around(Node.java:137)
	at org.junit.platform.engine.support.hierarchical.NodeTestTask.lambda$executeRecursively$9(NodeTestTask.java:139)
	at org.junit.platform.engine.support.hierarchical.ThrowableCollector.execute(ThrowableCollector.java:73)
	at org.junit.platform.engine.support.hierarchical.NodeTestTask.executeRecursively(NodeTestTask.java:138)
	at org.junit.platform.engine.support.hierarchical.NodeTestTask.execute(NodeTestTask.java:95)
	at org.junit.platform.engine.support.hierarchical.SameThreadHierarchicalTestExecutorService.submit(SameThreadHierarchicalTestExecutorService.java:35)
	at org.junit.platform.engine.support.hierarchical.HierarchicalTestExecutor.execute(HierarchicalTestExecutor.java:57)
	at org.junit.platform.engine.support.hierarchical.HierarchicalTestEngine.execute(HierarchicalTestEngine.java:54)
	at org.junit.platform.launcher.core.EngineExecutionOrchestrator.execute(EngineExecutionOrchestrator.java:198)
	at org.junit.platform.launcher.core.EngineExecutionOrchestrator.execute(EngineExecutionOrchestrator.java:169)
	at org.junit.platform.launcher.core.EngineExecutionOrchestrator.execute(EngineExecutionOrchestrator.java:93)
	at org.junit.platform.launcher.core.EngineExecutionOrchestrator.lambda$execute$0(EngineExecutionOrchestrator.java:58)
	at org.junit.platform.launcher.core.EngineExecutionOrchestrator.withInterceptedStreams(EngineExecutionOrchestrator.java:141)
	at org.junit.platform.launcher.core.EngineExecutionOrchestrator.execute(EngineExecutionOrchestrator.java:57)
	at org.junit.platform.launcher.core.DefaultLauncher.execute(DefaultLauncher.java:103)
	at org.junit.platform.launcher.core.DefaultLauncher.execute(DefaultLauncher.java:85)
	at org.junit.platform.launcher.core.DelegatingLauncher.execute(DelegatingLauncher.java:47)
	at org.junit.platform.launcher.core.SessionPerRequestLauncher.execute(SessionPerRequestLauncher.java:63)
	at com.intellij.junit5.JUnit5IdeaTestRunner.startRunnerWithArgs(JUnit5IdeaTestRunner.java:57)
	at com.intellij.rt.junit.IdeaTestRunner$Repeater$1.execute(IdeaTestRunner.java:38)
	at com.intellij.rt.execution.junit.TestsRepeater.repeat(TestsRepeater.java:11)
	at com.intellij.rt.junit.IdeaTestRunner$Repeater.startRunnerWithArgs(IdeaTestRunner.java:35)
	at com.intellij.rt.junit.JUnitStarter.prepareStreamsAndStart(JUnitStarter.java:232)
	at com.intellij.rt.junit.JUnitStarter.main(JUnitStarter.java:55)
2025-05-13 10:23:29 [main] INFO  lt.insoft.uztis.tests.UztisPageTest - Navigated to https://uztisdev.asseco.lt/home
2025-05-13 10:23:29 [main] INFO  l.i.u.tests.ApplicationFormsPageTest - Setup complete. ApplicationFormsPage initialized.
2025-05-13 10:23:29 [main] INFO  l.i.u.tests.ApplicationFormsPageTest - Starting test:'testCreateNewDvpApplication'
2025-05-13 10:23:29 [main] DEBUG l.i.u.tests.ApplicationFormsPageTest - User logged in with test credentials
2025-05-13 10:23:30 [main] DEBUG l.i.u.tests.ApplicationFormsPageTest - Opened 'Application Processing' menu.
2025-05-13 10:23:30 [main] DEBUG l.i.u.tests.ApplicationFormsPageTest - Clicked on 'Application Forms' menu.
2025-05-13 10:23:30 [main] DEBUG l.i.u.tests.ApplicationFormsPageTest - Clicked to create a new application form.
2025-05-13 10:23:30 [main] DEBUG l.i.u.tests.ApplicationFormsPageTest - Entered random application code: TST-DVP-56
2025-05-13 10:23:31 [main] DEBUG l.i.u.tests.ApplicationFormsPageTest - Selected 'Municipality' radio button.
2025-05-13 10:23:31 [main] INFO  l.i.uztis.pages.ApplicationFormsPage - Located the dropdown button.
2025-05-13 10:23:31 [main] INFO  l.i.uztis.pages.ApplicationFormsPage - Successfully selected the value: 'Kauno departamentas'
2025-05-13 10:23:41 [main] ERROR l.i.uztis.pages.ApplicationFormsPage - Failed to close the dropdown with aria-expanded = 'false'.
2025-05-13 10:23:41 [main] DEBUG l.i.u.tests.ApplicationFormsPageTest - Selected a value from the 'Municipality' dropdown: 'Kauno departamentas'
2025-05-13 10:23:42 [main] DEBUG l.i.u.tests.ApplicationFormsPageTest - Selected 'Budget By Country' radio button.
2025-05-13 10:23:42 [main] DEBUG l.i.u.tests.ApplicationFormsPageTest - Selected 'Financed Without Queue' option.
2025-05-13 10:23:42 [main] INFO  l.i.uztis.pages.ApplicationFormsPage - Located the dropdown button.
2025-05-13 10:23:43 [main] INFO  l.i.uztis.pages.ApplicationFormsPage - Successfully selected the value: 'DVP atitiktis URP'
2025-05-13 10:23:53 [main] ERROR l.i.uztis.pages.ApplicationFormsPage - Failed to close the dropdown with aria-expanded = 'false'.
2025-05-13 10:23:53 [main] DEBUG l.i.u.tests.ApplicationFormsPageTest - Selected a value from the 'EvaluationOne' dropdown: 'DVP atitiktis URP'
2025-05-13 10:23:53 [main] DEBUG l.i.u.tests.ApplicationFormsPageTest - Clicked 'Plus' button.
2025-05-13 10:23:54 [main] DEBUG l.i.u.tests.ApplicationFormsPageTest - Clicked 'Add' button seven times.
2025-05-13 10:23:54 [main] INFO  l.i.uztis.pages.ApplicationFormsPage - Processing dropdown index: 0
2025-05-13 10:24:04 [main] ERROR l.i.uztis.pages.ApplicationFormsPage - Timeout while waiting for dropdown to close at index: 0 with aria-expanded = 'false'
2025-05-13 10:24:04 [main] INFO  l.i.uztis.pages.ApplicationFormsPage - Processing dropdown index: 1
2025-05-13 10:24:15 [main] ERROR l.i.uztis.pages.ApplicationFormsPage - Timeout while waiting for dropdown to close at index: 1 with aria-expanded = 'false'
2025-05-13 10:24:15 [main] INFO  l.i.uztis.pages.ApplicationFormsPage - Processing dropdown index: 2
2025-05-13 10:24:25 [main] ERROR l.i.uztis.pages.ApplicationFormsPage - Timeout while waiting for dropdown to close at index: 2 with aria-expanded = 'false'
2025-05-13 10:24:25 [main] INFO  l.i.uztis.pages.ApplicationFormsPage - Processing dropdown index: 3
2025-05-13 10:24:35 [main] ERROR l.i.uztis.pages.ApplicationFormsPage - Timeout while waiting for dropdown to close at index: 3 with aria-expanded = 'false'
2025-05-13 10:24:35 [main] INFO  l.i.uztis.pages.ApplicationFormsPage - Processing dropdown index: 4
2025-05-13 10:24:46 [main] ERROR l.i.uztis.pages.ApplicationFormsPage - Timeout while waiting for dropdown to close at index: 4 with aria-expanded = 'false'
2025-05-13 10:24:46 [main] INFO  l.i.uztis.pages.ApplicationFormsPage - Processing dropdown index: 5
2025-05-13 10:24:56 [main] ERROR l.i.uztis.pages.ApplicationFormsPage - Timeout while waiting for dropdown to close at index: 5 with aria-expanded = 'false'
2025-05-13 10:24:56 [main] INFO  l.i.uztis.pages.ApplicationFormsPage - Processing dropdown index: 6
2025-05-13 10:25:06 [main] ERROR l.i.uztis.pages.ApplicationFormsPage - Timeout while waiting for dropdown to close at index: 6 with aria-expanded = 'false'
2025-05-13 10:25:06 [main] INFO  l.i.uztis.pages.ApplicationFormsPage - Processing dropdown index: 7
2025-05-13 10:25:17 [main] ERROR l.i.uztis.pages.ApplicationFormsPage - Timeout while waiting for dropdown to close at index: 7 with aria-expanded = 'false'
2025-05-13 10:25:17 [main] INFO  l.i.uztis.pages.ApplicationFormsPage - Processing input field index: 0
2025-05-13 10:25:17 [main] INFO  l.i.uztis.pages.ApplicationFormsPage - Entered value '50' into field index: 0
2025-05-13 10:25:17 [main] INFO  l.i.uztis.pages.ApplicationFormsPage - Processing input field index: 1
2025-05-13 10:25:17 [main] INFO  l.i.uztis.pages.ApplicationFormsPage - Entered value '924' into field index: 1
2025-05-13 10:25:17 [main] INFO  l.i.uztis.pages.ApplicationFormsPage - Processing input field index: 2
2025-05-13 10:25:17 [main] INFO  l.i.uztis.pages.ApplicationFormsPage - Entered value '31' into field index: 2
2025-05-13 10:25:17 [main] INFO  l.i.uztis.pages.ApplicationFormsPage - Processing input field index: 3
2025-05-13 10:25:17 [main] INFO  l.i.uztis.pages.ApplicationFormsPage - Entered value '4.7' into field index: 3
2025-05-13 10:25:17 [main] INFO  l.i.uztis.pages.ApplicationFormsPage - Processing input field index: 4
2025-05-13 10:25:17 [main] INFO  l.i.uztis.pages.ApplicationFormsPage - Entered value '35' into field index: 4
2025-05-13 10:25:17 [main] INFO  l.i.uztis.pages.ApplicationFormsPage - Processing input field index: 5
2025-05-13 10:25:18 [main] INFO  l.i.uztis.pages.ApplicationFormsPage - Entered value '20' into field index: 5
2025-05-13 10:25:18 [main] INFO  l.i.uztis.pages.ApplicationFormsPage - Processing input field index: 6
2025-05-13 10:25:18 [main] INFO  l.i.uztis.pages.ApplicationFormsPage - Entered value '30' into field index: 6
2025-05-13 10:25:18 [main] INFO  l.i.uztis.pages.ApplicationFormsPage - Processing input field index: 7
2025-05-13 10:25:18 [main] INFO  l.i.uztis.pages.ApplicationFormsPage - Entered value '60' into field index: 7
2025-05-13 10:25:18 [main] DEBUG l.i.u.tests.ApplicationFormsPageTest - Entered additional values and text.
2025-05-13 10:25:18 [main] DEBUG l.i.u.tests.ApplicationFormsPageTest - Entered application name: DVP paraiška
2025-05-13 10:25:18 [main] INFO  l.i.u.tests.ApplicationFormsPageTest - Test 'testCreateNewDvpApplication' completed successfully.
2025-05-13 10:29:16 [main] INFO  lt.insoft.uztis.tests.UztisPageTest - Navigated to https://uztisdev.asseco.lt/home
2025-05-13 10:29:16 [main] INFO  l.i.u.tests.ApplicationFormsPageTest - Setup complete. ApplicationFormsPage initialized.
2025-05-13 10:29:16 [main] INFO  l.i.u.tests.ApplicationFormsPageTest - Starting test:'testAddContractDVP'
2025-05-13 10:29:17 [main] DEBUG l.i.u.tests.ApplicationFormsPageTest - User logged in with test credentials
2025-05-13 10:29:17 [main] DEBUG l.i.u.tests.ApplicationFormsPageTest - Opened 'Application Processing' menu.
2025-05-13 10:29:17 [main] DEBUG l.i.u.tests.ApplicationFormsPageTest - Clicked on 'Application Forms' menu.
2025-05-13 10:29:18 [main] DEBUG l.i.u.tests.ApplicationFormsPageTest - Selected the last application description.
2025-05-13 10:29:18 [main] DEBUG l.i.u.tests.ApplicationFormsPageTest - Clicked 'Project Progress' tab.
2025-05-13 10:29:19 [main] DEBUG l.i.u.tests.ApplicationFormsPageTest - Clicked the 'Edit' button.
2025-05-13 10:29:19 [main] INFO  l.i.uztis.pages.ApplicationFormsPage - Located the dropdown button.
2025-05-13 10:29:21 [main] INFO  l.i.uztis.pages.ApplicationFormsPage - Successfully selected the value: 'Darbo vietų pritaikymo ir finansavimo sutartis'
2025-05-13 10:29:31 [main] ERROR l.i.uztis.pages.ApplicationFormsPage - Failed to close the dropdown with aria-expanded = 'false'.
2025-05-13 10:29:31 [main] DEBUG l.i.u.tests.ApplicationFormsPageTest - Selected a value from the 'Document' dropdown: 'Darbo vietų pritaikymo ir finansavimo sutartis'
2025-05-13 10:29:32 [main] DEBUG l.i.u.tests.ApplicationFormsPageTest - Clicked the 'Save' button.
2025-05-13 10:29:32 [main] ERROR l.i.uztis.pages.ApplicationFormsPage - Failed to verify the success message: 'Funkcija sėkmingai atlikta.'. Available messages: [Duomenys sėkmingai išsaugoti.]
2025-05-13 10:29:32 [main] INFO  l.i.u.tests.ApplicationFormsPageTest - Verified success message
2025-05-13 10:29:32 [main] INFO  l.i.u.tests.ApplicationFormsPageTest - Test 'testAddContractDVP' completed successfully.
2025-05-13 10:29:48 [main] INFO  lt.insoft.uztis.tests.UztisPageTest - Navigated to https://uztisdev.asseco.lt/home
2025-05-13 10:29:48 [main] INFO  l.i.uztis.tests.InvitationsPageTest - Starting test:'testCreateNewDvpInvitation'
2025-05-13 10:29:49 [main] DEBUG l.i.uztis.tests.InvitationsPageTest - User logged in with test credentials
2025-05-13 10:29:49 [main] DEBUG l.i.uztis.tests.InvitationsPageTest - Opened 'Application Processing' menu.
2025-05-13 10:29:49 [main] DEBUG l.i.uztis.tests.InvitationsPageTest - Clicked on 'Application Forms' menu.
2025-05-13 10:29:49 [main] DEBUG l.i.uztis.tests.InvitationsPageTest - Navigating to application forms menu.
2025-05-13 10:29:50 [main] DEBUG l.i.uztis.tests.InvitationsPageTest - Retrieved last description code text: 'TST-DVP-56'.
2025-05-13 10:29:50 [main] DEBUG l.i.uztis.tests.InvitationsPageTest - Clicked on 'Invitation' menu.
2025-05-13 10:29:50 [main] DEBUG l.i.uztis.tests.InvitationsPageTest - Clicked 'Create New Application Form'.
2025-05-13 10:29:51 [main] DEBUG l.i.uztis.tests.InvitationsPageTest - Selected section by code: 'TST-DVP-56'.
2025-05-13 10:29:51 [main] INFO  l.insoft.uztis.pages.InvitationsPage - Located the dropdown button.
2025-05-13 10:30:03 [main] ERROR l.insoft.uztis.pages.InvitationsPage - Timeout while waiting for dropdown to close with aria-expanded = 'false'.
2025-05-13 10:30:03 [main] DEBUG l.i.uztis.tests.InvitationsPageTest - Selected invitation number from the list.
2025-05-13 10:30:03 [main] DEBUG l.i.uztis.tests.InvitationsPageTest - Entered current date.
2025-05-13 10:30:03 [main] DEBUG l.i.uztis.tests.InvitationsPageTest - Entered start time: 00:00.
2025-05-13 10:30:03 [main] DEBUG l.i.uztis.tests.InvitationsPageTest - Entered end date.
2025-05-13 10:30:04 [main] DEBUG l.i.uztis.tests.InvitationsPageTest - Entered end time: 11:11.
2025-05-13 10:30:04 [main] DEBUG l.i.uztis.tests.InvitationsPageTest - Entered publication end date.
2025-05-13 10:30:04 [main] DEBUG l.i.uztis.tests.InvitationsPageTest - Added additional values.
2025-05-13 10:30:04 [main] INFO  l.insoft.uztis.pages.InvitationsPage - Located the dropdown button.
2025-05-13 10:30:05 [main] DEBUG l.i.uztis.tests.InvitationsPageTest - Selected the value: 'Didžiausia galima paramos suma aplinkos darbo vietai, Eur'
2025-05-13 10:30:05 [main] INFO  l.insoft.uztis.pages.InvitationsPage - Located the dropdown button.
2025-05-13 10:30:05 [main] DEBUG l.i.uztis.tests.InvitationsPageTest - Selected the value: 'Didžiausia galima paramos suma, Eur'
2025-05-13 10:30:05 [main] INFO  l.insoft.uztis.pages.InvitationsPage - Located the dropdown button.
2025-05-13 10:30:06 [main] DEBUG l.i.uztis.tests.InvitationsPageTest - Selected the value: 'Didžiausia galima paramos suma vienai darbo vietai, Eur'
2025-05-13 10:30:06 [main] DEBUG l.i.uztis.tests.InvitationsPageTest - Entered value: 11000
2025-05-13 10:30:07 [main] DEBUG l.i.uztis.tests.InvitationsPageTest - Entered value: 12000
2025-05-13 10:30:07 [main] DEBUG l.i.uztis.tests.InvitationsPageTest - Entered value: 13000
2025-05-13 10:30:07 [main] DEBUG l.i.uztis.tests.InvitationsPageTest - Checked 'Legal Entities' checkbox.
2025-05-13 10:30:07 [main] DEBUG l.i.uztis.tests.InvitationsPageTest - Checked 'Legal Entities' checkbox.
2025-05-13 10:30:07 [main] DEBUG l.i.uztis.tests.InvitationsPageTest - Unchecked 'Persons Registered with Employment Service' checkbox.
2025-05-13 10:30:07 [main] DEBUG l.i.uztis.tests.InvitationsPageTest - Checked 'Persons Registered as Employers' checkbox.
2025-05-13 10:30:07 [main] DEBUG l.i.uztis.tests.InvitationsPageTest - Entered budget: '2000'.
2025-05-13 10:30:08 [main] DEBUG l.i.uztis.tests.InvitationsPageTest - Entered description text: 'Aprašo tekstas'.
2025-05-13 10:30:08 [main] DEBUG l.i.uztis.tests.InvitationsPageTest - Entered applicants text: 'Pareiškėjų tekstas'.
2025-05-13 10:30:08 [main] DEBUG l.i.uztis.tests.InvitationsPageTest - Entered expenditures text: 'Išlaidų tekstas'.
2025-05-13 10:30:08 [main] DEBUG l.i.uztis.tests.InvitationsPageTest - Entered legislation text: 'Teisės aktų tekstas'.
2025-05-13 10:30:08 [main] DEBUG l.i.uztis.tests.InvitationsPageTest - Entered education text: 'Mokymų tekstas'.
2025-05-13 10:30:08 [main] DEBUG l.i.uztis.tests.InvitationsPageTest - File uploaded.
2025-05-13 10:30:08 [main] DEBUG l.i.uztis.tests.InvitationsPageTest - Clicked 'Publish'.
2025-05-13 10:30:08 [main] DEBUG l.i.uztis.tests.InvitationsPageTest - Publication confirmed.
2025-05-13 10:30:10 [main] DEBUG l.i.uztis.pages.ApplicationFormsPage - Verified success message: 'Funkcija sėkmingai atlikta.'
2025-05-13 10:30:10 [main] INFO  l.i.uztis.tests.InvitationsPageTest - Verified success message
2025-05-13 10:30:10 [main] INFO  l.i.uztis.tests.InvitationsPageTest - Test 'testCreateNewDvpInvitation' completed successfully.
2025-05-13 10:49:52 [main] INFO  lt.insoft.uztis.tests.UztisPageTest - Navigated to https://uztisdev.asseco.lt/home
2025-05-13 10:49:52 [main] INFO  l.i.u.t.SubmittedApplicationsPageTest - Starting test:'testFillNewDVPApplicationFA'
2025-05-13 10:49:53 [main] DEBUG l.i.u.t.SubmittedApplicationsPageTest - User logged in with test credentials.
2025-05-13 10:49:53 [main] DEBUG l.i.u.t.SubmittedApplicationsPageTest - Opened 'Application Processing' menu.
2025-05-13 10:49:53 [main] DEBUG l.i.u.t.SubmittedApplicationsPageTest - Clicked on 'Application Forms' menu.
2025-05-13 10:49:54 [main] DEBUG l.i.u.t.SubmittedApplicationsPageTest - Retrieved last description code text: 'TST-DVP-56'.
2025-05-13 10:49:54 [main] DEBUG l.i.u.t.SubmittedApplicationsPageTest - Clicked on 'Invitation' menu.
2025-05-13 10:49:55 [main] DEBUG l.i.u.t.SubmittedApplicationsPageTest - Selected application section by code: 'TST-DVP-56'.
2025-05-13 10:49:55 [main] DEBUG l.i.u.t.SubmittedApplicationsPageTest - Clicked 'Search' button.
2025-05-13 10:49:55 [main] DEBUG l.i.u.t.SubmittedApplicationsPageTest - Retrieved invitation code: ''.
2025-05-13 10:49:55 [main] DEBUG l.i.u.t.SubmittedApplicationsPageTest - Clicked on 'Submitted Applications' menu.
2025-05-13 10:49:57 [main] DEBUG l.i.u.t.SubmittedApplicationsPageTest - Selected invitation by code: 'TST-DVP-56'.
2025-05-13 10:49:57 [main] DEBUG l.i.u.t.SubmittedApplicationsPageTest - Invitation code inserted.
2025-05-13 10:49:57 [main] DEBUG l.i.u.t.SubmittedApplicationsPageTest - Clicked on 'Action Application' button.
2025-05-13 10:49:57 [main] DEBUG l.i.u.t.SubmittedApplicationsPageTest - Clicked on 'New Application' button.
2025-05-13 10:49:58 [main] DEBUG l.i.u.t.SubmittedApplicationsPageTest - Selected the 'RadioButtonFA' option.
2025-05-13 10:49:58 [main] DEBUG l.i.u.t.SubmittedApplicationsPageTest - Entered phone number: '61298745'.
2025-05-13 10:49:58 [main] DEBUG l.i.u.t.SubmittedApplicationsPageTest - Entered email: 'test@autotest.com'.
2025-05-13 10:49:58 [main] DEBUG l.i.u.t.SubmittedApplicationsPageTest - Checked 'For workplace adaptation' checkbox 1.
2025-05-13 10:49:58 [main] DEBUG l.i.u.t.SubmittedApplicationsPageTest - Checked 'For environmental adaptation' checkbox 2.
2025-05-13 10:49:58 [main] INFO  l.i.u.p.SubmittedApplicationsPage - Located the dropdown button.
2025-05-13 10:50:18 [main] INFO  l.i.u.p.SubmittedApplicationsPage - Found 1741 options in the dropdown.
2025-05-13 10:50:18 [main] INFO  l.i.u.p.SubmittedApplicationsPage - Successfully selected the value: '01.11 - Grūdinių (išskyrus ryžius), ankštinių ir aliejingų sėklų augalų auginimas'
2025-05-13 10:50:28 [main] ERROR l.i.u.p.SubmittedApplicationsPage - Failed to close the dropdown with aria-expanded = 'false'. Attempting manual close.
2025-05-13 10:50:28 [main] INFO  l.i.u.p.SubmittedApplicationsPage - Manual close attempt for the dropdown using body click.
2025-05-13 10:50:28 [main] DEBUG l.i.u.t.SubmittedApplicationsPageTest - Selected EVRK value: '01.11 - Grūdinių (išskyrus ryžius), ankštinių ir aliejingų sėklų augalų auginimas'.
2025-05-13 10:50:29 [main] DEBUG l.i.u.t.SubmittedApplicationsPageTest - Clicked on 'Address Component' button.
2025-05-13 10:50:29 [main] INFO  l.i.u.p.SubmittedApplicationsPage - Located the dropdown button.
2025-05-13 10:50:32 [main] INFO  l.i.u.p.SubmittedApplicationsPage - Successfully selected the value: 'Lietuva'
2025-05-13 10:50:32 [main] DEBUG l.i.u.t.SubmittedApplicationsPageTest - Selected country: 'Lietuva'.
2025-05-13 10:50:32 [main] INFO  l.i.u.p.SubmittedApplicationsPage - Located the dropdown search field.
2025-05-13 10:50:32 [main] INFO  l.i.u.p.SubmittedApplicationsPage - Dropdown city is opened.
2025-05-13 10:50:32 [main] INFO  l.i.u.p.SubmittedApplicationsPage - Searched for value: 'Vilnius'
2025-05-13 10:50:33 [main] INFO  l.i.u.p.SubmittedApplicationsPage - Successfully selected: 'Vilnius'
2025-05-13 10:50:33 [main] INFO  l.i.u.p.SubmittedApplicationsPage - Located the dropdown button.
2025-05-13 10:50:33 [main] INFO  l.i.u.p.SubmittedApplicationsPage - Successfully selected the value: 'A. Domaševičiaus g.'
2025-05-13 10:50:33 [main] DEBUG l.i.u.t.SubmittedApplicationsPageTest - Selected street: 'A. Domaševičiaus g.'.
2025-05-13 10:50:33 [main] INFO  l.i.u.p.SubmittedApplicationsPage - Located the dropdown button.
2025-05-13 10:50:33 [main] INFO  l.i.u.p.SubmittedApplicationsPage - Successfully selected the value: '1'
2025-05-13 10:50:33 [main] DEBUG l.i.u.t.SubmittedApplicationsPageTest - Selected house: '1'.
2025-05-13 10:50:33 [main] INFO  l.i.u.p.SubmittedApplicationsPage - Located the dropdown button.
2025-05-13 10:50:34 [main] INFO  l.i.u.p.SubmittedApplicationsPage - Successfully selected the value: '1'
2025-05-13 10:50:34 [main] DEBUG l.i.u.t.SubmittedApplicationsPageTest - Selected apartment: '1'.
2025-05-13 10:50:34 [main] DEBUG l.i.u.t.SubmittedApplicationsPageTest - Clicked 'Confirm' button.
2025-05-13 10:50:34 [main] DEBUG l.i.u.t.SubmittedApplicationsPageTest - Selected 'For already working' option.
2025-05-13 10:50:34 [main] DEBUG l.i.u.t.SubmittedApplicationsPageTest - Selected 'For new working' option.
2025-05-13 10:50:34 [main] DEBUG l.i.u.t.SubmittedApplicationsPageTest - Entered person count2: '1'.
2025-05-13 10:50:35 [main] DEBUG l.i.u.t.SubmittedApplicationsPageTest - Clicked 'Next' button after checkboxes.
2025-05-13 10:50:35 [main] INFO  l.i.u.p.SubmittedApplicationsPage - Located the dropdown button.
2025-05-13 10:50:35 [main] INFO  l.i.u.p.SubmittedApplicationsPage - Successfully selected the value: 'Administratoriai'
2025-05-13 10:50:35 [main] DEBUG l.i.u.t.SubmittedApplicationsPageTest - Selected adaptable job name: 'Administratoriai'.
2025-05-13 10:50:36 [main] DEBUG l.i.u.t.SubmittedApplicationsPageTest - Entered job date.
2025-05-13 10:50:36 [main] DEBUG l.i.u.t.SubmittedApplicationsPageTest - Entered job function: 'Funkcija 1'.
2025-05-13 10:50:36 [main] DEBUG l.i.u.t.SubmittedApplicationsPageTest - Selected 'For already working' 'no' option.
2025-05-13 10:50:36 [main] INFO  l.i.u.p.SubmittedApplicationsPage - Clicking on the dropdown button.
2025-05-13 10:50:36 [main] INFO  l.i.u.p.SubmittedApplicationsPage - Found 6 options in the dropdown.
2025-05-13 10:50:36 [main] DEBUG l.i.u.p.SubmittedApplicationsPage - Checking option: 'Lengvo neįgalumo lygis ar 45-55 procentų dalyvumo lygis (iki 2023 m. gruodžio 31 d. – 45-55 procentų darbingumo lygis)'
2025-05-13 10:50:36 [main] INFO  l.i.u.p.SubmittedApplicationsPage - Successfully selected the value: 'Lengvo neįgalumo lygis ar 45-55 procentų dalyvumo lygis (iki 2023 m. gruodžio 31 d. – 45-55 procentų darbingumo lygis)'
2025-05-13 10:50:36 [main] INFO  l.i.u.p.SubmittedApplicationsPage - Attempting to close the dropdown.
2025-05-13 10:50:37 [main] DEBUG l.i.u.t.SubmittedApplicationsPageTest - Selected disabilities type: 'Lengvo neįgalumo lygis ar 45-55 procentų dalyvumo lygis (iki 2023 m. gruodžio 31 d. – 45-55 procentų darbingumo lygis)'.
2025-05-13 10:50:37 [main] DEBUG l.i.u.t.SubmittedApplicationsPageTest - Entered disability information: 'Negalia 1'.
2025-05-13 10:50:37 [main] DEBUG l.i.u.t.SubmittedApplicationsPageTest - Entered qualification: 'Kvalifikacija 1'.
2025-05-13 10:50:38 [main] DEBUG l.i.u.t.SubmittedApplicationsPageTest - Entered job description: 'Darbo vietos aprašymas 1'.
2025-05-13 10:50:38 [main] DEBUG l.i.u.t.SubmittedApplicationsPageTest - Entered equipment description: 'Priemonių įsigyjimas 1'.
2025-05-13 10:50:38 [main] DEBUG l.i.u.t.SubmittedApplicationsPageTest - Entered work information: 'Darbai 1'.
2025-05-13 10:50:38 [main] INFO  l.i.u.p.SubmittedApplicationsPage - Located the dropdown button.
2025-05-13 10:50:39 [main] INFO  l.i.u.p.SubmittedApplicationsPage - Successfully selected the value: 'Kita'
2025-05-13 10:50:39 [main] DEBUG l.i.u.t.SubmittedApplicationsPageTest - Selected time mode: 'Kita'.
2025-05-13 10:50:39 [main] DEBUG l.i.u.t.SubmittedApplicationsPageTest - Selected time mode other: '6 val. per dieną ir 4 d. per savaitę'.
2025-05-13 10:50:39 [main] DEBUG l.i.u.t.SubmittedApplicationsPageTest - Entered salary amount: '1200'.
2025-05-13 10:50:39 [main] DEBUG l.i.u.t.SubmittedApplicationsPageTest - Entered salary description: 'Užmokestis 1'.
2025-05-13 10:50:39 [main] DEBUG l.i.u.t.SubmittedApplicationsPageTest - Selected 'Temporary Job' radio button.
2025-05-13 10:50:39 [main] DEBUG l.i.u.t.SubmittedApplicationsPageTest - Selected 'Season Job' radio button.
2025-05-13 10:50:40 [main] DEBUG l.i.u.t.SubmittedApplicationsPageTest - Selected 'PVM' radio button.
2025-05-13 10:50:40 [main] INFO  l.i.u.p.SubmittedApplicationsPage - Located the dropdown button.
2025-05-13 10:50:40 [main] INFO  l.i.u.p.SubmittedApplicationsPage - Successfully selected the value: 'Darbo vietos pritaikymui'
2025-05-13 10:51:10 [main] ERROR l.i.u.p.SubmittedApplicationsPage - Timeout while waiting for dropdown to close with aria-expanded = 'false'.
2025-05-13 10:51:10 [main] DEBUG l.i.u.t.SubmittedApplicationsPageTest - Selected adaptable job name: 'Darbo vietos pritaikymui'.
2025-05-13 10:51:10 [main] DEBUG l.i.u.p.SubmittedApplicationsPage - Located and clicked the dropdown button 'Reikalinga'.
2025-05-13 10:51:11 [main] INFO  l.i.u.p.SubmittedApplicationsPage - Successfully selected the value: 'Įsigyti'
2025-05-13 10:51:11 [main] DEBUG l.i.u.t.SubmittedApplicationsPageTest - Selected necessary for job: 'Įsigyti'.
2025-05-13 10:51:11 [main] DEBUG l.i.u.t.SubmittedApplicationsPageTest - Selected tool: 'Darbo priemonė 1'.
2025-05-13 10:51:11 [main] DEBUG l.i.u.t.SubmittedApplicationsPageTest - Selected tool parameter one: 'Darbo priemonės 1 parametras 1'.
2025-05-13 10:51:11 [main] DEBUG l.i.u.t.SubmittedApplicationsPageTest - Selected tool parameter two: 'Darbo priemonės 1 parametras 2'.
2025-05-13 10:51:11 [main] DEBUG l.i.u.t.SubmittedApplicationsPageTest - Selected tool parameter three: 'Darbo priemonės 1 parametras 3'.
2025-05-13 10:51:11 [main] DEBUG l.i.u.t.SubmittedApplicationsPageTest - Entered tool count: '1'.
2025-05-13 10:51:12 [main] DEBUG l.i.u.t.SubmittedApplicationsPageTest - Entered price amount: '1000'.
2025-05-13 10:51:12 [main] DEBUG l.i.u.t.SubmittedApplicationsPageTest - Entered own funds amount: '800'.
2025-05-13 10:51:14 [main] DEBUG l.i.u.t.SubmittedApplicationsPageTest - Clicked 'Add' button.
2025-05-13 10:51:14 [main] INFO  l.i.u.p.SubmittedApplicationsPage - Located the dropdown button.
2025-05-13 10:51:14 [main] INFO  l.i.u.p.SubmittedApplicationsPage - Successfully selected the value: 'Aplinkos pritaikymui'
2025-05-13 10:51:45 [main] ERROR l.i.u.p.SubmittedApplicationsPage - Timeout while waiting for dropdown to close with aria-expanded = 'false'.
2025-05-13 10:51:45 [main] DEBUG l.i.u.t.SubmittedApplicationsPageTest - Selected adaptable job name: 'Aplinkos pritaikymui'.
2025-05-13 10:51:45 [main] DEBUG l.i.u.p.SubmittedApplicationsPage - Located and clicked the dropdown button 'Reikalinga'.
2025-05-13 10:51:45 [main] INFO  l.i.u.p.SubmittedApplicationsPage - Successfully selected the value: 'Remontuoti'
2025-05-13 10:51:56 [main] DEBUG l.i.u.t.SubmittedApplicationsPageTest - Selected necessary for job: 'Remontuoti'.
2025-05-13 10:51:56 [main] DEBUG l.i.u.t.SubmittedApplicationsPageTest - Selected tool: 'Darbo priemonė 2 remontui'.
2025-05-13 10:51:56 [main] DEBUG l.i.u.t.SubmittedApplicationsPageTest - Entered work information: 'Remonto darbai 1'.
2025-05-13 10:51:56 [main] DEBUG l.i.u.t.SubmittedApplicationsPageTest - Entered tool count: '2'.
2025-05-13 10:51:57 [main] DEBUG l.i.u.t.SubmittedApplicationsPageTest - Entered price amount: '1000'.
2025-05-13 10:51:57 [main] DEBUG l.i.u.t.SubmittedApplicationsPageTest - Entered own funds amount: '900'.
2025-05-13 10:51:59 [main] DEBUG l.i.u.t.SubmittedApplicationsPageTest - Clicked 'AddRemoved' button.
2025-05-13 10:52:01 [main] DEBUG l.i.u.t.SubmittedApplicationsPageTest - Clicked 'Remove' button.
2025-05-13 10:52:03 [main] DEBUG l.i.u.t.SubmittedApplicationsPageTest - Clicked 'Remove Confirmation' button.
2025-05-13 10:52:06 [main] DEBUG l.i.u.t.SubmittedApplicationsPageTest - Selected 'De Minimis' radio button.
2025-05-13 10:52:06 [main] DEBUG l.i.u.t.SubmittedApplicationsPageTest - Entered program name: 'Programa 1'.
2025-05-13 10:52:06 [main] DEBUG l.i.u.t.SubmittedApplicationsPageTest - Entered project date from.
2025-05-13 10:52:06 [main] DEBUG l.i.u.t.SubmittedApplicationsPageTest - Entered project date until.
2025-05-13 10:52:06 [main] DEBUG l.i.u.t.SubmittedApplicationsPageTest - Entered support amount: '2000'.
2025-05-13 10:52:06 [main] DEBUG l.i.u.t.SubmittedApplicationsPageTest - Clicked 'Next' button.
2025-05-13 10:52:16 [main] DEBUG l.i.u.t.SubmittedApplicationsPageTest - Checked 'Legal Entities' checkbox 1.
2025-05-13 10:52:27 [main] DEBUG l.i.u.t.SubmittedApplicationsPageTest - Checked 'Legal Entities' checkbox 2.
2025-05-13 10:52:37 [main] DEBUG l.i.u.t.SubmittedApplicationsPageTest - Checked 'Legal Entities' checkbox 3.
2025-05-13 10:52:37 [main] DEBUG l.i.u.t.SubmittedApplicationsPageTest - Test finished: All 'Legal Entities' checkboxes checked successfully.
2025-05-13 10:52:37 [main] DEBUG l.i.u.t.SubmittedApplicationsPageTest - Clicked 'Next' button after checkboxes.
2025-05-13 10:52:47 [main] ERROR l.i.u.p.SubmittedApplicationsPage - Error selecting radio button: Expected condition failed: waiting for element to be clickable: By.xpath: (//input[@type='radio' and @value='false'])[8] (tried for 10 second(s) with 500 milliseconds interval)
Build info: version: '4.27.0', revision: 'd6e718d134'
System info: os.name: 'Windows 11', os.arch: 'amd64', os.version: '10.0', java.version: '21.0.3'
Driver info: org.openqa.selenium.chrome.ChromeDriver
Capabilities {acceptInsecureCerts: false, browserName: chrome, browserVersion: 136.0.7103.93, chrome: {chromedriverVersion: 136.0.7103.92 (cb81a4cc5087..., userDataDir: C:\Users\INGRID~1.ZAD\AppDa...}, fedcm:accounts: true, goog:chromeOptions: {debuggerAddress: localhost:56812}, networkConnectionEnabled: false, pageLoadStrategy: normal, platformName: windows, proxy: Proxy(), se:cdp: ws://localhost:56812/devtoo..., se:cdpVersion: 136.0.7103.93, setWindowRect: true, strictFileInteractability: false, timeouts: {implicit: 0, pageLoad: 300000, script: 30000}, unhandledPromptBehavior: dismiss and notify, webauthn:extension:credBlob: true, webauthn:extension:largeBlob: true, webauthn:extension:minPinLength: true, webauthn:extension:prf: true, webauthn:virtualAuthenticators: true}
Session ID: 60e38e3b53469b8b7398b8199e7c6e49
2025-05-13 10:52:47 [main] INFO  l.i.u.t.SubmittedApplicationsPageTest - Marking 'Ne' radio button 1
2025-05-13 10:52:57 [main] ERROR l.i.u.p.SubmittedApplicationsPage - Error selecting radio button: Expected condition failed: waiting for element to be clickable: By.xpath: (//input[@type='radio' and @value='false'])[9] (tried for 10 second(s) with 500 milliseconds interval)
Build info: version: '4.27.0', revision: 'd6e718d134'
System info: os.name: 'Windows 11', os.arch: 'amd64', os.version: '10.0', java.version: '21.0.3'
Driver info: org.openqa.selenium.chrome.ChromeDriver
Capabilities {acceptInsecureCerts: false, browserName: chrome, browserVersion: 136.0.7103.93, chrome: {chromedriverVersion: 136.0.7103.92 (cb81a4cc5087..., userDataDir: C:\Users\INGRID~1.ZAD\AppDa...}, fedcm:accounts: true, goog:chromeOptions: {debuggerAddress: localhost:56812}, networkConnectionEnabled: false, pageLoadStrategy: normal, platformName: windows, proxy: Proxy(), se:cdp: ws://localhost:56812/devtoo..., se:cdpVersion: 136.0.7103.93, setWindowRect: true, strictFileInteractability: false, timeouts: {implicit: 0, pageLoad: 300000, script: 30000}, unhandledPromptBehavior: dismiss and notify, webauthn:extension:credBlob: true, webauthn:extension:largeBlob: true, webauthn:extension:minPinLength: true, webauthn:extension:prf: true, webauthn:virtualAuthenticators: true}
Session ID: 60e38e3b53469b8b7398b8199e7c6e49
2025-05-13 10:52:57 [main] INFO  l.i.u.t.SubmittedApplicationsPageTest - Marking 'Ne' radio button 2
2025-05-13 10:53:07 [main] ERROR l.i.u.p.SubmittedApplicationsPage - Error selecting radio button: Expected condition failed: waiting for element to be clickable: By.xpath: (//input[@type='radio' and @value='false'])[10] (tried for 10 second(s) with 500 milliseconds interval)
Build info: version: '4.27.0', revision: 'd6e718d134'
System info: os.name: 'Windows 11', os.arch: 'amd64', os.version: '10.0', java.version: '21.0.3'
Driver info: org.openqa.selenium.chrome.ChromeDriver
Capabilities {acceptInsecureCerts: false, browserName: chrome, browserVersion: 136.0.7103.93, chrome: {chromedriverVersion: 136.0.7103.92 (cb81a4cc5087..., userDataDir: C:\Users\INGRID~1.ZAD\AppDa...}, fedcm:accounts: true, goog:chromeOptions: {debuggerAddress: localhost:56812}, networkConnectionEnabled: false, pageLoadStrategy: normal, platformName: windows, proxy: Proxy(), se:cdp: ws://localhost:56812/devtoo..., se:cdpVersion: 136.0.7103.93, setWindowRect: true, strictFileInteractability: false, timeouts: {implicit: 0, pageLoad: 300000, script: 30000}, unhandledPromptBehavior: dismiss and notify, webauthn:extension:credBlob: true, webauthn:extension:largeBlob: true, webauthn:extension:minPinLength: true, webauthn:extension:prf: true, webauthn:virtualAuthenticators: true}
Session ID: 60e38e3b53469b8b7398b8199e7c6e49
2025-05-13 10:53:07 [main] INFO  l.i.u.t.SubmittedApplicationsPageTest - Marking 'Ne' radio button 3
2025-05-13 10:53:17 [main] ERROR l.i.u.p.SubmittedApplicationsPage - Error selecting radio button: Expected condition failed: waiting for element to be clickable: By.xpath: (//input[@type='radio' and @value='false'])[11] (tried for 10 second(s) with 500 milliseconds interval)
Build info: version: '4.27.0', revision: 'd6e718d134'
System info: os.name: 'Windows 11', os.arch: 'amd64', os.version: '10.0', java.version: '21.0.3'
Driver info: org.openqa.selenium.chrome.ChromeDriver
Capabilities {acceptInsecureCerts: false, browserName: chrome, browserVersion: 136.0.7103.93, chrome: {chromedriverVersion: 136.0.7103.92 (cb81a4cc5087..., userDataDir: C:\Users\INGRID~1.ZAD\AppDa...}, fedcm:accounts: true, goog:chromeOptions: {debuggerAddress: localhost:56812}, networkConnectionEnabled: false, pageLoadStrategy: normal, platformName: windows, proxy: Proxy(), se:cdp: ws://localhost:56812/devtoo..., se:cdpVersion: 136.0.7103.93, setWindowRect: true, strictFileInteractability: false, timeouts: {implicit: 0, pageLoad: 300000, script: 30000}, unhandledPromptBehavior: dismiss and notify, webauthn:extension:credBlob: true, webauthn:extension:largeBlob: true, webauthn:extension:minPinLength: true, webauthn:extension:prf: true, webauthn:virtualAuthenticators: true}
Session ID: 60e38e3b53469b8b7398b8199e7c6e49
2025-05-13 10:53:17 [main] INFO  l.i.u.t.SubmittedApplicationsPageTest - Marking 'Ne' radio button 4
2025-05-13 10:53:27 [main] ERROR l.i.u.p.SubmittedApplicationsPage - Error selecting radio button: Expected condition failed: waiting for element to be clickable: By.xpath: (//input[@type='radio' and @value='false'])[12] (tried for 10 second(s) with 500 milliseconds interval)
Build info: version: '4.27.0', revision: 'd6e718d134'
System info: os.name: 'Windows 11', os.arch: 'amd64', os.version: '10.0', java.version: '21.0.3'
Driver info: org.openqa.selenium.chrome.ChromeDriver
Capabilities {acceptInsecureCerts: false, browserName: chrome, browserVersion: 136.0.7103.93, chrome: {chromedriverVersion: 136.0.7103.92 (cb81a4cc5087..., userDataDir: C:\Users\INGRID~1.ZAD\AppDa...}, fedcm:accounts: true, goog:chromeOptions: {debuggerAddress: localhost:56812}, networkConnectionEnabled: false, pageLoadStrategy: normal, platformName: windows, proxy: Proxy(), se:cdp: ws://localhost:56812/devtoo..., se:cdpVersion: 136.0.7103.93, setWindowRect: true, strictFileInteractability: false, timeouts: {implicit: 0, pageLoad: 300000, script: 30000}, unhandledPromptBehavior: dismiss and notify, webauthn:extension:credBlob: true, webauthn:extension:largeBlob: true, webauthn:extension:minPinLength: true, webauthn:extension:prf: true, webauthn:virtualAuthenticators: true}
Session ID: 60e38e3b53469b8b7398b8199e7c6e49
2025-05-13 10:53:27 [main] INFO  l.i.u.t.SubmittedApplicationsPageTest - Marking 'Ne' radio button 5
2025-05-13 10:53:37 [main] ERROR l.i.u.p.SubmittedApplicationsPage - Error selecting radio button: Expected condition failed: waiting for element to be clickable: By.xpath: (//input[@type='radio' and @value='false'])[13] (tried for 10 second(s) with 500 milliseconds interval)
Build info: version: '4.27.0', revision: 'd6e718d134'
System info: os.name: 'Windows 11', os.arch: 'amd64', os.version: '10.0', java.version: '21.0.3'
Driver info: org.openqa.selenium.chrome.ChromeDriver
Capabilities {acceptInsecureCerts: false, browserName: chrome, browserVersion: 136.0.7103.93, chrome: {chromedriverVersion: 136.0.7103.92 (cb81a4cc5087..., userDataDir: C:\Users\INGRID~1.ZAD\AppDa...}, fedcm:accounts: true, goog:chromeOptions: {debuggerAddress: localhost:56812}, networkConnectionEnabled: false, pageLoadStrategy: normal, platformName: windows, proxy: Proxy(), se:cdp: ws://localhost:56812/devtoo..., se:cdpVersion: 136.0.7103.93, setWindowRect: true, strictFileInteractability: false, timeouts: {implicit: 0, pageLoad: 300000, script: 30000}, unhandledPromptBehavior: dismiss and notify, webauthn:extension:credBlob: true, webauthn:extension:largeBlob: true, webauthn:extension:minPinLength: true, webauthn:extension:prf: true, webauthn:virtualAuthenticators: true}
Session ID: 60e38e3b53469b8b7398b8199e7c6e49
2025-05-13 10:53:38 [main] INFO  l.i.u.t.SubmittedApplicationsPageTest - Marking 'Ne' radio button 6
2025-05-13 10:53:48 [main] ERROR l.i.u.p.SubmittedApplicationsPage - Error selecting radio button: Expected condition failed: waiting for element to be clickable: By.xpath: (//input[@type='radio' and @value='true'])[14] (tried for 10 second(s) with 500 milliseconds interval)
Build info: version: '4.27.0', revision: 'd6e718d134'
System info: os.name: 'Windows 11', os.arch: 'amd64', os.version: '10.0', java.version: '21.0.3'
Driver info: org.openqa.selenium.chrome.ChromeDriver
Capabilities {acceptInsecureCerts: false, browserName: chrome, browserVersion: 136.0.7103.93, chrome: {chromedriverVersion: 136.0.7103.92 (cb81a4cc5087..., userDataDir: C:\Users\INGRID~1.ZAD\AppDa...}, fedcm:accounts: true, goog:chromeOptions: {debuggerAddress: localhost:56812}, networkConnectionEnabled: false, pageLoadStrategy: normal, platformName: windows, proxy: Proxy(), se:cdp: ws://localhost:56812/devtoo..., se:cdpVersion: 136.0.7103.93, setWindowRect: true, strictFileInteractability: false, timeouts: {implicit: 0, pageLoad: 300000, script: 30000}, unhandledPromptBehavior: dismiss and notify, webauthn:extension:credBlob: true, webauthn:extension:largeBlob: true, webauthn:extension:minPinLength: true, webauthn:extension:prf: true, webauthn:virtualAuthenticators: true}
Session ID: 60e38e3b53469b8b7398b8199e7c6e49
2025-05-13 10:53:48 [main] INFO  l.i.u.t.SubmittedApplicationsPageTest - Marking 'Taip' radio button 7
2025-05-13 10:53:58 [main] ERROR l.i.u.p.SubmittedApplicationsPage - Error selecting radio button: Expected condition failed: waiting for element to be clickable: By.xpath: (//input[@type='radio' and @value='true'])[15] (tried for 10 second(s) with 500 milliseconds interval)
Build info: version: '4.27.0', revision: 'd6e718d134'
System info: os.name: 'Windows 11', os.arch: 'amd64', os.version: '10.0', java.version: '21.0.3'
Driver info: org.openqa.selenium.chrome.ChromeDriver
Capabilities {acceptInsecureCerts: false, browserName: chrome, browserVersion: 136.0.7103.93, chrome: {chromedriverVersion: 136.0.7103.92 (cb81a4cc5087..., userDataDir: C:\Users\INGRID~1.ZAD\AppDa...}, fedcm:accounts: true, goog:chromeOptions: {debuggerAddress: localhost:56812}, networkConnectionEnabled: false, pageLoadStrategy: normal, platformName: windows, proxy: Proxy(), se:cdp: ws://localhost:56812/devtoo..., se:cdpVersion: 136.0.7103.93, setWindowRect: true, strictFileInteractability: false, timeouts: {implicit: 0, pageLoad: 300000, script: 30000}, unhandledPromptBehavior: dismiss and notify, webauthn:extension:credBlob: true, webauthn:extension:largeBlob: true, webauthn:extension:minPinLength: true, webauthn:extension:prf: true, webauthn:virtualAuthenticators: true}
Session ID: 60e38e3b53469b8b7398b8199e7c6e49
2025-05-13 10:53:58 [main] INFO  l.i.u.t.SubmittedApplicationsPageTest - Marking 'Taip' radio button 8
2025-05-13 10:54:08 [main] ERROR l.i.u.p.SubmittedApplicationsPage - Error selecting radio button: Expected condition failed: waiting for element to be clickable: By.xpath: (//input[@type='radio' and @value='true'])[16] (tried for 10 second(s) with 500 milliseconds interval)
Build info: version: '4.27.0', revision: 'd6e718d134'
System info: os.name: 'Windows 11', os.arch: 'amd64', os.version: '10.0', java.version: '21.0.3'
Driver info: org.openqa.selenium.chrome.ChromeDriver
Capabilities {acceptInsecureCerts: false, browserName: chrome, browserVersion: 136.0.7103.93, chrome: {chromedriverVersion: 136.0.7103.92 (cb81a4cc5087..., userDataDir: C:\Users\INGRID~1.ZAD\AppDa...}, fedcm:accounts: true, goog:chromeOptions: {debuggerAddress: localhost:56812}, networkConnectionEnabled: false, pageLoadStrategy: normal, platformName: windows, proxy: Proxy(), se:cdp: ws://localhost:56812/devtoo..., se:cdpVersion: 136.0.7103.93, setWindowRect: true, strictFileInteractability: false, timeouts: {implicit: 0, pageLoad: 300000, script: 30000}, unhandledPromptBehavior: dismiss and notify, webauthn:extension:credBlob: true, webauthn:extension:largeBlob: true, webauthn:extension:minPinLength: true, webauthn:extension:prf: true, webauthn:virtualAuthenticators: true}
Session ID: 60e38e3b53469b8b7398b8199e7c6e49
2025-05-13 10:54:08 [main] INFO  l.i.u.t.SubmittedApplicationsPageTest - Marking 'Taip' radio button 9
2025-05-13 10:54:18 [main] ERROR l.i.u.p.SubmittedApplicationsPage - Error selecting radio button: Expected condition failed: waiting for element to be clickable: By.xpath: (//input[@type='radio' and @value='true'])[17] (tried for 10 second(s) with 500 milliseconds interval)
Build info: version: '4.27.0', revision: 'd6e718d134'
System info: os.name: 'Windows 11', os.arch: 'amd64', os.version: '10.0', java.version: '21.0.3'
Driver info: org.openqa.selenium.chrome.ChromeDriver
Capabilities {acceptInsecureCerts: false, browserName: chrome, browserVersion: 136.0.7103.93, chrome: {chromedriverVersion: 136.0.7103.92 (cb81a4cc5087..., userDataDir: C:\Users\INGRID~1.ZAD\AppDa...}, fedcm:accounts: true, goog:chromeOptions: {debuggerAddress: localhost:56812}, networkConnectionEnabled: false, pageLoadStrategy: normal, platformName: windows, proxy: Proxy(), se:cdp: ws://localhost:56812/devtoo..., se:cdpVersion: 136.0.7103.93, setWindowRect: true, strictFileInteractability: false, timeouts: {implicit: 0, pageLoad: 300000, script: 30000}, unhandledPromptBehavior: dismiss and notify, webauthn:extension:credBlob: true, webauthn:extension:largeBlob: true, webauthn:extension:minPinLength: true, webauthn:extension:prf: true, webauthn:virtualAuthenticators: true}
Session ID: 60e38e3b53469b8b7398b8199e7c6e49
2025-05-13 10:54:18 [main] INFO  l.i.u.t.SubmittedApplicationsPageTest - Marking 'Taip' radio button 10
2025-05-13 10:54:28 [main] ERROR l.i.u.p.SubmittedApplicationsPage - Error selecting radio button: Expected condition failed: waiting for element to be clickable: By.xpath: (//input[@type='radio' and @value='true'])[18] (tried for 10 second(s) with 500 milliseconds interval)
Build info: version: '4.27.0', revision: 'd6e718d134'
System info: os.name: 'Windows 11', os.arch: 'amd64', os.version: '10.0', java.version: '21.0.3'
Driver info: org.openqa.selenium.chrome.ChromeDriver
Capabilities {acceptInsecureCerts: false, browserName: chrome, browserVersion: 136.0.7103.93, chrome: {chromedriverVersion: 136.0.7103.92 (cb81a4cc5087..., userDataDir: C:\Users\INGRID~1.ZAD\AppDa...}, fedcm:accounts: true, goog:chromeOptions: {debuggerAddress: localhost:56812}, networkConnectionEnabled: false, pageLoadStrategy: normal, platformName: windows, proxy: Proxy(), se:cdp: ws://localhost:56812/devtoo..., se:cdpVersion: 136.0.7103.93, setWindowRect: true, strictFileInteractability: false, timeouts: {implicit: 0, pageLoad: 300000, script: 30000}, unhandledPromptBehavior: dismiss and notify, webauthn:extension:credBlob: true, webauthn:extension:largeBlob: true, webauthn:extension:minPinLength: true, webauthn:extension:prf: true, webauthn:virtualAuthenticators: true}
Session ID: 60e38e3b53469b8b7398b8199e7c6e49
2025-05-13 10:54:28 [main] INFO  l.i.u.t.SubmittedApplicationsPageTest - Marking 'Taip' radio button 11
2025-05-13 10:54:38 [main] ERROR l.i.u.p.SubmittedApplicationsPage - Error selecting radio button: Expected condition failed: waiting for element to be clickable: By.xpath: (//input[@type='radio' and @value='true'])[19] (tried for 10 second(s) with 500 milliseconds interval)
Build info: version: '4.27.0', revision: 'd6e718d134'
System info: os.name: 'Windows 11', os.arch: 'amd64', os.version: '10.0', java.version: '21.0.3'
Driver info: org.openqa.selenium.chrome.ChromeDriver
Capabilities {acceptInsecureCerts: false, browserName: chrome, browserVersion: 136.0.7103.93, chrome: {chromedriverVersion: 136.0.7103.92 (cb81a4cc5087..., userDataDir: C:\Users\INGRID~1.ZAD\AppDa...}, fedcm:accounts: true, goog:chromeOptions: {debuggerAddress: localhost:56812}, networkConnectionEnabled: false, pageLoadStrategy: normal, platformName: windows, proxy: Proxy(), se:cdp: ws://localhost:56812/devtoo..., se:cdpVersion: 136.0.7103.93, setWindowRect: true, strictFileInteractability: false, timeouts: {implicit: 0, pageLoad: 300000, script: 30000}, unhandledPromptBehavior: dismiss and notify, webauthn:extension:credBlob: true, webauthn:extension:largeBlob: true, webauthn:extension:minPinLength: true, webauthn:extension:prf: true, webauthn:virtualAuthenticators: true}
Session ID: 60e38e3b53469b8b7398b8199e7c6e49
2025-05-13 10:54:38 [main] INFO  l.i.u.t.SubmittedApplicationsPageTest - Marking 'Taip' radio button 12
2025-05-13 10:54:48 [main] DEBUG l.i.u.t.SubmittedApplicationsPageTest - Checked 'ConfirmationStepFour'
2025-05-13 10:54:48 [main] DEBUG l.i.u.t.SubmittedApplicationsPageTest - Clicked 'Next' button after checkboxes.
2025-05-13 10:54:48 [main] INFO  l.i.u.p.SubmittedApplicationsPage - File uploaded successfully to an input element.
2025-05-13 10:54:48 [main] INFO  l.i.u.p.SubmittedApplicationsPage - File uploaded successfully to an input element.
2025-05-13 10:54:48 [main] INFO  l.i.u.p.SubmittedApplicationsPage - File uploaded successfully to an input element.
2025-05-13 10:54:48 [main] INFO  l.i.u.p.SubmittedApplicationsPage - File uploaded successfully to an input element.
2025-05-13 10:54:49 [main] INFO  l.i.u.p.SubmittedApplicationsPage - File uploaded successfully to an input element.
2025-05-13 10:54:49 [main] INFO  l.i.u.p.SubmittedApplicationsPage - File uploaded successfully to an input element.
2025-05-13 10:54:49 [main] INFO  l.i.u.p.SubmittedApplicationsPage - File uploaded successfully to an input element.
2025-05-13 10:54:49 [main] INFO  l.i.u.p.SubmittedApplicationsPage - File uploaded successfully to an input element.
2025-05-13 10:54:49 [main] DEBUG l.i.u.t.SubmittedApplicationsPageTest - Entered program name: 'Dokumentas 1'.
2025-05-13 10:54:49 [main] DEBUG l.i.u.t.SubmittedApplicationsPageTest - Entered program name: 'Dokumentas 2'.
2025-05-13 10:54:49 [main] DEBUG l.i.u.t.SubmittedApplicationsPageTest - Entered program name: 'Dokumentas 3'.
2025-05-13 10:54:49 [main] DEBUG l.i.u.t.SubmittedApplicationsPageTest - Entered program name: 'Dokumentas 4'.
2025-05-13 10:54:49 [main] DEBUG l.i.u.t.SubmittedApplicationsPageTest - Entered program name: 'Dokumentas 5'.
2025-05-13 10:54:50 [main] DEBUG l.i.u.t.SubmittedApplicationsPageTest - Entered program name: 'Dokumentas 6'.
2025-05-13 10:54:50 [main] DEBUG l.i.u.t.SubmittedApplicationsPageTest - Entered program name: 'Dokumentas 4'.
2025-05-13 10:54:50 [main] DEBUG l.i.u.t.SubmittedApplicationsPageTest - Entered program name: 'Dokumentas 8'.
2025-05-13 10:55:00 [main] DEBUG l.i.u.t.SubmittedApplicationsPageTest - Checked 'ConfirmationDocument'
2025-05-13 10:55:10 [main] DEBUG l.i.u.t.SubmittedApplicationsPageTest - Checked 'ConfirmationApplication'
2025-05-13 10:55:10 [main] DEBUG l.i.u.t.SubmittedApplicationsPageTest - Clicked 'Review' button after checkboxes.
2025-05-13 10:55:10 [main] INFO  l.i.u.t.SubmittedApplicationsPageTest - Test 'testFillNewDVPApplicationFA' completed successfully.
2025-05-13 14:17:39 [main] INFO  lt.insoft.uztis.tests.UztisPageTest - Navigated to https://uztisdev.asseco.lt/home
2025-05-13 14:17:39 [main] INFO  l.i.u.tests.ApplicationFormsPageTest - Setup complete. ApplicationFormsPage initialized.
2025-05-13 14:17:39 [main] INFO  l.i.u.tests.ApplicationFormsPageTest - Starting test:'testCreateNewDvpApplication'
2025-05-13 14:17:39 [main] DEBUG l.i.u.tests.ApplicationFormsPageTest - User logged in with test credentials
2025-05-13 14:17:40 [main] DEBUG l.i.u.tests.ApplicationFormsPageTest - Opened 'Application Processing' menu.
2025-05-13 14:17:40 [main] DEBUG l.i.u.tests.ApplicationFormsPageTest - Clicked on 'Application Forms' menu.
2025-05-13 14:17:41 [main] DEBUG l.i.u.tests.ApplicationFormsPageTest - Clicked to create a new application form.
2025-05-13 14:17:41 [main] DEBUG l.i.u.tests.ApplicationFormsPageTest - Entered random application code: TST-DVP-79
2025-05-13 14:17:41 [main] DEBUG l.i.u.tests.ApplicationFormsPageTest - Selected 'Municipality' radio button.
2025-05-13 14:17:41 [main] INFO  l.i.uztis.pages.ApplicationFormsPage - Located the dropdown button.
2025-05-13 14:17:42 [main] INFO  l.i.uztis.pages.ApplicationFormsPage - Successfully selected the value: 'Kauno departamentas'
2025-05-13 14:17:52 [main] ERROR l.i.uztis.pages.ApplicationFormsPage - Failed to close the dropdown with aria-expanded = 'false'.
2025-05-13 14:17:52 [main] DEBUG l.i.u.tests.ApplicationFormsPageTest - Selected a value from the 'Municipality' dropdown: 'Kauno departamentas'
2025-05-13 14:17:52 [main] DEBUG l.i.u.tests.ApplicationFormsPageTest - Selected 'Budget By Country' radio button.
2025-05-13 14:17:52 [main] DEBUG l.i.u.tests.ApplicationFormsPageTest - Selected 'Financed Without Queue' option.
2025-05-13 14:17:52 [main] INFO  l.i.uztis.pages.ApplicationFormsPage - Located the dropdown button.
2025-05-13 14:17:53 [main] INFO  l.i.uztis.pages.ApplicationFormsPage - Successfully selected the value: 'DVP atitiktis URP'
2025-05-13 14:18:04 [main] ERROR l.i.uztis.pages.ApplicationFormsPage - Failed to close the dropdown with aria-expanded = 'false'.
2025-05-13 14:18:04 [main] DEBUG l.i.u.tests.ApplicationFormsPageTest - Selected a value from the 'EvaluationOne' dropdown: 'DVP atitiktis URP'
2025-05-13 14:18:04 [main] DEBUG l.i.u.tests.ApplicationFormsPageTest - Clicked 'Plus' button.
2025-05-13 14:18:04 [main] DEBUG l.i.u.tests.ApplicationFormsPageTest - Clicked 'Add' button seven times.
2025-05-13 14:18:04 [main] INFO  l.i.uztis.pages.ApplicationFormsPage - Processing dropdown index: 0
2025-05-13 14:18:15 [main] ERROR l.i.uztis.pages.ApplicationFormsPage - Timeout while waiting for dropdown to close at index: 0 with aria-expanded = 'false'
2025-05-13 14:18:15 [main] INFO  l.i.uztis.pages.ApplicationFormsPage - Processing dropdown index: 1
2025-05-13 14:18:25 [main] ERROR l.i.uztis.pages.ApplicationFormsPage - Timeout while waiting for dropdown to close at index: 1 with aria-expanded = 'false'
2025-05-13 14:18:25 [main] INFO  l.i.uztis.pages.ApplicationFormsPage - Processing dropdown index: 2
2025-05-13 14:18:35 [main] ERROR l.i.uztis.pages.ApplicationFormsPage - Timeout while waiting for dropdown to close at index: 2 with aria-expanded = 'false'
2025-05-13 14:18:35 [main] INFO  l.i.uztis.pages.ApplicationFormsPage - Processing dropdown index: 3
2025-05-13 14:18:46 [main] ERROR l.i.uztis.pages.ApplicationFormsPage - Timeout while waiting for dropdown to close at index: 3 with aria-expanded = 'false'
2025-05-13 14:18:46 [main] INFO  l.i.uztis.pages.ApplicationFormsPage - Processing dropdown index: 4
2025-05-13 14:18:57 [main] ERROR l.i.uztis.pages.ApplicationFormsPage - Timeout while waiting for dropdown to close at index: 4 with aria-expanded = 'false'
2025-05-13 14:18:57 [main] INFO  l.i.uztis.pages.ApplicationFormsPage - Processing dropdown index: 5
2025-05-13 14:19:08 [main] ERROR l.i.uztis.pages.ApplicationFormsPage - Timeout while waiting for dropdown to close at index: 5 with aria-expanded = 'false'
2025-05-13 14:19:08 [main] INFO  l.i.uztis.pages.ApplicationFormsPage - Processing dropdown index: 6
2025-05-13 14:19:18 [main] ERROR l.i.uztis.pages.ApplicationFormsPage - Timeout while waiting for dropdown to close at index: 6 with aria-expanded = 'false'
2025-05-13 14:19:18 [main] INFO  l.i.uztis.pages.ApplicationFormsPage - Processing dropdown index: 7
2025-05-13 14:19:29 [main] ERROR l.i.uztis.pages.ApplicationFormsPage - Timeout while waiting for dropdown to close at index: 7 with aria-expanded = 'false'
2025-05-13 14:19:29 [main] INFO  l.i.uztis.pages.ApplicationFormsPage - Processing input field index: 0
2025-05-13 14:19:29 [main] INFO  l.i.uztis.pages.ApplicationFormsPage - Entered value '50' into field index: 0
2025-05-13 14:19:29 [main] INFO  l.i.uztis.pages.ApplicationFormsPage - Processing input field index: 1
2025-05-13 14:19:29 [main] INFO  l.i.uztis.pages.ApplicationFormsPage - Entered value '924' into field index: 1
2025-05-13 14:19:29 [main] INFO  l.i.uztis.pages.ApplicationFormsPage - Processing input field index: 2
2025-05-13 14:19:30 [main] INFO  l.i.uztis.pages.ApplicationFormsPage - Entered value '31' into field index: 2
2025-05-13 14:19:30 [main] INFO  l.i.uztis.pages.ApplicationFormsPage - Processing input field index: 3
2025-05-13 14:19:30 [main] INFO  l.i.uztis.pages.ApplicationFormsPage - Entered value '4.7' into field index: 3
2025-05-13 14:19:30 [main] INFO  l.i.uztis.pages.ApplicationFormsPage - Processing input field index: 4
2025-05-13 14:19:30 [main] INFO  l.i.uztis.pages.ApplicationFormsPage - Entered value '35' into field index: 4
2025-05-13 14:19:30 [main] INFO  l.i.uztis.pages.ApplicationFormsPage - Processing input field index: 5
2025-05-13 14:19:30 [main] INFO  l.i.uztis.pages.ApplicationFormsPage - Entered value '20' into field index: 5
2025-05-13 14:19:30 [main] INFO  l.i.uztis.pages.ApplicationFormsPage - Processing input field index: 6
2025-05-13 14:19:30 [main] INFO  l.i.uztis.pages.ApplicationFormsPage - Entered value '30' into field index: 6
2025-05-13 14:19:30 [main] INFO  l.i.uztis.pages.ApplicationFormsPage - Processing input field index: 7
2025-05-13 14:19:30 [main] INFO  l.i.uztis.pages.ApplicationFormsPage - Entered value '60' into field index: 7
2025-05-13 14:19:30 [main] DEBUG l.i.u.tests.ApplicationFormsPageTest - Entered additional values and text.
2025-05-13 14:19:30 [main] DEBUG l.i.u.tests.ApplicationFormsPageTest - Entered application name: DVP paraiška
2025-05-13 14:19:30 [main] INFO  l.i.u.tests.ApplicationFormsPageTest - Test 'testCreateNewDvpApplication' completed successfully.
2025-05-13 14:25:20 [main] INFO  lt.insoft.uztis.tests.UztisPageTest - Navigated to https://uztisdev.asseco.lt/home
2025-05-13 14:25:20 [main] INFO  l.i.u.tests.ApplicationFormsPageTest - Setup complete. ApplicationFormsPage initialized.
2025-05-13 14:25:20 [main] INFO  l.i.u.tests.ApplicationFormsPageTest - Starting test:'testAddContractDVP'
2025-05-13 14:25:20 [main] DEBUG l.i.u.tests.ApplicationFormsPageTest - User logged in with test credentials
2025-05-13 14:25:21 [main] DEBUG l.i.u.tests.ApplicationFormsPageTest - Opened 'Application Processing' menu.
2025-05-13 14:25:21 [main] DEBUG l.i.u.tests.ApplicationFormsPageTest - Clicked on 'Application Forms' menu.
2025-05-13 14:25:23 [main] DEBUG l.i.u.tests.ApplicationFormsPageTest - Selected the last application description.
2025-05-13 14:25:23 [main] DEBUG l.i.u.tests.ApplicationFormsPageTest - Clicked 'Project Progress' tab.
2025-05-13 14:25:23 [main] DEBUG l.i.u.tests.ApplicationFormsPageTest - Clicked the 'Edit' button.
2025-05-13 14:25:23 [main] INFO  l.i.uztis.pages.ApplicationFormsPage - Located the dropdown button.
2025-05-13 14:25:26 [main] INFO  l.i.uztis.pages.ApplicationFormsPage - Successfully selected the value: 'Darbo vietų pritaikymo ir finansavimo sutartis'
2025-05-13 14:25:37 [main] ERROR l.i.uztis.pages.ApplicationFormsPage - Failed to close the dropdown with aria-expanded = 'false'.
2025-05-13 14:25:37 [main] DEBUG l.i.u.tests.ApplicationFormsPageTest - Selected a value from the 'Document' dropdown: 'Darbo vietų pritaikymo ir finansavimo sutartis'
2025-05-13 14:25:37 [main] DEBUG l.i.u.tests.ApplicationFormsPageTest - Clicked the 'Save' button.
2025-05-13 14:25:37 [main] ERROR l.i.uztis.pages.ApplicationFormsPage - Failed to verify the success message: 'Funkcija sėkmingai atlikta.'. Available messages: [Duomenys sėkmingai išsaugoti.]
2025-05-13 14:25:37 [main] INFO  l.i.u.tests.ApplicationFormsPageTest - Verified success message
2025-05-13 14:25:37 [main] INFO  l.i.u.tests.ApplicationFormsPageTest - Test 'testAddContractDVP' completed successfully.
2025-05-13 14:25:49 [main] INFO  lt.insoft.uztis.tests.UztisPageTest - Navigated to https://uztisdev.asseco.lt/home
2025-05-13 14:25:49 [main] INFO  l.i.uztis.tests.InvitationsPageTest - Starting test:'testCreateNewDvpInvitation'
2025-05-13 14:25:50 [main] DEBUG l.i.uztis.tests.InvitationsPageTest - User logged in with test credentials
2025-05-13 14:25:50 [main] DEBUG l.i.uztis.tests.InvitationsPageTest - Opened 'Application Processing' menu.
2025-05-13 14:25:50 [main] DEBUG l.i.uztis.tests.InvitationsPageTest - Clicked on 'Application Forms' menu.
2025-05-13 14:25:50 [main] DEBUG l.i.uztis.tests.InvitationsPageTest - Navigating to application forms menu.
2025-05-13 14:25:51 [main] DEBUG l.i.uztis.tests.InvitationsPageTest - Retrieved last description code text: 'TST-DVP-79'.
2025-05-13 14:25:51 [main] DEBUG l.i.uztis.tests.InvitationsPageTest - Clicked on 'Invitation' menu.
2025-05-13 14:25:52 [main] DEBUG l.i.uztis.tests.InvitationsPageTest - Clicked 'Create New Application Form'.
2025-05-13 14:26:23 [main] INFO  lt.insoft.uztis.tests.UztisPageTest - Navigated to https://uztisdev.asseco.lt/home
2025-05-13 14:26:23 [main] INFO  l.i.uztis.tests.InvitationsPageTest - Starting test:'testCreateNewDvpInvitation'
2025-05-13 14:26:23 [main] DEBUG l.i.uztis.tests.InvitationsPageTest - User logged in with test credentials
2025-05-13 14:26:24 [main] DEBUG l.i.uztis.tests.InvitationsPageTest - Opened 'Application Processing' menu.
2025-05-13 14:26:24 [main] DEBUG l.i.uztis.tests.InvitationsPageTest - Clicked on 'Application Forms' menu.
2025-05-13 14:26:24 [main] DEBUG l.i.uztis.tests.InvitationsPageTest - Navigating to application forms menu.
2025-05-13 14:26:25 [main] DEBUG l.i.uztis.tests.InvitationsPageTest - Retrieved last description code text: 'TST-DVP-79'.
2025-05-13 14:26:25 [main] DEBUG l.i.uztis.tests.InvitationsPageTest - Clicked on 'Invitation' menu.
2025-05-13 14:26:25 [main] DEBUG l.i.uztis.tests.InvitationsPageTest - Clicked 'Create New Application Form'.
2025-05-13 14:26:26 [main] DEBUG l.i.uztis.tests.InvitationsPageTest - Selected section by code: 'TST-DVP-79'.
2025-05-13 14:26:26 [main] INFO  l.insoft.uztis.pages.InvitationsPage - Located the dropdown button.
2025-05-13 14:26:38 [main] ERROR l.insoft.uztis.pages.InvitationsPage - Timeout while waiting for dropdown to close with aria-expanded = 'false'.
2025-05-13 14:26:38 [main] DEBUG l.i.uztis.tests.InvitationsPageTest - Selected invitation number from the list.
2025-05-13 14:26:38 [main] DEBUG l.i.uztis.tests.InvitationsPageTest - Entered current date.
2025-05-13 14:26:38 [main] DEBUG l.i.uztis.tests.InvitationsPageTest - Entered start time: 00:00.
2025-05-13 14:26:38 [main] DEBUG l.i.uztis.tests.InvitationsPageTest - Entered end date.
2025-05-13 14:26:39 [main] DEBUG l.i.uztis.tests.InvitationsPageTest - Entered end time: 11:11.
2025-05-13 14:26:39 [main] DEBUG l.i.uztis.tests.InvitationsPageTest - Entered publication end date.
2025-05-13 14:26:39 [main] DEBUG l.i.uztis.tests.InvitationsPageTest - Added additional values.
2025-05-13 14:26:39 [main] INFO  l.insoft.uztis.pages.InvitationsPage - Located the dropdown button.
2025-05-13 14:26:40 [main] DEBUG l.i.uztis.tests.InvitationsPageTest - Selected the value: 'Didžiausia galima paramos suma aplinkos darbo vietai, Eur'
2025-05-13 14:26:40 [main] INFO  l.insoft.uztis.pages.InvitationsPage - Located the dropdown button.
2025-05-13 14:26:41 [main] DEBUG l.i.uztis.tests.InvitationsPageTest - Selected the value: 'Didžiausia galima paramos suma, Eur'
2025-05-13 14:26:41 [main] INFO  l.insoft.uztis.pages.InvitationsPage - Located the dropdown button.
2025-05-13 14:26:42 [main] DEBUG l.i.uztis.tests.InvitationsPageTest - Selected the value: 'Didžiausia galima paramos suma vienai darbo vietai, Eur'
2025-05-13 14:26:42 [main] DEBUG l.i.uztis.tests.InvitationsPageTest - Entered value: 11000
2025-05-13 14:26:42 [main] DEBUG l.i.uztis.tests.InvitationsPageTest - Entered value: 12000
2025-05-13 14:26:42 [main] DEBUG l.i.uztis.tests.InvitationsPageTest - Entered value: 13000
2025-05-13 14:26:42 [main] DEBUG l.i.uztis.tests.InvitationsPageTest - Checked 'Legal Entities' checkbox.
2025-05-13 14:26:42 [main] DEBUG l.i.uztis.tests.InvitationsPageTest - Checked 'Legal Entities' checkbox.
2025-05-13 14:26:43 [main] DEBUG l.i.uztis.tests.InvitationsPageTest - Unchecked 'Persons Registered with Employment Service' checkbox.
2025-05-13 14:26:43 [main] DEBUG l.i.uztis.tests.InvitationsPageTest - Checked 'Persons Registered as Employers' checkbox.
2025-05-13 14:26:43 [main] DEBUG l.i.uztis.tests.InvitationsPageTest - Entered budget: '2000'.
2025-05-13 14:26:43 [main] DEBUG l.i.uztis.tests.InvitationsPageTest - Entered description text: 'Aprašo tekstas'.
2025-05-13 14:26:43 [main] DEBUG l.i.uztis.tests.InvitationsPageTest - Entered applicants text: 'Pareiškėjų tekstas'.
2025-05-13 14:26:43 [main] DEBUG l.i.uztis.tests.InvitationsPageTest - Entered expenditures text: 'Išlaidų tekstas'.
2025-05-13 14:26:43 [main] DEBUG l.i.uztis.tests.InvitationsPageTest - Entered legislation text: 'Teisės aktų tekstas'.
2025-05-13 14:26:43 [main] DEBUG l.i.uztis.tests.InvitationsPageTest - Entered education text: 'Mokymų tekstas'.
2025-05-13 14:26:44 [main] DEBUG l.i.uztis.tests.InvitationsPageTest - File uploaded.
2025-05-13 14:26:44 [main] DEBUG l.i.uztis.tests.InvitationsPageTest - Clicked 'Publish'.
2025-05-13 14:26:44 [main] DEBUG l.i.uztis.tests.InvitationsPageTest - Publication confirmed.
2025-05-13 14:26:45 [main] DEBUG l.i.uztis.pages.ApplicationFormsPage - Verified success message: 'Funkcija sėkmingai atlikta.'
2025-05-13 14:26:45 [main] INFO  l.i.uztis.tests.InvitationsPageTest - Verified success message
2025-05-13 14:26:45 [main] INFO  l.i.uztis.tests.InvitationsPageTest - Test 'testCreateNewDvpInvitation' completed successfully.
2025-05-13 14:27:00 [main] INFO  lt.insoft.uztis.tests.UztisPageTest - Navigated to https://uztisdev.asseco.lt/home
2025-05-13 14:27:00 [main] INFO  l.i.u.t.SubmittedApplicationsPageTest - Starting test:'testFillNewDVPApplicationFA'
2025-05-13 14:27:01 [main] DEBUG l.i.u.t.SubmittedApplicationsPageTest - User logged in with test credentials.
2025-05-13 14:27:01 [main] DEBUG l.i.u.t.SubmittedApplicationsPageTest - Opened 'Application Processing' menu.
2025-05-13 14:27:01 [main] DEBUG l.i.u.t.SubmittedApplicationsPageTest - Clicked on 'Application Forms' menu.
2025-05-13 14:27:02 [main] DEBUG l.i.u.t.SubmittedApplicationsPageTest - Retrieved last description code text: 'TST-DVP-79'.
2025-05-13 14:27:02 [main] DEBUG l.i.u.t.SubmittedApplicationsPageTest - Clicked on 'Invitation' menu.
2025-05-13 14:27:04 [main] DEBUG l.i.u.t.SubmittedApplicationsPageTest - Selected application section by code: 'TST-DVP-79'.
2025-05-13 14:27:04 [main] DEBUG l.i.u.t.SubmittedApplicationsPageTest - Clicked 'Search' button.
2025-05-13 14:27:04 [main] DEBUG l.i.u.t.SubmittedApplicationsPageTest - Retrieved invitation code: ''.
2025-05-13 14:27:04 [main] DEBUG l.i.u.t.SubmittedApplicationsPageTest - Clicked on 'Submitted Applications' menu.
2025-05-13 14:27:05 [main] DEBUG l.i.u.t.SubmittedApplicationsPageTest - Selected invitation by code: 'TST-DVP-79'.
2025-05-13 14:27:05 [main] DEBUG l.i.u.t.SubmittedApplicationsPageTest - Invitation code inserted.
2025-05-13 14:27:06 [main] DEBUG l.i.u.t.SubmittedApplicationsPageTest - Clicked on 'Action Application' button.
2025-05-13 14:27:06 [main] DEBUG l.i.u.t.SubmittedApplicationsPageTest - Clicked on 'New Application' button.
2025-05-13 14:27:06 [main] DEBUG l.i.u.t.SubmittedApplicationsPageTest - Selected the 'RadioButtonFA' option.
2025-05-13 14:27:06 [main] DEBUG l.i.u.t.SubmittedApplicationsPageTest - Entered phone number: '61298745'.
2025-05-13 14:27:07 [main] DEBUG l.i.u.t.SubmittedApplicationsPageTest - Entered email: 'test@autotest.com'.
2025-05-13 14:27:07 [main] DEBUG l.i.u.t.SubmittedApplicationsPageTest - Checked 'For workplace adaptation' checkbox 1.
2025-05-13 14:27:07 [main] DEBUG l.i.u.t.SubmittedApplicationsPageTest - Checked 'For environmental adaptation' checkbox 2.
2025-05-13 14:27:07 [main] INFO  l.i.u.p.SubmittedApplicationsPage - Located the dropdown button.
2025-05-13 14:27:27 [main] INFO  l.i.u.p.SubmittedApplicationsPage - Found 1741 options in the dropdown.
2025-05-13 14:27:27 [main] INFO  l.i.u.p.SubmittedApplicationsPage - Successfully selected the value: '01.11 - Grūdinių (išskyrus ryžius), ankštinių ir aliejingų sėklų augalų auginimas'
2025-05-13 14:27:37 [main] ERROR l.i.u.p.SubmittedApplicationsPage - Failed to close the dropdown with aria-expanded = 'false'. Attempting manual close.
2025-05-13 14:27:38 [main] INFO  l.i.u.p.SubmittedApplicationsPage - Manual close attempt for the dropdown using body click.
2025-05-13 14:27:38 [main] DEBUG l.i.u.t.SubmittedApplicationsPageTest - Selected EVRK value: '01.11 - Grūdinių (išskyrus ryžius), ankštinių ir aliejingų sėklų augalų auginimas'.
2025-05-13 14:27:38 [main] DEBUG l.i.u.t.SubmittedApplicationsPageTest - Clicked on 'Address Component' button.
2025-05-13 14:27:38 [main] INFO  l.i.u.p.SubmittedApplicationsPage - Located the dropdown button.
2025-05-13 14:27:41 [main] INFO  l.i.u.p.SubmittedApplicationsPage - Successfully selected the value: 'Lietuva'
2025-05-13 14:27:41 [main] DEBUG l.i.u.t.SubmittedApplicationsPageTest - Selected country: 'Lietuva'.
2025-05-13 14:27:41 [main] INFO  l.i.u.p.SubmittedApplicationsPage - Located the dropdown search field.
2025-05-13 14:27:41 [main] INFO  l.i.u.p.SubmittedApplicationsPage - Dropdown city is opened.
2025-05-13 14:27:41 [main] INFO  l.i.u.p.SubmittedApplicationsPage - Searched for value: 'Vilnius'
2025-05-13 14:27:42 [main] INFO  l.i.u.p.SubmittedApplicationsPage - Successfully selected: 'Vilnius'
2025-05-13 14:27:42 [main] INFO  l.i.u.p.SubmittedApplicationsPage - Located the dropdown button.
2025-05-13 14:27:42 [main] INFO  l.i.u.p.SubmittedApplicationsPage - Successfully selected the value: 'A. Domaševičiaus g.'
2025-05-13 14:27:42 [main] DEBUG l.i.u.t.SubmittedApplicationsPageTest - Selected street: 'A. Domaševičiaus g.'.
2025-05-13 14:27:42 [main] INFO  l.i.u.p.SubmittedApplicationsPage - Located the dropdown button.
2025-05-13 14:27:42 [main] INFO  l.i.u.p.SubmittedApplicationsPage - Successfully selected the value: '1'
2025-05-13 14:27:42 [main] DEBUG l.i.u.t.SubmittedApplicationsPageTest - Selected house: '1'.
2025-05-13 14:27:42 [main] INFO  l.i.u.p.SubmittedApplicationsPage - Located the dropdown button.
2025-05-13 14:27:43 [main] INFO  l.i.u.p.SubmittedApplicationsPage - Successfully selected the value: '1'
2025-05-13 14:27:43 [main] DEBUG l.i.u.t.SubmittedApplicationsPageTest - Selected apartment: '1'.
2025-05-13 14:27:43 [main] DEBUG l.i.u.t.SubmittedApplicationsPageTest - Clicked 'Confirm' button.
2025-05-13 14:27:43 [main] DEBUG l.i.u.t.SubmittedApplicationsPageTest - Selected 'For already working' option.
2025-05-13 14:27:44 [main] DEBUG l.i.u.t.SubmittedApplicationsPageTest - Selected 'For new working' option.
2025-05-13 14:27:44 [main] DEBUG l.i.u.t.SubmittedApplicationsPageTest - Entered person count2: '1'.
2025-05-13 14:27:44 [main] DEBUG l.i.u.t.SubmittedApplicationsPageTest - Clicked 'Next' button after checkboxes.
2025-05-13 14:27:44 [main] INFO  l.i.u.p.SubmittedApplicationsPage - Located the dropdown button.
2025-05-13 14:27:45 [main] INFO  l.i.u.p.SubmittedApplicationsPage - Successfully selected the value: 'Administratoriai'
2025-05-13 14:27:45 [main] DEBUG l.i.u.t.SubmittedApplicationsPageTest - Selected adaptable job name: 'Administratoriai'.
2025-05-13 14:27:45 [main] DEBUG l.i.u.t.SubmittedApplicationsPageTest - Entered job date.
2025-05-13 14:27:45 [main] DEBUG l.i.u.t.SubmittedApplicationsPageTest - Entered job function: 'Funkcija 1'.
2025-05-13 14:27:45 [main] DEBUG l.i.u.t.SubmittedApplicationsPageTest - Selected 'For already working' 'no' option.
2025-05-13 14:27:45 [main] INFO  l.i.u.p.SubmittedApplicationsPage - Clicking on the dropdown button.
2025-05-13 14:27:45 [main] INFO  l.i.u.p.SubmittedApplicationsPage - Found 6 options in the dropdown.
2025-05-13 14:27:45 [main] DEBUG l.i.u.p.SubmittedApplicationsPage - Checking option: 'Lengvo neįgalumo lygis ar 45-55 procentų dalyvumo lygis (iki 2023 m. gruodžio 31 d. – 45-55 procentų darbingumo lygis)'
2025-05-13 14:27:46 [main] INFO  l.i.u.p.SubmittedApplicationsPage - Successfully selected the value: 'Lengvo neįgalumo lygis ar 45-55 procentų dalyvumo lygis (iki 2023 m. gruodžio 31 d. – 45-55 procentų darbingumo lygis)'
2025-05-13 14:27:46 [main] INFO  l.i.u.p.SubmittedApplicationsPage - Attempting to close the dropdown.
2025-05-13 14:27:46 [main] DEBUG l.i.u.t.SubmittedApplicationsPageTest - Selected disabilities type: 'Lengvo neįgalumo lygis ar 45-55 procentų dalyvumo lygis (iki 2023 m. gruodžio 31 d. – 45-55 procentų darbingumo lygis)'.
2025-05-13 14:27:46 [main] DEBUG l.i.u.t.SubmittedApplicationsPageTest - Entered disability information: 'Negalia 1'.
2025-05-13 14:27:47 [main] DEBUG l.i.u.t.SubmittedApplicationsPageTest - Entered qualification: 'Kvalifikacija 1'.
2025-05-13 14:27:47 [main] DEBUG l.i.u.t.SubmittedApplicationsPageTest - Entered job description: 'Darbo vietos aprašymas 1'.
2025-05-13 14:27:47 [main] DEBUG l.i.u.t.SubmittedApplicationsPageTest - Entered equipment description: 'Priemonių įsigyjimas 1'.
2025-05-13 14:27:47 [main] DEBUG l.i.u.t.SubmittedApplicationsPageTest - Entered work information: 'Darbai 1'.
2025-05-13 14:27:47 [main] INFO  l.i.u.p.SubmittedApplicationsPage - Located the dropdown button.
2025-05-13 14:27:48 [main] INFO  l.i.u.p.SubmittedApplicationsPage - Successfully selected the value: 'Kita'
2025-05-13 14:27:48 [main] DEBUG l.i.u.t.SubmittedApplicationsPageTest - Selected time mode: 'Kita'.
2025-05-13 14:27:48 [main] DEBUG l.i.u.t.SubmittedApplicationsPageTest - Selected time mode other: '6 val. per dieną ir 4 d. per savaitę'.
2025-05-13 14:27:48 [main] DEBUG l.i.u.t.SubmittedApplicationsPageTest - Entered salary amount: '1200'.
2025-05-13 14:27:48 [main] DEBUG l.i.u.t.SubmittedApplicationsPageTest - Entered salary description: 'Užmokestis 1'.
2025-05-13 14:27:48 [main] DEBUG l.i.u.t.SubmittedApplicationsPageTest - Selected 'Temporary Job' radio button.
2025-05-13 14:27:49 [main] DEBUG l.i.u.t.SubmittedApplicationsPageTest - Selected 'Season Job' radio button.
2025-05-13 14:27:49 [main] DEBUG l.i.u.t.SubmittedApplicationsPageTest - Selected 'PVM' radio button.
2025-05-13 14:27:49 [main] INFO  l.i.u.p.SubmittedApplicationsPage - Located the dropdown button.
2025-05-13 14:27:49 [main] INFO  l.i.u.p.SubmittedApplicationsPage - Successfully selected the value: 'Darbo vietos pritaikymui'
2025-05-13 14:28:19 [main] ERROR l.i.u.p.SubmittedApplicationsPage - Timeout while waiting for dropdown to close with aria-expanded = 'false'.
2025-05-13 14:28:19 [main] DEBUG l.i.u.t.SubmittedApplicationsPageTest - Selected adaptable job name: 'Darbo vietos pritaikymui'.
2025-05-13 14:28:19 [main] DEBUG l.i.u.p.SubmittedApplicationsPage - Located and clicked the dropdown button 'Reikalinga'.
2025-05-13 14:28:20 [main] INFO  l.i.u.p.SubmittedApplicationsPage - Successfully selected the value: 'Įsigyti'
2025-05-13 14:28:20 [main] DEBUG l.i.u.t.SubmittedApplicationsPageTest - Selected necessary for job: 'Įsigyti'.
2025-05-13 14:28:20 [main] DEBUG l.i.u.t.SubmittedApplicationsPageTest - Selected tool: 'Darbo priemonė 1'.
2025-05-13 14:28:20 [main] DEBUG l.i.u.t.SubmittedApplicationsPageTest - Selected tool parameter one: 'Darbo priemonės 1 parametras 1'.
2025-05-13 14:28:20 [main] DEBUG l.i.u.t.SubmittedApplicationsPageTest - Selected tool parameter two: 'Darbo priemonės 1 parametras 2'.
2025-05-13 14:28:20 [main] DEBUG l.i.u.t.SubmittedApplicationsPageTest - Selected tool parameter three: 'Darbo priemonės 1 parametras 3'.
2025-05-13 14:28:20 [main] DEBUG l.i.u.t.SubmittedApplicationsPageTest - Entered tool count: '1'.
2025-05-13 14:28:21 [main] DEBUG l.i.u.t.SubmittedApplicationsPageTest - Entered price amount: '1000'.
2025-05-13 14:28:21 [main] DEBUG l.i.u.t.SubmittedApplicationsPageTest - Entered own funds amount: '800'.
2025-05-13 14:28:23 [main] DEBUG l.i.u.t.SubmittedApplicationsPageTest - Clicked 'Add' button.
2025-05-13 14:28:23 [main] INFO  l.i.u.p.SubmittedApplicationsPage - Located the dropdown button.
2025-05-13 14:28:23 [main] INFO  l.i.u.p.SubmittedApplicationsPage - Successfully selected the value: 'Aplinkos pritaikymui'
2025-05-13 14:28:54 [main] ERROR l.i.u.p.SubmittedApplicationsPage - Timeout while waiting for dropdown to close with aria-expanded = 'false'.
2025-05-13 14:28:54 [main] DEBUG l.i.u.t.SubmittedApplicationsPageTest - Selected adaptable job name: 'Aplinkos pritaikymui'.
2025-05-13 14:28:54 [main] DEBUG l.i.u.p.SubmittedApplicationsPage - Located and clicked the dropdown button 'Reikalinga'.
2025-05-13 14:28:54 [main] INFO  l.i.u.p.SubmittedApplicationsPage - Successfully selected the value: 'Remontuoti'
2025-05-13 14:29:05 [main] DEBUG l.i.u.t.SubmittedApplicationsPageTest - Selected necessary for job: 'Remontuoti'.
2025-05-13 14:29:05 [main] DEBUG l.i.u.t.SubmittedApplicationsPageTest - Selected tool: 'Darbo priemonė 2 remontui'.
2025-05-13 14:29:05 [main] DEBUG l.i.u.t.SubmittedApplicationsPageTest - Entered work information: 'Remonto darbai 1'.
2025-05-13 14:29:05 [main] DEBUG l.i.u.t.SubmittedApplicationsPageTest - Entered tool count: '2'.
2025-05-13 14:29:05 [main] DEBUG l.i.u.t.SubmittedApplicationsPageTest - Entered price amount: '1000'.
2025-05-13 14:29:06 [main] DEBUG l.i.u.t.SubmittedApplicationsPageTest - Entered own funds amount: '900'.
2025-05-13 14:29:08 [main] DEBUG l.i.u.t.SubmittedApplicationsPageTest - Clicked 'AddRemoved' button.
2025-05-13 14:29:10 [main] DEBUG l.i.u.t.SubmittedApplicationsPageTest - Clicked 'Remove' button.
2025-05-13 14:29:12 [main] DEBUG l.i.u.t.SubmittedApplicationsPageTest - Clicked 'Remove Confirmation' button.
2025-05-13 14:29:14 [main] DEBUG l.i.u.t.SubmittedApplicationsPageTest - Selected 'De Minimis' radio button.
2025-05-13 14:29:14 [main] DEBUG l.i.u.t.SubmittedApplicationsPageTest - Entered program name: 'Programa 1'.
2025-05-13 14:29:15 [main] DEBUG l.i.u.t.SubmittedApplicationsPageTest - Entered project date from.
2025-05-13 14:29:15 [main] DEBUG l.i.u.t.SubmittedApplicationsPageTest - Entered project date until.
2025-05-13 14:29:15 [main] DEBUG l.i.u.t.SubmittedApplicationsPageTest - Entered support amount: '2000'.
2025-05-13 14:29:15 [main] DEBUG l.i.u.t.SubmittedApplicationsPageTest - Clicked 'Next' button.
2025-05-13 14:29:25 [main] DEBUG l.i.u.t.SubmittedApplicationsPageTest - Checked 'Legal Entities' checkbox 1.
2025-05-13 14:29:35 [main] DEBUG l.i.u.t.SubmittedApplicationsPageTest - Checked 'Legal Entities' checkbox 2.
2025-05-13 14:29:45 [main] DEBUG l.i.u.t.SubmittedApplicationsPageTest - Checked 'Legal Entities' checkbox 3.
2025-05-13 14:29:45 [main] DEBUG l.i.u.t.SubmittedApplicationsPageTest - Test finished: All 'Legal Entities' checkboxes checked successfully.
2025-05-13 14:29:46 [main] DEBUG l.i.u.t.SubmittedApplicationsPageTest - Clicked 'Next' button after checkboxes.
2025-05-13 14:29:56 [main] ERROR l.i.u.p.SubmittedApplicationsPage - Error selecting radio button: Expected condition failed: waiting for element to be clickable: By.xpath: (//input[@type='radio' and @value='false'])[8] (tried for 10 second(s) with 500 milliseconds interval)
Build info: version: '4.27.0', revision: 'd6e718d134'
System info: os.name: 'Windows 11', os.arch: 'amd64', os.version: '10.0', java.version: '21.0.3'
Driver info: org.openqa.selenium.chrome.ChromeDriver
Capabilities {acceptInsecureCerts: false, browserName: chrome, browserVersion: 136.0.7103.93, chrome: {chromedriverVersion: 136.0.7103.92 (cb81a4cc5087..., userDataDir: C:\Users\INGRID~1.ZAD\AppDa...}, fedcm:accounts: true, goog:chromeOptions: {debuggerAddress: localhost:64563}, networkConnectionEnabled: false, pageLoadStrategy: normal, platformName: windows, proxy: Proxy(), se:cdp: ws://localhost:64563/devtoo..., se:cdpVersion: 136.0.7103.93, setWindowRect: true, strictFileInteractability: false, timeouts: {implicit: 0, pageLoad: 300000, script: 30000}, unhandledPromptBehavior: dismiss and notify, webauthn:extension:credBlob: true, webauthn:extension:largeBlob: true, webauthn:extension:minPinLength: true, webauthn:extension:prf: true, webauthn:virtualAuthenticators: true}
Session ID: 677c59c9dcc7804d38fb020b9cb15ecc
2025-05-13 14:29:56 [main] INFO  l.i.u.t.SubmittedApplicationsPageTest - Marking 'Ne' radio button 1
2025-05-13 14:30:06 [main] ERROR l.i.u.p.SubmittedApplicationsPage - Error selecting radio button: Expected condition failed: waiting for element to be clickable: By.xpath: (//input[@type='radio' and @value='false'])[9] (tried for 10 second(s) with 500 milliseconds interval)
Build info: version: '4.27.0', revision: 'd6e718d134'
System info: os.name: 'Windows 11', os.arch: 'amd64', os.version: '10.0', java.version: '21.0.3'
Driver info: org.openqa.selenium.chrome.ChromeDriver
Capabilities {acceptInsecureCerts: false, browserName: chrome, browserVersion: 136.0.7103.93, chrome: {chromedriverVersion: 136.0.7103.92 (cb81a4cc5087..., userDataDir: C:\Users\INGRID~1.ZAD\AppDa...}, fedcm:accounts: true, goog:chromeOptions: {debuggerAddress: localhost:64563}, networkConnectionEnabled: false, pageLoadStrategy: normal, platformName: windows, proxy: Proxy(), se:cdp: ws://localhost:64563/devtoo..., se:cdpVersion: 136.0.7103.93, setWindowRect: true, strictFileInteractability: false, timeouts: {implicit: 0, pageLoad: 300000, script: 30000}, unhandledPromptBehavior: dismiss and notify, webauthn:extension:credBlob: true, webauthn:extension:largeBlob: true, webauthn:extension:minPinLength: true, webauthn:extension:prf: true, webauthn:virtualAuthenticators: true}
Session ID: 677c59c9dcc7804d38fb020b9cb15ecc
2025-05-13 14:30:06 [main] INFO  l.i.u.t.SubmittedApplicationsPageTest - Marking 'Ne' radio button 2
2025-05-13 14:30:16 [main] ERROR l.i.u.p.SubmittedApplicationsPage - Error selecting radio button: Expected condition failed: waiting for element to be clickable: By.xpath: (//input[@type='radio' and @value='false'])[10] (tried for 10 second(s) with 500 milliseconds interval)
Build info: version: '4.27.0', revision: 'd6e718d134'
System info: os.name: 'Windows 11', os.arch: 'amd64', os.version: '10.0', java.version: '21.0.3'
Driver info: org.openqa.selenium.chrome.ChromeDriver
Capabilities {acceptInsecureCerts: false, browserName: chrome, browserVersion: 136.0.7103.93, chrome: {chromedriverVersion: 136.0.7103.92 (cb81a4cc5087..., userDataDir: C:\Users\INGRID~1.ZAD\AppDa...}, fedcm:accounts: true, goog:chromeOptions: {debuggerAddress: localhost:64563}, networkConnectionEnabled: false, pageLoadStrategy: normal, platformName: windows, proxy: Proxy(), se:cdp: ws://localhost:64563/devtoo..., se:cdpVersion: 136.0.7103.93, setWindowRect: true, strictFileInteractability: false, timeouts: {implicit: 0, pageLoad: 300000, script: 30000}, unhandledPromptBehavior: dismiss and notify, webauthn:extension:credBlob: true, webauthn:extension:largeBlob: true, webauthn:extension:minPinLength: true, webauthn:extension:prf: true, webauthn:virtualAuthenticators: true}
Session ID: 677c59c9dcc7804d38fb020b9cb15ecc
2025-05-13 14:30:16 [main] INFO  l.i.u.t.SubmittedApplicationsPageTest - Marking 'Ne' radio button 3
2025-05-13 14:30:26 [main] ERROR l.i.u.p.SubmittedApplicationsPage - Error selecting radio button: Expected condition failed: waiting for element to be clickable: By.xpath: (//input[@type='radio' and @value='false'])[11] (tried for 10 second(s) with 500 milliseconds interval)
Build info: version: '4.27.0', revision: 'd6e718d134'
System info: os.name: 'Windows 11', os.arch: 'amd64', os.version: '10.0', java.version: '21.0.3'
Driver info: org.openqa.selenium.chrome.ChromeDriver
Capabilities {acceptInsecureCerts: false, browserName: chrome, browserVersion: 136.0.7103.93, chrome: {chromedriverVersion: 136.0.7103.92 (cb81a4cc5087..., userDataDir: C:\Users\INGRID~1.ZAD\AppDa...}, fedcm:accounts: true, goog:chromeOptions: {debuggerAddress: localhost:64563}, networkConnectionEnabled: false, pageLoadStrategy: normal, platformName: windows, proxy: Proxy(), se:cdp: ws://localhost:64563/devtoo..., se:cdpVersion: 136.0.7103.93, setWindowRect: true, strictFileInteractability: false, timeouts: {implicit: 0, pageLoad: 300000, script: 30000}, unhandledPromptBehavior: dismiss and notify, webauthn:extension:credBlob: true, webauthn:extension:largeBlob: true, webauthn:extension:minPinLength: true, webauthn:extension:prf: true, webauthn:virtualAuthenticators: true}
Session ID: 677c59c9dcc7804d38fb020b9cb15ecc
2025-05-13 14:30:26 [main] INFO  l.i.u.t.SubmittedApplicationsPageTest - Marking 'Ne' radio button 4
2025-05-13 14:30:36 [main] ERROR l.i.u.p.SubmittedApplicationsPage - Error selecting radio button: Expected condition failed: waiting for element to be clickable: By.xpath: (//input[@type='radio' and @value='false'])[12] (tried for 10 second(s) with 500 milliseconds interval)
Build info: version: '4.27.0', revision: 'd6e718d134'
System info: os.name: 'Windows 11', os.arch: 'amd64', os.version: '10.0', java.version: '21.0.3'
Driver info: org.openqa.selenium.chrome.ChromeDriver
Capabilities {acceptInsecureCerts: false, browserName: chrome, browserVersion: 136.0.7103.93, chrome: {chromedriverVersion: 136.0.7103.92 (cb81a4cc5087..., userDataDir: C:\Users\INGRID~1.ZAD\AppDa...}, fedcm:accounts: true, goog:chromeOptions: {debuggerAddress: localhost:64563}, networkConnectionEnabled: false, pageLoadStrategy: normal, platformName: windows, proxy: Proxy(), se:cdp: ws://localhost:64563/devtoo..., se:cdpVersion: 136.0.7103.93, setWindowRect: true, strictFileInteractability: false, timeouts: {implicit: 0, pageLoad: 300000, script: 30000}, unhandledPromptBehavior: dismiss and notify, webauthn:extension:credBlob: true, webauthn:extension:largeBlob: true, webauthn:extension:minPinLength: true, webauthn:extension:prf: true, webauthn:virtualAuthenticators: true}
Session ID: 677c59c9dcc7804d38fb020b9cb15ecc
2025-05-13 14:30:36 [main] INFO  l.i.u.t.SubmittedApplicationsPageTest - Marking 'Ne' radio button 5
2025-05-13 14:30:46 [main] ERROR l.i.u.p.SubmittedApplicationsPage - Error selecting radio button: Expected condition failed: waiting for element to be clickable: By.xpath: (//input[@type='radio' and @value='false'])[13] (tried for 10 second(s) with 500 milliseconds interval)
Build info: version: '4.27.0', revision: 'd6e718d134'
System info: os.name: 'Windows 11', os.arch: 'amd64', os.version: '10.0', java.version: '21.0.3'
Driver info: org.openqa.selenium.chrome.ChromeDriver
Capabilities {acceptInsecureCerts: false, browserName: chrome, browserVersion: 136.0.7103.93, chrome: {chromedriverVersion: 136.0.7103.92 (cb81a4cc5087..., userDataDir: C:\Users\INGRID~1.ZAD\AppDa...}, fedcm:accounts: true, goog:chromeOptions: {debuggerAddress: localhost:64563}, networkConnectionEnabled: false, pageLoadStrategy: normal, platformName: windows, proxy: Proxy(), se:cdp: ws://localhost:64563/devtoo..., se:cdpVersion: 136.0.7103.93, setWindowRect: true, strictFileInteractability: false, timeouts: {implicit: 0, pageLoad: 300000, script: 30000}, unhandledPromptBehavior: dismiss and notify, webauthn:extension:credBlob: true, webauthn:extension:largeBlob: true, webauthn:extension:minPinLength: true, webauthn:extension:prf: true, webauthn:virtualAuthenticators: true}
Session ID: 677c59c9dcc7804d38fb020b9cb15ecc
2025-05-13 14:30:46 [main] INFO  l.i.u.t.SubmittedApplicationsPageTest - Marking 'Ne' radio button 6
2025-05-13 14:30:56 [main] ERROR l.i.u.p.SubmittedApplicationsPage - Error selecting radio button: Expected condition failed: waiting for element to be clickable: By.xpath: (//input[@type='radio' and @value='true'])[14] (tried for 10 second(s) with 500 milliseconds interval)
Build info: version: '4.27.0', revision: 'd6e718d134'
System info: os.name: 'Windows 11', os.arch: 'amd64', os.version: '10.0', java.version: '21.0.3'
Driver info: org.openqa.selenium.chrome.ChromeDriver
Capabilities {acceptInsecureCerts: false, browserName: chrome, browserVersion: 136.0.7103.93, chrome: {chromedriverVersion: 136.0.7103.92 (cb81a4cc5087..., userDataDir: C:\Users\INGRID~1.ZAD\AppDa...}, fedcm:accounts: true, goog:chromeOptions: {debuggerAddress: localhost:64563}, networkConnectionEnabled: false, pageLoadStrategy: normal, platformName: windows, proxy: Proxy(), se:cdp: ws://localhost:64563/devtoo..., se:cdpVersion: 136.0.7103.93, setWindowRect: true, strictFileInteractability: false, timeouts: {implicit: 0, pageLoad: 300000, script: 30000}, unhandledPromptBehavior: dismiss and notify, webauthn:extension:credBlob: true, webauthn:extension:largeBlob: true, webauthn:extension:minPinLength: true, webauthn:extension:prf: true, webauthn:virtualAuthenticators: true}
Session ID: 677c59c9dcc7804d38fb020b9cb15ecc
2025-05-13 14:30:56 [main] INFO  l.i.u.t.SubmittedApplicationsPageTest - Marking 'Taip' radio button 7
2025-05-13 14:31:06 [main] ERROR l.i.u.p.SubmittedApplicationsPage - Error selecting radio button: Expected condition failed: waiting for element to be clickable: By.xpath: (//input[@type='radio' and @value='true'])[15] (tried for 10 second(s) with 500 milliseconds interval)
Build info: version: '4.27.0', revision: 'd6e718d134'
System info: os.name: 'Windows 11', os.arch: 'amd64', os.version: '10.0', java.version: '21.0.3'
Driver info: org.openqa.selenium.chrome.ChromeDriver
Capabilities {acceptInsecureCerts: false, browserName: chrome, browserVersion: 136.0.7103.93, chrome: {chromedriverVersion: 136.0.7103.92 (cb81a4cc5087..., userDataDir: C:\Users\INGRID~1.ZAD\AppDa...}, fedcm:accounts: true, goog:chromeOptions: {debuggerAddress: localhost:64563}, networkConnectionEnabled: false, pageLoadStrategy: normal, platformName: windows, proxy: Proxy(), se:cdp: ws://localhost:64563/devtoo..., se:cdpVersion: 136.0.7103.93, setWindowRect: true, strictFileInteractability: false, timeouts: {implicit: 0, pageLoad: 300000, script: 30000}, unhandledPromptBehavior: dismiss and notify, webauthn:extension:credBlob: true, webauthn:extension:largeBlob: true, webauthn:extension:minPinLength: true, webauthn:extension:prf: true, webauthn:virtualAuthenticators: true}
Session ID: 677c59c9dcc7804d38fb020b9cb15ecc
2025-05-13 14:31:06 [main] INFO  l.i.u.t.SubmittedApplicationsPageTest - Marking 'Taip' radio button 8
2025-05-13 14:31:17 [main] ERROR l.i.u.p.SubmittedApplicationsPage - Error selecting radio button: Expected condition failed: waiting for element to be clickable: By.xpath: (//input[@type='radio' and @value='true'])[16] (tried for 10 second(s) with 500 milliseconds interval)
Build info: version: '4.27.0', revision: 'd6e718d134'
System info: os.name: 'Windows 11', os.arch: 'amd64', os.version: '10.0', java.version: '21.0.3'
Driver info: org.openqa.selenium.chrome.ChromeDriver
Capabilities {acceptInsecureCerts: false, browserName: chrome, browserVersion: 136.0.7103.93, chrome: {chromedriverVersion: 136.0.7103.92 (cb81a4cc5087..., userDataDir: C:\Users\INGRID~1.ZAD\AppDa...}, fedcm:accounts: true, goog:chromeOptions: {debuggerAddress: localhost:64563}, networkConnectionEnabled: false, pageLoadStrategy: normal, platformName: windows, proxy: Proxy(), se:cdp: ws://localhost:64563/devtoo..., se:cdpVersion: 136.0.7103.93, setWindowRect: true, strictFileInteractability: false, timeouts: {implicit: 0, pageLoad: 300000, script: 30000}, unhandledPromptBehavior: dismiss and notify, webauthn:extension:credBlob: true, webauthn:extension:largeBlob: true, webauthn:extension:minPinLength: true, webauthn:extension:prf: true, webauthn:virtualAuthenticators: true}
Session ID: 677c59c9dcc7804d38fb020b9cb15ecc
2025-05-13 14:31:17 [main] INFO  l.i.u.t.SubmittedApplicationsPageTest - Marking 'Taip' radio button 9
2025-05-13 14:31:27 [main] ERROR l.i.u.p.SubmittedApplicationsPage - Error selecting radio button: Expected condition failed: waiting for element to be clickable: By.xpath: (//input[@type='radio' and @value='true'])[17] (tried for 10 second(s) with 500 milliseconds interval)
Build info: version: '4.27.0', revision: 'd6e718d134'
System info: os.name: 'Windows 11', os.arch: 'amd64', os.version: '10.0', java.version: '21.0.3'
Driver info: org.openqa.selenium.chrome.ChromeDriver
Capabilities {acceptInsecureCerts: false, browserName: chrome, browserVersion: 136.0.7103.93, chrome: {chromedriverVersion: 136.0.7103.92 (cb81a4cc5087..., userDataDir: C:\Users\INGRID~1.ZAD\AppDa...}, fedcm:accounts: true, goog:chromeOptions: {debuggerAddress: localhost:64563}, networkConnectionEnabled: false, pageLoadStrategy: normal, platformName: windows, proxy: Proxy(), se:cdp: ws://localhost:64563/devtoo..., se:cdpVersion: 136.0.7103.93, setWindowRect: true, strictFileInteractability: false, timeouts: {implicit: 0, pageLoad: 300000, script: 30000}, unhandledPromptBehavior: dismiss and notify, webauthn:extension:credBlob: true, webauthn:extension:largeBlob: true, webauthn:extension:minPinLength: true, webauthn:extension:prf: true, webauthn:virtualAuthenticators: true}
Session ID: 677c59c9dcc7804d38fb020b9cb15ecc
2025-05-13 14:31:27 [main] INFO  l.i.u.t.SubmittedApplicationsPageTest - Marking 'Taip' radio button 10
2025-05-13 14:31:37 [main] ERROR l.i.u.p.SubmittedApplicationsPage - Error selecting radio button: Expected condition failed: waiting for element to be clickable: By.xpath: (//input[@type='radio' and @value='true'])[18] (tried for 10 second(s) with 500 milliseconds interval)
Build info: version: '4.27.0', revision: 'd6e718d134'
System info: os.name: 'Windows 11', os.arch: 'amd64', os.version: '10.0', java.version: '21.0.3'
Driver info: org.openqa.selenium.chrome.ChromeDriver
Capabilities {acceptInsecureCerts: false, browserName: chrome, browserVersion: 136.0.7103.93, chrome: {chromedriverVersion: 136.0.7103.92 (cb81a4cc5087..., userDataDir: C:\Users\INGRID~1.ZAD\AppDa...}, fedcm:accounts: true, goog:chromeOptions: {debuggerAddress: localhost:64563}, networkConnectionEnabled: false, pageLoadStrategy: normal, platformName: windows, proxy: Proxy(), se:cdp: ws://localhost:64563/devtoo..., se:cdpVersion: 136.0.7103.93, setWindowRect: true, strictFileInteractability: false, timeouts: {implicit: 0, pageLoad: 300000, script: 30000}, unhandledPromptBehavior: dismiss and notify, webauthn:extension:credBlob: true, webauthn:extension:largeBlob: true, webauthn:extension:minPinLength: true, webauthn:extension:prf: true, webauthn:virtualAuthenticators: true}
Session ID: 677c59c9dcc7804d38fb020b9cb15ecc
2025-05-13 14:31:37 [main] INFO  l.i.u.t.SubmittedApplicationsPageTest - Marking 'Taip' radio button 11
2025-05-13 14:31:47 [main] ERROR l.i.u.p.SubmittedApplicationsPage - Error selecting radio button: Expected condition failed: waiting for element to be clickable: By.xpath: (//input[@type='radio' and @value='true'])[19] (tried for 10 second(s) with 500 milliseconds interval)
Build info: version: '4.27.0', revision: 'd6e718d134'
System info: os.name: 'Windows 11', os.arch: 'amd64', os.version: '10.0', java.version: '21.0.3'
Driver info: org.openqa.selenium.chrome.ChromeDriver
Capabilities {acceptInsecureCerts: false, browserName: chrome, browserVersion: 136.0.7103.93, chrome: {chromedriverVersion: 136.0.7103.92 (cb81a4cc5087..., userDataDir: C:\Users\INGRID~1.ZAD\AppDa...}, fedcm:accounts: true, goog:chromeOptions: {debuggerAddress: localhost:64563}, networkConnectionEnabled: false, pageLoadStrategy: normal, platformName: windows, proxy: Proxy(), se:cdp: ws://localhost:64563/devtoo..., se:cdpVersion: 136.0.7103.93, setWindowRect: true, strictFileInteractability: false, timeouts: {implicit: 0, pageLoad: 300000, script: 30000}, unhandledPromptBehavior: dismiss and notify, webauthn:extension:credBlob: true, webauthn:extension:largeBlob: true, webauthn:extension:minPinLength: true, webauthn:extension:prf: true, webauthn:virtualAuthenticators: true}
Session ID: 677c59c9dcc7804d38fb020b9cb15ecc
2025-05-13 14:31:47 [main] INFO  l.i.u.t.SubmittedApplicationsPageTest - Marking 'Taip' radio button 12
2025-05-13 14:31:57 [main] DEBUG l.i.u.t.SubmittedApplicationsPageTest - Checked 'ConfirmationStepFour'
2025-05-13 14:31:57 [main] DEBUG l.i.u.t.SubmittedApplicationsPageTest - Clicked 'Next' button after checkboxes.
2025-05-13 14:31:57 [main] INFO  l.i.u.p.SubmittedApplicationsPage - File uploaded successfully to an input element.
2025-05-13 14:31:57 [main] INFO  l.i.u.p.SubmittedApplicationsPage - File uploaded successfully to an input element.
2025-05-13 14:31:57 [main] INFO  l.i.u.p.SubmittedApplicationsPage - File uploaded successfully to an input element.
2025-05-13 14:31:57 [main] INFO  l.i.u.p.SubmittedApplicationsPage - File uploaded successfully to an input element.
2025-05-13 14:31:57 [main] INFO  l.i.u.p.SubmittedApplicationsPage - File uploaded successfully to an input element.
2025-05-13 14:31:57 [main] INFO  l.i.u.p.SubmittedApplicationsPage - File uploaded successfully to an input element.
2025-05-13 14:31:57 [main] INFO  l.i.u.p.SubmittedApplicationsPage - File uploaded successfully to an input element.
2025-05-13 14:31:57 [main] INFO  l.i.u.p.SubmittedApplicationsPage - File uploaded successfully to an input element.
2025-05-13 14:31:58 [main] DEBUG l.i.u.t.SubmittedApplicationsPageTest - Entered program name: 'Dokumentas 1'.
2025-05-13 14:31:58 [main] DEBUG l.i.u.t.SubmittedApplicationsPageTest - Entered program name: 'Dokumentas 2'.
2025-05-13 14:31:58 [main] DEBUG l.i.u.t.SubmittedApplicationsPageTest - Entered program name: 'Dokumentas 3'.
2025-05-13 14:31:58 [main] DEBUG l.i.u.t.SubmittedApplicationsPageTest - Entered program name: 'Dokumentas 4'.
2025-05-13 14:31:58 [main] DEBUG l.i.u.t.SubmittedApplicationsPageTest - Entered program name: 'Dokumentas 5'.
2025-05-13 14:31:58 [main] DEBUG l.i.u.t.SubmittedApplicationsPageTest - Entered program name: 'Dokumentas 6'.
2025-05-13 14:31:59 [main] DEBUG l.i.u.t.SubmittedApplicationsPageTest - Entered program name: 'Dokumentas 4'.
2025-05-13 14:31:59 [main] DEBUG l.i.u.t.SubmittedApplicationsPageTest - Entered program name: 'Dokumentas 8'.
2025-05-13 14:32:09 [main] DEBUG l.i.u.t.SubmittedApplicationsPageTest - Checked 'ConfirmationDocument'
2025-05-13 14:32:19 [main] DEBUG l.i.u.t.SubmittedApplicationsPageTest - Checked 'ConfirmationApplication'
2025-05-13 14:32:19 [main] DEBUG l.i.u.t.SubmittedApplicationsPageTest - Clicked 'Review' button after checkboxes.
2025-05-13 14:32:19 [main] INFO  l.i.u.t.SubmittedApplicationsPageTest - Test 'testFillNewDVPApplicationFA' completed successfully.
2025-05-13 15:07:33 [main] INFO  lt.insoft.uztis.tests.UztisPageTest - Navigated to https://uztisdev.asseco.lt/home
2025-05-13 15:07:33 [main] INFO  l.i.u.tests.ApplicationFormsPageTest - Setup complete. ApplicationFormsPage initialized.
2025-05-13 15:07:33 [main] INFO  l.i.u.tests.ApplicationFormsPageTest - Starting test:'testCreateNewPvkApplication'
2025-05-13 15:07:33 [main] DEBUG l.i.u.tests.ApplicationFormsPageTest - User logged in with test credentials
2025-05-13 15:07:34 [main] DEBUG l.i.u.tests.ApplicationFormsPageTest - Opened 'Application Processing' menu.
2025-05-13 15:07:34 [main] DEBUG l.i.u.tests.ApplicationFormsPageTest - Clicked on 'Application Forms' menu.
2025-05-13 15:07:35 [main] DEBUG l.i.u.tests.ApplicationFormsPageTest - Clicked to create a new application form.
2025-05-13 15:07:35 [main] DEBUG l.i.u.tests.ApplicationFormsPageTest - Entered random application code: TST-PVK-22
2025-05-13 15:07:35 [main] DEBUG l.i.u.tests.ApplicationFormsPageTest - Selected 'Municipality' radio button.
2025-05-13 15:07:35 [main] INFO  l.i.uztis.pages.ApplicationFormsPage - Located the dropdown button.
2025-05-13 15:07:35 [main] INFO  l.i.uztis.pages.ApplicationFormsPage - Successfully selected the value: 'Kauno departamentas'
2025-05-13 15:07:46 [main] ERROR l.i.uztis.pages.ApplicationFormsPage - Failed to close the dropdown with aria-expanded = 'false'.
2025-05-13 15:07:46 [main] DEBUG l.i.u.tests.ApplicationFormsPageTest - Selected a value from the 'Municipality' dropdown: 'Kauno departamentas'
2025-05-13 15:07:46 [main] DEBUG l.i.u.tests.ApplicationFormsPageTest - Selected 'Budget by Municipality' option.
2025-05-13 15:07:46 [main] DEBUG l.i.u.tests.ApplicationFormsPageTest - Selected 'Financed By Queue' radio button.
2025-05-13 15:07:46 [main] DEBUG l.i.u.tests.ApplicationFormsPageTest - Clicked 'Add' button.
2025-05-13 15:07:46 [main] INFO  l.i.uztis.pages.ApplicationFormsPage - Located the dropdown button.
2025-05-13 15:07:47 [main] INFO  l.i.uztis.pages.ApplicationFormsPage - Successfully selected the value: 'PVK atitiktis URP'
2025-05-13 15:07:57 [main] ERROR l.i.uztis.pages.ApplicationFormsPage - Failed to close the dropdown with aria-expanded = 'false'.
2025-05-13 15:07:57 [main] DEBUG l.i.u.tests.ApplicationFormsPageTest - Selected a value from the 'EvaluationOne' dropdown: 'PVK atitiktis URP'
2025-05-13 15:07:57 [main] INFO  l.i.uztis.pages.ApplicationFormsPage - Located the dropdown button.
2025-05-13 15:07:58 [main] INFO  l.i.uztis.pages.ApplicationFormsPage - Successfully selected the value: 'PVK atitiktis kokybės kriterijams'
2025-05-13 15:08:08 [main] ERROR l.i.uztis.pages.ApplicationFormsPage - Failed to close the dropdown with aria-expanded = 'false'.
2025-05-13 15:08:08 [main] DEBUG l.i.u.tests.ApplicationFormsPageTest - Selected a value from the 'EvaluationTwon' dropdown: 'PVK atitiktis kokybės kriterijams'
2025-05-13 15:08:08 [main] INFO  l.i.uztis.pages.ApplicationFormsPage - Located the dropdown button.
2025-05-13 15:08:09 [main] INFO  l.i.uztis.pages.ApplicationFormsPage - Successfully selected the value: 'PVK gynimo vertinimo forma'
2025-05-13 15:08:19 [main] ERROR l.i.uztis.pages.ApplicationFormsPage - Failed to close the dropdown with aria-expanded = 'false'.
2025-05-13 15:08:19 [main] DEBUG l.i.u.tests.ApplicationFormsPageTest - Selected a value from the 'EvaluationThree' dropdown: 'PVK gynimo vertinimo forma'
2025-05-13 15:08:19 [main] DEBUG l.i.u.tests.ApplicationFormsPageTest - Clicked 'Plus' button.
2025-05-13 15:08:20 [main] DEBUG l.i.u.tests.ApplicationFormsPageTest - Clicked 'Add' button seven times.
2025-05-13 15:08:20 [main] INFO  l.i.uztis.pages.ApplicationFormsPage - Processing dropdown index: 0
2025-05-13 15:08:31 [main] ERROR l.i.uztis.pages.ApplicationFormsPage - Timeout while waiting for dropdown to close at index: 0 with aria-expanded = 'false'
2025-05-13 15:08:31 [main] INFO  l.i.uztis.pages.ApplicationFormsPage - Processing dropdown index: 1
2025-05-13 15:08:42 [main] ERROR l.i.uztis.pages.ApplicationFormsPage - Timeout while waiting for dropdown to close at index: 1 with aria-expanded = 'false'
2025-05-13 15:08:42 [main] INFO  l.i.uztis.pages.ApplicationFormsPage - Processing dropdown index: 2
2025-05-13 15:08:52 [main] ERROR l.i.uztis.pages.ApplicationFormsPage - Timeout while waiting for dropdown to close at index: 2 with aria-expanded = 'false'
2025-05-13 15:08:52 [main] INFO  l.i.uztis.pages.ApplicationFormsPage - Processing dropdown index: 3
2025-05-13 15:09:03 [main] ERROR l.i.uztis.pages.ApplicationFormsPage - Timeout while waiting for dropdown to close at index: 3 with aria-expanded = 'false'
2025-05-13 15:09:03 [main] INFO  l.i.uztis.pages.ApplicationFormsPage - Processing dropdown index: 4
2025-05-13 15:09:14 [main] ERROR l.i.uztis.pages.ApplicationFormsPage - Timeout while waiting for dropdown to close at index: 4 with aria-expanded = 'false'
2025-05-13 15:09:14 [main] INFO  l.i.uztis.pages.ApplicationFormsPage - Processing dropdown index: 5
2025-05-13 15:09:24 [main] ERROR l.i.uztis.pages.ApplicationFormsPage - Timeout while waiting for dropdown to close at index: 5 with aria-expanded = 'false'
2025-05-13 15:09:24 [main] INFO  l.i.uztis.pages.ApplicationFormsPage - Processing dropdown index: 6
2025-05-13 15:09:35 [main] ERROR l.i.uztis.pages.ApplicationFormsPage - Timeout while waiting for dropdown to close at index: 6 with aria-expanded = 'false'
2025-05-13 15:09:35 [main] INFO  l.i.uztis.pages.ApplicationFormsPage - Processing dropdown index: 7
2025-05-13 15:09:46 [main] ERROR l.i.uztis.pages.ApplicationFormsPage - Timeout while waiting for dropdown to close at index: 7 with aria-expanded = 'false'
2025-05-13 15:09:46 [main] INFO  l.i.uztis.pages.ApplicationFormsPage - Processing input field index: 0
2025-05-13 15:09:46 [main] INFO  l.i.uztis.pages.ApplicationFormsPage - Entered value '50' into field index: 0
2025-05-13 15:09:46 [main] INFO  l.i.uztis.pages.ApplicationFormsPage - Processing input field index: 1
2025-05-13 15:09:46 [main] INFO  l.i.uztis.pages.ApplicationFormsPage - Entered value '924' into field index: 1
2025-05-13 15:09:46 [main] INFO  l.i.uztis.pages.ApplicationFormsPage - Processing input field index: 2
2025-05-13 15:09:47 [main] INFO  l.i.uztis.pages.ApplicationFormsPage - Entered value '31' into field index: 2
2025-05-13 15:09:47 [main] INFO  l.i.uztis.pages.ApplicationFormsPage - Processing input field index: 3
2025-05-13 15:09:47 [main] INFO  l.i.uztis.pages.ApplicationFormsPage - Entered value '4.7' into field index: 3
2025-05-13 15:09:47 [main] INFO  l.i.uztis.pages.ApplicationFormsPage - Processing input field index: 4
2025-05-13 15:09:47 [main] INFO  l.i.uztis.pages.ApplicationFormsPage - Entered value '35' into field index: 4
2025-05-13 15:09:47 [main] INFO  l.i.uztis.pages.ApplicationFormsPage - Processing input field index: 5
2025-05-13 15:09:47 [main] INFO  l.i.uztis.pages.ApplicationFormsPage - Entered value '20' into field index: 5
2025-05-13 15:09:47 [main] INFO  l.i.uztis.pages.ApplicationFormsPage - Processing input field index: 6
2025-05-13 15:09:47 [main] INFO  l.i.uztis.pages.ApplicationFormsPage - Entered value '30' into field index: 6
2025-05-13 15:09:47 [main] INFO  l.i.uztis.pages.ApplicationFormsPage - Processing input field index: 7
2025-05-13 15:09:47 [main] INFO  l.i.uztis.pages.ApplicationFormsPage - Entered value '60' into field index: 7
2025-05-13 15:09:47 [main] DEBUG l.i.u.tests.ApplicationFormsPageTest - Entered additional values and text.
2025-05-13 15:09:47 [main] DEBUG l.i.u.tests.ApplicationFormsPageTest - Entered application name: PVK paraiška
2025-05-13 15:09:47 [main] INFO  l.i.u.tests.ApplicationFormsPageTest - Test 'testCreateNewPvkApplication' completed successfully.
2025-05-13 15:10:48 [main] INFO  lt.insoft.uztis.tests.UztisPageTest - Navigated to https://uztisdev.asseco.lt/home
2025-05-13 15:10:49 [main] INFO  l.i.u.tests.ApplicationFormsPageTest - Setup complete. ApplicationFormsPage initialized.
2025-05-13 15:10:49 [main] INFO  l.i.u.tests.ApplicationFormsPageTest - Starting test:'testAddContractPVK'
2025-05-13 15:10:49 [main] DEBUG l.i.u.tests.ApplicationFormsPageTest - User logged in with test credentials
2025-05-13 15:10:50 [main] DEBUG l.i.u.tests.ApplicationFormsPageTest - Opened 'Application Processing' menu.
2025-05-13 15:10:50 [main] DEBUG l.i.u.tests.ApplicationFormsPageTest - Clicked on 'Application Forms' menu.
2025-05-13 15:10:51 [main] DEBUG l.i.u.tests.ApplicationFormsPageTest - Selected the last application description.
2025-05-13 15:10:51 [main] DEBUG l.i.u.tests.ApplicationFormsPageTest - Clicked 'Project Progress' tab.
2025-05-13 15:10:51 [main] DEBUG l.i.u.tests.ApplicationFormsPageTest - Clicked the 'Edit' button.
2025-05-13 15:10:51 [main] INFO  l.i.uztis.pages.ApplicationFormsPage - Located the dropdown button.
2025-05-13 15:10:54 [main] INFO  l.i.uztis.pages.ApplicationFormsPage - Successfully selected the value: 'Paramos verslui kurti sutartis'
2025-05-13 15:11:04 [main] ERROR l.i.uztis.pages.ApplicationFormsPage - Failed to close the dropdown with aria-expanded = 'false'.
2025-05-13 15:11:04 [main] DEBUG l.i.u.tests.ApplicationFormsPageTest - Selected a value from the 'Document' dropdown: 'Paramos verslui kurti sutartis'
2025-05-13 15:11:04 [main] DEBUG l.i.u.tests.ApplicationFormsPageTest - Clicked the 'Save' button.
2025-05-13 15:11:05 [main] ERROR l.i.uztis.pages.ApplicationFormsPage - Failed to verify the success message: 'Funkcija sėkmingai atlikta.'. Available messages: [Duomenys sėkmingai išsaugoti.]
2025-05-13 15:11:05 [main] INFO  l.i.u.tests.ApplicationFormsPageTest - Verified success message
2025-05-13 15:11:05 [main] INFO  l.i.u.tests.ApplicationFormsPageTest - Test 'testAddContractPVK' completed successfully.
2025-05-13 15:11:27 [main] INFO  lt.insoft.uztis.tests.UztisPageTest - Navigated to https://uztisdev.asseco.lt/home
2025-05-13 15:11:27 [main] INFO  l.i.uztis.tests.InvitationsPageTest - Starting test:'testCreateNewPvkInvitation'
2025-05-13 15:11:28 [main] DEBUG l.i.uztis.tests.InvitationsPageTest - User logged in with test credentials
2025-05-13 15:11:28 [main] DEBUG l.i.uztis.tests.InvitationsPageTest - Opened 'Application Processing' menu.
2025-05-13 15:11:28 [main] DEBUG l.i.uztis.tests.InvitationsPageTest - Clicked on 'Application Forms' menu.
2025-05-13 15:11:28 [main] DEBUG l.i.uztis.tests.InvitationsPageTest - Navigating to application forms menu.
2025-05-13 15:11:29 [main] DEBUG l.i.uztis.tests.InvitationsPageTest - Retrieved last description code text: 'TST-PVK-23'.
2025-05-13 15:11:30 [main] DEBUG l.i.uztis.tests.InvitationsPageTest - Clicked on 'Invitation' menu.
2025-05-13 15:11:30 [main] DEBUG l.i.uztis.tests.InvitationsPageTest - Clicked 'Create New Application Form'.
2025-05-13 15:11:31 [main] DEBUG l.i.uztis.tests.InvitationsPageTest - Selected section by code: 'TST-PVK-23'.
2025-05-13 15:11:31 [main] INFO  l.insoft.uztis.pages.InvitationsPage - Located the dropdown button.
2025-05-13 15:11:42 [main] ERROR l.insoft.uztis.pages.InvitationsPage - Timeout while waiting for dropdown to close with aria-expanded = 'false'.
2025-05-13 15:11:42 [main] DEBUG l.i.uztis.tests.InvitationsPageTest - Selected invitation number from the list.
2025-05-13 15:11:42 [main] DEBUG l.i.uztis.tests.InvitationsPageTest - Entered current date.
2025-05-13 15:11:43 [main] DEBUG l.i.uztis.tests.InvitationsPageTest - Entered start time: 00:00.
2025-05-13 15:11:43 [main] DEBUG l.i.uztis.tests.InvitationsPageTest - Entered end date.
2025-05-13 15:11:43 [main] DEBUG l.i.uztis.tests.InvitationsPageTest - Entered end time: 11:11.
2025-05-13 15:11:43 [main] DEBUG l.i.uztis.tests.InvitationsPageTest - Entered publication end date.
2025-05-13 15:11:44 [main] DEBUG l.i.uztis.tests.InvitationsPageTest - Added additional values.
2025-05-13 15:11:44 [main] INFO  l.insoft.uztis.pages.InvitationsPage - Located the dropdown button.
2025-05-13 15:11:44 [main] DEBUG l.i.uztis.tests.InvitationsPageTest - Selected the value: 'Didžiausia galima paramos suma aplinkos darbo vietai, Eur'
2025-05-13 15:11:44 [main] INFO  l.insoft.uztis.pages.InvitationsPage - Located the dropdown button.
2025-05-13 15:11:44 [main] DEBUG l.i.uztis.tests.InvitationsPageTest - Selected the value: 'Didžiausia galima paramos suma, Eur'
2025-05-13 15:11:44 [main] INFO  l.insoft.uztis.pages.InvitationsPage - Located the dropdown button.
2025-05-13 15:11:44 [main] DEBUG l.i.uztis.tests.InvitationsPageTest - Selected the value: 'Didžiausia galima paramos suma vienai darbo vietai, Eur'
2025-05-13 15:11:45 [main] DEBUG l.i.uztis.tests.InvitationsPageTest - Entered value: 11000
2025-05-13 15:11:45 [main] DEBUG l.i.uztis.tests.InvitationsPageTest - Entered value: 12000
2025-05-13 15:11:45 [main] DEBUG l.i.uztis.tests.InvitationsPageTest - Entered value: 13000
2025-05-13 15:11:45 [main] DEBUG l.i.uztis.tests.InvitationsPageTest - Checked 'Legal Entities' checkbox.
2025-05-13 15:11:45 [main] DEBUG l.i.uztis.tests.InvitationsPageTest - Checked 'Legal Entities' checkbox.
2025-05-13 15:11:45 [main] DEBUG l.i.uztis.tests.InvitationsPageTest - Unchecked 'Persons Registered with Employment Service' checkbox.
2025-05-13 15:11:45 [main] DEBUG l.i.uztis.tests.InvitationsPageTest - Checked 'Persons Registered as Employers' checkbox.
2025-05-13 15:11:46 [main] DEBUG l.i.uztis.tests.InvitationsPageTest - Entered second evaluation grade: '5'.
2025-05-13 15:11:46 [main] DEBUG l.i.uztis.tests.InvitationsPageTest - Entered third evaluation grade: '6'.
2025-05-13 15:11:46 [main] DEBUG l.i.uztis.tests.InvitationsPageTest - Entered second evaluation grade weight: '0,45'.
2025-05-13 15:11:46 [main] DEBUG l.i.uztis.tests.InvitationsPageTest - Entered third evaluation grade weight: '0,55'.
2025-05-13 15:11:46 [main] DEBUG l.i.uztis.tests.InvitationsPageTest - Entered budget: '2000'.
2025-05-13 15:11:46 [main] DEBUG l.i.uztis.tests.InvitationsPageTest - Entered budget: '2000'.
2025-05-13 15:11:46 [main] DEBUG l.i.uztis.tests.InvitationsPageTest - Entered budget: '2000'.
2025-05-13 15:11:46 [main] DEBUG l.i.uztis.tests.InvitationsPageTest - Entered budget: '2000'.
2025-05-13 15:11:46 [main] DEBUG l.i.uztis.tests.InvitationsPageTest - Entered budget: '2000'.
2025-05-13 15:11:46 [main] DEBUG l.i.uztis.tests.InvitationsPageTest - Entered description text: 'Aprašo tekstas'.
2025-05-13 15:11:47 [main] DEBUG l.i.uztis.tests.InvitationsPageTest - Entered applicants text: 'Pareiškėjų tekstas'.
2025-05-13 15:11:47 [main] DEBUG l.i.uztis.tests.InvitationsPageTest - Entered expenditures text: 'Išlaidų tekstas'.
2025-05-13 15:11:47 [main] DEBUG l.i.uztis.tests.InvitationsPageTest - Entered legislation text: 'Teisės aktų tekstas'.
2025-05-13 15:11:47 [main] DEBUG l.i.uztis.tests.InvitationsPageTest - Entered education text: 'Mokymų tekstas'.
2025-05-13 15:11:47 [main] DEBUG l.i.uztis.tests.InvitationsPageTest - File uploaded.
2025-05-13 15:11:47 [main] DEBUG l.i.uztis.tests.InvitationsPageTest - Clicked 'Publish'.
2025-05-13 15:11:47 [main] DEBUG l.i.uztis.tests.InvitationsPageTest - Publication confirmed.
2025-05-13 15:11:48 [main] DEBUG l.i.uztis.pages.ApplicationFormsPage - Verified success message: 'Funkcija sėkmingai atlikta.'
2025-05-13 15:11:48 [main] INFO  l.i.uztis.tests.InvitationsPageTest - Verified success message
2025-05-13 15:11:48 [main] INFO  l.i.uztis.tests.InvitationsPageTest - Test 'testCreateNewPvkInvitation' completed successfully.
2025-05-13 15:12:09 [main] INFO  lt.insoft.uztis.tests.UztisPageTest - Navigated to https://uztisdev.asseco.lt/home
2025-05-13 15:12:09 [main] INFO  l.i.uztis.tests.InvitationsPageTest - Starting test:'testInsertVui_PvkStatisticInformation'
2025-05-13 15:12:09 [main] DEBUG l.i.uztis.tests.InvitationsPageTest - User logged in with test credentials
2025-05-13 15:12:10 [main] DEBUG l.i.uztis.tests.InvitationsPageTest - Opened 'Application Processing' menu.
2025-05-13 15:12:10 [main] DEBUG l.i.uztis.tests.InvitationsPageTest - Clicked on 'Application Forms' menu.
2025-05-13 15:12:10 [main] DEBUG l.i.uztis.tests.InvitationsPageTest - Navigating to invitation forms menu.
2025-05-13 15:12:11 [main] DEBUG l.i.uztis.tests.InvitationsPageTest - Retrieved last description code text: 'TST-PVK-23'.
2025-05-13 15:12:11 [main] DEBUG l.i.uztis.tests.InvitationsPageTest - Clicked on 'Invitation' menu.
2025-05-13 15:12:12 [main] DEBUG l.i.uztis.tests.InvitationsPageTest - Selected section by code: 'TST-PVK-23'.
2025-05-13 15:12:13 [main] DEBUG l.i.uztis.tests.InvitationsPageTest - Clicked 'Search'.
2025-05-13 15:12:13 [main] DEBUG l.i.uztis.tests.InvitationsPageTest - Getting and inserting application code text.
2025-05-13 15:12:13 [main] DEBUG l.i.uztis.tests.InvitationsPageTest - Clicked 'Publishing'.
2025-05-13 15:12:13 [main] DEBUG l.i.uztis.tests.InvitationsPageTest - Clicked 'Statistic Information' tab.
2025-05-13 15:12:13 [main] DEBUG l.i.uztis.tests.InvitationsPageTest - Clicked 'Edit' button.
2025-05-13 15:12:14 [main] DEBUG l.i.uztis.tests.InvitationsPageTest - Entered current date.
2025-05-13 15:12:14 [main] DEBUG l.i.uztis.tests.InvitationsPageTest - Entered value: 8.7
2025-05-13 15:12:14 [main] DEBUG l.i.uztis.tests.InvitationsPageTest - Entered average salary: 2237.9
2025-05-13 15:12:14 [main] DEBUG l.i.uztis.tests.InvitationsPageTest - File uploaded.
2025-05-13 15:12:14 [main] DEBUG l.i.uztis.tests.InvitationsPageTest - Clicked 'Save' button.
2025-05-13 15:12:15 [main] DEBUG l.i.uztis.pages.ApplicationFormsPage - Verified success message: 'Funkcija sėkmingai atlikta.'
2025-05-13 15:12:15 [main] INFO  l.i.uztis.tests.InvitationsPageTest - Verified success message
2025-05-13 15:12:15 [main] INFO  l.i.uztis.tests.InvitationsPageTest - Test 'testInsertVui_PvkStatisticInformation' completed successfully.
2025-05-20 14:07:12 [main] INFO  lt.insoft.uztis.tests.UztisPageTest - Navigated to https://uztisdev.asseco.lt/home
2025-05-20 14:07:12 [main] INFO  l.i.u.tests.ApplicationFormsPageTest - Setup complete. ApplicationFormsPage initialized.
2025-05-20 14:07:12 [main] INFO  l.i.u.tests.ApplicationFormsPageTest - Starting test:'testCreateNewVuiApplication'
2025-05-20 14:07:12 [main] DEBUG l.i.u.tests.ApplicationFormsPageTest - User logged in with test credentials
2025-05-20 14:07:22 [main] ERROR l.i.u.tests.ApplicationFormsPageTest - Test 'testCreateNewVuiApplication' failed with error: Error communicating with the remote browser. It may have died.
Build info: version: '4.27.0', revision: 'd6e718d134'
System info: os.name: 'Windows 11', os.arch: 'amd64', os.version: '10.0', java.version: '21.0.3'
Driver info: org.openqa.selenium.chrome.ChromeDriver
Command: [6a92ab96e7a4cd6c8eceb833d8d655e0, findElement [value, using]]
Capabilities {acceptInsecureCerts: false, browserName: chrome, browserVersion: 136.0.7103.114, chrome: {chromedriverVersion: 136.0.7103.94 (fa0be0b33deb..., userDataDir: C:\Users\INGRID~1.ZAD\AppDa...}, fedcm:accounts: true, goog:chromeOptions: {debuggerAddress: localhost:49270}, networkConnectionEnabled: false, pageLoadStrategy: normal, platformName: windows, proxy: Proxy(), se:cdp: ws://localhost:49270/devtoo..., se:cdpVersion: 136.0.7103.114, setWindowRect: true, strictFileInteractability: false, timeouts: {implicit: 0, pageLoad: 300000, script: 30000}, unhandledPromptBehavior: dismiss and notify, webauthn:extension:credBlob: true, webauthn:extension:largeBlob: true, webauthn:extension:minPinLength: true, webauthn:extension:prf: true, webauthn:virtualAuthenticators: true}
Session ID: 6a92ab96e7a4cd6c8eceb833d8d655e0
org.openqa.selenium.remote.UnreachableBrowserException: Error communicating with the remote browser. It may have died.
Build info: version: '4.27.0', revision: 'd6e718d134'
System info: os.name: 'Windows 11', os.arch: 'amd64', os.version: '10.0', java.version: '21.0.3'
Driver info: org.openqa.selenium.chrome.ChromeDriver
Command: [6a92ab96e7a4cd6c8eceb833d8d655e0, findElement [value, using]]
Capabilities {acceptInsecureCerts: false, browserName: chrome, browserVersion: 136.0.7103.114, chrome: {chromedriverVersion: 136.0.7103.94 (fa0be0b33deb..., userDataDir: C:\Users\INGRID~1.ZAD\AppDa...}, fedcm:accounts: true, goog:chromeOptions: {debuggerAddress: localhost:49270}, networkConnectionEnabled: false, pageLoadStrategy: normal, platformName: windows, proxy: Proxy(), se:cdp: ws://localhost:49270/devtoo..., se:cdpVersion: 136.0.7103.114, setWindowRect: true, strictFileInteractability: false, timeouts: {implicit: 0, pageLoad: 300000, script: 30000}, unhandledPromptBehavior: dismiss and notify, webauthn:extension:credBlob: true, webauthn:extension:largeBlob: true, webauthn:extension:minPinLength: true, webauthn:extension:prf: true, webauthn:virtualAuthenticators: true}
Session ID: 6a92ab96e7a4cd6c8eceb833d8d655e0
	at org.openqa.selenium.remote.RemoteWebDriver.execute(RemoteWebDriver.java:572)
	at org.openqa.selenium.remote.ElementLocation$ElementFinder$2.findElement(ElementLocation.java:165)
	at org.openqa.selenium.remote.ElementLocation.findElement(ElementLocation.java:59)
	at org.openqa.selenium.remote.RemoteWebDriver.findElement(RemoteWebDriver.java:368)
	at org.openqa.selenium.remote.RemoteWebDriver.findElement(RemoteWebDriver.java:362)
	at org.openqa.selenium.support.pagefactory.DefaultElementLocator.findElement(DefaultElementLocator.java:68)
	at org.openqa.selenium.support.pagefactory.internal.LocatingElementHandler.invoke(LocatingElementHandler.java:38)
	at jdk.proxy2/jdk.proxy2.$Proxy14.click(Unknown Source)
	at lt.insoft.uztis.pages.ApplicationFormsPage.clickMenuMore(ApplicationFormsPage.java:234)
	at lt.insoft.uztis.tests.ApplicationFormsPageTest.navigateToApplicationFormsMenu(ApplicationFormsPageTest.java:21)
	at lt.insoft.uztis.tests.ApplicationFormsPageTest.testCreateNewVuiApplication(ApplicationFormsPageTest.java:95)
	at java.base/jdk.internal.reflect.DirectMethodHandleAccessor.invoke(DirectMethodHandleAccessor.java:103)
	at java.base/java.lang.reflect.Method.invoke(Method.java:580)
	at org.junit.platform.commons.util.ReflectionUtils.invokeMethod(ReflectionUtils.java:728)
	at org.junit.jupiter.engine.execution.MethodInvocation.proceed(MethodInvocation.java:60)
	at org.junit.jupiter.engine.execution.InvocationInterceptorChain$ValidatingInvocation.proceed(InvocationInterceptorChain.java:131)
	at org.junit.jupiter.engine.extension.TimeoutExtension.intercept(TimeoutExtension.java:156)
	at org.junit.jupiter.engine.extension.TimeoutExtension.interceptTestableMethod(TimeoutExtension.java:147)
	at org.junit.jupiter.engine.extension.TimeoutExtension.interceptTestMethod(TimeoutExtension.java:86)
	at org.junit.jupiter.engine.execution.InterceptingExecutableInvoker$ReflectiveInterceptorCall.lambda$ofVoidMethod$0(InterceptingExecutableInvoker.java:103)
	at org.junit.jupiter.engine.execution.InterceptingExecutableInvoker.lambda$invoke$0(InterceptingExecutableInvoker.java:93)
	at org.junit.jupiter.engine.execution.InvocationInterceptorChain$InterceptedInvocation.proceed(InvocationInterceptorChain.java:106)
	at org.junit.jupiter.engine.execution.InvocationInterceptorChain.proceed(InvocationInterceptorChain.java:64)
	at org.junit.jupiter.engine.execution.InvocationInterceptorChain.chainAndInvoke(InvocationInterceptorChain.java:45)
	at org.junit.jupiter.engine.execution.InvocationInterceptorChain.invoke(InvocationInterceptorChain.java:37)
	at org.junit.jupiter.engine.execution.InterceptingExecutableInvoker.invoke(InterceptingExecutableInvoker.java:92)
	at org.junit.jupiter.engine.execution.InterceptingExecutableInvoker.invoke(InterceptingExecutableInvoker.java:86)
	at org.junit.jupiter.engine.descriptor.TestMethodTestDescriptor.lambda$invokeTestMethod$7(TestMethodTestDescriptor.java:218)
	at org.junit.platform.engine.support.hierarchical.ThrowableCollector.execute(ThrowableCollector.java:73)
	at org.junit.jupiter.engine.descriptor.TestMethodTestDescriptor.invokeTestMethod(TestMethodTestDescriptor.java:214)
	at org.junit.jupiter.engine.descriptor.TestMethodTestDescriptor.execute(TestMethodTestDescriptor.java:139)
	at org.junit.jupiter.engine.descriptor.TestMethodTestDescriptor.execute(TestMethodTestDescriptor.java:69)
	at org.junit.platform.engine.support.hierarchical.NodeTestTask.lambda$executeRecursively$6(NodeTestTask.java:151)
	at org.junit.platform.engine.support.hierarchical.ThrowableCollector.execute(ThrowableCollector.java:73)
	at org.junit.platform.engine.support.hierarchical.NodeTestTask.lambda$executeRecursively$8(NodeTestTask.java:141)
	at org.junit.platform.engine.support.hierarchical.Node.around(Node.java:137)
	at org.junit.platform.engine.support.hierarchical.NodeTestTask.lambda$executeRecursively$9(NodeTestTask.java:139)
	at org.junit.platform.engine.support.hierarchical.ThrowableCollector.execute(ThrowableCollector.java:73)
	at org.junit.platform.engine.support.hierarchical.NodeTestTask.executeRecursively(NodeTestTask.java:138)
	at org.junit.platform.engine.support.hierarchical.NodeTestTask.execute(NodeTestTask.java:95)
	at java.base/java.util.ArrayList.forEach(ArrayList.java:1596)
	at org.junit.platform.engine.support.hierarchical.SameThreadHierarchicalTestExecutorService.invokeAll(SameThreadHierarchicalTestExecutorService.java:41)
	at org.junit.platform.engine.support.hierarchical.NodeTestTask.lambda$executeRecursively$6(NodeTestTask.java:155)
	at org.junit.platform.engine.support.hierarchical.ThrowableCollector.execute(ThrowableCollector.java:73)
	at org.junit.platform.engine.support.hierarchical.NodeTestTask.lambda$executeRecursively$8(NodeTestTask.java:141)
	at org.junit.platform.engine.support.hierarchical.Node.around(Node.java:137)
	at org.junit.platform.engine.support.hierarchical.NodeTestTask.lambda$executeRecursively$9(NodeTestTask.java:139)
	at org.junit.platform.engine.support.hierarchical.ThrowableCollector.execute(ThrowableCollector.java:73)
	at org.junit.platform.engine.support.hierarchical.NodeTestTask.executeRecursively(NodeTestTask.java:138)
	at org.junit.platform.engine.support.hierarchical.NodeTestTask.execute(NodeTestTask.java:95)
	at java.base/java.util.ArrayList.forEach(ArrayList.java:1596)
	at org.junit.platform.engine.support.hierarchical.SameThreadHierarchicalTestExecutorService.invokeAll(SameThreadHierarchicalTestExecutorService.java:41)
	at org.junit.platform.engine.support.hierarchical.NodeTestTask.lambda$executeRecursively$6(NodeTestTask.java:155)
	at org.junit.platform.engine.support.hierarchical.ThrowableCollector.execute(ThrowableCollector.java:73)
	at org.junit.platform.engine.support.hierarchical.NodeTestTask.lambda$executeRecursively$8(NodeTestTask.java:141)
	at org.junit.platform.engine.support.hierarchical.Node.around(Node.java:137)
	at org.junit.platform.engine.support.hierarchical.NodeTestTask.lambda$executeRecursively$9(NodeTestTask.java:139)
	at org.junit.platform.engine.support.hierarchical.ThrowableCollector.execute(ThrowableCollector.java:73)
	at org.junit.platform.engine.support.hierarchical.NodeTestTask.executeRecursively(NodeTestTask.java:138)
	at org.junit.platform.engine.support.hierarchical.NodeTestTask.execute(NodeTestTask.java:95)
	at org.junit.platform.engine.support.hierarchical.SameThreadHierarchicalTestExecutorService.submit(SameThreadHierarchicalTestExecutorService.java:35)
	at org.junit.platform.engine.support.hierarchical.HierarchicalTestExecutor.execute(HierarchicalTestExecutor.java:57)
	at org.junit.platform.engine.support.hierarchical.HierarchicalTestEngine.execute(HierarchicalTestEngine.java:54)
	at org.junit.platform.launcher.core.EngineExecutionOrchestrator.execute(EngineExecutionOrchestrator.java:198)
	at org.junit.platform.launcher.core.EngineExecutionOrchestrator.execute(EngineExecutionOrchestrator.java:169)
	at org.junit.platform.launcher.core.EngineExecutionOrchestrator.execute(EngineExecutionOrchestrator.java:93)
	at org.junit.platform.launcher.core.EngineExecutionOrchestrator.lambda$execute$0(EngineExecutionOrchestrator.java:58)
	at org.junit.platform.launcher.core.EngineExecutionOrchestrator.withInterceptedStreams(EngineExecutionOrchestrator.java:141)
	at org.junit.platform.launcher.core.EngineExecutionOrchestrator.execute(EngineExecutionOrchestrator.java:57)
	at org.junit.platform.launcher.core.DefaultLauncher.execute(DefaultLauncher.java:103)
	at org.junit.platform.launcher.core.DefaultLauncher.execute(DefaultLauncher.java:85)
	at org.junit.platform.launcher.core.DelegatingLauncher.execute(DelegatingLauncher.java:47)
	at org.junit.platform.launcher.core.SessionPerRequestLauncher.execute(SessionPerRequestLauncher.java:63)
	at com.intellij.junit5.JUnit5IdeaTestRunner.startRunnerWithArgs(JUnit5IdeaTestRunner.java:57)
	at com.intellij.rt.junit.IdeaTestRunner$Repeater$1.execute(IdeaTestRunner.java:38)
	at com.intellij.rt.execution.junit.TestsRepeater.repeat(TestsRepeater.java:11)
	at com.intellij.rt.junit.IdeaTestRunner$Repeater.startRunnerWithArgs(IdeaTestRunner.java:35)
	at com.intellij.rt.junit.JUnitStarter.prepareStreamsAndStart(JUnitStarter.java:232)
	at com.intellij.rt.junit.JUnitStarter.main(JUnitStarter.java:55)
Caused by: java.io.UncheckedIOException: java.io.IOException: HTTP/1.1 header parser received no bytes
	at org.openqa.selenium.remote.http.jdk.JdkHttpClient.execute0(JdkHttpClient.java:496)
	at org.openqa.selenium.remote.http.AddSeleniumUserAgent.lambda$apply$0(AddSeleniumUserAgent.java:42)
	at org.openqa.selenium.remote.http.Filter.lambda$andFinally$1(Filter.java:55)
	at org.openqa.selenium.remote.http.jdk.JdkHttpClient.lambda$executeAsync$1(JdkHttpClient.java:383)
	at java.base/java.util.concurrent.Executors$RunnableAdapter.call(Executors.java:572)
	at java.base/java.util.concurrent.FutureTask.run(FutureTask.java:317)
	at java.base/java.util.concurrent.ThreadPoolExecutor.runWorker(ThreadPoolExecutor.java:1144)
	at java.base/java.util.concurrent.ThreadPoolExecutor$Worker.run(ThreadPoolExecutor.java:642)
	at java.base/java.lang.Thread.run(Thread.java:1583)
Caused by: java.io.IOException: HTTP/1.1 header parser received no bytes
	at java.net.http/jdk.internal.net.http.HttpClientImpl.send(HttpClientImpl.java:964)
	at java.net.http/jdk.internal.net.http.HttpClientFacade.send(HttpClientFacade.java:133)
	at org.openqa.selenium.remote.http.jdk.JdkHttpClient.execute0(JdkHttpClient.java:455)
	... 8 common frames omitted
Caused by: java.io.IOException: HTTP/1.1 header parser received no bytes
	at java.net.http/jdk.internal.net.http.common.Utils.wrapWithExtraDetail(Utils.java:388)
	at java.net.http/jdk.internal.net.http.Http1Response$HeadersReader.onReadError(Http1Response.java:590)
	at java.net.http/jdk.internal.net.http.Http1AsyncReceiver.checkForErrors(Http1AsyncReceiver.java:302)
	at java.net.http/jdk.internal.net.http.Http1AsyncReceiver.flush(Http1AsyncReceiver.java:268)
	at java.net.http/jdk.internal.net.http.common.SequentialScheduler$LockingRestartableTask.run(SequentialScheduler.java:182)
	at java.net.http/jdk.internal.net.http.common.SequentialScheduler$CompleteRestartableTask.run(SequentialScheduler.java:149)
	at java.net.http/jdk.internal.net.http.common.SequentialScheduler$SchedulableTask.run(SequentialScheduler.java:207)
	... 3 common frames omitted
Caused by: java.net.SocketException: Connection reset
	at java.base/sun.nio.ch.SocketChannelImpl.throwConnectionReset(SocketChannelImpl.java:401)
	at java.base/sun.nio.ch.SocketChannelImpl.read(SocketChannelImpl.java:434)
	at java.net.http/jdk.internal.net.http.SocketTube.readAvailable(SocketTube.java:1178)
	at java.net.http/jdk.internal.net.http.SocketTube$InternalReadPublisher$InternalReadSubscription.read(SocketTube.java:841)
	at java.net.http/jdk.internal.net.http.SocketTube$SocketFlowTask.run(SocketTube.java:181)
	at java.net.http/jdk.internal.net.http.common.SequentialScheduler$SchedulableTask.run(SequentialScheduler.java:207)
	at java.net.http/jdk.internal.net.http.common.SequentialScheduler.runOrSchedule(SequentialScheduler.java:280)
	at java.net.http/jdk.internal.net.http.common.SequentialScheduler.runOrSchedule(SequentialScheduler.java:233)
	at java.net.http/jdk.internal.net.http.SocketTube$InternalReadPublisher$InternalReadSubscription.signalReadable(SocketTube.java:782)
	at java.net.http/jdk.internal.net.http.SocketTube$InternalReadPublisher$ReadEvent.signalEvent(SocketTube.java:965)
	at java.net.http/jdk.internal.net.http.SocketTube$SocketFlowEvent.handle(SocketTube.java:253)
	at java.net.http/jdk.internal.net.http.HttpClientImpl$SelectorManager.handleEvent(HttpClientImpl.java:1467)
	at java.net.http/jdk.internal.net.http.HttpClientImpl$SelectorManager.lambda$run$3(HttpClientImpl.java:1412)
	at java.base/java.util.ArrayList.forEach(ArrayList.java:1596)
	at java.net.http/jdk.internal.net.http.HttpClientImpl$SelectorManager.run(HttpClientImpl.java:1412)
2025-05-20 14:07:30 [main] INFO  lt.insoft.uztis.tests.UztisPageTest - Navigated to https://uztisdev.asseco.lt/home
2025-05-20 14:07:30 [main] INFO  l.i.u.tests.ApplicationFormsPageTest - Setup complete. ApplicationFormsPage initialized.
2025-05-20 14:07:30 [main] INFO  l.i.u.tests.ApplicationFormsPageTest - Starting test:'testCreateNewVuiApplication'
2025-05-20 14:07:31 [main] DEBUG l.i.u.tests.ApplicationFormsPageTest - User logged in with test credentials
2025-05-20 14:07:41 [main] ERROR l.i.u.tests.ApplicationFormsPageTest - Test 'testCreateNewVuiApplication' failed with error: no such element: Unable to locate element: {"method":"xpath","selector":"//span[text()='Daugiau']"}
  (Session info: chrome=136.0.7103.114)
For documentation on this error, please visit: https://www.selenium.dev/documentation/webdriver/troubleshooting/errors#no-such-element-exception
Build info: version: '4.27.0', revision: 'd6e718d134'
System info: os.name: 'Windows 11', os.arch: 'amd64', os.version: '10.0', java.version: '21.0.3'
Driver info: org.openqa.selenium.chrome.ChromeDriver
Command: [0dc32363cf8acbacf1bd06d38c8ebc4b, findElement {using=xpath, value=//span[text()='Daugiau']}]
Capabilities {acceptInsecureCerts: false, browserName: chrome, browserVersion: 136.0.7103.114, chrome: {chromedriverVersion: 136.0.7103.94 (fa0be0b33deb..., userDataDir: C:\Users\INGRID~1.ZAD\AppDa...}, fedcm:accounts: true, goog:chromeOptions: {debuggerAddress: localhost:49306}, networkConnectionEnabled: false, pageLoadStrategy: normal, platformName: windows, proxy: Proxy(), se:cdp: ws://localhost:49306/devtoo..., se:cdpVersion: 136.0.7103.114, setWindowRect: true, strictFileInteractability: false, timeouts: {implicit: 0, pageLoad: 300000, script: 30000}, unhandledPromptBehavior: dismiss and notify, webauthn:extension:credBlob: true, webauthn:extension:largeBlob: true, webauthn:extension:minPinLength: true, webauthn:extension:prf: true, webauthn:virtualAuthenticators: true}
Session ID: 0dc32363cf8acbacf1bd06d38c8ebc4b
org.openqa.selenium.NoSuchElementException: no such element: Unable to locate element: {"method":"xpath","selector":"//span[text()='Daugiau']"}
  (Session info: chrome=136.0.7103.114)
For documentation on this error, please visit: https://www.selenium.dev/documentation/webdriver/troubleshooting/errors#no-such-element-exception
Build info: version: '4.27.0', revision: 'd6e718d134'
System info: os.name: 'Windows 11', os.arch: 'amd64', os.version: '10.0', java.version: '21.0.3'
Driver info: org.openqa.selenium.chrome.ChromeDriver
Command: [0dc32363cf8acbacf1bd06d38c8ebc4b, findElement {using=xpath, value=//span[text()='Daugiau']}]
Capabilities {acceptInsecureCerts: false, browserName: chrome, browserVersion: 136.0.7103.114, chrome: {chromedriverVersion: 136.0.7103.94 (fa0be0b33deb..., userDataDir: C:\Users\INGRID~1.ZAD\AppDa...}, fedcm:accounts: true, goog:chromeOptions: {debuggerAddress: localhost:49306}, networkConnectionEnabled: false, pageLoadStrategy: normal, platformName: windows, proxy: Proxy(), se:cdp: ws://localhost:49306/devtoo..., se:cdpVersion: 136.0.7103.114, setWindowRect: true, strictFileInteractability: false, timeouts: {implicit: 0, pageLoad: 300000, script: 30000}, unhandledPromptBehavior: dismiss and notify, webauthn:extension:credBlob: true, webauthn:extension:largeBlob: true, webauthn:extension:minPinLength: true, webauthn:extension:prf: true, webauthn:virtualAuthenticators: true}
Session ID: 0dc32363cf8acbacf1bd06d38c8ebc4b
	at java.base/jdk.internal.reflect.DirectConstructorHandleAccessor.newInstance(DirectConstructorHandleAccessor.java:62)
	at java.base/java.lang.reflect.Constructor.newInstanceWithCaller(Constructor.java:502)
	at java.base/java.lang.reflect.Constructor.newInstance(Constructor.java:486)
	at org.openqa.selenium.remote.ErrorCodec.decode(ErrorCodec.java:167)
	at org.openqa.selenium.remote.codec.w3c.W3CHttpResponseCodec.decode(W3CHttpResponseCodec.java:138)
	at org.openqa.selenium.remote.codec.w3c.W3CHttpResponseCodec.decode(W3CHttpResponseCodec.java:50)
	at org.openqa.selenium.remote.HttpCommandExecutor.execute(HttpCommandExecutor.java:190)
	at org.openqa.selenium.remote.service.DriverCommandExecutor.invokeExecute(DriverCommandExecutor.java:216)
	at org.openqa.selenium.remote.service.DriverCommandExecutor.execute(DriverCommandExecutor.java:174)
	at org.openqa.selenium.remote.RemoteWebDriver.execute(RemoteWebDriver.java:545)
	at org.openqa.selenium.remote.ElementLocation$ElementFinder$2.findElement(ElementLocation.java:165)
	at org.openqa.selenium.remote.ElementLocation.findElement(ElementLocation.java:59)
	at org.openqa.selenium.remote.RemoteWebDriver.findElement(RemoteWebDriver.java:368)
	at org.openqa.selenium.remote.RemoteWebDriver.findElement(RemoteWebDriver.java:362)
	at org.openqa.selenium.support.pagefactory.DefaultElementLocator.findElement(DefaultElementLocator.java:68)
	at org.openqa.selenium.support.pagefactory.internal.LocatingElementHandler.invoke(LocatingElementHandler.java:38)
	at jdk.proxy2/jdk.proxy2.$Proxy14.click(Unknown Source)
	at lt.insoft.uztis.pages.ApplicationFormsPage.clickMenuMore(ApplicationFormsPage.java:234)
	at lt.insoft.uztis.tests.ApplicationFormsPageTest.navigateToApplicationFormsMenu(ApplicationFormsPageTest.java:21)
	at lt.insoft.uztis.tests.ApplicationFormsPageTest.testCreateNewVuiApplication(ApplicationFormsPageTest.java:95)
	at java.base/jdk.internal.reflect.DirectMethodHandleAccessor.invoke(DirectMethodHandleAccessor.java:103)
	at java.base/java.lang.reflect.Method.invoke(Method.java:580)
	at org.junit.platform.commons.util.ReflectionUtils.invokeMethod(ReflectionUtils.java:728)
	at org.junit.jupiter.engine.execution.MethodInvocation.proceed(MethodInvocation.java:60)
	at org.junit.jupiter.engine.execution.InvocationInterceptorChain$ValidatingInvocation.proceed(InvocationInterceptorChain.java:131)
	at org.junit.jupiter.engine.extension.TimeoutExtension.intercept(TimeoutExtension.java:156)
	at org.junit.jupiter.engine.extension.TimeoutExtension.interceptTestableMethod(TimeoutExtension.java:147)
	at org.junit.jupiter.engine.extension.TimeoutExtension.interceptTestMethod(TimeoutExtension.java:86)
	at org.junit.jupiter.engine.execution.InterceptingExecutableInvoker$ReflectiveInterceptorCall.lambda$ofVoidMethod$0(InterceptingExecutableInvoker.java:103)
	at org.junit.jupiter.engine.execution.InterceptingExecutableInvoker.lambda$invoke$0(InterceptingExecutableInvoker.java:93)
	at org.junit.jupiter.engine.execution.InvocationInterceptorChain$InterceptedInvocation.proceed(InvocationInterceptorChain.java:106)
	at org.junit.jupiter.engine.execution.InvocationInterceptorChain.proceed(InvocationInterceptorChain.java:64)
	at org.junit.jupiter.engine.execution.InvocationInterceptorChain.chainAndInvoke(InvocationInterceptorChain.java:45)
	at org.junit.jupiter.engine.execution.InvocationInterceptorChain.invoke(InvocationInterceptorChain.java:37)
	at org.junit.jupiter.engine.execution.InterceptingExecutableInvoker.invoke(InterceptingExecutableInvoker.java:92)
	at org.junit.jupiter.engine.execution.InterceptingExecutableInvoker.invoke(InterceptingExecutableInvoker.java:86)
	at org.junit.jupiter.engine.descriptor.TestMethodTestDescriptor.lambda$invokeTestMethod$7(TestMethodTestDescriptor.java:218)
	at org.junit.platform.engine.support.hierarchical.ThrowableCollector.execute(ThrowableCollector.java:73)
	at org.junit.jupiter.engine.descriptor.TestMethodTestDescriptor.invokeTestMethod(TestMethodTestDescriptor.java:214)
	at org.junit.jupiter.engine.descriptor.TestMethodTestDescriptor.execute(TestMethodTestDescriptor.java:139)
	at org.junit.jupiter.engine.descriptor.TestMethodTestDescriptor.execute(TestMethodTestDescriptor.java:69)
	at org.junit.platform.engine.support.hierarchical.NodeTestTask.lambda$executeRecursively$6(NodeTestTask.java:151)
	at org.junit.platform.engine.support.hierarchical.ThrowableCollector.execute(ThrowableCollector.java:73)
	at org.junit.platform.engine.support.hierarchical.NodeTestTask.lambda$executeRecursively$8(NodeTestTask.java:141)
	at org.junit.platform.engine.support.hierarchical.Node.around(Node.java:137)
	at org.junit.platform.engine.support.hierarchical.NodeTestTask.lambda$executeRecursively$9(NodeTestTask.java:139)
	at org.junit.platform.engine.support.hierarchical.ThrowableCollector.execute(ThrowableCollector.java:73)
	at org.junit.platform.engine.support.hierarchical.NodeTestTask.executeRecursively(NodeTestTask.java:138)
	at org.junit.platform.engine.support.hierarchical.NodeTestTask.execute(NodeTestTask.java:95)
	at java.base/java.util.ArrayList.forEach(ArrayList.java:1596)
	at org.junit.platform.engine.support.hierarchical.SameThreadHierarchicalTestExecutorService.invokeAll(SameThreadHierarchicalTestExecutorService.java:41)
	at org.junit.platform.engine.support.hierarchical.NodeTestTask.lambda$executeRecursively$6(NodeTestTask.java:155)
	at org.junit.platform.engine.support.hierarchical.ThrowableCollector.execute(ThrowableCollector.java:73)
	at org.junit.platform.engine.support.hierarchical.NodeTestTask.lambda$executeRecursively$8(NodeTestTask.java:141)
	at org.junit.platform.engine.support.hierarchical.Node.around(Node.java:137)
	at org.junit.platform.engine.support.hierarchical.NodeTestTask.lambda$executeRecursively$9(NodeTestTask.java:139)
	at org.junit.platform.engine.support.hierarchical.ThrowableCollector.execute(ThrowableCollector.java:73)
	at org.junit.platform.engine.support.hierarchical.NodeTestTask.executeRecursively(NodeTestTask.java:138)
	at org.junit.platform.engine.support.hierarchical.NodeTestTask.execute(NodeTestTask.java:95)
	at java.base/java.util.ArrayList.forEach(ArrayList.java:1596)
	at org.junit.platform.engine.support.hierarchical.SameThreadHierarchicalTestExecutorService.invokeAll(SameThreadHierarchicalTestExecutorService.java:41)
	at org.junit.platform.engine.support.hierarchical.NodeTestTask.lambda$executeRecursively$6(NodeTestTask.java:155)
	at org.junit.platform.engine.support.hierarchical.ThrowableCollector.execute(ThrowableCollector.java:73)
	at org.junit.platform.engine.support.hierarchical.NodeTestTask.lambda$executeRecursively$8(NodeTestTask.java:141)
	at org.junit.platform.engine.support.hierarchical.Node.around(Node.java:137)
	at org.junit.platform.engine.support.hierarchical.NodeTestTask.lambda$executeRecursively$9(NodeTestTask.java:139)
	at org.junit.platform.engine.support.hierarchical.ThrowableCollector.execute(ThrowableCollector.java:73)
	at org.junit.platform.engine.support.hierarchical.NodeTestTask.executeRecursively(NodeTestTask.java:138)
	at org.junit.platform.engine.support.hierarchical.NodeTestTask.execute(NodeTestTask.java:95)
	at org.junit.platform.engine.support.hierarchical.SameThreadHierarchicalTestExecutorService.submit(SameThreadHierarchicalTestExecutorService.java:35)
	at org.junit.platform.engine.support.hierarchical.HierarchicalTestExecutor.execute(HierarchicalTestExecutor.java:57)
	at org.junit.platform.engine.support.hierarchical.HierarchicalTestEngine.execute(HierarchicalTestEngine.java:54)
	at org.junit.platform.launcher.core.EngineExecutionOrchestrator.execute(EngineExecutionOrchestrator.java:198)
	at org.junit.platform.launcher.core.EngineExecutionOrchestrator.execute(EngineExecutionOrchestrator.java:169)
	at org.junit.platform.launcher.core.EngineExecutionOrchestrator.execute(EngineExecutionOrchestrator.java:93)
	at org.junit.platform.launcher.core.EngineExecutionOrchestrator.lambda$execute$0(EngineExecutionOrchestrator.java:58)
	at org.junit.platform.launcher.core.EngineExecutionOrchestrator.withInterceptedStreams(EngineExecutionOrchestrator.java:141)
	at org.junit.platform.launcher.core.EngineExecutionOrchestrator.execute(EngineExecutionOrchestrator.java:57)
	at org.junit.platform.launcher.core.DefaultLauncher.execute(DefaultLauncher.java:103)
	at org.junit.platform.launcher.core.DefaultLauncher.execute(DefaultLauncher.java:85)
	at org.junit.platform.launcher.core.DelegatingLauncher.execute(DelegatingLauncher.java:47)
	at org.junit.platform.launcher.core.SessionPerRequestLauncher.execute(SessionPerRequestLauncher.java:63)
	at com.intellij.junit5.JUnit5IdeaTestRunner.startRunnerWithArgs(JUnit5IdeaTestRunner.java:57)
	at com.intellij.rt.junit.IdeaTestRunner$Repeater$1.execute(IdeaTestRunner.java:38)
	at com.intellij.rt.execution.junit.TestsRepeater.repeat(TestsRepeater.java:11)
	at com.intellij.rt.junit.IdeaTestRunner$Repeater.startRunnerWithArgs(IdeaTestRunner.java:35)
	at com.intellij.rt.junit.JUnitStarter.prepareStreamsAndStart(JUnitStarter.java:232)
	at com.intellij.rt.junit.JUnitStarter.main(JUnitStarter.java:55)
2025-05-20 14:07:41 [main] INFO  l.insoft.uztis.tests.utils.TestUtils - Screenshot moved to C:\Users\ingrida.zadorozniene\Desktop\Asm\UZTIS\UZTIS_tests\test-output\screenshots\20250520\140741881_testCreateNewVuiApplication().png
2025-05-20 14:08:12 [main] INFO  lt.insoft.uztis.tests.UztisPageTest - Navigated to https://uztisdev.asseco.lt/home
2025-05-20 14:08:12 [main] INFO  l.i.u.tests.ApplicationFormsPageTest - Setup complete. ApplicationFormsPage initialized.
2025-05-20 14:08:12 [main] INFO  l.i.u.tests.ApplicationFormsPageTest - Starting test:'testCreateNewVuiApplication'
2025-05-20 14:08:12 [main] DEBUG l.i.u.tests.ApplicationFormsPageTest - User logged in with test credentials
2025-05-20 14:08:22 [main] ERROR l.i.u.tests.ApplicationFormsPageTest - Test 'testCreateNewVuiApplication' failed with error: Error communicating with the remote browser. It may have died.
Build info: version: '4.27.0', revision: 'd6e718d134'
System info: os.name: 'Windows 11', os.arch: 'amd64', os.version: '10.0', java.version: '21.0.3'
Driver info: org.openqa.selenium.chrome.ChromeDriver
Command: [4e2eba4214814c9e8715dd024d179cdf, findElement [value, using]]
Capabilities {acceptInsecureCerts: false, browserName: chrome, browserVersion: 136.0.7103.114, chrome: {chromedriverVersion: 136.0.7103.94 (fa0be0b33deb..., userDataDir: C:\Users\INGRID~1.ZAD\AppDa...}, fedcm:accounts: true, goog:chromeOptions: {debuggerAddress: localhost:49349}, networkConnectionEnabled: false, pageLoadStrategy: normal, platformName: windows, proxy: Proxy(), se:cdp: ws://localhost:49349/devtoo..., se:cdpVersion: 136.0.7103.114, setWindowRect: true, strictFileInteractability: false, timeouts: {implicit: 0, pageLoad: 300000, script: 30000}, unhandledPromptBehavior: dismiss and notify, webauthn:extension:credBlob: true, webauthn:extension:largeBlob: true, webauthn:extension:minPinLength: true, webauthn:extension:prf: true, webauthn:virtualAuthenticators: true}
Session ID: 4e2eba4214814c9e8715dd024d179cdf
org.openqa.selenium.remote.UnreachableBrowserException: Error communicating with the remote browser. It may have died.
Build info: version: '4.27.0', revision: 'd6e718d134'
System info: os.name: 'Windows 11', os.arch: 'amd64', os.version: '10.0', java.version: '21.0.3'
Driver info: org.openqa.selenium.chrome.ChromeDriver
Command: [4e2eba4214814c9e8715dd024d179cdf, findElement [value, using]]
Capabilities {acceptInsecureCerts: false, browserName: chrome, browserVersion: 136.0.7103.114, chrome: {chromedriverVersion: 136.0.7103.94 (fa0be0b33deb..., userDataDir: C:\Users\INGRID~1.ZAD\AppDa...}, fedcm:accounts: true, goog:chromeOptions: {debuggerAddress: localhost:49349}, networkConnectionEnabled: false, pageLoadStrategy: normal, platformName: windows, proxy: Proxy(), se:cdp: ws://localhost:49349/devtoo..., se:cdpVersion: 136.0.7103.114, setWindowRect: true, strictFileInteractability: false, timeouts: {implicit: 0, pageLoad: 300000, script: 30000}, unhandledPromptBehavior: dismiss and notify, webauthn:extension:credBlob: true, webauthn:extension:largeBlob: true, webauthn:extension:minPinLength: true, webauthn:extension:prf: true, webauthn:virtualAuthenticators: true}
Session ID: 4e2eba4214814c9e8715dd024d179cdf
	at org.openqa.selenium.remote.RemoteWebDriver.execute(RemoteWebDriver.java:572)
	at org.openqa.selenium.remote.ElementLocation$ElementFinder$2.findElement(ElementLocation.java:165)
	at org.openqa.selenium.remote.ElementLocation.findElement(ElementLocation.java:59)
	at org.openqa.selenium.remote.RemoteWebDriver.findElement(RemoteWebDriver.java:368)
	at org.openqa.selenium.remote.RemoteWebDriver.findElement(RemoteWebDriver.java:362)
	at org.openqa.selenium.support.pagefactory.DefaultElementLocator.findElement(DefaultElementLocator.java:68)
	at org.openqa.selenium.support.pagefactory.internal.LocatingElementHandler.invoke(LocatingElementHandler.java:38)
	at jdk.proxy2/jdk.proxy2.$Proxy14.click(Unknown Source)
	at lt.insoft.uztis.pages.ApplicationFormsPage.clickMenuMore(ApplicationFormsPage.java:234)
	at lt.insoft.uztis.tests.ApplicationFormsPageTest.navigateToApplicationFormsMenu(ApplicationFormsPageTest.java:21)
	at lt.insoft.uztis.tests.ApplicationFormsPageTest.testCreateNewVuiApplication(ApplicationFormsPageTest.java:95)
	at java.base/jdk.internal.reflect.DirectMethodHandleAccessor.invoke(DirectMethodHandleAccessor.java:103)
	at java.base/java.lang.reflect.Method.invoke(Method.java:580)
	at org.junit.platform.commons.util.ReflectionUtils.invokeMethod(ReflectionUtils.java:728)
	at org.junit.jupiter.engine.execution.MethodInvocation.proceed(MethodInvocation.java:60)
	at org.junit.jupiter.engine.execution.InvocationInterceptorChain$ValidatingInvocation.proceed(InvocationInterceptorChain.java:131)
	at org.junit.jupiter.engine.extension.TimeoutExtension.intercept(TimeoutExtension.java:156)
	at org.junit.jupiter.engine.extension.TimeoutExtension.interceptTestableMethod(TimeoutExtension.java:147)
	at org.junit.jupiter.engine.extension.TimeoutExtension.interceptTestMethod(TimeoutExtension.java:86)
	at org.junit.jupiter.engine.execution.InterceptingExecutableInvoker$ReflectiveInterceptorCall.lambda$ofVoidMethod$0(InterceptingExecutableInvoker.java:103)
	at org.junit.jupiter.engine.execution.InterceptingExecutableInvoker.lambda$invoke$0(InterceptingExecutableInvoker.java:93)
	at org.junit.jupiter.engine.execution.InvocationInterceptorChain$InterceptedInvocation.proceed(InvocationInterceptorChain.java:106)
	at org.junit.jupiter.engine.execution.InvocationInterceptorChain.proceed(InvocationInterceptorChain.java:64)
	at org.junit.jupiter.engine.execution.InvocationInterceptorChain.chainAndInvoke(InvocationInterceptorChain.java:45)
	at org.junit.jupiter.engine.execution.InvocationInterceptorChain.invoke(InvocationInterceptorChain.java:37)
	at org.junit.jupiter.engine.execution.InterceptingExecutableInvoker.invoke(InterceptingExecutableInvoker.java:92)
	at org.junit.jupiter.engine.execution.InterceptingExecutableInvoker.invoke(InterceptingExecutableInvoker.java:86)
	at org.junit.jupiter.engine.descriptor.TestMethodTestDescriptor.lambda$invokeTestMethod$7(TestMethodTestDescriptor.java:218)
	at org.junit.platform.engine.support.hierarchical.ThrowableCollector.execute(ThrowableCollector.java:73)
	at org.junit.jupiter.engine.descriptor.TestMethodTestDescriptor.invokeTestMethod(TestMethodTestDescriptor.java:214)
	at org.junit.jupiter.engine.descriptor.TestMethodTestDescriptor.execute(TestMethodTestDescriptor.java:139)
	at org.junit.jupiter.engine.descriptor.TestMethodTestDescriptor.execute(TestMethodTestDescriptor.java:69)
	at org.junit.platform.engine.support.hierarchical.NodeTestTask.lambda$executeRecursively$6(NodeTestTask.java:151)
	at org.junit.platform.engine.support.hierarchical.ThrowableCollector.execute(ThrowableCollector.java:73)
	at org.junit.platform.engine.support.hierarchical.NodeTestTask.lambda$executeRecursively$8(NodeTestTask.java:141)
	at org.junit.platform.engine.support.hierarchical.Node.around(Node.java:137)
	at org.junit.platform.engine.support.hierarchical.NodeTestTask.lambda$executeRecursively$9(NodeTestTask.java:139)
	at org.junit.platform.engine.support.hierarchical.ThrowableCollector.execute(ThrowableCollector.java:73)
	at org.junit.platform.engine.support.hierarchical.NodeTestTask.executeRecursively(NodeTestTask.java:138)
	at org.junit.platform.engine.support.hierarchical.NodeTestTask.execute(NodeTestTask.java:95)
	at java.base/java.util.ArrayList.forEach(ArrayList.java:1596)
	at org.junit.platform.engine.support.hierarchical.SameThreadHierarchicalTestExecutorService.invokeAll(SameThreadHierarchicalTestExecutorService.java:41)
	at org.junit.platform.engine.support.hierarchical.NodeTestTask.lambda$executeRecursively$6(NodeTestTask.java:155)
	at org.junit.platform.engine.support.hierarchical.ThrowableCollector.execute(ThrowableCollector.java:73)
	at org.junit.platform.engine.support.hierarchical.NodeTestTask.lambda$executeRecursively$8(NodeTestTask.java:141)
	at org.junit.platform.engine.support.hierarchical.Node.around(Node.java:137)
	at org.junit.platform.engine.support.hierarchical.NodeTestTask.lambda$executeRecursively$9(NodeTestTask.java:139)
	at org.junit.platform.engine.support.hierarchical.ThrowableCollector.execute(ThrowableCollector.java:73)
	at org.junit.platform.engine.support.hierarchical.NodeTestTask.executeRecursively(NodeTestTask.java:138)
	at org.junit.platform.engine.support.hierarchical.NodeTestTask.execute(NodeTestTask.java:95)
	at java.base/java.util.ArrayList.forEach(ArrayList.java:1596)
	at org.junit.platform.engine.support.hierarchical.SameThreadHierarchicalTestExecutorService.invokeAll(SameThreadHierarchicalTestExecutorService.java:41)
	at org.junit.platform.engine.support.hierarchical.NodeTestTask.lambda$executeRecursively$6(NodeTestTask.java:155)
	at org.junit.platform.engine.support.hierarchical.ThrowableCollector.execute(ThrowableCollector.java:73)
	at org.junit.platform.engine.support.hierarchical.NodeTestTask.lambda$executeRecursively$8(NodeTestTask.java:141)
	at org.junit.platform.engine.support.hierarchical.Node.around(Node.java:137)
	at org.junit.platform.engine.support.hierarchical.NodeTestTask.lambda$executeRecursively$9(NodeTestTask.java:139)
	at org.junit.platform.engine.support.hierarchical.ThrowableCollector.execute(ThrowableCollector.java:73)
	at org.junit.platform.engine.support.hierarchical.NodeTestTask.executeRecursively(NodeTestTask.java:138)
	at org.junit.platform.engine.support.hierarchical.NodeTestTask.execute(NodeTestTask.java:95)
	at org.junit.platform.engine.support.hierarchical.SameThreadHierarchicalTestExecutorService.submit(SameThreadHierarchicalTestExecutorService.java:35)
	at org.junit.platform.engine.support.hierarchical.HierarchicalTestExecutor.execute(HierarchicalTestExecutor.java:57)
	at org.junit.platform.engine.support.hierarchical.HierarchicalTestEngine.execute(HierarchicalTestEngine.java:54)
	at org.junit.platform.launcher.core.EngineExecutionOrchestrator.execute(EngineExecutionOrchestrator.java:198)
	at org.junit.platform.launcher.core.EngineExecutionOrchestrator.execute(EngineExecutionOrchestrator.java:169)
	at org.junit.platform.launcher.core.EngineExecutionOrchestrator.execute(EngineExecutionOrchestrator.java:93)
	at org.junit.platform.launcher.core.EngineExecutionOrchestrator.lambda$execute$0(EngineExecutionOrchestrator.java:58)
	at org.junit.platform.launcher.core.EngineExecutionOrchestrator.withInterceptedStreams(EngineExecutionOrchestrator.java:141)
	at org.junit.platform.launcher.core.EngineExecutionOrchestrator.execute(EngineExecutionOrchestrator.java:57)
	at org.junit.platform.launcher.core.DefaultLauncher.execute(DefaultLauncher.java:103)
	at org.junit.platform.launcher.core.DefaultLauncher.execute(DefaultLauncher.java:85)
	at org.junit.platform.launcher.core.DelegatingLauncher.execute(DelegatingLauncher.java:47)
	at org.junit.platform.launcher.core.SessionPerRequestLauncher.execute(SessionPerRequestLauncher.java:63)
	at com.intellij.junit5.JUnit5IdeaTestRunner.startRunnerWithArgs(JUnit5IdeaTestRunner.java:57)
	at com.intellij.rt.junit.IdeaTestRunner$Repeater$1.execute(IdeaTestRunner.java:38)
	at com.intellij.rt.execution.junit.TestsRepeater.repeat(TestsRepeater.java:11)
	at com.intellij.rt.junit.IdeaTestRunner$Repeater.startRunnerWithArgs(IdeaTestRunner.java:35)
	at com.intellij.rt.junit.JUnitStarter.prepareStreamsAndStart(JUnitStarter.java:232)
	at com.intellij.rt.junit.JUnitStarter.main(JUnitStarter.java:55)
Caused by: java.io.UncheckedIOException: java.io.IOException: HTTP/1.1 header parser received no bytes
	at org.openqa.selenium.remote.http.jdk.JdkHttpClient.execute0(JdkHttpClient.java:496)
	at org.openqa.selenium.remote.http.AddSeleniumUserAgent.lambda$apply$0(AddSeleniumUserAgent.java:42)
	at org.openqa.selenium.remote.http.Filter.lambda$andFinally$1(Filter.java:55)
	at org.openqa.selenium.remote.http.jdk.JdkHttpClient.lambda$executeAsync$1(JdkHttpClient.java:383)
	at java.base/java.util.concurrent.Executors$RunnableAdapter.call(Executors.java:572)
	at java.base/java.util.concurrent.FutureTask.run(FutureTask.java:317)
	at java.base/java.util.concurrent.ThreadPoolExecutor.runWorker(ThreadPoolExecutor.java:1144)
	at java.base/java.util.concurrent.ThreadPoolExecutor$Worker.run(ThreadPoolExecutor.java:642)
	at java.base/java.lang.Thread.run(Thread.java:1583)
Caused by: java.io.IOException: HTTP/1.1 header parser received no bytes
	at java.net.http/jdk.internal.net.http.HttpClientImpl.send(HttpClientImpl.java:964)
	at java.net.http/jdk.internal.net.http.HttpClientFacade.send(HttpClientFacade.java:133)
	at org.openqa.selenium.remote.http.jdk.JdkHttpClient.execute0(JdkHttpClient.java:455)
	... 8 common frames omitted
Caused by: java.io.IOException: HTTP/1.1 header parser received no bytes
	at java.net.http/jdk.internal.net.http.common.Utils.wrapWithExtraDetail(Utils.java:388)
	at java.net.http/jdk.internal.net.http.Http1Response$HeadersReader.onReadError(Http1Response.java:590)
	at java.net.http/jdk.internal.net.http.Http1AsyncReceiver.checkForErrors(Http1AsyncReceiver.java:302)
	at java.net.http/jdk.internal.net.http.Http1AsyncReceiver.flush(Http1AsyncReceiver.java:268)
	at java.net.http/jdk.internal.net.http.common.SequentialScheduler$LockingRestartableTask.run(SequentialScheduler.java:182)
	at java.net.http/jdk.internal.net.http.common.SequentialScheduler$CompleteRestartableTask.run(SequentialScheduler.java:149)
	at java.net.http/jdk.internal.net.http.common.SequentialScheduler$SchedulableTask.run(SequentialScheduler.java:207)
	... 3 common frames omitted
Caused by: java.net.SocketException: Connection reset
	at java.base/sun.nio.ch.SocketChannelImpl.throwConnectionReset(SocketChannelImpl.java:401)
	at java.base/sun.nio.ch.SocketChannelImpl.read(SocketChannelImpl.java:434)
	at java.net.http/jdk.internal.net.http.SocketTube.readAvailable(SocketTube.java:1178)
	at java.net.http/jdk.internal.net.http.SocketTube$InternalReadPublisher$InternalReadSubscription.read(SocketTube.java:841)
	at java.net.http/jdk.internal.net.http.SocketTube$SocketFlowTask.run(SocketTube.java:181)
	at java.net.http/jdk.internal.net.http.common.SequentialScheduler$SchedulableTask.run(SequentialScheduler.java:207)
	at java.net.http/jdk.internal.net.http.common.SequentialScheduler.runOrSchedule(SequentialScheduler.java:280)
	at java.net.http/jdk.internal.net.http.common.SequentialScheduler.runOrSchedule(SequentialScheduler.java:233)
	at java.net.http/jdk.internal.net.http.SocketTube$InternalReadPublisher$InternalReadSubscription.signalReadable(SocketTube.java:782)
	at java.net.http/jdk.internal.net.http.SocketTube$InternalReadPublisher$ReadEvent.signalEvent(SocketTube.java:965)
	at java.net.http/jdk.internal.net.http.SocketTube$SocketFlowEvent.handle(SocketTube.java:253)
	at java.net.http/jdk.internal.net.http.HttpClientImpl$SelectorManager.handleEvent(HttpClientImpl.java:1467)
	at java.net.http/jdk.internal.net.http.HttpClientImpl$SelectorManager.lambda$run$3(HttpClientImpl.java:1412)
	at java.base/java.util.ArrayList.forEach(ArrayList.java:1596)
	at java.net.http/jdk.internal.net.http.HttpClientImpl$SelectorManager.run(HttpClientImpl.java:1412)
2025-05-20 14:14:46 [main] INFO  lt.insoft.uztis.tests.UztisPageTest - Navigated to https://uztisdev.asseco.lt/home
2025-05-20 14:14:46 [main] INFO  l.i.u.tests.ApplicationFormsPageTest - Setup complete. ApplicationFormsPage initialized.
2025-05-20 14:14:46 [main] INFO  l.i.u.tests.ApplicationFormsPageTest - Starting test:'testNavigateToAndReviewApplicationFormsPageTest'
2025-05-20 14:14:46 [main] DEBUG l.i.u.tests.ApplicationFormsPageTest - User logged in with test credentials
2025-05-20 14:14:56 [main] ERROR l.i.u.tests.ApplicationFormsPageTest - Test 'testNavigateToAndReviewApplicationFormsPageTest' failed with error: no such element: Unable to locate element: {"method":"xpath","selector":"//span[text()='Daugiau']"}
  (Session info: chrome=136.0.7103.114)
For documentation on this error, please visit: https://www.selenium.dev/documentation/webdriver/troubleshooting/errors#no-such-element-exception
Build info: version: '4.27.0', revision: 'd6e718d134'
System info: os.name: 'Windows 11', os.arch: 'amd64', os.version: '10.0', java.version: '21.0.3'
Driver info: org.openqa.selenium.chrome.ChromeDriver
Command: [043bb3e8940d97d5d1fedb65f5946092, findElement {using=xpath, value=//span[text()='Daugiau']}]
Capabilities {acceptInsecureCerts: false, browserName: chrome, browserVersion: 136.0.7103.114, chrome: {chromedriverVersion: 136.0.7103.94 (fa0be0b33deb..., userDataDir: C:\Users\INGRID~1.ZAD\AppDa...}, fedcm:accounts: true, goog:chromeOptions: {debuggerAddress: localhost:49640}, networkConnectionEnabled: false, pageLoadStrategy: normal, platformName: windows, proxy: Proxy(), se:cdp: ws://localhost:49640/devtoo..., se:cdpVersion: 136.0.7103.114, setWindowRect: true, strictFileInteractability: false, timeouts: {implicit: 0, pageLoad: 300000, script: 30000}, unhandledPromptBehavior: dismiss and notify, webauthn:extension:credBlob: true, webauthn:extension:largeBlob: true, webauthn:extension:minPinLength: true, webauthn:extension:prf: true, webauthn:virtualAuthenticators: true}
Session ID: 043bb3e8940d97d5d1fedb65f5946092
org.openqa.selenium.NoSuchElementException: no such element: Unable to locate element: {"method":"xpath","selector":"//span[text()='Daugiau']"}
  (Session info: chrome=136.0.7103.114)
For documentation on this error, please visit: https://www.selenium.dev/documentation/webdriver/troubleshooting/errors#no-such-element-exception
Build info: version: '4.27.0', revision: 'd6e718d134'
System info: os.name: 'Windows 11', os.arch: 'amd64', os.version: '10.0', java.version: '21.0.3'
Driver info: org.openqa.selenium.chrome.ChromeDriver
Command: [043bb3e8940d97d5d1fedb65f5946092, findElement {using=xpath, value=//span[text()='Daugiau']}]
Capabilities {acceptInsecureCerts: false, browserName: chrome, browserVersion: 136.0.7103.114, chrome: {chromedriverVersion: 136.0.7103.94 (fa0be0b33deb..., userDataDir: C:\Users\INGRID~1.ZAD\AppDa...}, fedcm:accounts: true, goog:chromeOptions: {debuggerAddress: localhost:49640}, networkConnectionEnabled: false, pageLoadStrategy: normal, platformName: windows, proxy: Proxy(), se:cdp: ws://localhost:49640/devtoo..., se:cdpVersion: 136.0.7103.114, setWindowRect: true, strictFileInteractability: false, timeouts: {implicit: 0, pageLoad: 300000, script: 30000}, unhandledPromptBehavior: dismiss and notify, webauthn:extension:credBlob: true, webauthn:extension:largeBlob: true, webauthn:extension:minPinLength: true, webauthn:extension:prf: true, webauthn:virtualAuthenticators: true}
Session ID: 043bb3e8940d97d5d1fedb65f5946092
	at java.base/jdk.internal.reflect.DirectConstructorHandleAccessor.newInstance(DirectConstructorHandleAccessor.java:62)
	at java.base/java.lang.reflect.Constructor.newInstanceWithCaller(Constructor.java:502)
	at java.base/java.lang.reflect.Constructor.newInstance(Constructor.java:486)
	at org.openqa.selenium.remote.ErrorCodec.decode(ErrorCodec.java:167)
	at org.openqa.selenium.remote.codec.w3c.W3CHttpResponseCodec.decode(W3CHttpResponseCodec.java:138)
	at org.openqa.selenium.remote.codec.w3c.W3CHttpResponseCodec.decode(W3CHttpResponseCodec.java:50)
	at org.openqa.selenium.remote.HttpCommandExecutor.execute(HttpCommandExecutor.java:190)
	at org.openqa.selenium.remote.service.DriverCommandExecutor.invokeExecute(DriverCommandExecutor.java:216)
	at org.openqa.selenium.remote.service.DriverCommandExecutor.execute(DriverCommandExecutor.java:174)
	at org.openqa.selenium.remote.RemoteWebDriver.execute(RemoteWebDriver.java:545)
	at org.openqa.selenium.remote.ElementLocation$ElementFinder$2.findElement(ElementLocation.java:165)
	at org.openqa.selenium.remote.ElementLocation.findElement(ElementLocation.java:59)
	at org.openqa.selenium.remote.RemoteWebDriver.findElement(RemoteWebDriver.java:368)
	at org.openqa.selenium.remote.RemoteWebDriver.findElement(RemoteWebDriver.java:362)
	at org.openqa.selenium.support.pagefactory.DefaultElementLocator.findElement(DefaultElementLocator.java:68)
	at org.openqa.selenium.support.pagefactory.internal.LocatingElementHandler.invoke(LocatingElementHandler.java:38)
	at jdk.proxy2/jdk.proxy2.$Proxy14.click(Unknown Source)
	at lt.insoft.uztis.pages.ApplicationFormsPage.clickMenuMore(ApplicationFormsPage.java:235)
	at lt.insoft.uztis.tests.ApplicationFormsPageTest.navigateToApplicationFormsMenu(ApplicationFormsPageTest.java:21)
	at lt.insoft.uztis.tests.ApplicationFormsPageTest.testNavigateToAndReviewApplicationFormsPageTest(ApplicationFormsPageTest.java:59)
	at java.base/jdk.internal.reflect.DirectMethodHandleAccessor.invoke(DirectMethodHandleAccessor.java:103)
	at java.base/java.lang.reflect.Method.invoke(Method.java:580)
	at org.junit.platform.commons.util.ReflectionUtils.invokeMethod(ReflectionUtils.java:728)
	at org.junit.jupiter.engine.execution.MethodInvocation.proceed(MethodInvocation.java:60)
	at org.junit.jupiter.engine.execution.InvocationInterceptorChain$ValidatingInvocation.proceed(InvocationInterceptorChain.java:131)
	at org.junit.jupiter.engine.extension.TimeoutExtension.intercept(TimeoutExtension.java:156)
	at org.junit.jupiter.engine.extension.TimeoutExtension.interceptTestableMethod(TimeoutExtension.java:147)
	at org.junit.jupiter.engine.extension.TimeoutExtension.interceptTestMethod(TimeoutExtension.java:86)
	at org.junit.jupiter.engine.execution.InterceptingExecutableInvoker$ReflectiveInterceptorCall.lambda$ofVoidMethod$0(InterceptingExecutableInvoker.java:103)
	at org.junit.jupiter.engine.execution.InterceptingExecutableInvoker.lambda$invoke$0(InterceptingExecutableInvoker.java:93)
	at org.junit.jupiter.engine.execution.InvocationInterceptorChain$InterceptedInvocation.proceed(InvocationInterceptorChain.java:106)
	at org.junit.jupiter.engine.execution.InvocationInterceptorChain.proceed(InvocationInterceptorChain.java:64)
	at org.junit.jupiter.engine.execution.InvocationInterceptorChain.chainAndInvoke(InvocationInterceptorChain.java:45)
	at org.junit.jupiter.engine.execution.InvocationInterceptorChain.invoke(InvocationInterceptorChain.java:37)
	at org.junit.jupiter.engine.execution.InterceptingExecutableInvoker.invoke(InterceptingExecutableInvoker.java:92)
	at org.junit.jupiter.engine.execution.InterceptingExecutableInvoker.invoke(InterceptingExecutableInvoker.java:86)
	at org.junit.jupiter.engine.descriptor.TestMethodTestDescriptor.lambda$invokeTestMethod$7(TestMethodTestDescriptor.java:218)
	at org.junit.platform.engine.support.hierarchical.ThrowableCollector.execute(ThrowableCollector.java:73)
	at org.junit.jupiter.engine.descriptor.TestMethodTestDescriptor.invokeTestMethod(TestMethodTestDescriptor.java:214)
	at org.junit.jupiter.engine.descriptor.TestMethodTestDescriptor.execute(TestMethodTestDescriptor.java:139)
	at org.junit.jupiter.engine.descriptor.TestMethodTestDescriptor.execute(TestMethodTestDescriptor.java:69)
	at org.junit.platform.engine.support.hierarchical.NodeTestTask.lambda$executeRecursively$6(NodeTestTask.java:151)
	at org.junit.platform.engine.support.hierarchical.ThrowableCollector.execute(ThrowableCollector.java:73)
	at org.junit.platform.engine.support.hierarchical.NodeTestTask.lambda$executeRecursively$8(NodeTestTask.java:141)
	at org.junit.platform.engine.support.hierarchical.Node.around(Node.java:137)
	at org.junit.platform.engine.support.hierarchical.NodeTestTask.lambda$executeRecursively$9(NodeTestTask.java:139)
	at org.junit.platform.engine.support.hierarchical.ThrowableCollector.execute(ThrowableCollector.java:73)
	at org.junit.platform.engine.support.hierarchical.NodeTestTask.executeRecursively(NodeTestTask.java:138)
	at org.junit.platform.engine.support.hierarchical.NodeTestTask.execute(NodeTestTask.java:95)
	at java.base/java.util.ArrayList.forEach(ArrayList.java:1596)
	at org.junit.platform.engine.support.hierarchical.SameThreadHierarchicalTestExecutorService.invokeAll(SameThreadHierarchicalTestExecutorService.java:41)
	at org.junit.platform.engine.support.hierarchical.NodeTestTask.lambda$executeRecursively$6(NodeTestTask.java:155)
	at org.junit.platform.engine.support.hierarchical.ThrowableCollector.execute(ThrowableCollector.java:73)
	at org.junit.platform.engine.support.hierarchical.NodeTestTask.lambda$executeRecursively$8(NodeTestTask.java:141)
	at org.junit.platform.engine.support.hierarchical.Node.around(Node.java:137)
	at org.junit.platform.engine.support.hierarchical.NodeTestTask.lambda$executeRecursively$9(NodeTestTask.java:139)
	at org.junit.platform.engine.support.hierarchical.ThrowableCollector.execute(ThrowableCollector.java:73)
	at org.junit.platform.engine.support.hierarchical.NodeTestTask.executeRecursively(NodeTestTask.java:138)
	at org.junit.platform.engine.support.hierarchical.NodeTestTask.execute(NodeTestTask.java:95)
	at java.base/java.util.ArrayList.forEach(ArrayList.java:1596)
	at org.junit.platform.engine.support.hierarchical.SameThreadHierarchicalTestExecutorService.invokeAll(SameThreadHierarchicalTestExecutorService.java:41)
	at org.junit.platform.engine.support.hierarchical.NodeTestTask.lambda$executeRecursively$6(NodeTestTask.java:155)
	at org.junit.platform.engine.support.hierarchical.ThrowableCollector.execute(ThrowableCollector.java:73)
	at org.junit.platform.engine.support.hierarchical.NodeTestTask.lambda$executeRecursively$8(NodeTestTask.java:141)
	at org.junit.platform.engine.support.hierarchical.Node.around(Node.java:137)
	at org.junit.platform.engine.support.hierarchical.NodeTestTask.lambda$executeRecursively$9(NodeTestTask.java:139)
	at org.junit.platform.engine.support.hierarchical.ThrowableCollector.execute(ThrowableCollector.java:73)
	at org.junit.platform.engine.support.hierarchical.NodeTestTask.executeRecursively(NodeTestTask.java:138)
	at org.junit.platform.engine.support.hierarchical.NodeTestTask.execute(NodeTestTask.java:95)
	at org.junit.platform.engine.support.hierarchical.SameThreadHierarchicalTestExecutorService.submit(SameThreadHierarchicalTestExecutorService.java:35)
	at org.junit.platform.engine.support.hierarchical.HierarchicalTestExecutor.execute(HierarchicalTestExecutor.java:57)
	at org.junit.platform.engine.support.hierarchical.HierarchicalTestEngine.execute(HierarchicalTestEngine.java:54)
	at org.junit.platform.launcher.core.EngineExecutionOrchestrator.execute(EngineExecutionOrchestrator.java:198)
	at org.junit.platform.launcher.core.EngineExecutionOrchestrator.execute(EngineExecutionOrchestrator.java:169)
	at org.junit.platform.launcher.core.EngineExecutionOrchestrator.execute(EngineExecutionOrchestrator.java:93)
	at org.junit.platform.launcher.core.EngineExecutionOrchestrator.lambda$execute$0(EngineExecutionOrchestrator.java:58)
	at org.junit.platform.launcher.core.EngineExecutionOrchestrator.withInterceptedStreams(EngineExecutionOrchestrator.java:141)
	at org.junit.platform.launcher.core.EngineExecutionOrchestrator.execute(EngineExecutionOrchestrator.java:57)
	at org.junit.platform.launcher.core.DefaultLauncher.execute(DefaultLauncher.java:103)
	at org.junit.platform.launcher.core.DefaultLauncher.execute(DefaultLauncher.java:85)
	at org.junit.platform.launcher.core.DelegatingLauncher.execute(DelegatingLauncher.java:47)
	at org.junit.platform.launcher.core.SessionPerRequestLauncher.execute(SessionPerRequestLauncher.java:63)
	at com.intellij.junit5.JUnit5IdeaTestRunner.startRunnerWithArgs(JUnit5IdeaTestRunner.java:57)
	at com.intellij.rt.junit.IdeaTestRunner$Repeater$1.execute(IdeaTestRunner.java:38)
	at com.intellij.rt.execution.junit.TestsRepeater.repeat(TestsRepeater.java:11)
	at com.intellij.rt.junit.IdeaTestRunner$Repeater.startRunnerWithArgs(IdeaTestRunner.java:35)
	at com.intellij.rt.junit.JUnitStarter.prepareStreamsAndStart(JUnitStarter.java:232)
	at com.intellij.rt.junit.JUnitStarter.main(JUnitStarter.java:55)
2025-05-20 14:14:57 [main] INFO  l.insoft.uztis.tests.utils.TestUtils - Screenshot moved to C:\Users\ingrida.zadorozniene\Desktop\Asm\UZTIS\UZTIS_tests\test-output\screenshots\20250520\141457122_testNavigateToAndReviewApplicationFormsPageTest().png
2025-05-20 14:16:59 [main] INFO  lt.insoft.uztis.tests.UztisPageTest - Navigated to https://uztisdev.asseco.lt/home
2025-05-20 14:16:59 [main] INFO  l.i.u.tests.ApplicationFormsPageTest - Setup complete. ApplicationFormsPage initialized.
2025-05-20 14:16:59 [main] INFO  l.i.u.tests.ApplicationFormsPageTest - Starting test:'testNavigateToAndReviewApplicationFormsPageTest'
2025-05-20 14:16:59 [main] DEBUG l.i.u.tests.ApplicationFormsPageTest - User logged in with test credentials
2025-05-20 14:17:00 [main] DEBUG l.i.u.tests.ApplicationFormsPageTest - Opened 'Application Processing' menu.
2025-05-20 14:17:00 [main] DEBUG l.i.u.tests.ApplicationFormsPageTest - Clicked on 'Application Forms' menu.
2025-05-20 14:17:00 [main] DEBUG l.i.u.tests.ApplicationFormsPageTest - Fetched label text: Paraiškų formos
2025-05-20 14:17:00 [main] INFO  l.i.u.tests.ApplicationFormsPageTest - Verified that the label text matches the expected value.
2025-05-20 14:17:00 [main] DEBUG l.i.u.tests.ApplicationFormsPageTest - Selected the last application description.
2025-05-20 14:17:01 [main] INFO  l.i.u.tests.ApplicationFormsPageTest - Verified that the 'Edit' button is displayed.
2025-05-20 14:17:01 [main] INFO  l.i.u.tests.ApplicationFormsPageTest - Test 'testNavigateToAndReviewApplicationFormsPageTest' completed successfully.
2025-05-20 14:32:09 [main] INFO  lt.insoft.uztis.tests.UztisPageTest - Navigated to https://uztisdev.asseco.lt/home
2025-05-20 14:32:09 [main] INFO  l.i.u.tests.ApplicationFormsPageTest - Setup complete. ApplicationFormsPage initialized.
2025-05-20 14:32:09 [main] INFO  l.i.u.tests.ApplicationFormsPageTest - Starting test:'testCreateNewVuiApplication'
2025-05-20 14:32:09 [main] DEBUG l.i.u.tests.ApplicationFormsPageTest - User logged in with test credentials
2025-05-20 14:32:10 [main] DEBUG l.i.u.tests.ApplicationFormsPageTest - Opened 'Application Processing' menu.
2025-05-20 14:32:10 [main] DEBUG l.i.u.tests.ApplicationFormsPageTest - Clicked on 'Application Forms' menu.
2025-05-20 14:32:10 [main] DEBUG l.i.u.tests.ApplicationFormsPageTest - Clicked to create a new application form.
2025-05-20 14:32:11 [main] DEBUG l.i.u.tests.ApplicationFormsPageTest - Entered random application code: TST-VUI-76
2025-05-20 14:32:11 [main] DEBUG l.i.u.tests.ApplicationFormsPageTest - Selected 'Section' radio button.
2025-05-20 14:32:11 [main] INFO  l.i.uztis.pages.ApplicationFormsPage - Located the dropdown button.
2025-05-20 14:32:11 [main] INFO  l.i.uztis.pages.ApplicationFormsPage - Successfully selected the value: 'Skyrius 1'
2025-05-20 14:32:22 [main] ERROR l.i.uztis.pages.ApplicationFormsPage - Failed to close the dropdown with aria-expanded = 'false'.
2025-05-20 14:32:22 [main] DEBUG l.i.u.tests.ApplicationFormsPageTest - Selected a value from the 'Section' dropdown: 'Skyrius 1'
2025-05-20 14:32:22 [main] DEBUG l.i.u.tests.ApplicationFormsPageTest - Selected 'Budget by Municipality' option.
2025-05-20 14:32:22 [main] DEBUG l.i.u.tests.ApplicationFormsPageTest - Selected 'Financed Without Queue' option.
2025-05-20 14:32:22 [main] DEBUG l.i.u.tests.ApplicationFormsPageTest - Clicked 'Add' button.
2025-05-20 14:32:22 [main] INFO  l.i.uztis.pages.ApplicationFormsPage - Located the dropdown button.
2025-05-20 14:32:23 [main] INFO  l.i.uztis.pages.ApplicationFormsPage - Successfully selected the value: 'VUI atitiktis URP'
2025-05-20 14:32:33 [main] ERROR l.i.uztis.pages.ApplicationFormsPage - Failed to close the dropdown with aria-expanded = 'false'.
2025-05-20 14:32:33 [main] DEBUG l.i.u.tests.ApplicationFormsPageTest - Selected a value from the 'EvaluationOne' dropdown: 'VUI atitiktis URP'
2025-05-20 14:32:33 [main] INFO  l.i.uztis.pages.ApplicationFormsPage - Located the dropdown button.
2025-05-20 14:32:34 [main] INFO  l.i.uztis.pages.ApplicationFormsPage - Successfully selected the value: 'VUI atitiktis kokybės kriterijams'
2025-05-20 14:32:44 [main] ERROR l.i.uztis.pages.ApplicationFormsPage - Failed to close the dropdown with aria-expanded = 'false'.
2025-05-20 14:32:44 [main] DEBUG l.i.u.tests.ApplicationFormsPageTest - Selected a value from the 'EvaluationTwon' dropdown: 'VUI atitiktis kokybės kriterijams'
2025-05-20 14:32:44 [main] INFO  l.i.uztis.pages.ApplicationFormsPage - Located the dropdown button.
2025-05-20 14:32:45 [main] INFO  l.i.uztis.pages.ApplicationFormsPage - Successfully selected the value: 'VUI gynimo vertinimo forma'
2025-05-20 14:32:55 [main] ERROR l.i.uztis.pages.ApplicationFormsPage - Failed to close the dropdown with aria-expanded = 'false'.
2025-05-20 14:32:55 [main] DEBUG l.i.u.tests.ApplicationFormsPageTest - Selected a value from the 'EvaluationThree' dropdown: 'VUI gynimo vertinimo forma'
2025-05-20 14:32:55 [main] DEBUG l.i.u.tests.ApplicationFormsPageTest - Clicked 'Plus' button.
2025-05-20 14:32:56 [main] DEBUG l.i.u.tests.ApplicationFormsPageTest - Clicked 'Add' button seven times.
2025-05-20 14:32:56 [main] INFO  l.i.uztis.pages.ApplicationFormsPage - Processing dropdown index: 0
2025-05-20 14:33:06 [main] ERROR l.i.uztis.pages.ApplicationFormsPage - Timeout while waiting for dropdown to close at index: 0 with aria-expanded = 'false'
2025-05-20 14:33:06 [main] INFO  l.i.uztis.pages.ApplicationFormsPage - Processing dropdown index: 1
2025-05-20 14:33:17 [main] ERROR l.i.uztis.pages.ApplicationFormsPage - Timeout while waiting for dropdown to close at index: 1 with aria-expanded = 'false'
2025-05-20 14:33:17 [main] INFO  l.i.uztis.pages.ApplicationFormsPage - Processing dropdown index: 2
2025-05-20 14:33:27 [main] ERROR l.i.uztis.pages.ApplicationFormsPage - Timeout while waiting for dropdown to close at index: 2 with aria-expanded = 'false'
2025-05-20 14:33:27 [main] INFO  l.i.uztis.pages.ApplicationFormsPage - Processing dropdown index: 3
2025-05-20 14:33:38 [main] ERROR l.i.uztis.pages.ApplicationFormsPage - Timeout while waiting for dropdown to close at index: 3 with aria-expanded = 'false'
2025-05-20 14:33:38 [main] INFO  l.i.uztis.pages.ApplicationFormsPage - Processing dropdown index: 4
2025-05-20 14:33:49 [main] ERROR l.i.uztis.pages.ApplicationFormsPage - Timeout while waiting for dropdown to close at index: 4 with aria-expanded = 'false'
2025-05-20 14:33:49 [main] INFO  l.i.uztis.pages.ApplicationFormsPage - Processing dropdown index: 5
2025-05-20 14:34:00 [main] ERROR l.i.uztis.pages.ApplicationFormsPage - Timeout while waiting for dropdown to close at index: 5 with aria-expanded = 'false'
2025-05-20 14:34:00 [main] INFO  l.i.uztis.pages.ApplicationFormsPage - Processing dropdown index: 6
2025-05-20 14:34:11 [main] ERROR l.i.uztis.pages.ApplicationFormsPage - Timeout while waiting for dropdown to close at index: 6 with aria-expanded = 'false'
2025-05-20 14:34:11 [main] INFO  l.i.uztis.pages.ApplicationFormsPage - Processing dropdown index: 7
2025-05-20 14:34:22 [main] ERROR l.i.uztis.pages.ApplicationFormsPage - Timeout while waiting for dropdown to close at index: 7 with aria-expanded = 'false'
2025-05-20 14:34:22 [main] INFO  l.i.uztis.pages.ApplicationFormsPage - Processing input field index: 0
2025-05-20 14:34:22 [main] INFO  l.i.uztis.pages.ApplicationFormsPage - Entered value '50' into field index: 0
2025-05-20 14:34:22 [main] INFO  l.i.uztis.pages.ApplicationFormsPage - Processing input field index: 1
2025-05-20 14:34:22 [main] INFO  l.i.uztis.pages.ApplicationFormsPage - Entered value '924' into field index: 1
2025-05-20 14:34:22 [main] INFO  l.i.uztis.pages.ApplicationFormsPage - Processing input field index: 2
2025-05-20 14:34:23 [main] INFO  l.i.uztis.pages.ApplicationFormsPage - Entered value '31' into field index: 2
2025-05-20 14:34:23 [main] INFO  l.i.uztis.pages.ApplicationFormsPage - Processing input field index: 3
2025-05-20 14:34:23 [main] INFO  l.i.uztis.pages.ApplicationFormsPage - Entered value '4.7' into field index: 3
2025-05-20 14:34:23 [main] INFO  l.i.uztis.pages.ApplicationFormsPage - Processing input field index: 4
2025-05-20 14:34:23 [main] INFO  l.i.uztis.pages.ApplicationFormsPage - Entered value '35' into field index: 4
2025-05-20 14:34:23 [main] INFO  l.i.uztis.pages.ApplicationFormsPage - Processing input field index: 5
2025-05-20 14:34:23 [main] INFO  l.i.uztis.pages.ApplicationFormsPage - Entered value '20' into field index: 5
2025-05-20 14:34:23 [main] INFO  l.i.uztis.pages.ApplicationFormsPage - Processing input field index: 6
2025-05-20 14:34:23 [main] INFO  l.i.uztis.pages.ApplicationFormsPage - Entered value '30' into field index: 6
2025-05-20 14:34:23 [main] INFO  l.i.uztis.pages.ApplicationFormsPage - Processing input field index: 7
2025-05-20 14:34:23 [main] INFO  l.i.uztis.pages.ApplicationFormsPage - Entered value '60' into field index: 7
2025-05-20 14:34:23 [main] DEBUG l.i.u.tests.ApplicationFormsPageTest - Entered additional values and text.
2025-05-20 14:34:23 [main] DEBUG l.i.u.tests.ApplicationFormsPageTest - Entered application name: VUI paraiška
2025-05-20 14:34:23 [main] DEBUG l.i.u.tests.ApplicationFormsPageTest - Clicked the 'Save' button.
2025-05-20 14:34:24 [main] DEBUG l.i.uztis.pages.ApplicationFormsPage - Verified success message: 'Duomenys sėkmingai išsaugoti.'
2025-05-20 14:34:24 [main] INFO  l.i.u.tests.ApplicationFormsPageTest - Verified success message
2025-05-20 14:34:24 [main] INFO  l.i.u.tests.ApplicationFormsPageTest - Verified that the 'Save Form' button is displayed.
2025-05-20 14:34:24 [main] INFO  l.i.u.tests.ApplicationFormsPageTest - Test 'testCreateNewVuiApplication' completed successfully.
2025-05-20 14:35:15 [main] INFO  lt.insoft.uztis.tests.UztisPageTest - Navigated to https://uztisdev.asseco.lt/home
2025-05-20 14:35:15 [main] INFO  l.i.u.tests.ApplicationFormsPageTest - Setup complete. ApplicationFormsPage initialized.
2025-05-20 14:35:15 [main] INFO  l.i.u.tests.ApplicationFormsPageTest - Starting test:'testEditAndSaveVuiApplication'
2025-05-20 14:35:16 [main] DEBUG l.i.u.tests.ApplicationFormsPageTest - User logged in with test credentials
2025-05-20 14:35:16 [main] DEBUG l.i.u.tests.ApplicationFormsPageTest - Opened 'Application Processing' menu.
2025-05-20 14:35:16 [main] DEBUG l.i.u.tests.ApplicationFormsPageTest - Clicked on 'Application Forms' menu.
2025-05-20 14:35:17 [main] DEBUG l.i.u.tests.ApplicationFormsPageTest - Selected the last application description.
2025-05-20 14:35:17 [main] DEBUG l.i.u.tests.ApplicationFormsPageTest - Clicked the 'Edit' button.
2025-05-20 14:35:18 [main] DEBUG l.i.u.tests.ApplicationFormsPageTest - Selected 'Municipality' radio button.
2025-05-20 14:35:18 [main] INFO  l.i.uztis.pages.ApplicationFormsPage - Located the dropdown button.
2025-05-20 14:35:18 [main] INFO  l.i.uztis.pages.ApplicationFormsPage - Successfully selected the value: 'Kauno departamentas'
2025-05-20 14:35:28 [main] ERROR l.i.uztis.pages.ApplicationFormsPage - Failed to close the dropdown with aria-expanded = 'false'.
2025-05-20 14:35:28 [main] DEBUG l.i.u.tests.ApplicationFormsPageTest - Selected a value from the 'Municipality' dropdown: 'Kauno departamentas'
2025-05-20 14:35:28 [main] DEBUG l.i.u.tests.ApplicationFormsPageTest - Selected 'Budget By Country' radio button.
2025-05-20 14:35:28 [main] DEBUG l.i.u.tests.ApplicationFormsPageTest - Selected 'Financed By Queue' radio button.
2025-05-20 14:35:29 [main] DEBUG l.i.u.tests.ApplicationFormsPageTest - Entered new application name: _paredaguota
2025-05-20 14:35:29 [main] DEBUG l.i.u.tests.ApplicationFormsPageTest - Clicked the 'Save' button.
2025-05-20 14:35:29 [main] DEBUG l.i.uztis.pages.ApplicationFormsPage - Verified success message: 'Duomenys sėkmingai išsaugoti.'
2025-05-20 14:35:29 [main] INFO  l.i.u.tests.ApplicationFormsPageTest - Verified success message
2025-05-20 14:35:29 [main] INFO  l.i.u.tests.ApplicationFormsPageTest - Test 'testEditAndSaveVuiApplication' completed successfully.
2025-05-20 14:35:43 [main] INFO  lt.insoft.uztis.tests.UztisPageTest - Navigated to https://uztisdev.asseco.lt/home
2025-05-20 14:35:43 [main] INFO  l.i.u.tests.ApplicationFormsPageTest - Setup complete. ApplicationFormsPage initialized.
2025-05-20 14:35:43 [main] INFO  l.i.u.tests.ApplicationFormsPageTest - Starting test:'testAddContractVUI'
2025-05-20 14:35:44 [main] DEBUG l.i.u.tests.ApplicationFormsPageTest - User logged in with test credentials
2025-05-20 14:35:44 [main] DEBUG l.i.u.tests.ApplicationFormsPageTest - Opened 'Application Processing' menu.
2025-05-20 14:35:44 [main] DEBUG l.i.u.tests.ApplicationFormsPageTest - Clicked on 'Application Forms' menu.
2025-05-20 14:35:45 [main] DEBUG l.i.u.tests.ApplicationFormsPageTest - Selected the last application description.
2025-05-20 14:35:45 [main] DEBUG l.i.u.tests.ApplicationFormsPageTest - Clicked 'Project Progress' tab.
2025-05-20 14:35:46 [main] DEBUG l.i.u.tests.ApplicationFormsPageTest - Clicked the 'Edit' button.
2025-05-20 14:35:46 [main] INFO  l.i.uztis.pages.ApplicationFormsPage - Located the dropdown button.
2025-05-20 14:35:50 [main] INFO  l.i.uztis.pages.ApplicationFormsPage - Successfully selected the value: 'Vietinių užimtumo iniciatyvų projekto įgyvendinimo ir finansavimo sutartis'
2025-05-20 14:36:00 [main] ERROR l.i.uztis.pages.ApplicationFormsPage - Failed to close the dropdown with aria-expanded = 'false'.
2025-05-20 14:36:00 [main] DEBUG l.i.u.tests.ApplicationFormsPageTest - Selected a value from the 'Document' dropdown: 'Vietinių užimtumo iniciatyvų projekto įgyvendinimo ir finansavimo sutartis'
2025-05-20 14:36:00 [main] DEBUG l.i.u.tests.ApplicationFormsPageTest - Clicked the 'Save' button.
2025-05-20 14:36:10 [main] ERROR l.i.uztis.pages.ApplicationFormsPage - Failed to verify the success message: 'Funkcija sėkmingai atlikta.'. Available messages: []
2025-05-20 14:36:10 [main] INFO  l.i.u.tests.ApplicationFormsPageTest - Verified success message
2025-05-20 14:36:10 [main] INFO  l.i.u.tests.ApplicationFormsPageTest - Test 'testAddContractVUI' completed successfully.
2025-05-20 14:37:59 [main] INFO  lt.insoft.uztis.tests.UztisPageTest - Navigated to https://uztisdev.asseco.lt/home
2025-05-20 14:37:59 [main] INFO  l.i.uztis.tests.InvitationsPageTest - Starting test:'testCreateNewVuiInvitationDraft'
2025-05-20 14:37:59 [main] DEBUG l.i.uztis.tests.InvitationsPageTest - User logged in with test credentials
2025-05-20 14:38:00 [main] DEBUG l.i.uztis.tests.InvitationsPageTest - Opened 'Application Processing' menu.
2025-05-20 14:38:00 [main] DEBUG l.i.uztis.tests.InvitationsPageTest - Clicked on 'Application Forms' menu.
2025-05-20 14:38:00 [main] DEBUG l.i.uztis.tests.InvitationsPageTest - Navigating to application forms menu.
2025-05-20 14:38:00 [main] DEBUG l.i.uztis.tests.InvitationsPageTest - Retrieved last description code text: 'TST-VUI-76'.
2025-05-20 14:38:00 [main] DEBUG l.i.uztis.tests.InvitationsPageTest - Clicked on 'Invitation' menu.
2025-05-20 14:38:00 [main] DEBUG l.i.uztis.tests.InvitationsPageTest - Clicked 'Create New Application Form'.
2025-05-20 14:38:02 [main] DEBUG l.i.uztis.tests.InvitationsPageTest - Selected section by code: 'TST-VUI-76'.
2025-05-20 14:38:02 [main] INFO  l.insoft.uztis.pages.InvitationsPage - Located the dropdown button.
2025-05-20 14:38:13 [main] ERROR l.insoft.uztis.pages.InvitationsPage - Timeout while waiting for dropdown to close with aria-expanded = 'false'.
2025-05-20 14:38:13 [main] DEBUG l.i.uztis.tests.InvitationsPageTest - Selected invitation number from the list.
2025-05-20 14:38:13 [main] DEBUG l.i.uztis.tests.InvitationsPageTest - Entered current date.
2025-05-20 14:38:14 [main] DEBUG l.i.uztis.tests.InvitationsPageTest - Entered start time: 00:00.
2025-05-20 14:38:14 [main] DEBUG l.i.uztis.tests.InvitationsPageTest - Entered end date.
2025-05-20 14:38:14 [main] DEBUG l.i.uztis.tests.InvitationsPageTest - Entered end time: 11:11.
2025-05-20 14:38:14 [main] DEBUG l.i.uztis.tests.InvitationsPageTest - Draft saved.
2025-05-20 14:38:15 [main] DEBUG l.i.uztis.pages.ApplicationFormsPage - Verified success message: 'Duomenys sėkmingai išsaugoti.'
2025-05-20 14:38:15 [main] INFO  l.i.uztis.tests.InvitationsPageTest - Verified success message
2025-05-20 14:38:15 [main] INFO  l.i.uztis.tests.InvitationsPageTest - Test 'testCreateNewVuiInvitationDraft' completed successfully.
2025-05-20 14:38:25 [main] INFO  lt.insoft.uztis.tests.UztisPageTest - Navigated to https://uztisdev.asseco.lt/home
2025-05-20 14:38:25 [main] INFO  l.i.uztis.tests.InvitationsPageTest - Starting test:'testEditAndPublishVuiInvitationDraft'
2025-05-20 14:38:25 [main] DEBUG l.i.uztis.tests.InvitationsPageTest - User logged in with test credentials
2025-05-20 14:38:26 [main] DEBUG l.i.uztis.tests.InvitationsPageTest - Opened 'Application Processing' menu.
2025-05-20 14:38:26 [main] DEBUG l.i.uztis.tests.InvitationsPageTest - Clicked on 'Application Forms' menu.
2025-05-20 14:38:26 [main] DEBUG l.i.uztis.tests.InvitationsPageTest - Navigating to application forms menu.
2025-05-20 14:38:26 [main] DEBUG l.i.uztis.tests.InvitationsPageTest - Retrieved last description code text: 'TST-VUI-76'.
2025-05-20 14:38:27 [main] DEBUG l.i.uztis.tests.InvitationsPageTest - Clicked on 'Invitation' menu.
2025-05-20 14:38:28 [main] DEBUG l.i.uztis.tests.InvitationsPageTest - Selected section by code: 'TST-VUI-76'.
2025-05-20 14:38:28 [main] DEBUG l.i.uztis.tests.InvitationsPageTest - Clicked 'Search'.
2025-05-20 14:38:28 [main] DEBUG l.i.uztis.tests.InvitationsPageTest - Getting and inserting application code text.
2025-05-20 14:38:29 [main] DEBUG l.i.uztis.tests.InvitationsPageTest - Clicked 'InvitationDraft'.
2025-05-20 14:38:29 [main] DEBUG l.i.uztis.tests.InvitationsPageTest - Clicked 'Edit'.
2025-05-20 14:38:30 [main] DEBUG l.i.uztis.tests.InvitationsPageTest - Entered publication end date.
2025-05-20 14:38:30 [main] DEBUG l.i.uztis.tests.InvitationsPageTest - Added additional values.
2025-05-20 14:38:30 [main] INFO  l.insoft.uztis.pages.InvitationsPage - Located the dropdown button.
2025-05-20 14:38:31 [main] DEBUG l.i.uztis.tests.InvitationsPageTest - Selected the value: 'Didžiausia galima paramos suma aplinkos darbo vietai, Eur'
2025-05-20 14:38:31 [main] INFO  l.insoft.uztis.pages.InvitationsPage - Located the dropdown button.
2025-05-20 14:38:31 [main] DEBUG l.i.uztis.tests.InvitationsPageTest - Selected the value: 'Didžiausia galima paramos suma, Eur'
2025-05-20 14:38:31 [main] INFO  l.insoft.uztis.pages.InvitationsPage - Located the dropdown button.
2025-05-20 14:38:32 [main] DEBUG l.i.uztis.tests.InvitationsPageTest - Selected the value: 'Didžiausia galima paramos suma vienai darbo vietai, Eur'
2025-05-20 14:38:32 [main] DEBUG l.i.uztis.tests.InvitationsPageTest - Entered value: 11000
2025-05-20 14:38:32 [main] DEBUG l.i.uztis.tests.InvitationsPageTest - Entered value: 12000
2025-05-20 14:38:32 [main] DEBUG l.i.uztis.tests.InvitationsPageTest - Entered value: 13000
2025-05-20 14:38:32 [main] DEBUG l.i.uztis.tests.InvitationsPageTest - Checked 'Legal Entities' checkbox.
2025-05-20 14:38:33 [main] DEBUG l.i.uztis.tests.InvitationsPageTest - Checked 'Legal Entities' checkbox.
2025-05-20 14:38:33 [main] DEBUG l.i.uztis.tests.InvitationsPageTest - Unchecked 'Persons Registered with Employment Service' checkbox.
2025-05-20 14:38:33 [main] DEBUG l.i.uztis.tests.InvitationsPageTest - Checked 'Persons Registered as Employers' checkbox.
2025-05-20 14:38:33 [main] DEBUG l.i.uztis.tests.InvitationsPageTest - Entered second evaluation grade: '5'.
2025-05-20 14:38:33 [main] DEBUG l.i.uztis.tests.InvitationsPageTest - Entered third evaluation grade: '6'.
2025-05-20 14:38:33 [main] DEBUG l.i.uztis.tests.InvitationsPageTest - Entered second evaluation grade weight: '0,45'.
2025-05-20 14:38:33 [main] DEBUG l.i.uztis.tests.InvitationsPageTest - Entered third evaluation grade weight: '0,55'.
2025-05-20 14:38:33 [main] DEBUG l.i.uztis.tests.InvitationsPageTest - Entered budget: '2000'.
2025-05-20 14:38:34 [main] DEBUG l.i.uztis.tests.InvitationsPageTest - Entered description text: 'Aprašo tekstas'.
2025-05-20 14:38:34 [main] DEBUG l.i.uztis.tests.InvitationsPageTest - Entered applicants text: 'Pareiškėjų tekstas'.
2025-05-20 14:38:34 [main] DEBUG l.i.uztis.tests.InvitationsPageTest - Entered expenditures text: 'Išlaidų tekstas'.
2025-05-20 14:38:34 [main] DEBUG l.i.uztis.tests.InvitationsPageTest - Entered legislation text: 'Teisės aktų tekstas'.
2025-05-20 14:38:34 [main] DEBUG l.i.uztis.tests.InvitationsPageTest - Entered education text: 'Mokymų tekstas'.
2025-05-20 14:38:34 [main] DEBUG l.i.uztis.tests.InvitationsPageTest - File uploaded.
2025-05-20 14:38:34 [main] DEBUG l.i.uztis.tests.InvitationsPageTest - Clicked 'Publish'.
2025-05-20 14:38:35 [main] DEBUG l.i.uztis.tests.InvitationsPageTest - Publication confirmed.
2025-05-20 14:38:35 [main] DEBUG l.i.uztis.pages.ApplicationFormsPage - Verified success message: 'Funkcija sėkmingai atlikta.'
2025-05-20 14:38:35 [main] INFO  l.i.uztis.tests.InvitationsPageTest - Verified success message
2025-05-20 14:38:35 [main] INFO  l.i.uztis.tests.InvitationsPageTest - Test 'testEditAndPublishVuiInvitationDraft' completed successfully.
2025-05-20 14:38:51 [main] INFO  lt.insoft.uztis.tests.UztisPageTest - Navigated to https://uztisdev.asseco.lt/home
2025-05-20 14:38:51 [main] INFO  l.i.uztis.tests.InvitationsPageTest - Starting test:'testInsertVui_PvkStatisticInformation'
2025-05-20 14:38:52 [main] DEBUG l.i.uztis.tests.InvitationsPageTest - User logged in with test credentials
2025-05-20 14:38:52 [main] DEBUG l.i.uztis.tests.InvitationsPageTest - Opened 'Application Processing' menu.
2025-05-20 14:38:52 [main] DEBUG l.i.uztis.tests.InvitationsPageTest - Clicked on 'Application Forms' menu.
2025-05-20 14:38:52 [main] DEBUG l.i.uztis.tests.InvitationsPageTest - Navigating to invitation forms menu.
2025-05-20 14:38:53 [main] DEBUG l.i.uztis.tests.InvitationsPageTest - Retrieved last description code text: 'TST-VUI-76'.
2025-05-20 14:38:53 [main] DEBUG l.i.uztis.tests.InvitationsPageTest - Clicked on 'Invitation' menu.
2025-05-20 14:38:55 [main] DEBUG l.i.uztis.tests.InvitationsPageTest - Selected section by code: 'TST-VUI-76'.
2025-05-20 14:38:55 [main] DEBUG l.i.uztis.tests.InvitationsPageTest - Clicked 'Search'.
2025-05-20 14:38:55 [main] DEBUG l.i.uztis.tests.InvitationsPageTest - Getting and inserting application code text.
2025-05-20 14:38:55 [main] DEBUG l.i.uztis.tests.InvitationsPageTest - Clicked 'Publishing'.
2025-05-20 14:38:56 [main] DEBUG l.i.uztis.tests.InvitationsPageTest - Clicked 'Statistic Information' tab.
2025-05-20 14:38:56 [main] DEBUG l.i.uztis.tests.InvitationsPageTest - Clicked 'Edit' button.
2025-05-20 14:38:56 [main] DEBUG l.i.uztis.tests.InvitationsPageTest - Entered current date.
2025-05-20 14:38:56 [main] DEBUG l.i.uztis.tests.InvitationsPageTest - Entered value: 8.7
2025-05-20 14:38:56 [main] DEBUG l.i.uztis.tests.InvitationsPageTest - Entered average salary: 2237.9
2025-05-20 14:38:56 [main] DEBUG l.i.uztis.tests.InvitationsPageTest - File uploaded.
2025-05-20 14:38:57 [main] DEBUG l.i.uztis.tests.InvitationsPageTest - Clicked 'Save' button.
2025-05-20 14:38:58 [main] DEBUG l.i.uztis.pages.ApplicationFormsPage - Verified success message: 'Funkcija sėkmingai atlikta.'
2025-05-20 14:38:58 [main] INFO  l.i.uztis.tests.InvitationsPageTest - Verified success message
2025-05-20 14:38:58 [main] INFO  l.i.uztis.tests.InvitationsPageTest - Test 'testInsertVui_PvkStatisticInformation' completed successfully.
2025-05-20 14:39:25 [main] INFO  lt.insoft.uztis.tests.UztisPageTest - Navigated to https://uztisdev.asseco.lt/home
2025-05-20 14:39:25 [main] INFO  l.i.u.t.SubmittedApplicationsPageTest - Starting test:'testFillNewVUIPApplicationFA'
2025-05-20 14:39:25 [main] DEBUG l.i.u.t.SubmittedApplicationsPageTest - User logged in with test credentials.
2025-05-20 14:39:26 [main] DEBUG l.i.u.t.SubmittedApplicationsPageTest - Opened 'Application Processing' menu.
2025-05-20 14:39:26 [main] DEBUG l.i.u.t.SubmittedApplicationsPageTest - Clicked on 'Application Forms' menu.
2025-05-20 14:39:26 [main] DEBUG l.i.u.t.SubmittedApplicationsPageTest - Retrieved last description code text: 'TST-VUI-76'.
2025-05-20 14:39:27 [main] DEBUG l.i.u.t.SubmittedApplicationsPageTest - Clicked on 'Invitation' menu.
2025-05-20 14:39:28 [main] DEBUG l.i.u.t.SubmittedApplicationsPageTest - Selected application section by code: 'TST-VUI-76'.
2025-05-20 14:39:28 [main] DEBUG l.i.u.t.SubmittedApplicationsPageTest - Clicked 'Search' button.
2025-05-20 14:39:28 [main] DEBUG l.i.u.t.SubmittedApplicationsPageTest - Retrieved invitation code: ''.
2025-05-20 14:39:29 [main] DEBUG l.i.u.t.SubmittedApplicationsPageTest - Clicked on 'Submitted Applications' menu.
2025-05-20 14:39:30 [main] DEBUG l.i.u.t.SubmittedApplicationsPageTest - Selected invitation by code: 'TST-VUI-76'.
2025-05-20 14:39:30 [main] DEBUG l.i.u.t.SubmittedApplicationsPageTest - Invitation code inserted.
2025-05-20 14:39:31 [main] DEBUG l.i.u.t.SubmittedApplicationsPageTest - Clicked on 'Action Application' button.
2025-05-20 14:39:31 [main] DEBUG l.i.u.t.SubmittedApplicationsPageTest - Clicked on 'New Application' button.
2025-05-20 14:39:31 [main] DEBUG l.i.u.t.SubmittedApplicationsPageTest - Selected the 'RadioButtonFA' option.
2025-05-20 14:39:31 [main] DEBUG l.i.u.t.SubmittedApplicationsPageTest - Entered phone number: '61298745'.
2025-05-20 14:39:32 [main] DEBUG l.i.u.t.SubmittedApplicationsPageTest - Entered email: 'test@autotest.com'.
2025-05-20 14:39:32 [main] INFO  l.i.u.p.SubmittedApplicationsPage - Clicking on the dropdown button.
2025-05-20 14:39:48 [main] INFO  l.i.u.p.SubmittedApplicationsPage - Found 1741 options in the dropdown.
2025-05-20 14:39:48 [main] DEBUG l.i.u.p.SubmittedApplicationsPage - Checking option: ''
2025-05-20 14:39:48 [main] DEBUG l.i.u.p.SubmittedApplicationsPage - Checking option: '01.11 - Grūdinių (išskyrus ryžius), ankštinių ir aliejingų sėklų augalų auginimas'
2025-05-20 14:39:48 [main] INFO  l.i.u.p.SubmittedApplicationsPage - Successfully selected the value: '01.11 - Grūdinių (išskyrus ryžius), ankštinių ir aliejingų sėklų augalų auginimas'
2025-05-20 14:39:48 [main] INFO  l.i.u.p.SubmittedApplicationsPage - Attempting to close the dropdown.
2025-05-20 14:39:48 [main] DEBUG l.i.u.t.SubmittedApplicationsPageTest - Selected EVRK value: '01.11 - Grūdinių (išskyrus ryžius), ankštinių ir aliejingų sėklų augalų auginimas'.
2025-05-20 14:39:48 [main] DEBUG l.i.u.t.SubmittedApplicationsPageTest - Clicked on 'Address Component' button.
2025-05-20 14:39:48 [main] INFO  l.i.u.p.SubmittedApplicationsPage - Located the dropdown button.
2025-05-20 14:39:51 [main] INFO  l.i.u.p.SubmittedApplicationsPage - Successfully selected the value: 'Lietuva'
2025-05-20 14:39:52 [main] DEBUG l.i.u.t.SubmittedApplicationsPageTest - Selected country: 'Lietuva'.
2025-05-20 14:39:52 [main] INFO  l.i.u.p.SubmittedApplicationsPage - Located the dropdown search field.
2025-05-20 14:39:52 [main] INFO  l.i.u.p.SubmittedApplicationsPage - Dropdown city is opened.
2025-05-20 14:39:52 [main] INFO  l.i.u.p.SubmittedApplicationsPage - Searched for value: 'Vilnius'
2025-05-20 14:39:53 [main] INFO  l.i.u.p.SubmittedApplicationsPage - Successfully selected: 'Vilnius'
2025-05-20 14:39:53 [main] INFO  l.i.u.p.SubmittedApplicationsPage - Located the dropdown button.
2025-05-20 14:39:53 [main] INFO  l.i.u.p.SubmittedApplicationsPage - Successfully selected the value: 'A. Domaševičiaus g.'
2025-05-20 14:39:53 [main] DEBUG l.i.u.t.SubmittedApplicationsPageTest - Selected street: 'A. Domaševičiaus g.'.
2025-05-20 14:39:53 [main] INFO  l.i.u.p.SubmittedApplicationsPage - Located the dropdown button.
2025-05-20 14:39:53 [main] INFO  l.i.u.p.SubmittedApplicationsPage - Successfully selected the value: '1'
2025-05-20 14:39:53 [main] DEBUG l.i.u.t.SubmittedApplicationsPageTest - Selected house: '1'.
2025-05-20 14:39:53 [main] INFO  l.i.u.p.SubmittedApplicationsPage - Located the dropdown button.
2025-05-20 14:39:54 [main] INFO  l.i.u.p.SubmittedApplicationsPage - Successfully selected the value: '1'
2025-05-20 14:39:54 [main] DEBUG l.i.u.t.SubmittedApplicationsPageTest - Selected apartment: '1'.
2025-05-20 14:39:54 [main] DEBUG l.i.u.t.SubmittedApplicationsPageTest - Clicked 'Confirm' button.
2025-05-20 14:39:54 [main] DEBUG l.i.u.t.SubmittedApplicationsPageTest - Entered project date.
2025-05-20 14:39:54 [main] DEBUG l.i.u.t.SubmittedApplicationsPageTest - Entered job count: '1'.
2025-05-20 14:39:55 [main] DEBUG l.i.u.t.SubmittedApplicationsPageTest - Clicked 'Next' button.
2025-05-20 14:39:55 [main] INFO  l.i.u.p.SubmittedApplicationsPage - Located the dropdown button.
2025-05-20 14:39:55 [main] INFO  l.i.u.p.SubmittedApplicationsPage - Successfully selected the value: 'Administratoriai'
2025-05-20 14:39:55 [main] DEBUG l.i.u.t.SubmittedApplicationsPageTest - Selected job name: 'Administratoriai'.
2025-05-20 14:39:56 [main] DEBUG l.i.u.t.SubmittedApplicationsPageTest - Entered job function: 'Funkcija 1'.
2025-05-20 14:39:56 [main] DEBUG l.i.u.t.SubmittedApplicationsPageTest - Selected 'RadioButtonWithDisabilities' option.
2025-05-20 14:39:56 [main] INFO  l.i.u.p.SubmittedApplicationsPage - Clicking on the dropdown button.
2025-05-20 14:39:57 [main] INFO  l.i.u.p.SubmittedApplicationsPage - Found 34 options in the dropdown.
2025-05-20 14:39:57 [main] DEBUG l.i.u.p.SubmittedApplicationsPage - Checking option: 'Asmenys, kuriems suteiktas pabėgėlio statusas ar perkeliamojo asmens statusas, arba asmenys, kuriems suteikta papildoma ar laikinoji apsauga, ir asmenys, turintys teisę gauti laikinąją apsaugą, iki sprendimo dėl laikinosios apsaugos suteikimo (nesuteikimo) priėmimo, tačiau ne ilgiau kaip laikinosios apsaugos laikotarpiu'
2025-05-20 14:39:57 [main] DEBUG l.i.u.p.SubmittedApplicationsPage - Checking option: 'Asmenys, kuriems suteiktas pabėgėlio statusas ar perkeliamojo asmens statusas, arba asmenys, kuriems suteikta papildoma ar laikinoji apsauga, ir asmenys, turintys teisę gauti laikinąją apsaugą, iki sprendimo dėl laikinosios apsaugos suteikimo (nesuteikimo) priėmimo, tačiau ne ilgiau kaip laikinosios apsaugos laikotarpiu'
2025-05-20 14:39:57 [main] DEBUG l.i.u.p.SubmittedApplicationsPage - Checking option: 'Asmenys, turintys teisę į papildomas užimtumo garantijas pagal Lietuvos Respublikos valstybės įmonės Ignalinos atominės elektrinės darbuotojų papildomų užimtumo ir socialinių garantijų įstatymą'
2025-05-20 14:39:57 [main] DEBUG l.i.u.p.SubmittedApplicationsPage - Checking option: 'Asmenys, turintys teisę į papildomas užimtumo garantijas pagal Lietuvos Respublikos valstybės įmonės Ignalinos atominės elektrinės darbuotojų papildomų užimtumo ir socialinių garantijų įstatymą'
2025-05-20 14:39:57 [main] DEBUG l.i.u.p.SubmittedApplicationsPage - Checking option: 'Bedarbiai iki 29 metų'
2025-05-20 14:39:57 [main] DEBUG l.i.u.p.SubmittedApplicationsPage - Checking option: 'Bedarbiai iki 29 metų'
2025-05-20 14:39:57 [main] DEBUG l.i.u.p.SubmittedApplicationsPage - Checking option: 'Bedarbiai, kurie yra darbingo amžiaus neįgalieji, kuriems nustatytas 30–40 procentų darbingumo lygis arba vidutinis neįgalumo lygis'
2025-05-20 14:39:57 [main] DEBUG l.i.u.p.SubmittedApplicationsPage - Checking option: 'Bedarbiai, kurie yra darbingo amžiaus neįgalieji, kuriems nustatytas 30–40 procentų darbingumo lygis arba vidutinis neįgalumo lygis'
2025-05-20 14:39:57 [main] DEBUG l.i.u.p.SubmittedApplicationsPage - Checking option: 'Bedarbiai, kurie yra darbingo amžiaus neįgalieji, kuriems nustatytas 45–55 procentų darbingumo lygis arba lengvas neįgalumo lygis'
2025-05-20 14:39:57 [main] DEBUG l.i.u.p.SubmittedApplicationsPage - Checking option: 'Bedarbiai, kurie yra darbingo amžiaus neįgalieji, kuriems nustatytas 45–55 procentų darbingumo lygis arba lengvas neįgalumo lygis'
2025-05-20 14:39:57 [main] DEBUG l.i.u.p.SubmittedApplicationsPage - Checking option: 'Bedarbiai, kurie yra darbingo amžiaus neįgalieji, kuriems nustatytas iki 25 procentų darbingumo lygis arba sunkus neįgalumo lygis'
2025-05-20 14:39:57 [main] INFO  l.i.u.p.SubmittedApplicationsPage - Successfully selected the value: 'Bedarbiai, kurie yra darbingo amžiaus neįgalieji, kuriems nustatytas iki 25 procentų darbingumo lygis arba sunkus neįgalumo lygis'
2025-05-20 14:39:57 [main] INFO  l.i.u.p.SubmittedApplicationsPage - Attempting to close the dropdown.
2025-05-20 14:39:58 [main] DEBUG l.i.u.t.SubmittedApplicationsPageTest - Selected disabilities type: 'Bedarbiai, kurie yra darbingo amžiaus neįgalieji, kuriems nustatytas iki 25 procentų darbingumo lygis arba sunkus neįgalumo lygis'.
2025-05-20 14:39:58 [main] DEBUG l.i.u.t.SubmittedApplicationsPageTest - Entered disability information: 'Negalia 1'.
2025-05-20 14:39:58 [main] INFO  l.i.u.p.SubmittedApplicationsPage - Located the dropdown button.
2025-05-20 14:39:58 [main] INFO  l.i.u.p.SubmittedApplicationsPage - Successfully selected the value: 'Kita'
2025-05-20 14:39:58 [main] DEBUG l.i.u.t.SubmittedApplicationsPageTest - Selected time mode: 'Kita'.
2025-05-20 14:39:58 [main] DEBUG l.i.u.t.SubmittedApplicationsPageTest - Selected time mode other: '6 val. per dieną ir 4 d. per savaitę'.
2025-05-20 14:39:59 [main] DEBUG l.i.u.t.SubmittedApplicationsPageTest - Entered qualification: 'Kvalifikacija 1'.
2025-05-20 14:39:59 [main] DEBUG l.i.u.t.SubmittedApplicationsPageTest - Entered job date.
2025-05-20 14:39:59 [main] DEBUG l.i.u.t.SubmittedApplicationsPageTest - Entered salary amount: '1200'.
2025-05-20 14:39:59 [main] DEBUG l.i.u.t.SubmittedApplicationsPageTest - Entered salary description: 'Užmokestis 1'.
2025-05-20 14:40:00 [main] DEBUG l.i.u.t.SubmittedApplicationsPageTest - Selected 'Temporary Job' radio button.
2025-05-20 14:40:00 [main] DEBUG l.i.u.t.SubmittedApplicationsPageTest - Selected 'Season Job' radio button.
2025-05-20 14:40:00 [main] DEBUG l.i.u.t.SubmittedApplicationsPageTest - Selected 'Energy' radio button.
2025-05-20 14:40:00 [main] DEBUG l.i.u.t.SubmittedApplicationsPageTest - Selected 'Repair' radio button.
2025-05-20 14:40:00 [main] DEBUG l.i.u.t.SubmittedApplicationsPageTest - Entered job description: 'Veikla 1'.
2025-05-20 14:40:01 [main] DEBUG l.i.u.t.SubmittedApplicationsPageTest - Entered process description: 'Procesas 1'.
2025-05-20 14:40:01 [main] DEBUG l.i.u.t.SubmittedApplicationsPageTest - Entered energy information: 'Energija 1'.
2025-05-20 14:40:01 [main] DEBUG l.i.u.t.SubmittedApplicationsPageTest - Entered repair information: 'Remontas 1'.
2025-05-20 14:40:01 [main] DEBUG l.i.u.t.SubmittedApplicationsPageTest - Selected 'PVM' radio button.
2025-05-20 14:40:01 [main] INFO  l.i.u.p.SubmittedApplicationsPage - Located the dropdown button.
2025-05-20 14:40:02 [main] INFO  l.i.u.p.SubmittedApplicationsPage - Successfully selected the value: 'Įsigyti'
2025-05-20 14:40:02 [main] DEBUG l.i.u.t.SubmittedApplicationsPageTest - Selected necessary for job: 'Įsigyti'.
2025-05-20 14:40:02 [main] DEBUG l.i.u.t.SubmittedApplicationsPageTest - Selected tool: 'Darbo priemonė 1'.
2025-05-20 14:40:02 [main] DEBUG l.i.u.t.SubmittedApplicationsPageTest - Selected tool parameter one: 'Darbo priemonės 1 parametras 1'.
2025-05-20 14:40:03 [main] DEBUG l.i.u.t.SubmittedApplicationsPageTest - Selected tool parameter two: 'Darbo priemonės 1 parametras 2'.
2025-05-20 14:40:03 [main] DEBUG l.i.u.t.SubmittedApplicationsPageTest - Selected tool parameter three: 'Darbo priemonės 1 parametras 3'.
2025-05-20 14:40:03 [main] DEBUG l.i.u.t.SubmittedApplicationsPageTest - Entered tool count: '1'.
2025-05-20 14:40:03 [main] DEBUG l.i.u.t.SubmittedApplicationsPageTest - Entered price amount 1: '1000'.
2025-05-20 14:40:06 [main] DEBUG l.i.u.t.SubmittedApplicationsPageTest - Entered own funds amount 1: '800'.
2025-05-20 14:40:08 [main] DEBUG l.i.u.t.SubmittedApplicationsPageTest - Clicked 'Add' button.
2025-05-20 14:40:08 [main] INFO  l.i.u.p.SubmittedApplicationsPage - Located the dropdown button.
2025-05-20 14:40:08 [main] INFO  l.i.u.p.SubmittedApplicationsPage - Successfully selected the value: 'Remontuoti'
2025-05-20 14:40:08 [main] DEBUG l.i.u.t.SubmittedApplicationsPageTest - Selected necessary for job 'to repair': 'Remontuoti'.
2025-05-20 14:40:09 [main] DEBUG l.i.u.t.SubmittedApplicationsPageTest - Selected repair name: 'Remonto pavadinimas 1'.
2025-05-20 14:40:09 [main] DEBUG l.i.u.t.SubmittedApplicationsPageTest - Entered repair information: 'Remonto aprašymas 1'.
2025-05-20 14:40:09 [main] DEBUG l.i.u.t.SubmittedApplicationsPageTest - Entered price amount 2: '1000'.
2025-05-20 14:40:11 [main] DEBUG l.i.u.t.SubmittedApplicationsPageTest - Entered own funds amount 2: '900'.
2025-05-20 14:40:14 [main] DEBUG l.i.u.t.SubmittedApplicationsPageTest - Clicked 'AddRemoved' button.
2025-05-20 14:40:16 [main] DEBUG l.i.u.t.SubmittedApplicationsPageTest - Clicked 'Remove' button.
2025-05-20 14:40:18 [main] DEBUG l.i.u.t.SubmittedApplicationsPageTest - Clicked 'Remove Confirmation' button.
2025-05-20 14:40:20 [main] DEBUG l.i.u.t.SubmittedApplicationsPageTest - Entered country percentage: '50'.
2025-05-20 14:40:20 [main] DEBUG l.i.u.t.SubmittedApplicationsPageTest - Entered institution percentage: '50'.
2025-05-20 14:40:20 [main] DEBUG l.i.u.t.SubmittedApplicationsPageTest - Entered municipality percentage: '50'.
2025-05-20 14:40:20 [main] DEBUG l.i.u.t.SubmittedApplicationsPageTest - Selected 'De Minimis' radio button.
2025-05-20 14:40:21 [main] DEBUG l.i.u.t.SubmittedApplicationsPageTest - Entered program name: 'Programa 1'.
2025-05-20 14:40:21 [main] DEBUG l.i.u.t.SubmittedApplicationsPageTest - Entered project date from.
2025-05-20 14:40:21 [main] DEBUG l.i.u.t.SubmittedApplicationsPageTest - Entered project date until.
2025-05-20 14:40:21 [main] DEBUG l.i.u.t.SubmittedApplicationsPageTest - Entered support amount: '2000'.
2025-05-20 14:40:21 [main] DEBUG l.i.u.t.SubmittedApplicationsPageTest - Clicked 'Next' button.
2025-05-20 14:40:31 [main] DEBUG l.i.u.t.SubmittedApplicationsPageTest - Checked 'Legal Entities' checkbox 1.
2025-05-20 14:40:41 [main] DEBUG l.i.u.t.SubmittedApplicationsPageTest - Checked 'Legal Entities' checkbox 2.
2025-05-20 14:40:51 [main] DEBUG l.i.u.t.SubmittedApplicationsPageTest - Checked 'Legal Entities' checkbox 3.
2025-05-20 14:40:51 [main] DEBUG l.i.u.t.SubmittedApplicationsPageTest - Test finished: All 'Legal Entities' checkboxes checked successfully.
2025-05-20 14:40:52 [main] DEBUG l.i.u.t.SubmittedApplicationsPageTest - Clicked 'Next' button after checkboxes.
2025-05-20 14:41:02 [main] ERROR l.i.u.p.SubmittedApplicationsPage - Error selecting radio button: Expected condition failed: waiting for element to be clickable: By.xpath: (//input[@type='radio' and @value='false'])[8] (tried for 10 second(s) with 500 milliseconds interval)
Build info: version: '4.27.0', revision: 'd6e718d134'
System info: os.name: 'Windows 11', os.arch: 'amd64', os.version: '10.0', java.version: '21.0.3'
Driver info: org.openqa.selenium.chrome.ChromeDriver
Capabilities {acceptInsecureCerts: false, browserName: chrome, browserVersion: 136.0.7103.114, chrome: {chromedriverVersion: 136.0.7103.94 (fa0be0b33deb..., userDataDir: C:\Users\INGRID~1.ZAD\AppDa...}, fedcm:accounts: true, goog:chromeOptions: {debuggerAddress: localhost:51388}, networkConnectionEnabled: false, pageLoadStrategy: normal, platformName: windows, proxy: Proxy(), se:cdp: ws://localhost:51388/devtoo..., se:cdpVersion: 136.0.7103.114, setWindowRect: true, strictFileInteractability: false, timeouts: {implicit: 0, pageLoad: 300000, script: 30000}, unhandledPromptBehavior: dismiss and notify, webauthn:extension:credBlob: true, webauthn:extension:largeBlob: true, webauthn:extension:minPinLength: true, webauthn:extension:prf: true, webauthn:virtualAuthenticators: true}
Session ID: a4c4e5c2337a0e83e5477a3f9061e044
2025-05-20 14:41:02 [main] INFO  l.i.u.t.SubmittedApplicationsPageTest - Marking 'Ne' radio button 1
2025-05-20 14:41:12 [main] ERROR l.i.u.p.SubmittedApplicationsPage - Error selecting radio button: Expected condition failed: waiting for element to be clickable: By.xpath: (//input[@type='radio' and @value='false'])[9] (tried for 10 second(s) with 500 milliseconds interval)
Build info: version: '4.27.0', revision: 'd6e718d134'
System info: os.name: 'Windows 11', os.arch: 'amd64', os.version: '10.0', java.version: '21.0.3'
Driver info: org.openqa.selenium.chrome.ChromeDriver
Capabilities {acceptInsecureCerts: false, browserName: chrome, browserVersion: 136.0.7103.114, chrome: {chromedriverVersion: 136.0.7103.94 (fa0be0b33deb..., userDataDir: C:\Users\INGRID~1.ZAD\AppDa...}, fedcm:accounts: true, goog:chromeOptions: {debuggerAddress: localhost:51388}, networkConnectionEnabled: false, pageLoadStrategy: normal, platformName: windows, proxy: Proxy(), se:cdp: ws://localhost:51388/devtoo..., se:cdpVersion: 136.0.7103.114, setWindowRect: true, strictFileInteractability: false, timeouts: {implicit: 0, pageLoad: 300000, script: 30000}, unhandledPromptBehavior: dismiss and notify, webauthn:extension:credBlob: true, webauthn:extension:largeBlob: true, webauthn:extension:minPinLength: true, webauthn:extension:prf: true, webauthn:virtualAuthenticators: true}
Session ID: a4c4e5c2337a0e83e5477a3f9061e044
2025-05-20 14:41:12 [main] INFO  l.i.u.t.SubmittedApplicationsPageTest - Marking 'Ne' radio button 2
2025-05-20 14:41:23 [main] ERROR l.i.u.p.SubmittedApplicationsPage - Error selecting radio button: Expected condition failed: waiting for element to be clickable: By.xpath: (//input[@type='radio' and @value='false'])[10] (tried for 10 second(s) with 500 milliseconds interval)
Build info: version: '4.27.0', revision: 'd6e718d134'
System info: os.name: 'Windows 11', os.arch: 'amd64', os.version: '10.0', java.version: '21.0.3'
Driver info: org.openqa.selenium.chrome.ChromeDriver
Capabilities {acceptInsecureCerts: false, browserName: chrome, browserVersion: 136.0.7103.114, chrome: {chromedriverVersion: 136.0.7103.94 (fa0be0b33deb..., userDataDir: C:\Users\INGRID~1.ZAD\AppDa...}, fedcm:accounts: true, goog:chromeOptions: {debuggerAddress: localhost:51388}, networkConnectionEnabled: false, pageLoadStrategy: normal, platformName: windows, proxy: Proxy(), se:cdp: ws://localhost:51388/devtoo..., se:cdpVersion: 136.0.7103.114, setWindowRect: true, strictFileInteractability: false, timeouts: {implicit: 0, pageLoad: 300000, script: 30000}, unhandledPromptBehavior: dismiss and notify, webauthn:extension:credBlob: true, webauthn:extension:largeBlob: true, webauthn:extension:minPinLength: true, webauthn:extension:prf: true, webauthn:virtualAuthenticators: true}
Session ID: a4c4e5c2337a0e83e5477a3f9061e044
2025-05-20 14:41:23 [main] INFO  l.i.u.t.SubmittedApplicationsPageTest - Marking 'Ne' radio button 3
2025-05-20 14:41:33 [main] ERROR l.i.u.p.SubmittedApplicationsPage - Error selecting radio button: Expected condition failed: waiting for element to be clickable: By.xpath: (//input[@type='radio' and @value='false'])[11] (tried for 10 second(s) with 500 milliseconds interval)
Build info: version: '4.27.0', revision: 'd6e718d134'
System info: os.name: 'Windows 11', os.arch: 'amd64', os.version: '10.0', java.version: '21.0.3'
Driver info: org.openqa.selenium.chrome.ChromeDriver
Capabilities {acceptInsecureCerts: false, browserName: chrome, browserVersion: 136.0.7103.114, chrome: {chromedriverVersion: 136.0.7103.94 (fa0be0b33deb..., userDataDir: C:\Users\INGRID~1.ZAD\AppDa...}, fedcm:accounts: true, goog:chromeOptions: {debuggerAddress: localhost:51388}, networkConnectionEnabled: false, pageLoadStrategy: normal, platformName: windows, proxy: Proxy(), se:cdp: ws://localhost:51388/devtoo..., se:cdpVersion: 136.0.7103.114, setWindowRect: true, strictFileInteractability: false, timeouts: {implicit: 0, pageLoad: 300000, script: 30000}, unhandledPromptBehavior: dismiss and notify, webauthn:extension:credBlob: true, webauthn:extension:largeBlob: true, webauthn:extension:minPinLength: true, webauthn:extension:prf: true, webauthn:virtualAuthenticators: true}
Session ID: a4c4e5c2337a0e83e5477a3f9061e044
2025-05-20 14:41:33 [main] INFO  l.i.u.t.SubmittedApplicationsPageTest - Marking 'Ne' radio button 4
2025-05-20 14:41:43 [main] ERROR l.i.u.p.SubmittedApplicationsPage - Error selecting radio button: Expected condition failed: waiting for element to be clickable: By.xpath: (//input[@type='radio' and @value='false'])[12] (tried for 10 second(s) with 500 milliseconds interval)
Build info: version: '4.27.0', revision: 'd6e718d134'
System info: os.name: 'Windows 11', os.arch: 'amd64', os.version: '10.0', java.version: '21.0.3'
Driver info: org.openqa.selenium.chrome.ChromeDriver
Capabilities {acceptInsecureCerts: false, browserName: chrome, browserVersion: 136.0.7103.114, chrome: {chromedriverVersion: 136.0.7103.94 (fa0be0b33deb..., userDataDir: C:\Users\INGRID~1.ZAD\AppDa...}, fedcm:accounts: true, goog:chromeOptions: {debuggerAddress: localhost:51388}, networkConnectionEnabled: false, pageLoadStrategy: normal, platformName: windows, proxy: Proxy(), se:cdp: ws://localhost:51388/devtoo..., se:cdpVersion: 136.0.7103.114, setWindowRect: true, strictFileInteractability: false, timeouts: {implicit: 0, pageLoad: 300000, script: 30000}, unhandledPromptBehavior: dismiss and notify, webauthn:extension:credBlob: true, webauthn:extension:largeBlob: true, webauthn:extension:minPinLength: true, webauthn:extension:prf: true, webauthn:virtualAuthenticators: true}
Session ID: a4c4e5c2337a0e83e5477a3f9061e044
2025-05-20 14:41:43 [main] INFO  l.i.u.t.SubmittedApplicationsPageTest - Marking 'Ne' radio button 5
2025-05-20 14:41:53 [main] ERROR l.i.u.p.SubmittedApplicationsPage - Error selecting radio button: Expected condition failed: waiting for element to be clickable: By.xpath: (//input[@type='radio' and @value='false'])[13] (tried for 10 second(s) with 500 milliseconds interval)
Build info: version: '4.27.0', revision: 'd6e718d134'
System info: os.name: 'Windows 11', os.arch: 'amd64', os.version: '10.0', java.version: '21.0.3'
Driver info: org.openqa.selenium.chrome.ChromeDriver
Capabilities {acceptInsecureCerts: false, browserName: chrome, browserVersion: 136.0.7103.114, chrome: {chromedriverVersion: 136.0.7103.94 (fa0be0b33deb..., userDataDir: C:\Users\INGRID~1.ZAD\AppDa...}, fedcm:accounts: true, goog:chromeOptions: {debuggerAddress: localhost:51388}, networkConnectionEnabled: false, pageLoadStrategy: normal, platformName: windows, proxy: Proxy(), se:cdp: ws://localhost:51388/devtoo..., se:cdpVersion: 136.0.7103.114, setWindowRect: true, strictFileInteractability: false, timeouts: {implicit: 0, pageLoad: 300000, script: 30000}, unhandledPromptBehavior: dismiss and notify, webauthn:extension:credBlob: true, webauthn:extension:largeBlob: true, webauthn:extension:minPinLength: true, webauthn:extension:prf: true, webauthn:virtualAuthenticators: true}
Session ID: a4c4e5c2337a0e83e5477a3f9061e044
2025-05-20 14:41:53 [main] INFO  l.i.u.t.SubmittedApplicationsPageTest - Marking 'Ne' radio button 6
2025-05-20 14:42:03 [main] ERROR l.i.u.p.SubmittedApplicationsPage - Error selecting radio button: Expected condition failed: waiting for element to be clickable: By.xpath: (//input[@type='radio' and @value='true'])[14] (tried for 10 second(s) with 500 milliseconds interval)
Build info: version: '4.27.0', revision: 'd6e718d134'
System info: os.name: 'Windows 11', os.arch: 'amd64', os.version: '10.0', java.version: '21.0.3'
Driver info: org.openqa.selenium.chrome.ChromeDriver
Capabilities {acceptInsecureCerts: false, browserName: chrome, browserVersion: 136.0.7103.114, chrome: {chromedriverVersion: 136.0.7103.94 (fa0be0b33deb..., userDataDir: C:\Users\INGRID~1.ZAD\AppDa...}, fedcm:accounts: true, goog:chromeOptions: {debuggerAddress: localhost:51388}, networkConnectionEnabled: false, pageLoadStrategy: normal, platformName: windows, proxy: Proxy(), se:cdp: ws://localhost:51388/devtoo..., se:cdpVersion: 136.0.7103.114, setWindowRect: true, strictFileInteractability: false, timeouts: {implicit: 0, pageLoad: 300000, script: 30000}, unhandledPromptBehavior: dismiss and notify, webauthn:extension:credBlob: true, webauthn:extension:largeBlob: true, webauthn:extension:minPinLength: true, webauthn:extension:prf: true, webauthn:virtualAuthenticators: true}
Session ID: a4c4e5c2337a0e83e5477a3f9061e044
2025-05-20 14:42:03 [main] INFO  l.i.u.t.SubmittedApplicationsPageTest - Marking 'Taip' radio button 7
2025-05-20 14:42:13 [main] ERROR l.i.u.p.SubmittedApplicationsPage - Error selecting radio button: Expected condition failed: waiting for element to be clickable: By.xpath: (//input[@type='radio' and @value='true'])[15] (tried for 10 second(s) with 500 milliseconds interval)
Build info: version: '4.27.0', revision: 'd6e718d134'
System info: os.name: 'Windows 11', os.arch: 'amd64', os.version: '10.0', java.version: '21.0.3'
Driver info: org.openqa.selenium.chrome.ChromeDriver
Capabilities {acceptInsecureCerts: false, browserName: chrome, browserVersion: 136.0.7103.114, chrome: {chromedriverVersion: 136.0.7103.94 (fa0be0b33deb..., userDataDir: C:\Users\INGRID~1.ZAD\AppDa...}, fedcm:accounts: true, goog:chromeOptions: {debuggerAddress: localhost:51388}, networkConnectionEnabled: false, pageLoadStrategy: normal, platformName: windows, proxy: Proxy(), se:cdp: ws://localhost:51388/devtoo..., se:cdpVersion: 136.0.7103.114, setWindowRect: true, strictFileInteractability: false, timeouts: {implicit: 0, pageLoad: 300000, script: 30000}, unhandledPromptBehavior: dismiss and notify, webauthn:extension:credBlob: true, webauthn:extension:largeBlob: true, webauthn:extension:minPinLength: true, webauthn:extension:prf: true, webauthn:virtualAuthenticators: true}
Session ID: a4c4e5c2337a0e83e5477a3f9061e044
2025-05-20 14:42:13 [main] INFO  l.i.u.t.SubmittedApplicationsPageTest - Marking 'Taip' radio button 8
2025-05-20 14:42:23 [main] ERROR l.i.u.p.SubmittedApplicationsPage - Error selecting radio button: Expected condition failed: waiting for element to be clickable: By.xpath: (//input[@type='radio' and @value='true'])[16] (tried for 10 second(s) with 500 milliseconds interval)
Build info: version: '4.27.0', revision: 'd6e718d134'
System info: os.name: 'Windows 11', os.arch: 'amd64', os.version: '10.0', java.version: '21.0.3'
Driver info: org.openqa.selenium.chrome.ChromeDriver
Capabilities {acceptInsecureCerts: false, browserName: chrome, browserVersion: 136.0.7103.114, chrome: {chromedriverVersion: 136.0.7103.94 (fa0be0b33deb..., userDataDir: C:\Users\INGRID~1.ZAD\AppDa...}, fedcm:accounts: true, goog:chromeOptions: {debuggerAddress: localhost:51388}, networkConnectionEnabled: false, pageLoadStrategy: normal, platformName: windows, proxy: Proxy(), se:cdp: ws://localhost:51388/devtoo..., se:cdpVersion: 136.0.7103.114, setWindowRect: true, strictFileInteractability: false, timeouts: {implicit: 0, pageLoad: 300000, script: 30000}, unhandledPromptBehavior: dismiss and notify, webauthn:extension:credBlob: true, webauthn:extension:largeBlob: true, webauthn:extension:minPinLength: true, webauthn:extension:prf: true, webauthn:virtualAuthenticators: true}
Session ID: a4c4e5c2337a0e83e5477a3f9061e044
2025-05-20 14:42:23 [main] INFO  l.i.u.t.SubmittedApplicationsPageTest - Marking 'Taip' radio button 9
2025-05-20 14:42:33 [main] ERROR l.i.u.p.SubmittedApplicationsPage - Error selecting radio button: Expected condition failed: waiting for element to be clickable: By.xpath: (//input[@type='radio' and @value='true'])[17] (tried for 10 second(s) with 500 milliseconds interval)
Build info: version: '4.27.0', revision: 'd6e718d134'
System info: os.name: 'Windows 11', os.arch: 'amd64', os.version: '10.0', java.version: '21.0.3'
Driver info: org.openqa.selenium.chrome.ChromeDriver
Capabilities {acceptInsecureCerts: false, browserName: chrome, browserVersion: 136.0.7103.114, chrome: {chromedriverVersion: 136.0.7103.94 (fa0be0b33deb..., userDataDir: C:\Users\INGRID~1.ZAD\AppDa...}, fedcm:accounts: true, goog:chromeOptions: {debuggerAddress: localhost:51388}, networkConnectionEnabled: false, pageLoadStrategy: normal, platformName: windows, proxy: Proxy(), se:cdp: ws://localhost:51388/devtoo..., se:cdpVersion: 136.0.7103.114, setWindowRect: true, strictFileInteractability: false, timeouts: {implicit: 0, pageLoad: 300000, script: 30000}, unhandledPromptBehavior: dismiss and notify, webauthn:extension:credBlob: true, webauthn:extension:largeBlob: true, webauthn:extension:minPinLength: true, webauthn:extension:prf: true, webauthn:virtualAuthenticators: true}
Session ID: a4c4e5c2337a0e83e5477a3f9061e044
2025-05-20 14:42:33 [main] INFO  l.i.u.t.SubmittedApplicationsPageTest - Marking 'Taip' radio button 10
2025-05-20 14:42:43 [main] ERROR l.i.u.p.SubmittedApplicationsPage - Error selecting radio button: Expected condition failed: waiting for element to be clickable: By.xpath: (//input[@type='radio' and @value='true'])[18] (tried for 10 second(s) with 500 milliseconds interval)
Build info: version: '4.27.0', revision: 'd6e718d134'
System info: os.name: 'Windows 11', os.arch: 'amd64', os.version: '10.0', java.version: '21.0.3'
Driver info: org.openqa.selenium.chrome.ChromeDriver
Capabilities {acceptInsecureCerts: false, browserName: chrome, browserVersion: 136.0.7103.114, chrome: {chromedriverVersion: 136.0.7103.94 (fa0be0b33deb..., userDataDir: C:\Users\INGRID~1.ZAD\AppDa...}, fedcm:accounts: true, goog:chromeOptions: {debuggerAddress: localhost:51388}, networkConnectionEnabled: false, pageLoadStrategy: normal, platformName: windows, proxy: Proxy(), se:cdp: ws://localhost:51388/devtoo..., se:cdpVersion: 136.0.7103.114, setWindowRect: true, strictFileInteractability: false, timeouts: {implicit: 0, pageLoad: 300000, script: 30000}, unhandledPromptBehavior: dismiss and notify, webauthn:extension:credBlob: true, webauthn:extension:largeBlob: true, webauthn:extension:minPinLength: true, webauthn:extension:prf: true, webauthn:virtualAuthenticators: true}
Session ID: a4c4e5c2337a0e83e5477a3f9061e044
2025-05-20 14:42:43 [main] INFO  l.i.u.t.SubmittedApplicationsPageTest - Marking 'Taip' radio button 11
2025-05-20 14:42:54 [main] ERROR l.i.u.p.SubmittedApplicationsPage - Error selecting radio button: Expected condition failed: waiting for element to be clickable: By.xpath: (//input[@type='radio' and @value='true'])[19] (tried for 10 second(s) with 500 milliseconds interval)
Build info: version: '4.27.0', revision: 'd6e718d134'
System info: os.name: 'Windows 11', os.arch: 'amd64', os.version: '10.0', java.version: '21.0.3'
Driver info: org.openqa.selenium.chrome.ChromeDriver
Capabilities {acceptInsecureCerts: false, browserName: chrome, browserVersion: 136.0.7103.114, chrome: {chromedriverVersion: 136.0.7103.94 (fa0be0b33deb..., userDataDir: C:\Users\INGRID~1.ZAD\AppDa...}, fedcm:accounts: true, goog:chromeOptions: {debuggerAddress: localhost:51388}, networkConnectionEnabled: false, pageLoadStrategy: normal, platformName: windows, proxy: Proxy(), se:cdp: ws://localhost:51388/devtoo..., se:cdpVersion: 136.0.7103.114, setWindowRect: true, strictFileInteractability: false, timeouts: {implicit: 0, pageLoad: 300000, script: 30000}, unhandledPromptBehavior: dismiss and notify, webauthn:extension:credBlob: true, webauthn:extension:largeBlob: true, webauthn:extension:minPinLength: true, webauthn:extension:prf: true, webauthn:virtualAuthenticators: true}
Session ID: a4c4e5c2337a0e83e5477a3f9061e044
2025-05-20 14:42:54 [main] INFO  l.i.u.t.SubmittedApplicationsPageTest - Marking 'Taip' radio button 12
2025-05-20 14:43:04 [main] DEBUG l.i.u.t.SubmittedApplicationsPageTest - Checked 'ConfirmationStepFour'
2025-05-20 14:43:04 [main] DEBUG l.i.u.t.SubmittedApplicationsPageTest - Clicked 'Next' button after checkboxes.
2025-05-20 14:43:04 [main] INFO  l.i.u.p.SubmittedApplicationsPage - File uploaded successfully to an input element.
2025-05-20 14:43:04 [main] INFO  l.i.u.p.SubmittedApplicationsPage - File uploaded successfully to an input element.
2025-05-20 14:43:04 [main] INFO  l.i.u.p.SubmittedApplicationsPage - File uploaded successfully to an input element.
2025-05-20 14:43:04 [main] INFO  l.i.u.p.SubmittedApplicationsPage - File uploaded successfully to an input element.
2025-05-20 14:43:04 [main] INFO  l.i.u.p.SubmittedApplicationsPage - File uploaded successfully to an input element.
2025-05-20 14:43:04 [main] INFO  l.i.u.p.SubmittedApplicationsPage - File uploaded successfully to an input element.
2025-05-20 14:43:04 [main] INFO  l.i.u.p.SubmittedApplicationsPage - File uploaded successfully to an input element.
2025-05-20 14:43:04 [main] INFO  l.i.u.p.SubmittedApplicationsPage - File uploaded successfully to an input element.
2025-05-20 14:43:04 [main] INFO  l.i.u.p.SubmittedApplicationsPage - File uploaded successfully to an input element.
2025-05-20 14:43:04 [main] INFO  l.i.u.p.SubmittedApplicationsPage - File uploaded successfully to an input element.
2025-05-20 14:43:05 [main] DEBUG l.i.u.t.SubmittedApplicationsPageTest - Entered program name: 'Dokumentas 1'.
2025-05-20 14:43:05 [main] DEBUG l.i.u.t.SubmittedApplicationsPageTest - Entered program name: 'Dokumentas 2'.
2025-05-20 14:43:05 [main] DEBUG l.i.u.t.SubmittedApplicationsPageTest - Entered program name: 'Dokumentas 3'.
2025-05-20 14:43:05 [main] DEBUG l.i.u.t.SubmittedApplicationsPageTest - Entered program name: 'Dokumentas 4'.
2025-05-20 14:43:05 [main] DEBUG l.i.u.t.SubmittedApplicationsPageTest - Entered program name: 'Dokumentas 5'.
2025-05-20 14:43:05 [main] DEBUG l.i.u.t.SubmittedApplicationsPageTest - Entered program name: 'Dokumentas 6'.
2025-05-20 14:43:05 [main] DEBUG l.i.u.t.SubmittedApplicationsPageTest - Entered program name: 'Dokumentas 4'.
2025-05-20 14:43:06 [main] DEBUG l.i.u.t.SubmittedApplicationsPageTest - Entered program name: 'Dokumentas 8'.
2025-05-20 14:43:06 [main] DEBUG l.i.u.t.SubmittedApplicationsPageTest - Entered program name: 'Dokumentas 9'.
2025-05-20 14:43:06 [main] DEBUG l.i.u.t.SubmittedApplicationsPageTest - Entered program name: 'Dokumentas 10'.
2025-05-20 14:43:16 [main] DEBUG l.i.u.t.SubmittedApplicationsPageTest - Checked 'ConfirmationDocument'
2025-05-20 14:43:26 [main] DEBUG l.i.u.t.SubmittedApplicationsPageTest - Checked 'ConfirmationApplication'
2025-05-20 14:43:26 [main] DEBUG l.i.u.t.SubmittedApplicationsPageTest - Clicked 'SaveDraft' button after checkboxes.
2025-05-20 14:43:26 [main] DEBUG l.i.uztis.pages.ApplicationFormsPage - Verified success message: 'Ruošinys sėkmingai išsaugotas.'
2025-05-20 14:43:26 [main] INFO  l.i.u.t.SubmittedApplicationsPageTest - Verified success message
2025-05-20 14:43:26 [main] DEBUG l.i.u.t.SubmittedApplicationsPageTest - Clicked 'Review' button after checkboxes.
2025-05-20 14:43:28 [main] DEBUG l.i.u.t.SubmittedApplicationsPageTest - Clicked 'Submit' button after checkboxes.
2025-05-20 14:43:28 [main] DEBUG l.i.u.t.SubmittedApplicationsPageTest - Clicked 'SubmitConfirmation' button after checkboxes.
2025-05-20 14:43:28 [main] ERROR l.i.uztis.pages.ApplicationFormsPage - Failed to verify the success message: 'Paraiška sėkmingai pateikta ir užregistruota.'. Available messages: [Ruošinys sėkmingai išsaugotas.]
2025-05-20 14:43:28 [main] INFO  l.i.u.t.SubmittedApplicationsPageTest - Test 'testFillNewVUIApplicationFA' completed successfully.
2025-05-20 14:44:00 [main] INFO  lt.insoft.uztis.tests.UztisPageTest - Navigated to https://uztisdev.asseco.lt/home
2025-05-20 14:44:00 [main] INFO  l.i.uztis.tests.EvaluationsPageTest - Starting test:'testFillSaveDraftEvaluationOne'
2025-05-20 14:44:00 [main] INFO  l.i.uztis.tests.EvaluationsPageTest - Starting test:'testNavigateToEvaluationsPage'
2025-05-20 14:44:01 [main] DEBUG l.i.uztis.tests.EvaluationsPageTest - User logged in with test credentials
2025-05-20 14:44:01 [main] DEBUG l.i.uztis.tests.EvaluationsPageTest - Opened 'Application Processing' menu.
2025-05-20 14:44:01 [main] DEBUG l.i.uztis.tests.EvaluationsPageTest - Clicked on 'Evaluations' menu.
2025-05-20 14:44:01 [main] DEBUG l.i.uztis.tests.EvaluationsPageTest - Navigating to evaluations menu.
2025-05-20 14:44:01 [main] INFO  l.i.uztis.tests.EvaluationsPageTest - Test 'testNavigateToEvaluationsPage' completed successfully.
2025-05-20 14:44:02 [main] DEBUG l.i.uztis.tests.EvaluationsPageTest - Clicked on last evaluation.
2025-05-20 14:44:03 [main] ERROR l.i.uztis.tests.EvaluationsPageTest - Test 'testFillSaveDraftEvaluationOne' failed with error: element click intercepted: Element <button type="button" class="btn btn--primary">...</button> is not clickable at point (889, 151). Other element would receive the click: <span class="w-100">...</span>
  (Session info: chrome=136.0.7103.114)
Build info: version: '4.27.0', revision: 'd6e718d134'
System info: os.name: 'Windows 11', os.arch: 'amd64', os.version: '10.0', java.version: '21.0.3'
Driver info: org.openqa.selenium.chrome.ChromeDriver
Command: [51bb52b33ff1ba98ce9eec00886951e5, clickElement {id=f.99453C5D56CA19592F8578BCB1F7A7F4.d.114DA6D46DC6790AB9E040A994905251.e.51}]
Capabilities {acceptInsecureCerts: false, browserName: chrome, browserVersion: 136.0.7103.114, chrome: {chromedriverVersion: 136.0.7103.94 (fa0be0b33deb..., userDataDir: C:\Users\INGRID~1.ZAD\AppDa...}, fedcm:accounts: true, goog:chromeOptions: {debuggerAddress: localhost:51708}, networkConnectionEnabled: false, pageLoadStrategy: normal, platformName: windows, proxy: Proxy(), se:cdp: ws://localhost:51708/devtoo..., se:cdpVersion: 136.0.7103.114, setWindowRect: true, strictFileInteractability: false, timeouts: {implicit: 0, pageLoad: 300000, script: 30000}, unhandledPromptBehavior: dismiss and notify, webauthn:extension:credBlob: true, webauthn:extension:largeBlob: true, webauthn:extension:minPinLength: true, webauthn:extension:prf: true, webauthn:virtualAuthenticators: true}
Element: [[ChromeDriver: chrome on windows (51bb52b33ff1ba98ce9eec00886951e5)] -> css selector: button.btn.btn--primary]
Session ID: 51bb52b33ff1ba98ce9eec00886951e5
org.openqa.selenium.ElementClickInterceptedException: element click intercepted: Element <button type="button" class="btn btn--primary">...</button> is not clickable at point (889, 151). Other element would receive the click: <span class="w-100">...</span>
  (Session info: chrome=136.0.7103.114)
Build info: version: '4.27.0', revision: 'd6e718d134'
System info: os.name: 'Windows 11', os.arch: 'amd64', os.version: '10.0', java.version: '21.0.3'
Driver info: org.openqa.selenium.chrome.ChromeDriver
Command: [51bb52b33ff1ba98ce9eec00886951e5, clickElement {id=f.99453C5D56CA19592F8578BCB1F7A7F4.d.114DA6D46DC6790AB9E040A994905251.e.51}]
Capabilities {acceptInsecureCerts: false, browserName: chrome, browserVersion: 136.0.7103.114, chrome: {chromedriverVersion: 136.0.7103.94 (fa0be0b33deb..., userDataDir: C:\Users\INGRID~1.ZAD\AppDa...}, fedcm:accounts: true, goog:chromeOptions: {debuggerAddress: localhost:51708}, networkConnectionEnabled: false, pageLoadStrategy: normal, platformName: windows, proxy: Proxy(), se:cdp: ws://localhost:51708/devtoo..., se:cdpVersion: 136.0.7103.114, setWindowRect: true, strictFileInteractability: false, timeouts: {implicit: 0, pageLoad: 300000, script: 30000}, unhandledPromptBehavior: dismiss and notify, webauthn:extension:credBlob: true, webauthn:extension:largeBlob: true, webauthn:extension:minPinLength: true, webauthn:extension:prf: true, webauthn:virtualAuthenticators: true}
Element: [[ChromeDriver: chrome on windows (51bb52b33ff1ba98ce9eec00886951e5)] -> css selector: button.btn.btn--primary]
Session ID: 51bb52b33ff1ba98ce9eec00886951e5
	at java.base/jdk.internal.reflect.DirectConstructorHandleAccessor.newInstance(DirectConstructorHandleAccessor.java:62)
	at java.base/java.lang.reflect.Constructor.newInstanceWithCaller(Constructor.java:502)
	at java.base/java.lang.reflect.Constructor.newInstance(Constructor.java:486)
	at org.openqa.selenium.remote.ErrorCodec.decode(ErrorCodec.java:167)
	at org.openqa.selenium.remote.codec.w3c.W3CHttpResponseCodec.decode(W3CHttpResponseCodec.java:138)
	at org.openqa.selenium.remote.codec.w3c.W3CHttpResponseCodec.decode(W3CHttpResponseCodec.java:50)
	at org.openqa.selenium.remote.HttpCommandExecutor.execute(HttpCommandExecutor.java:190)
	at org.openqa.selenium.remote.service.DriverCommandExecutor.invokeExecute(DriverCommandExecutor.java:216)
	at org.openqa.selenium.remote.service.DriverCommandExecutor.execute(DriverCommandExecutor.java:174)
	at org.openqa.selenium.remote.RemoteWebDriver.execute(RemoteWebDriver.java:545)
	at org.openqa.selenium.remote.RemoteWebElement.execute(RemoteWebElement.java:223)
	at org.openqa.selenium.remote.RemoteWebElement.click(RemoteWebElement.java:76)
	at java.base/jdk.internal.reflect.DirectMethodHandleAccessor.invoke(DirectMethodHandleAccessor.java:103)
	at java.base/java.lang.reflect.Method.invoke(Method.java:580)
	at org.openqa.selenium.support.pagefactory.internal.LocatingElementHandler.invoke(LocatingElementHandler.java:51)
	at jdk.proxy2/jdk.proxy2.$Proxy14.click(Unknown Source)
	at lt.insoft.uztis.pages.InvitationsPage.clickButtonEdit(InvitationsPage.java:565)
	at lt.insoft.uztis.tests.EvaluationsPageTest.testFillSaveDraftEvaluationOne(EvaluationsPageTest.java:77)
	at java.base/jdk.internal.reflect.DirectMethodHandleAccessor.invoke(DirectMethodHandleAccessor.java:103)
	at java.base/java.lang.reflect.Method.invoke(Method.java:580)
	at org.junit.platform.commons.util.ReflectionUtils.invokeMethod(ReflectionUtils.java:728)
	at org.junit.jupiter.engine.execution.MethodInvocation.proceed(MethodInvocation.java:60)
	at org.junit.jupiter.engine.execution.InvocationInterceptorChain$ValidatingInvocation.proceed(InvocationInterceptorChain.java:131)
	at org.junit.jupiter.engine.extension.TimeoutExtension.intercept(TimeoutExtension.java:156)
	at org.junit.jupiter.engine.extension.TimeoutExtension.interceptTestableMethod(TimeoutExtension.java:147)
	at org.junit.jupiter.engine.extension.TimeoutExtension.interceptTestMethod(TimeoutExtension.java:86)
	at org.junit.jupiter.engine.execution.InterceptingExecutableInvoker$ReflectiveInterceptorCall.lambda$ofVoidMethod$0(InterceptingExecutableInvoker.java:103)
	at org.junit.jupiter.engine.execution.InterceptingExecutableInvoker.lambda$invoke$0(InterceptingExecutableInvoker.java:93)
	at org.junit.jupiter.engine.execution.InvocationInterceptorChain$InterceptedInvocation.proceed(InvocationInterceptorChain.java:106)
	at org.junit.jupiter.engine.execution.InvocationInterceptorChain.proceed(InvocationInterceptorChain.java:64)
	at org.junit.jupiter.engine.execution.InvocationInterceptorChain.chainAndInvoke(InvocationInterceptorChain.java:45)
	at org.junit.jupiter.engine.execution.InvocationInterceptorChain.invoke(InvocationInterceptorChain.java:37)
	at org.junit.jupiter.engine.execution.InterceptingExecutableInvoker.invoke(InterceptingExecutableInvoker.java:92)
	at org.junit.jupiter.engine.execution.InterceptingExecutableInvoker.invoke(InterceptingExecutableInvoker.java:86)
	at org.junit.jupiter.engine.descriptor.TestMethodTestDescriptor.lambda$invokeTestMethod$7(TestMethodTestDescriptor.java:218)
	at org.junit.platform.engine.support.hierarchical.ThrowableCollector.execute(ThrowableCollector.java:73)
	at org.junit.jupiter.engine.descriptor.TestMethodTestDescriptor.invokeTestMethod(TestMethodTestDescriptor.java:214)
	at org.junit.jupiter.engine.descriptor.TestMethodTestDescriptor.execute(TestMethodTestDescriptor.java:139)
	at org.junit.jupiter.engine.descriptor.TestMethodTestDescriptor.execute(TestMethodTestDescriptor.java:69)
	at org.junit.platform.engine.support.hierarchical.NodeTestTask.lambda$executeRecursively$6(NodeTestTask.java:151)
	at org.junit.platform.engine.support.hierarchical.ThrowableCollector.execute(ThrowableCollector.java:73)
	at org.junit.platform.engine.support.hierarchical.NodeTestTask.lambda$executeRecursively$8(NodeTestTask.java:141)
	at org.junit.platform.engine.support.hierarchical.Node.around(Node.java:137)
	at org.junit.platform.engine.support.hierarchical.NodeTestTask.lambda$executeRecursively$9(NodeTestTask.java:139)
	at org.junit.platform.engine.support.hierarchical.ThrowableCollector.execute(ThrowableCollector.java:73)
	at org.junit.platform.engine.support.hierarchical.NodeTestTask.executeRecursively(NodeTestTask.java:138)
	at org.junit.platform.engine.support.hierarchical.NodeTestTask.execute(NodeTestTask.java:95)
	at java.base/java.util.ArrayList.forEach(ArrayList.java:1596)
	at org.junit.platform.engine.support.hierarchical.SameThreadHierarchicalTestExecutorService.invokeAll(SameThreadHierarchicalTestExecutorService.java:41)
	at org.junit.platform.engine.support.hierarchical.NodeTestTask.lambda$executeRecursively$6(NodeTestTask.java:155)
	at org.junit.platform.engine.support.hierarchical.ThrowableCollector.execute(ThrowableCollector.java:73)
	at org.junit.platform.engine.support.hierarchical.NodeTestTask.lambda$executeRecursively$8(NodeTestTask.java:141)
	at org.junit.platform.engine.support.hierarchical.Node.around(Node.java:137)
	at org.junit.platform.engine.support.hierarchical.NodeTestTask.lambda$executeRecursively$9(NodeTestTask.java:139)
	at org.junit.platform.engine.support.hierarchical.ThrowableCollector.execute(ThrowableCollector.java:73)
	at org.junit.platform.engine.support.hierarchical.NodeTestTask.executeRecursively(NodeTestTask.java:138)
	at org.junit.platform.engine.support.hierarchical.NodeTestTask.execute(NodeTestTask.java:95)
	at java.base/java.util.ArrayList.forEach(ArrayList.java:1596)
	at org.junit.platform.engine.support.hierarchical.SameThreadHierarchicalTestExecutorService.invokeAll(SameThreadHierarchicalTestExecutorService.java:41)
	at org.junit.platform.engine.support.hierarchical.NodeTestTask.lambda$executeRecursively$6(NodeTestTask.java:155)
	at org.junit.platform.engine.support.hierarchical.ThrowableCollector.execute(ThrowableCollector.java:73)
	at org.junit.platform.engine.support.hierarchical.NodeTestTask.lambda$executeRecursively$8(NodeTestTask.java:141)
	at org.junit.platform.engine.support.hierarchical.Node.around(Node.java:137)
	at org.junit.platform.engine.support.hierarchical.NodeTestTask.lambda$executeRecursively$9(NodeTestTask.java:139)
	at org.junit.platform.engine.support.hierarchical.ThrowableCollector.execute(ThrowableCollector.java:73)
	at org.junit.platform.engine.support.hierarchical.NodeTestTask.executeRecursively(NodeTestTask.java:138)
	at org.junit.platform.engine.support.hierarchical.NodeTestTask.execute(NodeTestTask.java:95)
	at org.junit.platform.engine.support.hierarchical.SameThreadHierarchicalTestExecutorService.submit(SameThreadHierarchicalTestExecutorService.java:35)
	at org.junit.platform.engine.support.hierarchical.HierarchicalTestExecutor.execute(HierarchicalTestExecutor.java:57)
	at org.junit.platform.engine.support.hierarchical.HierarchicalTestEngine.execute(HierarchicalTestEngine.java:54)
	at org.junit.platform.launcher.core.EngineExecutionOrchestrator.execute(EngineExecutionOrchestrator.java:198)
	at org.junit.platform.launcher.core.EngineExecutionOrchestrator.execute(EngineExecutionOrchestrator.java:169)
	at org.junit.platform.launcher.core.EngineExecutionOrchestrator.execute(EngineExecutionOrchestrator.java:93)
	at org.junit.platform.launcher.core.EngineExecutionOrchestrator.lambda$execute$0(EngineExecutionOrchestrator.java:58)
	at org.junit.platform.launcher.core.EngineExecutionOrchestrator.withInterceptedStreams(EngineExecutionOrchestrator.java:141)
	at org.junit.platform.launcher.core.EngineExecutionOrchestrator.execute(EngineExecutionOrchestrator.java:57)
	at org.junit.platform.launcher.core.DefaultLauncher.execute(DefaultLauncher.java:103)
	at org.junit.platform.launcher.core.DefaultLauncher.execute(DefaultLauncher.java:85)
	at org.junit.platform.launcher.core.DelegatingLauncher.execute(DelegatingLauncher.java:47)
	at org.junit.platform.launcher.core.SessionPerRequestLauncher.execute(SessionPerRequestLauncher.java:63)
	at com.intellij.junit5.JUnit5IdeaTestRunner.startRunnerWithArgs(JUnit5IdeaTestRunner.java:57)
	at com.intellij.rt.junit.IdeaTestRunner$Repeater$1.execute(IdeaTestRunner.java:38)
	at com.intellij.rt.execution.junit.TestsRepeater.repeat(TestsRepeater.java:11)
	at com.intellij.rt.junit.IdeaTestRunner$Repeater.startRunnerWithArgs(IdeaTestRunner.java:35)
	at com.intellij.rt.junit.JUnitStarter.prepareStreamsAndStart(JUnitStarter.java:232)
	at com.intellij.rt.junit.JUnitStarter.main(JUnitStarter.java:55)
2025-05-20 14:44:04 [main] INFO  l.insoft.uztis.tests.utils.TestUtils - Screenshot moved to C:\Users\ingrida.zadorozniene\Desktop\Asm\UZTIS\UZTIS_tests\test-output\screenshots\20250520\144404147_testFillSaveDraftEvaluationOne().png
2025-05-20 14:44:25 [main] INFO  lt.insoft.uztis.tests.UztisPageTest - Navigated to https://uztisdev.asseco.lt/home
2025-05-20 14:44:25 [main] INFO  l.i.uztis.tests.EvaluationsPageTest - Starting test:'testNavigateToEvaluationsPage'
2025-05-20 14:44:25 [main] DEBUG l.i.uztis.tests.EvaluationsPageTest - User logged in with test credentials
2025-05-20 14:44:26 [main] DEBUG l.i.uztis.tests.EvaluationsPageTest - Opened 'Application Processing' menu.
2025-05-20 14:44:26 [main] DEBUG l.i.uztis.tests.EvaluationsPageTest - Clicked on 'Evaluations' menu.
2025-05-20 14:44:26 [main] DEBUG l.i.uztis.tests.EvaluationsPageTest - Navigating to evaluations menu.
2025-05-20 14:44:26 [main] INFO  l.i.uztis.tests.EvaluationsPageTest - Test 'testNavigateToEvaluationsPage' completed successfully.
2025-05-20 14:45:29 [main] INFO  lt.insoft.uztis.tests.UztisPageTest - Navigated to https://uztisdev.asseco.lt/home
2025-05-20 14:45:29 [main] INFO  l.i.u.t.SubmittedApplicationsPageTest - Starting test:'testAddEvaluators'
2025-05-20 14:45:29 [main] DEBUG l.i.u.t.SubmittedApplicationsPageTest - User logged in with test credentials.
2025-05-20 14:45:30 [main] DEBUG l.i.u.t.SubmittedApplicationsPageTest - Opened 'Application Processing' menu.
2025-05-20 14:45:30 [main] DEBUG l.i.u.t.SubmittedApplicationsPageTest - Clicked on 'Application Forms' menu.
2025-05-20 14:45:30 [main] DEBUG l.i.u.t.SubmittedApplicationsPageTest - Retrieved last description code text: 'TST-VUI-76'.
2025-05-20 14:45:31 [main] DEBUG l.i.u.t.SubmittedApplicationsPageTest - Clicked on 'Invitation' menu.
2025-05-20 14:45:32 [main] DEBUG l.i.u.t.SubmittedApplicationsPageTest - Selected application section by code: 'TST-VUI-76'.
2025-05-20 14:45:32 [main] DEBUG l.i.u.t.SubmittedApplicationsPageTest - Clicked 'Search' button.
2025-05-20 14:45:33 [main] DEBUG l.i.u.t.SubmittedApplicationsPageTest - Retrieved invitation code: ''.
2025-05-20 14:45:33 [main] DEBUG l.i.u.t.SubmittedApplicationsPageTest - Clicked on 'Submitted Applications' menu.
2025-05-20 14:45:35 [main] DEBUG l.i.u.t.SubmittedApplicationsPageTest - Selected invitation by code: 'TST-VUI-76'.
2025-05-20 14:45:35 [main] DEBUG l.i.u.t.SubmittedApplicationsPageTest - Invitation code inserted.
2025-05-20 14:45:35 [main] DEBUG l.i.u.t.SubmittedApplicationsPageTest - Clicked on 'Action Application' button.
2025-05-20 14:45:35 [main] DEBUG l.i.u.t.SubmittedApplicationsPageTest - Clicked on 'Add Evaluators' button.
2025-05-20 14:45:35 [main] DEBUG l.i.u.t.SubmittedApplicationsPageTest - Entered first evaluation date.
2025-05-20 14:45:35 [main] DEBUG l.i.u.t.SubmittedApplicationsPageTest - Entered second evaluation date.
2025-05-20 14:45:36 [main] DEBUG l.i.u.t.SubmittedApplicationsPageTest - Entered third evaluation date.
2025-05-20 14:45:36 [main] DEBUG l.i.u.t.SubmittedApplicationsPageTest - Clicked on 'Add Evaluators' confirmation button.
2025-05-20 14:45:36 [main] DEBUG l.i.uztis.pages.ApplicationFormsPage - Verified success message: 'Paraiškų vertinimai sėkmingai priskirti vertintojams.'
2025-05-20 14:45:36 [main] INFO  l.i.u.t.SubmittedApplicationsPageTest - Verified success message
2025-05-20 14:45:36 [main] INFO  l.i.u.t.SubmittedApplicationsPageTest - Test 'testAddEvaluators' completed successfully.
2025-05-20 14:45:58 [main] INFO  lt.insoft.uztis.tests.UztisPageTest - Navigated to https://uztisdev.asseco.lt/home
2025-05-20 14:45:58 [main] INFO  l.i.uztis.tests.EvaluationsPageTest - Starting test:'testFillSaveDraftEvaluationOne'
2025-05-20 14:45:58 [main] INFO  l.i.uztis.tests.EvaluationsPageTest - Starting test:'testNavigateToEvaluationsPage'
2025-05-20 14:45:59 [main] DEBUG l.i.uztis.tests.EvaluationsPageTest - User logged in with test credentials
2025-05-20 14:45:59 [main] DEBUG l.i.uztis.tests.EvaluationsPageTest - Opened 'Application Processing' menu.
2025-05-20 14:45:59 [main] DEBUG l.i.uztis.tests.EvaluationsPageTest - Clicked on 'Evaluations' menu.
2025-05-20 14:45:59 [main] DEBUG l.i.uztis.tests.EvaluationsPageTest - Navigating to evaluations menu.
2025-05-20 14:45:59 [main] INFO  l.i.uztis.tests.EvaluationsPageTest - Test 'testNavigateToEvaluationsPage' completed successfully.
2025-05-20 14:45:59 [main] DEBUG l.i.uztis.tests.EvaluationsPageTest - Clicked on last evaluation.
2025-05-20 14:46:01 [main] ERROR l.i.uztis.tests.EvaluationsPageTest - Test 'testFillSaveDraftEvaluationOne' failed with error: element click intercepted: Element <button type="button" class="btn btn--primary">...</button> is not clickable at point (889, 151). Other element would receive the click: <span class="w-100">...</span>
  (Session info: chrome=136.0.7103.114)
Build info: version: '4.27.0', revision: 'd6e718d134'
System info: os.name: 'Windows 11', os.arch: 'amd64', os.version: '10.0', java.version: '21.0.3'
Driver info: org.openqa.selenium.chrome.ChromeDriver
Command: [7eb89202d4236176d38bcda36387f226, clickElement {id=f.5E750CCC2E50293D06E3CA42F0F54E1E.d.A5323FD340D2EE9D08354C635ACE46D2.e.58}]
Capabilities {acceptInsecureCerts: false, browserName: chrome, browserVersion: 136.0.7103.114, chrome: {chromedriverVersion: 136.0.7103.94 (fa0be0b33deb..., userDataDir: C:\Users\INGRID~1.ZAD\AppDa...}, fedcm:accounts: true, goog:chromeOptions: {debuggerAddress: localhost:51888}, networkConnectionEnabled: false, pageLoadStrategy: normal, platformName: windows, proxy: Proxy(), se:cdp: ws://localhost:51888/devtoo..., se:cdpVersion: 136.0.7103.114, setWindowRect: true, strictFileInteractability: false, timeouts: {implicit: 0, pageLoad: 300000, script: 30000}, unhandledPromptBehavior: dismiss and notify, webauthn:extension:credBlob: true, webauthn:extension:largeBlob: true, webauthn:extension:minPinLength: true, webauthn:extension:prf: true, webauthn:virtualAuthenticators: true}
Element: [[ChromeDriver: chrome on windows (7eb89202d4236176d38bcda36387f226)] -> css selector: button.btn.btn--primary]
Session ID: 7eb89202d4236176d38bcda36387f226
org.openqa.selenium.ElementClickInterceptedException: element click intercepted: Element <button type="button" class="btn btn--primary">...</button> is not clickable at point (889, 151). Other element would receive the click: <span class="w-100">...</span>
  (Session info: chrome=136.0.7103.114)
Build info: version: '4.27.0', revision: 'd6e718d134'
System info: os.name: 'Windows 11', os.arch: 'amd64', os.version: '10.0', java.version: '21.0.3'
Driver info: org.openqa.selenium.chrome.ChromeDriver
Command: [7eb89202d4236176d38bcda36387f226, clickElement {id=f.5E750CCC2E50293D06E3CA42F0F54E1E.d.A5323FD340D2EE9D08354C635ACE46D2.e.58}]
Capabilities {acceptInsecureCerts: false, browserName: chrome, browserVersion: 136.0.7103.114, chrome: {chromedriverVersion: 136.0.7103.94 (fa0be0b33deb..., userDataDir: C:\Users\INGRID~1.ZAD\AppDa...}, fedcm:accounts: true, goog:chromeOptions: {debuggerAddress: localhost:51888}, networkConnectionEnabled: false, pageLoadStrategy: normal, platformName: windows, proxy: Proxy(), se:cdp: ws://localhost:51888/devtoo..., se:cdpVersion: 136.0.7103.114, setWindowRect: true, strictFileInteractability: false, timeouts: {implicit: 0, pageLoad: 300000, script: 30000}, unhandledPromptBehavior: dismiss and notify, webauthn:extension:credBlob: true, webauthn:extension:largeBlob: true, webauthn:extension:minPinLength: true, webauthn:extension:prf: true, webauthn:virtualAuthenticators: true}
Element: [[ChromeDriver: chrome on windows (7eb89202d4236176d38bcda36387f226)] -> css selector: button.btn.btn--primary]
Session ID: 7eb89202d4236176d38bcda36387f226
	at java.base/jdk.internal.reflect.DirectConstructorHandleAccessor.newInstance(DirectConstructorHandleAccessor.java:62)
	at java.base/java.lang.reflect.Constructor.newInstanceWithCaller(Constructor.java:502)
	at java.base/java.lang.reflect.Constructor.newInstance(Constructor.java:486)
	at org.openqa.selenium.remote.ErrorCodec.decode(ErrorCodec.java:167)
	at org.openqa.selenium.remote.codec.w3c.W3CHttpResponseCodec.decode(W3CHttpResponseCodec.java:138)
	at org.openqa.selenium.remote.codec.w3c.W3CHttpResponseCodec.decode(W3CHttpResponseCodec.java:50)
	at org.openqa.selenium.remote.HttpCommandExecutor.execute(HttpCommandExecutor.java:190)
	at org.openqa.selenium.remote.service.DriverCommandExecutor.invokeExecute(DriverCommandExecutor.java:216)
	at org.openqa.selenium.remote.service.DriverCommandExecutor.execute(DriverCommandExecutor.java:174)
	at org.openqa.selenium.remote.RemoteWebDriver.execute(RemoteWebDriver.java:545)
	at org.openqa.selenium.remote.RemoteWebElement.execute(RemoteWebElement.java:223)
	at org.openqa.selenium.remote.RemoteWebElement.click(RemoteWebElement.java:76)
	at java.base/jdk.internal.reflect.DirectMethodHandleAccessor.invoke(DirectMethodHandleAccessor.java:103)
	at java.base/java.lang.reflect.Method.invoke(Method.java:580)
	at org.openqa.selenium.support.pagefactory.internal.LocatingElementHandler.invoke(LocatingElementHandler.java:51)
	at jdk.proxy2/jdk.proxy2.$Proxy14.click(Unknown Source)
	at lt.insoft.uztis.pages.InvitationsPage.clickButtonEdit(InvitationsPage.java:565)
	at lt.insoft.uztis.tests.EvaluationsPageTest.testFillSaveDraftEvaluationOne(EvaluationsPageTest.java:77)
	at java.base/jdk.internal.reflect.DirectMethodHandleAccessor.invoke(DirectMethodHandleAccessor.java:103)
	at java.base/java.lang.reflect.Method.invoke(Method.java:580)
	at org.junit.platform.commons.util.ReflectionUtils.invokeMethod(ReflectionUtils.java:728)
	at org.junit.jupiter.engine.execution.MethodInvocation.proceed(MethodInvocation.java:60)
	at org.junit.jupiter.engine.execution.InvocationInterceptorChain$ValidatingInvocation.proceed(InvocationInterceptorChain.java:131)
	at org.junit.jupiter.engine.extension.TimeoutExtension.intercept(TimeoutExtension.java:156)
	at org.junit.jupiter.engine.extension.TimeoutExtension.interceptTestableMethod(TimeoutExtension.java:147)
	at org.junit.jupiter.engine.extension.TimeoutExtension.interceptTestMethod(TimeoutExtension.java:86)
	at org.junit.jupiter.engine.execution.InterceptingExecutableInvoker$ReflectiveInterceptorCall.lambda$ofVoidMethod$0(InterceptingExecutableInvoker.java:103)
	at org.junit.jupiter.engine.execution.InterceptingExecutableInvoker.lambda$invoke$0(InterceptingExecutableInvoker.java:93)
	at org.junit.jupiter.engine.execution.InvocationInterceptorChain$InterceptedInvocation.proceed(InvocationInterceptorChain.java:106)
	at org.junit.jupiter.engine.execution.InvocationInterceptorChain.proceed(InvocationInterceptorChain.java:64)
	at org.junit.jupiter.engine.execution.InvocationInterceptorChain.chainAndInvoke(InvocationInterceptorChain.java:45)
	at org.junit.jupiter.engine.execution.InvocationInterceptorChain.invoke(InvocationInterceptorChain.java:37)
	at org.junit.jupiter.engine.execution.InterceptingExecutableInvoker.invoke(InterceptingExecutableInvoker.java:92)
	at org.junit.jupiter.engine.execution.InterceptingExecutableInvoker.invoke(InterceptingExecutableInvoker.java:86)
	at org.junit.jupiter.engine.descriptor.TestMethodTestDescriptor.lambda$invokeTestMethod$7(TestMethodTestDescriptor.java:218)
	at org.junit.platform.engine.support.hierarchical.ThrowableCollector.execute(ThrowableCollector.java:73)
	at org.junit.jupiter.engine.descriptor.TestMethodTestDescriptor.invokeTestMethod(TestMethodTestDescriptor.java:214)
	at org.junit.jupiter.engine.descriptor.TestMethodTestDescriptor.execute(TestMethodTestDescriptor.java:139)
	at org.junit.jupiter.engine.descriptor.TestMethodTestDescriptor.execute(TestMethodTestDescriptor.java:69)
	at org.junit.platform.engine.support.hierarchical.NodeTestTask.lambda$executeRecursively$6(NodeTestTask.java:151)
	at org.junit.platform.engine.support.hierarchical.ThrowableCollector.execute(ThrowableCollector.java:73)
	at org.junit.platform.engine.support.hierarchical.NodeTestTask.lambda$executeRecursively$8(NodeTestTask.java:141)
	at org.junit.platform.engine.support.hierarchical.Node.around(Node.java:137)
	at org.junit.platform.engine.support.hierarchical.NodeTestTask.lambda$executeRecursively$9(NodeTestTask.java:139)
	at org.junit.platform.engine.support.hierarchical.ThrowableCollector.execute(ThrowableCollector.java:73)
	at org.junit.platform.engine.support.hierarchical.NodeTestTask.executeRecursively(NodeTestTask.java:138)
	at org.junit.platform.engine.support.hierarchical.NodeTestTask.execute(NodeTestTask.java:95)
	at java.base/java.util.ArrayList.forEach(ArrayList.java:1596)
	at org.junit.platform.engine.support.hierarchical.SameThreadHierarchicalTestExecutorService.invokeAll(SameThreadHierarchicalTestExecutorService.java:41)
	at org.junit.platform.engine.support.hierarchical.NodeTestTask.lambda$executeRecursively$6(NodeTestTask.java:155)
	at org.junit.platform.engine.support.hierarchical.ThrowableCollector.execute(ThrowableCollector.java:73)
	at org.junit.platform.engine.support.hierarchical.NodeTestTask.lambda$executeRecursively$8(NodeTestTask.java:141)
	at org.junit.platform.engine.support.hierarchical.Node.around(Node.java:137)
	at org.junit.platform.engine.support.hierarchical.NodeTestTask.lambda$executeRecursively$9(NodeTestTask.java:139)
	at org.junit.platform.engine.support.hierarchical.ThrowableCollector.execute(ThrowableCollector.java:73)
	at org.junit.platform.engine.support.hierarchical.NodeTestTask.executeRecursively(NodeTestTask.java:138)
	at org.junit.platform.engine.support.hierarchical.NodeTestTask.execute(NodeTestTask.java:95)
	at java.base/java.util.ArrayList.forEach(ArrayList.java:1596)
	at org.junit.platform.engine.support.hierarchical.SameThreadHierarchicalTestExecutorService.invokeAll(SameThreadHierarchicalTestExecutorService.java:41)
	at org.junit.platform.engine.support.hierarchical.NodeTestTask.lambda$executeRecursively$6(NodeTestTask.java:155)
	at org.junit.platform.engine.support.hierarchical.ThrowableCollector.execute(ThrowableCollector.java:73)
	at org.junit.platform.engine.support.hierarchical.NodeTestTask.lambda$executeRecursively$8(NodeTestTask.java:141)
	at org.junit.platform.engine.support.hierarchical.Node.around(Node.java:137)
	at org.junit.platform.engine.support.hierarchical.NodeTestTask.lambda$executeRecursively$9(NodeTestTask.java:139)
	at org.junit.platform.engine.support.hierarchical.ThrowableCollector.execute(ThrowableCollector.java:73)
	at org.junit.platform.engine.support.hierarchical.NodeTestTask.executeRecursively(NodeTestTask.java:138)
	at org.junit.platform.engine.support.hierarchical.NodeTestTask.execute(NodeTestTask.java:95)
	at org.junit.platform.engine.support.hierarchical.SameThreadHierarchicalTestExecutorService.submit(SameThreadHierarchicalTestExecutorService.java:35)
	at org.junit.platform.engine.support.hierarchical.HierarchicalTestExecutor.execute(HierarchicalTestExecutor.java:57)
	at org.junit.platform.engine.support.hierarchical.HierarchicalTestEngine.execute(HierarchicalTestEngine.java:54)
	at org.junit.platform.launcher.core.EngineExecutionOrchestrator.execute(EngineExecutionOrchestrator.java:198)
	at org.junit.platform.launcher.core.EngineExecutionOrchestrator.execute(EngineExecutionOrchestrator.java:169)
	at org.junit.platform.launcher.core.EngineExecutionOrchestrator.execute(EngineExecutionOrchestrator.java:93)
	at org.junit.platform.launcher.core.EngineExecutionOrchestrator.lambda$execute$0(EngineExecutionOrchestrator.java:58)
	at org.junit.platform.launcher.core.EngineExecutionOrchestrator.withInterceptedStreams(EngineExecutionOrchestrator.java:141)
	at org.junit.platform.launcher.core.EngineExecutionOrchestrator.execute(EngineExecutionOrchestrator.java:57)
	at org.junit.platform.launcher.core.DefaultLauncher.execute(DefaultLauncher.java:103)
	at org.junit.platform.launcher.core.DefaultLauncher.execute(DefaultLauncher.java:85)
	at org.junit.platform.launcher.core.DelegatingLauncher.execute(DelegatingLauncher.java:47)
	at org.junit.platform.launcher.core.SessionPerRequestLauncher.execute(SessionPerRequestLauncher.java:63)
	at com.intellij.junit5.JUnit5IdeaTestRunner.startRunnerWithArgs(JUnit5IdeaTestRunner.java:57)
	at com.intellij.rt.junit.IdeaTestRunner$Repeater$1.execute(IdeaTestRunner.java:38)
	at com.intellij.rt.execution.junit.TestsRepeater.repeat(TestsRepeater.java:11)
	at com.intellij.rt.junit.IdeaTestRunner$Repeater.startRunnerWithArgs(IdeaTestRunner.java:35)
	at com.intellij.rt.junit.JUnitStarter.prepareStreamsAndStart(JUnitStarter.java:232)
	at com.intellij.rt.junit.JUnitStarter.main(JUnitStarter.java:55)
2025-05-20 14:46:01 [main] INFO  l.insoft.uztis.tests.utils.TestUtils - Screenshot moved to C:\Users\ingrida.zadorozniene\Desktop\Asm\UZTIS\UZTIS_tests\test-output\screenshots\20250520\144601789_testFillSaveDraftEvaluationOne().png
2025-05-20 14:56:57 [main] INFO  lt.insoft.uztis.tests.UztisPageTest - Navigated to https://uztisdev.asseco.lt/home
2025-05-20 14:56:57 [main] INFO  l.i.uztis.tests.EvaluationsPageTest - Starting test:'testFillSaveDraftEvaluationOne'
2025-05-20 14:56:57 [main] INFO  l.i.uztis.tests.EvaluationsPageTest - Starting test:'testNavigateToEvaluationsPage'
2025-05-20 14:56:58 [main] DEBUG l.i.uztis.tests.EvaluationsPageTest - User logged in with test credentials
2025-05-20 14:56:58 [main] DEBUG l.i.uztis.tests.EvaluationsPageTest - Opened 'Application Processing' menu.
2025-05-20 14:56:58 [main] DEBUG l.i.uztis.tests.EvaluationsPageTest - Clicked on 'Evaluations' menu.
2025-05-20 14:56:58 [main] DEBUG l.i.uztis.tests.EvaluationsPageTest - Navigating to evaluations menu.
2025-05-20 14:56:58 [main] INFO  l.i.uztis.tests.EvaluationsPageTest - Test 'testNavigateToEvaluationsPage' completed successfully.
2025-05-20 14:56:59 [main] DEBUG l.i.uztis.tests.EvaluationsPageTest - Clicked on last evaluation.
2025-05-20 14:56:59 [main] DEBUG l.i.uztis.tests.EvaluationsPageTest - Clicked 'Edit'.
2025-05-20 14:57:03 [main] DEBUG l.i.uztis.tests.EvaluationsPageTest - Selected '1.1' radio button.
2025-05-20 14:57:06 [main] DEBUG l.i.uztis.tests.EvaluationsPageTest - Selected '1.2' radio button.
2025-05-20 14:57:09 [main] DEBUG l.i.uztis.tests.EvaluationsPageTest - Selected '1.3' radio button.
2025-05-20 14:57:12 [main] DEBUG l.i.uztis.tests.EvaluationsPageTest - Selected '1.4' radio button.
2025-05-20 14:57:13 [main] DEBUG l.i.uztis.tests.EvaluationsPageTest - Selected '1.5' radio button.
2025-05-20 14:57:15 [main] DEBUG l.i.uztis.tests.EvaluationsPageTest - Selected '2.1' radio button.
2025-05-20 14:57:15 [main] DEBUG l.i.uztis.tests.EvaluationsPageTest - Selected '3.1' radio button.
2025-05-20 14:57:15 [main] DEBUG l.i.uztis.tests.EvaluationsPageTest - Selected '4.2' radio button.
2025-05-20 14:57:17 [main] DEBUG l.i.uztis.tests.EvaluationsPageTest - Selected '5.1' radio button.
2025-05-20 14:57:18 [main] DEBUG l.i.uztis.tests.EvaluationsPageTest - Selected '5.2' radio button.
2025-05-20 14:57:20 [main] DEBUG l.i.uztis.tests.EvaluationsPageTest - Selected '6.1' radio button.
2025-05-20 14:57:20 [main] DEBUG l.i.uztis.tests.EvaluationsPageTest - Selected '6.2' radio button.
2025-05-20 14:57:22 [main] DEBUG l.i.uztis.tests.EvaluationsPageTest - Clicked on expansion panel 'Not Critical'.
2025-05-20 14:57:25 [main] DEBUG l.i.uztis.tests.EvaluationsPageTest - Selected '7' radio button.
2025-05-20 14:57:27 [main] DEBUG l.i.uztis.tests.EvaluationsPageTest - Selected '8_1' radio button.
2025-05-20 14:57:28 [main] DEBUG l.i.uztis.tests.EvaluationsPageTest - Selected '8_2' radio button.
2025-05-20 14:57:28 [main] DEBUG l.i.uztis.tests.EvaluationsPageTest - Selected '8_3' radio button.
2025-05-20 14:57:28 [main] DEBUG l.i.uztis.tests.EvaluationsPageTest - Selected '8_4' radio button.
2025-05-20 14:57:29 [main] DEBUG l.i.uztis.tests.EvaluationsPageTest - Selected '8_5' radio button.
2025-05-20 14:57:29 [main] DEBUG l.i.uztis.tests.EvaluationsPageTest - Selected '8_6' radio button.
2025-05-20 14:57:30 [main] DEBUG l.i.uztis.tests.EvaluationsPageTest - Selected '8_7' radio button.
2025-05-20 14:57:30 [main] DEBUG l.i.uztis.tests.EvaluationsPageTest - Selected '8_8' radio button.
2025-05-20 14:57:31 [main] DEBUG l.i.uztis.tests.EvaluationsPageTest - Selected '8_9' radio button.
2025-05-20 14:57:31 [main] DEBUG l.i.uztis.tests.EvaluationsPageTest - Selected '8_10' radio button.
2025-05-20 14:57:32 [main] DEBUG l.i.uztis.tests.EvaluationsPageTest - Selected '9' radio button.
2025-05-20 14:57:32 [main] DEBUG l.i.uztis.tests.EvaluationsPageTest - Selected '10.1' radio button.
2025-05-20 14:57:32 [main] DEBUG l.i.uztis.tests.EvaluationsPageTest - Selected '10.2' radio button.
2025-05-20 14:57:33 [main] DEBUG l.i.uztis.tests.EvaluationsPageTest - Selected '10.3' radio button.
2025-05-20 14:57:33 [main] DEBUG l.i.uztis.tests.EvaluationsPageTest - Entered  explanation: 'Balas pakoreduotas ranka'.
2025-05-20 14:57:34 [main] DEBUG l.i.uztis.tests.EvaluationsPageTest - Clicked 'Save Draft'.
2025-05-20 14:57:34 [main] ERROR l.i.uztis.pages.ApplicationFormsPage - Failed to verify the success message: 'Duomenys sėkmingai išsaugoti.'. Available messages: [, , , , ]
2025-05-20 14:57:34 [main] INFO  l.i.uztis.tests.EvaluationsPageTest - Verified success message
2025-05-20 14:57:34 [main] INFO  l.i.uztis.tests.EvaluationsPageTest - Test 'testFillSaveDraftEvaluationOne' completed successfully.
2025-05-20 14:57:47 [main] INFO  lt.insoft.uztis.tests.UztisPageTest - Navigated to https://uztisdev.asseco.lt/home
2025-05-20 14:57:47 [main] INFO  l.i.uztis.tests.EvaluationsPageTest - Starting test:'testConfirmEvaluationOne'
2025-05-20 14:57:47 [main] INFO  l.i.uztis.tests.EvaluationsPageTest - Starting test:'testNavigateToEvaluationsPage'
2025-05-20 14:57:47 [main] DEBUG l.i.uztis.tests.EvaluationsPageTest - User logged in with test credentials
2025-05-20 14:57:48 [main] DEBUG l.i.uztis.tests.EvaluationsPageTest - Opened 'Application Processing' menu.
2025-05-20 14:57:48 [main] DEBUG l.i.uztis.tests.EvaluationsPageTest - Clicked on 'Evaluations' menu.
2025-05-20 14:57:48 [main] DEBUG l.i.uztis.tests.EvaluationsPageTest - Navigating to evaluations menu.
2025-05-20 14:57:48 [main] INFO  l.i.uztis.tests.EvaluationsPageTest - Test 'testNavigateToEvaluationsPage' completed successfully.
2025-05-20 14:57:48 [main] DEBUG l.i.uztis.tests.EvaluationsPageTest - Clicked on last evaluation.
2025-05-20 14:57:49 [main] DEBUG l.i.uztis.tests.EvaluationsPageTest - Clicked 'Edit'.
2025-05-20 14:57:52 [main] DEBUG l.i.uztis.tests.EvaluationsPageTest - Clicked 'Confirm'.
2025-05-20 14:57:54 [main] DEBUG l.i.uztis.tests.EvaluationsPageTest - Clicked 'Confirm Confirmation'.
2025-05-20 14:57:55 [main] DEBUG l.i.uztis.tests.EvaluationsPageTest - Fetched label text: Įvertinta
2025-05-20 14:57:55 [main] INFO  l.i.uztis.tests.EvaluationsPageTest - Verified that the label text matches the expected value.
2025-05-20 14:57:55 [main] INFO  l.i.uztis.tests.EvaluationsPageTest - Test 'testConfirmEvaluationOne' completed successfully.
2025-05-20 14:58:05 [main] INFO  lt.insoft.uztis.tests.UztisPageTest - Navigated to https://uztisdev.asseco.lt/home
2025-05-20 14:58:05 [main] INFO  l.i.uztis.tests.EvaluationsPageTest - Starting test:'testFillSaveDraftEvaluationTwo'
2025-05-20 14:58:05 [main] INFO  l.i.uztis.tests.EvaluationsPageTest - Starting test:'testNavigateToEvaluationsPage'
2025-05-20 14:58:05 [main] DEBUG l.i.uztis.tests.EvaluationsPageTest - User logged in with test credentials
2025-05-20 14:58:06 [main] DEBUG l.i.uztis.tests.EvaluationsPageTest - Opened 'Application Processing' menu.
2025-05-20 14:58:06 [main] DEBUG l.i.uztis.tests.EvaluationsPageTest - Clicked on 'Evaluations' menu.
2025-05-20 14:58:06 [main] DEBUG l.i.uztis.tests.EvaluationsPageTest - Navigating to evaluations menu.
2025-05-20 14:58:06 [main] INFO  l.i.uztis.tests.EvaluationsPageTest - Test 'testNavigateToEvaluationsPage' completed successfully.
2025-05-20 14:58:06 [main] DEBUG l.i.uztis.tests.EvaluationsPageTest - Clicked on last evaluation.
2025-05-20 14:58:07 [main] DEBUG l.i.uztis.tests.EvaluationsPageTest - Clicked 'Edit'.
2025-05-20 14:58:08 [main] DEBUG l.i.uztis.tests.EvaluationsPageTest - Entered commission date.
2025-05-20 14:58:08 [main] DEBUG l.i.uztis.tests.EvaluationsPageTest - Selected 'Without Commission' radio button.
2025-05-20 14:58:08 [main] DEBUG l.i.uztis.tests.EvaluationsPageTest - Entered chairman name: 'Pirmininkas Pirmininkauskas'.
2025-05-20 14:58:08 [main] DEBUG l.i.uztis.tests.EvaluationsPageTest - Entered member name: 'Narys Narauskas'.
2025-05-20 14:58:08 [main] DEBUG l.i.uztis.tests.EvaluationsPageTest - Clicked 'Continue'.
2025-05-20 14:58:08 [main] DEBUG l.i.uztis.tests.EvaluationsPageTest - Entered score edition: '9'.
2025-05-20 14:58:09 [main] DEBUG l.i.uztis.tests.EvaluationsPageTest - Entered chairman score: '10'.
2025-05-20 14:58:09 [main] DEBUG l.i.uztis.tests.EvaluationsPageTest - Entered member score: '11'.
2025-05-20 14:58:09 [main] DEBUG l.i.uztis.tests.EvaluationsPageTest - Entered conclusion: 'Išvada - palanki'.
2025-05-20 14:58:09 [main] DEBUG l.i.uztis.tests.EvaluationsPageTest - Entered  explanation: 'Balas pakoreduotas ranka'.
2025-05-20 14:58:09 [main] DEBUG l.i.uztis.tests.EvaluationsPageTest - Clicked 'Save Draft'.
2025-05-20 14:58:10 [main] DEBUG l.i.uztis.pages.ApplicationFormsPage - Verified success message: 'Duomenys sėkmingai išsaugoti.'
2025-05-20 14:58:10 [main] INFO  l.i.uztis.tests.EvaluationsPageTest - Verified success message
2025-05-20 14:58:10 [main] INFO  l.i.uztis.tests.EvaluationsPageTest - Test 'testFillSaveDraftEvaluationTwo' completed successfully.
2025-05-20 14:58:29 [main] INFO  lt.insoft.uztis.tests.UztisPageTest - Navigated to https://uztisdev.asseco.lt/home
2025-05-20 14:58:29 [main] INFO  l.i.uztis.tests.EvaluationsPageTest - Starting test:'testConfirmEvaluationTwo'
2025-05-20 14:58:29 [main] INFO  l.i.uztis.tests.EvaluationsPageTest - Starting test:'testNavigateToEvaluationsPage'
2025-05-20 14:58:30 [main] DEBUG l.i.uztis.tests.EvaluationsPageTest - User logged in with test credentials
2025-05-20 14:58:30 [main] DEBUG l.i.uztis.tests.EvaluationsPageTest - Opened 'Application Processing' menu.
2025-05-20 14:58:30 [main] DEBUG l.i.uztis.tests.EvaluationsPageTest - Clicked on 'Evaluations' menu.
2025-05-20 14:58:30 [main] DEBUG l.i.uztis.tests.EvaluationsPageTest - Navigating to evaluations menu.
2025-05-20 14:58:30 [main] INFO  l.i.uztis.tests.EvaluationsPageTest - Test 'testNavigateToEvaluationsPage' completed successfully.
2025-05-20 14:58:31 [main] DEBUG l.i.uztis.tests.EvaluationsPageTest - Clicked on last evaluation.
2025-05-20 14:58:31 [main] DEBUG l.i.uztis.tests.EvaluationsPageTest - Clicked 'Edit'.
2025-05-20 14:58:32 [main] DEBUG l.i.uztis.tests.EvaluationsPageTest - Clicked 'Continue'.
2025-05-20 14:58:32 [main] DEBUG l.i.uztis.tests.EvaluationsPageTest - Entered conclusion: 'Išvada - papildyta'.
2025-05-20 14:58:32 [main] DEBUG l.i.uztis.tests.EvaluationsPageTest - Entered  explanation: '; Išvada pakoreduota ranka'.
2025-05-20 14:58:33 [main] DEBUG l.i.uztis.tests.EvaluationsPageTest - Clicked 'Confirm'.
2025-05-20 14:58:33 [main] DEBUG l.i.uztis.tests.EvaluationsPageTest - Clicked 'Confirm Confirmation'.
2025-05-20 14:58:33 [main] DEBUG l.i.uztis.tests.EvaluationsPageTest - Fetched label text: Įvertinta
2025-05-20 14:58:33 [main] INFO  l.i.uztis.tests.EvaluationsPageTest - Verified that the label text matches the expected value.
2025-05-20 14:58:33 [main] INFO  l.i.uztis.tests.EvaluationsPageTest - Test 'testConfirmEvaluationTwo' completed successfully.
2025-05-20 14:58:49 [main] INFO  lt.insoft.uztis.tests.UztisPageTest - Navigated to https://uztisdev.asseco.lt/home
2025-05-20 14:58:49 [main] INFO  l.i.uztis.tests.EvaluationsPageTest - Starting test:'testFillSaveDraftEvaluationThree'
2025-05-20 14:58:49 [main] INFO  l.i.uztis.tests.EvaluationsPageTest - Starting test:'testNavigateToEvaluationsPage'
2025-05-20 14:58:49 [main] DEBUG l.i.uztis.tests.EvaluationsPageTest - User logged in with test credentials
2025-05-20 14:58:50 [main] DEBUG l.i.uztis.tests.EvaluationsPageTest - Opened 'Application Processing' menu.
2025-05-20 14:58:50 [main] DEBUG l.i.uztis.tests.EvaluationsPageTest - Clicked on 'Evaluations' menu.
2025-05-20 14:58:50 [main] DEBUG l.i.uztis.tests.EvaluationsPageTest - Navigating to evaluations menu.
2025-05-20 14:58:50 [main] INFO  l.i.uztis.tests.EvaluationsPageTest - Test 'testNavigateToEvaluationsPage' completed successfully.
2025-05-20 14:58:51 [main] DEBUG l.i.uztis.tests.EvaluationsPageTest - Clicked on last evaluation.
2025-05-20 14:58:51 [main] DEBUG l.i.uztis.tests.EvaluationsPageTest - Clicked 'Edit'.
2025-05-20 14:58:52 [main] DEBUG l.i.uztis.tests.EvaluationsPageTest - Entered commission date.
2025-05-20 14:58:52 [main] DEBUG l.i.uztis.tests.EvaluationsPageTest - Selected 'Without Commission' radio button.
2025-05-20 14:58:52 [main] DEBUG l.i.uztis.tests.EvaluationsPageTest - Entered chairman name: 'Pirmininkas Pirmininkauskas'.
2025-05-20 14:58:53 [main] DEBUG l.i.uztis.tests.EvaluationsPageTest - Entered member name: 'Narys Narauskas'.
2025-05-20 14:58:53 [main] DEBUG l.i.uztis.tests.EvaluationsPageTest - Clicked 'Continue'.
2025-05-20 14:58:53 [main] DEBUG l.i.uztis.tests.EvaluationsPageTest - Entered chairman score 1: '1'.
2025-05-20 14:58:53 [main] DEBUG l.i.uztis.tests.EvaluationsPageTest - Entered member score 1: '2'.
2025-05-20 14:58:53 [main] DEBUG l.i.uztis.tests.EvaluationsPageTest - Entered member conclusion 1: 'Išvada - palanki 1'.
2025-05-20 14:58:53 [main] DEBUG l.i.uztis.tests.EvaluationsPageTest - Entered chairman score 2: '3'.
2025-05-20 14:58:53 [main] DEBUG l.i.uztis.tests.EvaluationsPageTest - Entered member score 2: '4'.
2025-05-20 14:58:54 [main] DEBUG l.i.uztis.tests.EvaluationsPageTest - Entered member conclusion 2: 'Išvada - palanki 2'.
2025-05-20 14:58:54 [main] DEBUG l.i.uztis.tests.EvaluationsPageTest - Entered chairman score 3: '5'.
2025-05-20 14:58:54 [main] DEBUG l.i.uztis.tests.EvaluationsPageTest - Entered member score 3: '6'.
2025-05-20 14:58:54 [main] DEBUG l.i.uztis.tests.EvaluationsPageTest - Entered member conclusion 3: 'Išvada - palanki 3'.
2025-05-20 14:58:54 [main] DEBUG l.i.uztis.tests.EvaluationsPageTest - Entered chairman score 4: '7'.
2025-05-20 14:58:54 [main] DEBUG l.i.uztis.tests.EvaluationsPageTest - Entered member score 4: '8'.
2025-05-20 14:58:54 [main] DEBUG l.i.uztis.tests.EvaluationsPageTest - Entered member conclusion 4: 'Išvada - palanki 4'.
2025-05-20 14:58:55 [main] DEBUG l.i.uztis.tests.EvaluationsPageTest - Entered chairman score 5: '9'.
2025-05-20 14:58:55 [main] DEBUG l.i.uztis.tests.EvaluationsPageTest - Entered member score 5: '10'.
2025-05-20 14:58:55 [main] DEBUG l.i.uztis.tests.EvaluationsPageTest - Entered member conclusion 5: 'Išvada - palanki 5'.
2025-05-20 14:58:55 [main] DEBUG l.i.uztis.tests.EvaluationsPageTest - Clicked 'Save Draft'.
2025-05-20 14:58:55 [main] DEBUG l.i.uztis.pages.ApplicationFormsPage - Verified success message: 'Duomenys sėkmingai išsaugoti.'
2025-05-20 14:58:55 [main] INFO  l.i.uztis.tests.EvaluationsPageTest - Verified success message
2025-05-20 14:58:55 [main] INFO  l.i.uztis.tests.EvaluationsPageTest - Test 'testFillSaveDraftEvaluationThree' completed successfully.
2025-05-20 14:59:20 [main] INFO  lt.insoft.uztis.tests.UztisPageTest - Navigated to https://uztisdev.asseco.lt/home
2025-05-20 14:59:20 [main] INFO  l.i.uztis.tests.EvaluationsPageTest - Starting test:'testFillSaveDraftEvaluationThree'
2025-05-20 14:59:20 [main] INFO  l.i.uztis.tests.EvaluationsPageTest - Starting test:'testNavigateToEvaluationsPage'
2025-05-20 14:59:21 [main] DEBUG l.i.uztis.tests.EvaluationsPageTest - User logged in with test credentials
2025-05-20 14:59:21 [main] DEBUG l.i.uztis.tests.EvaluationsPageTest - Opened 'Application Processing' menu.
2025-05-20 14:59:22 [main] DEBUG l.i.uztis.tests.EvaluationsPageTest - Clicked on 'Evaluations' menu.
2025-05-20 14:59:22 [main] DEBUG l.i.uztis.tests.EvaluationsPageTest - Navigating to evaluations menu.
2025-05-20 14:59:22 [main] INFO  l.i.uztis.tests.EvaluationsPageTest - Test 'testNavigateToEvaluationsPage' completed successfully.
2025-05-20 14:59:23 [main] DEBUG l.i.uztis.tests.EvaluationsPageTest - Clicked on last evaluation.
2025-05-20 14:59:23 [main] DEBUG l.i.uztis.tests.EvaluationsPageTest - Clicked 'Edit'.
2025-05-20 14:59:24 [main] DEBUG l.i.uztis.tests.EvaluationsPageTest - Entered commission date.
2025-05-20 14:59:24 [main] DEBUG l.i.uztis.tests.EvaluationsPageTest - Selected 'Without Commission' radio button.
2025-05-20 14:59:24 [main] DEBUG l.i.uztis.tests.EvaluationsPageTest - Entered chairman name: 'Pirmininkas Pirmininkauskas'.
2025-05-20 14:59:24 [main] DEBUG l.i.uztis.tests.EvaluationsPageTest - Entered member name: 'Narys Narauskas'.
2025-05-20 14:59:24 [main] DEBUG l.i.uztis.tests.EvaluationsPageTest - Clicked 'Continue'.
2025-05-20 14:59:35 [main] ERROR l.i.uztis.tests.EvaluationsPageTest - Test 'testFillSaveDraftEvaluationThree' failed with error: element not interactable
  (Session info: chrome=136.0.7103.114)
Build info: version: '4.27.0', revision: 'd6e718d134'
System info: os.name: 'Windows 11', os.arch: 'amd64', os.version: '10.0', java.version: '21.0.3'
Driver info: org.openqa.selenium.chrome.ChromeDriver
Command: [b4940ebfc1ce7bef2676979f21f57b02, clearElement {id=f.27EC73B237DEDA6181A0D101F29AE45D.d.04B33D9695E94A7805636F7F7531052F.e.88}]
Capabilities {acceptInsecureCerts: false, browserName: chrome, browserVersion: 136.0.7103.114, chrome: {chromedriverVersion: 136.0.7103.94 (fa0be0b33deb..., userDataDir: C:\Users\INGRID~1.ZAD\AppDa...}, fedcm:accounts: true, goog:chromeOptions: {debuggerAddress: localhost:52324}, networkConnectionEnabled: false, pageLoadStrategy: normal, platformName: windows, proxy: Proxy(), se:cdp: ws://localhost:52324/devtoo..., se:cdpVersion: 136.0.7103.114, setWindowRect: true, strictFileInteractability: false, timeouts: {implicit: 0, pageLoad: 300000, script: 30000}, unhandledPromptBehavior: dismiss and notify, webauthn:extension:credBlob: true, webauthn:extension:largeBlob: true, webauthn:extension:minPinLength: true, webauthn:extension:prf: true, webauthn:virtualAuthenticators: true}
Element: [[ChromeDriver: chrome on windows (b4940ebfc1ce7bef2676979f21f57b02)] -> xpath: //label[contains(., 'Balas')]/following::input[1]]
Session ID: b4940ebfc1ce7bef2676979f21f57b02
org.openqa.selenium.ElementNotInteractableException: element not interactable
  (Session info: chrome=136.0.7103.114)
Build info: version: '4.27.0', revision: 'd6e718d134'
System info: os.name: 'Windows 11', os.arch: 'amd64', os.version: '10.0', java.version: '21.0.3'
Driver info: org.openqa.selenium.chrome.ChromeDriver
Command: [b4940ebfc1ce7bef2676979f21f57b02, clearElement {id=f.27EC73B237DEDA6181A0D101F29AE45D.d.04B33D9695E94A7805636F7F7531052F.e.88}]
Capabilities {acceptInsecureCerts: false, browserName: chrome, browserVersion: 136.0.7103.114, chrome: {chromedriverVersion: 136.0.7103.94 (fa0be0b33deb..., userDataDir: C:\Users\INGRID~1.ZAD\AppDa...}, fedcm:accounts: true, goog:chromeOptions: {debuggerAddress: localhost:52324}, networkConnectionEnabled: false, pageLoadStrategy: normal, platformName: windows, proxy: Proxy(), se:cdp: ws://localhost:52324/devtoo..., se:cdpVersion: 136.0.7103.114, setWindowRect: true, strictFileInteractability: false, timeouts: {implicit: 0, pageLoad: 300000, script: 30000}, unhandledPromptBehavior: dismiss and notify, webauthn:extension:credBlob: true, webauthn:extension:largeBlob: true, webauthn:extension:minPinLength: true, webauthn:extension:prf: true, webauthn:virtualAuthenticators: true}
Element: [[ChromeDriver: chrome on windows (b4940ebfc1ce7bef2676979f21f57b02)] -> xpath: //label[contains(., 'Balas')]/following::input[1]]
Session ID: b4940ebfc1ce7bef2676979f21f57b02
	at java.base/jdk.internal.reflect.DirectConstructorHandleAccessor.newInstance(DirectConstructorHandleAccessor.java:62)
	at java.base/java.lang.reflect.Constructor.newInstanceWithCaller(Constructor.java:502)
	at java.base/java.lang.reflect.Constructor.newInstance(Constructor.java:486)
	at org.openqa.selenium.remote.ErrorCodec.decode(ErrorCodec.java:167)
	at org.openqa.selenium.remote.codec.w3c.W3CHttpResponseCodec.decode(W3CHttpResponseCodec.java:138)
	at org.openqa.selenium.remote.codec.w3c.W3CHttpResponseCodec.decode(W3CHttpResponseCodec.java:50)
	at org.openqa.selenium.remote.HttpCommandExecutor.execute(HttpCommandExecutor.java:190)
	at org.openqa.selenium.remote.service.DriverCommandExecutor.invokeExecute(DriverCommandExecutor.java:216)
	at org.openqa.selenium.remote.service.DriverCommandExecutor.execute(DriverCommandExecutor.java:174)
	at org.openqa.selenium.remote.RemoteWebDriver.execute(RemoteWebDriver.java:545)
	at org.openqa.selenium.remote.RemoteWebElement.execute(RemoteWebElement.java:223)
	at org.openqa.selenium.remote.RemoteWebElement.clear(RemoteWebElement.java:129)
	at java.base/jdk.internal.reflect.DirectMethodHandleAccessor.invoke(DirectMethodHandleAccessor.java:103)
	at java.base/java.lang.reflect.Method.invoke(Method.java:580)
	at org.openqa.selenium.support.pagefactory.internal.LocatingElementHandler.invoke(LocatingElementHandler.java:51)
	at jdk.proxy2/jdk.proxy2.$Proxy14.clear(Unknown Source)
	at lt.insoft.uztis.pages.EvaluationsPage.enterScoreCh1(EvaluationsPage.java:540)
	at lt.insoft.uztis.tests.EvaluationsPageTest.testFillSaveDraftEvaluationThree(EvaluationsPageTest.java:355)
	at java.base/jdk.internal.reflect.DirectMethodHandleAccessor.invoke(DirectMethodHandleAccessor.java:103)
	at java.base/java.lang.reflect.Method.invoke(Method.java:580)
	at org.junit.platform.commons.util.ReflectionUtils.invokeMethod(ReflectionUtils.java:728)
	at org.junit.jupiter.engine.execution.MethodInvocation.proceed(MethodInvocation.java:60)
	at org.junit.jupiter.engine.execution.InvocationInterceptorChain$ValidatingInvocation.proceed(InvocationInterceptorChain.java:131)
	at org.junit.jupiter.engine.extension.TimeoutExtension.intercept(TimeoutExtension.java:156)
	at org.junit.jupiter.engine.extension.TimeoutExtension.interceptTestableMethod(TimeoutExtension.java:147)
	at org.junit.jupiter.engine.extension.TimeoutExtension.interceptTestMethod(TimeoutExtension.java:86)
	at org.junit.jupiter.engine.execution.InterceptingExecutableInvoker$ReflectiveInterceptorCall.lambda$ofVoidMethod$0(InterceptingExecutableInvoker.java:103)
	at org.junit.jupiter.engine.execution.InterceptingExecutableInvoker.lambda$invoke$0(InterceptingExecutableInvoker.java:93)
	at org.junit.jupiter.engine.execution.InvocationInterceptorChain$InterceptedInvocation.proceed(InvocationInterceptorChain.java:106)
	at org.junit.jupiter.engine.execution.InvocationInterceptorChain.proceed(InvocationInterceptorChain.java:64)
	at org.junit.jupiter.engine.execution.InvocationInterceptorChain.chainAndInvoke(InvocationInterceptorChain.java:45)
	at org.junit.jupiter.engine.execution.InvocationInterceptorChain.invoke(InvocationInterceptorChain.java:37)
	at org.junit.jupiter.engine.execution.InterceptingExecutableInvoker.invoke(InterceptingExecutableInvoker.java:92)
	at org.junit.jupiter.engine.execution.InterceptingExecutableInvoker.invoke(InterceptingExecutableInvoker.java:86)
	at org.junit.jupiter.engine.descriptor.TestMethodTestDescriptor.lambda$invokeTestMethod$7(TestMethodTestDescriptor.java:218)
	at org.junit.platform.engine.support.hierarchical.ThrowableCollector.execute(ThrowableCollector.java:73)
	at org.junit.jupiter.engine.descriptor.TestMethodTestDescriptor.invokeTestMethod(TestMethodTestDescriptor.java:214)
	at org.junit.jupiter.engine.descriptor.TestMethodTestDescriptor.execute(TestMethodTestDescriptor.java:139)
	at org.junit.jupiter.engine.descriptor.TestMethodTestDescriptor.execute(TestMethodTestDescriptor.java:69)
	at org.junit.platform.engine.support.hierarchical.NodeTestTask.lambda$executeRecursively$6(NodeTestTask.java:151)
	at org.junit.platform.engine.support.hierarchical.ThrowableCollector.execute(ThrowableCollector.java:73)
	at org.junit.platform.engine.support.hierarchical.NodeTestTask.lambda$executeRecursively$8(NodeTestTask.java:141)
	at org.junit.platform.engine.support.hierarchical.Node.around(Node.java:137)
	at org.junit.platform.engine.support.hierarchical.NodeTestTask.lambda$executeRecursively$9(NodeTestTask.java:139)
	at org.junit.platform.engine.support.hierarchical.ThrowableCollector.execute(ThrowableCollector.java:73)
	at org.junit.platform.engine.support.hierarchical.NodeTestTask.executeRecursively(NodeTestTask.java:138)
	at org.junit.platform.engine.support.hierarchical.NodeTestTask.execute(NodeTestTask.java:95)
	at java.base/java.util.ArrayList.forEach(ArrayList.java:1596)
	at org.junit.platform.engine.support.hierarchical.SameThreadHierarchicalTestExecutorService.invokeAll(SameThreadHierarchicalTestExecutorService.java:41)
	at org.junit.platform.engine.support.hierarchical.NodeTestTask.lambda$executeRecursively$6(NodeTestTask.java:155)
	at org.junit.platform.engine.support.hierarchical.ThrowableCollector.execute(ThrowableCollector.java:73)
	at org.junit.platform.engine.support.hierarchical.NodeTestTask.lambda$executeRecursively$8(NodeTestTask.java:141)
	at org.junit.platform.engine.support.hierarchical.Node.around(Node.java:137)
	at org.junit.platform.engine.support.hierarchical.NodeTestTask.lambda$executeRecursively$9(NodeTestTask.java:139)
	at org.junit.platform.engine.support.hierarchical.ThrowableCollector.execute(ThrowableCollector.java:73)
	at org.junit.platform.engine.support.hierarchical.NodeTestTask.executeRecursively(NodeTestTask.java:138)
	at org.junit.platform.engine.support.hierarchical.NodeTestTask.execute(NodeTestTask.java:95)
	at java.base/java.util.ArrayList.forEach(ArrayList.java:1596)
	at org.junit.platform.engine.support.hierarchical.SameThreadHierarchicalTestExecutorService.invokeAll(SameThreadHierarchicalTestExecutorService.java:41)
	at org.junit.platform.engine.support.hierarchical.NodeTestTask.lambda$executeRecursively$6(NodeTestTask.java:155)
	at org.junit.platform.engine.support.hierarchical.ThrowableCollector.execute(ThrowableCollector.java:73)
	at org.junit.platform.engine.support.hierarchical.NodeTestTask.lambda$executeRecursively$8(NodeTestTask.java:141)
	at org.junit.platform.engine.support.hierarchical.Node.around(Node.java:137)
	at org.junit.platform.engine.support.hierarchical.NodeTestTask.lambda$executeRecursively$9(NodeTestTask.java:139)
	at org.junit.platform.engine.support.hierarchical.ThrowableCollector.execute(ThrowableCollector.java:73)
	at org.junit.platform.engine.support.hierarchical.NodeTestTask.executeRecursively(NodeTestTask.java:138)
	at org.junit.platform.engine.support.hierarchical.NodeTestTask.execute(NodeTestTask.java:95)
	at org.junit.platform.engine.support.hierarchical.SameThreadHierarchicalTestExecutorService.submit(SameThreadHierarchicalTestExecutorService.java:35)
	at org.junit.platform.engine.support.hierarchical.HierarchicalTestExecutor.execute(HierarchicalTestExecutor.java:57)
	at org.junit.platform.engine.support.hierarchical.HierarchicalTestEngine.execute(HierarchicalTestEngine.java:54)
	at org.junit.platform.launcher.core.EngineExecutionOrchestrator.execute(EngineExecutionOrchestrator.java:198)
	at org.junit.platform.launcher.core.EngineExecutionOrchestrator.execute(EngineExecutionOrchestrator.java:169)
	at org.junit.platform.launcher.core.EngineExecutionOrchestrator.execute(EngineExecutionOrchestrator.java:93)
	at org.junit.platform.launcher.core.EngineExecutionOrchestrator.lambda$execute$0(EngineExecutionOrchestrator.java:58)
	at org.junit.platform.launcher.core.EngineExecutionOrchestrator.withInterceptedStreams(EngineExecutionOrchestrator.java:141)
	at org.junit.platform.launcher.core.EngineExecutionOrchestrator.execute(EngineExecutionOrchestrator.java:57)
	at org.junit.platform.launcher.core.DefaultLauncher.execute(DefaultLauncher.java:103)
	at org.junit.platform.launcher.core.DefaultLauncher.execute(DefaultLauncher.java:85)
	at org.junit.platform.launcher.core.DelegatingLauncher.execute(DelegatingLauncher.java:47)
	at org.junit.platform.launcher.core.SessionPerRequestLauncher.execute(SessionPerRequestLauncher.java:63)
	at com.intellij.junit5.JUnit5IdeaTestRunner.startRunnerWithArgs(JUnit5IdeaTestRunner.java:57)
	at com.intellij.rt.junit.IdeaTestRunner$Repeater$1.execute(IdeaTestRunner.java:38)
	at com.intellij.rt.execution.junit.TestsRepeater.repeat(TestsRepeater.java:11)
	at com.intellij.rt.junit.IdeaTestRunner$Repeater.startRunnerWithArgs(IdeaTestRunner.java:35)
	at com.intellij.rt.junit.JUnitStarter.prepareStreamsAndStart(JUnitStarter.java:232)
	at com.intellij.rt.junit.JUnitStarter.main(JUnitStarter.java:55)
2025-05-20 14:59:35 [main] INFO  l.insoft.uztis.tests.utils.TestUtils - Screenshot moved to C:\Users\ingrida.zadorozniene\Desktop\Asm\UZTIS\UZTIS_tests\test-output\screenshots\20250520\145935222_testFillSaveDraftEvaluationThree().png
2025-05-20 14:59:51 [main] INFO  lt.insoft.uztis.tests.UztisPageTest - Navigated to https://uztisdev.asseco.lt/home
2025-05-20 14:59:51 [main] INFO  l.i.uztis.tests.EvaluationsPageTest - Starting test:'testFillSaveDraftEvaluationThree'
2025-05-20 14:59:51 [main] INFO  l.i.uztis.tests.EvaluationsPageTest - Starting test:'testNavigateToEvaluationsPage'
2025-05-20 14:59:52 [main] DEBUG l.i.uztis.tests.EvaluationsPageTest - User logged in with test credentials
2025-05-20 14:59:52 [main] DEBUG l.i.uztis.tests.EvaluationsPageTest - Opened 'Application Processing' menu.
2025-05-20 14:59:53 [main] DEBUG l.i.uztis.tests.EvaluationsPageTest - Clicked on 'Evaluations' menu.
2025-05-20 14:59:53 [main] DEBUG l.i.uztis.tests.EvaluationsPageTest - Navigating to evaluations menu.
2025-05-20 14:59:53 [main] INFO  l.i.uztis.tests.EvaluationsPageTest - Test 'testNavigateToEvaluationsPage' completed successfully.
2025-05-20 14:59:53 [main] DEBUG l.i.uztis.tests.EvaluationsPageTest - Clicked on last evaluation.
2025-05-20 14:59:53 [main] DEBUG l.i.uztis.tests.EvaluationsPageTest - Clicked 'Edit'.
2025-05-20 14:59:54 [main] DEBUG l.i.uztis.tests.EvaluationsPageTest - Entered commission date.
2025-05-20 14:59:54 [main] DEBUG l.i.uztis.tests.EvaluationsPageTest - Selected 'Without Commission' radio button.
2025-05-20 14:59:54 [main] DEBUG l.i.uztis.tests.EvaluationsPageTest - Entered chairman name: 'Pirmininkas Pirmininkauskas'.
2025-05-20 14:59:55 [main] DEBUG l.i.uztis.tests.EvaluationsPageTest - Entered member name: 'Narys Narauskas'.
2025-05-20 14:59:55 [main] DEBUG l.i.uztis.tests.EvaluationsPageTest - Clicked 'Continue'.
2025-05-20 15:00:05 [main] ERROR l.i.uztis.tests.EvaluationsPageTest - Test 'testFillSaveDraftEvaluationThree' failed with error: element not interactable
  (Session info: chrome=136.0.7103.114)
Build info: version: '4.27.0', revision: 'd6e718d134'
System info: os.name: 'Windows 11', os.arch: 'amd64', os.version: '10.0', java.version: '21.0.3'
Driver info: org.openqa.selenium.chrome.ChromeDriver
Command: [9df7d8bf1371537bbf6301002e6342dd, clearElement {id=f.1B45F4B357F193074343148CF08C8FCE.d.C5848AFB43886CC22DC55A982935C7CF.e.89}]
Capabilities {acceptInsecureCerts: false, browserName: chrome, browserVersion: 136.0.7103.114, chrome: {chromedriverVersion: 136.0.7103.94 (fa0be0b33deb..., userDataDir: C:\Users\INGRID~1.ZAD\AppDa...}, fedcm:accounts: true, goog:chromeOptions: {debuggerAddress: localhost:52351}, networkConnectionEnabled: false, pageLoadStrategy: normal, platformName: windows, proxy: Proxy(), se:cdp: ws://localhost:52351/devtoo..., se:cdpVersion: 136.0.7103.114, setWindowRect: true, strictFileInteractability: false, timeouts: {implicit: 0, pageLoad: 300000, script: 30000}, unhandledPromptBehavior: dismiss and notify, webauthn:extension:credBlob: true, webauthn:extension:largeBlob: true, webauthn:extension:minPinLength: true, webauthn:extension:prf: true, webauthn:virtualAuthenticators: true}
Element: [[ChromeDriver: chrome on windows (9df7d8bf1371537bbf6301002e6342dd)] -> xpath: //label[contains(., 'Balas')]/following::input[1]]
Session ID: 9df7d8bf1371537bbf6301002e6342dd
org.openqa.selenium.ElementNotInteractableException: element not interactable
  (Session info: chrome=136.0.7103.114)
Build info: version: '4.27.0', revision: 'd6e718d134'
System info: os.name: 'Windows 11', os.arch: 'amd64', os.version: '10.0', java.version: '21.0.3'
Driver info: org.openqa.selenium.chrome.ChromeDriver
Command: [9df7d8bf1371537bbf6301002e6342dd, clearElement {id=f.1B45F4B357F193074343148CF08C8FCE.d.C5848AFB43886CC22DC55A982935C7CF.e.89}]
Capabilities {acceptInsecureCerts: false, browserName: chrome, browserVersion: 136.0.7103.114, chrome: {chromedriverVersion: 136.0.7103.94 (fa0be0b33deb..., userDataDir: C:\Users\INGRID~1.ZAD\AppDa...}, fedcm:accounts: true, goog:chromeOptions: {debuggerAddress: localhost:52351}, networkConnectionEnabled: false, pageLoadStrategy: normal, platformName: windows, proxy: Proxy(), se:cdp: ws://localhost:52351/devtoo..., se:cdpVersion: 136.0.7103.114, setWindowRect: true, strictFileInteractability: false, timeouts: {implicit: 0, pageLoad: 300000, script: 30000}, unhandledPromptBehavior: dismiss and notify, webauthn:extension:credBlob: true, webauthn:extension:largeBlob: true, webauthn:extension:minPinLength: true, webauthn:extension:prf: true, webauthn:virtualAuthenticators: true}
Element: [[ChromeDriver: chrome on windows (9df7d8bf1371537bbf6301002e6342dd)] -> xpath: //label[contains(., 'Balas')]/following::input[1]]
Session ID: 9df7d8bf1371537bbf6301002e6342dd
	at java.base/jdk.internal.reflect.DirectConstructorHandleAccessor.newInstance(DirectConstructorHandleAccessor.java:62)
	at java.base/java.lang.reflect.Constructor.newInstanceWithCaller(Constructor.java:502)
	at java.base/java.lang.reflect.Constructor.newInstance(Constructor.java:486)
	at org.openqa.selenium.remote.ErrorCodec.decode(ErrorCodec.java:167)
	at org.openqa.selenium.remote.codec.w3c.W3CHttpResponseCodec.decode(W3CHttpResponseCodec.java:138)
	at org.openqa.selenium.remote.codec.w3c.W3CHttpResponseCodec.decode(W3CHttpResponseCodec.java:50)
	at org.openqa.selenium.remote.HttpCommandExecutor.execute(HttpCommandExecutor.java:190)
	at org.openqa.selenium.remote.service.DriverCommandExecutor.invokeExecute(DriverCommandExecutor.java:216)
	at org.openqa.selenium.remote.service.DriverCommandExecutor.execute(DriverCommandExecutor.java:174)
	at org.openqa.selenium.remote.RemoteWebDriver.execute(RemoteWebDriver.java:545)
	at org.openqa.selenium.remote.RemoteWebElement.execute(RemoteWebElement.java:223)
	at org.openqa.selenium.remote.RemoteWebElement.clear(RemoteWebElement.java:129)
	at java.base/jdk.internal.reflect.DirectMethodHandleAccessor.invoke(DirectMethodHandleAccessor.java:103)
	at java.base/java.lang.reflect.Method.invoke(Method.java:580)
	at org.openqa.selenium.support.pagefactory.internal.LocatingElementHandler.invoke(LocatingElementHandler.java:51)
	at jdk.proxy2/jdk.proxy2.$Proxy14.clear(Unknown Source)
	at lt.insoft.uztis.pages.EvaluationsPage.enterScoreCh1(EvaluationsPage.java:540)
	at lt.insoft.uztis.tests.EvaluationsPageTest.testFillSaveDraftEvaluationThree(EvaluationsPageTest.java:355)
	at java.base/jdk.internal.reflect.DirectMethodHandleAccessor.invoke(DirectMethodHandleAccessor.java:103)
	at java.base/java.lang.reflect.Method.invoke(Method.java:580)
	at org.junit.platform.commons.util.ReflectionUtils.invokeMethod(ReflectionUtils.java:728)
	at org.junit.jupiter.engine.execution.MethodInvocation.proceed(MethodInvocation.java:60)
	at org.junit.jupiter.engine.execution.InvocationInterceptorChain$ValidatingInvocation.proceed(InvocationInterceptorChain.java:131)
	at org.junit.jupiter.engine.extension.TimeoutExtension.intercept(TimeoutExtension.java:156)
	at org.junit.jupiter.engine.extension.TimeoutExtension.interceptTestableMethod(TimeoutExtension.java:147)
	at org.junit.jupiter.engine.extension.TimeoutExtension.interceptTestMethod(TimeoutExtension.java:86)
	at org.junit.jupiter.engine.execution.InterceptingExecutableInvoker$ReflectiveInterceptorCall.lambda$ofVoidMethod$0(InterceptingExecutableInvoker.java:103)
	at org.junit.jupiter.engine.execution.InterceptingExecutableInvoker.lambda$invoke$0(InterceptingExecutableInvoker.java:93)
	at org.junit.jupiter.engine.execution.InvocationInterceptorChain$InterceptedInvocation.proceed(InvocationInterceptorChain.java:106)
	at org.junit.jupiter.engine.execution.InvocationInterceptorChain.proceed(InvocationInterceptorChain.java:64)
	at org.junit.jupiter.engine.execution.InvocationInterceptorChain.chainAndInvoke(InvocationInterceptorChain.java:45)
	at org.junit.jupiter.engine.execution.InvocationInterceptorChain.invoke(InvocationInterceptorChain.java:37)
	at org.junit.jupiter.engine.execution.InterceptingExecutableInvoker.invoke(InterceptingExecutableInvoker.java:92)
	at org.junit.jupiter.engine.execution.InterceptingExecutableInvoker.invoke(InterceptingExecutableInvoker.java:86)
	at org.junit.jupiter.engine.descriptor.TestMethodTestDescriptor.lambda$invokeTestMethod$7(TestMethodTestDescriptor.java:218)
	at org.junit.platform.engine.support.hierarchical.ThrowableCollector.execute(ThrowableCollector.java:73)
	at org.junit.jupiter.engine.descriptor.TestMethodTestDescriptor.invokeTestMethod(TestMethodTestDescriptor.java:214)
	at org.junit.jupiter.engine.descriptor.TestMethodTestDescriptor.execute(TestMethodTestDescriptor.java:139)
	at org.junit.jupiter.engine.descriptor.TestMethodTestDescriptor.execute(TestMethodTestDescriptor.java:69)
	at org.junit.platform.engine.support.hierarchical.NodeTestTask.lambda$executeRecursively$6(NodeTestTask.java:151)
	at org.junit.platform.engine.support.hierarchical.ThrowableCollector.execute(ThrowableCollector.java:73)
	at org.junit.platform.engine.support.hierarchical.NodeTestTask.lambda$executeRecursively$8(NodeTestTask.java:141)
	at org.junit.platform.engine.support.hierarchical.Node.around(Node.java:137)
	at org.junit.platform.engine.support.hierarchical.NodeTestTask.lambda$executeRecursively$9(NodeTestTask.java:139)
	at org.junit.platform.engine.support.hierarchical.ThrowableCollector.execute(ThrowableCollector.java:73)
	at org.junit.platform.engine.support.hierarchical.NodeTestTask.executeRecursively(NodeTestTask.java:138)
	at org.junit.platform.engine.support.hierarchical.NodeTestTask.execute(NodeTestTask.java:95)
	at java.base/java.util.ArrayList.forEach(ArrayList.java:1596)
	at org.junit.platform.engine.support.hierarchical.SameThreadHierarchicalTestExecutorService.invokeAll(SameThreadHierarchicalTestExecutorService.java:41)
	at org.junit.platform.engine.support.hierarchical.NodeTestTask.lambda$executeRecursively$6(NodeTestTask.java:155)
	at org.junit.platform.engine.support.hierarchical.ThrowableCollector.execute(ThrowableCollector.java:73)
	at org.junit.platform.engine.support.hierarchical.NodeTestTask.lambda$executeRecursively$8(NodeTestTask.java:141)
	at org.junit.platform.engine.support.hierarchical.Node.around(Node.java:137)
	at org.junit.platform.engine.support.hierarchical.NodeTestTask.lambda$executeRecursively$9(NodeTestTask.java:139)
	at org.junit.platform.engine.support.hierarchical.ThrowableCollector.execute(ThrowableCollector.java:73)
	at org.junit.platform.engine.support.hierarchical.NodeTestTask.executeRecursively(NodeTestTask.java:138)
	at org.junit.platform.engine.support.hierarchical.NodeTestTask.execute(NodeTestTask.java:95)
	at java.base/java.util.ArrayList.forEach(ArrayList.java:1596)
	at org.junit.platform.engine.support.hierarchical.SameThreadHierarchicalTestExecutorService.invokeAll(SameThreadHierarchicalTestExecutorService.java:41)
	at org.junit.platform.engine.support.hierarchical.NodeTestTask.lambda$executeRecursively$6(NodeTestTask.java:155)
	at org.junit.platform.engine.support.hierarchical.ThrowableCollector.execute(ThrowableCollector.java:73)
	at org.junit.platform.engine.support.hierarchical.NodeTestTask.lambda$executeRecursively$8(NodeTestTask.java:141)
	at org.junit.platform.engine.support.hierarchical.Node.around(Node.java:137)
	at org.junit.platform.engine.support.hierarchical.NodeTestTask.lambda$executeRecursively$9(NodeTestTask.java:139)
	at org.junit.platform.engine.support.hierarchical.ThrowableCollector.execute(ThrowableCollector.java:73)
	at org.junit.platform.engine.support.hierarchical.NodeTestTask.executeRecursively(NodeTestTask.java:138)
	at org.junit.platform.engine.support.hierarchical.NodeTestTask.execute(NodeTestTask.java:95)
	at org.junit.platform.engine.support.hierarchical.SameThreadHierarchicalTestExecutorService.submit(SameThreadHierarchicalTestExecutorService.java:35)
	at org.junit.platform.engine.support.hierarchical.HierarchicalTestExecutor.execute(HierarchicalTestExecutor.java:57)
	at org.junit.platform.engine.support.hierarchical.HierarchicalTestEngine.execute(HierarchicalTestEngine.java:54)
	at org.junit.platform.launcher.core.EngineExecutionOrchestrator.execute(EngineExecutionOrchestrator.java:198)
	at org.junit.platform.launcher.core.EngineExecutionOrchestrator.execute(EngineExecutionOrchestrator.java:169)
	at org.junit.platform.launcher.core.EngineExecutionOrchestrator.execute(EngineExecutionOrchestrator.java:93)
	at org.junit.platform.launcher.core.EngineExecutionOrchestrator.lambda$execute$0(EngineExecutionOrchestrator.java:58)
	at org.junit.platform.launcher.core.EngineExecutionOrchestrator.withInterceptedStreams(EngineExecutionOrchestrator.java:141)
	at org.junit.platform.launcher.core.EngineExecutionOrchestrator.execute(EngineExecutionOrchestrator.java:57)
	at org.junit.platform.launcher.core.DefaultLauncher.execute(DefaultLauncher.java:103)
	at org.junit.platform.launcher.core.DefaultLauncher.execute(DefaultLauncher.java:85)
	at org.junit.platform.launcher.core.DelegatingLauncher.execute(DelegatingLauncher.java:47)
	at org.junit.platform.launcher.core.SessionPerRequestLauncher.execute(SessionPerRequestLauncher.java:63)
	at com.intellij.junit5.JUnit5IdeaTestRunner.startRunnerWithArgs(JUnit5IdeaTestRunner.java:57)
	at com.intellij.rt.junit.IdeaTestRunner$Repeater$1.execute(IdeaTestRunner.java:38)
	at com.intellij.rt.execution.junit.TestsRepeater.repeat(TestsRepeater.java:11)
	at com.intellij.rt.junit.IdeaTestRunner$Repeater.startRunnerWithArgs(IdeaTestRunner.java:35)
	at com.intellij.rt.junit.JUnitStarter.prepareStreamsAndStart(JUnitStarter.java:232)
	at com.intellij.rt.junit.JUnitStarter.main(JUnitStarter.java:55)
2025-05-20 15:00:05 [main] INFO  l.insoft.uztis.tests.utils.TestUtils - Screenshot moved to C:\Users\ingrida.zadorozniene\Desktop\Asm\UZTIS\UZTIS_tests\test-output\screenshots\20250520\150005500_testFillSaveDraftEvaluationThree().png
2025-05-20 15:00:29 [main] INFO  lt.insoft.uztis.tests.UztisPageTest - Navigated to https://uztisdev.asseco.lt/home
2025-05-20 15:00:29 [main] INFO  l.i.uztis.tests.EvaluationsPageTest - Starting test:'testConfirmEvaluationTwo'
2025-05-20 15:00:29 [main] INFO  l.i.uztis.tests.EvaluationsPageTest - Starting test:'testNavigateToEvaluationsPage'
2025-05-20 15:00:29 [main] DEBUG l.i.uztis.tests.EvaluationsPageTest - User logged in with test credentials
2025-05-20 15:00:42 [main] INFO  lt.insoft.uztis.tests.UztisPageTest - Navigated to https://uztisdev.asseco.lt/home
2025-05-20 15:00:42 [main] INFO  l.i.uztis.tests.EvaluationsPageTest - Starting test:'testFillSaveDraftEvaluationThree'
2025-05-20 15:00:42 [main] INFO  l.i.uztis.tests.EvaluationsPageTest - Starting test:'testNavigateToEvaluationsPage'
2025-05-20 15:00:43 [main] DEBUG l.i.uztis.tests.EvaluationsPageTest - User logged in with test credentials
2025-05-20 15:00:43 [main] DEBUG l.i.uztis.tests.EvaluationsPageTest - Opened 'Application Processing' menu.
2025-05-20 15:00:43 [main] DEBUG l.i.uztis.tests.EvaluationsPageTest - Clicked on 'Evaluations' menu.
2025-05-20 15:00:43 [main] DEBUG l.i.uztis.tests.EvaluationsPageTest - Navigating to evaluations menu.
2025-05-20 15:00:43 [main] INFO  l.i.uztis.tests.EvaluationsPageTest - Test 'testNavigateToEvaluationsPage' completed successfully.
2025-05-20 15:00:44 [main] DEBUG l.i.uztis.tests.EvaluationsPageTest - Clicked on last evaluation.
2025-05-20 15:00:44 [main] DEBUG l.i.uztis.tests.EvaluationsPageTest - Clicked 'Edit'.
2025-05-20 15:00:45 [main] DEBUG l.i.uztis.tests.EvaluationsPageTest - Entered commission date.
2025-05-20 15:00:45 [main] DEBUG l.i.uztis.tests.EvaluationsPageTest - Selected 'Without Commission' radio button.
2025-05-20 15:00:45 [main] DEBUG l.i.uztis.tests.EvaluationsPageTest - Entered chairman name: 'Pirmininkas Pirmininkauskas'.
2025-05-20 15:00:45 [main] DEBUG l.i.uztis.tests.EvaluationsPageTest - Entered member name: 'Narys Narauskas'.
2025-05-20 15:00:46 [main] DEBUG l.i.uztis.tests.EvaluationsPageTest - Clicked 'Continue'.
2025-05-20 15:00:56 [main] ERROR l.i.uztis.tests.EvaluationsPageTest - Test 'testFillSaveDraftEvaluationThree' failed with error: element not interactable
  (Session info: chrome=136.0.7103.114)
Build info: version: '4.27.0', revision: 'd6e718d134'
System info: os.name: 'Windows 11', os.arch: 'amd64', os.version: '10.0', java.version: '21.0.3'
Driver info: org.openqa.selenium.chrome.ChromeDriver
Command: [7f1752e85fb30087de820c28249c82e7, clearElement {id=f.7BCC6B9E768FEE9D4C0C72124F392251.d.7EDF5B7CED2BF99E56C55A41FE72048C.e.90}]
Capabilities {acceptInsecureCerts: false, browserName: chrome, browserVersion: 136.0.7103.114, chrome: {chromedriverVersion: 136.0.7103.94 (fa0be0b33deb..., userDataDir: C:\Users\INGRID~1.ZAD\AppDa...}, fedcm:accounts: true, goog:chromeOptions: {debuggerAddress: localhost:52406}, networkConnectionEnabled: false, pageLoadStrategy: normal, platformName: windows, proxy: Proxy(), se:cdp: ws://localhost:52406/devtoo..., se:cdpVersion: 136.0.7103.114, setWindowRect: true, strictFileInteractability: false, timeouts: {implicit: 0, pageLoad: 300000, script: 30000}, unhandledPromptBehavior: dismiss and notify, webauthn:extension:credBlob: true, webauthn:extension:largeBlob: true, webauthn:extension:minPinLength: true, webauthn:extension:prf: true, webauthn:virtualAuthenticators: true}
Element: [[ChromeDriver: chrome on windows (7f1752e85fb30087de820c28249c82e7)] -> xpath: //label[contains(., 'Balas')]/following::input[1]]
Session ID: 7f1752e85fb30087de820c28249c82e7
org.openqa.selenium.ElementNotInteractableException: element not interactable
  (Session info: chrome=136.0.7103.114)
Build info: version: '4.27.0', revision: 'd6e718d134'
System info: os.name: 'Windows 11', os.arch: 'amd64', os.version: '10.0', java.version: '21.0.3'
Driver info: org.openqa.selenium.chrome.ChromeDriver
Command: [7f1752e85fb30087de820c28249c82e7, clearElement {id=f.7BCC6B9E768FEE9D4C0C72124F392251.d.7EDF5B7CED2BF99E56C55A41FE72048C.e.90}]
Capabilities {acceptInsecureCerts: false, browserName: chrome, browserVersion: 136.0.7103.114, chrome: {chromedriverVersion: 136.0.7103.94 (fa0be0b33deb..., userDataDir: C:\Users\INGRID~1.ZAD\AppDa...}, fedcm:accounts: true, goog:chromeOptions: {debuggerAddress: localhost:52406}, networkConnectionEnabled: false, pageLoadStrategy: normal, platformName: windows, proxy: Proxy(), se:cdp: ws://localhost:52406/devtoo..., se:cdpVersion: 136.0.7103.114, setWindowRect: true, strictFileInteractability: false, timeouts: {implicit: 0, pageLoad: 300000, script: 30000}, unhandledPromptBehavior: dismiss and notify, webauthn:extension:credBlob: true, webauthn:extension:largeBlob: true, webauthn:extension:minPinLength: true, webauthn:extension:prf: true, webauthn:virtualAuthenticators: true}
Element: [[ChromeDriver: chrome on windows (7f1752e85fb30087de820c28249c82e7)] -> xpath: //label[contains(., 'Balas')]/following::input[1]]
Session ID: 7f1752e85fb30087de820c28249c82e7
	at java.base/jdk.internal.reflect.DirectConstructorHandleAccessor.newInstance(DirectConstructorHandleAccessor.java:62)
	at java.base/java.lang.reflect.Constructor.newInstanceWithCaller(Constructor.java:502)
	at java.base/java.lang.reflect.Constructor.newInstance(Constructor.java:486)
	at org.openqa.selenium.remote.ErrorCodec.decode(ErrorCodec.java:167)
	at org.openqa.selenium.remote.codec.w3c.W3CHttpResponseCodec.decode(W3CHttpResponseCodec.java:138)
	at org.openqa.selenium.remote.codec.w3c.W3CHttpResponseCodec.decode(W3CHttpResponseCodec.java:50)
	at org.openqa.selenium.remote.HttpCommandExecutor.execute(HttpCommandExecutor.java:190)
	at org.openqa.selenium.remote.service.DriverCommandExecutor.invokeExecute(DriverCommandExecutor.java:216)
	at org.openqa.selenium.remote.service.DriverCommandExecutor.execute(DriverCommandExecutor.java:174)
	at org.openqa.selenium.remote.RemoteWebDriver.execute(RemoteWebDriver.java:545)
	at org.openqa.selenium.remote.RemoteWebElement.execute(RemoteWebElement.java:223)
	at org.openqa.selenium.remote.RemoteWebElement.clear(RemoteWebElement.java:129)
	at java.base/jdk.internal.reflect.DirectMethodHandleAccessor.invoke(DirectMethodHandleAccessor.java:103)
	at java.base/java.lang.reflect.Method.invoke(Method.java:580)
	at org.openqa.selenium.support.pagefactory.internal.LocatingElementHandler.invoke(LocatingElementHandler.java:51)
	at jdk.proxy2/jdk.proxy2.$Proxy14.clear(Unknown Source)
	at lt.insoft.uztis.pages.EvaluationsPage.enterScoreCh1(EvaluationsPage.java:540)
	at lt.insoft.uztis.tests.EvaluationsPageTest.testFillSaveDraftEvaluationThree(EvaluationsPageTest.java:355)
	at java.base/jdk.internal.reflect.DirectMethodHandleAccessor.invoke(DirectMethodHandleAccessor.java:103)
	at java.base/java.lang.reflect.Method.invoke(Method.java:580)
	at org.junit.platform.commons.util.ReflectionUtils.invokeMethod(ReflectionUtils.java:728)
	at org.junit.jupiter.engine.execution.MethodInvocation.proceed(MethodInvocation.java:60)
	at org.junit.jupiter.engine.execution.InvocationInterceptorChain$ValidatingInvocation.proceed(InvocationInterceptorChain.java:131)
	at org.junit.jupiter.engine.extension.TimeoutExtension.intercept(TimeoutExtension.java:156)
	at org.junit.jupiter.engine.extension.TimeoutExtension.interceptTestableMethod(TimeoutExtension.java:147)
	at org.junit.jupiter.engine.extension.TimeoutExtension.interceptTestMethod(TimeoutExtension.java:86)
	at org.junit.jupiter.engine.execution.InterceptingExecutableInvoker$ReflectiveInterceptorCall.lambda$ofVoidMethod$0(InterceptingExecutableInvoker.java:103)
	at org.junit.jupiter.engine.execution.InterceptingExecutableInvoker.lambda$invoke$0(InterceptingExecutableInvoker.java:93)
	at org.junit.jupiter.engine.execution.InvocationInterceptorChain$InterceptedInvocation.proceed(InvocationInterceptorChain.java:106)
	at org.junit.jupiter.engine.execution.InvocationInterceptorChain.proceed(InvocationInterceptorChain.java:64)
	at org.junit.jupiter.engine.execution.InvocationInterceptorChain.chainAndInvoke(InvocationInterceptorChain.java:45)
	at org.junit.jupiter.engine.execution.InvocationInterceptorChain.invoke(InvocationInterceptorChain.java:37)
	at org.junit.jupiter.engine.execution.InterceptingExecutableInvoker.invoke(InterceptingExecutableInvoker.java:92)
	at org.junit.jupiter.engine.execution.InterceptingExecutableInvoker.invoke(InterceptingExecutableInvoker.java:86)
	at org.junit.jupiter.engine.descriptor.TestMethodTestDescriptor.lambda$invokeTestMethod$7(TestMethodTestDescriptor.java:218)
	at org.junit.platform.engine.support.hierarchical.ThrowableCollector.execute(ThrowableCollector.java:73)
	at org.junit.jupiter.engine.descriptor.TestMethodTestDescriptor.invokeTestMethod(TestMethodTestDescriptor.java:214)
	at org.junit.jupiter.engine.descriptor.TestMethodTestDescriptor.execute(TestMethodTestDescriptor.java:139)
	at org.junit.jupiter.engine.descriptor.TestMethodTestDescriptor.execute(TestMethodTestDescriptor.java:69)
	at org.junit.platform.engine.support.hierarchical.NodeTestTask.lambda$executeRecursively$6(NodeTestTask.java:151)
	at org.junit.platform.engine.support.hierarchical.ThrowableCollector.execute(ThrowableCollector.java:73)
	at org.junit.platform.engine.support.hierarchical.NodeTestTask.lambda$executeRecursively$8(NodeTestTask.java:141)
	at org.junit.platform.engine.support.hierarchical.Node.around(Node.java:137)
	at org.junit.platform.engine.support.hierarchical.NodeTestTask.lambda$executeRecursively$9(NodeTestTask.java:139)
	at org.junit.platform.engine.support.hierarchical.ThrowableCollector.execute(ThrowableCollector.java:73)
	at org.junit.platform.engine.support.hierarchical.NodeTestTask.executeRecursively(NodeTestTask.java:138)
	at org.junit.platform.engine.support.hierarchical.NodeTestTask.execute(NodeTestTask.java:95)
	at java.base/java.util.ArrayList.forEach(ArrayList.java:1596)
	at org.junit.platform.engine.support.hierarchical.SameThreadHierarchicalTestExecutorService.invokeAll(SameThreadHierarchicalTestExecutorService.java:41)
	at org.junit.platform.engine.support.hierarchical.NodeTestTask.lambda$executeRecursively$6(NodeTestTask.java:155)
	at org.junit.platform.engine.support.hierarchical.ThrowableCollector.execute(ThrowableCollector.java:73)
	at org.junit.platform.engine.support.hierarchical.NodeTestTask.lambda$executeRecursively$8(NodeTestTask.java:141)
	at org.junit.platform.engine.support.hierarchical.Node.around(Node.java:137)
	at org.junit.platform.engine.support.hierarchical.NodeTestTask.lambda$executeRecursively$9(NodeTestTask.java:139)
	at org.junit.platform.engine.support.hierarchical.ThrowableCollector.execute(ThrowableCollector.java:73)
	at org.junit.platform.engine.support.hierarchical.NodeTestTask.executeRecursively(NodeTestTask.java:138)
	at org.junit.platform.engine.support.hierarchical.NodeTestTask.execute(NodeTestTask.java:95)
	at java.base/java.util.ArrayList.forEach(ArrayList.java:1596)
	at org.junit.platform.engine.support.hierarchical.SameThreadHierarchicalTestExecutorService.invokeAll(SameThreadHierarchicalTestExecutorService.java:41)
	at org.junit.platform.engine.support.hierarchical.NodeTestTask.lambda$executeRecursively$6(NodeTestTask.java:155)
	at org.junit.platform.engine.support.hierarchical.ThrowableCollector.execute(ThrowableCollector.java:73)
	at org.junit.platform.engine.support.hierarchical.NodeTestTask.lambda$executeRecursively$8(NodeTestTask.java:141)
	at org.junit.platform.engine.support.hierarchical.Node.around(Node.java:137)
	at org.junit.platform.engine.support.hierarchical.NodeTestTask.lambda$executeRecursively$9(NodeTestTask.java:139)
	at org.junit.platform.engine.support.hierarchical.ThrowableCollector.execute(ThrowableCollector.java:73)
	at org.junit.platform.engine.support.hierarchical.NodeTestTask.executeRecursively(NodeTestTask.java:138)
	at org.junit.platform.engine.support.hierarchical.NodeTestTask.execute(NodeTestTask.java:95)
	at org.junit.platform.engine.support.hierarchical.SameThreadHierarchicalTestExecutorService.submit(SameThreadHierarchicalTestExecutorService.java:35)
	at org.junit.platform.engine.support.hierarchical.HierarchicalTestExecutor.execute(HierarchicalTestExecutor.java:57)
	at org.junit.platform.engine.support.hierarchical.HierarchicalTestEngine.execute(HierarchicalTestEngine.java:54)
	at org.junit.platform.launcher.core.EngineExecutionOrchestrator.execute(EngineExecutionOrchestrator.java:198)
	at org.junit.platform.launcher.core.EngineExecutionOrchestrator.execute(EngineExecutionOrchestrator.java:169)
	at org.junit.platform.launcher.core.EngineExecutionOrchestrator.execute(EngineExecutionOrchestrator.java:93)
	at org.junit.platform.launcher.core.EngineExecutionOrchestrator.lambda$execute$0(EngineExecutionOrchestrator.java:58)
	at org.junit.platform.launcher.core.EngineExecutionOrchestrator.withInterceptedStreams(EngineExecutionOrchestrator.java:141)
	at org.junit.platform.launcher.core.EngineExecutionOrchestrator.execute(EngineExecutionOrchestrator.java:57)
	at org.junit.platform.launcher.core.DefaultLauncher.execute(DefaultLauncher.java:103)
	at org.junit.platform.launcher.core.DefaultLauncher.execute(DefaultLauncher.java:85)
	at org.junit.platform.launcher.core.DelegatingLauncher.execute(DelegatingLauncher.java:47)
	at org.junit.platform.launcher.core.SessionPerRequestLauncher.execute(SessionPerRequestLauncher.java:63)
	at com.intellij.junit5.JUnit5IdeaTestRunner.startRunnerWithArgs(JUnit5IdeaTestRunner.java:57)
	at com.intellij.rt.junit.IdeaTestRunner$Repeater$1.execute(IdeaTestRunner.java:38)
	at com.intellij.rt.execution.junit.TestsRepeater.repeat(TestsRepeater.java:11)
	at com.intellij.rt.junit.IdeaTestRunner$Repeater.startRunnerWithArgs(IdeaTestRunner.java:35)
	at com.intellij.rt.junit.JUnitStarter.prepareStreamsAndStart(JUnitStarter.java:232)
	at com.intellij.rt.junit.JUnitStarter.main(JUnitStarter.java:55)
2025-05-20 15:00:56 [main] INFO  l.insoft.uztis.tests.utils.TestUtils - Screenshot moved to C:\Users\ingrida.zadorozniene\Desktop\Asm\UZTIS\UZTIS_tests\test-output\screenshots\20250520\150056298_testFillSaveDraftEvaluationThree().png
2025-05-20 15:02:08 [main] INFO  lt.insoft.uztis.tests.UztisPageTest - Navigated to https://uztisdev.asseco.lt/home
2025-05-20 15:02:08 [main] INFO  l.insoft.uztis.tests.FundingPageTest - Starting test:'testFundApplication'
2025-05-20 15:02:08 [main] DEBUG l.insoft.uztis.tests.FundingPageTest - User logged in with test credentials
2025-05-20 15:02:09 [main] DEBUG l.insoft.uztis.tests.FundingPageTest - Opened 'Application Processing' menu.
2025-05-20 15:02:09 [main] DEBUG l.insoft.uztis.tests.FundingPageTest - Clicked on 'Application Forms' menu.
2025-05-20 15:02:09 [main] DEBUG l.insoft.uztis.tests.FundingPageTest - Retrieved last description code text: 'TST-VUI-76'.
2025-05-20 15:02:09 [main] DEBUG l.insoft.uztis.tests.FundingPageTest - Clicked on 'Invitation' menu.
2025-05-20 15:02:11 [main] DEBUG l.insoft.uztis.tests.FundingPageTest - Selected application section by code: 'TST-VUI-76'.
2025-05-20 15:02:11 [main] DEBUG l.insoft.uztis.tests.FundingPageTest - Clicked 'Search' button.
2025-05-20 15:02:11 [main] DEBUG l.insoft.uztis.tests.FundingPageTest - Retrieved invitation code: ''.
2025-05-20 15:02:11 [main] DEBUG l.insoft.uztis.tests.FundingPageTest - Clicked on 'Funding Queue' menu.
2025-05-20 15:02:13 [main] DEBUG l.insoft.uztis.tests.FundingPageTest - Selected invitation by code: 'TST-VUI-76'.
2025-05-20 15:02:13 [main] DEBUG l.insoft.uztis.tests.FundingPageTest - Invitation code inserted.
2025-05-20 15:02:13 [main] DEBUG l.insoft.uztis.tests.FundingPageTest - Clicked 'Form'.
2025-05-20 15:02:13 [main] DEBUG l.insoft.uztis.tests.FundingPageTest - Clicked 'Finance'.
2025-05-20 15:02:13 [main] DEBUG l.insoft.uztis.tests.FundingPageTest - Entered order number 'VUI_1'.
2025-05-20 15:02:14 [main] DEBUG l.insoft.uztis.tests.FundingPageTest - Clicked 'Finance Confirmation'.
2025-05-20 15:02:15 [main] DEBUG l.i.uztis.pages.ApplicationFormsPage - Verified success message: 'Funkcija sėkmingai atlikta.'
2025-05-20 15:02:15 [main] INFO  l.insoft.uztis.tests.FundingPageTest - Verified success message
2025-05-20 15:02:15 [main] INFO  l.insoft.uztis.tests.FundingPageTest - Test 'testFundApplication' completed successfully.
2025-05-21 07:56:43 [main] INFO  lt.insoft.uztis.tests.UztisPageTest - Navigated to https://uztisdev.asseco.lt/home
2025-05-21 07:56:43 [main] INFO  l.i.u.tests.ApplicationFormsPageTest - Setup complete. ApplicationFormsPage initialized.
2025-05-21 07:56:43 [main] INFO  l.i.u.tests.ApplicationFormsPageTest - Starting test:'testNavigateToAndReviewApplicationFormsPageTest'
2025-05-21 07:56:44 [main] DEBUG l.i.u.tests.ApplicationFormsPageTest - User logged in with test credentials
2025-05-21 07:56:45 [main] DEBUG l.i.u.tests.ApplicationFormsPageTest - Opened 'Application Processing' menu.
2025-05-21 07:56:45 [main] DEBUG l.i.u.tests.ApplicationFormsPageTest - Clicked on 'Application Forms' menu.
2025-05-21 07:56:45 [main] DEBUG l.i.u.tests.ApplicationFormsPageTest - Fetched label text: Paraiškų formos
2025-05-21 07:56:45 [main] INFO  l.i.u.tests.ApplicationFormsPageTest - Verified that the label text matches the expected value.
2025-05-21 07:56:45 [main] DEBUG l.i.u.tests.ApplicationFormsPageTest - Selected the last application description.
2025-05-21 07:56:45 [main] INFO  l.i.u.tests.ApplicationFormsPageTest - Verified that the 'Edit' button is displayed.
2025-05-21 07:56:45 [main] INFO  l.i.u.tests.ApplicationFormsPageTest - Test 'testNavigateToAndReviewApplicationFormsPageTest' completed successfully.
2025-05-21 07:57:02 [main] INFO  lt.insoft.uztis.tests.UztisPageTest - Navigated to https://uztisdev.asseco.lt/home
2025-05-21 07:57:02 [main] INFO  l.i.u.tests.ApplicationFormsPageTest - Setup complete. ApplicationFormsPage initialized.
2025-05-21 07:57:02 [main] INFO  l.i.u.tests.ApplicationFormsPageTest - Starting test:'testCreateNewVuiApplication'
2025-05-21 07:57:03 [main] DEBUG l.i.u.tests.ApplicationFormsPageTest - User logged in with test credentials
2025-05-21 07:57:03 [main] DEBUG l.i.u.tests.ApplicationFormsPageTest - Opened 'Application Processing' menu.
2025-05-21 07:57:04 [main] DEBUG l.i.u.tests.ApplicationFormsPageTest - Clicked on 'Application Forms' menu.
2025-05-21 07:57:04 [main] DEBUG l.i.u.tests.ApplicationFormsPageTest - Clicked to create a new application form.
2025-05-21 07:57:04 [main] DEBUG l.i.u.tests.ApplicationFormsPageTest - Entered random application code: TST-VUI-32
2025-05-21 07:57:04 [main] DEBUG l.i.u.tests.ApplicationFormsPageTest - Selected 'Section' radio button.
2025-05-21 07:57:04 [main] INFO  l.i.uztis.pages.ApplicationFormsPage - Located the dropdown button.
2025-05-21 07:57:05 [main] INFO  l.i.uztis.pages.ApplicationFormsPage - Successfully selected the value: 'Skyrius 1'
2025-05-21 07:57:15 [main] ERROR l.i.uztis.pages.ApplicationFormsPage - Failed to close the dropdown with aria-expanded = 'false'.
2025-05-21 07:57:15 [main] DEBUG l.i.u.tests.ApplicationFormsPageTest - Selected a value from the 'Section' dropdown: 'Skyrius 1'
2025-05-21 07:57:15 [main] DEBUG l.i.u.tests.ApplicationFormsPageTest - Selected 'Budget by Municipality' option.
2025-05-21 07:57:15 [main] DEBUG l.i.u.tests.ApplicationFormsPageTest - Selected 'Financed Without Queue' option.
2025-05-21 07:57:15 [main] DEBUG l.i.u.tests.ApplicationFormsPageTest - Clicked 'Add' button.
2025-05-21 07:57:15 [main] INFO  l.i.uztis.pages.ApplicationFormsPage - Located the dropdown button.
2025-05-21 07:57:16 [main] INFO  l.i.uztis.pages.ApplicationFormsPage - Successfully selected the value: 'VUI atitiktis URP'
2025-05-21 07:57:26 [main] ERROR l.i.uztis.pages.ApplicationFormsPage - Failed to close the dropdown with aria-expanded = 'false'.
2025-05-21 07:57:26 [main] DEBUG l.i.u.tests.ApplicationFormsPageTest - Selected a value from the 'EvaluationOne' dropdown: 'VUI atitiktis URP'
2025-05-21 07:57:26 [main] INFO  l.i.uztis.pages.ApplicationFormsPage - Located the dropdown button.
2025-05-21 07:57:27 [main] INFO  l.i.uztis.pages.ApplicationFormsPage - Successfully selected the value: 'VUI atitiktis kokybės kriterijams'
2025-05-21 07:57:38 [main] ERROR l.i.uztis.pages.ApplicationFormsPage - Failed to close the dropdown with aria-expanded = 'false'.
2025-05-21 07:57:38 [main] DEBUG l.i.u.tests.ApplicationFormsPageTest - Selected a value from the 'EvaluationTwon' dropdown: 'VUI atitiktis kokybės kriterijams'
2025-05-21 07:57:38 [main] INFO  l.i.uztis.pages.ApplicationFormsPage - Located the dropdown button.
2025-05-21 07:57:38 [main] INFO  l.i.uztis.pages.ApplicationFormsPage - Successfully selected the value: 'VUI gynimo vertinimo forma'
2025-05-21 07:57:48 [main] ERROR l.i.uztis.pages.ApplicationFormsPage - Failed to close the dropdown with aria-expanded = 'false'.
2025-05-21 07:57:48 [main] DEBUG l.i.u.tests.ApplicationFormsPageTest - Selected a value from the 'EvaluationThree' dropdown: 'VUI gynimo vertinimo forma'
2025-05-21 07:57:48 [main] DEBUG l.i.u.tests.ApplicationFormsPageTest - Clicked 'Plus' button.
2025-05-21 07:57:49 [main] DEBUG l.i.u.tests.ApplicationFormsPageTest - Clicked 'Add' button seven times.
2025-05-21 07:57:49 [main] INFO  l.i.uztis.pages.ApplicationFormsPage - Processing dropdown index: 0
2025-05-21 07:57:59 [main] ERROR l.i.uztis.pages.ApplicationFormsPage - Timeout while waiting for dropdown to close at index: 0 with aria-expanded = 'false'
2025-05-21 07:57:59 [main] INFO  l.i.uztis.pages.ApplicationFormsPage - Processing dropdown index: 1
2025-05-21 07:58:10 [main] ERROR l.i.uztis.pages.ApplicationFormsPage - Timeout while waiting for dropdown to close at index: 1 with aria-expanded = 'false'
2025-05-21 07:58:10 [main] INFO  l.i.uztis.pages.ApplicationFormsPage - Processing dropdown index: 2
2025-05-21 07:58:20 [main] ERROR l.i.uztis.pages.ApplicationFormsPage - Timeout while waiting for dropdown to close at index: 2 with aria-expanded = 'false'
2025-05-21 07:58:20 [main] INFO  l.i.uztis.pages.ApplicationFormsPage - Processing dropdown index: 3
2025-05-21 07:58:30 [main] ERROR l.i.uztis.pages.ApplicationFormsPage - Timeout while waiting for dropdown to close at index: 3 with aria-expanded = 'false'
2025-05-21 07:58:30 [main] INFO  l.i.uztis.pages.ApplicationFormsPage - Processing dropdown index: 4
2025-05-21 07:58:41 [main] ERROR l.i.uztis.pages.ApplicationFormsPage - Timeout while waiting for dropdown to close at index: 4 with aria-expanded = 'false'
2025-05-21 07:58:41 [main] INFO  l.i.uztis.pages.ApplicationFormsPage - Processing dropdown index: 5
2025-05-21 07:58:51 [main] ERROR l.i.uztis.pages.ApplicationFormsPage - Timeout while waiting for dropdown to close at index: 5 with aria-expanded = 'false'
2025-05-21 07:58:51 [main] INFO  l.i.uztis.pages.ApplicationFormsPage - Processing dropdown index: 6
2025-05-21 07:59:01 [main] ERROR l.i.uztis.pages.ApplicationFormsPage - Timeout while waiting for dropdown to close at index: 6 with aria-expanded = 'false'
2025-05-21 07:59:01 [main] INFO  l.i.uztis.pages.ApplicationFormsPage - Processing dropdown index: 7
2025-05-21 07:59:12 [main] ERROR l.i.uztis.pages.ApplicationFormsPage - Timeout while waiting for dropdown to close at index: 7 with aria-expanded = 'false'
2025-05-21 07:59:12 [main] INFO  l.i.uztis.pages.ApplicationFormsPage - Processing input field index: 0
2025-05-21 07:59:12 [main] INFO  l.i.uztis.pages.ApplicationFormsPage - Entered value '50' into field index: 0
2025-05-21 07:59:12 [main] INFO  l.i.uztis.pages.ApplicationFormsPage - Processing input field index: 1
2025-05-21 07:59:12 [main] INFO  l.i.uztis.pages.ApplicationFormsPage - Entered value '924' into field index: 1
2025-05-21 07:59:12 [main] INFO  l.i.uztis.pages.ApplicationFormsPage - Processing input field index: 2
2025-05-21 07:59:13 [main] INFO  l.i.uztis.pages.ApplicationFormsPage - Entered value '31' into field index: 2
2025-05-21 07:59:13 [main] INFO  l.i.uztis.pages.ApplicationFormsPage - Processing input field index: 3
2025-05-21 07:59:13 [main] INFO  l.i.uztis.pages.ApplicationFormsPage - Entered value '4.7' into field index: 3
2025-05-21 07:59:13 [main] INFO  l.i.uztis.pages.ApplicationFormsPage - Processing input field index: 4
2025-05-21 07:59:13 [main] INFO  l.i.uztis.pages.ApplicationFormsPage - Entered value '35' into field index: 4
2025-05-21 07:59:13 [main] INFO  l.i.uztis.pages.ApplicationFormsPage - Processing input field index: 5
2025-05-21 07:59:13 [main] INFO  l.i.uztis.pages.ApplicationFormsPage - Entered value '20' into field index: 5
2025-05-21 07:59:13 [main] INFO  l.i.uztis.pages.ApplicationFormsPage - Processing input field index: 6
2025-05-21 07:59:13 [main] INFO  l.i.uztis.pages.ApplicationFormsPage - Entered value '30' into field index: 6
2025-05-21 07:59:13 [main] INFO  l.i.uztis.pages.ApplicationFormsPage - Processing input field index: 7
2025-05-21 07:59:13 [main] INFO  l.i.uztis.pages.ApplicationFormsPage - Entered value '60' into field index: 7
2025-05-21 07:59:13 [main] DEBUG l.i.u.tests.ApplicationFormsPageTest - Entered additional values and text.
2025-05-21 07:59:13 [main] DEBUG l.i.u.tests.ApplicationFormsPageTest - Entered application name: VUI paraiška
2025-05-21 07:59:13 [main] DEBUG l.i.u.tests.ApplicationFormsPageTest - Clicked the 'Save' button.
2025-05-21 07:59:14 [main] DEBUG l.i.uztis.pages.ApplicationFormsPage - Verified success message: 'Duomenys sėkmingai išsaugoti.'
2025-05-21 07:59:14 [main] INFO  l.i.u.tests.ApplicationFormsPageTest - Verified success message
2025-05-21 07:59:14 [main] INFO  l.i.u.tests.ApplicationFormsPageTest - Verified that the 'Save Form' button is displayed.
2025-05-21 07:59:14 [main] INFO  l.i.u.tests.ApplicationFormsPageTest - Test 'testCreateNewVuiApplication' completed successfully.
2025-05-21 08:00:01 [main] INFO  lt.insoft.uztis.tests.UztisPageTest - Navigated to https://uztisdev.asseco.lt/home
2025-05-21 08:00:01 [main] INFO  l.i.u.tests.ApplicationFormsPageTest - Setup complete. ApplicationFormsPage initialized.
2025-05-21 08:00:01 [main] INFO  l.i.u.tests.ApplicationFormsPageTest - Starting test:'testEditAndSaveVuiApplication'
2025-05-21 08:00:01 [main] DEBUG l.i.u.tests.ApplicationFormsPageTest - User logged in with test credentials
2025-05-21 08:00:03 [main] ERROR l.i.u.tests.ApplicationFormsPageTest - Test 'testEditAndSaveVuiApplication' failed with error: element click intercepted: Element <span _ngcontent-ng-c1289871065="" class="routerItemText">...</span> is not clickable at point (181, 771). Other element would receive the click: <span _ngcontent-ng-c1289871065="" class="fatherExpansionPanelText level-0">...</span>
  (Session info: chrome=136.0.7103.114)
Build info: version: '4.27.0', revision: 'd6e718d134'
System info: os.name: 'Windows 11', os.arch: 'amd64', os.version: '10.0', java.version: '21.0.3'
Driver info: org.openqa.selenium.chrome.ChromeDriver
Command: [85a7a4071b19ad833e9fc1b43f196aec, clickElement {id=f.67972A7758FC0A29564356EDC78CDE90.d.60B159F3CA5BA9D2C1F9CCA58415277C.e.33}]
Capabilities {acceptInsecureCerts: false, browserName: chrome, browserVersion: 136.0.7103.114, chrome: {chromedriverVersion: 136.0.7103.94 (fa0be0b33deb..., userDataDir: C:\Users\INGRID~1.ZAD\AppDa...}, fedcm:accounts: true, goog:chromeOptions: {debuggerAddress: localhost:60987}, networkConnectionEnabled: false, pageLoadStrategy: normal, platformName: windows, proxy: Proxy(), se:cdp: ws://localhost:60987/devtoo..., se:cdpVersion: 136.0.7103.114, setWindowRect: true, strictFileInteractability: false, timeouts: {implicit: 0, pageLoad: 300000, script: 30000}, unhandledPromptBehavior: dismiss and notify, webauthn:extension:credBlob: true, webauthn:extension:largeBlob: true, webauthn:extension:minPinLength: true, webauthn:extension:prf: true, webauthn:virtualAuthenticators: true}
Element: [[ChromeDriver: chrome on windows (85a7a4071b19ad833e9fc1b43f196aec)] -> xpath: //span[text()='Daugiau']]
Session ID: 85a7a4071b19ad833e9fc1b43f196aec
org.openqa.selenium.ElementClickInterceptedException: element click intercepted: Element <span _ngcontent-ng-c1289871065="" class="routerItemText">...</span> is not clickable at point (181, 771). Other element would receive the click: <span _ngcontent-ng-c1289871065="" class="fatherExpansionPanelText level-0">...</span>
  (Session info: chrome=136.0.7103.114)
Build info: version: '4.27.0', revision: 'd6e718d134'
System info: os.name: 'Windows 11', os.arch: 'amd64', os.version: '10.0', java.version: '21.0.3'
Driver info: org.openqa.selenium.chrome.ChromeDriver
Command: [85a7a4071b19ad833e9fc1b43f196aec, clickElement {id=f.67972A7758FC0A29564356EDC78CDE90.d.60B159F3CA5BA9D2C1F9CCA58415277C.e.33}]
Capabilities {acceptInsecureCerts: false, browserName: chrome, browserVersion: 136.0.7103.114, chrome: {chromedriverVersion: 136.0.7103.94 (fa0be0b33deb..., userDataDir: C:\Users\INGRID~1.ZAD\AppDa...}, fedcm:accounts: true, goog:chromeOptions: {debuggerAddress: localhost:60987}, networkConnectionEnabled: false, pageLoadStrategy: normal, platformName: windows, proxy: Proxy(), se:cdp: ws://localhost:60987/devtoo..., se:cdpVersion: 136.0.7103.114, setWindowRect: true, strictFileInteractability: false, timeouts: {implicit: 0, pageLoad: 300000, script: 30000}, unhandledPromptBehavior: dismiss and notify, webauthn:extension:credBlob: true, webauthn:extension:largeBlob: true, webauthn:extension:minPinLength: true, webauthn:extension:prf: true, webauthn:virtualAuthenticators: true}
Element: [[ChromeDriver: chrome on windows (85a7a4071b19ad833e9fc1b43f196aec)] -> xpath: //span[text()='Daugiau']]
Session ID: 85a7a4071b19ad833e9fc1b43f196aec
	at java.base/jdk.internal.reflect.DirectConstructorHandleAccessor.newInstance(DirectConstructorHandleAccessor.java:62)
	at java.base/java.lang.reflect.Constructor.newInstanceWithCaller(Constructor.java:502)
	at java.base/java.lang.reflect.Constructor.newInstance(Constructor.java:486)
	at org.openqa.selenium.remote.ErrorCodec.decode(ErrorCodec.java:167)
	at org.openqa.selenium.remote.codec.w3c.W3CHttpResponseCodec.decode(W3CHttpResponseCodec.java:138)
	at org.openqa.selenium.remote.codec.w3c.W3CHttpResponseCodec.decode(W3CHttpResponseCodec.java:50)
	at org.openqa.selenium.remote.HttpCommandExecutor.execute(HttpCommandExecutor.java:190)
	at org.openqa.selenium.remote.service.DriverCommandExecutor.invokeExecute(DriverCommandExecutor.java:216)
	at org.openqa.selenium.remote.service.DriverCommandExecutor.execute(DriverCommandExecutor.java:174)
	at org.openqa.selenium.remote.RemoteWebDriver.execute(RemoteWebDriver.java:545)
	at org.openqa.selenium.remote.RemoteWebElement.execute(RemoteWebElement.java:223)
	at org.openqa.selenium.remote.RemoteWebElement.click(RemoteWebElement.java:76)
	at java.base/jdk.internal.reflect.DirectMethodHandleAccessor.invoke(DirectMethodHandleAccessor.java:103)
	at java.base/java.lang.reflect.Method.invoke(Method.java:580)
	at org.openqa.selenium.support.pagefactory.internal.LocatingElementHandler.invoke(LocatingElementHandler.java:51)
	at jdk.proxy2/jdk.proxy2.$Proxy14.click(Unknown Source)
	at lt.insoft.uztis.pages.ApplicationFormsPage.clickMenuMore(ApplicationFormsPage.java:236)
	at lt.insoft.uztis.tests.ApplicationFormsPageTest.navigateToApplicationFormsMenu(ApplicationFormsPageTest.java:21)
	at lt.insoft.uztis.tests.ApplicationFormsPageTest.testEditAndSaveVuiApplication(ApplicationFormsPageTest.java:180)
	at java.base/jdk.internal.reflect.DirectMethodHandleAccessor.invoke(DirectMethodHandleAccessor.java:103)
	at java.base/java.lang.reflect.Method.invoke(Method.java:580)
	at org.junit.platform.commons.util.ReflectionUtils.invokeMethod(ReflectionUtils.java:728)
	at org.junit.jupiter.engine.execution.MethodInvocation.proceed(MethodInvocation.java:60)
	at org.junit.jupiter.engine.execution.InvocationInterceptorChain$ValidatingInvocation.proceed(InvocationInterceptorChain.java:131)
	at org.junit.jupiter.engine.extension.TimeoutExtension.intercept(TimeoutExtension.java:156)
	at org.junit.jupiter.engine.extension.TimeoutExtension.interceptTestableMethod(TimeoutExtension.java:147)
	at org.junit.jupiter.engine.extension.TimeoutExtension.interceptTestMethod(TimeoutExtension.java:86)
	at org.junit.jupiter.engine.execution.InterceptingExecutableInvoker$ReflectiveInterceptorCall.lambda$ofVoidMethod$0(InterceptingExecutableInvoker.java:103)
	at org.junit.jupiter.engine.execution.InterceptingExecutableInvoker.lambda$invoke$0(InterceptingExecutableInvoker.java:93)
	at org.junit.jupiter.engine.execution.InvocationInterceptorChain$InterceptedInvocation.proceed(InvocationInterceptorChain.java:106)
	at org.junit.jupiter.engine.execution.InvocationInterceptorChain.proceed(InvocationInterceptorChain.java:64)
	at org.junit.jupiter.engine.execution.InvocationInterceptorChain.chainAndInvoke(InvocationInterceptorChain.java:45)
	at org.junit.jupiter.engine.execution.InvocationInterceptorChain.invoke(InvocationInterceptorChain.java:37)
	at org.junit.jupiter.engine.execution.InterceptingExecutableInvoker.invoke(InterceptingExecutableInvoker.java:92)
	at org.junit.jupiter.engine.execution.InterceptingExecutableInvoker.invoke(InterceptingExecutableInvoker.java:86)
	at org.junit.jupiter.engine.descriptor.TestMethodTestDescriptor.lambda$invokeTestMethod$7(TestMethodTestDescriptor.java:218)
	at org.junit.platform.engine.support.hierarchical.ThrowableCollector.execute(ThrowableCollector.java:73)
	at org.junit.jupiter.engine.descriptor.TestMethodTestDescriptor.invokeTestMethod(TestMethodTestDescriptor.java:214)
	at org.junit.jupiter.engine.descriptor.TestMethodTestDescriptor.execute(TestMethodTestDescriptor.java:139)
	at org.junit.jupiter.engine.descriptor.TestMethodTestDescriptor.execute(TestMethodTestDescriptor.java:69)
	at org.junit.platform.engine.support.hierarchical.NodeTestTask.lambda$executeRecursively$6(NodeTestTask.java:151)
	at org.junit.platform.engine.support.hierarchical.ThrowableCollector.execute(ThrowableCollector.java:73)
	at org.junit.platform.engine.support.hierarchical.NodeTestTask.lambda$executeRecursively$8(NodeTestTask.java:141)
	at org.junit.platform.engine.support.hierarchical.Node.around(Node.java:137)
	at org.junit.platform.engine.support.hierarchical.NodeTestTask.lambda$executeRecursively$9(NodeTestTask.java:139)
	at org.junit.platform.engine.support.hierarchical.ThrowableCollector.execute(ThrowableCollector.java:73)
	at org.junit.platform.engine.support.hierarchical.NodeTestTask.executeRecursively(NodeTestTask.java:138)
	at org.junit.platform.engine.support.hierarchical.NodeTestTask.execute(NodeTestTask.java:95)
	at java.base/java.util.ArrayList.forEach(ArrayList.java:1596)
	at org.junit.platform.engine.support.hierarchical.SameThreadHierarchicalTestExecutorService.invokeAll(SameThreadHierarchicalTestExecutorService.java:41)
	at org.junit.platform.engine.support.hierarchical.NodeTestTask.lambda$executeRecursively$6(NodeTestTask.java:155)
	at org.junit.platform.engine.support.hierarchical.ThrowableCollector.execute(ThrowableCollector.java:73)
	at org.junit.platform.engine.support.hierarchical.NodeTestTask.lambda$executeRecursively$8(NodeTestTask.java:141)
	at org.junit.platform.engine.support.hierarchical.Node.around(Node.java:137)
	at org.junit.platform.engine.support.hierarchical.NodeTestTask.lambda$executeRecursively$9(NodeTestTask.java:139)
	at org.junit.platform.engine.support.hierarchical.ThrowableCollector.execute(ThrowableCollector.java:73)
	at org.junit.platform.engine.support.hierarchical.NodeTestTask.executeRecursively(NodeTestTask.java:138)
	at org.junit.platform.engine.support.hierarchical.NodeTestTask.execute(NodeTestTask.java:95)
	at java.base/java.util.ArrayList.forEach(ArrayList.java:1596)
	at org.junit.platform.engine.support.hierarchical.SameThreadHierarchicalTestExecutorService.invokeAll(SameThreadHierarchicalTestExecutorService.java:41)
	at org.junit.platform.engine.support.hierarchical.NodeTestTask.lambda$executeRecursively$6(NodeTestTask.java:155)
	at org.junit.platform.engine.support.hierarchical.ThrowableCollector.execute(ThrowableCollector.java:73)
	at org.junit.platform.engine.support.hierarchical.NodeTestTask.lambda$executeRecursively$8(NodeTestTask.java:141)
	at org.junit.platform.engine.support.hierarchical.Node.around(Node.java:137)
	at org.junit.platform.engine.support.hierarchical.NodeTestTask.lambda$executeRecursively$9(NodeTestTask.java:139)
	at org.junit.platform.engine.support.hierarchical.ThrowableCollector.execute(ThrowableCollector.java:73)
	at org.junit.platform.engine.support.hierarchical.NodeTestTask.executeRecursively(NodeTestTask.java:138)
	at org.junit.platform.engine.support.hierarchical.NodeTestTask.execute(NodeTestTask.java:95)
	at org.junit.platform.engine.support.hierarchical.SameThreadHierarchicalTestExecutorService.submit(SameThreadHierarchicalTestExecutorService.java:35)
	at org.junit.platform.engine.support.hierarchical.HierarchicalTestExecutor.execute(HierarchicalTestExecutor.java:57)
	at org.junit.platform.engine.support.hierarchical.HierarchicalTestEngine.execute(HierarchicalTestEngine.java:54)
	at org.junit.platform.launcher.core.EngineExecutionOrchestrator.execute(EngineExecutionOrchestrator.java:198)
	at org.junit.platform.launcher.core.EngineExecutionOrchestrator.execute(EngineExecutionOrchestrator.java:169)
	at org.junit.platform.launcher.core.EngineExecutionOrchestrator.execute(EngineExecutionOrchestrator.java:93)
	at org.junit.platform.launcher.core.EngineExecutionOrchestrator.lambda$execute$0(EngineExecutionOrchestrator.java:58)
	at org.junit.platform.launcher.core.EngineExecutionOrchestrator.withInterceptedStreams(EngineExecutionOrchestrator.java:141)
	at org.junit.platform.launcher.core.EngineExecutionOrchestrator.execute(EngineExecutionOrchestrator.java:57)
	at org.junit.platform.launcher.core.DefaultLauncher.execute(DefaultLauncher.java:103)
	at org.junit.platform.launcher.core.DefaultLauncher.execute(DefaultLauncher.java:85)
	at org.junit.platform.launcher.core.DelegatingLauncher.execute(DelegatingLauncher.java:47)
	at org.junit.platform.launcher.core.SessionPerRequestLauncher.execute(SessionPerRequestLauncher.java:63)
	at com.intellij.junit5.JUnit5IdeaTestRunner.startRunnerWithArgs(JUnit5IdeaTestRunner.java:57)
	at com.intellij.rt.junit.IdeaTestRunner$Repeater$1.execute(IdeaTestRunner.java:38)
	at com.intellij.rt.execution.junit.TestsRepeater.repeat(TestsRepeater.java:11)
	at com.intellij.rt.junit.IdeaTestRunner$Repeater.startRunnerWithArgs(IdeaTestRunner.java:35)
	at com.intellij.rt.junit.JUnitStarter.prepareStreamsAndStart(JUnitStarter.java:232)
	at com.intellij.rt.junit.JUnitStarter.main(JUnitStarter.java:55)
2025-05-21 08:00:03 [main] INFO  l.insoft.uztis.tests.utils.TestUtils - Screenshot moved to C:\Users\ingrida.zadorozniene\Desktop\Asm\UZTIS\UZTIS_tests\test-output\screenshots\20250521\080003185_testEditAndSaveVuiApplication().png
2025-05-21 08:05:34 [main] INFO  lt.insoft.uztis.tests.UztisPageTest - Navigated to https://uztisdev.asseco.lt/home
2025-05-21 08:05:34 [main] INFO  l.i.u.tests.ApplicationFormsPageTest - Setup complete. ApplicationFormsPage initialized.
2025-05-21 08:05:34 [main] INFO  l.i.u.tests.ApplicationFormsPageTest - Starting test:'testEditAndSaveVuiApplication'
2025-05-21 08:05:34 [main] DEBUG l.i.u.tests.ApplicationFormsPageTest - User logged in with test credentials
2025-05-21 08:05:35 [main] DEBUG l.i.u.tests.ApplicationFormsPageTest - Opened 'Application Processing' menu.
2025-05-21 08:05:35 [main] DEBUG l.i.u.tests.ApplicationFormsPageTest - Clicked on 'Application Forms' menu.
2025-05-21 08:05:36 [main] DEBUG l.i.u.tests.ApplicationFormsPageTest - Selected the last application description.
2025-05-21 08:05:36 [main] DEBUG l.i.u.tests.ApplicationFormsPageTest - Clicked the 'Edit' button.
2025-05-21 08:05:36 [main] DEBUG l.i.u.tests.ApplicationFormsPageTest - Selected 'Municipality' radio button.
2025-05-21 08:05:36 [main] INFO  l.i.uztis.pages.ApplicationFormsPage - Located the dropdown button.
2025-05-21 08:05:37 [main] INFO  l.i.uztis.pages.ApplicationFormsPage - Successfully selected the value: 'Kauno departamentas'
2025-05-21 08:05:47 [main] ERROR l.i.uztis.pages.ApplicationFormsPage - Failed to close the dropdown with aria-expanded = 'false'.
2025-05-21 08:05:47 [main] DEBUG l.i.u.tests.ApplicationFormsPageTest - Selected a value from the 'Municipality' dropdown: 'Kauno departamentas'
2025-05-21 08:05:47 [main] DEBUG l.i.u.tests.ApplicationFormsPageTest - Selected 'Budget By Country' radio button.
2025-05-21 08:05:47 [main] DEBUG l.i.u.tests.ApplicationFormsPageTest - Selected 'Financed By Queue' radio button.
2025-05-21 08:05:47 [main] DEBUG l.i.u.tests.ApplicationFormsPageTest - Entered new application name: _paredaguota
2025-05-21 08:05:47 [main] DEBUG l.i.u.tests.ApplicationFormsPageTest - Clicked the 'Save' button.
2025-05-21 08:05:48 [main] DEBUG l.i.uztis.pages.ApplicationFormsPage - Verified success message: 'Duomenys sėkmingai išsaugoti.'
2025-05-21 08:05:48 [main] INFO  l.i.u.tests.ApplicationFormsPageTest - Verified success message
2025-05-21 08:05:48 [main] INFO  l.i.u.tests.ApplicationFormsPageTest - Test 'testEditAndSaveVuiApplication' completed successfully.
2025-05-21 08:08:36 [main] INFO  lt.insoft.uztis.tests.UztisPageTest - Navigated to https://uztisdev.asseco.lt/home
2025-05-21 08:08:37 [main] INFO  l.i.u.tests.ApplicationFormsPageTest - Setup complete. ApplicationFormsPage initialized.
2025-05-21 08:08:37 [main] INFO  l.i.u.tests.ApplicationFormsPageTest - Starting test:'testAddContractVUI'
2025-05-21 08:08:37 [main] DEBUG l.i.u.tests.ApplicationFormsPageTest - User logged in with test credentials
2025-05-21 08:08:38 [main] DEBUG l.i.u.tests.ApplicationFormsPageTest - Opened 'Application Processing' menu.
2025-05-21 08:08:38 [main] DEBUG l.i.u.tests.ApplicationFormsPageTest - Clicked on 'Application Forms' menu.
2025-05-21 08:08:38 [main] DEBUG l.i.u.tests.ApplicationFormsPageTest - Selected the last application description.
2025-05-21 08:08:39 [main] DEBUG l.i.u.tests.ApplicationFormsPageTest - Clicked 'Project Progress' tab.
2025-05-21 08:08:39 [main] DEBUG l.i.u.tests.ApplicationFormsPageTest - Clicked the 'Edit' button.
2025-05-21 08:08:39 [main] INFO  l.i.uztis.pages.ApplicationFormsPage - Located the dropdown button.
2025-05-21 08:08:44 [main] INFO  l.i.uztis.pages.ApplicationFormsPage - Successfully selected the value: 'Vietinių užimtumo iniciatyvų projekto įgyvendinimo ir finansavimo sutartis'
2025-05-21 08:08:54 [main] ERROR l.i.uztis.pages.ApplicationFormsPage - Failed to close the dropdown with aria-expanded = 'false'.
2025-05-21 08:08:54 [main] DEBUG l.i.u.tests.ApplicationFormsPageTest - Selected a value from the 'Document' dropdown: 'Vietinių užimtumo iniciatyvų projekto įgyvendinimo ir finansavimo sutartis'
2025-05-21 08:08:54 [main] DEBUG l.i.u.tests.ApplicationFormsPageTest - Clicked the 'Save' button.
2025-05-21 08:09:04 [main] ERROR l.i.uztis.pages.ApplicationFormsPage - Failed to verify the success message: 'Funkcija sėkmingai atlikta.'. Available messages: []
2025-05-21 08:09:04 [main] INFO  l.i.u.tests.ApplicationFormsPageTest - Verified success message
2025-05-21 08:09:04 [main] INFO  l.i.u.tests.ApplicationFormsPageTest - Test 'testAddContractVUI' completed successfully.
2025-05-21 08:12:18 [main] INFO  lt.insoft.uztis.tests.UztisPageTest - Navigated to https://uztisdev.asseco.lt/home
2025-05-21 08:12:18 [main] INFO  l.i.uztis.tests.InvitationsPageTest - Starting test:'testCreateNewVuiInvitationDraft'
2025-05-21 08:12:18 [main] DEBUG l.i.uztis.tests.InvitationsPageTest - User logged in with test credentials
2025-05-21 08:12:19 [main] DEBUG l.i.uztis.tests.InvitationsPageTest - Opened 'Application Processing' menu.
2025-05-21 08:12:19 [main] DEBUG l.i.uztis.tests.InvitationsPageTest - Clicked on 'Application Forms' menu.
2025-05-21 08:12:19 [main] DEBUG l.i.uztis.tests.InvitationsPageTest - Navigating to application forms menu.
2025-05-21 08:12:19 [main] DEBUG l.i.uztis.tests.InvitationsPageTest - Retrieved last description code text: 'TST-VUI-32'.
2025-05-21 08:12:19 [main] DEBUG l.i.uztis.tests.InvitationsPageTest - Clicked on 'Invitation' menu.
2025-05-21 08:12:19 [main] DEBUG l.i.uztis.tests.InvitationsPageTest - Clicked 'Create New Application Form'.
2025-05-21 08:12:21 [main] DEBUG l.i.uztis.tests.InvitationsPageTest - Selected section by code: 'TST-VUI-32'.
2025-05-21 08:12:21 [main] INFO  l.insoft.uztis.pages.InvitationsPage - Located the dropdown button.
2025-05-21 08:12:31 [main] ERROR l.insoft.uztis.pages.InvitationsPage - Timeout while waiting for dropdown to close with aria-expanded = 'false'.
2025-05-21 08:12:31 [main] DEBUG l.i.uztis.tests.InvitationsPageTest - Selected invitation number from the list.
2025-05-21 08:12:32 [main] DEBUG l.i.uztis.tests.InvitationsPageTest - Entered current date.
2025-05-21 08:12:32 [main] DEBUG l.i.uztis.tests.InvitationsPageTest - Entered start time: 00:00.
2025-05-21 08:12:32 [main] DEBUG l.i.uztis.tests.InvitationsPageTest - Entered end date.
2025-05-21 08:12:33 [main] DEBUG l.i.uztis.tests.InvitationsPageTest - Entered end time: 11:11.
2025-05-21 08:12:33 [main] DEBUG l.i.uztis.tests.InvitationsPageTest - Draft saved.
2025-05-21 08:12:33 [main] DEBUG l.i.uztis.pages.ApplicationFormsPage - Verified success message: 'Duomenys sėkmingai išsaugoti.'
2025-05-21 08:12:33 [main] INFO  l.i.uztis.tests.InvitationsPageTest - Verified success message
2025-05-21 08:12:33 [main] INFO  l.i.uztis.tests.InvitationsPageTest - Test 'testCreateNewVuiInvitationDraft' completed successfully.
2025-05-21 08:12:54 [main] INFO  lt.insoft.uztis.tests.UztisPageTest - Navigated to https://uztisdev.asseco.lt/home
2025-05-21 08:12:54 [main] INFO  l.i.uztis.tests.InvitationsPageTest - Starting test:'testEditAndPublishVuiInvitationDraft'
2025-05-21 08:12:55 [main] DEBUG l.i.uztis.tests.InvitationsPageTest - User logged in with test credentials
2025-05-21 08:12:55 [main] DEBUG l.i.uztis.tests.InvitationsPageTest - Opened 'Application Processing' menu.
2025-05-21 08:12:55 [main] DEBUG l.i.uztis.tests.InvitationsPageTest - Clicked on 'Application Forms' menu.
2025-05-21 08:12:55 [main] DEBUG l.i.uztis.tests.InvitationsPageTest - Navigating to application forms menu.
2025-05-21 08:12:56 [main] DEBUG l.i.uztis.tests.InvitationsPageTest - Retrieved last description code text: 'TST-VUI-32'.
2025-05-21 08:12:56 [main] DEBUG l.i.uztis.tests.InvitationsPageTest - Clicked on 'Invitation' menu.
2025-05-21 08:12:57 [main] DEBUG l.i.uztis.tests.InvitationsPageTest - Selected section by code: 'TST-VUI-32'.
2025-05-21 08:12:58 [main] DEBUG l.i.uztis.tests.InvitationsPageTest - Clicked 'Search'.
2025-05-21 08:12:58 [main] DEBUG l.i.uztis.tests.InvitationsPageTest - Getting and inserting application code text.
2025-05-21 08:12:58 [main] DEBUG l.i.uztis.tests.InvitationsPageTest - Clicked 'InvitationDraft'.
2025-05-21 08:12:58 [main] DEBUG l.i.uztis.tests.InvitationsPageTest - Clicked 'Edit'.
2025-05-21 08:12:59 [main] DEBUG l.i.uztis.tests.InvitationsPageTest - Entered publication end date.
2025-05-21 08:12:59 [main] DEBUG l.i.uztis.tests.InvitationsPageTest - Added additional values.
2025-05-21 08:12:59 [main] INFO  l.insoft.uztis.pages.InvitationsPage - Located the dropdown button.
2025-05-21 08:13:00 [main] DEBUG l.i.uztis.tests.InvitationsPageTest - Selected the value: 'Didžiausia galima paramos suma aplinkos darbo vietai, Eur'
2025-05-21 08:13:00 [main] INFO  l.insoft.uztis.pages.InvitationsPage - Located the dropdown button.
2025-05-21 08:13:00 [main] DEBUG l.i.uztis.tests.InvitationsPageTest - Selected the value: 'Didžiausia galima paramos suma, Eur'
2025-05-21 08:13:00 [main] INFO  l.insoft.uztis.pages.InvitationsPage - Located the dropdown button.
2025-05-21 08:13:00 [main] DEBUG l.i.uztis.tests.InvitationsPageTest - Selected the value: 'Didžiausia galima paramos suma vienai darbo vietai, Eur'
2025-05-21 08:13:00 [main] DEBUG l.i.uztis.tests.InvitationsPageTest - Entered value: 11000
2025-05-21 08:13:01 [main] DEBUG l.i.uztis.tests.InvitationsPageTest - Entered value: 12000
2025-05-21 08:13:01 [main] DEBUG l.i.uztis.tests.InvitationsPageTest - Entered value: 13000
2025-05-21 08:13:01 [main] DEBUG l.i.uztis.tests.InvitationsPageTest - Checked 'Legal Entities' checkbox.
2025-05-21 08:13:01 [main] DEBUG l.i.uztis.tests.InvitationsPageTest - Checked 'Legal Entities' checkbox.
2025-05-21 08:13:01 [main] DEBUG l.i.uztis.tests.InvitationsPageTest - Unchecked 'Persons Registered with Employment Service' checkbox.
2025-05-21 08:13:01 [main] DEBUG l.i.uztis.tests.InvitationsPageTest - Checked 'Persons Registered as Employers' checkbox.
2025-05-21 08:13:02 [main] DEBUG l.i.uztis.tests.InvitationsPageTest - Entered second evaluation grade: '5'.
2025-05-21 08:13:02 [main] DEBUG l.i.uztis.tests.InvitationsPageTest - Entered third evaluation grade: '6'.
2025-05-21 08:13:02 [main] DEBUG l.i.uztis.tests.InvitationsPageTest - Entered second evaluation grade weight: '0,45'.
2025-05-21 08:13:02 [main] DEBUG l.i.uztis.tests.InvitationsPageTest - Entered third evaluation grade weight: '0,55'.
2025-05-21 08:13:02 [main] DEBUG l.i.uztis.tests.InvitationsPageTest - Entered budget: '2000'.
2025-05-21 08:13:02 [main] DEBUG l.i.uztis.tests.InvitationsPageTest - Entered description text: 'Aprašo tekstas'.
2025-05-21 08:13:02 [main] DEBUG l.i.uztis.tests.InvitationsPageTest - Entered applicants text: 'Pareiškėjų tekstas'.
2025-05-21 08:13:02 [main] DEBUG l.i.uztis.tests.InvitationsPageTest - Entered expenditures text: 'Išlaidų tekstas'.
2025-05-21 08:13:03 [main] DEBUG l.i.uztis.tests.InvitationsPageTest - Entered legislation text: 'Teisės aktų tekstas'.
2025-05-21 08:13:03 [main] DEBUG l.i.uztis.tests.InvitationsPageTest - Entered education text: 'Mokymų tekstas'.
2025-05-21 08:13:03 [main] DEBUG l.i.uztis.tests.InvitationsPageTest - File uploaded.
2025-05-21 08:13:03 [main] DEBUG l.i.uztis.tests.InvitationsPageTest - Clicked 'Publish'.
2025-05-21 08:13:03 [main] DEBUG l.i.uztis.tests.InvitationsPageTest - Publication confirmed.
2025-05-21 08:13:04 [main] DEBUG l.i.uztis.pages.ApplicationFormsPage - Verified success message: 'Funkcija sėkmingai atlikta.'
2025-05-21 08:13:04 [main] INFO  l.i.uztis.tests.InvitationsPageTest - Verified success message
2025-05-21 08:13:04 [main] INFO  l.i.uztis.tests.InvitationsPageTest - Test 'testEditAndPublishVuiInvitationDraft' completed successfully.
2025-05-21 08:13:18 [main] INFO  lt.insoft.uztis.tests.UztisPageTest - Navigated to https://uztisdev.asseco.lt/home
2025-05-21 08:13:18 [main] INFO  l.i.uztis.tests.InvitationsPageTest - Starting test:'testInsertVui_PvkStatisticInformation'
2025-05-21 08:13:19 [main] DEBUG l.i.uztis.tests.InvitationsPageTest - User logged in with test credentials
2025-05-21 08:13:19 [main] DEBUG l.i.uztis.tests.InvitationsPageTest - Opened 'Application Processing' menu.
2025-05-21 08:13:19 [main] DEBUG l.i.uztis.tests.InvitationsPageTest - Clicked on 'Application Forms' menu.
2025-05-21 08:13:19 [main] DEBUG l.i.uztis.tests.InvitationsPageTest - Navigating to invitation forms menu.
2025-05-21 08:13:19 [main] DEBUG l.i.uztis.tests.InvitationsPageTest - Retrieved last description code text: 'TST-VUI-32'.
2025-05-21 08:13:20 [main] DEBUG l.i.uztis.tests.InvitationsPageTest - Clicked on 'Invitation' menu.
2025-05-21 08:13:21 [main] DEBUG l.i.uztis.tests.InvitationsPageTest - Selected section by code: 'TST-VUI-32'.
2025-05-21 08:13:21 [main] DEBUG l.i.uztis.tests.InvitationsPageTest - Clicked 'Search'.
2025-05-21 08:13:21 [main] DEBUG l.i.uztis.tests.InvitationsPageTest - Getting and inserting application code text.
2025-05-21 08:13:21 [main] DEBUG l.i.uztis.tests.InvitationsPageTest - Clicked 'Publishing'.
2025-05-21 08:13:22 [main] DEBUG l.i.uztis.tests.InvitationsPageTest - Clicked 'Statistic Information' tab.
2025-05-21 08:13:22 [main] DEBUG l.i.uztis.tests.InvitationsPageTest - Clicked 'Edit' button.
2025-05-21 08:13:23 [main] DEBUG l.i.uztis.tests.InvitationsPageTest - Entered current date.
2025-05-21 08:13:23 [main] DEBUG l.i.uztis.tests.InvitationsPageTest - Entered value: 8.7
2025-05-21 08:13:23 [main] DEBUG l.i.uztis.tests.InvitationsPageTest - Entered average salary: 2237.9
2025-05-21 08:13:23 [main] DEBUG l.i.uztis.tests.InvitationsPageTest - File uploaded.
2025-05-21 08:13:23 [main] DEBUG l.i.uztis.tests.InvitationsPageTest - Clicked 'Save' button.
2025-05-21 08:13:24 [main] DEBUG l.i.uztis.pages.ApplicationFormsPage - Verified success message: 'Funkcija sėkmingai atlikta.'
2025-05-21 08:13:24 [main] INFO  l.i.uztis.tests.InvitationsPageTest - Verified success message
2025-05-21 08:13:24 [main] INFO  l.i.uztis.tests.InvitationsPageTest - Test 'testInsertVui_PvkStatisticInformation' completed successfully.
2025-05-21 08:14:04 [main] INFO  lt.insoft.uztis.tests.UztisPageTest - Navigated to https://uztisdev.asseco.lt/home
2025-05-21 08:14:04 [main] INFO  l.i.u.t.SubmittedApplicationsPageTest - Starting test:'testFillNewVUIPApplicationFA'
2025-05-21 08:14:04 [main] DEBUG l.i.u.t.SubmittedApplicationsPageTest - User logged in with test credentials.
2025-05-21 08:14:05 [main] DEBUG l.i.u.t.SubmittedApplicationsPageTest - Opened 'Application Processing' menu.
2025-05-21 08:14:05 [main] DEBUG l.i.u.t.SubmittedApplicationsPageTest - Clicked on 'Application Forms' menu.
2025-05-21 08:14:06 [main] DEBUG l.i.u.t.SubmittedApplicationsPageTest - Retrieved last description code text: 'TST-VUI-32'.
2025-05-21 08:14:06 [main] DEBUG l.i.u.t.SubmittedApplicationsPageTest - Clicked on 'Invitation' menu.
2025-05-21 08:14:08 [main] DEBUG l.i.u.t.SubmittedApplicationsPageTest - Selected application section by code: 'TST-VUI-32'.
2025-05-21 08:14:08 [main] DEBUG l.i.u.t.SubmittedApplicationsPageTest - Clicked 'Search' button.
2025-05-21 08:14:08 [main] DEBUG l.i.u.t.SubmittedApplicationsPageTest - Retrieved invitation code: ''.
2025-05-21 08:14:08 [main] DEBUG l.i.u.t.SubmittedApplicationsPageTest - Clicked on 'Submitted Applications' menu.
2025-05-21 08:14:10 [main] DEBUG l.i.u.t.SubmittedApplicationsPageTest - Selected invitation by code: 'TST-VUI-32'.
2025-05-21 08:14:10 [main] DEBUG l.i.u.t.SubmittedApplicationsPageTest - Invitation code inserted.
2025-05-21 08:14:10 [main] DEBUG l.i.u.t.SubmittedApplicationsPageTest - Clicked on 'Action Application' button.
2025-05-21 08:14:10 [main] DEBUG l.i.u.t.SubmittedApplicationsPageTest - Clicked on 'New Application' button.
2025-05-21 08:14:10 [main] DEBUG l.i.u.t.SubmittedApplicationsPageTest - Selected the 'RadioButtonFA' option.
2025-05-21 08:14:11 [main] DEBUG l.i.u.t.SubmittedApplicationsPageTest - Entered phone number: '61298745'.
2025-05-21 08:14:11 [main] DEBUG l.i.u.t.SubmittedApplicationsPageTest - Entered email: 'test@autotest.com'.
2025-05-21 08:14:11 [main] INFO  l.i.u.p.SubmittedApplicationsPage - Clicking on the dropdown button.
2025-05-21 08:14:26 [main] INFO  l.i.u.p.SubmittedApplicationsPage - Found 1741 options in the dropdown.
2025-05-21 08:14:26 [main] DEBUG l.i.u.p.SubmittedApplicationsPage - Checking option: ''
2025-05-21 08:14:26 [main] DEBUG l.i.u.p.SubmittedApplicationsPage - Checking option: '01.11 - Grūdinių (išskyrus ryžius), ankštinių ir aliejingų sėklų augalų auginimas'
2025-05-21 08:14:26 [main] INFO  l.i.u.p.SubmittedApplicationsPage - Successfully selected the value: '01.11 - Grūdinių (išskyrus ryžius), ankštinių ir aliejingų sėklų augalų auginimas'
2025-05-21 08:14:26 [main] INFO  l.i.u.p.SubmittedApplicationsPage - Attempting to close the dropdown.
2025-05-21 08:14:27 [main] DEBUG l.i.u.t.SubmittedApplicationsPageTest - Selected EVRK value: '01.11 - Grūdinių (išskyrus ryžius), ankštinių ir aliejingų sėklų augalų auginimas'.
2025-05-21 08:14:27 [main] DEBUG l.i.u.t.SubmittedApplicationsPageTest - Clicked on 'Address Component' button.
2025-05-21 08:14:27 [main] INFO  l.i.u.p.SubmittedApplicationsPage - Located the dropdown button.
2025-05-21 08:14:31 [main] INFO  l.i.u.p.SubmittedApplicationsPage - Successfully selected the value: 'Lietuva'
2025-05-21 08:14:31 [main] DEBUG l.i.u.t.SubmittedApplicationsPageTest - Selected country: 'Lietuva'.
2025-05-21 08:14:31 [main] INFO  l.i.u.p.SubmittedApplicationsPage - Located the dropdown search field.
2025-05-21 08:14:31 [main] INFO  l.i.u.p.SubmittedApplicationsPage - Dropdown city is opened.
2025-05-21 08:14:31 [main] INFO  l.i.u.p.SubmittedApplicationsPage - Searched for value: 'Vilnius'
2025-05-21 08:14:32 [main] INFO  l.i.u.p.SubmittedApplicationsPage - Successfully selected: 'Vilnius'
2025-05-21 08:14:32 [main] INFO  l.i.u.p.SubmittedApplicationsPage - Located the dropdown button.
2025-05-21 08:14:32 [main] INFO  l.i.u.p.SubmittedApplicationsPage - Successfully selected the value: 'A. Domaševičiaus g.'
2025-05-21 08:14:32 [main] DEBUG l.i.u.t.SubmittedApplicationsPageTest - Selected street: 'A. Domaševičiaus g.'.
2025-05-21 08:14:32 [main] INFO  l.i.u.p.SubmittedApplicationsPage - Located the dropdown button.
2025-05-21 08:14:33 [main] INFO  l.i.u.p.SubmittedApplicationsPage - Successfully selected the value: '1'
2025-05-21 08:14:33 [main] DEBUG l.i.u.t.SubmittedApplicationsPageTest - Selected house: '1'.
2025-05-21 08:14:33 [main] INFO  l.i.u.p.SubmittedApplicationsPage - Located the dropdown button.
2025-05-21 08:14:33 [main] INFO  l.i.u.p.SubmittedApplicationsPage - Successfully selected the value: '1'
2025-05-21 08:14:33 [main] DEBUG l.i.u.t.SubmittedApplicationsPageTest - Selected apartment: '1'.
2025-05-21 08:14:33 [main] DEBUG l.i.u.t.SubmittedApplicationsPageTest - Clicked 'Confirm' button.
2025-05-21 08:14:33 [main] DEBUG l.i.u.t.SubmittedApplicationsPageTest - Entered project date.
2025-05-21 08:14:34 [main] DEBUG l.i.u.t.SubmittedApplicationsPageTest - Entered job count: '1'.
2025-05-21 08:14:34 [main] DEBUG l.i.u.t.SubmittedApplicationsPageTest - Clicked 'Next' button.
2025-05-21 08:14:34 [main] INFO  l.i.u.p.SubmittedApplicationsPage - Located the dropdown button.
2025-05-21 08:14:35 [main] INFO  l.i.u.p.SubmittedApplicationsPage - Successfully selected the value: 'Administratoriai'
2025-05-21 08:14:35 [main] DEBUG l.i.u.t.SubmittedApplicationsPageTest - Selected job name: 'Administratoriai'.
2025-05-21 08:14:35 [main] DEBUG l.i.u.t.SubmittedApplicationsPageTest - Entered job function: 'Funkcija 1'.
2025-05-21 08:14:35 [main] DEBUG l.i.u.t.SubmittedApplicationsPageTest - Selected 'RadioButtonWithDisabilities' option.
2025-05-21 08:14:35 [main] INFO  l.i.u.p.SubmittedApplicationsPage - Clicking on the dropdown button.
2025-05-21 08:14:36 [main] INFO  l.i.u.p.SubmittedApplicationsPage - Found 34 options in the dropdown.
2025-05-21 08:14:36 [main] DEBUG l.i.u.p.SubmittedApplicationsPage - Checking option: 'Asmenys, kuriems suteiktas pabėgėlio statusas ar perkeliamojo asmens statusas, arba asmenys, kuriems suteikta papildoma ar laikinoji apsauga, ir asmenys, turintys teisę gauti laikinąją apsaugą, iki sprendimo dėl laikinosios apsaugos suteikimo (nesuteikimo) priėmimo, tačiau ne ilgiau kaip laikinosios apsaugos laikotarpiu'
2025-05-21 08:14:36 [main] DEBUG l.i.u.p.SubmittedApplicationsPage - Checking option: 'Asmenys, kuriems suteiktas pabėgėlio statusas ar perkeliamojo asmens statusas, arba asmenys, kuriems suteikta papildoma ar laikinoji apsauga, ir asmenys, turintys teisę gauti laikinąją apsaugą, iki sprendimo dėl laikinosios apsaugos suteikimo (nesuteikimo) priėmimo, tačiau ne ilgiau kaip laikinosios apsaugos laikotarpiu'
2025-05-21 08:14:36 [main] DEBUG l.i.u.p.SubmittedApplicationsPage - Checking option: 'Asmenys, turintys teisę į papildomas užimtumo garantijas pagal Lietuvos Respublikos valstybės įmonės Ignalinos atominės elektrinės darbuotojų papildomų užimtumo ir socialinių garantijų įstatymą'
2025-05-21 08:14:36 [main] DEBUG l.i.u.p.SubmittedApplicationsPage - Checking option: 'Asmenys, turintys teisę į papildomas užimtumo garantijas pagal Lietuvos Respublikos valstybės įmonės Ignalinos atominės elektrinės darbuotojų papildomų užimtumo ir socialinių garantijų įstatymą'
2025-05-21 08:14:36 [main] DEBUG l.i.u.p.SubmittedApplicationsPage - Checking option: 'Bedarbiai iki 29 metų'
2025-05-21 08:14:36 [main] DEBUG l.i.u.p.SubmittedApplicationsPage - Checking option: 'Bedarbiai iki 29 metų'
2025-05-21 08:14:36 [main] DEBUG l.i.u.p.SubmittedApplicationsPage - Checking option: 'Bedarbiai, kurie yra darbingo amžiaus neįgalieji, kuriems nustatytas 30–40 procentų darbingumo lygis arba vidutinis neįgalumo lygis'
2025-05-21 08:14:36 [main] DEBUG l.i.u.p.SubmittedApplicationsPage - Checking option: 'Bedarbiai, kurie yra darbingo amžiaus neįgalieji, kuriems nustatytas 30–40 procentų darbingumo lygis arba vidutinis neįgalumo lygis'
2025-05-21 08:14:36 [main] DEBUG l.i.u.p.SubmittedApplicationsPage - Checking option: 'Bedarbiai, kurie yra darbingo amžiaus neįgalieji, kuriems nustatytas 45–55 procentų darbingumo lygis arba lengvas neįgalumo lygis'
2025-05-21 08:14:36 [main] DEBUG l.i.u.p.SubmittedApplicationsPage - Checking option: 'Bedarbiai, kurie yra darbingo amžiaus neįgalieji, kuriems nustatytas 45–55 procentų darbingumo lygis arba lengvas neįgalumo lygis'
2025-05-21 08:14:36 [main] DEBUG l.i.u.p.SubmittedApplicationsPage - Checking option: 'Bedarbiai, kurie yra darbingo amžiaus neįgalieji, kuriems nustatytas iki 25 procentų darbingumo lygis arba sunkus neįgalumo lygis'
2025-05-21 08:14:36 [main] INFO  l.i.u.p.SubmittedApplicationsPage - Successfully selected the value: 'Bedarbiai, kurie yra darbingo amžiaus neįgalieji, kuriems nustatytas iki 25 procentų darbingumo lygis arba sunkus neįgalumo lygis'
2025-05-21 08:14:36 [main] INFO  l.i.u.p.SubmittedApplicationsPage - Attempting to close the dropdown.
2025-05-21 08:14:37 [main] DEBUG l.i.u.t.SubmittedApplicationsPageTest - Selected disabilities type: 'Bedarbiai, kurie yra darbingo amžiaus neįgalieji, kuriems nustatytas iki 25 procentų darbingumo lygis arba sunkus neįgalumo lygis'.
2025-05-21 08:14:37 [main] DEBUG l.i.u.t.SubmittedApplicationsPageTest - Entered disability information: 'Negalia 1'.
2025-05-21 08:14:37 [main] INFO  l.i.u.p.SubmittedApplicationsPage - Located the dropdown button.
2025-05-21 08:14:38 [main] INFO  l.i.u.p.SubmittedApplicationsPage - Successfully selected the value: 'Kita'
2025-05-21 08:14:38 [main] DEBUG l.i.u.t.SubmittedApplicationsPageTest - Selected time mode: 'Kita'.
2025-05-21 08:14:38 [main] DEBUG l.i.u.t.SubmittedApplicationsPageTest - Selected time mode other: '6 val. per dieną ir 4 d. per savaitę'.
2025-05-21 08:14:38 [main] DEBUG l.i.u.t.SubmittedApplicationsPageTest - Entered qualification: 'Kvalifikacija 1'.
2025-05-21 08:14:39 [main] DEBUG l.i.u.t.SubmittedApplicationsPageTest - Entered job date.
2025-05-21 08:14:39 [main] DEBUG l.i.u.t.SubmittedApplicationsPageTest - Entered salary amount: '1200'.
2025-05-21 08:14:39 [main] DEBUG l.i.u.t.SubmittedApplicationsPageTest - Entered salary description: 'Užmokestis 1'.
2025-05-21 08:14:39 [main] DEBUG l.i.u.t.SubmittedApplicationsPageTest - Selected 'Temporary Job' radio button.
2025-05-21 08:14:39 [main] DEBUG l.i.u.t.SubmittedApplicationsPageTest - Selected 'Season Job' radio button.
2025-05-21 08:14:40 [main] DEBUG l.i.u.t.SubmittedApplicationsPageTest - Selected 'Energy' radio button.
2025-05-21 08:14:40 [main] DEBUG l.i.u.t.SubmittedApplicationsPageTest - Selected 'Repair' radio button.
2025-05-21 08:14:40 [main] DEBUG l.i.u.t.SubmittedApplicationsPageTest - Entered job description: 'Veikla 1'.
2025-05-21 08:14:40 [main] DEBUG l.i.u.t.SubmittedApplicationsPageTest - Entered process description: 'Procesas 1'.
2025-05-21 08:14:41 [main] DEBUG l.i.u.t.SubmittedApplicationsPageTest - Entered energy information: 'Energija 1'.
2025-05-21 08:14:41 [main] DEBUG l.i.u.t.SubmittedApplicationsPageTest - Entered repair information: 'Remontas 1'.
2025-05-21 08:14:41 [main] DEBUG l.i.u.t.SubmittedApplicationsPageTest - Selected 'PVM' radio button.
2025-05-21 08:14:41 [main] INFO  l.i.u.p.SubmittedApplicationsPage - Located the dropdown button.
2025-05-21 08:14:42 [main] INFO  l.i.u.p.SubmittedApplicationsPage - Successfully selected the value: 'Įsigyti'
2025-05-21 08:14:42 [main] DEBUG l.i.u.t.SubmittedApplicationsPageTest - Selected necessary for job: 'Įsigyti'.
2025-05-21 08:14:42 [main] DEBUG l.i.u.t.SubmittedApplicationsPageTest - Selected tool: 'Darbo priemonė 1'.
2025-05-21 08:14:42 [main] DEBUG l.i.u.t.SubmittedApplicationsPageTest - Selected tool parameter one: 'Darbo priemonės 1 parametras 1'.
2025-05-21 08:14:42 [main] DEBUG l.i.u.t.SubmittedApplicationsPageTest - Selected tool parameter two: 'Darbo priemonės 1 parametras 2'.
2025-05-21 08:14:43 [main] DEBUG l.i.u.t.SubmittedApplicationsPageTest - Selected tool parameter three: 'Darbo priemonės 1 parametras 3'.
2025-05-21 08:14:43 [main] DEBUG l.i.u.t.SubmittedApplicationsPageTest - Entered tool count: '1'.
2025-05-21 08:14:43 [main] DEBUG l.i.u.t.SubmittedApplicationsPageTest - Entered price amount 1: '1000'.
2025-05-21 08:14:45 [main] DEBUG l.i.u.t.SubmittedApplicationsPageTest - Entered own funds amount 1: '800'.
2025-05-21 08:14:48 [main] DEBUG l.i.u.t.SubmittedApplicationsPageTest - Clicked 'Add' button.
2025-05-21 08:14:48 [main] INFO  l.i.u.p.SubmittedApplicationsPage - Located the dropdown button.
2025-05-21 08:14:48 [main] INFO  l.i.u.p.SubmittedApplicationsPage - Successfully selected the value: 'Remontuoti'
2025-05-21 08:14:48 [main] DEBUG l.i.u.t.SubmittedApplicationsPageTest - Selected necessary for job 'to repair': 'Remontuoti'.
2025-05-21 08:14:48 [main] DEBUG l.i.u.t.SubmittedApplicationsPageTest - Selected repair name: 'Remonto pavadinimas 1'.
2025-05-21 08:14:49 [main] DEBUG l.i.u.t.SubmittedApplicationsPageTest - Entered repair information: 'Remonto aprašymas 1'.
2025-05-21 08:14:49 [main] DEBUG l.i.u.t.SubmittedApplicationsPageTest - Entered price amount 2: '1000'.
2025-05-21 08:14:51 [main] DEBUG l.i.u.t.SubmittedApplicationsPageTest - Entered own funds amount 2: '900'.
2025-05-21 08:14:54 [main] DEBUG l.i.u.t.SubmittedApplicationsPageTest - Clicked 'AddRemoved' button.
2025-05-21 08:14:56 [main] DEBUG l.i.u.t.SubmittedApplicationsPageTest - Clicked 'Remove' button.
2025-05-21 08:14:58 [main] DEBUG l.i.u.t.SubmittedApplicationsPageTest - Clicked 'Remove Confirmation' button.
2025-05-21 08:15:00 [main] DEBUG l.i.u.t.SubmittedApplicationsPageTest - Entered country percentage: '50'.
2025-05-21 08:15:00 [main] DEBUG l.i.u.t.SubmittedApplicationsPageTest - Entered institution percentage: '50'.
2025-05-21 08:15:00 [main] DEBUG l.i.u.t.SubmittedApplicationsPageTest - Entered municipality percentage: '50'.
2025-05-21 08:15:00 [main] DEBUG l.i.u.t.SubmittedApplicationsPageTest - Selected 'De Minimis' radio button.
2025-05-21 08:15:00 [main] DEBUG l.i.u.t.SubmittedApplicationsPageTest - Entered program name: 'Programa 1'.
2025-05-21 08:15:01 [main] DEBUG l.i.u.t.SubmittedApplicationsPageTest - Entered project date from.
2025-05-21 08:15:01 [main] DEBUG l.i.u.t.SubmittedApplicationsPageTest - Entered project date until.
2025-05-21 08:15:01 [main] DEBUG l.i.u.t.SubmittedApplicationsPageTest - Entered support amount: '2000'.
2025-05-21 08:15:01 [main] DEBUG l.i.u.t.SubmittedApplicationsPageTest - Clicked 'Next' button.
2025-05-21 08:15:11 [main] DEBUG l.i.u.t.SubmittedApplicationsPageTest - Checked 'Legal Entities' checkbox 1.
2025-05-21 08:15:21 [main] DEBUG l.i.u.t.SubmittedApplicationsPageTest - Checked 'Legal Entities' checkbox 2.
2025-05-21 08:15:31 [main] DEBUG l.i.u.t.SubmittedApplicationsPageTest - Checked 'Legal Entities' checkbox 3.
2025-05-21 08:15:31 [main] DEBUG l.i.u.t.SubmittedApplicationsPageTest - Test finished: All 'Legal Entities' checkboxes checked successfully.
2025-05-21 08:15:32 [main] DEBUG l.i.u.t.SubmittedApplicationsPageTest - Clicked 'Next' button after checkboxes.
2025-05-21 08:15:42 [main] ERROR l.i.u.p.SubmittedApplicationsPage - Error selecting radio button: Expected condition failed: waiting for element to be clickable: By.xpath: (//input[@type='radio' and @value='false'])[8] (tried for 10 second(s) with 500 milliseconds interval)
Build info: version: '4.27.0', revision: 'd6e718d134'
System info: os.name: 'Windows 11', os.arch: 'amd64', os.version: '10.0', java.version: '21.0.3'
Driver info: org.openqa.selenium.chrome.ChromeDriver
Capabilities {acceptInsecureCerts: false, browserName: chrome, browserVersion: 136.0.7103.114, chrome: {chromedriverVersion: 136.0.7103.94 (fa0be0b33deb..., userDataDir: C:\Users\INGRID~1.ZAD\AppDa...}, fedcm:accounts: true, goog:chromeOptions: {debuggerAddress: localhost:61698}, networkConnectionEnabled: false, pageLoadStrategy: normal, platformName: windows, proxy: Proxy(), se:cdp: ws://localhost:61698/devtoo..., se:cdpVersion: 136.0.7103.114, setWindowRect: true, strictFileInteractability: false, timeouts: {implicit: 0, pageLoad: 300000, script: 30000}, unhandledPromptBehavior: dismiss and notify, webauthn:extension:credBlob: true, webauthn:extension:largeBlob: true, webauthn:extension:minPinLength: true, webauthn:extension:prf: true, webauthn:virtualAuthenticators: true}
Session ID: 65ad292ff9e127bd960e11f54524434d
2025-05-21 08:15:42 [main] INFO  l.i.u.t.SubmittedApplicationsPageTest - Marking 'Ne' radio button 1
2025-05-21 08:15:52 [main] ERROR l.i.u.p.SubmittedApplicationsPage - Error selecting radio button: Expected condition failed: waiting for element to be clickable: By.xpath: (//input[@type='radio' and @value='false'])[9] (tried for 10 second(s) with 500 milliseconds interval)
Build info: version: '4.27.0', revision: 'd6e718d134'
System info: os.name: 'Windows 11', os.arch: 'amd64', os.version: '10.0', java.version: '21.0.3'
Driver info: org.openqa.selenium.chrome.ChromeDriver
Capabilities {acceptInsecureCerts: false, browserName: chrome, browserVersion: 136.0.7103.114, chrome: {chromedriverVersion: 136.0.7103.94 (fa0be0b33deb..., userDataDir: C:\Users\INGRID~1.ZAD\AppDa...}, fedcm:accounts: true, goog:chromeOptions: {debuggerAddress: localhost:61698}, networkConnectionEnabled: false, pageLoadStrategy: normal, platformName: windows, proxy: Proxy(), se:cdp: ws://localhost:61698/devtoo..., se:cdpVersion: 136.0.7103.114, setWindowRect: true, strictFileInteractability: false, timeouts: {implicit: 0, pageLoad: 300000, script: 30000}, unhandledPromptBehavior: dismiss and notify, webauthn:extension:credBlob: true, webauthn:extension:largeBlob: true, webauthn:extension:minPinLength: true, webauthn:extension:prf: true, webauthn:virtualAuthenticators: true}
Session ID: 65ad292ff9e127bd960e11f54524434d
2025-05-21 08:15:52 [main] INFO  l.i.u.t.SubmittedApplicationsPageTest - Marking 'Ne' radio button 2
2025-05-21 08:16:02 [main] ERROR l.i.u.p.SubmittedApplicationsPage - Error selecting radio button: Expected condition failed: waiting for element to be clickable: By.xpath: (//input[@type='radio' and @value='false'])[10] (tried for 10 second(s) with 500 milliseconds interval)
Build info: version: '4.27.0', revision: 'd6e718d134'
System info: os.name: 'Windows 11', os.arch: 'amd64', os.version: '10.0', java.version: '21.0.3'
Driver info: org.openqa.selenium.chrome.ChromeDriver
Capabilities {acceptInsecureCerts: false, browserName: chrome, browserVersion: 136.0.7103.114, chrome: {chromedriverVersion: 136.0.7103.94 (fa0be0b33deb..., userDataDir: C:\Users\INGRID~1.ZAD\AppDa...}, fedcm:accounts: true, goog:chromeOptions: {debuggerAddress: localhost:61698}, networkConnectionEnabled: false, pageLoadStrategy: normal, platformName: windows, proxy: Proxy(), se:cdp: ws://localhost:61698/devtoo..., se:cdpVersion: 136.0.7103.114, setWindowRect: true, strictFileInteractability: false, timeouts: {implicit: 0, pageLoad: 300000, script: 30000}, unhandledPromptBehavior: dismiss and notify, webauthn:extension:credBlob: true, webauthn:extension:largeBlob: true, webauthn:extension:minPinLength: true, webauthn:extension:prf: true, webauthn:virtualAuthenticators: true}
Session ID: 65ad292ff9e127bd960e11f54524434d
2025-05-21 08:16:02 [main] INFO  l.i.u.t.SubmittedApplicationsPageTest - Marking 'Ne' radio button 3
2025-05-21 08:16:12 [main] ERROR l.i.u.p.SubmittedApplicationsPage - Error selecting radio button: Expected condition failed: waiting for element to be clickable: By.xpath: (//input[@type='radio' and @value='false'])[11] (tried for 10 second(s) with 500 milliseconds interval)
Build info: version: '4.27.0', revision: 'd6e718d134'
System info: os.name: 'Windows 11', os.arch: 'amd64', os.version: '10.0', java.version: '21.0.3'
Driver info: org.openqa.selenium.chrome.ChromeDriver
Capabilities {acceptInsecureCerts: false, browserName: chrome, browserVersion: 136.0.7103.114, chrome: {chromedriverVersion: 136.0.7103.94 (fa0be0b33deb..., userDataDir: C:\Users\INGRID~1.ZAD\AppDa...}, fedcm:accounts: true, goog:chromeOptions: {debuggerAddress: localhost:61698}, networkConnectionEnabled: false, pageLoadStrategy: normal, platformName: windows, proxy: Proxy(), se:cdp: ws://localhost:61698/devtoo..., se:cdpVersion: 136.0.7103.114, setWindowRect: true, strictFileInteractability: false, timeouts: {implicit: 0, pageLoad: 300000, script: 30000}, unhandledPromptBehavior: dismiss and notify, webauthn:extension:credBlob: true, webauthn:extension:largeBlob: true, webauthn:extension:minPinLength: true, webauthn:extension:prf: true, webauthn:virtualAuthenticators: true}
Session ID: 65ad292ff9e127bd960e11f54524434d
2025-05-21 08:16:12 [main] INFO  l.i.u.t.SubmittedApplicationsPageTest - Marking 'Ne' radio button 4
2025-05-21 08:16:22 [main] ERROR l.i.u.p.SubmittedApplicationsPage - Error selecting radio button: Expected condition failed: waiting for element to be clickable: By.xpath: (//input[@type='radio' and @value='false'])[12] (tried for 10 second(s) with 500 milliseconds interval)
Build info: version: '4.27.0', revision: 'd6e718d134'
System info: os.name: 'Windows 11', os.arch: 'amd64', os.version: '10.0', java.version: '21.0.3'
Driver info: org.openqa.selenium.chrome.ChromeDriver
Capabilities {acceptInsecureCerts: false, browserName: chrome, browserVersion: 136.0.7103.114, chrome: {chromedriverVersion: 136.0.7103.94 (fa0be0b33deb..., userDataDir: C:\Users\INGRID~1.ZAD\AppDa...}, fedcm:accounts: true, goog:chromeOptions: {debuggerAddress: localhost:61698}, networkConnectionEnabled: false, pageLoadStrategy: normal, platformName: windows, proxy: Proxy(), se:cdp: ws://localhost:61698/devtoo..., se:cdpVersion: 136.0.7103.114, setWindowRect: true, strictFileInteractability: false, timeouts: {implicit: 0, pageLoad: 300000, script: 30000}, unhandledPromptBehavior: dismiss and notify, webauthn:extension:credBlob: true, webauthn:extension:largeBlob: true, webauthn:extension:minPinLength: true, webauthn:extension:prf: true, webauthn:virtualAuthenticators: true}
Session ID: 65ad292ff9e127bd960e11f54524434d
2025-05-21 08:16:22 [main] INFO  l.i.u.t.SubmittedApplicationsPageTest - Marking 'Ne' radio button 5
2025-05-21 08:16:32 [main] ERROR l.i.u.p.SubmittedApplicationsPage - Error selecting radio button: Expected condition failed: waiting for element to be clickable: By.xpath: (//input[@type='radio' and @value='false'])[13] (tried for 10 second(s) with 500 milliseconds interval)
Build info: version: '4.27.0', revision: 'd6e718d134'
System info: os.name: 'Windows 11', os.arch: 'amd64', os.version: '10.0', java.version: '21.0.3'
Driver info: org.openqa.selenium.chrome.ChromeDriver
Capabilities {acceptInsecureCerts: false, browserName: chrome, browserVersion: 136.0.7103.114, chrome: {chromedriverVersion: 136.0.7103.94 (fa0be0b33deb..., userDataDir: C:\Users\INGRID~1.ZAD\AppDa...}, fedcm:accounts: true, goog:chromeOptions: {debuggerAddress: localhost:61698}, networkConnectionEnabled: false, pageLoadStrategy: normal, platformName: windows, proxy: Proxy(), se:cdp: ws://localhost:61698/devtoo..., se:cdpVersion: 136.0.7103.114, setWindowRect: true, strictFileInteractability: false, timeouts: {implicit: 0, pageLoad: 300000, script: 30000}, unhandledPromptBehavior: dismiss and notify, webauthn:extension:credBlob: true, webauthn:extension:largeBlob: true, webauthn:extension:minPinLength: true, webauthn:extension:prf: true, webauthn:virtualAuthenticators: true}
Session ID: 65ad292ff9e127bd960e11f54524434d
2025-05-21 08:16:32 [main] INFO  l.i.u.t.SubmittedApplicationsPageTest - Marking 'Ne' radio button 6
2025-05-21 08:16:43 [main] ERROR l.i.u.p.SubmittedApplicationsPage - Error selecting radio button: Expected condition failed: waiting for element to be clickable: By.xpath: (//input[@type='radio' and @value='true'])[14] (tried for 10 second(s) with 500 milliseconds interval)
Build info: version: '4.27.0', revision: 'd6e718d134'
System info: os.name: 'Windows 11', os.arch: 'amd64', os.version: '10.0', java.version: '21.0.3'
Driver info: org.openqa.selenium.chrome.ChromeDriver
Capabilities {acceptInsecureCerts: false, browserName: chrome, browserVersion: 136.0.7103.114, chrome: {chromedriverVersion: 136.0.7103.94 (fa0be0b33deb..., userDataDir: C:\Users\INGRID~1.ZAD\AppDa...}, fedcm:accounts: true, goog:chromeOptions: {debuggerAddress: localhost:61698}, networkConnectionEnabled: false, pageLoadStrategy: normal, platformName: windows, proxy: Proxy(), se:cdp: ws://localhost:61698/devtoo..., se:cdpVersion: 136.0.7103.114, setWindowRect: true, strictFileInteractability: false, timeouts: {implicit: 0, pageLoad: 300000, script: 30000}, unhandledPromptBehavior: dismiss and notify, webauthn:extension:credBlob: true, webauthn:extension:largeBlob: true, webauthn:extension:minPinLength: true, webauthn:extension:prf: true, webauthn:virtualAuthenticators: true}
Session ID: 65ad292ff9e127bd960e11f54524434d
2025-05-21 08:16:43 [main] INFO  l.i.u.t.SubmittedApplicationsPageTest - Marking 'Taip' radio button 7
2025-05-21 08:16:53 [main] ERROR l.i.u.p.SubmittedApplicationsPage - Error selecting radio button: Expected condition failed: waiting for element to be clickable: By.xpath: (//input[@type='radio' and @value='true'])[15] (tried for 10 second(s) with 500 milliseconds interval)
Build info: version: '4.27.0', revision: 'd6e718d134'
System info: os.name: 'Windows 11', os.arch: 'amd64', os.version: '10.0', java.version: '21.0.3'
Driver info: org.openqa.selenium.chrome.ChromeDriver
Capabilities {acceptInsecureCerts: false, browserName: chrome, browserVersion: 136.0.7103.114, chrome: {chromedriverVersion: 136.0.7103.94 (fa0be0b33deb..., userDataDir: C:\Users\INGRID~1.ZAD\AppDa...}, fedcm:accounts: true, goog:chromeOptions: {debuggerAddress: localhost:61698}, networkConnectionEnabled: false, pageLoadStrategy: normal, platformName: windows, proxy: Proxy(), se:cdp: ws://localhost:61698/devtoo..., se:cdpVersion: 136.0.7103.114, setWindowRect: true, strictFileInteractability: false, timeouts: {implicit: 0, pageLoad: 300000, script: 30000}, unhandledPromptBehavior: dismiss and notify, webauthn:extension:credBlob: true, webauthn:extension:largeBlob: true, webauthn:extension:minPinLength: true, webauthn:extension:prf: true, webauthn:virtualAuthenticators: true}
Session ID: 65ad292ff9e127bd960e11f54524434d
2025-05-21 08:16:53 [main] INFO  l.i.u.t.SubmittedApplicationsPageTest - Marking 'Taip' radio button 8
2025-05-21 08:17:03 [main] ERROR l.i.u.p.SubmittedApplicationsPage - Error selecting radio button: Expected condition failed: waiting for element to be clickable: By.xpath: (//input[@type='radio' and @value='true'])[16] (tried for 10 second(s) with 500 milliseconds interval)
Build info: version: '4.27.0', revision: 'd6e718d134'
System info: os.name: 'Windows 11', os.arch: 'amd64', os.version: '10.0', java.version: '21.0.3'
Driver info: org.openqa.selenium.chrome.ChromeDriver
Capabilities {acceptInsecureCerts: false, browserName: chrome, browserVersion: 136.0.7103.114, chrome: {chromedriverVersion: 136.0.7103.94 (fa0be0b33deb..., userDataDir: C:\Users\INGRID~1.ZAD\AppDa...}, fedcm:accounts: true, goog:chromeOptions: {debuggerAddress: localhost:61698}, networkConnectionEnabled: false, pageLoadStrategy: normal, platformName: windows, proxy: Proxy(), se:cdp: ws://localhost:61698/devtoo..., se:cdpVersion: 136.0.7103.114, setWindowRect: true, strictFileInteractability: false, timeouts: {implicit: 0, pageLoad: 300000, script: 30000}, unhandledPromptBehavior: dismiss and notify, webauthn:extension:credBlob: true, webauthn:extension:largeBlob: true, webauthn:extension:minPinLength: true, webauthn:extension:prf: true, webauthn:virtualAuthenticators: true}
Session ID: 65ad292ff9e127bd960e11f54524434d
2025-05-21 08:17:03 [main] INFO  l.i.u.t.SubmittedApplicationsPageTest - Marking 'Taip' radio button 9
2025-05-21 08:17:13 [main] ERROR l.i.u.p.SubmittedApplicationsPage - Error selecting radio button: Expected condition failed: waiting for element to be clickable: By.xpath: (//input[@type='radio' and @value='true'])[17] (tried for 10 second(s) with 500 milliseconds interval)
Build info: version: '4.27.0', revision: 'd6e718d134'
System info: os.name: 'Windows 11', os.arch: 'amd64', os.version: '10.0', java.version: '21.0.3'
Driver info: org.openqa.selenium.chrome.ChromeDriver
Capabilities {acceptInsecureCerts: false, browserName: chrome, browserVersion: 136.0.7103.114, chrome: {chromedriverVersion: 136.0.7103.94 (fa0be0b33deb..., userDataDir: C:\Users\INGRID~1.ZAD\AppDa...}, fedcm:accounts: true, goog:chromeOptions: {debuggerAddress: localhost:61698}, networkConnectionEnabled: false, pageLoadStrategy: normal, platformName: windows, proxy: Proxy(), se:cdp: ws://localhost:61698/devtoo..., se:cdpVersion: 136.0.7103.114, setWindowRect: true, strictFileInteractability: false, timeouts: {implicit: 0, pageLoad: 300000, script: 30000}, unhandledPromptBehavior: dismiss and notify, webauthn:extension:credBlob: true, webauthn:extension:largeBlob: true, webauthn:extension:minPinLength: true, webauthn:extension:prf: true, webauthn:virtualAuthenticators: true}
Session ID: 65ad292ff9e127bd960e11f54524434d
2025-05-21 08:17:13 [main] INFO  l.i.u.t.SubmittedApplicationsPageTest - Marking 'Taip' radio button 10
2025-05-21 08:17:23 [main] ERROR l.i.u.p.SubmittedApplicationsPage - Error selecting radio button: Expected condition failed: waiting for element to be clickable: By.xpath: (//input[@type='radio' and @value='true'])[18] (tried for 10 second(s) with 500 milliseconds interval)
Build info: version: '4.27.0', revision: 'd6e718d134'
System info: os.name: 'Windows 11', os.arch: 'amd64', os.version: '10.0', java.version: '21.0.3'
Driver info: org.openqa.selenium.chrome.ChromeDriver
Capabilities {acceptInsecureCerts: false, browserName: chrome, browserVersion: 136.0.7103.114, chrome: {chromedriverVersion: 136.0.7103.94 (fa0be0b33deb..., userDataDir: C:\Users\INGRID~1.ZAD\AppDa...}, fedcm:accounts: true, goog:chromeOptions: {debuggerAddress: localhost:61698}, networkConnectionEnabled: false, pageLoadStrategy: normal, platformName: windows, proxy: Proxy(), se:cdp: ws://localhost:61698/devtoo..., se:cdpVersion: 136.0.7103.114, setWindowRect: true, strictFileInteractability: false, timeouts: {implicit: 0, pageLoad: 300000, script: 30000}, unhandledPromptBehavior: dismiss and notify, webauthn:extension:credBlob: true, webauthn:extension:largeBlob: true, webauthn:extension:minPinLength: true, webauthn:extension:prf: true, webauthn:virtualAuthenticators: true}
Session ID: 65ad292ff9e127bd960e11f54524434d
2025-05-21 08:17:23 [main] INFO  l.i.u.t.SubmittedApplicationsPageTest - Marking 'Taip' radio button 11
2025-05-21 08:17:33 [main] ERROR l.i.u.p.SubmittedApplicationsPage - Error selecting radio button: Expected condition failed: waiting for element to be clickable: By.xpath: (//input[@type='radio' and @value='true'])[19] (tried for 10 second(s) with 500 milliseconds interval)
Build info: version: '4.27.0', revision: 'd6e718d134'
System info: os.name: 'Windows 11', os.arch: 'amd64', os.version: '10.0', java.version: '21.0.3'
Driver info: org.openqa.selenium.chrome.ChromeDriver
Capabilities {acceptInsecureCerts: false, browserName: chrome, browserVersion: 136.0.7103.114, chrome: {chromedriverVersion: 136.0.7103.94 (fa0be0b33deb..., userDataDir: C:\Users\INGRID~1.ZAD\AppDa...}, fedcm:accounts: true, goog:chromeOptions: {debuggerAddress: localhost:61698}, networkConnectionEnabled: false, pageLoadStrategy: normal, platformName: windows, proxy: Proxy(), se:cdp: ws://localhost:61698/devtoo..., se:cdpVersion: 136.0.7103.114, setWindowRect: true, strictFileInteractability: false, timeouts: {implicit: 0, pageLoad: 300000, script: 30000}, unhandledPromptBehavior: dismiss and notify, webauthn:extension:credBlob: true, webauthn:extension:largeBlob: true, webauthn:extension:minPinLength: true, webauthn:extension:prf: true, webauthn:virtualAuthenticators: true}
Session ID: 65ad292ff9e127bd960e11f54524434d
2025-05-21 08:17:33 [main] INFO  l.i.u.t.SubmittedApplicationsPageTest - Marking 'Taip' radio button 12
2025-05-21 08:17:43 [main] DEBUG l.i.u.t.SubmittedApplicationsPageTest - Checked 'ConfirmationStepFour'
2025-05-21 08:17:43 [main] DEBUG l.i.u.t.SubmittedApplicationsPageTest - Clicked 'Next' button after checkboxes.
2025-05-21 08:17:43 [main] INFO  l.i.u.p.SubmittedApplicationsPage - File uploaded successfully to an input element.
2025-05-21 08:17:43 [main] INFO  l.i.u.p.SubmittedApplicationsPage - File uploaded successfully to an input element.
2025-05-21 08:17:43 [main] INFO  l.i.u.p.SubmittedApplicationsPage - File uploaded successfully to an input element.
2025-05-21 08:17:44 [main] INFO  l.i.u.p.SubmittedApplicationsPage - File uploaded successfully to an input element.
2025-05-21 08:17:44 [main] INFO  l.i.u.p.SubmittedApplicationsPage - File uploaded successfully to an input element.
2025-05-21 08:17:44 [main] INFO  l.i.u.p.SubmittedApplicationsPage - File uploaded successfully to an input element.
2025-05-21 08:17:44 [main] INFO  l.i.u.p.SubmittedApplicationsPage - File uploaded successfully to an input element.
2025-05-21 08:17:44 [main] INFO  l.i.u.p.SubmittedApplicationsPage - File uploaded successfully to an input element.
2025-05-21 08:17:44 [main] INFO  l.i.u.p.SubmittedApplicationsPage - File uploaded successfully to an input element.
2025-05-21 08:17:44 [main] INFO  l.i.u.p.SubmittedApplicationsPage - File uploaded successfully to an input element.
2025-05-21 08:17:44 [main] DEBUG l.i.u.t.SubmittedApplicationsPageTest - Entered program name: 'Dokumentas 1'.
2025-05-21 08:17:44 [main] DEBUG l.i.u.t.SubmittedApplicationsPageTest - Entered program name: 'Dokumentas 2'.
2025-05-21 08:17:44 [main] DEBUG l.i.u.t.SubmittedApplicationsPageTest - Entered program name: 'Dokumentas 3'.
2025-05-21 08:17:44 [main] DEBUG l.i.u.t.SubmittedApplicationsPageTest - Entered program name: 'Dokumentas 4'.
2025-05-21 08:17:45 [main] DEBUG l.i.u.t.SubmittedApplicationsPageTest - Entered program name: 'Dokumentas 5'.
2025-05-21 08:17:45 [main] DEBUG l.i.u.t.SubmittedApplicationsPageTest - Entered program name: 'Dokumentas 6'.
2025-05-21 08:17:45 [main] DEBUG l.i.u.t.SubmittedApplicationsPageTest - Entered program name: 'Dokumentas 4'.
2025-05-21 08:17:45 [main] DEBUG l.i.u.t.SubmittedApplicationsPageTest - Entered program name: 'Dokumentas 8'.
2025-05-21 08:17:45 [main] DEBUG l.i.u.t.SubmittedApplicationsPageTest - Entered program name: 'Dokumentas 9'.
2025-05-21 08:17:45 [main] DEBUG l.i.u.t.SubmittedApplicationsPageTest - Entered program name: 'Dokumentas 10'.
2025-05-21 08:17:55 [main] DEBUG l.i.u.t.SubmittedApplicationsPageTest - Checked 'ConfirmationDocument'
2025-05-21 08:18:05 [main] DEBUG l.i.u.t.SubmittedApplicationsPageTest - Checked 'ConfirmationApplication'
2025-05-21 08:18:06 [main] DEBUG l.i.u.t.SubmittedApplicationsPageTest - Clicked 'SaveDraft' button after checkboxes.
2025-05-21 08:18:06 [main] DEBUG l.i.uztis.pages.ApplicationFormsPage - Verified success message: 'Ruošinys sėkmingai išsaugotas.'
2025-05-21 08:18:06 [main] INFO  l.i.u.t.SubmittedApplicationsPageTest - Verified success message
2025-05-21 08:18:06 [main] DEBUG l.i.u.t.SubmittedApplicationsPageTest - Clicked 'Review' button after checkboxes.
2025-05-21 08:18:08 [main] DEBUG l.i.u.t.SubmittedApplicationsPageTest - Clicked 'Submit' button after checkboxes.
2025-05-21 08:18:08 [main] DEBUG l.i.u.t.SubmittedApplicationsPageTest - Clicked 'SubmitConfirmation' button after checkboxes.
2025-05-21 08:18:08 [main] ERROR l.i.uztis.pages.ApplicationFormsPage - Failed to verify the success message: 'Paraiška sėkmingai pateikta ir užregistruota.'. Available messages: [Ruošinys sėkmingai išsaugotas.]
2025-05-21 08:18:08 [main] INFO  l.i.u.t.SubmittedApplicationsPageTest - Test 'testFillNewVUIApplicationFA' completed successfully.
2025-05-21 08:18:30 [main] INFO  lt.insoft.uztis.tests.UztisPageTest - Navigated to https://uztisdev.asseco.lt/home
2025-05-21 08:18:30 [main] INFO  l.i.u.t.SubmittedApplicationsPageTest - Starting test:'testAddEvaluators'
2025-05-21 08:18:31 [main] DEBUG l.i.u.t.SubmittedApplicationsPageTest - User logged in with test credentials.
2025-05-21 08:18:31 [main] DEBUG l.i.u.t.SubmittedApplicationsPageTest - Opened 'Application Processing' menu.
2025-05-21 08:18:31 [main] DEBUG l.i.u.t.SubmittedApplicationsPageTest - Clicked on 'Application Forms' menu.
2025-05-21 08:18:32 [main] DEBUG l.i.u.t.SubmittedApplicationsPageTest - Retrieved last description code text: 'TST-VUI-32'.
2025-05-21 08:18:32 [main] DEBUG l.i.u.t.SubmittedApplicationsPageTest - Clicked on 'Invitation' menu.
2025-05-21 08:18:33 [main] DEBUG l.i.u.t.SubmittedApplicationsPageTest - Selected application section by code: 'TST-VUI-32'.
2025-05-21 08:18:33 [main] DEBUG l.i.u.t.SubmittedApplicationsPageTest - Clicked 'Search' button.
2025-05-21 08:18:33 [main] DEBUG l.i.u.t.SubmittedApplicationsPageTest - Retrieved invitation code: ''.
2025-05-21 08:18:33 [main] DEBUG l.i.u.t.SubmittedApplicationsPageTest - Clicked on 'Submitted Applications' menu.
2025-05-21 08:18:35 [main] DEBUG l.i.u.t.SubmittedApplicationsPageTest - Selected invitation by code: 'TST-VUI-32'.
2025-05-21 08:18:35 [main] DEBUG l.i.u.t.SubmittedApplicationsPageTest - Invitation code inserted.
2025-05-21 08:18:35 [main] DEBUG l.i.u.t.SubmittedApplicationsPageTest - Clicked on 'Action Application' button.
2025-05-21 08:18:35 [main] DEBUG l.i.u.t.SubmittedApplicationsPageTest - Clicked on 'Add Evaluators' button.
2025-05-21 08:18:36 [main] DEBUG l.i.u.t.SubmittedApplicationsPageTest - Entered first evaluation date.
2025-05-21 08:18:36 [main] DEBUG l.i.u.t.SubmittedApplicationsPageTest - Entered second evaluation date.
2025-05-21 08:18:36 [main] DEBUG l.i.u.t.SubmittedApplicationsPageTest - Entered third evaluation date.
2025-05-21 08:18:36 [main] DEBUG l.i.u.t.SubmittedApplicationsPageTest - Clicked on 'Add Evaluators' confirmation button.
2025-05-21 08:18:36 [main] DEBUG l.i.uztis.pages.ApplicationFormsPage - Verified success message: 'Paraiškų vertinimai sėkmingai priskirti vertintojams.'
2025-05-21 08:18:36 [main] INFO  l.i.u.t.SubmittedApplicationsPageTest - Verified success message
2025-05-21 08:18:36 [main] INFO  l.i.u.t.SubmittedApplicationsPageTest - Test 'testAddEvaluators' completed successfully.
2025-05-21 08:19:53 [main] INFO  lt.insoft.uztis.tests.UztisPageTest - Navigated to https://uztisdev.asseco.lt/home
2025-05-21 08:19:53 [main] INFO  l.i.uztis.tests.EvaluationsPageTest - Starting test:'testFillSaveDraftEvaluationOne'
2025-05-21 08:19:53 [main] INFO  l.i.uztis.tests.EvaluationsPageTest - Starting test:'testNavigateToEvaluationsPage'
2025-05-21 08:19:54 [main] DEBUG l.i.uztis.tests.EvaluationsPageTest - User logged in with test credentials
2025-05-21 08:19:55 [main] DEBUG l.i.uztis.tests.EvaluationsPageTest - Opened 'Application Processing' menu.
2025-05-21 08:19:55 [main] DEBUG l.i.uztis.tests.EvaluationsPageTest - Clicked on 'Evaluations' menu.
2025-05-21 08:19:55 [main] DEBUG l.i.uztis.tests.EvaluationsPageTest - Navigating to evaluations menu.
2025-05-21 08:19:55 [main] INFO  l.i.uztis.tests.EvaluationsPageTest - Test 'testNavigateToEvaluationsPage' completed successfully.
2025-05-21 08:19:55 [main] DEBUG l.i.uztis.tests.EvaluationsPageTest - Clicked on last evaluation.
2025-05-21 08:19:56 [main] DEBUG l.i.uztis.tests.EvaluationsPageTest - Clicked 'Edit'.
2025-05-21 08:20:00 [main] DEBUG l.i.uztis.tests.EvaluationsPageTest - Selected '1.1' radio button.
2025-05-21 08:20:04 [main] DEBUG l.i.uztis.tests.EvaluationsPageTest - Selected '1.2' radio button.
2025-05-21 08:20:07 [main] DEBUG l.i.uztis.tests.EvaluationsPageTest - Selected '1.3' radio button.
2025-05-21 08:20:11 [main] DEBUG l.i.uztis.tests.EvaluationsPageTest - Selected '1.4' radio button.
2025-05-21 08:20:13 [main] DEBUG l.i.uztis.tests.EvaluationsPageTest - Selected '1.5' radio button.
2025-05-21 08:20:14 [main] DEBUG l.i.uztis.tests.EvaluationsPageTest - Selected '2.1' radio button.
2025-05-21 08:20:15 [main] DEBUG l.i.uztis.tests.EvaluationsPageTest - Selected '3.1' radio button.
2025-05-21 08:20:17 [main] DEBUG l.i.uztis.tests.EvaluationsPageTest - Selected '4.2' radio button.
2025-05-21 08:20:19 [main] DEBUG l.i.uztis.tests.EvaluationsPageTest - Selected '5.1' radio button.
2025-05-21 08:20:21 [main] DEBUG l.i.uztis.tests.EvaluationsPageTest - Selected '5.2' radio button.
2025-05-21 08:20:23 [main] DEBUG l.i.uztis.tests.EvaluationsPageTest - Selected '6.1' radio button.
2025-05-21 08:20:25 [main] DEBUG l.i.uztis.tests.EvaluationsPageTest - Selected '6.2' radio button.
2025-05-21 08:20:25 [main] DEBUG l.i.uztis.tests.EvaluationsPageTest - Clicked on expansion panel 'Not Critical'.
2025-05-21 08:20:25 [main] DEBUG l.i.uztis.tests.EvaluationsPageTest - Selected '7' radio button.
2025-05-21 08:20:26 [main] DEBUG l.i.uztis.tests.EvaluationsPageTest - Selected '8_1' radio button.
2025-05-21 08:20:26 [main] DEBUG l.i.uztis.tests.EvaluationsPageTest - Selected '8_2' radio button.
2025-05-21 08:20:27 [main] DEBUG l.i.uztis.tests.EvaluationsPageTest - Selected '8_3' radio button.
2025-05-21 08:20:27 [main] DEBUG l.i.uztis.tests.EvaluationsPageTest - Selected '8_4' radio button.
2025-05-21 08:20:28 [main] DEBUG l.i.uztis.tests.EvaluationsPageTest - Selected '8_5' radio button.
2025-05-21 08:20:28 [main] DEBUG l.i.uztis.tests.EvaluationsPageTest - Selected '8_6' radio button.
2025-05-21 08:20:29 [main] DEBUG l.i.uztis.tests.EvaluationsPageTest - Selected '8_7' radio button.
2025-05-21 08:20:29 [main] DEBUG l.i.uztis.tests.EvaluationsPageTest - Selected '8_8' radio button.
2025-05-21 08:20:30 [main] DEBUG l.i.uztis.tests.EvaluationsPageTest - Selected '8_9' radio button.
2025-05-21 08:20:30 [main] DEBUG l.i.uztis.tests.EvaluationsPageTest - Selected '8_10' radio button.
2025-05-21 08:20:31 [main] DEBUG l.i.uztis.tests.EvaluationsPageTest - Selected '9' radio button.
2025-05-21 08:20:31 [main] DEBUG l.i.uztis.tests.EvaluationsPageTest - Selected '10.1' radio button.
2025-05-21 08:20:32 [main] DEBUG l.i.uztis.tests.EvaluationsPageTest - Selected '10.2' radio button.
2025-05-21 08:20:32 [main] DEBUG l.i.uztis.tests.EvaluationsPageTest - Selected '10.3' radio button.
2025-05-21 08:20:33 [main] DEBUG l.i.uztis.tests.EvaluationsPageTest - Entered  explanation: 'Balas pakoreduotas ranka'.
2025-05-21 08:20:33 [main] DEBUG l.i.uztis.tests.EvaluationsPageTest - Clicked 'Save Draft'.
2025-05-21 08:20:33 [main] DEBUG l.i.uztis.pages.ApplicationFormsPage - Verified success message: 'Duomenys sėkmingai išsaugoti.'
2025-05-21 08:20:33 [main] INFO  l.i.uztis.tests.EvaluationsPageTest - Verified success message
2025-05-21 08:20:33 [main] INFO  l.i.uztis.tests.EvaluationsPageTest - Test 'testFillSaveDraftEvaluationOne' completed successfully.
2025-05-21 08:20:46 [main] INFO  lt.insoft.uztis.tests.UztisPageTest - Navigated to https://uztisdev.asseco.lt/home
2025-05-21 08:20:46 [main] INFO  l.i.uztis.tests.EvaluationsPageTest - Starting test:'testConfirmEvaluationOne'
2025-05-21 08:20:46 [main] INFO  l.i.uztis.tests.EvaluationsPageTest - Starting test:'testNavigateToEvaluationsPage'
2025-05-21 08:20:46 [main] DEBUG l.i.uztis.tests.EvaluationsPageTest - User logged in with test credentials
2025-05-21 08:20:47 [main] DEBUG l.i.uztis.tests.EvaluationsPageTest - Opened 'Application Processing' menu.
2025-05-21 08:20:47 [main] DEBUG l.i.uztis.tests.EvaluationsPageTest - Clicked on 'Evaluations' menu.
2025-05-21 08:20:47 [main] DEBUG l.i.uztis.tests.EvaluationsPageTest - Navigating to evaluations menu.
2025-05-21 08:20:47 [main] INFO  l.i.uztis.tests.EvaluationsPageTest - Test 'testNavigateToEvaluationsPage' completed successfully.
2025-05-21 08:20:48 [main] DEBUG l.i.uztis.tests.EvaluationsPageTest - Clicked on last evaluation.
2025-05-21 08:20:48 [main] DEBUG l.i.uztis.tests.EvaluationsPageTest - Clicked 'Edit'.
2025-05-21 08:20:52 [main] DEBUG l.i.uztis.tests.EvaluationsPageTest - Clicked 'Confirm'.
2025-05-21 08:20:53 [main] DEBUG l.i.uztis.tests.EvaluationsPageTest - Clicked 'Confirm Confirmation'.
2025-05-21 08:20:54 [main] DEBUG l.i.uztis.tests.EvaluationsPageTest - Fetched label text: Įvertinta
2025-05-21 08:20:54 [main] INFO  l.i.uztis.tests.EvaluationsPageTest - Verified that the label text matches the expected value.
2025-05-21 08:20:54 [main] INFO  l.i.uztis.tests.EvaluationsPageTest - Test 'testConfirmEvaluationOne' completed successfully.
2025-05-21 08:21:07 [main] INFO  lt.insoft.uztis.tests.UztisPageTest - Navigated to https://uztisdev.asseco.lt/home
2025-05-21 08:21:07 [main] INFO  l.i.uztis.tests.EvaluationsPageTest - Starting test:'testFillSaveDraftEvaluationTwo'
2025-05-21 08:21:07 [main] INFO  l.i.uztis.tests.EvaluationsPageTest - Starting test:'testNavigateToEvaluationsPage'
2025-05-21 08:21:08 [main] DEBUG l.i.uztis.tests.EvaluationsPageTest - User logged in with test credentials
2025-05-21 08:21:18 [main] ERROR l.i.uztis.pages.ApplicationFormsPage - MenuApplicationProcessing button is not displayed no such element: Unable to locate element: {"method":"xpath","selector":"//mat-expansion-panel-header[.//span[text()='Paraiškų tvarkymas'] and .//mat-icon[text()='expand_more']]"}
  (Session info: chrome=136.0.7103.114)
For documentation on this error, please visit: https://www.selenium.dev/documentation/webdriver/troubleshooting/errors#no-such-element-exception
Build info: version: '4.27.0', revision: 'd6e718d134'
System info: os.name: 'Windows 11', os.arch: 'amd64', os.version: '10.0', java.version: '21.0.3'
Driver info: org.openqa.selenium.chrome.ChromeDriver
Command: [0d6d7a2ff8bfa14d6ab11b4c637619ad, findElement {using=xpath, value=//mat-expansion-panel-header[.//span[text()='Paraiškų tvarkymas'] and .//mat-icon[text()='expand_more']]}]
Capabilities {acceptInsecureCerts: false, browserName: chrome, browserVersion: 136.0.7103.114, chrome: {chromedriverVersion: 136.0.7103.94 (fa0be0b33deb..., userDataDir: C:\Users\INGRID~1.ZAD\AppDa...}, fedcm:accounts: true, goog:chromeOptions: {debuggerAddress: localhost:62314}, networkConnectionEnabled: false, pageLoadStrategy: normal, platformName: windows, proxy: Proxy(), se:cdp: ws://localhost:62314/devtoo..., se:cdpVersion: 136.0.7103.114, setWindowRect: true, strictFileInteractability: false, timeouts: {implicit: 0, pageLoad: 300000, script: 30000}, unhandledPromptBehavior: dismiss and notify, webauthn:extension:credBlob: true, webauthn:extension:largeBlob: true, webauthn:extension:minPinLength: true, webauthn:extension:prf: true, webauthn:virtualAuthenticators: true}
Session ID: 0d6d7a2ff8bfa14d6ab11b4c637619ad
2025-05-21 08:21:18 [main] ERROR l.i.uztis.tests.EvaluationsPageTest - Test 'testNavigateToEvaluationsPage' failed with error: MenuApplicationProcessing is not displayed!
java.lang.RuntimeException: MenuApplicationProcessing is not displayed!
	at lt.insoft.uztis.pages.ApplicationFormsPage.openMenuApplicationProcessing(ApplicationFormsPage.java:213)
	at lt.insoft.uztis.tests.EvaluationsPageTest.navigateToEvaluationsMenu(EvaluationsPageTest.java:34)
	at lt.insoft.uztis.tests.EvaluationsPageTest.testNavigateToEvaluationsPage(EvaluationsPageTest.java:57)
	at lt.insoft.uztis.tests.EvaluationsPageTest.testFillSaveDraftEvaluationTwo(EvaluationsPageTest.java:220)
	at java.base/jdk.internal.reflect.DirectMethodHandleAccessor.invoke(DirectMethodHandleAccessor.java:103)
	at java.base/java.lang.reflect.Method.invoke(Method.java:580)
	at org.junit.platform.commons.util.ReflectionUtils.invokeMethod(ReflectionUtils.java:728)
	at org.junit.jupiter.engine.execution.MethodInvocation.proceed(MethodInvocation.java:60)
	at org.junit.jupiter.engine.execution.InvocationInterceptorChain$ValidatingInvocation.proceed(InvocationInterceptorChain.java:131)
	at org.junit.jupiter.engine.extension.TimeoutExtension.intercept(TimeoutExtension.java:156)
	at org.junit.jupiter.engine.extension.TimeoutExtension.interceptTestableMethod(TimeoutExtension.java:147)
	at org.junit.jupiter.engine.extension.TimeoutExtension.interceptTestMethod(TimeoutExtension.java:86)
	at org.junit.jupiter.engine.execution.InterceptingExecutableInvoker$ReflectiveInterceptorCall.lambda$ofVoidMethod$0(InterceptingExecutableInvoker.java:103)
	at org.junit.jupiter.engine.execution.InterceptingExecutableInvoker.lambda$invoke$0(InterceptingExecutableInvoker.java:93)
	at org.junit.jupiter.engine.execution.InvocationInterceptorChain$InterceptedInvocation.proceed(InvocationInterceptorChain.java:106)
	at org.junit.jupiter.engine.execution.InvocationInterceptorChain.proceed(InvocationInterceptorChain.java:64)
	at org.junit.jupiter.engine.execution.InvocationInterceptorChain.chainAndInvoke(InvocationInterceptorChain.java:45)
	at org.junit.jupiter.engine.execution.InvocationInterceptorChain.invoke(InvocationInterceptorChain.java:37)
	at org.junit.jupiter.engine.execution.InterceptingExecutableInvoker.invoke(InterceptingExecutableInvoker.java:92)
	at org.junit.jupiter.engine.execution.InterceptingExecutableInvoker.invoke(InterceptingExecutableInvoker.java:86)
	at org.junit.jupiter.engine.descriptor.TestMethodTestDescriptor.lambda$invokeTestMethod$7(TestMethodTestDescriptor.java:218)
	at org.junit.platform.engine.support.hierarchical.ThrowableCollector.execute(ThrowableCollector.java:73)
	at org.junit.jupiter.engine.descriptor.TestMethodTestDescriptor.invokeTestMethod(TestMethodTestDescriptor.java:214)
	at org.junit.jupiter.engine.descriptor.TestMethodTestDescriptor.execute(TestMethodTestDescriptor.java:139)
	at org.junit.jupiter.engine.descriptor.TestMethodTestDescriptor.execute(TestMethodTestDescriptor.java:69)
	at org.junit.platform.engine.support.hierarchical.NodeTestTask.lambda$executeRecursively$6(NodeTestTask.java:151)
	at org.junit.platform.engine.support.hierarchical.ThrowableCollector.execute(ThrowableCollector.java:73)
	at org.junit.platform.engine.support.hierarchical.NodeTestTask.lambda$executeRecursively$8(NodeTestTask.java:141)
	at org.junit.platform.engine.support.hierarchical.Node.around(Node.java:137)
	at org.junit.platform.engine.support.hierarchical.NodeTestTask.lambda$executeRecursively$9(NodeTestTask.java:139)
	at org.junit.platform.engine.support.hierarchical.ThrowableCollector.execute(ThrowableCollector.java:73)
	at org.junit.platform.engine.support.hierarchical.NodeTestTask.executeRecursively(NodeTestTask.java:138)
	at org.junit.platform.engine.support.hierarchical.NodeTestTask.execute(NodeTestTask.java:95)
	at java.base/java.util.ArrayList.forEach(ArrayList.java:1596)
	at org.junit.platform.engine.support.hierarchical.SameThreadHierarchicalTestExecutorService.invokeAll(SameThreadHierarchicalTestExecutorService.java:41)
	at org.junit.platform.engine.support.hierarchical.NodeTestTask.lambda$executeRecursively$6(NodeTestTask.java:155)
	at org.junit.platform.engine.support.hierarchical.ThrowableCollector.execute(ThrowableCollector.java:73)
	at org.junit.platform.engine.support.hierarchical.NodeTestTask.lambda$executeRecursively$8(NodeTestTask.java:141)
	at org.junit.platform.engine.support.hierarchical.Node.around(Node.java:137)
	at org.junit.platform.engine.support.hierarchical.NodeTestTask.lambda$executeRecursively$9(NodeTestTask.java:139)
	at org.junit.platform.engine.support.hierarchical.ThrowableCollector.execute(ThrowableCollector.java:73)
	at org.junit.platform.engine.support.hierarchical.NodeTestTask.executeRecursively(NodeTestTask.java:138)
	at org.junit.platform.engine.support.hierarchical.NodeTestTask.execute(NodeTestTask.java:95)
	at java.base/java.util.ArrayList.forEach(ArrayList.java:1596)
	at org.junit.platform.engine.support.hierarchical.SameThreadHierarchicalTestExecutorService.invokeAll(SameThreadHierarchicalTestExecutorService.java:41)
	at org.junit.platform.engine.support.hierarchical.NodeTestTask.lambda$executeRecursively$6(NodeTestTask.java:155)
	at org.junit.platform.engine.support.hierarchical.ThrowableCollector.execute(ThrowableCollector.java:73)
	at org.junit.platform.engine.support.hierarchical.NodeTestTask.lambda$executeRecursively$8(NodeTestTask.java:141)
	at org.junit.platform.engine.support.hierarchical.Node.around(Node.java:137)
	at org.junit.platform.engine.support.hierarchical.NodeTestTask.lambda$executeRecursively$9(NodeTestTask.java:139)
	at org.junit.platform.engine.support.hierarchical.ThrowableCollector.execute(ThrowableCollector.java:73)
	at org.junit.platform.engine.support.hierarchical.NodeTestTask.executeRecursively(NodeTestTask.java:138)
	at org.junit.platform.engine.support.hierarchical.NodeTestTask.execute(NodeTestTask.java:95)
	at org.junit.platform.engine.support.hierarchical.SameThreadHierarchicalTestExecutorService.submit(SameThreadHierarchicalTestExecutorService.java:35)
	at org.junit.platform.engine.support.hierarchical.HierarchicalTestExecutor.execute(HierarchicalTestExecutor.java:57)
	at org.junit.platform.engine.support.hierarchical.HierarchicalTestEngine.execute(HierarchicalTestEngine.java:54)
	at org.junit.platform.launcher.core.EngineExecutionOrchestrator.execute(EngineExecutionOrchestrator.java:198)
	at org.junit.platform.launcher.core.EngineExecutionOrchestrator.execute(EngineExecutionOrchestrator.java:169)
	at org.junit.platform.launcher.core.EngineExecutionOrchestrator.execute(EngineExecutionOrchestrator.java:93)
	at org.junit.platform.launcher.core.EngineExecutionOrchestrator.lambda$execute$0(EngineExecutionOrchestrator.java:58)
	at org.junit.platform.launcher.core.EngineExecutionOrchestrator.withInterceptedStreams(EngineExecutionOrchestrator.java:141)
	at org.junit.platform.launcher.core.EngineExecutionOrchestrator.execute(EngineExecutionOrchestrator.java:57)
	at org.junit.platform.launcher.core.DefaultLauncher.execute(DefaultLauncher.java:103)
	at org.junit.platform.launcher.core.DefaultLauncher.execute(DefaultLauncher.java:85)
	at org.junit.platform.launcher.core.DelegatingLauncher.execute(DelegatingLauncher.java:47)
	at org.junit.platform.launcher.core.SessionPerRequestLauncher.execute(SessionPerRequestLauncher.java:63)
	at com.intellij.junit5.JUnit5IdeaTestRunner.startRunnerWithArgs(JUnit5IdeaTestRunner.java:57)
	at com.intellij.rt.junit.IdeaTestRunner$Repeater$1.execute(IdeaTestRunner.java:38)
	at com.intellij.rt.execution.junit.TestsRepeater.repeat(TestsRepeater.java:11)
	at com.intellij.rt.junit.IdeaTestRunner$Repeater.startRunnerWithArgs(IdeaTestRunner.java:35)
	at com.intellij.rt.junit.JUnitStarter.prepareStreamsAndStart(JUnitStarter.java:232)
	at com.intellij.rt.junit.JUnitStarter.main(JUnitStarter.java:55)
2025-05-21 08:21:18 [main] ERROR l.i.uztis.tests.EvaluationsPageTest - Test 'testFillSaveDraftEvaluationTwo' failed with error: MenuApplicationProcessing is not displayed!
java.lang.RuntimeException: MenuApplicationProcessing is not displayed!
	at lt.insoft.uztis.pages.ApplicationFormsPage.openMenuApplicationProcessing(ApplicationFormsPage.java:213)
	at lt.insoft.uztis.tests.EvaluationsPageTest.navigateToEvaluationsMenu(EvaluationsPageTest.java:34)
	at lt.insoft.uztis.tests.EvaluationsPageTest.testNavigateToEvaluationsPage(EvaluationsPageTest.java:57)
	at lt.insoft.uztis.tests.EvaluationsPageTest.testFillSaveDraftEvaluationTwo(EvaluationsPageTest.java:220)
	at java.base/jdk.internal.reflect.DirectMethodHandleAccessor.invoke(DirectMethodHandleAccessor.java:103)
	at java.base/java.lang.reflect.Method.invoke(Method.java:580)
	at org.junit.platform.commons.util.ReflectionUtils.invokeMethod(ReflectionUtils.java:728)
	at org.junit.jupiter.engine.execution.MethodInvocation.proceed(MethodInvocation.java:60)
	at org.junit.jupiter.engine.execution.InvocationInterceptorChain$ValidatingInvocation.proceed(InvocationInterceptorChain.java:131)
	at org.junit.jupiter.engine.extension.TimeoutExtension.intercept(TimeoutExtension.java:156)
	at org.junit.jupiter.engine.extension.TimeoutExtension.interceptTestableMethod(TimeoutExtension.java:147)
	at org.junit.jupiter.engine.extension.TimeoutExtension.interceptTestMethod(TimeoutExtension.java:86)
	at org.junit.jupiter.engine.execution.InterceptingExecutableInvoker$ReflectiveInterceptorCall.lambda$ofVoidMethod$0(InterceptingExecutableInvoker.java:103)
	at org.junit.jupiter.engine.execution.InterceptingExecutableInvoker.lambda$invoke$0(InterceptingExecutableInvoker.java:93)
	at org.junit.jupiter.engine.execution.InvocationInterceptorChain$InterceptedInvocation.proceed(InvocationInterceptorChain.java:106)
	at org.junit.jupiter.engine.execution.InvocationInterceptorChain.proceed(InvocationInterceptorChain.java:64)
	at org.junit.jupiter.engine.execution.InvocationInterceptorChain.chainAndInvoke(InvocationInterceptorChain.java:45)
	at org.junit.jupiter.engine.execution.InvocationInterceptorChain.invoke(InvocationInterceptorChain.java:37)
	at org.junit.jupiter.engine.execution.InterceptingExecutableInvoker.invoke(InterceptingExecutableInvoker.java:92)
	at org.junit.jupiter.engine.execution.InterceptingExecutableInvoker.invoke(InterceptingExecutableInvoker.java:86)
	at org.junit.jupiter.engine.descriptor.TestMethodTestDescriptor.lambda$invokeTestMethod$7(TestMethodTestDescriptor.java:218)
	at org.junit.platform.engine.support.hierarchical.ThrowableCollector.execute(ThrowableCollector.java:73)
	at org.junit.jupiter.engine.descriptor.TestMethodTestDescriptor.invokeTestMethod(TestMethodTestDescriptor.java:214)
	at org.junit.jupiter.engine.descriptor.TestMethodTestDescriptor.execute(TestMethodTestDescriptor.java:139)
	at org.junit.jupiter.engine.descriptor.TestMethodTestDescriptor.execute(TestMethodTestDescriptor.java:69)
	at org.junit.platform.engine.support.hierarchical.NodeTestTask.lambda$executeRecursively$6(NodeTestTask.java:151)
	at org.junit.platform.engine.support.hierarchical.ThrowableCollector.execute(ThrowableCollector.java:73)
	at org.junit.platform.engine.support.hierarchical.NodeTestTask.lambda$executeRecursively$8(NodeTestTask.java:141)
	at org.junit.platform.engine.support.hierarchical.Node.around(Node.java:137)
	at org.junit.platform.engine.support.hierarchical.NodeTestTask.lambda$executeRecursively$9(NodeTestTask.java:139)
	at org.junit.platform.engine.support.hierarchical.ThrowableCollector.execute(ThrowableCollector.java:73)
	at org.junit.platform.engine.support.hierarchical.NodeTestTask.executeRecursively(NodeTestTask.java:138)
	at org.junit.platform.engine.support.hierarchical.NodeTestTask.execute(NodeTestTask.java:95)
	at java.base/java.util.ArrayList.forEach(ArrayList.java:1596)
	at org.junit.platform.engine.support.hierarchical.SameThreadHierarchicalTestExecutorService.invokeAll(SameThreadHierarchicalTestExecutorService.java:41)
	at org.junit.platform.engine.support.hierarchical.NodeTestTask.lambda$executeRecursively$6(NodeTestTask.java:155)
	at org.junit.platform.engine.support.hierarchical.ThrowableCollector.execute(ThrowableCollector.java:73)
	at org.junit.platform.engine.support.hierarchical.NodeTestTask.lambda$executeRecursively$8(NodeTestTask.java:141)
	at org.junit.platform.engine.support.hierarchical.Node.around(Node.java:137)
	at org.junit.platform.engine.support.hierarchical.NodeTestTask.lambda$executeRecursively$9(NodeTestTask.java:139)
	at org.junit.platform.engine.support.hierarchical.ThrowableCollector.execute(ThrowableCollector.java:73)
	at org.junit.platform.engine.support.hierarchical.NodeTestTask.executeRecursively(NodeTestTask.java:138)
	at org.junit.platform.engine.support.hierarchical.NodeTestTask.execute(NodeTestTask.java:95)
	at java.base/java.util.ArrayList.forEach(ArrayList.java:1596)
	at org.junit.platform.engine.support.hierarchical.SameThreadHierarchicalTestExecutorService.invokeAll(SameThreadHierarchicalTestExecutorService.java:41)
	at org.junit.platform.engine.support.hierarchical.NodeTestTask.lambda$executeRecursively$6(NodeTestTask.java:155)
	at org.junit.platform.engine.support.hierarchical.ThrowableCollector.execute(ThrowableCollector.java:73)
	at org.junit.platform.engine.support.hierarchical.NodeTestTask.lambda$executeRecursively$8(NodeTestTask.java:141)
	at org.junit.platform.engine.support.hierarchical.Node.around(Node.java:137)
	at org.junit.platform.engine.support.hierarchical.NodeTestTask.lambda$executeRecursively$9(NodeTestTask.java:139)
	at org.junit.platform.engine.support.hierarchical.ThrowableCollector.execute(ThrowableCollector.java:73)
	at org.junit.platform.engine.support.hierarchical.NodeTestTask.executeRecursively(NodeTestTask.java:138)
	at org.junit.platform.engine.support.hierarchical.NodeTestTask.execute(NodeTestTask.java:95)
	at org.junit.platform.engine.support.hierarchical.SameThreadHierarchicalTestExecutorService.submit(SameThreadHierarchicalTestExecutorService.java:35)
	at org.junit.platform.engine.support.hierarchical.HierarchicalTestExecutor.execute(HierarchicalTestExecutor.java:57)
	at org.junit.platform.engine.support.hierarchical.HierarchicalTestEngine.execute(HierarchicalTestEngine.java:54)
	at org.junit.platform.launcher.core.EngineExecutionOrchestrator.execute(EngineExecutionOrchestrator.java:198)
	at org.junit.platform.launcher.core.EngineExecutionOrchestrator.execute(EngineExecutionOrchestrator.java:169)
	at org.junit.platform.launcher.core.EngineExecutionOrchestrator.execute(EngineExecutionOrchestrator.java:93)
	at org.junit.platform.launcher.core.EngineExecutionOrchestrator.lambda$execute$0(EngineExecutionOrchestrator.java:58)
	at org.junit.platform.launcher.core.EngineExecutionOrchestrator.withInterceptedStreams(EngineExecutionOrchestrator.java:141)
	at org.junit.platform.launcher.core.EngineExecutionOrchestrator.execute(EngineExecutionOrchestrator.java:57)
	at org.junit.platform.launcher.core.DefaultLauncher.execute(DefaultLauncher.java:103)
	at org.junit.platform.launcher.core.DefaultLauncher.execute(DefaultLauncher.java:85)
	at org.junit.platform.launcher.core.DelegatingLauncher.execute(DelegatingLauncher.java:47)
	at org.junit.platform.launcher.core.SessionPerRequestLauncher.execute(SessionPerRequestLauncher.java:63)
	at com.intellij.junit5.JUnit5IdeaTestRunner.startRunnerWithArgs(JUnit5IdeaTestRunner.java:57)
	at com.intellij.rt.junit.IdeaTestRunner$Repeater$1.execute(IdeaTestRunner.java:38)
	at com.intellij.rt.execution.junit.TestsRepeater.repeat(TestsRepeater.java:11)
	at com.intellij.rt.junit.IdeaTestRunner$Repeater.startRunnerWithArgs(IdeaTestRunner.java:35)
	at com.intellij.rt.junit.JUnitStarter.prepareStreamsAndStart(JUnitStarter.java:232)
	at com.intellij.rt.junit.JUnitStarter.main(JUnitStarter.java:55)
2025-05-21 08:21:19 [main] INFO  l.insoft.uztis.tests.utils.TestUtils - Screenshot moved to C:\Users\ingrida.zadorozniene\Desktop\Asm\UZTIS\UZTIS_tests\test-output\screenshots\20250521\082119029_testFillSaveDraftEvaluationTwo().png
2025-05-21 08:22:30 [main] INFO  lt.insoft.uztis.tests.UztisPageTest - Navigated to https://uztisdev.asseco.lt/home
2025-05-21 08:22:30 [main] INFO  l.i.uztis.tests.EvaluationsPageTest - Starting test:'testFillSaveDraftEvaluationTwo'
2025-05-21 08:22:30 [main] INFO  l.i.uztis.tests.EvaluationsPageTest - Starting test:'testNavigateToEvaluationsPage'
2025-05-21 08:22:30 [main] DEBUG l.i.uztis.tests.EvaluationsPageTest - User logged in with test credentials
2025-05-21 08:22:31 [main] DEBUG l.i.uztis.tests.EvaluationsPageTest - Opened 'Application Processing' menu.
2025-05-21 08:22:31 [main] DEBUG l.i.uztis.tests.EvaluationsPageTest - Clicked on 'Evaluations' menu.
2025-05-21 08:22:31 [main] DEBUG l.i.uztis.tests.EvaluationsPageTest - Navigating to evaluations menu.
2025-05-21 08:22:31 [main] INFO  l.i.uztis.tests.EvaluationsPageTest - Test 'testNavigateToEvaluationsPage' completed successfully.
2025-05-21 08:22:31 [main] DEBUG l.i.uztis.tests.EvaluationsPageTest - Clicked on last evaluation.
2025-05-21 08:22:32 [main] DEBUG l.i.uztis.tests.EvaluationsPageTest - Clicked 'Edit'.
2025-05-21 08:22:33 [main] DEBUG l.i.uztis.tests.EvaluationsPageTest - Entered commission date.
2025-05-21 08:22:33 [main] DEBUG l.i.uztis.tests.EvaluationsPageTest - Selected 'Without Commission' radio button.
2025-05-21 08:22:33 [main] DEBUG l.i.uztis.tests.EvaluationsPageTest - Entered chairman name: 'Pirmininkas Pirmininkauskas'.
2025-05-21 08:22:33 [main] DEBUG l.i.uztis.tests.EvaluationsPageTest - Entered member name: 'Narys Narauskas'.
2025-05-21 08:22:33 [main] DEBUG l.i.uztis.tests.EvaluationsPageTest - Clicked 'Continue'.
2025-05-21 08:22:34 [main] DEBUG l.i.uztis.tests.EvaluationsPageTest - Entered score edition: '9'.
2025-05-21 08:22:34 [main] DEBUG l.i.uztis.tests.EvaluationsPageTest - Entered chairman score: '10'.
2025-05-21 08:22:34 [main] DEBUG l.i.uztis.tests.EvaluationsPageTest - Entered member score: '11'.
2025-05-21 08:22:34 [main] DEBUG l.i.uztis.tests.EvaluationsPageTest - Entered conclusion: 'Išvada - palanki'.
2025-05-21 08:22:34 [main] DEBUG l.i.uztis.tests.EvaluationsPageTest - Entered  explanation: 'Balas pakoreduotas ranka'.
2025-05-21 08:22:35 [main] DEBUG l.i.uztis.tests.EvaluationsPageTest - Clicked 'Save Draft'.
2025-05-21 08:22:35 [main] DEBUG l.i.uztis.pages.ApplicationFormsPage - Verified success message: 'Duomenys sėkmingai išsaugoti.'
2025-05-21 08:22:35 [main] INFO  l.i.uztis.tests.EvaluationsPageTest - Verified success message
2025-05-21 08:22:35 [main] INFO  l.i.uztis.tests.EvaluationsPageTest - Test 'testFillSaveDraftEvaluationTwo' completed successfully.
2025-05-21 08:22:48 [main] INFO  lt.insoft.uztis.tests.UztisPageTest - Navigated to https://uztisdev.asseco.lt/home
2025-05-21 08:22:48 [main] INFO  l.i.uztis.tests.EvaluationsPageTest - Starting test:'testConfirmEvaluationTwo'
2025-05-21 08:22:48 [main] INFO  l.i.uztis.tests.EvaluationsPageTest - Starting test:'testNavigateToEvaluationsPage'
2025-05-21 08:22:48 [main] DEBUG l.i.uztis.tests.EvaluationsPageTest - User logged in with test credentials
2025-05-21 08:22:49 [main] DEBUG l.i.uztis.tests.EvaluationsPageTest - Opened 'Application Processing' menu.
2025-05-21 08:22:49 [main] DEBUG l.i.uztis.tests.EvaluationsPageTest - Clicked on 'Evaluations' menu.
2025-05-21 08:22:49 [main] DEBUG l.i.uztis.tests.EvaluationsPageTest - Navigating to evaluations menu.
2025-05-21 08:22:49 [main] INFO  l.i.uztis.tests.EvaluationsPageTest - Test 'testNavigateToEvaluationsPage' completed successfully.
2025-05-21 08:22:49 [main] DEBUG l.i.uztis.tests.EvaluationsPageTest - Clicked on last evaluation.
2025-05-21 08:22:50 [main] DEBUG l.i.uztis.tests.EvaluationsPageTest - Clicked 'Edit'.
2025-05-21 08:22:50 [main] DEBUG l.i.uztis.tests.EvaluationsPageTest - Clicked 'Continue'.
2025-05-21 08:22:51 [main] DEBUG l.i.uztis.tests.EvaluationsPageTest - Entered conclusion: 'Išvada - papildyta'.
2025-05-21 08:22:51 [main] DEBUG l.i.uztis.tests.EvaluationsPageTest - Entered  explanation: '; Išvada pakoreduota ranka'.
2025-05-21 08:22:51 [main] DEBUG l.i.uztis.tests.EvaluationsPageTest - Clicked 'Confirm'.
2025-05-21 08:22:51 [main] DEBUG l.i.uztis.tests.EvaluationsPageTest - Clicked 'Confirm Confirmation'.
2025-05-21 08:22:52 [main] DEBUG l.i.uztis.tests.EvaluationsPageTest - Fetched label text: Įvertinta
2025-05-21 08:22:52 [main] INFO  l.i.uztis.tests.EvaluationsPageTest - Verified that the label text matches the expected value.
2025-05-21 08:22:52 [main] INFO  l.i.uztis.tests.EvaluationsPageTest - Test 'testConfirmEvaluationTwo' completed successfully.
2025-05-21 08:23:04 [main] INFO  lt.insoft.uztis.tests.UztisPageTest - Navigated to https://uztisdev.asseco.lt/home
2025-05-21 08:23:04 [main] INFO  l.i.uztis.tests.EvaluationsPageTest - Starting test:'testFillSaveDraftEvaluationThree'
2025-05-21 08:23:04 [main] INFO  l.i.uztis.tests.EvaluationsPageTest - Starting test:'testNavigateToEvaluationsPage'
2025-05-21 08:23:04 [main] DEBUG l.i.uztis.tests.EvaluationsPageTest - User logged in with test credentials
2025-05-21 08:23:05 [main] DEBUG l.i.uztis.tests.EvaluationsPageTest - Opened 'Application Processing' menu.
2025-05-21 08:23:05 [main] DEBUG l.i.uztis.tests.EvaluationsPageTest - Clicked on 'Evaluations' menu.
2025-05-21 08:23:05 [main] DEBUG l.i.uztis.tests.EvaluationsPageTest - Navigating to evaluations menu.
2025-05-21 08:23:05 [main] INFO  l.i.uztis.tests.EvaluationsPageTest - Test 'testNavigateToEvaluationsPage' completed successfully.
2025-05-21 08:23:05 [main] DEBUG l.i.uztis.tests.EvaluationsPageTest - Clicked on last evaluation.
2025-05-21 08:23:06 [main] DEBUG l.i.uztis.tests.EvaluationsPageTest - Clicked 'Edit'.
2025-05-21 08:23:06 [main] DEBUG l.i.uztis.tests.EvaluationsPageTest - Entered commission date.
2025-05-21 08:23:07 [main] DEBUG l.i.uztis.tests.EvaluationsPageTest - Selected 'Without Commission' radio button.
2025-05-21 08:23:07 [main] DEBUG l.i.uztis.tests.EvaluationsPageTest - Entered chairman name: 'Pirmininkas Pirmininkauskas'.
2025-05-21 08:23:07 [main] DEBUG l.i.uztis.tests.EvaluationsPageTest - Entered member name: 'Narys Narauskas'.
2025-05-21 08:23:07 [main] DEBUG l.i.uztis.tests.EvaluationsPageTest - Clicked 'Continue'.
2025-05-21 08:23:07 [main] DEBUG l.i.uztis.tests.EvaluationsPageTest - Entered chairman score 1: '1'.
2025-05-21 08:23:08 [main] DEBUG l.i.uztis.tests.EvaluationsPageTest - Entered member score 1: '2'.
2025-05-21 08:23:08 [main] DEBUG l.i.uztis.tests.EvaluationsPageTest - Entered member conclusion 1: 'Išvada - palanki 1'.
2025-05-21 08:23:08 [main] DEBUG l.i.uztis.tests.EvaluationsPageTest - Entered chairman score 2: '3'.
2025-05-21 08:23:08 [main] DEBUG l.i.uztis.tests.EvaluationsPageTest - Entered member score 2: '4'.
2025-05-21 08:23:08 [main] DEBUG l.i.uztis.tests.EvaluationsPageTest - Entered member conclusion 2: 'Išvada - palanki 2'.
2025-05-21 08:23:08 [main] DEBUG l.i.uztis.tests.EvaluationsPageTest - Entered chairman score 3: '5'.
2025-05-21 08:23:08 [main] DEBUG l.i.uztis.tests.EvaluationsPageTest - Entered member score 3: '6'.
2025-05-21 08:23:09 [main] DEBUG l.i.uztis.tests.EvaluationsPageTest - Entered member conclusion 3: 'Išvada - palanki 3'.
2025-05-21 08:23:09 [main] DEBUG l.i.uztis.tests.EvaluationsPageTest - Entered chairman score 4: '7'.
2025-05-21 08:23:09 [main] DEBUG l.i.uztis.tests.EvaluationsPageTest - Entered member score 4: '8'.
2025-05-21 08:23:09 [main] DEBUG l.i.uztis.tests.EvaluationsPageTest - Entered member conclusion 4: 'Išvada - palanki 4'.
2025-05-21 08:23:09 [main] DEBUG l.i.uztis.tests.EvaluationsPageTest - Entered chairman score 5: '9'.
2025-05-21 08:23:09 [main] DEBUG l.i.uztis.tests.EvaluationsPageTest - Entered member score 5: '10'.
2025-05-21 08:23:09 [main] DEBUG l.i.uztis.tests.EvaluationsPageTest - Entered member conclusion 5: 'Išvada - palanki 5'.
2025-05-21 08:23:10 [main] DEBUG l.i.uztis.tests.EvaluationsPageTest - Clicked 'Save Draft'.
2025-05-21 08:23:10 [main] DEBUG l.i.uztis.pages.ApplicationFormsPage - Verified success message: 'Duomenys sėkmingai išsaugoti.'
2025-05-21 08:23:10 [main] INFO  l.i.uztis.tests.EvaluationsPageTest - Verified success message
2025-05-21 08:23:10 [main] INFO  l.i.uztis.tests.EvaluationsPageTest - Test 'testFillSaveDraftEvaluationThree' completed successfully.
2025-05-21 08:23:22 [main] INFO  lt.insoft.uztis.tests.UztisPageTest - Navigated to https://uztisdev.asseco.lt/home
2025-05-21 08:23:22 [main] INFO  l.i.uztis.tests.EvaluationsPageTest - Starting test:'testConfirmEvaluationThree'
2025-05-21 08:23:22 [main] INFO  l.i.uztis.tests.EvaluationsPageTest - Starting test:'testNavigateToEvaluationsPage'
2025-05-21 08:23:22 [main] DEBUG l.i.uztis.tests.EvaluationsPageTest - User logged in with test credentials
2025-05-21 08:23:23 [main] DEBUG l.i.uztis.tests.EvaluationsPageTest - Opened 'Application Processing' menu.
2025-05-21 08:23:23 [main] DEBUG l.i.uztis.tests.EvaluationsPageTest - Clicked on 'Evaluations' menu.
2025-05-21 08:23:23 [main] DEBUG l.i.uztis.tests.EvaluationsPageTest - Navigating to evaluations menu.
2025-05-21 08:23:23 [main] INFO  l.i.uztis.tests.EvaluationsPageTest - Test 'testNavigateToEvaluationsPage' completed successfully.
2025-05-21 08:23:23 [main] DEBUG l.i.uztis.tests.EvaluationsPageTest - Clicked on last evaluation.
2025-05-21 08:23:24 [main] DEBUG l.i.uztis.tests.EvaluationsPageTest - Clicked 'Edit'.
2025-05-21 08:23:25 [main] DEBUG l.i.uztis.tests.EvaluationsPageTest - Clicked 'Continue'.
2025-05-21 08:23:25 [main] DEBUG l.i.uztis.tests.EvaluationsPageTest - Clicked 'Confirm'.
2025-05-21 08:23:25 [main] DEBUG l.i.uztis.tests.EvaluationsPageTest - Clicked 'Confirm Confirmation'.
2025-05-21 08:23:26 [main] DEBUG l.i.uztis.tests.EvaluationsPageTest - Fetched label text: Įvertinta
2025-05-21 08:23:26 [main] INFO  l.i.uztis.tests.EvaluationsPageTest - Verified that the label text matches the expected value.
2025-05-21 08:23:26 [main] INFO  l.i.uztis.tests.EvaluationsPageTest - Test 'testConfirmEvaluationThree' completed successfully.
2025-05-21 08:24:16 [main] INFO  lt.insoft.uztis.tests.UztisPageTest - Navigated to https://uztisdev.asseco.lt/home
2025-05-21 08:24:16 [main] INFO  l.insoft.uztis.tests.FundingPageTest - Starting test:'testNavigateToFundingPage'
2025-05-21 08:24:17 [main] DEBUG l.insoft.uztis.tests.FundingPageTest - User logged in with test credentials
2025-05-21 08:24:17 [main] DEBUG l.insoft.uztis.tests.FundingPageTest - Opened 'Application Processing' menu.
2025-05-21 08:24:17 [main] DEBUG l.insoft.uztis.tests.FundingPageTest - Clicked on 'Funding' menu.
2025-05-21 08:24:17 [main] DEBUG l.insoft.uztis.tests.FundingPageTest - Navigating to funding menu.
2025-05-21 08:24:17 [main] INFO  l.insoft.uztis.tests.FundingPageTest - Test 'testNavigateToFundingPage' completed successfully.
2025-05-21 08:24:33 [main] INFO  lt.insoft.uztis.tests.UztisPageTest - Navigated to https://uztisdev.asseco.lt/home
2025-05-21 08:24:33 [main] INFO  l.insoft.uztis.tests.FundingPageTest - Starting test:'testFundApplication'
2025-05-21 08:24:33 [main] DEBUG l.insoft.uztis.tests.FundingPageTest - User logged in with test credentials
2025-05-21 08:24:34 [main] DEBUG l.insoft.uztis.tests.FundingPageTest - Opened 'Application Processing' menu.
2025-05-21 08:24:34 [main] DEBUG l.insoft.uztis.tests.FundingPageTest - Clicked on 'Application Forms' menu.
2025-05-21 08:24:34 [main] DEBUG l.insoft.uztis.tests.FundingPageTest - Retrieved last description code text: 'TST-VUI-32'.
2025-05-21 08:24:34 [main] DEBUG l.insoft.uztis.tests.FundingPageTest - Clicked on 'Invitation' menu.
2025-05-21 08:24:36 [main] DEBUG l.insoft.uztis.tests.FundingPageTest - Selected application section by code: 'TST-VUI-32'.
2025-05-21 08:24:36 [main] DEBUG l.insoft.uztis.tests.FundingPageTest - Clicked 'Search' button.
2025-05-21 08:24:36 [main] DEBUG l.insoft.uztis.tests.FundingPageTest - Retrieved invitation code: ''.
2025-05-21 08:24:36 [main] DEBUG l.insoft.uztis.tests.FundingPageTest - Clicked on 'Funding Queue' menu.
2025-05-21 08:24:38 [main] DEBUG l.insoft.uztis.tests.FundingPageTest - Selected invitation by code: 'TST-VUI-32'.
2025-05-21 08:24:38 [main] DEBUG l.insoft.uztis.tests.FundingPageTest - Invitation code inserted.
2025-05-21 08:24:38 [main] DEBUG l.insoft.uztis.tests.FundingPageTest - Clicked 'Form'.
2025-05-21 08:24:38 [main] DEBUG l.insoft.uztis.tests.FundingPageTest - Clicked 'Finance'.
2025-05-21 08:24:38 [main] DEBUG l.insoft.uztis.tests.FundingPageTest - Entered order number 'VUI_1'.
2025-05-21 08:24:39 [main] DEBUG l.insoft.uztis.tests.FundingPageTest - Clicked 'Finance Confirmation'.
2025-05-21 08:24:39 [main] DEBUG l.i.uztis.pages.ApplicationFormsPage - Verified success message: 'Funkcija sėkmingai atlikta.'
2025-05-21 08:24:39 [main] INFO  l.insoft.uztis.tests.FundingPageTest - Verified success message
2025-05-21 08:24:39 [main] INFO  l.insoft.uztis.tests.FundingPageTest - Test 'testFundApplication' completed successfully.
2025-05-21 08:58:03 [main] INFO  lt.insoft.uztis.tests.UztisPageTest - Navigated to https://uztisdev.asseco.lt/home
2025-05-21 08:58:03 [main] INFO  l.i.u.t.SubmittedApplicationsPageTest - Starting test:'testFillNewVUIPApplicationFA'
2025-05-21 08:58:03 [main] DEBUG l.i.u.t.SubmittedApplicationsPageTest - User logged in with test credentials.
2025-05-21 08:58:04 [main] DEBUG l.i.u.t.SubmittedApplicationsPageTest - Opened 'Application Processing' menu.
2025-05-21 08:58:04 [main] DEBUG l.i.u.t.SubmittedApplicationsPageTest - Clicked on 'Application Forms' menu.
2025-05-21 08:58:04 [main] DEBUG l.i.u.t.SubmittedApplicationsPageTest - Retrieved last description code text: 'TST-VUI-32'.
2025-05-21 08:58:04 [main] DEBUG l.i.u.t.SubmittedApplicationsPageTest - Clicked on 'Invitation' menu.
2025-05-21 08:58:06 [main] DEBUG l.i.u.t.SubmittedApplicationsPageTest - Selected application section by code: 'TST-VUI-32'.
2025-05-21 08:58:06 [main] DEBUG l.i.u.t.SubmittedApplicationsPageTest - Clicked 'Search' button.
2025-05-21 08:58:06 [main] DEBUG l.i.u.t.SubmittedApplicationsPageTest - Retrieved invitation code: ''.
2025-05-21 08:58:06 [main] DEBUG l.i.u.t.SubmittedApplicationsPageTest - Clicked on 'Submitted Applications' menu.
2025-05-21 08:58:07 [main] DEBUG l.i.u.t.SubmittedApplicationsPageTest - Selected invitation by code: 'TST-VUI-32'.
2025-05-21 08:58:07 [main] DEBUG l.i.u.t.SubmittedApplicationsPageTest - Invitation code inserted.
2025-05-21 08:58:08 [main] DEBUG l.i.u.t.SubmittedApplicationsPageTest - Clicked on 'Action Application' button.
2025-05-21 08:58:08 [main] DEBUG l.i.u.t.SubmittedApplicationsPageTest - Clicked on 'New Application' button.
2025-05-21 08:58:08 [main] DEBUG l.i.u.t.SubmittedApplicationsPageTest - Selected the 'RadioButtonFA' option.
2025-05-21 08:58:08 [main] DEBUG l.i.u.t.SubmittedApplicationsPageTest - Entered phone number: '61298745'.
2025-05-21 08:58:09 [main] DEBUG l.i.u.t.SubmittedApplicationsPageTest - Entered email: 'test@autotest.com'.
2025-05-21 08:58:09 [main] INFO  l.i.u.p.SubmittedApplicationsPage - Clicking on the dropdown button.
2025-05-21 08:58:24 [main] INFO  l.i.u.p.SubmittedApplicationsPage - Found 1741 options in the dropdown.
2025-05-21 08:58:24 [main] DEBUG l.i.u.p.SubmittedApplicationsPage - Checking option: ''
2025-05-21 08:58:24 [main] DEBUG l.i.u.p.SubmittedApplicationsPage - Checking option: '01.11 - Grūdinių (išskyrus ryžius), ankštinių ir aliejingų sėklų augalų auginimas'
2025-05-21 08:58:24 [main] INFO  l.i.u.p.SubmittedApplicationsPage - Successfully selected the value: '01.11 - Grūdinių (išskyrus ryžius), ankštinių ir aliejingų sėklų augalų auginimas'
2025-05-21 08:58:24 [main] INFO  l.i.u.p.SubmittedApplicationsPage - Attempting to close the dropdown.
2025-05-21 08:58:24 [main] DEBUG l.i.u.t.SubmittedApplicationsPageTest - Selected EVRK value: '01.11 - Grūdinių (išskyrus ryžius), ankštinių ir aliejingų sėklų augalų auginimas'.
2025-05-21 08:58:25 [main] DEBUG l.i.u.t.SubmittedApplicationsPageTest - Clicked on 'Address Component' button.
2025-05-21 08:58:25 [main] INFO  l.i.u.p.SubmittedApplicationsPage - Located the dropdown button.
2025-05-21 08:58:28 [main] INFO  l.i.u.p.SubmittedApplicationsPage - Successfully selected the value: 'Lietuva'
2025-05-21 08:58:28 [main] DEBUG l.i.u.t.SubmittedApplicationsPageTest - Selected country: 'Lietuva'.
2025-05-21 08:58:28 [main] INFO  l.i.u.p.SubmittedApplicationsPage - Located the dropdown search field.
2025-05-21 08:58:28 [main] INFO  l.i.u.p.SubmittedApplicationsPage - Dropdown city is opened.
2025-05-21 08:58:28 [main] INFO  l.i.u.p.SubmittedApplicationsPage - Searched for value: 'Vilnius'
2025-05-21 08:58:29 [main] INFO  l.i.u.p.SubmittedApplicationsPage - Successfully selected: 'Vilnius'
2025-05-21 08:58:29 [main] INFO  l.i.u.p.SubmittedApplicationsPage - Located the dropdown button.
2025-05-21 08:58:29 [main] INFO  l.i.u.p.SubmittedApplicationsPage - Successfully selected the value: 'A. Domaševičiaus g.'
2025-05-21 08:58:29 [main] DEBUG l.i.u.t.SubmittedApplicationsPageTest - Selected street: 'A. Domaševičiaus g.'.
2025-05-21 08:58:29 [main] INFO  l.i.u.p.SubmittedApplicationsPage - Located the dropdown button.
2025-05-21 08:58:30 [main] INFO  l.i.u.p.SubmittedApplicationsPage - Successfully selected the value: '1'
2025-05-21 08:58:30 [main] DEBUG l.i.u.t.SubmittedApplicationsPageTest - Selected house: '1'.
2025-05-21 08:58:30 [main] INFO  l.i.u.p.SubmittedApplicationsPage - Located the dropdown button.
2025-05-21 08:58:30 [main] INFO  l.i.u.p.SubmittedApplicationsPage - Successfully selected the value: '1'
2025-05-21 08:58:30 [main] DEBUG l.i.u.t.SubmittedApplicationsPageTest - Selected apartment: '1'.
2025-05-21 08:58:30 [main] DEBUG l.i.u.t.SubmittedApplicationsPageTest - Clicked 'Confirm' button.
2025-05-21 08:58:30 [main] DEBUG l.i.u.t.SubmittedApplicationsPageTest - Entered project date.
2025-05-21 08:58:30 [main] DEBUG l.i.u.t.SubmittedApplicationsPageTest - Entered job count: '1'.
2025-05-21 08:58:31 [main] DEBUG l.i.u.t.SubmittedApplicationsPageTest - Clicked 'Next' button.
2025-05-21 08:58:31 [main] INFO  l.i.u.p.SubmittedApplicationsPage - Located the dropdown button.
2025-05-21 08:58:32 [main] INFO  l.i.u.p.SubmittedApplicationsPage - Successfully selected the value: 'Administratoriai'
2025-05-21 08:58:32 [main] DEBUG l.i.u.t.SubmittedApplicationsPageTest - Selected job name: 'Administratoriai'.
2025-05-21 08:58:32 [main] DEBUG l.i.u.t.SubmittedApplicationsPageTest - Entered job function: 'Funkcija 1'.
2025-05-21 08:58:32 [main] DEBUG l.i.u.t.SubmittedApplicationsPageTest - Selected 'RadioButtonWithDisabilities' option.
2025-05-21 08:58:32 [main] INFO  l.i.u.p.SubmittedApplicationsPage - Clicking on the dropdown button.
2025-05-21 08:58:33 [main] INFO  l.i.u.p.SubmittedApplicationsPage - Found 34 options in the dropdown.
2025-05-21 08:58:33 [main] DEBUG l.i.u.p.SubmittedApplicationsPage - Checking option: 'Asmenys, kuriems suteiktas pabėgėlio statusas ar perkeliamojo asmens statusas, arba asmenys, kuriems suteikta papildoma ar laikinoji apsauga, ir asmenys, turintys teisę gauti laikinąją apsaugą, iki sprendimo dėl laikinosios apsaugos suteikimo (nesuteikimo) priėmimo, tačiau ne ilgiau kaip laikinosios apsaugos laikotarpiu'
2025-05-21 08:58:33 [main] DEBUG l.i.u.p.SubmittedApplicationsPage - Checking option: 'Asmenys, kuriems suteiktas pabėgėlio statusas ar perkeliamojo asmens statusas, arba asmenys, kuriems suteikta papildoma ar laikinoji apsauga, ir asmenys, turintys teisę gauti laikinąją apsaugą, iki sprendimo dėl laikinosios apsaugos suteikimo (nesuteikimo) priėmimo, tačiau ne ilgiau kaip laikinosios apsaugos laikotarpiu'
2025-05-21 08:58:33 [main] DEBUG l.i.u.p.SubmittedApplicationsPage - Checking option: 'Asmenys, turintys teisę į papildomas užimtumo garantijas pagal Lietuvos Respublikos valstybės įmonės Ignalinos atominės elektrinės darbuotojų papildomų užimtumo ir socialinių garantijų įstatymą'
2025-05-21 08:58:33 [main] DEBUG l.i.u.p.SubmittedApplicationsPage - Checking option: 'Asmenys, turintys teisę į papildomas užimtumo garantijas pagal Lietuvos Respublikos valstybės įmonės Ignalinos atominės elektrinės darbuotojų papildomų užimtumo ir socialinių garantijų įstatymą'
2025-05-21 08:58:33 [main] DEBUG l.i.u.p.SubmittedApplicationsPage - Checking option: 'Bedarbiai iki 29 metų'
2025-05-21 08:58:33 [main] DEBUG l.i.u.p.SubmittedApplicationsPage - Checking option: 'Bedarbiai iki 29 metų'
2025-05-21 08:58:33 [main] DEBUG l.i.u.p.SubmittedApplicationsPage - Checking option: 'Bedarbiai, kurie yra darbingo amžiaus neįgalieji, kuriems nustatytas 30–40 procentų darbingumo lygis arba vidutinis neįgalumo lygis'
2025-05-21 08:58:33 [main] DEBUG l.i.u.p.SubmittedApplicationsPage - Checking option: 'Bedarbiai, kurie yra darbingo amžiaus neįgalieji, kuriems nustatytas 30–40 procentų darbingumo lygis arba vidutinis neįgalumo lygis'
2025-05-21 08:58:33 [main] DEBUG l.i.u.p.SubmittedApplicationsPage - Checking option: 'Bedarbiai, kurie yra darbingo amžiaus neįgalieji, kuriems nustatytas 45–55 procentų darbingumo lygis arba lengvas neįgalumo lygis'
2025-05-21 08:58:33 [main] DEBUG l.i.u.p.SubmittedApplicationsPage - Checking option: 'Bedarbiai, kurie yra darbingo amžiaus neįgalieji, kuriems nustatytas 45–55 procentų darbingumo lygis arba lengvas neįgalumo lygis'
2025-05-21 08:58:33 [main] DEBUG l.i.u.p.SubmittedApplicationsPage - Checking option: 'Bedarbiai, kurie yra darbingo amžiaus neįgalieji, kuriems nustatytas iki 25 procentų darbingumo lygis arba sunkus neįgalumo lygis'
2025-05-21 08:58:33 [main] INFO  l.i.u.p.SubmittedApplicationsPage - Successfully selected the value: 'Bedarbiai, kurie yra darbingo amžiaus neįgalieji, kuriems nustatytas iki 25 procentų darbingumo lygis arba sunkus neįgalumo lygis'
2025-05-21 08:58:33 [main] INFO  l.i.u.p.SubmittedApplicationsPage - Attempting to close the dropdown.
2025-05-21 08:58:34 [main] DEBUG l.i.u.t.SubmittedApplicationsPageTest - Selected disabilities type: 'Bedarbiai, kurie yra darbingo amžiaus neįgalieji, kuriems nustatytas iki 25 procentų darbingumo lygis arba sunkus neįgalumo lygis'.
2025-05-21 08:58:34 [main] DEBUG l.i.u.t.SubmittedApplicationsPageTest - Entered disability information: 'Negalia 1'.
2025-05-21 08:58:34 [main] INFO  l.i.u.p.SubmittedApplicationsPage - Located the dropdown button.
2025-05-21 08:58:34 [main] INFO  l.i.u.p.SubmittedApplicationsPage - Successfully selected the value: 'Kita'
2025-05-21 08:58:34 [main] DEBUG l.i.u.t.SubmittedApplicationsPageTest - Selected time mode: 'Kita'.
2025-05-21 08:58:35 [main] DEBUG l.i.u.t.SubmittedApplicationsPageTest - Selected time mode other: '6 val. per dieną ir 4 d. per savaitę'.
2025-05-21 08:58:35 [main] DEBUG l.i.u.t.SubmittedApplicationsPageTest - Entered qualification: 'Kvalifikacija 1'.
2025-05-21 08:58:35 [main] DEBUG l.i.u.t.SubmittedApplicationsPageTest - Entered job date.
2025-05-21 08:58:35 [main] DEBUG l.i.u.t.SubmittedApplicationsPageTest - Entered salary amount: '1200'.
2025-05-21 08:58:36 [main] DEBUG l.i.u.t.SubmittedApplicationsPageTest - Entered salary description: 'Užmokestis 1'.
2025-05-21 08:58:36 [main] DEBUG l.i.u.t.SubmittedApplicationsPageTest - Selected 'Temporary Job' radio button.
2025-05-21 08:58:36 [main] DEBUG l.i.u.t.SubmittedApplicationsPageTest - Selected 'Season Job' radio button.
2025-05-21 08:58:36 [main] DEBUG l.i.u.t.SubmittedApplicationsPageTest - Selected 'Energy' radio button.
2025-05-21 08:58:36 [main] DEBUG l.i.u.t.SubmittedApplicationsPageTest - Selected 'Repair' radio button.
2025-05-21 08:58:37 [main] DEBUG l.i.u.t.SubmittedApplicationsPageTest - Entered job description: 'Veikla 1'.
2025-05-21 08:58:37 [main] DEBUG l.i.u.t.SubmittedApplicationsPageTest - Entered process description: 'Procesas 1'.
2025-05-21 08:58:37 [main] DEBUG l.i.u.t.SubmittedApplicationsPageTest - Entered energy information: 'Energija 1'.
2025-05-21 08:58:38 [main] DEBUG l.i.u.t.SubmittedApplicationsPageTest - Entered repair information: 'Remontas 1'.
2025-05-21 08:58:38 [main] DEBUG l.i.u.t.SubmittedApplicationsPageTest - Selected 'PVM' radio button.
2025-05-21 08:58:38 [main] INFO  l.i.u.p.SubmittedApplicationsPage - Located the dropdown button.
2025-05-21 08:58:38 [main] INFO  l.i.u.p.SubmittedApplicationsPage - Successfully selected the value: 'Įsigyti'
2025-05-21 08:58:38 [main] DEBUG l.i.u.t.SubmittedApplicationsPageTest - Selected necessary for job: 'Įsigyti'.
2025-05-21 08:58:38 [main] DEBUG l.i.u.t.SubmittedApplicationsPageTest - Selected tool: 'Darbo priemonė 1'.
2025-05-21 08:58:39 [main] DEBUG l.i.u.t.SubmittedApplicationsPageTest - Selected tool parameter one: 'Darbo priemonės 1 parametras 1'.
2025-05-21 08:58:39 [main] DEBUG l.i.u.t.SubmittedApplicationsPageTest - Selected tool parameter two: 'Darbo priemonės 1 parametras 2'.
2025-05-21 08:58:39 [main] DEBUG l.i.u.t.SubmittedApplicationsPageTest - Selected tool parameter three: 'Darbo priemonės 1 parametras 3'.
2025-05-21 08:58:39 [main] DEBUG l.i.u.t.SubmittedApplicationsPageTest - Entered tool count: '1'.
2025-05-21 08:58:40 [main] DEBUG l.i.u.t.SubmittedApplicationsPageTest - Entered price amount 1: '1000'.
2025-05-21 08:58:42 [main] DEBUG l.i.u.t.SubmittedApplicationsPageTest - Entered own funds amount 1: '800'.
2025-05-21 08:58:44 [main] DEBUG l.i.u.t.SubmittedApplicationsPageTest - Clicked 'Add' button.
2025-05-21 08:58:44 [main] INFO  l.i.u.p.SubmittedApplicationsPage - Located the dropdown button.
2025-05-21 08:58:45 [main] INFO  l.i.u.p.SubmittedApplicationsPage - Successfully selected the value: 'Remontuoti'
2025-05-21 08:58:45 [main] DEBUG l.i.u.t.SubmittedApplicationsPageTest - Selected necessary for job 'to repair': 'Remontuoti'.
2025-05-21 08:58:45 [main] DEBUG l.i.u.t.SubmittedApplicationsPageTest - Selected repair name: 'Remonto pavadinimas 1'.
2025-05-21 08:58:45 [main] DEBUG l.i.u.t.SubmittedApplicationsPageTest - Entered repair information: 'Remonto aprašymas 1'.
2025-05-21 08:58:45 [main] DEBUG l.i.u.t.SubmittedApplicationsPageTest - Entered price amount 2: '1000'.
2025-05-21 08:58:48 [main] DEBUG l.i.u.t.SubmittedApplicationsPageTest - Entered own funds amount 2: '900'.
2025-05-21 08:58:50 [main] DEBUG l.i.u.t.SubmittedApplicationsPageTest - Clicked 'AddRemoved' button.
2025-05-21 08:58:52 [main] DEBUG l.i.u.t.SubmittedApplicationsPageTest - Clicked 'Remove' button.
2025-05-21 08:58:54 [main] DEBUG l.i.u.t.SubmittedApplicationsPageTest - Clicked 'Remove Confirmation' button.
2025-05-21 08:58:56 [main] DEBUG l.i.u.t.SubmittedApplicationsPageTest - Entered country percentage: '50'.
2025-05-21 08:58:56 [main] DEBUG l.i.u.t.SubmittedApplicationsPageTest - Entered institution percentage: '50'.
2025-05-21 08:58:57 [main] DEBUG l.i.u.t.SubmittedApplicationsPageTest - Entered municipality percentage: '50'.
2025-05-21 08:58:57 [main] DEBUG l.i.u.t.SubmittedApplicationsPageTest - Selected 'De Minimis' radio button.
2025-05-21 08:58:57 [main] DEBUG l.i.u.t.SubmittedApplicationsPageTest - Entered program name: 'Programa 1'.
2025-05-21 08:58:57 [main] DEBUG l.i.u.t.SubmittedApplicationsPageTest - Entered project date from.
2025-05-21 08:58:57 [main] DEBUG l.i.u.t.SubmittedApplicationsPageTest - Entered project date until.
2025-05-21 08:58:57 [main] DEBUG l.i.u.t.SubmittedApplicationsPageTest - Entered support amount: '2000'.
2025-05-21 08:58:57 [main] DEBUG l.i.u.t.SubmittedApplicationsPageTest - Clicked 'Next' button.
2025-05-21 08:59:08 [main] DEBUG l.i.u.t.SubmittedApplicationsPageTest - Checked 'Legal Entities' checkbox 1.
2025-05-21 08:59:18 [main] DEBUG l.i.u.t.SubmittedApplicationsPageTest - Checked 'Legal Entities' checkbox 2.
2025-05-21 08:59:28 [main] DEBUG l.i.u.t.SubmittedApplicationsPageTest - Checked 'Legal Entities' checkbox 3.
2025-05-21 08:59:28 [main] DEBUG l.i.u.t.SubmittedApplicationsPageTest - Test finished: All 'Legal Entities' checkboxes checked successfully.
2025-05-21 08:59:28 [main] DEBUG l.i.u.t.SubmittedApplicationsPageTest - Clicked 'Next' button after checkboxes.
2025-05-21 08:59:38 [main] ERROR l.i.u.p.SubmittedApplicationsPage - Error selecting radio button: Expected condition failed: waiting for element to be clickable: By.xpath: (//input[@type='radio' and @value='false'])[8] (tried for 10 second(s) with 500 milliseconds interval)
Build info: version: '4.27.0', revision: 'd6e718d134'
System info: os.name: 'Windows 11', os.arch: 'amd64', os.version: '10.0', java.version: '21.0.3'
Driver info: org.openqa.selenium.chrome.ChromeDriver
Capabilities {acceptInsecureCerts: false, browserName: chrome, browserVersion: 136.0.7103.114, chrome: {chromedriverVersion: 136.0.7103.94 (fa0be0b33deb..., userDataDir: C:\Users\INGRID~1.ZAD\AppDa...}, fedcm:accounts: true, goog:chromeOptions: {debuggerAddress: localhost:64090}, networkConnectionEnabled: false, pageLoadStrategy: normal, platformName: windows, proxy: Proxy(), se:cdp: ws://localhost:64090/devtoo..., se:cdpVersion: 136.0.7103.114, setWindowRect: true, strictFileInteractability: false, timeouts: {implicit: 0, pageLoad: 300000, script: 30000}, unhandledPromptBehavior: dismiss and notify, webauthn:extension:credBlob: true, webauthn:extension:largeBlob: true, webauthn:extension:minPinLength: true, webauthn:extension:prf: true, webauthn:virtualAuthenticators: true}
Session ID: 58f0f33df850aee0ea5116bef351f814
2025-05-21 08:59:38 [main] INFO  l.i.u.t.SubmittedApplicationsPageTest - Marking 'Ne' radio button 1
2025-05-21 08:59:48 [main] ERROR l.i.u.p.SubmittedApplicationsPage - Error selecting radio button: Expected condition failed: waiting for element to be clickable: By.xpath: (//input[@type='radio' and @value='false'])[9] (tried for 10 second(s) with 500 milliseconds interval)
Build info: version: '4.27.0', revision: 'd6e718d134'
System info: os.name: 'Windows 11', os.arch: 'amd64', os.version: '10.0', java.version: '21.0.3'
Driver info: org.openqa.selenium.chrome.ChromeDriver
Capabilities {acceptInsecureCerts: false, browserName: chrome, browserVersion: 136.0.7103.114, chrome: {chromedriverVersion: 136.0.7103.94 (fa0be0b33deb..., userDataDir: C:\Users\INGRID~1.ZAD\AppDa...}, fedcm:accounts: true, goog:chromeOptions: {debuggerAddress: localhost:64090}, networkConnectionEnabled: false, pageLoadStrategy: normal, platformName: windows, proxy: Proxy(), se:cdp: ws://localhost:64090/devtoo..., se:cdpVersion: 136.0.7103.114, setWindowRect: true, strictFileInteractability: false, timeouts: {implicit: 0, pageLoad: 300000, script: 30000}, unhandledPromptBehavior: dismiss and notify, webauthn:extension:credBlob: true, webauthn:extension:largeBlob: true, webauthn:extension:minPinLength: true, webauthn:extension:prf: true, webauthn:virtualAuthenticators: true}
Session ID: 58f0f33df850aee0ea5116bef351f814
2025-05-21 08:59:48 [main] INFO  l.i.u.t.SubmittedApplicationsPageTest - Marking 'Ne' radio button 2
2025-05-21 08:59:58 [main] ERROR l.i.u.p.SubmittedApplicationsPage - Error selecting radio button: Expected condition failed: waiting for element to be clickable: By.xpath: (//input[@type='radio' and @value='false'])[10] (tried for 10 second(s) with 500 milliseconds interval)
Build info: version: '4.27.0', revision: 'd6e718d134'
System info: os.name: 'Windows 11', os.arch: 'amd64', os.version: '10.0', java.version: '21.0.3'
Driver info: org.openqa.selenium.chrome.ChromeDriver
Capabilities {acceptInsecureCerts: false, browserName: chrome, browserVersion: 136.0.7103.114, chrome: {chromedriverVersion: 136.0.7103.94 (fa0be0b33deb..., userDataDir: C:\Users\INGRID~1.ZAD\AppDa...}, fedcm:accounts: true, goog:chromeOptions: {debuggerAddress: localhost:64090}, networkConnectionEnabled: false, pageLoadStrategy: normal, platformName: windows, proxy: Proxy(), se:cdp: ws://localhost:64090/devtoo..., se:cdpVersion: 136.0.7103.114, setWindowRect: true, strictFileInteractability: false, timeouts: {implicit: 0, pageLoad: 300000, script: 30000}, unhandledPromptBehavior: dismiss and notify, webauthn:extension:credBlob: true, webauthn:extension:largeBlob: true, webauthn:extension:minPinLength: true, webauthn:extension:prf: true, webauthn:virtualAuthenticators: true}
Session ID: 58f0f33df850aee0ea5116bef351f814
2025-05-21 08:59:59 [main] INFO  l.i.u.t.SubmittedApplicationsPageTest - Marking 'Ne' radio button 3
2025-05-21 09:00:09 [main] ERROR l.i.u.p.SubmittedApplicationsPage - Error selecting radio button: Expected condition failed: waiting for element to be clickable: By.xpath: (//input[@type='radio' and @value='false'])[11] (tried for 10 second(s) with 500 milliseconds interval)
Build info: version: '4.27.0', revision: 'd6e718d134'
System info: os.name: 'Windows 11', os.arch: 'amd64', os.version: '10.0', java.version: '21.0.3'
Driver info: org.openqa.selenium.chrome.ChromeDriver
Capabilities {acceptInsecureCerts: false, browserName: chrome, browserVersion: 136.0.7103.114, chrome: {chromedriverVersion: 136.0.7103.94 (fa0be0b33deb..., userDataDir: C:\Users\INGRID~1.ZAD\AppDa...}, fedcm:accounts: true, goog:chromeOptions: {debuggerAddress: localhost:64090}, networkConnectionEnabled: false, pageLoadStrategy: normal, platformName: windows, proxy: Proxy(), se:cdp: ws://localhost:64090/devtoo..., se:cdpVersion: 136.0.7103.114, setWindowRect: true, strictFileInteractability: false, timeouts: {implicit: 0, pageLoad: 300000, script: 30000}, unhandledPromptBehavior: dismiss and notify, webauthn:extension:credBlob: true, webauthn:extension:largeBlob: true, webauthn:extension:minPinLength: true, webauthn:extension:prf: true, webauthn:virtualAuthenticators: true}
Session ID: 58f0f33df850aee0ea5116bef351f814
2025-05-21 09:00:09 [main] INFO  l.i.u.t.SubmittedApplicationsPageTest - Marking 'Ne' radio button 4
2025-05-21 09:00:19 [main] ERROR l.i.u.p.SubmittedApplicationsPage - Error selecting radio button: Expected condition failed: waiting for element to be clickable: By.xpath: (//input[@type='radio' and @value='false'])[12] (tried for 10 second(s) with 500 milliseconds interval)
Build info: version: '4.27.0', revision: 'd6e718d134'
System info: os.name: 'Windows 11', os.arch: 'amd64', os.version: '10.0', java.version: '21.0.3'
Driver info: org.openqa.selenium.chrome.ChromeDriver
Capabilities {acceptInsecureCerts: false, browserName: chrome, browserVersion: 136.0.7103.114, chrome: {chromedriverVersion: 136.0.7103.94 (fa0be0b33deb..., userDataDir: C:\Users\INGRID~1.ZAD\AppDa...}, fedcm:accounts: true, goog:chromeOptions: {debuggerAddress: localhost:64090}, networkConnectionEnabled: false, pageLoadStrategy: normal, platformName: windows, proxy: Proxy(), se:cdp: ws://localhost:64090/devtoo..., se:cdpVersion: 136.0.7103.114, setWindowRect: true, strictFileInteractability: false, timeouts: {implicit: 0, pageLoad: 300000, script: 30000}, unhandledPromptBehavior: dismiss and notify, webauthn:extension:credBlob: true, webauthn:extension:largeBlob: true, webauthn:extension:minPinLength: true, webauthn:extension:prf: true, webauthn:virtualAuthenticators: true}
Session ID: 58f0f33df850aee0ea5116bef351f814
2025-05-21 09:00:19 [main] INFO  l.i.u.t.SubmittedApplicationsPageTest - Marking 'Ne' radio button 5
2025-05-21 09:00:29 [main] ERROR l.i.u.p.SubmittedApplicationsPage - Error selecting radio button: Expected condition failed: waiting for element to be clickable: By.xpath: (//input[@type='radio' and @value='false'])[13] (tried for 10 second(s) with 500 milliseconds interval)
Build info: version: '4.27.0', revision: 'd6e718d134'
System info: os.name: 'Windows 11', os.arch: 'amd64', os.version: '10.0', java.version: '21.0.3'
Driver info: org.openqa.selenium.chrome.ChromeDriver
Capabilities {acceptInsecureCerts: false, browserName: chrome, browserVersion: 136.0.7103.114, chrome: {chromedriverVersion: 136.0.7103.94 (fa0be0b33deb..., userDataDir: C:\Users\INGRID~1.ZAD\AppDa...}, fedcm:accounts: true, goog:chromeOptions: {debuggerAddress: localhost:64090}, networkConnectionEnabled: false, pageLoadStrategy: normal, platformName: windows, proxy: Proxy(), se:cdp: ws://localhost:64090/devtoo..., se:cdpVersion: 136.0.7103.114, setWindowRect: true, strictFileInteractability: false, timeouts: {implicit: 0, pageLoad: 300000, script: 30000}, unhandledPromptBehavior: dismiss and notify, webauthn:extension:credBlob: true, webauthn:extension:largeBlob: true, webauthn:extension:minPinLength: true, webauthn:extension:prf: true, webauthn:virtualAuthenticators: true}
Session ID: 58f0f33df850aee0ea5116bef351f814
2025-05-21 09:00:29 [main] INFO  l.i.u.t.SubmittedApplicationsPageTest - Marking 'Ne' radio button 6
2025-05-21 09:00:39 [main] ERROR l.i.u.p.SubmittedApplicationsPage - Error selecting radio button: Expected condition failed: waiting for element to be clickable: By.xpath: (//input[@type='radio' and @value='true'])[14] (tried for 10 second(s) with 500 milliseconds interval)
Build info: version: '4.27.0', revision: 'd6e718d134'
System info: os.name: 'Windows 11', os.arch: 'amd64', os.version: '10.0', java.version: '21.0.3'
Driver info: org.openqa.selenium.chrome.ChromeDriver
Capabilities {acceptInsecureCerts: false, browserName: chrome, browserVersion: 136.0.7103.114, chrome: {chromedriverVersion: 136.0.7103.94 (fa0be0b33deb..., userDataDir: C:\Users\INGRID~1.ZAD\AppDa...}, fedcm:accounts: true, goog:chromeOptions: {debuggerAddress: localhost:64090}, networkConnectionEnabled: false, pageLoadStrategy: normal, platformName: windows, proxy: Proxy(), se:cdp: ws://localhost:64090/devtoo..., se:cdpVersion: 136.0.7103.114, setWindowRect: true, strictFileInteractability: false, timeouts: {implicit: 0, pageLoad: 300000, script: 30000}, unhandledPromptBehavior: dismiss and notify, webauthn:extension:credBlob: true, webauthn:extension:largeBlob: true, webauthn:extension:minPinLength: true, webauthn:extension:prf: true, webauthn:virtualAuthenticators: true}
Session ID: 58f0f33df850aee0ea5116bef351f814
2025-05-21 09:00:39 [main] INFO  l.i.u.t.SubmittedApplicationsPageTest - Marking 'Taip' radio button 7
2025-05-21 09:00:49 [main] ERROR l.i.u.p.SubmittedApplicationsPage - Error selecting radio button: Expected condition failed: waiting for element to be clickable: By.xpath: (//input[@type='radio' and @value='true'])[15] (tried for 10 second(s) with 500 milliseconds interval)
Build info: version: '4.27.0', revision: 'd6e718d134'
System info: os.name: 'Windows 11', os.arch: 'amd64', os.version: '10.0', java.version: '21.0.3'
Driver info: org.openqa.selenium.chrome.ChromeDriver
Capabilities {acceptInsecureCerts: false, browserName: chrome, browserVersion: 136.0.7103.114, chrome: {chromedriverVersion: 136.0.7103.94 (fa0be0b33deb..., userDataDir: C:\Users\INGRID~1.ZAD\AppDa...}, fedcm:accounts: true, goog:chromeOptions: {debuggerAddress: localhost:64090}, networkConnectionEnabled: false, pageLoadStrategy: normal, platformName: windows, proxy: Proxy(), se:cdp: ws://localhost:64090/devtoo..., se:cdpVersion: 136.0.7103.114, setWindowRect: true, strictFileInteractability: false, timeouts: {implicit: 0, pageLoad: 300000, script: 30000}, unhandledPromptBehavior: dismiss and notify, webauthn:extension:credBlob: true, webauthn:extension:largeBlob: true, webauthn:extension:minPinLength: true, webauthn:extension:prf: true, webauthn:virtualAuthenticators: true}
Session ID: 58f0f33df850aee0ea5116bef351f814
2025-05-21 09:00:49 [main] INFO  l.i.u.t.SubmittedApplicationsPageTest - Marking 'Taip' radio button 8
2025-05-21 09:00:59 [main] ERROR l.i.u.p.SubmittedApplicationsPage - Error selecting radio button: Expected condition failed: waiting for element to be clickable: By.xpath: (//input[@type='radio' and @value='true'])[16] (tried for 10 second(s) with 500 milliseconds interval)
Build info: version: '4.27.0', revision: 'd6e718d134'
System info: os.name: 'Windows 11', os.arch: 'amd64', os.version: '10.0', java.version: '21.0.3'
Driver info: org.openqa.selenium.chrome.ChromeDriver
Capabilities {acceptInsecureCerts: false, browserName: chrome, browserVersion: 136.0.7103.114, chrome: {chromedriverVersion: 136.0.7103.94 (fa0be0b33deb..., userDataDir: C:\Users\INGRID~1.ZAD\AppDa...}, fedcm:accounts: true, goog:chromeOptions: {debuggerAddress: localhost:64090}, networkConnectionEnabled: false, pageLoadStrategy: normal, platformName: windows, proxy: Proxy(), se:cdp: ws://localhost:64090/devtoo..., se:cdpVersion: 136.0.7103.114, setWindowRect: true, strictFileInteractability: false, timeouts: {implicit: 0, pageLoad: 300000, script: 30000}, unhandledPromptBehavior: dismiss and notify, webauthn:extension:credBlob: true, webauthn:extension:largeBlob: true, webauthn:extension:minPinLength: true, webauthn:extension:prf: true, webauthn:virtualAuthenticators: true}
Session ID: 58f0f33df850aee0ea5116bef351f814
2025-05-21 09:00:59 [main] INFO  l.i.u.t.SubmittedApplicationsPageTest - Marking 'Taip' radio button 9
2025-05-21 09:01:09 [main] ERROR l.i.u.p.SubmittedApplicationsPage - Error selecting radio button: Expected condition failed: waiting for element to be clickable: By.xpath: (//input[@type='radio' and @value='true'])[17] (tried for 10 second(s) with 500 milliseconds interval)
Build info: version: '4.27.0', revision: 'd6e718d134'
System info: os.name: 'Windows 11', os.arch: 'amd64', os.version: '10.0', java.version: '21.0.3'
Driver info: org.openqa.selenium.chrome.ChromeDriver
Capabilities {acceptInsecureCerts: false, browserName: chrome, browserVersion: 136.0.7103.114, chrome: {chromedriverVersion: 136.0.7103.94 (fa0be0b33deb..., userDataDir: C:\Users\INGRID~1.ZAD\AppDa...}, fedcm:accounts: true, goog:chromeOptions: {debuggerAddress: localhost:64090}, networkConnectionEnabled: false, pageLoadStrategy: normal, platformName: windows, proxy: Proxy(), se:cdp: ws://localhost:64090/devtoo..., se:cdpVersion: 136.0.7103.114, setWindowRect: true, strictFileInteractability: false, timeouts: {implicit: 0, pageLoad: 300000, script: 30000}, unhandledPromptBehavior: dismiss and notify, webauthn:extension:credBlob: true, webauthn:extension:largeBlob: true, webauthn:extension:minPinLength: true, webauthn:extension:prf: true, webauthn:virtualAuthenticators: true}
Session ID: 58f0f33df850aee0ea5116bef351f814
2025-05-21 09:01:09 [main] INFO  l.i.u.t.SubmittedApplicationsPageTest - Marking 'Taip' radio button 10
2025-05-21 09:01:19 [main] ERROR l.i.u.p.SubmittedApplicationsPage - Error selecting radio button: Expected condition failed: waiting for element to be clickable: By.xpath: (//input[@type='radio' and @value='true'])[18] (tried for 10 second(s) with 500 milliseconds interval)
Build info: version: '4.27.0', revision: 'd6e718d134'
System info: os.name: 'Windows 11', os.arch: 'amd64', os.version: '10.0', java.version: '21.0.3'
Driver info: org.openqa.selenium.chrome.ChromeDriver
Capabilities {acceptInsecureCerts: false, browserName: chrome, browserVersion: 136.0.7103.114, chrome: {chromedriverVersion: 136.0.7103.94 (fa0be0b33deb..., userDataDir: C:\Users\INGRID~1.ZAD\AppDa...}, fedcm:accounts: true, goog:chromeOptions: {debuggerAddress: localhost:64090}, networkConnectionEnabled: false, pageLoadStrategy: normal, platformName: windows, proxy: Proxy(), se:cdp: ws://localhost:64090/devtoo..., se:cdpVersion: 136.0.7103.114, setWindowRect: true, strictFileInteractability: false, timeouts: {implicit: 0, pageLoad: 300000, script: 30000}, unhandledPromptBehavior: dismiss and notify, webauthn:extension:credBlob: true, webauthn:extension:largeBlob: true, webauthn:extension:minPinLength: true, webauthn:extension:prf: true, webauthn:virtualAuthenticators: true}
Session ID: 58f0f33df850aee0ea5116bef351f814
2025-05-21 09:01:19 [main] INFO  l.i.u.t.SubmittedApplicationsPageTest - Marking 'Taip' radio button 11
2025-05-21 09:01:30 [main] ERROR l.i.u.p.SubmittedApplicationsPage - Error selecting radio button: Expected condition failed: waiting for element to be clickable: By.xpath: (//input[@type='radio' and @value='true'])[19] (tried for 10 second(s) with 500 milliseconds interval)
Build info: version: '4.27.0', revision: 'd6e718d134'
System info: os.name: 'Windows 11', os.arch: 'amd64', os.version: '10.0', java.version: '21.0.3'
Driver info: org.openqa.selenium.chrome.ChromeDriver
Capabilities {acceptInsecureCerts: false, browserName: chrome, browserVersion: 136.0.7103.114, chrome: {chromedriverVersion: 136.0.7103.94 (fa0be0b33deb..., userDataDir: C:\Users\INGRID~1.ZAD\AppDa...}, fedcm:accounts: true, goog:chromeOptions: {debuggerAddress: localhost:64090}, networkConnectionEnabled: false, pageLoadStrategy: normal, platformName: windows, proxy: Proxy(), se:cdp: ws://localhost:64090/devtoo..., se:cdpVersion: 136.0.7103.114, setWindowRect: true, strictFileInteractability: false, timeouts: {implicit: 0, pageLoad: 300000, script: 30000}, unhandledPromptBehavior: dismiss and notify, webauthn:extension:credBlob: true, webauthn:extension:largeBlob: true, webauthn:extension:minPinLength: true, webauthn:extension:prf: true, webauthn:virtualAuthenticators: true}
Session ID: 58f0f33df850aee0ea5116bef351f814
2025-05-21 09:01:30 [main] INFO  l.i.u.t.SubmittedApplicationsPageTest - Marking 'Taip' radio button 12
2025-05-21 09:01:40 [main] DEBUG l.i.u.t.SubmittedApplicationsPageTest - Checked 'ConfirmationStepFour'
2025-05-21 09:01:40 [main] DEBUG l.i.u.t.SubmittedApplicationsPageTest - Clicked 'Next' button after checkboxes.
2025-05-21 09:01:40 [main] INFO  l.i.u.p.SubmittedApplicationsPage - File uploaded successfully to an input element.
2025-05-21 09:01:40 [main] INFO  l.i.u.p.SubmittedApplicationsPage - File uploaded successfully to an input element.
2025-05-21 09:01:40 [main] INFO  l.i.u.p.SubmittedApplicationsPage - File uploaded successfully to an input element.
2025-05-21 09:01:40 [main] INFO  l.i.u.p.SubmittedApplicationsPage - File uploaded successfully to an input element.
2025-05-21 09:01:40 [main] INFO  l.i.u.p.SubmittedApplicationsPage - File uploaded successfully to an input element.
2025-05-21 09:01:40 [main] INFO  l.i.u.p.SubmittedApplicationsPage - File uploaded successfully to an input element.
2025-05-21 09:01:40 [main] INFO  l.i.u.p.SubmittedApplicationsPage - File uploaded successfully to an input element.
2025-05-21 09:01:40 [main] INFO  l.i.u.p.SubmittedApplicationsPage - File uploaded successfully to an input element.
2025-05-21 09:01:40 [main] INFO  l.i.u.p.SubmittedApplicationsPage - File uploaded successfully to an input element.
2025-05-21 09:01:40 [main] INFO  l.i.u.p.SubmittedApplicationsPage - File uploaded successfully to an input element.
2025-05-21 09:01:41 [main] DEBUG l.i.u.t.SubmittedApplicationsPageTest - Entered program name: 'Dokumentas 1'.
2025-05-21 09:01:41 [main] DEBUG l.i.u.t.SubmittedApplicationsPageTest - Entered program name: 'Dokumentas 2'.
2025-05-21 09:01:41 [main] DEBUG l.i.u.t.SubmittedApplicationsPageTest - Entered program name: 'Dokumentas 3'.
2025-05-21 09:01:41 [main] DEBUG l.i.u.t.SubmittedApplicationsPageTest - Entered program name: 'Dokumentas 4'.
2025-05-21 09:01:41 [main] DEBUG l.i.u.t.SubmittedApplicationsPageTest - Entered program name: 'Dokumentas 5'.
2025-05-21 09:01:41 [main] DEBUG l.i.u.t.SubmittedApplicationsPageTest - Entered program name: 'Dokumentas 6'.
2025-05-21 09:01:41 [main] DEBUG l.i.u.t.SubmittedApplicationsPageTest - Entered program name: 'Dokumentas 4'.
2025-05-21 09:01:42 [main] DEBUG l.i.u.t.SubmittedApplicationsPageTest - Entered program name: 'Dokumentas 8'.
2025-05-21 09:01:42 [main] DEBUG l.i.u.t.SubmittedApplicationsPageTest - Entered program name: 'Dokumentas 9'.
2025-05-21 09:01:42 [main] DEBUG l.i.u.t.SubmittedApplicationsPageTest - Entered program name: 'Dokumentas 10'.
2025-05-21 09:01:52 [main] DEBUG l.i.u.t.SubmittedApplicationsPageTest - Checked 'ConfirmationDocument'
2025-05-21 09:02:02 [main] DEBUG l.i.u.t.SubmittedApplicationsPageTest - Checked 'ConfirmationApplication'
2025-05-21 09:02:02 [main] DEBUG l.i.u.t.SubmittedApplicationsPageTest - Clicked 'SaveDraft' button after checkboxes.
2025-05-21 09:02:02 [main] DEBUG l.i.uztis.pages.ApplicationFormsPage - Verified success message: 'Ruošinys sėkmingai išsaugotas.'
2025-05-21 09:02:02 [main] INFO  l.i.u.t.SubmittedApplicationsPageTest - Verified success message
2025-05-21 09:02:02 [main] DEBUG l.i.u.t.SubmittedApplicationsPageTest - Clicked 'Review' button after checkboxes.
2025-05-21 09:02:04 [main] DEBUG l.i.u.t.SubmittedApplicationsPageTest - Clicked 'Submit' button after checkboxes.
2025-05-21 09:02:05 [main] DEBUG l.i.u.t.SubmittedApplicationsPageTest - Clicked 'SubmitConfirmation' button after checkboxes.
2025-05-21 09:02:05 [main] ERROR l.i.uztis.pages.ApplicationFormsPage - Failed to verify the success message: 'Paraiška sėkmingai pateikta ir užregistruota.'. Available messages: [Ruošinys sėkmingai išsaugotas.]
2025-05-21 09:02:05 [main] INFO  l.i.u.t.SubmittedApplicationsPageTest - Test 'testFillNewVUIApplicationFA' completed successfully.
2025-05-21 09:02:28 [main] INFO  lt.insoft.uztis.tests.UztisPageTest - Navigated to https://uztisdev.asseco.lt/home
2025-05-21 09:02:29 [main] INFO  l.i.u.t.SubmittedApplicationsPageTest - Starting test:'testAddEvaluators'
2025-05-21 09:02:29 [main] DEBUG l.i.u.t.SubmittedApplicationsPageTest - User logged in with test credentials.
2025-05-21 09:02:29 [main] DEBUG l.i.u.t.SubmittedApplicationsPageTest - Opened 'Application Processing' menu.
2025-05-21 09:02:30 [main] DEBUG l.i.u.t.SubmittedApplicationsPageTest - Clicked on 'Application Forms' menu.
2025-05-21 09:02:30 [main] DEBUG l.i.u.t.SubmittedApplicationsPageTest - Retrieved last description code text: 'TST-VUI-32'.
2025-05-21 09:02:30 [main] DEBUG l.i.u.t.SubmittedApplicationsPageTest - Clicked on 'Invitation' menu.
2025-05-21 09:02:32 [main] DEBUG l.i.u.t.SubmittedApplicationsPageTest - Selected application section by code: 'TST-VUI-32'.
2025-05-21 09:02:32 [main] DEBUG l.i.u.t.SubmittedApplicationsPageTest - Clicked 'Search' button.
2025-05-21 09:02:32 [main] DEBUG l.i.u.t.SubmittedApplicationsPageTest - Retrieved invitation code: ''.
2025-05-21 09:02:32 [main] DEBUG l.i.u.t.SubmittedApplicationsPageTest - Clicked on 'Submitted Applications' menu.
2025-05-21 09:02:33 [main] DEBUG l.i.u.t.SubmittedApplicationsPageTest - Selected invitation by code: 'TST-VUI-32'.
2025-05-21 09:02:33 [main] DEBUG l.i.u.t.SubmittedApplicationsPageTest - Invitation code inserted.
2025-05-21 09:02:34 [main] DEBUG l.i.u.t.SubmittedApplicationsPageTest - Clicked on 'Action Application' button.
2025-05-21 09:02:34 [main] DEBUG l.i.u.t.SubmittedApplicationsPageTest - Clicked on 'Add Evaluators' button.
2025-05-21 09:02:44 [main] ERROR l.i.u.t.SubmittedApplicationsPageTest - Test 'testAddEvaluators' failed with error: no such element: Unable to locate element: {"method":"xpath","selector":"//div[contains(@class, 'mat-mdc-form-field-infix')]//input[@type='text' and contains(@class, 'mat-datepicker-input')]"}
  (Session info: chrome=136.0.7103.114)
For documentation on this error, please visit: https://www.selenium.dev/documentation/webdriver/troubleshooting/errors#no-such-element-exception
Build info: version: '4.27.0', revision: 'd6e718d134'
System info: os.name: 'Windows 11', os.arch: 'amd64', os.version: '10.0', java.version: '21.0.3'
Driver info: org.openqa.selenium.chrome.ChromeDriver
Command: [a8f4a798d4a62875f89b91a0ee441675, findElement {using=xpath, value=//div[contains(@class, 'mat-mdc-form-field-infix')]//input[@type='text' and contains(@class, 'mat-datepicker-input')]}]
Capabilities {acceptInsecureCerts: false, browserName: chrome, browserVersion: 136.0.7103.114, chrome: {chromedriverVersion: 136.0.7103.94 (fa0be0b33deb..., userDataDir: C:\Users\INGRID~1.ZAD\AppDa...}, fedcm:accounts: true, goog:chromeOptions: {debuggerAddress: localhost:64282}, networkConnectionEnabled: false, pageLoadStrategy: normal, platformName: windows, proxy: Proxy(), se:cdp: ws://localhost:64282/devtoo..., se:cdpVersion: 136.0.7103.114, setWindowRect: true, strictFileInteractability: false, timeouts: {implicit: 0, pageLoad: 300000, script: 30000}, unhandledPromptBehavior: dismiss and notify, webauthn:extension:credBlob: true, webauthn:extension:largeBlob: true, webauthn:extension:minPinLength: true, webauthn:extension:prf: true, webauthn:virtualAuthenticators: true}
Session ID: a8f4a798d4a62875f89b91a0ee441675
org.openqa.selenium.NoSuchElementException: no such element: Unable to locate element: {"method":"xpath","selector":"//div[contains(@class, 'mat-mdc-form-field-infix')]//input[@type='text' and contains(@class, 'mat-datepicker-input')]"}
  (Session info: chrome=136.0.7103.114)
For documentation on this error, please visit: https://www.selenium.dev/documentation/webdriver/troubleshooting/errors#no-such-element-exception
Build info: version: '4.27.0', revision: 'd6e718d134'
System info: os.name: 'Windows 11', os.arch: 'amd64', os.version: '10.0', java.version: '21.0.3'
Driver info: org.openqa.selenium.chrome.ChromeDriver
Command: [a8f4a798d4a62875f89b91a0ee441675, findElement {using=xpath, value=//div[contains(@class, 'mat-mdc-form-field-infix')]//input[@type='text' and contains(@class, 'mat-datepicker-input')]}]
Capabilities {acceptInsecureCerts: false, browserName: chrome, browserVersion: 136.0.7103.114, chrome: {chromedriverVersion: 136.0.7103.94 (fa0be0b33deb..., userDataDir: C:\Users\INGRID~1.ZAD\AppDa...}, fedcm:accounts: true, goog:chromeOptions: {debuggerAddress: localhost:64282}, networkConnectionEnabled: false, pageLoadStrategy: normal, platformName: windows, proxy: Proxy(), se:cdp: ws://localhost:64282/devtoo..., se:cdpVersion: 136.0.7103.114, setWindowRect: true, strictFileInteractability: false, timeouts: {implicit: 0, pageLoad: 300000, script: 30000}, unhandledPromptBehavior: dismiss and notify, webauthn:extension:credBlob: true, webauthn:extension:largeBlob: true, webauthn:extension:minPinLength: true, webauthn:extension:prf: true, webauthn:virtualAuthenticators: true}
Session ID: a8f4a798d4a62875f89b91a0ee441675
	at java.base/jdk.internal.reflect.DirectConstructorHandleAccessor.newInstance(DirectConstructorHandleAccessor.java:62)
	at java.base/java.lang.reflect.Constructor.newInstanceWithCaller(Constructor.java:502)
	at java.base/java.lang.reflect.Constructor.newInstance(Constructor.java:486)
	at org.openqa.selenium.remote.ErrorCodec.decode(ErrorCodec.java:167)
	at org.openqa.selenium.remote.codec.w3c.W3CHttpResponseCodec.decode(W3CHttpResponseCodec.java:138)
	at org.openqa.selenium.remote.codec.w3c.W3CHttpResponseCodec.decode(W3CHttpResponseCodec.java:50)
	at org.openqa.selenium.remote.HttpCommandExecutor.execute(HttpCommandExecutor.java:190)
	at org.openqa.selenium.remote.service.DriverCommandExecutor.invokeExecute(DriverCommandExecutor.java:216)
	at org.openqa.selenium.remote.service.DriverCommandExecutor.execute(DriverCommandExecutor.java:174)
	at org.openqa.selenium.remote.RemoteWebDriver.execute(RemoteWebDriver.java:545)
	at org.openqa.selenium.remote.ElementLocation$ElementFinder$2.findElement(ElementLocation.java:165)
	at org.openqa.selenium.remote.ElementLocation.findElement(ElementLocation.java:59)
	at org.openqa.selenium.remote.RemoteWebDriver.findElement(RemoteWebDriver.java:368)
	at org.openqa.selenium.remote.RemoteWebDriver.findElement(RemoteWebDriver.java:362)
	at org.openqa.selenium.support.pagefactory.DefaultElementLocator.findElement(DefaultElementLocator.java:68)
	at org.openqa.selenium.support.pagefactory.internal.LocatingElementHandler.invoke(LocatingElementHandler.java:38)
	at jdk.proxy2/jdk.proxy2.$Proxy14.isDisplayed(Unknown Source)
	at lt.insoft.uztis.pages.SubmittedApplicationsPage.enterFirstEvaluationEndDate(SubmittedApplicationsPage.java:1925)
	at lt.insoft.uztis.tests.SubmittedApplicationsPageTest.testAddEvaluators(SubmittedApplicationsPageTest.java:544)
	at java.base/jdk.internal.reflect.DirectMethodHandleAccessor.invoke(DirectMethodHandleAccessor.java:103)
	at java.base/java.lang.reflect.Method.invoke(Method.java:580)
	at org.junit.platform.commons.util.ReflectionUtils.invokeMethod(ReflectionUtils.java:728)
	at org.junit.jupiter.engine.execution.MethodInvocation.proceed(MethodInvocation.java:60)
	at org.junit.jupiter.engine.execution.InvocationInterceptorChain$ValidatingInvocation.proceed(InvocationInterceptorChain.java:131)
	at org.junit.jupiter.engine.extension.TimeoutExtension.intercept(TimeoutExtension.java:156)
	at org.junit.jupiter.engine.extension.TimeoutExtension.interceptTestableMethod(TimeoutExtension.java:147)
	at org.junit.jupiter.engine.extension.TimeoutExtension.interceptTestMethod(TimeoutExtension.java:86)
	at org.junit.jupiter.engine.execution.InterceptingExecutableInvoker$ReflectiveInterceptorCall.lambda$ofVoidMethod$0(InterceptingExecutableInvoker.java:103)
	at org.junit.jupiter.engine.execution.InterceptingExecutableInvoker.lambda$invoke$0(InterceptingExecutableInvoker.java:93)
	at org.junit.jupiter.engine.execution.InvocationInterceptorChain$InterceptedInvocation.proceed(InvocationInterceptorChain.java:106)
	at org.junit.jupiter.engine.execution.InvocationInterceptorChain.proceed(InvocationInterceptorChain.java:64)
	at org.junit.jupiter.engine.execution.InvocationInterceptorChain.chainAndInvoke(InvocationInterceptorChain.java:45)
	at org.junit.jupiter.engine.execution.InvocationInterceptorChain.invoke(InvocationInterceptorChain.java:37)
	at org.junit.jupiter.engine.execution.InterceptingExecutableInvoker.invoke(InterceptingExecutableInvoker.java:92)
	at org.junit.jupiter.engine.execution.InterceptingExecutableInvoker.invoke(InterceptingExecutableInvoker.java:86)
	at org.junit.jupiter.engine.descriptor.TestMethodTestDescriptor.lambda$invokeTestMethod$7(TestMethodTestDescriptor.java:218)
	at org.junit.platform.engine.support.hierarchical.ThrowableCollector.execute(ThrowableCollector.java:73)
	at org.junit.jupiter.engine.descriptor.TestMethodTestDescriptor.invokeTestMethod(TestMethodTestDescriptor.java:214)
	at org.junit.jupiter.engine.descriptor.TestMethodTestDescriptor.execute(TestMethodTestDescriptor.java:139)
	at org.junit.jupiter.engine.descriptor.TestMethodTestDescriptor.execute(TestMethodTestDescriptor.java:69)
	at org.junit.platform.engine.support.hierarchical.NodeTestTask.lambda$executeRecursively$6(NodeTestTask.java:151)
	at org.junit.platform.engine.support.hierarchical.ThrowableCollector.execute(ThrowableCollector.java:73)
	at org.junit.platform.engine.support.hierarchical.NodeTestTask.lambda$executeRecursively$8(NodeTestTask.java:141)
	at org.junit.platform.engine.support.hierarchical.Node.around(Node.java:137)
	at org.junit.platform.engine.support.hierarchical.NodeTestTask.lambda$executeRecursively$9(NodeTestTask.java:139)
	at org.junit.platform.engine.support.hierarchical.ThrowableCollector.execute(ThrowableCollector.java:73)
	at org.junit.platform.engine.support.hierarchical.NodeTestTask.executeRecursively(NodeTestTask.java:138)
	at org.junit.platform.engine.support.hierarchical.NodeTestTask.execute(NodeTestTask.java:95)
	at java.base/java.util.ArrayList.forEach(ArrayList.java:1596)
	at org.junit.platform.engine.support.hierarchical.SameThreadHierarchicalTestExecutorService.invokeAll(SameThreadHierarchicalTestExecutorService.java:41)
	at org.junit.platform.engine.support.hierarchical.NodeTestTask.lambda$executeRecursively$6(NodeTestTask.java:155)
	at org.junit.platform.engine.support.hierarchical.ThrowableCollector.execute(ThrowableCollector.java:73)
	at org.junit.platform.engine.support.hierarchical.NodeTestTask.lambda$executeRecursively$8(NodeTestTask.java:141)
	at org.junit.platform.engine.support.hierarchical.Node.around(Node.java:137)
	at org.junit.platform.engine.support.hierarchical.NodeTestTask.lambda$executeRecursively$9(NodeTestTask.java:139)
	at org.junit.platform.engine.support.hierarchical.ThrowableCollector.execute(ThrowableCollector.java:73)
	at org.junit.platform.engine.support.hierarchical.NodeTestTask.executeRecursively(NodeTestTask.java:138)
	at org.junit.platform.engine.support.hierarchical.NodeTestTask.execute(NodeTestTask.java:95)
	at java.base/java.util.ArrayList.forEach(ArrayList.java:1596)
	at org.junit.platform.engine.support.hierarchical.SameThreadHierarchicalTestExecutorService.invokeAll(SameThreadHierarchicalTestExecutorService.java:41)
	at org.junit.platform.engine.support.hierarchical.NodeTestTask.lambda$executeRecursively$6(NodeTestTask.java:155)
	at org.junit.platform.engine.support.hierarchical.ThrowableCollector.execute(ThrowableCollector.java:73)
	at org.junit.platform.engine.support.hierarchical.NodeTestTask.lambda$executeRecursively$8(NodeTestTask.java:141)
	at org.junit.platform.engine.support.hierarchical.Node.around(Node.java:137)
	at org.junit.platform.engine.support.hierarchical.NodeTestTask.lambda$executeRecursively$9(NodeTestTask.java:139)
	at org.junit.platform.engine.support.hierarchical.ThrowableCollector.execute(ThrowableCollector.java:73)
	at org.junit.platform.engine.support.hierarchical.NodeTestTask.executeRecursively(NodeTestTask.java:138)
	at org.junit.platform.engine.support.hierarchical.NodeTestTask.execute(NodeTestTask.java:95)
	at org.junit.platform.engine.support.hierarchical.SameThreadHierarchicalTestExecutorService.submit(SameThreadHierarchicalTestExecutorService.java:35)
	at org.junit.platform.engine.support.hierarchical.HierarchicalTestExecutor.execute(HierarchicalTestExecutor.java:57)
	at org.junit.platform.engine.support.hierarchical.HierarchicalTestEngine.execute(HierarchicalTestEngine.java:54)
	at org.junit.platform.launcher.core.EngineExecutionOrchestrator.execute(EngineExecutionOrchestrator.java:198)
	at org.junit.platform.launcher.core.EngineExecutionOrchestrator.execute(EngineExecutionOrchestrator.java:169)
	at org.junit.platform.launcher.core.EngineExecutionOrchestrator.execute(EngineExecutionOrchestrator.java:93)
	at org.junit.platform.launcher.core.EngineExecutionOrchestrator.lambda$execute$0(EngineExecutionOrchestrator.java:58)
	at org.junit.platform.launcher.core.EngineExecutionOrchestrator.withInterceptedStreams(EngineExecutionOrchestrator.java:141)
	at org.junit.platform.launcher.core.EngineExecutionOrchestrator.execute(EngineExecutionOrchestrator.java:57)
	at org.junit.platform.launcher.core.DefaultLauncher.execute(DefaultLauncher.java:103)
	at org.junit.platform.launcher.core.DefaultLauncher.execute(DefaultLauncher.java:85)
	at org.junit.platform.launcher.core.DelegatingLauncher.execute(DelegatingLauncher.java:47)
	at org.junit.platform.launcher.core.SessionPerRequestLauncher.execute(SessionPerRequestLauncher.java:63)
	at com.intellij.junit5.JUnit5IdeaTestRunner.startRunnerWithArgs(JUnit5IdeaTestRunner.java:57)
	at com.intellij.rt.junit.IdeaTestRunner$Repeater$1.execute(IdeaTestRunner.java:38)
	at com.intellij.rt.execution.junit.TestsRepeater.repeat(TestsRepeater.java:11)
	at com.intellij.rt.junit.IdeaTestRunner$Repeater.startRunnerWithArgs(IdeaTestRunner.java:35)
	at com.intellij.rt.junit.JUnitStarter.prepareStreamsAndStart(JUnitStarter.java:232)
	at com.intellij.rt.junit.JUnitStarter.main(JUnitStarter.java:55)
2025-05-21 09:02:44 [main] INFO  l.insoft.uztis.tests.utils.TestUtils - Screenshot moved to C:\Users\ingrida.zadorozniene\Desktop\Asm\UZTIS\UZTIS_tests\test-output\screenshots\20250521\090244344_testAddEvaluators().png
2025-05-21 09:02:55 [main] INFO  lt.insoft.uztis.tests.UztisPageTest - Navigated to https://uztisdev.asseco.lt/home
2025-05-21 09:02:55 [main] INFO  l.i.u.t.SubmittedApplicationsPageTest - Starting test:'testAddEvaluators'
2025-05-21 09:02:55 [main] DEBUG l.i.u.t.SubmittedApplicationsPageTest - User logged in with test credentials.
2025-05-21 09:02:56 [main] DEBUG l.i.u.t.SubmittedApplicationsPageTest - Opened 'Application Processing' menu.
2025-05-21 09:02:56 [main] DEBUG l.i.u.t.SubmittedApplicationsPageTest - Clicked on 'Application Forms' menu.
2025-05-21 09:02:57 [main] DEBUG l.i.u.t.SubmittedApplicationsPageTest - Retrieved last description code text: 'TST-VUI-32'.
2025-05-21 09:02:57 [main] DEBUG l.i.u.t.SubmittedApplicationsPageTest - Clicked on 'Invitation' menu.
2025-05-21 09:02:59 [main] DEBUG l.i.u.t.SubmittedApplicationsPageTest - Selected application section by code: 'TST-VUI-32'.
2025-05-21 09:02:59 [main] DEBUG l.i.u.t.SubmittedApplicationsPageTest - Clicked 'Search' button.
2025-05-21 09:02:59 [main] DEBUG l.i.u.t.SubmittedApplicationsPageTest - Retrieved invitation code: ''.
2025-05-21 09:02:59 [main] DEBUG l.i.u.t.SubmittedApplicationsPageTest - Clicked on 'Submitted Applications' menu.
2025-05-21 09:03:01 [main] DEBUG l.i.u.t.SubmittedApplicationsPageTest - Selected invitation by code: 'TST-VUI-32'.
2025-05-21 09:03:01 [main] DEBUG l.i.u.t.SubmittedApplicationsPageTest - Invitation code inserted.
2025-05-21 09:03:01 [main] DEBUG l.i.u.t.SubmittedApplicationsPageTest - Clicked on 'Action Application' button.
2025-05-21 09:03:01 [main] DEBUG l.i.u.t.SubmittedApplicationsPageTest - Clicked on 'Add Evaluators' button.
2025-05-21 09:03:01 [main] DEBUG l.i.u.t.SubmittedApplicationsPageTest - Entered first evaluation date.
2025-05-21 09:03:02 [main] DEBUG l.i.u.t.SubmittedApplicationsPageTest - Entered second evaluation date.
2025-05-21 09:03:02 [main] DEBUG l.i.u.t.SubmittedApplicationsPageTest - Entered third evaluation date.
2025-05-21 09:03:02 [main] DEBUG l.i.u.t.SubmittedApplicationsPageTest - Clicked on 'Add Evaluators' confirmation button.
2025-05-21 09:03:02 [main] DEBUG l.i.uztis.pages.ApplicationFormsPage - Verified success message: 'Paraiškų vertinimai sėkmingai priskirti vertintojams.'
2025-05-21 09:03:02 [main] INFO  l.i.u.t.SubmittedApplicationsPageTest - Verified success message
2025-05-21 09:03:02 [main] INFO  l.i.u.t.SubmittedApplicationsPageTest - Test 'testAddEvaluators' completed successfully.
2025-05-21 09:03:17 [main] INFO  lt.insoft.uztis.tests.UztisPageTest - Navigated to https://uztisdev.asseco.lt/home
2025-05-21 09:03:17 [main] INFO  l.i.uztis.tests.EvaluationsPageTest - Starting test:'testFillSaveDraftEvaluationOne'
2025-05-21 09:03:17 [main] INFO  l.i.uztis.tests.EvaluationsPageTest - Starting test:'testNavigateToEvaluationsPage'
2025-05-21 09:03:18 [main] DEBUG l.i.uztis.tests.EvaluationsPageTest - User logged in with test credentials
2025-05-21 09:03:18 [main] DEBUG l.i.uztis.tests.EvaluationsPageTest - Opened 'Application Processing' menu.
2025-05-21 09:03:18 [main] DEBUG l.i.uztis.tests.EvaluationsPageTest - Clicked on 'Evaluations' menu.
2025-05-21 09:03:18 [main] DEBUG l.i.uztis.tests.EvaluationsPageTest - Navigating to evaluations menu.
2025-05-21 09:03:18 [main] INFO  l.i.uztis.tests.EvaluationsPageTest - Test 'testNavigateToEvaluationsPage' completed successfully.
2025-05-21 09:03:19 [main] DEBUG l.i.uztis.tests.EvaluationsPageTest - Clicked on last evaluation.
2025-05-21 09:03:20 [main] DEBUG l.i.uztis.tests.EvaluationsPageTest - Clicked 'Edit'.
2025-05-21 09:03:23 [main] DEBUG l.i.uztis.tests.EvaluationsPageTest - Selected '1.1' radio button.
2025-05-21 09:03:26 [main] DEBUG l.i.uztis.tests.EvaluationsPageTest - Selected '1.2' radio button.
2025-05-21 09:03:29 [main] DEBUG l.i.uztis.tests.EvaluationsPageTest - Selected '1.3' radio button.
2025-05-21 09:03:32 [main] DEBUG l.i.uztis.tests.EvaluationsPageTest - Selected '1.4' radio button.
2025-05-21 09:03:34 [main] DEBUG l.i.uztis.tests.EvaluationsPageTest - Selected '1.5' radio button.
2025-05-21 09:03:36 [main] DEBUG l.i.uztis.tests.EvaluationsPageTest - Selected '2.1' radio button.
2025-05-21 09:03:38 [main] DEBUG l.i.uztis.tests.EvaluationsPageTest - Selected '3.1' radio button.
2025-05-21 09:03:39 [main] DEBUG l.i.uztis.tests.EvaluationsPageTest - Selected '4.2' radio button.
2025-05-21 09:03:41 [main] DEBUG l.i.uztis.tests.EvaluationsPageTest - Selected '5.1' radio button.
2025-05-21 09:03:42 [main] DEBUG l.i.uztis.tests.EvaluationsPageTest - Selected '5.2' radio button.
2025-05-21 09:03:44 [main] DEBUG l.i.uztis.tests.EvaluationsPageTest - Selected '6.1' radio button.
2025-05-21 09:03:45 [main] DEBUG l.i.uztis.tests.EvaluationsPageTest - Selected '6.2' radio button.
2025-05-21 09:03:46 [main] DEBUG l.i.uztis.tests.EvaluationsPageTest - Clicked on expansion panel 'Not Critical'.
2025-05-21 09:03:46 [main] DEBUG l.i.uztis.tests.EvaluationsPageTest - Selected '7' radio button.
2025-05-21 09:03:46 [main] DEBUG l.i.uztis.tests.EvaluationsPageTest - Selected '8_1' radio button.
2025-05-21 09:03:47 [main] DEBUG l.i.uztis.tests.EvaluationsPageTest - Selected '8_2' radio button.
2025-05-21 09:03:47 [main] DEBUG l.i.uztis.tests.EvaluationsPageTest - Selected '8_3' radio button.
2025-05-21 09:03:48 [main] DEBUG l.i.uztis.tests.EvaluationsPageTest - Selected '8_4' radio button.
2025-05-21 09:03:48 [main] DEBUG l.i.uztis.tests.EvaluationsPageTest - Selected '8_5' radio button.
2025-05-21 09:03:49 [main] DEBUG l.i.uztis.tests.EvaluationsPageTest - Selected '8_6' radio button.
2025-05-21 09:03:49 [main] DEBUG l.i.uztis.tests.EvaluationsPageTest - Selected '8_7' radio button.
2025-05-21 09:03:50 [main] DEBUG l.i.uztis.tests.EvaluationsPageTest - Selected '8_8' radio button.
2025-05-21 09:03:50 [main] DEBUG l.i.uztis.tests.EvaluationsPageTest - Selected '8_9' radio button.
2025-05-21 09:03:51 [main] DEBUG l.i.uztis.tests.EvaluationsPageTest - Selected '8_10' radio button.
2025-05-21 09:03:51 [main] DEBUG l.i.uztis.tests.EvaluationsPageTest - Selected '9' radio button.
2025-05-21 09:03:52 [main] DEBUG l.i.uztis.tests.EvaluationsPageTest - Selected '10.1' radio button.
2025-05-21 09:03:52 [main] DEBUG l.i.uztis.tests.EvaluationsPageTest - Selected '10.2' radio button.
2025-05-21 09:03:53 [main] DEBUG l.i.uztis.tests.EvaluationsPageTest - Selected '10.3' radio button.
2025-05-21 09:03:53 [main] DEBUG l.i.uztis.tests.EvaluationsPageTest - Entered  explanation: 'Balas pakoreduotas ranka'.
2025-05-21 09:03:53 [main] DEBUG l.i.uztis.tests.EvaluationsPageTest - Clicked 'Save Draft'.
2025-05-21 09:03:54 [main] DEBUG l.i.uztis.pages.ApplicationFormsPage - Verified success message: 'Duomenys sėkmingai išsaugoti.'
2025-05-21 09:03:54 [main] INFO  l.i.uztis.tests.EvaluationsPageTest - Verified success message
2025-05-21 09:03:54 [main] INFO  l.i.uztis.tests.EvaluationsPageTest - Test 'testFillSaveDraftEvaluationOne' completed successfully.
2025-05-21 09:05:01 [main] INFO  lt.insoft.uztis.tests.UztisPageTest - Navigated to https://uztisdev.asseco.lt/home
2025-05-21 09:05:01 [main] INFO  l.i.uztis.tests.EvaluationsPageTest - Starting test:'testConfirmEvaluationOne'
2025-05-21 09:05:01 [main] INFO  l.i.uztis.tests.EvaluationsPageTest - Starting test:'testNavigateToEvaluationsPage'
2025-05-21 09:05:01 [main] DEBUG l.i.uztis.tests.EvaluationsPageTest - User logged in with test credentials
2025-05-21 09:05:02 [main] DEBUG l.i.uztis.tests.EvaluationsPageTest - Opened 'Application Processing' menu.
2025-05-21 09:05:02 [main] DEBUG l.i.uztis.tests.EvaluationsPageTest - Clicked on 'Evaluations' menu.
2025-05-21 09:05:02 [main] DEBUG l.i.uztis.tests.EvaluationsPageTest - Navigating to evaluations menu.
2025-05-21 09:05:02 [main] INFO  l.i.uztis.tests.EvaluationsPageTest - Test 'testNavigateToEvaluationsPage' completed successfully.
2025-05-21 09:05:02 [main] DEBUG l.i.uztis.tests.EvaluationsPageTest - Clicked on last evaluation.
2025-05-21 09:05:03 [main] DEBUG l.i.uztis.tests.EvaluationsPageTest - Clicked 'Edit'.
2025-05-21 09:05:06 [main] DEBUG l.i.uztis.tests.EvaluationsPageTest - Clicked 'Confirm'.
2025-05-21 09:05:09 [main] DEBUG l.i.uztis.tests.EvaluationsPageTest - Clicked 'Confirm Confirmation'.
2025-05-21 09:05:10 [main] DEBUG l.i.uztis.tests.EvaluationsPageTest - Fetched label text: Įvertinta
2025-05-21 09:05:10 [main] INFO  l.i.uztis.tests.EvaluationsPageTest - Verified that the label text matches the expected value.
2025-05-21 09:05:10 [main] INFO  l.i.uztis.tests.EvaluationsPageTest - Test 'testConfirmEvaluationOne' completed successfully.
2025-05-21 09:05:32 [main] INFO  lt.insoft.uztis.tests.UztisPageTest - Navigated to https://uztisdev.asseco.lt/home
2025-05-21 09:05:32 [main] INFO  l.i.uztis.tests.EvaluationsPageTest - Starting test:'testFillSaveDraftEvaluationTwo'
2025-05-21 09:05:32 [main] INFO  l.i.uztis.tests.EvaluationsPageTest - Starting test:'testNavigateToEvaluationsPage'
2025-05-21 09:05:33 [main] DEBUG l.i.uztis.tests.EvaluationsPageTest - User logged in with test credentials
2025-05-21 09:05:33 [main] DEBUG l.i.uztis.tests.EvaluationsPageTest - Opened 'Application Processing' menu.
2025-05-21 09:05:33 [main] DEBUG l.i.uztis.tests.EvaluationsPageTest - Clicked on 'Evaluations' menu.
2025-05-21 09:05:33 [main] DEBUG l.i.uztis.tests.EvaluationsPageTest - Navigating to evaluations menu.
2025-05-21 09:05:33 [main] INFO  l.i.uztis.tests.EvaluationsPageTest - Test 'testNavigateToEvaluationsPage' completed successfully.
2025-05-21 09:05:34 [main] DEBUG l.i.uztis.tests.EvaluationsPageTest - Clicked on last evaluation.
2025-05-21 09:05:34 [main] DEBUG l.i.uztis.tests.EvaluationsPageTest - Clicked 'Edit'.
2025-05-21 09:05:35 [main] DEBUG l.i.uztis.tests.EvaluationsPageTest - Entered commission date.
2025-05-21 09:05:35 [main] DEBUG l.i.uztis.tests.EvaluationsPageTest - Selected 'Without Commission' radio button.
2025-05-21 09:05:35 [main] DEBUG l.i.uztis.tests.EvaluationsPageTest - Entered chairman name: 'Pirmininkas Pirmininkauskas'.
2025-05-21 09:05:35 [main] DEBUG l.i.uztis.tests.EvaluationsPageTest - Entered member name: 'Narys Narauskas'.
2025-05-21 09:05:35 [main] DEBUG l.i.uztis.tests.EvaluationsPageTest - Clicked 'Continue'.
2025-05-21 09:05:36 [main] DEBUG l.i.uztis.tests.EvaluationsPageTest - Entered score edition: '9'.
2025-05-21 09:05:36 [main] DEBUG l.i.uztis.tests.EvaluationsPageTest - Entered chairman score: '10'.
2025-05-21 09:05:36 [main] DEBUG l.i.uztis.tests.EvaluationsPageTest - Entered member score: '11'.
2025-05-21 09:05:36 [main] DEBUG l.i.uztis.tests.EvaluationsPageTest - Entered conclusion: 'Išvada - palanki'.
2025-05-21 09:05:37 [main] DEBUG l.i.uztis.tests.EvaluationsPageTest - Entered  explanation: 'Balas pakoreduotas ranka'.
2025-05-21 09:05:37 [main] DEBUG l.i.uztis.tests.EvaluationsPageTest - Clicked 'Save Draft'.
2025-05-21 09:05:37 [main] DEBUG l.i.uztis.pages.ApplicationFormsPage - Verified success message: 'Duomenys sėkmingai išsaugoti.'
2025-05-21 09:05:37 [main] INFO  l.i.uztis.tests.EvaluationsPageTest - Verified success message
2025-05-21 09:05:37 [main] INFO  l.i.uztis.tests.EvaluationsPageTest - Test 'testFillSaveDraftEvaluationTwo' completed successfully.
2025-05-21 09:05:46 [main] INFO  lt.insoft.uztis.tests.UztisPageTest - Navigated to https://uztisdev.asseco.lt/home
2025-05-21 09:05:46 [main] INFO  l.i.uztis.tests.EvaluationsPageTest - Starting test:'testConfirmEvaluationTwo'
2025-05-21 09:05:46 [main] INFO  l.i.uztis.tests.EvaluationsPageTest - Starting test:'testNavigateToEvaluationsPage'
2025-05-21 09:05:47 [main] DEBUG l.i.uztis.tests.EvaluationsPageTest - User logged in with test credentials
2025-05-21 09:05:47 [main] DEBUG l.i.uztis.tests.EvaluationsPageTest - Opened 'Application Processing' menu.
2025-05-21 09:05:48 [main] DEBUG l.i.uztis.tests.EvaluationsPageTest - Clicked on 'Evaluations' menu.
2025-05-21 09:05:48 [main] DEBUG l.i.uztis.tests.EvaluationsPageTest - Navigating to evaluations menu.
2025-05-21 09:05:48 [main] INFO  l.i.uztis.tests.EvaluationsPageTest - Test 'testNavigateToEvaluationsPage' completed successfully.
2025-05-21 09:05:48 [main] DEBUG l.i.uztis.tests.EvaluationsPageTest - Clicked on last evaluation.
2025-05-21 09:05:49 [main] DEBUG l.i.uztis.tests.EvaluationsPageTest - Clicked 'Edit'.
2025-05-21 09:05:49 [main] DEBUG l.i.uztis.tests.EvaluationsPageTest - Clicked 'Continue'.
2025-05-21 09:05:49 [main] DEBUG l.i.uztis.tests.EvaluationsPageTest - Entered conclusion: 'Išvada - papildyta'.
2025-05-21 09:05:50 [main] DEBUG l.i.uztis.tests.EvaluationsPageTest - Entered  explanation: '; Išvada pakoreduota ranka'.
2025-05-21 09:05:50 [main] DEBUG l.i.uztis.tests.EvaluationsPageTest - Clicked 'Confirm'.
2025-05-21 09:05:50 [main] DEBUG l.i.uztis.tests.EvaluationsPageTest - Clicked 'Confirm Confirmation'.
2025-05-21 09:05:50 [main] DEBUG l.i.uztis.tests.EvaluationsPageTest - Fetched label text: Įvertinta
2025-05-21 09:05:50 [main] INFO  l.i.uztis.tests.EvaluationsPageTest - Verified that the label text matches the expected value.
2025-05-21 09:05:50 [main] INFO  l.i.uztis.tests.EvaluationsPageTest - Test 'testConfirmEvaluationTwo' completed successfully.
2025-05-21 09:06:03 [main] INFO  lt.insoft.uztis.tests.UztisPageTest - Navigated to https://uztisdev.asseco.lt/home
2025-05-21 09:06:04 [main] INFO  l.i.uztis.tests.EvaluationsPageTest - Starting test:'testFillSaveDraftEvaluationThree'
2025-05-21 09:06:04 [main] INFO  l.i.uztis.tests.EvaluationsPageTest - Starting test:'testNavigateToEvaluationsPage'
2025-05-21 09:06:04 [main] DEBUG l.i.uztis.tests.EvaluationsPageTest - User logged in with test credentials
2025-05-21 09:06:05 [main] DEBUG l.i.uztis.tests.EvaluationsPageTest - Opened 'Application Processing' menu.
2025-05-21 09:06:05 [main] DEBUG l.i.uztis.tests.EvaluationsPageTest - Clicked on 'Evaluations' menu.
2025-05-21 09:06:05 [main] DEBUG l.i.uztis.tests.EvaluationsPageTest - Navigating to evaluations menu.
2025-05-21 09:06:05 [main] INFO  l.i.uztis.tests.EvaluationsPageTest - Test 'testNavigateToEvaluationsPage' completed successfully.
2025-05-21 09:06:05 [main] DEBUG l.i.uztis.tests.EvaluationsPageTest - Clicked on last evaluation.
2025-05-21 09:06:06 [main] DEBUG l.i.uztis.tests.EvaluationsPageTest - Clicked 'Edit'.
2025-05-21 09:06:06 [main] DEBUG l.i.uztis.tests.EvaluationsPageTest - Entered commission date.
2025-05-21 09:06:07 [main] DEBUG l.i.uztis.tests.EvaluationsPageTest - Selected 'Without Commission' radio button.
2025-05-21 09:06:07 [main] DEBUG l.i.uztis.tests.EvaluationsPageTest - Entered chairman name: 'Pirmininkas Pirmininkauskas'.
2025-05-21 09:06:07 [main] DEBUG l.i.uztis.tests.EvaluationsPageTest - Entered member name: 'Narys Narauskas'.
2025-05-21 09:06:07 [main] DEBUG l.i.uztis.tests.EvaluationsPageTest - Clicked 'Continue'.
2025-05-21 09:06:07 [main] DEBUG l.i.uztis.tests.EvaluationsPageTest - Entered chairman score 1: '1'.
2025-05-21 09:06:07 [main] DEBUG l.i.uztis.tests.EvaluationsPageTest - Entered member score 1: '2'.
2025-05-21 09:06:08 [main] DEBUG l.i.uztis.tests.EvaluationsPageTest - Entered member conclusion 1: 'Išvada - palanki 1'.
2025-05-21 09:06:08 [main] DEBUG l.i.uztis.tests.EvaluationsPageTest - Entered chairman score 2: '3'.
2025-05-21 09:06:08 [main] DEBUG l.i.uztis.tests.EvaluationsPageTest - Entered member score 2: '4'.
2025-05-21 09:06:08 [main] DEBUG l.i.uztis.tests.EvaluationsPageTest - Entered member conclusion 2: 'Išvada - palanki 2'.
2025-05-21 09:06:08 [main] DEBUG l.i.uztis.tests.EvaluationsPageTest - Entered chairman score 3: '5'.
2025-05-21 09:06:08 [main] DEBUG l.i.uztis.tests.EvaluationsPageTest - Entered member score 3: '6'.
2025-05-21 09:06:08 [main] DEBUG l.i.uztis.tests.EvaluationsPageTest - Entered member conclusion 3: 'Išvada - palanki 3'.
2025-05-21 09:06:09 [main] DEBUG l.i.uztis.tests.EvaluationsPageTest - Entered chairman score 4: '7'.
2025-05-21 09:06:09 [main] DEBUG l.i.uztis.tests.EvaluationsPageTest - Entered member score 4: '8'.
2025-05-21 09:06:09 [main] DEBUG l.i.uztis.tests.EvaluationsPageTest - Entered member conclusion 4: 'Išvada - palanki 4'.
2025-05-21 09:06:09 [main] DEBUG l.i.uztis.tests.EvaluationsPageTest - Entered chairman score 5: '9'.
2025-05-21 09:06:09 [main] DEBUG l.i.uztis.tests.EvaluationsPageTest - Entered member score 5: '10'.
2025-05-21 09:06:09 [main] DEBUG l.i.uztis.tests.EvaluationsPageTest - Entered member conclusion 5: 'Išvada - palanki 5'.
2025-05-21 09:06:10 [main] DEBUG l.i.uztis.tests.EvaluationsPageTest - Clicked 'Save Draft'.
2025-05-21 09:06:10 [main] DEBUG l.i.uztis.pages.ApplicationFormsPage - Verified success message: 'Duomenys sėkmingai išsaugoti.'
2025-05-21 09:06:10 [main] INFO  l.i.uztis.tests.EvaluationsPageTest - Verified success message
2025-05-21 09:06:10 [main] INFO  l.i.uztis.tests.EvaluationsPageTest - Test 'testFillSaveDraftEvaluationThree' completed successfully.
2025-05-21 09:06:23 [main] INFO  lt.insoft.uztis.tests.UztisPageTest - Navigated to https://uztisdev.asseco.lt/home
2025-05-21 09:06:23 [main] INFO  l.i.uztis.tests.EvaluationsPageTest - Starting test:'testConfirmEvaluationThree'
2025-05-21 09:06:23 [main] INFO  l.i.uztis.tests.EvaluationsPageTest - Starting test:'testNavigateToEvaluationsPage'
2025-05-21 09:06:23 [main] DEBUG l.i.uztis.tests.EvaluationsPageTest - User logged in with test credentials
2025-05-21 09:06:24 [main] DEBUG l.i.uztis.tests.EvaluationsPageTest - Opened 'Application Processing' menu.
2025-05-21 09:06:24 [main] DEBUG l.i.uztis.tests.EvaluationsPageTest - Clicked on 'Evaluations' menu.
2025-05-21 09:06:24 [main] DEBUG l.i.uztis.tests.EvaluationsPageTest - Navigating to evaluations menu.
2025-05-21 09:06:24 [main] INFO  l.i.uztis.tests.EvaluationsPageTest - Test 'testNavigateToEvaluationsPage' completed successfully.
2025-05-21 09:06:24 [main] DEBUG l.i.uztis.tests.EvaluationsPageTest - Clicked on last evaluation.
2025-05-21 09:06:25 [main] DEBUG l.i.uztis.tests.EvaluationsPageTest - Clicked 'Edit'.
2025-05-21 09:06:26 [main] DEBUG l.i.uztis.tests.EvaluationsPageTest - Clicked 'Continue'.
2025-05-21 09:06:27 [main] ERROR l.i.uztis.tests.EvaluationsPageTest - Test 'testConfirmEvaluationThree' failed with error: element click intercepted: Element <button type="submit" class="btn btn--accent">...</button> is not clickable at point (998, 955). Other element would receive the click: <mat-form-field class="mat-mdc-form-field mat-mdc-form-field-type-common-radio-group mat-mdc-form-field-has-icon-prefix mat-mdc-form-field-has-icon-suffix mat-form-field-appearance-outline mat-primary ng-untouched mat-form-field-disabled ng-dirty mat-form-field-animations-enabled" style="--mat-form-field-notch-max-width: calc(100% - 8px);">...</mat-form-field>
  (Session info: chrome=136.0.7103.114)
Build info: version: '4.27.0', revision: 'd6e718d134'
System info: os.name: 'Windows 11', os.arch: 'amd64', os.version: '10.0', java.version: '21.0.3'
Driver info: org.openqa.selenium.chrome.ChromeDriver
Command: [cd95340498f698883ccb1a7927425f50, clickElement {id=f.48811E640F2BCAC0F943305BF2BD1655.d.615AD401A915236EA0B25E774BF7F141.e.223}]
Capabilities {acceptInsecureCerts: false, browserName: chrome, browserVersion: 136.0.7103.114, chrome: {chromedriverVersion: 136.0.7103.94 (fa0be0b33deb..., userDataDir: C:\Users\INGRID~1.ZAD\AppDa...}, fedcm:accounts: true, goog:chromeOptions: {debuggerAddress: localhost:64579}, networkConnectionEnabled: false, pageLoadStrategy: normal, platformName: windows, proxy: Proxy(), se:cdp: ws://localhost:64579/devtoo..., se:cdpVersion: 136.0.7103.114, setWindowRect: true, strictFileInteractability: false, timeouts: {implicit: 0, pageLoad: 300000, script: 30000}, unhandledPromptBehavior: dismiss and notify, webauthn:extension:credBlob: true, webauthn:extension:largeBlob: true, webauthn:extension:minPinLength: true, webauthn:extension:prf: true, webauthn:virtualAuthenticators: true}
Element: [[ChromeDriver: chrome on windows (cd95340498f698883ccb1a7927425f50)] -> xpath: //common-button//button[text()='Tvirtinti vertinimą']]
Session ID: cd95340498f698883ccb1a7927425f50
org.openqa.selenium.ElementClickInterceptedException: element click intercepted: Element <button type="submit" class="btn btn--accent">...</button> is not clickable at point (998, 955). Other element would receive the click: <mat-form-field class="mat-mdc-form-field mat-mdc-form-field-type-common-radio-group mat-mdc-form-field-has-icon-prefix mat-mdc-form-field-has-icon-suffix mat-form-field-appearance-outline mat-primary ng-untouched mat-form-field-disabled ng-dirty mat-form-field-animations-enabled" style="--mat-form-field-notch-max-width: calc(100% - 8px);">...</mat-form-field>
  (Session info: chrome=136.0.7103.114)
Build info: version: '4.27.0', revision: 'd6e718d134'
System info: os.name: 'Windows 11', os.arch: 'amd64', os.version: '10.0', java.version: '21.0.3'
Driver info: org.openqa.selenium.chrome.ChromeDriver
Command: [cd95340498f698883ccb1a7927425f50, clickElement {id=f.48811E640F2BCAC0F943305BF2BD1655.d.615AD401A915236EA0B25E774BF7F141.e.223}]
Capabilities {acceptInsecureCerts: false, browserName: chrome, browserVersion: 136.0.7103.114, chrome: {chromedriverVersion: 136.0.7103.94 (fa0be0b33deb..., userDataDir: C:\Users\INGRID~1.ZAD\AppDa...}, fedcm:accounts: true, goog:chromeOptions: {debuggerAddress: localhost:64579}, networkConnectionEnabled: false, pageLoadStrategy: normal, platformName: windows, proxy: Proxy(), se:cdp: ws://localhost:64579/devtoo..., se:cdpVersion: 136.0.7103.114, setWindowRect: true, strictFileInteractability: false, timeouts: {implicit: 0, pageLoad: 300000, script: 30000}, unhandledPromptBehavior: dismiss and notify, webauthn:extension:credBlob: true, webauthn:extension:largeBlob: true, webauthn:extension:minPinLength: true, webauthn:extension:prf: true, webauthn:virtualAuthenticators: true}
Element: [[ChromeDriver: chrome on windows (cd95340498f698883ccb1a7927425f50)] -> xpath: //common-button//button[text()='Tvirtinti vertinimą']]
Session ID: cd95340498f698883ccb1a7927425f50
	at java.base/jdk.internal.reflect.DirectConstructorHandleAccessor.newInstance(DirectConstructorHandleAccessor.java:62)
	at java.base/java.lang.reflect.Constructor.newInstanceWithCaller(Constructor.java:502)
	at java.base/java.lang.reflect.Constructor.newInstance(Constructor.java:486)
	at org.openqa.selenium.remote.ErrorCodec.decode(ErrorCodec.java:167)
	at org.openqa.selenium.remote.codec.w3c.W3CHttpResponseCodec.decode(W3CHttpResponseCodec.java:138)
	at org.openqa.selenium.remote.codec.w3c.W3CHttpResponseCodec.decode(W3CHttpResponseCodec.java:50)
	at org.openqa.selenium.remote.HttpCommandExecutor.execute(HttpCommandExecutor.java:190)
	at org.openqa.selenium.remote.service.DriverCommandExecutor.invokeExecute(DriverCommandExecutor.java:216)
	at org.openqa.selenium.remote.service.DriverCommandExecutor.execute(DriverCommandExecutor.java:174)
	at org.openqa.selenium.remote.RemoteWebDriver.execute(RemoteWebDriver.java:545)
	at org.openqa.selenium.remote.RemoteWebElement.execute(RemoteWebElement.java:223)
	at org.openqa.selenium.remote.RemoteWebElement.click(RemoteWebElement.java:76)
	at java.base/jdk.internal.reflect.DirectMethodHandleAccessor.invoke(DirectMethodHandleAccessor.java:103)
	at java.base/java.lang.reflect.Method.invoke(Method.java:580)
	at org.openqa.selenium.support.pagefactory.internal.LocatingElementHandler.invoke(LocatingElementHandler.java:51)
	at jdk.proxy2/jdk.proxy2.$Proxy14.click(Unknown Source)
	at lt.insoft.uztis.pages.EvaluationsPage.clickButtonConfirm3(EvaluationsPage.java:264)
	at lt.insoft.uztis.tests.EvaluationsPageTest.testConfirmEvaluationThree(EvaluationsPageTest.java:467)
	at java.base/jdk.internal.reflect.DirectMethodHandleAccessor.invoke(DirectMethodHandleAccessor.java:103)
	at java.base/java.lang.reflect.Method.invoke(Method.java:580)
	at org.junit.platform.commons.util.ReflectionUtils.invokeMethod(ReflectionUtils.java:728)
	at org.junit.jupiter.engine.execution.MethodInvocation.proceed(MethodInvocation.java:60)
	at org.junit.jupiter.engine.execution.InvocationInterceptorChain$ValidatingInvocation.proceed(InvocationInterceptorChain.java:131)
	at org.junit.jupiter.engine.extension.TimeoutExtension.intercept(TimeoutExtension.java:156)
	at org.junit.jupiter.engine.extension.TimeoutExtension.interceptTestableMethod(TimeoutExtension.java:147)
	at org.junit.jupiter.engine.extension.TimeoutExtension.interceptTestMethod(TimeoutExtension.java:86)
	at org.junit.jupiter.engine.execution.InterceptingExecutableInvoker$ReflectiveInterceptorCall.lambda$ofVoidMethod$0(InterceptingExecutableInvoker.java:103)
	at org.junit.jupiter.engine.execution.InterceptingExecutableInvoker.lambda$invoke$0(InterceptingExecutableInvoker.java:93)
	at org.junit.jupiter.engine.execution.InvocationInterceptorChain$InterceptedInvocation.proceed(InvocationInterceptorChain.java:106)
	at org.junit.jupiter.engine.execution.InvocationInterceptorChain.proceed(InvocationInterceptorChain.java:64)
	at org.junit.jupiter.engine.execution.InvocationInterceptorChain.chainAndInvoke(InvocationInterceptorChain.java:45)
	at org.junit.jupiter.engine.execution.InvocationInterceptorChain.invoke(InvocationInterceptorChain.java:37)
	at org.junit.jupiter.engine.execution.InterceptingExecutableInvoker.invoke(InterceptingExecutableInvoker.java:92)
	at org.junit.jupiter.engine.execution.InterceptingExecutableInvoker.invoke(InterceptingExecutableInvoker.java:86)
	at org.junit.jupiter.engine.descriptor.TestMethodTestDescriptor.lambda$invokeTestMethod$7(TestMethodTestDescriptor.java:218)
	at org.junit.platform.engine.support.hierarchical.ThrowableCollector.execute(ThrowableCollector.java:73)
	at org.junit.jupiter.engine.descriptor.TestMethodTestDescriptor.invokeTestMethod(TestMethodTestDescriptor.java:214)
	at org.junit.jupiter.engine.descriptor.TestMethodTestDescriptor.execute(TestMethodTestDescriptor.java:139)
	at org.junit.jupiter.engine.descriptor.TestMethodTestDescriptor.execute(TestMethodTestDescriptor.java:69)
	at org.junit.platform.engine.support.hierarchical.NodeTestTask.lambda$executeRecursively$6(NodeTestTask.java:151)
	at org.junit.platform.engine.support.hierarchical.ThrowableCollector.execute(ThrowableCollector.java:73)
	at org.junit.platform.engine.support.hierarchical.NodeTestTask.lambda$executeRecursively$8(NodeTestTask.java:141)
	at org.junit.platform.engine.support.hierarchical.Node.around(Node.java:137)
	at org.junit.platform.engine.support.hierarchical.NodeTestTask.lambda$executeRecursively$9(NodeTestTask.java:139)
	at org.junit.platform.engine.support.hierarchical.ThrowableCollector.execute(ThrowableCollector.java:73)
	at org.junit.platform.engine.support.hierarchical.NodeTestTask.executeRecursively(NodeTestTask.java:138)
	at org.junit.platform.engine.support.hierarchical.NodeTestTask.execute(NodeTestTask.java:95)
	at java.base/java.util.ArrayList.forEach(ArrayList.java:1596)
	at org.junit.platform.engine.support.hierarchical.SameThreadHierarchicalTestExecutorService.invokeAll(SameThreadHierarchicalTestExecutorService.java:41)
	at org.junit.platform.engine.support.hierarchical.NodeTestTask.lambda$executeRecursively$6(NodeTestTask.java:155)
	at org.junit.platform.engine.support.hierarchical.ThrowableCollector.execute(ThrowableCollector.java:73)
	at org.junit.platform.engine.support.hierarchical.NodeTestTask.lambda$executeRecursively$8(NodeTestTask.java:141)
	at org.junit.platform.engine.support.hierarchical.Node.around(Node.java:137)
	at org.junit.platform.engine.support.hierarchical.NodeTestTask.lambda$executeRecursively$9(NodeTestTask.java:139)
	at org.junit.platform.engine.support.hierarchical.ThrowableCollector.execute(ThrowableCollector.java:73)
	at org.junit.platform.engine.support.hierarchical.NodeTestTask.executeRecursively(NodeTestTask.java:138)
	at org.junit.platform.engine.support.hierarchical.NodeTestTask.execute(NodeTestTask.java:95)
	at java.base/java.util.ArrayList.forEach(ArrayList.java:1596)
	at org.junit.platform.engine.support.hierarchical.SameThreadHierarchicalTestExecutorService.invokeAll(SameThreadHierarchicalTestExecutorService.java:41)
	at org.junit.platform.engine.support.hierarchical.NodeTestTask.lambda$executeRecursively$6(NodeTestTask.java:155)
	at org.junit.platform.engine.support.hierarchical.ThrowableCollector.execute(ThrowableCollector.java:73)
	at org.junit.platform.engine.support.hierarchical.NodeTestTask.lambda$executeRecursively$8(NodeTestTask.java:141)
	at org.junit.platform.engine.support.hierarchical.Node.around(Node.java:137)
	at org.junit.platform.engine.support.hierarchical.NodeTestTask.lambda$executeRecursively$9(NodeTestTask.java:139)
	at org.junit.platform.engine.support.hierarchical.ThrowableCollector.execute(ThrowableCollector.java:73)
	at org.junit.platform.engine.support.hierarchical.NodeTestTask.executeRecursively(NodeTestTask.java:138)
	at org.junit.platform.engine.support.hierarchical.NodeTestTask.execute(NodeTestTask.java:95)
	at org.junit.platform.engine.support.hierarchical.SameThreadHierarchicalTestExecutorService.submit(SameThreadHierarchicalTestExecutorService.java:35)
	at org.junit.platform.engine.support.hierarchical.HierarchicalTestExecutor.execute(HierarchicalTestExecutor.java:57)
	at org.junit.platform.engine.support.hierarchical.HierarchicalTestEngine.execute(HierarchicalTestEngine.java:54)
	at org.junit.platform.launcher.core.EngineExecutionOrchestrator.execute(EngineExecutionOrchestrator.java:198)
	at org.junit.platform.launcher.core.EngineExecutionOrchestrator.execute(EngineExecutionOrchestrator.java:169)
	at org.junit.platform.launcher.core.EngineExecutionOrchestrator.execute(EngineExecutionOrchestrator.java:93)
	at org.junit.platform.launcher.core.EngineExecutionOrchestrator.lambda$execute$0(EngineExecutionOrchestrator.java:58)
	at org.junit.platform.launcher.core.EngineExecutionOrchestrator.withInterceptedStreams(EngineExecutionOrchestrator.java:141)
	at org.junit.platform.launcher.core.EngineExecutionOrchestrator.execute(EngineExecutionOrchestrator.java:57)
	at org.junit.platform.launcher.core.DefaultLauncher.execute(DefaultLauncher.java:103)
	at org.junit.platform.launcher.core.DefaultLauncher.execute(DefaultLauncher.java:85)
	at org.junit.platform.launcher.core.DelegatingLauncher.execute(DelegatingLauncher.java:47)
	at org.junit.platform.launcher.core.SessionPerRequestLauncher.execute(SessionPerRequestLauncher.java:63)
	at com.intellij.junit5.JUnit5IdeaTestRunner.startRunnerWithArgs(JUnit5IdeaTestRunner.java:57)
	at com.intellij.rt.junit.IdeaTestRunner$Repeater$1.execute(IdeaTestRunner.java:38)
	at com.intellij.rt.execution.junit.TestsRepeater.repeat(TestsRepeater.java:11)
	at com.intellij.rt.junit.IdeaTestRunner$Repeater.startRunnerWithArgs(IdeaTestRunner.java:35)
	at com.intellij.rt.junit.JUnitStarter.prepareStreamsAndStart(JUnitStarter.java:232)
	at com.intellij.rt.junit.JUnitStarter.main(JUnitStarter.java:55)
2025-05-21 09:06:27 [main] INFO  l.insoft.uztis.tests.utils.TestUtils - Screenshot moved to C:\Users\ingrida.zadorozniene\Desktop\Asm\UZTIS\UZTIS_tests\test-output\screenshots\20250521\090627441_testConfirmEvaluationThree().png
2025-05-21 09:06:47 [main] INFO  lt.insoft.uztis.tests.UztisPageTest - Navigated to https://uztisdev.asseco.lt/home
2025-05-21 09:06:47 [main] INFO  l.i.uztis.tests.EvaluationsPageTest - Starting test:'testConfirmEvaluationThree'
2025-05-21 09:06:47 [main] INFO  l.i.uztis.tests.EvaluationsPageTest - Starting test:'testNavigateToEvaluationsPage'
2025-05-21 09:06:48 [main] DEBUG l.i.uztis.tests.EvaluationsPageTest - User logged in with test credentials
2025-05-21 09:06:48 [main] DEBUG l.i.uztis.tests.EvaluationsPageTest - Opened 'Application Processing' menu.
2025-05-21 09:06:48 [main] DEBUG l.i.uztis.tests.EvaluationsPageTest - Clicked on 'Evaluations' menu.
2025-05-21 09:06:48 [main] DEBUG l.i.uztis.tests.EvaluationsPageTest - Navigating to evaluations menu.
2025-05-21 09:06:48 [main] INFO  l.i.uztis.tests.EvaluationsPageTest - Test 'testNavigateToEvaluationsPage' completed successfully.
2025-05-21 09:06:49 [main] DEBUG l.i.uztis.tests.EvaluationsPageTest - Clicked on last evaluation.
2025-05-21 09:06:49 [main] DEBUG l.i.uztis.tests.EvaluationsPageTest - Clicked 'Edit'.
2025-05-21 09:06:50 [main] DEBUG l.i.uztis.tests.EvaluationsPageTest - Clicked 'Continue'.
2025-05-21 09:06:50 [main] DEBUG l.i.uztis.tests.EvaluationsPageTest - Clicked 'Confirm'.
2025-05-21 09:06:50 [main] DEBUG l.i.uztis.tests.EvaluationsPageTest - Clicked 'Confirm Confirmation'.
2025-05-21 09:06:51 [main] DEBUG l.i.uztis.tests.EvaluationsPageTest - Fetched label text: Įvertinta
2025-05-21 09:06:51 [main] INFO  l.i.uztis.tests.EvaluationsPageTest - Verified that the label text matches the expected value.
2025-05-21 09:06:51 [main] INFO  l.i.uztis.tests.EvaluationsPageTest - Test 'testConfirmEvaluationThree' completed successfully.
2025-05-21 09:07:05 [main] INFO  lt.insoft.uztis.tests.UztisPageTest - Navigated to https://uztisdev.asseco.lt/home
2025-05-21 09:07:05 [main] INFO  l.insoft.uztis.tests.FundingPageTest - Starting test:'testFundApplication'
2025-05-21 09:07:05 [main] DEBUG l.insoft.uztis.tests.FundingPageTest - User logged in with test credentials
2025-05-21 09:07:06 [main] DEBUG l.insoft.uztis.tests.FundingPageTest - Opened 'Application Processing' menu.
2025-05-21 09:07:06 [main] DEBUG l.insoft.uztis.tests.FundingPageTest - Clicked on 'Application Forms' menu.
2025-05-21 09:07:06 [main] DEBUG l.insoft.uztis.tests.FundingPageTest - Retrieved last description code text: 'TST-VUI-32'.
2025-05-21 09:07:07 [main] DEBUG l.insoft.uztis.tests.FundingPageTest - Clicked on 'Invitation' menu.
2025-05-21 09:07:08 [main] DEBUG l.insoft.uztis.tests.FundingPageTest - Selected application section by code: 'TST-VUI-32'.
2025-05-21 09:07:08 [main] DEBUG l.insoft.uztis.tests.FundingPageTest - Clicked 'Search' button.
2025-05-21 09:07:08 [main] DEBUG l.insoft.uztis.tests.FundingPageTest - Retrieved invitation code: ''.
2025-05-21 09:07:08 [main] DEBUG l.insoft.uztis.tests.FundingPageTest - Clicked on 'Funding Queue' menu.
2025-05-21 09:07:10 [main] DEBUG l.insoft.uztis.tests.FundingPageTest - Selected invitation by code: 'TST-VUI-32'.
2025-05-21 09:07:10 [main] DEBUG l.insoft.uztis.tests.FundingPageTest - Invitation code inserted.
2025-05-21 09:07:10 [main] DEBUG l.insoft.uztis.tests.FundingPageTest - Clicked 'Form'.
2025-05-21 09:07:11 [main] DEBUG l.insoft.uztis.tests.FundingPageTest - Clicked 'Finance'.
2025-05-21 09:07:11 [main] DEBUG l.insoft.uztis.tests.FundingPageTest - Entered order number 'VUI_1'.
2025-05-21 09:07:11 [main] DEBUG l.insoft.uztis.tests.FundingPageTest - Clicked 'Finance Confirmation'.
2025-05-21 09:07:12 [main] DEBUG l.i.uztis.pages.ApplicationFormsPage - Verified success message: 'Funkcija sėkmingai atlikta.'
2025-05-21 09:07:12 [main] INFO  l.insoft.uztis.tests.FundingPageTest - Verified success message
2025-05-21 09:07:12 [main] INFO  l.insoft.uztis.tests.FundingPageTest - Test 'testFundApplication' completed successfully.
2025-05-21 14:19:37 [main] INFO  lt.insoft.uztis.tests.UztisPageTest - Navigated to https://uztisdev.asseco.lt/home
2025-05-21 14:19:37 [main] INFO  l.i.u.tests.ApplicationFormsPageTest - Setup complete. ApplicationFormsPage initialized.
2025-05-21 14:19:37 [main] INFO  l.i.u.tests.ApplicationFormsPageTest - Starting test:'testCreateNewVuiApplication'
2025-05-21 14:19:37 [main] DEBUG l.i.u.tests.ApplicationFormsPageTest - User logged in with test credentials
2025-05-21 14:19:38 [main] DEBUG l.i.u.tests.ApplicationFormsPageTest - Opened 'Application Processing' menu.
2025-05-21 14:19:38 [main] DEBUG l.i.u.tests.ApplicationFormsPageTest - Clicked on 'Application Forms' menu.
2025-05-21 14:19:39 [main] DEBUG l.i.u.tests.ApplicationFormsPageTest - Clicked to create a new application form.
2025-05-21 14:19:39 [main] DEBUG l.i.u.tests.ApplicationFormsPageTest - Entered random application code: TST-VUI-14
2025-05-21 14:19:39 [main] DEBUG l.i.u.tests.ApplicationFormsPageTest - Selected 'Section' radio button.
2025-05-21 14:19:39 [main] INFO  l.i.uztis.pages.ApplicationFormsPage - Located the dropdown button.
2025-05-21 14:19:39 [main] INFO  l.i.uztis.pages.ApplicationFormsPage - Successfully selected the value: 'Skyrius 1'
2025-05-21 14:19:50 [main] ERROR l.i.uztis.pages.ApplicationFormsPage - Failed to close the dropdown with aria-expanded = 'false'.
2025-05-21 14:19:50 [main] DEBUG l.i.u.tests.ApplicationFormsPageTest - Selected a value from the 'Section' dropdown: 'Skyrius 1'
2025-05-21 14:19:50 [main] DEBUG l.i.u.tests.ApplicationFormsPageTest - Selected 'Budget by Municipality' option.
2025-05-21 14:19:50 [main] DEBUG l.i.u.tests.ApplicationFormsPageTest - Selected 'Financed Without Queue' option.
2025-05-21 14:19:50 [main] DEBUG l.i.u.tests.ApplicationFormsPageTest - Clicked 'Add' button.
2025-05-21 14:19:50 [main] INFO  l.i.uztis.pages.ApplicationFormsPage - Located the dropdown button.
2025-05-21 14:19:51 [main] INFO  l.i.uztis.pages.ApplicationFormsPage - Successfully selected the value: 'VUI atitiktis URP'
2025-05-21 14:20:02 [main] ERROR l.i.uztis.pages.ApplicationFormsPage - Failed to close the dropdown with aria-expanded = 'false'.
2025-05-21 14:20:02 [main] DEBUG l.i.u.tests.ApplicationFormsPageTest - Selected a value from the 'EvaluationOne' dropdown: 'VUI atitiktis URP'
2025-05-21 14:20:02 [main] INFO  l.i.uztis.pages.ApplicationFormsPage - Located the dropdown button.
2025-05-21 14:20:02 [main] INFO  l.i.uztis.pages.ApplicationFormsPage - Successfully selected the value: 'VUI atitiktis kokybės kriterijams'
2025-05-21 14:20:13 [main] ERROR l.i.uztis.pages.ApplicationFormsPage - Failed to close the dropdown with aria-expanded = 'false'.
2025-05-21 14:20:13 [main] DEBUG l.i.u.tests.ApplicationFormsPageTest - Selected a value from the 'EvaluationTwon' dropdown: 'VUI atitiktis kokybės kriterijams'
2025-05-21 14:20:13 [main] INFO  l.i.uztis.pages.ApplicationFormsPage - Located the dropdown button.
2025-05-21 14:20:13 [main] INFO  l.i.uztis.pages.ApplicationFormsPage - Successfully selected the value: 'VUI gynimo vertinimo forma'
2025-05-21 14:20:23 [main] ERROR l.i.uztis.pages.ApplicationFormsPage - Failed to close the dropdown with aria-expanded = 'false'.
2025-05-21 14:20:23 [main] DEBUG l.i.u.tests.ApplicationFormsPageTest - Selected a value from the 'EvaluationThree' dropdown: 'VUI gynimo vertinimo forma'
2025-05-21 14:20:23 [main] DEBUG l.i.u.tests.ApplicationFormsPageTest - Clicked 'Plus' button.
2025-05-21 14:20:24 [main] DEBUG l.i.u.tests.ApplicationFormsPageTest - Clicked 'Add' button seven times.
2025-05-21 14:20:24 [main] INFO  l.i.uztis.pages.ApplicationFormsPage - Processing dropdown index: 0
2025-05-21 14:20:35 [main] ERROR l.i.uztis.pages.ApplicationFormsPage - Timeout while waiting for dropdown to close at index: 0 with aria-expanded = 'false'
2025-05-21 14:20:35 [main] INFO  l.i.uztis.pages.ApplicationFormsPage - Processing dropdown index: 1
2025-05-21 14:20:46 [main] ERROR l.i.uztis.pages.ApplicationFormsPage - Timeout while waiting for dropdown to close at index: 1 with aria-expanded = 'false'
2025-05-21 14:20:46 [main] INFO  l.i.uztis.pages.ApplicationFormsPage - Processing dropdown index: 2
2025-05-21 14:20:57 [main] ERROR l.i.uztis.pages.ApplicationFormsPage - Timeout while waiting for dropdown to close at index: 2 with aria-expanded = 'false'
2025-05-21 14:20:57 [main] INFO  l.i.uztis.pages.ApplicationFormsPage - Processing dropdown index: 3
2025-05-21 14:21:08 [main] ERROR l.i.uztis.pages.ApplicationFormsPage - Timeout while waiting for dropdown to close at index: 3 with aria-expanded = 'false'
2025-05-21 14:21:08 [main] INFO  l.i.uztis.pages.ApplicationFormsPage - Processing dropdown index: 4
2025-05-21 14:21:18 [main] ERROR l.i.uztis.pages.ApplicationFormsPage - Timeout while waiting for dropdown to close at index: 4 with aria-expanded = 'false'
2025-05-21 14:21:18 [main] INFO  l.i.uztis.pages.ApplicationFormsPage - Processing dropdown index: 5
2025-05-21 14:21:30 [main] ERROR l.i.uztis.pages.ApplicationFormsPage - Timeout while waiting for dropdown to close at index: 5 with aria-expanded = 'false'
2025-05-21 14:21:30 [main] INFO  l.i.uztis.pages.ApplicationFormsPage - Processing dropdown index: 6
2025-05-21 14:21:40 [main] ERROR l.i.uztis.pages.ApplicationFormsPage - Timeout while waiting for dropdown to close at index: 6 with aria-expanded = 'false'
2025-05-21 14:21:40 [main] INFO  l.i.uztis.pages.ApplicationFormsPage - Processing dropdown index: 7
2025-05-21 14:21:51 [main] ERROR l.i.uztis.pages.ApplicationFormsPage - Timeout while waiting for dropdown to close at index: 7 with aria-expanded = 'false'
2025-05-21 14:21:51 [main] INFO  l.i.uztis.pages.ApplicationFormsPage - Processing input field index: 0
2025-05-21 14:21:51 [main] INFO  l.i.uztis.pages.ApplicationFormsPage - Entered value '50' into field index: 0
2025-05-21 14:21:51 [main] INFO  l.i.uztis.pages.ApplicationFormsPage - Processing input field index: 1
2025-05-21 14:21:51 [main] INFO  l.i.uztis.pages.ApplicationFormsPage - Entered value '924' into field index: 1
2025-05-21 14:21:51 [main] INFO  l.i.uztis.pages.ApplicationFormsPage - Processing input field index: 2
2025-05-21 14:21:51 [main] INFO  l.i.uztis.pages.ApplicationFormsPage - Entered value '31' into field index: 2
2025-05-21 14:21:51 [main] INFO  l.i.uztis.pages.ApplicationFormsPage - Processing input field index: 3
2025-05-21 14:21:51 [main] INFO  l.i.uztis.pages.ApplicationFormsPage - Entered value '4.7' into field index: 3
2025-05-21 14:21:51 [main] INFO  l.i.uztis.pages.ApplicationFormsPage - Processing input field index: 4
2025-05-21 14:21:52 [main] INFO  l.i.uztis.pages.ApplicationFormsPage - Entered value '35' into field index: 4
2025-05-21 14:21:52 [main] INFO  l.i.uztis.pages.ApplicationFormsPage - Processing input field index: 5
2025-05-21 14:21:52 [main] INFO  l.i.uztis.pages.ApplicationFormsPage - Entered value '20' into field index: 5
2025-05-21 14:21:52 [main] INFO  l.i.uztis.pages.ApplicationFormsPage - Processing input field index: 6
2025-05-21 14:21:52 [main] INFO  l.i.uztis.pages.ApplicationFormsPage - Entered value '30' into field index: 6
2025-05-21 14:21:52 [main] INFO  l.i.uztis.pages.ApplicationFormsPage - Processing input field index: 7
2025-05-21 14:21:52 [main] INFO  l.i.uztis.pages.ApplicationFormsPage - Entered value '60' into field index: 7
2025-05-21 14:21:52 [main] DEBUG l.i.u.tests.ApplicationFormsPageTest - Entered additional values and text.
2025-05-21 14:21:52 [main] DEBUG l.i.u.tests.ApplicationFormsPageTest - Entered application name: VUI paraiška
2025-05-21 14:21:52 [main] DEBUG l.i.u.tests.ApplicationFormsPageTest - Clicked the 'Save' button.
2025-05-21 14:21:52 [main] DEBUG l.i.uztis.pages.ApplicationFormsPage - Verified success message: 'Duomenys sėkmingai išsaugoti.'
2025-05-21 14:21:52 [main] INFO  l.i.u.tests.ApplicationFormsPageTest - Verified success message
2025-05-21 14:21:52 [main] INFO  l.i.u.tests.ApplicationFormsPageTest - Verified that the 'Save Form' button is displayed.
2025-05-21 14:21:52 [main] INFO  l.i.u.tests.ApplicationFormsPageTest - Test 'testCreateNewVuiApplication' completed successfully.
2025-05-21 14:29:29 [main] INFO  lt.insoft.uztis.tests.UztisPageTest - Navigated to https://uztisdev.asseco.lt/home
2025-05-21 14:29:30 [main] INFO  l.i.u.tests.ApplicationFormsPageTest - Setup complete. ApplicationFormsPage initialized.
2025-05-21 14:29:30 [main] INFO  l.i.u.tests.ApplicationFormsPageTest - Starting test:'testEditAndSaveVuiApplication'
2025-05-21 14:29:30 [main] DEBUG l.i.u.tests.ApplicationFormsPageTest - User logged in with test credentials
2025-05-21 14:29:31 [main] DEBUG l.i.u.tests.ApplicationFormsPageTest - Opened 'Application Processing' menu.
2025-05-21 14:29:31 [main] DEBUG l.i.u.tests.ApplicationFormsPageTest - Clicked on 'Application Forms' menu.
2025-05-21 14:29:32 [main] DEBUG l.i.u.tests.ApplicationFormsPageTest - Selected the last application description.
2025-05-21 14:29:32 [main] DEBUG l.i.u.tests.ApplicationFormsPageTest - Clicked the 'Edit' button.
2025-05-21 14:29:32 [main] DEBUG l.i.u.tests.ApplicationFormsPageTest - Selected 'Municipality' radio button.
2025-05-21 14:29:32 [main] INFO  l.i.uztis.pages.ApplicationFormsPage - Located the dropdown button.
2025-05-21 14:29:33 [main] INFO  l.i.uztis.pages.ApplicationFormsPage - Successfully selected the value: 'Kauno departamentas'
2025-05-21 14:29:43 [main] ERROR l.i.uztis.pages.ApplicationFormsPage - Failed to close the dropdown with aria-expanded = 'false'.
2025-05-21 14:29:43 [main] DEBUG l.i.u.tests.ApplicationFormsPageTest - Selected a value from the 'Municipality' dropdown: 'Kauno departamentas'
2025-05-21 14:29:43 [main] DEBUG l.i.u.tests.ApplicationFormsPageTest - Selected 'Budget By Country' radio button.
2025-05-21 14:29:43 [main] DEBUG l.i.u.tests.ApplicationFormsPageTest - Selected 'Financed By Queue' radio button.
2025-05-21 14:29:43 [main] DEBUG l.i.u.tests.ApplicationFormsPageTest - Entered new application name: _paredaguota
2025-05-21 14:29:43 [main] DEBUG l.i.u.tests.ApplicationFormsPageTest - Clicked the 'Save' button.
2025-05-21 14:29:44 [main] DEBUG l.i.uztis.pages.ApplicationFormsPage - Verified success message: 'Duomenys sėkmingai išsaugoti.'
2025-05-21 14:29:44 [main] INFO  l.i.u.tests.ApplicationFormsPageTest - Verified success message
2025-05-21 14:29:44 [main] INFO  l.i.u.tests.ApplicationFormsPageTest - Test 'testEditAndSaveVuiApplication' completed successfully.
2025-05-21 15:01:42 [main] INFO  lt.insoft.uztis.tests.UztisPageTest - Navigated to https://uztisdev.asseco.lt/home
2025-05-21 15:01:42 [main] INFO  l.i.u.tests.ApplicationFormsPageTest - Setup complete. ApplicationFormsPage initialized.
2025-05-21 15:01:42 [main] INFO  l.i.u.tests.ApplicationFormsPageTest - Starting test:'testAddContractVUI'
2025-05-21 15:01:43 [main] DEBUG l.i.u.tests.ApplicationFormsPageTest - User logged in with test credentials
2025-05-21 15:01:43 [main] DEBUG l.i.u.tests.ApplicationFormsPageTest - Opened 'Application Processing' menu.
2025-05-21 15:01:44 [main] DEBUG l.i.u.tests.ApplicationFormsPageTest - Clicked on 'Application Forms' menu.
2025-05-21 15:01:45 [main] DEBUG l.i.u.tests.ApplicationFormsPageTest - Selected the last application description.
2025-05-21 15:01:45 [main] DEBUG l.i.u.tests.ApplicationFormsPageTest - Clicked 'Project Progress' tab.
2025-05-21 15:01:45 [main] DEBUG l.i.u.tests.ApplicationFormsPageTest - Clicked the 'Edit' button.
2025-05-21 15:01:45 [main] INFO  l.i.uztis.pages.ApplicationFormsPage - Located the dropdown button.
2025-05-21 15:01:50 [main] INFO  l.i.uztis.pages.ApplicationFormsPage - Successfully selected the value: 'Vietinių užimtumo iniciatyvų projekto įgyvendinimo ir finansavimo sutartis'
2025-05-21 15:02:00 [main] ERROR l.i.uztis.pages.ApplicationFormsPage - Failed to close the dropdown with aria-expanded = 'false'.
2025-05-21 15:02:00 [main] DEBUG l.i.u.tests.ApplicationFormsPageTest - Selected a value from the 'Document' dropdown: 'Vietinių užimtumo iniciatyvų projekto įgyvendinimo ir finansavimo sutartis'
2025-05-21 15:02:01 [main] DEBUG l.i.u.tests.ApplicationFormsPageTest - Clicked the 'Save' button.
2025-05-21 15:02:11 [main] ERROR l.i.uztis.pages.ApplicationFormsPage - Failed to verify the success message: 'Funkcija sėkmingai atlikta.'. Available messages: []
2025-05-21 15:02:11 [main] INFO  l.i.u.tests.ApplicationFormsPageTest - Verified success message
2025-05-21 15:02:11 [main] INFO  l.i.u.tests.ApplicationFormsPageTest - Test 'testAddContractVUI' completed successfully.
2025-05-21 15:03:06 [main] INFO  lt.insoft.uztis.tests.UztisPageTest - Navigated to https://uztisdev.asseco.lt/home
2025-05-21 15:03:06 [main] INFO  l.i.uztis.tests.InvitationsPageTest - Starting test:'testCreateNewVuiInvitationDraft'
2025-05-21 15:03:06 [main] DEBUG l.i.uztis.tests.InvitationsPageTest - User logged in with test credentials
2025-05-21 15:03:07 [main] DEBUG l.i.uztis.tests.InvitationsPageTest - Opened 'Application Processing' menu.
2025-05-21 15:03:07 [main] DEBUG l.i.uztis.tests.InvitationsPageTest - Clicked on 'Application Forms' menu.
2025-05-21 15:03:07 [main] DEBUG l.i.uztis.tests.InvitationsPageTest - Navigating to application forms menu.
2025-05-21 15:03:07 [main] DEBUG l.i.uztis.tests.InvitationsPageTest - Retrieved last description code text: 'TST-VUI-14'.
2025-05-21 15:03:07 [main] DEBUG l.i.uztis.tests.InvitationsPageTest - Clicked on 'Invitation' menu.
2025-05-21 15:03:07 [main] DEBUG l.i.uztis.tests.InvitationsPageTest - Clicked 'Create New Application Form'.
2025-05-21 15:03:09 [main] DEBUG l.i.uztis.tests.InvitationsPageTest - Selected section by code: 'TST-VUI-14'.
2025-05-21 15:03:09 [main] INFO  l.insoft.uztis.pages.InvitationsPage - Located the dropdown button.
2025-05-21 15:03:20 [main] ERROR l.insoft.uztis.pages.InvitationsPage - Timeout while waiting for dropdown to close with aria-expanded = 'false'.
2025-05-21 15:03:20 [main] DEBUG l.i.uztis.tests.InvitationsPageTest - Selected invitation number from the list.
2025-05-21 15:03:20 [main] DEBUG l.i.uztis.tests.InvitationsPageTest - Entered current date.
2025-05-21 15:03:20 [main] DEBUG l.i.uztis.tests.InvitationsPageTest - Entered start time: 00:00.
2025-05-21 15:03:20 [main] DEBUG l.i.uztis.tests.InvitationsPageTest - Entered end date.
2025-05-21 15:03:21 [main] DEBUG l.i.uztis.tests.InvitationsPageTest - Entered end time: 11:11.
2025-05-21 15:03:21 [main] DEBUG l.i.uztis.tests.InvitationsPageTest - Draft saved.
2025-05-21 15:03:21 [main] DEBUG l.i.uztis.pages.ApplicationFormsPage - Verified success message: 'Duomenys sėkmingai išsaugoti.'
2025-05-21 15:03:21 [main] INFO  l.i.uztis.tests.InvitationsPageTest - Verified success message
2025-05-21 15:03:21 [main] INFO  l.i.uztis.tests.InvitationsPageTest - Test 'testCreateNewVuiInvitationDraft' completed successfully.
2025-05-21 15:04:10 [main] INFO  lt.insoft.uztis.tests.UztisPageTest - Navigated to https://uztisdev.asseco.lt/home
2025-05-21 15:04:10 [main] INFO  l.i.uztis.tests.InvitationsPageTest - Starting test:'testEditAndPublishVuiInvitationDraft'
2025-05-21 15:04:10 [main] DEBUG l.i.uztis.tests.InvitationsPageTest - User logged in with test credentials
2025-05-21 15:04:11 [main] DEBUG l.i.uztis.tests.InvitationsPageTest - Opened 'Application Processing' menu.
2025-05-21 15:04:11 [main] DEBUG l.i.uztis.tests.InvitationsPageTest - Clicked on 'Application Forms' menu.
2025-05-21 15:04:11 [main] DEBUG l.i.uztis.tests.InvitationsPageTest - Navigating to application forms menu.
2025-05-21 15:04:11 [main] DEBUG l.i.uztis.tests.InvitationsPageTest - Retrieved last description code text: 'TST-VUI-14'.
2025-05-21 15:04:11 [main] DEBUG l.i.uztis.tests.InvitationsPageTest - Clicked on 'Invitation' menu.
2025-05-21 15:04:13 [main] DEBUG l.i.uztis.tests.InvitationsPageTest - Selected section by code: 'TST-VUI-14'.
2025-05-21 15:04:13 [main] DEBUG l.i.uztis.tests.InvitationsPageTest - Clicked 'Search'.
2025-05-21 15:04:13 [main] DEBUG l.i.uztis.tests.InvitationsPageTest - Getting and inserting application code text.
2025-05-21 15:04:13 [main] DEBUG l.i.uztis.tests.InvitationsPageTest - Clicked 'InvitationDraft'.
2025-05-21 15:04:14 [main] DEBUG l.i.uztis.tests.InvitationsPageTest - Clicked 'Edit'.
2025-05-21 15:04:14 [main] DEBUG l.i.uztis.tests.InvitationsPageTest - Entered publication end date.
2025-05-21 15:04:15 [main] DEBUG l.i.uztis.tests.InvitationsPageTest - Added additional values.
2025-05-21 15:04:15 [main] INFO  l.insoft.uztis.pages.InvitationsPage - Located the dropdown button.
2025-05-21 15:04:15 [main] DEBUG l.i.uztis.tests.InvitationsPageTest - Selected the value: 'Didžiausia galima paramos suma aplinkos darbo vietai, Eur'
2025-05-21 15:04:15 [main] INFO  l.insoft.uztis.pages.InvitationsPage - Located the dropdown button.
2025-05-21 15:04:15 [main] DEBUG l.i.uztis.tests.InvitationsPageTest - Selected the value: 'Didžiausia galima paramos suma, Eur'
2025-05-21 15:04:15 [main] INFO  l.insoft.uztis.pages.InvitationsPage - Located the dropdown button.
2025-05-21 15:04:16 [main] DEBUG l.i.uztis.tests.InvitationsPageTest - Selected the value: 'Didžiausia galima paramos suma vienai darbo vietai, Eur'
2025-05-21 15:04:16 [main] DEBUG l.i.uztis.tests.InvitationsPageTest - Entered value: 11000
2025-05-21 15:04:17 [main] DEBUG l.i.uztis.tests.InvitationsPageTest - Entered value: 12000
2025-05-21 15:04:17 [main] DEBUG l.i.uztis.tests.InvitationsPageTest - Entered value: 13000
2025-05-21 15:04:17 [main] DEBUG l.i.uztis.tests.InvitationsPageTest - Checked 'Legal Entities' checkbox.
2025-05-21 15:04:17 [main] DEBUG l.i.uztis.tests.InvitationsPageTest - Checked 'Legal Entities' checkbox.
2025-05-21 15:04:17 [main] DEBUG l.i.uztis.tests.InvitationsPageTest - Unchecked 'Persons Registered with Employment Service' checkbox.
2025-05-21 15:04:18 [main] DEBUG l.i.uztis.tests.InvitationsPageTest - Checked 'Persons Registered as Employers' checkbox.
2025-05-21 15:04:18 [main] DEBUG l.i.uztis.tests.InvitationsPageTest - Entered second evaluation grade: '5'.
2025-05-21 15:04:18 [main] DEBUG l.i.uztis.tests.InvitationsPageTest - Entered third evaluation grade: '6'.
2025-05-21 15:04:18 [main] DEBUG l.i.uztis.tests.InvitationsPageTest - Entered second evaluation grade weight: '0,45'.
2025-05-21 15:04:18 [main] DEBUG l.i.uztis.tests.InvitationsPageTest - Entered third evaluation grade weight: '0,55'.
2025-05-21 15:04:18 [main] DEBUG l.i.uztis.tests.InvitationsPageTest - Entered budget: '2000'.
2025-05-21 15:04:18 [main] DEBUG l.i.uztis.tests.InvitationsPageTest - Entered description text: 'Aprašo tekstas'.
2025-05-21 15:04:18 [main] DEBUG l.i.uztis.tests.InvitationsPageTest - Entered applicants text: 'Pareiškėjų tekstas'.
2025-05-21 15:04:19 [main] DEBUG l.i.uztis.tests.InvitationsPageTest - Entered expenditures text: 'Išlaidų tekstas'.
2025-05-21 15:04:19 [main] DEBUG l.i.uztis.tests.InvitationsPageTest - Entered legislation text: 'Teisės aktų tekstas'.
2025-05-21 15:04:19 [main] DEBUG l.i.uztis.tests.InvitationsPageTest - Entered education text: 'Mokymų tekstas'.
2025-05-21 15:04:19 [main] DEBUG l.i.uztis.tests.InvitationsPageTest - File uploaded.
2025-05-21 15:04:19 [main] DEBUG l.i.uztis.tests.InvitationsPageTest - Clicked 'Publish'.
2025-05-21 15:04:19 [main] DEBUG l.i.uztis.tests.InvitationsPageTest - Publication confirmed.
2025-05-21 15:04:20 [main] DEBUG l.i.uztis.pages.ApplicationFormsPage - Verified success message: 'Funkcija sėkmingai atlikta.'
2025-05-21 15:04:20 [main] INFO  l.i.uztis.tests.InvitationsPageTest - Verified success message
2025-05-21 15:04:20 [main] INFO  l.i.uztis.tests.InvitationsPageTest - Test 'testEditAndPublishVuiInvitationDraft' completed successfully.
2025-05-21 15:05:27 [main] INFO  lt.insoft.uztis.tests.UztisPageTest - Navigated to https://uztisdev.asseco.lt/home
2025-05-21 15:05:27 [main] INFO  l.i.uztis.tests.InvitationsPageTest - Starting test:'testInsertVui_PvkStatisticInformation'
2025-05-21 15:05:27 [main] DEBUG l.i.uztis.tests.InvitationsPageTest - User logged in with test credentials
2025-05-21 15:05:28 [main] DEBUG l.i.uztis.tests.InvitationsPageTest - Opened 'Application Processing' menu.
2025-05-21 15:05:28 [main] DEBUG l.i.uztis.tests.InvitationsPageTest - Clicked on 'Application Forms' menu.
2025-05-21 15:05:28 [main] DEBUG l.i.uztis.tests.InvitationsPageTest - Navigating to invitation forms menu.
2025-05-21 15:05:28 [main] DEBUG l.i.uztis.tests.InvitationsPageTest - Retrieved last description code text: 'TST-VUI-14'.
2025-05-21 15:05:29 [main] DEBUG l.i.uztis.tests.InvitationsPageTest - Clicked on 'Invitation' menu.
2025-05-21 15:05:30 [main] DEBUG l.i.uztis.tests.InvitationsPageTest - Selected section by code: 'TST-VUI-14'.
2025-05-21 15:05:30 [main] DEBUG l.i.uztis.tests.InvitationsPageTest - Clicked 'Search'.
2025-05-21 15:05:30 [main] DEBUG l.i.uztis.tests.InvitationsPageTest - Getting and inserting application code text.
2025-05-21 15:05:30 [main] DEBUG l.i.uztis.tests.InvitationsPageTest - Clicked 'Publishing'.
2025-05-21 15:05:31 [main] DEBUG l.i.uztis.tests.InvitationsPageTest - Clicked 'Statistic Information' tab.
2025-05-21 15:05:31 [main] DEBUG l.i.uztis.tests.InvitationsPageTest - Clicked 'Edit' button.
2025-05-21 15:05:32 [main] DEBUG l.i.uztis.tests.InvitationsPageTest - Entered current date.
2025-05-21 15:05:32 [main] DEBUG l.i.uztis.tests.InvitationsPageTest - Entered value: 8.7
2025-05-21 15:05:32 [main] DEBUG l.i.uztis.tests.InvitationsPageTest - Entered average salary: 2237.9
2025-05-21 15:05:32 [main] DEBUG l.i.uztis.tests.InvitationsPageTest - File uploaded.
2025-05-21 15:05:32 [main] DEBUG l.i.uztis.tests.InvitationsPageTest - Clicked 'Save' button.
2025-05-21 15:05:33 [main] DEBUG l.i.uztis.pages.ApplicationFormsPage - Verified success message: 'Funkcija sėkmingai atlikta.'
2025-05-21 15:05:33 [main] INFO  l.i.uztis.tests.InvitationsPageTest - Verified success message
2025-05-21 15:05:33 [main] INFO  l.i.uztis.tests.InvitationsPageTest - Test 'testInsertVui_PvkStatisticInformation' completed successfully.
2025-05-21 15:06:40 [main] INFO  lt.insoft.uztis.tests.UztisPageTest - Navigated to https://uztisdev.asseco.lt/home
2025-05-21 15:06:40 [main] INFO  l.i.u.t.SubmittedApplicationsPageTest - Starting test:'testFillNewVUIPApplicationFA'
2025-05-21 15:06:40 [main] DEBUG l.i.u.t.SubmittedApplicationsPageTest - User logged in with test credentials.
2025-05-21 15:06:41 [main] DEBUG l.i.u.t.SubmittedApplicationsPageTest - Opened 'Application Processing' menu.
2025-05-21 15:06:41 [main] DEBUG l.i.u.t.SubmittedApplicationsPageTest - Clicked on 'Application Forms' menu.
2025-05-21 15:06:41 [main] DEBUG l.i.u.t.SubmittedApplicationsPageTest - Retrieved last description code text: 'TST-VUI-14'.
2025-05-21 15:06:42 [main] DEBUG l.i.u.t.SubmittedApplicationsPageTest - Clicked on 'Invitation' menu.
2025-05-21 15:06:43 [main] DEBUG l.i.u.t.SubmittedApplicationsPageTest - Selected application section by code: 'TST-VUI-14'.
2025-05-21 15:06:43 [main] DEBUG l.i.u.t.SubmittedApplicationsPageTest - Clicked 'Search' button.
2025-05-21 15:06:43 [main] DEBUG l.i.u.t.SubmittedApplicationsPageTest - Retrieved invitation code: ''.
2025-05-21 15:06:43 [main] DEBUG l.i.u.t.SubmittedApplicationsPageTest - Clicked on 'Submitted Applications' menu.
2025-05-21 15:06:45 [main] DEBUG l.i.u.t.SubmittedApplicationsPageTest - Selected invitation by code: 'TST-VUI-14'.
2025-05-21 15:06:45 [main] DEBUG l.i.u.t.SubmittedApplicationsPageTest - Invitation code inserted.
2025-05-21 15:06:45 [main] DEBUG l.i.u.t.SubmittedApplicationsPageTest - Clicked on 'Action Application' button.
2025-05-21 15:06:46 [main] DEBUG l.i.u.t.SubmittedApplicationsPageTest - Clicked on 'New Application' button.
2025-05-21 15:06:46 [main] DEBUG l.i.u.t.SubmittedApplicationsPageTest - Selected the 'RadioButtonFA' option.
2025-05-21 15:06:46 [main] DEBUG l.i.u.t.SubmittedApplicationsPageTest - Entered phone number: '61298745'.
2025-05-21 15:06:46 [main] DEBUG l.i.u.t.SubmittedApplicationsPageTest - Entered email: 'test@autotest.com'.
2025-05-21 15:06:46 [main] INFO  l.i.u.p.SubmittedApplicationsPage - Clicking on the dropdown button.
2025-05-21 15:07:06 [main] INFO  l.i.u.p.SubmittedApplicationsPage - Found 1741 options in the dropdown.
2025-05-21 15:07:06 [main] DEBUG l.i.u.p.SubmittedApplicationsPage - Checking option: ''
2025-05-21 15:07:06 [main] DEBUG l.i.u.p.SubmittedApplicationsPage - Checking option: '01.11 - Grūdinių (išskyrus ryžius), ankštinių ir aliejingų sėklų augalų auginimas'
2025-05-21 15:07:06 [main] INFO  l.i.u.p.SubmittedApplicationsPage - Successfully selected the value: '01.11 - Grūdinių (išskyrus ryžius), ankštinių ir aliejingų sėklų augalų auginimas'
2025-05-21 15:07:06 [main] INFO  l.i.u.p.SubmittedApplicationsPage - Attempting to close the dropdown.
2025-05-21 15:07:07 [main] DEBUG l.i.u.t.SubmittedApplicationsPageTest - Selected EVRK value: '01.11 - Grūdinių (išskyrus ryžius), ankštinių ir aliejingų sėklų augalų auginimas'.
2025-05-21 15:07:07 [main] DEBUG l.i.u.t.SubmittedApplicationsPageTest - Clicked on 'Address Component' button.
2025-05-21 15:07:07 [main] INFO  l.i.u.p.SubmittedApplicationsPage - Located the dropdown button.
2025-05-21 15:07:11 [main] INFO  l.i.u.p.SubmittedApplicationsPage - Successfully selected the value: 'Lietuva'
2025-05-21 15:07:11 [main] DEBUG l.i.u.t.SubmittedApplicationsPageTest - Selected country: 'Lietuva'.
2025-05-21 15:07:11 [main] INFO  l.i.u.p.SubmittedApplicationsPage - Located the dropdown search field.
2025-05-21 15:07:11 [main] INFO  l.i.u.p.SubmittedApplicationsPage - Dropdown city is opened.
2025-05-21 15:07:11 [main] INFO  l.i.u.p.SubmittedApplicationsPage - Searched for value: 'Vilnius'
2025-05-21 15:07:12 [main] INFO  l.i.u.p.SubmittedApplicationsPage - Successfully selected: 'Vilnius'
2025-05-21 15:07:12 [main] INFO  l.i.u.p.SubmittedApplicationsPage - Located the dropdown button.
2025-05-21 15:07:13 [main] INFO  l.i.u.p.SubmittedApplicationsPage - Successfully selected the value: 'A. Domaševičiaus g.'
2025-05-21 15:07:13 [main] DEBUG l.i.u.t.SubmittedApplicationsPageTest - Selected street: 'A. Domaševičiaus g.'.
2025-05-21 15:07:13 [main] INFO  l.i.u.p.SubmittedApplicationsPage - Located the dropdown button.
2025-05-21 15:07:13 [main] INFO  l.i.u.p.SubmittedApplicationsPage - Successfully selected the value: '1'
2025-05-21 15:07:13 [main] DEBUG l.i.u.t.SubmittedApplicationsPageTest - Selected house: '1'.
2025-05-21 15:07:13 [main] INFO  l.i.u.p.SubmittedApplicationsPage - Located the dropdown button.
2025-05-21 15:07:13 [main] INFO  l.i.u.p.SubmittedApplicationsPage - Successfully selected the value: '1'
2025-05-21 15:07:13 [main] DEBUG l.i.u.t.SubmittedApplicationsPageTest - Selected apartment: '1'.
2025-05-21 15:07:13 [main] DEBUG l.i.u.t.SubmittedApplicationsPageTest - Clicked 'Confirm' button.
2025-05-21 15:07:14 [main] DEBUG l.i.u.t.SubmittedApplicationsPageTest - Entered project date.
2025-05-21 15:07:14 [main] DEBUG l.i.u.t.SubmittedApplicationsPageTest - Entered job count: '1'.
2025-05-21 15:07:14 [main] DEBUG l.i.u.t.SubmittedApplicationsPageTest - Clicked 'Next' button.
2025-05-21 15:07:14 [main] INFO  l.i.u.p.SubmittedApplicationsPage - Located the dropdown button.
2025-05-21 15:07:15 [main] INFO  l.i.u.p.SubmittedApplicationsPage - Successfully selected the value: 'Administratoriai'
2025-05-21 15:07:15 [main] DEBUG l.i.u.t.SubmittedApplicationsPageTest - Selected job name: 'Administratoriai'.
2025-05-21 15:07:15 [main] DEBUG l.i.u.t.SubmittedApplicationsPageTest - Entered job function: 'Funkcija 1'.
2025-05-21 15:07:16 [main] DEBUG l.i.u.t.SubmittedApplicationsPageTest - Selected 'RadioButtonWithDisabilities' option.
2025-05-21 15:07:16 [main] INFO  l.i.u.p.SubmittedApplicationsPage - Clicking on the dropdown button.
2025-05-21 15:07:16 [main] INFO  l.i.u.p.SubmittedApplicationsPage - Found 34 options in the dropdown.
2025-05-21 15:07:16 [main] DEBUG l.i.u.p.SubmittedApplicationsPage - Checking option: 'Asmenys, kuriems suteiktas pabėgėlio statusas ar perkeliamojo asmens statusas, arba asmenys, kuriems suteikta papildoma ar laikinoji apsauga, ir asmenys, turintys teisę gauti laikinąją apsaugą, iki sprendimo dėl laikinosios apsaugos suteikimo (nesuteikimo) priėmimo, tačiau ne ilgiau kaip laikinosios apsaugos laikotarpiu'
2025-05-21 15:07:16 [main] DEBUG l.i.u.p.SubmittedApplicationsPage - Checking option: 'Asmenys, kuriems suteiktas pabėgėlio statusas ar perkeliamojo asmens statusas, arba asmenys, kuriems suteikta papildoma ar laikinoji apsauga, ir asmenys, turintys teisę gauti laikinąją apsaugą, iki sprendimo dėl laikinosios apsaugos suteikimo (nesuteikimo) priėmimo, tačiau ne ilgiau kaip laikinosios apsaugos laikotarpiu'
2025-05-21 15:07:16 [main] DEBUG l.i.u.p.SubmittedApplicationsPage - Checking option: 'Asmenys, turintys teisę į papildomas užimtumo garantijas pagal Lietuvos Respublikos valstybės įmonės Ignalinos atominės elektrinės darbuotojų papildomų užimtumo ir socialinių garantijų įstatymą'
2025-05-21 15:07:16 [main] DEBUG l.i.u.p.SubmittedApplicationsPage - Checking option: 'Asmenys, turintys teisę į papildomas užimtumo garantijas pagal Lietuvos Respublikos valstybės įmonės Ignalinos atominės elektrinės darbuotojų papildomų užimtumo ir socialinių garantijų įstatymą'
2025-05-21 15:07:16 [main] DEBUG l.i.u.p.SubmittedApplicationsPage - Checking option: 'Bedarbiai iki 29 metų'
2025-05-21 15:07:16 [main] DEBUG l.i.u.p.SubmittedApplicationsPage - Checking option: 'Bedarbiai iki 29 metų'
2025-05-21 15:07:16 [main] DEBUG l.i.u.p.SubmittedApplicationsPage - Checking option: 'Bedarbiai, kurie yra darbingo amžiaus neįgalieji, kuriems nustatytas 30–40 procentų darbingumo lygis arba vidutinis neįgalumo lygis'
2025-05-21 15:07:16 [main] DEBUG l.i.u.p.SubmittedApplicationsPage - Checking option: 'Bedarbiai, kurie yra darbingo amžiaus neįgalieji, kuriems nustatytas 30–40 procentų darbingumo lygis arba vidutinis neįgalumo lygis'
2025-05-21 15:07:16 [main] DEBUG l.i.u.p.SubmittedApplicationsPage - Checking option: 'Bedarbiai, kurie yra darbingo amžiaus neįgalieji, kuriems nustatytas 45–55 procentų darbingumo lygis arba lengvas neįgalumo lygis'
2025-05-21 15:07:16 [main] DEBUG l.i.u.p.SubmittedApplicationsPage - Checking option: 'Bedarbiai, kurie yra darbingo amžiaus neįgalieji, kuriems nustatytas 45–55 procentų darbingumo lygis arba lengvas neįgalumo lygis'
2025-05-21 15:07:16 [main] DEBUG l.i.u.p.SubmittedApplicationsPage - Checking option: 'Bedarbiai, kurie yra darbingo amžiaus neįgalieji, kuriems nustatytas iki 25 procentų darbingumo lygis arba sunkus neįgalumo lygis'
2025-05-21 15:07:17 [main] INFO  l.i.u.p.SubmittedApplicationsPage - Successfully selected the value: 'Bedarbiai, kurie yra darbingo amžiaus neįgalieji, kuriems nustatytas iki 25 procentų darbingumo lygis arba sunkus neįgalumo lygis'
2025-05-21 15:07:17 [main] INFO  l.i.u.p.SubmittedApplicationsPage - Attempting to close the dropdown.
2025-05-21 15:07:17 [main] DEBUG l.i.u.t.SubmittedApplicationsPageTest - Selected disabilities type: 'Bedarbiai, kurie yra darbingo amžiaus neįgalieji, kuriems nustatytas iki 25 procentų darbingumo lygis arba sunkus neįgalumo lygis'.
2025-05-21 15:07:17 [main] DEBUG l.i.u.t.SubmittedApplicationsPageTest - Entered disability information: 'Negalia 1'.
2025-05-21 15:07:17 [main] INFO  l.i.u.p.SubmittedApplicationsPage - Located the dropdown button.
2025-05-21 15:07:18 [main] INFO  l.i.u.p.SubmittedApplicationsPage - Successfully selected the value: 'Kita'
2025-05-21 15:07:18 [main] DEBUG l.i.u.t.SubmittedApplicationsPageTest - Selected time mode: 'Kita'.
2025-05-21 15:07:18 [main] DEBUG l.i.u.t.SubmittedApplicationsPageTest - Selected time mode other: '6 val. per dieną ir 4 d. per savaitę'.
2025-05-21 15:07:19 [main] DEBUG l.i.u.t.SubmittedApplicationsPageTest - Entered qualification: 'Kvalifikacija 1'.
2025-05-21 15:07:19 [main] DEBUG l.i.u.t.SubmittedApplicationsPageTest - Entered job date.
2025-05-21 15:07:19 [main] DEBUG l.i.u.t.SubmittedApplicationsPageTest - Entered salary amount: '1200'.
2025-05-21 15:07:19 [main] DEBUG l.i.u.t.SubmittedApplicationsPageTest - Entered salary description: 'Užmokestis 1'.
2025-05-21 15:07:19 [main] DEBUG l.i.u.t.SubmittedApplicationsPageTest - Selected 'Temporary Job' radio button.
2025-05-21 15:07:20 [main] DEBUG l.i.u.t.SubmittedApplicationsPageTest - Selected 'Season Job' radio button.
2025-05-21 15:07:20 [main] DEBUG l.i.u.t.SubmittedApplicationsPageTest - Selected 'Energy' radio button.
2025-05-21 15:07:20 [main] DEBUG l.i.u.t.SubmittedApplicationsPageTest - Selected 'Repair' radio button.
2025-05-21 15:07:20 [main] DEBUG l.i.u.t.SubmittedApplicationsPageTest - Entered job description: 'Veikla 1'.
2025-05-21 15:07:21 [main] DEBUG l.i.u.t.SubmittedApplicationsPageTest - Entered process description: 'Procesas 1'.
2025-05-21 15:07:21 [main] DEBUG l.i.u.t.SubmittedApplicationsPageTest - Entered energy information: 'Energija 1'.
2025-05-21 15:07:21 [main] DEBUG l.i.u.t.SubmittedApplicationsPageTest - Entered repair information: 'Remontas 1'.
2025-05-21 15:07:22 [main] DEBUG l.i.u.t.SubmittedApplicationsPageTest - Selected 'PVM' radio button.
2025-05-21 15:07:22 [main] INFO  l.i.u.p.SubmittedApplicationsPage - Located the dropdown button.
2025-05-21 15:07:22 [main] INFO  l.i.u.p.SubmittedApplicationsPage - Successfully selected the value: 'Įsigyti'
2025-05-21 15:07:22 [main] DEBUG l.i.u.t.SubmittedApplicationsPageTest - Selected necessary for job: 'Įsigyti'.
2025-05-21 15:07:22 [main] DEBUG l.i.u.t.SubmittedApplicationsPageTest - Selected tool: 'Darbo priemonė 1'.
2025-05-21 15:07:23 [main] DEBUG l.i.u.t.SubmittedApplicationsPageTest - Selected tool parameter one: 'Darbo priemonės 1 parametras 1'.
2025-05-21 15:07:23 [main] DEBUG l.i.u.t.SubmittedApplicationsPageTest - Selected tool parameter two: 'Darbo priemonės 1 parametras 2'.
2025-05-21 15:07:23 [main] DEBUG l.i.u.t.SubmittedApplicationsPageTest - Selected tool parameter three: 'Darbo priemonės 1 parametras 3'.
2025-05-21 15:07:23 [main] DEBUG l.i.u.t.SubmittedApplicationsPageTest - Entered tool count: '1'.
2025-05-21 15:07:24 [main] DEBUG l.i.u.t.SubmittedApplicationsPageTest - Entered price amount 1: '1000'.
2025-05-21 15:07:26 [main] DEBUG l.i.u.t.SubmittedApplicationsPageTest - Entered own funds amount 1: '800'.
2025-05-21 15:07:28 [main] DEBUG l.i.u.t.SubmittedApplicationsPageTest - Clicked 'Add' button.
2025-05-21 15:07:28 [main] INFO  l.i.u.p.SubmittedApplicationsPage - Located the dropdown button.
2025-05-21 15:07:29 [main] INFO  l.i.u.p.SubmittedApplicationsPage - Successfully selected the value: 'Remontuoti'
2025-05-21 15:07:29 [main] DEBUG l.i.u.t.SubmittedApplicationsPageTest - Selected necessary for job 'to repair': 'Remontuoti'.
2025-05-21 15:07:29 [main] DEBUG l.i.u.t.SubmittedApplicationsPageTest - Selected repair name: 'Remonto pavadinimas 1'.
2025-05-21 15:07:29 [main] DEBUG l.i.u.t.SubmittedApplicationsPageTest - Entered repair information: 'Remonto aprašymas 1'.
2025-05-21 15:07:29 [main] DEBUG l.i.u.t.SubmittedApplicationsPageTest - Entered price amount 2: '1000'.
2025-05-21 15:07:32 [main] DEBUG l.i.u.t.SubmittedApplicationsPageTest - Entered own funds amount 2: '900'.
2025-05-21 15:07:34 [main] DEBUG l.i.u.t.SubmittedApplicationsPageTest - Clicked 'AddRemoved' button.
2025-05-21 15:07:36 [main] DEBUG l.i.u.t.SubmittedApplicationsPageTest - Clicked 'Remove' button.
2025-05-21 15:07:38 [main] DEBUG l.i.u.t.SubmittedApplicationsPageTest - Clicked 'Remove Confirmation' button.
2025-05-21 15:07:40 [main] DEBUG l.i.u.t.SubmittedApplicationsPageTest - Entered country percentage: '50'.
2025-05-21 15:07:40 [main] DEBUG l.i.u.t.SubmittedApplicationsPageTest - Entered institution percentage: '50'.
2025-05-21 15:07:40 [main] DEBUG l.i.u.t.SubmittedApplicationsPageTest - Entered municipality percentage: '50'.
2025-05-21 15:07:41 [main] DEBUG l.i.u.t.SubmittedApplicationsPageTest - Selected 'De Minimis' radio button.
2025-05-21 15:07:41 [main] DEBUG l.i.u.t.SubmittedApplicationsPageTest - Entered program name: 'Programa 1'.
2025-05-21 15:07:41 [main] DEBUG l.i.u.t.SubmittedApplicationsPageTest - Entered project date from.
2025-05-21 15:07:41 [main] DEBUG l.i.u.t.SubmittedApplicationsPageTest - Entered project date until.
2025-05-21 15:07:41 [main] DEBUG l.i.u.t.SubmittedApplicationsPageTest - Entered support amount: '2000'.
2025-05-21 15:07:42 [main] DEBUG l.i.u.t.SubmittedApplicationsPageTest - Clicked 'Next' button.
2025-05-21 15:07:52 [main] DEBUG l.i.u.t.SubmittedApplicationsPageTest - Checked 'Legal Entities' checkbox 1.
2025-05-21 15:08:02 [main] DEBUG l.i.u.t.SubmittedApplicationsPageTest - Checked 'Legal Entities' checkbox 2.
2025-05-21 15:08:12 [main] DEBUG l.i.u.t.SubmittedApplicationsPageTest - Checked 'Legal Entities' checkbox 3.
2025-05-21 15:08:12 [main] DEBUG l.i.u.t.SubmittedApplicationsPageTest - Test finished: All 'Legal Entities' checkboxes checked successfully.
2025-05-21 15:08:12 [main] DEBUG l.i.u.t.SubmittedApplicationsPageTest - Clicked 'Next' button after checkboxes.
2025-05-21 15:08:22 [main] ERROR l.i.u.p.SubmittedApplicationsPage - Error selecting radio button: Expected condition failed: waiting for element to be clickable: By.xpath: (//input[@type='radio' and @value='false'])[8] (tried for 10 second(s) with 500 milliseconds interval)
Build info: version: '4.27.0', revision: 'd6e718d134'
System info: os.name: 'Windows 11', os.arch: 'amd64', os.version: '10.0', java.version: '21.0.3'
Driver info: org.openqa.selenium.chrome.ChromeDriver
Capabilities {acceptInsecureCerts: false, browserName: chrome, browserVersion: 136.0.7103.114, chrome: {chromedriverVersion: 136.0.7103.94 (fa0be0b33deb..., userDataDir: C:\Users\INGRID~1.ZAD\AppDa...}, fedcm:accounts: true, goog:chromeOptions: {debuggerAddress: localhost:61446}, networkConnectionEnabled: false, pageLoadStrategy: normal, platformName: windows, proxy: Proxy(), se:cdp: ws://localhost:61446/devtoo..., se:cdpVersion: 136.0.7103.114, setWindowRect: true, strictFileInteractability: false, timeouts: {implicit: 0, pageLoad: 300000, script: 30000}, unhandledPromptBehavior: dismiss and notify, webauthn:extension:credBlob: true, webauthn:extension:largeBlob: true, webauthn:extension:minPinLength: true, webauthn:extension:prf: true, webauthn:virtualAuthenticators: true}
Session ID: bfbf249aab5606dacce291a33c171e99
2025-05-21 15:08:22 [main] INFO  l.i.u.t.SubmittedApplicationsPageTest - Marking 'Ne' radio button 1
2025-05-21 15:08:32 [main] ERROR l.i.u.p.SubmittedApplicationsPage - Error selecting radio button: Expected condition failed: waiting for element to be clickable: By.xpath: (//input[@type='radio' and @value='false'])[9] (tried for 10 second(s) with 500 milliseconds interval)
Build info: version: '4.27.0', revision: 'd6e718d134'
System info: os.name: 'Windows 11', os.arch: 'amd64', os.version: '10.0', java.version: '21.0.3'
Driver info: org.openqa.selenium.chrome.ChromeDriver
Capabilities {acceptInsecureCerts: false, browserName: chrome, browserVersion: 136.0.7103.114, chrome: {chromedriverVersion: 136.0.7103.94 (fa0be0b33deb..., userDataDir: C:\Users\INGRID~1.ZAD\AppDa...}, fedcm:accounts: true, goog:chromeOptions: {debuggerAddress: localhost:61446}, networkConnectionEnabled: false, pageLoadStrategy: normal, platformName: windows, proxy: Proxy(), se:cdp: ws://localhost:61446/devtoo..., se:cdpVersion: 136.0.7103.114, setWindowRect: true, strictFileInteractability: false, timeouts: {implicit: 0, pageLoad: 300000, script: 30000}, unhandledPromptBehavior: dismiss and notify, webauthn:extension:credBlob: true, webauthn:extension:largeBlob: true, webauthn:extension:minPinLength: true, webauthn:extension:prf: true, webauthn:virtualAuthenticators: true}
Session ID: bfbf249aab5606dacce291a33c171e99
2025-05-21 15:08:32 [main] INFO  l.i.u.t.SubmittedApplicationsPageTest - Marking 'Ne' radio button 2
2025-05-21 15:08:43 [main] ERROR l.i.u.p.SubmittedApplicationsPage - Error selecting radio button: Expected condition failed: waiting for element to be clickable: By.xpath: (//input[@type='radio' and @value='false'])[10] (tried for 10 second(s) with 500 milliseconds interval)
Build info: version: '4.27.0', revision: 'd6e718d134'
System info: os.name: 'Windows 11', os.arch: 'amd64', os.version: '10.0', java.version: '21.0.3'
Driver info: org.openqa.selenium.chrome.ChromeDriver
Capabilities {acceptInsecureCerts: false, browserName: chrome, browserVersion: 136.0.7103.114, chrome: {chromedriverVersion: 136.0.7103.94 (fa0be0b33deb..., userDataDir: C:\Users\INGRID~1.ZAD\AppDa...}, fedcm:accounts: true, goog:chromeOptions: {debuggerAddress: localhost:61446}, networkConnectionEnabled: false, pageLoadStrategy: normal, platformName: windows, proxy: Proxy(), se:cdp: ws://localhost:61446/devtoo..., se:cdpVersion: 136.0.7103.114, setWindowRect: true, strictFileInteractability: false, timeouts: {implicit: 0, pageLoad: 300000, script: 30000}, unhandledPromptBehavior: dismiss and notify, webauthn:extension:credBlob: true, webauthn:extension:largeBlob: true, webauthn:extension:minPinLength: true, webauthn:extension:prf: true, webauthn:virtualAuthenticators: true}
Session ID: bfbf249aab5606dacce291a33c171e99
2025-05-21 15:08:43 [main] INFO  l.i.u.t.SubmittedApplicationsPageTest - Marking 'Ne' radio button 3
2025-05-21 15:08:53 [main] ERROR l.i.u.p.SubmittedApplicationsPage - Error selecting radio button: Expected condition failed: waiting for element to be clickable: By.xpath: (//input[@type='radio' and @value='false'])[11] (tried for 10 second(s) with 500 milliseconds interval)
Build info: version: '4.27.0', revision: 'd6e718d134'
System info: os.name: 'Windows 11', os.arch: 'amd64', os.version: '10.0', java.version: '21.0.3'
Driver info: org.openqa.selenium.chrome.ChromeDriver
Capabilities {acceptInsecureCerts: false, browserName: chrome, browserVersion: 136.0.7103.114, chrome: {chromedriverVersion: 136.0.7103.94 (fa0be0b33deb..., userDataDir: C:\Users\INGRID~1.ZAD\AppDa...}, fedcm:accounts: true, goog:chromeOptions: {debuggerAddress: localhost:61446}, networkConnectionEnabled: false, pageLoadStrategy: normal, platformName: windows, proxy: Proxy(), se:cdp: ws://localhost:61446/devtoo..., se:cdpVersion: 136.0.7103.114, setWindowRect: true, strictFileInteractability: false, timeouts: {implicit: 0, pageLoad: 300000, script: 30000}, unhandledPromptBehavior: dismiss and notify, webauthn:extension:credBlob: true, webauthn:extension:largeBlob: true, webauthn:extension:minPinLength: true, webauthn:extension:prf: true, webauthn:virtualAuthenticators: true}
Session ID: bfbf249aab5606dacce291a33c171e99
2025-05-21 15:08:53 [main] INFO  l.i.u.t.SubmittedApplicationsPageTest - Marking 'Ne' radio button 4
2025-05-21 15:09:03 [main] ERROR l.i.u.p.SubmittedApplicationsPage - Error selecting radio button: Expected condition failed: waiting for element to be clickable: By.xpath: (//input[@type='radio' and @value='false'])[12] (tried for 10 second(s) with 500 milliseconds interval)
Build info: version: '4.27.0', revision: 'd6e718d134'
System info: os.name: 'Windows 11', os.arch: 'amd64', os.version: '10.0', java.version: '21.0.3'
Driver info: org.openqa.selenium.chrome.ChromeDriver
Capabilities {acceptInsecureCerts: false, browserName: chrome, browserVersion: 136.0.7103.114, chrome: {chromedriverVersion: 136.0.7103.94 (fa0be0b33deb..., userDataDir: C:\Users\INGRID~1.ZAD\AppDa...}, fedcm:accounts: true, goog:chromeOptions: {debuggerAddress: localhost:61446}, networkConnectionEnabled: false, pageLoadStrategy: normal, platformName: windows, proxy: Proxy(), se:cdp: ws://localhost:61446/devtoo..., se:cdpVersion: 136.0.7103.114, setWindowRect: true, strictFileInteractability: false, timeouts: {implicit: 0, pageLoad: 300000, script: 30000}, unhandledPromptBehavior: dismiss and notify, webauthn:extension:credBlob: true, webauthn:extension:largeBlob: true, webauthn:extension:minPinLength: true, webauthn:extension:prf: true, webauthn:virtualAuthenticators: true}
Session ID: bfbf249aab5606dacce291a33c171e99
2025-05-21 15:09:03 [main] INFO  l.i.u.t.SubmittedApplicationsPageTest - Marking 'Ne' radio button 5
2025-05-21 15:09:13 [main] ERROR l.i.u.p.SubmittedApplicationsPage - Error selecting radio button: Expected condition failed: waiting for element to be clickable: By.xpath: (//input[@type='radio' and @value='false'])[13] (tried for 10 second(s) with 500 milliseconds interval)
Build info: version: '4.27.0', revision: 'd6e718d134'
System info: os.name: 'Windows 11', os.arch: 'amd64', os.version: '10.0', java.version: '21.0.3'
Driver info: org.openqa.selenium.chrome.ChromeDriver
Capabilities {acceptInsecureCerts: false, browserName: chrome, browserVersion: 136.0.7103.114, chrome: {chromedriverVersion: 136.0.7103.94 (fa0be0b33deb..., userDataDir: C:\Users\INGRID~1.ZAD\AppDa...}, fedcm:accounts: true, goog:chromeOptions: {debuggerAddress: localhost:61446}, networkConnectionEnabled: false, pageLoadStrategy: normal, platformName: windows, proxy: Proxy(), se:cdp: ws://localhost:61446/devtoo..., se:cdpVersion: 136.0.7103.114, setWindowRect: true, strictFileInteractability: false, timeouts: {implicit: 0, pageLoad: 300000, script: 30000}, unhandledPromptBehavior: dismiss and notify, webauthn:extension:credBlob: true, webauthn:extension:largeBlob: true, webauthn:extension:minPinLength: true, webauthn:extension:prf: true, webauthn:virtualAuthenticators: true}
Session ID: bfbf249aab5606dacce291a33c171e99
2025-05-21 15:09:13 [main] INFO  l.i.u.t.SubmittedApplicationsPageTest - Marking 'Ne' radio button 6
2025-05-21 15:09:23 [main] ERROR l.i.u.p.SubmittedApplicationsPage - Error selecting radio button: Expected condition failed: waiting for element to be clickable: By.xpath: (//input[@type='radio' and @value='true'])[14] (tried for 10 second(s) with 500 milliseconds interval)
Build info: version: '4.27.0', revision: 'd6e718d134'
System info: os.name: 'Windows 11', os.arch: 'amd64', os.version: '10.0', java.version: '21.0.3'
Driver info: org.openqa.selenium.chrome.ChromeDriver
Capabilities {acceptInsecureCerts: false, browserName: chrome, browserVersion: 136.0.7103.114, chrome: {chromedriverVersion: 136.0.7103.94 (fa0be0b33deb..., userDataDir: C:\Users\INGRID~1.ZAD\AppDa...}, fedcm:accounts: true, goog:chromeOptions: {debuggerAddress: localhost:61446}, networkConnectionEnabled: false, pageLoadStrategy: normal, platformName: windows, proxy: Proxy(), se:cdp: ws://localhost:61446/devtoo..., se:cdpVersion: 136.0.7103.114, setWindowRect: true, strictFileInteractability: false, timeouts: {implicit: 0, pageLoad: 300000, script: 30000}, unhandledPromptBehavior: dismiss and notify, webauthn:extension:credBlob: true, webauthn:extension:largeBlob: true, webauthn:extension:minPinLength: true, webauthn:extension:prf: true, webauthn:virtualAuthenticators: true}
Session ID: bfbf249aab5606dacce291a33c171e99
2025-05-21 15:09:23 [main] INFO  l.i.u.t.SubmittedApplicationsPageTest - Marking 'Taip' radio button 7
2025-05-21 15:09:33 [main] ERROR l.i.u.p.SubmittedApplicationsPage - Error selecting radio button: Expected condition failed: waiting for element to be clickable: By.xpath: (//input[@type='radio' and @value='true'])[15] (tried for 10 second(s) with 500 milliseconds interval)
Build info: version: '4.27.0', revision: 'd6e718d134'
System info: os.name: 'Windows 11', os.arch: 'amd64', os.version: '10.0', java.version: '21.0.3'
Driver info: org.openqa.selenium.chrome.ChromeDriver
Capabilities {acceptInsecureCerts: false, browserName: chrome, browserVersion: 136.0.7103.114, chrome: {chromedriverVersion: 136.0.7103.94 (fa0be0b33deb..., userDataDir: C:\Users\INGRID~1.ZAD\AppDa...}, fedcm:accounts: true, goog:chromeOptions: {debuggerAddress: localhost:61446}, networkConnectionEnabled: false, pageLoadStrategy: normal, platformName: windows, proxy: Proxy(), se:cdp: ws://localhost:61446/devtoo..., se:cdpVersion: 136.0.7103.114, setWindowRect: true, strictFileInteractability: false, timeouts: {implicit: 0, pageLoad: 300000, script: 30000}, unhandledPromptBehavior: dismiss and notify, webauthn:extension:credBlob: true, webauthn:extension:largeBlob: true, webauthn:extension:minPinLength: true, webauthn:extension:prf: true, webauthn:virtualAuthenticators: true}
Session ID: bfbf249aab5606dacce291a33c171e99
2025-05-21 15:09:33 [main] INFO  l.i.u.t.SubmittedApplicationsPageTest - Marking 'Taip' radio button 8
2025-05-21 15:09:43 [main] ERROR l.i.u.p.SubmittedApplicationsPage - Error selecting radio button: Expected condition failed: waiting for element to be clickable: By.xpath: (//input[@type='radio' and @value='true'])[16] (tried for 10 second(s) with 500 milliseconds interval)
Build info: version: '4.27.0', revision: 'd6e718d134'
System info: os.name: 'Windows 11', os.arch: 'amd64', os.version: '10.0', java.version: '21.0.3'
Driver info: org.openqa.selenium.chrome.ChromeDriver
Capabilities {acceptInsecureCerts: false, browserName: chrome, browserVersion: 136.0.7103.114, chrome: {chromedriverVersion: 136.0.7103.94 (fa0be0b33deb..., userDataDir: C:\Users\INGRID~1.ZAD\AppDa...}, fedcm:accounts: true, goog:chromeOptions: {debuggerAddress: localhost:61446}, networkConnectionEnabled: false, pageLoadStrategy: normal, platformName: windows, proxy: Proxy(), se:cdp: ws://localhost:61446/devtoo..., se:cdpVersion: 136.0.7103.114, setWindowRect: true, strictFileInteractability: false, timeouts: {implicit: 0, pageLoad: 300000, script: 30000}, unhandledPromptBehavior: dismiss and notify, webauthn:extension:credBlob: true, webauthn:extension:largeBlob: true, webauthn:extension:minPinLength: true, webauthn:extension:prf: true, webauthn:virtualAuthenticators: true}
Session ID: bfbf249aab5606dacce291a33c171e99
2025-05-21 15:09:43 [main] INFO  l.i.u.t.SubmittedApplicationsPageTest - Marking 'Taip' radio button 9
2025-05-21 15:09:53 [main] ERROR l.i.u.p.SubmittedApplicationsPage - Error selecting radio button: Expected condition failed: waiting for element to be clickable: By.xpath: (//input[@type='radio' and @value='true'])[17] (tried for 10 second(s) with 500 milliseconds interval)
Build info: version: '4.27.0', revision: 'd6e718d134'
System info: os.name: 'Windows 11', os.arch: 'amd64', os.version: '10.0', java.version: '21.0.3'
Driver info: org.openqa.selenium.chrome.ChromeDriver
Capabilities {acceptInsecureCerts: false, browserName: chrome, browserVersion: 136.0.7103.114, chrome: {chromedriverVersion: 136.0.7103.94 (fa0be0b33deb..., userDataDir: C:\Users\INGRID~1.ZAD\AppDa...}, fedcm:accounts: true, goog:chromeOptions: {debuggerAddress: localhost:61446}, networkConnectionEnabled: false, pageLoadStrategy: normal, platformName: windows, proxy: Proxy(), se:cdp: ws://localhost:61446/devtoo..., se:cdpVersion: 136.0.7103.114, setWindowRect: true, strictFileInteractability: false, timeouts: {implicit: 0, pageLoad: 300000, script: 30000}, unhandledPromptBehavior: dismiss and notify, webauthn:extension:credBlob: true, webauthn:extension:largeBlob: true, webauthn:extension:minPinLength: true, webauthn:extension:prf: true, webauthn:virtualAuthenticators: true}
Session ID: bfbf249aab5606dacce291a33c171e99
2025-05-21 15:09:53 [main] INFO  l.i.u.t.SubmittedApplicationsPageTest - Marking 'Taip' radio button 10
2025-05-21 15:10:03 [main] ERROR l.i.u.p.SubmittedApplicationsPage - Error selecting radio button: Expected condition failed: waiting for element to be clickable: By.xpath: (//input[@type='radio' and @value='true'])[18] (tried for 10 second(s) with 500 milliseconds interval)
Build info: version: '4.27.0', revision: 'd6e718d134'
System info: os.name: 'Windows 11', os.arch: 'amd64', os.version: '10.0', java.version: '21.0.3'
Driver info: org.openqa.selenium.chrome.ChromeDriver
Capabilities {acceptInsecureCerts: false, browserName: chrome, browserVersion: 136.0.7103.114, chrome: {chromedriverVersion: 136.0.7103.94 (fa0be0b33deb..., userDataDir: C:\Users\INGRID~1.ZAD\AppDa...}, fedcm:accounts: true, goog:chromeOptions: {debuggerAddress: localhost:61446}, networkConnectionEnabled: false, pageLoadStrategy: normal, platformName: windows, proxy: Proxy(), se:cdp: ws://localhost:61446/devtoo..., se:cdpVersion: 136.0.7103.114, setWindowRect: true, strictFileInteractability: false, timeouts: {implicit: 0, pageLoad: 300000, script: 30000}, unhandledPromptBehavior: dismiss and notify, webauthn:extension:credBlob: true, webauthn:extension:largeBlob: true, webauthn:extension:minPinLength: true, webauthn:extension:prf: true, webauthn:virtualAuthenticators: true}
Session ID: bfbf249aab5606dacce291a33c171e99
2025-05-21 15:10:03 [main] INFO  l.i.u.t.SubmittedApplicationsPageTest - Marking 'Taip' radio button 11
2025-05-21 15:10:13 [main] ERROR l.i.u.p.SubmittedApplicationsPage - Error selecting radio button: Expected condition failed: waiting for element to be clickable: By.xpath: (//input[@type='radio' and @value='true'])[19] (tried for 10 second(s) with 500 milliseconds interval)
Build info: version: '4.27.0', revision: 'd6e718d134'
System info: os.name: 'Windows 11', os.arch: 'amd64', os.version: '10.0', java.version: '21.0.3'
Driver info: org.openqa.selenium.chrome.ChromeDriver
Capabilities {acceptInsecureCerts: false, browserName: chrome, browserVersion: 136.0.7103.114, chrome: {chromedriverVersion: 136.0.7103.94 (fa0be0b33deb..., userDataDir: C:\Users\INGRID~1.ZAD\AppDa...}, fedcm:accounts: true, goog:chromeOptions: {debuggerAddress: localhost:61446}, networkConnectionEnabled: false, pageLoadStrategy: normal, platformName: windows, proxy: Proxy(), se:cdp: ws://localhost:61446/devtoo..., se:cdpVersion: 136.0.7103.114, setWindowRect: true, strictFileInteractability: false, timeouts: {implicit: 0, pageLoad: 300000, script: 30000}, unhandledPromptBehavior: dismiss and notify, webauthn:extension:credBlob: true, webauthn:extension:largeBlob: true, webauthn:extension:minPinLength: true, webauthn:extension:prf: true, webauthn:virtualAuthenticators: true}
Session ID: bfbf249aab5606dacce291a33c171e99
2025-05-21 15:10:13 [main] INFO  l.i.u.t.SubmittedApplicationsPageTest - Marking 'Taip' radio button 12
2025-05-21 15:10:23 [main] DEBUG l.i.u.t.SubmittedApplicationsPageTest - Checked 'ConfirmationStepFour'
2025-05-21 15:10:23 [main] DEBUG l.i.u.t.SubmittedApplicationsPageTest - Clicked 'Next' button after checkboxes.
2025-05-21 15:10:24 [main] INFO  l.i.u.p.SubmittedApplicationsPage - File uploaded successfully to an input element.
2025-05-21 15:10:24 [main] INFO  l.i.u.p.SubmittedApplicationsPage - File uploaded successfully to an input element.
2025-05-21 15:10:24 [main] INFO  l.i.u.p.SubmittedApplicationsPage - File uploaded successfully to an input element.
2025-05-21 15:10:24 [main] INFO  l.i.u.p.SubmittedApplicationsPage - File uploaded successfully to an input element.
2025-05-21 15:10:24 [main] INFO  l.i.u.p.SubmittedApplicationsPage - File uploaded successfully to an input element.
2025-05-21 15:10:24 [main] INFO  l.i.u.p.SubmittedApplicationsPage - File uploaded successfully to an input element.
2025-05-21 15:10:24 [main] INFO  l.i.u.p.SubmittedApplicationsPage - File uploaded successfully to an input element.
2025-05-21 15:10:24 [main] INFO  l.i.u.p.SubmittedApplicationsPage - File uploaded successfully to an input element.
2025-05-21 15:10:24 [main] INFO  l.i.u.p.SubmittedApplicationsPage - File uploaded successfully to an input element.
2025-05-21 15:10:24 [main] INFO  l.i.u.p.SubmittedApplicationsPage - File uploaded successfully to an input element.
2025-05-21 15:10:24 [main] DEBUG l.i.u.t.SubmittedApplicationsPageTest - Entered program name: 'Dokumentas 1'.
2025-05-21 15:10:24 [main] DEBUG l.i.u.t.SubmittedApplicationsPageTest - Entered program name: 'Dokumentas 2'.
2025-05-21 15:10:24 [main] DEBUG l.i.u.t.SubmittedApplicationsPageTest - Entered program name: 'Dokumentas 3'.
2025-05-21 15:10:25 [main] DEBUG l.i.u.t.SubmittedApplicationsPageTest - Entered program name: 'Dokumentas 4'.
2025-05-21 15:10:25 [main] DEBUG l.i.u.t.SubmittedApplicationsPageTest - Entered program name: 'Dokumentas 5'.
2025-05-21 15:10:25 [main] DEBUG l.i.u.t.SubmittedApplicationsPageTest - Entered program name: 'Dokumentas 6'.
2025-05-21 15:10:25 [main] DEBUG l.i.u.t.SubmittedApplicationsPageTest - Entered program name: 'Dokumentas 4'.
2025-05-21 15:10:25 [main] DEBUG l.i.u.t.SubmittedApplicationsPageTest - Entered program name: 'Dokumentas 8'.
2025-05-21 15:10:25 [main] DEBUG l.i.u.t.SubmittedApplicationsPageTest - Entered program name: 'Dokumentas 9'.
2025-05-21 15:10:25 [main] DEBUG l.i.u.t.SubmittedApplicationsPageTest - Entered program name: 'Dokumentas 10'.
2025-05-21 15:10:36 [main] DEBUG l.i.u.t.SubmittedApplicationsPageTest - Checked 'ConfirmationDocument'
2025-05-21 15:10:46 [main] DEBUG l.i.u.t.SubmittedApplicationsPageTest - Checked 'ConfirmationApplication'
2025-05-21 15:10:46 [main] DEBUG l.i.u.t.SubmittedApplicationsPageTest - Clicked 'SaveDraft' button after checkboxes.
2025-05-21 15:10:46 [main] DEBUG l.i.uztis.pages.ApplicationFormsPage - Verified success message: 'Ruošinys sėkmingai išsaugotas.'
2025-05-21 15:10:46 [main] INFO  l.i.u.t.SubmittedApplicationsPageTest - Verified success message
2025-05-21 15:10:46 [main] DEBUG l.i.u.t.SubmittedApplicationsPageTest - Clicked 'Review' button after checkboxes.
2025-05-21 15:10:48 [main] DEBUG l.i.u.t.SubmittedApplicationsPageTest - Clicked 'Submit' button after checkboxes.
2025-05-21 15:10:48 [main] DEBUG l.i.u.t.SubmittedApplicationsPageTest - Clicked 'SubmitConfirmation' button after checkboxes.
2025-05-21 15:10:48 [main] ERROR l.i.uztis.pages.ApplicationFormsPage - Failed to verify the success message: 'Paraiška sėkmingai pateikta ir užregistruota.'. Available messages: [Ruošinys sėkmingai išsaugotas.]
2025-05-21 15:10:48 [main] INFO  l.i.u.t.SubmittedApplicationsPageTest - Test 'testFillNewVUIApplicationFA' completed successfully.
2025-05-21 15:12:15 [main] INFO  lt.insoft.uztis.tests.UztisPageTest - Navigated to https://uztisdev.asseco.lt/home
2025-05-21 15:12:16 [main] INFO  l.i.u.t.SubmittedApplicationsPageTest - Starting test:'testAddEvaluators'
2025-05-21 15:12:16 [main] DEBUG l.i.u.t.SubmittedApplicationsPageTest - User logged in with test credentials.
2025-05-21 15:12:17 [main] DEBUG l.i.u.t.SubmittedApplicationsPageTest - Opened 'Application Processing' menu.
2025-05-21 15:12:17 [main] DEBUG l.i.u.t.SubmittedApplicationsPageTest - Clicked on 'Application Forms' menu.
2025-05-21 15:12:17 [main] DEBUG l.i.u.t.SubmittedApplicationsPageTest - Retrieved last description code text: 'TST-VUI-14'.
2025-05-21 15:12:17 [main] DEBUG l.i.u.t.SubmittedApplicationsPageTest - Clicked on 'Invitation' menu.
2025-05-21 15:12:19 [main] DEBUG l.i.u.t.SubmittedApplicationsPageTest - Selected application section by code: 'TST-VUI-14'.
2025-05-21 15:12:19 [main] DEBUG l.i.u.t.SubmittedApplicationsPageTest - Clicked 'Search' button.
2025-05-21 15:12:19 [main] DEBUG l.i.u.t.SubmittedApplicationsPageTest - Retrieved invitation code: ''.
2025-05-21 15:12:19 [main] DEBUG l.i.u.t.SubmittedApplicationsPageTest - Clicked on 'Submitted Applications' menu.
2025-05-21 15:12:21 [main] DEBUG l.i.u.t.SubmittedApplicationsPageTest - Selected invitation by code: 'TST-VUI-14'.
2025-05-21 15:12:21 [main] DEBUG l.i.u.t.SubmittedApplicationsPageTest - Invitation code inserted.
2025-05-21 15:12:21 [main] DEBUG l.i.u.t.SubmittedApplicationsPageTest - Clicked on 'Action Application' button.
2025-05-21 15:12:21 [main] DEBUG l.i.u.t.SubmittedApplicationsPageTest - Clicked on 'Add Evaluators' button.
2025-05-21 15:12:21 [main] DEBUG l.i.u.t.SubmittedApplicationsPageTest - Entered first evaluation date.
2025-05-21 15:12:21 [main] DEBUG l.i.u.t.SubmittedApplicationsPageTest - Entered second evaluation date.
2025-05-21 15:12:21 [main] DEBUG l.i.u.t.SubmittedApplicationsPageTest - Entered third evaluation date.
2025-05-21 15:12:22 [main] DEBUG l.i.u.t.SubmittedApplicationsPageTest - Clicked on 'Add Evaluators' confirmation button.
2025-05-21 15:12:22 [main] DEBUG l.i.uztis.pages.ApplicationFormsPage - Verified success message: 'Paraiškų vertinimai sėkmingai priskirti vertintojams.'
2025-05-21 15:12:22 [main] INFO  l.i.u.t.SubmittedApplicationsPageTest - Verified success message
2025-05-21 15:12:22 [main] INFO  l.i.u.t.SubmittedApplicationsPageTest - Test 'testAddEvaluators' completed successfully.
2025-05-21 15:15:24 [main] INFO  lt.insoft.uztis.tests.UztisPageTest - Navigated to https://uztisdev.asseco.lt/home
2025-05-21 15:15:24 [main] INFO  l.i.uztis.tests.EvaluationsPageTest - Starting test:'testFillSaveDraftEvaluationOne'
2025-05-21 15:15:24 [main] INFO  l.i.uztis.tests.EvaluationsPageTest - Starting test:'testNavigateToEvaluationsPage'
2025-05-21 15:15:25 [main] DEBUG l.i.uztis.tests.EvaluationsPageTest - User logged in with test credentials
2025-05-21 15:15:25 [main] DEBUG l.i.uztis.tests.EvaluationsPageTest - Opened 'Application Processing' menu.
2025-05-21 15:15:25 [main] DEBUG l.i.uztis.tests.EvaluationsPageTest - Clicked on 'Evaluations' menu.
2025-05-21 15:15:25 [main] DEBUG l.i.uztis.tests.EvaluationsPageTest - Navigating to evaluations menu.
2025-05-21 15:15:25 [main] INFO  l.i.uztis.tests.EvaluationsPageTest - Test 'testNavigateToEvaluationsPage' completed successfully.
2025-05-21 15:15:25 [main] DEBUG l.i.uztis.tests.EvaluationsPageTest - Clicked on last evaluation.
2025-05-21 15:15:26 [main] DEBUG l.i.uztis.tests.EvaluationsPageTest - Clicked 'Edit'.
2025-05-21 15:15:30 [main] DEBUG l.i.uztis.tests.EvaluationsPageTest - Selected '1.1' radio button.
2025-05-21 15:15:33 [main] DEBUG l.i.uztis.tests.EvaluationsPageTest - Selected '1.2' radio button.
2025-05-21 15:15:36 [main] DEBUG l.i.uztis.tests.EvaluationsPageTest - Selected '1.3' radio button.
2025-05-21 15:15:39 [main] DEBUG l.i.uztis.tests.EvaluationsPageTest - Selected '1.4' radio button.
2025-05-21 15:15:41 [main] DEBUG l.i.uztis.tests.EvaluationsPageTest - Selected '1.5' radio button.
2025-05-21 15:15:42 [main] DEBUG l.i.uztis.tests.EvaluationsPageTest - Selected '2.1' radio button.
2025-05-21 15:15:44 [main] DEBUG l.i.uztis.tests.EvaluationsPageTest - Selected '3.1' radio button.
2025-05-21 15:15:45 [main] DEBUG l.i.uztis.tests.EvaluationsPageTest - Selected '4.2' radio button.
2025-05-21 15:15:47 [main] DEBUG l.i.uztis.tests.EvaluationsPageTest - Selected '5.1' radio button.
2025-05-21 15:15:49 [main] DEBUG l.i.uztis.tests.EvaluationsPageTest - Selected '5.2' radio button.
2025-05-21 15:15:50 [main] DEBUG l.i.uztis.tests.EvaluationsPageTest - Selected '6.1' radio button.
2025-05-21 15:15:52 [main] DEBUG l.i.uztis.tests.EvaluationsPageTest - Selected '6.2' radio button.
2025-05-21 15:15:52 [main] DEBUG l.i.uztis.tests.EvaluationsPageTest - Clicked on expansion panel 'Not Critical'.
2025-05-21 15:15:53 [main] DEBUG l.i.uztis.tests.EvaluationsPageTest - Selected '7' radio button.
2025-05-21 15:15:53 [main] DEBUG l.i.uztis.tests.EvaluationsPageTest - Selected '8_1' radio button.
2025-05-21 15:15:54 [main] DEBUG l.i.uztis.tests.EvaluationsPageTest - Selected '8_2' radio button.
2025-05-21 15:15:54 [main] DEBUG l.i.uztis.tests.EvaluationsPageTest - Selected '8_3' radio button.
2025-05-21 15:15:55 [main] DEBUG l.i.uztis.tests.EvaluationsPageTest - Selected '8_4' radio button.
2025-05-21 15:15:55 [main] DEBUG l.i.uztis.tests.EvaluationsPageTest - Selected '8_5' radio button.
2025-05-21 15:15:56 [main] DEBUG l.i.uztis.tests.EvaluationsPageTest - Selected '8_6' radio button.
2025-05-21 15:15:56 [main] DEBUG l.i.uztis.tests.EvaluationsPageTest - Selected '8_7' radio button.
2025-05-21 15:15:57 [main] DEBUG l.i.uztis.tests.EvaluationsPageTest - Selected '8_8' radio button.
2025-05-21 15:15:57 [main] DEBUG l.i.uztis.tests.EvaluationsPageTest - Selected '8_9' radio button.
2025-05-21 15:15:58 [main] DEBUG l.i.uztis.tests.EvaluationsPageTest - Selected '8_10' radio button.
2025-05-21 15:15:58 [main] DEBUG l.i.uztis.tests.EvaluationsPageTest - Selected '9' radio button.
2025-05-21 15:15:59 [main] DEBUG l.i.uztis.tests.EvaluationsPageTest - Selected '10.1' radio button.
2025-05-21 15:15:59 [main] DEBUG l.i.uztis.tests.EvaluationsPageTest - Selected '10.2' radio button.
2025-05-21 15:16:00 [main] DEBUG l.i.uztis.tests.EvaluationsPageTest - Selected '10.3' radio button.
2025-05-21 15:16:00 [main] DEBUG l.i.uztis.tests.EvaluationsPageTest - Entered  explanation: 'Balas pakoreduotas ranka'.
2025-05-21 15:16:01 [main] DEBUG l.i.uztis.tests.EvaluationsPageTest - Clicked 'Save Draft'.
2025-05-21 15:16:01 [main] ERROR l.i.uztis.tests.EvaluationsPageTest - Test 'testFillSaveDraftEvaluationOne' failed with error: stale element reference: stale element not found in the current frame
  (Session info: chrome=136.0.7103.114)
For documentation on this error, please visit: https://www.selenium.dev/documentation/webdriver/troubleshooting/errors#stale-element-reference-exception
Build info: version: '4.27.0', revision: 'd6e718d134'
System info: os.name: 'Windows 11', os.arch: 'amd64', os.version: '10.0', java.version: '21.0.3'
Driver info: org.openqa.selenium.chrome.ChromeDriver
Command: [455b59d8f22291dc43224aeb0b6a59d8, getElementText {id=f.594DBA9ECF5F0F86DBB88CD1EAC39D39.d.9D9B2AED77255A6A1613F9E594AC3C25.e.412}]
Capabilities {acceptInsecureCerts: false, browserName: chrome, browserVersion: 136.0.7103.114, chrome: {chromedriverVersion: 136.0.7103.94 (fa0be0b33deb..., userDataDir: C:\Users\INGRID~1.ZAD\AppDa...}, fedcm:accounts: true, goog:chromeOptions: {debuggerAddress: localhost:61826}, networkConnectionEnabled: false, pageLoadStrategy: normal, platformName: windows, proxy: Proxy(), se:cdp: ws://localhost:61826/devtoo..., se:cdpVersion: 136.0.7103.114, setWindowRect: true, strictFileInteractability: false, timeouts: {implicit: 0, pageLoad: 300000, script: 30000}, unhandledPromptBehavior: dismiss and notify, webauthn:extension:credBlob: true, webauthn:extension:largeBlob: true, webauthn:extension:minPinLength: true, webauthn:extension:prf: true, webauthn:virtualAuthenticators: true}
Element: [[ChromeDriver: chrome on windows (455b59d8f22291dc43224aeb0b6a59d8)] -> css selector: [class='w-100']]
Session ID: 455b59d8f22291dc43224aeb0b6a59d8
org.openqa.selenium.StaleElementReferenceException: stale element reference: stale element not found in the current frame
  (Session info: chrome=136.0.7103.114)
For documentation on this error, please visit: https://www.selenium.dev/documentation/webdriver/troubleshooting/errors#stale-element-reference-exception
Build info: version: '4.27.0', revision: 'd6e718d134'
System info: os.name: 'Windows 11', os.arch: 'amd64', os.version: '10.0', java.version: '21.0.3'
Driver info: org.openqa.selenium.chrome.ChromeDriver
Command: [455b59d8f22291dc43224aeb0b6a59d8, getElementText {id=f.594DBA9ECF5F0F86DBB88CD1EAC39D39.d.9D9B2AED77255A6A1613F9E594AC3C25.e.412}]
Capabilities {acceptInsecureCerts: false, browserName: chrome, browserVersion: 136.0.7103.114, chrome: {chromedriverVersion: 136.0.7103.94 (fa0be0b33deb..., userDataDir: C:\Users\INGRID~1.ZAD\AppDa...}, fedcm:accounts: true, goog:chromeOptions: {debuggerAddress: localhost:61826}, networkConnectionEnabled: false, pageLoadStrategy: normal, platformName: windows, proxy: Proxy(), se:cdp: ws://localhost:61826/devtoo..., se:cdpVersion: 136.0.7103.114, setWindowRect: true, strictFileInteractability: false, timeouts: {implicit: 0, pageLoad: 300000, script: 30000}, unhandledPromptBehavior: dismiss and notify, webauthn:extension:credBlob: true, webauthn:extension:largeBlob: true, webauthn:extension:minPinLength: true, webauthn:extension:prf: true, webauthn:virtualAuthenticators: true}
Element: [[ChromeDriver: chrome on windows (455b59d8f22291dc43224aeb0b6a59d8)] -> css selector: [class='w-100']]
Session ID: 455b59d8f22291dc43224aeb0b6a59d8
	at java.base/jdk.internal.reflect.DirectConstructorHandleAccessor.newInstance(DirectConstructorHandleAccessor.java:62)
	at java.base/java.lang.reflect.Constructor.newInstanceWithCaller(Constructor.java:502)
	at java.base/java.lang.reflect.Constructor.newInstance(Constructor.java:486)
	at org.openqa.selenium.remote.ErrorCodec.decode(ErrorCodec.java:167)
	at org.openqa.selenium.remote.codec.w3c.W3CHttpResponseCodec.decode(W3CHttpResponseCodec.java:138)
	at org.openqa.selenium.remote.codec.w3c.W3CHttpResponseCodec.decode(W3CHttpResponseCodec.java:50)
	at org.openqa.selenium.remote.HttpCommandExecutor.execute(HttpCommandExecutor.java:190)
	at org.openqa.selenium.remote.service.DriverCommandExecutor.invokeExecute(DriverCommandExecutor.java:216)
	at org.openqa.selenium.remote.service.DriverCommandExecutor.execute(DriverCommandExecutor.java:174)
	at org.openqa.selenium.remote.RemoteWebDriver.execute(RemoteWebDriver.java:545)
	at org.openqa.selenium.remote.RemoteWebElement.execute(RemoteWebElement.java:223)
	at org.openqa.selenium.remote.RemoteWebElement.getText(RemoteWebElement.java:191)
	at java.base/java.util.stream.ReferencePipeline$3$1.accept(ReferencePipeline.java:197)
	at java.base/java.util.ArrayList$ArrayListSpliterator.forEachRemaining(ArrayList.java:1708)
	at java.base/java.util.stream.AbstractPipeline.copyInto(AbstractPipeline.java:509)
	at java.base/java.util.stream.AbstractPipeline.wrapAndCopyInto(AbstractPipeline.java:499)
	at java.base/java.util.stream.ReduceOps$ReduceOp.evaluateSequential(ReduceOps.java:921)
	at java.base/java.util.stream.AbstractPipeline.evaluate(AbstractPipeline.java:234)
	at java.base/java.util.stream.ReferencePipeline.collect(ReferencePipeline.java:682)
	at lt.insoft.uztis.pages.ApplicationFormsPage.getAllMessagesText(ApplicationFormsPage.java:146)
	at lt.insoft.uztis.pages.ApplicationFormsPage.verifySuccessMessage(ApplicationFormsPage.java:150)
	at lt.insoft.uztis.tests.EvaluationsPageTest.testFillSaveDraftEvaluationOne(EvaluationsPageTest.java:171)
	at java.base/jdk.internal.reflect.DirectMethodHandleAccessor.invoke(DirectMethodHandleAccessor.java:103)
	at java.base/java.lang.reflect.Method.invoke(Method.java:580)
	at org.junit.platform.commons.util.ReflectionUtils.invokeMethod(ReflectionUtils.java:728)
	at org.junit.jupiter.engine.execution.MethodInvocation.proceed(MethodInvocation.java:60)
	at org.junit.jupiter.engine.execution.InvocationInterceptorChain$ValidatingInvocation.proceed(InvocationInterceptorChain.java:131)
	at org.junit.jupiter.engine.extension.TimeoutExtension.intercept(TimeoutExtension.java:156)
	at org.junit.jupiter.engine.extension.TimeoutExtension.interceptTestableMethod(TimeoutExtension.java:147)
	at org.junit.jupiter.engine.extension.TimeoutExtension.interceptTestMethod(TimeoutExtension.java:86)
	at org.junit.jupiter.engine.execution.InterceptingExecutableInvoker$ReflectiveInterceptorCall.lambda$ofVoidMethod$0(InterceptingExecutableInvoker.java:103)
	at org.junit.jupiter.engine.execution.InterceptingExecutableInvoker.lambda$invoke$0(InterceptingExecutableInvoker.java:93)
	at org.junit.jupiter.engine.execution.InvocationInterceptorChain$InterceptedInvocation.proceed(InvocationInterceptorChain.java:106)
	at org.junit.jupiter.engine.execution.InvocationInterceptorChain.proceed(InvocationInterceptorChain.java:64)
	at org.junit.jupiter.engine.execution.InvocationInterceptorChain.chainAndInvoke(InvocationInterceptorChain.java:45)
	at org.junit.jupiter.engine.execution.InvocationInterceptorChain.invoke(InvocationInterceptorChain.java:37)
	at org.junit.jupiter.engine.execution.InterceptingExecutableInvoker.invoke(InterceptingExecutableInvoker.java:92)
	at org.junit.jupiter.engine.execution.InterceptingExecutableInvoker.invoke(InterceptingExecutableInvoker.java:86)
	at org.junit.jupiter.engine.descriptor.TestMethodTestDescriptor.lambda$invokeTestMethod$7(TestMethodTestDescriptor.java:218)
	at org.junit.platform.engine.support.hierarchical.ThrowableCollector.execute(ThrowableCollector.java:73)
	at org.junit.jupiter.engine.descriptor.TestMethodTestDescriptor.invokeTestMethod(TestMethodTestDescriptor.java:214)
	at org.junit.jupiter.engine.descriptor.TestMethodTestDescriptor.execute(TestMethodTestDescriptor.java:139)
	at org.junit.jupiter.engine.descriptor.TestMethodTestDescriptor.execute(TestMethodTestDescriptor.java:69)
	at org.junit.platform.engine.support.hierarchical.NodeTestTask.lambda$executeRecursively$6(NodeTestTask.java:151)
	at org.junit.platform.engine.support.hierarchical.ThrowableCollector.execute(ThrowableCollector.java:73)
	at org.junit.platform.engine.support.hierarchical.NodeTestTask.lambda$executeRecursively$8(NodeTestTask.java:141)
	at org.junit.platform.engine.support.hierarchical.Node.around(Node.java:137)
	at org.junit.platform.engine.support.hierarchical.NodeTestTask.lambda$executeRecursively$9(NodeTestTask.java:139)
	at org.junit.platform.engine.support.hierarchical.ThrowableCollector.execute(ThrowableCollector.java:73)
	at org.junit.platform.engine.support.hierarchical.NodeTestTask.executeRecursively(NodeTestTask.java:138)
	at org.junit.platform.engine.support.hierarchical.NodeTestTask.execute(NodeTestTask.java:95)
	at java.base/java.util.ArrayList.forEach(ArrayList.java:1596)
	at org.junit.platform.engine.support.hierarchical.SameThreadHierarchicalTestExecutorService.invokeAll(SameThreadHierarchicalTestExecutorService.java:41)
	at org.junit.platform.engine.support.hierarchical.NodeTestTask.lambda$executeRecursively$6(NodeTestTask.java:155)
	at org.junit.platform.engine.support.hierarchical.ThrowableCollector.execute(ThrowableCollector.java:73)
	at org.junit.platform.engine.support.hierarchical.NodeTestTask.lambda$executeRecursively$8(NodeTestTask.java:141)
	at org.junit.platform.engine.support.hierarchical.Node.around(Node.java:137)
	at org.junit.platform.engine.support.hierarchical.NodeTestTask.lambda$executeRecursively$9(NodeTestTask.java:139)
	at org.junit.platform.engine.support.hierarchical.ThrowableCollector.execute(ThrowableCollector.java:73)
	at org.junit.platform.engine.support.hierarchical.NodeTestTask.executeRecursively(NodeTestTask.java:138)
	at org.junit.platform.engine.support.hierarchical.NodeTestTask.execute(NodeTestTask.java:95)
	at java.base/java.util.ArrayList.forEach(ArrayList.java:1596)
	at org.junit.platform.engine.support.hierarchical.SameThreadHierarchicalTestExecutorService.invokeAll(SameThreadHierarchicalTestExecutorService.java:41)
	at org.junit.platform.engine.support.hierarchical.NodeTestTask.lambda$executeRecursively$6(NodeTestTask.java:155)
	at org.junit.platform.engine.support.hierarchical.ThrowableCollector.execute(ThrowableCollector.java:73)
	at org.junit.platform.engine.support.hierarchical.NodeTestTask.lambda$executeRecursively$8(NodeTestTask.java:141)
	at org.junit.platform.engine.support.hierarchical.Node.around(Node.java:137)
	at org.junit.platform.engine.support.hierarchical.NodeTestTask.lambda$executeRecursively$9(NodeTestTask.java:139)
	at org.junit.platform.engine.support.hierarchical.ThrowableCollector.execute(ThrowableCollector.java:73)
	at org.junit.platform.engine.support.hierarchical.NodeTestTask.executeRecursively(NodeTestTask.java:138)
	at org.junit.platform.engine.support.hierarchical.NodeTestTask.execute(NodeTestTask.java:95)
	at org.junit.platform.engine.support.hierarchical.SameThreadHierarchicalTestExecutorService.submit(SameThreadHierarchicalTestExecutorService.java:35)
	at org.junit.platform.engine.support.hierarchical.HierarchicalTestExecutor.execute(HierarchicalTestExecutor.java:57)
	at org.junit.platform.engine.support.hierarchical.HierarchicalTestEngine.execute(HierarchicalTestEngine.java:54)
	at org.junit.platform.launcher.core.EngineExecutionOrchestrator.execute(EngineExecutionOrchestrator.java:198)
	at org.junit.platform.launcher.core.EngineExecutionOrchestrator.execute(EngineExecutionOrchestrator.java:169)
	at org.junit.platform.launcher.core.EngineExecutionOrchestrator.execute(EngineExecutionOrchestrator.java:93)
	at org.junit.platform.launcher.core.EngineExecutionOrchestrator.lambda$execute$0(EngineExecutionOrchestrator.java:58)
	at org.junit.platform.launcher.core.EngineExecutionOrchestrator.withInterceptedStreams(EngineExecutionOrchestrator.java:141)
	at org.junit.platform.launcher.core.EngineExecutionOrchestrator.execute(EngineExecutionOrchestrator.java:57)
	at org.junit.platform.launcher.core.DefaultLauncher.execute(DefaultLauncher.java:103)
	at org.junit.platform.launcher.core.DefaultLauncher.execute(DefaultLauncher.java:85)
	at org.junit.platform.launcher.core.DelegatingLauncher.execute(DelegatingLauncher.java:47)
	at org.junit.platform.launcher.core.SessionPerRequestLauncher.execute(SessionPerRequestLauncher.java:63)
	at com.intellij.junit5.JUnit5IdeaTestRunner.startRunnerWithArgs(JUnit5IdeaTestRunner.java:57)
	at com.intellij.rt.junit.IdeaTestRunner$Repeater$1.execute(IdeaTestRunner.java:38)
	at com.intellij.rt.execution.junit.TestsRepeater.repeat(TestsRepeater.java:11)
	at com.intellij.rt.junit.IdeaTestRunner$Repeater.startRunnerWithArgs(IdeaTestRunner.java:35)
	at com.intellij.rt.junit.JUnitStarter.prepareStreamsAndStart(JUnitStarter.java:232)
	at com.intellij.rt.junit.JUnitStarter.main(JUnitStarter.java:55)
2025-05-21 15:16:01 [main] INFO  l.insoft.uztis.tests.utils.TestUtils - Screenshot moved to C:\Users\ingrida.zadorozniene\Desktop\Asm\UZTIS\UZTIS_tests\test-output\screenshots\20250521\151601352_testFillSaveDraftEvaluationOne().png
2025-05-21 15:16:23 [main] INFO  lt.insoft.uztis.tests.UztisPageTest - Navigated to https://uztisdev.asseco.lt/home
2025-05-21 15:16:23 [main] INFO  l.i.uztis.tests.EvaluationsPageTest - Starting test:'testConfirmEvaluationOne'
2025-05-21 15:16:23 [main] INFO  l.i.uztis.tests.EvaluationsPageTest - Starting test:'testNavigateToEvaluationsPage'
2025-05-21 15:16:24 [main] DEBUG l.i.uztis.tests.EvaluationsPageTest - User logged in with test credentials
2025-05-21 15:16:24 [main] DEBUG l.i.uztis.tests.EvaluationsPageTest - Opened 'Application Processing' menu.
2025-05-21 15:16:24 [main] DEBUG l.i.uztis.tests.EvaluationsPageTest - Clicked on 'Evaluations' menu.
2025-05-21 15:16:24 [main] DEBUG l.i.uztis.tests.EvaluationsPageTest - Navigating to evaluations menu.
2025-05-21 15:16:24 [main] INFO  l.i.uztis.tests.EvaluationsPageTest - Test 'testNavigateToEvaluationsPage' completed successfully.
2025-05-21 15:16:25 [main] DEBUG l.i.uztis.tests.EvaluationsPageTest - Clicked on last evaluation.
2025-05-21 15:16:26 [main] DEBUG l.i.uztis.tests.EvaluationsPageTest - Clicked 'Edit'.
2025-05-21 15:16:29 [main] DEBUG l.i.uztis.tests.EvaluationsPageTest - Clicked 'Confirm'.
2025-05-21 15:16:31 [main] DEBUG l.i.uztis.tests.EvaluationsPageTest - Clicked 'Confirm Confirmation'.
2025-05-21 15:16:32 [main] DEBUG l.i.uztis.tests.EvaluationsPageTest - Fetched label text: Įvertinta
2025-05-21 15:16:32 [main] INFO  l.i.uztis.tests.EvaluationsPageTest - Verified that the label text matches the expected value.
2025-05-21 15:16:32 [main] INFO  l.i.uztis.tests.EvaluationsPageTest - Test 'testConfirmEvaluationOne' completed successfully.
2025-05-21 15:16:42 [main] INFO  lt.insoft.uztis.tests.UztisPageTest - Navigated to https://uztisdev.asseco.lt/home
2025-05-21 15:16:42 [main] INFO  l.i.uztis.tests.EvaluationsPageTest - Starting test:'testFillSaveDraftEvaluationTwo'
2025-05-21 15:16:42 [main] INFO  l.i.uztis.tests.EvaluationsPageTest - Starting test:'testNavigateToEvaluationsPage'
2025-05-21 15:16:43 [main] DEBUG l.i.uztis.tests.EvaluationsPageTest - User logged in with test credentials
2025-05-21 15:16:44 [main] DEBUG l.i.uztis.tests.EvaluationsPageTest - Opened 'Application Processing' menu.
2025-05-21 15:16:44 [main] DEBUG l.i.uztis.tests.EvaluationsPageTest - Clicked on 'Evaluations' menu.
2025-05-21 15:16:44 [main] DEBUG l.i.uztis.tests.EvaluationsPageTest - Navigating to evaluations menu.
2025-05-21 15:16:44 [main] INFO  l.i.uztis.tests.EvaluationsPageTest - Test 'testNavigateToEvaluationsPage' completed successfully.
2025-05-21 15:16:44 [main] DEBUG l.i.uztis.tests.EvaluationsPageTest - Clicked on last evaluation.
2025-05-21 15:16:45 [main] DEBUG l.i.uztis.tests.EvaluationsPageTest - Clicked 'Edit'.
2025-05-21 15:16:45 [main] DEBUG l.i.uztis.tests.EvaluationsPageTest - Entered commission date.
2025-05-21 15:16:46 [main] DEBUG l.i.uztis.tests.EvaluationsPageTest - Selected 'Without Commission' radio button.
2025-05-21 15:16:46 [main] DEBUG l.i.uztis.tests.EvaluationsPageTest - Entered chairman name: 'Pirmininkas Pirmininkauskas'.
2025-05-21 15:16:46 [main] DEBUG l.i.uztis.tests.EvaluationsPageTest - Entered member name: 'Narys Narauskas'.
2025-05-21 15:16:46 [main] DEBUG l.i.uztis.tests.EvaluationsPageTest - Clicked 'Continue'.
2025-05-21 15:16:46 [main] DEBUG l.i.uztis.tests.EvaluationsPageTest - Entered score edition: '9'.
2025-05-21 15:16:47 [main] DEBUG l.i.uztis.tests.EvaluationsPageTest - Entered chairman score: '10'.
2025-05-21 15:16:47 [main] DEBUG l.i.uztis.tests.EvaluationsPageTest - Entered member score: '11'.
2025-05-21 15:16:47 [main] DEBUG l.i.uztis.tests.EvaluationsPageTest - Entered conclusion: 'Išvada - palanki'.
2025-05-21 15:16:47 [main] DEBUG l.i.uztis.tests.EvaluationsPageTest - Entered  explanation: 'Balas pakoreduotas ranka'.
2025-05-21 15:16:47 [main] DEBUG l.i.uztis.tests.EvaluationsPageTest - Clicked 'Save Draft'.
2025-05-21 15:16:47 [main] DEBUG l.i.uztis.pages.ApplicationFormsPage - Verified success message: 'Duomenys sėkmingai išsaugoti.'
2025-05-21 15:16:47 [main] INFO  l.i.uztis.tests.EvaluationsPageTest - Verified success message
2025-05-21 15:16:47 [main] INFO  l.i.uztis.tests.EvaluationsPageTest - Test 'testFillSaveDraftEvaluationTwo' completed successfully.
2025-05-21 15:17:01 [main] INFO  lt.insoft.uztis.tests.UztisPageTest - Navigated to https://uztisdev.asseco.lt/home
2025-05-21 15:17:02 [main] INFO  l.i.uztis.tests.EvaluationsPageTest - Starting test:'testConfirmEvaluationTwo'
2025-05-21 15:17:02 [main] INFO  l.i.uztis.tests.EvaluationsPageTest - Starting test:'testNavigateToEvaluationsPage'
2025-05-21 15:17:02 [main] DEBUG l.i.uztis.tests.EvaluationsPageTest - User logged in with test credentials
2025-05-21 15:17:03 [main] DEBUG l.i.uztis.tests.EvaluationsPageTest - Opened 'Application Processing' menu.
2025-05-21 15:17:03 [main] DEBUG l.i.uztis.tests.EvaluationsPageTest - Clicked on 'Evaluations' menu.
2025-05-21 15:17:03 [main] DEBUG l.i.uztis.tests.EvaluationsPageTest - Navigating to evaluations menu.
2025-05-21 15:17:03 [main] INFO  l.i.uztis.tests.EvaluationsPageTest - Test 'testNavigateToEvaluationsPage' completed successfully.
2025-05-21 15:17:04 [main] DEBUG l.i.uztis.tests.EvaluationsPageTest - Clicked on last evaluation.
2025-05-21 15:17:04 [main] DEBUG l.i.uztis.tests.EvaluationsPageTest - Clicked 'Edit'.
2025-05-21 15:17:05 [main] DEBUG l.i.uztis.tests.EvaluationsPageTest - Clicked 'Continue'.
2025-05-21 15:17:05 [main] DEBUG l.i.uztis.tests.EvaluationsPageTest - Entered conclusion: 'Išvada - papildyta'.
2025-05-21 15:17:06 [main] DEBUG l.i.uztis.tests.EvaluationsPageTest - Entered  explanation: '; Išvada pakoreduota ranka'.
2025-05-21 15:17:06 [main] DEBUG l.i.uztis.tests.EvaluationsPageTest - Clicked 'Confirm'.
2025-05-21 15:17:06 [main] DEBUG l.i.uztis.tests.EvaluationsPageTest - Clicked 'Confirm Confirmation'.
2025-05-21 15:17:06 [main] DEBUG l.i.uztis.tests.EvaluationsPageTest - Fetched label text: Įvertinta
2025-05-21 15:17:06 [main] INFO  l.i.uztis.tests.EvaluationsPageTest - Verified that the label text matches the expected value.
2025-05-21 15:17:06 [main] INFO  l.i.uztis.tests.EvaluationsPageTest - Test 'testConfirmEvaluationTwo' completed successfully.
2025-05-21 15:17:19 [main] INFO  lt.insoft.uztis.tests.UztisPageTest - Navigated to https://uztisdev.asseco.lt/home
2025-05-21 15:17:19 [main] INFO  l.i.uztis.tests.EvaluationsPageTest - Starting test:'testFillSaveDraftEvaluationThree'
2025-05-21 15:17:19 [main] INFO  l.i.uztis.tests.EvaluationsPageTest - Starting test:'testNavigateToEvaluationsPage'
2025-05-21 15:17:19 [main] DEBUG l.i.uztis.tests.EvaluationsPageTest - User logged in with test credentials
2025-05-21 15:17:20 [main] DEBUG l.i.uztis.tests.EvaluationsPageTest - Opened 'Application Processing' menu.
2025-05-21 15:17:20 [main] DEBUG l.i.uztis.tests.EvaluationsPageTest - Clicked on 'Evaluations' menu.
2025-05-21 15:17:20 [main] DEBUG l.i.uztis.tests.EvaluationsPageTest - Navigating to evaluations menu.
2025-05-21 15:17:20 [main] INFO  l.i.uztis.tests.EvaluationsPageTest - Test 'testNavigateToEvaluationsPage' completed successfully.
2025-05-21 15:17:20 [main] DEBUG l.i.uztis.tests.EvaluationsPageTest - Clicked on last evaluation.
2025-05-21 15:17:21 [main] DEBUG l.i.uztis.tests.EvaluationsPageTest - Clicked 'Edit'.
2025-05-21 15:17:22 [main] DEBUG l.i.uztis.tests.EvaluationsPageTest - Entered commission date.
2025-05-21 15:17:22 [main] DEBUG l.i.uztis.tests.EvaluationsPageTest - Selected 'Without Commission' radio button.
2025-05-21 15:17:22 [main] DEBUG l.i.uztis.tests.EvaluationsPageTest - Entered chairman name: 'Pirmininkas Pirmininkauskas'.
2025-05-21 15:17:22 [main] DEBUG l.i.uztis.tests.EvaluationsPageTest - Entered member name: 'Narys Narauskas'.
2025-05-21 15:17:22 [main] DEBUG l.i.uztis.tests.EvaluationsPageTest - Clicked 'Continue'.
2025-05-21 15:17:23 [main] DEBUG l.i.uztis.tests.EvaluationsPageTest - Entered chairman score 1: '1'.
2025-05-21 15:17:23 [main] DEBUG l.i.uztis.tests.EvaluationsPageTest - Entered member score 1: '2'.
2025-05-21 15:17:23 [main] DEBUG l.i.uztis.tests.EvaluationsPageTest - Entered member conclusion 1: 'Išvada - palanki 1'.
2025-05-21 15:17:23 [main] DEBUG l.i.uztis.tests.EvaluationsPageTest - Entered chairman score 2: '3'.
2025-05-21 15:17:23 [main] DEBUG l.i.uztis.tests.EvaluationsPageTest - Entered member score 2: '4'.
2025-05-21 15:17:23 [main] DEBUG l.i.uztis.tests.EvaluationsPageTest - Entered member conclusion 2: 'Išvada - palanki 2'.
2025-05-21 15:17:23 [main] DEBUG l.i.uztis.tests.EvaluationsPageTest - Entered chairman score 3: '5'.
2025-05-21 15:17:24 [main] DEBUG l.i.uztis.tests.EvaluationsPageTest - Entered member score 3: '6'.
2025-05-21 15:17:24 [main] DEBUG l.i.uztis.tests.EvaluationsPageTest - Entered member conclusion 3: 'Išvada - palanki 3'.
2025-05-21 15:17:24 [main] DEBUG l.i.uztis.tests.EvaluationsPageTest - Entered chairman score 4: '7'.
2025-05-21 15:17:24 [main] DEBUG l.i.uztis.tests.EvaluationsPageTest - Entered member score 4: '8'.
2025-05-21 15:17:24 [main] DEBUG l.i.uztis.tests.EvaluationsPageTest - Entered member conclusion 4: 'Išvada - palanki 4'.
2025-05-21 15:17:24 [main] DEBUG l.i.uztis.tests.EvaluationsPageTest - Entered chairman score 5: '9'.
2025-05-21 15:17:24 [main] DEBUG l.i.uztis.tests.EvaluationsPageTest - Entered member score 5: '10'.
2025-05-21 15:17:25 [main] DEBUG l.i.uztis.tests.EvaluationsPageTest - Entered member conclusion 5: 'Išvada - palanki 5'.
2025-05-21 15:17:25 [main] DEBUG l.i.uztis.tests.EvaluationsPageTest - Clicked 'Save Draft'.
2025-05-21 15:17:25 [main] DEBUG l.i.uztis.pages.ApplicationFormsPage - Verified success message: 'Duomenys sėkmingai išsaugoti.'
2025-05-21 15:17:25 [main] INFO  l.i.uztis.tests.EvaluationsPageTest - Verified success message
2025-05-21 15:17:25 [main] INFO  l.i.uztis.tests.EvaluationsPageTest - Test 'testFillSaveDraftEvaluationThree' completed successfully.
2025-05-21 15:17:41 [main] INFO  lt.insoft.uztis.tests.UztisPageTest - Navigated to https://uztisdev.asseco.lt/home
2025-05-21 15:17:41 [main] INFO  l.i.uztis.tests.EvaluationsPageTest - Starting test:'testConfirmEvaluationThree'
2025-05-21 15:17:41 [main] INFO  l.i.uztis.tests.EvaluationsPageTest - Starting test:'testNavigateToEvaluationsPage'
2025-05-21 15:17:41 [main] DEBUG l.i.uztis.tests.EvaluationsPageTest - User logged in with test credentials
2025-05-21 15:17:42 [main] DEBUG l.i.uztis.tests.EvaluationsPageTest - Opened 'Application Processing' menu.
2025-05-21 15:17:42 [main] DEBUG l.i.uztis.tests.EvaluationsPageTest - Clicked on 'Evaluations' menu.
2025-05-21 15:17:42 [main] DEBUG l.i.uztis.tests.EvaluationsPageTest - Navigating to evaluations menu.
2025-05-21 15:17:42 [main] INFO  l.i.uztis.tests.EvaluationsPageTest - Test 'testNavigateToEvaluationsPage' completed successfully.
2025-05-21 15:17:42 [main] DEBUG l.i.uztis.tests.EvaluationsPageTest - Clicked on last evaluation.
2025-05-21 15:17:43 [main] DEBUG l.i.uztis.tests.EvaluationsPageTest - Clicked 'Edit'.
2025-05-21 15:17:43 [main] DEBUG l.i.uztis.tests.EvaluationsPageTest - Clicked 'Continue'.
2025-05-21 15:17:44 [main] DEBUG l.i.uztis.tests.EvaluationsPageTest - Clicked 'Confirm'.
2025-05-21 15:17:54 [main] ERROR l.i.uztis.tests.EvaluationsPageTest - Test 'testConfirmEvaluationThree' failed with error: no such element: Unable to locate element: {"method":"css selector","selector":".reverse-mobile .btn--primary"}
  (Session info: chrome=136.0.7103.114)
For documentation on this error, please visit: https://www.selenium.dev/documentation/webdriver/troubleshooting/errors#no-such-element-exception
Build info: version: '4.27.0', revision: 'd6e718d134'
System info: os.name: 'Windows 11', os.arch: 'amd64', os.version: '10.0', java.version: '21.0.3'
Driver info: org.openqa.selenium.chrome.ChromeDriver
Command: [f6b3d6f4ebed1d75fb306e5c36ca7d0b, findElement {using=css selector, value=.reverse-mobile .btn--primary}]
Capabilities {acceptInsecureCerts: false, browserName: chrome, browserVersion: 136.0.7103.114, chrome: {chromedriverVersion: 136.0.7103.94 (fa0be0b33deb..., userDataDir: C:\Users\INGRID~1.ZAD\AppDa...}, fedcm:accounts: true, goog:chromeOptions: {debuggerAddress: localhost:62020}, networkConnectionEnabled: false, pageLoadStrategy: normal, platformName: windows, proxy: Proxy(), se:cdp: ws://localhost:62020/devtoo..., se:cdpVersion: 136.0.7103.114, setWindowRect: true, strictFileInteractability: false, timeouts: {implicit: 0, pageLoad: 300000, script: 30000}, unhandledPromptBehavior: dismiss and notify, webauthn:extension:credBlob: true, webauthn:extension:largeBlob: true, webauthn:extension:minPinLength: true, webauthn:extension:prf: true, webauthn:virtualAuthenticators: true}
Session ID: f6b3d6f4ebed1d75fb306e5c36ca7d0b
org.openqa.selenium.NoSuchElementException: no such element: Unable to locate element: {"method":"css selector","selector":".reverse-mobile .btn--primary"}
  (Session info: chrome=136.0.7103.114)
For documentation on this error, please visit: https://www.selenium.dev/documentation/webdriver/troubleshooting/errors#no-such-element-exception
Build info: version: '4.27.0', revision: 'd6e718d134'
System info: os.name: 'Windows 11', os.arch: 'amd64', os.version: '10.0', java.version: '21.0.3'
Driver info: org.openqa.selenium.chrome.ChromeDriver
Command: [f6b3d6f4ebed1d75fb306e5c36ca7d0b, findElement {using=css selector, value=.reverse-mobile .btn--primary}]
Capabilities {acceptInsecureCerts: false, browserName: chrome, browserVersion: 136.0.7103.114, chrome: {chromedriverVersion: 136.0.7103.94 (fa0be0b33deb..., userDataDir: C:\Users\INGRID~1.ZAD\AppDa...}, fedcm:accounts: true, goog:chromeOptions: {debuggerAddress: localhost:62020}, networkConnectionEnabled: false, pageLoadStrategy: normal, platformName: windows, proxy: Proxy(), se:cdp: ws://localhost:62020/devtoo..., se:cdpVersion: 136.0.7103.114, setWindowRect: true, strictFileInteractability: false, timeouts: {implicit: 0, pageLoad: 300000, script: 30000}, unhandledPromptBehavior: dismiss and notify, webauthn:extension:credBlob: true, webauthn:extension:largeBlob: true, webauthn:extension:minPinLength: true, webauthn:extension:prf: true, webauthn:virtualAuthenticators: true}
Session ID: f6b3d6f4ebed1d75fb306e5c36ca7d0b
	at java.base/jdk.internal.reflect.DirectConstructorHandleAccessor.newInstance(DirectConstructorHandleAccessor.java:62)
	at java.base/java.lang.reflect.Constructor.newInstanceWithCaller(Constructor.java:502)
	at java.base/java.lang.reflect.Constructor.newInstance(Constructor.java:486)
	at org.openqa.selenium.remote.ErrorCodec.decode(ErrorCodec.java:167)
	at org.openqa.selenium.remote.codec.w3c.W3CHttpResponseCodec.decode(W3CHttpResponseCodec.java:138)
	at org.openqa.selenium.remote.codec.w3c.W3CHttpResponseCodec.decode(W3CHttpResponseCodec.java:50)
	at org.openqa.selenium.remote.HttpCommandExecutor.execute(HttpCommandExecutor.java:190)
	at org.openqa.selenium.remote.service.DriverCommandExecutor.invokeExecute(DriverCommandExecutor.java:216)
	at org.openqa.selenium.remote.service.DriverCommandExecutor.execute(DriverCommandExecutor.java:174)
	at org.openqa.selenium.remote.RemoteWebDriver.execute(RemoteWebDriver.java:545)
	at org.openqa.selenium.remote.ElementLocation$ElementFinder$2.findElement(ElementLocation.java:165)
	at org.openqa.selenium.remote.ElementLocation.findElement(ElementLocation.java:59)
	at org.openqa.selenium.remote.RemoteWebDriver.findElement(RemoteWebDriver.java:368)
	at org.openqa.selenium.remote.RemoteWebDriver.findElement(RemoteWebDriver.java:362)
	at org.openqa.selenium.support.pagefactory.DefaultElementLocator.findElement(DefaultElementLocator.java:68)
	at org.openqa.selenium.support.pagefactory.internal.LocatingElementHandler.invoke(LocatingElementHandler.java:38)
	at jdk.proxy2/jdk.proxy2.$Proxy14.click(Unknown Source)
	at lt.insoft.uztis.pages.EvaluationsPage.clickButtonConfirmConfirmation(EvaluationsPage.java:272)
	at lt.insoft.uztis.tests.EvaluationsPageTest.testConfirmEvaluationThree(EvaluationsPageTest.java:470)
	at java.base/jdk.internal.reflect.DirectMethodHandleAccessor.invoke(DirectMethodHandleAccessor.java:103)
	at java.base/java.lang.reflect.Method.invoke(Method.java:580)
	at org.junit.platform.commons.util.ReflectionUtils.invokeMethod(ReflectionUtils.java:728)
	at org.junit.jupiter.engine.execution.MethodInvocation.proceed(MethodInvocation.java:60)
	at org.junit.jupiter.engine.execution.InvocationInterceptorChain$ValidatingInvocation.proceed(InvocationInterceptorChain.java:131)
	at org.junit.jupiter.engine.extension.TimeoutExtension.intercept(TimeoutExtension.java:156)
	at org.junit.jupiter.engine.extension.TimeoutExtension.interceptTestableMethod(TimeoutExtension.java:147)
	at org.junit.jupiter.engine.extension.TimeoutExtension.interceptTestMethod(TimeoutExtension.java:86)
	at org.junit.jupiter.engine.execution.InterceptingExecutableInvoker$ReflectiveInterceptorCall.lambda$ofVoidMethod$0(InterceptingExecutableInvoker.java:103)
	at org.junit.jupiter.engine.execution.InterceptingExecutableInvoker.lambda$invoke$0(InterceptingExecutableInvoker.java:93)
	at org.junit.jupiter.engine.execution.InvocationInterceptorChain$InterceptedInvocation.proceed(InvocationInterceptorChain.java:106)
	at org.junit.jupiter.engine.execution.InvocationInterceptorChain.proceed(InvocationInterceptorChain.java:64)
	at org.junit.jupiter.engine.execution.InvocationInterceptorChain.chainAndInvoke(InvocationInterceptorChain.java:45)
	at org.junit.jupiter.engine.execution.InvocationInterceptorChain.invoke(InvocationInterceptorChain.java:37)
	at org.junit.jupiter.engine.execution.InterceptingExecutableInvoker.invoke(InterceptingExecutableInvoker.java:92)
	at org.junit.jupiter.engine.execution.InterceptingExecutableInvoker.invoke(InterceptingExecutableInvoker.java:86)
	at org.junit.jupiter.engine.descriptor.TestMethodTestDescriptor.lambda$invokeTestMethod$7(TestMethodTestDescriptor.java:218)
	at org.junit.platform.engine.support.hierarchical.ThrowableCollector.execute(ThrowableCollector.java:73)
	at org.junit.jupiter.engine.descriptor.TestMethodTestDescriptor.invokeTestMethod(TestMethodTestDescriptor.java:214)
	at org.junit.jupiter.engine.descriptor.TestMethodTestDescriptor.execute(TestMethodTestDescriptor.java:139)
	at org.junit.jupiter.engine.descriptor.TestMethodTestDescriptor.execute(TestMethodTestDescriptor.java:69)
	at org.junit.platform.engine.support.hierarchical.NodeTestTask.lambda$executeRecursively$6(NodeTestTask.java:151)
	at org.junit.platform.engine.support.hierarchical.ThrowableCollector.execute(ThrowableCollector.java:73)
	at org.junit.platform.engine.support.hierarchical.NodeTestTask.lambda$executeRecursively$8(NodeTestTask.java:141)
	at org.junit.platform.engine.support.hierarchical.Node.around(Node.java:137)
	at org.junit.platform.engine.support.hierarchical.NodeTestTask.lambda$executeRecursively$9(NodeTestTask.java:139)
	at org.junit.platform.engine.support.hierarchical.ThrowableCollector.execute(ThrowableCollector.java:73)
	at org.junit.platform.engine.support.hierarchical.NodeTestTask.executeRecursively(NodeTestTask.java:138)
	at org.junit.platform.engine.support.hierarchical.NodeTestTask.execute(NodeTestTask.java:95)
	at java.base/java.util.ArrayList.forEach(ArrayList.java:1596)
	at org.junit.platform.engine.support.hierarchical.SameThreadHierarchicalTestExecutorService.invokeAll(SameThreadHierarchicalTestExecutorService.java:41)
	at org.junit.platform.engine.support.hierarchical.NodeTestTask.lambda$executeRecursively$6(NodeTestTask.java:155)
	at org.junit.platform.engine.support.hierarchical.ThrowableCollector.execute(ThrowableCollector.java:73)
	at org.junit.platform.engine.support.hierarchical.NodeTestTask.lambda$executeRecursively$8(NodeTestTask.java:141)
	at org.junit.platform.engine.support.hierarchical.Node.around(Node.java:137)
	at org.junit.platform.engine.support.hierarchical.NodeTestTask.lambda$executeRecursively$9(NodeTestTask.java:139)
	at org.junit.platform.engine.support.hierarchical.ThrowableCollector.execute(ThrowableCollector.java:73)
	at org.junit.platform.engine.support.hierarchical.NodeTestTask.executeRecursively(NodeTestTask.java:138)
	at org.junit.platform.engine.support.hierarchical.NodeTestTask.execute(NodeTestTask.java:95)
	at java.base/java.util.ArrayList.forEach(ArrayList.java:1596)
	at org.junit.platform.engine.support.hierarchical.SameThreadHierarchicalTestExecutorService.invokeAll(SameThreadHierarchicalTestExecutorService.java:41)
	at org.junit.platform.engine.support.hierarchical.NodeTestTask.lambda$executeRecursively$6(NodeTestTask.java:155)
	at org.junit.platform.engine.support.hierarchical.ThrowableCollector.execute(ThrowableCollector.java:73)
	at org.junit.platform.engine.support.hierarchical.NodeTestTask.lambda$executeRecursively$8(NodeTestTask.java:141)
	at org.junit.platform.engine.support.hierarchical.Node.around(Node.java:137)
	at org.junit.platform.engine.support.hierarchical.NodeTestTask.lambda$executeRecursively$9(NodeTestTask.java:139)
	at org.junit.platform.engine.support.hierarchical.ThrowableCollector.execute(ThrowableCollector.java:73)
	at org.junit.platform.engine.support.hierarchical.NodeTestTask.executeRecursively(NodeTestTask.java:138)
	at org.junit.platform.engine.support.hierarchical.NodeTestTask.execute(NodeTestTask.java:95)
	at org.junit.platform.engine.support.hierarchical.SameThreadHierarchicalTestExecutorService.submit(SameThreadHierarchicalTestExecutorService.java:35)
	at org.junit.platform.engine.support.hierarchical.HierarchicalTestExecutor.execute(HierarchicalTestExecutor.java:57)
	at org.junit.platform.engine.support.hierarchical.HierarchicalTestEngine.execute(HierarchicalTestEngine.java:54)
	at org.junit.platform.launcher.core.EngineExecutionOrchestrator.execute(EngineExecutionOrchestrator.java:198)
	at org.junit.platform.launcher.core.EngineExecutionOrchestrator.execute(EngineExecutionOrchestrator.java:169)
	at org.junit.platform.launcher.core.EngineExecutionOrchestrator.execute(EngineExecutionOrchestrator.java:93)
	at org.junit.platform.launcher.core.EngineExecutionOrchestrator.lambda$execute$0(EngineExecutionOrchestrator.java:58)
	at org.junit.platform.launcher.core.EngineExecutionOrchestrator.withInterceptedStreams(EngineExecutionOrchestrator.java:141)
	at org.junit.platform.launcher.core.EngineExecutionOrchestrator.execute(EngineExecutionOrchestrator.java:57)
	at org.junit.platform.launcher.core.DefaultLauncher.execute(DefaultLauncher.java:103)
	at org.junit.platform.launcher.core.DefaultLauncher.execute(DefaultLauncher.java:85)
	at org.junit.platform.launcher.core.DelegatingLauncher.execute(DelegatingLauncher.java:47)
	at org.junit.platform.launcher.core.SessionPerRequestLauncher.execute(SessionPerRequestLauncher.java:63)
	at com.intellij.junit5.JUnit5IdeaTestRunner.startRunnerWithArgs(JUnit5IdeaTestRunner.java:57)
	at com.intellij.rt.junit.IdeaTestRunner$Repeater$1.execute(IdeaTestRunner.java:38)
	at com.intellij.rt.execution.junit.TestsRepeater.repeat(TestsRepeater.java:11)
	at com.intellij.rt.junit.IdeaTestRunner$Repeater.startRunnerWithArgs(IdeaTestRunner.java:35)
	at com.intellij.rt.junit.JUnitStarter.prepareStreamsAndStart(JUnitStarter.java:232)
	at com.intellij.rt.junit.JUnitStarter.main(JUnitStarter.java:55)
2025-05-21 15:17:54 [main] INFO  l.insoft.uztis.tests.utils.TestUtils - Screenshot moved to C:\Users\ingrida.zadorozniene\Desktop\Asm\UZTIS\UZTIS_tests\test-output\screenshots\20250521\151754352_testConfirmEvaluationThree().png
2025-05-21 15:18:27 [main] INFO  lt.insoft.uztis.tests.UztisPageTest - Navigated to https://uztisdev.asseco.lt/home
2025-05-21 15:18:27 [main] INFO  l.insoft.uztis.tests.FundingPageTest - Starting test:'testFundApplication'
2025-05-21 15:18:27 [main] DEBUG l.insoft.uztis.tests.FundingPageTest - User logged in with test credentials
2025-05-21 15:18:28 [main] DEBUG l.insoft.uztis.tests.FundingPageTest - Opened 'Application Processing' menu.
2025-05-21 15:18:28 [main] DEBUG l.insoft.uztis.tests.FundingPageTest - Clicked on 'Application Forms' menu.
2025-05-21 15:18:29 [main] DEBUG l.insoft.uztis.tests.FundingPageTest - Retrieved last description code text: 'TST-VUI-14'.
2025-05-21 15:18:29 [main] DEBUG l.insoft.uztis.tests.FundingPageTest - Clicked on 'Invitation' menu.
2025-05-21 15:18:30 [main] DEBUG l.insoft.uztis.tests.FundingPageTest - Selected application section by code: 'TST-VUI-14'.
2025-05-21 15:18:31 [main] DEBUG l.insoft.uztis.tests.FundingPageTest - Clicked 'Search' button.
2025-05-21 15:18:31 [main] DEBUG l.insoft.uztis.tests.FundingPageTest - Retrieved invitation code: ''.
2025-05-21 15:18:31 [main] DEBUG l.insoft.uztis.tests.FundingPageTest - Clicked on 'Funding Queue' menu.
2025-05-21 15:18:32 [main] DEBUG l.insoft.uztis.tests.FundingPageTest - Selected invitation by code: 'TST-VUI-14'.
2025-05-21 15:18:32 [main] DEBUG l.insoft.uztis.tests.FundingPageTest - Invitation code inserted.
2025-05-21 15:18:33 [main] DEBUG l.insoft.uztis.tests.FundingPageTest - Clicked 'Form'.
2025-05-21 15:18:33 [main] DEBUG l.insoft.uztis.tests.FundingPageTest - Clicked 'Finance'.
2025-05-21 15:18:33 [main] DEBUG l.insoft.uztis.tests.FundingPageTest - Entered order number 'VUI_1'.
2025-05-21 15:18:33 [main] DEBUG l.insoft.uztis.tests.FundingPageTest - Clicked 'Finance Confirmation'.
2025-05-21 15:18:34 [main] DEBUG l.i.uztis.pages.ApplicationFormsPage - Verified success message: 'Funkcija sėkmingai atlikta.'
2025-05-21 15:18:34 [main] INFO  l.insoft.uztis.tests.FundingPageTest - Verified success message
2025-05-21 15:18:34 [main] INFO  l.insoft.uztis.tests.FundingPageTest - Test 'testFundApplication' completed successfully.
2025-05-22 11:51:48 [main] INFO  lt.insoft.uztis.tests.UztisPageTest - Navigated to https://uztisdev.asseco.lt/home
2025-05-22 11:51:48 [main] INFO  l.i.u.tests.ApplicationFormsPageTest - Setup complete. ApplicationFormsPage initialized.
2025-05-22 11:51:48 [main] INFO  l.i.u.tests.ApplicationFormsPageTest - Starting test:'testCreateNewVuiApplication'
2025-05-22 11:51:58 [main] ERROR l.insoft.uztis.tests.utils.TestUtils - Login failed – element not found: no such element: Unable to locate element: {"method":"css selector","selector":"#loginButton"}
  (Session info: chrome=136.0.7103.114)
For documentation on this error, please visit: https://www.selenium.dev/documentation/webdriver/troubleshooting/errors#no-such-element-exception
Build info: version: '4.27.0', revision: 'd6e718d134'
System info: os.name: 'Windows 11', os.arch: 'amd64', os.version: '10.0', java.version: '21.0.3'
Driver info: org.openqa.selenium.chrome.ChromeDriver
Command: [7e0859706c09ca6507354024a9407e66, findElement {using=id, value=loginButton}]
Capabilities {acceptInsecureCerts: false, browserName: chrome, browserVersion: 136.0.7103.114, chrome: {chromedriverVersion: 136.0.7103.113 (76fa3c17824..., userDataDir: C:\Users\INGRID~1.ZAD\AppDa...}, fedcm:accounts: true, goog:chromeOptions: {debuggerAddress: localhost:65098}, networkConnectionEnabled: false, pageLoadStrategy: normal, platformName: windows, proxy: Proxy(), se:cdp: ws://localhost:65098/devtoo..., se:cdpVersion: 136.0.7103.114, setWindowRect: true, strictFileInteractability: false, timeouts: {implicit: 0, pageLoad: 300000, script: 30000}, unhandledPromptBehavior: dismiss and notify, webauthn:extension:credBlob: true, webauthn:extension:largeBlob: true, webauthn:extension:minPinLength: true, webauthn:extension:prf: true, webauthn:virtualAuthenticators: true}
Session ID: 7e0859706c09ca6507354024a9407e66
2025-05-22 11:51:58 [main] ERROR l.i.u.tests.ApplicationFormsPageTest - Test 'testCreateNewVuiApplication' failed with error: no such element: Unable to locate element: {"method":"css selector","selector":"#loginButton"}
  (Session info: chrome=136.0.7103.114)
For documentation on this error, please visit: https://www.selenium.dev/documentation/webdriver/troubleshooting/errors#no-such-element-exception
Build info: version: '4.27.0', revision: 'd6e718d134'
System info: os.name: 'Windows 11', os.arch: 'amd64', os.version: '10.0', java.version: '21.0.3'
Driver info: org.openqa.selenium.chrome.ChromeDriver
Command: [7e0859706c09ca6507354024a9407e66, findElement {using=id, value=loginButton}]
Capabilities {acceptInsecureCerts: false, browserName: chrome, browserVersion: 136.0.7103.114, chrome: {chromedriverVersion: 136.0.7103.113 (76fa3c17824..., userDataDir: C:\Users\INGRID~1.ZAD\AppDa...}, fedcm:accounts: true, goog:chromeOptions: {debuggerAddress: localhost:65098}, networkConnectionEnabled: false, pageLoadStrategy: normal, platformName: windows, proxy: Proxy(), se:cdp: ws://localhost:65098/devtoo..., se:cdpVersion: 136.0.7103.114, setWindowRect: true, strictFileInteractability: false, timeouts: {implicit: 0, pageLoad: 300000, script: 30000}, unhandledPromptBehavior: dismiss and notify, webauthn:extension:credBlob: true, webauthn:extension:largeBlob: true, webauthn:extension:minPinLength: true, webauthn:extension:prf: true, webauthn:virtualAuthenticators: true}
Session ID: 7e0859706c09ca6507354024a9407e66
org.openqa.selenium.NoSuchElementException: no such element: Unable to locate element: {"method":"css selector","selector":"#loginButton"}
  (Session info: chrome=136.0.7103.114)
For documentation on this error, please visit: https://www.selenium.dev/documentation/webdriver/troubleshooting/errors#no-such-element-exception
Build info: version: '4.27.0', revision: 'd6e718d134'
System info: os.name: 'Windows 11', os.arch: 'amd64', os.version: '10.0', java.version: '21.0.3'
Driver info: org.openqa.selenium.chrome.ChromeDriver
Command: [7e0859706c09ca6507354024a9407e66, findElement {using=id, value=loginButton}]
Capabilities {acceptInsecureCerts: false, browserName: chrome, browserVersion: 136.0.7103.114, chrome: {chromedriverVersion: 136.0.7103.113 (76fa3c17824..., userDataDir: C:\Users\INGRID~1.ZAD\AppDa...}, fedcm:accounts: true, goog:chromeOptions: {debuggerAddress: localhost:65098}, networkConnectionEnabled: false, pageLoadStrategy: normal, platformName: windows, proxy: Proxy(), se:cdp: ws://localhost:65098/devtoo..., se:cdpVersion: 136.0.7103.114, setWindowRect: true, strictFileInteractability: false, timeouts: {implicit: 0, pageLoad: 300000, script: 30000}, unhandledPromptBehavior: dismiss and notify, webauthn:extension:credBlob: true, webauthn:extension:largeBlob: true, webauthn:extension:minPinLength: true, webauthn:extension:prf: true, webauthn:virtualAuthenticators: true}
Session ID: 7e0859706c09ca6507354024a9407e66
	at java.base/jdk.internal.reflect.DirectConstructorHandleAccessor.newInstance(DirectConstructorHandleAccessor.java:62)
	at java.base/java.lang.reflect.Constructor.newInstanceWithCaller(Constructor.java:502)
	at java.base/java.lang.reflect.Constructor.newInstance(Constructor.java:486)
	at org.openqa.selenium.remote.ErrorCodec.decode(ErrorCodec.java:167)
	at org.openqa.selenium.remote.codec.w3c.W3CHttpResponseCodec.decode(W3CHttpResponseCodec.java:138)
	at org.openqa.selenium.remote.codec.w3c.W3CHttpResponseCodec.decode(W3CHttpResponseCodec.java:50)
	at org.openqa.selenium.remote.HttpCommandExecutor.execute(HttpCommandExecutor.java:190)
	at org.openqa.selenium.remote.service.DriverCommandExecutor.invokeExecute(DriverCommandExecutor.java:216)
	at org.openqa.selenium.remote.service.DriverCommandExecutor.execute(DriverCommandExecutor.java:174)
	at org.openqa.selenium.remote.RemoteWebDriver.execute(RemoteWebDriver.java:545)
	at org.openqa.selenium.remote.ElementLocation$ElementFinder$2.findElement(ElementLocation.java:165)
	at org.openqa.selenium.remote.ElementLocation.findElement(ElementLocation.java:59)
	at org.openqa.selenium.remote.RemoteWebDriver.findElement(RemoteWebDriver.java:368)
	at org.openqa.selenium.remote.RemoteWebDriver.findElement(RemoteWebDriver.java:362)
	at lt.insoft.uztis.tests.utils.TestUtils.login(TestUtils.java:65)
	at lt.insoft.uztis.tests.ApplicationFormsPageTest.testCreateNewVuiApplication(ApplicationFormsPageTest.java:94)
	at java.base/jdk.internal.reflect.DirectMethodHandleAccessor.invoke(DirectMethodHandleAccessor.java:103)
	at java.base/java.lang.reflect.Method.invoke(Method.java:580)
	at org.junit.platform.commons.util.ReflectionUtils.invokeMethod(ReflectionUtils.java:728)
	at org.junit.jupiter.engine.execution.MethodInvocation.proceed(MethodInvocation.java:60)
	at org.junit.jupiter.engine.execution.InvocationInterceptorChain$ValidatingInvocation.proceed(InvocationInterceptorChain.java:131)
	at org.junit.jupiter.engine.extension.TimeoutExtension.intercept(TimeoutExtension.java:156)
	at org.junit.jupiter.engine.extension.TimeoutExtension.interceptTestableMethod(TimeoutExtension.java:147)
	at org.junit.jupiter.engine.extension.TimeoutExtension.interceptTestMethod(TimeoutExtension.java:86)
	at org.junit.jupiter.engine.execution.InterceptingExecutableInvoker$ReflectiveInterceptorCall.lambda$ofVoidMethod$0(InterceptingExecutableInvoker.java:103)
	at org.junit.jupiter.engine.execution.InterceptingExecutableInvoker.lambda$invoke$0(InterceptingExecutableInvoker.java:93)
	at org.junit.jupiter.engine.execution.InvocationInterceptorChain$InterceptedInvocation.proceed(InvocationInterceptorChain.java:106)
	at org.junit.jupiter.engine.execution.InvocationInterceptorChain.proceed(InvocationInterceptorChain.java:64)
	at org.junit.jupiter.engine.execution.InvocationInterceptorChain.chainAndInvoke(InvocationInterceptorChain.java:45)
	at org.junit.jupiter.engine.execution.InvocationInterceptorChain.invoke(InvocationInterceptorChain.java:37)
	at org.junit.jupiter.engine.execution.InterceptingExecutableInvoker.invoke(InterceptingExecutableInvoker.java:92)
	at org.junit.jupiter.engine.execution.InterceptingExecutableInvoker.invoke(InterceptingExecutableInvoker.java:86)
	at org.junit.jupiter.engine.descriptor.TestMethodTestDescriptor.lambda$invokeTestMethod$7(TestMethodTestDescriptor.java:218)
	at org.junit.platform.engine.support.hierarchical.ThrowableCollector.execute(ThrowableCollector.java:73)
	at org.junit.jupiter.engine.descriptor.TestMethodTestDescriptor.invokeTestMethod(TestMethodTestDescriptor.java:214)
	at org.junit.jupiter.engine.descriptor.TestMethodTestDescriptor.execute(TestMethodTestDescriptor.java:139)
	at org.junit.jupiter.engine.descriptor.TestMethodTestDescriptor.execute(TestMethodTestDescriptor.java:69)
	at org.junit.platform.engine.support.hierarchical.NodeTestTask.lambda$executeRecursively$6(NodeTestTask.java:151)
	at org.junit.platform.engine.support.hierarchical.ThrowableCollector.execute(ThrowableCollector.java:73)
	at org.junit.platform.engine.support.hierarchical.NodeTestTask.lambda$executeRecursively$8(NodeTestTask.java:141)
	at org.junit.platform.engine.support.hierarchical.Node.around(Node.java:137)
	at org.junit.platform.engine.support.hierarchical.NodeTestTask.lambda$executeRecursively$9(NodeTestTask.java:139)
	at org.junit.platform.engine.support.hierarchical.ThrowableCollector.execute(ThrowableCollector.java:73)
	at org.junit.platform.engine.support.hierarchical.NodeTestTask.executeRecursively(NodeTestTask.java:138)
	at org.junit.platform.engine.support.hierarchical.NodeTestTask.execute(NodeTestTask.java:95)
	at java.base/java.util.ArrayList.forEach(ArrayList.java:1596)
	at org.junit.platform.engine.support.hierarchical.SameThreadHierarchicalTestExecutorService.invokeAll(SameThreadHierarchicalTestExecutorService.java:41)
	at org.junit.platform.engine.support.hierarchical.NodeTestTask.lambda$executeRecursively$6(NodeTestTask.java:155)
	at org.junit.platform.engine.support.hierarchical.ThrowableCollector.execute(ThrowableCollector.java:73)
	at org.junit.platform.engine.support.hierarchical.NodeTestTask.lambda$executeRecursively$8(NodeTestTask.java:141)
	at org.junit.platform.engine.support.hierarchical.Node.around(Node.java:137)
	at org.junit.platform.engine.support.hierarchical.NodeTestTask.lambda$executeRecursively$9(NodeTestTask.java:139)
	at org.junit.platform.engine.support.hierarchical.ThrowableCollector.execute(ThrowableCollector.java:73)
	at org.junit.platform.engine.support.hierarchical.NodeTestTask.executeRecursively(NodeTestTask.java:138)
	at org.junit.platform.engine.support.hierarchical.NodeTestTask.execute(NodeTestTask.java:95)
	at java.base/java.util.ArrayList.forEach(ArrayList.java:1596)
	at org.junit.platform.engine.support.hierarchical.SameThreadHierarchicalTestExecutorService.invokeAll(SameThreadHierarchicalTestExecutorService.java:41)
	at org.junit.platform.engine.support.hierarchical.NodeTestTask.lambda$executeRecursively$6(NodeTestTask.java:155)
	at org.junit.platform.engine.support.hierarchical.ThrowableCollector.execute(ThrowableCollector.java:73)
	at org.junit.platform.engine.support.hierarchical.NodeTestTask.lambda$executeRecursively$8(NodeTestTask.java:141)
	at org.junit.platform.engine.support.hierarchical.Node.around(Node.java:137)
	at org.junit.platform.engine.support.hierarchical.NodeTestTask.lambda$executeRecursively$9(NodeTestTask.java:139)
	at org.junit.platform.engine.support.hierarchical.ThrowableCollector.execute(ThrowableCollector.java:73)
	at org.junit.platform.engine.support.hierarchical.NodeTestTask.executeRecursively(NodeTestTask.java:138)
	at org.junit.platform.engine.support.hierarchical.NodeTestTask.execute(NodeTestTask.java:95)
	at org.junit.platform.engine.support.hierarchical.SameThreadHierarchicalTestExecutorService.submit(SameThreadHierarchicalTestExecutorService.java:35)
	at org.junit.platform.engine.support.hierarchical.HierarchicalTestExecutor.execute(HierarchicalTestExecutor.java:57)
	at org.junit.platform.engine.support.hierarchical.HierarchicalTestEngine.execute(HierarchicalTestEngine.java:54)
	at org.junit.platform.launcher.core.EngineExecutionOrchestrator.execute(EngineExecutionOrchestrator.java:198)
	at org.junit.platform.launcher.core.EngineExecutionOrchestrator.execute(EngineExecutionOrchestrator.java:169)
	at org.junit.platform.launcher.core.EngineExecutionOrchestrator.execute(EngineExecutionOrchestrator.java:93)
	at org.junit.platform.launcher.core.EngineExecutionOrchestrator.lambda$execute$0(EngineExecutionOrchestrator.java:58)
	at org.junit.platform.launcher.core.EngineExecutionOrchestrator.withInterceptedStreams(EngineExecutionOrchestrator.java:141)
	at org.junit.platform.launcher.core.EngineExecutionOrchestrator.execute(EngineExecutionOrchestrator.java:57)
	at org.junit.platform.launcher.core.DefaultLauncher.execute(DefaultLauncher.java:103)
	at org.junit.platform.launcher.core.DefaultLauncher.execute(DefaultLauncher.java:85)
	at org.junit.platform.launcher.core.DelegatingLauncher.execute(DelegatingLauncher.java:47)
	at org.junit.platform.launcher.core.SessionPerRequestLauncher.execute(SessionPerRequestLauncher.java:63)
	at com.intellij.junit5.JUnit5IdeaTestRunner.startRunnerWithArgs(JUnit5IdeaTestRunner.java:57)
	at com.intellij.rt.junit.IdeaTestRunner$Repeater$1.execute(IdeaTestRunner.java:38)
	at com.intellij.rt.execution.junit.TestsRepeater.repeat(TestsRepeater.java:11)
	at com.intellij.rt.junit.IdeaTestRunner$Repeater.startRunnerWithArgs(IdeaTestRunner.java:35)
	at com.intellij.rt.junit.JUnitStarter.prepareStreamsAndStart(JUnitStarter.java:232)
	at com.intellij.rt.junit.JUnitStarter.main(JUnitStarter.java:55)
2025-05-22 11:51:58 [main] INFO  l.insoft.uztis.tests.utils.TestUtils - Screenshot moved to C:\Users\ingrida.zadorozniene\Desktop\Asm\UZTIS\UZTIS_tests\test-output\screenshots\20250522\115158632_testCreateNewVuiApplication().png
2025-05-22 11:54:26 [main] INFO  lt.insoft.uztis.tests.UztisPageTest - Navigated to https://uztisdev.asseco.lt/home
2025-05-22 11:54:26 [main] INFO  l.i.u.tests.ApplicationFormsPageTest - Setup complete. ApplicationFormsPage initialized.
2025-05-22 11:54:26 [main] INFO  l.i.u.tests.ApplicationFormsPageTest - Starting test:'testNavigateToAndReviewApplicationFormsPageTest'
2025-05-22 11:54:26 [main] INFO  l.insoft.uztis.tests.utils.TestUtils - Login attempt with user: evaluation_chief
2025-05-22 11:54:26 [main] DEBUG l.i.u.tests.ApplicationFormsPageTest - User logged in with test credentials
2025-05-22 11:54:27 [main] DEBUG l.i.u.tests.ApplicationFormsPageTest - Opened 'Application Processing' menu.
2025-05-22 11:54:27 [main] DEBUG l.i.u.tests.ApplicationFormsPageTest - Clicked on 'Application Forms' menu.
2025-05-22 11:54:28 [main] DEBUG l.i.u.tests.ApplicationFormsPageTest - Fetched label text: Paraiškų formos
2025-05-22 11:54:28 [main] INFO  l.i.u.tests.ApplicationFormsPageTest - Verified that the label text matches the expected value.
2025-05-22 11:54:28 [main] DEBUG l.i.u.tests.ApplicationFormsPageTest - Selected the last application description.
2025-05-22 11:54:28 [main] INFO  l.i.u.tests.ApplicationFormsPageTest - Verified that the 'Edit' button is displayed.
2025-05-22 11:54:28 [main] INFO  l.i.u.tests.ApplicationFormsPageTest - Test 'testNavigateToAndReviewApplicationFormsPageTest' completed successfully.
2025-05-22 11:59:48 [main] INFO  lt.insoft.uztis.tests.UztisPageTest - Navigated to https://uztisdev.asseco.lt/home
2025-05-22 11:59:48 [main] INFO  l.i.u.tests.ApplicationFormsPageTest - Setup complete. ApplicationFormsPage initialized.
2025-05-22 11:59:48 [main] INFO  l.i.u.tests.ApplicationFormsPageTest - Starting test:'testNavigateToAndReviewApplicationFormsPageTest'
2025-05-22 11:59:48 [main] INFO  l.insoft.uztis.tests.utils.TestUtils - Login attempt with user: evaluation_chief
2025-05-22 11:59:48 [main] DEBUG l.i.u.tests.ApplicationFormsPageTest - User logged in with test credentials
2025-05-22 11:59:49 [main] DEBUG l.i.u.tests.ApplicationFormsPageTest - Opened 'Application Processing' menu.
2025-05-22 11:59:49 [main] DEBUG l.i.u.tests.ApplicationFormsPageTest - Clicked on 'Application Forms' menu.
2025-05-22 11:59:50 [main] DEBUG l.i.u.tests.ApplicationFormsPageTest - Fetched label text: Paraiškų formos
2025-05-22 11:59:50 [main] INFO  l.i.u.tests.ApplicationFormsPageTest - Verified that the label text matches the expected value.
2025-05-22 11:59:50 [main] DEBUG l.i.u.tests.ApplicationFormsPageTest - Selected the last application description.
2025-05-22 11:59:50 [main] INFO  l.i.u.tests.ApplicationFormsPageTest - Verified that the 'Edit' button is displayed.
2025-05-22 11:59:50 [main] INFO  l.i.u.tests.ApplicationFormsPageTest - Test 'testNavigateToAndReviewApplicationFormsPageTest' completed successfully.
2025-05-22 12:16:39 [main] INFO  lt.insoft.uztis.tests.UztisPageTest - Navigated to https://uztisdev.asseco.lt/home
2025-05-22 12:16:39 [main] INFO  l.i.u.tests.ApplicationFormsPageTest - Setup complete. ApplicationFormsPage initialized.
2025-05-22 12:16:39 [main] INFO  l.i.u.tests.ApplicationFormsPageTest - Starting test:'testEditAndSaveVuiApplication'
2025-05-22 12:16:39 [main] INFO  l.insoft.uztis.tests.utils.TestUtils - Login attempt with user: evaluation_chief
2025-05-22 12:16:39 [main] DEBUG l.i.u.tests.ApplicationFormsPageTest - User logged in with test credentials
2025-05-22 12:16:40 [main] DEBUG l.i.u.tests.ApplicationFormsPageTest - Opened 'Application Processing' menu.
2025-05-22 12:16:40 [main] DEBUG l.i.u.tests.ApplicationFormsPageTest - Clicked on 'Application Forms' menu.
2025-05-22 12:16:41 [main] DEBUG l.i.u.tests.ApplicationFormsPageTest - Selected the last application description.
2025-05-22 12:16:41 [main] DEBUG l.i.u.tests.ApplicationFormsPageTest - Clicked the 'Edit' button.
2025-05-22 12:16:41 [main] DEBUG l.i.u.tests.ApplicationFormsPageTest - Selected 'Municipality' radio button.
2025-05-22 12:16:41 [main] INFO  l.i.uztis.pages.ApplicationFormsPage - Located the dropdown button.
2025-05-22 12:16:42 [main] INFO  l.i.uztis.pages.ApplicationFormsPage - Successfully selected the value: 'Kauno departamentas'
2025-05-22 12:16:52 [main] ERROR l.i.uztis.pages.ApplicationFormsPage - Failed to close the dropdown with aria-expanded = 'false'.
2025-05-22 12:16:52 [main] DEBUG l.i.u.tests.ApplicationFormsPageTest - Selected a value from the 'Municipality' dropdown: 'Kauno departamentas'
2025-05-22 12:16:52 [main] DEBUG l.i.u.tests.ApplicationFormsPageTest - Selected 'Budget By Country' radio button.
2025-05-22 12:16:52 [main] DEBUG l.i.u.tests.ApplicationFormsPageTest - Selected 'Financed By Queue' radio button.
2025-05-22 12:16:52 [main] DEBUG l.i.u.tests.ApplicationFormsPageTest - Entered new application name: _paredaguota
2025-05-22 12:16:52 [main] DEBUG l.i.u.tests.ApplicationFormsPageTest - Clicked the 'Save' button.
2025-05-22 12:16:52 [main] DEBUG l.i.uztis.pages.ApplicationFormsPage - Verified success message: 'Duomenys sėkmingai išsaugoti.'
2025-05-22 12:16:52 [main] INFO  l.i.u.tests.ApplicationFormsPageTest - Verified success message
2025-05-22 12:16:52 [main] INFO  l.i.u.tests.ApplicationFormsPageTest - Test 'testEditAndSaveVuiApplication' completed successfully.
2025-05-22 12:17:38 [main] INFO  lt.insoft.uztis.tests.UztisPageTest - Navigated to https://uztisdev.asseco.lt/home
2025-05-22 12:17:38 [main] INFO  l.i.u.tests.ApplicationFormsPageTest - Setup complete. ApplicationFormsPage initialized.
2025-05-22 12:17:38 [main] INFO  l.i.u.tests.ApplicationFormsPageTest - Starting test:'testCreateNewVuiApplication'
2025-05-22 12:17:38 [main] INFO  l.insoft.uztis.tests.utils.TestUtils - Login attempt with user: evaluation_chief
2025-05-22 12:17:38 [main] DEBUG l.i.u.tests.ApplicationFormsPageTest - User logged in with test credentials
2025-05-22 12:17:39 [main] DEBUG l.i.u.tests.ApplicationFormsPageTest - Opened 'Application Processing' menu.
2025-05-22 12:17:39 [main] DEBUG l.i.u.tests.ApplicationFormsPageTest - Clicked on 'Application Forms' menu.
2025-05-22 12:17:39 [main] DEBUG l.i.u.tests.ApplicationFormsPageTest - Clicked to create a new application form.
2025-05-22 12:17:39 [main] DEBUG l.i.u.tests.ApplicationFormsPageTest - Entered random application code: TST-VUI-50
2025-05-22 12:17:39 [main] DEBUG l.i.u.tests.ApplicationFormsPageTest - Selected 'Section' radio button.
2025-05-22 12:17:39 [main] INFO  l.i.uztis.pages.ApplicationFormsPage - Located the dropdown button.
2025-05-22 12:17:40 [main] INFO  l.i.uztis.pages.ApplicationFormsPage - Successfully selected the value: 'Skyrius 1'
2025-05-22 12:17:50 [main] ERROR l.i.uztis.pages.ApplicationFormsPage - Failed to close the dropdown with aria-expanded = 'false'.
2025-05-22 12:17:50 [main] DEBUG l.i.u.tests.ApplicationFormsPageTest - Selected a value from the 'Section' dropdown: 'Skyrius 1'
2025-05-22 12:17:50 [main] DEBUG l.i.u.tests.ApplicationFormsPageTest - Selected 'Budget by Municipality' option.
2025-05-22 12:17:51 [main] DEBUG l.i.u.tests.ApplicationFormsPageTest - Selected 'Financed Without Queue' option.
2025-05-22 12:17:51 [main] DEBUG l.i.u.tests.ApplicationFormsPageTest - Clicked 'Add' button.
2025-05-22 12:17:51 [main] INFO  l.i.uztis.pages.ApplicationFormsPage - Located the dropdown button.
2025-05-22 12:17:52 [main] INFO  l.i.uztis.pages.ApplicationFormsPage - Successfully selected the value: 'VUI atitiktis URP'
2025-05-22 12:18:02 [main] ERROR l.i.uztis.pages.ApplicationFormsPage - Failed to close the dropdown with aria-expanded = 'false'.
2025-05-22 12:18:02 [main] DEBUG l.i.u.tests.ApplicationFormsPageTest - Selected a value from the 'EvaluationOne' dropdown: 'VUI atitiktis URP'
2025-05-22 12:18:02 [main] INFO  l.i.uztis.pages.ApplicationFormsPage - Located the dropdown button.
2025-05-22 12:18:03 [main] INFO  l.i.uztis.pages.ApplicationFormsPage - Successfully selected the value: 'VUI atitiktis kokybės kriterijams'
2025-05-22 12:18:13 [main] ERROR l.i.uztis.pages.ApplicationFormsPage - Failed to close the dropdown with aria-expanded = 'false'.
2025-05-22 12:18:13 [main] DEBUG l.i.u.tests.ApplicationFormsPageTest - Selected a value from the 'EvaluationTwon' dropdown: 'VUI atitiktis kokybės kriterijams'
2025-05-22 12:18:13 [main] INFO  l.i.uztis.pages.ApplicationFormsPage - Located the dropdown button.
2025-05-22 12:18:13 [main] INFO  l.i.uztis.pages.ApplicationFormsPage - Successfully selected the value: 'VUI gynimo vertinimo forma'
2025-05-22 12:18:24 [main] ERROR l.i.uztis.pages.ApplicationFormsPage - Failed to close the dropdown with aria-expanded = 'false'.
2025-05-22 12:18:24 [main] DEBUG l.i.u.tests.ApplicationFormsPageTest - Selected a value from the 'EvaluationThree' dropdown: 'VUI gynimo vertinimo forma'
2025-05-22 12:18:24 [main] DEBUG l.i.u.tests.ApplicationFormsPageTest - Clicked 'Plus' button.
2025-05-22 12:18:24 [main] DEBUG l.i.u.tests.ApplicationFormsPageTest - Clicked 'Add' button seven times.
2025-05-22 12:18:24 [main] INFO  l.i.uztis.pages.ApplicationFormsPage - Processing dropdown index: 0
2025-05-22 12:18:35 [main] ERROR l.i.uztis.pages.ApplicationFormsPage - Timeout while waiting for dropdown to close at index: 0 with aria-expanded = 'false'
2025-05-22 12:18:35 [main] INFO  l.i.uztis.pages.ApplicationFormsPage - Processing dropdown index: 1
2025-05-22 12:18:46 [main] ERROR l.i.uztis.pages.ApplicationFormsPage - Timeout while waiting for dropdown to close at index: 1 with aria-expanded = 'false'
2025-05-22 12:18:46 [main] INFO  l.i.uztis.pages.ApplicationFormsPage - Processing dropdown index: 2
2025-05-22 12:18:56 [main] ERROR l.i.uztis.pages.ApplicationFormsPage - Timeout while waiting for dropdown to close at index: 2 with aria-expanded = 'false'
2025-05-22 12:18:56 [main] INFO  l.i.uztis.pages.ApplicationFormsPage - Processing dropdown index: 3
2025-05-22 12:19:07 [main] ERROR l.i.uztis.pages.ApplicationFormsPage - Timeout while waiting for dropdown to close at index: 3 with aria-expanded = 'false'
2025-05-22 12:19:07 [main] INFO  l.i.uztis.pages.ApplicationFormsPage - Processing dropdown index: 4
2025-05-22 12:19:18 [main] ERROR l.i.uztis.pages.ApplicationFormsPage - Timeout while waiting for dropdown to close at index: 4 with aria-expanded = 'false'
2025-05-22 12:19:18 [main] INFO  l.i.uztis.pages.ApplicationFormsPage - Processing dropdown index: 5
2025-05-22 12:19:29 [main] ERROR l.i.uztis.pages.ApplicationFormsPage - Timeout while waiting for dropdown to close at index: 5 with aria-expanded = 'false'
2025-05-22 12:19:29 [main] INFO  l.i.uztis.pages.ApplicationFormsPage - Processing dropdown index: 6
2025-05-22 12:19:40 [main] ERROR l.i.uztis.pages.ApplicationFormsPage - Timeout while waiting for dropdown to close at index: 6 with aria-expanded = 'false'
2025-05-22 12:19:40 [main] INFO  l.i.uztis.pages.ApplicationFormsPage - Processing dropdown index: 7
2025-05-22 12:19:51 [main] ERROR l.i.uztis.pages.ApplicationFormsPage - Timeout while waiting for dropdown to close at index: 7 with aria-expanded = 'false'
2025-05-22 12:19:51 [main] INFO  l.i.uztis.pages.ApplicationFormsPage - Processing input field index: 0
2025-05-22 12:19:51 [main] INFO  l.i.uztis.pages.ApplicationFormsPage - Entered value '50' into field index: 0
2025-05-22 12:19:51 [main] INFO  l.i.uztis.pages.ApplicationFormsPage - Processing input field index: 1
2025-05-22 12:19:51 [main] INFO  l.i.uztis.pages.ApplicationFormsPage - Entered value '924' into field index: 1
2025-05-22 12:19:51 [main] INFO  l.i.uztis.pages.ApplicationFormsPage - Processing input field index: 2
2025-05-22 12:19:51 [main] INFO  l.i.uztis.pages.ApplicationFormsPage - Entered value '31' into field index: 2
2025-05-22 12:19:51 [main] INFO  l.i.uztis.pages.ApplicationFormsPage - Processing input field index: 3
2025-05-22 12:19:51 [main] INFO  l.i.uztis.pages.ApplicationFormsPage - Entered value '4.7' into field index: 3
2025-05-22 12:19:51 [main] INFO  l.i.uztis.pages.ApplicationFormsPage - Processing input field index: 4
2025-05-22 12:19:51 [main] INFO  l.i.uztis.pages.ApplicationFormsPage - Entered value '35' into field index: 4
2025-05-22 12:19:51 [main] INFO  l.i.uztis.pages.ApplicationFormsPage - Processing input field index: 5
2025-05-22 12:19:51 [main] INFO  l.i.uztis.pages.ApplicationFormsPage - Entered value '20' into field index: 5
2025-05-22 12:19:51 [main] INFO  l.i.uztis.pages.ApplicationFormsPage - Processing input field index: 6
2025-05-22 12:19:52 [main] INFO  l.i.uztis.pages.ApplicationFormsPage - Entered value '30' into field index: 6
2025-05-22 12:19:52 [main] INFO  l.i.uztis.pages.ApplicationFormsPage - Processing input field index: 7
2025-05-22 12:19:52 [main] INFO  l.i.uztis.pages.ApplicationFormsPage - Entered value '60' into field index: 7
2025-05-22 12:19:52 [main] DEBUG l.i.u.tests.ApplicationFormsPageTest - Entered additional values and text.
2025-05-22 12:19:52 [main] DEBUG l.i.u.tests.ApplicationFormsPageTest - Entered application name: VUI paraiška
2025-05-22 12:19:52 [main] DEBUG l.i.u.tests.ApplicationFormsPageTest - Clicked the 'Save' button.
2025-05-22 12:19:52 [main] DEBUG l.i.uztis.pages.ApplicationFormsPage - Verified success message: 'Duomenys sėkmingai išsaugoti.'
2025-05-22 12:19:52 [main] INFO  l.i.u.tests.ApplicationFormsPageTest - Verified success message
2025-05-22 12:19:52 [main] INFO  l.i.u.tests.ApplicationFormsPageTest - Verified that the 'Save Form' button is displayed.
2025-05-22 12:19:52 [main] INFO  l.i.u.tests.ApplicationFormsPageTest - Test 'testCreateNewVuiApplication' completed successfully.
2025-05-22 12:20:41 [main] INFO  lt.insoft.uztis.tests.UztisPageTest - Navigated to https://uztisdev.asseco.lt/home
2025-05-22 12:20:41 [main] INFO  l.i.u.tests.ApplicationFormsPageTest - Setup complete. ApplicationFormsPage initialized.
2025-05-22 12:20:41 [main] INFO  l.i.u.tests.ApplicationFormsPageTest - Starting test:'testEditAndSaveVuiApplication'
2025-05-22 12:20:42 [main] INFO  l.insoft.uztis.tests.utils.TestUtils - Login attempt with user: evaluation_chief
2025-05-22 12:20:42 [main] DEBUG l.i.u.tests.ApplicationFormsPageTest - User logged in with test credentials
2025-05-22 12:20:42 [main] DEBUG l.i.u.tests.ApplicationFormsPageTest - Opened 'Application Processing' menu.
2025-05-22 12:20:42 [main] DEBUG l.i.u.tests.ApplicationFormsPageTest - Clicked on 'Application Forms' menu.
2025-05-22 12:20:43 [main] DEBUG l.i.u.tests.ApplicationFormsPageTest - Selected the last application description.
2025-05-22 12:20:43 [main] DEBUG l.i.u.tests.ApplicationFormsPageTest - Clicked the 'Edit' button.
2025-05-22 12:20:43 [main] DEBUG l.i.u.tests.ApplicationFormsPageTest - Selected 'Municipality' radio button.
2025-05-22 12:20:43 [main] INFO  l.i.uztis.pages.ApplicationFormsPage - Located the dropdown button.
2025-05-22 12:20:44 [main] INFO  l.i.uztis.pages.ApplicationFormsPage - Successfully selected the value: 'Kauno departamentas'
2025-05-22 12:20:54 [main] ERROR l.i.uztis.pages.ApplicationFormsPage - Failed to close the dropdown with aria-expanded = 'false'.
2025-05-22 12:20:54 [main] DEBUG l.i.u.tests.ApplicationFormsPageTest - Selected a value from the 'Municipality' dropdown: 'Kauno departamentas'
2025-05-22 12:20:54 [main] DEBUG l.i.u.tests.ApplicationFormsPageTest - Selected 'Budget By Country' radio button.
2025-05-22 12:20:54 [main] DEBUG l.i.u.tests.ApplicationFormsPageTest - Selected 'Financed By Queue' radio button.
2025-05-22 12:20:55 [main] DEBUG l.i.u.tests.ApplicationFormsPageTest - Entered new application name: _paredaguota
2025-05-22 12:20:55 [main] DEBUG l.i.u.tests.ApplicationFormsPageTest - Clicked the 'Save' button.
2025-05-22 12:20:55 [main] DEBUG l.i.uztis.pages.ApplicationFormsPage - Verified success message: 'Duomenys sėkmingai išsaugoti.'
2025-05-22 12:20:55 [main] INFO  l.i.u.tests.ApplicationFormsPageTest - Verified success message
2025-05-22 12:20:55 [main] INFO  l.i.u.tests.ApplicationFormsPageTest - Test 'testEditAndSaveVuiApplication' completed successfully.
2025-05-22 12:21:21 [main] INFO  lt.insoft.uztis.tests.UztisPageTest - Navigated to https://uztisdev.asseco.lt/home
2025-05-22 12:21:21 [main] INFO  l.i.u.tests.ApplicationFormsPageTest - Setup complete. ApplicationFormsPage initialized.
2025-05-22 12:21:21 [main] INFO  l.i.u.tests.ApplicationFormsPageTest - Starting test:'testAddContractVUI'
2025-05-22 12:21:21 [main] INFO  l.insoft.uztis.tests.utils.TestUtils - Login attempt with user: evaluation_chief
2025-05-22 12:21:21 [main] DEBUG l.i.u.tests.ApplicationFormsPageTest - User logged in with test credentials
2025-05-22 12:21:22 [main] DEBUG l.i.u.tests.ApplicationFormsPageTest - Opened 'Application Processing' menu.
2025-05-22 12:21:22 [main] DEBUG l.i.u.tests.ApplicationFormsPageTest - Clicked on 'Application Forms' menu.
2025-05-22 12:21:23 [main] DEBUG l.i.u.tests.ApplicationFormsPageTest - Selected the last application description.
2025-05-22 12:21:23 [main] DEBUG l.i.u.tests.ApplicationFormsPageTest - Clicked 'Project Progress' tab.
2025-05-22 12:21:23 [main] DEBUG l.i.u.tests.ApplicationFormsPageTest - Clicked the 'Edit' button.
2025-05-22 12:21:23 [main] INFO  l.i.uztis.pages.ApplicationFormsPage - Opening the dropdown.
2025-05-22 12:21:28 [main] INFO  l.i.uztis.pages.ApplicationFormsPage - Selected the value: 'Vietinių užimtumo iniciatyvų projekto įgyvendinimo ir finansavimo sutartis'
2025-05-22 12:21:38 [main] ERROR l.i.uztis.pages.ApplicationFormsPage - Dropdown did not close as expected.
2025-05-22 12:21:38 [main] DEBUG l.i.u.tests.ApplicationFormsPageTest - Selected a value from the 'Document' dropdown: 'Vietinių užimtumo iniciatyvų projekto įgyvendinimo ir finansavimo sutartis'
2025-05-22 12:21:38 [main] INFO  l.i.uztis.pages.ApplicationFormsPage - Opening the dropdown.
2025-05-22 12:21:42 [main] INFO  l.i.uztis.pages.ApplicationFormsPage - Selected the value: 'Sprendimas dėl išmokos'
2025-05-22 12:21:52 [main] ERROR l.i.uztis.pages.ApplicationFormsPage - Dropdown did not close as expected.
2025-05-22 12:21:52 [main] DEBUG l.i.u.tests.ApplicationFormsPageTest - Selected a value from the 'Document' dropdown: 'Sprendimas dėl išmokos'
2025-05-22 12:21:52 [main] INFO  l.i.uztis.pages.ApplicationFormsPage - Opening the dropdown.
2025-05-22 12:21:56 [main] INFO  l.i.uztis.pages.ApplicationFormsPage - Selected the value: 'Sprendimas dėl išmokos'
2025-05-22 12:22:06 [main] ERROR l.i.uztis.pages.ApplicationFormsPage - Dropdown did not close as expected.
2025-05-22 12:22:06 [main] DEBUG l.i.u.tests.ApplicationFormsPageTest - Selected a value from the 'Document' dropdown: 'Sprendimas dėl išmokos'
2025-05-22 12:22:06 [main] DEBUG l.i.u.tests.ApplicationFormsPageTest - Clicked the 'Save' button.
2025-05-22 12:22:07 [main] ERROR l.i.uztis.pages.ApplicationFormsPage - Failed to verify the success message: 'Funkcija sėkmingai atlikta.'. Available messages: [Duomenys sėkmingai išsaugoti.]
2025-05-22 12:22:07 [main] INFO  l.i.u.tests.ApplicationFormsPageTest - Verified success message
2025-05-22 12:22:07 [main] INFO  l.i.u.tests.ApplicationFormsPageTest - Test 'testAddContractVUI' completed successfully.
2025-05-22 13:04:17 [main] INFO  lt.insoft.uztis.tests.UztisPageTest - Navigated to https://uztisdev.asseco.lt/home
2025-05-22 13:04:17 [main] INFO  l.i.u.tests.ApplicationFormsPageTest - Setup complete. ApplicationFormsPage initialized.
2025-05-22 13:04:17 [main] INFO  l.i.u.tests.ApplicationFormsPageTest - Starting test:'testCreateNewVuiApplication'
2025-05-22 13:04:17 [main] INFO  l.insoft.uztis.tests.utils.TestUtils - Login attempt with user: evaluation_chief
2025-05-22 13:04:17 [main] DEBUG l.i.u.tests.ApplicationFormsPageTest - User logged in with test credentials
2025-05-22 13:04:19 [main] ERROR l.i.u.tests.ApplicationFormsPageTest - Test 'testCreateNewVuiApplication' failed with error: element click intercepted: Element <span _ngcontent-ng-c1289871065="" class="routerItemText">...</span> is not clickable at point (181, 771). Other element would receive the click: <span _ngcontent-ng-c1289871065="" class="fatherExpansionPanelText level-0">...</span>
  (Session info: chrome=136.0.7103.114)
Build info: version: '4.27.0', revision: 'd6e718d134'
System info: os.name: 'Windows 11', os.arch: 'amd64', os.version: '10.0', java.version: '21.0.3'
Driver info: org.openqa.selenium.chrome.ChromeDriver
Command: [1929269fa5b243178d23d31b5c19c899, clickElement {id=f.8CD24F06A9BC4F1328B75C27075123D6.d.BADC81C8DB9CD38A883A3AEF0FDA8207.e.21}]
Capabilities {acceptInsecureCerts: false, browserName: chrome, browserVersion: 136.0.7103.114, chrome: {chromedriverVersion: 136.0.7103.113 (76fa3c17824..., userDataDir: C:\Users\INGRID~1.ZAD\AppDa...}, fedcm:accounts: true, goog:chromeOptions: {debuggerAddress: localhost:51437}, networkConnectionEnabled: false, pageLoadStrategy: normal, platformName: windows, proxy: Proxy(), se:cdp: ws://localhost:51437/devtoo..., se:cdpVersion: 136.0.7103.114, setWindowRect: true, strictFileInteractability: false, timeouts: {implicit: 0, pageLoad: 300000, script: 30000}, unhandledPromptBehavior: dismiss and notify, webauthn:extension:credBlob: true, webauthn:extension:largeBlob: true, webauthn:extension:minPinLength: true, webauthn:extension:prf: true, webauthn:virtualAuthenticators: true}
Element: [[ChromeDriver: chrome on windows (1929269fa5b243178d23d31b5c19c899)] -> xpath: //span[text()='Daugiau']]
Session ID: 1929269fa5b243178d23d31b5c19c899
org.openqa.selenium.ElementClickInterceptedException: element click intercepted: Element <span _ngcontent-ng-c1289871065="" class="routerItemText">...</span> is not clickable at point (181, 771). Other element would receive the click: <span _ngcontent-ng-c1289871065="" class="fatherExpansionPanelText level-0">...</span>
  (Session info: chrome=136.0.7103.114)
Build info: version: '4.27.0', revision: 'd6e718d134'
System info: os.name: 'Windows 11', os.arch: 'amd64', os.version: '10.0', java.version: '21.0.3'
Driver info: org.openqa.selenium.chrome.ChromeDriver
Command: [1929269fa5b243178d23d31b5c19c899, clickElement {id=f.8CD24F06A9BC4F1328B75C27075123D6.d.BADC81C8DB9CD38A883A3AEF0FDA8207.e.21}]
Capabilities {acceptInsecureCerts: false, browserName: chrome, browserVersion: 136.0.7103.114, chrome: {chromedriverVersion: 136.0.7103.113 (76fa3c17824..., userDataDir: C:\Users\INGRID~1.ZAD\AppDa...}, fedcm:accounts: true, goog:chromeOptions: {debuggerAddress: localhost:51437}, networkConnectionEnabled: false, pageLoadStrategy: normal, platformName: windows, proxy: Proxy(), se:cdp: ws://localhost:51437/devtoo..., se:cdpVersion: 136.0.7103.114, setWindowRect: true, strictFileInteractability: false, timeouts: {implicit: 0, pageLoad: 300000, script: 30000}, unhandledPromptBehavior: dismiss and notify, webauthn:extension:credBlob: true, webauthn:extension:largeBlob: true, webauthn:extension:minPinLength: true, webauthn:extension:prf: true, webauthn:virtualAuthenticators: true}
Element: [[ChromeDriver: chrome on windows (1929269fa5b243178d23d31b5c19c899)] -> xpath: //span[text()='Daugiau']]
Session ID: 1929269fa5b243178d23d31b5c19c899
	at java.base/jdk.internal.reflect.DirectConstructorHandleAccessor.newInstance(DirectConstructorHandleAccessor.java:62)
	at java.base/java.lang.reflect.Constructor.newInstanceWithCaller(Constructor.java:502)
	at java.base/java.lang.reflect.Constructor.newInstance(Constructor.java:486)
	at org.openqa.selenium.remote.ErrorCodec.decode(ErrorCodec.java:167)
	at org.openqa.selenium.remote.codec.w3c.W3CHttpResponseCodec.decode(W3CHttpResponseCodec.java:138)
	at org.openqa.selenium.remote.codec.w3c.W3CHttpResponseCodec.decode(W3CHttpResponseCodec.java:50)
	at org.openqa.selenium.remote.HttpCommandExecutor.execute(HttpCommandExecutor.java:190)
	at org.openqa.selenium.remote.service.DriverCommandExecutor.invokeExecute(DriverCommandExecutor.java:216)
	at org.openqa.selenium.remote.service.DriverCommandExecutor.execute(DriverCommandExecutor.java:174)
	at org.openqa.selenium.remote.RemoteWebDriver.execute(RemoteWebDriver.java:545)
	at org.openqa.selenium.remote.RemoteWebElement.execute(RemoteWebElement.java:223)
	at org.openqa.selenium.remote.RemoteWebElement.click(RemoteWebElement.java:76)
	at java.base/jdk.internal.reflect.DirectMethodHandleAccessor.invoke(DirectMethodHandleAccessor.java:103)
	at java.base/java.lang.reflect.Method.invoke(Method.java:580)
	at org.openqa.selenium.support.pagefactory.internal.LocatingElementHandler.invoke(LocatingElementHandler.java:51)
	at jdk.proxy2/jdk.proxy2.$Proxy14.click(Unknown Source)
	at lt.insoft.uztis.pages.ApplicationFormsPage.clickMenuMore(ApplicationFormsPage.java:313)
	at lt.insoft.uztis.tests.ApplicationFormsPageTest.navigateToApplicationFormsMenu(ApplicationFormsPageTest.java:22)
	at lt.insoft.uztis.tests.ApplicationFormsPageTest.testCreateNewVuiApplication(ApplicationFormsPageTest.java:102)
	at java.base/jdk.internal.reflect.DirectMethodHandleAccessor.invoke(DirectMethodHandleAccessor.java:103)
	at java.base/java.lang.reflect.Method.invoke(Method.java:580)
	at org.junit.platform.commons.util.ReflectionUtils.invokeMethod(ReflectionUtils.java:728)
	at org.junit.jupiter.engine.execution.MethodInvocation.proceed(MethodInvocation.java:60)
	at org.junit.jupiter.engine.execution.InvocationInterceptorChain$ValidatingInvocation.proceed(InvocationInterceptorChain.java:131)
	at org.junit.jupiter.engine.extension.TimeoutExtension.intercept(TimeoutExtension.java:156)
	at org.junit.jupiter.engine.extension.TimeoutExtension.interceptTestableMethod(TimeoutExtension.java:147)
	at org.junit.jupiter.engine.extension.TimeoutExtension.interceptTestMethod(TimeoutExtension.java:86)
	at org.junit.jupiter.engine.execution.InterceptingExecutableInvoker$ReflectiveInterceptorCall.lambda$ofVoidMethod$0(InterceptingExecutableInvoker.java:103)
	at org.junit.jupiter.engine.execution.InterceptingExecutableInvoker.lambda$invoke$0(InterceptingExecutableInvoker.java:93)
	at org.junit.jupiter.engine.execution.InvocationInterceptorChain$InterceptedInvocation.proceed(InvocationInterceptorChain.java:106)
	at org.junit.jupiter.engine.execution.InvocationInterceptorChain.proceed(InvocationInterceptorChain.java:64)
	at org.junit.jupiter.engine.execution.InvocationInterceptorChain.chainAndInvoke(InvocationInterceptorChain.java:45)
	at org.junit.jupiter.engine.execution.InvocationInterceptorChain.invoke(InvocationInterceptorChain.java:37)
	at org.junit.jupiter.engine.execution.InterceptingExecutableInvoker.invoke(InterceptingExecutableInvoker.java:92)
	at org.junit.jupiter.engine.execution.InterceptingExecutableInvoker.invoke(InterceptingExecutableInvoker.java:86)
	at org.junit.jupiter.engine.descriptor.TestMethodTestDescriptor.lambda$invokeTestMethod$7(TestMethodTestDescriptor.java:218)
	at org.junit.platform.engine.support.hierarchical.ThrowableCollector.execute(ThrowableCollector.java:73)
	at org.junit.jupiter.engine.descriptor.TestMethodTestDescriptor.invokeTestMethod(TestMethodTestDescriptor.java:214)
	at org.junit.jupiter.engine.descriptor.TestMethodTestDescriptor.execute(TestMethodTestDescriptor.java:139)
	at org.junit.jupiter.engine.descriptor.TestMethodTestDescriptor.execute(TestMethodTestDescriptor.java:69)
	at org.junit.platform.engine.support.hierarchical.NodeTestTask.lambda$executeRecursively$6(NodeTestTask.java:151)
	at org.junit.platform.engine.support.hierarchical.ThrowableCollector.execute(ThrowableCollector.java:73)
	at org.junit.platform.engine.support.hierarchical.NodeTestTask.lambda$executeRecursively$8(NodeTestTask.java:141)
	at org.junit.platform.engine.support.hierarchical.Node.around(Node.java:137)
	at org.junit.platform.engine.support.hierarchical.NodeTestTask.lambda$executeRecursively$9(NodeTestTask.java:139)
	at org.junit.platform.engine.support.hierarchical.ThrowableCollector.execute(ThrowableCollector.java:73)
	at org.junit.platform.engine.support.hierarchical.NodeTestTask.executeRecursively(NodeTestTask.java:138)
	at org.junit.platform.engine.support.hierarchical.NodeTestTask.execute(NodeTestTask.java:95)
	at java.base/java.util.ArrayList.forEach(ArrayList.java:1596)
	at org.junit.platform.engine.support.hierarchical.SameThreadHierarchicalTestExecutorService.invokeAll(SameThreadHierarchicalTestExecutorService.java:41)
	at org.junit.platform.engine.support.hierarchical.NodeTestTask.lambda$executeRecursively$6(NodeTestTask.java:155)
	at org.junit.platform.engine.support.hierarchical.ThrowableCollector.execute(ThrowableCollector.java:73)
	at org.junit.platform.engine.support.hierarchical.NodeTestTask.lambda$executeRecursively$8(NodeTestTask.java:141)
	at org.junit.platform.engine.support.hierarchical.Node.around(Node.java:137)
	at org.junit.platform.engine.support.hierarchical.NodeTestTask.lambda$executeRecursively$9(NodeTestTask.java:139)
	at org.junit.platform.engine.support.hierarchical.ThrowableCollector.execute(ThrowableCollector.java:73)
	at org.junit.platform.engine.support.hierarchical.NodeTestTask.executeRecursively(NodeTestTask.java:138)
	at org.junit.platform.engine.support.hierarchical.NodeTestTask.execute(NodeTestTask.java:95)
	at java.base/java.util.ArrayList.forEach(ArrayList.java:1596)
	at org.junit.platform.engine.support.hierarchical.SameThreadHierarchicalTestExecutorService.invokeAll(SameThreadHierarchicalTestExecutorService.java:41)
	at org.junit.platform.engine.support.hierarchical.NodeTestTask.lambda$executeRecursively$6(NodeTestTask.java:155)
	at org.junit.platform.engine.support.hierarchical.ThrowableCollector.execute(ThrowableCollector.java:73)
	at org.junit.platform.engine.support.hierarchical.NodeTestTask.lambda$executeRecursively$8(NodeTestTask.java:141)
	at org.junit.platform.engine.support.hierarchical.Node.around(Node.java:137)
	at org.junit.platform.engine.support.hierarchical.NodeTestTask.lambda$executeRecursively$9(NodeTestTask.java:139)
	at org.junit.platform.engine.support.hierarchical.ThrowableCollector.execute(ThrowableCollector.java:73)
	at org.junit.platform.engine.support.hierarchical.NodeTestTask.executeRecursively(NodeTestTask.java:138)
	at org.junit.platform.engine.support.hierarchical.NodeTestTask.execute(NodeTestTask.java:95)
	at org.junit.platform.engine.support.hierarchical.SameThreadHierarchicalTestExecutorService.submit(SameThreadHierarchicalTestExecutorService.java:35)
	at org.junit.platform.engine.support.hierarchical.HierarchicalTestExecutor.execute(HierarchicalTestExecutor.java:57)
	at org.junit.platform.engine.support.hierarchical.HierarchicalTestEngine.execute(HierarchicalTestEngine.java:54)
	at org.junit.platform.launcher.core.EngineExecutionOrchestrator.execute(EngineExecutionOrchestrator.java:198)
	at org.junit.platform.launcher.core.EngineExecutionOrchestrator.execute(EngineExecutionOrchestrator.java:169)
	at org.junit.platform.launcher.core.EngineExecutionOrchestrator.execute(EngineExecutionOrchestrator.java:93)
	at org.junit.platform.launcher.core.EngineExecutionOrchestrator.lambda$execute$0(EngineExecutionOrchestrator.java:58)
	at org.junit.platform.launcher.core.EngineExecutionOrchestrator.withInterceptedStreams(EngineExecutionOrchestrator.java:141)
	at org.junit.platform.launcher.core.EngineExecutionOrchestrator.execute(EngineExecutionOrchestrator.java:57)
	at org.junit.platform.launcher.core.DefaultLauncher.execute(DefaultLauncher.java:103)
	at org.junit.platform.launcher.core.DefaultLauncher.execute(DefaultLauncher.java:85)
	at org.junit.platform.launcher.core.DelegatingLauncher.execute(DelegatingLauncher.java:47)
	at org.junit.platform.launcher.core.SessionPerRequestLauncher.execute(SessionPerRequestLauncher.java:63)
	at com.intellij.junit5.JUnit5IdeaTestRunner.startRunnerWithArgs(JUnit5IdeaTestRunner.java:57)
	at com.intellij.rt.junit.IdeaTestRunner$Repeater$1.execute(IdeaTestRunner.java:38)
	at com.intellij.rt.execution.junit.TestsRepeater.repeat(TestsRepeater.java:11)
	at com.intellij.rt.junit.IdeaTestRunner$Repeater.startRunnerWithArgs(IdeaTestRunner.java:35)
	at com.intellij.rt.junit.JUnitStarter.prepareStreamsAndStart(JUnitStarter.java:232)
	at com.intellij.rt.junit.JUnitStarter.main(JUnitStarter.java:55)
2025-05-22 13:04:19 [main] INFO  l.insoft.uztis.tests.utils.TestUtils - Screenshot moved to C:\Users\ingrida.zadorozniene\Desktop\Asm\UZTIS\UZTIS_tests\test-output\screenshots\20250522\130419629_testCreateNewVuiApplication().png
2025-05-22 13:04:32 [main] INFO  lt.insoft.uztis.tests.UztisPageTest - Navigated to https://uztisdev.asseco.lt/home
2025-05-22 13:04:32 [main] INFO  l.i.u.tests.ApplicationFormsPageTest - Setup complete. ApplicationFormsPage initialized.
2025-05-22 13:04:32 [main] INFO  l.i.u.tests.ApplicationFormsPageTest - Starting test:'testCreateNewVuiApplication'
2025-05-22 13:04:33 [main] INFO  l.insoft.uztis.tests.utils.TestUtils - Login attempt with user: evaluation_chief
2025-05-22 13:04:33 [main] DEBUG l.i.u.tests.ApplicationFormsPageTest - User logged in with test credentials
2025-05-22 13:04:33 [main] DEBUG l.i.u.tests.ApplicationFormsPageTest - Opened 'Application Processing' menu.
2025-05-22 13:04:33 [main] DEBUG l.i.u.tests.ApplicationFormsPageTest - Clicked on 'Application Forms' menu.
2025-05-22 13:04:34 [main] DEBUG l.i.u.tests.ApplicationFormsPageTest - Clicked to create a new application form.
2025-05-22 13:04:34 [main] DEBUG l.i.u.tests.ApplicationFormsPageTest - Entered random application code: TST-VUI-56
2025-05-22 13:04:34 [main] DEBUG l.i.u.tests.ApplicationFormsPageTest - Selected 'Section' radio button.
2025-05-22 13:04:34 [main] INFO  l.i.uztis.pages.ApplicationFormsPage - Located the dropdown button.
2025-05-22 13:04:35 [main] INFO  l.i.uztis.pages.ApplicationFormsPage - Successfully selected the value: 'Skyrius 1'
2025-05-22 13:04:45 [main] ERROR l.i.uztis.pages.ApplicationFormsPage - Failed to close the dropdown with aria-expanded = 'false'.
2025-05-22 13:04:45 [main] DEBUG l.i.u.tests.ApplicationFormsPageTest - Selected a value from the 'Section' dropdown: 'Skyrius 1'
2025-05-22 13:04:45 [main] DEBUG l.i.u.tests.ApplicationFormsPageTest - Selected 'Budget by Municipality' option.
2025-05-22 13:04:45 [main] DEBUG l.i.u.tests.ApplicationFormsPageTest - Selected 'Financed Without Queue' option.
2025-05-22 13:04:45 [main] DEBUG l.i.u.tests.ApplicationFormsPageTest - Clicked 'Add' button.
2025-05-22 13:04:45 [main] INFO  l.i.uztis.pages.ApplicationFormsPage - Located the dropdown button.
2025-05-22 13:04:46 [main] INFO  l.i.uztis.pages.ApplicationFormsPage - Successfully selected the value: 'VUI atitiktis URP'
2025-05-22 13:04:57 [main] ERROR l.i.uztis.pages.ApplicationFormsPage - Failed to close the dropdown with aria-expanded = 'false'.
2025-05-22 13:04:57 [main] DEBUG l.i.u.tests.ApplicationFormsPageTest - Selected a value from the 'EvaluationOne' dropdown: 'VUI atitiktis URP'
2025-05-22 13:04:57 [main] INFO  l.i.uztis.pages.ApplicationFormsPage - Located the dropdown button.
2025-05-22 13:04:57 [main] INFO  l.i.uztis.pages.ApplicationFormsPage - Successfully selected the value: 'VUI atitiktis kokybės kriterijams'
2025-05-22 13:05:08 [main] ERROR l.i.uztis.pages.ApplicationFormsPage - Failed to close the dropdown with aria-expanded = 'false'.
2025-05-22 13:05:08 [main] DEBUG l.i.u.tests.ApplicationFormsPageTest - Selected a value from the 'EvaluationTwon' dropdown: 'VUI atitiktis kokybės kriterijams'
2025-05-22 13:05:08 [main] INFO  l.i.uztis.pages.ApplicationFormsPage - Located the dropdown button.
2025-05-22 13:05:08 [main] INFO  l.i.uztis.pages.ApplicationFormsPage - Successfully selected the value: 'VUI gynimo vertinimo forma'
2025-05-22 13:05:18 [main] ERROR l.i.uztis.pages.ApplicationFormsPage - Failed to close the dropdown with aria-expanded = 'false'.
2025-05-22 13:05:18 [main] DEBUG l.i.u.tests.ApplicationFormsPageTest - Selected a value from the 'EvaluationThree' dropdown: 'VUI gynimo vertinimo forma'
2025-05-22 13:05:18 [main] DEBUG l.i.u.tests.ApplicationFormsPageTest - Clicked 'Plus' button.
2025-05-22 13:05:19 [main] DEBUG l.i.u.tests.ApplicationFormsPageTest - Clicked 'Add' button seven times.
2025-05-22 13:05:19 [main] INFO  l.i.uztis.pages.ApplicationFormsPage - Processing dropdown index: 0
2025-05-22 13:05:29 [main] ERROR l.i.uztis.pages.ApplicationFormsPage - Timeout while waiting for dropdown to close at index: 0 with aria-expanded = 'false'
2025-05-22 13:05:29 [main] INFO  l.i.uztis.pages.ApplicationFormsPage - Processing dropdown index: 1
2025-05-22 13:05:40 [main] ERROR l.i.uztis.pages.ApplicationFormsPage - Timeout while waiting for dropdown to close at index: 1 with aria-expanded = 'false'
2025-05-22 13:05:40 [main] INFO  l.i.uztis.pages.ApplicationFormsPage - Processing dropdown index: 2
2025-05-22 13:05:50 [main] ERROR l.i.uztis.pages.ApplicationFormsPage - Timeout while waiting for dropdown to close at index: 2 with aria-expanded = 'false'
2025-05-22 13:05:50 [main] INFO  l.i.uztis.pages.ApplicationFormsPage - Processing dropdown index: 3
2025-05-22 13:06:02 [main] ERROR l.i.uztis.pages.ApplicationFormsPage - Timeout while waiting for dropdown to close at index: 3 with aria-expanded = 'false'
2025-05-22 13:06:02 [main] INFO  l.i.uztis.pages.ApplicationFormsPage - Processing dropdown index: 4
2025-05-22 13:06:12 [main] ERROR l.i.uztis.pages.ApplicationFormsPage - Timeout while waiting for dropdown to close at index: 4 with aria-expanded = 'false'
2025-05-22 13:06:12 [main] INFO  l.i.uztis.pages.ApplicationFormsPage - Processing dropdown index: 5
2025-05-22 13:06:23 [main] ERROR l.i.uztis.pages.ApplicationFormsPage - Timeout while waiting for dropdown to close at index: 5 with aria-expanded = 'false'
2025-05-22 13:06:23 [main] INFO  l.i.uztis.pages.ApplicationFormsPage - Processing dropdown index: 6
2025-05-22 13:06:34 [main] ERROR l.i.uztis.pages.ApplicationFormsPage - Timeout while waiting for dropdown to close at index: 6 with aria-expanded = 'false'
2025-05-22 13:06:34 [main] INFO  l.i.uztis.pages.ApplicationFormsPage - Processing dropdown index: 7
2025-05-22 13:06:44 [main] ERROR l.i.uztis.pages.ApplicationFormsPage - Timeout while waiting for dropdown to close at index: 7 with aria-expanded = 'false'
2025-05-22 13:06:44 [main] INFO  l.i.uztis.pages.ApplicationFormsPage - Processing input field index: 0
2025-05-22 13:06:45 [main] INFO  l.i.uztis.pages.ApplicationFormsPage - Entered value '50' into field index: 0
2025-05-22 13:06:45 [main] INFO  l.i.uztis.pages.ApplicationFormsPage - Processing input field index: 1
2025-05-22 13:06:45 [main] INFO  l.i.uztis.pages.ApplicationFormsPage - Entered value '924' into field index: 1
2025-05-22 13:06:45 [main] INFO  l.i.uztis.pages.ApplicationFormsPage - Processing input field index: 2
2025-05-22 13:06:45 [main] INFO  l.i.uztis.pages.ApplicationFormsPage - Entered value '31' into field index: 2
2025-05-22 13:06:45 [main] INFO  l.i.uztis.pages.ApplicationFormsPage - Processing input field index: 3
2025-05-22 13:06:45 [main] INFO  l.i.uztis.pages.ApplicationFormsPage - Entered value '4.7' into field index: 3
2025-05-22 13:06:45 [main] INFO  l.i.uztis.pages.ApplicationFormsPage - Processing input field index: 4
2025-05-22 13:06:45 [main] INFO  l.i.uztis.pages.ApplicationFormsPage - Entered value '35' into field index: 4
2025-05-22 13:06:45 [main] INFO  l.i.uztis.pages.ApplicationFormsPage - Processing input field index: 5
2025-05-22 13:06:45 [main] INFO  l.i.uztis.pages.ApplicationFormsPage - Entered value '20' into field index: 5
2025-05-22 13:06:45 [main] INFO  l.i.uztis.pages.ApplicationFormsPage - Processing input field index: 6
2025-05-22 13:06:45 [main] INFO  l.i.uztis.pages.ApplicationFormsPage - Entered value '30' into field index: 6
2025-05-22 13:06:45 [main] INFO  l.i.uztis.pages.ApplicationFormsPage - Processing input field index: 7
2025-05-22 13:06:45 [main] INFO  l.i.uztis.pages.ApplicationFormsPage - Entered value '60' into field index: 7
2025-05-22 13:06:45 [main] DEBUG l.i.u.tests.ApplicationFormsPageTest - Entered additional values and text.
2025-05-22 13:06:46 [main] DEBUG l.i.u.tests.ApplicationFormsPageTest - Entered application name: VUI paraiška
2025-05-22 13:06:46 [main] DEBUG l.i.u.tests.ApplicationFormsPageTest - Clicked the 'Save' button.
2025-05-22 13:06:46 [main] DEBUG l.i.uztis.pages.ApplicationFormsPage - Verified success message: 'Duomenys sėkmingai išsaugoti.'
2025-05-22 13:06:46 [main] INFO  l.i.u.tests.ApplicationFormsPageTest - Verified success message
2025-05-22 13:06:46 [main] INFO  l.i.u.tests.ApplicationFormsPageTest - Verified that the 'Save Form' button is displayed.
2025-05-22 13:06:46 [main] INFO  l.i.u.tests.ApplicationFormsPageTest - Test 'testCreateNewVuiApplication' completed successfully.
2025-05-22 13:07:31 [main] INFO  lt.insoft.uztis.tests.UztisPageTest - Navigated to https://uztisdev.asseco.lt/home
2025-05-22 13:07:31 [main] INFO  l.i.u.tests.ApplicationFormsPageTest - Setup complete. ApplicationFormsPage initialized.
2025-05-22 13:07:31 [main] INFO  l.i.u.tests.ApplicationFormsPageTest - Starting test:'testEditAndSaveVuiApplication'
2025-05-22 13:07:31 [main] INFO  l.insoft.uztis.tests.utils.TestUtils - Login attempt with user: evaluation_chief
2025-05-22 13:07:31 [main] DEBUG l.i.u.tests.ApplicationFormsPageTest - User logged in with test credentials
2025-05-22 13:07:32 [main] DEBUG l.i.u.tests.ApplicationFormsPageTest - Opened 'Application Processing' menu.
2025-05-22 13:07:32 [main] DEBUG l.i.u.tests.ApplicationFormsPageTest - Clicked on 'Application Forms' menu.
2025-05-22 13:07:33 [main] DEBUG l.i.u.tests.ApplicationFormsPageTest - Selected the last application description.
2025-05-22 13:07:33 [main] DEBUG l.i.u.tests.ApplicationFormsPageTest - Clicked the 'Edit' button.
2025-05-22 13:07:34 [main] DEBUG l.i.u.tests.ApplicationFormsPageTest - Selected 'Municipality' radio button.
2025-05-22 13:07:34 [main] INFO  l.i.uztis.pages.ApplicationFormsPage - Located the dropdown button.
2025-05-22 13:07:34 [main] INFO  l.i.uztis.pages.ApplicationFormsPage - Successfully selected the value: 'Kauno departamentas'
2025-05-22 13:07:44 [main] ERROR l.i.uztis.pages.ApplicationFormsPage - Failed to close the dropdown with aria-expanded = 'false'.
2025-05-22 13:07:44 [main] DEBUG l.i.u.tests.ApplicationFormsPageTest - Selected a value from the 'Municipality' dropdown: 'Kauno departamentas'
2025-05-22 13:07:44 [main] DEBUG l.i.u.tests.ApplicationFormsPageTest - Selected 'Budget By Country' radio button.
2025-05-22 13:07:45 [main] DEBUG l.i.u.tests.ApplicationFormsPageTest - Selected 'Financed By Queue' radio button.
2025-05-22 13:07:45 [main] DEBUG l.i.u.tests.ApplicationFormsPageTest - Entered new application name: _paredaguota
2025-05-22 13:07:45 [main] DEBUG l.i.u.tests.ApplicationFormsPageTest - Clicked the 'Save' button.
2025-05-22 13:07:45 [main] DEBUG l.i.uztis.pages.ApplicationFormsPage - Verified success message: 'Duomenys sėkmingai išsaugoti.'
2025-05-22 13:07:45 [main] INFO  l.i.u.tests.ApplicationFormsPageTest - Verified success message
2025-05-22 13:07:45 [main] INFO  l.i.u.tests.ApplicationFormsPageTest - Test 'testEditAndSaveVuiApplication' completed successfully.
2025-05-22 13:08:01 [main] INFO  lt.insoft.uztis.tests.UztisPageTest - Navigated to https://uztisdev.asseco.lt/home
2025-05-22 13:08:01 [main] INFO  l.i.u.tests.ApplicationFormsPageTest - Setup complete. ApplicationFormsPage initialized.
2025-05-22 13:08:01 [main] INFO  l.i.u.tests.ApplicationFormsPageTest - Starting test:'testAddContractVUI'
2025-05-22 13:08:01 [main] INFO  l.insoft.uztis.tests.utils.TestUtils - Login attempt with user: evaluation_chief
2025-05-22 13:08:01 [main] DEBUG l.i.u.tests.ApplicationFormsPageTest - User logged in with test credentials
2025-05-22 13:08:02 [main] DEBUG l.i.u.tests.ApplicationFormsPageTest - Opened 'Application Processing' menu.
2025-05-22 13:08:02 [main] DEBUG l.i.u.tests.ApplicationFormsPageTest - Clicked on 'Application Forms' menu.
2025-05-22 13:08:03 [main] DEBUG l.i.u.tests.ApplicationFormsPageTest - Selected the last application description.
2025-05-22 13:08:04 [main] DEBUG l.i.u.tests.ApplicationFormsPageTest - Clicked 'Project Progress' tab.
2025-05-22 13:08:04 [main] DEBUG l.i.u.tests.ApplicationFormsPageTest - Clicked the 'Edit' button.
2025-05-22 13:08:04 [main] INFO  l.i.uztis.pages.ApplicationFormsPage - Opening the dropdown.
2025-05-22 13:08:09 [main] INFO  l.i.uztis.pages.ApplicationFormsPage - Selected the value: 'Vietinių užimtumo iniciatyvų projekto įgyvendinimo ir finansavimo sutartis'
2025-05-22 13:08:19 [main] ERROR l.i.uztis.pages.ApplicationFormsPage - Dropdown did not close as expected.
2025-05-22 13:08:19 [main] DEBUG l.i.u.tests.ApplicationFormsPageTest - Selected a value from the 'Document' dropdown: 'Vietinių užimtumo iniciatyvų projekto įgyvendinimo ir finansavimo sutartis'
2025-05-22 13:08:19 [main] INFO  l.i.uztis.pages.ApplicationFormsPage - Opening the dropdown.
2025-05-22 13:08:22 [main] INFO  l.i.uztis.pages.ApplicationFormsPage - Selected the value: 'Sprendimas dėl išmokos'
2025-05-22 13:08:33 [main] ERROR l.i.uztis.pages.ApplicationFormsPage - Dropdown did not close as expected.
2025-05-22 13:08:33 [main] DEBUG l.i.u.tests.ApplicationFormsPageTest - Selected a value from the 'Document' dropdown: 'Sprendimas dėl išmokos'
2025-05-22 13:08:33 [main] INFO  l.i.uztis.pages.ApplicationFormsPage - Opening the dropdown.
2025-05-22 13:08:36 [main] INFO  l.i.uztis.pages.ApplicationFormsPage - Selected the value: 'Sprendimas dėl išmokos'
2025-05-22 13:08:47 [main] ERROR l.i.uztis.pages.ApplicationFormsPage - Dropdown did not close as expected.
2025-05-22 13:08:47 [main] DEBUG l.i.u.tests.ApplicationFormsPageTest - Selected a value from the 'Document' dropdown: 'Sprendimas dėl išmokos'
2025-05-22 13:08:47 [main] DEBUG l.i.u.tests.ApplicationFormsPageTest - Clicked the 'Save' button.
2025-05-22 13:08:47 [main] ERROR l.i.uztis.pages.ApplicationFormsPage - Failed to verify the success message: 'Funkcija sėkmingai atlikta.'. Available messages: [Duomenys sėkmingai išsaugoti.]
2025-05-22 13:08:47 [main] INFO  l.i.u.tests.ApplicationFormsPageTest - Verified success message
2025-05-22 13:08:47 [main] INFO  l.i.u.tests.ApplicationFormsPageTest - Test 'testAddContractVUI' completed successfully.
2025-05-22 13:20:03 [main] INFO  lt.insoft.uztis.tests.UztisPageTest - Navigated to https://uztisdev.asseco.lt/home
2025-05-22 13:20:03 [main] INFO  l.i.uztis.tests.InvitationsPageTest - Starting test:'testCreateNewVuiInvitationDraft'
2025-05-22 13:20:03 [main] INFO  l.insoft.uztis.tests.utils.TestUtils - Login attempt with user: evaluation_chief
2025-05-22 13:20:03 [main] DEBUG l.i.uztis.tests.InvitationsPageTest - User logged in with test credentials
2025-05-22 13:20:04 [main] DEBUG l.i.uztis.tests.InvitationsPageTest - Opened 'Application Processing' menu.
2025-05-22 13:20:04 [main] DEBUG l.i.uztis.tests.InvitationsPageTest - Clicked on 'Application Forms' menu.
2025-05-22 13:20:04 [main] DEBUG l.i.uztis.tests.InvitationsPageTest - Navigating to application forms menu.
2025-05-22 13:20:05 [main] DEBUG l.i.uztis.tests.InvitationsPageTest - Retrieved last description code text: 'TST-VUI-56'.
2025-05-22 13:20:05 [main] DEBUG l.i.uztis.tests.InvitationsPageTest - Clicked on 'Invitation' menu.
2025-05-22 13:20:05 [main] DEBUG l.i.uztis.tests.InvitationsPageTest - Clicked 'Create New Application Form'.
2025-05-22 13:20:07 [main] DEBUG l.i.uztis.tests.InvitationsPageTest - Selected section by code: 'TST-VUI-56'.
2025-05-22 13:20:07 [main] INFO  l.insoft.uztis.pages.InvitationsPage - Located the dropdown button.
2025-05-22 13:20:18 [main] ERROR l.insoft.uztis.pages.InvitationsPage - Timeout while waiting for dropdown to close with aria-expanded = 'false'.
2025-05-22 13:20:18 [main] DEBUG l.i.uztis.tests.InvitationsPageTest - Selected invitation number from the list.
2025-05-22 13:20:18 [main] DEBUG l.i.uztis.tests.InvitationsPageTest - Entered current date.
2025-05-22 13:20:18 [main] DEBUG l.i.uztis.tests.InvitationsPageTest - Entered start time: 00:00.
2025-05-22 13:20:18 [main] DEBUG l.i.uztis.tests.InvitationsPageTest - Entered end date.
2025-05-22 13:20:19 [main] DEBUG l.i.uztis.tests.InvitationsPageTest - Entered end time: 11:11.
2025-05-22 13:20:19 [main] DEBUG l.i.uztis.tests.InvitationsPageTest - Draft saved.
2025-05-22 13:20:19 [main] DEBUG l.i.uztis.pages.ApplicationFormsPage - Verified success message: 'Duomenys sėkmingai išsaugoti.'
2025-05-22 13:20:19 [main] INFO  l.i.uztis.tests.InvitationsPageTest - Verified success message
2025-05-22 13:20:19 [main] INFO  l.i.uztis.tests.InvitationsPageTest - Test 'testCreateNewVuiInvitationDraft' completed successfully.
2025-05-22 13:20:33 [main] INFO  lt.insoft.uztis.tests.UztisPageTest - Navigated to https://uztisdev.asseco.lt/home
2025-05-22 13:20:33 [main] INFO  l.i.uztis.tests.InvitationsPageTest - Starting test:'testEditAndPublishVuiInvitationDraft'
2025-05-22 13:20:33 [main] INFO  l.insoft.uztis.tests.utils.TestUtils - Login attempt with user: evaluation_chief
2025-05-22 13:20:33 [main] DEBUG l.i.uztis.tests.InvitationsPageTest - User logged in with test credentials
2025-05-22 13:20:34 [main] DEBUG l.i.uztis.tests.InvitationsPageTest - Opened 'Application Processing' menu.
2025-05-22 13:20:34 [main] DEBUG l.i.uztis.tests.InvitationsPageTest - Clicked on 'Application Forms' menu.
2025-05-22 13:20:34 [main] DEBUG l.i.uztis.tests.InvitationsPageTest - Navigating to application forms menu.
2025-05-22 13:20:34 [main] DEBUG l.i.uztis.tests.InvitationsPageTest - Retrieved last description code text: 'TST-VUI-56'.
2025-05-22 13:20:34 [main] DEBUG l.i.uztis.tests.InvitationsPageTest - Clicked on 'Invitation' menu.
2025-05-22 13:20:36 [main] DEBUG l.i.uztis.tests.InvitationsPageTest - Selected section by code: 'TST-VUI-56'.
2025-05-22 13:20:36 [main] DEBUG l.i.uztis.tests.InvitationsPageTest - Clicked 'Search'.
2025-05-22 13:20:36 [main] DEBUG l.i.uztis.tests.InvitationsPageTest - Getting and inserting application code text.
2025-05-22 13:20:36 [main] DEBUG l.i.uztis.tests.InvitationsPageTest - Clicked 'InvitationDraft'.
2025-05-22 13:20:37 [main] DEBUG l.i.uztis.tests.InvitationsPageTest - Clicked 'Edit'.
2025-05-22 13:20:38 [main] DEBUG l.i.uztis.tests.InvitationsPageTest - Entered publication end date.
2025-05-22 13:20:38 [main] DEBUG l.i.uztis.tests.InvitationsPageTest - Added additional values.
2025-05-22 13:20:38 [main] INFO  l.insoft.uztis.pages.InvitationsPage - Located the dropdown button.
2025-05-22 13:20:38 [main] DEBUG l.i.uztis.tests.InvitationsPageTest - Selected the value: 'Didžiausia galima paramos suma aplinkos darbo vietai, Eur'
2025-05-22 13:20:38 [main] INFO  l.insoft.uztis.pages.InvitationsPage - Located the dropdown button.
2025-05-22 13:20:38 [main] DEBUG l.i.uztis.tests.InvitationsPageTest - Selected the value: 'Didžiausia galima paramos suma, Eur'
2025-05-22 13:20:38 [main] INFO  l.insoft.uztis.pages.InvitationsPage - Located the dropdown button.
2025-05-22 13:20:39 [main] DEBUG l.i.uztis.tests.InvitationsPageTest - Selected the value: 'Didžiausia galima paramos suma vienai darbo vietai, Eur'
2025-05-22 13:20:39 [main] DEBUG l.i.uztis.tests.InvitationsPageTest - Entered value: 11000
2025-05-22 13:20:39 [main] DEBUG l.i.uztis.tests.InvitationsPageTest - Entered value: 12000
2025-05-22 13:20:39 [main] DEBUG l.i.uztis.tests.InvitationsPageTest - Entered value: 13000
2025-05-22 13:20:39 [main] DEBUG l.i.uztis.tests.InvitationsPageTest - Checked 'Legal Entities' checkbox.
2025-05-22 13:20:40 [main] DEBUG l.i.uztis.tests.InvitationsPageTest - Checked 'Legal Entities' checkbox.
2025-05-22 13:20:40 [main] DEBUG l.i.uztis.tests.InvitationsPageTest - Unchecked 'Persons Registered with Employment Service' checkbox.
2025-05-22 13:20:40 [main] DEBUG l.i.uztis.tests.InvitationsPageTest - Checked 'Persons Registered as Employers' checkbox.
2025-05-22 13:20:40 [main] DEBUG l.i.uztis.tests.InvitationsPageTest - Entered second evaluation grade: '5'.
2025-05-22 13:20:40 [main] DEBUG l.i.uztis.tests.InvitationsPageTest - Entered third evaluation grade: '6'.
2025-05-22 13:20:40 [main] DEBUG l.i.uztis.tests.InvitationsPageTest - Entered second evaluation grade weight: '0,45'.
2025-05-22 13:20:40 [main] DEBUG l.i.uztis.tests.InvitationsPageTest - Entered third evaluation grade weight: '0,55'.
2025-05-22 13:20:40 [main] DEBUG l.i.uztis.tests.InvitationsPageTest - Entered budget: '2000'.
2025-05-22 13:20:41 [main] DEBUG l.i.uztis.tests.InvitationsPageTest - Entered description text: 'Aprašo tekstas'.
2025-05-22 13:20:41 [main] DEBUG l.i.uztis.tests.InvitationsPageTest - Entered applicants text: 'Pareiškėjų tekstas'.
2025-05-22 13:20:41 [main] DEBUG l.i.uztis.tests.InvitationsPageTest - Entered expenditures text: 'Išlaidų tekstas'.
2025-05-22 13:20:41 [main] DEBUG l.i.uztis.tests.InvitationsPageTest - Entered legislation text: 'Teisės aktų tekstas'.
2025-05-22 13:20:41 [main] DEBUG l.i.uztis.tests.InvitationsPageTest - Entered education text: 'Mokymų tekstas'.
2025-05-22 13:20:41 [main] DEBUG l.i.uztis.tests.InvitationsPageTest - File uploaded.
2025-05-22 13:20:41 [main] DEBUG l.i.uztis.tests.InvitationsPageTest - Clicked 'Publish'.
2025-05-22 13:20:42 [main] DEBUG l.i.uztis.tests.InvitationsPageTest - Publication confirmed.
2025-05-22 13:20:42 [main] DEBUG l.i.uztis.pages.ApplicationFormsPage - Verified success message: 'Funkcija sėkmingai atlikta.'
2025-05-22 13:20:42 [main] INFO  l.i.uztis.tests.InvitationsPageTest - Verified success message
2025-05-22 13:20:42 [main] INFO  l.i.uztis.tests.InvitationsPageTest - Test 'testEditAndPublishVuiInvitationDraft' completed successfully.
2025-05-22 13:20:54 [main] INFO  lt.insoft.uztis.tests.UztisPageTest - Navigated to https://uztisdev.asseco.lt/home
2025-05-22 13:20:54 [main] INFO  l.i.uztis.tests.InvitationsPageTest - Starting test:'testInsertVui_PvkStatisticInformation'
2025-05-22 13:20:55 [main] INFO  l.insoft.uztis.tests.utils.TestUtils - Login attempt with user: evaluation_chief
2025-05-22 13:20:55 [main] DEBUG l.i.uztis.tests.InvitationsPageTest - User logged in with test credentials
2025-05-22 13:20:55 [main] DEBUG l.i.uztis.tests.InvitationsPageTest - Opened 'Application Processing' menu.
2025-05-22 13:20:55 [main] DEBUG l.i.uztis.tests.InvitationsPageTest - Clicked on 'Application Forms' menu.
2025-05-22 13:20:55 [main] DEBUG l.i.uztis.tests.InvitationsPageTest - Navigating to invitation forms menu.
2025-05-22 13:20:55 [main] DEBUG l.i.uztis.tests.InvitationsPageTest - Retrieved last description code text: 'TST-VUI-56'.
2025-05-22 13:20:56 [main] DEBUG l.i.uztis.tests.InvitationsPageTest - Clicked on 'Invitation' menu.
2025-05-22 13:20:57 [main] DEBUG l.i.uztis.tests.InvitationsPageTest - Selected section by code: 'TST-VUI-56'.
2025-05-22 13:20:57 [main] DEBUG l.i.uztis.tests.InvitationsPageTest - Clicked 'Search'.
2025-05-22 13:20:57 [main] DEBUG l.i.uztis.tests.InvitationsPageTest - Getting and inserting application code text.
2025-05-22 13:20:58 [main] DEBUG l.i.uztis.tests.InvitationsPageTest - Clicked 'Publishing'.
2025-05-22 13:20:58 [main] DEBUG l.i.uztis.tests.InvitationsPageTest - Clicked 'Statistic Information' tab.
2025-05-22 13:20:58 [main] DEBUG l.i.uztis.tests.InvitationsPageTest - Clicked 'Edit' button.
2025-05-22 13:20:59 [main] DEBUG l.i.uztis.tests.InvitationsPageTest - Entered current date.
2025-05-22 13:20:59 [main] DEBUG l.i.uztis.tests.InvitationsPageTest - Entered value: 8.7
2025-05-22 13:20:59 [main] DEBUG l.i.uztis.tests.InvitationsPageTest - Entered average salary: 2237.9
2025-05-22 13:20:59 [main] DEBUG l.i.uztis.tests.InvitationsPageTest - File uploaded.
2025-05-22 13:20:59 [main] DEBUG l.i.uztis.tests.InvitationsPageTest - Clicked 'Save' button.
2025-05-22 13:21:00 [main] DEBUG l.i.uztis.pages.ApplicationFormsPage - Verified success message: 'Funkcija sėkmingai atlikta.'
2025-05-22 13:21:00 [main] INFO  l.i.uztis.tests.InvitationsPageTest - Verified success message
2025-05-22 13:21:00 [main] INFO  l.i.uztis.tests.InvitationsPageTest - Test 'testInsertVui_PvkStatisticInformation' completed successfully.
2025-05-22 13:24:10 [main] INFO  lt.insoft.uztis.tests.UztisPageTest - Navigated to https://uztisdev.asseco.lt/home
2025-05-22 13:24:10 [main] INFO  l.i.u.t.SubmittedApplicationsPageTest - Starting test:'testFillNewVUIPApplicationFA'
2025-05-22 13:24:10 [main] INFO  l.insoft.uztis.tests.utils.TestUtils - Login attempt with user: evaluation_chief
2025-05-22 13:24:10 [main] DEBUG l.i.u.t.SubmittedApplicationsPageTest - User logged in with test credentials
2025-05-22 13:24:12 [main] ERROR l.i.u.t.SubmittedApplicationsPageTest - Test 'testFillNewVUIApplicationFA' failed with error: element click intercepted: Element <span _ngcontent-ng-c1289871065="" class="routerItemText">...</span> is not clickable at point (181, 693). Other element would receive the click: <mat-expansion-panel-header _ngcontent-ng-c1289871065="" role="button" expandedheight="44px" class="mat-expansion-panel-header mat-focus-indicator ng-animate-disabled" id="mat-expansion-panel-header-1" tabindex="0" aria-controls="cdk-accordion-child-1" aria-expanded="false" aria-disabled="false">...</mat-expansion-panel-header>
  (Session info: chrome=136.0.7103.114)
Build info: version: '4.27.0', revision: 'd6e718d134'
System info: os.name: 'Windows 11', os.arch: 'amd64', os.version: '10.0', java.version: '21.0.3'
Driver info: org.openqa.selenium.chrome.ChromeDriver
Command: [8cb97c82e146a72ba64e66fe12379d52, clickElement {id=f.2D9F007F7AC0DB8D20787A0546C5FA8A.d.9EE01CFA5F3CD7EA83FA08BA48BD7392.e.37}]
Capabilities {acceptInsecureCerts: false, browserName: chrome, browserVersion: 136.0.7103.114, chrome: {chromedriverVersion: 136.0.7103.113 (76fa3c17824..., userDataDir: C:\Users\INGRID~1.ZAD\AppDa...}, fedcm:accounts: true, goog:chromeOptions: {debuggerAddress: localhost:52375}, networkConnectionEnabled: false, pageLoadStrategy: normal, platformName: windows, proxy: Proxy(), se:cdp: ws://localhost:52375/devtoo..., se:cdpVersion: 136.0.7103.114, setWindowRect: true, strictFileInteractability: false, timeouts: {implicit: 0, pageLoad: 300000, script: 30000}, unhandledPromptBehavior: dismiss and notify, webauthn:extension:credBlob: true, webauthn:extension:largeBlob: true, webauthn:extension:minPinLength: true, webauthn:extension:prf: true, webauthn:virtualAuthenticators: true}
Element: [[ChromeDriver: chrome on windows (8cb97c82e146a72ba64e66fe12379d52)] -> xpath: //span[text()='Daugiau']]
Session ID: 8cb97c82e146a72ba64e66fe12379d52
org.openqa.selenium.ElementClickInterceptedException: element click intercepted: Element <span _ngcontent-ng-c1289871065="" class="routerItemText">...</span> is not clickable at point (181, 693). Other element would receive the click: <mat-expansion-panel-header _ngcontent-ng-c1289871065="" role="button" expandedheight="44px" class="mat-expansion-panel-header mat-focus-indicator ng-animate-disabled" id="mat-expansion-panel-header-1" tabindex="0" aria-controls="cdk-accordion-child-1" aria-expanded="false" aria-disabled="false">...</mat-expansion-panel-header>
  (Session info: chrome=136.0.7103.114)
Build info: version: '4.27.0', revision: 'd6e718d134'
System info: os.name: 'Windows 11', os.arch: 'amd64', os.version: '10.0', java.version: '21.0.3'
Driver info: org.openqa.selenium.chrome.ChromeDriver
Command: [8cb97c82e146a72ba64e66fe12379d52, clickElement {id=f.2D9F007F7AC0DB8D20787A0546C5FA8A.d.9EE01CFA5F3CD7EA83FA08BA48BD7392.e.37}]
Capabilities {acceptInsecureCerts: false, browserName: chrome, browserVersion: 136.0.7103.114, chrome: {chromedriverVersion: 136.0.7103.113 (76fa3c17824..., userDataDir: C:\Users\INGRID~1.ZAD\AppDa...}, fedcm:accounts: true, goog:chromeOptions: {debuggerAddress: localhost:52375}, networkConnectionEnabled: false, pageLoadStrategy: normal, platformName: windows, proxy: Proxy(), se:cdp: ws://localhost:52375/devtoo..., se:cdpVersion: 136.0.7103.114, setWindowRect: true, strictFileInteractability: false, timeouts: {implicit: 0, pageLoad: 300000, script: 30000}, unhandledPromptBehavior: dismiss and notify, webauthn:extension:credBlob: true, webauthn:extension:largeBlob: true, webauthn:extension:minPinLength: true, webauthn:extension:prf: true, webauthn:virtualAuthenticators: true}
Element: [[ChromeDriver: chrome on windows (8cb97c82e146a72ba64e66fe12379d52)] -> xpath: //span[text()='Daugiau']]
Session ID: 8cb97c82e146a72ba64e66fe12379d52
	at java.base/jdk.internal.reflect.DirectConstructorHandleAccessor.newInstance(DirectConstructorHandleAccessor.java:62)
	at java.base/java.lang.reflect.Constructor.newInstanceWithCaller(Constructor.java:502)
	at java.base/java.lang.reflect.Constructor.newInstance(Constructor.java:486)
	at org.openqa.selenium.remote.ErrorCodec.decode(ErrorCodec.java:167)
	at org.openqa.selenium.remote.codec.w3c.W3CHttpResponseCodec.decode(W3CHttpResponseCodec.java:138)
	at org.openqa.selenium.remote.codec.w3c.W3CHttpResponseCodec.decode(W3CHttpResponseCodec.java:50)
	at org.openqa.selenium.remote.HttpCommandExecutor.execute(HttpCommandExecutor.java:190)
	at org.openqa.selenium.remote.service.DriverCommandExecutor.invokeExecute(DriverCommandExecutor.java:216)
	at org.openqa.selenium.remote.service.DriverCommandExecutor.execute(DriverCommandExecutor.java:174)
	at org.openqa.selenium.remote.RemoteWebDriver.execute(RemoteWebDriver.java:545)
	at org.openqa.selenium.remote.RemoteWebElement.execute(RemoteWebElement.java:223)
	at org.openqa.selenium.remote.RemoteWebElement.click(RemoteWebElement.java:76)
	at java.base/jdk.internal.reflect.DirectMethodHandleAccessor.invoke(DirectMethodHandleAccessor.java:103)
	at java.base/java.lang.reflect.Method.invoke(Method.java:580)
	at org.openqa.selenium.support.pagefactory.internal.LocatingElementHandler.invoke(LocatingElementHandler.java:51)
	at jdk.proxy2/jdk.proxy2.$Proxy14.click(Unknown Source)
	at lt.insoft.uztis.pages.ApplicationFormsPage.clickMenuMore(ApplicationFormsPage.java:313)
	at lt.insoft.uztis.tests.SubmittedApplicationsPageTest.getAndInsertInvitationCodeText(SubmittedApplicationsPageTest.java:35)
	at lt.insoft.uztis.tests.SubmittedApplicationsPageTest.testFillNewVUIApplicationFA(SubmittedApplicationsPageTest.java:140)
	at java.base/jdk.internal.reflect.DirectMethodHandleAccessor.invoke(DirectMethodHandleAccessor.java:103)
	at java.base/java.lang.reflect.Method.invoke(Method.java:580)
	at org.junit.platform.commons.util.ReflectionUtils.invokeMethod(ReflectionUtils.java:728)
	at org.junit.jupiter.engine.execution.MethodInvocation.proceed(MethodInvocation.java:60)
	at org.junit.jupiter.engine.execution.InvocationInterceptorChain$ValidatingInvocation.proceed(InvocationInterceptorChain.java:131)
	at org.junit.jupiter.engine.extension.TimeoutExtension.intercept(TimeoutExtension.java:156)
	at org.junit.jupiter.engine.extension.TimeoutExtension.interceptTestableMethod(TimeoutExtension.java:147)
	at org.junit.jupiter.engine.extension.TimeoutExtension.interceptTestMethod(TimeoutExtension.java:86)
	at org.junit.jupiter.engine.execution.InterceptingExecutableInvoker$ReflectiveInterceptorCall.lambda$ofVoidMethod$0(InterceptingExecutableInvoker.java:103)
	at org.junit.jupiter.engine.execution.InterceptingExecutableInvoker.lambda$invoke$0(InterceptingExecutableInvoker.java:93)
	at org.junit.jupiter.engine.execution.InvocationInterceptorChain$InterceptedInvocation.proceed(InvocationInterceptorChain.java:106)
	at org.junit.jupiter.engine.execution.InvocationInterceptorChain.proceed(InvocationInterceptorChain.java:64)
	at org.junit.jupiter.engine.execution.InvocationInterceptorChain.chainAndInvoke(InvocationInterceptorChain.java:45)
	at org.junit.jupiter.engine.execution.InvocationInterceptorChain.invoke(InvocationInterceptorChain.java:37)
	at org.junit.jupiter.engine.execution.InterceptingExecutableInvoker.invoke(InterceptingExecutableInvoker.java:92)
	at org.junit.jupiter.engine.execution.InterceptingExecutableInvoker.invoke(InterceptingExecutableInvoker.java:86)
	at org.junit.jupiter.engine.descriptor.TestMethodTestDescriptor.lambda$invokeTestMethod$7(TestMethodTestDescriptor.java:218)
	at org.junit.platform.engine.support.hierarchical.ThrowableCollector.execute(ThrowableCollector.java:73)
	at org.junit.jupiter.engine.descriptor.TestMethodTestDescriptor.invokeTestMethod(TestMethodTestDescriptor.java:214)
	at org.junit.jupiter.engine.descriptor.TestMethodTestDescriptor.execute(TestMethodTestDescriptor.java:139)
	at org.junit.jupiter.engine.descriptor.TestMethodTestDescriptor.execute(TestMethodTestDescriptor.java:69)
	at org.junit.platform.engine.support.hierarchical.NodeTestTask.lambda$executeRecursively$6(NodeTestTask.java:151)
	at org.junit.platform.engine.support.hierarchical.ThrowableCollector.execute(ThrowableCollector.java:73)
	at org.junit.platform.engine.support.hierarchical.NodeTestTask.lambda$executeRecursively$8(NodeTestTask.java:141)
	at org.junit.platform.engine.support.hierarchical.Node.around(Node.java:137)
	at org.junit.platform.engine.support.hierarchical.NodeTestTask.lambda$executeRecursively$9(NodeTestTask.java:139)
	at org.junit.platform.engine.support.hierarchical.ThrowableCollector.execute(ThrowableCollector.java:73)
	at org.junit.platform.engine.support.hierarchical.NodeTestTask.executeRecursively(NodeTestTask.java:138)
	at org.junit.platform.engine.support.hierarchical.NodeTestTask.execute(NodeTestTask.java:95)
	at java.base/java.util.ArrayList.forEach(ArrayList.java:1596)
	at org.junit.platform.engine.support.hierarchical.SameThreadHierarchicalTestExecutorService.invokeAll(SameThreadHierarchicalTestExecutorService.java:41)
	at org.junit.platform.engine.support.hierarchical.NodeTestTask.lambda$executeRecursively$6(NodeTestTask.java:155)
	at org.junit.platform.engine.support.hierarchical.ThrowableCollector.execute(ThrowableCollector.java:73)
	at org.junit.platform.engine.support.hierarchical.NodeTestTask.lambda$executeRecursively$8(NodeTestTask.java:141)
	at org.junit.platform.engine.support.hierarchical.Node.around(Node.java:137)
	at org.junit.platform.engine.support.hierarchical.NodeTestTask.lambda$executeRecursively$9(NodeTestTask.java:139)
	at org.junit.platform.engine.support.hierarchical.ThrowableCollector.execute(ThrowableCollector.java:73)
	at org.junit.platform.engine.support.hierarchical.NodeTestTask.executeRecursively(NodeTestTask.java:138)
	at org.junit.platform.engine.support.hierarchical.NodeTestTask.execute(NodeTestTask.java:95)
	at java.base/java.util.ArrayList.forEach(ArrayList.java:1596)
	at org.junit.platform.engine.support.hierarchical.SameThreadHierarchicalTestExecutorService.invokeAll(SameThreadHierarchicalTestExecutorService.java:41)
	at org.junit.platform.engine.support.hierarchical.NodeTestTask.lambda$executeRecursively$6(NodeTestTask.java:155)
	at org.junit.platform.engine.support.hierarchical.ThrowableCollector.execute(ThrowableCollector.java:73)
	at org.junit.platform.engine.support.hierarchical.NodeTestTask.lambda$executeRecursively$8(NodeTestTask.java:141)
	at org.junit.platform.engine.support.hierarchical.Node.around(Node.java:137)
	at org.junit.platform.engine.support.hierarchical.NodeTestTask.lambda$executeRecursively$9(NodeTestTask.java:139)
	at org.junit.platform.engine.support.hierarchical.ThrowableCollector.execute(ThrowableCollector.java:73)
	at org.junit.platform.engine.support.hierarchical.NodeTestTask.executeRecursively(NodeTestTask.java:138)
	at org.junit.platform.engine.support.hierarchical.NodeTestTask.execute(NodeTestTask.java:95)
	at org.junit.platform.engine.support.hierarchical.SameThreadHierarchicalTestExecutorService.submit(SameThreadHierarchicalTestExecutorService.java:35)
	at org.junit.platform.engine.support.hierarchical.HierarchicalTestExecutor.execute(HierarchicalTestExecutor.java:57)
	at org.junit.platform.engine.support.hierarchical.HierarchicalTestEngine.execute(HierarchicalTestEngine.java:54)
	at org.junit.platform.launcher.core.EngineExecutionOrchestrator.execute(EngineExecutionOrchestrator.java:198)
	at org.junit.platform.launcher.core.EngineExecutionOrchestrator.execute(EngineExecutionOrchestrator.java:169)
	at org.junit.platform.launcher.core.EngineExecutionOrchestrator.execute(EngineExecutionOrchestrator.java:93)
	at org.junit.platform.launcher.core.EngineExecutionOrchestrator.lambda$execute$0(EngineExecutionOrchestrator.java:58)
	at org.junit.platform.launcher.core.EngineExecutionOrchestrator.withInterceptedStreams(EngineExecutionOrchestrator.java:141)
	at org.junit.platform.launcher.core.EngineExecutionOrchestrator.execute(EngineExecutionOrchestrator.java:57)
	at org.junit.platform.launcher.core.DefaultLauncher.execute(DefaultLauncher.java:103)
	at org.junit.platform.launcher.core.DefaultLauncher.execute(DefaultLauncher.java:85)
	at org.junit.platform.launcher.core.DelegatingLauncher.execute(DelegatingLauncher.java:47)
	at org.junit.platform.launcher.core.SessionPerRequestLauncher.execute(SessionPerRequestLauncher.java:63)
	at com.intellij.junit5.JUnit5IdeaTestRunner.startRunnerWithArgs(JUnit5IdeaTestRunner.java:57)
	at com.intellij.rt.junit.IdeaTestRunner$Repeater$1.execute(IdeaTestRunner.java:38)
	at com.intellij.rt.execution.junit.TestsRepeater.repeat(TestsRepeater.java:11)
	at com.intellij.rt.junit.IdeaTestRunner$Repeater.startRunnerWithArgs(IdeaTestRunner.java:35)
	at com.intellij.rt.junit.JUnitStarter.prepareStreamsAndStart(JUnitStarter.java:232)
	at com.intellij.rt.junit.JUnitStarter.main(JUnitStarter.java:55)
2025-05-22 13:24:12 [main] INFO  l.insoft.uztis.tests.utils.TestUtils - Screenshot moved to C:\Users\ingrida.zadorozniene\Desktop\Asm\UZTIS\UZTIS_tests\test-output\screenshots\20250522\132412839_testFillNewVUIApplicationFA().png
2025-05-22 13:24:37 [main] INFO  lt.insoft.uztis.tests.UztisPageTest - Navigated to https://uztisdev.asseco.lt/home
2025-05-22 13:24:37 [main] INFO  l.i.u.t.SubmittedApplicationsPageTest - Starting test:'testFillNewVUIPApplicationFA'
2025-05-22 13:24:38 [main] INFO  l.insoft.uztis.tests.utils.TestUtils - Login attempt with user: evaluation_chief
2025-05-22 13:24:38 [main] DEBUG l.i.u.t.SubmittedApplicationsPageTest - User logged in with test credentials
2025-05-22 13:24:38 [main] DEBUG l.i.u.t.SubmittedApplicationsPageTest - Opened 'Application Processing' menu.
2025-05-22 13:24:38 [main] DEBUG l.i.u.t.SubmittedApplicationsPageTest - Clicked on 'Application Forms' menu.
2025-05-22 13:24:39 [main] DEBUG l.i.u.t.SubmittedApplicationsPageTest - Retrieved last description code text: 'TST-VUI-56'.
2025-05-22 13:24:39 [main] DEBUG l.i.u.t.SubmittedApplicationsPageTest - Clicked on 'Invitation' menu.
2025-05-22 13:24:41 [main] DEBUG l.i.u.t.SubmittedApplicationsPageTest - Selected application section by code: 'TST-VUI-56'.
2025-05-22 13:24:41 [main] DEBUG l.i.u.t.SubmittedApplicationsPageTest - Clicked 'Search' button.
2025-05-22 13:24:41 [main] DEBUG l.i.u.t.SubmittedApplicationsPageTest - Retrieved invitation code: ''.
2025-05-22 13:24:41 [main] DEBUG l.i.u.t.SubmittedApplicationsPageTest - Clicked on 'Submitted Applications' menu.
2025-05-22 13:24:43 [main] DEBUG l.i.u.t.SubmittedApplicationsPageTest - Selected invitation by code: 'TST-VUI-56'.
2025-05-22 13:24:43 [main] DEBUG l.i.u.t.SubmittedApplicationsPageTest - Invitation code inserted.
2025-05-22 13:24:44 [main] DEBUG l.i.u.t.SubmittedApplicationsPageTest - Clicked on 'Action Application' button.
2025-05-22 13:24:44 [main] DEBUG l.i.u.t.SubmittedApplicationsPageTest - Clicked on 'New Application' button.
2025-05-22 13:24:44 [main] DEBUG l.i.u.t.SubmittedApplicationsPageTest - Selected the 'RadioButtonFA' option.
2025-05-22 13:24:44 [main] DEBUG l.i.u.t.SubmittedApplicationsPageTest - Entered phone number: '61298745'.
2025-05-22 13:24:45 [main] DEBUG l.i.u.t.SubmittedApplicationsPageTest - Entered email: 'test@autotest.com'.
2025-05-22 13:24:45 [main] INFO  l.i.u.p.SubmittedApplicationsPage - Clicking on the dropdown button.
2025-05-22 13:25:04 [main] INFO  l.i.u.p.SubmittedApplicationsPage - Found 1741 options in the dropdown.
2025-05-22 13:25:04 [main] DEBUG l.i.u.p.SubmittedApplicationsPage - Checking option: ''
2025-05-22 13:25:04 [main] DEBUG l.i.u.p.SubmittedApplicationsPage - Checking option: '01.11 - Grūdinių (išskyrus ryžius), ankštinių ir aliejingų sėklų augalų auginimas'
2025-05-22 13:25:05 [main] INFO  l.i.u.p.SubmittedApplicationsPage - Successfully selected the value: '01.11 - Grūdinių (išskyrus ryžius), ankštinių ir aliejingų sėklų augalų auginimas'
2025-05-22 13:25:05 [main] INFO  l.i.u.p.SubmittedApplicationsPage - Attempting to close the dropdown.
2025-05-22 13:25:05 [main] DEBUG l.i.u.t.SubmittedApplicationsPageTest - Selected EVRK value: '01.11 - Grūdinių (išskyrus ryžius), ankštinių ir aliejingų sėklų augalų auginimas'.
2025-05-22 13:25:05 [main] DEBUG l.i.u.t.SubmittedApplicationsPageTest - Clicked on 'Address Component' button.
2025-05-22 13:25:05 [main] INFO  l.i.u.p.SubmittedApplicationsPage - Located the dropdown button.
2025-05-22 13:25:09 [main] INFO  l.i.u.p.SubmittedApplicationsPage - Successfully selected the value: 'Lietuva'
2025-05-22 13:25:09 [main] DEBUG l.i.u.t.SubmittedApplicationsPageTest - Selected country: 'Lietuva'.
2025-05-22 13:25:09 [main] INFO  l.i.u.p.SubmittedApplicationsPage - Located the dropdown search field.
2025-05-22 13:25:09 [main] INFO  l.i.u.p.SubmittedApplicationsPage - Dropdown city is opened.
2025-05-22 13:25:10 [main] INFO  l.i.u.p.SubmittedApplicationsPage - Searched for value: 'Vilnius'
2025-05-22 13:25:11 [main] INFO  l.i.u.p.SubmittedApplicationsPage - Successfully selected: 'Vilnius'
2025-05-22 13:25:11 [main] INFO  l.i.u.p.SubmittedApplicationsPage - Located the dropdown button.
2025-05-22 13:25:11 [main] INFO  l.i.u.p.SubmittedApplicationsPage - Successfully selected the value: 'A. Domaševičiaus g.'
2025-05-22 13:25:11 [main] DEBUG l.i.u.t.SubmittedApplicationsPageTest - Selected street: 'A. Domaševičiaus g.'.
2025-05-22 13:25:11 [main] INFO  l.i.u.p.SubmittedApplicationsPage - Located the dropdown button.
2025-05-22 13:25:12 [main] INFO  l.i.u.p.SubmittedApplicationsPage - Successfully selected the value: '1'
2025-05-22 13:25:12 [main] DEBUG l.i.u.t.SubmittedApplicationsPageTest - Selected house: '1'.
2025-05-22 13:25:12 [main] INFO  l.i.u.p.SubmittedApplicationsPage - Located the dropdown button.
2025-05-22 13:25:12 [main] INFO  l.i.u.p.SubmittedApplicationsPage - Successfully selected the value: '1'
2025-05-22 13:25:12 [main] DEBUG l.i.u.t.SubmittedApplicationsPageTest - Selected apartment: '1'.
2025-05-22 13:25:12 [main] DEBUG l.i.u.t.SubmittedApplicationsPageTest - Clicked 'Confirm' button.
2025-05-22 13:25:12 [main] DEBUG l.i.u.t.SubmittedApplicationsPageTest - Entered project date.
2025-05-22 13:25:12 [main] DEBUG l.i.u.t.SubmittedApplicationsPageTest - Entered job count: '1'.
2025-05-22 13:25:13 [main] DEBUG l.i.u.t.SubmittedApplicationsPageTest - Clicked 'Next' button.
2025-05-22 13:25:13 [main] INFO  l.i.u.p.SubmittedApplicationsPage - Located the dropdown button.
2025-05-22 13:25:14 [main] INFO  l.i.u.p.SubmittedApplicationsPage - Successfully selected the value: 'Administratoriai'
2025-05-22 13:25:14 [main] DEBUG l.i.u.t.SubmittedApplicationsPageTest - Selected job name: 'Administratoriai'.
2025-05-22 13:25:14 [main] DEBUG l.i.u.t.SubmittedApplicationsPageTest - Entered job function: 'Funkcija 1'.
2025-05-22 13:25:14 [main] DEBUG l.i.u.t.SubmittedApplicationsPageTest - Selected 'RadioButtonWithDisabilities' option.
2025-05-22 13:25:14 [main] INFO  l.i.u.p.SubmittedApplicationsPage - Clicking on the dropdown button.
2025-05-22 13:25:15 [main] INFO  l.i.u.p.SubmittedApplicationsPage - Found 34 options in the dropdown.
2025-05-22 13:25:15 [main] DEBUG l.i.u.p.SubmittedApplicationsPage - Checking option: 'Asmenys, kuriems suteiktas pabėgėlio statusas ar perkeliamojo asmens statusas, arba asmenys, kuriems suteikta papildoma ar laikinoji apsauga, ir asmenys, turintys teisę gauti laikinąją apsaugą, iki sprendimo dėl laikinosios apsaugos suteikimo (nesuteikimo) priėmimo, tačiau ne ilgiau kaip laikinosios apsaugos laikotarpiu'
2025-05-22 13:25:15 [main] DEBUG l.i.u.p.SubmittedApplicationsPage - Checking option: 'Asmenys, kuriems suteiktas pabėgėlio statusas ar perkeliamojo asmens statusas, arba asmenys, kuriems suteikta papildoma ar laikinoji apsauga, ir asmenys, turintys teisę gauti laikinąją apsaugą, iki sprendimo dėl laikinosios apsaugos suteikimo (nesuteikimo) priėmimo, tačiau ne ilgiau kaip laikinosios apsaugos laikotarpiu'
2025-05-22 13:25:15 [main] DEBUG l.i.u.p.SubmittedApplicationsPage - Checking option: 'Asmenys, turintys teisę į papildomas užimtumo garantijas pagal Lietuvos Respublikos valstybės įmonės Ignalinos atominės elektrinės darbuotojų papildomų užimtumo ir socialinių garantijų įstatymą'
2025-05-22 13:25:15 [main] DEBUG l.i.u.p.SubmittedApplicationsPage - Checking option: 'Asmenys, turintys teisę į papildomas užimtumo garantijas pagal Lietuvos Respublikos valstybės įmonės Ignalinos atominės elektrinės darbuotojų papildomų užimtumo ir socialinių garantijų įstatymą'
2025-05-22 13:25:15 [main] DEBUG l.i.u.p.SubmittedApplicationsPage - Checking option: 'Bedarbiai iki 29 metų'
2025-05-22 13:25:15 [main] DEBUG l.i.u.p.SubmittedApplicationsPage - Checking option: 'Bedarbiai iki 29 metų'
2025-05-22 13:25:15 [main] DEBUG l.i.u.p.SubmittedApplicationsPage - Checking option: 'Bedarbiai, kurie yra darbingo amžiaus neįgalieji, kuriems nustatytas 30–40 procentų darbingumo lygis arba vidutinis neįgalumo lygis'
2025-05-22 13:25:15 [main] DEBUG l.i.u.p.SubmittedApplicationsPage - Checking option: 'Bedarbiai, kurie yra darbingo amžiaus neįgalieji, kuriems nustatytas 30–40 procentų darbingumo lygis arba vidutinis neįgalumo lygis'
2025-05-22 13:25:15 [main] DEBUG l.i.u.p.SubmittedApplicationsPage - Checking option: 'Bedarbiai, kurie yra darbingo amžiaus neįgalieji, kuriems nustatytas 45–55 procentų darbingumo lygis arba lengvas neįgalumo lygis'
2025-05-22 13:25:15 [main] DEBUG l.i.u.p.SubmittedApplicationsPage - Checking option: 'Bedarbiai, kurie yra darbingo amžiaus neįgalieji, kuriems nustatytas 45–55 procentų darbingumo lygis arba lengvas neįgalumo lygis'
2025-05-22 13:25:15 [main] DEBUG l.i.u.p.SubmittedApplicationsPage - Checking option: 'Bedarbiai, kurie yra darbingo amžiaus neįgalieji, kuriems nustatytas iki 25 procentų darbingumo lygis arba sunkus neįgalumo lygis'
2025-05-22 13:25:15 [main] INFO  l.i.u.p.SubmittedApplicationsPage - Successfully selected the value: 'Bedarbiai, kurie yra darbingo amžiaus neįgalieji, kuriems nustatytas iki 25 procentų darbingumo lygis arba sunkus neįgalumo lygis'
2025-05-22 13:25:15 [main] INFO  l.i.u.p.SubmittedApplicationsPage - Attempting to close the dropdown.
2025-05-22 13:25:16 [main] DEBUG l.i.u.t.SubmittedApplicationsPageTest - Selected disabilities type: 'Bedarbiai, kurie yra darbingo amžiaus neįgalieji, kuriems nustatytas iki 25 procentų darbingumo lygis arba sunkus neįgalumo lygis'.
2025-05-22 13:25:16 [main] DEBUG l.i.u.t.SubmittedApplicationsPageTest - Entered disability information: 'Negalia 1'.
2025-05-22 13:25:16 [main] INFO  l.i.u.p.SubmittedApplicationsPage - Located the dropdown button.
2025-05-22 13:25:17 [main] INFO  l.i.u.p.SubmittedApplicationsPage - Successfully selected the value: 'Kita'
2025-05-22 13:25:17 [main] DEBUG l.i.u.t.SubmittedApplicationsPageTest - Selected time mode: 'Kita'.
2025-05-22 13:25:17 [main] DEBUG l.i.u.t.SubmittedApplicationsPageTest - Selected time mode other: '6 val. per dieną ir 4 d. per savaitę'.
2025-05-22 13:25:17 [main] DEBUG l.i.u.t.SubmittedApplicationsPageTest - Entered qualification: 'Kvalifikacija 1'.
2025-05-22 13:25:18 [main] DEBUG l.i.u.t.SubmittedApplicationsPageTest - Entered job date.
2025-05-22 13:25:18 [main] DEBUG l.i.u.t.SubmittedApplicationsPageTest - Entered salary amount: '1200'.
2025-05-22 13:25:18 [main] DEBUG l.i.u.t.SubmittedApplicationsPageTest - Entered salary description: 'Užmokestis 1'.
2025-05-22 13:25:18 [main] DEBUG l.i.u.t.SubmittedApplicationsPageTest - Selected 'Temporary Job' radio button.
2025-05-22 13:25:18 [main] DEBUG l.i.u.t.SubmittedApplicationsPageTest - Selected 'Season Job' radio button.
2025-05-22 13:25:19 [main] DEBUG l.i.u.t.SubmittedApplicationsPageTest - Selected 'Energy' radio button.
2025-05-22 13:25:19 [main] DEBUG l.i.u.t.SubmittedApplicationsPageTest - Selected 'Repair' radio button.
2025-05-22 13:25:19 [main] DEBUG l.i.u.t.SubmittedApplicationsPageTest - Entered job description: 'Veikla 1'.
2025-05-22 13:25:20 [main] DEBUG l.i.u.t.SubmittedApplicationsPageTest - Entered process description: 'Procesas 1'.
2025-05-22 13:25:20 [main] DEBUG l.i.u.t.SubmittedApplicationsPageTest - Entered energy information: 'Energija 1'.
2025-05-22 13:25:20 [main] DEBUG l.i.u.t.SubmittedApplicationsPageTest - Entered repair information: 'Remontas 1'.
2025-05-22 13:25:20 [main] DEBUG l.i.u.t.SubmittedApplicationsPageTest - Selected 'PVM' radio button.
2025-05-22 13:25:20 [main] INFO  l.i.u.p.SubmittedApplicationsPage - Located the dropdown button.
2025-05-22 13:25:21 [main] INFO  l.i.u.p.SubmittedApplicationsPage - Successfully selected the value: 'Įsigyti'
2025-05-22 13:25:21 [main] DEBUG l.i.u.t.SubmittedApplicationsPageTest - Selected necessary for job: 'Įsigyti'.
2025-05-22 13:25:21 [main] DEBUG l.i.u.t.SubmittedApplicationsPageTest - Selected tool: 'Darbo priemonė 1'.
2025-05-22 13:25:21 [main] DEBUG l.i.u.t.SubmittedApplicationsPageTest - Selected tool parameter one: 'Darbo priemonės 1 parametras 1'.
2025-05-22 13:25:22 [main] DEBUG l.i.u.t.SubmittedApplicationsPageTest - Selected tool parameter two: 'Darbo priemonės 1 parametras 2'.
2025-05-22 13:25:22 [main] DEBUG l.i.u.t.SubmittedApplicationsPageTest - Selected tool parameter three: 'Darbo priemonės 1 parametras 3'.
2025-05-22 13:25:22 [main] DEBUG l.i.u.t.SubmittedApplicationsPageTest - Entered tool count: '1'.
2025-05-22 13:25:22 [main] DEBUG l.i.u.t.SubmittedApplicationsPageTest - Entered price amount 1: '1000'.
2025-05-22 13:25:25 [main] DEBUG l.i.u.t.SubmittedApplicationsPageTest - Entered own funds amount 1: '800'.
2025-05-22 13:25:27 [main] DEBUG l.i.u.t.SubmittedApplicationsPageTest - Clicked 'Add' button.
2025-05-22 13:25:27 [main] INFO  l.i.u.p.SubmittedApplicationsPage - Located the dropdown button.
2025-05-22 13:25:28 [main] INFO  l.i.u.p.SubmittedApplicationsPage - Successfully selected the value: 'Remontuoti'
2025-05-22 13:25:28 [main] DEBUG l.i.u.t.SubmittedApplicationsPageTest - Selected necessary for job 'to repair': 'Remontuoti'.
2025-05-22 13:25:28 [main] DEBUG l.i.u.t.SubmittedApplicationsPageTest - Selected repair name: 'Remonto pavadinimas 1'.
2025-05-22 13:25:28 [main] DEBUG l.i.u.t.SubmittedApplicationsPageTest - Entered repair information: 'Remonto aprašymas 1'.
2025-05-22 13:25:28 [main] DEBUG l.i.u.t.SubmittedApplicationsPageTest - Entered price amount 2: '1000'.
2025-05-22 13:25:31 [main] DEBUG l.i.u.t.SubmittedApplicationsPageTest - Entered own funds amount 2: '900'.
2025-05-22 13:25:33 [main] DEBUG l.i.u.t.SubmittedApplicationsPageTest - Clicked 'AddRemoved' button.
2025-05-22 13:25:35 [main] DEBUG l.i.u.t.SubmittedApplicationsPageTest - Clicked 'Remove' button.
2025-05-22 13:25:37 [main] DEBUG l.i.u.t.SubmittedApplicationsPageTest - Clicked 'Remove Confirmation' button.
2025-05-22 13:25:39 [main] DEBUG l.i.u.t.SubmittedApplicationsPageTest - Entered country percentage: '50'.
2025-05-22 13:25:39 [main] DEBUG l.i.u.t.SubmittedApplicationsPageTest - Entered institution percentage: '50'.
2025-05-22 13:25:39 [main] DEBUG l.i.u.t.SubmittedApplicationsPageTest - Entered municipality percentage: '50'.
2025-05-22 13:25:40 [main] DEBUG l.i.u.t.SubmittedApplicationsPageTest - Selected 'De Minimis' radio button.
2025-05-22 13:25:40 [main] DEBUG l.i.u.t.SubmittedApplicationsPageTest - Entered program name: 'Programa 1'.
2025-05-22 13:25:40 [main] DEBUG l.i.u.t.SubmittedApplicationsPageTest - Entered project date from.
2025-05-22 13:25:40 [main] DEBUG l.i.u.t.SubmittedApplicationsPageTest - Entered project date until.
2025-05-22 13:25:40 [main] DEBUG l.i.u.t.SubmittedApplicationsPageTest - Entered support amount: '2000'.
2025-05-22 13:25:40 [main] DEBUG l.i.u.t.SubmittedApplicationsPageTest - Clicked 'Next' button.
2025-05-22 13:25:50 [main] DEBUG l.i.u.t.SubmittedApplicationsPageTest - Checked 'Legal Entities' checkbox 1.
2025-05-22 13:26:01 [main] DEBUG l.i.u.t.SubmittedApplicationsPageTest - Checked 'Legal Entities' checkbox 2.
2025-05-22 13:26:11 [main] DEBUG l.i.u.t.SubmittedApplicationsPageTest - Checked 'Legal Entities' checkbox 3.
2025-05-22 13:26:11 [main] DEBUG l.i.u.t.SubmittedApplicationsPageTest - Test finished: All 'Legal Entities' checkboxes checked successfully.
2025-05-22 13:26:11 [main] DEBUG l.i.u.t.SubmittedApplicationsPageTest - Clicked 'Next' button after checkboxes.
2025-05-22 13:26:21 [main] ERROR l.i.u.p.SubmittedApplicationsPage - Error selecting radio button: Expected condition failed: waiting for element to be clickable: By.xpath: (//input[@type='radio' and @value='false'])[8] (tried for 10 second(s) with 500 milliseconds interval)
Build info: version: '4.27.0', revision: 'd6e718d134'
System info: os.name: 'Windows 11', os.arch: 'amd64', os.version: '10.0', java.version: '21.0.3'
Driver info: org.openqa.selenium.chrome.ChromeDriver
Capabilities {acceptInsecureCerts: false, browserName: chrome, browserVersion: 136.0.7103.114, chrome: {chromedriverVersion: 136.0.7103.113 (76fa3c17824..., userDataDir: C:\Users\INGRID~1.ZAD\AppDa...}, fedcm:accounts: true, goog:chromeOptions: {debuggerAddress: localhost:52412}, networkConnectionEnabled: false, pageLoadStrategy: normal, platformName: windows, proxy: Proxy(), se:cdp: ws://localhost:52412/devtoo..., se:cdpVersion: 136.0.7103.114, setWindowRect: true, strictFileInteractability: false, timeouts: {implicit: 0, pageLoad: 300000, script: 30000}, unhandledPromptBehavior: dismiss and notify, webauthn:extension:credBlob: true, webauthn:extension:largeBlob: true, webauthn:extension:minPinLength: true, webauthn:extension:prf: true, webauthn:virtualAuthenticators: true}
Session ID: 75e144bc013ca96d445a2e66d92eec33
2025-05-22 13:26:21 [main] INFO  l.i.u.t.SubmittedApplicationsPageTest - Marking 'Ne' radio button 1
2025-05-22 13:26:31 [main] ERROR l.i.u.p.SubmittedApplicationsPage - Error selecting radio button: Expected condition failed: waiting for element to be clickable: By.xpath: (//input[@type='radio' and @value='false'])[9] (tried for 10 second(s) with 500 milliseconds interval)
Build info: version: '4.27.0', revision: 'd6e718d134'
System info: os.name: 'Windows 11', os.arch: 'amd64', os.version: '10.0', java.version: '21.0.3'
Driver info: org.openqa.selenium.chrome.ChromeDriver
Capabilities {acceptInsecureCerts: false, browserName: chrome, browserVersion: 136.0.7103.114, chrome: {chromedriverVersion: 136.0.7103.113 (76fa3c17824..., userDataDir: C:\Users\INGRID~1.ZAD\AppDa...}, fedcm:accounts: true, goog:chromeOptions: {debuggerAddress: localhost:52412}, networkConnectionEnabled: false, pageLoadStrategy: normal, platformName: windows, proxy: Proxy(), se:cdp: ws://localhost:52412/devtoo..., se:cdpVersion: 136.0.7103.114, setWindowRect: true, strictFileInteractability: false, timeouts: {implicit: 0, pageLoad: 300000, script: 30000}, unhandledPromptBehavior: dismiss and notify, webauthn:extension:credBlob: true, webauthn:extension:largeBlob: true, webauthn:extension:minPinLength: true, webauthn:extension:prf: true, webauthn:virtualAuthenticators: true}
Session ID: 75e144bc013ca96d445a2e66d92eec33
2025-05-22 13:26:31 [main] INFO  l.i.u.t.SubmittedApplicationsPageTest - Marking 'Ne' radio button 2
2025-05-22 13:26:41 [main] ERROR l.i.u.p.SubmittedApplicationsPage - Error selecting radio button: Expected condition failed: waiting for element to be clickable: By.xpath: (//input[@type='radio' and @value='false'])[10] (tried for 10 second(s) with 500 milliseconds interval)
Build info: version: '4.27.0', revision: 'd6e718d134'
System info: os.name: 'Windows 11', os.arch: 'amd64', os.version: '10.0', java.version: '21.0.3'
Driver info: org.openqa.selenium.chrome.ChromeDriver
Capabilities {acceptInsecureCerts: false, browserName: chrome, browserVersion: 136.0.7103.114, chrome: {chromedriverVersion: 136.0.7103.113 (76fa3c17824..., userDataDir: C:\Users\INGRID~1.ZAD\AppDa...}, fedcm:accounts: true, goog:chromeOptions: {debuggerAddress: localhost:52412}, networkConnectionEnabled: false, pageLoadStrategy: normal, platformName: windows, proxy: Proxy(), se:cdp: ws://localhost:52412/devtoo..., se:cdpVersion: 136.0.7103.114, setWindowRect: true, strictFileInteractability: false, timeouts: {implicit: 0, pageLoad: 300000, script: 30000}, unhandledPromptBehavior: dismiss and notify, webauthn:extension:credBlob: true, webauthn:extension:largeBlob: true, webauthn:extension:minPinLength: true, webauthn:extension:prf: true, webauthn:virtualAuthenticators: true}
Session ID: 75e144bc013ca96d445a2e66d92eec33
2025-05-22 13:26:41 [main] INFO  l.i.u.t.SubmittedApplicationsPageTest - Marking 'Ne' radio button 3
2025-05-22 13:26:51 [main] ERROR l.i.u.p.SubmittedApplicationsPage - Error selecting radio button: Expected condition failed: waiting for element to be clickable: By.xpath: (//input[@type='radio' and @value='false'])[11] (tried for 10 second(s) with 500 milliseconds interval)
Build info: version: '4.27.0', revision: 'd6e718d134'
System info: os.name: 'Windows 11', os.arch: 'amd64', os.version: '10.0', java.version: '21.0.3'
Driver info: org.openqa.selenium.chrome.ChromeDriver
Capabilities {acceptInsecureCerts: false, browserName: chrome, browserVersion: 136.0.7103.114, chrome: {chromedriverVersion: 136.0.7103.113 (76fa3c17824..., userDataDir: C:\Users\INGRID~1.ZAD\AppDa...}, fedcm:accounts: true, goog:chromeOptions: {debuggerAddress: localhost:52412}, networkConnectionEnabled: false, pageLoadStrategy: normal, platformName: windows, proxy: Proxy(), se:cdp: ws://localhost:52412/devtoo..., se:cdpVersion: 136.0.7103.114, setWindowRect: true, strictFileInteractability: false, timeouts: {implicit: 0, pageLoad: 300000, script: 30000}, unhandledPromptBehavior: dismiss and notify, webauthn:extension:credBlob: true, webauthn:extension:largeBlob: true, webauthn:extension:minPinLength: true, webauthn:extension:prf: true, webauthn:virtualAuthenticators: true}
Session ID: 75e144bc013ca96d445a2e66d92eec33
2025-05-22 13:26:51 [main] INFO  l.i.u.t.SubmittedApplicationsPageTest - Marking 'Ne' radio button 4
2025-05-22 13:27:02 [main] ERROR l.i.u.p.SubmittedApplicationsPage - Error selecting radio button: Expected condition failed: waiting for element to be clickable: By.xpath: (//input[@type='radio' and @value='false'])[12] (tried for 10 second(s) with 500 milliseconds interval)
Build info: version: '4.27.0', revision: 'd6e718d134'
System info: os.name: 'Windows 11', os.arch: 'amd64', os.version: '10.0', java.version: '21.0.3'
Driver info: org.openqa.selenium.chrome.ChromeDriver
Capabilities {acceptInsecureCerts: false, browserName: chrome, browserVersion: 136.0.7103.114, chrome: {chromedriverVersion: 136.0.7103.113 (76fa3c17824..., userDataDir: C:\Users\INGRID~1.ZAD\AppDa...}, fedcm:accounts: true, goog:chromeOptions: {debuggerAddress: localhost:52412}, networkConnectionEnabled: false, pageLoadStrategy: normal, platformName: windows, proxy: Proxy(), se:cdp: ws://localhost:52412/devtoo..., se:cdpVersion: 136.0.7103.114, setWindowRect: true, strictFileInteractability: false, timeouts: {implicit: 0, pageLoad: 300000, script: 30000}, unhandledPromptBehavior: dismiss and notify, webauthn:extension:credBlob: true, webauthn:extension:largeBlob: true, webauthn:extension:minPinLength: true, webauthn:extension:prf: true, webauthn:virtualAuthenticators: true}
Session ID: 75e144bc013ca96d445a2e66d92eec33
2025-05-22 13:27:02 [main] INFO  l.i.u.t.SubmittedApplicationsPageTest - Marking 'Ne' radio button 5
2025-05-22 13:27:12 [main] ERROR l.i.u.p.SubmittedApplicationsPage - Error selecting radio button: Expected condition failed: waiting for element to be clickable: By.xpath: (//input[@type='radio' and @value='false'])[13] (tried for 10 second(s) with 500 milliseconds interval)
Build info: version: '4.27.0', revision: 'd6e718d134'
System info: os.name: 'Windows 11', os.arch: 'amd64', os.version: '10.0', java.version: '21.0.3'
Driver info: org.openqa.selenium.chrome.ChromeDriver
Capabilities {acceptInsecureCerts: false, browserName: chrome, browserVersion: 136.0.7103.114, chrome: {chromedriverVersion: 136.0.7103.113 (76fa3c17824..., userDataDir: C:\Users\INGRID~1.ZAD\AppDa...}, fedcm:accounts: true, goog:chromeOptions: {debuggerAddress: localhost:52412}, networkConnectionEnabled: false, pageLoadStrategy: normal, platformName: windows, proxy: Proxy(), se:cdp: ws://localhost:52412/devtoo..., se:cdpVersion: 136.0.7103.114, setWindowRect: true, strictFileInteractability: false, timeouts: {implicit: 0, pageLoad: 300000, script: 30000}, unhandledPromptBehavior: dismiss and notify, webauthn:extension:credBlob: true, webauthn:extension:largeBlob: true, webauthn:extension:minPinLength: true, webauthn:extension:prf: true, webauthn:virtualAuthenticators: true}
Session ID: 75e144bc013ca96d445a2e66d92eec33
2025-05-22 13:27:12 [main] INFO  l.i.u.t.SubmittedApplicationsPageTest - Marking 'Ne' radio button 6
2025-05-22 13:27:22 [main] ERROR l.i.u.p.SubmittedApplicationsPage - Error selecting radio button: Expected condition failed: waiting for element to be clickable: By.xpath: (//input[@type='radio' and @value='true'])[14] (tried for 10 second(s) with 500 milliseconds interval)
Build info: version: '4.27.0', revision: 'd6e718d134'
System info: os.name: 'Windows 11', os.arch: 'amd64', os.version: '10.0', java.version: '21.0.3'
Driver info: org.openqa.selenium.chrome.ChromeDriver
Capabilities {acceptInsecureCerts: false, browserName: chrome, browserVersion: 136.0.7103.114, chrome: {chromedriverVersion: 136.0.7103.113 (76fa3c17824..., userDataDir: C:\Users\INGRID~1.ZAD\AppDa...}, fedcm:accounts: true, goog:chromeOptions: {debuggerAddress: localhost:52412}, networkConnectionEnabled: false, pageLoadStrategy: normal, platformName: windows, proxy: Proxy(), se:cdp: ws://localhost:52412/devtoo..., se:cdpVersion: 136.0.7103.114, setWindowRect: true, strictFileInteractability: false, timeouts: {implicit: 0, pageLoad: 300000, script: 30000}, unhandledPromptBehavior: dismiss and notify, webauthn:extension:credBlob: true, webauthn:extension:largeBlob: true, webauthn:extension:minPinLength: true, webauthn:extension:prf: true, webauthn:virtualAuthenticators: true}
Session ID: 75e144bc013ca96d445a2e66d92eec33
2025-05-22 13:27:22 [main] INFO  l.i.u.t.SubmittedApplicationsPageTest - Marking 'Taip' radio button 7
2025-05-22 13:27:32 [main] ERROR l.i.u.p.SubmittedApplicationsPage - Error selecting radio button: Expected condition failed: waiting for element to be clickable: By.xpath: (//input[@type='radio' and @value='true'])[15] (tried for 10 second(s) with 500 milliseconds interval)
Build info: version: '4.27.0', revision: 'd6e718d134'
System info: os.name: 'Windows 11', os.arch: 'amd64', os.version: '10.0', java.version: '21.0.3'
Driver info: org.openqa.selenium.chrome.ChromeDriver
Capabilities {acceptInsecureCerts: false, browserName: chrome, browserVersion: 136.0.7103.114, chrome: {chromedriverVersion: 136.0.7103.113 (76fa3c17824..., userDataDir: C:\Users\INGRID~1.ZAD\AppDa...}, fedcm:accounts: true, goog:chromeOptions: {debuggerAddress: localhost:52412}, networkConnectionEnabled: false, pageLoadStrategy: normal, platformName: windows, proxy: Proxy(), se:cdp: ws://localhost:52412/devtoo..., se:cdpVersion: 136.0.7103.114, setWindowRect: true, strictFileInteractability: false, timeouts: {implicit: 0, pageLoad: 300000, script: 30000}, unhandledPromptBehavior: dismiss and notify, webauthn:extension:credBlob: true, webauthn:extension:largeBlob: true, webauthn:extension:minPinLength: true, webauthn:extension:prf: true, webauthn:virtualAuthenticators: true}
Session ID: 75e144bc013ca96d445a2e66d92eec33
2025-05-22 13:27:32 [main] INFO  l.i.u.t.SubmittedApplicationsPageTest - Marking 'Taip' radio button 8
2025-05-22 13:27:42 [main] ERROR l.i.u.p.SubmittedApplicationsPage - Error selecting radio button: Expected condition failed: waiting for element to be clickable: By.xpath: (//input[@type='radio' and @value='true'])[16] (tried for 10 second(s) with 500 milliseconds interval)
Build info: version: '4.27.0', revision: 'd6e718d134'
System info: os.name: 'Windows 11', os.arch: 'amd64', os.version: '10.0', java.version: '21.0.3'
Driver info: org.openqa.selenium.chrome.ChromeDriver
Capabilities {acceptInsecureCerts: false, browserName: chrome, browserVersion: 136.0.7103.114, chrome: {chromedriverVersion: 136.0.7103.113 (76fa3c17824..., userDataDir: C:\Users\INGRID~1.ZAD\AppDa...}, fedcm:accounts: true, goog:chromeOptions: {debuggerAddress: localhost:52412}, networkConnectionEnabled: false, pageLoadStrategy: normal, platformName: windows, proxy: Proxy(), se:cdp: ws://localhost:52412/devtoo..., se:cdpVersion: 136.0.7103.114, setWindowRect: true, strictFileInteractability: false, timeouts: {implicit: 0, pageLoad: 300000, script: 30000}, unhandledPromptBehavior: dismiss and notify, webauthn:extension:credBlob: true, webauthn:extension:largeBlob: true, webauthn:extension:minPinLength: true, webauthn:extension:prf: true, webauthn:virtualAuthenticators: true}
Session ID: 75e144bc013ca96d445a2e66d92eec33
2025-05-22 13:27:42 [main] INFO  l.i.u.t.SubmittedApplicationsPageTest - Marking 'Taip' radio button 9
2025-05-22 13:27:52 [main] ERROR l.i.u.p.SubmittedApplicationsPage - Error selecting radio button: Expected condition failed: waiting for element to be clickable: By.xpath: (//input[@type='radio' and @value='true'])[17] (tried for 10 second(s) with 500 milliseconds interval)
Build info: version: '4.27.0', revision: 'd6e718d134'
System info: os.name: 'Windows 11', os.arch: 'amd64', os.version: '10.0', java.version: '21.0.3'
Driver info: org.openqa.selenium.chrome.ChromeDriver
Capabilities {acceptInsecureCerts: false, browserName: chrome, browserVersion: 136.0.7103.114, chrome: {chromedriverVersion: 136.0.7103.113 (76fa3c17824..., userDataDir: C:\Users\INGRID~1.ZAD\AppDa...}, fedcm:accounts: true, goog:chromeOptions: {debuggerAddress: localhost:52412}, networkConnectionEnabled: false, pageLoadStrategy: normal, platformName: windows, proxy: Proxy(), se:cdp: ws://localhost:52412/devtoo..., se:cdpVersion: 136.0.7103.114, setWindowRect: true, strictFileInteractability: false, timeouts: {implicit: 0, pageLoad: 300000, script: 30000}, unhandledPromptBehavior: dismiss and notify, webauthn:extension:credBlob: true, webauthn:extension:largeBlob: true, webauthn:extension:minPinLength: true, webauthn:extension:prf: true, webauthn:virtualAuthenticators: true}
Session ID: 75e144bc013ca96d445a2e66d92eec33
2025-05-22 13:27:52 [main] INFO  l.i.u.t.SubmittedApplicationsPageTest - Marking 'Taip' radio button 10
2025-05-22 13:28:02 [main] ERROR l.i.u.p.SubmittedApplicationsPage - Error selecting radio button: Expected condition failed: waiting for element to be clickable: By.xpath: (//input[@type='radio' and @value='true'])[18] (tried for 10 second(s) with 500 milliseconds interval)
Build info: version: '4.27.0', revision: 'd6e718d134'
System info: os.name: 'Windows 11', os.arch: 'amd64', os.version: '10.0', java.version: '21.0.3'
Driver info: org.openqa.selenium.chrome.ChromeDriver
Capabilities {acceptInsecureCerts: false, browserName: chrome, browserVersion: 136.0.7103.114, chrome: {chromedriverVersion: 136.0.7103.113 (76fa3c17824..., userDataDir: C:\Users\INGRID~1.ZAD\AppDa...}, fedcm:accounts: true, goog:chromeOptions: {debuggerAddress: localhost:52412}, networkConnectionEnabled: false, pageLoadStrategy: normal, platformName: windows, proxy: Proxy(), se:cdp: ws://localhost:52412/devtoo..., se:cdpVersion: 136.0.7103.114, setWindowRect: true, strictFileInteractability: false, timeouts: {implicit: 0, pageLoad: 300000, script: 30000}, unhandledPromptBehavior: dismiss and notify, webauthn:extension:credBlob: true, webauthn:extension:largeBlob: true, webauthn:extension:minPinLength: true, webauthn:extension:prf: true, webauthn:virtualAuthenticators: true}
Session ID: 75e144bc013ca96d445a2e66d92eec33
2025-05-22 13:28:02 [main] INFO  l.i.u.t.SubmittedApplicationsPageTest - Marking 'Taip' radio button 11
2025-05-22 13:28:12 [main] ERROR l.i.u.p.SubmittedApplicationsPage - Error selecting radio button: Expected condition failed: waiting for element to be clickable: By.xpath: (//input[@type='radio' and @value='true'])[19] (tried for 10 second(s) with 500 milliseconds interval)
Build info: version: '4.27.0', revision: 'd6e718d134'
System info: os.name: 'Windows 11', os.arch: 'amd64', os.version: '10.0', java.version: '21.0.3'
Driver info: org.openqa.selenium.chrome.ChromeDriver
Capabilities {acceptInsecureCerts: false, browserName: chrome, browserVersion: 136.0.7103.114, chrome: {chromedriverVersion: 136.0.7103.113 (76fa3c17824..., userDataDir: C:\Users\INGRID~1.ZAD\AppDa...}, fedcm:accounts: true, goog:chromeOptions: {debuggerAddress: localhost:52412}, networkConnectionEnabled: false, pageLoadStrategy: normal, platformName: windows, proxy: Proxy(), se:cdp: ws://localhost:52412/devtoo..., se:cdpVersion: 136.0.7103.114, setWindowRect: true, strictFileInteractability: false, timeouts: {implicit: 0, pageLoad: 300000, script: 30000}, unhandledPromptBehavior: dismiss and notify, webauthn:extension:credBlob: true, webauthn:extension:largeBlob: true, webauthn:extension:minPinLength: true, webauthn:extension:prf: true, webauthn:virtualAuthenticators: true}
Session ID: 75e144bc013ca96d445a2e66d92eec33
2025-05-22 13:28:12 [main] INFO  l.i.u.t.SubmittedApplicationsPageTest - Marking 'Taip' radio button 12
2025-05-22 13:28:22 [main] DEBUG l.i.u.t.SubmittedApplicationsPageTest - Checked 'ConfirmationStepFour'
2025-05-22 13:28:22 [main] DEBUG l.i.u.t.SubmittedApplicationsPageTest - Clicked 'Next' button after checkboxes.
2025-05-22 13:28:22 [main] INFO  l.i.u.p.SubmittedApplicationsPage - File uploaded successfully to an input element.
2025-05-22 13:28:22 [main] INFO  l.i.u.p.SubmittedApplicationsPage - File uploaded successfully to an input element.
2025-05-22 13:28:22 [main] INFO  l.i.u.p.SubmittedApplicationsPage - File uploaded successfully to an input element.
2025-05-22 13:28:22 [main] INFO  l.i.u.p.SubmittedApplicationsPage - File uploaded successfully to an input element.
2025-05-22 13:28:23 [main] INFO  l.i.u.p.SubmittedApplicationsPage - File uploaded successfully to an input element.
2025-05-22 13:28:23 [main] INFO  l.i.u.p.SubmittedApplicationsPage - File uploaded successfully to an input element.
2025-05-22 13:28:23 [main] INFO  l.i.u.p.SubmittedApplicationsPage - File uploaded successfully to an input element.
2025-05-22 13:28:23 [main] INFO  l.i.u.p.SubmittedApplicationsPage - File uploaded successfully to an input element.
2025-05-22 13:28:23 [main] INFO  l.i.u.p.SubmittedApplicationsPage - File uploaded successfully to an input element.
2025-05-22 13:28:23 [main] INFO  l.i.u.p.SubmittedApplicationsPage - File uploaded successfully to an input element.
2025-05-22 13:28:23 [main] DEBUG l.i.u.t.SubmittedApplicationsPageTest - Entered program name: 'Dokumentas 1'.
2025-05-22 13:28:23 [main] DEBUG l.i.u.t.SubmittedApplicationsPageTest - Entered program name: 'Dokumentas 2'.
2025-05-22 13:28:23 [main] DEBUG l.i.u.t.SubmittedApplicationsPageTest - Entered program name: 'Dokumentas 3'.
2025-05-22 13:28:23 [main] DEBUG l.i.u.t.SubmittedApplicationsPageTest - Entered program name: 'Dokumentas 4'.
2025-05-22 13:28:24 [main] DEBUG l.i.u.t.SubmittedApplicationsPageTest - Entered program name: 'Dokumentas 5'.
2025-05-22 13:28:24 [main] DEBUG l.i.u.t.SubmittedApplicationsPageTest - Entered program name: 'Dokumentas 6'.
2025-05-22 13:28:24 [main] DEBUG l.i.u.t.SubmittedApplicationsPageTest - Entered program name: 'Dokumentas 4'.
2025-05-22 13:28:24 [main] DEBUG l.i.u.t.SubmittedApplicationsPageTest - Entered program name: 'Dokumentas 8'.
2025-05-22 13:28:24 [main] DEBUG l.i.u.t.SubmittedApplicationsPageTest - Entered program name: 'Dokumentas 9'.
2025-05-22 13:28:24 [main] DEBUG l.i.u.t.SubmittedApplicationsPageTest - Entered program name: 'Dokumentas 10'.
2025-05-22 13:28:34 [main] DEBUG l.i.u.t.SubmittedApplicationsPageTest - Checked 'ConfirmationDocument'
2025-05-22 13:28:44 [main] DEBUG l.i.u.t.SubmittedApplicationsPageTest - Checked 'ConfirmationApplication'
2025-05-22 13:28:45 [main] DEBUG l.i.u.t.SubmittedApplicationsPageTest - Clicked 'SaveDraft' button after checkboxes.
2025-05-22 13:28:45 [main] DEBUG l.i.uztis.pages.ApplicationFormsPage - Verified success message: 'Ruošinys sėkmingai išsaugotas.'
2025-05-22 13:28:45 [main] INFO  l.i.u.t.SubmittedApplicationsPageTest - Verified success message
2025-05-22 13:28:45 [main] DEBUG l.i.u.t.SubmittedApplicationsPageTest - Clicked 'Review' button after checkboxes.
2025-05-22 13:28:47 [main] DEBUG l.i.u.t.SubmittedApplicationsPageTest - Clicked 'Submit' button after checkboxes.
2025-05-22 13:28:47 [main] DEBUG l.i.u.t.SubmittedApplicationsPageTest - Clicked 'SubmitConfirmation' button after checkboxes.
2025-05-22 13:28:47 [main] ERROR l.i.uztis.pages.ApplicationFormsPage - Failed to verify the success message: 'Paraiška sėkmingai pateikta ir užregistruota.'. Available messages: [Ruošinys sėkmingai išsaugotas.]
2025-05-22 13:28:47 [main] INFO  l.i.u.t.SubmittedApplicationsPageTest - Test 'testFillNewVUIApplicationFA' completed successfully.
2025-05-22 13:29:14 [main] INFO  lt.insoft.uztis.tests.UztisPageTest - Navigated to https://uztisdev.asseco.lt/home
2025-05-22 13:29:14 [main] INFO  l.i.u.t.SubmittedApplicationsPageTest - Starting test:'testAddEvaluators'
2025-05-22 13:29:14 [main] INFO  l.insoft.uztis.tests.utils.TestUtils - Login attempt with user: evaluation_chief
2025-05-22 13:29:14 [main] DEBUG l.i.u.t.SubmittedApplicationsPageTest - User logged in with test credentials
2025-05-22 13:29:15 [main] DEBUG l.i.u.t.SubmittedApplicationsPageTest - Opened 'Application Processing' menu.
2025-05-22 13:29:15 [main] DEBUG l.i.u.t.SubmittedApplicationsPageTest - Clicked on 'Application Forms' menu.
2025-05-22 13:29:15 [main] DEBUG l.i.u.t.SubmittedApplicationsPageTest - Retrieved last description code text: 'TST-VUI-56'.
2025-05-22 13:29:16 [main] DEBUG l.i.u.t.SubmittedApplicationsPageTest - Clicked on 'Invitation' menu.
2025-05-22 13:29:17 [main] DEBUG l.i.u.t.SubmittedApplicationsPageTest - Selected application section by code: 'TST-VUI-56'.
2025-05-22 13:29:17 [main] DEBUG l.i.u.t.SubmittedApplicationsPageTest - Clicked 'Search' button.
2025-05-22 13:29:17 [main] DEBUG l.i.u.t.SubmittedApplicationsPageTest - Retrieved invitation code: ''.
2025-05-22 13:29:17 [main] DEBUG l.i.u.t.SubmittedApplicationsPageTest - Clicked on 'Submitted Applications' menu.
2025-05-22 13:29:19 [main] DEBUG l.i.u.t.SubmittedApplicationsPageTest - Selected invitation by code: 'TST-VUI-56'.
2025-05-22 13:29:19 [main] DEBUG l.i.u.t.SubmittedApplicationsPageTest - Invitation code inserted.
2025-05-22 13:29:19 [main] DEBUG l.i.u.t.SubmittedApplicationsPageTest - Clicked on 'Action Application' button.
2025-05-22 13:29:20 [main] DEBUG l.i.u.t.SubmittedApplicationsPageTest - Clicked on 'Add Evaluators' button.
2025-05-22 13:29:20 [main] DEBUG l.i.u.t.SubmittedApplicationsPageTest - Entered first evaluation date.
2025-05-22 13:29:20 [main] DEBUG l.i.u.t.SubmittedApplicationsPageTest - Entered second evaluation date.
2025-05-22 13:29:20 [main] DEBUG l.i.u.t.SubmittedApplicationsPageTest - Entered third evaluation date.
2025-05-22 13:29:20 [main] DEBUG l.i.u.t.SubmittedApplicationsPageTest - Clicked on 'Add Evaluators' confirmation button.
2025-05-22 13:29:20 [main] DEBUG l.i.uztis.pages.ApplicationFormsPage - Verified success message: 'Paraiškų vertinimai sėkmingai priskirti vertintojams.'
2025-05-22 13:29:20 [main] INFO  l.i.u.t.SubmittedApplicationsPageTest - Verified success message
2025-05-22 13:29:20 [main] INFO  l.i.u.t.SubmittedApplicationsPageTest - Test 'testAddEvaluators' completed successfully.
2025-05-22 13:30:03 [main] INFO  lt.insoft.uztis.tests.UztisPageTest - Navigated to https://uztisdev.asseco.lt/home
2025-05-22 13:30:03 [main] INFO  l.i.uztis.tests.EvaluationsPageTest - Starting test:'testFillSaveDraftEvaluationOne'
2025-05-22 13:30:03 [main] INFO  l.i.uztis.tests.EvaluationsPageTest - Starting test:'testNavigateToEvaluationsPage'
2025-05-22 13:30:03 [main] INFO  l.insoft.uztis.tests.utils.TestUtils - Login attempt with user: evaluation_chief
2025-05-22 13:30:03 [main] DEBUG l.i.uztis.tests.EvaluationsPageTest - User logged in with test credentials
2025-05-22 13:30:04 [main] DEBUG l.i.uztis.tests.EvaluationsPageTest - Opened 'Application Processing' menu.
2025-05-22 13:30:04 [main] DEBUG l.i.uztis.tests.EvaluationsPageTest - Clicked on 'Evaluations' menu.
2025-05-22 13:30:04 [main] DEBUG l.i.uztis.tests.EvaluationsPageTest - Navigating to evaluations menu.
2025-05-22 13:30:04 [main] INFO  l.i.uztis.tests.EvaluationsPageTest - Test 'testNavigateToEvaluationsPage' completed successfully.
2025-05-22 13:30:05 [main] DEBUG l.i.uztis.tests.EvaluationsPageTest - Clicked on last evaluation.
2025-05-22 13:30:06 [main] DEBUG l.i.uztis.tests.EvaluationsPageTest - Clicked 'Edit'.
2025-05-22 13:30:09 [main] DEBUG l.i.uztis.tests.EvaluationsPageTest - Selected '1.1' radio button.
2025-05-22 13:30:12 [main] DEBUG l.i.uztis.tests.EvaluationsPageTest - Selected '1.2' radio button.
2025-05-22 13:30:15 [main] DEBUG l.i.uztis.tests.EvaluationsPageTest - Selected '1.3' radio button.
2025-05-22 13:30:18 [main] DEBUG l.i.uztis.tests.EvaluationsPageTest - Selected '1.4' radio button.
2025-05-22 13:30:19 [main] DEBUG l.i.uztis.tests.EvaluationsPageTest - Selected '1.5' radio button.
2025-05-22 13:30:21 [main] DEBUG l.i.uztis.tests.EvaluationsPageTest - Selected '2.1' radio button.
2025-05-22 13:30:22 [main] DEBUG l.i.uztis.tests.EvaluationsPageTest - Selected '3.1' radio button.
2025-05-22 13:30:23 [main] DEBUG l.i.uztis.tests.EvaluationsPageTest - Selected '4.2' radio button.
2025-05-22 13:30:25 [main] DEBUG l.i.uztis.tests.EvaluationsPageTest - Selected '5.1' radio button.
2025-05-22 13:30:26 [main] DEBUG l.i.uztis.tests.EvaluationsPageTest - Selected '5.2' radio button.
2025-05-22 13:30:28 [main] DEBUG l.i.uztis.tests.EvaluationsPageTest - Selected '6.1' radio button.
2025-05-22 13:30:29 [main] DEBUG l.i.uztis.tests.EvaluationsPageTest - Selected '6.2' radio button.
2025-05-22 13:30:30 [main] DEBUG l.i.uztis.tests.EvaluationsPageTest - Clicked on expansion panel 'Not Critical'.
2025-05-22 13:30:31 [main] DEBUG l.i.uztis.tests.EvaluationsPageTest - Selected '7' radio button.
2025-05-22 13:30:31 [main] DEBUG l.i.uztis.tests.EvaluationsPageTest - Selected '8_1' radio button.
2025-05-22 13:30:32 [main] DEBUG l.i.uztis.tests.EvaluationsPageTest - Selected '8_2' radio button.
2025-05-22 13:30:32 [main] DEBUG l.i.uztis.tests.EvaluationsPageTest - Selected '8_3' radio button.
2025-05-22 13:30:33 [main] DEBUG l.i.uztis.tests.EvaluationsPageTest - Selected '8_4' radio button.
2025-05-22 13:30:33 [main] DEBUG l.i.uztis.tests.EvaluationsPageTest - Selected '8_5' radio button.
2025-05-22 13:30:34 [main] DEBUG l.i.uztis.tests.EvaluationsPageTest - Selected '8_6' radio button.
2025-05-22 13:30:34 [main] DEBUG l.i.uztis.tests.EvaluationsPageTest - Selected '8_7' radio button.
2025-05-22 13:30:34 [main] DEBUG l.i.uztis.tests.EvaluationsPageTest - Selected '8_8' radio button.
2025-05-22 13:30:35 [main] DEBUG l.i.uztis.tests.EvaluationsPageTest - Selected '8_9' radio button.
2025-05-22 13:30:35 [main] DEBUG l.i.uztis.tests.EvaluationsPageTest - Selected '8_10' radio button.
2025-05-22 13:30:36 [main] DEBUG l.i.uztis.tests.EvaluationsPageTest - Selected '9' radio button.
2025-05-22 13:30:36 [main] DEBUG l.i.uztis.tests.EvaluationsPageTest - Selected '10.1' radio button.
2025-05-22 13:30:37 [main] DEBUG l.i.uztis.tests.EvaluationsPageTest - Selected '10.2' radio button.
2025-05-22 13:30:37 [main] DEBUG l.i.uztis.tests.EvaluationsPageTest - Selected '10.3' radio button.
2025-05-22 13:30:38 [main] DEBUG l.i.uztis.tests.EvaluationsPageTest - Entered  explanation: 'Balas pakoreduotas ranka'.
2025-05-22 13:30:38 [main] DEBUG l.i.uztis.tests.EvaluationsPageTest - Clicked 'Save Draft'.
2025-05-22 13:30:38 [main] DEBUG l.i.uztis.pages.ApplicationFormsPage - Verified success message: 'Duomenys sėkmingai išsaugoti.'
2025-05-22 13:30:38 [main] INFO  l.i.uztis.tests.EvaluationsPageTest - Verified success message
2025-05-22 13:30:38 [main] INFO  l.i.uztis.tests.EvaluationsPageTest - Test 'testFillSaveDraftEvaluationOne' completed successfully.
2025-05-22 13:30:50 [main] INFO  lt.insoft.uztis.tests.UztisPageTest - Navigated to https://uztisdev.asseco.lt/home
2025-05-22 13:30:50 [main] INFO  l.i.uztis.tests.EvaluationsPageTest - Starting test:'testConfirmEvaluationOne'
2025-05-22 13:30:50 [main] INFO  l.i.uztis.tests.EvaluationsPageTest - Starting test:'testNavigateToEvaluationsPage'
2025-05-22 13:30:51 [main] INFO  l.insoft.uztis.tests.utils.TestUtils - Login attempt with user: evaluation_chief
2025-05-22 13:30:51 [main] DEBUG l.i.uztis.tests.EvaluationsPageTest - User logged in with test credentials
2025-05-22 13:30:51 [main] DEBUG l.i.uztis.tests.EvaluationsPageTest - Opened 'Application Processing' menu.
2025-05-22 13:30:51 [main] DEBUG l.i.uztis.tests.EvaluationsPageTest - Clicked on 'Evaluations' menu.
2025-05-22 13:30:51 [main] DEBUG l.i.uztis.tests.EvaluationsPageTest - Navigating to evaluations menu.
2025-05-22 13:30:51 [main] INFO  l.i.uztis.tests.EvaluationsPageTest - Test 'testNavigateToEvaluationsPage' completed successfully.
2025-05-22 13:30:52 [main] DEBUG l.i.uztis.tests.EvaluationsPageTest - Clicked on last evaluation.
2025-05-22 13:30:52 [main] DEBUG l.i.uztis.tests.EvaluationsPageTest - Clicked 'Edit'.
2025-05-22 13:30:56 [main] DEBUG l.i.uztis.tests.EvaluationsPageTest - Clicked 'Confirm'.
2025-05-22 13:30:58 [main] DEBUG l.i.uztis.tests.EvaluationsPageTest - Clicked 'Confirm Confirmation'.
2025-05-22 13:30:59 [main] DEBUG l.i.uztis.tests.EvaluationsPageTest - Fetched label text: Įvertinta
2025-05-22 13:30:59 [main] INFO  l.i.uztis.tests.EvaluationsPageTest - Verified that the label text matches the expected value.
2025-05-22 13:30:59 [main] INFO  l.i.uztis.tests.EvaluationsPageTest - Test 'testConfirmEvaluationOne' completed successfully.
2025-05-22 13:31:08 [main] INFO  lt.insoft.uztis.tests.UztisPageTest - Navigated to https://uztisdev.asseco.lt/home
2025-05-22 13:31:08 [main] INFO  l.i.uztis.tests.EvaluationsPageTest - Starting test:'testFillSaveDraftEvaluationTwo'
2025-05-22 13:31:08 [main] INFO  l.i.uztis.tests.EvaluationsPageTest - Starting test:'testNavigateToEvaluationsPage'
2025-05-22 13:31:08 [main] INFO  l.insoft.uztis.tests.utils.TestUtils - Login attempt with user: evaluation_chief
2025-05-22 13:31:08 [main] DEBUG l.i.uztis.tests.EvaluationsPageTest - User logged in with test credentials
2025-05-22 13:31:09 [main] DEBUG l.i.uztis.tests.EvaluationsPageTest - Opened 'Application Processing' menu.
2025-05-22 13:31:09 [main] DEBUG l.i.uztis.tests.EvaluationsPageTest - Clicked on 'Evaluations' menu.
2025-05-22 13:31:09 [main] DEBUG l.i.uztis.tests.EvaluationsPageTest - Navigating to evaluations menu.
2025-05-22 13:31:09 [main] INFO  l.i.uztis.tests.EvaluationsPageTest - Test 'testNavigateToEvaluationsPage' completed successfully.
2025-05-22 13:31:10 [main] DEBUG l.i.uztis.tests.EvaluationsPageTest - Clicked on last evaluation.
2025-05-22 13:31:10 [main] DEBUG l.i.uztis.tests.EvaluationsPageTest - Clicked 'Edit'.
2025-05-22 13:31:11 [main] DEBUG l.i.uztis.tests.EvaluationsPageTest - Entered commission date.
2025-05-22 13:31:11 [main] DEBUG l.i.uztis.tests.EvaluationsPageTest - Selected 'Without Commission' radio button.
2025-05-22 13:31:11 [main] DEBUG l.i.uztis.tests.EvaluationsPageTest - Entered chairman name: 'Pirmininkas Pirmininkauskas'.
2025-05-22 13:31:11 [main] DEBUG l.i.uztis.tests.EvaluationsPageTest - Entered member name: 'Narys Narauskas'.
2025-05-22 13:31:12 [main] DEBUG l.i.uztis.tests.EvaluationsPageTest - Clicked 'Continue'.
2025-05-22 13:31:12 [main] DEBUG l.i.uztis.tests.EvaluationsPageTest - Entered score edition: '9'.
2025-05-22 13:31:12 [main] DEBUG l.i.uztis.tests.EvaluationsPageTest - Entered chairman score: '10'.
2025-05-22 13:31:12 [main] DEBUG l.i.uztis.tests.EvaluationsPageTest - Entered member score: '11'.
2025-05-22 13:31:12 [main] DEBUG l.i.uztis.tests.EvaluationsPageTest - Entered conclusion: 'Išvada - palanki'.
2025-05-22 13:31:13 [main] DEBUG l.i.uztis.tests.EvaluationsPageTest - Entered  explanation: 'Balas pakoreduotas ranka'.
2025-05-22 13:31:13 [main] DEBUG l.i.uztis.tests.EvaluationsPageTest - Clicked 'Save Draft'.
2025-05-22 13:31:13 [main] DEBUG l.i.uztis.pages.ApplicationFormsPage - Verified success message: 'Duomenys sėkmingai išsaugoti.'
2025-05-22 13:31:13 [main] INFO  l.i.uztis.tests.EvaluationsPageTest - Verified success message
2025-05-22 13:31:13 [main] INFO  l.i.uztis.tests.EvaluationsPageTest - Test 'testFillSaveDraftEvaluationTwo' completed successfully.
2025-05-22 13:31:24 [main] INFO  lt.insoft.uztis.tests.UztisPageTest - Navigated to https://uztisdev.asseco.lt/home
2025-05-22 13:31:24 [main] INFO  l.i.uztis.tests.EvaluationsPageTest - Starting test:'testConfirmEvaluationTwo'
2025-05-22 13:31:24 [main] INFO  l.i.uztis.tests.EvaluationsPageTest - Starting test:'testNavigateToEvaluationsPage'
2025-05-22 13:31:25 [main] INFO  l.insoft.uztis.tests.utils.TestUtils - Login attempt with user: evaluation_chief
2025-05-22 13:31:25 [main] DEBUG l.i.uztis.tests.EvaluationsPageTest - User logged in with test credentials
2025-05-22 13:31:25 [main] DEBUG l.i.uztis.tests.EvaluationsPageTest - Opened 'Application Processing' menu.
2025-05-22 13:31:25 [main] DEBUG l.i.uztis.tests.EvaluationsPageTest - Clicked on 'Evaluations' menu.
2025-05-22 13:31:25 [main] DEBUG l.i.uztis.tests.EvaluationsPageTest - Navigating to evaluations menu.
2025-05-22 13:31:25 [main] INFO  l.i.uztis.tests.EvaluationsPageTest - Test 'testNavigateToEvaluationsPage' completed successfully.
2025-05-22 13:31:26 [main] DEBUG l.i.uztis.tests.EvaluationsPageTest - Clicked on last evaluation.
2025-05-22 13:31:26 [main] DEBUG l.i.uztis.tests.EvaluationsPageTest - Clicked 'Edit'.
2025-05-22 13:31:27 [main] DEBUG l.i.uztis.tests.EvaluationsPageTest - Clicked 'Continue'.
2025-05-22 13:31:27 [main] DEBUG l.i.uztis.tests.EvaluationsPageTest - Entered conclusion: 'Išvada - papildyta'.
2025-05-22 13:31:27 [main] DEBUG l.i.uztis.tests.EvaluationsPageTest - Entered  explanation: '; Išvada pakoreduota ranka'.
2025-05-22 13:31:27 [main] DEBUG l.i.uztis.tests.EvaluationsPageTest - Clicked 'Confirm'.
2025-05-22 13:31:27 [main] DEBUG l.i.uztis.tests.EvaluationsPageTest - Clicked 'Confirm Confirmation'.
2025-05-22 13:31:28 [main] DEBUG l.i.uztis.tests.EvaluationsPageTest - Fetched label text: Įvertinta
2025-05-22 13:31:28 [main] INFO  l.i.uztis.tests.EvaluationsPageTest - Verified that the label text matches the expected value.
2025-05-22 13:31:28 [main] INFO  l.i.uztis.tests.EvaluationsPageTest - Test 'testConfirmEvaluationTwo' completed successfully.
2025-05-22 13:31:39 [main] INFO  lt.insoft.uztis.tests.UztisPageTest - Navigated to https://uztisdev.asseco.lt/home
2025-05-22 13:31:40 [main] INFO  l.i.uztis.tests.EvaluationsPageTest - Starting test:'testFillSaveDraftEvaluationThree'
2025-05-22 13:31:40 [main] INFO  l.i.uztis.tests.EvaluationsPageTest - Starting test:'testNavigateToEvaluationsPage'
2025-05-22 13:31:40 [main] INFO  l.insoft.uztis.tests.utils.TestUtils - Login attempt with user: evaluation_chief
2025-05-22 13:31:40 [main] DEBUG l.i.uztis.tests.EvaluationsPageTest - User logged in with test credentials
2025-05-22 13:31:41 [main] DEBUG l.i.uztis.tests.EvaluationsPageTest - Opened 'Application Processing' menu.
2025-05-22 13:31:41 [main] DEBUG l.i.uztis.tests.EvaluationsPageTest - Clicked on 'Evaluations' menu.
2025-05-22 13:31:41 [main] DEBUG l.i.uztis.tests.EvaluationsPageTest - Navigating to evaluations menu.
2025-05-22 13:31:41 [main] INFO  l.i.uztis.tests.EvaluationsPageTest - Test 'testNavigateToEvaluationsPage' completed successfully.
2025-05-22 13:31:41 [main] DEBUG l.i.uztis.tests.EvaluationsPageTest - Clicked on last evaluation.
2025-05-22 13:31:42 [main] DEBUG l.i.uztis.tests.EvaluationsPageTest - Clicked 'Edit'.
2025-05-22 13:31:42 [main] DEBUG l.i.uztis.tests.EvaluationsPageTest - Entered commission date.
2025-05-22 13:31:42 [main] DEBUG l.i.uztis.tests.EvaluationsPageTest - Selected 'Without Commission' radio button.
2025-05-22 13:31:43 [main] DEBUG l.i.uztis.tests.EvaluationsPageTest - Entered chairman name: 'Pirmininkas Pirmininkauskas'.
2025-05-22 13:31:43 [main] DEBUG l.i.uztis.tests.EvaluationsPageTest - Entered member name: 'Narys Narauskas'.
2025-05-22 13:31:43 [main] DEBUG l.i.uztis.tests.EvaluationsPageTest - Clicked 'Continue'.
2025-05-22 13:31:43 [main] DEBUG l.i.uztis.tests.EvaluationsPageTest - Entered chairman score 1: '1'.
2025-05-22 13:31:43 [main] DEBUG l.i.uztis.tests.EvaluationsPageTest - Entered member score 1: '2'.
2025-05-22 13:31:44 [main] DEBUG l.i.uztis.tests.EvaluationsPageTest - Entered member conclusion 1: 'Išvada - palanki 1'.
2025-05-22 13:31:44 [main] DEBUG l.i.uztis.tests.EvaluationsPageTest - Entered chairman score 2: '3'.
2025-05-22 13:31:44 [main] DEBUG l.i.uztis.tests.EvaluationsPageTest - Entered member score 2: '4'.
2025-05-22 13:31:44 [main] DEBUG l.i.uztis.tests.EvaluationsPageTest - Entered member conclusion 2: 'Išvada - palanki 2'.
2025-05-22 13:31:44 [main] DEBUG l.i.uztis.tests.EvaluationsPageTest - Entered chairman score 3: '5'.
2025-05-22 13:31:44 [main] DEBUG l.i.uztis.tests.EvaluationsPageTest - Entered member score 3: '6'.
2025-05-22 13:31:44 [main] DEBUG l.i.uztis.tests.EvaluationsPageTest - Entered member conclusion 3: 'Išvada - palanki 3'.
2025-05-22 13:31:45 [main] DEBUG l.i.uztis.tests.EvaluationsPageTest - Entered chairman score 4: '7'.
2025-05-22 13:31:45 [main] DEBUG l.i.uztis.tests.EvaluationsPageTest - Entered member score 4: '8'.
2025-05-22 13:31:45 [main] DEBUG l.i.uztis.tests.EvaluationsPageTest - Entered member conclusion 4: 'Išvada - palanki 4'.
2025-05-22 13:31:45 [main] DEBUG l.i.uztis.tests.EvaluationsPageTest - Entered chairman score 5: '9'.
2025-05-22 13:31:45 [main] DEBUG l.i.uztis.tests.EvaluationsPageTest - Entered member score 5: '10'.
2025-05-22 13:31:45 [main] DEBUG l.i.uztis.tests.EvaluationsPageTest - Entered member conclusion 5: 'Išvada - palanki 5'.
2025-05-22 13:31:45 [main] DEBUG l.i.uztis.tests.EvaluationsPageTest - Clicked 'Save Draft'.
2025-05-22 13:31:46 [main] DEBUG l.i.uztis.pages.ApplicationFormsPage - Verified success message: 'Duomenys sėkmingai išsaugoti.'
2025-05-22 13:31:46 [main] INFO  l.i.uztis.tests.EvaluationsPageTest - Verified success message
2025-05-22 13:31:46 [main] INFO  l.i.uztis.tests.EvaluationsPageTest - Test 'testFillSaveDraftEvaluationThree' completed successfully.
2025-05-22 13:31:57 [main] INFO  lt.insoft.uztis.tests.UztisPageTest - Navigated to https://uztisdev.asseco.lt/home
2025-05-22 13:31:57 [main] INFO  l.i.uztis.tests.EvaluationsPageTest - Starting test:'testConfirmEvaluationThree'
2025-05-22 13:31:57 [main] INFO  l.i.uztis.tests.EvaluationsPageTest - Starting test:'testNavigateToEvaluationsPage'
2025-05-22 13:31:58 [main] INFO  l.insoft.uztis.tests.utils.TestUtils - Login attempt with user: evaluation_chief
2025-05-22 13:31:58 [main] DEBUG l.i.uztis.tests.EvaluationsPageTest - User logged in with test credentials
2025-05-22 13:31:59 [main] DEBUG l.i.uztis.tests.EvaluationsPageTest - Opened 'Application Processing' menu.
2025-05-22 13:31:59 [main] DEBUG l.i.uztis.tests.EvaluationsPageTest - Clicked on 'Evaluations' menu.
2025-05-22 13:31:59 [main] DEBUG l.i.uztis.tests.EvaluationsPageTest - Navigating to evaluations menu.
2025-05-22 13:31:59 [main] INFO  l.i.uztis.tests.EvaluationsPageTest - Test 'testNavigateToEvaluationsPage' completed successfully.
2025-05-22 13:31:59 [main] DEBUG l.i.uztis.tests.EvaluationsPageTest - Clicked on last evaluation.
2025-05-22 13:32:00 [main] DEBUG l.i.uztis.tests.EvaluationsPageTest - Clicked 'Edit'.
2025-05-22 13:32:01 [main] DEBUG l.i.uztis.tests.EvaluationsPageTest - Clicked 'Continue'.
2025-05-22 13:32:01 [main] DEBUG l.i.uztis.tests.EvaluationsPageTest - Clicked 'Confirm'.
2025-05-22 13:32:01 [main] DEBUG l.i.uztis.tests.EvaluationsPageTest - Clicked 'Confirm Confirmation'.
2025-05-22 13:32:02 [main] DEBUG l.i.uztis.tests.EvaluationsPageTest - Fetched label text: Įvertinta
2025-05-22 13:32:02 [main] INFO  l.i.uztis.tests.EvaluationsPageTest - Verified that the label text matches the expected value.
2025-05-22 13:32:02 [main] INFO  l.i.uztis.tests.EvaluationsPageTest - Test 'testConfirmEvaluationThree' completed successfully.
2025-05-22 13:32:17 [main] INFO  lt.insoft.uztis.tests.UztisPageTest - Navigated to https://uztisdev.asseco.lt/home
2025-05-22 13:32:17 [main] INFO  l.insoft.uztis.tests.FundingPageTest - Starting test:'testFundApplication'
2025-05-22 13:32:18 [main] INFO  l.insoft.uztis.tests.utils.TestUtils - Login attempt with user: evaluation_chief
2025-05-22 13:32:18 [main] DEBUG l.insoft.uztis.tests.FundingPageTest - User logged in with test credentials
2025-05-22 13:32:18 [main] DEBUG l.insoft.uztis.tests.FundingPageTest - Opened 'Application Processing' menu.
2025-05-22 13:32:18 [main] DEBUG l.insoft.uztis.tests.FundingPageTest - Clicked on 'Application Forms' menu.
2025-05-22 13:32:19 [main] DEBUG l.insoft.uztis.tests.FundingPageTest - Retrieved last description code text: 'TST-VUI-56'.
2025-05-22 13:32:19 [main] DEBUG l.insoft.uztis.tests.FundingPageTest - Clicked on 'Invitation' menu.
2025-05-22 13:32:21 [main] DEBUG l.insoft.uztis.tests.FundingPageTest - Selected application section by code: 'TST-VUI-56'.
2025-05-22 13:32:21 [main] DEBUG l.insoft.uztis.tests.FundingPageTest - Clicked 'Search' button.
2025-05-22 13:32:21 [main] DEBUG l.insoft.uztis.tests.FundingPageTest - Retrieved invitation code: ''.
2025-05-22 13:32:21 [main] DEBUG l.insoft.uztis.tests.FundingPageTest - Clicked on 'Funding Queue' menu.
2025-05-22 13:32:23 [main] DEBUG l.insoft.uztis.tests.FundingPageTest - Selected invitation by code: 'TST-VUI-56'.
2025-05-22 13:32:23 [main] DEBUG l.insoft.uztis.tests.FundingPageTest - Invitation code inserted.
2025-05-22 13:32:23 [main] DEBUG l.insoft.uztis.tests.FundingPageTest - Clicked 'Form'.
2025-05-22 13:32:23 [main] DEBUG l.insoft.uztis.tests.FundingPageTest - Clicked 'Finance'.
2025-05-22 13:32:23 [main] DEBUG l.insoft.uztis.tests.FundingPageTest - Entered order number 'VUI_1'.
2025-05-22 13:32:23 [main] DEBUG l.insoft.uztis.tests.FundingPageTest - Clicked 'Finance Confirmation'.
2025-05-22 13:32:24 [main] DEBUG l.i.uztis.pages.ApplicationFormsPage - Verified success message: 'Funkcija sėkmingai atlikta.'
2025-05-22 13:32:24 [main] INFO  l.insoft.uztis.tests.FundingPageTest - Verified success message
2025-05-22 13:32:24 [main] INFO  l.insoft.uztis.tests.FundingPageTest - Test 'testFundApplication' completed successfully.
2025-05-22 13:32:58 [main] INFO  lt.insoft.uztis.tests.UztisPageTest - Navigated to https://uztisdev.asseco.lt/home
2025-05-22 13:32:58 [main] INFO  l.i.u.t.SubmittedApplicationsPageTest - Starting test:'testCreateProjects'
2025-05-22 13:32:58 [main] INFO  l.insoft.uztis.tests.utils.TestUtils - Login attempt with user: evaluation_chief
2025-05-22 13:32:58 [main] DEBUG l.i.u.t.SubmittedApplicationsPageTest - User logged in with test credentials
2025-05-22 13:32:59 [main] DEBUG l.i.u.t.SubmittedApplicationsPageTest - Opened 'Application Processing' menu.
2025-05-22 13:32:59 [main] DEBUG l.i.u.t.SubmittedApplicationsPageTest - Clicked on 'Application Forms' menu.
2025-05-22 13:32:59 [main] DEBUG l.i.u.t.SubmittedApplicationsPageTest - Retrieved last description code text: 'TST-VUI-56'.
2025-05-22 13:32:59 [main] DEBUG l.i.u.t.SubmittedApplicationsPageTest - Clicked on 'Invitation' menu.
2025-05-22 13:33:01 [main] DEBUG l.i.u.t.SubmittedApplicationsPageTest - Selected application section by code: 'TST-VUI-56'.
2025-05-22 13:33:01 [main] DEBUG l.i.u.t.SubmittedApplicationsPageTest - Clicked 'Search' button.
2025-05-22 13:33:02 [main] DEBUG l.i.u.t.SubmittedApplicationsPageTest - Retrieved invitation code: ''.
2025-05-22 13:33:02 [main] DEBUG l.i.u.t.SubmittedApplicationsPageTest - Clicked on 'Submitted Applications' menu.
2025-05-22 13:33:04 [main] DEBUG l.i.u.t.SubmittedApplicationsPageTest - Selected invitation by code: 'TST-VUI-56'.
2025-05-22 13:33:04 [main] DEBUG l.i.u.t.SubmittedApplicationsPageTest - Invitation code inserted.
2025-05-22 13:33:04 [main] DEBUG l.i.u.t.SubmittedApplicationsPageTest - Clicked on 'Action Application' button.
2025-05-22 13:33:04 [main] DEBUG l.i.u.t.SubmittedApplicationsPageTest - Clicked on 'Create Projects' button.
2025-05-22 13:33:14 [main] ERROR l.i.u.t.SubmittedApplicationsPageTest - Test 'testCreateProjects' failed with error: no such element: Unable to locate element: {"method":"xpath","selector":"//common-button[@btnclass='btn btn--primary']//button[text()='Kurti projektus']"}
  (Session info: chrome=136.0.7103.114)
For documentation on this error, please visit: https://www.selenium.dev/documentation/webdriver/troubleshooting/errors#no-such-element-exception
Build info: version: '4.27.0', revision: 'd6e718d134'
System info: os.name: 'Windows 11', os.arch: 'amd64', os.version: '10.0', java.version: '21.0.3'
Driver info: org.openqa.selenium.chrome.ChromeDriver
Command: [8b779b6bbab45fb879e3b270144ef435, findElement {value=//common-button[@btnclass='btn btn--primary']//button[text()='Kurti projektus'], using=xpath}]
Capabilities {acceptInsecureCerts: false, browserName: chrome, browserVersion: 136.0.7103.114, chrome: {chromedriverVersion: 136.0.7103.113 (76fa3c17824..., userDataDir: C:\Users\INGRID~1.ZAD\AppDa...}, fedcm:accounts: true, goog:chromeOptions: {debuggerAddress: localhost:52912}, networkConnectionEnabled: false, pageLoadStrategy: normal, platformName: windows, proxy: Proxy(), se:cdp: ws://localhost:52912/devtoo..., se:cdpVersion: 136.0.7103.114, setWindowRect: true, strictFileInteractability: false, timeouts: {implicit: 0, pageLoad: 300000, script: 30000}, unhandledPromptBehavior: dismiss and notify, webauthn:extension:credBlob: true, webauthn:extension:largeBlob: true, webauthn:extension:minPinLength: true, webauthn:extension:prf: true, webauthn:virtualAuthenticators: true}
Session ID: 8b779b6bbab45fb879e3b270144ef435
org.openqa.selenium.NoSuchElementException: no such element: Unable to locate element: {"method":"xpath","selector":"//common-button[@btnclass='btn btn--primary']//button[text()='Kurti projektus']"}
  (Session info: chrome=136.0.7103.114)
For documentation on this error, please visit: https://www.selenium.dev/documentation/webdriver/troubleshooting/errors#no-such-element-exception
Build info: version: '4.27.0', revision: 'd6e718d134'
System info: os.name: 'Windows 11', os.arch: 'amd64', os.version: '10.0', java.version: '21.0.3'
Driver info: org.openqa.selenium.chrome.ChromeDriver
Command: [8b779b6bbab45fb879e3b270144ef435, findElement {value=//common-button[@btnclass='btn btn--primary']//button[text()='Kurti projektus'], using=xpath}]
Capabilities {acceptInsecureCerts: false, browserName: chrome, browserVersion: 136.0.7103.114, chrome: {chromedriverVersion: 136.0.7103.113 (76fa3c17824..., userDataDir: C:\Users\INGRID~1.ZAD\AppDa...}, fedcm:accounts: true, goog:chromeOptions: {debuggerAddress: localhost:52912}, networkConnectionEnabled: false, pageLoadStrategy: normal, platformName: windows, proxy: Proxy(), se:cdp: ws://localhost:52912/devtoo..., se:cdpVersion: 136.0.7103.114, setWindowRect: true, strictFileInteractability: false, timeouts: {implicit: 0, pageLoad: 300000, script: 30000}, unhandledPromptBehavior: dismiss and notify, webauthn:extension:credBlob: true, webauthn:extension:largeBlob: true, webauthn:extension:minPinLength: true, webauthn:extension:prf: true, webauthn:virtualAuthenticators: true}
Session ID: 8b779b6bbab45fb879e3b270144ef435
	at java.base/jdk.internal.reflect.DirectConstructorHandleAccessor.newInstance(DirectConstructorHandleAccessor.java:62)
	at java.base/java.lang.reflect.Constructor.newInstanceWithCaller(Constructor.java:502)
	at java.base/java.lang.reflect.Constructor.newInstance(Constructor.java:486)
	at org.openqa.selenium.remote.ErrorCodec.decode(ErrorCodec.java:167)
	at org.openqa.selenium.remote.codec.w3c.W3CHttpResponseCodec.decode(W3CHttpResponseCodec.java:138)
	at org.openqa.selenium.remote.codec.w3c.W3CHttpResponseCodec.decode(W3CHttpResponseCodec.java:50)
	at org.openqa.selenium.remote.HttpCommandExecutor.execute(HttpCommandExecutor.java:190)
	at org.openqa.selenium.remote.service.DriverCommandExecutor.invokeExecute(DriverCommandExecutor.java:216)
	at org.openqa.selenium.remote.service.DriverCommandExecutor.execute(DriverCommandExecutor.java:174)
	at org.openqa.selenium.remote.RemoteWebDriver.execute(RemoteWebDriver.java:545)
	at org.openqa.selenium.remote.ElementLocation$ElementFinder$2.findElement(ElementLocation.java:165)
	at org.openqa.selenium.remote.ElementLocation.findElement(ElementLocation.java:59)
	at org.openqa.selenium.remote.RemoteWebDriver.findElement(RemoteWebDriver.java:368)
	at org.openqa.selenium.remote.RemoteWebDriver.findElement(RemoteWebDriver.java:362)
	at org.openqa.selenium.support.pagefactory.DefaultElementLocator.findElement(DefaultElementLocator.java:68)
	at org.openqa.selenium.support.pagefactory.internal.LocatingElementHandler.invoke(LocatingElementHandler.java:38)
	at jdk.proxy2/jdk.proxy2.$Proxy14.click(Unknown Source)
	at lt.insoft.uztis.pages.SubmittedApplicationsPage.clickButtonProjectsConfirmation(SubmittedApplicationsPage.java:503)
	at lt.insoft.uztis.tests.SubmittedApplicationsPageTest.testCreateProjects(SubmittedApplicationsPageTest.java:595)
	at java.base/jdk.internal.reflect.DirectMethodHandleAccessor.invoke(DirectMethodHandleAccessor.java:103)
	at java.base/java.lang.reflect.Method.invoke(Method.java:580)
	at org.junit.platform.commons.util.ReflectionUtils.invokeMethod(ReflectionUtils.java:728)
	at org.junit.jupiter.engine.execution.MethodInvocation.proceed(MethodInvocation.java:60)
	at org.junit.jupiter.engine.execution.InvocationInterceptorChain$ValidatingInvocation.proceed(InvocationInterceptorChain.java:131)
	at org.junit.jupiter.engine.extension.TimeoutExtension.intercept(TimeoutExtension.java:156)
	at org.junit.jupiter.engine.extension.TimeoutExtension.interceptTestableMethod(TimeoutExtension.java:147)
	at org.junit.jupiter.engine.extension.TimeoutExtension.interceptTestMethod(TimeoutExtension.java:86)
	at org.junit.jupiter.engine.execution.InterceptingExecutableInvoker$ReflectiveInterceptorCall.lambda$ofVoidMethod$0(InterceptingExecutableInvoker.java:103)
	at org.junit.jupiter.engine.execution.InterceptingExecutableInvoker.lambda$invoke$0(InterceptingExecutableInvoker.java:93)
	at org.junit.jupiter.engine.execution.InvocationInterceptorChain$InterceptedInvocation.proceed(InvocationInterceptorChain.java:106)
	at org.junit.jupiter.engine.execution.InvocationInterceptorChain.proceed(InvocationInterceptorChain.java:64)
	at org.junit.jupiter.engine.execution.InvocationInterceptorChain.chainAndInvoke(InvocationInterceptorChain.java:45)
	at org.junit.jupiter.engine.execution.InvocationInterceptorChain.invoke(InvocationInterceptorChain.java:37)
	at org.junit.jupiter.engine.execution.InterceptingExecutableInvoker.invoke(InterceptingExecutableInvoker.java:92)
	at org.junit.jupiter.engine.execution.InterceptingExecutableInvoker.invoke(InterceptingExecutableInvoker.java:86)
	at org.junit.jupiter.engine.descriptor.TestMethodTestDescriptor.lambda$invokeTestMethod$7(TestMethodTestDescriptor.java:218)
	at org.junit.platform.engine.support.hierarchical.ThrowableCollector.execute(ThrowableCollector.java:73)
	at org.junit.jupiter.engine.descriptor.TestMethodTestDescriptor.invokeTestMethod(TestMethodTestDescriptor.java:214)
	at org.junit.jupiter.engine.descriptor.TestMethodTestDescriptor.execute(TestMethodTestDescriptor.java:139)
	at org.junit.jupiter.engine.descriptor.TestMethodTestDescriptor.execute(TestMethodTestDescriptor.java:69)
	at org.junit.platform.engine.support.hierarchical.NodeTestTask.lambda$executeRecursively$6(NodeTestTask.java:151)
	at org.junit.platform.engine.support.hierarchical.ThrowableCollector.execute(ThrowableCollector.java:73)
	at org.junit.platform.engine.support.hierarchical.NodeTestTask.lambda$executeRecursively$8(NodeTestTask.java:141)
	at org.junit.platform.engine.support.hierarchical.Node.around(Node.java:137)
	at org.junit.platform.engine.support.hierarchical.NodeTestTask.lambda$executeRecursively$9(NodeTestTask.java:139)
	at org.junit.platform.engine.support.hierarchical.ThrowableCollector.execute(ThrowableCollector.java:73)
	at org.junit.platform.engine.support.hierarchical.NodeTestTask.executeRecursively(NodeTestTask.java:138)
	at org.junit.platform.engine.support.hierarchical.NodeTestTask.execute(NodeTestTask.java:95)
	at java.base/java.util.ArrayList.forEach(ArrayList.java:1596)
	at org.junit.platform.engine.support.hierarchical.SameThreadHierarchicalTestExecutorService.invokeAll(SameThreadHierarchicalTestExecutorService.java:41)
	at org.junit.platform.engine.support.hierarchical.NodeTestTask.lambda$executeRecursively$6(NodeTestTask.java:155)
	at org.junit.platform.engine.support.hierarchical.ThrowableCollector.execute(ThrowableCollector.java:73)
	at org.junit.platform.engine.support.hierarchical.NodeTestTask.lambda$executeRecursively$8(NodeTestTask.java:141)
	at org.junit.platform.engine.support.hierarchical.Node.around(Node.java:137)
	at org.junit.platform.engine.support.hierarchical.NodeTestTask.lambda$executeRecursively$9(NodeTestTask.java:139)
	at org.junit.platform.engine.support.hierarchical.ThrowableCollector.execute(ThrowableCollector.java:73)
	at org.junit.platform.engine.support.hierarchical.NodeTestTask.executeRecursively(NodeTestTask.java:138)
	at org.junit.platform.engine.support.hierarchical.NodeTestTask.execute(NodeTestTask.java:95)
	at java.base/java.util.ArrayList.forEach(ArrayList.java:1596)
	at org.junit.platform.engine.support.hierarchical.SameThreadHierarchicalTestExecutorService.invokeAll(SameThreadHierarchicalTestExecutorService.java:41)
	at org.junit.platform.engine.support.hierarchical.NodeTestTask.lambda$executeRecursively$6(NodeTestTask.java:155)
	at org.junit.platform.engine.support.hierarchical.ThrowableCollector.execute(ThrowableCollector.java:73)
	at org.junit.platform.engine.support.hierarchical.NodeTestTask.lambda$executeRecursively$8(NodeTestTask.java:141)
	at org.junit.platform.engine.support.hierarchical.Node.around(Node.java:137)
	at org.junit.platform.engine.support.hierarchical.NodeTestTask.lambda$executeRecursively$9(NodeTestTask.java:139)
	at org.junit.platform.engine.support.hierarchical.ThrowableCollector.execute(ThrowableCollector.java:73)
	at org.junit.platform.engine.support.hierarchical.NodeTestTask.executeRecursively(NodeTestTask.java:138)
	at org.junit.platform.engine.support.hierarchical.NodeTestTask.execute(NodeTestTask.java:95)
	at org.junit.platform.engine.support.hierarchical.SameThreadHierarchicalTestExecutorService.submit(SameThreadHierarchicalTestExecutorService.java:35)
	at org.junit.platform.engine.support.hierarchical.HierarchicalTestExecutor.execute(HierarchicalTestExecutor.java:57)
	at org.junit.platform.engine.support.hierarchical.HierarchicalTestEngine.execute(HierarchicalTestEngine.java:54)
	at org.junit.platform.launcher.core.EngineExecutionOrchestrator.execute(EngineExecutionOrchestrator.java:198)
	at org.junit.platform.launcher.core.EngineExecutionOrchestrator.execute(EngineExecutionOrchestrator.java:169)
	at org.junit.platform.launcher.core.EngineExecutionOrchestrator.execute(EngineExecutionOrchestrator.java:93)
	at org.junit.platform.launcher.core.EngineExecutionOrchestrator.lambda$execute$0(EngineExecutionOrchestrator.java:58)
	at org.junit.platform.launcher.core.EngineExecutionOrchestrator.withInterceptedStreams(EngineExecutionOrchestrator.java:141)
	at org.junit.platform.launcher.core.EngineExecutionOrchestrator.execute(EngineExecutionOrchestrator.java:57)
	at org.junit.platform.launcher.core.DefaultLauncher.execute(DefaultLauncher.java:103)
	at org.junit.platform.launcher.core.DefaultLauncher.execute(DefaultLauncher.java:85)
	at org.junit.platform.launcher.core.DelegatingLauncher.execute(DelegatingLauncher.java:47)
	at org.junit.platform.launcher.core.SessionPerRequestLauncher.execute(SessionPerRequestLauncher.java:63)
	at com.intellij.junit5.JUnit5IdeaTestRunner.startRunnerWithArgs(JUnit5IdeaTestRunner.java:57)
	at com.intellij.rt.junit.IdeaTestRunner$Repeater$1.execute(IdeaTestRunner.java:38)
	at com.intellij.rt.execution.junit.TestsRepeater.repeat(TestsRepeater.java:11)
	at com.intellij.rt.junit.IdeaTestRunner$Repeater.startRunnerWithArgs(IdeaTestRunner.java:35)
	at com.intellij.rt.junit.JUnitStarter.prepareStreamsAndStart(JUnitStarter.java:232)
	at com.intellij.rt.junit.JUnitStarter.main(JUnitStarter.java:55)
2025-05-22 13:33:14 [main] INFO  l.insoft.uztis.tests.utils.TestUtils - Screenshot moved to C:\Users\ingrida.zadorozniene\Desktop\Asm\UZTIS\UZTIS_tests\test-output\screenshots\20250522\133314790_testCreateProjects().png
2025-05-22 13:35:18 [main] INFO  lt.insoft.uztis.tests.UztisPageTest - Navigated to https://uztisdev.asseco.lt/home
2025-05-22 13:35:18 [main] INFO  l.i.u.t.SubmittedApplicationsPageTest - Starting test:'testCreateProjects'
2025-05-22 13:35:18 [main] INFO  l.insoft.uztis.tests.utils.TestUtils - Login attempt with user: evaluation_chief
2025-05-22 13:35:18 [main] DEBUG l.i.u.t.SubmittedApplicationsPageTest - User logged in with test credentials
2025-05-22 13:35:19 [main] DEBUG l.i.u.t.SubmittedApplicationsPageTest - Opened 'Application Processing' menu.
2025-05-22 13:35:19 [main] DEBUG l.i.u.t.SubmittedApplicationsPageTest - Clicked on 'Application Forms' menu.
2025-05-22 13:35:20 [main] DEBUG l.i.u.t.SubmittedApplicationsPageTest - Retrieved last description code text: 'TST-VUI-56'.
2025-05-22 13:35:20 [main] DEBUG l.i.u.t.SubmittedApplicationsPageTest - Clicked on 'Invitation' menu.
2025-05-22 13:35:22 [main] DEBUG l.i.u.t.SubmittedApplicationsPageTest - Selected application section by code: 'TST-VUI-56'.
2025-05-22 13:35:22 [main] DEBUG l.i.u.t.SubmittedApplicationsPageTest - Clicked 'Search' button.
2025-05-22 13:35:22 [main] DEBUG l.i.u.t.SubmittedApplicationsPageTest - Retrieved invitation code: ''.
2025-05-22 13:35:22 [main] DEBUG l.i.u.t.SubmittedApplicationsPageTest - Clicked on 'Submitted Applications' menu.
2025-05-22 13:35:24 [main] DEBUG l.i.u.t.SubmittedApplicationsPageTest - Selected invitation by code: 'TST-VUI-56'.
2025-05-22 13:35:24 [main] DEBUG l.i.u.t.SubmittedApplicationsPageTest - Invitation code inserted.
2025-05-22 13:35:24 [main] DEBUG l.i.u.t.SubmittedApplicationsPageTest - Clicked on 'Action Application' button.
2025-05-22 13:35:25 [main] DEBUG l.i.u.t.SubmittedApplicationsPageTest - Clicked on 'Create Projects' button.
2025-05-22 13:35:25 [main] DEBUG l.i.u.t.SubmittedApplicationsPageTest - Clicked on 'Create Projects' confirmation button.
2025-05-22 13:35:25 [main] ERROR l.i.uztis.pages.ApplicationFormsPage - Failed to verify the success message: 'Projektai sėkmingai sukurti..'. Available messages: [Projektai sėkmingai sukurti.]
2025-05-22 13:35:25 [main] INFO  l.i.u.t.SubmittedApplicationsPageTest - Verified success message
2025-05-22 13:35:25 [main] INFO  l.i.u.t.SubmittedApplicationsPageTest - Test 'testCreateProjects' completed successfully.
2025-05-22 14:36:53 [main] INFO  lt.insoft.uztis.tests.UztisPageTest - Navigated to https://uztisdev.asseco.lt/home
2025-05-22 14:36:53 [main] INFO  l.i.u.tests.ApplicationFormsPageTest - Setup complete. ApplicationFormsPage initialized.
2025-05-22 14:36:53 [main] INFO  l.i.u.tests.ApplicationFormsPageTest - Starting test:'testCreateNewDvpApplication'
2025-05-22 14:36:53 [main] INFO  l.insoft.uztis.tests.utils.TestUtils - Login attempt with user: evaluation_chief
2025-05-22 14:36:53 [main] DEBUG l.i.u.tests.ApplicationFormsPageTest - User logged in with test credentials
2025-05-22 14:36:54 [main] DEBUG l.i.u.tests.ApplicationFormsPageTest - Opened 'Application Processing' menu.
2025-05-22 14:36:54 [main] DEBUG l.i.u.tests.ApplicationFormsPageTest - Clicked on 'Application Forms' menu.
2025-05-22 14:36:55 [main] DEBUG l.i.u.tests.ApplicationFormsPageTest - Clicked to create a new application form.
2025-05-22 14:36:55 [main] DEBUG l.i.u.tests.ApplicationFormsPageTest - Entered random application code: TST-DVP-34
2025-05-22 14:36:55 [main] DEBUG l.i.u.tests.ApplicationFormsPageTest - Selected 'Municipality' radio button.
2025-05-22 14:36:55 [main] INFO  l.i.uztis.pages.ApplicationFormsPage - Located the dropdown button.
2025-05-22 14:36:55 [main] INFO  l.i.uztis.pages.ApplicationFormsPage - Successfully selected the value: 'Kauno departamentas'
2025-05-22 14:37:06 [main] ERROR l.i.uztis.pages.ApplicationFormsPage - Failed to close the dropdown with aria-expanded = 'false'.
2025-05-22 14:37:06 [main] DEBUG l.i.u.tests.ApplicationFormsPageTest - Selected a value from the 'Municipality' dropdown: 'Kauno departamentas'
2025-05-22 14:37:06 [main] DEBUG l.i.u.tests.ApplicationFormsPageTest - Selected 'Budget By Country' radio button.
2025-05-22 14:37:06 [main] DEBUG l.i.u.tests.ApplicationFormsPageTest - Selected 'Financed Without Queue' option.
2025-05-22 14:37:06 [main] INFO  l.i.uztis.pages.ApplicationFormsPage - Located the dropdown button.
2025-05-22 14:37:07 [main] INFO  l.i.uztis.pages.ApplicationFormsPage - Successfully selected the value: 'DVP atitiktis URP'
2025-05-22 14:37:17 [main] ERROR l.i.uztis.pages.ApplicationFormsPage - Failed to close the dropdown with aria-expanded = 'false'.
2025-05-22 14:37:17 [main] DEBUG l.i.u.tests.ApplicationFormsPageTest - Selected a value from the 'EvaluationOne' dropdown: 'DVP atitiktis URP'
2025-05-22 14:37:18 [main] DEBUG l.i.u.tests.ApplicationFormsPageTest - Clicked 'Plus' button.
2025-05-22 14:37:18 [main] DEBUG l.i.u.tests.ApplicationFormsPageTest - Clicked 'Add' button seven times.
2025-05-22 14:37:18 [main] INFO  l.i.uztis.pages.ApplicationFormsPage - Processing dropdown index: 0
2025-05-22 14:37:29 [main] ERROR l.i.uztis.pages.ApplicationFormsPage - Timeout while waiting for dropdown to close at index: 0 with aria-expanded = 'false'
2025-05-22 14:37:29 [main] INFO  l.i.uztis.pages.ApplicationFormsPage - Processing dropdown index: 1
2025-05-22 14:37:40 [main] ERROR l.i.uztis.pages.ApplicationFormsPage - Timeout while waiting for dropdown to close at index: 1 with aria-expanded = 'false'
2025-05-22 14:37:40 [main] INFO  l.i.uztis.pages.ApplicationFormsPage - Processing dropdown index: 2
2025-05-22 14:37:51 [main] ERROR l.i.uztis.pages.ApplicationFormsPage - Timeout while waiting for dropdown to close at index: 2 with aria-expanded = 'false'
2025-05-22 14:37:51 [main] INFO  l.i.uztis.pages.ApplicationFormsPage - Processing dropdown index: 3
2025-05-22 14:38:01 [main] ERROR l.i.uztis.pages.ApplicationFormsPage - Timeout while waiting for dropdown to close at index: 3 with aria-expanded = 'false'
2025-05-22 14:38:01 [main] INFO  l.i.uztis.pages.ApplicationFormsPage - Processing dropdown index: 4
2025-05-22 14:38:12 [main] ERROR l.i.uztis.pages.ApplicationFormsPage - Timeout while waiting for dropdown to close at index: 4 with aria-expanded = 'false'
2025-05-22 14:38:12 [main] INFO  l.i.uztis.pages.ApplicationFormsPage - Processing dropdown index: 5
2025-05-22 14:38:23 [main] ERROR l.i.uztis.pages.ApplicationFormsPage - Timeout while waiting for dropdown to close at index: 5 with aria-expanded = 'false'
2025-05-22 14:38:23 [main] INFO  l.i.uztis.pages.ApplicationFormsPage - Processing dropdown index: 6
2025-05-22 14:38:34 [main] ERROR l.i.uztis.pages.ApplicationFormsPage - Timeout while waiting for dropdown to close at index: 6 with aria-expanded = 'false'
2025-05-22 14:38:34 [main] INFO  l.i.uztis.pages.ApplicationFormsPage - Processing dropdown index: 7
2025-05-22 14:38:45 [main] ERROR l.i.uztis.pages.ApplicationFormsPage - Timeout while waiting for dropdown to close at index: 7 with aria-expanded = 'false'
2025-05-22 14:38:45 [main] INFO  l.i.uztis.pages.ApplicationFormsPage - Processing input field index: 0
2025-05-22 14:38:45 [main] INFO  l.i.uztis.pages.ApplicationFormsPage - Entered value '50' into field index: 0
2025-05-22 14:38:45 [main] INFO  l.i.uztis.pages.ApplicationFormsPage - Processing input field index: 1
2025-05-22 14:38:45 [main] INFO  l.i.uztis.pages.ApplicationFormsPage - Entered value '924' into field index: 1
2025-05-22 14:38:45 [main] INFO  l.i.uztis.pages.ApplicationFormsPage - Processing input field index: 2
2025-05-22 14:38:45 [main] INFO  l.i.uztis.pages.ApplicationFormsPage - Entered value '31' into field index: 2
2025-05-22 14:38:45 [main] INFO  l.i.uztis.pages.ApplicationFormsPage - Processing input field index: 3
2025-05-22 14:38:45 [main] INFO  l.i.uztis.pages.ApplicationFormsPage - Entered value '4.7' into field index: 3
2025-05-22 14:38:45 [main] INFO  l.i.uztis.pages.ApplicationFormsPage - Processing input field index: 4
2025-05-22 14:38:45 [main] INFO  l.i.uztis.pages.ApplicationFormsPage - Entered value '35' into field index: 4
2025-05-22 14:38:45 [main] INFO  l.i.uztis.pages.ApplicationFormsPage - Processing input field index: 5
2025-05-22 14:38:45 [main] INFO  l.i.uztis.pages.ApplicationFormsPage - Entered value '20' into field index: 5
2025-05-22 14:38:45 [main] INFO  l.i.uztis.pages.ApplicationFormsPage - Processing input field index: 6
2025-05-22 14:38:45 [main] INFO  l.i.uztis.pages.ApplicationFormsPage - Entered value '30' into field index: 6
2025-05-22 14:38:45 [main] INFO  l.i.uztis.pages.ApplicationFormsPage - Processing input field index: 7
2025-05-22 14:38:46 [main] INFO  l.i.uztis.pages.ApplicationFormsPage - Entered value '60' into field index: 7
2025-05-22 14:38:46 [main] DEBUG l.i.u.tests.ApplicationFormsPageTest - Entered additional values and text.
2025-05-22 14:38:46 [main] DEBUG l.i.u.tests.ApplicationFormsPageTest - Entered application name: DVP paraiška
2025-05-22 14:38:46 [main] INFO  l.i.u.tests.ApplicationFormsPageTest - Test 'testCreateNewDvpApplication' completed successfully.
2025-05-22 14:40:34 [main] INFO  lt.insoft.uztis.tests.UztisPageTest - Navigated to https://uztisdev.asseco.lt/home
2025-05-22 14:40:34 [main] INFO  l.i.u.tests.ApplicationFormsPageTest - Setup complete. ApplicationFormsPage initialized.
2025-05-22 14:40:34 [main] INFO  l.i.u.tests.ApplicationFormsPageTest - Starting test:'testAddContractDVP'
2025-05-22 14:40:35 [main] INFO  l.insoft.uztis.tests.utils.TestUtils - Login attempt with user: evaluation_chief
2025-05-22 14:40:35 [main] DEBUG l.i.u.tests.ApplicationFormsPageTest - User logged in with test credentials
2025-05-22 14:40:35 [main] DEBUG l.i.u.tests.ApplicationFormsPageTest - Opened 'Application Processing' menu.
2025-05-22 14:40:35 [main] DEBUG l.i.u.tests.ApplicationFormsPageTest - Clicked on 'Application Forms' menu.
2025-05-22 14:40:36 [main] DEBUG l.i.u.tests.ApplicationFormsPageTest - Selected the last application description.
2025-05-22 14:40:36 [main] DEBUG l.i.u.tests.ApplicationFormsPageTest - Clicked 'Project Progress' tab.
2025-05-22 14:40:37 [main] DEBUG l.i.u.tests.ApplicationFormsPageTest - Clicked the 'Edit' button.
2025-05-22 14:40:37 [main] INFO  l.i.uztis.pages.ApplicationFormsPage - Opening the dropdown.
2025-05-22 14:40:39 [main] INFO  l.i.uztis.pages.ApplicationFormsPage - Selected the value: 'Darbo vietų pritaikymo ir finansavimo sutartis'
2025-05-22 14:40:50 [main] ERROR l.i.uztis.pages.ApplicationFormsPage - Dropdown did not close as expected.
2025-05-22 14:40:50 [main] DEBUG l.i.u.tests.ApplicationFormsPageTest - Selected a value from the 'Document' dropdown: 'Darbo vietų pritaikymo ir finansavimo sutartis'
2025-05-22 14:40:50 [main] INFO  l.i.uztis.pages.ApplicationFormsPage - Opening the dropdown.
2025-05-22 14:40:53 [main] INFO  l.i.uztis.pages.ApplicationFormsPage - Selected the value: 'Sprendimas dėl išmokos'
2025-05-22 14:41:04 [main] ERROR l.i.uztis.pages.ApplicationFormsPage - Dropdown did not close as expected.
2025-05-22 14:41:04 [main] DEBUG l.i.u.tests.ApplicationFormsPageTest - Selected a value from the 'Document' dropdown: 'Sprendimas dėl išmokos'
2025-05-22 14:41:04 [main] INFO  l.i.uztis.pages.ApplicationFormsPage - Opening the dropdown.
2025-05-22 14:41:08 [main] INFO  l.i.uztis.pages.ApplicationFormsPage - Selected the value: 'Sprendimas dėl išmokos'
2025-05-22 14:41:18 [main] ERROR l.i.uztis.pages.ApplicationFormsPage - Dropdown did not close as expected.
2025-05-22 14:41:18 [main] DEBUG l.i.u.tests.ApplicationFormsPageTest - Selected a value from the 'Document' dropdown: 'Sprendimas dėl išmokos'
2025-05-22 14:41:18 [main] DEBUG l.i.u.tests.ApplicationFormsPageTest - Clicked the 'Save' button.
2025-05-22 14:41:18 [main] ERROR l.i.uztis.pages.ApplicationFormsPage - Failed to verify the success message: 'Funkcija sėkmingai atlikta.'. Available messages: [Duomenys sėkmingai išsaugoti.]
2025-05-22 14:41:18 [main] INFO  l.i.u.tests.ApplicationFormsPageTest - Verified success message
2025-05-22 14:41:18 [main] INFO  l.i.u.tests.ApplicationFormsPageTest - Test 'testAddContractDVP' completed successfully.
2025-05-22 14:41:46 [main] INFO  lt.insoft.uztis.tests.UztisPageTest - Navigated to https://uztisdev.asseco.lt/home
2025-05-22 14:41:46 [main] INFO  l.i.uztis.tests.InvitationsPageTest - Starting test:'testCreateNewDvpInvitation'
2025-05-22 14:41:47 [main] INFO  l.insoft.uztis.tests.utils.TestUtils - Login attempt with user: evaluation_chief
2025-05-22 14:41:47 [main] DEBUG l.i.uztis.tests.InvitationsPageTest - User logged in with test credentials
2025-05-22 14:41:47 [main] DEBUG l.i.uztis.tests.InvitationsPageTest - Opened 'Application Processing' menu.
2025-05-22 14:41:47 [main] DEBUG l.i.uztis.tests.InvitationsPageTest - Clicked on 'Application Forms' menu.
2025-05-22 14:41:47 [main] DEBUG l.i.uztis.tests.InvitationsPageTest - Navigating to application forms menu.
2025-05-22 14:41:48 [main] DEBUG l.i.uztis.tests.InvitationsPageTest - Retrieved last description code text: 'TST-DVP-34'.
2025-05-22 14:41:48 [main] DEBUG l.i.uztis.tests.InvitationsPageTest - Clicked on 'Invitation' menu.
2025-05-22 14:41:48 [main] DEBUG l.i.uztis.tests.InvitationsPageTest - Clicked 'Create New Application Form'.
2025-05-22 14:41:49 [main] DEBUG l.i.uztis.tests.InvitationsPageTest - Selected section by code: 'TST-DVP-34'.
2025-05-22 14:41:49 [main] INFO  l.insoft.uztis.pages.InvitationsPage - Located the dropdown button.
2025-05-22 14:42:01 [main] ERROR l.insoft.uztis.pages.InvitationsPage - Timeout while waiting for dropdown to close with aria-expanded = 'false'.
2025-05-22 14:42:01 [main] DEBUG l.i.uztis.tests.InvitationsPageTest - Selected invitation number from the list.
2025-05-22 14:42:01 [main] DEBUG l.i.uztis.tests.InvitationsPageTest - Entered current date.
2025-05-22 14:42:01 [main] DEBUG l.i.uztis.tests.InvitationsPageTest - Entered start time: 00:00.
2025-05-22 14:42:02 [main] DEBUG l.i.uztis.tests.InvitationsPageTest - Entered end date.
2025-05-22 14:42:02 [main] DEBUG l.i.uztis.tests.InvitationsPageTest - Entered end time: 11:11.
2025-05-22 14:42:02 [main] DEBUG l.i.uztis.tests.InvitationsPageTest - Entered publication end date.
2025-05-22 14:42:02 [main] DEBUG l.i.uztis.tests.InvitationsPageTest - Added additional values.
2025-05-22 14:42:02 [main] INFO  l.insoft.uztis.pages.InvitationsPage - Located the dropdown button.
2025-05-22 14:42:03 [main] DEBUG l.i.uztis.tests.InvitationsPageTest - Selected the value: 'Didžiausia galima paramos suma aplinkos darbo vietai, Eur'
2025-05-22 14:42:03 [main] INFO  l.insoft.uztis.pages.InvitationsPage - Located the dropdown button.
2025-05-22 14:42:04 [main] DEBUG l.i.uztis.tests.InvitationsPageTest - Selected the value: 'Didžiausia galima paramos suma, Eur'
2025-05-22 14:42:04 [main] INFO  l.insoft.uztis.pages.InvitationsPage - Located the dropdown button.
2025-05-22 14:42:05 [main] DEBUG l.i.uztis.tests.InvitationsPageTest - Selected the value: 'Didžiausia galima paramos suma vienai darbo vietai, Eur'
2025-05-22 14:42:05 [main] DEBUG l.i.uztis.tests.InvitationsPageTest - Entered value: 11000
2025-05-22 14:42:05 [main] DEBUG l.i.uztis.tests.InvitationsPageTest - Entered value: 12000
2025-05-22 14:42:05 [main] DEBUG l.i.uztis.tests.InvitationsPageTest - Entered value: 13000
2025-05-22 14:42:05 [main] DEBUG l.i.uztis.tests.InvitationsPageTest - Checked 'Legal Entities' checkbox.
2025-05-22 14:42:06 [main] DEBUG l.i.uztis.tests.InvitationsPageTest - Checked 'Legal Entities' checkbox.
2025-05-22 14:42:06 [main] DEBUG l.i.uztis.tests.InvitationsPageTest - Unchecked 'Persons Registered with Employment Service' checkbox.
2025-05-22 14:42:06 [main] DEBUG l.i.uztis.tests.InvitationsPageTest - Checked 'Persons Registered as Employers' checkbox.
2025-05-22 14:42:06 [main] DEBUG l.i.uztis.tests.InvitationsPageTest - Entered budget: '2000'.
2025-05-22 14:42:06 [main] DEBUG l.i.uztis.tests.InvitationsPageTest - Entered description text: 'Aprašo tekstas'.
2025-05-22 14:42:06 [main] DEBUG l.i.uztis.tests.InvitationsPageTest - Entered applicants text: 'Pareiškėjų tekstas'.
2025-05-22 14:42:06 [main] DEBUG l.i.uztis.tests.InvitationsPageTest - Entered expenditures text: 'Išlaidų tekstas'.
2025-05-22 14:42:07 [main] DEBUG l.i.uztis.tests.InvitationsPageTest - Entered legislation text: 'Teisės aktų tekstas'.
2025-05-22 14:42:07 [main] DEBUG l.i.uztis.tests.InvitationsPageTest - Entered education text: 'Mokymų tekstas'.
2025-05-22 14:42:07 [main] DEBUG l.i.uztis.tests.InvitationsPageTest - File uploaded.
2025-05-22 14:42:07 [main] DEBUG l.i.uztis.tests.InvitationsPageTest - Clicked 'Publish'.
2025-05-22 14:42:07 [main] DEBUG l.i.uztis.tests.InvitationsPageTest - Publication confirmed.
2025-05-22 14:42:07 [main] DEBUG l.i.uztis.pages.ApplicationFormsPage - Verified success message: 'Funkcija sėkmingai atlikta.'
2025-05-22 14:42:07 [main] INFO  l.i.uztis.tests.InvitationsPageTest - Verified success message
2025-05-22 14:42:07 [main] INFO  l.i.uztis.tests.InvitationsPageTest - Test 'testCreateNewDvpInvitation' completed successfully.
2025-05-22 14:42:28 [main] INFO  lt.insoft.uztis.tests.UztisPageTest - Navigated to https://uztisdev.asseco.lt/home
2025-05-22 14:42:28 [main] INFO  l.i.u.t.SubmittedApplicationsPageTest - Starting test:'testFillNewDVPApplicationFA'
2025-05-22 14:42:29 [main] INFO  l.insoft.uztis.tests.utils.TestUtils - Login attempt with user: evaluation_chief
2025-05-22 14:42:29 [main] DEBUG l.i.u.t.SubmittedApplicationsPageTest - User logged in with test credentials
2025-05-22 14:42:30 [main] DEBUG l.i.u.t.SubmittedApplicationsPageTest - Opened 'Application Processing' menu.
2025-05-22 14:42:30 [main] DEBUG l.i.u.t.SubmittedApplicationsPageTest - Clicked on 'Application Forms' menu.
2025-05-22 14:42:32 [main] DEBUG l.i.u.t.SubmittedApplicationsPageTest - Retrieved last description code text: 'TST-DVP-34'.
2025-05-22 14:42:32 [main] DEBUG l.i.u.t.SubmittedApplicationsPageTest - Clicked on 'Invitation' menu.
2025-05-22 14:42:33 [main] DEBUG l.i.u.t.SubmittedApplicationsPageTest - Selected application section by code: 'TST-DVP-34'.
2025-05-22 14:42:33 [main] DEBUG l.i.u.t.SubmittedApplicationsPageTest - Clicked 'Search' button.
2025-05-22 14:42:33 [main] DEBUG l.i.u.t.SubmittedApplicationsPageTest - Retrieved invitation code: ''.
2025-05-22 14:42:33 [main] DEBUG l.i.u.t.SubmittedApplicationsPageTest - Clicked on 'Submitted Applications' menu.
2025-05-22 14:42:35 [main] DEBUG l.i.u.t.SubmittedApplicationsPageTest - Selected invitation by code: 'TST-DVP-34'.
2025-05-22 14:42:35 [main] DEBUG l.i.u.t.SubmittedApplicationsPageTest - Invitation code inserted.
2025-05-22 14:42:35 [main] DEBUG l.i.u.t.SubmittedApplicationsPageTest - Clicked on 'Action Application' button.
2025-05-22 14:42:35 [main] DEBUG l.i.u.t.SubmittedApplicationsPageTest - Clicked on 'New Application' button.
2025-05-22 14:42:36 [main] DEBUG l.i.u.t.SubmittedApplicationsPageTest - Selected the 'RadioButtonFA' option.
2025-05-22 14:42:36 [main] DEBUG l.i.u.t.SubmittedApplicationsPageTest - Entered phone number: '61298745'.
2025-05-22 14:42:36 [main] DEBUG l.i.u.t.SubmittedApplicationsPageTest - Entered email: 'test@autotest.com'.
2025-05-22 14:42:36 [main] DEBUG l.i.u.t.SubmittedApplicationsPageTest - Checked 'For workplace adaptation' checkbox 1.
2025-05-22 14:42:37 [main] DEBUG l.i.u.t.SubmittedApplicationsPageTest - Checked 'For environmental adaptation' checkbox 2.
2025-05-22 14:42:37 [main] INFO  l.i.u.p.SubmittedApplicationsPage - Located the dropdown button.
2025-05-22 14:42:57 [main] INFO  l.i.u.p.SubmittedApplicationsPage - Found 1741 options in the dropdown.
2025-05-22 14:42:57 [main] INFO  l.i.u.p.SubmittedApplicationsPage - Successfully selected the value: '01.11 - Grūdinių (išskyrus ryžius), ankštinių ir aliejingų sėklų augalų auginimas'
2025-05-22 14:43:07 [main] ERROR l.i.u.p.SubmittedApplicationsPage - Failed to close the dropdown with aria-expanded = 'false'. Attempting manual close.
2025-05-22 14:43:07 [main] INFO  l.i.u.p.SubmittedApplicationsPage - Manual close attempt for the dropdown using body click.
2025-05-22 14:43:07 [main] DEBUG l.i.u.t.SubmittedApplicationsPageTest - Selected EVRK value: '01.11 - Grūdinių (išskyrus ryžius), ankštinių ir aliejingų sėklų augalų auginimas'.
2025-05-22 14:43:08 [main] DEBUG l.i.u.t.SubmittedApplicationsPageTest - Clicked on 'Address Component' button.
2025-05-22 14:43:08 [main] INFO  l.i.u.p.SubmittedApplicationsPage - Located the dropdown button.
2025-05-22 14:43:10 [main] INFO  l.i.u.p.SubmittedApplicationsPage - Successfully selected the value: 'Lietuva'
2025-05-22 14:43:10 [main] DEBUG l.i.u.t.SubmittedApplicationsPageTest - Selected country: 'Lietuva'.
2025-05-22 14:43:10 [main] INFO  l.i.u.p.SubmittedApplicationsPage - Located the dropdown search field.
2025-05-22 14:43:10 [main] INFO  l.i.u.p.SubmittedApplicationsPage - Dropdown city is opened.
2025-05-22 14:43:11 [main] INFO  l.i.u.p.SubmittedApplicationsPage - Searched for value: 'Vilnius'
2025-05-22 14:43:12 [main] INFO  l.i.u.p.SubmittedApplicationsPage - Successfully selected: 'Vilnius'
2025-05-22 14:43:12 [main] INFO  l.i.u.p.SubmittedApplicationsPage - Located the dropdown button.
2025-05-22 14:43:12 [main] INFO  l.i.u.p.SubmittedApplicationsPage - Successfully selected the value: 'A. Domaševičiaus g.'
2025-05-22 14:43:12 [main] DEBUG l.i.u.t.SubmittedApplicationsPageTest - Selected street: 'A. Domaševičiaus g.'.
2025-05-22 14:43:12 [main] INFO  l.i.u.p.SubmittedApplicationsPage - Located the dropdown button.
2025-05-22 14:43:13 [main] INFO  l.i.u.p.SubmittedApplicationsPage - Successfully selected the value: '1'
2025-05-22 14:43:13 [main] DEBUG l.i.u.t.SubmittedApplicationsPageTest - Selected house: '1'.
2025-05-22 14:43:13 [main] INFO  l.i.u.p.SubmittedApplicationsPage - Located the dropdown button.
2025-05-22 14:43:13 [main] INFO  l.i.u.p.SubmittedApplicationsPage - Successfully selected the value: '1'
2025-05-22 14:43:13 [main] DEBUG l.i.u.t.SubmittedApplicationsPageTest - Selected apartment: '1'.
2025-05-22 14:43:13 [main] DEBUG l.i.u.t.SubmittedApplicationsPageTest - Clicked 'Confirm' button.
2025-05-22 14:43:13 [main] DEBUG l.i.u.t.SubmittedApplicationsPageTest - Selected 'For already working' option.
2025-05-22 14:43:13 [main] DEBUG l.i.u.t.SubmittedApplicationsPageTest - Selected 'For new working' option.
2025-05-22 14:43:13 [main] DEBUG l.i.u.t.SubmittedApplicationsPageTest - Entered person count2: '1'.
2025-05-22 14:43:14 [main] DEBUG l.i.u.t.SubmittedApplicationsPageTest - Clicked 'Next' button after checkboxes.
2025-05-22 14:43:14 [main] INFO  l.i.u.p.SubmittedApplicationsPage - Located the dropdown button.
2025-05-22 14:43:15 [main] INFO  l.i.u.p.SubmittedApplicationsPage - Successfully selected the value: 'Administratoriai'
2025-05-22 14:43:15 [main] DEBUG l.i.u.t.SubmittedApplicationsPageTest - Selected adaptable job name: 'Administratoriai'.
2025-05-22 14:43:15 [main] DEBUG l.i.u.t.SubmittedApplicationsPageTest - Entered job date.
2025-05-22 14:43:15 [main] DEBUG l.i.u.t.SubmittedApplicationsPageTest - Entered job function: 'Funkcija 1'.
2025-05-22 14:43:15 [main] DEBUG l.i.u.t.SubmittedApplicationsPageTest - Selected 'For already working' 'no' option.
2025-05-22 14:43:15 [main] INFO  l.i.u.p.SubmittedApplicationsPage - Clicking on the dropdown button.
2025-05-22 14:43:15 [main] INFO  l.i.u.p.SubmittedApplicationsPage - Found 6 options in the dropdown.
2025-05-22 14:43:15 [main] DEBUG l.i.u.p.SubmittedApplicationsPage - Checking option: 'Lengvo neįgalumo lygis ar 45-55 procentų dalyvumo lygis (iki 2023 m. gruodžio 31 d. – 45-55 procentų darbingumo lygis)'
2025-05-22 14:43:15 [main] INFO  l.i.u.p.SubmittedApplicationsPage - Successfully selected the value: 'Lengvo neįgalumo lygis ar 45-55 procentų dalyvumo lygis (iki 2023 m. gruodžio 31 d. – 45-55 procentų darbingumo lygis)'
2025-05-22 14:43:15 [main] INFO  l.i.u.p.SubmittedApplicationsPage - Attempting to close the dropdown.
2025-05-22 14:43:16 [main] DEBUG l.i.u.t.SubmittedApplicationsPageTest - Selected disabilities type: 'Lengvo neįgalumo lygis ar 45-55 procentų dalyvumo lygis (iki 2023 m. gruodžio 31 d. – 45-55 procentų darbingumo lygis)'.
2025-05-22 14:43:16 [main] DEBUG l.i.u.t.SubmittedApplicationsPageTest - Entered disability information: 'Negalia 1'.
2025-05-22 14:43:17 [main] DEBUG l.i.u.t.SubmittedApplicationsPageTest - Entered qualification: 'Kvalifikacija 1'.
2025-05-22 14:43:17 [main] DEBUG l.i.u.t.SubmittedApplicationsPageTest - Entered job description: 'Darbo vietos aprašymas 1'.
2025-05-22 14:43:17 [main] DEBUG l.i.u.t.SubmittedApplicationsPageTest - Entered equipment description: 'Priemonių įsigyjimas 1'.
2025-05-22 14:43:17 [main] DEBUG l.i.u.t.SubmittedApplicationsPageTest - Entered work information: 'Darbai 1'.
2025-05-22 14:43:17 [main] INFO  l.i.u.p.SubmittedApplicationsPage - Located the dropdown button.
2025-05-22 14:43:18 [main] INFO  l.i.u.p.SubmittedApplicationsPage - Successfully selected the value: 'Kita'
2025-05-22 14:43:18 [main] DEBUG l.i.u.t.SubmittedApplicationsPageTest - Selected time mode: 'Kita'.
2025-05-22 14:43:18 [main] DEBUG l.i.u.t.SubmittedApplicationsPageTest - Selected time mode other: '6 val. per dieną ir 4 d. per savaitę'.
2025-05-22 14:43:18 [main] DEBUG l.i.u.t.SubmittedApplicationsPageTest - Entered salary amount: '1200'.
2025-05-22 14:43:18 [main] DEBUG l.i.u.t.SubmittedApplicationsPageTest - Entered salary description: 'Užmokestis 1'.
2025-05-22 14:43:18 [main] DEBUG l.i.u.t.SubmittedApplicationsPageTest - Selected 'Temporary Job' radio button.
2025-05-22 14:43:19 [main] DEBUG l.i.u.t.SubmittedApplicationsPageTest - Selected 'Season Job' radio button.
2025-05-22 14:43:19 [main] DEBUG l.i.u.t.SubmittedApplicationsPageTest - Selected 'PVM' radio button.
2025-05-22 14:43:19 [main] INFO  l.i.u.p.SubmittedApplicationsPage - Located the dropdown button.
2025-05-22 14:43:19 [main] INFO  l.i.u.p.SubmittedApplicationsPage - Successfully selected the value: 'Darbo vietos pritaikymui'
2025-05-22 14:43:50 [main] ERROR l.i.u.p.SubmittedApplicationsPage - Timeout while waiting for dropdown to close with aria-expanded = 'false'.
2025-05-22 14:43:50 [main] DEBUG l.i.u.t.SubmittedApplicationsPageTest - Selected adaptable job name: 'Darbo vietos pritaikymui'.
2025-05-22 14:43:50 [main] DEBUG l.i.u.p.SubmittedApplicationsPage - Located and clicked the dropdown button 'Reikalinga'.
2025-05-22 14:43:50 [main] INFO  l.i.u.p.SubmittedApplicationsPage - Successfully selected the value: 'Įsigyti'
2025-05-22 14:43:50 [main] DEBUG l.i.u.t.SubmittedApplicationsPageTest - Selected necessary for job: 'Įsigyti'.
2025-05-22 14:43:50 [main] DEBUG l.i.u.t.SubmittedApplicationsPageTest - Selected tool: 'Darbo priemonė 1'.
2025-05-22 14:43:50 [main] DEBUG l.i.u.t.SubmittedApplicationsPageTest - Selected tool parameter one: 'Darbo priemonės 1 parametras 1'.
2025-05-22 14:43:50 [main] DEBUG l.i.u.t.SubmittedApplicationsPageTest - Selected tool parameter two: 'Darbo priemonės 1 parametras 2'.
2025-05-22 14:43:51 [main] DEBUG l.i.u.t.SubmittedApplicationsPageTest - Selected tool parameter three: 'Darbo priemonės 1 parametras 3'.
2025-05-22 14:43:51 [main] DEBUG l.i.u.t.SubmittedApplicationsPageTest - Entered tool count: '1'.
2025-05-22 14:43:51 [main] DEBUG l.i.u.t.SubmittedApplicationsPageTest - Entered price amount: '1000'.
2025-05-22 14:43:51 [main] DEBUG l.i.u.t.SubmittedApplicationsPageTest - Entered own funds amount: '800'.
2025-05-22 14:43:53 [main] DEBUG l.i.u.t.SubmittedApplicationsPageTest - Clicked 'Add' button.
2025-05-22 14:43:53 [main] INFO  l.i.u.p.SubmittedApplicationsPage - Located the dropdown button.
2025-05-22 14:43:54 [main] INFO  l.i.u.p.SubmittedApplicationsPage - Successfully selected the value: 'Aplinkos pritaikymui'
2025-05-22 14:44:24 [main] ERROR l.i.u.p.SubmittedApplicationsPage - Timeout while waiting for dropdown to close with aria-expanded = 'false'.
2025-05-22 14:44:24 [main] DEBUG l.i.u.t.SubmittedApplicationsPageTest - Selected adaptable job name: 'Aplinkos pritaikymui'.
2025-05-22 14:44:24 [main] DEBUG l.i.u.p.SubmittedApplicationsPage - Located and clicked the dropdown button 'Reikalinga'.
2025-05-22 14:44:24 [main] INFO  l.i.u.p.SubmittedApplicationsPage - Successfully selected the value: 'Remontuoti'
2025-05-22 14:44:35 [main] DEBUG l.i.u.t.SubmittedApplicationsPageTest - Selected necessary for job: 'Remontuoti'.
2025-05-22 14:44:35 [main] DEBUG l.i.u.t.SubmittedApplicationsPageTest - Selected tool: 'Darbo priemonė 2 remontui'.
2025-05-22 14:44:35 [main] DEBUG l.i.u.t.SubmittedApplicationsPageTest - Entered work information: 'Remonto darbai 1'.
2025-05-22 14:44:35 [main] DEBUG l.i.u.t.SubmittedApplicationsPageTest - Entered tool count: '2'.
2025-05-22 14:44:36 [main] DEBUG l.i.u.t.SubmittedApplicationsPageTest - Entered price amount: '1000'.
2025-05-22 14:44:36 [main] DEBUG l.i.u.t.SubmittedApplicationsPageTest - Entered own funds amount: '900'.
2025-05-22 14:44:38 [main] DEBUG l.i.u.t.SubmittedApplicationsPageTest - Clicked 'AddRemoved' button.
2025-05-22 14:44:40 [main] DEBUG l.i.u.t.SubmittedApplicationsPageTest - Clicked 'Remove' button.
2025-05-22 14:44:42 [main] DEBUG l.i.u.t.SubmittedApplicationsPageTest - Clicked 'Remove Confirmation' button.
2025-05-22 14:44:45 [main] DEBUG l.i.u.t.SubmittedApplicationsPageTest - Selected 'De Minimis' radio button.
2025-05-22 14:44:45 [main] DEBUG l.i.u.t.SubmittedApplicationsPageTest - Entered program name: 'Programa 1'.
2025-05-22 14:44:45 [main] DEBUG l.i.u.t.SubmittedApplicationsPageTest - Entered project date from.
2025-05-22 14:44:45 [main] DEBUG l.i.u.t.SubmittedApplicationsPageTest - Entered project date until.
2025-05-22 14:44:45 [main] DEBUG l.i.u.t.SubmittedApplicationsPageTest - Entered support amount: '2000'.
2025-05-22 14:44:45 [main] DEBUG l.i.u.t.SubmittedApplicationsPageTest - Clicked 'Next' button.
2025-05-22 14:44:56 [main] DEBUG l.i.u.t.SubmittedApplicationsPageTest - Checked 'Legal Entities' checkbox 1.
2025-05-22 14:45:06 [main] DEBUG l.i.u.t.SubmittedApplicationsPageTest - Checked 'Legal Entities' checkbox 2.
2025-05-22 14:45:16 [main] DEBUG l.i.u.t.SubmittedApplicationsPageTest - Checked 'Legal Entities' checkbox 3.
2025-05-22 14:45:16 [main] DEBUG l.i.u.t.SubmittedApplicationsPageTest - Test finished: All 'Legal Entities' checkboxes checked successfully.
2025-05-22 14:45:16 [main] DEBUG l.i.u.t.SubmittedApplicationsPageTest - Clicked 'Next' button after checkboxes.
2025-05-22 14:45:27 [main] ERROR l.i.u.p.SubmittedApplicationsPage - Error selecting radio button: Expected condition failed: waiting for element to be clickable: By.xpath: (//input[@type='radio' and @value='false'])[8] (tried for 10 second(s) with 500 milliseconds interval)
Build info: version: '4.27.0', revision: 'd6e718d134'
System info: os.name: 'Windows 11', os.arch: 'amd64', os.version: '10.0', java.version: '21.0.3'
Driver info: org.openqa.selenium.chrome.ChromeDriver
Capabilities {acceptInsecureCerts: false, browserName: chrome, browserVersion: 136.0.7103.114, chrome: {chromedriverVersion: 136.0.7103.113 (76fa3c17824..., userDataDir: C:\Users\INGRID~1.ZAD\AppDa...}, fedcm:accounts: true, goog:chromeOptions: {debuggerAddress: localhost:55730}, networkConnectionEnabled: false, pageLoadStrategy: normal, platformName: windows, proxy: Proxy(), se:cdp: ws://localhost:55730/devtoo..., se:cdpVersion: 136.0.7103.114, setWindowRect: true, strictFileInteractability: false, timeouts: {implicit: 0, pageLoad: 300000, script: 30000}, unhandledPromptBehavior: dismiss and notify, webauthn:extension:credBlob: true, webauthn:extension:largeBlob: true, webauthn:extension:minPinLength: true, webauthn:extension:prf: true, webauthn:virtualAuthenticators: true}
Session ID: cb0e29dab375ed6e49b1fe87c133c12d
2025-05-22 14:45:27 [main] INFO  l.i.u.t.SubmittedApplicationsPageTest - Marking 'Ne' radio button 1
2025-05-22 14:45:37 [main] ERROR l.i.u.p.SubmittedApplicationsPage - Error selecting radio button: Expected condition failed: waiting for element to be clickable: By.xpath: (//input[@type='radio' and @value='false'])[9] (tried for 10 second(s) with 500 milliseconds interval)
Build info: version: '4.27.0', revision: 'd6e718d134'
System info: os.name: 'Windows 11', os.arch: 'amd64', os.version: '10.0', java.version: '21.0.3'
Driver info: org.openqa.selenium.chrome.ChromeDriver
Capabilities {acceptInsecureCerts: false, browserName: chrome, browserVersion: 136.0.7103.114, chrome: {chromedriverVersion: 136.0.7103.113 (76fa3c17824..., userDataDir: C:\Users\INGRID~1.ZAD\AppDa...}, fedcm:accounts: true, goog:chromeOptions: {debuggerAddress: localhost:55730}, networkConnectionEnabled: false, pageLoadStrategy: normal, platformName: windows, proxy: Proxy(), se:cdp: ws://localhost:55730/devtoo..., se:cdpVersion: 136.0.7103.114, setWindowRect: true, strictFileInteractability: false, timeouts: {implicit: 0, pageLoad: 300000, script: 30000}, unhandledPromptBehavior: dismiss and notify, webauthn:extension:credBlob: true, webauthn:extension:largeBlob: true, webauthn:extension:minPinLength: true, webauthn:extension:prf: true, webauthn:virtualAuthenticators: true}
Session ID: cb0e29dab375ed6e49b1fe87c133c12d
2025-05-22 14:45:37 [main] INFO  l.i.u.t.SubmittedApplicationsPageTest - Marking 'Ne' radio button 2
2025-05-22 14:45:47 [main] ERROR l.i.u.p.SubmittedApplicationsPage - Error selecting radio button: Expected condition failed: waiting for element to be clickable: By.xpath: (//input[@type='radio' and @value='false'])[10] (tried for 10 second(s) with 500 milliseconds interval)
Build info: version: '4.27.0', revision: 'd6e718d134'
System info: os.name: 'Windows 11', os.arch: 'amd64', os.version: '10.0', java.version: '21.0.3'
Driver info: org.openqa.selenium.chrome.ChromeDriver
Capabilities {acceptInsecureCerts: false, browserName: chrome, browserVersion: 136.0.7103.114, chrome: {chromedriverVersion: 136.0.7103.113 (76fa3c17824..., userDataDir: C:\Users\INGRID~1.ZAD\AppDa...}, fedcm:accounts: true, goog:chromeOptions: {debuggerAddress: localhost:55730}, networkConnectionEnabled: false, pageLoadStrategy: normal, platformName: windows, proxy: Proxy(), se:cdp: ws://localhost:55730/devtoo..., se:cdpVersion: 136.0.7103.114, setWindowRect: true, strictFileInteractability: false, timeouts: {implicit: 0, pageLoad: 300000, script: 30000}, unhandledPromptBehavior: dismiss and notify, webauthn:extension:credBlob: true, webauthn:extension:largeBlob: true, webauthn:extension:minPinLength: true, webauthn:extension:prf: true, webauthn:virtualAuthenticators: true}
Session ID: cb0e29dab375ed6e49b1fe87c133c12d
2025-05-22 14:45:47 [main] INFO  l.i.u.t.SubmittedApplicationsPageTest - Marking 'Ne' radio button 3
2025-05-22 14:45:57 [main] ERROR l.i.u.p.SubmittedApplicationsPage - Error selecting radio button: Expected condition failed: waiting for element to be clickable: By.xpath: (//input[@type='radio' and @value='false'])[11] (tried for 10 second(s) with 500 milliseconds interval)
Build info: version: '4.27.0', revision: 'd6e718d134'
System info: os.name: 'Windows 11', os.arch: 'amd64', os.version: '10.0', java.version: '21.0.3'
Driver info: org.openqa.selenium.chrome.ChromeDriver
Capabilities {acceptInsecureCerts: false, browserName: chrome, browserVersion: 136.0.7103.114, chrome: {chromedriverVersion: 136.0.7103.113 (76fa3c17824..., userDataDir: C:\Users\INGRID~1.ZAD\AppDa...}, fedcm:accounts: true, goog:chromeOptions: {debuggerAddress: localhost:55730}, networkConnectionEnabled: false, pageLoadStrategy: normal, platformName: windows, proxy: Proxy(), se:cdp: ws://localhost:55730/devtoo..., se:cdpVersion: 136.0.7103.114, setWindowRect: true, strictFileInteractability: false, timeouts: {implicit: 0, pageLoad: 300000, script: 30000}, unhandledPromptBehavior: dismiss and notify, webauthn:extension:credBlob: true, webauthn:extension:largeBlob: true, webauthn:extension:minPinLength: true, webauthn:extension:prf: true, webauthn:virtualAuthenticators: true}
Session ID: cb0e29dab375ed6e49b1fe87c133c12d
2025-05-22 14:45:57 [main] INFO  l.i.u.t.SubmittedApplicationsPageTest - Marking 'Ne' radio button 4
2025-05-22 14:46:07 [main] ERROR l.i.u.p.SubmittedApplicationsPage - Error selecting radio button: Expected condition failed: waiting for element to be clickable: By.xpath: (//input[@type='radio' and @value='false'])[12] (tried for 10 second(s) with 500 milliseconds interval)
Build info: version: '4.27.0', revision: 'd6e718d134'
System info: os.name: 'Windows 11', os.arch: 'amd64', os.version: '10.0', java.version: '21.0.3'
Driver info: org.openqa.selenium.chrome.ChromeDriver
Capabilities {acceptInsecureCerts: false, browserName: chrome, browserVersion: 136.0.7103.114, chrome: {chromedriverVersion: 136.0.7103.113 (76fa3c17824..., userDataDir: C:\Users\INGRID~1.ZAD\AppDa...}, fedcm:accounts: true, goog:chromeOptions: {debuggerAddress: localhost:55730}, networkConnectionEnabled: false, pageLoadStrategy: normal, platformName: windows, proxy: Proxy(), se:cdp: ws://localhost:55730/devtoo..., se:cdpVersion: 136.0.7103.114, setWindowRect: true, strictFileInteractability: false, timeouts: {implicit: 0, pageLoad: 300000, script: 30000}, unhandledPromptBehavior: dismiss and notify, webauthn:extension:credBlob: true, webauthn:extension:largeBlob: true, webauthn:extension:minPinLength: true, webauthn:extension:prf: true, webauthn:virtualAuthenticators: true}
Session ID: cb0e29dab375ed6e49b1fe87c133c12d
2025-05-22 14:46:07 [main] INFO  l.i.u.t.SubmittedApplicationsPageTest - Marking 'Ne' radio button 5
2025-05-22 14:46:17 [main] ERROR l.i.u.p.SubmittedApplicationsPage - Error selecting radio button: Expected condition failed: waiting for element to be clickable: By.xpath: (//input[@type='radio' and @value='false'])[13] (tried for 10 second(s) with 500 milliseconds interval)
Build info: version: '4.27.0', revision: 'd6e718d134'
System info: os.name: 'Windows 11', os.arch: 'amd64', os.version: '10.0', java.version: '21.0.3'
Driver info: org.openqa.selenium.chrome.ChromeDriver
Capabilities {acceptInsecureCerts: false, browserName: chrome, browserVersion: 136.0.7103.114, chrome: {chromedriverVersion: 136.0.7103.113 (76fa3c17824..., userDataDir: C:\Users\INGRID~1.ZAD\AppDa...}, fedcm:accounts: true, goog:chromeOptions: {debuggerAddress: localhost:55730}, networkConnectionEnabled: false, pageLoadStrategy: normal, platformName: windows, proxy: Proxy(), se:cdp: ws://localhost:55730/devtoo..., se:cdpVersion: 136.0.7103.114, setWindowRect: true, strictFileInteractability: false, timeouts: {implicit: 0, pageLoad: 300000, script: 30000}, unhandledPromptBehavior: dismiss and notify, webauthn:extension:credBlob: true, webauthn:extension:largeBlob: true, webauthn:extension:minPinLength: true, webauthn:extension:prf: true, webauthn:virtualAuthenticators: true}
Session ID: cb0e29dab375ed6e49b1fe87c133c12d
2025-05-22 14:46:17 [main] INFO  l.i.u.t.SubmittedApplicationsPageTest - Marking 'Ne' radio button 6
2025-05-22 14:46:28 [main] ERROR l.i.u.p.SubmittedApplicationsPage - Error selecting radio button: Expected condition failed: waiting for element to be clickable: By.xpath: (//input[@type='radio' and @value='true'])[14] (tried for 10 second(s) with 500 milliseconds interval)
Build info: version: '4.27.0', revision: 'd6e718d134'
System info: os.name: 'Windows 11', os.arch: 'amd64', os.version: '10.0', java.version: '21.0.3'
Driver info: org.openqa.selenium.chrome.ChromeDriver
Capabilities {acceptInsecureCerts: false, browserName: chrome, browserVersion: 136.0.7103.114, chrome: {chromedriverVersion: 136.0.7103.113 (76fa3c17824..., userDataDir: C:\Users\INGRID~1.ZAD\AppDa...}, fedcm:accounts: true, goog:chromeOptions: {debuggerAddress: localhost:55730}, networkConnectionEnabled: false, pageLoadStrategy: normal, platformName: windows, proxy: Proxy(), se:cdp: ws://localhost:55730/devtoo..., se:cdpVersion: 136.0.7103.114, setWindowRect: true, strictFileInteractability: false, timeouts: {implicit: 0, pageLoad: 300000, script: 30000}, unhandledPromptBehavior: dismiss and notify, webauthn:extension:credBlob: true, webauthn:extension:largeBlob: true, webauthn:extension:minPinLength: true, webauthn:extension:prf: true, webauthn:virtualAuthenticators: true}
Session ID: cb0e29dab375ed6e49b1fe87c133c12d
2025-05-22 14:46:28 [main] INFO  l.i.u.t.SubmittedApplicationsPageTest - Marking 'Taip' radio button 7
2025-05-22 14:46:38 [main] ERROR l.i.u.p.SubmittedApplicationsPage - Error selecting radio button: Expected condition failed: waiting for element to be clickable: By.xpath: (//input[@type='radio' and @value='true'])[15] (tried for 10 second(s) with 500 milliseconds interval)
Build info: version: '4.27.0', revision: 'd6e718d134'
System info: os.name: 'Windows 11', os.arch: 'amd64', os.version: '10.0', java.version: '21.0.3'
Driver info: org.openqa.selenium.chrome.ChromeDriver
Capabilities {acceptInsecureCerts: false, browserName: chrome, browserVersion: 136.0.7103.114, chrome: {chromedriverVersion: 136.0.7103.113 (76fa3c17824..., userDataDir: C:\Users\INGRID~1.ZAD\AppDa...}, fedcm:accounts: true, goog:chromeOptions: {debuggerAddress: localhost:55730}, networkConnectionEnabled: false, pageLoadStrategy: normal, platformName: windows, proxy: Proxy(), se:cdp: ws://localhost:55730/devtoo..., se:cdpVersion: 136.0.7103.114, setWindowRect: true, strictFileInteractability: false, timeouts: {implicit: 0, pageLoad: 300000, script: 30000}, unhandledPromptBehavior: dismiss and notify, webauthn:extension:credBlob: true, webauthn:extension:largeBlob: true, webauthn:extension:minPinLength: true, webauthn:extension:prf: true, webauthn:virtualAuthenticators: true}
Session ID: cb0e29dab375ed6e49b1fe87c133c12d
2025-05-22 14:46:38 [main] INFO  l.i.u.t.SubmittedApplicationsPageTest - Marking 'Taip' radio button 8
2025-05-22 14:46:48 [main] ERROR l.i.u.p.SubmittedApplicationsPage - Error selecting radio button: Expected condition failed: waiting for element to be clickable: By.xpath: (//input[@type='radio' and @value='true'])[16] (tried for 10 second(s) with 500 milliseconds interval)
Build info: version: '4.27.0', revision: 'd6e718d134'
System info: os.name: 'Windows 11', os.arch: 'amd64', os.version: '10.0', java.version: '21.0.3'
Driver info: org.openqa.selenium.chrome.ChromeDriver
Capabilities {acceptInsecureCerts: false, browserName: chrome, browserVersion: 136.0.7103.114, chrome: {chromedriverVersion: 136.0.7103.113 (76fa3c17824..., userDataDir: C:\Users\INGRID~1.ZAD\AppDa...}, fedcm:accounts: true, goog:chromeOptions: {debuggerAddress: localhost:55730}, networkConnectionEnabled: false, pageLoadStrategy: normal, platformName: windows, proxy: Proxy(), se:cdp: ws://localhost:55730/devtoo..., se:cdpVersion: 136.0.7103.114, setWindowRect: true, strictFileInteractability: false, timeouts: {implicit: 0, pageLoad: 300000, script: 30000}, unhandledPromptBehavior: dismiss and notify, webauthn:extension:credBlob: true, webauthn:extension:largeBlob: true, webauthn:extension:minPinLength: true, webauthn:extension:prf: true, webauthn:virtualAuthenticators: true}
Session ID: cb0e29dab375ed6e49b1fe87c133c12d
2025-05-22 14:46:48 [main] INFO  l.i.u.t.SubmittedApplicationsPageTest - Marking 'Taip' radio button 9
2025-05-22 14:46:58 [main] ERROR l.i.u.p.SubmittedApplicationsPage - Error selecting radio button: Expected condition failed: waiting for element to be clickable: By.xpath: (//input[@type='radio' and @value='true'])[17] (tried for 10 second(s) with 500 milliseconds interval)
Build info: version: '4.27.0', revision: 'd6e718d134'
System info: os.name: 'Windows 11', os.arch: 'amd64', os.version: '10.0', java.version: '21.0.3'
Driver info: org.openqa.selenium.chrome.ChromeDriver
Capabilities {acceptInsecureCerts: false, browserName: chrome, browserVersion: 136.0.7103.114, chrome: {chromedriverVersion: 136.0.7103.113 (76fa3c17824..., userDataDir: C:\Users\INGRID~1.ZAD\AppDa...}, fedcm:accounts: true, goog:chromeOptions: {debuggerAddress: localhost:55730}, networkConnectionEnabled: false, pageLoadStrategy: normal, platformName: windows, proxy: Proxy(), se:cdp: ws://localhost:55730/devtoo..., se:cdpVersion: 136.0.7103.114, setWindowRect: true, strictFileInteractability: false, timeouts: {implicit: 0, pageLoad: 300000, script: 30000}, unhandledPromptBehavior: dismiss and notify, webauthn:extension:credBlob: true, webauthn:extension:largeBlob: true, webauthn:extension:minPinLength: true, webauthn:extension:prf: true, webauthn:virtualAuthenticators: true}
Session ID: cb0e29dab375ed6e49b1fe87c133c12d
2025-05-22 14:46:58 [main] INFO  l.i.u.t.SubmittedApplicationsPageTest - Marking 'Taip' radio button 10
2025-05-22 14:47:09 [main] ERROR l.i.u.p.SubmittedApplicationsPage - Error selecting radio button: Expected condition failed: waiting for element to be clickable: By.xpath: (//input[@type='radio' and @value='true'])[18] (tried for 10 second(s) with 500 milliseconds interval)
Build info: version: '4.27.0', revision: 'd6e718d134'
System info: os.name: 'Windows 11', os.arch: 'amd64', os.version: '10.0', java.version: '21.0.3'
Driver info: org.openqa.selenium.chrome.ChromeDriver
Capabilities {acceptInsecureCerts: false, browserName: chrome, browserVersion: 136.0.7103.114, chrome: {chromedriverVersion: 136.0.7103.113 (76fa3c17824..., userDataDir: C:\Users\INGRID~1.ZAD\AppDa...}, fedcm:accounts: true, goog:chromeOptions: {debuggerAddress: localhost:55730}, networkConnectionEnabled: false, pageLoadStrategy: normal, platformName: windows, proxy: Proxy(), se:cdp: ws://localhost:55730/devtoo..., se:cdpVersion: 136.0.7103.114, setWindowRect: true, strictFileInteractability: false, timeouts: {implicit: 0, pageLoad: 300000, script: 30000}, unhandledPromptBehavior: dismiss and notify, webauthn:extension:credBlob: true, webauthn:extension:largeBlob: true, webauthn:extension:minPinLength: true, webauthn:extension:prf: true, webauthn:virtualAuthenticators: true}
Session ID: cb0e29dab375ed6e49b1fe87c133c12d
2025-05-22 14:47:09 [main] INFO  l.i.u.t.SubmittedApplicationsPageTest - Marking 'Taip' radio button 11
2025-05-22 14:47:19 [main] ERROR l.i.u.p.SubmittedApplicationsPage - Error selecting radio button: Expected condition failed: waiting for element to be clickable: By.xpath: (//input[@type='radio' and @value='true'])[19] (tried for 10 second(s) with 500 milliseconds interval)
Build info: version: '4.27.0', revision: 'd6e718d134'
System info: os.name: 'Windows 11', os.arch: 'amd64', os.version: '10.0', java.version: '21.0.3'
Driver info: org.openqa.selenium.chrome.ChromeDriver
Capabilities {acceptInsecureCerts: false, browserName: chrome, browserVersion: 136.0.7103.114, chrome: {chromedriverVersion: 136.0.7103.113 (76fa3c17824..., userDataDir: C:\Users\INGRID~1.ZAD\AppDa...}, fedcm:accounts: true, goog:chromeOptions: {debuggerAddress: localhost:55730}, networkConnectionEnabled: false, pageLoadStrategy: normal, platformName: windows, proxy: Proxy(), se:cdp: ws://localhost:55730/devtoo..., se:cdpVersion: 136.0.7103.114, setWindowRect: true, strictFileInteractability: false, timeouts: {implicit: 0, pageLoad: 300000, script: 30000}, unhandledPromptBehavior: dismiss and notify, webauthn:extension:credBlob: true, webauthn:extension:largeBlob: true, webauthn:extension:minPinLength: true, webauthn:extension:prf: true, webauthn:virtualAuthenticators: true}
Session ID: cb0e29dab375ed6e49b1fe87c133c12d
2025-05-22 14:47:19 [main] INFO  l.i.u.t.SubmittedApplicationsPageTest - Marking 'Taip' radio button 12
2025-05-22 14:47:29 [main] DEBUG l.i.u.t.SubmittedApplicationsPageTest - Checked 'ConfirmationStepFour'
2025-05-22 14:47:30 [main] DEBUG l.i.u.t.SubmittedApplicationsPageTest - Clicked 'Next' button after checkboxes.
2025-05-22 14:47:30 [main] INFO  l.i.u.p.SubmittedApplicationsPage - File uploaded successfully to an input element.
2025-05-22 14:47:30 [main] INFO  l.i.u.p.SubmittedApplicationsPage - File uploaded successfully to an input element.
2025-05-22 14:47:30 [main] INFO  l.i.u.p.SubmittedApplicationsPage - File uploaded successfully to an input element.
2025-05-22 14:47:30 [main] INFO  l.i.u.p.SubmittedApplicationsPage - File uploaded successfully to an input element.
2025-05-22 14:47:30 [main] INFO  l.i.u.p.SubmittedApplicationsPage - File uploaded successfully to an input element.
2025-05-22 14:47:30 [main] INFO  l.i.u.p.SubmittedApplicationsPage - File uploaded successfully to an input element.
2025-05-22 14:47:30 [main] INFO  l.i.u.p.SubmittedApplicationsPage - File uploaded successfully to an input element.
2025-05-22 14:47:30 [main] INFO  l.i.u.p.SubmittedApplicationsPage - File uploaded successfully to an input element.
2025-05-22 14:47:30 [main] DEBUG l.i.u.t.SubmittedApplicationsPageTest - Entered program name: 'Dokumentas 1'.
2025-05-22 14:47:30 [main] DEBUG l.i.u.t.SubmittedApplicationsPageTest - Entered program name: 'Dokumentas 2'.
2025-05-22 14:47:30 [main] DEBUG l.i.u.t.SubmittedApplicationsPageTest - Entered program name: 'Dokumentas 3'.
2025-05-22 14:47:31 [main] DEBUG l.i.u.t.SubmittedApplicationsPageTest - Entered program name: 'Dokumentas 4'.
2025-05-22 14:47:31 [main] DEBUG l.i.u.t.SubmittedApplicationsPageTest - Entered program name: 'Dokumentas 5'.
2025-05-22 14:47:31 [main] DEBUG l.i.u.t.SubmittedApplicationsPageTest - Entered program name: 'Dokumentas 6'.
2025-05-22 14:47:31 [main] DEBUG l.i.u.t.SubmittedApplicationsPageTest - Entered program name: 'Dokumentas 4'.
2025-05-22 14:47:31 [main] DEBUG l.i.u.t.SubmittedApplicationsPageTest - Entered program name: 'Dokumentas 8'.
2025-05-22 14:47:41 [main] DEBUG l.i.u.t.SubmittedApplicationsPageTest - Checked 'ConfirmationDocument'
2025-05-22 14:47:51 [main] DEBUG l.i.u.t.SubmittedApplicationsPageTest - Checked 'ConfirmationApplication'
2025-05-22 14:47:51 [main] DEBUG l.i.u.t.SubmittedApplicationsPageTest - Clicked 'Review' button after checkboxes.
2025-05-22 14:47:51 [main] INFO  l.i.u.t.SubmittedApplicationsPageTest - Test 'testFillNewDVPApplicationFA' completed successfully.
2025-05-22 14:49:16 [main] INFO  lt.insoft.uztis.tests.UztisPageTest - Navigated to https://uztisdev.asseco.lt/home
2025-05-22 14:49:16 [main] INFO  l.i.u.t.SubmittedApplicationsPageTest - Starting test:'testAddEvaluators'
2025-05-22 14:49:16 [main] INFO  l.insoft.uztis.tests.utils.TestUtils - Login attempt with user: evaluation_chief
2025-05-22 14:49:16 [main] DEBUG l.i.u.t.SubmittedApplicationsPageTest - User logged in with test credentials
2025-05-22 14:49:17 [main] DEBUG l.i.u.t.SubmittedApplicationsPageTest - Opened 'Application Processing' menu.
2025-05-22 14:49:17 [main] DEBUG l.i.u.t.SubmittedApplicationsPageTest - Clicked on 'Application Forms' menu.
2025-05-22 14:49:17 [main] DEBUG l.i.u.t.SubmittedApplicationsPageTest - Retrieved last description code text: 'TST-DVP-34'.
2025-05-22 14:49:17 [main] DEBUG l.i.u.t.SubmittedApplicationsPageTest - Clicked on 'Invitation' menu.
2025-05-22 14:49:19 [main] DEBUG l.i.u.t.SubmittedApplicationsPageTest - Selected application section by code: 'TST-DVP-34'.
2025-05-22 14:49:19 [main] DEBUG l.i.u.t.SubmittedApplicationsPageTest - Clicked 'Search' button.
2025-05-22 14:49:19 [main] DEBUG l.i.u.t.SubmittedApplicationsPageTest - Retrieved invitation code: ''.
2025-05-22 14:49:19 [main] DEBUG l.i.u.t.SubmittedApplicationsPageTest - Clicked on 'Submitted Applications' menu.
2025-05-22 14:49:20 [main] DEBUG l.i.u.t.SubmittedApplicationsPageTest - Selected invitation by code: 'TST-DVP-34'.
2025-05-22 14:49:20 [main] DEBUG l.i.u.t.SubmittedApplicationsPageTest - Invitation code inserted.
2025-05-22 14:49:20 [main] DEBUG l.i.u.t.SubmittedApplicationsPageTest - Clicked on 'Action Application' button.
2025-05-22 14:49:20 [main] DEBUG l.i.u.t.SubmittedApplicationsPageTest - Clicked on 'Add Evaluators' button.
2025-05-22 14:49:21 [main] DEBUG l.i.u.t.SubmittedApplicationsPageTest - Entered first evaluation date.
2025-05-22 14:49:31 [main] ERROR l.i.u.t.SubmittedApplicationsPageTest - Test 'testAddEvaluators' failed with error: no such element: Unable to locate element: {"method":"xpath","selector":"(//div[contains(@class, 'mat-mdc-form-field-infix')]//input[@type='text' and contains(@class, 'mat-datepicker-input')])[2]"}
  (Session info: chrome=136.0.7103.114)
For documentation on this error, please visit: https://www.selenium.dev/documentation/webdriver/troubleshooting/errors#no-such-element-exception
Build info: version: '4.27.0', revision: 'd6e718d134'
System info: os.name: 'Windows 11', os.arch: 'amd64', os.version: '10.0', java.version: '21.0.3'
Driver info: org.openqa.selenium.chrome.ChromeDriver
Command: [c666e88004b9789d062ca3248cd30e7d, findElement {using=xpath, value=(//div[contains(@class, 'mat-mdc-form-field-infix')]//input[@type='text' and contains(@class, 'mat-datepicker-input')])[2]}]
Capabilities {acceptInsecureCerts: false, browserName: chrome, browserVersion: 136.0.7103.114, chrome: {chromedriverVersion: 136.0.7103.113 (76fa3c17824..., userDataDir: C:\Users\INGRID~1.ZAD\AppDa...}, fedcm:accounts: true, goog:chromeOptions: {debuggerAddress: localhost:55971}, networkConnectionEnabled: false, pageLoadStrategy: normal, platformName: windows, proxy: Proxy(), se:cdp: ws://localhost:55971/devtoo..., se:cdpVersion: 136.0.7103.114, setWindowRect: true, strictFileInteractability: false, timeouts: {implicit: 0, pageLoad: 300000, script: 30000}, unhandledPromptBehavior: dismiss and notify, webauthn:extension:credBlob: true, webauthn:extension:largeBlob: true, webauthn:extension:minPinLength: true, webauthn:extension:prf: true, webauthn:virtualAuthenticators: true}
Session ID: c666e88004b9789d062ca3248cd30e7d
org.openqa.selenium.NoSuchElementException: no such element: Unable to locate element: {"method":"xpath","selector":"(//div[contains(@class, 'mat-mdc-form-field-infix')]//input[@type='text' and contains(@class, 'mat-datepicker-input')])[2]"}
  (Session info: chrome=136.0.7103.114)
For documentation on this error, please visit: https://www.selenium.dev/documentation/webdriver/troubleshooting/errors#no-such-element-exception
Build info: version: '4.27.0', revision: 'd6e718d134'
System info: os.name: 'Windows 11', os.arch: 'amd64', os.version: '10.0', java.version: '21.0.3'
Driver info: org.openqa.selenium.chrome.ChromeDriver
Command: [c666e88004b9789d062ca3248cd30e7d, findElement {using=xpath, value=(//div[contains(@class, 'mat-mdc-form-field-infix')]//input[@type='text' and contains(@class, 'mat-datepicker-input')])[2]}]
Capabilities {acceptInsecureCerts: false, browserName: chrome, browserVersion: 136.0.7103.114, chrome: {chromedriverVersion: 136.0.7103.113 (76fa3c17824..., userDataDir: C:\Users\INGRID~1.ZAD\AppDa...}, fedcm:accounts: true, goog:chromeOptions: {debuggerAddress: localhost:55971}, networkConnectionEnabled: false, pageLoadStrategy: normal, platformName: windows, proxy: Proxy(), se:cdp: ws://localhost:55971/devtoo..., se:cdpVersion: 136.0.7103.114, setWindowRect: true, strictFileInteractability: false, timeouts: {implicit: 0, pageLoad: 300000, script: 30000}, unhandledPromptBehavior: dismiss and notify, webauthn:extension:credBlob: true, webauthn:extension:largeBlob: true, webauthn:extension:minPinLength: true, webauthn:extension:prf: true, webauthn:virtualAuthenticators: true}
Session ID: c666e88004b9789d062ca3248cd30e7d
	at java.base/jdk.internal.reflect.DirectConstructorHandleAccessor.newInstance(DirectConstructorHandleAccessor.java:62)
	at java.base/java.lang.reflect.Constructor.newInstanceWithCaller(Constructor.java:502)
	at java.base/java.lang.reflect.Constructor.newInstance(Constructor.java:486)
	at org.openqa.selenium.remote.ErrorCodec.decode(ErrorCodec.java:167)
	at org.openqa.selenium.remote.codec.w3c.W3CHttpResponseCodec.decode(W3CHttpResponseCodec.java:138)
	at org.openqa.selenium.remote.codec.w3c.W3CHttpResponseCodec.decode(W3CHttpResponseCodec.java:50)
	at org.openqa.selenium.remote.HttpCommandExecutor.execute(HttpCommandExecutor.java:190)
	at org.openqa.selenium.remote.service.DriverCommandExecutor.invokeExecute(DriverCommandExecutor.java:216)
	at org.openqa.selenium.remote.service.DriverCommandExecutor.execute(DriverCommandExecutor.java:174)
	at org.openqa.selenium.remote.RemoteWebDriver.execute(RemoteWebDriver.java:545)
	at org.openqa.selenium.remote.ElementLocation$ElementFinder$2.findElement(ElementLocation.java:165)
	at org.openqa.selenium.remote.ElementLocation.findElement(ElementLocation.java:59)
	at org.openqa.selenium.remote.RemoteWebDriver.findElement(RemoteWebDriver.java:368)
	at org.openqa.selenium.remote.RemoteWebDriver.findElement(RemoteWebDriver.java:362)
	at org.openqa.selenium.support.pagefactory.DefaultElementLocator.findElement(DefaultElementLocator.java:68)
	at org.openqa.selenium.support.pagefactory.internal.LocatingElementHandler.invoke(LocatingElementHandler.java:38)
	at jdk.proxy2/jdk.proxy2.$Proxy14.isDisplayed(Unknown Source)
	at lt.insoft.uztis.pages.SubmittedApplicationsPage.enterSecondEvaluationEndDate(SubmittedApplicationsPage.java:1957)
	at lt.insoft.uztis.tests.SubmittedApplicationsPageTest.testAddEvaluators(SubmittedApplicationsPageTest.java:556)
	at java.base/jdk.internal.reflect.DirectMethodHandleAccessor.invoke(DirectMethodHandleAccessor.java:103)
	at java.base/java.lang.reflect.Method.invoke(Method.java:580)
	at org.junit.platform.commons.util.ReflectionUtils.invokeMethod(ReflectionUtils.java:728)
	at org.junit.jupiter.engine.execution.MethodInvocation.proceed(MethodInvocation.java:60)
	at org.junit.jupiter.engine.execution.InvocationInterceptorChain$ValidatingInvocation.proceed(InvocationInterceptorChain.java:131)
	at org.junit.jupiter.engine.extension.TimeoutExtension.intercept(TimeoutExtension.java:156)
	at org.junit.jupiter.engine.extension.TimeoutExtension.interceptTestableMethod(TimeoutExtension.java:147)
	at org.junit.jupiter.engine.extension.TimeoutExtension.interceptTestMethod(TimeoutExtension.java:86)
	at org.junit.jupiter.engine.execution.InterceptingExecutableInvoker$ReflectiveInterceptorCall.lambda$ofVoidMethod$0(InterceptingExecutableInvoker.java:103)
	at org.junit.jupiter.engine.execution.InterceptingExecutableInvoker.lambda$invoke$0(InterceptingExecutableInvoker.java:93)
	at org.junit.jupiter.engine.execution.InvocationInterceptorChain$InterceptedInvocation.proceed(InvocationInterceptorChain.java:106)
	at org.junit.jupiter.engine.execution.InvocationInterceptorChain.proceed(InvocationInterceptorChain.java:64)
	at org.junit.jupiter.engine.execution.InvocationInterceptorChain.chainAndInvoke(InvocationInterceptorChain.java:45)
	at org.junit.jupiter.engine.execution.InvocationInterceptorChain.invoke(InvocationInterceptorChain.java:37)
	at org.junit.jupiter.engine.execution.InterceptingExecutableInvoker.invoke(InterceptingExecutableInvoker.java:92)
	at org.junit.jupiter.engine.execution.InterceptingExecutableInvoker.invoke(InterceptingExecutableInvoker.java:86)
	at org.junit.jupiter.engine.descriptor.TestMethodTestDescriptor.lambda$invokeTestMethod$7(TestMethodTestDescriptor.java:218)
	at org.junit.platform.engine.support.hierarchical.ThrowableCollector.execute(ThrowableCollector.java:73)
	at org.junit.jupiter.engine.descriptor.TestMethodTestDescriptor.invokeTestMethod(TestMethodTestDescriptor.java:214)
	at org.junit.jupiter.engine.descriptor.TestMethodTestDescriptor.execute(TestMethodTestDescriptor.java:139)
	at org.junit.jupiter.engine.descriptor.TestMethodTestDescriptor.execute(TestMethodTestDescriptor.java:69)
	at org.junit.platform.engine.support.hierarchical.NodeTestTask.lambda$executeRecursively$6(NodeTestTask.java:151)
	at org.junit.platform.engine.support.hierarchical.ThrowableCollector.execute(ThrowableCollector.java:73)
	at org.junit.platform.engine.support.hierarchical.NodeTestTask.lambda$executeRecursively$8(NodeTestTask.java:141)
	at org.junit.platform.engine.support.hierarchical.Node.around(Node.java:137)
	at org.junit.platform.engine.support.hierarchical.NodeTestTask.lambda$executeRecursively$9(NodeTestTask.java:139)
	at org.junit.platform.engine.support.hierarchical.ThrowableCollector.execute(ThrowableCollector.java:73)
	at org.junit.platform.engine.support.hierarchical.NodeTestTask.executeRecursively(NodeTestTask.java:138)
	at org.junit.platform.engine.support.hierarchical.NodeTestTask.execute(NodeTestTask.java:95)
	at java.base/java.util.ArrayList.forEach(ArrayList.java:1596)
	at org.junit.platform.engine.support.hierarchical.SameThreadHierarchicalTestExecutorService.invokeAll(SameThreadHierarchicalTestExecutorService.java:41)
	at org.junit.platform.engine.support.hierarchical.NodeTestTask.lambda$executeRecursively$6(NodeTestTask.java:155)
	at org.junit.platform.engine.support.hierarchical.ThrowableCollector.execute(ThrowableCollector.java:73)
	at org.junit.platform.engine.support.hierarchical.NodeTestTask.lambda$executeRecursively$8(NodeTestTask.java:141)
	at org.junit.platform.engine.support.hierarchical.Node.around(Node.java:137)
	at org.junit.platform.engine.support.hierarchical.NodeTestTask.lambda$executeRecursively$9(NodeTestTask.java:139)
	at org.junit.platform.engine.support.hierarchical.ThrowableCollector.execute(ThrowableCollector.java:73)
	at org.junit.platform.engine.support.hierarchical.NodeTestTask.executeRecursively(NodeTestTask.java:138)
	at org.junit.platform.engine.support.hierarchical.NodeTestTask.execute(NodeTestTask.java:95)
	at java.base/java.util.ArrayList.forEach(ArrayList.java:1596)
	at org.junit.platform.engine.support.hierarchical.SameThreadHierarchicalTestExecutorService.invokeAll(SameThreadHierarchicalTestExecutorService.java:41)
	at org.junit.platform.engine.support.hierarchical.NodeTestTask.lambda$executeRecursively$6(NodeTestTask.java:155)
	at org.junit.platform.engine.support.hierarchical.ThrowableCollector.execute(ThrowableCollector.java:73)
	at org.junit.platform.engine.support.hierarchical.NodeTestTask.lambda$executeRecursively$8(NodeTestTask.java:141)
	at org.junit.platform.engine.support.hierarchical.Node.around(Node.java:137)
	at org.junit.platform.engine.support.hierarchical.NodeTestTask.lambda$executeRecursively$9(NodeTestTask.java:139)
	at org.junit.platform.engine.support.hierarchical.ThrowableCollector.execute(ThrowableCollector.java:73)
	at org.junit.platform.engine.support.hierarchical.NodeTestTask.executeRecursively(NodeTestTask.java:138)
	at org.junit.platform.engine.support.hierarchical.NodeTestTask.execute(NodeTestTask.java:95)
	at org.junit.platform.engine.support.hierarchical.SameThreadHierarchicalTestExecutorService.submit(SameThreadHierarchicalTestExecutorService.java:35)
	at org.junit.platform.engine.support.hierarchical.HierarchicalTestExecutor.execute(HierarchicalTestExecutor.java:57)
	at org.junit.platform.engine.support.hierarchical.HierarchicalTestEngine.execute(HierarchicalTestEngine.java:54)
	at org.junit.platform.launcher.core.EngineExecutionOrchestrator.execute(EngineExecutionOrchestrator.java:198)
	at org.junit.platform.launcher.core.EngineExecutionOrchestrator.execute(EngineExecutionOrchestrator.java:169)
	at org.junit.platform.launcher.core.EngineExecutionOrchestrator.execute(EngineExecutionOrchestrator.java:93)
	at org.junit.platform.launcher.core.EngineExecutionOrchestrator.lambda$execute$0(EngineExecutionOrchestrator.java:58)
	at org.junit.platform.launcher.core.EngineExecutionOrchestrator.withInterceptedStreams(EngineExecutionOrchestrator.java:141)
	at org.junit.platform.launcher.core.EngineExecutionOrchestrator.execute(EngineExecutionOrchestrator.java:57)
	at org.junit.platform.launcher.core.DefaultLauncher.execute(DefaultLauncher.java:103)
	at org.junit.platform.launcher.core.DefaultLauncher.execute(DefaultLauncher.java:85)
	at org.junit.platform.launcher.core.DelegatingLauncher.execute(DelegatingLauncher.java:47)
	at org.junit.platform.launcher.core.SessionPerRequestLauncher.execute(SessionPerRequestLauncher.java:63)
	at com.intellij.junit5.JUnit5IdeaTestRunner.startRunnerWithArgs(JUnit5IdeaTestRunner.java:57)
	at com.intellij.rt.junit.IdeaTestRunner$Repeater$1.execute(IdeaTestRunner.java:38)
	at com.intellij.rt.execution.junit.TestsRepeater.repeat(TestsRepeater.java:11)
	at com.intellij.rt.junit.IdeaTestRunner$Repeater.startRunnerWithArgs(IdeaTestRunner.java:35)
	at com.intellij.rt.junit.JUnitStarter.prepareStreamsAndStart(JUnitStarter.java:232)
	at com.intellij.rt.junit.JUnitStarter.main(JUnitStarter.java:55)
2025-05-22 14:49:31 [main] INFO  l.insoft.uztis.tests.utils.TestUtils - Screenshot moved to C:\Users\ingrida.zadorozniene\Desktop\Asm\UZTIS\UZTIS_tests\test-output\screenshots\20250522\144931422_testAddEvaluators().png
2025-05-22 14:51:06 [main] INFO  lt.insoft.uztis.tests.UztisPageTest - Navigated to https://uztisdev.asseco.lt/home
2025-05-22 14:51:06 [main] INFO  l.i.u.t.SubmittedApplicationsPageTest - Starting test:'testAddEvaluators'
2025-05-22 14:51:06 [main] INFO  l.insoft.uztis.tests.utils.TestUtils - Login attempt with user: evaluation_chief
2025-05-22 14:51:06 [main] DEBUG l.i.u.t.SubmittedApplicationsPageTest - User logged in with test credentials
2025-05-22 14:51:07 [main] DEBUG l.i.u.t.SubmittedApplicationsPageTest - Opened 'Application Processing' menu.
2025-05-22 14:51:07 [main] DEBUG l.i.u.t.SubmittedApplicationsPageTest - Clicked on 'Application Forms' menu.
2025-05-22 14:51:08 [main] DEBUG l.i.u.t.SubmittedApplicationsPageTest - Retrieved last description code text: 'TST-DVP-34'.
2025-05-22 14:51:08 [main] DEBUG l.i.u.t.SubmittedApplicationsPageTest - Clicked on 'Invitation' menu.
2025-05-22 14:51:09 [main] DEBUG l.i.u.t.SubmittedApplicationsPageTest - Selected application section by code: 'TST-DVP-34'.
2025-05-22 14:51:09 [main] DEBUG l.i.u.t.SubmittedApplicationsPageTest - Clicked 'Search' button.
2025-05-22 14:51:09 [main] DEBUG l.i.u.t.SubmittedApplicationsPageTest - Retrieved invitation code: ''.
2025-05-22 14:51:09 [main] DEBUG l.i.u.t.SubmittedApplicationsPageTest - Clicked on 'Submitted Applications' menu.
2025-05-22 14:51:11 [main] DEBUG l.i.u.t.SubmittedApplicationsPageTest - Selected invitation by code: 'TST-DVP-34'.
2025-05-22 14:51:11 [main] DEBUG l.i.u.t.SubmittedApplicationsPageTest - Invitation code inserted.
2025-05-22 14:51:11 [main] DEBUG l.i.u.t.SubmittedApplicationsPageTest - Clicked on 'Action Application' button.
2025-05-22 14:51:11 [main] DEBUG l.i.u.t.SubmittedApplicationsPageTest - Clicked on 'Add Evaluators' button.
2025-05-22 14:51:11 [main] DEBUG l.i.u.t.SubmittedApplicationsPageTest - Entered first evaluation date.
2025-05-22 14:51:12 [main] DEBUG l.i.u.t.SubmittedApplicationsPageTest - Clicked on 'Add Evaluators' confirmation button.
2025-05-22 14:51:12 [main] DEBUG l.i.uztis.pages.ApplicationFormsPage - Verified success message: 'Paraiškų vertinimai sėkmingai priskirti vertintojams.'
2025-05-22 14:51:12 [main] INFO  l.i.u.t.SubmittedApplicationsPageTest - Verified success message
2025-05-22 14:51:12 [main] INFO  l.i.u.t.SubmittedApplicationsPageTest - Test 'testAddEvaluators' completed successfully.
2025-05-22 14:56:40 [main] INFO  lt.insoft.uztis.tests.UztisPageTest - Navigated to https://uztisdev.asseco.lt/home
2025-05-22 14:56:40 [main] INFO  l.i.u.t.SubmittedApplicationsPageTest - Starting test:'testCreateProjects'
2025-05-22 14:56:40 [main] INFO  l.insoft.uztis.tests.utils.TestUtils - Login attempt with user: evaluation_chief
2025-05-22 14:56:40 [main] DEBUG l.i.u.t.SubmittedApplicationsPageTest - User logged in with test credentials
2025-05-22 14:57:04 [main] INFO  lt.insoft.uztis.tests.UztisPageTest - Navigated to https://uztisdev.asseco.lt/home
2025-05-22 14:57:04 [main] INFO  l.insoft.uztis.tests.FundingPageTest - Starting test:'testFundApplication'
2025-05-22 14:57:05 [main] INFO  l.insoft.uztis.tests.utils.TestUtils - Login attempt with user: evaluation_chief
2025-05-22 14:57:05 [main] DEBUG l.insoft.uztis.tests.FundingPageTest - User logged in with test credentials
2025-05-22 14:57:05 [main] DEBUG l.insoft.uztis.tests.FundingPageTest - Opened 'Application Processing' menu.
2025-05-22 14:57:05 [main] DEBUG l.insoft.uztis.tests.FundingPageTest - Clicked on 'Application Forms' menu.
2025-05-22 14:57:06 [main] DEBUG l.insoft.uztis.tests.FundingPageTest - Retrieved last description code text: 'TST-DVP-34'.
2025-05-22 14:57:06 [main] DEBUG l.insoft.uztis.tests.FundingPageTest - Clicked on 'Invitation' menu.
2025-05-22 14:57:07 [main] DEBUG l.insoft.uztis.tests.FundingPageTest - Selected application section by code: 'TST-DVP-34'.
2025-05-22 14:57:07 [main] DEBUG l.insoft.uztis.tests.FundingPageTest - Clicked 'Search' button.
2025-05-22 14:57:07 [main] DEBUG l.insoft.uztis.tests.FundingPageTest - Retrieved invitation code: ''.
2025-05-22 14:57:08 [main] DEBUG l.insoft.uztis.tests.FundingPageTest - Clicked on 'Funding Queue' menu.
2025-05-22 14:57:09 [main] DEBUG l.insoft.uztis.tests.FundingPageTest - Selected invitation by code: 'TST-DVP-34'.
2025-05-22 14:57:09 [main] DEBUG l.insoft.uztis.tests.FundingPageTest - Invitation code inserted.
2025-05-22 14:57:09 [main] DEBUG l.insoft.uztis.tests.FundingPageTest - Clicked 'Form'.
2025-05-22 14:57:09 [main] DEBUG l.insoft.uztis.tests.FundingPageTest - Clicked 'Finance'.
2025-05-22 14:57:09 [main] DEBUG l.insoft.uztis.tests.FundingPageTest - Entered order number 'VUI_1'.
2025-05-22 14:57:10 [main] DEBUG l.insoft.uztis.tests.FundingPageTest - Clicked 'Finance Confirmation'.
2025-05-22 14:57:10 [main] DEBUG l.i.uztis.pages.ApplicationFormsPage - Verified success message: 'Funkcija sėkmingai atlikta.'
2025-05-22 14:57:10 [main] INFO  l.insoft.uztis.tests.FundingPageTest - Verified success message
2025-05-22 14:57:10 [main] INFO  l.insoft.uztis.tests.FundingPageTest - Test 'testFundApplication' completed successfully.
2025-05-22 14:58:00 [main] INFO  lt.insoft.uztis.tests.UztisPageTest - Navigated to https://uztisdev.asseco.lt/home
2025-05-22 14:58:00 [main] INFO  l.i.u.t.SubmittedApplicationsPageTest - Starting test:'testCreateProjects'
2025-05-22 14:58:01 [main] INFO  l.insoft.uztis.tests.utils.TestUtils - Login attempt with user: evaluation_chief
2025-05-22 14:58:01 [main] DEBUG l.i.u.t.SubmittedApplicationsPageTest - User logged in with test credentials
2025-05-22 14:58:01 [main] DEBUG l.i.u.t.SubmittedApplicationsPageTest - Opened 'Application Processing' menu.
2025-05-22 14:58:01 [main] DEBUG l.i.u.t.SubmittedApplicationsPageTest - Clicked on 'Application Forms' menu.
2025-05-22 14:58:02 [main] DEBUG l.i.u.t.SubmittedApplicationsPageTest - Retrieved last description code text: 'TST-DVP-34'.
2025-05-22 14:58:02 [main] DEBUG l.i.u.t.SubmittedApplicationsPageTest - Clicked on 'Invitation' menu.
2025-05-22 14:58:03 [main] DEBUG l.i.u.t.SubmittedApplicationsPageTest - Selected application section by code: 'TST-DVP-34'.
2025-05-22 14:58:03 [main] DEBUG l.i.u.t.SubmittedApplicationsPageTest - Clicked 'Search' button.
2025-05-22 14:58:03 [main] DEBUG l.i.u.t.SubmittedApplicationsPageTest - Retrieved invitation code: ''.
2025-05-22 14:58:03 [main] DEBUG l.i.u.t.SubmittedApplicationsPageTest - Clicked on 'Submitted Applications' menu.
2025-05-22 14:58:05 [main] DEBUG l.i.u.t.SubmittedApplicationsPageTest - Selected invitation by code: 'TST-DVP-34'.
2025-05-22 14:58:05 [main] DEBUG l.i.u.t.SubmittedApplicationsPageTest - Invitation code inserted.
2025-05-22 14:58:05 [main] DEBUG l.i.u.t.SubmittedApplicationsPageTest - Clicked on 'Action Application' button.
2025-05-22 14:58:05 [main] DEBUG l.i.u.t.SubmittedApplicationsPageTest - Clicked on 'Create Projects' button.
2025-05-22 14:58:05 [main] DEBUG l.i.u.t.SubmittedApplicationsPageTest - Clicked on 'Create Projects' confirmation button.
2025-05-22 14:58:05 [main] ERROR l.i.uztis.pages.ApplicationFormsPage - Failed to verify the success message: 'Projektai sėkmingai sukurti..'. Available messages: [Projektai sėkmingai sukurti.]
2025-05-22 14:58:05 [main] INFO  l.i.u.t.SubmittedApplicationsPageTest - Verified success message
2025-05-22 14:58:05 [main] INFO  l.i.u.t.SubmittedApplicationsPageTest - Test 'testCreateProjects' completed successfully.
2025-05-28 09:07:47 [main] INFO  lt.insoft.uztis.tests.UztisPageTest - Navigated to https://uztisdev.asseco.lt/home
2025-05-28 09:07:47 [main] INFO  l.i.u.tests.ApplicationFormsPageTest - Setup complete. ApplicationFormsPage initialized.
2025-05-28 09:07:47 [main] INFO  l.i.u.tests.ApplicationFormsPageTest - Starting test:'testCreateNewVuiApplication'
2025-05-28 09:07:48 [main] INFO  l.insoft.uztis.tests.utils.TestUtils - Login attempt with user: evaluation_chief
2025-05-28 09:07:48 [main] DEBUG l.i.u.tests.ApplicationFormsPageTest - User logged in with test credentials
2025-05-28 09:07:48 [main] DEBUG l.i.u.tests.ApplicationFormsPageTest - Opened 'Application Processing' menu.
2025-05-28 09:07:48 [main] DEBUG l.i.u.tests.ApplicationFormsPageTest - Clicked on 'Application Forms' menu.
2025-05-28 09:07:49 [main] DEBUG l.i.u.tests.ApplicationFormsPageTest - Clicked to create a new application form.
2025-05-28 09:07:49 [main] DEBUG l.i.u.tests.ApplicationFormsPageTest - Entered random application code: TST-VUI-29
2025-05-28 09:07:49 [main] DEBUG l.i.u.tests.ApplicationFormsPageTest - Selected 'Section' radio button.
2025-05-28 09:07:49 [main] INFO  l.i.uztis.pages.ApplicationFormsPage - Located the dropdown button.
2025-05-28 09:07:50 [main] INFO  l.i.uztis.pages.ApplicationFormsPage - Successfully selected the value: 'Skyrius 1'
2025-05-28 09:08:00 [main] ERROR l.i.uztis.pages.ApplicationFormsPage - Failed to close the dropdown with aria-expanded = 'false'.
2025-05-28 09:08:00 [main] DEBUG l.i.u.tests.ApplicationFormsPageTest - Selected a value from the 'Section' dropdown: 'Skyrius 1'
2025-05-28 09:08:00 [main] DEBUG l.i.u.tests.ApplicationFormsPageTest - Selected 'Budget by Municipality' option.
2025-05-28 09:08:00 [main] DEBUG l.i.u.tests.ApplicationFormsPageTest - Selected 'Financed Without Queue' option.
2025-05-28 09:08:00 [main] DEBUG l.i.u.tests.ApplicationFormsPageTest - Clicked 'Add' button.
2025-05-28 09:08:00 [main] INFO  l.i.uztis.pages.ApplicationFormsPage - Located the dropdown button.
2025-05-28 09:08:01 [main] INFO  l.i.uztis.pages.ApplicationFormsPage - Successfully selected the value: 'VUI atitiktis URP'
2025-05-28 09:08:12 [main] ERROR l.i.uztis.pages.ApplicationFormsPage - Failed to close the dropdown with aria-expanded = 'false'.
2025-05-28 09:08:12 [main] DEBUG l.i.u.tests.ApplicationFormsPageTest - Selected a value from the 'EvaluationOne' dropdown: 'VUI atitiktis URP'
2025-05-28 09:08:12 [main] INFO  l.i.uztis.pages.ApplicationFormsPage - Located the dropdown button.
2025-05-28 09:08:13 [main] INFO  l.i.uztis.pages.ApplicationFormsPage - Successfully selected the value: 'VUI atitiktis kokybės kriterijams'
2025-05-28 09:08:23 [main] ERROR l.i.uztis.pages.ApplicationFormsPage - Failed to close the dropdown with aria-expanded = 'false'.
2025-05-28 09:08:23 [main] DEBUG l.i.u.tests.ApplicationFormsPageTest - Selected a value from the 'EvaluationTwon' dropdown: 'VUI atitiktis kokybės kriterijams'
2025-05-28 09:08:23 [main] INFO  l.i.uztis.pages.ApplicationFormsPage - Located the dropdown button.
2025-05-28 09:08:23 [main] INFO  l.i.uztis.pages.ApplicationFormsPage - Successfully selected the value: 'VUI gynimo vertinimo forma'
2025-05-28 09:08:33 [main] ERROR l.i.uztis.pages.ApplicationFormsPage - Failed to close the dropdown with aria-expanded = 'false'.
2025-05-28 09:08:33 [main] DEBUG l.i.u.tests.ApplicationFormsPageTest - Selected a value from the 'EvaluationThree' dropdown: 'VUI gynimo vertinimo forma'
2025-05-28 09:08:33 [main] DEBUG l.i.u.tests.ApplicationFormsPageTest - Clicked 'Plus' button.
2025-05-28 09:08:34 [main] DEBUG l.i.u.tests.ApplicationFormsPageTest - Clicked 'Add' button seven times.
2025-05-28 09:08:34 [main] INFO  l.i.uztis.pages.ApplicationFormsPage - Processing dropdown index: 0
2025-05-28 09:08:45 [main] ERROR l.i.uztis.pages.ApplicationFormsPage - Timeout while waiting for dropdown to close at index: 0 with aria-expanded = 'false'
2025-05-28 09:08:45 [main] INFO  l.i.uztis.pages.ApplicationFormsPage - Processing dropdown index: 1
2025-05-28 09:08:56 [main] ERROR l.i.uztis.pages.ApplicationFormsPage - Timeout while waiting for dropdown to close at index: 1 with aria-expanded = 'false'
2025-05-28 09:08:56 [main] INFO  l.i.uztis.pages.ApplicationFormsPage - Processing dropdown index: 2
2025-05-28 09:09:06 [main] ERROR l.i.uztis.pages.ApplicationFormsPage - Timeout while waiting for dropdown to close at index: 2 with aria-expanded = 'false'
2025-05-28 09:09:06 [main] INFO  l.i.uztis.pages.ApplicationFormsPage - Processing dropdown index: 3
2025-05-28 09:09:18 [main] ERROR l.i.uztis.pages.ApplicationFormsPage - Timeout while waiting for dropdown to close at index: 3 with aria-expanded = 'false'
2025-05-28 09:09:18 [main] INFO  l.i.uztis.pages.ApplicationFormsPage - Processing dropdown index: 4
2025-05-28 09:09:28 [main] ERROR l.i.uztis.pages.ApplicationFormsPage - Timeout while waiting for dropdown to close at index: 4 with aria-expanded = 'false'
2025-05-28 09:09:28 [main] INFO  l.i.uztis.pages.ApplicationFormsPage - Processing dropdown index: 5
2025-05-28 09:09:39 [main] ERROR l.i.uztis.pages.ApplicationFormsPage - Timeout while waiting for dropdown to close at index: 5 with aria-expanded = 'false'
2025-05-28 09:09:39 [main] INFO  l.i.uztis.pages.ApplicationFormsPage - Processing dropdown index: 6
2025-05-28 09:09:50 [main] ERROR l.i.uztis.pages.ApplicationFormsPage - Timeout while waiting for dropdown to close at index: 6 with aria-expanded = 'false'
2025-05-28 09:09:50 [main] INFO  l.i.uztis.pages.ApplicationFormsPage - Processing dropdown index: 7
2025-05-28 09:10:01 [main] ERROR l.i.uztis.pages.ApplicationFormsPage - Timeout while waiting for dropdown to close at index: 7 with aria-expanded = 'false'
2025-05-28 09:10:01 [main] INFO  l.i.uztis.pages.ApplicationFormsPage - Processing input field index: 0
2025-05-28 09:10:01 [main] INFO  l.i.uztis.pages.ApplicationFormsPage - Entered value '50' into field index: 0
2025-05-28 09:10:01 [main] INFO  l.i.uztis.pages.ApplicationFormsPage - Processing input field index: 1
2025-05-28 09:10:01 [main] INFO  l.i.uztis.pages.ApplicationFormsPage - Entered value '924' into field index: 1
2025-05-28 09:10:01 [main] INFO  l.i.uztis.pages.ApplicationFormsPage - Processing input field index: 2
2025-05-28 09:10:01 [main] INFO  l.i.uztis.pages.ApplicationFormsPage - Entered value '31' into field index: 2
2025-05-28 09:10:01 [main] INFO  l.i.uztis.pages.ApplicationFormsPage - Processing input field index: 3
2025-05-28 09:10:01 [main] INFO  l.i.uztis.pages.ApplicationFormsPage - Entered value '4.7' into field index: 3
2025-05-28 09:10:01 [main] INFO  l.i.uztis.pages.ApplicationFormsPage - Processing input field index: 4
2025-05-28 09:10:02 [main] INFO  l.i.uztis.pages.ApplicationFormsPage - Entered value '35' into field index: 4
2025-05-28 09:10:02 [main] INFO  l.i.uztis.pages.ApplicationFormsPage - Processing input field index: 5
2025-05-28 09:10:02 [main] INFO  l.i.uztis.pages.ApplicationFormsPage - Entered value '20' into field index: 5
2025-05-28 09:10:02 [main] INFO  l.i.uztis.pages.ApplicationFormsPage - Processing input field index: 6
2025-05-28 09:10:02 [main] INFO  l.i.uztis.pages.ApplicationFormsPage - Entered value '30' into field index: 6
2025-05-28 09:10:02 [main] INFO  l.i.uztis.pages.ApplicationFormsPage - Processing input field index: 7
2025-05-28 09:10:02 [main] INFO  l.i.uztis.pages.ApplicationFormsPage - Entered value '60' into field index: 7
2025-05-28 09:10:02 [main] DEBUG l.i.u.tests.ApplicationFormsPageTest - Entered additional values and text.
2025-05-28 09:10:02 [main] DEBUG l.i.u.tests.ApplicationFormsPageTest - Entered application name: VUI paraiška
2025-05-28 09:10:02 [main] DEBUG l.i.u.tests.ApplicationFormsPageTest - Clicked the 'Save' button.
2025-05-28 09:10:03 [main] DEBUG l.i.uztis.pages.ApplicationFormsPage - Verified success message: 'Duomenys sėkmingai išsaugoti.'
2025-05-28 09:10:03 [main] INFO  l.i.u.tests.ApplicationFormsPageTest - Verified success message
2025-05-28 09:10:03 [main] INFO  l.i.u.tests.ApplicationFormsPageTest - Verified that the 'Save Form' button is displayed.
2025-05-28 09:10:03 [main] INFO  l.i.u.tests.ApplicationFormsPageTest - Test 'testCreateNewVuiApplication' completed successfully.
2025-05-28 09:11:59 [main] INFO  lt.insoft.uztis.tests.UztisPageTest - Navigated to https://uztisdev.asseco.lt/home
2025-05-28 09:11:59 [main] INFO  l.i.u.tests.ApplicationFormsPageTest - Setup complete. ApplicationFormsPage initialized.
2025-05-28 09:11:59 [main] INFO  l.i.u.tests.ApplicationFormsPageTest - Starting test:'testEditAndSaveVuiApplication'
2025-05-28 09:11:59 [main] INFO  l.insoft.uztis.tests.utils.TestUtils - Login attempt with user: evaluation_chief
2025-05-28 09:11:59 [main] DEBUG l.i.u.tests.ApplicationFormsPageTest - User logged in with test credentials
2025-05-28 09:12:00 [main] DEBUG l.i.u.tests.ApplicationFormsPageTest - Opened 'Application Processing' menu.
2025-05-28 09:12:00 [main] DEBUG l.i.u.tests.ApplicationFormsPageTest - Clicked on 'Application Forms' menu.
2025-05-28 09:12:01 [main] DEBUG l.i.u.tests.ApplicationFormsPageTest - Selected the last application description.
2025-05-28 09:12:01 [main] DEBUG l.i.u.tests.ApplicationFormsPageTest - Clicked the 'Edit' button.
2025-05-28 09:12:01 [main] DEBUG l.i.u.tests.ApplicationFormsPageTest - Selected 'Municipality' radio button.
2025-05-28 09:12:01 [main] INFO  l.i.uztis.pages.ApplicationFormsPage - Located the dropdown button.
2025-05-28 09:12:02 [main] INFO  l.i.uztis.pages.ApplicationFormsPage - Successfully selected the value: 'Kauno departamentas'
2025-05-28 09:12:12 [main] ERROR l.i.uztis.pages.ApplicationFormsPage - Failed to close the dropdown with aria-expanded = 'false'.
2025-05-28 09:12:12 [main] DEBUG l.i.u.tests.ApplicationFormsPageTest - Selected a value from the 'Municipality' dropdown: 'Kauno departamentas'
2025-05-28 09:12:12 [main] DEBUG l.i.u.tests.ApplicationFormsPageTest - Selected 'Budget By Country' radio button.
2025-05-28 09:12:12 [main] DEBUG l.i.u.tests.ApplicationFormsPageTest - Selected 'Financed By Queue' radio button.
2025-05-28 09:12:12 [main] DEBUG l.i.u.tests.ApplicationFormsPageTest - Entered new application name: _paredaguota
2025-05-28 09:12:12 [main] DEBUG l.i.u.tests.ApplicationFormsPageTest - Clicked the 'Save' button.
2025-05-28 09:12:13 [main] DEBUG l.i.uztis.pages.ApplicationFormsPage - Verified success message: 'Duomenys sėkmingai išsaugoti.'
2025-05-28 09:12:13 [main] INFO  l.i.u.tests.ApplicationFormsPageTest - Verified success message
2025-05-28 09:12:13 [main] INFO  l.i.u.tests.ApplicationFormsPageTest - Test 'testEditAndSaveVuiApplication' completed successfully.
2025-05-28 09:12:25 [main] INFO  lt.insoft.uztis.tests.UztisPageTest - Navigated to https://uztisdev.asseco.lt/home
2025-05-28 09:12:25 [main] INFO  l.i.u.tests.ApplicationFormsPageTest - Setup complete. ApplicationFormsPage initialized.
2025-05-28 09:12:25 [main] INFO  l.i.u.tests.ApplicationFormsPageTest - Starting test:'testAddContractVUI'
2025-05-28 09:12:26 [main] INFO  l.insoft.uztis.tests.utils.TestUtils - Login attempt with user: evaluation_chief
2025-05-28 09:12:26 [main] DEBUG l.i.u.tests.ApplicationFormsPageTest - User logged in with test credentials
2025-05-28 09:12:26 [main] DEBUG l.i.u.tests.ApplicationFormsPageTest - Opened 'Application Processing' menu.
2025-05-28 09:12:26 [main] DEBUG l.i.u.tests.ApplicationFormsPageTest - Clicked on 'Application Forms' menu.
2025-05-28 09:12:27 [main] DEBUG l.i.u.tests.ApplicationFormsPageTest - Selected the last application description.
2025-05-28 09:12:27 [main] DEBUG l.i.u.tests.ApplicationFormsPageTest - Clicked 'Project Progress' tab.
2025-05-28 09:12:28 [main] DEBUG l.i.u.tests.ApplicationFormsPageTest - Clicked the 'Edit' button.
2025-05-28 09:12:28 [main] INFO  l.i.uztis.pages.ApplicationFormsPage - Opening the dropdown.
2025-05-28 09:12:32 [main] INFO  l.i.uztis.pages.ApplicationFormsPage - Selected the value: 'Vietinių užimtumo iniciatyvų projekto įgyvendinimo ir finansavimo sutartis'
2025-05-28 09:12:43 [main] ERROR l.i.uztis.pages.ApplicationFormsPage - Dropdown did not close as expected.
2025-05-28 09:12:43 [main] DEBUG l.i.u.tests.ApplicationFormsPageTest - Selected a value from the 'Document' dropdown: 'Vietinių užimtumo iniciatyvų projekto įgyvendinimo ir finansavimo sutartis'
2025-05-28 09:12:43 [main] INFO  l.i.uztis.pages.ApplicationFormsPage - Opening the dropdown.
2025-05-28 09:12:46 [main] INFO  l.i.uztis.pages.ApplicationFormsPage - Selected the value: 'Sprendimas dėl išmokos'
2025-05-28 09:12:57 [main] ERROR l.i.uztis.pages.ApplicationFormsPage - Dropdown did not close as expected.
2025-05-28 09:12:57 [main] DEBUG l.i.u.tests.ApplicationFormsPageTest - Selected a value from the 'Document' dropdown: 'Sprendimas dėl išmokos'
2025-05-28 09:12:57 [main] INFO  l.i.uztis.pages.ApplicationFormsPage - Opening the dropdown.
2025-05-28 09:13:00 [main] INFO  l.i.uztis.pages.ApplicationFormsPage - Selected the value: 'Sprendimas dėl išmokos'
2025-05-28 09:13:11 [main] ERROR l.i.uztis.pages.ApplicationFormsPage - Dropdown did not close as expected.
2025-05-28 09:13:11 [main] DEBUG l.i.u.tests.ApplicationFormsPageTest - Selected a value from the 'Document' dropdown: 'Sprendimas dėl išmokos'
2025-05-28 09:13:11 [main] DEBUG l.i.u.tests.ApplicationFormsPageTest - Clicked the 'Save' button.
2025-05-28 09:13:11 [main] ERROR l.i.uztis.pages.ApplicationFormsPage - Failed to verify the success message: 'Funkcija sėkmingai atlikta.'. Available messages: [Duomenys sėkmingai išsaugoti.]
2025-05-28 09:13:11 [main] INFO  l.i.u.tests.ApplicationFormsPageTest - Verified success message
2025-05-28 09:13:11 [main] INFO  l.i.u.tests.ApplicationFormsPageTest - Test 'testAddContractVUI' completed successfully.
2025-05-28 09:13:49 [main] INFO  lt.insoft.uztis.tests.UztisPageTest - Navigated to https://uztisdev.asseco.lt/home
2025-05-28 09:13:49 [main] INFO  l.i.uztis.tests.InvitationsPageTest - Starting test:'testCreateNewVuiInvitationDraft'
2025-05-28 09:13:49 [main] INFO  l.insoft.uztis.tests.utils.TestUtils - Login attempt with user: evaluation_chief
2025-05-28 09:13:49 [main] DEBUG l.i.uztis.tests.InvitationsPageTest - User logged in with test credentials
2025-05-28 09:13:50 [main] DEBUG l.i.uztis.tests.InvitationsPageTest - Opened 'Application Processing' menu.
2025-05-28 09:13:50 [main] DEBUG l.i.uztis.tests.InvitationsPageTest - Clicked on 'Application Forms' menu.
2025-05-28 09:13:50 [main] DEBUG l.i.uztis.tests.InvitationsPageTest - Navigating to application forms menu.
2025-05-28 09:13:50 [main] DEBUG l.i.uztis.tests.InvitationsPageTest - Retrieved last description code text: 'TST-VUI-29'.
2025-05-28 09:13:50 [main] DEBUG l.i.uztis.tests.InvitationsPageTest - Clicked on 'Invitation' menu.
2025-05-28 09:13:50 [main] DEBUG l.i.uztis.tests.InvitationsPageTest - Clicked 'Create New Application Form'.
2025-05-28 09:13:52 [main] DEBUG l.i.uztis.tests.InvitationsPageTest - Selected section by code: 'TST-VUI-29'.
2025-05-28 09:13:52 [main] INFO  l.insoft.uztis.pages.InvitationsPage - Located the dropdown button.
2025-05-28 09:14:03 [main] ERROR l.insoft.uztis.pages.InvitationsPage - Timeout while waiting for dropdown to close with aria-expanded = 'false'.
2025-05-28 09:14:03 [main] DEBUG l.i.uztis.tests.InvitationsPageTest - Selected invitation number from the list.
2025-05-28 09:14:03 [main] DEBUG l.i.uztis.tests.InvitationsPageTest - Entered current date.
2025-05-28 09:14:03 [main] DEBUG l.i.uztis.tests.InvitationsPageTest - Entered start time: 00:00.
2025-05-28 09:14:03 [main] DEBUG l.i.uztis.tests.InvitationsPageTest - Entered end date.
2025-05-28 09:14:04 [main] DEBUG l.i.uztis.tests.InvitationsPageTest - Entered end time: 11:11.
2025-05-28 09:14:04 [main] DEBUG l.i.uztis.tests.InvitationsPageTest - Draft saved.
2025-05-28 09:14:04 [main] DEBUG l.i.uztis.pages.ApplicationFormsPage - Verified success message: 'Duomenys sėkmingai išsaugoti.'
2025-05-28 09:14:04 [main] INFO  l.i.uztis.tests.InvitationsPageTest - Verified success message
2025-05-28 09:14:04 [main] INFO  l.i.uztis.tests.InvitationsPageTest - Test 'testCreateNewVuiInvitationDraft' completed successfully.
2025-05-28 09:20:56 [main] INFO  lt.insoft.uztis.tests.UztisPageTest - Navigated to https://uztisdev.asseco.lt/home
2025-05-28 09:20:56 [main] INFO  l.i.uztis.tests.InvitationsPageTest - Starting test:'testEditAndPublishVuiInvitationDraft'
2025-05-28 09:20:57 [main] INFO  l.insoft.uztis.tests.utils.TestUtils - Login attempt with user: evaluation_chief
2025-05-28 09:20:57 [main] DEBUG l.i.uztis.tests.InvitationsPageTest - User logged in with test credentials
2025-05-28 09:20:58 [main] DEBUG l.i.uztis.tests.InvitationsPageTest - Opened 'Application Processing' menu.
2025-05-28 09:20:58 [main] DEBUG l.i.uztis.tests.InvitationsPageTest - Clicked on 'Application Forms' menu.
2025-05-28 09:20:58 [main] DEBUG l.i.uztis.tests.InvitationsPageTest - Navigating to application forms menu.
2025-05-28 09:20:58 [main] DEBUG l.i.uztis.tests.InvitationsPageTest - Retrieved last description code text: 'TST-VUI-29'.
2025-05-28 09:20:59 [main] DEBUG l.i.uztis.tests.InvitationsPageTest - Clicked on 'Invitation' menu.
2025-05-28 09:21:00 [main] DEBUG l.i.uztis.tests.InvitationsPageTest - Selected section by code: 'TST-VUI-29'.
2025-05-28 09:21:00 [main] DEBUG l.i.uztis.tests.InvitationsPageTest - Clicked 'Search'.
2025-05-28 09:21:00 [main] DEBUG l.i.uztis.tests.InvitationsPageTest - Getting and inserting application code text.
2025-05-28 09:21:00 [main] DEBUG l.i.uztis.tests.InvitationsPageTest - Clicked 'InvitationDraft'.
2025-05-28 09:21:01 [main] DEBUG l.i.uztis.tests.InvitationsPageTest - Clicked 'Edit'.
2025-05-28 09:21:02 [main] DEBUG l.i.uztis.tests.InvitationsPageTest - Entered publication end date.
2025-05-28 09:21:02 [main] DEBUG l.i.uztis.tests.InvitationsPageTest - Added additional values.
2025-05-28 09:21:02 [main] INFO  l.insoft.uztis.pages.InvitationsPage - Located the dropdown button.
2025-05-28 09:21:03 [main] DEBUG l.i.uztis.tests.InvitationsPageTest - Selected the value: 'Didžiausia galima paramos suma aplinkos darbo vietai, Eur'
2025-05-28 09:21:03 [main] INFO  l.insoft.uztis.pages.InvitationsPage - Located the dropdown button.
2025-05-28 09:21:03 [main] DEBUG l.i.uztis.tests.InvitationsPageTest - Selected the value: 'Didžiausia galima paramos suma, Eur'
2025-05-28 09:21:03 [main] INFO  l.insoft.uztis.pages.InvitationsPage - Located the dropdown button.
2025-05-28 09:21:03 [main] DEBUG l.i.uztis.tests.InvitationsPageTest - Selected the value: 'Didžiausia galima paramos suma vienai darbo vietai, Eur'
2025-05-28 09:21:04 [main] DEBUG l.i.uztis.tests.InvitationsPageTest - Entered value: 11000
2025-05-28 09:21:04 [main] DEBUG l.i.uztis.tests.InvitationsPageTest - Entered value: 12000
2025-05-28 09:21:04 [main] DEBUG l.i.uztis.tests.InvitationsPageTest - Entered value: 13000
2025-05-28 09:21:04 [main] DEBUG l.i.uztis.tests.InvitationsPageTest - Checked 'Legal Entities' checkbox.
2025-05-28 09:21:04 [main] DEBUG l.i.uztis.tests.InvitationsPageTest - Checked 'Legal Entities' checkbox.
2025-05-28 09:21:04 [main] DEBUG l.i.uztis.tests.InvitationsPageTest - Unchecked 'Persons Registered with Employment Service' checkbox.
2025-05-28 09:21:05 [main] DEBUG l.i.uztis.tests.InvitationsPageTest - Checked 'Persons Registered as Employers' checkbox.
2025-05-28 09:21:05 [main] DEBUG l.i.uztis.tests.InvitationsPageTest - Entered second evaluation grade: '5'.
2025-05-28 09:21:05 [main] DEBUG l.i.uztis.tests.InvitationsPageTest - Entered third evaluation grade: '6'.
2025-05-28 09:21:05 [main] DEBUG l.i.uztis.tests.InvitationsPageTest - Entered second evaluation grade weight: '0,45'.
2025-05-28 09:21:05 [main] DEBUG l.i.uztis.tests.InvitationsPageTest - Entered third evaluation grade weight: '0,55'.
2025-05-28 09:21:05 [main] DEBUG l.i.uztis.tests.InvitationsPageTest - Entered budget: '2000'.
2025-05-28 09:21:05 [main] DEBUG l.i.uztis.tests.InvitationsPageTest - Entered description text: 'Aprašo tekstas'.
2025-05-28 09:21:05 [main] DEBUG l.i.uztis.tests.InvitationsPageTest - Entered applicants text: 'Pareiškėjų tekstas'.
2025-05-28 09:21:06 [main] DEBUG l.i.uztis.tests.InvitationsPageTest - Entered expenditures text: 'Išlaidų tekstas'.
2025-05-28 09:21:06 [main] DEBUG l.i.uztis.tests.InvitationsPageTest - Entered legislation text: 'Teisės aktų tekstas'.
2025-05-28 09:21:06 [main] DEBUG l.i.uztis.tests.InvitationsPageTest - Entered education text: 'Mokymų tekstas'.
2025-05-28 09:21:06 [main] DEBUG l.i.uztis.tests.InvitationsPageTest - File uploaded.
2025-05-28 09:21:06 [main] DEBUG l.i.uztis.tests.InvitationsPageTest - Clicked 'Publish'.
2025-05-28 09:21:06 [main] DEBUG l.i.uztis.tests.InvitationsPageTest - Publication confirmed.
2025-05-28 09:21:07 [main] DEBUG l.i.uztis.pages.ApplicationFormsPage - Verified success message: 'Funkcija sėkmingai atlikta.'
2025-05-28 09:21:07 [main] INFO  l.i.uztis.tests.InvitationsPageTest - Verified success message
2025-05-28 09:21:07 [main] INFO  l.i.uztis.tests.InvitationsPageTest - Test 'testEditAndPublishVuiInvitationDraft' completed successfully.
2025-05-28 09:21:58 [main] INFO  lt.insoft.uztis.tests.UztisPageTest - Navigated to https://uztisdev.asseco.lt/home
2025-05-28 09:21:58 [main] INFO  l.i.uztis.tests.InvitationsPageTest - Starting test:'testInsertVui_PvkStatisticInformation'
2025-05-28 09:21:59 [main] INFO  l.insoft.uztis.tests.utils.TestUtils - Login attempt with user: evaluation_chief
2025-05-28 09:21:59 [main] DEBUG l.i.uztis.tests.InvitationsPageTest - User logged in with test credentials
2025-05-28 09:21:59 [main] DEBUG l.i.uztis.tests.InvitationsPageTest - Opened 'Application Processing' menu.
2025-05-28 09:21:59 [main] DEBUG l.i.uztis.tests.InvitationsPageTest - Clicked on 'Application Forms' menu.
2025-05-28 09:21:59 [main] DEBUG l.i.uztis.tests.InvitationsPageTest - Navigating to invitation forms menu.
2025-05-28 09:22:00 [main] DEBUG l.i.uztis.tests.InvitationsPageTest - Retrieved last description code text: 'TST-VUI-29'.
2025-05-28 09:22:00 [main] DEBUG l.i.uztis.tests.InvitationsPageTest - Clicked on 'Invitation' menu.
2025-05-28 09:22:01 [main] DEBUG l.i.uztis.tests.InvitationsPageTest - Selected section by code: 'TST-VUI-29'.
2025-05-28 09:22:02 [main] DEBUG l.i.uztis.tests.InvitationsPageTest - Clicked 'Search'.
2025-05-28 09:22:02 [main] DEBUG l.i.uztis.tests.InvitationsPageTest - Getting and inserting application code text.
2025-05-28 09:22:02 [main] DEBUG l.i.uztis.tests.InvitationsPageTest - Clicked 'Publishing'.
2025-05-28 09:22:02 [main] DEBUG l.i.uztis.tests.InvitationsPageTest - Clicked 'Statistic Information' tab.
2025-05-28 09:22:02 [main] DEBUG l.i.uztis.tests.InvitationsPageTest - Clicked 'Edit' button.
2025-05-28 09:22:03 [main] DEBUG l.i.uztis.tests.InvitationsPageTest - Entered current date.
2025-05-28 09:22:03 [main] DEBUG l.i.uztis.tests.InvitationsPageTest - Entered value: 8.7
2025-05-28 09:22:03 [main] DEBUG l.i.uztis.tests.InvitationsPageTest - Entered average salary: 2237.9
2025-05-28 09:22:03 [main] DEBUG l.i.uztis.tests.InvitationsPageTest - File uploaded.
2025-05-28 09:22:03 [main] DEBUG l.i.uztis.tests.InvitationsPageTest - Clicked 'Save' button.
2025-05-28 09:22:05 [main] DEBUG l.i.uztis.pages.ApplicationFormsPage - Verified success message: 'Funkcija sėkmingai atlikta.'
2025-05-28 09:22:05 [main] INFO  l.i.uztis.tests.InvitationsPageTest - Verified success message
2025-05-28 09:22:05 [main] INFO  l.i.uztis.tests.InvitationsPageTest - Test 'testInsertVui_PvkStatisticInformation' completed successfully.
2025-05-28 09:22:42 [main] INFO  lt.insoft.uztis.tests.UztisPageTest - Navigated to https://uztisdev.asseco.lt/home
2025-05-28 09:22:42 [main] INFO  l.i.u.t.SubmittedApplicationsPageTest - Starting test:'testFillNewVUIPApplicationFA'
2025-05-28 09:22:42 [main] INFO  l.insoft.uztis.tests.utils.TestUtils - Login attempt with user: evaluation_chief
2025-05-28 09:22:42 [main] DEBUG l.i.u.t.SubmittedApplicationsPageTest - User logged in with test credentials
2025-05-28 09:22:43 [main] DEBUG l.i.u.t.SubmittedApplicationsPageTest - Opened 'Application Processing' menu.
2025-05-28 09:22:43 [main] DEBUG l.i.u.t.SubmittedApplicationsPageTest - Clicked on 'Application Forms' menu.
2025-05-28 09:22:43 [main] DEBUG l.i.u.t.SubmittedApplicationsPageTest - Retrieved last description code text: 'TST-VUI-29'.
2025-05-28 09:22:44 [main] DEBUG l.i.u.t.SubmittedApplicationsPageTest - Clicked on 'Invitation' menu.
2025-05-28 09:22:45 [main] DEBUG l.i.u.t.SubmittedApplicationsPageTest - Selected application section by code: 'TST-VUI-29'.
2025-05-28 09:22:45 [main] DEBUG l.i.u.t.SubmittedApplicationsPageTest - Clicked 'Search' button.
2025-05-28 09:22:45 [main] DEBUG l.i.u.t.SubmittedApplicationsPageTest - Retrieved invitation code: ''.
2025-05-28 09:22:45 [main] DEBUG l.i.u.t.SubmittedApplicationsPageTest - Clicked on 'Submitted Applications' menu.
2025-05-28 09:22:47 [main] DEBUG l.i.u.t.SubmittedApplicationsPageTest - Selected invitation by code: 'TST-VUI-29'.
2025-05-28 09:22:47 [main] DEBUG l.i.u.t.SubmittedApplicationsPageTest - Invitation code inserted.
2025-05-28 09:22:47 [main] DEBUG l.i.u.t.SubmittedApplicationsPageTest - Clicked on 'Action Application' button.
2025-05-28 09:22:47 [main] DEBUG l.i.u.t.SubmittedApplicationsPageTest - Clicked on 'New Application' button.
2025-05-28 09:22:48 [main] DEBUG l.i.u.t.SubmittedApplicationsPageTest - Selected the 'RadioButtonFA' option.
2025-05-28 09:22:48 [main] DEBUG l.i.u.t.SubmittedApplicationsPageTest - Entered phone number: '61298745'.
2025-05-28 09:22:48 [main] DEBUG l.i.u.t.SubmittedApplicationsPageTest - Entered email: 'test@autotest.com'.
2025-05-28 09:22:48 [main] INFO  l.i.u.p.SubmittedApplicationsPage - Clicking on the dropdown button.
2025-05-28 09:23:04 [main] INFO  l.i.u.p.SubmittedApplicationsPage - Found 1741 options in the dropdown.
2025-05-28 09:23:04 [main] DEBUG l.i.u.p.SubmittedApplicationsPage - Checking option: ''
2025-05-28 09:23:04 [main] DEBUG l.i.u.p.SubmittedApplicationsPage - Checking option: '01.11 - Grūdinių (išskyrus ryžius), ankštinių ir aliejingų sėklų augalų auginimas'
2025-05-28 09:23:04 [main] INFO  l.i.u.p.SubmittedApplicationsPage - Successfully selected the value: '01.11 - Grūdinių (išskyrus ryžius), ankštinių ir aliejingų sėklų augalų auginimas'
2025-05-28 09:23:04 [main] INFO  l.i.u.p.SubmittedApplicationsPage - Attempting to close the dropdown.
2025-05-28 09:23:05 [main] DEBUG l.i.u.t.SubmittedApplicationsPageTest - Selected EVRK value: '01.11 - Grūdinių (išskyrus ryžius), ankštinių ir aliejingų sėklų augalų auginimas'.
2025-05-28 09:23:05 [main] DEBUG l.i.u.t.SubmittedApplicationsPageTest - Clicked on 'Address Component' button.
2025-05-28 09:23:05 [main] INFO  l.i.u.p.SubmittedApplicationsPage - Located the dropdown button.
2025-05-28 09:23:08 [main] INFO  l.i.u.p.SubmittedApplicationsPage - Successfully selected the value: 'Lietuva'
2025-05-28 09:23:08 [main] DEBUG l.i.u.t.SubmittedApplicationsPageTest - Selected country: 'Lietuva'.
2025-05-28 09:23:08 [main] INFO  l.i.u.p.SubmittedApplicationsPage - Located the dropdown search field.
2025-05-28 09:23:09 [main] INFO  l.i.u.p.SubmittedApplicationsPage - Dropdown city is opened.
2025-05-28 09:23:09 [main] INFO  l.i.u.p.SubmittedApplicationsPage - Searched for value: 'Vilnius'
2025-05-28 09:23:10 [main] INFO  l.i.u.p.SubmittedApplicationsPage - Successfully selected: 'Vilnius'
2025-05-28 09:23:10 [main] INFO  l.i.u.p.SubmittedApplicationsPage - Located the dropdown button.
2025-05-28 09:23:10 [main] INFO  l.i.u.p.SubmittedApplicationsPage - Successfully selected the value: 'A. Domaševičiaus g.'
2025-05-28 09:23:10 [main] DEBUG l.i.u.t.SubmittedApplicationsPageTest - Selected street: 'A. Domaševičiaus g.'.
2025-05-28 09:23:10 [main] INFO  l.i.u.p.SubmittedApplicationsPage - Located the dropdown button.
2025-05-28 09:23:11 [main] INFO  l.i.u.p.SubmittedApplicationsPage - Successfully selected the value: '1'
2025-05-28 09:23:11 [main] DEBUG l.i.u.t.SubmittedApplicationsPageTest - Selected house: '1'.
2025-05-28 09:23:11 [main] INFO  l.i.u.p.SubmittedApplicationsPage - Located the dropdown button.
2025-05-28 09:23:11 [main] INFO  l.i.u.p.SubmittedApplicationsPage - Successfully selected the value: '1'
2025-05-28 09:23:11 [main] DEBUG l.i.u.t.SubmittedApplicationsPageTest - Selected apartment: '1'.
2025-05-28 09:23:11 [main] DEBUG l.i.u.t.SubmittedApplicationsPageTest - Clicked 'Confirm' button.
2025-05-28 09:23:11 [main] DEBUG l.i.u.t.SubmittedApplicationsPageTest - Entered project date.
2025-05-28 09:23:11 [main] DEBUG l.i.u.t.SubmittedApplicationsPageTest - Entered job count: '1'.
2025-05-28 09:23:12 [main] DEBUG l.i.u.t.SubmittedApplicationsPageTest - Clicked 'Next' button.
2025-05-28 09:23:12 [main] INFO  l.i.u.p.SubmittedApplicationsPage - Located the dropdown button.
2025-05-28 09:23:13 [main] INFO  l.i.u.p.SubmittedApplicationsPage - Successfully selected the value: 'Administratoriai'
2025-05-28 09:23:13 [main] DEBUG l.i.u.t.SubmittedApplicationsPageTest - Selected job name: 'Administratoriai'.
2025-05-28 09:23:13 [main] DEBUG l.i.u.t.SubmittedApplicationsPageTest - Entered job function: 'Funkcija 1'.
2025-05-28 09:23:13 [main] DEBUG l.i.u.t.SubmittedApplicationsPageTest - Selected 'RadioButtonWithDisabilities' option.
2025-05-28 09:23:13 [main] INFO  l.i.u.p.SubmittedApplicationsPage - Clicking on the dropdown button.
2025-05-28 09:23:14 [main] INFO  l.i.u.p.SubmittedApplicationsPage - Found 34 options in the dropdown.
2025-05-28 09:23:14 [main] DEBUG l.i.u.p.SubmittedApplicationsPage - Checking option: 'Asmenys, kuriems suteiktas pabėgėlio statusas ar perkeliamojo asmens statusas, arba asmenys, kuriems suteikta papildoma ar laikinoji apsauga, ir asmenys, turintys teisę gauti laikinąją apsaugą, iki sprendimo dėl laikinosios apsaugos suteikimo (nesuteikimo) priėmimo, tačiau ne ilgiau kaip laikinosios apsaugos laikotarpiu'
2025-05-28 09:23:14 [main] DEBUG l.i.u.p.SubmittedApplicationsPage - Checking option: 'Asmenys, kuriems suteiktas pabėgėlio statusas ar perkeliamojo asmens statusas, arba asmenys, kuriems suteikta papildoma ar laikinoji apsauga, ir asmenys, turintys teisę gauti laikinąją apsaugą, iki sprendimo dėl laikinosios apsaugos suteikimo (nesuteikimo) priėmimo, tačiau ne ilgiau kaip laikinosios apsaugos laikotarpiu'
2025-05-28 09:23:14 [main] DEBUG l.i.u.p.SubmittedApplicationsPage - Checking option: 'Asmenys, turintys teisę į papildomas užimtumo garantijas pagal Lietuvos Respublikos valstybės įmonės Ignalinos atominės elektrinės darbuotojų papildomų užimtumo ir socialinių garantijų įstatymą'
2025-05-28 09:23:14 [main] DEBUG l.i.u.p.SubmittedApplicationsPage - Checking option: 'Asmenys, turintys teisę į papildomas užimtumo garantijas pagal Lietuvos Respublikos valstybės įmonės Ignalinos atominės elektrinės darbuotojų papildomų užimtumo ir socialinių garantijų įstatymą'
2025-05-28 09:23:14 [main] DEBUG l.i.u.p.SubmittedApplicationsPage - Checking option: 'Bedarbiai iki 29 metų'
2025-05-28 09:23:14 [main] DEBUG l.i.u.p.SubmittedApplicationsPage - Checking option: 'Bedarbiai iki 29 metų'
2025-05-28 09:23:14 [main] DEBUG l.i.u.p.SubmittedApplicationsPage - Checking option: 'Bedarbiai, kurie yra darbingo amžiaus neįgalieji, kuriems nustatytas 30–40 procentų darbingumo lygis arba vidutinis neįgalumo lygis'
2025-05-28 09:23:14 [main] DEBUG l.i.u.p.SubmittedApplicationsPage - Checking option: 'Bedarbiai, kurie yra darbingo amžiaus neįgalieji, kuriems nustatytas 30–40 procentų darbingumo lygis arba vidutinis neįgalumo lygis'
2025-05-28 09:23:14 [main] DEBUG l.i.u.p.SubmittedApplicationsPage - Checking option: 'Bedarbiai, kurie yra darbingo amžiaus neįgalieji, kuriems nustatytas 45–55 procentų darbingumo lygis arba lengvas neįgalumo lygis'
2025-05-28 09:23:14 [main] DEBUG l.i.u.p.SubmittedApplicationsPage - Checking option: 'Bedarbiai, kurie yra darbingo amžiaus neįgalieji, kuriems nustatytas 45–55 procentų darbingumo lygis arba lengvas neįgalumo lygis'
2025-05-28 09:23:14 [main] DEBUG l.i.u.p.SubmittedApplicationsPage - Checking option: 'Bedarbiai, kurie yra darbingo amžiaus neįgalieji, kuriems nustatytas iki 25 procentų darbingumo lygis arba sunkus neįgalumo lygis'
2025-05-28 09:23:14 [main] INFO  l.i.u.p.SubmittedApplicationsPage - Successfully selected the value: 'Bedarbiai, kurie yra darbingo amžiaus neįgalieji, kuriems nustatytas iki 25 procentų darbingumo lygis arba sunkus neįgalumo lygis'
2025-05-28 09:23:14 [main] INFO  l.i.u.p.SubmittedApplicationsPage - Attempting to close the dropdown.
2025-05-28 09:23:15 [main] DEBUG l.i.u.t.SubmittedApplicationsPageTest - Selected disabilities type: 'Bedarbiai, kurie yra darbingo amžiaus neįgalieji, kuriems nustatytas iki 25 procentų darbingumo lygis arba sunkus neįgalumo lygis'.
2025-05-28 09:23:15 [main] DEBUG l.i.u.t.SubmittedApplicationsPageTest - Entered disability information: 'Negalia 1'.
2025-05-28 09:23:15 [main] INFO  l.i.u.p.SubmittedApplicationsPage - Located the dropdown button.
2025-05-28 09:23:15 [main] INFO  l.i.u.p.SubmittedApplicationsPage - Successfully selected the value: 'Kita'
2025-05-28 09:23:15 [main] DEBUG l.i.u.t.SubmittedApplicationsPageTest - Selected time mode: 'Kita'.
2025-05-28 09:23:16 [main] DEBUG l.i.u.t.SubmittedApplicationsPageTest - Selected time mode other: '6 val. per dieną ir 4 d. per savaitę'.
2025-05-28 09:23:16 [main] DEBUG l.i.u.t.SubmittedApplicationsPageTest - Entered qualification: 'Kvalifikacija 1'.
2025-05-28 09:23:16 [main] DEBUG l.i.u.t.SubmittedApplicationsPageTest - Entered job date.
2025-05-28 09:23:17 [main] DEBUG l.i.u.t.SubmittedApplicationsPageTest - Entered salary amount: '1200'.
2025-05-28 09:23:17 [main] DEBUG l.i.u.t.SubmittedApplicationsPageTest - Entered salary description: 'Užmokestis 1'.
2025-05-28 09:23:17 [main] DEBUG l.i.u.t.SubmittedApplicationsPageTest - Selected 'Temporary Job' radio button.
2025-05-28 09:23:17 [main] DEBUG l.i.u.t.SubmittedApplicationsPageTest - Selected 'Season Job' radio button.
2025-05-28 09:23:17 [main] DEBUG l.i.u.t.SubmittedApplicationsPageTest - Selected 'Energy' radio button.
2025-05-28 09:23:18 [main] DEBUG l.i.u.t.SubmittedApplicationsPageTest - Selected 'Repair' radio button.
2025-05-28 09:23:18 [main] DEBUG l.i.u.t.SubmittedApplicationsPageTest - Entered job description: 'Veikla 1'.
2025-05-28 09:23:18 [main] DEBUG l.i.u.t.SubmittedApplicationsPageTest - Entered process description: 'Procesas 1'.
2025-05-28 09:23:18 [main] DEBUG l.i.u.t.SubmittedApplicationsPageTest - Entered energy information: 'Energija 1'.
2025-05-28 09:23:18 [main] DEBUG l.i.u.t.SubmittedApplicationsPageTest - Entered repair information: 'Remontas 1'.
2025-05-28 09:23:19 [main] DEBUG l.i.u.t.SubmittedApplicationsPageTest - Selected 'PVM' radio button.
2025-05-28 09:23:19 [main] INFO  l.i.u.p.SubmittedApplicationsPage - Located the dropdown button.
2025-05-28 09:23:19 [main] INFO  l.i.u.p.SubmittedApplicationsPage - Successfully selected the value: 'Įsigyti'
2025-05-28 09:23:19 [main] DEBUG l.i.u.t.SubmittedApplicationsPageTest - Selected necessary for job: 'Įsigyti'.
2025-05-28 09:23:19 [main] DEBUG l.i.u.t.SubmittedApplicationsPageTest - Selected tool: 'Darbo priemonė 1'.
2025-05-28 09:23:20 [main] DEBUG l.i.u.t.SubmittedApplicationsPageTest - Selected tool parameter one: 'Darbo priemonės 1 parametras 1'.
2025-05-28 09:23:20 [main] DEBUG l.i.u.t.SubmittedApplicationsPageTest - Selected tool parameter two: 'Darbo priemonės 1 parametras 2'.
2025-05-28 09:23:20 [main] DEBUG l.i.u.t.SubmittedApplicationsPageTest - Selected tool parameter three: 'Darbo priemonės 1 parametras 3'.
2025-05-28 09:23:20 [main] DEBUG l.i.u.t.SubmittedApplicationsPageTest - Entered tool count: '1'.
2025-05-28 09:23:21 [main] DEBUG l.i.u.t.SubmittedApplicationsPageTest - Entered price amount 1: '1000'.
2025-05-28 09:23:23 [main] DEBUG l.i.u.t.SubmittedApplicationsPageTest - Entered own funds amount 1: '800'.
2025-05-28 09:23:25 [main] DEBUG l.i.u.t.SubmittedApplicationsPageTest - Clicked 'Add' button.
2025-05-28 09:23:25 [main] INFO  l.i.u.p.SubmittedApplicationsPage - Located the dropdown button.
2025-05-28 09:23:26 [main] INFO  l.i.u.p.SubmittedApplicationsPage - Successfully selected the value: 'Remontuoti'
2025-05-28 09:23:26 [main] DEBUG l.i.u.t.SubmittedApplicationsPageTest - Selected necessary for job 'to repair': 'Remontuoti'.
2025-05-28 09:23:26 [main] DEBUG l.i.u.t.SubmittedApplicationsPageTest - Selected repair name: 'Remonto pavadinimas 1'.
2025-05-28 09:23:26 [main] DEBUG l.i.u.t.SubmittedApplicationsPageTest - Entered repair information: 'Remonto aprašymas 1'.
2025-05-28 09:23:26 [main] DEBUG l.i.u.t.SubmittedApplicationsPageTest - Entered price amount 2: '1000'.
2025-05-28 09:23:29 [main] DEBUG l.i.u.t.SubmittedApplicationsPageTest - Entered own funds amount 2: '900'.
2025-05-28 09:23:31 [main] DEBUG l.i.u.t.SubmittedApplicationsPageTest - Clicked 'AddRemoved' button.
2025-05-28 09:23:33 [main] DEBUG l.i.u.t.SubmittedApplicationsPageTest - Clicked 'Remove' button.
2025-05-28 09:23:35 [main] DEBUG l.i.u.t.SubmittedApplicationsPageTest - Clicked 'Remove Confirmation' button.
2025-05-28 09:23:37 [main] DEBUG l.i.u.t.SubmittedApplicationsPageTest - Entered country percentage: '50'.
2025-05-28 09:23:37 [main] DEBUG l.i.u.t.SubmittedApplicationsPageTest - Entered institution percentage: '50'.
2025-05-28 09:23:38 [main] DEBUG l.i.u.t.SubmittedApplicationsPageTest - Entered municipality percentage: '50'.
2025-05-28 09:23:38 [main] DEBUG l.i.u.t.SubmittedApplicationsPageTest - Selected 'De Minimis' radio button.
2025-05-28 09:23:38 [main] DEBUG l.i.u.t.SubmittedApplicationsPageTest - Entered program name: 'Programa 1'.
2025-05-28 09:23:38 [main] DEBUG l.i.u.t.SubmittedApplicationsPageTest - Entered project date from.
2025-05-28 09:23:38 [main] DEBUG l.i.u.t.SubmittedApplicationsPageTest - Entered project date until.
2025-05-28 09:23:38 [main] DEBUG l.i.u.t.SubmittedApplicationsPageTest - Entered support amount: '2000'.
2025-05-28 09:23:38 [main] DEBUG l.i.u.t.SubmittedApplicationsPageTest - Clicked 'Next' button.
2025-05-28 09:23:49 [main] DEBUG l.i.u.t.SubmittedApplicationsPageTest - Checked 'Legal Entities' checkbox 1.
2025-05-28 09:23:59 [main] DEBUG l.i.u.t.SubmittedApplicationsPageTest - Checked 'Legal Entities' checkbox 2.
2025-05-28 09:24:09 [main] DEBUG l.i.u.t.SubmittedApplicationsPageTest - Checked 'Legal Entities' checkbox 3.
2025-05-28 09:24:09 [main] DEBUG l.i.u.t.SubmittedApplicationsPageTest - Test finished: All 'Legal Entities' checkboxes checked successfully.
2025-05-28 09:24:09 [main] DEBUG l.i.u.t.SubmittedApplicationsPageTest - Clicked 'Next' button after checkboxes.
2025-05-28 09:24:19 [main] ERROR l.i.u.p.SubmittedApplicationsPage - Error selecting radio button: Expected condition failed: waiting for element to be clickable: By.xpath: (//input[@type='radio' and @value='false'])[8] (tried for 10 second(s) with 500 milliseconds interval)
Build info: version: '4.27.0', revision: 'd6e718d134'
System info: os.name: 'Windows 11', os.arch: 'amd64', os.version: '10.0', java.version: '21.0.3'
Driver info: org.openqa.selenium.chrome.ChromeDriver
Capabilities {acceptInsecureCerts: false, browserName: chrome, browserVersion: 136.0.7103.114, chrome: {chromedriverVersion: 136.0.7103.113 (76fa3c17824..., userDataDir: C:\Users\INGRID~1.ZAD\AppDa...}, fedcm:accounts: true, goog:chromeOptions: {debuggerAddress: localhost:64367}, networkConnectionEnabled: false, pageLoadStrategy: normal, platformName: windows, proxy: Proxy(), se:cdp: ws://localhost:64367/devtoo..., se:cdpVersion: 136.0.7103.114, setWindowRect: true, strictFileInteractability: false, timeouts: {implicit: 0, pageLoad: 300000, script: 30000}, unhandledPromptBehavior: dismiss and notify, webauthn:extension:credBlob: true, webauthn:extension:largeBlob: true, webauthn:extension:minPinLength: true, webauthn:extension:prf: true, webauthn:virtualAuthenticators: true}
Session ID: a78e76823595a34b0c305303964e81d2
2025-05-28 09:24:19 [main] INFO  l.i.u.t.SubmittedApplicationsPageTest - Marking 'Ne' radio button 1
2025-05-28 09:24:29 [main] ERROR l.i.u.p.SubmittedApplicationsPage - Error selecting radio button: Expected condition failed: waiting for element to be clickable: By.xpath: (//input[@type='radio' and @value='false'])[9] (tried for 10 second(s) with 500 milliseconds interval)
Build info: version: '4.27.0', revision: 'd6e718d134'
System info: os.name: 'Windows 11', os.arch: 'amd64', os.version: '10.0', java.version: '21.0.3'
Driver info: org.openqa.selenium.chrome.ChromeDriver
Capabilities {acceptInsecureCerts: false, browserName: chrome, browserVersion: 136.0.7103.114, chrome: {chromedriverVersion: 136.0.7103.113 (76fa3c17824..., userDataDir: C:\Users\INGRID~1.ZAD\AppDa...}, fedcm:accounts: true, goog:chromeOptions: {debuggerAddress: localhost:64367}, networkConnectionEnabled: false, pageLoadStrategy: normal, platformName: windows, proxy: Proxy(), se:cdp: ws://localhost:64367/devtoo..., se:cdpVersion: 136.0.7103.114, setWindowRect: true, strictFileInteractability: false, timeouts: {implicit: 0, pageLoad: 300000, script: 30000}, unhandledPromptBehavior: dismiss and notify, webauthn:extension:credBlob: true, webauthn:extension:largeBlob: true, webauthn:extension:minPinLength: true, webauthn:extension:prf: true, webauthn:virtualAuthenticators: true}
Session ID: a78e76823595a34b0c305303964e81d2
2025-05-28 09:24:29 [main] INFO  l.i.u.t.SubmittedApplicationsPageTest - Marking 'Ne' radio button 2
2025-05-28 09:24:39 [main] ERROR l.i.u.p.SubmittedApplicationsPage - Error selecting radio button: Expected condition failed: waiting for element to be clickable: By.xpath: (//input[@type='radio' and @value='false'])[10] (tried for 10 second(s) with 500 milliseconds interval)
Build info: version: '4.27.0', revision: 'd6e718d134'
System info: os.name: 'Windows 11', os.arch: 'amd64', os.version: '10.0', java.version: '21.0.3'
Driver info: org.openqa.selenium.chrome.ChromeDriver
Capabilities {acceptInsecureCerts: false, browserName: chrome, browserVersion: 136.0.7103.114, chrome: {chromedriverVersion: 136.0.7103.113 (76fa3c17824..., userDataDir: C:\Users\INGRID~1.ZAD\AppDa...}, fedcm:accounts: true, goog:chromeOptions: {debuggerAddress: localhost:64367}, networkConnectionEnabled: false, pageLoadStrategy: normal, platformName: windows, proxy: Proxy(), se:cdp: ws://localhost:64367/devtoo..., se:cdpVersion: 136.0.7103.114, setWindowRect: true, strictFileInteractability: false, timeouts: {implicit: 0, pageLoad: 300000, script: 30000}, unhandledPromptBehavior: dismiss and notify, webauthn:extension:credBlob: true, webauthn:extension:largeBlob: true, webauthn:extension:minPinLength: true, webauthn:extension:prf: true, webauthn:virtualAuthenticators: true}
Session ID: a78e76823595a34b0c305303964e81d2
2025-05-28 09:24:39 [main] INFO  l.i.u.t.SubmittedApplicationsPageTest - Marking 'Ne' radio button 3
2025-05-28 09:24:50 [main] ERROR l.i.u.p.SubmittedApplicationsPage - Error selecting radio button: Expected condition failed: waiting for element to be clickable: By.xpath: (//input[@type='radio' and @value='false'])[11] (tried for 10 second(s) with 500 milliseconds interval)
Build info: version: '4.27.0', revision: 'd6e718d134'
System info: os.name: 'Windows 11', os.arch: 'amd64', os.version: '10.0', java.version: '21.0.3'
Driver info: org.openqa.selenium.chrome.ChromeDriver
Capabilities {acceptInsecureCerts: false, browserName: chrome, browserVersion: 136.0.7103.114, chrome: {chromedriverVersion: 136.0.7103.113 (76fa3c17824..., userDataDir: C:\Users\INGRID~1.ZAD\AppDa...}, fedcm:accounts: true, goog:chromeOptions: {debuggerAddress: localhost:64367}, networkConnectionEnabled: false, pageLoadStrategy: normal, platformName: windows, proxy: Proxy(), se:cdp: ws://localhost:64367/devtoo..., se:cdpVersion: 136.0.7103.114, setWindowRect: true, strictFileInteractability: false, timeouts: {implicit: 0, pageLoad: 300000, script: 30000}, unhandledPromptBehavior: dismiss and notify, webauthn:extension:credBlob: true, webauthn:extension:largeBlob: true, webauthn:extension:minPinLength: true, webauthn:extension:prf: true, webauthn:virtualAuthenticators: true}
Session ID: a78e76823595a34b0c305303964e81d2
2025-05-28 09:24:50 [main] INFO  l.i.u.t.SubmittedApplicationsPageTest - Marking 'Ne' radio button 4
2025-05-28 09:25:00 [main] ERROR l.i.u.p.SubmittedApplicationsPage - Error selecting radio button: Expected condition failed: waiting for element to be clickable: By.xpath: (//input[@type='radio' and @value='false'])[12] (tried for 10 second(s) with 500 milliseconds interval)
Build info: version: '4.27.0', revision: 'd6e718d134'
System info: os.name: 'Windows 11', os.arch: 'amd64', os.version: '10.0', java.version: '21.0.3'
Driver info: org.openqa.selenium.chrome.ChromeDriver
Capabilities {acceptInsecureCerts: false, browserName: chrome, browserVersion: 136.0.7103.114, chrome: {chromedriverVersion: 136.0.7103.113 (76fa3c17824..., userDataDir: C:\Users\INGRID~1.ZAD\AppDa...}, fedcm:accounts: true, goog:chromeOptions: {debuggerAddress: localhost:64367}, networkConnectionEnabled: false, pageLoadStrategy: normal, platformName: windows, proxy: Proxy(), se:cdp: ws://localhost:64367/devtoo..., se:cdpVersion: 136.0.7103.114, setWindowRect: true, strictFileInteractability: false, timeouts: {implicit: 0, pageLoad: 300000, script: 30000}, unhandledPromptBehavior: dismiss and notify, webauthn:extension:credBlob: true, webauthn:extension:largeBlob: true, webauthn:extension:minPinLength: true, webauthn:extension:prf: true, webauthn:virtualAuthenticators: true}
Session ID: a78e76823595a34b0c305303964e81d2
2025-05-28 09:25:00 [main] INFO  l.i.u.t.SubmittedApplicationsPageTest - Marking 'Ne' radio button 5
2025-05-28 09:25:10 [main] ERROR l.i.u.p.SubmittedApplicationsPage - Error selecting radio button: Expected condition failed: waiting for element to be clickable: By.xpath: (//input[@type='radio' and @value='false'])[13] (tried for 10 second(s) with 500 milliseconds interval)
Build info: version: '4.27.0', revision: 'd6e718d134'
System info: os.name: 'Windows 11', os.arch: 'amd64', os.version: '10.0', java.version: '21.0.3'
Driver info: org.openqa.selenium.chrome.ChromeDriver
Capabilities {acceptInsecureCerts: false, browserName: chrome, browserVersion: 136.0.7103.114, chrome: {chromedriverVersion: 136.0.7103.113 (76fa3c17824..., userDataDir: C:\Users\INGRID~1.ZAD\AppDa...}, fedcm:accounts: true, goog:chromeOptions: {debuggerAddress: localhost:64367}, networkConnectionEnabled: false, pageLoadStrategy: normal, platformName: windows, proxy: Proxy(), se:cdp: ws://localhost:64367/devtoo..., se:cdpVersion: 136.0.7103.114, setWindowRect: true, strictFileInteractability: false, timeouts: {implicit: 0, pageLoad: 300000, script: 30000}, unhandledPromptBehavior: dismiss and notify, webauthn:extension:credBlob: true, webauthn:extension:largeBlob: true, webauthn:extension:minPinLength: true, webauthn:extension:prf: true, webauthn:virtualAuthenticators: true}
Session ID: a78e76823595a34b0c305303964e81d2
2025-05-28 09:25:10 [main] INFO  l.i.u.t.SubmittedApplicationsPageTest - Marking 'Ne' radio button 6
2025-05-28 09:25:20 [main] ERROR l.i.u.p.SubmittedApplicationsPage - Error selecting radio button: Expected condition failed: waiting for element to be clickable: By.xpath: (//input[@type='radio' and @value='true'])[14] (tried for 10 second(s) with 500 milliseconds interval)
Build info: version: '4.27.0', revision: 'd6e718d134'
System info: os.name: 'Windows 11', os.arch: 'amd64', os.version: '10.0', java.version: '21.0.3'
Driver info: org.openqa.selenium.chrome.ChromeDriver
Capabilities {acceptInsecureCerts: false, browserName: chrome, browserVersion: 136.0.7103.114, chrome: {chromedriverVersion: 136.0.7103.113 (76fa3c17824..., userDataDir: C:\Users\INGRID~1.ZAD\AppDa...}, fedcm:accounts: true, goog:chromeOptions: {debuggerAddress: localhost:64367}, networkConnectionEnabled: false, pageLoadStrategy: normal, platformName: windows, proxy: Proxy(), se:cdp: ws://localhost:64367/devtoo..., se:cdpVersion: 136.0.7103.114, setWindowRect: true, strictFileInteractability: false, timeouts: {implicit: 0, pageLoad: 300000, script: 30000}, unhandledPromptBehavior: dismiss and notify, webauthn:extension:credBlob: true, webauthn:extension:largeBlob: true, webauthn:extension:minPinLength: true, webauthn:extension:prf: true, webauthn:virtualAuthenticators: true}
Session ID: a78e76823595a34b0c305303964e81d2
2025-05-28 09:25:20 [main] INFO  l.i.u.t.SubmittedApplicationsPageTest - Marking 'Taip' radio button 7
2025-05-28 09:25:30 [main] ERROR l.i.u.p.SubmittedApplicationsPage - Error selecting radio button: Expected condition failed: waiting for element to be clickable: By.xpath: (//input[@type='radio' and @value='true'])[15] (tried for 10 second(s) with 500 milliseconds interval)
Build info: version: '4.27.0', revision: 'd6e718d134'
System info: os.name: 'Windows 11', os.arch: 'amd64', os.version: '10.0', java.version: '21.0.3'
Driver info: org.openqa.selenium.chrome.ChromeDriver
Capabilities {acceptInsecureCerts: false, browserName: chrome, browserVersion: 136.0.7103.114, chrome: {chromedriverVersion: 136.0.7103.113 (76fa3c17824..., userDataDir: C:\Users\INGRID~1.ZAD\AppDa...}, fedcm:accounts: true, goog:chromeOptions: {debuggerAddress: localhost:64367}, networkConnectionEnabled: false, pageLoadStrategy: normal, platformName: windows, proxy: Proxy(), se:cdp: ws://localhost:64367/devtoo..., se:cdpVersion: 136.0.7103.114, setWindowRect: true, strictFileInteractability: false, timeouts: {implicit: 0, pageLoad: 300000, script: 30000}, unhandledPromptBehavior: dismiss and notify, webauthn:extension:credBlob: true, webauthn:extension:largeBlob: true, webauthn:extension:minPinLength: true, webauthn:extension:prf: true, webauthn:virtualAuthenticators: true}
Session ID: a78e76823595a34b0c305303964e81d2
2025-05-28 09:25:30 [main] INFO  l.i.u.t.SubmittedApplicationsPageTest - Marking 'Taip' radio button 8
2025-05-28 09:25:40 [main] ERROR l.i.u.p.SubmittedApplicationsPage - Error selecting radio button: Expected condition failed: waiting for element to be clickable: By.xpath: (//input[@type='radio' and @value='true'])[16] (tried for 10 second(s) with 500 milliseconds interval)
Build info: version: '4.27.0', revision: 'd6e718d134'
System info: os.name: 'Windows 11', os.arch: 'amd64', os.version: '10.0', java.version: '21.0.3'
Driver info: org.openqa.selenium.chrome.ChromeDriver
Capabilities {acceptInsecureCerts: false, browserName: chrome, browserVersion: 136.0.7103.114, chrome: {chromedriverVersion: 136.0.7103.113 (76fa3c17824..., userDataDir: C:\Users\INGRID~1.ZAD\AppDa...}, fedcm:accounts: true, goog:chromeOptions: {debuggerAddress: localhost:64367}, networkConnectionEnabled: false, pageLoadStrategy: normal, platformName: windows, proxy: Proxy(), se:cdp: ws://localhost:64367/devtoo..., se:cdpVersion: 136.0.7103.114, setWindowRect: true, strictFileInteractability: false, timeouts: {implicit: 0, pageLoad: 300000, script: 30000}, unhandledPromptBehavior: dismiss and notify, webauthn:extension:credBlob: true, webauthn:extension:largeBlob: true, webauthn:extension:minPinLength: true, webauthn:extension:prf: true, webauthn:virtualAuthenticators: true}
Session ID: a78e76823595a34b0c305303964e81d2
2025-05-28 09:25:40 [main] INFO  l.i.u.t.SubmittedApplicationsPageTest - Marking 'Taip' radio button 9
2025-05-28 09:25:50 [main] ERROR l.i.u.p.SubmittedApplicationsPage - Error selecting radio button: Expected condition failed: waiting for element to be clickable: By.xpath: (//input[@type='radio' and @value='true'])[17] (tried for 10 second(s) with 500 milliseconds interval)
Build info: version: '4.27.0', revision: 'd6e718d134'
System info: os.name: 'Windows 11', os.arch: 'amd64', os.version: '10.0', java.version: '21.0.3'
Driver info: org.openqa.selenium.chrome.ChromeDriver
Capabilities {acceptInsecureCerts: false, browserName: chrome, browserVersion: 136.0.7103.114, chrome: {chromedriverVersion: 136.0.7103.113 (76fa3c17824..., userDataDir: C:\Users\INGRID~1.ZAD\AppDa...}, fedcm:accounts: true, goog:chromeOptions: {debuggerAddress: localhost:64367}, networkConnectionEnabled: false, pageLoadStrategy: normal, platformName: windows, proxy: Proxy(), se:cdp: ws://localhost:64367/devtoo..., se:cdpVersion: 136.0.7103.114, setWindowRect: true, strictFileInteractability: false, timeouts: {implicit: 0, pageLoad: 300000, script: 30000}, unhandledPromptBehavior: dismiss and notify, webauthn:extension:credBlob: true, webauthn:extension:largeBlob: true, webauthn:extension:minPinLength: true, webauthn:extension:prf: true, webauthn:virtualAuthenticators: true}
Session ID: a78e76823595a34b0c305303964e81d2
2025-05-28 09:25:50 [main] INFO  l.i.u.t.SubmittedApplicationsPageTest - Marking 'Taip' radio button 10
2025-05-28 09:26:00 [main] ERROR l.i.u.p.SubmittedApplicationsPage - Error selecting radio button: Expected condition failed: waiting for element to be clickable: By.xpath: (//input[@type='radio' and @value='true'])[18] (tried for 10 second(s) with 500 milliseconds interval)
Build info: version: '4.27.0', revision: 'd6e718d134'
System info: os.name: 'Windows 11', os.arch: 'amd64', os.version: '10.0', java.version: '21.0.3'
Driver info: org.openqa.selenium.chrome.ChromeDriver
Capabilities {acceptInsecureCerts: false, browserName: chrome, browserVersion: 136.0.7103.114, chrome: {chromedriverVersion: 136.0.7103.113 (76fa3c17824..., userDataDir: C:\Users\INGRID~1.ZAD\AppDa...}, fedcm:accounts: true, goog:chromeOptions: {debuggerAddress: localhost:64367}, networkConnectionEnabled: false, pageLoadStrategy: normal, platformName: windows, proxy: Proxy(), se:cdp: ws://localhost:64367/devtoo..., se:cdpVersion: 136.0.7103.114, setWindowRect: true, strictFileInteractability: false, timeouts: {implicit: 0, pageLoad: 300000, script: 30000}, unhandledPromptBehavior: dismiss and notify, webauthn:extension:credBlob: true, webauthn:extension:largeBlob: true, webauthn:extension:minPinLength: true, webauthn:extension:prf: true, webauthn:virtualAuthenticators: true}
Session ID: a78e76823595a34b0c305303964e81d2
2025-05-28 09:26:00 [main] INFO  l.i.u.t.SubmittedApplicationsPageTest - Marking 'Taip' radio button 11
2025-05-28 09:26:10 [main] ERROR l.i.u.p.SubmittedApplicationsPage - Error selecting radio button: Expected condition failed: waiting for element to be clickable: By.xpath: (//input[@type='radio' and @value='true'])[19] (tried for 10 second(s) with 500 milliseconds interval)
Build info: version: '4.27.0', revision: 'd6e718d134'
System info: os.name: 'Windows 11', os.arch: 'amd64', os.version: '10.0', java.version: '21.0.3'
Driver info: org.openqa.selenium.chrome.ChromeDriver
Capabilities {acceptInsecureCerts: false, browserName: chrome, browserVersion: 136.0.7103.114, chrome: {chromedriverVersion: 136.0.7103.113 (76fa3c17824..., userDataDir: C:\Users\INGRID~1.ZAD\AppDa...}, fedcm:accounts: true, goog:chromeOptions: {debuggerAddress: localhost:64367}, networkConnectionEnabled: false, pageLoadStrategy: normal, platformName: windows, proxy: Proxy(), se:cdp: ws://localhost:64367/devtoo..., se:cdpVersion: 136.0.7103.114, setWindowRect: true, strictFileInteractability: false, timeouts: {implicit: 0, pageLoad: 300000, script: 30000}, unhandledPromptBehavior: dismiss and notify, webauthn:extension:credBlob: true, webauthn:extension:largeBlob: true, webauthn:extension:minPinLength: true, webauthn:extension:prf: true, webauthn:virtualAuthenticators: true}
Session ID: a78e76823595a34b0c305303964e81d2
2025-05-28 09:26:10 [main] INFO  l.i.u.t.SubmittedApplicationsPageTest - Marking 'Taip' radio button 12
2025-05-28 09:26:20 [main] DEBUG l.i.u.t.SubmittedApplicationsPageTest - Checked 'ConfirmationStepFour'
2025-05-28 09:26:20 [main] DEBUG l.i.u.t.SubmittedApplicationsPageTest - Clicked 'Next' button after checkboxes.
2025-05-28 09:26:20 [main] INFO  l.i.u.p.SubmittedApplicationsPage - File uploaded successfully to an input element.
2025-05-28 09:26:21 [main] INFO  l.i.u.p.SubmittedApplicationsPage - File uploaded successfully to an input element.
2025-05-28 09:26:21 [main] INFO  l.i.u.p.SubmittedApplicationsPage - File uploaded successfully to an input element.
2025-05-28 09:26:21 [main] INFO  l.i.u.p.SubmittedApplicationsPage - File uploaded successfully to an input element.
2025-05-28 09:26:21 [main] INFO  l.i.u.p.SubmittedApplicationsPage - File uploaded successfully to an input element.
2025-05-28 09:26:21 [main] INFO  l.i.u.p.SubmittedApplicationsPage - File uploaded successfully to an input element.
2025-05-28 09:26:21 [main] INFO  l.i.u.p.SubmittedApplicationsPage - File uploaded successfully to an input element.
2025-05-28 09:26:21 [main] INFO  l.i.u.p.SubmittedApplicationsPage - File uploaded successfully to an input element.
2025-05-28 09:26:21 [main] INFO  l.i.u.p.SubmittedApplicationsPage - File uploaded successfully to an input element.
2025-05-28 09:26:21 [main] INFO  l.i.u.p.SubmittedApplicationsPage - File uploaded successfully to an input element.
2025-05-28 09:26:21 [main] DEBUG l.i.u.t.SubmittedApplicationsPageTest - Entered program name: 'Dokumentas 1'.
2025-05-28 09:26:21 [main] DEBUG l.i.u.t.SubmittedApplicationsPageTest - Entered program name: 'Dokumentas 2'.
2025-05-28 09:26:22 [main] DEBUG l.i.u.t.SubmittedApplicationsPageTest - Entered program name: 'Dokumentas 3'.
2025-05-28 09:26:22 [main] DEBUG l.i.u.t.SubmittedApplicationsPageTest - Entered program name: 'Dokumentas 4'.
2025-05-28 09:26:22 [main] DEBUG l.i.u.t.SubmittedApplicationsPageTest - Entered program name: 'Dokumentas 5'.
2025-05-28 09:26:22 [main] DEBUG l.i.u.t.SubmittedApplicationsPageTest - Entered program name: 'Dokumentas 6'.
2025-05-28 09:26:22 [main] DEBUG l.i.u.t.SubmittedApplicationsPageTest - Entered program name: 'Dokumentas 4'.
2025-05-28 09:26:22 [main] DEBUG l.i.u.t.SubmittedApplicationsPageTest - Entered program name: 'Dokumentas 8'.
2025-05-28 09:26:22 [main] DEBUG l.i.u.t.SubmittedApplicationsPageTest - Entered program name: 'Dokumentas 9'.
2025-05-28 09:26:23 [main] DEBUG l.i.u.t.SubmittedApplicationsPageTest - Entered program name: 'Dokumentas 10'.
2025-05-28 09:26:33 [main] DEBUG l.i.u.t.SubmittedApplicationsPageTest - Checked 'ConfirmationDocument'
2025-05-28 09:26:43 [main] DEBUG l.i.u.t.SubmittedApplicationsPageTest - Checked 'ConfirmationApplication'
2025-05-28 09:26:43 [main] DEBUG l.i.u.t.SubmittedApplicationsPageTest - Clicked 'SaveDraft' button after checkboxes.
2025-05-28 09:26:43 [main] DEBUG l.i.uztis.pages.ApplicationFormsPage - Verified success message: 'Ruošinys sėkmingai išsaugotas.'
2025-05-28 09:26:43 [main] INFO  l.i.u.t.SubmittedApplicationsPageTest - Verified success message
2025-05-28 09:26:43 [main] DEBUG l.i.u.t.SubmittedApplicationsPageTest - Clicked 'Review' button after checkboxes.
2025-05-28 09:26:45 [main] DEBUG l.i.u.t.SubmittedApplicationsPageTest - Clicked 'Submit' button after checkboxes.
2025-05-28 09:26:45 [main] DEBUG l.i.u.t.SubmittedApplicationsPageTest - Clicked 'SubmitConfirmation' button after checkboxes.
2025-05-28 09:26:45 [main] ERROR l.i.uztis.pages.ApplicationFormsPage - Failed to verify the success message: 'Paraiška sėkmingai pateikta ir užregistruota.'. Available messages: [Ruošinys sėkmingai išsaugotas.]
2025-05-28 09:26:45 [main] INFO  l.i.u.t.SubmittedApplicationsPageTest - Test 'testFillNewVUIApplicationFA' completed successfully.
2025-05-28 09:27:14 [main] INFO  lt.insoft.uztis.tests.UztisPageTest - Navigated to https://uztisdev.asseco.lt/home
2025-05-28 09:27:14 [main] INFO  l.i.u.t.SubmittedApplicationsPageTest - Starting test:'testAddEvaluators'
2025-05-28 09:27:15 [main] INFO  l.insoft.uztis.tests.utils.TestUtils - Login attempt with user: evaluation_chief
2025-05-28 09:27:15 [main] DEBUG l.i.u.t.SubmittedApplicationsPageTest - User logged in with test credentials
2025-05-28 09:27:15 [main] DEBUG l.i.u.t.SubmittedApplicationsPageTest - Opened 'Application Processing' menu.
2025-05-28 09:27:15 [main] DEBUG l.i.u.t.SubmittedApplicationsPageTest - Clicked on 'Application Forms' menu.
2025-05-28 09:27:15 [main] DEBUG l.i.u.t.SubmittedApplicationsPageTest - Retrieved last description code text: 'TST-VUI-29'.
2025-05-28 09:27:16 [main] DEBUG l.i.u.t.SubmittedApplicationsPageTest - Clicked on 'Invitation' menu.
2025-05-28 09:27:17 [main] DEBUG l.i.u.t.SubmittedApplicationsPageTest - Selected application section by code: 'TST-VUI-29'.
2025-05-28 09:27:17 [main] DEBUG l.i.u.t.SubmittedApplicationsPageTest - Clicked 'Search' button.
2025-05-28 09:27:17 [main] DEBUG l.i.u.t.SubmittedApplicationsPageTest - Retrieved invitation code: ''.
2025-05-28 09:27:18 [main] DEBUG l.i.u.t.SubmittedApplicationsPageTest - Clicked on 'Submitted Applications' menu.
2025-05-28 09:27:19 [main] DEBUG l.i.u.t.SubmittedApplicationsPageTest - Selected invitation by code: 'TST-VUI-29'.
2025-05-28 09:27:19 [main] DEBUG l.i.u.t.SubmittedApplicationsPageTest - Invitation code inserted.
2025-05-28 09:27:20 [main] DEBUG l.i.u.t.SubmittedApplicationsPageTest - Clicked on 'Action Application' button.
2025-05-28 09:27:20 [main] DEBUG l.i.u.t.SubmittedApplicationsPageTest - Clicked on 'Add Evaluators' button.
2025-05-28 09:27:20 [main] DEBUG l.i.u.t.SubmittedApplicationsPageTest - Entered first evaluation date.
2025-05-28 09:27:20 [main] DEBUG l.i.u.t.SubmittedApplicationsPageTest - Entered second evaluation date.
2025-05-28 09:27:20 [main] DEBUG l.i.u.t.SubmittedApplicationsPageTest - Entered third evaluation date.
2025-05-28 09:27:20 [main] DEBUG l.i.u.t.SubmittedApplicationsPageTest - Clicked on 'Add Evaluators' confirmation button.
2025-05-28 09:27:21 [main] DEBUG l.i.uztis.pages.ApplicationFormsPage - Verified success message: 'Paraiškų vertinimai sėkmingai priskirti vertintojams.'
2025-05-28 09:27:21 [main] INFO  l.i.u.t.SubmittedApplicationsPageTest - Verified success message
2025-05-28 09:27:21 [main] INFO  l.i.u.t.SubmittedApplicationsPageTest - Test 'testAddEvaluators' completed successfully.
2025-05-28 09:27:39 [main] INFO  lt.insoft.uztis.tests.UztisPageTest - Navigated to https://uztisdev.asseco.lt/home
2025-05-28 09:27:39 [main] INFO  l.i.uztis.tests.EvaluationsPageTest - Starting test:'testFillSaveDraftEvaluationOne'
2025-05-28 09:27:39 [main] INFO  l.i.uztis.tests.EvaluationsPageTest - Starting test:'testNavigateToEvaluationsPage'
2025-05-28 09:27:39 [main] INFO  l.insoft.uztis.tests.utils.TestUtils - Login attempt with user: evaluation_chief
2025-05-28 09:27:39 [main] DEBUG l.i.uztis.tests.EvaluationsPageTest - User logged in with test credentials
2025-05-28 09:27:40 [main] DEBUG l.i.uztis.tests.EvaluationsPageTest - Opened 'Application Processing' menu.
2025-05-28 09:27:40 [main] DEBUG l.i.uztis.tests.EvaluationsPageTest - Clicked on 'Evaluations' menu.
2025-05-28 09:27:40 [main] DEBUG l.i.uztis.tests.EvaluationsPageTest - Navigating to evaluations menu.
2025-05-28 09:27:40 [main] INFO  l.i.uztis.tests.EvaluationsPageTest - Test 'testNavigateToEvaluationsPage' completed successfully.
2025-05-28 09:27:41 [main] DEBUG l.i.uztis.tests.EvaluationsPageTest - Clicked on last evaluation.
2025-05-28 09:27:42 [main] DEBUG l.i.uztis.tests.EvaluationsPageTest - Clicked 'Edit'.
2025-05-28 09:27:46 [main] DEBUG l.i.uztis.tests.EvaluationsPageTest - Selected '1.1' radio button.
2025-05-28 09:27:49 [main] DEBUG l.i.uztis.tests.EvaluationsPageTest - Selected '1.2' radio button.
2025-05-28 09:27:52 [main] DEBUG l.i.uztis.tests.EvaluationsPageTest - Selected '1.3' radio button.
2025-05-28 09:27:54 [main] DEBUG l.i.uztis.tests.EvaluationsPageTest - Selected '1.4' radio button.
2025-05-28 09:27:56 [main] DEBUG l.i.uztis.tests.EvaluationsPageTest - Selected '1.5' radio button.
2025-05-28 09:27:58 [main] DEBUG l.i.uztis.tests.EvaluationsPageTest - Selected '2.1' radio button.
2025-05-28 09:28:00 [main] DEBUG l.i.uztis.tests.EvaluationsPageTest - Selected '3.1' radio button.
2025-05-28 09:28:01 [main] DEBUG l.i.uztis.tests.EvaluationsPageTest - Selected '4.2' radio button.
2025-05-28 09:28:03 [main] DEBUG l.i.uztis.tests.EvaluationsPageTest - Selected '5.1' radio button.
2025-05-28 09:28:05 [main] DEBUG l.i.uztis.tests.EvaluationsPageTest - Selected '5.2' radio button.
2025-05-28 09:28:07 [main] DEBUG l.i.uztis.tests.EvaluationsPageTest - Selected '6.1' radio button.
2025-05-28 09:28:07 [main] DEBUG l.i.uztis.tests.EvaluationsPageTest - Selected '6.2' radio button.
2025-05-28 09:28:08 [main] DEBUG l.i.uztis.tests.EvaluationsPageTest - Clicked on expansion panel 'Not Critical'.
2025-05-28 09:28:08 [main] DEBUG l.i.uztis.tests.EvaluationsPageTest - Selected '7' radio button.
2025-05-28 09:28:09 [main] DEBUG l.i.uztis.tests.EvaluationsPageTest - Selected '8_1' radio button.
2025-05-28 09:28:09 [main] DEBUG l.i.uztis.tests.EvaluationsPageTest - Selected '8_2' radio button.
2025-05-28 09:28:10 [main] DEBUG l.i.uztis.tests.EvaluationsPageTest - Selected '8_3' radio button.
2025-05-28 09:28:10 [main] DEBUG l.i.uztis.tests.EvaluationsPageTest - Selected '8_4' radio button.
2025-05-28 09:28:11 [main] DEBUG l.i.uztis.tests.EvaluationsPageTest - Selected '8_5' radio button.
2025-05-28 09:28:11 [main] DEBUG l.i.uztis.tests.EvaluationsPageTest - Selected '8_6' radio button.
2025-05-28 09:28:12 [main] DEBUG l.i.uztis.tests.EvaluationsPageTest - Selected '8_7' radio button.
2025-05-28 09:28:12 [main] DEBUG l.i.uztis.tests.EvaluationsPageTest - Selected '8_8' radio button.
2025-05-28 09:28:13 [main] DEBUG l.i.uztis.tests.EvaluationsPageTest - Selected '8_9' radio button.
2025-05-28 09:28:13 [main] DEBUG l.i.uztis.tests.EvaluationsPageTest - Selected '8_10' radio button.
2025-05-28 09:28:13 [main] DEBUG l.i.uztis.tests.EvaluationsPageTest - Selected '9' radio button.
2025-05-28 09:28:14 [main] DEBUG l.i.uztis.tests.EvaluationsPageTest - Selected '10.1' radio button.
2025-05-28 09:28:15 [main] DEBUG l.i.uztis.tests.EvaluationsPageTest - Selected '10.2' radio button.
2025-05-28 09:28:15 [main] DEBUG l.i.uztis.tests.EvaluationsPageTest - Selected '10.3' radio button.
2025-05-28 09:28:15 [main] DEBUG l.i.uztis.tests.EvaluationsPageTest - Entered  explanation: 'Balas pakoreduotas ranka'.
2025-05-28 09:28:16 [main] DEBUG l.i.uztis.tests.EvaluationsPageTest - Clicked 'Save Draft'.
2025-05-28 09:28:16 [main] DEBUG l.i.uztis.pages.ApplicationFormsPage - Verified success message: 'Duomenys sėkmingai išsaugoti.'
2025-05-28 09:28:16 [main] INFO  l.i.uztis.tests.EvaluationsPageTest - Verified success message
2025-05-28 09:28:16 [main] INFO  l.i.uztis.tests.EvaluationsPageTest - Test 'testFillSaveDraftEvaluationOne' completed successfully.
2025-05-28 09:28:34 [main] INFO  lt.insoft.uztis.tests.UztisPageTest - Navigated to https://uztisdev.asseco.lt/home
2025-05-28 09:28:34 [main] INFO  l.i.uztis.tests.EvaluationsPageTest - Starting test:'testConfirmEvaluationOne'
2025-05-28 09:28:34 [main] INFO  l.i.uztis.tests.EvaluationsPageTest - Starting test:'testNavigateToEvaluationsPage'
2025-05-28 09:28:35 [main] INFO  l.insoft.uztis.tests.utils.TestUtils - Login attempt with user: evaluation_chief
2025-05-28 09:28:35 [main] DEBUG l.i.uztis.tests.EvaluationsPageTest - User logged in with test credentials
2025-05-28 09:28:35 [main] DEBUG l.i.uztis.tests.EvaluationsPageTest - Opened 'Application Processing' menu.
2025-05-28 09:28:35 [main] DEBUG l.i.uztis.tests.EvaluationsPageTest - Clicked on 'Evaluations' menu.
2025-05-28 09:28:35 [main] DEBUG l.i.uztis.tests.EvaluationsPageTest - Navigating to evaluations menu.
2025-05-28 09:28:35 [main] INFO  l.i.uztis.tests.EvaluationsPageTest - Test 'testNavigateToEvaluationsPage' completed successfully.
2025-05-28 09:28:36 [main] DEBUG l.i.uztis.tests.EvaluationsPageTest - Clicked on last evaluation.
2025-05-28 09:28:36 [main] DEBUG l.i.uztis.tests.EvaluationsPageTest - Clicked 'Edit'.
2025-05-28 09:28:40 [main] DEBUG l.i.uztis.tests.EvaluationsPageTest - Clicked 'Confirm'.
2025-05-28 09:28:42 [main] DEBUG l.i.uztis.tests.EvaluationsPageTest - Clicked 'Confirm Confirmation'.
2025-05-28 09:28:43 [main] DEBUG l.i.uztis.tests.EvaluationsPageTest - Fetched label text: Įvertinta
2025-05-28 09:28:43 [main] INFO  l.i.uztis.tests.EvaluationsPageTest - Verified that the label text matches the expected value.
2025-05-28 09:28:43 [main] INFO  l.i.uztis.tests.EvaluationsPageTest - Test 'testConfirmEvaluationOne' completed successfully.
2025-05-28 09:29:05 [main] INFO  lt.insoft.uztis.tests.UztisPageTest - Navigated to https://uztisdev.asseco.lt/home
2025-05-28 09:29:05 [main] INFO  l.i.uztis.tests.EvaluationsPageTest - Starting test:'testFillSaveDraftEvaluationTwo'
2025-05-28 09:29:05 [main] INFO  l.i.uztis.tests.EvaluationsPageTest - Starting test:'testNavigateToEvaluationsPage'
2025-05-28 09:29:05 [main] INFO  l.insoft.uztis.tests.utils.TestUtils - Login attempt with user: evaluation_chief
2025-05-28 09:29:05 [main] DEBUG l.i.uztis.tests.EvaluationsPageTest - User logged in with test credentials
2025-05-28 09:29:06 [main] DEBUG l.i.uztis.tests.EvaluationsPageTest - Opened 'Application Processing' menu.
2025-05-28 09:29:06 [main] DEBUG l.i.uztis.tests.EvaluationsPageTest - Clicked on 'Evaluations' menu.
2025-05-28 09:29:06 [main] DEBUG l.i.uztis.tests.EvaluationsPageTest - Navigating to evaluations menu.
2025-05-28 09:29:06 [main] INFO  l.i.uztis.tests.EvaluationsPageTest - Test 'testNavigateToEvaluationsPage' completed successfully.
2025-05-28 09:29:07 [main] DEBUG l.i.uztis.tests.EvaluationsPageTest - Clicked on last evaluation.
2025-05-28 09:29:08 [main] DEBUG l.i.uztis.tests.EvaluationsPageTest - Clicked 'Edit'.
2025-05-28 09:29:08 [main] DEBUG l.i.uztis.tests.EvaluationsPageTest - Entered commission date.
2025-05-28 09:29:08 [main] DEBUG l.i.uztis.tests.EvaluationsPageTest - Selected 'Without Commission' radio button.
2025-05-28 09:29:09 [main] DEBUG l.i.uztis.tests.EvaluationsPageTest - Entered chairman name: 'Pirmininkas Pirmininkauskas'.
2025-05-28 09:29:09 [main] DEBUG l.i.uztis.tests.EvaluationsPageTest - Entered member name: 'Narys Narauskas'.
2025-05-28 09:29:09 [main] DEBUG l.i.uztis.tests.EvaluationsPageTest - Clicked 'Continue'.
2025-05-28 09:29:09 [main] DEBUG l.i.uztis.tests.EvaluationsPageTest - Entered score edition: '9'.
2025-05-28 09:29:09 [main] DEBUG l.i.uztis.tests.EvaluationsPageTest - Entered chairman score: '10'.
2025-05-28 09:29:09 [main] DEBUG l.i.uztis.tests.EvaluationsPageTest - Entered member score: '11'.
2025-05-28 09:29:10 [main] DEBUG l.i.uztis.tests.EvaluationsPageTest - Entered conclusion: 'Išvada - palanki'.
2025-05-28 09:29:10 [main] DEBUG l.i.uztis.tests.EvaluationsPageTest - Entered  explanation: 'Balas pakoreduotas ranka'.
2025-05-28 09:29:10 [main] DEBUG l.i.uztis.tests.EvaluationsPageTest - Clicked 'Save Draft'.
2025-05-28 09:29:10 [main] DEBUG l.i.uztis.pages.ApplicationFormsPage - Verified success message: 'Duomenys sėkmingai išsaugoti.'
2025-05-28 09:29:10 [main] INFO  l.i.uztis.tests.EvaluationsPageTest - Verified success message
2025-05-28 09:29:10 [main] INFO  l.i.uztis.tests.EvaluationsPageTest - Test 'testFillSaveDraftEvaluationTwo' completed successfully.
2025-05-28 09:29:21 [main] INFO  lt.insoft.uztis.tests.UztisPageTest - Navigated to https://uztisdev.asseco.lt/home
2025-05-28 09:29:21 [main] INFO  l.i.uztis.tests.EvaluationsPageTest - Starting test:'testConfirmEvaluationTwo'
2025-05-28 09:29:21 [main] INFO  l.i.uztis.tests.EvaluationsPageTest - Starting test:'testNavigateToEvaluationsPage'
2025-05-28 09:29:21 [main] INFO  l.insoft.uztis.tests.utils.TestUtils - Login attempt with user: evaluation_chief
2025-05-28 09:29:21 [main] DEBUG l.i.uztis.tests.EvaluationsPageTest - User logged in with test credentials
2025-05-28 09:29:22 [main] DEBUG l.i.uztis.tests.EvaluationsPageTest - Opened 'Application Processing' menu.
2025-05-28 09:29:22 [main] DEBUG l.i.uztis.tests.EvaluationsPageTest - Clicked on 'Evaluations' menu.
2025-05-28 09:29:22 [main] DEBUG l.i.uztis.tests.EvaluationsPageTest - Navigating to evaluations menu.
2025-05-28 09:29:22 [main] INFO  l.i.uztis.tests.EvaluationsPageTest - Test 'testNavigateToEvaluationsPage' completed successfully.
2025-05-28 09:29:22 [main] DEBUG l.i.uztis.tests.EvaluationsPageTest - Clicked on last evaluation.
2025-05-28 09:29:23 [main] DEBUG l.i.uztis.tests.EvaluationsPageTest - Clicked 'Edit'.
2025-05-28 09:29:23 [main] DEBUG l.i.uztis.tests.EvaluationsPageTest - Clicked 'Continue'.
2025-05-28 09:29:24 [main] DEBUG l.i.uztis.tests.EvaluationsPageTest - Entered conclusion: 'Išvada - papildyta'.
2025-05-28 09:29:24 [main] DEBUG l.i.uztis.tests.EvaluationsPageTest - Entered  explanation: '; Išvada pakoreduota ranka'.
2025-05-28 09:29:24 [main] DEBUG l.i.uztis.tests.EvaluationsPageTest - Clicked 'Confirm'.
2025-05-28 09:29:24 [main] DEBUG l.i.uztis.tests.EvaluationsPageTest - Clicked 'Confirm Confirmation'.
2025-05-28 09:29:24 [main] DEBUG l.i.uztis.tests.EvaluationsPageTest - Fetched label text: Įvertinta
2025-05-28 09:29:24 [main] INFO  l.i.uztis.tests.EvaluationsPageTest - Verified that the label text matches the expected value.
2025-05-28 09:29:24 [main] INFO  l.i.uztis.tests.EvaluationsPageTest - Test 'testConfirmEvaluationTwo' completed successfully.
2025-05-28 09:29:39 [main] INFO  lt.insoft.uztis.tests.UztisPageTest - Navigated to https://uztisdev.asseco.lt/home
2025-05-28 09:29:39 [main] INFO  l.i.uztis.tests.EvaluationsPageTest - Starting test:'testFillSaveDraftEvaluationThree'
2025-05-28 09:29:39 [main] INFO  l.i.uztis.tests.EvaluationsPageTest - Starting test:'testNavigateToEvaluationsPage'
2025-05-28 09:29:40 [main] INFO  l.insoft.uztis.tests.utils.TestUtils - Login attempt with user: evaluation_chief
2025-05-28 09:29:40 [main] DEBUG l.i.uztis.tests.EvaluationsPageTest - User logged in with test credentials
2025-05-28 09:29:40 [main] DEBUG l.i.uztis.tests.EvaluationsPageTest - Opened 'Application Processing' menu.
2025-05-28 09:29:40 [main] DEBUG l.i.uztis.tests.EvaluationsPageTest - Clicked on 'Evaluations' menu.
2025-05-28 09:29:40 [main] DEBUG l.i.uztis.tests.EvaluationsPageTest - Navigating to evaluations menu.
2025-05-28 09:29:40 [main] INFO  l.i.uztis.tests.EvaluationsPageTest - Test 'testNavigateToEvaluationsPage' completed successfully.
2025-05-28 09:29:41 [main] DEBUG l.i.uztis.tests.EvaluationsPageTest - Clicked on last evaluation.
2025-05-28 09:29:41 [main] DEBUG l.i.uztis.tests.EvaluationsPageTest - Clicked 'Edit'.
2025-05-28 09:29:42 [main] DEBUG l.i.uztis.tests.EvaluationsPageTest - Entered commission date.
2025-05-28 09:29:42 [main] DEBUG l.i.uztis.tests.EvaluationsPageTest - Selected 'Without Commission' radio button.
2025-05-28 09:29:42 [main] DEBUG l.i.uztis.tests.EvaluationsPageTest - Entered chairman name: 'Pirmininkas Pirmininkauskas'.
2025-05-28 09:29:43 [main] DEBUG l.i.uztis.tests.EvaluationsPageTest - Entered member name: 'Narys Narauskas'.
2025-05-28 09:29:43 [main] DEBUG l.i.uztis.tests.EvaluationsPageTest - Clicked 'Continue'.
2025-05-28 09:29:43 [main] DEBUG l.i.uztis.tests.EvaluationsPageTest - Entered chairman score 1: '1'.
2025-05-28 09:29:43 [main] DEBUG l.i.uztis.tests.EvaluationsPageTest - Entered member score 1: '2'.
2025-05-28 09:29:43 [main] DEBUG l.i.uztis.tests.EvaluationsPageTest - Entered member conclusion 1: 'Išvada - palanki 1'.
2025-05-28 09:29:43 [main] DEBUG l.i.uztis.tests.EvaluationsPageTest - Entered chairman score 2: '3'.
2025-05-28 09:29:44 [main] DEBUG l.i.uztis.tests.EvaluationsPageTest - Entered member score 2: '4'.
2025-05-28 09:29:44 [main] DEBUG l.i.uztis.tests.EvaluationsPageTest - Entered member conclusion 2: 'Išvada - palanki 2'.
2025-05-28 09:29:44 [main] DEBUG l.i.uztis.tests.EvaluationsPageTest - Entered chairman score 3: '5'.
2025-05-28 09:29:44 [main] DEBUG l.i.uztis.tests.EvaluationsPageTest - Entered member score 3: '6'.
2025-05-28 09:29:44 [main] DEBUG l.i.uztis.tests.EvaluationsPageTest - Entered member conclusion 3: 'Išvada - palanki 3'.
2025-05-28 09:29:44 [main] DEBUG l.i.uztis.tests.EvaluationsPageTest - Entered chairman score 4: '7'.
2025-05-28 09:29:44 [main] DEBUG l.i.uztis.tests.EvaluationsPageTest - Entered member score 4: '8'.
2025-05-28 09:29:45 [main] DEBUG l.i.uztis.tests.EvaluationsPageTest - Entered member conclusion 4: 'Išvada - palanki 4'.
2025-05-28 09:29:45 [main] DEBUG l.i.uztis.tests.EvaluationsPageTest - Entered chairman score 5: '9'.
2025-05-28 09:29:45 [main] DEBUG l.i.uztis.tests.EvaluationsPageTest - Entered member score 5: '10'.
2025-05-28 09:29:45 [main] DEBUG l.i.uztis.tests.EvaluationsPageTest - Entered member conclusion 5: 'Išvada - palanki 5'.
2025-05-28 09:29:45 [main] DEBUG l.i.uztis.tests.EvaluationsPageTest - Clicked 'Save Draft'.
2025-05-28 09:29:45 [main] DEBUG l.i.uztis.pages.ApplicationFormsPage - Verified success message: 'Duomenys sėkmingai išsaugoti.'
2025-05-28 09:29:45 [main] INFO  l.i.uztis.tests.EvaluationsPageTest - Verified success message
2025-05-28 09:29:45 [main] INFO  l.i.uztis.tests.EvaluationsPageTest - Test 'testFillSaveDraftEvaluationThree' completed successfully.
2025-05-28 09:30:00 [main] INFO  lt.insoft.uztis.tests.UztisPageTest - Navigated to https://uztisdev.asseco.lt/home
2025-05-28 09:30:00 [main] INFO  l.i.uztis.tests.EvaluationsPageTest - Starting test:'testConfirmEvaluationThree'
2025-05-28 09:30:00 [main] INFO  l.i.uztis.tests.EvaluationsPageTest - Starting test:'testNavigateToEvaluationsPage'
2025-05-28 09:30:01 [main] INFO  l.insoft.uztis.tests.utils.TestUtils - Login attempt with user: evaluation_chief
2025-05-28 09:30:01 [main] DEBUG l.i.uztis.tests.EvaluationsPageTest - User logged in with test credentials
2025-05-28 09:30:01 [main] DEBUG l.i.uztis.tests.EvaluationsPageTest - Opened 'Application Processing' menu.
2025-05-28 09:30:01 [main] DEBUG l.i.uztis.tests.EvaluationsPageTest - Clicked on 'Evaluations' menu.
2025-05-28 09:30:01 [main] DEBUG l.i.uztis.tests.EvaluationsPageTest - Navigating to evaluations menu.
2025-05-28 09:30:01 [main] INFO  l.i.uztis.tests.EvaluationsPageTest - Test 'testNavigateToEvaluationsPage' completed successfully.
2025-05-28 09:30:02 [main] DEBUG l.i.uztis.tests.EvaluationsPageTest - Clicked on last evaluation.
2025-05-28 09:30:03 [main] DEBUG l.i.uztis.tests.EvaluationsPageTest - Clicked 'Edit'.
2025-05-28 09:30:03 [main] DEBUG l.i.uztis.tests.EvaluationsPageTest - Clicked 'Continue'.
2025-05-28 09:30:05 [main] ERROR l.i.uztis.tests.EvaluationsPageTest - Test 'testConfirmEvaluationThree' failed with error: element click intercepted: Element <button type="submit" class="btn btn--accent">...</button> is not clickable at point (998, 954). Other element would receive the click: <mat-form-field class="mat-mdc-form-field mat-mdc-form-field-type-common-radio-group mat-mdc-form-field-has-icon-prefix mat-mdc-form-field-has-icon-suffix mat-form-field-appearance-outline mat-primary ng-untouched mat-form-field-disabled ng-dirty mat-form-field-animations-enabled" style="--mat-form-field-notch-max-width: calc(100% - 8px);">...</mat-form-field>
  (Session info: chrome=136.0.7103.114)
Build info: version: '4.27.0', revision: 'd6e718d134'
System info: os.name: 'Windows 11', os.arch: 'amd64', os.version: '10.0', java.version: '21.0.3'
Driver info: org.openqa.selenium.chrome.ChromeDriver
Command: [739cbb9ad089c84787cec255033e843e, clickElement {id=f.2819A833FB32D2E4DB1B32818B86E285.d.F774F362B74B6E56D75B3D4CA3B54C46.e.227}]
Capabilities {acceptInsecureCerts: false, browserName: chrome, browserVersion: 136.0.7103.114, chrome: {chromedriverVersion: 136.0.7103.113 (76fa3c17824..., userDataDir: C:\Users\INGRID~1.ZAD\AppDa...}, fedcm:accounts: true, goog:chromeOptions: {debuggerAddress: localhost:64815}, networkConnectionEnabled: false, pageLoadStrategy: normal, platformName: windows, proxy: Proxy(), se:cdp: ws://localhost:64815/devtoo..., se:cdpVersion: 136.0.7103.114, setWindowRect: true, strictFileInteractability: false, timeouts: {implicit: 0, pageLoad: 300000, script: 30000}, unhandledPromptBehavior: dismiss and notify, webauthn:extension:credBlob: true, webauthn:extension:largeBlob: true, webauthn:extension:minPinLength: true, webauthn:extension:prf: true, webauthn:virtualAuthenticators: true}
Element: [[ChromeDriver: chrome on windows (739cbb9ad089c84787cec255033e843e)] -> xpath: //common-button//button[text()='Tvirtinti vertinimą']]
Session ID: 739cbb9ad089c84787cec255033e843e
org.openqa.selenium.ElementClickInterceptedException: element click intercepted: Element <button type="submit" class="btn btn--accent">...</button> is not clickable at point (998, 954). Other element would receive the click: <mat-form-field class="mat-mdc-form-field mat-mdc-form-field-type-common-radio-group mat-mdc-form-field-has-icon-prefix mat-mdc-form-field-has-icon-suffix mat-form-field-appearance-outline mat-primary ng-untouched mat-form-field-disabled ng-dirty mat-form-field-animations-enabled" style="--mat-form-field-notch-max-width: calc(100% - 8px);">...</mat-form-field>
  (Session info: chrome=136.0.7103.114)
Build info: version: '4.27.0', revision: 'd6e718d134'
System info: os.name: 'Windows 11', os.arch: 'amd64', os.version: '10.0', java.version: '21.0.3'
Driver info: org.openqa.selenium.chrome.ChromeDriver
Command: [739cbb9ad089c84787cec255033e843e, clickElement {id=f.2819A833FB32D2E4DB1B32818B86E285.d.F774F362B74B6E56D75B3D4CA3B54C46.e.227}]
Capabilities {acceptInsecureCerts: false, browserName: chrome, browserVersion: 136.0.7103.114, chrome: {chromedriverVersion: 136.0.7103.113 (76fa3c17824..., userDataDir: C:\Users\INGRID~1.ZAD\AppDa...}, fedcm:accounts: true, goog:chromeOptions: {debuggerAddress: localhost:64815}, networkConnectionEnabled: false, pageLoadStrategy: normal, platformName: windows, proxy: Proxy(), se:cdp: ws://localhost:64815/devtoo..., se:cdpVersion: 136.0.7103.114, setWindowRect: true, strictFileInteractability: false, timeouts: {implicit: 0, pageLoad: 300000, script: 30000}, unhandledPromptBehavior: dismiss and notify, webauthn:extension:credBlob: true, webauthn:extension:largeBlob: true, webauthn:extension:minPinLength: true, webauthn:extension:prf: true, webauthn:virtualAuthenticators: true}
Element: [[ChromeDriver: chrome on windows (739cbb9ad089c84787cec255033e843e)] -> xpath: //common-button//button[text()='Tvirtinti vertinimą']]
Session ID: 739cbb9ad089c84787cec255033e843e
	at java.base/jdk.internal.reflect.DirectConstructorHandleAccessor.newInstance(DirectConstructorHandleAccessor.java:62)
	at java.base/java.lang.reflect.Constructor.newInstanceWithCaller(Constructor.java:502)
	at java.base/java.lang.reflect.Constructor.newInstance(Constructor.java:486)
	at org.openqa.selenium.remote.ErrorCodec.decode(ErrorCodec.java:167)
	at org.openqa.selenium.remote.codec.w3c.W3CHttpResponseCodec.decode(W3CHttpResponseCodec.java:138)
	at org.openqa.selenium.remote.codec.w3c.W3CHttpResponseCodec.decode(W3CHttpResponseCodec.java:50)
	at org.openqa.selenium.remote.HttpCommandExecutor.execute(HttpCommandExecutor.java:190)
	at org.openqa.selenium.remote.service.DriverCommandExecutor.invokeExecute(DriverCommandExecutor.java:216)
	at org.openqa.selenium.remote.service.DriverCommandExecutor.execute(DriverCommandExecutor.java:174)
	at org.openqa.selenium.remote.RemoteWebDriver.execute(RemoteWebDriver.java:545)
	at org.openqa.selenium.remote.RemoteWebElement.execute(RemoteWebElement.java:223)
	at org.openqa.selenium.remote.RemoteWebElement.click(RemoteWebElement.java:76)
	at java.base/jdk.internal.reflect.DirectMethodHandleAccessor.invoke(DirectMethodHandleAccessor.java:103)
	at java.base/java.lang.reflect.Method.invoke(Method.java:580)
	at org.openqa.selenium.support.pagefactory.internal.LocatingElementHandler.invoke(LocatingElementHandler.java:51)
	at jdk.proxy2/jdk.proxy2.$Proxy14.click(Unknown Source)
	at lt.insoft.uztis.pages.EvaluationsPage.clickButtonConfirm3(EvaluationsPage.java:264)
	at lt.insoft.uztis.tests.EvaluationsPageTest.testConfirmEvaluationThree(EvaluationsPageTest.java:470)
	at java.base/jdk.internal.reflect.DirectMethodHandleAccessor.invoke(DirectMethodHandleAccessor.java:103)
	at java.base/java.lang.reflect.Method.invoke(Method.java:580)
	at org.junit.platform.commons.util.ReflectionUtils.invokeMethod(ReflectionUtils.java:728)
	at org.junit.jupiter.engine.execution.MethodInvocation.proceed(MethodInvocation.java:60)
	at org.junit.jupiter.engine.execution.InvocationInterceptorChain$ValidatingInvocation.proceed(InvocationInterceptorChain.java:131)
	at org.junit.jupiter.engine.extension.TimeoutExtension.intercept(TimeoutExtension.java:156)
	at org.junit.jupiter.engine.extension.TimeoutExtension.interceptTestableMethod(TimeoutExtension.java:147)
	at org.junit.jupiter.engine.extension.TimeoutExtension.interceptTestMethod(TimeoutExtension.java:86)
	at org.junit.jupiter.engine.execution.InterceptingExecutableInvoker$ReflectiveInterceptorCall.lambda$ofVoidMethod$0(InterceptingExecutableInvoker.java:103)
	at org.junit.jupiter.engine.execution.InterceptingExecutableInvoker.lambda$invoke$0(InterceptingExecutableInvoker.java:93)
	at org.junit.jupiter.engine.execution.InvocationInterceptorChain$InterceptedInvocation.proceed(InvocationInterceptorChain.java:106)
	at org.junit.jupiter.engine.execution.InvocationInterceptorChain.proceed(InvocationInterceptorChain.java:64)
	at org.junit.jupiter.engine.execution.InvocationInterceptorChain.chainAndInvoke(InvocationInterceptorChain.java:45)
	at org.junit.jupiter.engine.execution.InvocationInterceptorChain.invoke(InvocationInterceptorChain.java:37)
	at org.junit.jupiter.engine.execution.InterceptingExecutableInvoker.invoke(InterceptingExecutableInvoker.java:92)
	at org.junit.jupiter.engine.execution.InterceptingExecutableInvoker.invoke(InterceptingExecutableInvoker.java:86)
	at org.junit.jupiter.engine.descriptor.TestMethodTestDescriptor.lambda$invokeTestMethod$7(TestMethodTestDescriptor.java:218)
	at org.junit.platform.engine.support.hierarchical.ThrowableCollector.execute(ThrowableCollector.java:73)
	at org.junit.jupiter.engine.descriptor.TestMethodTestDescriptor.invokeTestMethod(TestMethodTestDescriptor.java:214)
	at org.junit.jupiter.engine.descriptor.TestMethodTestDescriptor.execute(TestMethodTestDescriptor.java:139)
	at org.junit.jupiter.engine.descriptor.TestMethodTestDescriptor.execute(TestMethodTestDescriptor.java:69)
	at org.junit.platform.engine.support.hierarchical.NodeTestTask.lambda$executeRecursively$6(NodeTestTask.java:151)
	at org.junit.platform.engine.support.hierarchical.ThrowableCollector.execute(ThrowableCollector.java:73)
	at org.junit.platform.engine.support.hierarchical.NodeTestTask.lambda$executeRecursively$8(NodeTestTask.java:141)
	at org.junit.platform.engine.support.hierarchical.Node.around(Node.java:137)
	at org.junit.platform.engine.support.hierarchical.NodeTestTask.lambda$executeRecursively$9(NodeTestTask.java:139)
	at org.junit.platform.engine.support.hierarchical.ThrowableCollector.execute(ThrowableCollector.java:73)
	at org.junit.platform.engine.support.hierarchical.NodeTestTask.executeRecursively(NodeTestTask.java:138)
	at org.junit.platform.engine.support.hierarchical.NodeTestTask.execute(NodeTestTask.java:95)
	at java.base/java.util.ArrayList.forEach(ArrayList.java:1596)
	at org.junit.platform.engine.support.hierarchical.SameThreadHierarchicalTestExecutorService.invokeAll(SameThreadHierarchicalTestExecutorService.java:41)
	at org.junit.platform.engine.support.hierarchical.NodeTestTask.lambda$executeRecursively$6(NodeTestTask.java:155)
	at org.junit.platform.engine.support.hierarchical.ThrowableCollector.execute(ThrowableCollector.java:73)
	at org.junit.platform.engine.support.hierarchical.NodeTestTask.lambda$executeRecursively$8(NodeTestTask.java:141)
	at org.junit.platform.engine.support.hierarchical.Node.around(Node.java:137)
	at org.junit.platform.engine.support.hierarchical.NodeTestTask.lambda$executeRecursively$9(NodeTestTask.java:139)
	at org.junit.platform.engine.support.hierarchical.ThrowableCollector.execute(ThrowableCollector.java:73)
	at org.junit.platform.engine.support.hierarchical.NodeTestTask.executeRecursively(NodeTestTask.java:138)
	at org.junit.platform.engine.support.hierarchical.NodeTestTask.execute(NodeTestTask.java:95)
	at java.base/java.util.ArrayList.forEach(ArrayList.java:1596)
	at org.junit.platform.engine.support.hierarchical.SameThreadHierarchicalTestExecutorService.invokeAll(SameThreadHierarchicalTestExecutorService.java:41)
	at org.junit.platform.engine.support.hierarchical.NodeTestTask.lambda$executeRecursively$6(NodeTestTask.java:155)
	at org.junit.platform.engine.support.hierarchical.ThrowableCollector.execute(ThrowableCollector.java:73)
	at org.junit.platform.engine.support.hierarchical.NodeTestTask.lambda$executeRecursively$8(NodeTestTask.java:141)
	at org.junit.platform.engine.support.hierarchical.Node.around(Node.java:137)
	at org.junit.platform.engine.support.hierarchical.NodeTestTask.lambda$executeRecursively$9(NodeTestTask.java:139)
	at org.junit.platform.engine.support.hierarchical.ThrowableCollector.execute(ThrowableCollector.java:73)
	at org.junit.platform.engine.support.hierarchical.NodeTestTask.executeRecursively(NodeTestTask.java:138)
	at org.junit.platform.engine.support.hierarchical.NodeTestTask.execute(NodeTestTask.java:95)
	at org.junit.platform.engine.support.hierarchical.SameThreadHierarchicalTestExecutorService.submit(SameThreadHierarchicalTestExecutorService.java:35)
	at org.junit.platform.engine.support.hierarchical.HierarchicalTestExecutor.execute(HierarchicalTestExecutor.java:57)
	at org.junit.platform.engine.support.hierarchical.HierarchicalTestEngine.execute(HierarchicalTestEngine.java:54)
	at org.junit.platform.launcher.core.EngineExecutionOrchestrator.execute(EngineExecutionOrchestrator.java:198)
	at org.junit.platform.launcher.core.EngineExecutionOrchestrator.execute(EngineExecutionOrchestrator.java:169)
	at org.junit.platform.launcher.core.EngineExecutionOrchestrator.execute(EngineExecutionOrchestrator.java:93)
	at org.junit.platform.launcher.core.EngineExecutionOrchestrator.lambda$execute$0(EngineExecutionOrchestrator.java:58)
	at org.junit.platform.launcher.core.EngineExecutionOrchestrator.withInterceptedStreams(EngineExecutionOrchestrator.java:141)
	at org.junit.platform.launcher.core.EngineExecutionOrchestrator.execute(EngineExecutionOrchestrator.java:57)
	at org.junit.platform.launcher.core.DefaultLauncher.execute(DefaultLauncher.java:103)
	at org.junit.platform.launcher.core.DefaultLauncher.execute(DefaultLauncher.java:85)
	at org.junit.platform.launcher.core.DelegatingLauncher.execute(DelegatingLauncher.java:47)
	at org.junit.platform.launcher.core.SessionPerRequestLauncher.execute(SessionPerRequestLauncher.java:63)
	at com.intellij.junit5.JUnit5IdeaTestRunner.startRunnerWithArgs(JUnit5IdeaTestRunner.java:57)
	at com.intellij.rt.junit.IdeaTestRunner$Repeater$1.execute(IdeaTestRunner.java:38)
	at com.intellij.rt.execution.junit.TestsRepeater.repeat(TestsRepeater.java:11)
	at com.intellij.rt.junit.IdeaTestRunner$Repeater.startRunnerWithArgs(IdeaTestRunner.java:35)
	at com.intellij.rt.junit.JUnitStarter.prepareStreamsAndStart(JUnitStarter.java:232)
	at com.intellij.rt.junit.JUnitStarter.main(JUnitStarter.java:55)
2025-05-28 09:30:05 [main] INFO  l.insoft.uztis.tests.utils.TestUtils - Screenshot moved to C:\Users\ingrida.zadorozniene\Desktop\Asm\UZTIS\UZTIS_tests\test-output\screenshots\20250528\093005424_testConfirmEvaluationThree().png
2025-05-28 09:30:23 [main] INFO  lt.insoft.uztis.tests.UztisPageTest - Navigated to https://uztisdev.asseco.lt/home
2025-05-28 09:30:24 [main] INFO  l.i.uztis.tests.EvaluationsPageTest - Starting test:'testConfirmEvaluationThree'
2025-05-28 09:30:24 [main] INFO  l.i.uztis.tests.EvaluationsPageTest - Starting test:'testNavigateToEvaluationsPage'
2025-05-28 09:30:24 [main] INFO  l.insoft.uztis.tests.utils.TestUtils - Login attempt with user: evaluation_chief
2025-05-28 09:30:24 [main] DEBUG l.i.uztis.tests.EvaluationsPageTest - User logged in with test credentials
2025-05-28 09:30:25 [main] DEBUG l.i.uztis.tests.EvaluationsPageTest - Opened 'Application Processing' menu.
2025-05-28 09:30:25 [main] DEBUG l.i.uztis.tests.EvaluationsPageTest - Clicked on 'Evaluations' menu.
2025-05-28 09:30:25 [main] DEBUG l.i.uztis.tests.EvaluationsPageTest - Navigating to evaluations menu.
2025-05-28 09:30:25 [main] INFO  l.i.uztis.tests.EvaluationsPageTest - Test 'testNavigateToEvaluationsPage' completed successfully.
2025-05-28 09:30:25 [main] DEBUG l.i.uztis.tests.EvaluationsPageTest - Clicked on last evaluation.
2025-05-28 09:30:26 [main] DEBUG l.i.uztis.tests.EvaluationsPageTest - Clicked 'Edit'.
2025-05-28 09:30:27 [main] DEBUG l.i.uztis.tests.EvaluationsPageTest - Clicked 'Continue'.
2025-05-28 09:30:27 [main] DEBUG l.i.uztis.tests.EvaluationsPageTest - Clicked 'Confirm'.
2025-05-28 09:30:27 [main] DEBUG l.i.uztis.tests.EvaluationsPageTest - Clicked 'Confirm Confirmation'.
2025-05-28 09:30:27 [main] DEBUG l.i.uztis.tests.EvaluationsPageTest - Fetched label text: Įvertinta
2025-05-28 09:30:27 [main] INFO  l.i.uztis.tests.EvaluationsPageTest - Verified that the label text matches the expected value.
2025-05-28 09:30:27 [main] INFO  l.i.uztis.tests.EvaluationsPageTest - Test 'testConfirmEvaluationThree' completed successfully.
2025-05-28 09:30:42 [main] INFO  lt.insoft.uztis.tests.UztisPageTest - Navigated to https://uztisdev.asseco.lt/home
2025-05-28 09:30:42 [main] INFO  l.insoft.uztis.tests.FundingPageTest - Starting test:'testFundApplication'
2025-05-28 09:30:42 [main] INFO  l.insoft.uztis.tests.utils.TestUtils - Login attempt with user: evaluation_chief
2025-05-28 09:30:42 [main] DEBUG l.insoft.uztis.tests.FundingPageTest - User logged in with test credentials
2025-05-28 09:30:43 [main] DEBUG l.insoft.uztis.tests.FundingPageTest - Opened 'Application Processing' menu.
2025-05-28 09:30:43 [main] DEBUG l.insoft.uztis.tests.FundingPageTest - Clicked on 'Application Forms' menu.
2025-05-28 09:30:44 [main] DEBUG l.insoft.uztis.tests.FundingPageTest - Retrieved last description code text: 'TST-VUI-29'.
2025-05-28 09:30:44 [main] DEBUG l.insoft.uztis.tests.FundingPageTest - Clicked on 'Invitation' menu.
2025-05-28 09:30:46 [main] DEBUG l.insoft.uztis.tests.FundingPageTest - Selected application section by code: 'TST-VUI-29'.
2025-05-28 09:30:46 [main] DEBUG l.insoft.uztis.tests.FundingPageTest - Clicked 'Search' button.
2025-05-28 09:30:46 [main] DEBUG l.insoft.uztis.tests.FundingPageTest - Retrieved invitation code: ''.
2025-05-28 09:30:46 [main] DEBUG l.insoft.uztis.tests.FundingPageTest - Clicked on 'Funding Queue' menu.
2025-05-28 09:30:48 [main] DEBUG l.insoft.uztis.tests.FundingPageTest - Selected invitation by code: 'TST-VUI-29'.
2025-05-28 09:30:48 [main] DEBUG l.insoft.uztis.tests.FundingPageTest - Invitation code inserted.
2025-05-28 09:30:48 [main] DEBUG l.insoft.uztis.tests.FundingPageTest - Clicked 'Form'.
2025-05-28 09:30:49 [main] DEBUG l.insoft.uztis.tests.FundingPageTest - Clicked 'Finance'.
2025-05-28 09:30:49 [main] DEBUG l.insoft.uztis.tests.FundingPageTest - Entered order number 'VUI_1'.
2025-05-28 09:30:49 [main] DEBUG l.insoft.uztis.tests.FundingPageTest - Clicked 'Finance Confirmation'.
2025-05-28 09:30:50 [main] DEBUG l.i.uztis.pages.ApplicationFormsPage - Verified success message: 'Funkcija sėkmingai atlikta.'
2025-05-28 09:30:50 [main] INFO  l.insoft.uztis.tests.FundingPageTest - Verified success message
2025-05-28 09:30:50 [main] INFO  l.insoft.uztis.tests.FundingPageTest - Test 'testFundApplication' completed successfully.
2025-05-28 09:31:08 [main] INFO  lt.insoft.uztis.tests.UztisPageTest - Navigated to https://uztisdev.asseco.lt/home
2025-05-28 09:31:08 [main] INFO  l.i.u.t.SubmittedApplicationsPageTest - Starting test:'testCreateProjects'
2025-05-28 09:31:09 [main] INFO  l.insoft.uztis.tests.utils.TestUtils - Login attempt with user: evaluation_chief
2025-05-28 09:31:09 [main] DEBUG l.i.u.t.SubmittedApplicationsPageTest - User logged in with test credentials
2025-05-28 09:31:09 [main] DEBUG l.i.u.t.SubmittedApplicationsPageTest - Opened 'Application Processing' menu.
2025-05-28 09:31:10 [main] DEBUG l.i.u.t.SubmittedApplicationsPageTest - Clicked on 'Application Forms' menu.
2025-05-28 09:31:10 [main] DEBUG l.i.u.t.SubmittedApplicationsPageTest - Retrieved last description code text: 'TST-VUI-29'.
2025-05-28 09:31:10 [main] DEBUG l.i.u.t.SubmittedApplicationsPageTest - Clicked on 'Invitation' menu.
2025-05-28 09:31:12 [main] DEBUG l.i.u.t.SubmittedApplicationsPageTest - Selected application section by code: 'TST-VUI-29'.
2025-05-28 09:31:12 [main] DEBUG l.i.u.t.SubmittedApplicationsPageTest - Clicked 'Search' button.
2025-05-28 09:31:12 [main] DEBUG l.i.u.t.SubmittedApplicationsPageTest - Retrieved invitation code: ''.
2025-05-28 09:31:13 [main] DEBUG l.i.u.t.SubmittedApplicationsPageTest - Clicked on 'Submitted Applications' menu.
2025-05-28 09:31:14 [main] DEBUG l.i.u.t.SubmittedApplicationsPageTest - Selected invitation by code: 'TST-VUI-29'.
2025-05-28 09:31:14 [main] DEBUG l.i.u.t.SubmittedApplicationsPageTest - Invitation code inserted.
2025-05-28 09:31:15 [main] DEBUG l.i.u.t.SubmittedApplicationsPageTest - Clicked on 'Action Application' button.
2025-05-28 09:31:15 [main] DEBUG l.i.u.t.SubmittedApplicationsPageTest - Clicked on 'Create Projects' button.
2025-05-28 09:31:15 [main] DEBUG l.i.u.t.SubmittedApplicationsPageTest - Clicked on 'Create Projects' confirmation button.
2025-05-28 09:31:15 [main] ERROR l.i.uztis.pages.ApplicationFormsPage - Failed to verify the success message: 'Projektai sėkmingai sukurti..'. Available messages: [Projektai sėkmingai sukurti.]
2025-05-28 09:31:15 [main] INFO  l.i.u.t.SubmittedApplicationsPageTest - Verified success message
2025-05-28 09:31:15 [main] INFO  l.i.u.t.SubmittedApplicationsPageTest - Test 'testCreateProjects' completed successfully.
2025-05-30 07:36:27 [main] INFO  lt.insoft.uztis.tests.UztisPageTest - Navigated to https://uztisdev.asseco.lt/home
2025-05-30 07:36:27 [main] INFO  l.i.u.tests.ApplicationFormsPageTest - Setup complete. ApplicationFormsPage initialized.
2025-05-30 07:36:27 [main] INFO  l.i.u.tests.ApplicationFormsPageTest - Starting test:'testCreateNewVuiApplication'
2025-05-30 07:36:27 [main] INFO  l.insoft.uztis.tests.utils.TestUtils - Login attempt with user: evaluation_chief
2025-05-30 07:36:27 [main] DEBUG l.i.u.tests.ApplicationFormsPageTest - User logged in with test credentials
2025-05-30 07:36:28 [main] DEBUG l.i.u.tests.ApplicationFormsPageTest - Opened 'Application Processing' menu.
2025-05-30 07:36:28 [main] DEBUG l.i.u.tests.ApplicationFormsPageTest - Clicked on 'Application Forms' menu.
2025-05-30 07:36:28 [main] DEBUG l.i.u.tests.ApplicationFormsPageTest - Clicked to create a new application form.
2025-05-30 07:36:28 [main] DEBUG l.i.u.tests.ApplicationFormsPageTest - Entered random application code: TST-VUI-80
2025-05-30 07:36:29 [main] DEBUG l.i.u.tests.ApplicationFormsPageTest - Selected 'Section' radio button.
2025-05-30 07:36:29 [main] INFO  l.i.uztis.pages.ApplicationFormsPage - Located the dropdown button.
2025-05-30 07:36:29 [main] INFO  l.i.uztis.pages.ApplicationFormsPage - Successfully selected the value: 'Skyrius 1'
2025-05-30 07:36:39 [main] ERROR l.i.uztis.pages.ApplicationFormsPage - Failed to close the dropdown with aria-expanded = 'false'.
2025-05-30 07:36:39 [main] DEBUG l.i.u.tests.ApplicationFormsPageTest - Selected a value from the 'Section' dropdown: 'Skyrius 1'
2025-05-30 07:36:39 [main] DEBUG l.i.u.tests.ApplicationFormsPageTest - Selected 'Budget by Municipality' option.
2025-05-30 07:36:39 [main] DEBUG l.i.u.tests.ApplicationFormsPageTest - Selected 'Financed Without Queue' option.
2025-05-30 07:36:40 [main] DEBUG l.i.u.tests.ApplicationFormsPageTest - Clicked 'Add' button.
2025-05-30 07:36:40 [main] INFO  l.i.uztis.pages.ApplicationFormsPage - Located the dropdown button.
2025-05-30 07:36:40 [main] INFO  l.i.uztis.pages.ApplicationFormsPage - Successfully selected the value: 'VUI atitiktis URP'
2025-05-30 07:36:51 [main] ERROR l.i.uztis.pages.ApplicationFormsPage - Failed to close the dropdown with aria-expanded = 'false'.
2025-05-30 07:36:51 [main] DEBUG l.i.u.tests.ApplicationFormsPageTest - Selected a value from the 'EvaluationOne' dropdown: 'VUI atitiktis URP'
2025-05-30 07:36:51 [main] INFO  l.i.uztis.pages.ApplicationFormsPage - Located the dropdown button.
2025-05-30 07:36:51 [main] INFO  l.i.uztis.pages.ApplicationFormsPage - Successfully selected the value: 'VUI atitiktis kokybės kriterijams'
2025-05-30 07:37:01 [main] ERROR l.i.uztis.pages.ApplicationFormsPage - Failed to close the dropdown with aria-expanded = 'false'.
2025-05-30 07:37:01 [main] DEBUG l.i.u.tests.ApplicationFormsPageTest - Selected a value from the 'EvaluationTwon' dropdown: 'VUI atitiktis kokybės kriterijams'
2025-05-30 07:37:01 [main] INFO  l.i.uztis.pages.ApplicationFormsPage - Located the dropdown button.
2025-05-30 07:37:01 [main] INFO  l.i.uztis.pages.ApplicationFormsPage - Successfully selected the value: 'VUI gynimo vertinimo forma'
2025-05-30 07:37:12 [main] ERROR l.i.uztis.pages.ApplicationFormsPage - Failed to close the dropdown with aria-expanded = 'false'.
2025-05-30 07:37:12 [main] DEBUG l.i.u.tests.ApplicationFormsPageTest - Selected a value from the 'EvaluationThree' dropdown: 'VUI gynimo vertinimo forma'
2025-05-30 07:37:12 [main] DEBUG l.i.u.tests.ApplicationFormsPageTest - Clicked 'Plus' button.
2025-05-30 07:37:12 [main] DEBUG l.i.u.tests.ApplicationFormsPageTest - Clicked 'Add' button seven times.
2025-05-30 07:37:12 [main] INFO  l.i.uztis.pages.ApplicationFormsPage - Processing dropdown index: 0
2025-05-30 07:37:23 [main] ERROR l.i.uztis.pages.ApplicationFormsPage - Timeout while waiting for dropdown to close at index: 0 with aria-expanded = 'false'
2025-05-30 07:37:23 [main] INFO  l.i.uztis.pages.ApplicationFormsPage - Processing dropdown index: 1
2025-05-30 07:37:34 [main] ERROR l.i.uztis.pages.ApplicationFormsPage - Timeout while waiting for dropdown to close at index: 1 with aria-expanded = 'false'
2025-05-30 07:37:34 [main] INFO  l.i.uztis.pages.ApplicationFormsPage - Processing dropdown index: 2
2025-05-30 07:37:45 [main] ERROR l.i.uztis.pages.ApplicationFormsPage - Timeout while waiting for dropdown to close at index: 2 with aria-expanded = 'false'
2025-05-30 07:37:45 [main] INFO  l.i.uztis.pages.ApplicationFormsPage - Processing dropdown index: 3
2025-05-30 07:37:55 [main] ERROR l.i.uztis.pages.ApplicationFormsPage - Timeout while waiting for dropdown to close at index: 3 with aria-expanded = 'false'
2025-05-30 07:37:55 [main] INFO  l.i.uztis.pages.ApplicationFormsPage - Processing dropdown index: 4
2025-05-30 07:38:06 [main] ERROR l.i.uztis.pages.ApplicationFormsPage - Timeout while waiting for dropdown to close at index: 4 with aria-expanded = 'false'
2025-05-30 07:38:06 [main] INFO  l.i.uztis.pages.ApplicationFormsPage - Processing dropdown index: 5
2025-05-30 07:38:16 [main] ERROR l.i.uztis.pages.ApplicationFormsPage - Timeout while waiting for dropdown to close at index: 5 with aria-expanded = 'false'
2025-05-30 07:38:16 [main] INFO  l.i.uztis.pages.ApplicationFormsPage - Processing dropdown index: 6
2025-05-30 07:38:27 [main] ERROR l.i.uztis.pages.ApplicationFormsPage - Timeout while waiting for dropdown to close at index: 6 with aria-expanded = 'false'
2025-05-30 07:38:27 [main] INFO  l.i.uztis.pages.ApplicationFormsPage - Processing dropdown index: 7
2025-05-30 07:38:39 [main] ERROR l.i.uztis.pages.ApplicationFormsPage - Timeout while waiting for dropdown to close at index: 7 with aria-expanded = 'false'
2025-05-30 07:38:39 [main] INFO  l.i.uztis.pages.ApplicationFormsPage - Processing input field index: 0
2025-05-30 07:38:39 [main] INFO  l.i.uztis.pages.ApplicationFormsPage - Entered value '50' into field index: 0
2025-05-30 07:38:39 [main] INFO  l.i.uztis.pages.ApplicationFormsPage - Processing input field index: 1
2025-05-30 07:38:39 [main] INFO  l.i.uztis.pages.ApplicationFormsPage - Entered value '924' into field index: 1
2025-05-30 07:38:39 [main] INFO  l.i.uztis.pages.ApplicationFormsPage - Processing input field index: 2
2025-05-30 07:38:39 [main] INFO  l.i.uztis.pages.ApplicationFormsPage - Entered value '31' into field index: 2
2025-05-30 07:38:39 [main] INFO  l.i.uztis.pages.ApplicationFormsPage - Processing input field index: 3
2025-05-30 07:38:39 [main] INFO  l.i.uztis.pages.ApplicationFormsPage - Entered value '4.7' into field index: 3
2025-05-30 07:38:39 [main] INFO  l.i.uztis.pages.ApplicationFormsPage - Processing input field index: 4
2025-05-30 07:38:39 [main] INFO  l.i.uztis.pages.ApplicationFormsPage - Entered value '35' into field index: 4
2025-05-30 07:38:39 [main] INFO  l.i.uztis.pages.ApplicationFormsPage - Processing input field index: 5
2025-05-30 07:38:39 [main] INFO  l.i.uztis.pages.ApplicationFormsPage - Entered value '20' into field index: 5
2025-05-30 07:38:39 [main] INFO  l.i.uztis.pages.ApplicationFormsPage - Processing input field index: 6
2025-05-30 07:38:39 [main] INFO  l.i.uztis.pages.ApplicationFormsPage - Entered value '30' into field index: 6
2025-05-30 07:38:39 [main] INFO  l.i.uztis.pages.ApplicationFormsPage - Processing input field index: 7
2025-05-30 07:38:40 [main] INFO  l.i.uztis.pages.ApplicationFormsPage - Entered value '60' into field index: 7
2025-05-30 07:38:40 [main] DEBUG l.i.u.tests.ApplicationFormsPageTest - Entered additional values and text.
2025-05-30 07:38:40 [main] DEBUG l.i.u.tests.ApplicationFormsPageTest - Entered application name: VUI paraiška
2025-05-30 07:38:40 [main] DEBUG l.i.u.tests.ApplicationFormsPageTest - Clicked the 'Save' button.
2025-05-30 07:38:40 [main] DEBUG l.i.uztis.pages.ApplicationFormsPage - Verified success message: 'Duomenys sėkmingai išsaugoti.'
2025-05-30 07:38:40 [main] INFO  l.i.u.tests.ApplicationFormsPageTest - Verified success message
2025-05-30 07:38:40 [main] INFO  l.i.u.tests.ApplicationFormsPageTest - Verified that the 'Save Form' button is displayed.
2025-05-30 07:38:40 [main] INFO  l.i.u.tests.ApplicationFormsPageTest - Test 'testCreateNewVuiApplication' completed successfully.
2025-05-30 07:39:38 [main] INFO  lt.insoft.uztis.tests.UztisPageTest - Navigated to https://uztisdev.asseco.lt/home
2025-05-30 07:39:38 [main] INFO  l.i.u.tests.ApplicationFormsPageTest - Setup complete. ApplicationFormsPage initialized.
2025-05-30 07:39:38 [main] INFO  l.i.u.tests.ApplicationFormsPageTest - Starting test:'testEditAndSaveVuiApplication'
2025-05-30 07:39:39 [main] INFO  l.insoft.uztis.tests.utils.TestUtils - Login attempt with user: evaluation_chief
2025-05-30 07:39:39 [main] DEBUG l.i.u.tests.ApplicationFormsPageTest - User logged in with test credentials
2025-05-30 07:39:40 [main] DEBUG l.i.u.tests.ApplicationFormsPageTest - Opened 'Application Processing' menu.
2025-05-30 07:39:40 [main] DEBUG l.i.u.tests.ApplicationFormsPageTest - Clicked on 'Application Forms' menu.
2025-05-30 07:39:41 [main] DEBUG l.i.u.tests.ApplicationFormsPageTest - Selected the last application description.
2025-05-30 07:39:41 [main] DEBUG l.i.u.tests.ApplicationFormsPageTest - Clicked the 'Edit' button.
2025-05-30 07:39:42 [main] DEBUG l.i.u.tests.ApplicationFormsPageTest - Selected 'Municipality' radio button.
2025-05-30 07:39:42 [main] INFO  l.i.uztis.pages.ApplicationFormsPage - Located the dropdown button.
2025-05-30 07:39:42 [main] INFO  l.i.uztis.pages.ApplicationFormsPage - Successfully selected the value: 'Kauno departamentas'
2025-05-30 07:39:52 [main] ERROR l.i.uztis.pages.ApplicationFormsPage - Failed to close the dropdown with aria-expanded = 'false'.
2025-05-30 07:39:52 [main] DEBUG l.i.u.tests.ApplicationFormsPageTest - Selected a value from the 'Municipality' dropdown: 'Kauno departamentas'
2025-05-30 07:39:52 [main] DEBUG l.i.u.tests.ApplicationFormsPageTest - Selected 'Budget By Country' radio button.
2025-05-30 07:39:53 [main] DEBUG l.i.u.tests.ApplicationFormsPageTest - Selected 'Financed By Queue' radio button.
2025-05-30 07:39:53 [main] DEBUG l.i.u.tests.ApplicationFormsPageTest - Entered new application name: _paredaguota
2025-05-30 07:39:53 [main] DEBUG l.i.u.tests.ApplicationFormsPageTest - Clicked the 'Save' button.
2025-05-30 07:39:53 [main] DEBUG l.i.uztis.pages.ApplicationFormsPage - Verified success message: 'Duomenys sėkmingai išsaugoti.'
2025-05-30 07:39:53 [main] INFO  l.i.u.tests.ApplicationFormsPageTest - Verified success message
2025-05-30 07:39:53 [main] INFO  l.i.u.tests.ApplicationFormsPageTest - Test 'testEditAndSaveVuiApplication' completed successfully.
2025-05-30 07:40:13 [main] INFO  lt.insoft.uztis.tests.UztisPageTest - Navigated to https://uztisdev.asseco.lt/home
2025-05-30 07:40:13 [main] INFO  l.i.u.tests.ApplicationFormsPageTest - Setup complete. ApplicationFormsPage initialized.
2025-05-30 07:40:13 [main] INFO  l.i.u.tests.ApplicationFormsPageTest - Starting test:'testAddContractVUI'
2025-05-30 07:40:14 [main] INFO  l.insoft.uztis.tests.utils.TestUtils - Login attempt with user: evaluation_chief
2025-05-30 07:40:14 [main] DEBUG l.i.u.tests.ApplicationFormsPageTest - User logged in with test credentials
2025-05-30 07:40:15 [main] DEBUG l.i.u.tests.ApplicationFormsPageTest - Opened 'Application Processing' menu.
2025-05-30 07:40:15 [main] DEBUG l.i.u.tests.ApplicationFormsPageTest - Clicked on 'Application Forms' menu.
2025-05-30 07:40:15 [main] DEBUG l.i.u.tests.ApplicationFormsPageTest - Selected the last application description.
2025-05-30 07:40:15 [main] DEBUG l.i.u.tests.ApplicationFormsPageTest - Clicked 'Project Progress' tab.
2025-05-30 07:40:16 [main] DEBUG l.i.u.tests.ApplicationFormsPageTest - Clicked the 'Edit' button.
2025-05-30 07:40:16 [main] INFO  l.i.uztis.pages.ApplicationFormsPage - Opening the dropdown.
2025-05-30 07:40:20 [main] INFO  l.i.uztis.pages.ApplicationFormsPage - Selected the value: 'Vietinių užimtumo iniciatyvų projekto įgyvendinimo ir finansavimo sutartis'
2025-05-30 07:40:31 [main] ERROR l.i.uztis.pages.ApplicationFormsPage - Dropdown did not close as expected.
2025-05-30 07:40:31 [main] DEBUG l.i.u.tests.ApplicationFormsPageTest - Selected a value from the 'Document' dropdown: 'Vietinių užimtumo iniciatyvų projekto įgyvendinimo ir finansavimo sutartis'
2025-05-30 07:40:31 [main] INFO  l.i.uztis.pages.ApplicationFormsPage - Opening the dropdown.
2025-05-30 07:40:35 [main] INFO  l.i.uztis.pages.ApplicationFormsPage - Selected the value: 'Sprendimas dėl išmokos'
2025-05-30 07:40:45 [main] ERROR l.i.uztis.pages.ApplicationFormsPage - Dropdown did not close as expected.
2025-05-30 07:40:45 [main] DEBUG l.i.u.tests.ApplicationFormsPageTest - Selected a value from the 'Document' dropdown: 'Sprendimas dėl išmokos'
2025-05-30 07:40:45 [main] INFO  l.i.uztis.pages.ApplicationFormsPage - Opening the dropdown.
2025-05-30 07:40:48 [main] INFO  l.i.uztis.pages.ApplicationFormsPage - Selected the value: 'Sprendimas dėl išmokos'
2025-05-30 07:40:59 [main] ERROR l.i.uztis.pages.ApplicationFormsPage - Dropdown did not close as expected.
2025-05-30 07:40:59 [main] DEBUG l.i.u.tests.ApplicationFormsPageTest - Selected a value from the 'Document' dropdown: 'Sprendimas dėl išmokos'
2025-05-30 07:40:59 [main] DEBUG l.i.u.tests.ApplicationFormsPageTest - Clicked the 'Save' button.
2025-05-30 07:40:59 [main] ERROR l.i.uztis.pages.ApplicationFormsPage - Failed to verify the success message: 'Funkcija sėkmingai atlikta.'. Available messages: [Duomenys sėkmingai išsaugoti.]
2025-05-30 07:40:59 [main] INFO  l.i.u.tests.ApplicationFormsPageTest - Verified success message
2025-05-30 07:40:59 [main] INFO  l.i.u.tests.ApplicationFormsPageTest - Test 'testAddContractVUI' completed successfully.
2025-05-30 07:42:01 [main] INFO  lt.insoft.uztis.tests.UztisPageTest - Navigated to https://uztisdev.asseco.lt/home
2025-05-30 07:42:01 [main] INFO  l.i.uztis.tests.InvitationsPageTest - Starting test:'testCreateNewVuiInvitationDraft'
2025-05-30 07:42:01 [main] INFO  l.insoft.uztis.tests.utils.TestUtils - Login attempt with user: evaluation_chief
2025-05-30 07:42:01 [main] DEBUG l.i.uztis.tests.InvitationsPageTest - User logged in with test credentials
2025-05-30 07:42:02 [main] DEBUG l.i.uztis.tests.InvitationsPageTest - Opened 'Application Processing' menu.
2025-05-30 07:42:02 [main] DEBUG l.i.uztis.tests.InvitationsPageTest - Clicked on 'Application Forms' menu.
2025-05-30 07:42:02 [main] DEBUG l.i.uztis.tests.InvitationsPageTest - Navigating to application forms menu.
2025-05-30 07:42:03 [main] DEBUG l.i.uztis.tests.InvitationsPageTest - Retrieved last description code text: 'TST-VUI-80'.
2025-05-30 07:42:03 [main] DEBUG l.i.uztis.tests.InvitationsPageTest - Clicked on 'Invitation' menu.
2025-05-30 07:42:03 [main] DEBUG l.i.uztis.tests.InvitationsPageTest - Clicked 'Create New Application Form'.
2025-05-30 07:42:05 [main] DEBUG l.i.uztis.tests.InvitationsPageTest - Selected section by code: 'TST-VUI-80'.
2025-05-30 07:42:05 [main] INFO  l.insoft.uztis.pages.InvitationsPage - Located the dropdown button.
2025-05-30 07:42:15 [main] ERROR l.insoft.uztis.pages.InvitationsPage - Timeout while waiting for dropdown to close with aria-expanded = 'false'.
2025-05-30 07:42:15 [main] DEBUG l.i.uztis.tests.InvitationsPageTest - Selected invitation number from the list.
2025-05-30 07:42:16 [main] DEBUG l.i.uztis.tests.InvitationsPageTest - Entered current date.
2025-05-30 07:42:16 [main] DEBUG l.i.uztis.tests.InvitationsPageTest - Entered start time: 00:00.
2025-05-30 07:42:16 [main] DEBUG l.i.uztis.tests.InvitationsPageTest - Entered end date.
2025-05-30 07:42:17 [main] DEBUG l.i.uztis.tests.InvitationsPageTest - Entered end time: 11:11.
2025-05-30 07:42:17 [main] DEBUG l.i.uztis.tests.InvitationsPageTest - Draft saved.
2025-05-30 07:42:17 [main] DEBUG l.i.uztis.pages.ApplicationFormsPage - Verified success message: 'Duomenys sėkmingai išsaugoti.'
2025-05-30 07:42:17 [main] INFO  l.i.uztis.tests.InvitationsPageTest - Verified success message
2025-05-30 07:42:17 [main] INFO  l.i.uztis.tests.InvitationsPageTest - Test 'testCreateNewVuiInvitationDraft' completed successfully.
2025-05-30 07:43:45 [main] INFO  lt.insoft.uztis.tests.UztisPageTest - Navigated to https://uztisdev.asseco.lt/home
2025-05-30 07:43:45 [main] INFO  l.i.uztis.tests.InvitationsPageTest - Starting test:'testEditAndPublishVuiInvitationDraft'
2025-05-30 07:43:45 [main] INFO  l.insoft.uztis.tests.utils.TestUtils - Login attempt with user: evaluation_chief
2025-05-30 07:43:45 [main] DEBUG l.i.uztis.tests.InvitationsPageTest - User logged in with test credentials
2025-05-30 07:43:46 [main] DEBUG l.i.uztis.tests.InvitationsPageTest - Opened 'Application Processing' menu.
2025-05-30 07:43:46 [main] DEBUG l.i.uztis.tests.InvitationsPageTest - Clicked on 'Application Forms' menu.
2025-05-30 07:43:46 [main] DEBUG l.i.uztis.tests.InvitationsPageTest - Navigating to application forms menu.
2025-05-30 07:43:46 [main] DEBUG l.i.uztis.tests.InvitationsPageTest - Retrieved last description code text: 'TST-VUI-80'.
2025-05-30 07:43:46 [main] DEBUG l.i.uztis.tests.InvitationsPageTest - Clicked on 'Invitation' menu.
2025-05-30 07:43:48 [main] DEBUG l.i.uztis.tests.InvitationsPageTest - Selected section by code: 'TST-VUI-80'.
2025-05-30 07:43:48 [main] DEBUG l.i.uztis.tests.InvitationsPageTest - Clicked 'Search'.
2025-05-30 07:43:48 [main] DEBUG l.i.uztis.tests.InvitationsPageTest - Getting and inserting application code text.
2025-05-30 07:43:48 [main] DEBUG l.i.uztis.tests.InvitationsPageTest - Clicked 'InvitationDraft'.
2025-05-30 07:43:49 [main] DEBUG l.i.uztis.tests.InvitationsPageTest - Clicked 'Edit'.
2025-05-30 07:43:50 [main] DEBUG l.i.uztis.tests.InvitationsPageTest - Entered publication end date.
2025-05-30 07:43:50 [main] DEBUG l.i.uztis.tests.InvitationsPageTest - Added additional values.
2025-05-30 07:43:50 [main] INFO  l.insoft.uztis.pages.InvitationsPage - Located the dropdown button.
2025-05-30 07:43:50 [main] DEBUG l.i.uztis.tests.InvitationsPageTest - Selected the value: 'Didžiausia galima paramos suma aplinkos darbo vietai, Eur'
2025-05-30 07:43:50 [main] INFO  l.insoft.uztis.pages.InvitationsPage - Located the dropdown button.
2025-05-30 07:43:51 [main] DEBUG l.i.uztis.tests.InvitationsPageTest - Selected the value: 'Didžiausia galima paramos suma, Eur'
2025-05-30 07:43:51 [main] INFO  l.insoft.uztis.pages.InvitationsPage - Located the dropdown button.
2025-05-30 07:43:51 [main] DEBUG l.i.uztis.tests.InvitationsPageTest - Selected the value: 'Didžiausia galima paramos suma vienai darbo vietai, Eur'
2025-05-30 07:43:51 [main] DEBUG l.i.uztis.tests.InvitationsPageTest - Entered value: 11000
2025-05-30 07:43:51 [main] DEBUG l.i.uztis.tests.InvitationsPageTest - Entered value: 12000
2025-05-30 07:43:52 [main] DEBUG l.i.uztis.tests.InvitationsPageTest - Entered value: 13000
2025-05-30 07:43:52 [main] DEBUG l.i.uztis.tests.InvitationsPageTest - Checked 'Legal Entities' checkbox.
2025-05-30 07:43:52 [main] DEBUG l.i.uztis.tests.InvitationsPageTest - Checked 'Legal Entities' checkbox.
2025-05-30 07:43:52 [main] DEBUG l.i.uztis.tests.InvitationsPageTest - Unchecked 'Persons Registered with Employment Service' checkbox.
2025-05-30 07:43:52 [main] DEBUG l.i.uztis.tests.InvitationsPageTest - Checked 'Persons Registered as Employers' checkbox.
2025-05-30 07:43:52 [main] DEBUG l.i.uztis.tests.InvitationsPageTest - Entered second evaluation grade: '5'.
2025-05-30 07:43:52 [main] DEBUG l.i.uztis.tests.InvitationsPageTest - Entered third evaluation grade: '6'.
2025-05-30 07:43:52 [main] DEBUG l.i.uztis.tests.InvitationsPageTest - Entered second evaluation grade weight: '0,45'.
2025-05-30 07:43:53 [main] DEBUG l.i.uztis.tests.InvitationsPageTest - Entered third evaluation grade weight: '0,55'.
2025-05-30 07:43:53 [main] DEBUG l.i.uztis.tests.InvitationsPageTest - Entered budget: '2000'.
2025-05-30 07:43:53 [main] DEBUG l.i.uztis.tests.InvitationsPageTest - Entered description text: 'Aprašo tekstas'.
2025-05-30 07:43:53 [main] DEBUG l.i.uztis.tests.InvitationsPageTest - Entered applicants text: 'Pareiškėjų tekstas'.
2025-05-30 07:43:53 [main] DEBUG l.i.uztis.tests.InvitationsPageTest - Entered expenditures text: 'Išlaidų tekstas'.
2025-05-30 07:43:53 [main] DEBUG l.i.uztis.tests.InvitationsPageTest - Entered legislation text: 'Teisės aktų tekstas'.
2025-05-30 07:43:54 [main] DEBUG l.i.uztis.tests.InvitationsPageTest - Entered education text: 'Mokymų tekstas'.
2025-05-30 07:43:54 [main] DEBUG l.i.uztis.tests.InvitationsPageTest - File uploaded.
2025-05-30 07:43:54 [main] DEBUG l.i.uztis.tests.InvitationsPageTest - Clicked 'Publish'.
2025-05-30 07:43:54 [main] DEBUG l.i.uztis.tests.InvitationsPageTest - Publication confirmed.
2025-05-30 07:43:55 [main] DEBUG l.i.uztis.pages.ApplicationFormsPage - Verified success message: 'Funkcija sėkmingai atlikta.'
2025-05-30 07:43:55 [main] INFO  l.i.uztis.tests.InvitationsPageTest - Verified success message
2025-05-30 07:43:55 [main] INFO  l.i.uztis.tests.InvitationsPageTest - Test 'testEditAndPublishVuiInvitationDraft' completed successfully.
2025-05-30 07:44:18 [main] INFO  lt.insoft.uztis.tests.UztisPageTest - Navigated to https://uztisdev.asseco.lt/home
2025-05-30 07:44:18 [main] INFO  l.i.uztis.tests.InvitationsPageTest - Starting test:'testInsertVui_PvkStatisticInformation'
2025-05-30 07:44:18 [main] INFO  l.insoft.uztis.tests.utils.TestUtils - Login attempt with user: evaluation_chief
2025-05-30 07:44:18 [main] DEBUG l.i.uztis.tests.InvitationsPageTest - User logged in with test credentials
2025-05-30 07:44:19 [main] DEBUG l.i.uztis.tests.InvitationsPageTest - Opened 'Application Processing' menu.
2025-05-30 07:44:19 [main] DEBUG l.i.uztis.tests.InvitationsPageTest - Clicked on 'Application Forms' menu.
2025-05-30 07:44:19 [main] DEBUG l.i.uztis.tests.InvitationsPageTest - Navigating to invitation forms menu.
2025-05-30 07:44:19 [main] DEBUG l.i.uztis.tests.InvitationsPageTest - Retrieved last description code text: 'TST-VUI-80'.
2025-05-30 07:44:19 [main] DEBUG l.i.uztis.tests.InvitationsPageTest - Clicked on 'Invitation' menu.
2025-05-30 07:44:21 [main] DEBUG l.i.uztis.tests.InvitationsPageTest - Selected section by code: 'TST-VUI-80'.
2025-05-30 07:44:21 [main] DEBUG l.i.uztis.tests.InvitationsPageTest - Clicked 'Search'.
2025-05-30 07:44:21 [main] DEBUG l.i.uztis.tests.InvitationsPageTest - Getting and inserting application code text.
2025-05-30 07:44:22 [main] DEBUG l.i.uztis.tests.InvitationsPageTest - Clicked 'Publishing'.
2025-05-30 07:44:23 [main] DEBUG l.i.uztis.tests.InvitationsPageTest - Clicked 'Statistic Information' tab.
2025-05-30 07:44:23 [main] DEBUG l.i.uztis.tests.InvitationsPageTest - Clicked 'Edit' button.
2025-05-30 07:44:23 [main] DEBUG l.i.uztis.tests.InvitationsPageTest - Entered current date.
2025-05-30 07:44:23 [main] DEBUG l.i.uztis.tests.InvitationsPageTest - Entered value: 8.7
2025-05-30 07:44:23 [main] DEBUG l.i.uztis.tests.InvitationsPageTest - Entered average salary: 2237.9
2025-05-30 07:44:23 [main] DEBUG l.i.uztis.tests.InvitationsPageTest - File uploaded.
2025-05-30 07:44:23 [main] DEBUG l.i.uztis.tests.InvitationsPageTest - Clicked 'Save' button.
2025-05-30 07:44:25 [main] DEBUG l.i.uztis.pages.ApplicationFormsPage - Verified success message: 'Funkcija sėkmingai atlikta.'
2025-05-30 07:44:25 [main] INFO  l.i.uztis.tests.InvitationsPageTest - Verified success message
2025-05-30 07:44:25 [main] INFO  l.i.uztis.tests.InvitationsPageTest - Test 'testInsertVui_PvkStatisticInformation' completed successfully.
2025-05-30 07:44:57 [main] INFO  lt.insoft.uztis.tests.UztisPageTest - Navigated to https://uztisdev.asseco.lt/home
2025-05-30 07:44:57 [main] INFO  l.i.u.t.SubmittedApplicationsPageTest - Starting test:'testFillNewVUIPApplicationFA'
2025-05-30 07:44:58 [main] INFO  l.insoft.uztis.tests.utils.TestUtils - Login attempt with user: evaluation_chief
2025-05-30 07:44:58 [main] DEBUG l.i.u.t.SubmittedApplicationsPageTest - User logged in with test credentials
2025-05-30 07:44:59 [main] DEBUG l.i.u.t.SubmittedApplicationsPageTest - Opened 'Application Processing' menu.
2025-05-30 07:44:59 [main] DEBUG l.i.u.t.SubmittedApplicationsPageTest - Clicked on 'Application Forms' menu.
2025-05-30 07:44:59 [main] DEBUG l.i.u.t.SubmittedApplicationsPageTest - Retrieved last description code text: 'TST-VUI-80'.
2025-05-30 07:44:59 [main] DEBUG l.i.u.t.SubmittedApplicationsPageTest - Clicked on 'Invitation' menu.
2025-05-30 07:45:01 [main] DEBUG l.i.u.t.SubmittedApplicationsPageTest - Selected application section by code: 'TST-VUI-80'.
2025-05-30 07:45:01 [main] DEBUG l.i.u.t.SubmittedApplicationsPageTest - Clicked 'Search' button.
2025-05-30 07:45:01 [main] DEBUG l.i.u.t.SubmittedApplicationsPageTest - Retrieved invitation code: ''.
2025-05-30 07:45:01 [main] DEBUG l.i.u.t.SubmittedApplicationsPageTest - Clicked on 'Submitted Applications' menu.
2025-05-30 07:45:04 [main] DEBUG l.i.u.t.SubmittedApplicationsPageTest - Selected invitation by code: 'TST-VUI-80'.
2025-05-30 07:45:04 [main] DEBUG l.i.u.t.SubmittedApplicationsPageTest - Invitation code inserted.
2025-05-30 07:45:04 [main] DEBUG l.i.u.t.SubmittedApplicationsPageTest - Clicked on 'Action Application' button.
2025-05-30 07:45:04 [main] DEBUG l.i.u.t.SubmittedApplicationsPageTest - Clicked on 'New Application' button.
2025-05-30 07:45:04 [main] DEBUG l.i.u.t.SubmittedApplicationsPageTest - Selected the 'RadioButtonFA' option.
2025-05-30 07:45:05 [main] DEBUG l.i.u.t.SubmittedApplicationsPageTest - Entered phone number: '61298745'.
2025-05-30 07:45:05 [main] DEBUG l.i.u.t.SubmittedApplicationsPageTest - Entered email: 'test@autotest.com'.
2025-05-30 07:45:05 [main] INFO  l.i.u.p.SubmittedApplicationsPage - Clicking on the dropdown button.
2025-05-30 07:45:23 [main] INFO  l.i.u.p.SubmittedApplicationsPage - Found 1741 options in the dropdown.
2025-05-30 07:45:23 [main] DEBUG l.i.u.p.SubmittedApplicationsPage - Checking option: ''
2025-05-30 07:45:23 [main] DEBUG l.i.u.p.SubmittedApplicationsPage - Checking option: '01.11 - Grūdinių (išskyrus ryžius), ankštinių ir aliejingų sėklų augalų auginimas'
2025-05-30 07:45:23 [main] INFO  l.i.u.p.SubmittedApplicationsPage - Successfully selected the value: '01.11 - Grūdinių (išskyrus ryžius), ankštinių ir aliejingų sėklų augalų auginimas'
2025-05-30 07:45:23 [main] INFO  l.i.u.p.SubmittedApplicationsPage - Attempting to close the dropdown.
2025-05-30 07:45:24 [main] DEBUG l.i.u.t.SubmittedApplicationsPageTest - Selected EVRK value: '01.11 - Grūdinių (išskyrus ryžius), ankštinių ir aliejingų sėklų augalų auginimas'.
2025-05-30 07:45:24 [main] DEBUG l.i.u.t.SubmittedApplicationsPageTest - Clicked on 'Address Component' button.
2025-05-30 07:45:24 [main] INFO  l.i.u.p.SubmittedApplicationsPage - Located the dropdown button.
2025-05-30 07:45:27 [main] INFO  l.i.u.p.SubmittedApplicationsPage - Successfully selected the value: 'Lietuva'
2025-05-30 07:45:27 [main] DEBUG l.i.u.t.SubmittedApplicationsPageTest - Selected country: 'Lietuva'.
2025-05-30 07:45:27 [main] INFO  l.i.u.p.SubmittedApplicationsPage - Located the dropdown search field.
2025-05-30 07:45:27 [main] INFO  l.i.u.p.SubmittedApplicationsPage - Dropdown city is opened.
2025-05-30 07:45:27 [main] INFO  l.i.u.p.SubmittedApplicationsPage - Searched for value: 'Vilnius'
2025-05-30 07:45:28 [main] INFO  l.i.u.p.SubmittedApplicationsPage - Successfully selected: 'Vilnius'
2025-05-30 07:45:28 [main] INFO  l.i.u.p.SubmittedApplicationsPage - Located the dropdown button.
2025-05-30 07:45:29 [main] INFO  l.i.u.p.SubmittedApplicationsPage - Successfully selected the value: 'A. Domaševičiaus g.'
2025-05-30 07:45:29 [main] DEBUG l.i.u.t.SubmittedApplicationsPageTest - Selected street: 'A. Domaševičiaus g.'.
2025-05-30 07:45:29 [main] INFO  l.i.u.p.SubmittedApplicationsPage - Located the dropdown button.
2025-05-30 07:45:29 [main] INFO  l.i.u.p.SubmittedApplicationsPage - Successfully selected the value: '1'
2025-05-30 07:45:29 [main] DEBUG l.i.u.t.SubmittedApplicationsPageTest - Selected house: '1'.
2025-05-30 07:45:29 [main] INFO  l.i.u.p.SubmittedApplicationsPage - Located the dropdown button.
2025-05-30 07:45:29 [main] INFO  l.i.u.p.SubmittedApplicationsPage - Successfully selected the value: '1'
2025-05-30 07:45:29 [main] DEBUG l.i.u.t.SubmittedApplicationsPageTest - Selected apartment: '1'.
2025-05-30 07:45:30 [main] DEBUG l.i.u.t.SubmittedApplicationsPageTest - Clicked 'Confirm' button.
2025-05-30 07:45:30 [main] DEBUG l.i.u.t.SubmittedApplicationsPageTest - Entered project date.
2025-05-30 07:45:30 [main] DEBUG l.i.u.t.SubmittedApplicationsPageTest - Entered job count: '1'.
2025-05-30 07:45:30 [main] DEBUG l.i.u.t.SubmittedApplicationsPageTest - Clicked 'Next' button.
2025-05-30 07:45:30 [main] INFO  l.i.u.p.SubmittedApplicationsPage - Located the dropdown button.
2025-05-30 07:45:31 [main] INFO  l.i.u.p.SubmittedApplicationsPage - Successfully selected the value: 'Administratoriai'
2025-05-30 07:45:31 [main] DEBUG l.i.u.t.SubmittedApplicationsPageTest - Selected job name: 'Administratoriai'.
2025-05-30 07:45:31 [main] DEBUG l.i.u.t.SubmittedApplicationsPageTest - Entered job function: 'Funkcija 1'.
2025-05-30 07:45:31 [main] DEBUG l.i.u.t.SubmittedApplicationsPageTest - Selected 'RadioButtonWithDisabilities' option.
2025-05-30 07:45:31 [main] INFO  l.i.u.p.SubmittedApplicationsPage - Clicking on the dropdown button.
2025-05-30 07:45:32 [main] INFO  l.i.u.p.SubmittedApplicationsPage - Found 34 options in the dropdown.
2025-05-30 07:45:32 [main] DEBUG l.i.u.p.SubmittedApplicationsPage - Checking option: 'Asmenys, kuriems suteiktas pabėgėlio statusas ar perkeliamojo asmens statusas, arba asmenys, kuriems suteikta papildoma ar laikinoji apsauga, ir asmenys, turintys teisę gauti laikinąją apsaugą, iki sprendimo dėl laikinosios apsaugos suteikimo (nesuteikimo) priėmimo, tačiau ne ilgiau kaip laikinosios apsaugos laikotarpiu'
2025-05-30 07:45:32 [main] DEBUG l.i.u.p.SubmittedApplicationsPage - Checking option: 'Asmenys, kuriems suteiktas pabėgėlio statusas ar perkeliamojo asmens statusas, arba asmenys, kuriems suteikta papildoma ar laikinoji apsauga, ir asmenys, turintys teisę gauti laikinąją apsaugą, iki sprendimo dėl laikinosios apsaugos suteikimo (nesuteikimo) priėmimo, tačiau ne ilgiau kaip laikinosios apsaugos laikotarpiu'
2025-05-30 07:45:32 [main] DEBUG l.i.u.p.SubmittedApplicationsPage - Checking option: 'Asmenys, turintys teisę į papildomas užimtumo garantijas pagal Lietuvos Respublikos valstybės įmonės Ignalinos atominės elektrinės darbuotojų papildomų užimtumo ir socialinių garantijų įstatymą'
2025-05-30 07:45:32 [main] DEBUG l.i.u.p.SubmittedApplicationsPage - Checking option: 'Asmenys, turintys teisę į papildomas užimtumo garantijas pagal Lietuvos Respublikos valstybės įmonės Ignalinos atominės elektrinės darbuotojų papildomų užimtumo ir socialinių garantijų įstatymą'
2025-05-30 07:45:32 [main] DEBUG l.i.u.p.SubmittedApplicationsPage - Checking option: 'Bedarbiai iki 29 metų'
2025-05-30 07:45:32 [main] DEBUG l.i.u.p.SubmittedApplicationsPage - Checking option: 'Bedarbiai iki 29 metų'
2025-05-30 07:45:32 [main] DEBUG l.i.u.p.SubmittedApplicationsPage - Checking option: 'Bedarbiai, kurie yra darbingo amžiaus neįgalieji, kuriems nustatytas 30–40 procentų darbingumo lygis arba vidutinis neįgalumo lygis'
2025-05-30 07:45:32 [main] DEBUG l.i.u.p.SubmittedApplicationsPage - Checking option: 'Bedarbiai, kurie yra darbingo amžiaus neįgalieji, kuriems nustatytas 30–40 procentų darbingumo lygis arba vidutinis neįgalumo lygis'
2025-05-30 07:45:32 [main] DEBUG l.i.u.p.SubmittedApplicationsPage - Checking option: 'Bedarbiai, kurie yra darbingo amžiaus neįgalieji, kuriems nustatytas 45–55 procentų darbingumo lygis arba lengvas neįgalumo lygis'
2025-05-30 07:45:32 [main] DEBUG l.i.u.p.SubmittedApplicationsPage - Checking option: 'Bedarbiai, kurie yra darbingo amžiaus neįgalieji, kuriems nustatytas 45–55 procentų darbingumo lygis arba lengvas neįgalumo lygis'
2025-05-30 07:45:32 [main] DEBUG l.i.u.p.SubmittedApplicationsPage - Checking option: 'Bedarbiai, kurie yra darbingo amžiaus neįgalieji, kuriems nustatytas iki 25 procentų darbingumo lygis arba sunkus neįgalumo lygis'
2025-05-30 07:45:33 [main] INFO  l.i.u.p.SubmittedApplicationsPage - Successfully selected the value: 'Bedarbiai, kurie yra darbingo amžiaus neįgalieji, kuriems nustatytas iki 25 procentų darbingumo lygis arba sunkus neįgalumo lygis'
2025-05-30 07:45:33 [main] INFO  l.i.u.p.SubmittedApplicationsPage - Attempting to close the dropdown.
2025-05-30 07:45:33 [main] DEBUG l.i.u.t.SubmittedApplicationsPageTest - Selected disabilities type: 'Bedarbiai, kurie yra darbingo amžiaus neįgalieji, kuriems nustatytas iki 25 procentų darbingumo lygis arba sunkus neįgalumo lygis'.
2025-05-30 07:45:33 [main] DEBUG l.i.u.t.SubmittedApplicationsPageTest - Entered disability information: 'Negalia 1'.
2025-05-30 07:45:33 [main] INFO  l.i.u.p.SubmittedApplicationsPage - Located the dropdown button.
2025-05-30 07:45:34 [main] INFO  l.i.u.p.SubmittedApplicationsPage - Successfully selected the value: 'Kita'
2025-05-30 07:45:34 [main] DEBUG l.i.u.t.SubmittedApplicationsPageTest - Selected time mode: 'Kita'.
2025-05-30 07:45:34 [main] DEBUG l.i.u.t.SubmittedApplicationsPageTest - Selected time mode other: '6 val. per dieną ir 4 d. per savaitę'.
2025-05-30 07:45:34 [main] DEBUG l.i.u.t.SubmittedApplicationsPageTest - Entered qualification: 'Kvalifikacija 1'.
2025-05-30 07:45:35 [main] DEBUG l.i.u.t.SubmittedApplicationsPageTest - Entered job date.
2025-05-30 07:45:35 [main] DEBUG l.i.u.t.SubmittedApplicationsPageTest - Entered salary amount: '1200'.
2025-05-30 07:45:35 [main] DEBUG l.i.u.t.SubmittedApplicationsPageTest - Entered salary description: 'Užmokestis 1'.
2025-05-30 07:45:35 [main] DEBUG l.i.u.t.SubmittedApplicationsPageTest - Selected 'Temporary Job' radio button.
2025-05-30 07:45:35 [main] DEBUG l.i.u.t.SubmittedApplicationsPageTest - Selected 'Season Job' radio button.
2025-05-30 07:45:36 [main] DEBUG l.i.u.t.SubmittedApplicationsPageTest - Selected 'Energy' radio button.
2025-05-30 07:45:36 [main] DEBUG l.i.u.t.SubmittedApplicationsPageTest - Selected 'Repair' radio button.
2025-05-30 07:45:36 [main] DEBUG l.i.u.t.SubmittedApplicationsPageTest - Entered job description: 'Veikla 1'.
2025-05-30 07:45:36 [main] DEBUG l.i.u.t.SubmittedApplicationsPageTest - Entered process description: 'Procesas 1'.
2025-05-30 07:45:37 [main] DEBUG l.i.u.t.SubmittedApplicationsPageTest - Entered energy information: 'Energija 1'.
2025-05-30 07:45:37 [main] DEBUG l.i.u.t.SubmittedApplicationsPageTest - Entered repair information: 'Remontas 1'.
2025-05-30 07:45:37 [main] DEBUG l.i.u.t.SubmittedApplicationsPageTest - Selected 'PVM' radio button.
2025-05-30 07:45:37 [main] INFO  l.i.u.p.SubmittedApplicationsPage - Located the dropdown button.
2025-05-30 07:45:38 [main] INFO  l.i.u.p.SubmittedApplicationsPage - Successfully selected the value: 'Įsigyti'
2025-05-30 07:45:38 [main] DEBUG l.i.u.t.SubmittedApplicationsPageTest - Selected necessary for job: 'Įsigyti'.
2025-05-30 07:45:38 [main] DEBUG l.i.u.t.SubmittedApplicationsPageTest - Selected tool: 'Darbo priemonė 1'.
2025-05-30 07:45:39 [main] DEBUG l.i.u.t.SubmittedApplicationsPageTest - Selected tool parameter one: 'Darbo priemonės 1 parametras 1'.
2025-05-30 07:45:39 [main] DEBUG l.i.u.t.SubmittedApplicationsPageTest - Selected tool parameter two: 'Darbo priemonės 1 parametras 2'.
2025-05-30 07:45:39 [main] DEBUG l.i.u.t.SubmittedApplicationsPageTest - Selected tool parameter three: 'Darbo priemonės 1 parametras 3'.
2025-05-30 07:45:39 [main] DEBUG l.i.u.t.SubmittedApplicationsPageTest - Entered tool count: '1'.
2025-05-30 07:45:40 [main] DEBUG l.i.u.t.SubmittedApplicationsPageTest - Entered price amount 1: '1000'.
2025-05-30 07:45:42 [main] DEBUG l.i.u.t.SubmittedApplicationsPageTest - Entered own funds amount 1: '800'.
2025-05-30 07:45:44 [main] DEBUG l.i.u.t.SubmittedApplicationsPageTest - Clicked 'Add' button.
2025-05-30 07:45:44 [main] INFO  l.i.u.p.SubmittedApplicationsPage - Located the dropdown button.
2025-05-30 07:45:45 [main] INFO  l.i.u.p.SubmittedApplicationsPage - Successfully selected the value: 'Remontuoti'
2025-05-30 07:45:45 [main] DEBUG l.i.u.t.SubmittedApplicationsPageTest - Selected necessary for job 'to repair': 'Remontuoti'.
2025-05-30 07:45:45 [main] DEBUG l.i.u.t.SubmittedApplicationsPageTest - Selected repair name: 'Remonto pavadinimas 1'.
2025-05-30 07:45:45 [main] DEBUG l.i.u.t.SubmittedApplicationsPageTest - Entered repair information: 'Remonto aprašymas 1'.
2025-05-30 07:45:45 [main] DEBUG l.i.u.t.SubmittedApplicationsPageTest - Entered price amount 2: '1000'.
2025-05-30 07:45:48 [main] DEBUG l.i.u.t.SubmittedApplicationsPageTest - Entered own funds amount 2: '900'.
2025-05-30 07:45:50 [main] DEBUG l.i.u.t.SubmittedApplicationsPageTest - Clicked 'AddRemoved' button.
2025-05-30 07:45:52 [main] DEBUG l.i.u.t.SubmittedApplicationsPageTest - Clicked 'Remove' button.
2025-05-30 07:45:54 [main] DEBUG l.i.u.t.SubmittedApplicationsPageTest - Clicked 'Remove Confirmation' button.
2025-05-30 07:45:56 [main] DEBUG l.i.u.t.SubmittedApplicationsPageTest - Entered country percentage: '50'.
2025-05-30 07:45:56 [main] DEBUG l.i.u.t.SubmittedApplicationsPageTest - Entered institution percentage: '50'.
2025-05-30 07:45:56 [main] DEBUG l.i.u.t.SubmittedApplicationsPageTest - Entered municipality percentage: '50'.
2025-05-30 07:45:57 [main] DEBUG l.i.u.t.SubmittedApplicationsPageTest - Selected 'De Minimis' radio button.
2025-05-30 07:45:57 [main] DEBUG l.i.u.t.SubmittedApplicationsPageTest - Entered program name: 'Programa 1'.
2025-05-30 07:45:57 [main] DEBUG l.i.u.t.SubmittedApplicationsPageTest - Entered project date from.
2025-05-30 07:45:57 [main] DEBUG l.i.u.t.SubmittedApplicationsPageTest - Entered project date until.
2025-05-30 07:45:57 [main] DEBUG l.i.u.t.SubmittedApplicationsPageTest - Entered support amount: '2000'.
2025-05-30 07:45:57 [main] DEBUG l.i.u.t.SubmittedApplicationsPageTest - Clicked 'Next' button.
2025-05-30 07:46:08 [main] DEBUG l.i.u.t.SubmittedApplicationsPageTest - Checked 'Legal Entities' checkbox 1.
2025-05-30 07:46:18 [main] DEBUG l.i.u.t.SubmittedApplicationsPageTest - Checked 'Legal Entities' checkbox 2.
2025-05-30 07:46:28 [main] DEBUG l.i.u.t.SubmittedApplicationsPageTest - Checked 'Legal Entities' checkbox 3.
2025-05-30 07:46:28 [main] DEBUG l.i.u.t.SubmittedApplicationsPageTest - Test finished: All 'Legal Entities' checkboxes checked successfully.
2025-05-30 07:46:28 [main] DEBUG l.i.u.t.SubmittedApplicationsPageTest - Clicked 'Next' button after checkboxes.
2025-05-30 07:46:38 [main] ERROR l.i.u.p.SubmittedApplicationsPage - Error selecting radio button: Expected condition failed: waiting for element to be clickable: By.xpath: (//input[@type='radio' and @value='false'])[8] (tried for 10 second(s) with 500 milliseconds interval)
Build info: version: '4.27.0', revision: 'd6e718d134'
System info: os.name: 'Windows 11', os.arch: 'amd64', os.version: '10.0', java.version: '21.0.3'
Driver info: org.openqa.selenium.chrome.ChromeDriver
Capabilities {acceptInsecureCerts: false, browserName: chrome, browserVersion: 136.0.7103.114, chrome: {chromedriverVersion: 136.0.7103.113 (76fa3c17824..., userDataDir: C:\Users\INGRID~1.ZAD\AppDa...}, fedcm:accounts: true, goog:chromeOptions: {debuggerAddress: localhost:65416}, networkConnectionEnabled: false, pageLoadStrategy: normal, platformName: windows, proxy: Proxy(), se:cdp: ws://localhost:65416/devtoo..., se:cdpVersion: 136.0.7103.114, setWindowRect: true, strictFileInteractability: false, timeouts: {implicit: 0, pageLoad: 300000, script: 30000}, unhandledPromptBehavior: dismiss and notify, webauthn:extension:credBlob: true, webauthn:extension:largeBlob: true, webauthn:extension:minPinLength: true, webauthn:extension:prf: true, webauthn:virtualAuthenticators: true}
Session ID: ba79dd9f49299cea417af97e133455b1
2025-05-30 07:46:38 [main] INFO  l.i.u.t.SubmittedApplicationsPageTest - Marking 'Ne' radio button 1
2025-05-30 07:46:48 [main] ERROR l.i.u.p.SubmittedApplicationsPage - Error selecting radio button: Expected condition failed: waiting for element to be clickable: By.xpath: (//input[@type='radio' and @value='false'])[9] (tried for 10 second(s) with 500 milliseconds interval)
Build info: version: '4.27.0', revision: 'd6e718d134'
System info: os.name: 'Windows 11', os.arch: 'amd64', os.version: '10.0', java.version: '21.0.3'
Driver info: org.openqa.selenium.chrome.ChromeDriver
Capabilities {acceptInsecureCerts: false, browserName: chrome, browserVersion: 136.0.7103.114, chrome: {chromedriverVersion: 136.0.7103.113 (76fa3c17824..., userDataDir: C:\Users\INGRID~1.ZAD\AppDa...}, fedcm:accounts: true, goog:chromeOptions: {debuggerAddress: localhost:65416}, networkConnectionEnabled: false, pageLoadStrategy: normal, platformName: windows, proxy: Proxy(), se:cdp: ws://localhost:65416/devtoo..., se:cdpVersion: 136.0.7103.114, setWindowRect: true, strictFileInteractability: false, timeouts: {implicit: 0, pageLoad: 300000, script: 30000}, unhandledPromptBehavior: dismiss and notify, webauthn:extension:credBlob: true, webauthn:extension:largeBlob: true, webauthn:extension:minPinLength: true, webauthn:extension:prf: true, webauthn:virtualAuthenticators: true}
Session ID: ba79dd9f49299cea417af97e133455b1
2025-05-30 07:46:48 [main] INFO  l.i.u.t.SubmittedApplicationsPageTest - Marking 'Ne' radio button 2
2025-05-30 07:46:58 [main] ERROR l.i.u.p.SubmittedApplicationsPage - Error selecting radio button: Expected condition failed: waiting for element to be clickable: By.xpath: (//input[@type='radio' and @value='false'])[10] (tried for 10 second(s) with 500 milliseconds interval)
Build info: version: '4.27.0', revision: 'd6e718d134'
System info: os.name: 'Windows 11', os.arch: 'amd64', os.version: '10.0', java.version: '21.0.3'
Driver info: org.openqa.selenium.chrome.ChromeDriver
Capabilities {acceptInsecureCerts: false, browserName: chrome, browserVersion: 136.0.7103.114, chrome: {chromedriverVersion: 136.0.7103.113 (76fa3c17824..., userDataDir: C:\Users\INGRID~1.ZAD\AppDa...}, fedcm:accounts: true, goog:chromeOptions: {debuggerAddress: localhost:65416}, networkConnectionEnabled: false, pageLoadStrategy: normal, platformName: windows, proxy: Proxy(), se:cdp: ws://localhost:65416/devtoo..., se:cdpVersion: 136.0.7103.114, setWindowRect: true, strictFileInteractability: false, timeouts: {implicit: 0, pageLoad: 300000, script: 30000}, unhandledPromptBehavior: dismiss and notify, webauthn:extension:credBlob: true, webauthn:extension:largeBlob: true, webauthn:extension:minPinLength: true, webauthn:extension:prf: true, webauthn:virtualAuthenticators: true}
Session ID: ba79dd9f49299cea417af97e133455b1
2025-05-30 07:46:58 [main] INFO  l.i.u.t.SubmittedApplicationsPageTest - Marking 'Ne' radio button 3
2025-05-30 07:47:08 [main] ERROR l.i.u.p.SubmittedApplicationsPage - Error selecting radio button: Expected condition failed: waiting for element to be clickable: By.xpath: (//input[@type='radio' and @value='false'])[11] (tried for 10 second(s) with 500 milliseconds interval)
Build info: version: '4.27.0', revision: 'd6e718d134'
System info: os.name: 'Windows 11', os.arch: 'amd64', os.version: '10.0', java.version: '21.0.3'
Driver info: org.openqa.selenium.chrome.ChromeDriver
Capabilities {acceptInsecureCerts: false, browserName: chrome, browserVersion: 136.0.7103.114, chrome: {chromedriverVersion: 136.0.7103.113 (76fa3c17824..., userDataDir: C:\Users\INGRID~1.ZAD\AppDa...}, fedcm:accounts: true, goog:chromeOptions: {debuggerAddress: localhost:65416}, networkConnectionEnabled: false, pageLoadStrategy: normal, platformName: windows, proxy: Proxy(), se:cdp: ws://localhost:65416/devtoo..., se:cdpVersion: 136.0.7103.114, setWindowRect: true, strictFileInteractability: false, timeouts: {implicit: 0, pageLoad: 300000, script: 30000}, unhandledPromptBehavior: dismiss and notify, webauthn:extension:credBlob: true, webauthn:extension:largeBlob: true, webauthn:extension:minPinLength: true, webauthn:extension:prf: true, webauthn:virtualAuthenticators: true}
Session ID: ba79dd9f49299cea417af97e133455b1
2025-05-30 07:47:08 [main] INFO  l.i.u.t.SubmittedApplicationsPageTest - Marking 'Ne' radio button 4
2025-05-30 07:47:18 [main] ERROR l.i.u.p.SubmittedApplicationsPage - Error selecting radio button: Expected condition failed: waiting for element to be clickable: By.xpath: (//input[@type='radio' and @value='false'])[12] (tried for 10 second(s) with 500 milliseconds interval)
Build info: version: '4.27.0', revision: 'd6e718d134'
System info: os.name: 'Windows 11', os.arch: 'amd64', os.version: '10.0', java.version: '21.0.3'
Driver info: org.openqa.selenium.chrome.ChromeDriver
Capabilities {acceptInsecureCerts: false, browserName: chrome, browserVersion: 136.0.7103.114, chrome: {chromedriverVersion: 136.0.7103.113 (76fa3c17824..., userDataDir: C:\Users\INGRID~1.ZAD\AppDa...}, fedcm:accounts: true, goog:chromeOptions: {debuggerAddress: localhost:65416}, networkConnectionEnabled: false, pageLoadStrategy: normal, platformName: windows, proxy: Proxy(), se:cdp: ws://localhost:65416/devtoo..., se:cdpVersion: 136.0.7103.114, setWindowRect: true, strictFileInteractability: false, timeouts: {implicit: 0, pageLoad: 300000, script: 30000}, unhandledPromptBehavior: dismiss and notify, webauthn:extension:credBlob: true, webauthn:extension:largeBlob: true, webauthn:extension:minPinLength: true, webauthn:extension:prf: true, webauthn:virtualAuthenticators: true}
Session ID: ba79dd9f49299cea417af97e133455b1
2025-05-30 07:47:19 [main] INFO  l.i.u.t.SubmittedApplicationsPageTest - Marking 'Ne' radio button 5
2025-05-30 07:47:29 [main] ERROR l.i.u.p.SubmittedApplicationsPage - Error selecting radio button: Expected condition failed: waiting for element to be clickable: By.xpath: (//input[@type='radio' and @value='false'])[13] (tried for 10 second(s) with 500 milliseconds interval)
Build info: version: '4.27.0', revision: 'd6e718d134'
System info: os.name: 'Windows 11', os.arch: 'amd64', os.version: '10.0', java.version: '21.0.3'
Driver info: org.openqa.selenium.chrome.ChromeDriver
Capabilities {acceptInsecureCerts: false, browserName: chrome, browserVersion: 136.0.7103.114, chrome: {chromedriverVersion: 136.0.7103.113 (76fa3c17824..., userDataDir: C:\Users\INGRID~1.ZAD\AppDa...}, fedcm:accounts: true, goog:chromeOptions: {debuggerAddress: localhost:65416}, networkConnectionEnabled: false, pageLoadStrategy: normal, platformName: windows, proxy: Proxy(), se:cdp: ws://localhost:65416/devtoo..., se:cdpVersion: 136.0.7103.114, setWindowRect: true, strictFileInteractability: false, timeouts: {implicit: 0, pageLoad: 300000, script: 30000}, unhandledPromptBehavior: dismiss and notify, webauthn:extension:credBlob: true, webauthn:extension:largeBlob: true, webauthn:extension:minPinLength: true, webauthn:extension:prf: true, webauthn:virtualAuthenticators: true}
Session ID: ba79dd9f49299cea417af97e133455b1
2025-05-30 07:47:29 [main] INFO  l.i.u.t.SubmittedApplicationsPageTest - Marking 'Ne' radio button 6
2025-05-30 07:47:39 [main] ERROR l.i.u.p.SubmittedApplicationsPage - Error selecting radio button: Expected condition failed: waiting for element to be clickable: By.xpath: (//input[@type='radio' and @value='true'])[14] (tried for 10 second(s) with 500 milliseconds interval)
Build info: version: '4.27.0', revision: 'd6e718d134'
System info: os.name: 'Windows 11', os.arch: 'amd64', os.version: '10.0', java.version: '21.0.3'
Driver info: org.openqa.selenium.chrome.ChromeDriver
Capabilities {acceptInsecureCerts: false, browserName: chrome, browserVersion: 136.0.7103.114, chrome: {chromedriverVersion: 136.0.7103.113 (76fa3c17824..., userDataDir: C:\Users\INGRID~1.ZAD\AppDa...}, fedcm:accounts: true, goog:chromeOptions: {debuggerAddress: localhost:65416}, networkConnectionEnabled: false, pageLoadStrategy: normal, platformName: windows, proxy: Proxy(), se:cdp: ws://localhost:65416/devtoo..., se:cdpVersion: 136.0.7103.114, setWindowRect: true, strictFileInteractability: false, timeouts: {implicit: 0, pageLoad: 300000, script: 30000}, unhandledPromptBehavior: dismiss and notify, webauthn:extension:credBlob: true, webauthn:extension:largeBlob: true, webauthn:extension:minPinLength: true, webauthn:extension:prf: true, webauthn:virtualAuthenticators: true}
Session ID: ba79dd9f49299cea417af97e133455b1
2025-05-30 07:47:39 [main] INFO  l.i.u.t.SubmittedApplicationsPageTest - Marking 'Taip' radio button 7
2025-05-30 07:47:49 [main] ERROR l.i.u.p.SubmittedApplicationsPage - Error selecting radio button: Expected condition failed: waiting for element to be clickable: By.xpath: (//input[@type='radio' and @value='true'])[15] (tried for 10 second(s) with 500 milliseconds interval)
Build info: version: '4.27.0', revision: 'd6e718d134'
System info: os.name: 'Windows 11', os.arch: 'amd64', os.version: '10.0', java.version: '21.0.3'
Driver info: org.openqa.selenium.chrome.ChromeDriver
Capabilities {acceptInsecureCerts: false, browserName: chrome, browserVersion: 136.0.7103.114, chrome: {chromedriverVersion: 136.0.7103.113 (76fa3c17824..., userDataDir: C:\Users\INGRID~1.ZAD\AppDa...}, fedcm:accounts: true, goog:chromeOptions: {debuggerAddress: localhost:65416}, networkConnectionEnabled: false, pageLoadStrategy: normal, platformName: windows, proxy: Proxy(), se:cdp: ws://localhost:65416/devtoo..., se:cdpVersion: 136.0.7103.114, setWindowRect: true, strictFileInteractability: false, timeouts: {implicit: 0, pageLoad: 300000, script: 30000}, unhandledPromptBehavior: dismiss and notify, webauthn:extension:credBlob: true, webauthn:extension:largeBlob: true, webauthn:extension:minPinLength: true, webauthn:extension:prf: true, webauthn:virtualAuthenticators: true}
Session ID: ba79dd9f49299cea417af97e133455b1
2025-05-30 07:47:49 [main] INFO  l.i.u.t.SubmittedApplicationsPageTest - Marking 'Taip' radio button 8
2025-05-30 07:47:59 [main] ERROR l.i.u.p.SubmittedApplicationsPage - Error selecting radio button: Expected condition failed: waiting for element to be clickable: By.xpath: (//input[@type='radio' and @value='true'])[16] (tried for 10 second(s) with 500 milliseconds interval)
Build info: version: '4.27.0', revision: 'd6e718d134'
System info: os.name: 'Windows 11', os.arch: 'amd64', os.version: '10.0', java.version: '21.0.3'
Driver info: org.openqa.selenium.chrome.ChromeDriver
Capabilities {acceptInsecureCerts: false, browserName: chrome, browserVersion: 136.0.7103.114, chrome: {chromedriverVersion: 136.0.7103.113 (76fa3c17824..., userDataDir: C:\Users\INGRID~1.ZAD\AppDa...}, fedcm:accounts: true, goog:chromeOptions: {debuggerAddress: localhost:65416}, networkConnectionEnabled: false, pageLoadStrategy: normal, platformName: windows, proxy: Proxy(), se:cdp: ws://localhost:65416/devtoo..., se:cdpVersion: 136.0.7103.114, setWindowRect: true, strictFileInteractability: false, timeouts: {implicit: 0, pageLoad: 300000, script: 30000}, unhandledPromptBehavior: dismiss and notify, webauthn:extension:credBlob: true, webauthn:extension:largeBlob: true, webauthn:extension:minPinLength: true, webauthn:extension:prf: true, webauthn:virtualAuthenticators: true}
Session ID: ba79dd9f49299cea417af97e133455b1
2025-05-30 07:47:59 [main] INFO  l.i.u.t.SubmittedApplicationsPageTest - Marking 'Taip' radio button 9
2025-05-30 07:48:09 [main] ERROR l.i.u.p.SubmittedApplicationsPage - Error selecting radio button: Expected condition failed: waiting for element to be clickable: By.xpath: (//input[@type='radio' and @value='true'])[17] (tried for 10 second(s) with 500 milliseconds interval)
Build info: version: '4.27.0', revision: 'd6e718d134'
System info: os.name: 'Windows 11', os.arch: 'amd64', os.version: '10.0', java.version: '21.0.3'
Driver info: org.openqa.selenium.chrome.ChromeDriver
Capabilities {acceptInsecureCerts: false, browserName: chrome, browserVersion: 136.0.7103.114, chrome: {chromedriverVersion: 136.0.7103.113 (76fa3c17824..., userDataDir: C:\Users\INGRID~1.ZAD\AppDa...}, fedcm:accounts: true, goog:chromeOptions: {debuggerAddress: localhost:65416}, networkConnectionEnabled: false, pageLoadStrategy: normal, platformName: windows, proxy: Proxy(), se:cdp: ws://localhost:65416/devtoo..., se:cdpVersion: 136.0.7103.114, setWindowRect: true, strictFileInteractability: false, timeouts: {implicit: 0, pageLoad: 300000, script: 30000}, unhandledPromptBehavior: dismiss and notify, webauthn:extension:credBlob: true, webauthn:extension:largeBlob: true, webauthn:extension:minPinLength: true, webauthn:extension:prf: true, webauthn:virtualAuthenticators: true}
Session ID: ba79dd9f49299cea417af97e133455b1
2025-05-30 07:48:09 [main] INFO  l.i.u.t.SubmittedApplicationsPageTest - Marking 'Taip' radio button 10
2025-05-30 07:48:19 [main] ERROR l.i.u.p.SubmittedApplicationsPage - Error selecting radio button: Expected condition failed: waiting for element to be clickable: By.xpath: (//input[@type='radio' and @value='true'])[18] (tried for 10 second(s) with 500 milliseconds interval)
Build info: version: '4.27.0', revision: 'd6e718d134'
System info: os.name: 'Windows 11', os.arch: 'amd64', os.version: '10.0', java.version: '21.0.3'
Driver info: org.openqa.selenium.chrome.ChromeDriver
Capabilities {acceptInsecureCerts: false, browserName: chrome, browserVersion: 136.0.7103.114, chrome: {chromedriverVersion: 136.0.7103.113 (76fa3c17824..., userDataDir: C:\Users\INGRID~1.ZAD\AppDa...}, fedcm:accounts: true, goog:chromeOptions: {debuggerAddress: localhost:65416}, networkConnectionEnabled: false, pageLoadStrategy: normal, platformName: windows, proxy: Proxy(), se:cdp: ws://localhost:65416/devtoo..., se:cdpVersion: 136.0.7103.114, setWindowRect: true, strictFileInteractability: false, timeouts: {implicit: 0, pageLoad: 300000, script: 30000}, unhandledPromptBehavior: dismiss and notify, webauthn:extension:credBlob: true, webauthn:extension:largeBlob: true, webauthn:extension:minPinLength: true, webauthn:extension:prf: true, webauthn:virtualAuthenticators: true}
Session ID: ba79dd9f49299cea417af97e133455b1
2025-05-30 07:48:19 [main] INFO  l.i.u.t.SubmittedApplicationsPageTest - Marking 'Taip' radio button 11
2025-05-30 07:48:30 [main] ERROR l.i.u.p.SubmittedApplicationsPage - Error selecting radio button: Expected condition failed: waiting for element to be clickable: By.xpath: (//input[@type='radio' and @value='true'])[19] (tried for 10 second(s) with 500 milliseconds interval)
Build info: version: '4.27.0', revision: 'd6e718d134'
System info: os.name: 'Windows 11', os.arch: 'amd64', os.version: '10.0', java.version: '21.0.3'
Driver info: org.openqa.selenium.chrome.ChromeDriver
Capabilities {acceptInsecureCerts: false, browserName: chrome, browserVersion: 136.0.7103.114, chrome: {chromedriverVersion: 136.0.7103.113 (76fa3c17824..., userDataDir: C:\Users\INGRID~1.ZAD\AppDa...}, fedcm:accounts: true, goog:chromeOptions: {debuggerAddress: localhost:65416}, networkConnectionEnabled: false, pageLoadStrategy: normal, platformName: windows, proxy: Proxy(), se:cdp: ws://localhost:65416/devtoo..., se:cdpVersion: 136.0.7103.114, setWindowRect: true, strictFileInteractability: false, timeouts: {implicit: 0, pageLoad: 300000, script: 30000}, unhandledPromptBehavior: dismiss and notify, webauthn:extension:credBlob: true, webauthn:extension:largeBlob: true, webauthn:extension:minPinLength: true, webauthn:extension:prf: true, webauthn:virtualAuthenticators: true}
Session ID: ba79dd9f49299cea417af97e133455b1
2025-05-30 07:48:30 [main] INFO  l.i.u.t.SubmittedApplicationsPageTest - Marking 'Taip' radio button 12
2025-05-30 07:48:40 [main] DEBUG l.i.u.t.SubmittedApplicationsPageTest - Checked 'ConfirmationStepFour'
2025-05-30 07:48:40 [main] DEBUG l.i.u.t.SubmittedApplicationsPageTest - Clicked 'Next' button after checkboxes.
2025-05-30 07:48:40 [main] INFO  l.i.u.p.SubmittedApplicationsPage - File uploaded successfully to an input element.
2025-05-30 07:48:40 [main] INFO  l.i.u.p.SubmittedApplicationsPage - File uploaded successfully to an input element.
2025-05-30 07:48:40 [main] INFO  l.i.u.p.SubmittedApplicationsPage - File uploaded successfully to an input element.
2025-05-30 07:48:40 [main] INFO  l.i.u.p.SubmittedApplicationsPage - File uploaded successfully to an input element.
2025-05-30 07:48:41 [main] INFO  l.i.u.p.SubmittedApplicationsPage - File uploaded successfully to an input element.
2025-05-30 07:48:41 [main] INFO  l.i.u.p.SubmittedApplicationsPage - File uploaded successfully to an input element.
2025-05-30 07:48:41 [main] INFO  l.i.u.p.SubmittedApplicationsPage - File uploaded successfully to an input element.
2025-05-30 07:48:41 [main] INFO  l.i.u.p.SubmittedApplicationsPage - File uploaded successfully to an input element.
2025-05-30 07:48:41 [main] INFO  l.i.u.p.SubmittedApplicationsPage - File uploaded successfully to an input element.
2025-05-30 07:48:41 [main] INFO  l.i.u.p.SubmittedApplicationsPage - File uploaded successfully to an input element.
2025-05-30 07:48:41 [main] DEBUG l.i.u.t.SubmittedApplicationsPageTest - Entered program name: 'Dokumentas 1'.
2025-05-30 07:48:41 [main] DEBUG l.i.u.t.SubmittedApplicationsPageTest - Entered program name: 'Dokumentas 2'.
2025-05-30 07:48:41 [main] DEBUG l.i.u.t.SubmittedApplicationsPageTest - Entered program name: 'Dokumentas 3'.
2025-05-30 07:48:41 [main] DEBUG l.i.u.t.SubmittedApplicationsPageTest - Entered program name: 'Dokumentas 4'.
2025-05-30 07:48:42 [main] DEBUG l.i.u.t.SubmittedApplicationsPageTest - Entered program name: 'Dokumentas 5'.
2025-05-30 07:48:42 [main] DEBUG l.i.u.t.SubmittedApplicationsPageTest - Entered program name: 'Dokumentas 6'.
2025-05-30 07:48:42 [main] DEBUG l.i.u.t.SubmittedApplicationsPageTest - Entered program name: 'Dokumentas 4'.
2025-05-30 07:48:42 [main] DEBUG l.i.u.t.SubmittedApplicationsPageTest - Entered program name: 'Dokumentas 8'.
2025-05-30 07:48:42 [main] DEBUG l.i.u.t.SubmittedApplicationsPageTest - Entered program name: 'Dokumentas 9'.
2025-05-30 07:48:42 [main] DEBUG l.i.u.t.SubmittedApplicationsPageTest - Entered program name: 'Dokumentas 10'.
2025-05-30 07:48:52 [main] DEBUG l.i.u.t.SubmittedApplicationsPageTest - Checked 'ConfirmationDocument'
2025-05-30 07:49:02 [main] DEBUG l.i.u.t.SubmittedApplicationsPageTest - Checked 'ConfirmationApplication'
2025-05-30 07:49:03 [main] DEBUG l.i.u.t.SubmittedApplicationsPageTest - Clicked 'SaveDraft' button after checkboxes.
2025-05-30 07:49:03 [main] DEBUG l.i.uztis.pages.ApplicationFormsPage - Verified success message: 'Ruošinys sėkmingai išsaugotas.'
2025-05-30 07:49:03 [main] INFO  l.i.u.t.SubmittedApplicationsPageTest - Verified success message
2025-05-30 07:49:03 [main] DEBUG l.i.u.t.SubmittedApplicationsPageTest - Clicked 'Review' button after checkboxes.
2025-05-30 07:49:05 [main] DEBUG l.i.u.t.SubmittedApplicationsPageTest - Clicked 'Submit' button after checkboxes.
2025-05-30 07:49:05 [main] DEBUG l.i.u.t.SubmittedApplicationsPageTest - Clicked 'SubmitConfirmation' button after checkboxes.
2025-05-30 07:49:05 [main] ERROR l.i.uztis.pages.ApplicationFormsPage - Failed to verify the success message: 'Paraiška sėkmingai pateikta ir užregistruota.'. Available messages: [Ruošinys sėkmingai išsaugotas.]
2025-05-30 07:49:05 [main] INFO  l.i.u.t.SubmittedApplicationsPageTest - Test 'testFillNewVUIApplicationFA' completed successfully.
2025-05-30 07:49:31 [main] INFO  lt.insoft.uztis.tests.UztisPageTest - Navigated to https://uztisdev.asseco.lt/home
2025-05-30 07:49:31 [main] INFO  l.i.u.t.SubmittedApplicationsPageTest - Starting test:'testAddEvaluators'
2025-05-30 07:49:31 [main] INFO  l.insoft.uztis.tests.utils.TestUtils - Login attempt with user: evaluation_chief
2025-05-30 07:49:31 [main] DEBUG l.i.u.t.SubmittedApplicationsPageTest - User logged in with test credentials
2025-05-30 07:49:32 [main] DEBUG l.i.u.t.SubmittedApplicationsPageTest - Opened 'Application Processing' menu.
2025-05-30 07:49:32 [main] DEBUG l.i.u.t.SubmittedApplicationsPageTest - Clicked on 'Application Forms' menu.
2025-05-30 07:49:32 [main] DEBUG l.i.u.t.SubmittedApplicationsPageTest - Retrieved last description code text: 'TST-VUI-80'.
2025-05-30 07:49:32 [main] DEBUG l.i.u.t.SubmittedApplicationsPageTest - Clicked on 'Invitation' menu.
2025-05-30 07:49:34 [main] DEBUG l.i.u.t.SubmittedApplicationsPageTest - Selected application section by code: 'TST-VUI-80'.
2025-05-30 07:49:34 [main] DEBUG l.i.u.t.SubmittedApplicationsPageTest - Clicked 'Search' button.
2025-05-30 07:49:35 [main] DEBUG l.i.u.t.SubmittedApplicationsPageTest - Retrieved invitation code: ''.
2025-05-30 07:49:35 [main] DEBUG l.i.u.t.SubmittedApplicationsPageTest - Clicked on 'Submitted Applications' menu.
2025-05-30 07:49:37 [main] DEBUG l.i.u.t.SubmittedApplicationsPageTest - Selected invitation by code: 'TST-VUI-80'.
2025-05-30 07:49:37 [main] DEBUG l.i.u.t.SubmittedApplicationsPageTest - Invitation code inserted.
2025-05-30 07:49:37 [main] DEBUG l.i.u.t.SubmittedApplicationsPageTest - Clicked on 'Action Application' button.
2025-05-30 07:49:37 [main] DEBUG l.i.u.t.SubmittedApplicationsPageTest - Clicked on 'Add Evaluators' button.
2025-05-30 07:49:37 [main] DEBUG l.i.u.t.SubmittedApplicationsPageTest - Entered first evaluation date.
2025-05-30 07:49:37 [main] DEBUG l.i.u.t.SubmittedApplicationsPageTest - Entered second evaluation date.
2025-05-30 07:49:38 [main] DEBUG l.i.u.t.SubmittedApplicationsPageTest - Entered third evaluation date.
2025-05-30 07:49:38 [main] DEBUG l.i.u.t.SubmittedApplicationsPageTest - Clicked on 'Add Evaluators' confirmation button.
2025-05-30 07:49:38 [main] DEBUG l.i.uztis.pages.ApplicationFormsPage - Verified success message: 'Paraiškų vertinimai sėkmingai priskirti vertintojams.'
2025-05-30 07:49:38 [main] INFO  l.i.u.t.SubmittedApplicationsPageTest - Verified success message
2025-05-30 07:49:38 [main] INFO  l.i.u.t.SubmittedApplicationsPageTest - Test 'testAddEvaluators' completed successfully.
2025-05-30 07:49:59 [main] INFO  lt.insoft.uztis.tests.UztisPageTest - Navigated to https://uztisdev.asseco.lt/home
2025-05-30 07:49:59 [main] INFO  l.i.uztis.tests.EvaluationsPageTest - Starting test:'testFillSaveDraftEvaluationOne'
2025-05-30 07:49:59 [main] INFO  l.i.uztis.tests.EvaluationsPageTest - Starting test:'testNavigateToEvaluationsPage'
2025-05-30 07:50:00 [main] INFO  l.insoft.uztis.tests.utils.TestUtils - Login attempt with user: evaluation_chief
2025-05-30 07:50:00 [main] DEBUG l.i.uztis.tests.EvaluationsPageTest - User logged in with test credentials
2025-05-30 07:50:00 [main] DEBUG l.i.uztis.tests.EvaluationsPageTest - Opened 'Application Processing' menu.
2025-05-30 07:50:00 [main] DEBUG l.i.uztis.tests.EvaluationsPageTest - Clicked on 'Evaluations' menu.
2025-05-30 07:50:00 [main] DEBUG l.i.uztis.tests.EvaluationsPageTest - Navigating to evaluations menu.
2025-05-30 07:50:00 [main] INFO  l.i.uztis.tests.EvaluationsPageTest - Test 'testNavigateToEvaluationsPage' completed successfully.
2025-05-30 07:50:01 [main] DEBUG l.i.uztis.tests.EvaluationsPageTest - Clicked on last evaluation.
2025-05-30 07:50:02 [main] DEBUG l.i.uztis.tests.EvaluationsPageTest - Clicked 'Edit'.
2025-05-30 07:50:05 [main] DEBUG l.i.uztis.tests.EvaluationsPageTest - Selected '1.1' radio button.
2025-05-30 07:50:08 [main] DEBUG l.i.uztis.tests.EvaluationsPageTest - Selected '1.2' radio button.
2025-05-30 07:50:10 [main] DEBUG l.i.uztis.tests.EvaluationsPageTest - Selected '1.3' radio button.
2025-05-30 07:50:12 [main] DEBUG l.i.uztis.tests.EvaluationsPageTest - Selected '1.4' radio button.
2025-05-30 07:50:14 [main] DEBUG l.i.uztis.tests.EvaluationsPageTest - Selected '1.5' radio button.
2025-05-30 07:50:16 [main] DEBUG l.i.uztis.tests.EvaluationsPageTest - Selected '2.1' radio button.
2025-05-30 07:50:17 [main] DEBUG l.i.uztis.tests.EvaluationsPageTest - Selected '3.1' radio button.
2025-05-30 07:50:19 [main] DEBUG l.i.uztis.tests.EvaluationsPageTest - Selected '4.2' radio button.
2025-05-30 07:50:19 [main] DEBUG l.i.uztis.tests.EvaluationsPageTest - Selected '5.1' radio button.
2025-05-30 07:50:19 [main] DEBUG l.i.uztis.tests.EvaluationsPageTest - Selected '5.2' radio button.
2025-05-30 07:50:20 [main] DEBUG l.i.uztis.tests.EvaluationsPageTest - Selected '6.1' radio button.
2025-05-30 07:50:20 [main] DEBUG l.i.uztis.tests.EvaluationsPageTest - Selected '6.2' radio button.
2025-05-30 07:50:20 [main] DEBUG l.i.uztis.tests.EvaluationsPageTest - Clicked on expansion panel 'Not Critical'.
2025-05-30 07:50:21 [main] DEBUG l.i.uztis.tests.EvaluationsPageTest - Selected '7' radio button.
2025-05-30 07:50:21 [main] DEBUG l.i.uztis.tests.EvaluationsPageTest - Selected '8_1' radio button.
2025-05-30 07:50:22 [main] DEBUG l.i.uztis.tests.EvaluationsPageTest - Selected '8_2' radio button.
2025-05-30 07:50:22 [main] DEBUG l.i.uztis.tests.EvaluationsPageTest - Selected '8_3' radio button.
2025-05-30 07:50:23 [main] DEBUG l.i.uztis.tests.EvaluationsPageTest - Selected '8_4' radio button.
2025-05-30 07:50:23 [main] DEBUG l.i.uztis.tests.EvaluationsPageTest - Selected '8_5' radio button.
2025-05-30 07:50:23 [main] DEBUG l.i.uztis.tests.EvaluationsPageTest - Selected '8_6' radio button.
2025-05-30 07:50:24 [main] DEBUG l.i.uztis.tests.EvaluationsPageTest - Selected '8_7' radio button.
2025-05-30 07:50:24 [main] DEBUG l.i.uztis.tests.EvaluationsPageTest - Selected '8_8' radio button.
2025-05-30 07:50:25 [main] DEBUG l.i.uztis.tests.EvaluationsPageTest - Selected '8_9' radio button.
2025-05-30 07:50:25 [main] DEBUG l.i.uztis.tests.EvaluationsPageTest - Selected '8_10' radio button.
2025-05-30 07:50:26 [main] DEBUG l.i.uztis.tests.EvaluationsPageTest - Selected '9' radio button.
2025-05-30 07:50:26 [main] DEBUG l.i.uztis.tests.EvaluationsPageTest - Selected '10.1' radio button.
2025-05-30 07:50:27 [main] DEBUG l.i.uztis.tests.EvaluationsPageTest - Selected '10.2' radio button.
2025-05-30 07:50:27 [main] DEBUG l.i.uztis.tests.EvaluationsPageTest - Selected '10.3' radio button.
2025-05-30 07:50:28 [main] DEBUG l.i.uztis.tests.EvaluationsPageTest - Entered  explanation: 'Balas pakoreduotas ranka'.
2025-05-30 07:50:28 [main] DEBUG l.i.uztis.tests.EvaluationsPageTest - Clicked 'Save Draft'.
2025-05-30 07:50:28 [main] ERROR l.i.uztis.pages.ApplicationFormsPage - Failed to verify the success message: 'Duomenys sėkmingai išsaugoti.'. Available messages: [, , , , ]
2025-05-30 07:50:28 [main] INFO  l.i.uztis.tests.EvaluationsPageTest - Verified success message
2025-05-30 07:50:28 [main] INFO  l.i.uztis.tests.EvaluationsPageTest - Test 'testFillSaveDraftEvaluationOne' completed successfully.
2025-05-30 07:50:44 [main] INFO  lt.insoft.uztis.tests.UztisPageTest - Navigated to https://uztisdev.asseco.lt/home
2025-05-30 07:50:44 [main] INFO  l.i.uztis.tests.EvaluationsPageTest - Starting test:'testConfirmEvaluationOne'
2025-05-30 07:50:44 [main] INFO  l.i.uztis.tests.EvaluationsPageTest - Starting test:'testNavigateToEvaluationsPage'
2025-05-30 07:50:45 [main] INFO  l.insoft.uztis.tests.utils.TestUtils - Login attempt with user: evaluation_chief
2025-05-30 07:50:45 [main] DEBUG l.i.uztis.tests.EvaluationsPageTest - User logged in with test credentials
2025-05-30 07:50:45 [main] DEBUG l.i.uztis.tests.EvaluationsPageTest - Opened 'Application Processing' menu.
2025-05-30 07:50:45 [main] DEBUG l.i.uztis.tests.EvaluationsPageTest - Clicked on 'Evaluations' menu.
2025-05-30 07:50:45 [main] DEBUG l.i.uztis.tests.EvaluationsPageTest - Navigating to evaluations menu.
2025-05-30 07:50:45 [main] INFO  l.i.uztis.tests.EvaluationsPageTest - Test 'testNavigateToEvaluationsPage' completed successfully.
2025-05-30 07:50:46 [main] DEBUG l.i.uztis.tests.EvaluationsPageTest - Clicked on last evaluation.
2025-05-30 07:50:46 [main] DEBUG l.i.uztis.tests.EvaluationsPageTest - Clicked 'Edit'.
2025-05-30 07:50:49 [main] DEBUG l.i.uztis.tests.EvaluationsPageTest - Clicked 'Confirm'.
2025-05-30 07:50:51 [main] DEBUG l.i.uztis.tests.EvaluationsPageTest - Clicked 'Confirm Confirmation'.
2025-05-30 07:50:52 [main] DEBUG l.i.uztis.tests.EvaluationsPageTest - Fetched label text: Įvertinta
2025-05-30 07:50:52 [main] INFO  l.i.uztis.tests.EvaluationsPageTest - Verified that the label text matches the expected value.
2025-05-30 07:50:52 [main] INFO  l.i.uztis.tests.EvaluationsPageTest - Test 'testConfirmEvaluationOne' completed successfully.
2025-05-30 07:51:06 [main] INFO  lt.insoft.uztis.tests.UztisPageTest - Navigated to https://uztisdev.asseco.lt/home
2025-05-30 07:51:06 [main] INFO  l.i.uztis.tests.EvaluationsPageTest - Starting test:'testFillSaveDraftEvaluationTwo'
2025-05-30 07:51:06 [main] INFO  l.i.uztis.tests.EvaluationsPageTest - Starting test:'testNavigateToEvaluationsPage'
2025-05-30 07:51:06 [main] INFO  l.insoft.uztis.tests.utils.TestUtils - Login attempt with user: evaluation_chief
2025-05-30 07:51:06 [main] DEBUG l.i.uztis.tests.EvaluationsPageTest - User logged in with test credentials
2025-05-30 07:51:07 [main] DEBUG l.i.uztis.tests.EvaluationsPageTest - Opened 'Application Processing' menu.
2025-05-30 07:51:07 [main] DEBUG l.i.uztis.tests.EvaluationsPageTest - Clicked on 'Evaluations' menu.
2025-05-30 07:51:07 [main] DEBUG l.i.uztis.tests.EvaluationsPageTest - Navigating to evaluations menu.
2025-05-30 07:51:07 [main] INFO  l.i.uztis.tests.EvaluationsPageTest - Test 'testNavigateToEvaluationsPage' completed successfully.
2025-05-30 07:51:07 [main] DEBUG l.i.uztis.tests.EvaluationsPageTest - Clicked on last evaluation.
2025-05-30 07:51:08 [main] DEBUG l.i.uztis.tests.EvaluationsPageTest - Clicked 'Edit'.
2025-05-30 07:51:09 [main] DEBUG l.i.uztis.tests.EvaluationsPageTest - Entered commission date.
2025-05-30 07:51:09 [main] DEBUG l.i.uztis.tests.EvaluationsPageTest - Selected 'Without Commission' radio button.
2025-05-30 07:51:09 [main] DEBUG l.i.uztis.tests.EvaluationsPageTest - Entered chairman name: 'Pirmininkas Pirmininkauskas'.
2025-05-30 07:51:09 [main] DEBUG l.i.uztis.tests.EvaluationsPageTest - Entered member name: 'Narys Narauskas'.
2025-05-30 07:51:09 [main] DEBUG l.i.uztis.tests.EvaluationsPageTest - Clicked 'Continue'.
2025-05-30 07:51:10 [main] DEBUG l.i.uztis.tests.EvaluationsPageTest - Entered score edition: '9'.
2025-05-30 07:51:10 [main] DEBUG l.i.uztis.tests.EvaluationsPageTest - Entered chairman score: '10'.
2025-05-30 07:51:10 [main] DEBUG l.i.uztis.tests.EvaluationsPageTest - Entered member score: '11'.
2025-05-30 07:51:10 [main] DEBUG l.i.uztis.tests.EvaluationsPageTest - Entered conclusion: 'Išvada - palanki'.
2025-05-30 07:51:10 [main] DEBUG l.i.uztis.tests.EvaluationsPageTest - Entered  explanation: 'Balas pakoreduotas ranka'.
2025-05-30 07:51:10 [main] DEBUG l.i.uztis.tests.EvaluationsPageTest - Clicked 'Save Draft'.
2025-05-30 07:51:11 [main] DEBUG l.i.uztis.pages.ApplicationFormsPage - Verified success message: 'Duomenys sėkmingai išsaugoti.'
2025-05-30 07:51:11 [main] INFO  l.i.uztis.tests.EvaluationsPageTest - Verified success message
2025-05-30 07:51:11 [main] INFO  l.i.uztis.tests.EvaluationsPageTest - Test 'testFillSaveDraftEvaluationTwo' completed successfully.
2025-05-30 07:51:26 [main] INFO  lt.insoft.uztis.tests.UztisPageTest - Navigated to https://uztisdev.asseco.lt/home
2025-05-30 07:51:26 [main] INFO  l.i.uztis.tests.EvaluationsPageTest - Starting test:'testConfirmEvaluationTwo'
2025-05-30 07:51:26 [main] INFO  l.i.uztis.tests.EvaluationsPageTest - Starting test:'testNavigateToEvaluationsPage'
2025-05-30 07:51:26 [main] INFO  l.insoft.uztis.tests.utils.TestUtils - Login attempt with user: evaluation_chief
2025-05-30 07:51:26 [main] DEBUG l.i.uztis.tests.EvaluationsPageTest - User logged in with test credentials
2025-05-30 07:51:27 [main] DEBUG l.i.uztis.tests.EvaluationsPageTest - Opened 'Application Processing' menu.
2025-05-30 07:51:27 [main] DEBUG l.i.uztis.tests.EvaluationsPageTest - Clicked on 'Evaluations' menu.
2025-05-30 07:51:27 [main] DEBUG l.i.uztis.tests.EvaluationsPageTest - Navigating to evaluations menu.
2025-05-30 07:51:27 [main] INFO  l.i.uztis.tests.EvaluationsPageTest - Test 'testNavigateToEvaluationsPage' completed successfully.
2025-05-30 07:51:27 [main] DEBUG l.i.uztis.tests.EvaluationsPageTest - Clicked on last evaluation.
2025-05-30 07:51:28 [main] DEBUG l.i.uztis.tests.EvaluationsPageTest - Clicked 'Edit'.
2025-05-30 07:51:28 [main] DEBUG l.i.uztis.tests.EvaluationsPageTest - Clicked 'Continue'.
2025-05-30 07:51:29 [main] DEBUG l.i.uztis.tests.EvaluationsPageTest - Entered conclusion: 'Išvada - papildyta'.
2025-05-30 07:51:29 [main] DEBUG l.i.uztis.tests.EvaluationsPageTest - Entered  explanation: '; Išvada pakoreduota ranka'.
2025-05-30 07:51:29 [main] DEBUG l.i.uztis.tests.EvaluationsPageTest - Clicked 'Confirm'.
2025-05-30 07:51:29 [main] DEBUG l.i.uztis.tests.EvaluationsPageTest - Clicked 'Confirm Confirmation'.
2025-05-30 07:51:29 [main] DEBUG l.i.uztis.tests.EvaluationsPageTest - Fetched label text: Įvertinta
2025-05-30 07:51:29 [main] INFO  l.i.uztis.tests.EvaluationsPageTest - Verified that the label text matches the expected value.
2025-05-30 07:51:29 [main] INFO  l.i.uztis.tests.EvaluationsPageTest - Test 'testConfirmEvaluationTwo' completed successfully.
2025-05-30 07:51:42 [main] INFO  lt.insoft.uztis.tests.UztisPageTest - Navigated to https://uztisdev.asseco.lt/home
2025-05-30 07:51:42 [main] INFO  l.i.uztis.tests.EvaluationsPageTest - Starting test:'testFillSaveDraftEvaluationThree'
2025-05-30 07:51:42 [main] INFO  l.i.uztis.tests.EvaluationsPageTest - Starting test:'testNavigateToEvaluationsPage'
2025-05-30 07:51:43 [main] INFO  l.insoft.uztis.tests.utils.TestUtils - Login attempt with user: evaluation_chief
2025-05-30 07:51:43 [main] DEBUG l.i.uztis.tests.EvaluationsPageTest - User logged in with test credentials
2025-05-30 07:51:43 [main] DEBUG l.i.uztis.tests.EvaluationsPageTest - Opened 'Application Processing' menu.
2025-05-30 07:51:43 [main] DEBUG l.i.uztis.tests.EvaluationsPageTest - Clicked on 'Evaluations' menu.
2025-05-30 07:51:43 [main] DEBUG l.i.uztis.tests.EvaluationsPageTest - Navigating to evaluations menu.
2025-05-30 07:51:43 [main] INFO  l.i.uztis.tests.EvaluationsPageTest - Test 'testNavigateToEvaluationsPage' completed successfully.
2025-05-30 07:51:44 [main] DEBUG l.i.uztis.tests.EvaluationsPageTest - Clicked on last evaluation.
2025-05-30 07:51:44 [main] DEBUG l.i.uztis.tests.EvaluationsPageTest - Clicked 'Edit'.
2025-05-30 07:51:45 [main] DEBUG l.i.uztis.tests.EvaluationsPageTest - Entered commission date.
2025-05-30 07:51:45 [main] DEBUG l.i.uztis.tests.EvaluationsPageTest - Selected 'Without Commission' radio button.
2025-05-30 07:51:45 [main] DEBUG l.i.uztis.tests.EvaluationsPageTest - Entered chairman name: 'Pirmininkas Pirmininkauskas'.
2025-05-30 07:51:45 [main] DEBUG l.i.uztis.tests.EvaluationsPageTest - Entered member name: 'Narys Narauskas'.
2025-05-30 07:51:45 [main] DEBUG l.i.uztis.tests.EvaluationsPageTest - Clicked 'Continue'.
2025-05-30 07:51:45 [main] DEBUG l.i.uztis.tests.EvaluationsPageTest - Entered chairman score 1: '1'.
2025-05-30 07:51:46 [main] DEBUG l.i.uztis.tests.EvaluationsPageTest - Entered member score 1: '2'.
2025-05-30 07:51:46 [main] DEBUG l.i.uztis.tests.EvaluationsPageTest - Entered member conclusion 1: 'Išvada - palanki 1'.
2025-05-30 07:51:46 [main] DEBUG l.i.uztis.tests.EvaluationsPageTest - Entered chairman score 2: '3'.
2025-05-30 07:51:46 [main] DEBUG l.i.uztis.tests.EvaluationsPageTest - Entered member score 2: '4'.
2025-05-30 07:51:46 [main] DEBUG l.i.uztis.tests.EvaluationsPageTest - Entered member conclusion 2: 'Išvada - palanki 2'.
2025-05-30 07:51:46 [main] DEBUG l.i.uztis.tests.EvaluationsPageTest - Entered chairman score 3: '5'.
2025-05-30 07:51:47 [main] DEBUG l.i.uztis.tests.EvaluationsPageTest - Entered member score 3: '6'.
2025-05-30 07:51:47 [main] DEBUG l.i.uztis.tests.EvaluationsPageTest - Entered member conclusion 3: 'Išvada - palanki 3'.
2025-05-30 07:51:47 [main] DEBUG l.i.uztis.tests.EvaluationsPageTest - Entered chairman score 4: '7'.
2025-05-30 07:51:47 [main] DEBUG l.i.uztis.tests.EvaluationsPageTest - Entered member score 4: '8'.
2025-05-30 07:51:47 [main] DEBUG l.i.uztis.tests.EvaluationsPageTest - Entered member conclusion 4: 'Išvada - palanki 4'.
2025-05-30 07:51:47 [main] DEBUG l.i.uztis.tests.EvaluationsPageTest - Entered chairman score 5: '9'.
2025-05-30 07:51:47 [main] DEBUG l.i.uztis.tests.EvaluationsPageTest - Entered member score 5: '10'.
2025-05-30 07:51:48 [main] DEBUG l.i.uztis.tests.EvaluationsPageTest - Entered member conclusion 5: 'Išvada - palanki 5'.
2025-05-30 07:51:48 [main] DEBUG l.i.uztis.tests.EvaluationsPageTest - Clicked 'Save Draft'.
2025-05-30 07:51:48 [main] DEBUG l.i.uztis.pages.ApplicationFormsPage - Verified success message: 'Duomenys sėkmingai išsaugoti.'
2025-05-30 07:51:48 [main] INFO  l.i.uztis.tests.EvaluationsPageTest - Verified success message
2025-05-30 07:51:48 [main] INFO  l.i.uztis.tests.EvaluationsPageTest - Test 'testFillSaveDraftEvaluationThree' completed successfully.
2025-05-30 07:52:02 [main] INFO  lt.insoft.uztis.tests.UztisPageTest - Navigated to https://uztisdev.asseco.lt/home
2025-05-30 07:52:02 [main] INFO  l.i.uztis.tests.EvaluationsPageTest - Starting test:'testConfirmEvaluationThree'
2025-05-30 07:52:02 [main] INFO  l.i.uztis.tests.EvaluationsPageTest - Starting test:'testNavigateToEvaluationsPage'
2025-05-30 07:52:03 [main] INFO  l.insoft.uztis.tests.utils.TestUtils - Login attempt with user: evaluation_chief
2025-05-30 07:52:03 [main] DEBUG l.i.uztis.tests.EvaluationsPageTest - User logged in with test credentials
2025-05-30 07:52:04 [main] DEBUG l.i.uztis.tests.EvaluationsPageTest - Opened 'Application Processing' menu.
2025-05-30 07:52:04 [main] DEBUG l.i.uztis.tests.EvaluationsPageTest - Clicked on 'Evaluations' menu.
2025-05-30 07:52:04 [main] DEBUG l.i.uztis.tests.EvaluationsPageTest - Navigating to evaluations menu.
2025-05-30 07:52:04 [main] INFO  l.i.uztis.tests.EvaluationsPageTest - Test 'testNavigateToEvaluationsPage' completed successfully.
2025-05-30 07:52:04 [main] DEBUG l.i.uztis.tests.EvaluationsPageTest - Clicked on last evaluation.
2025-05-30 07:52:05 [main] DEBUG l.i.uztis.tests.EvaluationsPageTest - Clicked 'Edit'.
2025-05-30 07:52:05 [main] DEBUG l.i.uztis.tests.EvaluationsPageTest - Clicked 'Continue'.
2025-05-30 07:52:05 [main] DEBUG l.i.uztis.tests.EvaluationsPageTest - Clicked 'Confirm'.
2025-05-30 07:52:06 [main] DEBUG l.i.uztis.tests.EvaluationsPageTest - Clicked 'Confirm Confirmation'.
2025-05-30 07:52:06 [main] DEBUG l.i.uztis.tests.EvaluationsPageTest - Fetched label text: Įvertinta
2025-05-30 07:52:06 [main] INFO  l.i.uztis.tests.EvaluationsPageTest - Verified that the label text matches the expected value.
2025-05-30 07:52:06 [main] INFO  l.i.uztis.tests.EvaluationsPageTest - Test 'testConfirmEvaluationThree' completed successfully.
2025-05-30 07:52:44 [main] INFO  lt.insoft.uztis.tests.UztisPageTest - Navigated to https://uztisdev.asseco.lt/home
2025-05-30 07:52:44 [main] INFO  l.insoft.uztis.tests.FundingPageTest - Starting test:'testFundApplication'
2025-05-30 07:52:45 [main] INFO  l.insoft.uztis.tests.utils.TestUtils - Login attempt with user: evaluation_chief
2025-05-30 07:52:45 [main] DEBUG l.insoft.uztis.tests.FundingPageTest - User logged in with test credentials
2025-05-30 07:52:45 [main] DEBUG l.insoft.uztis.tests.FundingPageTest - Opened 'Application Processing' menu.
2025-05-30 07:52:45 [main] DEBUG l.insoft.uztis.tests.FundingPageTest - Clicked on 'Application Forms' menu.
2025-05-30 07:52:46 [main] DEBUG l.insoft.uztis.tests.FundingPageTest - Retrieved last description code text: 'TST-VUI-80'.
2025-05-30 07:52:46 [main] DEBUG l.insoft.uztis.tests.FundingPageTest - Clicked on 'Invitation' menu.
2025-05-30 07:52:48 [main] DEBUG l.insoft.uztis.tests.FundingPageTest - Selected application section by code: 'TST-VUI-80'.
2025-05-30 07:52:48 [main] DEBUG l.insoft.uztis.tests.FundingPageTest - Clicked 'Search' button.
2025-05-30 07:52:48 [main] DEBUG l.insoft.uztis.tests.FundingPageTest - Retrieved invitation code: ''.
2025-05-30 07:52:48 [main] DEBUG l.insoft.uztis.tests.FundingPageTest - Clicked on 'Funding Queue' menu.
2025-05-30 07:52:50 [main] DEBUG l.insoft.uztis.tests.FundingPageTest - Selected invitation by code: 'TST-VUI-80'.
2025-05-30 07:52:50 [main] DEBUG l.insoft.uztis.tests.FundingPageTest - Invitation code inserted.
2025-05-30 07:52:50 [main] DEBUG l.insoft.uztis.tests.FundingPageTest - Clicked 'Form'.
2025-05-30 07:52:50 [main] DEBUG l.insoft.uztis.tests.FundingPageTest - Clicked 'Finance'.
2025-05-30 07:52:50 [main] DEBUG l.insoft.uztis.tests.FundingPageTest - Entered order number 'VUI_1'.
2025-05-30 07:52:51 [main] DEBUG l.insoft.uztis.tests.FundingPageTest - Clicked 'Finance Confirmation'.
2025-05-30 07:52:52 [main] DEBUG l.i.uztis.pages.ApplicationFormsPage - Verified success message: 'Funkcija sėkmingai atlikta.'
2025-05-30 07:52:52 [main] INFO  l.insoft.uztis.tests.FundingPageTest - Verified success message
2025-05-30 07:52:52 [main] INFO  l.insoft.uztis.tests.FundingPageTest - Test 'testFundApplication' completed successfully.
2025-05-30 07:53:57 [main] INFO  lt.insoft.uztis.tests.UztisPageTest - Navigated to https://uztisdev.asseco.lt/home
2025-05-30 07:53:57 [main] INFO  l.i.u.t.SubmittedApplicationsPageTest - Starting test:'testCreateProjects'
2025-05-30 07:53:58 [main] INFO  l.insoft.uztis.tests.utils.TestUtils - Login attempt with user: evaluation_chief
2025-05-30 07:53:58 [main] DEBUG l.i.u.t.SubmittedApplicationsPageTest - User logged in with test credentials
2025-05-30 07:53:59 [main] DEBUG l.i.u.t.SubmittedApplicationsPageTest - Opened 'Application Processing' menu.
2025-05-30 07:53:59 [main] DEBUG l.i.u.t.SubmittedApplicationsPageTest - Clicked on 'Application Forms' menu.
2025-05-30 07:53:59 [main] DEBUG l.i.u.t.SubmittedApplicationsPageTest - Retrieved last description code text: 'TST-VUI-80'.
2025-05-30 07:53:59 [main] DEBUG l.i.u.t.SubmittedApplicationsPageTest - Clicked on 'Invitation' menu.
2025-05-30 07:54:01 [main] DEBUG l.i.u.t.SubmittedApplicationsPageTest - Selected application section by code: 'TST-VUI-80'.
2025-05-30 07:54:01 [main] DEBUG l.i.u.t.SubmittedApplicationsPageTest - Clicked 'Search' button.
2025-05-30 07:54:01 [main] DEBUG l.i.u.t.SubmittedApplicationsPageTest - Retrieved invitation code: ''.
2025-05-30 07:54:02 [main] DEBUG l.i.u.t.SubmittedApplicationsPageTest - Clicked on 'Submitted Applications' menu.
2025-05-30 07:54:04 [main] DEBUG l.i.u.t.SubmittedApplicationsPageTest - Selected invitation by code: 'TST-VUI-80'.
2025-05-30 07:54:04 [main] DEBUG l.i.u.t.SubmittedApplicationsPageTest - Invitation code inserted.
2025-05-30 07:54:04 [main] DEBUG l.i.u.t.SubmittedApplicationsPageTest - Clicked on 'Action Application' button.
2025-05-30 07:54:04 [main] DEBUG l.i.u.t.SubmittedApplicationsPageTest - Clicked on 'Create Projects' button.
2025-05-30 07:54:04 [main] DEBUG l.i.u.t.SubmittedApplicationsPageTest - Clicked on 'Create Projects' confirmation button.
2025-05-30 07:54:04 [main] ERROR l.i.uztis.pages.ApplicationFormsPage - Failed to verify the success message: 'Projektai sėkmingai sukurti..'. Available messages: [Projektai sėkmingai sukurti.]
2025-05-30 07:54:04 [main] INFO  l.i.u.t.SubmittedApplicationsPageTest - Verified success message
2025-05-30 07:54:04 [main] INFO  l.i.u.t.SubmittedApplicationsPageTest - Test 'testCreateProjects' completed successfully.
2025-05-30 12:48:26 [main] INFO  lt.insoft.uztis.tests.UztisPageTest - Navigated to https://uztisdev.asseco.lt/home
2025-05-30 12:48:26 [main] INFO  l.i.u.t.SubmittedApplicationsPageTest - Starting test:'testFillNewVUIPApplicationFA'
2025-05-30 12:48:27 [main] INFO  l.insoft.uztis.tests.utils.TestUtils - Login attempt with user: evaluation_chief
2025-05-30 12:48:27 [main] DEBUG l.i.u.t.SubmittedApplicationsPageTest - User logged in with test credentials
2025-05-30 12:48:27 [main] DEBUG l.i.u.t.SubmittedApplicationsPageTest - Opened 'Application Processing' menu.
2025-05-30 12:48:27 [main] DEBUG l.i.u.t.SubmittedApplicationsPageTest - Clicked on 'Application Forms' menu.
2025-05-30 12:48:28 [main] DEBUG l.i.u.t.SubmittedApplicationsPageTest - Retrieved last description code text: 'TST-VUI-80'.
2025-05-30 12:48:28 [main] DEBUG l.i.u.t.SubmittedApplicationsPageTest - Clicked on 'Invitation' menu.
2025-05-30 12:48:30 [main] DEBUG l.i.u.t.SubmittedApplicationsPageTest - Selected application section by code: 'TST-VUI-80'.
2025-05-30 12:48:30 [main] DEBUG l.i.u.t.SubmittedApplicationsPageTest - Clicked 'Search' button.
2025-05-30 12:48:30 [main] DEBUG l.i.u.t.SubmittedApplicationsPageTest - Retrieved invitation code: ''.
2025-05-30 12:48:30 [main] DEBUG l.i.u.t.SubmittedApplicationsPageTest - Clicked on 'Submitted Applications' menu.
2025-05-30 12:48:33 [main] DEBUG l.i.u.t.SubmittedApplicationsPageTest - Selected invitation by code: 'TST-VUI-80'.
2025-05-30 12:48:33 [main] DEBUG l.i.u.t.SubmittedApplicationsPageTest - Invitation code inserted.
2025-05-30 12:48:33 [main] DEBUG l.i.u.t.SubmittedApplicationsPageTest - Clicked on 'Action Application' button.
2025-05-30 12:48:33 [main] DEBUG l.i.u.t.SubmittedApplicationsPageTest - Clicked on 'New Application' button.
2025-05-30 12:48:34 [main] DEBUG l.i.u.t.SubmittedApplicationsPageTest - Selected the 'RadioButtonFA' option.
2025-05-30 12:48:34 [main] DEBUG l.i.u.t.SubmittedApplicationsPageTest - Entered phone number: '61298745'.
2025-05-30 12:48:34 [main] DEBUG l.i.u.t.SubmittedApplicationsPageTest - Entered email: 'test@autotest.com'.
2025-05-30 12:48:34 [main] INFO  l.i.u.p.SubmittedApplicationsPage - Clicking on the dropdown button.
2025-05-30 12:48:53 [main] INFO  l.i.u.p.SubmittedApplicationsPage - Found 1741 options in the dropdown.
2025-05-30 12:48:53 [main] DEBUG l.i.u.p.SubmittedApplicationsPage - Checking option: ''
2025-05-30 12:48:53 [main] DEBUG l.i.u.p.SubmittedApplicationsPage - Checking option: '01.11 - Grūdinių (išskyrus ryžius), ankštinių ir aliejingų sėklų augalų auginimas'
2025-05-30 12:48:53 [main] INFO  l.i.u.p.SubmittedApplicationsPage - Successfully selected the value: '01.11 - Grūdinių (išskyrus ryžius), ankštinių ir aliejingų sėklų augalų auginimas'
2025-05-30 12:48:53 [main] INFO  l.i.u.p.SubmittedApplicationsPage - Attempting to close the dropdown.
2025-05-30 12:48:53 [main] DEBUG l.i.u.t.SubmittedApplicationsPageTest - Selected EVRK value: '01.11 - Grūdinių (išskyrus ryžius), ankštinių ir aliejingų sėklų augalų auginimas'.
2025-05-30 12:48:54 [main] DEBUG l.i.u.t.SubmittedApplicationsPageTest - Clicked on 'Address Component' button.
2025-05-30 12:48:54 [main] INFO  l.i.u.p.SubmittedApplicationsPage - Located the dropdown button.
2025-05-30 12:48:56 [main] INFO  l.i.u.p.SubmittedApplicationsPage - Successfully selected the value: 'Lietuva'
2025-05-30 12:48:56 [main] DEBUG l.i.u.t.SubmittedApplicationsPageTest - Selected country: 'Lietuva'.
2025-05-30 12:48:56 [main] INFO  l.i.u.p.SubmittedApplicationsPage - Located the dropdown search field.
2025-05-30 12:48:57 [main] INFO  l.i.u.p.SubmittedApplicationsPage - Dropdown city is opened.
2025-05-30 12:48:57 [main] INFO  l.i.u.p.SubmittedApplicationsPage - Searched for value: 'Vilnius'
2025-05-30 12:48:58 [main] INFO  l.i.u.p.SubmittedApplicationsPage - Successfully selected: 'Vilnius'
2025-05-30 12:48:58 [main] INFO  l.i.u.p.SubmittedApplicationsPage - Located the dropdown button.
2025-05-30 12:48:58 [main] INFO  l.i.u.p.SubmittedApplicationsPage - Successfully selected the value: 'A. Domaševičiaus g.'
2025-05-30 12:48:58 [main] DEBUG l.i.u.t.SubmittedApplicationsPageTest - Selected street: 'A. Domaševičiaus g.'.
2025-05-30 12:48:58 [main] INFO  l.i.u.p.SubmittedApplicationsPage - Located the dropdown button.
2025-05-30 12:48:59 [main] INFO  l.i.u.p.SubmittedApplicationsPage - Successfully selected the value: '1'
2025-05-30 12:48:59 [main] DEBUG l.i.u.t.SubmittedApplicationsPageTest - Selected house: '1'.
2025-05-30 12:48:59 [main] INFO  l.i.u.p.SubmittedApplicationsPage - Located the dropdown button.
2025-05-30 12:48:59 [main] INFO  l.i.u.p.SubmittedApplicationsPage - Successfully selected the value: '1'
2025-05-30 12:48:59 [main] DEBUG l.i.u.t.SubmittedApplicationsPageTest - Selected apartment: '1'.
2025-05-30 12:48:59 [main] DEBUG l.i.u.t.SubmittedApplicationsPageTest - Clicked 'Confirm' button.
2025-05-30 12:48:59 [main] DEBUG l.i.u.t.SubmittedApplicationsPageTest - Entered project date.
2025-05-30 12:48:59 [main] DEBUG l.i.u.t.SubmittedApplicationsPageTest - Entered job count: '1'.
2025-05-30 12:49:00 [main] DEBUG l.i.u.t.SubmittedApplicationsPageTest - Clicked 'Next' button.
2025-05-30 12:49:00 [main] INFO  l.i.u.p.SubmittedApplicationsPage - Located the dropdown button.
2025-05-30 12:49:01 [main] INFO  l.i.u.p.SubmittedApplicationsPage - Successfully selected the value: 'Administratoriai'
2025-05-30 12:49:01 [main] DEBUG l.i.u.t.SubmittedApplicationsPageTest - Selected job name: 'Administratoriai'.
2025-05-30 12:49:01 [main] DEBUG l.i.u.t.SubmittedApplicationsPageTest - Entered job function: 'Funkcija 1'.
2025-05-30 12:49:01 [main] DEBUG l.i.u.t.SubmittedApplicationsPageTest - Selected 'RadioButtonWithDisabilities' option.
2025-05-30 12:49:01 [main] INFO  l.i.u.p.SubmittedApplicationsPage - Clicking on the dropdown button.
2025-05-30 12:49:02 [main] INFO  l.i.u.p.SubmittedApplicationsPage - Found 34 options in the dropdown.
2025-05-30 12:49:02 [main] DEBUG l.i.u.p.SubmittedApplicationsPage - Checking option: 'Asmenys, kuriems suteiktas pabėgėlio statusas ar perkeliamojo asmens statusas, arba asmenys, kuriems suteikta papildoma ar laikinoji apsauga, ir asmenys, turintys teisę gauti laikinąją apsaugą, iki sprendimo dėl laikinosios apsaugos suteikimo (nesuteikimo) priėmimo, tačiau ne ilgiau kaip laikinosios apsaugos laikotarpiu'
2025-05-30 12:49:02 [main] DEBUG l.i.u.p.SubmittedApplicationsPage - Checking option: 'Asmenys, kuriems suteiktas pabėgėlio statusas ar perkeliamojo asmens statusas, arba asmenys, kuriems suteikta papildoma ar laikinoji apsauga, ir asmenys, turintys teisę gauti laikinąją apsaugą, iki sprendimo dėl laikinosios apsaugos suteikimo (nesuteikimo) priėmimo, tačiau ne ilgiau kaip laikinosios apsaugos laikotarpiu'
2025-05-30 12:49:02 [main] DEBUG l.i.u.p.SubmittedApplicationsPage - Checking option: 'Asmenys, turintys teisę į papildomas užimtumo garantijas pagal Lietuvos Respublikos valstybės įmonės Ignalinos atominės elektrinės darbuotojų papildomų užimtumo ir socialinių garantijų įstatymą'
2025-05-30 12:49:02 [main] DEBUG l.i.u.p.SubmittedApplicationsPage - Checking option: 'Asmenys, turintys teisę į papildomas užimtumo garantijas pagal Lietuvos Respublikos valstybės įmonės Ignalinos atominės elektrinės darbuotojų papildomų užimtumo ir socialinių garantijų įstatymą'
2025-05-30 12:49:02 [main] DEBUG l.i.u.p.SubmittedApplicationsPage - Checking option: 'Bedarbiai iki 29 metų'
2025-05-30 12:49:02 [main] DEBUG l.i.u.p.SubmittedApplicationsPage - Checking option: 'Bedarbiai iki 29 metų'
2025-05-30 12:49:02 [main] DEBUG l.i.u.p.SubmittedApplicationsPage - Checking option: 'Bedarbiai, kurie yra darbingo amžiaus neįgalieji, kuriems nustatytas 30–40 procentų darbingumo lygis arba vidutinis neįgalumo lygis'
2025-05-30 12:49:02 [main] DEBUG l.i.u.p.SubmittedApplicationsPage - Checking option: 'Bedarbiai, kurie yra darbingo amžiaus neįgalieji, kuriems nustatytas 30–40 procentų darbingumo lygis arba vidutinis neįgalumo lygis'
2025-05-30 12:49:02 [main] DEBUG l.i.u.p.SubmittedApplicationsPage - Checking option: 'Bedarbiai, kurie yra darbingo amžiaus neįgalieji, kuriems nustatytas 45–55 procentų darbingumo lygis arba lengvas neįgalumo lygis'
2025-05-30 12:49:02 [main] DEBUG l.i.u.p.SubmittedApplicationsPage - Checking option: 'Bedarbiai, kurie yra darbingo amžiaus neįgalieji, kuriems nustatytas 45–55 procentų darbingumo lygis arba lengvas neįgalumo lygis'
2025-05-30 12:49:02 [main] DEBUG l.i.u.p.SubmittedApplicationsPage - Checking option: 'Bedarbiai, kurie yra darbingo amžiaus neįgalieji, kuriems nustatytas iki 25 procentų darbingumo lygis arba sunkus neįgalumo lygis'
2025-05-30 12:49:02 [main] INFO  l.i.u.p.SubmittedApplicationsPage - Successfully selected the value: 'Bedarbiai, kurie yra darbingo amžiaus neįgalieji, kuriems nustatytas iki 25 procentų darbingumo lygis arba sunkus neįgalumo lygis'
2025-05-30 12:49:02 [main] INFO  l.i.u.p.SubmittedApplicationsPage - Attempting to close the dropdown.
2025-05-30 12:49:03 [main] DEBUG l.i.u.t.SubmittedApplicationsPageTest - Selected disabilities type: 'Bedarbiai, kurie yra darbingo amžiaus neįgalieji, kuriems nustatytas iki 25 procentų darbingumo lygis arba sunkus neįgalumo lygis'.
2025-05-30 12:49:03 [main] DEBUG l.i.u.t.SubmittedApplicationsPageTest - Entered disability information: 'Negalia 1'.
2025-05-30 12:49:03 [main] INFO  l.i.u.p.SubmittedApplicationsPage - Located the dropdown button.
2025-05-30 12:49:03 [main] INFO  l.i.u.p.SubmittedApplicationsPage - Successfully selected the value: 'Kita'
2025-05-30 12:49:03 [main] DEBUG l.i.u.t.SubmittedApplicationsPageTest - Selected time mode: 'Kita'.
2025-05-30 12:49:04 [main] DEBUG l.i.u.t.SubmittedApplicationsPageTest - Selected time mode other: '6 val. per dieną ir 4 d. per savaitę'.
2025-05-30 12:49:04 [main] DEBUG l.i.u.t.SubmittedApplicationsPageTest - Entered qualification: 'Kvalifikacija 1'.
2025-05-30 12:49:04 [main] DEBUG l.i.u.t.SubmittedApplicationsPageTest - Entered job date.
2025-05-30 12:49:04 [main] DEBUG l.i.u.t.SubmittedApplicationsPageTest - Entered salary amount: '1200'.
2025-05-30 12:49:05 [main] DEBUG l.i.u.t.SubmittedApplicationsPageTest - Entered salary description: 'Užmokestis 1'.
2025-05-30 12:49:05 [main] DEBUG l.i.u.t.SubmittedApplicationsPageTest - Selected 'Temporary Job' radio button.
2025-05-30 12:49:05 [main] DEBUG l.i.u.t.SubmittedApplicationsPageTest - Selected 'Season Job' radio button.
2025-05-30 12:49:05 [main] DEBUG l.i.u.t.SubmittedApplicationsPageTest - Selected 'Energy' radio button.
2025-05-30 12:49:06 [main] DEBUG l.i.u.t.SubmittedApplicationsPageTest - Selected 'Repair' radio button.
2025-05-30 12:49:06 [main] DEBUG l.i.u.t.SubmittedApplicationsPageTest - Entered job description: 'Veikla 1'.
2025-05-30 12:49:06 [main] DEBUG l.i.u.t.SubmittedApplicationsPageTest - Entered process description: 'Procesas 1'.
2025-05-30 12:49:06 [main] DEBUG l.i.u.t.SubmittedApplicationsPageTest - Entered energy information: 'Energija 1'.
2025-05-30 12:49:07 [main] DEBUG l.i.u.t.SubmittedApplicationsPageTest - Entered repair information: 'Remontas 1'.
2025-05-30 12:49:07 [main] DEBUG l.i.u.t.SubmittedApplicationsPageTest - Selected 'PVM' radio button.
2025-05-30 12:49:07 [main] INFO  l.i.u.p.SubmittedApplicationsPage - Located the dropdown button.
2025-05-30 12:49:08 [main] INFO  l.i.u.p.SubmittedApplicationsPage - Successfully selected the value: 'Įsigyti'
2025-05-30 12:49:08 [main] DEBUG l.i.u.t.SubmittedApplicationsPageTest - Selected necessary for job: 'Įsigyti'.
2025-05-30 12:49:08 [main] DEBUG l.i.u.t.SubmittedApplicationsPageTest - Selected tool: 'Darbo priemonė 1'.
2025-05-30 12:49:08 [main] DEBUG l.i.u.t.SubmittedApplicationsPageTest - Selected tool parameter one: 'Darbo priemonės 1 parametras 1'.
2025-05-30 12:49:09 [main] DEBUG l.i.u.t.SubmittedApplicationsPageTest - Selected tool parameter two: 'Darbo priemonės 1 parametras 2'.
2025-05-30 12:49:09 [main] DEBUG l.i.u.t.SubmittedApplicationsPageTest - Selected tool parameter three: 'Darbo priemonės 1 parametras 3'.
2025-05-30 12:49:09 [main] DEBUG l.i.u.t.SubmittedApplicationsPageTest - Entered tool count: '1'.
2025-05-30 12:49:09 [main] DEBUG l.i.u.t.SubmittedApplicationsPageTest - Entered price amount 1: '1000'.
2025-05-30 12:49:12 [main] DEBUG l.i.u.t.SubmittedApplicationsPageTest - Entered own funds amount 1: '800'.
2025-05-30 12:49:14 [main] DEBUG l.i.u.t.SubmittedApplicationsPageTest - Clicked 'Add' button.
2025-05-30 12:49:14 [main] INFO  l.i.u.p.SubmittedApplicationsPage - Located the dropdown button.
2025-05-30 12:49:14 [main] INFO  l.i.u.p.SubmittedApplicationsPage - Successfully selected the value: 'Remontuoti'
2025-05-30 12:49:14 [main] DEBUG l.i.u.t.SubmittedApplicationsPageTest - Selected necessary for job 'to repair': 'Remontuoti'.
2025-05-30 12:49:14 [main] DEBUG l.i.u.t.SubmittedApplicationsPageTest - Selected repair name: 'Remonto pavadinimas 1'.
2025-05-30 12:49:15 [main] DEBUG l.i.u.t.SubmittedApplicationsPageTest - Entered repair information: 'Remonto aprašymas 1'.
2025-05-30 12:49:15 [main] DEBUG l.i.u.t.SubmittedApplicationsPageTest - Entered price amount 2: '1000'.
2025-05-30 12:49:17 [main] DEBUG l.i.u.t.SubmittedApplicationsPageTest - Entered own funds amount 2: '900'.
2025-05-30 12:49:19 [main] DEBUG l.i.u.t.SubmittedApplicationsPageTest - Clicked 'AddRemoved' button.
2025-05-30 12:49:21 [main] DEBUG l.i.u.t.SubmittedApplicationsPageTest - Clicked 'Remove' button.
2025-05-30 12:49:24 [main] DEBUG l.i.u.t.SubmittedApplicationsPageTest - Clicked 'Remove Confirmation' button.
2025-05-30 12:49:26 [main] DEBUG l.i.u.t.SubmittedApplicationsPageTest - Entered country percentage: '50'.
2025-05-30 12:49:26 [main] DEBUG l.i.u.t.SubmittedApplicationsPageTest - Entered institution percentage: '50'.
2025-05-30 12:49:26 [main] DEBUG l.i.u.t.SubmittedApplicationsPageTest - Entered municipality percentage: '50'.
2025-05-30 12:49:26 [main] DEBUG l.i.u.t.SubmittedApplicationsPageTest - Selected 'De Minimis' radio button.
2025-05-30 12:49:26 [main] DEBUG l.i.u.t.SubmittedApplicationsPageTest - Entered program name: 'Programa 1'.
2025-05-30 12:49:26 [main] DEBUG l.i.u.t.SubmittedApplicationsPageTest - Entered project date from.
2025-05-30 12:49:27 [main] DEBUG l.i.u.t.SubmittedApplicationsPageTest - Entered project date until.
2025-05-30 12:49:27 [main] DEBUG l.i.u.t.SubmittedApplicationsPageTest - Entered support amount: '2000'.
2025-05-30 12:49:27 [main] DEBUG l.i.u.t.SubmittedApplicationsPageTest - Clicked 'Next' button.
2025-05-30 12:49:37 [main] DEBUG l.i.u.t.SubmittedApplicationsPageTest - Checked 'Legal Entities' checkbox 1.
2025-05-30 12:49:47 [main] DEBUG l.i.u.t.SubmittedApplicationsPageTest - Checked 'Legal Entities' checkbox 2.
2025-05-30 12:49:57 [main] DEBUG l.i.u.t.SubmittedApplicationsPageTest - Checked 'Legal Entities' checkbox 3.
2025-05-30 12:49:57 [main] DEBUG l.i.u.t.SubmittedApplicationsPageTest - Test finished: All 'Legal Entities' checkboxes checked successfully.
2025-05-30 12:49:57 [main] DEBUG l.i.u.t.SubmittedApplicationsPageTest - Clicked 'Next' button after checkboxes.
2025-05-30 12:50:08 [main] ERROR l.i.u.p.SubmittedApplicationsPage - Error selecting radio button: Expected condition failed: waiting for element to be clickable: By.xpath: (//input[@type='radio' and @value='false'])[8] (tried for 10 second(s) with 500 milliseconds interval)
Build info: version: '4.27.0', revision: 'd6e718d134'
System info: os.name: 'Windows 11', os.arch: 'amd64', os.version: '10.0', java.version: '21.0.3'
Driver info: org.openqa.selenium.chrome.ChromeDriver
Capabilities {acceptInsecureCerts: false, browserName: chrome, browserVersion: 136.0.7103.114, chrome: {chromedriverVersion: 136.0.7103.113 (76fa3c17824..., userDataDir: C:\Users\INGRID~1.ZAD\AppDa...}, fedcm:accounts: true, goog:chromeOptions: {debuggerAddress: localhost:60977}, networkConnectionEnabled: false, pageLoadStrategy: normal, platformName: windows, proxy: Proxy(), se:cdp: ws://localhost:60977/devtoo..., se:cdpVersion: 136.0.7103.114, setWindowRect: true, strictFileInteractability: false, timeouts: {implicit: 0, pageLoad: 300000, script: 30000}, unhandledPromptBehavior: dismiss and notify, webauthn:extension:credBlob: true, webauthn:extension:largeBlob: true, webauthn:extension:minPinLength: true, webauthn:extension:prf: true, webauthn:virtualAuthenticators: true}
Session ID: 60ac79dd4ff7a4238844d44829b0d397
2025-05-30 12:50:08 [main] INFO  l.i.u.t.SubmittedApplicationsPageTest - Marking 'Ne' radio button 1
2025-05-30 12:50:18 [main] ERROR l.i.u.p.SubmittedApplicationsPage - Error selecting radio button: Expected condition failed: waiting for element to be clickable: By.xpath: (//input[@type='radio' and @value='false'])[9] (tried for 10 second(s) with 500 milliseconds interval)
Build info: version: '4.27.0', revision: 'd6e718d134'
System info: os.name: 'Windows 11', os.arch: 'amd64', os.version: '10.0', java.version: '21.0.3'
Driver info: org.openqa.selenium.chrome.ChromeDriver
Capabilities {acceptInsecureCerts: false, browserName: chrome, browserVersion: 136.0.7103.114, chrome: {chromedriverVersion: 136.0.7103.113 (76fa3c17824..., userDataDir: C:\Users\INGRID~1.ZAD\AppDa...}, fedcm:accounts: true, goog:chromeOptions: {debuggerAddress: localhost:60977}, networkConnectionEnabled: false, pageLoadStrategy: normal, platformName: windows, proxy: Proxy(), se:cdp: ws://localhost:60977/devtoo..., se:cdpVersion: 136.0.7103.114, setWindowRect: true, strictFileInteractability: false, timeouts: {implicit: 0, pageLoad: 300000, script: 30000}, unhandledPromptBehavior: dismiss and notify, webauthn:extension:credBlob: true, webauthn:extension:largeBlob: true, webauthn:extension:minPinLength: true, webauthn:extension:prf: true, webauthn:virtualAuthenticators: true}
Session ID: 60ac79dd4ff7a4238844d44829b0d397
2025-05-30 12:50:18 [main] INFO  l.i.u.t.SubmittedApplicationsPageTest - Marking 'Ne' radio button 2
2025-05-30 12:50:28 [main] ERROR l.i.u.p.SubmittedApplicationsPage - Error selecting radio button: Expected condition failed: waiting for element to be clickable: By.xpath: (//input[@type='radio' and @value='false'])[10] (tried for 10 second(s) with 500 milliseconds interval)
Build info: version: '4.27.0', revision: 'd6e718d134'
System info: os.name: 'Windows 11', os.arch: 'amd64', os.version: '10.0', java.version: '21.0.3'
Driver info: org.openqa.selenium.chrome.ChromeDriver
Capabilities {acceptInsecureCerts: false, browserName: chrome, browserVersion: 136.0.7103.114, chrome: {chromedriverVersion: 136.0.7103.113 (76fa3c17824..., userDataDir: C:\Users\INGRID~1.ZAD\AppDa...}, fedcm:accounts: true, goog:chromeOptions: {debuggerAddress: localhost:60977}, networkConnectionEnabled: false, pageLoadStrategy: normal, platformName: windows, proxy: Proxy(), se:cdp: ws://localhost:60977/devtoo..., se:cdpVersion: 136.0.7103.114, setWindowRect: true, strictFileInteractability: false, timeouts: {implicit: 0, pageLoad: 300000, script: 30000}, unhandledPromptBehavior: dismiss and notify, webauthn:extension:credBlob: true, webauthn:extension:largeBlob: true, webauthn:extension:minPinLength: true, webauthn:extension:prf: true, webauthn:virtualAuthenticators: true}
Session ID: 60ac79dd4ff7a4238844d44829b0d397
2025-05-30 12:50:28 [main] INFO  l.i.u.t.SubmittedApplicationsPageTest - Marking 'Ne' radio button 3
2025-05-30 12:50:38 [main] ERROR l.i.u.p.SubmittedApplicationsPage - Error selecting radio button: Expected condition failed: waiting for element to be clickable: By.xpath: (//input[@type='radio' and @value='false'])[11] (tried for 10 second(s) with 500 milliseconds interval)
Build info: version: '4.27.0', revision: 'd6e718d134'
System info: os.name: 'Windows 11', os.arch: 'amd64', os.version: '10.0', java.version: '21.0.3'
Driver info: org.openqa.selenium.chrome.ChromeDriver
Capabilities {acceptInsecureCerts: false, browserName: chrome, browserVersion: 136.0.7103.114, chrome: {chromedriverVersion: 136.0.7103.113 (76fa3c17824..., userDataDir: C:\Users\INGRID~1.ZAD\AppDa...}, fedcm:accounts: true, goog:chromeOptions: {debuggerAddress: localhost:60977}, networkConnectionEnabled: false, pageLoadStrategy: normal, platformName: windows, proxy: Proxy(), se:cdp: ws://localhost:60977/devtoo..., se:cdpVersion: 136.0.7103.114, setWindowRect: true, strictFileInteractability: false, timeouts: {implicit: 0, pageLoad: 300000, script: 30000}, unhandledPromptBehavior: dismiss and notify, webauthn:extension:credBlob: true, webauthn:extension:largeBlob: true, webauthn:extension:minPinLength: true, webauthn:extension:prf: true, webauthn:virtualAuthenticators: true}
Session ID: 60ac79dd4ff7a4238844d44829b0d397
2025-05-30 12:50:38 [main] INFO  l.i.u.t.SubmittedApplicationsPageTest - Marking 'Ne' radio button 4
2025-05-30 12:50:48 [main] ERROR l.i.u.p.SubmittedApplicationsPage - Error selecting radio button: Expected condition failed: waiting for element to be clickable: By.xpath: (//input[@type='radio' and @value='false'])[12] (tried for 10 second(s) with 500 milliseconds interval)
Build info: version: '4.27.0', revision: 'd6e718d134'
System info: os.name: 'Windows 11', os.arch: 'amd64', os.version: '10.0', java.version: '21.0.3'
Driver info: org.openqa.selenium.chrome.ChromeDriver
Capabilities {acceptInsecureCerts: false, browserName: chrome, browserVersion: 136.0.7103.114, chrome: {chromedriverVersion: 136.0.7103.113 (76fa3c17824..., userDataDir: C:\Users\INGRID~1.ZAD\AppDa...}, fedcm:accounts: true, goog:chromeOptions: {debuggerAddress: localhost:60977}, networkConnectionEnabled: false, pageLoadStrategy: normal, platformName: windows, proxy: Proxy(), se:cdp: ws://localhost:60977/devtoo..., se:cdpVersion: 136.0.7103.114, setWindowRect: true, strictFileInteractability: false, timeouts: {implicit: 0, pageLoad: 300000, script: 30000}, unhandledPromptBehavior: dismiss and notify, webauthn:extension:credBlob: true, webauthn:extension:largeBlob: true, webauthn:extension:minPinLength: true, webauthn:extension:prf: true, webauthn:virtualAuthenticators: true}
Session ID: 60ac79dd4ff7a4238844d44829b0d397
2025-05-30 12:50:48 [main] INFO  l.i.u.t.SubmittedApplicationsPageTest - Marking 'Ne' radio button 5
2025-05-30 12:50:58 [main] ERROR l.i.u.p.SubmittedApplicationsPage - Error selecting radio button: Expected condition failed: waiting for element to be clickable: By.xpath: (//input[@type='radio' and @value='false'])[13] (tried for 10 second(s) with 500 milliseconds interval)
Build info: version: '4.27.0', revision: 'd6e718d134'
System info: os.name: 'Windows 11', os.arch: 'amd64', os.version: '10.0', java.version: '21.0.3'
Driver info: org.openqa.selenium.chrome.ChromeDriver
Capabilities {acceptInsecureCerts: false, browserName: chrome, browserVersion: 136.0.7103.114, chrome: {chromedriverVersion: 136.0.7103.113 (76fa3c17824..., userDataDir: C:\Users\INGRID~1.ZAD\AppDa...}, fedcm:accounts: true, goog:chromeOptions: {debuggerAddress: localhost:60977}, networkConnectionEnabled: false, pageLoadStrategy: normal, platformName: windows, proxy: Proxy(), se:cdp: ws://localhost:60977/devtoo..., se:cdpVersion: 136.0.7103.114, setWindowRect: true, strictFileInteractability: false, timeouts: {implicit: 0, pageLoad: 300000, script: 30000}, unhandledPromptBehavior: dismiss and notify, webauthn:extension:credBlob: true, webauthn:extension:largeBlob: true, webauthn:extension:minPinLength: true, webauthn:extension:prf: true, webauthn:virtualAuthenticators: true}
Session ID: 60ac79dd4ff7a4238844d44829b0d397
2025-05-30 12:50:58 [main] INFO  l.i.u.t.SubmittedApplicationsPageTest - Marking 'Ne' radio button 6
2025-05-30 12:51:08 [main] ERROR l.i.u.p.SubmittedApplicationsPage - Error selecting radio button: Expected condition failed: waiting for element to be clickable: By.xpath: (//input[@type='radio' and @value='true'])[14] (tried for 10 second(s) with 500 milliseconds interval)
Build info: version: '4.27.0', revision: 'd6e718d134'
System info: os.name: 'Windows 11', os.arch: 'amd64', os.version: '10.0', java.version: '21.0.3'
Driver info: org.openqa.selenium.chrome.ChromeDriver
Capabilities {acceptInsecureCerts: false, browserName: chrome, browserVersion: 136.0.7103.114, chrome: {chromedriverVersion: 136.0.7103.113 (76fa3c17824..., userDataDir: C:\Users\INGRID~1.ZAD\AppDa...}, fedcm:accounts: true, goog:chromeOptions: {debuggerAddress: localhost:60977}, networkConnectionEnabled: false, pageLoadStrategy: normal, platformName: windows, proxy: Proxy(), se:cdp: ws://localhost:60977/devtoo..., se:cdpVersion: 136.0.7103.114, setWindowRect: true, strictFileInteractability: false, timeouts: {implicit: 0, pageLoad: 300000, script: 30000}, unhandledPromptBehavior: dismiss and notify, webauthn:extension:credBlob: true, webauthn:extension:largeBlob: true, webauthn:extension:minPinLength: true, webauthn:extension:prf: true, webauthn:virtualAuthenticators: true}
Session ID: 60ac79dd4ff7a4238844d44829b0d397
2025-05-30 12:51:08 [main] INFO  l.i.u.t.SubmittedApplicationsPageTest - Marking 'Taip' radio button 7
2025-05-30 12:51:18 [main] ERROR l.i.u.p.SubmittedApplicationsPage - Error selecting radio button: Expected condition failed: waiting for element to be clickable: By.xpath: (//input[@type='radio' and @value='true'])[15] (tried for 10 second(s) with 500 milliseconds interval)
Build info: version: '4.27.0', revision: 'd6e718d134'
System info: os.name: 'Windows 11', os.arch: 'amd64', os.version: '10.0', java.version: '21.0.3'
Driver info: org.openqa.selenium.chrome.ChromeDriver
Capabilities {acceptInsecureCerts: false, browserName: chrome, browserVersion: 136.0.7103.114, chrome: {chromedriverVersion: 136.0.7103.113 (76fa3c17824..., userDataDir: C:\Users\INGRID~1.ZAD\AppDa...}, fedcm:accounts: true, goog:chromeOptions: {debuggerAddress: localhost:60977}, networkConnectionEnabled: false, pageLoadStrategy: normal, platformName: windows, proxy: Proxy(), se:cdp: ws://localhost:60977/devtoo..., se:cdpVersion: 136.0.7103.114, setWindowRect: true, strictFileInteractability: false, timeouts: {implicit: 0, pageLoad: 300000, script: 30000}, unhandledPromptBehavior: dismiss and notify, webauthn:extension:credBlob: true, webauthn:extension:largeBlob: true, webauthn:extension:minPinLength: true, webauthn:extension:prf: true, webauthn:virtualAuthenticators: true}
Session ID: 60ac79dd4ff7a4238844d44829b0d397
2025-05-30 12:51:18 [main] INFO  l.i.u.t.SubmittedApplicationsPageTest - Marking 'Taip' radio button 8
2025-05-30 12:51:28 [main] ERROR l.i.u.p.SubmittedApplicationsPage - Error selecting radio button: Expected condition failed: waiting for element to be clickable: By.xpath: (//input[@type='radio' and @value='true'])[16] (tried for 10 second(s) with 500 milliseconds interval)
Build info: version: '4.27.0', revision: 'd6e718d134'
System info: os.name: 'Windows 11', os.arch: 'amd64', os.version: '10.0', java.version: '21.0.3'
Driver info: org.openqa.selenium.chrome.ChromeDriver
Capabilities {acceptInsecureCerts: false, browserName: chrome, browserVersion: 136.0.7103.114, chrome: {chromedriverVersion: 136.0.7103.113 (76fa3c17824..., userDataDir: C:\Users\INGRID~1.ZAD\AppDa...}, fedcm:accounts: true, goog:chromeOptions: {debuggerAddress: localhost:60977}, networkConnectionEnabled: false, pageLoadStrategy: normal, platformName: windows, proxy: Proxy(), se:cdp: ws://localhost:60977/devtoo..., se:cdpVersion: 136.0.7103.114, setWindowRect: true, strictFileInteractability: false, timeouts: {implicit: 0, pageLoad: 300000, script: 30000}, unhandledPromptBehavior: dismiss and notify, webauthn:extension:credBlob: true, webauthn:extension:largeBlob: true, webauthn:extension:minPinLength: true, webauthn:extension:prf: true, webauthn:virtualAuthenticators: true}
Session ID: 60ac79dd4ff7a4238844d44829b0d397
2025-05-30 12:51:28 [main] INFO  l.i.u.t.SubmittedApplicationsPageTest - Marking 'Taip' radio button 9
2025-05-30 12:51:38 [main] ERROR l.i.u.p.SubmittedApplicationsPage - Error selecting radio button: Expected condition failed: waiting for element to be clickable: By.xpath: (//input[@type='radio' and @value='true'])[17] (tried for 10 second(s) with 500 milliseconds interval)
Build info: version: '4.27.0', revision: 'd6e718d134'
System info: os.name: 'Windows 11', os.arch: 'amd64', os.version: '10.0', java.version: '21.0.3'
Driver info: org.openqa.selenium.chrome.ChromeDriver
Capabilities {acceptInsecureCerts: false, browserName: chrome, browserVersion: 136.0.7103.114, chrome: {chromedriverVersion: 136.0.7103.113 (76fa3c17824..., userDataDir: C:\Users\INGRID~1.ZAD\AppDa...}, fedcm:accounts: true, goog:chromeOptions: {debuggerAddress: localhost:60977}, networkConnectionEnabled: false, pageLoadStrategy: normal, platformName: windows, proxy: Proxy(), se:cdp: ws://localhost:60977/devtoo..., se:cdpVersion: 136.0.7103.114, setWindowRect: true, strictFileInteractability: false, timeouts: {implicit: 0, pageLoad: 300000, script: 30000}, unhandledPromptBehavior: dismiss and notify, webauthn:extension:credBlob: true, webauthn:extension:largeBlob: true, webauthn:extension:minPinLength: true, webauthn:extension:prf: true, webauthn:virtualAuthenticators: true}
Session ID: 60ac79dd4ff7a4238844d44829b0d397
2025-05-30 12:51:38 [main] INFO  l.i.u.t.SubmittedApplicationsPageTest - Marking 'Taip' radio button 10
2025-05-30 12:51:48 [main] ERROR l.i.u.p.SubmittedApplicationsPage - Error selecting radio button: Expected condition failed: waiting for element to be clickable: By.xpath: (//input[@type='radio' and @value='true'])[18] (tried for 10 second(s) with 500 milliseconds interval)
Build info: version: '4.27.0', revision: 'd6e718d134'
System info: os.name: 'Windows 11', os.arch: 'amd64', os.version: '10.0', java.version: '21.0.3'
Driver info: org.openqa.selenium.chrome.ChromeDriver
Capabilities {acceptInsecureCerts: false, browserName: chrome, browserVersion: 136.0.7103.114, chrome: {chromedriverVersion: 136.0.7103.113 (76fa3c17824..., userDataDir: C:\Users\INGRID~1.ZAD\AppDa...}, fedcm:accounts: true, goog:chromeOptions: {debuggerAddress: localhost:60977}, networkConnectionEnabled: false, pageLoadStrategy: normal, platformName: windows, proxy: Proxy(), se:cdp: ws://localhost:60977/devtoo..., se:cdpVersion: 136.0.7103.114, setWindowRect: true, strictFileInteractability: false, timeouts: {implicit: 0, pageLoad: 300000, script: 30000}, unhandledPromptBehavior: dismiss and notify, webauthn:extension:credBlob: true, webauthn:extension:largeBlob: true, webauthn:extension:minPinLength: true, webauthn:extension:prf: true, webauthn:virtualAuthenticators: true}
Session ID: 60ac79dd4ff7a4238844d44829b0d397
2025-05-30 12:51:48 [main] INFO  l.i.u.t.SubmittedApplicationsPageTest - Marking 'Taip' radio button 11
2025-05-30 12:51:59 [main] ERROR l.i.u.p.SubmittedApplicationsPage - Error selecting radio button: Expected condition failed: waiting for element to be clickable: By.xpath: (//input[@type='radio' and @value='true'])[19] (tried for 10 second(s) with 500 milliseconds interval)
Build info: version: '4.27.0', revision: 'd6e718d134'
System info: os.name: 'Windows 11', os.arch: 'amd64', os.version: '10.0', java.version: '21.0.3'
Driver info: org.openqa.selenium.chrome.ChromeDriver
Capabilities {acceptInsecureCerts: false, browserName: chrome, browserVersion: 136.0.7103.114, chrome: {chromedriverVersion: 136.0.7103.113 (76fa3c17824..., userDataDir: C:\Users\INGRID~1.ZAD\AppDa...}, fedcm:accounts: true, goog:chromeOptions: {debuggerAddress: localhost:60977}, networkConnectionEnabled: false, pageLoadStrategy: normal, platformName: windows, proxy: Proxy(), se:cdp: ws://localhost:60977/devtoo..., se:cdpVersion: 136.0.7103.114, setWindowRect: true, strictFileInteractability: false, timeouts: {implicit: 0, pageLoad: 300000, script: 30000}, unhandledPromptBehavior: dismiss and notify, webauthn:extension:credBlob: true, webauthn:extension:largeBlob: true, webauthn:extension:minPinLength: true, webauthn:extension:prf: true, webauthn:virtualAuthenticators: true}
Session ID: 60ac79dd4ff7a4238844d44829b0d397
2025-05-30 12:51:59 [main] INFO  l.i.u.t.SubmittedApplicationsPageTest - Marking 'Taip' radio button 12
2025-05-30 12:52:09 [main] DEBUG l.i.u.t.SubmittedApplicationsPageTest - Checked 'ConfirmationStepFour'
2025-05-30 12:52:09 [main] DEBUG l.i.u.t.SubmittedApplicationsPageTest - Clicked 'Next' button after checkboxes.
2025-05-30 12:52:09 [main] INFO  l.i.u.p.SubmittedApplicationsPage - File uploaded successfully to an input element.
2025-05-30 12:52:09 [main] INFO  l.i.u.p.SubmittedApplicationsPage - File uploaded successfully to an input element.
2025-05-30 12:52:09 [main] INFO  l.i.u.p.SubmittedApplicationsPage - File uploaded successfully to an input element.
2025-05-30 12:52:09 [main] INFO  l.i.u.p.SubmittedApplicationsPage - File uploaded successfully to an input element.
2025-05-30 12:52:09 [main] INFO  l.i.u.p.SubmittedApplicationsPage - File uploaded successfully to an input element.
2025-05-30 12:52:09 [main] INFO  l.i.u.p.SubmittedApplicationsPage - File uploaded successfully to an input element.
2025-05-30 12:52:09 [main] INFO  l.i.u.p.SubmittedApplicationsPage - File uploaded successfully to an input element.
2025-05-30 12:52:09 [main] INFO  l.i.u.p.SubmittedApplicationsPage - File uploaded successfully to an input element.
2025-05-30 12:52:09 [main] INFO  l.i.u.p.SubmittedApplicationsPage - File uploaded successfully to an input element.
2025-05-30 12:52:10 [main] INFO  l.i.u.p.SubmittedApplicationsPage - File uploaded successfully to an input element.
2025-05-30 12:52:10 [main] DEBUG l.i.u.t.SubmittedApplicationsPageTest - Entered program name: 'Dokumentas 1'.
2025-05-30 12:52:10 [main] DEBUG l.i.u.t.SubmittedApplicationsPageTest - Entered program name: 'Dokumentas 2'.
2025-05-30 12:52:10 [main] DEBUG l.i.u.t.SubmittedApplicationsPageTest - Entered program name: 'Dokumentas 3'.
2025-05-30 12:52:10 [main] DEBUG l.i.u.t.SubmittedApplicationsPageTest - Entered program name: 'Dokumentas 4'.
2025-05-30 12:52:10 [main] DEBUG l.i.u.t.SubmittedApplicationsPageTest - Entered program name: 'Dokumentas 5'.
2025-05-30 12:52:10 [main] DEBUG l.i.u.t.SubmittedApplicationsPageTest - Entered program name: 'Dokumentas 6'.
2025-05-30 12:52:11 [main] DEBUG l.i.u.t.SubmittedApplicationsPageTest - Entered program name: 'Dokumentas 4'.
2025-05-30 12:52:11 [main] DEBUG l.i.u.t.SubmittedApplicationsPageTest - Entered program name: 'Dokumentas 8'.
2025-05-30 12:52:11 [main] DEBUG l.i.u.t.SubmittedApplicationsPageTest - Entered program name: 'Dokumentas 9'.
2025-05-30 12:52:11 [main] DEBUG l.i.u.t.SubmittedApplicationsPageTest - Entered program name: 'Dokumentas 10'.
2025-05-30 12:52:21 [main] DEBUG l.i.u.t.SubmittedApplicationsPageTest - Checked 'ConfirmationDocument'
2025-05-30 12:52:31 [main] DEBUG l.i.u.t.SubmittedApplicationsPageTest - Checked 'ConfirmationApplication'
2025-05-30 12:52:31 [main] DEBUG l.i.u.t.SubmittedApplicationsPageTest - Clicked 'SaveDraft' button after checkboxes.
2025-05-30 12:52:32 [main] DEBUG l.i.uztis.pages.ApplicationFormsPage - Verified success message: 'Ruošinys sėkmingai išsaugotas.'
2025-05-30 12:52:32 [main] INFO  l.i.u.t.SubmittedApplicationsPageTest - Verified success message
2025-05-30 12:52:32 [main] DEBUG l.i.u.t.SubmittedApplicationsPageTest - Clicked 'Review' button after checkboxes.
2025-05-30 12:52:34 [main] DEBUG l.i.u.t.SubmittedApplicationsPageTest - Clicked 'Submit' button after checkboxes.
2025-05-30 12:52:34 [main] DEBUG l.i.u.t.SubmittedApplicationsPageTest - Clicked 'SubmitConfirmation' button after checkboxes.
2025-05-30 12:52:34 [main] ERROR l.i.uztis.pages.ApplicationFormsPage - Failed to verify the success message: 'Paraiška sėkmingai pateikta ir užregistruota.'. Available messages: [Ruošinys sėkmingai išsaugotas.]
2025-05-30 12:52:34 [main] INFO  l.i.u.t.SubmittedApplicationsPageTest - Test 'testFillNewVUIApplicationFA' completed successfully.
2025-05-30 12:52:55 [main] INFO  lt.insoft.uztis.tests.UztisPageTest - Navigated to https://uztisdev.asseco.lt/home
2025-05-30 12:52:55 [main] INFO  l.i.u.t.SubmittedApplicationsPageTest - Starting test:'testAddEvaluators'
2025-05-30 12:52:56 [main] INFO  l.insoft.uztis.tests.utils.TestUtils - Login attempt with user: evaluation_chief
2025-05-30 12:52:56 [main] DEBUG l.i.u.t.SubmittedApplicationsPageTest - User logged in with test credentials
2025-05-30 12:52:57 [main] DEBUG l.i.u.t.SubmittedApplicationsPageTest - Opened 'Application Processing' menu.
2025-05-30 12:52:57 [main] DEBUG l.i.u.t.SubmittedApplicationsPageTest - Clicked on 'Application Forms' menu.
2025-05-30 12:52:58 [main] DEBUG l.i.u.t.SubmittedApplicationsPageTest - Retrieved last description code text: 'TST-VUI-80'.
2025-05-30 12:52:58 [main] DEBUG l.i.u.t.SubmittedApplicationsPageTest - Clicked on 'Invitation' menu.
2025-05-30 12:53:00 [main] DEBUG l.i.u.t.SubmittedApplicationsPageTest - Selected application section by code: 'TST-VUI-80'.
2025-05-30 12:53:00 [main] DEBUG l.i.u.t.SubmittedApplicationsPageTest - Clicked 'Search' button.
2025-05-30 12:53:00 [main] DEBUG l.i.u.t.SubmittedApplicationsPageTest - Retrieved invitation code: ''.
2025-05-30 12:53:00 [main] DEBUG l.i.u.t.SubmittedApplicationsPageTest - Clicked on 'Submitted Applications' menu.
2025-05-30 12:53:02 [main] DEBUG l.i.u.t.SubmittedApplicationsPageTest - Selected invitation by code: 'TST-VUI-80'.
2025-05-30 12:53:02 [main] DEBUG l.i.u.t.SubmittedApplicationsPageTest - Invitation code inserted.
2025-05-30 12:53:02 [main] DEBUG l.i.u.t.SubmittedApplicationsPageTest - Clicked on 'Action Application' button.
2025-05-30 12:53:03 [main] DEBUG l.i.u.t.SubmittedApplicationsPageTest - Clicked on 'Add Evaluators' button.
2025-05-30 12:53:03 [main] DEBUG l.i.u.t.SubmittedApplicationsPageTest - Entered first evaluation date.
2025-05-30 12:53:03 [main] DEBUG l.i.u.t.SubmittedApplicationsPageTest - Entered second evaluation date.
2025-05-30 12:53:03 [main] DEBUG l.i.u.t.SubmittedApplicationsPageTest - Entered third evaluation date.
2025-05-30 12:53:03 [main] DEBUG l.i.u.t.SubmittedApplicationsPageTest - Clicked on 'Add Evaluators' confirmation button.
2025-05-30 12:53:04 [main] DEBUG l.i.uztis.pages.ApplicationFormsPage - Verified success message: 'Paraiškų vertinimai sėkmingai priskirti vertintojams.'
2025-05-30 12:53:04 [main] INFO  l.i.u.t.SubmittedApplicationsPageTest - Verified success message
2025-05-30 12:53:04 [main] INFO  l.i.u.t.SubmittedApplicationsPageTest - Test 'testAddEvaluators' completed successfully.
2025-05-30 12:53:20 [main] INFO  lt.insoft.uztis.tests.UztisPageTest - Navigated to https://uztisdev.asseco.lt/home
2025-05-30 12:53:20 [main] INFO  l.i.uztis.tests.EvaluationsPageTest - Starting test:'testFillSaveDraftEvaluationOne'
2025-05-30 12:53:20 [main] INFO  l.i.uztis.tests.EvaluationsPageTest - Starting test:'testNavigateToEvaluationsPage'
2025-05-30 12:53:21 [main] INFO  l.insoft.uztis.tests.utils.TestUtils - Login attempt with user: evaluation_chief
2025-05-30 12:53:21 [main] DEBUG l.i.uztis.tests.EvaluationsPageTest - User logged in with test credentials
2025-05-30 12:53:21 [main] DEBUG l.i.uztis.tests.EvaluationsPageTest - Opened 'Application Processing' menu.
2025-05-30 12:53:22 [main] DEBUG l.i.uztis.tests.EvaluationsPageTest - Clicked on 'Evaluations' menu.
2025-05-30 12:53:22 [main] DEBUG l.i.uztis.tests.EvaluationsPageTest - Navigating to evaluations menu.
2025-05-30 12:53:22 [main] INFO  l.i.uztis.tests.EvaluationsPageTest - Test 'testNavigateToEvaluationsPage' completed successfully.
2025-05-30 12:53:22 [main] DEBUG l.i.uztis.tests.EvaluationsPageTest - Clicked on last evaluation.
2025-05-30 12:53:23 [main] DEBUG l.i.uztis.tests.EvaluationsPageTest - Clicked 'Edit'.
2025-05-30 12:53:27 [main] DEBUG l.i.uztis.tests.EvaluationsPageTest - Selected '1.1' radio button.
2025-05-30 12:53:30 [main] DEBUG l.i.uztis.tests.EvaluationsPageTest - Selected '1.2' radio button.
2025-05-30 12:53:32 [main] DEBUG l.i.uztis.tests.EvaluationsPageTest - Selected '1.3' radio button.
2025-05-30 12:53:34 [main] DEBUG l.i.uztis.tests.EvaluationsPageTest - Selected '1.4' radio button.
2025-05-30 12:53:36 [main] DEBUG l.i.uztis.tests.EvaluationsPageTest - Selected '1.5' radio button.
2025-05-30 12:53:38 [main] DEBUG l.i.uztis.tests.EvaluationsPageTest - Selected '2.1' radio button.
2025-05-30 12:53:40 [main] DEBUG l.i.uztis.tests.EvaluationsPageTest - Selected '3.1' radio button.
2025-05-30 12:53:41 [main] DEBUG l.i.uztis.tests.EvaluationsPageTest - Selected '4.2' radio button.
2025-05-30 12:53:41 [main] DEBUG l.i.uztis.tests.EvaluationsPageTest - Selected '5.1' radio button.
2025-05-30 12:53:41 [main] DEBUG l.i.uztis.tests.EvaluationsPageTest - Selected '5.2' radio button.
2025-05-30 12:53:41 [main] DEBUG l.i.uztis.tests.EvaluationsPageTest - Selected '6.1' radio button.
2025-05-30 12:53:42 [main] DEBUG l.i.uztis.tests.EvaluationsPageTest - Selected '6.2' radio button.
2025-05-30 12:53:42 [main] DEBUG l.i.uztis.tests.EvaluationsPageTest - Clicked on expansion panel 'Not Critical'.
2025-05-30 12:53:43 [main] DEBUG l.i.uztis.tests.EvaluationsPageTest - Selected '7' radio button.
2025-05-30 12:53:43 [main] DEBUG l.i.uztis.tests.EvaluationsPageTest - Selected '8_1' radio button.
2025-05-30 12:53:43 [main] DEBUG l.i.uztis.tests.EvaluationsPageTest - Selected '8_2' radio button.
2025-05-30 12:53:44 [main] DEBUG l.i.uztis.tests.EvaluationsPageTest - Selected '8_3' radio button.
2025-05-30 12:53:44 [main] DEBUG l.i.uztis.tests.EvaluationsPageTest - Selected '8_4' radio button.
2025-05-30 12:53:45 [main] DEBUG l.i.uztis.tests.EvaluationsPageTest - Selected '8_5' radio button.
2025-05-30 12:53:45 [main] DEBUG l.i.uztis.tests.EvaluationsPageTest - Selected '8_6' radio button.
2025-05-30 12:53:46 [main] DEBUG l.i.uztis.tests.EvaluationsPageTest - Selected '8_7' radio button.
2025-05-30 12:53:46 [main] DEBUG l.i.uztis.tests.EvaluationsPageTest - Selected '8_8' radio button.
2025-05-30 12:53:47 [main] DEBUG l.i.uztis.tests.EvaluationsPageTest - Selected '8_9' radio button.
2025-05-30 12:53:47 [main] DEBUG l.i.uztis.tests.EvaluationsPageTest - Selected '8_10' radio button.
2025-05-30 12:53:48 [main] DEBUG l.i.uztis.tests.EvaluationsPageTest - Selected '9' radio button.
2025-05-30 12:53:48 [main] DEBUG l.i.uztis.tests.EvaluationsPageTest - Selected '10.1' radio button.
2025-05-30 12:53:49 [main] DEBUG l.i.uztis.tests.EvaluationsPageTest - Selected '10.2' radio button.
2025-05-30 12:53:49 [main] DEBUG l.i.uztis.tests.EvaluationsPageTest - Selected '10.3' radio button.
2025-05-30 12:53:50 [main] DEBUG l.i.uztis.tests.EvaluationsPageTest - Entered  explanation: 'Balas pakoreduotas ranka'.
2025-05-30 12:53:50 [main] DEBUG l.i.uztis.tests.EvaluationsPageTest - Clicked 'Save Draft'.
2025-05-30 12:53:50 [main] ERROR l.i.uztis.tests.EvaluationsPageTest - Test 'testFillSaveDraftEvaluationOne' failed with error: stale element reference: stale element not found in the current frame
  (Session info: chrome=136.0.7103.114)
For documentation on this error, please visit: https://www.selenium.dev/documentation/webdriver/troubleshooting/errors#stale-element-reference-exception
Build info: version: '4.27.0', revision: 'd6e718d134'
System info: os.name: 'Windows 11', os.arch: 'amd64', os.version: '10.0', java.version: '21.0.3'
Driver info: org.openqa.selenium.chrome.ChromeDriver
Command: [ed352c0e1b0de62f4d0a9756dabb2b99, getElementText {id=f.44C4E3389AAC045E2224B322358E40DF.d.34C5420A2A70CADE8863B82142A61572.e.421}]
Capabilities {acceptInsecureCerts: false, browserName: chrome, browserVersion: 136.0.7103.114, chrome: {chromedriverVersion: 136.0.7103.113 (76fa3c17824..., userDataDir: C:\Users\INGRID~1.ZAD\AppDa...}, fedcm:accounts: true, goog:chromeOptions: {debuggerAddress: localhost:61190}, networkConnectionEnabled: false, pageLoadStrategy: normal, platformName: windows, proxy: Proxy(), se:cdp: ws://localhost:61190/devtoo..., se:cdpVersion: 136.0.7103.114, setWindowRect: true, strictFileInteractability: false, timeouts: {implicit: 0, pageLoad: 300000, script: 30000}, unhandledPromptBehavior: dismiss and notify, webauthn:extension:credBlob: true, webauthn:extension:largeBlob: true, webauthn:extension:minPinLength: true, webauthn:extension:prf: true, webauthn:virtualAuthenticators: true}
Element: [[ChromeDriver: chrome on windows (ed352c0e1b0de62f4d0a9756dabb2b99)] -> css selector: [class='w-100']]
Session ID: ed352c0e1b0de62f4d0a9756dabb2b99
org.openqa.selenium.StaleElementReferenceException: stale element reference: stale element not found in the current frame
  (Session info: chrome=136.0.7103.114)
For documentation on this error, please visit: https://www.selenium.dev/documentation/webdriver/troubleshooting/errors#stale-element-reference-exception
Build info: version: '4.27.0', revision: 'd6e718d134'
System info: os.name: 'Windows 11', os.arch: 'amd64', os.version: '10.0', java.version: '21.0.3'
Driver info: org.openqa.selenium.chrome.ChromeDriver
Command: [ed352c0e1b0de62f4d0a9756dabb2b99, getElementText {id=f.44C4E3389AAC045E2224B322358E40DF.d.34C5420A2A70CADE8863B82142A61572.e.421}]
Capabilities {acceptInsecureCerts: false, browserName: chrome, browserVersion: 136.0.7103.114, chrome: {chromedriverVersion: 136.0.7103.113 (76fa3c17824..., userDataDir: C:\Users\INGRID~1.ZAD\AppDa...}, fedcm:accounts: true, goog:chromeOptions: {debuggerAddress: localhost:61190}, networkConnectionEnabled: false, pageLoadStrategy: normal, platformName: windows, proxy: Proxy(), se:cdp: ws://localhost:61190/devtoo..., se:cdpVersion: 136.0.7103.114, setWindowRect: true, strictFileInteractability: false, timeouts: {implicit: 0, pageLoad: 300000, script: 30000}, unhandledPromptBehavior: dismiss and notify, webauthn:extension:credBlob: true, webauthn:extension:largeBlob: true, webauthn:extension:minPinLength: true, webauthn:extension:prf: true, webauthn:virtualAuthenticators: true}
Element: [[ChromeDriver: chrome on windows (ed352c0e1b0de62f4d0a9756dabb2b99)] -> css selector: [class='w-100']]
Session ID: ed352c0e1b0de62f4d0a9756dabb2b99
	at java.base/jdk.internal.reflect.DirectConstructorHandleAccessor.newInstance(DirectConstructorHandleAccessor.java:62)
	at java.base/java.lang.reflect.Constructor.newInstanceWithCaller(Constructor.java:502)
	at java.base/java.lang.reflect.Constructor.newInstance(Constructor.java:486)
	at org.openqa.selenium.remote.ErrorCodec.decode(ErrorCodec.java:167)
	at org.openqa.selenium.remote.codec.w3c.W3CHttpResponseCodec.decode(W3CHttpResponseCodec.java:138)
	at org.openqa.selenium.remote.codec.w3c.W3CHttpResponseCodec.decode(W3CHttpResponseCodec.java:50)
	at org.openqa.selenium.remote.HttpCommandExecutor.execute(HttpCommandExecutor.java:190)
	at org.openqa.selenium.remote.service.DriverCommandExecutor.invokeExecute(DriverCommandExecutor.java:216)
	at org.openqa.selenium.remote.service.DriverCommandExecutor.execute(DriverCommandExecutor.java:174)
	at org.openqa.selenium.remote.RemoteWebDriver.execute(RemoteWebDriver.java:545)
	at org.openqa.selenium.remote.RemoteWebElement.execute(RemoteWebElement.java:223)
	at org.openqa.selenium.remote.RemoteWebElement.getText(RemoteWebElement.java:191)
	at java.base/java.util.stream.ReferencePipeline$3$1.accept(ReferencePipeline.java:197)
	at java.base/java.util.ArrayList$ArrayListSpliterator.forEachRemaining(ArrayList.java:1708)
	at java.base/java.util.stream.AbstractPipeline.copyInto(AbstractPipeline.java:509)
	at java.base/java.util.stream.AbstractPipeline.wrapAndCopyInto(AbstractPipeline.java:499)
	at java.base/java.util.stream.ReduceOps$ReduceOp.evaluateSequential(ReduceOps.java:921)
	at java.base/java.util.stream.AbstractPipeline.evaluate(AbstractPipeline.java:234)
	at java.base/java.util.stream.ReferencePipeline.collect(ReferencePipeline.java:682)
	at lt.insoft.uztis.pages.ApplicationFormsPage.getAllMessagesText(ApplicationFormsPage.java:153)
	at lt.insoft.uztis.pages.ApplicationFormsPage.verifySuccessMessage(ApplicationFormsPage.java:157)
	at lt.insoft.uztis.tests.EvaluationsPageTest.testFillSaveDraftEvaluationOne(EvaluationsPageTest.java:174)
	at java.base/jdk.internal.reflect.DirectMethodHandleAccessor.invoke(DirectMethodHandleAccessor.java:103)
	at java.base/java.lang.reflect.Method.invoke(Method.java:580)
	at org.junit.platform.commons.util.ReflectionUtils.invokeMethod(ReflectionUtils.java:728)
	at org.junit.jupiter.engine.execution.MethodInvocation.proceed(MethodInvocation.java:60)
	at org.junit.jupiter.engine.execution.InvocationInterceptorChain$ValidatingInvocation.proceed(InvocationInterceptorChain.java:131)
	at org.junit.jupiter.engine.extension.TimeoutExtension.intercept(TimeoutExtension.java:156)
	at org.junit.jupiter.engine.extension.TimeoutExtension.interceptTestableMethod(TimeoutExtension.java:147)
	at org.junit.jupiter.engine.extension.TimeoutExtension.interceptTestMethod(TimeoutExtension.java:86)
	at org.junit.jupiter.engine.execution.InterceptingExecutableInvoker$ReflectiveInterceptorCall.lambda$ofVoidMethod$0(InterceptingExecutableInvoker.java:103)
	at org.junit.jupiter.engine.execution.InterceptingExecutableInvoker.lambda$invoke$0(InterceptingExecutableInvoker.java:93)
	at org.junit.jupiter.engine.execution.InvocationInterceptorChain$InterceptedInvocation.proceed(InvocationInterceptorChain.java:106)
	at org.junit.jupiter.engine.execution.InvocationInterceptorChain.proceed(InvocationInterceptorChain.java:64)
	at org.junit.jupiter.engine.execution.InvocationInterceptorChain.chainAndInvoke(InvocationInterceptorChain.java:45)
	at org.junit.jupiter.engine.execution.InvocationInterceptorChain.invoke(InvocationInterceptorChain.java:37)
	at org.junit.jupiter.engine.execution.InterceptingExecutableInvoker.invoke(InterceptingExecutableInvoker.java:92)
	at org.junit.jupiter.engine.execution.InterceptingExecutableInvoker.invoke(InterceptingExecutableInvoker.java:86)
	at org.junit.jupiter.engine.descriptor.TestMethodTestDescriptor.lambda$invokeTestMethod$7(TestMethodTestDescriptor.java:218)
	at org.junit.platform.engine.support.hierarchical.ThrowableCollector.execute(ThrowableCollector.java:73)
	at org.junit.jupiter.engine.descriptor.TestMethodTestDescriptor.invokeTestMethod(TestMethodTestDescriptor.java:214)
	at org.junit.jupiter.engine.descriptor.TestMethodTestDescriptor.execute(TestMethodTestDescriptor.java:139)
	at org.junit.jupiter.engine.descriptor.TestMethodTestDescriptor.execute(TestMethodTestDescriptor.java:69)
	at org.junit.platform.engine.support.hierarchical.NodeTestTask.lambda$executeRecursively$6(NodeTestTask.java:151)
	at org.junit.platform.engine.support.hierarchical.ThrowableCollector.execute(ThrowableCollector.java:73)
	at org.junit.platform.engine.support.hierarchical.NodeTestTask.lambda$executeRecursively$8(NodeTestTask.java:141)
	at org.junit.platform.engine.support.hierarchical.Node.around(Node.java:137)
	at org.junit.platform.engine.support.hierarchical.NodeTestTask.lambda$executeRecursively$9(NodeTestTask.java:139)
	at org.junit.platform.engine.support.hierarchical.ThrowableCollector.execute(ThrowableCollector.java:73)
	at org.junit.platform.engine.support.hierarchical.NodeTestTask.executeRecursively(NodeTestTask.java:138)
	at org.junit.platform.engine.support.hierarchical.NodeTestTask.execute(NodeTestTask.java:95)
	at java.base/java.util.ArrayList.forEach(ArrayList.java:1596)
	at org.junit.platform.engine.support.hierarchical.SameThreadHierarchicalTestExecutorService.invokeAll(SameThreadHierarchicalTestExecutorService.java:41)
	at org.junit.platform.engine.support.hierarchical.NodeTestTask.lambda$executeRecursively$6(NodeTestTask.java:155)
	at org.junit.platform.engine.support.hierarchical.ThrowableCollector.execute(ThrowableCollector.java:73)
	at org.junit.platform.engine.support.hierarchical.NodeTestTask.lambda$executeRecursively$8(NodeTestTask.java:141)
	at org.junit.platform.engine.support.hierarchical.Node.around(Node.java:137)
	at org.junit.platform.engine.support.hierarchical.NodeTestTask.lambda$executeRecursively$9(NodeTestTask.java:139)
	at org.junit.platform.engine.support.hierarchical.ThrowableCollector.execute(ThrowableCollector.java:73)
	at org.junit.platform.engine.support.hierarchical.NodeTestTask.executeRecursively(NodeTestTask.java:138)
	at org.junit.platform.engine.support.hierarchical.NodeTestTask.execute(NodeTestTask.java:95)
	at java.base/java.util.ArrayList.forEach(ArrayList.java:1596)
	at org.junit.platform.engine.support.hierarchical.SameThreadHierarchicalTestExecutorService.invokeAll(SameThreadHierarchicalTestExecutorService.java:41)
	at org.junit.platform.engine.support.hierarchical.NodeTestTask.lambda$executeRecursively$6(NodeTestTask.java:155)
	at org.junit.platform.engine.support.hierarchical.ThrowableCollector.execute(ThrowableCollector.java:73)
	at org.junit.platform.engine.support.hierarchical.NodeTestTask.lambda$executeRecursively$8(NodeTestTask.java:141)
	at org.junit.platform.engine.support.hierarchical.Node.around(Node.java:137)
	at org.junit.platform.engine.support.hierarchical.NodeTestTask.lambda$executeRecursively$9(NodeTestTask.java:139)
	at org.junit.platform.engine.support.hierarchical.ThrowableCollector.execute(ThrowableCollector.java:73)
	at org.junit.platform.engine.support.hierarchical.NodeTestTask.executeRecursively(NodeTestTask.java:138)
	at org.junit.platform.engine.support.hierarchical.NodeTestTask.execute(NodeTestTask.java:95)
	at org.junit.platform.engine.support.hierarchical.SameThreadHierarchicalTestExecutorService.submit(SameThreadHierarchicalTestExecutorService.java:35)
	at org.junit.platform.engine.support.hierarchical.HierarchicalTestExecutor.execute(HierarchicalTestExecutor.java:57)
	at org.junit.platform.engine.support.hierarchical.HierarchicalTestEngine.execute(HierarchicalTestEngine.java:54)
	at org.junit.platform.launcher.core.EngineExecutionOrchestrator.execute(EngineExecutionOrchestrator.java:198)
	at org.junit.platform.launcher.core.EngineExecutionOrchestrator.execute(EngineExecutionOrchestrator.java:169)
	at org.junit.platform.launcher.core.EngineExecutionOrchestrator.execute(EngineExecutionOrchestrator.java:93)
	at org.junit.platform.launcher.core.EngineExecutionOrchestrator.lambda$execute$0(EngineExecutionOrchestrator.java:58)
	at org.junit.platform.launcher.core.EngineExecutionOrchestrator.withInterceptedStreams(EngineExecutionOrchestrator.java:141)
	at org.junit.platform.launcher.core.EngineExecutionOrchestrator.execute(EngineExecutionOrchestrator.java:57)
	at org.junit.platform.launcher.core.DefaultLauncher.execute(DefaultLauncher.java:103)
	at org.junit.platform.launcher.core.DefaultLauncher.execute(DefaultLauncher.java:85)
	at org.junit.platform.launcher.core.DelegatingLauncher.execute(DelegatingLauncher.java:47)
	at org.junit.platform.launcher.core.SessionPerRequestLauncher.execute(SessionPerRequestLauncher.java:63)
	at com.intellij.junit5.JUnit5IdeaTestRunner.startRunnerWithArgs(JUnit5IdeaTestRunner.java:57)
	at com.intellij.rt.junit.IdeaTestRunner$Repeater$1.execute(IdeaTestRunner.java:38)
	at com.intellij.rt.execution.junit.TestsRepeater.repeat(TestsRepeater.java:11)
	at com.intellij.rt.junit.IdeaTestRunner$Repeater.startRunnerWithArgs(IdeaTestRunner.java:35)
	at com.intellij.rt.junit.JUnitStarter.prepareStreamsAndStart(JUnitStarter.java:232)
	at com.intellij.rt.junit.JUnitStarter.main(JUnitStarter.java:55)
2025-05-30 12:53:50 [main] INFO  l.insoft.uztis.tests.utils.TestUtils - Screenshot moved to C:\Users\ingrida.zadorozniene\Desktop\Asm\UZTIS\UZTIS_tests\test-output\screenshots\20250530\125350631_testFillSaveDraftEvaluationOne().png
2025-05-30 12:55:10 [main] INFO  lt.insoft.uztis.tests.UztisPageTest - Navigated to https://uztisdev.asseco.lt/home
2025-05-30 12:55:10 [main] INFO  l.i.uztis.tests.EvaluationsPageTest - Starting test:'testFillSaveDraftEvaluationOne'
2025-05-30 12:55:10 [main] INFO  l.i.uztis.tests.EvaluationsPageTest - Starting test:'testNavigateToEvaluationsPage'
2025-05-30 12:55:11 [main] INFO  l.insoft.uztis.tests.utils.TestUtils - Login attempt with user: evaluation_chief
2025-05-30 12:55:11 [main] DEBUG l.i.uztis.tests.EvaluationsPageTest - User logged in with test credentials
2025-05-30 12:55:11 [main] DEBUG l.i.uztis.tests.EvaluationsPageTest - Opened 'Application Processing' menu.
2025-05-30 12:55:12 [main] DEBUG l.i.uztis.tests.EvaluationsPageTest - Clicked on 'Evaluations' menu.
2025-05-30 12:55:12 [main] DEBUG l.i.uztis.tests.EvaluationsPageTest - Navigating to evaluations menu.
2025-05-30 12:55:12 [main] INFO  l.i.uztis.tests.EvaluationsPageTest - Test 'testNavigateToEvaluationsPage' completed successfully.
2025-05-30 12:55:12 [main] DEBUG l.i.uztis.tests.EvaluationsPageTest - Clicked on last evaluation.
2025-05-30 12:55:13 [main] DEBUG l.i.uztis.tests.EvaluationsPageTest - Clicked 'Edit'.
2025-05-30 12:55:14 [main] DEBUG l.i.uztis.tests.EvaluationsPageTest - Selected '1.1' radio button.
2025-05-30 12:55:15 [main] DEBUG l.i.uztis.tests.EvaluationsPageTest - Selected '1.2' radio button.
2025-05-30 12:55:15 [main] DEBUG l.i.uztis.tests.EvaluationsPageTest - Selected '1.3' radio button.
2025-05-30 12:55:16 [main] DEBUG l.i.uztis.tests.EvaluationsPageTest - Selected '1.4' radio button.
2025-05-30 12:55:16 [main] DEBUG l.i.uztis.tests.EvaluationsPageTest - Selected '1.5' radio button.
2025-05-30 12:55:17 [main] DEBUG l.i.uztis.tests.EvaluationsPageTest - Selected '2.1' radio button.
2025-05-30 12:55:17 [main] DEBUG l.i.uztis.tests.EvaluationsPageTest - Selected '3.1' radio button.
2025-05-30 12:55:18 [main] DEBUG l.i.uztis.tests.EvaluationsPageTest - Selected '4.2' radio button.
2025-05-30 12:55:18 [main] DEBUG l.i.uztis.tests.EvaluationsPageTest - Selected '5.1' radio button.
2025-05-30 12:55:19 [main] DEBUG l.i.uztis.tests.EvaluationsPageTest - Selected '5.2' radio button.
2025-05-30 12:55:19 [main] DEBUG l.i.uztis.tests.EvaluationsPageTest - Selected '6.1' radio button.
2025-05-30 12:55:20 [main] DEBUG l.i.uztis.tests.EvaluationsPageTest - Selected '6.2' radio button.
2025-05-30 12:55:22 [main] DEBUG l.i.uztis.tests.EvaluationsPageTest - Clicked on expansion panel 'Not Critical'.
2025-05-30 12:55:22 [main] DEBUG l.i.uztis.tests.EvaluationsPageTest - Selected '7' radio button.
2025-05-30 12:55:23 [main] DEBUG l.i.uztis.tests.EvaluationsPageTest - Selected '8_1' radio button.
2025-05-30 12:55:24 [main] DEBUG l.i.uztis.tests.EvaluationsPageTest - Selected '8_2' radio button.
2025-05-30 12:55:24 [main] DEBUG l.i.uztis.tests.EvaluationsPageTest - Selected '8_3' radio button.
2025-05-30 12:55:25 [main] DEBUG l.i.uztis.tests.EvaluationsPageTest - Selected '8_4' radio button.
2025-05-30 12:55:25 [main] DEBUG l.i.uztis.tests.EvaluationsPageTest - Selected '8_5' radio button.
2025-05-30 12:55:25 [main] DEBUG l.i.uztis.tests.EvaluationsPageTest - Selected '8_6' radio button.
2025-05-30 12:55:26 [main] DEBUG l.i.uztis.tests.EvaluationsPageTest - Selected '8_7' radio button.
2025-05-30 12:55:26 [main] DEBUG l.i.uztis.tests.EvaluationsPageTest - Selected '8_8' radio button.
2025-05-30 12:55:27 [main] DEBUG l.i.uztis.tests.EvaluationsPageTest - Selected '8_9' radio button.
2025-05-30 12:55:27 [main] DEBUG l.i.uztis.tests.EvaluationsPageTest - Selected '8_10' radio button.
2025-05-30 12:55:27 [main] DEBUG l.i.uztis.tests.EvaluationsPageTest - Selected '9' radio button.
2025-05-30 12:55:27 [main] DEBUG l.i.uztis.tests.EvaluationsPageTest - Selected '10.1' radio button.
2025-05-30 12:55:28 [main] DEBUG l.i.uztis.tests.EvaluationsPageTest - Selected '10.2' radio button.
2025-05-30 12:55:28 [main] DEBUG l.i.uztis.tests.EvaluationsPageTest - Selected '10.3' radio button.
2025-05-30 12:55:30 [main] DEBUG l.i.uztis.tests.EvaluationsPageTest - Entered  explanation: 'Balas pakoreduotas ranka'.
2025-05-30 12:55:33 [main] DEBUG l.i.uztis.tests.EvaluationsPageTest - Clicked 'Save Draft'.
2025-05-30 12:55:33 [main] DEBUG l.i.uztis.pages.ApplicationFormsPage - Verified success message: 'Duomenys sėkmingai išsaugoti.'
2025-05-30 12:55:33 [main] INFO  l.i.uztis.tests.EvaluationsPageTest - Verified success message
2025-05-30 12:55:33 [main] INFO  l.i.uztis.tests.EvaluationsPageTest - Test 'testFillSaveDraftEvaluationOne' completed successfully.
2025-05-30 12:55:47 [main] INFO  lt.insoft.uztis.tests.UztisPageTest - Navigated to https://uztisdev.asseco.lt/home
2025-05-30 12:55:47 [main] INFO  l.i.uztis.tests.EvaluationsPageTest - Starting test:'testConfirmEvaluationOne'
2025-05-30 12:55:47 [main] INFO  l.i.uztis.tests.EvaluationsPageTest - Starting test:'testNavigateToEvaluationsPage'
2025-05-30 12:55:48 [main] INFO  l.insoft.uztis.tests.utils.TestUtils - Login attempt with user: evaluation_chief
2025-05-30 12:55:48 [main] DEBUG l.i.uztis.tests.EvaluationsPageTest - User logged in with test credentials
2025-05-30 12:55:48 [main] DEBUG l.i.uztis.tests.EvaluationsPageTest - Opened 'Application Processing' menu.
2025-05-30 12:55:48 [main] DEBUG l.i.uztis.tests.EvaluationsPageTest - Clicked on 'Evaluations' menu.
2025-05-30 12:55:48 [main] DEBUG l.i.uztis.tests.EvaluationsPageTest - Navigating to evaluations menu.
2025-05-30 12:55:48 [main] INFO  l.i.uztis.tests.EvaluationsPageTest - Test 'testNavigateToEvaluationsPage' completed successfully.
2025-05-30 12:55:49 [main] DEBUG l.i.uztis.tests.EvaluationsPageTest - Clicked on last evaluation.
2025-05-30 12:55:49 [main] DEBUG l.i.uztis.tests.EvaluationsPageTest - Clicked 'Edit'.
2025-05-30 12:55:52 [main] DEBUG l.i.uztis.tests.EvaluationsPageTest - Clicked 'Confirm'.
2025-05-30 12:55:54 [main] DEBUG l.i.uztis.tests.EvaluationsPageTest - Clicked 'Confirm Confirmation'.
2025-05-30 12:55:55 [main] DEBUG l.i.uztis.tests.EvaluationsPageTest - Fetched label text: Įvertinta
2025-05-30 12:55:55 [main] INFO  l.i.uztis.tests.EvaluationsPageTest - Verified that the label text matches the expected value.
2025-05-30 12:55:55 [main] INFO  l.i.uztis.tests.EvaluationsPageTest - Test 'testConfirmEvaluationOne' completed successfully.
2025-05-30 12:56:05 [main] INFO  lt.insoft.uztis.tests.UztisPageTest - Navigated to https://uztisdev.asseco.lt/home
2025-05-30 12:56:05 [main] INFO  l.i.uztis.tests.EvaluationsPageTest - Starting test:'testFillSaveDraftEvaluationTwo'
2025-05-30 12:56:05 [main] INFO  l.i.uztis.tests.EvaluationsPageTest - Starting test:'testNavigateToEvaluationsPage'
2025-05-30 12:56:06 [main] INFO  l.insoft.uztis.tests.utils.TestUtils - Login attempt with user: evaluation_chief
2025-05-30 12:56:06 [main] DEBUG l.i.uztis.tests.EvaluationsPageTest - User logged in with test credentials
2025-05-30 12:56:06 [main] DEBUG l.i.uztis.tests.EvaluationsPageTest - Opened 'Application Processing' menu.
2025-05-30 12:56:07 [main] DEBUG l.i.uztis.tests.EvaluationsPageTest - Clicked on 'Evaluations' menu.
2025-05-30 12:56:07 [main] DEBUG l.i.uztis.tests.EvaluationsPageTest - Navigating to evaluations menu.
2025-05-30 12:56:07 [main] INFO  l.i.uztis.tests.EvaluationsPageTest - Test 'testNavigateToEvaluationsPage' completed successfully.
2025-05-30 12:56:07 [main] DEBUG l.i.uztis.tests.EvaluationsPageTest - Clicked on last evaluation.
2025-05-30 12:56:07 [main] DEBUG l.i.uztis.tests.EvaluationsPageTest - Clicked 'Edit'.
2025-05-30 12:56:08 [main] DEBUG l.i.uztis.tests.EvaluationsPageTest - Entered commission date.
2025-05-30 12:56:08 [main] DEBUG l.i.uztis.tests.EvaluationsPageTest - Selected 'Without Commission' radio button.
2025-05-30 12:56:09 [main] DEBUG l.i.uztis.tests.EvaluationsPageTest - Entered chairman name: 'Pirmininkas Pirmininkauskas'.
2025-05-30 12:56:09 [main] DEBUG l.i.uztis.tests.EvaluationsPageTest - Entered member name: 'Narys Narauskas'.
2025-05-30 12:56:09 [main] DEBUG l.i.uztis.tests.EvaluationsPageTest - Clicked 'Continue'.
2025-05-30 12:56:09 [main] DEBUG l.i.uztis.tests.EvaluationsPageTest - Entered score edition: '9'.
2025-05-30 12:56:09 [main] DEBUG l.i.uztis.tests.EvaluationsPageTest - Entered chairman score: '10'.
2025-05-30 12:56:09 [main] DEBUG l.i.uztis.tests.EvaluationsPageTest - Entered member score: '11'.
2025-05-30 12:56:10 [main] DEBUG l.i.uztis.tests.EvaluationsPageTest - Entered conclusion: 'Išvada - palanki'.
2025-05-30 12:56:10 [main] DEBUG l.i.uztis.tests.EvaluationsPageTest - Entered  explanation: 'Balas pakoreduotas ranka'.
2025-05-30 12:56:10 [main] DEBUG l.i.uztis.tests.EvaluationsPageTest - Clicked 'Save Draft'.
2025-05-30 12:56:10 [main] DEBUG l.i.uztis.pages.ApplicationFormsPage - Verified success message: 'Duomenys sėkmingai išsaugoti.'
2025-05-30 12:56:10 [main] INFO  l.i.uztis.tests.EvaluationsPageTest - Verified success message
2025-05-30 12:56:10 [main] INFO  l.i.uztis.tests.EvaluationsPageTest - Test 'testFillSaveDraftEvaluationTwo' completed successfully.
2025-05-30 12:56:26 [main] INFO  lt.insoft.uztis.tests.UztisPageTest - Navigated to https://uztisdev.asseco.lt/home
2025-05-30 12:56:26 [main] INFO  l.i.uztis.tests.EvaluationsPageTest - Starting test:'testConfirmEvaluationTwo'
2025-05-30 12:56:26 [main] INFO  l.i.uztis.tests.EvaluationsPageTest - Starting test:'testNavigateToEvaluationsPage'
2025-05-30 12:56:26 [main] INFO  l.insoft.uztis.tests.utils.TestUtils - Login attempt with user: evaluation_chief
2025-05-30 12:56:26 [main] DEBUG l.i.uztis.tests.EvaluationsPageTest - User logged in with test credentials
2025-05-30 12:56:27 [main] DEBUG l.i.uztis.tests.EvaluationsPageTest - Opened 'Application Processing' menu.
2025-05-30 12:56:27 [main] DEBUG l.i.uztis.tests.EvaluationsPageTest - Clicked on 'Evaluations' menu.
2025-05-30 12:56:27 [main] DEBUG l.i.uztis.tests.EvaluationsPageTest - Navigating to evaluations menu.
2025-05-30 12:56:27 [main] INFO  l.i.uztis.tests.EvaluationsPageTest - Test 'testNavigateToEvaluationsPage' completed successfully.
2025-05-30 12:56:28 [main] DEBUG l.i.uztis.tests.EvaluationsPageTest - Clicked on last evaluation.
2025-05-30 12:56:28 [main] DEBUG l.i.uztis.tests.EvaluationsPageTest - Clicked 'Edit'.
2025-05-30 12:56:29 [main] DEBUG l.i.uztis.tests.EvaluationsPageTest - Clicked 'Continue'.
2025-05-30 12:56:29 [main] DEBUG l.i.uztis.tests.EvaluationsPageTest - Entered conclusion: 'Išvada - papildyta'.
2025-05-30 12:56:29 [main] DEBUG l.i.uztis.tests.EvaluationsPageTest - Entered  explanation: '; Išvada pakoreduota ranka'.
2025-05-30 12:56:29 [main] DEBUG l.i.uztis.tests.EvaluationsPageTest - Clicked 'Confirm'.
2025-05-30 12:56:30 [main] DEBUG l.i.uztis.tests.EvaluationsPageTest - Clicked 'Confirm Confirmation'.
2025-05-30 12:56:30 [main] DEBUG l.i.uztis.tests.EvaluationsPageTest - Fetched label text: Įvertinta
2025-05-30 12:56:30 [main] INFO  l.i.uztis.tests.EvaluationsPageTest - Verified that the label text matches the expected value.
2025-05-30 12:56:30 [main] INFO  l.i.uztis.tests.EvaluationsPageTest - Test 'testConfirmEvaluationTwo' completed successfully.
2025-05-30 12:56:54 [main] INFO  lt.insoft.uztis.tests.UztisPageTest - Navigated to https://uztisdev.asseco.lt/home
2025-05-30 12:56:54 [main] INFO  l.i.uztis.tests.EvaluationsPageTest - Starting test:'testFillSaveDraftEvaluationThree'
2025-05-30 12:56:54 [main] INFO  l.i.uztis.tests.EvaluationsPageTest - Starting test:'testNavigateToEvaluationsPage'
2025-05-30 12:56:54 [main] INFO  l.insoft.uztis.tests.utils.TestUtils - Login attempt with user: evaluation_chief
2025-05-30 12:56:54 [main] DEBUG l.i.uztis.tests.EvaluationsPageTest - User logged in with test credentials
2025-05-30 12:56:55 [main] DEBUG l.i.uztis.tests.EvaluationsPageTest - Opened 'Application Processing' menu.
2025-05-30 12:56:55 [main] DEBUG l.i.uztis.tests.EvaluationsPageTest - Clicked on 'Evaluations' menu.
2025-05-30 12:56:55 [main] DEBUG l.i.uztis.tests.EvaluationsPageTest - Navigating to evaluations menu.
2025-05-30 12:56:55 [main] INFO  l.i.uztis.tests.EvaluationsPageTest - Test 'testNavigateToEvaluationsPage' completed successfully.
2025-05-30 12:56:56 [main] DEBUG l.i.uztis.tests.EvaluationsPageTest - Clicked on last evaluation.
2025-05-30 12:56:56 [main] DEBUG l.i.uztis.tests.EvaluationsPageTest - Clicked 'Edit'.
2025-05-30 12:56:57 [main] DEBUG l.i.uztis.tests.EvaluationsPageTest - Entered commission date.
2025-05-30 12:56:57 [main] DEBUG l.i.uztis.tests.EvaluationsPageTest - Selected 'Without Commission' radio button.
2025-05-30 12:56:57 [main] DEBUG l.i.uztis.tests.EvaluationsPageTest - Entered chairman name: 'Pirmininkas Pirmininkauskas'.
2025-05-30 12:56:57 [main] DEBUG l.i.uztis.tests.EvaluationsPageTest - Entered member name: 'Narys Narauskas'.
2025-05-30 12:56:58 [main] DEBUG l.i.uztis.tests.EvaluationsPageTest - Clicked 'Continue'.
2025-05-30 12:56:58 [main] DEBUG l.i.uztis.tests.EvaluationsPageTest - Entered chairman score 1: '1'.
2025-05-30 12:56:58 [main] DEBUG l.i.uztis.tests.EvaluationsPageTest - Entered member score 1: '2'.
2025-05-30 12:56:58 [main] DEBUG l.i.uztis.tests.EvaluationsPageTest - Entered member conclusion 1: 'Išvada - palanki 1'.
2025-05-30 12:56:58 [main] DEBUG l.i.uztis.tests.EvaluationsPageTest - Entered chairman score 2: '3'.
2025-05-30 12:56:58 [main] DEBUG l.i.uztis.tests.EvaluationsPageTest - Entered member score 2: '4'.
2025-05-30 12:56:59 [main] DEBUG l.i.uztis.tests.EvaluationsPageTest - Entered member conclusion 2: 'Išvada - palanki 2'.
2025-05-30 12:56:59 [main] DEBUG l.i.uztis.tests.EvaluationsPageTest - Entered chairman score 3: '5'.
2025-05-30 12:56:59 [main] DEBUG l.i.uztis.tests.EvaluationsPageTest - Entered member score 3: '6'.
2025-05-30 12:56:59 [main] DEBUG l.i.uztis.tests.EvaluationsPageTest - Entered member conclusion 3: 'Išvada - palanki 3'.
2025-05-30 12:56:59 [main] DEBUG l.i.uztis.tests.EvaluationsPageTest - Entered chairman score 4: '7'.
2025-05-30 12:56:59 [main] DEBUG l.i.uztis.tests.EvaluationsPageTest - Entered member score 4: '8'.
2025-05-30 12:56:59 [main] DEBUG l.i.uztis.tests.EvaluationsPageTest - Entered member conclusion 4: 'Išvada - palanki 4'.
2025-05-30 12:56:59 [main] DEBUG l.i.uztis.tests.EvaluationsPageTest - Entered chairman score 5: '9'.
2025-05-30 12:57:00 [main] DEBUG l.i.uztis.tests.EvaluationsPageTest - Entered member score 5: '10'.
2025-05-30 12:57:00 [main] DEBUG l.i.uztis.tests.EvaluationsPageTest - Entered member conclusion 5: 'Išvada - palanki 5'.
2025-05-30 12:57:00 [main] DEBUG l.i.uztis.tests.EvaluationsPageTest - Clicked 'Save Draft'.
2025-05-30 12:57:00 [main] DEBUG l.i.uztis.pages.ApplicationFormsPage - Verified success message: 'Duomenys sėkmingai išsaugoti.'
2025-05-30 12:57:00 [main] INFO  l.i.uztis.tests.EvaluationsPageTest - Verified success message
2025-05-30 12:57:00 [main] INFO  l.i.uztis.tests.EvaluationsPageTest - Test 'testFillSaveDraftEvaluationThree' completed successfully.
2025-05-30 12:57:19 [main] INFO  lt.insoft.uztis.tests.UztisPageTest - Navigated to https://uztisdev.asseco.lt/home
2025-05-30 12:57:19 [main] INFO  l.i.uztis.tests.EvaluationsPageTest - Starting test:'testConfirmEvaluationThree'
2025-05-30 12:57:19 [main] INFO  l.i.uztis.tests.EvaluationsPageTest - Starting test:'testNavigateToEvaluationsPage'
2025-05-30 12:57:21 [main] ERROR l.i.uztis.tests.EvaluationsPageTest - Test 'testNavigateToEvaluationsPage' failed with error: invalid session id: session deleted as the browser has closed the connection
from disconnected: unable to send message to renderer
  (Session info: chrome=136.0.7103.114)
Build info: version: '4.27.0', revision: 'd6e718d134'
System info: os.name: 'Windows 11', os.arch: 'amd64', os.version: '10.0', java.version: '21.0.3'
Driver info: org.openqa.selenium.chrome.ChromeDriver
Command: [829d9de3f665a95e69a43d08adcf3c98, findElement {value=username, using=id}]
Capabilities {acceptInsecureCerts: false, browserName: chrome, browserVersion: 136.0.7103.114, chrome: {chromedriverVersion: 136.0.7103.113 (76fa3c17824..., userDataDir: C:\Users\INGRID~1.ZAD\AppDa...}, fedcm:accounts: true, goog:chromeOptions: {debuggerAddress: localhost:61592}, networkConnectionEnabled: false, pageLoadStrategy: normal, platformName: windows, proxy: Proxy(), se:cdp: ws://localhost:61592/devtoo..., se:cdpVersion: 136.0.7103.114, setWindowRect: true, strictFileInteractability: false, timeouts: {implicit: 0, pageLoad: 300000, script: 30000}, unhandledPromptBehavior: dismiss and notify, webauthn:extension:credBlob: true, webauthn:extension:largeBlob: true, webauthn:extension:minPinLength: true, webauthn:extension:prf: true, webauthn:virtualAuthenticators: true}
Session ID: 829d9de3f665a95e69a43d08adcf3c98
org.openqa.selenium.NoSuchSessionException: invalid session id: session deleted as the browser has closed the connection
from disconnected: unable to send message to renderer
  (Session info: chrome=136.0.7103.114)
Build info: version: '4.27.0', revision: 'd6e718d134'
System info: os.name: 'Windows 11', os.arch: 'amd64', os.version: '10.0', java.version: '21.0.3'
Driver info: org.openqa.selenium.chrome.ChromeDriver
Command: [829d9de3f665a95e69a43d08adcf3c98, findElement {value=username, using=id}]
Capabilities {acceptInsecureCerts: false, browserName: chrome, browserVersion: 136.0.7103.114, chrome: {chromedriverVersion: 136.0.7103.113 (76fa3c17824..., userDataDir: C:\Users\INGRID~1.ZAD\AppDa...}, fedcm:accounts: true, goog:chromeOptions: {debuggerAddress: localhost:61592}, networkConnectionEnabled: false, pageLoadStrategy: normal, platformName: windows, proxy: Proxy(), se:cdp: ws://localhost:61592/devtoo..., se:cdpVersion: 136.0.7103.114, setWindowRect: true, strictFileInteractability: false, timeouts: {implicit: 0, pageLoad: 300000, script: 30000}, unhandledPromptBehavior: dismiss and notify, webauthn:extension:credBlob: true, webauthn:extension:largeBlob: true, webauthn:extension:minPinLength: true, webauthn:extension:prf: true, webauthn:virtualAuthenticators: true}
Session ID: 829d9de3f665a95e69a43d08adcf3c98
	at java.base/jdk.internal.reflect.DirectConstructorHandleAccessor.newInstance(DirectConstructorHandleAccessor.java:62)
	at java.base/java.lang.reflect.Constructor.newInstanceWithCaller(Constructor.java:502)
	at java.base/java.lang.reflect.Constructor.newInstance(Constructor.java:486)
	at org.openqa.selenium.remote.ErrorCodec.decode(ErrorCodec.java:167)
	at org.openqa.selenium.remote.codec.w3c.W3CHttpResponseCodec.decode(W3CHttpResponseCodec.java:138)
	at org.openqa.selenium.remote.codec.w3c.W3CHttpResponseCodec.decode(W3CHttpResponseCodec.java:50)
	at org.openqa.selenium.remote.HttpCommandExecutor.execute(HttpCommandExecutor.java:190)
	at org.openqa.selenium.remote.service.DriverCommandExecutor.invokeExecute(DriverCommandExecutor.java:216)
	at org.openqa.selenium.remote.service.DriverCommandExecutor.execute(DriverCommandExecutor.java:174)
	at org.openqa.selenium.remote.RemoteWebDriver.execute(RemoteWebDriver.java:545)
	at org.openqa.selenium.remote.ElementLocation$ElementFinder$2.findElement(ElementLocation.java:165)
	at org.openqa.selenium.remote.ElementLocation.findElement(ElementLocation.java:66)
	at org.openqa.selenium.remote.RemoteWebDriver.findElement(RemoteWebDriver.java:368)
	at org.openqa.selenium.remote.RemoteWebDriver.findElement(RemoteWebDriver.java:362)
	at lt.insoft.uztis.tests.utils.TestUtils.login(TestUtils.java:75)
	at lt.insoft.uztis.tests.utils.TestUtils.loginAllTests(TestUtils.java:69)
	at lt.insoft.uztis.tests.EvaluationsPageTest.testNavigateToEvaluationsPage(EvaluationsPageTest.java:55)
	at lt.insoft.uztis.tests.EvaluationsPageTest.testConfirmEvaluationThree(EvaluationsPageTest.java:459)
	at java.base/jdk.internal.reflect.DirectMethodHandleAccessor.invoke(DirectMethodHandleAccessor.java:103)
	at java.base/java.lang.reflect.Method.invoke(Method.java:580)
	at org.junit.platform.commons.util.ReflectionUtils.invokeMethod(ReflectionUtils.java:728)
	at org.junit.jupiter.engine.execution.MethodInvocation.proceed(MethodInvocation.java:60)
	at org.junit.jupiter.engine.execution.InvocationInterceptorChain$ValidatingInvocation.proceed(InvocationInterceptorChain.java:131)
	at org.junit.jupiter.engine.extension.TimeoutExtension.intercept(TimeoutExtension.java:156)
	at org.junit.jupiter.engine.extension.TimeoutExtension.interceptTestableMethod(TimeoutExtension.java:147)
	at org.junit.jupiter.engine.extension.TimeoutExtension.interceptTestMethod(TimeoutExtension.java:86)
	at org.junit.jupiter.engine.execution.InterceptingExecutableInvoker$ReflectiveInterceptorCall.lambda$ofVoidMethod$0(InterceptingExecutableInvoker.java:103)
	at org.junit.jupiter.engine.execution.InterceptingExecutableInvoker.lambda$invoke$0(InterceptingExecutableInvoker.java:93)
	at org.junit.jupiter.engine.execution.InvocationInterceptorChain$InterceptedInvocation.proceed(InvocationInterceptorChain.java:106)
	at org.junit.jupiter.engine.execution.InvocationInterceptorChain.proceed(InvocationInterceptorChain.java:64)
	at org.junit.jupiter.engine.execution.InvocationInterceptorChain.chainAndInvoke(InvocationInterceptorChain.java:45)
	at org.junit.jupiter.engine.execution.InvocationInterceptorChain.invoke(InvocationInterceptorChain.java:37)
	at org.junit.jupiter.engine.execution.InterceptingExecutableInvoker.invoke(InterceptingExecutableInvoker.java:92)
	at org.junit.jupiter.engine.execution.InterceptingExecutableInvoker.invoke(InterceptingExecutableInvoker.java:86)
	at org.junit.jupiter.engine.descriptor.TestMethodTestDescriptor.lambda$invokeTestMethod$7(TestMethodTestDescriptor.java:218)
	at org.junit.platform.engine.support.hierarchical.ThrowableCollector.execute(ThrowableCollector.java:73)
	at org.junit.jupiter.engine.descriptor.TestMethodTestDescriptor.invokeTestMethod(TestMethodTestDescriptor.java:214)
	at org.junit.jupiter.engine.descriptor.TestMethodTestDescriptor.execute(TestMethodTestDescriptor.java:139)
	at org.junit.jupiter.engine.descriptor.TestMethodTestDescriptor.execute(TestMethodTestDescriptor.java:69)
	at org.junit.platform.engine.support.hierarchical.NodeTestTask.lambda$executeRecursively$6(NodeTestTask.java:151)
	at org.junit.platform.engine.support.hierarchical.ThrowableCollector.execute(ThrowableCollector.java:73)
	at org.junit.platform.engine.support.hierarchical.NodeTestTask.lambda$executeRecursively$8(NodeTestTask.java:141)
	at org.junit.platform.engine.support.hierarchical.Node.around(Node.java:137)
	at org.junit.platform.engine.support.hierarchical.NodeTestTask.lambda$executeRecursively$9(NodeTestTask.java:139)
	at org.junit.platform.engine.support.hierarchical.ThrowableCollector.execute(ThrowableCollector.java:73)
	at org.junit.platform.engine.support.hierarchical.NodeTestTask.executeRecursively(NodeTestTask.java:138)
	at org.junit.platform.engine.support.hierarchical.NodeTestTask.execute(NodeTestTask.java:95)
	at java.base/java.util.ArrayList.forEach(ArrayList.java:1596)
	at org.junit.platform.engine.support.hierarchical.SameThreadHierarchicalTestExecutorService.invokeAll(SameThreadHierarchicalTestExecutorService.java:41)
	at org.junit.platform.engine.support.hierarchical.NodeTestTask.lambda$executeRecursively$6(NodeTestTask.java:155)
	at org.junit.platform.engine.support.hierarchical.ThrowableCollector.execute(ThrowableCollector.java:73)
	at org.junit.platform.engine.support.hierarchical.NodeTestTask.lambda$executeRecursively$8(NodeTestTask.java:141)
	at org.junit.platform.engine.support.hierarchical.Node.around(Node.java:137)
	at org.junit.platform.engine.support.hierarchical.NodeTestTask.lambda$executeRecursively$9(NodeTestTask.java:139)
	at org.junit.platform.engine.support.hierarchical.ThrowableCollector.execute(ThrowableCollector.java:73)
	at org.junit.platform.engine.support.hierarchical.NodeTestTask.executeRecursively(NodeTestTask.java:138)
	at org.junit.platform.engine.support.hierarchical.NodeTestTask.execute(NodeTestTask.java:95)
	at java.base/java.util.ArrayList.forEach(ArrayList.java:1596)
	at org.junit.platform.engine.support.hierarchical.SameThreadHierarchicalTestExecutorService.invokeAll(SameThreadHierarchicalTestExecutorService.java:41)
	at org.junit.platform.engine.support.hierarchical.NodeTestTask.lambda$executeRecursively$6(NodeTestTask.java:155)
	at org.junit.platform.engine.support.hierarchical.ThrowableCollector.execute(ThrowableCollector.java:73)
	at org.junit.platform.engine.support.hierarchical.NodeTestTask.lambda$executeRecursively$8(NodeTestTask.java:141)
	at org.junit.platform.engine.support.hierarchical.Node.around(Node.java:137)
	at org.junit.platform.engine.support.hierarchical.NodeTestTask.lambda$executeRecursively$9(NodeTestTask.java:139)
	at org.junit.platform.engine.support.hierarchical.ThrowableCollector.execute(ThrowableCollector.java:73)
	at org.junit.platform.engine.support.hierarchical.NodeTestTask.executeRecursively(NodeTestTask.java:138)
	at org.junit.platform.engine.support.hierarchical.NodeTestTask.execute(NodeTestTask.java:95)
	at org.junit.platform.engine.support.hierarchical.SameThreadHierarchicalTestExecutorService.submit(SameThreadHierarchicalTestExecutorService.java:35)
	at org.junit.platform.engine.support.hierarchical.HierarchicalTestExecutor.execute(HierarchicalTestExecutor.java:57)
	at org.junit.platform.engine.support.hierarchical.HierarchicalTestEngine.execute(HierarchicalTestEngine.java:54)
	at org.junit.platform.launcher.core.EngineExecutionOrchestrator.execute(EngineExecutionOrchestrator.java:198)
	at org.junit.platform.launcher.core.EngineExecutionOrchestrator.execute(EngineExecutionOrchestrator.java:169)
	at org.junit.platform.launcher.core.EngineExecutionOrchestrator.execute(EngineExecutionOrchestrator.java:93)
	at org.junit.platform.launcher.core.EngineExecutionOrchestrator.lambda$execute$0(EngineExecutionOrchestrator.java:58)
	at org.junit.platform.launcher.core.EngineExecutionOrchestrator.withInterceptedStreams(EngineExecutionOrchestrator.java:141)
	at org.junit.platform.launcher.core.EngineExecutionOrchestrator.execute(EngineExecutionOrchestrator.java:57)
	at org.junit.platform.launcher.core.DefaultLauncher.execute(DefaultLauncher.java:103)
	at org.junit.platform.launcher.core.DefaultLauncher.execute(DefaultLauncher.java:85)
	at org.junit.platform.launcher.core.DelegatingLauncher.execute(DelegatingLauncher.java:47)
	at org.junit.platform.launcher.core.SessionPerRequestLauncher.execute(SessionPerRequestLauncher.java:63)
	at com.intellij.junit5.JUnit5IdeaTestRunner.startRunnerWithArgs(JUnit5IdeaTestRunner.java:57)
	at com.intellij.rt.junit.IdeaTestRunner$Repeater$1.execute(IdeaTestRunner.java:38)
	at com.intellij.rt.execution.junit.TestsRepeater.repeat(TestsRepeater.java:11)
	at com.intellij.rt.junit.IdeaTestRunner$Repeater.startRunnerWithArgs(IdeaTestRunner.java:35)
	at com.intellij.rt.junit.JUnitStarter.prepareStreamsAndStart(JUnitStarter.java:232)
	at com.intellij.rt.junit.JUnitStarter.main(JUnitStarter.java:55)
2025-05-30 12:57:21 [main] ERROR l.i.uztis.tests.EvaluationsPageTest - Test 'testConfirmEvaluationThree' failed with error: invalid session id: session deleted as the browser has closed the connection
from disconnected: unable to send message to renderer
  (Session info: chrome=136.0.7103.114)
Build info: version: '4.27.0', revision: 'd6e718d134'
System info: os.name: 'Windows 11', os.arch: 'amd64', os.version: '10.0', java.version: '21.0.3'
Driver info: org.openqa.selenium.chrome.ChromeDriver
Command: [829d9de3f665a95e69a43d08adcf3c98, findElement {value=username, using=id}]
Capabilities {acceptInsecureCerts: false, browserName: chrome, browserVersion: 136.0.7103.114, chrome: {chromedriverVersion: 136.0.7103.113 (76fa3c17824..., userDataDir: C:\Users\INGRID~1.ZAD\AppDa...}, fedcm:accounts: true, goog:chromeOptions: {debuggerAddress: localhost:61592}, networkConnectionEnabled: false, pageLoadStrategy: normal, platformName: windows, proxy: Proxy(), se:cdp: ws://localhost:61592/devtoo..., se:cdpVersion: 136.0.7103.114, setWindowRect: true, strictFileInteractability: false, timeouts: {implicit: 0, pageLoad: 300000, script: 30000}, unhandledPromptBehavior: dismiss and notify, webauthn:extension:credBlob: true, webauthn:extension:largeBlob: true, webauthn:extension:minPinLength: true, webauthn:extension:prf: true, webauthn:virtualAuthenticators: true}
Session ID: 829d9de3f665a95e69a43d08adcf3c98
org.openqa.selenium.NoSuchSessionException: invalid session id: session deleted as the browser has closed the connection
from disconnected: unable to send message to renderer
  (Session info: chrome=136.0.7103.114)
Build info: version: '4.27.0', revision: 'd6e718d134'
System info: os.name: 'Windows 11', os.arch: 'amd64', os.version: '10.0', java.version: '21.0.3'
Driver info: org.openqa.selenium.chrome.ChromeDriver
Command: [829d9de3f665a95e69a43d08adcf3c98, findElement {value=username, using=id}]
Capabilities {acceptInsecureCerts: false, browserName: chrome, browserVersion: 136.0.7103.114, chrome: {chromedriverVersion: 136.0.7103.113 (76fa3c17824..., userDataDir: C:\Users\INGRID~1.ZAD\AppDa...}, fedcm:accounts: true, goog:chromeOptions: {debuggerAddress: localhost:61592}, networkConnectionEnabled: false, pageLoadStrategy: normal, platformName: windows, proxy: Proxy(), se:cdp: ws://localhost:61592/devtoo..., se:cdpVersion: 136.0.7103.114, setWindowRect: true, strictFileInteractability: false, timeouts: {implicit: 0, pageLoad: 300000, script: 30000}, unhandledPromptBehavior: dismiss and notify, webauthn:extension:credBlob: true, webauthn:extension:largeBlob: true, webauthn:extension:minPinLength: true, webauthn:extension:prf: true, webauthn:virtualAuthenticators: true}
Session ID: 829d9de3f665a95e69a43d08adcf3c98
	at java.base/jdk.internal.reflect.DirectConstructorHandleAccessor.newInstance(DirectConstructorHandleAccessor.java:62)
	at java.base/java.lang.reflect.Constructor.newInstanceWithCaller(Constructor.java:502)
	at java.base/java.lang.reflect.Constructor.newInstance(Constructor.java:486)
	at org.openqa.selenium.remote.ErrorCodec.decode(ErrorCodec.java:167)
	at org.openqa.selenium.remote.codec.w3c.W3CHttpResponseCodec.decode(W3CHttpResponseCodec.java:138)
	at org.openqa.selenium.remote.codec.w3c.W3CHttpResponseCodec.decode(W3CHttpResponseCodec.java:50)
	at org.openqa.selenium.remote.HttpCommandExecutor.execute(HttpCommandExecutor.java:190)
	at org.openqa.selenium.remote.service.DriverCommandExecutor.invokeExecute(DriverCommandExecutor.java:216)
	at org.openqa.selenium.remote.service.DriverCommandExecutor.execute(DriverCommandExecutor.java:174)
	at org.openqa.selenium.remote.RemoteWebDriver.execute(RemoteWebDriver.java:545)
	at org.openqa.selenium.remote.ElementLocation$ElementFinder$2.findElement(ElementLocation.java:165)
	at org.openqa.selenium.remote.ElementLocation.findElement(ElementLocation.java:66)
	at org.openqa.selenium.remote.RemoteWebDriver.findElement(RemoteWebDriver.java:368)
	at org.openqa.selenium.remote.RemoteWebDriver.findElement(RemoteWebDriver.java:362)
	at lt.insoft.uztis.tests.utils.TestUtils.login(TestUtils.java:75)
	at lt.insoft.uztis.tests.utils.TestUtils.loginAllTests(TestUtils.java:69)
	at lt.insoft.uztis.tests.EvaluationsPageTest.testNavigateToEvaluationsPage(EvaluationsPageTest.java:55)
	at lt.insoft.uztis.tests.EvaluationsPageTest.testConfirmEvaluationThree(EvaluationsPageTest.java:459)
	at java.base/jdk.internal.reflect.DirectMethodHandleAccessor.invoke(DirectMethodHandleAccessor.java:103)
	at java.base/java.lang.reflect.Method.invoke(Method.java:580)
	at org.junit.platform.commons.util.ReflectionUtils.invokeMethod(ReflectionUtils.java:728)
	at org.junit.jupiter.engine.execution.MethodInvocation.proceed(MethodInvocation.java:60)
	at org.junit.jupiter.engine.execution.InvocationInterceptorChain$ValidatingInvocation.proceed(InvocationInterceptorChain.java:131)
	at org.junit.jupiter.engine.extension.TimeoutExtension.intercept(TimeoutExtension.java:156)
	at org.junit.jupiter.engine.extension.TimeoutExtension.interceptTestableMethod(TimeoutExtension.java:147)
	at org.junit.jupiter.engine.extension.TimeoutExtension.interceptTestMethod(TimeoutExtension.java:86)
	at org.junit.jupiter.engine.execution.InterceptingExecutableInvoker$ReflectiveInterceptorCall.lambda$ofVoidMethod$0(InterceptingExecutableInvoker.java:103)
	at org.junit.jupiter.engine.execution.InterceptingExecutableInvoker.lambda$invoke$0(InterceptingExecutableInvoker.java:93)
	at org.junit.jupiter.engine.execution.InvocationInterceptorChain$InterceptedInvocation.proceed(InvocationInterceptorChain.java:106)
	at org.junit.jupiter.engine.execution.InvocationInterceptorChain.proceed(InvocationInterceptorChain.java:64)
	at org.junit.jupiter.engine.execution.InvocationInterceptorChain.chainAndInvoke(InvocationInterceptorChain.java:45)
	at org.junit.jupiter.engine.execution.InvocationInterceptorChain.invoke(InvocationInterceptorChain.java:37)
	at org.junit.jupiter.engine.execution.InterceptingExecutableInvoker.invoke(InterceptingExecutableInvoker.java:92)
	at org.junit.jupiter.engine.execution.InterceptingExecutableInvoker.invoke(InterceptingExecutableInvoker.java:86)
	at org.junit.jupiter.engine.descriptor.TestMethodTestDescriptor.lambda$invokeTestMethod$7(TestMethodTestDescriptor.java:218)
	at org.junit.platform.engine.support.hierarchical.ThrowableCollector.execute(ThrowableCollector.java:73)
	at org.junit.jupiter.engine.descriptor.TestMethodTestDescriptor.invokeTestMethod(TestMethodTestDescriptor.java:214)
	at org.junit.jupiter.engine.descriptor.TestMethodTestDescriptor.execute(TestMethodTestDescriptor.java:139)
	at org.junit.jupiter.engine.descriptor.TestMethodTestDescriptor.execute(TestMethodTestDescriptor.java:69)
	at org.junit.platform.engine.support.hierarchical.NodeTestTask.lambda$executeRecursively$6(NodeTestTask.java:151)
	at org.junit.platform.engine.support.hierarchical.ThrowableCollector.execute(ThrowableCollector.java:73)
	at org.junit.platform.engine.support.hierarchical.NodeTestTask.lambda$executeRecursively$8(NodeTestTask.java:141)
	at org.junit.platform.engine.support.hierarchical.Node.around(Node.java:137)
	at org.junit.platform.engine.support.hierarchical.NodeTestTask.lambda$executeRecursively$9(NodeTestTask.java:139)
	at org.junit.platform.engine.support.hierarchical.ThrowableCollector.execute(ThrowableCollector.java:73)
	at org.junit.platform.engine.support.hierarchical.NodeTestTask.executeRecursively(NodeTestTask.java:138)
	at org.junit.platform.engine.support.hierarchical.NodeTestTask.execute(NodeTestTask.java:95)
	at java.base/java.util.ArrayList.forEach(ArrayList.java:1596)
	at org.junit.platform.engine.support.hierarchical.SameThreadHierarchicalTestExecutorService.invokeAll(SameThreadHierarchicalTestExecutorService.java:41)
	at org.junit.platform.engine.support.hierarchical.NodeTestTask.lambda$executeRecursively$6(NodeTestTask.java:155)
	at org.junit.platform.engine.support.hierarchical.ThrowableCollector.execute(ThrowableCollector.java:73)
	at org.junit.platform.engine.support.hierarchical.NodeTestTask.lambda$executeRecursively$8(NodeTestTask.java:141)
	at org.junit.platform.engine.support.hierarchical.Node.around(Node.java:137)
	at org.junit.platform.engine.support.hierarchical.NodeTestTask.lambda$executeRecursively$9(NodeTestTask.java:139)
	at org.junit.platform.engine.support.hierarchical.ThrowableCollector.execute(ThrowableCollector.java:73)
	at org.junit.platform.engine.support.hierarchical.NodeTestTask.executeRecursively(NodeTestTask.java:138)
	at org.junit.platform.engine.support.hierarchical.NodeTestTask.execute(NodeTestTask.java:95)
	at java.base/java.util.ArrayList.forEach(ArrayList.java:1596)
	at org.junit.platform.engine.support.hierarchical.SameThreadHierarchicalTestExecutorService.invokeAll(SameThreadHierarchicalTestExecutorService.java:41)
	at org.junit.platform.engine.support.hierarchical.NodeTestTask.lambda$executeRecursively$6(NodeTestTask.java:155)
	at org.junit.platform.engine.support.hierarchical.ThrowableCollector.execute(ThrowableCollector.java:73)
	at org.junit.platform.engine.support.hierarchical.NodeTestTask.lambda$executeRecursively$8(NodeTestTask.java:141)
	at org.junit.platform.engine.support.hierarchical.Node.around(Node.java:137)
	at org.junit.platform.engine.support.hierarchical.NodeTestTask.lambda$executeRecursively$9(NodeTestTask.java:139)
	at org.junit.platform.engine.support.hierarchical.ThrowableCollector.execute(ThrowableCollector.java:73)
	at org.junit.platform.engine.support.hierarchical.NodeTestTask.executeRecursively(NodeTestTask.java:138)
	at org.junit.platform.engine.support.hierarchical.NodeTestTask.execute(NodeTestTask.java:95)
	at org.junit.platform.engine.support.hierarchical.SameThreadHierarchicalTestExecutorService.submit(SameThreadHierarchicalTestExecutorService.java:35)
	at org.junit.platform.engine.support.hierarchical.HierarchicalTestExecutor.execute(HierarchicalTestExecutor.java:57)
	at org.junit.platform.engine.support.hierarchical.HierarchicalTestEngine.execute(HierarchicalTestEngine.java:54)
	at org.junit.platform.launcher.core.EngineExecutionOrchestrator.execute(EngineExecutionOrchestrator.java:198)
	at org.junit.platform.launcher.core.EngineExecutionOrchestrator.execute(EngineExecutionOrchestrator.java:169)
	at org.junit.platform.launcher.core.EngineExecutionOrchestrator.execute(EngineExecutionOrchestrator.java:93)
	at org.junit.platform.launcher.core.EngineExecutionOrchestrator.lambda$execute$0(EngineExecutionOrchestrator.java:58)
	at org.junit.platform.launcher.core.EngineExecutionOrchestrator.withInterceptedStreams(EngineExecutionOrchestrator.java:141)
	at org.junit.platform.launcher.core.EngineExecutionOrchestrator.execute(EngineExecutionOrchestrator.java:57)
	at org.junit.platform.launcher.core.DefaultLauncher.execute(DefaultLauncher.java:103)
	at org.junit.platform.launcher.core.DefaultLauncher.execute(DefaultLauncher.java:85)
	at org.junit.platform.launcher.core.DelegatingLauncher.execute(DelegatingLauncher.java:47)
	at org.junit.platform.launcher.core.SessionPerRequestLauncher.execute(SessionPerRequestLauncher.java:63)
	at com.intellij.junit5.JUnit5IdeaTestRunner.startRunnerWithArgs(JUnit5IdeaTestRunner.java:57)
	at com.intellij.rt.junit.IdeaTestRunner$Repeater$1.execute(IdeaTestRunner.java:38)
	at com.intellij.rt.execution.junit.TestsRepeater.repeat(TestsRepeater.java:11)
	at com.intellij.rt.junit.IdeaTestRunner$Repeater.startRunnerWithArgs(IdeaTestRunner.java:35)
	at com.intellij.rt.junit.JUnitStarter.prepareStreamsAndStart(JUnitStarter.java:232)
	at com.intellij.rt.junit.JUnitStarter.main(JUnitStarter.java:55)
2025-05-30 12:57:42 [main] INFO  lt.insoft.uztis.tests.UztisPageTest - Navigated to https://uztisdev.asseco.lt/home
2025-05-30 12:57:42 [main] INFO  l.i.uztis.tests.EvaluationsPageTest - Starting test:'testConfirmEvaluationThree'
2025-05-30 12:57:42 [main] INFO  l.i.uztis.tests.EvaluationsPageTest - Starting test:'testNavigateToEvaluationsPage'
2025-05-30 12:57:46 [main] ERROR l.i.uztis.tests.EvaluationsPageTest - Test 'testNavigateToEvaluationsPage' failed with error: invalid session id: session deleted as the browser has closed the connection
from disconnected: unable to send message to renderer
  (Session info: chrome=136.0.7103.114)
Build info: version: '4.27.0', revision: 'd6e718d134'
System info: os.name: 'Windows 11', os.arch: 'amd64', os.version: '10.0', java.version: '21.0.3'
Driver info: org.openqa.selenium.chrome.ChromeDriver
Command: [193db1496262fd78543118e7a85b64ca, findElement {value=username, using=id}]
Capabilities {acceptInsecureCerts: false, browserName: chrome, browserVersion: 136.0.7103.114, chrome: {chromedriverVersion: 136.0.7103.113 (76fa3c17824..., userDataDir: C:\Users\INGRID~1.ZAD\AppDa...}, fedcm:accounts: true, goog:chromeOptions: {debuggerAddress: localhost:61659}, networkConnectionEnabled: false, pageLoadStrategy: normal, platformName: windows, proxy: Proxy(), se:cdp: ws://localhost:61659/devtoo..., se:cdpVersion: 136.0.7103.114, setWindowRect: true, strictFileInteractability: false, timeouts: {implicit: 0, pageLoad: 300000, script: 30000}, unhandledPromptBehavior: dismiss and notify, webauthn:extension:credBlob: true, webauthn:extension:largeBlob: true, webauthn:extension:minPinLength: true, webauthn:extension:prf: true, webauthn:virtualAuthenticators: true}
Session ID: 193db1496262fd78543118e7a85b64ca
org.openqa.selenium.NoSuchSessionException: invalid session id: session deleted as the browser has closed the connection
from disconnected: unable to send message to renderer
  (Session info: chrome=136.0.7103.114)
Build info: version: '4.27.0', revision: 'd6e718d134'
System info: os.name: 'Windows 11', os.arch: 'amd64', os.version: '10.0', java.version: '21.0.3'
Driver info: org.openqa.selenium.chrome.ChromeDriver
Command: [193db1496262fd78543118e7a85b64ca, findElement {value=username, using=id}]
Capabilities {acceptInsecureCerts: false, browserName: chrome, browserVersion: 136.0.7103.114, chrome: {chromedriverVersion: 136.0.7103.113 (76fa3c17824..., userDataDir: C:\Users\INGRID~1.ZAD\AppDa...}, fedcm:accounts: true, goog:chromeOptions: {debuggerAddress: localhost:61659}, networkConnectionEnabled: false, pageLoadStrategy: normal, platformName: windows, proxy: Proxy(), se:cdp: ws://localhost:61659/devtoo..., se:cdpVersion: 136.0.7103.114, setWindowRect: true, strictFileInteractability: false, timeouts: {implicit: 0, pageLoad: 300000, script: 30000}, unhandledPromptBehavior: dismiss and notify, webauthn:extension:credBlob: true, webauthn:extension:largeBlob: true, webauthn:extension:minPinLength: true, webauthn:extension:prf: true, webauthn:virtualAuthenticators: true}
Session ID: 193db1496262fd78543118e7a85b64ca
	at java.base/jdk.internal.reflect.DirectConstructorHandleAccessor.newInstance(DirectConstructorHandleAccessor.java:62)
	at java.base/java.lang.reflect.Constructor.newInstanceWithCaller(Constructor.java:502)
	at java.base/java.lang.reflect.Constructor.newInstance(Constructor.java:486)
	at org.openqa.selenium.remote.ErrorCodec.decode(ErrorCodec.java:167)
	at org.openqa.selenium.remote.codec.w3c.W3CHttpResponseCodec.decode(W3CHttpResponseCodec.java:138)
	at org.openqa.selenium.remote.codec.w3c.W3CHttpResponseCodec.decode(W3CHttpResponseCodec.java:50)
	at org.openqa.selenium.remote.HttpCommandExecutor.execute(HttpCommandExecutor.java:190)
	at org.openqa.selenium.remote.service.DriverCommandExecutor.invokeExecute(DriverCommandExecutor.java:216)
	at org.openqa.selenium.remote.service.DriverCommandExecutor.execute(DriverCommandExecutor.java:174)
	at org.openqa.selenium.remote.RemoteWebDriver.execute(RemoteWebDriver.java:545)
	at org.openqa.selenium.remote.ElementLocation$ElementFinder$2.findElement(ElementLocation.java:165)
	at org.openqa.selenium.remote.ElementLocation.findElement(ElementLocation.java:66)
	at org.openqa.selenium.remote.RemoteWebDriver.findElement(RemoteWebDriver.java:368)
	at org.openqa.selenium.remote.RemoteWebDriver.findElement(RemoteWebDriver.java:362)
	at lt.insoft.uztis.tests.utils.TestUtils.login(TestUtils.java:75)
	at lt.insoft.uztis.tests.utils.TestUtils.loginAllTests(TestUtils.java:69)
	at lt.insoft.uztis.tests.EvaluationsPageTest.testNavigateToEvaluationsPage(EvaluationsPageTest.java:55)
	at lt.insoft.uztis.tests.EvaluationsPageTest.testConfirmEvaluationThree(EvaluationsPageTest.java:459)
	at java.base/jdk.internal.reflect.DirectMethodHandleAccessor.invoke(DirectMethodHandleAccessor.java:103)
	at java.base/java.lang.reflect.Method.invoke(Method.java:580)
	at org.junit.platform.commons.util.ReflectionUtils.invokeMethod(ReflectionUtils.java:728)
	at org.junit.jupiter.engine.execution.MethodInvocation.proceed(MethodInvocation.java:60)
	at org.junit.jupiter.engine.execution.InvocationInterceptorChain$ValidatingInvocation.proceed(InvocationInterceptorChain.java:131)
	at org.junit.jupiter.engine.extension.TimeoutExtension.intercept(TimeoutExtension.java:156)
	at org.junit.jupiter.engine.extension.TimeoutExtension.interceptTestableMethod(TimeoutExtension.java:147)
	at org.junit.jupiter.engine.extension.TimeoutExtension.interceptTestMethod(TimeoutExtension.java:86)
	at org.junit.jupiter.engine.execution.InterceptingExecutableInvoker$ReflectiveInterceptorCall.lambda$ofVoidMethod$0(InterceptingExecutableInvoker.java:103)
	at org.junit.jupiter.engine.execution.InterceptingExecutableInvoker.lambda$invoke$0(InterceptingExecutableInvoker.java:93)
	at org.junit.jupiter.engine.execution.InvocationInterceptorChain$InterceptedInvocation.proceed(InvocationInterceptorChain.java:106)
	at org.junit.jupiter.engine.execution.InvocationInterceptorChain.proceed(InvocationInterceptorChain.java:64)
	at org.junit.jupiter.engine.execution.InvocationInterceptorChain.chainAndInvoke(InvocationInterceptorChain.java:45)
	at org.junit.jupiter.engine.execution.InvocationInterceptorChain.invoke(InvocationInterceptorChain.java:37)
	at org.junit.jupiter.engine.execution.InterceptingExecutableInvoker.invoke(InterceptingExecutableInvoker.java:92)
	at org.junit.jupiter.engine.execution.InterceptingExecutableInvoker.invoke(InterceptingExecutableInvoker.java:86)
	at org.junit.jupiter.engine.descriptor.TestMethodTestDescriptor.lambda$invokeTestMethod$7(TestMethodTestDescriptor.java:218)
	at org.junit.platform.engine.support.hierarchical.ThrowableCollector.execute(ThrowableCollector.java:73)
	at org.junit.jupiter.engine.descriptor.TestMethodTestDescriptor.invokeTestMethod(TestMethodTestDescriptor.java:214)
	at org.junit.jupiter.engine.descriptor.TestMethodTestDescriptor.execute(TestMethodTestDescriptor.java:139)
	at org.junit.jupiter.engine.descriptor.TestMethodTestDescriptor.execute(TestMethodTestDescriptor.java:69)
	at org.junit.platform.engine.support.hierarchical.NodeTestTask.lambda$executeRecursively$6(NodeTestTask.java:151)
	at org.junit.platform.engine.support.hierarchical.ThrowableCollector.execute(ThrowableCollector.java:73)
	at org.junit.platform.engine.support.hierarchical.NodeTestTask.lambda$executeRecursively$8(NodeTestTask.java:141)
	at org.junit.platform.engine.support.hierarchical.Node.around(Node.java:137)
	at org.junit.platform.engine.support.hierarchical.NodeTestTask.lambda$executeRecursively$9(NodeTestTask.java:139)
	at org.junit.platform.engine.support.hierarchical.ThrowableCollector.execute(ThrowableCollector.java:73)
	at org.junit.platform.engine.support.hierarchical.NodeTestTask.executeRecursively(NodeTestTask.java:138)
	at org.junit.platform.engine.support.hierarchical.NodeTestTask.execute(NodeTestTask.java:95)
	at java.base/java.util.ArrayList.forEach(ArrayList.java:1596)
	at org.junit.platform.engine.support.hierarchical.SameThreadHierarchicalTestExecutorService.invokeAll(SameThreadHierarchicalTestExecutorService.java:41)
	at org.junit.platform.engine.support.hierarchical.NodeTestTask.lambda$executeRecursively$6(NodeTestTask.java:155)
	at org.junit.platform.engine.support.hierarchical.ThrowableCollector.execute(ThrowableCollector.java:73)
	at org.junit.platform.engine.support.hierarchical.NodeTestTask.lambda$executeRecursively$8(NodeTestTask.java:141)
	at org.junit.platform.engine.support.hierarchical.Node.around(Node.java:137)
	at org.junit.platform.engine.support.hierarchical.NodeTestTask.lambda$executeRecursively$9(NodeTestTask.java:139)
	at org.junit.platform.engine.support.hierarchical.ThrowableCollector.execute(ThrowableCollector.java:73)
	at org.junit.platform.engine.support.hierarchical.NodeTestTask.executeRecursively(NodeTestTask.java:138)
	at org.junit.platform.engine.support.hierarchical.NodeTestTask.execute(NodeTestTask.java:95)
	at java.base/java.util.ArrayList.forEach(ArrayList.java:1596)
	at org.junit.platform.engine.support.hierarchical.SameThreadHierarchicalTestExecutorService.invokeAll(SameThreadHierarchicalTestExecutorService.java:41)
	at org.junit.platform.engine.support.hierarchical.NodeTestTask.lambda$executeRecursively$6(NodeTestTask.java:155)
	at org.junit.platform.engine.support.hierarchical.ThrowableCollector.execute(ThrowableCollector.java:73)
	at org.junit.platform.engine.support.hierarchical.NodeTestTask.lambda$executeRecursively$8(NodeTestTask.java:141)
	at org.junit.platform.engine.support.hierarchical.Node.around(Node.java:137)
	at org.junit.platform.engine.support.hierarchical.NodeTestTask.lambda$executeRecursively$9(NodeTestTask.java:139)
	at org.junit.platform.engine.support.hierarchical.ThrowableCollector.execute(ThrowableCollector.java:73)
	at org.junit.platform.engine.support.hierarchical.NodeTestTask.executeRecursively(NodeTestTask.java:138)
	at org.junit.platform.engine.support.hierarchical.NodeTestTask.execute(NodeTestTask.java:95)
	at org.junit.platform.engine.support.hierarchical.SameThreadHierarchicalTestExecutorService.submit(SameThreadHierarchicalTestExecutorService.java:35)
	at org.junit.platform.engine.support.hierarchical.HierarchicalTestExecutor.execute(HierarchicalTestExecutor.java:57)
	at org.junit.platform.engine.support.hierarchical.HierarchicalTestEngine.execute(HierarchicalTestEngine.java:54)
	at org.junit.platform.launcher.core.EngineExecutionOrchestrator.execute(EngineExecutionOrchestrator.java:198)
	at org.junit.platform.launcher.core.EngineExecutionOrchestrator.execute(EngineExecutionOrchestrator.java:169)
	at org.junit.platform.launcher.core.EngineExecutionOrchestrator.execute(EngineExecutionOrchestrator.java:93)
	at org.junit.platform.launcher.core.EngineExecutionOrchestrator.lambda$execute$0(EngineExecutionOrchestrator.java:58)
	at org.junit.platform.launcher.core.EngineExecutionOrchestrator.withInterceptedStreams(EngineExecutionOrchestrator.java:141)
	at org.junit.platform.launcher.core.EngineExecutionOrchestrator.execute(EngineExecutionOrchestrator.java:57)
	at org.junit.platform.launcher.core.DefaultLauncher.execute(DefaultLauncher.java:103)
	at org.junit.platform.launcher.core.DefaultLauncher.execute(DefaultLauncher.java:85)
	at org.junit.platform.launcher.core.DelegatingLauncher.execute(DelegatingLauncher.java:47)
	at org.junit.platform.launcher.core.SessionPerRequestLauncher.execute(SessionPerRequestLauncher.java:63)
	at com.intellij.junit5.JUnit5IdeaTestRunner.startRunnerWithArgs(JUnit5IdeaTestRunner.java:57)
	at com.intellij.rt.junit.IdeaTestRunner$Repeater$1.execute(IdeaTestRunner.java:38)
	at com.intellij.rt.execution.junit.TestsRepeater.repeat(TestsRepeater.java:11)
	at com.intellij.rt.junit.IdeaTestRunner$Repeater.startRunnerWithArgs(IdeaTestRunner.java:35)
	at com.intellij.rt.junit.JUnitStarter.prepareStreamsAndStart(JUnitStarter.java:232)
	at com.intellij.rt.junit.JUnitStarter.main(JUnitStarter.java:55)
2025-05-30 12:57:46 [main] ERROR l.i.uztis.tests.EvaluationsPageTest - Test 'testConfirmEvaluationThree' failed with error: invalid session id: session deleted as the browser has closed the connection
from disconnected: unable to send message to renderer
  (Session info: chrome=136.0.7103.114)
Build info: version: '4.27.0', revision: 'd6e718d134'
System info: os.name: 'Windows 11', os.arch: 'amd64', os.version: '10.0', java.version: '21.0.3'
Driver info: org.openqa.selenium.chrome.ChromeDriver
Command: [193db1496262fd78543118e7a85b64ca, findElement {value=username, using=id}]
Capabilities {acceptInsecureCerts: false, browserName: chrome, browserVersion: 136.0.7103.114, chrome: {chromedriverVersion: 136.0.7103.113 (76fa3c17824..., userDataDir: C:\Users\INGRID~1.ZAD\AppDa...}, fedcm:accounts: true, goog:chromeOptions: {debuggerAddress: localhost:61659}, networkConnectionEnabled: false, pageLoadStrategy: normal, platformName: windows, proxy: Proxy(), se:cdp: ws://localhost:61659/devtoo..., se:cdpVersion: 136.0.7103.114, setWindowRect: true, strictFileInteractability: false, timeouts: {implicit: 0, pageLoad: 300000, script: 30000}, unhandledPromptBehavior: dismiss and notify, webauthn:extension:credBlob: true, webauthn:extension:largeBlob: true, webauthn:extension:minPinLength: true, webauthn:extension:prf: true, webauthn:virtualAuthenticators: true}
Session ID: 193db1496262fd78543118e7a85b64ca
org.openqa.selenium.NoSuchSessionException: invalid session id: session deleted as the browser has closed the connection
from disconnected: unable to send message to renderer
  (Session info: chrome=136.0.7103.114)
Build info: version: '4.27.0', revision: 'd6e718d134'
System info: os.name: 'Windows 11', os.arch: 'amd64', os.version: '10.0', java.version: '21.0.3'
Driver info: org.openqa.selenium.chrome.ChromeDriver
Command: [193db1496262fd78543118e7a85b64ca, findElement {value=username, using=id}]
Capabilities {acceptInsecureCerts: false, browserName: chrome, browserVersion: 136.0.7103.114, chrome: {chromedriverVersion: 136.0.7103.113 (76fa3c17824..., userDataDir: C:\Users\INGRID~1.ZAD\AppDa...}, fedcm:accounts: true, goog:chromeOptions: {debuggerAddress: localhost:61659}, networkConnectionEnabled: false, pageLoadStrategy: normal, platformName: windows, proxy: Proxy(), se:cdp: ws://localhost:61659/devtoo..., se:cdpVersion: 136.0.7103.114, setWindowRect: true, strictFileInteractability: false, timeouts: {implicit: 0, pageLoad: 300000, script: 30000}, unhandledPromptBehavior: dismiss and notify, webauthn:extension:credBlob: true, webauthn:extension:largeBlob: true, webauthn:extension:minPinLength: true, webauthn:extension:prf: true, webauthn:virtualAuthenticators: true}
Session ID: 193db1496262fd78543118e7a85b64ca
	at java.base/jdk.internal.reflect.DirectConstructorHandleAccessor.newInstance(DirectConstructorHandleAccessor.java:62)
	at java.base/java.lang.reflect.Constructor.newInstanceWithCaller(Constructor.java:502)
	at java.base/java.lang.reflect.Constructor.newInstance(Constructor.java:486)
	at org.openqa.selenium.remote.ErrorCodec.decode(ErrorCodec.java:167)
	at org.openqa.selenium.remote.codec.w3c.W3CHttpResponseCodec.decode(W3CHttpResponseCodec.java:138)
	at org.openqa.selenium.remote.codec.w3c.W3CHttpResponseCodec.decode(W3CHttpResponseCodec.java:50)
	at org.openqa.selenium.remote.HttpCommandExecutor.execute(HttpCommandExecutor.java:190)
	at org.openqa.selenium.remote.service.DriverCommandExecutor.invokeExecute(DriverCommandExecutor.java:216)
	at org.openqa.selenium.remote.service.DriverCommandExecutor.execute(DriverCommandExecutor.java:174)
	at org.openqa.selenium.remote.RemoteWebDriver.execute(RemoteWebDriver.java:545)
	at org.openqa.selenium.remote.ElementLocation$ElementFinder$2.findElement(ElementLocation.java:165)
	at org.openqa.selenium.remote.ElementLocation.findElement(ElementLocation.java:66)
	at org.openqa.selenium.remote.RemoteWebDriver.findElement(RemoteWebDriver.java:368)
	at org.openqa.selenium.remote.RemoteWebDriver.findElement(RemoteWebDriver.java:362)
	at lt.insoft.uztis.tests.utils.TestUtils.login(TestUtils.java:75)
	at lt.insoft.uztis.tests.utils.TestUtils.loginAllTests(TestUtils.java:69)
	at lt.insoft.uztis.tests.EvaluationsPageTest.testNavigateToEvaluationsPage(EvaluationsPageTest.java:55)
	at lt.insoft.uztis.tests.EvaluationsPageTest.testConfirmEvaluationThree(EvaluationsPageTest.java:459)
	at java.base/jdk.internal.reflect.DirectMethodHandleAccessor.invoke(DirectMethodHandleAccessor.java:103)
	at java.base/java.lang.reflect.Method.invoke(Method.java:580)
	at org.junit.platform.commons.util.ReflectionUtils.invokeMethod(ReflectionUtils.java:728)
	at org.junit.jupiter.engine.execution.MethodInvocation.proceed(MethodInvocation.java:60)
	at org.junit.jupiter.engine.execution.InvocationInterceptorChain$ValidatingInvocation.proceed(InvocationInterceptorChain.java:131)
	at org.junit.jupiter.engine.extension.TimeoutExtension.intercept(TimeoutExtension.java:156)
	at org.junit.jupiter.engine.extension.TimeoutExtension.interceptTestableMethod(TimeoutExtension.java:147)
	at org.junit.jupiter.engine.extension.TimeoutExtension.interceptTestMethod(TimeoutExtension.java:86)
	at org.junit.jupiter.engine.execution.InterceptingExecutableInvoker$ReflectiveInterceptorCall.lambda$ofVoidMethod$0(InterceptingExecutableInvoker.java:103)
	at org.junit.jupiter.engine.execution.InterceptingExecutableInvoker.lambda$invoke$0(InterceptingExecutableInvoker.java:93)
	at org.junit.jupiter.engine.execution.InvocationInterceptorChain$InterceptedInvocation.proceed(InvocationInterceptorChain.java:106)
	at org.junit.jupiter.engine.execution.InvocationInterceptorChain.proceed(InvocationInterceptorChain.java:64)
	at org.junit.jupiter.engine.execution.InvocationInterceptorChain.chainAndInvoke(InvocationInterceptorChain.java:45)
	at org.junit.jupiter.engine.execution.InvocationInterceptorChain.invoke(InvocationInterceptorChain.java:37)
	at org.junit.jupiter.engine.execution.InterceptingExecutableInvoker.invoke(InterceptingExecutableInvoker.java:92)
	at org.junit.jupiter.engine.execution.InterceptingExecutableInvoker.invoke(InterceptingExecutableInvoker.java:86)
	at org.junit.jupiter.engine.descriptor.TestMethodTestDescriptor.lambda$invokeTestMethod$7(TestMethodTestDescriptor.java:218)
	at org.junit.platform.engine.support.hierarchical.ThrowableCollector.execute(ThrowableCollector.java:73)
	at org.junit.jupiter.engine.descriptor.TestMethodTestDescriptor.invokeTestMethod(TestMethodTestDescriptor.java:214)
	at org.junit.jupiter.engine.descriptor.TestMethodTestDescriptor.execute(TestMethodTestDescriptor.java:139)
	at org.junit.jupiter.engine.descriptor.TestMethodTestDescriptor.execute(TestMethodTestDescriptor.java:69)
	at org.junit.platform.engine.support.hierarchical.NodeTestTask.lambda$executeRecursively$6(NodeTestTask.java:151)
	at org.junit.platform.engine.support.hierarchical.ThrowableCollector.execute(ThrowableCollector.java:73)
	at org.junit.platform.engine.support.hierarchical.NodeTestTask.lambda$executeRecursively$8(NodeTestTask.java:141)
	at org.junit.platform.engine.support.hierarchical.Node.around(Node.java:137)
	at org.junit.platform.engine.support.hierarchical.NodeTestTask.lambda$executeRecursively$9(NodeTestTask.java:139)
	at org.junit.platform.engine.support.hierarchical.ThrowableCollector.execute(ThrowableCollector.java:73)
	at org.junit.platform.engine.support.hierarchical.NodeTestTask.executeRecursively(NodeTestTask.java:138)
	at org.junit.platform.engine.support.hierarchical.NodeTestTask.execute(NodeTestTask.java:95)
	at java.base/java.util.ArrayList.forEach(ArrayList.java:1596)
	at org.junit.platform.engine.support.hierarchical.SameThreadHierarchicalTestExecutorService.invokeAll(SameThreadHierarchicalTestExecutorService.java:41)
	at org.junit.platform.engine.support.hierarchical.NodeTestTask.lambda$executeRecursively$6(NodeTestTask.java:155)
	at org.junit.platform.engine.support.hierarchical.ThrowableCollector.execute(ThrowableCollector.java:73)
	at org.junit.platform.engine.support.hierarchical.NodeTestTask.lambda$executeRecursively$8(NodeTestTask.java:141)
	at org.junit.platform.engine.support.hierarchical.Node.around(Node.java:137)
	at org.junit.platform.engine.support.hierarchical.NodeTestTask.lambda$executeRecursively$9(NodeTestTask.java:139)
	at org.junit.platform.engine.support.hierarchical.ThrowableCollector.execute(ThrowableCollector.java:73)
	at org.junit.platform.engine.support.hierarchical.NodeTestTask.executeRecursively(NodeTestTask.java:138)
	at org.junit.platform.engine.support.hierarchical.NodeTestTask.execute(NodeTestTask.java:95)
	at java.base/java.util.ArrayList.forEach(ArrayList.java:1596)
	at org.junit.platform.engine.support.hierarchical.SameThreadHierarchicalTestExecutorService.invokeAll(SameThreadHierarchicalTestExecutorService.java:41)
	at org.junit.platform.engine.support.hierarchical.NodeTestTask.lambda$executeRecursively$6(NodeTestTask.java:155)
	at org.junit.platform.engine.support.hierarchical.ThrowableCollector.execute(ThrowableCollector.java:73)
	at org.junit.platform.engine.support.hierarchical.NodeTestTask.lambda$executeRecursively$8(NodeTestTask.java:141)
	at org.junit.platform.engine.support.hierarchical.Node.around(Node.java:137)
	at org.junit.platform.engine.support.hierarchical.NodeTestTask.lambda$executeRecursively$9(NodeTestTask.java:139)
	at org.junit.platform.engine.support.hierarchical.ThrowableCollector.execute(ThrowableCollector.java:73)
	at org.junit.platform.engine.support.hierarchical.NodeTestTask.executeRecursively(NodeTestTask.java:138)
	at org.junit.platform.engine.support.hierarchical.NodeTestTask.execute(NodeTestTask.java:95)
	at org.junit.platform.engine.support.hierarchical.SameThreadHierarchicalTestExecutorService.submit(SameThreadHierarchicalTestExecutorService.java:35)
	at org.junit.platform.engine.support.hierarchical.HierarchicalTestExecutor.execute(HierarchicalTestExecutor.java:57)
	at org.junit.platform.engine.support.hierarchical.HierarchicalTestEngine.execute(HierarchicalTestEngine.java:54)
	at org.junit.platform.launcher.core.EngineExecutionOrchestrator.execute(EngineExecutionOrchestrator.java:198)
	at org.junit.platform.launcher.core.EngineExecutionOrchestrator.execute(EngineExecutionOrchestrator.java:169)
	at org.junit.platform.launcher.core.EngineExecutionOrchestrator.execute(EngineExecutionOrchestrator.java:93)
	at org.junit.platform.launcher.core.EngineExecutionOrchestrator.lambda$execute$0(EngineExecutionOrchestrator.java:58)
	at org.junit.platform.launcher.core.EngineExecutionOrchestrator.withInterceptedStreams(EngineExecutionOrchestrator.java:141)
	at org.junit.platform.launcher.core.EngineExecutionOrchestrator.execute(EngineExecutionOrchestrator.java:57)
	at org.junit.platform.launcher.core.DefaultLauncher.execute(DefaultLauncher.java:103)
	at org.junit.platform.launcher.core.DefaultLauncher.execute(DefaultLauncher.java:85)
	at org.junit.platform.launcher.core.DelegatingLauncher.execute(DelegatingLauncher.java:47)
	at org.junit.platform.launcher.core.SessionPerRequestLauncher.execute(SessionPerRequestLauncher.java:63)
	at com.intellij.junit5.JUnit5IdeaTestRunner.startRunnerWithArgs(JUnit5IdeaTestRunner.java:57)
	at com.intellij.rt.junit.IdeaTestRunner$Repeater$1.execute(IdeaTestRunner.java:38)
	at com.intellij.rt.execution.junit.TestsRepeater.repeat(TestsRepeater.java:11)
	at com.intellij.rt.junit.IdeaTestRunner$Repeater.startRunnerWithArgs(IdeaTestRunner.java:35)
	at com.intellij.rt.junit.JUnitStarter.prepareStreamsAndStart(JUnitStarter.java:232)
	at com.intellij.rt.junit.JUnitStarter.main(JUnitStarter.java:55)
2025-05-30 12:58:44 [main] INFO  lt.insoft.uztis.tests.UztisPageTest - Navigated to https://uztisdev.asseco.lt/home
2025-05-30 12:58:44 [main] INFO  l.i.uztis.tests.EvaluationsPageTest - Starting test:'testConfirmEvaluationThree'
2025-05-30 12:58:44 [main] INFO  l.i.uztis.tests.EvaluationsPageTest - Starting test:'testNavigateToEvaluationsPage'
2025-05-30 12:58:45 [main] INFO  l.insoft.uztis.tests.utils.TestUtils - Login attempt with user: evaluation_chief
2025-05-30 12:58:45 [main] DEBUG l.i.uztis.tests.EvaluationsPageTest - User logged in with test credentials
2025-05-30 12:58:45 [main] DEBUG l.i.uztis.tests.EvaluationsPageTest - Opened 'Application Processing' menu.
2025-05-30 12:58:45 [main] DEBUG l.i.uztis.tests.EvaluationsPageTest - Clicked on 'Evaluations' menu.
2025-05-30 12:58:45 [main] DEBUG l.i.uztis.tests.EvaluationsPageTest - Navigating to evaluations menu.
2025-05-30 12:58:45 [main] INFO  l.i.uztis.tests.EvaluationsPageTest - Test 'testNavigateToEvaluationsPage' completed successfully.
2025-05-30 12:58:46 [main] DEBUG l.i.uztis.tests.EvaluationsPageTest - Clicked on last evaluation.
2025-05-30 12:58:46 [main] DEBUG l.i.uztis.tests.EvaluationsPageTest - Clicked 'Edit'.
2025-05-30 12:58:47 [main] DEBUG l.i.uztis.tests.EvaluationsPageTest - Clicked 'Continue'.
2025-05-30 12:58:47 [main] DEBUG l.i.uztis.tests.EvaluationsPageTest - Clicked 'Confirm'.
2025-05-30 12:58:47 [main] DEBUG l.i.uztis.tests.EvaluationsPageTest - Clicked 'Confirm Confirmation'.
2025-05-30 12:58:48 [main] DEBUG l.i.uztis.tests.EvaluationsPageTest - Fetched label text: Įvertinta
2025-05-30 12:58:48 [main] INFO  l.i.uztis.tests.EvaluationsPageTest - Verified that the label text matches the expected value.
2025-05-30 12:58:48 [main] INFO  l.i.uztis.tests.EvaluationsPageTest - Test 'testConfirmEvaluationThree' completed successfully.
2025-05-30 12:59:06 [main] INFO  lt.insoft.uztis.tests.UztisPageTest - Navigated to https://uztisdev.asseco.lt/home
2025-05-30 12:59:06 [main] INFO  l.insoft.uztis.tests.FundingPageTest - Starting test:'testFundApplication'
2025-05-30 12:59:07 [main] INFO  l.insoft.uztis.tests.utils.TestUtils - Login attempt with user: evaluation_chief
2025-05-30 12:59:07 [main] DEBUG l.insoft.uztis.tests.FundingPageTest - User logged in with test credentials
2025-05-30 12:59:07 [main] DEBUG l.insoft.uztis.tests.FundingPageTest - Opened 'Application Processing' menu.
2025-05-30 12:59:07 [main] DEBUG l.insoft.uztis.tests.FundingPageTest - Clicked on 'Application Forms' menu.
2025-05-30 12:59:08 [main] DEBUG l.insoft.uztis.tests.FundingPageTest - Retrieved last description code text: 'TST-VUI-80'.
2025-05-30 12:59:08 [main] DEBUG l.insoft.uztis.tests.FundingPageTest - Clicked on 'Invitation' menu.
2025-05-30 12:59:10 [main] DEBUG l.insoft.uztis.tests.FundingPageTest - Selected application section by code: 'TST-VUI-80'.
2025-05-30 12:59:10 [main] DEBUG l.insoft.uztis.tests.FundingPageTest - Clicked 'Search' button.
2025-05-30 12:59:10 [main] DEBUG l.insoft.uztis.tests.FundingPageTest - Retrieved invitation code: ''.
2025-05-30 12:59:10 [main] DEBUG l.insoft.uztis.tests.FundingPageTest - Clicked on 'Funding Queue' menu.
2025-05-30 12:59:12 [main] DEBUG l.insoft.uztis.tests.FundingPageTest - Selected invitation by code: 'TST-VUI-80'.
2025-05-30 12:59:12 [main] DEBUG l.insoft.uztis.tests.FundingPageTest - Invitation code inserted.
2025-05-30 12:59:12 [main] DEBUG l.insoft.uztis.tests.FundingPageTest - Clicked 'Form'.
2025-05-30 12:59:12 [main] DEBUG l.insoft.uztis.tests.FundingPageTest - Clicked 'Finance'.
2025-05-30 12:59:13 [main] DEBUG l.insoft.uztis.tests.FundingPageTest - Entered order number 'VUI_1'.
2025-05-30 12:59:13 [main] DEBUG l.insoft.uztis.tests.FundingPageTest - Clicked 'Finance Confirmation'.
2025-05-30 12:59:15 [main] DEBUG l.i.uztis.pages.ApplicationFormsPage - Verified success message: 'Funkcija sėkmingai atlikta.'
2025-05-30 12:59:15 [main] INFO  l.insoft.uztis.tests.FundingPageTest - Verified success message
2025-05-30 12:59:15 [main] INFO  l.insoft.uztis.tests.FundingPageTest - Test 'testFundApplication' completed successfully.
2025-05-30 12:59:28 [main] INFO  lt.insoft.uztis.tests.UztisPageTest - Navigated to https://uztisdev.asseco.lt/home
2025-05-30 12:59:28 [main] INFO  l.i.u.t.SubmittedApplicationsPageTest - Starting test:'testCreateProjects'
2025-05-30 12:59:28 [main] INFO  l.insoft.uztis.tests.utils.TestUtils - Login attempt with user: evaluation_chief
2025-05-30 12:59:28 [main] DEBUG l.i.u.t.SubmittedApplicationsPageTest - User logged in with test credentials
2025-05-30 12:59:29 [main] DEBUG l.i.u.t.SubmittedApplicationsPageTest - Opened 'Application Processing' menu.
2025-05-30 12:59:29 [main] DEBUG l.i.u.t.SubmittedApplicationsPageTest - Clicked on 'Application Forms' menu.
2025-05-30 12:59:30 [main] DEBUG l.i.u.t.SubmittedApplicationsPageTest - Retrieved last description code text: 'TST-VUI-80'.
2025-05-30 12:59:30 [main] DEBUG l.i.u.t.SubmittedApplicationsPageTest - Clicked on 'Invitation' menu.
2025-05-30 12:59:32 [main] DEBUG l.i.u.t.SubmittedApplicationsPageTest - Selected application section by code: 'TST-VUI-80'.
2025-05-30 12:59:32 [main] DEBUG l.i.u.t.SubmittedApplicationsPageTest - Clicked 'Search' button.
2025-05-30 12:59:32 [main] DEBUG l.i.u.t.SubmittedApplicationsPageTest - Retrieved invitation code: ''.
2025-05-30 12:59:33 [main] DEBUG l.i.u.t.SubmittedApplicationsPageTest - Clicked on 'Submitted Applications' menu.
2025-05-30 12:59:35 [main] DEBUG l.i.u.t.SubmittedApplicationsPageTest - Selected invitation by code: 'TST-VUI-80'.
2025-05-30 12:59:35 [main] DEBUG l.i.u.t.SubmittedApplicationsPageTest - Invitation code inserted.
2025-05-30 12:59:35 [main] DEBUG l.i.u.t.SubmittedApplicationsPageTest - Clicked on 'Action Application' button.
2025-05-30 12:59:35 [main] DEBUG l.i.u.t.SubmittedApplicationsPageTest - Clicked on 'Create Projects' button.
2025-05-30 12:59:35 [main] DEBUG l.i.u.t.SubmittedApplicationsPageTest - Clicked on 'Create Projects' confirmation button.
2025-05-30 12:59:35 [main] ERROR l.i.uztis.pages.ApplicationFormsPage - Failed to verify the success message: 'Projektai sėkmingai sukurti..'. Available messages: [Projektai sėkmingai sukurti.]
2025-05-30 12:59:35 [main] INFO  l.i.u.t.SubmittedApplicationsPageTest - Verified success message
2025-05-30 12:59:35 [main] INFO  l.i.u.t.SubmittedApplicationsPageTest - Test 'testCreateProjects' completed successfully.
2025-06-02 12:46:56 [main] INFO  lt.insoft.uztis.tests.UztisPageTest - Navigated to https://uztisdev.asseco.lt/home
2025-06-02 12:46:56 [main] INFO  l.i.u.tests.ApplicationFormsPageTest - Setup complete. ApplicationFormsPage initialized.
2025-06-02 12:46:56 [main] INFO  l.i.u.tests.ApplicationFormsPageTest - Starting test:'testCreateNewDvpApplication'
2025-06-02 12:46:57 [main] INFO  l.insoft.uztis.tests.utils.TestUtils - Login attempt with user: evaluation_chief
2025-06-02 12:46:57 [main] DEBUG l.i.u.tests.ApplicationFormsPageTest - User logged in with test credentials
2025-06-02 12:46:57 [main] DEBUG l.i.u.tests.ApplicationFormsPageTest - Opened 'Application Processing' menu.
2025-06-02 12:46:57 [main] DEBUG l.i.u.tests.ApplicationFormsPageTest - Clicked on 'Application Forms' menu.
2025-06-02 12:46:58 [main] DEBUG l.i.u.tests.ApplicationFormsPageTest - Clicked to create a new application form.
2025-06-02 12:46:58 [main] DEBUG l.i.u.tests.ApplicationFormsPageTest - Entered random application code: TST-DVP-80
2025-06-02 12:46:58 [main] DEBUG l.i.u.tests.ApplicationFormsPageTest - Selected 'Municipality' radio button.
2025-06-02 12:46:58 [main] INFO  l.i.uztis.pages.ApplicationFormsPage - Located the dropdown button.
2025-06-02 12:46:59 [main] INFO  l.i.uztis.pages.ApplicationFormsPage - Successfully selected the value: 'Kauno departamentas'
2025-06-02 12:47:09 [main] ERROR l.i.uztis.pages.ApplicationFormsPage - Failed to close the dropdown with aria-expanded = 'false'.
2025-06-02 12:47:09 [main] DEBUG l.i.u.tests.ApplicationFormsPageTest - Selected a value from the 'Municipality' dropdown: 'Kauno departamentas'
2025-06-02 12:47:09 [main] DEBUG l.i.u.tests.ApplicationFormsPageTest - Selected 'Budget By Country' radio button.
2025-06-02 12:47:09 [main] DEBUG l.i.u.tests.ApplicationFormsPageTest - Selected 'Financed Without Queue' option.
2025-06-02 12:47:09 [main] INFO  l.i.uztis.pages.ApplicationFormsPage - Located the dropdown button.
2025-06-02 12:47:10 [main] INFO  l.i.uztis.pages.ApplicationFormsPage - Successfully selected the value: 'DVP atitiktis URP'
2025-06-02 12:47:21 [main] ERROR l.i.uztis.pages.ApplicationFormsPage - Failed to close the dropdown with aria-expanded = 'false'.
2025-06-02 12:47:21 [main] DEBUG l.i.u.tests.ApplicationFormsPageTest - Selected a value from the 'EvaluationOne' dropdown: 'DVP atitiktis URP'
2025-06-02 12:47:21 [main] DEBUG l.i.u.tests.ApplicationFormsPageTest - Clicked 'Plus' button.
2025-06-02 12:47:21 [main] DEBUG l.i.u.tests.ApplicationFormsPageTest - Clicked 'Add' button seven times.
2025-06-02 12:47:21 [main] INFO  l.i.uztis.pages.ApplicationFormsPage - Processing dropdown index: 0
2025-06-02 12:47:32 [main] ERROR l.i.uztis.pages.ApplicationFormsPage - Timeout while waiting for dropdown to close at index: 0 with aria-expanded = 'false'
2025-06-02 12:47:32 [main] INFO  l.i.uztis.pages.ApplicationFormsPage - Processing dropdown index: 1
2025-06-02 12:47:42 [main] ERROR l.i.uztis.pages.ApplicationFormsPage - Timeout while waiting for dropdown to close at index: 1 with aria-expanded = 'false'
2025-06-02 12:47:42 [main] INFO  l.i.uztis.pages.ApplicationFormsPage - Processing dropdown index: 2
2025-06-02 12:47:53 [main] ERROR l.i.uztis.pages.ApplicationFormsPage - Timeout while waiting for dropdown to close at index: 2 with aria-expanded = 'false'
2025-06-02 12:47:53 [main] INFO  l.i.uztis.pages.ApplicationFormsPage - Processing dropdown index: 3
2025-06-02 12:48:04 [main] ERROR l.i.uztis.pages.ApplicationFormsPage - Timeout while waiting for dropdown to close at index: 3 with aria-expanded = 'false'
2025-06-02 12:48:04 [main] INFO  l.i.uztis.pages.ApplicationFormsPage - Processing dropdown index: 4
2025-06-02 12:48:14 [main] ERROR l.i.uztis.pages.ApplicationFormsPage - Timeout while waiting for dropdown to close at index: 4 with aria-expanded = 'false'
2025-06-02 12:48:14 [main] INFO  l.i.uztis.pages.ApplicationFormsPage - Processing dropdown index: 5
2025-06-02 12:48:26 [main] ERROR l.i.uztis.pages.ApplicationFormsPage - Timeout while waiting for dropdown to close at index: 5 with aria-expanded = 'false'
2025-06-02 12:48:26 [main] INFO  l.i.uztis.pages.ApplicationFormsPage - Processing dropdown index: 6
2025-06-02 12:48:36 [main] ERROR l.i.uztis.pages.ApplicationFormsPage - Timeout while waiting for dropdown to close at index: 6 with aria-expanded = 'false'
2025-06-02 12:48:36 [main] INFO  l.i.uztis.pages.ApplicationFormsPage - Processing dropdown index: 7
2025-06-02 12:48:47 [main] ERROR l.i.uztis.pages.ApplicationFormsPage - Timeout while waiting for dropdown to close at index: 7 with aria-expanded = 'false'
2025-06-02 12:48:47 [main] INFO  l.i.uztis.pages.ApplicationFormsPage - Processing input field index: 0
2025-06-02 12:48:47 [main] INFO  l.i.uztis.pages.ApplicationFormsPage - Entered value '50' into field index: 0
2025-06-02 12:48:47 [main] INFO  l.i.uztis.pages.ApplicationFormsPage - Processing input field index: 1
2025-06-02 12:48:47 [main] INFO  l.i.uztis.pages.ApplicationFormsPage - Entered value '924' into field index: 1
2025-06-02 12:48:47 [main] INFO  l.i.uztis.pages.ApplicationFormsPage - Processing input field index: 2
2025-06-02 12:48:47 [main] INFO  l.i.uztis.pages.ApplicationFormsPage - Entered value '31' into field index: 2
2025-06-02 12:48:47 [main] INFO  l.i.uztis.pages.ApplicationFormsPage - Processing input field index: 3
2025-06-02 12:48:47 [main] INFO  l.i.uztis.pages.ApplicationFormsPage - Entered value '4.7' into field index: 3
2025-06-02 12:48:47 [main] INFO  l.i.uztis.pages.ApplicationFormsPage - Processing input field index: 4
2025-06-02 12:48:47 [main] INFO  l.i.uztis.pages.ApplicationFormsPage - Entered value '35' into field index: 4
2025-06-02 12:48:47 [main] INFO  l.i.uztis.pages.ApplicationFormsPage - Processing input field index: 5
2025-06-02 12:48:48 [main] INFO  l.i.uztis.pages.ApplicationFormsPage - Entered value '20' into field index: 5
2025-06-02 12:48:48 [main] INFO  l.i.uztis.pages.ApplicationFormsPage - Processing input field index: 6
2025-06-02 12:48:48 [main] INFO  l.i.uztis.pages.ApplicationFormsPage - Entered value '30' into field index: 6
2025-06-02 12:48:48 [main] INFO  l.i.uztis.pages.ApplicationFormsPage - Processing input field index: 7
2025-06-02 12:48:48 [main] INFO  l.i.uztis.pages.ApplicationFormsPage - Entered value '60' into field index: 7
2025-06-02 12:48:48 [main] DEBUG l.i.u.tests.ApplicationFormsPageTest - Entered additional values and text.
2025-06-02 12:48:48 [main] DEBUG l.i.u.tests.ApplicationFormsPageTest - Entered application name: DVP paraiška
2025-06-02 12:48:48 [main] DEBUG l.i.u.tests.ApplicationFormsPageTest - Clicked the 'Save' button.
2025-06-02 12:48:48 [main] DEBUG l.i.uztis.pages.ApplicationFormsPage - Verified success message: 'Duomenys sėkmingai išsaugoti.'
2025-06-02 12:48:48 [main] INFO  l.i.u.tests.ApplicationFormsPageTest - Verified success message
2025-06-02 12:48:48 [main] INFO  l.i.u.tests.ApplicationFormsPageTest - Verified that the 'Save Form' button is displayed.
2025-06-02 12:48:48 [main] INFO  l.i.u.tests.ApplicationFormsPageTest - Test 'testCreateNewDvpApplication' completed successfully.
2025-06-02 12:51:02 [main] INFO  lt.insoft.uztis.tests.UztisPageTest - Navigated to https://uztisdev.asseco.lt/home
2025-06-02 12:51:02 [main] INFO  l.i.u.tests.ApplicationFormsPageTest - Setup complete. ApplicationFormsPage initialized.
2025-06-02 12:51:02 [main] INFO  l.i.u.tests.ApplicationFormsPageTest - Starting test:'testAddContractDVP'
2025-06-02 12:51:02 [main] INFO  l.insoft.uztis.tests.utils.TestUtils - Login attempt with user: evaluation_chief
2025-06-02 12:51:02 [main] DEBUG l.i.u.tests.ApplicationFormsPageTest - User logged in with test credentials
2025-06-02 12:51:03 [main] DEBUG l.i.u.tests.ApplicationFormsPageTest - Opened 'Application Processing' menu.
2025-06-02 12:51:03 [main] DEBUG l.i.u.tests.ApplicationFormsPageTest - Clicked on 'Application Forms' menu.
2025-06-02 12:51:04 [main] DEBUG l.i.u.tests.ApplicationFormsPageTest - Selected the last application description.
2025-06-02 12:51:04 [main] DEBUG l.i.u.tests.ApplicationFormsPageTest - Clicked 'Project Progress' tab.
2025-06-02 12:51:04 [main] DEBUG l.i.u.tests.ApplicationFormsPageTest - Clicked the 'Edit' button.
2025-06-02 12:51:04 [main] INFO  l.i.uztis.pages.ApplicationFormsPage - Opening the dropdown.
2025-06-02 12:51:07 [main] INFO  l.i.uztis.pages.ApplicationFormsPage - Selected the value: 'Darbo vietų pritaikymo ir finansavimo sutartis'
2025-06-02 12:51:17 [main] ERROR l.i.uztis.pages.ApplicationFormsPage - Dropdown did not close as expected.
2025-06-02 12:51:17 [main] DEBUG l.i.u.tests.ApplicationFormsPageTest - Selected a value from the 'Document' dropdown: 'Darbo vietų pritaikymo ir finansavimo sutartis'
2025-06-02 12:51:17 [main] INFO  l.i.uztis.pages.ApplicationFormsPage - Opening the dropdown.
2025-06-02 12:51:21 [main] INFO  l.i.uztis.pages.ApplicationFormsPage - Selected the value: 'Sprendimas dėl išmokos'
2025-06-02 12:51:32 [main] ERROR l.i.uztis.pages.ApplicationFormsPage - Dropdown did not close as expected.
2025-06-02 12:51:32 [main] DEBUG l.i.u.tests.ApplicationFormsPageTest - Selected a value from the 'Document' dropdown: 'Sprendimas dėl išmokos'
2025-06-02 12:51:32 [main] INFO  l.i.uztis.pages.ApplicationFormsPage - Opening the dropdown.
2025-06-02 12:51:36 [main] INFO  l.i.uztis.pages.ApplicationFormsPage - Selected the value: 'Sprendimas dėl išmokos'
2025-06-02 12:51:46 [main] ERROR l.i.uztis.pages.ApplicationFormsPage - Dropdown did not close as expected.
2025-06-02 12:51:46 [main] DEBUG l.i.u.tests.ApplicationFormsPageTest - Selected a value from the 'Document' dropdown: 'Sprendimas dėl išmokos'
2025-06-02 12:51:46 [main] DEBUG l.i.u.tests.ApplicationFormsPageTest - Clicked the 'Save' button.
2025-06-02 12:51:46 [main] ERROR l.i.uztis.pages.ApplicationFormsPage - Failed to verify the success message: 'Funkcija sėkmingai atlikta.'. Available messages: [Duomenys sėkmingai išsaugoti.]
2025-06-02 12:51:46 [main] INFO  l.i.u.tests.ApplicationFormsPageTest - Verified success message
2025-06-02 12:51:46 [main] INFO  l.i.u.tests.ApplicationFormsPageTest - Test 'testAddContractDVP' completed successfully.
2025-06-02 12:52:20 [main] INFO  lt.insoft.uztis.tests.UztisPageTest - Navigated to https://uztisdev.asseco.lt/home
2025-06-02 12:52:20 [main] INFO  l.i.uztis.tests.InvitationsPageTest - Starting test:'testCreateNewDvpInvitation'
2025-06-02 12:52:20 [main] INFO  l.insoft.uztis.tests.utils.TestUtils - Login attempt with user: evaluation_chief
2025-06-02 12:52:20 [main] DEBUG l.i.uztis.tests.InvitationsPageTest - User logged in with test credentials
2025-06-02 12:52:21 [main] DEBUG l.i.uztis.tests.InvitationsPageTest - Opened 'Application Processing' menu.
2025-06-02 12:52:21 [main] DEBUG l.i.uztis.tests.InvitationsPageTest - Clicked on 'Application Forms' menu.
2025-06-02 12:52:21 [main] DEBUG l.i.uztis.tests.InvitationsPageTest - Navigating to application forms menu.
2025-06-02 12:52:21 [main] DEBUG l.i.uztis.tests.InvitationsPageTest - Retrieved last description code text: 'TST-DVP-80'.
2025-06-02 12:52:21 [main] DEBUG l.i.uztis.tests.InvitationsPageTest - Clicked on 'Invitation' menu.
2025-06-02 12:52:21 [main] DEBUG l.i.uztis.tests.InvitationsPageTest - Clicked 'Create New Application Form'.
2025-06-02 12:52:23 [main] DEBUG l.i.uztis.tests.InvitationsPageTest - Selected section by code: 'TST-DVP-80'.
2025-06-02 12:52:23 [main] INFO  l.insoft.uztis.pages.InvitationsPage - Located the dropdown button.
2025-06-02 12:52:34 [main] ERROR l.insoft.uztis.pages.InvitationsPage - Timeout while waiting for dropdown to close with aria-expanded = 'false'.
2025-06-02 12:52:34 [main] DEBUG l.i.uztis.tests.InvitationsPageTest - Selected invitation number from the list.
2025-06-02 12:52:34 [main] DEBUG l.i.uztis.tests.InvitationsPageTest - Entered current date.
2025-06-02 12:52:35 [main] DEBUG l.i.uztis.tests.InvitationsPageTest - Entered start time: 00:00.
2025-06-02 12:52:35 [main] DEBUG l.i.uztis.tests.InvitationsPageTest - Entered end date.
2025-06-02 12:52:35 [main] DEBUG l.i.uztis.tests.InvitationsPageTest - Entered end time: 11:11.
2025-06-02 12:52:36 [main] DEBUG l.i.uztis.tests.InvitationsPageTest - Entered publication end date.
2025-06-02 12:52:36 [main] DEBUG l.i.uztis.tests.InvitationsPageTest - Added additional values.
2025-06-02 12:52:36 [main] INFO  l.insoft.uztis.pages.InvitationsPage - Located the dropdown button.
2025-06-02 12:52:37 [main] DEBUG l.i.uztis.tests.InvitationsPageTest - Selected the value: 'Didžiausia galima paramos suma aplinkos darbo vietai, Eur'
2025-06-02 12:52:37 [main] INFO  l.insoft.uztis.pages.InvitationsPage - Located the dropdown button.
2025-06-02 12:52:37 [main] DEBUG l.i.uztis.tests.InvitationsPageTest - Selected the value: 'Didžiausia galima paramos suma, Eur'
2025-06-02 12:52:37 [main] INFO  l.insoft.uztis.pages.InvitationsPage - Located the dropdown button.
2025-06-02 12:52:38 [main] DEBUG l.i.uztis.tests.InvitationsPageTest - Selected the value: 'Didžiausia galima paramos suma vienai darbo vietai, Eur'
2025-06-02 12:52:38 [main] DEBUG l.i.uztis.tests.InvitationsPageTest - Entered value: 11000
2025-06-02 12:52:39 [main] DEBUG l.i.uztis.tests.InvitationsPageTest - Entered value: 12000
2025-06-02 12:52:39 [main] DEBUG l.i.uztis.tests.InvitationsPageTest - Entered value: 13000
2025-06-02 12:52:39 [main] DEBUG l.i.uztis.tests.InvitationsPageTest - Checked 'Legal Entities' checkbox.
2025-06-02 12:52:39 [main] DEBUG l.i.uztis.tests.InvitationsPageTest - Checked 'Legal Entities' checkbox.
2025-06-02 12:52:39 [main] DEBUG l.i.uztis.tests.InvitationsPageTest - Unchecked 'Persons Registered with Employment Service' checkbox.
2025-06-02 12:52:39 [main] DEBUG l.i.uztis.tests.InvitationsPageTest - Checked 'Persons Registered as Employers' checkbox.
2025-06-02 12:52:39 [main] DEBUG l.i.uztis.tests.InvitationsPageTest - Entered budget: '2000'.
2025-06-02 12:52:40 [main] DEBUG l.i.uztis.tests.InvitationsPageTest - Entered description text: 'Aprašo tekstas'.
2025-06-02 12:52:40 [main] DEBUG l.i.uztis.tests.InvitationsPageTest - Entered applicants text: 'Pareiškėjų tekstas'.
2025-06-02 12:52:40 [main] DEBUG l.i.uztis.tests.InvitationsPageTest - Entered expenditures text: 'Išlaidų tekstas'.
2025-06-02 12:52:40 [main] DEBUG l.i.uztis.tests.InvitationsPageTest - Entered legislation text: 'Teisės aktų tekstas'.
2025-06-02 12:52:40 [main] DEBUG l.i.uztis.tests.InvitationsPageTest - Entered education text: 'Mokymų tekstas'.
2025-06-02 12:52:40 [main] DEBUG l.i.uztis.tests.InvitationsPageTest - File uploaded.
2025-06-02 12:52:40 [main] DEBUG l.i.uztis.tests.InvitationsPageTest - Clicked 'Publish'.
2025-06-02 12:52:40 [main] DEBUG l.i.uztis.tests.InvitationsPageTest - Publication confirmed.
2025-06-02 12:52:41 [main] DEBUG l.i.uztis.pages.ApplicationFormsPage - Verified success message: 'Funkcija sėkmingai atlikta.'
2025-06-02 12:52:41 [main] INFO  l.i.uztis.tests.InvitationsPageTest - Verified success message
2025-06-02 12:52:41 [main] INFO  l.i.uztis.tests.InvitationsPageTest - Test 'testCreateNewDvpInvitation' completed successfully.
2025-06-02 12:56:19 [main] INFO  lt.insoft.uztis.tests.UztisPageTest - Navigated to https://uztisdev.asseco.lt/home
2025-06-02 12:56:19 [main] INFO  l.i.u.t.SubmittedApplicationsPageTest - Starting test:'testFillNewDVPApplicationFA'
2025-06-02 12:56:19 [main] INFO  l.insoft.uztis.tests.utils.TestUtils - Login attempt with user: evaluation_chief
2025-06-02 12:56:19 [main] DEBUG l.i.u.t.SubmittedApplicationsPageTest - User logged in with test credentials
2025-06-02 12:56:20 [main] DEBUG l.i.u.t.SubmittedApplicationsPageTest - Opened 'Application Processing' menu.
2025-06-02 12:56:20 [main] DEBUG l.i.u.t.SubmittedApplicationsPageTest - Clicked on 'Application Forms' menu.
2025-06-02 12:56:20 [main] DEBUG l.i.u.t.SubmittedApplicationsPageTest - Retrieved last description code text: 'TST-DVP-80'.
2025-06-02 12:56:20 [main] DEBUG l.i.u.t.SubmittedApplicationsPageTest - Clicked on 'Invitation' menu.
2025-06-02 12:56:21 [main] DEBUG l.i.u.t.SubmittedApplicationsPageTest - Selected application section by code: 'TST-DVP-80'.
2025-06-02 12:56:22 [main] DEBUG l.i.u.t.SubmittedApplicationsPageTest - Clicked 'Search' button.
2025-06-02 12:56:22 [main] DEBUG l.i.u.t.SubmittedApplicationsPageTest - Retrieved invitation code: ''.
2025-06-02 12:56:22 [main] DEBUG l.i.u.t.SubmittedApplicationsPageTest - Clicked on 'Submitted Applications' menu.
2025-06-02 12:56:23 [main] DEBUG l.i.u.t.SubmittedApplicationsPageTest - Selected invitation by code: 'TST-DVP-80'.
2025-06-02 12:56:23 [main] DEBUG l.i.u.t.SubmittedApplicationsPageTest - Invitation code inserted.
2025-06-02 12:56:23 [main] DEBUG l.i.u.t.SubmittedApplicationsPageTest - Clicked on 'Action Application' button.
2025-06-02 12:56:24 [main] DEBUG l.i.u.t.SubmittedApplicationsPageTest - Clicked on 'New Application' button.
2025-06-02 12:56:24 [main] DEBUG l.i.u.t.SubmittedApplicationsPageTest - Selected the 'RadioButtonFA' option.
2025-06-02 12:56:24 [main] DEBUG l.i.u.t.SubmittedApplicationsPageTest - Entered phone number: '61298745'.
2025-06-02 12:56:24 [main] DEBUG l.i.u.t.SubmittedApplicationsPageTest - Entered email: 'test@autotest.com'.
2025-06-02 12:56:25 [main] DEBUG l.i.u.t.SubmittedApplicationsPageTest - Checked 'For workplace adaptation' checkbox 1.
2025-06-02 12:56:25 [main] DEBUG l.i.u.t.SubmittedApplicationsPageTest - Checked 'For environmental adaptation' checkbox 2.
2025-06-02 12:56:25 [main] INFO  l.i.u.p.SubmittedApplicationsPage - Located the dropdown button.
2025-06-02 12:56:45 [main] INFO  l.i.u.p.SubmittedApplicationsPage - Found 1741 options in the dropdown.
2025-06-02 12:56:46 [main] INFO  l.i.u.p.SubmittedApplicationsPage - Successfully selected the value: '01.11 - Grūdinių (išskyrus ryžius), ankštinių ir aliejingų sėklų augalų auginimas'
2025-06-02 12:56:56 [main] ERROR l.i.u.p.SubmittedApplicationsPage - Failed to close the dropdown with aria-expanded = 'false'. Attempting manual close.
2025-06-02 12:56:56 [main] INFO  l.i.u.p.SubmittedApplicationsPage - Manual close attempt for the dropdown using body click.
2025-06-02 12:56:56 [main] DEBUG l.i.u.t.SubmittedApplicationsPageTest - Selected EVRK value: '01.11 - Grūdinių (išskyrus ryžius), ankštinių ir aliejingų sėklų augalų auginimas'.
2025-06-02 12:56:56 [main] DEBUG l.i.u.t.SubmittedApplicationsPageTest - Clicked on 'Address Component' button.
2025-06-02 12:56:56 [main] INFO  l.i.u.p.SubmittedApplicationsPage - Located the dropdown button.
2025-06-02 12:56:59 [main] INFO  l.i.u.p.SubmittedApplicationsPage - Successfully selected the value: 'Lietuva'
2025-06-02 12:56:59 [main] DEBUG l.i.u.t.SubmittedApplicationsPageTest - Selected country: 'Lietuva'.
2025-06-02 12:56:59 [main] INFO  l.i.u.p.SubmittedApplicationsPage - Located the dropdown search field.
2025-06-02 12:56:59 [main] INFO  l.i.u.p.SubmittedApplicationsPage - Dropdown city is opened.
2025-06-02 12:57:00 [main] INFO  l.i.u.p.SubmittedApplicationsPage - Searched for value: 'Vilnius'
2025-06-02 12:57:00 [main] INFO  l.i.u.p.SubmittedApplicationsPage - Successfully selected: 'Vilnius'
2025-06-02 12:57:00 [main] INFO  l.i.u.p.SubmittedApplicationsPage - Located the dropdown button.
2025-06-02 12:57:02 [main] INFO  l.i.u.p.SubmittedApplicationsPage - Successfully selected the value: 'A. Domaševičiaus g.'
2025-06-02 12:57:02 [main] DEBUG l.i.u.t.SubmittedApplicationsPageTest - Selected street: 'A. Domaševičiaus g.'.
2025-06-02 12:57:02 [main] INFO  l.i.u.p.SubmittedApplicationsPage - Located the dropdown button.
2025-06-02 12:57:02 [main] INFO  l.i.u.p.SubmittedApplicationsPage - Successfully selected the value: '1'
2025-06-02 12:57:02 [main] DEBUG l.i.u.t.SubmittedApplicationsPageTest - Selected house: '1'.
2025-06-02 12:57:02 [main] INFO  l.i.u.p.SubmittedApplicationsPage - Located the dropdown button.
2025-06-02 12:57:02 [main] INFO  l.i.u.p.SubmittedApplicationsPage - Successfully selected the value: '1'
2025-06-02 12:57:02 [main] DEBUG l.i.u.t.SubmittedApplicationsPageTest - Selected apartment: '1'.
2025-06-02 12:57:02 [main] DEBUG l.i.u.t.SubmittedApplicationsPageTest - Clicked 'Confirm' button.
2025-06-02 12:57:02 [main] DEBUG l.i.u.t.SubmittedApplicationsPageTest - Selected 'For already working' option.
2025-06-02 12:57:03 [main] DEBUG l.i.u.t.SubmittedApplicationsPageTest - Selected 'For new working' option.
2025-06-02 12:57:03 [main] DEBUG l.i.u.t.SubmittedApplicationsPageTest - Entered person count2: '1'.
2025-06-02 12:57:03 [main] DEBUG l.i.u.t.SubmittedApplicationsPageTest - Clicked 'Next' button after checkboxes.
2025-06-02 12:57:03 [main] INFO  l.i.u.p.SubmittedApplicationsPage - Located the dropdown button.
2025-06-02 12:57:04 [main] INFO  l.i.u.p.SubmittedApplicationsPage - Successfully selected the value: 'Administratoriai'
2025-06-02 12:57:04 [main] DEBUG l.i.u.t.SubmittedApplicationsPageTest - Selected adaptable job name: 'Administratoriai'.
2025-06-02 12:57:04 [main] DEBUG l.i.u.t.SubmittedApplicationsPageTest - Entered job date.
2025-06-02 12:57:04 [main] DEBUG l.i.u.t.SubmittedApplicationsPageTest - Entered job function: 'Funkcija 1'.
2025-06-02 12:57:04 [main] DEBUG l.i.u.t.SubmittedApplicationsPageTest - Selected 'For already working' 'no' option.
2025-06-02 12:57:04 [main] INFO  l.i.u.p.SubmittedApplicationsPage - Clicking on the dropdown button.
2025-06-02 12:57:05 [main] INFO  l.i.u.p.SubmittedApplicationsPage - Found 6 options in the dropdown.
2025-06-02 12:57:05 [main] DEBUG l.i.u.p.SubmittedApplicationsPage - Checking option: 'Lengvo neįgalumo lygis ar 45-55 procentų dalyvumo lygis (iki 2023 m. gruodžio 31 d. – 45-55 procentų darbingumo lygis)'
2025-06-02 12:57:05 [main] INFO  l.i.u.p.SubmittedApplicationsPage - Successfully selected the value: 'Lengvo neįgalumo lygis ar 45-55 procentų dalyvumo lygis (iki 2023 m. gruodžio 31 d. – 45-55 procentų darbingumo lygis)'
2025-06-02 12:57:05 [main] INFO  l.i.u.p.SubmittedApplicationsPage - Attempting to close the dropdown.
2025-06-02 12:57:05 [main] DEBUG l.i.u.t.SubmittedApplicationsPageTest - Selected disabilities type: 'Lengvo neįgalumo lygis ar 45-55 procentų dalyvumo lygis (iki 2023 m. gruodžio 31 d. – 45-55 procentų darbingumo lygis)'.
2025-06-02 12:57:06 [main] DEBUG l.i.u.t.SubmittedApplicationsPageTest - Entered disability information: 'Negalia 1'.
2025-06-02 12:57:06 [main] DEBUG l.i.u.t.SubmittedApplicationsPageTest - Entered qualification: 'Kvalifikacija 1'.
2025-06-02 12:57:06 [main] DEBUG l.i.u.t.SubmittedApplicationsPageTest - Entered job description: 'Darbo vietos aprašymas 1'.
2025-06-02 12:57:06 [main] DEBUG l.i.u.t.SubmittedApplicationsPageTest - Entered equipment description: 'Priemonių įsigyjimas 1'.
2025-06-02 12:57:06 [main] DEBUG l.i.u.t.SubmittedApplicationsPageTest - Entered work information: 'Darbai 1'.
2025-06-02 12:57:06 [main] INFO  l.i.u.p.SubmittedApplicationsPage - Located the dropdown button.
2025-06-02 12:57:07 [main] INFO  l.i.u.p.SubmittedApplicationsPage - Successfully selected the value: 'Kita'
2025-06-02 12:57:07 [main] DEBUG l.i.u.t.SubmittedApplicationsPageTest - Selected time mode: 'Kita'.
2025-06-02 12:57:07 [main] DEBUG l.i.u.t.SubmittedApplicationsPageTest - Selected time mode other: '6 val. per dieną ir 4 d. per savaitę'.
2025-06-02 12:57:07 [main] DEBUG l.i.u.t.SubmittedApplicationsPageTest - Entered salary amount: '1200'.
2025-06-02 12:57:08 [main] DEBUG l.i.u.t.SubmittedApplicationsPageTest - Entered salary description: 'Užmokestis 1'.
2025-06-02 12:57:08 [main] DEBUG l.i.u.t.SubmittedApplicationsPageTest - Selected 'Temporary Job' radio button.
2025-06-02 12:57:08 [main] DEBUG l.i.u.t.SubmittedApplicationsPageTest - Selected 'Season Job' radio button.
2025-06-02 12:57:08 [main] DEBUG l.i.u.t.SubmittedApplicationsPageTest - Selected 'PVM' radio button.
2025-06-02 12:57:08 [main] INFO  l.i.u.p.SubmittedApplicationsPage - Located the dropdown button.
2025-06-02 12:57:09 [main] INFO  l.i.u.p.SubmittedApplicationsPage - Successfully selected the value: 'Darbo vietos pritaikymui'
2025-06-02 12:57:39 [main] ERROR l.i.u.p.SubmittedApplicationsPage - Timeout while waiting for dropdown to close with aria-expanded = 'false'.
2025-06-02 12:57:39 [main] DEBUG l.i.u.t.SubmittedApplicationsPageTest - Selected adaptable job name: 'Darbo vietos pritaikymui'.
2025-06-02 12:57:39 [main] DEBUG l.i.u.p.SubmittedApplicationsPage - Located and clicked the dropdown button 'Reikalinga'.
2025-06-02 12:57:39 [main] INFO  l.i.u.p.SubmittedApplicationsPage - Successfully selected the value: 'Įsigyti'
2025-06-02 12:57:39 [main] DEBUG l.i.u.t.SubmittedApplicationsPageTest - Selected necessary for job: 'Įsigyti'.
2025-06-02 12:57:39 [main] DEBUG l.i.u.t.SubmittedApplicationsPageTest - Selected tool: 'Darbo priemonė 1'.
2025-06-02 12:57:39 [main] DEBUG l.i.u.t.SubmittedApplicationsPageTest - Selected tool parameter one: 'Darbo priemonės 1 parametras 1'.
2025-06-02 12:57:40 [main] DEBUG l.i.u.t.SubmittedApplicationsPageTest - Selected tool parameter two: 'Darbo priemonės 1 parametras 2'.
2025-06-02 12:57:40 [main] DEBUG l.i.u.t.SubmittedApplicationsPageTest - Selected tool parameter three: 'Darbo priemonės 1 parametras 3'.
2025-06-02 12:57:40 [main] DEBUG l.i.u.t.SubmittedApplicationsPageTest - Entered tool count: '1'.
2025-06-02 12:57:40 [main] DEBUG l.i.u.t.SubmittedApplicationsPageTest - Entered price amount: '1000'.
2025-06-02 12:57:40 [main] DEBUG l.i.u.t.SubmittedApplicationsPageTest - Entered own funds amount: '800'.
2025-06-02 12:57:43 [main] DEBUG l.i.u.t.SubmittedApplicationsPageTest - Clicked 'Add' button.
2025-06-02 12:57:43 [main] INFO  l.i.u.p.SubmittedApplicationsPage - Located the dropdown button.
2025-06-02 12:57:43 [main] INFO  l.i.u.p.SubmittedApplicationsPage - Successfully selected the value: 'Aplinkos pritaikymui'
2025-06-02 12:58:14 [main] ERROR l.i.u.p.SubmittedApplicationsPage - Timeout while waiting for dropdown to close with aria-expanded = 'false'.
2025-06-02 12:58:14 [main] DEBUG l.i.u.t.SubmittedApplicationsPageTest - Selected adaptable job name: 'Aplinkos pritaikymui'.
2025-06-02 12:58:14 [main] DEBUG l.i.u.p.SubmittedApplicationsPage - Located and clicked the dropdown button 'Reikalinga'.
2025-06-02 12:58:14 [main] INFO  l.i.u.p.SubmittedApplicationsPage - Successfully selected the value: 'Remontuoti'
2025-06-02 12:58:25 [main] DEBUG l.i.u.t.SubmittedApplicationsPageTest - Selected necessary for job: 'Remontuoti'.
2025-06-02 12:58:25 [main] DEBUG l.i.u.t.SubmittedApplicationsPageTest - Selected tool: 'Darbo priemonė 2 remontui'.
2025-06-02 12:58:25 [main] DEBUG l.i.u.t.SubmittedApplicationsPageTest - Entered work information: 'Remonto darbai 1'.
2025-06-02 12:58:25 [main] DEBUG l.i.u.t.SubmittedApplicationsPageTest - Entered tool count: '2'.
2025-06-02 12:58:26 [main] DEBUG l.i.u.t.SubmittedApplicationsPageTest - Entered price amount: '1000'.
2025-06-02 12:58:26 [main] DEBUG l.i.u.t.SubmittedApplicationsPageTest - Entered own funds amount: '900'.
2025-06-02 12:58:28 [main] DEBUG l.i.u.t.SubmittedApplicationsPageTest - Clicked 'AddRemoved' button.
2025-06-02 12:58:30 [main] DEBUG l.i.u.t.SubmittedApplicationsPageTest - Clicked 'Remove' button.
2025-06-02 12:58:33 [main] DEBUG l.i.u.t.SubmittedApplicationsPageTest - Clicked 'Remove Confirmation' button.
2025-06-02 12:58:35 [main] DEBUG l.i.u.t.SubmittedApplicationsPageTest - Selected 'De Minimis' radio button.
2025-06-02 12:58:35 [main] DEBUG l.i.u.t.SubmittedApplicationsPageTest - Entered program name: 'Programa 1'.
2025-06-02 12:58:35 [main] DEBUG l.i.u.t.SubmittedApplicationsPageTest - Entered project date from.
2025-06-02 12:58:35 [main] DEBUG l.i.u.t.SubmittedApplicationsPageTest - Entered project date until.
2025-06-02 12:58:35 [main] DEBUG l.i.u.t.SubmittedApplicationsPageTest - Entered support amount: '2000'.
2025-06-02 12:58:35 [main] DEBUG l.i.u.t.SubmittedApplicationsPageTest - Clicked 'Next' button.
2025-06-02 12:58:46 [main] DEBUG l.i.u.t.SubmittedApplicationsPageTest - Checked 'Legal Entities' checkbox 1.
2025-06-02 12:58:56 [main] DEBUG l.i.u.t.SubmittedApplicationsPageTest - Checked 'Legal Entities' checkbox 2.
2025-06-02 12:59:06 [main] DEBUG l.i.u.t.SubmittedApplicationsPageTest - Checked 'Legal Entities' checkbox 3.
2025-06-02 12:59:06 [main] DEBUG l.i.u.t.SubmittedApplicationsPageTest - Test finished: All 'Legal Entities' checkboxes checked successfully.
2025-06-02 12:59:06 [main] DEBUG l.i.u.t.SubmittedApplicationsPageTest - Clicked 'Next' button after checkboxes.
2025-06-02 12:59:16 [main] ERROR l.i.u.p.SubmittedApplicationsPage - Error selecting radio button: Expected condition failed: waiting for element to be clickable: By.xpath: (//input[@type='radio' and @value='false'])[8] (tried for 10 second(s) with 500 milliseconds interval)
Build info: version: '4.27.0', revision: 'd6e718d134'
System info: os.name: 'Windows 11', os.arch: 'amd64', os.version: '10.0', java.version: '21.0.3'
Driver info: org.openqa.selenium.chrome.ChromeDriver
Capabilities {acceptInsecureCerts: false, browserName: chrome, browserVersion: 136.0.7103.114, chrome: {chromedriverVersion: 136.0.7103.113 (76fa3c17824..., userDataDir: C:\Users\INGRID~1.ZAD\AppDa...}, fedcm:accounts: true, goog:chromeOptions: {debuggerAddress: localhost:53498}, networkConnectionEnabled: false, pageLoadStrategy: normal, platformName: windows, proxy: Proxy(), se:cdp: ws://localhost:53498/devtoo..., se:cdpVersion: 136.0.7103.114, setWindowRect: true, strictFileInteractability: false, timeouts: {implicit: 0, pageLoad: 300000, script: 30000}, unhandledPromptBehavior: dismiss and notify, webauthn:extension:credBlob: true, webauthn:extension:largeBlob: true, webauthn:extension:minPinLength: true, webauthn:extension:prf: true, webauthn:virtualAuthenticators: true}
Session ID: 13339fe2749df53303851e82f2230e10
2025-06-02 12:59:16 [main] INFO  l.i.u.t.SubmittedApplicationsPageTest - Marking 'Ne' radio button 1
2025-06-02 12:59:26 [main] ERROR l.i.u.p.SubmittedApplicationsPage - Error selecting radio button: Expected condition failed: waiting for element to be clickable: By.xpath: (//input[@type='radio' and @value='false'])[9] (tried for 10 second(s) with 500 milliseconds interval)
Build info: version: '4.27.0', revision: 'd6e718d134'
System info: os.name: 'Windows 11', os.arch: 'amd64', os.version: '10.0', java.version: '21.0.3'
Driver info: org.openqa.selenium.chrome.ChromeDriver
Capabilities {acceptInsecureCerts: false, browserName: chrome, browserVersion: 136.0.7103.114, chrome: {chromedriverVersion: 136.0.7103.113 (76fa3c17824..., userDataDir: C:\Users\INGRID~1.ZAD\AppDa...}, fedcm:accounts: true, goog:chromeOptions: {debuggerAddress: localhost:53498}, networkConnectionEnabled: false, pageLoadStrategy: normal, platformName: windows, proxy: Proxy(), se:cdp: ws://localhost:53498/devtoo..., se:cdpVersion: 136.0.7103.114, setWindowRect: true, strictFileInteractability: false, timeouts: {implicit: 0, pageLoad: 300000, script: 30000}, unhandledPromptBehavior: dismiss and notify, webauthn:extension:credBlob: true, webauthn:extension:largeBlob: true, webauthn:extension:minPinLength: true, webauthn:extension:prf: true, webauthn:virtualAuthenticators: true}
Session ID: 13339fe2749df53303851e82f2230e10
2025-06-02 12:59:26 [main] INFO  l.i.u.t.SubmittedApplicationsPageTest - Marking 'Ne' radio button 2
2025-06-02 12:59:36 [main] ERROR l.i.u.p.SubmittedApplicationsPage - Error selecting radio button: Expected condition failed: waiting for element to be clickable: By.xpath: (//input[@type='radio' and @value='false'])[10] (tried for 10 second(s) with 500 milliseconds interval)
Build info: version: '4.27.0', revision: 'd6e718d134'
System info: os.name: 'Windows 11', os.arch: 'amd64', os.version: '10.0', java.version: '21.0.3'
Driver info: org.openqa.selenium.chrome.ChromeDriver
Capabilities {acceptInsecureCerts: false, browserName: chrome, browserVersion: 136.0.7103.114, chrome: {chromedriverVersion: 136.0.7103.113 (76fa3c17824..., userDataDir: C:\Users\INGRID~1.ZAD\AppDa...}, fedcm:accounts: true, goog:chromeOptions: {debuggerAddress: localhost:53498}, networkConnectionEnabled: false, pageLoadStrategy: normal, platformName: windows, proxy: Proxy(), se:cdp: ws://localhost:53498/devtoo..., se:cdpVersion: 136.0.7103.114, setWindowRect: true, strictFileInteractability: false, timeouts: {implicit: 0, pageLoad: 300000, script: 30000}, unhandledPromptBehavior: dismiss and notify, webauthn:extension:credBlob: true, webauthn:extension:largeBlob: true, webauthn:extension:minPinLength: true, webauthn:extension:prf: true, webauthn:virtualAuthenticators: true}
Session ID: 13339fe2749df53303851e82f2230e10
2025-06-02 12:59:37 [main] INFO  l.i.u.t.SubmittedApplicationsPageTest - Marking 'Ne' radio button 3
2025-06-02 12:59:47 [main] ERROR l.i.u.p.SubmittedApplicationsPage - Error selecting radio button: Expected condition failed: waiting for element to be clickable: By.xpath: (//input[@type='radio' and @value='false'])[11] (tried for 10 second(s) with 500 milliseconds interval)
Build info: version: '4.27.0', revision: 'd6e718d134'
System info: os.name: 'Windows 11', os.arch: 'amd64', os.version: '10.0', java.version: '21.0.3'
Driver info: org.openqa.selenium.chrome.ChromeDriver
Capabilities {acceptInsecureCerts: false, browserName: chrome, browserVersion: 136.0.7103.114, chrome: {chromedriverVersion: 136.0.7103.113 (76fa3c17824..., userDataDir: C:\Users\INGRID~1.ZAD\AppDa...}, fedcm:accounts: true, goog:chromeOptions: {debuggerAddress: localhost:53498}, networkConnectionEnabled: false, pageLoadStrategy: normal, platformName: windows, proxy: Proxy(), se:cdp: ws://localhost:53498/devtoo..., se:cdpVersion: 136.0.7103.114, setWindowRect: true, strictFileInteractability: false, timeouts: {implicit: 0, pageLoad: 300000, script: 30000}, unhandledPromptBehavior: dismiss and notify, webauthn:extension:credBlob: true, webauthn:extension:largeBlob: true, webauthn:extension:minPinLength: true, webauthn:extension:prf: true, webauthn:virtualAuthenticators: true}
Session ID: 13339fe2749df53303851e82f2230e10
2025-06-02 12:59:47 [main] INFO  l.i.u.t.SubmittedApplicationsPageTest - Marking 'Ne' radio button 4
2025-06-02 12:59:57 [main] ERROR l.i.u.p.SubmittedApplicationsPage - Error selecting radio button: Expected condition failed: waiting for element to be clickable: By.xpath: (//input[@type='radio' and @value='false'])[12] (tried for 10 second(s) with 500 milliseconds interval)
Build info: version: '4.27.0', revision: 'd6e718d134'
System info: os.name: 'Windows 11', os.arch: 'amd64', os.version: '10.0', java.version: '21.0.3'
Driver info: org.openqa.selenium.chrome.ChromeDriver
Capabilities {acceptInsecureCerts: false, browserName: chrome, browserVersion: 136.0.7103.114, chrome: {chromedriverVersion: 136.0.7103.113 (76fa3c17824..., userDataDir: C:\Users\INGRID~1.ZAD\AppDa...}, fedcm:accounts: true, goog:chromeOptions: {debuggerAddress: localhost:53498}, networkConnectionEnabled: false, pageLoadStrategy: normal, platformName: windows, proxy: Proxy(), se:cdp: ws://localhost:53498/devtoo..., se:cdpVersion: 136.0.7103.114, setWindowRect: true, strictFileInteractability: false, timeouts: {implicit: 0, pageLoad: 300000, script: 30000}, unhandledPromptBehavior: dismiss and notify, webauthn:extension:credBlob: true, webauthn:extension:largeBlob: true, webauthn:extension:minPinLength: true, webauthn:extension:prf: true, webauthn:virtualAuthenticators: true}
Session ID: 13339fe2749df53303851e82f2230e10
2025-06-02 12:59:57 [main] INFO  l.i.u.t.SubmittedApplicationsPageTest - Marking 'Ne' radio button 5
2025-06-02 13:00:07 [main] ERROR l.i.u.p.SubmittedApplicationsPage - Error selecting radio button: Expected condition failed: waiting for element to be clickable: By.xpath: (//input[@type='radio' and @value='false'])[13] (tried for 10 second(s) with 500 milliseconds interval)
Build info: version: '4.27.0', revision: 'd6e718d134'
System info: os.name: 'Windows 11', os.arch: 'amd64', os.version: '10.0', java.version: '21.0.3'
Driver info: org.openqa.selenium.chrome.ChromeDriver
Capabilities {acceptInsecureCerts: false, browserName: chrome, browserVersion: 136.0.7103.114, chrome: {chromedriverVersion: 136.0.7103.113 (76fa3c17824..., userDataDir: C:\Users\INGRID~1.ZAD\AppDa...}, fedcm:accounts: true, goog:chromeOptions: {debuggerAddress: localhost:53498}, networkConnectionEnabled: false, pageLoadStrategy: normal, platformName: windows, proxy: Proxy(), se:cdp: ws://localhost:53498/devtoo..., se:cdpVersion: 136.0.7103.114, setWindowRect: true, strictFileInteractability: false, timeouts: {implicit: 0, pageLoad: 300000, script: 30000}, unhandledPromptBehavior: dismiss and notify, webauthn:extension:credBlob: true, webauthn:extension:largeBlob: true, webauthn:extension:minPinLength: true, webauthn:extension:prf: true, webauthn:virtualAuthenticators: true}
Session ID: 13339fe2749df53303851e82f2230e10
2025-06-02 13:00:07 [main] INFO  l.i.u.t.SubmittedApplicationsPageTest - Marking 'Ne' radio button 6
2025-06-02 13:00:17 [main] ERROR l.i.u.p.SubmittedApplicationsPage - Error selecting radio button: Expected condition failed: waiting for element to be clickable: By.xpath: (//input[@type='radio' and @value='true'])[14] (tried for 10 second(s) with 500 milliseconds interval)
Build info: version: '4.27.0', revision: 'd6e718d134'
System info: os.name: 'Windows 11', os.arch: 'amd64', os.version: '10.0', java.version: '21.0.3'
Driver info: org.openqa.selenium.chrome.ChromeDriver
Capabilities {acceptInsecureCerts: false, browserName: chrome, browserVersion: 136.0.7103.114, chrome: {chromedriverVersion: 136.0.7103.113 (76fa3c17824..., userDataDir: C:\Users\INGRID~1.ZAD\AppDa...}, fedcm:accounts: true, goog:chromeOptions: {debuggerAddress: localhost:53498}, networkConnectionEnabled: false, pageLoadStrategy: normal, platformName: windows, proxy: Proxy(), se:cdp: ws://localhost:53498/devtoo..., se:cdpVersion: 136.0.7103.114, setWindowRect: true, strictFileInteractability: false, timeouts: {implicit: 0, pageLoad: 300000, script: 30000}, unhandledPromptBehavior: dismiss and notify, webauthn:extension:credBlob: true, webauthn:extension:largeBlob: true, webauthn:extension:minPinLength: true, webauthn:extension:prf: true, webauthn:virtualAuthenticators: true}
Session ID: 13339fe2749df53303851e82f2230e10
2025-06-02 13:00:17 [main] INFO  l.i.u.t.SubmittedApplicationsPageTest - Marking 'Taip' radio button 7
2025-06-02 13:00:27 [main] ERROR l.i.u.p.SubmittedApplicationsPage - Error selecting radio button: Expected condition failed: waiting for element to be clickable: By.xpath: (//input[@type='radio' and @value='true'])[15] (tried for 10 second(s) with 500 milliseconds interval)
Build info: version: '4.27.0', revision: 'd6e718d134'
System info: os.name: 'Windows 11', os.arch: 'amd64', os.version: '10.0', java.version: '21.0.3'
Driver info: org.openqa.selenium.chrome.ChromeDriver
Capabilities {acceptInsecureCerts: false, browserName: chrome, browserVersion: 136.0.7103.114, chrome: {chromedriverVersion: 136.0.7103.113 (76fa3c17824..., userDataDir: C:\Users\INGRID~1.ZAD\AppDa...}, fedcm:accounts: true, goog:chromeOptions: {debuggerAddress: localhost:53498}, networkConnectionEnabled: false, pageLoadStrategy: normal, platformName: windows, proxy: Proxy(), se:cdp: ws://localhost:53498/devtoo..., se:cdpVersion: 136.0.7103.114, setWindowRect: true, strictFileInteractability: false, timeouts: {implicit: 0, pageLoad: 300000, script: 30000}, unhandledPromptBehavior: dismiss and notify, webauthn:extension:credBlob: true, webauthn:extension:largeBlob: true, webauthn:extension:minPinLength: true, webauthn:extension:prf: true, webauthn:virtualAuthenticators: true}
Session ID: 13339fe2749df53303851e82f2230e10
2025-06-02 13:00:27 [main] INFO  l.i.u.t.SubmittedApplicationsPageTest - Marking 'Taip' radio button 8
2025-06-02 13:00:37 [main] ERROR l.i.u.p.SubmittedApplicationsPage - Error selecting radio button: Expected condition failed: waiting for element to be clickable: By.xpath: (//input[@type='radio' and @value='true'])[16] (tried for 10 second(s) with 500 milliseconds interval)
Build info: version: '4.27.0', revision: 'd6e718d134'
System info: os.name: 'Windows 11', os.arch: 'amd64', os.version: '10.0', java.version: '21.0.3'
Driver info: org.openqa.selenium.chrome.ChromeDriver
Capabilities {acceptInsecureCerts: false, browserName: chrome, browserVersion: 136.0.7103.114, chrome: {chromedriverVersion: 136.0.7103.113 (76fa3c17824..., userDataDir: C:\Users\INGRID~1.ZAD\AppDa...}, fedcm:accounts: true, goog:chromeOptions: {debuggerAddress: localhost:53498}, networkConnectionEnabled: false, pageLoadStrategy: normal, platformName: windows, proxy: Proxy(), se:cdp: ws://localhost:53498/devtoo..., se:cdpVersion: 136.0.7103.114, setWindowRect: true, strictFileInteractability: false, timeouts: {implicit: 0, pageLoad: 300000, script: 30000}, unhandledPromptBehavior: dismiss and notify, webauthn:extension:credBlob: true, webauthn:extension:largeBlob: true, webauthn:extension:minPinLength: true, webauthn:extension:prf: true, webauthn:virtualAuthenticators: true}
Session ID: 13339fe2749df53303851e82f2230e10
2025-06-02 13:00:37 [main] INFO  l.i.u.t.SubmittedApplicationsPageTest - Marking 'Taip' radio button 9
2025-06-02 13:00:47 [main] ERROR l.i.u.p.SubmittedApplicationsPage - Error selecting radio button: Expected condition failed: waiting for element to be clickable: By.xpath: (//input[@type='radio' and @value='true'])[17] (tried for 10 second(s) with 500 milliseconds interval)
Build info: version: '4.27.0', revision: 'd6e718d134'
System info: os.name: 'Windows 11', os.arch: 'amd64', os.version: '10.0', java.version: '21.0.3'
Driver info: org.openqa.selenium.chrome.ChromeDriver
Capabilities {acceptInsecureCerts: false, browserName: chrome, browserVersion: 136.0.7103.114, chrome: {chromedriverVersion: 136.0.7103.113 (76fa3c17824..., userDataDir: C:\Users\INGRID~1.ZAD\AppDa...}, fedcm:accounts: true, goog:chromeOptions: {debuggerAddress: localhost:53498}, networkConnectionEnabled: false, pageLoadStrategy: normal, platformName: windows, proxy: Proxy(), se:cdp: ws://localhost:53498/devtoo..., se:cdpVersion: 136.0.7103.114, setWindowRect: true, strictFileInteractability: false, timeouts: {implicit: 0, pageLoad: 300000, script: 30000}, unhandledPromptBehavior: dismiss and notify, webauthn:extension:credBlob: true, webauthn:extension:largeBlob: true, webauthn:extension:minPinLength: true, webauthn:extension:prf: true, webauthn:virtualAuthenticators: true}
Session ID: 13339fe2749df53303851e82f2230e10
2025-06-02 13:00:47 [main] INFO  l.i.u.t.SubmittedApplicationsPageTest - Marking 'Taip' radio button 10
2025-06-02 13:00:57 [main] ERROR l.i.u.p.SubmittedApplicationsPage - Error selecting radio button: Expected condition failed: waiting for element to be clickable: By.xpath: (//input[@type='radio' and @value='true'])[18] (tried for 10 second(s) with 500 milliseconds interval)
Build info: version: '4.27.0', revision: 'd6e718d134'
System info: os.name: 'Windows 11', os.arch: 'amd64', os.version: '10.0', java.version: '21.0.3'
Driver info: org.openqa.selenium.chrome.ChromeDriver
Capabilities {acceptInsecureCerts: false, browserName: chrome, browserVersion: 136.0.7103.114, chrome: {chromedriverVersion: 136.0.7103.113 (76fa3c17824..., userDataDir: C:\Users\INGRID~1.ZAD\AppDa...}, fedcm:accounts: true, goog:chromeOptions: {debuggerAddress: localhost:53498}, networkConnectionEnabled: false, pageLoadStrategy: normal, platformName: windows, proxy: Proxy(), se:cdp: ws://localhost:53498/devtoo..., se:cdpVersion: 136.0.7103.114, setWindowRect: true, strictFileInteractability: false, timeouts: {implicit: 0, pageLoad: 300000, script: 30000}, unhandledPromptBehavior: dismiss and notify, webauthn:extension:credBlob: true, webauthn:extension:largeBlob: true, webauthn:extension:minPinLength: true, webauthn:extension:prf: true, webauthn:virtualAuthenticators: true}
Session ID: 13339fe2749df53303851e82f2230e10
2025-06-02 13:00:57 [main] INFO  l.i.u.t.SubmittedApplicationsPageTest - Marking 'Taip' radio button 11
2025-06-02 13:01:07 [main] ERROR l.i.u.p.SubmittedApplicationsPage - Error selecting radio button: Expected condition failed: waiting for element to be clickable: By.xpath: (//input[@type='radio' and @value='true'])[19] (tried for 10 second(s) with 500 milliseconds interval)
Build info: version: '4.27.0', revision: 'd6e718d134'
System info: os.name: 'Windows 11', os.arch: 'amd64', os.version: '10.0', java.version: '21.0.3'
Driver info: org.openqa.selenium.chrome.ChromeDriver
Capabilities {acceptInsecureCerts: false, browserName: chrome, browserVersion: 136.0.7103.114, chrome: {chromedriverVersion: 136.0.7103.113 (76fa3c17824..., userDataDir: C:\Users\INGRID~1.ZAD\AppDa...}, fedcm:accounts: true, goog:chromeOptions: {debuggerAddress: localhost:53498}, networkConnectionEnabled: false, pageLoadStrategy: normal, platformName: windows, proxy: Proxy(), se:cdp: ws://localhost:53498/devtoo..., se:cdpVersion: 136.0.7103.114, setWindowRect: true, strictFileInteractability: false, timeouts: {implicit: 0, pageLoad: 300000, script: 30000}, unhandledPromptBehavior: dismiss and notify, webauthn:extension:credBlob: true, webauthn:extension:largeBlob: true, webauthn:extension:minPinLength: true, webauthn:extension:prf: true, webauthn:virtualAuthenticators: true}
Session ID: 13339fe2749df53303851e82f2230e10
2025-06-02 13:01:07 [main] INFO  l.i.u.t.SubmittedApplicationsPageTest - Marking 'Taip' radio button 12
2025-06-02 13:01:17 [main] DEBUG l.i.u.t.SubmittedApplicationsPageTest - Checked 'ConfirmationStepFour'
2025-06-02 13:01:18 [main] DEBUG l.i.u.t.SubmittedApplicationsPageTest - Clicked 'Next' button after checkboxes.
2025-06-02 13:01:18 [main] INFO  l.i.u.p.SubmittedApplicationsPage - File uploaded successfully to an input element.
2025-06-02 13:01:18 [main] INFO  l.i.u.p.SubmittedApplicationsPage - File uploaded successfully to an input element.
2025-06-02 13:01:18 [main] INFO  l.i.u.p.SubmittedApplicationsPage - File uploaded successfully to an input element.
2025-06-02 13:01:18 [main] INFO  l.i.u.p.SubmittedApplicationsPage - File uploaded successfully to an input element.
2025-06-02 13:01:18 [main] INFO  l.i.u.p.SubmittedApplicationsPage - File uploaded successfully to an input element.
2025-06-02 13:01:18 [main] INFO  l.i.u.p.SubmittedApplicationsPage - File uploaded successfully to an input element.
2025-06-02 13:01:18 [main] INFO  l.i.u.p.SubmittedApplicationsPage - File uploaded successfully to an input element.
2025-06-02 13:01:18 [main] INFO  l.i.u.p.SubmittedApplicationsPage - File uploaded successfully to an input element.
2025-06-02 13:01:18 [main] DEBUG l.i.u.t.SubmittedApplicationsPageTest - Entered program name: 'Dokumentas 1'.
2025-06-02 13:01:18 [main] DEBUG l.i.u.t.SubmittedApplicationsPageTest - Entered program name: 'Dokumentas 2'.
2025-06-02 13:01:19 [main] DEBUG l.i.u.t.SubmittedApplicationsPageTest - Entered program name: 'Dokumentas 3'.
2025-06-02 13:01:19 [main] DEBUG l.i.u.t.SubmittedApplicationsPageTest - Entered program name: 'Dokumentas 4'.
2025-06-02 13:01:19 [main] DEBUG l.i.u.t.SubmittedApplicationsPageTest - Entered program name: 'Dokumentas 5'.
2025-06-02 13:01:19 [main] DEBUG l.i.u.t.SubmittedApplicationsPageTest - Entered program name: 'Dokumentas 6'.
2025-06-02 13:01:19 [main] DEBUG l.i.u.t.SubmittedApplicationsPageTest - Entered program name: 'Dokumentas 4'.
2025-06-02 13:01:19 [main] DEBUG l.i.u.t.SubmittedApplicationsPageTest - Entered program name: 'Dokumentas 8'.
2025-06-02 13:01:29 [main] DEBUG l.i.u.t.SubmittedApplicationsPageTest - Checked 'ConfirmationDocument'
2025-06-02 13:01:39 [main] DEBUG l.i.u.t.SubmittedApplicationsPageTest - Checked 'ConfirmationApplication'
2025-06-02 13:01:39 [main] DEBUG l.i.u.t.SubmittedApplicationsPageTest - Clicked 'Review' button after checkboxes.
2025-06-02 13:01:40 [main] DEBUG l.i.u.t.SubmittedApplicationsPageTest - Clicked 'SaveDraft' button after checkboxes.
2025-06-02 13:01:40 [main] DEBUG l.i.uztis.pages.ApplicationFormsPage - Verified success message: 'Ruošinys sėkmingai išsaugotas.'
2025-06-02 13:01:40 [main] ERROR l.i.uztis.pages.ApplicationFormsPage - Failed to verify the success message: 'Paraiška sėkmingai pateikta ir užregistruota.'. Available messages: [Ruošinys sėkmingai išsaugotas.]
2025-06-02 13:01:40 [main] INFO  l.i.u.t.SubmittedApplicationsPageTest - Verified success message
2025-06-02 13:01:40 [main] INFO  l.i.u.t.SubmittedApplicationsPageTest - Test 'testFillNewDVPApplicationFA' completed successfully.
2025-06-10 08:16:55 [main] INFO  lt.insoft.uztis.tests.UztisPageTest - Navigated to https://uztisdev.asseco.lt/home
2025-06-10 08:16:55 [main] INFO  l.i.u.tests.ApplicationFormsPageTest - Setup complete. ApplicationFormsPage initialized.
2025-06-10 08:16:55 [main] INFO  l.i.u.tests.ApplicationFormsPageTest - Starting test:'testCreateNewVuiApplication'
2025-06-10 08:16:55 [main] INFO  l.insoft.uztis.tests.utils.TestUtils - Login attempt with user: evaluation_chief
2025-06-10 08:16:55 [main] DEBUG l.i.u.tests.ApplicationFormsPageTest - User logged in with test credentials
2025-06-10 08:16:56 [main] DEBUG l.i.u.tests.ApplicationFormsPageTest - Opened 'Application Processing' menu.
2025-06-10 08:16:56 [main] DEBUG l.i.u.tests.ApplicationFormsPageTest - Clicked on 'Application Forms' menu.
2025-06-10 08:16:57 [main] DEBUG l.i.u.tests.ApplicationFormsPageTest - Clicked to create a new application form.
2025-06-10 08:16:57 [main] DEBUG l.i.u.tests.ApplicationFormsPageTest - Entered random application code: TST-VUI-20
2025-06-10 08:16:57 [main] DEBUG l.i.u.tests.ApplicationFormsPageTest - Selected 'Section' radio button.
2025-06-10 08:16:57 [main] INFO  l.i.uztis.pages.ApplicationFormsPage - Located the dropdown button.
2025-06-10 08:16:58 [main] INFO  l.i.uztis.pages.ApplicationFormsPage - Successfully selected the value: 'Priemonių organizavimo departamentas / Priemonių organizavimo 1-asis skyrius'
2025-06-10 08:17:09 [main] ERROR l.i.uztis.pages.ApplicationFormsPage - Failed to close the dropdown with aria-expanded = 'false'.
2025-06-10 08:17:09 [main] DEBUG l.i.u.tests.ApplicationFormsPageTest - Selected a value from the 'Section' dropdown: 'Priemonių organizavimo departamentas / Priemonių organizavimo 1-asis skyrius'
2025-06-10 08:17:09 [main] DEBUG l.i.u.tests.ApplicationFormsPageTest - Selected 'Budget by Municipality' option.
2025-06-10 08:17:09 [main] DEBUG l.i.u.tests.ApplicationFormsPageTest - Selected 'Financed Without Queue' option.
2025-06-10 08:17:09 [main] DEBUG l.i.u.tests.ApplicationFormsPageTest - Clicked 'Add' button.
2025-06-10 08:17:09 [main] INFO  l.i.uztis.pages.ApplicationFormsPage - Located the dropdown button.
2025-06-10 08:17:10 [main] INFO  l.i.uztis.pages.ApplicationFormsPage - Successfully selected the value: 'VUI atitiktis URP'
2025-06-10 08:17:21 [main] ERROR l.i.uztis.pages.ApplicationFormsPage - Failed to close the dropdown with aria-expanded = 'false'.
2025-06-10 08:17:21 [main] DEBUG l.i.u.tests.ApplicationFormsPageTest - Selected a value from the 'EvaluationOne' dropdown: 'VUI atitiktis URP'
2025-06-10 08:17:21 [main] INFO  l.i.uztis.pages.ApplicationFormsPage - Located the dropdown button.
2025-06-10 08:17:21 [main] INFO  l.i.uztis.pages.ApplicationFormsPage - Successfully selected the value: 'VUI atitiktis kokybės kriterijams'
2025-06-10 08:17:32 [main] ERROR l.i.uztis.pages.ApplicationFormsPage - Failed to close the dropdown with aria-expanded = 'false'.
2025-06-10 08:17:32 [main] DEBUG l.i.u.tests.ApplicationFormsPageTest - Selected a value from the 'EvaluationTwon' dropdown: 'VUI atitiktis kokybės kriterijams'
2025-06-10 08:17:32 [main] INFO  l.i.uztis.pages.ApplicationFormsPage - Located the dropdown button.
2025-06-10 08:17:32 [main] INFO  l.i.uztis.pages.ApplicationFormsPage - Successfully selected the value: 'VUI gynimo vertinimo forma'
2025-06-10 08:17:43 [main] ERROR l.i.uztis.pages.ApplicationFormsPage - Failed to close the dropdown with aria-expanded = 'false'.
2025-06-10 08:17:43 [main] DEBUG l.i.u.tests.ApplicationFormsPageTest - Selected a value from the 'EvaluationThree' dropdown: 'VUI gynimo vertinimo forma'
2025-06-10 08:17:43 [main] DEBUG l.i.u.tests.ApplicationFormsPageTest - Clicked 'Plus' button.
2025-06-10 08:17:43 [main] DEBUG l.i.u.tests.ApplicationFormsPageTest - Clicked 'Add' button seven times.
2025-06-10 08:17:43 [main] INFO  l.i.uztis.pages.ApplicationFormsPage - Processing dropdown index: 0
2025-06-10 08:17:54 [main] ERROR l.i.uztis.pages.ApplicationFormsPage - Timeout while waiting for dropdown to close at index: 0 with aria-expanded = 'false'
2025-06-10 08:17:54 [main] INFO  l.i.uztis.pages.ApplicationFormsPage - Processing dropdown index: 1
2025-06-10 08:18:04 [main] ERROR l.i.uztis.pages.ApplicationFormsPage - Timeout while waiting for dropdown to close at index: 1 with aria-expanded = 'false'
2025-06-10 08:18:04 [main] INFO  l.i.uztis.pages.ApplicationFormsPage - Processing dropdown index: 2
2025-06-10 08:18:15 [main] ERROR l.i.uztis.pages.ApplicationFormsPage - Timeout while waiting for dropdown to close at index: 2 with aria-expanded = 'false'
2025-06-10 08:18:15 [main] INFO  l.i.uztis.pages.ApplicationFormsPage - Processing dropdown index: 3
2025-06-10 08:18:26 [main] ERROR l.i.uztis.pages.ApplicationFormsPage - Timeout while waiting for dropdown to close at index: 3 with aria-expanded = 'false'
2025-06-10 08:18:26 [main] INFO  l.i.uztis.pages.ApplicationFormsPage - Processing dropdown index: 4
2025-06-10 08:18:37 [main] ERROR l.i.uztis.pages.ApplicationFormsPage - Timeout while waiting for dropdown to close at index: 4 with aria-expanded = 'false'
2025-06-10 08:18:37 [main] INFO  l.i.uztis.pages.ApplicationFormsPage - Processing dropdown index: 5
2025-06-10 08:18:48 [main] ERROR l.i.uztis.pages.ApplicationFormsPage - Timeout while waiting for dropdown to close at index: 5 with aria-expanded = 'false'
2025-06-10 08:18:48 [main] INFO  l.i.uztis.pages.ApplicationFormsPage - Processing dropdown index: 6
2025-06-10 08:18:58 [main] ERROR l.i.uztis.pages.ApplicationFormsPage - Timeout while waiting for dropdown to close at index: 6 with aria-expanded = 'false'
2025-06-10 08:18:58 [main] INFO  l.i.uztis.pages.ApplicationFormsPage - Processing dropdown index: 7
2025-06-10 08:19:09 [main] ERROR l.i.uztis.pages.ApplicationFormsPage - Timeout while waiting for dropdown to close at index: 7 with aria-expanded = 'false'
2025-06-10 08:19:09 [main] INFO  l.i.uztis.pages.ApplicationFormsPage - Processing input field index: 0
2025-06-10 08:19:09 [main] INFO  l.i.uztis.pages.ApplicationFormsPage - Entered value '50' into field index: 0
2025-06-10 08:19:09 [main] INFO  l.i.uztis.pages.ApplicationFormsPage - Processing input field index: 1
2025-06-10 08:19:09 [main] INFO  l.i.uztis.pages.ApplicationFormsPage - Entered value '924' into field index: 1
2025-06-10 08:19:09 [main] INFO  l.i.uztis.pages.ApplicationFormsPage - Processing input field index: 2
2025-06-10 08:19:09 [main] INFO  l.i.uztis.pages.ApplicationFormsPage - Entered value '31' into field index: 2
2025-06-10 08:19:09 [main] INFO  l.i.uztis.pages.ApplicationFormsPage - Processing input field index: 3
2025-06-10 08:19:09 [main] INFO  l.i.uztis.pages.ApplicationFormsPage - Entered value '4.7' into field index: 3
2025-06-10 08:19:09 [main] INFO  l.i.uztis.pages.ApplicationFormsPage - Processing input field index: 4
2025-06-10 08:19:09 [main] INFO  l.i.uztis.pages.ApplicationFormsPage - Entered value '35' into field index: 4
2025-06-10 08:19:09 [main] INFO  l.i.uztis.pages.ApplicationFormsPage - Processing input field index: 5
2025-06-10 08:19:09 [main] INFO  l.i.uztis.pages.ApplicationFormsPage - Entered value '20' into field index: 5
2025-06-10 08:19:10 [main] INFO  l.i.uztis.pages.ApplicationFormsPage - Processing input field index: 6
2025-06-10 08:19:10 [main] INFO  l.i.uztis.pages.ApplicationFormsPage - Entered value '30' into field index: 6
2025-06-10 08:19:10 [main] INFO  l.i.uztis.pages.ApplicationFormsPage - Processing input field index: 7
2025-06-10 08:19:10 [main] INFO  l.i.uztis.pages.ApplicationFormsPage - Entered value '60' into field index: 7
2025-06-10 08:19:10 [main] DEBUG l.i.u.tests.ApplicationFormsPageTest - Entered additional values and text.
2025-06-10 08:19:10 [main] DEBUG l.i.u.tests.ApplicationFormsPageTest - Entered application name: VUI paraiška
2025-06-10 08:19:10 [main] DEBUG l.i.u.tests.ApplicationFormsPageTest - Clicked the 'Save' button.
2025-06-10 08:19:10 [main] DEBUG l.i.uztis.pages.ApplicationFormsPage - Verified success message: 'Duomenys sėkmingai išsaugoti.'
2025-06-10 08:19:10 [main] INFO  l.i.u.tests.ApplicationFormsPageTest - Verified success message
2025-06-10 08:19:10 [main] INFO  l.i.u.tests.ApplicationFormsPageTest - Verified that the 'Save Form' button is displayed.
2025-06-10 08:19:10 [main] INFO  l.i.u.tests.ApplicationFormsPageTest - Test 'testCreateNewVuiApplication' completed successfully.
2025-06-10 08:21:16 [main] INFO  lt.insoft.uztis.tests.UztisPageTest - Navigated to https://uztisdev.asseco.lt/home
2025-06-10 08:21:16 [main] INFO  l.i.u.tests.ApplicationFormsPageTest - Setup complete. ApplicationFormsPage initialized.
2025-06-10 08:21:16 [main] INFO  l.i.u.tests.ApplicationFormsPageTest - Starting test:'testEditAndSaveVuiApplication'
2025-06-10 08:21:17 [main] INFO  l.insoft.uztis.tests.utils.TestUtils - Login attempt with user: evaluation_chief
2025-06-10 08:21:17 [main] DEBUG l.i.u.tests.ApplicationFormsPageTest - User logged in with test credentials
2025-06-10 08:21:17 [main] DEBUG l.i.u.tests.ApplicationFormsPageTest - Opened 'Application Processing' menu.
2025-06-10 08:21:17 [main] DEBUG l.i.u.tests.ApplicationFormsPageTest - Clicked on 'Application Forms' menu.
2025-06-10 08:21:18 [main] DEBUG l.i.u.tests.ApplicationFormsPageTest - Selected the last application description.
2025-06-10 08:21:18 [main] DEBUG l.i.u.tests.ApplicationFormsPageTest - Clicked the 'Edit' button.
2025-06-10 08:21:18 [main] DEBUG l.i.u.tests.ApplicationFormsPageTest - Selected 'Municipality' radio button.
2025-06-10 08:21:18 [main] INFO  l.i.uztis.pages.ApplicationFormsPage - Located the dropdown button.
2025-06-10 08:21:19 [main] INFO  l.i.uztis.pages.ApplicationFormsPage - Successfully selected the value: 'Priemonių organizavimo departamentas'
2025-06-10 08:21:29 [main] ERROR l.i.uztis.pages.ApplicationFormsPage - Failed to close the dropdown with aria-expanded = 'false'.
2025-06-10 08:21:29 [main] DEBUG l.i.u.tests.ApplicationFormsPageTest - Selected a value from the 'Municipality' dropdown: 'Priemonių organizavimo departamentas'
2025-06-10 08:21:29 [main] DEBUG l.i.u.tests.ApplicationFormsPageTest - Selected 'Budget By Country' radio button.
2025-06-10 08:21:29 [main] DEBUG l.i.u.tests.ApplicationFormsPageTest - Selected 'Financed By Queue' radio button.
2025-06-10 08:21:29 [main] DEBUG l.i.u.tests.ApplicationFormsPageTest - Entered new application name: _paredaguota
2025-06-10 08:21:30 [main] DEBUG l.i.u.tests.ApplicationFormsPageTest - Clicked the 'Save' button.
2025-06-10 08:21:30 [main] DEBUG l.i.uztis.pages.ApplicationFormsPage - Verified success message: 'Duomenys sėkmingai išsaugoti.'
2025-06-10 08:21:30 [main] INFO  l.i.u.tests.ApplicationFormsPageTest - Verified success message
2025-06-10 08:21:30 [main] INFO  l.i.u.tests.ApplicationFormsPageTest - Test 'testEditAndSaveVuiApplication' completed successfully.
2025-06-10 08:27:51 [main] INFO  lt.insoft.uztis.tests.UztisPageTest - Navigated to https://uztisdev.asseco.lt/home
2025-06-10 08:27:51 [main] INFO  l.i.u.tests.ApplicationFormsPageTest - Setup complete. ApplicationFormsPage initialized.
2025-06-10 08:27:51 [main] INFO  l.i.u.tests.ApplicationFormsPageTest - Starting test:'testAddContractVUI'
2025-06-10 08:27:51 [main] INFO  l.insoft.uztis.tests.utils.TestUtils - Login attempt with user: evaluation_chief
2025-06-10 08:27:51 [main] DEBUG l.i.u.tests.ApplicationFormsPageTest - User logged in with test credentials
2025-06-10 08:27:52 [main] DEBUG l.i.u.tests.ApplicationFormsPageTest - Opened 'Application Processing' menu.
2025-06-10 08:27:52 [main] DEBUG l.i.u.tests.ApplicationFormsPageTest - Clicked on 'Application Forms' menu.
2025-06-10 08:27:52 [main] DEBUG l.i.u.tests.ApplicationFormsPageTest - Selected the last application description.
2025-06-10 08:27:53 [main] DEBUG l.i.u.tests.ApplicationFormsPageTest - Clicked 'Project Progress' tab.
2025-06-10 08:27:53 [main] DEBUG l.i.u.tests.ApplicationFormsPageTest - Clicked the 'Edit' button.
2025-06-10 08:27:53 [main] INFO  l.i.uztis.pages.ApplicationFormsPage - Opening the dropdown.
2025-06-10 08:27:57 [main] INFO  l.i.uztis.pages.ApplicationFormsPage - Selected the value: 'Vietinių užimtumo iniciatyvų projekto įgyvendinimo ir finansavimo sutartis'
2025-06-10 08:28:07 [main] ERROR l.i.uztis.pages.ApplicationFormsPage - Dropdown did not close as expected.
2025-06-10 08:28:07 [main] DEBUG l.i.u.tests.ApplicationFormsPageTest - Selected a value from the 'Document' dropdown: 'Vietinių užimtumo iniciatyvų projekto įgyvendinimo ir finansavimo sutartis'
2025-06-10 08:28:07 [main] INFO  l.i.uztis.pages.ApplicationFormsPage - Opening the dropdown.
2025-06-10 08:28:11 [main] INFO  l.i.uztis.pages.ApplicationFormsPage - Selected the value: 'Sprendimas dėl išmokos'
2025-06-10 08:28:21 [main] ERROR l.i.uztis.pages.ApplicationFormsPage - Dropdown did not close as expected.
2025-06-10 08:28:21 [main] DEBUG l.i.u.tests.ApplicationFormsPageTest - Selected a value from the 'Document' dropdown: 'Sprendimas dėl išmokos'
2025-06-10 08:28:21 [main] INFO  l.i.uztis.pages.ApplicationFormsPage - Opening the dropdown.
2025-06-10 08:28:41 [main] ERROR l.i.u.tests.ApplicationFormsPageTest - Test 'testAddContractVUI' failed with error: Expected condition failed: waiting for element to be clickable: Proxy element for: DefaultElementLocator 'By.xpath: (//mat-label[contains(text(), 'Dokumentas')])[8]' (tried for 10 second(s) with 500 milliseconds interval)
org.openqa.selenium.TimeoutException: Expected condition failed: waiting for element to be clickable: Proxy element for: DefaultElementLocator 'By.xpath: (//mat-label[contains(text(), 'Dokumentas')])[8]' (tried for 10 second(s) with 500 milliseconds interval)
	at org.openqa.selenium.support.ui.WebDriverWait.timeoutException(WebDriverWait.java:84)
	at org.openqa.selenium.support.ui.FluentWait.until(FluentWait.java:228)
	at lt.insoft.uztis.pages.ApplicationFormsPage.selectValuesByListDocument8(ApplicationFormsPage.java:259)
	at lt.insoft.uztis.tests.ApplicationFormsPageTest.testAddDocumentsVUI(ApplicationFormsPageTest.java:263)
	at java.base/jdk.internal.reflect.DirectMethodHandleAccessor.invoke(DirectMethodHandleAccessor.java:103)
	at java.base/java.lang.reflect.Method.invoke(Method.java:580)
	at org.junit.platform.commons.util.ReflectionUtils.invokeMethod(ReflectionUtils.java:728)
	at org.junit.jupiter.engine.execution.MethodInvocation.proceed(MethodInvocation.java:60)
	at org.junit.jupiter.engine.execution.InvocationInterceptorChain$ValidatingInvocation.proceed(InvocationInterceptorChain.java:131)
	at org.junit.jupiter.engine.extension.TimeoutExtension.intercept(TimeoutExtension.java:156)
	at org.junit.jupiter.engine.extension.TimeoutExtension.interceptTestableMethod(TimeoutExtension.java:147)
	at org.junit.jupiter.engine.extension.TimeoutExtension.interceptTestMethod(TimeoutExtension.java:86)
	at org.junit.jupiter.engine.execution.InterceptingExecutableInvoker$ReflectiveInterceptorCall.lambda$ofVoidMethod$0(InterceptingExecutableInvoker.java:103)
	at org.junit.jupiter.engine.execution.InterceptingExecutableInvoker.lambda$invoke$0(InterceptingExecutableInvoker.java:93)
	at org.junit.jupiter.engine.execution.InvocationInterceptorChain$InterceptedInvocation.proceed(InvocationInterceptorChain.java:106)
	at org.junit.jupiter.engine.execution.InvocationInterceptorChain.proceed(InvocationInterceptorChain.java:64)
	at org.junit.jupiter.engine.execution.InvocationInterceptorChain.chainAndInvoke(InvocationInterceptorChain.java:45)
	at org.junit.jupiter.engine.execution.InvocationInterceptorChain.invoke(InvocationInterceptorChain.java:37)
	at org.junit.jupiter.engine.execution.InterceptingExecutableInvoker.invoke(InterceptingExecutableInvoker.java:92)
	at org.junit.jupiter.engine.execution.InterceptingExecutableInvoker.invoke(InterceptingExecutableInvoker.java:86)
	at org.junit.jupiter.engine.descriptor.TestMethodTestDescriptor.lambda$invokeTestMethod$7(TestMethodTestDescriptor.java:218)
	at org.junit.platform.engine.support.hierarchical.ThrowableCollector.execute(ThrowableCollector.java:73)
	at org.junit.jupiter.engine.descriptor.TestMethodTestDescriptor.invokeTestMethod(TestMethodTestDescriptor.java:214)
	at org.junit.jupiter.engine.descriptor.TestMethodTestDescriptor.execute(TestMethodTestDescriptor.java:139)
	at org.junit.jupiter.engine.descriptor.TestMethodTestDescriptor.execute(TestMethodTestDescriptor.java:69)
	at org.junit.platform.engine.support.hierarchical.NodeTestTask.lambda$executeRecursively$6(NodeTestTask.java:151)
	at org.junit.platform.engine.support.hierarchical.ThrowableCollector.execute(ThrowableCollector.java:73)
	at org.junit.platform.engine.support.hierarchical.NodeTestTask.lambda$executeRecursively$8(NodeTestTask.java:141)
	at org.junit.platform.engine.support.hierarchical.Node.around(Node.java:137)
	at org.junit.platform.engine.support.hierarchical.NodeTestTask.lambda$executeRecursively$9(NodeTestTask.java:139)
	at org.junit.platform.engine.support.hierarchical.ThrowableCollector.execute(ThrowableCollector.java:73)
	at org.junit.platform.engine.support.hierarchical.NodeTestTask.executeRecursively(NodeTestTask.java:138)
	at org.junit.platform.engine.support.hierarchical.NodeTestTask.execute(NodeTestTask.java:95)
	at java.base/java.util.ArrayList.forEach(ArrayList.java:1596)
	at org.junit.platform.engine.support.hierarchical.SameThreadHierarchicalTestExecutorService.invokeAll(SameThreadHierarchicalTestExecutorService.java:41)
	at org.junit.platform.engine.support.hierarchical.NodeTestTask.lambda$executeRecursively$6(NodeTestTask.java:155)
	at org.junit.platform.engine.support.hierarchical.ThrowableCollector.execute(ThrowableCollector.java:73)
	at org.junit.platform.engine.support.hierarchical.NodeTestTask.lambda$executeRecursively$8(NodeTestTask.java:141)
	at org.junit.platform.engine.support.hierarchical.Node.around(Node.java:137)
	at org.junit.platform.engine.support.hierarchical.NodeTestTask.lambda$executeRecursively$9(NodeTestTask.java:139)
	at org.junit.platform.engine.support.hierarchical.ThrowableCollector.execute(ThrowableCollector.java:73)
	at org.junit.platform.engine.support.hierarchical.NodeTestTask.executeRecursively(NodeTestTask.java:138)
	at org.junit.platform.engine.support.hierarchical.NodeTestTask.execute(NodeTestTask.java:95)
	at java.base/java.util.ArrayList.forEach(ArrayList.java:1596)
	at org.junit.platform.engine.support.hierarchical.SameThreadHierarchicalTestExecutorService.invokeAll(SameThreadHierarchicalTestExecutorService.java:41)
	at org.junit.platform.engine.support.hierarchical.NodeTestTask.lambda$executeRecursively$6(NodeTestTask.java:155)
	at org.junit.platform.engine.support.hierarchical.ThrowableCollector.execute(ThrowableCollector.java:73)
	at org.junit.platform.engine.support.hierarchical.NodeTestTask.lambda$executeRecursively$8(NodeTestTask.java:141)
	at org.junit.platform.engine.support.hierarchical.Node.around(Node.java:137)
	at org.junit.platform.engine.support.hierarchical.NodeTestTask.lambda$executeRecursively$9(NodeTestTask.java:139)
	at org.junit.platform.engine.support.hierarchical.ThrowableCollector.execute(ThrowableCollector.java:73)
	at org.junit.platform.engine.support.hierarchical.NodeTestTask.executeRecursively(NodeTestTask.java:138)
	at org.junit.platform.engine.support.hierarchical.NodeTestTask.execute(NodeTestTask.java:95)
	at org.junit.platform.engine.support.hierarchical.SameThreadHierarchicalTestExecutorService.submit(SameThreadHierarchicalTestExecutorService.java:35)
	at org.junit.platform.engine.support.hierarchical.HierarchicalTestExecutor.execute(HierarchicalTestExecutor.java:57)
	at org.junit.platform.engine.support.hierarchical.HierarchicalTestEngine.execute(HierarchicalTestEngine.java:54)
	at org.junit.platform.launcher.core.EngineExecutionOrchestrator.execute(EngineExecutionOrchestrator.java:198)
	at org.junit.platform.launcher.core.EngineExecutionOrchestrator.execute(EngineExecutionOrchestrator.java:169)
	at org.junit.platform.launcher.core.EngineExecutionOrchestrator.execute(EngineExecutionOrchestrator.java:93)
	at org.junit.platform.launcher.core.EngineExecutionOrchestrator.lambda$execute$0(EngineExecutionOrchestrator.java:58)
	at org.junit.platform.launcher.core.EngineExecutionOrchestrator.withInterceptedStreams(EngineExecutionOrchestrator.java:141)
	at org.junit.platform.launcher.core.EngineExecutionOrchestrator.execute(EngineExecutionOrchestrator.java:57)
	at org.junit.platform.launcher.core.DefaultLauncher.execute(DefaultLauncher.java:103)
	at org.junit.platform.launcher.core.DefaultLauncher.execute(DefaultLauncher.java:85)
	at org.junit.platform.launcher.core.DelegatingLauncher.execute(DelegatingLauncher.java:47)
	at org.junit.platform.launcher.core.SessionPerRequestLauncher.execute(SessionPerRequestLauncher.java:63)
	at com.intellij.junit5.JUnit5IdeaTestRunner.startRunnerWithArgs(JUnit5IdeaTestRunner.java:57)
	at com.intellij.rt.junit.IdeaTestRunner$Repeater$1.execute(IdeaTestRunner.java:38)
	at com.intellij.rt.execution.junit.TestsRepeater.repeat(TestsRepeater.java:11)
	at com.intellij.rt.junit.IdeaTestRunner$Repeater.startRunnerWithArgs(IdeaTestRunner.java:35)
	at com.intellij.rt.junit.JUnitStarter.prepareStreamsAndStart(JUnitStarter.java:232)
	at com.intellij.rt.junit.JUnitStarter.main(JUnitStarter.java:55)
Caused by: org.openqa.selenium.NoSuchElementException: no such element: Unable to locate element: {"method":"xpath","selector":"(//mat-label[contains(text(), 'Dokumentas')])[8]"}
  (Session info: chrome=137.0.7151.69)
For documentation on this error, please visit: https://www.selenium.dev/documentation/webdriver/troubleshooting/errors#no-such-element-exception
Build info: version: '4.27.0', revision: 'd6e718d134'
System info: os.name: 'Windows 11', os.arch: 'amd64', os.version: '10.0', java.version: '21.0.3'
Driver info: org.openqa.selenium.chrome.ChromeDriver
Command: [02a32ef551cfd7e400708f096caa9c5a, findElement {using=xpath, value=(//mat-label[contains(text(), 'Dokumentas')])[8]}]
Capabilities {acceptInsecureCerts: false, browserName: chrome, browserVersion: 137.0.7151.69, chrome: {chromedriverVersion: 137.0.7151.68 (2989ffee9373..., userDataDir: C:\Users\INGRID~1.ZAD\AppDa...}, fedcm:accounts: true, goog:chromeOptions: {debuggerAddress: localhost:54022}, networkConnectionEnabled: false, pageLoadStrategy: normal, platformName: windows, proxy: Proxy(), se:cdp: ws://localhost:54022/devtoo..., se:cdpVersion: 137.0.7151.69, setWindowRect: true, strictFileInteractability: false, timeouts: {implicit: 0, pageLoad: 300000, script: 30000}, unhandledPromptBehavior: dismiss and notify, webauthn:extension:credBlob: true, webauthn:extension:largeBlob: true, webauthn:extension:minPinLength: true, webauthn:extension:prf: true, webauthn:virtualAuthenticators: true}
Session ID: 02a32ef551cfd7e400708f096caa9c5a
	at java.base/jdk.internal.reflect.DirectConstructorHandleAccessor.newInstance(DirectConstructorHandleAccessor.java:62)
	at java.base/java.lang.reflect.Constructor.newInstanceWithCaller(Constructor.java:502)
	at java.base/java.lang.reflect.Constructor.newInstance(Constructor.java:486)
	at org.openqa.selenium.remote.ErrorCodec.decode(ErrorCodec.java:167)
	at org.openqa.selenium.remote.codec.w3c.W3CHttpResponseCodec.decode(W3CHttpResponseCodec.java:138)
	at org.openqa.selenium.remote.codec.w3c.W3CHttpResponseCodec.decode(W3CHttpResponseCodec.java:50)
	at org.openqa.selenium.remote.HttpCommandExecutor.execute(HttpCommandExecutor.java:190)
	at org.openqa.selenium.remote.service.DriverCommandExecutor.invokeExecute(DriverCommandExecutor.java:216)
	at org.openqa.selenium.remote.service.DriverCommandExecutor.execute(DriverCommandExecutor.java:174)
	at org.openqa.selenium.remote.RemoteWebDriver.execute(RemoteWebDriver.java:545)
	at org.openqa.selenium.remote.ElementLocation$ElementFinder$2.findElement(ElementLocation.java:165)
	at org.openqa.selenium.remote.ElementLocation.findElement(ElementLocation.java:59)
	at org.openqa.selenium.remote.RemoteWebDriver.findElement(RemoteWebDriver.java:368)
	at org.openqa.selenium.remote.RemoteWebDriver.findElement(RemoteWebDriver.java:362)
	at org.openqa.selenium.support.pagefactory.DefaultElementLocator.findElement(DefaultElementLocator.java:68)
	at org.openqa.selenium.support.pagefactory.internal.LocatingElementHandler.invoke(LocatingElementHandler.java:38)
	at jdk.proxy2/jdk.proxy2.$Proxy14.isDisplayed(Unknown Source)
	at org.openqa.selenium.support.ui.ExpectedConditions.elementIfVisible(ExpectedConditions.java:304)
	at org.openqa.selenium.support.ui.ExpectedConditions$10.apply(ExpectedConditions.java:290)
	at org.openqa.selenium.support.ui.ExpectedConditions$10.apply(ExpectedConditions.java:287)
	at org.openqa.selenium.support.ui.ExpectedConditions$23.apply(ExpectedConditions.java:656)
	at org.openqa.selenium.support.ui.ExpectedConditions$23.apply(ExpectedConditions.java:652)
	at org.openqa.selenium.support.ui.FluentWait.until(FluentWait.java:203)
	... 70 common frames omitted
2025-06-10 08:28:42 [main] INFO  l.insoft.uztis.tests.utils.TestUtils - Screenshot moved to C:\Users\ingrida.zadorozniene\Desktop\Asm\UZTIS\UZTIS_tests\test-output\screenshots\20250610\082842120_testAddDocumentsVUI().png
2025-06-10 08:29:54 [main] INFO  lt.insoft.uztis.tests.UztisPageTest - Navigated to https://uztisdev.asseco.lt/home
2025-06-10 08:29:54 [main] INFO  l.i.u.tests.ApplicationFormsPageTest - Setup complete. ApplicationFormsPage initialized.
2025-06-10 08:29:54 [main] INFO  l.i.u.tests.ApplicationFormsPageTest - Starting test:'testAddContractVUI'
2025-06-10 08:29:55 [main] INFO  l.insoft.uztis.tests.utils.TestUtils - Login attempt with user: evaluation_chief
2025-06-10 08:29:55 [main] DEBUG l.i.u.tests.ApplicationFormsPageTest - User logged in with test credentials
2025-06-10 08:29:55 [main] DEBUG l.i.u.tests.ApplicationFormsPageTest - Opened 'Application Processing' menu.
2025-06-10 08:29:55 [main] DEBUG l.i.u.tests.ApplicationFormsPageTest - Clicked on 'Application Forms' menu.
2025-06-10 08:29:56 [main] DEBUG l.i.u.tests.ApplicationFormsPageTest - Selected the last application description.
2025-06-10 08:29:56 [main] DEBUG l.i.u.tests.ApplicationFormsPageTest - Clicked 'Project Progress' tab.
2025-06-10 08:29:57 [main] DEBUG l.i.u.tests.ApplicationFormsPageTest - Clicked the 'Edit' button.
2025-06-10 08:29:57 [main] INFO  l.i.uztis.pages.ApplicationFormsPage - Opening the dropdown.
2025-06-10 08:30:01 [main] INFO  l.i.uztis.pages.ApplicationFormsPage - Selected the value: 'Vietinių užimtumo iniciatyvų projekto įgyvendinimo ir finansavimo sutartis'
2025-06-10 08:30:12 [main] ERROR l.i.uztis.pages.ApplicationFormsPage - Dropdown did not close as expected.
2025-06-10 08:30:12 [main] DEBUG l.i.u.tests.ApplicationFormsPageTest - Selected a value from the 'Document' dropdown: 'Vietinių užimtumo iniciatyvų projekto įgyvendinimo ir finansavimo sutartis'
2025-06-10 08:30:12 [main] INFO  l.i.uztis.pages.ApplicationFormsPage - Opening the dropdown.
2025-06-10 08:30:15 [main] INFO  l.i.uztis.pages.ApplicationFormsPage - Selected the value: 'Sprendimas dėl išmokos'
2025-06-10 08:30:26 [main] ERROR l.i.uztis.pages.ApplicationFormsPage - Dropdown did not close as expected.
2025-06-10 08:30:26 [main] DEBUG l.i.u.tests.ApplicationFormsPageTest - Selected a value from the 'Document' dropdown: 'Sprendimas dėl išmokos'
2025-06-10 08:30:26 [main] INFO  l.i.uztis.pages.ApplicationFormsPage - Opening the dropdown.
2025-06-10 08:30:29 [main] INFO  l.i.uztis.pages.ApplicationFormsPage - Selected the value: 'Sprendimas dėl išmokos'
2025-06-10 08:30:40 [main] ERROR l.i.uztis.pages.ApplicationFormsPage - Dropdown did not close as expected.
2025-06-10 08:30:40 [main] DEBUG l.i.u.tests.ApplicationFormsPageTest - Selected a value from the 'Document' dropdown: 'Sprendimas dėl išmokos'
2025-06-10 08:30:40 [main] DEBUG l.i.u.tests.ApplicationFormsPageTest - Clicked the 'Save' button.
2025-06-10 08:30:40 [main] ERROR l.i.uztis.pages.ApplicationFormsPage - Failed to verify the success message: 'Funkcija sėkmingai atlikta.'. Available messages: [Duomenys sėkmingai išsaugoti.]
2025-06-10 08:30:40 [main] INFO  l.i.u.tests.ApplicationFormsPageTest - Verified success message
2025-06-10 08:30:40 [main] INFO  l.i.u.tests.ApplicationFormsPageTest - Test 'testAddContractVUI' completed successfully.
2025-06-10 08:39:04 [main] INFO  lt.insoft.uztis.tests.UztisPageTest - Navigated to https://uztisdev.asseco.lt/home
2025-06-10 08:39:04 [main] INFO  l.i.uztis.tests.InvitationsPageTest - Starting test:'testCreateNewVuiInvitationDraft'
2025-06-10 08:39:04 [main] INFO  l.insoft.uztis.tests.utils.TestUtils - Login attempt with user: evaluation_chief
2025-06-10 08:39:04 [main] DEBUG l.i.uztis.tests.InvitationsPageTest - User logged in with test credentials
2025-06-10 08:39:05 [main] DEBUG l.i.uztis.tests.InvitationsPageTest - Opened 'Application Processing' menu.
2025-06-10 08:39:05 [main] DEBUG l.i.uztis.tests.InvitationsPageTest - Clicked on 'Application Forms' menu.
2025-06-10 08:39:05 [main] DEBUG l.i.uztis.tests.InvitationsPageTest - Navigating to application forms menu.
2025-06-10 08:39:06 [main] DEBUG l.i.uztis.tests.InvitationsPageTest - Retrieved last description code text: 'TST-VUI-20'.
2025-06-10 08:39:06 [main] DEBUG l.i.uztis.tests.InvitationsPageTest - Clicked on 'Invitation' menu.
2025-06-10 08:39:06 [main] DEBUG l.i.uztis.tests.InvitationsPageTest - Clicked 'Create New Application Form'.
2025-06-10 08:39:07 [main] DEBUG l.i.uztis.tests.InvitationsPageTest - Selected section by code: 'TST-VUI-20'.
2025-06-10 08:39:07 [main] INFO  l.insoft.uztis.pages.InvitationsPage - Located the dropdown button.
2025-06-10 08:39:19 [main] ERROR l.insoft.uztis.pages.InvitationsPage - Timeout while waiting for dropdown to close with aria-expanded = 'false'.
2025-06-10 08:39:19 [main] DEBUG l.i.uztis.tests.InvitationsPageTest - Selected invitation number from the list.
2025-06-10 08:39:19 [main] DEBUG l.i.uztis.tests.InvitationsPageTest - Entered current date.
2025-06-10 08:39:20 [main] DEBUG l.i.uztis.tests.InvitationsPageTest - Entered start time: 00:00.
2025-06-10 08:39:20 [main] DEBUG l.i.uztis.tests.InvitationsPageTest - Entered end date.
2025-06-10 08:39:20 [main] DEBUG l.i.uztis.tests.InvitationsPageTest - Entered end time: 11:11.
2025-06-10 08:39:20 [main] DEBUG l.i.uztis.tests.InvitationsPageTest - Draft saved.
2025-06-10 08:39:21 [main] DEBUG l.i.uztis.pages.ApplicationFormsPage - Verified success message: 'Duomenys sėkmingai išsaugoti.'
2025-06-10 08:39:21 [main] INFO  l.i.uztis.tests.InvitationsPageTest - Verified success message
2025-06-10 08:39:21 [main] INFO  l.i.uztis.tests.InvitationsPageTest - Test 'testCreateNewVuiInvitationDraft' completed successfully.
2025-06-10 08:39:40 [main] INFO  lt.insoft.uztis.tests.UztisPageTest - Navigated to https://uztisdev.asseco.lt/home
2025-06-10 08:39:40 [main] INFO  l.i.uztis.tests.InvitationsPageTest - Starting test:'testEditAndPublishVuiInvitationDraft'
2025-06-10 08:39:41 [main] INFO  l.insoft.uztis.tests.utils.TestUtils - Login attempt with user: evaluation_chief
2025-06-10 08:39:41 [main] DEBUG l.i.uztis.tests.InvitationsPageTest - User logged in with test credentials
2025-06-10 08:39:41 [main] DEBUG l.i.uztis.tests.InvitationsPageTest - Opened 'Application Processing' menu.
2025-06-10 08:39:42 [main] DEBUG l.i.uztis.tests.InvitationsPageTest - Clicked on 'Application Forms' menu.
2025-06-10 08:39:42 [main] DEBUG l.i.uztis.tests.InvitationsPageTest - Navigating to application forms menu.
2025-06-10 08:39:42 [main] DEBUG l.i.uztis.tests.InvitationsPageTest - Retrieved last description code text: 'TST-VUI-20'.
2025-06-10 08:39:42 [main] DEBUG l.i.uztis.tests.InvitationsPageTest - Clicked on 'Invitation' menu.
2025-06-10 08:39:44 [main] DEBUG l.i.uztis.tests.InvitationsPageTest - Selected section by code: 'TST-VUI-20'.
2025-06-10 08:39:44 [main] DEBUG l.i.uztis.tests.InvitationsPageTest - Clicked 'Search'.
2025-06-10 08:39:44 [main] DEBUG l.i.uztis.tests.InvitationsPageTest - Getting and inserting application code text.
2025-06-10 08:39:44 [main] DEBUG l.i.uztis.tests.InvitationsPageTest - Clicked 'InvitationDraft'.
2025-06-10 08:39:44 [main] DEBUG l.i.uztis.tests.InvitationsPageTest - Clicked 'Edit'.
2025-06-10 08:39:45 [main] DEBUG l.i.uztis.tests.InvitationsPageTest - Entered publication end date.
2025-06-10 08:39:45 [main] DEBUG l.i.uztis.tests.InvitationsPageTest - Added additional values.
2025-06-10 08:39:45 [main] INFO  l.insoft.uztis.pages.InvitationsPage - Located the dropdown button.
2025-06-10 08:39:46 [main] DEBUG l.i.uztis.tests.InvitationsPageTest - Selected the value: 'Didžiausia galima paramos suma aplinkos darbo vietai, Eur'
2025-06-10 08:39:46 [main] INFO  l.insoft.uztis.pages.InvitationsPage - Located the dropdown button.
2025-06-10 08:39:47 [main] DEBUG l.i.uztis.tests.InvitationsPageTest - Selected the value: 'Didžiausia galima paramos suma, Eur'
2025-06-10 08:39:47 [main] INFO  l.insoft.uztis.pages.InvitationsPage - Located the dropdown button.
2025-06-10 08:39:47 [main] DEBUG l.i.uztis.tests.InvitationsPageTest - Selected the value: 'Didžiausia galima paramos suma vienai darbo vietai, Eur'
2025-06-10 08:39:48 [main] DEBUG l.i.uztis.tests.InvitationsPageTest - Entered value: 11000
2025-06-10 08:39:48 [main] DEBUG l.i.uztis.tests.InvitationsPageTest - Entered value: 12000
2025-06-10 08:39:48 [main] DEBUG l.i.uztis.tests.InvitationsPageTest - Entered value: 13000
2025-06-10 08:39:48 [main] DEBUG l.i.uztis.tests.InvitationsPageTest - Checked 'Legal Entities' checkbox.
2025-06-10 08:39:48 [main] DEBUG l.i.uztis.tests.InvitationsPageTest - Checked 'Legal Entities' checkbox.
2025-06-10 08:39:48 [main] DEBUG l.i.uztis.tests.InvitationsPageTest - Unchecked 'Persons Registered with Employment Service' checkbox.
2025-06-10 08:39:49 [main] DEBUG l.i.uztis.tests.InvitationsPageTest - Checked 'Persons Registered as Employers' checkbox.
2025-06-10 08:39:49 [main] DEBUG l.i.uztis.tests.InvitationsPageTest - Entered second evaluation grade: '5'.
2025-06-10 08:39:49 [main] DEBUG l.i.uztis.tests.InvitationsPageTest - Entered third evaluation grade: '6'.
2025-06-10 08:39:49 [main] DEBUG l.i.uztis.tests.InvitationsPageTest - Entered second evaluation grade weight: '0,45'.
2025-06-10 08:39:49 [main] DEBUG l.i.uztis.tests.InvitationsPageTest - Entered third evaluation grade weight: '0,55'.
2025-06-10 08:39:49 [main] DEBUG l.i.uztis.tests.InvitationsPageTest - Entered budget: '2000'.
2025-06-10 08:39:49 [main] DEBUG l.i.uztis.tests.InvitationsPageTest - Entered description text: 'Aprašo tekstas'.
2025-06-10 08:39:49 [main] DEBUG l.i.uztis.tests.InvitationsPageTest - Entered applicants text: 'Pareiškėjų tekstas'.
2025-06-10 08:39:50 [main] DEBUG l.i.uztis.tests.InvitationsPageTest - Entered expenditures text: 'Išlaidų tekstas'.
2025-06-10 08:39:50 [main] DEBUG l.i.uztis.tests.InvitationsPageTest - Entered legislation text: 'Teisės aktų tekstas'.
2025-06-10 08:39:50 [main] DEBUG l.i.uztis.tests.InvitationsPageTest - Entered education text: 'Mokymų tekstas'.
2025-06-10 08:39:50 [main] DEBUG l.i.uztis.tests.InvitationsPageTest - File uploaded.
2025-06-10 08:39:50 [main] DEBUG l.i.uztis.tests.InvitationsPageTest - Clicked 'Publish'.
2025-06-10 08:39:50 [main] DEBUG l.i.uztis.tests.InvitationsPageTest - Publication confirmed.
2025-06-10 08:39:51 [main] DEBUG l.i.uztis.pages.ApplicationFormsPage - Verified success message: 'Funkcija sėkmingai atlikta.'
2025-06-10 08:39:51 [main] INFO  l.i.uztis.tests.InvitationsPageTest - Verified success message
2025-06-10 08:39:51 [main] INFO  l.i.uztis.tests.InvitationsPageTest - Test 'testEditAndPublishVuiInvitationDraft' completed successfully.
2025-06-10 08:41:36 [main] INFO  lt.insoft.uztis.tests.UztisPageTest - Navigated to https://uztisdev.asseco.lt/home
2025-06-10 08:41:36 [main] INFO  l.i.uztis.tests.InvitationsPageTest - Starting test:'testInsertVui_PvkStatisticInformation'
2025-06-10 08:41:36 [main] INFO  l.insoft.uztis.tests.utils.TestUtils - Login attempt with user: evaluation_chief
2025-06-10 08:41:36 [main] DEBUG l.i.uztis.tests.InvitationsPageTest - User logged in with test credentials
2025-06-10 08:41:37 [main] DEBUG l.i.uztis.tests.InvitationsPageTest - Opened 'Application Processing' menu.
2025-06-10 08:41:37 [main] DEBUG l.i.uztis.tests.InvitationsPageTest - Clicked on 'Application Forms' menu.
2025-06-10 08:41:37 [main] DEBUG l.i.uztis.tests.InvitationsPageTest - Navigating to invitation forms menu.
2025-06-10 08:41:37 [main] DEBUG l.i.uztis.tests.InvitationsPageTest - Retrieved last description code text: 'TST-VUI-20'.
2025-06-10 08:41:37 [main] DEBUG l.i.uztis.tests.InvitationsPageTest - Clicked on 'Invitation' menu.
2025-06-10 08:41:39 [main] DEBUG l.i.uztis.tests.InvitationsPageTest - Selected section by code: 'TST-VUI-20'.
2025-06-10 08:41:39 [main] DEBUG l.i.uztis.tests.InvitationsPageTest - Clicked 'Search'.
2025-06-10 08:41:39 [main] DEBUG l.i.uztis.tests.InvitationsPageTest - Getting and inserting application code text.
2025-06-10 08:41:39 [main] DEBUG l.i.uztis.tests.InvitationsPageTest - Clicked 'Publishing'.
2025-06-10 08:41:40 [main] DEBUG l.i.uztis.tests.InvitationsPageTest - Clicked 'Statistic Information' tab.
2025-06-10 08:41:40 [main] DEBUG l.i.uztis.tests.InvitationsPageTest - Clicked 'Edit' button.
2025-06-10 08:41:40 [main] DEBUG l.i.uztis.tests.InvitationsPageTest - Entered current date.
2025-06-10 08:41:40 [main] DEBUG l.i.uztis.tests.InvitationsPageTest - Entered value: 8.7
2025-06-10 08:41:41 [main] DEBUG l.i.uztis.tests.InvitationsPageTest - Entered average salary: 2237.9
2025-06-10 08:41:41 [main] DEBUG l.i.uztis.tests.InvitationsPageTest - File uploaded.
2025-06-10 08:41:41 [main] DEBUG l.i.uztis.tests.InvitationsPageTest - Clicked 'Save' button.
2025-06-10 08:41:42 [main] DEBUG l.i.uztis.pages.ApplicationFormsPage - Verified success message: 'Funkcija sėkmingai atlikta.'
2025-06-10 08:41:42 [main] INFO  l.i.uztis.tests.InvitationsPageTest - Verified success message
2025-06-10 08:41:42 [main] INFO  l.i.uztis.tests.InvitationsPageTest - Test 'testInsertVui_PvkStatisticInformation' completed successfully.
2025-06-10 08:42:45 [main] INFO  lt.insoft.uztis.tests.UztisPageTest - Navigated to https://uztisdev.asseco.lt/home
2025-06-10 08:42:45 [main] INFO  l.i.u.t.SubmittedApplicationsPageTest - Starting test:'testFillNewVUIPApplicationFA'
2025-06-10 08:42:45 [main] INFO  l.insoft.uztis.tests.utils.TestUtils - Login attempt with user: evaluation_chief
2025-06-10 08:42:45 [main] DEBUG l.i.u.t.SubmittedApplicationsPageTest - User logged in with test credentials
2025-06-10 08:42:46 [main] DEBUG l.i.u.t.SubmittedApplicationsPageTest - Opened 'Application Processing' menu.
2025-06-10 08:42:46 [main] DEBUG l.i.u.t.SubmittedApplicationsPageTest - Clicked on 'Application Forms' menu.
2025-06-10 08:42:46 [main] DEBUG l.i.u.t.SubmittedApplicationsPageTest - Retrieved last description code text: 'TST-VUI-20'.
2025-06-10 08:42:46 [main] DEBUG l.i.u.t.SubmittedApplicationsPageTest - Clicked on 'Invitation' menu.
2025-06-10 08:42:48 [main] DEBUG l.i.u.t.SubmittedApplicationsPageTest - Selected application section by code: 'TST-VUI-20'.
2025-06-10 08:42:48 [main] DEBUG l.i.u.t.SubmittedApplicationsPageTest - Clicked 'Search' button.
2025-06-10 08:42:48 [main] DEBUG l.i.u.t.SubmittedApplicationsPageTest - Retrieved invitation code: ''.
2025-06-10 08:42:48 [main] DEBUG l.i.u.t.SubmittedApplicationsPageTest - Clicked on 'Submitted Applications' menu.
2025-06-10 08:42:50 [main] DEBUG l.i.u.t.SubmittedApplicationsPageTest - Selected invitation by code: 'TST-VUI-20'.
2025-06-10 08:42:50 [main] DEBUG l.i.u.t.SubmittedApplicationsPageTest - Invitation code inserted.
2025-06-10 08:42:50 [main] DEBUG l.i.u.t.SubmittedApplicationsPageTest - Clicked on 'Action Application' button.
2025-06-10 08:42:51 [main] DEBUG l.i.u.t.SubmittedApplicationsPageTest - Clicked on 'New Application' button.
2025-06-10 08:42:51 [main] DEBUG l.i.u.t.SubmittedApplicationsPageTest - Selected the 'RadioButtonFA' option.
2025-06-10 08:42:51 [main] DEBUG l.i.u.t.SubmittedApplicationsPageTest - Entered phone number: '61298745'.
2025-06-10 08:42:51 [main] DEBUG l.i.u.t.SubmittedApplicationsPageTest - Entered email: 'test@autotest.com'.
2025-06-10 08:42:51 [main] INFO  l.i.u.p.SubmittedApplicationsPage - Clicking on the dropdown button.
2025-06-10 08:43:09 [main] INFO  l.i.u.p.SubmittedApplicationsPage - Found 1741 options in the dropdown.
2025-06-10 08:43:09 [main] DEBUG l.i.u.p.SubmittedApplicationsPage - Checking option: ''
2025-06-10 08:43:09 [main] DEBUG l.i.u.p.SubmittedApplicationsPage - Checking option: '01.11 - Grūdinių (išskyrus ryžius), ankštinių ir aliejingų sėklų augalų auginimas'
2025-06-10 08:43:09 [main] INFO  l.i.u.p.SubmittedApplicationsPage - Successfully selected the value: '01.11 - Grūdinių (išskyrus ryžius), ankštinių ir aliejingų sėklų augalų auginimas'
2025-06-10 08:43:09 [main] INFO  l.i.u.p.SubmittedApplicationsPage - Attempting to close the dropdown.
2025-06-10 08:43:10 [main] DEBUG l.i.u.t.SubmittedApplicationsPageTest - Selected EVRK value: '01.11 - Grūdinių (išskyrus ryžius), ankštinių ir aliejingų sėklų augalų auginimas'.
2025-06-10 08:43:10 [main] DEBUG l.i.u.t.SubmittedApplicationsPageTest - Clicked on 'Address Component' button.
2025-06-10 08:43:10 [main] INFO  l.i.u.p.SubmittedApplicationsPage - Located the dropdown button.
2025-06-10 08:43:14 [main] INFO  l.i.u.p.SubmittedApplicationsPage - Successfully selected the value: 'Lietuva'
2025-06-10 08:43:14 [main] DEBUG l.i.u.t.SubmittedApplicationsPageTest - Selected country: 'Lietuva'.
2025-06-10 08:43:14 [main] INFO  l.i.u.p.SubmittedApplicationsPage - Located the dropdown search field.
2025-06-10 08:43:14 [main] INFO  l.i.u.p.SubmittedApplicationsPage - Dropdown city is opened.
2025-06-10 08:43:14 [main] INFO  l.i.u.p.SubmittedApplicationsPage - Searched for value: 'Vilnius'
2025-06-10 08:43:15 [main] INFO  l.i.u.p.SubmittedApplicationsPage - Successfully selected: 'Vilnius'
2025-06-10 08:43:15 [main] INFO  l.i.u.p.SubmittedApplicationsPage - Located the dropdown button.
2025-06-10 08:43:15 [main] INFO  l.i.u.p.SubmittedApplicationsPage - Successfully selected the value: 'A. Domaševičiaus g.'
2025-06-10 08:43:15 [main] DEBUG l.i.u.t.SubmittedApplicationsPageTest - Selected street: 'A. Domaševičiaus g.'.
2025-06-10 08:43:15 [main] INFO  l.i.u.p.SubmittedApplicationsPage - Located the dropdown button.
2025-06-10 08:43:16 [main] INFO  l.i.u.p.SubmittedApplicationsPage - Successfully selected the value: '1'
2025-06-10 08:43:16 [main] DEBUG l.i.u.t.SubmittedApplicationsPageTest - Selected house: '1'.
2025-06-10 08:43:16 [main] INFO  l.i.u.p.SubmittedApplicationsPage - Located the dropdown button.
2025-06-10 08:43:16 [main] INFO  l.i.u.p.SubmittedApplicationsPage - Successfully selected the value: '1'
2025-06-10 08:43:16 [main] DEBUG l.i.u.t.SubmittedApplicationsPageTest - Selected apartment: '1'.
2025-06-10 08:43:16 [main] DEBUG l.i.u.t.SubmittedApplicationsPageTest - Clicked 'Confirm' button.
2025-06-10 08:43:16 [main] DEBUG l.i.u.t.SubmittedApplicationsPageTest - Entered project date.
2025-06-10 08:43:16 [main] DEBUG l.i.u.t.SubmittedApplicationsPageTest - Entered job count: '1'.
2025-06-10 08:43:17 [main] DEBUG l.i.u.t.SubmittedApplicationsPageTest - Clicked 'Next' button.
2025-06-10 08:43:17 [main] INFO  l.i.u.p.SubmittedApplicationsPage - Located the dropdown button.
2025-06-10 08:43:18 [main] INFO  l.i.u.p.SubmittedApplicationsPage - Successfully selected the value: 'Administratoriai'
2025-06-10 08:43:18 [main] DEBUG l.i.u.t.SubmittedApplicationsPageTest - Selected job name: 'Administratoriai'.
2025-06-10 08:43:18 [main] DEBUG l.i.u.t.SubmittedApplicationsPageTest - Entered job function: 'Funkcija 1'.
2025-06-10 08:43:18 [main] DEBUG l.i.u.t.SubmittedApplicationsPageTest - Selected 'RadioButtonWithDisabilities' option.
2025-06-10 08:43:18 [main] INFO  l.i.u.p.SubmittedApplicationsPage - Clicking on the dropdown button.
2025-06-10 08:43:19 [main] INFO  l.i.u.p.SubmittedApplicationsPage - Found 34 options in the dropdown.
2025-06-10 08:43:19 [main] DEBUG l.i.u.p.SubmittedApplicationsPage - Checking option: 'Asmenys, kuriems suteiktas pabėgėlio statusas ar perkeliamojo asmens statusas, arba asmenys, kuriems suteikta papildoma ar laikinoji apsauga, ir asmenys, turintys teisę gauti laikinąją apsaugą, iki sprendimo dėl laikinosios apsaugos suteikimo (nesuteikimo) priėmimo, tačiau ne ilgiau kaip laikinosios apsaugos laikotarpiu'
2025-06-10 08:43:19 [main] DEBUG l.i.u.p.SubmittedApplicationsPage - Checking option: 'Asmenys, kuriems suteiktas pabėgėlio statusas ar perkeliamojo asmens statusas, arba asmenys, kuriems suteikta papildoma ar laikinoji apsauga, ir asmenys, turintys teisę gauti laikinąją apsaugą, iki sprendimo dėl laikinosios apsaugos suteikimo (nesuteikimo) priėmimo, tačiau ne ilgiau kaip laikinosios apsaugos laikotarpiu'
2025-06-10 08:43:19 [main] DEBUG l.i.u.p.SubmittedApplicationsPage - Checking option: 'Asmenys, turintys teisę į papildomas užimtumo garantijas pagal Lietuvos Respublikos valstybės įmonės Ignalinos atominės elektrinės darbuotojų papildomų užimtumo ir socialinių garantijų įstatymą'
2025-06-10 08:43:19 [main] DEBUG l.i.u.p.SubmittedApplicationsPage - Checking option: 'Asmenys, turintys teisę į papildomas užimtumo garantijas pagal Lietuvos Respublikos valstybės įmonės Ignalinos atominės elektrinės darbuotojų papildomų užimtumo ir socialinių garantijų įstatymą'
2025-06-10 08:43:19 [main] DEBUG l.i.u.p.SubmittedApplicationsPage - Checking option: 'Bedarbiai iki 29 metų'
2025-06-10 08:43:19 [main] DEBUG l.i.u.p.SubmittedApplicationsPage - Checking option: 'Bedarbiai iki 29 metų'
2025-06-10 08:43:19 [main] DEBUG l.i.u.p.SubmittedApplicationsPage - Checking option: 'Bedarbiai, kurie yra darbingo amžiaus neįgalieji, kuriems nustatytas 30–40 procentų darbingumo lygis arba vidutinis neįgalumo lygis'
2025-06-10 08:43:19 [main] DEBUG l.i.u.p.SubmittedApplicationsPage - Checking option: 'Bedarbiai, kurie yra darbingo amžiaus neįgalieji, kuriems nustatytas 30–40 procentų darbingumo lygis arba vidutinis neįgalumo lygis'
2025-06-10 08:43:19 [main] DEBUG l.i.u.p.SubmittedApplicationsPage - Checking option: 'Bedarbiai, kurie yra darbingo amžiaus neįgalieji, kuriems nustatytas 45–55 procentų darbingumo lygis arba lengvas neįgalumo lygis'
2025-06-10 08:43:19 [main] DEBUG l.i.u.p.SubmittedApplicationsPage - Checking option: 'Bedarbiai, kurie yra darbingo amžiaus neįgalieji, kuriems nustatytas 45–55 procentų darbingumo lygis arba lengvas neįgalumo lygis'
2025-06-10 08:43:19 [main] DEBUG l.i.u.p.SubmittedApplicationsPage - Checking option: 'Bedarbiai, kurie yra darbingo amžiaus neįgalieji, kuriems nustatytas iki 25 procentų darbingumo lygis arba sunkus neįgalumo lygis'
2025-06-10 08:43:19 [main] INFO  l.i.u.p.SubmittedApplicationsPage - Successfully selected the value: 'Bedarbiai, kurie yra darbingo amžiaus neįgalieji, kuriems nustatytas iki 25 procentų darbingumo lygis arba sunkus neįgalumo lygis'
2025-06-10 08:43:19 [main] INFO  l.i.u.p.SubmittedApplicationsPage - Attempting to close the dropdown.
2025-06-10 08:43:20 [main] DEBUG l.i.u.t.SubmittedApplicationsPageTest - Selected disabilities type: 'Bedarbiai, kurie yra darbingo amžiaus neįgalieji, kuriems nustatytas iki 25 procentų darbingumo lygis arba sunkus neįgalumo lygis'.
2025-06-10 08:43:20 [main] DEBUG l.i.u.t.SubmittedApplicationsPageTest - Entered disability information: 'Negalia 1'.
2025-06-10 08:43:20 [main] INFO  l.i.u.p.SubmittedApplicationsPage - Located the dropdown button.
2025-06-10 08:43:21 [main] INFO  l.i.u.p.SubmittedApplicationsPage - Successfully selected the value: 'Kita'
2025-06-10 08:43:21 [main] DEBUG l.i.u.t.SubmittedApplicationsPageTest - Selected time mode: 'Kita'.
2025-06-10 08:43:21 [main] DEBUG l.i.u.t.SubmittedApplicationsPageTest - Selected time mode other: '6 val. per dieną ir 4 d. per savaitę'.
2025-06-10 08:43:21 [main] DEBUG l.i.u.t.SubmittedApplicationsPageTest - Entered qualification: 'Kvalifikacija 1'.
2025-06-10 08:43:21 [main] DEBUG l.i.u.t.SubmittedApplicationsPageTest - Entered job date.
2025-06-10 08:43:22 [main] DEBUG l.i.u.t.SubmittedApplicationsPageTest - Entered salary amount: '1200'.
2025-06-10 08:43:22 [main] DEBUG l.i.u.t.SubmittedApplicationsPageTest - Entered salary description: 'Užmokestis 1'.
2025-06-10 08:43:22 [main] DEBUG l.i.u.t.SubmittedApplicationsPageTest - Selected 'Temporary Job' radio button.
2025-06-10 08:43:22 [main] DEBUG l.i.u.t.SubmittedApplicationsPageTest - Selected 'Season Job' radio button.
2025-06-10 08:43:23 [main] DEBUG l.i.u.t.SubmittedApplicationsPageTest - Selected 'Energy' radio button.
2025-06-10 08:43:23 [main] DEBUG l.i.u.t.SubmittedApplicationsPageTest - Selected 'Repair' radio button.
2025-06-10 08:43:23 [main] DEBUG l.i.u.t.SubmittedApplicationsPageTest - Entered job description: 'Veikla 1'.
2025-06-10 08:43:23 [main] DEBUG l.i.u.t.SubmittedApplicationsPageTest - Entered process description: 'Procesas 1'.
2025-06-10 08:43:23 [main] DEBUG l.i.u.t.SubmittedApplicationsPageTest - Entered energy information: 'Energija 1'.
2025-06-10 08:43:24 [main] DEBUG l.i.u.t.SubmittedApplicationsPageTest - Entered repair information: 'Remontas 1'.
2025-06-10 08:43:24 [main] DEBUG l.i.u.t.SubmittedApplicationsPageTest - Selected 'PVM' radio button.
2025-06-10 08:43:24 [main] INFO  l.i.u.p.SubmittedApplicationsPage - Located the dropdown button.
2025-06-10 08:43:24 [main] INFO  l.i.u.p.SubmittedApplicationsPage - Successfully selected the value: 'Įsigyti'
2025-06-10 08:43:24 [main] DEBUG l.i.u.t.SubmittedApplicationsPageTest - Selected necessary for job: 'Įsigyti'.
2025-06-10 08:43:25 [main] DEBUG l.i.u.t.SubmittedApplicationsPageTest - Selected tool: 'Darbo priemonė 1'.
2025-06-10 08:43:25 [main] DEBUG l.i.u.t.SubmittedApplicationsPageTest - Selected tool parameter one: 'Darbo priemonės 1 parametras 1'.
2025-06-10 08:43:25 [main] DEBUG l.i.u.t.SubmittedApplicationsPageTest - Selected tool parameter two: 'Darbo priemonės 1 parametras 2'.
2025-06-10 08:43:26 [main] DEBUG l.i.u.t.SubmittedApplicationsPageTest - Selected tool parameter three: 'Darbo priemonės 1 parametras 3'.
2025-06-10 08:43:26 [main] DEBUG l.i.u.t.SubmittedApplicationsPageTest - Entered tool count: '1'.
2025-06-10 08:43:26 [main] DEBUG l.i.u.t.SubmittedApplicationsPageTest - Entered price amount 1: '1000'.
2025-06-10 08:43:28 [main] DEBUG l.i.u.t.SubmittedApplicationsPageTest - Entered own funds amount 1: '800'.
2025-06-10 08:43:31 [main] DEBUG l.i.u.t.SubmittedApplicationsPageTest - Clicked 'Add' button.
2025-06-10 08:43:31 [main] INFO  l.i.u.p.SubmittedApplicationsPage - Located the dropdown button.
2025-06-10 08:43:31 [main] INFO  l.i.u.p.SubmittedApplicationsPage - Successfully selected the value: 'Remontuoti'
2025-06-10 08:43:31 [main] DEBUG l.i.u.t.SubmittedApplicationsPageTest - Selected necessary for job 'to repair': 'Remontuoti'.
2025-06-10 08:43:31 [main] DEBUG l.i.u.t.SubmittedApplicationsPageTest - Selected repair name: 'Remonto pavadinimas 1'.
2025-06-10 08:43:32 [main] DEBUG l.i.u.t.SubmittedApplicationsPageTest - Entered repair information: 'Remonto aprašymas 1'.
2025-06-10 08:43:32 [main] DEBUG l.i.u.t.SubmittedApplicationsPageTest - Entered price amount 2: '1000'.
2025-06-10 08:43:34 [main] DEBUG l.i.u.t.SubmittedApplicationsPageTest - Entered own funds amount 2: '900'.
2025-06-10 08:43:36 [main] DEBUG l.i.u.t.SubmittedApplicationsPageTest - Clicked 'AddRemoved' button.
2025-06-10 08:43:38 [main] DEBUG l.i.u.t.SubmittedApplicationsPageTest - Clicked 'Remove' button.
2025-06-10 08:43:40 [main] DEBUG l.i.u.t.SubmittedApplicationsPageTest - Clicked 'Remove Confirmation' button.
2025-06-10 08:43:43 [main] DEBUG l.i.u.t.SubmittedApplicationsPageTest - Entered country percentage: '50'.
2025-06-10 08:43:43 [main] DEBUG l.i.u.t.SubmittedApplicationsPageTest - Entered institution percentage: '50'.
2025-06-10 08:43:43 [main] DEBUG l.i.u.t.SubmittedApplicationsPageTest - Entered municipality percentage: '50'.
2025-06-10 08:43:43 [main] DEBUG l.i.u.t.SubmittedApplicationsPageTest - Selected 'De Minimis' radio button.
2025-06-10 08:43:43 [main] DEBUG l.i.u.t.SubmittedApplicationsPageTest - Entered program name: 'Programa 1'.
2025-06-10 08:43:43 [main] DEBUG l.i.u.t.SubmittedApplicationsPageTest - Entered project date from.
2025-06-10 08:43:44 [main] DEBUG l.i.u.t.SubmittedApplicationsPageTest - Entered project date until.
2025-06-10 08:43:44 [main] DEBUG l.i.u.t.SubmittedApplicationsPageTest - Entered support amount: '2000'.
2025-06-10 08:43:44 [main] DEBUG l.i.u.t.SubmittedApplicationsPageTest - Clicked 'Next' button.
2025-06-10 08:43:54 [main] DEBUG l.i.u.t.SubmittedApplicationsPageTest - Checked 'Legal Entities' checkbox 1.
2025-06-10 08:44:04 [main] DEBUG l.i.u.t.SubmittedApplicationsPageTest - Checked 'Legal Entities' checkbox 2.
2025-06-10 08:44:14 [main] DEBUG l.i.u.t.SubmittedApplicationsPageTest - Checked 'Legal Entities' checkbox 3.
2025-06-10 08:44:14 [main] DEBUG l.i.u.t.SubmittedApplicationsPageTest - Test finished: All 'Legal Entities' checkboxes checked successfully.
2025-06-10 08:44:14 [main] DEBUG l.i.u.t.SubmittedApplicationsPageTest - Clicked 'Next' button after checkboxes.
2025-06-10 08:44:25 [main] ERROR l.i.u.p.SubmittedApplicationsPage - Error selecting radio button: Expected condition failed: waiting for element to be clickable: By.xpath: (//input[@type='radio' and @value='false'])[8] (tried for 10 second(s) with 500 milliseconds interval)
Build info: version: '4.27.0', revision: 'd6e718d134'
System info: os.name: 'Windows 11', os.arch: 'amd64', os.version: '10.0', java.version: '21.0.3'
Driver info: org.openqa.selenium.chrome.ChromeDriver
Capabilities {acceptInsecureCerts: false, browserName: chrome, browserVersion: 137.0.7151.69, chrome: {chromedriverVersion: 137.0.7151.68 (2989ffee9373..., userDataDir: C:\Users\INGRID~1.ZAD\AppDa...}, fedcm:accounts: true, goog:chromeOptions: {debuggerAddress: localhost:54685}, networkConnectionEnabled: false, pageLoadStrategy: normal, platformName: windows, proxy: Proxy(), se:cdp: ws://localhost:54685/devtoo..., se:cdpVersion: 137.0.7151.69, setWindowRect: true, strictFileInteractability: false, timeouts: {implicit: 0, pageLoad: 300000, script: 30000}, unhandledPromptBehavior: dismiss and notify, webauthn:extension:credBlob: true, webauthn:extension:largeBlob: true, webauthn:extension:minPinLength: true, webauthn:extension:prf: true, webauthn:virtualAuthenticators: true}
Session ID: b4f0309cbad429d30bdf902430f216b6
2025-06-10 08:44:25 [main] INFO  l.i.u.t.SubmittedApplicationsPageTest - Marking 'Ne' radio button 1
2025-06-10 08:44:35 [main] ERROR l.i.u.p.SubmittedApplicationsPage - Error selecting radio button: Expected condition failed: waiting for element to be clickable: By.xpath: (//input[@type='radio' and @value='false'])[9] (tried for 10 second(s) with 500 milliseconds interval)
Build info: version: '4.27.0', revision: 'd6e718d134'
System info: os.name: 'Windows 11', os.arch: 'amd64', os.version: '10.0', java.version: '21.0.3'
Driver info: org.openqa.selenium.chrome.ChromeDriver
Capabilities {acceptInsecureCerts: false, browserName: chrome, browserVersion: 137.0.7151.69, chrome: {chromedriverVersion: 137.0.7151.68 (2989ffee9373..., userDataDir: C:\Users\INGRID~1.ZAD\AppDa...}, fedcm:accounts: true, goog:chromeOptions: {debuggerAddress: localhost:54685}, networkConnectionEnabled: false, pageLoadStrategy: normal, platformName: windows, proxy: Proxy(), se:cdp: ws://localhost:54685/devtoo..., se:cdpVersion: 137.0.7151.69, setWindowRect: true, strictFileInteractability: false, timeouts: {implicit: 0, pageLoad: 300000, script: 30000}, unhandledPromptBehavior: dismiss and notify, webauthn:extension:credBlob: true, webauthn:extension:largeBlob: true, webauthn:extension:minPinLength: true, webauthn:extension:prf: true, webauthn:virtualAuthenticators: true}
Session ID: b4f0309cbad429d30bdf902430f216b6
2025-06-10 08:44:35 [main] INFO  l.i.u.t.SubmittedApplicationsPageTest - Marking 'Ne' radio button 2
2025-06-10 08:44:45 [main] ERROR l.i.u.p.SubmittedApplicationsPage - Error selecting radio button: Expected condition failed: waiting for element to be clickable: By.xpath: (//input[@type='radio' and @value='false'])[10] (tried for 10 second(s) with 500 milliseconds interval)
Build info: version: '4.27.0', revision: 'd6e718d134'
System info: os.name: 'Windows 11', os.arch: 'amd64', os.version: '10.0', java.version: '21.0.3'
Driver info: org.openqa.selenium.chrome.ChromeDriver
Capabilities {acceptInsecureCerts: false, browserName: chrome, browserVersion: 137.0.7151.69, chrome: {chromedriverVersion: 137.0.7151.68 (2989ffee9373..., userDataDir: C:\Users\INGRID~1.ZAD\AppDa...}, fedcm:accounts: true, goog:chromeOptions: {debuggerAddress: localhost:54685}, networkConnectionEnabled: false, pageLoadStrategy: normal, platformName: windows, proxy: Proxy(), se:cdp: ws://localhost:54685/devtoo..., se:cdpVersion: 137.0.7151.69, setWindowRect: true, strictFileInteractability: false, timeouts: {implicit: 0, pageLoad: 300000, script: 30000}, unhandledPromptBehavior: dismiss and notify, webauthn:extension:credBlob: true, webauthn:extension:largeBlob: true, webauthn:extension:minPinLength: true, webauthn:extension:prf: true, webauthn:virtualAuthenticators: true}
Session ID: b4f0309cbad429d30bdf902430f216b6
2025-06-10 08:44:45 [main] INFO  l.i.u.t.SubmittedApplicationsPageTest - Marking 'Ne' radio button 3
2025-06-10 08:44:55 [main] ERROR l.i.u.p.SubmittedApplicationsPage - Error selecting radio button: Expected condition failed: waiting for element to be clickable: By.xpath: (//input[@type='radio' and @value='false'])[11] (tried for 10 second(s) with 500 milliseconds interval)
Build info: version: '4.27.0', revision: 'd6e718d134'
System info: os.name: 'Windows 11', os.arch: 'amd64', os.version: '10.0', java.version: '21.0.3'
Driver info: org.openqa.selenium.chrome.ChromeDriver
Capabilities {acceptInsecureCerts: false, browserName: chrome, browserVersion: 137.0.7151.69, chrome: {chromedriverVersion: 137.0.7151.68 (2989ffee9373..., userDataDir: C:\Users\INGRID~1.ZAD\AppDa...}, fedcm:accounts: true, goog:chromeOptions: {debuggerAddress: localhost:54685}, networkConnectionEnabled: false, pageLoadStrategy: normal, platformName: windows, proxy: Proxy(), se:cdp: ws://localhost:54685/devtoo..., se:cdpVersion: 137.0.7151.69, setWindowRect: true, strictFileInteractability: false, timeouts: {implicit: 0, pageLoad: 300000, script: 30000}, unhandledPromptBehavior: dismiss and notify, webauthn:extension:credBlob: true, webauthn:extension:largeBlob: true, webauthn:extension:minPinLength: true, webauthn:extension:prf: true, webauthn:virtualAuthenticators: true}
Session ID: b4f0309cbad429d30bdf902430f216b6
2025-06-10 08:44:55 [main] INFO  l.i.u.t.SubmittedApplicationsPageTest - Marking 'Ne' radio button 4
2025-06-10 08:45:05 [main] ERROR l.i.u.p.SubmittedApplicationsPage - Error selecting radio button: Expected condition failed: waiting for element to be clickable: By.xpath: (//input[@type='radio' and @value='false'])[12] (tried for 10 second(s) with 500 milliseconds interval)
Build info: version: '4.27.0', revision: 'd6e718d134'
System info: os.name: 'Windows 11', os.arch: 'amd64', os.version: '10.0', java.version: '21.0.3'
Driver info: org.openqa.selenium.chrome.ChromeDriver
Capabilities {acceptInsecureCerts: false, browserName: chrome, browserVersion: 137.0.7151.69, chrome: {chromedriverVersion: 137.0.7151.68 (2989ffee9373..., userDataDir: C:\Users\INGRID~1.ZAD\AppDa...}, fedcm:accounts: true, goog:chromeOptions: {debuggerAddress: localhost:54685}, networkConnectionEnabled: false, pageLoadStrategy: normal, platformName: windows, proxy: Proxy(), se:cdp: ws://localhost:54685/devtoo..., se:cdpVersion: 137.0.7151.69, setWindowRect: true, strictFileInteractability: false, timeouts: {implicit: 0, pageLoad: 300000, script: 30000}, unhandledPromptBehavior: dismiss and notify, webauthn:extension:credBlob: true, webauthn:extension:largeBlob: true, webauthn:extension:minPinLength: true, webauthn:extension:prf: true, webauthn:virtualAuthenticators: true}
Session ID: b4f0309cbad429d30bdf902430f216b6
2025-06-10 08:45:05 [main] INFO  l.i.u.t.SubmittedApplicationsPageTest - Marking 'Ne' radio button 5
2025-06-10 08:45:16 [main] ERROR l.i.u.p.SubmittedApplicationsPage - Error selecting radio button: Expected condition failed: waiting for element to be clickable: By.xpath: (//input[@type='radio' and @value='false'])[13] (tried for 10 second(s) with 500 milliseconds interval)
Build info: version: '4.27.0', revision: 'd6e718d134'
System info: os.name: 'Windows 11', os.arch: 'amd64', os.version: '10.0', java.version: '21.0.3'
Driver info: org.openqa.selenium.chrome.ChromeDriver
Capabilities {acceptInsecureCerts: false, browserName: chrome, browserVersion: 137.0.7151.69, chrome: {chromedriverVersion: 137.0.7151.68 (2989ffee9373..., userDataDir: C:\Users\INGRID~1.ZAD\AppDa...}, fedcm:accounts: true, goog:chromeOptions: {debuggerAddress: localhost:54685}, networkConnectionEnabled: false, pageLoadStrategy: normal, platformName: windows, proxy: Proxy(), se:cdp: ws://localhost:54685/devtoo..., se:cdpVersion: 137.0.7151.69, setWindowRect: true, strictFileInteractability: false, timeouts: {implicit: 0, pageLoad: 300000, script: 30000}, unhandledPromptBehavior: dismiss and notify, webauthn:extension:credBlob: true, webauthn:extension:largeBlob: true, webauthn:extension:minPinLength: true, webauthn:extension:prf: true, webauthn:virtualAuthenticators: true}
Session ID: b4f0309cbad429d30bdf902430f216b6
2025-06-10 08:45:16 [main] INFO  l.i.u.t.SubmittedApplicationsPageTest - Marking 'Ne' radio button 6
2025-06-10 08:45:26 [main] ERROR l.i.u.p.SubmittedApplicationsPage - Error selecting radio button: Expected condition failed: waiting for element to be clickable: By.xpath: (//input[@type='radio' and @value='true'])[14] (tried for 10 second(s) with 500 milliseconds interval)
Build info: version: '4.27.0', revision: 'd6e718d134'
System info: os.name: 'Windows 11', os.arch: 'amd64', os.version: '10.0', java.version: '21.0.3'
Driver info: org.openqa.selenium.chrome.ChromeDriver
Capabilities {acceptInsecureCerts: false, browserName: chrome, browserVersion: 137.0.7151.69, chrome: {chromedriverVersion: 137.0.7151.68 (2989ffee9373..., userDataDir: C:\Users\INGRID~1.ZAD\AppDa...}, fedcm:accounts: true, goog:chromeOptions: {debuggerAddress: localhost:54685}, networkConnectionEnabled: false, pageLoadStrategy: normal, platformName: windows, proxy: Proxy(), se:cdp: ws://localhost:54685/devtoo..., se:cdpVersion: 137.0.7151.69, setWindowRect: true, strictFileInteractability: false, timeouts: {implicit: 0, pageLoad: 300000, script: 30000}, unhandledPromptBehavior: dismiss and notify, webauthn:extension:credBlob: true, webauthn:extension:largeBlob: true, webauthn:extension:minPinLength: true, webauthn:extension:prf: true, webauthn:virtualAuthenticators: true}
Session ID: b4f0309cbad429d30bdf902430f216b6
2025-06-10 08:45:26 [main] INFO  l.i.u.t.SubmittedApplicationsPageTest - Marking 'Taip' radio button 7
2025-06-10 08:45:36 [main] ERROR l.i.u.p.SubmittedApplicationsPage - Error selecting radio button: Expected condition failed: waiting for element to be clickable: By.xpath: (//input[@type='radio' and @value='true'])[15] (tried for 10 second(s) with 500 milliseconds interval)
Build info: version: '4.27.0', revision: 'd6e718d134'
System info: os.name: 'Windows 11', os.arch: 'amd64', os.version: '10.0', java.version: '21.0.3'
Driver info: org.openqa.selenium.chrome.ChromeDriver
Capabilities {acceptInsecureCerts: false, browserName: chrome, browserVersion: 137.0.7151.69, chrome: {chromedriverVersion: 137.0.7151.68 (2989ffee9373..., userDataDir: C:\Users\INGRID~1.ZAD\AppDa...}, fedcm:accounts: true, goog:chromeOptions: {debuggerAddress: localhost:54685}, networkConnectionEnabled: false, pageLoadStrategy: normal, platformName: windows, proxy: Proxy(), se:cdp: ws://localhost:54685/devtoo..., se:cdpVersion: 137.0.7151.69, setWindowRect: true, strictFileInteractability: false, timeouts: {implicit: 0, pageLoad: 300000, script: 30000}, unhandledPromptBehavior: dismiss and notify, webauthn:extension:credBlob: true, webauthn:extension:largeBlob: true, webauthn:extension:minPinLength: true, webauthn:extension:prf: true, webauthn:virtualAuthenticators: true}
Session ID: b4f0309cbad429d30bdf902430f216b6
2025-06-10 08:45:36 [main] INFO  l.i.u.t.SubmittedApplicationsPageTest - Marking 'Taip' radio button 8
2025-06-10 08:45:46 [main] ERROR l.i.u.p.SubmittedApplicationsPage - Error selecting radio button: Expected condition failed: waiting for element to be clickable: By.xpath: (//input[@type='radio' and @value='true'])[16] (tried for 10 second(s) with 500 milliseconds interval)
Build info: version: '4.27.0', revision: 'd6e718d134'
System info: os.name: 'Windows 11', os.arch: 'amd64', os.version: '10.0', java.version: '21.0.3'
Driver info: org.openqa.selenium.chrome.ChromeDriver
Capabilities {acceptInsecureCerts: false, browserName: chrome, browserVersion: 137.0.7151.69, chrome: {chromedriverVersion: 137.0.7151.68 (2989ffee9373..., userDataDir: C:\Users\INGRID~1.ZAD\AppDa...}, fedcm:accounts: true, goog:chromeOptions: {debuggerAddress: localhost:54685}, networkConnectionEnabled: false, pageLoadStrategy: normal, platformName: windows, proxy: Proxy(), se:cdp: ws://localhost:54685/devtoo..., se:cdpVersion: 137.0.7151.69, setWindowRect: true, strictFileInteractability: false, timeouts: {implicit: 0, pageLoad: 300000, script: 30000}, unhandledPromptBehavior: dismiss and notify, webauthn:extension:credBlob: true, webauthn:extension:largeBlob: true, webauthn:extension:minPinLength: true, webauthn:extension:prf: true, webauthn:virtualAuthenticators: true}
Session ID: b4f0309cbad429d30bdf902430f216b6
2025-06-10 08:45:46 [main] INFO  l.i.u.t.SubmittedApplicationsPageTest - Marking 'Taip' radio button 9
2025-06-10 08:45:56 [main] ERROR l.i.u.p.SubmittedApplicationsPage - Error selecting radio button: Expected condition failed: waiting for element to be clickable: By.xpath: (//input[@type='radio' and @value='true'])[17] (tried for 10 second(s) with 500 milliseconds interval)
Build info: version: '4.27.0', revision: 'd6e718d134'
System info: os.name: 'Windows 11', os.arch: 'amd64', os.version: '10.0', java.version: '21.0.3'
Driver info: org.openqa.selenium.chrome.ChromeDriver
Capabilities {acceptInsecureCerts: false, browserName: chrome, browserVersion: 137.0.7151.69, chrome: {chromedriverVersion: 137.0.7151.68 (2989ffee9373..., userDataDir: C:\Users\INGRID~1.ZAD\AppDa...}, fedcm:accounts: true, goog:chromeOptions: {debuggerAddress: localhost:54685}, networkConnectionEnabled: false, pageLoadStrategy: normal, platformName: windows, proxy: Proxy(), se:cdp: ws://localhost:54685/devtoo..., se:cdpVersion: 137.0.7151.69, setWindowRect: true, strictFileInteractability: false, timeouts: {implicit: 0, pageLoad: 300000, script: 30000}, unhandledPromptBehavior: dismiss and notify, webauthn:extension:credBlob: true, webauthn:extension:largeBlob: true, webauthn:extension:minPinLength: true, webauthn:extension:prf: true, webauthn:virtualAuthenticators: true}
Session ID: b4f0309cbad429d30bdf902430f216b6
2025-06-10 08:45:56 [main] INFO  l.i.u.t.SubmittedApplicationsPageTest - Marking 'Taip' radio button 10
2025-06-10 08:46:06 [main] ERROR l.i.u.p.SubmittedApplicationsPage - Error selecting radio button: Expected condition failed: waiting for element to be clickable: By.xpath: (//input[@type='radio' and @value='true'])[18] (tried for 10 second(s) with 500 milliseconds interval)
Build info: version: '4.27.0', revision: 'd6e718d134'
System info: os.name: 'Windows 11', os.arch: 'amd64', os.version: '10.0', java.version: '21.0.3'
Driver info: org.openqa.selenium.chrome.ChromeDriver
Capabilities {acceptInsecureCerts: false, browserName: chrome, browserVersion: 137.0.7151.69, chrome: {chromedriverVersion: 137.0.7151.68 (2989ffee9373..., userDataDir: C:\Users\INGRID~1.ZAD\AppDa...}, fedcm:accounts: true, goog:chromeOptions: {debuggerAddress: localhost:54685}, networkConnectionEnabled: false, pageLoadStrategy: normal, platformName: windows, proxy: Proxy(), se:cdp: ws://localhost:54685/devtoo..., se:cdpVersion: 137.0.7151.69, setWindowRect: true, strictFileInteractability: false, timeouts: {implicit: 0, pageLoad: 300000, script: 30000}, unhandledPromptBehavior: dismiss and notify, webauthn:extension:credBlob: true, webauthn:extension:largeBlob: true, webauthn:extension:minPinLength: true, webauthn:extension:prf: true, webauthn:virtualAuthenticators: true}
Session ID: b4f0309cbad429d30bdf902430f216b6
2025-06-10 08:46:06 [main] INFO  l.i.u.t.SubmittedApplicationsPageTest - Marking 'Taip' radio button 11
2025-06-10 08:46:17 [main] ERROR l.i.u.p.SubmittedApplicationsPage - Error selecting radio button: Expected condition failed: waiting for element to be clickable: By.xpath: (//input[@type='radio' and @value='true'])[19] (tried for 10 second(s) with 500 milliseconds interval)
Build info: version: '4.27.0', revision: 'd6e718d134'
System info: os.name: 'Windows 11', os.arch: 'amd64', os.version: '10.0', java.version: '21.0.3'
Driver info: org.openqa.selenium.chrome.ChromeDriver
Capabilities {acceptInsecureCerts: false, browserName: chrome, browserVersion: 137.0.7151.69, chrome: {chromedriverVersion: 137.0.7151.68 (2989ffee9373..., userDataDir: C:\Users\INGRID~1.ZAD\AppDa...}, fedcm:accounts: true, goog:chromeOptions: {debuggerAddress: localhost:54685}, networkConnectionEnabled: false, pageLoadStrategy: normal, platformName: windows, proxy: Proxy(), se:cdp: ws://localhost:54685/devtoo..., se:cdpVersion: 137.0.7151.69, setWindowRect: true, strictFileInteractability: false, timeouts: {implicit: 0, pageLoad: 300000, script: 30000}, unhandledPromptBehavior: dismiss and notify, webauthn:extension:credBlob: true, webauthn:extension:largeBlob: true, webauthn:extension:minPinLength: true, webauthn:extension:prf: true, webauthn:virtualAuthenticators: true}
Session ID: b4f0309cbad429d30bdf902430f216b6
2025-06-10 08:46:17 [main] INFO  l.i.u.t.SubmittedApplicationsPageTest - Marking 'Taip' radio button 12
2025-06-10 08:46:27 [main] DEBUG l.i.u.t.SubmittedApplicationsPageTest - Checked 'ConfirmationStepFour'
2025-06-10 08:46:27 [main] DEBUG l.i.u.t.SubmittedApplicationsPageTest - Clicked 'Next' button after checkboxes.
2025-06-10 08:46:27 [main] INFO  l.i.u.p.SubmittedApplicationsPage - File uploaded successfully to an input element.
2025-06-10 08:46:27 [main] INFO  l.i.u.p.SubmittedApplicationsPage - File uploaded successfully to an input element.
2025-06-10 08:46:27 [main] INFO  l.i.u.p.SubmittedApplicationsPage - File uploaded successfully to an input element.
2025-06-10 08:46:27 [main] INFO  l.i.u.p.SubmittedApplicationsPage - File uploaded successfully to an input element.
2025-06-10 08:46:27 [main] INFO  l.i.u.p.SubmittedApplicationsPage - File uploaded successfully to an input element.
2025-06-10 08:46:27 [main] INFO  l.i.u.p.SubmittedApplicationsPage - File uploaded successfully to an input element.
2025-06-10 08:46:27 [main] INFO  l.i.u.p.SubmittedApplicationsPage - File uploaded successfully to an input element.
2025-06-10 08:46:27 [main] INFO  l.i.u.p.SubmittedApplicationsPage - File uploaded successfully to an input element.
2025-06-10 08:46:27 [main] INFO  l.i.u.p.SubmittedApplicationsPage - File uploaded successfully to an input element.
2025-06-10 08:46:27 [main] INFO  l.i.u.p.SubmittedApplicationsPage - File uploaded successfully to an input element.
2025-06-10 08:46:28 [main] DEBUG l.i.u.t.SubmittedApplicationsPageTest - Entered program name: 'Dokumentas 1'.
2025-06-10 08:46:28 [main] DEBUG l.i.u.t.SubmittedApplicationsPageTest - Entered program name: 'Dokumentas 2'.
2025-06-10 08:46:28 [main] DEBUG l.i.u.t.SubmittedApplicationsPageTest - Entered program name: 'Dokumentas 3'.
2025-06-10 08:46:28 [main] DEBUG l.i.u.t.SubmittedApplicationsPageTest - Entered program name: 'Dokumentas 4'.
2025-06-10 08:46:28 [main] DEBUG l.i.u.t.SubmittedApplicationsPageTest - Entered program name: 'Dokumentas 5'.
2025-06-10 08:46:28 [main] DEBUG l.i.u.t.SubmittedApplicationsPageTest - Entered program name: 'Dokumentas 6'.
2025-06-10 08:46:28 [main] DEBUG l.i.u.t.SubmittedApplicationsPageTest - Entered program name: 'Dokumentas 4'.
2025-06-10 08:46:29 [main] DEBUG l.i.u.t.SubmittedApplicationsPageTest - Entered program name: 'Dokumentas 8'.
2025-06-10 08:46:29 [main] DEBUG l.i.u.t.SubmittedApplicationsPageTest - Entered program name: 'Dokumentas 9'.
2025-06-10 08:46:29 [main] DEBUG l.i.u.t.SubmittedApplicationsPageTest - Entered program name: 'Dokumentas 10'.
2025-06-10 08:46:39 [main] DEBUG l.i.u.t.SubmittedApplicationsPageTest - Checked 'ConfirmationDocument'
2025-06-10 08:46:49 [main] DEBUG l.i.u.t.SubmittedApplicationsPageTest - Checked 'ConfirmationApplication'
2025-06-10 08:46:49 [main] DEBUG l.i.u.t.SubmittedApplicationsPageTest - Clicked 'SaveDraft' button after checkboxes.
2025-06-10 08:46:49 [main] DEBUG l.i.uztis.pages.ApplicationFormsPage - Verified success message: 'Ruošinys sėkmingai išsaugotas.'
2025-06-10 08:46:49 [main] INFO  l.i.u.t.SubmittedApplicationsPageTest - Verified success message
2025-06-10 08:46:49 [main] DEBUG l.i.u.t.SubmittedApplicationsPageTest - Clicked 'Review' button after checkboxes.
2025-06-10 08:46:52 [main] DEBUG l.i.u.t.SubmittedApplicationsPageTest - Clicked 'Submit' button after checkboxes.
2025-06-10 08:46:52 [main] DEBUG l.i.u.t.SubmittedApplicationsPageTest - Clicked 'SubmitConfirmation' button after checkboxes.
2025-06-10 08:46:52 [main] ERROR l.i.uztis.pages.ApplicationFormsPage - Failed to verify the success message: 'Paraiška sėkmingai pateikta ir užregistruota.'. Available messages: [Ruošinys sėkmingai išsaugotas.]
2025-06-10 08:46:52 [main] INFO  l.i.u.t.SubmittedApplicationsPageTest - Test 'testFillNewVUIApplicationFA' completed successfully.
2025-06-10 08:52:25 [main] INFO  lt.insoft.uztis.tests.UztisPageTest - Navigated to https://uztisdev.asseco.lt/home
2025-06-10 08:52:25 [main] INFO  l.i.u.t.SubmittedApplicationsPageTest - Starting test:'testAddEvaluators'
2025-06-10 08:52:25 [main] INFO  l.insoft.uztis.tests.utils.TestUtils - Login attempt with user: evaluation_chief
2025-06-10 08:52:25 [main] DEBUG l.i.u.t.SubmittedApplicationsPageTest - User logged in with test credentials
2025-06-10 08:52:26 [main] DEBUG l.i.u.t.SubmittedApplicationsPageTest - Opened 'Application Processing' menu.
2025-06-10 08:52:26 [main] DEBUG l.i.u.t.SubmittedApplicationsPageTest - Clicked on 'Application Forms' menu.
2025-06-10 08:52:27 [main] DEBUG l.i.u.t.SubmittedApplicationsPageTest - Retrieved last description code text: 'TST-VUI-20'.
2025-06-10 08:52:27 [main] DEBUG l.i.u.t.SubmittedApplicationsPageTest - Clicked on 'Invitation' menu.
2025-06-10 08:52:28 [main] DEBUG l.i.u.t.SubmittedApplicationsPageTest - Selected application section by code: 'TST-VUI-20'.
2025-06-10 08:52:29 [main] DEBUG l.i.u.t.SubmittedApplicationsPageTest - Clicked 'Search' button.
2025-06-10 08:52:29 [main] DEBUG l.i.u.t.SubmittedApplicationsPageTest - Retrieved invitation code: ''.
2025-06-10 08:52:29 [main] DEBUG l.i.u.t.SubmittedApplicationsPageTest - Clicked on 'Submitted Applications' menu.
2025-06-10 08:52:30 [main] DEBUG l.i.u.t.SubmittedApplicationsPageTest - Selected invitation by code: 'TST-VUI-20'.
2025-06-10 08:52:30 [main] DEBUG l.i.u.t.SubmittedApplicationsPageTest - Invitation code inserted.
2025-06-10 08:52:31 [main] DEBUG l.i.u.t.SubmittedApplicationsPageTest - Clicked on 'Action Application' button.
2025-06-10 08:52:31 [main] DEBUG l.i.u.t.SubmittedApplicationsPageTest - Clicked on 'Add Evaluators' button.
2025-06-10 08:52:31 [main] DEBUG l.i.u.t.SubmittedApplicationsPageTest - Entered first evaluation date.
2025-06-10 08:52:31 [main] DEBUG l.i.u.t.SubmittedApplicationsPageTest - Entered second evaluation date.
2025-06-10 08:52:32 [main] DEBUG l.i.u.t.SubmittedApplicationsPageTest - Entered third evaluation date.
2025-06-10 08:52:32 [main] DEBUG l.i.u.t.SubmittedApplicationsPageTest - Clicked on 'Add Evaluators' confirmation button.
2025-06-10 08:52:42 [main] ERROR l.i.uztis.pages.ApplicationFormsPage - Failed to verify the success message: 'Paraiškų vertinimai sėkmingai priskirti vertintojams.'. Available messages: []
2025-06-10 08:52:42 [main] INFO  l.i.u.t.SubmittedApplicationsPageTest - Verified success message
2025-06-10 08:52:42 [main] INFO  l.i.u.t.SubmittedApplicationsPageTest - Test 'testAddEvaluators' completed successfully.
2025-06-10 09:15:21 [main] INFO  lt.insoft.uztis.tests.UztisPageTest - Navigated to https://uztisdev.asseco.lt/home
2025-06-10 09:15:21 [main] INFO  l.i.u.t.SubmittedApplicationsPageTest - Starting test:'testAddEvaluators'
2025-06-10 09:15:21 [main] INFO  l.insoft.uztis.tests.utils.TestUtils - Login attempt with user: evaluation_chief
2025-06-10 09:15:21 [main] DEBUG l.i.u.t.SubmittedApplicationsPageTest - User logged in with test credentials
2025-06-10 09:15:22 [main] DEBUG l.i.u.t.SubmittedApplicationsPageTest - Opened 'Application Processing' menu.
2025-06-10 09:15:22 [main] DEBUG l.i.u.t.SubmittedApplicationsPageTest - Clicked on 'Application Forms' menu.
2025-06-10 09:15:23 [main] DEBUG l.i.u.t.SubmittedApplicationsPageTest - Retrieved last description code text: 'DVP'.
2025-06-10 09:15:23 [main] DEBUG l.i.u.t.SubmittedApplicationsPageTest - Clicked on 'Invitation' menu.
2025-06-10 09:15:24 [main] DEBUG l.i.u.t.SubmittedApplicationsPageTest - Selected application section by code: 'DVP'.
2025-06-10 09:15:24 [main] DEBUG l.i.u.t.SubmittedApplicationsPageTest - Clicked 'Search' button.
2025-06-10 09:15:24 [main] DEBUG l.i.u.t.SubmittedApplicationsPageTest - Retrieved invitation code: ''.
2025-06-10 09:15:24 [main] DEBUG l.i.u.t.SubmittedApplicationsPageTest - Clicked on 'Submitted Applications' menu.
2025-06-10 09:15:25 [main] DEBUG l.i.u.t.SubmittedApplicationsPageTest - Selected invitation by code: 'DVP'.
2025-06-10 09:15:25 [main] DEBUG l.i.u.t.SubmittedApplicationsPageTest - Invitation code inserted.
2025-06-10 09:15:26 [main] DEBUG l.i.u.t.SubmittedApplicationsPageTest - Clicked on 'Action Application' button.
2025-06-10 09:15:26 [main] DEBUG l.i.u.t.SubmittedApplicationsPageTest - Clicked on 'Add Evaluators' button.
2025-06-10 09:15:26 [main] INFO  l.i.u.p.SubmittedApplicationsPage - Located the dropdown button.
2025-06-10 09:15:26 [main] WARN  l.i.u.p.SubmittedApplicationsPage - The value 'Adelė Kutienė' was not found among the options.
2025-06-10 09:15:36 [main] ERROR l.i.u.p.SubmittedApplicationsPage - Failed to close the dropdown with aria-expanded = 'false'.
2025-06-10 09:15:36 [main] DEBUG l.i.u.t.SubmittedApplicationsPageTest - Selected a value from the 'Evaluator' dropdown: 'Adelė Kutienė'
2025-06-10 09:15:37 [main] DEBUG l.i.u.t.SubmittedApplicationsPageTest - Entered first evaluation date.
2025-06-10 09:15:47 [main] ERROR l.i.u.t.SubmittedApplicationsPageTest - Test 'testAddEvaluators' failed with error: no such element: Unable to locate element: {"method":"xpath","selector":"(//div[contains(@class, 'mat-mdc-form-field-infix')]//input[@type='text' and contains(@class, 'mat-datepicker-input')])[2]"}
  (Session info: chrome=137.0.7151.69)
For documentation on this error, please visit: https://www.selenium.dev/documentation/webdriver/troubleshooting/errors#no-such-element-exception
Build info: version: '4.27.0', revision: 'd6e718d134'
System info: os.name: 'Windows 11', os.arch: 'amd64', os.version: '10.0', java.version: '21.0.3'
Driver info: org.openqa.selenium.chrome.ChromeDriver
Command: [74e17d8dc153573b191175d088fdeeb5, findElement {using=xpath, value=(//div[contains(@class, 'mat-mdc-form-field-infix')]//input[@type='text' and contains(@class, 'mat-datepicker-input')])[2]}]
Capabilities {acceptInsecureCerts: false, browserName: chrome, browserVersion: 137.0.7151.69, chrome: {chromedriverVersion: 137.0.7151.68 (2989ffee9373..., userDataDir: C:\Users\INGRID~1.ZAD\AppDa...}, fedcm:accounts: true, goog:chromeOptions: {debuggerAddress: localhost:55970}, networkConnectionEnabled: false, pageLoadStrategy: normal, platformName: windows, proxy: Proxy(), se:cdp: ws://localhost:55970/devtoo..., se:cdpVersion: 137.0.7151.69, setWindowRect: true, strictFileInteractability: false, timeouts: {implicit: 0, pageLoad: 300000, script: 30000}, unhandledPromptBehavior: dismiss and notify, webauthn:extension:credBlob: true, webauthn:extension:largeBlob: true, webauthn:extension:minPinLength: true, webauthn:extension:prf: true, webauthn:virtualAuthenticators: true}
Session ID: 74e17d8dc153573b191175d088fdeeb5
org.openqa.selenium.NoSuchElementException: no such element: Unable to locate element: {"method":"xpath","selector":"(//div[contains(@class, 'mat-mdc-form-field-infix')]//input[@type='text' and contains(@class, 'mat-datepicker-input')])[2]"}
  (Session info: chrome=137.0.7151.69)
For documentation on this error, please visit: https://www.selenium.dev/documentation/webdriver/troubleshooting/errors#no-such-element-exception
Build info: version: '4.27.0', revision: 'd6e718d134'
System info: os.name: 'Windows 11', os.arch: 'amd64', os.version: '10.0', java.version: '21.0.3'
Driver info: org.openqa.selenium.chrome.ChromeDriver
Command: [74e17d8dc153573b191175d088fdeeb5, findElement {using=xpath, value=(//div[contains(@class, 'mat-mdc-form-field-infix')]//input[@type='text' and contains(@class, 'mat-datepicker-input')])[2]}]
Capabilities {acceptInsecureCerts: false, browserName: chrome, browserVersion: 137.0.7151.69, chrome: {chromedriverVersion: 137.0.7151.68 (2989ffee9373..., userDataDir: C:\Users\INGRID~1.ZAD\AppDa...}, fedcm:accounts: true, goog:chromeOptions: {debuggerAddress: localhost:55970}, networkConnectionEnabled: false, pageLoadStrategy: normal, platformName: windows, proxy: Proxy(), se:cdp: ws://localhost:55970/devtoo..., se:cdpVersion: 137.0.7151.69, setWindowRect: true, strictFileInteractability: false, timeouts: {implicit: 0, pageLoad: 300000, script: 30000}, unhandledPromptBehavior: dismiss and notify, webauthn:extension:credBlob: true, webauthn:extension:largeBlob: true, webauthn:extension:minPinLength: true, webauthn:extension:prf: true, webauthn:virtualAuthenticators: true}
Session ID: 74e17d8dc153573b191175d088fdeeb5
	at java.base/jdk.internal.reflect.DirectConstructorHandleAccessor.newInstance(DirectConstructorHandleAccessor.java:62)
	at java.base/java.lang.reflect.Constructor.newInstanceWithCaller(Constructor.java:502)
	at java.base/java.lang.reflect.Constructor.newInstance(Constructor.java:486)
	at org.openqa.selenium.remote.ErrorCodec.decode(ErrorCodec.java:167)
	at org.openqa.selenium.remote.codec.w3c.W3CHttpResponseCodec.decode(W3CHttpResponseCodec.java:138)
	at org.openqa.selenium.remote.codec.w3c.W3CHttpResponseCodec.decode(W3CHttpResponseCodec.java:50)
	at org.openqa.selenium.remote.HttpCommandExecutor.execute(HttpCommandExecutor.java:190)
	at org.openqa.selenium.remote.service.DriverCommandExecutor.invokeExecute(DriverCommandExecutor.java:216)
	at org.openqa.selenium.remote.service.DriverCommandExecutor.execute(DriverCommandExecutor.java:174)
	at org.openqa.selenium.remote.RemoteWebDriver.execute(RemoteWebDriver.java:545)
	at org.openqa.selenium.remote.ElementLocation$ElementFinder$2.findElement(ElementLocation.java:165)
	at org.openqa.selenium.remote.ElementLocation.findElement(ElementLocation.java:59)
	at org.openqa.selenium.remote.RemoteWebDriver.findElement(RemoteWebDriver.java:368)
	at org.openqa.selenium.remote.RemoteWebDriver.findElement(RemoteWebDriver.java:362)
	at org.openqa.selenium.support.pagefactory.DefaultElementLocator.findElement(DefaultElementLocator.java:68)
	at org.openqa.selenium.support.pagefactory.internal.LocatingElementHandler.invoke(LocatingElementHandler.java:38)
	at jdk.proxy2/jdk.proxy2.$Proxy14.isDisplayed(Unknown Source)
	at lt.insoft.uztis.pages.SubmittedApplicationsPage.enterSecondEvaluationEndDate(SubmittedApplicationsPage.java:1993)
	at lt.insoft.uztis.tests.SubmittedApplicationsPageTest.testAddEvaluators_VUI_PVK(SubmittedApplicationsPageTest.java:560)
	at java.base/jdk.internal.reflect.DirectMethodHandleAccessor.invoke(DirectMethodHandleAccessor.java:103)
	at java.base/java.lang.reflect.Method.invoke(Method.java:580)
	at org.junit.platform.commons.util.ReflectionUtils.invokeMethod(ReflectionUtils.java:728)
	at org.junit.jupiter.engine.execution.MethodInvocation.proceed(MethodInvocation.java:60)
	at org.junit.jupiter.engine.execution.InvocationInterceptorChain$ValidatingInvocation.proceed(InvocationInterceptorChain.java:131)
	at org.junit.jupiter.engine.extension.TimeoutExtension.intercept(TimeoutExtension.java:156)
	at org.junit.jupiter.engine.extension.TimeoutExtension.interceptTestableMethod(TimeoutExtension.java:147)
	at org.junit.jupiter.engine.extension.TimeoutExtension.interceptTestMethod(TimeoutExtension.java:86)
	at org.junit.jupiter.engine.execution.InterceptingExecutableInvoker$ReflectiveInterceptorCall.lambda$ofVoidMethod$0(InterceptingExecutableInvoker.java:103)
	at org.junit.jupiter.engine.execution.InterceptingExecutableInvoker.lambda$invoke$0(InterceptingExecutableInvoker.java:93)
	at org.junit.jupiter.engine.execution.InvocationInterceptorChain$InterceptedInvocation.proceed(InvocationInterceptorChain.java:106)
	at org.junit.jupiter.engine.execution.InvocationInterceptorChain.proceed(InvocationInterceptorChain.java:64)
	at org.junit.jupiter.engine.execution.InvocationInterceptorChain.chainAndInvoke(InvocationInterceptorChain.java:45)
	at org.junit.jupiter.engine.execution.InvocationInterceptorChain.invoke(InvocationInterceptorChain.java:37)
	at org.junit.jupiter.engine.execution.InterceptingExecutableInvoker.invoke(InterceptingExecutableInvoker.java:92)
	at org.junit.jupiter.engine.execution.InterceptingExecutableInvoker.invoke(InterceptingExecutableInvoker.java:86)
	at org.junit.jupiter.engine.descriptor.TestMethodTestDescriptor.lambda$invokeTestMethod$7(TestMethodTestDescriptor.java:218)
	at org.junit.platform.engine.support.hierarchical.ThrowableCollector.execute(ThrowableCollector.java:73)
	at org.junit.jupiter.engine.descriptor.TestMethodTestDescriptor.invokeTestMethod(TestMethodTestDescriptor.java:214)
	at org.junit.jupiter.engine.descriptor.TestMethodTestDescriptor.execute(TestMethodTestDescriptor.java:139)
	at org.junit.jupiter.engine.descriptor.TestMethodTestDescriptor.execute(TestMethodTestDescriptor.java:69)
	at org.junit.platform.engine.support.hierarchical.NodeTestTask.lambda$executeRecursively$6(NodeTestTask.java:151)
	at org.junit.platform.engine.support.hierarchical.ThrowableCollector.execute(ThrowableCollector.java:73)
	at org.junit.platform.engine.support.hierarchical.NodeTestTask.lambda$executeRecursively$8(NodeTestTask.java:141)
	at org.junit.platform.engine.support.hierarchical.Node.around(Node.java:137)
	at org.junit.platform.engine.support.hierarchical.NodeTestTask.lambda$executeRecursively$9(NodeTestTask.java:139)
	at org.junit.platform.engine.support.hierarchical.ThrowableCollector.execute(ThrowableCollector.java:73)
	at org.junit.platform.engine.support.hierarchical.NodeTestTask.executeRecursively(NodeTestTask.java:138)
	at org.junit.platform.engine.support.hierarchical.NodeTestTask.execute(NodeTestTask.java:95)
	at java.base/java.util.ArrayList.forEach(ArrayList.java:1596)
	at org.junit.platform.engine.support.hierarchical.SameThreadHierarchicalTestExecutorService.invokeAll(SameThreadHierarchicalTestExecutorService.java:41)
	at org.junit.platform.engine.support.hierarchical.NodeTestTask.lambda$executeRecursively$6(NodeTestTask.java:155)
	at org.junit.platform.engine.support.hierarchical.ThrowableCollector.execute(ThrowableCollector.java:73)
	at org.junit.platform.engine.support.hierarchical.NodeTestTask.lambda$executeRecursively$8(NodeTestTask.java:141)
	at org.junit.platform.engine.support.hierarchical.Node.around(Node.java:137)
	at org.junit.platform.engine.support.hierarchical.NodeTestTask.lambda$executeRecursively$9(NodeTestTask.java:139)
	at org.junit.platform.engine.support.hierarchical.ThrowableCollector.execute(ThrowableCollector.java:73)
	at org.junit.platform.engine.support.hierarchical.NodeTestTask.executeRecursively(NodeTestTask.java:138)
	at org.junit.platform.engine.support.hierarchical.NodeTestTask.execute(NodeTestTask.java:95)
	at java.base/java.util.ArrayList.forEach(ArrayList.java:1596)
	at org.junit.platform.engine.support.hierarchical.SameThreadHierarchicalTestExecutorService.invokeAll(SameThreadHierarchicalTestExecutorService.java:41)
	at org.junit.platform.engine.support.hierarchical.NodeTestTask.lambda$executeRecursively$6(NodeTestTask.java:155)
	at org.junit.platform.engine.support.hierarchical.ThrowableCollector.execute(ThrowableCollector.java:73)
	at org.junit.platform.engine.support.hierarchical.NodeTestTask.lambda$executeRecursively$8(NodeTestTask.java:141)
	at org.junit.platform.engine.support.hierarchical.Node.around(Node.java:137)
	at org.junit.platform.engine.support.hierarchical.NodeTestTask.lambda$executeRecursively$9(NodeTestTask.java:139)
	at org.junit.platform.engine.support.hierarchical.ThrowableCollector.execute(ThrowableCollector.java:73)
	at org.junit.platform.engine.support.hierarchical.NodeTestTask.executeRecursively(NodeTestTask.java:138)
	at org.junit.platform.engine.support.hierarchical.NodeTestTask.execute(NodeTestTask.java:95)
	at org.junit.platform.engine.support.hierarchical.SameThreadHierarchicalTestExecutorService.submit(SameThreadHierarchicalTestExecutorService.java:35)
	at org.junit.platform.engine.support.hierarchical.HierarchicalTestExecutor.execute(HierarchicalTestExecutor.java:57)
	at org.junit.platform.engine.support.hierarchical.HierarchicalTestEngine.execute(HierarchicalTestEngine.java:54)
	at org.junit.platform.launcher.core.EngineExecutionOrchestrator.execute(EngineExecutionOrchestrator.java:198)
	at org.junit.platform.launcher.core.EngineExecutionOrchestrator.execute(EngineExecutionOrchestrator.java:169)
	at org.junit.platform.launcher.core.EngineExecutionOrchestrator.execute(EngineExecutionOrchestrator.java:93)
	at org.junit.platform.launcher.core.EngineExecutionOrchestrator.lambda$execute$0(EngineExecutionOrchestrator.java:58)
	at org.junit.platform.launcher.core.EngineExecutionOrchestrator.withInterceptedStreams(EngineExecutionOrchestrator.java:141)
	at org.junit.platform.launcher.core.EngineExecutionOrchestrator.execute(EngineExecutionOrchestrator.java:57)
	at org.junit.platform.launcher.core.DefaultLauncher.execute(DefaultLauncher.java:103)
	at org.junit.platform.launcher.core.DefaultLauncher.execute(DefaultLauncher.java:85)
	at org.junit.platform.launcher.core.DelegatingLauncher.execute(DelegatingLauncher.java:47)
	at org.junit.platform.launcher.core.SessionPerRequestLauncher.execute(SessionPerRequestLauncher.java:63)
	at com.intellij.junit5.JUnit5IdeaTestRunner.startRunnerWithArgs(JUnit5IdeaTestRunner.java:57)
	at com.intellij.rt.junit.IdeaTestRunner$Repeater$1.execute(IdeaTestRunner.java:38)
	at com.intellij.rt.execution.junit.TestsRepeater.repeat(TestsRepeater.java:11)
	at com.intellij.rt.junit.IdeaTestRunner$Repeater.startRunnerWithArgs(IdeaTestRunner.java:35)
	at com.intellij.rt.junit.JUnitStarter.prepareStreamsAndStart(JUnitStarter.java:232)
	at com.intellij.rt.junit.JUnitStarter.main(JUnitStarter.java:55)
2025-06-10 09:15:47 [main] INFO  l.insoft.uztis.tests.utils.TestUtils - Screenshot moved to C:\Users\ingrida.zadorozniene\Desktop\Asm\UZTIS\UZTIS_tests\test-output\screenshots\20250610\091547343_testAddEvaluators_VUI_PVK().png
2025-06-10 09:41:46 [main] INFO  lt.insoft.uztis.tests.UztisPageTest - Navigated to https://uztisdev.asseco.lt/home
2025-06-10 09:41:47 [main] INFO  l.i.u.t.SubmittedApplicationsPageTest - Starting test:'testAddEvaluators'
2025-06-10 09:41:47 [main] INFO  l.insoft.uztis.tests.utils.TestUtils - Login attempt with user: evaluation_chief
2025-06-10 09:41:47 [main] DEBUG l.i.u.t.SubmittedApplicationsPageTest - User logged in with test credentials
2025-06-10 09:41:48 [main] DEBUG l.i.u.t.SubmittedApplicationsPageTest - Opened 'Application Processing' menu.
2025-06-10 09:41:48 [main] DEBUG l.i.u.t.SubmittedApplicationsPageTest - Clicked on 'Application Forms' menu.
2025-06-10 09:41:48 [main] DEBUG l.i.u.t.SubmittedApplicationsPageTest - Retrieved last description code text: 'TST-VUI-20'.
2025-06-10 09:41:48 [main] DEBUG l.i.u.t.SubmittedApplicationsPageTest - Clicked on 'Invitation' menu.
2025-06-10 09:41:50 [main] DEBUG l.i.u.t.SubmittedApplicationsPageTest - Selected application section by code: 'TST-VUI-20'.
2025-06-10 09:41:50 [main] DEBUG l.i.u.t.SubmittedApplicationsPageTest - Clicked 'Search' button.
2025-06-10 09:41:50 [main] DEBUG l.i.u.t.SubmittedApplicationsPageTest - Retrieved invitation code: ''.
2025-06-10 09:41:50 [main] DEBUG l.i.u.t.SubmittedApplicationsPageTest - Clicked on 'Submitted Applications' menu.
2025-06-10 09:41:52 [main] DEBUG l.i.u.t.SubmittedApplicationsPageTest - Selected invitation by code: 'TST-VUI-20'.
2025-06-10 09:41:52 [main] DEBUG l.i.u.t.SubmittedApplicationsPageTest - Invitation code inserted.
2025-06-10 09:41:52 [main] DEBUG l.i.u.t.SubmittedApplicationsPageTest - Clicked on 'Action Application' button.
2025-06-10 09:41:53 [main] DEBUG l.i.u.t.SubmittedApplicationsPageTest - Clicked on 'Add Evaluators' button.
2025-06-10 09:41:53 [main] INFO  l.i.u.p.SubmittedApplicationsPage - Located the dropdown button.
2025-06-10 09:41:53 [main] WARN  l.i.u.p.SubmittedApplicationsPage - Dropdown value 'Adelė Kutienė' not found.
2025-06-10 09:42:24 [main] ERROR l.i.u.p.SubmittedApplicationsPage - Timeout while waiting for dropdown to close with aria-expanded = 'false'.
2025-06-10 09:42:24 [main] DEBUG l.i.u.t.SubmittedApplicationsPageTest - Selected a value from the 'Evaluator' dropdown: 'Adelė Kutienė'
2025-06-10 09:42:24 [main] DEBUG l.i.u.t.SubmittedApplicationsPageTest - Entered first evaluation date.
2025-06-10 09:42:24 [main] DEBUG l.i.u.t.SubmittedApplicationsPageTest - Entered second evaluation date.
2025-06-10 09:42:24 [main] DEBUG l.i.u.t.SubmittedApplicationsPageTest - Entered third evaluation date.
2025-06-10 09:42:26 [main] ERROR l.i.u.t.SubmittedApplicationsPageTest - Test 'testAddEvaluators' failed with error: element click intercepted: Element <button type="submit" class="btn btn--primary">...</button> is not clickable at point (1813, 591). Other element would receive the click: <div class="cdk-overlay-backdrop cdk-overlay-transparent-backdrop cdk-overlay-backdrop-showing"></div>
  (Session info: chrome=137.0.7151.69)
Build info: version: '4.27.0', revision: 'd6e718d134'
System info: os.name: 'Windows 11', os.arch: 'amd64', os.version: '10.0', java.version: '21.0.3'
Driver info: org.openqa.selenium.chrome.ChromeDriver
Command: [b1a4a41b27b8c730de8f1932d636311e, clickElement {id=f.BC4A640E2BE2BE197AB5E07E5DF6E76F.d.82E8AB12CD6FA692B7AA37CABE0543F5.e.324}]
Capabilities {acceptInsecureCerts: false, browserName: chrome, browserVersion: 137.0.7151.69, chrome: {chromedriverVersion: 137.0.7151.68 (2989ffee9373..., userDataDir: C:\Users\INGRID~1.ZAD\AppDa...}, fedcm:accounts: true, goog:chromeOptions: {debuggerAddress: localhost:56837}, networkConnectionEnabled: false, pageLoadStrategy: normal, platformName: windows, proxy: Proxy(), se:cdp: ws://localhost:56837/devtoo..., se:cdpVersion: 137.0.7151.69, setWindowRect: true, strictFileInteractability: false, timeouts: {implicit: 0, pageLoad: 300000, script: 30000}, unhandledPromptBehavior: dismiss and notify, webauthn:extension:credBlob: true, webauthn:extension:largeBlob: true, webauthn:extension:minPinLength: true, webauthn:extension:prf: true, webauthn:virtualAuthenticators: true}
Element: [[ChromeDriver: chrome on windows (b1a4a41b27b8c730de8f1932d636311e)] -> xpath: //common-button[@btnclass='btn btn--primary']//button[text()='Priskirti vertintojus']]
Session ID: b1a4a41b27b8c730de8f1932d636311e
org.openqa.selenium.ElementClickInterceptedException: element click intercepted: Element <button type="submit" class="btn btn--primary">...</button> is not clickable at point (1813, 591). Other element would receive the click: <div class="cdk-overlay-backdrop cdk-overlay-transparent-backdrop cdk-overlay-backdrop-showing"></div>
  (Session info: chrome=137.0.7151.69)
Build info: version: '4.27.0', revision: 'd6e718d134'
System info: os.name: 'Windows 11', os.arch: 'amd64', os.version: '10.0', java.version: '21.0.3'
Driver info: org.openqa.selenium.chrome.ChromeDriver
Command: [b1a4a41b27b8c730de8f1932d636311e, clickElement {id=f.BC4A640E2BE2BE197AB5E07E5DF6E76F.d.82E8AB12CD6FA692B7AA37CABE0543F5.e.324}]
Capabilities {acceptInsecureCerts: false, browserName: chrome, browserVersion: 137.0.7151.69, chrome: {chromedriverVersion: 137.0.7151.68 (2989ffee9373..., userDataDir: C:\Users\INGRID~1.ZAD\AppDa...}, fedcm:accounts: true, goog:chromeOptions: {debuggerAddress: localhost:56837}, networkConnectionEnabled: false, pageLoadStrategy: normal, platformName: windows, proxy: Proxy(), se:cdp: ws://localhost:56837/devtoo..., se:cdpVersion: 137.0.7151.69, setWindowRect: true, strictFileInteractability: false, timeouts: {implicit: 0, pageLoad: 300000, script: 30000}, unhandledPromptBehavior: dismiss and notify, webauthn:extension:credBlob: true, webauthn:extension:largeBlob: true, webauthn:extension:minPinLength: true, webauthn:extension:prf: true, webauthn:virtualAuthenticators: true}
Element: [[ChromeDriver: chrome on windows (b1a4a41b27b8c730de8f1932d636311e)] -> xpath: //common-button[@btnclass='btn btn--primary']//button[text()='Priskirti vertintojus']]
Session ID: b1a4a41b27b8c730de8f1932d636311e
	at java.base/jdk.internal.reflect.DirectConstructorHandleAccessor.newInstance(DirectConstructorHandleAccessor.java:62)
	at java.base/java.lang.reflect.Constructor.newInstanceWithCaller(Constructor.java:502)
	at java.base/java.lang.reflect.Constructor.newInstance(Constructor.java:486)
	at org.openqa.selenium.remote.ErrorCodec.decode(ErrorCodec.java:167)
	at org.openqa.selenium.remote.codec.w3c.W3CHttpResponseCodec.decode(W3CHttpResponseCodec.java:138)
	at org.openqa.selenium.remote.codec.w3c.W3CHttpResponseCodec.decode(W3CHttpResponseCodec.java:50)
	at org.openqa.selenium.remote.HttpCommandExecutor.execute(HttpCommandExecutor.java:190)
	at org.openqa.selenium.remote.service.DriverCommandExecutor.invokeExecute(DriverCommandExecutor.java:216)
	at org.openqa.selenium.remote.service.DriverCommandExecutor.execute(DriverCommandExecutor.java:174)
	at org.openqa.selenium.remote.RemoteWebDriver.execute(RemoteWebDriver.java:545)
	at org.openqa.selenium.remote.RemoteWebElement.execute(RemoteWebElement.java:223)
	at org.openqa.selenium.remote.RemoteWebElement.click(RemoteWebElement.java:76)
	at java.base/jdk.internal.reflect.DirectMethodHandleAccessor.invoke(DirectMethodHandleAccessor.java:103)
	at java.base/java.lang.reflect.Method.invoke(Method.java:580)
	at org.openqa.selenium.support.pagefactory.internal.LocatingElementHandler.invoke(LocatingElementHandler.java:51)
	at jdk.proxy2/jdk.proxy2.$Proxy14.click(Unknown Source)
	at lt.insoft.uztis.pages.SubmittedApplicationsPage.clickButtonAddEvaluatorsConfirmation(SubmittedApplicationsPage.java:504)
	at lt.insoft.uztis.tests.SubmittedApplicationsPageTest.testAddEvaluators_VUI_PVK(SubmittedApplicationsPageTest.java:576)
	at java.base/jdk.internal.reflect.DirectMethodHandleAccessor.invoke(DirectMethodHandleAccessor.java:103)
	at java.base/java.lang.reflect.Method.invoke(Method.java:580)
	at org.junit.platform.commons.util.ReflectionUtils.invokeMethod(ReflectionUtils.java:728)
	at org.junit.jupiter.engine.execution.MethodInvocation.proceed(MethodInvocation.java:60)
	at org.junit.jupiter.engine.execution.InvocationInterceptorChain$ValidatingInvocation.proceed(InvocationInterceptorChain.java:131)
	at org.junit.jupiter.engine.extension.TimeoutExtension.intercept(TimeoutExtension.java:156)
	at org.junit.jupiter.engine.extension.TimeoutExtension.interceptTestableMethod(TimeoutExtension.java:147)
	at org.junit.jupiter.engine.extension.TimeoutExtension.interceptTestMethod(TimeoutExtension.java:86)
	at org.junit.jupiter.engine.execution.InterceptingExecutableInvoker$ReflectiveInterceptorCall.lambda$ofVoidMethod$0(InterceptingExecutableInvoker.java:103)
	at org.junit.jupiter.engine.execution.InterceptingExecutableInvoker.lambda$invoke$0(InterceptingExecutableInvoker.java:93)
	at org.junit.jupiter.engine.execution.InvocationInterceptorChain$InterceptedInvocation.proceed(InvocationInterceptorChain.java:106)
	at org.junit.jupiter.engine.execution.InvocationInterceptorChain.proceed(InvocationInterceptorChain.java:64)
	at org.junit.jupiter.engine.execution.InvocationInterceptorChain.chainAndInvoke(InvocationInterceptorChain.java:45)
	at org.junit.jupiter.engine.execution.InvocationInterceptorChain.invoke(InvocationInterceptorChain.java:37)
	at org.junit.jupiter.engine.execution.InterceptingExecutableInvoker.invoke(InterceptingExecutableInvoker.java:92)
	at org.junit.jupiter.engine.execution.InterceptingExecutableInvoker.invoke(InterceptingExecutableInvoker.java:86)
	at org.junit.jupiter.engine.descriptor.TestMethodTestDescriptor.lambda$invokeTestMethod$7(TestMethodTestDescriptor.java:218)
	at org.junit.platform.engine.support.hierarchical.ThrowableCollector.execute(ThrowableCollector.java:73)
	at org.junit.jupiter.engine.descriptor.TestMethodTestDescriptor.invokeTestMethod(TestMethodTestDescriptor.java:214)
	at org.junit.jupiter.engine.descriptor.TestMethodTestDescriptor.execute(TestMethodTestDescriptor.java:139)
	at org.junit.jupiter.engine.descriptor.TestMethodTestDescriptor.execute(TestMethodTestDescriptor.java:69)
	at org.junit.platform.engine.support.hierarchical.NodeTestTask.lambda$executeRecursively$6(NodeTestTask.java:151)
	at org.junit.platform.engine.support.hierarchical.ThrowableCollector.execute(ThrowableCollector.java:73)
	at org.junit.platform.engine.support.hierarchical.NodeTestTask.lambda$executeRecursively$8(NodeTestTask.java:141)
	at org.junit.platform.engine.support.hierarchical.Node.around(Node.java:137)
	at org.junit.platform.engine.support.hierarchical.NodeTestTask.lambda$executeRecursively$9(NodeTestTask.java:139)
	at org.junit.platform.engine.support.hierarchical.ThrowableCollector.execute(ThrowableCollector.java:73)
	at org.junit.platform.engine.support.hierarchical.NodeTestTask.executeRecursively(NodeTestTask.java:138)
	at org.junit.platform.engine.support.hierarchical.NodeTestTask.execute(NodeTestTask.java:95)
	at java.base/java.util.ArrayList.forEach(ArrayList.java:1596)
	at org.junit.platform.engine.support.hierarchical.SameThreadHierarchicalTestExecutorService.invokeAll(SameThreadHierarchicalTestExecutorService.java:41)
	at org.junit.platform.engine.support.hierarchical.NodeTestTask.lambda$executeRecursively$6(NodeTestTask.java:155)
	at org.junit.platform.engine.support.hierarchical.ThrowableCollector.execute(ThrowableCollector.java:73)
	at org.junit.platform.engine.support.hierarchical.NodeTestTask.lambda$executeRecursively$8(NodeTestTask.java:141)
	at org.junit.platform.engine.support.hierarchical.Node.around(Node.java:137)
	at org.junit.platform.engine.support.hierarchical.NodeTestTask.lambda$executeRecursively$9(NodeTestTask.java:139)
	at org.junit.platform.engine.support.hierarchical.ThrowableCollector.execute(ThrowableCollector.java:73)
	at org.junit.platform.engine.support.hierarchical.NodeTestTask.executeRecursively(NodeTestTask.java:138)
	at org.junit.platform.engine.support.hierarchical.NodeTestTask.execute(NodeTestTask.java:95)
	at java.base/java.util.ArrayList.forEach(ArrayList.java:1596)
	at org.junit.platform.engine.support.hierarchical.SameThreadHierarchicalTestExecutorService.invokeAll(SameThreadHierarchicalTestExecutorService.java:41)
	at org.junit.platform.engine.support.hierarchical.NodeTestTask.lambda$executeRecursively$6(NodeTestTask.java:155)
	at org.junit.platform.engine.support.hierarchical.ThrowableCollector.execute(ThrowableCollector.java:73)
	at org.junit.platform.engine.support.hierarchical.NodeTestTask.lambda$executeRecursively$8(NodeTestTask.java:141)
	at org.junit.platform.engine.support.hierarchical.Node.around(Node.java:137)
	at org.junit.platform.engine.support.hierarchical.NodeTestTask.lambda$executeRecursively$9(NodeTestTask.java:139)
	at org.junit.platform.engine.support.hierarchical.ThrowableCollector.execute(ThrowableCollector.java:73)
	at org.junit.platform.engine.support.hierarchical.NodeTestTask.executeRecursively(NodeTestTask.java:138)
	at org.junit.platform.engine.support.hierarchical.NodeTestTask.execute(NodeTestTask.java:95)
	at org.junit.platform.engine.support.hierarchical.SameThreadHierarchicalTestExecutorService.submit(SameThreadHierarchicalTestExecutorService.java:35)
	at org.junit.platform.engine.support.hierarchical.HierarchicalTestExecutor.execute(HierarchicalTestExecutor.java:57)
	at org.junit.platform.engine.support.hierarchical.HierarchicalTestEngine.execute(HierarchicalTestEngine.java:54)
	at org.junit.platform.launcher.core.EngineExecutionOrchestrator.execute(EngineExecutionOrchestrator.java:198)
	at org.junit.platform.launcher.core.EngineExecutionOrchestrator.execute(EngineExecutionOrchestrator.java:169)
	at org.junit.platform.launcher.core.EngineExecutionOrchestrator.execute(EngineExecutionOrchestrator.java:93)
	at org.junit.platform.launcher.core.EngineExecutionOrchestrator.lambda$execute$0(EngineExecutionOrchestrator.java:58)
	at org.junit.platform.launcher.core.EngineExecutionOrchestrator.withInterceptedStreams(EngineExecutionOrchestrator.java:141)
	at org.junit.platform.launcher.core.EngineExecutionOrchestrator.execute(EngineExecutionOrchestrator.java:57)
	at org.junit.platform.launcher.core.DefaultLauncher.execute(DefaultLauncher.java:103)
	at org.junit.platform.launcher.core.DefaultLauncher.execute(DefaultLauncher.java:85)
	at org.junit.platform.launcher.core.DelegatingLauncher.execute(DelegatingLauncher.java:47)
	at org.junit.platform.launcher.core.SessionPerRequestLauncher.execute(SessionPerRequestLauncher.java:63)
	at com.intellij.junit5.JUnit5IdeaTestRunner.startRunnerWithArgs(JUnit5IdeaTestRunner.java:57)
	at com.intellij.rt.junit.IdeaTestRunner$Repeater$1.execute(IdeaTestRunner.java:38)
	at com.intellij.rt.execution.junit.TestsRepeater.repeat(TestsRepeater.java:11)
	at com.intellij.rt.junit.IdeaTestRunner$Repeater.startRunnerWithArgs(IdeaTestRunner.java:35)
	at com.intellij.rt.junit.JUnitStarter.prepareStreamsAndStart(JUnitStarter.java:232)
	at com.intellij.rt.junit.JUnitStarter.main(JUnitStarter.java:55)
2025-06-10 09:42:26 [main] INFO  l.insoft.uztis.tests.utils.TestUtils - Screenshot moved to C:\Users\ingrida.zadorozniene\Desktop\Asm\UZTIS\UZTIS_tests\test-output\screenshots\20250610\094226253_testAddEvaluators_VUI_PVK().png
2025-06-10 09:55:13 [main] INFO  lt.insoft.uztis.tests.UztisPageTest - Navigated to https://uztisdev.asseco.lt/home
2025-06-10 09:55:13 [main] INFO  l.i.u.t.SubmittedApplicationsPageTest - Starting test:'testAddEvaluators'
2025-06-10 09:55:14 [main] INFO  l.insoft.uztis.tests.utils.TestUtils - Login attempt with user: evaluation_chief
2025-06-10 09:55:14 [main] DEBUG l.i.u.t.SubmittedApplicationsPageTest - User logged in with test credentials
2025-06-10 09:55:14 [main] DEBUG l.i.u.t.SubmittedApplicationsPageTest - Opened 'Application Processing' menu.
2025-06-10 09:55:14 [main] DEBUG l.i.u.t.SubmittedApplicationsPageTest - Clicked on 'Application Forms' menu.
2025-06-10 09:55:15 [main] DEBUG l.i.u.t.SubmittedApplicationsPageTest - Retrieved last description code text: 'TST-VUI-20'.
2025-06-10 09:55:15 [main] DEBUG l.i.u.t.SubmittedApplicationsPageTest - Clicked on 'Invitation' menu.
2025-06-10 09:55:16 [main] DEBUG l.i.u.t.SubmittedApplicationsPageTest - Selected application section by code: 'TST-VUI-20'.
2025-06-10 09:55:17 [main] DEBUG l.i.u.t.SubmittedApplicationsPageTest - Clicked 'Search' button.
2025-06-10 09:55:17 [main] DEBUG l.i.u.t.SubmittedApplicationsPageTest - Retrieved invitation code: ''.
2025-06-10 09:55:17 [main] DEBUG l.i.u.t.SubmittedApplicationsPageTest - Clicked on 'Submitted Applications' menu.
2025-06-10 09:55:19 [main] DEBUG l.i.u.t.SubmittedApplicationsPageTest - Selected invitation by code: 'TST-VUI-20'.
2025-06-10 09:55:19 [main] DEBUG l.i.u.t.SubmittedApplicationsPageTest - Invitation code inserted.
2025-06-10 09:55:19 [main] DEBUG l.i.u.t.SubmittedApplicationsPageTest - Clicked on 'Action Application' button.
2025-06-10 09:55:19 [main] DEBUG l.i.u.t.SubmittedApplicationsPageTest - Clicked on 'Add Evaluators' button.
2025-06-10 09:55:19 [main] INFO  l.i.u.p.SubmittedApplicationsPage - Located the dropdown search field.
2025-06-10 09:55:19 [main] INFO  l.i.u.p.SubmittedApplicationsPage - Dropdown city is opened.
2025-06-10 09:55:20 [main] INFO  l.i.u.p.SubmittedApplicationsPage - Searched for value: 'Adelė Kutienė'
2025-06-10 09:55:51 [main] ERROR l.i.u.p.SubmittedApplicationsPage - Failed to select correct dropdown option: Expected condition failed: waiting for element to be clickable: By.xpath: //mat-option//span[contains(@class, 'area-center') and text()='Adelė Kutienė'] (tried for 30 second(s) with 500 milliseconds interval)
Build info: version: '4.27.0', revision: 'd6e718d134'
System info: os.name: 'Windows 11', os.arch: 'amd64', os.version: '10.0', java.version: '21.0.3'
Driver info: org.openqa.selenium.chrome.ChromeDriver
Capabilities {acceptInsecureCerts: false, browserName: chrome, browserVersion: 137.0.7151.69, chrome: {chromedriverVersion: 137.0.7151.68 (2989ffee9373..., userDataDir: C:\Users\INGRID~1.ZAD\AppDa...}, fedcm:accounts: true, goog:chromeOptions: {debuggerAddress: localhost:57497}, networkConnectionEnabled: false, pageLoadStrategy: normal, platformName: windows, proxy: Proxy(), se:cdp: ws://localhost:57497/devtoo..., se:cdpVersion: 137.0.7151.69, setWindowRect: true, strictFileInteractability: false, timeouts: {implicit: 0, pageLoad: 300000, script: 30000}, unhandledPromptBehavior: dismiss and notify, webauthn:extension:credBlob: true, webauthn:extension:largeBlob: true, webauthn:extension:minPinLength: true, webauthn:extension:prf: true, webauthn:virtualAuthenticators: true}
Session ID: 15df20a0fd6d4f3eac43b8aa23d4ec36
2025-06-10 09:56:01 [main] ERROR l.i.u.t.SubmittedApplicationsPageTest - Test 'testAddEvaluators' failed with error: Test failed: no such element: Unable to locate element: {"method":"xpath","selector":"//mat-option[@aria-selected='true']//span[contains(@class, 'area-center')]"}
  (Session info: chrome=137.0.7151.69)
For documentation on this error, please visit: https://www.selenium.dev/documentation/webdriver/troubleshooting/errors#no-such-element-exception
Build info: version: '4.27.0', revision: 'd6e718d134'
System info: os.name: 'Windows 11', os.arch: 'amd64', os.version: '10.0', java.version: '21.0.3'
Driver info: org.openqa.selenium.chrome.ChromeDriver
Command: [15df20a0fd6d4f3eac43b8aa23d4ec36, findElement {value=//mat-option[@aria-selected='true']//span[contains(@class, 'area-center')], using=xpath}]
Capabilities {acceptInsecureCerts: false, browserName: chrome, browserVersion: 137.0.7151.69, chrome: {chromedriverVersion: 137.0.7151.68 (2989ffee9373..., userDataDir: C:\Users\INGRID~1.ZAD\AppDa...}, fedcm:accounts: true, goog:chromeOptions: {debuggerAddress: localhost:57497}, networkConnectionEnabled: false, pageLoadStrategy: normal, platformName: windows, proxy: Proxy(), se:cdp: ws://localhost:57497/devtoo..., se:cdpVersion: 137.0.7151.69, setWindowRect: true, strictFileInteractability: false, timeouts: {implicit: 0, pageLoad: 300000, script: 30000}, unhandledPromptBehavior: dismiss and notify, webauthn:extension:credBlob: true, webauthn:extension:largeBlob: true, webauthn:extension:minPinLength: true, webauthn:extension:prf: true, webauthn:virtualAuthenticators: true}
Session ID: 15df20a0fd6d4f3eac43b8aa23d4ec36
java.lang.AssertionError: Test failed: no such element: Unable to locate element: {"method":"xpath","selector":"//mat-option[@aria-selected='true']//span[contains(@class, 'area-center')]"}
  (Session info: chrome=137.0.7151.69)
For documentation on this error, please visit: https://www.selenium.dev/documentation/webdriver/troubleshooting/errors#no-such-element-exception
Build info: version: '4.27.0', revision: 'd6e718d134'
System info: os.name: 'Windows 11', os.arch: 'amd64', os.version: '10.0', java.version: '21.0.3'
Driver info: org.openqa.selenium.chrome.ChromeDriver
Command: [15df20a0fd6d4f3eac43b8aa23d4ec36, findElement {value=//mat-option[@aria-selected='true']//span[contains(@class, 'area-center')], using=xpath}]
Capabilities {acceptInsecureCerts: false, browserName: chrome, browserVersion: 137.0.7151.69, chrome: {chromedriverVersion: 137.0.7151.68 (2989ffee9373..., userDataDir: C:\Users\INGRID~1.ZAD\AppDa...}, fedcm:accounts: true, goog:chromeOptions: {debuggerAddress: localhost:57497}, networkConnectionEnabled: false, pageLoadStrategy: normal, platformName: windows, proxy: Proxy(), se:cdp: ws://localhost:57497/devtoo..., se:cdpVersion: 137.0.7151.69, setWindowRect: true, strictFileInteractability: false, timeouts: {implicit: 0, pageLoad: 300000, script: 30000}, unhandledPromptBehavior: dismiss and notify, webauthn:extension:credBlob: true, webauthn:extension:largeBlob: true, webauthn:extension:minPinLength: true, webauthn:extension:prf: true, webauthn:virtualAuthenticators: true}
Session ID: 15df20a0fd6d4f3eac43b8aa23d4ec36
	at org.testng.Assert.fail(Assert.java:110)
	at lt.insoft.uztis.tests.SubmittedApplicationsPageTest.testAddEvaluators_VUI_PVK(SubmittedApplicationsPageTest.java:571)
	at java.base/jdk.internal.reflect.DirectMethodHandleAccessor.invoke(DirectMethodHandleAccessor.java:103)
	at java.base/java.lang.reflect.Method.invoke(Method.java:580)
	at org.junit.platform.commons.util.ReflectionUtils.invokeMethod(ReflectionUtils.java:728)
	at org.junit.jupiter.engine.execution.MethodInvocation.proceed(MethodInvocation.java:60)
	at org.junit.jupiter.engine.execution.InvocationInterceptorChain$ValidatingInvocation.proceed(InvocationInterceptorChain.java:131)
	at org.junit.jupiter.engine.extension.TimeoutExtension.intercept(TimeoutExtension.java:156)
	at org.junit.jupiter.engine.extension.TimeoutExtension.interceptTestableMethod(TimeoutExtension.java:147)
	at org.junit.jupiter.engine.extension.TimeoutExtension.interceptTestMethod(TimeoutExtension.java:86)
	at org.junit.jupiter.engine.execution.InterceptingExecutableInvoker$ReflectiveInterceptorCall.lambda$ofVoidMethod$0(InterceptingExecutableInvoker.java:103)
	at org.junit.jupiter.engine.execution.InterceptingExecutableInvoker.lambda$invoke$0(InterceptingExecutableInvoker.java:93)
	at org.junit.jupiter.engine.execution.InvocationInterceptorChain$InterceptedInvocation.proceed(InvocationInterceptorChain.java:106)
	at org.junit.jupiter.engine.execution.InvocationInterceptorChain.proceed(InvocationInterceptorChain.java:64)
	at org.junit.jupiter.engine.execution.InvocationInterceptorChain.chainAndInvoke(InvocationInterceptorChain.java:45)
	at org.junit.jupiter.engine.execution.InvocationInterceptorChain.invoke(InvocationInterceptorChain.java:37)
	at org.junit.jupiter.engine.execution.InterceptingExecutableInvoker.invoke(InterceptingExecutableInvoker.java:92)
	at org.junit.jupiter.engine.execution.InterceptingExecutableInvoker.invoke(InterceptingExecutableInvoker.java:86)
	at org.junit.jupiter.engine.descriptor.TestMethodTestDescriptor.lambda$invokeTestMethod$7(TestMethodTestDescriptor.java:218)
	at org.junit.platform.engine.support.hierarchical.ThrowableCollector.execute(ThrowableCollector.java:73)
	at org.junit.jupiter.engine.descriptor.TestMethodTestDescriptor.invokeTestMethod(TestMethodTestDescriptor.java:214)
	at org.junit.jupiter.engine.descriptor.TestMethodTestDescriptor.execute(TestMethodTestDescriptor.java:139)
	at org.junit.jupiter.engine.descriptor.TestMethodTestDescriptor.execute(TestMethodTestDescriptor.java:69)
	at org.junit.platform.engine.support.hierarchical.NodeTestTask.lambda$executeRecursively$6(NodeTestTask.java:151)
	at org.junit.platform.engine.support.hierarchical.ThrowableCollector.execute(ThrowableCollector.java:73)
	at org.junit.platform.engine.support.hierarchical.NodeTestTask.lambda$executeRecursively$8(NodeTestTask.java:141)
	at org.junit.platform.engine.support.hierarchical.Node.around(Node.java:137)
	at org.junit.platform.engine.support.hierarchical.NodeTestTask.lambda$executeRecursively$9(NodeTestTask.java:139)
	at org.junit.platform.engine.support.hierarchical.ThrowableCollector.execute(ThrowableCollector.java:73)
	at org.junit.platform.engine.support.hierarchical.NodeTestTask.executeRecursively(NodeTestTask.java:138)
	at org.junit.platform.engine.support.hierarchical.NodeTestTask.execute(NodeTestTask.java:95)
	at java.base/java.util.ArrayList.forEach(ArrayList.java:1596)
	at org.junit.platform.engine.support.hierarchical.SameThreadHierarchicalTestExecutorService.invokeAll(SameThreadHierarchicalTestExecutorService.java:41)
	at org.junit.platform.engine.support.hierarchical.NodeTestTask.lambda$executeRecursively$6(NodeTestTask.java:155)
	at org.junit.platform.engine.support.hierarchical.ThrowableCollector.execute(ThrowableCollector.java:73)
	at org.junit.platform.engine.support.hierarchical.NodeTestTask.lambda$executeRecursively$8(NodeTestTask.java:141)
	at org.junit.platform.engine.support.hierarchical.Node.around(Node.java:137)
	at org.junit.platform.engine.support.hierarchical.NodeTestTask.lambda$executeRecursively$9(NodeTestTask.java:139)
	at org.junit.platform.engine.support.hierarchical.ThrowableCollector.execute(ThrowableCollector.java:73)
	at org.junit.platform.engine.support.hierarchical.NodeTestTask.executeRecursively(NodeTestTask.java:138)
	at org.junit.platform.engine.support.hierarchical.NodeTestTask.execute(NodeTestTask.java:95)
	at java.base/java.util.ArrayList.forEach(ArrayList.java:1596)
	at org.junit.platform.engine.support.hierarchical.SameThreadHierarchicalTestExecutorService.invokeAll(SameThreadHierarchicalTestExecutorService.java:41)
	at org.junit.platform.engine.support.hierarchical.NodeTestTask.lambda$executeRecursively$6(NodeTestTask.java:155)
	at org.junit.platform.engine.support.hierarchical.ThrowableCollector.execute(ThrowableCollector.java:73)
	at org.junit.platform.engine.support.hierarchical.NodeTestTask.lambda$executeRecursively$8(NodeTestTask.java:141)
	at org.junit.platform.engine.support.hierarchical.Node.around(Node.java:137)
	at org.junit.platform.engine.support.hierarchical.NodeTestTask.lambda$executeRecursively$9(NodeTestTask.java:139)
	at org.junit.platform.engine.support.hierarchical.ThrowableCollector.execute(ThrowableCollector.java:73)
	at org.junit.platform.engine.support.hierarchical.NodeTestTask.executeRecursively(NodeTestTask.java:138)
	at org.junit.platform.engine.support.hierarchical.NodeTestTask.execute(NodeTestTask.java:95)
	at org.junit.platform.engine.support.hierarchical.SameThreadHierarchicalTestExecutorService.submit(SameThreadHierarchicalTestExecutorService.java:35)
	at org.junit.platform.engine.support.hierarchical.HierarchicalTestExecutor.execute(HierarchicalTestExecutor.java:57)
	at org.junit.platform.engine.support.hierarchical.HierarchicalTestEngine.execute(HierarchicalTestEngine.java:54)
	at org.junit.platform.launcher.core.EngineExecutionOrchestrator.execute(EngineExecutionOrchestrator.java:198)
	at org.junit.platform.launcher.core.EngineExecutionOrchestrator.execute(EngineExecutionOrchestrator.java:169)
	at org.junit.platform.launcher.core.EngineExecutionOrchestrator.execute(EngineExecutionOrchestrator.java:93)
	at org.junit.platform.launcher.core.EngineExecutionOrchestrator.lambda$execute$0(EngineExecutionOrchestrator.java:58)
	at org.junit.platform.launcher.core.EngineExecutionOrchestrator.withInterceptedStreams(EngineExecutionOrchestrator.java:141)
	at org.junit.platform.launcher.core.EngineExecutionOrchestrator.execute(EngineExecutionOrchestrator.java:57)
	at org.junit.platform.launcher.core.DefaultLauncher.execute(DefaultLauncher.java:103)
	at org.junit.platform.launcher.core.DefaultLauncher.execute(DefaultLauncher.java:85)
	at org.junit.platform.launcher.core.DelegatingLauncher.execute(DelegatingLauncher.java:47)
	at org.junit.platform.launcher.core.SessionPerRequestLauncher.execute(SessionPerRequestLauncher.java:63)
	at com.intellij.junit5.JUnit5IdeaTestRunner.startRunnerWithArgs(JUnit5IdeaTestRunner.java:57)
	at com.intellij.rt.junit.IdeaTestRunner$Repeater$1.execute(IdeaTestRunner.java:38)
	at com.intellij.rt.execution.junit.TestsRepeater.repeat(TestsRepeater.java:11)
	at com.intellij.rt.junit.IdeaTestRunner$Repeater.startRunnerWithArgs(IdeaTestRunner.java:35)
	at com.intellij.rt.junit.JUnitStarter.prepareStreamsAndStart(JUnitStarter.java:232)
	at com.intellij.rt.junit.JUnitStarter.main(JUnitStarter.java:55)
2025-06-10 09:56:01 [main] INFO  l.insoft.uztis.tests.utils.TestUtils - Screenshot moved to C:\Users\ingrida.zadorozniene\Desktop\Asm\UZTIS\UZTIS_tests\test-output\screenshots\20250610\095601637_testAddEvaluators_VUI_PVK().png
2025-06-10 11:43:04 [main] INFO  lt.insoft.uztis.tests.UztisPageTest - Navigated to https://uztisdev.asseco.lt/home
2025-06-10 11:43:04 [main] INFO  l.i.u.t.SubmittedApplicationsPageTest - Starting test:'testAddEvaluators'
2025-06-10 11:43:05 [main] INFO  l.insoft.uztis.tests.utils.TestUtils - Login attempt with user: evaluation_chief
2025-06-10 11:43:05 [main] DEBUG l.i.u.t.SubmittedApplicationsPageTest - User logged in with test credentials
2025-06-10 11:43:06 [main] DEBUG l.i.u.t.SubmittedApplicationsPageTest - Opened 'Application Processing' menu.
2025-06-10 11:43:06 [main] DEBUG l.i.u.t.SubmittedApplicationsPageTest - Clicked on 'Application Forms' menu.
2025-06-10 11:43:06 [main] DEBUG l.i.u.t.SubmittedApplicationsPageTest - Retrieved last description code text: 'TST-VUI-20'.
2025-06-10 11:43:06 [main] DEBUG l.i.u.t.SubmittedApplicationsPageTest - Clicked on 'Invitation' menu.
2025-06-10 11:43:08 [main] DEBUG l.i.u.t.SubmittedApplicationsPageTest - Selected application section by code: 'TST-VUI-20'.
2025-06-10 11:43:08 [main] DEBUG l.i.u.t.SubmittedApplicationsPageTest - Clicked 'Search' button.
2025-06-10 11:43:08 [main] DEBUG l.i.u.t.SubmittedApplicationsPageTest - Retrieved invitation code: ''.
2025-06-10 11:43:08 [main] DEBUG l.i.u.t.SubmittedApplicationsPageTest - Clicked on 'Submitted Applications' menu.
2025-06-10 11:43:10 [main] DEBUG l.i.u.t.SubmittedApplicationsPageTest - Selected invitation by code: 'TST-VUI-20'.
2025-06-10 11:43:10 [main] DEBUG l.i.u.t.SubmittedApplicationsPageTest - Invitation code inserted.
2025-06-10 11:43:10 [main] DEBUG l.i.u.t.SubmittedApplicationsPageTest - Clicked on 'Action Application' button.
2025-06-10 11:43:10 [main] DEBUG l.i.u.t.SubmittedApplicationsPageTest - Clicked on 'Add Evaluators' button.
2025-06-10 11:43:10 [main] INFO  l.i.u.p.SubmittedApplicationsPage - Trying to open evaluator dropdown.
2025-06-10 11:43:10 [main] INFO  l.i.u.p.SubmittedApplicationsPage - Dropdown opened.
2025-06-10 11:43:11 [main] INFO  l.i.u.p.SubmittedApplicationsPage - Search value entered: 'Adelė Kutienė'
2025-06-10 11:43:42 [main] ERROR l.i.u.p.SubmittedApplicationsPage - Failed to select the correct dropdown option: Expected condition failed: waiting for element to be clickable: By.xpath: //mat-option//span[contains(@class, 'area-center') and normalize-space(text())='Adelė Kutienė'] (tried for 30 second(s) with 500 milliseconds interval)
Build info: version: '4.27.0', revision: 'd6e718d134'
System info: os.name: 'Windows 11', os.arch: 'amd64', os.version: '10.0', java.version: '21.0.3'
Driver info: org.openqa.selenium.chrome.ChromeDriver
Capabilities {acceptInsecureCerts: false, browserName: chrome, browserVersion: 137.0.7151.69, chrome: {chromedriverVersion: 137.0.7151.68 (2989ffee9373..., userDataDir: C:\Users\INGRID~1.ZAD\AppDa...}, fedcm:accounts: true, goog:chromeOptions: {debuggerAddress: localhost:59897}, networkConnectionEnabled: false, pageLoadStrategy: normal, platformName: windows, proxy: Proxy(), se:cdp: ws://localhost:59897/devtoo..., se:cdpVersion: 137.0.7151.69, setWindowRect: true, strictFileInteractability: false, timeouts: {implicit: 0, pageLoad: 300000, script: 30000}, unhandledPromptBehavior: dismiss and notify, webauthn:extension:credBlob: true, webauthn:extension:largeBlob: true, webauthn:extension:minPinLength: true, webauthn:extension:prf: true, webauthn:virtualAuthenticators: true}
Session ID: 4afdeb0b03aaa189e000786e954a5512
2025-06-10 11:43:52 [main] ERROR l.i.u.t.SubmittedApplicationsPageTest - Test 'testAddEvaluators' failed with error: Test failed: Expected condition failed: waiting for visibility of element located by By.cssSelector: mat-select span.mat-select-value-text (tried for 10 second(s) with 500 milliseconds interval)
Build info: version: '4.27.0', revision: 'd6e718d134'
System info: os.name: 'Windows 11', os.arch: 'amd64', os.version: '10.0', java.version: '21.0.3'
Driver info: org.openqa.selenium.chrome.ChromeDriver
Capabilities {acceptInsecureCerts: false, browserName: chrome, browserVersion: 137.0.7151.69, chrome: {chromedriverVersion: 137.0.7151.68 (2989ffee9373..., userDataDir: C:\Users\INGRID~1.ZAD\AppDa...}, fedcm:accounts: true, goog:chromeOptions: {debuggerAddress: localhost:59897}, networkConnectionEnabled: false, pageLoadStrategy: normal, platformName: windows, proxy: Proxy(), se:cdp: ws://localhost:59897/devtoo..., se:cdpVersion: 137.0.7151.69, setWindowRect: true, strictFileInteractability: false, timeouts: {implicit: 0, pageLoad: 300000, script: 30000}, unhandledPromptBehavior: dismiss and notify, webauthn:extension:credBlob: true, webauthn:extension:largeBlob: true, webauthn:extension:minPinLength: true, webauthn:extension:prf: true, webauthn:virtualAuthenticators: true}
Session ID: 4afdeb0b03aaa189e000786e954a5512
java.lang.AssertionError: Test failed: Expected condition failed: waiting for visibility of element located by By.cssSelector: mat-select span.mat-select-value-text (tried for 10 second(s) with 500 milliseconds interval)
Build info: version: '4.27.0', revision: 'd6e718d134'
System info: os.name: 'Windows 11', os.arch: 'amd64', os.version: '10.0', java.version: '21.0.3'
Driver info: org.openqa.selenium.chrome.ChromeDriver
Capabilities {acceptInsecureCerts: false, browserName: chrome, browserVersion: 137.0.7151.69, chrome: {chromedriverVersion: 137.0.7151.68 (2989ffee9373..., userDataDir: C:\Users\INGRID~1.ZAD\AppDa...}, fedcm:accounts: true, goog:chromeOptions: {debuggerAddress: localhost:59897}, networkConnectionEnabled: false, pageLoadStrategy: normal, platformName: windows, proxy: Proxy(), se:cdp: ws://localhost:59897/devtoo..., se:cdpVersion: 137.0.7151.69, setWindowRect: true, strictFileInteractability: false, timeouts: {implicit: 0, pageLoad: 300000, script: 30000}, unhandledPromptBehavior: dismiss and notify, webauthn:extension:credBlob: true, webauthn:extension:largeBlob: true, webauthn:extension:minPinLength: true, webauthn:extension:prf: true, webauthn:virtualAuthenticators: true}
Session ID: 4afdeb0b03aaa189e000786e954a5512
	at org.testng.Assert.fail(Assert.java:110)
	at lt.insoft.uztis.tests.SubmittedApplicationsPageTest.testAddEvaluators_VUI_PVK(SubmittedApplicationsPageTest.java:595)
	at java.base/jdk.internal.reflect.DirectMethodHandleAccessor.invoke(DirectMethodHandleAccessor.java:103)
	at java.base/java.lang.reflect.Method.invoke(Method.java:580)
	at org.junit.platform.commons.util.ReflectionUtils.invokeMethod(ReflectionUtils.java:728)
	at org.junit.jupiter.engine.execution.MethodInvocation.proceed(MethodInvocation.java:60)
	at org.junit.jupiter.engine.execution.InvocationInterceptorChain$ValidatingInvocation.proceed(InvocationInterceptorChain.java:131)
	at org.junit.jupiter.engine.extension.TimeoutExtension.intercept(TimeoutExtension.java:156)
	at org.junit.jupiter.engine.extension.TimeoutExtension.interceptTestableMethod(TimeoutExtension.java:147)
	at org.junit.jupiter.engine.extension.TimeoutExtension.interceptTestMethod(TimeoutExtension.java:86)
	at org.junit.jupiter.engine.execution.InterceptingExecutableInvoker$ReflectiveInterceptorCall.lambda$ofVoidMethod$0(InterceptingExecutableInvoker.java:103)
	at org.junit.jupiter.engine.execution.InterceptingExecutableInvoker.lambda$invoke$0(InterceptingExecutableInvoker.java:93)
	at org.junit.jupiter.engine.execution.InvocationInterceptorChain$InterceptedInvocation.proceed(InvocationInterceptorChain.java:106)
	at org.junit.jupiter.engine.execution.InvocationInterceptorChain.proceed(InvocationInterceptorChain.java:64)
	at org.junit.jupiter.engine.execution.InvocationInterceptorChain.chainAndInvoke(InvocationInterceptorChain.java:45)
	at org.junit.jupiter.engine.execution.InvocationInterceptorChain.invoke(InvocationInterceptorChain.java:37)
	at org.junit.jupiter.engine.execution.InterceptingExecutableInvoker.invoke(InterceptingExecutableInvoker.java:92)
	at org.junit.jupiter.engine.execution.InterceptingExecutableInvoker.invoke(InterceptingExecutableInvoker.java:86)
	at org.junit.jupiter.engine.descriptor.TestMethodTestDescriptor.lambda$invokeTestMethod$7(TestMethodTestDescriptor.java:218)
	at org.junit.platform.engine.support.hierarchical.ThrowableCollector.execute(ThrowableCollector.java:73)
	at org.junit.jupiter.engine.descriptor.TestMethodTestDescriptor.invokeTestMethod(TestMethodTestDescriptor.java:214)
	at org.junit.jupiter.engine.descriptor.TestMethodTestDescriptor.execute(TestMethodTestDescriptor.java:139)
	at org.junit.jupiter.engine.descriptor.TestMethodTestDescriptor.execute(TestMethodTestDescriptor.java:69)
	at org.junit.platform.engine.support.hierarchical.NodeTestTask.lambda$executeRecursively$6(NodeTestTask.java:151)
	at org.junit.platform.engine.support.hierarchical.ThrowableCollector.execute(ThrowableCollector.java:73)
	at org.junit.platform.engine.support.hierarchical.NodeTestTask.lambda$executeRecursively$8(NodeTestTask.java:141)
	at org.junit.platform.engine.support.hierarchical.Node.around(Node.java:137)
	at org.junit.platform.engine.support.hierarchical.NodeTestTask.lambda$executeRecursively$9(NodeTestTask.java:139)
	at org.junit.platform.engine.support.hierarchical.ThrowableCollector.execute(ThrowableCollector.java:73)
	at org.junit.platform.engine.support.hierarchical.NodeTestTask.executeRecursively(NodeTestTask.java:138)
	at org.junit.platform.engine.support.hierarchical.NodeTestTask.execute(NodeTestTask.java:95)
	at java.base/java.util.ArrayList.forEach(ArrayList.java:1596)
	at org.junit.platform.engine.support.hierarchical.SameThreadHierarchicalTestExecutorService.invokeAll(SameThreadHierarchicalTestExecutorService.java:41)
	at org.junit.platform.engine.support.hierarchical.NodeTestTask.lambda$executeRecursively$6(NodeTestTask.java:155)
	at org.junit.platform.engine.support.hierarchical.ThrowableCollector.execute(ThrowableCollector.java:73)
	at org.junit.platform.engine.support.hierarchical.NodeTestTask.lambda$executeRecursively$8(NodeTestTask.java:141)
	at org.junit.platform.engine.support.hierarchical.Node.around(Node.java:137)
	at org.junit.platform.engine.support.hierarchical.NodeTestTask.lambda$executeRecursively$9(NodeTestTask.java:139)
	at org.junit.platform.engine.support.hierarchical.ThrowableCollector.execute(ThrowableCollector.java:73)
	at org.junit.platform.engine.support.hierarchical.NodeTestTask.executeRecursively(NodeTestTask.java:138)
	at org.junit.platform.engine.support.hierarchical.NodeTestTask.execute(NodeTestTask.java:95)
	at java.base/java.util.ArrayList.forEach(ArrayList.java:1596)
	at org.junit.platform.engine.support.hierarchical.SameThreadHierarchicalTestExecutorService.invokeAll(SameThreadHierarchicalTestExecutorService.java:41)
	at org.junit.platform.engine.support.hierarchical.NodeTestTask.lambda$executeRecursively$6(NodeTestTask.java:155)
	at org.junit.platform.engine.support.hierarchical.ThrowableCollector.execute(ThrowableCollector.java:73)
	at org.junit.platform.engine.support.hierarchical.NodeTestTask.lambda$executeRecursively$8(NodeTestTask.java:141)
	at org.junit.platform.engine.support.hierarchical.Node.around(Node.java:137)
	at org.junit.platform.engine.support.hierarchical.NodeTestTask.lambda$executeRecursively$9(NodeTestTask.java:139)
	at org.junit.platform.engine.support.hierarchical.ThrowableCollector.execute(ThrowableCollector.java:73)
	at org.junit.platform.engine.support.hierarchical.NodeTestTask.executeRecursively(NodeTestTask.java:138)
	at org.junit.platform.engine.support.hierarchical.NodeTestTask.execute(NodeTestTask.java:95)
	at org.junit.platform.engine.support.hierarchical.SameThreadHierarchicalTestExecutorService.submit(SameThreadHierarchicalTestExecutorService.java:35)
	at org.junit.platform.engine.support.hierarchical.HierarchicalTestExecutor.execute(HierarchicalTestExecutor.java:57)
	at org.junit.platform.engine.support.hierarchical.HierarchicalTestEngine.execute(HierarchicalTestEngine.java:54)
	at org.junit.platform.launcher.core.EngineExecutionOrchestrator.execute(EngineExecutionOrchestrator.java:198)
	at org.junit.platform.launcher.core.EngineExecutionOrchestrator.execute(EngineExecutionOrchestrator.java:169)
	at org.junit.platform.launcher.core.EngineExecutionOrchestrator.execute(EngineExecutionOrchestrator.java:93)
	at org.junit.platform.launcher.core.EngineExecutionOrchestrator.lambda$execute$0(EngineExecutionOrchestrator.java:58)
	at org.junit.platform.launcher.core.EngineExecutionOrchestrator.withInterceptedStreams(EngineExecutionOrchestrator.java:141)
	at org.junit.platform.launcher.core.EngineExecutionOrchestrator.execute(EngineExecutionOrchestrator.java:57)
	at org.junit.platform.launcher.core.DefaultLauncher.execute(DefaultLauncher.java:103)
	at org.junit.platform.launcher.core.DefaultLauncher.execute(DefaultLauncher.java:85)
	at org.junit.platform.launcher.core.DelegatingLauncher.execute(DelegatingLauncher.java:47)
	at org.junit.platform.launcher.core.SessionPerRequestLauncher.execute(SessionPerRequestLauncher.java:63)
	at com.intellij.junit5.JUnit5IdeaTestRunner.startRunnerWithArgs(JUnit5IdeaTestRunner.java:57)
	at com.intellij.rt.junit.IdeaTestRunner$Repeater$1.execute(IdeaTestRunner.java:38)
	at com.intellij.rt.execution.junit.TestsRepeater.repeat(TestsRepeater.java:11)
	at com.intellij.rt.junit.IdeaTestRunner$Repeater.startRunnerWithArgs(IdeaTestRunner.java:35)
	at com.intellij.rt.junit.JUnitStarter.prepareStreamsAndStart(JUnitStarter.java:232)
	at com.intellij.rt.junit.JUnitStarter.main(JUnitStarter.java:55)
2025-06-10 11:43:52 [main] INFO  l.insoft.uztis.tests.utils.TestUtils - Screenshot moved to C:\Users\ingrida.zadorozniene\Desktop\Asm\UZTIS\UZTIS_tests\test-output\screenshots\20250610\114352621_testAddEvaluators_VUI_PVK().png
2025-06-11 08:20:44 [main] INFO  lt.insoft.uztis.tests.UztisPageTest - Navigated to https://uztisdev.asseco.lt/home
2025-06-11 08:20:44 [main] INFO  l.i.u.t.SubmittedApplicationsPageTest - Starting test:'testFillNewVUIPApplicationFA'
2025-06-11 08:20:45 [main] INFO  l.insoft.uztis.tests.utils.TestUtils - Login attempt with user: evaluation_chief
2025-06-11 08:20:45 [main] DEBUG l.i.u.t.SubmittedApplicationsPageTest - User logged in with test credentials
2025-06-11 08:20:45 [main] DEBUG l.i.u.t.SubmittedApplicationsPageTest - Opened 'Application Processing' menu.
2025-06-11 08:20:46 [main] DEBUG l.i.u.t.SubmittedApplicationsPageTest - Clicked on 'Application Forms' menu.
2025-06-11 08:20:46 [main] DEBUG l.i.u.t.SubmittedApplicationsPageTest - Retrieved last description code text: 'TST-VUI-20'.
2025-06-11 08:20:46 [main] DEBUG l.i.u.t.SubmittedApplicationsPageTest - Clicked on 'Invitation' menu.
2025-06-11 08:20:48 [main] DEBUG l.i.u.t.SubmittedApplicationsPageTest - Selected application section by code: 'TST-VUI-20'.
2025-06-11 08:20:48 [main] DEBUG l.i.u.t.SubmittedApplicationsPageTest - Clicked 'Search' button.
2025-06-11 08:20:48 [main] DEBUG l.i.u.t.SubmittedApplicationsPageTest - Retrieved invitation code: ''.
2025-06-11 08:20:48 [main] DEBUG l.i.u.t.SubmittedApplicationsPageTest - Clicked on 'Submitted Applications' menu.
2025-06-11 08:20:50 [main] DEBUG l.i.u.t.SubmittedApplicationsPageTest - Selected invitation by code: 'TST-VUI-20'.
2025-06-11 08:20:50 [main] DEBUG l.i.u.t.SubmittedApplicationsPageTest - Invitation code inserted.
2025-06-11 08:20:51 [main] DEBUG l.i.u.t.SubmittedApplicationsPageTest - Clicked on 'Action Application' button.
2025-06-11 08:20:51 [main] DEBUG l.i.u.t.SubmittedApplicationsPageTest - Clicked on 'New Application' button.
2025-06-11 08:20:51 [main] DEBUG l.i.u.t.SubmittedApplicationsPageTest - Selected the 'RadioButtonFA' option.
2025-06-11 08:20:51 [main] DEBUG l.i.u.t.SubmittedApplicationsPageTest - Entered phone number: '61298745'.
2025-06-11 08:20:52 [main] DEBUG l.i.u.t.SubmittedApplicationsPageTest - Entered email: 'test@autotest.com'.
2025-06-11 08:20:52 [main] INFO  l.i.u.p.SubmittedApplicationsPage - Clicking on the dropdown button.
2025-06-11 08:21:10 [main] INFO  l.i.u.p.SubmittedApplicationsPage - Found 1741 options in the dropdown.
2025-06-11 08:21:10 [main] DEBUG l.i.u.p.SubmittedApplicationsPage - Checking option: ''
2025-06-11 08:21:10 [main] DEBUG l.i.u.p.SubmittedApplicationsPage - Checking option: '01.11 - Grūdinių (išskyrus ryžius), ankštinių ir aliejingų sėklų augalų auginimas'
2025-06-11 08:21:10 [main] INFO  l.i.u.p.SubmittedApplicationsPage - Successfully selected the value: '01.11 - Grūdinių (išskyrus ryžius), ankštinių ir aliejingų sėklų augalų auginimas'
2025-06-11 08:21:10 [main] INFO  l.i.u.p.SubmittedApplicationsPage - Attempting to close the dropdown.
2025-06-11 08:21:11 [main] DEBUG l.i.u.t.SubmittedApplicationsPageTest - Selected EVRK value: '01.11 - Grūdinių (išskyrus ryžius), ankštinių ir aliejingų sėklų augalų auginimas'.
2025-06-11 08:21:11 [main] DEBUG l.i.u.t.SubmittedApplicationsPageTest - Clicked on 'Address Component' button.
2025-06-11 08:21:11 [main] INFO  l.i.u.p.SubmittedApplicationsPage - Located the dropdown button.
2025-06-11 08:21:15 [main] INFO  l.i.u.p.SubmittedApplicationsPage - Successfully selected the value: 'Lietuva'
2025-06-11 08:21:15 [main] DEBUG l.i.u.t.SubmittedApplicationsPageTest - Selected country: 'Lietuva'.
2025-06-11 08:21:15 [main] INFO  l.i.u.p.SubmittedApplicationsPage - Located the dropdown search field.
2025-06-11 08:21:15 [main] INFO  l.i.u.p.SubmittedApplicationsPage - Dropdown city is opened.
2025-06-11 08:21:15 [main] INFO  l.i.u.p.SubmittedApplicationsPage - Searched for value: 'Vilnius'
2025-06-11 08:21:16 [main] INFO  l.i.u.p.SubmittedApplicationsPage - Successfully selected: 'Vilnius'
2025-06-11 08:21:16 [main] INFO  l.i.u.p.SubmittedApplicationsPage - Located the dropdown button.
2025-06-11 08:21:17 [main] INFO  l.i.u.p.SubmittedApplicationsPage - Successfully selected the value: 'A. Domaševičiaus g.'
2025-06-11 08:21:17 [main] DEBUG l.i.u.t.SubmittedApplicationsPageTest - Selected street: 'A. Domaševičiaus g.'.
2025-06-11 08:21:17 [main] INFO  l.i.u.p.SubmittedApplicationsPage - Located the dropdown button.
2025-06-11 08:21:18 [main] INFO  l.i.u.p.SubmittedApplicationsPage - Successfully selected the value: '1'
2025-06-11 08:21:18 [main] DEBUG l.i.u.t.SubmittedApplicationsPageTest - Selected house: '1'.
2025-06-11 08:21:18 [main] INFO  l.i.u.p.SubmittedApplicationsPage - Located the dropdown button.
2025-06-11 08:21:18 [main] INFO  l.i.u.p.SubmittedApplicationsPage - Successfully selected the value: '1'
2025-06-11 08:21:18 [main] DEBUG l.i.u.t.SubmittedApplicationsPageTest - Selected apartment: '1'.
2025-06-11 08:21:18 [main] DEBUG l.i.u.t.SubmittedApplicationsPageTest - Clicked 'Confirm' button.
2025-06-11 08:21:18 [main] DEBUG l.i.u.t.SubmittedApplicationsPageTest - Entered project date.
2025-06-11 08:21:18 [main] DEBUG l.i.u.t.SubmittedApplicationsPageTest - Entered job count: '1'.
2025-06-11 08:21:19 [main] DEBUG l.i.u.t.SubmittedApplicationsPageTest - Clicked 'Next' button.
2025-06-11 08:21:19 [main] INFO  l.i.u.p.SubmittedApplicationsPage - Located the dropdown button.
2025-06-11 08:21:20 [main] INFO  l.i.u.p.SubmittedApplicationsPage - Successfully selected the value: 'Administratoriai'
2025-06-11 08:21:20 [main] DEBUG l.i.u.t.SubmittedApplicationsPageTest - Selected job name: 'Administratoriai'.
2025-06-11 08:21:20 [main] DEBUG l.i.u.t.SubmittedApplicationsPageTest - Entered job function: 'Funkcija 1'.
2025-06-11 08:21:20 [main] DEBUG l.i.u.t.SubmittedApplicationsPageTest - Selected 'RadioButtonWithDisabilities' option.
2025-06-11 08:21:20 [main] INFO  l.i.u.p.SubmittedApplicationsPage - Clicking on the dropdown button.
2025-06-11 08:21:21 [main] INFO  l.i.u.p.SubmittedApplicationsPage - Found 34 options in the dropdown.
2025-06-11 08:21:21 [main] DEBUG l.i.u.p.SubmittedApplicationsPage - Checking option: 'Asmenys, kuriems suteiktas pabėgėlio statusas ar perkeliamojo asmens statusas, arba asmenys, kuriems suteikta papildoma ar laikinoji apsauga, ir asmenys, turintys teisę gauti laikinąją apsaugą, iki sprendimo dėl laikinosios apsaugos suteikimo (nesuteikimo) priėmimo, tačiau ne ilgiau kaip laikinosios apsaugos laikotarpiu'
2025-06-11 08:21:21 [main] DEBUG l.i.u.p.SubmittedApplicationsPage - Checking option: 'Asmenys, kuriems suteiktas pabėgėlio statusas ar perkeliamojo asmens statusas, arba asmenys, kuriems suteikta papildoma ar laikinoji apsauga, ir asmenys, turintys teisę gauti laikinąją apsaugą, iki sprendimo dėl laikinosios apsaugos suteikimo (nesuteikimo) priėmimo, tačiau ne ilgiau kaip laikinosios apsaugos laikotarpiu'
2025-06-11 08:21:21 [main] DEBUG l.i.u.p.SubmittedApplicationsPage - Checking option: 'Asmenys, turintys teisę į papildomas užimtumo garantijas pagal Lietuvos Respublikos valstybės įmonės Ignalinos atominės elektrinės darbuotojų papildomų užimtumo ir socialinių garantijų įstatymą'
2025-06-11 08:21:21 [main] DEBUG l.i.u.p.SubmittedApplicationsPage - Checking option: 'Asmenys, turintys teisę į papildomas užimtumo garantijas pagal Lietuvos Respublikos valstybės įmonės Ignalinos atominės elektrinės darbuotojų papildomų užimtumo ir socialinių garantijų įstatymą'
2025-06-11 08:21:21 [main] DEBUG l.i.u.p.SubmittedApplicationsPage - Checking option: 'Bedarbiai iki 29 metų'
2025-06-11 08:21:21 [main] DEBUG l.i.u.p.SubmittedApplicationsPage - Checking option: 'Bedarbiai iki 29 metų'
2025-06-11 08:21:21 [main] DEBUG l.i.u.p.SubmittedApplicationsPage - Checking option: 'Bedarbiai, kurie yra darbingo amžiaus neįgalieji, kuriems nustatytas 30–40 procentų darbingumo lygis arba vidutinis neįgalumo lygis'
2025-06-11 08:21:21 [main] DEBUG l.i.u.p.SubmittedApplicationsPage - Checking option: 'Bedarbiai, kurie yra darbingo amžiaus neįgalieji, kuriems nustatytas 30–40 procentų darbingumo lygis arba vidutinis neįgalumo lygis'
2025-06-11 08:21:21 [main] DEBUG l.i.u.p.SubmittedApplicationsPage - Checking option: 'Bedarbiai, kurie yra darbingo amžiaus neįgalieji, kuriems nustatytas 45–55 procentų darbingumo lygis arba lengvas neįgalumo lygis'
2025-06-11 08:21:21 [main] DEBUG l.i.u.p.SubmittedApplicationsPage - Checking option: 'Bedarbiai, kurie yra darbingo amžiaus neįgalieji, kuriems nustatytas 45–55 procentų darbingumo lygis arba lengvas neįgalumo lygis'
2025-06-11 08:21:21 [main] DEBUG l.i.u.p.SubmittedApplicationsPage - Checking option: 'Bedarbiai, kurie yra darbingo amžiaus neįgalieji, kuriems nustatytas iki 25 procentų darbingumo lygis arba sunkus neįgalumo lygis'
2025-06-11 08:21:21 [main] INFO  l.i.u.p.SubmittedApplicationsPage - Successfully selected the value: 'Bedarbiai, kurie yra darbingo amžiaus neįgalieji, kuriems nustatytas iki 25 procentų darbingumo lygis arba sunkus neįgalumo lygis'
2025-06-11 08:21:21 [main] INFO  l.i.u.p.SubmittedApplicationsPage - Attempting to close the dropdown.
2025-06-11 08:21:22 [main] DEBUG l.i.u.t.SubmittedApplicationsPageTest - Selected disabilities type: 'Bedarbiai, kurie yra darbingo amžiaus neįgalieji, kuriems nustatytas iki 25 procentų darbingumo lygis arba sunkus neįgalumo lygis'.
2025-06-11 08:21:22 [main] DEBUG l.i.u.t.SubmittedApplicationsPageTest - Entered disability information: 'Negalia 1'.
2025-06-11 08:21:22 [main] INFO  l.i.u.p.SubmittedApplicationsPage - Located the dropdown button.
2025-06-11 08:21:23 [main] INFO  l.i.u.p.SubmittedApplicationsPage - Successfully selected the value: 'Kita'
2025-06-11 08:21:23 [main] DEBUG l.i.u.t.SubmittedApplicationsPageTest - Selected time mode: 'Kita'.
2025-06-11 08:21:23 [main] DEBUG l.i.u.t.SubmittedApplicationsPageTest - Selected time mode other: '6 val. per dieną ir 4 d. per savaitę'.
2025-06-11 08:21:23 [main] DEBUG l.i.u.t.SubmittedApplicationsPageTest - Entered qualification: 'Kvalifikacija 1'.
2025-06-11 08:21:23 [main] DEBUG l.i.u.t.SubmittedApplicationsPageTest - Entered job date.
2025-06-11 08:21:24 [main] DEBUG l.i.u.t.SubmittedApplicationsPageTest - Entered salary amount: '1200'.
2025-06-11 08:21:24 [main] DEBUG l.i.u.t.SubmittedApplicationsPageTest - Entered salary description: 'Užmokestis 1'.
2025-06-11 08:21:24 [main] DEBUG l.i.u.t.SubmittedApplicationsPageTest - Selected 'Temporary Job' radio button.
2025-06-11 08:21:24 [main] DEBUG l.i.u.t.SubmittedApplicationsPageTest - Selected 'Season Job' radio button.
2025-06-11 08:21:24 [main] DEBUG l.i.u.t.SubmittedApplicationsPageTest - Selected 'Energy' radio button.
2025-06-11 08:21:25 [main] DEBUG l.i.u.t.SubmittedApplicationsPageTest - Selected 'Repair' radio button.
2025-06-11 08:21:25 [main] DEBUG l.i.u.t.SubmittedApplicationsPageTest - Entered job description: 'Veikla 1'.
2025-06-11 08:21:25 [main] DEBUG l.i.u.t.SubmittedApplicationsPageTest - Entered process description: 'Procesas 1'.
2025-06-11 08:21:25 [main] DEBUG l.i.u.t.SubmittedApplicationsPageTest - Entered energy information: 'Energija 1'.
2025-06-11 08:21:26 [main] DEBUG l.i.u.t.SubmittedApplicationsPageTest - Entered repair information: 'Remontas 1'.
2025-06-11 08:21:26 [main] DEBUG l.i.u.t.SubmittedApplicationsPageTest - Selected 'PVM' radio button.
2025-06-11 08:21:26 [main] INFO  l.i.u.p.SubmittedApplicationsPage - Located the dropdown button.
2025-06-11 08:21:26 [main] INFO  l.i.u.p.SubmittedApplicationsPage - Successfully selected the value: 'Įsigyti'
2025-06-11 08:21:26 [main] DEBUG l.i.u.t.SubmittedApplicationsPageTest - Selected necessary for job: 'Įsigyti'.
2025-06-11 08:21:27 [main] DEBUG l.i.u.t.SubmittedApplicationsPageTest - Selected tool: 'Darbo priemonė 1'.
2025-06-11 08:21:27 [main] DEBUG l.i.u.t.SubmittedApplicationsPageTest - Selected tool parameter one: 'Darbo priemonės 1 parametras 1'.
2025-06-11 08:21:27 [main] DEBUG l.i.u.t.SubmittedApplicationsPageTest - Selected tool parameter two: 'Darbo priemonės 1 parametras 2'.
2025-06-11 08:21:27 [main] DEBUG l.i.u.t.SubmittedApplicationsPageTest - Selected tool parameter three: 'Darbo priemonės 1 parametras 3'.
2025-06-11 08:21:28 [main] DEBUG l.i.u.t.SubmittedApplicationsPageTest - Entered tool count: '1'.
2025-06-11 08:21:28 [main] DEBUG l.i.u.t.SubmittedApplicationsPageTest - Entered price amount 1: '1000'.
2025-06-11 08:21:30 [main] DEBUG l.i.u.t.SubmittedApplicationsPageTest - Entered own funds amount 1: '800'.
2025-06-11 08:21:32 [main] DEBUG l.i.u.t.SubmittedApplicationsPageTest - Clicked 'Add' button.
2025-06-11 08:21:32 [main] INFO  l.i.u.p.SubmittedApplicationsPage - Located the dropdown button.
2025-06-11 08:21:33 [main] INFO  l.i.u.p.SubmittedApplicationsPage - Successfully selected the value: 'Remontuoti'
2025-06-11 08:21:33 [main] DEBUG l.i.u.t.SubmittedApplicationsPageTest - Selected necessary for job 'to repair': 'Remontuoti'.
2025-06-11 08:21:33 [main] DEBUG l.i.u.t.SubmittedApplicationsPageTest - Selected repair name: 'Remonto pavadinimas 1'.
2025-06-11 08:21:33 [main] DEBUG l.i.u.t.SubmittedApplicationsPageTest - Entered repair information: 'Remonto aprašymas 1'.
2025-06-11 08:21:34 [main] DEBUG l.i.u.t.SubmittedApplicationsPageTest - Entered price amount 2: '1000'.
2025-06-11 08:21:36 [main] DEBUG l.i.u.t.SubmittedApplicationsPageTest - Entered own funds amount 2: '900'.
2025-06-11 08:21:38 [main] DEBUG l.i.u.t.SubmittedApplicationsPageTest - Clicked 'AddRemoved' button.
2025-06-11 08:21:40 [main] DEBUG l.i.u.t.SubmittedApplicationsPageTest - Clicked 'Remove' button.
2025-06-11 08:21:42 [main] DEBUG l.i.u.t.SubmittedApplicationsPageTest - Clicked 'Remove Confirmation' button.
2025-06-11 08:21:45 [main] DEBUG l.i.u.t.SubmittedApplicationsPageTest - Entered country percentage: '50'.
2025-06-11 08:21:45 [main] DEBUG l.i.u.t.SubmittedApplicationsPageTest - Entered institution percentage: '50'.
2025-06-11 08:21:45 [main] DEBUG l.i.u.t.SubmittedApplicationsPageTest - Entered municipality percentage: '50'.
2025-06-11 08:21:45 [main] DEBUG l.i.u.t.SubmittedApplicationsPageTest - Selected 'De Minimis' radio button.
2025-06-11 08:21:45 [main] DEBUG l.i.u.t.SubmittedApplicationsPageTest - Entered program name: 'Programa 1'.
2025-06-11 08:21:45 [main] DEBUG l.i.u.t.SubmittedApplicationsPageTest - Entered project date from.
2025-06-11 08:21:45 [main] DEBUG l.i.u.t.SubmittedApplicationsPageTest - Entered project date until.
2025-06-11 08:21:46 [main] DEBUG l.i.u.t.SubmittedApplicationsPageTest - Entered support amount: '2000'.
2025-06-11 08:21:46 [main] DEBUG l.i.u.t.SubmittedApplicationsPageTest - Clicked 'Next' button.
2025-06-11 08:21:56 [main] DEBUG l.i.u.t.SubmittedApplicationsPageTest - Checked 'Legal Entities' checkbox 1.
2025-06-11 08:22:06 [main] DEBUG l.i.u.t.SubmittedApplicationsPageTest - Checked 'Legal Entities' checkbox 2.
2025-06-11 08:22:16 [main] DEBUG l.i.u.t.SubmittedApplicationsPageTest - Checked 'Legal Entities' checkbox 3.
2025-06-11 08:22:16 [main] DEBUG l.i.u.t.SubmittedApplicationsPageTest - Test finished: All 'Legal Entities' checkboxes checked successfully.
2025-06-11 08:22:16 [main] DEBUG l.i.u.t.SubmittedApplicationsPageTest - Clicked 'Next' button after checkboxes.
2025-06-11 08:22:27 [main] ERROR l.i.u.p.SubmittedApplicationsPage - Error selecting radio button: Expected condition failed: waiting for element to be clickable: By.xpath: (//input[@type='radio' and @value='false'])[8] (tried for 10 second(s) with 500 milliseconds interval)
Build info: version: '4.27.0', revision: 'd6e718d134'
System info: os.name: 'Windows 11', os.arch: 'amd64', os.version: '10.0', java.version: '21.0.3'
Driver info: org.openqa.selenium.chrome.ChromeDriver
Capabilities {acceptInsecureCerts: false, browserName: chrome, browserVersion: 137.0.7151.69, chrome: {chromedriverVersion: 137.0.7151.70 (dfa4dc56b2ab..., userDataDir: C:\Users\INGRID~1.ZAD\AppDa...}, fedcm:accounts: true, goog:chromeOptions: {debuggerAddress: localhost:60132}, networkConnectionEnabled: false, pageLoadStrategy: normal, platformName: windows, proxy: Proxy(), se:cdp: ws://localhost:60132/devtoo..., se:cdpVersion: 137.0.7151.69, setWindowRect: true, strictFileInteractability: false, timeouts: {implicit: 0, pageLoad: 300000, script: 30000}, unhandledPromptBehavior: dismiss and notify, webauthn:extension:credBlob: true, webauthn:extension:largeBlob: true, webauthn:extension:minPinLength: true, webauthn:extension:prf: true, webauthn:virtualAuthenticators: true}
Session ID: 30e7139581fa8bec4ef568a6e7965053
2025-06-11 08:22:27 [main] INFO  l.i.u.t.SubmittedApplicationsPageTest - Marking 'Ne' radio button 1
2025-06-11 08:22:37 [main] ERROR l.i.u.p.SubmittedApplicationsPage - Error selecting radio button: Expected condition failed: waiting for element to be clickable: By.xpath: (//input[@type='radio' and @value='false'])[9] (tried for 10 second(s) with 500 milliseconds interval)
Build info: version: '4.27.0', revision: 'd6e718d134'
System info: os.name: 'Windows 11', os.arch: 'amd64', os.version: '10.0', java.version: '21.0.3'
Driver info: org.openqa.selenium.chrome.ChromeDriver
Capabilities {acceptInsecureCerts: false, browserName: chrome, browserVersion: 137.0.7151.69, chrome: {chromedriverVersion: 137.0.7151.70 (dfa4dc56b2ab..., userDataDir: C:\Users\INGRID~1.ZAD\AppDa...}, fedcm:accounts: true, goog:chromeOptions: {debuggerAddress: localhost:60132}, networkConnectionEnabled: false, pageLoadStrategy: normal, platformName: windows, proxy: Proxy(), se:cdp: ws://localhost:60132/devtoo..., se:cdpVersion: 137.0.7151.69, setWindowRect: true, strictFileInteractability: false, timeouts: {implicit: 0, pageLoad: 300000, script: 30000}, unhandledPromptBehavior: dismiss and notify, webauthn:extension:credBlob: true, webauthn:extension:largeBlob: true, webauthn:extension:minPinLength: true, webauthn:extension:prf: true, webauthn:virtualAuthenticators: true}
Session ID: 30e7139581fa8bec4ef568a6e7965053
2025-06-11 08:22:37 [main] INFO  l.i.u.t.SubmittedApplicationsPageTest - Marking 'Ne' radio button 2
2025-06-11 08:22:47 [main] ERROR l.i.u.p.SubmittedApplicationsPage - Error selecting radio button: Expected condition failed: waiting for element to be clickable: By.xpath: (//input[@type='radio' and @value='false'])[10] (tried for 10 second(s) with 500 milliseconds interval)
Build info: version: '4.27.0', revision: 'd6e718d134'
System info: os.name: 'Windows 11', os.arch: 'amd64', os.version: '10.0', java.version: '21.0.3'
Driver info: org.openqa.selenium.chrome.ChromeDriver
Capabilities {acceptInsecureCerts: false, browserName: chrome, browserVersion: 137.0.7151.69, chrome: {chromedriverVersion: 137.0.7151.70 (dfa4dc56b2ab..., userDataDir: C:\Users\INGRID~1.ZAD\AppDa...}, fedcm:accounts: true, goog:chromeOptions: {debuggerAddress: localhost:60132}, networkConnectionEnabled: false, pageLoadStrategy: normal, platformName: windows, proxy: Proxy(), se:cdp: ws://localhost:60132/devtoo..., se:cdpVersion: 137.0.7151.69, setWindowRect: true, strictFileInteractability: false, timeouts: {implicit: 0, pageLoad: 300000, script: 30000}, unhandledPromptBehavior: dismiss and notify, webauthn:extension:credBlob: true, webauthn:extension:largeBlob: true, webauthn:extension:minPinLength: true, webauthn:extension:prf: true, webauthn:virtualAuthenticators: true}
Session ID: 30e7139581fa8bec4ef568a6e7965053
2025-06-11 08:22:47 [main] INFO  l.i.u.t.SubmittedApplicationsPageTest - Marking 'Ne' radio button 3
2025-06-11 08:22:57 [main] ERROR l.i.u.p.SubmittedApplicationsPage - Error selecting radio button: Expected condition failed: waiting for element to be clickable: By.xpath: (//input[@type='radio' and @value='false'])[11] (tried for 10 second(s) with 500 milliseconds interval)
Build info: version: '4.27.0', revision: 'd6e718d134'
System info: os.name: 'Windows 11', os.arch: 'amd64', os.version: '10.0', java.version: '21.0.3'
Driver info: org.openqa.selenium.chrome.ChromeDriver
Capabilities {acceptInsecureCerts: false, browserName: chrome, browserVersion: 137.0.7151.69, chrome: {chromedriverVersion: 137.0.7151.70 (dfa4dc56b2ab..., userDataDir: C:\Users\INGRID~1.ZAD\AppDa...}, fedcm:accounts: true, goog:chromeOptions: {debuggerAddress: localhost:60132}, networkConnectionEnabled: false, pageLoadStrategy: normal, platformName: windows, proxy: Proxy(), se:cdp: ws://localhost:60132/devtoo..., se:cdpVersion: 137.0.7151.69, setWindowRect: true, strictFileInteractability: false, timeouts: {implicit: 0, pageLoad: 300000, script: 30000}, unhandledPromptBehavior: dismiss and notify, webauthn:extension:credBlob: true, webauthn:extension:largeBlob: true, webauthn:extension:minPinLength: true, webauthn:extension:prf: true, webauthn:virtualAuthenticators: true}
Session ID: 30e7139581fa8bec4ef568a6e7965053
2025-06-11 08:22:57 [main] INFO  l.i.u.t.SubmittedApplicationsPageTest - Marking 'Ne' radio button 4
2025-06-11 08:23:07 [main] ERROR l.i.u.p.SubmittedApplicationsPage - Error selecting radio button: Expected condition failed: waiting for element to be clickable: By.xpath: (//input[@type='radio' and @value='false'])[12] (tried for 10 second(s) with 500 milliseconds interval)
Build info: version: '4.27.0', revision: 'd6e718d134'
System info: os.name: 'Windows 11', os.arch: 'amd64', os.version: '10.0', java.version: '21.0.3'
Driver info: org.openqa.selenium.chrome.ChromeDriver
Capabilities {acceptInsecureCerts: false, browserName: chrome, browserVersion: 137.0.7151.69, chrome: {chromedriverVersion: 137.0.7151.70 (dfa4dc56b2ab..., userDataDir: C:\Users\INGRID~1.ZAD\AppDa...}, fedcm:accounts: true, goog:chromeOptions: {debuggerAddress: localhost:60132}, networkConnectionEnabled: false, pageLoadStrategy: normal, platformName: windows, proxy: Proxy(), se:cdp: ws://localhost:60132/devtoo..., se:cdpVersion: 137.0.7151.69, setWindowRect: true, strictFileInteractability: false, timeouts: {implicit: 0, pageLoad: 300000, script: 30000}, unhandledPromptBehavior: dismiss and notify, webauthn:extension:credBlob: true, webauthn:extension:largeBlob: true, webauthn:extension:minPinLength: true, webauthn:extension:prf: true, webauthn:virtualAuthenticators: true}
Session ID: 30e7139581fa8bec4ef568a6e7965053
2025-06-11 08:23:07 [main] INFO  l.i.u.t.SubmittedApplicationsPageTest - Marking 'Ne' radio button 5
2025-06-11 08:23:17 [main] ERROR l.i.u.p.SubmittedApplicationsPage - Error selecting radio button: Expected condition failed: waiting for element to be clickable: By.xpath: (//input[@type='radio' and @value='false'])[13] (tried for 10 second(s) with 500 milliseconds interval)
Build info: version: '4.27.0', revision: 'd6e718d134'
System info: os.name: 'Windows 11', os.arch: 'amd64', os.version: '10.0', java.version: '21.0.3'
Driver info: org.openqa.selenium.chrome.ChromeDriver
Capabilities {acceptInsecureCerts: false, browserName: chrome, browserVersion: 137.0.7151.69, chrome: {chromedriverVersion: 137.0.7151.70 (dfa4dc56b2ab..., userDataDir: C:\Users\INGRID~1.ZAD\AppDa...}, fedcm:accounts: true, goog:chromeOptions: {debuggerAddress: localhost:60132}, networkConnectionEnabled: false, pageLoadStrategy: normal, platformName: windows, proxy: Proxy(), se:cdp: ws://localhost:60132/devtoo..., se:cdpVersion: 137.0.7151.69, setWindowRect: true, strictFileInteractability: false, timeouts: {implicit: 0, pageLoad: 300000, script: 30000}, unhandledPromptBehavior: dismiss and notify, webauthn:extension:credBlob: true, webauthn:extension:largeBlob: true, webauthn:extension:minPinLength: true, webauthn:extension:prf: true, webauthn:virtualAuthenticators: true}
Session ID: 30e7139581fa8bec4ef568a6e7965053
2025-06-11 08:23:17 [main] INFO  l.i.u.t.SubmittedApplicationsPageTest - Marking 'Ne' radio button 6
2025-06-11 08:23:27 [main] ERROR l.i.u.p.SubmittedApplicationsPage - Error selecting radio button: Expected condition failed: waiting for element to be clickable: By.xpath: (//input[@type='radio' and @value='true'])[14] (tried for 10 second(s) with 500 milliseconds interval)
Build info: version: '4.27.0', revision: 'd6e718d134'
System info: os.name: 'Windows 11', os.arch: 'amd64', os.version: '10.0', java.version: '21.0.3'
Driver info: org.openqa.selenium.chrome.ChromeDriver
Capabilities {acceptInsecureCerts: false, browserName: chrome, browserVersion: 137.0.7151.69, chrome: {chromedriverVersion: 137.0.7151.70 (dfa4dc56b2ab..., userDataDir: C:\Users\INGRID~1.ZAD\AppDa...}, fedcm:accounts: true, goog:chromeOptions: {debuggerAddress: localhost:60132}, networkConnectionEnabled: false, pageLoadStrategy: normal, platformName: windows, proxy: Proxy(), se:cdp: ws://localhost:60132/devtoo..., se:cdpVersion: 137.0.7151.69, setWindowRect: true, strictFileInteractability: false, timeouts: {implicit: 0, pageLoad: 300000, script: 30000}, unhandledPromptBehavior: dismiss and notify, webauthn:extension:credBlob: true, webauthn:extension:largeBlob: true, webauthn:extension:minPinLength: true, webauthn:extension:prf: true, webauthn:virtualAuthenticators: true}
Session ID: 30e7139581fa8bec4ef568a6e7965053
2025-06-11 08:23:27 [main] INFO  l.i.u.t.SubmittedApplicationsPageTest - Marking 'Taip' radio button 7
2025-06-11 08:23:37 [main] ERROR l.i.u.p.SubmittedApplicationsPage - Error selecting radio button: Expected condition failed: waiting for element to be clickable: By.xpath: (//input[@type='radio' and @value='true'])[15] (tried for 10 second(s) with 500 milliseconds interval)
Build info: version: '4.27.0', revision: 'd6e718d134'
System info: os.name: 'Windows 11', os.arch: 'amd64', os.version: '10.0', java.version: '21.0.3'
Driver info: org.openqa.selenium.chrome.ChromeDriver
Capabilities {acceptInsecureCerts: false, browserName: chrome, browserVersion: 137.0.7151.69, chrome: {chromedriverVersion: 137.0.7151.70 (dfa4dc56b2ab..., userDataDir: C:\Users\INGRID~1.ZAD\AppDa...}, fedcm:accounts: true, goog:chromeOptions: {debuggerAddress: localhost:60132}, networkConnectionEnabled: false, pageLoadStrategy: normal, platformName: windows, proxy: Proxy(), se:cdp: ws://localhost:60132/devtoo..., se:cdpVersion: 137.0.7151.69, setWindowRect: true, strictFileInteractability: false, timeouts: {implicit: 0, pageLoad: 300000, script: 30000}, unhandledPromptBehavior: dismiss and notify, webauthn:extension:credBlob: true, webauthn:extension:largeBlob: true, webauthn:extension:minPinLength: true, webauthn:extension:prf: true, webauthn:virtualAuthenticators: true}
Session ID: 30e7139581fa8bec4ef568a6e7965053
2025-06-11 08:23:37 [main] INFO  l.i.u.t.SubmittedApplicationsPageTest - Marking 'Taip' radio button 8
2025-06-11 08:23:47 [main] ERROR l.i.u.p.SubmittedApplicationsPage - Error selecting radio button: Expected condition failed: waiting for element to be clickable: By.xpath: (//input[@type='radio' and @value='true'])[16] (tried for 10 second(s) with 500 milliseconds interval)
Build info: version: '4.27.0', revision: 'd6e718d134'
System info: os.name: 'Windows 11', os.arch: 'amd64', os.version: '10.0', java.version: '21.0.3'
Driver info: org.openqa.selenium.chrome.ChromeDriver
Capabilities {acceptInsecureCerts: false, browserName: chrome, browserVersion: 137.0.7151.69, chrome: {chromedriverVersion: 137.0.7151.70 (dfa4dc56b2ab..., userDataDir: C:\Users\INGRID~1.ZAD\AppDa...}, fedcm:accounts: true, goog:chromeOptions: {debuggerAddress: localhost:60132}, networkConnectionEnabled: false, pageLoadStrategy: normal, platformName: windows, proxy: Proxy(), se:cdp: ws://localhost:60132/devtoo..., se:cdpVersion: 137.0.7151.69, setWindowRect: true, strictFileInteractability: false, timeouts: {implicit: 0, pageLoad: 300000, script: 30000}, unhandledPromptBehavior: dismiss and notify, webauthn:extension:credBlob: true, webauthn:extension:largeBlob: true, webauthn:extension:minPinLength: true, webauthn:extension:prf: true, webauthn:virtualAuthenticators: true}
Session ID: 30e7139581fa8bec4ef568a6e7965053
2025-06-11 08:23:47 [main] INFO  l.i.u.t.SubmittedApplicationsPageTest - Marking 'Taip' radio button 9
2025-06-11 08:23:57 [main] ERROR l.i.u.p.SubmittedApplicationsPage - Error selecting radio button: Expected condition failed: waiting for element to be clickable: By.xpath: (//input[@type='radio' and @value='true'])[17] (tried for 10 second(s) with 500 milliseconds interval)
Build info: version: '4.27.0', revision: 'd6e718d134'
System info: os.name: 'Windows 11', os.arch: 'amd64', os.version: '10.0', java.version: '21.0.3'
Driver info: org.openqa.selenium.chrome.ChromeDriver
Capabilities {acceptInsecureCerts: false, browserName: chrome, browserVersion: 137.0.7151.69, chrome: {chromedriverVersion: 137.0.7151.70 (dfa4dc56b2ab..., userDataDir: C:\Users\INGRID~1.ZAD\AppDa...}, fedcm:accounts: true, goog:chromeOptions: {debuggerAddress: localhost:60132}, networkConnectionEnabled: false, pageLoadStrategy: normal, platformName: windows, proxy: Proxy(), se:cdp: ws://localhost:60132/devtoo..., se:cdpVersion: 137.0.7151.69, setWindowRect: true, strictFileInteractability: false, timeouts: {implicit: 0, pageLoad: 300000, script: 30000}, unhandledPromptBehavior: dismiss and notify, webauthn:extension:credBlob: true, webauthn:extension:largeBlob: true, webauthn:extension:minPinLength: true, webauthn:extension:prf: true, webauthn:virtualAuthenticators: true}
Session ID: 30e7139581fa8bec4ef568a6e7965053
2025-06-11 08:23:57 [main] INFO  l.i.u.t.SubmittedApplicationsPageTest - Marking 'Taip' radio button 10
2025-06-11 08:24:07 [main] ERROR l.i.u.p.SubmittedApplicationsPage - Error selecting radio button: Expected condition failed: waiting for element to be clickable: By.xpath: (//input[@type='radio' and @value='true'])[18] (tried for 10 second(s) with 500 milliseconds interval)
Build info: version: '4.27.0', revision: 'd6e718d134'
System info: os.name: 'Windows 11', os.arch: 'amd64', os.version: '10.0', java.version: '21.0.3'
Driver info: org.openqa.selenium.chrome.ChromeDriver
Capabilities {acceptInsecureCerts: false, browserName: chrome, browserVersion: 137.0.7151.69, chrome: {chromedriverVersion: 137.0.7151.70 (dfa4dc56b2ab..., userDataDir: C:\Users\INGRID~1.ZAD\AppDa...}, fedcm:accounts: true, goog:chromeOptions: {debuggerAddress: localhost:60132}, networkConnectionEnabled: false, pageLoadStrategy: normal, platformName: windows, proxy: Proxy(), se:cdp: ws://localhost:60132/devtoo..., se:cdpVersion: 137.0.7151.69, setWindowRect: true, strictFileInteractability: false, timeouts: {implicit: 0, pageLoad: 300000, script: 30000}, unhandledPromptBehavior: dismiss and notify, webauthn:extension:credBlob: true, webauthn:extension:largeBlob: true, webauthn:extension:minPinLength: true, webauthn:extension:prf: true, webauthn:virtualAuthenticators: true}
Session ID: 30e7139581fa8bec4ef568a6e7965053
2025-06-11 08:24:08 [main] INFO  l.i.u.t.SubmittedApplicationsPageTest - Marking 'Taip' radio button 11
2025-06-11 08:24:18 [main] ERROR l.i.u.p.SubmittedApplicationsPage - Error selecting radio button: Expected condition failed: waiting for element to be clickable: By.xpath: (//input[@type='radio' and @value='true'])[19] (tried for 10 second(s) with 500 milliseconds interval)
Build info: version: '4.27.0', revision: 'd6e718d134'
System info: os.name: 'Windows 11', os.arch: 'amd64', os.version: '10.0', java.version: '21.0.3'
Driver info: org.openqa.selenium.chrome.ChromeDriver
Capabilities {acceptInsecureCerts: false, browserName: chrome, browserVersion: 137.0.7151.69, chrome: {chromedriverVersion: 137.0.7151.70 (dfa4dc56b2ab..., userDataDir: C:\Users\INGRID~1.ZAD\AppDa...}, fedcm:accounts: true, goog:chromeOptions: {debuggerAddress: localhost:60132}, networkConnectionEnabled: false, pageLoadStrategy: normal, platformName: windows, proxy: Proxy(), se:cdp: ws://localhost:60132/devtoo..., se:cdpVersion: 137.0.7151.69, setWindowRect: true, strictFileInteractability: false, timeouts: {implicit: 0, pageLoad: 300000, script: 30000}, unhandledPromptBehavior: dismiss and notify, webauthn:extension:credBlob: true, webauthn:extension:largeBlob: true, webauthn:extension:minPinLength: true, webauthn:extension:prf: true, webauthn:virtualAuthenticators: true}
Session ID: 30e7139581fa8bec4ef568a6e7965053
2025-06-11 08:24:18 [main] INFO  l.i.u.t.SubmittedApplicationsPageTest - Marking 'Taip' radio button 12
2025-06-11 08:24:28 [main] DEBUG l.i.u.t.SubmittedApplicationsPageTest - Checked 'ConfirmationStepFour'
2025-06-11 08:24:28 [main] DEBUG l.i.u.t.SubmittedApplicationsPageTest - Clicked 'Next' button after checkboxes.
2025-06-11 08:24:28 [main] INFO  l.i.u.p.SubmittedApplicationsPage - File uploaded successfully to an input element.
2025-06-11 08:24:28 [main] INFO  l.i.u.p.SubmittedApplicationsPage - File uploaded successfully to an input element.
2025-06-11 08:24:28 [main] INFO  l.i.u.p.SubmittedApplicationsPage - File uploaded successfully to an input element.
2025-06-11 08:24:28 [main] INFO  l.i.u.p.SubmittedApplicationsPage - File uploaded successfully to an input element.
2025-06-11 08:24:28 [main] INFO  l.i.u.p.SubmittedApplicationsPage - File uploaded successfully to an input element.
2025-06-11 08:24:28 [main] INFO  l.i.u.p.SubmittedApplicationsPage - File uploaded successfully to an input element.
2025-06-11 08:24:28 [main] INFO  l.i.u.p.SubmittedApplicationsPage - File uploaded successfully to an input element.
2025-06-11 08:24:28 [main] INFO  l.i.u.p.SubmittedApplicationsPage - File uploaded successfully to an input element.
2025-06-11 08:24:28 [main] INFO  l.i.u.p.SubmittedApplicationsPage - File uploaded successfully to an input element.
2025-06-11 08:24:28 [main] INFO  l.i.u.p.SubmittedApplicationsPage - File uploaded successfully to an input element.
2025-06-11 08:24:29 [main] DEBUG l.i.u.t.SubmittedApplicationsPageTest - Entered program name: 'Dokumentas 1'.
2025-06-11 08:24:29 [main] DEBUG l.i.u.t.SubmittedApplicationsPageTest - Entered program name: 'Dokumentas 2'.
2025-06-11 08:24:29 [main] DEBUG l.i.u.t.SubmittedApplicationsPageTest - Entered program name: 'Dokumentas 3'.
2025-06-11 08:24:29 [main] DEBUG l.i.u.t.SubmittedApplicationsPageTest - Entered program name: 'Dokumentas 4'.
2025-06-11 08:24:29 [main] DEBUG l.i.u.t.SubmittedApplicationsPageTest - Entered program name: 'Dokumentas 5'.
2025-06-11 08:24:29 [main] DEBUG l.i.u.t.SubmittedApplicationsPageTest - Entered program name: 'Dokumentas 6'.
2025-06-11 08:24:30 [main] DEBUG l.i.u.t.SubmittedApplicationsPageTest - Entered program name: 'Dokumentas 4'.
2025-06-11 08:24:30 [main] DEBUG l.i.u.t.SubmittedApplicationsPageTest - Entered program name: 'Dokumentas 8'.
2025-06-11 08:24:30 [main] DEBUG l.i.u.t.SubmittedApplicationsPageTest - Entered program name: 'Dokumentas 9'.
2025-06-11 08:24:30 [main] DEBUG l.i.u.t.SubmittedApplicationsPageTest - Entered program name: 'Dokumentas 10'.
2025-06-11 08:24:40 [main] DEBUG l.i.u.t.SubmittedApplicationsPageTest - Checked 'ConfirmationDocument'
2025-06-11 08:24:50 [main] DEBUG l.i.u.t.SubmittedApplicationsPageTest - Checked 'ConfirmationApplication'
2025-06-11 08:24:50 [main] DEBUG l.i.u.t.SubmittedApplicationsPageTest - Clicked 'SaveDraft' button after checkboxes.
2025-06-11 08:24:51 [main] DEBUG l.i.uztis.pages.ApplicationFormsPage - Verified success message: 'Ruošinys sėkmingai išsaugotas.'
2025-06-11 08:24:51 [main] INFO  l.i.u.t.SubmittedApplicationsPageTest - Verified success message
2025-06-11 08:24:51 [main] DEBUG l.i.u.t.SubmittedApplicationsPageTest - Clicked 'Review' button after checkboxes.
2025-06-11 08:25:03 [main] ERROR l.i.u.t.SubmittedApplicationsPageTest - Test 'testFillNewVUIApplicationFA' failed with error: no such element: Unable to locate element: {"method":"css selector","selector":"common-button:nth-of-type(3) > .btn.btn--primary"}
  (Session info: chrome=137.0.7151.69)
For documentation on this error, please visit: https://www.selenium.dev/documentation/webdriver/troubleshooting/errors#no-such-element-exception
Build info: version: '4.27.0', revision: 'd6e718d134'
System info: os.name: 'Windows 11', os.arch: 'amd64', os.version: '10.0', java.version: '21.0.3'
Driver info: org.openqa.selenium.chrome.ChromeDriver
Command: [30e7139581fa8bec4ef568a6e7965053, findElement {value=common-button:nth-of-type(3) > .btn.btn--primary, using=css selector}]
Capabilities {acceptInsecureCerts: false, browserName: chrome, browserVersion: 137.0.7151.69, chrome: {chromedriverVersion: 137.0.7151.70 (dfa4dc56b2ab..., userDataDir: C:\Users\INGRID~1.ZAD\AppDa...}, fedcm:accounts: true, goog:chromeOptions: {debuggerAddress: localhost:60132}, networkConnectionEnabled: false, pageLoadStrategy: normal, platformName: windows, proxy: Proxy(), se:cdp: ws://localhost:60132/devtoo..., se:cdpVersion: 137.0.7151.69, setWindowRect: true, strictFileInteractability: false, timeouts: {implicit: 0, pageLoad: 300000, script: 30000}, unhandledPromptBehavior: dismiss and notify, webauthn:extension:credBlob: true, webauthn:extension:largeBlob: true, webauthn:extension:minPinLength: true, webauthn:extension:prf: true, webauthn:virtualAuthenticators: true}
Session ID: 30e7139581fa8bec4ef568a6e7965053
org.openqa.selenium.NoSuchElementException: no such element: Unable to locate element: {"method":"css selector","selector":"common-button:nth-of-type(3) > .btn.btn--primary"}
  (Session info: chrome=137.0.7151.69)
For documentation on this error, please visit: https://www.selenium.dev/documentation/webdriver/troubleshooting/errors#no-such-element-exception
Build info: version: '4.27.0', revision: 'd6e718d134'
System info: os.name: 'Windows 11', os.arch: 'amd64', os.version: '10.0', java.version: '21.0.3'
Driver info: org.openqa.selenium.chrome.ChromeDriver
Command: [30e7139581fa8bec4ef568a6e7965053, findElement {value=common-button:nth-of-type(3) > .btn.btn--primary, using=css selector}]
Capabilities {acceptInsecureCerts: false, browserName: chrome, browserVersion: 137.0.7151.69, chrome: {chromedriverVersion: 137.0.7151.70 (dfa4dc56b2ab..., userDataDir: C:\Users\INGRID~1.ZAD\AppDa...}, fedcm:accounts: true, goog:chromeOptions: {debuggerAddress: localhost:60132}, networkConnectionEnabled: false, pageLoadStrategy: normal, platformName: windows, proxy: Proxy(), se:cdp: ws://localhost:60132/devtoo..., se:cdpVersion: 137.0.7151.69, setWindowRect: true, strictFileInteractability: false, timeouts: {implicit: 0, pageLoad: 300000, script: 30000}, unhandledPromptBehavior: dismiss and notify, webauthn:extension:credBlob: true, webauthn:extension:largeBlob: true, webauthn:extension:minPinLength: true, webauthn:extension:prf: true, webauthn:virtualAuthenticators: true}
Session ID: 30e7139581fa8bec4ef568a6e7965053
	at java.base/jdk.internal.reflect.DirectConstructorHandleAccessor.newInstance(DirectConstructorHandleAccessor.java:62)
	at java.base/java.lang.reflect.Constructor.newInstanceWithCaller(Constructor.java:502)
	at java.base/java.lang.reflect.Constructor.newInstance(Constructor.java:486)
	at org.openqa.selenium.remote.ErrorCodec.decode(ErrorCodec.java:167)
	at org.openqa.selenium.remote.codec.w3c.W3CHttpResponseCodec.decode(W3CHttpResponseCodec.java:138)
	at org.openqa.selenium.remote.codec.w3c.W3CHttpResponseCodec.decode(W3CHttpResponseCodec.java:50)
	at org.openqa.selenium.remote.HttpCommandExecutor.execute(HttpCommandExecutor.java:190)
	at org.openqa.selenium.remote.service.DriverCommandExecutor.invokeExecute(DriverCommandExecutor.java:216)
	at org.openqa.selenium.remote.service.DriverCommandExecutor.execute(DriverCommandExecutor.java:174)
	at org.openqa.selenium.remote.RemoteWebDriver.execute(RemoteWebDriver.java:545)
	at org.openqa.selenium.remote.ElementLocation$ElementFinder$2.findElement(ElementLocation.java:165)
	at org.openqa.selenium.remote.ElementLocation.findElement(ElementLocation.java:59)
	at org.openqa.selenium.remote.RemoteWebDriver.findElement(RemoteWebDriver.java:368)
	at org.openqa.selenium.remote.RemoteWebDriver.findElement(RemoteWebDriver.java:362)
	at org.openqa.selenium.support.pagefactory.DefaultElementLocator.findElement(DefaultElementLocator.java:68)
	at org.openqa.selenium.support.pagefactory.internal.LocatingElementHandler.invoke(LocatingElementHandler.java:38)
	at jdk.proxy2/jdk.proxy2.$Proxy14.isSelected(Unknown Source)
	at lt.insoft.uztis.pages.SubmittedApplicationsPage.clickButtonSubmit(SubmittedApplicationsPage.java:917)
	at lt.insoft.uztis.tests.SubmittedApplicationsPageTest.testFillNewVUIApplicationFA(SubmittedApplicationsPageTest.java:522)
	at java.base/jdk.internal.reflect.DirectMethodHandleAccessor.invoke(DirectMethodHandleAccessor.java:103)
	at java.base/java.lang.reflect.Method.invoke(Method.java:580)
	at org.junit.platform.commons.util.ReflectionUtils.invokeMethod(ReflectionUtils.java:728)
	at org.junit.jupiter.engine.execution.MethodInvocation.proceed(MethodInvocation.java:60)
	at org.junit.jupiter.engine.execution.InvocationInterceptorChain$ValidatingInvocation.proceed(InvocationInterceptorChain.java:131)
	at org.junit.jupiter.engine.extension.TimeoutExtension.intercept(TimeoutExtension.java:156)
	at org.junit.jupiter.engine.extension.TimeoutExtension.interceptTestableMethod(TimeoutExtension.java:147)
	at org.junit.jupiter.engine.extension.TimeoutExtension.interceptTestMethod(TimeoutExtension.java:86)
	at org.junit.jupiter.engine.execution.InterceptingExecutableInvoker$ReflectiveInterceptorCall.lambda$ofVoidMethod$0(InterceptingExecutableInvoker.java:103)
	at org.junit.jupiter.engine.execution.InterceptingExecutableInvoker.lambda$invoke$0(InterceptingExecutableInvoker.java:93)
	at org.junit.jupiter.engine.execution.InvocationInterceptorChain$InterceptedInvocation.proceed(InvocationInterceptorChain.java:106)
	at org.junit.jupiter.engine.execution.InvocationInterceptorChain.proceed(InvocationInterceptorChain.java:64)
	at org.junit.jupiter.engine.execution.InvocationInterceptorChain.chainAndInvoke(InvocationInterceptorChain.java:45)
	at org.junit.jupiter.engine.execution.InvocationInterceptorChain.invoke(InvocationInterceptorChain.java:37)
	at org.junit.jupiter.engine.execution.InterceptingExecutableInvoker.invoke(InterceptingExecutableInvoker.java:92)
	at org.junit.jupiter.engine.execution.InterceptingExecutableInvoker.invoke(InterceptingExecutableInvoker.java:86)
	at org.junit.jupiter.engine.descriptor.TestMethodTestDescriptor.lambda$invokeTestMethod$7(TestMethodTestDescriptor.java:218)
	at org.junit.platform.engine.support.hierarchical.ThrowableCollector.execute(ThrowableCollector.java:73)
	at org.junit.jupiter.engine.descriptor.TestMethodTestDescriptor.invokeTestMethod(TestMethodTestDescriptor.java:214)
	at org.junit.jupiter.engine.descriptor.TestMethodTestDescriptor.execute(TestMethodTestDescriptor.java:139)
	at org.junit.jupiter.engine.descriptor.TestMethodTestDescriptor.execute(TestMethodTestDescriptor.java:69)
	at org.junit.platform.engine.support.hierarchical.NodeTestTask.lambda$executeRecursively$6(NodeTestTask.java:151)
	at org.junit.platform.engine.support.hierarchical.ThrowableCollector.execute(ThrowableCollector.java:73)
	at org.junit.platform.engine.support.hierarchical.NodeTestTask.lambda$executeRecursively$8(NodeTestTask.java:141)
	at org.junit.platform.engine.support.hierarchical.Node.around(Node.java:137)
	at org.junit.platform.engine.support.hierarchical.NodeTestTask.lambda$executeRecursively$9(NodeTestTask.java:139)
	at org.junit.platform.engine.support.hierarchical.ThrowableCollector.execute(ThrowableCollector.java:73)
	at org.junit.platform.engine.support.hierarchical.NodeTestTask.executeRecursively(NodeTestTask.java:138)
	at org.junit.platform.engine.support.hierarchical.NodeTestTask.execute(NodeTestTask.java:95)
	at java.base/java.util.ArrayList.forEach(ArrayList.java:1596)
	at org.junit.platform.engine.support.hierarchical.SameThreadHierarchicalTestExecutorService.invokeAll(SameThreadHierarchicalTestExecutorService.java:41)
	at org.junit.platform.engine.support.hierarchical.NodeTestTask.lambda$executeRecursively$6(NodeTestTask.java:155)
	at org.junit.platform.engine.support.hierarchical.ThrowableCollector.execute(ThrowableCollector.java:73)
	at org.junit.platform.engine.support.hierarchical.NodeTestTask.lambda$executeRecursively$8(NodeTestTask.java:141)
	at org.junit.platform.engine.support.hierarchical.Node.around(Node.java:137)
	at org.junit.platform.engine.support.hierarchical.NodeTestTask.lambda$executeRecursively$9(NodeTestTask.java:139)
	at org.junit.platform.engine.support.hierarchical.ThrowableCollector.execute(ThrowableCollector.java:73)
	at org.junit.platform.engine.support.hierarchical.NodeTestTask.executeRecursively(NodeTestTask.java:138)
	at org.junit.platform.engine.support.hierarchical.NodeTestTask.execute(NodeTestTask.java:95)
	at java.base/java.util.ArrayList.forEach(ArrayList.java:1596)
	at org.junit.platform.engine.support.hierarchical.SameThreadHierarchicalTestExecutorService.invokeAll(SameThreadHierarchicalTestExecutorService.java:41)
	at org.junit.platform.engine.support.hierarchical.NodeTestTask.lambda$executeRecursively$6(NodeTestTask.java:155)
	at org.junit.platform.engine.support.hierarchical.ThrowableCollector.execute(ThrowableCollector.java:73)
	at org.junit.platform.engine.support.hierarchical.NodeTestTask.lambda$executeRecursively$8(NodeTestTask.java:141)
	at org.junit.platform.engine.support.hierarchical.Node.around(Node.java:137)
	at org.junit.platform.engine.support.hierarchical.NodeTestTask.lambda$executeRecursively$9(NodeTestTask.java:139)
	at org.junit.platform.engine.support.hierarchical.ThrowableCollector.execute(ThrowableCollector.java:73)
	at org.junit.platform.engine.support.hierarchical.NodeTestTask.executeRecursively(NodeTestTask.java:138)
	at org.junit.platform.engine.support.hierarchical.NodeTestTask.execute(NodeTestTask.java:95)
	at org.junit.platform.engine.support.hierarchical.SameThreadHierarchicalTestExecutorService.submit(SameThreadHierarchicalTestExecutorService.java:35)
	at org.junit.platform.engine.support.hierarchical.HierarchicalTestExecutor.execute(HierarchicalTestExecutor.java:57)
	at org.junit.platform.engine.support.hierarchical.HierarchicalTestEngine.execute(HierarchicalTestEngine.java:54)
	at org.junit.platform.launcher.core.EngineExecutionOrchestrator.execute(EngineExecutionOrchestrator.java:198)
	at org.junit.platform.launcher.core.EngineExecutionOrchestrator.execute(EngineExecutionOrchestrator.java:169)
	at org.junit.platform.launcher.core.EngineExecutionOrchestrator.execute(EngineExecutionOrchestrator.java:93)
	at org.junit.platform.launcher.core.EngineExecutionOrchestrator.lambda$execute$0(EngineExecutionOrchestrator.java:58)
	at org.junit.platform.launcher.core.EngineExecutionOrchestrator.withInterceptedStreams(EngineExecutionOrchestrator.java:141)
	at org.junit.platform.launcher.core.EngineExecutionOrchestrator.execute(EngineExecutionOrchestrator.java:57)
	at org.junit.platform.launcher.core.DefaultLauncher.execute(DefaultLauncher.java:103)
	at org.junit.platform.launcher.core.DefaultLauncher.execute(DefaultLauncher.java:85)
	at org.junit.platform.launcher.core.DelegatingLauncher.execute(DelegatingLauncher.java:47)
	at org.junit.platform.launcher.core.SessionPerRequestLauncher.execute(SessionPerRequestLauncher.java:63)
	at com.intellij.junit5.JUnit5IdeaTestRunner.startRunnerWithArgs(JUnit5IdeaTestRunner.java:57)
	at com.intellij.rt.junit.IdeaTestRunner$Repeater$1.execute(IdeaTestRunner.java:38)
	at com.intellij.rt.execution.junit.TestsRepeater.repeat(TestsRepeater.java:11)
	at com.intellij.rt.junit.IdeaTestRunner$Repeater.startRunnerWithArgs(IdeaTestRunner.java:35)
	at com.intellij.rt.junit.JUnitStarter.prepareStreamsAndStart(JUnitStarter.java:232)
	at com.intellij.rt.junit.JUnitStarter.main(JUnitStarter.java:55)
2025-06-11 08:25:03 [main] INFO  l.insoft.uztis.tests.utils.TestUtils - Screenshot moved to C:\Users\ingrida.zadorozniene\Desktop\Asm\UZTIS\UZTIS_tests\test-output\screenshots\20250611\082503653_testFillNewVUIApplicationFA().png
2025-06-11 08:26:01 [main] INFO  lt.insoft.uztis.tests.UztisPageTest - Navigated to https://uztisdev.asseco.lt/home
2025-06-11 08:26:01 [main] INFO  l.i.u.t.SubmittedApplicationsPageTest - Starting test:'testFillNewVUIPApplicationFA'
2025-06-11 08:26:01 [main] INFO  l.insoft.uztis.tests.utils.TestUtils - Login attempt with user: evaluation_chief
2025-06-11 08:26:01 [main] DEBUG l.i.u.t.SubmittedApplicationsPageTest - User logged in with test credentials
2025-06-11 08:26:02 [main] DEBUG l.i.u.t.SubmittedApplicationsPageTest - Opened 'Application Processing' menu.
2025-06-11 08:26:02 [main] DEBUG l.i.u.t.SubmittedApplicationsPageTest - Clicked on 'Application Forms' menu.
2025-06-11 08:26:02 [main] DEBUG l.i.u.t.SubmittedApplicationsPageTest - Retrieved last description code text: 'TST-VUI-20'.
2025-06-11 08:26:02 [main] DEBUG l.i.u.t.SubmittedApplicationsPageTest - Clicked on 'Invitation' menu.
2025-06-11 08:26:04 [main] DEBUG l.i.u.t.SubmittedApplicationsPageTest - Selected application section by code: 'TST-VUI-20'.
2025-06-11 08:26:04 [main] DEBUG l.i.u.t.SubmittedApplicationsPageTest - Clicked 'Search' button.
2025-06-11 08:26:04 [main] DEBUG l.i.u.t.SubmittedApplicationsPageTest - Retrieved invitation code: ''.
2025-06-11 08:26:04 [main] DEBUG l.i.u.t.SubmittedApplicationsPageTest - Clicked on 'Submitted Applications' menu.
2025-06-11 08:26:06 [main] DEBUG l.i.u.t.SubmittedApplicationsPageTest - Selected invitation by code: 'TST-VUI-20'.
2025-06-11 08:26:06 [main] DEBUG l.i.u.t.SubmittedApplicationsPageTest - Invitation code inserted.
2025-06-11 08:26:06 [main] DEBUG l.i.u.t.SubmittedApplicationsPageTest - Clicked on 'Action Application' button.
2025-06-11 08:26:06 [main] DEBUG l.i.u.t.SubmittedApplicationsPageTest - Clicked on 'New Application' button.
2025-06-11 08:26:07 [main] DEBUG l.i.u.t.SubmittedApplicationsPageTest - Selected the 'RadioButtonFA' option.
2025-06-11 08:26:07 [main] DEBUG l.i.u.t.SubmittedApplicationsPageTest - Entered phone number: '61298745'.
2025-06-11 08:26:07 [main] DEBUG l.i.u.t.SubmittedApplicationsPageTest - Entered email: 'test@autotest.com'.
2025-06-11 08:26:07 [main] INFO  l.i.u.p.SubmittedApplicationsPage - Clicking on the dropdown button.
2025-06-11 08:26:23 [main] INFO  l.i.u.p.SubmittedApplicationsPage - Found 1741 options in the dropdown.
2025-06-11 08:26:23 [main] DEBUG l.i.u.p.SubmittedApplicationsPage - Checking option: ''
2025-06-11 08:26:23 [main] DEBUG l.i.u.p.SubmittedApplicationsPage - Checking option: '01.11 - Grūdinių (išskyrus ryžius), ankštinių ir aliejingų sėklų augalų auginimas'
2025-06-11 08:26:23 [main] INFO  l.i.u.p.SubmittedApplicationsPage - Successfully selected the value: '01.11 - Grūdinių (išskyrus ryžius), ankštinių ir aliejingų sėklų augalų auginimas'
2025-06-11 08:26:23 [main] INFO  l.i.u.p.SubmittedApplicationsPage - Attempting to close the dropdown.
2025-06-11 08:26:24 [main] DEBUG l.i.u.t.SubmittedApplicationsPageTest - Selected EVRK value: '01.11 - Grūdinių (išskyrus ryžius), ankštinių ir aliejingų sėklų augalų auginimas'.
2025-06-11 08:26:24 [main] DEBUG l.i.u.t.SubmittedApplicationsPageTest - Clicked on 'Address Component' button.
2025-06-11 08:26:24 [main] INFO  l.i.u.p.SubmittedApplicationsPage - Located the dropdown button.
2025-06-11 08:26:28 [main] INFO  l.i.u.p.SubmittedApplicationsPage - Successfully selected the value: 'Lietuva'
2025-06-11 08:26:28 [main] DEBUG l.i.u.t.SubmittedApplicationsPageTest - Selected country: 'Lietuva'.
2025-06-11 08:26:28 [main] INFO  l.i.u.p.SubmittedApplicationsPage - Located the dropdown search field.
2025-06-11 08:26:28 [main] INFO  l.i.u.p.SubmittedApplicationsPage - Dropdown city is opened.
2025-06-11 08:26:29 [main] INFO  l.i.u.p.SubmittedApplicationsPage - Searched for value: 'Vilnius'
2025-06-11 08:26:29 [main] INFO  l.i.u.p.SubmittedApplicationsPage - Successfully selected: 'Vilnius'
2025-06-11 08:26:29 [main] INFO  l.i.u.p.SubmittedApplicationsPage - Located the dropdown button.
2025-06-11 08:26:30 [main] INFO  l.i.u.p.SubmittedApplicationsPage - Successfully selected the value: 'A. Domaševičiaus g.'
2025-06-11 08:26:30 [main] DEBUG l.i.u.t.SubmittedApplicationsPageTest - Selected street: 'A. Domaševičiaus g.'.
2025-06-11 08:26:30 [main] INFO  l.i.u.p.SubmittedApplicationsPage - Located the dropdown button.
2025-06-11 08:26:30 [main] INFO  l.i.u.p.SubmittedApplicationsPage - Successfully selected the value: '1'
2025-06-11 08:26:30 [main] DEBUG l.i.u.t.SubmittedApplicationsPageTest - Selected house: '1'.
2025-06-11 08:26:30 [main] INFO  l.i.u.p.SubmittedApplicationsPage - Located the dropdown button.
2025-06-11 08:26:31 [main] INFO  l.i.u.p.SubmittedApplicationsPage - Successfully selected the value: '1'
2025-06-11 08:26:31 [main] DEBUG l.i.u.t.SubmittedApplicationsPageTest - Selected apartment: '1'.
2025-06-11 08:26:31 [main] DEBUG l.i.u.t.SubmittedApplicationsPageTest - Clicked 'Confirm' button.
2025-06-11 08:26:31 [main] DEBUG l.i.u.t.SubmittedApplicationsPageTest - Entered project date.
2025-06-11 08:26:31 [main] DEBUG l.i.u.t.SubmittedApplicationsPageTest - Entered job count: '1'.
2025-06-11 08:26:32 [main] DEBUG l.i.u.t.SubmittedApplicationsPageTest - Clicked 'Next' button.
2025-06-11 08:26:32 [main] INFO  l.i.u.p.SubmittedApplicationsPage - Located the dropdown button.
2025-06-11 08:26:32 [main] INFO  l.i.u.p.SubmittedApplicationsPage - Successfully selected the value: 'Administratoriai'
2025-06-11 08:26:32 [main] DEBUG l.i.u.t.SubmittedApplicationsPageTest - Selected job name: 'Administratoriai'.
2025-06-11 08:26:33 [main] DEBUG l.i.u.t.SubmittedApplicationsPageTest - Entered job function: 'Funkcija 1'.
2025-06-11 08:26:33 [main] DEBUG l.i.u.t.SubmittedApplicationsPageTest - Selected 'RadioButtonWithDisabilities' option.
2025-06-11 08:26:33 [main] INFO  l.i.u.p.SubmittedApplicationsPage - Clicking on the dropdown button.
2025-06-11 08:26:34 [main] INFO  l.i.u.p.SubmittedApplicationsPage - Found 34 options in the dropdown.
2025-06-11 08:26:34 [main] DEBUG l.i.u.p.SubmittedApplicationsPage - Checking option: 'Asmenys, kuriems suteiktas pabėgėlio statusas ar perkeliamojo asmens statusas, arba asmenys, kuriems suteikta papildoma ar laikinoji apsauga, ir asmenys, turintys teisę gauti laikinąją apsaugą, iki sprendimo dėl laikinosios apsaugos suteikimo (nesuteikimo) priėmimo, tačiau ne ilgiau kaip laikinosios apsaugos laikotarpiu'
2025-06-11 08:26:34 [main] DEBUG l.i.u.p.SubmittedApplicationsPage - Checking option: 'Asmenys, kuriems suteiktas pabėgėlio statusas ar perkeliamojo asmens statusas, arba asmenys, kuriems suteikta papildoma ar laikinoji apsauga, ir asmenys, turintys teisę gauti laikinąją apsaugą, iki sprendimo dėl laikinosios apsaugos suteikimo (nesuteikimo) priėmimo, tačiau ne ilgiau kaip laikinosios apsaugos laikotarpiu'
2025-06-11 08:26:34 [main] DEBUG l.i.u.p.SubmittedApplicationsPage - Checking option: 'Asmenys, turintys teisę į papildomas užimtumo garantijas pagal Lietuvos Respublikos valstybės įmonės Ignalinos atominės elektrinės darbuotojų papildomų užimtumo ir socialinių garantijų įstatymą'
2025-06-11 08:26:34 [main] DEBUG l.i.u.p.SubmittedApplicationsPage - Checking option: 'Asmenys, turintys teisę į papildomas užimtumo garantijas pagal Lietuvos Respublikos valstybės įmonės Ignalinos atominės elektrinės darbuotojų papildomų užimtumo ir socialinių garantijų įstatymą'
2025-06-11 08:26:34 [main] DEBUG l.i.u.p.SubmittedApplicationsPage - Checking option: 'Bedarbiai iki 29 metų'
2025-06-11 08:26:34 [main] DEBUG l.i.u.p.SubmittedApplicationsPage - Checking option: 'Bedarbiai iki 29 metų'
2025-06-11 08:26:34 [main] DEBUG l.i.u.p.SubmittedApplicationsPage - Checking option: 'Bedarbiai, kurie yra darbingo amžiaus neįgalieji, kuriems nustatytas 30–40 procentų darbingumo lygis arba vidutinis neįgalumo lygis'
2025-06-11 08:26:34 [main] DEBUG l.i.u.p.SubmittedApplicationsPage - Checking option: 'Bedarbiai, kurie yra darbingo amžiaus neįgalieji, kuriems nustatytas 30–40 procentų darbingumo lygis arba vidutinis neįgalumo lygis'
2025-06-11 08:26:34 [main] DEBUG l.i.u.p.SubmittedApplicationsPage - Checking option: 'Bedarbiai, kurie yra darbingo amžiaus neįgalieji, kuriems nustatytas 45–55 procentų darbingumo lygis arba lengvas neįgalumo lygis'
2025-06-11 08:26:34 [main] DEBUG l.i.u.p.SubmittedApplicationsPage - Checking option: 'Bedarbiai, kurie yra darbingo amžiaus neįgalieji, kuriems nustatytas 45–55 procentų darbingumo lygis arba lengvas neįgalumo lygis'
2025-06-11 08:26:34 [main] DEBUG l.i.u.p.SubmittedApplicationsPage - Checking option: 'Bedarbiai, kurie yra darbingo amžiaus neįgalieji, kuriems nustatytas iki 25 procentų darbingumo lygis arba sunkus neįgalumo lygis'
2025-06-11 08:26:34 [main] INFO  l.i.u.p.SubmittedApplicationsPage - Successfully selected the value: 'Bedarbiai, kurie yra darbingo amžiaus neįgalieji, kuriems nustatytas iki 25 procentų darbingumo lygis arba sunkus neįgalumo lygis'
2025-06-11 08:26:34 [main] INFO  l.i.u.p.SubmittedApplicationsPage - Attempting to close the dropdown.
2025-06-11 08:26:35 [main] DEBUG l.i.u.t.SubmittedApplicationsPageTest - Selected disabilities type: 'Bedarbiai, kurie yra darbingo amžiaus neįgalieji, kuriems nustatytas iki 25 procentų darbingumo lygis arba sunkus neįgalumo lygis'.
2025-06-11 08:26:35 [main] DEBUG l.i.u.t.SubmittedApplicationsPageTest - Entered disability information: 'Negalia 1'.
2025-06-11 08:26:35 [main] INFO  l.i.u.p.SubmittedApplicationsPage - Located the dropdown button.
2025-06-11 08:26:35 [main] INFO  l.i.u.p.SubmittedApplicationsPage - Successfully selected the value: 'Kita'
2025-06-11 08:26:35 [main] DEBUG l.i.u.t.SubmittedApplicationsPageTest - Selected time mode: 'Kita'.
2025-06-11 08:26:36 [main] DEBUG l.i.u.t.SubmittedApplicationsPageTest - Selected time mode other: '6 val. per dieną ir 4 d. per savaitę'.
2025-06-11 08:26:36 [main] DEBUG l.i.u.t.SubmittedApplicationsPageTest - Entered qualification: 'Kvalifikacija 1'.
2025-06-11 08:26:36 [main] DEBUG l.i.u.t.SubmittedApplicationsPageTest - Entered job date.
2025-06-11 08:26:36 [main] DEBUG l.i.u.t.SubmittedApplicationsPageTest - Entered salary amount: '1200'.
2025-06-11 08:26:37 [main] DEBUG l.i.u.t.SubmittedApplicationsPageTest - Entered salary description: 'Užmokestis 1'.
2025-06-11 08:26:37 [main] DEBUG l.i.u.t.SubmittedApplicationsPageTest - Selected 'Temporary Job' radio button.
2025-06-11 08:26:37 [main] DEBUG l.i.u.t.SubmittedApplicationsPageTest - Selected 'Season Job' radio button.
2025-06-11 08:26:37 [main] DEBUG l.i.u.t.SubmittedApplicationsPageTest - Selected 'Energy' radio button.
2025-06-11 08:26:37 [main] DEBUG l.i.u.t.SubmittedApplicationsPageTest - Selected 'Repair' radio button.
2025-06-11 08:26:38 [main] DEBUG l.i.u.t.SubmittedApplicationsPageTest - Entered job description: 'Veikla 1'.
2025-06-11 08:26:38 [main] DEBUG l.i.u.t.SubmittedApplicationsPageTest - Entered process description: 'Procesas 1'.
2025-06-11 08:26:38 [main] DEBUG l.i.u.t.SubmittedApplicationsPageTest - Entered energy information: 'Energija 1'.
2025-06-11 08:26:38 [main] DEBUG l.i.u.t.SubmittedApplicationsPageTest - Entered repair information: 'Remontas 1'.
2025-06-11 08:26:39 [main] DEBUG l.i.u.t.SubmittedApplicationsPageTest - Selected 'PVM' radio button.
2025-06-11 08:26:39 [main] INFO  l.i.u.p.SubmittedApplicationsPage - Located the dropdown button.
2025-06-11 08:26:39 [main] INFO  l.i.u.p.SubmittedApplicationsPage - Successfully selected the value: 'Įsigyti'
2025-06-11 08:26:39 [main] DEBUG l.i.u.t.SubmittedApplicationsPageTest - Selected necessary for job: 'Įsigyti'.
2025-06-11 08:26:39 [main] DEBUG l.i.u.t.SubmittedApplicationsPageTest - Selected tool: 'Darbo priemonė 1'.
2025-06-11 08:26:40 [main] DEBUG l.i.u.t.SubmittedApplicationsPageTest - Selected tool parameter one: 'Darbo priemonės 1 parametras 1'.
2025-06-11 08:26:40 [main] DEBUG l.i.u.t.SubmittedApplicationsPageTest - Selected tool parameter two: 'Darbo priemonės 1 parametras 2'.
2025-06-11 08:26:40 [main] DEBUG l.i.u.t.SubmittedApplicationsPageTest - Selected tool parameter three: 'Darbo priemonės 1 parametras 3'.
2025-06-11 08:26:40 [main] DEBUG l.i.u.t.SubmittedApplicationsPageTest - Entered tool count: '1'.
2025-06-11 08:26:41 [main] DEBUG l.i.u.t.SubmittedApplicationsPageTest - Entered price amount 1: '1000'.
2025-06-11 08:26:43 [main] DEBUG l.i.u.t.SubmittedApplicationsPageTest - Entered own funds amount 1: '800'.
2025-06-11 08:26:45 [main] DEBUG l.i.u.t.SubmittedApplicationsPageTest - Clicked 'Add' button.
2025-06-11 08:26:45 [main] INFO  l.i.u.p.SubmittedApplicationsPage - Located the dropdown button.
2025-06-11 08:26:46 [main] INFO  l.i.u.p.SubmittedApplicationsPage - Successfully selected the value: 'Remontuoti'
2025-06-11 08:26:46 [main] DEBUG l.i.u.t.SubmittedApplicationsPageTest - Selected necessary for job 'to repair': 'Remontuoti'.
2025-06-11 08:26:46 [main] DEBUG l.i.u.t.SubmittedApplicationsPageTest - Selected repair name: 'Remonto pavadinimas 1'.
2025-06-11 08:26:46 [main] DEBUG l.i.u.t.SubmittedApplicationsPageTest - Entered repair information: 'Remonto aprašymas 1'.
2025-06-11 08:26:46 [main] DEBUG l.i.u.t.SubmittedApplicationsPageTest - Entered price amount 2: '1000'.
2025-06-11 08:26:49 [main] DEBUG l.i.u.t.SubmittedApplicationsPageTest - Entered own funds amount 2: '900'.
2025-06-11 08:26:51 [main] DEBUG l.i.u.t.SubmittedApplicationsPageTest - Clicked 'AddRemoved' button.
2025-06-11 08:26:53 [main] DEBUG l.i.u.t.SubmittedApplicationsPageTest - Clicked 'Remove' button.
2025-06-11 08:26:55 [main] DEBUG l.i.u.t.SubmittedApplicationsPageTest - Clicked 'Remove Confirmation' button.
2025-06-11 08:26:57 [main] DEBUG l.i.u.t.SubmittedApplicationsPageTest - Entered country percentage: '50'.
2025-06-11 08:26:57 [main] DEBUG l.i.u.t.SubmittedApplicationsPageTest - Entered institution percentage: '50'.
2025-06-11 08:26:57 [main] DEBUG l.i.u.t.SubmittedApplicationsPageTest - Entered municipality percentage: '50'.
2025-06-11 08:26:58 [main] DEBUG l.i.u.t.SubmittedApplicationsPageTest - Selected 'De Minimis' radio button.
2025-06-11 08:26:58 [main] DEBUG l.i.u.t.SubmittedApplicationsPageTest - Entered program name: 'Programa 1'.
2025-06-11 08:26:58 [main] DEBUG l.i.u.t.SubmittedApplicationsPageTest - Entered project date from.
2025-06-11 08:26:58 [main] DEBUG l.i.u.t.SubmittedApplicationsPageTest - Entered project date until.
2025-06-11 08:26:58 [main] DEBUG l.i.u.t.SubmittedApplicationsPageTest - Entered support amount: '2000'.
2025-06-11 08:26:58 [main] DEBUG l.i.u.t.SubmittedApplicationsPageTest - Clicked 'Next' button.
2025-06-11 08:27:08 [main] DEBUG l.i.u.t.SubmittedApplicationsPageTest - Checked 'Legal Entities' checkbox 1.
2025-06-11 08:27:19 [main] DEBUG l.i.u.t.SubmittedApplicationsPageTest - Checked 'Legal Entities' checkbox 2.
2025-06-11 08:27:29 [main] DEBUG l.i.u.t.SubmittedApplicationsPageTest - Checked 'Legal Entities' checkbox 3.
2025-06-11 08:27:29 [main] DEBUG l.i.u.t.SubmittedApplicationsPageTest - Test finished: All 'Legal Entities' checkboxes checked successfully.
2025-06-11 08:27:29 [main] DEBUG l.i.u.t.SubmittedApplicationsPageTest - Clicked 'Next' button after checkboxes.
2025-06-11 08:27:39 [main] ERROR l.i.u.p.SubmittedApplicationsPage - Error selecting radio button: Expected condition failed: waiting for element to be clickable: By.xpath: (//input[@type='radio' and @value='false'])[8] (tried for 10 second(s) with 500 milliseconds interval)
Build info: version: '4.27.0', revision: 'd6e718d134'
System info: os.name: 'Windows 11', os.arch: 'amd64', os.version: '10.0', java.version: '21.0.3'
Driver info: org.openqa.selenium.chrome.ChromeDriver
Capabilities {acceptInsecureCerts: false, browserName: chrome, browserVersion: 137.0.7151.69, chrome: {chromedriverVersion: 137.0.7151.70 (dfa4dc56b2ab..., userDataDir: C:\Users\INGRID~1.ZAD\AppDa...}, fedcm:accounts: true, goog:chromeOptions: {debuggerAddress: localhost:60338}, networkConnectionEnabled: false, pageLoadStrategy: normal, platformName: windows, proxy: Proxy(), se:cdp: ws://localhost:60338/devtoo..., se:cdpVersion: 137.0.7151.69, setWindowRect: true, strictFileInteractability: false, timeouts: {implicit: 0, pageLoad: 300000, script: 30000}, unhandledPromptBehavior: dismiss and notify, webauthn:extension:credBlob: true, webauthn:extension:largeBlob: true, webauthn:extension:minPinLength: true, webauthn:extension:prf: true, webauthn:virtualAuthenticators: true}
Session ID: b44d225e12087e57fef095ae74cb5826
2025-06-11 08:27:39 [main] INFO  l.i.u.t.SubmittedApplicationsPageTest - Marking 'Ne' radio button 1
2025-06-11 08:27:49 [main] ERROR l.i.u.p.SubmittedApplicationsPage - Error selecting radio button: Expected condition failed: waiting for element to be clickable: By.xpath: (//input[@type='radio' and @value='false'])[9] (tried for 10 second(s) with 500 milliseconds interval)
Build info: version: '4.27.0', revision: 'd6e718d134'
System info: os.name: 'Windows 11', os.arch: 'amd64', os.version: '10.0', java.version: '21.0.3'
Driver info: org.openqa.selenium.chrome.ChromeDriver
Capabilities {acceptInsecureCerts: false, browserName: chrome, browserVersion: 137.0.7151.69, chrome: {chromedriverVersion: 137.0.7151.70 (dfa4dc56b2ab..., userDataDir: C:\Users\INGRID~1.ZAD\AppDa...}, fedcm:accounts: true, goog:chromeOptions: {debuggerAddress: localhost:60338}, networkConnectionEnabled: false, pageLoadStrategy: normal, platformName: windows, proxy: Proxy(), se:cdp: ws://localhost:60338/devtoo..., se:cdpVersion: 137.0.7151.69, setWindowRect: true, strictFileInteractability: false, timeouts: {implicit: 0, pageLoad: 300000, script: 30000}, unhandledPromptBehavior: dismiss and notify, webauthn:extension:credBlob: true, webauthn:extension:largeBlob: true, webauthn:extension:minPinLength: true, webauthn:extension:prf: true, webauthn:virtualAuthenticators: true}
Session ID: b44d225e12087e57fef095ae74cb5826
2025-06-11 08:27:49 [main] INFO  l.i.u.t.SubmittedApplicationsPageTest - Marking 'Ne' radio button 2
2025-06-11 08:27:59 [main] ERROR l.i.u.p.SubmittedApplicationsPage - Error selecting radio button: Expected condition failed: waiting for element to be clickable: By.xpath: (//input[@type='radio' and @value='false'])[10] (tried for 10 second(s) with 500 milliseconds interval)
Build info: version: '4.27.0', revision: 'd6e718d134'
System info: os.name: 'Windows 11', os.arch: 'amd64', os.version: '10.0', java.version: '21.0.3'
Driver info: org.openqa.selenium.chrome.ChromeDriver
Capabilities {acceptInsecureCerts: false, browserName: chrome, browserVersion: 137.0.7151.69, chrome: {chromedriverVersion: 137.0.7151.70 (dfa4dc56b2ab..., userDataDir: C:\Users\INGRID~1.ZAD\AppDa...}, fedcm:accounts: true, goog:chromeOptions: {debuggerAddress: localhost:60338}, networkConnectionEnabled: false, pageLoadStrategy: normal, platformName: windows, proxy: Proxy(), se:cdp: ws://localhost:60338/devtoo..., se:cdpVersion: 137.0.7151.69, setWindowRect: true, strictFileInteractability: false, timeouts: {implicit: 0, pageLoad: 300000, script: 30000}, unhandledPromptBehavior: dismiss and notify, webauthn:extension:credBlob: true, webauthn:extension:largeBlob: true, webauthn:extension:minPinLength: true, webauthn:extension:prf: true, webauthn:virtualAuthenticators: true}
Session ID: b44d225e12087e57fef095ae74cb5826
2025-06-11 08:27:59 [main] INFO  l.i.u.t.SubmittedApplicationsPageTest - Marking 'Ne' radio button 3
2025-06-11 08:28:09 [main] ERROR l.i.u.p.SubmittedApplicationsPage - Error selecting radio button: Expected condition failed: waiting for element to be clickable: By.xpath: (//input[@type='radio' and @value='false'])[11] (tried for 10 second(s) with 500 milliseconds interval)
Build info: version: '4.27.0', revision: 'd6e718d134'
System info: os.name: 'Windows 11', os.arch: 'amd64', os.version: '10.0', java.version: '21.0.3'
Driver info: org.openqa.selenium.chrome.ChromeDriver
Capabilities {acceptInsecureCerts: false, browserName: chrome, browserVersion: 137.0.7151.69, chrome: {chromedriverVersion: 137.0.7151.70 (dfa4dc56b2ab..., userDataDir: C:\Users\INGRID~1.ZAD\AppDa...}, fedcm:accounts: true, goog:chromeOptions: {debuggerAddress: localhost:60338}, networkConnectionEnabled: false, pageLoadStrategy: normal, platformName: windows, proxy: Proxy(), se:cdp: ws://localhost:60338/devtoo..., se:cdpVersion: 137.0.7151.69, setWindowRect: true, strictFileInteractability: false, timeouts: {implicit: 0, pageLoad: 300000, script: 30000}, unhandledPromptBehavior: dismiss and notify, webauthn:extension:credBlob: true, webauthn:extension:largeBlob: true, webauthn:extension:minPinLength: true, webauthn:extension:prf: true, webauthn:virtualAuthenticators: true}
Session ID: b44d225e12087e57fef095ae74cb5826
2025-06-11 08:28:10 [main] INFO  l.i.u.t.SubmittedApplicationsPageTest - Marking 'Ne' radio button 4
2025-06-11 08:28:20 [main] ERROR l.i.u.p.SubmittedApplicationsPage - Error selecting radio button: Expected condition failed: waiting for element to be clickable: By.xpath: (//input[@type='radio' and @value='false'])[12] (tried for 10 second(s) with 500 milliseconds interval)
Build info: version: '4.27.0', revision: 'd6e718d134'
System info: os.name: 'Windows 11', os.arch: 'amd64', os.version: '10.0', java.version: '21.0.3'
Driver info: org.openqa.selenium.chrome.ChromeDriver
Capabilities {acceptInsecureCerts: false, browserName: chrome, browserVersion: 137.0.7151.69, chrome: {chromedriverVersion: 137.0.7151.70 (dfa4dc56b2ab..., userDataDir: C:\Users\INGRID~1.ZAD\AppDa...}, fedcm:accounts: true, goog:chromeOptions: {debuggerAddress: localhost:60338}, networkConnectionEnabled: false, pageLoadStrategy: normal, platformName: windows, proxy: Proxy(), se:cdp: ws://localhost:60338/devtoo..., se:cdpVersion: 137.0.7151.69, setWindowRect: true, strictFileInteractability: false, timeouts: {implicit: 0, pageLoad: 300000, script: 30000}, unhandledPromptBehavior: dismiss and notify, webauthn:extension:credBlob: true, webauthn:extension:largeBlob: true, webauthn:extension:minPinLength: true, webauthn:extension:prf: true, webauthn:virtualAuthenticators: true}
Session ID: b44d225e12087e57fef095ae74cb5826
2025-06-11 08:28:20 [main] INFO  l.i.u.t.SubmittedApplicationsPageTest - Marking 'Ne' radio button 5
2025-06-11 08:28:30 [main] ERROR l.i.u.p.SubmittedApplicationsPage - Error selecting radio button: Expected condition failed: waiting for element to be clickable: By.xpath: (//input[@type='radio' and @value='false'])[13] (tried for 10 second(s) with 500 milliseconds interval)
Build info: version: '4.27.0', revision: 'd6e718d134'
System info: os.name: 'Windows 11', os.arch: 'amd64', os.version: '10.0', java.version: '21.0.3'
Driver info: org.openqa.selenium.chrome.ChromeDriver
Capabilities {acceptInsecureCerts: false, browserName: chrome, browserVersion: 137.0.7151.69, chrome: {chromedriverVersion: 137.0.7151.70 (dfa4dc56b2ab..., userDataDir: C:\Users\INGRID~1.ZAD\AppDa...}, fedcm:accounts: true, goog:chromeOptions: {debuggerAddress: localhost:60338}, networkConnectionEnabled: false, pageLoadStrategy: normal, platformName: windows, proxy: Proxy(), se:cdp: ws://localhost:60338/devtoo..., se:cdpVersion: 137.0.7151.69, setWindowRect: true, strictFileInteractability: false, timeouts: {implicit: 0, pageLoad: 300000, script: 30000}, unhandledPromptBehavior: dismiss and notify, webauthn:extension:credBlob: true, webauthn:extension:largeBlob: true, webauthn:extension:minPinLength: true, webauthn:extension:prf: true, webauthn:virtualAuthenticators: true}
Session ID: b44d225e12087e57fef095ae74cb5826
2025-06-11 08:28:30 [main] INFO  l.i.u.t.SubmittedApplicationsPageTest - Marking 'Ne' radio button 6
2025-06-11 08:28:40 [main] ERROR l.i.u.p.SubmittedApplicationsPage - Error selecting radio button: Expected condition failed: waiting for element to be clickable: By.xpath: (//input[@type='radio' and @value='true'])[14] (tried for 10 second(s) with 500 milliseconds interval)
Build info: version: '4.27.0', revision: 'd6e718d134'
System info: os.name: 'Windows 11', os.arch: 'amd64', os.version: '10.0', java.version: '21.0.3'
Driver info: org.openqa.selenium.chrome.ChromeDriver
Capabilities {acceptInsecureCerts: false, browserName: chrome, browserVersion: 137.0.7151.69, chrome: {chromedriverVersion: 137.0.7151.70 (dfa4dc56b2ab..., userDataDir: C:\Users\INGRID~1.ZAD\AppDa...}, fedcm:accounts: true, goog:chromeOptions: {debuggerAddress: localhost:60338}, networkConnectionEnabled: false, pageLoadStrategy: normal, platformName: windows, proxy: Proxy(), se:cdp: ws://localhost:60338/devtoo..., se:cdpVersion: 137.0.7151.69, setWindowRect: true, strictFileInteractability: false, timeouts: {implicit: 0, pageLoad: 300000, script: 30000}, unhandledPromptBehavior: dismiss and notify, webauthn:extension:credBlob: true, webauthn:extension:largeBlob: true, webauthn:extension:minPinLength: true, webauthn:extension:prf: true, webauthn:virtualAuthenticators: true}
Session ID: b44d225e12087e57fef095ae74cb5826
2025-06-11 08:28:40 [main] INFO  l.i.u.t.SubmittedApplicationsPageTest - Marking 'Taip' radio button 7
2025-06-11 08:28:50 [main] ERROR l.i.u.p.SubmittedApplicationsPage - Error selecting radio button: Expected condition failed: waiting for element to be clickable: By.xpath: (//input[@type='radio' and @value='true'])[15] (tried for 10 second(s) with 500 milliseconds interval)
Build info: version: '4.27.0', revision: 'd6e718d134'
System info: os.name: 'Windows 11', os.arch: 'amd64', os.version: '10.0', java.version: '21.0.3'
Driver info: org.openqa.selenium.chrome.ChromeDriver
Capabilities {acceptInsecureCerts: false, browserName: chrome, browserVersion: 137.0.7151.69, chrome: {chromedriverVersion: 137.0.7151.70 (dfa4dc56b2ab..., userDataDir: C:\Users\INGRID~1.ZAD\AppDa...}, fedcm:accounts: true, goog:chromeOptions: {debuggerAddress: localhost:60338}, networkConnectionEnabled: false, pageLoadStrategy: normal, platformName: windows, proxy: Proxy(), se:cdp: ws://localhost:60338/devtoo..., se:cdpVersion: 137.0.7151.69, setWindowRect: true, strictFileInteractability: false, timeouts: {implicit: 0, pageLoad: 300000, script: 30000}, unhandledPromptBehavior: dismiss and notify, webauthn:extension:credBlob: true, webauthn:extension:largeBlob: true, webauthn:extension:minPinLength: true, webauthn:extension:prf: true, webauthn:virtualAuthenticators: true}
Session ID: b44d225e12087e57fef095ae74cb5826
2025-06-11 08:28:50 [main] INFO  l.i.u.t.SubmittedApplicationsPageTest - Marking 'Taip' radio button 8
2025-06-11 08:29:00 [main] ERROR l.i.u.p.SubmittedApplicationsPage - Error selecting radio button: Expected condition failed: waiting for element to be clickable: By.xpath: (//input[@type='radio' and @value='true'])[16] (tried for 10 second(s) with 500 milliseconds interval)
Build info: version: '4.27.0', revision: 'd6e718d134'
System info: os.name: 'Windows 11', os.arch: 'amd64', os.version: '10.0', java.version: '21.0.3'
Driver info: org.openqa.selenium.chrome.ChromeDriver
Capabilities {acceptInsecureCerts: false, browserName: chrome, browserVersion: 137.0.7151.69, chrome: {chromedriverVersion: 137.0.7151.70 (dfa4dc56b2ab..., userDataDir: C:\Users\INGRID~1.ZAD\AppDa...}, fedcm:accounts: true, goog:chromeOptions: {debuggerAddress: localhost:60338}, networkConnectionEnabled: false, pageLoadStrategy: normal, platformName: windows, proxy: Proxy(), se:cdp: ws://localhost:60338/devtoo..., se:cdpVersion: 137.0.7151.69, setWindowRect: true, strictFileInteractability: false, timeouts: {implicit: 0, pageLoad: 300000, script: 30000}, unhandledPromptBehavior: dismiss and notify, webauthn:extension:credBlob: true, webauthn:extension:largeBlob: true, webauthn:extension:minPinLength: true, webauthn:extension:prf: true, webauthn:virtualAuthenticators: true}
Session ID: b44d225e12087e57fef095ae74cb5826
2025-06-11 08:29:00 [main] INFO  l.i.u.t.SubmittedApplicationsPageTest - Marking 'Taip' radio button 9
2025-06-11 08:29:10 [main] ERROR l.i.u.p.SubmittedApplicationsPage - Error selecting radio button: Expected condition failed: waiting for element to be clickable: By.xpath: (//input[@type='radio' and @value='true'])[17] (tried for 10 second(s) with 500 milliseconds interval)
Build info: version: '4.27.0', revision: 'd6e718d134'
System info: os.name: 'Windows 11', os.arch: 'amd64', os.version: '10.0', java.version: '21.0.3'
Driver info: org.openqa.selenium.chrome.ChromeDriver
Capabilities {acceptInsecureCerts: false, browserName: chrome, browserVersion: 137.0.7151.69, chrome: {chromedriverVersion: 137.0.7151.70 (dfa4dc56b2ab..., userDataDir: C:\Users\INGRID~1.ZAD\AppDa...}, fedcm:accounts: true, goog:chromeOptions: {debuggerAddress: localhost:60338}, networkConnectionEnabled: false, pageLoadStrategy: normal, platformName: windows, proxy: Proxy(), se:cdp: ws://localhost:60338/devtoo..., se:cdpVersion: 137.0.7151.69, setWindowRect: true, strictFileInteractability: false, timeouts: {implicit: 0, pageLoad: 300000, script: 30000}, unhandledPromptBehavior: dismiss and notify, webauthn:extension:credBlob: true, webauthn:extension:largeBlob: true, webauthn:extension:minPinLength: true, webauthn:extension:prf: true, webauthn:virtualAuthenticators: true}
Session ID: b44d225e12087e57fef095ae74cb5826
2025-06-11 08:29:10 [main] INFO  l.i.u.t.SubmittedApplicationsPageTest - Marking 'Taip' radio button 10
2025-06-11 08:29:20 [main] ERROR l.i.u.p.SubmittedApplicationsPage - Error selecting radio button: Expected condition failed: waiting for element to be clickable: By.xpath: (//input[@type='radio' and @value='true'])[18] (tried for 10 second(s) with 500 milliseconds interval)
Build info: version: '4.27.0', revision: 'd6e718d134'
System info: os.name: 'Windows 11', os.arch: 'amd64', os.version: '10.0', java.version: '21.0.3'
Driver info: org.openqa.selenium.chrome.ChromeDriver
Capabilities {acceptInsecureCerts: false, browserName: chrome, browserVersion: 137.0.7151.69, chrome: {chromedriverVersion: 137.0.7151.70 (dfa4dc56b2ab..., userDataDir: C:\Users\INGRID~1.ZAD\AppDa...}, fedcm:accounts: true, goog:chromeOptions: {debuggerAddress: localhost:60338}, networkConnectionEnabled: false, pageLoadStrategy: normal, platformName: windows, proxy: Proxy(), se:cdp: ws://localhost:60338/devtoo..., se:cdpVersion: 137.0.7151.69, setWindowRect: true, strictFileInteractability: false, timeouts: {implicit: 0, pageLoad: 300000, script: 30000}, unhandledPromptBehavior: dismiss and notify, webauthn:extension:credBlob: true, webauthn:extension:largeBlob: true, webauthn:extension:minPinLength: true, webauthn:extension:prf: true, webauthn:virtualAuthenticators: true}
Session ID: b44d225e12087e57fef095ae74cb5826
2025-06-11 08:29:20 [main] INFO  l.i.u.t.SubmittedApplicationsPageTest - Marking 'Taip' radio button 11
2025-06-11 08:29:30 [main] ERROR l.i.u.p.SubmittedApplicationsPage - Error selecting radio button: Expected condition failed: waiting for element to be clickable: By.xpath: (//input[@type='radio' and @value='true'])[19] (tried for 10 second(s) with 500 milliseconds interval)
Build info: version: '4.27.0', revision: 'd6e718d134'
System info: os.name: 'Windows 11', os.arch: 'amd64', os.version: '10.0', java.version: '21.0.3'
Driver info: org.openqa.selenium.chrome.ChromeDriver
Capabilities {acceptInsecureCerts: false, browserName: chrome, browserVersion: 137.0.7151.69, chrome: {chromedriverVersion: 137.0.7151.70 (dfa4dc56b2ab..., userDataDir: C:\Users\INGRID~1.ZAD\AppDa...}, fedcm:accounts: true, goog:chromeOptions: {debuggerAddress: localhost:60338}, networkConnectionEnabled: false, pageLoadStrategy: normal, platformName: windows, proxy: Proxy(), se:cdp: ws://localhost:60338/devtoo..., se:cdpVersion: 137.0.7151.69, setWindowRect: true, strictFileInteractability: false, timeouts: {implicit: 0, pageLoad: 300000, script: 30000}, unhandledPromptBehavior: dismiss and notify, webauthn:extension:credBlob: true, webauthn:extension:largeBlob: true, webauthn:extension:minPinLength: true, webauthn:extension:prf: true, webauthn:virtualAuthenticators: true}
Session ID: b44d225e12087e57fef095ae74cb5826
2025-06-11 08:29:30 [main] INFO  l.i.u.t.SubmittedApplicationsPageTest - Marking 'Taip' radio button 12
2025-06-11 08:29:40 [main] DEBUG l.i.u.t.SubmittedApplicationsPageTest - Checked 'ConfirmationStepFour'
2025-06-11 08:29:41 [main] DEBUG l.i.u.t.SubmittedApplicationsPageTest - Clicked 'Next' button after checkboxes.
2025-06-11 08:29:41 [main] INFO  l.i.u.p.SubmittedApplicationsPage - File uploaded successfully to an input element.
2025-06-11 08:29:41 [main] INFO  l.i.u.p.SubmittedApplicationsPage - File uploaded successfully to an input element.
2025-06-11 08:29:41 [main] INFO  l.i.u.p.SubmittedApplicationsPage - File uploaded successfully to an input element.
2025-06-11 08:29:41 [main] INFO  l.i.u.p.SubmittedApplicationsPage - File uploaded successfully to an input element.
2025-06-11 08:29:41 [main] INFO  l.i.u.p.SubmittedApplicationsPage - File uploaded successfully to an input element.
2025-06-11 08:29:41 [main] INFO  l.i.u.p.SubmittedApplicationsPage - File uploaded successfully to an input element.
2025-06-11 08:29:41 [main] INFO  l.i.u.p.SubmittedApplicationsPage - File uploaded successfully to an input element.
2025-06-11 08:29:41 [main] INFO  l.i.u.p.SubmittedApplicationsPage - File uploaded successfully to an input element.
2025-06-11 08:29:41 [main] INFO  l.i.u.p.SubmittedApplicationsPage - File uploaded successfully to an input element.
2025-06-11 08:29:41 [main] INFO  l.i.u.p.SubmittedApplicationsPage - File uploaded successfully to an input element.
2025-06-11 08:29:41 [main] DEBUG l.i.u.t.SubmittedApplicationsPageTest - Entered program name: 'Dokumentas 1'.
2025-06-11 08:29:41 [main] DEBUG l.i.u.t.SubmittedApplicationsPageTest - Entered program name: 'Dokumentas 2'.
2025-06-11 08:29:42 [main] DEBUG l.i.u.t.SubmittedApplicationsPageTest - Entered program name: 'Dokumentas 3'.
2025-06-11 08:29:42 [main] DEBUG l.i.u.t.SubmittedApplicationsPageTest - Entered program name: 'Dokumentas 4'.
2025-06-11 08:29:42 [main] DEBUG l.i.u.t.SubmittedApplicationsPageTest - Entered program name: 'Dokumentas 5'.
2025-06-11 08:29:42 [main] DEBUG l.i.u.t.SubmittedApplicationsPageTest - Entered program name: 'Dokumentas 6'.
2025-06-11 08:29:42 [main] DEBUG l.i.u.t.SubmittedApplicationsPageTest - Entered program name: 'Dokumentas 4'.
2025-06-11 08:29:42 [main] DEBUG l.i.u.t.SubmittedApplicationsPageTest - Entered program name: 'Dokumentas 8'.
2025-06-11 08:29:42 [main] DEBUG l.i.u.t.SubmittedApplicationsPageTest - Entered program name: 'Dokumentas 9'.
2025-06-11 08:29:43 [main] DEBUG l.i.u.t.SubmittedApplicationsPageTest - Entered program name: 'Dokumentas 10'.
2025-06-11 08:29:53 [main] DEBUG l.i.u.t.SubmittedApplicationsPageTest - Checked 'ConfirmationDocument'
2025-06-11 08:30:03 [main] DEBUG l.i.u.t.SubmittedApplicationsPageTest - Checked 'ConfirmationApplication'
2025-06-11 08:30:03 [main] DEBUG l.i.u.t.SubmittedApplicationsPageTest - Clicked 'SaveDraft' button after checkboxes.
2025-06-11 08:30:03 [main] DEBUG l.i.uztis.pages.ApplicationFormsPage - Verified success message: 'Ruošinys sėkmingai išsaugotas.'
2025-06-11 08:30:03 [main] INFO  l.i.u.t.SubmittedApplicationsPageTest - Verified success message
2025-06-11 08:30:03 [main] DEBUG l.i.u.t.SubmittedApplicationsPageTest - Clicked 'Review' button after checkboxes.
2025-06-11 08:30:05 [main] DEBUG l.i.u.t.SubmittedApplicationsPageTest - Clicked 'Submit' button after checkboxes.
2025-06-11 08:30:05 [main] DEBUG l.i.u.t.SubmittedApplicationsPageTest - Clicked 'SubmitConfirmation' button after checkboxes.
2025-06-11 08:30:05 [main] ERROR l.i.uztis.pages.ApplicationFormsPage - Failed to verify the success message: 'Paraiška sėkmingai pateikta ir užregistruota.'. Available messages: [Ruošinys sėkmingai išsaugotas.]
2025-06-11 08:30:05 [main] INFO  l.i.u.t.SubmittedApplicationsPageTest - Test 'testFillNewVUIApplicationFA' completed successfully.
2025-06-11 08:30:24 [main] INFO  lt.insoft.uztis.tests.UztisPageTest - Navigated to https://uztisdev.asseco.lt/home
2025-06-11 08:30:24 [main] INFO  l.i.u.t.SubmittedApplicationsPageTest - Starting test:'testFillNewVUIPApplicationFA'
2025-06-11 08:30:25 [main] INFO  l.insoft.uztis.tests.utils.TestUtils - Login attempt with user: evaluation_chief
2025-06-11 08:30:25 [main] DEBUG l.i.u.t.SubmittedApplicationsPageTest - User logged in with test credentials
2025-06-11 08:30:26 [main] ERROR l.i.u.t.SubmittedApplicationsPageTest - Test 'testFillNewVUIApplicationFA' failed with error: element click intercepted: Element <span _ngcontent-ng-c1289871065="" class="routerItemText">...</span> is not clickable at point (181, 989). Other element would receive the click: <span _ngcontent-ng-c1289871065="" class="routerItemText group-hover:uzt-text-primary level-0">...</span>
  (Session info: chrome=137.0.7151.69)
Build info: version: '4.27.0', revision: 'd6e718d134'
System info: os.name: 'Windows 11', os.arch: 'amd64', os.version: '10.0', java.version: '21.0.3'
Driver info: org.openqa.selenium.chrome.ChromeDriver
Command: [a6aef7ea75265e5642a88c26fe2eaa74, clickElement {id=f.F53ECBF056AB8423256B967D8E9CE657.d.DAE425CC91C809469DB3EB9727FAAD89.e.24}]
Capabilities {acceptInsecureCerts: false, browserName: chrome, browserVersion: 137.0.7151.69, chrome: {chromedriverVersion: 137.0.7151.70 (dfa4dc56b2ab..., userDataDir: C:\Users\INGRID~1.ZAD\AppDa...}, fedcm:accounts: true, goog:chromeOptions: {debuggerAddress: localhost:60516}, networkConnectionEnabled: false, pageLoadStrategy: normal, platformName: windows, proxy: Proxy(), se:cdp: ws://localhost:60516/devtoo..., se:cdpVersion: 137.0.7151.69, setWindowRect: true, strictFileInteractability: false, timeouts: {implicit: 0, pageLoad: 300000, script: 30000}, unhandledPromptBehavior: dismiss and notify, webauthn:extension:credBlob: true, webauthn:extension:largeBlob: true, webauthn:extension:minPinLength: true, webauthn:extension:prf: true, webauthn:virtualAuthenticators: true}
Element: [[ChromeDriver: chrome on windows (a6aef7ea75265e5642a88c26fe2eaa74)] -> xpath: //span[text()='Daugiau']]
Session ID: a6aef7ea75265e5642a88c26fe2eaa74
org.openqa.selenium.ElementClickInterceptedException: element click intercepted: Element <span _ngcontent-ng-c1289871065="" class="routerItemText">...</span> is not clickable at point (181, 989). Other element would receive the click: <span _ngcontent-ng-c1289871065="" class="routerItemText group-hover:uzt-text-primary level-0">...</span>
  (Session info: chrome=137.0.7151.69)
Build info: version: '4.27.0', revision: 'd6e718d134'
System info: os.name: 'Windows 11', os.arch: 'amd64', os.version: '10.0', java.version: '21.0.3'
Driver info: org.openqa.selenium.chrome.ChromeDriver
Command: [a6aef7ea75265e5642a88c26fe2eaa74, clickElement {id=f.F53ECBF056AB8423256B967D8E9CE657.d.DAE425CC91C809469DB3EB9727FAAD89.e.24}]
Capabilities {acceptInsecureCerts: false, browserName: chrome, browserVersion: 137.0.7151.69, chrome: {chromedriverVersion: 137.0.7151.70 (dfa4dc56b2ab..., userDataDir: C:\Users\INGRID~1.ZAD\AppDa...}, fedcm:accounts: true, goog:chromeOptions: {debuggerAddress: localhost:60516}, networkConnectionEnabled: false, pageLoadStrategy: normal, platformName: windows, proxy: Proxy(), se:cdp: ws://localhost:60516/devtoo..., se:cdpVersion: 137.0.7151.69, setWindowRect: true, strictFileInteractability: false, timeouts: {implicit: 0, pageLoad: 300000, script: 30000}, unhandledPromptBehavior: dismiss and notify, webauthn:extension:credBlob: true, webauthn:extension:largeBlob: true, webauthn:extension:minPinLength: true, webauthn:extension:prf: true, webauthn:virtualAuthenticators: true}
Element: [[ChromeDriver: chrome on windows (a6aef7ea75265e5642a88c26fe2eaa74)] -> xpath: //span[text()='Daugiau']]
Session ID: a6aef7ea75265e5642a88c26fe2eaa74
	at java.base/jdk.internal.reflect.DirectConstructorHandleAccessor.newInstance(DirectConstructorHandleAccessor.java:62)
	at java.base/java.lang.reflect.Constructor.newInstanceWithCaller(Constructor.java:502)
	at java.base/java.lang.reflect.Constructor.newInstance(Constructor.java:486)
	at org.openqa.selenium.remote.ErrorCodec.decode(ErrorCodec.java:167)
	at org.openqa.selenium.remote.codec.w3c.W3CHttpResponseCodec.decode(W3CHttpResponseCodec.java:138)
	at org.openqa.selenium.remote.codec.w3c.W3CHttpResponseCodec.decode(W3CHttpResponseCodec.java:50)
	at org.openqa.selenium.remote.HttpCommandExecutor.execute(HttpCommandExecutor.java:190)
	at org.openqa.selenium.remote.service.DriverCommandExecutor.invokeExecute(DriverCommandExecutor.java:216)
	at org.openqa.selenium.remote.service.DriverCommandExecutor.execute(DriverCommandExecutor.java:174)
	at org.openqa.selenium.remote.RemoteWebDriver.execute(RemoteWebDriver.java:545)
	at org.openqa.selenium.remote.RemoteWebElement.execute(RemoteWebElement.java:223)
	at org.openqa.selenium.remote.RemoteWebElement.click(RemoteWebElement.java:76)
	at java.base/jdk.internal.reflect.DirectMethodHandleAccessor.invoke(DirectMethodHandleAccessor.java:103)
	at java.base/java.lang.reflect.Method.invoke(Method.java:580)
	at org.openqa.selenium.support.pagefactory.internal.LocatingElementHandler.invoke(LocatingElementHandler.java:51)
	at jdk.proxy2/jdk.proxy2.$Proxy14.click(Unknown Source)
	at lt.insoft.uztis.pages.ApplicationFormsPage.clickMenuMore(ApplicationFormsPage.java:313)
	at lt.insoft.uztis.tests.SubmittedApplicationsPageTest.getAndInsertInvitationCodeText(SubmittedApplicationsPageTest.java:39)
	at lt.insoft.uztis.tests.SubmittedApplicationsPageTest.testFillNewVUIApplicationFA(SubmittedApplicationsPageTest.java:144)
	at java.base/jdk.internal.reflect.DirectMethodHandleAccessor.invoke(DirectMethodHandleAccessor.java:103)
	at java.base/java.lang.reflect.Method.invoke(Method.java:580)
	at org.junit.platform.commons.util.ReflectionUtils.invokeMethod(ReflectionUtils.java:728)
	at org.junit.jupiter.engine.execution.MethodInvocation.proceed(MethodInvocation.java:60)
	at org.junit.jupiter.engine.execution.InvocationInterceptorChain$ValidatingInvocation.proceed(InvocationInterceptorChain.java:131)
	at org.junit.jupiter.engine.extension.TimeoutExtension.intercept(TimeoutExtension.java:156)
	at org.junit.jupiter.engine.extension.TimeoutExtension.interceptTestableMethod(TimeoutExtension.java:147)
	at org.junit.jupiter.engine.extension.TimeoutExtension.interceptTestMethod(TimeoutExtension.java:86)
	at org.junit.jupiter.engine.execution.InterceptingExecutableInvoker$ReflectiveInterceptorCall.lambda$ofVoidMethod$0(InterceptingExecutableInvoker.java:103)
	at org.junit.jupiter.engine.execution.InterceptingExecutableInvoker.lambda$invoke$0(InterceptingExecutableInvoker.java:93)
	at org.junit.jupiter.engine.execution.InvocationInterceptorChain$InterceptedInvocation.proceed(InvocationInterceptorChain.java:106)
	at org.junit.jupiter.engine.execution.InvocationInterceptorChain.proceed(InvocationInterceptorChain.java:64)
	at org.junit.jupiter.engine.execution.InvocationInterceptorChain.chainAndInvoke(InvocationInterceptorChain.java:45)
	at org.junit.jupiter.engine.execution.InvocationInterceptorChain.invoke(InvocationInterceptorChain.java:37)
	at org.junit.jupiter.engine.execution.InterceptingExecutableInvoker.invoke(InterceptingExecutableInvoker.java:92)
	at org.junit.jupiter.engine.execution.InterceptingExecutableInvoker.invoke(InterceptingExecutableInvoker.java:86)
	at org.junit.jupiter.engine.descriptor.TestMethodTestDescriptor.lambda$invokeTestMethod$7(TestMethodTestDescriptor.java:218)
	at org.junit.platform.engine.support.hierarchical.ThrowableCollector.execute(ThrowableCollector.java:73)
	at org.junit.jupiter.engine.descriptor.TestMethodTestDescriptor.invokeTestMethod(TestMethodTestDescriptor.java:214)
	at org.junit.jupiter.engine.descriptor.TestMethodTestDescriptor.execute(TestMethodTestDescriptor.java:139)
	at org.junit.jupiter.engine.descriptor.TestMethodTestDescriptor.execute(TestMethodTestDescriptor.java:69)
	at org.junit.platform.engine.support.hierarchical.NodeTestTask.lambda$executeRecursively$6(NodeTestTask.java:151)
	at org.junit.platform.engine.support.hierarchical.ThrowableCollector.execute(ThrowableCollector.java:73)
	at org.junit.platform.engine.support.hierarchical.NodeTestTask.lambda$executeRecursively$8(NodeTestTask.java:141)
	at org.junit.platform.engine.support.hierarchical.Node.around(Node.java:137)
	at org.junit.platform.engine.support.hierarchical.NodeTestTask.lambda$executeRecursively$9(NodeTestTask.java:139)
	at org.junit.platform.engine.support.hierarchical.ThrowableCollector.execute(ThrowableCollector.java:73)
	at org.junit.platform.engine.support.hierarchical.NodeTestTask.executeRecursively(NodeTestTask.java:138)
	at org.junit.platform.engine.support.hierarchical.NodeTestTask.execute(NodeTestTask.java:95)
	at java.base/java.util.ArrayList.forEach(ArrayList.java:1596)
	at org.junit.platform.engine.support.hierarchical.SameThreadHierarchicalTestExecutorService.invokeAll(SameThreadHierarchicalTestExecutorService.java:41)
	at org.junit.platform.engine.support.hierarchical.NodeTestTask.lambda$executeRecursively$6(NodeTestTask.java:155)
	at org.junit.platform.engine.support.hierarchical.ThrowableCollector.execute(ThrowableCollector.java:73)
	at org.junit.platform.engine.support.hierarchical.NodeTestTask.lambda$executeRecursively$8(NodeTestTask.java:141)
	at org.junit.platform.engine.support.hierarchical.Node.around(Node.java:137)
	at org.junit.platform.engine.support.hierarchical.NodeTestTask.lambda$executeRecursively$9(NodeTestTask.java:139)
	at org.junit.platform.engine.support.hierarchical.ThrowableCollector.execute(ThrowableCollector.java:73)
	at org.junit.platform.engine.support.hierarchical.NodeTestTask.executeRecursively(NodeTestTask.java:138)
	at org.junit.platform.engine.support.hierarchical.NodeTestTask.execute(NodeTestTask.java:95)
	at java.base/java.util.ArrayList.forEach(ArrayList.java:1596)
	at org.junit.platform.engine.support.hierarchical.SameThreadHierarchicalTestExecutorService.invokeAll(SameThreadHierarchicalTestExecutorService.java:41)
	at org.junit.platform.engine.support.hierarchical.NodeTestTask.lambda$executeRecursively$6(NodeTestTask.java:155)
	at org.junit.platform.engine.support.hierarchical.ThrowableCollector.execute(ThrowableCollector.java:73)
	at org.junit.platform.engine.support.hierarchical.NodeTestTask.lambda$executeRecursively$8(NodeTestTask.java:141)
	at org.junit.platform.engine.support.hierarchical.Node.around(Node.java:137)
	at org.junit.platform.engine.support.hierarchical.NodeTestTask.lambda$executeRecursively$9(NodeTestTask.java:139)
	at org.junit.platform.engine.support.hierarchical.ThrowableCollector.execute(ThrowableCollector.java:73)
	at org.junit.platform.engine.support.hierarchical.NodeTestTask.executeRecursively(NodeTestTask.java:138)
	at org.junit.platform.engine.support.hierarchical.NodeTestTask.execute(NodeTestTask.java:95)
	at org.junit.platform.engine.support.hierarchical.SameThreadHierarchicalTestExecutorService.submit(SameThreadHierarchicalTestExecutorService.java:35)
	at org.junit.platform.engine.support.hierarchical.HierarchicalTestExecutor.execute(HierarchicalTestExecutor.java:57)
	at org.junit.platform.engine.support.hierarchical.HierarchicalTestEngine.execute(HierarchicalTestEngine.java:54)
	at org.junit.platform.launcher.core.EngineExecutionOrchestrator.execute(EngineExecutionOrchestrator.java:198)
	at org.junit.platform.launcher.core.EngineExecutionOrchestrator.execute(EngineExecutionOrchestrator.java:169)
	at org.junit.platform.launcher.core.EngineExecutionOrchestrator.execute(EngineExecutionOrchestrator.java:93)
	at org.junit.platform.launcher.core.EngineExecutionOrchestrator.lambda$execute$0(EngineExecutionOrchestrator.java:58)
	at org.junit.platform.launcher.core.EngineExecutionOrchestrator.withInterceptedStreams(EngineExecutionOrchestrator.java:141)
	at org.junit.platform.launcher.core.EngineExecutionOrchestrator.execute(EngineExecutionOrchestrator.java:57)
	at org.junit.platform.launcher.core.DefaultLauncher.execute(DefaultLauncher.java:103)
	at org.junit.platform.launcher.core.DefaultLauncher.execute(DefaultLauncher.java:85)
	at org.junit.platform.launcher.core.DelegatingLauncher.execute(DelegatingLauncher.java:47)
	at org.junit.platform.launcher.core.SessionPerRequestLauncher.execute(SessionPerRequestLauncher.java:63)
	at com.intellij.junit5.JUnit5IdeaTestRunner.startRunnerWithArgs(JUnit5IdeaTestRunner.java:57)
	at com.intellij.rt.junit.IdeaTestRunner$Repeater$1.execute(IdeaTestRunner.java:38)
	at com.intellij.rt.execution.junit.TestsRepeater.repeat(TestsRepeater.java:11)
	at com.intellij.rt.junit.IdeaTestRunner$Repeater.startRunnerWithArgs(IdeaTestRunner.java:35)
	at com.intellij.rt.junit.JUnitStarter.prepareStreamsAndStart(JUnitStarter.java:232)
	at com.intellij.rt.junit.JUnitStarter.main(JUnitStarter.java:55)
2025-06-11 08:30:27 [main] INFO  l.insoft.uztis.tests.utils.TestUtils - Screenshot moved to C:\Users\ingrida.zadorozniene\Desktop\Asm\UZTIS\UZTIS_tests\test-output\screenshots\20250611\083027137_testFillNewVUIApplicationFA().png
2025-06-11 08:31:21 [main] INFO  lt.insoft.uztis.tests.UztisPageTest - Navigated to https://uztisdev.asseco.lt/home
2025-06-11 08:31:21 [main] INFO  l.i.u.t.SubmittedApplicationsPageTest - Starting test:'testFillNewVUIPApplicationFA'
2025-06-11 08:31:21 [main] INFO  l.insoft.uztis.tests.utils.TestUtils - Login attempt with user: evaluation_chief
2025-06-11 08:31:21 [main] DEBUG l.i.u.t.SubmittedApplicationsPageTest - User logged in with test credentials
2025-06-11 08:31:22 [main] DEBUG l.i.u.t.SubmittedApplicationsPageTest - Opened 'Application Processing' menu.
2025-06-11 08:31:22 [main] DEBUG l.i.u.t.SubmittedApplicationsPageTest - Clicked on 'Application Forms' menu.
2025-06-11 08:31:22 [main] DEBUG l.i.u.t.SubmittedApplicationsPageTest - Retrieved last description code text: 'TST-VUI-20'.
2025-06-11 08:31:22 [main] DEBUG l.i.u.t.SubmittedApplicationsPageTest - Clicked on 'Invitation' menu.
2025-06-11 08:31:24 [main] DEBUG l.i.u.t.SubmittedApplicationsPageTest - Selected application section by code: 'TST-VUI-20'.
2025-06-11 08:31:24 [main] DEBUG l.i.u.t.SubmittedApplicationsPageTest - Clicked 'Search' button.
2025-06-11 08:31:24 [main] DEBUG l.i.u.t.SubmittedApplicationsPageTest - Retrieved invitation code: ''.
2025-06-11 08:31:24 [main] DEBUG l.i.u.t.SubmittedApplicationsPageTest - Clicked on 'Submitted Applications' menu.
2025-06-11 08:31:26 [main] DEBUG l.i.u.t.SubmittedApplicationsPageTest - Selected invitation by code: 'TST-VUI-20'.
2025-06-11 08:31:26 [main] DEBUG l.i.u.t.SubmittedApplicationsPageTest - Invitation code inserted.
2025-06-11 08:31:26 [main] DEBUG l.i.u.t.SubmittedApplicationsPageTest - Clicked on 'Action Application' button.
2025-06-11 08:31:26 [main] DEBUG l.i.u.t.SubmittedApplicationsPageTest - Clicked on 'New Application' button.
2025-06-11 08:31:27 [main] DEBUG l.i.u.t.SubmittedApplicationsPageTest - Selected the 'RadioButtonFA' option.
2025-06-11 08:31:27 [main] DEBUG l.i.u.t.SubmittedApplicationsPageTest - Entered phone number: '61298745'.
2025-06-11 08:31:27 [main] DEBUG l.i.u.t.SubmittedApplicationsPageTest - Entered email: 'test@autotest.com'.
2025-06-11 08:31:27 [main] INFO  l.i.u.p.SubmittedApplicationsPage - Clicking on the dropdown button.
2025-06-11 08:31:44 [main] INFO  l.i.u.p.SubmittedApplicationsPage - Found 1741 options in the dropdown.
2025-06-11 08:31:44 [main] DEBUG l.i.u.p.SubmittedApplicationsPage - Checking option: ''
2025-06-11 08:31:44 [main] DEBUG l.i.u.p.SubmittedApplicationsPage - Checking option: '01.11 - Grūdinių (išskyrus ryžius), ankštinių ir aliejingų sėklų augalų auginimas'
2025-06-11 08:31:44 [main] INFO  l.i.u.p.SubmittedApplicationsPage - Successfully selected the value: '01.11 - Grūdinių (išskyrus ryžius), ankštinių ir aliejingų sėklų augalų auginimas'
2025-06-11 08:31:44 [main] INFO  l.i.u.p.SubmittedApplicationsPage - Attempting to close the dropdown.
2025-06-11 08:31:44 [main] DEBUG l.i.u.t.SubmittedApplicationsPageTest - Selected EVRK value: '01.11 - Grūdinių (išskyrus ryžius), ankštinių ir aliejingų sėklų augalų auginimas'.
2025-06-11 08:31:45 [main] DEBUG l.i.u.t.SubmittedApplicationsPageTest - Clicked on 'Address Component' button.
2025-06-11 08:31:45 [main] INFO  l.i.u.p.SubmittedApplicationsPage - Located the dropdown button.
2025-06-11 08:31:48 [main] INFO  l.i.u.p.SubmittedApplicationsPage - Successfully selected the value: 'Lietuva'
2025-06-11 08:31:48 [main] DEBUG l.i.u.t.SubmittedApplicationsPageTest - Selected country: 'Lietuva'.
2025-06-11 08:31:48 [main] INFO  l.i.u.p.SubmittedApplicationsPage - Located the dropdown search field.
2025-06-11 08:31:48 [main] INFO  l.i.u.p.SubmittedApplicationsPage - Dropdown city is opened.
2025-06-11 08:31:49 [main] INFO  l.i.u.p.SubmittedApplicationsPage - Searched for value: 'Vilnius'
2025-06-11 08:31:49 [main] INFO  l.i.u.p.SubmittedApplicationsPage - Successfully selected: 'Vilnius'
2025-06-11 08:31:49 [main] INFO  l.i.u.p.SubmittedApplicationsPage - Located the dropdown button.
2025-06-11 08:31:50 [main] INFO  l.i.u.p.SubmittedApplicationsPage - Successfully selected the value: 'A. Domaševičiaus g.'
2025-06-11 08:31:50 [main] DEBUG l.i.u.t.SubmittedApplicationsPageTest - Selected street: 'A. Domaševičiaus g.'.
2025-06-11 08:31:50 [main] INFO  l.i.u.p.SubmittedApplicationsPage - Located the dropdown button.
2025-06-11 08:31:50 [main] INFO  l.i.u.p.SubmittedApplicationsPage - Successfully selected the value: '1'
2025-06-11 08:31:50 [main] DEBUG l.i.u.t.SubmittedApplicationsPageTest - Selected house: '1'.
2025-06-11 08:31:50 [main] INFO  l.i.u.p.SubmittedApplicationsPage - Located the dropdown button.
2025-06-11 08:31:51 [main] INFO  l.i.u.p.SubmittedApplicationsPage - Successfully selected the value: '1'
2025-06-11 08:31:51 [main] DEBUG l.i.u.t.SubmittedApplicationsPageTest - Selected apartment: '1'.
2025-06-11 08:31:51 [main] DEBUG l.i.u.t.SubmittedApplicationsPageTest - Clicked 'Confirm' button.
2025-06-11 08:31:51 [main] DEBUG l.i.u.t.SubmittedApplicationsPageTest - Entered project date.
2025-06-11 08:31:51 [main] DEBUG l.i.u.t.SubmittedApplicationsPageTest - Entered job count: '1'.
2025-06-11 08:31:52 [main] DEBUG l.i.u.t.SubmittedApplicationsPageTest - Clicked 'Next' button.
2025-06-11 08:31:52 [main] INFO  l.i.u.p.SubmittedApplicationsPage - Located the dropdown button.
2025-06-11 08:31:52 [main] INFO  l.i.u.p.SubmittedApplicationsPage - Successfully selected the value: 'Administratoriai'
2025-06-11 08:31:52 [main] DEBUG l.i.u.t.SubmittedApplicationsPageTest - Selected job name: 'Administratoriai'.
2025-06-11 08:31:53 [main] DEBUG l.i.u.t.SubmittedApplicationsPageTest - Entered job function: 'Funkcija 1'.
2025-06-11 08:31:53 [main] DEBUG l.i.u.t.SubmittedApplicationsPageTest - Selected 'RadioButtonWithDisabilities' option.
2025-06-11 08:31:53 [main] INFO  l.i.u.p.SubmittedApplicationsPage - Clicking on the dropdown button.
2025-06-11 08:31:54 [main] INFO  l.i.u.p.SubmittedApplicationsPage - Found 34 options in the dropdown.
2025-06-11 08:31:54 [main] DEBUG l.i.u.p.SubmittedApplicationsPage - Checking option: 'Asmenys, kuriems suteiktas pabėgėlio statusas ar perkeliamojo asmens statusas, arba asmenys, kuriems suteikta papildoma ar laikinoji apsauga, ir asmenys, turintys teisę gauti laikinąją apsaugą, iki sprendimo dėl laikinosios apsaugos suteikimo (nesuteikimo) priėmimo, tačiau ne ilgiau kaip laikinosios apsaugos laikotarpiu'
2025-06-11 08:31:54 [main] DEBUG l.i.u.p.SubmittedApplicationsPage - Checking option: 'Asmenys, kuriems suteiktas pabėgėlio statusas ar perkeliamojo asmens statusas, arba asmenys, kuriems suteikta papildoma ar laikinoji apsauga, ir asmenys, turintys teisę gauti laikinąją apsaugą, iki sprendimo dėl laikinosios apsaugos suteikimo (nesuteikimo) priėmimo, tačiau ne ilgiau kaip laikinosios apsaugos laikotarpiu'
2025-06-11 08:31:54 [main] DEBUG l.i.u.p.SubmittedApplicationsPage - Checking option: 'Asmenys, turintys teisę į papildomas užimtumo garantijas pagal Lietuvos Respublikos valstybės įmonės Ignalinos atominės elektrinės darbuotojų papildomų užimtumo ir socialinių garantijų įstatymą'
2025-06-11 08:31:54 [main] DEBUG l.i.u.p.SubmittedApplicationsPage - Checking option: 'Asmenys, turintys teisę į papildomas užimtumo garantijas pagal Lietuvos Respublikos valstybės įmonės Ignalinos atominės elektrinės darbuotojų papildomų užimtumo ir socialinių garantijų įstatymą'
2025-06-11 08:31:54 [main] DEBUG l.i.u.p.SubmittedApplicationsPage - Checking option: 'Bedarbiai iki 29 metų'
2025-06-11 08:31:54 [main] DEBUG l.i.u.p.SubmittedApplicationsPage - Checking option: 'Bedarbiai iki 29 metų'
2025-06-11 08:31:54 [main] DEBUG l.i.u.p.SubmittedApplicationsPage - Checking option: 'Bedarbiai, kurie yra darbingo amžiaus neįgalieji, kuriems nustatytas 30–40 procentų darbingumo lygis arba vidutinis neįgalumo lygis'
2025-06-11 08:31:54 [main] DEBUG l.i.u.p.SubmittedApplicationsPage - Checking option: 'Bedarbiai, kurie yra darbingo amžiaus neįgalieji, kuriems nustatytas 30–40 procentų darbingumo lygis arba vidutinis neįgalumo lygis'
2025-06-11 08:31:54 [main] DEBUG l.i.u.p.SubmittedApplicationsPage - Checking option: 'Bedarbiai, kurie yra darbingo amžiaus neįgalieji, kuriems nustatytas 45–55 procentų darbingumo lygis arba lengvas neįgalumo lygis'
2025-06-11 08:31:54 [main] DEBUG l.i.u.p.SubmittedApplicationsPage - Checking option: 'Bedarbiai, kurie yra darbingo amžiaus neįgalieji, kuriems nustatytas 45–55 procentų darbingumo lygis arba lengvas neįgalumo lygis'
2025-06-11 08:31:54 [main] DEBUG l.i.u.p.SubmittedApplicationsPage - Checking option: 'Bedarbiai, kurie yra darbingo amžiaus neįgalieji, kuriems nustatytas iki 25 procentų darbingumo lygis arba sunkus neįgalumo lygis'
2025-06-11 08:31:54 [main] INFO  l.i.u.p.SubmittedApplicationsPage - Successfully selected the value: 'Bedarbiai, kurie yra darbingo amžiaus neįgalieji, kuriems nustatytas iki 25 procentų darbingumo lygis arba sunkus neįgalumo lygis'
2025-06-11 08:31:54 [main] INFO  l.i.u.p.SubmittedApplicationsPage - Attempting to close the dropdown.
2025-06-11 08:31:55 [main] DEBUG l.i.u.t.SubmittedApplicationsPageTest - Selected disabilities type: 'Bedarbiai, kurie yra darbingo amžiaus neįgalieji, kuriems nustatytas iki 25 procentų darbingumo lygis arba sunkus neįgalumo lygis'.
2025-06-11 08:31:55 [main] DEBUG l.i.u.t.SubmittedApplicationsPageTest - Entered disability information: 'Negalia 1'.
2025-06-11 08:31:55 [main] INFO  l.i.u.p.SubmittedApplicationsPage - Located the dropdown button.
2025-06-11 08:31:55 [main] INFO  l.i.u.p.SubmittedApplicationsPage - Successfully selected the value: 'Kita'
2025-06-11 08:31:55 [main] DEBUG l.i.u.t.SubmittedApplicationsPageTest - Selected time mode: 'Kita'.
2025-06-11 08:31:56 [main] DEBUG l.i.u.t.SubmittedApplicationsPageTest - Selected time mode other: '6 val. per dieną ir 4 d. per savaitę'.
2025-06-11 08:31:56 [main] DEBUG l.i.u.t.SubmittedApplicationsPageTest - Entered qualification: 'Kvalifikacija 1'.
2025-06-11 08:31:56 [main] DEBUG l.i.u.t.SubmittedApplicationsPageTest - Entered job date.
2025-06-11 08:31:56 [main] DEBUG l.i.u.t.SubmittedApplicationsPageTest - Entered salary amount: '1200'.
2025-06-11 08:31:57 [main] DEBUG l.i.u.t.SubmittedApplicationsPageTest - Entered salary description: 'Užmokestis 1'.
2025-06-11 08:31:57 [main] DEBUG l.i.u.t.SubmittedApplicationsPageTest - Selected 'Temporary Job' radio button.
2025-06-11 08:31:57 [main] DEBUG l.i.u.t.SubmittedApplicationsPageTest - Selected 'Season Job' radio button.
2025-06-11 08:31:57 [main] DEBUG l.i.u.t.SubmittedApplicationsPageTest - Selected 'Energy' radio button.
2025-06-11 08:31:57 [main] DEBUG l.i.u.t.SubmittedApplicationsPageTest - Selected 'Repair' radio button.
2025-06-11 08:31:58 [main] DEBUG l.i.u.t.SubmittedApplicationsPageTest - Entered job description: 'Veikla 1'.
2025-06-11 08:31:58 [main] DEBUG l.i.u.t.SubmittedApplicationsPageTest - Entered process description: 'Procesas 1'.
2025-06-11 08:31:58 [main] DEBUG l.i.u.t.SubmittedApplicationsPageTest - Entered energy information: 'Energija 1'.
2025-06-11 08:31:59 [main] DEBUG l.i.u.t.SubmittedApplicationsPageTest - Entered repair information: 'Remontas 1'.
2025-06-11 08:31:59 [main] DEBUG l.i.u.t.SubmittedApplicationsPageTest - Selected 'PVM' radio button.
2025-06-11 08:31:59 [main] INFO  l.i.u.p.SubmittedApplicationsPage - Located the dropdown button.
2025-06-11 08:31:59 [main] INFO  l.i.u.p.SubmittedApplicationsPage - Successfully selected the value: 'Įsigyti'
2025-06-11 08:31:59 [main] DEBUG l.i.u.t.SubmittedApplicationsPageTest - Selected necessary for job: 'Įsigyti'.
2025-06-11 08:31:59 [main] DEBUG l.i.u.t.SubmittedApplicationsPageTest - Selected tool: 'Darbo priemonė 1'.
2025-06-11 08:32:00 [main] DEBUG l.i.u.t.SubmittedApplicationsPageTest - Selected tool parameter one: 'Darbo priemonės 1 parametras 1'.
2025-06-11 08:32:00 [main] DEBUG l.i.u.t.SubmittedApplicationsPageTest - Selected tool parameter two: 'Darbo priemonės 1 parametras 2'.
2025-06-11 08:32:00 [main] DEBUG l.i.u.t.SubmittedApplicationsPageTest - Selected tool parameter three: 'Darbo priemonės 1 parametras 3'.
2025-06-11 08:32:00 [main] DEBUG l.i.u.t.SubmittedApplicationsPageTest - Entered tool count: '1'.
2025-06-11 08:32:01 [main] DEBUG l.i.u.t.SubmittedApplicationsPageTest - Entered price amount 1: '1000'.
2025-06-11 08:32:03 [main] DEBUG l.i.u.t.SubmittedApplicationsPageTest - Entered own funds amount 1: '800'.
2025-06-11 08:32:05 [main] DEBUG l.i.u.t.SubmittedApplicationsPageTest - Clicked 'Add' button.
2025-06-11 08:32:05 [main] INFO  l.i.u.p.SubmittedApplicationsPage - Located the dropdown button.
2025-06-11 08:32:06 [main] INFO  l.i.u.p.SubmittedApplicationsPage - Successfully selected the value: 'Remontuoti'
2025-06-11 08:32:06 [main] DEBUG l.i.u.t.SubmittedApplicationsPageTest - Selected necessary for job 'to repair': 'Remontuoti'.
2025-06-11 08:32:06 [main] DEBUG l.i.u.t.SubmittedApplicationsPageTest - Selected repair name: 'Remonto pavadinimas 1'.
2025-06-11 08:32:06 [main] DEBUG l.i.u.t.SubmittedApplicationsPageTest - Entered repair information: 'Remonto aprašymas 1'.
2025-06-11 08:32:06 [main] DEBUG l.i.u.t.SubmittedApplicationsPageTest - Entered price amount 2: '1000'.
2025-06-11 08:32:09 [main] DEBUG l.i.u.t.SubmittedApplicationsPageTest - Entered own funds amount 2: '900'.
2025-06-11 08:32:11 [main] DEBUG l.i.u.t.SubmittedApplicationsPageTest - Clicked 'AddRemoved' button.
2025-06-11 08:32:13 [main] DEBUG l.i.u.t.SubmittedApplicationsPageTest - Clicked 'Remove' button.
2025-06-11 08:32:15 [main] DEBUG l.i.u.t.SubmittedApplicationsPageTest - Clicked 'Remove Confirmation' button.
2025-06-11 08:32:17 [main] DEBUG l.i.u.t.SubmittedApplicationsPageTest - Entered country percentage: '50'.
2025-06-11 08:32:17 [main] DEBUG l.i.u.t.SubmittedApplicationsPageTest - Entered institution percentage: '50'.
2025-06-11 08:32:18 [main] DEBUG l.i.u.t.SubmittedApplicationsPageTest - Entered municipality percentage: '50'.
2025-06-11 08:32:18 [main] DEBUG l.i.u.t.SubmittedApplicationsPageTest - Selected 'De Minimis' radio button.
2025-06-11 08:32:18 [main] DEBUG l.i.u.t.SubmittedApplicationsPageTest - Entered program name: 'Programa 1'.
2025-06-11 08:32:18 [main] DEBUG l.i.u.t.SubmittedApplicationsPageTest - Entered project date from.
2025-06-11 08:32:18 [main] DEBUG l.i.u.t.SubmittedApplicationsPageTest - Entered project date until.
2025-06-11 08:32:18 [main] DEBUG l.i.u.t.SubmittedApplicationsPageTest - Entered support amount: '2000'.
2025-06-11 08:32:19 [main] DEBUG l.i.u.t.SubmittedApplicationsPageTest - Clicked 'Next' button.
2025-06-11 08:32:29 [main] DEBUG l.i.u.t.SubmittedApplicationsPageTest - Checked 'Legal Entities' checkbox 1.
2025-06-11 08:32:39 [main] DEBUG l.i.u.t.SubmittedApplicationsPageTest - Checked 'Legal Entities' checkbox 2.
2025-06-11 08:32:49 [main] DEBUG l.i.u.t.SubmittedApplicationsPageTest - Checked 'Legal Entities' checkbox 3.
2025-06-11 08:32:49 [main] DEBUG l.i.u.t.SubmittedApplicationsPageTest - Test finished: All 'Legal Entities' checkboxes checked successfully.
2025-06-11 08:32:49 [main] DEBUG l.i.u.t.SubmittedApplicationsPageTest - Clicked 'Next' button after checkboxes.
2025-06-11 08:32:59 [main] ERROR l.i.u.p.SubmittedApplicationsPage - Error selecting radio button: Expected condition failed: waiting for element to be clickable: By.xpath: (//input[@type='radio' and @value='false'])[8] (tried for 10 second(s) with 500 milliseconds interval)
Build info: version: '4.27.0', revision: 'd6e718d134'
System info: os.name: 'Windows 11', os.arch: 'amd64', os.version: '10.0', java.version: '21.0.3'
Driver info: org.openqa.selenium.chrome.ChromeDriver
Capabilities {acceptInsecureCerts: false, browserName: chrome, browserVersion: 137.0.7151.69, chrome: {chromedriverVersion: 137.0.7151.70 (dfa4dc56b2ab..., userDataDir: C:\Users\INGRID~1.ZAD\AppDa...}, fedcm:accounts: true, goog:chromeOptions: {debuggerAddress: localhost:60571}, networkConnectionEnabled: false, pageLoadStrategy: normal, platformName: windows, proxy: Proxy(), se:cdp: ws://localhost:60571/devtoo..., se:cdpVersion: 137.0.7151.69, setWindowRect: true, strictFileInteractability: false, timeouts: {implicit: 0, pageLoad: 300000, script: 30000}, unhandledPromptBehavior: dismiss and notify, webauthn:extension:credBlob: true, webauthn:extension:largeBlob: true, webauthn:extension:minPinLength: true, webauthn:extension:prf: true, webauthn:virtualAuthenticators: true}
Session ID: 51cbc8fb8fb0d31fdd09590562e73604
2025-06-11 08:32:59 [main] INFO  l.i.u.t.SubmittedApplicationsPageTest - Marking 'Ne' radio button 1
2025-06-11 08:33:10 [main] ERROR l.i.u.p.SubmittedApplicationsPage - Error selecting radio button: Expected condition failed: waiting for element to be clickable: By.xpath: (//input[@type='radio' and @value='false'])[9] (tried for 10 second(s) with 500 milliseconds interval)
Build info: version: '4.27.0', revision: 'd6e718d134'
System info: os.name: 'Windows 11', os.arch: 'amd64', os.version: '10.0', java.version: '21.0.3'
Driver info: org.openqa.selenium.chrome.ChromeDriver
Capabilities {acceptInsecureCerts: false, browserName: chrome, browserVersion: 137.0.7151.69, chrome: {chromedriverVersion: 137.0.7151.70 (dfa4dc56b2ab..., userDataDir: C:\Users\INGRID~1.ZAD\AppDa...}, fedcm:accounts: true, goog:chromeOptions: {debuggerAddress: localhost:60571}, networkConnectionEnabled: false, pageLoadStrategy: normal, platformName: windows, proxy: Proxy(), se:cdp: ws://localhost:60571/devtoo..., se:cdpVersion: 137.0.7151.69, setWindowRect: true, strictFileInteractability: false, timeouts: {implicit: 0, pageLoad: 300000, script: 30000}, unhandledPromptBehavior: dismiss and notify, webauthn:extension:credBlob: true, webauthn:extension:largeBlob: true, webauthn:extension:minPinLength: true, webauthn:extension:prf: true, webauthn:virtualAuthenticators: true}
Session ID: 51cbc8fb8fb0d31fdd09590562e73604
2025-06-11 08:33:10 [main] INFO  l.i.u.t.SubmittedApplicationsPageTest - Marking 'Ne' radio button 2
2025-06-11 08:33:20 [main] ERROR l.i.u.p.SubmittedApplicationsPage - Error selecting radio button: Expected condition failed: waiting for element to be clickable: By.xpath: (//input[@type='radio' and @value='false'])[10] (tried for 10 second(s) with 500 milliseconds interval)
Build info: version: '4.27.0', revision: 'd6e718d134'
System info: os.name: 'Windows 11', os.arch: 'amd64', os.version: '10.0', java.version: '21.0.3'
Driver info: org.openqa.selenium.chrome.ChromeDriver
Capabilities {acceptInsecureCerts: false, browserName: chrome, browserVersion: 137.0.7151.69, chrome: {chromedriverVersion: 137.0.7151.70 (dfa4dc56b2ab..., userDataDir: C:\Users\INGRID~1.ZAD\AppDa...}, fedcm:accounts: true, goog:chromeOptions: {debuggerAddress: localhost:60571}, networkConnectionEnabled: false, pageLoadStrategy: normal, platformName: windows, proxy: Proxy(), se:cdp: ws://localhost:60571/devtoo..., se:cdpVersion: 137.0.7151.69, setWindowRect: true, strictFileInteractability: false, timeouts: {implicit: 0, pageLoad: 300000, script: 30000}, unhandledPromptBehavior: dismiss and notify, webauthn:extension:credBlob: true, webauthn:extension:largeBlob: true, webauthn:extension:minPinLength: true, webauthn:extension:prf: true, webauthn:virtualAuthenticators: true}
Session ID: 51cbc8fb8fb0d31fdd09590562e73604
2025-06-11 08:33:20 [main] INFO  l.i.u.t.SubmittedApplicationsPageTest - Marking 'Ne' radio button 3
2025-06-11 08:33:30 [main] ERROR l.i.u.p.SubmittedApplicationsPage - Error selecting radio button: Expected condition failed: waiting for element to be clickable: By.xpath: (//input[@type='radio' and @value='false'])[11] (tried for 10 second(s) with 500 milliseconds interval)
Build info: version: '4.27.0', revision: 'd6e718d134'
System info: os.name: 'Windows 11', os.arch: 'amd64', os.version: '10.0', java.version: '21.0.3'
Driver info: org.openqa.selenium.chrome.ChromeDriver
Capabilities {acceptInsecureCerts: false, browserName: chrome, browserVersion: 137.0.7151.69, chrome: {chromedriverVersion: 137.0.7151.70 (dfa4dc56b2ab..., userDataDir: C:\Users\INGRID~1.ZAD\AppDa...}, fedcm:accounts: true, goog:chromeOptions: {debuggerAddress: localhost:60571}, networkConnectionEnabled: false, pageLoadStrategy: normal, platformName: windows, proxy: Proxy(), se:cdp: ws://localhost:60571/devtoo..., se:cdpVersion: 137.0.7151.69, setWindowRect: true, strictFileInteractability: false, timeouts: {implicit: 0, pageLoad: 300000, script: 30000}, unhandledPromptBehavior: dismiss and notify, webauthn:extension:credBlob: true, webauthn:extension:largeBlob: true, webauthn:extension:minPinLength: true, webauthn:extension:prf: true, webauthn:virtualAuthenticators: true}
Session ID: 51cbc8fb8fb0d31fdd09590562e73604
2025-06-11 08:33:30 [main] INFO  l.i.u.t.SubmittedApplicationsPageTest - Marking 'Ne' radio button 4
2025-06-11 08:33:40 [main] ERROR l.i.u.p.SubmittedApplicationsPage - Error selecting radio button: Expected condition failed: waiting for element to be clickable: By.xpath: (//input[@type='radio' and @value='false'])[12] (tried for 10 second(s) with 500 milliseconds interval)
Build info: version: '4.27.0', revision: 'd6e718d134'
System info: os.name: 'Windows 11', os.arch: 'amd64', os.version: '10.0', java.version: '21.0.3'
Driver info: org.openqa.selenium.chrome.ChromeDriver
Capabilities {acceptInsecureCerts: false, browserName: chrome, browserVersion: 137.0.7151.69, chrome: {chromedriverVersion: 137.0.7151.70 (dfa4dc56b2ab..., userDataDir: C:\Users\INGRID~1.ZAD\AppDa...}, fedcm:accounts: true, goog:chromeOptions: {debuggerAddress: localhost:60571}, networkConnectionEnabled: false, pageLoadStrategy: normal, platformName: windows, proxy: Proxy(), se:cdp: ws://localhost:60571/devtoo..., se:cdpVersion: 137.0.7151.69, setWindowRect: true, strictFileInteractability: false, timeouts: {implicit: 0, pageLoad: 300000, script: 30000}, unhandledPromptBehavior: dismiss and notify, webauthn:extension:credBlob: true, webauthn:extension:largeBlob: true, webauthn:extension:minPinLength: true, webauthn:extension:prf: true, webauthn:virtualAuthenticators: true}
Session ID: 51cbc8fb8fb0d31fdd09590562e73604
2025-06-11 08:33:40 [main] INFO  l.i.u.t.SubmittedApplicationsPageTest - Marking 'Ne' radio button 5
2025-06-11 08:33:50 [main] ERROR l.i.u.p.SubmittedApplicationsPage - Error selecting radio button: Expected condition failed: waiting for element to be clickable: By.xpath: (//input[@type='radio' and @value='false'])[13] (tried for 10 second(s) with 500 milliseconds interval)
Build info: version: '4.27.0', revision: 'd6e718d134'
System info: os.name: 'Windows 11', os.arch: 'amd64', os.version: '10.0', java.version: '21.0.3'
Driver info: org.openqa.selenium.chrome.ChromeDriver
Capabilities {acceptInsecureCerts: false, browserName: chrome, browserVersion: 137.0.7151.69, chrome: {chromedriverVersion: 137.0.7151.70 (dfa4dc56b2ab..., userDataDir: C:\Users\INGRID~1.ZAD\AppDa...}, fedcm:accounts: true, goog:chromeOptions: {debuggerAddress: localhost:60571}, networkConnectionEnabled: false, pageLoadStrategy: normal, platformName: windows, proxy: Proxy(), se:cdp: ws://localhost:60571/devtoo..., se:cdpVersion: 137.0.7151.69, setWindowRect: true, strictFileInteractability: false, timeouts: {implicit: 0, pageLoad: 300000, script: 30000}, unhandledPromptBehavior: dismiss and notify, webauthn:extension:credBlob: true, webauthn:extension:largeBlob: true, webauthn:extension:minPinLength: true, webauthn:extension:prf: true, webauthn:virtualAuthenticators: true}
Session ID: 51cbc8fb8fb0d31fdd09590562e73604
2025-06-11 08:33:50 [main] INFO  l.i.u.t.SubmittedApplicationsPageTest - Marking 'Ne' radio button 6
2025-06-11 08:34:00 [main] ERROR l.i.u.p.SubmittedApplicationsPage - Error selecting radio button: Expected condition failed: waiting for element to be clickable: By.xpath: (//input[@type='radio' and @value='true'])[14] (tried for 10 second(s) with 500 milliseconds interval)
Build info: version: '4.27.0', revision: 'd6e718d134'
System info: os.name: 'Windows 11', os.arch: 'amd64', os.version: '10.0', java.version: '21.0.3'
Driver info: org.openqa.selenium.chrome.ChromeDriver
Capabilities {acceptInsecureCerts: false, browserName: chrome, browserVersion: 137.0.7151.69, chrome: {chromedriverVersion: 137.0.7151.70 (dfa4dc56b2ab..., userDataDir: C:\Users\INGRID~1.ZAD\AppDa...}, fedcm:accounts: true, goog:chromeOptions: {debuggerAddress: localhost:60571}, networkConnectionEnabled: false, pageLoadStrategy: normal, platformName: windows, proxy: Proxy(), se:cdp: ws://localhost:60571/devtoo..., se:cdpVersion: 137.0.7151.69, setWindowRect: true, strictFileInteractability: false, timeouts: {implicit: 0, pageLoad: 300000, script: 30000}, unhandledPromptBehavior: dismiss and notify, webauthn:extension:credBlob: true, webauthn:extension:largeBlob: true, webauthn:extension:minPinLength: true, webauthn:extension:prf: true, webauthn:virtualAuthenticators: true}
Session ID: 51cbc8fb8fb0d31fdd09590562e73604
2025-06-11 08:34:00 [main] INFO  l.i.u.t.SubmittedApplicationsPageTest - Marking 'Taip' radio button 7
2025-06-11 08:34:10 [main] ERROR l.i.u.p.SubmittedApplicationsPage - Error selecting radio button: Expected condition failed: waiting for element to be clickable: By.xpath: (//input[@type='radio' and @value='true'])[15] (tried for 10 second(s) with 500 milliseconds interval)
Build info: version: '4.27.0', revision: 'd6e718d134'
System info: os.name: 'Windows 11', os.arch: 'amd64', os.version: '10.0', java.version: '21.0.3'
Driver info: org.openqa.selenium.chrome.ChromeDriver
Capabilities {acceptInsecureCerts: false, browserName: chrome, browserVersion: 137.0.7151.69, chrome: {chromedriverVersion: 137.0.7151.70 (dfa4dc56b2ab..., userDataDir: C:\Users\INGRID~1.ZAD\AppDa...}, fedcm:accounts: true, goog:chromeOptions: {debuggerAddress: localhost:60571}, networkConnectionEnabled: false, pageLoadStrategy: normal, platformName: windows, proxy: Proxy(), se:cdp: ws://localhost:60571/devtoo..., se:cdpVersion: 137.0.7151.69, setWindowRect: true, strictFileInteractability: false, timeouts: {implicit: 0, pageLoad: 300000, script: 30000}, unhandledPromptBehavior: dismiss and notify, webauthn:extension:credBlob: true, webauthn:extension:largeBlob: true, webauthn:extension:minPinLength: true, webauthn:extension:prf: true, webauthn:virtualAuthenticators: true}
Session ID: 51cbc8fb8fb0d31fdd09590562e73604
2025-06-11 08:34:10 [main] INFO  l.i.u.t.SubmittedApplicationsPageTest - Marking 'Taip' radio button 8
2025-06-11 08:34:20 [main] ERROR l.i.u.p.SubmittedApplicationsPage - Error selecting radio button: Expected condition failed: waiting for element to be clickable: By.xpath: (//input[@type='radio' and @value='true'])[16] (tried for 10 second(s) with 500 milliseconds interval)
Build info: version: '4.27.0', revision: 'd6e718d134'
System info: os.name: 'Windows 11', os.arch: 'amd64', os.version: '10.0', java.version: '21.0.3'
Driver info: org.openqa.selenium.chrome.ChromeDriver
Capabilities {acceptInsecureCerts: false, browserName: chrome, browserVersion: 137.0.7151.69, chrome: {chromedriverVersion: 137.0.7151.70 (dfa4dc56b2ab..., userDataDir: C:\Users\INGRID~1.ZAD\AppDa...}, fedcm:accounts: true, goog:chromeOptions: {debuggerAddress: localhost:60571}, networkConnectionEnabled: false, pageLoadStrategy: normal, platformName: windows, proxy: Proxy(), se:cdp: ws://localhost:60571/devtoo..., se:cdpVersion: 137.0.7151.69, setWindowRect: true, strictFileInteractability: false, timeouts: {implicit: 0, pageLoad: 300000, script: 30000}, unhandledPromptBehavior: dismiss and notify, webauthn:extension:credBlob: true, webauthn:extension:largeBlob: true, webauthn:extension:minPinLength: true, webauthn:extension:prf: true, webauthn:virtualAuthenticators: true}
Session ID: 51cbc8fb8fb0d31fdd09590562e73604
2025-06-11 08:34:20 [main] INFO  l.i.u.t.SubmittedApplicationsPageTest - Marking 'Taip' radio button 9
2025-06-11 08:34:30 [main] ERROR l.i.u.p.SubmittedApplicationsPage - Error selecting radio button: Expected condition failed: waiting for element to be clickable: By.xpath: (//input[@type='radio' and @value='true'])[17] (tried for 10 second(s) with 500 milliseconds interval)
Build info: version: '4.27.0', revision: 'd6e718d134'
System info: os.name: 'Windows 11', os.arch: 'amd64', os.version: '10.0', java.version: '21.0.3'
Driver info: org.openqa.selenium.chrome.ChromeDriver
Capabilities {acceptInsecureCerts: false, browserName: chrome, browserVersion: 137.0.7151.69, chrome: {chromedriverVersion: 137.0.7151.70 (dfa4dc56b2ab..., userDataDir: C:\Users\INGRID~1.ZAD\AppDa...}, fedcm:accounts: true, goog:chromeOptions: {debuggerAddress: localhost:60571}, networkConnectionEnabled: false, pageLoadStrategy: normal, platformName: windows, proxy: Proxy(), se:cdp: ws://localhost:60571/devtoo..., se:cdpVersion: 137.0.7151.69, setWindowRect: true, strictFileInteractability: false, timeouts: {implicit: 0, pageLoad: 300000, script: 30000}, unhandledPromptBehavior: dismiss and notify, webauthn:extension:credBlob: true, webauthn:extension:largeBlob: true, webauthn:extension:minPinLength: true, webauthn:extension:prf: true, webauthn:virtualAuthenticators: true}
Session ID: 51cbc8fb8fb0d31fdd09590562e73604
2025-06-11 08:34:30 [main] INFO  l.i.u.t.SubmittedApplicationsPageTest - Marking 'Taip' radio button 10
2025-06-11 08:34:40 [main] ERROR l.i.u.p.SubmittedApplicationsPage - Error selecting radio button: Expected condition failed: waiting for element to be clickable: By.xpath: (//input[@type='radio' and @value='true'])[18] (tried for 10 second(s) with 500 milliseconds interval)
Build info: version: '4.27.0', revision: 'd6e718d134'
System info: os.name: 'Windows 11', os.arch: 'amd64', os.version: '10.0', java.version: '21.0.3'
Driver info: org.openqa.selenium.chrome.ChromeDriver
Capabilities {acceptInsecureCerts: false, browserName: chrome, browserVersion: 137.0.7151.69, chrome: {chromedriverVersion: 137.0.7151.70 (dfa4dc56b2ab..., userDataDir: C:\Users\INGRID~1.ZAD\AppDa...}, fedcm:accounts: true, goog:chromeOptions: {debuggerAddress: localhost:60571}, networkConnectionEnabled: false, pageLoadStrategy: normal, platformName: windows, proxy: Proxy(), se:cdp: ws://localhost:60571/devtoo..., se:cdpVersion: 137.0.7151.69, setWindowRect: true, strictFileInteractability: false, timeouts: {implicit: 0, pageLoad: 300000, script: 30000}, unhandledPromptBehavior: dismiss and notify, webauthn:extension:credBlob: true, webauthn:extension:largeBlob: true, webauthn:extension:minPinLength: true, webauthn:extension:prf: true, webauthn:virtualAuthenticators: true}
Session ID: 51cbc8fb8fb0d31fdd09590562e73604
2025-06-11 08:34:40 [main] INFO  l.i.u.t.SubmittedApplicationsPageTest - Marking 'Taip' radio button 11
2025-06-11 08:34:50 [main] ERROR l.i.u.p.SubmittedApplicationsPage - Error selecting radio button: Expected condition failed: waiting for element to be clickable: By.xpath: (//input[@type='radio' and @value='true'])[19] (tried for 10 second(s) with 500 milliseconds interval)
Build info: version: '4.27.0', revision: 'd6e718d134'
System info: os.name: 'Windows 11', os.arch: 'amd64', os.version: '10.0', java.version: '21.0.3'
Driver info: org.openqa.selenium.chrome.ChromeDriver
Capabilities {acceptInsecureCerts: false, browserName: chrome, browserVersion: 137.0.7151.69, chrome: {chromedriverVersion: 137.0.7151.70 (dfa4dc56b2ab..., userDataDir: C:\Users\INGRID~1.ZAD\AppDa...}, fedcm:accounts: true, goog:chromeOptions: {debuggerAddress: localhost:60571}, networkConnectionEnabled: false, pageLoadStrategy: normal, platformName: windows, proxy: Proxy(), se:cdp: ws://localhost:60571/devtoo..., se:cdpVersion: 137.0.7151.69, setWindowRect: true, strictFileInteractability: false, timeouts: {implicit: 0, pageLoad: 300000, script: 30000}, unhandledPromptBehavior: dismiss and notify, webauthn:extension:credBlob: true, webauthn:extension:largeBlob: true, webauthn:extension:minPinLength: true, webauthn:extension:prf: true, webauthn:virtualAuthenticators: true}
Session ID: 51cbc8fb8fb0d31fdd09590562e73604
2025-06-11 08:34:50 [main] INFO  l.i.u.t.SubmittedApplicationsPageTest - Marking 'Taip' radio button 12
2025-06-11 08:35:01 [main] DEBUG l.i.u.t.SubmittedApplicationsPageTest - Checked 'ConfirmationStepFour'
2025-06-11 08:35:01 [main] DEBUG l.i.u.t.SubmittedApplicationsPageTest - Clicked 'Next' button after checkboxes.
2025-06-11 08:35:01 [main] INFO  l.i.u.p.SubmittedApplicationsPage - File uploaded successfully to an input element.
2025-06-11 08:35:01 [main] INFO  l.i.u.p.SubmittedApplicationsPage - File uploaded successfully to an input element.
2025-06-11 08:35:01 [main] INFO  l.i.u.p.SubmittedApplicationsPage - File uploaded successfully to an input element.
2025-06-11 08:35:01 [main] INFO  l.i.u.p.SubmittedApplicationsPage - File uploaded successfully to an input element.
2025-06-11 08:35:01 [main] INFO  l.i.u.p.SubmittedApplicationsPage - File uploaded successfully to an input element.
2025-06-11 08:35:01 [main] INFO  l.i.u.p.SubmittedApplicationsPage - File uploaded successfully to an input element.
2025-06-11 08:35:01 [main] INFO  l.i.u.p.SubmittedApplicationsPage - File uploaded successfully to an input element.
2025-06-11 08:35:01 [main] INFO  l.i.u.p.SubmittedApplicationsPage - File uploaded successfully to an input element.
2025-06-11 08:35:01 [main] INFO  l.i.u.p.SubmittedApplicationsPage - File uploaded successfully to an input element.
2025-06-11 08:35:01 [main] INFO  l.i.u.p.SubmittedApplicationsPage - File uploaded successfully to an input element.
2025-06-11 08:35:01 [main] DEBUG l.i.u.t.SubmittedApplicationsPageTest - Entered program name: 'Dokumentas 1'.
2025-06-11 08:35:02 [main] DEBUG l.i.u.t.SubmittedApplicationsPageTest - Entered program name: 'Dokumentas 2'.
2025-06-11 08:35:02 [main] DEBUG l.i.u.t.SubmittedApplicationsPageTest - Entered program name: 'Dokumentas 3'.
2025-06-11 08:35:02 [main] DEBUG l.i.u.t.SubmittedApplicationsPageTest - Entered program name: 'Dokumentas 4'.
2025-06-11 08:35:02 [main] DEBUG l.i.u.t.SubmittedApplicationsPageTest - Entered program name: 'Dokumentas 5'.
2025-06-11 08:35:02 [main] DEBUG l.i.u.t.SubmittedApplicationsPageTest - Entered program name: 'Dokumentas 6'.
2025-06-11 08:35:02 [main] DEBUG l.i.u.t.SubmittedApplicationsPageTest - Entered program name: 'Dokumentas 4'.
2025-06-11 08:35:03 [main] DEBUG l.i.u.t.SubmittedApplicationsPageTest - Entered program name: 'Dokumentas 8'.
2025-06-11 08:35:03 [main] DEBUG l.i.u.t.SubmittedApplicationsPageTest - Entered program name: 'Dokumentas 9'.
2025-06-11 08:35:03 [main] DEBUG l.i.u.t.SubmittedApplicationsPageTest - Entered program name: 'Dokumentas 10'.
2025-06-11 08:35:13 [main] DEBUG l.i.u.t.SubmittedApplicationsPageTest - Checked 'ConfirmationDocument'
2025-06-11 08:35:23 [main] DEBUG l.i.u.t.SubmittedApplicationsPageTest - Checked 'ConfirmationApplication'
2025-06-11 08:35:23 [main] DEBUG l.i.u.t.SubmittedApplicationsPageTest - Clicked 'SaveDraft' button after checkboxes.
2025-06-11 08:35:23 [main] DEBUG l.i.uztis.pages.ApplicationFormsPage - Verified success message: 'Ruošinys sėkmingai išsaugotas.'
2025-06-11 08:35:23 [main] INFO  l.i.u.t.SubmittedApplicationsPageTest - Verified success message
2025-06-11 08:35:23 [main] DEBUG l.i.u.t.SubmittedApplicationsPageTest - Clicked 'Review' button after checkboxes.
2025-06-11 08:35:25 [main] DEBUG l.i.u.t.SubmittedApplicationsPageTest - Clicked 'Submit' button after checkboxes.
2025-06-11 08:35:25 [main] DEBUG l.i.u.t.SubmittedApplicationsPageTest - Clicked 'SubmitConfirmation' button after checkboxes.
2025-06-11 08:35:26 [main] ERROR l.i.uztis.pages.ApplicationFormsPage - Failed to verify the success message: 'Paraiška sėkmingai pateikta ir užregistruota.'. Available messages: [Ruošinys sėkmingai išsaugotas.]
2025-06-11 08:35:26 [main] INFO  l.i.u.t.SubmittedApplicationsPageTest - Test 'testFillNewVUIApplicationFA' completed successfully.
2025-06-11 08:37:48 [main] INFO  lt.insoft.uztis.tests.UztisPageTest - Navigated to https://uztisdev.asseco.lt/home
2025-06-11 08:37:48 [main] INFO  l.i.u.t.SubmittedApplicationsPageTest - Starting test:'testFillNewVUIPApplicationFA'
2025-06-11 08:37:48 [main] INFO  l.insoft.uztis.tests.utils.TestUtils - Login attempt with user: evaluation_chief
2025-06-11 08:37:48 [main] DEBUG l.i.u.t.SubmittedApplicationsPageTest - User logged in with test credentials
2025-06-11 08:37:49 [main] DEBUG l.i.u.t.SubmittedApplicationsPageTest - Opened 'Application Processing' menu.
2025-06-11 08:37:49 [main] DEBUG l.i.u.t.SubmittedApplicationsPageTest - Clicked on 'Application Forms' menu.
2025-06-11 08:37:49 [main] DEBUG l.i.u.t.SubmittedApplicationsPageTest - Retrieved last description code text: 'TST-VUI-20'.
2025-06-11 08:37:50 [main] DEBUG l.i.u.t.SubmittedApplicationsPageTest - Clicked on 'Invitation' menu.
2025-06-11 08:37:51 [main] DEBUG l.i.u.t.SubmittedApplicationsPageTest - Selected application section by code: 'TST-VUI-20'.
2025-06-11 08:37:51 [main] DEBUG l.i.u.t.SubmittedApplicationsPageTest - Clicked 'Search' button.
2025-06-11 08:37:51 [main] DEBUG l.i.u.t.SubmittedApplicationsPageTest - Retrieved invitation code: ''.
2025-06-11 08:37:51 [main] DEBUG l.i.u.t.SubmittedApplicationsPageTest - Clicked on 'Submitted Applications' menu.
2025-06-11 08:37:53 [main] DEBUG l.i.u.t.SubmittedApplicationsPageTest - Selected invitation by code: 'TST-VUI-20'.
2025-06-11 08:37:53 [main] DEBUG l.i.u.t.SubmittedApplicationsPageTest - Invitation code inserted.
2025-06-11 08:37:53 [main] DEBUG l.i.u.t.SubmittedApplicationsPageTest - Clicked on 'Action Application' button.
2025-06-11 08:37:53 [main] DEBUG l.i.u.t.SubmittedApplicationsPageTest - Clicked on 'New Application' button.
2025-06-11 08:37:54 [main] DEBUG l.i.u.t.SubmittedApplicationsPageTest - Selected the 'RadioButtonFA' option.
2025-06-11 08:37:54 [main] DEBUG l.i.u.t.SubmittedApplicationsPageTest - Entered phone number: '61298745'.
2025-06-11 08:37:54 [main] DEBUG l.i.u.t.SubmittedApplicationsPageTest - Entered email: 'test@autotest.com'.
2025-06-11 08:37:54 [main] INFO  l.i.u.p.SubmittedApplicationsPage - Clicking on the dropdown button.
2025-06-11 08:38:11 [main] INFO  l.i.u.p.SubmittedApplicationsPage - Found 1741 options in the dropdown.
2025-06-11 08:38:11 [main] DEBUG l.i.u.p.SubmittedApplicationsPage - Checking option: ''
2025-06-11 08:38:11 [main] DEBUG l.i.u.p.SubmittedApplicationsPage - Checking option: '01.11 - Grūdinių (išskyrus ryžius), ankštinių ir aliejingų sėklų augalų auginimas'
2025-06-11 08:38:11 [main] INFO  l.i.u.p.SubmittedApplicationsPage - Successfully selected the value: '01.11 - Grūdinių (išskyrus ryžius), ankštinių ir aliejingų sėklų augalų auginimas'
2025-06-11 08:38:11 [main] INFO  l.i.u.p.SubmittedApplicationsPage - Attempting to close the dropdown.
2025-06-11 08:38:11 [main] DEBUG l.i.u.t.SubmittedApplicationsPageTest - Selected EVRK value: '01.11 - Grūdinių (išskyrus ryžius), ankštinių ir aliejingų sėklų augalų auginimas'.
2025-06-11 08:38:12 [main] DEBUG l.i.u.t.SubmittedApplicationsPageTest - Clicked on 'Address Component' button.
2025-06-11 08:38:12 [main] INFO  l.i.u.p.SubmittedApplicationsPage - Located the dropdown button.
2025-06-11 08:38:15 [main] INFO  l.i.u.p.SubmittedApplicationsPage - Successfully selected the value: 'Lietuva'
2025-06-11 08:38:15 [main] DEBUG l.i.u.t.SubmittedApplicationsPageTest - Selected country: 'Lietuva'.
2025-06-11 08:38:15 [main] INFO  l.i.u.p.SubmittedApplicationsPage - Located the dropdown search field.
2025-06-11 08:38:15 [main] INFO  l.i.u.p.SubmittedApplicationsPage - Dropdown city is opened.
2025-06-11 08:38:15 [main] INFO  l.i.u.p.SubmittedApplicationsPage - Searched for value: 'Vilnius'
2025-06-11 08:38:16 [main] INFO  l.i.u.p.SubmittedApplicationsPage - Successfully selected: 'Vilnius'
2025-06-11 08:38:16 [main] INFO  l.i.u.p.SubmittedApplicationsPage - Located the dropdown button.
2025-06-11 08:38:17 [main] INFO  l.i.u.p.SubmittedApplicationsPage - Successfully selected the value: 'A. Domaševičiaus g.'
2025-06-11 08:38:17 [main] DEBUG l.i.u.t.SubmittedApplicationsPageTest - Selected street: 'A. Domaševičiaus g.'.
2025-06-11 08:38:17 [main] INFO  l.i.u.p.SubmittedApplicationsPage - Located the dropdown button.
2025-06-11 08:38:17 [main] INFO  l.i.u.p.SubmittedApplicationsPage - Successfully selected the value: '1'
2025-06-11 08:38:17 [main] DEBUG l.i.u.t.SubmittedApplicationsPageTest - Selected house: '1'.
2025-06-11 08:38:17 [main] INFO  l.i.u.p.SubmittedApplicationsPage - Located the dropdown button.
2025-06-11 08:38:18 [main] INFO  l.i.u.p.SubmittedApplicationsPage - Successfully selected the value: '1'
2025-06-11 08:38:18 [main] DEBUG l.i.u.t.SubmittedApplicationsPageTest - Selected apartment: '1'.
2025-06-11 08:38:18 [main] DEBUG l.i.u.t.SubmittedApplicationsPageTest - Clicked 'Confirm' button.
2025-06-11 08:38:18 [main] DEBUG l.i.u.t.SubmittedApplicationsPageTest - Entered project date.
2025-06-11 08:38:18 [main] DEBUG l.i.u.t.SubmittedApplicationsPageTest - Entered job count: '1'.
2025-06-11 08:38:18 [main] DEBUG l.i.u.t.SubmittedApplicationsPageTest - Clicked 'Next' button.
2025-06-11 08:38:18 [main] INFO  l.i.u.p.SubmittedApplicationsPage - Located the dropdown button.
2025-06-11 08:38:19 [main] INFO  l.i.u.p.SubmittedApplicationsPage - Successfully selected the value: 'Administratoriai'
2025-06-11 08:38:19 [main] DEBUG l.i.u.t.SubmittedApplicationsPageTest - Selected job name: 'Administratoriai'.
2025-06-11 08:38:20 [main] DEBUG l.i.u.t.SubmittedApplicationsPageTest - Entered job function: 'Funkcija 1'.
2025-06-11 08:38:20 [main] DEBUG l.i.u.t.SubmittedApplicationsPageTest - Selected 'RadioButtonWithDisabilities' option.
2025-06-11 08:38:20 [main] INFO  l.i.u.p.SubmittedApplicationsPage - Clicking on the dropdown button.
2025-06-11 08:38:21 [main] INFO  l.i.u.p.SubmittedApplicationsPage - Found 34 options in the dropdown.
2025-06-11 08:38:21 [main] DEBUG l.i.u.p.SubmittedApplicationsPage - Checking option: 'Asmenys, kuriems suteiktas pabėgėlio statusas ar perkeliamojo asmens statusas, arba asmenys, kuriems suteikta papildoma ar laikinoji apsauga, ir asmenys, turintys teisę gauti laikinąją apsaugą, iki sprendimo dėl laikinosios apsaugos suteikimo (nesuteikimo) priėmimo, tačiau ne ilgiau kaip laikinosios apsaugos laikotarpiu'
2025-06-11 08:38:21 [main] DEBUG l.i.u.p.SubmittedApplicationsPage - Checking option: 'Asmenys, kuriems suteiktas pabėgėlio statusas ar perkeliamojo asmens statusas, arba asmenys, kuriems suteikta papildoma ar laikinoji apsauga, ir asmenys, turintys teisę gauti laikinąją apsaugą, iki sprendimo dėl laikinosios apsaugos suteikimo (nesuteikimo) priėmimo, tačiau ne ilgiau kaip laikinosios apsaugos laikotarpiu'
2025-06-11 08:38:21 [main] DEBUG l.i.u.p.SubmittedApplicationsPage - Checking option: 'Asmenys, turintys teisę į papildomas užimtumo garantijas pagal Lietuvos Respublikos valstybės įmonės Ignalinos atominės elektrinės darbuotojų papildomų užimtumo ir socialinių garantijų įstatymą'
2025-06-11 08:38:21 [main] DEBUG l.i.u.p.SubmittedApplicationsPage - Checking option: 'Asmenys, turintys teisę į papildomas užimtumo garantijas pagal Lietuvos Respublikos valstybės įmonės Ignalinos atominės elektrinės darbuotojų papildomų užimtumo ir socialinių garantijų įstatymą'
2025-06-11 08:38:21 [main] DEBUG l.i.u.p.SubmittedApplicationsPage - Checking option: 'Bedarbiai iki 29 metų'
2025-06-11 08:38:21 [main] DEBUG l.i.u.p.SubmittedApplicationsPage - Checking option: 'Bedarbiai iki 29 metų'
2025-06-11 08:38:21 [main] DEBUG l.i.u.p.SubmittedApplicationsPage - Checking option: 'Bedarbiai, kurie yra darbingo amžiaus neįgalieji, kuriems nustatytas 30–40 procentų darbingumo lygis arba vidutinis neįgalumo lygis'
2025-06-11 08:38:21 [main] DEBUG l.i.u.p.SubmittedApplicationsPage - Checking option: 'Bedarbiai, kurie yra darbingo amžiaus neįgalieji, kuriems nustatytas 30–40 procentų darbingumo lygis arba vidutinis neįgalumo lygis'
2025-06-11 08:38:21 [main] DEBUG l.i.u.p.SubmittedApplicationsPage - Checking option: 'Bedarbiai, kurie yra darbingo amžiaus neįgalieji, kuriems nustatytas 45–55 procentų darbingumo lygis arba lengvas neįgalumo lygis'
2025-06-11 08:38:21 [main] DEBUG l.i.u.p.SubmittedApplicationsPage - Checking option: 'Bedarbiai, kurie yra darbingo amžiaus neįgalieji, kuriems nustatytas 45–55 procentų darbingumo lygis arba lengvas neįgalumo lygis'
2025-06-11 08:38:21 [main] DEBUG l.i.u.p.SubmittedApplicationsPage - Checking option: 'Bedarbiai, kurie yra darbingo amžiaus neįgalieji, kuriems nustatytas iki 25 procentų darbingumo lygis arba sunkus neįgalumo lygis'
2025-06-11 08:38:21 [main] INFO  l.i.u.p.SubmittedApplicationsPage - Successfully selected the value: 'Bedarbiai, kurie yra darbingo amžiaus neįgalieji, kuriems nustatytas iki 25 procentų darbingumo lygis arba sunkus neįgalumo lygis'
2025-06-11 08:38:21 [main] INFO  l.i.u.p.SubmittedApplicationsPage - Attempting to close the dropdown.
2025-06-11 08:38:22 [main] DEBUG l.i.u.t.SubmittedApplicationsPageTest - Selected disabilities type: 'Bedarbiai, kurie yra darbingo amžiaus neįgalieji, kuriems nustatytas iki 25 procentų darbingumo lygis arba sunkus neįgalumo lygis'.
2025-06-11 08:38:22 [main] DEBUG l.i.u.t.SubmittedApplicationsPageTest - Entered disability information: 'Negalia 1'.
2025-06-11 08:38:22 [main] INFO  l.i.u.p.SubmittedApplicationsPage - Located the dropdown button.
2025-06-11 08:38:22 [main] INFO  l.i.u.p.SubmittedApplicationsPage - Successfully selected the value: 'Kita'
2025-06-11 08:38:22 [main] DEBUG l.i.u.t.SubmittedApplicationsPageTest - Selected time mode: 'Kita'.
2025-06-11 08:38:23 [main] DEBUG l.i.u.t.SubmittedApplicationsPageTest - Selected time mode other: '6 val. per dieną ir 4 d. per savaitę'.
2025-06-11 08:38:23 [main] DEBUG l.i.u.t.SubmittedApplicationsPageTest - Entered qualification: 'Kvalifikacija 1'.
2025-06-11 08:38:23 [main] DEBUG l.i.u.t.SubmittedApplicationsPageTest - Entered job date.
2025-06-11 08:38:23 [main] DEBUG l.i.u.t.SubmittedApplicationsPageTest - Entered salary amount: '1200'.
2025-06-11 08:38:24 [main] DEBUG l.i.u.t.SubmittedApplicationsPageTest - Entered salary description: 'Užmokestis 1'.
2025-06-11 08:38:24 [main] DEBUG l.i.u.t.SubmittedApplicationsPageTest - Selected 'Temporary Job' radio button.
2025-06-11 08:38:24 [main] DEBUG l.i.u.t.SubmittedApplicationsPageTest - Selected 'Season Job' radio button.
2025-06-11 08:38:24 [main] DEBUG l.i.u.t.SubmittedApplicationsPageTest - Selected 'Energy' radio button.
2025-06-11 08:38:24 [main] DEBUG l.i.u.t.SubmittedApplicationsPageTest - Selected 'Repair' radio button.
2025-06-11 08:38:25 [main] DEBUG l.i.u.t.SubmittedApplicationsPageTest - Entered job description: 'Veikla 1'.
2025-06-11 08:38:25 [main] DEBUG l.i.u.t.SubmittedApplicationsPageTest - Entered process description: 'Procesas 1'.
2025-06-11 08:38:25 [main] DEBUG l.i.u.t.SubmittedApplicationsPageTest - Entered energy information: 'Energija 1'.
2025-06-11 08:38:25 [main] DEBUG l.i.u.t.SubmittedApplicationsPageTest - Entered repair information: 'Remontas 1'.
2025-06-11 08:38:26 [main] DEBUG l.i.u.t.SubmittedApplicationsPageTest - Selected 'PVM' radio button.
2025-06-11 08:38:26 [main] INFO  l.i.u.p.SubmittedApplicationsPage - Located the dropdown button.
2025-06-11 08:38:26 [main] INFO  l.i.u.p.SubmittedApplicationsPage - Successfully selected the value: 'Įsigyti'
2025-06-11 08:38:26 [main] DEBUG l.i.u.t.SubmittedApplicationsPageTest - Selected necessary for job: 'Įsigyti'.
2025-06-11 08:38:26 [main] DEBUG l.i.u.t.SubmittedApplicationsPageTest - Selected tool: 'Darbo priemonė 1'.
2025-06-11 08:38:27 [main] DEBUG l.i.u.t.SubmittedApplicationsPageTest - Selected tool parameter one: 'Darbo priemonės 1 parametras 1'.
2025-06-11 08:38:27 [main] DEBUG l.i.u.t.SubmittedApplicationsPageTest - Selected tool parameter two: 'Darbo priemonės 1 parametras 2'.
2025-06-11 08:38:27 [main] DEBUG l.i.u.t.SubmittedApplicationsPageTest - Selected tool parameter three: 'Darbo priemonės 1 parametras 3'.
2025-06-11 08:38:27 [main] DEBUG l.i.u.t.SubmittedApplicationsPageTest - Entered tool count: '1'.
2025-06-11 08:38:28 [main] DEBUG l.i.u.t.SubmittedApplicationsPageTest - Entered price amount 1: '1000'.
2025-06-11 08:38:30 [main] DEBUG l.i.u.t.SubmittedApplicationsPageTest - Entered own funds amount 1: '800'.
2025-06-11 08:38:32 [main] DEBUG l.i.u.t.SubmittedApplicationsPageTest - Clicked 'Add' button.
2025-06-11 08:38:32 [main] INFO  l.i.u.p.SubmittedApplicationsPage - Located the dropdown button.
2025-06-11 08:38:33 [main] INFO  l.i.u.p.SubmittedApplicationsPage - Successfully selected the value: 'Remontuoti'
2025-06-11 08:38:33 [main] DEBUG l.i.u.t.SubmittedApplicationsPageTest - Selected necessary for job 'to repair': 'Remontuoti'.
2025-06-11 08:38:33 [main] DEBUG l.i.u.t.SubmittedApplicationsPageTest - Selected repair name: 'Remonto pavadinimas 1'.
2025-06-11 08:38:33 [main] DEBUG l.i.u.t.SubmittedApplicationsPageTest - Entered repair information: 'Remonto aprašymas 1'.
2025-06-11 08:38:33 [main] DEBUG l.i.u.t.SubmittedApplicationsPageTest - Entered price amount 2: '1000'.
2025-06-11 08:38:36 [main] DEBUG l.i.u.t.SubmittedApplicationsPageTest - Entered own funds amount 2: '900'.
2025-06-11 08:38:38 [main] DEBUG l.i.u.t.SubmittedApplicationsPageTest - Clicked 'AddRemoved' button.
2025-06-11 08:38:40 [main] DEBUG l.i.u.t.SubmittedApplicationsPageTest - Clicked 'Remove' button.
2025-06-11 08:38:42 [main] DEBUG l.i.u.t.SubmittedApplicationsPageTest - Clicked 'Remove Confirmation' button.
2025-06-11 08:38:44 [main] DEBUG l.i.u.t.SubmittedApplicationsPageTest - Entered country percentage: '50'.
2025-06-11 08:38:44 [main] DEBUG l.i.u.t.SubmittedApplicationsPageTest - Entered institution percentage: '50'.
2025-06-11 08:38:45 [main] DEBUG l.i.u.t.SubmittedApplicationsPageTest - Entered municipality percentage: '50'.
2025-06-11 08:38:45 [main] DEBUG l.i.u.t.SubmittedApplicationsPageTest - Selected 'De Minimis' radio button.
2025-06-11 08:38:45 [main] DEBUG l.i.u.t.SubmittedApplicationsPageTest - Entered program name: 'Programa 1'.
2025-06-11 08:38:45 [main] DEBUG l.i.u.t.SubmittedApplicationsPageTest - Entered project date from.
2025-06-11 08:38:45 [main] DEBUG l.i.u.t.SubmittedApplicationsPageTest - Entered project date until.
2025-06-11 08:38:45 [main] DEBUG l.i.u.t.SubmittedApplicationsPageTest - Entered support amount: '2000'.
2025-06-11 08:38:46 [main] DEBUG l.i.u.t.SubmittedApplicationsPageTest - Clicked 'Next' button.
2025-06-11 08:38:56 [main] DEBUG l.i.u.t.SubmittedApplicationsPageTest - Checked 'Legal Entities' checkbox 1.
2025-06-11 08:39:06 [main] DEBUG l.i.u.t.SubmittedApplicationsPageTest - Checked 'Legal Entities' checkbox 2.
2025-06-11 08:39:16 [main] DEBUG l.i.u.t.SubmittedApplicationsPageTest - Checked 'Legal Entities' checkbox 3.
2025-06-11 08:39:16 [main] DEBUG l.i.u.t.SubmittedApplicationsPageTest - Test finished: All 'Legal Entities' checkboxes checked successfully.
2025-06-11 08:39:16 [main] DEBUG l.i.u.t.SubmittedApplicationsPageTest - Clicked 'Next' button after checkboxes.
2025-06-11 08:39:26 [main] ERROR l.i.u.p.SubmittedApplicationsPage - Error selecting radio button: Expected condition failed: waiting for element to be clickable: By.xpath: (//input[@type='radio' and @value='false'])[8] (tried for 10 second(s) with 500 milliseconds interval)
Build info: version: '4.27.0', revision: 'd6e718d134'
System info: os.name: 'Windows 11', os.arch: 'amd64', os.version: '10.0', java.version: '21.0.3'
Driver info: org.openqa.selenium.chrome.ChromeDriver
Capabilities {acceptInsecureCerts: false, browserName: chrome, browserVersion: 137.0.7151.69, chrome: {chromedriverVersion: 137.0.7151.70 (dfa4dc56b2ab..., userDataDir: C:\Users\INGRID~1.ZAD\AppDa...}, fedcm:accounts: true, goog:chromeOptions: {debuggerAddress: localhost:60821}, networkConnectionEnabled: false, pageLoadStrategy: normal, platformName: windows, proxy: Proxy(), se:cdp: ws://localhost:60821/devtoo..., se:cdpVersion: 137.0.7151.69, setWindowRect: true, strictFileInteractability: false, timeouts: {implicit: 0, pageLoad: 300000, script: 30000}, unhandledPromptBehavior: dismiss and notify, webauthn:extension:credBlob: true, webauthn:extension:largeBlob: true, webauthn:extension:minPinLength: true, webauthn:extension:prf: true, webauthn:virtualAuthenticators: true}
Session ID: 868e6725bb205eeb8ac4294f4d042f97
2025-06-11 08:39:26 [main] INFO  l.i.u.t.SubmittedApplicationsPageTest - Marking 'Ne' radio button 1
2025-06-11 08:39:37 [main] ERROR l.i.u.p.SubmittedApplicationsPage - Error selecting radio button: Expected condition failed: waiting for element to be clickable: By.xpath: (//input[@type='radio' and @value='false'])[9] (tried for 10 second(s) with 500 milliseconds interval)
Build info: version: '4.27.0', revision: 'd6e718d134'
System info: os.name: 'Windows 11', os.arch: 'amd64', os.version: '10.0', java.version: '21.0.3'
Driver info: org.openqa.selenium.chrome.ChromeDriver
Capabilities {acceptInsecureCerts: false, browserName: chrome, browserVersion: 137.0.7151.69, chrome: {chromedriverVersion: 137.0.7151.70 (dfa4dc56b2ab..., userDataDir: C:\Users\INGRID~1.ZAD\AppDa...}, fedcm:accounts: true, goog:chromeOptions: {debuggerAddress: localhost:60821}, networkConnectionEnabled: false, pageLoadStrategy: normal, platformName: windows, proxy: Proxy(), se:cdp: ws://localhost:60821/devtoo..., se:cdpVersion: 137.0.7151.69, setWindowRect: true, strictFileInteractability: false, timeouts: {implicit: 0, pageLoad: 300000, script: 30000}, unhandledPromptBehavior: dismiss and notify, webauthn:extension:credBlob: true, webauthn:extension:largeBlob: true, webauthn:extension:minPinLength: true, webauthn:extension:prf: true, webauthn:virtualAuthenticators: true}
Session ID: 868e6725bb205eeb8ac4294f4d042f97
2025-06-11 08:39:37 [main] INFO  l.i.u.t.SubmittedApplicationsPageTest - Marking 'Ne' radio button 2
2025-06-11 08:39:47 [main] ERROR l.i.u.p.SubmittedApplicationsPage - Error selecting radio button: Expected condition failed: waiting for element to be clickable: By.xpath: (//input[@type='radio' and @value='false'])[10] (tried for 10 second(s) with 500 milliseconds interval)
Build info: version: '4.27.0', revision: 'd6e718d134'
System info: os.name: 'Windows 11', os.arch: 'amd64', os.version: '10.0', java.version: '21.0.3'
Driver info: org.openqa.selenium.chrome.ChromeDriver
Capabilities {acceptInsecureCerts: false, browserName: chrome, browserVersion: 137.0.7151.69, chrome: {chromedriverVersion: 137.0.7151.70 (dfa4dc56b2ab..., userDataDir: C:\Users\INGRID~1.ZAD\AppDa...}, fedcm:accounts: true, goog:chromeOptions: {debuggerAddress: localhost:60821}, networkConnectionEnabled: false, pageLoadStrategy: normal, platformName: windows, proxy: Proxy(), se:cdp: ws://localhost:60821/devtoo..., se:cdpVersion: 137.0.7151.69, setWindowRect: true, strictFileInteractability: false, timeouts: {implicit: 0, pageLoad: 300000, script: 30000}, unhandledPromptBehavior: dismiss and notify, webauthn:extension:credBlob: true, webauthn:extension:largeBlob: true, webauthn:extension:minPinLength: true, webauthn:extension:prf: true, webauthn:virtualAuthenticators: true}
Session ID: 868e6725bb205eeb8ac4294f4d042f97
2025-06-11 08:39:47 [main] INFO  l.i.u.t.SubmittedApplicationsPageTest - Marking 'Ne' radio button 3
2025-06-11 08:39:57 [main] ERROR l.i.u.p.SubmittedApplicationsPage - Error selecting radio button: Expected condition failed: waiting for element to be clickable: By.xpath: (//input[@type='radio' and @value='false'])[11] (tried for 10 second(s) with 500 milliseconds interval)
Build info: version: '4.27.0', revision: 'd6e718d134'
System info: os.name: 'Windows 11', os.arch: 'amd64', os.version: '10.0', java.version: '21.0.3'
Driver info: org.openqa.selenium.chrome.ChromeDriver
Capabilities {acceptInsecureCerts: false, browserName: chrome, browserVersion: 137.0.7151.69, chrome: {chromedriverVersion: 137.0.7151.70 (dfa4dc56b2ab..., userDataDir: C:\Users\INGRID~1.ZAD\AppDa...}, fedcm:accounts: true, goog:chromeOptions: {debuggerAddress: localhost:60821}, networkConnectionEnabled: false, pageLoadStrategy: normal, platformName: windows, proxy: Proxy(), se:cdp: ws://localhost:60821/devtoo..., se:cdpVersion: 137.0.7151.69, setWindowRect: true, strictFileInteractability: false, timeouts: {implicit: 0, pageLoad: 300000, script: 30000}, unhandledPromptBehavior: dismiss and notify, webauthn:extension:credBlob: true, webauthn:extension:largeBlob: true, webauthn:extension:minPinLength: true, webauthn:extension:prf: true, webauthn:virtualAuthenticators: true}
Session ID: 868e6725bb205eeb8ac4294f4d042f97
2025-06-11 08:39:57 [main] INFO  l.i.u.t.SubmittedApplicationsPageTest - Marking 'Ne' radio button 4
2025-06-11 08:40:07 [main] ERROR l.i.u.p.SubmittedApplicationsPage - Error selecting radio button: Expected condition failed: waiting for element to be clickable: By.xpath: (//input[@type='radio' and @value='false'])[12] (tried for 10 second(s) with 500 milliseconds interval)
Build info: version: '4.27.0', revision: 'd6e718d134'
System info: os.name: 'Windows 11', os.arch: 'amd64', os.version: '10.0', java.version: '21.0.3'
Driver info: org.openqa.selenium.chrome.ChromeDriver
Capabilities {acceptInsecureCerts: false, browserName: chrome, browserVersion: 137.0.7151.69, chrome: {chromedriverVersion: 137.0.7151.70 (dfa4dc56b2ab..., userDataDir: C:\Users\INGRID~1.ZAD\AppDa...}, fedcm:accounts: true, goog:chromeOptions: {debuggerAddress: localhost:60821}, networkConnectionEnabled: false, pageLoadStrategy: normal, platformName: windows, proxy: Proxy(), se:cdp: ws://localhost:60821/devtoo..., se:cdpVersion: 137.0.7151.69, setWindowRect: true, strictFileInteractability: false, timeouts: {implicit: 0, pageLoad: 300000, script: 30000}, unhandledPromptBehavior: dismiss and notify, webauthn:extension:credBlob: true, webauthn:extension:largeBlob: true, webauthn:extension:minPinLength: true, webauthn:extension:prf: true, webauthn:virtualAuthenticators: true}
Session ID: 868e6725bb205eeb8ac4294f4d042f97
2025-06-11 08:40:07 [main] INFO  l.i.u.t.SubmittedApplicationsPageTest - Marking 'Ne' radio button 5
2025-06-11 08:40:17 [main] ERROR l.i.u.p.SubmittedApplicationsPage - Error selecting radio button: Expected condition failed: waiting for element to be clickable: By.xpath: (//input[@type='radio' and @value='false'])[13] (tried for 10 second(s) with 500 milliseconds interval)
Build info: version: '4.27.0', revision: 'd6e718d134'
System info: os.name: 'Windows 11', os.arch: 'amd64', os.version: '10.0', java.version: '21.0.3'
Driver info: org.openqa.selenium.chrome.ChromeDriver
Capabilities {acceptInsecureCerts: false, browserName: chrome, browserVersion: 137.0.7151.69, chrome: {chromedriverVersion: 137.0.7151.70 (dfa4dc56b2ab..., userDataDir: C:\Users\INGRID~1.ZAD\AppDa...}, fedcm:accounts: true, goog:chromeOptions: {debuggerAddress: localhost:60821}, networkConnectionEnabled: false, pageLoadStrategy: normal, platformName: windows, proxy: Proxy(), se:cdp: ws://localhost:60821/devtoo..., se:cdpVersion: 137.0.7151.69, setWindowRect: true, strictFileInteractability: false, timeouts: {implicit: 0, pageLoad: 300000, script: 30000}, unhandledPromptBehavior: dismiss and notify, webauthn:extension:credBlob: true, webauthn:extension:largeBlob: true, webauthn:extension:minPinLength: true, webauthn:extension:prf: true, webauthn:virtualAuthenticators: true}
Session ID: 868e6725bb205eeb8ac4294f4d042f97
2025-06-11 08:40:17 [main] INFO  l.i.u.t.SubmittedApplicationsPageTest - Marking 'Ne' radio button 6
2025-06-11 08:40:27 [main] ERROR l.i.u.p.SubmittedApplicationsPage - Error selecting radio button: Expected condition failed: waiting for element to be clickable: By.xpath: (//input[@type='radio' and @value='true'])[14] (tried for 10 second(s) with 500 milliseconds interval)
Build info: version: '4.27.0', revision: 'd6e718d134'
System info: os.name: 'Windows 11', os.arch: 'amd64', os.version: '10.0', java.version: '21.0.3'
Driver info: org.openqa.selenium.chrome.ChromeDriver
Capabilities {acceptInsecureCerts: false, browserName: chrome, browserVersion: 137.0.7151.69, chrome: {chromedriverVersion: 137.0.7151.70 (dfa4dc56b2ab..., userDataDir: C:\Users\INGRID~1.ZAD\AppDa...}, fedcm:accounts: true, goog:chromeOptions: {debuggerAddress: localhost:60821}, networkConnectionEnabled: false, pageLoadStrategy: normal, platformName: windows, proxy: Proxy(), se:cdp: ws://localhost:60821/devtoo..., se:cdpVersion: 137.0.7151.69, setWindowRect: true, strictFileInteractability: false, timeouts: {implicit: 0, pageLoad: 300000, script: 30000}, unhandledPromptBehavior: dismiss and notify, webauthn:extension:credBlob: true, webauthn:extension:largeBlob: true, webauthn:extension:minPinLength: true, webauthn:extension:prf: true, webauthn:virtualAuthenticators: true}
Session ID: 868e6725bb205eeb8ac4294f4d042f97
2025-06-11 08:40:27 [main] INFO  l.i.u.t.SubmittedApplicationsPageTest - Marking 'Taip' radio button 7
2025-06-11 08:40:37 [main] ERROR l.i.u.p.SubmittedApplicationsPage - Error selecting radio button: Expected condition failed: waiting for element to be clickable: By.xpath: (//input[@type='radio' and @value='true'])[15] (tried for 10 second(s) with 500 milliseconds interval)
Build info: version: '4.27.0', revision: 'd6e718d134'
System info: os.name: 'Windows 11', os.arch: 'amd64', os.version: '10.0', java.version: '21.0.3'
Driver info: org.openqa.selenium.chrome.ChromeDriver
Capabilities {acceptInsecureCerts: false, browserName: chrome, browserVersion: 137.0.7151.69, chrome: {chromedriverVersion: 137.0.7151.70 (dfa4dc56b2ab..., userDataDir: C:\Users\INGRID~1.ZAD\AppDa...}, fedcm:accounts: true, goog:chromeOptions: {debuggerAddress: localhost:60821}, networkConnectionEnabled: false, pageLoadStrategy: normal, platformName: windows, proxy: Proxy(), se:cdp: ws://localhost:60821/devtoo..., se:cdpVersion: 137.0.7151.69, setWindowRect: true, strictFileInteractability: false, timeouts: {implicit: 0, pageLoad: 300000, script: 30000}, unhandledPromptBehavior: dismiss and notify, webauthn:extension:credBlob: true, webauthn:extension:largeBlob: true, webauthn:extension:minPinLength: true, webauthn:extension:prf: true, webauthn:virtualAuthenticators: true}
Session ID: 868e6725bb205eeb8ac4294f4d042f97
2025-06-11 08:40:37 [main] INFO  l.i.u.t.SubmittedApplicationsPageTest - Marking 'Taip' radio button 8
2025-06-11 08:40:47 [main] ERROR l.i.u.p.SubmittedApplicationsPage - Error selecting radio button: Expected condition failed: waiting for element to be clickable: By.xpath: (//input[@type='radio' and @value='true'])[16] (tried for 10 second(s) with 500 milliseconds interval)
Build info: version: '4.27.0', revision: 'd6e718d134'
System info: os.name: 'Windows 11', os.arch: 'amd64', os.version: '10.0', java.version: '21.0.3'
Driver info: org.openqa.selenium.chrome.ChromeDriver
Capabilities {acceptInsecureCerts: false, browserName: chrome, browserVersion: 137.0.7151.69, chrome: {chromedriverVersion: 137.0.7151.70 (dfa4dc56b2ab..., userDataDir: C:\Users\INGRID~1.ZAD\AppDa...}, fedcm:accounts: true, goog:chromeOptions: {debuggerAddress: localhost:60821}, networkConnectionEnabled: false, pageLoadStrategy: normal, platformName: windows, proxy: Proxy(), se:cdp: ws://localhost:60821/devtoo..., se:cdpVersion: 137.0.7151.69, setWindowRect: true, strictFileInteractability: false, timeouts: {implicit: 0, pageLoad: 300000, script: 30000}, unhandledPromptBehavior: dismiss and notify, webauthn:extension:credBlob: true, webauthn:extension:largeBlob: true, webauthn:extension:minPinLength: true, webauthn:extension:prf: true, webauthn:virtualAuthenticators: true}
Session ID: 868e6725bb205eeb8ac4294f4d042f97
2025-06-11 08:40:47 [main] INFO  l.i.u.t.SubmittedApplicationsPageTest - Marking 'Taip' radio button 9
2025-06-11 08:40:57 [main] ERROR l.i.u.p.SubmittedApplicationsPage - Error selecting radio button: Expected condition failed: waiting for element to be clickable: By.xpath: (//input[@type='radio' and @value='true'])[17] (tried for 10 second(s) with 500 milliseconds interval)
Build info: version: '4.27.0', revision: 'd6e718d134'
System info: os.name: 'Windows 11', os.arch: 'amd64', os.version: '10.0', java.version: '21.0.3'
Driver info: org.openqa.selenium.chrome.ChromeDriver
Capabilities {acceptInsecureCerts: false, browserName: chrome, browserVersion: 137.0.7151.69, chrome: {chromedriverVersion: 137.0.7151.70 (dfa4dc56b2ab..., userDataDir: C:\Users\INGRID~1.ZAD\AppDa...}, fedcm:accounts: true, goog:chromeOptions: {debuggerAddress: localhost:60821}, networkConnectionEnabled: false, pageLoadStrategy: normal, platformName: windows, proxy: Proxy(), se:cdp: ws://localhost:60821/devtoo..., se:cdpVersion: 137.0.7151.69, setWindowRect: true, strictFileInteractability: false, timeouts: {implicit: 0, pageLoad: 300000, script: 30000}, unhandledPromptBehavior: dismiss and notify, webauthn:extension:credBlob: true, webauthn:extension:largeBlob: true, webauthn:extension:minPinLength: true, webauthn:extension:prf: true, webauthn:virtualAuthenticators: true}
Session ID: 868e6725bb205eeb8ac4294f4d042f97
2025-06-11 08:40:57 [main] INFO  l.i.u.t.SubmittedApplicationsPageTest - Marking 'Taip' radio button 10
2025-06-11 08:41:07 [main] ERROR l.i.u.p.SubmittedApplicationsPage - Error selecting radio button: Expected condition failed: waiting for element to be clickable: By.xpath: (//input[@type='radio' and @value='true'])[18] (tried for 10 second(s) with 500 milliseconds interval)
Build info: version: '4.27.0', revision: 'd6e718d134'
System info: os.name: 'Windows 11', os.arch: 'amd64', os.version: '10.0', java.version: '21.0.3'
Driver info: org.openqa.selenium.chrome.ChromeDriver
Capabilities {acceptInsecureCerts: false, browserName: chrome, browserVersion: 137.0.7151.69, chrome: {chromedriverVersion: 137.0.7151.70 (dfa4dc56b2ab..., userDataDir: C:\Users\INGRID~1.ZAD\AppDa...}, fedcm:accounts: true, goog:chromeOptions: {debuggerAddress: localhost:60821}, networkConnectionEnabled: false, pageLoadStrategy: normal, platformName: windows, proxy: Proxy(), se:cdp: ws://localhost:60821/devtoo..., se:cdpVersion: 137.0.7151.69, setWindowRect: true, strictFileInteractability: false, timeouts: {implicit: 0, pageLoad: 300000, script: 30000}, unhandledPromptBehavior: dismiss and notify, webauthn:extension:credBlob: true, webauthn:extension:largeBlob: true, webauthn:extension:minPinLength: true, webauthn:extension:prf: true, webauthn:virtualAuthenticators: true}
Session ID: 868e6725bb205eeb8ac4294f4d042f97
2025-06-11 08:41:07 [main] INFO  l.i.u.t.SubmittedApplicationsPageTest - Marking 'Taip' radio button 11
2025-06-11 08:41:17 [main] ERROR l.i.u.p.SubmittedApplicationsPage - Error selecting radio button: Expected condition failed: waiting for element to be clickable: By.xpath: (//input[@type='radio' and @value='true'])[19] (tried for 10 second(s) with 500 milliseconds interval)
Build info: version: '4.27.0', revision: 'd6e718d134'
System info: os.name: 'Windows 11', os.arch: 'amd64', os.version: '10.0', java.version: '21.0.3'
Driver info: org.openqa.selenium.chrome.ChromeDriver
Capabilities {acceptInsecureCerts: false, browserName: chrome, browserVersion: 137.0.7151.69, chrome: {chromedriverVersion: 137.0.7151.70 (dfa4dc56b2ab..., userDataDir: C:\Users\INGRID~1.ZAD\AppDa...}, fedcm:accounts: true, goog:chromeOptions: {debuggerAddress: localhost:60821}, networkConnectionEnabled: false, pageLoadStrategy: normal, platformName: windows, proxy: Proxy(), se:cdp: ws://localhost:60821/devtoo..., se:cdpVersion: 137.0.7151.69, setWindowRect: true, strictFileInteractability: false, timeouts: {implicit: 0, pageLoad: 300000, script: 30000}, unhandledPromptBehavior: dismiss and notify, webauthn:extension:credBlob: true, webauthn:extension:largeBlob: true, webauthn:extension:minPinLength: true, webauthn:extension:prf: true, webauthn:virtualAuthenticators: true}
Session ID: 868e6725bb205eeb8ac4294f4d042f97
2025-06-11 08:41:17 [main] INFO  l.i.u.t.SubmittedApplicationsPageTest - Marking 'Taip' radio button 12
2025-06-11 08:41:27 [main] DEBUG l.i.u.t.SubmittedApplicationsPageTest - Checked 'ConfirmationStepFour'
2025-06-11 08:41:28 [main] DEBUG l.i.u.t.SubmittedApplicationsPageTest - Clicked 'Next' button after checkboxes.
2025-06-11 08:41:28 [main] INFO  l.i.u.p.SubmittedApplicationsPage - File uploaded successfully to an input element.
2025-06-11 08:41:28 [main] INFO  l.i.u.p.SubmittedApplicationsPage - File uploaded successfully to an input element.
2025-06-11 08:41:28 [main] INFO  l.i.u.p.SubmittedApplicationsPage - File uploaded successfully to an input element.
2025-06-11 08:41:28 [main] INFO  l.i.u.p.SubmittedApplicationsPage - File uploaded successfully to an input element.
2025-06-11 08:41:28 [main] INFO  l.i.u.p.SubmittedApplicationsPage - File uploaded successfully to an input element.
2025-06-11 08:41:28 [main] INFO  l.i.u.p.SubmittedApplicationsPage - File uploaded successfully to an input element.
2025-06-11 08:41:28 [main] INFO  l.i.u.p.SubmittedApplicationsPage - File uploaded successfully to an input element.
2025-06-11 08:41:28 [main] INFO  l.i.u.p.SubmittedApplicationsPage - File uploaded successfully to an input element.
2025-06-11 08:41:28 [main] INFO  l.i.u.p.SubmittedApplicationsPage - File uploaded successfully to an input element.
2025-06-11 08:41:28 [main] INFO  l.i.u.p.SubmittedApplicationsPage - File uploaded successfully to an input element.
2025-06-11 08:41:28 [main] DEBUG l.i.u.t.SubmittedApplicationsPageTest - Entered program name: 'Dokumentas 1'.
2025-06-11 08:41:29 [main] DEBUG l.i.u.t.SubmittedApplicationsPageTest - Entered program name: 'Dokumentas 2'.
2025-06-11 08:41:29 [main] DEBUG l.i.u.t.SubmittedApplicationsPageTest - Entered program name: 'Dokumentas 3'.
2025-06-11 08:41:29 [main] DEBUG l.i.u.t.SubmittedApplicationsPageTest - Entered program name: 'Dokumentas 4'.
2025-06-11 08:41:29 [main] DEBUG l.i.u.t.SubmittedApplicationsPageTest - Entered program name: 'Dokumentas 5'.
2025-06-11 08:41:29 [main] DEBUG l.i.u.t.SubmittedApplicationsPageTest - Entered program name: 'Dokumentas 6'.
2025-06-11 08:41:29 [main] DEBUG l.i.u.t.SubmittedApplicationsPageTest - Entered program name: 'Dokumentas 4'.
2025-06-11 08:41:30 [main] DEBUG l.i.u.t.SubmittedApplicationsPageTest - Entered program name: 'Dokumentas 8'.
2025-06-11 08:41:30 [main] DEBUG l.i.u.t.SubmittedApplicationsPageTest - Entered program name: 'Dokumentas 9'.
2025-06-11 08:41:30 [main] DEBUG l.i.u.t.SubmittedApplicationsPageTest - Entered program name: 'Dokumentas 10'.
2025-06-11 08:41:40 [main] DEBUG l.i.u.t.SubmittedApplicationsPageTest - Checked 'ConfirmationDocument'
2025-06-11 08:41:50 [main] DEBUG l.i.u.t.SubmittedApplicationsPageTest - Checked 'ConfirmationApplication'
2025-06-11 08:41:50 [main] DEBUG l.i.u.t.SubmittedApplicationsPageTest - Clicked 'SaveDraft' button after checkboxes.
2025-06-11 08:41:50 [main] DEBUG l.i.uztis.pages.ApplicationFormsPage - Verified success message: 'Ruošinys sėkmingai išsaugotas.'
2025-06-11 08:41:50 [main] INFO  l.i.u.t.SubmittedApplicationsPageTest - Verified success message
2025-06-11 08:41:50 [main] DEBUG l.i.u.t.SubmittedApplicationsPageTest - Clicked 'Review' button after checkboxes.
2025-06-11 08:41:52 [main] DEBUG l.i.u.t.SubmittedApplicationsPageTest - Clicked 'Submit' button after checkboxes.
2025-06-11 08:41:53 [main] DEBUG l.i.u.t.SubmittedApplicationsPageTest - Clicked 'SubmitConfirmation' button after checkboxes.
2025-06-11 08:41:53 [main] ERROR l.i.uztis.pages.ApplicationFormsPage - Failed to verify the success message: 'Paraiška sėkmingai pateikta ir užregistruota.'. Available messages: [Ruošinys sėkmingai išsaugotas.]
2025-06-11 08:41:53 [main] INFO  l.i.u.t.SubmittedApplicationsPageTest - Test 'testFillNewVUIApplicationFA' completed successfully.
2025-06-11 08:51:34 [main] INFO  lt.insoft.uztis.tests.UztisPageTest - Navigated to https://uztisdev.asseco.lt/home
2025-06-11 08:51:34 [main] INFO  l.i.u.t.SubmittedApplicationsPageTest - Starting test:'testFillNewVUIPApplicationFA'
2025-06-11 08:51:35 [main] INFO  l.insoft.uztis.tests.utils.TestUtils - Login attempt with user: evaluation_chief
2025-06-11 08:51:35 [main] DEBUG l.i.u.t.SubmittedApplicationsPageTest - User logged in with test credentials
2025-06-11 08:51:35 [main] DEBUG l.i.u.t.SubmittedApplicationsPageTest - Opened 'Application Processing' menu.
2025-06-11 08:51:35 [main] DEBUG l.i.u.t.SubmittedApplicationsPageTest - Clicked on 'Application Forms' menu.
2025-06-11 08:51:36 [main] DEBUG l.i.u.t.SubmittedApplicationsPageTest - Retrieved last description code text: 'TST-VUI-20'.
2025-06-11 08:51:36 [main] DEBUG l.i.u.t.SubmittedApplicationsPageTest - Clicked on 'Invitation' menu.
2025-06-11 08:51:37 [main] DEBUG l.i.u.t.SubmittedApplicationsPageTest - Selected application section by code: 'TST-VUI-20'.
2025-06-11 08:51:37 [main] DEBUG l.i.u.t.SubmittedApplicationsPageTest - Clicked 'Search' button.
2025-06-11 08:51:37 [main] DEBUG l.i.u.t.SubmittedApplicationsPageTest - Retrieved invitation code: ''.
2025-06-11 08:51:38 [main] DEBUG l.i.u.t.SubmittedApplicationsPageTest - Clicked on 'Submitted Applications' menu.
2025-06-11 08:51:39 [main] DEBUG l.i.u.t.SubmittedApplicationsPageTest - Selected invitation by code: 'TST-VUI-20'.
2025-06-11 08:51:39 [main] DEBUG l.i.u.t.SubmittedApplicationsPageTest - Invitation code inserted.
2025-06-11 08:51:39 [main] DEBUG l.i.u.t.SubmittedApplicationsPageTest - Clicked on 'Action Application' button.
2025-06-11 08:51:40 [main] DEBUG l.i.u.t.SubmittedApplicationsPageTest - Clicked on 'New Application' button.
2025-06-11 08:51:40 [main] DEBUG l.i.u.t.SubmittedApplicationsPageTest - Selected the 'RadioButtonFA' option.
2025-06-11 08:51:40 [main] DEBUG l.i.u.t.SubmittedApplicationsPageTest - Entered phone number: '61298745'.
2025-06-11 08:51:40 [main] DEBUG l.i.u.t.SubmittedApplicationsPageTest - Entered email: 'test@autotest.com'.
2025-06-11 08:51:40 [main] INFO  l.i.u.p.SubmittedApplicationsPage - Clicking on the dropdown button.
2025-06-11 08:51:57 [main] INFO  l.i.u.p.SubmittedApplicationsPage - Found 1741 options in the dropdown.
2025-06-11 08:51:57 [main] DEBUG l.i.u.p.SubmittedApplicationsPage - Checking option: ''
2025-06-11 08:51:57 [main] DEBUG l.i.u.p.SubmittedApplicationsPage - Checking option: '01.11 - Grūdinių (išskyrus ryžius), ankštinių ir aliejingų sėklų augalų auginimas'
2025-06-11 08:51:57 [main] INFO  l.i.u.p.SubmittedApplicationsPage - Successfully selected the value: '01.11 - Grūdinių (išskyrus ryžius), ankštinių ir aliejingų sėklų augalų auginimas'
2025-06-11 08:51:57 [main] INFO  l.i.u.p.SubmittedApplicationsPage - Attempting to close the dropdown.
2025-06-11 08:51:58 [main] DEBUG l.i.u.t.SubmittedApplicationsPageTest - Selected EVRK value: '01.11 - Grūdinių (išskyrus ryžius), ankštinių ir aliejingų sėklų augalų auginimas'.
2025-06-11 08:51:58 [main] DEBUG l.i.u.t.SubmittedApplicationsPageTest - Clicked on 'Address Component' button.
2025-06-11 08:51:58 [main] INFO  l.i.u.p.SubmittedApplicationsPage - Located the dropdown button.
2025-06-11 08:52:01 [main] INFO  l.i.u.p.SubmittedApplicationsPage - Successfully selected the value: 'Lietuva'
2025-06-11 08:52:01 [main] DEBUG l.i.u.t.SubmittedApplicationsPageTest - Selected country: 'Lietuva'.
2025-06-11 08:52:01 [main] INFO  l.i.u.p.SubmittedApplicationsPage - Located the dropdown search field.
2025-06-11 08:52:02 [main] INFO  l.i.u.p.SubmittedApplicationsPage - Dropdown city is opened.
2025-06-11 08:52:02 [main] INFO  l.i.u.p.SubmittedApplicationsPage - Searched for value: 'Vilnius'
2025-06-11 08:52:03 [main] INFO  l.i.u.p.SubmittedApplicationsPage - Successfully selected: 'Vilnius'
2025-06-11 08:52:03 [main] INFO  l.i.u.p.SubmittedApplicationsPage - Located the dropdown button.
2025-06-11 08:52:03 [main] INFO  l.i.u.p.SubmittedApplicationsPage - Successfully selected the value: 'A. Domaševičiaus g.'
2025-06-11 08:52:03 [main] DEBUG l.i.u.t.SubmittedApplicationsPageTest - Selected street: 'A. Domaševičiaus g.'.
2025-06-11 08:52:03 [main] INFO  l.i.u.p.SubmittedApplicationsPage - Located the dropdown button.
2025-06-11 08:52:04 [main] INFO  l.i.u.p.SubmittedApplicationsPage - Successfully selected the value: '1'
2025-06-11 08:52:04 [main] DEBUG l.i.u.t.SubmittedApplicationsPageTest - Selected house: '1'.
2025-06-11 08:52:04 [main] INFO  l.i.u.p.SubmittedApplicationsPage - Located the dropdown button.
2025-06-11 08:52:04 [main] INFO  l.i.u.p.SubmittedApplicationsPage - Successfully selected the value: '1'
2025-06-11 08:52:04 [main] DEBUG l.i.u.t.SubmittedApplicationsPageTest - Selected apartment: '1'.
2025-06-11 08:52:04 [main] DEBUG l.i.u.t.SubmittedApplicationsPageTest - Clicked 'Confirm' button.
2025-06-11 08:52:04 [main] DEBUG l.i.u.t.SubmittedApplicationsPageTest - Entered project date.
2025-06-11 08:52:04 [main] DEBUG l.i.u.t.SubmittedApplicationsPageTest - Entered job count: '1'.
2025-06-11 08:52:05 [main] DEBUG l.i.u.t.SubmittedApplicationsPageTest - Clicked 'Next' button.
2025-06-11 08:52:05 [main] INFO  l.i.u.p.SubmittedApplicationsPage - Located the dropdown button.
2025-06-11 08:52:06 [main] INFO  l.i.u.p.SubmittedApplicationsPage - Successfully selected the value: 'Administratoriai'
2025-06-11 08:52:06 [main] DEBUG l.i.u.t.SubmittedApplicationsPageTest - Selected job name: 'Administratoriai'.
2025-06-11 08:52:06 [main] DEBUG l.i.u.t.SubmittedApplicationsPageTest - Entered job function: 'Funkcija 1'.
2025-06-11 08:52:06 [main] DEBUG l.i.u.t.SubmittedApplicationsPageTest - Selected 'RadioButtonWithDisabilities' option.
2025-06-11 08:52:06 [main] INFO  l.i.u.p.SubmittedApplicationsPage - Clicking on the dropdown button.
2025-06-11 08:52:07 [main] INFO  l.i.u.p.SubmittedApplicationsPage - Found 34 options in the dropdown.
2025-06-11 08:52:07 [main] DEBUG l.i.u.p.SubmittedApplicationsPage - Checking option: 'Asmenys, kuriems suteiktas pabėgėlio statusas ar perkeliamojo asmens statusas, arba asmenys, kuriems suteikta papildoma ar laikinoji apsauga, ir asmenys, turintys teisę gauti laikinąją apsaugą, iki sprendimo dėl laikinosios apsaugos suteikimo (nesuteikimo) priėmimo, tačiau ne ilgiau kaip laikinosios apsaugos laikotarpiu'
2025-06-11 08:52:07 [main] DEBUG l.i.u.p.SubmittedApplicationsPage - Checking option: 'Asmenys, kuriems suteiktas pabėgėlio statusas ar perkeliamojo asmens statusas, arba asmenys, kuriems suteikta papildoma ar laikinoji apsauga, ir asmenys, turintys teisę gauti laikinąją apsaugą, iki sprendimo dėl laikinosios apsaugos suteikimo (nesuteikimo) priėmimo, tačiau ne ilgiau kaip laikinosios apsaugos laikotarpiu'
2025-06-11 08:52:07 [main] DEBUG l.i.u.p.SubmittedApplicationsPage - Checking option: 'Asmenys, turintys teisę į papildomas užimtumo garantijas pagal Lietuvos Respublikos valstybės įmonės Ignalinos atominės elektrinės darbuotojų papildomų užimtumo ir socialinių garantijų įstatymą'
2025-06-11 08:52:07 [main] DEBUG l.i.u.p.SubmittedApplicationsPage - Checking option: 'Asmenys, turintys teisę į papildomas užimtumo garantijas pagal Lietuvos Respublikos valstybės įmonės Ignalinos atominės elektrinės darbuotojų papildomų užimtumo ir socialinių garantijų įstatymą'
2025-06-11 08:52:07 [main] DEBUG l.i.u.p.SubmittedApplicationsPage - Checking option: 'Bedarbiai iki 29 metų'
2025-06-11 08:52:07 [main] DEBUG l.i.u.p.SubmittedApplicationsPage - Checking option: 'Bedarbiai iki 29 metų'
2025-06-11 08:52:07 [main] DEBUG l.i.u.p.SubmittedApplicationsPage - Checking option: 'Bedarbiai, kurie yra darbingo amžiaus neįgalieji, kuriems nustatytas 30–40 procentų darbingumo lygis arba vidutinis neįgalumo lygis'
2025-06-11 08:52:07 [main] DEBUG l.i.u.p.SubmittedApplicationsPage - Checking option: 'Bedarbiai, kurie yra darbingo amžiaus neįgalieji, kuriems nustatytas 30–40 procentų darbingumo lygis arba vidutinis neįgalumo lygis'
2025-06-11 08:52:07 [main] DEBUG l.i.u.p.SubmittedApplicationsPage - Checking option: 'Bedarbiai, kurie yra darbingo amžiaus neįgalieji, kuriems nustatytas 45–55 procentų darbingumo lygis arba lengvas neįgalumo lygis'
2025-06-11 08:52:07 [main] DEBUG l.i.u.p.SubmittedApplicationsPage - Checking option: 'Bedarbiai, kurie yra darbingo amžiaus neįgalieji, kuriems nustatytas 45–55 procentų darbingumo lygis arba lengvas neįgalumo lygis'
2025-06-11 08:52:07 [main] DEBUG l.i.u.p.SubmittedApplicationsPage - Checking option: 'Bedarbiai, kurie yra darbingo amžiaus neįgalieji, kuriems nustatytas iki 25 procentų darbingumo lygis arba sunkus neįgalumo lygis'
2025-06-11 08:52:07 [main] INFO  l.i.u.p.SubmittedApplicationsPage - Successfully selected the value: 'Bedarbiai, kurie yra darbingo amžiaus neįgalieji, kuriems nustatytas iki 25 procentų darbingumo lygis arba sunkus neįgalumo lygis'
2025-06-11 08:52:07 [main] INFO  l.i.u.p.SubmittedApplicationsPage - Attempting to close the dropdown.
2025-06-11 08:52:08 [main] DEBUG l.i.u.t.SubmittedApplicationsPageTest - Selected disabilities type: 'Bedarbiai, kurie yra darbingo amžiaus neįgalieji, kuriems nustatytas iki 25 procentų darbingumo lygis arba sunkus neįgalumo lygis'.
2025-06-11 08:52:08 [main] DEBUG l.i.u.t.SubmittedApplicationsPageTest - Entered disability information: 'Negalia 1'.
2025-06-11 08:52:08 [main] INFO  l.i.u.p.SubmittedApplicationsPage - Located the dropdown button.
2025-06-11 08:52:08 [main] INFO  l.i.u.p.SubmittedApplicationsPage - Successfully selected the value: 'Kita'
2025-06-11 08:52:08 [main] DEBUG l.i.u.t.SubmittedApplicationsPageTest - Selected time mode: 'Kita'.
2025-06-11 08:52:09 [main] DEBUG l.i.u.t.SubmittedApplicationsPageTest - Selected time mode other: '6 val. per dieną ir 4 d. per savaitę'.
2025-06-11 08:52:09 [main] DEBUG l.i.u.t.SubmittedApplicationsPageTest - Entered qualification: 'Kvalifikacija 1'.
2025-06-11 08:52:09 [main] DEBUG l.i.u.t.SubmittedApplicationsPageTest - Entered job date.
2025-06-11 08:52:09 [main] DEBUG l.i.u.t.SubmittedApplicationsPageTest - Entered salary amount: '1200'.
2025-06-11 08:52:10 [main] DEBUG l.i.u.t.SubmittedApplicationsPageTest - Entered salary description: 'Užmokestis 1'.
2025-06-11 08:52:10 [main] DEBUG l.i.u.t.SubmittedApplicationsPageTest - Selected 'Temporary Job' radio button.
2025-06-11 08:52:10 [main] DEBUG l.i.u.t.SubmittedApplicationsPageTest - Selected 'Season Job' radio button.
2025-06-11 08:52:10 [main] DEBUG l.i.u.t.SubmittedApplicationsPageTest - Selected 'Energy' radio button.
2025-06-11 08:52:11 [main] DEBUG l.i.u.t.SubmittedApplicationsPageTest - Selected 'Repair' radio button.
2025-06-11 08:52:11 [main] DEBUG l.i.u.t.SubmittedApplicationsPageTest - Entered job description: 'Veikla 1'.
2025-06-11 08:52:11 [main] DEBUG l.i.u.t.SubmittedApplicationsPageTest - Entered process description: 'Procesas 1'.
2025-06-11 08:52:11 [main] DEBUG l.i.u.t.SubmittedApplicationsPageTest - Entered energy information: 'Energija 1'.
2025-06-11 08:52:12 [main] DEBUG l.i.u.t.SubmittedApplicationsPageTest - Entered repair information: 'Remontas 1'.
2025-06-11 08:52:12 [main] DEBUG l.i.u.t.SubmittedApplicationsPageTest - Selected 'PVM' radio button.
2025-06-11 08:52:12 [main] INFO  l.i.u.p.SubmittedApplicationsPage - Located the dropdown button.
2025-06-11 08:52:12 [main] INFO  l.i.u.p.SubmittedApplicationsPage - Successfully selected the value: 'Įsigyti'
2025-06-11 08:52:12 [main] DEBUG l.i.u.t.SubmittedApplicationsPageTest - Selected necessary for job: 'Įsigyti'.
2025-06-11 08:52:12 [main] DEBUG l.i.u.t.SubmittedApplicationsPageTest - Selected tool: 'Darbo priemonė 1'.
2025-06-11 08:52:13 [main] DEBUG l.i.u.t.SubmittedApplicationsPageTest - Selected tool parameter one: 'Darbo priemonės 1 parametras 1'.
2025-06-11 08:52:13 [main] DEBUG l.i.u.t.SubmittedApplicationsPageTest - Selected tool parameter two: 'Darbo priemonės 1 parametras 2'.
2025-06-11 08:52:13 [main] DEBUG l.i.u.t.SubmittedApplicationsPageTest - Selected tool parameter three: 'Darbo priemonės 1 parametras 3'.
2025-06-11 08:52:13 [main] DEBUG l.i.u.t.SubmittedApplicationsPageTest - Entered tool count: '1'.
2025-06-11 08:52:14 [main] DEBUG l.i.u.t.SubmittedApplicationsPageTest - Entered price amount 1: '1000'.
2025-06-11 08:52:16 [main] DEBUG l.i.u.t.SubmittedApplicationsPageTest - Entered own funds amount 1: '800'.
2025-06-11 08:52:18 [main] DEBUG l.i.u.t.SubmittedApplicationsPageTest - Clicked 'Add' button.
2025-06-11 08:52:18 [main] INFO  l.i.u.p.SubmittedApplicationsPage - Located the dropdown button.
2025-06-11 08:52:19 [main] INFO  l.i.u.p.SubmittedApplicationsPage - Successfully selected the value: 'Remontuoti'
2025-06-11 08:52:19 [main] DEBUG l.i.u.t.SubmittedApplicationsPageTest - Selected necessary for job 'to repair': 'Remontuoti'.
2025-06-11 08:52:19 [main] DEBUG l.i.u.t.SubmittedApplicationsPageTest - Selected repair name: 'Remonto pavadinimas 1'.
2025-06-11 08:52:19 [main] DEBUG l.i.u.t.SubmittedApplicationsPageTest - Entered repair information: 'Remonto aprašymas 1'.
2025-06-11 08:52:19 [main] DEBUG l.i.u.t.SubmittedApplicationsPageTest - Entered price amount 2: '1000'.
2025-06-11 08:52:22 [main] DEBUG l.i.u.t.SubmittedApplicationsPageTest - Entered own funds amount 2: '900'.
2025-06-11 08:52:24 [main] DEBUG l.i.u.t.SubmittedApplicationsPageTest - Clicked 'AddRemoved' button.
2025-06-11 08:52:26 [main] DEBUG l.i.u.t.SubmittedApplicationsPageTest - Clicked 'Remove' button.
2025-06-11 08:52:28 [main] DEBUG l.i.u.t.SubmittedApplicationsPageTest - Clicked 'Remove Confirmation' button.
2025-06-11 08:52:30 [main] DEBUG l.i.u.t.SubmittedApplicationsPageTest - Entered country percentage: '50'.
2025-06-11 08:52:30 [main] DEBUG l.i.u.t.SubmittedApplicationsPageTest - Entered institution percentage: '50'.
2025-06-11 08:52:31 [main] DEBUG l.i.u.t.SubmittedApplicationsPageTest - Entered municipality percentage: '50'.
2025-06-11 08:52:31 [main] DEBUG l.i.u.t.SubmittedApplicationsPageTest - Selected 'De Minimis' radio button.
2025-06-11 08:52:31 [main] DEBUG l.i.u.t.SubmittedApplicationsPageTest - Entered program name: 'Programa 1'.
2025-06-11 08:52:31 [main] DEBUG l.i.u.t.SubmittedApplicationsPageTest - Entered project date from.
2025-06-11 08:52:31 [main] DEBUG l.i.u.t.SubmittedApplicationsPageTest - Entered project date until.
2025-06-11 08:52:31 [main] DEBUG l.i.u.t.SubmittedApplicationsPageTest - Entered support amount: '2000'.
2025-06-11 08:52:32 [main] DEBUG l.i.u.t.SubmittedApplicationsPageTest - Clicked 'Next' button.
2025-06-11 08:52:42 [main] DEBUG l.i.u.t.SubmittedApplicationsPageTest - Checked 'Legal Entities' checkbox 1.
2025-06-11 08:52:52 [main] DEBUG l.i.u.t.SubmittedApplicationsPageTest - Checked 'Legal Entities' checkbox 2.
2025-06-11 08:53:02 [main] DEBUG l.i.u.t.SubmittedApplicationsPageTest - Checked 'Legal Entities' checkbox 3.
2025-06-11 08:53:02 [main] DEBUG l.i.u.t.SubmittedApplicationsPageTest - Test finished: All 'Legal Entities' checkboxes checked successfully.
2025-06-11 08:53:02 [main] DEBUG l.i.u.t.SubmittedApplicationsPageTest - Clicked 'Next' button after checkboxes.
2025-06-11 08:53:12 [main] ERROR l.i.u.p.SubmittedApplicationsPage - Error selecting radio button: Expected condition failed: waiting for element to be clickable: By.xpath: (//input[@type='radio' and @value='false'])[8] (tried for 10 second(s) with 500 milliseconds interval)
Build info: version: '4.27.0', revision: 'd6e718d134'
System info: os.name: 'Windows 11', os.arch: 'amd64', os.version: '10.0', java.version: '21.0.3'
Driver info: org.openqa.selenium.chrome.ChromeDriver
Capabilities {acceptInsecureCerts: false, browserName: chrome, browserVersion: 137.0.7151.69, chrome: {chromedriverVersion: 137.0.7151.70 (dfa4dc56b2ab..., userDataDir: C:\Users\INGRID~1.ZAD\AppDa...}, fedcm:accounts: true, goog:chromeOptions: {debuggerAddress: localhost:61373}, networkConnectionEnabled: false, pageLoadStrategy: normal, platformName: windows, proxy: Proxy(), se:cdp: ws://localhost:61373/devtoo..., se:cdpVersion: 137.0.7151.69, setWindowRect: true, strictFileInteractability: false, timeouts: {implicit: 0, pageLoad: 300000, script: 30000}, unhandledPromptBehavior: dismiss and notify, webauthn:extension:credBlob: true, webauthn:extension:largeBlob: true, webauthn:extension:minPinLength: true, webauthn:extension:prf: true, webauthn:virtualAuthenticators: true}
Session ID: 5e89abe6cfac4eca935d9f6f3df5c38a
2025-06-11 08:53:12 [main] INFO  l.i.u.t.SubmittedApplicationsPageTest - Marking 'Ne' radio button 1
2025-06-11 08:53:23 [main] ERROR l.i.u.p.SubmittedApplicationsPage - Error selecting radio button: Expected condition failed: waiting for element to be clickable: By.xpath: (//input[@type='radio' and @value='false'])[9] (tried for 10 second(s) with 500 milliseconds interval)
Build info: version: '4.27.0', revision: 'd6e718d134'
System info: os.name: 'Windows 11', os.arch: 'amd64', os.version: '10.0', java.version: '21.0.3'
Driver info: org.openqa.selenium.chrome.ChromeDriver
Capabilities {acceptInsecureCerts: false, browserName: chrome, browserVersion: 137.0.7151.69, chrome: {chromedriverVersion: 137.0.7151.70 (dfa4dc56b2ab..., userDataDir: C:\Users\INGRID~1.ZAD\AppDa...}, fedcm:accounts: true, goog:chromeOptions: {debuggerAddress: localhost:61373}, networkConnectionEnabled: false, pageLoadStrategy: normal, platformName: windows, proxy: Proxy(), se:cdp: ws://localhost:61373/devtoo..., se:cdpVersion: 137.0.7151.69, setWindowRect: true, strictFileInteractability: false, timeouts: {implicit: 0, pageLoad: 300000, script: 30000}, unhandledPromptBehavior: dismiss and notify, webauthn:extension:credBlob: true, webauthn:extension:largeBlob: true, webauthn:extension:minPinLength: true, webauthn:extension:prf: true, webauthn:virtualAuthenticators: true}
Session ID: 5e89abe6cfac4eca935d9f6f3df5c38a
2025-06-11 08:53:23 [main] INFO  l.i.u.t.SubmittedApplicationsPageTest - Marking 'Ne' radio button 2
2025-06-11 08:53:33 [main] ERROR l.i.u.p.SubmittedApplicationsPage - Error selecting radio button: Expected condition failed: waiting for element to be clickable: By.xpath: (//input[@type='radio' and @value='false'])[10] (tried for 10 second(s) with 500 milliseconds interval)
Build info: version: '4.27.0', revision: 'd6e718d134'
System info: os.name: 'Windows 11', os.arch: 'amd64', os.version: '10.0', java.version: '21.0.3'
Driver info: org.openqa.selenium.chrome.ChromeDriver
Capabilities {acceptInsecureCerts: false, browserName: chrome, browserVersion: 137.0.7151.69, chrome: {chromedriverVersion: 137.0.7151.70 (dfa4dc56b2ab..., userDataDir: C:\Users\INGRID~1.ZAD\AppDa...}, fedcm:accounts: true, goog:chromeOptions: {debuggerAddress: localhost:61373}, networkConnectionEnabled: false, pageLoadStrategy: normal, platformName: windows, proxy: Proxy(), se:cdp: ws://localhost:61373/devtoo..., se:cdpVersion: 137.0.7151.69, setWindowRect: true, strictFileInteractability: false, timeouts: {implicit: 0, pageLoad: 300000, script: 30000}, unhandledPromptBehavior: dismiss and notify, webauthn:extension:credBlob: true, webauthn:extension:largeBlob: true, webauthn:extension:minPinLength: true, webauthn:extension:prf: true, webauthn:virtualAuthenticators: true}
Session ID: 5e89abe6cfac4eca935d9f6f3df5c38a
2025-06-11 08:53:33 [main] INFO  l.i.u.t.SubmittedApplicationsPageTest - Marking 'Ne' radio button 3
2025-06-11 08:53:43 [main] ERROR l.i.u.p.SubmittedApplicationsPage - Error selecting radio button: Expected condition failed: waiting for element to be clickable: By.xpath: (//input[@type='radio' and @value='false'])[11] (tried for 10 second(s) with 500 milliseconds interval)
Build info: version: '4.27.0', revision: 'd6e718d134'
System info: os.name: 'Windows 11', os.arch: 'amd64', os.version: '10.0', java.version: '21.0.3'
Driver info: org.openqa.selenium.chrome.ChromeDriver
Capabilities {acceptInsecureCerts: false, browserName: chrome, browserVersion: 137.0.7151.69, chrome: {chromedriverVersion: 137.0.7151.70 (dfa4dc56b2ab..., userDataDir: C:\Users\INGRID~1.ZAD\AppDa...}, fedcm:accounts: true, goog:chromeOptions: {debuggerAddress: localhost:61373}, networkConnectionEnabled: false, pageLoadStrategy: normal, platformName: windows, proxy: Proxy(), se:cdp: ws://localhost:61373/devtoo..., se:cdpVersion: 137.0.7151.69, setWindowRect: true, strictFileInteractability: false, timeouts: {implicit: 0, pageLoad: 300000, script: 30000}, unhandledPromptBehavior: dismiss and notify, webauthn:extension:credBlob: true, webauthn:extension:largeBlob: true, webauthn:extension:minPinLength: true, webauthn:extension:prf: true, webauthn:virtualAuthenticators: true}
Session ID: 5e89abe6cfac4eca935d9f6f3df5c38a
2025-06-11 08:53:43 [main] INFO  l.i.u.t.SubmittedApplicationsPageTest - Marking 'Ne' radio button 4
2025-06-11 08:53:53 [main] ERROR l.i.u.p.SubmittedApplicationsPage - Error selecting radio button: Expected condition failed: waiting for element to be clickable: By.xpath: (//input[@type='radio' and @value='false'])[12] (tried for 10 second(s) with 500 milliseconds interval)
Build info: version: '4.27.0', revision: 'd6e718d134'
System info: os.name: 'Windows 11', os.arch: 'amd64', os.version: '10.0', java.version: '21.0.3'
Driver info: org.openqa.selenium.chrome.ChromeDriver
Capabilities {acceptInsecureCerts: false, browserName: chrome, browserVersion: 137.0.7151.69, chrome: {chromedriverVersion: 137.0.7151.70 (dfa4dc56b2ab..., userDataDir: C:\Users\INGRID~1.ZAD\AppDa...}, fedcm:accounts: true, goog:chromeOptions: {debuggerAddress: localhost:61373}, networkConnectionEnabled: false, pageLoadStrategy: normal, platformName: windows, proxy: Proxy(), se:cdp: ws://localhost:61373/devtoo..., se:cdpVersion: 137.0.7151.69, setWindowRect: true, strictFileInteractability: false, timeouts: {implicit: 0, pageLoad: 300000, script: 30000}, unhandledPromptBehavior: dismiss and notify, webauthn:extension:credBlob: true, webauthn:extension:largeBlob: true, webauthn:extension:minPinLength: true, webauthn:extension:prf: true, webauthn:virtualAuthenticators: true}
Session ID: 5e89abe6cfac4eca935d9f6f3df5c38a
2025-06-11 08:53:53 [main] INFO  l.i.u.t.SubmittedApplicationsPageTest - Marking 'Ne' radio button 5
2025-06-11 08:54:03 [main] ERROR l.i.u.p.SubmittedApplicationsPage - Error selecting radio button: Expected condition failed: waiting for element to be clickable: By.xpath: (//input[@type='radio' and @value='false'])[13] (tried for 10 second(s) with 500 milliseconds interval)
Build info: version: '4.27.0', revision: 'd6e718d134'
System info: os.name: 'Windows 11', os.arch: 'amd64', os.version: '10.0', java.version: '21.0.3'
Driver info: org.openqa.selenium.chrome.ChromeDriver
Capabilities {acceptInsecureCerts: false, browserName: chrome, browserVersion: 137.0.7151.69, chrome: {chromedriverVersion: 137.0.7151.70 (dfa4dc56b2ab..., userDataDir: C:\Users\INGRID~1.ZAD\AppDa...}, fedcm:accounts: true, goog:chromeOptions: {debuggerAddress: localhost:61373}, networkConnectionEnabled: false, pageLoadStrategy: normal, platformName: windows, proxy: Proxy(), se:cdp: ws://localhost:61373/devtoo..., se:cdpVersion: 137.0.7151.69, setWindowRect: true, strictFileInteractability: false, timeouts: {implicit: 0, pageLoad: 300000, script: 30000}, unhandledPromptBehavior: dismiss and notify, webauthn:extension:credBlob: true, webauthn:extension:largeBlob: true, webauthn:extension:minPinLength: true, webauthn:extension:prf: true, webauthn:virtualAuthenticators: true}
Session ID: 5e89abe6cfac4eca935d9f6f3df5c38a
2025-06-11 08:54:03 [main] INFO  l.i.u.t.SubmittedApplicationsPageTest - Marking 'Ne' radio button 6
2025-06-11 08:54:13 [main] ERROR l.i.u.p.SubmittedApplicationsPage - Error selecting radio button: Expected condition failed: waiting for element to be clickable: By.xpath: (//input[@type='radio' and @value='true'])[14] (tried for 10 second(s) with 500 milliseconds interval)
Build info: version: '4.27.0', revision: 'd6e718d134'
System info: os.name: 'Windows 11', os.arch: 'amd64', os.version: '10.0', java.version: '21.0.3'
Driver info: org.openqa.selenium.chrome.ChromeDriver
Capabilities {acceptInsecureCerts: false, browserName: chrome, browserVersion: 137.0.7151.69, chrome: {chromedriverVersion: 137.0.7151.70 (dfa4dc56b2ab..., userDataDir: C:\Users\INGRID~1.ZAD\AppDa...}, fedcm:accounts: true, goog:chromeOptions: {debuggerAddress: localhost:61373}, networkConnectionEnabled: false, pageLoadStrategy: normal, platformName: windows, proxy: Proxy(), se:cdp: ws://localhost:61373/devtoo..., se:cdpVersion: 137.0.7151.69, setWindowRect: true, strictFileInteractability: false, timeouts: {implicit: 0, pageLoad: 300000, script: 30000}, unhandledPromptBehavior: dismiss and notify, webauthn:extension:credBlob: true, webauthn:extension:largeBlob: true, webauthn:extension:minPinLength: true, webauthn:extension:prf: true, webauthn:virtualAuthenticators: true}
Session ID: 5e89abe6cfac4eca935d9f6f3df5c38a
2025-06-11 08:54:13 [main] INFO  l.i.u.t.SubmittedApplicationsPageTest - Marking 'Taip' radio button 7
2025-06-11 08:54:23 [main] ERROR l.i.u.p.SubmittedApplicationsPage - Error selecting radio button: Expected condition failed: waiting for element to be clickable: By.xpath: (//input[@type='radio' and @value='true'])[15] (tried for 10 second(s) with 500 milliseconds interval)
Build info: version: '4.27.0', revision: 'd6e718d134'
System info: os.name: 'Windows 11', os.arch: 'amd64', os.version: '10.0', java.version: '21.0.3'
Driver info: org.openqa.selenium.chrome.ChromeDriver
Capabilities {acceptInsecureCerts: false, browserName: chrome, browserVersion: 137.0.7151.69, chrome: {chromedriverVersion: 137.0.7151.70 (dfa4dc56b2ab..., userDataDir: C:\Users\INGRID~1.ZAD\AppDa...}, fedcm:accounts: true, goog:chromeOptions: {debuggerAddress: localhost:61373}, networkConnectionEnabled: false, pageLoadStrategy: normal, platformName: windows, proxy: Proxy(), se:cdp: ws://localhost:61373/devtoo..., se:cdpVersion: 137.0.7151.69, setWindowRect: true, strictFileInteractability: false, timeouts: {implicit: 0, pageLoad: 300000, script: 30000}, unhandledPromptBehavior: dismiss and notify, webauthn:extension:credBlob: true, webauthn:extension:largeBlob: true, webauthn:extension:minPinLength: true, webauthn:extension:prf: true, webauthn:virtualAuthenticators: true}
Session ID: 5e89abe6cfac4eca935d9f6f3df5c38a
2025-06-11 08:54:23 [main] INFO  l.i.u.t.SubmittedApplicationsPageTest - Marking 'Taip' radio button 8
2025-06-11 08:54:33 [main] ERROR l.i.u.p.SubmittedApplicationsPage - Error selecting radio button: Expected condition failed: waiting for element to be clickable: By.xpath: (//input[@type='radio' and @value='true'])[16] (tried for 10 second(s) with 500 milliseconds interval)
Build info: version: '4.27.0', revision: 'd6e718d134'
System info: os.name: 'Windows 11', os.arch: 'amd64', os.version: '10.0', java.version: '21.0.3'
Driver info: org.openqa.selenium.chrome.ChromeDriver
Capabilities {acceptInsecureCerts: false, browserName: chrome, browserVersion: 137.0.7151.69, chrome: {chromedriverVersion: 137.0.7151.70 (dfa4dc56b2ab..., userDataDir: C:\Users\INGRID~1.ZAD\AppDa...}, fedcm:accounts: true, goog:chromeOptions: {debuggerAddress: localhost:61373}, networkConnectionEnabled: false, pageLoadStrategy: normal, platformName: windows, proxy: Proxy(), se:cdp: ws://localhost:61373/devtoo..., se:cdpVersion: 137.0.7151.69, setWindowRect: true, strictFileInteractability: false, timeouts: {implicit: 0, pageLoad: 300000, script: 30000}, unhandledPromptBehavior: dismiss and notify, webauthn:extension:credBlob: true, webauthn:extension:largeBlob: true, webauthn:extension:minPinLength: true, webauthn:extension:prf: true, webauthn:virtualAuthenticators: true}
Session ID: 5e89abe6cfac4eca935d9f6f3df5c38a
2025-06-11 08:54:33 [main] INFO  l.i.u.t.SubmittedApplicationsPageTest - Marking 'Taip' radio button 9
2025-06-11 08:54:43 [main] ERROR l.i.u.p.SubmittedApplicationsPage - Error selecting radio button: Expected condition failed: waiting for element to be clickable: By.xpath: (//input[@type='radio' and @value='true'])[17] (tried for 10 second(s) with 500 milliseconds interval)
Build info: version: '4.27.0', revision: 'd6e718d134'
System info: os.name: 'Windows 11', os.arch: 'amd64', os.version: '10.0', java.version: '21.0.3'
Driver info: org.openqa.selenium.chrome.ChromeDriver
Capabilities {acceptInsecureCerts: false, browserName: chrome, browserVersion: 137.0.7151.69, chrome: {chromedriverVersion: 137.0.7151.70 (dfa4dc56b2ab..., userDataDir: C:\Users\INGRID~1.ZAD\AppDa...}, fedcm:accounts: true, goog:chromeOptions: {debuggerAddress: localhost:61373}, networkConnectionEnabled: false, pageLoadStrategy: normal, platformName: windows, proxy: Proxy(), se:cdp: ws://localhost:61373/devtoo..., se:cdpVersion: 137.0.7151.69, setWindowRect: true, strictFileInteractability: false, timeouts: {implicit: 0, pageLoad: 300000, script: 30000}, unhandledPromptBehavior: dismiss and notify, webauthn:extension:credBlob: true, webauthn:extension:largeBlob: true, webauthn:extension:minPinLength: true, webauthn:extension:prf: true, webauthn:virtualAuthenticators: true}
Session ID: 5e89abe6cfac4eca935d9f6f3df5c38a
2025-06-11 08:54:43 [main] INFO  l.i.u.t.SubmittedApplicationsPageTest - Marking 'Taip' radio button 10
2025-06-11 08:54:53 [main] ERROR l.i.u.p.SubmittedApplicationsPage - Error selecting radio button: Expected condition failed: waiting for element to be clickable: By.xpath: (//input[@type='radio' and @value='true'])[18] (tried for 10 second(s) with 500 milliseconds interval)
Build info: version: '4.27.0', revision: 'd6e718d134'
System info: os.name: 'Windows 11', os.arch: 'amd64', os.version: '10.0', java.version: '21.0.3'
Driver info: org.openqa.selenium.chrome.ChromeDriver
Capabilities {acceptInsecureCerts: false, browserName: chrome, browserVersion: 137.0.7151.69, chrome: {chromedriverVersion: 137.0.7151.70 (dfa4dc56b2ab..., userDataDir: C:\Users\INGRID~1.ZAD\AppDa...}, fedcm:accounts: true, goog:chromeOptions: {debuggerAddress: localhost:61373}, networkConnectionEnabled: false, pageLoadStrategy: normal, platformName: windows, proxy: Proxy(), se:cdp: ws://localhost:61373/devtoo..., se:cdpVersion: 137.0.7151.69, setWindowRect: true, strictFileInteractability: false, timeouts: {implicit: 0, pageLoad: 300000, script: 30000}, unhandledPromptBehavior: dismiss and notify, webauthn:extension:credBlob: true, webauthn:extension:largeBlob: true, webauthn:extension:minPinLength: true, webauthn:extension:prf: true, webauthn:virtualAuthenticators: true}
Session ID: 5e89abe6cfac4eca935d9f6f3df5c38a
2025-06-11 08:54:53 [main] INFO  l.i.u.t.SubmittedApplicationsPageTest - Marking 'Taip' radio button 11
2025-06-11 08:55:03 [main] ERROR l.i.u.p.SubmittedApplicationsPage - Error selecting radio button: Expected condition failed: waiting for element to be clickable: By.xpath: (//input[@type='radio' and @value='true'])[19] (tried for 10 second(s) with 500 milliseconds interval)
Build info: version: '4.27.0', revision: 'd6e718d134'
System info: os.name: 'Windows 11', os.arch: 'amd64', os.version: '10.0', java.version: '21.0.3'
Driver info: org.openqa.selenium.chrome.ChromeDriver
Capabilities {acceptInsecureCerts: false, browserName: chrome, browserVersion: 137.0.7151.69, chrome: {chromedriverVersion: 137.0.7151.70 (dfa4dc56b2ab..., userDataDir: C:\Users\INGRID~1.ZAD\AppDa...}, fedcm:accounts: true, goog:chromeOptions: {debuggerAddress: localhost:61373}, networkConnectionEnabled: false, pageLoadStrategy: normal, platformName: windows, proxy: Proxy(), se:cdp: ws://localhost:61373/devtoo..., se:cdpVersion: 137.0.7151.69, setWindowRect: true, strictFileInteractability: false, timeouts: {implicit: 0, pageLoad: 300000, script: 30000}, unhandledPromptBehavior: dismiss and notify, webauthn:extension:credBlob: true, webauthn:extension:largeBlob: true, webauthn:extension:minPinLength: true, webauthn:extension:prf: true, webauthn:virtualAuthenticators: true}
Session ID: 5e89abe6cfac4eca935d9f6f3df5c38a
2025-06-11 08:55:03 [main] INFO  l.i.u.t.SubmittedApplicationsPageTest - Marking 'Taip' radio button 12
2025-06-11 08:55:13 [main] DEBUG l.i.u.t.SubmittedApplicationsPageTest - Checked 'ConfirmationStepFour'
2025-06-11 08:55:14 [main] DEBUG l.i.u.t.SubmittedApplicationsPageTest - Clicked 'Next' button after checkboxes.
2025-06-11 08:55:14 [main] INFO  l.i.u.p.SubmittedApplicationsPage - File uploaded successfully to an input element.
2025-06-11 08:55:14 [main] INFO  l.i.u.p.SubmittedApplicationsPage - File uploaded successfully to an input element.
2025-06-11 08:55:14 [main] INFO  l.i.u.p.SubmittedApplicationsPage - File uploaded successfully to an input element.
2025-06-11 08:55:14 [main] INFO  l.i.u.p.SubmittedApplicationsPage - File uploaded successfully to an input element.
2025-06-11 08:55:14 [main] INFO  l.i.u.p.SubmittedApplicationsPage - File uploaded successfully to an input element.
2025-06-11 08:55:14 [main] INFO  l.i.u.p.SubmittedApplicationsPage - File uploaded successfully to an input element.
2025-06-11 08:55:14 [main] INFO  l.i.u.p.SubmittedApplicationsPage - File uploaded successfully to an input element.
2025-06-11 08:55:14 [main] INFO  l.i.u.p.SubmittedApplicationsPage - File uploaded successfully to an input element.
2025-06-11 08:55:14 [main] INFO  l.i.u.p.SubmittedApplicationsPage - File uploaded successfully to an input element.
2025-06-11 08:55:14 [main] INFO  l.i.u.p.SubmittedApplicationsPage - File uploaded successfully to an input element.
2025-06-11 08:55:14 [main] DEBUG l.i.u.t.SubmittedApplicationsPageTest - Entered program name: 'Dokumentas 1'.
2025-06-11 08:55:15 [main] DEBUG l.i.u.t.SubmittedApplicationsPageTest - Entered program name: 'Dokumentas 2'.
2025-06-11 08:55:15 [main] DEBUG l.i.u.t.SubmittedApplicationsPageTest - Entered program name: 'Dokumentas 3'.
2025-06-11 08:55:15 [main] DEBUG l.i.u.t.SubmittedApplicationsPageTest - Entered program name: 'Dokumentas 4'.
2025-06-11 08:55:15 [main] DEBUG l.i.u.t.SubmittedApplicationsPageTest - Entered program name: 'Dokumentas 5'.
2025-06-11 08:55:15 [main] DEBUG l.i.u.t.SubmittedApplicationsPageTest - Entered program name: 'Dokumentas 6'.
2025-06-11 08:55:15 [main] DEBUG l.i.u.t.SubmittedApplicationsPageTest - Entered program name: 'Dokumentas 4'.
2025-06-11 08:55:15 [main] DEBUG l.i.u.t.SubmittedApplicationsPageTest - Entered program name: 'Dokumentas 8'.
2025-06-11 08:55:16 [main] DEBUG l.i.u.t.SubmittedApplicationsPageTest - Entered program name: 'Dokumentas 9'.
2025-06-11 08:55:16 [main] DEBUG l.i.u.t.SubmittedApplicationsPageTest - Entered program name: 'Dokumentas 10'.
2025-06-11 08:55:26 [main] DEBUG l.i.u.t.SubmittedApplicationsPageTest - Checked 'ConfirmationDocument'
2025-06-11 08:55:36 [main] DEBUG l.i.u.t.SubmittedApplicationsPageTest - Checked 'ConfirmationApplication'
2025-06-11 08:55:36 [main] DEBUG l.i.u.t.SubmittedApplicationsPageTest - Clicked 'SaveDraft' button after checkboxes.
2025-06-11 08:55:36 [main] DEBUG l.i.uztis.pages.ApplicationFormsPage - Verified success message: 'Ruošinys sėkmingai išsaugotas.'
2025-06-11 08:55:36 [main] INFO  l.i.u.t.SubmittedApplicationsPageTest - Verified success message
2025-06-11 08:55:36 [main] DEBUG l.i.u.t.SubmittedApplicationsPageTest - Clicked 'Review' button after checkboxes.
2025-06-11 08:55:38 [main] DEBUG l.i.u.t.SubmittedApplicationsPageTest - Clicked 'Submit' button after checkboxes.
2025-06-11 08:55:38 [main] DEBUG l.i.u.t.SubmittedApplicationsPageTest - Clicked 'SubmitConfirmation' button after checkboxes.
2025-06-11 08:55:38 [main] ERROR l.i.uztis.pages.ApplicationFormsPage - Failed to verify the success message: 'Paraiška sėkmingai pateikta ir užregistruota.'. Available messages: [Ruošinys sėkmingai išsaugotas.]
2025-06-11 08:55:38 [main] INFO  l.i.u.t.SubmittedApplicationsPageTest - Test 'testFillNewVUIApplicationFA' completed successfully.
2025-06-11 13:24:31 [main] INFO  lt.insoft.uztis.tests.UztisPageTest - Navigated to https://uztisdev.asseco.lt/home
2025-06-11 13:24:31 [main] INFO  l.i.u.tests.ApplicationFormsPageTest - Setup complete. ApplicationFormsPage initialized.
2025-06-11 13:24:31 [main] INFO  l.i.u.tests.ApplicationFormsPageTest - Starting test:'testCreateNewDvpApplication'
2025-06-11 13:24:31 [main] INFO  l.insoft.uztis.tests.utils.TestUtils - Login attempt with user: evaluation_chief
2025-06-11 13:24:31 [main] DEBUG l.i.u.tests.ApplicationFormsPageTest - User logged in with test credentials
2025-06-11 13:24:32 [main] DEBUG l.i.u.tests.ApplicationFormsPageTest - Opened 'Application Processing' menu.
2025-06-11 13:24:32 [main] DEBUG l.i.u.tests.ApplicationFormsPageTest - Clicked on 'Application Forms' menu.
2025-06-11 13:24:33 [main] DEBUG l.i.u.tests.ApplicationFormsPageTest - Clicked to create a new application form.
2025-06-11 13:24:33 [main] DEBUG l.i.u.tests.ApplicationFormsPageTest - Entered random application code: TST-DVP-58
2025-06-11 13:24:33 [main] DEBUG l.i.u.tests.ApplicationFormsPageTest - Selected 'Municipality' radio button.
2025-06-11 13:24:33 [main] INFO  l.i.uztis.pages.ApplicationFormsPage - Located the dropdown button.
2025-06-11 13:24:34 [main] INFO  l.i.uztis.pages.ApplicationFormsPage - Successfully selected the value: 'Priemonių organizavimo departamentas'
2025-06-11 13:24:44 [main] ERROR l.i.uztis.pages.ApplicationFormsPage - Failed to close the dropdown with aria-expanded = 'false'.
2025-06-11 13:24:44 [main] DEBUG l.i.u.tests.ApplicationFormsPageTest - Selected a value from the 'Municipality' dropdown: 'Priemonių organizavimo departamentas'
2025-06-11 13:24:44 [main] DEBUG l.i.u.tests.ApplicationFormsPageTest - Selected 'Budget By Country' radio button.
2025-06-11 13:24:44 [main] DEBUG l.i.u.tests.ApplicationFormsPageTest - Selected 'Financed Without Queue' option.
2025-06-11 13:24:44 [main] INFO  l.i.uztis.pages.ApplicationFormsPage - Located the dropdown button.
2025-06-11 13:24:45 [main] INFO  l.i.uztis.pages.ApplicationFormsPage - Successfully selected the value: 'DVP atitiktis URP'
2025-06-11 13:24:55 [main] ERROR l.i.uztis.pages.ApplicationFormsPage - Failed to close the dropdown with aria-expanded = 'false'.
2025-06-11 13:24:55 [main] DEBUG l.i.u.tests.ApplicationFormsPageTest - Selected a value from the 'EvaluationOne' dropdown: 'DVP atitiktis URP'
2025-06-11 13:24:55 [main] DEBUG l.i.u.tests.ApplicationFormsPageTest - Clicked 'Plus' button.
2025-06-11 13:24:56 [main] DEBUG l.i.u.tests.ApplicationFormsPageTest - Clicked 'Add' button seven times.
2025-06-11 13:24:56 [main] INFO  l.i.uztis.pages.ApplicationFormsPage - Processing dropdown index: 0
2025-06-11 13:25:06 [main] ERROR l.i.uztis.pages.ApplicationFormsPage - Timeout while waiting for dropdown to close at index: 0 with aria-expanded = 'false'
2025-06-11 13:25:06 [main] INFO  l.i.uztis.pages.ApplicationFormsPage - Processing dropdown index: 1
2025-06-11 13:25:17 [main] ERROR l.i.uztis.pages.ApplicationFormsPage - Timeout while waiting for dropdown to close at index: 1 with aria-expanded = 'false'
2025-06-11 13:25:17 [main] INFO  l.i.uztis.pages.ApplicationFormsPage - Processing dropdown index: 2
2025-06-11 13:25:27 [main] ERROR l.i.uztis.pages.ApplicationFormsPage - Timeout while waiting for dropdown to close at index: 2 with aria-expanded = 'false'
2025-06-11 13:25:27 [main] INFO  l.i.uztis.pages.ApplicationFormsPage - Processing dropdown index: 3
2025-06-11 13:25:37 [main] ERROR l.i.uztis.pages.ApplicationFormsPage - Timeout while waiting for dropdown to close at index: 3 with aria-expanded = 'false'
2025-06-11 13:25:37 [main] INFO  l.i.uztis.pages.ApplicationFormsPage - Processing dropdown index: 4
2025-06-11 13:25:48 [main] ERROR l.i.uztis.pages.ApplicationFormsPage - Timeout while waiting for dropdown to close at index: 4 with aria-expanded = 'false'
2025-06-11 13:25:48 [main] INFO  l.i.uztis.pages.ApplicationFormsPage - Processing dropdown index: 5
2025-06-11 13:25:58 [main] ERROR l.i.uztis.pages.ApplicationFormsPage - Timeout while waiting for dropdown to close at index: 5 with aria-expanded = 'false'
2025-06-11 13:25:58 [main] INFO  l.i.uztis.pages.ApplicationFormsPage - Processing dropdown index: 6
2025-06-11 13:26:09 [main] ERROR l.i.uztis.pages.ApplicationFormsPage - Timeout while waiting for dropdown to close at index: 6 with aria-expanded = 'false'
2025-06-11 13:26:09 [main] INFO  l.i.uztis.pages.ApplicationFormsPage - Processing dropdown index: 7
2025-06-11 13:26:20 [main] ERROR l.i.uztis.pages.ApplicationFormsPage - Timeout while waiting for dropdown to close at index: 7 with aria-expanded = 'false'
2025-06-11 13:26:20 [main] INFO  l.i.uztis.pages.ApplicationFormsPage - Processing input field index: 0
2025-06-11 13:26:20 [main] INFO  l.i.uztis.pages.ApplicationFormsPage - Entered value '50' into field index: 0
2025-06-11 13:26:20 [main] INFO  l.i.uztis.pages.ApplicationFormsPage - Processing input field index: 1
2025-06-11 13:26:20 [main] INFO  l.i.uztis.pages.ApplicationFormsPage - Entered value '924' into field index: 1
2025-06-11 13:26:20 [main] INFO  l.i.uztis.pages.ApplicationFormsPage - Processing input field index: 2
2025-06-11 13:26:20 [main] INFO  l.i.uztis.pages.ApplicationFormsPage - Entered value '31' into field index: 2
2025-06-11 13:26:20 [main] INFO  l.i.uztis.pages.ApplicationFormsPage - Processing input field index: 3
2025-06-11 13:26:20 [main] INFO  l.i.uztis.pages.ApplicationFormsPage - Entered value '4.7' into field index: 3
2025-06-11 13:26:20 [main] INFO  l.i.uztis.pages.ApplicationFormsPage - Processing input field index: 4
2025-06-11 13:26:20 [main] INFO  l.i.uztis.pages.ApplicationFormsPage - Entered value '35' into field index: 4
2025-06-11 13:26:20 [main] INFO  l.i.uztis.pages.ApplicationFormsPage - Processing input field index: 5
2025-06-11 13:26:21 [main] INFO  l.i.uztis.pages.ApplicationFormsPage - Entered value '20' into field index: 5
2025-06-11 13:26:21 [main] INFO  l.i.uztis.pages.ApplicationFormsPage - Processing input field index: 6
2025-06-11 13:26:21 [main] INFO  l.i.uztis.pages.ApplicationFormsPage - Entered value '30' into field index: 6
2025-06-11 13:26:21 [main] INFO  l.i.uztis.pages.ApplicationFormsPage - Processing input field index: 7
2025-06-11 13:26:21 [main] INFO  l.i.uztis.pages.ApplicationFormsPage - Entered value '60' into field index: 7
2025-06-11 13:26:21 [main] DEBUG l.i.u.tests.ApplicationFormsPageTest - Entered additional values and text.
2025-06-11 13:26:21 [main] DEBUG l.i.u.tests.ApplicationFormsPageTest - Entered application name: DVP paraiška
2025-06-11 13:26:21 [main] DEBUG l.i.u.tests.ApplicationFormsPageTest - Clicked the 'Save' button.
2025-06-11 13:26:21 [main] ERROR l.i.uztis.pages.ApplicationFormsPage - Failed to verify the success message: 'Duomenys sėkmingai išsaugoti.'. Available messages: [Elemente „Paraiškos kodas“ nurodyta reikšmė jau egzistuoja. Prašome nurodyti unikalią reikšmę.]
2025-06-11 13:26:21 [main] INFO  l.i.u.tests.ApplicationFormsPageTest - Verified success message
2025-06-11 13:26:31 [main] ERROR l.i.uztis.pages.ApplicationFormsPage - Button SaveForm is not displayed
org.openqa.selenium.NoSuchElementException: no such element: Unable to locate element: {"method":"css selector","selector":"#mat\-button\-toggle\-0\-button"}
  (Session info: chrome=137.0.7151.69)
For documentation on this error, please visit: https://www.selenium.dev/documentation/webdriver/troubleshooting/errors#no-such-element-exception
Build info: version: '4.27.0', revision: 'd6e718d134'
System info: os.name: 'Windows 11', os.arch: 'amd64', os.version: '10.0', java.version: '21.0.3'
Driver info: org.openqa.selenium.chrome.ChromeDriver
Command: [d229d0b81960de716e1aae3c73c3cf71, findElement {value=mat-button-toggle-0-button, using=id}]
Capabilities {acceptInsecureCerts: false, browserName: chrome, browserVersion: 137.0.7151.69, chrome: {chromedriverVersion: 137.0.7151.70 (dfa4dc56b2ab..., userDataDir: C:\Users\INGRID~1.ZAD\AppDa...}, fedcm:accounts: true, goog:chromeOptions: {debuggerAddress: localhost:54544}, networkConnectionEnabled: false, pageLoadStrategy: normal, platformName: windows, proxy: Proxy(), se:cdp: ws://localhost:54544/devtoo..., se:cdpVersion: 137.0.7151.69, setWindowRect: true, strictFileInteractability: false, timeouts: {implicit: 0, pageLoad: 300000, script: 30000}, unhandledPromptBehavior: dismiss and notify, webauthn:extension:credBlob: true, webauthn:extension:largeBlob: true, webauthn:extension:minPinLength: true, webauthn:extension:prf: true, webauthn:virtualAuthenticators: true}
Session ID: d229d0b81960de716e1aae3c73c3cf71
	at java.base/jdk.internal.reflect.DirectConstructorHandleAccessor.newInstance(DirectConstructorHandleAccessor.java:62)
	at java.base/java.lang.reflect.Constructor.newInstanceWithCaller(Constructor.java:502)
	at java.base/java.lang.reflect.Constructor.newInstance(Constructor.java:486)
	at org.openqa.selenium.remote.ErrorCodec.decode(ErrorCodec.java:167)
	at org.openqa.selenium.remote.codec.w3c.W3CHttpResponseCodec.decode(W3CHttpResponseCodec.java:138)
	at org.openqa.selenium.remote.codec.w3c.W3CHttpResponseCodec.decode(W3CHttpResponseCodec.java:50)
	at org.openqa.selenium.remote.HttpCommandExecutor.execute(HttpCommandExecutor.java:190)
	at org.openqa.selenium.remote.service.DriverCommandExecutor.invokeExecute(DriverCommandExecutor.java:216)
	at org.openqa.selenium.remote.service.DriverCommandExecutor.execute(DriverCommandExecutor.java:174)
	at org.openqa.selenium.remote.RemoteWebDriver.execute(RemoteWebDriver.java:545)
	at org.openqa.selenium.remote.ElementLocation$ElementFinder$2.findElement(ElementLocation.java:165)
	at org.openqa.selenium.remote.ElementLocation.findElement(ElementLocation.java:59)
	at org.openqa.selenium.remote.RemoteWebDriver.findElement(RemoteWebDriver.java:368)
	at org.openqa.selenium.remote.RemoteWebDriver.findElement(RemoteWebDriver.java:362)
	at org.openqa.selenium.support.pagefactory.DefaultElementLocator.findElement(DefaultElementLocator.java:68)
	at org.openqa.selenium.support.pagefactory.internal.LocatingElementHandler.invoke(LocatingElementHandler.java:38)
	at jdk.proxy2/jdk.proxy2.$Proxy14.isDisplayed(Unknown Source)
	at lt.insoft.uztis.pages.ApplicationFormsPage.isButtonSaveFormDisplayed(ApplicationFormsPage.java:353)
	at lt.insoft.uztis.tests.ApplicationFormsPageTest.testCreateNewDvpApplication(ApplicationFormsPageTest.java:345)
	at java.base/jdk.internal.reflect.DirectMethodHandleAccessor.invoke(DirectMethodHandleAccessor.java:103)
	at java.base/java.lang.reflect.Method.invoke(Method.java:580)
	at org.junit.platform.commons.util.ReflectionUtils.invokeMethod(ReflectionUtils.java:728)
	at org.junit.jupiter.engine.execution.MethodInvocation.proceed(MethodInvocation.java:60)
	at org.junit.jupiter.engine.execution.InvocationInterceptorChain$ValidatingInvocation.proceed(InvocationInterceptorChain.java:131)
	at org.junit.jupiter.engine.extension.TimeoutExtension.intercept(TimeoutExtension.java:156)
	at org.junit.jupiter.engine.extension.TimeoutExtension.interceptTestableMethod(TimeoutExtension.java:147)
	at org.junit.jupiter.engine.extension.TimeoutExtension.interceptTestMethod(TimeoutExtension.java:86)
	at org.junit.jupiter.engine.execution.InterceptingExecutableInvoker$ReflectiveInterceptorCall.lambda$ofVoidMethod$0(InterceptingExecutableInvoker.java:103)
	at org.junit.jupiter.engine.execution.InterceptingExecutableInvoker.lambda$invoke$0(InterceptingExecutableInvoker.java:93)
	at org.junit.jupiter.engine.execution.InvocationInterceptorChain$InterceptedInvocation.proceed(InvocationInterceptorChain.java:106)
	at org.junit.jupiter.engine.execution.InvocationInterceptorChain.proceed(InvocationInterceptorChain.java:64)
	at org.junit.jupiter.engine.execution.InvocationInterceptorChain.chainAndInvoke(InvocationInterceptorChain.java:45)
	at org.junit.jupiter.engine.execution.InvocationInterceptorChain.invoke(InvocationInterceptorChain.java:37)
	at org.junit.jupiter.engine.execution.InterceptingExecutableInvoker.invoke(InterceptingExecutableInvoker.java:92)
	at org.junit.jupiter.engine.execution.InterceptingExecutableInvoker.invoke(InterceptingExecutableInvoker.java:86)
	at org.junit.jupiter.engine.descriptor.TestMethodTestDescriptor.lambda$invokeTestMethod$7(TestMethodTestDescriptor.java:218)
	at org.junit.platform.engine.support.hierarchical.ThrowableCollector.execute(ThrowableCollector.java:73)
	at org.junit.jupiter.engine.descriptor.TestMethodTestDescriptor.invokeTestMethod(TestMethodTestDescriptor.java:214)
	at org.junit.jupiter.engine.descriptor.TestMethodTestDescriptor.execute(TestMethodTestDescriptor.java:139)
	at org.junit.jupiter.engine.descriptor.TestMethodTestDescriptor.execute(TestMethodTestDescriptor.java:69)
	at org.junit.platform.engine.support.hierarchical.NodeTestTask.lambda$executeRecursively$6(NodeTestTask.java:151)
	at org.junit.platform.engine.support.hierarchical.ThrowableCollector.execute(ThrowableCollector.java:73)
	at org.junit.platform.engine.support.hierarchical.NodeTestTask.lambda$executeRecursively$8(NodeTestTask.java:141)
	at org.junit.platform.engine.support.hierarchical.Node.around(Node.java:137)
	at org.junit.platform.engine.support.hierarchical.NodeTestTask.lambda$executeRecursively$9(NodeTestTask.java:139)
	at org.junit.platform.engine.support.hierarchical.ThrowableCollector.execute(ThrowableCollector.java:73)
	at org.junit.platform.engine.support.hierarchical.NodeTestTask.executeRecursively(NodeTestTask.java:138)
	at org.junit.platform.engine.support.hierarchical.NodeTestTask.execute(NodeTestTask.java:95)
	at java.base/java.util.ArrayList.forEach(ArrayList.java:1596)
	at org.junit.platform.engine.support.hierarchical.SameThreadHierarchicalTestExecutorService.invokeAll(SameThreadHierarchicalTestExecutorService.java:41)
	at org.junit.platform.engine.support.hierarchical.NodeTestTask.lambda$executeRecursively$6(NodeTestTask.java:155)
	at org.junit.platform.engine.support.hierarchical.ThrowableCollector.execute(ThrowableCollector.java:73)
	at org.junit.platform.engine.support.hierarchical.NodeTestTask.lambda$executeRecursively$8(NodeTestTask.java:141)
	at org.junit.platform.engine.support.hierarchical.Node.around(Node.java:137)
	at org.junit.platform.engine.support.hierarchical.NodeTestTask.lambda$executeRecursively$9(NodeTestTask.java:139)
	at org.junit.platform.engine.support.hierarchical.ThrowableCollector.execute(ThrowableCollector.java:73)
	at org.junit.platform.engine.support.hierarchical.NodeTestTask.executeRecursively(NodeTestTask.java:138)
	at org.junit.platform.engine.support.hierarchical.NodeTestTask.execute(NodeTestTask.java:95)
	at java.base/java.util.ArrayList.forEach(ArrayList.java:1596)
	at org.junit.platform.engine.support.hierarchical.SameThreadHierarchicalTestExecutorService.invokeAll(SameThreadHierarchicalTestExecutorService.java:41)
	at org.junit.platform.engine.support.hierarchical.NodeTestTask.lambda$executeRecursively$6(NodeTestTask.java:155)
	at org.junit.platform.engine.support.hierarchical.ThrowableCollector.execute(ThrowableCollector.java:73)
	at org.junit.platform.engine.support.hierarchical.NodeTestTask.lambda$executeRecursively$8(NodeTestTask.java:141)
	at org.junit.platform.engine.support.hierarchical.Node.around(Node.java:137)
	at org.junit.platform.engine.support.hierarchical.NodeTestTask.lambda$executeRecursively$9(NodeTestTask.java:139)
	at org.junit.platform.engine.support.hierarchical.ThrowableCollector.execute(ThrowableCollector.java:73)
	at org.junit.platform.engine.support.hierarchical.NodeTestTask.executeRecursively(NodeTestTask.java:138)
	at org.junit.platform.engine.support.hierarchical.NodeTestTask.execute(NodeTestTask.java:95)
	at org.junit.platform.engine.support.hierarchical.SameThreadHierarchicalTestExecutorService.submit(SameThreadHierarchicalTestExecutorService.java:35)
	at org.junit.platform.engine.support.hierarchical.HierarchicalTestExecutor.execute(HierarchicalTestExecutor.java:57)
	at org.junit.platform.engine.support.hierarchical.HierarchicalTestEngine.execute(HierarchicalTestEngine.java:54)
	at org.junit.platform.launcher.core.EngineExecutionOrchestrator.execute(EngineExecutionOrchestrator.java:198)
	at org.junit.platform.launcher.core.EngineExecutionOrchestrator.execute(EngineExecutionOrchestrator.java:169)
	at org.junit.platform.launcher.core.EngineExecutionOrchestrator.execute(EngineExecutionOrchestrator.java:93)
	at org.junit.platform.launcher.core.EngineExecutionOrchestrator.lambda$execute$0(EngineExecutionOrchestrator.java:58)
	at org.junit.platform.launcher.core.EngineExecutionOrchestrator.withInterceptedStreams(EngineExecutionOrchestrator.java:141)
	at org.junit.platform.launcher.core.EngineExecutionOrchestrator.execute(EngineExecutionOrchestrator.java:57)
	at org.junit.platform.launcher.core.DefaultLauncher.execute(DefaultLauncher.java:103)
	at org.junit.platform.launcher.core.DefaultLauncher.execute(DefaultLauncher.java:85)
	at org.junit.platform.launcher.core.DelegatingLauncher.execute(DelegatingLauncher.java:47)
	at org.junit.platform.launcher.core.SessionPerRequestLauncher.execute(SessionPerRequestLauncher.java:63)
	at com.intellij.junit5.JUnit5IdeaTestRunner.startRunnerWithArgs(JUnit5IdeaTestRunner.java:57)
	at com.intellij.rt.junit.IdeaTestRunner$Repeater$1.execute(IdeaTestRunner.java:38)
	at com.intellij.rt.execution.junit.TestsRepeater.repeat(TestsRepeater.java:11)
	at com.intellij.rt.junit.IdeaTestRunner$Repeater.startRunnerWithArgs(IdeaTestRunner.java:35)
	at com.intellij.rt.junit.JUnitStarter.prepareStreamsAndStart(JUnitStarter.java:232)
	at com.intellij.rt.junit.JUnitStarter.main(JUnitStarter.java:55)
2025-06-11 13:26:31 [main] ERROR l.i.u.tests.ApplicationFormsPageTest - Test 'testCreateNewDvpApplication' failed with error: Save form button should be displayed. ==> expected: <true> but was: <false>
org.opentest4j.AssertionFailedError: Save form button should be displayed. ==> expected: <true> but was: <false>
	at org.junit.jupiter.api.AssertionFailureBuilder.build(AssertionFailureBuilder.java:151)
	at org.junit.jupiter.api.AssertionFailureBuilder.buildAndThrow(AssertionFailureBuilder.java:132)
	at org.junit.jupiter.api.AssertTrue.failNotTrue(AssertTrue.java:63)
	at org.junit.jupiter.api.AssertTrue.assertTrue(AssertTrue.java:36)
	at org.junit.jupiter.api.Assertions.assertTrue(Assertions.java:210)
	at lt.insoft.uztis.tests.ApplicationFormsPageTest.testCreateNewDvpApplication(ApplicationFormsPageTest.java:346)
	at java.base/jdk.internal.reflect.DirectMethodHandleAccessor.invoke(DirectMethodHandleAccessor.java:103)
	at java.base/java.lang.reflect.Method.invoke(Method.java:580)
	at org.junit.platform.commons.util.ReflectionUtils.invokeMethod(ReflectionUtils.java:728)
	at org.junit.jupiter.engine.execution.MethodInvocation.proceed(MethodInvocation.java:60)
	at org.junit.jupiter.engine.execution.InvocationInterceptorChain$ValidatingInvocation.proceed(InvocationInterceptorChain.java:131)
	at org.junit.jupiter.engine.extension.TimeoutExtension.intercept(TimeoutExtension.java:156)
	at org.junit.jupiter.engine.extension.TimeoutExtension.interceptTestableMethod(TimeoutExtension.java:147)
	at org.junit.jupiter.engine.extension.TimeoutExtension.interceptTestMethod(TimeoutExtension.java:86)
	at org.junit.jupiter.engine.execution.InterceptingExecutableInvoker$ReflectiveInterceptorCall.lambda$ofVoidMethod$0(InterceptingExecutableInvoker.java:103)
	at org.junit.jupiter.engine.execution.InterceptingExecutableInvoker.lambda$invoke$0(InterceptingExecutableInvoker.java:93)
	at org.junit.jupiter.engine.execution.InvocationInterceptorChain$InterceptedInvocation.proceed(InvocationInterceptorChain.java:106)
	at org.junit.jupiter.engine.execution.InvocationInterceptorChain.proceed(InvocationInterceptorChain.java:64)
	at org.junit.jupiter.engine.execution.InvocationInterceptorChain.chainAndInvoke(InvocationInterceptorChain.java:45)
	at org.junit.jupiter.engine.execution.InvocationInterceptorChain.invoke(InvocationInterceptorChain.java:37)
	at org.junit.jupiter.engine.execution.InterceptingExecutableInvoker.invoke(InterceptingExecutableInvoker.java:92)
	at org.junit.jupiter.engine.execution.InterceptingExecutableInvoker.invoke(InterceptingExecutableInvoker.java:86)
	at org.junit.jupiter.engine.descriptor.TestMethodTestDescriptor.lambda$invokeTestMethod$7(TestMethodTestDescriptor.java:218)
	at org.junit.platform.engine.support.hierarchical.ThrowableCollector.execute(ThrowableCollector.java:73)
	at org.junit.jupiter.engine.descriptor.TestMethodTestDescriptor.invokeTestMethod(TestMethodTestDescriptor.java:214)
	at org.junit.jupiter.engine.descriptor.TestMethodTestDescriptor.execute(TestMethodTestDescriptor.java:139)
	at org.junit.jupiter.engine.descriptor.TestMethodTestDescriptor.execute(TestMethodTestDescriptor.java:69)
	at org.junit.platform.engine.support.hierarchical.NodeTestTask.lambda$executeRecursively$6(NodeTestTask.java:151)
	at org.junit.platform.engine.support.hierarchical.ThrowableCollector.execute(ThrowableCollector.java:73)
	at org.junit.platform.engine.support.hierarchical.NodeTestTask.lambda$executeRecursively$8(NodeTestTask.java:141)
	at org.junit.platform.engine.support.hierarchical.Node.around(Node.java:137)
	at org.junit.platform.engine.support.hierarchical.NodeTestTask.lambda$executeRecursively$9(NodeTestTask.java:139)
	at org.junit.platform.engine.support.hierarchical.ThrowableCollector.execute(ThrowableCollector.java:73)
	at org.junit.platform.engine.support.hierarchical.NodeTestTask.executeRecursively(NodeTestTask.java:138)
	at org.junit.platform.engine.support.hierarchical.NodeTestTask.execute(NodeTestTask.java:95)
	at java.base/java.util.ArrayList.forEach(ArrayList.java:1596)
	at org.junit.platform.engine.support.hierarchical.SameThreadHierarchicalTestExecutorService.invokeAll(SameThreadHierarchicalTestExecutorService.java:41)
	at org.junit.platform.engine.support.hierarchical.NodeTestTask.lambda$executeRecursively$6(NodeTestTask.java:155)
	at org.junit.platform.engine.support.hierarchical.ThrowableCollector.execute(ThrowableCollector.java:73)
	at org.junit.platform.engine.support.hierarchical.NodeTestTask.lambda$executeRecursively$8(NodeTestTask.java:141)
	at org.junit.platform.engine.support.hierarchical.Node.around(Node.java:137)
	at org.junit.platform.engine.support.hierarchical.NodeTestTask.lambda$executeRecursively$9(NodeTestTask.java:139)
	at org.junit.platform.engine.support.hierarchical.ThrowableCollector.execute(ThrowableCollector.java:73)
	at org.junit.platform.engine.support.hierarchical.NodeTestTask.executeRecursively(NodeTestTask.java:138)
	at org.junit.platform.engine.support.hierarchical.NodeTestTask.execute(NodeTestTask.java:95)
	at java.base/java.util.ArrayList.forEach(ArrayList.java:1596)
	at org.junit.platform.engine.support.hierarchical.SameThreadHierarchicalTestExecutorService.invokeAll(SameThreadHierarchicalTestExecutorService.java:41)
	at org.junit.platform.engine.support.hierarchical.NodeTestTask.lambda$executeRecursively$6(NodeTestTask.java:155)
	at org.junit.platform.engine.support.hierarchical.ThrowableCollector.execute(ThrowableCollector.java:73)
	at org.junit.platform.engine.support.hierarchical.NodeTestTask.lambda$executeRecursively$8(NodeTestTask.java:141)
	at org.junit.platform.engine.support.hierarchical.Node.around(Node.java:137)
	at org.junit.platform.engine.support.hierarchical.NodeTestTask.lambda$executeRecursively$9(NodeTestTask.java:139)
	at org.junit.platform.engine.support.hierarchical.ThrowableCollector.execute(ThrowableCollector.java:73)
	at org.junit.platform.engine.support.hierarchical.NodeTestTask.executeRecursively(NodeTestTask.java:138)
	at org.junit.platform.engine.support.hierarchical.NodeTestTask.execute(NodeTestTask.java:95)
	at org.junit.platform.engine.support.hierarchical.SameThreadHierarchicalTestExecutorService.submit(SameThreadHierarchicalTestExecutorService.java:35)
	at org.junit.platform.engine.support.hierarchical.HierarchicalTestExecutor.execute(HierarchicalTestExecutor.java:57)
	at org.junit.platform.engine.support.hierarchical.HierarchicalTestEngine.execute(HierarchicalTestEngine.java:54)
	at org.junit.platform.launcher.core.EngineExecutionOrchestrator.execute(EngineExecutionOrchestrator.java:198)
	at org.junit.platform.launcher.core.EngineExecutionOrchestrator.execute(EngineExecutionOrchestrator.java:169)
	at org.junit.platform.launcher.core.EngineExecutionOrchestrator.execute(EngineExecutionOrchestrator.java:93)
	at org.junit.platform.launcher.core.EngineExecutionOrchestrator.lambda$execute$0(EngineExecutionOrchestrator.java:58)
	at org.junit.platform.launcher.core.EngineExecutionOrchestrator.withInterceptedStreams(EngineExecutionOrchestrator.java:141)
	at org.junit.platform.launcher.core.EngineExecutionOrchestrator.execute(EngineExecutionOrchestrator.java:57)
	at org.junit.platform.launcher.core.DefaultLauncher.execute(DefaultLauncher.java:103)
	at org.junit.platform.launcher.core.DefaultLauncher.execute(DefaultLauncher.java:85)
	at org.junit.platform.launcher.core.DelegatingLauncher.execute(DelegatingLauncher.java:47)
	at org.junit.platform.launcher.core.SessionPerRequestLauncher.execute(SessionPerRequestLauncher.java:63)
	at com.intellij.junit5.JUnit5IdeaTestRunner.startRunnerWithArgs(JUnit5IdeaTestRunner.java:57)
	at com.intellij.rt.junit.IdeaTestRunner$Repeater$1.execute(IdeaTestRunner.java:38)
	at com.intellij.rt.execution.junit.TestsRepeater.repeat(TestsRepeater.java:11)
	at com.intellij.rt.junit.IdeaTestRunner$Repeater.startRunnerWithArgs(IdeaTestRunner.java:35)
	at com.intellij.rt.junit.JUnitStarter.prepareStreamsAndStart(JUnitStarter.java:232)
	at com.intellij.rt.junit.JUnitStarter.main(JUnitStarter.java:55)
2025-06-11 13:26:31 [main] INFO  l.insoft.uztis.tests.utils.TestUtils - Screenshot moved to C:\Users\ingrida.zadorozniene\Desktop\Asm\UZTIS\UZTIS_tests\test-output\screenshots\20250611\132631810_testCreateNewDvpApplication().png
2025-06-11 13:29:15 [main] INFO  lt.insoft.uztis.tests.UztisPageTest - Navigated to https://uztisdev.asseco.lt/home
2025-06-11 13:29:15 [main] INFO  l.i.u.tests.ApplicationFormsPageTest - Setup complete. ApplicationFormsPage initialized.
2025-06-11 13:29:15 [main] INFO  l.i.u.tests.ApplicationFormsPageTest - Starting test:'testCreateNewDvpApplication'
2025-06-11 13:29:15 [main] INFO  l.insoft.uztis.tests.utils.TestUtils - Login attempt with user: evaluation_chief
2025-06-11 13:29:15 [main] DEBUG l.i.u.tests.ApplicationFormsPageTest - User logged in with test credentials
2025-06-11 13:29:16 [main] DEBUG l.i.u.tests.ApplicationFormsPageTest - Opened 'Application Processing' menu.
2025-06-11 13:29:16 [main] DEBUG l.i.u.tests.ApplicationFormsPageTest - Clicked on 'Application Forms' menu.
2025-06-11 13:29:17 [main] DEBUG l.i.u.tests.ApplicationFormsPageTest - Clicked to create a new application form.
2025-06-11 13:29:17 [main] DEBUG l.i.u.tests.ApplicationFormsPageTest - Entered random application code: TST-DVP-26
2025-06-11 13:29:17 [main] DEBUG l.i.u.tests.ApplicationFormsPageTest - Selected 'Municipality' radio button.
2025-06-11 13:29:17 [main] INFO  l.i.uztis.pages.ApplicationFormsPage - Located the dropdown button.
2025-06-11 13:29:17 [main] WARN  l.i.uztis.pages.ApplicationFormsPage - The value 'Priemonių organizavimo departamentas' was not found among the options.
2025-06-11 13:29:28 [main] ERROR l.i.uztis.pages.ApplicationFormsPage - Failed to close the dropdown with aria-expanded = 'false'.
2025-06-11 13:29:28 [main] DEBUG l.i.u.tests.ApplicationFormsPageTest - Selected a value from the 'Municipality' dropdown: 'Priemonių organizavimo departamentas'
2025-06-11 13:29:29 [main] ERROR l.i.u.tests.ApplicationFormsPageTest - Test 'testCreateNewDvpApplication' failed with error: element click intercepted: Element <input type="radio" aria-invalid="false" class="mdc-radio__native-control" id="mat-radio-5-input" name="mat-radio-group-1" value="GLOBAL" tabindex="0"> is not clickable at point (356, 556). Other element would receive the click: <div class="cdk-overlay-backdrop cdk-overlay-transparent-backdrop cdk-overlay-backdrop-showing"></div>
  (Session info: chrome=137.0.7151.69)
Build info: version: '4.27.0', revision: 'd6e718d134'
System info: os.name: 'Windows 11', os.arch: 'amd64', os.version: '10.0', java.version: '21.0.3'
Driver info: org.openqa.selenium.chrome.ChromeDriver
Command: [bd215ab30350086654ddb2b29e874ec7, clickElement {id=f.45D85E6C853BCB7648C7DA925AA3C72A.d.916F83191560A50DBC7B1934B63FFBF0.e.56}]
Capabilities {acceptInsecureCerts: false, browserName: chrome, browserVersion: 137.0.7151.69, chrome: {chromedriverVersion: 137.0.7151.70 (dfa4dc56b2ab..., userDataDir: C:\Users\INGRID~1.ZAD\AppDa...}, fedcm:accounts: true, goog:chromeOptions: {debuggerAddress: localhost:54781}, networkConnectionEnabled: false, pageLoadStrategy: normal, platformName: windows, proxy: Proxy(), se:cdp: ws://localhost:54781/devtoo..., se:cdpVersion: 137.0.7151.69, setWindowRect: true, strictFileInteractability: false, timeouts: {implicit: 0, pageLoad: 300000, script: 30000}, unhandledPromptBehavior: dismiss and notify, webauthn:extension:credBlob: true, webauthn:extension:largeBlob: true, webauthn:extension:minPinLength: true, webauthn:extension:prf: true, webauthn:virtualAuthenticators: true}
Element: [[ChromeDriver: chrome on windows (bd215ab30350086654ddb2b29e874ec7)] -> xpath: (//input[@type='radio' and @value='GLOBAL'])]
Session ID: bd215ab30350086654ddb2b29e874ec7
org.openqa.selenium.ElementClickInterceptedException: element click intercepted: Element <input type="radio" aria-invalid="false" class="mdc-radio__native-control" id="mat-radio-5-input" name="mat-radio-group-1" value="GLOBAL" tabindex="0"> is not clickable at point (356, 556). Other element would receive the click: <div class="cdk-overlay-backdrop cdk-overlay-transparent-backdrop cdk-overlay-backdrop-showing"></div>
  (Session info: chrome=137.0.7151.69)
Build info: version: '4.27.0', revision: 'd6e718d134'
System info: os.name: 'Windows 11', os.arch: 'amd64', os.version: '10.0', java.version: '21.0.3'
Driver info: org.openqa.selenium.chrome.ChromeDriver
Command: [bd215ab30350086654ddb2b29e874ec7, clickElement {id=f.45D85E6C853BCB7648C7DA925AA3C72A.d.916F83191560A50DBC7B1934B63FFBF0.e.56}]
Capabilities {acceptInsecureCerts: false, browserName: chrome, browserVersion: 137.0.7151.69, chrome: {chromedriverVersion: 137.0.7151.70 (dfa4dc56b2ab..., userDataDir: C:\Users\INGRID~1.ZAD\AppDa...}, fedcm:accounts: true, goog:chromeOptions: {debuggerAddress: localhost:54781}, networkConnectionEnabled: false, pageLoadStrategy: normal, platformName: windows, proxy: Proxy(), se:cdp: ws://localhost:54781/devtoo..., se:cdpVersion: 137.0.7151.69, setWindowRect: true, strictFileInteractability: false, timeouts: {implicit: 0, pageLoad: 300000, script: 30000}, unhandledPromptBehavior: dismiss and notify, webauthn:extension:credBlob: true, webauthn:extension:largeBlob: true, webauthn:extension:minPinLength: true, webauthn:extension:prf: true, webauthn:virtualAuthenticators: true}
Element: [[ChromeDriver: chrome on windows (bd215ab30350086654ddb2b29e874ec7)] -> xpath: (//input[@type='radio' and @value='GLOBAL'])]
Session ID: bd215ab30350086654ddb2b29e874ec7
	at java.base/jdk.internal.reflect.DirectConstructorHandleAccessor.newInstance(DirectConstructorHandleAccessor.java:62)
	at java.base/java.lang.reflect.Constructor.newInstanceWithCaller(Constructor.java:502)
	at java.base/java.lang.reflect.Constructor.newInstance(Constructor.java:486)
	at org.openqa.selenium.remote.ErrorCodec.decode(ErrorCodec.java:167)
	at org.openqa.selenium.remote.codec.w3c.W3CHttpResponseCodec.decode(W3CHttpResponseCodec.java:138)
	at org.openqa.selenium.remote.codec.w3c.W3CHttpResponseCodec.decode(W3CHttpResponseCodec.java:50)
	at org.openqa.selenium.remote.HttpCommandExecutor.execute(HttpCommandExecutor.java:190)
	at org.openqa.selenium.remote.service.DriverCommandExecutor.invokeExecute(DriverCommandExecutor.java:216)
	at org.openqa.selenium.remote.service.DriverCommandExecutor.execute(DriverCommandExecutor.java:174)
	at org.openqa.selenium.remote.RemoteWebDriver.execute(RemoteWebDriver.java:545)
	at org.openqa.selenium.remote.RemoteWebElement.execute(RemoteWebElement.java:223)
	at org.openqa.selenium.remote.RemoteWebElement.click(RemoteWebElement.java:76)
	at java.base/jdk.internal.reflect.DirectMethodHandleAccessor.invoke(DirectMethodHandleAccessor.java:103)
	at java.base/java.lang.reflect.Method.invoke(Method.java:580)
	at org.openqa.selenium.support.pagefactory.internal.LocatingElementHandler.invoke(LocatingElementHandler.java:51)
	at jdk.proxy2/jdk.proxy2.$Proxy14.click(Unknown Source)
	at lt.insoft.uztis.pages.ApplicationFormsPage.clickRadioButtonBudgetByCountry(ApplicationFormsPage.java:399)
	at lt.insoft.uztis.tests.ApplicationFormsPageTest.testCreateNewDvpApplication(ApplicationFormsPageTest.java:310)
	at java.base/jdk.internal.reflect.DirectMethodHandleAccessor.invoke(DirectMethodHandleAccessor.java:103)
	at java.base/java.lang.reflect.Method.invoke(Method.java:580)
	at org.junit.platform.commons.util.ReflectionUtils.invokeMethod(ReflectionUtils.java:728)
	at org.junit.jupiter.engine.execution.MethodInvocation.proceed(MethodInvocation.java:60)
	at org.junit.jupiter.engine.execution.InvocationInterceptorChain$ValidatingInvocation.proceed(InvocationInterceptorChain.java:131)
	at org.junit.jupiter.engine.extension.TimeoutExtension.intercept(TimeoutExtension.java:156)
	at org.junit.jupiter.engine.extension.TimeoutExtension.interceptTestableMethod(TimeoutExtension.java:147)
	at org.junit.jupiter.engine.extension.TimeoutExtension.interceptTestMethod(TimeoutExtension.java:86)
	at org.junit.jupiter.engine.execution.InterceptingExecutableInvoker$ReflectiveInterceptorCall.lambda$ofVoidMethod$0(InterceptingExecutableInvoker.java:103)
	at org.junit.jupiter.engine.execution.InterceptingExecutableInvoker.lambda$invoke$0(InterceptingExecutableInvoker.java:93)
	at org.junit.jupiter.engine.execution.InvocationInterceptorChain$InterceptedInvocation.proceed(InvocationInterceptorChain.java:106)
	at org.junit.jupiter.engine.execution.InvocationInterceptorChain.proceed(InvocationInterceptorChain.java:64)
	at org.junit.jupiter.engine.execution.InvocationInterceptorChain.chainAndInvoke(InvocationInterceptorChain.java:45)
	at org.junit.jupiter.engine.execution.InvocationInterceptorChain.invoke(InvocationInterceptorChain.java:37)
	at org.junit.jupiter.engine.execution.InterceptingExecutableInvoker.invoke(InterceptingExecutableInvoker.java:92)
	at org.junit.jupiter.engine.execution.InterceptingExecutableInvoker.invoke(InterceptingExecutableInvoker.java:86)
	at org.junit.jupiter.engine.descriptor.TestMethodTestDescriptor.lambda$invokeTestMethod$7(TestMethodTestDescriptor.java:218)
	at org.junit.platform.engine.support.hierarchical.ThrowableCollector.execute(ThrowableCollector.java:73)
	at org.junit.jupiter.engine.descriptor.TestMethodTestDescriptor.invokeTestMethod(TestMethodTestDescriptor.java:214)
	at org.junit.jupiter.engine.descriptor.TestMethodTestDescriptor.execute(TestMethodTestDescriptor.java:139)
	at org.junit.jupiter.engine.descriptor.TestMethodTestDescriptor.execute(TestMethodTestDescriptor.java:69)
	at org.junit.platform.engine.support.hierarchical.NodeTestTask.lambda$executeRecursively$6(NodeTestTask.java:151)
	at org.junit.platform.engine.support.hierarchical.ThrowableCollector.execute(ThrowableCollector.java:73)
	at org.junit.platform.engine.support.hierarchical.NodeTestTask.lambda$executeRecursively$8(NodeTestTask.java:141)
	at org.junit.platform.engine.support.hierarchical.Node.around(Node.java:137)
	at org.junit.platform.engine.support.hierarchical.NodeTestTask.lambda$executeRecursively$9(NodeTestTask.java:139)
	at org.junit.platform.engine.support.hierarchical.ThrowableCollector.execute(ThrowableCollector.java:73)
	at org.junit.platform.engine.support.hierarchical.NodeTestTask.executeRecursively(NodeTestTask.java:138)
	at org.junit.platform.engine.support.hierarchical.NodeTestTask.execute(NodeTestTask.java:95)
	at java.base/java.util.ArrayList.forEach(ArrayList.java:1596)
	at org.junit.platform.engine.support.hierarchical.SameThreadHierarchicalTestExecutorService.invokeAll(SameThreadHierarchicalTestExecutorService.java:41)
	at org.junit.platform.engine.support.hierarchical.NodeTestTask.lambda$executeRecursively$6(NodeTestTask.java:155)
	at org.junit.platform.engine.support.hierarchical.ThrowableCollector.execute(ThrowableCollector.java:73)
	at org.junit.platform.engine.support.hierarchical.NodeTestTask.lambda$executeRecursively$8(NodeTestTask.java:141)
	at org.junit.platform.engine.support.hierarchical.Node.around(Node.java:137)
	at org.junit.platform.engine.support.hierarchical.NodeTestTask.lambda$executeRecursively$9(NodeTestTask.java:139)
	at org.junit.platform.engine.support.hierarchical.ThrowableCollector.execute(ThrowableCollector.java:73)
	at org.junit.platform.engine.support.hierarchical.NodeTestTask.executeRecursively(NodeTestTask.java:138)
	at org.junit.platform.engine.support.hierarchical.NodeTestTask.execute(NodeTestTask.java:95)
	at java.base/java.util.ArrayList.forEach(ArrayList.java:1596)
	at org.junit.platform.engine.support.hierarchical.SameThreadHierarchicalTestExecutorService.invokeAll(SameThreadHierarchicalTestExecutorService.java:41)
	at org.junit.platform.engine.support.hierarchical.NodeTestTask.lambda$executeRecursively$6(NodeTestTask.java:155)
	at org.junit.platform.engine.support.hierarchical.ThrowableCollector.execute(ThrowableCollector.java:73)
	at org.junit.platform.engine.support.hierarchical.NodeTestTask.lambda$executeRecursively$8(NodeTestTask.java:141)
	at org.junit.platform.engine.support.hierarchical.Node.around(Node.java:137)
	at org.junit.platform.engine.support.hierarchical.NodeTestTask.lambda$executeRecursively$9(NodeTestTask.java:139)
	at org.junit.platform.engine.support.hierarchical.ThrowableCollector.execute(ThrowableCollector.java:73)
	at org.junit.platform.engine.support.hierarchical.NodeTestTask.executeRecursively(NodeTestTask.java:138)
	at org.junit.platform.engine.support.hierarchical.NodeTestTask.execute(NodeTestTask.java:95)
	at org.junit.platform.engine.support.hierarchical.SameThreadHierarchicalTestExecutorService.submit(SameThreadHierarchicalTestExecutorService.java:35)
	at org.junit.platform.engine.support.hierarchical.HierarchicalTestExecutor.execute(HierarchicalTestExecutor.java:57)
	at org.junit.platform.engine.support.hierarchical.HierarchicalTestEngine.execute(HierarchicalTestEngine.java:54)
	at org.junit.platform.launcher.core.EngineExecutionOrchestrator.execute(EngineExecutionOrchestrator.java:198)
	at org.junit.platform.launcher.core.EngineExecutionOrchestrator.execute(EngineExecutionOrchestrator.java:169)
	at org.junit.platform.launcher.core.EngineExecutionOrchestrator.execute(EngineExecutionOrchestrator.java:93)
	at org.junit.platform.launcher.core.EngineExecutionOrchestrator.lambda$execute$0(EngineExecutionOrchestrator.java:58)
	at org.junit.platform.launcher.core.EngineExecutionOrchestrator.withInterceptedStreams(EngineExecutionOrchestrator.java:141)
	at org.junit.platform.launcher.core.EngineExecutionOrchestrator.execute(EngineExecutionOrchestrator.java:57)
	at org.junit.platform.launcher.core.DefaultLauncher.execute(DefaultLauncher.java:103)
	at org.junit.platform.launcher.core.DefaultLauncher.execute(DefaultLauncher.java:85)
	at org.junit.platform.launcher.core.DelegatingLauncher.execute(DelegatingLauncher.java:47)
	at org.junit.platform.launcher.core.SessionPerRequestLauncher.execute(SessionPerRequestLauncher.java:63)
	at com.intellij.junit5.JUnit5IdeaTestRunner.startRunnerWithArgs(JUnit5IdeaTestRunner.java:57)
	at com.intellij.rt.junit.IdeaTestRunner$Repeater$1.execute(IdeaTestRunner.java:38)
	at com.intellij.rt.execution.junit.TestsRepeater.repeat(TestsRepeater.java:11)
	at com.intellij.rt.junit.IdeaTestRunner$Repeater.startRunnerWithArgs(IdeaTestRunner.java:35)
	at com.intellij.rt.junit.JUnitStarter.prepareStreamsAndStart(JUnitStarter.java:232)
	at com.intellij.rt.junit.JUnitStarter.main(JUnitStarter.java:55)
2025-06-11 13:29:29 [main] INFO  l.insoft.uztis.tests.utils.TestUtils - Screenshot moved to C:\Users\ingrida.zadorozniene\Desktop\Asm\UZTIS\UZTIS_tests\test-output\screenshots\20250611\132929664_testCreateNewDvpApplication().png
2025-06-11 13:30:52 [main] INFO  lt.insoft.uztis.tests.UztisPageTest - Navigated to https://uztisdev.asseco.lt/home
2025-06-11 13:30:52 [main] INFO  l.i.u.tests.ApplicationFormsPageTest - Setup complete. ApplicationFormsPage initialized.
2025-06-11 13:30:52 [main] INFO  l.i.u.tests.ApplicationFormsPageTest - Starting test:'testCreateNewDvpApplication'
2025-06-11 13:30:53 [main] INFO  l.insoft.uztis.tests.utils.TestUtils - Login attempt with user: evaluation_chief
2025-06-11 13:30:53 [main] DEBUG l.i.u.tests.ApplicationFormsPageTest - User logged in with test credentials
2025-06-11 13:30:53 [main] DEBUG l.i.u.tests.ApplicationFormsPageTest - Opened 'Application Processing' menu.
2025-06-11 13:30:53 [main] DEBUG l.i.u.tests.ApplicationFormsPageTest - Clicked on 'Application Forms' menu.
2025-06-11 13:30:55 [main] DEBUG l.i.u.tests.ApplicationFormsPageTest - Clicked to create a new application form.
2025-06-11 13:30:55 [main] DEBUG l.i.u.tests.ApplicationFormsPageTest - Entered random application code: TST-DVP-35
2025-06-11 13:30:55 [main] DEBUG l.i.u.tests.ApplicationFormsPageTest - Selected 'Municipality' radio button.
2025-06-11 13:30:55 [main] INFO  l.i.uztis.pages.ApplicationFormsPage - Located the dropdown button.
2025-06-11 13:30:56 [main] INFO  l.i.uztis.pages.ApplicationFormsPage - Successfully selected the value: 'Priemonių organizavimo departamentas'
2025-06-11 13:31:06 [main] ERROR l.i.uztis.pages.ApplicationFormsPage - Failed to close the dropdown with aria-expanded = 'false'.
2025-06-11 13:31:06 [main] DEBUG l.i.u.tests.ApplicationFormsPageTest - Selected a value from the 'Municipality' dropdown: 'Priemonių organizavimo departamentas'
2025-06-11 13:31:06 [main] DEBUG l.i.u.tests.ApplicationFormsPageTest - Selected 'Budget By Country' radio button.
2025-06-11 13:31:06 [main] DEBUG l.i.u.tests.ApplicationFormsPageTest - Selected 'Financed Without Queue' option.
2025-06-11 13:31:06 [main] INFO  l.i.uztis.pages.ApplicationFormsPage - Located the dropdown button.
2025-06-11 13:31:07 [main] INFO  l.i.uztis.pages.ApplicationFormsPage - Successfully selected the value: 'DVP atitiktis URP'
2025-06-11 13:31:18 [main] ERROR l.i.uztis.pages.ApplicationFormsPage - Failed to close the dropdown with aria-expanded = 'false'.
2025-06-11 13:31:18 [main] DEBUG l.i.u.tests.ApplicationFormsPageTest - Selected a value from the 'EvaluationOne' dropdown: 'DVP atitiktis URP'
2025-06-11 13:31:18 [main] DEBUG l.i.u.tests.ApplicationFormsPageTest - Clicked 'Plus' button.
2025-06-11 13:31:19 [main] DEBUG l.i.u.tests.ApplicationFormsPageTest - Clicked 'Add' button seven times.
2025-06-11 13:31:19 [main] INFO  l.i.uztis.pages.ApplicationFormsPage - Processing dropdown index: 0
2025-06-11 13:31:29 [main] ERROR l.i.uztis.pages.ApplicationFormsPage - Timeout while waiting for dropdown to close at index: 0 with aria-expanded = 'false'
2025-06-11 13:31:29 [main] INFO  l.i.uztis.pages.ApplicationFormsPage - Processing dropdown index: 1
2025-06-11 13:31:39 [main] ERROR l.i.uztis.pages.ApplicationFormsPage - Timeout while waiting for dropdown to close at index: 1 with aria-expanded = 'false'
2025-06-11 13:31:39 [main] INFO  l.i.uztis.pages.ApplicationFormsPage - Processing dropdown index: 2
2025-06-11 13:31:50 [main] ERROR l.i.uztis.pages.ApplicationFormsPage - Timeout while waiting for dropdown to close at index: 2 with aria-expanded = 'false'
2025-06-11 13:31:50 [main] INFO  l.i.uztis.pages.ApplicationFormsPage - Processing dropdown index: 3
2025-06-11 13:32:00 [main] ERROR l.i.uztis.pages.ApplicationFormsPage - Timeout while waiting for dropdown to close at index: 3 with aria-expanded = 'false'
2025-06-11 13:32:00 [main] INFO  l.i.uztis.pages.ApplicationFormsPage - Processing dropdown index: 4
2025-06-11 13:32:11 [main] ERROR l.i.uztis.pages.ApplicationFormsPage - Timeout while waiting for dropdown to close at index: 4 with aria-expanded = 'false'
2025-06-11 13:32:11 [main] INFO  l.i.uztis.pages.ApplicationFormsPage - Processing dropdown index: 5
2025-06-11 13:32:21 [main] ERROR l.i.uztis.pages.ApplicationFormsPage - Timeout while waiting for dropdown to close at index: 5 with aria-expanded = 'false'
2025-06-11 13:32:21 [main] INFO  l.i.uztis.pages.ApplicationFormsPage - Processing dropdown index: 6
2025-06-11 13:32:32 [main] ERROR l.i.uztis.pages.ApplicationFormsPage - Timeout while waiting for dropdown to close at index: 6 with aria-expanded = 'false'
2025-06-11 13:32:32 [main] INFO  l.i.uztis.pages.ApplicationFormsPage - Processing dropdown index: 7
2025-06-11 13:32:42 [main] ERROR l.i.uztis.pages.ApplicationFormsPage - Timeout while waiting for dropdown to close at index: 7 with aria-expanded = 'false'
2025-06-11 13:32:42 [main] INFO  l.i.uztis.pages.ApplicationFormsPage - Processing input field index: 0
2025-06-11 13:32:42 [main] INFO  l.i.uztis.pages.ApplicationFormsPage - Entered value '50' into field index: 0
2025-06-11 13:32:42 [main] INFO  l.i.uztis.pages.ApplicationFormsPage - Processing input field index: 1
2025-06-11 13:32:42 [main] INFO  l.i.uztis.pages.ApplicationFormsPage - Entered value '924' into field index: 1
2025-06-11 13:32:42 [main] INFO  l.i.uztis.pages.ApplicationFormsPage - Processing input field index: 2
2025-06-11 13:32:43 [main] INFO  l.i.uztis.pages.ApplicationFormsPage - Entered value '31' into field index: 2
2025-06-11 13:32:43 [main] INFO  l.i.uztis.pages.ApplicationFormsPage - Processing input field index: 3
2025-06-11 13:32:43 [main] INFO  l.i.uztis.pages.ApplicationFormsPage - Entered value '4.7' into field index: 3
2025-06-11 13:32:43 [main] INFO  l.i.uztis.pages.ApplicationFormsPage - Processing input field index: 4
2025-06-11 13:32:43 [main] INFO  l.i.uztis.pages.ApplicationFormsPage - Entered value '35' into field index: 4
2025-06-11 13:32:43 [main] INFO  l.i.uztis.pages.ApplicationFormsPage - Processing input field index: 5
2025-06-11 13:32:43 [main] INFO  l.i.uztis.pages.ApplicationFormsPage - Entered value '20' into field index: 5
2025-06-11 13:32:43 [main] INFO  l.i.uztis.pages.ApplicationFormsPage - Processing input field index: 6
2025-06-11 13:32:43 [main] INFO  l.i.uztis.pages.ApplicationFormsPage - Entered value '30' into field index: 6
2025-06-11 13:32:43 [main] INFO  l.i.uztis.pages.ApplicationFormsPage - Processing input field index: 7
2025-06-11 13:32:43 [main] INFO  l.i.uztis.pages.ApplicationFormsPage - Entered value '60' into field index: 7
2025-06-11 13:32:43 [main] DEBUG l.i.u.tests.ApplicationFormsPageTest - Entered additional values and text.
2025-06-11 13:32:43 [main] DEBUG l.i.u.tests.ApplicationFormsPageTest - Entered application name: DVP paraiška
2025-06-11 13:32:43 [main] DEBUG l.i.u.tests.ApplicationFormsPageTest - Clicked the 'Save' button.
2025-06-11 13:32:44 [main] DEBUG l.i.uztis.pages.ApplicationFormsPage - Verified success message: 'Duomenys sėkmingai išsaugoti.'
2025-06-11 13:32:44 [main] INFO  l.i.u.tests.ApplicationFormsPageTest - Verified success message
2025-06-11 13:32:44 [main] INFO  l.i.u.tests.ApplicationFormsPageTest - Verified that the 'Save Form' button is displayed.
2025-06-11 13:32:44 [main] INFO  l.i.u.tests.ApplicationFormsPageTest - Test 'testCreateNewDvpApplication' completed successfully.
2025-06-11 13:35:03 [main] INFO  lt.insoft.uztis.tests.UztisPageTest - Navigated to https://uztisdev.asseco.lt/home
2025-06-11 13:35:03 [main] INFO  l.i.u.tests.ApplicationFormsPageTest - Setup complete. ApplicationFormsPage initialized.
2025-06-11 13:35:03 [main] INFO  l.i.u.tests.ApplicationFormsPageTest - Starting test:'testAddContractDVP'
2025-06-11 13:35:03 [main] INFO  l.insoft.uztis.tests.utils.TestUtils - Login attempt with user: evaluation_chief
2025-06-11 13:35:03 [main] DEBUG l.i.u.tests.ApplicationFormsPageTest - User logged in with test credentials
2025-06-11 13:35:04 [main] DEBUG l.i.u.tests.ApplicationFormsPageTest - Opened 'Application Processing' menu.
2025-06-11 13:35:04 [main] DEBUG l.i.u.tests.ApplicationFormsPageTest - Clicked on 'Application Forms' menu.
2025-06-11 13:35:05 [main] DEBUG l.i.u.tests.ApplicationFormsPageTest - Selected the last application description.
2025-06-11 13:35:05 [main] DEBUG l.i.u.tests.ApplicationFormsPageTest - Clicked 'Project Progress' tab.
2025-06-11 13:35:06 [main] DEBUG l.i.u.tests.ApplicationFormsPageTest - Clicked the 'Edit' button.
2025-06-11 13:35:06 [main] INFO  l.i.uztis.pages.ApplicationFormsPage - Opening the dropdown.
2025-06-11 13:35:08 [main] INFO  l.i.uztis.pages.ApplicationFormsPage - Selected the value: 'Darbo vietų pritaikymo ir finansavimo sutartis'
2025-06-11 13:35:18 [main] ERROR l.i.uztis.pages.ApplicationFormsPage - Dropdown did not close as expected.
2025-06-11 13:35:18 [main] DEBUG l.i.u.tests.ApplicationFormsPageTest - Selected a value from the 'Document' dropdown: 'Darbo vietų pritaikymo ir finansavimo sutartis'
2025-06-11 13:35:18 [main] INFO  l.i.uztis.pages.ApplicationFormsPage - Opening the dropdown.
2025-06-11 13:35:22 [main] INFO  l.i.uztis.pages.ApplicationFormsPage - Selected the value: 'Sprendimas dėl išmokos'
2025-06-11 13:35:32 [main] ERROR l.i.uztis.pages.ApplicationFormsPage - Dropdown did not close as expected.
2025-06-11 13:35:32 [main] DEBUG l.i.u.tests.ApplicationFormsPageTest - Selected a value from the 'Document' dropdown: 'Sprendimas dėl išmokos'
2025-06-11 13:35:32 [main] INFO  l.i.uztis.pages.ApplicationFormsPage - Opening the dropdown.
2025-06-11 13:35:35 [main] INFO  l.i.uztis.pages.ApplicationFormsPage - Selected the value: 'Sprendimas dėl išmokos'
2025-06-11 13:35:45 [main] ERROR l.i.uztis.pages.ApplicationFormsPage - Dropdown did not close as expected.
2025-06-11 13:35:45 [main] DEBUG l.i.u.tests.ApplicationFormsPageTest - Selected a value from the 'Document' dropdown: 'Sprendimas dėl išmokos'
2025-06-11 13:35:45 [main] DEBUG l.i.u.tests.ApplicationFormsPageTest - Clicked the 'Save' button.
2025-06-11 13:35:45 [main] ERROR l.i.uztis.pages.ApplicationFormsPage - Failed to verify the success message: 'Funkcija sėkmingai atlikta.'. Available messages: [Duomenys sėkmingai išsaugoti.]
2025-06-11 13:35:45 [main] INFO  l.i.u.tests.ApplicationFormsPageTest - Verified success message
2025-06-11 13:35:45 [main] INFO  l.i.u.tests.ApplicationFormsPageTest - Test 'testAddContractDVP' completed successfully.
2025-06-11 13:36:10 [main] INFO  lt.insoft.uztis.tests.UztisPageTest - Navigated to https://uztisdev.asseco.lt/home
2025-06-11 13:36:10 [main] INFO  l.i.uztis.tests.InvitationsPageTest - Starting test:'testCreateNewDvpInvitation'
2025-06-11 13:36:10 [main] INFO  l.insoft.uztis.tests.utils.TestUtils - Login attempt with user: evaluation_chief
2025-06-11 13:36:10 [main] DEBUG l.i.uztis.tests.InvitationsPageTest - User logged in with test credentials
2025-06-11 13:36:11 [main] DEBUG l.i.uztis.tests.InvitationsPageTest - Opened 'Application Processing' menu.
2025-06-11 13:36:11 [main] DEBUG l.i.uztis.tests.InvitationsPageTest - Clicked on 'Application Forms' menu.
2025-06-11 13:36:11 [main] DEBUG l.i.uztis.tests.InvitationsPageTest - Navigating to application forms menu.
2025-06-11 13:36:11 [main] DEBUG l.i.uztis.tests.InvitationsPageTest - Retrieved last description code text: 'TST-DVP-35'.
2025-06-11 13:36:11 [main] DEBUG l.i.uztis.tests.InvitationsPageTest - Clicked on 'Invitation' menu.
2025-06-11 13:36:12 [main] DEBUG l.i.uztis.tests.InvitationsPageTest - Clicked 'Create New Application Form'.
2025-06-11 13:36:13 [main] DEBUG l.i.uztis.tests.InvitationsPageTest - Selected section by code: 'TST-DVP-35'.
2025-06-11 13:36:13 [main] INFO  l.insoft.uztis.pages.InvitationsPage - Located the dropdown button.
2025-06-11 13:36:24 [main] ERROR l.insoft.uztis.pages.InvitationsPage - Timeout while waiting for dropdown to close with aria-expanded = 'false'.
2025-06-11 13:36:24 [main] DEBUG l.i.uztis.tests.InvitationsPageTest - Selected invitation number from the list.
2025-06-11 13:36:24 [main] DEBUG l.i.uztis.tests.InvitationsPageTest - Entered current date.
2025-06-11 13:36:24 [main] DEBUG l.i.uztis.tests.InvitationsPageTest - Entered start time: 00:00.
2025-06-11 13:36:25 [main] DEBUG l.i.uztis.tests.InvitationsPageTest - Entered end date.
2025-06-11 13:36:25 [main] DEBUG l.i.uztis.tests.InvitationsPageTest - Entered end time: 11:11.
2025-06-11 13:36:25 [main] DEBUG l.i.uztis.tests.InvitationsPageTest - Entered publication end date.
2025-06-11 13:36:25 [main] DEBUG l.i.uztis.tests.InvitationsPageTest - Added additional values.
2025-06-11 13:36:25 [main] INFO  l.insoft.uztis.pages.InvitationsPage - Located the dropdown button.
2025-06-11 13:36:26 [main] DEBUG l.i.uztis.tests.InvitationsPageTest - Selected the value: 'Didžiausia galima paramos suma aplinkos darbo vietai, Eur'
2025-06-11 13:36:26 [main] INFO  l.insoft.uztis.pages.InvitationsPage - Located the dropdown button.
2025-06-11 13:36:27 [main] DEBUG l.i.uztis.tests.InvitationsPageTest - Selected the value: 'Didžiausia galima paramos suma, Eur'
2025-06-11 13:36:27 [main] INFO  l.insoft.uztis.pages.InvitationsPage - Located the dropdown button.
2025-06-11 13:36:28 [main] DEBUG l.i.uztis.tests.InvitationsPageTest - Selected the value: 'Didžiausia galima paramos suma vienai darbo vietai, Eur'
2025-06-11 13:36:28 [main] DEBUG l.i.uztis.tests.InvitationsPageTest - Entered value: 11000
2025-06-11 13:36:28 [main] DEBUG l.i.uztis.tests.InvitationsPageTest - Entered value: 12000
2025-06-11 13:36:29 [main] DEBUG l.i.uztis.tests.InvitationsPageTest - Entered value: 13000
2025-06-11 13:36:29 [main] DEBUG l.i.uztis.tests.InvitationsPageTest - Checked 'Legal Entities' checkbox.
2025-06-11 13:36:29 [main] DEBUG l.i.uztis.tests.InvitationsPageTest - Checked 'Legal Entities' checkbox.
2025-06-11 13:36:29 [main] DEBUG l.i.uztis.tests.InvitationsPageTest - Unchecked 'Persons Registered with Employment Service' checkbox.
2025-06-11 13:36:29 [main] DEBUG l.i.uztis.tests.InvitationsPageTest - Checked 'Persons Registered as Employers' checkbox.
2025-06-11 13:36:29 [main] DEBUG l.i.uztis.tests.InvitationsPageTest - Entered budget: '2000'.
2025-06-11 13:36:29 [main] DEBUG l.i.uztis.tests.InvitationsPageTest - Entered description text: 'Aprašo tekstas'.
2025-06-11 13:36:30 [main] DEBUG l.i.uztis.tests.InvitationsPageTest - Entered applicants text: 'Pareiškėjų tekstas'.
2025-06-11 13:36:30 [main] DEBUG l.i.uztis.tests.InvitationsPageTest - Entered expenditures text: 'Išlaidų tekstas'.
2025-06-11 13:36:30 [main] DEBUG l.i.uztis.tests.InvitationsPageTest - Entered legislation text: 'Teisės aktų tekstas'.
2025-06-11 13:36:30 [main] DEBUG l.i.uztis.tests.InvitationsPageTest - Entered education text: 'Mokymų tekstas'.
2025-06-11 13:36:30 [main] DEBUG l.i.uztis.tests.InvitationsPageTest - File uploaded.
2025-06-11 13:36:30 [main] DEBUG l.i.uztis.tests.InvitationsPageTest - Clicked 'Publish'.
2025-06-11 13:36:30 [main] DEBUG l.i.uztis.tests.InvitationsPageTest - Publication confirmed.
2025-06-11 13:36:31 [main] DEBUG l.i.uztis.pages.ApplicationFormsPage - Verified success message: 'Funkcija sėkmingai atlikta.'
2025-06-11 13:36:31 [main] INFO  l.i.uztis.tests.InvitationsPageTest - Verified success message
2025-06-11 13:36:31 [main] INFO  l.i.uztis.tests.InvitationsPageTest - Test 'testCreateNewDvpInvitation' completed successfully.
2025-06-12 10:02:26 [main] INFO  lt.insoft.uztis.tests.UztisPageTest - Navigated to https://uztisdev.asseco.lt/home
2025-06-12 10:02:26 [main] INFO  l.i.u.tests.ApplicationFormsPageTest - Setup complete. ApplicationFormsPage initialized.
2025-06-12 10:02:26 [main] INFO  l.i.u.tests.ApplicationFormsPageTest - Starting test:'testCreateNewVuiApplication'
2025-06-12 10:02:27 [main] INFO  l.insoft.uztis.tests.utils.TestUtils - Login attempt with user: evaluation_chief
2025-06-12 10:02:27 [main] DEBUG l.i.u.tests.ApplicationFormsPageTest - User logged in with test credentials
2025-06-12 10:02:27 [main] DEBUG l.i.u.tests.ApplicationFormsPageTest - Opened 'Application Processing' menu.
2025-06-12 10:02:27 [main] DEBUG l.i.u.tests.ApplicationFormsPageTest - Clicked on 'Application Forms' menu.
2025-06-12 10:02:28 [main] DEBUG l.i.u.tests.ApplicationFormsPageTest - Clicked to create a new application form.
2025-06-12 10:02:28 [main] DEBUG l.i.u.tests.ApplicationFormsPageTest - Entered random application code: TST-VUI-77
2025-06-12 10:02:28 [main] DEBUG l.i.u.tests.ApplicationFormsPageTest - Selected 'Section' radio button.
2025-06-12 10:02:28 [main] INFO  l.i.uztis.pages.ApplicationFormsPage - Located the dropdown button.
2025-06-12 10:02:30 [main] INFO  l.i.uztis.pages.ApplicationFormsPage - Successfully selected the value: 'Priemonių organizavimo departamentas / Priemonių organizavimo 1-asis skyrius'
2025-06-12 10:02:40 [main] ERROR l.i.uztis.pages.ApplicationFormsPage - Failed to close the dropdown with aria-expanded = 'false'.
2025-06-12 10:02:40 [main] DEBUG l.i.u.tests.ApplicationFormsPageTest - Selected a value from the 'Section' dropdown: 'Priemonių organizavimo departamentas / Priemonių organizavimo 1-asis skyrius'
2025-06-12 10:02:40 [main] DEBUG l.i.u.tests.ApplicationFormsPageTest - Selected 'Budget by Municipality' option.
2025-06-12 10:02:40 [main] DEBUG l.i.u.tests.ApplicationFormsPageTest - Selected 'Financed Without Queue' option.
2025-06-12 10:03:09 [main] INFO  lt.insoft.uztis.tests.UztisPageTest - Navigated to https://uztisdev.asseco.lt/home
2025-06-12 10:03:09 [main] INFO  l.i.u.t.SubmittedApplicationsPageTest - Starting test:'testFillNewVUIPApplicationFA'
2025-06-12 10:03:10 [main] INFO  l.insoft.uztis.tests.utils.TestUtils - Login attempt with user: evaluation_chief
2025-06-12 10:03:10 [main] DEBUG l.i.u.t.SubmittedApplicationsPageTest - User logged in with test credentials
2025-06-12 10:03:10 [main] DEBUG l.i.u.t.SubmittedApplicationsPageTest - Opened 'Application Processing' menu.
2025-06-12 10:03:10 [main] DEBUG l.i.u.t.SubmittedApplicationsPageTest - Clicked on 'Application Forms' menu.
2025-06-12 10:03:10 [main] DEBUG l.i.u.t.SubmittedApplicationsPageTest - Retrieved last description code text: 'TST-VUI-20'.
2025-06-12 10:03:11 [main] DEBUG l.i.u.t.SubmittedApplicationsPageTest - Clicked on 'Invitation' menu.
2025-06-12 10:03:12 [main] DEBUG l.i.u.t.SubmittedApplicationsPageTest - Selected application section by code: 'TST-VUI-20'.
2025-06-12 10:03:12 [main] DEBUG l.i.u.t.SubmittedApplicationsPageTest - Clicked 'Search' button.
2025-06-12 10:03:13 [main] DEBUG l.i.u.t.SubmittedApplicationsPageTest - Retrieved invitation code: ''.
2025-06-12 10:03:13 [main] DEBUG l.i.u.t.SubmittedApplicationsPageTest - Clicked on 'Submitted Applications' menu.
2025-06-12 10:03:15 [main] DEBUG l.i.u.t.SubmittedApplicationsPageTest - Selected invitation by code: 'TST-VUI-20'.
2025-06-12 10:03:15 [main] DEBUG l.i.u.t.SubmittedApplicationsPageTest - Invitation code inserted.
2025-06-12 10:03:15 [main] DEBUG l.i.u.t.SubmittedApplicationsPageTest - Clicked on 'Action Application' button.
2025-06-12 10:03:15 [main] DEBUG l.i.u.t.SubmittedApplicationsPageTest - Clicked on 'New Application' button.
2025-06-12 10:03:16 [main] DEBUG l.i.u.t.SubmittedApplicationsPageTest - Selected the 'RadioButtonFA' option.
2025-06-12 10:03:16 [main] DEBUG l.i.u.t.SubmittedApplicationsPageTest - Entered phone number: '61298745'.
2025-06-12 10:03:16 [main] DEBUG l.i.u.t.SubmittedApplicationsPageTest - Entered email: 'test@autotest.com'.
2025-06-12 10:03:16 [main] INFO  l.i.u.p.SubmittedApplicationsPage - Clicking on the dropdown button.
2025-06-16 14:31:25 [main] INFO  lt.insoft.uztis.tests.UztisPageTest - Navigated to https://uztisdev.asseco.lt/home
2025-06-16 14:31:25 [main] INFO  l.i.u.t.SubmittedApplicationsPageTest - Starting test:'testFillNewVUIPApplicationFA'
2025-06-16 14:31:25 [main] INFO  l.insoft.uztis.tests.utils.TestUtils - Login attempt with user: evaluation_chief
2025-06-16 14:31:25 [main] DEBUG l.i.u.t.SubmittedApplicationsPageTest - User logged in with test credentials
2025-06-16 14:31:26 [main] DEBUG l.i.u.t.SubmittedApplicationsPageTest - Opened 'Application Processing' menu.
2025-06-16 14:31:26 [main] DEBUG l.i.u.t.SubmittedApplicationsPageTest - Clicked on 'Application Forms' menu.
2025-06-16 14:31:26 [main] DEBUG l.i.u.t.SubmittedApplicationsPageTest - Retrieved last description code text: 'TST-VUI-80'.
2025-06-16 14:31:27 [main] DEBUG l.i.u.t.SubmittedApplicationsPageTest - Clicked on 'Invitation' menu.
2025-06-16 14:31:28 [main] DEBUG l.i.u.t.SubmittedApplicationsPageTest - Selected application section by code: 'TST-VUI-80'.
2025-06-16 14:31:29 [main] DEBUG l.i.u.t.SubmittedApplicationsPageTest - Clicked 'Search' button.
2025-06-16 14:31:29 [main] DEBUG l.i.u.t.SubmittedApplicationsPageTest - Retrieved invitation code: ''.
2025-06-16 14:31:29 [main] DEBUG l.i.u.t.SubmittedApplicationsPageTest - Clicked on 'Submitted Applications' menu.
2025-06-16 14:31:31 [main] DEBUG l.i.u.t.SubmittedApplicationsPageTest - Selected invitation by code: 'TST-VUI-80'.
2025-06-16 14:31:31 [main] DEBUG l.i.u.t.SubmittedApplicationsPageTest - Invitation code inserted.
2025-06-16 14:31:31 [main] DEBUG l.i.u.t.SubmittedApplicationsPageTest - Clicked on 'Action Application' button.
2025-06-16 14:31:31 [main] DEBUG l.i.u.t.SubmittedApplicationsPageTest - Clicked on 'New Application' button.
2025-06-16 14:31:32 [main] DEBUG l.i.u.t.SubmittedApplicationsPageTest - Selected the 'RadioButtonFA' option.
2025-06-16 14:31:32 [main] DEBUG l.i.u.t.SubmittedApplicationsPageTest - Entered phone number: '61298745'.
2025-06-16 14:31:32 [main] DEBUG l.i.u.t.SubmittedApplicationsPageTest - Entered email: 'test@autotest.com'.
2025-06-16 14:31:32 [main] INFO  l.i.u.p.SubmittedApplicationsPage - Clicking on the dropdown button.
2025-06-16 14:31:49 [main] INFO  l.i.u.p.SubmittedApplicationsPage - Found 1741 options in the dropdown.
2025-06-16 14:31:49 [main] DEBUG l.i.u.p.SubmittedApplicationsPage - Checking option: ''
2025-06-16 14:31:49 [main] DEBUG l.i.u.p.SubmittedApplicationsPage - Checking option: '01.11 - Grūdinių (išskyrus ryžius), ankštinių ir aliejingų sėklų augalų auginimas'
2025-06-16 14:31:49 [main] INFO  l.i.u.p.SubmittedApplicationsPage - Successfully selected the value: '01.11 - Grūdinių (išskyrus ryžius), ankštinių ir aliejingų sėklų augalų auginimas'
2025-06-16 14:31:49 [main] INFO  l.i.u.p.SubmittedApplicationsPage - Attempting to close the dropdown.
2025-06-16 14:31:49 [main] DEBUG l.i.u.t.SubmittedApplicationsPageTest - Selected EVRK value: '01.11 - Grūdinių (išskyrus ryžius), ankštinių ir aliejingų sėklų augalų auginimas'.
2025-06-16 14:31:50 [main] DEBUG l.i.u.t.SubmittedApplicationsPageTest - Clicked on 'Address Component' button.
2025-06-16 14:31:50 [main] INFO  l.i.u.p.SubmittedApplicationsPage - Located the dropdown button.
2025-06-16 14:31:52 [main] INFO  l.i.u.p.SubmittedApplicationsPage - Successfully selected the value: 'Lietuva'
2025-06-16 14:31:52 [main] DEBUG l.i.u.t.SubmittedApplicationsPageTest - Selected country: 'Lietuva'.
2025-06-16 14:31:53 [main] INFO  l.i.u.p.SubmittedApplicationsPage - Located the dropdown search field.
2025-06-16 14:31:53 [main] INFO  l.i.u.p.SubmittedApplicationsPage - Dropdown city is opened.
2025-06-16 14:31:53 [main] INFO  l.i.u.p.SubmittedApplicationsPage - Searched for value: 'Vilnius'
2025-06-16 14:31:54 [main] INFO  l.i.u.p.SubmittedApplicationsPage - Successfully selected: 'Vilnius'
2025-06-16 14:31:54 [main] INFO  l.i.u.p.SubmittedApplicationsPage - Located the dropdown button.
2025-06-16 14:31:55 [main] INFO  l.i.u.p.SubmittedApplicationsPage - Successfully selected the value: 'A. Domaševičiaus g.'
2025-06-16 14:31:55 [main] DEBUG l.i.u.t.SubmittedApplicationsPageTest - Selected street: 'A. Domaševičiaus g.'.
2025-06-16 14:31:55 [main] INFO  l.i.u.p.SubmittedApplicationsPage - Located the dropdown button.
2025-06-16 14:31:55 [main] INFO  l.i.u.p.SubmittedApplicationsPage - Successfully selected the value: '1'
2025-06-16 14:31:55 [main] DEBUG l.i.u.t.SubmittedApplicationsPageTest - Selected house: '1'.
2025-06-16 14:31:55 [main] INFO  l.i.u.p.SubmittedApplicationsPage - Located the dropdown button.
2025-06-16 14:31:55 [main] INFO  l.i.u.p.SubmittedApplicationsPage - Successfully selected the value: '1'
2025-06-16 14:31:55 [main] DEBUG l.i.u.t.SubmittedApplicationsPageTest - Selected apartment: '1'.
2025-06-16 14:31:56 [main] DEBUG l.i.u.t.SubmittedApplicationsPageTest - Clicked 'Confirm' button.
2025-06-16 14:31:56 [main] DEBUG l.i.u.t.SubmittedApplicationsPageTest - Entered project date.
2025-06-16 14:31:56 [main] DEBUG l.i.u.t.SubmittedApplicationsPageTest - Entered job count: '1'.
2025-06-16 14:31:56 [main] DEBUG l.i.u.t.SubmittedApplicationsPageTest - Clicked 'Next' button.
2025-06-16 14:31:56 [main] INFO  l.i.u.p.SubmittedApplicationsPage - Located the dropdown button.
2025-06-16 14:31:57 [main] INFO  l.i.u.p.SubmittedApplicationsPage - Successfully selected the value: 'Administratoriai'
2025-06-16 14:31:57 [main] DEBUG l.i.u.t.SubmittedApplicationsPageTest - Selected job name: 'Administratoriai'.
2025-06-16 14:31:57 [main] DEBUG l.i.u.t.SubmittedApplicationsPageTest - Entered job function: 'Funkcija 1'.
2025-06-16 14:31:57 [main] DEBUG l.i.u.t.SubmittedApplicationsPageTest - Selected 'RadioButtonWithDisabilities' option.
2025-06-16 14:31:57 [main] INFO  l.i.u.p.SubmittedApplicationsPage - Clicking on the dropdown button.
2025-06-16 14:31:58 [main] INFO  l.i.u.p.SubmittedApplicationsPage - Found 34 options in the dropdown.
2025-06-16 14:31:58 [main] DEBUG l.i.u.p.SubmittedApplicationsPage - Checking option: 'Asmenys, kuriems suteiktas pabėgėlio statusas ar perkeliamojo asmens statusas, arba asmenys, kuriems suteikta papildoma ar laikinoji apsauga, ir asmenys, turintys teisę gauti laikinąją apsaugą, iki sprendimo dėl laikinosios apsaugos suteikimo (nesuteikimo) priėmimo, tačiau ne ilgiau kaip laikinosios apsaugos laikotarpiu'
2025-06-16 14:31:58 [main] DEBUG l.i.u.p.SubmittedApplicationsPage - Checking option: 'Asmenys, kuriems suteiktas pabėgėlio statusas ar perkeliamojo asmens statusas, arba asmenys, kuriems suteikta papildoma ar laikinoji apsauga, ir asmenys, turintys teisę gauti laikinąją apsaugą, iki sprendimo dėl laikinosios apsaugos suteikimo (nesuteikimo) priėmimo, tačiau ne ilgiau kaip laikinosios apsaugos laikotarpiu'
2025-06-16 14:31:58 [main] DEBUG l.i.u.p.SubmittedApplicationsPage - Checking option: 'Asmenys, turintys teisę į papildomas užimtumo garantijas pagal Lietuvos Respublikos valstybės įmonės Ignalinos atominės elektrinės darbuotojų papildomų užimtumo ir socialinių garantijų įstatymą'
2025-06-16 14:31:58 [main] DEBUG l.i.u.p.SubmittedApplicationsPage - Checking option: 'Asmenys, turintys teisę į papildomas užimtumo garantijas pagal Lietuvos Respublikos valstybės įmonės Ignalinos atominės elektrinės darbuotojų papildomų užimtumo ir socialinių garantijų įstatymą'
2025-06-16 14:31:58 [main] DEBUG l.i.u.p.SubmittedApplicationsPage - Checking option: 'Bedarbiai iki 29 metų'
2025-06-16 14:31:58 [main] DEBUG l.i.u.p.SubmittedApplicationsPage - Checking option: 'Bedarbiai iki 29 metų'
2025-06-16 14:31:58 [main] DEBUG l.i.u.p.SubmittedApplicationsPage - Checking option: 'Bedarbiai, kurie yra darbingo amžiaus neįgalieji, kuriems nustatytas 30–40 procentų darbingumo lygis arba vidutinis neįgalumo lygis'
2025-06-16 14:31:58 [main] DEBUG l.i.u.p.SubmittedApplicationsPage - Checking option: 'Bedarbiai, kurie yra darbingo amžiaus neįgalieji, kuriems nustatytas 30–40 procentų darbingumo lygis arba vidutinis neįgalumo lygis'
2025-06-16 14:31:58 [main] DEBUG l.i.u.p.SubmittedApplicationsPage - Checking option: 'Bedarbiai, kurie yra darbingo amžiaus neįgalieji, kuriems nustatytas 45–55 procentų darbingumo lygis arba lengvas neįgalumo lygis'
2025-06-16 14:31:58 [main] DEBUG l.i.u.p.SubmittedApplicationsPage - Checking option: 'Bedarbiai, kurie yra darbingo amžiaus neįgalieji, kuriems nustatytas 45–55 procentų darbingumo lygis arba lengvas neįgalumo lygis'
2025-06-16 14:31:58 [main] DEBUG l.i.u.p.SubmittedApplicationsPage - Checking option: 'Bedarbiai, kurie yra darbingo amžiaus neįgalieji, kuriems nustatytas iki 25 procentų darbingumo lygis arba sunkus neįgalumo lygis'
2025-06-16 14:31:58 [main] INFO  l.i.u.p.SubmittedApplicationsPage - Successfully selected the value: 'Bedarbiai, kurie yra darbingo amžiaus neįgalieji, kuriems nustatytas iki 25 procentų darbingumo lygis arba sunkus neįgalumo lygis'
2025-06-16 14:31:58 [main] INFO  l.i.u.p.SubmittedApplicationsPage - Attempting to close the dropdown.
2025-06-16 14:31:59 [main] DEBUG l.i.u.t.SubmittedApplicationsPageTest - Selected disabilities type: 'Bedarbiai, kurie yra darbingo amžiaus neįgalieji, kuriems nustatytas iki 25 procentų darbingumo lygis arba sunkus neįgalumo lygis'.
2025-06-16 14:31:59 [main] DEBUG l.i.u.t.SubmittedApplicationsPageTest - Entered disability information: 'Negalia 1'.
2025-06-16 14:31:59 [main] INFO  l.i.u.p.SubmittedApplicationsPage - Located the dropdown button.
2025-06-16 14:32:00 [main] INFO  l.i.u.p.SubmittedApplicationsPage - Successfully selected the value: 'Kita'
2025-06-16 14:32:00 [main] DEBUG l.i.u.t.SubmittedApplicationsPageTest - Selected time mode: 'Kita'.
2025-06-16 14:32:00 [main] DEBUG l.i.u.t.SubmittedApplicationsPageTest - Selected time mode other: '6 val. per dieną ir 4 d. per savaitę'.
2025-06-16 14:32:00 [main] DEBUG l.i.u.t.SubmittedApplicationsPageTest - Entered qualification: 'Kvalifikacija 1'.
2025-06-16 14:32:01 [main] DEBUG l.i.u.t.SubmittedApplicationsPageTest - Entered job date.
2025-06-16 14:32:01 [main] DEBUG l.i.u.t.SubmittedApplicationsPageTest - Entered salary amount: '1200'.
2025-06-16 14:32:01 [main] DEBUG l.i.u.t.SubmittedApplicationsPageTest - Entered salary description: 'Užmokestis 1'.
2025-06-16 14:32:01 [main] DEBUG l.i.u.t.SubmittedApplicationsPageTest - Selected 'Temporary Job' radio button.
2025-06-16 14:32:01 [main] DEBUG l.i.u.t.SubmittedApplicationsPageTest - Selected 'Season Job' radio button.
2025-06-16 14:32:02 [main] DEBUG l.i.u.t.SubmittedApplicationsPageTest - Selected 'Energy' radio button.
2025-06-16 14:32:02 [main] DEBUG l.i.u.t.SubmittedApplicationsPageTest - Selected 'Repair' radio button.
2025-06-16 14:32:02 [main] DEBUG l.i.u.t.SubmittedApplicationsPageTest - Entered job description: 'Veikla 1'.
2025-06-16 14:32:02 [main] DEBUG l.i.u.t.SubmittedApplicationsPageTest - Entered process description: 'Procesas 1'.
2025-06-16 14:32:02 [main] DEBUG l.i.u.t.SubmittedApplicationsPageTest - Entered energy information: 'Energija 1'.
2025-06-16 14:32:03 [main] DEBUG l.i.u.t.SubmittedApplicationsPageTest - Entered repair information: 'Remontas 1'.
2025-06-16 14:32:03 [main] DEBUG l.i.u.t.SubmittedApplicationsPageTest - Selected 'PVM' radio button.
2025-06-16 14:32:03 [main] INFO  l.i.u.p.SubmittedApplicationsPage - Located the dropdown button.
2025-06-16 14:32:03 [main] INFO  l.i.u.p.SubmittedApplicationsPage - Successfully selected the value: 'Įsigyti'
2025-06-16 14:32:03 [main] DEBUG l.i.u.t.SubmittedApplicationsPageTest - Selected necessary for job: 'Įsigyti'.
2025-06-16 14:32:04 [main] DEBUG l.i.u.t.SubmittedApplicationsPageTest - Selected tool: 'Darbo priemonė 1'.
2025-06-16 14:32:04 [main] DEBUG l.i.u.t.SubmittedApplicationsPageTest - Selected tool parameter one: 'Darbo priemonės 1 parametras 1'.
2025-06-16 14:32:04 [main] DEBUG l.i.u.t.SubmittedApplicationsPageTest - Selected tool parameter two: 'Darbo priemonės 1 parametras 2'.
2025-06-16 14:32:04 [main] DEBUG l.i.u.t.SubmittedApplicationsPageTest - Selected tool parameter three: 'Darbo priemonės 1 parametras 3'.
2025-06-16 14:32:05 [main] DEBUG l.i.u.t.SubmittedApplicationsPageTest - Entered tool count: '1'.
2025-06-16 14:32:05 [main] DEBUG l.i.u.t.SubmittedApplicationsPageTest - Entered price amount 1: '1000'.
2025-06-16 14:32:07 [main] DEBUG l.i.u.t.SubmittedApplicationsPageTest - Entered own funds amount 1: '800'.
2025-06-16 14:32:09 [main] DEBUG l.i.u.t.SubmittedApplicationsPageTest - Clicked 'Add' button.
2025-06-16 14:32:09 [main] INFO  l.i.u.p.SubmittedApplicationsPage - Located the dropdown button.
2025-06-16 14:32:10 [main] INFO  l.i.u.p.SubmittedApplicationsPage - Successfully selected the value: 'Remontuoti'
2025-06-16 14:32:10 [main] DEBUG l.i.u.t.SubmittedApplicationsPageTest - Selected necessary for job 'to repair': 'Remontuoti'.
2025-06-16 14:32:10 [main] DEBUG l.i.u.t.SubmittedApplicationsPageTest - Selected repair name: 'Remonto pavadinimas 1'.
2025-06-16 14:32:10 [main] DEBUG l.i.u.t.SubmittedApplicationsPageTest - Entered repair information: 'Remonto aprašymas 1'.
2025-06-16 14:32:11 [main] DEBUG l.i.u.t.SubmittedApplicationsPageTest - Entered price amount 2: '1000'.
2025-06-16 14:32:13 [main] DEBUG l.i.u.t.SubmittedApplicationsPageTest - Entered own funds amount 2: '900'.
2025-06-16 14:32:15 [main] DEBUG l.i.u.t.SubmittedApplicationsPageTest - Clicked 'AddRemoved' button.
2025-06-16 14:32:17 [main] DEBUG l.i.u.t.SubmittedApplicationsPageTest - Clicked 'Remove' button.
2025-06-16 14:32:19 [main] DEBUG l.i.u.t.SubmittedApplicationsPageTest - Clicked 'Remove Confirmation' button.
2025-06-16 14:32:21 [main] DEBUG l.i.u.t.SubmittedApplicationsPageTest - Entered country percentage: '50'.
2025-06-16 14:32:22 [main] DEBUG l.i.u.t.SubmittedApplicationsPageTest - Entered institution percentage: '50'.
2025-06-16 14:32:22 [main] DEBUG l.i.u.t.SubmittedApplicationsPageTest - Entered municipality percentage: '50'.
2025-06-16 14:32:22 [main] DEBUG l.i.u.t.SubmittedApplicationsPageTest - Selected 'De Minimis' radio button.
2025-06-16 14:32:22 [main] DEBUG l.i.u.t.SubmittedApplicationsPageTest - Entered program name: 'Programa 1'.
2025-06-16 14:32:22 [main] DEBUG l.i.u.t.SubmittedApplicationsPageTest - Entered project date from.
2025-06-16 14:32:22 [main] DEBUG l.i.u.t.SubmittedApplicationsPageTest - Entered project date until.
2025-06-16 14:32:22 [main] DEBUG l.i.u.t.SubmittedApplicationsPageTest - Entered support amount: '2000'.
2025-06-16 14:32:23 [main] DEBUG l.i.u.t.SubmittedApplicationsPageTest - Clicked 'Next' button.
2025-06-16 14:32:33 [main] DEBUG l.i.u.t.SubmittedApplicationsPageTest - Checked 'Legal Entities' checkbox 1.
2025-06-16 14:32:43 [main] DEBUG l.i.u.t.SubmittedApplicationsPageTest - Checked 'Legal Entities' checkbox 2.
2025-06-16 14:32:53 [main] DEBUG l.i.u.t.SubmittedApplicationsPageTest - Checked 'Legal Entities' checkbox 3.
2025-06-16 14:32:53 [main] DEBUG l.i.u.t.SubmittedApplicationsPageTest - Test finished: All 'Legal Entities' checkboxes checked successfully.
2025-06-16 14:32:53 [main] DEBUG l.i.u.t.SubmittedApplicationsPageTest - Clicked 'Next' button after checkboxes.
2025-06-16 14:33:03 [main] ERROR l.i.u.p.SubmittedApplicationsPage - Error selecting radio button: Expected condition failed: waiting for element to be clickable: By.xpath: (//input[@type='radio' and @value='false'])[8] (tried for 10 second(s) with 500 milliseconds interval)
Build info: version: '4.27.0', revision: 'd6e718d134'
System info: os.name: 'Windows 11', os.arch: 'amd64', os.version: '10.0', java.version: '21.0.3'
Driver info: org.openqa.selenium.chrome.ChromeDriver
Capabilities {acceptInsecureCerts: false, browserName: chrome, browserVersion: 137.0.7151.104, chrome: {chromedriverVersion: 137.0.7151.70 (dfa4dc56b2ab..., userDataDir: C:\Users\INGRID~1.ZAD\AppDa...}, fedcm:accounts: true, goog:chromeOptions: {debuggerAddress: localhost:58737}, networkConnectionEnabled: false, pageLoadStrategy: normal, platformName: windows, proxy: Proxy(), se:cdp: ws://localhost:58737/devtoo..., se:cdpVersion: 137.0.7151.104, setWindowRect: true, strictFileInteractability: false, timeouts: {implicit: 0, pageLoad: 300000, script: 30000}, unhandledPromptBehavior: dismiss and notify, webauthn:extension:credBlob: true, webauthn:extension:largeBlob: true, webauthn:extension:minPinLength: true, webauthn:extension:prf: true, webauthn:virtualAuthenticators: true}
Session ID: ef058a5178a8b97f00fc68401f4234ff
2025-06-16 14:33:03 [main] INFO  l.i.u.t.SubmittedApplicationsPageTest - Marking 'Ne' radio button 1
2025-06-16 14:33:13 [main] ERROR l.i.u.p.SubmittedApplicationsPage - Error selecting radio button: Expected condition failed: waiting for element to be clickable: By.xpath: (//input[@type='radio' and @value='false'])[9] (tried for 10 second(s) with 500 milliseconds interval)
Build info: version: '4.27.0', revision: 'd6e718d134'
System info: os.name: 'Windows 11', os.arch: 'amd64', os.version: '10.0', java.version: '21.0.3'
Driver info: org.openqa.selenium.chrome.ChromeDriver
Capabilities {acceptInsecureCerts: false, browserName: chrome, browserVersion: 137.0.7151.104, chrome: {chromedriverVersion: 137.0.7151.70 (dfa4dc56b2ab..., userDataDir: C:\Users\INGRID~1.ZAD\AppDa...}, fedcm:accounts: true, goog:chromeOptions: {debuggerAddress: localhost:58737}, networkConnectionEnabled: false, pageLoadStrategy: normal, platformName: windows, proxy: Proxy(), se:cdp: ws://localhost:58737/devtoo..., se:cdpVersion: 137.0.7151.104, setWindowRect: true, strictFileInteractability: false, timeouts: {implicit: 0, pageLoad: 300000, script: 30000}, unhandledPromptBehavior: dismiss and notify, webauthn:extension:credBlob: true, webauthn:extension:largeBlob: true, webauthn:extension:minPinLength: true, webauthn:extension:prf: true, webauthn:virtualAuthenticators: true}
Session ID: ef058a5178a8b97f00fc68401f4234ff
2025-06-16 14:33:14 [main] INFO  l.i.u.t.SubmittedApplicationsPageTest - Marking 'Ne' radio button 2
2025-06-16 14:33:24 [main] ERROR l.i.u.p.SubmittedApplicationsPage - Error selecting radio button: Expected condition failed: waiting for element to be clickable: By.xpath: (//input[@type='radio' and @value='false'])[10] (tried for 10 second(s) with 500 milliseconds interval)
Build info: version: '4.27.0', revision: 'd6e718d134'
System info: os.name: 'Windows 11', os.arch: 'amd64', os.version: '10.0', java.version: '21.0.3'
Driver info: org.openqa.selenium.chrome.ChromeDriver
Capabilities {acceptInsecureCerts: false, browserName: chrome, browserVersion: 137.0.7151.104, chrome: {chromedriverVersion: 137.0.7151.70 (dfa4dc56b2ab..., userDataDir: C:\Users\INGRID~1.ZAD\AppDa...}, fedcm:accounts: true, goog:chromeOptions: {debuggerAddress: localhost:58737}, networkConnectionEnabled: false, pageLoadStrategy: normal, platformName: windows, proxy: Proxy(), se:cdp: ws://localhost:58737/devtoo..., se:cdpVersion: 137.0.7151.104, setWindowRect: true, strictFileInteractability: false, timeouts: {implicit: 0, pageLoad: 300000, script: 30000}, unhandledPromptBehavior: dismiss and notify, webauthn:extension:credBlob: true, webauthn:extension:largeBlob: true, webauthn:extension:minPinLength: true, webauthn:extension:prf: true, webauthn:virtualAuthenticators: true}
Session ID: ef058a5178a8b97f00fc68401f4234ff
2025-06-16 14:33:24 [main] INFO  l.i.u.t.SubmittedApplicationsPageTest - Marking 'Ne' radio button 3
2025-06-16 14:33:34 [main] ERROR l.i.u.p.SubmittedApplicationsPage - Error selecting radio button: Expected condition failed: waiting for element to be clickable: By.xpath: (//input[@type='radio' and @value='false'])[11] (tried for 10 second(s) with 500 milliseconds interval)
Build info: version: '4.27.0', revision: 'd6e718d134'
System info: os.name: 'Windows 11', os.arch: 'amd64', os.version: '10.0', java.version: '21.0.3'
Driver info: org.openqa.selenium.chrome.ChromeDriver
Capabilities {acceptInsecureCerts: false, browserName: chrome, browserVersion: 137.0.7151.104, chrome: {chromedriverVersion: 137.0.7151.70 (dfa4dc56b2ab..., userDataDir: C:\Users\INGRID~1.ZAD\AppDa...}, fedcm:accounts: true, goog:chromeOptions: {debuggerAddress: localhost:58737}, networkConnectionEnabled: false, pageLoadStrategy: normal, platformName: windows, proxy: Proxy(), se:cdp: ws://localhost:58737/devtoo..., se:cdpVersion: 137.0.7151.104, setWindowRect: true, strictFileInteractability: false, timeouts: {implicit: 0, pageLoad: 300000, script: 30000}, unhandledPromptBehavior: dismiss and notify, webauthn:extension:credBlob: true, webauthn:extension:largeBlob: true, webauthn:extension:minPinLength: true, webauthn:extension:prf: true, webauthn:virtualAuthenticators: true}
Session ID: ef058a5178a8b97f00fc68401f4234ff
2025-06-16 14:33:34 [main] INFO  l.i.u.t.SubmittedApplicationsPageTest - Marking 'Ne' radio button 4
2025-06-16 14:33:44 [main] ERROR l.i.u.p.SubmittedApplicationsPage - Error selecting radio button: Expected condition failed: waiting for element to be clickable: By.xpath: (//input[@type='radio' and @value='false'])[12] (tried for 10 second(s) with 500 milliseconds interval)
Build info: version: '4.27.0', revision: 'd6e718d134'
System info: os.name: 'Windows 11', os.arch: 'amd64', os.version: '10.0', java.version: '21.0.3'
Driver info: org.openqa.selenium.chrome.ChromeDriver
Capabilities {acceptInsecureCerts: false, browserName: chrome, browserVersion: 137.0.7151.104, chrome: {chromedriverVersion: 137.0.7151.70 (dfa4dc56b2ab..., userDataDir: C:\Users\INGRID~1.ZAD\AppDa...}, fedcm:accounts: true, goog:chromeOptions: {debuggerAddress: localhost:58737}, networkConnectionEnabled: false, pageLoadStrategy: normal, platformName: windows, proxy: Proxy(), se:cdp: ws://localhost:58737/devtoo..., se:cdpVersion: 137.0.7151.104, setWindowRect: true, strictFileInteractability: false, timeouts: {implicit: 0, pageLoad: 300000, script: 30000}, unhandledPromptBehavior: dismiss and notify, webauthn:extension:credBlob: true, webauthn:extension:largeBlob: true, webauthn:extension:minPinLength: true, webauthn:extension:prf: true, webauthn:virtualAuthenticators: true}
Session ID: ef058a5178a8b97f00fc68401f4234ff
2025-06-16 14:33:44 [main] INFO  l.i.u.t.SubmittedApplicationsPageTest - Marking 'Ne' radio button 5
2025-06-16 14:33:54 [main] ERROR l.i.u.p.SubmittedApplicationsPage - Error selecting radio button: Expected condition failed: waiting for element to be clickable: By.xpath: (//input[@type='radio' and @value='false'])[13] (tried for 10 second(s) with 500 milliseconds interval)
Build info: version: '4.27.0', revision: 'd6e718d134'
System info: os.name: 'Windows 11', os.arch: 'amd64', os.version: '10.0', java.version: '21.0.3'
Driver info: org.openqa.selenium.chrome.ChromeDriver
Capabilities {acceptInsecureCerts: false, browserName: chrome, browserVersion: 137.0.7151.104, chrome: {chromedriverVersion: 137.0.7151.70 (dfa4dc56b2ab..., userDataDir: C:\Users\INGRID~1.ZAD\AppDa...}, fedcm:accounts: true, goog:chromeOptions: {debuggerAddress: localhost:58737}, networkConnectionEnabled: false, pageLoadStrategy: normal, platformName: windows, proxy: Proxy(), se:cdp: ws://localhost:58737/devtoo..., se:cdpVersion: 137.0.7151.104, setWindowRect: true, strictFileInteractability: false, timeouts: {implicit: 0, pageLoad: 300000, script: 30000}, unhandledPromptBehavior: dismiss and notify, webauthn:extension:credBlob: true, webauthn:extension:largeBlob: true, webauthn:extension:minPinLength: true, webauthn:extension:prf: true, webauthn:virtualAuthenticators: true}
Session ID: ef058a5178a8b97f00fc68401f4234ff
2025-06-16 14:33:54 [main] INFO  l.i.u.t.SubmittedApplicationsPageTest - Marking 'Ne' radio button 6
2025-06-16 14:34:04 [main] ERROR l.i.u.p.SubmittedApplicationsPage - Error selecting radio button: Expected condition failed: waiting for element to be clickable: By.xpath: (//input[@type='radio' and @value='true'])[14] (tried for 10 second(s) with 500 milliseconds interval)
Build info: version: '4.27.0', revision: 'd6e718d134'
System info: os.name: 'Windows 11', os.arch: 'amd64', os.version: '10.0', java.version: '21.0.3'
Driver info: org.openqa.selenium.chrome.ChromeDriver
Capabilities {acceptInsecureCerts: false, browserName: chrome, browserVersion: 137.0.7151.104, chrome: {chromedriverVersion: 137.0.7151.70 (dfa4dc56b2ab..., userDataDir: C:\Users\INGRID~1.ZAD\AppDa...}, fedcm:accounts: true, goog:chromeOptions: {debuggerAddress: localhost:58737}, networkConnectionEnabled: false, pageLoadStrategy: normal, platformName: windows, proxy: Proxy(), se:cdp: ws://localhost:58737/devtoo..., se:cdpVersion: 137.0.7151.104, setWindowRect: true, strictFileInteractability: false, timeouts: {implicit: 0, pageLoad: 300000, script: 30000}, unhandledPromptBehavior: dismiss and notify, webauthn:extension:credBlob: true, webauthn:extension:largeBlob: true, webauthn:extension:minPinLength: true, webauthn:extension:prf: true, webauthn:virtualAuthenticators: true}
Session ID: ef058a5178a8b97f00fc68401f4234ff
2025-06-16 14:34:04 [main] INFO  l.i.u.t.SubmittedApplicationsPageTest - Marking 'Taip' radio button 7
2025-06-16 14:34:14 [main] ERROR l.i.u.p.SubmittedApplicationsPage - Error selecting radio button: Expected condition failed: waiting for element to be clickable: By.xpath: (//input[@type='radio' and @value='true'])[15] (tried for 10 second(s) with 500 milliseconds interval)
Build info: version: '4.27.0', revision: 'd6e718d134'
System info: os.name: 'Windows 11', os.arch: 'amd64', os.version: '10.0', java.version: '21.0.3'
Driver info: org.openqa.selenium.chrome.ChromeDriver
Capabilities {acceptInsecureCerts: false, browserName: chrome, browserVersion: 137.0.7151.104, chrome: {chromedriverVersion: 137.0.7151.70 (dfa4dc56b2ab..., userDataDir: C:\Users\INGRID~1.ZAD\AppDa...}, fedcm:accounts: true, goog:chromeOptions: {debuggerAddress: localhost:58737}, networkConnectionEnabled: false, pageLoadStrategy: normal, platformName: windows, proxy: Proxy(), se:cdp: ws://localhost:58737/devtoo..., se:cdpVersion: 137.0.7151.104, setWindowRect: true, strictFileInteractability: false, timeouts: {implicit: 0, pageLoad: 300000, script: 30000}, unhandledPromptBehavior: dismiss and notify, webauthn:extension:credBlob: true, webauthn:extension:largeBlob: true, webauthn:extension:minPinLength: true, webauthn:extension:prf: true, webauthn:virtualAuthenticators: true}
Session ID: ef058a5178a8b97f00fc68401f4234ff
2025-06-16 14:34:14 [main] INFO  l.i.u.t.SubmittedApplicationsPageTest - Marking 'Taip' radio button 8
2025-06-16 14:34:24 [main] ERROR l.i.u.p.SubmittedApplicationsPage - Error selecting radio button: Expected condition failed: waiting for element to be clickable: By.xpath: (//input[@type='radio' and @value='true'])[16] (tried for 10 second(s) with 500 milliseconds interval)
Build info: version: '4.27.0', revision: 'd6e718d134'
System info: os.name: 'Windows 11', os.arch: 'amd64', os.version: '10.0', java.version: '21.0.3'
Driver info: org.openqa.selenium.chrome.ChromeDriver
Capabilities {acceptInsecureCerts: false, browserName: chrome, browserVersion: 137.0.7151.104, chrome: {chromedriverVersion: 137.0.7151.70 (dfa4dc56b2ab..., userDataDir: C:\Users\INGRID~1.ZAD\AppDa...}, fedcm:accounts: true, goog:chromeOptions: {debuggerAddress: localhost:58737}, networkConnectionEnabled: false, pageLoadStrategy: normal, platformName: windows, proxy: Proxy(), se:cdp: ws://localhost:58737/devtoo..., se:cdpVersion: 137.0.7151.104, setWindowRect: true, strictFileInteractability: false, timeouts: {implicit: 0, pageLoad: 300000, script: 30000}, unhandledPromptBehavior: dismiss and notify, webauthn:extension:credBlob: true, webauthn:extension:largeBlob: true, webauthn:extension:minPinLength: true, webauthn:extension:prf: true, webauthn:virtualAuthenticators: true}
Session ID: ef058a5178a8b97f00fc68401f4234ff
2025-06-16 14:34:24 [main] INFO  l.i.u.t.SubmittedApplicationsPageTest - Marking 'Taip' radio button 9
2025-06-16 14:34:34 [main] ERROR l.i.u.p.SubmittedApplicationsPage - Error selecting radio button: Expected condition failed: waiting for element to be clickable: By.xpath: (//input[@type='radio' and @value='true'])[17] (tried for 10 second(s) with 500 milliseconds interval)
Build info: version: '4.27.0', revision: 'd6e718d134'
System info: os.name: 'Windows 11', os.arch: 'amd64', os.version: '10.0', java.version: '21.0.3'
Driver info: org.openqa.selenium.chrome.ChromeDriver
Capabilities {acceptInsecureCerts: false, browserName: chrome, browserVersion: 137.0.7151.104, chrome: {chromedriverVersion: 137.0.7151.70 (dfa4dc56b2ab..., userDataDir: C:\Users\INGRID~1.ZAD\AppDa...}, fedcm:accounts: true, goog:chromeOptions: {debuggerAddress: localhost:58737}, networkConnectionEnabled: false, pageLoadStrategy: normal, platformName: windows, proxy: Proxy(), se:cdp: ws://localhost:58737/devtoo..., se:cdpVersion: 137.0.7151.104, setWindowRect: true, strictFileInteractability: false, timeouts: {implicit: 0, pageLoad: 300000, script: 30000}, unhandledPromptBehavior: dismiss and notify, webauthn:extension:credBlob: true, webauthn:extension:largeBlob: true, webauthn:extension:minPinLength: true, webauthn:extension:prf: true, webauthn:virtualAuthenticators: true}
Session ID: ef058a5178a8b97f00fc68401f4234ff
2025-06-16 14:34:34 [main] INFO  l.i.u.t.SubmittedApplicationsPageTest - Marking 'Taip' radio button 10
2025-06-16 14:34:44 [main] ERROR l.i.u.p.SubmittedApplicationsPage - Error selecting radio button: Expected condition failed: waiting for element to be clickable: By.xpath: (//input[@type='radio' and @value='true'])[18] (tried for 10 second(s) with 500 milliseconds interval)
Build info: version: '4.27.0', revision: 'd6e718d134'
System info: os.name: 'Windows 11', os.arch: 'amd64', os.version: '10.0', java.version: '21.0.3'
Driver info: org.openqa.selenium.chrome.ChromeDriver
Capabilities {acceptInsecureCerts: false, browserName: chrome, browserVersion: 137.0.7151.104, chrome: {chromedriverVersion: 137.0.7151.70 (dfa4dc56b2ab..., userDataDir: C:\Users\INGRID~1.ZAD\AppDa...}, fedcm:accounts: true, goog:chromeOptions: {debuggerAddress: localhost:58737}, networkConnectionEnabled: false, pageLoadStrategy: normal, platformName: windows, proxy: Proxy(), se:cdp: ws://localhost:58737/devtoo..., se:cdpVersion: 137.0.7151.104, setWindowRect: true, strictFileInteractability: false, timeouts: {implicit: 0, pageLoad: 300000, script: 30000}, unhandledPromptBehavior: dismiss and notify, webauthn:extension:credBlob: true, webauthn:extension:largeBlob: true, webauthn:extension:minPinLength: true, webauthn:extension:prf: true, webauthn:virtualAuthenticators: true}
Session ID: ef058a5178a8b97f00fc68401f4234ff
2025-06-16 14:34:44 [main] INFO  l.i.u.t.SubmittedApplicationsPageTest - Marking 'Taip' radio button 11
2025-06-16 14:34:54 [main] ERROR l.i.u.p.SubmittedApplicationsPage - Error selecting radio button: Expected condition failed: waiting for element to be clickable: By.xpath: (//input[@type='radio' and @value='true'])[19] (tried for 10 second(s) with 500 milliseconds interval)
Build info: version: '4.27.0', revision: 'd6e718d134'
System info: os.name: 'Windows 11', os.arch: 'amd64', os.version: '10.0', java.version: '21.0.3'
Driver info: org.openqa.selenium.chrome.ChromeDriver
Capabilities {acceptInsecureCerts: false, browserName: chrome, browserVersion: 137.0.7151.104, chrome: {chromedriverVersion: 137.0.7151.70 (dfa4dc56b2ab..., userDataDir: C:\Users\INGRID~1.ZAD\AppDa...}, fedcm:accounts: true, goog:chromeOptions: {debuggerAddress: localhost:58737}, networkConnectionEnabled: false, pageLoadStrategy: normal, platformName: windows, proxy: Proxy(), se:cdp: ws://localhost:58737/devtoo..., se:cdpVersion: 137.0.7151.104, setWindowRect: true, strictFileInteractability: false, timeouts: {implicit: 0, pageLoad: 300000, script: 30000}, unhandledPromptBehavior: dismiss and notify, webauthn:extension:credBlob: true, webauthn:extension:largeBlob: true, webauthn:extension:minPinLength: true, webauthn:extension:prf: true, webauthn:virtualAuthenticators: true}
Session ID: ef058a5178a8b97f00fc68401f4234ff
2025-06-16 14:34:54 [main] INFO  l.i.u.t.SubmittedApplicationsPageTest - Marking 'Taip' radio button 12
2025-06-16 14:35:04 [main] DEBUG l.i.u.t.SubmittedApplicationsPageTest - Checked 'ConfirmationStepFour'
2025-06-16 14:35:04 [main] DEBUG l.i.u.t.SubmittedApplicationsPageTest - Clicked 'Next' button after checkboxes.
2025-06-16 14:35:04 [main] INFO  l.i.u.p.SubmittedApplicationsPage - File uploaded successfully to an input element.
2025-06-16 14:35:05 [main] INFO  l.i.u.p.SubmittedApplicationsPage - File uploaded successfully to an input element.
2025-06-16 14:35:05 [main] INFO  l.i.u.p.SubmittedApplicationsPage - File uploaded successfully to an input element.
2025-06-16 14:35:05 [main] INFO  l.i.u.p.SubmittedApplicationsPage - File uploaded successfully to an input element.
2025-06-16 14:35:05 [main] INFO  l.i.u.p.SubmittedApplicationsPage - File uploaded successfully to an input element.
2025-06-16 14:35:05 [main] INFO  l.i.u.p.SubmittedApplicationsPage - File uploaded successfully to an input element.
2025-06-16 14:35:05 [main] INFO  l.i.u.p.SubmittedApplicationsPage - File uploaded successfully to an input element.
2025-06-16 14:35:05 [main] INFO  l.i.u.p.SubmittedApplicationsPage - File uploaded successfully to an input element.
2025-06-16 14:35:05 [main] INFO  l.i.u.p.SubmittedApplicationsPage - File uploaded successfully to an input element.
2025-06-16 14:35:05 [main] INFO  l.i.u.p.SubmittedApplicationsPage - File uploaded successfully to an input element.
2025-06-16 14:35:05 [main] DEBUG l.i.u.t.SubmittedApplicationsPageTest - Entered program name: 'Dokumentas 1'.
2025-06-16 14:35:05 [main] DEBUG l.i.u.t.SubmittedApplicationsPageTest - Entered program name: 'Dokumentas 2'.
2025-06-16 14:35:05 [main] DEBUG l.i.u.t.SubmittedApplicationsPageTest - Entered program name: 'Dokumentas 3'.
2025-06-16 14:35:06 [main] DEBUG l.i.u.t.SubmittedApplicationsPageTest - Entered program name: 'Dokumentas 4'.
2025-06-16 14:35:06 [main] DEBUG l.i.u.t.SubmittedApplicationsPageTest - Entered program name: 'Dokumentas 5'.
2025-06-16 14:35:06 [main] DEBUG l.i.u.t.SubmittedApplicationsPageTest - Entered program name: 'Dokumentas 6'.
2025-06-16 14:35:06 [main] DEBUG l.i.u.t.SubmittedApplicationsPageTest - Entered program name: 'Dokumentas 4'.
2025-06-16 14:35:06 [main] DEBUG l.i.u.t.SubmittedApplicationsPageTest - Entered program name: 'Dokumentas 8'.
2025-06-16 14:35:06 [main] DEBUG l.i.u.t.SubmittedApplicationsPageTest - Entered program name: 'Dokumentas 9'.
2025-06-16 14:35:06 [main] DEBUG l.i.u.t.SubmittedApplicationsPageTest - Entered program name: 'Dokumentas 10'.
2025-06-16 14:35:16 [main] DEBUG l.i.u.t.SubmittedApplicationsPageTest - Checked 'ConfirmationDocument'
2025-06-16 14:35:27 [main] DEBUG l.i.u.t.SubmittedApplicationsPageTest - Checked 'ConfirmationApplication'
2025-06-16 14:35:27 [main] DEBUG l.i.u.t.SubmittedApplicationsPageTest - Clicked 'SaveDraft' button after checkboxes.
2025-06-16 14:35:27 [main] DEBUG l.i.uztis.pages.ApplicationFormsPage - Verified success message: 'Ruošinys sėkmingai išsaugotas.'
2025-06-16 14:35:27 [main] INFO  l.i.u.t.SubmittedApplicationsPageTest - Verified success message
2025-06-16 14:35:27 [main] DEBUG l.i.u.t.SubmittedApplicationsPageTest - Clicked 'Review' button after checkboxes.
2025-06-16 14:35:29 [main] DEBUG l.i.u.t.SubmittedApplicationsPageTest - Clicked 'Submit' button after checkboxes.
2025-06-16 14:35:29 [main] DEBUG l.i.u.t.SubmittedApplicationsPageTest - Clicked 'SubmitConfirmation' button after checkboxes.
2025-06-16 14:35:29 [main] ERROR l.i.uztis.pages.ApplicationFormsPage - Failed to verify the success message: 'Paraiška sėkmingai pateikta ir užregistruota.'. Available messages: [Ruošinys sėkmingai išsaugotas.]
2025-06-16 14:35:29 [main] INFO  l.i.u.t.SubmittedApplicationsPageTest - Test 'testFillNewVUIApplicationFA' completed successfully.
2025-06-18 07:26:20 [main] INFO  lt.insoft.uztis.tests.UztisPageTest - Navigated to https://uztisdev.asseco.lt/home
2025-06-18 07:26:20 [main] INFO  l.i.u.tests.ApplicationFormsPageTest - Setup complete. ApplicationFormsPage initialized.
2025-06-18 07:26:20 [main] INFO  l.i.u.tests.ApplicationFormsPageTest - Starting test:'testCreateNewVuiApplication'
2025-06-18 07:26:20 [main] INFO  l.insoft.uztis.tests.utils.TestUtils - Login attempt with user: evaluation_chief
2025-06-18 07:26:20 [main] DEBUG l.i.u.tests.ApplicationFormsPageTest - User logged in with test credentials
2025-06-18 07:26:21 [main] DEBUG l.i.u.tests.ApplicationFormsPageTest - Opened 'Application Processing' menu.
2025-06-18 07:26:21 [main] DEBUG l.i.u.tests.ApplicationFormsPageTest - Clicked on 'Application Forms' menu.
2025-06-18 07:26:21 [main] DEBUG l.i.u.tests.ApplicationFormsPageTest - Clicked to create a new application form.
2025-06-18 07:26:21 [main] DEBUG l.i.u.tests.ApplicationFormsPageTest - Entered random application code: TST-VUI-21
2025-06-18 07:26:22 [main] DEBUG l.i.u.tests.ApplicationFormsPageTest - Selected 'Section' radio button.
2025-06-18 07:26:22 [main] INFO  l.i.uztis.pages.ApplicationFormsPage - Located the dropdown button.
2025-06-18 07:26:23 [main] INFO  l.i.uztis.pages.ApplicationFormsPage - Successfully selected the value: 'Priemonių organizavimo departamentas / Priemonių organizavimo 1-asis skyrius'
2025-06-18 07:26:34 [main] ERROR l.i.uztis.pages.ApplicationFormsPage - Failed to close the dropdown with aria-expanded = 'false'.
2025-06-18 07:26:34 [main] DEBUG l.i.u.tests.ApplicationFormsPageTest - Selected a value from the 'Section' dropdown: 'Priemonių organizavimo departamentas / Priemonių organizavimo 1-asis skyrius'
2025-06-18 07:26:34 [main] DEBUG l.i.u.tests.ApplicationFormsPageTest - Selected 'Budget by Municipality' option.
2025-06-18 07:26:34 [main] DEBUG l.i.u.tests.ApplicationFormsPageTest - Selected 'Financed Without Queue' option.
2025-06-18 07:26:34 [main] DEBUG l.i.u.tests.ApplicationFormsPageTest - Clicked 'Add' button.
2025-06-18 07:26:34 [main] INFO  l.i.uztis.pages.ApplicationFormsPage - Located the dropdown button.
2025-06-18 07:26:35 [main] INFO  l.i.uztis.pages.ApplicationFormsPage - Successfully selected the value: 'VUI atitiktis URP'
2025-06-18 07:26:45 [main] ERROR l.i.uztis.pages.ApplicationFormsPage - Failed to close the dropdown with aria-expanded = 'false'.
2025-06-18 07:26:45 [main] DEBUG l.i.u.tests.ApplicationFormsPageTest - Selected a value from the 'EvaluationOne' dropdown: 'VUI atitiktis URP'
2025-06-18 07:26:45 [main] INFO  l.i.uztis.pages.ApplicationFormsPage - Located the dropdown button.
2025-06-18 07:26:46 [main] INFO  l.i.uztis.pages.ApplicationFormsPage - Successfully selected the value: 'VUI atitiktis kokybės kriterijams'
2025-06-18 07:26:56 [main] ERROR l.i.uztis.pages.ApplicationFormsPage - Failed to close the dropdown with aria-expanded = 'false'.
2025-06-18 07:26:56 [main] DEBUG l.i.u.tests.ApplicationFormsPageTest - Selected a value from the 'EvaluationTwon' dropdown: 'VUI atitiktis kokybės kriterijams'
2025-06-18 07:26:56 [main] INFO  l.i.uztis.pages.ApplicationFormsPage - Located the dropdown button.
2025-06-18 07:26:56 [main] INFO  l.i.uztis.pages.ApplicationFormsPage - Successfully selected the value: 'VUI gynimo vertinimo forma'
2025-06-18 07:27:07 [main] ERROR l.i.uztis.pages.ApplicationFormsPage - Failed to close the dropdown with aria-expanded = 'false'.
2025-06-18 07:27:07 [main] DEBUG l.i.u.tests.ApplicationFormsPageTest - Selected a value from the 'EvaluationThree' dropdown: 'VUI gynimo vertinimo forma'
2025-06-18 07:27:07 [main] DEBUG l.i.u.tests.ApplicationFormsPageTest - Clicked 'Plus' button.
2025-06-18 07:27:07 [main] DEBUG l.i.u.tests.ApplicationFormsPageTest - Clicked 'Add' button seven times.
2025-06-18 07:27:07 [main] INFO  l.i.uztis.pages.ApplicationFormsPage - Processing dropdown index: 0
2025-06-18 07:27:18 [main] ERROR l.i.uztis.pages.ApplicationFormsPage - Timeout while waiting for dropdown to close at index: 0 with aria-expanded = 'false'
2025-06-18 07:27:18 [main] INFO  l.i.uztis.pages.ApplicationFormsPage - Processing dropdown index: 1
2025-06-18 07:27:29 [main] ERROR l.i.uztis.pages.ApplicationFormsPage - Timeout while waiting for dropdown to close at index: 1 with aria-expanded = 'false'
2025-06-18 07:27:29 [main] INFO  l.i.uztis.pages.ApplicationFormsPage - Processing dropdown index: 2
2025-06-18 07:27:39 [main] ERROR l.i.uztis.pages.ApplicationFormsPage - Timeout while waiting for dropdown to close at index: 2 with aria-expanded = 'false'
2025-06-18 07:27:40 [main] INFO  l.i.uztis.pages.ApplicationFormsPage - Processing dropdown index: 3
2025-06-18 07:27:50 [main] ERROR l.i.uztis.pages.ApplicationFormsPage - Timeout while waiting for dropdown to close at index: 3 with aria-expanded = 'false'
2025-06-18 07:27:50 [main] INFO  l.i.uztis.pages.ApplicationFormsPage - Processing dropdown index: 4
2025-06-18 07:28:01 [main] ERROR l.i.uztis.pages.ApplicationFormsPage - Timeout while waiting for dropdown to close at index: 4 with aria-expanded = 'false'
2025-06-18 07:28:01 [main] INFO  l.i.uztis.pages.ApplicationFormsPage - Processing dropdown index: 5
2025-06-18 07:28:12 [main] ERROR l.i.uztis.pages.ApplicationFormsPage - Timeout while waiting for dropdown to close at index: 5 with aria-expanded = 'false'
2025-06-18 07:28:12 [main] INFO  l.i.uztis.pages.ApplicationFormsPage - Processing dropdown index: 6
2025-06-18 07:28:23 [main] ERROR l.i.uztis.pages.ApplicationFormsPage - Timeout while waiting for dropdown to close at index: 6 with aria-expanded = 'false'
2025-06-18 07:28:23 [main] INFO  l.i.uztis.pages.ApplicationFormsPage - Processing dropdown index: 7
2025-06-18 07:28:34 [main] ERROR l.i.uztis.pages.ApplicationFormsPage - Timeout while waiting for dropdown to close at index: 7 with aria-expanded = 'false'
2025-06-18 07:28:34 [main] INFO  l.i.uztis.pages.ApplicationFormsPage - Processing input field index: 0
2025-06-18 07:28:34 [main] INFO  l.i.uztis.pages.ApplicationFormsPage - Entered value '50' into field index: 0
2025-06-18 07:28:34 [main] INFO  l.i.uztis.pages.ApplicationFormsPage - Processing input field index: 1
2025-06-18 07:28:34 [main] INFO  l.i.uztis.pages.ApplicationFormsPage - Entered value '924' into field index: 1
2025-06-18 07:28:34 [main] INFO  l.i.uztis.pages.ApplicationFormsPage - Processing input field index: 2
2025-06-18 07:28:34 [main] INFO  l.i.uztis.pages.ApplicationFormsPage - Entered value '31' into field index: 2
2025-06-18 07:28:34 [main] INFO  l.i.uztis.pages.ApplicationFormsPage - Processing input field index: 3
2025-06-18 07:28:34 [main] INFO  l.i.uztis.pages.ApplicationFormsPage - Entered value '4.7' into field index: 3
2025-06-18 07:28:34 [main] INFO  l.i.uztis.pages.ApplicationFormsPage - Processing input field index: 4
2025-06-18 07:28:34 [main] INFO  l.i.uztis.pages.ApplicationFormsPage - Entered value '35' into field index: 4
2025-06-18 07:28:34 [main] INFO  l.i.uztis.pages.ApplicationFormsPage - Processing input field index: 5
2025-06-18 07:28:34 [main] INFO  l.i.uztis.pages.ApplicationFormsPage - Entered value '20' into field index: 5
2025-06-18 07:28:34 [main] INFO  l.i.uztis.pages.ApplicationFormsPage - Processing input field index: 6
2025-06-18 07:28:35 [main] INFO  l.i.uztis.pages.ApplicationFormsPage - Entered value '30' into field index: 6
2025-06-18 07:28:35 [main] INFO  l.i.uztis.pages.ApplicationFormsPage - Processing input field index: 7
2025-06-18 07:28:35 [main] INFO  l.i.uztis.pages.ApplicationFormsPage - Entered value '60' into field index: 7
2025-06-18 07:28:35 [main] DEBUG l.i.u.tests.ApplicationFormsPageTest - Entered additional values and text.
2025-06-18 07:28:35 [main] DEBUG l.i.u.tests.ApplicationFormsPageTest - Entered application name: VUI paraiška
2025-06-18 07:28:35 [main] DEBUG l.i.u.tests.ApplicationFormsPageTest - Clicked the 'Save' button.
2025-06-18 07:28:35 [main] DEBUG l.i.uztis.pages.ApplicationFormsPage - Verified success message: 'Duomenys sėkmingai išsaugoti.'
2025-06-18 07:28:35 [main] INFO  l.i.u.tests.ApplicationFormsPageTest - Verified success message
2025-06-18 07:28:35 [main] INFO  l.i.u.tests.ApplicationFormsPageTest - Verified that the 'Save Form' button is displayed.
2025-06-18 07:28:35 [main] INFO  l.i.u.tests.ApplicationFormsPageTest - Test 'testCreateNewVuiApplication' completed successfully.
2025-06-18 07:32:12 [main] INFO  lt.insoft.uztis.tests.UztisPageTest - Navigated to https://uztisdev.asseco.lt/home
2025-06-18 07:32:12 [main] INFO  l.i.u.tests.ApplicationFormsPageTest - Setup complete. ApplicationFormsPage initialized.
2025-06-18 07:32:12 [main] INFO  l.i.u.tests.ApplicationFormsPageTest - Starting test:'testEditAndSaveVuiApplication'
2025-06-18 07:32:13 [main] INFO  l.insoft.uztis.tests.utils.TestUtils - Login attempt with user: evaluation_chief
2025-06-18 07:32:13 [main] DEBUG l.i.u.tests.ApplicationFormsPageTest - User logged in with test credentials
2025-06-18 07:32:13 [main] DEBUG l.i.u.tests.ApplicationFormsPageTest - Opened 'Application Processing' menu.
2025-06-18 07:32:13 [main] DEBUG l.i.u.tests.ApplicationFormsPageTest - Clicked on 'Application Forms' menu.
2025-06-18 07:32:14 [main] DEBUG l.i.u.tests.ApplicationFormsPageTest - Selected the last application description.
2025-06-18 07:32:14 [main] DEBUG l.i.u.tests.ApplicationFormsPageTest - Clicked the 'Edit' button.
2025-06-18 07:32:15 [main] DEBUG l.i.u.tests.ApplicationFormsPageTest - Selected 'Municipality' radio button.
2025-06-18 07:32:15 [main] INFO  l.i.uztis.pages.ApplicationFormsPage - Located the dropdown button.
2025-06-18 07:32:15 [main] INFO  l.i.uztis.pages.ApplicationFormsPage - Successfully selected the value: 'Priemonių organizavimo departamentas'
2025-06-18 07:32:25 [main] ERROR l.i.uztis.pages.ApplicationFormsPage - Failed to close the dropdown with aria-expanded = 'false'.
2025-06-18 07:32:25 [main] DEBUG l.i.u.tests.ApplicationFormsPageTest - Selected a value from the 'Municipality' dropdown: 'Priemonių organizavimo departamentas'
2025-06-18 07:32:25 [main] DEBUG l.i.u.tests.ApplicationFormsPageTest - Selected 'Budget By Country' radio button.
2025-06-18 07:32:26 [main] DEBUG l.i.u.tests.ApplicationFormsPageTest - Selected 'Financed By Queue' radio button.
2025-06-18 07:32:26 [main] DEBUG l.i.u.tests.ApplicationFormsPageTest - Entered new application name: _paredaguota
2025-06-18 07:32:26 [main] DEBUG l.i.u.tests.ApplicationFormsPageTest - Clicked the 'Save' button.
2025-06-18 07:32:26 [main] DEBUG l.i.uztis.pages.ApplicationFormsPage - Verified success message: 'Duomenys sėkmingai išsaugoti.'
2025-06-18 07:32:26 [main] INFO  l.i.u.tests.ApplicationFormsPageTest - Verified success message
2025-06-18 07:32:26 [main] INFO  l.i.u.tests.ApplicationFormsPageTest - Test 'testEditAndSaveVuiApplication' completed successfully.
2025-06-18 07:32:39 [main] INFO  lt.insoft.uztis.tests.UztisPageTest - Navigated to https://uztisdev.asseco.lt/home
2025-06-18 07:32:39 [main] INFO  l.i.u.tests.ApplicationFormsPageTest - Setup complete. ApplicationFormsPage initialized.
2025-06-18 07:32:39 [main] INFO  l.i.u.tests.ApplicationFormsPageTest - Starting test:'testAddContractVUI'
2025-06-18 07:32:39 [main] INFO  l.insoft.uztis.tests.utils.TestUtils - Login attempt with user: evaluation_chief
2025-06-18 07:32:39 [main] DEBUG l.i.u.tests.ApplicationFormsPageTest - User logged in with test credentials
2025-06-18 07:32:40 [main] DEBUG l.i.u.tests.ApplicationFormsPageTest - Opened 'Application Processing' menu.
2025-06-18 07:32:40 [main] DEBUG l.i.u.tests.ApplicationFormsPageTest - Clicked on 'Application Forms' menu.
2025-06-18 07:32:40 [main] DEBUG l.i.u.tests.ApplicationFormsPageTest - Selected the last application description.
2025-06-18 07:32:41 [main] DEBUG l.i.u.tests.ApplicationFormsPageTest - Clicked 'Project Progress' tab.
2025-06-18 07:32:41 [main] DEBUG l.i.u.tests.ApplicationFormsPageTest - Clicked the 'Edit' button.
2025-06-18 07:32:41 [main] INFO  l.i.uztis.pages.ApplicationFormsPage - Opening the dropdown.
2025-06-18 07:32:46 [main] INFO  l.i.uztis.pages.ApplicationFormsPage - Selected the value: 'Vietinių užimtumo iniciatyvų projekto įgyvendinimo ir finansavimo sutartis'
2025-06-18 07:32:56 [main] ERROR l.i.uztis.pages.ApplicationFormsPage - Dropdown did not close as expected.
2025-06-18 07:32:56 [main] DEBUG l.i.u.tests.ApplicationFormsPageTest - Selected a value from the 'Document' dropdown: 'Vietinių užimtumo iniciatyvų projekto įgyvendinimo ir finansavimo sutartis'
2025-06-18 07:32:56 [main] INFO  l.i.uztis.pages.ApplicationFormsPage - Opening the dropdown.
2025-06-18 07:33:00 [main] INFO  l.i.uztis.pages.ApplicationFormsPage - Selected the value: 'Sprendimas dėl išmokos'
2025-06-18 07:33:10 [main] ERROR l.i.uztis.pages.ApplicationFormsPage - Dropdown did not close as expected.
2025-06-18 07:33:10 [main] DEBUG l.i.u.tests.ApplicationFormsPageTest - Selected a value from the 'Document' dropdown: 'Sprendimas dėl išmokos'
2025-06-18 07:33:10 [main] INFO  l.i.uztis.pages.ApplicationFormsPage - Opening the dropdown.
2025-06-18 07:33:13 [main] INFO  l.i.uztis.pages.ApplicationFormsPage - Selected the value: 'Sprendimas dėl išmokos'
2025-06-18 07:33:24 [main] ERROR l.i.uztis.pages.ApplicationFormsPage - Dropdown did not close as expected.
2025-06-18 07:33:24 [main] DEBUG l.i.u.tests.ApplicationFormsPageTest - Selected a value from the 'Document' dropdown: 'Sprendimas dėl išmokos'
2025-06-18 07:33:24 [main] DEBUG l.i.u.tests.ApplicationFormsPageTest - Clicked the 'Save' button.
2025-06-18 07:33:24 [main] ERROR l.i.uztis.pages.ApplicationFormsPage - Failed to verify the success message: 'Funkcija sėkmingai atlikta.'. Available messages: [Duomenys sėkmingai išsaugoti.]
2025-06-18 07:33:24 [main] INFO  l.i.u.tests.ApplicationFormsPageTest - Verified success message
2025-06-18 07:33:24 [main] INFO  l.i.u.tests.ApplicationFormsPageTest - Test 'testAddContractVUI' completed successfully.
2025-06-18 07:33:43 [main] INFO  lt.insoft.uztis.tests.UztisPageTest - Navigated to https://uztisdev.asseco.lt/home
2025-06-18 07:33:43 [main] INFO  l.i.uztis.tests.InvitationsPageTest - Starting test:'testCreateNewVuiInvitationDraft'
2025-06-18 07:33:43 [main] INFO  l.insoft.uztis.tests.utils.TestUtils - Login attempt with user: evaluation_chief
2025-06-18 07:33:43 [main] DEBUG l.i.uztis.tests.InvitationsPageTest - User logged in with test credentials
2025-06-18 07:33:44 [main] DEBUG l.i.uztis.tests.InvitationsPageTest - Opened 'Application Processing' menu.
2025-06-18 07:33:44 [main] DEBUG l.i.uztis.tests.InvitationsPageTest - Clicked on 'Application Forms' menu.
2025-06-18 07:33:44 [main] DEBUG l.i.uztis.tests.InvitationsPageTest - Navigating to application forms menu.
2025-06-18 07:33:44 [main] DEBUG l.i.uztis.tests.InvitationsPageTest - Retrieved last description code text: 'TST-VUI-21'.
2025-06-18 07:33:44 [main] DEBUG l.i.uztis.tests.InvitationsPageTest - Clicked on 'Invitation' menu.
2025-06-18 07:33:45 [main] DEBUG l.i.uztis.tests.InvitationsPageTest - Clicked 'Create New Application Form'.
2025-06-18 07:33:46 [main] DEBUG l.i.uztis.tests.InvitationsPageTest - Selected section by code: 'TST-VUI-21'.
2025-06-18 07:33:46 [main] INFO  l.insoft.uztis.pages.InvitationsPage - Located the dropdown button.
2025-06-18 07:33:57 [main] ERROR l.insoft.uztis.pages.InvitationsPage - Timeout while waiting for dropdown to close with aria-expanded = 'false'.
2025-06-18 07:33:57 [main] DEBUG l.i.uztis.tests.InvitationsPageTest - Selected invitation number from the list.
2025-06-18 07:33:58 [main] DEBUG l.i.uztis.tests.InvitationsPageTest - Entered current date.
2025-06-18 07:33:58 [main] DEBUG l.i.uztis.tests.InvitationsPageTest - Entered start time: 00:00.
2025-06-18 07:33:58 [main] DEBUG l.i.uztis.tests.InvitationsPageTest - Entered end date.
2025-06-18 07:33:59 [main] DEBUG l.i.uztis.tests.InvitationsPageTest - Entered end time: 11:11.
2025-06-18 07:33:59 [main] DEBUG l.i.uztis.tests.InvitationsPageTest - Draft saved.
2025-06-18 07:33:59 [main] DEBUG l.i.uztis.pages.ApplicationFormsPage - Verified success message: 'Duomenys sėkmingai išsaugoti.'
2025-06-18 07:33:59 [main] INFO  l.i.uztis.tests.InvitationsPageTest - Verified success message
2025-06-18 07:33:59 [main] INFO  l.i.uztis.tests.InvitationsPageTest - Test 'testCreateNewVuiInvitationDraft' completed successfully.
2025-06-18 07:34:12 [main] INFO  lt.insoft.uztis.tests.UztisPageTest - Navigated to https://uztisdev.asseco.lt/home
2025-06-18 07:34:12 [main] INFO  l.i.uztis.tests.InvitationsPageTest - Starting test:'testEditAndPublishVuiInvitationDraft'
2025-06-18 07:34:12 [main] INFO  l.insoft.uztis.tests.utils.TestUtils - Login attempt with user: evaluation_chief
2025-06-18 07:34:12 [main] DEBUG l.i.uztis.tests.InvitationsPageTest - User logged in with test credentials
2025-06-18 07:34:13 [main] DEBUG l.i.uztis.tests.InvitationsPageTest - Opened 'Application Processing' menu.
2025-06-18 07:34:13 [main] DEBUG l.i.uztis.tests.InvitationsPageTest - Clicked on 'Application Forms' menu.
2025-06-18 07:34:13 [main] DEBUG l.i.uztis.tests.InvitationsPageTest - Navigating to application forms menu.
2025-06-18 07:34:13 [main] DEBUG l.i.uztis.tests.InvitationsPageTest - Retrieved last description code text: 'TST-VUI-21'.
2025-06-18 07:34:13 [main] DEBUG l.i.uztis.tests.InvitationsPageTest - Clicked on 'Invitation' menu.
2025-06-18 07:34:15 [main] DEBUG l.i.uztis.tests.InvitationsPageTest - Selected section by code: 'TST-VUI-21'.
2025-06-18 07:34:15 [main] DEBUG l.i.uztis.tests.InvitationsPageTest - Clicked 'Search'.
2025-06-18 07:34:15 [main] DEBUG l.i.uztis.tests.InvitationsPageTest - Getting and inserting application code text.
2025-06-18 07:34:15 [main] DEBUG l.i.uztis.tests.InvitationsPageTest - Clicked 'InvitationDraft'.
2025-06-18 07:34:16 [main] DEBUG l.i.uztis.tests.InvitationsPageTest - Clicked 'Edit'.
2025-06-18 07:34:17 [main] DEBUG l.i.uztis.tests.InvitationsPageTest - Entered publication end date.
2025-06-18 07:34:17 [main] DEBUG l.i.uztis.tests.InvitationsPageTest - Added additional values.
2025-06-18 07:34:17 [main] INFO  l.insoft.uztis.pages.InvitationsPage - Located the dropdown button.
2025-06-18 07:34:17 [main] DEBUG l.i.uztis.tests.InvitationsPageTest - Selected the value: 'Didžiausia galima paramos suma aplinkos darbo vietai, Eur'
2025-06-18 07:34:17 [main] INFO  l.insoft.uztis.pages.InvitationsPage - Located the dropdown button.
2025-06-18 07:34:18 [main] DEBUG l.i.uztis.tests.InvitationsPageTest - Selected the value: 'Didžiausia galima paramos suma, Eur'
2025-06-18 07:34:18 [main] INFO  l.insoft.uztis.pages.InvitationsPage - Located the dropdown button.
2025-06-18 07:34:18 [main] DEBUG l.i.uztis.tests.InvitationsPageTest - Selected the value: 'Didžiausia galima paramos suma vienai darbo vietai, Eur'
2025-06-18 07:34:19 [main] DEBUG l.i.uztis.tests.InvitationsPageTest - Entered value: 11000
2025-06-18 07:34:19 [main] DEBUG l.i.uztis.tests.InvitationsPageTest - Entered value: 12000
2025-06-18 07:34:19 [main] DEBUG l.i.uztis.tests.InvitationsPageTest - Entered value: 13000
2025-06-18 07:34:19 [main] DEBUG l.i.uztis.tests.InvitationsPageTest - Checked 'Legal Entities' checkbox.
2025-06-18 07:34:19 [main] DEBUG l.i.uztis.tests.InvitationsPageTest - Checked 'Legal Entities' checkbox.
2025-06-18 07:34:19 [main] DEBUG l.i.uztis.tests.InvitationsPageTest - Unchecked 'Persons Registered with Employment Service' checkbox.
2025-06-18 07:34:20 [main] DEBUG l.i.uztis.tests.InvitationsPageTest - Checked 'Persons Registered as Employers' checkbox.
2025-06-18 07:34:20 [main] DEBUG l.i.uztis.tests.InvitationsPageTest - Entered second evaluation grade: '5'.
2025-06-18 07:34:20 [main] DEBUG l.i.uztis.tests.InvitationsPageTest - Entered third evaluation grade: '6'.
2025-06-18 07:34:20 [main] DEBUG l.i.uztis.tests.InvitationsPageTest - Entered second evaluation grade weight: '0,45'.
2025-06-18 07:34:20 [main] DEBUG l.i.uztis.tests.InvitationsPageTest - Entered third evaluation grade weight: '0,55'.
2025-06-18 07:34:20 [main] DEBUG l.i.uztis.tests.InvitationsPageTest - Entered budget: '2000'.
2025-06-18 07:34:20 [main] DEBUG l.i.uztis.tests.InvitationsPageTest - Entered description text: 'Aprašo tekstas'.
2025-06-18 07:34:20 [main] DEBUG l.i.uztis.tests.InvitationsPageTest - Entered applicants text: 'Pareiškėjų tekstas'.
2025-06-18 07:34:21 [main] DEBUG l.i.uztis.tests.InvitationsPageTest - Entered expenditures text: 'Išlaidų tekstas'.
2025-06-18 07:34:21 [main] DEBUG l.i.uztis.tests.InvitationsPageTest - Entered legislation text: 'Teisės aktų tekstas'.
2025-06-18 07:34:21 [main] DEBUG l.i.uztis.tests.InvitationsPageTest - Entered education text: 'Mokymų tekstas'.
2025-06-18 07:34:21 [main] DEBUG l.i.uztis.tests.InvitationsPageTest - File uploaded.
2025-06-18 07:34:21 [main] DEBUG l.i.uztis.tests.InvitationsPageTest - Clicked 'Publish'.
2025-06-18 07:34:21 [main] DEBUG l.i.uztis.tests.InvitationsPageTest - Publication confirmed.
2025-06-18 07:34:22 [main] DEBUG l.i.uztis.pages.ApplicationFormsPage - Verified success message: 'Funkcija sėkmingai atlikta.'
2025-06-18 07:34:22 [main] INFO  l.i.uztis.tests.InvitationsPageTest - Verified success message
2025-06-18 07:34:22 [main] INFO  l.i.uztis.tests.InvitationsPageTest - Test 'testEditAndPublishVuiInvitationDraft' completed successfully.
2025-06-18 07:34:38 [main] INFO  lt.insoft.uztis.tests.UztisPageTest - Navigated to https://uztisdev.asseco.lt/home
2025-06-18 07:34:38 [main] INFO  l.i.uztis.tests.InvitationsPageTest - Starting test:'testInsertVui_PvkStatisticInformation'
2025-06-18 07:34:38 [main] INFO  l.insoft.uztis.tests.utils.TestUtils - Login attempt with user: evaluation_chief
2025-06-18 07:34:38 [main] DEBUG l.i.uztis.tests.InvitationsPageTest - User logged in with test credentials
2025-06-18 07:34:39 [main] DEBUG l.i.uztis.tests.InvitationsPageTest - Opened 'Application Processing' menu.
2025-06-18 07:34:39 [main] DEBUG l.i.uztis.tests.InvitationsPageTest - Clicked on 'Application Forms' menu.
2025-06-18 07:34:39 [main] DEBUG l.i.uztis.tests.InvitationsPageTest - Navigating to invitation forms menu.
2025-06-18 07:34:39 [main] DEBUG l.i.uztis.tests.InvitationsPageTest - Retrieved last description code text: 'TST-VUI-21'.
2025-06-18 07:34:39 [main] DEBUG l.i.uztis.tests.InvitationsPageTest - Clicked on 'Invitation' menu.
2025-06-18 07:34:42 [main] DEBUG l.i.uztis.tests.InvitationsPageTest - Selected section by code: 'TST-VUI-21'.
2025-06-18 07:34:42 [main] DEBUG l.i.uztis.tests.InvitationsPageTest - Clicked 'Search'.
2025-06-18 07:34:42 [main] DEBUG l.i.uztis.tests.InvitationsPageTest - Getting and inserting application code text.
2025-06-18 07:34:42 [main] DEBUG l.i.uztis.tests.InvitationsPageTest - Clicked 'Publishing'.
2025-06-18 07:34:44 [main] DEBUG l.i.uztis.tests.InvitationsPageTest - Clicked 'Statistic Information' tab.
2025-06-18 07:34:44 [main] DEBUG l.i.uztis.tests.InvitationsPageTest - Clicked 'Edit' button.
2025-06-18 07:34:44 [main] DEBUG l.i.uztis.tests.InvitationsPageTest - Entered current date.
2025-06-18 07:34:45 [main] DEBUG l.i.uztis.tests.InvitationsPageTest - Entered value: 8.7
2025-06-18 07:34:45 [main] DEBUG l.i.uztis.tests.InvitationsPageTest - Entered average salary: 2237.9
2025-06-18 07:34:45 [main] DEBUG l.i.uztis.tests.InvitationsPageTest - File uploaded.
2025-06-18 07:34:45 [main] DEBUG l.i.uztis.tests.InvitationsPageTest - Clicked 'Save' button.
2025-06-18 07:34:46 [main] DEBUG l.i.uztis.pages.ApplicationFormsPage - Verified success message: 'Funkcija sėkmingai atlikta.'
2025-06-18 07:34:46 [main] INFO  l.i.uztis.tests.InvitationsPageTest - Verified success message
2025-06-18 07:34:46 [main] INFO  l.i.uztis.tests.InvitationsPageTest - Test 'testInsertVui_PvkStatisticInformation' completed successfully.
2025-06-18 07:35:09 [main] INFO  lt.insoft.uztis.tests.UztisPageTest - Navigated to https://uztisdev.asseco.lt/home
2025-06-18 07:35:10 [main] INFO  l.i.u.t.SubmittedApplicationsPageTest - Starting test:'testFillNewVUIPApplicationFA'
2025-06-18 07:35:10 [main] INFO  l.insoft.uztis.tests.utils.TestUtils - Login attempt with user: evaluation_chief
2025-06-18 07:35:10 [main] DEBUG l.i.u.t.SubmittedApplicationsPageTest - User logged in with test credentials
2025-06-18 07:35:11 [main] DEBUG l.i.u.t.SubmittedApplicationsPageTest - Opened 'Application Processing' menu.
2025-06-18 07:35:11 [main] DEBUG l.i.u.t.SubmittedApplicationsPageTest - Clicked on 'Application Forms' menu.
2025-06-18 07:35:11 [main] DEBUG l.i.u.t.SubmittedApplicationsPageTest - Retrieved last description code text: 'TST-VUI-21'.
2025-06-18 07:35:11 [main] DEBUG l.i.u.t.SubmittedApplicationsPageTest - Clicked on 'Invitation' menu.
2025-06-18 07:35:13 [main] DEBUG l.i.u.t.SubmittedApplicationsPageTest - Selected application section by code: 'TST-VUI-21'.
2025-06-18 07:35:13 [main] DEBUG l.i.u.t.SubmittedApplicationsPageTest - Clicked 'Search' button.
2025-06-18 07:35:14 [main] DEBUG l.i.u.t.SubmittedApplicationsPageTest - Retrieved invitation code: ''.
2025-06-18 07:35:14 [main] DEBUG l.i.u.t.SubmittedApplicationsPageTest - Clicked on 'Submitted Applications' menu.
2025-06-18 07:35:16 [main] DEBUG l.i.u.t.SubmittedApplicationsPageTest - Selected invitation by code: 'TST-VUI-21'.
2025-06-18 07:35:16 [main] DEBUG l.i.u.t.SubmittedApplicationsPageTest - Invitation code inserted.
2025-06-18 07:35:16 [main] DEBUG l.i.u.t.SubmittedApplicationsPageTest - Clicked on 'Action Application' button.
2025-06-18 07:35:16 [main] DEBUG l.i.u.t.SubmittedApplicationsPageTest - Clicked on 'New Application' button.
2025-06-18 07:35:16 [main] DEBUG l.i.u.t.SubmittedApplicationsPageTest - Selected the 'RadioButtonFA' option.
2025-06-18 07:35:17 [main] DEBUG l.i.u.t.SubmittedApplicationsPageTest - Entered phone number: '61298745'.
2025-06-18 07:35:17 [main] DEBUG l.i.u.t.SubmittedApplicationsPageTest - Entered email: 'test@autotest.com'.
2025-06-18 07:35:17 [main] INFO  l.i.u.p.SubmittedApplicationsPage - Clicking on the dropdown button.
2025-06-18 07:35:28 [main] ERROR l.i.u.p.SubmittedApplicationsPage - Error occurred while selecting value: stale element reference: stale element not found in the current frame
  (Session info: chrome=137.0.7151.119)
For documentation on this error, please visit: https://www.selenium.dev/documentation/webdriver/troubleshooting/errors#stale-element-reference-exception
Build info: version: '4.27.0', revision: 'd6e718d134'
System info: os.name: 'Windows 11', os.arch: 'amd64', os.version: '10.0', java.version: '21.0.3'
Driver info: org.openqa.selenium.chrome.ChromeDriver
Command: [42945caad804a77dbdc22eda92bf6b5d, isElementDisplayed {id=f.856B21A953B8D7A8557B230CA8077FB1.d.72436A9D2210AEB91A08DE40F58353B6.e.1449}]
Capabilities {acceptInsecureCerts: false, browserName: chrome, browserVersion: 137.0.7151.119, chrome: {chromedriverVersion: 137.0.7151.119 (e0ac9d12dff..., userDataDir: C:\Users\INGRID~1.ZAD\AppDa...}, fedcm:accounts: true, goog:chromeOptions: {debuggerAddress: localhost:61931}, networkConnectionEnabled: false, pageLoadStrategy: normal, platformName: windows, proxy: Proxy(), se:cdp: ws://localhost:61931/devtoo..., se:cdpVersion: 137.0.7151.119, setWindowRect: true, strictFileInteractability: false, timeouts: {implicit: 0, pageLoad: 300000, script: 30000}, unhandledPromptBehavior: dismiss and notify, webauthn:extension:credBlob: true, webauthn:extension:largeBlob: true, webauthn:extension:minPinLength: true, webauthn:extension:prf: true, webauthn:virtualAuthenticators: true}
Element: [[ChromeDriver: chrome on windows (42945caad804a77dbdc22eda92bf6b5d)] -> xpath: //mat-option//span]
Session ID: 42945caad804a77dbdc22eda92bf6b5d
2025-06-18 07:35:28 [main] ERROR l.i.u.t.SubmittedApplicationsPageTest - Test 'testFillNewVUIApplicationFA' failed with error: Failed to select value from dropdown.
java.lang.RuntimeException: Failed to select value from dropdown.
	at lt.insoft.uztis.pages.SubmittedApplicationsPage.selectValueByListEVRK_VUI(SubmittedApplicationsPage.java:600)
	at lt.insoft.uztis.tests.SubmittedApplicationsPageTest.testFillNewVUIApplicationFA(SubmittedApplicationsPageTest.java:165)
	at java.base/jdk.internal.reflect.DirectMethodHandleAccessor.invoke(DirectMethodHandleAccessor.java:103)
	at java.base/java.lang.reflect.Method.invoke(Method.java:580)
	at org.junit.platform.commons.util.ReflectionUtils.invokeMethod(ReflectionUtils.java:728)
	at org.junit.jupiter.engine.execution.MethodInvocation.proceed(MethodInvocation.java:60)
	at org.junit.jupiter.engine.execution.InvocationInterceptorChain$ValidatingInvocation.proceed(InvocationInterceptorChain.java:131)
	at org.junit.jupiter.engine.extension.TimeoutExtension.intercept(TimeoutExtension.java:156)
	at org.junit.jupiter.engine.extension.TimeoutExtension.interceptTestableMethod(TimeoutExtension.java:147)
	at org.junit.jupiter.engine.extension.TimeoutExtension.interceptTestMethod(TimeoutExtension.java:86)
	at org.junit.jupiter.engine.execution.InterceptingExecutableInvoker$ReflectiveInterceptorCall.lambda$ofVoidMethod$0(InterceptingExecutableInvoker.java:103)
	at org.junit.jupiter.engine.execution.InterceptingExecutableInvoker.lambda$invoke$0(InterceptingExecutableInvoker.java:93)
	at org.junit.jupiter.engine.execution.InvocationInterceptorChain$InterceptedInvocation.proceed(InvocationInterceptorChain.java:106)
	at org.junit.jupiter.engine.execution.InvocationInterceptorChain.proceed(InvocationInterceptorChain.java:64)
	at org.junit.jupiter.engine.execution.InvocationInterceptorChain.chainAndInvoke(InvocationInterceptorChain.java:45)
	at org.junit.jupiter.engine.execution.InvocationInterceptorChain.invoke(InvocationInterceptorChain.java:37)
	at org.junit.jupiter.engine.execution.InterceptingExecutableInvoker.invoke(InterceptingExecutableInvoker.java:92)
	at org.junit.jupiter.engine.execution.InterceptingExecutableInvoker.invoke(InterceptingExecutableInvoker.java:86)
	at org.junit.jupiter.engine.descriptor.TestMethodTestDescriptor.lambda$invokeTestMethod$7(TestMethodTestDescriptor.java:218)
	at org.junit.platform.engine.support.hierarchical.ThrowableCollector.execute(ThrowableCollector.java:73)
	at org.junit.jupiter.engine.descriptor.TestMethodTestDescriptor.invokeTestMethod(TestMethodTestDescriptor.java:214)
	at org.junit.jupiter.engine.descriptor.TestMethodTestDescriptor.execute(TestMethodTestDescriptor.java:139)
	at org.junit.jupiter.engine.descriptor.TestMethodTestDescriptor.execute(TestMethodTestDescriptor.java:69)
	at org.junit.platform.engine.support.hierarchical.NodeTestTask.lambda$executeRecursively$6(NodeTestTask.java:151)
	at org.junit.platform.engine.support.hierarchical.ThrowableCollector.execute(ThrowableCollector.java:73)
	at org.junit.platform.engine.support.hierarchical.NodeTestTask.lambda$executeRecursively$8(NodeTestTask.java:141)
	at org.junit.platform.engine.support.hierarchical.Node.around(Node.java:137)
	at org.junit.platform.engine.support.hierarchical.NodeTestTask.lambda$executeRecursively$9(NodeTestTask.java:139)
	at org.junit.platform.engine.support.hierarchical.ThrowableCollector.execute(ThrowableCollector.java:73)
	at org.junit.platform.engine.support.hierarchical.NodeTestTask.executeRecursively(NodeTestTask.java:138)
	at org.junit.platform.engine.support.hierarchical.NodeTestTask.execute(NodeTestTask.java:95)
	at java.base/java.util.ArrayList.forEach(ArrayList.java:1596)
	at org.junit.platform.engine.support.hierarchical.SameThreadHierarchicalTestExecutorService.invokeAll(SameThreadHierarchicalTestExecutorService.java:41)
	at org.junit.platform.engine.support.hierarchical.NodeTestTask.lambda$executeRecursively$6(NodeTestTask.java:155)
	at org.junit.platform.engine.support.hierarchical.ThrowableCollector.execute(ThrowableCollector.java:73)
	at org.junit.platform.engine.support.hierarchical.NodeTestTask.lambda$executeRecursively$8(NodeTestTask.java:141)
	at org.junit.platform.engine.support.hierarchical.Node.around(Node.java:137)
	at org.junit.platform.engine.support.hierarchical.NodeTestTask.lambda$executeRecursively$9(NodeTestTask.java:139)
	at org.junit.platform.engine.support.hierarchical.ThrowableCollector.execute(ThrowableCollector.java:73)
	at org.junit.platform.engine.support.hierarchical.NodeTestTask.executeRecursively(NodeTestTask.java:138)
	at org.junit.platform.engine.support.hierarchical.NodeTestTask.execute(NodeTestTask.java:95)
	at java.base/java.util.ArrayList.forEach(ArrayList.java:1596)
	at org.junit.platform.engine.support.hierarchical.SameThreadHierarchicalTestExecutorService.invokeAll(SameThreadHierarchicalTestExecutorService.java:41)
	at org.junit.platform.engine.support.hierarchical.NodeTestTask.lambda$executeRecursively$6(NodeTestTask.java:155)
	at org.junit.platform.engine.support.hierarchical.ThrowableCollector.execute(ThrowableCollector.java:73)
	at org.junit.platform.engine.support.hierarchical.NodeTestTask.lambda$executeRecursively$8(NodeTestTask.java:141)
	at org.junit.platform.engine.support.hierarchical.Node.around(Node.java:137)
	at org.junit.platform.engine.support.hierarchical.NodeTestTask.lambda$executeRecursively$9(NodeTestTask.java:139)
	at org.junit.platform.engine.support.hierarchical.ThrowableCollector.execute(ThrowableCollector.java:73)
	at org.junit.platform.engine.support.hierarchical.NodeTestTask.executeRecursively(NodeTestTask.java:138)
	at org.junit.platform.engine.support.hierarchical.NodeTestTask.execute(NodeTestTask.java:95)
	at org.junit.platform.engine.support.hierarchical.SameThreadHierarchicalTestExecutorService.submit(SameThreadHierarchicalTestExecutorService.java:35)
	at org.junit.platform.engine.support.hierarchical.HierarchicalTestExecutor.execute(HierarchicalTestExecutor.java:57)
	at org.junit.platform.engine.support.hierarchical.HierarchicalTestEngine.execute(HierarchicalTestEngine.java:54)
	at org.junit.platform.launcher.core.EngineExecutionOrchestrator.execute(EngineExecutionOrchestrator.java:198)
	at org.junit.platform.launcher.core.EngineExecutionOrchestrator.execute(EngineExecutionOrchestrator.java:169)
	at org.junit.platform.launcher.core.EngineExecutionOrchestrator.execute(EngineExecutionOrchestrator.java:93)
	at org.junit.platform.launcher.core.EngineExecutionOrchestrator.lambda$execute$0(EngineExecutionOrchestrator.java:58)
	at org.junit.platform.launcher.core.EngineExecutionOrchestrator.withInterceptedStreams(EngineExecutionOrchestrator.java:141)
	at org.junit.platform.launcher.core.EngineExecutionOrchestrator.execute(EngineExecutionOrchestrator.java:57)
	at org.junit.platform.launcher.core.DefaultLauncher.execute(DefaultLauncher.java:103)
	at org.junit.platform.launcher.core.DefaultLauncher.execute(DefaultLauncher.java:85)
	at org.junit.platform.launcher.core.DelegatingLauncher.execute(DelegatingLauncher.java:47)
	at org.junit.platform.launcher.core.SessionPerRequestLauncher.execute(SessionPerRequestLauncher.java:63)
	at com.intellij.junit5.JUnit5IdeaTestRunner.startRunnerWithArgs(JUnit5IdeaTestRunner.java:57)
	at com.intellij.rt.junit.IdeaTestRunner$Repeater$1.execute(IdeaTestRunner.java:38)
	at com.intellij.rt.execution.junit.TestsRepeater.repeat(TestsRepeater.java:11)
	at com.intellij.rt.junit.IdeaTestRunner$Repeater.startRunnerWithArgs(IdeaTestRunner.java:35)
	at com.intellij.rt.junit.JUnitStarter.prepareStreamsAndStart(JUnitStarter.java:232)
	at com.intellij.rt.junit.JUnitStarter.main(JUnitStarter.java:55)
Caused by: org.openqa.selenium.StaleElementReferenceException: stale element reference: stale element not found in the current frame
  (Session info: chrome=137.0.7151.119)
For documentation on this error, please visit: https://www.selenium.dev/documentation/webdriver/troubleshooting/errors#stale-element-reference-exception
Build info: version: '4.27.0', revision: 'd6e718d134'
System info: os.name: 'Windows 11', os.arch: 'amd64', os.version: '10.0', java.version: '21.0.3'
Driver info: org.openqa.selenium.chrome.ChromeDriver
Command: [42945caad804a77dbdc22eda92bf6b5d, isElementDisplayed {id=f.856B21A953B8D7A8557B230CA8077FB1.d.72436A9D2210AEB91A08DE40F58353B6.e.1449}]
Capabilities {acceptInsecureCerts: false, browserName: chrome, browserVersion: 137.0.7151.119, chrome: {chromedriverVersion: 137.0.7151.119 (e0ac9d12dff..., userDataDir: C:\Users\INGRID~1.ZAD\AppDa...}, fedcm:accounts: true, goog:chromeOptions: {debuggerAddress: localhost:61931}, networkConnectionEnabled: false, pageLoadStrategy: normal, platformName: windows, proxy: Proxy(), se:cdp: ws://localhost:61931/devtoo..., se:cdpVersion: 137.0.7151.119, setWindowRect: true, strictFileInteractability: false, timeouts: {implicit: 0, pageLoad: 300000, script: 30000}, unhandledPromptBehavior: dismiss and notify, webauthn:extension:credBlob: true, webauthn:extension:largeBlob: true, webauthn:extension:minPinLength: true, webauthn:extension:prf: true, webauthn:virtualAuthenticators: true}
Element: [[ChromeDriver: chrome on windows (42945caad804a77dbdc22eda92bf6b5d)] -> xpath: //mat-option//span]
Session ID: 42945caad804a77dbdc22eda92bf6b5d
	at java.base/jdk.internal.reflect.DirectConstructorHandleAccessor.newInstance(DirectConstructorHandleAccessor.java:62)
	at java.base/java.lang.reflect.Constructor.newInstanceWithCaller(Constructor.java:502)
	at java.base/java.lang.reflect.Constructor.newInstance(Constructor.java:486)
	at org.openqa.selenium.remote.ErrorCodec.decode(ErrorCodec.java:167)
	at org.openqa.selenium.remote.codec.w3c.W3CHttpResponseCodec.decode(W3CHttpResponseCodec.java:138)
	at org.openqa.selenium.remote.codec.w3c.W3CHttpResponseCodec.decode(W3CHttpResponseCodec.java:50)
	at org.openqa.selenium.remote.HttpCommandExecutor.execute(HttpCommandExecutor.java:190)
	at org.openqa.selenium.remote.service.DriverCommandExecutor.invokeExecute(DriverCommandExecutor.java:216)
	at org.openqa.selenium.remote.service.DriverCommandExecutor.execute(DriverCommandExecutor.java:174)
	at org.openqa.selenium.remote.RemoteWebDriver.execute(RemoteWebDriver.java:545)
	at org.openqa.selenium.remote.RemoteWebElement.execute(RemoteWebElement.java:223)
	at org.openqa.selenium.remote.RemoteWebElement.isDisplayed(RemoteWebElement.java:282)
	at org.openqa.selenium.support.ui.ExpectedConditions$8.apply(ExpectedConditions.java:223)
	at org.openqa.selenium.support.ui.ExpectedConditions$8.apply(ExpectedConditions.java:218)
	at org.openqa.selenium.support.ui.FluentWait.until(FluentWait.java:203)
	at lt.insoft.uztis.pages.SubmittedApplicationsPage.selectValueByListEVRK_VUI(SubmittedApplicationsPage.java:557)
	... 69 common frames omitted
2025-06-18 07:35:28 [main] INFO  l.insoft.uztis.tests.utils.TestUtils - Screenshot moved to C:\Users\ingrida.zadorozniene\Desktop\Asm\UZTIS\UZTIS_tests\test-output\screenshots\20250618\073528622_testFillNewVUIApplicationFA().png
2025-06-18 14:19:01 [main] INFO  lt.insoft.uztis.tests.UztisPageTest - Navigated to https://uztisdev.asseco.lt/home
2025-06-18 14:19:01 [main] INFO  l.i.u.tests.ApplicationFormsPageTest - Setup complete. ApplicationFormsPage initialized.
2025-06-18 14:19:01 [main] INFO  l.i.u.tests.ApplicationFormsPageTest - Starting test:'testCreateNewDvpApplication'
2025-06-18 14:19:02 [main] INFO  l.insoft.uztis.tests.utils.TestUtils - Login attempt with user: evaluation_chief
2025-06-18 14:19:02 [main] DEBUG l.i.u.tests.ApplicationFormsPageTest - User logged in with test credentials
2025-06-18 14:19:02 [main] DEBUG l.i.u.tests.ApplicationFormsPageTest - Opened 'Application Processing' menu.
2025-06-18 14:19:02 [main] DEBUG l.i.u.tests.ApplicationFormsPageTest - Clicked on 'Application Forms' menu.
2025-06-18 14:19:03 [main] DEBUG l.i.u.tests.ApplicationFormsPageTest - Clicked to create a new application form.
2025-06-18 14:19:04 [main] DEBUG l.i.u.tests.ApplicationFormsPageTest - Entered random application code: TST-DVP-41
2025-06-18 14:19:04 [main] DEBUG l.i.u.tests.ApplicationFormsPageTest - Selected 'Municipality' radio button.
2025-06-18 14:19:04 [main] INFO  l.i.uztis.pages.ApplicationFormsPage - Located the dropdown button.
2025-06-18 14:19:04 [main] INFO  l.i.uztis.pages.ApplicationFormsPage - Successfully selected the value: 'Priemonių organizavimo departamentas'
2025-06-18 14:19:15 [main] ERROR l.i.uztis.pages.ApplicationFormsPage - Failed to close the dropdown with aria-expanded = 'false'.
2025-06-18 14:19:15 [main] DEBUG l.i.u.tests.ApplicationFormsPageTest - Selected a value from the 'Municipality' dropdown: 'Priemonių organizavimo departamentas'
2025-06-18 14:19:15 [main] DEBUG l.i.u.tests.ApplicationFormsPageTest - Selected 'Budget By Country' radio button.
2025-06-18 14:19:15 [main] DEBUG l.i.u.tests.ApplicationFormsPageTest - Selected 'Financed Without Queue' option.
2025-06-18 14:19:15 [main] INFO  l.i.uztis.pages.ApplicationFormsPage - Located the dropdown button.
2025-06-18 14:19:16 [main] INFO  l.i.uztis.pages.ApplicationFormsPage - Successfully selected the value: 'DVP atitiktis URP'
2025-06-18 14:19:26 [main] ERROR l.i.uztis.pages.ApplicationFormsPage - Failed to close the dropdown with aria-expanded = 'false'.
2025-06-18 14:19:26 [main] DEBUG l.i.u.tests.ApplicationFormsPageTest - Selected a value from the 'EvaluationOne' dropdown: 'DVP atitiktis URP'
2025-06-18 14:19:26 [main] DEBUG l.i.u.tests.ApplicationFormsPageTest - Clicked 'Plus' button.
2025-06-18 14:19:27 [main] DEBUG l.i.u.tests.ApplicationFormsPageTest - Clicked 'Add' button seven times.
2025-06-18 14:19:27 [main] INFO  l.i.uztis.pages.ApplicationFormsPage - Processing dropdown index: 0
2025-06-18 14:19:38 [main] ERROR l.i.uztis.pages.ApplicationFormsPage - Timeout while waiting for dropdown to close at index: 0 with aria-expanded = 'false'
2025-06-18 14:19:38 [main] INFO  l.i.uztis.pages.ApplicationFormsPage - Processing dropdown index: 1
2025-06-18 14:19:49 [main] ERROR l.i.uztis.pages.ApplicationFormsPage - Timeout while waiting for dropdown to close at index: 1 with aria-expanded = 'false'
2025-06-18 14:19:49 [main] INFO  l.i.uztis.pages.ApplicationFormsPage - Processing dropdown index: 2
2025-06-18 14:19:59 [main] ERROR l.i.uztis.pages.ApplicationFormsPage - Timeout while waiting for dropdown to close at index: 2 with aria-expanded = 'false'
2025-06-18 14:20:00 [main] INFO  l.i.uztis.pages.ApplicationFormsPage - Processing dropdown index: 3
2025-06-18 14:20:10 [main] ERROR l.i.uztis.pages.ApplicationFormsPage - Timeout while waiting for dropdown to close at index: 3 with aria-expanded = 'false'
2025-06-18 14:20:10 [main] INFO  l.i.uztis.pages.ApplicationFormsPage - Processing dropdown index: 4
2025-06-18 14:20:21 [main] ERROR l.i.uztis.pages.ApplicationFormsPage - Timeout while waiting for dropdown to close at index: 4 with aria-expanded = 'false'
2025-06-18 14:20:21 [main] INFO  l.i.uztis.pages.ApplicationFormsPage - Processing dropdown index: 5
2025-06-18 14:20:32 [main] ERROR l.i.uztis.pages.ApplicationFormsPage - Timeout while waiting for dropdown to close at index: 5 with aria-expanded = 'false'
2025-06-18 14:20:32 [main] INFO  l.i.uztis.pages.ApplicationFormsPage - Processing dropdown index: 6
2025-06-18 14:20:43 [main] ERROR l.i.uztis.pages.ApplicationFormsPage - Timeout while waiting for dropdown to close at index: 6 with aria-expanded = 'false'
2025-06-18 14:20:43 [main] INFO  l.i.uztis.pages.ApplicationFormsPage - Processing dropdown index: 7
2025-06-18 14:20:54 [main] ERROR l.i.uztis.pages.ApplicationFormsPage - Timeout while waiting for dropdown to close at index: 7 with aria-expanded = 'false'
2025-06-18 14:20:54 [main] INFO  l.i.uztis.pages.ApplicationFormsPage - Processing input field index: 0
2025-06-18 14:20:54 [main] INFO  l.i.uztis.pages.ApplicationFormsPage - Entered value '50' into field index: 0
2025-06-18 14:20:54 [main] INFO  l.i.uztis.pages.ApplicationFormsPage - Processing input field index: 1
2025-06-18 14:20:54 [main] INFO  l.i.uztis.pages.ApplicationFormsPage - Entered value '924' into field index: 1
2025-06-18 14:20:54 [main] INFO  l.i.uztis.pages.ApplicationFormsPage - Processing input field index: 2
2025-06-18 14:20:54 [main] INFO  l.i.uztis.pages.ApplicationFormsPage - Entered value '31' into field index: 2
2025-06-18 14:20:54 [main] INFO  l.i.uztis.pages.ApplicationFormsPage - Processing input field index: 3
2025-06-18 14:20:54 [main] INFO  l.i.uztis.pages.ApplicationFormsPage - Entered value '4.7' into field index: 3
2025-06-18 14:20:54 [main] INFO  l.i.uztis.pages.ApplicationFormsPage - Processing input field index: 4
2025-06-18 14:20:54 [main] INFO  l.i.uztis.pages.ApplicationFormsPage - Entered value '35' into field index: 4
2025-06-18 14:20:54 [main] INFO  l.i.uztis.pages.ApplicationFormsPage - Processing input field index: 5
2025-06-18 14:20:54 [main] INFO  l.i.uztis.pages.ApplicationFormsPage - Entered value '20' into field index: 5
2025-06-18 14:20:54 [main] INFO  l.i.uztis.pages.ApplicationFormsPage - Processing input field index: 6
2025-06-18 14:20:55 [main] INFO  l.i.uztis.pages.ApplicationFormsPage - Entered value '30' into field index: 6
2025-06-18 14:20:55 [main] INFO  l.i.uztis.pages.ApplicationFormsPage - Processing input field index: 7
2025-06-18 14:20:55 [main] INFO  l.i.uztis.pages.ApplicationFormsPage - Entered value '60' into field index: 7
2025-06-18 14:20:55 [main] DEBUG l.i.u.tests.ApplicationFormsPageTest - Entered additional values and text.
2025-06-18 14:20:55 [main] DEBUG l.i.u.tests.ApplicationFormsPageTest - Entered application name: DVP paraiška
2025-06-18 14:20:55 [main] DEBUG l.i.u.tests.ApplicationFormsPageTest - Clicked the 'Save' button.
2025-06-18 14:20:55 [main] DEBUG l.i.uztis.pages.ApplicationFormsPage - Verified success message: 'Duomenys sėkmingai išsaugoti.'
2025-06-18 14:20:55 [main] INFO  l.i.u.tests.ApplicationFormsPageTest - Verified success message
2025-06-18 14:20:55 [main] INFO  l.i.u.tests.ApplicationFormsPageTest - Verified that the 'Save Form' button is displayed.
2025-06-18 14:20:55 [main] INFO  l.i.u.tests.ApplicationFormsPageTest - Test 'testCreateNewDvpApplication' completed successfully.
2025-06-18 14:22:55 [main] INFO  lt.insoft.uztis.tests.UztisPageTest - Navigated to https://uztisdev.asseco.lt/home
2025-06-18 14:22:55 [main] INFO  l.i.u.tests.ApplicationFormsPageTest - Setup complete. ApplicationFormsPage initialized.
2025-06-18 14:22:55 [main] INFO  l.i.u.tests.ApplicationFormsPageTest - Starting test:'testAddContractDVP'
2025-06-18 14:22:55 [main] INFO  l.insoft.uztis.tests.utils.TestUtils - Login attempt with user: evaluation_chief
2025-06-18 14:22:55 [main] DEBUG l.i.u.tests.ApplicationFormsPageTest - User logged in with test credentials
2025-06-18 14:22:56 [main] DEBUG l.i.u.tests.ApplicationFormsPageTest - Opened 'Application Processing' menu.
2025-06-18 14:22:56 [main] DEBUG l.i.u.tests.ApplicationFormsPageTest - Clicked on 'Application Forms' menu.
2025-06-18 14:22:57 [main] DEBUG l.i.u.tests.ApplicationFormsPageTest - Selected the last application description.
2025-06-18 14:22:57 [main] DEBUG l.i.u.tests.ApplicationFormsPageTest - Clicked 'Project Progress' tab.
2025-06-18 14:22:58 [main] DEBUG l.i.u.tests.ApplicationFormsPageTest - Clicked the 'Edit' button.
2025-06-18 14:22:58 [main] INFO  l.i.uztis.pages.ApplicationFormsPage - Opening the dropdown.
2025-06-18 14:23:00 [main] INFO  l.i.uztis.pages.ApplicationFormsPage - Selected the value: 'Darbo vietų pritaikymo ir finansavimo sutartis'
2025-06-18 14:23:11 [main] ERROR l.i.uztis.pages.ApplicationFormsPage - Dropdown did not close as expected.
2025-06-18 14:23:11 [main] DEBUG l.i.u.tests.ApplicationFormsPageTest - Selected a value from the 'Document' dropdown: 'Darbo vietų pritaikymo ir finansavimo sutartis'
2025-06-18 14:23:11 [main] INFO  l.i.uztis.pages.ApplicationFormsPage - Opening the dropdown.
2025-06-18 14:23:14 [main] INFO  l.i.uztis.pages.ApplicationFormsPage - Selected the value: 'Sprendimas dėl išmokos'
2025-06-18 14:23:25 [main] ERROR l.i.uztis.pages.ApplicationFormsPage - Dropdown did not close as expected.
2025-06-18 14:23:25 [main] DEBUG l.i.u.tests.ApplicationFormsPageTest - Selected a value from the 'Document' dropdown: 'Sprendimas dėl išmokos'
2025-06-18 14:23:25 [main] INFO  l.i.uztis.pages.ApplicationFormsPage - Opening the dropdown.
2025-06-18 14:23:28 [main] INFO  l.i.uztis.pages.ApplicationFormsPage - Selected the value: 'Sprendimas dėl išmokos'
2025-06-18 14:23:38 [main] ERROR l.i.uztis.pages.ApplicationFormsPage - Dropdown did not close as expected.
2025-06-18 14:23:38 [main] DEBUG l.i.u.tests.ApplicationFormsPageTest - Selected a value from the 'Document' dropdown: 'Sprendimas dėl išmokos'
2025-06-18 14:23:39 [main] DEBUG l.i.u.tests.ApplicationFormsPageTest - Clicked the 'Save' button.
2025-06-18 14:23:39 [main] ERROR l.i.uztis.pages.ApplicationFormsPage - Failed to verify the success message: 'Funkcija sėkmingai atlikta.'. Available messages: [Duomenys sėkmingai išsaugoti.]
2025-06-18 14:23:39 [main] INFO  l.i.u.tests.ApplicationFormsPageTest - Verified success message
2025-06-18 14:23:39 [main] INFO  l.i.u.tests.ApplicationFormsPageTest - Test 'testAddContractDVP' completed successfully.
2025-06-18 14:23:58 [main] INFO  lt.insoft.uztis.tests.UztisPageTest - Navigated to https://uztisdev.asseco.lt/home
2025-06-18 14:23:58 [main] INFO  l.i.uztis.tests.InvitationsPageTest - Starting test:'testCreateNewDvpInvitation'
2025-06-18 14:23:59 [main] INFO  l.insoft.uztis.tests.utils.TestUtils - Login attempt with user: evaluation_chief
2025-06-18 14:23:59 [main] DEBUG l.i.uztis.tests.InvitationsPageTest - User logged in with test credentials
2025-06-18 14:23:59 [main] DEBUG l.i.uztis.tests.InvitationsPageTest - Opened 'Application Processing' menu.
2025-06-18 14:23:59 [main] DEBUG l.i.uztis.tests.InvitationsPageTest - Clicked on 'Application Forms' menu.
2025-06-18 14:23:59 [main] DEBUG l.i.uztis.tests.InvitationsPageTest - Navigating to application forms menu.
2025-06-18 14:24:01 [main] DEBUG l.i.uztis.tests.InvitationsPageTest - Retrieved last description code text: 'TST-DVP-41'.
2025-06-18 14:24:01 [main] DEBUG l.i.uztis.tests.InvitationsPageTest - Clicked on 'Invitation' menu.
2025-06-18 14:24:01 [main] DEBUG l.i.uztis.tests.InvitationsPageTest - Clicked 'Create New Application Form'.
2025-06-18 14:24:02 [main] DEBUG l.i.uztis.tests.InvitationsPageTest - Selected section by code: 'TST-DVP-41'.
2025-06-18 14:24:02 [main] INFO  l.insoft.uztis.pages.InvitationsPage - Located the dropdown button.
2025-06-18 14:24:13 [main] ERROR l.insoft.uztis.pages.InvitationsPage - Timeout while waiting for dropdown to close with aria-expanded = 'false'.
2025-06-18 14:24:13 [main] DEBUG l.i.uztis.tests.InvitationsPageTest - Selected invitation number from the list.
2025-06-18 14:24:14 [main] DEBUG l.i.uztis.tests.InvitationsPageTest - Entered current date.
2025-06-18 14:24:14 [main] DEBUG l.i.uztis.tests.InvitationsPageTest - Entered start time: 00:00.
2025-06-18 14:24:14 [main] DEBUG l.i.uztis.tests.InvitationsPageTest - Entered end date.
2025-06-18 14:24:14 [main] DEBUG l.i.uztis.tests.InvitationsPageTest - Entered end time: 11:11.
2025-06-18 14:24:15 [main] DEBUG l.i.uztis.tests.InvitationsPageTest - Entered publication end date.
2025-06-18 14:24:15 [main] DEBUG l.i.uztis.tests.InvitationsPageTest - Added additional values.
2025-06-18 14:24:15 [main] INFO  l.insoft.uztis.pages.InvitationsPage - Located the dropdown button.
2025-06-18 14:24:16 [main] DEBUG l.i.uztis.tests.InvitationsPageTest - Selected the value: 'Didžiausia galima paramos suma aplinkos darbo vietai, Eur'
2025-06-18 14:24:16 [main] INFO  l.insoft.uztis.pages.InvitationsPage - Located the dropdown button.
2025-06-18 14:24:16 [main] DEBUG l.i.uztis.tests.InvitationsPageTest - Selected the value: 'Didžiausia galima paramos suma, Eur'
2025-06-18 14:24:16 [main] INFO  l.insoft.uztis.pages.InvitationsPage - Located the dropdown button.
2025-06-18 14:24:17 [main] DEBUG l.i.uztis.tests.InvitationsPageTest - Selected the value: 'Didžiausia galima paramos suma vienai darbo vietai, Eur'
2025-06-18 14:24:17 [main] DEBUG l.i.uztis.tests.InvitationsPageTest - Entered value: 11000
2025-06-18 14:24:18 [main] DEBUG l.i.uztis.tests.InvitationsPageTest - Entered value: 12000
2025-06-18 14:24:18 [main] DEBUG l.i.uztis.tests.InvitationsPageTest - Entered value: 13000
2025-06-18 14:24:18 [main] DEBUG l.i.uztis.tests.InvitationsPageTest - Checked 'Legal Entities' checkbox.
2025-06-18 14:24:18 [main] DEBUG l.i.uztis.tests.InvitationsPageTest - Checked 'Legal Entities' checkbox.
2025-06-18 14:24:18 [main] DEBUG l.i.uztis.tests.InvitationsPageTest - Unchecked 'Persons Registered with Employment Service' checkbox.
2025-06-18 14:24:18 [main] DEBUG l.i.uztis.tests.InvitationsPageTest - Checked 'Persons Registered as Employers' checkbox.
2025-06-18 14:24:18 [main] DEBUG l.i.uztis.tests.InvitationsPageTest - Entered budget: '2000'.
2025-06-18 14:24:19 [main] DEBUG l.i.uztis.tests.InvitationsPageTest - Entered description text: 'Aprašo tekstas'.
2025-06-18 14:24:19 [main] DEBUG l.i.uztis.tests.InvitationsPageTest - Entered applicants text: 'Pareiškėjų tekstas'.
2025-06-18 14:24:19 [main] DEBUG l.i.uztis.tests.InvitationsPageTest - Entered expenditures text: 'Išlaidų tekstas'.
2025-06-18 14:24:19 [main] DEBUG l.i.uztis.tests.InvitationsPageTest - Entered legislation text: 'Teisės aktų tekstas'.
2025-06-18 14:24:19 [main] DEBUG l.i.uztis.tests.InvitationsPageTest - Entered education text: 'Mokymų tekstas'.
2025-06-18 14:24:19 [main] DEBUG l.i.uztis.tests.InvitationsPageTest - File uploaded.
2025-06-18 14:24:19 [main] DEBUG l.i.uztis.tests.InvitationsPageTest - Clicked 'Publish'.
2025-06-18 14:24:19 [main] DEBUG l.i.uztis.tests.InvitationsPageTest - Publication confirmed.
2025-06-18 14:24:21 [main] DEBUG l.i.uztis.pages.ApplicationFormsPage - Verified success message: 'Funkcija sėkmingai atlikta.'
2025-06-18 14:24:21 [main] INFO  l.i.uztis.tests.InvitationsPageTest - Verified success message
2025-06-18 14:24:21 [main] INFO  l.i.uztis.tests.InvitationsPageTest - Test 'testCreateNewDvpInvitation' completed successfully.
2025-06-18 14:27:46 [main] INFO  lt.insoft.uztis.tests.UztisPageTest - Navigated to https://uztisdev.asseco.lt/home
2025-06-18 14:27:46 [main] INFO  l.i.u.t.SubmittedApplicationsPageTest - Starting test:'testFillNewDVPApplicationFA'
2025-06-18 14:27:47 [main] INFO  l.insoft.uztis.tests.utils.TestUtils - Login attempt with user: evaluation_chief
2025-06-18 14:27:47 [main] DEBUG l.i.u.t.SubmittedApplicationsPageTest - User logged in with test credentials
2025-06-18 14:27:47 [main] DEBUG l.i.u.t.SubmittedApplicationsPageTest - Opened 'Application Processing' menu.
2025-06-18 14:27:47 [main] DEBUG l.i.u.t.SubmittedApplicationsPageTest - Clicked on 'Application Forms' menu.
2025-06-18 14:27:48 [main] DEBUG l.i.u.t.SubmittedApplicationsPageTest - Retrieved last description code text: 'TST-DVP-41'.
2025-06-18 14:27:48 [main] DEBUG l.i.u.t.SubmittedApplicationsPageTest - Clicked on 'Invitation' menu.
2025-06-18 14:27:49 [main] DEBUG l.i.u.t.SubmittedApplicationsPageTest - Selected application section by code: 'TST-DVP-41'.
2025-06-18 14:27:49 [main] DEBUG l.i.u.t.SubmittedApplicationsPageTest - Clicked 'Search' button.
2025-06-18 14:27:49 [main] DEBUG l.i.u.t.SubmittedApplicationsPageTest - Retrieved invitation code: ''.
2025-06-18 14:27:49 [main] DEBUG l.i.u.t.SubmittedApplicationsPageTest - Clicked on 'Submitted Applications' menu.
2025-06-18 14:27:50 [main] DEBUG l.i.u.t.SubmittedApplicationsPageTest - Selected invitation by code: 'TST-DVP-41'.
2025-06-18 14:27:50 [main] DEBUG l.i.u.t.SubmittedApplicationsPageTest - Invitation code inserted.
2025-06-18 14:27:50 [main] DEBUG l.i.u.t.SubmittedApplicationsPageTest - Clicked on 'Action Application' button.
2025-06-18 14:27:50 [main] DEBUG l.i.u.t.SubmittedApplicationsPageTest - Clicked on 'New Application' button.
2025-06-18 14:27:51 [main] DEBUG l.i.u.t.SubmittedApplicationsPageTest - Selected the 'RadioButtonFA' option.
2025-06-18 14:27:51 [main] DEBUG l.i.u.t.SubmittedApplicationsPageTest - Entered phone number: '61298745'.
2025-06-18 14:27:51 [main] DEBUG l.i.u.t.SubmittedApplicationsPageTest - Entered email: 'test@autotest.com'.
2025-06-18 14:27:51 [main] DEBUG l.i.u.t.SubmittedApplicationsPageTest - Checked 'For workplace adaptation' checkbox 1.
2025-06-18 14:27:51 [main] DEBUG l.i.u.t.SubmittedApplicationsPageTest - Checked 'For environmental adaptation' checkbox 2.
2025-06-18 14:27:51 [main] INFO  l.i.u.p.SubmittedApplicationsPage - Located the dropdown button.
2025-06-18 14:28:11 [main] INFO  l.i.u.p.SubmittedApplicationsPage - Found 1741 options in the dropdown.
2025-06-18 14:28:11 [main] INFO  l.i.u.p.SubmittedApplicationsPage - Successfully selected the value: '01.11 - Grūdinių (išskyrus ryžius), ankštinių ir aliejingų sėklų augalų auginimas'
2025-06-18 14:28:21 [main] ERROR l.i.u.p.SubmittedApplicationsPage - Failed to close the dropdown with aria-expanded = 'false'. Attempting manual close.
2025-06-18 14:28:21 [main] INFO  l.i.u.p.SubmittedApplicationsPage - Manual close attempt for the dropdown using body click.
2025-06-18 14:28:21 [main] DEBUG l.i.u.t.SubmittedApplicationsPageTest - Selected EVRK value: '01.11 - Grūdinių (išskyrus ryžius), ankštinių ir aliejingų sėklų augalų auginimas'.
2025-06-18 14:28:21 [main] DEBUG l.i.u.t.SubmittedApplicationsPageTest - Clicked on 'Address Component' button.
2025-06-18 14:28:21 [main] INFO  l.i.u.p.SubmittedApplicationsPage - Located the dropdown button.
2025-06-18 14:28:24 [main] INFO  l.i.u.p.SubmittedApplicationsPage - Successfully selected the value: 'Lietuva'
2025-06-18 14:28:24 [main] DEBUG l.i.u.t.SubmittedApplicationsPageTest - Selected country: 'Lietuva'.
2025-06-18 14:28:24 [main] INFO  l.i.u.p.SubmittedApplicationsPage - Located the dropdown search field.
2025-06-18 14:28:24 [main] INFO  l.i.u.p.SubmittedApplicationsPage - Dropdown city is opened.
2025-06-18 14:28:25 [main] INFO  l.i.u.p.SubmittedApplicationsPage - Searched for value: 'Vilnius'
2025-06-18 14:28:26 [main] INFO  l.i.u.p.SubmittedApplicationsPage - Successfully selected: 'Vilnius'
2025-06-18 14:28:26 [main] INFO  l.i.u.p.SubmittedApplicationsPage - Located the dropdown button.
2025-06-18 14:28:27 [main] INFO  l.i.u.p.SubmittedApplicationsPage - Successfully selected the value: 'A. Domaševičiaus g.'
2025-06-18 14:28:27 [main] DEBUG l.i.u.t.SubmittedApplicationsPageTest - Selected street: 'A. Domaševičiaus g.'.
2025-06-18 14:28:27 [main] INFO  l.i.u.p.SubmittedApplicationsPage - Located the dropdown button.
2025-06-18 14:28:27 [main] INFO  l.i.u.p.SubmittedApplicationsPage - Successfully selected the value: '1'
2025-06-18 14:28:27 [main] DEBUG l.i.u.t.SubmittedApplicationsPageTest - Selected house: '1'.
2025-06-18 14:28:27 [main] INFO  l.i.u.p.SubmittedApplicationsPage - Located the dropdown button.
2025-06-18 14:28:27 [main] INFO  l.i.u.p.SubmittedApplicationsPage - Successfully selected the value: '1'
2025-06-18 14:28:27 [main] DEBUG l.i.u.t.SubmittedApplicationsPageTest - Selected apartment: '1'.
2025-06-18 14:28:27 [main] DEBUG l.i.u.t.SubmittedApplicationsPageTest - Clicked 'Confirm' button.
2025-06-18 14:28:27 [main] DEBUG l.i.u.t.SubmittedApplicationsPageTest - Selected 'For already working' option.
2025-06-18 14:28:28 [main] DEBUG l.i.u.t.SubmittedApplicationsPageTest - Selected 'For new working' option.
2025-06-18 14:28:28 [main] DEBUG l.i.u.t.SubmittedApplicationsPageTest - Entered person count2: '1'.
2025-06-18 14:28:28 [main] DEBUG l.i.u.t.SubmittedApplicationsPageTest - Clicked 'Next' button after checkboxes.
2025-06-18 14:28:28 [main] INFO  l.i.u.p.SubmittedApplicationsPage - Located the dropdown button.
2025-06-18 14:28:29 [main] INFO  l.i.u.p.SubmittedApplicationsPage - Successfully selected the value: 'Administratoriai'
2025-06-18 14:28:29 [main] DEBUG l.i.u.t.SubmittedApplicationsPageTest - Selected adaptable job name: 'Administratoriai'.
2025-06-18 14:28:29 [main] DEBUG l.i.u.t.SubmittedApplicationsPageTest - Entered job date.
2025-06-18 14:28:29 [main] DEBUG l.i.u.t.SubmittedApplicationsPageTest - Entered job function: 'Funkcija 1'.
2025-06-18 14:28:29 [main] DEBUG l.i.u.t.SubmittedApplicationsPageTest - Selected 'For already working' 'no' option.
2025-06-18 14:28:29 [main] INFO  l.i.u.p.SubmittedApplicationsPage - Clicking on the dropdown button.
2025-06-18 14:28:29 [main] INFO  l.i.u.p.SubmittedApplicationsPage - Found 6 options in the dropdown.
2025-06-18 14:28:29 [main] DEBUG l.i.u.p.SubmittedApplicationsPage - Checking option: 'Lengvo neįgalumo lygis ar 45-55 procentų dalyvumo lygis (iki 2023 m. gruodžio 31 d. – 45-55 procentų darbingumo lygis)'
2025-06-18 14:28:30 [main] INFO  l.i.u.p.SubmittedApplicationsPage - Successfully selected the value: 'Lengvo neįgalumo lygis ar 45-55 procentų dalyvumo lygis (iki 2023 m. gruodžio 31 d. – 45-55 procentų darbingumo lygis)'
2025-06-18 14:28:30 [main] INFO  l.i.u.p.SubmittedApplicationsPage - Attempting to close the dropdown.
2025-06-18 14:28:30 [main] DEBUG l.i.u.t.SubmittedApplicationsPageTest - Selected disabilities type: 'Lengvo neįgalumo lygis ar 45-55 procentų dalyvumo lygis (iki 2023 m. gruodžio 31 d. – 45-55 procentų darbingumo lygis)'.
2025-06-18 14:28:30 [main] DEBUG l.i.u.t.SubmittedApplicationsPageTest - Entered disability information: 'Negalia 1'.
2025-06-18 14:28:31 [main] DEBUG l.i.u.t.SubmittedApplicationsPageTest - Entered qualification: 'Kvalifikacija 1'.
2025-06-18 14:28:31 [main] DEBUG l.i.u.t.SubmittedApplicationsPageTest - Entered job description: 'Darbo vietos aprašymas 1'.
2025-06-18 14:28:31 [main] DEBUG l.i.u.t.SubmittedApplicationsPageTest - Entered equipment description: 'Priemonių įsigyjimas 1'.
2025-06-18 14:28:31 [main] DEBUG l.i.u.t.SubmittedApplicationsPageTest - Entered work information: 'Darbai 1'.
2025-06-18 14:28:31 [main] INFO  l.i.u.p.SubmittedApplicationsPage - Located the dropdown button.
2025-06-18 14:28:32 [main] INFO  l.i.u.p.SubmittedApplicationsPage - Successfully selected the value: 'Kita'
2025-06-18 14:28:32 [main] DEBUG l.i.u.t.SubmittedApplicationsPageTest - Selected time mode: 'Kita'.
2025-06-18 14:28:32 [main] DEBUG l.i.u.t.SubmittedApplicationsPageTest - Selected time mode other: '6 val. per dieną ir 4 d. per savaitę'.
2025-06-18 14:28:32 [main] DEBUG l.i.u.t.SubmittedApplicationsPageTest - Entered salary amount: '1200'.
2025-06-18 14:28:32 [main] DEBUG l.i.u.t.SubmittedApplicationsPageTest - Entered salary description: 'Užmokestis 1'.
2025-06-18 14:28:32 [main] DEBUG l.i.u.t.SubmittedApplicationsPageTest - Selected 'Temporary Job' radio button.
2025-06-18 14:28:33 [main] DEBUG l.i.u.t.SubmittedApplicationsPageTest - Selected 'Season Job' radio button.
2025-06-18 14:28:33 [main] DEBUG l.i.u.t.SubmittedApplicationsPageTest - Selected 'PVM' radio button.
2025-06-18 14:28:33 [main] INFO  l.i.u.p.SubmittedApplicationsPage - Located the dropdown button.
2025-06-18 14:28:33 [main] INFO  l.i.u.p.SubmittedApplicationsPage - Successfully selected the value: 'Darbo vietos pritaikymui'
2025-06-18 14:29:03 [main] ERROR l.i.u.p.SubmittedApplicationsPage - Timeout while waiting for dropdown to close with aria-expanded = 'false'.
2025-06-18 14:29:03 [main] DEBUG l.i.u.t.SubmittedApplicationsPageTest - Selected adaptable job name: 'Darbo vietos pritaikymui'.
2025-06-18 14:29:03 [main] DEBUG l.i.u.p.SubmittedApplicationsPage - Located and clicked the dropdown button 'Reikalinga'.
2025-06-18 14:29:04 [main] INFO  l.i.u.p.SubmittedApplicationsPage - Successfully selected the value: 'Įsigyti'
2025-06-18 14:29:04 [main] DEBUG l.i.u.t.SubmittedApplicationsPageTest - Selected necessary for job: 'Įsigyti'.
2025-06-18 14:29:04 [main] DEBUG l.i.u.t.SubmittedApplicationsPageTest - Selected tool: 'Darbo priemonė 1'.
2025-06-18 14:29:04 [main] DEBUG l.i.u.t.SubmittedApplicationsPageTest - Selected tool parameter one: 'Darbo priemonės 1 parametras 1'.
2025-06-18 14:29:04 [main] DEBUG l.i.u.t.SubmittedApplicationsPageTest - Selected tool parameter two: 'Darbo priemonės 1 parametras 2'.
2025-06-18 14:29:04 [main] DEBUG l.i.u.t.SubmittedApplicationsPageTest - Selected tool parameter three: 'Darbo priemonės 1 parametras 3'.
2025-06-18 14:29:04 [main] DEBUG l.i.u.t.SubmittedApplicationsPageTest - Entered tool count: '1'.
2025-06-18 14:29:05 [main] DEBUG l.i.u.t.SubmittedApplicationsPageTest - Entered price amount: '1000'.
2025-06-18 14:29:05 [main] DEBUG l.i.u.t.SubmittedApplicationsPageTest - Entered own funds amount: '800'.
2025-06-18 14:29:07 [main] DEBUG l.i.u.t.SubmittedApplicationsPageTest - Clicked 'Add' button.
2025-06-18 14:29:07 [main] INFO  l.i.u.p.SubmittedApplicationsPage - Located the dropdown button.
2025-06-18 14:29:07 [main] INFO  l.i.u.p.SubmittedApplicationsPage - Successfully selected the value: 'Aplinkos pritaikymui'
2025-06-18 14:29:38 [main] ERROR l.i.u.p.SubmittedApplicationsPage - Timeout while waiting for dropdown to close with aria-expanded = 'false'.
2025-06-18 14:29:38 [main] DEBUG l.i.u.t.SubmittedApplicationsPageTest - Selected adaptable job name: 'Aplinkos pritaikymui'.
2025-06-18 14:29:38 [main] DEBUG l.i.u.p.SubmittedApplicationsPage - Located and clicked the dropdown button 'Reikalinga'.
2025-06-18 14:29:38 [main] INFO  l.i.u.p.SubmittedApplicationsPage - Successfully selected the value: 'Remontuoti'
2025-06-18 14:29:49 [main] DEBUG l.i.u.t.SubmittedApplicationsPageTest - Selected necessary for job: 'Remontuoti'.
2025-06-18 14:29:49 [main] DEBUG l.i.u.t.SubmittedApplicationsPageTest - Selected tool: 'Darbo priemonė 2 remontui'.
2025-06-18 14:29:49 [main] DEBUG l.i.u.t.SubmittedApplicationsPageTest - Entered work information: 'Remonto darbai 1'.
2025-06-18 14:29:49 [main] DEBUG l.i.u.t.SubmittedApplicationsPageTest - Entered tool count: '2'.
2025-06-18 14:29:49 [main] DEBUG l.i.u.t.SubmittedApplicationsPageTest - Entered price amount: '1000'.
2025-06-18 14:29:50 [main] DEBUG l.i.u.t.SubmittedApplicationsPageTest - Entered own funds amount: '900'.
2025-06-18 14:29:52 [main] DEBUG l.i.u.t.SubmittedApplicationsPageTest - Clicked 'AddRemoved' button.
2025-06-18 14:29:54 [main] DEBUG l.i.u.t.SubmittedApplicationsPageTest - Clicked 'Remove' button.
2025-06-18 14:29:56 [main] DEBUG l.i.u.t.SubmittedApplicationsPageTest - Clicked 'Remove Confirmation' button.
2025-06-18 14:29:59 [main] DEBUG l.i.u.t.SubmittedApplicationsPageTest - Selected 'De Minimis' radio button.
2025-06-18 14:29:59 [main] DEBUG l.i.u.t.SubmittedApplicationsPageTest - Entered program name: 'Programa 1'.
2025-06-18 14:29:59 [main] DEBUG l.i.u.t.SubmittedApplicationsPageTest - Entered project date from.
2025-06-18 14:29:59 [main] DEBUG l.i.u.t.SubmittedApplicationsPageTest - Entered project date until.
2025-06-18 14:29:59 [main] DEBUG l.i.u.t.SubmittedApplicationsPageTest - Entered support amount: '2000'.
2025-06-18 14:29:59 [main] DEBUG l.i.u.t.SubmittedApplicationsPageTest - Clicked 'Next' button.
2025-06-18 14:30:09 [main] DEBUG l.i.u.t.SubmittedApplicationsPageTest - Checked 'Legal Entities' checkbox 1.
2025-06-18 14:30:19 [main] DEBUG l.i.u.t.SubmittedApplicationsPageTest - Checked 'Legal Entities' checkbox 2.
2025-06-18 14:30:30 [main] DEBUG l.i.u.t.SubmittedApplicationsPageTest - Checked 'Legal Entities' checkbox 3.
2025-06-18 14:30:30 [main] DEBUG l.i.u.t.SubmittedApplicationsPageTest - Test finished: All 'Legal Entities' checkboxes checked successfully.
2025-06-18 14:30:30 [main] DEBUG l.i.u.t.SubmittedApplicationsPageTest - Clicked 'Next' button after checkboxes.
2025-06-18 14:30:40 [main] ERROR l.i.u.p.SubmittedApplicationsPage - Error selecting radio button: Expected condition failed: waiting for element to be clickable: By.xpath: (//input[@type='radio' and @value='false'])[8] (tried for 10 second(s) with 500 milliseconds interval)
Build info: version: '4.27.0', revision: 'd6e718d134'
System info: os.name: 'Windows 11', os.arch: 'amd64', os.version: '10.0', java.version: '21.0.3'
Driver info: org.openqa.selenium.chrome.ChromeDriver
Capabilities {acceptInsecureCerts: false, browserName: chrome, browserVersion: 137.0.7151.119, chrome: {chromedriverVersion: 137.0.7151.119 (e0ac9d12dff..., userDataDir: C:\Users\INGRID~1.ZAD\AppDa...}, fedcm:accounts: true, goog:chromeOptions: {debuggerAddress: localhost:60460}, networkConnectionEnabled: false, pageLoadStrategy: normal, platformName: windows, proxy: Proxy(), se:cdp: ws://localhost:60460/devtoo..., se:cdpVersion: 137.0.7151.119, setWindowRect: true, strictFileInteractability: false, timeouts: {implicit: 0, pageLoad: 300000, script: 30000}, unhandledPromptBehavior: dismiss and notify, webauthn:extension:credBlob: true, webauthn:extension:largeBlob: true, webauthn:extension:minPinLength: true, webauthn:extension:prf: true, webauthn:virtualAuthenticators: true}
Session ID: 1bffc42d4ded1f0fff1168e796bfacc4
2025-06-18 14:30:40 [main] INFO  l.i.u.t.SubmittedApplicationsPageTest - Marking 'Ne' radio button 1
2025-06-18 14:30:50 [main] ERROR l.i.u.p.SubmittedApplicationsPage - Error selecting radio button: Expected condition failed: waiting for element to be clickable: By.xpath: (//input[@type='radio' and @value='false'])[9] (tried for 10 second(s) with 500 milliseconds interval)
Build info: version: '4.27.0', revision: 'd6e718d134'
System info: os.name: 'Windows 11', os.arch: 'amd64', os.version: '10.0', java.version: '21.0.3'
Driver info: org.openqa.selenium.chrome.ChromeDriver
Capabilities {acceptInsecureCerts: false, browserName: chrome, browserVersion: 137.0.7151.119, chrome: {chromedriverVersion: 137.0.7151.119 (e0ac9d12dff..., userDataDir: C:\Users\INGRID~1.ZAD\AppDa...}, fedcm:accounts: true, goog:chromeOptions: {debuggerAddress: localhost:60460}, networkConnectionEnabled: false, pageLoadStrategy: normal, platformName: windows, proxy: Proxy(), se:cdp: ws://localhost:60460/devtoo..., se:cdpVersion: 137.0.7151.119, setWindowRect: true, strictFileInteractability: false, timeouts: {implicit: 0, pageLoad: 300000, script: 30000}, unhandledPromptBehavior: dismiss and notify, webauthn:extension:credBlob: true, webauthn:extension:largeBlob: true, webauthn:extension:minPinLength: true, webauthn:extension:prf: true, webauthn:virtualAuthenticators: true}
Session ID: 1bffc42d4ded1f0fff1168e796bfacc4
2025-06-18 14:30:50 [main] INFO  l.i.u.t.SubmittedApplicationsPageTest - Marking 'Ne' radio button 2
2025-06-18 14:31:00 [main] ERROR l.i.u.p.SubmittedApplicationsPage - Error selecting radio button: Expected condition failed: waiting for element to be clickable: By.xpath: (//input[@type='radio' and @value='false'])[10] (tried for 10 second(s) with 500 milliseconds interval)
Build info: version: '4.27.0', revision: 'd6e718d134'
System info: os.name: 'Windows 11', os.arch: 'amd64', os.version: '10.0', java.version: '21.0.3'
Driver info: org.openqa.selenium.chrome.ChromeDriver
Capabilities {acceptInsecureCerts: false, browserName: chrome, browserVersion: 137.0.7151.119, chrome: {chromedriverVersion: 137.0.7151.119 (e0ac9d12dff..., userDataDir: C:\Users\INGRID~1.ZAD\AppDa...}, fedcm:accounts: true, goog:chromeOptions: {debuggerAddress: localhost:60460}, networkConnectionEnabled: false, pageLoadStrategy: normal, platformName: windows, proxy: Proxy(), se:cdp: ws://localhost:60460/devtoo..., se:cdpVersion: 137.0.7151.119, setWindowRect: true, strictFileInteractability: false, timeouts: {implicit: 0, pageLoad: 300000, script: 30000}, unhandledPromptBehavior: dismiss and notify, webauthn:extension:credBlob: true, webauthn:extension:largeBlob: true, webauthn:extension:minPinLength: true, webauthn:extension:prf: true, webauthn:virtualAuthenticators: true}
Session ID: 1bffc42d4ded1f0fff1168e796bfacc4
2025-06-18 14:31:00 [main] INFO  l.i.u.t.SubmittedApplicationsPageTest - Marking 'Ne' radio button 3
2025-06-18 14:31:10 [main] ERROR l.i.u.p.SubmittedApplicationsPage - Error selecting radio button: Expected condition failed: waiting for element to be clickable: By.xpath: (//input[@type='radio' and @value='false'])[11] (tried for 10 second(s) with 500 milliseconds interval)
Build info: version: '4.27.0', revision: 'd6e718d134'
System info: os.name: 'Windows 11', os.arch: 'amd64', os.version: '10.0', java.version: '21.0.3'
Driver info: org.openqa.selenium.chrome.ChromeDriver
Capabilities {acceptInsecureCerts: false, browserName: chrome, browserVersion: 137.0.7151.119, chrome: {chromedriverVersion: 137.0.7151.119 (e0ac9d12dff..., userDataDir: C:\Users\INGRID~1.ZAD\AppDa...}, fedcm:accounts: true, goog:chromeOptions: {debuggerAddress: localhost:60460}, networkConnectionEnabled: false, pageLoadStrategy: normal, platformName: windows, proxy: Proxy(), se:cdp: ws://localhost:60460/devtoo..., se:cdpVersion: 137.0.7151.119, setWindowRect: true, strictFileInteractability: false, timeouts: {implicit: 0, pageLoad: 300000, script: 30000}, unhandledPromptBehavior: dismiss and notify, webauthn:extension:credBlob: true, webauthn:extension:largeBlob: true, webauthn:extension:minPinLength: true, webauthn:extension:prf: true, webauthn:virtualAuthenticators: true}
Session ID: 1bffc42d4ded1f0fff1168e796bfacc4
2025-06-18 14:31:10 [main] INFO  l.i.u.t.SubmittedApplicationsPageTest - Marking 'Ne' radio button 4
2025-06-18 14:31:20 [main] ERROR l.i.u.p.SubmittedApplicationsPage - Error selecting radio button: Expected condition failed: waiting for element to be clickable: By.xpath: (//input[@type='radio' and @value='false'])[12] (tried for 10 second(s) with 500 milliseconds interval)
Build info: version: '4.27.0', revision: 'd6e718d134'
System info: os.name: 'Windows 11', os.arch: 'amd64', os.version: '10.0', java.version: '21.0.3'
Driver info: org.openqa.selenium.chrome.ChromeDriver
Capabilities {acceptInsecureCerts: false, browserName: chrome, browserVersion: 137.0.7151.119, chrome: {chromedriverVersion: 137.0.7151.119 (e0ac9d12dff..., userDataDir: C:\Users\INGRID~1.ZAD\AppDa...}, fedcm:accounts: true, goog:chromeOptions: {debuggerAddress: localhost:60460}, networkConnectionEnabled: false, pageLoadStrategy: normal, platformName: windows, proxy: Proxy(), se:cdp: ws://localhost:60460/devtoo..., se:cdpVersion: 137.0.7151.119, setWindowRect: true, strictFileInteractability: false, timeouts: {implicit: 0, pageLoad: 300000, script: 30000}, unhandledPromptBehavior: dismiss and notify, webauthn:extension:credBlob: true, webauthn:extension:largeBlob: true, webauthn:extension:minPinLength: true, webauthn:extension:prf: true, webauthn:virtualAuthenticators: true}
Session ID: 1bffc42d4ded1f0fff1168e796bfacc4
2025-06-18 14:31:20 [main] INFO  l.i.u.t.SubmittedApplicationsPageTest - Marking 'Ne' radio button 5
2025-06-18 14:31:30 [main] ERROR l.i.u.p.SubmittedApplicationsPage - Error selecting radio button: Expected condition failed: waiting for element to be clickable: By.xpath: (//input[@type='radio' and @value='false'])[13] (tried for 10 second(s) with 500 milliseconds interval)
Build info: version: '4.27.0', revision: 'd6e718d134'
System info: os.name: 'Windows 11', os.arch: 'amd64', os.version: '10.0', java.version: '21.0.3'
Driver info: org.openqa.selenium.chrome.ChromeDriver
Capabilities {acceptInsecureCerts: false, browserName: chrome, browserVersion: 137.0.7151.119, chrome: {chromedriverVersion: 137.0.7151.119 (e0ac9d12dff..., userDataDir: C:\Users\INGRID~1.ZAD\AppDa...}, fedcm:accounts: true, goog:chromeOptions: {debuggerAddress: localhost:60460}, networkConnectionEnabled: false, pageLoadStrategy: normal, platformName: windows, proxy: Proxy(), se:cdp: ws://localhost:60460/devtoo..., se:cdpVersion: 137.0.7151.119, setWindowRect: true, strictFileInteractability: false, timeouts: {implicit: 0, pageLoad: 300000, script: 30000}, unhandledPromptBehavior: dismiss and notify, webauthn:extension:credBlob: true, webauthn:extension:largeBlob: true, webauthn:extension:minPinLength: true, webauthn:extension:prf: true, webauthn:virtualAuthenticators: true}
Session ID: 1bffc42d4ded1f0fff1168e796bfacc4
2025-06-18 14:31:31 [main] INFO  l.i.u.t.SubmittedApplicationsPageTest - Marking 'Ne' radio button 6
2025-06-18 14:31:41 [main] ERROR l.i.u.p.SubmittedApplicationsPage - Error selecting radio button: Expected condition failed: waiting for element to be clickable: By.xpath: (//input[@type='radio' and @value='true'])[14] (tried for 10 second(s) with 500 milliseconds interval)
Build info: version: '4.27.0', revision: 'd6e718d134'
System info: os.name: 'Windows 11', os.arch: 'amd64', os.version: '10.0', java.version: '21.0.3'
Driver info: org.openqa.selenium.chrome.ChromeDriver
Capabilities {acceptInsecureCerts: false, browserName: chrome, browserVersion: 137.0.7151.119, chrome: {chromedriverVersion: 137.0.7151.119 (e0ac9d12dff..., userDataDir: C:\Users\INGRID~1.ZAD\AppDa...}, fedcm:accounts: true, goog:chromeOptions: {debuggerAddress: localhost:60460}, networkConnectionEnabled: false, pageLoadStrategy: normal, platformName: windows, proxy: Proxy(), se:cdp: ws://localhost:60460/devtoo..., se:cdpVersion: 137.0.7151.119, setWindowRect: true, strictFileInteractability: false, timeouts: {implicit: 0, pageLoad: 300000, script: 30000}, unhandledPromptBehavior: dismiss and notify, webauthn:extension:credBlob: true, webauthn:extension:largeBlob: true, webauthn:extension:minPinLength: true, webauthn:extension:prf: true, webauthn:virtualAuthenticators: true}
Session ID: 1bffc42d4ded1f0fff1168e796bfacc4
2025-06-18 14:31:41 [main] INFO  l.i.u.t.SubmittedApplicationsPageTest - Marking 'Taip' radio button 7
2025-06-18 14:31:51 [main] ERROR l.i.u.p.SubmittedApplicationsPage - Error selecting radio button: Expected condition failed: waiting for element to be clickable: By.xpath: (//input[@type='radio' and @value='true'])[15] (tried for 10 second(s) with 500 milliseconds interval)
Build info: version: '4.27.0', revision: 'd6e718d134'
System info: os.name: 'Windows 11', os.arch: 'amd64', os.version: '10.0', java.version: '21.0.3'
Driver info: org.openqa.selenium.chrome.ChromeDriver
Capabilities {acceptInsecureCerts: false, browserName: chrome, browserVersion: 137.0.7151.119, chrome: {chromedriverVersion: 137.0.7151.119 (e0ac9d12dff..., userDataDir: C:\Users\INGRID~1.ZAD\AppDa...}, fedcm:accounts: true, goog:chromeOptions: {debuggerAddress: localhost:60460}, networkConnectionEnabled: false, pageLoadStrategy: normal, platformName: windows, proxy: Proxy(), se:cdp: ws://localhost:60460/devtoo..., se:cdpVersion: 137.0.7151.119, setWindowRect: true, strictFileInteractability: false, timeouts: {implicit: 0, pageLoad: 300000, script: 30000}, unhandledPromptBehavior: dismiss and notify, webauthn:extension:credBlob: true, webauthn:extension:largeBlob: true, webauthn:extension:minPinLength: true, webauthn:extension:prf: true, webauthn:virtualAuthenticators: true}
Session ID: 1bffc42d4ded1f0fff1168e796bfacc4
2025-06-18 14:31:51 [main] INFO  l.i.u.t.SubmittedApplicationsPageTest - Marking 'Taip' radio button 8
2025-06-18 14:32:01 [main] ERROR l.i.u.p.SubmittedApplicationsPage - Error selecting radio button: Expected condition failed: waiting for element to be clickable: By.xpath: (//input[@type='radio' and @value='true'])[16] (tried for 10 second(s) with 500 milliseconds interval)
Build info: version: '4.27.0', revision: 'd6e718d134'
System info: os.name: 'Windows 11', os.arch: 'amd64', os.version: '10.0', java.version: '21.0.3'
Driver info: org.openqa.selenium.chrome.ChromeDriver
Capabilities {acceptInsecureCerts: false, browserName: chrome, browserVersion: 137.0.7151.119, chrome: {chromedriverVersion: 137.0.7151.119 (e0ac9d12dff..., userDataDir: C:\Users\INGRID~1.ZAD\AppDa...}, fedcm:accounts: true, goog:chromeOptions: {debuggerAddress: localhost:60460}, networkConnectionEnabled: false, pageLoadStrategy: normal, platformName: windows, proxy: Proxy(), se:cdp: ws://localhost:60460/devtoo..., se:cdpVersion: 137.0.7151.119, setWindowRect: true, strictFileInteractability: false, timeouts: {implicit: 0, pageLoad: 300000, script: 30000}, unhandledPromptBehavior: dismiss and notify, webauthn:extension:credBlob: true, webauthn:extension:largeBlob: true, webauthn:extension:minPinLength: true, webauthn:extension:prf: true, webauthn:virtualAuthenticators: true}
Session ID: 1bffc42d4ded1f0fff1168e796bfacc4
2025-06-18 14:32:01 [main] INFO  l.i.u.t.SubmittedApplicationsPageTest - Marking 'Taip' radio button 9
2025-06-18 14:32:11 [main] ERROR l.i.u.p.SubmittedApplicationsPage - Error selecting radio button: Expected condition failed: waiting for element to be clickable: By.xpath: (//input[@type='radio' and @value='true'])[17] (tried for 10 second(s) with 500 milliseconds interval)
Build info: version: '4.27.0', revision: 'd6e718d134'
System info: os.name: 'Windows 11', os.arch: 'amd64', os.version: '10.0', java.version: '21.0.3'
Driver info: org.openqa.selenium.chrome.ChromeDriver
Capabilities {acceptInsecureCerts: false, browserName: chrome, browserVersion: 137.0.7151.119, chrome: {chromedriverVersion: 137.0.7151.119 (e0ac9d12dff..., userDataDir: C:\Users\INGRID~1.ZAD\AppDa...}, fedcm:accounts: true, goog:chromeOptions: {debuggerAddress: localhost:60460}, networkConnectionEnabled: false, pageLoadStrategy: normal, platformName: windows, proxy: Proxy(), se:cdp: ws://localhost:60460/devtoo..., se:cdpVersion: 137.0.7151.119, setWindowRect: true, strictFileInteractability: false, timeouts: {implicit: 0, pageLoad: 300000, script: 30000}, unhandledPromptBehavior: dismiss and notify, webauthn:extension:credBlob: true, webauthn:extension:largeBlob: true, webauthn:extension:minPinLength: true, webauthn:extension:prf: true, webauthn:virtualAuthenticators: true}
Session ID: 1bffc42d4ded1f0fff1168e796bfacc4
2025-06-18 14:32:11 [main] INFO  l.i.u.t.SubmittedApplicationsPageTest - Marking 'Taip' radio button 10
2025-06-18 14:32:21 [main] ERROR l.i.u.p.SubmittedApplicationsPage - Error selecting radio button: Expected condition failed: waiting for element to be clickable: By.xpath: (//input[@type='radio' and @value='true'])[18] (tried for 10 second(s) with 500 milliseconds interval)
Build info: version: '4.27.0', revision: 'd6e718d134'
System info: os.name: 'Windows 11', os.arch: 'amd64', os.version: '10.0', java.version: '21.0.3'
Driver info: org.openqa.selenium.chrome.ChromeDriver
Capabilities {acceptInsecureCerts: false, browserName: chrome, browserVersion: 137.0.7151.119, chrome: {chromedriverVersion: 137.0.7151.119 (e0ac9d12dff..., userDataDir: C:\Users\INGRID~1.ZAD\AppDa...}, fedcm:accounts: true, goog:chromeOptions: {debuggerAddress: localhost:60460}, networkConnectionEnabled: false, pageLoadStrategy: normal, platformName: windows, proxy: Proxy(), se:cdp: ws://localhost:60460/devtoo..., se:cdpVersion: 137.0.7151.119, setWindowRect: true, strictFileInteractability: false, timeouts: {implicit: 0, pageLoad: 300000, script: 30000}, unhandledPromptBehavior: dismiss and notify, webauthn:extension:credBlob: true, webauthn:extension:largeBlob: true, webauthn:extension:minPinLength: true, webauthn:extension:prf: true, webauthn:virtualAuthenticators: true}
Session ID: 1bffc42d4ded1f0fff1168e796bfacc4
2025-06-18 14:32:21 [main] INFO  l.i.u.t.SubmittedApplicationsPageTest - Marking 'Taip' radio button 11
2025-06-18 14:32:31 [main] ERROR l.i.u.p.SubmittedApplicationsPage - Error selecting radio button: Expected condition failed: waiting for element to be clickable: By.xpath: (//input[@type='radio' and @value='true'])[19] (tried for 10 second(s) with 500 milliseconds interval)
Build info: version: '4.27.0', revision: 'd6e718d134'
System info: os.name: 'Windows 11', os.arch: 'amd64', os.version: '10.0', java.version: '21.0.3'
Driver info: org.openqa.selenium.chrome.ChromeDriver
Capabilities {acceptInsecureCerts: false, browserName: chrome, browserVersion: 137.0.7151.119, chrome: {chromedriverVersion: 137.0.7151.119 (e0ac9d12dff..., userDataDir: C:\Users\INGRID~1.ZAD\AppDa...}, fedcm:accounts: true, goog:chromeOptions: {debuggerAddress: localhost:60460}, networkConnectionEnabled: false, pageLoadStrategy: normal, platformName: windows, proxy: Proxy(), se:cdp: ws://localhost:60460/devtoo..., se:cdpVersion: 137.0.7151.119, setWindowRect: true, strictFileInteractability: false, timeouts: {implicit: 0, pageLoad: 300000, script: 30000}, unhandledPromptBehavior: dismiss and notify, webauthn:extension:credBlob: true, webauthn:extension:largeBlob: true, webauthn:extension:minPinLength: true, webauthn:extension:prf: true, webauthn:virtualAuthenticators: true}
Session ID: 1bffc42d4ded1f0fff1168e796bfacc4
2025-06-18 14:32:31 [main] INFO  l.i.u.t.SubmittedApplicationsPageTest - Marking 'Taip' radio button 12
2025-06-18 14:32:42 [main] DEBUG l.i.u.t.SubmittedApplicationsPageTest - Checked 'ConfirmationStepFour'
2025-06-18 14:32:42 [main] DEBUG l.i.u.t.SubmittedApplicationsPageTest - Clicked 'Next' button after checkboxes.
2025-06-18 14:32:42 [main] INFO  l.i.u.p.SubmittedApplicationsPage - File uploaded successfully to an input element.
2025-06-18 14:32:42 [main] INFO  l.i.u.p.SubmittedApplicationsPage - File uploaded successfully to an input element.
2025-06-18 14:32:42 [main] INFO  l.i.u.p.SubmittedApplicationsPage - File uploaded successfully to an input element.
2025-06-18 14:32:42 [main] INFO  l.i.u.p.SubmittedApplicationsPage - File uploaded successfully to an input element.
2025-06-18 14:32:42 [main] INFO  l.i.u.p.SubmittedApplicationsPage - File uploaded successfully to an input element.
2025-06-18 14:32:42 [main] INFO  l.i.u.p.SubmittedApplicationsPage - File uploaded successfully to an input element.
2025-06-18 14:32:42 [main] INFO  l.i.u.p.SubmittedApplicationsPage - File uploaded successfully to an input element.
2025-06-18 14:32:42 [main] INFO  l.i.u.p.SubmittedApplicationsPage - File uploaded successfully to an input element.
2025-06-18 14:32:42 [main] DEBUG l.i.u.t.SubmittedApplicationsPageTest - Entered program name: 'Dokumentas 1'.
2025-06-18 14:32:43 [main] DEBUG l.i.u.t.SubmittedApplicationsPageTest - Entered program name: 'Dokumentas 2'.
2025-06-18 14:32:43 [main] DEBUG l.i.u.t.SubmittedApplicationsPageTest - Entered program name: 'Dokumentas 3'.
2025-06-18 14:32:43 [main] DEBUG l.i.u.t.SubmittedApplicationsPageTest - Entered program name: 'Dokumentas 4'.
2025-06-18 14:32:43 [main] DEBUG l.i.u.t.SubmittedApplicationsPageTest - Entered program name: 'Dokumentas 5'.
2025-06-18 14:32:43 [main] DEBUG l.i.u.t.SubmittedApplicationsPageTest - Entered program name: 'Dokumentas 6'.
2025-06-18 14:32:43 [main] DEBUG l.i.u.t.SubmittedApplicationsPageTest - Entered program name: 'Dokumentas 4'.
2025-06-18 14:32:43 [main] DEBUG l.i.u.t.SubmittedApplicationsPageTest - Entered program name: 'Dokumentas 8'.
2025-06-18 14:32:54 [main] DEBUG l.i.u.t.SubmittedApplicationsPageTest - Checked 'ConfirmationDocument'
2025-06-18 14:33:04 [main] DEBUG l.i.u.t.SubmittedApplicationsPageTest - Checked 'ConfirmationApplication'
2025-06-18 14:33:04 [main] DEBUG l.i.u.t.SubmittedApplicationsPageTest - Clicked 'Review' button after checkboxes.
2025-06-18 14:33:04 [main] DEBUG l.i.u.t.SubmittedApplicationsPageTest - Clicked 'SaveDraft' button after checkboxes.
2025-06-18 14:33:04 [main] DEBUG l.i.uztis.pages.ApplicationFormsPage - Verified success message: 'Ruošinys sėkmingai išsaugotas.'
2025-06-18 14:33:04 [main] ERROR l.i.uztis.pages.ApplicationFormsPage - Failed to verify the success message: 'Paraiška sėkmingai pateikta ir užregistruota.'. Available messages: [Ruošinys sėkmingai išsaugotas.]
2025-06-18 14:33:04 [main] INFO  l.i.u.t.SubmittedApplicationsPageTest - Verified success message
2025-06-18 14:33:04 [main] INFO  l.i.u.t.SubmittedApplicationsPageTest - Test 'testFillNewDVPApplicationFA' completed successfully.
2025-06-18 14:33:33 [main] INFO  lt.insoft.uztis.tests.UztisPageTest - Navigated to https://uztisdev.asseco.lt/home
2025-06-18 14:33:33 [main] INFO  l.i.u.t.SubmittedApplicationsPageTest - Starting test:'testFillNewDVPApplicationFA'
2025-06-18 14:33:33 [main] INFO  l.insoft.uztis.tests.utils.TestUtils - Login attempt with user: evaluation_chief
2025-06-18 14:33:33 [main] DEBUG l.i.u.t.SubmittedApplicationsPageTest - User logged in with test credentials
2025-06-18 14:33:34 [main] DEBUG l.i.u.t.SubmittedApplicationsPageTest - Opened 'Application Processing' menu.
2025-06-18 14:33:34 [main] DEBUG l.i.u.t.SubmittedApplicationsPageTest - Clicked on 'Application Forms' menu.
2025-06-18 14:33:35 [main] DEBUG l.i.u.t.SubmittedApplicationsPageTest - Retrieved last description code text: 'TST-DVP-41'.
2025-06-18 14:33:35 [main] DEBUG l.i.u.t.SubmittedApplicationsPageTest - Clicked on 'Invitation' menu.
2025-06-18 14:33:37 [main] DEBUG l.i.u.t.SubmittedApplicationsPageTest - Selected application section by code: 'TST-DVP-41'.
2025-06-18 14:33:37 [main] DEBUG l.i.u.t.SubmittedApplicationsPageTest - Clicked 'Search' button.
2025-06-18 14:33:37 [main] DEBUG l.i.u.t.SubmittedApplicationsPageTest - Retrieved invitation code: ''.
2025-06-18 14:33:37 [main] DEBUG l.i.u.t.SubmittedApplicationsPageTest - Clicked on 'Submitted Applications' menu.
2025-06-18 14:33:38 [main] DEBUG l.i.u.t.SubmittedApplicationsPageTest - Selected invitation by code: 'TST-DVP-41'.
2025-06-18 14:33:38 [main] DEBUG l.i.u.t.SubmittedApplicationsPageTest - Invitation code inserted.
2025-06-18 14:33:38 [main] DEBUG l.i.u.t.SubmittedApplicationsPageTest - Clicked on 'Action Application' button.
2025-06-18 14:33:39 [main] DEBUG l.i.u.t.SubmittedApplicationsPageTest - Clicked on 'New Application' button.
2025-06-18 14:33:39 [main] DEBUG l.i.u.t.SubmittedApplicationsPageTest - Selected the 'RadioButtonFA' option.
2025-06-18 14:33:39 [main] DEBUG l.i.u.t.SubmittedApplicationsPageTest - Entered phone number: '61298745'.
2025-06-18 14:33:40 [main] DEBUG l.i.u.t.SubmittedApplicationsPageTest - Entered email: 'test@autotest.com'.
2025-06-18 14:33:40 [main] DEBUG l.i.u.t.SubmittedApplicationsPageTest - Checked 'For workplace adaptation' checkbox 1.
2025-06-18 14:33:40 [main] DEBUG l.i.u.t.SubmittedApplicationsPageTest - Checked 'For environmental adaptation' checkbox 2.
2025-06-18 14:33:40 [main] INFO  l.i.u.p.SubmittedApplicationsPage - Located the dropdown button.
2025-06-18 14:34:00 [main] INFO  l.i.u.p.SubmittedApplicationsPage - Found 1741 options in the dropdown.
2025-06-18 14:34:00 [main] INFO  l.i.u.p.SubmittedApplicationsPage - Successfully selected the value: '01.11 - Grūdinių (išskyrus ryžius), ankštinių ir aliejingų sėklų augalų auginimas'
2025-06-18 14:34:11 [main] ERROR l.i.u.p.SubmittedApplicationsPage - Failed to close the dropdown with aria-expanded = 'false'. Attempting manual close.
2025-06-18 14:34:11 [main] INFO  l.i.u.p.SubmittedApplicationsPage - Manual close attempt for the dropdown using body click.
2025-06-18 14:34:11 [main] DEBUG l.i.u.t.SubmittedApplicationsPageTest - Selected EVRK value: '01.11 - Grūdinių (išskyrus ryžius), ankštinių ir aliejingų sėklų augalų auginimas'.
2025-06-18 14:34:11 [main] DEBUG l.i.u.t.SubmittedApplicationsPageTest - Clicked on 'Address Component' button.
2025-06-18 14:34:11 [main] INFO  l.i.u.p.SubmittedApplicationsPage - Located the dropdown button.
2025-06-18 14:34:14 [main] INFO  l.i.u.p.SubmittedApplicationsPage - Successfully selected the value: 'Lietuva'
2025-06-18 14:34:14 [main] DEBUG l.i.u.t.SubmittedApplicationsPageTest - Selected country: 'Lietuva'.
2025-06-18 14:34:14 [main] INFO  l.i.u.p.SubmittedApplicationsPage - Located the dropdown search field.
2025-06-18 14:34:14 [main] INFO  l.i.u.p.SubmittedApplicationsPage - Dropdown city is opened.
2025-06-18 14:34:14 [main] INFO  l.i.u.p.SubmittedApplicationsPage - Searched for value: 'Vilnius'
2025-06-18 14:34:15 [main] INFO  l.i.u.p.SubmittedApplicationsPage - Successfully selected: 'Vilnius'
2025-06-18 14:34:15 [main] INFO  l.i.u.p.SubmittedApplicationsPage - Located the dropdown button.
2025-06-18 14:34:16 [main] INFO  l.i.u.p.SubmittedApplicationsPage - Successfully selected the value: 'A. Domaševičiaus g.'
2025-06-18 14:34:16 [main] DEBUG l.i.u.t.SubmittedApplicationsPageTest - Selected street: 'A. Domaševičiaus g.'.
2025-06-18 14:34:16 [main] INFO  l.i.u.p.SubmittedApplicationsPage - Located the dropdown button.
2025-06-18 14:34:16 [main] INFO  l.i.u.p.SubmittedApplicationsPage - Successfully selected the value: '1'
2025-06-18 14:34:16 [main] DEBUG l.i.u.t.SubmittedApplicationsPageTest - Selected house: '1'.
2025-06-18 14:34:16 [main] INFO  l.i.u.p.SubmittedApplicationsPage - Located the dropdown button.
2025-06-18 14:34:16 [main] INFO  l.i.u.p.SubmittedApplicationsPage - Successfully selected the value: '1'
2025-06-18 14:34:16 [main] DEBUG l.i.u.t.SubmittedApplicationsPageTest - Selected apartment: '1'.
2025-06-18 14:34:16 [main] DEBUG l.i.u.t.SubmittedApplicationsPageTest - Clicked 'Confirm' button.
2025-06-18 14:34:17 [main] DEBUG l.i.u.t.SubmittedApplicationsPageTest - Selected 'For already working' option.
2025-06-18 14:34:17 [main] DEBUG l.i.u.t.SubmittedApplicationsPageTest - Selected 'For new working' option.
2025-06-18 14:34:17 [main] DEBUG l.i.u.t.SubmittedApplicationsPageTest - Entered person count2: '1'.
2025-06-18 14:34:17 [main] DEBUG l.i.u.t.SubmittedApplicationsPageTest - Clicked 'Next' button after checkboxes.
2025-06-18 14:34:17 [main] INFO  l.i.u.p.SubmittedApplicationsPage - Located the dropdown button.
2025-06-18 14:34:18 [main] INFO  l.i.u.p.SubmittedApplicationsPage - Successfully selected the value: 'Administratoriai'
2025-06-18 14:34:18 [main] DEBUG l.i.u.t.SubmittedApplicationsPageTest - Selected adaptable job name: 'Administratoriai'.
2025-06-18 14:34:18 [main] DEBUG l.i.u.t.SubmittedApplicationsPageTest - Entered job date.
2025-06-18 14:34:18 [main] DEBUG l.i.u.t.SubmittedApplicationsPageTest - Entered job function: 'Funkcija 1'.
2025-06-18 14:34:19 [main] DEBUG l.i.u.t.SubmittedApplicationsPageTest - Selected 'For already working' 'no' option.
2025-06-18 14:34:19 [main] INFO  l.i.u.p.SubmittedApplicationsPage - Clicking on the dropdown button.
2025-06-18 14:34:19 [main] INFO  l.i.u.p.SubmittedApplicationsPage - Found 6 options in the dropdown.
2025-06-18 14:34:19 [main] DEBUG l.i.u.p.SubmittedApplicationsPage - Checking option: 'Lengvo neįgalumo lygis ar 45-55 procentų dalyvumo lygis (iki 2023 m. gruodžio 31 d. – 45-55 procentų darbingumo lygis)'
2025-06-18 14:34:19 [main] INFO  l.i.u.p.SubmittedApplicationsPage - Successfully selected the value: 'Lengvo neįgalumo lygis ar 45-55 procentų dalyvumo lygis (iki 2023 m. gruodžio 31 d. – 45-55 procentų darbingumo lygis)'
2025-06-18 14:34:19 [main] INFO  l.i.u.p.SubmittedApplicationsPage - Attempting to close the dropdown.
2025-06-18 14:34:20 [main] DEBUG l.i.u.t.SubmittedApplicationsPageTest - Selected disabilities type: 'Lengvo neįgalumo lygis ar 45-55 procentų dalyvumo lygis (iki 2023 m. gruodžio 31 d. – 45-55 procentų darbingumo lygis)'.
2025-06-18 14:34:20 [main] DEBUG l.i.u.t.SubmittedApplicationsPageTest - Entered disability information: 'Negalia 1'.
2025-06-18 14:34:20 [main] DEBUG l.i.u.t.SubmittedApplicationsPageTest - Entered qualification: 'Kvalifikacija 1'.
2025-06-18 14:34:20 [main] DEBUG l.i.u.t.SubmittedApplicationsPageTest - Entered job description: 'Darbo vietos aprašymas 1'.
2025-06-18 14:34:20 [main] DEBUG l.i.u.t.SubmittedApplicationsPageTest - Entered equipment description: 'Priemonių įsigyjimas 1'.
2025-06-18 14:34:21 [main] DEBUG l.i.u.t.SubmittedApplicationsPageTest - Entered work information: 'Darbai 1'.
2025-06-18 14:34:21 [main] INFO  l.i.u.p.SubmittedApplicationsPage - Located the dropdown button.
2025-06-18 14:34:21 [main] INFO  l.i.u.p.SubmittedApplicationsPage - Successfully selected the value: 'Kita'
2025-06-18 14:34:21 [main] DEBUG l.i.u.t.SubmittedApplicationsPageTest - Selected time mode: 'Kita'.
2025-06-18 14:34:21 [main] DEBUG l.i.u.t.SubmittedApplicationsPageTest - Selected time mode other: '6 val. per dieną ir 4 d. per savaitę'.
2025-06-18 14:34:22 [main] DEBUG l.i.u.t.SubmittedApplicationsPageTest - Entered salary amount: '1200'.
2025-06-18 14:34:22 [main] DEBUG l.i.u.t.SubmittedApplicationsPageTest - Entered salary description: 'Užmokestis 1'.
2025-06-18 14:34:22 [main] DEBUG l.i.u.t.SubmittedApplicationsPageTest - Selected 'Temporary Job' radio button.
2025-06-18 14:34:22 [main] DEBUG l.i.u.t.SubmittedApplicationsPageTest - Selected 'Season Job' radio button.
2025-06-18 14:34:22 [main] DEBUG l.i.u.t.SubmittedApplicationsPageTest - Selected 'PVM' radio button.
2025-06-18 14:34:22 [main] INFO  l.i.u.p.SubmittedApplicationsPage - Located the dropdown button.
2025-06-18 14:34:23 [main] INFO  l.i.u.p.SubmittedApplicationsPage - Successfully selected the value: 'Darbo vietos pritaikymui'
2025-06-18 14:34:53 [main] ERROR l.i.u.p.SubmittedApplicationsPage - Timeout while waiting for dropdown to close with aria-expanded = 'false'.
2025-06-18 14:34:53 [main] DEBUG l.i.u.t.SubmittedApplicationsPageTest - Selected adaptable job name: 'Darbo vietos pritaikymui'.
2025-06-18 14:34:53 [main] DEBUG l.i.u.p.SubmittedApplicationsPage - Located and clicked the dropdown button 'Reikalinga'.
2025-06-18 14:34:54 [main] INFO  l.i.u.p.SubmittedApplicationsPage - Successfully selected the value: 'Įsigyti'
2025-06-18 14:34:54 [main] DEBUG l.i.u.t.SubmittedApplicationsPageTest - Selected necessary for job: 'Įsigyti'.
2025-06-18 14:34:54 [main] DEBUG l.i.u.t.SubmittedApplicationsPageTest - Selected tool: 'Darbo priemonė 1'.
2025-06-18 14:34:54 [main] DEBUG l.i.u.t.SubmittedApplicationsPageTest - Selected tool parameter one: 'Darbo priemonės 1 parametras 1'.
2025-06-18 14:34:54 [main] DEBUG l.i.u.t.SubmittedApplicationsPageTest - Selected tool parameter two: 'Darbo priemonės 1 parametras 2'.
2025-06-18 14:34:54 [main] DEBUG l.i.u.t.SubmittedApplicationsPageTest - Selected tool parameter three: 'Darbo priemonės 1 parametras 3'.
2025-06-18 14:34:55 [main] DEBUG l.i.u.t.SubmittedApplicationsPageTest - Entered tool count: '1'.
2025-06-18 14:34:55 [main] DEBUG l.i.u.t.SubmittedApplicationsPageTest - Entered price amount: '1000'.
2025-06-18 14:34:55 [main] DEBUG l.i.u.t.SubmittedApplicationsPageTest - Entered own funds amount: '800'.
2025-06-18 14:34:57 [main] DEBUG l.i.u.t.SubmittedApplicationsPageTest - Clicked 'Add' button.
2025-06-18 14:34:57 [main] INFO  l.i.u.p.SubmittedApplicationsPage - Located the dropdown button.
2025-06-18 14:34:58 [main] INFO  l.i.u.p.SubmittedApplicationsPage - Successfully selected the value: 'Aplinkos pritaikymui'
2025-06-18 14:35:28 [main] ERROR l.i.u.p.SubmittedApplicationsPage - Timeout while waiting for dropdown to close with aria-expanded = 'false'.
2025-06-18 14:35:28 [main] DEBUG l.i.u.t.SubmittedApplicationsPageTest - Selected adaptable job name: 'Aplinkos pritaikymui'.
2025-06-18 14:35:28 [main] DEBUG l.i.u.p.SubmittedApplicationsPage - Located and clicked the dropdown button 'Reikalinga'.
2025-06-18 14:35:28 [main] INFO  l.i.u.p.SubmittedApplicationsPage - Successfully selected the value: 'Remontuoti'
2025-06-18 14:35:39 [main] DEBUG l.i.u.t.SubmittedApplicationsPageTest - Selected necessary for job: 'Remontuoti'.
2025-06-18 14:35:39 [main] DEBUG l.i.u.t.SubmittedApplicationsPageTest - Selected tool: 'Darbo priemonė 2 remontui'.
2025-06-18 14:35:39 [main] DEBUG l.i.u.t.SubmittedApplicationsPageTest - Entered work information: 'Remonto darbai 1'.
2025-06-18 14:35:39 [main] DEBUG l.i.u.t.SubmittedApplicationsPageTest - Entered tool count: '2'.
2025-06-18 14:35:40 [main] DEBUG l.i.u.t.SubmittedApplicationsPageTest - Entered price amount: '1000'.
2025-06-18 14:35:40 [main] DEBUG l.i.u.t.SubmittedApplicationsPageTest - Entered own funds amount: '900'.
2025-06-18 14:35:42 [main] DEBUG l.i.u.t.SubmittedApplicationsPageTest - Clicked 'AddRemoved' button.
2025-06-18 14:35:44 [main] DEBUG l.i.u.t.SubmittedApplicationsPageTest - Clicked 'Remove' button.
2025-06-18 14:35:46 [main] DEBUG l.i.u.t.SubmittedApplicationsPageTest - Clicked 'Remove Confirmation' button.
2025-06-18 14:35:49 [main] DEBUG l.i.u.t.SubmittedApplicationsPageTest - Selected 'De Minimis' radio button.
2025-06-18 14:35:49 [main] DEBUG l.i.u.t.SubmittedApplicationsPageTest - Entered program name: 'Programa 1'.
2025-06-18 14:35:49 [main] DEBUG l.i.u.t.SubmittedApplicationsPageTest - Entered project date from.
2025-06-18 14:35:49 [main] DEBUG l.i.u.t.SubmittedApplicationsPageTest - Entered project date until.
2025-06-18 14:35:49 [main] DEBUG l.i.u.t.SubmittedApplicationsPageTest - Entered support amount: '2000'.
2025-06-18 14:35:49 [main] DEBUG l.i.u.t.SubmittedApplicationsPageTest - Clicked 'Next' button.
2025-06-18 14:36:00 [main] DEBUG l.i.u.t.SubmittedApplicationsPageTest - Checked 'Legal Entities' checkbox 1.
2025-06-18 14:36:10 [main] DEBUG l.i.u.t.SubmittedApplicationsPageTest - Checked 'Legal Entities' checkbox 2.
2025-06-18 14:36:20 [main] DEBUG l.i.u.t.SubmittedApplicationsPageTest - Checked 'Legal Entities' checkbox 3.
2025-06-18 14:36:20 [main] DEBUG l.i.u.t.SubmittedApplicationsPageTest - Test finished: All 'Legal Entities' checkboxes checked successfully.
2025-06-18 14:36:20 [main] DEBUG l.i.u.t.SubmittedApplicationsPageTest - Clicked 'Next' button after checkboxes.
2025-06-18 14:36:30 [main] ERROR l.i.u.p.SubmittedApplicationsPage - Error selecting radio button: Expected condition failed: waiting for element to be clickable: By.xpath: (//input[@type='radio' and @value='false'])[8] (tried for 10 second(s) with 500 milliseconds interval)
Build info: version: '4.27.0', revision: 'd6e718d134'
System info: os.name: 'Windows 11', os.arch: 'amd64', os.version: '10.0', java.version: '21.0.3'
Driver info: org.openqa.selenium.chrome.ChromeDriver
Capabilities {acceptInsecureCerts: false, browserName: chrome, browserVersion: 137.0.7151.119, chrome: {chromedriverVersion: 137.0.7151.119 (e0ac9d12dff..., userDataDir: C:\Users\INGRID~1.ZAD\AppDa...}, fedcm:accounts: true, goog:chromeOptions: {debuggerAddress: localhost:60763}, networkConnectionEnabled: false, pageLoadStrategy: normal, platformName: windows, proxy: Proxy(), se:cdp: ws://localhost:60763/devtoo..., se:cdpVersion: 137.0.7151.119, setWindowRect: true, strictFileInteractability: false, timeouts: {implicit: 0, pageLoad: 300000, script: 30000}, unhandledPromptBehavior: dismiss and notify, webauthn:extension:credBlob: true, webauthn:extension:largeBlob: true, webauthn:extension:minPinLength: true, webauthn:extension:prf: true, webauthn:virtualAuthenticators: true}
Session ID: b5153c615bcf8685d7030298bdceb68a
2025-06-18 14:36:30 [main] INFO  l.i.u.t.SubmittedApplicationsPageTest - Marking 'Ne' radio button 1
2025-06-18 14:36:40 [main] ERROR l.i.u.p.SubmittedApplicationsPage - Error selecting radio button: Expected condition failed: waiting for element to be clickable: By.xpath: (//input[@type='radio' and @value='false'])[9] (tried for 10 second(s) with 500 milliseconds interval)
Build info: version: '4.27.0', revision: 'd6e718d134'
System info: os.name: 'Windows 11', os.arch: 'amd64', os.version: '10.0', java.version: '21.0.3'
Driver info: org.openqa.selenium.chrome.ChromeDriver
Capabilities {acceptInsecureCerts: false, browserName: chrome, browserVersion: 137.0.7151.119, chrome: {chromedriverVersion: 137.0.7151.119 (e0ac9d12dff..., userDataDir: C:\Users\INGRID~1.ZAD\AppDa...}, fedcm:accounts: true, goog:chromeOptions: {debuggerAddress: localhost:60763}, networkConnectionEnabled: false, pageLoadStrategy: normal, platformName: windows, proxy: Proxy(), se:cdp: ws://localhost:60763/devtoo..., se:cdpVersion: 137.0.7151.119, setWindowRect: true, strictFileInteractability: false, timeouts: {implicit: 0, pageLoad: 300000, script: 30000}, unhandledPromptBehavior: dismiss and notify, webauthn:extension:credBlob: true, webauthn:extension:largeBlob: true, webauthn:extension:minPinLength: true, webauthn:extension:prf: true, webauthn:virtualAuthenticators: true}
Session ID: b5153c615bcf8685d7030298bdceb68a
2025-06-18 14:36:40 [main] INFO  l.i.u.t.SubmittedApplicationsPageTest - Marking 'Ne' radio button 2
2025-06-18 14:36:50 [main] ERROR l.i.u.p.SubmittedApplicationsPage - Error selecting radio button: Expected condition failed: waiting for element to be clickable: By.xpath: (//input[@type='radio' and @value='false'])[10] (tried for 10 second(s) with 500 milliseconds interval)
Build info: version: '4.27.0', revision: 'd6e718d134'
System info: os.name: 'Windows 11', os.arch: 'amd64', os.version: '10.0', java.version: '21.0.3'
Driver info: org.openqa.selenium.chrome.ChromeDriver
Capabilities {acceptInsecureCerts: false, browserName: chrome, browserVersion: 137.0.7151.119, chrome: {chromedriverVersion: 137.0.7151.119 (e0ac9d12dff..., userDataDir: C:\Users\INGRID~1.ZAD\AppDa...}, fedcm:accounts: true, goog:chromeOptions: {debuggerAddress: localhost:60763}, networkConnectionEnabled: false, pageLoadStrategy: normal, platformName: windows, proxy: Proxy(), se:cdp: ws://localhost:60763/devtoo..., se:cdpVersion: 137.0.7151.119, setWindowRect: true, strictFileInteractability: false, timeouts: {implicit: 0, pageLoad: 300000, script: 30000}, unhandledPromptBehavior: dismiss and notify, webauthn:extension:credBlob: true, webauthn:extension:largeBlob: true, webauthn:extension:minPinLength: true, webauthn:extension:prf: true, webauthn:virtualAuthenticators: true}
Session ID: b5153c615bcf8685d7030298bdceb68a
2025-06-18 14:36:51 [main] INFO  l.i.u.t.SubmittedApplicationsPageTest - Marking 'Ne' radio button 3
2025-06-18 14:37:01 [main] ERROR l.i.u.p.SubmittedApplicationsPage - Error selecting radio button: Expected condition failed: waiting for element to be clickable: By.xpath: (//input[@type='radio' and @value='false'])[11] (tried for 10 second(s) with 500 milliseconds interval)
Build info: version: '4.27.0', revision: 'd6e718d134'
System info: os.name: 'Windows 11', os.arch: 'amd64', os.version: '10.0', java.version: '21.0.3'
Driver info: org.openqa.selenium.chrome.ChromeDriver
Capabilities {acceptInsecureCerts: false, browserName: chrome, browserVersion: 137.0.7151.119, chrome: {chromedriverVersion: 137.0.7151.119 (e0ac9d12dff..., userDataDir: C:\Users\INGRID~1.ZAD\AppDa...}, fedcm:accounts: true, goog:chromeOptions: {debuggerAddress: localhost:60763}, networkConnectionEnabled: false, pageLoadStrategy: normal, platformName: windows, proxy: Proxy(), se:cdp: ws://localhost:60763/devtoo..., se:cdpVersion: 137.0.7151.119, setWindowRect: true, strictFileInteractability: false, timeouts: {implicit: 0, pageLoad: 300000, script: 30000}, unhandledPromptBehavior: dismiss and notify, webauthn:extension:credBlob: true, webauthn:extension:largeBlob: true, webauthn:extension:minPinLength: true, webauthn:extension:prf: true, webauthn:virtualAuthenticators: true}
Session ID: b5153c615bcf8685d7030298bdceb68a
2025-06-18 14:37:01 [main] INFO  l.i.u.t.SubmittedApplicationsPageTest - Marking 'Ne' radio button 4
2025-06-18 14:37:11 [main] ERROR l.i.u.p.SubmittedApplicationsPage - Error selecting radio button: Expected condition failed: waiting for element to be clickable: By.xpath: (//input[@type='radio' and @value='false'])[12] (tried for 10 second(s) with 500 milliseconds interval)
Build info: version: '4.27.0', revision: 'd6e718d134'
System info: os.name: 'Windows 11', os.arch: 'amd64', os.version: '10.0', java.version: '21.0.3'
Driver info: org.openqa.selenium.chrome.ChromeDriver
Capabilities {acceptInsecureCerts: false, browserName: chrome, browserVersion: 137.0.7151.119, chrome: {chromedriverVersion: 137.0.7151.119 (e0ac9d12dff..., userDataDir: C:\Users\INGRID~1.ZAD\AppDa...}, fedcm:accounts: true, goog:chromeOptions: {debuggerAddress: localhost:60763}, networkConnectionEnabled: false, pageLoadStrategy: normal, platformName: windows, proxy: Proxy(), se:cdp: ws://localhost:60763/devtoo..., se:cdpVersion: 137.0.7151.119, setWindowRect: true, strictFileInteractability: false, timeouts: {implicit: 0, pageLoad: 300000, script: 30000}, unhandledPromptBehavior: dismiss and notify, webauthn:extension:credBlob: true, webauthn:extension:largeBlob: true, webauthn:extension:minPinLength: true, webauthn:extension:prf: true, webauthn:virtualAuthenticators: true}
Session ID: b5153c615bcf8685d7030298bdceb68a
2025-06-18 14:37:11 [main] INFO  l.i.u.t.SubmittedApplicationsPageTest - Marking 'Ne' radio button 5
2025-06-18 14:37:21 [main] ERROR l.i.u.p.SubmittedApplicationsPage - Error selecting radio button: Expected condition failed: waiting for element to be clickable: By.xpath: (//input[@type='radio' and @value='false'])[13] (tried for 10 second(s) with 500 milliseconds interval)
Build info: version: '4.27.0', revision: 'd6e718d134'
System info: os.name: 'Windows 11', os.arch: 'amd64', os.version: '10.0', java.version: '21.0.3'
Driver info: org.openqa.selenium.chrome.ChromeDriver
Capabilities {acceptInsecureCerts: false, browserName: chrome, browserVersion: 137.0.7151.119, chrome: {chromedriverVersion: 137.0.7151.119 (e0ac9d12dff..., userDataDir: C:\Users\INGRID~1.ZAD\AppDa...}, fedcm:accounts: true, goog:chromeOptions: {debuggerAddress: localhost:60763}, networkConnectionEnabled: false, pageLoadStrategy: normal, platformName: windows, proxy: Proxy(), se:cdp: ws://localhost:60763/devtoo..., se:cdpVersion: 137.0.7151.119, setWindowRect: true, strictFileInteractability: false, timeouts: {implicit: 0, pageLoad: 300000, script: 30000}, unhandledPromptBehavior: dismiss and notify, webauthn:extension:credBlob: true, webauthn:extension:largeBlob: true, webauthn:extension:minPinLength: true, webauthn:extension:prf: true, webauthn:virtualAuthenticators: true}
Session ID: b5153c615bcf8685d7030298bdceb68a
2025-06-18 14:37:21 [main] INFO  l.i.u.t.SubmittedApplicationsPageTest - Marking 'Ne' radio button 6
2025-06-18 14:37:31 [main] ERROR l.i.u.p.SubmittedApplicationsPage - Error selecting radio button: Expected condition failed: waiting for element to be clickable: By.xpath: (//input[@type='radio' and @value='true'])[14] (tried for 10 second(s) with 500 milliseconds interval)
Build info: version: '4.27.0', revision: 'd6e718d134'
System info: os.name: 'Windows 11', os.arch: 'amd64', os.version: '10.0', java.version: '21.0.3'
Driver info: org.openqa.selenium.chrome.ChromeDriver
Capabilities {acceptInsecureCerts: false, browserName: chrome, browserVersion: 137.0.7151.119, chrome: {chromedriverVersion: 137.0.7151.119 (e0ac9d12dff..., userDataDir: C:\Users\INGRID~1.ZAD\AppDa...}, fedcm:accounts: true, goog:chromeOptions: {debuggerAddress: localhost:60763}, networkConnectionEnabled: false, pageLoadStrategy: normal, platformName: windows, proxy: Proxy(), se:cdp: ws://localhost:60763/devtoo..., se:cdpVersion: 137.0.7151.119, setWindowRect: true, strictFileInteractability: false, timeouts: {implicit: 0, pageLoad: 300000, script: 30000}, unhandledPromptBehavior: dismiss and notify, webauthn:extension:credBlob: true, webauthn:extension:largeBlob: true, webauthn:extension:minPinLength: true, webauthn:extension:prf: true, webauthn:virtualAuthenticators: true}
Session ID: b5153c615bcf8685d7030298bdceb68a
2025-06-18 14:37:31 [main] INFO  l.i.u.t.SubmittedApplicationsPageTest - Marking 'Taip' radio button 7
2025-06-18 14:37:41 [main] ERROR l.i.u.p.SubmittedApplicationsPage - Error selecting radio button: Expected condition failed: waiting for element to be clickable: By.xpath: (//input[@type='radio' and @value='true'])[15] (tried for 10 second(s) with 500 milliseconds interval)
Build info: version: '4.27.0', revision: 'd6e718d134'
System info: os.name: 'Windows 11', os.arch: 'amd64', os.version: '10.0', java.version: '21.0.3'
Driver info: org.openqa.selenium.chrome.ChromeDriver
Capabilities {acceptInsecureCerts: false, browserName: chrome, browserVersion: 137.0.7151.119, chrome: {chromedriverVersion: 137.0.7151.119 (e0ac9d12dff..., userDataDir: C:\Users\INGRID~1.ZAD\AppDa...}, fedcm:accounts: true, goog:chromeOptions: {debuggerAddress: localhost:60763}, networkConnectionEnabled: false, pageLoadStrategy: normal, platformName: windows, proxy: Proxy(), se:cdp: ws://localhost:60763/devtoo..., se:cdpVersion: 137.0.7151.119, setWindowRect: true, strictFileInteractability: false, timeouts: {implicit: 0, pageLoad: 300000, script: 30000}, unhandledPromptBehavior: dismiss and notify, webauthn:extension:credBlob: true, webauthn:extension:largeBlob: true, webauthn:extension:minPinLength: true, webauthn:extension:prf: true, webauthn:virtualAuthenticators: true}
Session ID: b5153c615bcf8685d7030298bdceb68a
2025-06-18 14:37:41 [main] INFO  l.i.u.t.SubmittedApplicationsPageTest - Marking 'Taip' radio button 8
2025-06-18 14:37:51 [main] ERROR l.i.u.p.SubmittedApplicationsPage - Error selecting radio button: Expected condition failed: waiting for element to be clickable: By.xpath: (//input[@type='radio' and @value='true'])[16] (tried for 10 second(s) with 500 milliseconds interval)
Build info: version: '4.27.0', revision: 'd6e718d134'
System info: os.name: 'Windows 11', os.arch: 'amd64', os.version: '10.0', java.version: '21.0.3'
Driver info: org.openqa.selenium.chrome.ChromeDriver
Capabilities {acceptInsecureCerts: false, browserName: chrome, browserVersion: 137.0.7151.119, chrome: {chromedriverVersion: 137.0.7151.119 (e0ac9d12dff..., userDataDir: C:\Users\INGRID~1.ZAD\AppDa...}, fedcm:accounts: true, goog:chromeOptions: {debuggerAddress: localhost:60763}, networkConnectionEnabled: false, pageLoadStrategy: normal, platformName: windows, proxy: Proxy(), se:cdp: ws://localhost:60763/devtoo..., se:cdpVersion: 137.0.7151.119, setWindowRect: true, strictFileInteractability: false, timeouts: {implicit: 0, pageLoad: 300000, script: 30000}, unhandledPromptBehavior: dismiss and notify, webauthn:extension:credBlob: true, webauthn:extension:largeBlob: true, webauthn:extension:minPinLength: true, webauthn:extension:prf: true, webauthn:virtualAuthenticators: true}
Session ID: b5153c615bcf8685d7030298bdceb68a
2025-06-18 14:37:51 [main] INFO  l.i.u.t.SubmittedApplicationsPageTest - Marking 'Taip' radio button 9
2025-06-18 14:38:01 [main] ERROR l.i.u.p.SubmittedApplicationsPage - Error selecting radio button: Expected condition failed: waiting for element to be clickable: By.xpath: (//input[@type='radio' and @value='true'])[17] (tried for 10 second(s) with 500 milliseconds interval)
Build info: version: '4.27.0', revision: 'd6e718d134'
System info: os.name: 'Windows 11', os.arch: 'amd64', os.version: '10.0', java.version: '21.0.3'
Driver info: org.openqa.selenium.chrome.ChromeDriver
Capabilities {acceptInsecureCerts: false, browserName: chrome, browserVersion: 137.0.7151.119, chrome: {chromedriverVersion: 137.0.7151.119 (e0ac9d12dff..., userDataDir: C:\Users\INGRID~1.ZAD\AppDa...}, fedcm:accounts: true, goog:chromeOptions: {debuggerAddress: localhost:60763}, networkConnectionEnabled: false, pageLoadStrategy: normal, platformName: windows, proxy: Proxy(), se:cdp: ws://localhost:60763/devtoo..., se:cdpVersion: 137.0.7151.119, setWindowRect: true, strictFileInteractability: false, timeouts: {implicit: 0, pageLoad: 300000, script: 30000}, unhandledPromptBehavior: dismiss and notify, webauthn:extension:credBlob: true, webauthn:extension:largeBlob: true, webauthn:extension:minPinLength: true, webauthn:extension:prf: true, webauthn:virtualAuthenticators: true}
Session ID: b5153c615bcf8685d7030298bdceb68a
2025-06-18 14:38:01 [main] INFO  l.i.u.t.SubmittedApplicationsPageTest - Marking 'Taip' radio button 10
2025-06-18 14:38:12 [main] ERROR l.i.u.p.SubmittedApplicationsPage - Error selecting radio button: Expected condition failed: waiting for element to be clickable: By.xpath: (//input[@type='radio' and @value='true'])[18] (tried for 10 second(s) with 500 milliseconds interval)
Build info: version: '4.27.0', revision: 'd6e718d134'
System info: os.name: 'Windows 11', os.arch: 'amd64', os.version: '10.0', java.version: '21.0.3'
Driver info: org.openqa.selenium.chrome.ChromeDriver
Capabilities {acceptInsecureCerts: false, browserName: chrome, browserVersion: 137.0.7151.119, chrome: {chromedriverVersion: 137.0.7151.119 (e0ac9d12dff..., userDataDir: C:\Users\INGRID~1.ZAD\AppDa...}, fedcm:accounts: true, goog:chromeOptions: {debuggerAddress: localhost:60763}, networkConnectionEnabled: false, pageLoadStrategy: normal, platformName: windows, proxy: Proxy(), se:cdp: ws://localhost:60763/devtoo..., se:cdpVersion: 137.0.7151.119, setWindowRect: true, strictFileInteractability: false, timeouts: {implicit: 0, pageLoad: 300000, script: 30000}, unhandledPromptBehavior: dismiss and notify, webauthn:extension:credBlob: true, webauthn:extension:largeBlob: true, webauthn:extension:minPinLength: true, webauthn:extension:prf: true, webauthn:virtualAuthenticators: true}
Session ID: b5153c615bcf8685d7030298bdceb68a
2025-06-18 14:38:12 [main] INFO  l.i.u.t.SubmittedApplicationsPageTest - Marking 'Taip' radio button 11
2025-06-18 14:38:22 [main] ERROR l.i.u.p.SubmittedApplicationsPage - Error selecting radio button: Expected condition failed: waiting for element to be clickable: By.xpath: (//input[@type='radio' and @value='true'])[19] (tried for 10 second(s) with 500 milliseconds interval)
Build info: version: '4.27.0', revision: 'd6e718d134'
System info: os.name: 'Windows 11', os.arch: 'amd64', os.version: '10.0', java.version: '21.0.3'
Driver info: org.openqa.selenium.chrome.ChromeDriver
Capabilities {acceptInsecureCerts: false, browserName: chrome, browserVersion: 137.0.7151.119, chrome: {chromedriverVersion: 137.0.7151.119 (e0ac9d12dff..., userDataDir: C:\Users\INGRID~1.ZAD\AppDa...}, fedcm:accounts: true, goog:chromeOptions: {debuggerAddress: localhost:60763}, networkConnectionEnabled: false, pageLoadStrategy: normal, platformName: windows, proxy: Proxy(), se:cdp: ws://localhost:60763/devtoo..., se:cdpVersion: 137.0.7151.119, setWindowRect: true, strictFileInteractability: false, timeouts: {implicit: 0, pageLoad: 300000, script: 30000}, unhandledPromptBehavior: dismiss and notify, webauthn:extension:credBlob: true, webauthn:extension:largeBlob: true, webauthn:extension:minPinLength: true, webauthn:extension:prf: true, webauthn:virtualAuthenticators: true}
Session ID: b5153c615bcf8685d7030298bdceb68a
2025-06-18 14:38:22 [main] INFO  l.i.u.t.SubmittedApplicationsPageTest - Marking 'Taip' radio button 12
2025-06-18 14:38:32 [main] DEBUG l.i.u.t.SubmittedApplicationsPageTest - Checked 'ConfirmationStepFour'
2025-06-18 14:38:32 [main] DEBUG l.i.u.t.SubmittedApplicationsPageTest - Clicked 'Next' button after checkboxes.
2025-06-18 14:38:32 [main] INFO  l.i.u.p.SubmittedApplicationsPage - File uploaded successfully to an input element.
2025-06-18 14:38:32 [main] INFO  l.i.u.p.SubmittedApplicationsPage - File uploaded successfully to an input element.
2025-06-18 14:38:32 [main] INFO  l.i.u.p.SubmittedApplicationsPage - File uploaded successfully to an input element.
2025-06-18 14:38:32 [main] INFO  l.i.u.p.SubmittedApplicationsPage - File uploaded successfully to an input element.
2025-06-18 14:38:32 [main] INFO  l.i.u.p.SubmittedApplicationsPage - File uploaded successfully to an input element.
2025-06-18 14:38:32 [main] INFO  l.i.u.p.SubmittedApplicationsPage - File uploaded successfully to an input element.
2025-06-18 14:38:32 [main] INFO  l.i.u.p.SubmittedApplicationsPage - File uploaded successfully to an input element.
2025-06-18 14:38:32 [main] INFO  l.i.u.p.SubmittedApplicationsPage - File uploaded successfully to an input element.
2025-06-18 14:38:33 [main] DEBUG l.i.u.t.SubmittedApplicationsPageTest - Entered program name: 'Dokumentas 1'.
2025-06-18 14:38:33 [main] DEBUG l.i.u.t.SubmittedApplicationsPageTest - Entered program name: 'Dokumentas 2'.
2025-06-18 14:38:33 [main] DEBUG l.i.u.t.SubmittedApplicationsPageTest - Entered program name: 'Dokumentas 3'.
2025-06-18 14:38:33 [main] DEBUG l.i.u.t.SubmittedApplicationsPageTest - Entered program name: 'Dokumentas 4'.
2025-06-18 14:38:33 [main] DEBUG l.i.u.t.SubmittedApplicationsPageTest - Entered program name: 'Dokumentas 5'.
2025-06-18 14:38:33 [main] DEBUG l.i.u.t.SubmittedApplicationsPageTest - Entered program name: 'Dokumentas 6'.
2025-06-18 14:38:33 [main] DEBUG l.i.u.t.SubmittedApplicationsPageTest - Entered program name: 'Dokumentas 4'.
2025-06-18 14:38:34 [main] DEBUG l.i.u.t.SubmittedApplicationsPageTest - Entered program name: 'Dokumentas 8'.
2025-06-18 14:38:44 [main] DEBUG l.i.u.t.SubmittedApplicationsPageTest - Checked 'ConfirmationDocument'
2025-06-18 14:38:54 [main] DEBUG l.i.u.t.SubmittedApplicationsPageTest - Checked 'ConfirmationApplication'
2025-06-18 14:38:54 [main] DEBUG l.i.u.t.SubmittedApplicationsPageTest - Clicked 'Review' button after checkboxes.
2025-06-18 14:38:54 [main] DEBUG l.i.u.t.SubmittedApplicationsPageTest - Clicked 'SaveDraft' button after checkboxes.
2025-06-18 14:38:54 [main] DEBUG l.i.uztis.pages.ApplicationFormsPage - Verified success message: 'Ruošinys sėkmingai išsaugotas.'
2025-06-18 14:38:55 [main] ERROR l.i.uztis.pages.ApplicationFormsPage - Failed to verify the success message: 'Paraiška sėkmingai pateikta ir užregistruota.'. Available messages: [Ruošinys sėkmingai išsaugotas.]
2025-06-18 14:38:55 [main] INFO  l.i.u.t.SubmittedApplicationsPageTest - Verified success message
2025-06-18 14:38:55 [main] INFO  l.i.u.t.SubmittedApplicationsPageTest - Test 'testFillNewDVPApplicationFA' completed successfully.
2025-06-18 14:39:15 [main] INFO  lt.insoft.uztis.tests.UztisPageTest - Navigated to https://uztisdev.asseco.lt/home
2025-06-18 14:39:15 [main] INFO  l.i.u.t.SubmittedApplicationsPageTest - Starting test:'testFillNewDVPApplicationFA'
2025-06-18 14:39:16 [main] INFO  l.insoft.uztis.tests.utils.TestUtils - Login attempt with user: evaluation_chief
2025-06-18 14:39:16 [main] DEBUG l.i.u.t.SubmittedApplicationsPageTest - User logged in with test credentials
2025-06-18 14:39:16 [main] DEBUG l.i.u.t.SubmittedApplicationsPageTest - Opened 'Application Processing' menu.
2025-06-18 14:39:16 [main] DEBUG l.i.u.t.SubmittedApplicationsPageTest - Clicked on 'Application Forms' menu.
2025-06-18 14:39:18 [main] DEBUG l.i.u.t.SubmittedApplicationsPageTest - Retrieved last description code text: 'TST-DVP-41'.
2025-06-18 14:39:18 [main] DEBUG l.i.u.t.SubmittedApplicationsPageTest - Clicked on 'Invitation' menu.
2025-06-18 14:39:19 [main] DEBUG l.i.u.t.SubmittedApplicationsPageTest - Selected application section by code: 'TST-DVP-41'.
2025-06-18 14:39:20 [main] DEBUG l.i.u.t.SubmittedApplicationsPageTest - Clicked 'Search' button.
2025-06-18 14:39:20 [main] DEBUG l.i.u.t.SubmittedApplicationsPageTest - Retrieved invitation code: ''.
2025-06-18 14:39:20 [main] DEBUG l.i.u.t.SubmittedApplicationsPageTest - Clicked on 'Submitted Applications' menu.
2025-06-18 14:39:22 [main] DEBUG l.i.u.t.SubmittedApplicationsPageTest - Selected invitation by code: 'TST-DVP-41'.
2025-06-18 14:39:22 [main] DEBUG l.i.u.t.SubmittedApplicationsPageTest - Invitation code inserted.
2025-06-18 14:39:22 [main] DEBUG l.i.u.t.SubmittedApplicationsPageTest - Clicked on 'Action Application' button.
2025-06-18 14:39:22 [main] DEBUG l.i.u.t.SubmittedApplicationsPageTest - Clicked on 'New Application' button.
2025-06-18 14:39:23 [main] DEBUG l.i.u.t.SubmittedApplicationsPageTest - Selected the 'RadioButtonFA' option.
2025-06-18 14:39:23 [main] DEBUG l.i.u.t.SubmittedApplicationsPageTest - Entered phone number: '61298745'.
2025-06-18 14:39:23 [main] DEBUG l.i.u.t.SubmittedApplicationsPageTest - Entered email: 'test@autotest.com'.
2025-06-18 14:39:23 [main] DEBUG l.i.u.t.SubmittedApplicationsPageTest - Checked 'For workplace adaptation' checkbox 1.
2025-06-18 14:39:24 [main] DEBUG l.i.u.t.SubmittedApplicationsPageTest - Checked 'For environmental adaptation' checkbox 2.
2025-06-18 14:39:24 [main] INFO  l.i.u.p.SubmittedApplicationsPage - Located the dropdown button.
2025-06-18 14:39:44 [main] INFO  l.i.u.p.SubmittedApplicationsPage - Found 1741 options in the dropdown.
2025-06-18 14:39:44 [main] INFO  l.i.u.p.SubmittedApplicationsPage - Successfully selected the value: '01.11 - Grūdinių (išskyrus ryžius), ankštinių ir aliejingų sėklų augalų auginimas'
2025-06-18 14:39:55 [main] ERROR l.i.u.p.SubmittedApplicationsPage - Failed to close the dropdown with aria-expanded = 'false'. Attempting manual close.
2025-06-18 14:39:55 [main] INFO  l.i.u.p.SubmittedApplicationsPage - Manual close attempt for the dropdown using body click.
2025-06-18 14:39:55 [main] DEBUG l.i.u.t.SubmittedApplicationsPageTest - Selected EVRK value: '01.11 - Grūdinių (išskyrus ryžius), ankštinių ir aliejingų sėklų augalų auginimas'.
2025-06-18 14:39:55 [main] DEBUG l.i.u.t.SubmittedApplicationsPageTest - Clicked on 'Address Component' button.
2025-06-18 14:39:55 [main] INFO  l.i.u.p.SubmittedApplicationsPage - Located the dropdown button.
2025-06-18 14:39:58 [main] INFO  l.i.u.p.SubmittedApplicationsPage - Successfully selected the value: 'Lietuva'
2025-06-18 14:39:58 [main] DEBUG l.i.u.t.SubmittedApplicationsPageTest - Selected country: 'Lietuva'.
2025-06-18 14:39:58 [main] INFO  l.i.u.p.SubmittedApplicationsPage - Located the dropdown search field.
2025-06-18 14:39:58 [main] INFO  l.i.u.p.SubmittedApplicationsPage - Dropdown city is opened.
2025-06-18 14:39:59 [main] INFO  l.i.u.p.SubmittedApplicationsPage - Searched for value: 'Vilnius'
2025-06-18 14:40:00 [main] INFO  l.i.u.p.SubmittedApplicationsPage - Successfully selected: 'Vilnius'
2025-06-18 14:40:00 [main] INFO  l.i.u.p.SubmittedApplicationsPage - Located the dropdown button.
2025-06-18 14:40:01 [main] INFO  l.i.u.p.SubmittedApplicationsPage - Successfully selected the value: 'A. Domaševičiaus g.'
2025-06-18 14:40:01 [main] DEBUG l.i.u.t.SubmittedApplicationsPageTest - Selected street: 'A. Domaševičiaus g.'.
2025-06-18 14:40:01 [main] INFO  l.i.u.p.SubmittedApplicationsPage - Located the dropdown button.
2025-06-18 14:40:01 [main] INFO  l.i.u.p.SubmittedApplicationsPage - Successfully selected the value: '1'
2025-06-18 14:40:01 [main] DEBUG l.i.u.t.SubmittedApplicationsPageTest - Selected house: '1'.
2025-06-18 14:40:01 [main] INFO  l.i.u.p.SubmittedApplicationsPage - Located the dropdown button.
2025-06-18 14:40:02 [main] INFO  l.i.u.p.SubmittedApplicationsPage - Successfully selected the value: '1'
2025-06-18 14:40:02 [main] DEBUG l.i.u.t.SubmittedApplicationsPageTest - Selected apartment: '1'.
2025-06-18 14:40:02 [main] DEBUG l.i.u.t.SubmittedApplicationsPageTest - Clicked 'Confirm' button.
2025-06-18 14:40:02 [main] DEBUG l.i.u.t.SubmittedApplicationsPageTest - Selected 'For already working' option.
2025-06-18 14:40:02 [main] DEBUG l.i.u.t.SubmittedApplicationsPageTest - Selected 'For new working' option.
2025-06-18 14:40:02 [main] DEBUG l.i.u.t.SubmittedApplicationsPageTest - Entered person count2: '1'.
2025-06-18 14:40:03 [main] DEBUG l.i.u.t.SubmittedApplicationsPageTest - Clicked 'Next' button after checkboxes.
2025-06-18 14:40:03 [main] INFO  l.i.u.p.SubmittedApplicationsPage - Located the dropdown button.
2025-06-18 14:40:03 [main] INFO  l.i.u.p.SubmittedApplicationsPage - Successfully selected the value: 'Administratoriai'
2025-06-18 14:40:03 [main] DEBUG l.i.u.t.SubmittedApplicationsPageTest - Selected adaptable job name: 'Administratoriai'.
2025-06-18 14:40:04 [main] DEBUG l.i.u.t.SubmittedApplicationsPageTest - Entered job date.
2025-06-18 14:40:04 [main] DEBUG l.i.u.t.SubmittedApplicationsPageTest - Entered job function: 'Funkcija 1'.
2025-06-18 14:40:04 [main] DEBUG l.i.u.t.SubmittedApplicationsPageTest - Selected 'For already working' 'no' option.
2025-06-18 14:40:04 [main] INFO  l.i.u.p.SubmittedApplicationsPage - Clicking on the dropdown button.
2025-06-18 14:40:04 [main] INFO  l.i.u.p.SubmittedApplicationsPage - Found 6 options in the dropdown.
2025-06-18 14:40:04 [main] DEBUG l.i.u.p.SubmittedApplicationsPage - Checking option: 'Lengvo neįgalumo lygis ar 45-55 procentų dalyvumo lygis (iki 2023 m. gruodžio 31 d. – 45-55 procentų darbingumo lygis)'
2025-06-18 14:40:04 [main] INFO  l.i.u.p.SubmittedApplicationsPage - Successfully selected the value: 'Lengvo neįgalumo lygis ar 45-55 procentų dalyvumo lygis (iki 2023 m. gruodžio 31 d. – 45-55 procentų darbingumo lygis)'
2025-06-18 14:40:04 [main] INFO  l.i.u.p.SubmittedApplicationsPage - Attempting to close the dropdown.
2025-06-18 14:40:05 [main] DEBUG l.i.u.t.SubmittedApplicationsPageTest - Selected disabilities type: 'Lengvo neįgalumo lygis ar 45-55 procentų dalyvumo lygis (iki 2023 m. gruodžio 31 d. – 45-55 procentų darbingumo lygis)'.
2025-06-18 14:40:05 [main] DEBUG l.i.u.t.SubmittedApplicationsPageTest - Entered disability information: 'Negalia 1'.
2025-06-18 14:40:06 [main] DEBUG l.i.u.t.SubmittedApplicationsPageTest - Entered qualification: 'Kvalifikacija 1'.
2025-06-18 14:40:06 [main] DEBUG l.i.u.t.SubmittedApplicationsPageTest - Entered job description: 'Darbo vietos aprašymas 1'.
2025-06-18 14:40:06 [main] DEBUG l.i.u.t.SubmittedApplicationsPageTest - Entered equipment description: 'Priemonių įsigyjimas 1'.
2025-06-18 14:40:06 [main] DEBUG l.i.u.t.SubmittedApplicationsPageTest - Entered work information: 'Darbai 1'.
2025-06-18 14:40:06 [main] INFO  l.i.u.p.SubmittedApplicationsPage - Located the dropdown button.
2025-06-18 14:40:07 [main] INFO  l.i.u.p.SubmittedApplicationsPage - Successfully selected the value: 'Kita'
2025-06-18 14:40:07 [main] DEBUG l.i.u.t.SubmittedApplicationsPageTest - Selected time mode: 'Kita'.
2025-06-18 14:40:07 [main] DEBUG l.i.u.t.SubmittedApplicationsPageTest - Selected time mode other: '6 val. per dieną ir 4 d. per savaitę'.
2025-06-18 14:40:07 [main] DEBUG l.i.u.t.SubmittedApplicationsPageTest - Entered salary amount: '1200'.
2025-06-18 14:40:07 [main] DEBUG l.i.u.t.SubmittedApplicationsPageTest - Entered salary description: 'Užmokestis 1'.
2025-06-18 14:40:08 [main] DEBUG l.i.u.t.SubmittedApplicationsPageTest - Selected 'Temporary Job' radio button.
2025-06-18 14:40:08 [main] DEBUG l.i.u.t.SubmittedApplicationsPageTest - Selected 'Season Job' radio button.
2025-06-18 14:40:08 [main] DEBUG l.i.u.t.SubmittedApplicationsPageTest - Selected 'PVM' radio button.
2025-06-18 14:40:08 [main] INFO  l.i.u.p.SubmittedApplicationsPage - Located the dropdown button.
2025-06-18 14:40:08 [main] INFO  l.i.u.p.SubmittedApplicationsPage - Successfully selected the value: 'Darbo vietos pritaikymui'
2025-06-18 14:40:39 [main] ERROR l.i.u.p.SubmittedApplicationsPage - Timeout while waiting for dropdown to close with aria-expanded = 'false'.
2025-06-18 14:40:39 [main] DEBUG l.i.u.t.SubmittedApplicationsPageTest - Selected adaptable job name: 'Darbo vietos pritaikymui'.
2025-06-18 14:40:39 [main] DEBUG l.i.u.p.SubmittedApplicationsPage - Located and clicked the dropdown button 'Reikalinga'.
2025-06-18 14:40:39 [main] INFO  l.i.u.p.SubmittedApplicationsPage - Successfully selected the value: 'Įsigyti'
2025-06-18 14:40:39 [main] DEBUG l.i.u.t.SubmittedApplicationsPageTest - Selected necessary for job: 'Įsigyti'.
2025-06-18 14:40:39 [main] DEBUG l.i.u.t.SubmittedApplicationsPageTest - Selected tool: 'Darbo priemonė 1'.
2025-06-18 14:40:39 [main] DEBUG l.i.u.t.SubmittedApplicationsPageTest - Selected tool parameter one: 'Darbo priemonės 1 parametras 1'.
2025-06-18 14:40:39 [main] DEBUG l.i.u.t.SubmittedApplicationsPageTest - Selected tool parameter two: 'Darbo priemonės 1 parametras 2'.
2025-06-18 14:40:40 [main] DEBUG l.i.u.t.SubmittedApplicationsPageTest - Selected tool parameter three: 'Darbo priemonės 1 parametras 3'.
2025-06-18 14:40:40 [main] DEBUG l.i.u.t.SubmittedApplicationsPageTest - Entered tool count: '1'.
2025-06-18 14:40:40 [main] DEBUG l.i.u.t.SubmittedApplicationsPageTest - Entered price amount: '1000'.
2025-06-18 14:40:40 [main] DEBUG l.i.u.t.SubmittedApplicationsPageTest - Entered own funds amount: '800'.
2025-06-18 14:40:42 [main] DEBUG l.i.u.t.SubmittedApplicationsPageTest - Clicked 'Add' button.
2025-06-18 14:40:42 [main] INFO  l.i.u.p.SubmittedApplicationsPage - Located the dropdown button.
2025-06-18 14:40:43 [main] INFO  l.i.u.p.SubmittedApplicationsPage - Successfully selected the value: 'Aplinkos pritaikymui'
2025-06-18 14:41:13 [main] ERROR l.i.u.p.SubmittedApplicationsPage - Timeout while waiting for dropdown to close with aria-expanded = 'false'.
2025-06-18 14:41:13 [main] DEBUG l.i.u.t.SubmittedApplicationsPageTest - Selected adaptable job name: 'Aplinkos pritaikymui'.
2025-06-18 14:41:13 [main] DEBUG l.i.u.p.SubmittedApplicationsPage - Located and clicked the dropdown button 'Reikalinga'.
2025-06-18 14:41:14 [main] INFO  l.i.u.p.SubmittedApplicationsPage - Successfully selected the value: 'Remontuoti'
2025-06-18 14:41:24 [main] DEBUG l.i.u.t.SubmittedApplicationsPageTest - Selected necessary for job: 'Remontuoti'.
2025-06-18 14:41:25 [main] DEBUG l.i.u.t.SubmittedApplicationsPageTest - Selected tool: 'Darbo priemonė 2 remontui'.
2025-06-18 14:41:25 [main] DEBUG l.i.u.t.SubmittedApplicationsPageTest - Entered work information: 'Remonto darbai 1'.
2025-06-18 14:41:25 [main] DEBUG l.i.u.t.SubmittedApplicationsPageTest - Entered tool count: '2'.
2025-06-18 14:41:25 [main] DEBUG l.i.u.t.SubmittedApplicationsPageTest - Entered price amount: '1000'.
2025-06-18 14:41:26 [main] DEBUG l.i.u.t.SubmittedApplicationsPageTest - Entered own funds amount: '900'.
2025-06-18 14:41:28 [main] DEBUG l.i.u.t.SubmittedApplicationsPageTest - Clicked 'AddRemoved' button.
2025-06-18 14:41:30 [main] DEBUG l.i.u.t.SubmittedApplicationsPageTest - Clicked 'Remove' button.
2025-06-18 14:41:32 [main] DEBUG l.i.u.t.SubmittedApplicationsPageTest - Clicked 'Remove Confirmation' button.
2025-06-18 14:41:34 [main] DEBUG l.i.u.t.SubmittedApplicationsPageTest - Selected 'De Minimis' radio button.
2025-06-18 14:41:34 [main] DEBUG l.i.u.t.SubmittedApplicationsPageTest - Entered program name: 'Programa 1'.
2025-06-18 14:41:35 [main] DEBUG l.i.u.t.SubmittedApplicationsPageTest - Entered project date from.
2025-06-18 14:41:35 [main] DEBUG l.i.u.t.SubmittedApplicationsPageTest - Entered project date until.
2025-06-18 14:41:35 [main] DEBUG l.i.u.t.SubmittedApplicationsPageTest - Entered support amount: '2000'.
2025-06-18 14:41:35 [main] DEBUG l.i.u.t.SubmittedApplicationsPageTest - Clicked 'Next' button.
2025-06-18 14:41:45 [main] DEBUG l.i.u.t.SubmittedApplicationsPageTest - Checked 'Legal Entities' checkbox 1.
2025-06-18 14:41:55 [main] DEBUG l.i.u.t.SubmittedApplicationsPageTest - Checked 'Legal Entities' checkbox 2.
2025-06-18 14:42:05 [main] DEBUG l.i.u.t.SubmittedApplicationsPageTest - Checked 'Legal Entities' checkbox 3.
2025-06-18 14:42:05 [main] DEBUG l.i.u.t.SubmittedApplicationsPageTest - Test finished: All 'Legal Entities' checkboxes checked successfully.
2025-06-18 14:42:06 [main] DEBUG l.i.u.t.SubmittedApplicationsPageTest - Clicked 'Next' button after checkboxes.
2025-06-18 14:42:16 [main] ERROR l.i.u.p.SubmittedApplicationsPage - Error selecting radio button: Expected condition failed: waiting for element to be clickable: By.xpath: (//input[@type='radio' and @value='false'])[8] (tried for 10 second(s) with 500 milliseconds interval)
Build info: version: '4.27.0', revision: 'd6e718d134'
System info: os.name: 'Windows 11', os.arch: 'amd64', os.version: '10.0', java.version: '21.0.3'
Driver info: org.openqa.selenium.chrome.ChromeDriver
Capabilities {acceptInsecureCerts: false, browserName: chrome, browserVersion: 137.0.7151.119, chrome: {chromedriverVersion: 137.0.7151.119 (e0ac9d12dff..., userDataDir: C:\Users\INGRID~1.ZAD\AppDa...}, fedcm:accounts: true, goog:chromeOptions: {debuggerAddress: localhost:61094}, networkConnectionEnabled: false, pageLoadStrategy: normal, platformName: windows, proxy: Proxy(), se:cdp: ws://localhost:61094/devtoo..., se:cdpVersion: 137.0.7151.119, setWindowRect: true, strictFileInteractability: false, timeouts: {implicit: 0, pageLoad: 300000, script: 30000}, unhandledPromptBehavior: dismiss and notify, webauthn:extension:credBlob: true, webauthn:extension:largeBlob: true, webauthn:extension:minPinLength: true, webauthn:extension:prf: true, webauthn:virtualAuthenticators: true}
Session ID: cc61e2ac375614f1e6c94f459945f578
2025-06-18 14:42:16 [main] INFO  l.i.u.t.SubmittedApplicationsPageTest - Marking 'Ne' radio button 1
2025-06-18 14:42:26 [main] ERROR l.i.u.p.SubmittedApplicationsPage - Error selecting radio button: Expected condition failed: waiting for element to be clickable: By.xpath: (//input[@type='radio' and @value='false'])[9] (tried for 10 second(s) with 500 milliseconds interval)
Build info: version: '4.27.0', revision: 'd6e718d134'
System info: os.name: 'Windows 11', os.arch: 'amd64', os.version: '10.0', java.version: '21.0.3'
Driver info: org.openqa.selenium.chrome.ChromeDriver
Capabilities {acceptInsecureCerts: false, browserName: chrome, browserVersion: 137.0.7151.119, chrome: {chromedriverVersion: 137.0.7151.119 (e0ac9d12dff..., userDataDir: C:\Users\INGRID~1.ZAD\AppDa...}, fedcm:accounts: true, goog:chromeOptions: {debuggerAddress: localhost:61094}, networkConnectionEnabled: false, pageLoadStrategy: normal, platformName: windows, proxy: Proxy(), se:cdp: ws://localhost:61094/devtoo..., se:cdpVersion: 137.0.7151.119, setWindowRect: true, strictFileInteractability: false, timeouts: {implicit: 0, pageLoad: 300000, script: 30000}, unhandledPromptBehavior: dismiss and notify, webauthn:extension:credBlob: true, webauthn:extension:largeBlob: true, webauthn:extension:minPinLength: true, webauthn:extension:prf: true, webauthn:virtualAuthenticators: true}
Session ID: cc61e2ac375614f1e6c94f459945f578
2025-06-18 14:42:26 [main] INFO  l.i.u.t.SubmittedApplicationsPageTest - Marking 'Ne' radio button 2
2025-06-18 14:42:36 [main] ERROR l.i.u.p.SubmittedApplicationsPage - Error selecting radio button: Expected condition failed: waiting for element to be clickable: By.xpath: (//input[@type='radio' and @value='false'])[10] (tried for 10 second(s) with 500 milliseconds interval)
Build info: version: '4.27.0', revision: 'd6e718d134'
System info: os.name: 'Windows 11', os.arch: 'amd64', os.version: '10.0', java.version: '21.0.3'
Driver info: org.openqa.selenium.chrome.ChromeDriver
Capabilities {acceptInsecureCerts: false, browserName: chrome, browserVersion: 137.0.7151.119, chrome: {chromedriverVersion: 137.0.7151.119 (e0ac9d12dff..., userDataDir: C:\Users\INGRID~1.ZAD\AppDa...}, fedcm:accounts: true, goog:chromeOptions: {debuggerAddress: localhost:61094}, networkConnectionEnabled: false, pageLoadStrategy: normal, platformName: windows, proxy: Proxy(), se:cdp: ws://localhost:61094/devtoo..., se:cdpVersion: 137.0.7151.119, setWindowRect: true, strictFileInteractability: false, timeouts: {implicit: 0, pageLoad: 300000, script: 30000}, unhandledPromptBehavior: dismiss and notify, webauthn:extension:credBlob: true, webauthn:extension:largeBlob: true, webauthn:extension:minPinLength: true, webauthn:extension:prf: true, webauthn:virtualAuthenticators: true}
Session ID: cc61e2ac375614f1e6c94f459945f578
2025-06-18 14:42:36 [main] INFO  l.i.u.t.SubmittedApplicationsPageTest - Marking 'Ne' radio button 3
2025-06-18 14:42:47 [main] ERROR l.i.u.p.SubmittedApplicationsPage - Error selecting radio button: Expected condition failed: waiting for element to be clickable: By.xpath: (//input[@type='radio' and @value='false'])[11] (tried for 10 second(s) with 500 milliseconds interval)
Build info: version: '4.27.0', revision: 'd6e718d134'
System info: os.name: 'Windows 11', os.arch: 'amd64', os.version: '10.0', java.version: '21.0.3'
Driver info: org.openqa.selenium.chrome.ChromeDriver
Capabilities {acceptInsecureCerts: false, browserName: chrome, browserVersion: 137.0.7151.119, chrome: {chromedriverVersion: 137.0.7151.119 (e0ac9d12dff..., userDataDir: C:\Users\INGRID~1.ZAD\AppDa...}, fedcm:accounts: true, goog:chromeOptions: {debuggerAddress: localhost:61094}, networkConnectionEnabled: false, pageLoadStrategy: normal, platformName: windows, proxy: Proxy(), se:cdp: ws://localhost:61094/devtoo..., se:cdpVersion: 137.0.7151.119, setWindowRect: true, strictFileInteractability: false, timeouts: {implicit: 0, pageLoad: 300000, script: 30000}, unhandledPromptBehavior: dismiss and notify, webauthn:extension:credBlob: true, webauthn:extension:largeBlob: true, webauthn:extension:minPinLength: true, webauthn:extension:prf: true, webauthn:virtualAuthenticators: true}
Session ID: cc61e2ac375614f1e6c94f459945f578
2025-06-18 14:42:47 [main] INFO  l.i.u.t.SubmittedApplicationsPageTest - Marking 'Ne' radio button 4
2025-06-18 14:42:57 [main] ERROR l.i.u.p.SubmittedApplicationsPage - Error selecting radio button: Expected condition failed: waiting for element to be clickable: By.xpath: (//input[@type='radio' and @value='false'])[12] (tried for 10 second(s) with 500 milliseconds interval)
Build info: version: '4.27.0', revision: 'd6e718d134'
System info: os.name: 'Windows 11', os.arch: 'amd64', os.version: '10.0', java.version: '21.0.3'
Driver info: org.openqa.selenium.chrome.ChromeDriver
Capabilities {acceptInsecureCerts: false, browserName: chrome, browserVersion: 137.0.7151.119, chrome: {chromedriverVersion: 137.0.7151.119 (e0ac9d12dff..., userDataDir: C:\Users\INGRID~1.ZAD\AppDa...}, fedcm:accounts: true, goog:chromeOptions: {debuggerAddress: localhost:61094}, networkConnectionEnabled: false, pageLoadStrategy: normal, platformName: windows, proxy: Proxy(), se:cdp: ws://localhost:61094/devtoo..., se:cdpVersion: 137.0.7151.119, setWindowRect: true, strictFileInteractability: false, timeouts: {implicit: 0, pageLoad: 300000, script: 30000}, unhandledPromptBehavior: dismiss and notify, webauthn:extension:credBlob: true, webauthn:extension:largeBlob: true, webauthn:extension:minPinLength: true, webauthn:extension:prf: true, webauthn:virtualAuthenticators: true}
Session ID: cc61e2ac375614f1e6c94f459945f578
2025-06-18 14:42:57 [main] INFO  l.i.u.t.SubmittedApplicationsPageTest - Marking 'Ne' radio button 5
2025-06-18 14:43:07 [main] ERROR l.i.u.p.SubmittedApplicationsPage - Error selecting radio button: Expected condition failed: waiting for element to be clickable: By.xpath: (//input[@type='radio' and @value='false'])[13] (tried for 10 second(s) with 500 milliseconds interval)
Build info: version: '4.27.0', revision: 'd6e718d134'
System info: os.name: 'Windows 11', os.arch: 'amd64', os.version: '10.0', java.version: '21.0.3'
Driver info: org.openqa.selenium.chrome.ChromeDriver
Capabilities {acceptInsecureCerts: false, browserName: chrome, browserVersion: 137.0.7151.119, chrome: {chromedriverVersion: 137.0.7151.119 (e0ac9d12dff..., userDataDir: C:\Users\INGRID~1.ZAD\AppDa...}, fedcm:accounts: true, goog:chromeOptions: {debuggerAddress: localhost:61094}, networkConnectionEnabled: false, pageLoadStrategy: normal, platformName: windows, proxy: Proxy(), se:cdp: ws://localhost:61094/devtoo..., se:cdpVersion: 137.0.7151.119, setWindowRect: true, strictFileInteractability: false, timeouts: {implicit: 0, pageLoad: 300000, script: 30000}, unhandledPromptBehavior: dismiss and notify, webauthn:extension:credBlob: true, webauthn:extension:largeBlob: true, webauthn:extension:minPinLength: true, webauthn:extension:prf: true, webauthn:virtualAuthenticators: true}
Session ID: cc61e2ac375614f1e6c94f459945f578
2025-06-18 14:43:07 [main] INFO  l.i.u.t.SubmittedApplicationsPageTest - Marking 'Ne' radio button 6
2025-06-18 14:43:17 [main] ERROR l.i.u.p.SubmittedApplicationsPage - Error selecting radio button: Expected condition failed: waiting for element to be clickable: By.xpath: (//input[@type='radio' and @value='true'])[14] (tried for 10 second(s) with 500 milliseconds interval)
Build info: version: '4.27.0', revision: 'd6e718d134'
System info: os.name: 'Windows 11', os.arch: 'amd64', os.version: '10.0', java.version: '21.0.3'
Driver info: org.openqa.selenium.chrome.ChromeDriver
Capabilities {acceptInsecureCerts: false, browserName: chrome, browserVersion: 137.0.7151.119, chrome: {chromedriverVersion: 137.0.7151.119 (e0ac9d12dff..., userDataDir: C:\Users\INGRID~1.ZAD\AppDa...}, fedcm:accounts: true, goog:chromeOptions: {debuggerAddress: localhost:61094}, networkConnectionEnabled: false, pageLoadStrategy: normal, platformName: windows, proxy: Proxy(), se:cdp: ws://localhost:61094/devtoo..., se:cdpVersion: 137.0.7151.119, setWindowRect: true, strictFileInteractability: false, timeouts: {implicit: 0, pageLoad: 300000, script: 30000}, unhandledPromptBehavior: dismiss and notify, webauthn:extension:credBlob: true, webauthn:extension:largeBlob: true, webauthn:extension:minPinLength: true, webauthn:extension:prf: true, webauthn:virtualAuthenticators: true}
Session ID: cc61e2ac375614f1e6c94f459945f578
2025-06-18 14:43:17 [main] INFO  l.i.u.t.SubmittedApplicationsPageTest - Marking 'Taip' radio button 7
2025-06-18 14:43:27 [main] ERROR l.i.u.p.SubmittedApplicationsPage - Error selecting radio button: Expected condition failed: waiting for element to be clickable: By.xpath: (//input[@type='radio' and @value='true'])[15] (tried for 10 second(s) with 500 milliseconds interval)
Build info: version: '4.27.0', revision: 'd6e718d134'
System info: os.name: 'Windows 11', os.arch: 'amd64', os.version: '10.0', java.version: '21.0.3'
Driver info: org.openqa.selenium.chrome.ChromeDriver
Capabilities {acceptInsecureCerts: false, browserName: chrome, browserVersion: 137.0.7151.119, chrome: {chromedriverVersion: 137.0.7151.119 (e0ac9d12dff..., userDataDir: C:\Users\INGRID~1.ZAD\AppDa...}, fedcm:accounts: true, goog:chromeOptions: {debuggerAddress: localhost:61094}, networkConnectionEnabled: false, pageLoadStrategy: normal, platformName: windows, proxy: Proxy(), se:cdp: ws://localhost:61094/devtoo..., se:cdpVersion: 137.0.7151.119, setWindowRect: true, strictFileInteractability: false, timeouts: {implicit: 0, pageLoad: 300000, script: 30000}, unhandledPromptBehavior: dismiss and notify, webauthn:extension:credBlob: true, webauthn:extension:largeBlob: true, webauthn:extension:minPinLength: true, webauthn:extension:prf: true, webauthn:virtualAuthenticators: true}
Session ID: cc61e2ac375614f1e6c94f459945f578
2025-06-18 14:43:27 [main] INFO  l.i.u.t.SubmittedApplicationsPageTest - Marking 'Taip' radio button 8
2025-06-18 14:43:37 [main] ERROR l.i.u.p.SubmittedApplicationsPage - Error selecting radio button: Expected condition failed: waiting for element to be clickable: By.xpath: (//input[@type='radio' and @value='true'])[16] (tried for 10 second(s) with 500 milliseconds interval)
Build info: version: '4.27.0', revision: 'd6e718d134'
System info: os.name: 'Windows 11', os.arch: 'amd64', os.version: '10.0', java.version: '21.0.3'
Driver info: org.openqa.selenium.chrome.ChromeDriver
Capabilities {acceptInsecureCerts: false, browserName: chrome, browserVersion: 137.0.7151.119, chrome: {chromedriverVersion: 137.0.7151.119 (e0ac9d12dff..., userDataDir: C:\Users\INGRID~1.ZAD\AppDa...}, fedcm:accounts: true, goog:chromeOptions: {debuggerAddress: localhost:61094}, networkConnectionEnabled: false, pageLoadStrategy: normal, platformName: windows, proxy: Proxy(), se:cdp: ws://localhost:61094/devtoo..., se:cdpVersion: 137.0.7151.119, setWindowRect: true, strictFileInteractability: false, timeouts: {implicit: 0, pageLoad: 300000, script: 30000}, unhandledPromptBehavior: dismiss and notify, webauthn:extension:credBlob: true, webauthn:extension:largeBlob: true, webauthn:extension:minPinLength: true, webauthn:extension:prf: true, webauthn:virtualAuthenticators: true}
Session ID: cc61e2ac375614f1e6c94f459945f578
2025-06-18 14:43:37 [main] INFO  l.i.u.t.SubmittedApplicationsPageTest - Marking 'Taip' radio button 9
2025-06-18 14:43:47 [main] ERROR l.i.u.p.SubmittedApplicationsPage - Error selecting radio button: Expected condition failed: waiting for element to be clickable: By.xpath: (//input[@type='radio' and @value='true'])[17] (tried for 10 second(s) with 500 milliseconds interval)
Build info: version: '4.27.0', revision: 'd6e718d134'
System info: os.name: 'Windows 11', os.arch: 'amd64', os.version: '10.0', java.version: '21.0.3'
Driver info: org.openqa.selenium.chrome.ChromeDriver
Capabilities {acceptInsecureCerts: false, browserName: chrome, browserVersion: 137.0.7151.119, chrome: {chromedriverVersion: 137.0.7151.119 (e0ac9d12dff..., userDataDir: C:\Users\INGRID~1.ZAD\AppDa...}, fedcm:accounts: true, goog:chromeOptions: {debuggerAddress: localhost:61094}, networkConnectionEnabled: false, pageLoadStrategy: normal, platformName: windows, proxy: Proxy(), se:cdp: ws://localhost:61094/devtoo..., se:cdpVersion: 137.0.7151.119, setWindowRect: true, strictFileInteractability: false, timeouts: {implicit: 0, pageLoad: 300000, script: 30000}, unhandledPromptBehavior: dismiss and notify, webauthn:extension:credBlob: true, webauthn:extension:largeBlob: true, webauthn:extension:minPinLength: true, webauthn:extension:prf: true, webauthn:virtualAuthenticators: true}
Session ID: cc61e2ac375614f1e6c94f459945f578
2025-06-18 14:43:48 [main] INFO  l.i.u.t.SubmittedApplicationsPageTest - Marking 'Taip' radio button 10
2025-06-18 14:43:58 [main] ERROR l.i.u.p.SubmittedApplicationsPage - Error selecting radio button: Expected condition failed: waiting for element to be clickable: By.xpath: (//input[@type='radio' and @value='true'])[18] (tried for 10 second(s) with 500 milliseconds interval)
Build info: version: '4.27.0', revision: 'd6e718d134'
System info: os.name: 'Windows 11', os.arch: 'amd64', os.version: '10.0', java.version: '21.0.3'
Driver info: org.openqa.selenium.chrome.ChromeDriver
Capabilities {acceptInsecureCerts: false, browserName: chrome, browserVersion: 137.0.7151.119, chrome: {chromedriverVersion: 137.0.7151.119 (e0ac9d12dff..., userDataDir: C:\Users\INGRID~1.ZAD\AppDa...}, fedcm:accounts: true, goog:chromeOptions: {debuggerAddress: localhost:61094}, networkConnectionEnabled: false, pageLoadStrategy: normal, platformName: windows, proxy: Proxy(), se:cdp: ws://localhost:61094/devtoo..., se:cdpVersion: 137.0.7151.119, setWindowRect: true, strictFileInteractability: false, timeouts: {implicit: 0, pageLoad: 300000, script: 30000}, unhandledPromptBehavior: dismiss and notify, webauthn:extension:credBlob: true, webauthn:extension:largeBlob: true, webauthn:extension:minPinLength: true, webauthn:extension:prf: true, webauthn:virtualAuthenticators: true}
Session ID: cc61e2ac375614f1e6c94f459945f578
2025-06-18 14:43:58 [main] INFO  l.i.u.t.SubmittedApplicationsPageTest - Marking 'Taip' radio button 11
2025-06-18 14:44:08 [main] ERROR l.i.u.p.SubmittedApplicationsPage - Error selecting radio button: Expected condition failed: waiting for element to be clickable: By.xpath: (//input[@type='radio' and @value='true'])[19] (tried for 10 second(s) with 500 milliseconds interval)
Build info: version: '4.27.0', revision: 'd6e718d134'
System info: os.name: 'Windows 11', os.arch: 'amd64', os.version: '10.0', java.version: '21.0.3'
Driver info: org.openqa.selenium.chrome.ChromeDriver
Capabilities {acceptInsecureCerts: false, browserName: chrome, browserVersion: 137.0.7151.119, chrome: {chromedriverVersion: 137.0.7151.119 (e0ac9d12dff..., userDataDir: C:\Users\INGRID~1.ZAD\AppDa...}, fedcm:accounts: true, goog:chromeOptions: {debuggerAddress: localhost:61094}, networkConnectionEnabled: false, pageLoadStrategy: normal, platformName: windows, proxy: Proxy(), se:cdp: ws://localhost:61094/devtoo..., se:cdpVersion: 137.0.7151.119, setWindowRect: true, strictFileInteractability: false, timeouts: {implicit: 0, pageLoad: 300000, script: 30000}, unhandledPromptBehavior: dismiss and notify, webauthn:extension:credBlob: true, webauthn:extension:largeBlob: true, webauthn:extension:minPinLength: true, webauthn:extension:prf: true, webauthn:virtualAuthenticators: true}
Session ID: cc61e2ac375614f1e6c94f459945f578
2025-06-18 14:44:08 [main] INFO  l.i.u.t.SubmittedApplicationsPageTest - Marking 'Taip' radio button 12
2025-06-18 14:44:18 [main] DEBUG l.i.u.t.SubmittedApplicationsPageTest - Checked 'ConfirmationStepFour'
2025-06-18 14:44:18 [main] DEBUG l.i.u.t.SubmittedApplicationsPageTest - Clicked 'Next' button after checkboxes.
2025-06-18 14:44:18 [main] INFO  l.i.u.p.SubmittedApplicationsPage - File uploaded successfully to an input element.
2025-06-18 14:44:18 [main] INFO  l.i.u.p.SubmittedApplicationsPage - File uploaded successfully to an input element.
2025-06-18 14:44:18 [main] INFO  l.i.u.p.SubmittedApplicationsPage - File uploaded successfully to an input element.
2025-06-18 14:44:18 [main] INFO  l.i.u.p.SubmittedApplicationsPage - File uploaded successfully to an input element.
2025-06-18 14:44:18 [main] INFO  l.i.u.p.SubmittedApplicationsPage - File uploaded successfully to an input element.
2025-06-18 14:44:18 [main] INFO  l.i.u.p.SubmittedApplicationsPage - File uploaded successfully to an input element.
2025-06-18 14:44:18 [main] INFO  l.i.u.p.SubmittedApplicationsPage - File uploaded successfully to an input element.
2025-06-18 14:44:18 [main] INFO  l.i.u.p.SubmittedApplicationsPage - File uploaded successfully to an input element.
2025-06-18 14:44:19 [main] DEBUG l.i.u.t.SubmittedApplicationsPageTest - Entered program name: 'Dokumentas 1'.
2025-06-18 14:44:19 [main] DEBUG l.i.u.t.SubmittedApplicationsPageTest - Entered program name: 'Dokumentas 2'.
2025-06-18 14:44:19 [main] DEBUG l.i.u.t.SubmittedApplicationsPageTest - Entered program name: 'Dokumentas 3'.
2025-06-18 14:44:19 [main] DEBUG l.i.u.t.SubmittedApplicationsPageTest - Entered program name: 'Dokumentas 4'.
2025-06-18 14:44:19 [main] DEBUG l.i.u.t.SubmittedApplicationsPageTest - Entered program name: 'Dokumentas 5'.
2025-06-18 14:44:19 [main] DEBUG l.i.u.t.SubmittedApplicationsPageTest - Entered program name: 'Dokumentas 6'.
2025-06-18 14:44:20 [main] DEBUG l.i.u.t.SubmittedApplicationsPageTest - Entered program name: 'Dokumentas 4'.
2025-06-18 14:44:20 [main] DEBUG l.i.u.t.SubmittedApplicationsPageTest - Entered program name: 'Dokumentas 8'.
2025-06-18 14:44:30 [main] DEBUG l.i.u.t.SubmittedApplicationsPageTest - Checked 'ConfirmationDocument'
2025-06-18 14:44:40 [main] DEBUG l.i.u.t.SubmittedApplicationsPageTest - Checked 'ConfirmationApplication'
2025-06-18 14:44:40 [main] DEBUG l.i.u.t.SubmittedApplicationsPageTest - Clicked 'Review' button after checkboxes.
2025-06-18 14:44:41 [main] DEBUG l.i.u.t.SubmittedApplicationsPageTest - Clicked 'SaveDraft' button after checkboxes.
2025-06-18 14:44:41 [main] DEBUG l.i.uztis.pages.ApplicationFormsPage - Verified success message: 'Ruošinys sėkmingai išsaugotas.'
2025-06-18 14:44:41 [main] ERROR l.i.uztis.pages.ApplicationFormsPage - Failed to verify the success message: 'Paraiška sėkmingai pateikta ir užregistruota.'. Available messages: [Ruošinys sėkmingai išsaugotas.]
2025-06-18 14:44:41 [main] INFO  l.i.u.t.SubmittedApplicationsPageTest - Verified success message
2025-06-18 14:44:41 [main] INFO  l.i.u.t.SubmittedApplicationsPageTest - Test 'testFillNewDVPApplicationFA' completed successfully.
2025-06-18 14:45:04 [main] INFO  lt.insoft.uztis.tests.UztisPageTest - Navigated to https://uztisdev.asseco.lt/home
2025-06-18 14:45:04 [main] INFO  l.i.u.t.SubmittedApplicationsPageTest - Starting test:'testFillNewDVPApplicationFA'
2025-06-18 14:45:05 [main] INFO  l.insoft.uztis.tests.utils.TestUtils - Login attempt with user: evaluation_chief
2025-06-18 14:45:05 [main] DEBUG l.i.u.t.SubmittedApplicationsPageTest - User logged in with test credentials
2025-06-18 14:45:05 [main] DEBUG l.i.u.t.SubmittedApplicationsPageTest - Opened 'Application Processing' menu.
2025-06-18 14:45:05 [main] DEBUG l.i.u.t.SubmittedApplicationsPageTest - Clicked on 'Application Forms' menu.
2025-06-18 14:45:06 [main] DEBUG l.i.u.t.SubmittedApplicationsPageTest - Retrieved last description code text: 'TST-DVP-41'.
2025-06-18 14:45:06 [main] DEBUG l.i.u.t.SubmittedApplicationsPageTest - Clicked on 'Invitation' menu.
2025-06-18 14:45:07 [main] DEBUG l.i.u.t.SubmittedApplicationsPageTest - Selected application section by code: 'TST-DVP-41'.
2025-06-18 14:45:07 [main] DEBUG l.i.u.t.SubmittedApplicationsPageTest - Clicked 'Search' button.
2025-06-18 14:45:08 [main] DEBUG l.i.u.t.SubmittedApplicationsPageTest - Retrieved invitation code: ''.
2025-06-18 14:45:08 [main] DEBUG l.i.u.t.SubmittedApplicationsPageTest - Clicked on 'Submitted Applications' menu.
2025-06-18 14:45:09 [main] DEBUG l.i.u.t.SubmittedApplicationsPageTest - Selected invitation by code: 'TST-DVP-41'.
2025-06-18 14:45:09 [main] DEBUG l.i.u.t.SubmittedApplicationsPageTest - Invitation code inserted.
2025-06-18 14:45:09 [main] DEBUG l.i.u.t.SubmittedApplicationsPageTest - Clicked on 'Action Application' button.
2025-06-18 14:45:09 [main] DEBUG l.i.u.t.SubmittedApplicationsPageTest - Clicked on 'New Application' button.
2025-06-18 14:45:10 [main] DEBUG l.i.u.t.SubmittedApplicationsPageTest - Selected the 'RadioButtonFA' option.
2025-06-18 14:45:10 [main] DEBUG l.i.u.t.SubmittedApplicationsPageTest - Entered phone number: '61298745'.
2025-06-18 14:45:10 [main] DEBUG l.i.u.t.SubmittedApplicationsPageTest - Entered email: 'test@autotest.com'.
2025-06-18 14:45:11 [main] DEBUG l.i.u.t.SubmittedApplicationsPageTest - Checked 'For workplace adaptation' checkbox 1.
2025-06-18 14:45:11 [main] DEBUG l.i.u.t.SubmittedApplicationsPageTest - Checked 'For environmental adaptation' checkbox 2.
2025-06-18 14:45:11 [main] INFO  l.i.u.p.SubmittedApplicationsPage - Located the dropdown button.
2025-06-18 14:45:29 [main] INFO  l.i.u.p.SubmittedApplicationsPage - Found 1741 options in the dropdown.
2025-06-18 14:45:29 [main] INFO  l.i.u.p.SubmittedApplicationsPage - Successfully selected the value: '01.11 - Grūdinių (išskyrus ryžius), ankštinių ir aliejingų sėklų augalų auginimas'
2025-06-18 14:45:39 [main] ERROR l.i.u.p.SubmittedApplicationsPage - Failed to close the dropdown with aria-expanded = 'false'. Attempting manual close.
2025-06-18 14:45:39 [main] INFO  l.i.u.p.SubmittedApplicationsPage - Manual close attempt for the dropdown using body click.
2025-06-18 14:45:39 [main] DEBUG l.i.u.t.SubmittedApplicationsPageTest - Selected EVRK value: '01.11 - Grūdinių (išskyrus ryžius), ankštinių ir aliejingų sėklų augalų auginimas'.
2025-06-18 14:45:39 [main] DEBUG l.i.u.t.SubmittedApplicationsPageTest - Clicked on 'Address Component' button.
2025-06-18 14:45:39 [main] INFO  l.i.u.p.SubmittedApplicationsPage - Located the dropdown button.
2025-06-18 14:45:42 [main] INFO  l.i.u.p.SubmittedApplicationsPage - Successfully selected the value: 'Lietuva'
2025-06-18 14:45:42 [main] DEBUG l.i.u.t.SubmittedApplicationsPageTest - Selected country: 'Lietuva'.
2025-06-18 14:45:42 [main] INFO  l.i.u.p.SubmittedApplicationsPage - Located the dropdown search field.
2025-06-18 14:45:42 [main] INFO  l.i.u.p.SubmittedApplicationsPage - Dropdown city is opened.
2025-06-18 14:45:42 [main] INFO  l.i.u.p.SubmittedApplicationsPage - Searched for value: 'Vilnius'
2025-06-18 14:45:43 [main] INFO  l.i.u.p.SubmittedApplicationsPage - Successfully selected: 'Vilnius'
2025-06-18 14:45:43 [main] INFO  l.i.u.p.SubmittedApplicationsPage - Located the dropdown button.
2025-06-18 14:45:44 [main] INFO  l.i.u.p.SubmittedApplicationsPage - Successfully selected the value: 'A. Domaševičiaus g.'
2025-06-18 14:45:44 [main] DEBUG l.i.u.t.SubmittedApplicationsPageTest - Selected street: 'A. Domaševičiaus g.'.
2025-06-18 14:45:44 [main] INFO  l.i.u.p.SubmittedApplicationsPage - Located the dropdown button.
2025-06-18 14:45:44 [main] INFO  l.i.u.p.SubmittedApplicationsPage - Successfully selected the value: '1'
2025-06-18 14:45:44 [main] DEBUG l.i.u.t.SubmittedApplicationsPageTest - Selected house: '1'.
2025-06-18 14:45:44 [main] INFO  l.i.u.p.SubmittedApplicationsPage - Located the dropdown button.
2025-06-18 14:45:44 [main] INFO  l.i.u.p.SubmittedApplicationsPage - Successfully selected the value: '1'
2025-06-18 14:45:45 [main] DEBUG l.i.u.t.SubmittedApplicationsPageTest - Selected apartment: '1'.
2025-06-18 14:45:45 [main] DEBUG l.i.u.t.SubmittedApplicationsPageTest - Clicked 'Confirm' button.
2025-06-18 14:45:45 [main] DEBUG l.i.u.t.SubmittedApplicationsPageTest - Selected 'For already working' option.
2025-06-18 14:45:45 [main] DEBUG l.i.u.t.SubmittedApplicationsPageTest - Selected 'For new working' option.
2025-06-18 14:45:45 [main] DEBUG l.i.u.t.SubmittedApplicationsPageTest - Entered person count2: '1'.
2025-06-18 14:45:45 [main] DEBUG l.i.u.t.SubmittedApplicationsPageTest - Clicked 'Next' button after checkboxes.
2025-06-18 14:45:45 [main] INFO  l.i.u.p.SubmittedApplicationsPage - Located the dropdown button.
2025-06-18 14:45:46 [main] INFO  l.i.u.p.SubmittedApplicationsPage - Successfully selected the value: 'Administratoriai'
2025-06-18 14:45:46 [main] DEBUG l.i.u.t.SubmittedApplicationsPageTest - Selected adaptable job name: 'Administratoriai'.
2025-06-18 14:45:46 [main] DEBUG l.i.u.t.SubmittedApplicationsPageTest - Entered job date.
2025-06-18 14:45:47 [main] DEBUG l.i.u.t.SubmittedApplicationsPageTest - Entered job function: 'Funkcija 1'.
2025-06-18 14:45:47 [main] DEBUG l.i.u.t.SubmittedApplicationsPageTest - Selected 'For already working' 'no' option.
2025-06-18 14:45:47 [main] INFO  l.i.u.p.SubmittedApplicationsPage - Clicking on the dropdown button.
2025-06-18 14:45:47 [main] INFO  l.i.u.p.SubmittedApplicationsPage - Found 6 options in the dropdown.
2025-06-18 14:45:47 [main] DEBUG l.i.u.p.SubmittedApplicationsPage - Checking option: 'Lengvo neįgalumo lygis ar 45-55 procentų dalyvumo lygis (iki 2023 m. gruodžio 31 d. – 45-55 procentų darbingumo lygis)'
2025-06-18 14:45:47 [main] INFO  l.i.u.p.SubmittedApplicationsPage - Successfully selected the value: 'Lengvo neįgalumo lygis ar 45-55 procentų dalyvumo lygis (iki 2023 m. gruodžio 31 d. – 45-55 procentų darbingumo lygis)'
2025-06-18 14:45:47 [main] INFO  l.i.u.p.SubmittedApplicationsPage - Attempting to close the dropdown.
2025-06-18 14:45:48 [main] DEBUG l.i.u.t.SubmittedApplicationsPageTest - Selected disabilities type: 'Lengvo neįgalumo lygis ar 45-55 procentų dalyvumo lygis (iki 2023 m. gruodžio 31 d. – 45-55 procentų darbingumo lygis)'.
2025-06-18 14:45:48 [main] DEBUG l.i.u.t.SubmittedApplicationsPageTest - Entered disability information: 'Negalia 1'.
2025-06-18 14:45:48 [main] DEBUG l.i.u.t.SubmittedApplicationsPageTest - Entered qualification: 'Kvalifikacija 1'.
2025-06-18 14:45:48 [main] DEBUG l.i.u.t.SubmittedApplicationsPageTest - Entered job description: 'Darbo vietos aprašymas 1'.
2025-06-18 14:45:49 [main] DEBUG l.i.u.t.SubmittedApplicationsPageTest - Entered equipment description: 'Priemonių įsigyjimas 1'.
2025-06-18 14:45:49 [main] DEBUG l.i.u.t.SubmittedApplicationsPageTest - Entered work information: 'Darbai 1'.
2025-06-18 14:45:49 [main] INFO  l.i.u.p.SubmittedApplicationsPage - Located the dropdown button.
2025-06-18 14:45:49 [main] INFO  l.i.u.p.SubmittedApplicationsPage - Successfully selected the value: 'Kita'
2025-06-18 14:45:49 [main] DEBUG l.i.u.t.SubmittedApplicationsPageTest - Selected time mode: 'Kita'.
2025-06-18 14:45:50 [main] DEBUG l.i.u.t.SubmittedApplicationsPageTest - Selected time mode other: '6 val. per dieną ir 4 d. per savaitę'.
2025-06-18 14:45:50 [main] DEBUG l.i.u.t.SubmittedApplicationsPageTest - Entered salary amount: '1200'.
2025-06-18 14:45:50 [main] DEBUG l.i.u.t.SubmittedApplicationsPageTest - Entered salary description: 'Užmokestis 1'.
2025-06-18 14:45:50 [main] DEBUG l.i.u.t.SubmittedApplicationsPageTest - Selected 'Temporary Job' radio button.
2025-06-18 14:45:50 [main] DEBUG l.i.u.t.SubmittedApplicationsPageTest - Selected 'Season Job' radio button.
2025-06-18 14:45:51 [main] DEBUG l.i.u.t.SubmittedApplicationsPageTest - Selected 'PVM' radio button.
2025-06-18 14:45:51 [main] INFO  l.i.u.p.SubmittedApplicationsPage - Located the dropdown button.
2025-06-18 14:45:51 [main] INFO  l.i.u.p.SubmittedApplicationsPage - Successfully selected the value: 'Darbo vietos pritaikymui'
2025-06-18 14:46:21 [main] ERROR l.i.u.p.SubmittedApplicationsPage - Timeout while waiting for dropdown to close with aria-expanded = 'false'.
2025-06-18 14:46:21 [main] DEBUG l.i.u.t.SubmittedApplicationsPageTest - Selected adaptable job name: 'Darbo vietos pritaikymui'.
2025-06-18 14:46:21 [main] DEBUG l.i.u.p.SubmittedApplicationsPage - Located and clicked the dropdown button 'Reikalinga'.
2025-06-18 14:46:21 [main] INFO  l.i.u.p.SubmittedApplicationsPage - Successfully selected the value: 'Įsigyti'
2025-06-18 14:46:21 [main] DEBUG l.i.u.t.SubmittedApplicationsPageTest - Selected necessary for job: 'Įsigyti'.
2025-06-18 14:46:22 [main] DEBUG l.i.u.t.SubmittedApplicationsPageTest - Selected tool: 'Darbo priemonė 1'.
2025-06-18 14:46:22 [main] DEBUG l.i.u.t.SubmittedApplicationsPageTest - Selected tool parameter one: 'Darbo priemonės 1 parametras 1'.
2025-06-18 14:46:22 [main] DEBUG l.i.u.t.SubmittedApplicationsPageTest - Selected tool parameter two: 'Darbo priemonės 1 parametras 2'.
2025-06-18 14:46:22 [main] DEBUG l.i.u.t.SubmittedApplicationsPageTest - Selected tool parameter three: 'Darbo priemonės 1 parametras 3'.
2025-06-18 14:46:22 [main] DEBUG l.i.u.t.SubmittedApplicationsPageTest - Entered tool count: '1'.
2025-06-18 14:46:22 [main] DEBUG l.i.u.t.SubmittedApplicationsPageTest - Entered price amount: '1000'.
2025-06-18 14:46:23 [main] DEBUG l.i.u.t.SubmittedApplicationsPageTest - Entered own funds amount: '800'.
2025-06-18 14:46:25 [main] DEBUG l.i.u.t.SubmittedApplicationsPageTest - Clicked 'Add' button.
2025-06-18 14:46:25 [main] INFO  l.i.u.p.SubmittedApplicationsPage - Located the dropdown button.
2025-06-18 14:46:25 [main] INFO  l.i.u.p.SubmittedApplicationsPage - Successfully selected the value: 'Aplinkos pritaikymui'
2025-06-18 14:46:55 [main] ERROR l.i.u.p.SubmittedApplicationsPage - Timeout while waiting for dropdown to close with aria-expanded = 'false'.
2025-06-18 14:46:55 [main] DEBUG l.i.u.t.SubmittedApplicationsPageTest - Selected adaptable job name: 'Aplinkos pritaikymui'.
2025-06-18 14:46:56 [main] DEBUG l.i.u.p.SubmittedApplicationsPage - Located and clicked the dropdown button 'Reikalinga'.
2025-06-18 14:46:56 [main] INFO  l.i.u.p.SubmittedApplicationsPage - Successfully selected the value: 'Remontuoti'
2025-06-18 14:47:06 [main] DEBUG l.i.u.t.SubmittedApplicationsPageTest - Selected necessary for job: 'Remontuoti'.
2025-06-18 14:47:07 [main] DEBUG l.i.u.t.SubmittedApplicationsPageTest - Selected tool: 'Darbo priemonė 2 remontui'.
2025-06-18 14:47:07 [main] DEBUG l.i.u.t.SubmittedApplicationsPageTest - Entered work information: 'Remonto darbai 1'.
2025-06-18 14:47:07 [main] DEBUG l.i.u.t.SubmittedApplicationsPageTest - Entered tool count: '2'.
2025-06-18 14:47:07 [main] DEBUG l.i.u.t.SubmittedApplicationsPageTest - Entered price amount: '1000'.
2025-06-18 14:47:07 [main] DEBUG l.i.u.t.SubmittedApplicationsPageTest - Entered own funds amount: '900'.
2025-06-18 14:47:10 [main] DEBUG l.i.u.t.SubmittedApplicationsPageTest - Clicked 'AddRemoved' button.
2025-06-18 14:47:12 [main] DEBUG l.i.u.t.SubmittedApplicationsPageTest - Clicked 'Remove' button.
2025-06-18 14:47:14 [main] DEBUG l.i.u.t.SubmittedApplicationsPageTest - Clicked 'Remove Confirmation' button.
2025-06-18 14:47:16 [main] DEBUG l.i.u.t.SubmittedApplicationsPageTest - Selected 'De Minimis' radio button.
2025-06-18 14:47:16 [main] DEBUG l.i.u.t.SubmittedApplicationsPageTest - Entered program name: 'Programa 1'.
2025-06-18 14:47:16 [main] DEBUG l.i.u.t.SubmittedApplicationsPageTest - Entered project date from.
2025-06-18 14:47:17 [main] DEBUG l.i.u.t.SubmittedApplicationsPageTest - Entered project date until.
2025-06-18 14:47:17 [main] DEBUG l.i.u.t.SubmittedApplicationsPageTest - Entered support amount: '2000'.
2025-06-18 14:47:17 [main] DEBUG l.i.u.t.SubmittedApplicationsPageTest - Clicked 'Next' button.
2025-06-18 14:47:27 [main] DEBUG l.i.u.t.SubmittedApplicationsPageTest - Checked 'Legal Entities' checkbox 1.
2025-06-18 14:47:37 [main] DEBUG l.i.u.t.SubmittedApplicationsPageTest - Checked 'Legal Entities' checkbox 2.
2025-06-18 14:47:47 [main] DEBUG l.i.u.t.SubmittedApplicationsPageTest - Checked 'Legal Entities' checkbox 3.
2025-06-18 14:47:47 [main] DEBUG l.i.u.t.SubmittedApplicationsPageTest - Test finished: All 'Legal Entities' checkboxes checked successfully.
2025-06-18 14:47:47 [main] DEBUG l.i.u.t.SubmittedApplicationsPageTest - Clicked 'Next' button after checkboxes.
2025-06-18 14:47:57 [main] ERROR l.i.u.p.SubmittedApplicationsPage - Error selecting radio button: Expected condition failed: waiting for element to be clickable: By.xpath: (//input[@type='radio' and @value='false'])[8] (tried for 10 second(s) with 500 milliseconds interval)
Build info: version: '4.27.0', revision: 'd6e718d134'
System info: os.name: 'Windows 11', os.arch: 'amd64', os.version: '10.0', java.version: '21.0.3'
Driver info: org.openqa.selenium.chrome.ChromeDriver
Capabilities {acceptInsecureCerts: false, browserName: chrome, browserVersion: 137.0.7151.119, chrome: {chromedriverVersion: 137.0.7151.119 (e0ac9d12dff..., userDataDir: C:\Users\INGRID~1.ZAD\AppDa...}, fedcm:accounts: true, goog:chromeOptions: {debuggerAddress: localhost:61405}, networkConnectionEnabled: false, pageLoadStrategy: normal, platformName: windows, proxy: Proxy(), se:cdp: ws://localhost:61405/devtoo..., se:cdpVersion: 137.0.7151.119, setWindowRect: true, strictFileInteractability: false, timeouts: {implicit: 0, pageLoad: 300000, script: 30000}, unhandledPromptBehavior: dismiss and notify, webauthn:extension:credBlob: true, webauthn:extension:largeBlob: true, webauthn:extension:minPinLength: true, webauthn:extension:prf: true, webauthn:virtualAuthenticators: true}
Session ID: 5641106719fe40db933e481eb329309f
2025-06-18 14:47:58 [main] INFO  l.i.u.t.SubmittedApplicationsPageTest - Marking 'Ne' radio button 1
2025-06-18 14:48:08 [main] ERROR l.i.u.p.SubmittedApplicationsPage - Error selecting radio button: Expected condition failed: waiting for element to be clickable: By.xpath: (//input[@type='radio' and @value='false'])[9] (tried for 10 second(s) with 500 milliseconds interval)
Build info: version: '4.27.0', revision: 'd6e718d134'
System info: os.name: 'Windows 11', os.arch: 'amd64', os.version: '10.0', java.version: '21.0.3'
Driver info: org.openqa.selenium.chrome.ChromeDriver
Capabilities {acceptInsecureCerts: false, browserName: chrome, browserVersion: 137.0.7151.119, chrome: {chromedriverVersion: 137.0.7151.119 (e0ac9d12dff..., userDataDir: C:\Users\INGRID~1.ZAD\AppDa...}, fedcm:accounts: true, goog:chromeOptions: {debuggerAddress: localhost:61405}, networkConnectionEnabled: false, pageLoadStrategy: normal, platformName: windows, proxy: Proxy(), se:cdp: ws://localhost:61405/devtoo..., se:cdpVersion: 137.0.7151.119, setWindowRect: true, strictFileInteractability: false, timeouts: {implicit: 0, pageLoad: 300000, script: 30000}, unhandledPromptBehavior: dismiss and notify, webauthn:extension:credBlob: true, webauthn:extension:largeBlob: true, webauthn:extension:minPinLength: true, webauthn:extension:prf: true, webauthn:virtualAuthenticators: true}
Session ID: 5641106719fe40db933e481eb329309f
2025-06-18 14:48:08 [main] INFO  l.i.u.t.SubmittedApplicationsPageTest - Marking 'Ne' radio button 2
2025-06-18 14:48:18 [main] ERROR l.i.u.p.SubmittedApplicationsPage - Error selecting radio button: Expected condition failed: waiting for element to be clickable: By.xpath: (//input[@type='radio' and @value='false'])[10] (tried for 10 second(s) with 500 milliseconds interval)
Build info: version: '4.27.0', revision: 'd6e718d134'
System info: os.name: 'Windows 11', os.arch: 'amd64', os.version: '10.0', java.version: '21.0.3'
Driver info: org.openqa.selenium.chrome.ChromeDriver
Capabilities {acceptInsecureCerts: false, browserName: chrome, browserVersion: 137.0.7151.119, chrome: {chromedriverVersion: 137.0.7151.119 (e0ac9d12dff..., userDataDir: C:\Users\INGRID~1.ZAD\AppDa...}, fedcm:accounts: true, goog:chromeOptions: {debuggerAddress: localhost:61405}, networkConnectionEnabled: false, pageLoadStrategy: normal, platformName: windows, proxy: Proxy(), se:cdp: ws://localhost:61405/devtoo..., se:cdpVersion: 137.0.7151.119, setWindowRect: true, strictFileInteractability: false, timeouts: {implicit: 0, pageLoad: 300000, script: 30000}, unhandledPromptBehavior: dismiss and notify, webauthn:extension:credBlob: true, webauthn:extension:largeBlob: true, webauthn:extension:minPinLength: true, webauthn:extension:prf: true, webauthn:virtualAuthenticators: true}
Session ID: 5641106719fe40db933e481eb329309f
2025-06-18 14:48:18 [main] INFO  l.i.u.t.SubmittedApplicationsPageTest - Marking 'Ne' radio button 3
2025-06-18 14:48:28 [main] ERROR l.i.u.p.SubmittedApplicationsPage - Error selecting radio button: Expected condition failed: waiting for element to be clickable: By.xpath: (//input[@type='radio' and @value='false'])[11] (tried for 10 second(s) with 500 milliseconds interval)
Build info: version: '4.27.0', revision: 'd6e718d134'
System info: os.name: 'Windows 11', os.arch: 'amd64', os.version: '10.0', java.version: '21.0.3'
Driver info: org.openqa.selenium.chrome.ChromeDriver
Capabilities {acceptInsecureCerts: false, browserName: chrome, browserVersion: 137.0.7151.119, chrome: {chromedriverVersion: 137.0.7151.119 (e0ac9d12dff..., userDataDir: C:\Users\INGRID~1.ZAD\AppDa...}, fedcm:accounts: true, goog:chromeOptions: {debuggerAddress: localhost:61405}, networkConnectionEnabled: false, pageLoadStrategy: normal, platformName: windows, proxy: Proxy(), se:cdp: ws://localhost:61405/devtoo..., se:cdpVersion: 137.0.7151.119, setWindowRect: true, strictFileInteractability: false, timeouts: {implicit: 0, pageLoad: 300000, script: 30000}, unhandledPromptBehavior: dismiss and notify, webauthn:extension:credBlob: true, webauthn:extension:largeBlob: true, webauthn:extension:minPinLength: true, webauthn:extension:prf: true, webauthn:virtualAuthenticators: true}
Session ID: 5641106719fe40db933e481eb329309f
2025-06-18 14:48:28 [main] INFO  l.i.u.t.SubmittedApplicationsPageTest - Marking 'Ne' radio button 4
2025-06-18 14:48:38 [main] ERROR l.i.u.p.SubmittedApplicationsPage - Error selecting radio button: Expected condition failed: waiting for element to be clickable: By.xpath: (//input[@type='radio' and @value='false'])[12] (tried for 10 second(s) with 500 milliseconds interval)
Build info: version: '4.27.0', revision: 'd6e718d134'
System info: os.name: 'Windows 11', os.arch: 'amd64', os.version: '10.0', java.version: '21.0.3'
Driver info: org.openqa.selenium.chrome.ChromeDriver
Capabilities {acceptInsecureCerts: false, browserName: chrome, browserVersion: 137.0.7151.119, chrome: {chromedriverVersion: 137.0.7151.119 (e0ac9d12dff..., userDataDir: C:\Users\INGRID~1.ZAD\AppDa...}, fedcm:accounts: true, goog:chromeOptions: {debuggerAddress: localhost:61405}, networkConnectionEnabled: false, pageLoadStrategy: normal, platformName: windows, proxy: Proxy(), se:cdp: ws://localhost:61405/devtoo..., se:cdpVersion: 137.0.7151.119, setWindowRect: true, strictFileInteractability: false, timeouts: {implicit: 0, pageLoad: 300000, script: 30000}, unhandledPromptBehavior: dismiss and notify, webauthn:extension:credBlob: true, webauthn:extension:largeBlob: true, webauthn:extension:minPinLength: true, webauthn:extension:prf: true, webauthn:virtualAuthenticators: true}
Session ID: 5641106719fe40db933e481eb329309f
2025-06-18 14:48:38 [main] INFO  l.i.u.t.SubmittedApplicationsPageTest - Marking 'Ne' radio button 5
2025-06-18 14:48:48 [main] ERROR l.i.u.p.SubmittedApplicationsPage - Error selecting radio button: Expected condition failed: waiting for element to be clickable: By.xpath: (//input[@type='radio' and @value='false'])[13] (tried for 10 second(s) with 500 milliseconds interval)
Build info: version: '4.27.0', revision: 'd6e718d134'
System info: os.name: 'Windows 11', os.arch: 'amd64', os.version: '10.0', java.version: '21.0.3'
Driver info: org.openqa.selenium.chrome.ChromeDriver
Capabilities {acceptInsecureCerts: false, browserName: chrome, browserVersion: 137.0.7151.119, chrome: {chromedriverVersion: 137.0.7151.119 (e0ac9d12dff..., userDataDir: C:\Users\INGRID~1.ZAD\AppDa...}, fedcm:accounts: true, goog:chromeOptions: {debuggerAddress: localhost:61405}, networkConnectionEnabled: false, pageLoadStrategy: normal, platformName: windows, proxy: Proxy(), se:cdp: ws://localhost:61405/devtoo..., se:cdpVersion: 137.0.7151.119, setWindowRect: true, strictFileInteractability: false, timeouts: {implicit: 0, pageLoad: 300000, script: 30000}, unhandledPromptBehavior: dismiss and notify, webauthn:extension:credBlob: true, webauthn:extension:largeBlob: true, webauthn:extension:minPinLength: true, webauthn:extension:prf: true, webauthn:virtualAuthenticators: true}
Session ID: 5641106719fe40db933e481eb329309f
2025-06-18 14:48:48 [main] INFO  l.i.u.t.SubmittedApplicationsPageTest - Marking 'Ne' radio button 6
2025-06-18 14:48:58 [main] ERROR l.i.u.p.SubmittedApplicationsPage - Error selecting radio button: Expected condition failed: waiting for element to be clickable: By.xpath: (//input[@type='radio' and @value='true'])[14] (tried for 10 second(s) with 500 milliseconds interval)
Build info: version: '4.27.0', revision: 'd6e718d134'
System info: os.name: 'Windows 11', os.arch: 'amd64', os.version: '10.0', java.version: '21.0.3'
Driver info: org.openqa.selenium.chrome.ChromeDriver
Capabilities {acceptInsecureCerts: false, browserName: chrome, browserVersion: 137.0.7151.119, chrome: {chromedriverVersion: 137.0.7151.119 (e0ac9d12dff..., userDataDir: C:\Users\INGRID~1.ZAD\AppDa...}, fedcm:accounts: true, goog:chromeOptions: {debuggerAddress: localhost:61405}, networkConnectionEnabled: false, pageLoadStrategy: normal, platformName: windows, proxy: Proxy(), se:cdp: ws://localhost:61405/devtoo..., se:cdpVersion: 137.0.7151.119, setWindowRect: true, strictFileInteractability: false, timeouts: {implicit: 0, pageLoad: 300000, script: 30000}, unhandledPromptBehavior: dismiss and notify, webauthn:extension:credBlob: true, webauthn:extension:largeBlob: true, webauthn:extension:minPinLength: true, webauthn:extension:prf: true, webauthn:virtualAuthenticators: true}
Session ID: 5641106719fe40db933e481eb329309f
2025-06-18 14:48:58 [main] INFO  l.i.u.t.SubmittedApplicationsPageTest - Marking 'Taip' radio button 7
2025-06-18 14:49:08 [main] ERROR l.i.u.p.SubmittedApplicationsPage - Error selecting radio button: Expected condition failed: waiting for element to be clickable: By.xpath: (//input[@type='radio' and @value='true'])[15] (tried for 10 second(s) with 500 milliseconds interval)
Build info: version: '4.27.0', revision: 'd6e718d134'
System info: os.name: 'Windows 11', os.arch: 'amd64', os.version: '10.0', java.version: '21.0.3'
Driver info: org.openqa.selenium.chrome.ChromeDriver
Capabilities {acceptInsecureCerts: false, browserName: chrome, browserVersion: 137.0.7151.119, chrome: {chromedriverVersion: 137.0.7151.119 (e0ac9d12dff..., userDataDir: C:\Users\INGRID~1.ZAD\AppDa...}, fedcm:accounts: true, goog:chromeOptions: {debuggerAddress: localhost:61405}, networkConnectionEnabled: false, pageLoadStrategy: normal, platformName: windows, proxy: Proxy(), se:cdp: ws://localhost:61405/devtoo..., se:cdpVersion: 137.0.7151.119, setWindowRect: true, strictFileInteractability: false, timeouts: {implicit: 0, pageLoad: 300000, script: 30000}, unhandledPromptBehavior: dismiss and notify, webauthn:extension:credBlob: true, webauthn:extension:largeBlob: true, webauthn:extension:minPinLength: true, webauthn:extension:prf: true, webauthn:virtualAuthenticators: true}
Session ID: 5641106719fe40db933e481eb329309f
2025-06-18 14:49:08 [main] INFO  l.i.u.t.SubmittedApplicationsPageTest - Marking 'Taip' radio button 8
2025-06-18 14:49:18 [main] ERROR l.i.u.p.SubmittedApplicationsPage - Error selecting radio button: Expected condition failed: waiting for element to be clickable: By.xpath: (//input[@type='radio' and @value='true'])[16] (tried for 10 second(s) with 500 milliseconds interval)
Build info: version: '4.27.0', revision: 'd6e718d134'
System info: os.name: 'Windows 11', os.arch: 'amd64', os.version: '10.0', java.version: '21.0.3'
Driver info: org.openqa.selenium.chrome.ChromeDriver
Capabilities {acceptInsecureCerts: false, browserName: chrome, browserVersion: 137.0.7151.119, chrome: {chromedriverVersion: 137.0.7151.119 (e0ac9d12dff..., userDataDir: C:\Users\INGRID~1.ZAD\AppDa...}, fedcm:accounts: true, goog:chromeOptions: {debuggerAddress: localhost:61405}, networkConnectionEnabled: false, pageLoadStrategy: normal, platformName: windows, proxy: Proxy(), se:cdp: ws://localhost:61405/devtoo..., se:cdpVersion: 137.0.7151.119, setWindowRect: true, strictFileInteractability: false, timeouts: {implicit: 0, pageLoad: 300000, script: 30000}, unhandledPromptBehavior: dismiss and notify, webauthn:extension:credBlob: true, webauthn:extension:largeBlob: true, webauthn:extension:minPinLength: true, webauthn:extension:prf: true, webauthn:virtualAuthenticators: true}
Session ID: 5641106719fe40db933e481eb329309f
2025-06-18 14:49:18 [main] INFO  l.i.u.t.SubmittedApplicationsPageTest - Marking 'Taip' radio button 9
2025-06-18 14:49:28 [main] ERROR l.i.u.p.SubmittedApplicationsPage - Error selecting radio button: Expected condition failed: waiting for element to be clickable: By.xpath: (//input[@type='radio' and @value='true'])[17] (tried for 10 second(s) with 500 milliseconds interval)
Build info: version: '4.27.0', revision: 'd6e718d134'
System info: os.name: 'Windows 11', os.arch: 'amd64', os.version: '10.0', java.version: '21.0.3'
Driver info: org.openqa.selenium.chrome.ChromeDriver
Capabilities {acceptInsecureCerts: false, browserName: chrome, browserVersion: 137.0.7151.119, chrome: {chromedriverVersion: 137.0.7151.119 (e0ac9d12dff..., userDataDir: C:\Users\INGRID~1.ZAD\AppDa...}, fedcm:accounts: true, goog:chromeOptions: {debuggerAddress: localhost:61405}, networkConnectionEnabled: false, pageLoadStrategy: normal, platformName: windows, proxy: Proxy(), se:cdp: ws://localhost:61405/devtoo..., se:cdpVersion: 137.0.7151.119, setWindowRect: true, strictFileInteractability: false, timeouts: {implicit: 0, pageLoad: 300000, script: 30000}, unhandledPromptBehavior: dismiss and notify, webauthn:extension:credBlob: true, webauthn:extension:largeBlob: true, webauthn:extension:minPinLength: true, webauthn:extension:prf: true, webauthn:virtualAuthenticators: true}
Session ID: 5641106719fe40db933e481eb329309f
2025-06-18 14:49:28 [main] INFO  l.i.u.t.SubmittedApplicationsPageTest - Marking 'Taip' radio button 10
2025-06-18 14:49:38 [main] ERROR l.i.u.p.SubmittedApplicationsPage - Error selecting radio button: Expected condition failed: waiting for element to be clickable: By.xpath: (//input[@type='radio' and @value='true'])[18] (tried for 10 second(s) with 500 milliseconds interval)
Build info: version: '4.27.0', revision: 'd6e718d134'
System info: os.name: 'Windows 11', os.arch: 'amd64', os.version: '10.0', java.version: '21.0.3'
Driver info: org.openqa.selenium.chrome.ChromeDriver
Capabilities {acceptInsecureCerts: false, browserName: chrome, browserVersion: 137.0.7151.119, chrome: {chromedriverVersion: 137.0.7151.119 (e0ac9d12dff..., userDataDir: C:\Users\INGRID~1.ZAD\AppDa...}, fedcm:accounts: true, goog:chromeOptions: {debuggerAddress: localhost:61405}, networkConnectionEnabled: false, pageLoadStrategy: normal, platformName: windows, proxy: Proxy(), se:cdp: ws://localhost:61405/devtoo..., se:cdpVersion: 137.0.7151.119, setWindowRect: true, strictFileInteractability: false, timeouts: {implicit: 0, pageLoad: 300000, script: 30000}, unhandledPromptBehavior: dismiss and notify, webauthn:extension:credBlob: true, webauthn:extension:largeBlob: true, webauthn:extension:minPinLength: true, webauthn:extension:prf: true, webauthn:virtualAuthenticators: true}
Session ID: 5641106719fe40db933e481eb329309f
2025-06-18 14:49:38 [main] INFO  l.i.u.t.SubmittedApplicationsPageTest - Marking 'Taip' radio button 11
2025-06-18 14:49:48 [main] ERROR l.i.u.p.SubmittedApplicationsPage - Error selecting radio button: Expected condition failed: waiting for element to be clickable: By.xpath: (//input[@type='radio' and @value='true'])[19] (tried for 10 second(s) with 500 milliseconds interval)
Build info: version: '4.27.0', revision: 'd6e718d134'
System info: os.name: 'Windows 11', os.arch: 'amd64', os.version: '10.0', java.version: '21.0.3'
Driver info: org.openqa.selenium.chrome.ChromeDriver
Capabilities {acceptInsecureCerts: false, browserName: chrome, browserVersion: 137.0.7151.119, chrome: {chromedriverVersion: 137.0.7151.119 (e0ac9d12dff..., userDataDir: C:\Users\INGRID~1.ZAD\AppDa...}, fedcm:accounts: true, goog:chromeOptions: {debuggerAddress: localhost:61405}, networkConnectionEnabled: false, pageLoadStrategy: normal, platformName: windows, proxy: Proxy(), se:cdp: ws://localhost:61405/devtoo..., se:cdpVersion: 137.0.7151.119, setWindowRect: true, strictFileInteractability: false, timeouts: {implicit: 0, pageLoad: 300000, script: 30000}, unhandledPromptBehavior: dismiss and notify, webauthn:extension:credBlob: true, webauthn:extension:largeBlob: true, webauthn:extension:minPinLength: true, webauthn:extension:prf: true, webauthn:virtualAuthenticators: true}
Session ID: 5641106719fe40db933e481eb329309f
2025-06-18 14:49:48 [main] INFO  l.i.u.t.SubmittedApplicationsPageTest - Marking 'Taip' radio button 12
2025-06-18 14:49:58 [main] DEBUG l.i.u.t.SubmittedApplicationsPageTest - Checked 'ConfirmationStepFour'
2025-06-18 14:49:59 [main] DEBUG l.i.u.t.SubmittedApplicationsPageTest - Clicked 'Next' button after checkboxes.
2025-06-18 14:49:59 [main] INFO  l.i.u.p.SubmittedApplicationsPage - File uploaded successfully to an input element.
2025-06-18 14:49:59 [main] INFO  l.i.u.p.SubmittedApplicationsPage - File uploaded successfully to an input element.
2025-06-18 14:49:59 [main] INFO  l.i.u.p.SubmittedApplicationsPage - File uploaded successfully to an input element.
2025-06-18 14:49:59 [main] INFO  l.i.u.p.SubmittedApplicationsPage - File uploaded successfully to an input element.
2025-06-18 14:49:59 [main] INFO  l.i.u.p.SubmittedApplicationsPage - File uploaded successfully to an input element.
2025-06-18 14:49:59 [main] INFO  l.i.u.p.SubmittedApplicationsPage - File uploaded successfully to an input element.
2025-06-18 14:49:59 [main] INFO  l.i.u.p.SubmittedApplicationsPage - File uploaded successfully to an input element.
2025-06-18 14:49:59 [main] INFO  l.i.u.p.SubmittedApplicationsPage - File uploaded successfully to an input element.
2025-06-18 14:49:59 [main] DEBUG l.i.u.t.SubmittedApplicationsPageTest - Entered program name: 'Dokumentas 1'.
2025-06-18 14:50:00 [main] DEBUG l.i.u.t.SubmittedApplicationsPageTest - Entered program name: 'Dokumentas 2'.
2025-06-18 14:50:00 [main] DEBUG l.i.u.t.SubmittedApplicationsPageTest - Entered program name: 'Dokumentas 3'.
2025-06-18 14:50:00 [main] DEBUG l.i.u.t.SubmittedApplicationsPageTest - Entered program name: 'Dokumentas 4'.
2025-06-18 14:50:00 [main] DEBUG l.i.u.t.SubmittedApplicationsPageTest - Entered program name: 'Dokumentas 5'.
2025-06-18 14:50:00 [main] DEBUG l.i.u.t.SubmittedApplicationsPageTest - Entered program name: 'Dokumentas 6'.
2025-06-18 14:50:00 [main] DEBUG l.i.u.t.SubmittedApplicationsPageTest - Entered program name: 'Dokumentas 4'.
2025-06-18 14:50:00 [main] DEBUG l.i.u.t.SubmittedApplicationsPageTest - Entered program name: 'Dokumentas 8'.
2025-06-18 14:50:11 [main] DEBUG l.i.u.t.SubmittedApplicationsPageTest - Checked 'ConfirmationDocument'
2025-06-18 14:50:21 [main] DEBUG l.i.u.t.SubmittedApplicationsPageTest - Checked 'ConfirmationApplication'
2025-06-18 14:50:21 [main] DEBUG l.i.u.t.SubmittedApplicationsPageTest - Clicked 'Review' button after checkboxes.
2025-06-18 14:50:21 [main] DEBUG l.i.u.t.SubmittedApplicationsPageTest - Clicked 'SaveDraft' button after checkboxes.
2025-06-18 14:50:21 [main] DEBUG l.i.uztis.pages.ApplicationFormsPage - Verified success message: 'Ruošinys sėkmingai išsaugotas.'
2025-06-18 14:50:21 [main] ERROR l.i.uztis.pages.ApplicationFormsPage - Failed to verify the success message: 'Paraiška sėkmingai pateikta ir užregistruota.'. Available messages: [Ruošinys sėkmingai išsaugotas.]
2025-06-18 14:50:21 [main] INFO  l.i.u.t.SubmittedApplicationsPageTest - Verified success message
2025-06-18 14:50:21 [main] INFO  l.i.u.t.SubmittedApplicationsPageTest - Test 'testFillNewDVPApplicationFA' completed successfully.
2025-06-19 15:28:21 [main] INFO  lt.insoft.uztis.tests.UztisPageTest - Navigated to https://uztisdev.asseco.lt/home
2025-06-19 15:28:21 [main] INFO  l.i.u.tests.ApplicationFormsPageTest - Setup complete. ApplicationFormsPage initialized.
2025-06-19 15:28:21 [main] INFO  l.i.u.tests.ApplicationFormsPageTest - Starting test:'testCreateNewDvpApplication'
2025-06-19 15:28:21 [main] INFO  l.insoft.uztis.tests.utils.TestUtils - Login attempt with user: evaluation_chief
2025-06-19 15:28:21 [main] DEBUG l.i.u.tests.ApplicationFormsPageTest - User logged in with test credentials
2025-06-19 15:28:22 [main] DEBUG l.i.u.tests.ApplicationFormsPageTest - Opened 'Application Processing' menu.
2025-06-19 15:28:22 [main] DEBUG l.i.u.tests.ApplicationFormsPageTest - Clicked on 'Application Forms' menu.
2025-06-19 15:28:23 [main] DEBUG l.i.u.tests.ApplicationFormsPageTest - Clicked to create a new application form.
2025-06-19 15:28:23 [main] DEBUG l.i.u.tests.ApplicationFormsPageTest - Entered random application code: TST-DVP-33
2025-06-19 15:28:23 [main] DEBUG l.i.u.tests.ApplicationFormsPageTest - Selected 'Municipality' radio button.
2025-06-19 15:28:23 [main] INFO  l.i.uztis.pages.ApplicationFormsPage - Located the dropdown button.
2025-06-19 15:28:24 [main] INFO  l.i.uztis.pages.ApplicationFormsPage - Successfully selected the value: 'Priemonių organizavimo departamentas'
2025-06-19 15:28:34 [main] ERROR l.i.uztis.pages.ApplicationFormsPage - Failed to close the dropdown with aria-expanded = 'false'.
2025-06-19 15:28:34 [main] DEBUG l.i.u.tests.ApplicationFormsPageTest - Selected a value from the 'Municipality' dropdown: 'Priemonių organizavimo departamentas'
2025-06-19 15:28:34 [main] DEBUG l.i.u.tests.ApplicationFormsPageTest - Selected 'Budget By Country' radio button.
2025-06-19 15:28:34 [main] DEBUG l.i.u.tests.ApplicationFormsPageTest - Selected 'Financed Without Queue' option.
2025-06-19 15:28:34 [main] INFO  l.i.uztis.pages.ApplicationFormsPage - Located the dropdown button.
2025-06-19 15:28:35 [main] INFO  l.i.uztis.pages.ApplicationFormsPage - Successfully selected the value: 'DVP atitiktis URP'
2025-06-19 15:28:46 [main] ERROR l.i.uztis.pages.ApplicationFormsPage - Failed to close the dropdown with aria-expanded = 'false'.
2025-06-19 15:28:46 [main] DEBUG l.i.u.tests.ApplicationFormsPageTest - Selected a value from the 'EvaluationOne' dropdown: 'DVP atitiktis URP'
2025-06-19 15:28:46 [main] DEBUG l.i.u.tests.ApplicationFormsPageTest - Clicked 'Plus' button.
2025-06-19 15:28:47 [main] DEBUG l.i.u.tests.ApplicationFormsPageTest - Clicked 'Add' button seven times.
2025-06-19 15:28:47 [main] INFO  l.i.uztis.pages.ApplicationFormsPage - Processing dropdown index: 0
2025-06-19 15:28:57 [main] ERROR l.i.uztis.pages.ApplicationFormsPage - Timeout while waiting for dropdown to close at index: 0 with aria-expanded = 'false'
2025-06-19 15:28:57 [main] INFO  l.i.uztis.pages.ApplicationFormsPage - Processing dropdown index: 1
2025-06-19 15:29:08 [main] ERROR l.i.uztis.pages.ApplicationFormsPage - Timeout while waiting for dropdown to close at index: 1 with aria-expanded = 'false'
2025-06-19 15:29:08 [main] INFO  l.i.uztis.pages.ApplicationFormsPage - Processing dropdown index: 2
2025-06-19 15:29:18 [main] ERROR l.i.uztis.pages.ApplicationFormsPage - Timeout while waiting for dropdown to close at index: 2 with aria-expanded = 'false'
2025-06-19 15:29:18 [main] INFO  l.i.uztis.pages.ApplicationFormsPage - Processing dropdown index: 3
2025-06-19 15:29:28 [main] ERROR l.i.uztis.pages.ApplicationFormsPage - Timeout while waiting for dropdown to close at index: 3 with aria-expanded = 'false'
2025-06-19 15:29:28 [main] INFO  l.i.uztis.pages.ApplicationFormsPage - Processing dropdown index: 4
2025-06-19 15:29:39 [main] ERROR l.i.uztis.pages.ApplicationFormsPage - Timeout while waiting for dropdown to close at index: 4 with aria-expanded = 'false'
2025-06-19 15:29:39 [main] INFO  l.i.uztis.pages.ApplicationFormsPage - Processing dropdown index: 5
2025-06-19 15:29:50 [main] ERROR l.i.uztis.pages.ApplicationFormsPage - Timeout while waiting for dropdown to close at index: 5 with aria-expanded = 'false'
2025-06-19 15:29:50 [main] INFO  l.i.uztis.pages.ApplicationFormsPage - Processing dropdown index: 6
2025-06-19 15:30:00 [main] ERROR l.i.uztis.pages.ApplicationFormsPage - Timeout while waiting for dropdown to close at index: 6 with aria-expanded = 'false'
2025-06-19 15:30:00 [main] INFO  l.i.uztis.pages.ApplicationFormsPage - Processing dropdown index: 7
2025-06-19 15:30:10 [main] ERROR l.i.uztis.pages.ApplicationFormsPage - Timeout while waiting for dropdown to close at index: 7 with aria-expanded = 'false'
2025-06-19 15:30:10 [main] INFO  l.i.uztis.pages.ApplicationFormsPage - Processing input field index: 0
2025-06-19 15:30:10 [main] INFO  l.i.uztis.pages.ApplicationFormsPage - Entered value '50' into field index: 0
2025-06-19 15:30:10 [main] INFO  l.i.uztis.pages.ApplicationFormsPage - Processing input field index: 1
2025-06-19 15:30:10 [main] INFO  l.i.uztis.pages.ApplicationFormsPage - Entered value '924' into field index: 1
2025-06-19 15:30:10 [main] INFO  l.i.uztis.pages.ApplicationFormsPage - Processing input field index: 2
2025-06-19 15:30:11 [main] INFO  l.i.uztis.pages.ApplicationFormsPage - Entered value '31' into field index: 2
2025-06-19 15:30:11 [main] INFO  l.i.uztis.pages.ApplicationFormsPage - Processing input field index: 3
2025-06-19 15:30:11 [main] INFO  l.i.uztis.pages.ApplicationFormsPage - Entered value '4.7' into field index: 3
2025-06-19 15:30:11 [main] INFO  l.i.uztis.pages.ApplicationFormsPage - Processing input field index: 4
2025-06-19 15:30:11 [main] INFO  l.i.uztis.pages.ApplicationFormsPage - Entered value '35' into field index: 4
2025-06-19 15:30:11 [main] INFO  l.i.uztis.pages.ApplicationFormsPage - Processing input field index: 5
2025-06-19 15:30:11 [main] INFO  l.i.uztis.pages.ApplicationFormsPage - Entered value '20' into field index: 5
2025-06-19 15:30:11 [main] INFO  l.i.uztis.pages.ApplicationFormsPage - Processing input field index: 6
2025-06-19 15:30:11 [main] INFO  l.i.uztis.pages.ApplicationFormsPage - Entered value '30' into field index: 6
2025-06-19 15:30:11 [main] INFO  l.i.uztis.pages.ApplicationFormsPage - Processing input field index: 7
2025-06-19 15:30:11 [main] INFO  l.i.uztis.pages.ApplicationFormsPage - Entered value '60' into field index: 7
2025-06-19 15:30:11 [main] DEBUG l.i.u.tests.ApplicationFormsPageTest - Entered additional values and text.
2025-06-19 15:30:11 [main] DEBUG l.i.u.tests.ApplicationFormsPageTest - Entered application name: DVP paraiška
2025-06-19 15:30:11 [main] DEBUG l.i.u.tests.ApplicationFormsPageTest - Clicked the 'Save' button.
2025-06-19 15:30:12 [main] DEBUG l.i.uztis.pages.ApplicationFormsPage - Verified success message: 'Duomenys sėkmingai išsaugoti.'
2025-06-19 15:30:12 [main] INFO  l.i.u.tests.ApplicationFormsPageTest - Verified success message
2025-06-19 15:30:12 [main] INFO  l.i.u.tests.ApplicationFormsPageTest - Verified that the 'Save Form' button is displayed.
2025-06-19 15:30:12 [main] INFO  l.i.u.tests.ApplicationFormsPageTest - Test 'testCreateNewDvpApplication' completed successfully.
2025-06-19 15:30:51 [main] INFO  lt.insoft.uztis.tests.UztisPageTest - Navigated to https://uztisdev.asseco.lt/home
2025-06-19 15:30:51 [main] INFO  l.i.u.tests.ApplicationFormsPageTest - Setup complete. ApplicationFormsPage initialized.
2025-06-19 15:30:51 [main] INFO  l.i.u.tests.ApplicationFormsPageTest - Starting test:'testAddContractDVP'
2025-06-19 15:30:52 [main] INFO  l.insoft.uztis.tests.utils.TestUtils - Login attempt with user: evaluation_chief
2025-06-19 15:30:52 [main] DEBUG l.i.u.tests.ApplicationFormsPageTest - User logged in with test credentials
2025-06-19 15:30:53 [main] DEBUG l.i.u.tests.ApplicationFormsPageTest - Opened 'Application Processing' menu.
2025-06-19 15:30:53 [main] DEBUG l.i.u.tests.ApplicationFormsPageTest - Clicked on 'Application Forms' menu.
2025-06-19 15:30:54 [main] DEBUG l.i.u.tests.ApplicationFormsPageTest - Selected the last application description.
2025-06-19 15:30:54 [main] DEBUG l.i.u.tests.ApplicationFormsPageTest - Clicked 'Project Progress' tab.
2025-06-19 15:30:55 [main] DEBUG l.i.u.tests.ApplicationFormsPageTest - Clicked the 'Edit' button.
2025-06-19 15:30:55 [main] INFO  l.i.uztis.pages.ApplicationFormsPage - Opening the dropdown.
2025-06-19 15:30:58 [main] INFO  l.i.uztis.pages.ApplicationFormsPage - Selected the value: 'Darbo vietų pritaikymo ir finansavimo sutartis'
2025-06-19 15:31:08 [main] ERROR l.i.uztis.pages.ApplicationFormsPage - Dropdown did not close as expected.
2025-06-19 15:31:08 [main] DEBUG l.i.u.tests.ApplicationFormsPageTest - Selected a value from the 'Document' dropdown: 'Darbo vietų pritaikymo ir finansavimo sutartis'
2025-06-19 15:31:08 [main] INFO  l.i.uztis.pages.ApplicationFormsPage - Opening the dropdown.
2025-06-19 15:31:12 [main] INFO  l.i.uztis.pages.ApplicationFormsPage - Selected the value: 'Sprendimas dėl išmokos'
2025-06-19 15:31:22 [main] ERROR l.i.uztis.pages.ApplicationFormsPage - Dropdown did not close as expected.
2025-06-19 15:31:22 [main] DEBUG l.i.u.tests.ApplicationFormsPageTest - Selected a value from the 'Document' dropdown: 'Sprendimas dėl išmokos'
2025-06-19 15:31:22 [main] INFO  l.i.uztis.pages.ApplicationFormsPage - Opening the dropdown.
2025-06-19 15:31:26 [main] INFO  l.i.uztis.pages.ApplicationFormsPage - Selected the value: 'Sprendimas dėl išmokos'
2025-06-19 15:31:36 [main] ERROR l.i.uztis.pages.ApplicationFormsPage - Dropdown did not close as expected.
2025-06-19 15:31:36 [main] DEBUG l.i.u.tests.ApplicationFormsPageTest - Selected a value from the 'Document' dropdown: 'Sprendimas dėl išmokos'
2025-06-19 15:31:36 [main] DEBUG l.i.u.tests.ApplicationFormsPageTest - Clicked the 'Save' button.
2025-06-19 15:31:37 [main] ERROR l.i.uztis.pages.ApplicationFormsPage - Failed to verify the success message: 'Funkcija sėkmingai atlikta.'. Available messages: [Duomenys sėkmingai išsaugoti.]
2025-06-19 15:31:37 [main] INFO  l.i.u.tests.ApplicationFormsPageTest - Verified success message
2025-06-19 15:31:37 [main] INFO  l.i.u.tests.ApplicationFormsPageTest - Test 'testAddContractDVP' completed successfully.
2025-06-19 15:32:02 [main] INFO  lt.insoft.uztis.tests.UztisPageTest - Navigated to https://uztisdev.asseco.lt/home
2025-06-19 15:32:02 [main] INFO  l.i.uztis.tests.InvitationsPageTest - Starting test:'testCreateNewDvpInvitation'
2025-06-19 15:32:02 [main] INFO  l.insoft.uztis.tests.utils.TestUtils - Login attempt with user: evaluation_chief
2025-06-19 15:32:02 [main] DEBUG l.i.uztis.tests.InvitationsPageTest - User logged in with test credentials
2025-06-19 15:32:03 [main] DEBUG l.i.uztis.tests.InvitationsPageTest - Opened 'Application Processing' menu.
2025-06-19 15:32:03 [main] DEBUG l.i.uztis.tests.InvitationsPageTest - Clicked on 'Application Forms' menu.
2025-06-19 15:32:03 [main] DEBUG l.i.uztis.tests.InvitationsPageTest - Navigating to application forms menu.
2025-06-19 15:32:04 [main] DEBUG l.i.uztis.tests.InvitationsPageTest - Retrieved last description code text: 'TST-DVP-33'.
2025-06-19 15:32:04 [main] DEBUG l.i.uztis.tests.InvitationsPageTest - Clicked on 'Invitation' menu.
2025-06-19 15:32:04 [main] DEBUG l.i.uztis.tests.InvitationsPageTest - Clicked 'Create New Application Form'.
2025-06-19 15:32:06 [main] DEBUG l.i.uztis.tests.InvitationsPageTest - Selected section by code: 'TST-DVP-33'.
2025-06-19 15:32:06 [main] INFO  l.insoft.uztis.pages.InvitationsPage - Located the dropdown button.
2025-06-19 15:32:17 [main] ERROR l.insoft.uztis.pages.InvitationsPage - Timeout while waiting for dropdown to close with aria-expanded = 'false'.
2025-06-19 15:32:17 [main] DEBUG l.i.uztis.tests.InvitationsPageTest - Selected invitation number from the list.
2025-06-19 15:32:17 [main] DEBUG l.i.uztis.tests.InvitationsPageTest - Entered current date.
2025-06-19 15:32:18 [main] DEBUG l.i.uztis.tests.InvitationsPageTest - Entered start time: 00:00.
2025-06-19 15:32:18 [main] DEBUG l.i.uztis.tests.InvitationsPageTest - Entered end date.
2025-06-19 15:32:18 [main] DEBUG l.i.uztis.tests.InvitationsPageTest - Entered end time: 11:11.
2025-06-19 15:32:19 [main] DEBUG l.i.uztis.tests.InvitationsPageTest - Entered publication end date.
2025-06-19 15:32:19 [main] DEBUG l.i.uztis.tests.InvitationsPageTest - Added additional values.
2025-06-19 15:32:19 [main] INFO  l.insoft.uztis.pages.InvitationsPage - Located the dropdown button.
2025-06-19 15:32:20 [main] DEBUG l.i.uztis.tests.InvitationsPageTest - Selected the value: 'Didžiausia galima paramos suma aplinkos darbo vietai, Eur'
2025-06-19 15:32:20 [main] INFO  l.insoft.uztis.pages.InvitationsPage - Located the dropdown button.
2025-06-19 15:32:20 [main] DEBUG l.i.uztis.tests.InvitationsPageTest - Selected the value: 'Didžiausia galima paramos suma, Eur'
2025-06-19 15:32:20 [main] INFO  l.insoft.uztis.pages.InvitationsPage - Located the dropdown button.
2025-06-19 15:32:21 [main] DEBUG l.i.uztis.tests.InvitationsPageTest - Selected the value: 'Didžiausia galima paramos suma vienai darbo vietai, Eur'
2025-06-19 15:32:22 [main] DEBUG l.i.uztis.tests.InvitationsPageTest - Entered value: 11000
2025-06-19 15:32:22 [main] DEBUG l.i.uztis.tests.InvitationsPageTest - Entered value: 12000
2025-06-19 15:32:22 [main] DEBUG l.i.uztis.tests.InvitationsPageTest - Entered value: 13000
2025-06-19 15:32:22 [main] DEBUG l.i.uztis.tests.InvitationsPageTest - Checked 'Legal Entities' checkbox.
2025-06-19 15:32:22 [main] DEBUG l.i.uztis.tests.InvitationsPageTest - Checked 'Legal Entities' checkbox.
2025-06-19 15:32:22 [main] DEBUG l.i.uztis.tests.InvitationsPageTest - Unchecked 'Persons Registered with Employment Service' checkbox.
2025-06-19 15:32:22 [main] DEBUG l.i.uztis.tests.InvitationsPageTest - Checked 'Persons Registered as Employers' checkbox.
2025-06-19 15:32:23 [main] DEBUG l.i.uztis.tests.InvitationsPageTest - Entered budget: '2000'.
2025-06-19 15:32:23 [main] DEBUG l.i.uztis.tests.InvitationsPageTest - Entered description text: 'Aprašo tekstas'.
2025-06-19 15:32:23 [main] DEBUG l.i.uztis.tests.InvitationsPageTest - Entered applicants text: 'Pareiškėjų tekstas'.
2025-06-19 15:32:23 [main] DEBUG l.i.uztis.tests.InvitationsPageTest - Entered expenditures text: 'Išlaidų tekstas'.
2025-06-19 15:32:23 [main] DEBUG l.i.uztis.tests.InvitationsPageTest - Entered legislation text: 'Teisės aktų tekstas'.
2025-06-19 15:32:23 [main] DEBUG l.i.uztis.tests.InvitationsPageTest - Entered education text: 'Mokymų tekstas'.
2025-06-19 15:32:23 [main] DEBUG l.i.uztis.tests.InvitationsPageTest - File uploaded.
2025-06-19 15:32:23 [main] DEBUG l.i.uztis.tests.InvitationsPageTest - Clicked 'Publish'.
2025-06-19 15:32:24 [main] DEBUG l.i.uztis.tests.InvitationsPageTest - Publication confirmed.
2025-06-19 15:32:25 [main] DEBUG l.i.uztis.pages.ApplicationFormsPage - Verified success message: 'Funkcija sėkmingai atlikta.'
2025-06-19 15:32:25 [main] INFO  l.i.uztis.tests.InvitationsPageTest - Verified success message
2025-06-19 15:32:25 [main] INFO  l.i.uztis.tests.InvitationsPageTest - Test 'testCreateNewDvpInvitation' completed successfully.
2025-06-20 08:41:41 [main] INFO  lt.insoft.uztis.tests.UztisPageTest - Navigated to https://uztisdev.asseco.lt/home
2025-06-20 08:41:41 [main] INFO  l.i.u.tests.ApplicationFormsPageTest - Setup complete. ApplicationFormsPage initialized.
2025-06-20 08:41:41 [main] INFO  l.i.u.tests.ApplicationFormsPageTest - Starting test:'testCreateNewPvkApplication'
2025-06-20 08:41:41 [main] INFO  l.insoft.uztis.tests.utils.TestUtils - Login attempt with user: evaluation_chief
2025-06-20 08:41:41 [main] DEBUG l.i.u.tests.ApplicationFormsPageTest - User logged in with test credentials
2025-06-20 08:41:42 [main] DEBUG l.i.u.tests.ApplicationFormsPageTest - Opened 'Application Processing' menu.
2025-06-20 08:41:42 [main] DEBUG l.i.u.tests.ApplicationFormsPageTest - Clicked on 'Application Forms' menu.
2025-06-20 08:41:42 [main] DEBUG l.i.u.tests.ApplicationFormsPageTest - Clicked to create a new application form.
2025-06-20 08:41:42 [main] DEBUG l.i.u.tests.ApplicationFormsPageTest - Entered random application code: TST-PVK-70
2025-06-20 08:41:42 [main] DEBUG l.i.u.tests.ApplicationFormsPageTest - Selected 'Municipality' radio button.
2025-06-20 08:41:42 [main] INFO  l.i.uztis.pages.ApplicationFormsPage - Located the dropdown button.
2025-06-20 08:41:43 [main] INFO  l.i.uztis.pages.ApplicationFormsPage - Successfully selected the value: 'Priemonių organizavimo departamentas'
2025-06-20 08:41:54 [main] ERROR l.i.uztis.pages.ApplicationFormsPage - Failed to close the dropdown with aria-expanded = 'false'.
2025-06-20 08:41:54 [main] DEBUG l.i.u.tests.ApplicationFormsPageTest - Selected a value from the 'Municipality' dropdown: 'Priemonių organizavimo departamentas'
2025-06-20 08:41:54 [main] DEBUG l.i.u.tests.ApplicationFormsPageTest - Selected 'Budget by Municipality' option.
2025-06-20 08:41:54 [main] DEBUG l.i.u.tests.ApplicationFormsPageTest - Selected 'Financed By Queue' radio button.
2025-06-20 08:41:54 [main] DEBUG l.i.u.tests.ApplicationFormsPageTest - Clicked 'Add' button.
2025-06-20 08:41:54 [main] INFO  l.i.uztis.pages.ApplicationFormsPage - Located the dropdown button.
2025-06-20 08:41:55 [main] INFO  l.i.uztis.pages.ApplicationFormsPage - Successfully selected the value: 'PVK atitiktis URP'
2025-06-20 08:42:05 [main] ERROR l.i.uztis.pages.ApplicationFormsPage - Failed to close the dropdown with aria-expanded = 'false'.
2025-06-20 08:42:05 [main] DEBUG l.i.u.tests.ApplicationFormsPageTest - Selected a value from the 'EvaluationOne' dropdown: 'PVK atitiktis URP'
2025-06-20 08:42:05 [main] INFO  l.i.uztis.pages.ApplicationFormsPage - Located the dropdown button.
2025-06-20 08:42:06 [main] INFO  l.i.uztis.pages.ApplicationFormsPage - Successfully selected the value: 'PVK atitiktis kokybės kriterijams'
2025-06-20 08:42:16 [main] ERROR l.i.uztis.pages.ApplicationFormsPage - Failed to close the dropdown with aria-expanded = 'false'.
2025-06-20 08:42:16 [main] DEBUG l.i.u.tests.ApplicationFormsPageTest - Selected a value from the 'EvaluationTwon' dropdown: 'PVK atitiktis kokybės kriterijams'
2025-06-20 08:42:16 [main] INFO  l.i.uztis.pages.ApplicationFormsPage - Located the dropdown button.
2025-06-20 08:42:17 [main] INFO  l.i.uztis.pages.ApplicationFormsPage - Successfully selected the value: 'PVK gynimo vertinimo forma'
2025-06-20 08:42:28 [main] ERROR l.i.uztis.pages.ApplicationFormsPage - Failed to close the dropdown with aria-expanded = 'false'.
2025-06-20 08:42:28 [main] DEBUG l.i.u.tests.ApplicationFormsPageTest - Selected a value from the 'EvaluationThree' dropdown: 'PVK gynimo vertinimo forma'
2025-06-20 08:42:28 [main] DEBUG l.i.u.tests.ApplicationFormsPageTest - Clicked 'Plus' button.
2025-06-20 08:42:28 [main] DEBUG l.i.u.tests.ApplicationFormsPageTest - Clicked 'Add' button seven times.
2025-06-20 08:42:28 [main] INFO  l.i.uztis.pages.ApplicationFormsPage - Processing dropdown index: 0
2025-06-20 08:42:39 [main] ERROR l.i.uztis.pages.ApplicationFormsPage - Timeout while waiting for dropdown to close at index: 0 with aria-expanded = 'false'
2025-06-20 08:42:39 [main] INFO  l.i.uztis.pages.ApplicationFormsPage - Processing dropdown index: 1
2025-06-20 08:42:49 [main] ERROR l.i.uztis.pages.ApplicationFormsPage - Timeout while waiting for dropdown to close at index: 1 with aria-expanded = 'false'
2025-06-20 08:42:49 [main] INFO  l.i.uztis.pages.ApplicationFormsPage - Processing dropdown index: 2
2025-06-20 08:42:59 [main] ERROR l.i.uztis.pages.ApplicationFormsPage - Timeout while waiting for dropdown to close at index: 2 with aria-expanded = 'false'
2025-06-20 08:42:59 [main] INFO  l.i.uztis.pages.ApplicationFormsPage - Processing dropdown index: 3
2025-06-20 08:43:10 [main] ERROR l.i.uztis.pages.ApplicationFormsPage - Timeout while waiting for dropdown to close at index: 3 with aria-expanded = 'false'
2025-06-20 08:43:10 [main] INFO  l.i.uztis.pages.ApplicationFormsPage - Processing dropdown index: 4
2025-06-20 08:43:20 [main] ERROR l.i.uztis.pages.ApplicationFormsPage - Timeout while waiting for dropdown to close at index: 4 with aria-expanded = 'false'
2025-06-20 08:43:20 [main] INFO  l.i.uztis.pages.ApplicationFormsPage - Processing dropdown index: 5
2025-06-20 08:43:31 [main] ERROR l.i.uztis.pages.ApplicationFormsPage - Timeout while waiting for dropdown to close at index: 5 with aria-expanded = 'false'
2025-06-20 08:43:31 [main] INFO  l.i.uztis.pages.ApplicationFormsPage - Processing dropdown index: 6
2025-06-20 08:43:42 [main] ERROR l.i.uztis.pages.ApplicationFormsPage - Timeout while waiting for dropdown to close at index: 6 with aria-expanded = 'false'
2025-06-20 08:43:42 [main] INFO  l.i.uztis.pages.ApplicationFormsPage - Processing dropdown index: 7
2025-06-20 08:43:52 [main] ERROR l.i.uztis.pages.ApplicationFormsPage - Timeout while waiting for dropdown to close at index: 7 with aria-expanded = 'false'
2025-06-20 08:43:52 [main] INFO  l.i.uztis.pages.ApplicationFormsPage - Processing input field index: 0
2025-06-20 08:43:52 [main] INFO  l.i.uztis.pages.ApplicationFormsPage - Entered value '50' into field index: 0
2025-06-20 08:43:52 [main] INFO  l.i.uztis.pages.ApplicationFormsPage - Processing input field index: 1
2025-06-20 08:43:52 [main] INFO  l.i.uztis.pages.ApplicationFormsPage - Entered value '924' into field index: 1
2025-06-20 08:43:52 [main] INFO  l.i.uztis.pages.ApplicationFormsPage - Processing input field index: 2
2025-06-20 08:43:52 [main] INFO  l.i.uztis.pages.ApplicationFormsPage - Entered value '31' into field index: 2
2025-06-20 08:43:52 [main] INFO  l.i.uztis.pages.ApplicationFormsPage - Processing input field index: 3
2025-06-20 08:43:52 [main] INFO  l.i.uztis.pages.ApplicationFormsPage - Entered value '4.7' into field index: 3
2025-06-20 08:43:52 [main] INFO  l.i.uztis.pages.ApplicationFormsPage - Processing input field index: 4
2025-06-20 08:43:53 [main] INFO  l.i.uztis.pages.ApplicationFormsPage - Entered value '35' into field index: 4
2025-06-20 08:43:53 [main] INFO  l.i.uztis.pages.ApplicationFormsPage - Processing input field index: 5
2025-06-20 08:43:53 [main] INFO  l.i.uztis.pages.ApplicationFormsPage - Entered value '20' into field index: 5
2025-06-20 08:43:53 [main] INFO  l.i.uztis.pages.ApplicationFormsPage - Processing input field index: 6
2025-06-20 08:43:53 [main] INFO  l.i.uztis.pages.ApplicationFormsPage - Entered value '30' into field index: 6
2025-06-20 08:43:53 [main] INFO  l.i.uztis.pages.ApplicationFormsPage - Processing input field index: 7
2025-06-20 08:43:53 [main] INFO  l.i.uztis.pages.ApplicationFormsPage - Entered value '60' into field index: 7
2025-06-20 08:43:53 [main] DEBUG l.i.u.tests.ApplicationFormsPageTest - Entered additional values and text.
2025-06-20 08:43:53 [main] DEBUG l.i.u.tests.ApplicationFormsPageTest - Entered application name: PVK paraiška
2025-06-20 08:43:53 [main] INFO  l.i.u.tests.ApplicationFormsPageTest - Test 'testCreateNewPvkApplication' completed successfully.
2025-06-20 08:45:33 [main] INFO  lt.insoft.uztis.tests.UztisPageTest - Navigated to https://uztisdev.asseco.lt/home
2025-06-20 08:45:33 [main] INFO  l.i.u.tests.ApplicationFormsPageTest - Setup complete. ApplicationFormsPage initialized.
2025-06-20 08:45:33 [main] INFO  l.i.u.tests.ApplicationFormsPageTest - Starting test:'testAddContractPVK'
2025-06-20 08:45:34 [main] INFO  l.insoft.uztis.tests.utils.TestUtils - Login attempt with user: evaluation_chief
2025-06-20 08:45:34 [main] DEBUG l.i.u.tests.ApplicationFormsPageTest - User logged in with test credentials
2025-06-20 08:45:34 [main] DEBUG l.i.u.tests.ApplicationFormsPageTest - Opened 'Application Processing' menu.
2025-06-20 08:45:35 [main] DEBUG l.i.u.tests.ApplicationFormsPageTest - Clicked on 'Application Forms' menu.
2025-06-20 08:45:35 [main] DEBUG l.i.u.tests.ApplicationFormsPageTest - Selected the last application description.
2025-06-20 08:45:35 [main] DEBUG l.i.u.tests.ApplicationFormsPageTest - Clicked 'Project Progress' tab.
2025-06-20 08:45:36 [main] DEBUG l.i.u.tests.ApplicationFormsPageTest - Clicked the 'Edit' button.
2025-06-20 08:45:36 [main] INFO  l.i.uztis.pages.ApplicationFormsPage - Opening the dropdown.
2025-06-20 08:45:39 [main] INFO  l.i.uztis.pages.ApplicationFormsPage - Selected the value: 'Paramos verslui kurti sutartis'
2025-06-20 08:45:49 [main] ERROR l.i.uztis.pages.ApplicationFormsPage - Dropdown did not close as expected.
2025-06-20 08:45:49 [main] DEBUG l.i.u.tests.ApplicationFormsPageTest - Selected a value from the 'Document' dropdown: 'Paramos verslui kurti sutartis'
2025-06-20 08:45:49 [main] INFO  l.i.uztis.pages.ApplicationFormsPage - Opening the dropdown.
2025-06-20 08:45:53 [main] INFO  l.i.uztis.pages.ApplicationFormsPage - Selected the value: 'Sprendimas dėl išmokos'
2025-06-20 08:46:03 [main] ERROR l.i.uztis.pages.ApplicationFormsPage - Dropdown did not close as expected.
2025-06-20 08:46:03 [main] DEBUG l.i.u.tests.ApplicationFormsPageTest - Selected a value from the 'Document' dropdown: 'Sprendimas dėl išmokos'
2025-06-20 08:46:03 [main] INFO  l.i.uztis.pages.ApplicationFormsPage - Opening the dropdown.
2025-06-20 08:46:06 [main] INFO  l.i.uztis.pages.ApplicationFormsPage - Selected the value: 'Sprendimas dėl išmokos'
2025-06-20 08:46:17 [main] ERROR l.i.uztis.pages.ApplicationFormsPage - Dropdown did not close as expected.
2025-06-20 08:46:17 [main] DEBUG l.i.u.tests.ApplicationFormsPageTest - Selected a value from the 'Document' dropdown: 'Sprendimas dėl išmokos'
2025-06-20 08:46:17 [main] DEBUG l.i.u.tests.ApplicationFormsPageTest - Clicked the 'Save' button.
2025-06-20 08:46:17 [main] ERROR l.i.uztis.pages.ApplicationFormsPage - Failed to verify the success message: 'Funkcija sėkmingai atlikta.'. Available messages: [Duomenys sėkmingai išsaugoti.]
2025-06-20 08:46:17 [main] INFO  l.i.u.tests.ApplicationFormsPageTest - Verified success message
2025-06-20 08:46:17 [main] INFO  l.i.u.tests.ApplicationFormsPageTest - Test 'testAddContractPVK' completed successfully.
2025-06-20 08:46:40 [main] INFO  lt.insoft.uztis.tests.UztisPageTest - Navigated to https://uztisdev.asseco.lt/home
2025-06-20 08:46:40 [main] INFO  l.i.uztis.tests.InvitationsPageTest - Starting test:'testCreateNewPvkInvitation'
2025-06-20 08:46:40 [main] INFO  l.insoft.uztis.tests.utils.TestUtils - Login attempt with user: evaluation_chief
2025-06-20 08:46:40 [main] DEBUG l.i.uztis.tests.InvitationsPageTest - User logged in with test credentials
2025-06-20 08:46:41 [main] DEBUG l.i.uztis.tests.InvitationsPageTest - Opened 'Application Processing' menu.
2025-06-20 08:46:41 [main] DEBUG l.i.uztis.tests.InvitationsPageTest - Clicked on 'Application Forms' menu.
2025-06-20 08:46:41 [main] DEBUG l.i.uztis.tests.InvitationsPageTest - Navigating to application forms menu.
2025-06-20 08:46:41 [main] DEBUG l.i.uztis.tests.InvitationsPageTest - Retrieved last description code text: 'TST-PVK-70'.
2025-06-20 08:46:41 [main] DEBUG l.i.uztis.tests.InvitationsPageTest - Clicked on 'Invitation' menu.
2025-06-20 08:46:42 [main] DEBUG l.i.uztis.tests.InvitationsPageTest - Clicked 'Create New Application Form'.
2025-06-20 08:46:43 [main] DEBUG l.i.uztis.tests.InvitationsPageTest - Selected section by code: 'TST-PVK-70'.
2025-06-20 08:46:43 [main] INFO  l.insoft.uztis.pages.InvitationsPage - Located the dropdown button.
2025-06-20 08:46:54 [main] ERROR l.insoft.uztis.pages.InvitationsPage - Timeout while waiting for dropdown to close with aria-expanded = 'false'.
2025-06-20 08:46:54 [main] DEBUG l.i.uztis.tests.InvitationsPageTest - Selected invitation number from the list.
2025-06-20 08:46:54 [main] DEBUG l.i.uztis.tests.InvitationsPageTest - Entered current date.
2025-06-20 08:46:54 [main] DEBUG l.i.uztis.tests.InvitationsPageTest - Entered start time: 00:00.
2025-06-20 08:46:55 [main] DEBUG l.i.uztis.tests.InvitationsPageTest - Entered end date.
2025-06-20 08:46:55 [main] DEBUG l.i.uztis.tests.InvitationsPageTest - Entered end time: 11:11.
2025-06-20 08:46:55 [main] DEBUG l.i.uztis.tests.InvitationsPageTest - Entered publication end date.
2025-06-20 08:46:55 [main] DEBUG l.i.uztis.tests.InvitationsPageTest - Added additional values.
2025-06-20 08:46:55 [main] INFO  l.insoft.uztis.pages.InvitationsPage - Located the dropdown button.
2025-06-20 08:46:56 [main] DEBUG l.i.uztis.tests.InvitationsPageTest - Selected the value: 'Didžiausia galima paramos suma aplinkos darbo vietai, Eur'
2025-06-20 08:46:56 [main] INFO  l.insoft.uztis.pages.InvitationsPage - Located the dropdown button.
2025-06-20 08:46:57 [main] DEBUG l.i.uztis.tests.InvitationsPageTest - Selected the value: 'Didžiausia galima paramos suma, Eur'
2025-06-20 08:46:57 [main] INFO  l.insoft.uztis.pages.InvitationsPage - Located the dropdown button.
2025-06-20 08:46:57 [main] DEBUG l.i.uztis.tests.InvitationsPageTest - Selected the value: 'Didžiausia galima paramos suma vienai darbo vietai, Eur'
2025-06-20 08:46:58 [main] DEBUG l.i.uztis.tests.InvitationsPageTest - Entered value: 11000
2025-06-20 08:46:58 [main] DEBUG l.i.uztis.tests.InvitationsPageTest - Entered value: 12000
2025-06-20 08:46:58 [main] DEBUG l.i.uztis.tests.InvitationsPageTest - Entered value: 13000
2025-06-20 08:46:58 [main] DEBUG l.i.uztis.tests.InvitationsPageTest - Checked 'Legal Entities' checkbox.
2025-06-20 08:46:58 [main] DEBUG l.i.uztis.tests.InvitationsPageTest - Checked 'Legal Entities' checkbox.
2025-06-20 08:46:58 [main] DEBUG l.i.uztis.tests.InvitationsPageTest - Unchecked 'Persons Registered with Employment Service' checkbox.
2025-06-20 08:46:59 [main] DEBUG l.i.uztis.tests.InvitationsPageTest - Checked 'Persons Registered as Employers' checkbox.
2025-06-20 08:46:59 [main] DEBUG l.i.uztis.tests.InvitationsPageTest - Entered second evaluation grade: '5'.
2025-06-20 08:46:59 [main] DEBUG l.i.uztis.tests.InvitationsPageTest - Entered third evaluation grade: '6'.
2025-06-20 08:46:59 [main] DEBUG l.i.uztis.tests.InvitationsPageTest - Entered second evaluation grade weight: '0,45'.
2025-06-20 08:46:59 [main] DEBUG l.i.uztis.tests.InvitationsPageTest - Entered third evaluation grade weight: '0,55'.
2025-06-20 08:46:59 [main] DEBUG l.i.uztis.tests.InvitationsPageTest - Entered budget: '2000'.
2025-06-20 08:46:59 [main] DEBUG l.i.uztis.tests.InvitationsPageTest - Entered budget: '2000'.
2025-06-20 08:46:59 [main] DEBUG l.i.uztis.tests.InvitationsPageTest - Entered budget: '2000'.
2025-06-20 08:46:59 [main] DEBUG l.i.uztis.tests.InvitationsPageTest - Entered budget: '2000'.
2025-06-20 08:46:59 [main] DEBUG l.i.uztis.tests.InvitationsPageTest - Entered budget: '2000'.
2025-06-20 08:47:00 [main] DEBUG l.i.uztis.tests.InvitationsPageTest - Entered description text: 'Aprašo tekstas'.
2025-06-20 08:47:00 [main] DEBUG l.i.uztis.tests.InvitationsPageTest - Entered applicants text: 'Pareiškėjų tekstas'.
2025-06-20 08:47:00 [main] DEBUG l.i.uztis.tests.InvitationsPageTest - Entered expenditures text: 'Išlaidų tekstas'.
2025-06-20 08:47:00 [main] DEBUG l.i.uztis.tests.InvitationsPageTest - Entered legislation text: 'Teisės aktų tekstas'.
2025-06-20 08:47:00 [main] DEBUG l.i.uztis.tests.InvitationsPageTest - Entered education text: 'Mokymų tekstas'.
2025-06-20 08:47:00 [main] DEBUG l.i.uztis.tests.InvitationsPageTest - File uploaded.
2025-06-20 08:47:00 [main] DEBUG l.i.uztis.tests.InvitationsPageTest - Clicked 'Publish'.
2025-06-20 08:47:00 [main] DEBUG l.i.uztis.tests.InvitationsPageTest - Publication confirmed.
2025-06-20 08:47:01 [main] DEBUG l.i.uztis.pages.ApplicationFormsPage - Verified success message: 'Funkcija sėkmingai atlikta.'
2025-06-20 08:47:01 [main] INFO  l.i.uztis.tests.InvitationsPageTest - Verified success message
2025-06-20 08:47:01 [main] INFO  l.i.uztis.tests.InvitationsPageTest - Test 'testCreateNewPvkInvitation' completed successfully.
2025-06-20 08:47:24 [main] INFO  lt.insoft.uztis.tests.UztisPageTest - Navigated to https://uztisdev.asseco.lt/home
2025-06-20 08:47:25 [main] INFO  l.i.uztis.tests.InvitationsPageTest - Starting test:'testInsertVui_PvkStatisticInformation'
2025-06-20 08:47:25 [main] INFO  l.insoft.uztis.tests.utils.TestUtils - Login attempt with user: evaluation_chief
2025-06-20 08:47:25 [main] DEBUG l.i.uztis.tests.InvitationsPageTest - User logged in with test credentials
2025-06-20 08:47:26 [main] DEBUG l.i.uztis.tests.InvitationsPageTest - Opened 'Application Processing' menu.
2025-06-20 08:47:26 [main] DEBUG l.i.uztis.tests.InvitationsPageTest - Clicked on 'Application Forms' menu.
2025-06-20 08:47:26 [main] DEBUG l.i.uztis.tests.InvitationsPageTest - Navigating to invitation forms menu.
2025-06-20 08:47:26 [main] DEBUG l.i.uztis.tests.InvitationsPageTest - Retrieved last description code text: 'TST-PVK-70'.
2025-06-20 08:47:26 [main] DEBUG l.i.uztis.tests.InvitationsPageTest - Clicked on 'Invitation' menu.
2025-06-20 08:47:28 [main] DEBUG l.i.uztis.tests.InvitationsPageTest - Selected section by code: 'TST-PVK-70'.
2025-06-20 08:47:28 [main] DEBUG l.i.uztis.tests.InvitationsPageTest - Clicked 'Search'.
2025-06-20 08:47:28 [main] DEBUG l.i.uztis.tests.InvitationsPageTest - Getting and inserting application code text.
2025-06-20 08:47:28 [main] DEBUG l.i.uztis.tests.InvitationsPageTest - Clicked 'Publishing'.
2025-06-20 08:47:29 [main] DEBUG l.i.uztis.tests.InvitationsPageTest - Clicked 'Statistic Information' tab.
2025-06-20 08:47:29 [main] DEBUG l.i.uztis.tests.InvitationsPageTest - Clicked 'Edit' button.
2025-06-20 08:47:29 [main] DEBUG l.i.uztis.tests.InvitationsPageTest - Entered current date.
2025-06-20 08:47:29 [main] DEBUG l.i.uztis.tests.InvitationsPageTest - Entered value: 8.7
2025-06-20 08:47:29 [main] DEBUG l.i.uztis.tests.InvitationsPageTest - Entered average salary: 2237.9
2025-06-20 08:47:29 [main] DEBUG l.i.uztis.tests.InvitationsPageTest - File uploaded.
2025-06-20 08:47:29 [main] DEBUG l.i.uztis.tests.InvitationsPageTest - Clicked 'Save' button.
2025-06-20 08:47:30 [main] DEBUG l.i.uztis.pages.ApplicationFormsPage - Verified success message: 'Funkcija sėkmingai atlikta.'
2025-06-20 08:47:30 [main] INFO  l.i.uztis.tests.InvitationsPageTest - Verified success message
2025-06-20 08:47:30 [main] INFO  l.i.uztis.tests.InvitationsPageTest - Test 'testInsertVui_PvkStatisticInformation' completed successfully.
2025-06-20 12:47:29 [main] INFO  lt.insoft.uztis.tests.UztisPageTest - Navigated to https://uztisdev.asseco.lt/home
2025-06-20 12:47:29 [main] INFO  l.i.u.tests.ApplicationFormsPageTest - Setup complete. ApplicationFormsPage initialized.
2025-06-20 12:47:29 [main] INFO  l.i.u.tests.ApplicationFormsPageTest - Starting test:'testCreateNewVuiApplication'
2025-06-20 12:47:30 [main] INFO  l.insoft.uztis.tests.utils.TestUtils - Login attempt with user: evaluation_chief
2025-06-20 12:47:30 [main] DEBUG l.i.u.tests.ApplicationFormsPageTest - User logged in with test credentials
2025-06-20 12:47:30 [main] DEBUG l.i.u.tests.ApplicationFormsPageTest - Opened 'Application Processing' menu.
2025-06-20 12:47:30 [main] DEBUG l.i.u.tests.ApplicationFormsPageTest - Clicked on 'Application Forms' menu.
2025-06-20 12:47:31 [main] DEBUG l.i.u.tests.ApplicationFormsPageTest - Clicked to create a new application form.
2025-06-20 12:47:31 [main] DEBUG l.i.u.tests.ApplicationFormsPageTest - Entered random application code: TST-VUI-88
2025-06-20 12:47:31 [main] DEBUG l.i.u.tests.ApplicationFormsPageTest - Selected 'Section' radio button.
2025-06-20 12:47:31 [main] INFO  l.i.uztis.pages.ApplicationFormsPage - Located the dropdown button.
2025-06-20 12:47:33 [main] INFO  l.i.uztis.pages.ApplicationFormsPage - Successfully selected the value: 'Priemonių organizavimo departamentas / Priemonių organizavimo 1-asis skyrius'
2025-06-20 12:47:43 [main] ERROR l.i.uztis.pages.ApplicationFormsPage - Failed to close the dropdown with aria-expanded = 'false'.
2025-06-20 12:47:43 [main] DEBUG l.i.u.tests.ApplicationFormsPageTest - Selected a value from the 'Section' dropdown: 'Priemonių organizavimo departamentas / Priemonių organizavimo 1-asis skyrius'
2025-06-20 12:47:43 [main] DEBUG l.i.u.tests.ApplicationFormsPageTest - Selected 'Budget by Municipality' option.
2025-06-20 12:47:43 [main] DEBUG l.i.u.tests.ApplicationFormsPageTest - Selected 'Financed Without Queue' option.
2025-06-20 12:47:44 [main] DEBUG l.i.u.tests.ApplicationFormsPageTest - Clicked 'Add' button.
2025-06-20 12:47:44 [main] INFO  l.i.uztis.pages.ApplicationFormsPage - Located the dropdown button.
2025-06-20 12:47:44 [main] INFO  l.i.uztis.pages.ApplicationFormsPage - Successfully selected the value: 'VUI atitiktis URP'
2025-06-20 12:47:55 [main] ERROR l.i.uztis.pages.ApplicationFormsPage - Failed to close the dropdown with aria-expanded = 'false'.
2025-06-20 12:47:55 [main] DEBUG l.i.u.tests.ApplicationFormsPageTest - Selected a value from the 'EvaluationOne' dropdown: 'VUI atitiktis URP'
2025-06-20 12:47:55 [main] INFO  l.i.uztis.pages.ApplicationFormsPage - Located the dropdown button.
2025-06-20 12:47:55 [main] INFO  l.i.uztis.pages.ApplicationFormsPage - Successfully selected the value: 'VUI atitiktis kokybės kriterijams'
2025-06-20 12:48:05 [main] ERROR l.i.uztis.pages.ApplicationFormsPage - Failed to close the dropdown with aria-expanded = 'false'.
2025-06-20 12:48:05 [main] DEBUG l.i.u.tests.ApplicationFormsPageTest - Selected a value from the 'EvaluationTwon' dropdown: 'VUI atitiktis kokybės kriterijams'
2025-06-20 12:48:05 [main] INFO  l.i.uztis.pages.ApplicationFormsPage - Located the dropdown button.
2025-06-20 12:48:06 [main] INFO  l.i.uztis.pages.ApplicationFormsPage - Successfully selected the value: 'VUI gynimo vertinimo forma'
2025-06-20 12:48:16 [main] ERROR l.i.uztis.pages.ApplicationFormsPage - Failed to close the dropdown with aria-expanded = 'false'.
2025-06-20 12:48:16 [main] DEBUG l.i.u.tests.ApplicationFormsPageTest - Selected a value from the 'EvaluationThree' dropdown: 'VUI gynimo vertinimo forma'
2025-06-20 12:48:16 [main] DEBUG l.i.u.tests.ApplicationFormsPageTest - Clicked 'Plus' button.
2025-06-20 12:48:17 [main] DEBUG l.i.u.tests.ApplicationFormsPageTest - Clicked 'Add' button seven times.
2025-06-20 12:48:17 [main] INFO  l.i.uztis.pages.ApplicationFormsPage - Processing dropdown index: 0
2025-06-20 12:48:27 [main] ERROR l.i.uztis.pages.ApplicationFormsPage - Timeout while waiting for dropdown to close at index: 0 with aria-expanded = 'false'
2025-06-20 12:48:27 [main] INFO  l.i.uztis.pages.ApplicationFormsPage - Processing dropdown index: 1
2025-06-20 12:48:38 [main] ERROR l.i.uztis.pages.ApplicationFormsPage - Timeout while waiting for dropdown to close at index: 1 with aria-expanded = 'false'
2025-06-20 12:48:38 [main] INFO  l.i.uztis.pages.ApplicationFormsPage - Processing dropdown index: 2
2025-06-20 12:48:49 [main] ERROR l.i.uztis.pages.ApplicationFormsPage - Timeout while waiting for dropdown to close at index: 2 with aria-expanded = 'false'
2025-06-20 12:48:49 [main] INFO  l.i.uztis.pages.ApplicationFormsPage - Processing dropdown index: 3
2025-06-20 12:49:00 [main] ERROR l.i.uztis.pages.ApplicationFormsPage - Timeout while waiting for dropdown to close at index: 3 with aria-expanded = 'false'
2025-06-20 12:49:00 [main] INFO  l.i.uztis.pages.ApplicationFormsPage - Processing dropdown index: 4
2025-06-20 12:49:11 [main] ERROR l.i.uztis.pages.ApplicationFormsPage - Timeout while waiting for dropdown to close at index: 4 with aria-expanded = 'false'
2025-06-20 12:49:11 [main] INFO  l.i.uztis.pages.ApplicationFormsPage - Processing dropdown index: 5
2025-06-20 12:49:22 [main] ERROR l.i.uztis.pages.ApplicationFormsPage - Timeout while waiting for dropdown to close at index: 5 with aria-expanded = 'false'
2025-06-20 12:49:22 [main] INFO  l.i.uztis.pages.ApplicationFormsPage - Processing dropdown index: 6
2025-06-20 12:49:32 [main] ERROR l.i.uztis.pages.ApplicationFormsPage - Timeout while waiting for dropdown to close at index: 6 with aria-expanded = 'false'
2025-06-20 12:49:32 [main] INFO  l.i.uztis.pages.ApplicationFormsPage - Processing dropdown index: 7
2025-06-20 12:49:43 [main] ERROR l.i.uztis.pages.ApplicationFormsPage - Timeout while waiting for dropdown to close at index: 7 with aria-expanded = 'false'
2025-06-20 12:49:43 [main] INFO  l.i.uztis.pages.ApplicationFormsPage - Processing input field index: 0
2025-06-20 12:49:43 [main] INFO  l.i.uztis.pages.ApplicationFormsPage - Entered value '50' into field index: 0
2025-06-20 12:49:43 [main] INFO  l.i.uztis.pages.ApplicationFormsPage - Processing input field index: 1
2025-06-20 12:49:43 [main] INFO  l.i.uztis.pages.ApplicationFormsPage - Entered value '924' into field index: 1
2025-06-20 12:49:43 [main] INFO  l.i.uztis.pages.ApplicationFormsPage - Processing input field index: 2
2025-06-20 12:49:44 [main] INFO  l.i.uztis.pages.ApplicationFormsPage - Entered value '31' into field index: 2
2025-06-20 12:49:44 [main] INFO  l.i.uztis.pages.ApplicationFormsPage - Processing input field index: 3
2025-06-20 12:49:44 [main] INFO  l.i.uztis.pages.ApplicationFormsPage - Entered value '4.7' into field index: 3
2025-06-20 12:49:44 [main] INFO  l.i.uztis.pages.ApplicationFormsPage - Processing input field index: 4
2025-06-20 12:49:44 [main] INFO  l.i.uztis.pages.ApplicationFormsPage - Entered value '35' into field index: 4
2025-06-20 12:49:44 [main] INFO  l.i.uztis.pages.ApplicationFormsPage - Processing input field index: 5
2025-06-20 12:49:44 [main] INFO  l.i.uztis.pages.ApplicationFormsPage - Entered value '20' into field index: 5
2025-06-20 12:49:44 [main] INFO  l.i.uztis.pages.ApplicationFormsPage - Processing input field index: 6
2025-06-20 12:49:44 [main] INFO  l.i.uztis.pages.ApplicationFormsPage - Entered value '30' into field index: 6
2025-06-20 12:49:44 [main] INFO  l.i.uztis.pages.ApplicationFormsPage - Processing input field index: 7
2025-06-20 12:49:44 [main] INFO  l.i.uztis.pages.ApplicationFormsPage - Entered value '60' into field index: 7
2025-06-20 12:49:44 [main] DEBUG l.i.u.tests.ApplicationFormsPageTest - Entered additional values and text.
2025-06-20 12:49:44 [main] DEBUG l.i.u.tests.ApplicationFormsPageTest - Entered application name: VUI paraiška
2025-06-20 12:49:44 [main] DEBUG l.i.u.tests.ApplicationFormsPageTest - Clicked the 'Save' button.
2025-06-20 12:49:45 [main] DEBUG l.i.uztis.pages.ApplicationFormsPage - Verified success message: 'Duomenys sėkmingai išsaugoti.'
2025-06-20 12:49:45 [main] INFO  l.i.u.tests.ApplicationFormsPageTest - Verified success message
2025-06-20 12:49:45 [main] INFO  l.i.u.tests.ApplicationFormsPageTest - Verified that the 'Save Form' button is displayed.
2025-06-20 12:49:45 [main] INFO  l.i.u.tests.ApplicationFormsPageTest - Test 'testCreateNewVuiApplication' completed successfully.
2025-06-20 12:54:34 [main] INFO  lt.insoft.uztis.tests.UztisPageTest - Navigated to https://uztisdev.asseco.lt/home
2025-06-20 12:54:35 [main] INFO  l.i.u.tests.ApplicationFormsPageTest - Setup complete. ApplicationFormsPage initialized.
2025-06-20 12:54:35 [main] INFO  l.i.u.tests.ApplicationFormsPageTest - Starting test:'testEditAndSaveVuiApplication'
2025-06-20 12:54:35 [main] INFO  l.insoft.uztis.tests.utils.TestUtils - Login attempt with user: evaluation_chief
2025-06-20 12:54:35 [main] DEBUG l.i.u.tests.ApplicationFormsPageTest - User logged in with test credentials
2025-06-20 12:54:36 [main] DEBUG l.i.u.tests.ApplicationFormsPageTest - Opened 'Application Processing' menu.
2025-06-20 12:54:36 [main] DEBUG l.i.u.tests.ApplicationFormsPageTest - Clicked on 'Application Forms' menu.
2025-06-20 12:54:36 [main] DEBUG l.i.u.tests.ApplicationFormsPageTest - Selected the last application description.
2025-06-20 12:54:37 [main] DEBUG l.i.u.tests.ApplicationFormsPageTest - Clicked the 'Edit' button.
2025-06-20 12:54:37 [main] DEBUG l.i.u.tests.ApplicationFormsPageTest - Selected 'Municipality' radio button.
2025-06-20 12:54:37 [main] INFO  l.i.uztis.pages.ApplicationFormsPage - Located the dropdown button.
2025-06-20 12:54:40 [main] WARN  l.i.uztis.pages.ApplicationFormsPage - The value 'Priemonių organizavimo departamentas' was not found among the options.
2025-06-20 12:54:50 [main] ERROR l.i.uztis.pages.ApplicationFormsPage - Failed to close the dropdown with aria-expanded = 'false'.
2025-06-20 12:54:50 [main] DEBUG l.i.u.tests.ApplicationFormsPageTest - Selected a value from the 'Municipality' dropdown: 'Priemonių organizavimo departamentas'
2025-06-20 12:54:51 [main] ERROR l.i.u.tests.ApplicationFormsPageTest - Test 'testEditAndSaveVuiApplication' failed with error: element click intercepted: Element <input type="radio" aria-invalid="false" class="mdc-radio__native-control" id="mat-radio-11-input" name="mat-radio-group-4" value="GLOBAL" tabindex="-1"> is not clickable at point (376, 760). Other element would receive the click: <mat-option role="option" class="mat-mdc-option mdc-list-item" id="mat-option-15" aria-selected="false" aria-disabled="false">...</mat-option>
  (Session info: chrome=137.0.7151.120)
Build info: version: '4.27.0', revision: 'd6e718d134'
System info: os.name: 'Windows 11', os.arch: 'amd64', os.version: '10.0', java.version: '21.0.3'
Driver info: org.openqa.selenium.chrome.ChromeDriver
Command: [9347b32cfbe3e5037e14a88a250d9e3b, clickElement {id=f.B4656ED767E6F7B33D28C9F4EA77F636.d.11B1EFAE4C26F0D1DF85E23A2E066028.e.114}]
Capabilities {acceptInsecureCerts: false, browserName: chrome, browserVersion: 137.0.7151.120, chrome: {chromedriverVersion: 137.0.7151.119 (e0ac9d12dff..., userDataDir: C:\Users\INGRID~1.ZAD\AppDa...}, fedcm:accounts: true, goog:chromeOptions: {debuggerAddress: localhost:55093}, networkConnectionEnabled: false, pageLoadStrategy: normal, platformName: windows, proxy: Proxy(), se:cdp: ws://localhost:55093/devtoo..., se:cdpVersion: 137.0.7151.120, setWindowRect: true, strictFileInteractability: false, timeouts: {implicit: 0, pageLoad: 300000, script: 30000}, unhandledPromptBehavior: dismiss and notify, webauthn:extension:credBlob: true, webauthn:extension:largeBlob: true, webauthn:extension:minPinLength: true, webauthn:extension:prf: true, webauthn:virtualAuthenticators: true}
Element: [[ChromeDriver: chrome on windows (9347b32cfbe3e5037e14a88a250d9e3b)] -> xpath: (//input[@type='radio' and @value='GLOBAL'])]
Session ID: 9347b32cfbe3e5037e14a88a250d9e3b
org.openqa.selenium.ElementClickInterceptedException: element click intercepted: Element <input type="radio" aria-invalid="false" class="mdc-radio__native-control" id="mat-radio-11-input" name="mat-radio-group-4" value="GLOBAL" tabindex="-1"> is not clickable at point (376, 760). Other element would receive the click: <mat-option role="option" class="mat-mdc-option mdc-list-item" id="mat-option-15" aria-selected="false" aria-disabled="false">...</mat-option>
  (Session info: chrome=137.0.7151.120)
Build info: version: '4.27.0', revision: 'd6e718d134'
System info: os.name: 'Windows 11', os.arch: 'amd64', os.version: '10.0', java.version: '21.0.3'
Driver info: org.openqa.selenium.chrome.ChromeDriver
Command: [9347b32cfbe3e5037e14a88a250d9e3b, clickElement {id=f.B4656ED767E6F7B33D28C9F4EA77F636.d.11B1EFAE4C26F0D1DF85E23A2E066028.e.114}]
Capabilities {acceptInsecureCerts: false, browserName: chrome, browserVersion: 137.0.7151.120, chrome: {chromedriverVersion: 137.0.7151.119 (e0ac9d12dff..., userDataDir: C:\Users\INGRID~1.ZAD\AppDa...}, fedcm:accounts: true, goog:chromeOptions: {debuggerAddress: localhost:55093}, networkConnectionEnabled: false, pageLoadStrategy: normal, platformName: windows, proxy: Proxy(), se:cdp: ws://localhost:55093/devtoo..., se:cdpVersion: 137.0.7151.120, setWindowRect: true, strictFileInteractability: false, timeouts: {implicit: 0, pageLoad: 300000, script: 30000}, unhandledPromptBehavior: dismiss and notify, webauthn:extension:credBlob: true, webauthn:extension:largeBlob: true, webauthn:extension:minPinLength: true, webauthn:extension:prf: true, webauthn:virtualAuthenticators: true}
Element: [[ChromeDriver: chrome on windows (9347b32cfbe3e5037e14a88a250d9e3b)] -> xpath: (//input[@type='radio' and @value='GLOBAL'])]
Session ID: 9347b32cfbe3e5037e14a88a250d9e3b
	at java.base/jdk.internal.reflect.DirectConstructorHandleAccessor.newInstance(DirectConstructorHandleAccessor.java:62)
	at java.base/java.lang.reflect.Constructor.newInstanceWithCaller(Constructor.java:502)
	at java.base/java.lang.reflect.Constructor.newInstance(Constructor.java:486)
	at org.openqa.selenium.remote.ErrorCodec.decode(ErrorCodec.java:167)
	at org.openqa.selenium.remote.codec.w3c.W3CHttpResponseCodec.decode(W3CHttpResponseCodec.java:138)
	at org.openqa.selenium.remote.codec.w3c.W3CHttpResponseCodec.decode(W3CHttpResponseCodec.java:50)
	at org.openqa.selenium.remote.HttpCommandExecutor.execute(HttpCommandExecutor.java:190)
	at org.openqa.selenium.remote.service.DriverCommandExecutor.invokeExecute(DriverCommandExecutor.java:216)
	at org.openqa.selenium.remote.service.DriverCommandExecutor.execute(DriverCommandExecutor.java:174)
	at org.openqa.selenium.remote.RemoteWebDriver.execute(RemoteWebDriver.java:545)
	at org.openqa.selenium.remote.RemoteWebElement.execute(RemoteWebElement.java:223)
	at org.openqa.selenium.remote.RemoteWebElement.click(RemoteWebElement.java:76)
	at java.base/jdk.internal.reflect.DirectMethodHandleAccessor.invoke(DirectMethodHandleAccessor.java:103)
	at java.base/java.lang.reflect.Method.invoke(Method.java:580)
	at org.openqa.selenium.support.pagefactory.internal.LocatingElementHandler.invoke(LocatingElementHandler.java:51)
	at jdk.proxy2/jdk.proxy2.$Proxy14.click(Unknown Source)
	at lt.insoft.uztis.pages.ApplicationFormsPage.clickRadioButtonBudgetByCountry(ApplicationFormsPage.java:399)
	at lt.insoft.uztis.tests.ApplicationFormsPageTest.testEditAndSaveVuiApplication(ApplicationFormsPageTest.java:206)
	at java.base/jdk.internal.reflect.DirectMethodHandleAccessor.invoke(DirectMethodHandleAccessor.java:103)
	at java.base/java.lang.reflect.Method.invoke(Method.java:580)
	at org.junit.platform.commons.util.ReflectionUtils.invokeMethod(ReflectionUtils.java:728)
	at org.junit.jupiter.engine.execution.MethodInvocation.proceed(MethodInvocation.java:60)
	at org.junit.jupiter.engine.execution.InvocationInterceptorChain$ValidatingInvocation.proceed(InvocationInterceptorChain.java:131)
	at org.junit.jupiter.engine.extension.TimeoutExtension.intercept(TimeoutExtension.java:156)
	at org.junit.jupiter.engine.extension.TimeoutExtension.interceptTestableMethod(TimeoutExtension.java:147)
	at org.junit.jupiter.engine.extension.TimeoutExtension.interceptTestMethod(TimeoutExtension.java:86)
	at org.junit.jupiter.engine.execution.InterceptingExecutableInvoker$ReflectiveInterceptorCall.lambda$ofVoidMethod$0(InterceptingExecutableInvoker.java:103)
	at org.junit.jupiter.engine.execution.InterceptingExecutableInvoker.lambda$invoke$0(InterceptingExecutableInvoker.java:93)
	at org.junit.jupiter.engine.execution.InvocationInterceptorChain$InterceptedInvocation.proceed(InvocationInterceptorChain.java:106)
	at org.junit.jupiter.engine.execution.InvocationInterceptorChain.proceed(InvocationInterceptorChain.java:64)
	at org.junit.jupiter.engine.execution.InvocationInterceptorChain.chainAndInvoke(InvocationInterceptorChain.java:45)
	at org.junit.jupiter.engine.execution.InvocationInterceptorChain.invoke(InvocationInterceptorChain.java:37)
	at org.junit.jupiter.engine.execution.InterceptingExecutableInvoker.invoke(InterceptingExecutableInvoker.java:92)
	at org.junit.jupiter.engine.execution.InterceptingExecutableInvoker.invoke(InterceptingExecutableInvoker.java:86)
	at org.junit.jupiter.engine.descriptor.TestMethodTestDescriptor.lambda$invokeTestMethod$7(TestMethodTestDescriptor.java:218)
	at org.junit.platform.engine.support.hierarchical.ThrowableCollector.execute(ThrowableCollector.java:73)
	at org.junit.jupiter.engine.descriptor.TestMethodTestDescriptor.invokeTestMethod(TestMethodTestDescriptor.java:214)
	at org.junit.jupiter.engine.descriptor.TestMethodTestDescriptor.execute(TestMethodTestDescriptor.java:139)
	at org.junit.jupiter.engine.descriptor.TestMethodTestDescriptor.execute(TestMethodTestDescriptor.java:69)
	at org.junit.platform.engine.support.hierarchical.NodeTestTask.lambda$executeRecursively$6(NodeTestTask.java:151)
	at org.junit.platform.engine.support.hierarchical.ThrowableCollector.execute(ThrowableCollector.java:73)
	at org.junit.platform.engine.support.hierarchical.NodeTestTask.lambda$executeRecursively$8(NodeTestTask.java:141)
	at org.junit.platform.engine.support.hierarchical.Node.around(Node.java:137)
	at org.junit.platform.engine.support.hierarchical.NodeTestTask.lambda$executeRecursively$9(NodeTestTask.java:139)
	at org.junit.platform.engine.support.hierarchical.ThrowableCollector.execute(ThrowableCollector.java:73)
	at org.junit.platform.engine.support.hierarchical.NodeTestTask.executeRecursively(NodeTestTask.java:138)
	at org.junit.platform.engine.support.hierarchical.NodeTestTask.execute(NodeTestTask.java:95)
	at java.base/java.util.ArrayList.forEach(ArrayList.java:1596)
	at org.junit.platform.engine.support.hierarchical.SameThreadHierarchicalTestExecutorService.invokeAll(SameThreadHierarchicalTestExecutorService.java:41)
	at org.junit.platform.engine.support.hierarchical.NodeTestTask.lambda$executeRecursively$6(NodeTestTask.java:155)
	at org.junit.platform.engine.support.hierarchical.ThrowableCollector.execute(ThrowableCollector.java:73)
	at org.junit.platform.engine.support.hierarchical.NodeTestTask.lambda$executeRecursively$8(NodeTestTask.java:141)
	at org.junit.platform.engine.support.hierarchical.Node.around(Node.java:137)
	at org.junit.platform.engine.support.hierarchical.NodeTestTask.lambda$executeRecursively$9(NodeTestTask.java:139)
	at org.junit.platform.engine.support.hierarchical.ThrowableCollector.execute(ThrowableCollector.java:73)
	at org.junit.platform.engine.support.hierarchical.NodeTestTask.executeRecursively(NodeTestTask.java:138)
	at org.junit.platform.engine.support.hierarchical.NodeTestTask.execute(NodeTestTask.java:95)
	at java.base/java.util.ArrayList.forEach(ArrayList.java:1596)
	at org.junit.platform.engine.support.hierarchical.SameThreadHierarchicalTestExecutorService.invokeAll(SameThreadHierarchicalTestExecutorService.java:41)
	at org.junit.platform.engine.support.hierarchical.NodeTestTask.lambda$executeRecursively$6(NodeTestTask.java:155)
	at org.junit.platform.engine.support.hierarchical.ThrowableCollector.execute(ThrowableCollector.java:73)
	at org.junit.platform.engine.support.hierarchical.NodeTestTask.lambda$executeRecursively$8(NodeTestTask.java:141)
	at org.junit.platform.engine.support.hierarchical.Node.around(Node.java:137)
	at org.junit.platform.engine.support.hierarchical.NodeTestTask.lambda$executeRecursively$9(NodeTestTask.java:139)
	at org.junit.platform.engine.support.hierarchical.ThrowableCollector.execute(ThrowableCollector.java:73)
	at org.junit.platform.engine.support.hierarchical.NodeTestTask.executeRecursively(NodeTestTask.java:138)
	at org.junit.platform.engine.support.hierarchical.NodeTestTask.execute(NodeTestTask.java:95)
	at org.junit.platform.engine.support.hierarchical.SameThreadHierarchicalTestExecutorService.submit(SameThreadHierarchicalTestExecutorService.java:35)
	at org.junit.platform.engine.support.hierarchical.HierarchicalTestExecutor.execute(HierarchicalTestExecutor.java:57)
	at org.junit.platform.engine.support.hierarchical.HierarchicalTestEngine.execute(HierarchicalTestEngine.java:54)
	at org.junit.platform.launcher.core.EngineExecutionOrchestrator.execute(EngineExecutionOrchestrator.java:198)
	at org.junit.platform.launcher.core.EngineExecutionOrchestrator.execute(EngineExecutionOrchestrator.java:169)
	at org.junit.platform.launcher.core.EngineExecutionOrchestrator.execute(EngineExecutionOrchestrator.java:93)
	at org.junit.platform.launcher.core.EngineExecutionOrchestrator.lambda$execute$0(EngineExecutionOrchestrator.java:58)
	at org.junit.platform.launcher.core.EngineExecutionOrchestrator.withInterceptedStreams(EngineExecutionOrchestrator.java:141)
	at org.junit.platform.launcher.core.EngineExecutionOrchestrator.execute(EngineExecutionOrchestrator.java:57)
	at org.junit.platform.launcher.core.DefaultLauncher.execute(DefaultLauncher.java:103)
	at org.junit.platform.launcher.core.DefaultLauncher.execute(DefaultLauncher.java:85)
	at org.junit.platform.launcher.core.DelegatingLauncher.execute(DelegatingLauncher.java:47)
	at org.junit.platform.launcher.core.SessionPerRequestLauncher.execute(SessionPerRequestLauncher.java:63)
	at com.intellij.junit5.JUnit5IdeaTestRunner.startRunnerWithArgs(JUnit5IdeaTestRunner.java:57)
	at com.intellij.rt.junit.IdeaTestRunner$Repeater$1.execute(IdeaTestRunner.java:38)
	at com.intellij.rt.execution.junit.TestsRepeater.repeat(TestsRepeater.java:11)
	at com.intellij.rt.junit.IdeaTestRunner$Repeater.startRunnerWithArgs(IdeaTestRunner.java:35)
	at com.intellij.rt.junit.JUnitStarter.prepareStreamsAndStart(JUnitStarter.java:232)
	at com.intellij.rt.junit.JUnitStarter.main(JUnitStarter.java:55)
2025-06-20 12:54:51 [main] INFO  l.insoft.uztis.tests.utils.TestUtils - Screenshot moved to C:\Users\ingrida.zadorozniene\Desktop\Asm\UZTIS\UZTIS_tests\test-output\screenshots\20250620\125451810_testEditAndSaveVuiApplication().png
2025-06-20 12:55:05 [main] INFO  lt.insoft.uztis.tests.UztisPageTest - Navigated to https://uztisdev.asseco.lt/home
2025-06-20 12:55:05 [main] INFO  l.i.u.tests.ApplicationFormsPageTest - Setup complete. ApplicationFormsPage initialized.
2025-06-20 12:55:05 [main] INFO  l.i.u.tests.ApplicationFormsPageTest - Starting test:'testEditAndSaveVuiApplication'
2025-06-20 12:55:06 [main] INFO  l.insoft.uztis.tests.utils.TestUtils - Login attempt with user: evaluation_chief
2025-06-20 12:55:06 [main] DEBUG l.i.u.tests.ApplicationFormsPageTest - User logged in with test credentials
2025-06-20 12:55:06 [main] DEBUG l.i.u.tests.ApplicationFormsPageTest - Opened 'Application Processing' menu.
2025-06-20 12:55:07 [main] DEBUG l.i.u.tests.ApplicationFormsPageTest - Clicked on 'Application Forms' menu.
2025-06-20 12:55:07 [main] DEBUG l.i.u.tests.ApplicationFormsPageTest - Selected the last application description.
2025-06-20 12:55:08 [main] DEBUG l.i.u.tests.ApplicationFormsPageTest - Clicked the 'Edit' button.
2025-06-20 12:55:08 [main] DEBUG l.i.u.tests.ApplicationFormsPageTest - Selected 'Municipality' radio button.
2025-06-20 12:55:08 [main] INFO  l.i.uztis.pages.ApplicationFormsPage - Located the dropdown button.
2025-06-20 12:55:09 [main] INFO  l.i.uztis.pages.ApplicationFormsPage - Successfully selected the value: 'Priemonių organizavimo departamentas'
2025-06-20 12:55:19 [main] ERROR l.i.uztis.pages.ApplicationFormsPage - Failed to close the dropdown with aria-expanded = 'false'.
2025-06-20 12:55:19 [main] DEBUG l.i.u.tests.ApplicationFormsPageTest - Selected a value from the 'Municipality' dropdown: 'Priemonių organizavimo departamentas'
2025-06-20 12:55:19 [main] DEBUG l.i.u.tests.ApplicationFormsPageTest - Selected 'Budget By Country' radio button.
2025-06-20 12:55:19 [main] DEBUG l.i.u.tests.ApplicationFormsPageTest - Selected 'Financed By Queue' radio button.
2025-06-20 12:55:19 [main] DEBUG l.i.u.tests.ApplicationFormsPageTest - Entered new application name: _paredaguota
2025-06-20 12:55:20 [main] DEBUG l.i.u.tests.ApplicationFormsPageTest - Clicked the 'Save' button.
2025-06-20 12:55:20 [main] DEBUG l.i.uztis.pages.ApplicationFormsPage - Verified success message: 'Duomenys sėkmingai išsaugoti.'
2025-06-20 12:55:20 [main] INFO  l.i.u.tests.ApplicationFormsPageTest - Verified success message
2025-06-20 12:55:20 [main] INFO  l.i.u.tests.ApplicationFormsPageTest - Test 'testEditAndSaveVuiApplication' completed successfully.
2025-06-20 12:55:39 [main] INFO  lt.insoft.uztis.tests.UztisPageTest - Navigated to https://uztisdev.asseco.lt/home
2025-06-20 12:55:39 [main] INFO  l.i.u.tests.ApplicationFormsPageTest - Setup complete. ApplicationFormsPage initialized.
2025-06-20 12:55:39 [main] INFO  l.i.u.tests.ApplicationFormsPageTest - Starting test:'testAddContractVUI'
2025-06-20 12:55:40 [main] INFO  l.insoft.uztis.tests.utils.TestUtils - Login attempt with user: evaluation_chief
2025-06-20 12:55:40 [main] DEBUG l.i.u.tests.ApplicationFormsPageTest - User logged in with test credentials
2025-06-20 12:55:41 [main] DEBUG l.i.u.tests.ApplicationFormsPageTest - Opened 'Application Processing' menu.
2025-06-20 12:55:41 [main] DEBUG l.i.u.tests.ApplicationFormsPageTest - Clicked on 'Application Forms' menu.
2025-06-20 12:55:43 [main] DEBUG l.i.u.tests.ApplicationFormsPageTest - Selected the last application description.
2025-06-20 12:55:43 [main] DEBUG l.i.u.tests.ApplicationFormsPageTest - Clicked 'Project Progress' tab.
2025-06-20 12:55:44 [main] DEBUG l.i.u.tests.ApplicationFormsPageTest - Clicked the 'Edit' button.
2025-06-20 12:55:44 [main] INFO  l.i.uztis.pages.ApplicationFormsPage - Opening the dropdown.
2025-06-20 12:55:48 [main] INFO  l.i.uztis.pages.ApplicationFormsPage - Selected the value: 'Vietinių užimtumo iniciatyvų projekto įgyvendinimo ir finansavimo sutartis'
2025-06-20 12:55:59 [main] ERROR l.i.uztis.pages.ApplicationFormsPage - Dropdown did not close as expected.
2025-06-20 12:55:59 [main] DEBUG l.i.u.tests.ApplicationFormsPageTest - Selected a value from the 'Document' dropdown: 'Vietinių užimtumo iniciatyvų projekto įgyvendinimo ir finansavimo sutartis'
2025-06-20 12:55:59 [main] INFO  l.i.uztis.pages.ApplicationFormsPage - Opening the dropdown.
2025-06-20 12:56:03 [main] INFO  l.i.uztis.pages.ApplicationFormsPage - Selected the value: 'Sprendimas dėl išmokos'
2025-06-20 12:56:13 [main] ERROR l.i.uztis.pages.ApplicationFormsPage - Dropdown did not close as expected.
2025-06-20 12:56:13 [main] DEBUG l.i.u.tests.ApplicationFormsPageTest - Selected a value from the 'Document' dropdown: 'Sprendimas dėl išmokos'
2025-06-20 12:56:13 [main] INFO  l.i.uztis.pages.ApplicationFormsPage - Opening the dropdown.
2025-06-20 12:56:16 [main] INFO  l.i.uztis.pages.ApplicationFormsPage - Selected the value: 'Sprendimas dėl išmokos'
2025-06-20 12:56:27 [main] ERROR l.i.uztis.pages.ApplicationFormsPage - Dropdown did not close as expected.
2025-06-20 12:56:27 [main] DEBUG l.i.u.tests.ApplicationFormsPageTest - Selected a value from the 'Document' dropdown: 'Sprendimas dėl išmokos'
2025-06-20 12:56:27 [main] DEBUG l.i.u.tests.ApplicationFormsPageTest - Clicked the 'Save' button.
2025-06-20 12:56:27 [main] ERROR l.i.uztis.pages.ApplicationFormsPage - Failed to verify the success message: 'Funkcija sėkmingai atlikta.'. Available messages: [Duomenys sėkmingai išsaugoti.]
2025-06-20 12:56:27 [main] INFO  l.i.u.tests.ApplicationFormsPageTest - Verified success message
2025-06-20 12:56:27 [main] INFO  l.i.u.tests.ApplicationFormsPageTest - Test 'testAddContractVUI' completed successfully.
2025-06-20 13:14:35 [main] INFO  lt.insoft.uztis.tests.UztisPageTest - Navigated to https://uztisdev.asseco.lt/home
2025-06-20 13:14:35 [main] INFO  l.i.uztis.tests.InvitationsPageTest - Starting test:'testCreateNewVuiInvitationDraft'
2025-06-20 13:14:35 [main] INFO  l.insoft.uztis.tests.utils.TestUtils - Login attempt with user: evaluation_chief
2025-06-20 13:14:35 [main] DEBUG l.i.uztis.tests.InvitationsPageTest - User logged in with test credentials
2025-06-20 13:14:36 [main] DEBUG l.i.uztis.tests.InvitationsPageTest - Opened 'Application Processing' menu.
2025-06-20 13:14:36 [main] DEBUG l.i.uztis.tests.InvitationsPageTest - Clicked on 'Application Forms' menu.
2025-06-20 13:14:36 [main] DEBUG l.i.uztis.tests.InvitationsPageTest - Navigating to application forms menu.
2025-06-20 13:14:36 [main] DEBUG l.i.uztis.tests.InvitationsPageTest - Retrieved last description code text: 'TST-VUI-88'.
2025-06-20 13:14:36 [main] DEBUG l.i.uztis.tests.InvitationsPageTest - Clicked on 'Invitation' menu.
2025-06-20 13:14:36 [main] DEBUG l.i.uztis.tests.InvitationsPageTest - Clicked 'Create New Application Form'.
2025-06-20 13:14:38 [main] DEBUG l.i.uztis.tests.InvitationsPageTest - Selected section by code: 'TST-VUI-88'.
2025-06-20 13:14:38 [main] INFO  l.insoft.uztis.pages.InvitationsPage - Located the dropdown button.
2025-06-20 13:14:50 [main] ERROR l.insoft.uztis.pages.InvitationsPage - Timeout while waiting for dropdown to close with aria-expanded = 'false'.
2025-06-20 13:14:50 [main] DEBUG l.i.uztis.tests.InvitationsPageTest - Selected invitation number from the list.
2025-06-20 13:14:50 [main] DEBUG l.i.uztis.tests.InvitationsPageTest - Entered current date.
2025-06-20 13:14:51 [main] DEBUG l.i.uztis.tests.InvitationsPageTest - Entered start time: 00:00.
2025-06-20 13:14:51 [main] DEBUG l.i.uztis.tests.InvitationsPageTest - Entered end date.
2025-06-20 13:14:51 [main] DEBUG l.i.uztis.tests.InvitationsPageTest - Entered end time: 11:11.
2025-06-20 13:14:52 [main] DEBUG l.i.uztis.tests.InvitationsPageTest - Draft saved.
2025-06-20 13:14:52 [main] DEBUG l.i.uztis.pages.ApplicationFormsPage - Verified success message: 'Duomenys sėkmingai išsaugoti.'
2025-06-20 13:14:52 [main] INFO  l.i.uztis.tests.InvitationsPageTest - Verified success message
2025-06-20 13:14:52 [main] INFO  l.i.uztis.tests.InvitationsPageTest - Test 'testCreateNewVuiInvitationDraft' completed successfully.
2025-06-20 13:15:05 [main] INFO  lt.insoft.uztis.tests.UztisPageTest - Navigated to https://uztisdev.asseco.lt/home
2025-06-20 13:15:05 [main] INFO  l.i.uztis.tests.InvitationsPageTest - Starting test:'testEditAndPublishVuiInvitationDraft'
2025-06-20 13:15:06 [main] INFO  l.insoft.uztis.tests.utils.TestUtils - Login attempt with user: evaluation_chief
2025-06-20 13:15:06 [main] DEBUG l.i.uztis.tests.InvitationsPageTest - User logged in with test credentials
2025-06-20 13:15:07 [main] DEBUG l.i.uztis.tests.InvitationsPageTest - Opened 'Application Processing' menu.
2025-06-20 13:15:07 [main] DEBUG l.i.uztis.tests.InvitationsPageTest - Clicked on 'Application Forms' menu.
2025-06-20 13:15:07 [main] DEBUG l.i.uztis.tests.InvitationsPageTest - Navigating to application forms menu.
2025-06-20 13:15:07 [main] DEBUG l.i.uztis.tests.InvitationsPageTest - Retrieved last description code text: 'TST-VUI-88'.
2025-06-20 13:15:07 [main] DEBUG l.i.uztis.tests.InvitationsPageTest - Clicked on 'Invitation' menu.
2025-06-20 13:15:10 [main] DEBUG l.i.uztis.tests.InvitationsPageTest - Selected section by code: 'TST-VUI-88'.
2025-06-20 13:15:10 [main] DEBUG l.i.uztis.tests.InvitationsPageTest - Clicked 'Search'.
2025-06-20 13:15:10 [main] DEBUG l.i.uztis.tests.InvitationsPageTest - Getting and inserting application code text.
2025-06-20 13:15:10 [main] DEBUG l.i.uztis.tests.InvitationsPageTest - Clicked 'InvitationDraft'.
2025-06-20 13:15:11 [main] DEBUG l.i.uztis.tests.InvitationsPageTest - Clicked 'Edit'.
2025-06-20 13:15:11 [main] DEBUG l.i.uztis.tests.InvitationsPageTest - Entered publication end date.
2025-06-20 13:15:12 [main] DEBUG l.i.uztis.tests.InvitationsPageTest - Added additional values.
2025-06-20 13:15:12 [main] INFO  l.insoft.uztis.pages.InvitationsPage - Located the dropdown button.
2025-06-20 13:15:12 [main] DEBUG l.i.uztis.tests.InvitationsPageTest - Selected the value: 'Didžiausia galima paramos suma aplinkos darbo vietai, Eur'
2025-06-20 13:15:12 [main] INFO  l.insoft.uztis.pages.InvitationsPage - Located the dropdown button.
2025-06-20 13:15:13 [main] DEBUG l.i.uztis.tests.InvitationsPageTest - Selected the value: 'Didžiausia galima paramos suma, Eur'
2025-06-20 13:15:13 [main] INFO  l.insoft.uztis.pages.InvitationsPage - Located the dropdown button.
2025-06-20 13:15:13 [main] DEBUG l.i.uztis.tests.InvitationsPageTest - Selected the value: 'Didžiausia galima paramos suma vienai darbo vietai, Eur'
2025-06-20 13:15:13 [main] DEBUG l.i.uztis.tests.InvitationsPageTest - Entered value: 11000
2025-06-20 13:15:13 [main] DEBUG l.i.uztis.tests.InvitationsPageTest - Entered value: 12000
2025-06-20 13:15:14 [main] DEBUG l.i.uztis.tests.InvitationsPageTest - Entered value: 13000
2025-06-20 13:15:14 [main] DEBUG l.i.uztis.tests.InvitationsPageTest - Checked 'Legal Entities' checkbox.
2025-06-20 13:15:14 [main] DEBUG l.i.uztis.tests.InvitationsPageTest - Checked 'Legal Entities' checkbox.
2025-06-20 13:15:14 [main] DEBUG l.i.uztis.tests.InvitationsPageTest - Unchecked 'Persons Registered with Employment Service' checkbox.
2025-06-20 13:15:14 [main] DEBUG l.i.uztis.tests.InvitationsPageTest - Checked 'Persons Registered as Employers' checkbox.
2025-06-20 13:15:14 [main] DEBUG l.i.uztis.tests.InvitationsPageTest - Entered second evaluation grade: '5'.
2025-06-20 13:15:14 [main] DEBUG l.i.uztis.tests.InvitationsPageTest - Entered third evaluation grade: '6'.
2025-06-20 13:15:15 [main] DEBUG l.i.uztis.tests.InvitationsPageTest - Entered second evaluation grade weight: '0,45'.
2025-06-20 13:15:15 [main] DEBUG l.i.uztis.tests.InvitationsPageTest - Entered third evaluation grade weight: '0,55'.
2025-06-20 13:15:15 [main] DEBUG l.i.uztis.tests.InvitationsPageTest - Entered budget: '2000'.
2025-06-20 13:15:15 [main] DEBUG l.i.uztis.tests.InvitationsPageTest - Entered description text: 'Aprašo tekstas'.
2025-06-20 13:15:15 [main] DEBUG l.i.uztis.tests.InvitationsPageTest - Entered applicants text: 'Pareiškėjų tekstas'.
2025-06-20 13:15:15 [main] DEBUG l.i.uztis.tests.InvitationsPageTest - Entered expenditures text: 'Išlaidų tekstas'.
2025-06-20 13:15:16 [main] DEBUG l.i.uztis.tests.InvitationsPageTest - Entered legislation text: 'Teisės aktų tekstas'.
2025-06-20 13:15:16 [main] DEBUG l.i.uztis.tests.InvitationsPageTest - Entered education text: 'Mokymų tekstas'.
2025-06-20 13:15:16 [main] DEBUG l.i.uztis.tests.InvitationsPageTest - File uploaded.
2025-06-20 13:15:16 [main] DEBUG l.i.uztis.tests.InvitationsPageTest - Clicked 'Publish'.
2025-06-20 13:15:16 [main] DEBUG l.i.uztis.tests.InvitationsPageTest - Publication confirmed.
2025-06-20 13:15:17 [main] DEBUG l.i.uztis.pages.ApplicationFormsPage - Verified success message: 'Funkcija sėkmingai atlikta.'
2025-06-20 13:15:17 [main] INFO  l.i.uztis.tests.InvitationsPageTest - Verified success message
2025-06-20 13:15:17 [main] INFO  l.i.uztis.tests.InvitationsPageTest - Test 'testEditAndPublishVuiInvitationDraft' completed successfully.
2025-06-20 13:18:23 [main] INFO  lt.insoft.uztis.tests.UztisPageTest - Navigated to https://uztisdev.asseco.lt/home
2025-06-20 13:18:23 [main] INFO  l.i.uztis.tests.InvitationsPageTest - Starting test:'testInsertVui_PvkStatisticInformation'
2025-06-20 13:18:24 [main] INFO  l.insoft.uztis.tests.utils.TestUtils - Login attempt with user: evaluation_chief
2025-06-20 13:18:24 [main] DEBUG l.i.uztis.tests.InvitationsPageTest - User logged in with test credentials
2025-06-20 13:18:24 [main] DEBUG l.i.uztis.tests.InvitationsPageTest - Opened 'Application Processing' menu.
2025-06-20 13:18:24 [main] DEBUG l.i.uztis.tests.InvitationsPageTest - Clicked on 'Application Forms' menu.
2025-06-20 13:18:24 [main] DEBUG l.i.uztis.tests.InvitationsPageTest - Navigating to invitation forms menu.
2025-06-20 13:18:25 [main] DEBUG l.i.uztis.tests.InvitationsPageTest - Retrieved last description code text: 'TST-VUI-88'.
2025-06-20 13:18:25 [main] DEBUG l.i.uztis.tests.InvitationsPageTest - Clicked on 'Invitation' menu.
2025-06-20 13:18:27 [main] DEBUG l.i.uztis.tests.InvitationsPageTest - Selected section by code: 'TST-VUI-88'.
2025-06-20 13:18:27 [main] DEBUG l.i.uztis.tests.InvitationsPageTest - Clicked 'Search'.
2025-06-20 13:18:27 [main] DEBUG l.i.uztis.tests.InvitationsPageTest - Getting and inserting application code text.
2025-06-20 13:18:27 [main] DEBUG l.i.uztis.tests.InvitationsPageTest - Clicked 'Publishing'.
2025-06-20 13:18:28 [main] DEBUG l.i.uztis.tests.InvitationsPageTest - Clicked 'Statistic Information' tab.
2025-06-20 13:18:28 [main] DEBUG l.i.uztis.tests.InvitationsPageTest - Clicked 'Edit' button.
2025-06-20 13:18:28 [main] DEBUG l.i.uztis.tests.InvitationsPageTest - Entered current date.
2025-06-20 13:18:28 [main] DEBUG l.i.uztis.tests.InvitationsPageTest - Entered value: 8.7
2025-06-20 13:18:28 [main] DEBUG l.i.uztis.tests.InvitationsPageTest - Entered average salary: 2237.9
2025-06-20 13:18:28 [main] DEBUG l.i.uztis.tests.InvitationsPageTest - File uploaded.
2025-06-20 13:18:28 [main] DEBUG l.i.uztis.tests.InvitationsPageTest - Clicked 'Save' button.
2025-06-20 13:18:29 [main] DEBUG l.i.uztis.pages.ApplicationFormsPage - Verified success message: 'Funkcija sėkmingai atlikta.'
2025-06-20 13:18:29 [main] INFO  l.i.uztis.tests.InvitationsPageTest - Verified success message
2025-06-20 13:18:29 [main] INFO  l.i.uztis.tests.InvitationsPageTest - Test 'testInsertVui_PvkStatisticInformation' completed successfully.
2025-07-08 08:37:16 [main] INFO  lt.insoft.uztis.tests.UztisPageTest - Navigated to https://uztisdev.asseco.lt/home
2025-07-08 08:37:16 [main] INFO  l.i.u.tests.ApplicationFormsPageTest - Setup complete. ApplicationFormsPage initialized.
2025-07-08 08:37:16 [main] INFO  l.i.u.tests.ApplicationFormsPageTest - Starting test:'testCreateNewVuiApplication'
2025-07-08 08:37:17 [main] INFO  l.insoft.uztis.tests.utils.TestUtils - Login attempt with user: evaluation_chief
2025-07-08 08:37:17 [main] DEBUG l.i.u.tests.ApplicationFormsPageTest - User logged in with test credentials
2025-07-08 08:37:17 [main] DEBUG l.i.u.tests.ApplicationFormsPageTest - Opened 'Application Processing' menu.
2025-07-08 08:37:18 [main] DEBUG l.i.u.tests.ApplicationFormsPageTest - Clicked on 'Application Forms' menu.
2025-07-08 08:37:18 [main] DEBUG l.i.u.tests.ApplicationFormsPageTest - Clicked to create a new application form.
2025-07-08 08:37:18 [main] DEBUG l.i.u.tests.ApplicationFormsPageTest - Entered random application code: TST-VUI-17
2025-07-08 08:37:18 [main] DEBUG l.i.u.tests.ApplicationFormsPageTest - Selected 'Section' radio button.
2025-07-08 08:37:18 [main] INFO  l.i.uztis.pages.ApplicationFormsPage - Located the dropdown button.
2025-07-08 08:37:20 [main] INFO  l.i.uztis.pages.ApplicationFormsPage - Successfully selected the value: 'Priemonių organizavimo departamentas / Priemonių organizavimo 1-asis skyrius'
2025-07-08 08:37:30 [main] ERROR l.i.uztis.pages.ApplicationFormsPage - Failed to close the dropdown with aria-expanded = 'false'.
2025-07-08 08:37:30 [main] DEBUG l.i.u.tests.ApplicationFormsPageTest - Selected a value from the 'Section' dropdown: 'Priemonių organizavimo departamentas / Priemonių organizavimo 1-asis skyrius'
2025-07-08 08:37:30 [main] DEBUG l.i.u.tests.ApplicationFormsPageTest - Selected 'Budget by Municipality' option.
2025-07-08 08:37:31 [main] DEBUG l.i.u.tests.ApplicationFormsPageTest - Selected 'Financed Without Queue' option.
2025-07-08 08:37:31 [main] DEBUG l.i.u.tests.ApplicationFormsPageTest - Clicked 'Add' button.
2025-07-08 08:37:31 [main] INFO  l.i.uztis.pages.ApplicationFormsPage - Located the dropdown button.
2025-07-08 08:37:32 [main] INFO  l.i.uztis.pages.ApplicationFormsPage - Successfully selected the value: 'VUI atitiktis URP'
2025-07-08 08:37:42 [main] ERROR l.i.uztis.pages.ApplicationFormsPage - Failed to close the dropdown with aria-expanded = 'false'.
2025-07-08 08:37:42 [main] DEBUG l.i.u.tests.ApplicationFormsPageTest - Selected a value from the 'EvaluationOne' dropdown: 'VUI atitiktis URP'
2025-07-08 08:37:42 [main] INFO  l.i.uztis.pages.ApplicationFormsPage - Located the dropdown button.
2025-07-08 08:37:42 [main] INFO  l.i.uztis.pages.ApplicationFormsPage - Successfully selected the value: 'VUI atitiktis kokybės kriterijams'
2025-07-08 08:37:53 [main] ERROR l.i.uztis.pages.ApplicationFormsPage - Failed to close the dropdown with aria-expanded = 'false'.
2025-07-08 08:37:53 [main] DEBUG l.i.u.tests.ApplicationFormsPageTest - Selected a value from the 'EvaluationTwon' dropdown: 'VUI atitiktis kokybės kriterijams'
2025-07-08 08:37:53 [main] INFO  l.i.uztis.pages.ApplicationFormsPage - Located the dropdown button.
2025-07-08 08:37:53 [main] INFO  l.i.uztis.pages.ApplicationFormsPage - Successfully selected the value: 'VUI gynimo vertinimo forma'
2025-07-08 08:38:03 [main] ERROR l.i.uztis.pages.ApplicationFormsPage - Failed to close the dropdown with aria-expanded = 'false'.
2025-07-08 08:38:03 [main] DEBUG l.i.u.tests.ApplicationFormsPageTest - Selected a value from the 'EvaluationThree' dropdown: 'VUI gynimo vertinimo forma'
2025-07-08 08:38:03 [main] DEBUG l.i.u.tests.ApplicationFormsPageTest - Clicked 'Plus' button.
2025-07-08 08:38:04 [main] DEBUG l.i.u.tests.ApplicationFormsPageTest - Clicked 'Add' button seven times.
2025-07-08 08:38:04 [main] INFO  l.i.uztis.pages.ApplicationFormsPage - Processing dropdown index: 0
2025-07-08 08:38:14 [main] ERROR l.i.uztis.pages.ApplicationFormsPage - Timeout while waiting for dropdown to close at index: 0 with aria-expanded = 'false'
2025-07-08 08:38:14 [main] INFO  l.i.uztis.pages.ApplicationFormsPage - Processing dropdown index: 1
2025-07-08 08:38:25 [main] ERROR l.i.uztis.pages.ApplicationFormsPage - Timeout while waiting for dropdown to close at index: 1 with aria-expanded = 'false'
2025-07-08 08:38:25 [main] INFO  l.i.uztis.pages.ApplicationFormsPage - Processing dropdown index: 2
2025-07-08 08:38:36 [main] ERROR l.i.uztis.pages.ApplicationFormsPage - Timeout while waiting for dropdown to close at index: 2 with aria-expanded = 'false'
2025-07-08 08:38:36 [main] INFO  l.i.uztis.pages.ApplicationFormsPage - Processing dropdown index: 3
2025-07-08 08:38:46 [main] ERROR l.i.uztis.pages.ApplicationFormsPage - Timeout while waiting for dropdown to close at index: 3 with aria-expanded = 'false'
2025-07-08 08:38:46 [main] INFO  l.i.uztis.pages.ApplicationFormsPage - Processing dropdown index: 4
2025-07-08 08:38:57 [main] ERROR l.i.uztis.pages.ApplicationFormsPage - Timeout while waiting for dropdown to close at index: 4 with aria-expanded = 'false'
2025-07-08 08:38:57 [main] INFO  l.i.uztis.pages.ApplicationFormsPage - Processing dropdown index: 5
2025-07-08 08:39:07 [main] ERROR l.i.uztis.pages.ApplicationFormsPage - Timeout while waiting for dropdown to close at index: 5 with aria-expanded = 'false'
2025-07-08 08:39:07 [main] INFO  l.i.uztis.pages.ApplicationFormsPage - Processing dropdown index: 6
2025-07-08 08:39:18 [main] ERROR l.i.uztis.pages.ApplicationFormsPage - Timeout while waiting for dropdown to close at index: 6 with aria-expanded = 'false'
2025-07-08 08:39:18 [main] INFO  l.i.uztis.pages.ApplicationFormsPage - Processing dropdown index: 7
2025-07-08 08:39:29 [main] ERROR l.i.uztis.pages.ApplicationFormsPage - Timeout while waiting for dropdown to close at index: 7 with aria-expanded = 'false'
2025-07-08 08:39:29 [main] INFO  l.i.uztis.pages.ApplicationFormsPage - Processing input field index: 0
2025-07-08 08:39:29 [main] INFO  l.i.uztis.pages.ApplicationFormsPage - Entered value '50' into field index: 0
2025-07-08 08:39:29 [main] INFO  l.i.uztis.pages.ApplicationFormsPage - Processing input field index: 1
2025-07-08 08:39:29 [main] INFO  l.i.uztis.pages.ApplicationFormsPage - Entered value '924' into field index: 1
2025-07-08 08:39:29 [main] INFO  l.i.uztis.pages.ApplicationFormsPage - Processing input field index: 2
2025-07-08 08:39:29 [main] INFO  l.i.uztis.pages.ApplicationFormsPage - Entered value '31' into field index: 2
2025-07-08 08:39:29 [main] INFO  l.i.uztis.pages.ApplicationFormsPage - Processing input field index: 3
2025-07-08 08:39:30 [main] INFO  l.i.uztis.pages.ApplicationFormsPage - Entered value '4.7' into field index: 3
2025-07-08 08:39:30 [main] INFO  l.i.uztis.pages.ApplicationFormsPage - Processing input field index: 4
2025-07-08 08:39:30 [main] INFO  l.i.uztis.pages.ApplicationFormsPage - Entered value '35' into field index: 4
2025-07-08 08:39:30 [main] INFO  l.i.uztis.pages.ApplicationFormsPage - Processing input field index: 5
2025-07-08 08:39:30 [main] INFO  l.i.uztis.pages.ApplicationFormsPage - Entered value '20' into field index: 5
2025-07-08 08:39:30 [main] INFO  l.i.uztis.pages.ApplicationFormsPage - Processing input field index: 6
2025-07-08 08:39:30 [main] INFO  l.i.uztis.pages.ApplicationFormsPage - Entered value '30' into field index: 6
2025-07-08 08:39:30 [main] INFO  l.i.uztis.pages.ApplicationFormsPage - Processing input field index: 7
2025-07-08 08:39:30 [main] INFO  l.i.uztis.pages.ApplicationFormsPage - Entered value '60' into field index: 7
2025-07-08 08:39:30 [main] DEBUG l.i.u.tests.ApplicationFormsPageTest - Entered additional values and text.
2025-07-08 08:39:30 [main] DEBUG l.i.u.tests.ApplicationFormsPageTest - Entered application name: VUI paraiška
2025-07-08 08:39:30 [main] DEBUG l.i.u.tests.ApplicationFormsPageTest - Clicked the 'Save' button.
2025-07-08 08:39:31 [main] DEBUG l.i.uztis.pages.ApplicationFormsPage - Verified success message: 'Duomenys sėkmingai išsaugoti.'
2025-07-08 08:39:31 [main] INFO  l.i.u.tests.ApplicationFormsPageTest - Verified success message
2025-07-08 08:39:31 [main] INFO  l.i.u.tests.ApplicationFormsPageTest - Verified that the 'Save Form' button is displayed.
2025-07-08 08:39:31 [main] INFO  l.i.u.tests.ApplicationFormsPageTest - Test 'testCreateNewVuiApplication' completed successfully.
2025-07-08 08:40:50 [main] INFO  lt.insoft.uztis.tests.UztisPageTest - Navigated to https://uztisdev.asseco.lt/home
2025-07-08 08:40:50 [main] INFO  l.i.u.tests.ApplicationFormsPageTest - Setup complete. ApplicationFormsPage initialized.
2025-07-08 08:40:50 [main] INFO  l.i.u.tests.ApplicationFormsPageTest - Starting test:'testEditAndSaveVuiApplication'
2025-07-08 08:40:50 [main] INFO  l.insoft.uztis.tests.utils.TestUtils - Login attempt with user: evaluation_chief
2025-07-08 08:40:50 [main] DEBUG l.i.u.tests.ApplicationFormsPageTest - User logged in with test credentials
2025-07-08 08:40:51 [main] DEBUG l.i.u.tests.ApplicationFormsPageTest - Opened 'Application Processing' menu.
2025-07-08 08:40:51 [main] DEBUG l.i.u.tests.ApplicationFormsPageTest - Clicked on 'Application Forms' menu.
2025-07-08 08:40:51 [main] DEBUG l.i.u.tests.ApplicationFormsPageTest - Selected the last application description.
2025-07-08 08:40:52 [main] DEBUG l.i.u.tests.ApplicationFormsPageTest - Clicked the 'Edit' button.
2025-07-08 08:40:52 [main] DEBUG l.i.u.tests.ApplicationFormsPageTest - Selected 'Municipality' radio button.
2025-07-08 08:40:52 [main] INFO  l.i.uztis.pages.ApplicationFormsPage - Located the dropdown button.
2025-07-08 08:40:53 [main] INFO  l.i.uztis.pages.ApplicationFormsPage - Successfully selected the value: 'Priemonių organizavimo departamentas'
2025-07-08 08:41:03 [main] ERROR l.i.uztis.pages.ApplicationFormsPage - Failed to close the dropdown with aria-expanded = 'false'.
2025-07-08 08:41:03 [main] DEBUG l.i.u.tests.ApplicationFormsPageTest - Selected a value from the 'Municipality' dropdown: 'Priemonių organizavimo departamentas'
2025-07-08 08:41:03 [main] DEBUG l.i.u.tests.ApplicationFormsPageTest - Selected 'Budget By Country' radio button.
2025-07-08 08:41:03 [main] DEBUG l.i.u.tests.ApplicationFormsPageTest - Selected 'Financed By Queue' radio button.
2025-07-08 08:41:03 [main] DEBUG l.i.u.tests.ApplicationFormsPageTest - Entered new application name: _paredaguota
2025-07-08 08:41:03 [main] DEBUG l.i.u.tests.ApplicationFormsPageTest - Clicked the 'Save' button.
2025-07-08 08:41:04 [main] DEBUG l.i.uztis.pages.ApplicationFormsPage - Verified success message: 'Duomenys sėkmingai išsaugoti.'
2025-07-08 08:41:04 [main] INFO  l.i.u.tests.ApplicationFormsPageTest - Verified success message
2025-07-08 08:41:04 [main] INFO  l.i.u.tests.ApplicationFormsPageTest - Test 'testEditAndSaveVuiApplication' completed successfully.
2025-07-08 08:41:42 [main] INFO  lt.insoft.uztis.tests.UztisPageTest - Navigated to https://uztisdev.asseco.lt/home
2025-07-08 08:41:42 [main] INFO  l.i.uztis.tests.InvitationsPageTest - Starting test:'testCreateNewVuiInvitationDraft'
2025-07-08 08:41:42 [main] INFO  l.insoft.uztis.tests.utils.TestUtils - Login attempt with user: evaluation_chief
2025-07-08 08:41:42 [main] DEBUG l.i.uztis.tests.InvitationsPageTest - User logged in with test credentials
2025-07-08 08:41:43 [main] DEBUG l.i.uztis.tests.InvitationsPageTest - Opened 'Application Processing' menu.
2025-07-08 08:41:43 [main] DEBUG l.i.uztis.tests.InvitationsPageTest - Clicked on 'Application Forms' menu.
2025-07-08 08:41:43 [main] DEBUG l.i.uztis.tests.InvitationsPageTest - Navigating to application forms menu.
2025-07-08 08:41:43 [main] DEBUG l.i.uztis.tests.InvitationsPageTest - Retrieved last description code text: 'TST-VUI-17'.
2025-07-08 08:41:43 [main] DEBUG l.i.uztis.tests.InvitationsPageTest - Clicked on 'Invitation' menu.
2025-07-08 08:41:43 [main] DEBUG l.i.uztis.tests.InvitationsPageTest - Clicked 'Create New Application Form'.
2025-07-08 08:41:45 [main] DEBUG l.i.uztis.tests.InvitationsPageTest - Selected section by code: 'TST-VUI-17'.
2025-07-08 08:41:45 [main] INFO  l.insoft.uztis.pages.InvitationsPage - Located the dropdown button.
2025-07-08 08:41:56 [main] ERROR l.insoft.uztis.pages.InvitationsPage - Timeout while waiting for dropdown to close with aria-expanded = 'false'.
2025-07-08 08:41:56 [main] DEBUG l.i.uztis.tests.InvitationsPageTest - Selected invitation number from the list.
2025-07-08 08:41:56 [main] DEBUG l.i.uztis.tests.InvitationsPageTest - Entered current date.
2025-07-08 08:41:57 [main] DEBUG l.i.uztis.tests.InvitationsPageTest - Entered start time: 00:00.
2025-07-08 08:41:57 [main] DEBUG l.i.uztis.tests.InvitationsPageTest - Entered end date.
2025-07-08 08:41:57 [main] DEBUG l.i.uztis.tests.InvitationsPageTest - Entered end time: 11:11.
2025-07-08 08:41:57 [main] DEBUG l.i.uztis.tests.InvitationsPageTest - Draft saved.
2025-07-08 08:41:57 [main] ERROR l.i.uztis.pages.ApplicationFormsPage - Failed to verify the success message: 'Duomenys sėkmingai išsaugoti.'. Available messages: [Nepavyko išsaugoti duomenų. Bandykite vėliau.]
2025-07-08 08:41:57 [main] INFO  l.i.uztis.tests.InvitationsPageTest - Verified success message
2025-07-08 08:41:57 [main] INFO  l.i.uztis.tests.InvitationsPageTest - Test 'testCreateNewVuiInvitationDraft' completed successfully.
2025-07-08 08:42:18 [main] INFO  lt.insoft.uztis.tests.UztisPageTest - Navigated to https://uztisdev.asseco.lt/home
2025-07-08 08:42:18 [main] INFO  l.i.uztis.tests.InvitationsPageTest - Starting test:'testCreateNewVuiInvitationDraft'
2025-07-08 08:42:18 [main] INFO  l.insoft.uztis.tests.utils.TestUtils - Login attempt with user: evaluation_chief
2025-07-08 08:42:18 [main] DEBUG l.i.uztis.tests.InvitationsPageTest - User logged in with test credentials
2025-07-08 08:42:19 [main] DEBUG l.i.uztis.tests.InvitationsPageTest - Opened 'Application Processing' menu.
2025-07-08 08:42:19 [main] DEBUG l.i.uztis.tests.InvitationsPageTest - Clicked on 'Application Forms' menu.
2025-07-08 08:42:19 [main] DEBUG l.i.uztis.tests.InvitationsPageTest - Navigating to application forms menu.
2025-07-08 08:42:20 [main] DEBUG l.i.uztis.tests.InvitationsPageTest - Retrieved last description code text: 'TST-VUI-17'.
2025-07-08 08:42:20 [main] DEBUG l.i.uztis.tests.InvitationsPageTest - Clicked on 'Invitation' menu.
2025-07-08 08:42:20 [main] DEBUG l.i.uztis.tests.InvitationsPageTest - Clicked 'Create New Application Form'.
2025-07-08 08:42:22 [main] DEBUG l.i.uztis.tests.InvitationsPageTest - Selected section by code: 'TST-VUI-17'.
2025-07-08 08:42:22 [main] INFO  l.insoft.uztis.pages.InvitationsPage - Located the dropdown button.
2025-07-08 08:42:33 [main] ERROR l.insoft.uztis.pages.InvitationsPage - Timeout while waiting for dropdown to close with aria-expanded = 'false'.
2025-07-08 08:42:33 [main] DEBUG l.i.uztis.tests.InvitationsPageTest - Selected invitation number from the list.
2025-07-08 08:42:34 [main] DEBUG l.i.uztis.tests.InvitationsPageTest - Entered current date.
2025-07-08 08:42:34 [main] DEBUG l.i.uztis.tests.InvitationsPageTest - Entered start time: 00:00.
2025-07-08 08:42:34 [main] DEBUG l.i.uztis.tests.InvitationsPageTest - Entered end date.
2025-07-08 08:42:35 [main] DEBUG l.i.uztis.tests.InvitationsPageTest - Entered end time: 11:11.
2025-07-08 08:42:35 [main] DEBUG l.i.uztis.tests.InvitationsPageTest - Draft saved.
2025-07-08 08:42:35 [main] ERROR l.i.uztis.pages.ApplicationFormsPage - Failed to verify the success message: 'Duomenys sėkmingai išsaugoti.'. Available messages: [Nepavyko išsaugoti duomenų. Bandykite vėliau.]
2025-07-08 08:42:35 [main] INFO  l.i.uztis.tests.InvitationsPageTest - Verified success message
2025-07-08 08:42:35 [main] INFO  l.i.uztis.tests.InvitationsPageTest - Test 'testCreateNewVuiInvitationDraft' completed successfully.
2025-07-08 08:45:40 [main] INFO  lt.insoft.uztis.tests.UztisPageTest - Navigated to https://uztisdev.asseco.lt/home
2025-07-08 08:45:40 [main] INFO  l.i.u.tests.ApplicationFormsPageTest - Setup complete. ApplicationFormsPage initialized.
2025-07-08 08:45:40 [main] INFO  l.i.u.tests.ApplicationFormsPageTest - Starting test:'testAddContractVUI'
2025-07-08 08:45:40 [main] INFO  l.insoft.uztis.tests.utils.TestUtils - Login attempt with user: evaluation_chief
2025-07-08 08:45:40 [main] DEBUG l.i.u.tests.ApplicationFormsPageTest - User logged in with test credentials
2025-07-08 08:45:41 [main] DEBUG l.i.u.tests.ApplicationFormsPageTest - Opened 'Application Processing' menu.
2025-07-08 08:45:41 [main] DEBUG l.i.u.tests.ApplicationFormsPageTest - Clicked on 'Application Forms' menu.
2025-07-08 08:45:42 [main] DEBUG l.i.u.tests.ApplicationFormsPageTest - Selected the last application description.
2025-07-08 08:45:42 [main] DEBUG l.i.u.tests.ApplicationFormsPageTest - Clicked 'Project Progress' tab.
2025-07-08 08:45:42 [main] DEBUG l.i.u.tests.ApplicationFormsPageTest - Clicked the 'Edit' button.
2025-07-08 08:45:42 [main] INFO  l.i.uztis.pages.ApplicationFormsPage - Opening the dropdown.
2025-07-08 08:45:47 [main] INFO  l.i.uztis.pages.ApplicationFormsPage - Selected the value: 'Vietinių užimtumo iniciatyvų projekto įgyvendinimo ir finansavimo sutartis'
2025-07-08 08:45:57 [main] ERROR l.i.uztis.pages.ApplicationFormsPage - Dropdown did not close as expected.
2025-07-08 08:45:57 [main] DEBUG l.i.u.tests.ApplicationFormsPageTest - Selected a value from the 'Document' dropdown: 'Vietinių užimtumo iniciatyvų projekto įgyvendinimo ir finansavimo sutartis'
2025-07-08 08:45:57 [main] INFO  l.i.uztis.pages.ApplicationFormsPage - Opening the dropdown.
2025-07-08 08:46:00 [main] INFO  l.i.uztis.pages.ApplicationFormsPage - Selected the value: 'Sprendimas dėl išmokos'
2025-07-08 08:46:10 [main] ERROR l.i.uztis.pages.ApplicationFormsPage - Dropdown did not close as expected.
2025-07-08 08:46:10 [main] DEBUG l.i.u.tests.ApplicationFormsPageTest - Selected a value from the 'Document' dropdown: 'Sprendimas dėl išmokos'
2025-07-08 08:46:10 [main] INFO  l.i.uztis.pages.ApplicationFormsPage - Opening the dropdown.
2025-07-08 08:46:13 [main] INFO  l.i.uztis.pages.ApplicationFormsPage - Selected the value: 'Sprendimas dėl išmokos'
2025-07-08 08:46:23 [main] ERROR l.i.uztis.pages.ApplicationFormsPage - Dropdown did not close as expected.
2025-07-08 08:46:23 [main] DEBUG l.i.u.tests.ApplicationFormsPageTest - Selected a value from the 'Document' dropdown: 'Sprendimas dėl išmokos'
2025-07-08 08:46:24 [main] DEBUG l.i.u.tests.ApplicationFormsPageTest - Clicked the 'Save' button.
2025-07-08 08:46:24 [main] ERROR l.i.uztis.pages.ApplicationFormsPage - Failed to verify the success message: 'Funkcija sėkmingai atlikta.'. Available messages: [Duomenys sėkmingai išsaugoti.]
2025-07-08 08:46:24 [main] INFO  l.i.u.tests.ApplicationFormsPageTest - Verified success message
2025-07-08 08:46:24 [main] INFO  l.i.u.tests.ApplicationFormsPageTest - Test 'testAddContractVUI' completed successfully.
2025-07-08 08:46:42 [main] INFO  lt.insoft.uztis.tests.UztisPageTest - Navigated to https://uztisdev.asseco.lt/home
2025-07-08 08:46:42 [main] INFO  l.i.uztis.tests.InvitationsPageTest - Starting test:'testCreateNewVuiInvitationDraft'
2025-07-08 08:46:42 [main] INFO  l.insoft.uztis.tests.utils.TestUtils - Login attempt with user: evaluation_chief
2025-07-08 08:46:42 [main] DEBUG l.i.uztis.tests.InvitationsPageTest - User logged in with test credentials
2025-07-08 08:46:43 [main] DEBUG l.i.uztis.tests.InvitationsPageTest - Opened 'Application Processing' menu.
2025-07-08 08:46:43 [main] DEBUG l.i.uztis.tests.InvitationsPageTest - Clicked on 'Application Forms' menu.
2025-07-08 08:46:43 [main] DEBUG l.i.uztis.tests.InvitationsPageTest - Navigating to application forms menu.
2025-07-08 08:46:43 [main] DEBUG l.i.uztis.tests.InvitationsPageTest - Retrieved last description code text: 'TST-VUI-17'.
2025-07-08 08:46:43 [main] DEBUG l.i.uztis.tests.InvitationsPageTest - Clicked on 'Invitation' menu.
2025-07-08 08:46:44 [main] DEBUG l.i.uztis.tests.InvitationsPageTest - Clicked 'Create New Application Form'.
2025-07-08 08:46:45 [main] DEBUG l.i.uztis.tests.InvitationsPageTest - Selected section by code: 'TST-VUI-17'.
2025-07-08 08:46:45 [main] INFO  l.insoft.uztis.pages.InvitationsPage - Located the dropdown button.
2025-07-08 08:46:57 [main] ERROR l.insoft.uztis.pages.InvitationsPage - Timeout while waiting for dropdown to close with aria-expanded = 'false'.
2025-07-08 08:46:57 [main] DEBUG l.i.uztis.tests.InvitationsPageTest - Selected invitation number from the list.
2025-07-08 08:46:57 [main] DEBUG l.i.uztis.tests.InvitationsPageTest - Entered current date.
2025-07-08 08:46:57 [main] DEBUG l.i.uztis.tests.InvitationsPageTest - Entered start time: 00:00.
2025-07-08 08:46:57 [main] DEBUG l.i.uztis.tests.InvitationsPageTest - Entered end date.
2025-07-08 08:46:58 [main] DEBUG l.i.uztis.tests.InvitationsPageTest - Entered end time: 11:11.
2025-07-08 08:46:58 [main] DEBUG l.i.uztis.tests.InvitationsPageTest - Draft saved.
2025-07-08 08:46:58 [main] ERROR l.i.uztis.pages.ApplicationFormsPage - Failed to verify the success message: 'Duomenys sėkmingai išsaugoti.'. Available messages: [Nepavyko išsaugoti duomenų. Bandykite vėliau.]
2025-07-08 08:46:58 [main] INFO  l.i.uztis.tests.InvitationsPageTest - Verified success message
2025-07-08 08:46:58 [main] INFO  l.i.uztis.tests.InvitationsPageTest - Test 'testCreateNewVuiInvitationDraft' completed successfully.
2025-07-08 08:47:36 [main] INFO  lt.insoft.uztis.tests.UztisPageTest - Navigated to https://uztisdev.asseco.lt/home
2025-07-08 08:47:36 [main] INFO  l.i.uztis.tests.InvitationsPageTest - Starting test:'testEditAndPublishVuiInvitationDraft'
2025-07-08 08:47:36 [main] INFO  l.insoft.uztis.tests.utils.TestUtils - Login attempt with user: evaluation_chief
2025-07-08 08:47:36 [main] DEBUG l.i.uztis.tests.InvitationsPageTest - User logged in with test credentials
2025-07-08 08:47:37 [main] DEBUG l.i.uztis.tests.InvitationsPageTest - Opened 'Application Processing' menu.
2025-07-08 08:47:37 [main] DEBUG l.i.uztis.tests.InvitationsPageTest - Clicked on 'Application Forms' menu.
2025-07-08 08:47:37 [main] DEBUG l.i.uztis.tests.InvitationsPageTest - Navigating to application forms menu.
2025-07-08 08:47:37 [main] DEBUG l.i.uztis.tests.InvitationsPageTest - Retrieved last description code text: 'TST-VUI-17'.
2025-07-08 08:47:38 [main] DEBUG l.i.uztis.tests.InvitationsPageTest - Clicked on 'Invitation' menu.
2025-07-08 08:47:39 [main] DEBUG l.i.uztis.tests.InvitationsPageTest - Selected section by code: 'TST-VUI-17'.
2025-07-08 08:47:39 [main] DEBUG l.i.uztis.tests.InvitationsPageTest - Clicked 'Search'.
2025-07-08 08:47:39 [main] DEBUG l.i.uztis.tests.InvitationsPageTest - Getting and inserting application code text.
2025-07-08 08:47:50 [main] ERROR l.i.uztis.tests.InvitationsPageTest - Test 'testEditAndPublishVuiInvitationDraft' failed with error: no such window: target window already closed
from unknown error: web view not found
  (Session info: chrome=138.0.7204.97)
Build info: version: '4.27.0', revision: 'd6e718d134'
System info: os.name: 'Windows 11', os.arch: 'amd64', os.version: '10.0', java.version: '21.0.3'
Driver info: org.openqa.selenium.chrome.ChromeDriver
Command: [53eaf0dc6dac34f8025a9498736e86b2, findElement {value=//tr[td/span[contains(text(), 'Ruošinys')]], using=xpath}]
Capabilities {acceptInsecureCerts: false, browserName: chrome, browserVersion: 138.0.7204.97, chrome: {chromedriverVersion: 138.0.7204.92 (f079b9bc781e..., userDataDir: C:\Users\INGRID~1.ZAD\AppDa...}, fedcm:accounts: true, goog:chromeOptions: {debuggerAddress: localhost:60580}, networkConnectionEnabled: false, pageLoadStrategy: normal, platformName: windows, proxy: Proxy(), se:cdp: ws://localhost:60580/devtoo..., se:cdpVersion: 138.0.7204.97, setWindowRect: true, strictFileInteractability: false, timeouts: {implicit: 0, pageLoad: 300000, script: 30000}, unhandledPromptBehavior: dismiss and notify, webauthn:extension:credBlob: true, webauthn:extension:largeBlob: true, webauthn:extension:minPinLength: true, webauthn:extension:prf: true, webauthn:virtualAuthenticators: true}
Session ID: 53eaf0dc6dac34f8025a9498736e86b2
org.openqa.selenium.NoSuchWindowException: no such window: target window already closed
from unknown error: web view not found
  (Session info: chrome=138.0.7204.97)
Build info: version: '4.27.0', revision: 'd6e718d134'
System info: os.name: 'Windows 11', os.arch: 'amd64', os.version: '10.0', java.version: '21.0.3'
Driver info: org.openqa.selenium.chrome.ChromeDriver
Command: [53eaf0dc6dac34f8025a9498736e86b2, findElement {value=//tr[td/span[contains(text(), 'Ruošinys')]], using=xpath}]
Capabilities {acceptInsecureCerts: false, browserName: chrome, browserVersion: 138.0.7204.97, chrome: {chromedriverVersion: 138.0.7204.92 (f079b9bc781e..., userDataDir: C:\Users\INGRID~1.ZAD\AppDa...}, fedcm:accounts: true, goog:chromeOptions: {debuggerAddress: localhost:60580}, networkConnectionEnabled: false, pageLoadStrategy: normal, platformName: windows, proxy: Proxy(), se:cdp: ws://localhost:60580/devtoo..., se:cdpVersion: 138.0.7204.97, setWindowRect: true, strictFileInteractability: false, timeouts: {implicit: 0, pageLoad: 300000, script: 30000}, unhandledPromptBehavior: dismiss and notify, webauthn:extension:credBlob: true, webauthn:extension:largeBlob: true, webauthn:extension:minPinLength: true, webauthn:extension:prf: true, webauthn:virtualAuthenticators: true}
Session ID: 53eaf0dc6dac34f8025a9498736e86b2
	at java.base/jdk.internal.reflect.DirectConstructorHandleAccessor.newInstance(DirectConstructorHandleAccessor.java:62)
	at java.base/java.lang.reflect.Constructor.newInstanceWithCaller(Constructor.java:502)
	at java.base/java.lang.reflect.Constructor.newInstance(Constructor.java:486)
	at org.openqa.selenium.remote.ErrorCodec.decode(ErrorCodec.java:167)
	at org.openqa.selenium.remote.codec.w3c.W3CHttpResponseCodec.decode(W3CHttpResponseCodec.java:138)
	at org.openqa.selenium.remote.codec.w3c.W3CHttpResponseCodec.decode(W3CHttpResponseCodec.java:50)
	at org.openqa.selenium.remote.HttpCommandExecutor.execute(HttpCommandExecutor.java:190)
	at org.openqa.selenium.remote.service.DriverCommandExecutor.invokeExecute(DriverCommandExecutor.java:216)
	at org.openqa.selenium.remote.service.DriverCommandExecutor.execute(DriverCommandExecutor.java:174)
	at org.openqa.selenium.remote.RemoteWebDriver.execute(RemoteWebDriver.java:545)
	at org.openqa.selenium.remote.ElementLocation$ElementFinder$2.findElement(ElementLocation.java:165)
	at org.openqa.selenium.remote.ElementLocation.findElement(ElementLocation.java:59)
	at org.openqa.selenium.remote.RemoteWebDriver.findElement(RemoteWebDriver.java:368)
	at org.openqa.selenium.remote.RemoteWebDriver.findElement(RemoteWebDriver.java:362)
	at org.openqa.selenium.support.pagefactory.DefaultElementLocator.findElement(DefaultElementLocator.java:68)
	at org.openqa.selenium.support.pagefactory.internal.LocatingElementHandler.invoke(LocatingElementHandler.java:38)
	at jdk.proxy2/jdk.proxy2.$Proxy14.toString(Unknown Source)
	at java.base/java.lang.String.valueOf(String.java:4465)
	at org.openqa.selenium.support.ui.ExpectedConditions$23.toString(ExpectedConditions.java:669)
	at java.base/java.lang.String.valueOf(String.java:4465)
	at org.openqa.selenium.support.ui.FluentWait.until(FluentWait.java:225)
	at lt.insoft.uztis.pages.InvitationsPage.clickInvitationRowDraft(InvitationsPage.java:584)
	at lt.insoft.uztis.tests.InvitationsPageTest.testEditAndPublishVuiInvitation(InvitationsPageTest.java:166)
	at java.base/jdk.internal.reflect.DirectMethodHandleAccessor.invoke(DirectMethodHandleAccessor.java:103)
	at java.base/java.lang.reflect.Method.invoke(Method.java:580)
	at org.junit.platform.commons.util.ReflectionUtils.invokeMethod(ReflectionUtils.java:728)
	at org.junit.jupiter.engine.execution.MethodInvocation.proceed(MethodInvocation.java:60)
	at org.junit.jupiter.engine.execution.InvocationInterceptorChain$ValidatingInvocation.proceed(InvocationInterceptorChain.java:131)
	at org.junit.jupiter.engine.extension.TimeoutExtension.intercept(TimeoutExtension.java:156)
	at org.junit.jupiter.engine.extension.TimeoutExtension.interceptTestableMethod(TimeoutExtension.java:147)
	at org.junit.jupiter.engine.extension.TimeoutExtension.interceptTestMethod(TimeoutExtension.java:86)
	at org.junit.jupiter.engine.execution.InterceptingExecutableInvoker$ReflectiveInterceptorCall.lambda$ofVoidMethod$0(InterceptingExecutableInvoker.java:103)
	at org.junit.jupiter.engine.execution.InterceptingExecutableInvoker.lambda$invoke$0(InterceptingExecutableInvoker.java:93)
	at org.junit.jupiter.engine.execution.InvocationInterceptorChain$InterceptedInvocation.proceed(InvocationInterceptorChain.java:106)
	at org.junit.jupiter.engine.execution.InvocationInterceptorChain.proceed(InvocationInterceptorChain.java:64)
	at org.junit.jupiter.engine.execution.InvocationInterceptorChain.chainAndInvoke(InvocationInterceptorChain.java:45)
	at org.junit.jupiter.engine.execution.InvocationInterceptorChain.invoke(InvocationInterceptorChain.java:37)
	at org.junit.jupiter.engine.execution.InterceptingExecutableInvoker.invoke(InterceptingExecutableInvoker.java:92)
	at org.junit.jupiter.engine.execution.InterceptingExecutableInvoker.invoke(InterceptingExecutableInvoker.java:86)
	at org.junit.jupiter.engine.descriptor.TestMethodTestDescriptor.lambda$invokeTestMethod$7(TestMethodTestDescriptor.java:218)
	at org.junit.platform.engine.support.hierarchical.ThrowableCollector.execute(ThrowableCollector.java:73)
	at org.junit.jupiter.engine.descriptor.TestMethodTestDescriptor.invokeTestMethod(TestMethodTestDescriptor.java:214)
	at org.junit.jupiter.engine.descriptor.TestMethodTestDescriptor.execute(TestMethodTestDescriptor.java:139)
	at org.junit.jupiter.engine.descriptor.TestMethodTestDescriptor.execute(TestMethodTestDescriptor.java:69)
	at org.junit.platform.engine.support.hierarchical.NodeTestTask.lambda$executeRecursively$6(NodeTestTask.java:151)
	at org.junit.platform.engine.support.hierarchical.ThrowableCollector.execute(ThrowableCollector.java:73)
	at org.junit.platform.engine.support.hierarchical.NodeTestTask.lambda$executeRecursively$8(NodeTestTask.java:141)
	at org.junit.platform.engine.support.hierarchical.Node.around(Node.java:137)
	at org.junit.platform.engine.support.hierarchical.NodeTestTask.lambda$executeRecursively$9(NodeTestTask.java:139)
	at org.junit.platform.engine.support.hierarchical.ThrowableCollector.execute(ThrowableCollector.java:73)
	at org.junit.platform.engine.support.hierarchical.NodeTestTask.executeRecursively(NodeTestTask.java:138)
	at org.junit.platform.engine.support.hierarchical.NodeTestTask.execute(NodeTestTask.java:95)
	at java.base/java.util.ArrayList.forEach(ArrayList.java:1596)
	at org.junit.platform.engine.support.hierarchical.SameThreadHierarchicalTestExecutorService.invokeAll(SameThreadHierarchicalTestExecutorService.java:41)
	at org.junit.platform.engine.support.hierarchical.NodeTestTask.lambda$executeRecursively$6(NodeTestTask.java:155)
	at org.junit.platform.engine.support.hierarchical.ThrowableCollector.execute(ThrowableCollector.java:73)
	at org.junit.platform.engine.support.hierarchical.NodeTestTask.lambda$executeRecursively$8(NodeTestTask.java:141)
	at org.junit.platform.engine.support.hierarchical.Node.around(Node.java:137)
	at org.junit.platform.engine.support.hierarchical.NodeTestTask.lambda$executeRecursively$9(NodeTestTask.java:139)
	at org.junit.platform.engine.support.hierarchical.ThrowableCollector.execute(ThrowableCollector.java:73)
	at org.junit.platform.engine.support.hierarchical.NodeTestTask.executeRecursively(NodeTestTask.java:138)
	at org.junit.platform.engine.support.hierarchical.NodeTestTask.execute(NodeTestTask.java:95)
	at java.base/java.util.ArrayList.forEach(ArrayList.java:1596)
	at org.junit.platform.engine.support.hierarchical.SameThreadHierarchicalTestExecutorService.invokeAll(SameThreadHierarchicalTestExecutorService.java:41)
	at org.junit.platform.engine.support.hierarchical.NodeTestTask.lambda$executeRecursively$6(NodeTestTask.java:155)
	at org.junit.platform.engine.support.hierarchical.ThrowableCollector.execute(ThrowableCollector.java:73)
	at org.junit.platform.engine.support.hierarchical.NodeTestTask.lambda$executeRecursively$8(NodeTestTask.java:141)
	at org.junit.platform.engine.support.hierarchical.Node.around(Node.java:137)
	at org.junit.platform.engine.support.hierarchical.NodeTestTask.lambda$executeRecursively$9(NodeTestTask.java:139)
	at org.junit.platform.engine.support.hierarchical.ThrowableCollector.execute(ThrowableCollector.java:73)
	at org.junit.platform.engine.support.hierarchical.NodeTestTask.executeRecursively(NodeTestTask.java:138)
	at org.junit.platform.engine.support.hierarchical.NodeTestTask.execute(NodeTestTask.java:95)
	at org.junit.platform.engine.support.hierarchical.SameThreadHierarchicalTestExecutorService.submit(SameThreadHierarchicalTestExecutorService.java:35)
	at org.junit.platform.engine.support.hierarchical.HierarchicalTestExecutor.execute(HierarchicalTestExecutor.java:57)
	at org.junit.platform.engine.support.hierarchical.HierarchicalTestEngine.execute(HierarchicalTestEngine.java:54)
	at org.junit.platform.launcher.core.EngineExecutionOrchestrator.execute(EngineExecutionOrchestrator.java:198)
	at org.junit.platform.launcher.core.EngineExecutionOrchestrator.execute(EngineExecutionOrchestrator.java:169)
	at org.junit.platform.launcher.core.EngineExecutionOrchestrator.execute(EngineExecutionOrchestrator.java:93)
	at org.junit.platform.launcher.core.EngineExecutionOrchestrator.lambda$execute$0(EngineExecutionOrchestrator.java:58)
	at org.junit.platform.launcher.core.EngineExecutionOrchestrator.withInterceptedStreams(EngineExecutionOrchestrator.java:141)
	at org.junit.platform.launcher.core.EngineExecutionOrchestrator.execute(EngineExecutionOrchestrator.java:57)
	at org.junit.platform.launcher.core.DefaultLauncher.execute(DefaultLauncher.java:103)
	at org.junit.platform.launcher.core.DefaultLauncher.execute(DefaultLauncher.java:85)
	at org.junit.platform.launcher.core.DelegatingLauncher.execute(DelegatingLauncher.java:47)
	at org.junit.platform.launcher.core.SessionPerRequestLauncher.execute(SessionPerRequestLauncher.java:63)
	at com.intellij.junit5.JUnit5IdeaTestRunner.startRunnerWithArgs(JUnit5IdeaTestRunner.java:57)
	at com.intellij.rt.junit.IdeaTestRunner$Repeater$1.execute(IdeaTestRunner.java:38)
	at com.intellij.rt.execution.junit.TestsRepeater.repeat(TestsRepeater.java:11)
	at com.intellij.rt.junit.IdeaTestRunner$Repeater.startRunnerWithArgs(IdeaTestRunner.java:35)
	at com.intellij.rt.junit.JUnitStarter.prepareStreamsAndStart(JUnitStarter.java:232)
	at com.intellij.rt.junit.JUnitStarter.main(JUnitStarter.java:55)
2025-07-08 08:49:01 [main] INFO  lt.insoft.uztis.tests.UztisPageTest - Navigated to https://uztisdev.asseco.lt/home
2025-07-08 08:49:01 [main] INFO  l.i.uztis.tests.InvitationsPageTest - Starting test:'testCreateNewVuiInvitationDraft'
2025-07-08 08:49:02 [main] INFO  l.insoft.uztis.tests.utils.TestUtils - Login attempt with user: evaluation_chief
2025-07-08 08:49:02 [main] DEBUG l.i.uztis.tests.InvitationsPageTest - User logged in with test credentials
2025-07-08 08:49:02 [main] DEBUG l.i.uztis.tests.InvitationsPageTest - Opened 'Application Processing' menu.
2025-07-08 08:49:02 [main] DEBUG l.i.uztis.tests.InvitationsPageTest - Clicked on 'Application Forms' menu.
2025-07-08 08:49:02 [main] DEBUG l.i.uztis.tests.InvitationsPageTest - Navigating to application forms menu.
2025-07-08 08:49:03 [main] DEBUG l.i.uztis.tests.InvitationsPageTest - Retrieved last description code text: 'TST-VUI-17'.
2025-07-08 08:49:03 [main] DEBUG l.i.uztis.tests.InvitationsPageTest - Clicked on 'Invitation' menu.
2025-07-08 08:49:03 [main] DEBUG l.i.uztis.tests.InvitationsPageTest - Clicked 'Create New Application Form'.
2025-07-08 08:49:05 [main] DEBUG l.i.uztis.tests.InvitationsPageTest - Selected section by code: 'TST-VUI-17'.
2025-07-08 08:49:05 [main] INFO  l.insoft.uztis.pages.InvitationsPage - Located the dropdown button.
2025-07-08 08:49:16 [main] ERROR l.insoft.uztis.pages.InvitationsPage - Timeout while waiting for dropdown to close with aria-expanded = 'false'.
2025-07-08 08:49:16 [main] DEBUG l.i.uztis.tests.InvitationsPageTest - Selected invitation number from the list.
2025-07-08 08:49:17 [main] DEBUG l.i.uztis.tests.InvitationsPageTest - Entered current date.
2025-07-08 08:49:17 [main] DEBUG l.i.uztis.tests.InvitationsPageTest - Entered start time: 00:00.
2025-07-08 08:49:17 [main] DEBUG l.i.uztis.tests.InvitationsPageTest - Entered end date.
2025-07-08 08:49:17 [main] DEBUG l.i.uztis.tests.InvitationsPageTest - Entered end time: 11:11.
2025-07-08 08:49:18 [main] DEBUG l.i.uztis.tests.InvitationsPageTest - Draft saved.
2025-07-08 08:49:18 [main] ERROR l.i.uztis.pages.ApplicationFormsPage - Failed to verify the success message: 'Duomenys sėkmingai išsaugoti.'. Available messages: [Nepavyko išsaugoti duomenų. Bandykite vėliau.]
2025-07-08 08:49:18 [main] INFO  l.i.uztis.tests.InvitationsPageTest - Verified success message
2025-07-08 08:49:18 [main] INFO  l.i.uztis.tests.InvitationsPageTest - Test 'testCreateNewVuiInvitationDraft' completed successfully.
2025-07-10 08:11:29 [main] INFO  lt.insoft.uztis.tests.UztisPageTest - Navigated to https://uztisdev.asseco.lt/home
2025-07-10 08:11:29 [main] INFO  l.i.uztis.tests.InvitationsPageTest - Starting test:'testCreateNewVuiInvitationDraft'
2025-07-10 08:11:29 [main] INFO  l.insoft.uztis.tests.utils.TestUtils - Login attempt with user: evaluation_chief
2025-07-10 08:11:29 [main] DEBUG l.i.uztis.tests.InvitationsPageTest - User logged in with test credentials
2025-07-10 08:11:30 [main] DEBUG l.i.uztis.tests.InvitationsPageTest - Opened 'Application Processing' menu.
2025-07-10 08:11:30 [main] DEBUG l.i.uztis.tests.InvitationsPageTest - Clicked on 'Application Forms' menu.
2025-07-10 08:11:30 [main] DEBUG l.i.uztis.tests.InvitationsPageTest - Navigating to application forms menu.
2025-07-10 08:11:30 [main] DEBUG l.i.uztis.tests.InvitationsPageTest - Retrieved last description code text: 'TST-VUI-17'.
2025-07-10 08:11:31 [main] DEBUG l.i.uztis.tests.InvitationsPageTest - Clicked on 'Invitation' menu.
2025-07-10 08:11:31 [main] DEBUG l.i.uztis.tests.InvitationsPageTest - Clicked 'Create New Application Form'.
2025-07-10 08:11:32 [main] DEBUG l.i.uztis.tests.InvitationsPageTest - Selected section by code: 'TST-VUI-17'.
2025-07-10 08:11:32 [main] INFO  l.insoft.uztis.pages.InvitationsPage - Located the dropdown button.
2025-07-10 08:11:44 [main] ERROR l.insoft.uztis.pages.InvitationsPage - Timeout while waiting for dropdown to close with aria-expanded = 'false'.
2025-07-10 08:11:44 [main] DEBUG l.i.uztis.tests.InvitationsPageTest - Selected invitation number from the list.
2025-07-10 08:11:44 [main] DEBUG l.i.uztis.tests.InvitationsPageTest - Entered current date.
2025-07-10 08:11:45 [main] DEBUG l.i.uztis.tests.InvitationsPageTest - Entered start time: 00:00.
2025-07-10 08:11:45 [main] DEBUG l.i.uztis.tests.InvitationsPageTest - Entered end date.
2025-07-10 08:11:45 [main] DEBUG l.i.uztis.tests.InvitationsPageTest - Entered end time: 11:11.
2025-07-10 08:11:45 [main] DEBUG l.i.uztis.tests.InvitationsPageTest - Draft saved.
2025-07-10 08:11:46 [main] DEBUG l.i.uztis.pages.ApplicationFormsPage - Verified success message: 'Duomenys sėkmingai išsaugoti.'
2025-07-10 08:11:46 [main] INFO  l.i.uztis.tests.InvitationsPageTest - Verified success message
2025-07-10 08:11:46 [main] INFO  l.i.uztis.tests.InvitationsPageTest - Test 'testCreateNewVuiInvitationDraft' completed successfully.
2025-07-10 08:12:02 [main] INFO  lt.insoft.uztis.tests.UztisPageTest - Navigated to https://uztisdev.asseco.lt/home
2025-07-10 08:12:02 [main] INFO  l.i.uztis.tests.InvitationsPageTest - Starting test:'testEditAndPublishVuiInvitationDraft'
2025-07-10 08:12:03 [main] INFO  l.insoft.uztis.tests.utils.TestUtils - Login attempt with user: evaluation_chief
2025-07-10 08:12:03 [main] DEBUG l.i.uztis.tests.InvitationsPageTest - User logged in with test credentials
2025-07-10 08:12:03 [main] DEBUG l.i.uztis.tests.InvitationsPageTest - Opened 'Application Processing' menu.
2025-07-10 08:12:03 [main] DEBUG l.i.uztis.tests.InvitationsPageTest - Clicked on 'Application Forms' menu.
2025-07-10 08:12:03 [main] DEBUG l.i.uztis.tests.InvitationsPageTest - Navigating to application forms menu.
2025-07-10 08:12:04 [main] DEBUG l.i.uztis.tests.InvitationsPageTest - Retrieved last description code text: 'TST-VUI-17'.
2025-07-10 08:12:04 [main] DEBUG l.i.uztis.tests.InvitationsPageTest - Clicked on 'Invitation' menu.
2025-07-10 08:12:05 [main] DEBUG l.i.uztis.tests.InvitationsPageTest - Selected section by code: 'TST-VUI-17'.
2025-07-10 08:12:06 [main] DEBUG l.i.uztis.tests.InvitationsPageTest - Clicked 'Search'.
2025-07-10 08:12:06 [main] DEBUG l.i.uztis.tests.InvitationsPageTest - Getting and inserting application code text.
2025-07-10 08:12:06 [main] DEBUG l.i.uztis.tests.InvitationsPageTest - Clicked 'InvitationDraft'.
2025-07-10 08:12:06 [main] DEBUG l.i.uztis.tests.InvitationsPageTest - Clicked 'Edit'.
2025-07-10 08:12:07 [main] DEBUG l.i.uztis.tests.InvitationsPageTest - Entered publication end date.
2025-07-10 08:12:07 [main] DEBUG l.i.uztis.tests.InvitationsPageTest - Added additional values.
2025-07-10 08:12:07 [main] INFO  l.insoft.uztis.pages.InvitationsPage - Located the dropdown button.
2025-07-10 08:12:08 [main] DEBUG l.i.uztis.tests.InvitationsPageTest - Selected the value: 'Didžiausia galima paramos suma aplinkos darbo vietai, Eur'
2025-07-10 08:12:08 [main] INFO  l.insoft.uztis.pages.InvitationsPage - Located the dropdown button.
2025-07-10 08:12:09 [main] DEBUG l.i.uztis.tests.InvitationsPageTest - Selected the value: 'Didžiausia galima paramos suma, Eur'
2025-07-10 08:12:09 [main] INFO  l.insoft.uztis.pages.InvitationsPage - Located the dropdown button.
2025-07-10 08:12:10 [main] DEBUG l.i.uztis.tests.InvitationsPageTest - Selected the value: 'Didžiausia galima paramos suma vienai darbo vietai, Eur'
2025-07-10 08:12:10 [main] DEBUG l.i.uztis.tests.InvitationsPageTest - Entered value: 11000
2025-07-10 08:12:10 [main] DEBUG l.i.uztis.tests.InvitationsPageTest - Entered value: 12000
2025-07-10 08:12:10 [main] DEBUG l.i.uztis.tests.InvitationsPageTest - Entered value: 13000
2025-07-10 08:12:10 [main] DEBUG l.i.uztis.tests.InvitationsPageTest - Checked 'Legal Entities' checkbox.
2025-07-10 08:12:11 [main] DEBUG l.i.uztis.tests.InvitationsPageTest - Checked 'Legal Entities' checkbox.
2025-07-10 08:12:11 [main] DEBUG l.i.uztis.tests.InvitationsPageTest - Unchecked 'Persons Registered with Employment Service' checkbox.
2025-07-10 08:12:11 [main] DEBUG l.i.uztis.tests.InvitationsPageTest - Checked 'Persons Registered as Employers' checkbox.
2025-07-10 08:12:11 [main] DEBUG l.i.uztis.tests.InvitationsPageTest - Entered second evaluation grade: '5'.
2025-07-10 08:12:11 [main] DEBUG l.i.uztis.tests.InvitationsPageTest - Entered third evaluation grade: '6'.
2025-07-10 08:12:11 [main] DEBUG l.i.uztis.tests.InvitationsPageTest - Entered second evaluation grade weight: '0,45'.
2025-07-10 08:12:11 [main] DEBUG l.i.uztis.tests.InvitationsPageTest - Entered third evaluation grade weight: '0,55'.
2025-07-10 08:12:11 [main] DEBUG l.i.uztis.tests.InvitationsPageTest - Entered budget: '2000'.
2025-07-10 08:12:12 [main] DEBUG l.i.uztis.tests.InvitationsPageTest - Entered description text: 'Aprašo tekstas'.
2025-07-10 08:12:12 [main] DEBUG l.i.uztis.tests.InvitationsPageTest - Entered applicants text: 'Pareiškėjų tekstas'.
2025-07-10 08:12:12 [main] DEBUG l.i.uztis.tests.InvitationsPageTest - Entered expenditures text: 'Išlaidų tekstas'.
2025-07-10 08:12:12 [main] DEBUG l.i.uztis.tests.InvitationsPageTest - Entered legislation text: 'Teisės aktų tekstas'.
2025-07-10 08:12:12 [main] DEBUG l.i.uztis.tests.InvitationsPageTest - Entered education text: 'Mokymų tekstas'.
2025-07-10 08:12:12 [main] DEBUG l.i.uztis.tests.InvitationsPageTest - File uploaded.
2025-07-10 08:12:12 [main] DEBUG l.i.uztis.tests.InvitationsPageTest - Clicked 'Publish'.
2025-07-10 08:12:12 [main] DEBUG l.i.uztis.tests.InvitationsPageTest - Publication confirmed.
2025-07-10 08:12:13 [main] DEBUG l.i.uztis.pages.ApplicationFormsPage - Verified success message: 'Funkcija sėkmingai atlikta.'
2025-07-10 08:12:13 [main] INFO  l.i.uztis.tests.InvitationsPageTest - Verified success message
2025-07-10 08:12:13 [main] INFO  l.i.uztis.tests.InvitationsPageTest - Test 'testEditAndPublishVuiInvitationDraft' completed successfully.
2025-07-10 08:13:05 [main] INFO  lt.insoft.uztis.tests.UztisPageTest - Navigated to https://uztisdev.asseco.lt/home
2025-07-10 08:13:05 [main] INFO  l.i.uztis.tests.InvitationsPageTest - Starting test:'testInsertVui_PvkStatisticInformation'
2025-07-10 08:13:06 [main] INFO  l.insoft.uztis.tests.utils.TestUtils - Login attempt with user: evaluation_chief
2025-07-10 08:13:06 [main] DEBUG l.i.uztis.tests.InvitationsPageTest - User logged in with test credentials
2025-07-10 08:13:06 [main] DEBUG l.i.uztis.tests.InvitationsPageTest - Opened 'Application Processing' menu.
2025-07-10 08:13:06 [main] DEBUG l.i.uztis.tests.InvitationsPageTest - Clicked on 'Application Forms' menu.
2025-07-10 08:13:06 [main] DEBUG l.i.uztis.tests.InvitationsPageTest - Navigating to invitation forms menu.
2025-07-10 08:13:07 [main] DEBUG l.i.uztis.tests.InvitationsPageTest - Retrieved last description code text: 'TST-VUI-17'.
2025-07-10 08:13:07 [main] DEBUG l.i.uztis.tests.InvitationsPageTest - Clicked on 'Invitation' menu.
2025-07-10 08:13:08 [main] DEBUG l.i.uztis.tests.InvitationsPageTest - Selected section by code: 'TST-VUI-17'.
2025-07-10 08:13:09 [main] DEBUG l.i.uztis.tests.InvitationsPageTest - Clicked 'Search'.
2025-07-10 08:13:09 [main] DEBUG l.i.uztis.tests.InvitationsPageTest - Getting and inserting application code text.
2025-07-10 08:13:09 [main] DEBUG l.i.uztis.tests.InvitationsPageTest - Clicked 'Publishing'.
2025-07-10 08:13:10 [main] DEBUG l.i.uztis.tests.InvitationsPageTest - Clicked 'Statistic Information' tab.
2025-07-10 08:13:10 [main] DEBUG l.i.uztis.tests.InvitationsPageTest - Clicked 'Edit' button.
2025-07-10 08:13:10 [main] DEBUG l.i.uztis.tests.InvitationsPageTest - Entered current date.
2025-07-10 08:13:10 [main] DEBUG l.i.uztis.tests.InvitationsPageTest - Entered value: 8.7
2025-07-10 08:13:11 [main] DEBUG l.i.uztis.tests.InvitationsPageTest - Entered average salary: 2237.9
2025-07-10 08:13:11 [main] DEBUG l.i.uztis.tests.InvitationsPageTest - File uploaded.
2025-07-10 08:13:11 [main] DEBUG l.i.uztis.tests.InvitationsPageTest - Clicked 'Save' button.
2025-07-10 08:13:12 [main] DEBUG l.i.uztis.pages.ApplicationFormsPage - Verified success message: 'Funkcija sėkmingai atlikta.'
2025-07-10 08:13:12 [main] INFO  l.i.uztis.tests.InvitationsPageTest - Verified success message
2025-07-10 08:13:12 [main] INFO  l.i.uztis.tests.InvitationsPageTest - Test 'testInsertVui_PvkStatisticInformation' completed successfully.
2025-07-16 06:57:26 [main] INFO  lt.insoft.uztis.tests.UztisPageTest - Navigated to https://uztisdev.asseco.lt/home
2025-07-16 06:57:26 [main] INFO  l.i.u.tests.ApplicationFormsPageTest - Setup complete. ApplicationFormsPage initialized.
2025-07-16 06:57:26 [main] INFO  l.i.u.tests.ApplicationFormsPageTest - Starting test:'testCreateNewDvpApplication'
2025-07-16 06:57:26 [main] INFO  l.insoft.uztis.tests.utils.TestUtils - Login attempt with user: evaluation_chief
2025-07-16 06:57:26 [main] DEBUG l.i.u.tests.ApplicationFormsPageTest - User logged in with test credentials
2025-07-16 06:57:27 [main] DEBUG l.i.u.tests.ApplicationFormsPageTest - Opened 'Application Processing' menu.
2025-07-16 06:57:27 [main] DEBUG l.i.u.tests.ApplicationFormsPageTest - Clicked on 'Application Forms' menu.
2025-07-16 06:57:27 [main] DEBUG l.i.u.tests.ApplicationFormsPageTest - Clicked to create a new application form.
2025-07-16 06:57:28 [main] DEBUG l.i.u.tests.ApplicationFormsPageTest - Entered random application code: TST-DVP-40
2025-07-16 06:57:28 [main] DEBUG l.i.u.tests.ApplicationFormsPageTest - Selected 'Municipality' radio button.
2025-07-16 06:57:28 [main] INFO  l.i.uztis.pages.ApplicationFormsPage - Located the dropdown button.
2025-07-16 06:57:28 [main] INFO  l.i.uztis.pages.ApplicationFormsPage - Successfully selected the value: 'Priemonių organizavimo departamentas'
2025-07-16 06:57:38 [main] ERROR l.i.uztis.pages.ApplicationFormsPage - Failed to close the dropdown with aria-expanded = 'false'.
2025-07-16 06:57:38 [main] DEBUG l.i.u.tests.ApplicationFormsPageTest - Selected a value from the 'Municipality' dropdown: 'Priemonių organizavimo departamentas'
2025-07-16 06:57:38 [main] DEBUG l.i.u.tests.ApplicationFormsPageTest - Selected 'Budget By Country' radio button.
2025-07-16 06:57:38 [main] DEBUG l.i.u.tests.ApplicationFormsPageTest - Selected 'Financed Without Queue' option.
2025-07-16 06:57:38 [main] INFO  l.i.uztis.pages.ApplicationFormsPage - Located the dropdown button.
2025-07-16 06:57:39 [main] INFO  l.i.uztis.pages.ApplicationFormsPage - Successfully selected the value: 'DVP atitiktis URP'
2025-07-16 06:57:50 [main] ERROR l.i.uztis.pages.ApplicationFormsPage - Failed to close the dropdown with aria-expanded = 'false'.
2025-07-16 06:57:50 [main] DEBUG l.i.u.tests.ApplicationFormsPageTest - Selected a value from the 'EvaluationOne' dropdown: 'DVP atitiktis URP'
2025-07-16 06:57:50 [main] DEBUG l.i.u.tests.ApplicationFormsPageTest - Clicked 'Plus' button.
2025-07-16 06:57:51 [main] DEBUG l.i.u.tests.ApplicationFormsPageTest - Clicked 'Add' button seven times.
2025-07-16 06:57:51 [main] INFO  l.i.uztis.pages.ApplicationFormsPage - Processing dropdown index: 0
2025-07-16 06:58:01 [main] ERROR l.i.uztis.pages.ApplicationFormsPage - Timeout while waiting for dropdown to close at index: 0 with aria-expanded = 'false'
2025-07-16 06:58:02 [main] INFO  l.i.uztis.pages.ApplicationFormsPage - Processing dropdown index: 1
2025-07-16 06:58:12 [main] ERROR l.i.uztis.pages.ApplicationFormsPage - Timeout while waiting for dropdown to close at index: 1 with aria-expanded = 'false'
2025-07-16 06:58:12 [main] INFO  l.i.uztis.pages.ApplicationFormsPage - Processing dropdown index: 2
2025-07-16 06:58:23 [main] ERROR l.i.uztis.pages.ApplicationFormsPage - Timeout while waiting for dropdown to close at index: 2 with aria-expanded = 'false'
2025-07-16 06:58:23 [main] INFO  l.i.uztis.pages.ApplicationFormsPage - Processing dropdown index: 3
2025-07-16 06:58:34 [main] ERROR l.i.uztis.pages.ApplicationFormsPage - Timeout while waiting for dropdown to close at index: 3 with aria-expanded = 'false'
2025-07-16 06:58:34 [main] INFO  l.i.uztis.pages.ApplicationFormsPage - Processing dropdown index: 4
2025-07-16 06:58:44 [main] ERROR l.i.uztis.pages.ApplicationFormsPage - Timeout while waiting for dropdown to close at index: 4 with aria-expanded = 'false'
2025-07-16 06:58:44 [main] INFO  l.i.uztis.pages.ApplicationFormsPage - Processing dropdown index: 5
2025-07-16 06:58:55 [main] ERROR l.i.uztis.pages.ApplicationFormsPage - Timeout while waiting for dropdown to close at index: 5 with aria-expanded = 'false'
2025-07-16 06:58:55 [main] INFO  l.i.uztis.pages.ApplicationFormsPage - Processing dropdown index: 6
2025-07-16 06:59:06 [main] ERROR l.i.uztis.pages.ApplicationFormsPage - Timeout while waiting for dropdown to close at index: 6 with aria-expanded = 'false'
2025-07-16 06:59:06 [main] INFO  l.i.uztis.pages.ApplicationFormsPage - Processing dropdown index: 7
2025-07-16 06:59:17 [main] ERROR l.i.uztis.pages.ApplicationFormsPage - Timeout while waiting for dropdown to close at index: 7 with aria-expanded = 'false'
2025-07-16 06:59:17 [main] INFO  l.i.uztis.pages.ApplicationFormsPage - Processing input field index: 0
2025-07-16 06:59:18 [main] INFO  l.i.uztis.pages.ApplicationFormsPage - Entered value '50' into field index: 0
2025-07-16 06:59:18 [main] INFO  l.i.uztis.pages.ApplicationFormsPage - Processing input field index: 1
2025-07-16 06:59:18 [main] INFO  l.i.uztis.pages.ApplicationFormsPage - Entered value '924' into field index: 1
2025-07-16 06:59:18 [main] INFO  l.i.uztis.pages.ApplicationFormsPage - Processing input field index: 2
2025-07-16 06:59:18 [main] INFO  l.i.uztis.pages.ApplicationFormsPage - Entered value '31' into field index: 2
2025-07-16 06:59:18 [main] INFO  l.i.uztis.pages.ApplicationFormsPage - Processing input field index: 3
2025-07-16 06:59:18 [main] INFO  l.i.uztis.pages.ApplicationFormsPage - Entered value '4.7' into field index: 3
2025-07-16 06:59:18 [main] INFO  l.i.uztis.pages.ApplicationFormsPage - Processing input field index: 4
2025-07-16 06:59:18 [main] INFO  l.i.uztis.pages.ApplicationFormsPage - Entered value '35' into field index: 4
2025-07-16 06:59:18 [main] INFO  l.i.uztis.pages.ApplicationFormsPage - Processing input field index: 5
2025-07-16 06:59:18 [main] INFO  l.i.uztis.pages.ApplicationFormsPage - Entered value '20' into field index: 5
2025-07-16 06:59:18 [main] INFO  l.i.uztis.pages.ApplicationFormsPage - Processing input field index: 6
2025-07-16 06:59:18 [main] INFO  l.i.uztis.pages.ApplicationFormsPage - Entered value '30' into field index: 6
2025-07-16 06:59:18 [main] INFO  l.i.uztis.pages.ApplicationFormsPage - Processing input field index: 7
2025-07-16 06:59:18 [main] INFO  l.i.uztis.pages.ApplicationFormsPage - Entered value '60' into field index: 7
2025-07-16 06:59:18 [main] DEBUG l.i.u.tests.ApplicationFormsPageTest - Entered additional values and text.
2025-07-16 06:59:18 [main] DEBUG l.i.u.tests.ApplicationFormsPageTest - Entered application name: DVP paraiška
2025-07-16 06:59:19 [main] DEBUG l.i.u.tests.ApplicationFormsPageTest - Clicked the 'Save' button.
2025-07-16 06:59:19 [main] ERROR l.i.uztis.pages.ApplicationFormsPage - Failed to verify the success message: 'Duomenys sėkmingai išsaugoti.'. Available messages: [Elemente „Paraiškos kodas“ nurodyta reikšmė jau egzistuoja. Prašome nurodyti unikalią reikšmę.]
2025-07-16 06:59:19 [main] INFO  l.i.u.tests.ApplicationFormsPageTest - Verified success message
2025-07-16 06:59:29 [main] ERROR l.i.uztis.pages.ApplicationFormsPage - Button SaveForm is not displayed
org.openqa.selenium.NoSuchElementException: no such element: Unable to locate element: {"method":"css selector","selector":"#mat\-button\-toggle\-0\-button"}
  (Session info: chrome=138.0.7204.157)
For documentation on this error, please visit: https://www.selenium.dev/documentation/webdriver/troubleshooting/errors#no-such-element-exception
Build info: version: '4.27.0', revision: 'd6e718d134'
System info: os.name: 'Windows 11', os.arch: 'amd64', os.version: '10.0', java.version: '21.0.3'
Driver info: org.openqa.selenium.chrome.ChromeDriver
Command: [a123035ca53315982c0835aed3cd5971, findElement {using=id, value=mat-button-toggle-0-button}]
Capabilities {acceptInsecureCerts: false, browserName: chrome, browserVersion: 138.0.7204.157, chrome: {chromedriverVersion: 138.0.7204.157 (e533e98b126..., userDataDir: C:\Users\INGRID~1.ZAD\AppDa...}, fedcm:accounts: true, goog:chromeOptions: {debuggerAddress: localhost:57516}, networkConnectionEnabled: false, pageLoadStrategy: normal, platformName: windows, proxy: Proxy(), se:cdp: ws://localhost:57516/devtoo..., se:cdpVersion: 138.0.7204.157, setWindowRect: true, strictFileInteractability: false, timeouts: {implicit: 0, pageLoad: 300000, script: 30000}, unhandledPromptBehavior: dismiss and notify, webauthn:extension:credBlob: true, webauthn:extension:largeBlob: true, webauthn:extension:minPinLength: true, webauthn:extension:prf: true, webauthn:virtualAuthenticators: true}
Session ID: a123035ca53315982c0835aed3cd5971
	at java.base/jdk.internal.reflect.DirectConstructorHandleAccessor.newInstance(DirectConstructorHandleAccessor.java:62)
	at java.base/java.lang.reflect.Constructor.newInstanceWithCaller(Constructor.java:502)
	at java.base/java.lang.reflect.Constructor.newInstance(Constructor.java:486)
	at org.openqa.selenium.remote.ErrorCodec.decode(ErrorCodec.java:167)
	at org.openqa.selenium.remote.codec.w3c.W3CHttpResponseCodec.decode(W3CHttpResponseCodec.java:138)
	at org.openqa.selenium.remote.codec.w3c.W3CHttpResponseCodec.decode(W3CHttpResponseCodec.java:50)
	at org.openqa.selenium.remote.HttpCommandExecutor.execute(HttpCommandExecutor.java:190)
	at org.openqa.selenium.remote.service.DriverCommandExecutor.invokeExecute(DriverCommandExecutor.java:216)
	at org.openqa.selenium.remote.service.DriverCommandExecutor.execute(DriverCommandExecutor.java:174)
	at org.openqa.selenium.remote.RemoteWebDriver.execute(RemoteWebDriver.java:545)
	at org.openqa.selenium.remote.ElementLocation$ElementFinder$2.findElement(ElementLocation.java:165)
	at org.openqa.selenium.remote.ElementLocation.findElement(ElementLocation.java:59)
	at org.openqa.selenium.remote.RemoteWebDriver.findElement(RemoteWebDriver.java:368)
	at org.openqa.selenium.remote.RemoteWebDriver.findElement(RemoteWebDriver.java:362)
	at org.openqa.selenium.support.pagefactory.DefaultElementLocator.findElement(DefaultElementLocator.java:68)
	at org.openqa.selenium.support.pagefactory.internal.LocatingElementHandler.invoke(LocatingElementHandler.java:38)
	at jdk.proxy2/jdk.proxy2.$Proxy14.isDisplayed(Unknown Source)
	at lt.insoft.uztis.pages.ApplicationFormsPage.isButtonSaveFormDisplayed(ApplicationFormsPage.java:353)
	at lt.insoft.uztis.tests.ApplicationFormsPageTest.testCreateNewDvpApplication(ApplicationFormsPageTest.java:345)
	at java.base/jdk.internal.reflect.DirectMethodHandleAccessor.invoke(DirectMethodHandleAccessor.java:103)
	at java.base/java.lang.reflect.Method.invoke(Method.java:580)
	at org.junit.platform.commons.util.ReflectionUtils.invokeMethod(ReflectionUtils.java:728)
	at org.junit.jupiter.engine.execution.MethodInvocation.proceed(MethodInvocation.java:60)
	at org.junit.jupiter.engine.execution.InvocationInterceptorChain$ValidatingInvocation.proceed(InvocationInterceptorChain.java:131)
	at org.junit.jupiter.engine.extension.TimeoutExtension.intercept(TimeoutExtension.java:156)
	at org.junit.jupiter.engine.extension.TimeoutExtension.interceptTestableMethod(TimeoutExtension.java:147)
	at org.junit.jupiter.engine.extension.TimeoutExtension.interceptTestMethod(TimeoutExtension.java:86)
	at org.junit.jupiter.engine.execution.InterceptingExecutableInvoker$ReflectiveInterceptorCall.lambda$ofVoidMethod$0(InterceptingExecutableInvoker.java:103)
	at org.junit.jupiter.engine.execution.InterceptingExecutableInvoker.lambda$invoke$0(InterceptingExecutableInvoker.java:93)
	at org.junit.jupiter.engine.execution.InvocationInterceptorChain$InterceptedInvocation.proceed(InvocationInterceptorChain.java:106)
	at org.junit.jupiter.engine.execution.InvocationInterceptorChain.proceed(InvocationInterceptorChain.java:64)
	at org.junit.jupiter.engine.execution.InvocationInterceptorChain.chainAndInvoke(InvocationInterceptorChain.java:45)
	at org.junit.jupiter.engine.execution.InvocationInterceptorChain.invoke(InvocationInterceptorChain.java:37)
	at org.junit.jupiter.engine.execution.InterceptingExecutableInvoker.invoke(InterceptingExecutableInvoker.java:92)
	at org.junit.jupiter.engine.execution.InterceptingExecutableInvoker.invoke(InterceptingExecutableInvoker.java:86)
	at org.junit.jupiter.engine.descriptor.TestMethodTestDescriptor.lambda$invokeTestMethod$7(TestMethodTestDescriptor.java:218)
	at org.junit.platform.engine.support.hierarchical.ThrowableCollector.execute(ThrowableCollector.java:73)
	at org.junit.jupiter.engine.descriptor.TestMethodTestDescriptor.invokeTestMethod(TestMethodTestDescriptor.java:214)
	at org.junit.jupiter.engine.descriptor.TestMethodTestDescriptor.execute(TestMethodTestDescriptor.java:139)
	at org.junit.jupiter.engine.descriptor.TestMethodTestDescriptor.execute(TestMethodTestDescriptor.java:69)
	at org.junit.platform.engine.support.hierarchical.NodeTestTask.lambda$executeRecursively$6(NodeTestTask.java:151)
	at org.junit.platform.engine.support.hierarchical.ThrowableCollector.execute(ThrowableCollector.java:73)
	at org.junit.platform.engine.support.hierarchical.NodeTestTask.lambda$executeRecursively$8(NodeTestTask.java:141)
	at org.junit.platform.engine.support.hierarchical.Node.around(Node.java:137)
	at org.junit.platform.engine.support.hierarchical.NodeTestTask.lambda$executeRecursively$9(NodeTestTask.java:139)
	at org.junit.platform.engine.support.hierarchical.ThrowableCollector.execute(ThrowableCollector.java:73)
	at org.junit.platform.engine.support.hierarchical.NodeTestTask.executeRecursively(NodeTestTask.java:138)
	at org.junit.platform.engine.support.hierarchical.NodeTestTask.execute(NodeTestTask.java:95)
	at java.base/java.util.ArrayList.forEach(ArrayList.java:1596)
	at org.junit.platform.engine.support.hierarchical.SameThreadHierarchicalTestExecutorService.invokeAll(SameThreadHierarchicalTestExecutorService.java:41)
	at org.junit.platform.engine.support.hierarchical.NodeTestTask.lambda$executeRecursively$6(NodeTestTask.java:155)
	at org.junit.platform.engine.support.hierarchical.ThrowableCollector.execute(ThrowableCollector.java:73)
	at org.junit.platform.engine.support.hierarchical.NodeTestTask.lambda$executeRecursively$8(NodeTestTask.java:141)
	at org.junit.platform.engine.support.hierarchical.Node.around(Node.java:137)
	at org.junit.platform.engine.support.hierarchical.NodeTestTask.lambda$executeRecursively$9(NodeTestTask.java:139)
	at org.junit.platform.engine.support.hierarchical.ThrowableCollector.execute(ThrowableCollector.java:73)
	at org.junit.platform.engine.support.hierarchical.NodeTestTask.executeRecursively(NodeTestTask.java:138)
	at org.junit.platform.engine.support.hierarchical.NodeTestTask.execute(NodeTestTask.java:95)
	at java.base/java.util.ArrayList.forEach(ArrayList.java:1596)
	at org.junit.platform.engine.support.hierarchical.SameThreadHierarchicalTestExecutorService.invokeAll(SameThreadHierarchicalTestExecutorService.java:41)
	at org.junit.platform.engine.support.hierarchical.NodeTestTask.lambda$executeRecursively$6(NodeTestTask.java:155)
	at org.junit.platform.engine.support.hierarchical.ThrowableCollector.execute(ThrowableCollector.java:73)
	at org.junit.platform.engine.support.hierarchical.NodeTestTask.lambda$executeRecursively$8(NodeTestTask.java:141)
	at org.junit.platform.engine.support.hierarchical.Node.around(Node.java:137)
	at org.junit.platform.engine.support.hierarchical.NodeTestTask.lambda$executeRecursively$9(NodeTestTask.java:139)
	at org.junit.platform.engine.support.hierarchical.ThrowableCollector.execute(ThrowableCollector.java:73)
	at org.junit.platform.engine.support.hierarchical.NodeTestTask.executeRecursively(NodeTestTask.java:138)
	at org.junit.platform.engine.support.hierarchical.NodeTestTask.execute(NodeTestTask.java:95)
	at org.junit.platform.engine.support.hierarchical.SameThreadHierarchicalTestExecutorService.submit(SameThreadHierarchicalTestExecutorService.java:35)
	at org.junit.platform.engine.support.hierarchical.HierarchicalTestExecutor.execute(HierarchicalTestExecutor.java:57)
	at org.junit.platform.engine.support.hierarchical.HierarchicalTestEngine.execute(HierarchicalTestEngine.java:54)
	at org.junit.platform.launcher.core.EngineExecutionOrchestrator.execute(EngineExecutionOrchestrator.java:198)
	at org.junit.platform.launcher.core.EngineExecutionOrchestrator.execute(EngineExecutionOrchestrator.java:169)
	at org.junit.platform.launcher.core.EngineExecutionOrchestrator.execute(EngineExecutionOrchestrator.java:93)
	at org.junit.platform.launcher.core.EngineExecutionOrchestrator.lambda$execute$0(EngineExecutionOrchestrator.java:58)
	at org.junit.platform.launcher.core.EngineExecutionOrchestrator.withInterceptedStreams(EngineExecutionOrchestrator.java:141)
	at org.junit.platform.launcher.core.EngineExecutionOrchestrator.execute(EngineExecutionOrchestrator.java:57)
	at org.junit.platform.launcher.core.DefaultLauncher.execute(DefaultLauncher.java:103)
	at org.junit.platform.launcher.core.DefaultLauncher.execute(DefaultLauncher.java:85)
	at org.junit.platform.launcher.core.DelegatingLauncher.execute(DelegatingLauncher.java:47)
	at org.junit.platform.launcher.core.SessionPerRequestLauncher.execute(SessionPerRequestLauncher.java:63)
	at com.intellij.junit5.JUnit5IdeaTestRunner.startRunnerWithArgs(JUnit5IdeaTestRunner.java:57)
	at com.intellij.rt.junit.IdeaTestRunner$Repeater$1.execute(IdeaTestRunner.java:38)
	at com.intellij.rt.execution.junit.TestsRepeater.repeat(TestsRepeater.java:11)
	at com.intellij.rt.junit.IdeaTestRunner$Repeater.startRunnerWithArgs(IdeaTestRunner.java:35)
	at com.intellij.rt.junit.JUnitStarter.prepareStreamsAndStart(JUnitStarter.java:232)
	at com.intellij.rt.junit.JUnitStarter.main(JUnitStarter.java:55)
2025-07-16 06:59:29 [main] ERROR l.i.u.tests.ApplicationFormsPageTest - Test 'testCreateNewDvpApplication' failed with error: Save form button should be displayed. ==> expected: <true> but was: <false>
org.opentest4j.AssertionFailedError: Save form button should be displayed. ==> expected: <true> but was: <false>
	at org.junit.jupiter.api.AssertionFailureBuilder.build(AssertionFailureBuilder.java:151)
	at org.junit.jupiter.api.AssertionFailureBuilder.buildAndThrow(AssertionFailureBuilder.java:132)
	at org.junit.jupiter.api.AssertTrue.failNotTrue(AssertTrue.java:63)
	at org.junit.jupiter.api.AssertTrue.assertTrue(AssertTrue.java:36)
	at org.junit.jupiter.api.Assertions.assertTrue(Assertions.java:210)
	at lt.insoft.uztis.tests.ApplicationFormsPageTest.testCreateNewDvpApplication(ApplicationFormsPageTest.java:346)
	at java.base/jdk.internal.reflect.DirectMethodHandleAccessor.invoke(DirectMethodHandleAccessor.java:103)
	at java.base/java.lang.reflect.Method.invoke(Method.java:580)
	at org.junit.platform.commons.util.ReflectionUtils.invokeMethod(ReflectionUtils.java:728)
	at org.junit.jupiter.engine.execution.MethodInvocation.proceed(MethodInvocation.java:60)
	at org.junit.jupiter.engine.execution.InvocationInterceptorChain$ValidatingInvocation.proceed(InvocationInterceptorChain.java:131)
	at org.junit.jupiter.engine.extension.TimeoutExtension.intercept(TimeoutExtension.java:156)
	at org.junit.jupiter.engine.extension.TimeoutExtension.interceptTestableMethod(TimeoutExtension.java:147)
	at org.junit.jupiter.engine.extension.TimeoutExtension.interceptTestMethod(TimeoutExtension.java:86)
	at org.junit.jupiter.engine.execution.InterceptingExecutableInvoker$ReflectiveInterceptorCall.lambda$ofVoidMethod$0(InterceptingExecutableInvoker.java:103)
	at org.junit.jupiter.engine.execution.InterceptingExecutableInvoker.lambda$invoke$0(InterceptingExecutableInvoker.java:93)
	at org.junit.jupiter.engine.execution.InvocationInterceptorChain$InterceptedInvocation.proceed(InvocationInterceptorChain.java:106)
	at org.junit.jupiter.engine.execution.InvocationInterceptorChain.proceed(InvocationInterceptorChain.java:64)
	at org.junit.jupiter.engine.execution.InvocationInterceptorChain.chainAndInvoke(InvocationInterceptorChain.java:45)
	at org.junit.jupiter.engine.execution.InvocationInterceptorChain.invoke(InvocationInterceptorChain.java:37)
	at org.junit.jupiter.engine.execution.InterceptingExecutableInvoker.invoke(InterceptingExecutableInvoker.java:92)
	at org.junit.jupiter.engine.execution.InterceptingExecutableInvoker.invoke(InterceptingExecutableInvoker.java:86)
	at org.junit.jupiter.engine.descriptor.TestMethodTestDescriptor.lambda$invokeTestMethod$7(TestMethodTestDescriptor.java:218)
	at org.junit.platform.engine.support.hierarchical.ThrowableCollector.execute(ThrowableCollector.java:73)
	at org.junit.jupiter.engine.descriptor.TestMethodTestDescriptor.invokeTestMethod(TestMethodTestDescriptor.java:214)
	at org.junit.jupiter.engine.descriptor.TestMethodTestDescriptor.execute(TestMethodTestDescriptor.java:139)
	at org.junit.jupiter.engine.descriptor.TestMethodTestDescriptor.execute(TestMethodTestDescriptor.java:69)
	at org.junit.platform.engine.support.hierarchical.NodeTestTask.lambda$executeRecursively$6(NodeTestTask.java:151)
	at org.junit.platform.engine.support.hierarchical.ThrowableCollector.execute(ThrowableCollector.java:73)
	at org.junit.platform.engine.support.hierarchical.NodeTestTask.lambda$executeRecursively$8(NodeTestTask.java:141)
	at org.junit.platform.engine.support.hierarchical.Node.around(Node.java:137)
	at org.junit.platform.engine.support.hierarchical.NodeTestTask.lambda$executeRecursively$9(NodeTestTask.java:139)
	at org.junit.platform.engine.support.hierarchical.ThrowableCollector.execute(ThrowableCollector.java:73)
	at org.junit.platform.engine.support.hierarchical.NodeTestTask.executeRecursively(NodeTestTask.java:138)
	at org.junit.platform.engine.support.hierarchical.NodeTestTask.execute(NodeTestTask.java:95)
	at java.base/java.util.ArrayList.forEach(ArrayList.java:1596)
	at org.junit.platform.engine.support.hierarchical.SameThreadHierarchicalTestExecutorService.invokeAll(SameThreadHierarchicalTestExecutorService.java:41)
	at org.junit.platform.engine.support.hierarchical.NodeTestTask.lambda$executeRecursively$6(NodeTestTask.java:155)
	at org.junit.platform.engine.support.hierarchical.ThrowableCollector.execute(ThrowableCollector.java:73)
	at org.junit.platform.engine.support.hierarchical.NodeTestTask.lambda$executeRecursively$8(NodeTestTask.java:141)
	at org.junit.platform.engine.support.hierarchical.Node.around(Node.java:137)
	at org.junit.platform.engine.support.hierarchical.NodeTestTask.lambda$executeRecursively$9(NodeTestTask.java:139)
	at org.junit.platform.engine.support.hierarchical.ThrowableCollector.execute(ThrowableCollector.java:73)
	at org.junit.platform.engine.support.hierarchical.NodeTestTask.executeRecursively(NodeTestTask.java:138)
	at org.junit.platform.engine.support.hierarchical.NodeTestTask.execute(NodeTestTask.java:95)
	at java.base/java.util.ArrayList.forEach(ArrayList.java:1596)
	at org.junit.platform.engine.support.hierarchical.SameThreadHierarchicalTestExecutorService.invokeAll(SameThreadHierarchicalTestExecutorService.java:41)
	at org.junit.platform.engine.support.hierarchical.NodeTestTask.lambda$executeRecursively$6(NodeTestTask.java:155)
	at org.junit.platform.engine.support.hierarchical.ThrowableCollector.execute(ThrowableCollector.java:73)
	at org.junit.platform.engine.support.hierarchical.NodeTestTask.lambda$executeRecursively$8(NodeTestTask.java:141)
	at org.junit.platform.engine.support.hierarchical.Node.around(Node.java:137)
	at org.junit.platform.engine.support.hierarchical.NodeTestTask.lambda$executeRecursively$9(NodeTestTask.java:139)
	at org.junit.platform.engine.support.hierarchical.ThrowableCollector.execute(ThrowableCollector.java:73)
	at org.junit.platform.engine.support.hierarchical.NodeTestTask.executeRecursively(NodeTestTask.java:138)
	at org.junit.platform.engine.support.hierarchical.NodeTestTask.execute(NodeTestTask.java:95)
	at org.junit.platform.engine.support.hierarchical.SameThreadHierarchicalTestExecutorService.submit(SameThreadHierarchicalTestExecutorService.java:35)
	at org.junit.platform.engine.support.hierarchical.HierarchicalTestExecutor.execute(HierarchicalTestExecutor.java:57)
	at org.junit.platform.engine.support.hierarchical.HierarchicalTestEngine.execute(HierarchicalTestEngine.java:54)
	at org.junit.platform.launcher.core.EngineExecutionOrchestrator.execute(EngineExecutionOrchestrator.java:198)
	at org.junit.platform.launcher.core.EngineExecutionOrchestrator.execute(EngineExecutionOrchestrator.java:169)
	at org.junit.platform.launcher.core.EngineExecutionOrchestrator.execute(EngineExecutionOrchestrator.java:93)
	at org.junit.platform.launcher.core.EngineExecutionOrchestrator.lambda$execute$0(EngineExecutionOrchestrator.java:58)
	at org.junit.platform.launcher.core.EngineExecutionOrchestrator.withInterceptedStreams(EngineExecutionOrchestrator.java:141)
	at org.junit.platform.launcher.core.EngineExecutionOrchestrator.execute(EngineExecutionOrchestrator.java:57)
	at org.junit.platform.launcher.core.DefaultLauncher.execute(DefaultLauncher.java:103)
	at org.junit.platform.launcher.core.DefaultLauncher.execute(DefaultLauncher.java:85)
	at org.junit.platform.launcher.core.DelegatingLauncher.execute(DelegatingLauncher.java:47)
	at org.junit.platform.launcher.core.SessionPerRequestLauncher.execute(SessionPerRequestLauncher.java:63)
	at com.intellij.junit5.JUnit5IdeaTestRunner.startRunnerWithArgs(JUnit5IdeaTestRunner.java:57)
	at com.intellij.rt.junit.IdeaTestRunner$Repeater$1.execute(IdeaTestRunner.java:38)
	at com.intellij.rt.execution.junit.TestsRepeater.repeat(TestsRepeater.java:11)
	at com.intellij.rt.junit.IdeaTestRunner$Repeater.startRunnerWithArgs(IdeaTestRunner.java:35)
	at com.intellij.rt.junit.JUnitStarter.prepareStreamsAndStart(JUnitStarter.java:232)
	at com.intellij.rt.junit.JUnitStarter.main(JUnitStarter.java:55)
2025-07-16 06:59:29 [main] INFO  l.insoft.uztis.tests.utils.TestUtils - Screenshot moved to C:\Users\ingrida.zadorozniene\Desktop\Asm\UZTIS\UZTIS_tests\test-output\screenshots\20250716\065929533_testCreateNewDvpApplication().png
2025-07-16 07:00:51 [main] INFO  lt.insoft.uztis.tests.UztisPageTest - Navigated to https://uztisdev.asseco.lt/home
2025-07-16 07:00:51 [main] INFO  l.i.u.tests.ApplicationFormsPageTest - Setup complete. ApplicationFormsPage initialized.
2025-07-16 07:00:52 [main] INFO  l.i.u.tests.ApplicationFormsPageTest - Starting test:'testAddContractDVP'
2025-07-16 07:00:53 [main] INFO  l.insoft.uztis.tests.utils.TestUtils - Login attempt with user: evaluation_chief
2025-07-16 07:00:53 [main] DEBUG l.i.u.tests.ApplicationFormsPageTest - User logged in with test credentials
2025-07-16 07:00:54 [main] ERROR l.i.u.tests.ApplicationFormsPageTest - Test 'testAddContractDVP' failed with error: element click intercepted: Element <span _ngcontent-ng-c1289871065="" class="routerItemText">...</span> is not clickable at point (181, 678). Other element would receive the click: <span _ngcontent-ng-c1289871065="" class="routerItemText group-hover:uzt-text-primary level-0">...</span>
  (Session info: chrome=138.0.7204.157)
Build info: version: '4.27.0', revision: 'd6e718d134'
System info: os.name: 'Windows 11', os.arch: 'amd64', os.version: '10.0', java.version: '21.0.3'
Driver info: org.openqa.selenium.chrome.ChromeDriver
Command: [79af585e9c05f2dc2665d0a6e9cf587f, clickElement {id=f.4D67DE4317097A453FD6921B9B93BA30.d.BF4F10820C0D876888F9A0239B5E4F89.e.40}]
Capabilities {acceptInsecureCerts: false, browserName: chrome, browserVersion: 138.0.7204.157, chrome: {chromedriverVersion: 138.0.7204.157 (e533e98b126..., userDataDir: C:\Users\INGRID~1.ZAD\AppDa...}, fedcm:accounts: true, goog:chromeOptions: {debuggerAddress: localhost:57757}, networkConnectionEnabled: false, pageLoadStrategy: normal, platformName: windows, proxy: Proxy(), se:cdp: ws://localhost:57757/devtoo..., se:cdpVersion: 138.0.7204.157, setWindowRect: true, strictFileInteractability: false, timeouts: {implicit: 0, pageLoad: 300000, script: 30000}, unhandledPromptBehavior: dismiss and notify, webauthn:extension:credBlob: true, webauthn:extension:largeBlob: true, webauthn:extension:minPinLength: true, webauthn:extension:prf: true, webauthn:virtualAuthenticators: true}
Element: [[ChromeDriver: chrome on windows (79af585e9c05f2dc2665d0a6e9cf587f)] -> xpath: //span[text()='Daugiau']]
Session ID: 79af585e9c05f2dc2665d0a6e9cf587f
org.openqa.selenium.ElementClickInterceptedException: element click intercepted: Element <span _ngcontent-ng-c1289871065="" class="routerItemText">...</span> is not clickable at point (181, 678). Other element would receive the click: <span _ngcontent-ng-c1289871065="" class="routerItemText group-hover:uzt-text-primary level-0">...</span>
  (Session info: chrome=138.0.7204.157)
Build info: version: '4.27.0', revision: 'd6e718d134'
System info: os.name: 'Windows 11', os.arch: 'amd64', os.version: '10.0', java.version: '21.0.3'
Driver info: org.openqa.selenium.chrome.ChromeDriver
Command: [79af585e9c05f2dc2665d0a6e9cf587f, clickElement {id=f.4D67DE4317097A453FD6921B9B93BA30.d.BF4F10820C0D876888F9A0239B5E4F89.e.40}]
Capabilities {acceptInsecureCerts: false, browserName: chrome, browserVersion: 138.0.7204.157, chrome: {chromedriverVersion: 138.0.7204.157 (e533e98b126..., userDataDir: C:\Users\INGRID~1.ZAD\AppDa...}, fedcm:accounts: true, goog:chromeOptions: {debuggerAddress: localhost:57757}, networkConnectionEnabled: false, pageLoadStrategy: normal, platformName: windows, proxy: Proxy(), se:cdp: ws://localhost:57757/devtoo..., se:cdpVersion: 138.0.7204.157, setWindowRect: true, strictFileInteractability: false, timeouts: {implicit: 0, pageLoad: 300000, script: 30000}, unhandledPromptBehavior: dismiss and notify, webauthn:extension:credBlob: true, webauthn:extension:largeBlob: true, webauthn:extension:minPinLength: true, webauthn:extension:prf: true, webauthn:virtualAuthenticators: true}
Element: [[ChromeDriver: chrome on windows (79af585e9c05f2dc2665d0a6e9cf587f)] -> xpath: //span[text()='Daugiau']]
Session ID: 79af585e9c05f2dc2665d0a6e9cf587f
	at java.base/jdk.internal.reflect.DirectConstructorHandleAccessor.newInstance(DirectConstructorHandleAccessor.java:62)
	at java.base/java.lang.reflect.Constructor.newInstanceWithCaller(Constructor.java:502)
	at java.base/java.lang.reflect.Constructor.newInstance(Constructor.java:486)
	at org.openqa.selenium.remote.ErrorCodec.decode(ErrorCodec.java:167)
	at org.openqa.selenium.remote.codec.w3c.W3CHttpResponseCodec.decode(W3CHttpResponseCodec.java:138)
	at org.openqa.selenium.remote.codec.w3c.W3CHttpResponseCodec.decode(W3CHttpResponseCodec.java:50)
	at org.openqa.selenium.remote.HttpCommandExecutor.execute(HttpCommandExecutor.java:190)
	at org.openqa.selenium.remote.service.DriverCommandExecutor.invokeExecute(DriverCommandExecutor.java:216)
	at org.openqa.selenium.remote.service.DriverCommandExecutor.execute(DriverCommandExecutor.java:174)
	at org.openqa.selenium.remote.RemoteWebDriver.execute(RemoteWebDriver.java:545)
	at org.openqa.selenium.remote.RemoteWebElement.execute(RemoteWebElement.java:223)
	at org.openqa.selenium.remote.RemoteWebElement.click(RemoteWebElement.java:76)
	at java.base/jdk.internal.reflect.DirectMethodHandleAccessor.invoke(DirectMethodHandleAccessor.java:103)
	at java.base/java.lang.reflect.Method.invoke(Method.java:580)
	at org.openqa.selenium.support.pagefactory.internal.LocatingElementHandler.invoke(LocatingElementHandler.java:51)
	at jdk.proxy2/jdk.proxy2.$Proxy14.click(Unknown Source)
	at lt.insoft.uztis.pages.ApplicationFormsPage.clickMenuMore(ApplicationFormsPage.java:313)
	at lt.insoft.uztis.tests.ApplicationFormsPageTest.navigateToApplicationFormsMenu(ApplicationFormsPageTest.java:22)
	at lt.insoft.uztis.tests.ApplicationFormsPageTest.testAddDocumentsDVP(ApplicationFormsPageTest.java:369)
	at java.base/jdk.internal.reflect.DirectMethodHandleAccessor.invoke(DirectMethodHandleAccessor.java:103)
	at java.base/java.lang.reflect.Method.invoke(Method.java:580)
	at org.junit.platform.commons.util.ReflectionUtils.invokeMethod(ReflectionUtils.java:728)
	at org.junit.jupiter.engine.execution.MethodInvocation.proceed(MethodInvocation.java:60)
	at org.junit.jupiter.engine.execution.InvocationInterceptorChain$ValidatingInvocation.proceed(InvocationInterceptorChain.java:131)
	at org.junit.jupiter.engine.extension.TimeoutExtension.intercept(TimeoutExtension.java:156)
	at org.junit.jupiter.engine.extension.TimeoutExtension.interceptTestableMethod(TimeoutExtension.java:147)
	at org.junit.jupiter.engine.extension.TimeoutExtension.interceptTestMethod(TimeoutExtension.java:86)
	at org.junit.jupiter.engine.execution.InterceptingExecutableInvoker$ReflectiveInterceptorCall.lambda$ofVoidMethod$0(InterceptingExecutableInvoker.java:103)
	at org.junit.jupiter.engine.execution.InterceptingExecutableInvoker.lambda$invoke$0(InterceptingExecutableInvoker.java:93)
	at org.junit.jupiter.engine.execution.InvocationInterceptorChain$InterceptedInvocation.proceed(InvocationInterceptorChain.java:106)
	at org.junit.jupiter.engine.execution.InvocationInterceptorChain.proceed(InvocationInterceptorChain.java:64)
	at org.junit.jupiter.engine.execution.InvocationInterceptorChain.chainAndInvoke(InvocationInterceptorChain.java:45)
	at org.junit.jupiter.engine.execution.InvocationInterceptorChain.invoke(InvocationInterceptorChain.java:37)
	at org.junit.jupiter.engine.execution.InterceptingExecutableInvoker.invoke(InterceptingExecutableInvoker.java:92)
	at org.junit.jupiter.engine.execution.InterceptingExecutableInvoker.invoke(InterceptingExecutableInvoker.java:86)
	at org.junit.jupiter.engine.descriptor.TestMethodTestDescriptor.lambda$invokeTestMethod$7(TestMethodTestDescriptor.java:218)
	at org.junit.platform.engine.support.hierarchical.ThrowableCollector.execute(ThrowableCollector.java:73)
	at org.junit.jupiter.engine.descriptor.TestMethodTestDescriptor.invokeTestMethod(TestMethodTestDescriptor.java:214)
	at org.junit.jupiter.engine.descriptor.TestMethodTestDescriptor.execute(TestMethodTestDescriptor.java:139)
	at org.junit.jupiter.engine.descriptor.TestMethodTestDescriptor.execute(TestMethodTestDescriptor.java:69)
	at org.junit.platform.engine.support.hierarchical.NodeTestTask.lambda$executeRecursively$6(NodeTestTask.java:151)
	at org.junit.platform.engine.support.hierarchical.ThrowableCollector.execute(ThrowableCollector.java:73)
	at org.junit.platform.engine.support.hierarchical.NodeTestTask.lambda$executeRecursively$8(NodeTestTask.java:141)
	at org.junit.platform.engine.support.hierarchical.Node.around(Node.java:137)
	at org.junit.platform.engine.support.hierarchical.NodeTestTask.lambda$executeRecursively$9(NodeTestTask.java:139)
	at org.junit.platform.engine.support.hierarchical.ThrowableCollector.execute(ThrowableCollector.java:73)
	at org.junit.platform.engine.support.hierarchical.NodeTestTask.executeRecursively(NodeTestTask.java:138)
	at org.junit.platform.engine.support.hierarchical.NodeTestTask.execute(NodeTestTask.java:95)
	at java.base/java.util.ArrayList.forEach(ArrayList.java:1596)
	at org.junit.platform.engine.support.hierarchical.SameThreadHierarchicalTestExecutorService.invokeAll(SameThreadHierarchicalTestExecutorService.java:41)
	at org.junit.platform.engine.support.hierarchical.NodeTestTask.lambda$executeRecursively$6(NodeTestTask.java:155)
	at org.junit.platform.engine.support.hierarchical.ThrowableCollector.execute(ThrowableCollector.java:73)
	at org.junit.platform.engine.support.hierarchical.NodeTestTask.lambda$executeRecursively$8(NodeTestTask.java:141)
	at org.junit.platform.engine.support.hierarchical.Node.around(Node.java:137)
	at org.junit.platform.engine.support.hierarchical.NodeTestTask.lambda$executeRecursively$9(NodeTestTask.java:139)
	at org.junit.platform.engine.support.hierarchical.ThrowableCollector.execute(ThrowableCollector.java:73)
	at org.junit.platform.engine.support.hierarchical.NodeTestTask.executeRecursively(NodeTestTask.java:138)
	at org.junit.platform.engine.support.hierarchical.NodeTestTask.execute(NodeTestTask.java:95)
	at java.base/java.util.ArrayList.forEach(ArrayList.java:1596)
	at org.junit.platform.engine.support.hierarchical.SameThreadHierarchicalTestExecutorService.invokeAll(SameThreadHierarchicalTestExecutorService.java:41)
	at org.junit.platform.engine.support.hierarchical.NodeTestTask.lambda$executeRecursively$6(NodeTestTask.java:155)
	at org.junit.platform.engine.support.hierarchical.ThrowableCollector.execute(ThrowableCollector.java:73)
	at org.junit.platform.engine.support.hierarchical.NodeTestTask.lambda$executeRecursively$8(NodeTestTask.java:141)
	at org.junit.platform.engine.support.hierarchical.Node.around(Node.java:137)
	at org.junit.platform.engine.support.hierarchical.NodeTestTask.lambda$executeRecursively$9(NodeTestTask.java:139)
	at org.junit.platform.engine.support.hierarchical.ThrowableCollector.execute(ThrowableCollector.java:73)
	at org.junit.platform.engine.support.hierarchical.NodeTestTask.executeRecursively(NodeTestTask.java:138)
	at org.junit.platform.engine.support.hierarchical.NodeTestTask.execute(NodeTestTask.java:95)
	at org.junit.platform.engine.support.hierarchical.SameThreadHierarchicalTestExecutorService.submit(SameThreadHierarchicalTestExecutorService.java:35)
	at org.junit.platform.engine.support.hierarchical.HierarchicalTestExecutor.execute(HierarchicalTestExecutor.java:57)
	at org.junit.platform.engine.support.hierarchical.HierarchicalTestEngine.execute(HierarchicalTestEngine.java:54)
	at org.junit.platform.launcher.core.EngineExecutionOrchestrator.execute(EngineExecutionOrchestrator.java:198)
	at org.junit.platform.launcher.core.EngineExecutionOrchestrator.execute(EngineExecutionOrchestrator.java:169)
	at org.junit.platform.launcher.core.EngineExecutionOrchestrator.execute(EngineExecutionOrchestrator.java:93)
	at org.junit.platform.launcher.core.EngineExecutionOrchestrator.lambda$execute$0(EngineExecutionOrchestrator.java:58)
	at org.junit.platform.launcher.core.EngineExecutionOrchestrator.withInterceptedStreams(EngineExecutionOrchestrator.java:141)
	at org.junit.platform.launcher.core.EngineExecutionOrchestrator.execute(EngineExecutionOrchestrator.java:57)
	at org.junit.platform.launcher.core.DefaultLauncher.execute(DefaultLauncher.java:103)
	at org.junit.platform.launcher.core.DefaultLauncher.execute(DefaultLauncher.java:85)
	at org.junit.platform.launcher.core.DelegatingLauncher.execute(DelegatingLauncher.java:47)
	at org.junit.platform.launcher.core.SessionPerRequestLauncher.execute(SessionPerRequestLauncher.java:63)
	at com.intellij.junit5.JUnit5IdeaTestRunner.startRunnerWithArgs(JUnit5IdeaTestRunner.java:57)
	at com.intellij.rt.junit.IdeaTestRunner$Repeater$1.execute(IdeaTestRunner.java:38)
	at com.intellij.rt.execution.junit.TestsRepeater.repeat(TestsRepeater.java:11)
	at com.intellij.rt.junit.IdeaTestRunner$Repeater.startRunnerWithArgs(IdeaTestRunner.java:35)
	at com.intellij.rt.junit.JUnitStarter.prepareStreamsAndStart(JUnitStarter.java:232)
	at com.intellij.rt.junit.JUnitStarter.main(JUnitStarter.java:55)
2025-07-16 07:00:55 [main] INFO  l.insoft.uztis.tests.utils.TestUtils - Screenshot moved to C:\Users\ingrida.zadorozniene\Desktop\Asm\UZTIS\UZTIS_tests\test-output\screenshots\20250716\070055036_testAddDocumentsDVP().png
2025-07-16 07:01:14 [main] INFO  lt.insoft.uztis.tests.UztisPageTest - Navigated to https://uztisdev.asseco.lt/home
2025-07-16 07:01:14 [main] INFO  l.i.u.tests.ApplicationFormsPageTest - Setup complete. ApplicationFormsPage initialized.
2025-07-16 07:01:14 [main] INFO  l.i.u.tests.ApplicationFormsPageTest - Starting test:'testAddContractDVP'
2025-07-16 07:01:15 [main] INFO  l.insoft.uztis.tests.utils.TestUtils - Login attempt with user: evaluation_chief
2025-07-16 07:01:15 [main] DEBUG l.i.u.tests.ApplicationFormsPageTest - User logged in with test credentials
2025-07-16 07:01:15 [main] DEBUG l.i.u.tests.ApplicationFormsPageTest - Opened 'Application Processing' menu.
2025-07-16 07:01:15 [main] DEBUG l.i.u.tests.ApplicationFormsPageTest - Clicked on 'Application Forms' menu.
2025-07-16 07:01:16 [main] DEBUG l.i.u.tests.ApplicationFormsPageTest - Selected the last application description.
2025-07-16 07:01:16 [main] DEBUG l.i.u.tests.ApplicationFormsPageTest - Clicked 'Project Progress' tab.
2025-07-16 07:01:17 [main] DEBUG l.i.u.tests.ApplicationFormsPageTest - Clicked the 'Edit' button.
2025-07-16 07:01:17 [main] INFO  l.i.uztis.pages.ApplicationFormsPage - Opening the dropdown.
2025-07-16 07:01:20 [main] INFO  l.i.uztis.pages.ApplicationFormsPage - Selected the value: 'Darbo vietų pritaikymo ir finansavimo sutartis'
2025-07-16 07:01:30 [main] ERROR l.i.uztis.pages.ApplicationFormsPage - Dropdown did not close as expected.
2025-07-16 07:01:30 [main] DEBUG l.i.u.tests.ApplicationFormsPageTest - Selected a value from the 'Document' dropdown: 'Darbo vietų pritaikymo ir finansavimo sutartis'
2025-07-16 07:01:30 [main] INFO  l.i.uztis.pages.ApplicationFormsPage - Opening the dropdown.
2025-07-16 07:01:35 [main] INFO  l.i.uztis.pages.ApplicationFormsPage - Selected the value: 'Sprendimas dėl išmokos'
2025-07-16 07:01:45 [main] ERROR l.i.uztis.pages.ApplicationFormsPage - Dropdown did not close as expected.
2025-07-16 07:01:45 [main] DEBUG l.i.u.tests.ApplicationFormsPageTest - Selected a value from the 'Document' dropdown: 'Sprendimas dėl išmokos'
2025-07-16 07:01:45 [main] INFO  l.i.uztis.pages.ApplicationFormsPage - Opening the dropdown.
2025-07-16 07:01:49 [main] INFO  l.i.uztis.pages.ApplicationFormsPage - Selected the value: 'Sprendimas dėl išmokos'
2025-07-16 07:01:59 [main] ERROR l.i.uztis.pages.ApplicationFormsPage - Dropdown did not close as expected.
2025-07-16 07:01:59 [main] DEBUG l.i.u.tests.ApplicationFormsPageTest - Selected a value from the 'Document' dropdown: 'Sprendimas dėl išmokos'
2025-07-16 07:01:59 [main] DEBUG l.i.u.tests.ApplicationFormsPageTest - Clicked the 'Save' button.
2025-07-16 07:02:00 [main] ERROR l.i.uztis.pages.ApplicationFormsPage - Failed to verify the success message: 'Funkcija sėkmingai atlikta.'. Available messages: [Duomenys sėkmingai išsaugoti.]
2025-07-16 07:02:00 [main] INFO  l.i.u.tests.ApplicationFormsPageTest - Verified success message
2025-07-16 07:02:00 [main] INFO  l.i.u.tests.ApplicationFormsPageTest - Test 'testAddContractDVP' completed successfully.
2025-07-16 07:19:29 [main] INFO  lt.insoft.uztis.tests.UztisPageTest - Navigated to https://uztisdev.asseco.lt/home
2025-07-16 07:19:29 [main] INFO  l.i.uztis.tests.InvitationsPageTest - Starting test:'testCreateNewDvpInvitation'
2025-07-16 07:19:29 [main] INFO  l.insoft.uztis.tests.utils.TestUtils - Login attempt with user: evaluation_chief
2025-07-16 07:19:29 [main] DEBUG l.i.uztis.tests.InvitationsPageTest - User logged in with test credentials
2025-07-16 07:19:30 [main] DEBUG l.i.uztis.tests.InvitationsPageTest - Opened 'Application Processing' menu.
2025-07-16 07:19:30 [main] DEBUG l.i.uztis.tests.InvitationsPageTest - Clicked on 'Application Forms' menu.
2025-07-16 07:19:30 [main] DEBUG l.i.uztis.tests.InvitationsPageTest - Navigating to application forms menu.
2025-07-16 07:19:30 [main] DEBUG l.i.uztis.tests.InvitationsPageTest - Retrieved last description code text: 'TST-DVP-42'.
2025-07-16 07:19:30 [main] DEBUG l.i.uztis.tests.InvitationsPageTest - Clicked on 'Invitation' menu.
2025-07-16 07:19:31 [main] DEBUG l.i.uztis.tests.InvitationsPageTest - Clicked 'Create New Application Form'.
2025-07-16 07:19:32 [main] DEBUG l.i.uztis.tests.InvitationsPageTest - Selected section by code: 'TST-DVP-42'.
2025-07-16 07:19:32 [main] INFO  l.insoft.uztis.pages.InvitationsPage - Located the dropdown button.
2025-07-16 07:19:44 [main] ERROR l.insoft.uztis.pages.InvitationsPage - Timeout while waiting for dropdown to close with aria-expanded = 'false'.
2025-07-16 07:19:44 [main] DEBUG l.i.uztis.tests.InvitationsPageTest - Selected invitation number from the list.
2025-07-16 07:19:44 [main] DEBUG l.i.uztis.tests.InvitationsPageTest - Entered current date.
2025-07-16 07:19:45 [main] DEBUG l.i.uztis.tests.InvitationsPageTest - Entered start time: 00:00.
2025-07-16 07:19:45 [main] DEBUG l.i.uztis.tests.InvitationsPageTest - Entered end date.
2025-07-16 07:19:45 [main] DEBUG l.i.uztis.tests.InvitationsPageTest - Entered end time: 11:11.
2025-07-16 07:19:45 [main] DEBUG l.i.uztis.tests.InvitationsPageTest - Entered publication end date.
2025-07-16 07:19:46 [main] DEBUG l.i.uztis.tests.InvitationsPageTest - Added additional values.
2025-07-16 07:19:46 [main] INFO  l.insoft.uztis.pages.InvitationsPage - Located the dropdown button.
2025-07-16 07:19:46 [main] DEBUG l.i.uztis.tests.InvitationsPageTest - Selected the value: 'Didžiausia galima paramos suma aplinkos darbo vietai, Eur'
2025-07-16 07:19:46 [main] INFO  l.insoft.uztis.pages.InvitationsPage - Located the dropdown button.
2025-07-16 07:19:47 [main] DEBUG l.i.uztis.tests.InvitationsPageTest - Selected the value: 'Didžiausia galima paramos suma, Eur'
2025-07-16 07:19:47 [main] INFO  l.insoft.uztis.pages.InvitationsPage - Located the dropdown button.
2025-07-16 07:19:48 [main] DEBUG l.i.uztis.tests.InvitationsPageTest - Selected the value: 'Didžiausia galima paramos suma vienai darbo vietai, Eur'
2025-07-16 07:19:48 [main] DEBUG l.i.uztis.tests.InvitationsPageTest - Entered value: 11000
2025-07-16 07:19:48 [main] DEBUG l.i.uztis.tests.InvitationsPageTest - Entered value: 12000
2025-07-16 07:19:48 [main] DEBUG l.i.uztis.tests.InvitationsPageTest - Entered value: 13000
2025-07-16 07:19:48 [main] DEBUG l.i.uztis.tests.InvitationsPageTest - Checked 'Legal Entities' checkbox.
2025-07-16 07:19:48 [main] DEBUG l.i.uztis.tests.InvitationsPageTest - Checked 'Legal Entities' checkbox.
2025-07-16 07:19:49 [main] DEBUG l.i.uztis.tests.InvitationsPageTest - Unchecked 'Persons Registered with Employment Service' checkbox.
2025-07-16 07:19:49 [main] DEBUG l.i.uztis.tests.InvitationsPageTest - Checked 'Persons Registered as Employers' checkbox.
2025-07-16 07:19:49 [main] DEBUG l.i.uztis.tests.InvitationsPageTest - Entered budget: '2000'.
2025-07-16 07:19:49 [main] DEBUG l.i.uztis.tests.InvitationsPageTest - Entered description text: 'Aprašo tekstas'.
2025-07-16 07:19:49 [main] DEBUG l.i.uztis.tests.InvitationsPageTest - Entered applicants text: 'Pareiškėjų tekstas'.
2025-07-16 07:19:49 [main] DEBUG l.i.uztis.tests.InvitationsPageTest - Entered expenditures text: 'Išlaidų tekstas'.
2025-07-16 07:19:50 [main] DEBUG l.i.uztis.tests.InvitationsPageTest - Entered legislation text: 'Teisės aktų tekstas'.
2025-07-16 07:19:50 [main] DEBUG l.i.uztis.tests.InvitationsPageTest - Entered education text: 'Mokymų tekstas'.
2025-07-16 07:19:50 [main] DEBUG l.i.uztis.tests.InvitationsPageTest - File uploaded.
2025-07-16 07:19:50 [main] DEBUG l.i.uztis.tests.InvitationsPageTest - Clicked 'Publish'.
2025-07-16 07:19:50 [main] DEBUG l.i.uztis.tests.InvitationsPageTest - Publication confirmed.
2025-07-16 07:19:52 [main] DEBUG l.i.uztis.pages.ApplicationFormsPage - Verified success message: 'Funkcija sėkmingai atlikta.'
2025-07-16 07:19:52 [main] INFO  l.i.uztis.tests.InvitationsPageTest - Verified success message
2025-07-16 07:19:52 [main] INFO  l.i.uztis.tests.InvitationsPageTest - Test 'testCreateNewDvpInvitation' completed successfully.
2025-07-16 07:21:32 [main] INFO  lt.insoft.uztis.tests.UztisPageTest - Navigated to https://uztisdev.asseco.lt/home
2025-07-16 07:21:32 [main] INFO  l.i.u.tests.ApplicationFormsPageTest - Setup complete. ApplicationFormsPage initialized.
2025-07-16 07:21:32 [main] INFO  l.i.u.tests.ApplicationFormsPageTest - Starting test:'testCreateNewPvkApplication'
2025-07-16 07:21:33 [main] INFO  l.insoft.uztis.tests.utils.TestUtils - Login attempt with user: evaluation_chief
2025-07-16 07:21:33 [main] DEBUG l.i.u.tests.ApplicationFormsPageTest - User logged in with test credentials
2025-07-16 07:21:33 [main] DEBUG l.i.u.tests.ApplicationFormsPageTest - Opened 'Application Processing' menu.
2025-07-16 07:21:33 [main] DEBUG l.i.u.tests.ApplicationFormsPageTest - Clicked on 'Application Forms' menu.
2025-07-16 07:21:34 [main] DEBUG l.i.u.tests.ApplicationFormsPageTest - Clicked to create a new application form.
2025-07-16 07:21:34 [main] DEBUG l.i.u.tests.ApplicationFormsPageTest - Entered random application code: TST-PVK-14
2025-07-16 07:21:34 [main] DEBUG l.i.u.tests.ApplicationFormsPageTest - Selected 'Municipality' radio button.
2025-07-16 07:21:34 [main] INFO  l.i.uztis.pages.ApplicationFormsPage - Located the dropdown button.
2025-07-16 07:21:34 [main] INFO  l.i.uztis.pages.ApplicationFormsPage - Successfully selected the value: 'Priemonių organizavimo departamentas'
2025-07-16 07:21:45 [main] ERROR l.i.uztis.pages.ApplicationFormsPage - Failed to close the dropdown with aria-expanded = 'false'.
2025-07-16 07:21:45 [main] DEBUG l.i.u.tests.ApplicationFormsPageTest - Selected a value from the 'Municipality' dropdown: 'Priemonių organizavimo departamentas'
2025-07-16 07:21:45 [main] DEBUG l.i.u.tests.ApplicationFormsPageTest - Selected 'Budget by Municipality' option.
2025-07-16 07:21:45 [main] DEBUG l.i.u.tests.ApplicationFormsPageTest - Selected 'Financed By Queue' radio button.
2025-07-16 07:21:45 [main] DEBUG l.i.u.tests.ApplicationFormsPageTest - Clicked 'Add' button.
2025-07-16 07:21:45 [main] INFO  l.i.uztis.pages.ApplicationFormsPage - Located the dropdown button.
2025-07-16 07:21:46 [main] INFO  l.i.uztis.pages.ApplicationFormsPage - Successfully selected the value: 'PVK atitiktis URP'
2025-07-16 07:21:57 [main] ERROR l.i.uztis.pages.ApplicationFormsPage - Failed to close the dropdown with aria-expanded = 'false'.
2025-07-16 07:21:57 [main] DEBUG l.i.u.tests.ApplicationFormsPageTest - Selected a value from the 'EvaluationOne' dropdown: 'PVK atitiktis URP'
2025-07-16 07:21:57 [main] INFO  l.i.uztis.pages.ApplicationFormsPage - Located the dropdown button.
2025-07-16 07:21:57 [main] INFO  l.i.uztis.pages.ApplicationFormsPage - Successfully selected the value: 'PVK atitiktis kokybės kriterijams'
2025-07-16 07:22:08 [main] ERROR l.i.uztis.pages.ApplicationFormsPage - Failed to close the dropdown with aria-expanded = 'false'.
2025-07-16 07:22:08 [main] DEBUG l.i.u.tests.ApplicationFormsPageTest - Selected a value from the 'EvaluationTwon' dropdown: 'PVK atitiktis kokybės kriterijams'
2025-07-16 07:22:08 [main] INFO  l.i.uztis.pages.ApplicationFormsPage - Located the dropdown button.
2025-07-16 07:22:08 [main] INFO  l.i.uztis.pages.ApplicationFormsPage - Successfully selected the value: 'PVK gynimo vertinimo forma'
2025-07-16 07:22:19 [main] ERROR l.i.uztis.pages.ApplicationFormsPage - Failed to close the dropdown with aria-expanded = 'false'.
2025-07-16 07:22:19 [main] DEBUG l.i.u.tests.ApplicationFormsPageTest - Selected a value from the 'EvaluationThree' dropdown: 'PVK gynimo vertinimo forma'
2025-07-16 07:22:19 [main] DEBUG l.i.u.tests.ApplicationFormsPageTest - Clicked 'Plus' button.
2025-07-16 07:22:19 [main] DEBUG l.i.u.tests.ApplicationFormsPageTest - Clicked 'Add' button seven times.
2025-07-16 07:22:19 [main] INFO  l.i.uztis.pages.ApplicationFormsPage - Processing dropdown index: 0
2025-07-16 07:22:30 [main] ERROR l.i.uztis.pages.ApplicationFormsPage - Timeout while waiting for dropdown to close at index: 0 with aria-expanded = 'false'
2025-07-16 07:22:30 [main] INFO  l.i.uztis.pages.ApplicationFormsPage - Processing dropdown index: 1
2025-07-16 07:22:41 [main] ERROR l.i.uztis.pages.ApplicationFormsPage - Timeout while waiting for dropdown to close at index: 1 with aria-expanded = 'false'
2025-07-16 07:22:41 [main] INFO  l.i.uztis.pages.ApplicationFormsPage - Processing dropdown index: 2
2025-07-16 07:22:52 [main] ERROR l.i.uztis.pages.ApplicationFormsPage - Timeout while waiting for dropdown to close at index: 2 with aria-expanded = 'false'
2025-07-16 07:22:52 [main] INFO  l.i.uztis.pages.ApplicationFormsPage - Processing dropdown index: 3
2025-07-16 07:23:03 [main] ERROR l.i.uztis.pages.ApplicationFormsPage - Timeout while waiting for dropdown to close at index: 3 with aria-expanded = 'false'
2025-07-16 07:23:03 [main] INFO  l.i.uztis.pages.ApplicationFormsPage - Processing dropdown index: 4
2025-07-16 07:23:14 [main] ERROR l.i.uztis.pages.ApplicationFormsPage - Timeout while waiting for dropdown to close at index: 4 with aria-expanded = 'false'
2025-07-16 07:23:14 [main] INFO  l.i.uztis.pages.ApplicationFormsPage - Processing dropdown index: 5
2025-07-16 07:23:25 [main] ERROR l.i.uztis.pages.ApplicationFormsPage - Timeout while waiting for dropdown to close at index: 5 with aria-expanded = 'false'
2025-07-16 07:23:25 [main] INFO  l.i.uztis.pages.ApplicationFormsPage - Processing dropdown index: 6
2025-07-16 07:23:36 [main] ERROR l.i.uztis.pages.ApplicationFormsPage - Timeout while waiting for dropdown to close at index: 6 with aria-expanded = 'false'
2025-07-16 07:23:36 [main] INFO  l.i.uztis.pages.ApplicationFormsPage - Processing dropdown index: 7
2025-07-16 07:23:46 [main] ERROR l.i.uztis.pages.ApplicationFormsPage - Timeout while waiting for dropdown to close at index: 7 with aria-expanded = 'false'
2025-07-16 07:23:46 [main] INFO  l.i.uztis.pages.ApplicationFormsPage - Processing input field index: 0
2025-07-16 07:23:47 [main] INFO  l.i.uztis.pages.ApplicationFormsPage - Entered value '50' into field index: 0
2025-07-16 07:23:47 [main] INFO  l.i.uztis.pages.ApplicationFormsPage - Processing input field index: 1
2025-07-16 07:23:47 [main] INFO  l.i.uztis.pages.ApplicationFormsPage - Entered value '924' into field index: 1
2025-07-16 07:23:47 [main] INFO  l.i.uztis.pages.ApplicationFormsPage - Processing input field index: 2
2025-07-16 07:23:47 [main] INFO  l.i.uztis.pages.ApplicationFormsPage - Entered value '31' into field index: 2
2025-07-16 07:23:47 [main] INFO  l.i.uztis.pages.ApplicationFormsPage - Processing input field index: 3
2025-07-16 07:23:47 [main] INFO  l.i.uztis.pages.ApplicationFormsPage - Entered value '4.7' into field index: 3
2025-07-16 07:23:47 [main] INFO  l.i.uztis.pages.ApplicationFormsPage - Processing input field index: 4
2025-07-16 07:23:47 [main] INFO  l.i.uztis.pages.ApplicationFormsPage - Entered value '35' into field index: 4
2025-07-16 07:23:47 [main] INFO  l.i.uztis.pages.ApplicationFormsPage - Processing input field index: 5
2025-07-16 07:23:47 [main] INFO  l.i.uztis.pages.ApplicationFormsPage - Entered value '20' into field index: 5
2025-07-16 07:23:47 [main] INFO  l.i.uztis.pages.ApplicationFormsPage - Processing input field index: 6
2025-07-16 07:23:47 [main] INFO  l.i.uztis.pages.ApplicationFormsPage - Entered value '30' into field index: 6
2025-07-16 07:23:47 [main] INFO  l.i.uztis.pages.ApplicationFormsPage - Processing input field index: 7
2025-07-16 07:23:48 [main] INFO  l.i.uztis.pages.ApplicationFormsPage - Entered value '60' into field index: 7
2025-07-16 07:23:48 [main] DEBUG l.i.u.tests.ApplicationFormsPageTest - Entered additional values and text.
2025-07-16 07:23:48 [main] DEBUG l.i.u.tests.ApplicationFormsPageTest - Entered application name: PVK paraiška
2025-07-16 07:23:48 [main] DEBUG l.i.u.tests.ApplicationFormsPageTest - Clicked the 'Save' button.
2025-07-16 07:23:48 [main] INFO  l.i.u.tests.ApplicationFormsPageTest - Test 'testCreateNewPvkApplication' completed successfully.
2025-07-16 07:27:17 [main] INFO  lt.insoft.uztis.tests.UztisPageTest - Navigated to https://uztisdev.asseco.lt/home
2025-07-16 07:27:17 [main] INFO  l.i.u.tests.ApplicationFormsPageTest - Setup complete. ApplicationFormsPage initialized.
2025-07-16 07:27:17 [main] INFO  l.i.u.tests.ApplicationFormsPageTest - Starting test:'testAddContractPVK'
2025-07-16 07:27:17 [main] INFO  l.insoft.uztis.tests.utils.TestUtils - Login attempt with user: evaluation_chief
2025-07-16 07:27:17 [main] DEBUG l.i.u.tests.ApplicationFormsPageTest - User logged in with test credentials
2025-07-16 07:27:18 [main] DEBUG l.i.u.tests.ApplicationFormsPageTest - Opened 'Application Processing' menu.
2025-07-16 07:27:18 [main] DEBUG l.i.u.tests.ApplicationFormsPageTest - Clicked on 'Application Forms' menu.
2025-07-16 07:27:18 [main] DEBUG l.i.u.tests.ApplicationFormsPageTest - Selected the last application description.
2025-07-16 07:27:19 [main] DEBUG l.i.u.tests.ApplicationFormsPageTest - Clicked 'Project Progress' tab.
2025-07-16 07:27:19 [main] DEBUG l.i.u.tests.ApplicationFormsPageTest - Clicked the 'Edit' button.
2025-07-16 07:27:19 [main] INFO  l.i.uztis.pages.ApplicationFormsPage - Opening the dropdown.
2025-07-16 07:27:22 [main] INFO  l.i.uztis.pages.ApplicationFormsPage - Selected the value: 'Paramos verslui kurti sutartis'
2025-07-16 07:27:33 [main] ERROR l.i.uztis.pages.ApplicationFormsPage - Dropdown did not close as expected.
2025-07-16 07:27:33 [main] DEBUG l.i.u.tests.ApplicationFormsPageTest - Selected a value from the 'Document' dropdown: 'Paramos verslui kurti sutartis'
2025-07-16 07:27:33 [main] INFO  l.i.uztis.pages.ApplicationFormsPage - Opening the dropdown.
2025-07-16 07:27:36 [main] INFO  l.i.uztis.pages.ApplicationFormsPage - Selected the value: 'Sprendimas dėl išmokos'
2025-07-16 07:27:47 [main] ERROR l.i.uztis.pages.ApplicationFormsPage - Dropdown did not close as expected.
2025-07-16 07:27:47 [main] DEBUG l.i.u.tests.ApplicationFormsPageTest - Selected a value from the 'Document' dropdown: 'Sprendimas dėl išmokos'
2025-07-16 07:27:47 [main] INFO  l.i.uztis.pages.ApplicationFormsPage - Opening the dropdown.
2025-07-16 07:27:50 [main] INFO  l.i.uztis.pages.ApplicationFormsPage - Selected the value: 'Sprendimas dėl išmokos'
2025-07-16 07:28:01 [main] ERROR l.i.uztis.pages.ApplicationFormsPage - Dropdown did not close as expected.
2025-07-16 07:28:01 [main] DEBUG l.i.u.tests.ApplicationFormsPageTest - Selected a value from the 'Document' dropdown: 'Sprendimas dėl išmokos'
2025-07-16 07:28:01 [main] DEBUG l.i.u.tests.ApplicationFormsPageTest - Clicked the 'Save' button.
2025-07-16 07:28:01 [main] ERROR l.i.uztis.pages.ApplicationFormsPage - Failed to verify the success message: 'Funkcija sėkmingai atlikta.'. Available messages: [Duomenys sėkmingai išsaugoti.]
2025-07-16 07:28:01 [main] INFO  l.i.u.tests.ApplicationFormsPageTest - Verified success message
2025-07-16 07:28:01 [main] INFO  l.i.u.tests.ApplicationFormsPageTest - Test 'testAddContractPVK' completed successfully.
2025-07-16 07:28:17 [main] INFO  lt.insoft.uztis.tests.UztisPageTest - Navigated to https://uztisdev.asseco.lt/home
2025-07-16 07:28:17 [main] INFO  l.i.uztis.tests.InvitationsPageTest - Starting test:'testCreateNewPvkInvitation'
2025-07-16 07:28:17 [main] INFO  l.insoft.uztis.tests.utils.TestUtils - Login attempt with user: evaluation_chief
2025-07-16 07:28:17 [main] DEBUG l.i.uztis.tests.InvitationsPageTest - User logged in with test credentials
2025-07-16 07:28:18 [main] DEBUG l.i.uztis.tests.InvitationsPageTest - Opened 'Application Processing' menu.
2025-07-16 07:28:18 [main] DEBUG l.i.uztis.tests.InvitationsPageTest - Clicked on 'Application Forms' menu.
2025-07-16 07:28:18 [main] DEBUG l.i.uztis.tests.InvitationsPageTest - Navigating to application forms menu.
2025-07-16 07:28:18 [main] DEBUG l.i.uztis.tests.InvitationsPageTest - Retrieved last description code text: 'TST-PVK-14'.
2025-07-16 07:28:18 [main] DEBUG l.i.uztis.tests.InvitationsPageTest - Clicked on 'Invitation' menu.
2025-07-16 07:28:18 [main] DEBUG l.i.uztis.tests.InvitationsPageTest - Clicked 'Create New Application Form'.
2025-07-16 07:28:20 [main] DEBUG l.i.uztis.tests.InvitationsPageTest - Selected section by code: 'TST-PVK-14'.
2025-07-16 07:28:20 [main] INFO  l.insoft.uztis.pages.InvitationsPage - Located the dropdown button.
2025-07-16 07:28:31 [main] ERROR l.insoft.uztis.pages.InvitationsPage - Timeout while waiting for dropdown to close with aria-expanded = 'false'.
2025-07-16 07:28:31 [main] DEBUG l.i.uztis.tests.InvitationsPageTest - Selected invitation number from the list.
2025-07-16 07:28:32 [main] DEBUG l.i.uztis.tests.InvitationsPageTest - Entered current date.
2025-07-16 07:28:32 [main] DEBUG l.i.uztis.tests.InvitationsPageTest - Entered start time: 00:00.
2025-07-16 07:28:32 [main] DEBUG l.i.uztis.tests.InvitationsPageTest - Entered end date.
2025-07-16 07:28:33 [main] DEBUG l.i.uztis.tests.InvitationsPageTest - Entered end time: 11:11.
2025-07-16 07:28:33 [main] DEBUG l.i.uztis.tests.InvitationsPageTest - Entered publication end date.
2025-07-16 07:28:33 [main] DEBUG l.i.uztis.tests.InvitationsPageTest - Added additional values.
2025-07-16 07:28:33 [main] INFO  l.insoft.uztis.pages.InvitationsPage - Located the dropdown button.
2025-07-16 07:28:34 [main] DEBUG l.i.uztis.tests.InvitationsPageTest - Selected the value: 'Didžiausia galima paramos suma aplinkos darbo vietai, Eur'
2025-07-16 07:28:34 [main] INFO  l.insoft.uztis.pages.InvitationsPage - Located the dropdown button.
2025-07-16 07:28:34 [main] DEBUG l.i.uztis.tests.InvitationsPageTest - Selected the value: 'Didžiausia galima paramos suma, Eur'
2025-07-16 07:28:34 [main] INFO  l.insoft.uztis.pages.InvitationsPage - Located the dropdown button.
2025-07-16 07:28:35 [main] DEBUG l.i.uztis.tests.InvitationsPageTest - Selected the value: 'Didžiausia galima paramos suma vienai darbo vietai, Eur'
2025-07-16 07:28:35 [main] DEBUG l.i.uztis.tests.InvitationsPageTest - Entered value: 11000
2025-07-16 07:28:35 [main] DEBUG l.i.uztis.tests.InvitationsPageTest - Entered value: 12000
2025-07-16 07:28:35 [main] DEBUG l.i.uztis.tests.InvitationsPageTest - Entered value: 13000
2025-07-16 07:28:35 [main] DEBUG l.i.uztis.tests.InvitationsPageTest - Checked 'Legal Entities' checkbox.
2025-07-16 07:28:35 [main] DEBUG l.i.uztis.tests.InvitationsPageTest - Checked 'Legal Entities' checkbox.
2025-07-16 07:28:36 [main] DEBUG l.i.uztis.tests.InvitationsPageTest - Unchecked 'Persons Registered with Employment Service' checkbox.
2025-07-16 07:28:36 [main] DEBUG l.i.uztis.tests.InvitationsPageTest - Checked 'Persons Registered as Employers' checkbox.
2025-07-16 07:28:36 [main] DEBUG l.i.uztis.tests.InvitationsPageTest - Entered second evaluation grade: '5'.
2025-07-16 07:28:36 [main] DEBUG l.i.uztis.tests.InvitationsPageTest - Entered third evaluation grade: '6'.
2025-07-16 07:28:36 [main] DEBUG l.i.uztis.tests.InvitationsPageTest - Entered second evaluation grade weight: '0,45'.
2025-07-16 07:28:36 [main] DEBUG l.i.uztis.tests.InvitationsPageTest - Entered third evaluation grade weight: '0,55'.
2025-07-16 07:28:36 [main] DEBUG l.i.uztis.tests.InvitationsPageTest - Entered budget: '2000'.
2025-07-16 07:28:36 [main] DEBUG l.i.uztis.tests.InvitationsPageTest - Entered budget: '2000'.
2025-07-16 07:28:36 [main] DEBUG l.i.uztis.tests.InvitationsPageTest - Entered budget: '2000'.
2025-07-16 07:28:36 [main] DEBUG l.i.uztis.tests.InvitationsPageTest - Entered budget: '2000'.
2025-07-16 07:28:37 [main] DEBUG l.i.uztis.tests.InvitationsPageTest - Entered budget: '2000'.
2025-07-16 07:28:37 [main] DEBUG l.i.uztis.tests.InvitationsPageTest - Entered description text: 'Aprašo tekstas'.
2025-07-16 07:28:37 [main] DEBUG l.i.uztis.tests.InvitationsPageTest - Entered applicants text: 'Pareiškėjų tekstas'.
2025-07-16 07:28:37 [main] DEBUG l.i.uztis.tests.InvitationsPageTest - Entered expenditures text: 'Išlaidų tekstas'.
2025-07-16 07:28:37 [main] DEBUG l.i.uztis.tests.InvitationsPageTest - Entered legislation text: 'Teisės aktų tekstas'.
2025-07-16 07:28:37 [main] DEBUG l.i.uztis.tests.InvitationsPageTest - Entered education text: 'Mokymų tekstas'.
2025-07-16 07:28:37 [main] DEBUG l.i.uztis.tests.InvitationsPageTest - File uploaded.
2025-07-16 07:28:38 [main] DEBUG l.i.uztis.tests.InvitationsPageTest - Clicked 'Publish'.
2025-07-16 07:28:38 [main] DEBUG l.i.uztis.tests.InvitationsPageTest - Publication confirmed.
2025-07-16 07:28:38 [main] DEBUG l.i.uztis.pages.ApplicationFormsPage - Verified success message: 'Funkcija sėkmingai atlikta.'
2025-07-16 07:28:38 [main] INFO  l.i.uztis.tests.InvitationsPageTest - Verified success message
2025-07-16 07:28:38 [main] INFO  l.i.uztis.tests.InvitationsPageTest - Test 'testCreateNewPvkInvitation' completed successfully.
2025-07-16 07:29:11 [main] INFO  lt.insoft.uztis.tests.UztisPageTest - Navigated to https://uztisdev.asseco.lt/home
2025-07-16 07:29:11 [main] INFO  l.i.uztis.tests.InvitationsPageTest - Starting test:'testInsertVui_PvkStatisticInformation'
2025-07-16 07:29:11 [main] INFO  l.insoft.uztis.tests.utils.TestUtils - Login attempt with user: evaluation_chief
2025-07-16 07:29:11 [main] DEBUG l.i.uztis.tests.InvitationsPageTest - User logged in with test credentials
2025-07-16 07:29:12 [main] DEBUG l.i.uztis.tests.InvitationsPageTest - Opened 'Application Processing' menu.
2025-07-16 07:29:12 [main] DEBUG l.i.uztis.tests.InvitationsPageTest - Clicked on 'Application Forms' menu.
2025-07-16 07:29:12 [main] DEBUG l.i.uztis.tests.InvitationsPageTest - Navigating to invitation forms menu.
2025-07-16 07:29:12 [main] DEBUG l.i.uztis.tests.InvitationsPageTest - Retrieved last description code text: 'TST-PVK-14'.
2025-07-16 07:29:12 [main] DEBUG l.i.uztis.tests.InvitationsPageTest - Clicked on 'Invitation' menu.
2025-07-16 07:29:14 [main] DEBUG l.i.uztis.tests.InvitationsPageTest - Selected section by code: 'TST-PVK-14'.
2025-07-16 07:29:14 [main] DEBUG l.i.uztis.tests.InvitationsPageTest - Clicked 'Search'.
2025-07-16 07:29:14 [main] DEBUG l.i.uztis.tests.InvitationsPageTest - Getting and inserting application code text.
2025-07-16 07:29:14 [main] DEBUG l.i.uztis.tests.InvitationsPageTest - Clicked 'Publishing'.
2025-07-16 07:29:14 [main] DEBUG l.i.uztis.tests.InvitationsPageTest - Clicked 'Statistic Information' tab.
2025-07-16 07:29:15 [main] DEBUG l.i.uztis.tests.InvitationsPageTest - Clicked 'Edit' button.
2025-07-16 07:29:15 [main] DEBUG l.i.uztis.tests.InvitationsPageTest - Entered current date.
2025-07-16 07:29:15 [main] DEBUG l.i.uztis.tests.InvitationsPageTest - Entered value: 8.7
2025-07-16 07:29:15 [main] DEBUG l.i.uztis.tests.InvitationsPageTest - Entered average salary: 2237.9
2025-07-16 07:29:15 [main] DEBUG l.i.uztis.tests.InvitationsPageTest - File uploaded.
2025-07-16 07:29:15 [main] DEBUG l.i.uztis.tests.InvitationsPageTest - Clicked 'Save' button.
2025-07-16 07:29:17 [main] DEBUG l.i.uztis.pages.ApplicationFormsPage - Verified success message: 'Funkcija sėkmingai atlikta.'
2025-07-16 07:29:17 [main] INFO  l.i.uztis.tests.InvitationsPageTest - Verified success message
2025-07-16 07:29:17 [main] INFO  l.i.uztis.tests.InvitationsPageTest - Test 'testInsertVui_PvkStatisticInformation' completed successfully.
2025-07-16 07:31:11 [main] INFO  lt.insoft.uztis.tests.UztisPageTest - Navigated to https://uztisdev.asseco.lt/home
2025-07-16 07:31:11 [main] INFO  l.i.u.tests.ApplicationFormsPageTest - Setup complete. ApplicationFormsPage initialized.
2025-07-16 07:31:11 [main] INFO  l.i.u.tests.ApplicationFormsPageTest - Starting test:'testCreateNewVuiApplication'
2025-07-16 07:31:11 [main] INFO  l.insoft.uztis.tests.utils.TestUtils - Login attempt with user: evaluation_chief
2025-07-16 07:31:11 [main] DEBUG l.i.u.tests.ApplicationFormsPageTest - User logged in with test credentials
2025-07-16 07:31:12 [main] DEBUG l.i.u.tests.ApplicationFormsPageTest - Opened 'Application Processing' menu.
2025-07-16 07:31:12 [main] DEBUG l.i.u.tests.ApplicationFormsPageTest - Clicked on 'Application Forms' menu.
2025-07-16 07:31:12 [main] DEBUG l.i.u.tests.ApplicationFormsPageTest - Clicked to create a new application form.
2025-07-16 07:31:12 [main] DEBUG l.i.u.tests.ApplicationFormsPageTest - Entered random application code: TST-VUI-48
2025-07-16 07:31:13 [main] DEBUG l.i.u.tests.ApplicationFormsPageTest - Selected 'Section' radio button.
2025-07-16 07:31:13 [main] INFO  l.i.uztis.pages.ApplicationFormsPage - Located the dropdown button.
2025-07-16 07:31:14 [main] INFO  l.i.uztis.pages.ApplicationFormsPage - Successfully selected the value: 'Priemonių organizavimo departamentas / Priemonių organizavimo 1-asis skyrius'
2025-07-16 07:31:25 [main] ERROR l.i.uztis.pages.ApplicationFormsPage - Failed to close the dropdown with aria-expanded = 'false'.
2025-07-16 07:31:25 [main] DEBUG l.i.u.tests.ApplicationFormsPageTest - Selected a value from the 'Section' dropdown: 'Priemonių organizavimo departamentas / Priemonių organizavimo 1-asis skyrius'
2025-07-16 07:31:25 [main] DEBUG l.i.u.tests.ApplicationFormsPageTest - Selected 'Budget by Municipality' option.
2025-07-16 07:31:25 [main] DEBUG l.i.u.tests.ApplicationFormsPageTest - Selected 'Financed Without Queue' option.
2025-07-16 07:31:25 [main] DEBUG l.i.u.tests.ApplicationFormsPageTest - Clicked 'Add' button.
2025-07-16 07:31:25 [main] INFO  l.i.uztis.pages.ApplicationFormsPage - Located the dropdown button.
2025-07-16 07:31:26 [main] INFO  l.i.uztis.pages.ApplicationFormsPage - Successfully selected the value: 'VUI atitiktis URP'
2025-07-16 07:31:36 [main] ERROR l.i.uztis.pages.ApplicationFormsPage - Failed to close the dropdown with aria-expanded = 'false'.
2025-07-16 07:31:36 [main] DEBUG l.i.u.tests.ApplicationFormsPageTest - Selected a value from the 'EvaluationOne' dropdown: 'VUI atitiktis URP'
2025-07-16 07:31:36 [main] INFO  l.i.uztis.pages.ApplicationFormsPage - Located the dropdown button.
2025-07-16 07:31:36 [main] INFO  l.i.uztis.pages.ApplicationFormsPage - Successfully selected the value: 'VUI atitiktis kokybės kriterijams'
2025-07-16 07:31:47 [main] ERROR l.i.uztis.pages.ApplicationFormsPage - Failed to close the dropdown with aria-expanded = 'false'.
2025-07-16 07:31:47 [main] DEBUG l.i.u.tests.ApplicationFormsPageTest - Selected a value from the 'EvaluationTwon' dropdown: 'VUI atitiktis kokybės kriterijams'
2025-07-16 07:31:47 [main] INFO  l.i.uztis.pages.ApplicationFormsPage - Located the dropdown button.
2025-07-16 07:31:47 [main] INFO  l.i.uztis.pages.ApplicationFormsPage - Successfully selected the value: 'VUI gynimo vertinimo forma'
2025-07-16 07:31:57 [main] ERROR l.i.uztis.pages.ApplicationFormsPage - Failed to close the dropdown with aria-expanded = 'false'.
2025-07-16 07:31:57 [main] DEBUG l.i.u.tests.ApplicationFormsPageTest - Selected a value from the 'EvaluationThree' dropdown: 'VUI gynimo vertinimo forma'
2025-07-16 07:31:57 [main] DEBUG l.i.u.tests.ApplicationFormsPageTest - Clicked 'Plus' button.
2025-07-16 07:31:58 [main] DEBUG l.i.u.tests.ApplicationFormsPageTest - Clicked 'Add' button seven times.
2025-07-16 07:31:58 [main] INFO  l.i.uztis.pages.ApplicationFormsPage - Processing dropdown index: 0
2025-07-16 07:32:09 [main] ERROR l.i.uztis.pages.ApplicationFormsPage - Timeout while waiting for dropdown to close at index: 0 with aria-expanded = 'false'
2025-07-16 07:32:09 [main] INFO  l.i.uztis.pages.ApplicationFormsPage - Processing dropdown index: 1
2025-07-16 07:32:20 [main] ERROR l.i.uztis.pages.ApplicationFormsPage - Timeout while waiting for dropdown to close at index: 1 with aria-expanded = 'false'
2025-07-16 07:32:20 [main] INFO  l.i.uztis.pages.ApplicationFormsPage - Processing dropdown index: 2
2025-07-16 07:32:30 [main] ERROR l.i.uztis.pages.ApplicationFormsPage - Timeout while waiting for dropdown to close at index: 2 with aria-expanded = 'false'
2025-07-16 07:32:30 [main] INFO  l.i.uztis.pages.ApplicationFormsPage - Processing dropdown index: 3
2025-07-16 07:32:41 [main] ERROR l.i.uztis.pages.ApplicationFormsPage - Timeout while waiting for dropdown to close at index: 3 with aria-expanded = 'false'
2025-07-16 07:32:41 [main] INFO  l.i.uztis.pages.ApplicationFormsPage - Processing dropdown index: 4
2025-07-16 07:32:52 [main] ERROR l.i.uztis.pages.ApplicationFormsPage - Timeout while waiting for dropdown to close at index: 4 with aria-expanded = 'false'
2025-07-16 07:32:52 [main] INFO  l.i.uztis.pages.ApplicationFormsPage - Processing dropdown index: 5
2025-07-16 07:33:03 [main] ERROR l.i.uztis.pages.ApplicationFormsPage - Timeout while waiting for dropdown to close at index: 5 with aria-expanded = 'false'
2025-07-16 07:33:03 [main] INFO  l.i.uztis.pages.ApplicationFormsPage - Processing dropdown index: 6
2025-07-16 07:33:14 [main] ERROR l.i.uztis.pages.ApplicationFormsPage - Timeout while waiting for dropdown to close at index: 6 with aria-expanded = 'false'
2025-07-16 07:33:14 [main] INFO  l.i.uztis.pages.ApplicationFormsPage - Processing dropdown index: 7
2025-07-16 07:33:25 [main] ERROR l.i.uztis.pages.ApplicationFormsPage - Timeout while waiting for dropdown to close at index: 7 with aria-expanded = 'false'
2025-07-16 07:33:25 [main] INFO  l.i.uztis.pages.ApplicationFormsPage - Processing input field index: 0
2025-07-16 07:33:25 [main] INFO  l.i.uztis.pages.ApplicationFormsPage - Entered value '50' into field index: 0
2025-07-16 07:33:25 [main] INFO  l.i.uztis.pages.ApplicationFormsPage - Processing input field index: 1
2025-07-16 07:33:25 [main] INFO  l.i.uztis.pages.ApplicationFormsPage - Entered value '924' into field index: 1
2025-07-16 07:33:25 [main] INFO  l.i.uztis.pages.ApplicationFormsPage - Processing input field index: 2
2025-07-16 07:33:25 [main] INFO  l.i.uztis.pages.ApplicationFormsPage - Entered value '31' into field index: 2
2025-07-16 07:33:25 [main] INFO  l.i.uztis.pages.ApplicationFormsPage - Processing input field index: 3
2025-07-16 07:33:25 [main] INFO  l.i.uztis.pages.ApplicationFormsPage - Entered value '4.7' into field index: 3
2025-07-16 07:33:25 [main] INFO  l.i.uztis.pages.ApplicationFormsPage - Processing input field index: 4
2025-07-16 07:33:25 [main] INFO  l.i.uztis.pages.ApplicationFormsPage - Entered value '35' into field index: 4
2025-07-16 07:33:25 [main] INFO  l.i.uztis.pages.ApplicationFormsPage - Processing input field index: 5
2025-07-16 07:33:26 [main] INFO  l.i.uztis.pages.ApplicationFormsPage - Entered value '20' into field index: 5
2025-07-16 07:33:26 [main] INFO  l.i.uztis.pages.ApplicationFormsPage - Processing input field index: 6
2025-07-16 07:33:26 [main] INFO  l.i.uztis.pages.ApplicationFormsPage - Entered value '30' into field index: 6
2025-07-16 07:33:26 [main] INFO  l.i.uztis.pages.ApplicationFormsPage - Processing input field index: 7
2025-07-16 07:33:26 [main] INFO  l.i.uztis.pages.ApplicationFormsPage - Entered value '60' into field index: 7
2025-07-16 07:33:26 [main] DEBUG l.i.u.tests.ApplicationFormsPageTest - Entered additional values and text.
2025-07-16 07:33:26 [main] DEBUG l.i.u.tests.ApplicationFormsPageTest - Entered application name: VUI paraiška
2025-07-16 07:33:26 [main] DEBUG l.i.u.tests.ApplicationFormsPageTest - Clicked the 'Save' button.
2025-07-16 07:33:26 [main] DEBUG l.i.uztis.pages.ApplicationFormsPage - Verified success message: 'Duomenys sėkmingai išsaugoti.'
2025-07-16 07:33:26 [main] INFO  l.i.u.tests.ApplicationFormsPageTest - Verified success message
2025-07-16 07:33:26 [main] INFO  l.i.u.tests.ApplicationFormsPageTest - Verified that the 'Save Form' button is displayed.
2025-07-16 07:33:26 [main] INFO  l.i.u.tests.ApplicationFormsPageTest - Test 'testCreateNewVuiApplication' completed successfully.
2025-07-16 07:35:58 [main] INFO  lt.insoft.uztis.tests.UztisPageTest - Navigated to https://uztisdev.asseco.lt/home
2025-07-16 07:35:58 [main] INFO  l.i.u.tests.ApplicationFormsPageTest - Setup complete. ApplicationFormsPage initialized.
2025-07-16 07:35:58 [main] INFO  l.i.u.tests.ApplicationFormsPageTest - Starting test:'testEditAndSaveVuiApplication'
2025-07-16 07:35:58 [main] INFO  l.insoft.uztis.tests.utils.TestUtils - Login attempt with user: evaluation_chief
2025-07-16 07:35:58 [main] DEBUG l.i.u.tests.ApplicationFormsPageTest - User logged in with test credentials
2025-07-16 07:35:59 [main] DEBUG l.i.u.tests.ApplicationFormsPageTest - Opened 'Application Processing' menu.
2025-07-16 07:35:59 [main] DEBUG l.i.u.tests.ApplicationFormsPageTest - Clicked on 'Application Forms' menu.
2025-07-16 07:35:59 [main] DEBUG l.i.u.tests.ApplicationFormsPageTest - Selected the last application description.
2025-07-16 07:36:00 [main] DEBUG l.i.u.tests.ApplicationFormsPageTest - Clicked the 'Edit' button.
2025-07-16 07:36:00 [main] DEBUG l.i.u.tests.ApplicationFormsPageTest - Selected 'Municipality' radio button.
2025-07-16 07:36:00 [main] INFO  l.i.uztis.pages.ApplicationFormsPage - Located the dropdown button.
2025-07-16 07:36:01 [main] INFO  l.i.uztis.pages.ApplicationFormsPage - Successfully selected the value: 'Priemonių organizavimo departamentas'
2025-07-16 07:36:11 [main] ERROR l.i.uztis.pages.ApplicationFormsPage - Failed to close the dropdown with aria-expanded = 'false'.
2025-07-16 07:36:11 [main] DEBUG l.i.u.tests.ApplicationFormsPageTest - Selected a value from the 'Municipality' dropdown: 'Priemonių organizavimo departamentas'
2025-07-16 07:36:11 [main] DEBUG l.i.u.tests.ApplicationFormsPageTest - Selected 'Budget By Country' radio button.
2025-07-16 07:36:11 [main] DEBUG l.i.u.tests.ApplicationFormsPageTest - Selected 'Financed By Queue' radio button.
2025-07-16 07:36:11 [main] DEBUG l.i.u.tests.ApplicationFormsPageTest - Entered new application name: _paredaguota
2025-07-16 07:36:12 [main] DEBUG l.i.u.tests.ApplicationFormsPageTest - Clicked the 'Save' button.
2025-07-16 07:36:12 [main] DEBUG l.i.uztis.pages.ApplicationFormsPage - Verified success message: 'Duomenys sėkmingai išsaugoti.'
2025-07-16 07:36:12 [main] INFO  l.i.u.tests.ApplicationFormsPageTest - Verified success message
2025-07-16 07:36:12 [main] INFO  l.i.u.tests.ApplicationFormsPageTest - Test 'testEditAndSaveVuiApplication' completed successfully.
2025-07-16 07:36:25 [main] INFO  lt.insoft.uztis.tests.UztisPageTest - Navigated to https://uztisdev.asseco.lt/home
2025-07-16 07:36:25 [main] INFO  l.i.u.tests.ApplicationFormsPageTest - Setup complete. ApplicationFormsPage initialized.
2025-07-16 07:36:25 [main] INFO  l.i.u.tests.ApplicationFormsPageTest - Starting test:'testAddContractVUI'
2025-07-16 07:36:25 [main] INFO  l.insoft.uztis.tests.utils.TestUtils - Login attempt with user: evaluation_chief
2025-07-16 07:36:25 [main] DEBUG l.i.u.tests.ApplicationFormsPageTest - User logged in with test credentials
2025-07-16 07:36:26 [main] DEBUG l.i.u.tests.ApplicationFormsPageTest - Opened 'Application Processing' menu.
2025-07-16 07:36:26 [main] DEBUG l.i.u.tests.ApplicationFormsPageTest - Clicked on 'Application Forms' menu.
2025-07-16 07:36:26 [main] DEBUG l.i.u.tests.ApplicationFormsPageTest - Selected the last application description.
2025-07-16 07:36:27 [main] DEBUG l.i.u.tests.ApplicationFormsPageTest - Clicked 'Project Progress' tab.
2025-07-16 07:36:27 [main] DEBUG l.i.u.tests.ApplicationFormsPageTest - Clicked the 'Edit' button.
2025-07-16 07:36:27 [main] INFO  l.i.uztis.pages.ApplicationFormsPage - Opening the dropdown.
2025-07-16 07:36:32 [main] INFO  l.i.uztis.pages.ApplicationFormsPage - Selected the value: 'Vietinių užimtumo iniciatyvų projekto įgyvendinimo ir finansavimo sutartis'
2025-07-16 07:36:42 [main] ERROR l.i.uztis.pages.ApplicationFormsPage - Dropdown did not close as expected.
2025-07-16 07:36:42 [main] DEBUG l.i.u.tests.ApplicationFormsPageTest - Selected a value from the 'Document' dropdown: 'Vietinių užimtumo iniciatyvų projekto įgyvendinimo ir finansavimo sutartis'
2025-07-16 07:36:42 [main] INFO  l.i.uztis.pages.ApplicationFormsPage - Opening the dropdown.
2025-07-16 07:36:46 [main] INFO  l.i.uztis.pages.ApplicationFormsPage - Selected the value: 'Sprendimas dėl išmokos'
2025-07-16 07:36:56 [main] ERROR l.i.uztis.pages.ApplicationFormsPage - Dropdown did not close as expected.
2025-07-16 07:36:56 [main] DEBUG l.i.u.tests.ApplicationFormsPageTest - Selected a value from the 'Document' dropdown: 'Sprendimas dėl išmokos'
2025-07-16 07:36:56 [main] INFO  l.i.uztis.pages.ApplicationFormsPage - Opening the dropdown.
2025-07-16 07:37:00 [main] INFO  l.i.uztis.pages.ApplicationFormsPage - Selected the value: 'Sprendimas dėl išmokos'
2025-07-16 07:37:10 [main] ERROR l.i.uztis.pages.ApplicationFormsPage - Dropdown did not close as expected.
2025-07-16 07:37:10 [main] DEBUG l.i.u.tests.ApplicationFormsPageTest - Selected a value from the 'Document' dropdown: 'Sprendimas dėl išmokos'
2025-07-16 07:37:10 [main] DEBUG l.i.u.tests.ApplicationFormsPageTest - Clicked the 'Save' button.
2025-07-16 07:37:10 [main] ERROR l.i.uztis.pages.ApplicationFormsPage - Failed to verify the success message: 'Funkcija sėkmingai atlikta.'. Available messages: [Duomenys sėkmingai išsaugoti.]
2025-07-16 07:37:10 [main] INFO  l.i.u.tests.ApplicationFormsPageTest - Verified success message
2025-07-16 07:37:10 [main] INFO  l.i.u.tests.ApplicationFormsPageTest - Test 'testAddContractVUI' completed successfully.
2025-07-16 07:38:42 [main] INFO  lt.insoft.uztis.tests.UztisPageTest - Navigated to https://uztisdev.asseco.lt/home
2025-07-16 07:38:42 [main] INFO  l.i.uztis.tests.InvitationsPageTest - Starting test:'testCreateNewVuiInvitationDraft'
2025-07-16 07:38:43 [main] INFO  l.insoft.uztis.tests.utils.TestUtils - Login attempt with user: evaluation_chief
2025-07-16 07:38:43 [main] DEBUG l.i.uztis.tests.InvitationsPageTest - User logged in with test credentials
2025-07-16 07:38:43 [main] DEBUG l.i.uztis.tests.InvitationsPageTest - Opened 'Application Processing' menu.
2025-07-16 07:38:43 [main] DEBUG l.i.uztis.tests.InvitationsPageTest - Clicked on 'Application Forms' menu.
2025-07-16 07:38:43 [main] DEBUG l.i.uztis.tests.InvitationsPageTest - Navigating to application forms menu.
2025-07-16 07:38:43 [main] DEBUG l.i.uztis.tests.InvitationsPageTest - Retrieved last description code text: 'TST-VUI-48'.
2025-07-16 07:38:44 [main] DEBUG l.i.uztis.tests.InvitationsPageTest - Clicked on 'Invitation' menu.
2025-07-16 07:38:44 [main] DEBUG l.i.uztis.tests.InvitationsPageTest - Clicked 'Create New Application Form'.
2025-07-16 07:38:46 [main] DEBUG l.i.uztis.tests.InvitationsPageTest - Selected section by code: 'TST-VUI-48'.
2025-07-16 07:38:46 [main] INFO  l.insoft.uztis.pages.InvitationsPage - Located the dropdown button.
2025-07-16 07:38:57 [main] ERROR l.insoft.uztis.pages.InvitationsPage - Timeout while waiting for dropdown to close with aria-expanded = 'false'.
2025-07-16 07:38:57 [main] DEBUG l.i.uztis.tests.InvitationsPageTest - Selected invitation number from the list.
2025-07-16 07:38:58 [main] DEBUG l.i.uztis.tests.InvitationsPageTest - Entered current date.
2025-07-16 07:38:58 [main] DEBUG l.i.uztis.tests.InvitationsPageTest - Entered start time: 00:00.
2025-07-16 07:38:58 [main] DEBUG l.i.uztis.tests.InvitationsPageTest - Entered end date.
2025-07-16 07:38:59 [main] DEBUG l.i.uztis.tests.InvitationsPageTest - Entered end time: 11:11.
2025-07-16 07:38:59 [main] DEBUG l.i.uztis.tests.InvitationsPageTest - Draft saved.
2025-07-16 07:38:59 [main] DEBUG l.i.uztis.pages.ApplicationFormsPage - Verified success message: 'Duomenys sėkmingai išsaugoti.'
2025-07-16 07:38:59 [main] INFO  l.i.uztis.tests.InvitationsPageTest - Verified success message
2025-07-16 07:38:59 [main] INFO  l.i.uztis.tests.InvitationsPageTest - Test 'testCreateNewVuiInvitationDraft' completed successfully.
2025-07-16 07:39:11 [main] INFO  lt.insoft.uztis.tests.UztisPageTest - Navigated to https://uztisdev.asseco.lt/home
2025-07-16 07:39:11 [main] INFO  l.i.uztis.tests.InvitationsPageTest - Starting test:'testEditAndPublishVuiInvitationDraft'
2025-07-16 07:39:11 [main] INFO  l.insoft.uztis.tests.utils.TestUtils - Login attempt with user: evaluation_chief
2025-07-16 07:39:11 [main] DEBUG l.i.uztis.tests.InvitationsPageTest - User logged in with test credentials
2025-07-16 07:39:12 [main] DEBUG l.i.uztis.tests.InvitationsPageTest - Opened 'Application Processing' menu.
2025-07-16 07:39:12 [main] DEBUG l.i.uztis.tests.InvitationsPageTest - Clicked on 'Application Forms' menu.
2025-07-16 07:39:12 [main] DEBUG l.i.uztis.tests.InvitationsPageTest - Navigating to application forms menu.
2025-07-16 07:39:12 [main] DEBUG l.i.uztis.tests.InvitationsPageTest - Retrieved last description code text: 'TST-VUI-48'.
2025-07-16 07:39:12 [main] DEBUG l.i.uztis.tests.InvitationsPageTest - Clicked on 'Invitation' menu.
2025-07-16 07:39:14 [main] DEBUG l.i.uztis.tests.InvitationsPageTest - Selected section by code: 'TST-VUI-48'.
2025-07-16 07:39:14 [main] DEBUG l.i.uztis.tests.InvitationsPageTest - Clicked 'Search'.
2025-07-16 07:39:14 [main] DEBUG l.i.uztis.tests.InvitationsPageTest - Getting and inserting application code text.
2025-07-16 07:39:14 [main] DEBUG l.i.uztis.tests.InvitationsPageTest - Clicked 'InvitationDraft'.
2025-07-16 07:39:15 [main] DEBUG l.i.uztis.tests.InvitationsPageTest - Clicked 'Edit'.
2025-07-16 07:39:16 [main] DEBUG l.i.uztis.tests.InvitationsPageTest - Entered publication end date.
2025-07-16 07:39:16 [main] DEBUG l.i.uztis.tests.InvitationsPageTest - Added additional values.
2025-07-16 07:39:16 [main] INFO  l.insoft.uztis.pages.InvitationsPage - Located the dropdown button.
2025-07-16 07:39:16 [main] DEBUG l.i.uztis.tests.InvitationsPageTest - Selected the value: 'Didžiausia galima paramos suma aplinkos darbo vietai, Eur'
2025-07-16 07:39:16 [main] INFO  l.insoft.uztis.pages.InvitationsPage - Located the dropdown button.
2025-07-16 07:39:17 [main] DEBUG l.i.uztis.tests.InvitationsPageTest - Selected the value: 'Didžiausia galima paramos suma, Eur'
2025-07-16 07:39:17 [main] INFO  l.insoft.uztis.pages.InvitationsPage - Located the dropdown button.
2025-07-16 07:39:18 [main] DEBUG l.i.uztis.tests.InvitationsPageTest - Selected the value: 'Didžiausia galima paramos suma vienai darbo vietai, Eur'
2025-07-16 07:39:18 [main] DEBUG l.i.uztis.tests.InvitationsPageTest - Entered value: 11000
2025-07-16 07:39:18 [main] DEBUG l.i.uztis.tests.InvitationsPageTest - Entered value: 12000
2025-07-16 07:39:19 [main] DEBUG l.i.uztis.tests.InvitationsPageTest - Entered value: 13000
2025-07-16 07:39:19 [main] DEBUG l.i.uztis.tests.InvitationsPageTest - Checked 'Legal Entities' checkbox.
2025-07-16 07:39:19 [main] DEBUG l.i.uztis.tests.InvitationsPageTest - Checked 'Legal Entities' checkbox.
2025-07-16 07:39:19 [main] DEBUG l.i.uztis.tests.InvitationsPageTest - Unchecked 'Persons Registered with Employment Service' checkbox.
2025-07-16 07:39:19 [main] DEBUG l.i.uztis.tests.InvitationsPageTest - Checked 'Persons Registered as Employers' checkbox.
2025-07-16 07:39:19 [main] DEBUG l.i.uztis.tests.InvitationsPageTest - Entered second evaluation grade: '5'.
2025-07-16 07:39:19 [main] DEBUG l.i.uztis.tests.InvitationsPageTest - Entered third evaluation grade: '6'.
2025-07-16 07:39:20 [main] DEBUG l.i.uztis.tests.InvitationsPageTest - Entered second evaluation grade weight: '0,45'.
2025-07-16 07:39:20 [main] DEBUG l.i.uztis.tests.InvitationsPageTest - Entered third evaluation grade weight: '0,55'.
2025-07-16 07:39:20 [main] DEBUG l.i.uztis.tests.InvitationsPageTest - Entered budget: '2000'.
2025-07-16 07:39:20 [main] DEBUG l.i.uztis.tests.InvitationsPageTest - Entered description text: 'Aprašo tekstas'.
2025-07-16 07:39:20 [main] DEBUG l.i.uztis.tests.InvitationsPageTest - Entered applicants text: 'Pareiškėjų tekstas'.
2025-07-16 07:39:20 [main] DEBUG l.i.uztis.tests.InvitationsPageTest - Entered expenditures text: 'Išlaidų tekstas'.
2025-07-16 07:39:21 [main] DEBUG l.i.uztis.tests.InvitationsPageTest - Entered legislation text: 'Teisės aktų tekstas'.
2025-07-16 07:39:21 [main] DEBUG l.i.uztis.tests.InvitationsPageTest - Entered education text: 'Mokymų tekstas'.
2025-07-16 07:39:21 [main] DEBUG l.i.uztis.tests.InvitationsPageTest - File uploaded.
2025-07-16 07:39:21 [main] DEBUG l.i.uztis.tests.InvitationsPageTest - Clicked 'Publish'.
2025-07-16 07:39:21 [main] DEBUG l.i.uztis.tests.InvitationsPageTest - Publication confirmed.
2025-07-16 07:39:22 [main] DEBUG l.i.uztis.pages.ApplicationFormsPage - Verified success message: 'Funkcija sėkmingai atlikta.'
2025-07-16 07:39:22 [main] INFO  l.i.uztis.tests.InvitationsPageTest - Verified success message
2025-07-16 07:39:22 [main] INFO  l.i.uztis.tests.InvitationsPageTest - Test 'testEditAndPublishVuiInvitationDraft' completed successfully.
2025-07-16 07:39:49 [main] INFO  lt.insoft.uztis.tests.UztisPageTest - Navigated to https://uztisdev.asseco.lt/home
2025-07-16 07:39:49 [main] INFO  l.i.uztis.tests.InvitationsPageTest - Starting test:'testInsertVui_PvkStatisticInformation'
2025-07-16 07:39:49 [main] INFO  l.insoft.uztis.tests.utils.TestUtils - Login attempt with user: evaluation_chief
2025-07-16 07:39:49 [main] DEBUG l.i.uztis.tests.InvitationsPageTest - User logged in with test credentials
2025-07-16 07:39:50 [main] DEBUG l.i.uztis.tests.InvitationsPageTest - Opened 'Application Processing' menu.
2025-07-16 07:39:50 [main] DEBUG l.i.uztis.tests.InvitationsPageTest - Clicked on 'Application Forms' menu.
2025-07-16 07:39:50 [main] DEBUG l.i.uztis.tests.InvitationsPageTest - Navigating to invitation forms menu.
2025-07-16 07:39:51 [main] DEBUG l.i.uztis.tests.InvitationsPageTest - Retrieved last description code text: 'TST-VUI-48'.
2025-07-16 07:39:51 [main] DEBUG l.i.uztis.tests.InvitationsPageTest - Clicked on 'Invitation' menu.
2025-07-16 07:39:53 [main] DEBUG l.i.uztis.tests.InvitationsPageTest - Selected section by code: 'TST-VUI-48'.
2025-07-16 07:39:53 [main] DEBUG l.i.uztis.tests.InvitationsPageTest - Clicked 'Search'.
2025-07-16 07:39:53 [main] DEBUG l.i.uztis.tests.InvitationsPageTest - Getting and inserting application code text.
2025-07-16 07:39:53 [main] DEBUG l.i.uztis.tests.InvitationsPageTest - Clicked 'Publishing'.
2025-07-16 07:39:54 [main] DEBUG l.i.uztis.tests.InvitationsPageTest - Clicked 'Statistic Information' tab.
2025-07-16 07:39:54 [main] DEBUG l.i.uztis.tests.InvitationsPageTest - Clicked 'Edit' button.
2025-07-16 07:39:54 [main] DEBUG l.i.uztis.tests.InvitationsPageTest - Entered current date.
2025-07-16 07:39:54 [main] DEBUG l.i.uztis.tests.InvitationsPageTest - Entered value: 8.7
2025-07-16 07:39:54 [main] DEBUG l.i.uztis.tests.InvitationsPageTest - Entered average salary: 2237.9
2025-07-16 07:39:54 [main] DEBUG l.i.uztis.tests.InvitationsPageTest - File uploaded.
2025-07-16 07:39:54 [main] DEBUG l.i.uztis.tests.InvitationsPageTest - Clicked 'Save' button.
2025-07-16 07:39:55 [main] DEBUG l.i.uztis.pages.ApplicationFormsPage - Verified success message: 'Funkcija sėkmingai atlikta.'
2025-07-16 07:39:55 [main] INFO  l.i.uztis.tests.InvitationsPageTest - Verified success message
2025-07-16 07:39:55 [main] INFO  l.i.uztis.tests.InvitationsPageTest - Test 'testInsertVui_PvkStatisticInformation' completed successfully.
2025-07-18 14:01:57 [main] INFO  lt.insoft.uztis.tests.UztisPageTest - Navigated to https://uztisdev.asseco.lt/home
2025-07-18 14:01:57 [main] INFO  l.i.u.t.SubmittedApplicationsPageTest - Starting test:'testAddEvaluators'
2025-07-18 14:01:57 [main] INFO  l.insoft.uztis.tests.utils.TestUtils - Login attempt with user: evaluation_chief
2025-07-18 14:01:57 [main] DEBUG l.i.u.t.SubmittedApplicationsPageTest - User logged in with test credentials
2025-07-18 14:01:58 [main] DEBUG l.i.u.t.SubmittedApplicationsPageTest - Opened 'Application Processing' menu.
2025-07-18 14:01:58 [main] DEBUG l.i.u.t.SubmittedApplicationsPageTest - Clicked on 'Application Forms' menu.
2025-07-18 14:01:59 [main] DEBUG l.i.u.t.SubmittedApplicationsPageTest - Retrieved last description code text: 'TST-VUI-48'.
2025-07-18 14:01:59 [main] DEBUG l.i.u.t.SubmittedApplicationsPageTest - Clicked on 'Invitation' menu.
2025-07-18 14:02:01 [main] DEBUG l.i.u.t.SubmittedApplicationsPageTest - Selected application section by code: 'TST-VUI-48'.
2025-07-18 14:02:01 [main] DEBUG l.i.u.t.SubmittedApplicationsPageTest - Clicked 'Search' button.
2025-07-18 14:02:01 [main] DEBUG l.i.u.t.SubmittedApplicationsPageTest - Retrieved invitation code: ''.
2025-07-18 14:02:01 [main] DEBUG l.i.u.t.SubmittedApplicationsPageTest - Clicked on 'Submitted Applications' menu.
2025-07-18 14:02:03 [main] DEBUG l.i.u.t.SubmittedApplicationsPageTest - Selected invitation by code: 'TST-VUI-48'.
2025-07-18 14:02:03 [main] DEBUG l.i.u.t.SubmittedApplicationsPageTest - Invitation code inserted.
2025-07-18 14:02:03 [main] DEBUG l.i.u.t.SubmittedApplicationsPageTest - Clicked on 'Action Application' button.
2025-07-18 14:02:04 [main] DEBUG l.i.u.t.SubmittedApplicationsPageTest - Clicked on 'Add Evaluators' button.
2025-07-18 14:02:04 [main] DEBUG l.i.u.t.SubmittedApplicationsPageTest - Entered first evaluation date.
2025-07-18 14:02:04 [main] DEBUG l.i.u.t.SubmittedApplicationsPageTest - Entered second evaluation date.
2025-07-18 14:02:04 [main] DEBUG l.i.u.t.SubmittedApplicationsPageTest - Entered third evaluation date.
2025-07-18 14:02:04 [main] DEBUG l.i.u.t.SubmittedApplicationsPageTest - Clicked on 'Add Evaluators' confirmation button.
2025-07-18 14:02:14 [main] ERROR l.i.uztis.pages.ApplicationFormsPage - Failed to verify the success message: 'Paraiškų vertinimai sėkmingai priskirti vertintojams.'. Available messages: []
2025-07-18 14:02:14 [main] INFO  l.i.u.t.SubmittedApplicationsPageTest - Verified success message
2025-07-18 14:02:14 [main] INFO  l.i.u.t.SubmittedApplicationsPageTest - Test 'testAddEvaluators' completed successfully.
2025-07-18 14:15:01 [main] INFO  lt.insoft.uztis.tests.UztisPageTest - Navigated to https://uztisdev.asseco.lt/home
2025-07-18 14:15:01 [main] INFO  l.i.u.t.SubmittedApplicationsPageTest - Starting test:'testAddEvaluators'
2025-07-18 14:15:02 [main] INFO  l.insoft.uztis.tests.utils.TestUtils - Login attempt with user: evaluation_chief
2025-07-18 14:15:02 [main] DEBUG l.i.u.t.SubmittedApplicationsPageTest - User logged in with test credentials
2025-07-18 14:15:02 [main] DEBUG l.i.u.t.SubmittedApplicationsPageTest - Opened 'Application Processing' menu.
2025-07-18 14:15:02 [main] DEBUG l.i.u.t.SubmittedApplicationsPageTest - Clicked on 'Application Forms' menu.
2025-07-18 14:15:03 [main] DEBUG l.i.u.t.SubmittedApplicationsPageTest - Retrieved last description code text: 'TST-VUI-48'.
2025-07-18 14:15:03 [main] DEBUG l.i.u.t.SubmittedApplicationsPageTest - Clicked on 'Invitation' menu.
2025-07-18 14:15:05 [main] DEBUG l.i.u.t.SubmittedApplicationsPageTest - Selected application section by code: 'TST-VUI-48'.
2025-07-18 14:15:05 [main] DEBUG l.i.u.t.SubmittedApplicationsPageTest - Clicked 'Search' button.
2025-07-18 14:15:05 [main] DEBUG l.i.u.t.SubmittedApplicationsPageTest - Retrieved invitation code: ''.
2025-07-18 14:15:05 [main] DEBUG l.i.u.t.SubmittedApplicationsPageTest - Clicked on 'Submitted Applications' menu.
2025-07-18 14:15:07 [main] DEBUG l.i.u.t.SubmittedApplicationsPageTest - Selected invitation by code: 'TST-VUI-48'.
2025-07-18 14:15:07 [main] DEBUG l.i.u.t.SubmittedApplicationsPageTest - Invitation code inserted.
2025-07-18 14:15:07 [main] DEBUG l.i.u.t.SubmittedApplicationsPageTest - Clicked on 'Action Application' button.
2025-07-18 14:15:07 [main] DEBUG l.i.u.t.SubmittedApplicationsPageTest - Clicked on 'Add Evaluators' button.
2025-07-18 14:15:07 [main] INFO  l.i.u.p.SubmittedApplicationsPage - Evaluator dropdown opened.
2025-07-18 14:15:08 [main] INFO  l.i.u.p.SubmittedApplicationsPage - Clicked on dropdown item with text: 'Adelė Kutienė'
2025-07-18 14:15:39 [main] ERROR l.i.u.p.SubmittedApplicationsPage - Failed in selectValueByListEvaluators: Expected condition failed: waiting for text ('Adelė Kutienė') to be present in element found by By.cssSelector: mat-select span.mat-select-value-text (tried for 30 second(s) with 500 milliseconds interval)
2025-07-18 14:15:39 [main] ERROR l.i.u.t.SubmittedApplicationsPageTest - Test 'testAddEvaluators' failed with error: Expected condition failed: waiting for text ('Adelė Kutienė') to be present in element found by By.cssSelector: mat-select span.mat-select-value-text (tried for 30 second(s) with 500 milliseconds interval)
org.openqa.selenium.TimeoutException: Expected condition failed: waiting for text ('Adelė Kutienė') to be present in element found by By.cssSelector: mat-select span.mat-select-value-text (tried for 30 second(s) with 500 milliseconds interval)
	at org.openqa.selenium.support.ui.WebDriverWait.timeoutException(WebDriverWait.java:84)
	at org.openqa.selenium.support.ui.FluentWait.until(FluentWait.java:228)
	at lt.insoft.uztis.pages.SubmittedApplicationsPage.selectValueByListEvaluators(SubmittedApplicationsPage.java:2056)
	at lt.insoft.uztis.tests.SubmittedApplicationsPageTest.testAddEvaluators_VUI_PVK(SubmittedApplicationsPageTest.java:558)
	at java.base/jdk.internal.reflect.DirectMethodHandleAccessor.invoke(DirectMethodHandleAccessor.java:103)
	at java.base/java.lang.reflect.Method.invoke(Method.java:580)
	at org.junit.platform.commons.util.ReflectionUtils.invokeMethod(ReflectionUtils.java:728)
	at org.junit.jupiter.engine.execution.MethodInvocation.proceed(MethodInvocation.java:60)
	at org.junit.jupiter.engine.execution.InvocationInterceptorChain$ValidatingInvocation.proceed(InvocationInterceptorChain.java:131)
	at org.junit.jupiter.engine.extension.TimeoutExtension.intercept(TimeoutExtension.java:156)
	at org.junit.jupiter.engine.extension.TimeoutExtension.interceptTestableMethod(TimeoutExtension.java:147)
	at org.junit.jupiter.engine.extension.TimeoutExtension.interceptTestMethod(TimeoutExtension.java:86)
	at org.junit.jupiter.engine.execution.InterceptingExecutableInvoker$ReflectiveInterceptorCall.lambda$ofVoidMethod$0(InterceptingExecutableInvoker.java:103)
	at org.junit.jupiter.engine.execution.InterceptingExecutableInvoker.lambda$invoke$0(InterceptingExecutableInvoker.java:93)
	at org.junit.jupiter.engine.execution.InvocationInterceptorChain$InterceptedInvocation.proceed(InvocationInterceptorChain.java:106)
	at org.junit.jupiter.engine.execution.InvocationInterceptorChain.proceed(InvocationInterceptorChain.java:64)
	at org.junit.jupiter.engine.execution.InvocationInterceptorChain.chainAndInvoke(InvocationInterceptorChain.java:45)
	at org.junit.jupiter.engine.execution.InvocationInterceptorChain.invoke(InvocationInterceptorChain.java:37)
	at org.junit.jupiter.engine.execution.InterceptingExecutableInvoker.invoke(InterceptingExecutableInvoker.java:92)
	at org.junit.jupiter.engine.execution.InterceptingExecutableInvoker.invoke(InterceptingExecutableInvoker.java:86)
	at org.junit.jupiter.engine.descriptor.TestMethodTestDescriptor.lambda$invokeTestMethod$7(TestMethodTestDescriptor.java:218)
	at org.junit.platform.engine.support.hierarchical.ThrowableCollector.execute(ThrowableCollector.java:73)
	at org.junit.jupiter.engine.descriptor.TestMethodTestDescriptor.invokeTestMethod(TestMethodTestDescriptor.java:214)
	at org.junit.jupiter.engine.descriptor.TestMethodTestDescriptor.execute(TestMethodTestDescriptor.java:139)
	at org.junit.jupiter.engine.descriptor.TestMethodTestDescriptor.execute(TestMethodTestDescriptor.java:69)
	at org.junit.platform.engine.support.hierarchical.NodeTestTask.lambda$executeRecursively$6(NodeTestTask.java:151)
	at org.junit.platform.engine.support.hierarchical.ThrowableCollector.execute(ThrowableCollector.java:73)
	at org.junit.platform.engine.support.hierarchical.NodeTestTask.lambda$executeRecursively$8(NodeTestTask.java:141)
	at org.junit.platform.engine.support.hierarchical.Node.around(Node.java:137)
	at org.junit.platform.engine.support.hierarchical.NodeTestTask.lambda$executeRecursively$9(NodeTestTask.java:139)
	at org.junit.platform.engine.support.hierarchical.ThrowableCollector.execute(ThrowableCollector.java:73)
	at org.junit.platform.engine.support.hierarchical.NodeTestTask.executeRecursively(NodeTestTask.java:138)
	at org.junit.platform.engine.support.hierarchical.NodeTestTask.execute(NodeTestTask.java:95)
	at java.base/java.util.ArrayList.forEach(ArrayList.java:1596)
	at org.junit.platform.engine.support.hierarchical.SameThreadHierarchicalTestExecutorService.invokeAll(SameThreadHierarchicalTestExecutorService.java:41)
	at org.junit.platform.engine.support.hierarchical.NodeTestTask.lambda$executeRecursively$6(NodeTestTask.java:155)
	at org.junit.platform.engine.support.hierarchical.ThrowableCollector.execute(ThrowableCollector.java:73)
	at org.junit.platform.engine.support.hierarchical.NodeTestTask.lambda$executeRecursively$8(NodeTestTask.java:141)
	at org.junit.platform.engine.support.hierarchical.Node.around(Node.java:137)
	at org.junit.platform.engine.support.hierarchical.NodeTestTask.lambda$executeRecursively$9(NodeTestTask.java:139)
	at org.junit.platform.engine.support.hierarchical.ThrowableCollector.execute(ThrowableCollector.java:73)
	at org.junit.platform.engine.support.hierarchical.NodeTestTask.executeRecursively(NodeTestTask.java:138)
	at org.junit.platform.engine.support.hierarchical.NodeTestTask.execute(NodeTestTask.java:95)
	at java.base/java.util.ArrayList.forEach(ArrayList.java:1596)
	at org.junit.platform.engine.support.hierarchical.SameThreadHierarchicalTestExecutorService.invokeAll(SameThreadHierarchicalTestExecutorService.java:41)
	at org.junit.platform.engine.support.hierarchical.NodeTestTask.lambda$executeRecursively$6(NodeTestTask.java:155)
	at org.junit.platform.engine.support.hierarchical.ThrowableCollector.execute(ThrowableCollector.java:73)
	at org.junit.platform.engine.support.hierarchical.NodeTestTask.lambda$executeRecursively$8(NodeTestTask.java:141)
	at org.junit.platform.engine.support.hierarchical.Node.around(Node.java:137)
	at org.junit.platform.engine.support.hierarchical.NodeTestTask.lambda$executeRecursively$9(NodeTestTask.java:139)
	at org.junit.platform.engine.support.hierarchical.ThrowableCollector.execute(ThrowableCollector.java:73)
	at org.junit.platform.engine.support.hierarchical.NodeTestTask.executeRecursively(NodeTestTask.java:138)
	at org.junit.platform.engine.support.hierarchical.NodeTestTask.execute(NodeTestTask.java:95)
	at org.junit.platform.engine.support.hierarchical.SameThreadHierarchicalTestExecutorService.submit(SameThreadHierarchicalTestExecutorService.java:35)
	at org.junit.platform.engine.support.hierarchical.HierarchicalTestExecutor.execute(HierarchicalTestExecutor.java:57)
	at org.junit.platform.engine.support.hierarchical.HierarchicalTestEngine.execute(HierarchicalTestEngine.java:54)
	at org.junit.platform.launcher.core.EngineExecutionOrchestrator.execute(EngineExecutionOrchestrator.java:198)
	at org.junit.platform.launcher.core.EngineExecutionOrchestrator.execute(EngineExecutionOrchestrator.java:169)
	at org.junit.platform.launcher.core.EngineExecutionOrchestrator.execute(EngineExecutionOrchestrator.java:93)
	at org.junit.platform.launcher.core.EngineExecutionOrchestrator.lambda$execute$0(EngineExecutionOrchestrator.java:58)
	at org.junit.platform.launcher.core.EngineExecutionOrchestrator.withInterceptedStreams(EngineExecutionOrchestrator.java:141)
	at org.junit.platform.launcher.core.EngineExecutionOrchestrator.execute(EngineExecutionOrchestrator.java:57)
	at org.junit.platform.launcher.core.DefaultLauncher.execute(DefaultLauncher.java:103)
	at org.junit.platform.launcher.core.DefaultLauncher.execute(DefaultLauncher.java:85)
	at org.junit.platform.launcher.core.DelegatingLauncher.execute(DelegatingLauncher.java:47)
	at org.junit.platform.launcher.core.SessionPerRequestLauncher.execute(SessionPerRequestLauncher.java:63)
	at com.intellij.junit5.JUnit5IdeaTestRunner.startRunnerWithArgs(JUnit5IdeaTestRunner.java:57)
	at com.intellij.rt.junit.IdeaTestRunner$Repeater$1.execute(IdeaTestRunner.java:38)
	at com.intellij.rt.execution.junit.TestsRepeater.repeat(TestsRepeater.java:11)
	at com.intellij.rt.junit.IdeaTestRunner$Repeater.startRunnerWithArgs(IdeaTestRunner.java:35)
	at com.intellij.rt.junit.JUnitStarter.prepareStreamsAndStart(JUnitStarter.java:232)
	at com.intellij.rt.junit.JUnitStarter.main(JUnitStarter.java:55)
Caused by: org.openqa.selenium.NoSuchElementException: no such element: Unable to locate element: {"method":"css selector","selector":"mat-select span.mat-select-value-text"}
  (Session info: chrome=138.0.7204.157)
For documentation on this error, please visit: https://www.selenium.dev/documentation/webdriver/troubleshooting/errors#no-such-element-exception
Build info: version: '4.27.0', revision: 'd6e718d134'
System info: os.name: 'Windows 11', os.arch: 'amd64', os.version: '10.0', java.version: '21.0.3'
Driver info: org.openqa.selenium.chrome.ChromeDriver
Command: [d774111bb40f5e602db9e64da078a104, findElement {value=mat-select span.mat-select-value-text, using=css selector}]
Capabilities {acceptInsecureCerts: false, browserName: chrome, browserVersion: 138.0.7204.157, chrome: {chromedriverVersion: 138.0.7204.157 (e533e98b126..., userDataDir: C:\Users\INGRID~1.ZAD\AppDa...}, fedcm:accounts: true, goog:chromeOptions: {debuggerAddress: localhost:53128}, networkConnectionEnabled: false, pageLoadStrategy: normal, platformName: windows, proxy: Proxy(), se:cdp: ws://localhost:53128/devtoo..., se:cdpVersion: 138.0.7204.157, setWindowRect: true, strictFileInteractability: false, timeouts: {implicit: 0, pageLoad: 300000, script: 30000}, unhandledPromptBehavior: dismiss and notify, webauthn:extension:credBlob: true, webauthn:extension:largeBlob: true, webauthn:extension:minPinLength: true, webauthn:extension:prf: true, webauthn:virtualAuthenticators: true}
Session ID: d774111bb40f5e602db9e64da078a104
	at java.base/jdk.internal.reflect.DirectConstructorHandleAccessor.newInstance(DirectConstructorHandleAccessor.java:62)
	at java.base/java.lang.reflect.Constructor.newInstanceWithCaller(Constructor.java:502)
	at java.base/java.lang.reflect.Constructor.newInstance(Constructor.java:486)
	at org.openqa.selenium.remote.ErrorCodec.decode(ErrorCodec.java:167)
	at org.openqa.selenium.remote.codec.w3c.W3CHttpResponseCodec.decode(W3CHttpResponseCodec.java:138)
	at org.openqa.selenium.remote.codec.w3c.W3CHttpResponseCodec.decode(W3CHttpResponseCodec.java:50)
	at org.openqa.selenium.remote.HttpCommandExecutor.execute(HttpCommandExecutor.java:190)
	at org.openqa.selenium.remote.service.DriverCommandExecutor.invokeExecute(DriverCommandExecutor.java:216)
	at org.openqa.selenium.remote.service.DriverCommandExecutor.execute(DriverCommandExecutor.java:174)
	at org.openqa.selenium.remote.RemoteWebDriver.execute(RemoteWebDriver.java:545)
	at org.openqa.selenium.remote.ElementLocation$ElementFinder$2.findElement(ElementLocation.java:165)
	at org.openqa.selenium.remote.ElementLocation.findElement(ElementLocation.java:59)
	at org.openqa.selenium.remote.RemoteWebDriver.findElement(RemoteWebDriver.java:368)
	at org.openqa.selenium.remote.RemoteWebDriver.findElement(RemoteWebDriver.java:362)
	at org.openqa.selenium.support.ui.ExpectedConditions$13.apply(ExpectedConditions.java:372)
	at org.openqa.selenium.support.ui.ExpectedConditions$13.apply(ExpectedConditions.java:368)
	at org.openqa.selenium.support.ui.FluentWait.until(FluentWait.java:203)
	... 70 common frames omitted
2025-07-18 14:15:39 [main] INFO  l.insoft.uztis.tests.utils.TestUtils - Screenshot moved to C:\Users\ingrida.zadorozniene\Desktop\Asm\UZTIS\UZTIS_tests\test-output\screenshots\20250718\141539958_testAddEvaluators_VUI_PVK().png
2025-07-18 14:19:04 [main] INFO  lt.insoft.uztis.tests.UztisPageTest - Navigated to https://uztisdev.asseco.lt/home
2025-07-18 14:19:04 [main] INFO  l.i.u.t.SubmittedApplicationsPageTest - Starting test:'testAddEvaluators'
2025-07-18 14:19:04 [main] INFO  l.insoft.uztis.tests.utils.TestUtils - Login attempt with user: evaluation_chief
2025-07-18 14:19:04 [main] DEBUG l.i.u.t.SubmittedApplicationsPageTest - User logged in with test credentials
2025-07-18 14:19:05 [main] DEBUG l.i.u.t.SubmittedApplicationsPageTest - Opened 'Application Processing' menu.
2025-07-18 14:19:05 [main] DEBUG l.i.u.t.SubmittedApplicationsPageTest - Clicked on 'Application Forms' menu.
2025-07-18 14:19:05 [main] DEBUG l.i.u.t.SubmittedApplicationsPageTest - Retrieved last description code text: 'TST-VUI-48'.
2025-07-18 14:19:05 [main] DEBUG l.i.u.t.SubmittedApplicationsPageTest - Clicked on 'Invitation' menu.
2025-07-18 14:19:07 [main] DEBUG l.i.u.t.SubmittedApplicationsPageTest - Selected application section by code: 'TST-VUI-48'.
2025-07-18 14:19:07 [main] DEBUG l.i.u.t.SubmittedApplicationsPageTest - Clicked 'Search' button.
2025-07-18 14:19:07 [main] DEBUG l.i.u.t.SubmittedApplicationsPageTest - Retrieved invitation code: ''.
2025-07-18 14:19:08 [main] DEBUG l.i.u.t.SubmittedApplicationsPageTest - Clicked on 'Submitted Applications' menu.
2025-07-18 14:19:10 [main] DEBUG l.i.u.t.SubmittedApplicationsPageTest - Selected invitation by code: 'TST-VUI-48'.
2025-07-18 14:19:10 [main] DEBUG l.i.u.t.SubmittedApplicationsPageTest - Invitation code inserted.
2025-07-18 14:19:10 [main] DEBUG l.i.u.t.SubmittedApplicationsPageTest - Clicked on 'Action Application' button.
2025-07-18 14:19:10 [main] DEBUG l.i.u.t.SubmittedApplicationsPageTest - Clicked on 'Add Evaluators' button.
2025-07-18 14:19:10 [main] INFO  l.i.u.p.SubmittedApplicationsPage - Evaluator dropdown opened.
2025-07-18 14:19:11 [main] INFO  l.i.u.p.SubmittedApplicationsPage - Clicked on dropdown item with text: 'Adelė Kutienė'
2025-07-18 14:19:42 [main] ERROR l.i.u.p.SubmittedApplicationsPage - Failed in selectValueByListEvaluators: Expected condition failed: waiting for text ('Adelė Kutienė') to be present in element found by By.cssSelector: mat-select span.mat-select-value-text (tried for 30 second(s) with 500 milliseconds interval)
2025-07-18 14:19:42 [main] ERROR l.i.u.t.SubmittedApplicationsPageTest - Test 'testAddEvaluators' failed with error: Expected condition failed: waiting for text ('Adelė Kutienė') to be present in element found by By.cssSelector: mat-select span.mat-select-value-text (tried for 30 second(s) with 500 milliseconds interval)
org.openqa.selenium.TimeoutException: Expected condition failed: waiting for text ('Adelė Kutienė') to be present in element found by By.cssSelector: mat-select span.mat-select-value-text (tried for 30 second(s) with 500 milliseconds interval)
	at org.openqa.selenium.support.ui.WebDriverWait.timeoutException(WebDriverWait.java:84)
	at org.openqa.selenium.support.ui.FluentWait.until(FluentWait.java:228)
	at lt.insoft.uztis.pages.SubmittedApplicationsPage.selectValueByListEvaluators(SubmittedApplicationsPage.java:2056)
	at lt.insoft.uztis.tests.SubmittedApplicationsPageTest.testAddEvaluators_VUI_PVK(SubmittedApplicationsPageTest.java:559)
	at java.base/jdk.internal.reflect.DirectMethodHandleAccessor.invoke(DirectMethodHandleAccessor.java:103)
	at java.base/java.lang.reflect.Method.invoke(Method.java:580)
	at org.junit.platform.commons.util.ReflectionUtils.invokeMethod(ReflectionUtils.java:728)
	at org.junit.jupiter.engine.execution.MethodInvocation.proceed(MethodInvocation.java:60)
	at org.junit.jupiter.engine.execution.InvocationInterceptorChain$ValidatingInvocation.proceed(InvocationInterceptorChain.java:131)
	at org.junit.jupiter.engine.extension.TimeoutExtension.intercept(TimeoutExtension.java:156)
	at org.junit.jupiter.engine.extension.TimeoutExtension.interceptTestableMethod(TimeoutExtension.java:147)
	at org.junit.jupiter.engine.extension.TimeoutExtension.interceptTestMethod(TimeoutExtension.java:86)
	at org.junit.jupiter.engine.execution.InterceptingExecutableInvoker$ReflectiveInterceptorCall.lambda$ofVoidMethod$0(InterceptingExecutableInvoker.java:103)
	at org.junit.jupiter.engine.execution.InterceptingExecutableInvoker.lambda$invoke$0(InterceptingExecutableInvoker.java:93)
	at org.junit.jupiter.engine.execution.InvocationInterceptorChain$InterceptedInvocation.proceed(InvocationInterceptorChain.java:106)
	at org.junit.jupiter.engine.execution.InvocationInterceptorChain.proceed(InvocationInterceptorChain.java:64)
	at org.junit.jupiter.engine.execution.InvocationInterceptorChain.chainAndInvoke(InvocationInterceptorChain.java:45)
	at org.junit.jupiter.engine.execution.InvocationInterceptorChain.invoke(InvocationInterceptorChain.java:37)
	at org.junit.jupiter.engine.execution.InterceptingExecutableInvoker.invoke(InterceptingExecutableInvoker.java:92)
	at org.junit.jupiter.engine.execution.InterceptingExecutableInvoker.invoke(InterceptingExecutableInvoker.java:86)
	at org.junit.jupiter.engine.descriptor.TestMethodTestDescriptor.lambda$invokeTestMethod$7(TestMethodTestDescriptor.java:218)
	at org.junit.platform.engine.support.hierarchical.ThrowableCollector.execute(ThrowableCollector.java:73)
	at org.junit.jupiter.engine.descriptor.TestMethodTestDescriptor.invokeTestMethod(TestMethodTestDescriptor.java:214)
	at org.junit.jupiter.engine.descriptor.TestMethodTestDescriptor.execute(TestMethodTestDescriptor.java:139)
	at org.junit.jupiter.engine.descriptor.TestMethodTestDescriptor.execute(TestMethodTestDescriptor.java:69)
	at org.junit.platform.engine.support.hierarchical.NodeTestTask.lambda$executeRecursively$6(NodeTestTask.java:151)
	at org.junit.platform.engine.support.hierarchical.ThrowableCollector.execute(ThrowableCollector.java:73)
	at org.junit.platform.engine.support.hierarchical.NodeTestTask.lambda$executeRecursively$8(NodeTestTask.java:141)
	at org.junit.platform.engine.support.hierarchical.Node.around(Node.java:137)
	at org.junit.platform.engine.support.hierarchical.NodeTestTask.lambda$executeRecursively$9(NodeTestTask.java:139)
	at org.junit.platform.engine.support.hierarchical.ThrowableCollector.execute(ThrowableCollector.java:73)
	at org.junit.platform.engine.support.hierarchical.NodeTestTask.executeRecursively(NodeTestTask.java:138)
	at org.junit.platform.engine.support.hierarchical.NodeTestTask.execute(NodeTestTask.java:95)
	at java.base/java.util.ArrayList.forEach(ArrayList.java:1596)
	at org.junit.platform.engine.support.hierarchical.SameThreadHierarchicalTestExecutorService.invokeAll(SameThreadHierarchicalTestExecutorService.java:41)
	at org.junit.platform.engine.support.hierarchical.NodeTestTask.lambda$executeRecursively$6(NodeTestTask.java:155)
	at org.junit.platform.engine.support.hierarchical.ThrowableCollector.execute(ThrowableCollector.java:73)
	at org.junit.platform.engine.support.hierarchical.NodeTestTask.lambda$executeRecursively$8(NodeTestTask.java:141)
	at org.junit.platform.engine.support.hierarchical.Node.around(Node.java:137)
	at org.junit.platform.engine.support.hierarchical.NodeTestTask.lambda$executeRecursively$9(NodeTestTask.java:139)
	at org.junit.platform.engine.support.hierarchical.ThrowableCollector.execute(ThrowableCollector.java:73)
	at org.junit.platform.engine.support.hierarchical.NodeTestTask.executeRecursively(NodeTestTask.java:138)
	at org.junit.platform.engine.support.hierarchical.NodeTestTask.execute(NodeTestTask.java:95)
	at java.base/java.util.ArrayList.forEach(ArrayList.java:1596)
	at org.junit.platform.engine.support.hierarchical.SameThreadHierarchicalTestExecutorService.invokeAll(SameThreadHierarchicalTestExecutorService.java:41)
	at org.junit.platform.engine.support.hierarchical.NodeTestTask.lambda$executeRecursively$6(NodeTestTask.java:155)
	at org.junit.platform.engine.support.hierarchical.ThrowableCollector.execute(ThrowableCollector.java:73)
	at org.junit.platform.engine.support.hierarchical.NodeTestTask.lambda$executeRecursively$8(NodeTestTask.java:141)
	at org.junit.platform.engine.support.hierarchical.Node.around(Node.java:137)
	at org.junit.platform.engine.support.hierarchical.NodeTestTask.lambda$executeRecursively$9(NodeTestTask.java:139)
	at org.junit.platform.engine.support.hierarchical.ThrowableCollector.execute(ThrowableCollector.java:73)
	at org.junit.platform.engine.support.hierarchical.NodeTestTask.executeRecursively(NodeTestTask.java:138)
	at org.junit.platform.engine.support.hierarchical.NodeTestTask.execute(NodeTestTask.java:95)
	at org.junit.platform.engine.support.hierarchical.SameThreadHierarchicalTestExecutorService.submit(SameThreadHierarchicalTestExecutorService.java:35)
	at org.junit.platform.engine.support.hierarchical.HierarchicalTestExecutor.execute(HierarchicalTestExecutor.java:57)
	at org.junit.platform.engine.support.hierarchical.HierarchicalTestEngine.execute(HierarchicalTestEngine.java:54)
	at org.junit.platform.launcher.core.EngineExecutionOrchestrator.execute(EngineExecutionOrchestrator.java:198)
	at org.junit.platform.launcher.core.EngineExecutionOrchestrator.execute(EngineExecutionOrchestrator.java:169)
	at org.junit.platform.launcher.core.EngineExecutionOrchestrator.execute(EngineExecutionOrchestrator.java:93)
	at org.junit.platform.launcher.core.EngineExecutionOrchestrator.lambda$execute$0(EngineExecutionOrchestrator.java:58)
	at org.junit.platform.launcher.core.EngineExecutionOrchestrator.withInterceptedStreams(EngineExecutionOrchestrator.java:141)
	at org.junit.platform.launcher.core.EngineExecutionOrchestrator.execute(EngineExecutionOrchestrator.java:57)
	at org.junit.platform.launcher.core.DefaultLauncher.execute(DefaultLauncher.java:103)
	at org.junit.platform.launcher.core.DefaultLauncher.execute(DefaultLauncher.java:85)
	at org.junit.platform.launcher.core.DelegatingLauncher.execute(DelegatingLauncher.java:47)
	at org.junit.platform.launcher.core.SessionPerRequestLauncher.execute(SessionPerRequestLauncher.java:63)
	at com.intellij.junit5.JUnit5IdeaTestRunner.startRunnerWithArgs(JUnit5IdeaTestRunner.java:57)
	at com.intellij.rt.junit.IdeaTestRunner$Repeater$1.execute(IdeaTestRunner.java:38)
	at com.intellij.rt.execution.junit.TestsRepeater.repeat(TestsRepeater.java:11)
	at com.intellij.rt.junit.IdeaTestRunner$Repeater.startRunnerWithArgs(IdeaTestRunner.java:35)
	at com.intellij.rt.junit.JUnitStarter.prepareStreamsAndStart(JUnitStarter.java:232)
	at com.intellij.rt.junit.JUnitStarter.main(JUnitStarter.java:55)
Caused by: org.openqa.selenium.NoSuchElementException: no such element: Unable to locate element: {"method":"css selector","selector":"mat-select span.mat-select-value-text"}
  (Session info: chrome=138.0.7204.157)
For documentation on this error, please visit: https://www.selenium.dev/documentation/webdriver/troubleshooting/errors#no-such-element-exception
Build info: version: '4.27.0', revision: 'd6e718d134'
System info: os.name: 'Windows 11', os.arch: 'amd64', os.version: '10.0', java.version: '21.0.3'
Driver info: org.openqa.selenium.chrome.ChromeDriver
Command: [1eeb808fb13659096a21d89c70c06f5e, findElement {value=mat-select span.mat-select-value-text, using=css selector}]
Capabilities {acceptInsecureCerts: false, browserName: chrome, browserVersion: 138.0.7204.157, chrome: {chromedriverVersion: 138.0.7204.157 (e533e98b126..., userDataDir: C:\Users\INGRID~1.ZAD\AppDa...}, fedcm:accounts: true, goog:chromeOptions: {debuggerAddress: localhost:53285}, networkConnectionEnabled: false, pageLoadStrategy: normal, platformName: windows, proxy: Proxy(), se:cdp: ws://localhost:53285/devtoo..., se:cdpVersion: 138.0.7204.157, setWindowRect: true, strictFileInteractability: false, timeouts: {implicit: 0, pageLoad: 300000, script: 30000}, unhandledPromptBehavior: dismiss and notify, webauthn:extension:credBlob: true, webauthn:extension:largeBlob: true, webauthn:extension:minPinLength: true, webauthn:extension:prf: true, webauthn:virtualAuthenticators: true}
Session ID: 1eeb808fb13659096a21d89c70c06f5e
	at java.base/jdk.internal.reflect.DirectConstructorHandleAccessor.newInstance(DirectConstructorHandleAccessor.java:62)
	at java.base/java.lang.reflect.Constructor.newInstanceWithCaller(Constructor.java:502)
	at java.base/java.lang.reflect.Constructor.newInstance(Constructor.java:486)
	at org.openqa.selenium.remote.ErrorCodec.decode(ErrorCodec.java:167)
	at org.openqa.selenium.remote.codec.w3c.W3CHttpResponseCodec.decode(W3CHttpResponseCodec.java:138)
	at org.openqa.selenium.remote.codec.w3c.W3CHttpResponseCodec.decode(W3CHttpResponseCodec.java:50)
	at org.openqa.selenium.remote.HttpCommandExecutor.execute(HttpCommandExecutor.java:190)
	at org.openqa.selenium.remote.service.DriverCommandExecutor.invokeExecute(DriverCommandExecutor.java:216)
	at org.openqa.selenium.remote.service.DriverCommandExecutor.execute(DriverCommandExecutor.java:174)
	at org.openqa.selenium.remote.RemoteWebDriver.execute(RemoteWebDriver.java:545)
	at org.openqa.selenium.remote.ElementLocation$ElementFinder$2.findElement(ElementLocation.java:165)
	at org.openqa.selenium.remote.ElementLocation.findElement(ElementLocation.java:59)
	at org.openqa.selenium.remote.RemoteWebDriver.findElement(RemoteWebDriver.java:368)
	at org.openqa.selenium.remote.RemoteWebDriver.findElement(RemoteWebDriver.java:362)
	at org.openqa.selenium.support.ui.ExpectedConditions$13.apply(ExpectedConditions.java:372)
	at org.openqa.selenium.support.ui.ExpectedConditions$13.apply(ExpectedConditions.java:368)
	at org.openqa.selenium.support.ui.FluentWait.until(FluentWait.java:203)
	... 70 common frames omitted
2025-07-18 14:19:42 [main] INFO  l.insoft.uztis.tests.utils.TestUtils - Screenshot moved to C:\Users\ingrida.zadorozniene\Desktop\Asm\UZTIS\UZTIS_tests\test-output\screenshots\20250718\141942755_testAddEvaluators_VUI_PVK().png
2025-07-18 14:27:18 [main] INFO  lt.insoft.uztis.tests.UztisPageTest - Navigated to https://uztisdev.asseco.lt/home
2025-07-18 14:27:18 [main] INFO  l.i.u.t.SubmittedApplicationsPageTest - Starting test:'testAddEvaluators'
2025-07-18 14:27:19 [main] INFO  l.insoft.uztis.tests.utils.TestUtils - Login attempt with user: evaluation_chief
2025-07-18 14:27:19 [main] DEBUG l.i.u.t.SubmittedApplicationsPageTest - User logged in with test credentials
2025-07-18 14:27:19 [main] DEBUG l.i.u.t.SubmittedApplicationsPageTest - Opened 'Application Processing' menu.
2025-07-18 14:27:20 [main] DEBUG l.i.u.t.SubmittedApplicationsPageTest - Clicked on 'Application Forms' menu.
2025-07-18 14:27:20 [main] DEBUG l.i.u.t.SubmittedApplicationsPageTest - Retrieved last description code text: 'TST-VUI-48'.
2025-07-18 14:27:20 [main] DEBUG l.i.u.t.SubmittedApplicationsPageTest - Clicked on 'Invitation' menu.
2025-07-18 14:27:22 [main] DEBUG l.i.u.t.SubmittedApplicationsPageTest - Selected application section by code: 'TST-VUI-48'.
2025-07-18 14:27:22 [main] DEBUG l.i.u.t.SubmittedApplicationsPageTest - Clicked 'Search' button.
2025-07-18 14:27:22 [main] DEBUG l.i.u.t.SubmittedApplicationsPageTest - Retrieved invitation code: ''.
2025-07-18 14:27:23 [main] DEBUG l.i.u.t.SubmittedApplicationsPageTest - Clicked on 'Submitted Applications' menu.
2025-07-18 14:27:25 [main] DEBUG l.i.u.t.SubmittedApplicationsPageTest - Selected invitation by code: 'TST-VUI-48'.
2025-07-18 14:27:25 [main] DEBUG l.i.u.t.SubmittedApplicationsPageTest - Invitation code inserted.
2025-07-18 14:27:25 [main] DEBUG l.i.u.t.SubmittedApplicationsPageTest - Clicked on 'Action Application' button.
2025-07-18 14:27:25 [main] DEBUG l.i.u.t.SubmittedApplicationsPageTest - Clicked on 'Add Evaluators' button.
2025-07-18 14:27:26 [main] INFO  l.i.u.p.SubmittedApplicationsPage - Evaluator dropdown opened.
2025-07-18 14:27:26 [main] INFO  l.i.u.p.SubmittedApplicationsPage - Clicked on dropdown item with text: 'Adelė Kutienė'
2025-07-18 14:27:57 [main] ERROR l.i.u.p.SubmittedApplicationsPage - Failed in selectValueByListEvaluators: Expected condition failed: waiting for text ('Adelė Kutienė') to be present in element found by By.cssSelector: mat-select span.mat-select-value-text (tried for 30 second(s) with 500 milliseconds interval)
2025-07-18 14:27:57 [main] ERROR l.i.u.t.SubmittedApplicationsPageTest - Test 'testAddEvaluators' failed with error: Expected condition failed: waiting for text ('Adelė Kutienė') to be present in element found by By.cssSelector: mat-select span.mat-select-value-text (tried for 30 second(s) with 500 milliseconds interval)
org.openqa.selenium.TimeoutException: Expected condition failed: waiting for text ('Adelė Kutienė') to be present in element found by By.cssSelector: mat-select span.mat-select-value-text (tried for 30 second(s) with 500 milliseconds interval)
	at org.openqa.selenium.support.ui.WebDriverWait.timeoutException(WebDriverWait.java:84)
	at org.openqa.selenium.support.ui.FluentWait.until(FluentWait.java:228)
	at lt.insoft.uztis.pages.SubmittedApplicationsPage.selectValueByListEvaluators(SubmittedApplicationsPage.java:2056)
	at lt.insoft.uztis.tests.SubmittedApplicationsPageTest.testAddEvaluators_VUI_PVK(SubmittedApplicationsPageTest.java:559)
	at java.base/jdk.internal.reflect.DirectMethodHandleAccessor.invoke(DirectMethodHandleAccessor.java:103)
	at java.base/java.lang.reflect.Method.invoke(Method.java:580)
	at org.junit.platform.commons.util.ReflectionUtils.invokeMethod(ReflectionUtils.java:728)
	at org.junit.jupiter.engine.execution.MethodInvocation.proceed(MethodInvocation.java:60)
	at org.junit.jupiter.engine.execution.InvocationInterceptorChain$ValidatingInvocation.proceed(InvocationInterceptorChain.java:131)
	at org.junit.jupiter.engine.extension.TimeoutExtension.intercept(TimeoutExtension.java:156)
	at org.junit.jupiter.engine.extension.TimeoutExtension.interceptTestableMethod(TimeoutExtension.java:147)
	at org.junit.jupiter.engine.extension.TimeoutExtension.interceptTestMethod(TimeoutExtension.java:86)
	at org.junit.jupiter.engine.execution.InterceptingExecutableInvoker$ReflectiveInterceptorCall.lambda$ofVoidMethod$0(InterceptingExecutableInvoker.java:103)
	at org.junit.jupiter.engine.execution.InterceptingExecutableInvoker.lambda$invoke$0(InterceptingExecutableInvoker.java:93)
	at org.junit.jupiter.engine.execution.InvocationInterceptorChain$InterceptedInvocation.proceed(InvocationInterceptorChain.java:106)
	at org.junit.jupiter.engine.execution.InvocationInterceptorChain.proceed(InvocationInterceptorChain.java:64)
	at org.junit.jupiter.engine.execution.InvocationInterceptorChain.chainAndInvoke(InvocationInterceptorChain.java:45)
	at org.junit.jupiter.engine.execution.InvocationInterceptorChain.invoke(InvocationInterceptorChain.java:37)
	at org.junit.jupiter.engine.execution.InterceptingExecutableInvoker.invoke(InterceptingExecutableInvoker.java:92)
	at org.junit.jupiter.engine.execution.InterceptingExecutableInvoker.invoke(InterceptingExecutableInvoker.java:86)
	at org.junit.jupiter.engine.descriptor.TestMethodTestDescriptor.lambda$invokeTestMethod$7(TestMethodTestDescriptor.java:218)
	at org.junit.platform.engine.support.hierarchical.ThrowableCollector.execute(ThrowableCollector.java:73)
	at org.junit.jupiter.engine.descriptor.TestMethodTestDescriptor.invokeTestMethod(TestMethodTestDescriptor.java:214)
	at org.junit.jupiter.engine.descriptor.TestMethodTestDescriptor.execute(TestMethodTestDescriptor.java:139)
	at org.junit.jupiter.engine.descriptor.TestMethodTestDescriptor.execute(TestMethodTestDescriptor.java:69)
	at org.junit.platform.engine.support.hierarchical.NodeTestTask.lambda$executeRecursively$6(NodeTestTask.java:151)
	at org.junit.platform.engine.support.hierarchical.ThrowableCollector.execute(ThrowableCollector.java:73)
	at org.junit.platform.engine.support.hierarchical.NodeTestTask.lambda$executeRecursively$8(NodeTestTask.java:141)
	at org.junit.platform.engine.support.hierarchical.Node.around(Node.java:137)
	at org.junit.platform.engine.support.hierarchical.NodeTestTask.lambda$executeRecursively$9(NodeTestTask.java:139)
	at org.junit.platform.engine.support.hierarchical.ThrowableCollector.execute(ThrowableCollector.java:73)
	at org.junit.platform.engine.support.hierarchical.NodeTestTask.executeRecursively(NodeTestTask.java:138)
	at org.junit.platform.engine.support.hierarchical.NodeTestTask.execute(NodeTestTask.java:95)
	at java.base/java.util.ArrayList.forEach(ArrayList.java:1596)
	at org.junit.platform.engine.support.hierarchical.SameThreadHierarchicalTestExecutorService.invokeAll(SameThreadHierarchicalTestExecutorService.java:41)
	at org.junit.platform.engine.support.hierarchical.NodeTestTask.lambda$executeRecursively$6(NodeTestTask.java:155)
	at org.junit.platform.engine.support.hierarchical.ThrowableCollector.execute(ThrowableCollector.java:73)
	at org.junit.platform.engine.support.hierarchical.NodeTestTask.lambda$executeRecursively$8(NodeTestTask.java:141)
	at org.junit.platform.engine.support.hierarchical.Node.around(Node.java:137)
	at org.junit.platform.engine.support.hierarchical.NodeTestTask.lambda$executeRecursively$9(NodeTestTask.java:139)
	at org.junit.platform.engine.support.hierarchical.ThrowableCollector.execute(ThrowableCollector.java:73)
	at org.junit.platform.engine.support.hierarchical.NodeTestTask.executeRecursively(NodeTestTask.java:138)
	at org.junit.platform.engine.support.hierarchical.NodeTestTask.execute(NodeTestTask.java:95)
	at java.base/java.util.ArrayList.forEach(ArrayList.java:1596)
	at org.junit.platform.engine.support.hierarchical.SameThreadHierarchicalTestExecutorService.invokeAll(SameThreadHierarchicalTestExecutorService.java:41)
	at org.junit.platform.engine.support.hierarchical.NodeTestTask.lambda$executeRecursively$6(NodeTestTask.java:155)
	at org.junit.platform.engine.support.hierarchical.ThrowableCollector.execute(ThrowableCollector.java:73)
	at org.junit.platform.engine.support.hierarchical.NodeTestTask.lambda$executeRecursively$8(NodeTestTask.java:141)
	at org.junit.platform.engine.support.hierarchical.Node.around(Node.java:137)
	at org.junit.platform.engine.support.hierarchical.NodeTestTask.lambda$executeRecursively$9(NodeTestTask.java:139)
	at org.junit.platform.engine.support.hierarchical.ThrowableCollector.execute(ThrowableCollector.java:73)
	at org.junit.platform.engine.support.hierarchical.NodeTestTask.executeRecursively(NodeTestTask.java:138)
	at org.junit.platform.engine.support.hierarchical.NodeTestTask.execute(NodeTestTask.java:95)
	at org.junit.platform.engine.support.hierarchical.SameThreadHierarchicalTestExecutorService.submit(SameThreadHierarchicalTestExecutorService.java:35)
	at org.junit.platform.engine.support.hierarchical.HierarchicalTestExecutor.execute(HierarchicalTestExecutor.java:57)
	at org.junit.platform.engine.support.hierarchical.HierarchicalTestEngine.execute(HierarchicalTestEngine.java:54)
	at org.junit.platform.launcher.core.EngineExecutionOrchestrator.execute(EngineExecutionOrchestrator.java:198)
	at org.junit.platform.launcher.core.EngineExecutionOrchestrator.execute(EngineExecutionOrchestrator.java:169)
	at org.junit.platform.launcher.core.EngineExecutionOrchestrator.execute(EngineExecutionOrchestrator.java:93)
	at org.junit.platform.launcher.core.EngineExecutionOrchestrator.lambda$execute$0(EngineExecutionOrchestrator.java:58)
	at org.junit.platform.launcher.core.EngineExecutionOrchestrator.withInterceptedStreams(EngineExecutionOrchestrator.java:141)
	at org.junit.platform.launcher.core.EngineExecutionOrchestrator.execute(EngineExecutionOrchestrator.java:57)
	at org.junit.platform.launcher.core.DefaultLauncher.execute(DefaultLauncher.java:103)
	at org.junit.platform.launcher.core.DefaultLauncher.execute(DefaultLauncher.java:85)
	at org.junit.platform.launcher.core.DelegatingLauncher.execute(DelegatingLauncher.java:47)
	at org.junit.platform.launcher.core.SessionPerRequestLauncher.execute(SessionPerRequestLauncher.java:63)
	at com.intellij.junit5.JUnit5IdeaTestRunner.startRunnerWithArgs(JUnit5IdeaTestRunner.java:57)
	at com.intellij.rt.junit.IdeaTestRunner$Repeater$1.execute(IdeaTestRunner.java:38)
	at com.intellij.rt.execution.junit.TestsRepeater.repeat(TestsRepeater.java:11)
	at com.intellij.rt.junit.IdeaTestRunner$Repeater.startRunnerWithArgs(IdeaTestRunner.java:35)
	at com.intellij.rt.junit.JUnitStarter.prepareStreamsAndStart(JUnitStarter.java:232)
	at com.intellij.rt.junit.JUnitStarter.main(JUnitStarter.java:55)
Caused by: org.openqa.selenium.NoSuchElementException: no such element: Unable to locate element: {"method":"css selector","selector":"mat-select span.mat-select-value-text"}
  (Session info: chrome=138.0.7204.157)
For documentation on this error, please visit: https://www.selenium.dev/documentation/webdriver/troubleshooting/errors#no-such-element-exception
Build info: version: '4.27.0', revision: 'd6e718d134'
System info: os.name: 'Windows 11', os.arch: 'amd64', os.version: '10.0', java.version: '21.0.3'
Driver info: org.openqa.selenium.chrome.ChromeDriver
Command: [dd901445989246052044385b0ac9382d, findElement {using=css selector, value=mat-select span.mat-select-value-text}]
Capabilities {acceptInsecureCerts: false, browserName: chrome, browserVersion: 138.0.7204.157, chrome: {chromedriverVersion: 138.0.7204.157 (e533e98b126..., userDataDir: C:\Users\INGRID~1.ZAD\AppDa...}, fedcm:accounts: true, goog:chromeOptions: {debuggerAddress: localhost:53565}, networkConnectionEnabled: false, pageLoadStrategy: normal, platformName: windows, proxy: Proxy(), se:cdp: ws://localhost:53565/devtoo..., se:cdpVersion: 138.0.7204.157, setWindowRect: true, strictFileInteractability: false, timeouts: {implicit: 0, pageLoad: 300000, script: 30000}, unhandledPromptBehavior: dismiss and notify, webauthn:extension:credBlob: true, webauthn:extension:largeBlob: true, webauthn:extension:minPinLength: true, webauthn:extension:prf: true, webauthn:virtualAuthenticators: true}
Session ID: dd901445989246052044385b0ac9382d
	at java.base/jdk.internal.reflect.DirectConstructorHandleAccessor.newInstance(DirectConstructorHandleAccessor.java:62)
	at java.base/java.lang.reflect.Constructor.newInstanceWithCaller(Constructor.java:502)
	at java.base/java.lang.reflect.Constructor.newInstance(Constructor.java:486)
	at org.openqa.selenium.remote.ErrorCodec.decode(ErrorCodec.java:167)
	at org.openqa.selenium.remote.codec.w3c.W3CHttpResponseCodec.decode(W3CHttpResponseCodec.java:138)
	at org.openqa.selenium.remote.codec.w3c.W3CHttpResponseCodec.decode(W3CHttpResponseCodec.java:50)
	at org.openqa.selenium.remote.HttpCommandExecutor.execute(HttpCommandExecutor.java:190)
	at org.openqa.selenium.remote.service.DriverCommandExecutor.invokeExecute(DriverCommandExecutor.java:216)
	at org.openqa.selenium.remote.service.DriverCommandExecutor.execute(DriverCommandExecutor.java:174)
	at org.openqa.selenium.remote.RemoteWebDriver.execute(RemoteWebDriver.java:545)
	at org.openqa.selenium.remote.ElementLocation$ElementFinder$2.findElement(ElementLocation.java:165)
	at org.openqa.selenium.remote.ElementLocation.findElement(ElementLocation.java:59)
	at org.openqa.selenium.remote.RemoteWebDriver.findElement(RemoteWebDriver.java:368)
	at org.openqa.selenium.remote.RemoteWebDriver.findElement(RemoteWebDriver.java:362)
	at org.openqa.selenium.support.ui.ExpectedConditions$13.apply(ExpectedConditions.java:372)
	at org.openqa.selenium.support.ui.ExpectedConditions$13.apply(ExpectedConditions.java:368)
	at org.openqa.selenium.support.ui.FluentWait.until(FluentWait.java:203)
	... 70 common frames omitted
2025-07-18 14:27:58 [main] INFO  l.insoft.uztis.tests.utils.TestUtils - Screenshot moved to C:\Users\ingrida.zadorozniene\Desktop\Asm\UZTIS\UZTIS_tests\test-output\screenshots\20250718\142758144_testAddEvaluators_VUI_PVK().png
2025-07-18 14:33:59 [main] INFO  lt.insoft.uztis.tests.UztisPageTest - Navigated to https://uztisdev.asseco.lt/home
2025-07-18 14:33:59 [main] INFO  l.i.u.t.SubmittedApplicationsPageTest - Starting test:'testAddEvaluators'
2025-07-18 14:33:59 [main] INFO  l.insoft.uztis.tests.utils.TestUtils - Login attempt with user: evaluation_chief
2025-07-18 14:33:59 [main] DEBUG l.i.u.t.SubmittedApplicationsPageTest - User logged in with test credentials
2025-07-18 14:34:00 [main] DEBUG l.i.u.t.SubmittedApplicationsPageTest - Opened 'Application Processing' menu.
2025-07-18 14:34:00 [main] DEBUG l.i.u.t.SubmittedApplicationsPageTest - Clicked on 'Application Forms' menu.
2025-07-18 14:34:00 [main] DEBUG l.i.u.t.SubmittedApplicationsPageTest - Retrieved last description code text: 'TST-VUI-48'.
2025-07-18 14:34:00 [main] DEBUG l.i.u.t.SubmittedApplicationsPageTest - Clicked on 'Invitation' menu.
2025-07-18 14:34:02 [main] DEBUG l.i.u.t.SubmittedApplicationsPageTest - Selected application section by code: 'TST-VUI-48'.
2025-07-18 14:34:02 [main] DEBUG l.i.u.t.SubmittedApplicationsPageTest - Clicked 'Search' button.
2025-07-18 14:34:02 [main] DEBUG l.i.u.t.SubmittedApplicationsPageTest - Retrieved invitation code: ''.
2025-07-18 14:34:03 [main] DEBUG l.i.u.t.SubmittedApplicationsPageTest - Clicked on 'Submitted Applications' menu.
2025-07-18 14:34:04 [main] DEBUG l.i.u.t.SubmittedApplicationsPageTest - Selected invitation by code: 'TST-VUI-48'.
2025-07-18 14:34:04 [main] DEBUG l.i.u.t.SubmittedApplicationsPageTest - Invitation code inserted.
2025-07-18 14:34:05 [main] DEBUG l.i.u.t.SubmittedApplicationsPageTest - Clicked on 'Action Application' button.
2025-07-18 14:34:05 [main] DEBUG l.i.u.t.SubmittedApplicationsPageTest - Clicked on 'Add Evaluators' button.
2025-07-18 14:34:05 [main] INFO  l.i.u.p.SubmittedApplicationsPage - Evaluator dropdown opened.
2025-07-18 14:34:06 [main] INFO  l.i.u.p.SubmittedApplicationsPage - Clicked on dropdown item with text: 'Adelė Kutienė'
2025-07-18 14:34:37 [main] ERROR l.i.u.p.SubmittedApplicationsPage - Failed in selectValueByListEvaluators: Expected condition failed: waiting for text ('Adelė Kutienė') to be present in element found by By.cssSelector: mat-select span.mat-select-value-text (tried for 30 second(s) with 500 milliseconds interval)
2025-07-18 14:34:37 [main] ERROR l.i.u.t.SubmittedApplicationsPageTest - Test 'testAddEvaluators' failed with error: Expected condition failed: waiting for text ('Adelė Kutienė') to be present in element found by By.cssSelector: mat-select span.mat-select-value-text (tried for 30 second(s) with 500 milliseconds interval)
org.openqa.selenium.TimeoutException: Expected condition failed: waiting for text ('Adelė Kutienė') to be present in element found by By.cssSelector: mat-select span.mat-select-value-text (tried for 30 second(s) with 500 milliseconds interval)
	at org.openqa.selenium.support.ui.WebDriverWait.timeoutException(WebDriverWait.java:84)
	at org.openqa.selenium.support.ui.FluentWait.until(FluentWait.java:228)
	at lt.insoft.uztis.pages.SubmittedApplicationsPage.selectValueByListEvaluators(SubmittedApplicationsPage.java:2056)
	at lt.insoft.uztis.tests.SubmittedApplicationsPageTest.testAddEvaluators_VUI_PVK(SubmittedApplicationsPageTest.java:559)
	at java.base/jdk.internal.reflect.DirectMethodHandleAccessor.invoke(DirectMethodHandleAccessor.java:103)
	at java.base/java.lang.reflect.Method.invoke(Method.java:580)
	at org.junit.platform.commons.util.ReflectionUtils.invokeMethod(ReflectionUtils.java:728)
	at org.junit.jupiter.engine.execution.MethodInvocation.proceed(MethodInvocation.java:60)
	at org.junit.jupiter.engine.execution.InvocationInterceptorChain$ValidatingInvocation.proceed(InvocationInterceptorChain.java:131)
	at org.junit.jupiter.engine.extension.TimeoutExtension.intercept(TimeoutExtension.java:156)
	at org.junit.jupiter.engine.extension.TimeoutExtension.interceptTestableMethod(TimeoutExtension.java:147)
	at org.junit.jupiter.engine.extension.TimeoutExtension.interceptTestMethod(TimeoutExtension.java:86)
	at org.junit.jupiter.engine.execution.InterceptingExecutableInvoker$ReflectiveInterceptorCall.lambda$ofVoidMethod$0(InterceptingExecutableInvoker.java:103)
	at org.junit.jupiter.engine.execution.InterceptingExecutableInvoker.lambda$invoke$0(InterceptingExecutableInvoker.java:93)
	at org.junit.jupiter.engine.execution.InvocationInterceptorChain$InterceptedInvocation.proceed(InvocationInterceptorChain.java:106)
	at org.junit.jupiter.engine.execution.InvocationInterceptorChain.proceed(InvocationInterceptorChain.java:64)
	at org.junit.jupiter.engine.execution.InvocationInterceptorChain.chainAndInvoke(InvocationInterceptorChain.java:45)
	at org.junit.jupiter.engine.execution.InvocationInterceptorChain.invoke(InvocationInterceptorChain.java:37)
	at org.junit.jupiter.engine.execution.InterceptingExecutableInvoker.invoke(InterceptingExecutableInvoker.java:92)
	at org.junit.jupiter.engine.execution.InterceptingExecutableInvoker.invoke(InterceptingExecutableInvoker.java:86)
	at org.junit.jupiter.engine.descriptor.TestMethodTestDescriptor.lambda$invokeTestMethod$7(TestMethodTestDescriptor.java:218)
	at org.junit.platform.engine.support.hierarchical.ThrowableCollector.execute(ThrowableCollector.java:73)
	at org.junit.jupiter.engine.descriptor.TestMethodTestDescriptor.invokeTestMethod(TestMethodTestDescriptor.java:214)
	at org.junit.jupiter.engine.descriptor.TestMethodTestDescriptor.execute(TestMethodTestDescriptor.java:139)
	at org.junit.jupiter.engine.descriptor.TestMethodTestDescriptor.execute(TestMethodTestDescriptor.java:69)
	at org.junit.platform.engine.support.hierarchical.NodeTestTask.lambda$executeRecursively$6(NodeTestTask.java:151)
	at org.junit.platform.engine.support.hierarchical.ThrowableCollector.execute(ThrowableCollector.java:73)
	at org.junit.platform.engine.support.hierarchical.NodeTestTask.lambda$executeRecursively$8(NodeTestTask.java:141)
	at org.junit.platform.engine.support.hierarchical.Node.around(Node.java:137)
	at org.junit.platform.engine.support.hierarchical.NodeTestTask.lambda$executeRecursively$9(NodeTestTask.java:139)
	at org.junit.platform.engine.support.hierarchical.ThrowableCollector.execute(ThrowableCollector.java:73)
	at org.junit.platform.engine.support.hierarchical.NodeTestTask.executeRecursively(NodeTestTask.java:138)
	at org.junit.platform.engine.support.hierarchical.NodeTestTask.execute(NodeTestTask.java:95)
	at java.base/java.util.ArrayList.forEach(ArrayList.java:1596)
	at org.junit.platform.engine.support.hierarchical.SameThreadHierarchicalTestExecutorService.invokeAll(SameThreadHierarchicalTestExecutorService.java:41)
	at org.junit.platform.engine.support.hierarchical.NodeTestTask.lambda$executeRecursively$6(NodeTestTask.java:155)
	at org.junit.platform.engine.support.hierarchical.ThrowableCollector.execute(ThrowableCollector.java:73)
	at org.junit.platform.engine.support.hierarchical.NodeTestTask.lambda$executeRecursively$8(NodeTestTask.java:141)
	at org.junit.platform.engine.support.hierarchical.Node.around(Node.java:137)
	at org.junit.platform.engine.support.hierarchical.NodeTestTask.lambda$executeRecursively$9(NodeTestTask.java:139)
	at org.junit.platform.engine.support.hierarchical.ThrowableCollector.execute(ThrowableCollector.java:73)
	at org.junit.platform.engine.support.hierarchical.NodeTestTask.executeRecursively(NodeTestTask.java:138)
	at org.junit.platform.engine.support.hierarchical.NodeTestTask.execute(NodeTestTask.java:95)
	at java.base/java.util.ArrayList.forEach(ArrayList.java:1596)
	at org.junit.platform.engine.support.hierarchical.SameThreadHierarchicalTestExecutorService.invokeAll(SameThreadHierarchicalTestExecutorService.java:41)
	at org.junit.platform.engine.support.hierarchical.NodeTestTask.lambda$executeRecursively$6(NodeTestTask.java:155)
	at org.junit.platform.engine.support.hierarchical.ThrowableCollector.execute(ThrowableCollector.java:73)
	at org.junit.platform.engine.support.hierarchical.NodeTestTask.lambda$executeRecursively$8(NodeTestTask.java:141)
	at org.junit.platform.engine.support.hierarchical.Node.around(Node.java:137)
	at org.junit.platform.engine.support.hierarchical.NodeTestTask.lambda$executeRecursively$9(NodeTestTask.java:139)
	at org.junit.platform.engine.support.hierarchical.ThrowableCollector.execute(ThrowableCollector.java:73)
	at org.junit.platform.engine.support.hierarchical.NodeTestTask.executeRecursively(NodeTestTask.java:138)
	at org.junit.platform.engine.support.hierarchical.NodeTestTask.execute(NodeTestTask.java:95)
	at org.junit.platform.engine.support.hierarchical.SameThreadHierarchicalTestExecutorService.submit(SameThreadHierarchicalTestExecutorService.java:35)
	at org.junit.platform.engine.support.hierarchical.HierarchicalTestExecutor.execute(HierarchicalTestExecutor.java:57)
	at org.junit.platform.engine.support.hierarchical.HierarchicalTestEngine.execute(HierarchicalTestEngine.java:54)
	at org.junit.platform.launcher.core.EngineExecutionOrchestrator.execute(EngineExecutionOrchestrator.java:198)
	at org.junit.platform.launcher.core.EngineExecutionOrchestrator.execute(EngineExecutionOrchestrator.java:169)
	at org.junit.platform.launcher.core.EngineExecutionOrchestrator.execute(EngineExecutionOrchestrator.java:93)
	at org.junit.platform.launcher.core.EngineExecutionOrchestrator.lambda$execute$0(EngineExecutionOrchestrator.java:58)
	at org.junit.platform.launcher.core.EngineExecutionOrchestrator.withInterceptedStreams(EngineExecutionOrchestrator.java:141)
	at org.junit.platform.launcher.core.EngineExecutionOrchestrator.execute(EngineExecutionOrchestrator.java:57)
	at org.junit.platform.launcher.core.DefaultLauncher.execute(DefaultLauncher.java:103)
	at org.junit.platform.launcher.core.DefaultLauncher.execute(DefaultLauncher.java:85)
	at org.junit.platform.launcher.core.DelegatingLauncher.execute(DelegatingLauncher.java:47)
	at org.junit.platform.launcher.core.SessionPerRequestLauncher.execute(SessionPerRequestLauncher.java:63)
	at com.intellij.junit5.JUnit5IdeaTestRunner.startRunnerWithArgs(JUnit5IdeaTestRunner.java:57)
	at com.intellij.rt.junit.IdeaTestRunner$Repeater$1.execute(IdeaTestRunner.java:38)
	at com.intellij.rt.execution.junit.TestsRepeater.repeat(TestsRepeater.java:11)
	at com.intellij.rt.junit.IdeaTestRunner$Repeater.startRunnerWithArgs(IdeaTestRunner.java:35)
	at com.intellij.rt.junit.JUnitStarter.prepareStreamsAndStart(JUnitStarter.java:232)
	at com.intellij.rt.junit.JUnitStarter.main(JUnitStarter.java:55)
Caused by: org.openqa.selenium.NoSuchElementException: no such element: Unable to locate element: {"method":"css selector","selector":"mat-select span.mat-select-value-text"}
  (Session info: chrome=138.0.7204.157)
For documentation on this error, please visit: https://www.selenium.dev/documentation/webdriver/troubleshooting/errors#no-such-element-exception
Build info: version: '4.27.0', revision: 'd6e718d134'
System info: os.name: 'Windows 11', os.arch: 'amd64', os.version: '10.0', java.version: '21.0.3'
Driver info: org.openqa.selenium.chrome.ChromeDriver
Command: [1c34b8fedcea6f0fd5356703555fc115, findElement {value=mat-select span.mat-select-value-text, using=css selector}]
Capabilities {acceptInsecureCerts: false, browserName: chrome, browserVersion: 138.0.7204.157, chrome: {chromedriverVersion: 138.0.7204.157 (e533e98b126..., userDataDir: C:\Users\INGRID~1.ZAD\AppDa...}, fedcm:accounts: true, goog:chromeOptions: {debuggerAddress: localhost:53890}, networkConnectionEnabled: false, pageLoadStrategy: normal, platformName: windows, proxy: Proxy(), se:cdp: ws://localhost:53890/devtoo..., se:cdpVersion: 138.0.7204.157, setWindowRect: true, strictFileInteractability: false, timeouts: {implicit: 0, pageLoad: 300000, script: 30000}, unhandledPromptBehavior: dismiss and notify, webauthn:extension:credBlob: true, webauthn:extension:largeBlob: true, webauthn:extension:minPinLength: true, webauthn:extension:prf: true, webauthn:virtualAuthenticators: true}
Session ID: 1c34b8fedcea6f0fd5356703555fc115
	at java.base/jdk.internal.reflect.DirectConstructorHandleAccessor.newInstance(DirectConstructorHandleAccessor.java:62)
	at java.base/java.lang.reflect.Constructor.newInstanceWithCaller(Constructor.java:502)
	at java.base/java.lang.reflect.Constructor.newInstance(Constructor.java:486)
	at org.openqa.selenium.remote.ErrorCodec.decode(ErrorCodec.java:167)
	at org.openqa.selenium.remote.codec.w3c.W3CHttpResponseCodec.decode(W3CHttpResponseCodec.java:138)
	at org.openqa.selenium.remote.codec.w3c.W3CHttpResponseCodec.decode(W3CHttpResponseCodec.java:50)
	at org.openqa.selenium.remote.HttpCommandExecutor.execute(HttpCommandExecutor.java:190)
	at org.openqa.selenium.remote.service.DriverCommandExecutor.invokeExecute(DriverCommandExecutor.java:216)
	at org.openqa.selenium.remote.service.DriverCommandExecutor.execute(DriverCommandExecutor.java:174)
	at org.openqa.selenium.remote.RemoteWebDriver.execute(RemoteWebDriver.java:545)
	at org.openqa.selenium.remote.ElementLocation$ElementFinder$2.findElement(ElementLocation.java:165)
	at org.openqa.selenium.remote.ElementLocation.findElement(ElementLocation.java:59)
	at org.openqa.selenium.remote.RemoteWebDriver.findElement(RemoteWebDriver.java:368)
	at org.openqa.selenium.remote.RemoteWebDriver.findElement(RemoteWebDriver.java:362)
	at org.openqa.selenium.support.ui.ExpectedConditions$13.apply(ExpectedConditions.java:372)
	at org.openqa.selenium.support.ui.ExpectedConditions$13.apply(ExpectedConditions.java:368)
	at org.openqa.selenium.support.ui.FluentWait.until(FluentWait.java:203)
	... 70 common frames omitted
2025-07-18 14:34:37 [main] INFO  l.insoft.uztis.tests.utils.TestUtils - Screenshot moved to C:\Users\ingrida.zadorozniene\Desktop\Asm\UZTIS\UZTIS_tests\test-output\screenshots\20250718\143437487_testAddEvaluators_VUI_PVK().png
2025-07-18 14:36:25 [main] INFO  lt.insoft.uztis.tests.UztisPageTest - Navigated to https://uztisdev.asseco.lt/home
2025-07-18 14:36:25 [main] INFO  l.i.u.t.SubmittedApplicationsPageTest - Starting test:'testAddEvaluators'
2025-07-18 14:36:26 [main] INFO  l.insoft.uztis.tests.utils.TestUtils - Login attempt with user: evaluation_chief
2025-07-18 14:36:26 [main] DEBUG l.i.u.t.SubmittedApplicationsPageTest - User logged in with test credentials
2025-07-18 14:36:26 [main] DEBUG l.i.u.t.SubmittedApplicationsPageTest - Opened 'Application Processing' menu.
2025-07-18 14:36:27 [main] DEBUG l.i.u.t.SubmittedApplicationsPageTest - Clicked on 'Application Forms' menu.
2025-07-18 14:36:27 [main] DEBUG l.i.u.t.SubmittedApplicationsPageTest - Retrieved last description code text: 'TST-VUI-48'.
2025-07-18 14:36:27 [main] DEBUG l.i.u.t.SubmittedApplicationsPageTest - Clicked on 'Invitation' menu.
2025-07-18 14:36:29 [main] DEBUG l.i.u.t.SubmittedApplicationsPageTest - Selected application section by code: 'TST-VUI-48'.
2025-07-18 14:36:29 [main] DEBUG l.i.u.t.SubmittedApplicationsPageTest - Clicked 'Search' button.
2025-07-18 14:36:29 [main] DEBUG l.i.u.t.SubmittedApplicationsPageTest - Retrieved invitation code: ''.
2025-07-18 14:36:29 [main] DEBUG l.i.u.t.SubmittedApplicationsPageTest - Clicked on 'Submitted Applications' menu.
2025-07-18 14:36:31 [main] DEBUG l.i.u.t.SubmittedApplicationsPageTest - Selected invitation by code: 'TST-VUI-48'.
2025-07-18 14:36:31 [main] DEBUG l.i.u.t.SubmittedApplicationsPageTest - Invitation code inserted.
2025-07-18 14:36:31 [main] DEBUG l.i.u.t.SubmittedApplicationsPageTest - Clicked on 'Action Application' button.
2025-07-18 14:36:32 [main] DEBUG l.i.u.t.SubmittedApplicationsPageTest - Clicked on 'Add Evaluators' button.
2025-07-18 14:36:32 [main] INFO  l.i.u.p.SubmittedApplicationsPage - Evaluator dropdown opened.
2025-07-18 14:36:33 [main] INFO  l.i.u.p.SubmittedApplicationsPage - Clicked on dropdown item with text: 'Adelė Kutienė'
2025-07-18 14:37:04 [main] ERROR l.i.u.p.SubmittedApplicationsPage - Failed in selectValueByListEvaluators: Expected condition failed: waiting for text ('Adelė Kutienė') to be present in element found by By.cssSelector: mat-select span.mat-select-value-text (tried for 30 second(s) with 500 milliseconds interval)
2025-07-18 14:37:04 [main] ERROR l.i.u.t.SubmittedApplicationsPageTest - Test 'testAddEvaluators' failed with error: Expected condition failed: waiting for text ('Adelė Kutienė') to be present in element found by By.cssSelector: mat-select span.mat-select-value-text (tried for 30 second(s) with 500 milliseconds interval)
org.openqa.selenium.TimeoutException: Expected condition failed: waiting for text ('Adelė Kutienė') to be present in element found by By.cssSelector: mat-select span.mat-select-value-text (tried for 30 second(s) with 500 milliseconds interval)
	at org.openqa.selenium.support.ui.WebDriverWait.timeoutException(WebDriverWait.java:84)
	at org.openqa.selenium.support.ui.FluentWait.until(FluentWait.java:228)
	at lt.insoft.uztis.pages.SubmittedApplicationsPage.selectValueByListEvaluators(SubmittedApplicationsPage.java:2056)
	at lt.insoft.uztis.tests.SubmittedApplicationsPageTest.testAddEvaluators_VUI_PVK(SubmittedApplicationsPageTest.java:559)
	at java.base/jdk.internal.reflect.DirectMethodHandleAccessor.invoke(DirectMethodHandleAccessor.java:103)
	at java.base/java.lang.reflect.Method.invoke(Method.java:580)
	at org.junit.platform.commons.util.ReflectionUtils.invokeMethod(ReflectionUtils.java:728)
	at org.junit.jupiter.engine.execution.MethodInvocation.proceed(MethodInvocation.java:60)
	at org.junit.jupiter.engine.execution.InvocationInterceptorChain$ValidatingInvocation.proceed(InvocationInterceptorChain.java:131)
	at org.junit.jupiter.engine.extension.TimeoutExtension.intercept(TimeoutExtension.java:156)
	at org.junit.jupiter.engine.extension.TimeoutExtension.interceptTestableMethod(TimeoutExtension.java:147)
	at org.junit.jupiter.engine.extension.TimeoutExtension.interceptTestMethod(TimeoutExtension.java:86)
	at org.junit.jupiter.engine.execution.InterceptingExecutableInvoker$ReflectiveInterceptorCall.lambda$ofVoidMethod$0(InterceptingExecutableInvoker.java:103)
	at org.junit.jupiter.engine.execution.InterceptingExecutableInvoker.lambda$invoke$0(InterceptingExecutableInvoker.java:93)
	at org.junit.jupiter.engine.execution.InvocationInterceptorChain$InterceptedInvocation.proceed(InvocationInterceptorChain.java:106)
	at org.junit.jupiter.engine.execution.InvocationInterceptorChain.proceed(InvocationInterceptorChain.java:64)
	at org.junit.jupiter.engine.execution.InvocationInterceptorChain.chainAndInvoke(InvocationInterceptorChain.java:45)
	at org.junit.jupiter.engine.execution.InvocationInterceptorChain.invoke(InvocationInterceptorChain.java:37)
	at org.junit.jupiter.engine.execution.InterceptingExecutableInvoker.invoke(InterceptingExecutableInvoker.java:92)
	at org.junit.jupiter.engine.execution.InterceptingExecutableInvoker.invoke(InterceptingExecutableInvoker.java:86)
	at org.junit.jupiter.engine.descriptor.TestMethodTestDescriptor.lambda$invokeTestMethod$7(TestMethodTestDescriptor.java:218)
	at org.junit.platform.engine.support.hierarchical.ThrowableCollector.execute(ThrowableCollector.java:73)
	at org.junit.jupiter.engine.descriptor.TestMethodTestDescriptor.invokeTestMethod(TestMethodTestDescriptor.java:214)
	at org.junit.jupiter.engine.descriptor.TestMethodTestDescriptor.execute(TestMethodTestDescriptor.java:139)
	at org.junit.jupiter.engine.descriptor.TestMethodTestDescriptor.execute(TestMethodTestDescriptor.java:69)
	at org.junit.platform.engine.support.hierarchical.NodeTestTask.lambda$executeRecursively$6(NodeTestTask.java:151)
	at org.junit.platform.engine.support.hierarchical.ThrowableCollector.execute(ThrowableCollector.java:73)
	at org.junit.platform.engine.support.hierarchical.NodeTestTask.lambda$executeRecursively$8(NodeTestTask.java:141)
	at org.junit.platform.engine.support.hierarchical.Node.around(Node.java:137)
	at org.junit.platform.engine.support.hierarchical.NodeTestTask.lambda$executeRecursively$9(NodeTestTask.java:139)
	at org.junit.platform.engine.support.hierarchical.ThrowableCollector.execute(ThrowableCollector.java:73)
	at org.junit.platform.engine.support.hierarchical.NodeTestTask.executeRecursively(NodeTestTask.java:138)
	at org.junit.platform.engine.support.hierarchical.NodeTestTask.execute(NodeTestTask.java:95)
	at java.base/java.util.ArrayList.forEach(ArrayList.java:1596)
	at org.junit.platform.engine.support.hierarchical.SameThreadHierarchicalTestExecutorService.invokeAll(SameThreadHierarchicalTestExecutorService.java:41)
	at org.junit.platform.engine.support.hierarchical.NodeTestTask.lambda$executeRecursively$6(NodeTestTask.java:155)
	at org.junit.platform.engine.support.hierarchical.ThrowableCollector.execute(ThrowableCollector.java:73)
	at org.junit.platform.engine.support.hierarchical.NodeTestTask.lambda$executeRecursively$8(NodeTestTask.java:141)
	at org.junit.platform.engine.support.hierarchical.Node.around(Node.java:137)
	at org.junit.platform.engine.support.hierarchical.NodeTestTask.lambda$executeRecursively$9(NodeTestTask.java:139)
	at org.junit.platform.engine.support.hierarchical.ThrowableCollector.execute(ThrowableCollector.java:73)
	at org.junit.platform.engine.support.hierarchical.NodeTestTask.executeRecursively(NodeTestTask.java:138)
	at org.junit.platform.engine.support.hierarchical.NodeTestTask.execute(NodeTestTask.java:95)
	at java.base/java.util.ArrayList.forEach(ArrayList.java:1596)
	at org.junit.platform.engine.support.hierarchical.SameThreadHierarchicalTestExecutorService.invokeAll(SameThreadHierarchicalTestExecutorService.java:41)
	at org.junit.platform.engine.support.hierarchical.NodeTestTask.lambda$executeRecursively$6(NodeTestTask.java:155)
	at org.junit.platform.engine.support.hierarchical.ThrowableCollector.execute(ThrowableCollector.java:73)
	at org.junit.platform.engine.support.hierarchical.NodeTestTask.lambda$executeRecursively$8(NodeTestTask.java:141)
	at org.junit.platform.engine.support.hierarchical.Node.around(Node.java:137)
	at org.junit.platform.engine.support.hierarchical.NodeTestTask.lambda$executeRecursively$9(NodeTestTask.java:139)
	at org.junit.platform.engine.support.hierarchical.ThrowableCollector.execute(ThrowableCollector.java:73)
	at org.junit.platform.engine.support.hierarchical.NodeTestTask.executeRecursively(NodeTestTask.java:138)
	at org.junit.platform.engine.support.hierarchical.NodeTestTask.execute(NodeTestTask.java:95)
	at org.junit.platform.engine.support.hierarchical.SameThreadHierarchicalTestExecutorService.submit(SameThreadHierarchicalTestExecutorService.java:35)
	at org.junit.platform.engine.support.hierarchical.HierarchicalTestExecutor.execute(HierarchicalTestExecutor.java:57)
	at org.junit.platform.engine.support.hierarchical.HierarchicalTestEngine.execute(HierarchicalTestEngine.java:54)
	at org.junit.platform.launcher.core.EngineExecutionOrchestrator.execute(EngineExecutionOrchestrator.java:198)
	at org.junit.platform.launcher.core.EngineExecutionOrchestrator.execute(EngineExecutionOrchestrator.java:169)
	at org.junit.platform.launcher.core.EngineExecutionOrchestrator.execute(EngineExecutionOrchestrator.java:93)
	at org.junit.platform.launcher.core.EngineExecutionOrchestrator.lambda$execute$0(EngineExecutionOrchestrator.java:58)
	at org.junit.platform.launcher.core.EngineExecutionOrchestrator.withInterceptedStreams(EngineExecutionOrchestrator.java:141)
	at org.junit.platform.launcher.core.EngineExecutionOrchestrator.execute(EngineExecutionOrchestrator.java:57)
	at org.junit.platform.launcher.core.DefaultLauncher.execute(DefaultLauncher.java:103)
	at org.junit.platform.launcher.core.DefaultLauncher.execute(DefaultLauncher.java:85)
	at org.junit.platform.launcher.core.DelegatingLauncher.execute(DelegatingLauncher.java:47)
	at org.junit.platform.launcher.core.SessionPerRequestLauncher.execute(SessionPerRequestLauncher.java:63)
	at com.intellij.junit5.JUnit5IdeaTestRunner.startRunnerWithArgs(JUnit5IdeaTestRunner.java:57)
	at com.intellij.rt.junit.IdeaTestRunner$Repeater$1.execute(IdeaTestRunner.java:38)
	at com.intellij.rt.execution.junit.TestsRepeater.repeat(TestsRepeater.java:11)
	at com.intellij.rt.junit.IdeaTestRunner$Repeater.startRunnerWithArgs(IdeaTestRunner.java:35)
	at com.intellij.rt.junit.JUnitStarter.prepareStreamsAndStart(JUnitStarter.java:232)
	at com.intellij.rt.junit.JUnitStarter.main(JUnitStarter.java:55)
Caused by: org.openqa.selenium.NoSuchElementException: no such element: Unable to locate element: {"method":"css selector","selector":"mat-select span.mat-select-value-text"}
  (Session info: chrome=138.0.7204.157)
For documentation on this error, please visit: https://www.selenium.dev/documentation/webdriver/troubleshooting/errors#no-such-element-exception
Build info: version: '4.27.0', revision: 'd6e718d134'
System info: os.name: 'Windows 11', os.arch: 'amd64', os.version: '10.0', java.version: '21.0.3'
Driver info: org.openqa.selenium.chrome.ChromeDriver
Command: [67f4b062e69603494c74124f3eca1d34, findElement {value=mat-select span.mat-select-value-text, using=css selector}]
Capabilities {acceptInsecureCerts: false, browserName: chrome, browserVersion: 138.0.7204.157, chrome: {chromedriverVersion: 138.0.7204.157 (e533e98b126..., userDataDir: C:\Users\INGRID~1.ZAD\AppDa...}, fedcm:accounts: true, goog:chromeOptions: {debuggerAddress: localhost:53987}, networkConnectionEnabled: false, pageLoadStrategy: normal, platformName: windows, proxy: Proxy(), se:cdp: ws://localhost:53987/devtoo..., se:cdpVersion: 138.0.7204.157, setWindowRect: true, strictFileInteractability: false, timeouts: {implicit: 0, pageLoad: 300000, script: 30000}, unhandledPromptBehavior: dismiss and notify, webauthn:extension:credBlob: true, webauthn:extension:largeBlob: true, webauthn:extension:minPinLength: true, webauthn:extension:prf: true, webauthn:virtualAuthenticators: true}
Session ID: 67f4b062e69603494c74124f3eca1d34
	at java.base/jdk.internal.reflect.DirectConstructorHandleAccessor.newInstance(DirectConstructorHandleAccessor.java:62)
	at java.base/java.lang.reflect.Constructor.newInstanceWithCaller(Constructor.java:502)
	at java.base/java.lang.reflect.Constructor.newInstance(Constructor.java:486)
	at org.openqa.selenium.remote.ErrorCodec.decode(ErrorCodec.java:167)
	at org.openqa.selenium.remote.codec.w3c.W3CHttpResponseCodec.decode(W3CHttpResponseCodec.java:138)
	at org.openqa.selenium.remote.codec.w3c.W3CHttpResponseCodec.decode(W3CHttpResponseCodec.java:50)
	at org.openqa.selenium.remote.HttpCommandExecutor.execute(HttpCommandExecutor.java:190)
	at org.openqa.selenium.remote.service.DriverCommandExecutor.invokeExecute(DriverCommandExecutor.java:216)
	at org.openqa.selenium.remote.service.DriverCommandExecutor.execute(DriverCommandExecutor.java:174)
	at org.openqa.selenium.remote.RemoteWebDriver.execute(RemoteWebDriver.java:545)
	at org.openqa.selenium.remote.ElementLocation$ElementFinder$2.findElement(ElementLocation.java:165)
	at org.openqa.selenium.remote.ElementLocation.findElement(ElementLocation.java:59)
	at org.openqa.selenium.remote.RemoteWebDriver.findElement(RemoteWebDriver.java:368)
	at org.openqa.selenium.remote.RemoteWebDriver.findElement(RemoteWebDriver.java:362)
	at org.openqa.selenium.support.ui.ExpectedConditions$13.apply(ExpectedConditions.java:372)
	at org.openqa.selenium.support.ui.ExpectedConditions$13.apply(ExpectedConditions.java:368)
	at org.openqa.selenium.support.ui.FluentWait.until(FluentWait.java:203)
	... 70 common frames omitted
2025-07-18 14:37:04 [main] INFO  l.insoft.uztis.tests.utils.TestUtils - Screenshot moved to C:\Users\ingrida.zadorozniene\Desktop\Asm\UZTIS\UZTIS_tests\test-output\screenshots\20250718\143704315_testAddEvaluators_VUI_PVK().png
2025-07-18 14:39:27 [main] INFO  lt.insoft.uztis.tests.UztisPageTest - Navigated to https://uztisdev.asseco.lt/home
2025-07-18 14:39:27 [main] INFO  l.i.u.t.SubmittedApplicationsPageTest - Starting test:'testAddEvaluators'
2025-07-18 14:39:28 [main] INFO  l.insoft.uztis.tests.utils.TestUtils - Login attempt with user: evaluation_chief
2025-07-18 14:39:28 [main] DEBUG l.i.u.t.SubmittedApplicationsPageTest - User logged in with test credentials
2025-07-18 14:39:29 [main] DEBUG l.i.u.t.SubmittedApplicationsPageTest - Opened 'Application Processing' menu.
2025-07-18 14:39:29 [main] DEBUG l.i.u.t.SubmittedApplicationsPageTest - Clicked on 'Application Forms' menu.
2025-07-18 14:39:29 [main] DEBUG l.i.u.t.SubmittedApplicationsPageTest - Retrieved last description code text: 'TST-VUI-48'.
2025-07-18 14:39:29 [main] DEBUG l.i.u.t.SubmittedApplicationsPageTest - Clicked on 'Invitation' menu.
2025-07-18 14:39:31 [main] DEBUG l.i.u.t.SubmittedApplicationsPageTest - Selected application section by code: 'TST-VUI-48'.
2025-07-18 14:39:31 [main] DEBUG l.i.u.t.SubmittedApplicationsPageTest - Clicked 'Search' button.
2025-07-18 14:39:31 [main] DEBUG l.i.u.t.SubmittedApplicationsPageTest - Retrieved invitation code: ''.
2025-07-18 14:39:31 [main] DEBUG l.i.u.t.SubmittedApplicationsPageTest - Clicked on 'Submitted Applications' menu.
2025-07-18 14:39:33 [main] DEBUG l.i.u.t.SubmittedApplicationsPageTest - Selected invitation by code: 'TST-VUI-48'.
2025-07-18 14:39:33 [main] DEBUG l.i.u.t.SubmittedApplicationsPageTest - Invitation code inserted.
2025-07-18 14:39:33 [main] DEBUG l.i.u.t.SubmittedApplicationsPageTest - Clicked on 'Action Application' button.
2025-07-18 14:39:34 [main] DEBUG l.i.u.t.SubmittedApplicationsPageTest - Clicked on 'Add Evaluators' button.
2025-07-18 14:39:34 [main] INFO  l.i.u.p.SubmittedApplicationsPage - Evaluator dropdown opened.
2025-07-18 14:39:35 [main] INFO  l.i.u.p.SubmittedApplicationsPage - Clicked on dropdown item with text: 'Adelė Kutienė'
2025-07-18 14:40:06 [main] ERROR l.i.u.p.SubmittedApplicationsPage - Failed in selectValueByListEvaluators: Expected condition failed: waiting for text ('Adelė Kutienė') to be present in element found by By.cssSelector: mat-select span.mat-select-value-text (tried for 30 second(s) with 500 milliseconds interval)
2025-07-18 14:40:06 [main] ERROR l.i.u.t.SubmittedApplicationsPageTest - Test 'testAddEvaluators' failed with error: Expected condition failed: waiting for text ('Adelė Kutienė') to be present in element found by By.cssSelector: mat-select span.mat-select-value-text (tried for 30 second(s) with 500 milliseconds interval)
org.openqa.selenium.TimeoutException: Expected condition failed: waiting for text ('Adelė Kutienė') to be present in element found by By.cssSelector: mat-select span.mat-select-value-text (tried for 30 second(s) with 500 milliseconds interval)
	at org.openqa.selenium.support.ui.WebDriverWait.timeoutException(WebDriverWait.java:84)
	at org.openqa.selenium.support.ui.FluentWait.until(FluentWait.java:228)
	at lt.insoft.uztis.pages.SubmittedApplicationsPage.selectValueByListEvaluators(SubmittedApplicationsPage.java:2056)
	at lt.insoft.uztis.tests.SubmittedApplicationsPageTest.testAddEvaluators_VUI_PVK(SubmittedApplicationsPageTest.java:559)
	at java.base/jdk.internal.reflect.DirectMethodHandleAccessor.invoke(DirectMethodHandleAccessor.java:103)
	at java.base/java.lang.reflect.Method.invoke(Method.java:580)
	at org.junit.platform.commons.util.ReflectionUtils.invokeMethod(ReflectionUtils.java:728)
	at org.junit.jupiter.engine.execution.MethodInvocation.proceed(MethodInvocation.java:60)
	at org.junit.jupiter.engine.execution.InvocationInterceptorChain$ValidatingInvocation.proceed(InvocationInterceptorChain.java:131)
	at org.junit.jupiter.engine.extension.TimeoutExtension.intercept(TimeoutExtension.java:156)
	at org.junit.jupiter.engine.extension.TimeoutExtension.interceptTestableMethod(TimeoutExtension.java:147)
	at org.junit.jupiter.engine.extension.TimeoutExtension.interceptTestMethod(TimeoutExtension.java:86)
	at org.junit.jupiter.engine.execution.InterceptingExecutableInvoker$ReflectiveInterceptorCall.lambda$ofVoidMethod$0(InterceptingExecutableInvoker.java:103)
	at org.junit.jupiter.engine.execution.InterceptingExecutableInvoker.lambda$invoke$0(InterceptingExecutableInvoker.java:93)
	at org.junit.jupiter.engine.execution.InvocationInterceptorChain$InterceptedInvocation.proceed(InvocationInterceptorChain.java:106)
	at org.junit.jupiter.engine.execution.InvocationInterceptorChain.proceed(InvocationInterceptorChain.java:64)
	at org.junit.jupiter.engine.execution.InvocationInterceptorChain.chainAndInvoke(InvocationInterceptorChain.java:45)
	at org.junit.jupiter.engine.execution.InvocationInterceptorChain.invoke(InvocationInterceptorChain.java:37)
	at org.junit.jupiter.engine.execution.InterceptingExecutableInvoker.invoke(InterceptingExecutableInvoker.java:92)
	at org.junit.jupiter.engine.execution.InterceptingExecutableInvoker.invoke(InterceptingExecutableInvoker.java:86)
	at org.junit.jupiter.engine.descriptor.TestMethodTestDescriptor.lambda$invokeTestMethod$7(TestMethodTestDescriptor.java:218)
	at org.junit.platform.engine.support.hierarchical.ThrowableCollector.execute(ThrowableCollector.java:73)
	at org.junit.jupiter.engine.descriptor.TestMethodTestDescriptor.invokeTestMethod(TestMethodTestDescriptor.java:214)
	at org.junit.jupiter.engine.descriptor.TestMethodTestDescriptor.execute(TestMethodTestDescriptor.java:139)
	at org.junit.jupiter.engine.descriptor.TestMethodTestDescriptor.execute(TestMethodTestDescriptor.java:69)
	at org.junit.platform.engine.support.hierarchical.NodeTestTask.lambda$executeRecursively$6(NodeTestTask.java:151)
	at org.junit.platform.engine.support.hierarchical.ThrowableCollector.execute(ThrowableCollector.java:73)
	at org.junit.platform.engine.support.hierarchical.NodeTestTask.lambda$executeRecursively$8(NodeTestTask.java:141)
	at org.junit.platform.engine.support.hierarchical.Node.around(Node.java:137)
	at org.junit.platform.engine.support.hierarchical.NodeTestTask.lambda$executeRecursively$9(NodeTestTask.java:139)
	at org.junit.platform.engine.support.hierarchical.ThrowableCollector.execute(ThrowableCollector.java:73)
	at org.junit.platform.engine.support.hierarchical.NodeTestTask.executeRecursively(NodeTestTask.java:138)
	at org.junit.platform.engine.support.hierarchical.NodeTestTask.execute(NodeTestTask.java:95)
	at java.base/java.util.ArrayList.forEach(ArrayList.java:1596)
	at org.junit.platform.engine.support.hierarchical.SameThreadHierarchicalTestExecutorService.invokeAll(SameThreadHierarchicalTestExecutorService.java:41)
	at org.junit.platform.engine.support.hierarchical.NodeTestTask.lambda$executeRecursively$6(NodeTestTask.java:155)
	at org.junit.platform.engine.support.hierarchical.ThrowableCollector.execute(ThrowableCollector.java:73)
	at org.junit.platform.engine.support.hierarchical.NodeTestTask.lambda$executeRecursively$8(NodeTestTask.java:141)
	at org.junit.platform.engine.support.hierarchical.Node.around(Node.java:137)
	at org.junit.platform.engine.support.hierarchical.NodeTestTask.lambda$executeRecursively$9(NodeTestTask.java:139)
	at org.junit.platform.engine.support.hierarchical.ThrowableCollector.execute(ThrowableCollector.java:73)
	at org.junit.platform.engine.support.hierarchical.NodeTestTask.executeRecursively(NodeTestTask.java:138)
	at org.junit.platform.engine.support.hierarchical.NodeTestTask.execute(NodeTestTask.java:95)
	at java.base/java.util.ArrayList.forEach(ArrayList.java:1596)
	at org.junit.platform.engine.support.hierarchical.SameThreadHierarchicalTestExecutorService.invokeAll(SameThreadHierarchicalTestExecutorService.java:41)
	at org.junit.platform.engine.support.hierarchical.NodeTestTask.lambda$executeRecursively$6(NodeTestTask.java:155)
	at org.junit.platform.engine.support.hierarchical.ThrowableCollector.execute(ThrowableCollector.java:73)
	at org.junit.platform.engine.support.hierarchical.NodeTestTask.lambda$executeRecursively$8(NodeTestTask.java:141)
	at org.junit.platform.engine.support.hierarchical.Node.around(Node.java:137)
	at org.junit.platform.engine.support.hierarchical.NodeTestTask.lambda$executeRecursively$9(NodeTestTask.java:139)
	at org.junit.platform.engine.support.hierarchical.ThrowableCollector.execute(ThrowableCollector.java:73)
	at org.junit.platform.engine.support.hierarchical.NodeTestTask.executeRecursively(NodeTestTask.java:138)
	at org.junit.platform.engine.support.hierarchical.NodeTestTask.execute(NodeTestTask.java:95)
	at org.junit.platform.engine.support.hierarchical.SameThreadHierarchicalTestExecutorService.submit(SameThreadHierarchicalTestExecutorService.java:35)
	at org.junit.platform.engine.support.hierarchical.HierarchicalTestExecutor.execute(HierarchicalTestExecutor.java:57)
	at org.junit.platform.engine.support.hierarchical.HierarchicalTestEngine.execute(HierarchicalTestEngine.java:54)
	at org.junit.platform.launcher.core.EngineExecutionOrchestrator.execute(EngineExecutionOrchestrator.java:198)
	at org.junit.platform.launcher.core.EngineExecutionOrchestrator.execute(EngineExecutionOrchestrator.java:169)
	at org.junit.platform.launcher.core.EngineExecutionOrchestrator.execute(EngineExecutionOrchestrator.java:93)
	at org.junit.platform.launcher.core.EngineExecutionOrchestrator.lambda$execute$0(EngineExecutionOrchestrator.java:58)
	at org.junit.platform.launcher.core.EngineExecutionOrchestrator.withInterceptedStreams(EngineExecutionOrchestrator.java:141)
	at org.junit.platform.launcher.core.EngineExecutionOrchestrator.execute(EngineExecutionOrchestrator.java:57)
	at org.junit.platform.launcher.core.DefaultLauncher.execute(DefaultLauncher.java:103)
	at org.junit.platform.launcher.core.DefaultLauncher.execute(DefaultLauncher.java:85)
	at org.junit.platform.launcher.core.DelegatingLauncher.execute(DelegatingLauncher.java:47)
	at org.junit.platform.launcher.core.SessionPerRequestLauncher.execute(SessionPerRequestLauncher.java:63)
	at com.intellij.junit5.JUnit5IdeaTestRunner.startRunnerWithArgs(JUnit5IdeaTestRunner.java:57)
	at com.intellij.rt.junit.IdeaTestRunner$Repeater$1.execute(IdeaTestRunner.java:38)
	at com.intellij.rt.execution.junit.TestsRepeater.repeat(TestsRepeater.java:11)
	at com.intellij.rt.junit.IdeaTestRunner$Repeater.startRunnerWithArgs(IdeaTestRunner.java:35)
	at com.intellij.rt.junit.JUnitStarter.prepareStreamsAndStart(JUnitStarter.java:232)
	at com.intellij.rt.junit.JUnitStarter.main(JUnitStarter.java:55)
Caused by: org.openqa.selenium.NoSuchElementException: no such element: Unable to locate element: {"method":"css selector","selector":"mat-select span.mat-select-value-text"}
  (Session info: chrome=138.0.7204.157)
For documentation on this error, please visit: https://www.selenium.dev/documentation/webdriver/troubleshooting/errors#no-such-element-exception
Build info: version: '4.27.0', revision: 'd6e718d134'
System info: os.name: 'Windows 11', os.arch: 'amd64', os.version: '10.0', java.version: '21.0.3'
Driver info: org.openqa.selenium.chrome.ChromeDriver
Command: [05f17cee4731e85df8a5cafa88d3eb8b, findElement {value=mat-select span.mat-select-value-text, using=css selector}]
Capabilities {acceptInsecureCerts: false, browserName: chrome, browserVersion: 138.0.7204.157, chrome: {chromedriverVersion: 138.0.7204.157 (e533e98b126..., userDataDir: C:\Users\INGRID~1.ZAD\AppDa...}, fedcm:accounts: true, goog:chromeOptions: {debuggerAddress: localhost:54117}, networkConnectionEnabled: false, pageLoadStrategy: normal, platformName: windows, proxy: Proxy(), se:cdp: ws://localhost:54117/devtoo..., se:cdpVersion: 138.0.7204.157, setWindowRect: true, strictFileInteractability: false, timeouts: {implicit: 0, pageLoad: 300000, script: 30000}, unhandledPromptBehavior: dismiss and notify, webauthn:extension:credBlob: true, webauthn:extension:largeBlob: true, webauthn:extension:minPinLength: true, webauthn:extension:prf: true, webauthn:virtualAuthenticators: true}
Session ID: 05f17cee4731e85df8a5cafa88d3eb8b
	at java.base/jdk.internal.reflect.DirectConstructorHandleAccessor.newInstance(DirectConstructorHandleAccessor.java:62)
	at java.base/java.lang.reflect.Constructor.newInstanceWithCaller(Constructor.java:502)
	at java.base/java.lang.reflect.Constructor.newInstance(Constructor.java:486)
	at org.openqa.selenium.remote.ErrorCodec.decode(ErrorCodec.java:167)
	at org.openqa.selenium.remote.codec.w3c.W3CHttpResponseCodec.decode(W3CHttpResponseCodec.java:138)
	at org.openqa.selenium.remote.codec.w3c.W3CHttpResponseCodec.decode(W3CHttpResponseCodec.java:50)
	at org.openqa.selenium.remote.HttpCommandExecutor.execute(HttpCommandExecutor.java:190)
	at org.openqa.selenium.remote.service.DriverCommandExecutor.invokeExecute(DriverCommandExecutor.java:216)
	at org.openqa.selenium.remote.service.DriverCommandExecutor.execute(DriverCommandExecutor.java:174)
	at org.openqa.selenium.remote.RemoteWebDriver.execute(RemoteWebDriver.java:545)
	at org.openqa.selenium.remote.ElementLocation$ElementFinder$2.findElement(ElementLocation.java:165)
	at org.openqa.selenium.remote.ElementLocation.findElement(ElementLocation.java:59)
	at org.openqa.selenium.remote.RemoteWebDriver.findElement(RemoteWebDriver.java:368)
	at org.openqa.selenium.remote.RemoteWebDriver.findElement(RemoteWebDriver.java:362)
	at org.openqa.selenium.support.ui.ExpectedConditions$13.apply(ExpectedConditions.java:372)
	at org.openqa.selenium.support.ui.ExpectedConditions$13.apply(ExpectedConditions.java:368)
	at org.openqa.selenium.support.ui.FluentWait.until(FluentWait.java:203)
	... 70 common frames omitted
2025-07-18 14:40:06 [main] INFO  l.insoft.uztis.tests.utils.TestUtils - Screenshot moved to C:\Users\ingrida.zadorozniene\Desktop\Asm\UZTIS\UZTIS_tests\test-output\screenshots\20250718\144006364_testAddEvaluators_VUI_PVK().png
2025-07-18 14:46:21 [main] INFO  lt.insoft.uztis.tests.UztisPageTest - Navigated to https://uztisdev.asseco.lt/home
2025-07-18 14:46:22 [main] INFO  l.i.u.t.SubmittedApplicationsPageTest - Starting test:'testAddEvaluators'
2025-07-18 14:46:22 [main] INFO  l.insoft.uztis.tests.utils.TestUtils - Login attempt with user: evaluation_chief
2025-07-18 14:46:22 [main] DEBUG l.i.u.t.SubmittedApplicationsPageTest - User logged in with test credentials
2025-07-18 14:46:23 [main] DEBUG l.i.u.t.SubmittedApplicationsPageTest - Opened 'Application Processing' menu.
2025-07-18 14:46:23 [main] DEBUG l.i.u.t.SubmittedApplicationsPageTest - Clicked on 'Application Forms' menu.
2025-07-18 14:46:23 [main] DEBUG l.i.u.t.SubmittedApplicationsPageTest - Retrieved last description code text: 'TST-VUI-48'.
2025-07-18 14:46:23 [main] DEBUG l.i.u.t.SubmittedApplicationsPageTest - Clicked on 'Invitation' menu.
2025-07-18 14:46:25 [main] DEBUG l.i.u.t.SubmittedApplicationsPageTest - Selected application section by code: 'TST-VUI-48'.
2025-07-18 14:46:25 [main] DEBUG l.i.u.t.SubmittedApplicationsPageTest - Clicked 'Search' button.
2025-07-18 14:46:26 [main] DEBUG l.i.u.t.SubmittedApplicationsPageTest - Retrieved invitation code: ''.
2025-07-18 14:46:26 [main] DEBUG l.i.u.t.SubmittedApplicationsPageTest - Clicked on 'Submitted Applications' menu.
2025-07-18 14:46:28 [main] DEBUG l.i.u.t.SubmittedApplicationsPageTest - Selected invitation by code: 'TST-VUI-48'.
2025-07-18 14:46:28 [main] DEBUG l.i.u.t.SubmittedApplicationsPageTest - Invitation code inserted.
2025-07-18 14:46:28 [main] DEBUG l.i.u.t.SubmittedApplicationsPageTest - Clicked on 'Action Application' button.
2025-07-18 14:46:28 [main] DEBUG l.i.u.t.SubmittedApplicationsPageTest - Clicked on 'Add Evaluators' button.
2025-07-18 14:46:28 [main] INFO  l.i.u.p.SubmittedApplicationsPage - Evaluator dropdown opened.
2025-07-18 14:46:29 [main] INFO  l.i.u.p.SubmittedApplicationsPage - Clicked on dropdown item with text: 'Adelė Kutienė'
2025-07-18 14:47:00 [main] ERROR l.i.u.p.SubmittedApplicationsPage - Failed in selectValueByListEvaluators: Expected condition failed: waiting for text ('Adelė Kutienė') to be present in element found by By.cssSelector: mat-select span.mat-select-value-text (tried for 30 second(s) with 500 milliseconds interval)
2025-07-18 14:47:00 [main] ERROR l.i.u.t.SubmittedApplicationsPageTest - Test 'testAddEvaluators' failed with error: Expected condition failed: waiting for text ('Adelė Kutienė') to be present in element found by By.cssSelector: mat-select span.mat-select-value-text (tried for 30 second(s) with 500 milliseconds interval)
org.openqa.selenium.TimeoutException: Expected condition failed: waiting for text ('Adelė Kutienė') to be present in element found by By.cssSelector: mat-select span.mat-select-value-text (tried for 30 second(s) with 500 milliseconds interval)
	at org.openqa.selenium.support.ui.WebDriverWait.timeoutException(WebDriverWait.java:84)
	at org.openqa.selenium.support.ui.FluentWait.until(FluentWait.java:228)
	at lt.insoft.uztis.pages.SubmittedApplicationsPage.selectValueByListEvaluators(SubmittedApplicationsPage.java:2090)
	at lt.insoft.uztis.tests.SubmittedApplicationsPageTest.testAddEvaluators_VUI_PVK(SubmittedApplicationsPageTest.java:559)
	at java.base/jdk.internal.reflect.DirectMethodHandleAccessor.invoke(DirectMethodHandleAccessor.java:103)
	at java.base/java.lang.reflect.Method.invoke(Method.java:580)
	at org.junit.platform.commons.util.ReflectionUtils.invokeMethod(ReflectionUtils.java:728)
	at org.junit.jupiter.engine.execution.MethodInvocation.proceed(MethodInvocation.java:60)
	at org.junit.jupiter.engine.execution.InvocationInterceptorChain$ValidatingInvocation.proceed(InvocationInterceptorChain.java:131)
	at org.junit.jupiter.engine.extension.TimeoutExtension.intercept(TimeoutExtension.java:156)
	at org.junit.jupiter.engine.extension.TimeoutExtension.interceptTestableMethod(TimeoutExtension.java:147)
	at org.junit.jupiter.engine.extension.TimeoutExtension.interceptTestMethod(TimeoutExtension.java:86)
	at org.junit.jupiter.engine.execution.InterceptingExecutableInvoker$ReflectiveInterceptorCall.lambda$ofVoidMethod$0(InterceptingExecutableInvoker.java:103)
	at org.junit.jupiter.engine.execution.InterceptingExecutableInvoker.lambda$invoke$0(InterceptingExecutableInvoker.java:93)
	at org.junit.jupiter.engine.execution.InvocationInterceptorChain$InterceptedInvocation.proceed(InvocationInterceptorChain.java:106)
	at org.junit.jupiter.engine.execution.InvocationInterceptorChain.proceed(InvocationInterceptorChain.java:64)
	at org.junit.jupiter.engine.execution.InvocationInterceptorChain.chainAndInvoke(InvocationInterceptorChain.java:45)
	at org.junit.jupiter.engine.execution.InvocationInterceptorChain.invoke(InvocationInterceptorChain.java:37)
	at org.junit.jupiter.engine.execution.InterceptingExecutableInvoker.invoke(InterceptingExecutableInvoker.java:92)
	at org.junit.jupiter.engine.execution.InterceptingExecutableInvoker.invoke(InterceptingExecutableInvoker.java:86)
	at org.junit.jupiter.engine.descriptor.TestMethodTestDescriptor.lambda$invokeTestMethod$7(TestMethodTestDescriptor.java:218)
	at org.junit.platform.engine.support.hierarchical.ThrowableCollector.execute(ThrowableCollector.java:73)
	at org.junit.jupiter.engine.descriptor.TestMethodTestDescriptor.invokeTestMethod(TestMethodTestDescriptor.java:214)
	at org.junit.jupiter.engine.descriptor.TestMethodTestDescriptor.execute(TestMethodTestDescriptor.java:139)
	at org.junit.jupiter.engine.descriptor.TestMethodTestDescriptor.execute(TestMethodTestDescriptor.java:69)
	at org.junit.platform.engine.support.hierarchical.NodeTestTask.lambda$executeRecursively$6(NodeTestTask.java:151)
	at org.junit.platform.engine.support.hierarchical.ThrowableCollector.execute(ThrowableCollector.java:73)
	at org.junit.platform.engine.support.hierarchical.NodeTestTask.lambda$executeRecursively$8(NodeTestTask.java:141)
	at org.junit.platform.engine.support.hierarchical.Node.around(Node.java:137)
	at org.junit.platform.engine.support.hierarchical.NodeTestTask.lambda$executeRecursively$9(NodeTestTask.java:139)
	at org.junit.platform.engine.support.hierarchical.ThrowableCollector.execute(ThrowableCollector.java:73)
	at org.junit.platform.engine.support.hierarchical.NodeTestTask.executeRecursively(NodeTestTask.java:138)
	at org.junit.platform.engine.support.hierarchical.NodeTestTask.execute(NodeTestTask.java:95)
	at java.base/java.util.ArrayList.forEach(ArrayList.java:1596)
	at org.junit.platform.engine.support.hierarchical.SameThreadHierarchicalTestExecutorService.invokeAll(SameThreadHierarchicalTestExecutorService.java:41)
	at org.junit.platform.engine.support.hierarchical.NodeTestTask.lambda$executeRecursively$6(NodeTestTask.java:155)
	at org.junit.platform.engine.support.hierarchical.ThrowableCollector.execute(ThrowableCollector.java:73)
	at org.junit.platform.engine.support.hierarchical.NodeTestTask.lambda$executeRecursively$8(NodeTestTask.java:141)
	at org.junit.platform.engine.support.hierarchical.Node.around(Node.java:137)
	at org.junit.platform.engine.support.hierarchical.NodeTestTask.lambda$executeRecursively$9(NodeTestTask.java:139)
	at org.junit.platform.engine.support.hierarchical.ThrowableCollector.execute(ThrowableCollector.java:73)
	at org.junit.platform.engine.support.hierarchical.NodeTestTask.executeRecursively(NodeTestTask.java:138)
	at org.junit.platform.engine.support.hierarchical.NodeTestTask.execute(NodeTestTask.java:95)
	at java.base/java.util.ArrayList.forEach(ArrayList.java:1596)
	at org.junit.platform.engine.support.hierarchical.SameThreadHierarchicalTestExecutorService.invokeAll(SameThreadHierarchicalTestExecutorService.java:41)
	at org.junit.platform.engine.support.hierarchical.NodeTestTask.lambda$executeRecursively$6(NodeTestTask.java:155)
	at org.junit.platform.engine.support.hierarchical.ThrowableCollector.execute(ThrowableCollector.java:73)
	at org.junit.platform.engine.support.hierarchical.NodeTestTask.lambda$executeRecursively$8(NodeTestTask.java:141)
	at org.junit.platform.engine.support.hierarchical.Node.around(Node.java:137)
	at org.junit.platform.engine.support.hierarchical.NodeTestTask.lambda$executeRecursively$9(NodeTestTask.java:139)
	at org.junit.platform.engine.support.hierarchical.ThrowableCollector.execute(ThrowableCollector.java:73)
	at org.junit.platform.engine.support.hierarchical.NodeTestTask.executeRecursively(NodeTestTask.java:138)
	at org.junit.platform.engine.support.hierarchical.NodeTestTask.execute(NodeTestTask.java:95)
	at org.junit.platform.engine.support.hierarchical.SameThreadHierarchicalTestExecutorService.submit(SameThreadHierarchicalTestExecutorService.java:35)
	at org.junit.platform.engine.support.hierarchical.HierarchicalTestExecutor.execute(HierarchicalTestExecutor.java:57)
	at org.junit.platform.engine.support.hierarchical.HierarchicalTestEngine.execute(HierarchicalTestEngine.java:54)
	at org.junit.platform.launcher.core.EngineExecutionOrchestrator.execute(EngineExecutionOrchestrator.java:198)
	at org.junit.platform.launcher.core.EngineExecutionOrchestrator.execute(EngineExecutionOrchestrator.java:169)
	at org.junit.platform.launcher.core.EngineExecutionOrchestrator.execute(EngineExecutionOrchestrator.java:93)
	at org.junit.platform.launcher.core.EngineExecutionOrchestrator.lambda$execute$0(EngineExecutionOrchestrator.java:58)
	at org.junit.platform.launcher.core.EngineExecutionOrchestrator.withInterceptedStreams(EngineExecutionOrchestrator.java:141)
	at org.junit.platform.launcher.core.EngineExecutionOrchestrator.execute(EngineExecutionOrchestrator.java:57)
	at org.junit.platform.launcher.core.DefaultLauncher.execute(DefaultLauncher.java:103)
	at org.junit.platform.launcher.core.DefaultLauncher.execute(DefaultLauncher.java:85)
	at org.junit.platform.launcher.core.DelegatingLauncher.execute(DelegatingLauncher.java:47)
	at org.junit.platform.launcher.core.SessionPerRequestLauncher.execute(SessionPerRequestLauncher.java:63)
	at com.intellij.junit5.JUnit5IdeaTestRunner.startRunnerWithArgs(JUnit5IdeaTestRunner.java:57)
	at com.intellij.rt.junit.IdeaTestRunner$Repeater$1.execute(IdeaTestRunner.java:38)
	at com.intellij.rt.execution.junit.TestsRepeater.repeat(TestsRepeater.java:11)
	at com.intellij.rt.junit.IdeaTestRunner$Repeater.startRunnerWithArgs(IdeaTestRunner.java:35)
	at com.intellij.rt.junit.JUnitStarter.prepareStreamsAndStart(JUnitStarter.java:232)
	at com.intellij.rt.junit.JUnitStarter.main(JUnitStarter.java:55)
Caused by: org.openqa.selenium.NoSuchElementException: no such element: Unable to locate element: {"method":"css selector","selector":"mat-select span.mat-select-value-text"}
  (Session info: chrome=138.0.7204.157)
For documentation on this error, please visit: https://www.selenium.dev/documentation/webdriver/troubleshooting/errors#no-such-element-exception
Build info: version: '4.27.0', revision: 'd6e718d134'
System info: os.name: 'Windows 11', os.arch: 'amd64', os.version: '10.0', java.version: '21.0.3'
Driver info: org.openqa.selenium.chrome.ChromeDriver
Command: [a0fc7f03cc8b933366a7f8fc12f5bebb, findElement {using=css selector, value=mat-select span.mat-select-value-text}]
Capabilities {acceptInsecureCerts: false, browserName: chrome, browserVersion: 138.0.7204.157, chrome: {chromedriverVersion: 138.0.7204.157 (e533e98b126..., userDataDir: C:\Users\INGRID~1.ZAD\AppDa...}, fedcm:accounts: true, goog:chromeOptions: {debuggerAddress: localhost:54386}, networkConnectionEnabled: false, pageLoadStrategy: normal, platformName: windows, proxy: Proxy(), se:cdp: ws://localhost:54386/devtoo..., se:cdpVersion: 138.0.7204.157, setWindowRect: true, strictFileInteractability: false, timeouts: {implicit: 0, pageLoad: 300000, script: 30000}, unhandledPromptBehavior: dismiss and notify, webauthn:extension:credBlob: true, webauthn:extension:largeBlob: true, webauthn:extension:minPinLength: true, webauthn:extension:prf: true, webauthn:virtualAuthenticators: true}
Session ID: a0fc7f03cc8b933366a7f8fc12f5bebb
	at java.base/jdk.internal.reflect.DirectConstructorHandleAccessor.newInstance(DirectConstructorHandleAccessor.java:62)
	at java.base/java.lang.reflect.Constructor.newInstanceWithCaller(Constructor.java:502)
	at java.base/java.lang.reflect.Constructor.newInstance(Constructor.java:486)
	at org.openqa.selenium.remote.ErrorCodec.decode(ErrorCodec.java:167)
	at org.openqa.selenium.remote.codec.w3c.W3CHttpResponseCodec.decode(W3CHttpResponseCodec.java:138)
	at org.openqa.selenium.remote.codec.w3c.W3CHttpResponseCodec.decode(W3CHttpResponseCodec.java:50)
	at org.openqa.selenium.remote.HttpCommandExecutor.execute(HttpCommandExecutor.java:190)
	at org.openqa.selenium.remote.service.DriverCommandExecutor.invokeExecute(DriverCommandExecutor.java:216)
	at org.openqa.selenium.remote.service.DriverCommandExecutor.execute(DriverCommandExecutor.java:174)
	at org.openqa.selenium.remote.RemoteWebDriver.execute(RemoteWebDriver.java:545)
	at org.openqa.selenium.remote.ElementLocation$ElementFinder$2.findElement(ElementLocation.java:165)
	at org.openqa.selenium.remote.ElementLocation.findElement(ElementLocation.java:59)
	at org.openqa.selenium.remote.RemoteWebDriver.findElement(RemoteWebDriver.java:368)
	at org.openqa.selenium.remote.RemoteWebDriver.findElement(RemoteWebDriver.java:362)
	at org.openqa.selenium.support.ui.ExpectedConditions$13.apply(ExpectedConditions.java:372)
	at org.openqa.selenium.support.ui.ExpectedConditions$13.apply(ExpectedConditions.java:368)
	at org.openqa.selenium.support.ui.FluentWait.until(FluentWait.java:203)
	... 70 common frames omitted
2025-07-18 14:47:01 [main] INFO  l.insoft.uztis.tests.utils.TestUtils - Screenshot moved to C:\Users\ingrida.zadorozniene\Desktop\Asm\UZTIS\UZTIS_tests\test-output\screenshots\20250718\144701114_testAddEvaluators_VUI_PVK().png
2025-07-18 14:48:36 [main] INFO  lt.insoft.uztis.tests.UztisPageTest - Navigated to https://uztisdev.asseco.lt/home
2025-07-18 14:48:36 [main] INFO  l.i.u.t.SubmittedApplicationsPageTest - Starting test:'testAddEvaluators'
2025-07-18 14:48:36 [main] INFO  l.insoft.uztis.tests.utils.TestUtils - Login attempt with user: evaluation_chief
2025-07-18 14:48:36 [main] DEBUG l.i.u.t.SubmittedApplicationsPageTest - User logged in with test credentials
2025-07-18 14:48:37 [main] DEBUG l.i.u.t.SubmittedApplicationsPageTest - Opened 'Application Processing' menu.
2025-07-18 14:48:37 [main] DEBUG l.i.u.t.SubmittedApplicationsPageTest - Clicked on 'Application Forms' menu.
2025-07-18 14:48:38 [main] DEBUG l.i.u.t.SubmittedApplicationsPageTest - Retrieved last description code text: 'TST-VUI-48'.
2025-07-18 14:48:38 [main] DEBUG l.i.u.t.SubmittedApplicationsPageTest - Clicked on 'Invitation' menu.
2025-07-18 14:48:40 [main] DEBUG l.i.u.t.SubmittedApplicationsPageTest - Selected application section by code: 'TST-VUI-48'.
2025-07-18 14:48:40 [main] DEBUG l.i.u.t.SubmittedApplicationsPageTest - Clicked 'Search' button.
2025-07-18 14:48:40 [main] DEBUG l.i.u.t.SubmittedApplicationsPageTest - Retrieved invitation code: ''.
2025-07-18 14:48:40 [main] DEBUG l.i.u.t.SubmittedApplicationsPageTest - Clicked on 'Submitted Applications' menu.
2025-07-18 14:48:42 [main] DEBUG l.i.u.t.SubmittedApplicationsPageTest - Selected invitation by code: 'TST-VUI-48'.
2025-07-18 14:48:42 [main] DEBUG l.i.u.t.SubmittedApplicationsPageTest - Invitation code inserted.
2025-07-18 14:48:43 [main] DEBUG l.i.u.t.SubmittedApplicationsPageTest - Clicked on 'Action Application' button.
2025-07-18 14:48:43 [main] DEBUG l.i.u.t.SubmittedApplicationsPageTest - Clicked on 'Add Evaluators' button.
2025-07-18 14:48:43 [main] INFO  l.i.u.p.SubmittedApplicationsPage - Evaluator dropdown opened.
2025-07-18 14:48:44 [main] INFO  l.i.u.p.SubmittedApplicationsPage - Clicked on dropdown item with text: 'Adelė Kutienė'
2025-07-18 14:48:44 [main] DEBUG l.i.u.t.SubmittedApplicationsPageTest - Selected a value from the 'Evaluator' dropdown: 'Adelė Kutienė'
2025-07-18 14:48:44 [main] INFO  l.i.u.p.SubmittedApplicationsPage - Evaluator dropdown opened.
2025-07-18 14:48:45 [main] INFO  l.i.u.p.SubmittedApplicationsPage - Clicked on dropdown item with text: 'Adelė Kutienė'
2025-07-18 14:48:55 [main] ERROR l.i.u.t.SubmittedApplicationsPageTest - Test 'testAddEvaluators' failed with error: Test failed: no such element: Unable to locate element: {"method":"xpath","selector":"//mat-option[@aria-selected='true']//span[contains(@class, 'area-center')]"}
  (Session info: chrome=138.0.7204.157)
For documentation on this error, please visit: https://www.selenium.dev/documentation/webdriver/troubleshooting/errors#no-such-element-exception
Build info: version: '4.27.0', revision: 'd6e718d134'
System info: os.name: 'Windows 11', os.arch: 'amd64', os.version: '10.0', java.version: '21.0.3'
Driver info: org.openqa.selenium.chrome.ChromeDriver
Command: [730f256b7a39ea96d9080bb858fa08f6, findElement {value=//mat-option[@aria-selected='true']//span[contains(@class, 'area-center')], using=xpath}]
Capabilities {acceptInsecureCerts: false, browserName: chrome, browserVersion: 138.0.7204.157, chrome: {chromedriverVersion: 138.0.7204.157 (e533e98b126..., userDataDir: C:\Users\INGRID~1.ZAD\AppDa...}, fedcm:accounts: true, goog:chromeOptions: {debuggerAddress: localhost:54484}, networkConnectionEnabled: false, pageLoadStrategy: normal, platformName: windows, proxy: Proxy(), se:cdp: ws://localhost:54484/devtoo..., se:cdpVersion: 138.0.7204.157, setWindowRect: true, strictFileInteractability: false, timeouts: {implicit: 0, pageLoad: 300000, script: 30000}, unhandledPromptBehavior: dismiss and notify, webauthn:extension:credBlob: true, webauthn:extension:largeBlob: true, webauthn:extension:minPinLength: true, webauthn:extension:prf: true, webauthn:virtualAuthenticators: true}
Session ID: 730f256b7a39ea96d9080bb858fa08f6
java.lang.AssertionError: Test failed: no such element: Unable to locate element: {"method":"xpath","selector":"//mat-option[@aria-selected='true']//span[contains(@class, 'area-center')]"}
  (Session info: chrome=138.0.7204.157)
For documentation on this error, please visit: https://www.selenium.dev/documentation/webdriver/troubleshooting/errors#no-such-element-exception
Build info: version: '4.27.0', revision: 'd6e718d134'
System info: os.name: 'Windows 11', os.arch: 'amd64', os.version: '10.0', java.version: '21.0.3'
Driver info: org.openqa.selenium.chrome.ChromeDriver
Command: [730f256b7a39ea96d9080bb858fa08f6, findElement {value=//mat-option[@aria-selected='true']//span[contains(@class, 'area-center')], using=xpath}]
Capabilities {acceptInsecureCerts: false, browserName: chrome, browserVersion: 138.0.7204.157, chrome: {chromedriverVersion: 138.0.7204.157 (e533e98b126..., userDataDir: C:\Users\INGRID~1.ZAD\AppDa...}, fedcm:accounts: true, goog:chromeOptions: {debuggerAddress: localhost:54484}, networkConnectionEnabled: false, pageLoadStrategy: normal, platformName: windows, proxy: Proxy(), se:cdp: ws://localhost:54484/devtoo..., se:cdpVersion: 138.0.7204.157, setWindowRect: true, strictFileInteractability: false, timeouts: {implicit: 0, pageLoad: 300000, script: 30000}, unhandledPromptBehavior: dismiss and notify, webauthn:extension:credBlob: true, webauthn:extension:largeBlob: true, webauthn:extension:minPinLength: true, webauthn:extension:prf: true, webauthn:virtualAuthenticators: true}
Session ID: 730f256b7a39ea96d9080bb858fa08f6
	at org.testng.Assert.fail(Assert.java:110)
	at lt.insoft.uztis.tests.SubmittedApplicationsPageTest.testAddEvaluators_VUI_PVK(SubmittedApplicationsPageTest.java:579)
	at java.base/jdk.internal.reflect.DirectMethodHandleAccessor.invoke(DirectMethodHandleAccessor.java:103)
	at java.base/java.lang.reflect.Method.invoke(Method.java:580)
	at org.junit.platform.commons.util.ReflectionUtils.invokeMethod(ReflectionUtils.java:728)
	at org.junit.jupiter.engine.execution.MethodInvocation.proceed(MethodInvocation.java:60)
	at org.junit.jupiter.engine.execution.InvocationInterceptorChain$ValidatingInvocation.proceed(InvocationInterceptorChain.java:131)
	at org.junit.jupiter.engine.extension.TimeoutExtension.intercept(TimeoutExtension.java:156)
	at org.junit.jupiter.engine.extension.TimeoutExtension.interceptTestableMethod(TimeoutExtension.java:147)
	at org.junit.jupiter.engine.extension.TimeoutExtension.interceptTestMethod(TimeoutExtension.java:86)
	at org.junit.jupiter.engine.execution.InterceptingExecutableInvoker$ReflectiveInterceptorCall.lambda$ofVoidMethod$0(InterceptingExecutableInvoker.java:103)
	at org.junit.jupiter.engine.execution.InterceptingExecutableInvoker.lambda$invoke$0(InterceptingExecutableInvoker.java:93)
	at org.junit.jupiter.engine.execution.InvocationInterceptorChain$InterceptedInvocation.proceed(InvocationInterceptorChain.java:106)
	at org.junit.jupiter.engine.execution.InvocationInterceptorChain.proceed(InvocationInterceptorChain.java:64)
	at org.junit.jupiter.engine.execution.InvocationInterceptorChain.chainAndInvoke(InvocationInterceptorChain.java:45)
	at org.junit.jupiter.engine.execution.InvocationInterceptorChain.invoke(InvocationInterceptorChain.java:37)
	at org.junit.jupiter.engine.execution.InterceptingExecutableInvoker.invoke(InterceptingExecutableInvoker.java:92)
	at org.junit.jupiter.engine.execution.InterceptingExecutableInvoker.invoke(InterceptingExecutableInvoker.java:86)
	at org.junit.jupiter.engine.descriptor.TestMethodTestDescriptor.lambda$invokeTestMethod$7(TestMethodTestDescriptor.java:218)
	at org.junit.platform.engine.support.hierarchical.ThrowableCollector.execute(ThrowableCollector.java:73)
	at org.junit.jupiter.engine.descriptor.TestMethodTestDescriptor.invokeTestMethod(TestMethodTestDescriptor.java:214)
	at org.junit.jupiter.engine.descriptor.TestMethodTestDescriptor.execute(TestMethodTestDescriptor.java:139)
	at org.junit.jupiter.engine.descriptor.TestMethodTestDescriptor.execute(TestMethodTestDescriptor.java:69)
	at org.junit.platform.engine.support.hierarchical.NodeTestTask.lambda$executeRecursively$6(NodeTestTask.java:151)
	at org.junit.platform.engine.support.hierarchical.ThrowableCollector.execute(ThrowableCollector.java:73)
	at org.junit.platform.engine.support.hierarchical.NodeTestTask.lambda$executeRecursively$8(NodeTestTask.java:141)
	at org.junit.platform.engine.support.hierarchical.Node.around(Node.java:137)
	at org.junit.platform.engine.support.hierarchical.NodeTestTask.lambda$executeRecursively$9(NodeTestTask.java:139)
	at org.junit.platform.engine.support.hierarchical.ThrowableCollector.execute(ThrowableCollector.java:73)
	at org.junit.platform.engine.support.hierarchical.NodeTestTask.executeRecursively(NodeTestTask.java:138)
	at org.junit.platform.engine.support.hierarchical.NodeTestTask.execute(NodeTestTask.java:95)
	at java.base/java.util.ArrayList.forEach(ArrayList.java:1596)
	at org.junit.platform.engine.support.hierarchical.SameThreadHierarchicalTestExecutorService.invokeAll(SameThreadHierarchicalTestExecutorService.java:41)
	at org.junit.platform.engine.support.hierarchical.NodeTestTask.lambda$executeRecursively$6(NodeTestTask.java:155)
	at org.junit.platform.engine.support.hierarchical.ThrowableCollector.execute(ThrowableCollector.java:73)
	at org.junit.platform.engine.support.hierarchical.NodeTestTask.lambda$executeRecursively$8(NodeTestTask.java:141)
	at org.junit.platform.engine.support.hierarchical.Node.around(Node.java:137)
	at org.junit.platform.engine.support.hierarchical.NodeTestTask.lambda$executeRecursively$9(NodeTestTask.java:139)
	at org.junit.platform.engine.support.hierarchical.ThrowableCollector.execute(ThrowableCollector.java:73)
	at org.junit.platform.engine.support.hierarchical.NodeTestTask.executeRecursively(NodeTestTask.java:138)
	at org.junit.platform.engine.support.hierarchical.NodeTestTask.execute(NodeTestTask.java:95)
	at java.base/java.util.ArrayList.forEach(ArrayList.java:1596)
	at org.junit.platform.engine.support.hierarchical.SameThreadHierarchicalTestExecutorService.invokeAll(SameThreadHierarchicalTestExecutorService.java:41)
	at org.junit.platform.engine.support.hierarchical.NodeTestTask.lambda$executeRecursively$6(NodeTestTask.java:155)
	at org.junit.platform.engine.support.hierarchical.ThrowableCollector.execute(ThrowableCollector.java:73)
	at org.junit.platform.engine.support.hierarchical.NodeTestTask.lambda$executeRecursively$8(NodeTestTask.java:141)
	at org.junit.platform.engine.support.hierarchical.Node.around(Node.java:137)
	at org.junit.platform.engine.support.hierarchical.NodeTestTask.lambda$executeRecursively$9(NodeTestTask.java:139)
	at org.junit.platform.engine.support.hierarchical.ThrowableCollector.execute(ThrowableCollector.java:73)
	at org.junit.platform.engine.support.hierarchical.NodeTestTask.executeRecursively(NodeTestTask.java:138)
	at org.junit.platform.engine.support.hierarchical.NodeTestTask.execute(NodeTestTask.java:95)
	at org.junit.platform.engine.support.hierarchical.SameThreadHierarchicalTestExecutorService.submit(SameThreadHierarchicalTestExecutorService.java:35)
	at org.junit.platform.engine.support.hierarchical.HierarchicalTestExecutor.execute(HierarchicalTestExecutor.java:57)
	at org.junit.platform.engine.support.hierarchical.HierarchicalTestEngine.execute(HierarchicalTestEngine.java:54)
	at org.junit.platform.launcher.core.EngineExecutionOrchestrator.execute(EngineExecutionOrchestrator.java:198)
	at org.junit.platform.launcher.core.EngineExecutionOrchestrator.execute(EngineExecutionOrchestrator.java:169)
	at org.junit.platform.launcher.core.EngineExecutionOrchestrator.execute(EngineExecutionOrchestrator.java:93)
	at org.junit.platform.launcher.core.EngineExecutionOrchestrator.lambda$execute$0(EngineExecutionOrchestrator.java:58)
	at org.junit.platform.launcher.core.EngineExecutionOrchestrator.withInterceptedStreams(EngineExecutionOrchestrator.java:141)
	at org.junit.platform.launcher.core.EngineExecutionOrchestrator.execute(EngineExecutionOrchestrator.java:57)
	at org.junit.platform.launcher.core.DefaultLauncher.execute(DefaultLauncher.java:103)
	at org.junit.platform.launcher.core.DefaultLauncher.execute(DefaultLauncher.java:85)
	at org.junit.platform.launcher.core.DelegatingLauncher.execute(DelegatingLauncher.java:47)
	at org.junit.platform.launcher.core.SessionPerRequestLauncher.execute(SessionPerRequestLauncher.java:63)
	at com.intellij.junit5.JUnit5IdeaTestRunner.startRunnerWithArgs(JUnit5IdeaTestRunner.java:57)
	at com.intellij.rt.junit.IdeaTestRunner$Repeater$1.execute(IdeaTestRunner.java:38)
	at com.intellij.rt.execution.junit.TestsRepeater.repeat(TestsRepeater.java:11)
	at com.intellij.rt.junit.IdeaTestRunner$Repeater.startRunnerWithArgs(IdeaTestRunner.java:35)
	at com.intellij.rt.junit.JUnitStarter.prepareStreamsAndStart(JUnitStarter.java:232)
	at com.intellij.rt.junit.JUnitStarter.main(JUnitStarter.java:55)
2025-07-18 14:48:55 [main] INFO  l.insoft.uztis.tests.utils.TestUtils - Screenshot moved to C:\Users\ingrida.zadorozniene\Desktop\Asm\UZTIS\UZTIS_tests\test-output\screenshots\20250718\144855695_testAddEvaluators_VUI_PVK().png
2025-07-18 14:53:30 [main] INFO  lt.insoft.uztis.tests.UztisPageTest - Navigated to https://uztisdev.asseco.lt/home
2025-07-18 14:53:30 [main] INFO  l.i.u.t.SubmittedApplicationsPageTest - Starting test:'testAddEvaluators'
2025-07-18 14:53:31 [main] INFO  l.insoft.uztis.tests.utils.TestUtils - Login attempt with user: evaluation_chief
2025-07-18 14:53:31 [main] DEBUG l.i.u.t.SubmittedApplicationsPageTest - User logged in with test credentials
2025-07-18 14:53:32 [main] DEBUG l.i.u.t.SubmittedApplicationsPageTest - Opened 'Application Processing' menu.
2025-07-18 14:53:32 [main] DEBUG l.i.u.t.SubmittedApplicationsPageTest - Clicked on 'Application Forms' menu.
2025-07-18 14:53:32 [main] DEBUG l.i.u.t.SubmittedApplicationsPageTest - Retrieved last description code text: 'TST-VUI-48'.
2025-07-18 14:53:32 [main] DEBUG l.i.u.t.SubmittedApplicationsPageTest - Clicked on 'Invitation' menu.
2025-07-18 14:53:34 [main] DEBUG l.i.u.t.SubmittedApplicationsPageTest - Selected application section by code: 'TST-VUI-48'.
2025-07-18 14:53:35 [main] DEBUG l.i.u.t.SubmittedApplicationsPageTest - Clicked 'Search' button.
2025-07-18 14:53:35 [main] DEBUG l.i.u.t.SubmittedApplicationsPageTest - Retrieved invitation code: ''.
2025-07-18 14:53:35 [main] DEBUG l.i.u.t.SubmittedApplicationsPageTest - Clicked on 'Submitted Applications' menu.
2025-07-18 14:53:37 [main] DEBUG l.i.u.t.SubmittedApplicationsPageTest - Selected invitation by code: 'TST-VUI-48'.
2025-07-18 14:53:37 [main] DEBUG l.i.u.t.SubmittedApplicationsPageTest - Invitation code inserted.
2025-07-18 14:53:37 [main] DEBUG l.i.u.t.SubmittedApplicationsPageTest - Clicked on 'Action Application' button.
2025-07-18 14:53:37 [main] DEBUG l.i.u.t.SubmittedApplicationsPageTest - Clicked on 'Add Evaluators' button.
2025-07-18 14:53:38 [main] INFO  l.i.u.p.SubmittedApplicationsPage - Evaluator dropdown opened.
2025-07-18 14:53:38 [main] INFO  l.i.u.p.SubmittedApplicationsPage - Clicked on dropdown item with text: 'Adelė Kutienė'
2025-07-18 14:54:10 [main] ERROR l.i.u.p.SubmittedApplicationsPage - Failed in selectValueByListEvaluators: Expected condition failed: waiting for lt.insoft.uztis.pages.SubmittedApplicationsPage$$Lambda/0x000002c32a2aa870@3b48e183 (tried for 30 second(s) with 500 milliseconds interval)
Build info: version: '4.27.0', revision: 'd6e718d134'
System info: os.name: 'Windows 11', os.arch: 'amd64', os.version: '10.0', java.version: '21.0.3'
Driver info: org.openqa.selenium.chrome.ChromeDriver
Capabilities {acceptInsecureCerts: false, browserName: chrome, browserVersion: 138.0.7204.157, chrome: {chromedriverVersion: 138.0.7204.157 (e533e98b126..., userDataDir: C:\Users\INGRID~1.ZAD\AppDa...}, fedcm:accounts: true, goog:chromeOptions: {debuggerAddress: localhost:54657}, networkConnectionEnabled: false, pageLoadStrategy: normal, platformName: windows, proxy: Proxy(), se:cdp: ws://localhost:54657/devtoo..., se:cdpVersion: 138.0.7204.157, setWindowRect: true, strictFileInteractability: false, timeouts: {implicit: 0, pageLoad: 300000, script: 30000}, unhandledPromptBehavior: dismiss and notify, webauthn:extension:credBlob: true, webauthn:extension:largeBlob: true, webauthn:extension:minPinLength: true, webauthn:extension:prf: true, webauthn:virtualAuthenticators: true}
Session ID: e7111de3efcc655ccdc94ba0f3b84ef1
2025-07-18 14:54:10 [main] ERROR l.i.u.t.SubmittedApplicationsPageTest - Test 'testAddEvaluators' failed with error: Expected condition failed: waiting for lt.insoft.uztis.pages.SubmittedApplicationsPage$$Lambda/0x000002c32a2aa870@3b48e183 (tried for 30 second(s) with 500 milliseconds interval)
Build info: version: '4.27.0', revision: 'd6e718d134'
System info: os.name: 'Windows 11', os.arch: 'amd64', os.version: '10.0', java.version: '21.0.3'
Driver info: org.openqa.selenium.chrome.ChromeDriver
Capabilities {acceptInsecureCerts: false, browserName: chrome, browserVersion: 138.0.7204.157, chrome: {chromedriverVersion: 138.0.7204.157 (e533e98b126..., userDataDir: C:\Users\INGRID~1.ZAD\AppDa...}, fedcm:accounts: true, goog:chromeOptions: {debuggerAddress: localhost:54657}, networkConnectionEnabled: false, pageLoadStrategy: normal, platformName: windows, proxy: Proxy(), se:cdp: ws://localhost:54657/devtoo..., se:cdpVersion: 138.0.7204.157, setWindowRect: true, strictFileInteractability: false, timeouts: {implicit: 0, pageLoad: 300000, script: 30000}, unhandledPromptBehavior: dismiss and notify, webauthn:extension:credBlob: true, webauthn:extension:largeBlob: true, webauthn:extension:minPinLength: true, webauthn:extension:prf: true, webauthn:virtualAuthenticators: true}
Session ID: e7111de3efcc655ccdc94ba0f3b84ef1
org.openqa.selenium.TimeoutException: Expected condition failed: waiting for lt.insoft.uztis.pages.SubmittedApplicationsPage$$Lambda/0x000002c32a2aa870@3b48e183 (tried for 30 second(s) with 500 milliseconds interval)
Build info: version: '4.27.0', revision: 'd6e718d134'
System info: os.name: 'Windows 11', os.arch: 'amd64', os.version: '10.0', java.version: '21.0.3'
Driver info: org.openqa.selenium.chrome.ChromeDriver
Capabilities {acceptInsecureCerts: false, browserName: chrome, browserVersion: 138.0.7204.157, chrome: {chromedriverVersion: 138.0.7204.157 (e533e98b126..., userDataDir: C:\Users\INGRID~1.ZAD\AppDa...}, fedcm:accounts: true, goog:chromeOptions: {debuggerAddress: localhost:54657}, networkConnectionEnabled: false, pageLoadStrategy: normal, platformName: windows, proxy: Proxy(), se:cdp: ws://localhost:54657/devtoo..., se:cdpVersion: 138.0.7204.157, setWindowRect: true, strictFileInteractability: false, timeouts: {implicit: 0, pageLoad: 300000, script: 30000}, unhandledPromptBehavior: dismiss and notify, webauthn:extension:credBlob: true, webauthn:extension:largeBlob: true, webauthn:extension:minPinLength: true, webauthn:extension:prf: true, webauthn:virtualAuthenticators: true}
Session ID: e7111de3efcc655ccdc94ba0f3b84ef1
	at org.openqa.selenium.support.ui.WebDriverWait.timeoutException(WebDriverWait.java:84)
	at org.openqa.selenium.support.ui.FluentWait.until(FluentWait.java:228)
	at lt.insoft.uztis.pages.SubmittedApplicationsPage.selectValueByListEvaluators(SubmittedApplicationsPage.java:2090)
	at lt.insoft.uztis.tests.SubmittedApplicationsPageTest.testAddEvaluators_VUI_PVK(SubmittedApplicationsPageTest.java:559)
	at java.base/jdk.internal.reflect.DirectMethodHandleAccessor.invoke(DirectMethodHandleAccessor.java:103)
	at java.base/java.lang.reflect.Method.invoke(Method.java:580)
	at org.junit.platform.commons.util.ReflectionUtils.invokeMethod(ReflectionUtils.java:728)
	at org.junit.jupiter.engine.execution.MethodInvocation.proceed(MethodInvocation.java:60)
	at org.junit.jupiter.engine.execution.InvocationInterceptorChain$ValidatingInvocation.proceed(InvocationInterceptorChain.java:131)
	at org.junit.jupiter.engine.extension.TimeoutExtension.intercept(TimeoutExtension.java:156)
	at org.junit.jupiter.engine.extension.TimeoutExtension.interceptTestableMethod(TimeoutExtension.java:147)
	at org.junit.jupiter.engine.extension.TimeoutExtension.interceptTestMethod(TimeoutExtension.java:86)
	at org.junit.jupiter.engine.execution.InterceptingExecutableInvoker$ReflectiveInterceptorCall.lambda$ofVoidMethod$0(InterceptingExecutableInvoker.java:103)
	at org.junit.jupiter.engine.execution.InterceptingExecutableInvoker.lambda$invoke$0(InterceptingExecutableInvoker.java:93)
	at org.junit.jupiter.engine.execution.InvocationInterceptorChain$InterceptedInvocation.proceed(InvocationInterceptorChain.java:106)
	at org.junit.jupiter.engine.execution.InvocationInterceptorChain.proceed(InvocationInterceptorChain.java:64)
	at org.junit.jupiter.engine.execution.InvocationInterceptorChain.chainAndInvoke(InvocationInterceptorChain.java:45)
	at org.junit.jupiter.engine.execution.InvocationInterceptorChain.invoke(InvocationInterceptorChain.java:37)
	at org.junit.jupiter.engine.execution.InterceptingExecutableInvoker.invoke(InterceptingExecutableInvoker.java:92)
	at org.junit.jupiter.engine.execution.InterceptingExecutableInvoker.invoke(InterceptingExecutableInvoker.java:86)
	at org.junit.jupiter.engine.descriptor.TestMethodTestDescriptor.lambda$invokeTestMethod$7(TestMethodTestDescriptor.java:218)
	at org.junit.platform.engine.support.hierarchical.ThrowableCollector.execute(ThrowableCollector.java:73)
	at org.junit.jupiter.engine.descriptor.TestMethodTestDescriptor.invokeTestMethod(TestMethodTestDescriptor.java:214)
	at org.junit.jupiter.engine.descriptor.TestMethodTestDescriptor.execute(TestMethodTestDescriptor.java:139)
	at org.junit.jupiter.engine.descriptor.TestMethodTestDescriptor.execute(TestMethodTestDescriptor.java:69)
	at org.junit.platform.engine.support.hierarchical.NodeTestTask.lambda$executeRecursively$6(NodeTestTask.java:151)
	at org.junit.platform.engine.support.hierarchical.ThrowableCollector.execute(ThrowableCollector.java:73)
	at org.junit.platform.engine.support.hierarchical.NodeTestTask.lambda$executeRecursively$8(NodeTestTask.java:141)
	at org.junit.platform.engine.support.hierarchical.Node.around(Node.java:137)
	at org.junit.platform.engine.support.hierarchical.NodeTestTask.lambda$executeRecursively$9(NodeTestTask.java:139)
	at org.junit.platform.engine.support.hierarchical.ThrowableCollector.execute(ThrowableCollector.java:73)
	at org.junit.platform.engine.support.hierarchical.NodeTestTask.executeRecursively(NodeTestTask.java:138)
	at org.junit.platform.engine.support.hierarchical.NodeTestTask.execute(NodeTestTask.java:95)
	at java.base/java.util.ArrayList.forEach(ArrayList.java:1596)
	at org.junit.platform.engine.support.hierarchical.SameThreadHierarchicalTestExecutorService.invokeAll(SameThreadHierarchicalTestExecutorService.java:41)
	at org.junit.platform.engine.support.hierarchical.NodeTestTask.lambda$executeRecursively$6(NodeTestTask.java:155)
	at org.junit.platform.engine.support.hierarchical.ThrowableCollector.execute(ThrowableCollector.java:73)
	at org.junit.platform.engine.support.hierarchical.NodeTestTask.lambda$executeRecursively$8(NodeTestTask.java:141)
	at org.junit.platform.engine.support.hierarchical.Node.around(Node.java:137)
	at org.junit.platform.engine.support.hierarchical.NodeTestTask.lambda$executeRecursively$9(NodeTestTask.java:139)
	at org.junit.platform.engine.support.hierarchical.ThrowableCollector.execute(ThrowableCollector.java:73)
	at org.junit.platform.engine.support.hierarchical.NodeTestTask.executeRecursively(NodeTestTask.java:138)
	at org.junit.platform.engine.support.hierarchical.NodeTestTask.execute(NodeTestTask.java:95)
	at java.base/java.util.ArrayList.forEach(ArrayList.java:1596)
	at org.junit.platform.engine.support.hierarchical.SameThreadHierarchicalTestExecutorService.invokeAll(SameThreadHierarchicalTestExecutorService.java:41)
	at org.junit.platform.engine.support.hierarchical.NodeTestTask.lambda$executeRecursively$6(NodeTestTask.java:155)
	at org.junit.platform.engine.support.hierarchical.ThrowableCollector.execute(ThrowableCollector.java:73)
	at org.junit.platform.engine.support.hierarchical.NodeTestTask.lambda$executeRecursively$8(NodeTestTask.java:141)
	at org.junit.platform.engine.support.hierarchical.Node.around(Node.java:137)
	at org.junit.platform.engine.support.hierarchical.NodeTestTask.lambda$executeRecursively$9(NodeTestTask.java:139)
	at org.junit.platform.engine.support.hierarchical.ThrowableCollector.execute(ThrowableCollector.java:73)
	at org.junit.platform.engine.support.hierarchical.NodeTestTask.executeRecursively(NodeTestTask.java:138)
	at org.junit.platform.engine.support.hierarchical.NodeTestTask.execute(NodeTestTask.java:95)
	at org.junit.platform.engine.support.hierarchical.SameThreadHierarchicalTestExecutorService.submit(SameThreadHierarchicalTestExecutorService.java:35)
	at org.junit.platform.engine.support.hierarchical.HierarchicalTestExecutor.execute(HierarchicalTestExecutor.java:57)
	at org.junit.platform.engine.support.hierarchical.HierarchicalTestEngine.execute(HierarchicalTestEngine.java:54)
	at org.junit.platform.launcher.core.EngineExecutionOrchestrator.execute(EngineExecutionOrchestrator.java:198)
	at org.junit.platform.launcher.core.EngineExecutionOrchestrator.execute(EngineExecutionOrchestrator.java:169)
	at org.junit.platform.launcher.core.EngineExecutionOrchestrator.execute(EngineExecutionOrchestrator.java:93)
	at org.junit.platform.launcher.core.EngineExecutionOrchestrator.lambda$execute$0(EngineExecutionOrchestrator.java:58)
	at org.junit.platform.launcher.core.EngineExecutionOrchestrator.withInterceptedStreams(EngineExecutionOrchestrator.java:141)
	at org.junit.platform.launcher.core.EngineExecutionOrchestrator.execute(EngineExecutionOrchestrator.java:57)
	at org.junit.platform.launcher.core.DefaultLauncher.execute(DefaultLauncher.java:103)
	at org.junit.platform.launcher.core.DefaultLauncher.execute(DefaultLauncher.java:85)
	at org.junit.platform.launcher.core.DelegatingLauncher.execute(DelegatingLauncher.java:47)
	at org.junit.platform.launcher.core.SessionPerRequestLauncher.execute(SessionPerRequestLauncher.java:63)
	at com.intellij.junit5.JUnit5IdeaTestRunner.startRunnerWithArgs(JUnit5IdeaTestRunner.java:57)
	at com.intellij.rt.junit.IdeaTestRunner$Repeater$1.execute(IdeaTestRunner.java:38)
	at com.intellij.rt.execution.junit.TestsRepeater.repeat(TestsRepeater.java:11)
	at com.intellij.rt.junit.IdeaTestRunner$Repeater.startRunnerWithArgs(IdeaTestRunner.java:35)
	at com.intellij.rt.junit.JUnitStarter.prepareStreamsAndStart(JUnitStarter.java:232)
	at com.intellij.rt.junit.JUnitStarter.main(JUnitStarter.java:55)
2025-07-18 14:54:10 [main] INFO  l.insoft.uztis.tests.utils.TestUtils - Screenshot moved to C:\Users\ingrida.zadorozniene\Desktop\Asm\UZTIS\UZTIS_tests\test-output\screenshots\20250718\145410384_testAddEvaluators_VUI_PVK().png
2025-07-18 15:00:55 [main] INFO  lt.insoft.uztis.tests.UztisPageTest - Navigated to https://uztisdev.asseco.lt/home
2025-07-18 15:00:55 [main] INFO  l.i.u.t.SubmittedApplicationsPageTest - Starting test:'testAddEvaluators'
2025-07-18 15:00:55 [main] INFO  l.insoft.uztis.tests.utils.TestUtils - Login attempt with user: evaluation_chief
2025-07-18 15:00:55 [main] DEBUG l.i.u.t.SubmittedApplicationsPageTest - User logged in with test credentials
2025-07-18 15:00:56 [main] DEBUG l.i.u.t.SubmittedApplicationsPageTest - Opened 'Application Processing' menu.
2025-07-18 15:00:56 [main] DEBUG l.i.u.t.SubmittedApplicationsPageTest - Clicked on 'Application Forms' menu.
2025-07-18 15:00:57 [main] DEBUG l.i.u.t.SubmittedApplicationsPageTest - Retrieved last description code text: 'TST-VUI-48'.
2025-07-18 15:00:57 [main] DEBUG l.i.u.t.SubmittedApplicationsPageTest - Clicked on 'Invitation' menu.
2025-07-18 15:00:59 [main] DEBUG l.i.u.t.SubmittedApplicationsPageTest - Selected application section by code: 'TST-VUI-48'.
2025-07-18 15:00:59 [main] DEBUG l.i.u.t.SubmittedApplicationsPageTest - Clicked 'Search' button.
2025-07-18 15:00:59 [main] DEBUG l.i.u.t.SubmittedApplicationsPageTest - Retrieved invitation code: ''.
2025-07-18 15:00:59 [main] DEBUG l.i.u.t.SubmittedApplicationsPageTest - Clicked on 'Submitted Applications' menu.
2025-07-18 15:01:01 [main] DEBUG l.i.u.t.SubmittedApplicationsPageTest - Selected invitation by code: 'TST-VUI-48'.
2025-07-18 15:01:01 [main] DEBUG l.i.u.t.SubmittedApplicationsPageTest - Invitation code inserted.
2025-07-18 15:01:01 [main] DEBUG l.i.u.t.SubmittedApplicationsPageTest - Clicked on 'Action Application' button.
2025-07-18 15:01:02 [main] DEBUG l.i.u.t.SubmittedApplicationsPageTest - Clicked on 'Add Evaluators' button.
2025-07-18 15:01:02 [main] INFO  l.i.u.p.SubmittedApplicationsPage - Evaluator dropdown opened.
2025-07-18 15:01:03 [main] INFO  l.i.u.p.SubmittedApplicationsPage - Clicked on dropdown item with text: 'Adelė Kutienė'
2025-07-18 15:01:34 [main] ERROR l.i.u.p.SubmittedApplicationsPage - Failed in selectValueByListEvaluators: Expected condition failed: waiting for lt.insoft.uztis.pages.SubmittedApplicationsPage$$Lambda/0x00000284c82aa870@3b48e183 (tried for 30 second(s) with 500 milliseconds interval)
Build info: version: '4.27.0', revision: 'd6e718d134'
System info: os.name: 'Windows 11', os.arch: 'amd64', os.version: '10.0', java.version: '21.0.3'
Driver info: org.openqa.selenium.chrome.ChromeDriver
Capabilities {acceptInsecureCerts: false, browserName: chrome, browserVersion: 138.0.7204.157, chrome: {chromedriverVersion: 138.0.7204.157 (e533e98b126..., userDataDir: C:\Users\INGRID~1.ZAD\AppDa...}, fedcm:accounts: true, goog:chromeOptions: {debuggerAddress: localhost:54927}, networkConnectionEnabled: false, pageLoadStrategy: normal, platformName: windows, proxy: Proxy(), se:cdp: ws://localhost:54927/devtoo..., se:cdpVersion: 138.0.7204.157, setWindowRect: true, strictFileInteractability: false, timeouts: {implicit: 0, pageLoad: 300000, script: 30000}, unhandledPromptBehavior: dismiss and notify, webauthn:extension:credBlob: true, webauthn:extension:largeBlob: true, webauthn:extension:minPinLength: true, webauthn:extension:prf: true, webauthn:virtualAuthenticators: true}
Session ID: a6348d3da1ca9308b3ac10e79cb7d954
2025-07-18 15:01:34 [main] ERROR l.i.u.t.SubmittedApplicationsPageTest - Test 'testAddEvaluators' failed with error: Expected condition failed: waiting for lt.insoft.uztis.pages.SubmittedApplicationsPage$$Lambda/0x00000284c82aa870@3b48e183 (tried for 30 second(s) with 500 milliseconds interval)
Build info: version: '4.27.0', revision: 'd6e718d134'
System info: os.name: 'Windows 11', os.arch: 'amd64', os.version: '10.0', java.version: '21.0.3'
Driver info: org.openqa.selenium.chrome.ChromeDriver
Capabilities {acceptInsecureCerts: false, browserName: chrome, browserVersion: 138.0.7204.157, chrome: {chromedriverVersion: 138.0.7204.157 (e533e98b126..., userDataDir: C:\Users\INGRID~1.ZAD\AppDa...}, fedcm:accounts: true, goog:chromeOptions: {debuggerAddress: localhost:54927}, networkConnectionEnabled: false, pageLoadStrategy: normal, platformName: windows, proxy: Proxy(), se:cdp: ws://localhost:54927/devtoo..., se:cdpVersion: 138.0.7204.157, setWindowRect: true, strictFileInteractability: false, timeouts: {implicit: 0, pageLoad: 300000, script: 30000}, unhandledPromptBehavior: dismiss and notify, webauthn:extension:credBlob: true, webauthn:extension:largeBlob: true, webauthn:extension:minPinLength: true, webauthn:extension:prf: true, webauthn:virtualAuthenticators: true}
Session ID: a6348d3da1ca9308b3ac10e79cb7d954
org.openqa.selenium.TimeoutException: Expected condition failed: waiting for lt.insoft.uztis.pages.SubmittedApplicationsPage$$Lambda/0x00000284c82aa870@3b48e183 (tried for 30 second(s) with 500 milliseconds interval)
Build info: version: '4.27.0', revision: 'd6e718d134'
System info: os.name: 'Windows 11', os.arch: 'amd64', os.version: '10.0', java.version: '21.0.3'
Driver info: org.openqa.selenium.chrome.ChromeDriver
Capabilities {acceptInsecureCerts: false, browserName: chrome, browserVersion: 138.0.7204.157, chrome: {chromedriverVersion: 138.0.7204.157 (e533e98b126..., userDataDir: C:\Users\INGRID~1.ZAD\AppDa...}, fedcm:accounts: true, goog:chromeOptions: {debuggerAddress: localhost:54927}, networkConnectionEnabled: false, pageLoadStrategy: normal, platformName: windows, proxy: Proxy(), se:cdp: ws://localhost:54927/devtoo..., se:cdpVersion: 138.0.7204.157, setWindowRect: true, strictFileInteractability: false, timeouts: {implicit: 0, pageLoad: 300000, script: 30000}, unhandledPromptBehavior: dismiss and notify, webauthn:extension:credBlob: true, webauthn:extension:largeBlob: true, webauthn:extension:minPinLength: true, webauthn:extension:prf: true, webauthn:virtualAuthenticators: true}
Session ID: a6348d3da1ca9308b3ac10e79cb7d954
	at org.openqa.selenium.support.ui.WebDriverWait.timeoutException(WebDriverWait.java:84)
	at org.openqa.selenium.support.ui.FluentWait.until(FluentWait.java:228)
	at lt.insoft.uztis.pages.SubmittedApplicationsPage.selectValueByListEvaluators(SubmittedApplicationsPage.java:2092)
	at lt.insoft.uztis.tests.SubmittedApplicationsPageTest.testAddEvaluators_VUI_PVK(SubmittedApplicationsPageTest.java:559)
	at java.base/jdk.internal.reflect.DirectMethodHandleAccessor.invoke(DirectMethodHandleAccessor.java:103)
	at java.base/java.lang.reflect.Method.invoke(Method.java:580)
	at org.junit.platform.commons.util.ReflectionUtils.invokeMethod(ReflectionUtils.java:728)
	at org.junit.jupiter.engine.execution.MethodInvocation.proceed(MethodInvocation.java:60)
	at org.junit.jupiter.engine.execution.InvocationInterceptorChain$ValidatingInvocation.proceed(InvocationInterceptorChain.java:131)
	at org.junit.jupiter.engine.extension.TimeoutExtension.intercept(TimeoutExtension.java:156)
	at org.junit.jupiter.engine.extension.TimeoutExtension.interceptTestableMethod(TimeoutExtension.java:147)
	at org.junit.jupiter.engine.extension.TimeoutExtension.interceptTestMethod(TimeoutExtension.java:86)
	at org.junit.jupiter.engine.execution.InterceptingExecutableInvoker$ReflectiveInterceptorCall.lambda$ofVoidMethod$0(InterceptingExecutableInvoker.java:103)
	at org.junit.jupiter.engine.execution.InterceptingExecutableInvoker.lambda$invoke$0(InterceptingExecutableInvoker.java:93)
	at org.junit.jupiter.engine.execution.InvocationInterceptorChain$InterceptedInvocation.proceed(InvocationInterceptorChain.java:106)
	at org.junit.jupiter.engine.execution.InvocationInterceptorChain.proceed(InvocationInterceptorChain.java:64)
	at org.junit.jupiter.engine.execution.InvocationInterceptorChain.chainAndInvoke(InvocationInterceptorChain.java:45)
	at org.junit.jupiter.engine.execution.InvocationInterceptorChain.invoke(InvocationInterceptorChain.java:37)
	at org.junit.jupiter.engine.execution.InterceptingExecutableInvoker.invoke(InterceptingExecutableInvoker.java:92)
	at org.junit.jupiter.engine.execution.InterceptingExecutableInvoker.invoke(InterceptingExecutableInvoker.java:86)
	at org.junit.jupiter.engine.descriptor.TestMethodTestDescriptor.lambda$invokeTestMethod$7(TestMethodTestDescriptor.java:218)
	at org.junit.platform.engine.support.hierarchical.ThrowableCollector.execute(ThrowableCollector.java:73)
	at org.junit.jupiter.engine.descriptor.TestMethodTestDescriptor.invokeTestMethod(TestMethodTestDescriptor.java:214)
	at org.junit.jupiter.engine.descriptor.TestMethodTestDescriptor.execute(TestMethodTestDescriptor.java:139)
	at org.junit.jupiter.engine.descriptor.TestMethodTestDescriptor.execute(TestMethodTestDescriptor.java:69)
	at org.junit.platform.engine.support.hierarchical.NodeTestTask.lambda$executeRecursively$6(NodeTestTask.java:151)
	at org.junit.platform.engine.support.hierarchical.ThrowableCollector.execute(ThrowableCollector.java:73)
	at org.junit.platform.engine.support.hierarchical.NodeTestTask.lambda$executeRecursively$8(NodeTestTask.java:141)
	at org.junit.platform.engine.support.hierarchical.Node.around(Node.java:137)
	at org.junit.platform.engine.support.hierarchical.NodeTestTask.lambda$executeRecursively$9(NodeTestTask.java:139)
	at org.junit.platform.engine.support.hierarchical.ThrowableCollector.execute(ThrowableCollector.java:73)
	at org.junit.platform.engine.support.hierarchical.NodeTestTask.executeRecursively(NodeTestTask.java:138)
	at org.junit.platform.engine.support.hierarchical.NodeTestTask.execute(NodeTestTask.java:95)
	at java.base/java.util.ArrayList.forEach(ArrayList.java:1596)
	at org.junit.platform.engine.support.hierarchical.SameThreadHierarchicalTestExecutorService.invokeAll(SameThreadHierarchicalTestExecutorService.java:41)
	at org.junit.platform.engine.support.hierarchical.NodeTestTask.lambda$executeRecursively$6(NodeTestTask.java:155)
	at org.junit.platform.engine.support.hierarchical.ThrowableCollector.execute(ThrowableCollector.java:73)
	at org.junit.platform.engine.support.hierarchical.NodeTestTask.lambda$executeRecursively$8(NodeTestTask.java:141)
	at org.junit.platform.engine.support.hierarchical.Node.around(Node.java:137)
	at org.junit.platform.engine.support.hierarchical.NodeTestTask.lambda$executeRecursively$9(NodeTestTask.java:139)
	at org.junit.platform.engine.support.hierarchical.ThrowableCollector.execute(ThrowableCollector.java:73)
	at org.junit.platform.engine.support.hierarchical.NodeTestTask.executeRecursively(NodeTestTask.java:138)
	at org.junit.platform.engine.support.hierarchical.NodeTestTask.execute(NodeTestTask.java:95)
	at java.base/java.util.ArrayList.forEach(ArrayList.java:1596)
	at org.junit.platform.engine.support.hierarchical.SameThreadHierarchicalTestExecutorService.invokeAll(SameThreadHierarchicalTestExecutorService.java:41)
	at org.junit.platform.engine.support.hierarchical.NodeTestTask.lambda$executeRecursively$6(NodeTestTask.java:155)
	at org.junit.platform.engine.support.hierarchical.ThrowableCollector.execute(ThrowableCollector.java:73)
	at org.junit.platform.engine.support.hierarchical.NodeTestTask.lambda$executeRecursively$8(NodeTestTask.java:141)
	at org.junit.platform.engine.support.hierarchical.Node.around(Node.java:137)
	at org.junit.platform.engine.support.hierarchical.NodeTestTask.lambda$executeRecursively$9(NodeTestTask.java:139)
	at org.junit.platform.engine.support.hierarchical.ThrowableCollector.execute(ThrowableCollector.java:73)
	at org.junit.platform.engine.support.hierarchical.NodeTestTask.executeRecursively(NodeTestTask.java:138)
	at org.junit.platform.engine.support.hierarchical.NodeTestTask.execute(NodeTestTask.java:95)
	at org.junit.platform.engine.support.hierarchical.SameThreadHierarchicalTestExecutorService.submit(SameThreadHierarchicalTestExecutorService.java:35)
	at org.junit.platform.engine.support.hierarchical.HierarchicalTestExecutor.execute(HierarchicalTestExecutor.java:57)
	at org.junit.platform.engine.support.hierarchical.HierarchicalTestEngine.execute(HierarchicalTestEngine.java:54)
	at org.junit.platform.launcher.core.EngineExecutionOrchestrator.execute(EngineExecutionOrchestrator.java:198)
	at org.junit.platform.launcher.core.EngineExecutionOrchestrator.execute(EngineExecutionOrchestrator.java:169)
	at org.junit.platform.launcher.core.EngineExecutionOrchestrator.execute(EngineExecutionOrchestrator.java:93)
	at org.junit.platform.launcher.core.EngineExecutionOrchestrator.lambda$execute$0(EngineExecutionOrchestrator.java:58)
	at org.junit.platform.launcher.core.EngineExecutionOrchestrator.withInterceptedStreams(EngineExecutionOrchestrator.java:141)
	at org.junit.platform.launcher.core.EngineExecutionOrchestrator.execute(EngineExecutionOrchestrator.java:57)
	at org.junit.platform.launcher.core.DefaultLauncher.execute(DefaultLauncher.java:103)
	at org.junit.platform.launcher.core.DefaultLauncher.execute(DefaultLauncher.java:85)
	at org.junit.platform.launcher.core.DelegatingLauncher.execute(DelegatingLauncher.java:47)
	at org.junit.platform.launcher.core.SessionPerRequestLauncher.execute(SessionPerRequestLauncher.java:63)
	at com.intellij.junit5.JUnit5IdeaTestRunner.startRunnerWithArgs(JUnit5IdeaTestRunner.java:57)
	at com.intellij.rt.junit.IdeaTestRunner$Repeater$1.execute(IdeaTestRunner.java:38)
	at com.intellij.rt.execution.junit.TestsRepeater.repeat(TestsRepeater.java:11)
	at com.intellij.rt.junit.IdeaTestRunner$Repeater.startRunnerWithArgs(IdeaTestRunner.java:35)
	at com.intellij.rt.junit.JUnitStarter.prepareStreamsAndStart(JUnitStarter.java:232)
	at com.intellij.rt.junit.JUnitStarter.main(JUnitStarter.java:55)
2025-07-18 15:01:34 [main] INFO  l.insoft.uztis.tests.utils.TestUtils - Screenshot moved to C:\Users\ingrida.zadorozniene\Desktop\Asm\UZTIS\UZTIS_tests\test-output\screenshots\20250718\150134650_testAddEvaluators_VUI_PVK().png
2025-07-18 15:08:18 [main] INFO  lt.insoft.uztis.tests.UztisPageTest - Navigated to https://uztisdev.asseco.lt/home
2025-07-18 15:08:19 [main] INFO  l.i.u.t.SubmittedApplicationsPageTest - Starting test:'testAddEvaluators'
2025-07-18 15:08:19 [main] INFO  l.insoft.uztis.tests.utils.TestUtils - Login attempt with user: evaluation_chief
2025-07-18 15:08:19 [main] DEBUG l.i.u.t.SubmittedApplicationsPageTest - User logged in with test credentials
2025-07-18 15:08:20 [main] DEBUG l.i.u.t.SubmittedApplicationsPageTest - Opened 'Application Processing' menu.
2025-07-18 15:08:20 [main] DEBUG l.i.u.t.SubmittedApplicationsPageTest - Clicked on 'Application Forms' menu.
2025-07-18 15:08:21 [main] DEBUG l.i.u.t.SubmittedApplicationsPageTest - Retrieved last description code text: 'TST-VUI-48'.
2025-07-18 15:08:21 [main] DEBUG l.i.u.t.SubmittedApplicationsPageTest - Clicked on 'Invitation' menu.
2025-07-18 15:08:23 [main] DEBUG l.i.u.t.SubmittedApplicationsPageTest - Selected application section by code: 'TST-VUI-48'.
2025-07-18 15:08:23 [main] DEBUG l.i.u.t.SubmittedApplicationsPageTest - Clicked 'Search' button.
2025-07-18 15:08:23 [main] DEBUG l.i.u.t.SubmittedApplicationsPageTest - Retrieved invitation code: ''.
2025-07-18 15:08:23 [main] DEBUG l.i.u.t.SubmittedApplicationsPageTest - Clicked on 'Submitted Applications' menu.
2025-07-18 15:08:25 [main] DEBUG l.i.u.t.SubmittedApplicationsPageTest - Selected invitation by code: 'TST-VUI-48'.
2025-07-18 15:08:25 [main] DEBUG l.i.u.t.SubmittedApplicationsPageTest - Invitation code inserted.
2025-07-18 15:08:26 [main] DEBUG l.i.u.t.SubmittedApplicationsPageTest - Clicked on 'Action Application' button.
2025-07-18 15:08:26 [main] DEBUG l.i.u.t.SubmittedApplicationsPageTest - Clicked on 'Add Evaluators' button.
2025-07-18 15:08:26 [main] INFO  l.i.u.p.SubmittedApplicationsPage - Evaluator dropdown opened.
2025-07-18 15:08:27 [main] INFO  l.i.u.p.SubmittedApplicationsPage - Clicked on dropdown item with text: 'Adelė Kutienė'
2025-07-18 15:08:59 [main] ERROR l.i.u.p.SubmittedApplicationsPage - Failed in selectValueByListEvaluators: Expected condition failed: waiting for lt.insoft.uztis.pages.SubmittedApplicationsPage$$Lambda/0x000001682f2aa870@3b48e183 (tried for 30 second(s) with 500 milliseconds interval)
Build info: version: '4.27.0', revision: 'd6e718d134'
System info: os.name: 'Windows 11', os.arch: 'amd64', os.version: '10.0', java.version: '21.0.3'
Driver info: org.openqa.selenium.chrome.ChromeDriver
Capabilities {acceptInsecureCerts: false, browserName: chrome, browserVersion: 138.0.7204.157, chrome: {chromedriverVersion: 138.0.7204.157 (e533e98b126..., userDataDir: C:\Users\INGRID~1.ZAD\AppDa...}, fedcm:accounts: true, goog:chromeOptions: {debuggerAddress: localhost:55239}, networkConnectionEnabled: false, pageLoadStrategy: normal, platformName: windows, proxy: Proxy(), se:cdp: ws://localhost:55239/devtoo..., se:cdpVersion: 138.0.7204.157, setWindowRect: true, strictFileInteractability: false, timeouts: {implicit: 0, pageLoad: 300000, script: 30000}, unhandledPromptBehavior: dismiss and notify, webauthn:extension:credBlob: true, webauthn:extension:largeBlob: true, webauthn:extension:minPinLength: true, webauthn:extension:prf: true, webauthn:virtualAuthenticators: true}
Session ID: 2169bee4ebba557670c43b8721c60146
2025-07-18 15:08:59 [main] ERROR l.i.u.t.SubmittedApplicationsPageTest - Test 'testAddEvaluators' failed with error: Expected condition failed: waiting for lt.insoft.uztis.pages.SubmittedApplicationsPage$$Lambda/0x000001682f2aa870@3b48e183 (tried for 30 second(s) with 500 milliseconds interval)
Build info: version: '4.27.0', revision: 'd6e718d134'
System info: os.name: 'Windows 11', os.arch: 'amd64', os.version: '10.0', java.version: '21.0.3'
Driver info: org.openqa.selenium.chrome.ChromeDriver
Capabilities {acceptInsecureCerts: false, browserName: chrome, browserVersion: 138.0.7204.157, chrome: {chromedriverVersion: 138.0.7204.157 (e533e98b126..., userDataDir: C:\Users\INGRID~1.ZAD\AppDa...}, fedcm:accounts: true, goog:chromeOptions: {debuggerAddress: localhost:55239}, networkConnectionEnabled: false, pageLoadStrategy: normal, platformName: windows, proxy: Proxy(), se:cdp: ws://localhost:55239/devtoo..., se:cdpVersion: 138.0.7204.157, setWindowRect: true, strictFileInteractability: false, timeouts: {implicit: 0, pageLoad: 300000, script: 30000}, unhandledPromptBehavior: dismiss and notify, webauthn:extension:credBlob: true, webauthn:extension:largeBlob: true, webauthn:extension:minPinLength: true, webauthn:extension:prf: true, webauthn:virtualAuthenticators: true}
Session ID: 2169bee4ebba557670c43b8721c60146
org.openqa.selenium.TimeoutException: Expected condition failed: waiting for lt.insoft.uztis.pages.SubmittedApplicationsPage$$Lambda/0x000001682f2aa870@3b48e183 (tried for 30 second(s) with 500 milliseconds interval)
Build info: version: '4.27.0', revision: 'd6e718d134'
System info: os.name: 'Windows 11', os.arch: 'amd64', os.version: '10.0', java.version: '21.0.3'
Driver info: org.openqa.selenium.chrome.ChromeDriver
Capabilities {acceptInsecureCerts: false, browserName: chrome, browserVersion: 138.0.7204.157, chrome: {chromedriverVersion: 138.0.7204.157 (e533e98b126..., userDataDir: C:\Users\INGRID~1.ZAD\AppDa...}, fedcm:accounts: true, goog:chromeOptions: {debuggerAddress: localhost:55239}, networkConnectionEnabled: false, pageLoadStrategy: normal, platformName: windows, proxy: Proxy(), se:cdp: ws://localhost:55239/devtoo..., se:cdpVersion: 138.0.7204.157, setWindowRect: true, strictFileInteractability: false, timeouts: {implicit: 0, pageLoad: 300000, script: 30000}, unhandledPromptBehavior: dismiss and notify, webauthn:extension:credBlob: true, webauthn:extension:largeBlob: true, webauthn:extension:minPinLength: true, webauthn:extension:prf: true, webauthn:virtualAuthenticators: true}
Session ID: 2169bee4ebba557670c43b8721c60146
	at org.openqa.selenium.support.ui.WebDriverWait.timeoutException(WebDriverWait.java:84)
	at org.openqa.selenium.support.ui.FluentWait.until(FluentWait.java:228)
	at lt.insoft.uztis.pages.SubmittedApplicationsPage.selectValueByListEvaluators(SubmittedApplicationsPage.java:2090)
	at lt.insoft.uztis.tests.SubmittedApplicationsPageTest.testAddEvaluators_VUI_PVK(SubmittedApplicationsPageTest.java:560)
	at java.base/jdk.internal.reflect.DirectMethodHandleAccessor.invoke(DirectMethodHandleAccessor.java:103)
	at java.base/java.lang.reflect.Method.invoke(Method.java:580)
	at org.junit.platform.commons.util.ReflectionUtils.invokeMethod(ReflectionUtils.java:728)
	at org.junit.jupiter.engine.execution.MethodInvocation.proceed(MethodInvocation.java:60)
	at org.junit.jupiter.engine.execution.InvocationInterceptorChain$ValidatingInvocation.proceed(InvocationInterceptorChain.java:131)
	at org.junit.jupiter.engine.extension.TimeoutExtension.intercept(TimeoutExtension.java:156)
	at org.junit.jupiter.engine.extension.TimeoutExtension.interceptTestableMethod(TimeoutExtension.java:147)
	at org.junit.jupiter.engine.extension.TimeoutExtension.interceptTestMethod(TimeoutExtension.java:86)
	at org.junit.jupiter.engine.execution.InterceptingExecutableInvoker$ReflectiveInterceptorCall.lambda$ofVoidMethod$0(InterceptingExecutableInvoker.java:103)
	at org.junit.jupiter.engine.execution.InterceptingExecutableInvoker.lambda$invoke$0(InterceptingExecutableInvoker.java:93)
	at org.junit.jupiter.engine.execution.InvocationInterceptorChain$InterceptedInvocation.proceed(InvocationInterceptorChain.java:106)
	at org.junit.jupiter.engine.execution.InvocationInterceptorChain.proceed(InvocationInterceptorChain.java:64)
	at org.junit.jupiter.engine.execution.InvocationInterceptorChain.chainAndInvoke(InvocationInterceptorChain.java:45)
	at org.junit.jupiter.engine.execution.InvocationInterceptorChain.invoke(InvocationInterceptorChain.java:37)
	at org.junit.jupiter.engine.execution.InterceptingExecutableInvoker.invoke(InterceptingExecutableInvoker.java:92)
	at org.junit.jupiter.engine.execution.InterceptingExecutableInvoker.invoke(InterceptingExecutableInvoker.java:86)
	at org.junit.jupiter.engine.descriptor.TestMethodTestDescriptor.lambda$invokeTestMethod$7(TestMethodTestDescriptor.java:218)
	at org.junit.platform.engine.support.hierarchical.ThrowableCollector.execute(ThrowableCollector.java:73)
	at org.junit.jupiter.engine.descriptor.TestMethodTestDescriptor.invokeTestMethod(TestMethodTestDescriptor.java:214)
	at org.junit.jupiter.engine.descriptor.TestMethodTestDescriptor.execute(TestMethodTestDescriptor.java:139)
	at org.junit.jupiter.engine.descriptor.TestMethodTestDescriptor.execute(TestMethodTestDescriptor.java:69)
	at org.junit.platform.engine.support.hierarchical.NodeTestTask.lambda$executeRecursively$6(NodeTestTask.java:151)
	at org.junit.platform.engine.support.hierarchical.ThrowableCollector.execute(ThrowableCollector.java:73)
	at org.junit.platform.engine.support.hierarchical.NodeTestTask.lambda$executeRecursively$8(NodeTestTask.java:141)
	at org.junit.platform.engine.support.hierarchical.Node.around(Node.java:137)
	at org.junit.platform.engine.support.hierarchical.NodeTestTask.lambda$executeRecursively$9(NodeTestTask.java:139)
	at org.junit.platform.engine.support.hierarchical.ThrowableCollector.execute(ThrowableCollector.java:73)
	at org.junit.platform.engine.support.hierarchical.NodeTestTask.executeRecursively(NodeTestTask.java:138)
	at org.junit.platform.engine.support.hierarchical.NodeTestTask.execute(NodeTestTask.java:95)
	at java.base/java.util.ArrayList.forEach(ArrayList.java:1596)
	at org.junit.platform.engine.support.hierarchical.SameThreadHierarchicalTestExecutorService.invokeAll(SameThreadHierarchicalTestExecutorService.java:41)
	at org.junit.platform.engine.support.hierarchical.NodeTestTask.lambda$executeRecursively$6(NodeTestTask.java:155)
	at org.junit.platform.engine.support.hierarchical.ThrowableCollector.execute(ThrowableCollector.java:73)
	at org.junit.platform.engine.support.hierarchical.NodeTestTask.lambda$executeRecursively$8(NodeTestTask.java:141)
	at org.junit.platform.engine.support.hierarchical.Node.around(Node.java:137)
	at org.junit.platform.engine.support.hierarchical.NodeTestTask.lambda$executeRecursively$9(NodeTestTask.java:139)
	at org.junit.platform.engine.support.hierarchical.ThrowableCollector.execute(ThrowableCollector.java:73)
	at org.junit.platform.engine.support.hierarchical.NodeTestTask.executeRecursively(NodeTestTask.java:138)
	at org.junit.platform.engine.support.hierarchical.NodeTestTask.execute(NodeTestTask.java:95)
	at java.base/java.util.ArrayList.forEach(ArrayList.java:1596)
	at org.junit.platform.engine.support.hierarchical.SameThreadHierarchicalTestExecutorService.invokeAll(SameThreadHierarchicalTestExecutorService.java:41)
	at org.junit.platform.engine.support.hierarchical.NodeTestTask.lambda$executeRecursively$6(NodeTestTask.java:155)
	at org.junit.platform.engine.support.hierarchical.ThrowableCollector.execute(ThrowableCollector.java:73)
	at org.junit.platform.engine.support.hierarchical.NodeTestTask.lambda$executeRecursively$8(NodeTestTask.java:141)
	at org.junit.platform.engine.support.hierarchical.Node.around(Node.java:137)
	at org.junit.platform.engine.support.hierarchical.NodeTestTask.lambda$executeRecursively$9(NodeTestTask.java:139)
	at org.junit.platform.engine.support.hierarchical.ThrowableCollector.execute(ThrowableCollector.java:73)
	at org.junit.platform.engine.support.hierarchical.NodeTestTask.executeRecursively(NodeTestTask.java:138)
	at org.junit.platform.engine.support.hierarchical.NodeTestTask.execute(NodeTestTask.java:95)
	at org.junit.platform.engine.support.hierarchical.SameThreadHierarchicalTestExecutorService.submit(SameThreadHierarchicalTestExecutorService.java:35)
	at org.junit.platform.engine.support.hierarchical.HierarchicalTestExecutor.execute(HierarchicalTestExecutor.java:57)
	at org.junit.platform.engine.support.hierarchical.HierarchicalTestEngine.execute(HierarchicalTestEngine.java:54)
	at org.junit.platform.launcher.core.EngineExecutionOrchestrator.execute(EngineExecutionOrchestrator.java:198)
	at org.junit.platform.launcher.core.EngineExecutionOrchestrator.execute(EngineExecutionOrchestrator.java:169)
	at org.junit.platform.launcher.core.EngineExecutionOrchestrator.execute(EngineExecutionOrchestrator.java:93)
	at org.junit.platform.launcher.core.EngineExecutionOrchestrator.lambda$execute$0(EngineExecutionOrchestrator.java:58)
	at org.junit.platform.launcher.core.EngineExecutionOrchestrator.withInterceptedStreams(EngineExecutionOrchestrator.java:141)
	at org.junit.platform.launcher.core.EngineExecutionOrchestrator.execute(EngineExecutionOrchestrator.java:57)
	at org.junit.platform.launcher.core.DefaultLauncher.execute(DefaultLauncher.java:103)
	at org.junit.platform.launcher.core.DefaultLauncher.execute(DefaultLauncher.java:85)
	at org.junit.platform.launcher.core.DelegatingLauncher.execute(DelegatingLauncher.java:47)
	at org.junit.platform.launcher.core.SessionPerRequestLauncher.execute(SessionPerRequestLauncher.java:63)
	at com.intellij.junit5.JUnit5IdeaTestRunner.startRunnerWithArgs(JUnit5IdeaTestRunner.java:57)
	at com.intellij.rt.junit.IdeaTestRunner$Repeater$1.execute(IdeaTestRunner.java:38)
	at com.intellij.rt.execution.junit.TestsRepeater.repeat(TestsRepeater.java:11)
	at com.intellij.rt.junit.IdeaTestRunner$Repeater.startRunnerWithArgs(IdeaTestRunner.java:35)
	at com.intellij.rt.junit.JUnitStarter.prepareStreamsAndStart(JUnitStarter.java:232)
	at com.intellij.rt.junit.JUnitStarter.main(JUnitStarter.java:55)
2025-07-18 15:08:59 [main] INFO  l.insoft.uztis.tests.utils.TestUtils - Screenshot moved to C:\Users\ingrida.zadorozniene\Desktop\Asm\UZTIS\UZTIS_tests\test-output\screenshots\20250718\150859384_testAddEvaluators_VUI_PVK().png
2025-07-29 09:40:32 [main] INFO  lt.insoft.uztis.tests.UztisPageTest - Navigated to https://uztisdev.asseco.lt/home
2025-07-29 09:40:33 [main] INFO  l.i.u.t.SubmittedApplicationsPageTest - Starting test:'testFillNewDVPApplicationFA'
2025-07-29 09:40:33 [main] INFO  l.insoft.uztis.tests.utils.TestUtils - Login attempt with user: evaluation_chief
2025-07-29 09:40:33 [main] DEBUG l.i.u.t.SubmittedApplicationsPageTest - User logged in with test credentials
2025-07-29 09:40:34 [main] DEBUG l.i.u.t.SubmittedApplicationsPageTest - Opened 'Application Processing' menu.
2025-07-29 09:40:34 [main] DEBUG l.i.u.t.SubmittedApplicationsPageTest - Clicked on 'Application Forms' menu.
2025-07-29 09:40:34 [main] DEBUG l.i.u.t.SubmittedApplicationsPageTest - Retrieved last description code text: 'TST-DVP-42'.
2025-07-29 09:40:34 [main] DEBUG l.i.u.t.SubmittedApplicationsPageTest - Clicked on 'Invitation' menu.
2025-07-29 09:40:36 [main] DEBUG l.i.u.t.SubmittedApplicationsPageTest - Selected application section by code: 'TST-DVP-42'.
2025-07-29 09:40:36 [main] DEBUG l.i.u.t.SubmittedApplicationsPageTest - Clicked 'Search' button.
2025-07-29 09:40:36 [main] DEBUG l.i.u.t.SubmittedApplicationsPageTest - Retrieved invitation code: ''.
2025-07-29 09:40:36 [main] DEBUG l.i.u.t.SubmittedApplicationsPageTest - Clicked on 'Submitted Applications' menu.
2025-07-29 09:40:37 [main] DEBUG l.i.u.t.SubmittedApplicationsPageTest - Selected invitation by code: 'TST-DVP-42'.
2025-07-29 09:40:37 [main] DEBUG l.i.u.t.SubmittedApplicationsPageTest - Invitation code inserted.
2025-07-29 09:40:37 [main] DEBUG l.i.u.t.SubmittedApplicationsPageTest - Clicked on 'Action Application' button.
2025-07-29 09:40:38 [main] DEBUG l.i.u.t.SubmittedApplicationsPageTest - Clicked on 'New Application' button.
2025-07-29 09:40:48 [main] ERROR l.i.u.t.SubmittedApplicationsPageTest - Test 'testFillNewDVPApplicationFA' failed with error: no such element: Unable to locate element: {"method":"xpath","selector":"//input[@name='mat-radio-group-0' and @value='FA']"}
  (Session info: chrome=138.0.7204.169)
For documentation on this error, please visit: https://www.selenium.dev/documentation/webdriver/troubleshooting/errors#no-such-element-exception
Build info: version: '4.27.0', revision: 'd6e718d134'
System info: os.name: 'Windows 11', os.arch: 'amd64', os.version: '10.0', java.version: '21.0.3'
Driver info: org.openqa.selenium.chrome.ChromeDriver
Command: [86d20b2d23f7aaaab1e42185644918c2, findElement {value=//input[@name='mat-radio-group-0' and @value='FA'], using=xpath}]
Capabilities {acceptInsecureCerts: false, browserName: chrome, browserVersion: 138.0.7204.169, chrome: {chromedriverVersion: 138.0.7204.168 (3e8d82e86e9..., userDataDir: C:\Users\INGRID~1.ZAD\AppDa...}, fedcm:accounts: true, goog:chromeOptions: {debuggerAddress: localhost:49620}, networkConnectionEnabled: false, pageLoadStrategy: normal, platformName: windows, proxy: Proxy(), se:cdp: ws://localhost:49620/devtoo..., se:cdpVersion: 138.0.7204.169, setWindowRect: true, strictFileInteractability: false, timeouts: {implicit: 0, pageLoad: 300000, script: 30000}, unhandledPromptBehavior: dismiss and notify, webauthn:extension:credBlob: true, webauthn:extension:largeBlob: true, webauthn:extension:minPinLength: true, webauthn:extension:prf: true, webauthn:virtualAuthenticators: true}
Session ID: 86d20b2d23f7aaaab1e42185644918c2
org.openqa.selenium.NoSuchElementException: no such element: Unable to locate element: {"method":"xpath","selector":"//input[@name='mat-radio-group-0' and @value='FA']"}
  (Session info: chrome=138.0.7204.169)
For documentation on this error, please visit: https://www.selenium.dev/documentation/webdriver/troubleshooting/errors#no-such-element-exception
Build info: version: '4.27.0', revision: 'd6e718d134'
System info: os.name: 'Windows 11', os.arch: 'amd64', os.version: '10.0', java.version: '21.0.3'
Driver info: org.openqa.selenium.chrome.ChromeDriver
Command: [86d20b2d23f7aaaab1e42185644918c2, findElement {value=//input[@name='mat-radio-group-0' and @value='FA'], using=xpath}]
Capabilities {acceptInsecureCerts: false, browserName: chrome, browserVersion: 138.0.7204.169, chrome: {chromedriverVersion: 138.0.7204.168 (3e8d82e86e9..., userDataDir: C:\Users\INGRID~1.ZAD\AppDa...}, fedcm:accounts: true, goog:chromeOptions: {debuggerAddress: localhost:49620}, networkConnectionEnabled: false, pageLoadStrategy: normal, platformName: windows, proxy: Proxy(), se:cdp: ws://localhost:49620/devtoo..., se:cdpVersion: 138.0.7204.169, setWindowRect: true, strictFileInteractability: false, timeouts: {implicit: 0, pageLoad: 300000, script: 30000}, unhandledPromptBehavior: dismiss and notify, webauthn:extension:credBlob: true, webauthn:extension:largeBlob: true, webauthn:extension:minPinLength: true, webauthn:extension:prf: true, webauthn:virtualAuthenticators: true}
Session ID: 86d20b2d23f7aaaab1e42185644918c2
	at java.base/jdk.internal.reflect.DirectConstructorHandleAccessor.newInstance(DirectConstructorHandleAccessor.java:62)
	at java.base/java.lang.reflect.Constructor.newInstanceWithCaller(Constructor.java:502)
	at java.base/java.lang.reflect.Constructor.newInstance(Constructor.java:486)
	at org.openqa.selenium.remote.ErrorCodec.decode(ErrorCodec.java:167)
	at org.openqa.selenium.remote.codec.w3c.W3CHttpResponseCodec.decode(W3CHttpResponseCodec.java:138)
	at org.openqa.selenium.remote.codec.w3c.W3CHttpResponseCodec.decode(W3CHttpResponseCodec.java:50)
	at org.openqa.selenium.remote.HttpCommandExecutor.execute(HttpCommandExecutor.java:190)
	at org.openqa.selenium.remote.service.DriverCommandExecutor.invokeExecute(DriverCommandExecutor.java:216)
	at org.openqa.selenium.remote.service.DriverCommandExecutor.execute(DriverCommandExecutor.java:174)
	at org.openqa.selenium.remote.RemoteWebDriver.execute(RemoteWebDriver.java:545)
	at org.openqa.selenium.remote.ElementLocation$ElementFinder$2.findElement(ElementLocation.java:165)
	at org.openqa.selenium.remote.ElementLocation.findElement(ElementLocation.java:59)
	at org.openqa.selenium.remote.RemoteWebDriver.findElement(RemoteWebDriver.java:368)
	at org.openqa.selenium.remote.RemoteWebDriver.findElement(RemoteWebDriver.java:362)
	at org.openqa.selenium.support.pagefactory.DefaultElementLocator.findElement(DefaultElementLocator.java:68)
	at org.openqa.selenium.support.pagefactory.internal.LocatingElementHandler.invoke(LocatingElementHandler.java:38)
	at jdk.proxy2/jdk.proxy2.$Proxy14.isSelected(Unknown Source)
	at lt.insoft.uztis.pages.SubmittedApplicationsPage.clickRadioButtonFA(SubmittedApplicationsPage.java:530)
	at lt.insoft.uztis.tests.SubmittedApplicationsPageTest.testFillNewDVPApplicationFA(SubmittedApplicationsPageTest.java:638)
	at java.base/jdk.internal.reflect.DirectMethodHandleAccessor.invoke(DirectMethodHandleAccessor.java:103)
	at java.base/java.lang.reflect.Method.invoke(Method.java:580)
	at org.junit.platform.commons.util.ReflectionUtils.invokeMethod(ReflectionUtils.java:728)
	at org.junit.jupiter.engine.execution.MethodInvocation.proceed(MethodInvocation.java:60)
	at org.junit.jupiter.engine.execution.InvocationInterceptorChain$ValidatingInvocation.proceed(InvocationInterceptorChain.java:131)
	at org.junit.jupiter.engine.extension.TimeoutExtension.intercept(TimeoutExtension.java:156)
	at org.junit.jupiter.engine.extension.TimeoutExtension.interceptTestableMethod(TimeoutExtension.java:147)
	at org.junit.jupiter.engine.extension.TimeoutExtension.interceptTestMethod(TimeoutExtension.java:86)
	at org.junit.jupiter.engine.execution.InterceptingExecutableInvoker$ReflectiveInterceptorCall.lambda$ofVoidMethod$0(InterceptingExecutableInvoker.java:103)
	at org.junit.jupiter.engine.execution.InterceptingExecutableInvoker.lambda$invoke$0(InterceptingExecutableInvoker.java:93)
	at org.junit.jupiter.engine.execution.InvocationInterceptorChain$InterceptedInvocation.proceed(InvocationInterceptorChain.java:106)
	at org.junit.jupiter.engine.execution.InvocationInterceptorChain.proceed(InvocationInterceptorChain.java:64)
	at org.junit.jupiter.engine.execution.InvocationInterceptorChain.chainAndInvoke(InvocationInterceptorChain.java:45)
	at org.junit.jupiter.engine.execution.InvocationInterceptorChain.invoke(InvocationInterceptorChain.java:37)
	at org.junit.jupiter.engine.execution.InterceptingExecutableInvoker.invoke(InterceptingExecutableInvoker.java:92)
	at org.junit.jupiter.engine.execution.InterceptingExecutableInvoker.invoke(InterceptingExecutableInvoker.java:86)
	at org.junit.jupiter.engine.descriptor.TestMethodTestDescriptor.lambda$invokeTestMethod$7(TestMethodTestDescriptor.java:218)
	at org.junit.platform.engine.support.hierarchical.ThrowableCollector.execute(ThrowableCollector.java:73)
	at org.junit.jupiter.engine.descriptor.TestMethodTestDescriptor.invokeTestMethod(TestMethodTestDescriptor.java:214)
	at org.junit.jupiter.engine.descriptor.TestMethodTestDescriptor.execute(TestMethodTestDescriptor.java:139)
	at org.junit.jupiter.engine.descriptor.TestMethodTestDescriptor.execute(TestMethodTestDescriptor.java:69)
	at org.junit.platform.engine.support.hierarchical.NodeTestTask.lambda$executeRecursively$6(NodeTestTask.java:151)
	at org.junit.platform.engine.support.hierarchical.ThrowableCollector.execute(ThrowableCollector.java:73)
	at org.junit.platform.engine.support.hierarchical.NodeTestTask.lambda$executeRecursively$8(NodeTestTask.java:141)
	at org.junit.platform.engine.support.hierarchical.Node.around(Node.java:137)
	at org.junit.platform.engine.support.hierarchical.NodeTestTask.lambda$executeRecursively$9(NodeTestTask.java:139)
	at org.junit.platform.engine.support.hierarchical.ThrowableCollector.execute(ThrowableCollector.java:73)
	at org.junit.platform.engine.support.hierarchical.NodeTestTask.executeRecursively(NodeTestTask.java:138)
	at org.junit.platform.engine.support.hierarchical.NodeTestTask.execute(NodeTestTask.java:95)
	at java.base/java.util.ArrayList.forEach(ArrayList.java:1596)
	at org.junit.platform.engine.support.hierarchical.SameThreadHierarchicalTestExecutorService.invokeAll(SameThreadHierarchicalTestExecutorService.java:41)
	at org.junit.platform.engine.support.hierarchical.NodeTestTask.lambda$executeRecursively$6(NodeTestTask.java:155)
	at org.junit.platform.engine.support.hierarchical.ThrowableCollector.execute(ThrowableCollector.java:73)
	at org.junit.platform.engine.support.hierarchical.NodeTestTask.lambda$executeRecursively$8(NodeTestTask.java:141)
	at org.junit.platform.engine.support.hierarchical.Node.around(Node.java:137)
	at org.junit.platform.engine.support.hierarchical.NodeTestTask.lambda$executeRecursively$9(NodeTestTask.java:139)
	at org.junit.platform.engine.support.hierarchical.ThrowableCollector.execute(ThrowableCollector.java:73)
	at org.junit.platform.engine.support.hierarchical.NodeTestTask.executeRecursively(NodeTestTask.java:138)
	at org.junit.platform.engine.support.hierarchical.NodeTestTask.execute(NodeTestTask.java:95)
	at java.base/java.util.ArrayList.forEach(ArrayList.java:1596)
	at org.junit.platform.engine.support.hierarchical.SameThreadHierarchicalTestExecutorService.invokeAll(SameThreadHierarchicalTestExecutorService.java:41)
	at org.junit.platform.engine.support.hierarchical.NodeTestTask.lambda$executeRecursively$6(NodeTestTask.java:155)
	at org.junit.platform.engine.support.hierarchical.ThrowableCollector.execute(ThrowableCollector.java:73)
	at org.junit.platform.engine.support.hierarchical.NodeTestTask.lambda$executeRecursively$8(NodeTestTask.java:141)
	at org.junit.platform.engine.support.hierarchical.Node.around(Node.java:137)
	at org.junit.platform.engine.support.hierarchical.NodeTestTask.lambda$executeRecursively$9(NodeTestTask.java:139)
	at org.junit.platform.engine.support.hierarchical.ThrowableCollector.execute(ThrowableCollector.java:73)
	at org.junit.platform.engine.support.hierarchical.NodeTestTask.executeRecursively(NodeTestTask.java:138)
	at org.junit.platform.engine.support.hierarchical.NodeTestTask.execute(NodeTestTask.java:95)
	at org.junit.platform.engine.support.hierarchical.SameThreadHierarchicalTestExecutorService.submit(SameThreadHierarchicalTestExecutorService.java:35)
	at org.junit.platform.engine.support.hierarchical.HierarchicalTestExecutor.execute(HierarchicalTestExecutor.java:57)
	at org.junit.platform.engine.support.hierarchical.HierarchicalTestEngine.execute(HierarchicalTestEngine.java:54)
	at org.junit.platform.launcher.core.EngineExecutionOrchestrator.execute(EngineExecutionOrchestrator.java:198)
	at org.junit.platform.launcher.core.EngineExecutionOrchestrator.execute(EngineExecutionOrchestrator.java:169)
	at org.junit.platform.launcher.core.EngineExecutionOrchestrator.execute(EngineExecutionOrchestrator.java:93)
	at org.junit.platform.launcher.core.EngineExecutionOrchestrator.lambda$execute$0(EngineExecutionOrchestrator.java:58)
	at org.junit.platform.launcher.core.EngineExecutionOrchestrator.withInterceptedStreams(EngineExecutionOrchestrator.java:141)
	at org.junit.platform.launcher.core.EngineExecutionOrchestrator.execute(EngineExecutionOrchestrator.java:57)
	at org.junit.platform.launcher.core.DefaultLauncher.execute(DefaultLauncher.java:103)
	at org.junit.platform.launcher.core.DefaultLauncher.execute(DefaultLauncher.java:85)
	at org.junit.platform.launcher.core.DelegatingLauncher.execute(DelegatingLauncher.java:47)
	at org.junit.platform.launcher.core.SessionPerRequestLauncher.execute(SessionPerRequestLauncher.java:63)
	at com.intellij.junit5.JUnit5IdeaTestRunner.startRunnerWithArgs(JUnit5IdeaTestRunner.java:57)
	at com.intellij.rt.junit.IdeaTestRunner$Repeater$1.execute(IdeaTestRunner.java:38)
	at com.intellij.rt.execution.junit.TestsRepeater.repeat(TestsRepeater.java:11)
	at com.intellij.rt.junit.IdeaTestRunner$Repeater.startRunnerWithArgs(IdeaTestRunner.java:35)
	at com.intellij.rt.junit.JUnitStarter.prepareStreamsAndStart(JUnitStarter.java:232)
	at com.intellij.rt.junit.JUnitStarter.main(JUnitStarter.java:55)
2025-07-29 09:40:48 [main] INFO  l.insoft.uztis.tests.utils.TestUtils - Screenshot moved to C:\Users\ingrida.zadorozniene\Desktop\Asm\UZTIS\UZTIS_tests\test-output\screenshots\20250729\094048337_testFillNewDVPApplicationFA().png
2025-07-29 09:44:07 [main] INFO  lt.insoft.uztis.tests.UztisPageTest - Navigated to https://uztisdev.asseco.lt/home
2025-07-29 09:44:07 [main] INFO  l.i.u.t.SubmittedApplicationsPageTest - Starting test:'testFillNewDVPApplicationFA'
2025-07-29 09:44:08 [main] INFO  l.insoft.uztis.tests.utils.TestUtils - Login attempt with user: evaluation_chief
2025-07-29 09:44:08 [main] DEBUG l.i.u.t.SubmittedApplicationsPageTest - User logged in with test credentials
2025-07-29 09:44:08 [main] DEBUG l.i.u.t.SubmittedApplicationsPageTest - Opened 'Application Processing' menu.
2025-07-29 09:44:08 [main] DEBUG l.i.u.t.SubmittedApplicationsPageTest - Clicked on 'Application Forms' menu.
2025-07-29 09:44:09 [main] DEBUG l.i.u.t.SubmittedApplicationsPageTest - Retrieved last description code text: 'TST-DVP-42'.
2025-07-29 09:44:09 [main] DEBUG l.i.u.t.SubmittedApplicationsPageTest - Clicked on 'Invitation' menu.
2025-07-29 09:44:11 [main] DEBUG l.i.u.t.SubmittedApplicationsPageTest - Selected application section by code: 'TST-DVP-42'.
2025-07-29 09:44:11 [main] DEBUG l.i.u.t.SubmittedApplicationsPageTest - Clicked 'Search' button.
2025-07-29 09:44:11 [main] DEBUG l.i.u.t.SubmittedApplicationsPageTest - Retrieved invitation code: ''.
2025-07-29 09:44:11 [main] DEBUG l.i.u.t.SubmittedApplicationsPageTest - Clicked on 'Submitted Applications' menu.
2025-07-29 09:44:13 [main] DEBUG l.i.u.t.SubmittedApplicationsPageTest - Selected invitation by code: 'TST-DVP-42'.
2025-07-29 09:44:13 [main] DEBUG l.i.u.t.SubmittedApplicationsPageTest - Invitation code inserted.
2025-07-29 09:44:13 [main] DEBUG l.i.u.t.SubmittedApplicationsPageTest - Clicked on 'Action Application' button.
2025-07-29 09:44:13 [main] DEBUG l.i.u.t.SubmittedApplicationsPageTest - Clicked on 'New Application' button.
2025-07-29 09:44:13 [main] DEBUG l.i.u.t.SubmittedApplicationsPageTest - Selected the 'RadioButtonFA' option.
2025-07-29 09:44:22 [main] DEBUG l.i.u.t.SubmittedApplicationsPageTest - Entered phone number: '61298745'.
2025-07-29 09:44:22 [main] ERROR l.i.u.t.SubmittedApplicationsPageTest - Test 'testFillNewDVPApplicationFA' failed with error: invalid session id
Build info: version: '4.27.0', revision: 'd6e718d134'
System info: os.name: 'Windows 11', os.arch: 'amd64', os.version: '10.0', java.version: '21.0.3'
Driver info: org.openqa.selenium.chrome.ChromeDriver
Command: [ed78292d2b27600023862bb4fa15ccc1, findElement {using=xpath, value=//mat-form-field[contains(.//label, 'El. pašto adresas')]//input}]
Capabilities {acceptInsecureCerts: false, browserName: chrome, browserVersion: 138.0.7204.169, chrome: {chromedriverVersion: 138.0.7204.168 (3e8d82e86e9..., userDataDir: C:\Users\INGRID~1.ZAD\AppDa...}, fedcm:accounts: true, goog:chromeOptions: {debuggerAddress: localhost:49877}, networkConnectionEnabled: false, pageLoadStrategy: normal, platformName: windows, proxy: Proxy(), se:cdp: ws://localhost:49877/devtoo..., se:cdpVersion: 138.0.7204.169, setWindowRect: true, strictFileInteractability: false, timeouts: {implicit: 0, pageLoad: 300000, script: 30000}, unhandledPromptBehavior: dismiss and notify, webauthn:extension:credBlob: true, webauthn:extension:largeBlob: true, webauthn:extension:minPinLength: true, webauthn:extension:prf: true, webauthn:virtualAuthenticators: true}
Session ID: ed78292d2b27600023862bb4fa15ccc1
org.openqa.selenium.NoSuchSessionException: invalid session id
Build info: version: '4.27.0', revision: 'd6e718d134'
System info: os.name: 'Windows 11', os.arch: 'amd64', os.version: '10.0', java.version: '21.0.3'
Driver info: org.openqa.selenium.chrome.ChromeDriver
Command: [ed78292d2b27600023862bb4fa15ccc1, findElement {using=xpath, value=//mat-form-field[contains(.//label, 'El. pašto adresas')]//input}]
Capabilities {acceptInsecureCerts: false, browserName: chrome, browserVersion: 138.0.7204.169, chrome: {chromedriverVersion: 138.0.7204.168 (3e8d82e86e9..., userDataDir: C:\Users\INGRID~1.ZAD\AppDa...}, fedcm:accounts: true, goog:chromeOptions: {debuggerAddress: localhost:49877}, networkConnectionEnabled: false, pageLoadStrategy: normal, platformName: windows, proxy: Proxy(), se:cdp: ws://localhost:49877/devtoo..., se:cdpVersion: 138.0.7204.169, setWindowRect: true, strictFileInteractability: false, timeouts: {implicit: 0, pageLoad: 300000, script: 30000}, unhandledPromptBehavior: dismiss and notify, webauthn:extension:credBlob: true, webauthn:extension:largeBlob: true, webauthn:extension:minPinLength: true, webauthn:extension:prf: true, webauthn:virtualAuthenticators: true}
Session ID: ed78292d2b27600023862bb4fa15ccc1
	at java.base/jdk.internal.reflect.DirectConstructorHandleAccessor.newInstance(DirectConstructorHandleAccessor.java:62)
	at java.base/java.lang.reflect.Constructor.newInstanceWithCaller(Constructor.java:502)
	at java.base/java.lang.reflect.Constructor.newInstance(Constructor.java:486)
	at org.openqa.selenium.remote.ErrorCodec.decode(ErrorCodec.java:167)
	at org.openqa.selenium.remote.codec.w3c.W3CHttpResponseCodec.decode(W3CHttpResponseCodec.java:138)
	at org.openqa.selenium.remote.codec.w3c.W3CHttpResponseCodec.decode(W3CHttpResponseCodec.java:50)
	at org.openqa.selenium.remote.HttpCommandExecutor.execute(HttpCommandExecutor.java:190)
	at org.openqa.selenium.remote.service.DriverCommandExecutor.invokeExecute(DriverCommandExecutor.java:216)
	at org.openqa.selenium.remote.service.DriverCommandExecutor.execute(DriverCommandExecutor.java:174)
	at org.openqa.selenium.remote.RemoteWebDriver.execute(RemoteWebDriver.java:545)
	at org.openqa.selenium.remote.ElementLocation$ElementFinder$2.findElement(ElementLocation.java:165)
	at org.openqa.selenium.remote.ElementLocation.findElement(ElementLocation.java:59)
	at org.openqa.selenium.remote.RemoteWebDriver.findElement(RemoteWebDriver.java:368)
	at org.openqa.selenium.remote.RemoteWebDriver.findElement(RemoteWebDriver.java:362)
	at org.openqa.selenium.support.pagefactory.DefaultElementLocator.findElement(DefaultElementLocator.java:68)
	at org.openqa.selenium.support.pagefactory.internal.LocatingElementHandler.invoke(LocatingElementHandler.java:38)
	at jdk.proxy2/jdk.proxy2.$Proxy14.clear(Unknown Source)
	at lt.insoft.uztis.pages.SubmittedApplicationsPage.enterEmailAddress(SubmittedApplicationsPage.java:547)
	at lt.insoft.uztis.tests.SubmittedApplicationsPageTest.testFillNewDVPApplicationFA(SubmittedApplicationsPageTest.java:646)
	at java.base/jdk.internal.reflect.DirectMethodHandleAccessor.invoke(DirectMethodHandleAccessor.java:103)
	at java.base/java.lang.reflect.Method.invoke(Method.java:580)
	at org.junit.platform.commons.util.ReflectionUtils.invokeMethod(ReflectionUtils.java:728)
	at org.junit.jupiter.engine.execution.MethodInvocation.proceed(MethodInvocation.java:60)
	at org.junit.jupiter.engine.execution.InvocationInterceptorChain$ValidatingInvocation.proceed(InvocationInterceptorChain.java:131)
	at org.junit.jupiter.engine.extension.TimeoutExtension.intercept(TimeoutExtension.java:156)
	at org.junit.jupiter.engine.extension.TimeoutExtension.interceptTestableMethod(TimeoutExtension.java:147)
	at org.junit.jupiter.engine.extension.TimeoutExtension.interceptTestMethod(TimeoutExtension.java:86)
	at org.junit.jupiter.engine.execution.InterceptingExecutableInvoker$ReflectiveInterceptorCall.lambda$ofVoidMethod$0(InterceptingExecutableInvoker.java:103)
	at org.junit.jupiter.engine.execution.InterceptingExecutableInvoker.lambda$invoke$0(InterceptingExecutableInvoker.java:93)
	at org.junit.jupiter.engine.execution.InvocationInterceptorChain$InterceptedInvocation.proceed(InvocationInterceptorChain.java:106)
	at org.junit.jupiter.engine.execution.InvocationInterceptorChain.proceed(InvocationInterceptorChain.java:64)
	at org.junit.jupiter.engine.execution.InvocationInterceptorChain.chainAndInvoke(InvocationInterceptorChain.java:45)
	at org.junit.jupiter.engine.execution.InvocationInterceptorChain.invoke(InvocationInterceptorChain.java:37)
	at org.junit.jupiter.engine.execution.InterceptingExecutableInvoker.invoke(InterceptingExecutableInvoker.java:92)
	at org.junit.jupiter.engine.execution.InterceptingExecutableInvoker.invoke(InterceptingExecutableInvoker.java:86)
	at org.junit.jupiter.engine.descriptor.TestMethodTestDescriptor.lambda$invokeTestMethod$7(TestMethodTestDescriptor.java:218)
	at org.junit.platform.engine.support.hierarchical.ThrowableCollector.execute(ThrowableCollector.java:73)
	at org.junit.jupiter.engine.descriptor.TestMethodTestDescriptor.invokeTestMethod(TestMethodTestDescriptor.java:214)
	at org.junit.jupiter.engine.descriptor.TestMethodTestDescriptor.execute(TestMethodTestDescriptor.java:139)
	at org.junit.jupiter.engine.descriptor.TestMethodTestDescriptor.execute(TestMethodTestDescriptor.java:69)
	at org.junit.platform.engine.support.hierarchical.NodeTestTask.lambda$executeRecursively$6(NodeTestTask.java:151)
	at org.junit.platform.engine.support.hierarchical.ThrowableCollector.execute(ThrowableCollector.java:73)
	at org.junit.platform.engine.support.hierarchical.NodeTestTask.lambda$executeRecursively$8(NodeTestTask.java:141)
	at org.junit.platform.engine.support.hierarchical.Node.around(Node.java:137)
	at org.junit.platform.engine.support.hierarchical.NodeTestTask.lambda$executeRecursively$9(NodeTestTask.java:139)
	at org.junit.platform.engine.support.hierarchical.ThrowableCollector.execute(ThrowableCollector.java:73)
	at org.junit.platform.engine.support.hierarchical.NodeTestTask.executeRecursively(NodeTestTask.java:138)
	at org.junit.platform.engine.support.hierarchical.NodeTestTask.execute(NodeTestTask.java:95)
	at java.base/java.util.ArrayList.forEach(ArrayList.java:1596)
	at org.junit.platform.engine.support.hierarchical.SameThreadHierarchicalTestExecutorService.invokeAll(SameThreadHierarchicalTestExecutorService.java:41)
	at org.junit.platform.engine.support.hierarchical.NodeTestTask.lambda$executeRecursively$6(NodeTestTask.java:155)
	at org.junit.platform.engine.support.hierarchical.ThrowableCollector.execute(ThrowableCollector.java:73)
	at org.junit.platform.engine.support.hierarchical.NodeTestTask.lambda$executeRecursively$8(NodeTestTask.java:141)
	at org.junit.platform.engine.support.hierarchical.Node.around(Node.java:137)
	at org.junit.platform.engine.support.hierarchical.NodeTestTask.lambda$executeRecursively$9(NodeTestTask.java:139)
	at org.junit.platform.engine.support.hierarchical.ThrowableCollector.execute(ThrowableCollector.java:73)
	at org.junit.platform.engine.support.hierarchical.NodeTestTask.executeRecursively(NodeTestTask.java:138)
	at org.junit.platform.engine.support.hierarchical.NodeTestTask.execute(NodeTestTask.java:95)
	at java.base/java.util.ArrayList.forEach(ArrayList.java:1596)
	at org.junit.platform.engine.support.hierarchical.SameThreadHierarchicalTestExecutorService.invokeAll(SameThreadHierarchicalTestExecutorService.java:41)
	at org.junit.platform.engine.support.hierarchical.NodeTestTask.lambda$executeRecursively$6(NodeTestTask.java:155)
	at org.junit.platform.engine.support.hierarchical.ThrowableCollector.execute(ThrowableCollector.java:73)
	at org.junit.platform.engine.support.hierarchical.NodeTestTask.lambda$executeRecursively$8(NodeTestTask.java:141)
	at org.junit.platform.engine.support.hierarchical.Node.around(Node.java:137)
	at org.junit.platform.engine.support.hierarchical.NodeTestTask.lambda$executeRecursively$9(NodeTestTask.java:139)
	at org.junit.platform.engine.support.hierarchical.ThrowableCollector.execute(ThrowableCollector.java:73)
	at org.junit.platform.engine.support.hierarchical.NodeTestTask.executeRecursively(NodeTestTask.java:138)
	at org.junit.platform.engine.support.hierarchical.NodeTestTask.execute(NodeTestTask.java:95)
	at org.junit.platform.engine.support.hierarchical.SameThreadHierarchicalTestExecutorService.submit(SameThreadHierarchicalTestExecutorService.java:35)
	at org.junit.platform.engine.support.hierarchical.HierarchicalTestExecutor.execute(HierarchicalTestExecutor.java:57)
	at org.junit.platform.engine.support.hierarchical.HierarchicalTestEngine.execute(HierarchicalTestEngine.java:54)
	at org.junit.platform.launcher.core.EngineExecutionOrchestrator.execute(EngineExecutionOrchestrator.java:198)
	at org.junit.platform.launcher.core.EngineExecutionOrchestrator.execute(EngineExecutionOrchestrator.java:169)
	at org.junit.platform.launcher.core.EngineExecutionOrchestrator.execute(EngineExecutionOrchestrator.java:93)
	at org.junit.platform.launcher.core.EngineExecutionOrchestrator.lambda$execute$0(EngineExecutionOrchestrator.java:58)
	at org.junit.platform.launcher.core.EngineExecutionOrchestrator.withInterceptedStreams(EngineExecutionOrchestrator.java:141)
	at org.junit.platform.launcher.core.EngineExecutionOrchestrator.execute(EngineExecutionOrchestrator.java:57)
	at org.junit.platform.launcher.core.DefaultLauncher.execute(DefaultLauncher.java:103)
	at org.junit.platform.launcher.core.DefaultLauncher.execute(DefaultLauncher.java:85)
	at org.junit.platform.launcher.core.DelegatingLauncher.execute(DelegatingLauncher.java:47)
	at org.junit.platform.launcher.core.SessionPerRequestLauncher.execute(SessionPerRequestLauncher.java:63)
	at com.intellij.junit5.JUnit5IdeaTestRunner.startRunnerWithArgs(JUnit5IdeaTestRunner.java:57)
	at com.intellij.rt.junit.IdeaTestRunner$Repeater$1.execute(IdeaTestRunner.java:38)
	at com.intellij.rt.execution.junit.TestsRepeater.repeat(TestsRepeater.java:11)
	at com.intellij.rt.junit.IdeaTestRunner$Repeater.startRunnerWithArgs(IdeaTestRunner.java:35)
	at com.intellij.rt.junit.JUnitStarter.prepareStreamsAndStart(JUnitStarter.java:232)
	at com.intellij.rt.junit.JUnitStarter.main(JUnitStarter.java:55)
2025-07-29 09:55:14 [main] INFO  lt.insoft.uztis.tests.UztisPageTest - Navigated to https://uztisdev.asseco.lt/home
2025-07-29 09:55:14 [main] INFO  l.i.u.t.SubmittedApplicationsPageTest - Starting test:'testFillNewDVPApplicationFA'
2025-07-29 09:55:15 [main] INFO  l.insoft.uztis.tests.utils.TestUtils - Login attempt with user: evaluation_chief
2025-07-29 09:55:15 [main] DEBUG l.i.u.t.SubmittedApplicationsPageTest - User logged in with test credentials
2025-07-29 09:55:15 [main] DEBUG l.i.u.t.SubmittedApplicationsPageTest - Opened 'Application Processing' menu.
2025-07-29 09:55:15 [main] DEBUG l.i.u.t.SubmittedApplicationsPageTest - Clicked on 'Application Forms' menu.
2025-07-29 09:55:16 [main] DEBUG l.i.u.t.SubmittedApplicationsPageTest - Retrieved last description code text: 'TST-DVP-42'.
2025-07-29 09:55:16 [main] DEBUG l.i.u.t.SubmittedApplicationsPageTest - Clicked on 'Invitation' menu.
2025-07-29 09:55:17 [main] DEBUG l.i.u.t.SubmittedApplicationsPageTest - Selected application section by code: 'TST-DVP-42'.
2025-07-29 09:55:18 [main] DEBUG l.i.u.t.SubmittedApplicationsPageTest - Clicked 'Search' button.
2025-07-29 09:55:18 [main] DEBUG l.i.u.t.SubmittedApplicationsPageTest - Retrieved invitation code: ''.
2025-07-29 09:55:18 [main] DEBUG l.i.u.t.SubmittedApplicationsPageTest - Clicked on 'Submitted Applications' menu.
2025-07-29 09:55:19 [main] DEBUG l.i.u.t.SubmittedApplicationsPageTest - Selected invitation by code: 'TST-DVP-42'.
2025-07-29 09:55:19 [main] DEBUG l.i.u.t.SubmittedApplicationsPageTest - Invitation code inserted.
2025-07-29 09:55:19 [main] DEBUG l.i.u.t.SubmittedApplicationsPageTest - Clicked on 'Action Application' button.
2025-07-29 09:55:20 [main] DEBUG l.i.u.t.SubmittedApplicationsPageTest - Clicked on 'New Application' button.
2025-07-29 09:55:20 [main] DEBUG l.i.u.t.SubmittedApplicationsPageTest - Selected the 'RadioButtonFA' option.
2025-07-29 09:55:20 [main] INFO  l.i.u.p.SubmittedApplicationsPage - Located the dropdown button.
2025-07-29 09:55:20 [main] INFO  l.i.u.p.SubmittedApplicationsPage - Found 1 options in the dropdown.
2025-07-29 09:55:20 [main] WARN  l.i.u.p.SubmittedApplicationsPage - The value 'PAVARDENIS GR777' was not found among the options.
2025-07-29 09:55:20 [main] ERROR l.i.u.p.SubmittedApplicationsPage - Error selecting value from the list: The value 'PAVARDENIS GR777' was not found in the dropdown.
2025-07-29 09:55:20 [main] ERROR l.i.u.t.SubmittedApplicationsPageTest - Test 'testFillNewDVPApplicationFA' failed with error: Failed to select from the list
java.lang.RuntimeException: Failed to select from the list
	at lt.insoft.uztis.pages.SubmittedApplicationsPage.selectValueApplicant(SubmittedApplicationsPage.java:652)
	at lt.insoft.uztis.tests.SubmittedApplicationsPageTest.testFillNewDVPApplicationFA(SubmittedApplicationsPageTest.java:642)
	at java.base/jdk.internal.reflect.DirectMethodHandleAccessor.invoke(DirectMethodHandleAccessor.java:103)
	at java.base/java.lang.reflect.Method.invoke(Method.java:580)
	at org.junit.platform.commons.util.ReflectionUtils.invokeMethod(ReflectionUtils.java:728)
	at org.junit.jupiter.engine.execution.MethodInvocation.proceed(MethodInvocation.java:60)
	at org.junit.jupiter.engine.execution.InvocationInterceptorChain$ValidatingInvocation.proceed(InvocationInterceptorChain.java:131)
	at org.junit.jupiter.engine.extension.TimeoutExtension.intercept(TimeoutExtension.java:156)
	at org.junit.jupiter.engine.extension.TimeoutExtension.interceptTestableMethod(TimeoutExtension.java:147)
	at org.junit.jupiter.engine.extension.TimeoutExtension.interceptTestMethod(TimeoutExtension.java:86)
	at org.junit.jupiter.engine.execution.InterceptingExecutableInvoker$ReflectiveInterceptorCall.lambda$ofVoidMethod$0(InterceptingExecutableInvoker.java:103)
	at org.junit.jupiter.engine.execution.InterceptingExecutableInvoker.lambda$invoke$0(InterceptingExecutableInvoker.java:93)
	at org.junit.jupiter.engine.execution.InvocationInterceptorChain$InterceptedInvocation.proceed(InvocationInterceptorChain.java:106)
	at org.junit.jupiter.engine.execution.InvocationInterceptorChain.proceed(InvocationInterceptorChain.java:64)
	at org.junit.jupiter.engine.execution.InvocationInterceptorChain.chainAndInvoke(InvocationInterceptorChain.java:45)
	at org.junit.jupiter.engine.execution.InvocationInterceptorChain.invoke(InvocationInterceptorChain.java:37)
	at org.junit.jupiter.engine.execution.InterceptingExecutableInvoker.invoke(InterceptingExecutableInvoker.java:92)
	at org.junit.jupiter.engine.execution.InterceptingExecutableInvoker.invoke(InterceptingExecutableInvoker.java:86)
	at org.junit.jupiter.engine.descriptor.TestMethodTestDescriptor.lambda$invokeTestMethod$7(TestMethodTestDescriptor.java:218)
	at org.junit.platform.engine.support.hierarchical.ThrowableCollector.execute(ThrowableCollector.java:73)
	at org.junit.jupiter.engine.descriptor.TestMethodTestDescriptor.invokeTestMethod(TestMethodTestDescriptor.java:214)
	at org.junit.jupiter.engine.descriptor.TestMethodTestDescriptor.execute(TestMethodTestDescriptor.java:139)
	at org.junit.jupiter.engine.descriptor.TestMethodTestDescriptor.execute(TestMethodTestDescriptor.java:69)
	at org.junit.platform.engine.support.hierarchical.NodeTestTask.lambda$executeRecursively$6(NodeTestTask.java:151)
	at org.junit.platform.engine.support.hierarchical.ThrowableCollector.execute(ThrowableCollector.java:73)
	at org.junit.platform.engine.support.hierarchical.NodeTestTask.lambda$executeRecursively$8(NodeTestTask.java:141)
	at org.junit.platform.engine.support.hierarchical.Node.around(Node.java:137)
	at org.junit.platform.engine.support.hierarchical.NodeTestTask.lambda$executeRecursively$9(NodeTestTask.java:139)
	at org.junit.platform.engine.support.hierarchical.ThrowableCollector.execute(ThrowableCollector.java:73)
	at org.junit.platform.engine.support.hierarchical.NodeTestTask.executeRecursively(NodeTestTask.java:138)
	at org.junit.platform.engine.support.hierarchical.NodeTestTask.execute(NodeTestTask.java:95)
	at java.base/java.util.ArrayList.forEach(ArrayList.java:1596)
	at org.junit.platform.engine.support.hierarchical.SameThreadHierarchicalTestExecutorService.invokeAll(SameThreadHierarchicalTestExecutorService.java:41)
	at org.junit.platform.engine.support.hierarchical.NodeTestTask.lambda$executeRecursively$6(NodeTestTask.java:155)
	at org.junit.platform.engine.support.hierarchical.ThrowableCollector.execute(ThrowableCollector.java:73)
	at org.junit.platform.engine.support.hierarchical.NodeTestTask.lambda$executeRecursively$8(NodeTestTask.java:141)
	at org.junit.platform.engine.support.hierarchical.Node.around(Node.java:137)
	at org.junit.platform.engine.support.hierarchical.NodeTestTask.lambda$executeRecursively$9(NodeTestTask.java:139)
	at org.junit.platform.engine.support.hierarchical.ThrowableCollector.execute(ThrowableCollector.java:73)
	at org.junit.platform.engine.support.hierarchical.NodeTestTask.executeRecursively(NodeTestTask.java:138)
	at org.junit.platform.engine.support.hierarchical.NodeTestTask.execute(NodeTestTask.java:95)
	at java.base/java.util.ArrayList.forEach(ArrayList.java:1596)
	at org.junit.platform.engine.support.hierarchical.SameThreadHierarchicalTestExecutorService.invokeAll(SameThreadHierarchicalTestExecutorService.java:41)
	at org.junit.platform.engine.support.hierarchical.NodeTestTask.lambda$executeRecursively$6(NodeTestTask.java:155)
	at org.junit.platform.engine.support.hierarchical.ThrowableCollector.execute(ThrowableCollector.java:73)
	at org.junit.platform.engine.support.hierarchical.NodeTestTask.lambda$executeRecursively$8(NodeTestTask.java:141)
	at org.junit.platform.engine.support.hierarchical.Node.around(Node.java:137)
	at org.junit.platform.engine.support.hierarchical.NodeTestTask.lambda$executeRecursively$9(NodeTestTask.java:139)
	at org.junit.platform.engine.support.hierarchical.ThrowableCollector.execute(ThrowableCollector.java:73)
	at org.junit.platform.engine.support.hierarchical.NodeTestTask.executeRecursively(NodeTestTask.java:138)
	at org.junit.platform.engine.support.hierarchical.NodeTestTask.execute(NodeTestTask.java:95)
	at org.junit.platform.engine.support.hierarchical.SameThreadHierarchicalTestExecutorService.submit(SameThreadHierarchicalTestExecutorService.java:35)
	at org.junit.platform.engine.support.hierarchical.HierarchicalTestExecutor.execute(HierarchicalTestExecutor.java:57)
	at org.junit.platform.engine.support.hierarchical.HierarchicalTestEngine.execute(HierarchicalTestEngine.java:54)
	at org.junit.platform.launcher.core.EngineExecutionOrchestrator.execute(EngineExecutionOrchestrator.java:198)
	at org.junit.platform.launcher.core.EngineExecutionOrchestrator.execute(EngineExecutionOrchestrator.java:169)
	at org.junit.platform.launcher.core.EngineExecutionOrchestrator.execute(EngineExecutionOrchestrator.java:93)
	at org.junit.platform.launcher.core.EngineExecutionOrchestrator.lambda$execute$0(EngineExecutionOrchestrator.java:58)
	at org.junit.platform.launcher.core.EngineExecutionOrchestrator.withInterceptedStreams(EngineExecutionOrchestrator.java:141)
	at org.junit.platform.launcher.core.EngineExecutionOrchestrator.execute(EngineExecutionOrchestrator.java:57)
	at org.junit.platform.launcher.core.DefaultLauncher.execute(DefaultLauncher.java:103)
	at org.junit.platform.launcher.core.DefaultLauncher.execute(DefaultLauncher.java:85)
	at org.junit.platform.launcher.core.DelegatingLauncher.execute(DelegatingLauncher.java:47)
	at org.junit.platform.launcher.core.SessionPerRequestLauncher.execute(SessionPerRequestLauncher.java:63)
	at com.intellij.junit5.JUnit5IdeaTestRunner.startRunnerWithArgs(JUnit5IdeaTestRunner.java:57)
	at com.intellij.rt.junit.IdeaTestRunner$Repeater$1.execute(IdeaTestRunner.java:38)
	at com.intellij.rt.execution.junit.TestsRepeater.repeat(TestsRepeater.java:11)
	at com.intellij.rt.junit.IdeaTestRunner$Repeater.startRunnerWithArgs(IdeaTestRunner.java:35)
	at com.intellij.rt.junit.JUnitStarter.prepareStreamsAndStart(JUnitStarter.java:232)
	at com.intellij.rt.junit.JUnitStarter.main(JUnitStarter.java:55)
Caused by: java.lang.RuntimeException: The value 'PAVARDENIS GR777' was not found in the dropdown.
	at lt.insoft.uztis.pages.SubmittedApplicationsPage.selectValueApplicant(SubmittedApplicationsPage.java:632)
	... 69 common frames omitted
2025-07-29 09:55:20 [main] INFO  l.insoft.uztis.tests.utils.TestUtils - Screenshot moved to C:\Users\ingrida.zadorozniene\Desktop\Asm\UZTIS\UZTIS_tests\test-output\screenshots\20250729\095520747_testFillNewDVPApplicationFA().png
2025-07-29 10:00:15 [main] INFO  lt.insoft.uztis.tests.UztisPageTest - Navigated to https://uztisdev.asseco.lt/home
2025-07-29 10:00:15 [main] INFO  l.i.u.t.SubmittedApplicationsPageTest - Starting test:'testFillNewDVPApplicationFA'
2025-07-29 10:00:15 [main] INFO  l.insoft.uztis.tests.utils.TestUtils - Login attempt with user: evaluation_chief
2025-07-29 10:00:15 [main] DEBUG l.i.u.t.SubmittedApplicationsPageTest - User logged in with test credentials
2025-07-29 10:00:16 [main] DEBUG l.i.u.t.SubmittedApplicationsPageTest - Opened 'Application Processing' menu.
2025-07-29 10:00:16 [main] DEBUG l.i.u.t.SubmittedApplicationsPageTest - Clicked on 'Application Forms' menu.
2025-07-29 10:00:17 [main] DEBUG l.i.u.t.SubmittedApplicationsPageTest - Retrieved last description code text: 'TST-DVP-42'.
2025-07-29 10:00:17 [main] DEBUG l.i.u.t.SubmittedApplicationsPageTest - Clicked on 'Invitation' menu.
2025-07-29 10:00:18 [main] DEBUG l.i.u.t.SubmittedApplicationsPageTest - Selected application section by code: 'TST-DVP-42'.
2025-07-29 10:00:18 [main] DEBUG l.i.u.t.SubmittedApplicationsPageTest - Clicked 'Search' button.
2025-07-29 10:00:18 [main] DEBUG l.i.u.t.SubmittedApplicationsPageTest - Retrieved invitation code: ''.
2025-07-29 10:00:19 [main] DEBUG l.i.u.t.SubmittedApplicationsPageTest - Clicked on 'Submitted Applications' menu.
2025-07-29 10:00:20 [main] DEBUG l.i.u.t.SubmittedApplicationsPageTest - Selected invitation by code: 'TST-DVP-42'.
2025-07-29 10:00:20 [main] DEBUG l.i.u.t.SubmittedApplicationsPageTest - Invitation code inserted.
2025-07-29 10:00:20 [main] DEBUG l.i.u.t.SubmittedApplicationsPageTest - Clicked on 'Action Application' button.
2025-07-29 10:00:21 [main] DEBUG l.i.u.t.SubmittedApplicationsPageTest - Clicked on 'New Application' button.
2025-07-29 10:00:22 [main] DEBUG l.i.u.t.SubmittedApplicationsPageTest - Selected the 'RadioButtonFA' option.
2025-07-29 10:00:22 [main] INFO  l.i.u.p.SubmittedApplicationsPage - Located the dropdown button.
2025-07-29 10:00:22 [main] WARN  l.i.u.p.SubmittedApplicationsPage - Dropdown value 'PAVARDENIS GR777' not found.
2025-07-29 10:00:52 [main] ERROR l.i.u.p.SubmittedApplicationsPage - Timeout while waiting for dropdown to close with aria-expanded = 'false'.
2025-07-29 10:00:52 [main] DEBUG l.i.u.t.SubmittedApplicationsPageTest - Selected applicant: 'PAVARDENIS GR777'.
2025-07-29 10:01:02 [main] DEBUG l.i.u.t.SubmittedApplicationsPageTest - Entered phone number: '61298745'.
2025-07-29 10:01:12 [main] ERROR l.i.u.t.SubmittedApplicationsPageTest - Test 'testFillNewDVPApplicationFA' failed with error: no such element: Unable to locate element: {"method":"xpath","selector":"//mat-form-field[contains(.//label, 'El. pašto adresas')]//input"}
  (Session info: chrome=138.0.7204.169)
For documentation on this error, please visit: https://www.selenium.dev/documentation/webdriver/troubleshooting/errors#no-such-element-exception
Build info: version: '4.27.0', revision: 'd6e718d134'
System info: os.name: 'Windows 11', os.arch: 'amd64', os.version: '10.0', java.version: '21.0.3'
Driver info: org.openqa.selenium.chrome.ChromeDriver
Command: [1b3f30e468e0b6c869a6ebe8837ea655, findElement {value=//mat-form-field[contains(.//label, 'El. pašto adresas')]//input, using=xpath}]
Capabilities {acceptInsecureCerts: false, browserName: chrome, browserVersion: 138.0.7204.169, chrome: {chromedriverVersion: 138.0.7204.168 (3e8d82e86e9..., userDataDir: C:\Users\INGRID~1.ZAD\AppDa...}, fedcm:accounts: true, goog:chromeOptions: {debuggerAddress: localhost:50892}, networkConnectionEnabled: false, pageLoadStrategy: normal, platformName: windows, proxy: Proxy(), se:cdp: ws://localhost:50892/devtoo..., se:cdpVersion: 138.0.7204.169, setWindowRect: true, strictFileInteractability: false, timeouts: {implicit: 0, pageLoad: 300000, script: 30000}, unhandledPromptBehavior: dismiss and notify, webauthn:extension:credBlob: true, webauthn:extension:largeBlob: true, webauthn:extension:minPinLength: true, webauthn:extension:prf: true, webauthn:virtualAuthenticators: true}
Session ID: 1b3f30e468e0b6c869a6ebe8837ea655
org.openqa.selenium.NoSuchElementException: no such element: Unable to locate element: {"method":"xpath","selector":"//mat-form-field[contains(.//label, 'El. pašto adresas')]//input"}
  (Session info: chrome=138.0.7204.169)
For documentation on this error, please visit: https://www.selenium.dev/documentation/webdriver/troubleshooting/errors#no-such-element-exception
Build info: version: '4.27.0', revision: 'd6e718d134'
System info: os.name: 'Windows 11', os.arch: 'amd64', os.version: '10.0', java.version: '21.0.3'
Driver info: org.openqa.selenium.chrome.ChromeDriver
Command: [1b3f30e468e0b6c869a6ebe8837ea655, findElement {value=//mat-form-field[contains(.//label, 'El. pašto adresas')]//input, using=xpath}]
Capabilities {acceptInsecureCerts: false, browserName: chrome, browserVersion: 138.0.7204.169, chrome: {chromedriverVersion: 138.0.7204.168 (3e8d82e86e9..., userDataDir: C:\Users\INGRID~1.ZAD\AppDa...}, fedcm:accounts: true, goog:chromeOptions: {debuggerAddress: localhost:50892}, networkConnectionEnabled: false, pageLoadStrategy: normal, platformName: windows, proxy: Proxy(), se:cdp: ws://localhost:50892/devtoo..., se:cdpVersion: 138.0.7204.169, setWindowRect: true, strictFileInteractability: false, timeouts: {implicit: 0, pageLoad: 300000, script: 30000}, unhandledPromptBehavior: dismiss and notify, webauthn:extension:credBlob: true, webauthn:extension:largeBlob: true, webauthn:extension:minPinLength: true, webauthn:extension:prf: true, webauthn:virtualAuthenticators: true}
Session ID: 1b3f30e468e0b6c869a6ebe8837ea655
	at java.base/jdk.internal.reflect.DirectConstructorHandleAccessor.newInstance(DirectConstructorHandleAccessor.java:62)
	at java.base/java.lang.reflect.Constructor.newInstanceWithCaller(Constructor.java:502)
	at java.base/java.lang.reflect.Constructor.newInstance(Constructor.java:486)
	at org.openqa.selenium.remote.ErrorCodec.decode(ErrorCodec.java:167)
	at org.openqa.selenium.remote.codec.w3c.W3CHttpResponseCodec.decode(W3CHttpResponseCodec.java:138)
	at org.openqa.selenium.remote.codec.w3c.W3CHttpResponseCodec.decode(W3CHttpResponseCodec.java:50)
	at org.openqa.selenium.remote.HttpCommandExecutor.execute(HttpCommandExecutor.java:190)
	at org.openqa.selenium.remote.service.DriverCommandExecutor.invokeExecute(DriverCommandExecutor.java:216)
	at org.openqa.selenium.remote.service.DriverCommandExecutor.execute(DriverCommandExecutor.java:174)
	at org.openqa.selenium.remote.RemoteWebDriver.execute(RemoteWebDriver.java:545)
	at org.openqa.selenium.remote.ElementLocation$ElementFinder$2.findElement(ElementLocation.java:165)
	at org.openqa.selenium.remote.ElementLocation.findElement(ElementLocation.java:59)
	at org.openqa.selenium.remote.RemoteWebDriver.findElement(RemoteWebDriver.java:368)
	at org.openqa.selenium.remote.RemoteWebDriver.findElement(RemoteWebDriver.java:362)
	at org.openqa.selenium.support.pagefactory.DefaultElementLocator.findElement(DefaultElementLocator.java:68)
	at org.openqa.selenium.support.pagefactory.internal.LocatingElementHandler.invoke(LocatingElementHandler.java:38)
	at jdk.proxy2/jdk.proxy2.$Proxy14.clear(Unknown Source)
	at lt.insoft.uztis.pages.SubmittedApplicationsPage.enterEmailAddress(SubmittedApplicationsPage.java:550)
	at lt.insoft.uztis.tests.SubmittedApplicationsPageTest.testFillNewDVPApplicationFA(SubmittedApplicationsPageTest.java:651)
	at java.base/jdk.internal.reflect.DirectMethodHandleAccessor.invoke(DirectMethodHandleAccessor.java:103)
	at java.base/java.lang.reflect.Method.invoke(Method.java:580)
	at org.junit.platform.commons.util.ReflectionUtils.invokeMethod(ReflectionUtils.java:728)
	at org.junit.jupiter.engine.execution.MethodInvocation.proceed(MethodInvocation.java:60)
	at org.junit.jupiter.engine.execution.InvocationInterceptorChain$ValidatingInvocation.proceed(InvocationInterceptorChain.java:131)
	at org.junit.jupiter.engine.extension.TimeoutExtension.intercept(TimeoutExtension.java:156)
	at org.junit.jupiter.engine.extension.TimeoutExtension.interceptTestableMethod(TimeoutExtension.java:147)
	at org.junit.jupiter.engine.extension.TimeoutExtension.interceptTestMethod(TimeoutExtension.java:86)
	at org.junit.jupiter.engine.execution.InterceptingExecutableInvoker$ReflectiveInterceptorCall.lambda$ofVoidMethod$0(InterceptingExecutableInvoker.java:103)
	at org.junit.jupiter.engine.execution.InterceptingExecutableInvoker.lambda$invoke$0(InterceptingExecutableInvoker.java:93)
	at org.junit.jupiter.engine.execution.InvocationInterceptorChain$InterceptedInvocation.proceed(InvocationInterceptorChain.java:106)
	at org.junit.jupiter.engine.execution.InvocationInterceptorChain.proceed(InvocationInterceptorChain.java:64)
	at org.junit.jupiter.engine.execution.InvocationInterceptorChain.chainAndInvoke(InvocationInterceptorChain.java:45)
	at org.junit.jupiter.engine.execution.InvocationInterceptorChain.invoke(InvocationInterceptorChain.java:37)
	at org.junit.jupiter.engine.execution.InterceptingExecutableInvoker.invoke(InterceptingExecutableInvoker.java:92)
	at org.junit.jupiter.engine.execution.InterceptingExecutableInvoker.invoke(InterceptingExecutableInvoker.java:86)
	at org.junit.jupiter.engine.descriptor.TestMethodTestDescriptor.lambda$invokeTestMethod$7(TestMethodTestDescriptor.java:218)
	at org.junit.platform.engine.support.hierarchical.ThrowableCollector.execute(ThrowableCollector.java:73)
	at org.junit.jupiter.engine.descriptor.TestMethodTestDescriptor.invokeTestMethod(TestMethodTestDescriptor.java:214)
	at org.junit.jupiter.engine.descriptor.TestMethodTestDescriptor.execute(TestMethodTestDescriptor.java:139)
	at org.junit.jupiter.engine.descriptor.TestMethodTestDescriptor.execute(TestMethodTestDescriptor.java:69)
	at org.junit.platform.engine.support.hierarchical.NodeTestTask.lambda$executeRecursively$6(NodeTestTask.java:151)
	at org.junit.platform.engine.support.hierarchical.ThrowableCollector.execute(ThrowableCollector.java:73)
	at org.junit.platform.engine.support.hierarchical.NodeTestTask.lambda$executeRecursively$8(NodeTestTask.java:141)
	at org.junit.platform.engine.support.hierarchical.Node.around(Node.java:137)
	at org.junit.platform.engine.support.hierarchical.NodeTestTask.lambda$executeRecursively$9(NodeTestTask.java:139)
	at org.junit.platform.engine.support.hierarchical.ThrowableCollector.execute(ThrowableCollector.java:73)
	at org.junit.platform.engine.support.hierarchical.NodeTestTask.executeRecursively(NodeTestTask.java:138)
	at org.junit.platform.engine.support.hierarchical.NodeTestTask.execute(NodeTestTask.java:95)
	at java.base/java.util.ArrayList.forEach(ArrayList.java:1596)
	at org.junit.platform.engine.support.hierarchical.SameThreadHierarchicalTestExecutorService.invokeAll(SameThreadHierarchicalTestExecutorService.java:41)
	at org.junit.platform.engine.support.hierarchical.NodeTestTask.lambda$executeRecursively$6(NodeTestTask.java:155)
	at org.junit.platform.engine.support.hierarchical.ThrowableCollector.execute(ThrowableCollector.java:73)
	at org.junit.platform.engine.support.hierarchical.NodeTestTask.lambda$executeRecursively$8(NodeTestTask.java:141)
	at org.junit.platform.engine.support.hierarchical.Node.around(Node.java:137)
	at org.junit.platform.engine.support.hierarchical.NodeTestTask.lambda$executeRecursively$9(NodeTestTask.java:139)
	at org.junit.platform.engine.support.hierarchical.ThrowableCollector.execute(ThrowableCollector.java:73)
	at org.junit.platform.engine.support.hierarchical.NodeTestTask.executeRecursively(NodeTestTask.java:138)
	at org.junit.platform.engine.support.hierarchical.NodeTestTask.execute(NodeTestTask.java:95)
	at java.base/java.util.ArrayList.forEach(ArrayList.java:1596)
	at org.junit.platform.engine.support.hierarchical.SameThreadHierarchicalTestExecutorService.invokeAll(SameThreadHierarchicalTestExecutorService.java:41)
	at org.junit.platform.engine.support.hierarchical.NodeTestTask.lambda$executeRecursively$6(NodeTestTask.java:155)
	at org.junit.platform.engine.support.hierarchical.ThrowableCollector.execute(ThrowableCollector.java:73)
	at org.junit.platform.engine.support.hierarchical.NodeTestTask.lambda$executeRecursively$8(NodeTestTask.java:141)
	at org.junit.platform.engine.support.hierarchical.Node.around(Node.java:137)
	at org.junit.platform.engine.support.hierarchical.NodeTestTask.lambda$executeRecursively$9(NodeTestTask.java:139)
	at org.junit.platform.engine.support.hierarchical.ThrowableCollector.execute(ThrowableCollector.java:73)
	at org.junit.platform.engine.support.hierarchical.NodeTestTask.executeRecursively(NodeTestTask.java:138)
	at org.junit.platform.engine.support.hierarchical.NodeTestTask.execute(NodeTestTask.java:95)
	at org.junit.platform.engine.support.hierarchical.SameThreadHierarchicalTestExecutorService.submit(SameThreadHierarchicalTestExecutorService.java:35)
	at org.junit.platform.engine.support.hierarchical.HierarchicalTestExecutor.execute(HierarchicalTestExecutor.java:57)
	at org.junit.platform.engine.support.hierarchical.HierarchicalTestEngine.execute(HierarchicalTestEngine.java:54)
	at org.junit.platform.launcher.core.EngineExecutionOrchestrator.execute(EngineExecutionOrchestrator.java:198)
	at org.junit.platform.launcher.core.EngineExecutionOrchestrator.execute(EngineExecutionOrchestrator.java:169)
	at org.junit.platform.launcher.core.EngineExecutionOrchestrator.execute(EngineExecutionOrchestrator.java:93)
	at org.junit.platform.launcher.core.EngineExecutionOrchestrator.lambda$execute$0(EngineExecutionOrchestrator.java:58)
	at org.junit.platform.launcher.core.EngineExecutionOrchestrator.withInterceptedStreams(EngineExecutionOrchestrator.java:141)
	at org.junit.platform.launcher.core.EngineExecutionOrchestrator.execute(EngineExecutionOrchestrator.java:57)
	at org.junit.platform.launcher.core.DefaultLauncher.execute(DefaultLauncher.java:103)
	at org.junit.platform.launcher.core.DefaultLauncher.execute(DefaultLauncher.java:85)
	at org.junit.platform.launcher.core.DelegatingLauncher.execute(DelegatingLauncher.java:47)
	at org.junit.platform.launcher.core.SessionPerRequestLauncher.execute(SessionPerRequestLauncher.java:63)
	at com.intellij.junit5.JUnit5IdeaTestRunner.startRunnerWithArgs(JUnit5IdeaTestRunner.java:57)
	at com.intellij.rt.junit.IdeaTestRunner$Repeater$1.execute(IdeaTestRunner.java:38)
	at com.intellij.rt.execution.junit.TestsRepeater.repeat(TestsRepeater.java:11)
	at com.intellij.rt.junit.IdeaTestRunner$Repeater.startRunnerWithArgs(IdeaTestRunner.java:35)
	at com.intellij.rt.junit.JUnitStarter.prepareStreamsAndStart(JUnitStarter.java:232)
	at com.intellij.rt.junit.JUnitStarter.main(JUnitStarter.java:55)
2025-07-29 10:01:12 [main] INFO  l.insoft.uztis.tests.utils.TestUtils - Screenshot moved to C:\Users\ingrida.zadorozniene\Desktop\Asm\UZTIS\UZTIS_tests\test-output\screenshots\20250729\100112663_testFillNewDVPApplicationFA().png
2025-07-29 10:05:51 [main] INFO  lt.insoft.uztis.tests.UztisPageTest - Navigated to https://uztisdev.asseco.lt/home
2025-07-29 10:05:51 [main] INFO  l.i.u.t.SubmittedApplicationsPageTest - Starting test:'testFillNewDVPApplicationFA'
2025-07-29 10:05:51 [main] INFO  l.insoft.uztis.tests.utils.TestUtils - Login attempt with user: evaluation_chief
2025-07-29 10:05:51 [main] DEBUG l.i.u.t.SubmittedApplicationsPageTest - User logged in with test credentials
2025-07-29 10:05:52 [main] DEBUG l.i.u.t.SubmittedApplicationsPageTest - Opened 'Application Processing' menu.
2025-07-29 10:05:52 [main] DEBUG l.i.u.t.SubmittedApplicationsPageTest - Clicked on 'Application Forms' menu.
2025-07-29 10:05:52 [main] DEBUG l.i.u.t.SubmittedApplicationsPageTest - Retrieved last description code text: 'TST-DVP-42'.
2025-07-29 10:05:52 [main] DEBUG l.i.u.t.SubmittedApplicationsPageTest - Clicked on 'Invitation' menu.
2025-07-29 10:05:54 [main] DEBUG l.i.u.t.SubmittedApplicationsPageTest - Selected application section by code: 'TST-DVP-42'.
2025-07-29 10:05:54 [main] DEBUG l.i.u.t.SubmittedApplicationsPageTest - Clicked 'Search' button.
2025-07-29 10:05:54 [main] DEBUG l.i.u.t.SubmittedApplicationsPageTest - Retrieved invitation code: ''.
2025-07-29 10:05:54 [main] DEBUG l.i.u.t.SubmittedApplicationsPageTest - Clicked on 'Submitted Applications' menu.
2025-07-29 10:05:56 [main] DEBUG l.i.u.t.SubmittedApplicationsPageTest - Selected invitation by code: 'TST-DVP-42'.
2025-07-29 10:05:56 [main] DEBUG l.i.u.t.SubmittedApplicationsPageTest - Invitation code inserted.
2025-07-29 10:05:56 [main] DEBUG l.i.u.t.SubmittedApplicationsPageTest - Clicked on 'Action Application' button.
2025-07-29 10:05:56 [main] DEBUG l.i.u.t.SubmittedApplicationsPageTest - Clicked on 'New Application' button.
2025-07-29 10:05:57 [main] DEBUG l.i.u.t.SubmittedApplicationsPageTest - Selected the 'RadioButtonFA' option.
2025-07-29 10:05:57 [main] INFO  l.i.u.p.SubmittedApplicationsPage - Applicant dropdown opened.
2025-07-29 10:05:57 [main] DEBUG l.i.u.p.SubmittedApplicationsPage - Entered applicant search text: 'PAVARDENIS GR777'
2025-07-29 10:06:28 [main] ERROR l.i.u.p.SubmittedApplicationsPage - Failed to select applicant 'PAVARDENIS GR777': Expected condition failed: waiting for visibility of element located by By.xpath: //mat-option//span[normalize-space(text())='PAVARDENIS GR777'] (tried for 30 second(s) with 500 milliseconds interval)
Build info: version: '4.27.0', revision: 'd6e718d134'
System info: os.name: 'Windows 11', os.arch: 'amd64', os.version: '10.0', java.version: '21.0.3'
Driver info: org.openqa.selenium.chrome.ChromeDriver
Capabilities {acceptInsecureCerts: false, browserName: chrome, browserVersion: 138.0.7204.169, chrome: {chromedriverVersion: 138.0.7204.168 (3e8d82e86e9..., userDataDir: C:\Users\INGRID~1.ZAD\AppDa...}, fedcm:accounts: true, goog:chromeOptions: {debuggerAddress: localhost:51254}, networkConnectionEnabled: false, pageLoadStrategy: normal, platformName: windows, proxy: Proxy(), se:cdp: ws://localhost:51254/devtoo..., se:cdpVersion: 138.0.7204.169, setWindowRect: true, strictFileInteractability: false, timeouts: {implicit: 0, pageLoad: 300000, script: 30000}, unhandledPromptBehavior: dismiss and notify, webauthn:extension:credBlob: true, webauthn:extension:largeBlob: true, webauthn:extension:minPinLength: true, webauthn:extension:prf: true, webauthn:virtualAuthenticators: true}
Session ID: 7255843206f9797ebe47e830f0a28101
org.openqa.selenium.TimeoutException: Expected condition failed: waiting for visibility of element located by By.xpath: //mat-option//span[normalize-space(text())='PAVARDENIS GR777'] (tried for 30 second(s) with 500 milliseconds interval)
Build info: version: '4.27.0', revision: 'd6e718d134'
System info: os.name: 'Windows 11', os.arch: 'amd64', os.version: '10.0', java.version: '21.0.3'
Driver info: org.openqa.selenium.chrome.ChromeDriver
Capabilities {acceptInsecureCerts: false, browserName: chrome, browserVersion: 138.0.7204.169, chrome: {chromedriverVersion: 138.0.7204.168 (3e8d82e86e9..., userDataDir: C:\Users\INGRID~1.ZAD\AppDa...}, fedcm:accounts: true, goog:chromeOptions: {debuggerAddress: localhost:51254}, networkConnectionEnabled: false, pageLoadStrategy: normal, platformName: windows, proxy: Proxy(), se:cdp: ws://localhost:51254/devtoo..., se:cdpVersion: 138.0.7204.169, setWindowRect: true, strictFileInteractability: false, timeouts: {implicit: 0, pageLoad: 300000, script: 30000}, unhandledPromptBehavior: dismiss and notify, webauthn:extension:credBlob: true, webauthn:extension:largeBlob: true, webauthn:extension:minPinLength: true, webauthn:extension:prf: true, webauthn:virtualAuthenticators: true}
Session ID: 7255843206f9797ebe47e830f0a28101
	at org.openqa.selenium.support.ui.WebDriverWait.timeoutException(WebDriverWait.java:84)
	at org.openqa.selenium.support.ui.FluentWait.until(FluentWait.java:228)
	at lt.insoft.uztis.pages.SubmittedApplicationsPage.selectValueApplicant(SubmittedApplicationsPage.java:626)
	at lt.insoft.uztis.tests.SubmittedApplicationsPageTest.testFillNewDVPApplicationFA(SubmittedApplicationsPageTest.java:642)
	at java.base/jdk.internal.reflect.DirectMethodHandleAccessor.invoke(DirectMethodHandleAccessor.java:103)
	at java.base/java.lang.reflect.Method.invoke(Method.java:580)
	at org.junit.platform.commons.util.ReflectionUtils.invokeMethod(ReflectionUtils.java:728)
	at org.junit.jupiter.engine.execution.MethodInvocation.proceed(MethodInvocation.java:60)
	at org.junit.jupiter.engine.execution.InvocationInterceptorChain$ValidatingInvocation.proceed(InvocationInterceptorChain.java:131)
	at org.junit.jupiter.engine.extension.TimeoutExtension.intercept(TimeoutExtension.java:156)
	at org.junit.jupiter.engine.extension.TimeoutExtension.interceptTestableMethod(TimeoutExtension.java:147)
	at org.junit.jupiter.engine.extension.TimeoutExtension.interceptTestMethod(TimeoutExtension.java:86)
	at org.junit.jupiter.engine.execution.InterceptingExecutableInvoker$ReflectiveInterceptorCall.lambda$ofVoidMethod$0(InterceptingExecutableInvoker.java:103)
	at org.junit.jupiter.engine.execution.InterceptingExecutableInvoker.lambda$invoke$0(InterceptingExecutableInvoker.java:93)
	at org.junit.jupiter.engine.execution.InvocationInterceptorChain$InterceptedInvocation.proceed(InvocationInterceptorChain.java:106)
	at org.junit.jupiter.engine.execution.InvocationInterceptorChain.proceed(InvocationInterceptorChain.java:64)
	at org.junit.jupiter.engine.execution.InvocationInterceptorChain.chainAndInvoke(InvocationInterceptorChain.java:45)
	at org.junit.jupiter.engine.execution.InvocationInterceptorChain.invoke(InvocationInterceptorChain.java:37)
	at org.junit.jupiter.engine.execution.InterceptingExecutableInvoker.invoke(InterceptingExecutableInvoker.java:92)
	at org.junit.jupiter.engine.execution.InterceptingExecutableInvoker.invoke(InterceptingExecutableInvoker.java:86)
	at org.junit.jupiter.engine.descriptor.TestMethodTestDescriptor.lambda$invokeTestMethod$7(TestMethodTestDescriptor.java:218)
	at org.junit.platform.engine.support.hierarchical.ThrowableCollector.execute(ThrowableCollector.java:73)
	at org.junit.jupiter.engine.descriptor.TestMethodTestDescriptor.invokeTestMethod(TestMethodTestDescriptor.java:214)
	at org.junit.jupiter.engine.descriptor.TestMethodTestDescriptor.execute(TestMethodTestDescriptor.java:139)
	at org.junit.jupiter.engine.descriptor.TestMethodTestDescriptor.execute(TestMethodTestDescriptor.java:69)
	at org.junit.platform.engine.support.hierarchical.NodeTestTask.lambda$executeRecursively$6(NodeTestTask.java:151)
	at org.junit.platform.engine.support.hierarchical.ThrowableCollector.execute(ThrowableCollector.java:73)
	at org.junit.platform.engine.support.hierarchical.NodeTestTask.lambda$executeRecursively$8(NodeTestTask.java:141)
	at org.junit.platform.engine.support.hierarchical.Node.around(Node.java:137)
	at org.junit.platform.engine.support.hierarchical.NodeTestTask.lambda$executeRecursively$9(NodeTestTask.java:139)
	at org.junit.platform.engine.support.hierarchical.ThrowableCollector.execute(ThrowableCollector.java:73)
	at org.junit.platform.engine.support.hierarchical.NodeTestTask.executeRecursively(NodeTestTask.java:138)
	at org.junit.platform.engine.support.hierarchical.NodeTestTask.execute(NodeTestTask.java:95)
	at java.base/java.util.ArrayList.forEach(ArrayList.java:1596)
	at org.junit.platform.engine.support.hierarchical.SameThreadHierarchicalTestExecutorService.invokeAll(SameThreadHierarchicalTestExecutorService.java:41)
	at org.junit.platform.engine.support.hierarchical.NodeTestTask.lambda$executeRecursively$6(NodeTestTask.java:155)
	at org.junit.platform.engine.support.hierarchical.ThrowableCollector.execute(ThrowableCollector.java:73)
	at org.junit.platform.engine.support.hierarchical.NodeTestTask.lambda$executeRecursively$8(NodeTestTask.java:141)
	at org.junit.platform.engine.support.hierarchical.Node.around(Node.java:137)
	at org.junit.platform.engine.support.hierarchical.NodeTestTask.lambda$executeRecursively$9(NodeTestTask.java:139)
	at org.junit.platform.engine.support.hierarchical.ThrowableCollector.execute(ThrowableCollector.java:73)
	at org.junit.platform.engine.support.hierarchical.NodeTestTask.executeRecursively(NodeTestTask.java:138)
	at org.junit.platform.engine.support.hierarchical.NodeTestTask.execute(NodeTestTask.java:95)
	at java.base/java.util.ArrayList.forEach(ArrayList.java:1596)
	at org.junit.platform.engine.support.hierarchical.SameThreadHierarchicalTestExecutorService.invokeAll(SameThreadHierarchicalTestExecutorService.java:41)
	at org.junit.platform.engine.support.hierarchical.NodeTestTask.lambda$executeRecursively$6(NodeTestTask.java:155)
	at org.junit.platform.engine.support.hierarchical.ThrowableCollector.execute(ThrowableCollector.java:73)
	at org.junit.platform.engine.support.hierarchical.NodeTestTask.lambda$executeRecursively$8(NodeTestTask.java:141)
	at org.junit.platform.engine.support.hierarchical.Node.around(Node.java:137)
	at org.junit.platform.engine.support.hierarchical.NodeTestTask.lambda$executeRecursively$9(NodeTestTask.java:139)
	at org.junit.platform.engine.support.hierarchical.ThrowableCollector.execute(ThrowableCollector.java:73)
	at org.junit.platform.engine.support.hierarchical.NodeTestTask.executeRecursively(NodeTestTask.java:138)
	at org.junit.platform.engine.support.hierarchical.NodeTestTask.execute(NodeTestTask.java:95)
	at org.junit.platform.engine.support.hierarchical.SameThreadHierarchicalTestExecutorService.submit(SameThreadHierarchicalTestExecutorService.java:35)
	at org.junit.platform.engine.support.hierarchical.HierarchicalTestExecutor.execute(HierarchicalTestExecutor.java:57)
	at org.junit.platform.engine.support.hierarchical.HierarchicalTestEngine.execute(HierarchicalTestEngine.java:54)
	at org.junit.platform.launcher.core.EngineExecutionOrchestrator.execute(EngineExecutionOrchestrator.java:198)
	at org.junit.platform.launcher.core.EngineExecutionOrchestrator.execute(EngineExecutionOrchestrator.java:169)
	at org.junit.platform.launcher.core.EngineExecutionOrchestrator.execute(EngineExecutionOrchestrator.java:93)
	at org.junit.platform.launcher.core.EngineExecutionOrchestrator.lambda$execute$0(EngineExecutionOrchestrator.java:58)
	at org.junit.platform.launcher.core.EngineExecutionOrchestrator.withInterceptedStreams(EngineExecutionOrchestrator.java:141)
	at org.junit.platform.launcher.core.EngineExecutionOrchestrator.execute(EngineExecutionOrchestrator.java:57)
	at org.junit.platform.launcher.core.DefaultLauncher.execute(DefaultLauncher.java:103)
	at org.junit.platform.launcher.core.DefaultLauncher.execute(DefaultLauncher.java:85)
	at org.junit.platform.launcher.core.DelegatingLauncher.execute(DelegatingLauncher.java:47)
	at org.junit.platform.launcher.core.SessionPerRequestLauncher.execute(SessionPerRequestLauncher.java:63)
	at com.intellij.junit5.JUnit5IdeaTestRunner.startRunnerWithArgs(JUnit5IdeaTestRunner.java:57)
	at com.intellij.rt.junit.IdeaTestRunner$Repeater$1.execute(IdeaTestRunner.java:38)
	at com.intellij.rt.execution.junit.TestsRepeater.repeat(TestsRepeater.java:11)
	at com.intellij.rt.junit.IdeaTestRunner$Repeater.startRunnerWithArgs(IdeaTestRunner.java:35)
	at com.intellij.rt.junit.JUnitStarter.prepareStreamsAndStart(JUnitStarter.java:232)
	at com.intellij.rt.junit.JUnitStarter.main(JUnitStarter.java:55)
2025-07-29 10:06:28 [main] ERROR l.i.u.t.SubmittedApplicationsPageTest - Test 'testFillNewDVPApplicationFA' failed with error: Error selecting applicant from dropdown: PAVARDENIS GR777
java.lang.RuntimeException: Error selecting applicant from dropdown: PAVARDENIS GR777
	at lt.insoft.uztis.pages.SubmittedApplicationsPage.selectValueApplicant(SubmittedApplicationsPage.java:655)
	at lt.insoft.uztis.tests.SubmittedApplicationsPageTest.testFillNewDVPApplicationFA(SubmittedApplicationsPageTest.java:642)
	at java.base/jdk.internal.reflect.DirectMethodHandleAccessor.invoke(DirectMethodHandleAccessor.java:103)
	at java.base/java.lang.reflect.Method.invoke(Method.java:580)
	at org.junit.platform.commons.util.ReflectionUtils.invokeMethod(ReflectionUtils.java:728)
	at org.junit.jupiter.engine.execution.MethodInvocation.proceed(MethodInvocation.java:60)
	at org.junit.jupiter.engine.execution.InvocationInterceptorChain$ValidatingInvocation.proceed(InvocationInterceptorChain.java:131)
	at org.junit.jupiter.engine.extension.TimeoutExtension.intercept(TimeoutExtension.java:156)
	at org.junit.jupiter.engine.extension.TimeoutExtension.interceptTestableMethod(TimeoutExtension.java:147)
	at org.junit.jupiter.engine.extension.TimeoutExtension.interceptTestMethod(TimeoutExtension.java:86)
	at org.junit.jupiter.engine.execution.InterceptingExecutableInvoker$ReflectiveInterceptorCall.lambda$ofVoidMethod$0(InterceptingExecutableInvoker.java:103)
	at org.junit.jupiter.engine.execution.InterceptingExecutableInvoker.lambda$invoke$0(InterceptingExecutableInvoker.java:93)
	at org.junit.jupiter.engine.execution.InvocationInterceptorChain$InterceptedInvocation.proceed(InvocationInterceptorChain.java:106)
	at org.junit.jupiter.engine.execution.InvocationInterceptorChain.proceed(InvocationInterceptorChain.java:64)
	at org.junit.jupiter.engine.execution.InvocationInterceptorChain.chainAndInvoke(InvocationInterceptorChain.java:45)
	at org.junit.jupiter.engine.execution.InvocationInterceptorChain.invoke(InvocationInterceptorChain.java:37)
	at org.junit.jupiter.engine.execution.InterceptingExecutableInvoker.invoke(InterceptingExecutableInvoker.java:92)
	at org.junit.jupiter.engine.execution.InterceptingExecutableInvoker.invoke(InterceptingExecutableInvoker.java:86)
	at org.junit.jupiter.engine.descriptor.TestMethodTestDescriptor.lambda$invokeTestMethod$7(TestMethodTestDescriptor.java:218)
	at org.junit.platform.engine.support.hierarchical.ThrowableCollector.execute(ThrowableCollector.java:73)
	at org.junit.jupiter.engine.descriptor.TestMethodTestDescriptor.invokeTestMethod(TestMethodTestDescriptor.java:214)
	at org.junit.jupiter.engine.descriptor.TestMethodTestDescriptor.execute(TestMethodTestDescriptor.java:139)
	at org.junit.jupiter.engine.descriptor.TestMethodTestDescriptor.execute(TestMethodTestDescriptor.java:69)
	at org.junit.platform.engine.support.hierarchical.NodeTestTask.lambda$executeRecursively$6(NodeTestTask.java:151)
	at org.junit.platform.engine.support.hierarchical.ThrowableCollector.execute(ThrowableCollector.java:73)
	at org.junit.platform.engine.support.hierarchical.NodeTestTask.lambda$executeRecursively$8(NodeTestTask.java:141)
	at org.junit.platform.engine.support.hierarchical.Node.around(Node.java:137)
	at org.junit.platform.engine.support.hierarchical.NodeTestTask.lambda$executeRecursively$9(NodeTestTask.java:139)
	at org.junit.platform.engine.support.hierarchical.ThrowableCollector.execute(ThrowableCollector.java:73)
	at org.junit.platform.engine.support.hierarchical.NodeTestTask.executeRecursively(NodeTestTask.java:138)
	at org.junit.platform.engine.support.hierarchical.NodeTestTask.execute(NodeTestTask.java:95)
	at java.base/java.util.ArrayList.forEach(ArrayList.java:1596)
	at org.junit.platform.engine.support.hierarchical.SameThreadHierarchicalTestExecutorService.invokeAll(SameThreadHierarchicalTestExecutorService.java:41)
	at org.junit.platform.engine.support.hierarchical.NodeTestTask.lambda$executeRecursively$6(NodeTestTask.java:155)
	at org.junit.platform.engine.support.hierarchical.ThrowableCollector.execute(ThrowableCollector.java:73)
	at org.junit.platform.engine.support.hierarchical.NodeTestTask.lambda$executeRecursively$8(NodeTestTask.java:141)
	at org.junit.platform.engine.support.hierarchical.Node.around(Node.java:137)
	at org.junit.platform.engine.support.hierarchical.NodeTestTask.lambda$executeRecursively$9(NodeTestTask.java:139)
	at org.junit.platform.engine.support.hierarchical.ThrowableCollector.execute(ThrowableCollector.java:73)
	at org.junit.platform.engine.support.hierarchical.NodeTestTask.executeRecursively(NodeTestTask.java:138)
	at org.junit.platform.engine.support.hierarchical.NodeTestTask.execute(NodeTestTask.java:95)
	at java.base/java.util.ArrayList.forEach(ArrayList.java:1596)
	at org.junit.platform.engine.support.hierarchical.SameThreadHierarchicalTestExecutorService.invokeAll(SameThreadHierarchicalTestExecutorService.java:41)
	at org.junit.platform.engine.support.hierarchical.NodeTestTask.lambda$executeRecursively$6(NodeTestTask.java:155)
	at org.junit.platform.engine.support.hierarchical.ThrowableCollector.execute(ThrowableCollector.java:73)
	at org.junit.platform.engine.support.hierarchical.NodeTestTask.lambda$executeRecursively$8(NodeTestTask.java:141)
	at org.junit.platform.engine.support.hierarchical.Node.around(Node.java:137)
	at org.junit.platform.engine.support.hierarchical.NodeTestTask.lambda$executeRecursively$9(NodeTestTask.java:139)
	at org.junit.platform.engine.support.hierarchical.ThrowableCollector.execute(ThrowableCollector.java:73)
	at org.junit.platform.engine.support.hierarchical.NodeTestTask.executeRecursively(NodeTestTask.java:138)
	at org.junit.platform.engine.support.hierarchical.NodeTestTask.execute(NodeTestTask.java:95)
	at org.junit.platform.engine.support.hierarchical.SameThreadHierarchicalTestExecutorService.submit(SameThreadHierarchicalTestExecutorService.java:35)
	at org.junit.platform.engine.support.hierarchical.HierarchicalTestExecutor.execute(HierarchicalTestExecutor.java:57)
	at org.junit.platform.engine.support.hierarchical.HierarchicalTestEngine.execute(HierarchicalTestEngine.java:54)
	at org.junit.platform.launcher.core.EngineExecutionOrchestrator.execute(EngineExecutionOrchestrator.java:198)
	at org.junit.platform.launcher.core.EngineExecutionOrchestrator.execute(EngineExecutionOrchestrator.java:169)
	at org.junit.platform.launcher.core.EngineExecutionOrchestrator.execute(EngineExecutionOrchestrator.java:93)
	at org.junit.platform.launcher.core.EngineExecutionOrchestrator.lambda$execute$0(EngineExecutionOrchestrator.java:58)
	at org.junit.platform.launcher.core.EngineExecutionOrchestrator.withInterceptedStreams(EngineExecutionOrchestrator.java:141)
	at org.junit.platform.launcher.core.EngineExecutionOrchestrator.execute(EngineExecutionOrchestrator.java:57)
	at org.junit.platform.launcher.core.DefaultLauncher.execute(DefaultLauncher.java:103)
	at org.junit.platform.launcher.core.DefaultLauncher.execute(DefaultLauncher.java:85)
	at org.junit.platform.launcher.core.DelegatingLauncher.execute(DelegatingLauncher.java:47)
	at org.junit.platform.launcher.core.SessionPerRequestLauncher.execute(SessionPerRequestLauncher.java:63)
	at com.intellij.junit5.JUnit5IdeaTestRunner.startRunnerWithArgs(JUnit5IdeaTestRunner.java:57)
	at com.intellij.rt.junit.IdeaTestRunner$Repeater$1.execute(IdeaTestRunner.java:38)
	at com.intellij.rt.execution.junit.TestsRepeater.repeat(TestsRepeater.java:11)
	at com.intellij.rt.junit.IdeaTestRunner$Repeater.startRunnerWithArgs(IdeaTestRunner.java:35)
	at com.intellij.rt.junit.JUnitStarter.prepareStreamsAndStart(JUnitStarter.java:232)
	at com.intellij.rt.junit.JUnitStarter.main(JUnitStarter.java:55)
Caused by: org.openqa.selenium.TimeoutException: Expected condition failed: waiting for visibility of element located by By.xpath: //mat-option//span[normalize-space(text())='PAVARDENIS GR777'] (tried for 30 second(s) with 500 milliseconds interval)
Build info: version: '4.27.0', revision: 'd6e718d134'
System info: os.name: 'Windows 11', os.arch: 'amd64', os.version: '10.0', java.version: '21.0.3'
Driver info: org.openqa.selenium.chrome.ChromeDriver
Capabilities {acceptInsecureCerts: false, browserName: chrome, browserVersion: 138.0.7204.169, chrome: {chromedriverVersion: 138.0.7204.168 (3e8d82e86e9..., userDataDir: C:\Users\INGRID~1.ZAD\AppDa...}, fedcm:accounts: true, goog:chromeOptions: {debuggerAddress: localhost:51254}, networkConnectionEnabled: false, pageLoadStrategy: normal, platformName: windows, proxy: Proxy(), se:cdp: ws://localhost:51254/devtoo..., se:cdpVersion: 138.0.7204.169, setWindowRect: true, strictFileInteractability: false, timeouts: {implicit: 0, pageLoad: 300000, script: 30000}, unhandledPromptBehavior: dismiss and notify, webauthn:extension:credBlob: true, webauthn:extension:largeBlob: true, webauthn:extension:minPinLength: true, webauthn:extension:prf: true, webauthn:virtualAuthenticators: true}
Session ID: 7255843206f9797ebe47e830f0a28101
	at org.openqa.selenium.support.ui.WebDriverWait.timeoutException(WebDriverWait.java:84)
	at org.openqa.selenium.support.ui.FluentWait.until(FluentWait.java:228)
	at lt.insoft.uztis.pages.SubmittedApplicationsPage.selectValueApplicant(SubmittedApplicationsPage.java:626)
	... 69 common frames omitted
2025-07-29 10:06:28 [main] INFO  l.insoft.uztis.tests.utils.TestUtils - Screenshot moved to C:\Users\ingrida.zadorozniene\Desktop\Asm\UZTIS\UZTIS_tests\test-output\screenshots\20250729\100628568_testFillNewDVPApplicationFA().png
2025-07-29 10:09:31 [main] INFO  lt.insoft.uztis.tests.UztisPageTest - Navigated to https://uztisdev.asseco.lt/home
2025-07-29 10:09:31 [main] INFO  l.i.u.t.SubmittedApplicationsPageTest - Starting test:'testFillNewDVPApplicationFA'
2025-07-29 10:09:31 [main] INFO  l.insoft.uztis.tests.utils.TestUtils - Login attempt with user: evaluation_chief
2025-07-29 10:09:31 [main] DEBUG l.i.u.t.SubmittedApplicationsPageTest - User logged in with test credentials
2025-07-29 10:09:32 [main] DEBUG l.i.u.t.SubmittedApplicationsPageTest - Opened 'Application Processing' menu.
2025-07-29 10:09:32 [main] DEBUG l.i.u.t.SubmittedApplicationsPageTest - Clicked on 'Application Forms' menu.
2025-07-29 10:09:33 [main] DEBUG l.i.u.t.SubmittedApplicationsPageTest - Retrieved last description code text: 'TST-DVP-42'.
2025-07-29 10:09:33 [main] DEBUG l.i.u.t.SubmittedApplicationsPageTest - Clicked on 'Invitation' menu.
2025-07-29 10:09:34 [main] DEBUG l.i.u.t.SubmittedApplicationsPageTest - Selected application section by code: 'TST-DVP-42'.
2025-07-29 10:09:34 [main] DEBUG l.i.u.t.SubmittedApplicationsPageTest - Clicked 'Search' button.
2025-07-29 10:09:34 [main] DEBUG l.i.u.t.SubmittedApplicationsPageTest - Retrieved invitation code: ''.
2025-07-29 10:09:35 [main] DEBUG l.i.u.t.SubmittedApplicationsPageTest - Clicked on 'Submitted Applications' menu.
2025-07-29 10:09:36 [main] DEBUG l.i.u.t.SubmittedApplicationsPageTest - Selected invitation by code: 'TST-DVP-42'.
2025-07-29 10:09:36 [main] DEBUG l.i.u.t.SubmittedApplicationsPageTest - Invitation code inserted.
2025-07-29 10:09:36 [main] DEBUG l.i.u.t.SubmittedApplicationsPageTest - Clicked on 'Action Application' button.
2025-07-29 10:09:36 [main] DEBUG l.i.u.t.SubmittedApplicationsPageTest - Clicked on 'New Application' button.
2025-07-29 10:09:37 [main] DEBUG l.i.u.t.SubmittedApplicationsPageTest - Selected the 'RadioButtonFA' option.
2025-07-29 10:09:37 [main] INFO  l.i.u.p.SubmittedApplicationsPage - Applicant dropdown opened.
2025-07-29 10:09:37 [main] DEBUG l.i.u.p.SubmittedApplicationsPage - Entered search text: 'PAVARDENIS GR777'
2025-07-29 10:09:37 [main] DEBUG l.i.u.p.SubmittedApplicationsPage - Found 1 options in the dropdown.
2025-07-29 10:09:37 [main] DEBUG l.i.u.p.SubmittedApplicationsPage - Dropdown option found: 'close
Rezultatų nerasta'
2025-07-29 10:09:37 [main] WARN  l.i.u.p.SubmittedApplicationsPage - Exact match not found. Clicking first option instead: 'close
Rezultatų nerasta'
2025-07-29 10:10:07 [main] ERROR l.i.u.p.SubmittedApplicationsPage - Failed to select applicant 'PAVARDENIS GR777': Expected condition failed: waiting for element to no longer be visible: By.cssSelector: mat-option (tried for 30 second(s) with 500 milliseconds interval)
Build info: version: '4.27.0', revision: 'd6e718d134'
System info: os.name: 'Windows 11', os.arch: 'amd64', os.version: '10.0', java.version: '21.0.3'
Driver info: org.openqa.selenium.chrome.ChromeDriver
Capabilities {acceptInsecureCerts: false, browserName: chrome, browserVersion: 138.0.7204.169, chrome: {chromedriverVersion: 138.0.7204.168 (3e8d82e86e9..., userDataDir: C:\Users\INGRID~1.ZAD\AppDa...}, fedcm:accounts: true, goog:chromeOptions: {debuggerAddress: localhost:51596}, networkConnectionEnabled: false, pageLoadStrategy: normal, platformName: windows, proxy: Proxy(), se:cdp: ws://localhost:51596/devtoo..., se:cdpVersion: 138.0.7204.169, setWindowRect: true, strictFileInteractability: false, timeouts: {implicit: 0, pageLoad: 300000, script: 30000}, unhandledPromptBehavior: dismiss and notify, webauthn:extension:credBlob: true, webauthn:extension:largeBlob: true, webauthn:extension:minPinLength: true, webauthn:extension:prf: true, webauthn:virtualAuthenticators: true}
Session ID: c53bf3aec7768a4431b7cf54444bad1a
org.openqa.selenium.TimeoutException: Expected condition failed: waiting for element to no longer be visible: By.cssSelector: mat-option (tried for 30 second(s) with 500 milliseconds interval)
Build info: version: '4.27.0', revision: 'd6e718d134'
System info: os.name: 'Windows 11', os.arch: 'amd64', os.version: '10.0', java.version: '21.0.3'
Driver info: org.openqa.selenium.chrome.ChromeDriver
Capabilities {acceptInsecureCerts: false, browserName: chrome, browserVersion: 138.0.7204.169, chrome: {chromedriverVersion: 138.0.7204.168 (3e8d82e86e9..., userDataDir: C:\Users\INGRID~1.ZAD\AppDa...}, fedcm:accounts: true, goog:chromeOptions: {debuggerAddress: localhost:51596}, networkConnectionEnabled: false, pageLoadStrategy: normal, platformName: windows, proxy: Proxy(), se:cdp: ws://localhost:51596/devtoo..., se:cdpVersion: 138.0.7204.169, setWindowRect: true, strictFileInteractability: false, timeouts: {implicit: 0, pageLoad: 300000, script: 30000}, unhandledPromptBehavior: dismiss and notify, webauthn:extension:credBlob: true, webauthn:extension:largeBlob: true, webauthn:extension:minPinLength: true, webauthn:extension:prf: true, webauthn:virtualAuthenticators: true}
Session ID: c53bf3aec7768a4431b7cf54444bad1a
	at org.openqa.selenium.support.ui.WebDriverWait.timeoutException(WebDriverWait.java:84)
	at org.openqa.selenium.support.ui.FluentWait.until(FluentWait.java:228)
	at lt.insoft.uztis.pages.SubmittedApplicationsPage.selectValueApplicant(SubmittedApplicationsPage.java:657)
	at lt.insoft.uztis.tests.SubmittedApplicationsPageTest.testFillNewDVPApplicationFA(SubmittedApplicationsPageTest.java:642)
	at java.base/jdk.internal.reflect.DirectMethodHandleAccessor.invoke(DirectMethodHandleAccessor.java:103)
	at java.base/java.lang.reflect.Method.invoke(Method.java:580)
	at org.junit.platform.commons.util.ReflectionUtils.invokeMethod(ReflectionUtils.java:728)
	at org.junit.jupiter.engine.execution.MethodInvocation.proceed(MethodInvocation.java:60)
	at org.junit.jupiter.engine.execution.InvocationInterceptorChain$ValidatingInvocation.proceed(InvocationInterceptorChain.java:131)
	at org.junit.jupiter.engine.extension.TimeoutExtension.intercept(TimeoutExtension.java:156)
	at org.junit.jupiter.engine.extension.TimeoutExtension.interceptTestableMethod(TimeoutExtension.java:147)
	at org.junit.jupiter.engine.extension.TimeoutExtension.interceptTestMethod(TimeoutExtension.java:86)
	at org.junit.jupiter.engine.execution.InterceptingExecutableInvoker$ReflectiveInterceptorCall.lambda$ofVoidMethod$0(InterceptingExecutableInvoker.java:103)
	at org.junit.jupiter.engine.execution.InterceptingExecutableInvoker.lambda$invoke$0(InterceptingExecutableInvoker.java:93)
	at org.junit.jupiter.engine.execution.InvocationInterceptorChain$InterceptedInvocation.proceed(InvocationInterceptorChain.java:106)
	at org.junit.jupiter.engine.execution.InvocationInterceptorChain.proceed(InvocationInterceptorChain.java:64)
	at org.junit.jupiter.engine.execution.InvocationInterceptorChain.chainAndInvoke(InvocationInterceptorChain.java:45)
	at org.junit.jupiter.engine.execution.InvocationInterceptorChain.invoke(InvocationInterceptorChain.java:37)
	at org.junit.jupiter.engine.execution.InterceptingExecutableInvoker.invoke(InterceptingExecutableInvoker.java:92)
	at org.junit.jupiter.engine.execution.InterceptingExecutableInvoker.invoke(InterceptingExecutableInvoker.java:86)
	at org.junit.jupiter.engine.descriptor.TestMethodTestDescriptor.lambda$invokeTestMethod$7(TestMethodTestDescriptor.java:218)
	at org.junit.platform.engine.support.hierarchical.ThrowableCollector.execute(ThrowableCollector.java:73)
	at org.junit.jupiter.engine.descriptor.TestMethodTestDescriptor.invokeTestMethod(TestMethodTestDescriptor.java:214)
	at org.junit.jupiter.engine.descriptor.TestMethodTestDescriptor.execute(TestMethodTestDescriptor.java:139)
	at org.junit.jupiter.engine.descriptor.TestMethodTestDescriptor.execute(TestMethodTestDescriptor.java:69)
	at org.junit.platform.engine.support.hierarchical.NodeTestTask.lambda$executeRecursively$6(NodeTestTask.java:151)
	at org.junit.platform.engine.support.hierarchical.ThrowableCollector.execute(ThrowableCollector.java:73)
	at org.junit.platform.engine.support.hierarchical.NodeTestTask.lambda$executeRecursively$8(NodeTestTask.java:141)
	at org.junit.platform.engine.support.hierarchical.Node.around(Node.java:137)
	at org.junit.platform.engine.support.hierarchical.NodeTestTask.lambda$executeRecursively$9(NodeTestTask.java:139)
	at org.junit.platform.engine.support.hierarchical.ThrowableCollector.execute(ThrowableCollector.java:73)
	at org.junit.platform.engine.support.hierarchical.NodeTestTask.executeRecursively(NodeTestTask.java:138)
	at org.junit.platform.engine.support.hierarchical.NodeTestTask.execute(NodeTestTask.java:95)
	at java.base/java.util.ArrayList.forEach(ArrayList.java:1596)
	at org.junit.platform.engine.support.hierarchical.SameThreadHierarchicalTestExecutorService.invokeAll(SameThreadHierarchicalTestExecutorService.java:41)
	at org.junit.platform.engine.support.hierarchical.NodeTestTask.lambda$executeRecursively$6(NodeTestTask.java:155)
	at org.junit.platform.engine.support.hierarchical.ThrowableCollector.execute(ThrowableCollector.java:73)
	at org.junit.platform.engine.support.hierarchical.NodeTestTask.lambda$executeRecursively$8(NodeTestTask.java:141)
	at org.junit.platform.engine.support.hierarchical.Node.around(Node.java:137)
	at org.junit.platform.engine.support.hierarchical.NodeTestTask.lambda$executeRecursively$9(NodeTestTask.java:139)
	at org.junit.platform.engine.support.hierarchical.ThrowableCollector.execute(ThrowableCollector.java:73)
	at org.junit.platform.engine.support.hierarchical.NodeTestTask.executeRecursively(NodeTestTask.java:138)
	at org.junit.platform.engine.support.hierarchical.NodeTestTask.execute(NodeTestTask.java:95)
	at java.base/java.util.ArrayList.forEach(ArrayList.java:1596)
	at org.junit.platform.engine.support.hierarchical.SameThreadHierarchicalTestExecutorService.invokeAll(SameThreadHierarchicalTestExecutorService.java:41)
	at org.junit.platform.engine.support.hierarchical.NodeTestTask.lambda$executeRecursively$6(NodeTestTask.java:155)
	at org.junit.platform.engine.support.hierarchical.ThrowableCollector.execute(ThrowableCollector.java:73)
	at org.junit.platform.engine.support.hierarchical.NodeTestTask.lambda$executeRecursively$8(NodeTestTask.java:141)
	at org.junit.platform.engine.support.hierarchical.Node.around(Node.java:137)
	at org.junit.platform.engine.support.hierarchical.NodeTestTask.lambda$executeRecursively$9(NodeTestTask.java:139)
	at org.junit.platform.engine.support.hierarchical.ThrowableCollector.execute(ThrowableCollector.java:73)
	at org.junit.platform.engine.support.hierarchical.NodeTestTask.executeRecursively(NodeTestTask.java:138)
	at org.junit.platform.engine.support.hierarchical.NodeTestTask.execute(NodeTestTask.java:95)
	at org.junit.platform.engine.support.hierarchical.SameThreadHierarchicalTestExecutorService.submit(SameThreadHierarchicalTestExecutorService.java:35)
	at org.junit.platform.engine.support.hierarchical.HierarchicalTestExecutor.execute(HierarchicalTestExecutor.java:57)
	at org.junit.platform.engine.support.hierarchical.HierarchicalTestEngine.execute(HierarchicalTestEngine.java:54)
	at org.junit.platform.launcher.core.EngineExecutionOrchestrator.execute(EngineExecutionOrchestrator.java:198)
	at org.junit.platform.launcher.core.EngineExecutionOrchestrator.execute(EngineExecutionOrchestrator.java:169)
	at org.junit.platform.launcher.core.EngineExecutionOrchestrator.execute(EngineExecutionOrchestrator.java:93)
	at org.junit.platform.launcher.core.EngineExecutionOrchestrator.lambda$execute$0(EngineExecutionOrchestrator.java:58)
	at org.junit.platform.launcher.core.EngineExecutionOrchestrator.withInterceptedStreams(EngineExecutionOrchestrator.java:141)
	at org.junit.platform.launcher.core.EngineExecutionOrchestrator.execute(EngineExecutionOrchestrator.java:57)
	at org.junit.platform.launcher.core.DefaultLauncher.execute(DefaultLauncher.java:103)
	at org.junit.platform.launcher.core.DefaultLauncher.execute(DefaultLauncher.java:85)
	at org.junit.platform.launcher.core.DelegatingLauncher.execute(DelegatingLauncher.java:47)
	at org.junit.platform.launcher.core.SessionPerRequestLauncher.execute(SessionPerRequestLauncher.java:63)
	at com.intellij.junit5.JUnit5IdeaTestRunner.startRunnerWithArgs(JUnit5IdeaTestRunner.java:57)
	at com.intellij.rt.junit.IdeaTestRunner$Repeater$1.execute(IdeaTestRunner.java:38)
	at com.intellij.rt.execution.junit.TestsRepeater.repeat(TestsRepeater.java:11)
	at com.intellij.rt.junit.IdeaTestRunner$Repeater.startRunnerWithArgs(IdeaTestRunner.java:35)
	at com.intellij.rt.junit.JUnitStarter.prepareStreamsAndStart(JUnitStarter.java:232)
	at com.intellij.rt.junit.JUnitStarter.main(JUnitStarter.java:55)
2025-07-29 10:10:07 [main] ERROR l.i.u.t.SubmittedApplicationsPageTest - Test 'testFillNewDVPApplicationFA' failed with error: Error selecting applicant from dropdown: PAVARDENIS GR777
java.lang.RuntimeException: Error selecting applicant from dropdown: PAVARDENIS GR777
	at lt.insoft.uztis.pages.SubmittedApplicationsPage.selectValueApplicant(SubmittedApplicationsPage.java:679)
	at lt.insoft.uztis.tests.SubmittedApplicationsPageTest.testFillNewDVPApplicationFA(SubmittedApplicationsPageTest.java:642)
	at java.base/jdk.internal.reflect.DirectMethodHandleAccessor.invoke(DirectMethodHandleAccessor.java:103)
	at java.base/java.lang.reflect.Method.invoke(Method.java:580)
	at org.junit.platform.commons.util.ReflectionUtils.invokeMethod(ReflectionUtils.java:728)
	at org.junit.jupiter.engine.execution.MethodInvocation.proceed(MethodInvocation.java:60)
	at org.junit.jupiter.engine.execution.InvocationInterceptorChain$ValidatingInvocation.proceed(InvocationInterceptorChain.java:131)
	at org.junit.jupiter.engine.extension.TimeoutExtension.intercept(TimeoutExtension.java:156)
	at org.junit.jupiter.engine.extension.TimeoutExtension.interceptTestableMethod(TimeoutExtension.java:147)
	at org.junit.jupiter.engine.extension.TimeoutExtension.interceptTestMethod(TimeoutExtension.java:86)
	at org.junit.jupiter.engine.execution.InterceptingExecutableInvoker$ReflectiveInterceptorCall.lambda$ofVoidMethod$0(InterceptingExecutableInvoker.java:103)
	at org.junit.jupiter.engine.execution.InterceptingExecutableInvoker.lambda$invoke$0(InterceptingExecutableInvoker.java:93)
	at org.junit.jupiter.engine.execution.InvocationInterceptorChain$InterceptedInvocation.proceed(InvocationInterceptorChain.java:106)
	at org.junit.jupiter.engine.execution.InvocationInterceptorChain.proceed(InvocationInterceptorChain.java:64)
	at org.junit.jupiter.engine.execution.InvocationInterceptorChain.chainAndInvoke(InvocationInterceptorChain.java:45)
	at org.junit.jupiter.engine.execution.InvocationInterceptorChain.invoke(InvocationInterceptorChain.java:37)
	at org.junit.jupiter.engine.execution.InterceptingExecutableInvoker.invoke(InterceptingExecutableInvoker.java:92)
	at org.junit.jupiter.engine.execution.InterceptingExecutableInvoker.invoke(InterceptingExecutableInvoker.java:86)
	at org.junit.jupiter.engine.descriptor.TestMethodTestDescriptor.lambda$invokeTestMethod$7(TestMethodTestDescriptor.java:218)
	at org.junit.platform.engine.support.hierarchical.ThrowableCollector.execute(ThrowableCollector.java:73)
	at org.junit.jupiter.engine.descriptor.TestMethodTestDescriptor.invokeTestMethod(TestMethodTestDescriptor.java:214)
	at org.junit.jupiter.engine.descriptor.TestMethodTestDescriptor.execute(TestMethodTestDescriptor.java:139)
	at org.junit.jupiter.engine.descriptor.TestMethodTestDescriptor.execute(TestMethodTestDescriptor.java:69)
	at org.junit.platform.engine.support.hierarchical.NodeTestTask.lambda$executeRecursively$6(NodeTestTask.java:151)
	at org.junit.platform.engine.support.hierarchical.ThrowableCollector.execute(ThrowableCollector.java:73)
	at org.junit.platform.engine.support.hierarchical.NodeTestTask.lambda$executeRecursively$8(NodeTestTask.java:141)
	at org.junit.platform.engine.support.hierarchical.Node.around(Node.java:137)
	at org.junit.platform.engine.support.hierarchical.NodeTestTask.lambda$executeRecursively$9(NodeTestTask.java:139)
	at org.junit.platform.engine.support.hierarchical.ThrowableCollector.execute(ThrowableCollector.java:73)
	at org.junit.platform.engine.support.hierarchical.NodeTestTask.executeRecursively(NodeTestTask.java:138)
	at org.junit.platform.engine.support.hierarchical.NodeTestTask.execute(NodeTestTask.java:95)
	at java.base/java.util.ArrayList.forEach(ArrayList.java:1596)
	at org.junit.platform.engine.support.hierarchical.SameThreadHierarchicalTestExecutorService.invokeAll(SameThreadHierarchicalTestExecutorService.java:41)
	at org.junit.platform.engine.support.hierarchical.NodeTestTask.lambda$executeRecursively$6(NodeTestTask.java:155)
	at org.junit.platform.engine.support.hierarchical.ThrowableCollector.execute(ThrowableCollector.java:73)
	at org.junit.platform.engine.support.hierarchical.NodeTestTask.lambda$executeRecursively$8(NodeTestTask.java:141)
	at org.junit.platform.engine.support.hierarchical.Node.around(Node.java:137)
	at org.junit.platform.engine.support.hierarchical.NodeTestTask.lambda$executeRecursively$9(NodeTestTask.java:139)
	at org.junit.platform.engine.support.hierarchical.ThrowableCollector.execute(ThrowableCollector.java:73)
	at org.junit.platform.engine.support.hierarchical.NodeTestTask.executeRecursively(NodeTestTask.java:138)
	at org.junit.platform.engine.support.hierarchical.NodeTestTask.execute(NodeTestTask.java:95)
	at java.base/java.util.ArrayList.forEach(ArrayList.java:1596)
	at org.junit.platform.engine.support.hierarchical.SameThreadHierarchicalTestExecutorService.invokeAll(SameThreadHierarchicalTestExecutorService.java:41)
	at org.junit.platform.engine.support.hierarchical.NodeTestTask.lambda$executeRecursively$6(NodeTestTask.java:155)
	at org.junit.platform.engine.support.hierarchical.ThrowableCollector.execute(ThrowableCollector.java:73)
	at org.junit.platform.engine.support.hierarchical.NodeTestTask.lambda$executeRecursively$8(NodeTestTask.java:141)
	at org.junit.platform.engine.support.hierarchical.Node.around(Node.java:137)
	at org.junit.platform.engine.support.hierarchical.NodeTestTask.lambda$executeRecursively$9(NodeTestTask.java:139)
	at org.junit.platform.engine.support.hierarchical.ThrowableCollector.execute(ThrowableCollector.java:73)
	at org.junit.platform.engine.support.hierarchical.NodeTestTask.executeRecursively(NodeTestTask.java:138)
	at org.junit.platform.engine.support.hierarchical.NodeTestTask.execute(NodeTestTask.java:95)
	at org.junit.platform.engine.support.hierarchical.SameThreadHierarchicalTestExecutorService.submit(SameThreadHierarchicalTestExecutorService.java:35)
	at org.junit.platform.engine.support.hierarchical.HierarchicalTestExecutor.execute(HierarchicalTestExecutor.java:57)
	at org.junit.platform.engine.support.hierarchical.HierarchicalTestEngine.execute(HierarchicalTestEngine.java:54)
	at org.junit.platform.launcher.core.EngineExecutionOrchestrator.execute(EngineExecutionOrchestrator.java:198)
	at org.junit.platform.launcher.core.EngineExecutionOrchestrator.execute(EngineExecutionOrchestrator.java:169)
	at org.junit.platform.launcher.core.EngineExecutionOrchestrator.execute(EngineExecutionOrchestrator.java:93)
	at org.junit.platform.launcher.core.EngineExecutionOrchestrator.lambda$execute$0(EngineExecutionOrchestrator.java:58)
	at org.junit.platform.launcher.core.EngineExecutionOrchestrator.withInterceptedStreams(EngineExecutionOrchestrator.java:141)
	at org.junit.platform.launcher.core.EngineExecutionOrchestrator.execute(EngineExecutionOrchestrator.java:57)
	at org.junit.platform.launcher.core.DefaultLauncher.execute(DefaultLauncher.java:103)
	at org.junit.platform.launcher.core.DefaultLauncher.execute(DefaultLauncher.java:85)
	at org.junit.platform.launcher.core.DelegatingLauncher.execute(DelegatingLauncher.java:47)
	at org.junit.platform.launcher.core.SessionPerRequestLauncher.execute(SessionPerRequestLauncher.java:63)
	at com.intellij.junit5.JUnit5IdeaTestRunner.startRunnerWithArgs(JUnit5IdeaTestRunner.java:57)
	at com.intellij.rt.junit.IdeaTestRunner$Repeater$1.execute(IdeaTestRunner.java:38)
	at com.intellij.rt.execution.junit.TestsRepeater.repeat(TestsRepeater.java:11)
	at com.intellij.rt.junit.IdeaTestRunner$Repeater.startRunnerWithArgs(IdeaTestRunner.java:35)
	at com.intellij.rt.junit.JUnitStarter.prepareStreamsAndStart(JUnitStarter.java:232)
	at com.intellij.rt.junit.JUnitStarter.main(JUnitStarter.java:55)
Caused by: org.openqa.selenium.TimeoutException: Expected condition failed: waiting for element to no longer be visible: By.cssSelector: mat-option (tried for 30 second(s) with 500 milliseconds interval)
Build info: version: '4.27.0', revision: 'd6e718d134'
System info: os.name: 'Windows 11', os.arch: 'amd64', os.version: '10.0', java.version: '21.0.3'
Driver info: org.openqa.selenium.chrome.ChromeDriver
Capabilities {acceptInsecureCerts: false, browserName: chrome, browserVersion: 138.0.7204.169, chrome: {chromedriverVersion: 138.0.7204.168 (3e8d82e86e9..., userDataDir: C:\Users\INGRID~1.ZAD\AppDa...}, fedcm:accounts: true, goog:chromeOptions: {debuggerAddress: localhost:51596}, networkConnectionEnabled: false, pageLoadStrategy: normal, platformName: windows, proxy: Proxy(), se:cdp: ws://localhost:51596/devtoo..., se:cdpVersion: 138.0.7204.169, setWindowRect: true, strictFileInteractability: false, timeouts: {implicit: 0, pageLoad: 300000, script: 30000}, unhandledPromptBehavior: dismiss and notify, webauthn:extension:credBlob: true, webauthn:extension:largeBlob: true, webauthn:extension:minPinLength: true, webauthn:extension:prf: true, webauthn:virtualAuthenticators: true}
Session ID: c53bf3aec7768a4431b7cf54444bad1a
	at org.openqa.selenium.support.ui.WebDriverWait.timeoutException(WebDriverWait.java:84)
	at org.openqa.selenium.support.ui.FluentWait.until(FluentWait.java:228)
	at lt.insoft.uztis.pages.SubmittedApplicationsPage.selectValueApplicant(SubmittedApplicationsPage.java:657)
	... 69 common frames omitted
2025-07-29 10:10:08 [main] INFO  l.insoft.uztis.tests.utils.TestUtils - Screenshot moved to C:\Users\ingrida.zadorozniene\Desktop\Asm\UZTIS\UZTIS_tests\test-output\screenshots\20250729\101008008_testFillNewDVPApplicationFA().png
2025-07-29 10:11:49 [main] INFO  lt.insoft.uztis.tests.UztisPageTest - Navigated to https://uztisdev.asseco.lt/home
2025-07-29 10:11:49 [main] INFO  l.i.u.t.SubmittedApplicationsPageTest - Starting test:'testFillNewDVPApplicationFA'
2025-07-29 10:11:49 [main] INFO  l.insoft.uztis.tests.utils.TestUtils - Login attempt with user: evaluation_chief
2025-07-29 10:11:49 [main] DEBUG l.i.u.t.SubmittedApplicationsPageTest - User logged in with test credentials
2025-07-29 10:11:50 [main] DEBUG l.i.u.t.SubmittedApplicationsPageTest - Opened 'Application Processing' menu.
2025-07-29 10:11:50 [main] DEBUG l.i.u.t.SubmittedApplicationsPageTest - Clicked on 'Application Forms' menu.
2025-07-29 10:11:50 [main] DEBUG l.i.u.t.SubmittedApplicationsPageTest - Retrieved last description code text: 'TST-DVP-42'.
2025-07-29 10:11:50 [main] DEBUG l.i.u.t.SubmittedApplicationsPageTest - Clicked on 'Invitation' menu.
2025-07-29 10:11:52 [main] DEBUG l.i.u.t.SubmittedApplicationsPageTest - Selected application section by code: 'TST-DVP-42'.
2025-07-29 10:11:52 [main] DEBUG l.i.u.t.SubmittedApplicationsPageTest - Clicked 'Search' button.
2025-07-29 10:11:52 [main] DEBUG l.i.u.t.SubmittedApplicationsPageTest - Retrieved invitation code: ''.
2025-07-29 10:11:52 [main] DEBUG l.i.u.t.SubmittedApplicationsPageTest - Clicked on 'Submitted Applications' menu.
2025-07-29 10:11:54 [main] DEBUG l.i.u.t.SubmittedApplicationsPageTest - Selected invitation by code: 'TST-DVP-42'.
2025-07-29 10:11:54 [main] DEBUG l.i.u.t.SubmittedApplicationsPageTest - Invitation code inserted.
2025-07-29 10:11:54 [main] DEBUG l.i.u.t.SubmittedApplicationsPageTest - Clicked on 'Action Application' button.
2025-07-29 10:11:54 [main] DEBUG l.i.u.t.SubmittedApplicationsPageTest - Clicked on 'New Application' button.
2025-07-29 10:11:54 [main] DEBUG l.i.u.t.SubmittedApplicationsPageTest - Selected the 'RadioButtonFA' option.
2025-07-29 10:11:54 [main] INFO  l.i.u.p.SubmittedApplicationsPage - Dropdown opened.
2025-07-29 10:11:54 [main] DEBUG l.i.u.p.SubmittedApplicationsPage - Entered search: 'PAVARDENIS GR777'
2025-07-29 10:11:55 [main] DEBUG l.i.u.p.SubmittedApplicationsPage - Found 1 options.
2025-07-29 10:11:55 [main] DEBUG l.i.u.p.SubmittedApplicationsPage - Found option: 'close
Rezultatų nerasta'
2025-07-29 10:11:55 [main] WARN  l.i.u.p.SubmittedApplicationsPage - Exact match not found. Clicking first option: 'close
Rezultatų nerasta'
2025-07-29 10:13:38 [main] INFO  lt.insoft.uztis.tests.UztisPageTest - Navigated to https://uztisdev.asseco.lt/home
2025-07-29 10:13:38 [main] INFO  l.i.u.t.SubmittedApplicationsPageTest - Starting test:'testFillNewDVPApplicationFA'
2025-07-29 10:13:39 [main] INFO  l.insoft.uztis.tests.utils.TestUtils - Login attempt with user: evaluation_chief
2025-07-29 10:13:39 [main] DEBUG l.i.u.t.SubmittedApplicationsPageTest - User logged in with test credentials
2025-07-29 10:13:39 [main] DEBUG l.i.u.t.SubmittedApplicationsPageTest - Opened 'Application Processing' menu.
2025-07-29 10:13:40 [main] DEBUG l.i.u.t.SubmittedApplicationsPageTest - Clicked on 'Application Forms' menu.
2025-07-29 10:13:41 [main] DEBUG l.i.u.t.SubmittedApplicationsPageTest - Retrieved last description code text: 'TST-DVP-42'.
2025-07-29 10:13:41 [main] DEBUG l.i.u.t.SubmittedApplicationsPageTest - Clicked on 'Invitation' menu.
2025-07-29 10:13:42 [main] DEBUG l.i.u.t.SubmittedApplicationsPageTest - Selected application section by code: 'TST-DVP-42'.
2025-07-29 10:13:43 [main] DEBUG l.i.u.t.SubmittedApplicationsPageTest - Clicked 'Search' button.
2025-07-29 10:13:43 [main] DEBUG l.i.u.t.SubmittedApplicationsPageTest - Retrieved invitation code: ''.
2025-07-29 10:13:43 [main] DEBUG l.i.u.t.SubmittedApplicationsPageTest - Clicked on 'Submitted Applications' menu.
2025-07-29 10:13:44 [main] DEBUG l.i.u.t.SubmittedApplicationsPageTest - Selected invitation by code: 'TST-DVP-42'.
2025-07-29 10:13:44 [main] DEBUG l.i.u.t.SubmittedApplicationsPageTest - Invitation code inserted.
2025-07-29 10:13:45 [main] DEBUG l.i.u.t.SubmittedApplicationsPageTest - Clicked on 'Action Application' button.
2025-07-29 10:13:45 [main] DEBUG l.i.u.t.SubmittedApplicationsPageTest - Clicked on 'New Application' button.
2025-07-29 10:13:45 [main] DEBUG l.i.u.t.SubmittedApplicationsPageTest - Selected the 'RadioButtonFA' option.
2025-07-29 10:13:45 [main] INFO  l.i.u.p.SubmittedApplicationsPage - Dropdown opened.
2025-07-29 10:13:45 [main] DEBUG l.i.u.p.SubmittedApplicationsPage - Entered search: 'PAVARDENIS GR777'
2025-07-29 10:13:45 [main] DEBUG l.i.u.p.SubmittedApplicationsPage - Found 1 options.
2025-07-29 10:13:45 [main] DEBUG l.i.u.p.SubmittedApplicationsPage - Option found: 'close
Rezultatų nerasta'
2025-07-29 10:13:45 [main] WARN  l.i.u.p.SubmittedApplicationsPage - Exact match not found. Clicking first option: 'close
Rezultatų nerasta'
2025-07-29 10:14:16 [main] ERROR l.i.u.p.SubmittedApplicationsPage - Dropdown selection failed for 'PAVARDENIS GR777': Expected condition failed: waiting for element to no longer be visible: By.cssSelector: mat-option (tried for 30 second(s) with 500 milliseconds interval)
Build info: version: '4.27.0', revision: 'd6e718d134'
System info: os.name: 'Windows 11', os.arch: 'amd64', os.version: '10.0', java.version: '21.0.3'
Driver info: org.openqa.selenium.chrome.ChromeDriver
Capabilities {acceptInsecureCerts: false, browserName: chrome, browserVersion: 138.0.7204.169, chrome: {chromedriverVersion: 138.0.7204.168 (3e8d82e86e9..., userDataDir: C:\Users\INGRID~1.ZAD\AppDa...}, fedcm:accounts: true, goog:chromeOptions: {debuggerAddress: localhost:52042}, networkConnectionEnabled: false, pageLoadStrategy: normal, platformName: windows, proxy: Proxy(), se:cdp: ws://localhost:52042/devtoo..., se:cdpVersion: 138.0.7204.169, setWindowRect: true, strictFileInteractability: false, timeouts: {implicit: 0, pageLoad: 300000, script: 30000}, unhandledPromptBehavior: dismiss and notify, webauthn:extension:credBlob: true, webauthn:extension:largeBlob: true, webauthn:extension:minPinLength: true, webauthn:extension:prf: true, webauthn:virtualAuthenticators: true}
Session ID: e518912e52e666d0cca0a0d3a2f5f11d
org.openqa.selenium.TimeoutException: Expected condition failed: waiting for element to no longer be visible: By.cssSelector: mat-option (tried for 30 second(s) with 500 milliseconds interval)
Build info: version: '4.27.0', revision: 'd6e718d134'
System info: os.name: 'Windows 11', os.arch: 'amd64', os.version: '10.0', java.version: '21.0.3'
Driver info: org.openqa.selenium.chrome.ChromeDriver
Capabilities {acceptInsecureCerts: false, browserName: chrome, browserVersion: 138.0.7204.169, chrome: {chromedriverVersion: 138.0.7204.168 (3e8d82e86e9..., userDataDir: C:\Users\INGRID~1.ZAD\AppDa...}, fedcm:accounts: true, goog:chromeOptions: {debuggerAddress: localhost:52042}, networkConnectionEnabled: false, pageLoadStrategy: normal, platformName: windows, proxy: Proxy(), se:cdp: ws://localhost:52042/devtoo..., se:cdpVersion: 138.0.7204.169, setWindowRect: true, strictFileInteractability: false, timeouts: {implicit: 0, pageLoad: 300000, script: 30000}, unhandledPromptBehavior: dismiss and notify, webauthn:extension:credBlob: true, webauthn:extension:largeBlob: true, webauthn:extension:minPinLength: true, webauthn:extension:prf: true, webauthn:virtualAuthenticators: true}
Session ID: e518912e52e666d0cca0a0d3a2f5f11d
	at org.openqa.selenium.support.ui.WebDriverWait.timeoutException(WebDriverWait.java:84)
	at org.openqa.selenium.support.ui.FluentWait.until(FluentWait.java:228)
	at lt.insoft.uztis.pages.SubmittedApplicationsPage.selectValueApplicant(SubmittedApplicationsPage.java:651)
	at lt.insoft.uztis.tests.SubmittedApplicationsPageTest.testFillNewDVPApplicationFA(SubmittedApplicationsPageTest.java:642)
	at java.base/jdk.internal.reflect.DirectMethodHandleAccessor.invoke(DirectMethodHandleAccessor.java:103)
	at java.base/java.lang.reflect.Method.invoke(Method.java:580)
	at org.junit.platform.commons.util.ReflectionUtils.invokeMethod(ReflectionUtils.java:728)
	at org.junit.jupiter.engine.execution.MethodInvocation.proceed(MethodInvocation.java:60)
	at org.junit.jupiter.engine.execution.InvocationInterceptorChain$ValidatingInvocation.proceed(InvocationInterceptorChain.java:131)
	at org.junit.jupiter.engine.extension.TimeoutExtension.intercept(TimeoutExtension.java:156)
	at org.junit.jupiter.engine.extension.TimeoutExtension.interceptTestableMethod(TimeoutExtension.java:147)
	at org.junit.jupiter.engine.extension.TimeoutExtension.interceptTestMethod(TimeoutExtension.java:86)
	at org.junit.jupiter.engine.execution.InterceptingExecutableInvoker$ReflectiveInterceptorCall.lambda$ofVoidMethod$0(InterceptingExecutableInvoker.java:103)
	at org.junit.jupiter.engine.execution.InterceptingExecutableInvoker.lambda$invoke$0(InterceptingExecutableInvoker.java:93)
	at org.junit.jupiter.engine.execution.InvocationInterceptorChain$InterceptedInvocation.proceed(InvocationInterceptorChain.java:106)
	at org.junit.jupiter.engine.execution.InvocationInterceptorChain.proceed(InvocationInterceptorChain.java:64)
	at org.junit.jupiter.engine.execution.InvocationInterceptorChain.chainAndInvoke(InvocationInterceptorChain.java:45)
	at org.junit.jupiter.engine.execution.InvocationInterceptorChain.invoke(InvocationInterceptorChain.java:37)
	at org.junit.jupiter.engine.execution.InterceptingExecutableInvoker.invoke(InterceptingExecutableInvoker.java:92)
	at org.junit.jupiter.engine.execution.InterceptingExecutableInvoker.invoke(InterceptingExecutableInvoker.java:86)
	at org.junit.jupiter.engine.descriptor.TestMethodTestDescriptor.lambda$invokeTestMethod$7(TestMethodTestDescriptor.java:218)
	at org.junit.platform.engine.support.hierarchical.ThrowableCollector.execute(ThrowableCollector.java:73)
	at org.junit.jupiter.engine.descriptor.TestMethodTestDescriptor.invokeTestMethod(TestMethodTestDescriptor.java:214)
	at org.junit.jupiter.engine.descriptor.TestMethodTestDescriptor.execute(TestMethodTestDescriptor.java:139)
	at org.junit.jupiter.engine.descriptor.TestMethodTestDescriptor.execute(TestMethodTestDescriptor.java:69)
	at org.junit.platform.engine.support.hierarchical.NodeTestTask.lambda$executeRecursively$6(NodeTestTask.java:151)
	at org.junit.platform.engine.support.hierarchical.ThrowableCollector.execute(ThrowableCollector.java:73)
	at org.junit.platform.engine.support.hierarchical.NodeTestTask.lambda$executeRecursively$8(NodeTestTask.java:141)
	at org.junit.platform.engine.support.hierarchical.Node.around(Node.java:137)
	at org.junit.platform.engine.support.hierarchical.NodeTestTask.lambda$executeRecursively$9(NodeTestTask.java:139)
	at org.junit.platform.engine.support.hierarchical.ThrowableCollector.execute(ThrowableCollector.java:73)
	at org.junit.platform.engine.support.hierarchical.NodeTestTask.executeRecursively(NodeTestTask.java:138)
	at org.junit.platform.engine.support.hierarchical.NodeTestTask.execute(NodeTestTask.java:95)
	at java.base/java.util.ArrayList.forEach(ArrayList.java:1596)
	at org.junit.platform.engine.support.hierarchical.SameThreadHierarchicalTestExecutorService.invokeAll(SameThreadHierarchicalTestExecutorService.java:41)
	at org.junit.platform.engine.support.hierarchical.NodeTestTask.lambda$executeRecursively$6(NodeTestTask.java:155)
	at org.junit.platform.engine.support.hierarchical.ThrowableCollector.execute(ThrowableCollector.java:73)
	at org.junit.platform.engine.support.hierarchical.NodeTestTask.lambda$executeRecursively$8(NodeTestTask.java:141)
	at org.junit.platform.engine.support.hierarchical.Node.around(Node.java:137)
	at org.junit.platform.engine.support.hierarchical.NodeTestTask.lambda$executeRecursively$9(NodeTestTask.java:139)
	at org.junit.platform.engine.support.hierarchical.ThrowableCollector.execute(ThrowableCollector.java:73)
	at org.junit.platform.engine.support.hierarchical.NodeTestTask.executeRecursively(NodeTestTask.java:138)
	at org.junit.platform.engine.support.hierarchical.NodeTestTask.execute(NodeTestTask.java:95)
	at java.base/java.util.ArrayList.forEach(ArrayList.java:1596)
	at org.junit.platform.engine.support.hierarchical.SameThreadHierarchicalTestExecutorService.invokeAll(SameThreadHierarchicalTestExecutorService.java:41)
	at org.junit.platform.engine.support.hierarchical.NodeTestTask.lambda$executeRecursively$6(NodeTestTask.java:155)
	at org.junit.platform.engine.support.hierarchical.ThrowableCollector.execute(ThrowableCollector.java:73)
	at org.junit.platform.engine.support.hierarchical.NodeTestTask.lambda$executeRecursively$8(NodeTestTask.java:141)
	at org.junit.platform.engine.support.hierarchical.Node.around(Node.java:137)
	at org.junit.platform.engine.support.hierarchical.NodeTestTask.lambda$executeRecursively$9(NodeTestTask.java:139)
	at org.junit.platform.engine.support.hierarchical.ThrowableCollector.execute(ThrowableCollector.java:73)
	at org.junit.platform.engine.support.hierarchical.NodeTestTask.executeRecursively(NodeTestTask.java:138)
	at org.junit.platform.engine.support.hierarchical.NodeTestTask.execute(NodeTestTask.java:95)
	at org.junit.platform.engine.support.hierarchical.SameThreadHierarchicalTestExecutorService.submit(SameThreadHierarchicalTestExecutorService.java:35)
	at org.junit.platform.engine.support.hierarchical.HierarchicalTestExecutor.execute(HierarchicalTestExecutor.java:57)
	at org.junit.platform.engine.support.hierarchical.HierarchicalTestEngine.execute(HierarchicalTestEngine.java:54)
	at org.junit.platform.launcher.core.EngineExecutionOrchestrator.execute(EngineExecutionOrchestrator.java:198)
	at org.junit.platform.launcher.core.EngineExecutionOrchestrator.execute(EngineExecutionOrchestrator.java:169)
	at org.junit.platform.launcher.core.EngineExecutionOrchestrator.execute(EngineExecutionOrchestrator.java:93)
	at org.junit.platform.launcher.core.EngineExecutionOrchestrator.lambda$execute$0(EngineExecutionOrchestrator.java:58)
	at org.junit.platform.launcher.core.EngineExecutionOrchestrator.withInterceptedStreams(EngineExecutionOrchestrator.java:141)
	at org.junit.platform.launcher.core.EngineExecutionOrchestrator.execute(EngineExecutionOrchestrator.java:57)
	at org.junit.platform.launcher.core.DefaultLauncher.execute(DefaultLauncher.java:103)
	at org.junit.platform.launcher.core.DefaultLauncher.execute(DefaultLauncher.java:85)
	at org.junit.platform.launcher.core.DelegatingLauncher.execute(DelegatingLauncher.java:47)
	at org.junit.platform.launcher.core.SessionPerRequestLauncher.execute(SessionPerRequestLauncher.java:63)
	at com.intellij.junit5.JUnit5IdeaTestRunner.startRunnerWithArgs(JUnit5IdeaTestRunner.java:57)
	at com.intellij.rt.junit.IdeaTestRunner$Repeater$1.execute(IdeaTestRunner.java:38)
	at com.intellij.rt.execution.junit.TestsRepeater.repeat(TestsRepeater.java:11)
	at com.intellij.rt.junit.IdeaTestRunner$Repeater.startRunnerWithArgs(IdeaTestRunner.java:35)
	at com.intellij.rt.junit.JUnitStarter.prepareStreamsAndStart(JUnitStarter.java:232)
	at com.intellij.rt.junit.JUnitStarter.main(JUnitStarter.java:55)
2025-07-29 10:14:16 [main] ERROR l.i.u.t.SubmittedApplicationsPageTest - Test 'testFillNewDVPApplicationFA' failed with error: Failed to select applicant: PAVARDENIS GR777
java.lang.RuntimeException: Failed to select applicant: PAVARDENIS GR777
	at lt.insoft.uztis.pages.SubmittedApplicationsPage.selectValueApplicant(SubmittedApplicationsPage.java:670)
	at lt.insoft.uztis.tests.SubmittedApplicationsPageTest.testFillNewDVPApplicationFA(SubmittedApplicationsPageTest.java:642)
	at java.base/jdk.internal.reflect.DirectMethodHandleAccessor.invoke(DirectMethodHandleAccessor.java:103)
	at java.base/java.lang.reflect.Method.invoke(Method.java:580)
	at org.junit.platform.commons.util.ReflectionUtils.invokeMethod(ReflectionUtils.java:728)
	at org.junit.jupiter.engine.execution.MethodInvocation.proceed(MethodInvocation.java:60)
	at org.junit.jupiter.engine.execution.InvocationInterceptorChain$ValidatingInvocation.proceed(InvocationInterceptorChain.java:131)
	at org.junit.jupiter.engine.extension.TimeoutExtension.intercept(TimeoutExtension.java:156)
	at org.junit.jupiter.engine.extension.TimeoutExtension.interceptTestableMethod(TimeoutExtension.java:147)
	at org.junit.jupiter.engine.extension.TimeoutExtension.interceptTestMethod(TimeoutExtension.java:86)
	at org.junit.jupiter.engine.execution.InterceptingExecutableInvoker$ReflectiveInterceptorCall.lambda$ofVoidMethod$0(InterceptingExecutableInvoker.java:103)
	at org.junit.jupiter.engine.execution.InterceptingExecutableInvoker.lambda$invoke$0(InterceptingExecutableInvoker.java:93)
	at org.junit.jupiter.engine.execution.InvocationInterceptorChain$InterceptedInvocation.proceed(InvocationInterceptorChain.java:106)
	at org.junit.jupiter.engine.execution.InvocationInterceptorChain.proceed(InvocationInterceptorChain.java:64)
	at org.junit.jupiter.engine.execution.InvocationInterceptorChain.chainAndInvoke(InvocationInterceptorChain.java:45)
	at org.junit.jupiter.engine.execution.InvocationInterceptorChain.invoke(InvocationInterceptorChain.java:37)
	at org.junit.jupiter.engine.execution.InterceptingExecutableInvoker.invoke(InterceptingExecutableInvoker.java:92)
	at org.junit.jupiter.engine.execution.InterceptingExecutableInvoker.invoke(InterceptingExecutableInvoker.java:86)
	at org.junit.jupiter.engine.descriptor.TestMethodTestDescriptor.lambda$invokeTestMethod$7(TestMethodTestDescriptor.java:218)
	at org.junit.platform.engine.support.hierarchical.ThrowableCollector.execute(ThrowableCollector.java:73)
	at org.junit.jupiter.engine.descriptor.TestMethodTestDescriptor.invokeTestMethod(TestMethodTestDescriptor.java:214)
	at org.junit.jupiter.engine.descriptor.TestMethodTestDescriptor.execute(TestMethodTestDescriptor.java:139)
	at org.junit.jupiter.engine.descriptor.TestMethodTestDescriptor.execute(TestMethodTestDescriptor.java:69)
	at org.junit.platform.engine.support.hierarchical.NodeTestTask.lambda$executeRecursively$6(NodeTestTask.java:151)
	at org.junit.platform.engine.support.hierarchical.ThrowableCollector.execute(ThrowableCollector.java:73)
	at org.junit.platform.engine.support.hierarchical.NodeTestTask.lambda$executeRecursively$8(NodeTestTask.java:141)
	at org.junit.platform.engine.support.hierarchical.Node.around(Node.java:137)
	at org.junit.platform.engine.support.hierarchical.NodeTestTask.lambda$executeRecursively$9(NodeTestTask.java:139)
	at org.junit.platform.engine.support.hierarchical.ThrowableCollector.execute(ThrowableCollector.java:73)
	at org.junit.platform.engine.support.hierarchical.NodeTestTask.executeRecursively(NodeTestTask.java:138)
	at org.junit.platform.engine.support.hierarchical.NodeTestTask.execute(NodeTestTask.java:95)
	at java.base/java.util.ArrayList.forEach(ArrayList.java:1596)
	at org.junit.platform.engine.support.hierarchical.SameThreadHierarchicalTestExecutorService.invokeAll(SameThreadHierarchicalTestExecutorService.java:41)
	at org.junit.platform.engine.support.hierarchical.NodeTestTask.lambda$executeRecursively$6(NodeTestTask.java:155)
	at org.junit.platform.engine.support.hierarchical.ThrowableCollector.execute(ThrowableCollector.java:73)
	at org.junit.platform.engine.support.hierarchical.NodeTestTask.lambda$executeRecursively$8(NodeTestTask.java:141)
	at org.junit.platform.engine.support.hierarchical.Node.around(Node.java:137)
	at org.junit.platform.engine.support.hierarchical.NodeTestTask.lambda$executeRecursively$9(NodeTestTask.java:139)
	at org.junit.platform.engine.support.hierarchical.ThrowableCollector.execute(ThrowableCollector.java:73)
	at org.junit.platform.engine.support.hierarchical.NodeTestTask.executeRecursively(NodeTestTask.java:138)
	at org.junit.platform.engine.support.hierarchical.NodeTestTask.execute(NodeTestTask.java:95)
	at java.base/java.util.ArrayList.forEach(ArrayList.java:1596)
	at org.junit.platform.engine.support.hierarchical.SameThreadHierarchicalTestExecutorService.invokeAll(SameThreadHierarchicalTestExecutorService.java:41)
	at org.junit.platform.engine.support.hierarchical.NodeTestTask.lambda$executeRecursively$6(NodeTestTask.java:155)
	at org.junit.platform.engine.support.hierarchical.ThrowableCollector.execute(ThrowableCollector.java:73)
	at org.junit.platform.engine.support.hierarchical.NodeTestTask.lambda$executeRecursively$8(NodeTestTask.java:141)
	at org.junit.platform.engine.support.hierarchical.Node.around(Node.java:137)
	at org.junit.platform.engine.support.hierarchical.NodeTestTask.lambda$executeRecursively$9(NodeTestTask.java:139)
	at org.junit.platform.engine.support.hierarchical.ThrowableCollector.execute(ThrowableCollector.java:73)
	at org.junit.platform.engine.support.hierarchical.NodeTestTask.executeRecursively(NodeTestTask.java:138)
	at org.junit.platform.engine.support.hierarchical.NodeTestTask.execute(NodeTestTask.java:95)
	at org.junit.platform.engine.support.hierarchical.SameThreadHierarchicalTestExecutorService.submit(SameThreadHierarchicalTestExecutorService.java:35)
	at org.junit.platform.engine.support.hierarchical.HierarchicalTestExecutor.execute(HierarchicalTestExecutor.java:57)
	at org.junit.platform.engine.support.hierarchical.HierarchicalTestEngine.execute(HierarchicalTestEngine.java:54)
	at org.junit.platform.launcher.core.EngineExecutionOrchestrator.execute(EngineExecutionOrchestrator.java:198)
	at org.junit.platform.launcher.core.EngineExecutionOrchestrator.execute(EngineExecutionOrchestrator.java:169)
	at org.junit.platform.launcher.core.EngineExecutionOrchestrator.execute(EngineExecutionOrchestrator.java:93)
	at org.junit.platform.launcher.core.EngineExecutionOrchestrator.lambda$execute$0(EngineExecutionOrchestrator.java:58)
	at org.junit.platform.launcher.core.EngineExecutionOrchestrator.withInterceptedStreams(EngineExecutionOrchestrator.java:141)
	at org.junit.platform.launcher.core.EngineExecutionOrchestrator.execute(EngineExecutionOrchestrator.java:57)
	at org.junit.platform.launcher.core.DefaultLauncher.execute(DefaultLauncher.java:103)
	at org.junit.platform.launcher.core.DefaultLauncher.execute(DefaultLauncher.java:85)
	at org.junit.platform.launcher.core.DelegatingLauncher.execute(DelegatingLauncher.java:47)
	at org.junit.platform.launcher.core.SessionPerRequestLauncher.execute(SessionPerRequestLauncher.java:63)
	at com.intellij.junit5.JUnit5IdeaTestRunner.startRunnerWithArgs(JUnit5IdeaTestRunner.java:57)
	at com.intellij.rt.junit.IdeaTestRunner$Repeater$1.execute(IdeaTestRunner.java:38)
	at com.intellij.rt.execution.junit.TestsRepeater.repeat(TestsRepeater.java:11)
	at com.intellij.rt.junit.IdeaTestRunner$Repeater.startRunnerWithArgs(IdeaTestRunner.java:35)
	at com.intellij.rt.junit.JUnitStarter.prepareStreamsAndStart(JUnitStarter.java:232)
	at com.intellij.rt.junit.JUnitStarter.main(JUnitStarter.java:55)
Caused by: org.openqa.selenium.TimeoutException: Expected condition failed: waiting for element to no longer be visible: By.cssSelector: mat-option (tried for 30 second(s) with 500 milliseconds interval)
Build info: version: '4.27.0', revision: 'd6e718d134'
System info: os.name: 'Windows 11', os.arch: 'amd64', os.version: '10.0', java.version: '21.0.3'
Driver info: org.openqa.selenium.chrome.ChromeDriver
Capabilities {acceptInsecureCerts: false, browserName: chrome, browserVersion: 138.0.7204.169, chrome: {chromedriverVersion: 138.0.7204.168 (3e8d82e86e9..., userDataDir: C:\Users\INGRID~1.ZAD\AppDa...}, fedcm:accounts: true, goog:chromeOptions: {debuggerAddress: localhost:52042}, networkConnectionEnabled: false, pageLoadStrategy: normal, platformName: windows, proxy: Proxy(), se:cdp: ws://localhost:52042/devtoo..., se:cdpVersion: 138.0.7204.169, setWindowRect: true, strictFileInteractability: false, timeouts: {implicit: 0, pageLoad: 300000, script: 30000}, unhandledPromptBehavior: dismiss and notify, webauthn:extension:credBlob: true, webauthn:extension:largeBlob: true, webauthn:extension:minPinLength: true, webauthn:extension:prf: true, webauthn:virtualAuthenticators: true}
Session ID: e518912e52e666d0cca0a0d3a2f5f11d
	at org.openqa.selenium.support.ui.WebDriverWait.timeoutException(WebDriverWait.java:84)
	at org.openqa.selenium.support.ui.FluentWait.until(FluentWait.java:228)
	at lt.insoft.uztis.pages.SubmittedApplicationsPage.selectValueApplicant(SubmittedApplicationsPage.java:651)
	... 69 common frames omitted
2025-07-29 10:14:16 [main] INFO  l.insoft.uztis.tests.utils.TestUtils - Screenshot moved to C:\Users\ingrida.zadorozniene\Desktop\Asm\UZTIS\UZTIS_tests\test-output\screenshots\20250729\101416222_testFillNewDVPApplicationFA().png
2025-07-29 10:15:45 [main] INFO  lt.insoft.uztis.tests.UztisPageTest - Navigated to https://uztisdev.asseco.lt/home
2025-07-29 10:15:45 [main] INFO  l.i.u.t.SubmittedApplicationsPageTest - Starting test:'testFillNewDVPApplicationFA'
2025-07-29 10:15:46 [main] INFO  l.insoft.uztis.tests.utils.TestUtils - Login attempt with user: evaluation_chief
2025-07-29 10:15:46 [main] DEBUG l.i.u.t.SubmittedApplicationsPageTest - User logged in with test credentials
2025-07-29 10:15:46 [main] DEBUG l.i.u.t.SubmittedApplicationsPageTest - Opened 'Application Processing' menu.
2025-07-29 10:15:46 [main] DEBUG l.i.u.t.SubmittedApplicationsPageTest - Clicked on 'Application Forms' menu.
2025-07-29 10:15:47 [main] DEBUG l.i.u.t.SubmittedApplicationsPageTest - Retrieved last description code text: 'TST-DVP-42'.
2025-07-29 10:15:47 [main] DEBUG l.i.u.t.SubmittedApplicationsPageTest - Clicked on 'Invitation' menu.
2025-07-29 10:15:48 [main] DEBUG l.i.u.t.SubmittedApplicationsPageTest - Selected application section by code: 'TST-DVP-42'.
2025-07-29 10:15:48 [main] DEBUG l.i.u.t.SubmittedApplicationsPageTest - Clicked 'Search' button.
2025-07-29 10:15:48 [main] DEBUG l.i.u.t.SubmittedApplicationsPageTest - Retrieved invitation code: ''.
2025-07-29 10:15:49 [main] DEBUG l.i.u.t.SubmittedApplicationsPageTest - Clicked on 'Submitted Applications' menu.
2025-07-29 10:15:50 [main] DEBUG l.i.u.t.SubmittedApplicationsPageTest - Selected invitation by code: 'TST-DVP-42'.
2025-07-29 10:15:50 [main] DEBUG l.i.u.t.SubmittedApplicationsPageTest - Invitation code inserted.
2025-07-29 10:15:50 [main] DEBUG l.i.u.t.SubmittedApplicationsPageTest - Clicked on 'Action Application' button.
2025-07-29 10:15:51 [main] DEBUG l.i.u.t.SubmittedApplicationsPageTest - Clicked on 'New Application' button.
2025-07-29 10:15:51 [main] DEBUG l.i.u.t.SubmittedApplicationsPageTest - Selected the 'RadioButtonFA' option.
2025-07-29 10:15:51 [main] INFO  l.i.u.p.SubmittedApplicationsPage - Dropdown opened.
2025-07-29 10:15:51 [main] DEBUG l.i.u.p.SubmittedApplicationsPage - Entered search: 'PAVARDENIS GR777'
2025-07-29 10:15:51 [main] DEBUG l.i.u.p.SubmittedApplicationsPage - Found 1 options.
2025-07-29 10:15:51 [main] WARN  l.i.u.p.SubmittedApplicationsPage - Tikslus variantas nerastas, spaudžiam pirmą: 'close
Rezultatų nerasta'
2025-07-29 10:16:21 [main] ERROR l.i.u.p.SubmittedApplicationsPage - Nepavyko pasirinkti reikšmės 'PAVARDENIS GR777': Expected condition failed: waiting for element to no longer be visible: By.cssSelector: mat-option (tried for 30 second(s) with 500 milliseconds interval)
Build info: version: '4.27.0', revision: 'd6e718d134'
System info: os.name: 'Windows 11', os.arch: 'amd64', os.version: '10.0', java.version: '21.0.3'
Driver info: org.openqa.selenium.chrome.ChromeDriver
Capabilities {acceptInsecureCerts: false, browserName: chrome, browserVersion: 138.0.7204.169, chrome: {chromedriverVersion: 138.0.7204.168 (3e8d82e86e9..., userDataDir: C:\Users\INGRID~1.ZAD\AppDa...}, fedcm:accounts: true, goog:chromeOptions: {debuggerAddress: localhost:52254}, networkConnectionEnabled: false, pageLoadStrategy: normal, platformName: windows, proxy: Proxy(), se:cdp: ws://localhost:52254/devtoo..., se:cdpVersion: 138.0.7204.169, setWindowRect: true, strictFileInteractability: false, timeouts: {implicit: 0, pageLoad: 300000, script: 30000}, unhandledPromptBehavior: dismiss and notify, webauthn:extension:credBlob: true, webauthn:extension:largeBlob: true, webauthn:extension:minPinLength: true, webauthn:extension:prf: true, webauthn:virtualAuthenticators: true}
Session ID: 18cf993ecf9c336103d885dd26b1a99b
org.openqa.selenium.TimeoutException: Expected condition failed: waiting for element to no longer be visible: By.cssSelector: mat-option (tried for 30 second(s) with 500 milliseconds interval)
Build info: version: '4.27.0', revision: 'd6e718d134'
System info: os.name: 'Windows 11', os.arch: 'amd64', os.version: '10.0', java.version: '21.0.3'
Driver info: org.openqa.selenium.chrome.ChromeDriver
Capabilities {acceptInsecureCerts: false, browserName: chrome, browserVersion: 138.0.7204.169, chrome: {chromedriverVersion: 138.0.7204.168 (3e8d82e86e9..., userDataDir: C:\Users\INGRID~1.ZAD\AppDa...}, fedcm:accounts: true, goog:chromeOptions: {debuggerAddress: localhost:52254}, networkConnectionEnabled: false, pageLoadStrategy: normal, platformName: windows, proxy: Proxy(), se:cdp: ws://localhost:52254/devtoo..., se:cdpVersion: 138.0.7204.169, setWindowRect: true, strictFileInteractability: false, timeouts: {implicit: 0, pageLoad: 300000, script: 30000}, unhandledPromptBehavior: dismiss and notify, webauthn:extension:credBlob: true, webauthn:extension:largeBlob: true, webauthn:extension:minPinLength: true, webauthn:extension:prf: true, webauthn:virtualAuthenticators: true}
Session ID: 18cf993ecf9c336103d885dd26b1a99b
	at org.openqa.selenium.support.ui.WebDriverWait.timeoutException(WebDriverWait.java:84)
	at org.openqa.selenium.support.ui.FluentWait.until(FluentWait.java:228)
	at lt.insoft.uztis.pages.SubmittedApplicationsPage.selectValueApplicant(SubmittedApplicationsPage.java:653)
	at lt.insoft.uztis.tests.SubmittedApplicationsPageTest.testFillNewDVPApplicationFA(SubmittedApplicationsPageTest.java:642)
	at java.base/jdk.internal.reflect.DirectMethodHandleAccessor.invoke(DirectMethodHandleAccessor.java:103)
	at java.base/java.lang.reflect.Method.invoke(Method.java:580)
	at org.junit.platform.commons.util.ReflectionUtils.invokeMethod(ReflectionUtils.java:728)
	at org.junit.jupiter.engine.execution.MethodInvocation.proceed(MethodInvocation.java:60)
	at org.junit.jupiter.engine.execution.InvocationInterceptorChain$ValidatingInvocation.proceed(InvocationInterceptorChain.java:131)
	at org.junit.jupiter.engine.extension.TimeoutExtension.intercept(TimeoutExtension.java:156)
	at org.junit.jupiter.engine.extension.TimeoutExtension.interceptTestableMethod(TimeoutExtension.java:147)
	at org.junit.jupiter.engine.extension.TimeoutExtension.interceptTestMethod(TimeoutExtension.java:86)
	at org.junit.jupiter.engine.execution.InterceptingExecutableInvoker$ReflectiveInterceptorCall.lambda$ofVoidMethod$0(InterceptingExecutableInvoker.java:103)
	at org.junit.jupiter.engine.execution.InterceptingExecutableInvoker.lambda$invoke$0(InterceptingExecutableInvoker.java:93)
	at org.junit.jupiter.engine.execution.InvocationInterceptorChain$InterceptedInvocation.proceed(InvocationInterceptorChain.java:106)
	at org.junit.jupiter.engine.execution.InvocationInterceptorChain.proceed(InvocationInterceptorChain.java:64)
	at org.junit.jupiter.engine.execution.InvocationInterceptorChain.chainAndInvoke(InvocationInterceptorChain.java:45)
	at org.junit.jupiter.engine.execution.InvocationInterceptorChain.invoke(InvocationInterceptorChain.java:37)
	at org.junit.jupiter.engine.execution.InterceptingExecutableInvoker.invoke(InterceptingExecutableInvoker.java:92)
	at org.junit.jupiter.engine.execution.InterceptingExecutableInvoker.invoke(InterceptingExecutableInvoker.java:86)
	at org.junit.jupiter.engine.descriptor.TestMethodTestDescriptor.lambda$invokeTestMethod$7(TestMethodTestDescriptor.java:218)
	at org.junit.platform.engine.support.hierarchical.ThrowableCollector.execute(ThrowableCollector.java:73)
	at org.junit.jupiter.engine.descriptor.TestMethodTestDescriptor.invokeTestMethod(TestMethodTestDescriptor.java:214)
	at org.junit.jupiter.engine.descriptor.TestMethodTestDescriptor.execute(TestMethodTestDescriptor.java:139)
	at org.junit.jupiter.engine.descriptor.TestMethodTestDescriptor.execute(TestMethodTestDescriptor.java:69)
	at org.junit.platform.engine.support.hierarchical.NodeTestTask.lambda$executeRecursively$6(NodeTestTask.java:151)
	at org.junit.platform.engine.support.hierarchical.ThrowableCollector.execute(ThrowableCollector.java:73)
	at org.junit.platform.engine.support.hierarchical.NodeTestTask.lambda$executeRecursively$8(NodeTestTask.java:141)
	at org.junit.platform.engine.support.hierarchical.Node.around(Node.java:137)
	at org.junit.platform.engine.support.hierarchical.NodeTestTask.lambda$executeRecursively$9(NodeTestTask.java:139)
	at org.junit.platform.engine.support.hierarchical.ThrowableCollector.execute(ThrowableCollector.java:73)
	at org.junit.platform.engine.support.hierarchical.NodeTestTask.executeRecursively(NodeTestTask.java:138)
	at org.junit.platform.engine.support.hierarchical.NodeTestTask.execute(NodeTestTask.java:95)
	at java.base/java.util.ArrayList.forEach(ArrayList.java:1596)
	at org.junit.platform.engine.support.hierarchical.SameThreadHierarchicalTestExecutorService.invokeAll(SameThreadHierarchicalTestExecutorService.java:41)
	at org.junit.platform.engine.support.hierarchical.NodeTestTask.lambda$executeRecursively$6(NodeTestTask.java:155)
	at org.junit.platform.engine.support.hierarchical.ThrowableCollector.execute(ThrowableCollector.java:73)
	at org.junit.platform.engine.support.hierarchical.NodeTestTask.lambda$executeRecursively$8(NodeTestTask.java:141)
	at org.junit.platform.engine.support.hierarchical.Node.around(Node.java:137)
	at org.junit.platform.engine.support.hierarchical.NodeTestTask.lambda$executeRecursively$9(NodeTestTask.java:139)
	at org.junit.platform.engine.support.hierarchical.ThrowableCollector.execute(ThrowableCollector.java:73)
	at org.junit.platform.engine.support.hierarchical.NodeTestTask.executeRecursively(NodeTestTask.java:138)
	at org.junit.platform.engine.support.hierarchical.NodeTestTask.execute(NodeTestTask.java:95)
	at java.base/java.util.ArrayList.forEach(ArrayList.java:1596)
	at org.junit.platform.engine.support.hierarchical.SameThreadHierarchicalTestExecutorService.invokeAll(SameThreadHierarchicalTestExecutorService.java:41)
	at org.junit.platform.engine.support.hierarchical.NodeTestTask.lambda$executeRecursively$6(NodeTestTask.java:155)
	at org.junit.platform.engine.support.hierarchical.ThrowableCollector.execute(ThrowableCollector.java:73)
	at org.junit.platform.engine.support.hierarchical.NodeTestTask.lambda$executeRecursively$8(NodeTestTask.java:141)
	at org.junit.platform.engine.support.hierarchical.Node.around(Node.java:137)
	at org.junit.platform.engine.support.hierarchical.NodeTestTask.lambda$executeRecursively$9(NodeTestTask.java:139)
	at org.junit.platform.engine.support.hierarchical.ThrowableCollector.execute(ThrowableCollector.java:73)
	at org.junit.platform.engine.support.hierarchical.NodeTestTask.executeRecursively(NodeTestTask.java:138)
	at org.junit.platform.engine.support.hierarchical.NodeTestTask.execute(NodeTestTask.java:95)
	at org.junit.platform.engine.support.hierarchical.SameThreadHierarchicalTestExecutorService.submit(SameThreadHierarchicalTestExecutorService.java:35)
	at org.junit.platform.engine.support.hierarchical.HierarchicalTestExecutor.execute(HierarchicalTestExecutor.java:57)
	at org.junit.platform.engine.support.hierarchical.HierarchicalTestEngine.execute(HierarchicalTestEngine.java:54)
	at org.junit.platform.launcher.core.EngineExecutionOrchestrator.execute(EngineExecutionOrchestrator.java:198)
	at org.junit.platform.launcher.core.EngineExecutionOrchestrator.execute(EngineExecutionOrchestrator.java:169)
	at org.junit.platform.launcher.core.EngineExecutionOrchestrator.execute(EngineExecutionOrchestrator.java:93)
	at org.junit.platform.launcher.core.EngineExecutionOrchestrator.lambda$execute$0(EngineExecutionOrchestrator.java:58)
	at org.junit.platform.launcher.core.EngineExecutionOrchestrator.withInterceptedStreams(EngineExecutionOrchestrator.java:141)
	at org.junit.platform.launcher.core.EngineExecutionOrchestrator.execute(EngineExecutionOrchestrator.java:57)
	at org.junit.platform.launcher.core.DefaultLauncher.execute(DefaultLauncher.java:103)
	at org.junit.platform.launcher.core.DefaultLauncher.execute(DefaultLauncher.java:85)
	at org.junit.platform.launcher.core.DelegatingLauncher.execute(DelegatingLauncher.java:47)
	at org.junit.platform.launcher.core.SessionPerRequestLauncher.execute(SessionPerRequestLauncher.java:63)
	at com.intellij.junit5.JUnit5IdeaTestRunner.startRunnerWithArgs(JUnit5IdeaTestRunner.java:57)
	at com.intellij.rt.junit.IdeaTestRunner$Repeater$1.execute(IdeaTestRunner.java:38)
	at com.intellij.rt.execution.junit.TestsRepeater.repeat(TestsRepeater.java:11)
	at com.intellij.rt.junit.IdeaTestRunner$Repeater.startRunnerWithArgs(IdeaTestRunner.java:35)
	at com.intellij.rt.junit.JUnitStarter.prepareStreamsAndStart(JUnitStarter.java:232)
	at com.intellij.rt.junit.JUnitStarter.main(JUnitStarter.java:55)
2025-07-29 10:16:21 [main] ERROR l.i.u.t.SubmittedApplicationsPageTest - Test 'testFillNewDVPApplicationFA' failed with error: Nepavyko pasirinkti reikšmės iš dropdown'o: PAVARDENIS GR777
java.lang.RuntimeException: Nepavyko pasirinkti reikšmės iš dropdown'o: PAVARDENIS GR777
	at lt.insoft.uztis.pages.SubmittedApplicationsPage.selectValueApplicant(SubmittedApplicationsPage.java:673)
	at lt.insoft.uztis.tests.SubmittedApplicationsPageTest.testFillNewDVPApplicationFA(SubmittedApplicationsPageTest.java:642)
	at java.base/jdk.internal.reflect.DirectMethodHandleAccessor.invoke(DirectMethodHandleAccessor.java:103)
	at java.base/java.lang.reflect.Method.invoke(Method.java:580)
	at org.junit.platform.commons.util.ReflectionUtils.invokeMethod(ReflectionUtils.java:728)
	at org.junit.jupiter.engine.execution.MethodInvocation.proceed(MethodInvocation.java:60)
	at org.junit.jupiter.engine.execution.InvocationInterceptorChain$ValidatingInvocation.proceed(InvocationInterceptorChain.java:131)
	at org.junit.jupiter.engine.extension.TimeoutExtension.intercept(TimeoutExtension.java:156)
	at org.junit.jupiter.engine.extension.TimeoutExtension.interceptTestableMethod(TimeoutExtension.java:147)
	at org.junit.jupiter.engine.extension.TimeoutExtension.interceptTestMethod(TimeoutExtension.java:86)
	at org.junit.jupiter.engine.execution.InterceptingExecutableInvoker$ReflectiveInterceptorCall.lambda$ofVoidMethod$0(InterceptingExecutableInvoker.java:103)
	at org.junit.jupiter.engine.execution.InterceptingExecutableInvoker.lambda$invoke$0(InterceptingExecutableInvoker.java:93)
	at org.junit.jupiter.engine.execution.InvocationInterceptorChain$InterceptedInvocation.proceed(InvocationInterceptorChain.java:106)
	at org.junit.jupiter.engine.execution.InvocationInterceptorChain.proceed(InvocationInterceptorChain.java:64)
	at org.junit.jupiter.engine.execution.InvocationInterceptorChain.chainAndInvoke(InvocationInterceptorChain.java:45)
	at org.junit.jupiter.engine.execution.InvocationInterceptorChain.invoke(InvocationInterceptorChain.java:37)
	at org.junit.jupiter.engine.execution.InterceptingExecutableInvoker.invoke(InterceptingExecutableInvoker.java:92)
	at org.junit.jupiter.engine.execution.InterceptingExecutableInvoker.invoke(InterceptingExecutableInvoker.java:86)
	at org.junit.jupiter.engine.descriptor.TestMethodTestDescriptor.lambda$invokeTestMethod$7(TestMethodTestDescriptor.java:218)
	at org.junit.platform.engine.support.hierarchical.ThrowableCollector.execute(ThrowableCollector.java:73)
	at org.junit.jupiter.engine.descriptor.TestMethodTestDescriptor.invokeTestMethod(TestMethodTestDescriptor.java:214)
	at org.junit.jupiter.engine.descriptor.TestMethodTestDescriptor.execute(TestMethodTestDescriptor.java:139)
	at org.junit.jupiter.engine.descriptor.TestMethodTestDescriptor.execute(TestMethodTestDescriptor.java:69)
	at org.junit.platform.engine.support.hierarchical.NodeTestTask.lambda$executeRecursively$6(NodeTestTask.java:151)
	at org.junit.platform.engine.support.hierarchical.ThrowableCollector.execute(ThrowableCollector.java:73)
	at org.junit.platform.engine.support.hierarchical.NodeTestTask.lambda$executeRecursively$8(NodeTestTask.java:141)
	at org.junit.platform.engine.support.hierarchical.Node.around(Node.java:137)
	at org.junit.platform.engine.support.hierarchical.NodeTestTask.lambda$executeRecursively$9(NodeTestTask.java:139)
	at org.junit.platform.engine.support.hierarchical.ThrowableCollector.execute(ThrowableCollector.java:73)
	at org.junit.platform.engine.support.hierarchical.NodeTestTask.executeRecursively(NodeTestTask.java:138)
	at org.junit.platform.engine.support.hierarchical.NodeTestTask.execute(NodeTestTask.java:95)
	at java.base/java.util.ArrayList.forEach(ArrayList.java:1596)
	at org.junit.platform.engine.support.hierarchical.SameThreadHierarchicalTestExecutorService.invokeAll(SameThreadHierarchicalTestExecutorService.java:41)
	at org.junit.platform.engine.support.hierarchical.NodeTestTask.lambda$executeRecursively$6(NodeTestTask.java:155)
	at org.junit.platform.engine.support.hierarchical.ThrowableCollector.execute(ThrowableCollector.java:73)
	at org.junit.platform.engine.support.hierarchical.NodeTestTask.lambda$executeRecursively$8(NodeTestTask.java:141)
	at org.junit.platform.engine.support.hierarchical.Node.around(Node.java:137)
	at org.junit.platform.engine.support.hierarchical.NodeTestTask.lambda$executeRecursively$9(NodeTestTask.java:139)
	at org.junit.platform.engine.support.hierarchical.ThrowableCollector.execute(ThrowableCollector.java:73)
	at org.junit.platform.engine.support.hierarchical.NodeTestTask.executeRecursively(NodeTestTask.java:138)
	at org.junit.platform.engine.support.hierarchical.NodeTestTask.execute(NodeTestTask.java:95)
	at java.base/java.util.ArrayList.forEach(ArrayList.java:1596)
	at org.junit.platform.engine.support.hierarchical.SameThreadHierarchicalTestExecutorService.invokeAll(SameThreadHierarchicalTestExecutorService.java:41)
	at org.junit.platform.engine.support.hierarchical.NodeTestTask.lambda$executeRecursively$6(NodeTestTask.java:155)
	at org.junit.platform.engine.support.hierarchical.ThrowableCollector.execute(ThrowableCollector.java:73)
	at org.junit.platform.engine.support.hierarchical.NodeTestTask.lambda$executeRecursively$8(NodeTestTask.java:141)
	at org.junit.platform.engine.support.hierarchical.Node.around(Node.java:137)
	at org.junit.platform.engine.support.hierarchical.NodeTestTask.lambda$executeRecursively$9(NodeTestTask.java:139)
	at org.junit.platform.engine.support.hierarchical.ThrowableCollector.execute(ThrowableCollector.java:73)
	at org.junit.platform.engine.support.hierarchical.NodeTestTask.executeRecursively(NodeTestTask.java:138)
	at org.junit.platform.engine.support.hierarchical.NodeTestTask.execute(NodeTestTask.java:95)
	at org.junit.platform.engine.support.hierarchical.SameThreadHierarchicalTestExecutorService.submit(SameThreadHierarchicalTestExecutorService.java:35)
	at org.junit.platform.engine.support.hierarchical.HierarchicalTestExecutor.execute(HierarchicalTestExecutor.java:57)
	at org.junit.platform.engine.support.hierarchical.HierarchicalTestEngine.execute(HierarchicalTestEngine.java:54)
	at org.junit.platform.launcher.core.EngineExecutionOrchestrator.execute(EngineExecutionOrchestrator.java:198)
	at org.junit.platform.launcher.core.EngineExecutionOrchestrator.execute(EngineExecutionOrchestrator.java:169)
	at org.junit.platform.launcher.core.EngineExecutionOrchestrator.execute(EngineExecutionOrchestrator.java:93)
	at org.junit.platform.launcher.core.EngineExecutionOrchestrator.lambda$execute$0(EngineExecutionOrchestrator.java:58)
	at org.junit.platform.launcher.core.EngineExecutionOrchestrator.withInterceptedStreams(EngineExecutionOrchestrator.java:141)
	at org.junit.platform.launcher.core.EngineExecutionOrchestrator.execute(EngineExecutionOrchestrator.java:57)
	at org.junit.platform.launcher.core.DefaultLauncher.execute(DefaultLauncher.java:103)
	at org.junit.platform.launcher.core.DefaultLauncher.execute(DefaultLauncher.java:85)
	at org.junit.platform.launcher.core.DelegatingLauncher.execute(DelegatingLauncher.java:47)
	at org.junit.platform.launcher.core.SessionPerRequestLauncher.execute(SessionPerRequestLauncher.java:63)
	at com.intellij.junit5.JUnit5IdeaTestRunner.startRunnerWithArgs(JUnit5IdeaTestRunner.java:57)
	at com.intellij.rt.junit.IdeaTestRunner$Repeater$1.execute(IdeaTestRunner.java:38)
	at com.intellij.rt.execution.junit.TestsRepeater.repeat(TestsRepeater.java:11)
	at com.intellij.rt.junit.IdeaTestRunner$Repeater.startRunnerWithArgs(IdeaTestRunner.java:35)
	at com.intellij.rt.junit.JUnitStarter.prepareStreamsAndStart(JUnitStarter.java:232)
	at com.intellij.rt.junit.JUnitStarter.main(JUnitStarter.java:55)
Caused by: org.openqa.selenium.TimeoutException: Expected condition failed: waiting for element to no longer be visible: By.cssSelector: mat-option (tried for 30 second(s) with 500 milliseconds interval)
Build info: version: '4.27.0', revision: 'd6e718d134'
System info: os.name: 'Windows 11', os.arch: 'amd64', os.version: '10.0', java.version: '21.0.3'
Driver info: org.openqa.selenium.chrome.ChromeDriver
Capabilities {acceptInsecureCerts: false, browserName: chrome, browserVersion: 138.0.7204.169, chrome: {chromedriverVersion: 138.0.7204.168 (3e8d82e86e9..., userDataDir: C:\Users\INGRID~1.ZAD\AppDa...}, fedcm:accounts: true, goog:chromeOptions: {debuggerAddress: localhost:52254}, networkConnectionEnabled: false, pageLoadStrategy: normal, platformName: windows, proxy: Proxy(), se:cdp: ws://localhost:52254/devtoo..., se:cdpVersion: 138.0.7204.169, setWindowRect: true, strictFileInteractability: false, timeouts: {implicit: 0, pageLoad: 300000, script: 30000}, unhandledPromptBehavior: dismiss and notify, webauthn:extension:credBlob: true, webauthn:extension:largeBlob: true, webauthn:extension:minPinLength: true, webauthn:extension:prf: true, webauthn:virtualAuthenticators: true}
Session ID: 18cf993ecf9c336103d885dd26b1a99b
	at org.openqa.selenium.support.ui.WebDriverWait.timeoutException(WebDriverWait.java:84)
	at org.openqa.selenium.support.ui.FluentWait.until(FluentWait.java:228)
	at lt.insoft.uztis.pages.SubmittedApplicationsPage.selectValueApplicant(SubmittedApplicationsPage.java:653)
	... 69 common frames omitted
2025-07-29 10:16:21 [main] INFO  l.insoft.uztis.tests.utils.TestUtils - Screenshot moved to C:\Users\ingrida.zadorozniene\Desktop\Asm\UZTIS\UZTIS_tests\test-output\screenshots\20250729\101621934_testFillNewDVPApplicationFA().png
2025-07-29 10:19:05 [main] INFO  lt.insoft.uztis.tests.UztisPageTest - Navigated to https://uztisdev.asseco.lt/home
2025-07-29 10:19:05 [main] INFO  l.i.u.t.SubmittedApplicationsPageTest - Starting test:'testFillNewDVPApplicationFA'
2025-07-29 10:19:05 [main] INFO  l.insoft.uztis.tests.utils.TestUtils - Login attempt with user: evaluation_chief
2025-07-29 10:19:05 [main] DEBUG l.i.u.t.SubmittedApplicationsPageTest - User logged in with test credentials
2025-07-29 10:19:06 [main] DEBUG l.i.u.t.SubmittedApplicationsPageTest - Opened 'Application Processing' menu.
2025-07-29 10:19:06 [main] DEBUG l.i.u.t.SubmittedApplicationsPageTest - Clicked on 'Application Forms' menu.
2025-07-29 10:19:07 [main] DEBUG l.i.u.t.SubmittedApplicationsPageTest - Retrieved last description code text: 'TST-DVP-42'.
2025-07-29 10:19:07 [main] DEBUG l.i.u.t.SubmittedApplicationsPageTest - Clicked on 'Invitation' menu.
2025-07-29 10:19:08 [main] DEBUG l.i.u.t.SubmittedApplicationsPageTest - Selected application section by code: 'TST-DVP-42'.
2025-07-29 10:19:08 [main] DEBUG l.i.u.t.SubmittedApplicationsPageTest - Clicked 'Search' button.
2025-07-29 10:19:08 [main] DEBUG l.i.u.t.SubmittedApplicationsPageTest - Retrieved invitation code: ''.
2025-07-29 10:19:09 [main] DEBUG l.i.u.t.SubmittedApplicationsPageTest - Clicked on 'Submitted Applications' menu.
2025-07-29 10:19:10 [main] DEBUG l.i.u.t.SubmittedApplicationsPageTest - Selected invitation by code: 'TST-DVP-42'.
2025-07-29 10:19:10 [main] DEBUG l.i.u.t.SubmittedApplicationsPageTest - Invitation code inserted.
2025-07-29 10:19:10 [main] DEBUG l.i.u.t.SubmittedApplicationsPageTest - Clicked on 'Action Application' button.
2025-07-29 10:19:11 [main] DEBUG l.i.u.t.SubmittedApplicationsPageTest - Clicked on 'New Application' button.
2025-07-29 10:19:11 [main] DEBUG l.i.u.t.SubmittedApplicationsPageTest - Selected the 'RadioButtonFA' option.
2025-07-29 10:19:11 [main] INFO  l.i.u.p.SubmittedApplicationsPage - Applicant dropdown opened.
2025-07-29 10:19:11 [main] DEBUG l.i.u.p.SubmittedApplicationsPage - Applicant option found: ''
2025-07-29 10:19:11 [main] WARN  l.i.u.p.SubmittedApplicationsPage - Applicant value 'PAVARDENIS GR777' not found in dropdown.
2025-07-29 10:19:11 [main] ERROR l.i.u.p.SubmittedApplicationsPage - Failed to select applicant dropdown option: Applicant dropdown option not found: PAVARDENIS GR777
2025-07-29 10:19:11 [main] ERROR l.i.u.t.SubmittedApplicationsPageTest - Test 'testFillNewDVPApplicationFA' failed with error: Failed to select applicant dropdown option
java.lang.RuntimeException: Failed to select applicant dropdown option
	at lt.insoft.uztis.pages.SubmittedApplicationsPage.selectValueApplicant(SubmittedApplicationsPage.java:656)
	at lt.insoft.uztis.tests.SubmittedApplicationsPageTest.testFillNewDVPApplicationFA(SubmittedApplicationsPageTest.java:642)
	at java.base/jdk.internal.reflect.DirectMethodHandleAccessor.invoke(DirectMethodHandleAccessor.java:103)
	at java.base/java.lang.reflect.Method.invoke(Method.java:580)
	at org.junit.platform.commons.util.ReflectionUtils.invokeMethod(ReflectionUtils.java:728)
	at org.junit.jupiter.engine.execution.MethodInvocation.proceed(MethodInvocation.java:60)
	at org.junit.jupiter.engine.execution.InvocationInterceptorChain$ValidatingInvocation.proceed(InvocationInterceptorChain.java:131)
	at org.junit.jupiter.engine.extension.TimeoutExtension.intercept(TimeoutExtension.java:156)
	at org.junit.jupiter.engine.extension.TimeoutExtension.interceptTestableMethod(TimeoutExtension.java:147)
	at org.junit.jupiter.engine.extension.TimeoutExtension.interceptTestMethod(TimeoutExtension.java:86)
	at org.junit.jupiter.engine.execution.InterceptingExecutableInvoker$ReflectiveInterceptorCall.lambda$ofVoidMethod$0(InterceptingExecutableInvoker.java:103)
	at org.junit.jupiter.engine.execution.InterceptingExecutableInvoker.lambda$invoke$0(InterceptingExecutableInvoker.java:93)
	at org.junit.jupiter.engine.execution.InvocationInterceptorChain$InterceptedInvocation.proceed(InvocationInterceptorChain.java:106)
	at org.junit.jupiter.engine.execution.InvocationInterceptorChain.proceed(InvocationInterceptorChain.java:64)
	at org.junit.jupiter.engine.execution.InvocationInterceptorChain.chainAndInvoke(InvocationInterceptorChain.java:45)
	at org.junit.jupiter.engine.execution.InvocationInterceptorChain.invoke(InvocationInterceptorChain.java:37)
	at org.junit.jupiter.engine.execution.InterceptingExecutableInvoker.invoke(InterceptingExecutableInvoker.java:92)
	at org.junit.jupiter.engine.execution.InterceptingExecutableInvoker.invoke(InterceptingExecutableInvoker.java:86)
	at org.junit.jupiter.engine.descriptor.TestMethodTestDescriptor.lambda$invokeTestMethod$7(TestMethodTestDescriptor.java:218)
	at org.junit.platform.engine.support.hierarchical.ThrowableCollector.execute(ThrowableCollector.java:73)
	at org.junit.jupiter.engine.descriptor.TestMethodTestDescriptor.invokeTestMethod(TestMethodTestDescriptor.java:214)
	at org.junit.jupiter.engine.descriptor.TestMethodTestDescriptor.execute(TestMethodTestDescriptor.java:139)
	at org.junit.jupiter.engine.descriptor.TestMethodTestDescriptor.execute(TestMethodTestDescriptor.java:69)
	at org.junit.platform.engine.support.hierarchical.NodeTestTask.lambda$executeRecursively$6(NodeTestTask.java:151)
	at org.junit.platform.engine.support.hierarchical.ThrowableCollector.execute(ThrowableCollector.java:73)
	at org.junit.platform.engine.support.hierarchical.NodeTestTask.lambda$executeRecursively$8(NodeTestTask.java:141)
	at org.junit.platform.engine.support.hierarchical.Node.around(Node.java:137)
	at org.junit.platform.engine.support.hierarchical.NodeTestTask.lambda$executeRecursively$9(NodeTestTask.java:139)
	at org.junit.platform.engine.support.hierarchical.ThrowableCollector.execute(ThrowableCollector.java:73)
	at org.junit.platform.engine.support.hierarchical.NodeTestTask.executeRecursively(NodeTestTask.java:138)
	at org.junit.platform.engine.support.hierarchical.NodeTestTask.execute(NodeTestTask.java:95)
	at java.base/java.util.ArrayList.forEach(ArrayList.java:1596)
	at org.junit.platform.engine.support.hierarchical.SameThreadHierarchicalTestExecutorService.invokeAll(SameThreadHierarchicalTestExecutorService.java:41)
	at org.junit.platform.engine.support.hierarchical.NodeTestTask.lambda$executeRecursively$6(NodeTestTask.java:155)
	at org.junit.platform.engine.support.hierarchical.ThrowableCollector.execute(ThrowableCollector.java:73)
	at org.junit.platform.engine.support.hierarchical.NodeTestTask.lambda$executeRecursively$8(NodeTestTask.java:141)
	at org.junit.platform.engine.support.hierarchical.Node.around(Node.java:137)
	at org.junit.platform.engine.support.hierarchical.NodeTestTask.lambda$executeRecursively$9(NodeTestTask.java:139)
	at org.junit.platform.engine.support.hierarchical.ThrowableCollector.execute(ThrowableCollector.java:73)
	at org.junit.platform.engine.support.hierarchical.NodeTestTask.executeRecursively(NodeTestTask.java:138)
	at org.junit.platform.engine.support.hierarchical.NodeTestTask.execute(NodeTestTask.java:95)
	at java.base/java.util.ArrayList.forEach(ArrayList.java:1596)
	at org.junit.platform.engine.support.hierarchical.SameThreadHierarchicalTestExecutorService.invokeAll(SameThreadHierarchicalTestExecutorService.java:41)
	at org.junit.platform.engine.support.hierarchical.NodeTestTask.lambda$executeRecursively$6(NodeTestTask.java:155)
	at org.junit.platform.engine.support.hierarchical.ThrowableCollector.execute(ThrowableCollector.java:73)
	at org.junit.platform.engine.support.hierarchical.NodeTestTask.lambda$executeRecursively$8(NodeTestTask.java:141)
	at org.junit.platform.engine.support.hierarchical.Node.around(Node.java:137)
	at org.junit.platform.engine.support.hierarchical.NodeTestTask.lambda$executeRecursively$9(NodeTestTask.java:139)
	at org.junit.platform.engine.support.hierarchical.ThrowableCollector.execute(ThrowableCollector.java:73)
	at org.junit.platform.engine.support.hierarchical.NodeTestTask.executeRecursively(NodeTestTask.java:138)
	at org.junit.platform.engine.support.hierarchical.NodeTestTask.execute(NodeTestTask.java:95)
	at org.junit.platform.engine.support.hierarchical.SameThreadHierarchicalTestExecutorService.submit(SameThreadHierarchicalTestExecutorService.java:35)
	at org.junit.platform.engine.support.hierarchical.HierarchicalTestExecutor.execute(HierarchicalTestExecutor.java:57)
	at org.junit.platform.engine.support.hierarchical.HierarchicalTestEngine.execute(HierarchicalTestEngine.java:54)
	at org.junit.platform.launcher.core.EngineExecutionOrchestrator.execute(EngineExecutionOrchestrator.java:198)
	at org.junit.platform.launcher.core.EngineExecutionOrchestrator.execute(EngineExecutionOrchestrator.java:169)
	at org.junit.platform.launcher.core.EngineExecutionOrchestrator.execute(EngineExecutionOrchestrator.java:93)
	at org.junit.platform.launcher.core.EngineExecutionOrchestrator.lambda$execute$0(EngineExecutionOrchestrator.java:58)
	at org.junit.platform.launcher.core.EngineExecutionOrchestrator.withInterceptedStreams(EngineExecutionOrchestrator.java:141)
	at org.junit.platform.launcher.core.EngineExecutionOrchestrator.execute(EngineExecutionOrchestrator.java:57)
	at org.junit.platform.launcher.core.DefaultLauncher.execute(DefaultLauncher.java:103)
	at org.junit.platform.launcher.core.DefaultLauncher.execute(DefaultLauncher.java:85)
	at org.junit.platform.launcher.core.DelegatingLauncher.execute(DelegatingLauncher.java:47)
	at org.junit.platform.launcher.core.SessionPerRequestLauncher.execute(SessionPerRequestLauncher.java:63)
	at com.intellij.junit5.JUnit5IdeaTestRunner.startRunnerWithArgs(JUnit5IdeaTestRunner.java:57)
	at com.intellij.rt.junit.IdeaTestRunner$Repeater$1.execute(IdeaTestRunner.java:38)
	at com.intellij.rt.execution.junit.TestsRepeater.repeat(TestsRepeater.java:11)
	at com.intellij.rt.junit.IdeaTestRunner$Repeater.startRunnerWithArgs(IdeaTestRunner.java:35)
	at com.intellij.rt.junit.JUnitStarter.prepareStreamsAndStart(JUnitStarter.java:232)
	at com.intellij.rt.junit.JUnitStarter.main(JUnitStarter.java:55)
Caused by: java.lang.RuntimeException: Applicant dropdown option not found: PAVARDENIS GR777
	at lt.insoft.uztis.pages.SubmittedApplicationsPage.selectValueApplicant(SubmittedApplicationsPage.java:652)
	... 69 common frames omitted
2025-07-29 10:19:11 [main] INFO  l.insoft.uztis.tests.utils.TestUtils - Screenshot moved to C:\Users\ingrida.zadorozniene\Desktop\Asm\UZTIS\UZTIS_tests\test-output\screenshots\20250729\101911719_testFillNewDVPApplicationFA().png
2025-07-29 10:20:44 [main] INFO  lt.insoft.uztis.tests.UztisPageTest - Navigated to https://uztisdev.asseco.lt/home
2025-07-29 10:20:44 [main] INFO  l.i.u.t.SubmittedApplicationsPageTest - Starting test:'testFillNewDVPApplicationFA'
2025-07-29 10:20:45 [main] INFO  l.insoft.uztis.tests.utils.TestUtils - Login attempt with user: evaluation_chief
2025-07-29 10:20:45 [main] DEBUG l.i.u.t.SubmittedApplicationsPageTest - User logged in with test credentials
2025-07-29 10:20:46 [main] DEBUG l.i.u.t.SubmittedApplicationsPageTest - Opened 'Application Processing' menu.
2025-07-29 10:20:46 [main] DEBUG l.i.u.t.SubmittedApplicationsPageTest - Clicked on 'Application Forms' menu.
2025-07-29 10:20:46 [main] DEBUG l.i.u.t.SubmittedApplicationsPageTest - Retrieved last description code text: 'TST-DVP-42'.
2025-07-29 10:20:46 [main] DEBUG l.i.u.t.SubmittedApplicationsPageTest - Clicked on 'Invitation' menu.
2025-07-29 10:20:47 [main] DEBUG l.i.u.t.SubmittedApplicationsPageTest - Selected application section by code: 'TST-DVP-42'.
2025-07-29 10:20:48 [main] DEBUG l.i.u.t.SubmittedApplicationsPageTest - Clicked 'Search' button.
2025-07-29 10:20:48 [main] DEBUG l.i.u.t.SubmittedApplicationsPageTest - Retrieved invitation code: ''.
2025-07-29 10:20:48 [main] DEBUG l.i.u.t.SubmittedApplicationsPageTest - Clicked on 'Submitted Applications' menu.
2025-07-29 10:20:50 [main] DEBUG l.i.u.t.SubmittedApplicationsPageTest - Selected invitation by code: 'TST-DVP-42'.
2025-07-29 10:20:50 [main] DEBUG l.i.u.t.SubmittedApplicationsPageTest - Invitation code inserted.
2025-07-29 10:20:50 [main] DEBUG l.i.u.t.SubmittedApplicationsPageTest - Clicked on 'Action Application' button.
2025-07-29 10:20:50 [main] DEBUG l.i.u.t.SubmittedApplicationsPageTest - Clicked on 'New Application' button.
2025-07-29 10:20:50 [main] DEBUG l.i.u.t.SubmittedApplicationsPageTest - Selected the 'RadioButtonFA' option.
2025-07-29 10:20:50 [main] INFO  l.i.u.p.SubmittedApplicationsPage - Dropdown opened.
2025-07-29 10:20:50 [main] DEBUG l.i.u.p.SubmittedApplicationsPage - Entered search: 'PAVARDENIS GR777'
2025-07-29 10:20:50 [main] DEBUG l.i.u.p.SubmittedApplicationsPage - Found 1 options.
2025-07-29 10:20:50 [main] WARN  l.i.u.p.SubmittedApplicationsPage - Tikslus variantas nerastas, spaudžiam pirmą: 'close
Rezultatų nerasta'
2025-07-29 10:21:54 [main] ERROR l.i.u.p.SubmittedApplicationsPage - Nepavyko pasirinkti reikšmės 'PAVARDENIS GR777': Expected condition failed: waiting for lt.insoft.uztis.pages.SubmittedApplicationsPage$$Lambda/0x000001c2232af800@2cd4e16a (tried for 30 second(s) with 500 milliseconds interval)
Build info: version: '4.27.0', revision: 'd6e718d134'
System info: os.name: 'Windows 11', os.arch: 'amd64', os.version: '10.0', java.version: '21.0.3'
Driver info: org.openqa.selenium.chrome.ChromeDriver
Capabilities {acceptInsecureCerts: false, browserName: chrome, browserVersion: 138.0.7204.169, chrome: {chromedriverVersion: 138.0.7204.168 (3e8d82e86e9..., userDataDir: C:\Users\INGRID~1.ZAD\AppDa...}, fedcm:accounts: true, goog:chromeOptions: {debuggerAddress: localhost:52746}, networkConnectionEnabled: false, pageLoadStrategy: normal, platformName: windows, proxy: Proxy(), se:cdp: ws://localhost:52746/devtoo..., se:cdpVersion: 138.0.7204.169, setWindowRect: true, strictFileInteractability: false, timeouts: {implicit: 0, pageLoad: 300000, script: 30000}, unhandledPromptBehavior: dismiss and notify, webauthn:extension:credBlob: true, webauthn:extension:largeBlob: true, webauthn:extension:minPinLength: true, webauthn:extension:prf: true, webauthn:virtualAuthenticators: true}
Session ID: b617d4542312e7474e6d1fc4110d6a56
org.openqa.selenium.TimeoutException: Expected condition failed: waiting for lt.insoft.uztis.pages.SubmittedApplicationsPage$$Lambda/0x000001c2232af800@2cd4e16a (tried for 30 second(s) with 500 milliseconds interval)
Build info: version: '4.27.0', revision: 'd6e718d134'
System info: os.name: 'Windows 11', os.arch: 'amd64', os.version: '10.0', java.version: '21.0.3'
Driver info: org.openqa.selenium.chrome.ChromeDriver
Capabilities {acceptInsecureCerts: false, browserName: chrome, browserVersion: 138.0.7204.169, chrome: {chromedriverVersion: 138.0.7204.168 (3e8d82e86e9..., userDataDir: C:\Users\INGRID~1.ZAD\AppDa...}, fedcm:accounts: true, goog:chromeOptions: {debuggerAddress: localhost:52746}, networkConnectionEnabled: false, pageLoadStrategy: normal, platformName: windows, proxy: Proxy(), se:cdp: ws://localhost:52746/devtoo..., se:cdpVersion: 138.0.7204.169, setWindowRect: true, strictFileInteractability: false, timeouts: {implicit: 0, pageLoad: 300000, script: 30000}, unhandledPromptBehavior: dismiss and notify, webauthn:extension:credBlob: true, webauthn:extension:largeBlob: true, webauthn:extension:minPinLength: true, webauthn:extension:prf: true, webauthn:virtualAuthenticators: true}
Session ID: b617d4542312e7474e6d1fc4110d6a56
	at org.openqa.selenium.support.ui.WebDriverWait.timeoutException(WebDriverWait.java:84)
	at org.openqa.selenium.support.ui.FluentWait.until(FluentWait.java:228)
	at lt.insoft.uztis.pages.SubmittedApplicationsPage.selectValueApplicant(SubmittedApplicationsPage.java:656)
	at lt.insoft.uztis.tests.SubmittedApplicationsPageTest.testFillNewDVPApplicationFA(SubmittedApplicationsPageTest.java:642)
	at java.base/jdk.internal.reflect.DirectMethodHandleAccessor.invoke(DirectMethodHandleAccessor.java:103)
	at java.base/java.lang.reflect.Method.invoke(Method.java:580)
	at org.junit.platform.commons.util.ReflectionUtils.invokeMethod(ReflectionUtils.java:728)
	at org.junit.jupiter.engine.execution.MethodInvocation.proceed(MethodInvocation.java:60)
	at org.junit.jupiter.engine.execution.InvocationInterceptorChain$ValidatingInvocation.proceed(InvocationInterceptorChain.java:131)
	at org.junit.jupiter.engine.extension.TimeoutExtension.intercept(TimeoutExtension.java:156)
	at org.junit.jupiter.engine.extension.TimeoutExtension.interceptTestableMethod(TimeoutExtension.java:147)
	at org.junit.jupiter.engine.extension.TimeoutExtension.interceptTestMethod(TimeoutExtension.java:86)
	at org.junit.jupiter.engine.execution.InterceptingExecutableInvoker$ReflectiveInterceptorCall.lambda$ofVoidMethod$0(InterceptingExecutableInvoker.java:103)
	at org.junit.jupiter.engine.execution.InterceptingExecutableInvoker.lambda$invoke$0(InterceptingExecutableInvoker.java:93)
	at org.junit.jupiter.engine.execution.InvocationInterceptorChain$InterceptedInvocation.proceed(InvocationInterceptorChain.java:106)
	at org.junit.jupiter.engine.execution.InvocationInterceptorChain.proceed(InvocationInterceptorChain.java:64)
	at org.junit.jupiter.engine.execution.InvocationInterceptorChain.chainAndInvoke(InvocationInterceptorChain.java:45)
	at org.junit.jupiter.engine.execution.InvocationInterceptorChain.invoke(InvocationInterceptorChain.java:37)
	at org.junit.jupiter.engine.execution.InterceptingExecutableInvoker.invoke(InterceptingExecutableInvoker.java:92)
	at org.junit.jupiter.engine.execution.InterceptingExecutableInvoker.invoke(InterceptingExecutableInvoker.java:86)
	at org.junit.jupiter.engine.descriptor.TestMethodTestDescriptor.lambda$invokeTestMethod$7(TestMethodTestDescriptor.java:218)
	at org.junit.platform.engine.support.hierarchical.ThrowableCollector.execute(ThrowableCollector.java:73)
	at org.junit.jupiter.engine.descriptor.TestMethodTestDescriptor.invokeTestMethod(TestMethodTestDescriptor.java:214)
	at org.junit.jupiter.engine.descriptor.TestMethodTestDescriptor.execute(TestMethodTestDescriptor.java:139)
	at org.junit.jupiter.engine.descriptor.TestMethodTestDescriptor.execute(TestMethodTestDescriptor.java:69)
	at org.junit.platform.engine.support.hierarchical.NodeTestTask.lambda$executeRecursively$6(NodeTestTask.java:151)
	at org.junit.platform.engine.support.hierarchical.ThrowableCollector.execute(ThrowableCollector.java:73)
	at org.junit.platform.engine.support.hierarchical.NodeTestTask.lambda$executeRecursively$8(NodeTestTask.java:141)
	at org.junit.platform.engine.support.hierarchical.Node.around(Node.java:137)
	at org.junit.platform.engine.support.hierarchical.NodeTestTask.lambda$executeRecursively$9(NodeTestTask.java:139)
	at org.junit.platform.engine.support.hierarchical.ThrowableCollector.execute(ThrowableCollector.java:73)
	at org.junit.platform.engine.support.hierarchical.NodeTestTask.executeRecursively(NodeTestTask.java:138)
	at org.junit.platform.engine.support.hierarchical.NodeTestTask.execute(NodeTestTask.java:95)
	at java.base/java.util.ArrayList.forEach(ArrayList.java:1596)
	at org.junit.platform.engine.support.hierarchical.SameThreadHierarchicalTestExecutorService.invokeAll(SameThreadHierarchicalTestExecutorService.java:41)
	at org.junit.platform.engine.support.hierarchical.NodeTestTask.lambda$executeRecursively$6(NodeTestTask.java:155)
	at org.junit.platform.engine.support.hierarchical.ThrowableCollector.execute(ThrowableCollector.java:73)
	at org.junit.platform.engine.support.hierarchical.NodeTestTask.lambda$executeRecursively$8(NodeTestTask.java:141)
	at org.junit.platform.engine.support.hierarchical.Node.around(Node.java:137)
	at org.junit.platform.engine.support.hierarchical.NodeTestTask.lambda$executeRecursively$9(NodeTestTask.java:139)
	at org.junit.platform.engine.support.hierarchical.ThrowableCollector.execute(ThrowableCollector.java:73)
	at org.junit.platform.engine.support.hierarchical.NodeTestTask.executeRecursively(NodeTestTask.java:138)
	at org.junit.platform.engine.support.hierarchical.NodeTestTask.execute(NodeTestTask.java:95)
	at java.base/java.util.ArrayList.forEach(ArrayList.java:1596)
	at org.junit.platform.engine.support.hierarchical.SameThreadHierarchicalTestExecutorService.invokeAll(SameThreadHierarchicalTestExecutorService.java:41)
	at org.junit.platform.engine.support.hierarchical.NodeTestTask.lambda$executeRecursively$6(NodeTestTask.java:155)
	at org.junit.platform.engine.support.hierarchical.ThrowableCollector.execute(ThrowableCollector.java:73)
	at org.junit.platform.engine.support.hierarchical.NodeTestTask.lambda$executeRecursively$8(NodeTestTask.java:141)
	at org.junit.platform.engine.support.hierarchical.Node.around(Node.java:137)
	at org.junit.platform.engine.support.hierarchical.NodeTestTask.lambda$executeRecursively$9(NodeTestTask.java:139)
	at org.junit.platform.engine.support.hierarchical.ThrowableCollector.execute(ThrowableCollector.java:73)
	at org.junit.platform.engine.support.hierarchical.NodeTestTask.executeRecursively(NodeTestTask.java:138)
	at org.junit.platform.engine.support.hierarchical.NodeTestTask.execute(NodeTestTask.java:95)
	at org.junit.platform.engine.support.hierarchical.SameThreadHierarchicalTestExecutorService.submit(SameThreadHierarchicalTestExecutorService.java:35)
	at org.junit.platform.engine.support.hierarchical.HierarchicalTestExecutor.execute(HierarchicalTestExecutor.java:57)
	at org.junit.platform.engine.support.hierarchical.HierarchicalTestEngine.execute(HierarchicalTestEngine.java:54)
	at org.junit.platform.launcher.core.EngineExecutionOrchestrator.execute(EngineExecutionOrchestrator.java:198)
	at org.junit.platform.launcher.core.EngineExecutionOrchestrator.execute(EngineExecutionOrchestrator.java:169)
	at org.junit.platform.launcher.core.EngineExecutionOrchestrator.execute(EngineExecutionOrchestrator.java:93)
	at org.junit.platform.launcher.core.EngineExecutionOrchestrator.lambda$execute$0(EngineExecutionOrchestrator.java:58)
	at org.junit.platform.launcher.core.EngineExecutionOrchestrator.withInterceptedStreams(EngineExecutionOrchestrator.java:141)
	at org.junit.platform.launcher.core.EngineExecutionOrchestrator.execute(EngineExecutionOrchestrator.java:57)
	at org.junit.platform.launcher.core.DefaultLauncher.execute(DefaultLauncher.java:103)
	at org.junit.platform.launcher.core.DefaultLauncher.execute(DefaultLauncher.java:85)
	at org.junit.platform.launcher.core.DelegatingLauncher.execute(DelegatingLauncher.java:47)
	at org.junit.platform.launcher.core.SessionPerRequestLauncher.execute(SessionPerRequestLauncher.java:63)
	at com.intellij.junit5.JUnit5IdeaTestRunner.startRunnerWithArgs(JUnit5IdeaTestRunner.java:57)
	at com.intellij.rt.junit.IdeaTestRunner$Repeater$1.execute(IdeaTestRunner.java:38)
	at com.intellij.rt.execution.junit.TestsRepeater.repeat(TestsRepeater.java:11)
	at com.intellij.rt.junit.IdeaTestRunner$Repeater.startRunnerWithArgs(IdeaTestRunner.java:35)
	at com.intellij.rt.junit.JUnitStarter.prepareStreamsAndStart(JUnitStarter.java:232)
	at com.intellij.rt.junit.JUnitStarter.main(JUnitStarter.java:55)
2025-07-29 10:21:54 [main] ERROR l.i.u.t.SubmittedApplicationsPageTest - Test 'testFillNewDVPApplicationFA' failed with error: Nepavyko pasirinkti reikšmės iš dropdown'o: PAVARDENIS GR777
java.lang.RuntimeException: Nepavyko pasirinkti reikšmės iš dropdown'o: PAVARDENIS GR777
	at lt.insoft.uztis.pages.SubmittedApplicationsPage.selectValueApplicant(SubmittedApplicationsPage.java:673)
	at lt.insoft.uztis.tests.SubmittedApplicationsPageTest.testFillNewDVPApplicationFA(SubmittedApplicationsPageTest.java:642)
	at java.base/jdk.internal.reflect.DirectMethodHandleAccessor.invoke(DirectMethodHandleAccessor.java:103)
	at java.base/java.lang.reflect.Method.invoke(Method.java:580)
	at org.junit.platform.commons.util.ReflectionUtils.invokeMethod(ReflectionUtils.java:728)
	at org.junit.jupiter.engine.execution.MethodInvocation.proceed(MethodInvocation.java:60)
	at org.junit.jupiter.engine.execution.InvocationInterceptorChain$ValidatingInvocation.proceed(InvocationInterceptorChain.java:131)
	at org.junit.jupiter.engine.extension.TimeoutExtension.intercept(TimeoutExtension.java:156)
	at org.junit.jupiter.engine.extension.TimeoutExtension.interceptTestableMethod(TimeoutExtension.java:147)
	at org.junit.jupiter.engine.extension.TimeoutExtension.interceptTestMethod(TimeoutExtension.java:86)
	at org.junit.jupiter.engine.execution.InterceptingExecutableInvoker$ReflectiveInterceptorCall.lambda$ofVoidMethod$0(InterceptingExecutableInvoker.java:103)
	at org.junit.jupiter.engine.execution.InterceptingExecutableInvoker.lambda$invoke$0(InterceptingExecutableInvoker.java:93)
	at org.junit.jupiter.engine.execution.InvocationInterceptorChain$InterceptedInvocation.proceed(InvocationInterceptorChain.java:106)
	at org.junit.jupiter.engine.execution.InvocationInterceptorChain.proceed(InvocationInterceptorChain.java:64)
	at org.junit.jupiter.engine.execution.InvocationInterceptorChain.chainAndInvoke(InvocationInterceptorChain.java:45)
	at org.junit.jupiter.engine.execution.InvocationInterceptorChain.invoke(InvocationInterceptorChain.java:37)
	at org.junit.jupiter.engine.execution.InterceptingExecutableInvoker.invoke(InterceptingExecutableInvoker.java:92)
	at org.junit.jupiter.engine.execution.InterceptingExecutableInvoker.invoke(InterceptingExecutableInvoker.java:86)
	at org.junit.jupiter.engine.descriptor.TestMethodTestDescriptor.lambda$invokeTestMethod$7(TestMethodTestDescriptor.java:218)
	at org.junit.platform.engine.support.hierarchical.ThrowableCollector.execute(ThrowableCollector.java:73)
	at org.junit.jupiter.engine.descriptor.TestMethodTestDescriptor.invokeTestMethod(TestMethodTestDescriptor.java:214)
	at org.junit.jupiter.engine.descriptor.TestMethodTestDescriptor.execute(TestMethodTestDescriptor.java:139)
	at org.junit.jupiter.engine.descriptor.TestMethodTestDescriptor.execute(TestMethodTestDescriptor.java:69)
	at org.junit.platform.engine.support.hierarchical.NodeTestTask.lambda$executeRecursively$6(NodeTestTask.java:151)
	at org.junit.platform.engine.support.hierarchical.ThrowableCollector.execute(ThrowableCollector.java:73)
	at org.junit.platform.engine.support.hierarchical.NodeTestTask.lambda$executeRecursively$8(NodeTestTask.java:141)
	at org.junit.platform.engine.support.hierarchical.Node.around(Node.java:137)
	at org.junit.platform.engine.support.hierarchical.NodeTestTask.lambda$executeRecursively$9(NodeTestTask.java:139)
	at org.junit.platform.engine.support.hierarchical.ThrowableCollector.execute(ThrowableCollector.java:73)
	at org.junit.platform.engine.support.hierarchical.NodeTestTask.executeRecursively(NodeTestTask.java:138)
	at org.junit.platform.engine.support.hierarchical.NodeTestTask.execute(NodeTestTask.java:95)
	at java.base/java.util.ArrayList.forEach(ArrayList.java:1596)
	at org.junit.platform.engine.support.hierarchical.SameThreadHierarchicalTestExecutorService.invokeAll(SameThreadHierarchicalTestExecutorService.java:41)
	at org.junit.platform.engine.support.hierarchical.NodeTestTask.lambda$executeRecursively$6(NodeTestTask.java:155)
	at org.junit.platform.engine.support.hierarchical.ThrowableCollector.execute(ThrowableCollector.java:73)
	at org.junit.platform.engine.support.hierarchical.NodeTestTask.lambda$executeRecursively$8(NodeTestTask.java:141)
	at org.junit.platform.engine.support.hierarchical.Node.around(Node.java:137)
	at org.junit.platform.engine.support.hierarchical.NodeTestTask.lambda$executeRecursively$9(NodeTestTask.java:139)
	at org.junit.platform.engine.support.hierarchical.ThrowableCollector.execute(ThrowableCollector.java:73)
	at org.junit.platform.engine.support.hierarchical.NodeTestTask.executeRecursively(NodeTestTask.java:138)
	at org.junit.platform.engine.support.hierarchical.NodeTestTask.execute(NodeTestTask.java:95)
	at java.base/java.util.ArrayList.forEach(ArrayList.java:1596)
	at org.junit.platform.engine.support.hierarchical.SameThreadHierarchicalTestExecutorService.invokeAll(SameThreadHierarchicalTestExecutorService.java:41)
	at org.junit.platform.engine.support.hierarchical.NodeTestTask.lambda$executeRecursively$6(NodeTestTask.java:155)
	at org.junit.platform.engine.support.hierarchical.ThrowableCollector.execute(ThrowableCollector.java:73)
	at org.junit.platform.engine.support.hierarchical.NodeTestTask.lambda$executeRecursively$8(NodeTestTask.java:141)
	at org.junit.platform.engine.support.hierarchical.Node.around(Node.java:137)
	at org.junit.platform.engine.support.hierarchical.NodeTestTask.lambda$executeRecursively$9(NodeTestTask.java:139)
	at org.junit.platform.engine.support.hierarchical.ThrowableCollector.execute(ThrowableCollector.java:73)
	at org.junit.platform.engine.support.hierarchical.NodeTestTask.executeRecursively(NodeTestTask.java:138)
	at org.junit.platform.engine.support.hierarchical.NodeTestTask.execute(NodeTestTask.java:95)
	at org.junit.platform.engine.support.hierarchical.SameThreadHierarchicalTestExecutorService.submit(SameThreadHierarchicalTestExecutorService.java:35)
	at org.junit.platform.engine.support.hierarchical.HierarchicalTestExecutor.execute(HierarchicalTestExecutor.java:57)
	at org.junit.platform.engine.support.hierarchical.HierarchicalTestEngine.execute(HierarchicalTestEngine.java:54)
	at org.junit.platform.launcher.core.EngineExecutionOrchestrator.execute(EngineExecutionOrchestrator.java:198)
	at org.junit.platform.launcher.core.EngineExecutionOrchestrator.execute(EngineExecutionOrchestrator.java:169)
	at org.junit.platform.launcher.core.EngineExecutionOrchestrator.execute(EngineExecutionOrchestrator.java:93)
	at org.junit.platform.launcher.core.EngineExecutionOrchestrator.lambda$execute$0(EngineExecutionOrchestrator.java:58)
	at org.junit.platform.launcher.core.EngineExecutionOrchestrator.withInterceptedStreams(EngineExecutionOrchestrator.java:141)
	at org.junit.platform.launcher.core.EngineExecutionOrchestrator.execute(EngineExecutionOrchestrator.java:57)
	at org.junit.platform.launcher.core.DefaultLauncher.execute(DefaultLauncher.java:103)
	at org.junit.platform.launcher.core.DefaultLauncher.execute(DefaultLauncher.java:85)
	at org.junit.platform.launcher.core.DelegatingLauncher.execute(DelegatingLauncher.java:47)
	at org.junit.platform.launcher.core.SessionPerRequestLauncher.execute(SessionPerRequestLauncher.java:63)
	at com.intellij.junit5.JUnit5IdeaTestRunner.startRunnerWithArgs(JUnit5IdeaTestRunner.java:57)
	at com.intellij.rt.junit.IdeaTestRunner$Repeater$1.execute(IdeaTestRunner.java:38)
	at com.intellij.rt.execution.junit.TestsRepeater.repeat(TestsRepeater.java:11)
	at com.intellij.rt.junit.IdeaTestRunner$Repeater.startRunnerWithArgs(IdeaTestRunner.java:35)
	at com.intellij.rt.junit.JUnitStarter.prepareStreamsAndStart(JUnitStarter.java:232)
	at com.intellij.rt.junit.JUnitStarter.main(JUnitStarter.java:55)
Caused by: org.openqa.selenium.TimeoutException: Expected condition failed: waiting for lt.insoft.uztis.pages.SubmittedApplicationsPage$$Lambda/0x000001c2232af800@2cd4e16a (tried for 30 second(s) with 500 milliseconds interval)
Build info: version: '4.27.0', revision: 'd6e718d134'
System info: os.name: 'Windows 11', os.arch: 'amd64', os.version: '10.0', java.version: '21.0.3'
Driver info: org.openqa.selenium.chrome.ChromeDriver
Capabilities {acceptInsecureCerts: false, browserName: chrome, browserVersion: 138.0.7204.169, chrome: {chromedriverVersion: 138.0.7204.168 (3e8d82e86e9..., userDataDir: C:\Users\INGRID~1.ZAD\AppDa...}, fedcm:accounts: true, goog:chromeOptions: {debuggerAddress: localhost:52746}, networkConnectionEnabled: false, pageLoadStrategy: normal, platformName: windows, proxy: Proxy(), se:cdp: ws://localhost:52746/devtoo..., se:cdpVersion: 138.0.7204.169, setWindowRect: true, strictFileInteractability: false, timeouts: {implicit: 0, pageLoad: 300000, script: 30000}, unhandledPromptBehavior: dismiss and notify, webauthn:extension:credBlob: true, webauthn:extension:largeBlob: true, webauthn:extension:minPinLength: true, webauthn:extension:prf: true, webauthn:virtualAuthenticators: true}
Session ID: b617d4542312e7474e6d1fc4110d6a56
	at org.openqa.selenium.support.ui.WebDriverWait.timeoutException(WebDriverWait.java:84)
	at org.openqa.selenium.support.ui.FluentWait.until(FluentWait.java:228)
	at lt.insoft.uztis.pages.SubmittedApplicationsPage.selectValueApplicant(SubmittedApplicationsPage.java:656)
	... 69 common frames omitted
2025-07-29 10:21:54 [main] INFO  l.insoft.uztis.tests.utils.TestUtils - Screenshot moved to C:\Users\ingrida.zadorozniene\Desktop\Asm\UZTIS\UZTIS_tests\test-output\screenshots\20250729\102154204_testFillNewDVPApplicationFA().png
2025-07-29 10:24:21 [main] INFO  lt.insoft.uztis.tests.UztisPageTest - Navigated to https://uztisdev.asseco.lt/home
2025-07-29 10:24:21 [main] INFO  l.i.u.t.SubmittedApplicationsPageTest - Starting test:'testFillNewDVPApplicationFA'
2025-07-29 10:24:21 [main] INFO  l.insoft.uztis.tests.utils.TestUtils - Login attempt with user: evaluation_chief
2025-07-29 10:24:21 [main] DEBUG l.i.u.t.SubmittedApplicationsPageTest - User logged in with test credentials
2025-07-29 10:24:22 [main] DEBUG l.i.u.t.SubmittedApplicationsPageTest - Opened 'Application Processing' menu.
2025-07-29 10:24:22 [main] DEBUG l.i.u.t.SubmittedApplicationsPageTest - Clicked on 'Application Forms' menu.
2025-07-29 10:24:22 [main] DEBUG l.i.u.t.SubmittedApplicationsPageTest - Retrieved last description code text: 'TST-DVP-42'.
2025-07-29 10:24:22 [main] DEBUG l.i.u.t.SubmittedApplicationsPageTest - Clicked on 'Invitation' menu.
2025-07-29 10:24:24 [main] DEBUG l.i.u.t.SubmittedApplicationsPageTest - Selected application section by code: 'TST-DVP-42'.
2025-07-29 10:24:24 [main] DEBUG l.i.u.t.SubmittedApplicationsPageTest - Clicked 'Search' button.
2025-07-29 10:24:24 [main] DEBUG l.i.u.t.SubmittedApplicationsPageTest - Retrieved invitation code: ''.
2025-07-29 10:24:24 [main] DEBUG l.i.u.t.SubmittedApplicationsPageTest - Clicked on 'Submitted Applications' menu.
2025-07-29 10:24:26 [main] DEBUG l.i.u.t.SubmittedApplicationsPageTest - Selected invitation by code: 'TST-DVP-42'.
2025-07-29 10:24:26 [main] DEBUG l.i.u.t.SubmittedApplicationsPageTest - Invitation code inserted.
2025-07-29 10:24:26 [main] DEBUG l.i.u.t.SubmittedApplicationsPageTest - Clicked on 'Action Application' button.
2025-07-29 10:24:26 [main] DEBUG l.i.u.t.SubmittedApplicationsPageTest - Clicked on 'New Application' button.
2025-07-29 10:24:27 [main] DEBUG l.i.u.t.SubmittedApplicationsPageTest - Selected the 'RadioButtonFA' option.
2025-07-29 10:24:27 [main] INFO  l.i.u.p.SubmittedApplicationsPage - Dropdown opened.
2025-07-29 10:24:27 [main] DEBUG l.i.u.p.SubmittedApplicationsPage - Entered search: 'PAVARDENIS GR777'
2025-07-29 10:24:27 [main] DEBUG l.i.u.p.SubmittedApplicationsPage - Found 1 options.
2025-07-29 10:24:37 [main] WARN  l.i.u.p.SubmittedApplicationsPage - Nepavyko rasti vidinio span teksto option elemente: no such element: Unable to locate element: {"method":"css selector","selector":"span.mdc-list-item__primary-text > span"}
  (Session info: chrome=138.0.7204.169)
For documentation on this error, please visit: https://www.selenium.dev/documentation/webdriver/troubleshooting/errors#no-such-element-exception
Build info: version: '4.27.0', revision: 'd6e718d134'
System info: os.name: 'Windows 11', os.arch: 'amd64', os.version: '10.0', java.version: '21.0.3'
Driver info: org.openqa.selenium.chrome.ChromeDriver
Command: [30fb2889a1442fb1c8cd8d833935efd0, findChildElement {using=css selector, id=f.945AD188A96D769FF5F62857905A9095.d.75BC2854BFFE97C9DC3DFDB89F4BE326.e.359, value=span.mdc-list-item__primary-text > span}]
Capabilities {acceptInsecureCerts: false, browserName: chrome, browserVersion: 138.0.7204.169, chrome: {chromedriverVersion: 138.0.7204.168 (3e8d82e86e9..., userDataDir: C:\Users\INGRID~1.ZAD\AppDa...}, fedcm:accounts: true, goog:chromeOptions: {debuggerAddress: localhost:53262}, networkConnectionEnabled: false, pageLoadStrategy: normal, platformName: windows, proxy: Proxy(), se:cdp: ws://localhost:53262/devtoo..., se:cdpVersion: 138.0.7204.169, setWindowRect: true, strictFileInteractability: false, timeouts: {implicit: 0, pageLoad: 300000, script: 30000}, unhandledPromptBehavior: dismiss and notify, webauthn:extension:credBlob: true, webauthn:extension:largeBlob: true, webauthn:extension:minPinLength: true, webauthn:extension:prf: true, webauthn:virtualAuthenticators: true}
Session ID: 30fb2889a1442fb1c8cd8d833935efd0
2025-07-29 10:24:37 [main] WARN  l.i.u.p.SubmittedApplicationsPage - Tikslus variantas nerastas, spaudžiam pirmą: 'close'
2025-07-29 10:25:07 [main] ERROR l.i.u.p.SubmittedApplicationsPage - Nepavyko pasirinkti reikšmės 'PAVARDENIS GR777': Expected condition failed: waiting for element to no longer be visible: By.cssSelector: mat-option (tried for 30 second(s) with 500 milliseconds interval)
Build info: version: '4.27.0', revision: 'd6e718d134'
System info: os.name: 'Windows 11', os.arch: 'amd64', os.version: '10.0', java.version: '21.0.3'
Driver info: org.openqa.selenium.chrome.ChromeDriver
Capabilities {acceptInsecureCerts: false, browserName: chrome, browserVersion: 138.0.7204.169, chrome: {chromedriverVersion: 138.0.7204.168 (3e8d82e86e9..., userDataDir: C:\Users\INGRID~1.ZAD\AppDa...}, fedcm:accounts: true, goog:chromeOptions: {debuggerAddress: localhost:53262}, networkConnectionEnabled: false, pageLoadStrategy: normal, platformName: windows, proxy: Proxy(), se:cdp: ws://localhost:53262/devtoo..., se:cdpVersion: 138.0.7204.169, setWindowRect: true, strictFileInteractability: false, timeouts: {implicit: 0, pageLoad: 300000, script: 30000}, unhandledPromptBehavior: dismiss and notify, webauthn:extension:credBlob: true, webauthn:extension:largeBlob: true, webauthn:extension:minPinLength: true, webauthn:extension:prf: true, webauthn:virtualAuthenticators: true}
Session ID: 30fb2889a1442fb1c8cd8d833935efd0
org.openqa.selenium.TimeoutException: Expected condition failed: waiting for element to no longer be visible: By.cssSelector: mat-option (tried for 30 second(s) with 500 milliseconds interval)
Build info: version: '4.27.0', revision: 'd6e718d134'
System info: os.name: 'Windows 11', os.arch: 'amd64', os.version: '10.0', java.version: '21.0.3'
Driver info: org.openqa.selenium.chrome.ChromeDriver
Capabilities {acceptInsecureCerts: false, browserName: chrome, browserVersion: 138.0.7204.169, chrome: {chromedriverVersion: 138.0.7204.168 (3e8d82e86e9..., userDataDir: C:\Users\INGRID~1.ZAD\AppDa...}, fedcm:accounts: true, goog:chromeOptions: {debuggerAddress: localhost:53262}, networkConnectionEnabled: false, pageLoadStrategy: normal, platformName: windows, proxy: Proxy(), se:cdp: ws://localhost:53262/devtoo..., se:cdpVersion: 138.0.7204.169, setWindowRect: true, strictFileInteractability: false, timeouts: {implicit: 0, pageLoad: 300000, script: 30000}, unhandledPromptBehavior: dismiss and notify, webauthn:extension:credBlob: true, webauthn:extension:largeBlob: true, webauthn:extension:minPinLength: true, webauthn:extension:prf: true, webauthn:virtualAuthenticators: true}
Session ID: 30fb2889a1442fb1c8cd8d833935efd0
	at org.openqa.selenium.support.ui.WebDriverWait.timeoutException(WebDriverWait.java:84)
	at org.openqa.selenium.support.ui.FluentWait.until(FluentWait.java:228)
	at lt.insoft.uztis.pages.SubmittedApplicationsPage.selectValueApplicant(SubmittedApplicationsPage.java:661)
	at lt.insoft.uztis.tests.SubmittedApplicationsPageTest.testFillNewDVPApplicationFA(SubmittedApplicationsPageTest.java:642)
	at java.base/jdk.internal.reflect.DirectMethodHandleAccessor.invoke(DirectMethodHandleAccessor.java:103)
	at java.base/java.lang.reflect.Method.invoke(Method.java:580)
	at org.junit.platform.commons.util.ReflectionUtils.invokeMethod(ReflectionUtils.java:728)
	at org.junit.jupiter.engine.execution.MethodInvocation.proceed(MethodInvocation.java:60)
	at org.junit.jupiter.engine.execution.InvocationInterceptorChain$ValidatingInvocation.proceed(InvocationInterceptorChain.java:131)
	at org.junit.jupiter.engine.extension.TimeoutExtension.intercept(TimeoutExtension.java:156)
	at org.junit.jupiter.engine.extension.TimeoutExtension.interceptTestableMethod(TimeoutExtension.java:147)
	at org.junit.jupiter.engine.extension.TimeoutExtension.interceptTestMethod(TimeoutExtension.java:86)
	at org.junit.jupiter.engine.execution.InterceptingExecutableInvoker$ReflectiveInterceptorCall.lambda$ofVoidMethod$0(InterceptingExecutableInvoker.java:103)
	at org.junit.jupiter.engine.execution.InterceptingExecutableInvoker.lambda$invoke$0(InterceptingExecutableInvoker.java:93)
	at org.junit.jupiter.engine.execution.InvocationInterceptorChain$InterceptedInvocation.proceed(InvocationInterceptorChain.java:106)
	at org.junit.jupiter.engine.execution.InvocationInterceptorChain.proceed(InvocationInterceptorChain.java:64)
	at org.junit.jupiter.engine.execution.InvocationInterceptorChain.chainAndInvoke(InvocationInterceptorChain.java:45)
	at org.junit.jupiter.engine.execution.InvocationInterceptorChain.invoke(InvocationInterceptorChain.java:37)
	at org.junit.jupiter.engine.execution.InterceptingExecutableInvoker.invoke(InterceptingExecutableInvoker.java:92)
	at org.junit.jupiter.engine.execution.InterceptingExecutableInvoker.invoke(InterceptingExecutableInvoker.java:86)
	at org.junit.jupiter.engine.descriptor.TestMethodTestDescriptor.lambda$invokeTestMethod$7(TestMethodTestDescriptor.java:218)
	at org.junit.platform.engine.support.hierarchical.ThrowableCollector.execute(ThrowableCollector.java:73)
	at org.junit.jupiter.engine.descriptor.TestMethodTestDescriptor.invokeTestMethod(TestMethodTestDescriptor.java:214)
	at org.junit.jupiter.engine.descriptor.TestMethodTestDescriptor.execute(TestMethodTestDescriptor.java:139)
	at org.junit.jupiter.engine.descriptor.TestMethodTestDescriptor.execute(TestMethodTestDescriptor.java:69)
	at org.junit.platform.engine.support.hierarchical.NodeTestTask.lambda$executeRecursively$6(NodeTestTask.java:151)
	at org.junit.platform.engine.support.hierarchical.ThrowableCollector.execute(ThrowableCollector.java:73)
	at org.junit.platform.engine.support.hierarchical.NodeTestTask.lambda$executeRecursively$8(NodeTestTask.java:141)
	at org.junit.platform.engine.support.hierarchical.Node.around(Node.java:137)
	at org.junit.platform.engine.support.hierarchical.NodeTestTask.lambda$executeRecursively$9(NodeTestTask.java:139)
	at org.junit.platform.engine.support.hierarchical.ThrowableCollector.execute(ThrowableCollector.java:73)
	at org.junit.platform.engine.support.hierarchical.NodeTestTask.executeRecursively(NodeTestTask.java:138)
	at org.junit.platform.engine.support.hierarchical.NodeTestTask.execute(NodeTestTask.java:95)
	at java.base/java.util.ArrayList.forEach(ArrayList.java:1596)
	at org.junit.platform.engine.support.hierarchical.SameThreadHierarchicalTestExecutorService.invokeAll(SameThreadHierarchicalTestExecutorService.java:41)
	at org.junit.platform.engine.support.hierarchical.NodeTestTask.lambda$executeRecursively$6(NodeTestTask.java:155)
	at org.junit.platform.engine.support.hierarchical.ThrowableCollector.execute(ThrowableCollector.java:73)
	at org.junit.platform.engine.support.hierarchical.NodeTestTask.lambda$executeRecursively$8(NodeTestTask.java:141)
	at org.junit.platform.engine.support.hierarchical.Node.around(Node.java:137)
	at org.junit.platform.engine.support.hierarchical.NodeTestTask.lambda$executeRecursively$9(NodeTestTask.java:139)
	at org.junit.platform.engine.support.hierarchical.ThrowableCollector.execute(ThrowableCollector.java:73)
	at org.junit.platform.engine.support.hierarchical.NodeTestTask.executeRecursively(NodeTestTask.java:138)
	at org.junit.platform.engine.support.hierarchical.NodeTestTask.execute(NodeTestTask.java:95)
	at java.base/java.util.ArrayList.forEach(ArrayList.java:1596)
	at org.junit.platform.engine.support.hierarchical.SameThreadHierarchicalTestExecutorService.invokeAll(SameThreadHierarchicalTestExecutorService.java:41)
	at org.junit.platform.engine.support.hierarchical.NodeTestTask.lambda$executeRecursively$6(NodeTestTask.java:155)
	at org.junit.platform.engine.support.hierarchical.ThrowableCollector.execute(ThrowableCollector.java:73)
	at org.junit.platform.engine.support.hierarchical.NodeTestTask.lambda$executeRecursively$8(NodeTestTask.java:141)
	at org.junit.platform.engine.support.hierarchical.Node.around(Node.java:137)
	at org.junit.platform.engine.support.hierarchical.NodeTestTask.lambda$executeRecursively$9(NodeTestTask.java:139)
	at org.junit.platform.engine.support.hierarchical.ThrowableCollector.execute(ThrowableCollector.java:73)
	at org.junit.platform.engine.support.hierarchical.NodeTestTask.executeRecursively(NodeTestTask.java:138)
	at org.junit.platform.engine.support.hierarchical.NodeTestTask.execute(NodeTestTask.java:95)
	at org.junit.platform.engine.support.hierarchical.SameThreadHierarchicalTestExecutorService.submit(SameThreadHierarchicalTestExecutorService.java:35)
	at org.junit.platform.engine.support.hierarchical.HierarchicalTestExecutor.execute(HierarchicalTestExecutor.java:57)
	at org.junit.platform.engine.support.hierarchical.HierarchicalTestEngine.execute(HierarchicalTestEngine.java:54)
	at org.junit.platform.launcher.core.EngineExecutionOrchestrator.execute(EngineExecutionOrchestrator.java:198)
	at org.junit.platform.launcher.core.EngineExecutionOrchestrator.execute(EngineExecutionOrchestrator.java:169)
	at org.junit.platform.launcher.core.EngineExecutionOrchestrator.execute(EngineExecutionOrchestrator.java:93)
	at org.junit.platform.launcher.core.EngineExecutionOrchestrator.lambda$execute$0(EngineExecutionOrchestrator.java:58)
	at org.junit.platform.launcher.core.EngineExecutionOrchestrator.withInterceptedStreams(EngineExecutionOrchestrator.java:141)
	at org.junit.platform.launcher.core.EngineExecutionOrchestrator.execute(EngineExecutionOrchestrator.java:57)
	at org.junit.platform.launcher.core.DefaultLauncher.execute(DefaultLauncher.java:103)
	at org.junit.platform.launcher.core.DefaultLauncher.execute(DefaultLauncher.java:85)
	at org.junit.platform.launcher.core.DelegatingLauncher.execute(DelegatingLauncher.java:47)
	at org.junit.platform.launcher.core.SessionPerRequestLauncher.execute(SessionPerRequestLauncher.java:63)
	at com.intellij.junit5.JUnit5IdeaTestRunner.startRunnerWithArgs(JUnit5IdeaTestRunner.java:57)
	at com.intellij.rt.junit.IdeaTestRunner$Repeater$1.execute(IdeaTestRunner.java:38)
	at com.intellij.rt.execution.junit.TestsRepeater.repeat(TestsRepeater.java:11)
	at com.intellij.rt.junit.IdeaTestRunner$Repeater.startRunnerWithArgs(IdeaTestRunner.java:35)
	at com.intellij.rt.junit.JUnitStarter.prepareStreamsAndStart(JUnitStarter.java:232)
	at com.intellij.rt.junit.JUnitStarter.main(JUnitStarter.java:55)
2025-07-29 10:25:07 [main] ERROR l.i.u.t.SubmittedApplicationsPageTest - Test 'testFillNewDVPApplicationFA' failed with error: Nepavyko pasirinkti reikšmės iš dropdown'o: PAVARDENIS GR777
java.lang.RuntimeException: Nepavyko pasirinkti reikšmės iš dropdown'o: PAVARDENIS GR777
	at lt.insoft.uztis.pages.SubmittedApplicationsPage.selectValueApplicant(SubmittedApplicationsPage.java:681)
	at lt.insoft.uztis.tests.SubmittedApplicationsPageTest.testFillNewDVPApplicationFA(SubmittedApplicationsPageTest.java:642)
	at java.base/jdk.internal.reflect.DirectMethodHandleAccessor.invoke(DirectMethodHandleAccessor.java:103)
	at java.base/java.lang.reflect.Method.invoke(Method.java:580)
	at org.junit.platform.commons.util.ReflectionUtils.invokeMethod(ReflectionUtils.java:728)
	at org.junit.jupiter.engine.execution.MethodInvocation.proceed(MethodInvocation.java:60)
	at org.junit.jupiter.engine.execution.InvocationInterceptorChain$ValidatingInvocation.proceed(InvocationInterceptorChain.java:131)
	at org.junit.jupiter.engine.extension.TimeoutExtension.intercept(TimeoutExtension.java:156)
	at org.junit.jupiter.engine.extension.TimeoutExtension.interceptTestableMethod(TimeoutExtension.java:147)
	at org.junit.jupiter.engine.extension.TimeoutExtension.interceptTestMethod(TimeoutExtension.java:86)
	at org.junit.jupiter.engine.execution.InterceptingExecutableInvoker$ReflectiveInterceptorCall.lambda$ofVoidMethod$0(InterceptingExecutableInvoker.java:103)
	at org.junit.jupiter.engine.execution.InterceptingExecutableInvoker.lambda$invoke$0(InterceptingExecutableInvoker.java:93)
	at org.junit.jupiter.engine.execution.InvocationInterceptorChain$InterceptedInvocation.proceed(InvocationInterceptorChain.java:106)
	at org.junit.jupiter.engine.execution.InvocationInterceptorChain.proceed(InvocationInterceptorChain.java:64)
	at org.junit.jupiter.engine.execution.InvocationInterceptorChain.chainAndInvoke(InvocationInterceptorChain.java:45)
	at org.junit.jupiter.engine.execution.InvocationInterceptorChain.invoke(InvocationInterceptorChain.java:37)
	at org.junit.jupiter.engine.execution.InterceptingExecutableInvoker.invoke(InterceptingExecutableInvoker.java:92)
	at org.junit.jupiter.engine.execution.InterceptingExecutableInvoker.invoke(InterceptingExecutableInvoker.java:86)
	at org.junit.jupiter.engine.descriptor.TestMethodTestDescriptor.lambda$invokeTestMethod$7(TestMethodTestDescriptor.java:218)
	at org.junit.platform.engine.support.hierarchical.ThrowableCollector.execute(ThrowableCollector.java:73)
	at org.junit.jupiter.engine.descriptor.TestMethodTestDescriptor.invokeTestMethod(TestMethodTestDescriptor.java:214)
	at org.junit.jupiter.engine.descriptor.TestMethodTestDescriptor.execute(TestMethodTestDescriptor.java:139)
	at org.junit.jupiter.engine.descriptor.TestMethodTestDescriptor.execute(TestMethodTestDescriptor.java:69)
	at org.junit.platform.engine.support.hierarchical.NodeTestTask.lambda$executeRecursively$6(NodeTestTask.java:151)
	at org.junit.platform.engine.support.hierarchical.ThrowableCollector.execute(ThrowableCollector.java:73)
	at org.junit.platform.engine.support.hierarchical.NodeTestTask.lambda$executeRecursively$8(NodeTestTask.java:141)
	at org.junit.platform.engine.support.hierarchical.Node.around(Node.java:137)
	at org.junit.platform.engine.support.hierarchical.NodeTestTask.lambda$executeRecursively$9(NodeTestTask.java:139)
	at org.junit.platform.engine.support.hierarchical.ThrowableCollector.execute(ThrowableCollector.java:73)
	at org.junit.platform.engine.support.hierarchical.NodeTestTask.executeRecursively(NodeTestTask.java:138)
	at org.junit.platform.engine.support.hierarchical.NodeTestTask.execute(NodeTestTask.java:95)
	at java.base/java.util.ArrayList.forEach(ArrayList.java:1596)
	at org.junit.platform.engine.support.hierarchical.SameThreadHierarchicalTestExecutorService.invokeAll(SameThreadHierarchicalTestExecutorService.java:41)
	at org.junit.platform.engine.support.hierarchical.NodeTestTask.lambda$executeRecursively$6(NodeTestTask.java:155)
	at org.junit.platform.engine.support.hierarchical.ThrowableCollector.execute(ThrowableCollector.java:73)
	at org.junit.platform.engine.support.hierarchical.NodeTestTask.lambda$executeRecursively$8(NodeTestTask.java:141)
	at org.junit.platform.engine.support.hierarchical.Node.around(Node.java:137)
	at org.junit.platform.engine.support.hierarchical.NodeTestTask.lambda$executeRecursively$9(NodeTestTask.java:139)
	at org.junit.platform.engine.support.hierarchical.ThrowableCollector.execute(ThrowableCollector.java:73)
	at org.junit.platform.engine.support.hierarchical.NodeTestTask.executeRecursively(NodeTestTask.java:138)
	at org.junit.platform.engine.support.hierarchical.NodeTestTask.execute(NodeTestTask.java:95)
	at java.base/java.util.ArrayList.forEach(ArrayList.java:1596)
	at org.junit.platform.engine.support.hierarchical.SameThreadHierarchicalTestExecutorService.invokeAll(SameThreadHierarchicalTestExecutorService.java:41)
	at org.junit.platform.engine.support.hierarchical.NodeTestTask.lambda$executeRecursively$6(NodeTestTask.java:155)
	at org.junit.platform.engine.support.hierarchical.ThrowableCollector.execute(ThrowableCollector.java:73)
	at org.junit.platform.engine.support.hierarchical.NodeTestTask.lambda$executeRecursively$8(NodeTestTask.java:141)
	at org.junit.platform.engine.support.hierarchical.Node.around(Node.java:137)
	at org.junit.platform.engine.support.hierarchical.NodeTestTask.lambda$executeRecursively$9(NodeTestTask.java:139)
	at org.junit.platform.engine.support.hierarchical.ThrowableCollector.execute(ThrowableCollector.java:73)
	at org.junit.platform.engine.support.hierarchical.NodeTestTask.executeRecursively(NodeTestTask.java:138)
	at org.junit.platform.engine.support.hierarchical.NodeTestTask.execute(NodeTestTask.java:95)
	at org.junit.platform.engine.support.hierarchical.SameThreadHierarchicalTestExecutorService.submit(SameThreadHierarchicalTestExecutorService.java:35)
	at org.junit.platform.engine.support.hierarchical.HierarchicalTestExecutor.execute(HierarchicalTestExecutor.java:57)
	at org.junit.platform.engine.support.hierarchical.HierarchicalTestEngine.execute(HierarchicalTestEngine.java:54)
	at org.junit.platform.launcher.core.EngineExecutionOrchestrator.execute(EngineExecutionOrchestrator.java:198)
	at org.junit.platform.launcher.core.EngineExecutionOrchestrator.execute(EngineExecutionOrchestrator.java:169)
	at org.junit.platform.launcher.core.EngineExecutionOrchestrator.execute(EngineExecutionOrchestrator.java:93)
	at org.junit.platform.launcher.core.EngineExecutionOrchestrator.lambda$execute$0(EngineExecutionOrchestrator.java:58)
	at org.junit.platform.launcher.core.EngineExecutionOrchestrator.withInterceptedStreams(EngineExecutionOrchestrator.java:141)
	at org.junit.platform.launcher.core.EngineExecutionOrchestrator.execute(EngineExecutionOrchestrator.java:57)
	at org.junit.platform.launcher.core.DefaultLauncher.execute(DefaultLauncher.java:103)
	at org.junit.platform.launcher.core.DefaultLauncher.execute(DefaultLauncher.java:85)
	at org.junit.platform.launcher.core.DelegatingLauncher.execute(DelegatingLauncher.java:47)
	at org.junit.platform.launcher.core.SessionPerRequestLauncher.execute(SessionPerRequestLauncher.java:63)
	at com.intellij.junit5.JUnit5IdeaTestRunner.startRunnerWithArgs(JUnit5IdeaTestRunner.java:57)
	at com.intellij.rt.junit.IdeaTestRunner$Repeater$1.execute(IdeaTestRunner.java:38)
	at com.intellij.rt.execution.junit.TestsRepeater.repeat(TestsRepeater.java:11)
	at com.intellij.rt.junit.IdeaTestRunner$Repeater.startRunnerWithArgs(IdeaTestRunner.java:35)
	at com.intellij.rt.junit.JUnitStarter.prepareStreamsAndStart(JUnitStarter.java:232)
	at com.intellij.rt.junit.JUnitStarter.main(JUnitStarter.java:55)
Caused by: org.openqa.selenium.TimeoutException: Expected condition failed: waiting for element to no longer be visible: By.cssSelector: mat-option (tried for 30 second(s) with 500 milliseconds interval)
Build info: version: '4.27.0', revision: 'd6e718d134'
System info: os.name: 'Windows 11', os.arch: 'amd64', os.version: '10.0', java.version: '21.0.3'
Driver info: org.openqa.selenium.chrome.ChromeDriver
Capabilities {acceptInsecureCerts: false, browserName: chrome, browserVersion: 138.0.7204.169, chrome: {chromedriverVersion: 138.0.7204.168 (3e8d82e86e9..., userDataDir: C:\Users\INGRID~1.ZAD\AppDa...}, fedcm:accounts: true, goog:chromeOptions: {debuggerAddress: localhost:53262}, networkConnectionEnabled: false, pageLoadStrategy: normal, platformName: windows, proxy: Proxy(), se:cdp: ws://localhost:53262/devtoo..., se:cdpVersion: 138.0.7204.169, setWindowRect: true, strictFileInteractability: false, timeouts: {implicit: 0, pageLoad: 300000, script: 30000}, unhandledPromptBehavior: dismiss and notify, webauthn:extension:credBlob: true, webauthn:extension:largeBlob: true, webauthn:extension:minPinLength: true, webauthn:extension:prf: true, webauthn:virtualAuthenticators: true}
Session ID: 30fb2889a1442fb1c8cd8d833935efd0
	at org.openqa.selenium.support.ui.WebDriverWait.timeoutException(WebDriverWait.java:84)
	at org.openqa.selenium.support.ui.FluentWait.until(FluentWait.java:228)
	at lt.insoft.uztis.pages.SubmittedApplicationsPage.selectValueApplicant(SubmittedApplicationsPage.java:661)
	... 69 common frames omitted
2025-07-29 10:25:07 [main] INFO  l.insoft.uztis.tests.utils.TestUtils - Screenshot moved to C:\Users\ingrida.zadorozniene\Desktop\Asm\UZTIS\UZTIS_tests\test-output\screenshots\20250729\102507928_testFillNewDVPApplicationFA().png
2025-07-29 10:41:38 [main] INFO  lt.insoft.uztis.tests.UztisPageTest - Navigated to https://uztisdev.asseco.lt/home
2025-07-29 10:41:38 [main] INFO  l.i.u.t.SubmittedApplicationsPageTest - Starting test:'testFillNewDVPApplicationFA'
2025-07-29 10:41:39 [main] INFO  l.insoft.uztis.tests.utils.TestUtils - Login attempt with user: evaluation_chief
2025-07-29 10:41:39 [main] DEBUG l.i.u.t.SubmittedApplicationsPageTest - User logged in with test credentials
2025-07-29 10:41:39 [main] DEBUG l.i.u.t.SubmittedApplicationsPageTest - Opened 'Application Processing' menu.
2025-07-29 10:41:39 [main] DEBUG l.i.u.t.SubmittedApplicationsPageTest - Clicked on 'Application Forms' menu.
2025-07-29 10:41:40 [main] DEBUG l.i.u.t.SubmittedApplicationsPageTest - Retrieved last description code text: 'TST-DVP-42'.
2025-07-29 10:41:40 [main] DEBUG l.i.u.t.SubmittedApplicationsPageTest - Clicked on 'Invitation' menu.
2025-07-29 10:41:42 [main] DEBUG l.i.u.t.SubmittedApplicationsPageTest - Selected application section by code: 'TST-DVP-42'.
2025-07-29 10:41:42 [main] DEBUG l.i.u.t.SubmittedApplicationsPageTest - Clicked 'Search' button.
2025-07-29 10:41:42 [main] DEBUG l.i.u.t.SubmittedApplicationsPageTest - Retrieved invitation code: ''.
2025-07-29 10:41:42 [main] DEBUG l.i.u.t.SubmittedApplicationsPageTest - Clicked on 'Submitted Applications' menu.
2025-07-29 10:41:43 [main] DEBUG l.i.u.t.SubmittedApplicationsPageTest - Selected invitation by code: 'TST-DVP-42'.
2025-07-29 10:41:43 [main] DEBUG l.i.u.t.SubmittedApplicationsPageTest - Invitation code inserted.
2025-07-29 10:41:44 [main] DEBUG l.i.u.t.SubmittedApplicationsPageTest - Clicked on 'Action Application' button.
2025-07-29 10:41:44 [main] DEBUG l.i.u.t.SubmittedApplicationsPageTest - Clicked on 'New Application' button.
2025-07-29 10:41:44 [main] DEBUG l.i.u.t.SubmittedApplicationsPageTest - Selected the 'RadioButtonFA' option.
2025-07-29 10:41:44 [main] INFO  l.i.u.p.SubmittedApplicationsPage - Dropdown opened.
2025-07-29 10:41:44 [main] DEBUG l.i.u.p.SubmittedApplicationsPage - Entered search: 'PAVARDENIS GR777'
2025-07-29 10:41:44 [main] DEBUG l.i.u.p.SubmittedApplicationsPage - Found 1 options.
2025-07-29 10:41:54 [main] WARN  l.i.u.p.SubmittedApplicationsPage - Inner span not found in option: no such element: Unable to locate element: {"method":"css selector","selector":"span.mdc-list-item__primary-text > span"}
  (Session info: chrome=138.0.7204.169)
For documentation on this error, please visit: https://www.selenium.dev/documentation/webdriver/troubleshooting/errors#no-such-element-exception
Build info: version: '4.27.0', revision: 'd6e718d134'
System info: os.name: 'Windows 11', os.arch: 'amd64', os.version: '10.0', java.version: '21.0.3'
Driver info: org.openqa.selenium.chrome.ChromeDriver
Command: [0a142dd84b335beb2446436a1a2749e7, findChildElement {id=f.964FA56A14EC1932A67047649C4C597E.d.A33D86BA77E99EA10E0ACFECCCE4FFDA.e.358, value=span.mdc-list-item__primary-text > span, using=css selector}]
Capabilities {acceptInsecureCerts: false, browserName: chrome, browserVersion: 138.0.7204.169, chrome: {chromedriverVersion: 138.0.7204.168 (3e8d82e86e9..., userDataDir: C:\Users\INGRID~1.ZAD\AppDa...}, fedcm:accounts: true, goog:chromeOptions: {debuggerAddress: localhost:55396}, networkConnectionEnabled: false, pageLoadStrategy: normal, platformName: windows, proxy: Proxy(), se:cdp: ws://localhost:55396/devtoo..., se:cdpVersion: 138.0.7204.169, setWindowRect: true, strictFileInteractability: false, timeouts: {implicit: 0, pageLoad: 300000, script: 30000}, unhandledPromptBehavior: dismiss and notify, webauthn:extension:credBlob: true, webauthn:extension:largeBlob: true, webauthn:extension:minPinLength: true, webauthn:extension:prf: true, webauthn:virtualAuthenticators: true}
Session ID: 0a142dd84b335beb2446436a1a2749e7
2025-07-29 10:41:54 [main] WARN  l.i.u.p.SubmittedApplicationsPage - Exact match not found, clicking first option.
2025-07-29 10:42:25 [main] ERROR l.i.u.p.SubmittedApplicationsPage - Nepavyko pasirinkti reikšmės 'PAVARDENIS GR777': Expected condition failed: waiting for element to no longer be visible: By.cssSelector: mat-option (tried for 30 second(s) with 500 milliseconds interval)
Build info: version: '4.27.0', revision: 'd6e718d134'
System info: os.name: 'Windows 11', os.arch: 'amd64', os.version: '10.0', java.version: '21.0.3'
Driver info: org.openqa.selenium.chrome.ChromeDriver
Capabilities {acceptInsecureCerts: false, browserName: chrome, browserVersion: 138.0.7204.169, chrome: {chromedriverVersion: 138.0.7204.168 (3e8d82e86e9..., userDataDir: C:\Users\INGRID~1.ZAD\AppDa...}, fedcm:accounts: true, goog:chromeOptions: {debuggerAddress: localhost:55396}, networkConnectionEnabled: false, pageLoadStrategy: normal, platformName: windows, proxy: Proxy(), se:cdp: ws://localhost:55396/devtoo..., se:cdpVersion: 138.0.7204.169, setWindowRect: true, strictFileInteractability: false, timeouts: {implicit: 0, pageLoad: 300000, script: 30000}, unhandledPromptBehavior: dismiss and notify, webauthn:extension:credBlob: true, webauthn:extension:largeBlob: true, webauthn:extension:minPinLength: true, webauthn:extension:prf: true, webauthn:virtualAuthenticators: true}
Session ID: 0a142dd84b335beb2446436a1a2749e7
org.openqa.selenium.TimeoutException: Expected condition failed: waiting for element to no longer be visible: By.cssSelector: mat-option (tried for 30 second(s) with 500 milliseconds interval)
Build info: version: '4.27.0', revision: 'd6e718d134'
System info: os.name: 'Windows 11', os.arch: 'amd64', os.version: '10.0', java.version: '21.0.3'
Driver info: org.openqa.selenium.chrome.ChromeDriver
Capabilities {acceptInsecureCerts: false, browserName: chrome, browserVersion: 138.0.7204.169, chrome: {chromedriverVersion: 138.0.7204.168 (3e8d82e86e9..., userDataDir: C:\Users\INGRID~1.ZAD\AppDa...}, fedcm:accounts: true, goog:chromeOptions: {debuggerAddress: localhost:55396}, networkConnectionEnabled: false, pageLoadStrategy: normal, platformName: windows, proxy: Proxy(), se:cdp: ws://localhost:55396/devtoo..., se:cdpVersion: 138.0.7204.169, setWindowRect: true, strictFileInteractability: false, timeouts: {implicit: 0, pageLoad: 300000, script: 30000}, unhandledPromptBehavior: dismiss and notify, webauthn:extension:credBlob: true, webauthn:extension:largeBlob: true, webauthn:extension:minPinLength: true, webauthn:extension:prf: true, webauthn:virtualAuthenticators: true}
Session ID: 0a142dd84b335beb2446436a1a2749e7
	at org.openqa.selenium.support.ui.WebDriverWait.timeoutException(WebDriverWait.java:84)
	at org.openqa.selenium.support.ui.FluentWait.until(FluentWait.java:228)
	at lt.insoft.uztis.pages.SubmittedApplicationsPage.selectValueApplicant(SubmittedApplicationsPage.java:682)
	at lt.insoft.uztis.tests.SubmittedApplicationsPageTest.testFillNewDVPApplicationFA(SubmittedApplicationsPageTest.java:642)
	at java.base/jdk.internal.reflect.DirectMethodHandleAccessor.invoke(DirectMethodHandleAccessor.java:103)
	at java.base/java.lang.reflect.Method.invoke(Method.java:580)
	at org.junit.platform.commons.util.ReflectionUtils.invokeMethod(ReflectionUtils.java:728)
	at org.junit.jupiter.engine.execution.MethodInvocation.proceed(MethodInvocation.java:60)
	at org.junit.jupiter.engine.execution.InvocationInterceptorChain$ValidatingInvocation.proceed(InvocationInterceptorChain.java:131)
	at org.junit.jupiter.engine.extension.TimeoutExtension.intercept(TimeoutExtension.java:156)
	at org.junit.jupiter.engine.extension.TimeoutExtension.interceptTestableMethod(TimeoutExtension.java:147)
	at org.junit.jupiter.engine.extension.TimeoutExtension.interceptTestMethod(TimeoutExtension.java:86)
	at org.junit.jupiter.engine.execution.InterceptingExecutableInvoker$ReflectiveInterceptorCall.lambda$ofVoidMethod$0(InterceptingExecutableInvoker.java:103)
	at org.junit.jupiter.engine.execution.InterceptingExecutableInvoker.lambda$invoke$0(InterceptingExecutableInvoker.java:93)
	at org.junit.jupiter.engine.execution.InvocationInterceptorChain$InterceptedInvocation.proceed(InvocationInterceptorChain.java:106)
	at org.junit.jupiter.engine.execution.InvocationInterceptorChain.proceed(InvocationInterceptorChain.java:64)
	at org.junit.jupiter.engine.execution.InvocationInterceptorChain.chainAndInvoke(InvocationInterceptorChain.java:45)
	at org.junit.jupiter.engine.execution.InvocationInterceptorChain.invoke(InvocationInterceptorChain.java:37)
	at org.junit.jupiter.engine.execution.InterceptingExecutableInvoker.invoke(InterceptingExecutableInvoker.java:92)
	at org.junit.jupiter.engine.execution.InterceptingExecutableInvoker.invoke(InterceptingExecutableInvoker.java:86)
	at org.junit.jupiter.engine.descriptor.TestMethodTestDescriptor.lambda$invokeTestMethod$7(TestMethodTestDescriptor.java:218)
	at org.junit.platform.engine.support.hierarchical.ThrowableCollector.execute(ThrowableCollector.java:73)
	at org.junit.jupiter.engine.descriptor.TestMethodTestDescriptor.invokeTestMethod(TestMethodTestDescriptor.java:214)
	at org.junit.jupiter.engine.descriptor.TestMethodTestDescriptor.execute(TestMethodTestDescriptor.java:139)
	at org.junit.jupiter.engine.descriptor.TestMethodTestDescriptor.execute(TestMethodTestDescriptor.java:69)
	at org.junit.platform.engine.support.hierarchical.NodeTestTask.lambda$executeRecursively$6(NodeTestTask.java:151)
	at org.junit.platform.engine.support.hierarchical.ThrowableCollector.execute(ThrowableCollector.java:73)
	at org.junit.platform.engine.support.hierarchical.NodeTestTask.lambda$executeRecursively$8(NodeTestTask.java:141)
	at org.junit.platform.engine.support.hierarchical.Node.around(Node.java:137)
	at org.junit.platform.engine.support.hierarchical.NodeTestTask.lambda$executeRecursively$9(NodeTestTask.java:139)
	at org.junit.platform.engine.support.hierarchical.ThrowableCollector.execute(ThrowableCollector.java:73)
	at org.junit.platform.engine.support.hierarchical.NodeTestTask.executeRecursively(NodeTestTask.java:138)
	at org.junit.platform.engine.support.hierarchical.NodeTestTask.execute(NodeTestTask.java:95)
	at java.base/java.util.ArrayList.forEach(ArrayList.java:1596)
	at org.junit.platform.engine.support.hierarchical.SameThreadHierarchicalTestExecutorService.invokeAll(SameThreadHierarchicalTestExecutorService.java:41)
	at org.junit.platform.engine.support.hierarchical.NodeTestTask.lambda$executeRecursively$6(NodeTestTask.java:155)
	at org.junit.platform.engine.support.hierarchical.ThrowableCollector.execute(ThrowableCollector.java:73)
	at org.junit.platform.engine.support.hierarchical.NodeTestTask.lambda$executeRecursively$8(NodeTestTask.java:141)
	at org.junit.platform.engine.support.hierarchical.Node.around(Node.java:137)
	at org.junit.platform.engine.support.hierarchical.NodeTestTask.lambda$executeRecursively$9(NodeTestTask.java:139)
	at org.junit.platform.engine.support.hierarchical.ThrowableCollector.execute(ThrowableCollector.java:73)
	at org.junit.platform.engine.support.hierarchical.NodeTestTask.executeRecursively(NodeTestTask.java:138)
	at org.junit.platform.engine.support.hierarchical.NodeTestTask.execute(NodeTestTask.java:95)
	at java.base/java.util.ArrayList.forEach(ArrayList.java:1596)
	at org.junit.platform.engine.support.hierarchical.SameThreadHierarchicalTestExecutorService.invokeAll(SameThreadHierarchicalTestExecutorService.java:41)
	at org.junit.platform.engine.support.hierarchical.NodeTestTask.lambda$executeRecursively$6(NodeTestTask.java:155)
	at org.junit.platform.engine.support.hierarchical.ThrowableCollector.execute(ThrowableCollector.java:73)
	at org.junit.platform.engine.support.hierarchical.NodeTestTask.lambda$executeRecursively$8(NodeTestTask.java:141)
	at org.junit.platform.engine.support.hierarchical.Node.around(Node.java:137)
	at org.junit.platform.engine.support.hierarchical.NodeTestTask.lambda$executeRecursively$9(NodeTestTask.java:139)
	at org.junit.platform.engine.support.hierarchical.ThrowableCollector.execute(ThrowableCollector.java:73)
	at org.junit.platform.engine.support.hierarchical.NodeTestTask.executeRecursively(NodeTestTask.java:138)
	at org.junit.platform.engine.support.hierarchical.NodeTestTask.execute(NodeTestTask.java:95)
	at org.junit.platform.engine.support.hierarchical.SameThreadHierarchicalTestExecutorService.submit(SameThreadHierarchicalTestExecutorService.java:35)
	at org.junit.platform.engine.support.hierarchical.HierarchicalTestExecutor.execute(HierarchicalTestExecutor.java:57)
	at org.junit.platform.engine.support.hierarchical.HierarchicalTestEngine.execute(HierarchicalTestEngine.java:54)
	at org.junit.platform.launcher.core.EngineExecutionOrchestrator.execute(EngineExecutionOrchestrator.java:198)
	at org.junit.platform.launcher.core.EngineExecutionOrchestrator.execute(EngineExecutionOrchestrator.java:169)
	at org.junit.platform.launcher.core.EngineExecutionOrchestrator.execute(EngineExecutionOrchestrator.java:93)
	at org.junit.platform.launcher.core.EngineExecutionOrchestrator.lambda$execute$0(EngineExecutionOrchestrator.java:58)
	at org.junit.platform.launcher.core.EngineExecutionOrchestrator.withInterceptedStreams(EngineExecutionOrchestrator.java:141)
	at org.junit.platform.launcher.core.EngineExecutionOrchestrator.execute(EngineExecutionOrchestrator.java:57)
	at org.junit.platform.launcher.core.DefaultLauncher.execute(DefaultLauncher.java:103)
	at org.junit.platform.launcher.core.DefaultLauncher.execute(DefaultLauncher.java:85)
	at org.junit.platform.launcher.core.DelegatingLauncher.execute(DelegatingLauncher.java:47)
	at org.junit.platform.launcher.core.SessionPerRequestLauncher.execute(SessionPerRequestLauncher.java:63)
	at com.intellij.junit5.JUnit5IdeaTestRunner.startRunnerWithArgs(JUnit5IdeaTestRunner.java:57)
	at com.intellij.rt.junit.IdeaTestRunner$Repeater$1.execute(IdeaTestRunner.java:38)
	at com.intellij.rt.execution.junit.TestsRepeater.repeat(TestsRepeater.java:11)
	at com.intellij.rt.junit.IdeaTestRunner$Repeater.startRunnerWithArgs(IdeaTestRunner.java:35)
	at com.intellij.rt.junit.JUnitStarter.prepareStreamsAndStart(JUnitStarter.java:232)
	at com.intellij.rt.junit.JUnitStarter.main(JUnitStarter.java:55)
2025-07-29 10:42:25 [main] ERROR l.i.u.t.SubmittedApplicationsPageTest - Test 'testFillNewDVPApplicationFA' failed with error: Nepavyko pasirinkti reikšmės iš dropdown'o: PAVARDENIS GR777
java.lang.RuntimeException: Nepavyko pasirinkti reikšmės iš dropdown'o: PAVARDENIS GR777
	at lt.insoft.uztis.pages.SubmittedApplicationsPage.selectValueApplicant(SubmittedApplicationsPage.java:704)
	at lt.insoft.uztis.tests.SubmittedApplicationsPageTest.testFillNewDVPApplicationFA(SubmittedApplicationsPageTest.java:642)
	at java.base/jdk.internal.reflect.DirectMethodHandleAccessor.invoke(DirectMethodHandleAccessor.java:103)
	at java.base/java.lang.reflect.Method.invoke(Method.java:580)
	at org.junit.platform.commons.util.ReflectionUtils.invokeMethod(ReflectionUtils.java:728)
	at org.junit.jupiter.engine.execution.MethodInvocation.proceed(MethodInvocation.java:60)
	at org.junit.jupiter.engine.execution.InvocationInterceptorChain$ValidatingInvocation.proceed(InvocationInterceptorChain.java:131)
	at org.junit.jupiter.engine.extension.TimeoutExtension.intercept(TimeoutExtension.java:156)
	at org.junit.jupiter.engine.extension.TimeoutExtension.interceptTestableMethod(TimeoutExtension.java:147)
	at org.junit.jupiter.engine.extension.TimeoutExtension.interceptTestMethod(TimeoutExtension.java:86)
	at org.junit.jupiter.engine.execution.InterceptingExecutableInvoker$ReflectiveInterceptorCall.lambda$ofVoidMethod$0(InterceptingExecutableInvoker.java:103)
	at org.junit.jupiter.engine.execution.InterceptingExecutableInvoker.lambda$invoke$0(InterceptingExecutableInvoker.java:93)
	at org.junit.jupiter.engine.execution.InvocationInterceptorChain$InterceptedInvocation.proceed(InvocationInterceptorChain.java:106)
	at org.junit.jupiter.engine.execution.InvocationInterceptorChain.proceed(InvocationInterceptorChain.java:64)
	at org.junit.jupiter.engine.execution.InvocationInterceptorChain.chainAndInvoke(InvocationInterceptorChain.java:45)
	at org.junit.jupiter.engine.execution.InvocationInterceptorChain.invoke(InvocationInterceptorChain.java:37)
	at org.junit.jupiter.engine.execution.InterceptingExecutableInvoker.invoke(InterceptingExecutableInvoker.java:92)
	at org.junit.jupiter.engine.execution.InterceptingExecutableInvoker.invoke(InterceptingExecutableInvoker.java:86)
	at org.junit.jupiter.engine.descriptor.TestMethodTestDescriptor.lambda$invokeTestMethod$7(TestMethodTestDescriptor.java:218)
	at org.junit.platform.engine.support.hierarchical.ThrowableCollector.execute(ThrowableCollector.java:73)
	at org.junit.jupiter.engine.descriptor.TestMethodTestDescriptor.invokeTestMethod(TestMethodTestDescriptor.java:214)
	at org.junit.jupiter.engine.descriptor.TestMethodTestDescriptor.execute(TestMethodTestDescriptor.java:139)
	at org.junit.jupiter.engine.descriptor.TestMethodTestDescriptor.execute(TestMethodTestDescriptor.java:69)
	at org.junit.platform.engine.support.hierarchical.NodeTestTask.lambda$executeRecursively$6(NodeTestTask.java:151)
	at org.junit.platform.engine.support.hierarchical.ThrowableCollector.execute(ThrowableCollector.java:73)
	at org.junit.platform.engine.support.hierarchical.NodeTestTask.lambda$executeRecursively$8(NodeTestTask.java:141)
	at org.junit.platform.engine.support.hierarchical.Node.around(Node.java:137)
	at org.junit.platform.engine.support.hierarchical.NodeTestTask.lambda$executeRecursively$9(NodeTestTask.java:139)
	at org.junit.platform.engine.support.hierarchical.ThrowableCollector.execute(ThrowableCollector.java:73)
	at org.junit.platform.engine.support.hierarchical.NodeTestTask.executeRecursively(NodeTestTask.java:138)
	at org.junit.platform.engine.support.hierarchical.NodeTestTask.execute(NodeTestTask.java:95)
	at java.base/java.util.ArrayList.forEach(ArrayList.java:1596)
	at org.junit.platform.engine.support.hierarchical.SameThreadHierarchicalTestExecutorService.invokeAll(SameThreadHierarchicalTestExecutorService.java:41)
	at org.junit.platform.engine.support.hierarchical.NodeTestTask.lambda$executeRecursively$6(NodeTestTask.java:155)
	at org.junit.platform.engine.support.hierarchical.ThrowableCollector.execute(ThrowableCollector.java:73)
	at org.junit.platform.engine.support.hierarchical.NodeTestTask.lambda$executeRecursively$8(NodeTestTask.java:141)
	at org.junit.platform.engine.support.hierarchical.Node.around(Node.java:137)
	at org.junit.platform.engine.support.hierarchical.NodeTestTask.lambda$executeRecursively$9(NodeTestTask.java:139)
	at org.junit.platform.engine.support.hierarchical.ThrowableCollector.execute(ThrowableCollector.java:73)
	at org.junit.platform.engine.support.hierarchical.NodeTestTask.executeRecursively(NodeTestTask.java:138)
	at org.junit.platform.engine.support.hierarchical.NodeTestTask.execute(NodeTestTask.java:95)
	at java.base/java.util.ArrayList.forEach(ArrayList.java:1596)
	at org.junit.platform.engine.support.hierarchical.SameThreadHierarchicalTestExecutorService.invokeAll(SameThreadHierarchicalTestExecutorService.java:41)
	at org.junit.platform.engine.support.hierarchical.NodeTestTask.lambda$executeRecursively$6(NodeTestTask.java:155)
	at org.junit.platform.engine.support.hierarchical.ThrowableCollector.execute(ThrowableCollector.java:73)
	at org.junit.platform.engine.support.hierarchical.NodeTestTask.lambda$executeRecursively$8(NodeTestTask.java:141)
	at org.junit.platform.engine.support.hierarchical.Node.around(Node.java:137)
	at org.junit.platform.engine.support.hierarchical.NodeTestTask.lambda$executeRecursively$9(NodeTestTask.java:139)
	at org.junit.platform.engine.support.hierarchical.ThrowableCollector.execute(ThrowableCollector.java:73)
	at org.junit.platform.engine.support.hierarchical.NodeTestTask.executeRecursively(NodeTestTask.java:138)
	at org.junit.platform.engine.support.hierarchical.NodeTestTask.execute(NodeTestTask.java:95)
	at org.junit.platform.engine.support.hierarchical.SameThreadHierarchicalTestExecutorService.submit(SameThreadHierarchicalTestExecutorService.java:35)
	at org.junit.platform.engine.support.hierarchical.HierarchicalTestExecutor.execute(HierarchicalTestExecutor.java:57)
	at org.junit.platform.engine.support.hierarchical.HierarchicalTestEngine.execute(HierarchicalTestEngine.java:54)
	at org.junit.platform.launcher.core.EngineExecutionOrchestrator.execute(EngineExecutionOrchestrator.java:198)
	at org.junit.platform.launcher.core.EngineExecutionOrchestrator.execute(EngineExecutionOrchestrator.java:169)
	at org.junit.platform.launcher.core.EngineExecutionOrchestrator.execute(EngineExecutionOrchestrator.java:93)
	at org.junit.platform.launcher.core.EngineExecutionOrchestrator.lambda$execute$0(EngineExecutionOrchestrator.java:58)
	at org.junit.platform.launcher.core.EngineExecutionOrchestrator.withInterceptedStreams(EngineExecutionOrchestrator.java:141)
	at org.junit.platform.launcher.core.EngineExecutionOrchestrator.execute(EngineExecutionOrchestrator.java:57)
	at org.junit.platform.launcher.core.DefaultLauncher.execute(DefaultLauncher.java:103)
	at org.junit.platform.launcher.core.DefaultLauncher.execute(DefaultLauncher.java:85)
	at org.junit.platform.launcher.core.DelegatingLauncher.execute(DelegatingLauncher.java:47)
	at org.junit.platform.launcher.core.SessionPerRequestLauncher.execute(SessionPerRequestLauncher.java:63)
	at com.intellij.junit5.JUnit5IdeaTestRunner.startRunnerWithArgs(JUnit5IdeaTestRunner.java:57)
	at com.intellij.rt.junit.IdeaTestRunner$Repeater$1.execute(IdeaTestRunner.java:38)
	at com.intellij.rt.execution.junit.TestsRepeater.repeat(TestsRepeater.java:11)
	at com.intellij.rt.junit.IdeaTestRunner$Repeater.startRunnerWithArgs(IdeaTestRunner.java:35)
	at com.intellij.rt.junit.JUnitStarter.prepareStreamsAndStart(JUnitStarter.java:232)
	at com.intellij.rt.junit.JUnitStarter.main(JUnitStarter.java:55)
Caused by: org.openqa.selenium.TimeoutException: Expected condition failed: waiting for element to no longer be visible: By.cssSelector: mat-option (tried for 30 second(s) with 500 milliseconds interval)
Build info: version: '4.27.0', revision: 'd6e718d134'
System info: os.name: 'Windows 11', os.arch: 'amd64', os.version: '10.0', java.version: '21.0.3'
Driver info: org.openqa.selenium.chrome.ChromeDriver
Capabilities {acceptInsecureCerts: false, browserName: chrome, browserVersion: 138.0.7204.169, chrome: {chromedriverVersion: 138.0.7204.168 (3e8d82e86e9..., userDataDir: C:\Users\INGRID~1.ZAD\AppDa...}, fedcm:accounts: true, goog:chromeOptions: {debuggerAddress: localhost:55396}, networkConnectionEnabled: false, pageLoadStrategy: normal, platformName: windows, proxy: Proxy(), se:cdp: ws://localhost:55396/devtoo..., se:cdpVersion: 138.0.7204.169, setWindowRect: true, strictFileInteractability: false, timeouts: {implicit: 0, pageLoad: 300000, script: 30000}, unhandledPromptBehavior: dismiss and notify, webauthn:extension:credBlob: true, webauthn:extension:largeBlob: true, webauthn:extension:minPinLength: true, webauthn:extension:prf: true, webauthn:virtualAuthenticators: true}
Session ID: 0a142dd84b335beb2446436a1a2749e7
	at org.openqa.selenium.support.ui.WebDriverWait.timeoutException(WebDriverWait.java:84)
	at org.openqa.selenium.support.ui.FluentWait.until(FluentWait.java:228)
	at lt.insoft.uztis.pages.SubmittedApplicationsPage.selectValueApplicant(SubmittedApplicationsPage.java:682)
	... 69 common frames omitted
2025-07-29 10:42:25 [main] INFO  l.insoft.uztis.tests.utils.TestUtils - Screenshot moved to C:\Users\ingrida.zadorozniene\Desktop\Asm\UZTIS\UZTIS_tests\test-output\screenshots\20250729\104225436_testFillNewDVPApplicationFA().png
2025-07-29 10:45:02 [main] INFO  lt.insoft.uztis.tests.UztisPageTest - Navigated to https://uztisdev.asseco.lt/home
2025-07-29 10:45:02 [main] INFO  l.i.u.t.SubmittedApplicationsPageTest - Starting test:'testFillNewDVPApplicationFA'
2025-07-29 10:45:02 [main] INFO  l.insoft.uztis.tests.utils.TestUtils - Login attempt with user: evaluation_chief
2025-07-29 10:45:02 [main] DEBUG l.i.u.t.SubmittedApplicationsPageTest - User logged in with test credentials
2025-07-29 10:45:03 [main] DEBUG l.i.u.t.SubmittedApplicationsPageTest - Opened 'Application Processing' menu.
2025-07-29 10:45:03 [main] DEBUG l.i.u.t.SubmittedApplicationsPageTest - Clicked on 'Application Forms' menu.
2025-07-29 10:45:04 [main] DEBUG l.i.u.t.SubmittedApplicationsPageTest - Retrieved last description code text: 'TST-DVP-42'.
2025-07-29 10:45:04 [main] DEBUG l.i.u.t.SubmittedApplicationsPageTest - Clicked on 'Invitation' menu.
2025-07-29 10:45:05 [main] DEBUG l.i.u.t.SubmittedApplicationsPageTest - Selected application section by code: 'TST-DVP-42'.
2025-07-29 10:45:06 [main] DEBUG l.i.u.t.SubmittedApplicationsPageTest - Clicked 'Search' button.
2025-07-29 10:45:06 [main] DEBUG l.i.u.t.SubmittedApplicationsPageTest - Retrieved invitation code: ''.
2025-07-29 10:45:06 [main] DEBUG l.i.u.t.SubmittedApplicationsPageTest - Clicked on 'Submitted Applications' menu.
2025-07-29 10:45:08 [main] DEBUG l.i.u.t.SubmittedApplicationsPageTest - Selected invitation by code: 'TST-DVP-42'.
2025-07-29 10:45:08 [main] DEBUG l.i.u.t.SubmittedApplicationsPageTest - Invitation code inserted.
2025-07-29 10:45:08 [main] DEBUG l.i.u.t.SubmittedApplicationsPageTest - Clicked on 'Action Application' button.
2025-07-29 10:45:08 [main] DEBUG l.i.u.t.SubmittedApplicationsPageTest - Clicked on 'New Application' button.
2025-07-29 10:45:08 [main] DEBUG l.i.u.t.SubmittedApplicationsPageTest - Selected the 'RadioButtonFA' option.
2025-07-29 10:45:08 [main] INFO  l.i.u.p.SubmittedApplicationsPage - Dropdown opened.
2025-07-29 10:45:08 [main] DEBUG l.i.u.p.SubmittedApplicationsPage - Entered search: 'PAVARDENIS GR777'
2025-07-29 10:45:08 [main] DEBUG l.i.u.p.SubmittedApplicationsPage - Found 1 options.
2025-07-29 10:45:08 [main] DEBUG l.i.u.p.SubmittedApplicationsPage - Option full text: 'close
Rezultatų nerasta'
2025-07-29 10:45:08 [main] WARN  l.i.u.p.SubmittedApplicationsPage - Exact match not found, clicking first option.
2025-07-29 10:45:39 [main] ERROR l.i.u.p.SubmittedApplicationsPage - Nepavyko pasirinkti reikšmės 'PAVARDENIS GR777': Expected condition failed: waiting for element to no longer be visible: By.cssSelector: mat-option (tried for 30 second(s) with 500 milliseconds interval)
Build info: version: '4.27.0', revision: 'd6e718d134'
System info: os.name: 'Windows 11', os.arch: 'amd64', os.version: '10.0', java.version: '21.0.3'
Driver info: org.openqa.selenium.chrome.ChromeDriver
Capabilities {acceptInsecureCerts: false, browserName: chrome, browserVersion: 138.0.7204.169, chrome: {chromedriverVersion: 138.0.7204.168 (3e8d82e86e9..., userDataDir: C:\Users\INGRID~1.ZAD\AppDa...}, fedcm:accounts: true, goog:chromeOptions: {debuggerAddress: localhost:55806}, networkConnectionEnabled: false, pageLoadStrategy: normal, platformName: windows, proxy: Proxy(), se:cdp: ws://localhost:55806/devtoo..., se:cdpVersion: 138.0.7204.169, setWindowRect: true, strictFileInteractability: false, timeouts: {implicit: 0, pageLoad: 300000, script: 30000}, unhandledPromptBehavior: dismiss and notify, webauthn:extension:credBlob: true, webauthn:extension:largeBlob: true, webauthn:extension:minPinLength: true, webauthn:extension:prf: true, webauthn:virtualAuthenticators: true}
Session ID: 9351b5bd2257ddd66ce3e948f257a5e3
org.openqa.selenium.TimeoutException: Expected condition failed: waiting for element to no longer be visible: By.cssSelector: mat-option (tried for 30 second(s) with 500 milliseconds interval)
Build info: version: '4.27.0', revision: 'd6e718d134'
System info: os.name: 'Windows 11', os.arch: 'amd64', os.version: '10.0', java.version: '21.0.3'
Driver info: org.openqa.selenium.chrome.ChromeDriver
Capabilities {acceptInsecureCerts: false, browserName: chrome, browserVersion: 138.0.7204.169, chrome: {chromedriverVersion: 138.0.7204.168 (3e8d82e86e9..., userDataDir: C:\Users\INGRID~1.ZAD\AppDa...}, fedcm:accounts: true, goog:chromeOptions: {debuggerAddress: localhost:55806}, networkConnectionEnabled: false, pageLoadStrategy: normal, platformName: windows, proxy: Proxy(), se:cdp: ws://localhost:55806/devtoo..., se:cdpVersion: 138.0.7204.169, setWindowRect: true, strictFileInteractability: false, timeouts: {implicit: 0, pageLoad: 300000, script: 30000}, unhandledPromptBehavior: dismiss and notify, webauthn:extension:credBlob: true, webauthn:extension:largeBlob: true, webauthn:extension:minPinLength: true, webauthn:extension:prf: true, webauthn:virtualAuthenticators: true}
Session ID: 9351b5bd2257ddd66ce3e948f257a5e3
	at org.openqa.selenium.support.ui.WebDriverWait.timeoutException(WebDriverWait.java:84)
	at org.openqa.selenium.support.ui.FluentWait.until(FluentWait.java:228)
	at lt.insoft.uztis.pages.SubmittedApplicationsPage.selectValueApplicant(SubmittedApplicationsPage.java:670)
	at lt.insoft.uztis.tests.SubmittedApplicationsPageTest.testFillNewDVPApplicationFA(SubmittedApplicationsPageTest.java:642)
	at java.base/jdk.internal.reflect.DirectMethodHandleAccessor.invoke(DirectMethodHandleAccessor.java:103)
	at java.base/java.lang.reflect.Method.invoke(Method.java:580)
	at org.junit.platform.commons.util.ReflectionUtils.invokeMethod(ReflectionUtils.java:728)
	at org.junit.jupiter.engine.execution.MethodInvocation.proceed(MethodInvocation.java:60)
	at org.junit.jupiter.engine.execution.InvocationInterceptorChain$ValidatingInvocation.proceed(InvocationInterceptorChain.java:131)
	at org.junit.jupiter.engine.extension.TimeoutExtension.intercept(TimeoutExtension.java:156)
	at org.junit.jupiter.engine.extension.TimeoutExtension.interceptTestableMethod(TimeoutExtension.java:147)
	at org.junit.jupiter.engine.extension.TimeoutExtension.interceptTestMethod(TimeoutExtension.java:86)
	at org.junit.jupiter.engine.execution.InterceptingExecutableInvoker$ReflectiveInterceptorCall.lambda$ofVoidMethod$0(InterceptingExecutableInvoker.java:103)
	at org.junit.jupiter.engine.execution.InterceptingExecutableInvoker.lambda$invoke$0(InterceptingExecutableInvoker.java:93)
	at org.junit.jupiter.engine.execution.InvocationInterceptorChain$InterceptedInvocation.proceed(InvocationInterceptorChain.java:106)
	at org.junit.jupiter.engine.execution.InvocationInterceptorChain.proceed(InvocationInterceptorChain.java:64)
	at org.junit.jupiter.engine.execution.InvocationInterceptorChain.chainAndInvoke(InvocationInterceptorChain.java:45)
	at org.junit.jupiter.engine.execution.InvocationInterceptorChain.invoke(InvocationInterceptorChain.java:37)
	at org.junit.jupiter.engine.execution.InterceptingExecutableInvoker.invoke(InterceptingExecutableInvoker.java:92)
	at org.junit.jupiter.engine.execution.InterceptingExecutableInvoker.invoke(InterceptingExecutableInvoker.java:86)
	at org.junit.jupiter.engine.descriptor.TestMethodTestDescriptor.lambda$invokeTestMethod$7(TestMethodTestDescriptor.java:218)
	at org.junit.platform.engine.support.hierarchical.ThrowableCollector.execute(ThrowableCollector.java:73)
	at org.junit.jupiter.engine.descriptor.TestMethodTestDescriptor.invokeTestMethod(TestMethodTestDescriptor.java:214)
	at org.junit.jupiter.engine.descriptor.TestMethodTestDescriptor.execute(TestMethodTestDescriptor.java:139)
	at org.junit.jupiter.engine.descriptor.TestMethodTestDescriptor.execute(TestMethodTestDescriptor.java:69)
	at org.junit.platform.engine.support.hierarchical.NodeTestTask.lambda$executeRecursively$6(NodeTestTask.java:151)
	at org.junit.platform.engine.support.hierarchical.ThrowableCollector.execute(ThrowableCollector.java:73)
	at org.junit.platform.engine.support.hierarchical.NodeTestTask.lambda$executeRecursively$8(NodeTestTask.java:141)
	at org.junit.platform.engine.support.hierarchical.Node.around(Node.java:137)
	at org.junit.platform.engine.support.hierarchical.NodeTestTask.lambda$executeRecursively$9(NodeTestTask.java:139)
	at org.junit.platform.engine.support.hierarchical.ThrowableCollector.execute(ThrowableCollector.java:73)
	at org.junit.platform.engine.support.hierarchical.NodeTestTask.executeRecursively(NodeTestTask.java:138)
	at org.junit.platform.engine.support.hierarchical.NodeTestTask.execute(NodeTestTask.java:95)
	at java.base/java.util.ArrayList.forEach(ArrayList.java:1596)
	at org.junit.platform.engine.support.hierarchical.SameThreadHierarchicalTestExecutorService.invokeAll(SameThreadHierarchicalTestExecutorService.java:41)
	at org.junit.platform.engine.support.hierarchical.NodeTestTask.lambda$executeRecursively$6(NodeTestTask.java:155)
	at org.junit.platform.engine.support.hierarchical.ThrowableCollector.execute(ThrowableCollector.java:73)
	at org.junit.platform.engine.support.hierarchical.NodeTestTask.lambda$executeRecursively$8(NodeTestTask.java:141)
	at org.junit.platform.engine.support.hierarchical.Node.around(Node.java:137)
	at org.junit.platform.engine.support.hierarchical.NodeTestTask.lambda$executeRecursively$9(NodeTestTask.java:139)
	at org.junit.platform.engine.support.hierarchical.ThrowableCollector.execute(ThrowableCollector.java:73)
	at org.junit.platform.engine.support.hierarchical.NodeTestTask.executeRecursively(NodeTestTask.java:138)
	at org.junit.platform.engine.support.hierarchical.NodeTestTask.execute(NodeTestTask.java:95)
	at java.base/java.util.ArrayList.forEach(ArrayList.java:1596)
	at org.junit.platform.engine.support.hierarchical.SameThreadHierarchicalTestExecutorService.invokeAll(SameThreadHierarchicalTestExecutorService.java:41)
	at org.junit.platform.engine.support.hierarchical.NodeTestTask.lambda$executeRecursively$6(NodeTestTask.java:155)
	at org.junit.platform.engine.support.hierarchical.ThrowableCollector.execute(ThrowableCollector.java:73)
	at org.junit.platform.engine.support.hierarchical.NodeTestTask.lambda$executeRecursively$8(NodeTestTask.java:141)
	at org.junit.platform.engine.support.hierarchical.Node.around(Node.java:137)
	at org.junit.platform.engine.support.hierarchical.NodeTestTask.lambda$executeRecursively$9(NodeTestTask.java:139)
	at org.junit.platform.engine.support.hierarchical.ThrowableCollector.execute(ThrowableCollector.java:73)
	at org.junit.platform.engine.support.hierarchical.NodeTestTask.executeRecursively(NodeTestTask.java:138)
	at org.junit.platform.engine.support.hierarchical.NodeTestTask.execute(NodeTestTask.java:95)
	at org.junit.platform.engine.support.hierarchical.SameThreadHierarchicalTestExecutorService.submit(SameThreadHierarchicalTestExecutorService.java:35)
	at org.junit.platform.engine.support.hierarchical.HierarchicalTestExecutor.execute(HierarchicalTestExecutor.java:57)
	at org.junit.platform.engine.support.hierarchical.HierarchicalTestEngine.execute(HierarchicalTestEngine.java:54)
	at org.junit.platform.launcher.core.EngineExecutionOrchestrator.execute(EngineExecutionOrchestrator.java:198)
	at org.junit.platform.launcher.core.EngineExecutionOrchestrator.execute(EngineExecutionOrchestrator.java:169)
	at org.junit.platform.launcher.core.EngineExecutionOrchestrator.execute(EngineExecutionOrchestrator.java:93)
	at org.junit.platform.launcher.core.EngineExecutionOrchestrator.lambda$execute$0(EngineExecutionOrchestrator.java:58)
	at org.junit.platform.launcher.core.EngineExecutionOrchestrator.withInterceptedStreams(EngineExecutionOrchestrator.java:141)
	at org.junit.platform.launcher.core.EngineExecutionOrchestrator.execute(EngineExecutionOrchestrator.java:57)
	at org.junit.platform.launcher.core.DefaultLauncher.execute(DefaultLauncher.java:103)
	at org.junit.platform.launcher.core.DefaultLauncher.execute(DefaultLauncher.java:85)
	at org.junit.platform.launcher.core.DelegatingLauncher.execute(DelegatingLauncher.java:47)
	at org.junit.platform.launcher.core.SessionPerRequestLauncher.execute(SessionPerRequestLauncher.java:63)
	at com.intellij.junit5.JUnit5IdeaTestRunner.startRunnerWithArgs(JUnit5IdeaTestRunner.java:57)
	at com.intellij.rt.junit.IdeaTestRunner$Repeater$1.execute(IdeaTestRunner.java:38)
	at com.intellij.rt.execution.junit.TestsRepeater.repeat(TestsRepeater.java:11)
	at com.intellij.rt.junit.IdeaTestRunner$Repeater.startRunnerWithArgs(IdeaTestRunner.java:35)
	at com.intellij.rt.junit.JUnitStarter.prepareStreamsAndStart(JUnitStarter.java:232)
	at com.intellij.rt.junit.JUnitStarter.main(JUnitStarter.java:55)
2025-07-29 10:45:39 [main] ERROR l.i.u.t.SubmittedApplicationsPageTest - Test 'testFillNewDVPApplicationFA' failed with error: Nepavyko pasirinkti reikšmės iš dropdown'o: PAVARDENIS GR777
java.lang.RuntimeException: Nepavyko pasirinkti reikšmės iš dropdown'o: PAVARDENIS GR777
	at lt.insoft.uztis.pages.SubmittedApplicationsPage.selectValueApplicant(SubmittedApplicationsPage.java:692)
	at lt.insoft.uztis.tests.SubmittedApplicationsPageTest.testFillNewDVPApplicationFA(SubmittedApplicationsPageTest.java:642)
	at java.base/jdk.internal.reflect.DirectMethodHandleAccessor.invoke(DirectMethodHandleAccessor.java:103)
	at java.base/java.lang.reflect.Method.invoke(Method.java:580)
	at org.junit.platform.commons.util.ReflectionUtils.invokeMethod(ReflectionUtils.java:728)
	at org.junit.jupiter.engine.execution.MethodInvocation.proceed(MethodInvocation.java:60)
	at org.junit.jupiter.engine.execution.InvocationInterceptorChain$ValidatingInvocation.proceed(InvocationInterceptorChain.java:131)
	at org.junit.jupiter.engine.extension.TimeoutExtension.intercept(TimeoutExtension.java:156)
	at org.junit.jupiter.engine.extension.TimeoutExtension.interceptTestableMethod(TimeoutExtension.java:147)
	at org.junit.jupiter.engine.extension.TimeoutExtension.interceptTestMethod(TimeoutExtension.java:86)
	at org.junit.jupiter.engine.execution.InterceptingExecutableInvoker$ReflectiveInterceptorCall.lambda$ofVoidMethod$0(InterceptingExecutableInvoker.java:103)
	at org.junit.jupiter.engine.execution.InterceptingExecutableInvoker.lambda$invoke$0(InterceptingExecutableInvoker.java:93)
	at org.junit.jupiter.engine.execution.InvocationInterceptorChain$InterceptedInvocation.proceed(InvocationInterceptorChain.java:106)
	at org.junit.jupiter.engine.execution.InvocationInterceptorChain.proceed(InvocationInterceptorChain.java:64)
	at org.junit.jupiter.engine.execution.InvocationInterceptorChain.chainAndInvoke(InvocationInterceptorChain.java:45)
	at org.junit.jupiter.engine.execution.InvocationInterceptorChain.invoke(InvocationInterceptorChain.java:37)
	at org.junit.jupiter.engine.execution.InterceptingExecutableInvoker.invoke(InterceptingExecutableInvoker.java:92)
	at org.junit.jupiter.engine.execution.InterceptingExecutableInvoker.invoke(InterceptingExecutableInvoker.java:86)
	at org.junit.jupiter.engine.descriptor.TestMethodTestDescriptor.lambda$invokeTestMethod$7(TestMethodTestDescriptor.java:218)
	at org.junit.platform.engine.support.hierarchical.ThrowableCollector.execute(ThrowableCollector.java:73)
	at org.junit.jupiter.engine.descriptor.TestMethodTestDescriptor.invokeTestMethod(TestMethodTestDescriptor.java:214)
	at org.junit.jupiter.engine.descriptor.TestMethodTestDescriptor.execute(TestMethodTestDescriptor.java:139)
	at org.junit.jupiter.engine.descriptor.TestMethodTestDescriptor.execute(TestMethodTestDescriptor.java:69)
	at org.junit.platform.engine.support.hierarchical.NodeTestTask.lambda$executeRecursively$6(NodeTestTask.java:151)
	at org.junit.platform.engine.support.hierarchical.ThrowableCollector.execute(ThrowableCollector.java:73)
	at org.junit.platform.engine.support.hierarchical.NodeTestTask.lambda$executeRecursively$8(NodeTestTask.java:141)
	at org.junit.platform.engine.support.hierarchical.Node.around(Node.java:137)
	at org.junit.platform.engine.support.hierarchical.NodeTestTask.lambda$executeRecursively$9(NodeTestTask.java:139)
	at org.junit.platform.engine.support.hierarchical.ThrowableCollector.execute(ThrowableCollector.java:73)
	at org.junit.platform.engine.support.hierarchical.NodeTestTask.executeRecursively(NodeTestTask.java:138)
	at org.junit.platform.engine.support.hierarchical.NodeTestTask.execute(NodeTestTask.java:95)
	at java.base/java.util.ArrayList.forEach(ArrayList.java:1596)
	at org.junit.platform.engine.support.hierarchical.SameThreadHierarchicalTestExecutorService.invokeAll(SameThreadHierarchicalTestExecutorService.java:41)
	at org.junit.platform.engine.support.hierarchical.NodeTestTask.lambda$executeRecursively$6(NodeTestTask.java:155)
	at org.junit.platform.engine.support.hierarchical.ThrowableCollector.execute(ThrowableCollector.java:73)
	at org.junit.platform.engine.support.hierarchical.NodeTestTask.lambda$executeRecursively$8(NodeTestTask.java:141)
	at org.junit.platform.engine.support.hierarchical.Node.around(Node.java:137)
	at org.junit.platform.engine.support.hierarchical.NodeTestTask.lambda$executeRecursively$9(NodeTestTask.java:139)
	at org.junit.platform.engine.support.hierarchical.ThrowableCollector.execute(ThrowableCollector.java:73)
	at org.junit.platform.engine.support.hierarchical.NodeTestTask.executeRecursively(NodeTestTask.java:138)
	at org.junit.platform.engine.support.hierarchical.NodeTestTask.execute(NodeTestTask.java:95)
	at java.base/java.util.ArrayList.forEach(ArrayList.java:1596)
	at org.junit.platform.engine.support.hierarchical.SameThreadHierarchicalTestExecutorService.invokeAll(SameThreadHierarchicalTestExecutorService.java:41)
	at org.junit.platform.engine.support.hierarchical.NodeTestTask.lambda$executeRecursively$6(NodeTestTask.java:155)
	at org.junit.platform.engine.support.hierarchical.ThrowableCollector.execute(ThrowableCollector.java:73)
	at org.junit.platform.engine.support.hierarchical.NodeTestTask.lambda$executeRecursively$8(NodeTestTask.java:141)
	at org.junit.platform.engine.support.hierarchical.Node.around(Node.java:137)
	at org.junit.platform.engine.support.hierarchical.NodeTestTask.lambda$executeRecursively$9(NodeTestTask.java:139)
	at org.junit.platform.engine.support.hierarchical.ThrowableCollector.execute(ThrowableCollector.java:73)
	at org.junit.platform.engine.support.hierarchical.NodeTestTask.executeRecursively(NodeTestTask.java:138)
	at org.junit.platform.engine.support.hierarchical.NodeTestTask.execute(NodeTestTask.java:95)
	at org.junit.platform.engine.support.hierarchical.SameThreadHierarchicalTestExecutorService.submit(SameThreadHierarchicalTestExecutorService.java:35)
	at org.junit.platform.engine.support.hierarchical.HierarchicalTestExecutor.execute(HierarchicalTestExecutor.java:57)
	at org.junit.platform.engine.support.hierarchical.HierarchicalTestEngine.execute(HierarchicalTestEngine.java:54)
	at org.junit.platform.launcher.core.EngineExecutionOrchestrator.execute(EngineExecutionOrchestrator.java:198)
	at org.junit.platform.launcher.core.EngineExecutionOrchestrator.execute(EngineExecutionOrchestrator.java:169)
	at org.junit.platform.launcher.core.EngineExecutionOrchestrator.execute(EngineExecutionOrchestrator.java:93)
	at org.junit.platform.launcher.core.EngineExecutionOrchestrator.lambda$execute$0(EngineExecutionOrchestrator.java:58)
	at org.junit.platform.launcher.core.EngineExecutionOrchestrator.withInterceptedStreams(EngineExecutionOrchestrator.java:141)
	at org.junit.platform.launcher.core.EngineExecutionOrchestrator.execute(EngineExecutionOrchestrator.java:57)
	at org.junit.platform.launcher.core.DefaultLauncher.execute(DefaultLauncher.java:103)
	at org.junit.platform.launcher.core.DefaultLauncher.execute(DefaultLauncher.java:85)
	at org.junit.platform.launcher.core.DelegatingLauncher.execute(DelegatingLauncher.java:47)
	at org.junit.platform.launcher.core.SessionPerRequestLauncher.execute(SessionPerRequestLauncher.java:63)
	at com.intellij.junit5.JUnit5IdeaTestRunner.startRunnerWithArgs(JUnit5IdeaTestRunner.java:57)
	at com.intellij.rt.junit.IdeaTestRunner$Repeater$1.execute(IdeaTestRunner.java:38)
	at com.intellij.rt.execution.junit.TestsRepeater.repeat(TestsRepeater.java:11)
	at com.intellij.rt.junit.IdeaTestRunner$Repeater.startRunnerWithArgs(IdeaTestRunner.java:35)
	at com.intellij.rt.junit.JUnitStarter.prepareStreamsAndStart(JUnitStarter.java:232)
	at com.intellij.rt.junit.JUnitStarter.main(JUnitStarter.java:55)
Caused by: org.openqa.selenium.TimeoutException: Expected condition failed: waiting for element to no longer be visible: By.cssSelector: mat-option (tried for 30 second(s) with 500 milliseconds interval)
Build info: version: '4.27.0', revision: 'd6e718d134'
System info: os.name: 'Windows 11', os.arch: 'amd64', os.version: '10.0', java.version: '21.0.3'
Driver info: org.openqa.selenium.chrome.ChromeDriver
Capabilities {acceptInsecureCerts: false, browserName: chrome, browserVersion: 138.0.7204.169, chrome: {chromedriverVersion: 138.0.7204.168 (3e8d82e86e9..., userDataDir: C:\Users\INGRID~1.ZAD\AppDa...}, fedcm:accounts: true, goog:chromeOptions: {debuggerAddress: localhost:55806}, networkConnectionEnabled: false, pageLoadStrategy: normal, platformName: windows, proxy: Proxy(), se:cdp: ws://localhost:55806/devtoo..., se:cdpVersion: 138.0.7204.169, setWindowRect: true, strictFileInteractability: false, timeouts: {implicit: 0, pageLoad: 300000, script: 30000}, unhandledPromptBehavior: dismiss and notify, webauthn:extension:credBlob: true, webauthn:extension:largeBlob: true, webauthn:extension:minPinLength: true, webauthn:extension:prf: true, webauthn:virtualAuthenticators: true}
Session ID: 9351b5bd2257ddd66ce3e948f257a5e3
	at org.openqa.selenium.support.ui.WebDriverWait.timeoutException(WebDriverWait.java:84)
	at org.openqa.selenium.support.ui.FluentWait.until(FluentWait.java:228)
	at lt.insoft.uztis.pages.SubmittedApplicationsPage.selectValueApplicant(SubmittedApplicationsPage.java:670)
	... 69 common frames omitted
2025-07-29 10:45:39 [main] INFO  l.insoft.uztis.tests.utils.TestUtils - Screenshot moved to C:\Users\ingrida.zadorozniene\Desktop\Asm\UZTIS\UZTIS_tests\test-output\screenshots\20250729\104539526_testFillNewDVPApplicationFA().png
2025-07-29 10:47:53 [main] INFO  lt.insoft.uztis.tests.UztisPageTest - Navigated to https://uztisdev.asseco.lt/home
2025-07-29 10:47:53 [main] INFO  l.i.u.t.SubmittedApplicationsPageTest - Starting test:'testFillNewDVPApplicationFA'
2025-07-29 10:47:54 [main] INFO  l.insoft.uztis.tests.utils.TestUtils - Login attempt with user: evaluation_chief
2025-07-29 10:47:54 [main] DEBUG l.i.u.t.SubmittedApplicationsPageTest - User logged in with test credentials
2025-07-29 10:47:54 [main] DEBUG l.i.u.t.SubmittedApplicationsPageTest - Opened 'Application Processing' menu.
2025-07-29 10:47:54 [main] DEBUG l.i.u.t.SubmittedApplicationsPageTest - Clicked on 'Application Forms' menu.
2025-07-29 10:47:55 [main] DEBUG l.i.u.t.SubmittedApplicationsPageTest - Retrieved last description code text: 'TST-DVP-42'.
2025-07-29 10:47:55 [main] DEBUG l.i.u.t.SubmittedApplicationsPageTest - Clicked on 'Invitation' menu.
2025-07-29 10:47:57 [main] DEBUG l.i.u.t.SubmittedApplicationsPageTest - Selected application section by code: 'TST-DVP-42'.
2025-07-29 10:47:57 [main] DEBUG l.i.u.t.SubmittedApplicationsPageTest - Clicked 'Search' button.
2025-07-29 10:47:57 [main] DEBUG l.i.u.t.SubmittedApplicationsPageTest - Retrieved invitation code: ''.
2025-07-29 10:47:57 [main] DEBUG l.i.u.t.SubmittedApplicationsPageTest - Clicked on 'Submitted Applications' menu.
2025-07-29 10:47:59 [main] DEBUG l.i.u.t.SubmittedApplicationsPageTest - Selected invitation by code: 'TST-DVP-42'.
2025-07-29 10:47:59 [main] DEBUG l.i.u.t.SubmittedApplicationsPageTest - Invitation code inserted.
2025-07-29 10:47:59 [main] DEBUG l.i.u.t.SubmittedApplicationsPageTest - Clicked on 'Action Application' button.
2025-07-29 10:47:59 [main] DEBUG l.i.u.t.SubmittedApplicationsPageTest - Clicked on 'New Application' button.
2025-07-29 10:47:59 [main] DEBUG l.i.u.t.SubmittedApplicationsPageTest - Selected the 'RadioButtonFA' option.
2025-07-29 10:47:59 [main] INFO  l.i.u.p.SubmittedApplicationsPage - Dropdown opened.
2025-07-29 10:48:00 [main] DEBUG l.i.u.p.SubmittedApplicationsPage - Entered search: 'PAVARDENIS GR777'
2025-07-29 10:48:00 [main] DEBUG l.i.u.p.SubmittedApplicationsPage - Found 1 options.
2025-07-29 10:48:00 [main] INFO  l.i.u.p.SubmittedApplicationsPage - Only one option found. Clicked on: 'close
Rezultatų nerasta'
2025-07-29 10:49:11 [main] ERROR l.i.u.p.SubmittedApplicationsPage - Nepavyko pasirinkti reikšmės 'PAVARDENIS GR777': Expected condition failed: waiting for lt.insoft.uztis.pages.SubmittedApplicationsPage$$Lambda/0x000002e2252b1638@6b4125ed (tried for 30 second(s) with 500 milliseconds interval)
Build info: version: '4.27.0', revision: 'd6e718d134'
System info: os.name: 'Windows 11', os.arch: 'amd64', os.version: '10.0', java.version: '21.0.3'
Driver info: org.openqa.selenium.chrome.ChromeDriver
Capabilities {acceptInsecureCerts: false, browserName: chrome, browserVersion: 138.0.7204.169, chrome: {chromedriverVersion: 138.0.7204.168 (3e8d82e86e9..., userDataDir: C:\Users\INGRID~1.ZAD\AppDa...}, fedcm:accounts: true, goog:chromeOptions: {debuggerAddress: localhost:56157}, networkConnectionEnabled: false, pageLoadStrategy: normal, platformName: windows, proxy: Proxy(), se:cdp: ws://localhost:56157/devtoo..., se:cdpVersion: 138.0.7204.169, setWindowRect: true, strictFileInteractability: false, timeouts: {implicit: 0, pageLoad: 300000, script: 30000}, unhandledPromptBehavior: dismiss and notify, webauthn:extension:credBlob: true, webauthn:extension:largeBlob: true, webauthn:extension:minPinLength: true, webauthn:extension:prf: true, webauthn:virtualAuthenticators: true}
Session ID: b56a32552924f71b37578f3d18ee76bd
org.openqa.selenium.TimeoutException: Expected condition failed: waiting for lt.insoft.uztis.pages.SubmittedApplicationsPage$$Lambda/0x000002e2252b1638@6b4125ed (tried for 30 second(s) with 500 milliseconds interval)
Build info: version: '4.27.0', revision: 'd6e718d134'
System info: os.name: 'Windows 11', os.arch: 'amd64', os.version: '10.0', java.version: '21.0.3'
Driver info: org.openqa.selenium.chrome.ChromeDriver
Capabilities {acceptInsecureCerts: false, browserName: chrome, browserVersion: 138.0.7204.169, chrome: {chromedriverVersion: 138.0.7204.168 (3e8d82e86e9..., userDataDir: C:\Users\INGRID~1.ZAD\AppDa...}, fedcm:accounts: true, goog:chromeOptions: {debuggerAddress: localhost:56157}, networkConnectionEnabled: false, pageLoadStrategy: normal, platformName: windows, proxy: Proxy(), se:cdp: ws://localhost:56157/devtoo..., se:cdpVersion: 138.0.7204.169, setWindowRect: true, strictFileInteractability: false, timeouts: {implicit: 0, pageLoad: 300000, script: 30000}, unhandledPromptBehavior: dismiss and notify, webauthn:extension:credBlob: true, webauthn:extension:largeBlob: true, webauthn:extension:minPinLength: true, webauthn:extension:prf: true, webauthn:virtualAuthenticators: true}
Session ID: b56a32552924f71b37578f3d18ee76bd
	at org.openqa.selenium.support.ui.WebDriverWait.timeoutException(WebDriverWait.java:84)
	at org.openqa.selenium.support.ui.FluentWait.until(FluentWait.java:228)
	at lt.insoft.uztis.pages.SubmittedApplicationsPage.selectValueApplicant(SubmittedApplicationsPage.java:676)
	at lt.insoft.uztis.tests.SubmittedApplicationsPageTest.testFillNewDVPApplicationFA(SubmittedApplicationsPageTest.java:642)
	at java.base/jdk.internal.reflect.DirectMethodHandleAccessor.invoke(DirectMethodHandleAccessor.java:103)
	at java.base/java.lang.reflect.Method.invoke(Method.java:580)
	at org.junit.platform.commons.util.ReflectionUtils.invokeMethod(ReflectionUtils.java:728)
	at org.junit.jupiter.engine.execution.MethodInvocation.proceed(MethodInvocation.java:60)
	at org.junit.jupiter.engine.execution.InvocationInterceptorChain$ValidatingInvocation.proceed(InvocationInterceptorChain.java:131)
	at org.junit.jupiter.engine.extension.TimeoutExtension.intercept(TimeoutExtension.java:156)
	at org.junit.jupiter.engine.extension.TimeoutExtension.interceptTestableMethod(TimeoutExtension.java:147)
	at org.junit.jupiter.engine.extension.TimeoutExtension.interceptTestMethod(TimeoutExtension.java:86)
	at org.junit.jupiter.engine.execution.InterceptingExecutableInvoker$ReflectiveInterceptorCall.lambda$ofVoidMethod$0(InterceptingExecutableInvoker.java:103)
	at org.junit.jupiter.engine.execution.InterceptingExecutableInvoker.lambda$invoke$0(InterceptingExecutableInvoker.java:93)
	at org.junit.jupiter.engine.execution.InvocationInterceptorChain$InterceptedInvocation.proceed(InvocationInterceptorChain.java:106)
	at org.junit.jupiter.engine.execution.InvocationInterceptorChain.proceed(InvocationInterceptorChain.java:64)
	at org.junit.jupiter.engine.execution.InvocationInterceptorChain.chainAndInvoke(InvocationInterceptorChain.java:45)
	at org.junit.jupiter.engine.execution.InvocationInterceptorChain.invoke(InvocationInterceptorChain.java:37)
	at org.junit.jupiter.engine.execution.InterceptingExecutableInvoker.invoke(InterceptingExecutableInvoker.java:92)
	at org.junit.jupiter.engine.execution.InterceptingExecutableInvoker.invoke(InterceptingExecutableInvoker.java:86)
	at org.junit.jupiter.engine.descriptor.TestMethodTestDescriptor.lambda$invokeTestMethod$7(TestMethodTestDescriptor.java:218)
	at org.junit.platform.engine.support.hierarchical.ThrowableCollector.execute(ThrowableCollector.java:73)
	at org.junit.jupiter.engine.descriptor.TestMethodTestDescriptor.invokeTestMethod(TestMethodTestDescriptor.java:214)
	at org.junit.jupiter.engine.descriptor.TestMethodTestDescriptor.execute(TestMethodTestDescriptor.java:139)
	at org.junit.jupiter.engine.descriptor.TestMethodTestDescriptor.execute(TestMethodTestDescriptor.java:69)
	at org.junit.platform.engine.support.hierarchical.NodeTestTask.lambda$executeRecursively$6(NodeTestTask.java:151)
	at org.junit.platform.engine.support.hierarchical.ThrowableCollector.execute(ThrowableCollector.java:73)
	at org.junit.platform.engine.support.hierarchical.NodeTestTask.lambda$executeRecursively$8(NodeTestTask.java:141)
	at org.junit.platform.engine.support.hierarchical.Node.around(Node.java:137)
	at org.junit.platform.engine.support.hierarchical.NodeTestTask.lambda$executeRecursively$9(NodeTestTask.java:139)
	at org.junit.platform.engine.support.hierarchical.ThrowableCollector.execute(ThrowableCollector.java:73)
	at org.junit.platform.engine.support.hierarchical.NodeTestTask.executeRecursively(NodeTestTask.java:138)
	at org.junit.platform.engine.support.hierarchical.NodeTestTask.execute(NodeTestTask.java:95)
	at java.base/java.util.ArrayList.forEach(ArrayList.java:1596)
	at org.junit.platform.engine.support.hierarchical.SameThreadHierarchicalTestExecutorService.invokeAll(SameThreadHierarchicalTestExecutorService.java:41)
	at org.junit.platform.engine.support.hierarchical.NodeTestTask.lambda$executeRecursively$6(NodeTestTask.java:155)
	at org.junit.platform.engine.support.hierarchical.ThrowableCollector.execute(ThrowableCollector.java:73)
	at org.junit.platform.engine.support.hierarchical.NodeTestTask.lambda$executeRecursively$8(NodeTestTask.java:141)
	at org.junit.platform.engine.support.hierarchical.Node.around(Node.java:137)
	at org.junit.platform.engine.support.hierarchical.NodeTestTask.lambda$executeRecursively$9(NodeTestTask.java:139)
	at org.junit.platform.engine.support.hierarchical.ThrowableCollector.execute(ThrowableCollector.java:73)
	at org.junit.platform.engine.support.hierarchical.NodeTestTask.executeRecursively(NodeTestTask.java:138)
	at org.junit.platform.engine.support.hierarchical.NodeTestTask.execute(NodeTestTask.java:95)
	at java.base/java.util.ArrayList.forEach(ArrayList.java:1596)
	at org.junit.platform.engine.support.hierarchical.SameThreadHierarchicalTestExecutorService.invokeAll(SameThreadHierarchicalTestExecutorService.java:41)
	at org.junit.platform.engine.support.hierarchical.NodeTestTask.lambda$executeRecursively$6(NodeTestTask.java:155)
	at org.junit.platform.engine.support.hierarchical.ThrowableCollector.execute(ThrowableCollector.java:73)
	at org.junit.platform.engine.support.hierarchical.NodeTestTask.lambda$executeRecursively$8(NodeTestTask.java:141)
	at org.junit.platform.engine.support.hierarchical.Node.around(Node.java:137)
	at org.junit.platform.engine.support.hierarchical.NodeTestTask.lambda$executeRecursively$9(NodeTestTask.java:139)
	at org.junit.platform.engine.support.hierarchical.ThrowableCollector.execute(ThrowableCollector.java:73)
	at org.junit.platform.engine.support.hierarchical.NodeTestTask.executeRecursively(NodeTestTask.java:138)
	at org.junit.platform.engine.support.hierarchical.NodeTestTask.execute(NodeTestTask.java:95)
	at org.junit.platform.engine.support.hierarchical.SameThreadHierarchicalTestExecutorService.submit(SameThreadHierarchicalTestExecutorService.java:35)
	at org.junit.platform.engine.support.hierarchical.HierarchicalTestExecutor.execute(HierarchicalTestExecutor.java:57)
	at org.junit.platform.engine.support.hierarchical.HierarchicalTestEngine.execute(HierarchicalTestEngine.java:54)
	at org.junit.platform.launcher.core.EngineExecutionOrchestrator.execute(EngineExecutionOrchestrator.java:198)
	at org.junit.platform.launcher.core.EngineExecutionOrchestrator.execute(EngineExecutionOrchestrator.java:169)
	at org.junit.platform.launcher.core.EngineExecutionOrchestrator.execute(EngineExecutionOrchestrator.java:93)
	at org.junit.platform.launcher.core.EngineExecutionOrchestrator.lambda$execute$0(EngineExecutionOrchestrator.java:58)
	at org.junit.platform.launcher.core.EngineExecutionOrchestrator.withInterceptedStreams(EngineExecutionOrchestrator.java:141)
	at org.junit.platform.launcher.core.EngineExecutionOrchestrator.execute(EngineExecutionOrchestrator.java:57)
	at org.junit.platform.launcher.core.DefaultLauncher.execute(DefaultLauncher.java:103)
	at org.junit.platform.launcher.core.DefaultLauncher.execute(DefaultLauncher.java:85)
	at org.junit.platform.launcher.core.DelegatingLauncher.execute(DelegatingLauncher.java:47)
	at org.junit.platform.launcher.core.SessionPerRequestLauncher.execute(SessionPerRequestLauncher.java:63)
	at com.intellij.junit5.JUnit5IdeaTestRunner.startRunnerWithArgs(JUnit5IdeaTestRunner.java:57)
	at com.intellij.rt.junit.IdeaTestRunner$Repeater$1.execute(IdeaTestRunner.java:38)
	at com.intellij.rt.execution.junit.TestsRepeater.repeat(TestsRepeater.java:11)
	at com.intellij.rt.junit.IdeaTestRunner$Repeater.startRunnerWithArgs(IdeaTestRunner.java:35)
	at com.intellij.rt.junit.JUnitStarter.prepareStreamsAndStart(JUnitStarter.java:232)
	at com.intellij.rt.junit.JUnitStarter.main(JUnitStarter.java:55)
2025-07-29 10:49:11 [main] ERROR l.i.u.t.SubmittedApplicationsPageTest - Test 'testFillNewDVPApplicationFA' failed with error: Nepavyko pasirinkti reikšmės iš dropdown'o: PAVARDENIS GR777
java.lang.RuntimeException: Nepavyko pasirinkti reikšmės iš dropdown'o: PAVARDENIS GR777
	at lt.insoft.uztis.pages.SubmittedApplicationsPage.selectValueApplicant(SubmittedApplicationsPage.java:695)
	at lt.insoft.uztis.tests.SubmittedApplicationsPageTest.testFillNewDVPApplicationFA(SubmittedApplicationsPageTest.java:642)
	at java.base/jdk.internal.reflect.DirectMethodHandleAccessor.invoke(DirectMethodHandleAccessor.java:103)
	at java.base/java.lang.reflect.Method.invoke(Method.java:580)
	at org.junit.platform.commons.util.ReflectionUtils.invokeMethod(ReflectionUtils.java:728)
	at org.junit.jupiter.engine.execution.MethodInvocation.proceed(MethodInvocation.java:60)
	at org.junit.jupiter.engine.execution.InvocationInterceptorChain$ValidatingInvocation.proceed(InvocationInterceptorChain.java:131)
	at org.junit.jupiter.engine.extension.TimeoutExtension.intercept(TimeoutExtension.java:156)
	at org.junit.jupiter.engine.extension.TimeoutExtension.interceptTestableMethod(TimeoutExtension.java:147)
	at org.junit.jupiter.engine.extension.TimeoutExtension.interceptTestMethod(TimeoutExtension.java:86)
	at org.junit.jupiter.engine.execution.InterceptingExecutableInvoker$ReflectiveInterceptorCall.lambda$ofVoidMethod$0(InterceptingExecutableInvoker.java:103)
	at org.junit.jupiter.engine.execution.InterceptingExecutableInvoker.lambda$invoke$0(InterceptingExecutableInvoker.java:93)
	at org.junit.jupiter.engine.execution.InvocationInterceptorChain$InterceptedInvocation.proceed(InvocationInterceptorChain.java:106)
	at org.junit.jupiter.engine.execution.InvocationInterceptorChain.proceed(InvocationInterceptorChain.java:64)
	at org.junit.jupiter.engine.execution.InvocationInterceptorChain.chainAndInvoke(InvocationInterceptorChain.java:45)
	at org.junit.jupiter.engine.execution.InvocationInterceptorChain.invoke(InvocationInterceptorChain.java:37)
	at org.junit.jupiter.engine.execution.InterceptingExecutableInvoker.invoke(InterceptingExecutableInvoker.java:92)
	at org.junit.jupiter.engine.execution.InterceptingExecutableInvoker.invoke(InterceptingExecutableInvoker.java:86)
	at org.junit.jupiter.engine.descriptor.TestMethodTestDescriptor.lambda$invokeTestMethod$7(TestMethodTestDescriptor.java:218)
	at org.junit.platform.engine.support.hierarchical.ThrowableCollector.execute(ThrowableCollector.java:73)
	at org.junit.jupiter.engine.descriptor.TestMethodTestDescriptor.invokeTestMethod(TestMethodTestDescriptor.java:214)
	at org.junit.jupiter.engine.descriptor.TestMethodTestDescriptor.execute(TestMethodTestDescriptor.java:139)
	at org.junit.jupiter.engine.descriptor.TestMethodTestDescriptor.execute(TestMethodTestDescriptor.java:69)
	at org.junit.platform.engine.support.hierarchical.NodeTestTask.lambda$executeRecursively$6(NodeTestTask.java:151)
	at org.junit.platform.engine.support.hierarchical.ThrowableCollector.execute(ThrowableCollector.java:73)
	at org.junit.platform.engine.support.hierarchical.NodeTestTask.lambda$executeRecursively$8(NodeTestTask.java:141)
	at org.junit.platform.engine.support.hierarchical.Node.around(Node.java:137)
	at org.junit.platform.engine.support.hierarchical.NodeTestTask.lambda$executeRecursively$9(NodeTestTask.java:139)
	at org.junit.platform.engine.support.hierarchical.ThrowableCollector.execute(ThrowableCollector.java:73)
	at org.junit.platform.engine.support.hierarchical.NodeTestTask.executeRecursively(NodeTestTask.java:138)
	at org.junit.platform.engine.support.hierarchical.NodeTestTask.execute(NodeTestTask.java:95)
	at java.base/java.util.ArrayList.forEach(ArrayList.java:1596)
	at org.junit.platform.engine.support.hierarchical.SameThreadHierarchicalTestExecutorService.invokeAll(SameThreadHierarchicalTestExecutorService.java:41)
	at org.junit.platform.engine.support.hierarchical.NodeTestTask.lambda$executeRecursively$6(NodeTestTask.java:155)
	at org.junit.platform.engine.support.hierarchical.ThrowableCollector.execute(ThrowableCollector.java:73)
	at org.junit.platform.engine.support.hierarchical.NodeTestTask.lambda$executeRecursively$8(NodeTestTask.java:141)
	at org.junit.platform.engine.support.hierarchical.Node.around(Node.java:137)
	at org.junit.platform.engine.support.hierarchical.NodeTestTask.lambda$executeRecursively$9(NodeTestTask.java:139)
	at org.junit.platform.engine.support.hierarchical.ThrowableCollector.execute(ThrowableCollector.java:73)
	at org.junit.platform.engine.support.hierarchical.NodeTestTask.executeRecursively(NodeTestTask.java:138)
	at org.junit.platform.engine.support.hierarchical.NodeTestTask.execute(NodeTestTask.java:95)
	at java.base/java.util.ArrayList.forEach(ArrayList.java:1596)
	at org.junit.platform.engine.support.hierarchical.SameThreadHierarchicalTestExecutorService.invokeAll(SameThreadHierarchicalTestExecutorService.java:41)
	at org.junit.platform.engine.support.hierarchical.NodeTestTask.lambda$executeRecursively$6(NodeTestTask.java:155)
	at org.junit.platform.engine.support.hierarchical.ThrowableCollector.execute(ThrowableCollector.java:73)
	at org.junit.platform.engine.support.hierarchical.NodeTestTask.lambda$executeRecursively$8(NodeTestTask.java:141)
	at org.junit.platform.engine.support.hierarchical.Node.around(Node.java:137)
	at org.junit.platform.engine.support.hierarchical.NodeTestTask.lambda$executeRecursively$9(NodeTestTask.java:139)
	at org.junit.platform.engine.support.hierarchical.ThrowableCollector.execute(ThrowableCollector.java:73)
	at org.junit.platform.engine.support.hierarchical.NodeTestTask.executeRecursively(NodeTestTask.java:138)
	at org.junit.platform.engine.support.hierarchical.NodeTestTask.execute(NodeTestTask.java:95)
	at org.junit.platform.engine.support.hierarchical.SameThreadHierarchicalTestExecutorService.submit(SameThreadHierarchicalTestExecutorService.java:35)
	at org.junit.platform.engine.support.hierarchical.HierarchicalTestExecutor.execute(HierarchicalTestExecutor.java:57)
	at org.junit.platform.engine.support.hierarchical.HierarchicalTestEngine.execute(HierarchicalTestEngine.java:54)
	at org.junit.platform.launcher.core.EngineExecutionOrchestrator.execute(EngineExecutionOrchestrator.java:198)
	at org.junit.platform.launcher.core.EngineExecutionOrchestrator.execute(EngineExecutionOrchestrator.java:169)
	at org.junit.platform.launcher.core.EngineExecutionOrchestrator.execute(EngineExecutionOrchestrator.java:93)
	at org.junit.platform.launcher.core.EngineExecutionOrchestrator.lambda$execute$0(EngineExecutionOrchestrator.java:58)
	at org.junit.platform.launcher.core.EngineExecutionOrchestrator.withInterceptedStreams(EngineExecutionOrchestrator.java:141)
	at org.junit.platform.launcher.core.EngineExecutionOrchestrator.execute(EngineExecutionOrchestrator.java:57)
	at org.junit.platform.launcher.core.DefaultLauncher.execute(DefaultLauncher.java:103)
	at org.junit.platform.launcher.core.DefaultLauncher.execute(DefaultLauncher.java:85)
	at org.junit.platform.launcher.core.DelegatingLauncher.execute(DelegatingLauncher.java:47)
	at org.junit.platform.launcher.core.SessionPerRequestLauncher.execute(SessionPerRequestLauncher.java:63)
	at com.intellij.junit5.JUnit5IdeaTestRunner.startRunnerWithArgs(JUnit5IdeaTestRunner.java:57)
	at com.intellij.rt.junit.IdeaTestRunner$Repeater$1.execute(IdeaTestRunner.java:38)
	at com.intellij.rt.execution.junit.TestsRepeater.repeat(TestsRepeater.java:11)
	at com.intellij.rt.junit.IdeaTestRunner$Repeater.startRunnerWithArgs(IdeaTestRunner.java:35)
	at com.intellij.rt.junit.JUnitStarter.prepareStreamsAndStart(JUnitStarter.java:232)
	at com.intellij.rt.junit.JUnitStarter.main(JUnitStarter.java:55)
Caused by: org.openqa.selenium.TimeoutException: Expected condition failed: waiting for lt.insoft.uztis.pages.SubmittedApplicationsPage$$Lambda/0x000002e2252b1638@6b4125ed (tried for 30 second(s) with 500 milliseconds interval)
Build info: version: '4.27.0', revision: 'd6e718d134'
System info: os.name: 'Windows 11', os.arch: 'amd64', os.version: '10.0', java.version: '21.0.3'
Driver info: org.openqa.selenium.chrome.ChromeDriver
Capabilities {acceptInsecureCerts: false, browserName: chrome, browserVersion: 138.0.7204.169, chrome: {chromedriverVersion: 138.0.7204.168 (3e8d82e86e9..., userDataDir: C:\Users\INGRID~1.ZAD\AppDa...}, fedcm:accounts: true, goog:chromeOptions: {debuggerAddress: localhost:56157}, networkConnectionEnabled: false, pageLoadStrategy: normal, platformName: windows, proxy: Proxy(), se:cdp: ws://localhost:56157/devtoo..., se:cdpVersion: 138.0.7204.169, setWindowRect: true, strictFileInteractability: false, timeouts: {implicit: 0, pageLoad: 300000, script: 30000}, unhandledPromptBehavior: dismiss and notify, webauthn:extension:credBlob: true, webauthn:extension:largeBlob: true, webauthn:extension:minPinLength: true, webauthn:extension:prf: true, webauthn:virtualAuthenticators: true}
Session ID: b56a32552924f71b37578f3d18ee76bd
	at org.openqa.selenium.support.ui.WebDriverWait.timeoutException(WebDriverWait.java:84)
	at org.openqa.selenium.support.ui.FluentWait.until(FluentWait.java:228)
	at lt.insoft.uztis.pages.SubmittedApplicationsPage.selectValueApplicant(SubmittedApplicationsPage.java:676)
	... 69 common frames omitted
2025-07-29 10:51:45 [main] INFO  lt.insoft.uztis.tests.UztisPageTest - Navigated to https://uztisdev.asseco.lt/home
2025-07-29 10:51:45 [main] INFO  l.i.u.t.SubmittedApplicationsPageTest - Starting test:'testFillNewDVPApplicationFA'
2025-07-29 10:51:45 [main] INFO  l.insoft.uztis.tests.utils.TestUtils - Login attempt with user: evaluation_chief
2025-07-29 10:51:45 [main] DEBUG l.i.u.t.SubmittedApplicationsPageTest - User logged in with test credentials
2025-07-29 10:51:46 [main] DEBUG l.i.u.t.SubmittedApplicationsPageTest - Opened 'Application Processing' menu.
2025-07-29 10:51:46 [main] DEBUG l.i.u.t.SubmittedApplicationsPageTest - Clicked on 'Application Forms' menu.
2025-07-29 10:51:47 [main] DEBUG l.i.u.t.SubmittedApplicationsPageTest - Retrieved last description code text: 'TST-DVP-42'.
2025-07-29 10:51:47 [main] DEBUG l.i.u.t.SubmittedApplicationsPageTest - Clicked on 'Invitation' menu.
2025-07-29 10:51:48 [main] DEBUG l.i.u.t.SubmittedApplicationsPageTest - Selected application section by code: 'TST-DVP-42'.
2025-07-29 10:51:49 [main] DEBUG l.i.u.t.SubmittedApplicationsPageTest - Clicked 'Search' button.
2025-07-29 10:51:49 [main] DEBUG l.i.u.t.SubmittedApplicationsPageTest - Retrieved invitation code: ''.
2025-07-29 10:51:49 [main] DEBUG l.i.u.t.SubmittedApplicationsPageTest - Clicked on 'Submitted Applications' menu.
2025-07-29 10:51:50 [main] DEBUG l.i.u.t.SubmittedApplicationsPageTest - Selected invitation by code: 'TST-DVP-42'.
2025-07-29 10:51:50 [main] DEBUG l.i.u.t.SubmittedApplicationsPageTest - Invitation code inserted.
2025-07-29 10:51:50 [main] DEBUG l.i.u.t.SubmittedApplicationsPageTest - Clicked on 'Action Application' button.
2025-07-29 10:51:51 [main] DEBUG l.i.u.t.SubmittedApplicationsPageTest - Clicked on 'New Application' button.
2025-07-29 10:51:51 [main] DEBUG l.i.u.t.SubmittedApplicationsPageTest - Selected the 'RadioButtonFA' option.
2025-07-29 10:51:51 [main] INFO  l.i.u.p.SubmittedApplicationsPage - Dropdown opened.
2025-07-29 10:51:51 [main] DEBUG l.i.u.p.SubmittedApplicationsPage - Entered search: 'PAVARDENIS GR777'
2025-07-29 10:51:51 [main] DEBUG l.i.u.p.SubmittedApplicationsPage - Found 1 options.
2025-07-29 10:51:51 [main] DEBUG l.i.u.p.SubmittedApplicationsPage - Option full text: 'close
Rezultatų nerasta'
2025-07-29 10:51:51 [main] WARN  l.i.u.p.SubmittedApplicationsPage - No option contains the text 'PAVARDENIS GR777'
2025-07-29 10:51:51 [main] ERROR l.i.u.p.SubmittedApplicationsPage - Nepavyko pasirinkti reikšmės 'PAVARDENIS GR777': Dropdown options did not contain text: PAVARDENIS GR777
java.lang.RuntimeException: Dropdown options did not contain text: PAVARDENIS GR777
	at lt.insoft.uztis.pages.SubmittedApplicationsPage.selectValueApplicant(SubmittedApplicationsPage.java:653)
	at lt.insoft.uztis.tests.SubmittedApplicationsPageTest.testFillNewDVPApplicationFA(SubmittedApplicationsPageTest.java:642)
	at java.base/jdk.internal.reflect.DirectMethodHandleAccessor.invoke(DirectMethodHandleAccessor.java:103)
	at java.base/java.lang.reflect.Method.invoke(Method.java:580)
	at org.junit.platform.commons.util.ReflectionUtils.invokeMethod(ReflectionUtils.java:728)
	at org.junit.jupiter.engine.execution.MethodInvocation.proceed(MethodInvocation.java:60)
	at org.junit.jupiter.engine.execution.InvocationInterceptorChain$ValidatingInvocation.proceed(InvocationInterceptorChain.java:131)
	at org.junit.jupiter.engine.extension.TimeoutExtension.intercept(TimeoutExtension.java:156)
	at org.junit.jupiter.engine.extension.TimeoutExtension.interceptTestableMethod(TimeoutExtension.java:147)
	at org.junit.jupiter.engine.extension.TimeoutExtension.interceptTestMethod(TimeoutExtension.java:86)
	at org.junit.jupiter.engine.execution.InterceptingExecutableInvoker$ReflectiveInterceptorCall.lambda$ofVoidMethod$0(InterceptingExecutableInvoker.java:103)
	at org.junit.jupiter.engine.execution.InterceptingExecutableInvoker.lambda$invoke$0(InterceptingExecutableInvoker.java:93)
	at org.junit.jupiter.engine.execution.InvocationInterceptorChain$InterceptedInvocation.proceed(InvocationInterceptorChain.java:106)
	at org.junit.jupiter.engine.execution.InvocationInterceptorChain.proceed(InvocationInterceptorChain.java:64)
	at org.junit.jupiter.engine.execution.InvocationInterceptorChain.chainAndInvoke(InvocationInterceptorChain.java:45)
	at org.junit.jupiter.engine.execution.InvocationInterceptorChain.invoke(InvocationInterceptorChain.java:37)
	at org.junit.jupiter.engine.execution.InterceptingExecutableInvoker.invoke(InterceptingExecutableInvoker.java:92)
	at org.junit.jupiter.engine.execution.InterceptingExecutableInvoker.invoke(InterceptingExecutableInvoker.java:86)
	at org.junit.jupiter.engine.descriptor.TestMethodTestDescriptor.lambda$invokeTestMethod$7(TestMethodTestDescriptor.java:218)
	at org.junit.platform.engine.support.hierarchical.ThrowableCollector.execute(ThrowableCollector.java:73)
	at org.junit.jupiter.engine.descriptor.TestMethodTestDescriptor.invokeTestMethod(TestMethodTestDescriptor.java:214)
	at org.junit.jupiter.engine.descriptor.TestMethodTestDescriptor.execute(TestMethodTestDescriptor.java:139)
	at org.junit.jupiter.engine.descriptor.TestMethodTestDescriptor.execute(TestMethodTestDescriptor.java:69)
	at org.junit.platform.engine.support.hierarchical.NodeTestTask.lambda$executeRecursively$6(NodeTestTask.java:151)
	at org.junit.platform.engine.support.hierarchical.ThrowableCollector.execute(ThrowableCollector.java:73)
	at org.junit.platform.engine.support.hierarchical.NodeTestTask.lambda$executeRecursively$8(NodeTestTask.java:141)
	at org.junit.platform.engine.support.hierarchical.Node.around(Node.java:137)
	at org.junit.platform.engine.support.hierarchical.NodeTestTask.lambda$executeRecursively$9(NodeTestTask.java:139)
	at org.junit.platform.engine.support.hierarchical.ThrowableCollector.execute(ThrowableCollector.java:73)
	at org.junit.platform.engine.support.hierarchical.NodeTestTask.executeRecursively(NodeTestTask.java:138)
	at org.junit.platform.engine.support.hierarchical.NodeTestTask.execute(NodeTestTask.java:95)
	at java.base/java.util.ArrayList.forEach(ArrayList.java:1596)
	at org.junit.platform.engine.support.hierarchical.SameThreadHierarchicalTestExecutorService.invokeAll(SameThreadHierarchicalTestExecutorService.java:41)
	at org.junit.platform.engine.support.hierarchical.NodeTestTask.lambda$executeRecursively$6(NodeTestTask.java:155)
	at org.junit.platform.engine.support.hierarchical.ThrowableCollector.execute(ThrowableCollector.java:73)
	at org.junit.platform.engine.support.hierarchical.NodeTestTask.lambda$executeRecursively$8(NodeTestTask.java:141)
	at org.junit.platform.engine.support.hierarchical.Node.around(Node.java:137)
	at org.junit.platform.engine.support.hierarchical.NodeTestTask.lambda$executeRecursively$9(NodeTestTask.java:139)
	at org.junit.platform.engine.support.hierarchical.ThrowableCollector.execute(ThrowableCollector.java:73)
	at org.junit.platform.engine.support.hierarchical.NodeTestTask.executeRecursively(NodeTestTask.java:138)
	at org.junit.platform.engine.support.hierarchical.NodeTestTask.execute(NodeTestTask.java:95)
	at java.base/java.util.ArrayList.forEach(ArrayList.java:1596)
	at org.junit.platform.engine.support.hierarchical.SameThreadHierarchicalTestExecutorService.invokeAll(SameThreadHierarchicalTestExecutorService.java:41)
	at org.junit.platform.engine.support.hierarchical.NodeTestTask.lambda$executeRecursively$6(NodeTestTask.java:155)
	at org.junit.platform.engine.support.hierarchical.ThrowableCollector.execute(ThrowableCollector.java:73)
	at org.junit.platform.engine.support.hierarchical.NodeTestTask.lambda$executeRecursively$8(NodeTestTask.java:141)
	at org.junit.platform.engine.support.hierarchical.Node.around(Node.java:137)
	at org.junit.platform.engine.support.hierarchical.NodeTestTask.lambda$executeRecursively$9(NodeTestTask.java:139)
	at org.junit.platform.engine.support.hierarchical.ThrowableCollector.execute(ThrowableCollector.java:73)
	at org.junit.platform.engine.support.hierarchical.NodeTestTask.executeRecursively(NodeTestTask.java:138)
	at org.junit.platform.engine.support.hierarchical.NodeTestTask.execute(NodeTestTask.java:95)
	at org.junit.platform.engine.support.hierarchical.SameThreadHierarchicalTestExecutorService.submit(SameThreadHierarchicalTestExecutorService.java:35)
	at org.junit.platform.engine.support.hierarchical.HierarchicalTestExecutor.execute(HierarchicalTestExecutor.java:57)
	at org.junit.platform.engine.support.hierarchical.HierarchicalTestEngine.execute(HierarchicalTestEngine.java:54)
	at org.junit.platform.launcher.core.EngineExecutionOrchestrator.execute(EngineExecutionOrchestrator.java:198)
	at org.junit.platform.launcher.core.EngineExecutionOrchestrator.execute(EngineExecutionOrchestrator.java:169)
	at org.junit.platform.launcher.core.EngineExecutionOrchestrator.execute(EngineExecutionOrchestrator.java:93)
	at org.junit.platform.launcher.core.EngineExecutionOrchestrator.lambda$execute$0(EngineExecutionOrchestrator.java:58)
	at org.junit.platform.launcher.core.EngineExecutionOrchestrator.withInterceptedStreams(EngineExecutionOrchestrator.java:141)
	at org.junit.platform.launcher.core.EngineExecutionOrchestrator.execute(EngineExecutionOrchestrator.java:57)
	at org.junit.platform.launcher.core.DefaultLauncher.execute(DefaultLauncher.java:103)
	at org.junit.platform.launcher.core.DefaultLauncher.execute(DefaultLauncher.java:85)
	at org.junit.platform.launcher.core.DelegatingLauncher.execute(DelegatingLauncher.java:47)
	at org.junit.platform.launcher.core.SessionPerRequestLauncher.execute(SessionPerRequestLauncher.java:63)
	at com.intellij.junit5.JUnit5IdeaTestRunner.startRunnerWithArgs(JUnit5IdeaTestRunner.java:57)
	at com.intellij.rt.junit.IdeaTestRunner$Repeater$1.execute(IdeaTestRunner.java:38)
	at com.intellij.rt.execution.junit.TestsRepeater.repeat(TestsRepeater.java:11)
	at com.intellij.rt.junit.IdeaTestRunner$Repeater.startRunnerWithArgs(IdeaTestRunner.java:35)
	at com.intellij.rt.junit.JUnitStarter.prepareStreamsAndStart(JUnitStarter.java:232)
	at com.intellij.rt.junit.JUnitStarter.main(JUnitStarter.java:55)
2025-07-29 10:51:51 [main] ERROR l.i.u.t.SubmittedApplicationsPageTest - Test 'testFillNewDVPApplicationFA' failed with error: Nepavyko pasirinkti reikšmės iš dropdown'o: PAVARDENIS GR777
java.lang.RuntimeException: Nepavyko pasirinkti reikšmės iš dropdown'o: PAVARDENIS GR777
	at lt.insoft.uztis.pages.SubmittedApplicationsPage.selectValueApplicant(SubmittedApplicationsPage.java:689)
	at lt.insoft.uztis.tests.SubmittedApplicationsPageTest.testFillNewDVPApplicationFA(SubmittedApplicationsPageTest.java:642)
	at java.base/jdk.internal.reflect.DirectMethodHandleAccessor.invoke(DirectMethodHandleAccessor.java:103)
	at java.base/java.lang.reflect.Method.invoke(Method.java:580)
	at org.junit.platform.commons.util.ReflectionUtils.invokeMethod(ReflectionUtils.java:728)
	at org.junit.jupiter.engine.execution.MethodInvocation.proceed(MethodInvocation.java:60)
	at org.junit.jupiter.engine.execution.InvocationInterceptorChain$ValidatingInvocation.proceed(InvocationInterceptorChain.java:131)
	at org.junit.jupiter.engine.extension.TimeoutExtension.intercept(TimeoutExtension.java:156)
	at org.junit.jupiter.engine.extension.TimeoutExtension.interceptTestableMethod(TimeoutExtension.java:147)
	at org.junit.jupiter.engine.extension.TimeoutExtension.interceptTestMethod(TimeoutExtension.java:86)
	at org.junit.jupiter.engine.execution.InterceptingExecutableInvoker$ReflectiveInterceptorCall.lambda$ofVoidMethod$0(InterceptingExecutableInvoker.java:103)
	at org.junit.jupiter.engine.execution.InterceptingExecutableInvoker.lambda$invoke$0(InterceptingExecutableInvoker.java:93)
	at org.junit.jupiter.engine.execution.InvocationInterceptorChain$InterceptedInvocation.proceed(InvocationInterceptorChain.java:106)
	at org.junit.jupiter.engine.execution.InvocationInterceptorChain.proceed(InvocationInterceptorChain.java:64)
	at org.junit.jupiter.engine.execution.InvocationInterceptorChain.chainAndInvoke(InvocationInterceptorChain.java:45)
	at org.junit.jupiter.engine.execution.InvocationInterceptorChain.invoke(InvocationInterceptorChain.java:37)
	at org.junit.jupiter.engine.execution.InterceptingExecutableInvoker.invoke(InterceptingExecutableInvoker.java:92)
	at org.junit.jupiter.engine.execution.InterceptingExecutableInvoker.invoke(InterceptingExecutableInvoker.java:86)
	at org.junit.jupiter.engine.descriptor.TestMethodTestDescriptor.lambda$invokeTestMethod$7(TestMethodTestDescriptor.java:218)
	at org.junit.platform.engine.support.hierarchical.ThrowableCollector.execute(ThrowableCollector.java:73)
	at org.junit.jupiter.engine.descriptor.TestMethodTestDescriptor.invokeTestMethod(TestMethodTestDescriptor.java:214)
	at org.junit.jupiter.engine.descriptor.TestMethodTestDescriptor.execute(TestMethodTestDescriptor.java:139)
	at org.junit.jupiter.engine.descriptor.TestMethodTestDescriptor.execute(TestMethodTestDescriptor.java:69)
	at org.junit.platform.engine.support.hierarchical.NodeTestTask.lambda$executeRecursively$6(NodeTestTask.java:151)
	at org.junit.platform.engine.support.hierarchical.ThrowableCollector.execute(ThrowableCollector.java:73)
	at org.junit.platform.engine.support.hierarchical.NodeTestTask.lambda$executeRecursively$8(NodeTestTask.java:141)
	at org.junit.platform.engine.support.hierarchical.Node.around(Node.java:137)
	at org.junit.platform.engine.support.hierarchical.NodeTestTask.lambda$executeRecursively$9(NodeTestTask.java:139)
	at org.junit.platform.engine.support.hierarchical.ThrowableCollector.execute(ThrowableCollector.java:73)
	at org.junit.platform.engine.support.hierarchical.NodeTestTask.executeRecursively(NodeTestTask.java:138)
	at org.junit.platform.engine.support.hierarchical.NodeTestTask.execute(NodeTestTask.java:95)
	at java.base/java.util.ArrayList.forEach(ArrayList.java:1596)
	at org.junit.platform.engine.support.hierarchical.SameThreadHierarchicalTestExecutorService.invokeAll(SameThreadHierarchicalTestExecutorService.java:41)
	at org.junit.platform.engine.support.hierarchical.NodeTestTask.lambda$executeRecursively$6(NodeTestTask.java:155)
	at org.junit.platform.engine.support.hierarchical.ThrowableCollector.execute(ThrowableCollector.java:73)
	at org.junit.platform.engine.support.hierarchical.NodeTestTask.lambda$executeRecursively$8(NodeTestTask.java:141)
	at org.junit.platform.engine.support.hierarchical.Node.around(Node.java:137)
	at org.junit.platform.engine.support.hierarchical.NodeTestTask.lambda$executeRecursively$9(NodeTestTask.java:139)
	at org.junit.platform.engine.support.hierarchical.ThrowableCollector.execute(ThrowableCollector.java:73)
	at org.junit.platform.engine.support.hierarchical.NodeTestTask.executeRecursively(NodeTestTask.java:138)
	at org.junit.platform.engine.support.hierarchical.NodeTestTask.execute(NodeTestTask.java:95)
	at java.base/java.util.ArrayList.forEach(ArrayList.java:1596)
	at org.junit.platform.engine.support.hierarchical.SameThreadHierarchicalTestExecutorService.invokeAll(SameThreadHierarchicalTestExecutorService.java:41)
	at org.junit.platform.engine.support.hierarchical.NodeTestTask.lambda$executeRecursively$6(NodeTestTask.java:155)
	at org.junit.platform.engine.support.hierarchical.ThrowableCollector.execute(ThrowableCollector.java:73)
	at org.junit.platform.engine.support.hierarchical.NodeTestTask.lambda$executeRecursively$8(NodeTestTask.java:141)
	at org.junit.platform.engine.support.hierarchical.Node.around(Node.java:137)
	at org.junit.platform.engine.support.hierarchical.NodeTestTask.lambda$executeRecursively$9(NodeTestTask.java:139)
	at org.junit.platform.engine.support.hierarchical.ThrowableCollector.execute(ThrowableCollector.java:73)
	at org.junit.platform.engine.support.hierarchical.NodeTestTask.executeRecursively(NodeTestTask.java:138)
	at org.junit.platform.engine.support.hierarchical.NodeTestTask.execute(NodeTestTask.java:95)
	at org.junit.platform.engine.support.hierarchical.SameThreadHierarchicalTestExecutorService.submit(SameThreadHierarchicalTestExecutorService.java:35)
	at org.junit.platform.engine.support.hierarchical.HierarchicalTestExecutor.execute(HierarchicalTestExecutor.java:57)
	at org.junit.platform.engine.support.hierarchical.HierarchicalTestEngine.execute(HierarchicalTestEngine.java:54)
	at org.junit.platform.launcher.core.EngineExecutionOrchestrator.execute(EngineExecutionOrchestrator.java:198)
	at org.junit.platform.launcher.core.EngineExecutionOrchestrator.execute(EngineExecutionOrchestrator.java:169)
	at org.junit.platform.launcher.core.EngineExecutionOrchestrator.execute(EngineExecutionOrchestrator.java:93)
	at org.junit.platform.launcher.core.EngineExecutionOrchestrator.lambda$execute$0(EngineExecutionOrchestrator.java:58)
	at org.junit.platform.launcher.core.EngineExecutionOrchestrator.withInterceptedStreams(EngineExecutionOrchestrator.java:141)
	at org.junit.platform.launcher.core.EngineExecutionOrchestrator.execute(EngineExecutionOrchestrator.java:57)
	at org.junit.platform.launcher.core.DefaultLauncher.execute(DefaultLauncher.java:103)
	at org.junit.platform.launcher.core.DefaultLauncher.execute(DefaultLauncher.java:85)
	at org.junit.platform.launcher.core.DelegatingLauncher.execute(DelegatingLauncher.java:47)
	at org.junit.platform.launcher.core.SessionPerRequestLauncher.execute(SessionPerRequestLauncher.java:63)
	at com.intellij.junit5.JUnit5IdeaTestRunner.startRunnerWithArgs(JUnit5IdeaTestRunner.java:57)
	at com.intellij.rt.junit.IdeaTestRunner$Repeater$1.execute(IdeaTestRunner.java:38)
	at com.intellij.rt.execution.junit.TestsRepeater.repeat(TestsRepeater.java:11)
	at com.intellij.rt.junit.IdeaTestRunner$Repeater.startRunnerWithArgs(IdeaTestRunner.java:35)
	at com.intellij.rt.junit.JUnitStarter.prepareStreamsAndStart(JUnitStarter.java:232)
	at com.intellij.rt.junit.JUnitStarter.main(JUnitStarter.java:55)
Caused by: java.lang.RuntimeException: Dropdown options did not contain text: PAVARDENIS GR777
	at lt.insoft.uztis.pages.SubmittedApplicationsPage.selectValueApplicant(SubmittedApplicationsPage.java:653)
	... 69 common frames omitted
2025-07-29 10:51:52 [main] INFO  l.insoft.uztis.tests.utils.TestUtils - Screenshot moved to C:\Users\ingrida.zadorozniene\Desktop\Asm\UZTIS\UZTIS_tests\test-output\screenshots\20250729\105152081_testFillNewDVPApplicationFA().png
2025-07-29 10:55:23 [main] INFO  lt.insoft.uztis.tests.UztisPageTest - Navigated to https://uztisdev.asseco.lt/home
2025-07-29 10:55:23 [main] INFO  l.i.u.t.SubmittedApplicationsPageTest - Starting test:'testFillNewDVPApplicationFA'
2025-07-29 10:55:24 [main] INFO  l.insoft.uztis.tests.utils.TestUtils - Login attempt with user: evaluation_chief
2025-07-29 10:55:24 [main] DEBUG l.i.u.t.SubmittedApplicationsPageTest - User logged in with test credentials
2025-07-29 10:55:24 [main] DEBUG l.i.u.t.SubmittedApplicationsPageTest - Opened 'Application Processing' menu.
2025-07-29 10:55:24 [main] DEBUG l.i.u.t.SubmittedApplicationsPageTest - Clicked on 'Application Forms' menu.
2025-07-29 10:55:24 [main] DEBUG l.i.u.t.SubmittedApplicationsPageTest - Retrieved last description code text: 'TST-DVP-42'.
2025-07-29 10:55:24 [main] DEBUG l.i.u.t.SubmittedApplicationsPageTest - Clicked on 'Invitation' menu.
2025-07-29 10:55:26 [main] DEBUG l.i.u.t.SubmittedApplicationsPageTest - Selected application section by code: 'TST-DVP-42'.
2025-07-29 10:55:26 [main] DEBUG l.i.u.t.SubmittedApplicationsPageTest - Clicked 'Search' button.
2025-07-29 10:55:26 [main] DEBUG l.i.u.t.SubmittedApplicationsPageTest - Retrieved invitation code: ''.
2025-07-29 10:55:26 [main] DEBUG l.i.u.t.SubmittedApplicationsPageTest - Clicked on 'Submitted Applications' menu.
2025-07-29 10:55:28 [main] DEBUG l.i.u.t.SubmittedApplicationsPageTest - Selected invitation by code: 'TST-DVP-42'.
2025-07-29 10:55:28 [main] DEBUG l.i.u.t.SubmittedApplicationsPageTest - Invitation code inserted.
2025-07-29 10:55:28 [main] DEBUG l.i.u.t.SubmittedApplicationsPageTest - Clicked on 'Action Application' button.
2025-07-29 10:55:28 [main] DEBUG l.i.u.t.SubmittedApplicationsPageTest - Clicked on 'New Application' button.
2025-07-29 10:55:28 [main] DEBUG l.i.u.t.SubmittedApplicationsPageTest - Selected the 'RadioButtonFA' option.
2025-07-29 10:55:29 [main] INFO  l.i.u.p.SubmittedApplicationsPage - Dropdown opened.
2025-07-29 10:55:29 [main] DEBUG l.i.u.p.SubmittedApplicationsPage - Entered search text: 'PAVARDENIS GR777'
2025-07-29 10:55:29 [main] DEBUG l.i.u.p.SubmittedApplicationsPage - Found 1 options.
2025-07-29 10:55:29 [main] INFO  l.i.u.p.SubmittedApplicationsPage - Clicked on first found option: 'close
Rezultatų nerasta'
2025-07-29 10:55:59 [main] ERROR l.i.u.p.SubmittedApplicationsPage - Nepavyko pasirinkti reikšmės 'PAVARDENIS GR777': Expected condition failed: waiting for element to no longer be visible: By.cssSelector: mat-option (tried for 30 second(s) with 500 milliseconds interval)
Build info: version: '4.27.0', revision: 'd6e718d134'
System info: os.name: 'Windows 11', os.arch: 'amd64', os.version: '10.0', java.version: '21.0.3'
Driver info: org.openqa.selenium.chrome.ChromeDriver
Capabilities {acceptInsecureCerts: false, browserName: chrome, browserVersion: 138.0.7204.169, chrome: {chromedriverVersion: 138.0.7204.168 (3e8d82e86e9..., userDataDir: C:\Users\INGRID~1.ZAD\AppDa...}, fedcm:accounts: true, goog:chromeOptions: {debuggerAddress: localhost:56889}, networkConnectionEnabled: false, pageLoadStrategy: normal, platformName: windows, proxy: Proxy(), se:cdp: ws://localhost:56889/devtoo..., se:cdpVersion: 138.0.7204.169, setWindowRect: true, strictFileInteractability: false, timeouts: {implicit: 0, pageLoad: 300000, script: 30000}, unhandledPromptBehavior: dismiss and notify, webauthn:extension:credBlob: true, webauthn:extension:largeBlob: true, webauthn:extension:minPinLength: true, webauthn:extension:prf: true, webauthn:virtualAuthenticators: true}
Session ID: 5239f7c43de29633abb0af07d1f6cee9
org.openqa.selenium.TimeoutException: Expected condition failed: waiting for element to no longer be visible: By.cssSelector: mat-option (tried for 30 second(s) with 500 milliseconds interval)
Build info: version: '4.27.0', revision: 'd6e718d134'
System info: os.name: 'Windows 11', os.arch: 'amd64', os.version: '10.0', java.version: '21.0.3'
Driver info: org.openqa.selenium.chrome.ChromeDriver
Capabilities {acceptInsecureCerts: false, browserName: chrome, browserVersion: 138.0.7204.169, chrome: {chromedriverVersion: 138.0.7204.168 (3e8d82e86e9..., userDataDir: C:\Users\INGRID~1.ZAD\AppDa...}, fedcm:accounts: true, goog:chromeOptions: {debuggerAddress: localhost:56889}, networkConnectionEnabled: false, pageLoadStrategy: normal, platformName: windows, proxy: Proxy(), se:cdp: ws://localhost:56889/devtoo..., se:cdpVersion: 138.0.7204.169, setWindowRect: true, strictFileInteractability: false, timeouts: {implicit: 0, pageLoad: 300000, script: 30000}, unhandledPromptBehavior: dismiss and notify, webauthn:extension:credBlob: true, webauthn:extension:largeBlob: true, webauthn:extension:minPinLength: true, webauthn:extension:prf: true, webauthn:virtualAuthenticators: true}
Session ID: 5239f7c43de29633abb0af07d1f6cee9
	at org.openqa.selenium.support.ui.WebDriverWait.timeoutException(WebDriverWait.java:84)
	at org.openqa.selenium.support.ui.FluentWait.until(FluentWait.java:228)
	at lt.insoft.uztis.pages.SubmittedApplicationsPage.selectValueApplicant(SubmittedApplicationsPage.java:645)
	at lt.insoft.uztis.tests.SubmittedApplicationsPageTest.testFillNewDVPApplicationFA(SubmittedApplicationsPageTest.java:642)
	at java.base/jdk.internal.reflect.DirectMethodHandleAccessor.invoke(DirectMethodHandleAccessor.java:103)
	at java.base/java.lang.reflect.Method.invoke(Method.java:580)
	at org.junit.platform.commons.util.ReflectionUtils.invokeMethod(ReflectionUtils.java:728)
	at org.junit.jupiter.engine.execution.MethodInvocation.proceed(MethodInvocation.java:60)
	at org.junit.jupiter.engine.execution.InvocationInterceptorChain$ValidatingInvocation.proceed(InvocationInterceptorChain.java:131)
	at org.junit.jupiter.engine.extension.TimeoutExtension.intercept(TimeoutExtension.java:156)
	at org.junit.jupiter.engine.extension.TimeoutExtension.interceptTestableMethod(TimeoutExtension.java:147)
	at org.junit.jupiter.engine.extension.TimeoutExtension.interceptTestMethod(TimeoutExtension.java:86)
	at org.junit.jupiter.engine.execution.InterceptingExecutableInvoker$ReflectiveInterceptorCall.lambda$ofVoidMethod$0(InterceptingExecutableInvoker.java:103)
	at org.junit.jupiter.engine.execution.InterceptingExecutableInvoker.lambda$invoke$0(InterceptingExecutableInvoker.java:93)
	at org.junit.jupiter.engine.execution.InvocationInterceptorChain$InterceptedInvocation.proceed(InvocationInterceptorChain.java:106)
	at org.junit.jupiter.engine.execution.InvocationInterceptorChain.proceed(InvocationInterceptorChain.java:64)
	at org.junit.jupiter.engine.execution.InvocationInterceptorChain.chainAndInvoke(InvocationInterceptorChain.java:45)
	at org.junit.jupiter.engine.execution.InvocationInterceptorChain.invoke(InvocationInterceptorChain.java:37)
	at org.junit.jupiter.engine.execution.InterceptingExecutableInvoker.invoke(InterceptingExecutableInvoker.java:92)
	at org.junit.jupiter.engine.execution.InterceptingExecutableInvoker.invoke(InterceptingExecutableInvoker.java:86)
	at org.junit.jupiter.engine.descriptor.TestMethodTestDescriptor.lambda$invokeTestMethod$7(TestMethodTestDescriptor.java:218)
	at org.junit.platform.engine.support.hierarchical.ThrowableCollector.execute(ThrowableCollector.java:73)
	at org.junit.jupiter.engine.descriptor.TestMethodTestDescriptor.invokeTestMethod(TestMethodTestDescriptor.java:214)
	at org.junit.jupiter.engine.descriptor.TestMethodTestDescriptor.execute(TestMethodTestDescriptor.java:139)
	at org.junit.jupiter.engine.descriptor.TestMethodTestDescriptor.execute(TestMethodTestDescriptor.java:69)
	at org.junit.platform.engine.support.hierarchical.NodeTestTask.lambda$executeRecursively$6(NodeTestTask.java:151)
	at org.junit.platform.engine.support.hierarchical.ThrowableCollector.execute(ThrowableCollector.java:73)
	at org.junit.platform.engine.support.hierarchical.NodeTestTask.lambda$executeRecursively$8(NodeTestTask.java:141)
	at org.junit.platform.engine.support.hierarchical.Node.around(Node.java:137)
	at org.junit.platform.engine.support.hierarchical.NodeTestTask.lambda$executeRecursively$9(NodeTestTask.java:139)
	at org.junit.platform.engine.support.hierarchical.ThrowableCollector.execute(ThrowableCollector.java:73)
	at org.junit.platform.engine.support.hierarchical.NodeTestTask.executeRecursively(NodeTestTask.java:138)
	at org.junit.platform.engine.support.hierarchical.NodeTestTask.execute(NodeTestTask.java:95)
	at java.base/java.util.ArrayList.forEach(ArrayList.java:1596)
	at org.junit.platform.engine.support.hierarchical.SameThreadHierarchicalTestExecutorService.invokeAll(SameThreadHierarchicalTestExecutorService.java:41)
	at org.junit.platform.engine.support.hierarchical.NodeTestTask.lambda$executeRecursively$6(NodeTestTask.java:155)
	at org.junit.platform.engine.support.hierarchical.ThrowableCollector.execute(ThrowableCollector.java:73)
	at org.junit.platform.engine.support.hierarchical.NodeTestTask.lambda$executeRecursively$8(NodeTestTask.java:141)
	at org.junit.platform.engine.support.hierarchical.Node.around(Node.java:137)
	at org.junit.platform.engine.support.hierarchical.NodeTestTask.lambda$executeRecursively$9(NodeTestTask.java:139)
	at org.junit.platform.engine.support.hierarchical.ThrowableCollector.execute(ThrowableCollector.java:73)
	at org.junit.platform.engine.support.hierarchical.NodeTestTask.executeRecursively(NodeTestTask.java:138)
	at org.junit.platform.engine.support.hierarchical.NodeTestTask.execute(NodeTestTask.java:95)
	at java.base/java.util.ArrayList.forEach(ArrayList.java:1596)
	at org.junit.platform.engine.support.hierarchical.SameThreadHierarchicalTestExecutorService.invokeAll(SameThreadHierarchicalTestExecutorService.java:41)
	at org.junit.platform.engine.support.hierarchical.NodeTestTask.lambda$executeRecursively$6(NodeTestTask.java:155)
	at org.junit.platform.engine.support.hierarchical.ThrowableCollector.execute(ThrowableCollector.java:73)
	at org.junit.platform.engine.support.hierarchical.NodeTestTask.lambda$executeRecursively$8(NodeTestTask.java:141)
	at org.junit.platform.engine.support.hierarchical.Node.around(Node.java:137)
	at org.junit.platform.engine.support.hierarchical.NodeTestTask.lambda$executeRecursively$9(NodeTestTask.java:139)
	at org.junit.platform.engine.support.hierarchical.ThrowableCollector.execute(ThrowableCollector.java:73)
	at org.junit.platform.engine.support.hierarchical.NodeTestTask.executeRecursively(NodeTestTask.java:138)
	at org.junit.platform.engine.support.hierarchical.NodeTestTask.execute(NodeTestTask.java:95)
	at org.junit.platform.engine.support.hierarchical.SameThreadHierarchicalTestExecutorService.submit(SameThreadHierarchicalTestExecutorService.java:35)
	at org.junit.platform.engine.support.hierarchical.HierarchicalTestExecutor.execute(HierarchicalTestExecutor.java:57)
	at org.junit.platform.engine.support.hierarchical.HierarchicalTestEngine.execute(HierarchicalTestEngine.java:54)
	at org.junit.platform.launcher.core.EngineExecutionOrchestrator.execute(EngineExecutionOrchestrator.java:198)
	at org.junit.platform.launcher.core.EngineExecutionOrchestrator.execute(EngineExecutionOrchestrator.java:169)
	at org.junit.platform.launcher.core.EngineExecutionOrchestrator.execute(EngineExecutionOrchestrator.java:93)
	at org.junit.platform.launcher.core.EngineExecutionOrchestrator.lambda$execute$0(EngineExecutionOrchestrator.java:58)
	at org.junit.platform.launcher.core.EngineExecutionOrchestrator.withInterceptedStreams(EngineExecutionOrchestrator.java:141)
	at org.junit.platform.launcher.core.EngineExecutionOrchestrator.execute(EngineExecutionOrchestrator.java:57)
	at org.junit.platform.launcher.core.DefaultLauncher.execute(DefaultLauncher.java:103)
	at org.junit.platform.launcher.core.DefaultLauncher.execute(DefaultLauncher.java:85)
	at org.junit.platform.launcher.core.DelegatingLauncher.execute(DelegatingLauncher.java:47)
	at org.junit.platform.launcher.core.SessionPerRequestLauncher.execute(SessionPerRequestLauncher.java:63)
	at com.intellij.junit5.JUnit5IdeaTestRunner.startRunnerWithArgs(JUnit5IdeaTestRunner.java:57)
	at com.intellij.rt.junit.IdeaTestRunner$Repeater$1.execute(IdeaTestRunner.java:38)
	at com.intellij.rt.execution.junit.TestsRepeater.repeat(TestsRepeater.java:11)
	at com.intellij.rt.junit.IdeaTestRunner$Repeater.startRunnerWithArgs(IdeaTestRunner.java:35)
	at com.intellij.rt.junit.JUnitStarter.prepareStreamsAndStart(JUnitStarter.java:232)
	at com.intellij.rt.junit.JUnitStarter.main(JUnitStarter.java:55)
2025-07-29 10:55:59 [main] ERROR l.i.u.t.SubmittedApplicationsPageTest - Test 'testFillNewDVPApplicationFA' failed with error: Nepavyko pasirinkti reikšmės iš dropdown'o: PAVARDENIS GR777
java.lang.RuntimeException: Nepavyko pasirinkti reikšmės iš dropdown'o: PAVARDENIS GR777
	at lt.insoft.uztis.pages.SubmittedApplicationsPage.selectValueApplicant(SubmittedApplicationsPage.java:651)
	at lt.insoft.uztis.tests.SubmittedApplicationsPageTest.testFillNewDVPApplicationFA(SubmittedApplicationsPageTest.java:642)
	at java.base/jdk.internal.reflect.DirectMethodHandleAccessor.invoke(DirectMethodHandleAccessor.java:103)
	at java.base/java.lang.reflect.Method.invoke(Method.java:580)
	at org.junit.platform.commons.util.ReflectionUtils.invokeMethod(ReflectionUtils.java:728)
	at org.junit.jupiter.engine.execution.MethodInvocation.proceed(MethodInvocation.java:60)
	at org.junit.jupiter.engine.execution.InvocationInterceptorChain$ValidatingInvocation.proceed(InvocationInterceptorChain.java:131)
	at org.junit.jupiter.engine.extension.TimeoutExtension.intercept(TimeoutExtension.java:156)
	at org.junit.jupiter.engine.extension.TimeoutExtension.interceptTestableMethod(TimeoutExtension.java:147)
	at org.junit.jupiter.engine.extension.TimeoutExtension.interceptTestMethod(TimeoutExtension.java:86)
	at org.junit.jupiter.engine.execution.InterceptingExecutableInvoker$ReflectiveInterceptorCall.lambda$ofVoidMethod$0(InterceptingExecutableInvoker.java:103)
	at org.junit.jupiter.engine.execution.InterceptingExecutableInvoker.lambda$invoke$0(InterceptingExecutableInvoker.java:93)
	at org.junit.jupiter.engine.execution.InvocationInterceptorChain$InterceptedInvocation.proceed(InvocationInterceptorChain.java:106)
	at org.junit.jupiter.engine.execution.InvocationInterceptorChain.proceed(InvocationInterceptorChain.java:64)
	at org.junit.jupiter.engine.execution.InvocationInterceptorChain.chainAndInvoke(InvocationInterceptorChain.java:45)
	at org.junit.jupiter.engine.execution.InvocationInterceptorChain.invoke(InvocationInterceptorChain.java:37)
	at org.junit.jupiter.engine.execution.InterceptingExecutableInvoker.invoke(InterceptingExecutableInvoker.java:92)
	at org.junit.jupiter.engine.execution.InterceptingExecutableInvoker.invoke(InterceptingExecutableInvoker.java:86)
	at org.junit.jupiter.engine.descriptor.TestMethodTestDescriptor.lambda$invokeTestMethod$7(TestMethodTestDescriptor.java:218)
	at org.junit.platform.engine.support.hierarchical.ThrowableCollector.execute(ThrowableCollector.java:73)
	at org.junit.jupiter.engine.descriptor.TestMethodTestDescriptor.invokeTestMethod(TestMethodTestDescriptor.java:214)
	at org.junit.jupiter.engine.descriptor.TestMethodTestDescriptor.execute(TestMethodTestDescriptor.java:139)
	at org.junit.jupiter.engine.descriptor.TestMethodTestDescriptor.execute(TestMethodTestDescriptor.java:69)
	at org.junit.platform.engine.support.hierarchical.NodeTestTask.lambda$executeRecursively$6(NodeTestTask.java:151)
	at org.junit.platform.engine.support.hierarchical.ThrowableCollector.execute(ThrowableCollector.java:73)
	at org.junit.platform.engine.support.hierarchical.NodeTestTask.lambda$executeRecursively$8(NodeTestTask.java:141)
	at org.junit.platform.engine.support.hierarchical.Node.around(Node.java:137)
	at org.junit.platform.engine.support.hierarchical.NodeTestTask.lambda$executeRecursively$9(NodeTestTask.java:139)
	at org.junit.platform.engine.support.hierarchical.ThrowableCollector.execute(ThrowableCollector.java:73)
	at org.junit.platform.engine.support.hierarchical.NodeTestTask.executeRecursively(NodeTestTask.java:138)
	at org.junit.platform.engine.support.hierarchical.NodeTestTask.execute(NodeTestTask.java:95)
	at java.base/java.util.ArrayList.forEach(ArrayList.java:1596)
	at org.junit.platform.engine.support.hierarchical.SameThreadHierarchicalTestExecutorService.invokeAll(SameThreadHierarchicalTestExecutorService.java:41)
	at org.junit.platform.engine.support.hierarchical.NodeTestTask.lambda$executeRecursively$6(NodeTestTask.java:155)
	at org.junit.platform.engine.support.hierarchical.ThrowableCollector.execute(ThrowableCollector.java:73)
	at org.junit.platform.engine.support.hierarchical.NodeTestTask.lambda$executeRecursively$8(NodeTestTask.java:141)
	at org.junit.platform.engine.support.hierarchical.Node.around(Node.java:137)
	at org.junit.platform.engine.support.hierarchical.NodeTestTask.lambda$executeRecursively$9(NodeTestTask.java:139)
	at org.junit.platform.engine.support.hierarchical.ThrowableCollector.execute(ThrowableCollector.java:73)
	at org.junit.platform.engine.support.hierarchical.NodeTestTask.executeRecursively(NodeTestTask.java:138)
	at org.junit.platform.engine.support.hierarchical.NodeTestTask.execute(NodeTestTask.java:95)
	at java.base/java.util.ArrayList.forEach(ArrayList.java:1596)
	at org.junit.platform.engine.support.hierarchical.SameThreadHierarchicalTestExecutorService.invokeAll(SameThreadHierarchicalTestExecutorService.java:41)
	at org.junit.platform.engine.support.hierarchical.NodeTestTask.lambda$executeRecursively$6(NodeTestTask.java:155)
	at org.junit.platform.engine.support.hierarchical.ThrowableCollector.execute(ThrowableCollector.java:73)
	at org.junit.platform.engine.support.hierarchical.NodeTestTask.lambda$executeRecursively$8(NodeTestTask.java:141)
	at org.junit.platform.engine.support.hierarchical.Node.around(Node.java:137)
	at org.junit.platform.engine.support.hierarchical.NodeTestTask.lambda$executeRecursively$9(NodeTestTask.java:139)
	at org.junit.platform.engine.support.hierarchical.ThrowableCollector.execute(ThrowableCollector.java:73)
	at org.junit.platform.engine.support.hierarchical.NodeTestTask.executeRecursively(NodeTestTask.java:138)
	at org.junit.platform.engine.support.hierarchical.NodeTestTask.execute(NodeTestTask.java:95)
	at org.junit.platform.engine.support.hierarchical.SameThreadHierarchicalTestExecutorService.submit(SameThreadHierarchicalTestExecutorService.java:35)
	at org.junit.platform.engine.support.hierarchical.HierarchicalTestExecutor.execute(HierarchicalTestExecutor.java:57)
	at org.junit.platform.engine.support.hierarchical.HierarchicalTestEngine.execute(HierarchicalTestEngine.java:54)
	at org.junit.platform.launcher.core.EngineExecutionOrchestrator.execute(EngineExecutionOrchestrator.java:198)
	at org.junit.platform.launcher.core.EngineExecutionOrchestrator.execute(EngineExecutionOrchestrator.java:169)
	at org.junit.platform.launcher.core.EngineExecutionOrchestrator.execute(EngineExecutionOrchestrator.java:93)
	at org.junit.platform.launcher.core.EngineExecutionOrchestrator.lambda$execute$0(EngineExecutionOrchestrator.java:58)
	at org.junit.platform.launcher.core.EngineExecutionOrchestrator.withInterceptedStreams(EngineExecutionOrchestrator.java:141)
	at org.junit.platform.launcher.core.EngineExecutionOrchestrator.execute(EngineExecutionOrchestrator.java:57)
	at org.junit.platform.launcher.core.DefaultLauncher.execute(DefaultLauncher.java:103)
	at org.junit.platform.launcher.core.DefaultLauncher.execute(DefaultLauncher.java:85)
	at org.junit.platform.launcher.core.DelegatingLauncher.execute(DelegatingLauncher.java:47)
	at org.junit.platform.launcher.core.SessionPerRequestLauncher.execute(SessionPerRequestLauncher.java:63)
	at com.intellij.junit5.JUnit5IdeaTestRunner.startRunnerWithArgs(JUnit5IdeaTestRunner.java:57)
	at com.intellij.rt.junit.IdeaTestRunner$Repeater$1.execute(IdeaTestRunner.java:38)
	at com.intellij.rt.execution.junit.TestsRepeater.repeat(TestsRepeater.java:11)
	at com.intellij.rt.junit.IdeaTestRunner$Repeater.startRunnerWithArgs(IdeaTestRunner.java:35)
	at com.intellij.rt.junit.JUnitStarter.prepareStreamsAndStart(JUnitStarter.java:232)
	at com.intellij.rt.junit.JUnitStarter.main(JUnitStarter.java:55)
Caused by: org.openqa.selenium.TimeoutException: Expected condition failed: waiting for element to no longer be visible: By.cssSelector: mat-option (tried for 30 second(s) with 500 milliseconds interval)
Build info: version: '4.27.0', revision: 'd6e718d134'
System info: os.name: 'Windows 11', os.arch: 'amd64', os.version: '10.0', java.version: '21.0.3'
Driver info: org.openqa.selenium.chrome.ChromeDriver
Capabilities {acceptInsecureCerts: false, browserName: chrome, browserVersion: 138.0.7204.169, chrome: {chromedriverVersion: 138.0.7204.168 (3e8d82e86e9..., userDataDir: C:\Users\INGRID~1.ZAD\AppDa...}, fedcm:accounts: true, goog:chromeOptions: {debuggerAddress: localhost:56889}, networkConnectionEnabled: false, pageLoadStrategy: normal, platformName: windows, proxy: Proxy(), se:cdp: ws://localhost:56889/devtoo..., se:cdpVersion: 138.0.7204.169, setWindowRect: true, strictFileInteractability: false, timeouts: {implicit: 0, pageLoad: 300000, script: 30000}, unhandledPromptBehavior: dismiss and notify, webauthn:extension:credBlob: true, webauthn:extension:largeBlob: true, webauthn:extension:minPinLength: true, webauthn:extension:prf: true, webauthn:virtualAuthenticators: true}
Session ID: 5239f7c43de29633abb0af07d1f6cee9
	at org.openqa.selenium.support.ui.WebDriverWait.timeoutException(WebDriverWait.java:84)
	at org.openqa.selenium.support.ui.FluentWait.until(FluentWait.java:228)
	at lt.insoft.uztis.pages.SubmittedApplicationsPage.selectValueApplicant(SubmittedApplicationsPage.java:645)
	... 69 common frames omitted
2025-07-29 10:55:59 [main] INFO  l.insoft.uztis.tests.utils.TestUtils - Screenshot moved to C:\Users\ingrida.zadorozniene\Desktop\Asm\UZTIS\UZTIS_tests\test-output\screenshots\20250729\105559674_testFillNewDVPApplicationFA().png
2025-07-29 10:58:22 [main] INFO  lt.insoft.uztis.tests.UztisPageTest - Navigated to https://uztisdev.asseco.lt/home
2025-07-29 10:58:22 [main] INFO  l.i.u.t.SubmittedApplicationsPageTest - Starting test:'testFillNewDVPApplicationFA'
2025-07-29 10:58:23 [main] INFO  l.insoft.uztis.tests.utils.TestUtils - Login attempt with user: evaluation_chief
2025-07-29 10:58:23 [main] DEBUG l.i.u.t.SubmittedApplicationsPageTest - User logged in with test credentials
2025-07-29 10:58:23 [main] DEBUG l.i.u.t.SubmittedApplicationsPageTest - Opened 'Application Processing' menu.
2025-07-29 10:58:24 [main] DEBUG l.i.u.t.SubmittedApplicationsPageTest - Clicked on 'Application Forms' menu.
2025-07-29 10:58:24 [main] DEBUG l.i.u.t.SubmittedApplicationsPageTest - Retrieved last description code text: 'TST-DVP-42'.
2025-07-29 10:58:24 [main] DEBUG l.i.u.t.SubmittedApplicationsPageTest - Clicked on 'Invitation' menu.
2025-07-29 10:58:25 [main] DEBUG l.i.u.t.SubmittedApplicationsPageTest - Selected application section by code: 'TST-DVP-42'.
2025-07-29 10:58:26 [main] DEBUG l.i.u.t.SubmittedApplicationsPageTest - Clicked 'Search' button.
2025-07-29 10:58:26 [main] DEBUG l.i.u.t.SubmittedApplicationsPageTest - Retrieved invitation code: ''.
2025-07-29 10:58:26 [main] DEBUG l.i.u.t.SubmittedApplicationsPageTest - Clicked on 'Submitted Applications' menu.
2025-07-29 10:58:27 [main] DEBUG l.i.u.t.SubmittedApplicationsPageTest - Selected invitation by code: 'TST-DVP-42'.
2025-07-29 10:58:27 [main] DEBUG l.i.u.t.SubmittedApplicationsPageTest - Invitation code inserted.
2025-07-29 10:58:27 [main] DEBUG l.i.u.t.SubmittedApplicationsPageTest - Clicked on 'Action Application' button.
2025-07-29 10:58:28 [main] DEBUG l.i.u.t.SubmittedApplicationsPageTest - Clicked on 'New Application' button.
2025-07-29 10:58:28 [main] DEBUG l.i.u.t.SubmittedApplicationsPageTest - Selected the 'RadioButtonFA' option.
2025-07-29 10:58:28 [main] INFO  l.i.u.p.SubmittedApplicationsPage - Dropdown opened.
2025-07-29 10:58:28 [main] DEBUG l.i.u.p.SubmittedApplicationsPage - Entered search text: 'PAVARDENIS GR777'
2025-07-29 10:58:28 [main] DEBUG l.i.u.p.SubmittedApplicationsPage - Found 1 options.
2025-07-29 10:58:28 [main] ERROR l.i.u.p.SubmittedApplicationsPage - Nepavyko pasirinkti reikšmės 'PAVARDENIS GR777': Dropdown nerado tinkamo varianto pagal įvestą tekstą: PAVARDENIS GR777
java.lang.RuntimeException: Dropdown nerado tinkamo varianto pagal įvestą tekstą: PAVARDENIS GR777
	at lt.insoft.uztis.pages.SubmittedApplicationsPage.selectValueApplicant(SubmittedApplicationsPage.java:650)
	at lt.insoft.uztis.tests.SubmittedApplicationsPageTest.testFillNewDVPApplicationFA(SubmittedApplicationsPageTest.java:642)
	at java.base/jdk.internal.reflect.DirectMethodHandleAccessor.invoke(DirectMethodHandleAccessor.java:103)
	at java.base/java.lang.reflect.Method.invoke(Method.java:580)
	at org.junit.platform.commons.util.ReflectionUtils.invokeMethod(ReflectionUtils.java:728)
	at org.junit.jupiter.engine.execution.MethodInvocation.proceed(MethodInvocation.java:60)
	at org.junit.jupiter.engine.execution.InvocationInterceptorChain$ValidatingInvocation.proceed(InvocationInterceptorChain.java:131)
	at org.junit.jupiter.engine.extension.TimeoutExtension.intercept(TimeoutExtension.java:156)
	at org.junit.jupiter.engine.extension.TimeoutExtension.interceptTestableMethod(TimeoutExtension.java:147)
	at org.junit.jupiter.engine.extension.TimeoutExtension.interceptTestMethod(TimeoutExtension.java:86)
	at org.junit.jupiter.engine.execution.InterceptingExecutableInvoker$ReflectiveInterceptorCall.lambda$ofVoidMethod$0(InterceptingExecutableInvoker.java:103)
	at org.junit.jupiter.engine.execution.InterceptingExecutableInvoker.lambda$invoke$0(InterceptingExecutableInvoker.java:93)
	at org.junit.jupiter.engine.execution.InvocationInterceptorChain$InterceptedInvocation.proceed(InvocationInterceptorChain.java:106)
	at org.junit.jupiter.engine.execution.InvocationInterceptorChain.proceed(InvocationInterceptorChain.java:64)
	at org.junit.jupiter.engine.execution.InvocationInterceptorChain.chainAndInvoke(InvocationInterceptorChain.java:45)
	at org.junit.jupiter.engine.execution.InvocationInterceptorChain.invoke(InvocationInterceptorChain.java:37)
	at org.junit.jupiter.engine.execution.InterceptingExecutableInvoker.invoke(InterceptingExecutableInvoker.java:92)
	at org.junit.jupiter.engine.execution.InterceptingExecutableInvoker.invoke(InterceptingExecutableInvoker.java:86)
	at org.junit.jupiter.engine.descriptor.TestMethodTestDescriptor.lambda$invokeTestMethod$7(TestMethodTestDescriptor.java:218)
	at org.junit.platform.engine.support.hierarchical.ThrowableCollector.execute(ThrowableCollector.java:73)
	at org.junit.jupiter.engine.descriptor.TestMethodTestDescriptor.invokeTestMethod(TestMethodTestDescriptor.java:214)
	at org.junit.jupiter.engine.descriptor.TestMethodTestDescriptor.execute(TestMethodTestDescriptor.java:139)
	at org.junit.jupiter.engine.descriptor.TestMethodTestDescriptor.execute(TestMethodTestDescriptor.java:69)
	at org.junit.platform.engine.support.hierarchical.NodeTestTask.lambda$executeRecursively$6(NodeTestTask.java:151)
	at org.junit.platform.engine.support.hierarchical.ThrowableCollector.execute(ThrowableCollector.java:73)
	at org.junit.platform.engine.support.hierarchical.NodeTestTask.lambda$executeRecursively$8(NodeTestTask.java:141)
	at org.junit.platform.engine.support.hierarchical.Node.around(Node.java:137)
	at org.junit.platform.engine.support.hierarchical.NodeTestTask.lambda$executeRecursively$9(NodeTestTask.java:139)
	at org.junit.platform.engine.support.hierarchical.ThrowableCollector.execute(ThrowableCollector.java:73)
	at org.junit.platform.engine.support.hierarchical.NodeTestTask.executeRecursively(NodeTestTask.java:138)
	at org.junit.platform.engine.support.hierarchical.NodeTestTask.execute(NodeTestTask.java:95)
	at java.base/java.util.ArrayList.forEach(ArrayList.java:1596)
	at org.junit.platform.engine.support.hierarchical.SameThreadHierarchicalTestExecutorService.invokeAll(SameThreadHierarchicalTestExecutorService.java:41)
	at org.junit.platform.engine.support.hierarchical.NodeTestTask.lambda$executeRecursively$6(NodeTestTask.java:155)
	at org.junit.platform.engine.support.hierarchical.ThrowableCollector.execute(ThrowableCollector.java:73)
	at org.junit.platform.engine.support.hierarchical.NodeTestTask.lambda$executeRecursively$8(NodeTestTask.java:141)
	at org.junit.platform.engine.support.hierarchical.Node.around(Node.java:137)
	at org.junit.platform.engine.support.hierarchical.NodeTestTask.lambda$executeRecursively$9(NodeTestTask.java:139)
	at org.junit.platform.engine.support.hierarchical.ThrowableCollector.execute(ThrowableCollector.java:73)
	at org.junit.platform.engine.support.hierarchical.NodeTestTask.executeRecursively(NodeTestTask.java:138)
	at org.junit.platform.engine.support.hierarchical.NodeTestTask.execute(NodeTestTask.java:95)
	at java.base/java.util.ArrayList.forEach(ArrayList.java:1596)
	at org.junit.platform.engine.support.hierarchical.SameThreadHierarchicalTestExecutorService.invokeAll(SameThreadHierarchicalTestExecutorService.java:41)
	at org.junit.platform.engine.support.hierarchical.NodeTestTask.lambda$executeRecursively$6(NodeTestTask.java:155)
	at org.junit.platform.engine.support.hierarchical.ThrowableCollector.execute(ThrowableCollector.java:73)
	at org.junit.platform.engine.support.hierarchical.NodeTestTask.lambda$executeRecursively$8(NodeTestTask.java:141)
	at org.junit.platform.engine.support.hierarchical.Node.around(Node.java:137)
	at org.junit.platform.engine.support.hierarchical.NodeTestTask.lambda$executeRecursively$9(NodeTestTask.java:139)
	at org.junit.platform.engine.support.hierarchical.ThrowableCollector.execute(ThrowableCollector.java:73)
	at org.junit.platform.engine.support.hierarchical.NodeTestTask.executeRecursively(NodeTestTask.java:138)
	at org.junit.platform.engine.support.hierarchical.NodeTestTask.execute(NodeTestTask.java:95)
	at org.junit.platform.engine.support.hierarchical.SameThreadHierarchicalTestExecutorService.submit(SameThreadHierarchicalTestExecutorService.java:35)
	at org.junit.platform.engine.support.hierarchical.HierarchicalTestExecutor.execute(HierarchicalTestExecutor.java:57)
	at org.junit.platform.engine.support.hierarchical.HierarchicalTestEngine.execute(HierarchicalTestEngine.java:54)
	at org.junit.platform.launcher.core.EngineExecutionOrchestrator.execute(EngineExecutionOrchestrator.java:198)
	at org.junit.platform.launcher.core.EngineExecutionOrchestrator.execute(EngineExecutionOrchestrator.java:169)
	at org.junit.platform.launcher.core.EngineExecutionOrchestrator.execute(EngineExecutionOrchestrator.java:93)
	at org.junit.platform.launcher.core.EngineExecutionOrchestrator.lambda$execute$0(EngineExecutionOrchestrator.java:58)
	at org.junit.platform.launcher.core.EngineExecutionOrchestrator.withInterceptedStreams(EngineExecutionOrchestrator.java:141)
	at org.junit.platform.launcher.core.EngineExecutionOrchestrator.execute(EngineExecutionOrchestrator.java:57)
	at org.junit.platform.launcher.core.DefaultLauncher.execute(DefaultLauncher.java:103)
	at org.junit.platform.launcher.core.DefaultLauncher.execute(DefaultLauncher.java:85)
	at org.junit.platform.launcher.core.DelegatingLauncher.execute(DelegatingLauncher.java:47)
	at org.junit.platform.launcher.core.SessionPerRequestLauncher.execute(SessionPerRequestLauncher.java:63)
	at com.intellij.junit5.JUnit5IdeaTestRunner.startRunnerWithArgs(JUnit5IdeaTestRunner.java:57)
	at com.intellij.rt.junit.IdeaTestRunner$Repeater$1.execute(IdeaTestRunner.java:38)
	at com.intellij.rt.execution.junit.TestsRepeater.repeat(TestsRepeater.java:11)
	at com.intellij.rt.junit.IdeaTestRunner$Repeater.startRunnerWithArgs(IdeaTestRunner.java:35)
	at com.intellij.rt.junit.JUnitStarter.prepareStreamsAndStart(JUnitStarter.java:232)
	at com.intellij.rt.junit.JUnitStarter.main(JUnitStarter.java:55)
2025-07-29 10:58:28 [main] ERROR l.i.u.t.SubmittedApplicationsPageTest - Test 'testFillNewDVPApplicationFA' failed with error: Nepavyko pasirinkti reikšmės iš dropdown'o: PAVARDENIS GR777
java.lang.RuntimeException: Nepavyko pasirinkti reikšmės iš dropdown'o: PAVARDENIS GR777
	at lt.insoft.uztis.pages.SubmittedApplicationsPage.selectValueApplicant(SubmittedApplicationsPage.java:665)
	at lt.insoft.uztis.tests.SubmittedApplicationsPageTest.testFillNewDVPApplicationFA(SubmittedApplicationsPageTest.java:642)
	at java.base/jdk.internal.reflect.DirectMethodHandleAccessor.invoke(DirectMethodHandleAccessor.java:103)
	at java.base/java.lang.reflect.Method.invoke(Method.java:580)
	at org.junit.platform.commons.util.ReflectionUtils.invokeMethod(ReflectionUtils.java:728)
	at org.junit.jupiter.engine.execution.MethodInvocation.proceed(MethodInvocation.java:60)
	at org.junit.jupiter.engine.execution.InvocationInterceptorChain$ValidatingInvocation.proceed(InvocationInterceptorChain.java:131)
	at org.junit.jupiter.engine.extension.TimeoutExtension.intercept(TimeoutExtension.java:156)
	at org.junit.jupiter.engine.extension.TimeoutExtension.interceptTestableMethod(TimeoutExtension.java:147)
	at org.junit.jupiter.engine.extension.TimeoutExtension.interceptTestMethod(TimeoutExtension.java:86)
	at org.junit.jupiter.engine.execution.InterceptingExecutableInvoker$ReflectiveInterceptorCall.lambda$ofVoidMethod$0(InterceptingExecutableInvoker.java:103)
	at org.junit.jupiter.engine.execution.InterceptingExecutableInvoker.lambda$invoke$0(InterceptingExecutableInvoker.java:93)
	at org.junit.jupiter.engine.execution.InvocationInterceptorChain$InterceptedInvocation.proceed(InvocationInterceptorChain.java:106)
	at org.junit.jupiter.engine.execution.InvocationInterceptorChain.proceed(InvocationInterceptorChain.java:64)
	at org.junit.jupiter.engine.execution.InvocationInterceptorChain.chainAndInvoke(InvocationInterceptorChain.java:45)
	at org.junit.jupiter.engine.execution.InvocationInterceptorChain.invoke(InvocationInterceptorChain.java:37)
	at org.junit.jupiter.engine.execution.InterceptingExecutableInvoker.invoke(InterceptingExecutableInvoker.java:92)
	at org.junit.jupiter.engine.execution.InterceptingExecutableInvoker.invoke(InterceptingExecutableInvoker.java:86)
	at org.junit.jupiter.engine.descriptor.TestMethodTestDescriptor.lambda$invokeTestMethod$7(TestMethodTestDescriptor.java:218)
	at org.junit.platform.engine.support.hierarchical.ThrowableCollector.execute(ThrowableCollector.java:73)
	at org.junit.jupiter.engine.descriptor.TestMethodTestDescriptor.invokeTestMethod(TestMethodTestDescriptor.java:214)
	at org.junit.jupiter.engine.descriptor.TestMethodTestDescriptor.execute(TestMethodTestDescriptor.java:139)
	at org.junit.jupiter.engine.descriptor.TestMethodTestDescriptor.execute(TestMethodTestDescriptor.java:69)
	at org.junit.platform.engine.support.hierarchical.NodeTestTask.lambda$executeRecursively$6(NodeTestTask.java:151)
	at org.junit.platform.engine.support.hierarchical.ThrowableCollector.execute(ThrowableCollector.java:73)
	at org.junit.platform.engine.support.hierarchical.NodeTestTask.lambda$executeRecursively$8(NodeTestTask.java:141)
	at org.junit.platform.engine.support.hierarchical.Node.around(Node.java:137)
	at org.junit.platform.engine.support.hierarchical.NodeTestTask.lambda$executeRecursively$9(NodeTestTask.java:139)
	at org.junit.platform.engine.support.hierarchical.ThrowableCollector.execute(ThrowableCollector.java:73)
	at org.junit.platform.engine.support.hierarchical.NodeTestTask.executeRecursively(NodeTestTask.java:138)
	at org.junit.platform.engine.support.hierarchical.NodeTestTask.execute(NodeTestTask.java:95)
	at java.base/java.util.ArrayList.forEach(ArrayList.java:1596)
	at org.junit.platform.engine.support.hierarchical.SameThreadHierarchicalTestExecutorService.invokeAll(SameThreadHierarchicalTestExecutorService.java:41)
	at org.junit.platform.engine.support.hierarchical.NodeTestTask.lambda$executeRecursively$6(NodeTestTask.java:155)
	at org.junit.platform.engine.support.hierarchical.ThrowableCollector.execute(ThrowableCollector.java:73)
	at org.junit.platform.engine.support.hierarchical.NodeTestTask.lambda$executeRecursively$8(NodeTestTask.java:141)
	at org.junit.platform.engine.support.hierarchical.Node.around(Node.java:137)
	at org.junit.platform.engine.support.hierarchical.NodeTestTask.lambda$executeRecursively$9(NodeTestTask.java:139)
	at org.junit.platform.engine.support.hierarchical.ThrowableCollector.execute(ThrowableCollector.java:73)
	at org.junit.platform.engine.support.hierarchical.NodeTestTask.executeRecursively(NodeTestTask.java:138)
	at org.junit.platform.engine.support.hierarchical.NodeTestTask.execute(NodeTestTask.java:95)
	at java.base/java.util.ArrayList.forEach(ArrayList.java:1596)
	at org.junit.platform.engine.support.hierarchical.SameThreadHierarchicalTestExecutorService.invokeAll(SameThreadHierarchicalTestExecutorService.java:41)
	at org.junit.platform.engine.support.hierarchical.NodeTestTask.lambda$executeRecursively$6(NodeTestTask.java:155)
	at org.junit.platform.engine.support.hierarchical.ThrowableCollector.execute(ThrowableCollector.java:73)
	at org.junit.platform.engine.support.hierarchical.NodeTestTask.lambda$executeRecursively$8(NodeTestTask.java:141)
	at org.junit.platform.engine.support.hierarchical.Node.around(Node.java:137)
	at org.junit.platform.engine.support.hierarchical.NodeTestTask.lambda$executeRecursively$9(NodeTestTask.java:139)
	at org.junit.platform.engine.support.hierarchical.ThrowableCollector.execute(ThrowableCollector.java:73)
	at org.junit.platform.engine.support.hierarchical.NodeTestTask.executeRecursively(NodeTestTask.java:138)
	at org.junit.platform.engine.support.hierarchical.NodeTestTask.execute(NodeTestTask.java:95)
	at org.junit.platform.engine.support.hierarchical.SameThreadHierarchicalTestExecutorService.submit(SameThreadHierarchicalTestExecutorService.java:35)
	at org.junit.platform.engine.support.hierarchical.HierarchicalTestExecutor.execute(HierarchicalTestExecutor.java:57)
	at org.junit.platform.engine.support.hierarchical.HierarchicalTestEngine.execute(HierarchicalTestEngine.java:54)
	at org.junit.platform.launcher.core.EngineExecutionOrchestrator.execute(EngineExecutionOrchestrator.java:198)
	at org.junit.platform.launcher.core.EngineExecutionOrchestrator.execute(EngineExecutionOrchestrator.java:169)
	at org.junit.platform.launcher.core.EngineExecutionOrchestrator.execute(EngineExecutionOrchestrator.java:93)
	at org.junit.platform.launcher.core.EngineExecutionOrchestrator.lambda$execute$0(EngineExecutionOrchestrator.java:58)
	at org.junit.platform.launcher.core.EngineExecutionOrchestrator.withInterceptedStreams(EngineExecutionOrchestrator.java:141)
	at org.junit.platform.launcher.core.EngineExecutionOrchestrator.execute(EngineExecutionOrchestrator.java:57)
	at org.junit.platform.launcher.core.DefaultLauncher.execute(DefaultLauncher.java:103)
	at org.junit.platform.launcher.core.DefaultLauncher.execute(DefaultLauncher.java:85)
	at org.junit.platform.launcher.core.DelegatingLauncher.execute(DelegatingLauncher.java:47)
	at org.junit.platform.launcher.core.SessionPerRequestLauncher.execute(SessionPerRequestLauncher.java:63)
	at com.intellij.junit5.JUnit5IdeaTestRunner.startRunnerWithArgs(JUnit5IdeaTestRunner.java:57)
	at com.intellij.rt.junit.IdeaTestRunner$Repeater$1.execute(IdeaTestRunner.java:38)
	at com.intellij.rt.execution.junit.TestsRepeater.repeat(TestsRepeater.java:11)
	at com.intellij.rt.junit.IdeaTestRunner$Repeater.startRunnerWithArgs(IdeaTestRunner.java:35)
	at com.intellij.rt.junit.JUnitStarter.prepareStreamsAndStart(JUnitStarter.java:232)
	at com.intellij.rt.junit.JUnitStarter.main(JUnitStarter.java:55)
Caused by: java.lang.RuntimeException: Dropdown nerado tinkamo varianto pagal įvestą tekstą: PAVARDENIS GR777
	at lt.insoft.uztis.pages.SubmittedApplicationsPage.selectValueApplicant(SubmittedApplicationsPage.java:650)
	... 69 common frames omitted
2025-07-29 10:58:28 [main] INFO  l.insoft.uztis.tests.utils.TestUtils - Screenshot moved to C:\Users\ingrida.zadorozniene\Desktop\Asm\UZTIS\UZTIS_tests\test-output\screenshots\20250729\105828865_testFillNewDVPApplicationFA().png
2025-07-29 11:02:28 [main] INFO  lt.insoft.uztis.tests.UztisPageTest - Navigated to https://uztisdev.asseco.lt/home
2025-07-29 11:02:28 [main] INFO  l.i.u.t.SubmittedApplicationsPageTest - Starting test:'testFillNewDVPApplicationFA'
2025-07-29 11:02:29 [main] INFO  l.insoft.uztis.tests.utils.TestUtils - Login attempt with user: evaluation_chief
2025-07-29 11:02:29 [main] DEBUG l.i.u.t.SubmittedApplicationsPageTest - User logged in with test credentials
2025-07-29 11:02:30 [main] DEBUG l.i.u.t.SubmittedApplicationsPageTest - Opened 'Application Processing' menu.
2025-07-29 11:02:30 [main] DEBUG l.i.u.t.SubmittedApplicationsPageTest - Clicked on 'Application Forms' menu.
2025-07-29 11:02:32 [main] DEBUG l.i.u.t.SubmittedApplicationsPageTest - Retrieved last description code text: 'TST-DVP-42'.
2025-07-29 11:02:32 [main] DEBUG l.i.u.t.SubmittedApplicationsPageTest - Clicked on 'Invitation' menu.
2025-07-29 11:02:34 [main] DEBUG l.i.u.t.SubmittedApplicationsPageTest - Selected application section by code: 'TST-DVP-42'.
2025-07-29 11:02:34 [main] DEBUG l.i.u.t.SubmittedApplicationsPageTest - Clicked 'Search' button.
2025-07-29 11:02:34 [main] DEBUG l.i.u.t.SubmittedApplicationsPageTest - Retrieved invitation code: ''.
2025-07-29 11:02:34 [main] DEBUG l.i.u.t.SubmittedApplicationsPageTest - Clicked on 'Submitted Applications' menu.
2025-07-29 11:02:36 [main] DEBUG l.i.u.t.SubmittedApplicationsPageTest - Selected invitation by code: 'TST-DVP-42'.
2025-07-29 11:02:36 [main] DEBUG l.i.u.t.SubmittedApplicationsPageTest - Invitation code inserted.
2025-07-29 11:02:36 [main] DEBUG l.i.u.t.SubmittedApplicationsPageTest - Clicked on 'Action Application' button.
2025-07-29 11:02:36 [main] DEBUG l.i.u.t.SubmittedApplicationsPageTest - Clicked on 'New Application' button.
2025-07-29 11:02:36 [main] DEBUG l.i.u.t.SubmittedApplicationsPageTest - Selected the 'RadioButtonFA' option.
2025-07-29 11:02:37 [main] INFO  l.i.u.p.SubmittedApplicationsPage - Dropdown opened.
2025-07-29 11:02:37 [main] DEBUG l.i.u.p.SubmittedApplicationsPage - Entered search text: 'PAVARDENIS GR777'
2025-07-29 11:03:08 [main] ERROR l.i.u.p.SubmittedApplicationsPage - Nepavyko pasirinkti reikšmės 'PAVARDENIS GR777': Expected condition failed: waiting for visibility of element located by By.xpath: //mat-option[.//span[contains(text(), 'PAVARDENIS GR777')]] (tried for 30 second(s) with 500 milliseconds interval)
Build info: version: '4.27.0', revision: 'd6e718d134'
System info: os.name: 'Windows 11', os.arch: 'amd64', os.version: '10.0', java.version: '21.0.3'
Driver info: org.openqa.selenium.chrome.ChromeDriver
Capabilities {acceptInsecureCerts: false, browserName: chrome, browserVersion: 138.0.7204.169, chrome: {chromedriverVersion: 138.0.7204.168 (3e8d82e86e9..., userDataDir: C:\Users\INGRID~1.ZAD\AppDa...}, fedcm:accounts: true, goog:chromeOptions: {debuggerAddress: localhost:57198}, networkConnectionEnabled: false, pageLoadStrategy: normal, platformName: windows, proxy: Proxy(), se:cdp: ws://localhost:57198/devtoo..., se:cdpVersion: 138.0.7204.169, setWindowRect: true, strictFileInteractability: false, timeouts: {implicit: 0, pageLoad: 300000, script: 30000}, unhandledPromptBehavior: dismiss and notify, webauthn:extension:credBlob: true, webauthn:extension:largeBlob: true, webauthn:extension:minPinLength: true, webauthn:extension:prf: true, webauthn:virtualAuthenticators: true}
Session ID: 7a61234367f0b08c29a7aee15588d134
org.openqa.selenium.TimeoutException: Expected condition failed: waiting for visibility of element located by By.xpath: //mat-option[.//span[contains(text(), 'PAVARDENIS GR777')]] (tried for 30 second(s) with 500 milliseconds interval)
Build info: version: '4.27.0', revision: 'd6e718d134'
System info: os.name: 'Windows 11', os.arch: 'amd64', os.version: '10.0', java.version: '21.0.3'
Driver info: org.openqa.selenium.chrome.ChromeDriver
Capabilities {acceptInsecureCerts: false, browserName: chrome, browserVersion: 138.0.7204.169, chrome: {chromedriverVersion: 138.0.7204.168 (3e8d82e86e9..., userDataDir: C:\Users\INGRID~1.ZAD\AppDa...}, fedcm:accounts: true, goog:chromeOptions: {debuggerAddress: localhost:57198}, networkConnectionEnabled: false, pageLoadStrategy: normal, platformName: windows, proxy: Proxy(), se:cdp: ws://localhost:57198/devtoo..., se:cdpVersion: 138.0.7204.169, setWindowRect: true, strictFileInteractability: false, timeouts: {implicit: 0, pageLoad: 300000, script: 30000}, unhandledPromptBehavior: dismiss and notify, webauthn:extension:credBlob: true, webauthn:extension:largeBlob: true, webauthn:extension:minPinLength: true, webauthn:extension:prf: true, webauthn:virtualAuthenticators: true}
Session ID: 7a61234367f0b08c29a7aee15588d134
	at org.openqa.selenium.support.ui.WebDriverWait.timeoutException(WebDriverWait.java:84)
	at org.openqa.selenium.support.ui.FluentWait.until(FluentWait.java:228)
	at lt.insoft.uztis.pages.SubmittedApplicationsPage.selectValueApplicant(SubmittedApplicationsPage.java:632)
	at lt.insoft.uztis.tests.SubmittedApplicationsPageTest.testFillNewDVPApplicationFA(SubmittedApplicationsPageTest.java:642)
	at java.base/jdk.internal.reflect.DirectMethodHandleAccessor.invoke(DirectMethodHandleAccessor.java:103)
	at java.base/java.lang.reflect.Method.invoke(Method.java:580)
	at org.junit.platform.commons.util.ReflectionUtils.invokeMethod(ReflectionUtils.java:728)
	at org.junit.jupiter.engine.execution.MethodInvocation.proceed(MethodInvocation.java:60)
	at org.junit.jupiter.engine.execution.InvocationInterceptorChain$ValidatingInvocation.proceed(InvocationInterceptorChain.java:131)
	at org.junit.jupiter.engine.extension.TimeoutExtension.intercept(TimeoutExtension.java:156)
	at org.junit.jupiter.engine.extension.TimeoutExtension.interceptTestableMethod(TimeoutExtension.java:147)
	at org.junit.jupiter.engine.extension.TimeoutExtension.interceptTestMethod(TimeoutExtension.java:86)
	at org.junit.jupiter.engine.execution.InterceptingExecutableInvoker$ReflectiveInterceptorCall.lambda$ofVoidMethod$0(InterceptingExecutableInvoker.java:103)
	at org.junit.jupiter.engine.execution.InterceptingExecutableInvoker.lambda$invoke$0(InterceptingExecutableInvoker.java:93)
	at org.junit.jupiter.engine.execution.InvocationInterceptorChain$InterceptedInvocation.proceed(InvocationInterceptorChain.java:106)
	at org.junit.jupiter.engine.execution.InvocationInterceptorChain.proceed(InvocationInterceptorChain.java:64)
	at org.junit.jupiter.engine.execution.InvocationInterceptorChain.chainAndInvoke(InvocationInterceptorChain.java:45)
	at org.junit.jupiter.engine.execution.InvocationInterceptorChain.invoke(InvocationInterceptorChain.java:37)
	at org.junit.jupiter.engine.execution.InterceptingExecutableInvoker.invoke(InterceptingExecutableInvoker.java:92)
	at org.junit.jupiter.engine.execution.InterceptingExecutableInvoker.invoke(InterceptingExecutableInvoker.java:86)
	at org.junit.jupiter.engine.descriptor.TestMethodTestDescriptor.lambda$invokeTestMethod$7(TestMethodTestDescriptor.java:218)
	at org.junit.platform.engine.support.hierarchical.ThrowableCollector.execute(ThrowableCollector.java:73)
	at org.junit.jupiter.engine.descriptor.TestMethodTestDescriptor.invokeTestMethod(TestMethodTestDescriptor.java:214)
	at org.junit.jupiter.engine.descriptor.TestMethodTestDescriptor.execute(TestMethodTestDescriptor.java:139)
	at org.junit.jupiter.engine.descriptor.TestMethodTestDescriptor.execute(TestMethodTestDescriptor.java:69)
	at org.junit.platform.engine.support.hierarchical.NodeTestTask.lambda$executeRecursively$6(NodeTestTask.java:151)
	at org.junit.platform.engine.support.hierarchical.ThrowableCollector.execute(ThrowableCollector.java:73)
	at org.junit.platform.engine.support.hierarchical.NodeTestTask.lambda$executeRecursively$8(NodeTestTask.java:141)
	at org.junit.platform.engine.support.hierarchical.Node.around(Node.java:137)
	at org.junit.platform.engine.support.hierarchical.NodeTestTask.lambda$executeRecursively$9(NodeTestTask.java:139)
	at org.junit.platform.engine.support.hierarchical.ThrowableCollector.execute(ThrowableCollector.java:73)
	at org.junit.platform.engine.support.hierarchical.NodeTestTask.executeRecursively(NodeTestTask.java:138)
	at org.junit.platform.engine.support.hierarchical.NodeTestTask.execute(NodeTestTask.java:95)
	at java.base/java.util.ArrayList.forEach(ArrayList.java:1596)
	at org.junit.platform.engine.support.hierarchical.SameThreadHierarchicalTestExecutorService.invokeAll(SameThreadHierarchicalTestExecutorService.java:41)
	at org.junit.platform.engine.support.hierarchical.NodeTestTask.lambda$executeRecursively$6(NodeTestTask.java:155)
	at org.junit.platform.engine.support.hierarchical.ThrowableCollector.execute(ThrowableCollector.java:73)
	at org.junit.platform.engine.support.hierarchical.NodeTestTask.lambda$executeRecursively$8(NodeTestTask.java:141)
	at org.junit.platform.engine.support.hierarchical.Node.around(Node.java:137)
	at org.junit.platform.engine.support.hierarchical.NodeTestTask.lambda$executeRecursively$9(NodeTestTask.java:139)
	at org.junit.platform.engine.support.hierarchical.ThrowableCollector.execute(ThrowableCollector.java:73)
	at org.junit.platform.engine.support.hierarchical.NodeTestTask.executeRecursively(NodeTestTask.java:138)
	at org.junit.platform.engine.support.hierarchical.NodeTestTask.execute(NodeTestTask.java:95)
	at java.base/java.util.ArrayList.forEach(ArrayList.java:1596)
	at org.junit.platform.engine.support.hierarchical.SameThreadHierarchicalTestExecutorService.invokeAll(SameThreadHierarchicalTestExecutorService.java:41)
	at org.junit.platform.engine.support.hierarchical.NodeTestTask.lambda$executeRecursively$6(NodeTestTask.java:155)
	at org.junit.platform.engine.support.hierarchical.ThrowableCollector.execute(ThrowableCollector.java:73)
	at org.junit.platform.engine.support.hierarchical.NodeTestTask.lambda$executeRecursively$8(NodeTestTask.java:141)
	at org.junit.platform.engine.support.hierarchical.Node.around(Node.java:137)
	at org.junit.platform.engine.support.hierarchical.NodeTestTask.lambda$executeRecursively$9(NodeTestTask.java:139)
	at org.junit.platform.engine.support.hierarchical.ThrowableCollector.execute(ThrowableCollector.java:73)
	at org.junit.platform.engine.support.hierarchical.NodeTestTask.executeRecursively(NodeTestTask.java:138)
	at org.junit.platform.engine.support.hierarchical.NodeTestTask.execute(NodeTestTask.java:95)
	at org.junit.platform.engine.support.hierarchical.SameThreadHierarchicalTestExecutorService.submit(SameThreadHierarchicalTestExecutorService.java:35)
	at org.junit.platform.engine.support.hierarchical.HierarchicalTestExecutor.execute(HierarchicalTestExecutor.java:57)
	at org.junit.platform.engine.support.hierarchical.HierarchicalTestEngine.execute(HierarchicalTestEngine.java:54)
	at org.junit.platform.launcher.core.EngineExecutionOrchestrator.execute(EngineExecutionOrchestrator.java:198)
	at org.junit.platform.launcher.core.EngineExecutionOrchestrator.execute(EngineExecutionOrchestrator.java:169)
	at org.junit.platform.launcher.core.EngineExecutionOrchestrator.execute(EngineExecutionOrchestrator.java:93)
	at org.junit.platform.launcher.core.EngineExecutionOrchestrator.lambda$execute$0(EngineExecutionOrchestrator.java:58)
	at org.junit.platform.launcher.core.EngineExecutionOrchestrator.withInterceptedStreams(EngineExecutionOrchestrator.java:141)
	at org.junit.platform.launcher.core.EngineExecutionOrchestrator.execute(EngineExecutionOrchestrator.java:57)
	at org.junit.platform.launcher.core.DefaultLauncher.execute(DefaultLauncher.java:103)
	at org.junit.platform.launcher.core.DefaultLauncher.execute(DefaultLauncher.java:85)
	at org.junit.platform.launcher.core.DelegatingLauncher.execute(DelegatingLauncher.java:47)
	at org.junit.platform.launcher.core.SessionPerRequestLauncher.execute(SessionPerRequestLauncher.java:63)
	at com.intellij.junit5.JUnit5IdeaTestRunner.startRunnerWithArgs(JUnit5IdeaTestRunner.java:57)
	at com.intellij.rt.junit.IdeaTestRunner$Repeater$1.execute(IdeaTestRunner.java:38)
	at com.intellij.rt.execution.junit.TestsRepeater.repeat(TestsRepeater.java:11)
	at com.intellij.rt.junit.IdeaTestRunner$Repeater.startRunnerWithArgs(IdeaTestRunner.java:35)
	at com.intellij.rt.junit.JUnitStarter.prepareStreamsAndStart(JUnitStarter.java:232)
	at com.intellij.rt.junit.JUnitStarter.main(JUnitStarter.java:55)
2025-07-29 11:03:08 [main] ERROR l.i.u.t.SubmittedApplicationsPageTest - Test 'testFillNewDVPApplicationFA' failed with error: Nepavyko pasirinkti reikšmės iš dropdown'o: PAVARDENIS GR777
java.lang.RuntimeException: Nepavyko pasirinkti reikšmės iš dropdown'o: PAVARDENIS GR777
	at lt.insoft.uztis.pages.SubmittedApplicationsPage.selectValueApplicant(SubmittedApplicationsPage.java:647)
	at lt.insoft.uztis.tests.SubmittedApplicationsPageTest.testFillNewDVPApplicationFA(SubmittedApplicationsPageTest.java:642)
	at java.base/jdk.internal.reflect.DirectMethodHandleAccessor.invoke(DirectMethodHandleAccessor.java:103)
	at java.base/java.lang.reflect.Method.invoke(Method.java:580)
	at org.junit.platform.commons.util.ReflectionUtils.invokeMethod(ReflectionUtils.java:728)
	at org.junit.jupiter.engine.execution.MethodInvocation.proceed(MethodInvocation.java:60)
	at org.junit.jupiter.engine.execution.InvocationInterceptorChain$ValidatingInvocation.proceed(InvocationInterceptorChain.java:131)
	at org.junit.jupiter.engine.extension.TimeoutExtension.intercept(TimeoutExtension.java:156)
	at org.junit.jupiter.engine.extension.TimeoutExtension.interceptTestableMethod(TimeoutExtension.java:147)
	at org.junit.jupiter.engine.extension.TimeoutExtension.interceptTestMethod(TimeoutExtension.java:86)
	at org.junit.jupiter.engine.execution.InterceptingExecutableInvoker$ReflectiveInterceptorCall.lambda$ofVoidMethod$0(InterceptingExecutableInvoker.java:103)
	at org.junit.jupiter.engine.execution.InterceptingExecutableInvoker.lambda$invoke$0(InterceptingExecutableInvoker.java:93)
	at org.junit.jupiter.engine.execution.InvocationInterceptorChain$InterceptedInvocation.proceed(InvocationInterceptorChain.java:106)
	at org.junit.jupiter.engine.execution.InvocationInterceptorChain.proceed(InvocationInterceptorChain.java:64)
	at org.junit.jupiter.engine.execution.InvocationInterceptorChain.chainAndInvoke(InvocationInterceptorChain.java:45)
	at org.junit.jupiter.engine.execution.InvocationInterceptorChain.invoke(InvocationInterceptorChain.java:37)
	at org.junit.jupiter.engine.execution.InterceptingExecutableInvoker.invoke(InterceptingExecutableInvoker.java:92)
	at org.junit.jupiter.engine.execution.InterceptingExecutableInvoker.invoke(InterceptingExecutableInvoker.java:86)
	at org.junit.jupiter.engine.descriptor.TestMethodTestDescriptor.lambda$invokeTestMethod$7(TestMethodTestDescriptor.java:218)
	at org.junit.platform.engine.support.hierarchical.ThrowableCollector.execute(ThrowableCollector.java:73)
	at org.junit.jupiter.engine.descriptor.TestMethodTestDescriptor.invokeTestMethod(TestMethodTestDescriptor.java:214)
	at org.junit.jupiter.engine.descriptor.TestMethodTestDescriptor.execute(TestMethodTestDescriptor.java:139)
	at org.junit.jupiter.engine.descriptor.TestMethodTestDescriptor.execute(TestMethodTestDescriptor.java:69)
	at org.junit.platform.engine.support.hierarchical.NodeTestTask.lambda$executeRecursively$6(NodeTestTask.java:151)
	at org.junit.platform.engine.support.hierarchical.ThrowableCollector.execute(ThrowableCollector.java:73)
	at org.junit.platform.engine.support.hierarchical.NodeTestTask.lambda$executeRecursively$8(NodeTestTask.java:141)
	at org.junit.platform.engine.support.hierarchical.Node.around(Node.java:137)
	at org.junit.platform.engine.support.hierarchical.NodeTestTask.lambda$executeRecursively$9(NodeTestTask.java:139)
	at org.junit.platform.engine.support.hierarchical.ThrowableCollector.execute(ThrowableCollector.java:73)
	at org.junit.platform.engine.support.hierarchical.NodeTestTask.executeRecursively(NodeTestTask.java:138)
	at org.junit.platform.engine.support.hierarchical.NodeTestTask.execute(NodeTestTask.java:95)
	at java.base/java.util.ArrayList.forEach(ArrayList.java:1596)
	at org.junit.platform.engine.support.hierarchical.SameThreadHierarchicalTestExecutorService.invokeAll(SameThreadHierarchicalTestExecutorService.java:41)
	at org.junit.platform.engine.support.hierarchical.NodeTestTask.lambda$executeRecursively$6(NodeTestTask.java:155)
	at org.junit.platform.engine.support.hierarchical.ThrowableCollector.execute(ThrowableCollector.java:73)
	at org.junit.platform.engine.support.hierarchical.NodeTestTask.lambda$executeRecursively$8(NodeTestTask.java:141)
	at org.junit.platform.engine.support.hierarchical.Node.around(Node.java:137)
	at org.junit.platform.engine.support.hierarchical.NodeTestTask.lambda$executeRecursively$9(NodeTestTask.java:139)
	at org.junit.platform.engine.support.hierarchical.ThrowableCollector.execute(ThrowableCollector.java:73)
	at org.junit.platform.engine.support.hierarchical.NodeTestTask.executeRecursively(NodeTestTask.java:138)
	at org.junit.platform.engine.support.hierarchical.NodeTestTask.execute(NodeTestTask.java:95)
	at java.base/java.util.ArrayList.forEach(ArrayList.java:1596)
	at org.junit.platform.engine.support.hierarchical.SameThreadHierarchicalTestExecutorService.invokeAll(SameThreadHierarchicalTestExecutorService.java:41)
	at org.junit.platform.engine.support.hierarchical.NodeTestTask.lambda$executeRecursively$6(NodeTestTask.java:155)
	at org.junit.platform.engine.support.hierarchical.ThrowableCollector.execute(ThrowableCollector.java:73)
	at org.junit.platform.engine.support.hierarchical.NodeTestTask.lambda$executeRecursively$8(NodeTestTask.java:141)
	at org.junit.platform.engine.support.hierarchical.Node.around(Node.java:137)
	at org.junit.platform.engine.support.hierarchical.NodeTestTask.lambda$executeRecursively$9(NodeTestTask.java:139)
	at org.junit.platform.engine.support.hierarchical.ThrowableCollector.execute(ThrowableCollector.java:73)
	at org.junit.platform.engine.support.hierarchical.NodeTestTask.executeRecursively(NodeTestTask.java:138)
	at org.junit.platform.engine.support.hierarchical.NodeTestTask.execute(NodeTestTask.java:95)
	at org.junit.platform.engine.support.hierarchical.SameThreadHierarchicalTestExecutorService.submit(SameThreadHierarchicalTestExecutorService.java:35)
	at org.junit.platform.engine.support.hierarchical.HierarchicalTestExecutor.execute(HierarchicalTestExecutor.java:57)
	at org.junit.platform.engine.support.hierarchical.HierarchicalTestEngine.execute(HierarchicalTestEngine.java:54)
	at org.junit.platform.launcher.core.EngineExecutionOrchestrator.execute(EngineExecutionOrchestrator.java:198)
	at org.junit.platform.launcher.core.EngineExecutionOrchestrator.execute(EngineExecutionOrchestrator.java:169)
	at org.junit.platform.launcher.core.EngineExecutionOrchestrator.execute(EngineExecutionOrchestrator.java:93)
	at org.junit.platform.launcher.core.EngineExecutionOrchestrator.lambda$execute$0(EngineExecutionOrchestrator.java:58)
	at org.junit.platform.launcher.core.EngineExecutionOrchestrator.withInterceptedStreams(EngineExecutionOrchestrator.java:141)
	at org.junit.platform.launcher.core.EngineExecutionOrchestrator.execute(EngineExecutionOrchestrator.java:57)
	at org.junit.platform.launcher.core.DefaultLauncher.execute(DefaultLauncher.java:103)
	at org.junit.platform.launcher.core.DefaultLauncher.execute(DefaultLauncher.java:85)
	at org.junit.platform.launcher.core.DelegatingLauncher.execute(DelegatingLauncher.java:47)
	at org.junit.platform.launcher.core.SessionPerRequestLauncher.execute(SessionPerRequestLauncher.java:63)
	at com.intellij.junit5.JUnit5IdeaTestRunner.startRunnerWithArgs(JUnit5IdeaTestRunner.java:57)
	at com.intellij.rt.junit.IdeaTestRunner$Repeater$1.execute(IdeaTestRunner.java:38)
	at com.intellij.rt.execution.junit.TestsRepeater.repeat(TestsRepeater.java:11)
	at com.intellij.rt.junit.IdeaTestRunner$Repeater.startRunnerWithArgs(IdeaTestRunner.java:35)
	at com.intellij.rt.junit.JUnitStarter.prepareStreamsAndStart(JUnitStarter.java:232)
	at com.intellij.rt.junit.JUnitStarter.main(JUnitStarter.java:55)
Caused by: org.openqa.selenium.TimeoutException: Expected condition failed: waiting for visibility of element located by By.xpath: //mat-option[.//span[contains(text(), 'PAVARDENIS GR777')]] (tried for 30 second(s) with 500 milliseconds interval)
Build info: version: '4.27.0', revision: 'd6e718d134'
System info: os.name: 'Windows 11', os.arch: 'amd64', os.version: '10.0', java.version: '21.0.3'
Driver info: org.openqa.selenium.chrome.ChromeDriver
Capabilities {acceptInsecureCerts: false, browserName: chrome, browserVersion: 138.0.7204.169, chrome: {chromedriverVersion: 138.0.7204.168 (3e8d82e86e9..., userDataDir: C:\Users\INGRID~1.ZAD\AppDa...}, fedcm:accounts: true, goog:chromeOptions: {debuggerAddress: localhost:57198}, networkConnectionEnabled: false, pageLoadStrategy: normal, platformName: windows, proxy: Proxy(), se:cdp: ws://localhost:57198/devtoo..., se:cdpVersion: 138.0.7204.169, setWindowRect: true, strictFileInteractability: false, timeouts: {implicit: 0, pageLoad: 300000, script: 30000}, unhandledPromptBehavior: dismiss and notify, webauthn:extension:credBlob: true, webauthn:extension:largeBlob: true, webauthn:extension:minPinLength: true, webauthn:extension:prf: true, webauthn:virtualAuthenticators: true}
Session ID: 7a61234367f0b08c29a7aee15588d134
	at org.openqa.selenium.support.ui.WebDriverWait.timeoutException(WebDriverWait.java:84)
	at org.openqa.selenium.support.ui.FluentWait.until(FluentWait.java:228)
	at lt.insoft.uztis.pages.SubmittedApplicationsPage.selectValueApplicant(SubmittedApplicationsPage.java:632)
	... 69 common frames omitted
2025-07-29 11:03:08 [main] INFO  l.insoft.uztis.tests.utils.TestUtils - Screenshot moved to C:\Users\ingrida.zadorozniene\Desktop\Asm\UZTIS\UZTIS_tests\test-output\screenshots\20250729\110308660_testFillNewDVPApplicationFA().png
2025-07-29 11:53:21 [main] INFO  lt.insoft.uztis.tests.UztisPageTest - Navigated to https://uztisdev.asseco.lt/home
2025-07-29 11:53:21 [main] INFO  l.i.u.t.SubmittedApplicationsPageTest - Starting test:'testFillNewDVPApplicationFA'
2025-07-29 11:53:21 [main] INFO  l.insoft.uztis.tests.utils.TestUtils - Login attempt with user: evaluation_chief
2025-07-29 11:53:21 [main] DEBUG l.i.u.t.SubmittedApplicationsPageTest - User logged in with test credentials
2025-07-29 11:53:22 [main] DEBUG l.i.u.t.SubmittedApplicationsPageTest - Opened 'Application Processing' menu.
2025-07-29 11:53:22 [main] DEBUG l.i.u.t.SubmittedApplicationsPageTest - Clicked on 'Application Forms' menu.
2025-07-29 11:53:22 [main] DEBUG l.i.u.t.SubmittedApplicationsPageTest - Retrieved last description code text: 'TST-DVP-42'.
2025-07-29 11:53:23 [main] DEBUG l.i.u.t.SubmittedApplicationsPageTest - Clicked on 'Invitation' menu.
2025-07-29 11:53:24 [main] DEBUG l.i.u.t.SubmittedApplicationsPageTest - Selected application section by code: 'TST-DVP-42'.
2025-07-29 11:53:24 [main] DEBUG l.i.u.t.SubmittedApplicationsPageTest - Clicked 'Search' button.
2025-07-29 11:53:24 [main] DEBUG l.i.u.t.SubmittedApplicationsPageTest - Retrieved invitation code: ''.
2025-07-29 11:53:24 [main] DEBUG l.i.u.t.SubmittedApplicationsPageTest - Clicked on 'Submitted Applications' menu.
2025-07-29 11:53:26 [main] DEBUG l.i.u.t.SubmittedApplicationsPageTest - Selected invitation by code: 'TST-DVP-42'.
2025-07-29 11:53:26 [main] DEBUG l.i.u.t.SubmittedApplicationsPageTest - Invitation code inserted.
2025-07-29 11:53:26 [main] DEBUG l.i.u.t.SubmittedApplicationsPageTest - Clicked on 'Action Application' button.
2025-07-29 11:53:26 [main] DEBUG l.i.u.t.SubmittedApplicationsPageTest - Clicked on 'New Application' button.
2025-07-29 11:53:26 [main] DEBUG l.i.u.t.SubmittedApplicationsPageTest - Selected the 'RadioButtonFA' option.
2025-07-29 11:53:27 [main] INFO  l.i.u.p.SubmittedApplicationsPage - Dropdown opened.
2025-07-29 11:53:27 [main] DEBUG l.i.u.p.SubmittedApplicationsPage - Entered search text: 'PAVARDENIS GR777'
2025-07-29 11:53:58 [main] ERROR l.i.u.p.SubmittedApplicationsPage - Nepavyko pasirinkti reikšmės 'PAVARDENIS GR777': Expected condition failed: waiting for visibility of element located by By.xpath: //mat-option[contains(., 'PAVARDENIS GR777')] (tried for 30 second(s) with 500 milliseconds interval)
Build info: version: '4.27.0', revision: 'd6e718d134'
System info: os.name: 'Windows 11', os.arch: 'amd64', os.version: '10.0', java.version: '21.0.3'
Driver info: org.openqa.selenium.chrome.ChromeDriver
Capabilities {acceptInsecureCerts: false, browserName: chrome, browserVersion: 138.0.7204.169, chrome: {chromedriverVersion: 138.0.7204.168 (3e8d82e86e9..., userDataDir: C:\Users\INGRID~1.ZAD\AppDa...}, fedcm:accounts: true, goog:chromeOptions: {debuggerAddress: localhost:58770}, networkConnectionEnabled: false, pageLoadStrategy: normal, platformName: windows, proxy: Proxy(), se:cdp: ws://localhost:58770/devtoo..., se:cdpVersion: 138.0.7204.169, setWindowRect: true, strictFileInteractability: false, timeouts: {implicit: 0, pageLoad: 300000, script: 30000}, unhandledPromptBehavior: dismiss and notify, webauthn:extension:credBlob: true, webauthn:extension:largeBlob: true, webauthn:extension:minPinLength: true, webauthn:extension:prf: true, webauthn:virtualAuthenticators: true}
Session ID: 97687dc22467cbc43d54deec6d6b0023
org.openqa.selenium.TimeoutException: Expected condition failed: waiting for visibility of element located by By.xpath: //mat-option[contains(., 'PAVARDENIS GR777')] (tried for 30 second(s) with 500 milliseconds interval)
Build info: version: '4.27.0', revision: 'd6e718d134'
System info: os.name: 'Windows 11', os.arch: 'amd64', os.version: '10.0', java.version: '21.0.3'
Driver info: org.openqa.selenium.chrome.ChromeDriver
Capabilities {acceptInsecureCerts: false, browserName: chrome, browserVersion: 138.0.7204.169, chrome: {chromedriverVersion: 138.0.7204.168 (3e8d82e86e9..., userDataDir: C:\Users\INGRID~1.ZAD\AppDa...}, fedcm:accounts: true, goog:chromeOptions: {debuggerAddress: localhost:58770}, networkConnectionEnabled: false, pageLoadStrategy: normal, platformName: windows, proxy: Proxy(), se:cdp: ws://localhost:58770/devtoo..., se:cdpVersion: 138.0.7204.169, setWindowRect: true, strictFileInteractability: false, timeouts: {implicit: 0, pageLoad: 300000, script: 30000}, unhandledPromptBehavior: dismiss and notify, webauthn:extension:credBlob: true, webauthn:extension:largeBlob: true, webauthn:extension:minPinLength: true, webauthn:extension:prf: true, webauthn:virtualAuthenticators: true}
Session ID: 97687dc22467cbc43d54deec6d6b0023
	at org.openqa.selenium.support.ui.WebDriverWait.timeoutException(WebDriverWait.java:84)
	at org.openqa.selenium.support.ui.FluentWait.until(FluentWait.java:228)
	at lt.insoft.uztis.pages.SubmittedApplicationsPage.selectValueApplicant(SubmittedApplicationsPage.java:628)
	at lt.insoft.uztis.tests.SubmittedApplicationsPageTest.testFillNewDVPApplicationFA(SubmittedApplicationsPageTest.java:642)
	at java.base/jdk.internal.reflect.DirectMethodHandleAccessor.invoke(DirectMethodHandleAccessor.java:103)
	at java.base/java.lang.reflect.Method.invoke(Method.java:580)
	at org.junit.platform.commons.util.ReflectionUtils.invokeMethod(ReflectionUtils.java:728)
	at org.junit.jupiter.engine.execution.MethodInvocation.proceed(MethodInvocation.java:60)
	at org.junit.jupiter.engine.execution.InvocationInterceptorChain$ValidatingInvocation.proceed(InvocationInterceptorChain.java:131)
	at org.junit.jupiter.engine.extension.TimeoutExtension.intercept(TimeoutExtension.java:156)
	at org.junit.jupiter.engine.extension.TimeoutExtension.interceptTestableMethod(TimeoutExtension.java:147)
	at org.junit.jupiter.engine.extension.TimeoutExtension.interceptTestMethod(TimeoutExtension.java:86)
	at org.junit.jupiter.engine.execution.InterceptingExecutableInvoker$ReflectiveInterceptorCall.lambda$ofVoidMethod$0(InterceptingExecutableInvoker.java:103)
	at org.junit.jupiter.engine.execution.InterceptingExecutableInvoker.lambda$invoke$0(InterceptingExecutableInvoker.java:93)
	at org.junit.jupiter.engine.execution.InvocationInterceptorChain$InterceptedInvocation.proceed(InvocationInterceptorChain.java:106)
	at org.junit.jupiter.engine.execution.InvocationInterceptorChain.proceed(InvocationInterceptorChain.java:64)
	at org.junit.jupiter.engine.execution.InvocationInterceptorChain.chainAndInvoke(InvocationInterceptorChain.java:45)
	at org.junit.jupiter.engine.execution.InvocationInterceptorChain.invoke(InvocationInterceptorChain.java:37)
	at org.junit.jupiter.engine.execution.InterceptingExecutableInvoker.invoke(InterceptingExecutableInvoker.java:92)
	at org.junit.jupiter.engine.execution.InterceptingExecutableInvoker.invoke(InterceptingExecutableInvoker.java:86)
	at org.junit.jupiter.engine.descriptor.TestMethodTestDescriptor.lambda$invokeTestMethod$7(TestMethodTestDescriptor.java:218)
	at org.junit.platform.engine.support.hierarchical.ThrowableCollector.execute(ThrowableCollector.java:73)
	at org.junit.jupiter.engine.descriptor.TestMethodTestDescriptor.invokeTestMethod(TestMethodTestDescriptor.java:214)
	at org.junit.jupiter.engine.descriptor.TestMethodTestDescriptor.execute(TestMethodTestDescriptor.java:139)
	at org.junit.jupiter.engine.descriptor.TestMethodTestDescriptor.execute(TestMethodTestDescriptor.java:69)
	at org.junit.platform.engine.support.hierarchical.NodeTestTask.lambda$executeRecursively$6(NodeTestTask.java:151)
	at org.junit.platform.engine.support.hierarchical.ThrowableCollector.execute(ThrowableCollector.java:73)
	at org.junit.platform.engine.support.hierarchical.NodeTestTask.lambda$executeRecursively$8(NodeTestTask.java:141)
	at org.junit.platform.engine.support.hierarchical.Node.around(Node.java:137)
	at org.junit.platform.engine.support.hierarchical.NodeTestTask.lambda$executeRecursively$9(NodeTestTask.java:139)
	at org.junit.platform.engine.support.hierarchical.ThrowableCollector.execute(ThrowableCollector.java:73)
	at org.junit.platform.engine.support.hierarchical.NodeTestTask.executeRecursively(NodeTestTask.java:138)
	at org.junit.platform.engine.support.hierarchical.NodeTestTask.execute(NodeTestTask.java:95)
	at java.base/java.util.ArrayList.forEach(ArrayList.java:1596)
	at org.junit.platform.engine.support.hierarchical.SameThreadHierarchicalTestExecutorService.invokeAll(SameThreadHierarchicalTestExecutorService.java:41)
	at org.junit.platform.engine.support.hierarchical.NodeTestTask.lambda$executeRecursively$6(NodeTestTask.java:155)
	at org.junit.platform.engine.support.hierarchical.ThrowableCollector.execute(ThrowableCollector.java:73)
	at org.junit.platform.engine.support.hierarchical.NodeTestTask.lambda$executeRecursively$8(NodeTestTask.java:141)
	at org.junit.platform.engine.support.hierarchical.Node.around(Node.java:137)
	at org.junit.platform.engine.support.hierarchical.NodeTestTask.lambda$executeRecursively$9(NodeTestTask.java:139)
	at org.junit.platform.engine.support.hierarchical.ThrowableCollector.execute(ThrowableCollector.java:73)
	at org.junit.platform.engine.support.hierarchical.NodeTestTask.executeRecursively(NodeTestTask.java:138)
	at org.junit.platform.engine.support.hierarchical.NodeTestTask.execute(NodeTestTask.java:95)
	at java.base/java.util.ArrayList.forEach(ArrayList.java:1596)
	at org.junit.platform.engine.support.hierarchical.SameThreadHierarchicalTestExecutorService.invokeAll(SameThreadHierarchicalTestExecutorService.java:41)
	at org.junit.platform.engine.support.hierarchical.NodeTestTask.lambda$executeRecursively$6(NodeTestTask.java:155)
	at org.junit.platform.engine.support.hierarchical.ThrowableCollector.execute(ThrowableCollector.java:73)
	at org.junit.platform.engine.support.hierarchical.NodeTestTask.lambda$executeRecursively$8(NodeTestTask.java:141)
	at org.junit.platform.engine.support.hierarchical.Node.around(Node.java:137)
	at org.junit.platform.engine.support.hierarchical.NodeTestTask.lambda$executeRecursively$9(NodeTestTask.java:139)
	at org.junit.platform.engine.support.hierarchical.ThrowableCollector.execute(ThrowableCollector.java:73)
	at org.junit.platform.engine.support.hierarchical.NodeTestTask.executeRecursively(NodeTestTask.java:138)
	at org.junit.platform.engine.support.hierarchical.NodeTestTask.execute(NodeTestTask.java:95)
	at org.junit.platform.engine.support.hierarchical.SameThreadHierarchicalTestExecutorService.submit(SameThreadHierarchicalTestExecutorService.java:35)
	at org.junit.platform.engine.support.hierarchical.HierarchicalTestExecutor.execute(HierarchicalTestExecutor.java:57)
	at org.junit.platform.engine.support.hierarchical.HierarchicalTestEngine.execute(HierarchicalTestEngine.java:54)
	at org.junit.platform.launcher.core.EngineExecutionOrchestrator.execute(EngineExecutionOrchestrator.java:198)
	at org.junit.platform.launcher.core.EngineExecutionOrchestrator.execute(EngineExecutionOrchestrator.java:169)
	at org.junit.platform.launcher.core.EngineExecutionOrchestrator.execute(EngineExecutionOrchestrator.java:93)
	at org.junit.platform.launcher.core.EngineExecutionOrchestrator.lambda$execute$0(EngineExecutionOrchestrator.java:58)
	at org.junit.platform.launcher.core.EngineExecutionOrchestrator.withInterceptedStreams(EngineExecutionOrchestrator.java:141)
	at org.junit.platform.launcher.core.EngineExecutionOrchestrator.execute(EngineExecutionOrchestrator.java:57)
	at org.junit.platform.launcher.core.DefaultLauncher.execute(DefaultLauncher.java:103)
	at org.junit.platform.launcher.core.DefaultLauncher.execute(DefaultLauncher.java:85)
	at org.junit.platform.launcher.core.DelegatingLauncher.execute(DelegatingLauncher.java:47)
	at org.junit.platform.launcher.core.SessionPerRequestLauncher.execute(SessionPerRequestLauncher.java:63)
	at com.intellij.junit5.JUnit5IdeaTestRunner.startRunnerWithArgs(JUnit5IdeaTestRunner.java:57)
	at com.intellij.rt.junit.IdeaTestRunner$Repeater$1.execute(IdeaTestRunner.java:38)
	at com.intellij.rt.execution.junit.TestsRepeater.repeat(TestsRepeater.java:11)
	at com.intellij.rt.junit.IdeaTestRunner$Repeater.startRunnerWithArgs(IdeaTestRunner.java:35)
	at com.intellij.rt.junit.JUnitStarter.prepareStreamsAndStart(JUnitStarter.java:232)
	at com.intellij.rt.junit.JUnitStarter.main(JUnitStarter.java:55)
2025-07-29 11:53:58 [main] ERROR l.i.u.t.SubmittedApplicationsPageTest - Test 'testFillNewDVPApplicationFA' failed with error: Nepavyko pasirinkti reikšmės iš dropdown'o: PAVARDENIS GR777
java.lang.RuntimeException: Nepavyko pasirinkti reikšmės iš dropdown'o: PAVARDENIS GR777
	at lt.insoft.uztis.pages.SubmittedApplicationsPage.selectValueApplicant(SubmittedApplicationsPage.java:641)
	at lt.insoft.uztis.tests.SubmittedApplicationsPageTest.testFillNewDVPApplicationFA(SubmittedApplicationsPageTest.java:642)
	at java.base/jdk.internal.reflect.DirectMethodHandleAccessor.invoke(DirectMethodHandleAccessor.java:103)
	at java.base/java.lang.reflect.Method.invoke(Method.java:580)
	at org.junit.platform.commons.util.ReflectionUtils.invokeMethod(ReflectionUtils.java:728)
	at org.junit.jupiter.engine.execution.MethodInvocation.proceed(MethodInvocation.java:60)
	at org.junit.jupiter.engine.execution.InvocationInterceptorChain$ValidatingInvocation.proceed(InvocationInterceptorChain.java:131)
	at org.junit.jupiter.engine.extension.TimeoutExtension.intercept(TimeoutExtension.java:156)
	at org.junit.jupiter.engine.extension.TimeoutExtension.interceptTestableMethod(TimeoutExtension.java:147)
	at org.junit.jupiter.engine.extension.TimeoutExtension.interceptTestMethod(TimeoutExtension.java:86)
	at org.junit.jupiter.engine.execution.InterceptingExecutableInvoker$ReflectiveInterceptorCall.lambda$ofVoidMethod$0(InterceptingExecutableInvoker.java:103)
	at org.junit.jupiter.engine.execution.InterceptingExecutableInvoker.lambda$invoke$0(InterceptingExecutableInvoker.java:93)
	at org.junit.jupiter.engine.execution.InvocationInterceptorChain$InterceptedInvocation.proceed(InvocationInterceptorChain.java:106)
	at org.junit.jupiter.engine.execution.InvocationInterceptorChain.proceed(InvocationInterceptorChain.java:64)
	at org.junit.jupiter.engine.execution.InvocationInterceptorChain.chainAndInvoke(InvocationInterceptorChain.java:45)
	at org.junit.jupiter.engine.execution.InvocationInterceptorChain.invoke(InvocationInterceptorChain.java:37)
	at org.junit.jupiter.engine.execution.InterceptingExecutableInvoker.invoke(InterceptingExecutableInvoker.java:92)
	at org.junit.jupiter.engine.execution.InterceptingExecutableInvoker.invoke(InterceptingExecutableInvoker.java:86)
	at org.junit.jupiter.engine.descriptor.TestMethodTestDescriptor.lambda$invokeTestMethod$7(TestMethodTestDescriptor.java:218)
	at org.junit.platform.engine.support.hierarchical.ThrowableCollector.execute(ThrowableCollector.java:73)
	at org.junit.jupiter.engine.descriptor.TestMethodTestDescriptor.invokeTestMethod(TestMethodTestDescriptor.java:214)
	at org.junit.jupiter.engine.descriptor.TestMethodTestDescriptor.execute(TestMethodTestDescriptor.java:139)
	at org.junit.jupiter.engine.descriptor.TestMethodTestDescriptor.execute(TestMethodTestDescriptor.java:69)
	at org.junit.platform.engine.support.hierarchical.NodeTestTask.lambda$executeRecursively$6(NodeTestTask.java:151)
	at org.junit.platform.engine.support.hierarchical.ThrowableCollector.execute(ThrowableCollector.java:73)
	at org.junit.platform.engine.support.hierarchical.NodeTestTask.lambda$executeRecursively$8(NodeTestTask.java:141)
	at org.junit.platform.engine.support.hierarchical.Node.around(Node.java:137)
	at org.junit.platform.engine.support.hierarchical.NodeTestTask.lambda$executeRecursively$9(NodeTestTask.java:139)
	at org.junit.platform.engine.support.hierarchical.ThrowableCollector.execute(ThrowableCollector.java:73)
	at org.junit.platform.engine.support.hierarchical.NodeTestTask.executeRecursively(NodeTestTask.java:138)
	at org.junit.platform.engine.support.hierarchical.NodeTestTask.execute(NodeTestTask.java:95)
	at java.base/java.util.ArrayList.forEach(ArrayList.java:1596)
	at org.junit.platform.engine.support.hierarchical.SameThreadHierarchicalTestExecutorService.invokeAll(SameThreadHierarchicalTestExecutorService.java:41)
	at org.junit.platform.engine.support.hierarchical.NodeTestTask.lambda$executeRecursively$6(NodeTestTask.java:155)
	at org.junit.platform.engine.support.hierarchical.ThrowableCollector.execute(ThrowableCollector.java:73)
	at org.junit.platform.engine.support.hierarchical.NodeTestTask.lambda$executeRecursively$8(NodeTestTask.java:141)
	at org.junit.platform.engine.support.hierarchical.Node.around(Node.java:137)
	at org.junit.platform.engine.support.hierarchical.NodeTestTask.lambda$executeRecursively$9(NodeTestTask.java:139)
	at org.junit.platform.engine.support.hierarchical.ThrowableCollector.execute(ThrowableCollector.java:73)
	at org.junit.platform.engine.support.hierarchical.NodeTestTask.executeRecursively(NodeTestTask.java:138)
	at org.junit.platform.engine.support.hierarchical.NodeTestTask.execute(NodeTestTask.java:95)
	at java.base/java.util.ArrayList.forEach(ArrayList.java:1596)
	at org.junit.platform.engine.support.hierarchical.SameThreadHierarchicalTestExecutorService.invokeAll(SameThreadHierarchicalTestExecutorService.java:41)
	at org.junit.platform.engine.support.hierarchical.NodeTestTask.lambda$executeRecursively$6(NodeTestTask.java:155)
	at org.junit.platform.engine.support.hierarchical.ThrowableCollector.execute(ThrowableCollector.java:73)
	at org.junit.platform.engine.support.hierarchical.NodeTestTask.lambda$executeRecursively$8(NodeTestTask.java:141)
	at org.junit.platform.engine.support.hierarchical.Node.around(Node.java:137)
	at org.junit.platform.engine.support.hierarchical.NodeTestTask.lambda$executeRecursively$9(NodeTestTask.java:139)
	at org.junit.platform.engine.support.hierarchical.ThrowableCollector.execute(ThrowableCollector.java:73)
	at org.junit.platform.engine.support.hierarchical.NodeTestTask.executeRecursively(NodeTestTask.java:138)
	at org.junit.platform.engine.support.hierarchical.NodeTestTask.execute(NodeTestTask.java:95)
	at org.junit.platform.engine.support.hierarchical.SameThreadHierarchicalTestExecutorService.submit(SameThreadHierarchicalTestExecutorService.java:35)
	at org.junit.platform.engine.support.hierarchical.HierarchicalTestExecutor.execute(HierarchicalTestExecutor.java:57)
	at org.junit.platform.engine.support.hierarchical.HierarchicalTestEngine.execute(HierarchicalTestEngine.java:54)
	at org.junit.platform.launcher.core.EngineExecutionOrchestrator.execute(EngineExecutionOrchestrator.java:198)
	at org.junit.platform.launcher.core.EngineExecutionOrchestrator.execute(EngineExecutionOrchestrator.java:169)
	at org.junit.platform.launcher.core.EngineExecutionOrchestrator.execute(EngineExecutionOrchestrator.java:93)
	at org.junit.platform.launcher.core.EngineExecutionOrchestrator.lambda$execute$0(EngineExecutionOrchestrator.java:58)
	at org.junit.platform.launcher.core.EngineExecutionOrchestrator.withInterceptedStreams(EngineExecutionOrchestrator.java:141)
	at org.junit.platform.launcher.core.EngineExecutionOrchestrator.execute(EngineExecutionOrchestrator.java:57)
	at org.junit.platform.launcher.core.DefaultLauncher.execute(DefaultLauncher.java:103)
	at org.junit.platform.launcher.core.DefaultLauncher.execute(DefaultLauncher.java:85)
	at org.junit.platform.launcher.core.DelegatingLauncher.execute(DelegatingLauncher.java:47)
	at org.junit.platform.launcher.core.SessionPerRequestLauncher.execute(SessionPerRequestLauncher.java:63)
	at com.intellij.junit5.JUnit5IdeaTestRunner.startRunnerWithArgs(JUnit5IdeaTestRunner.java:57)
	at com.intellij.rt.junit.IdeaTestRunner$Repeater$1.execute(IdeaTestRunner.java:38)
	at com.intellij.rt.execution.junit.TestsRepeater.repeat(TestsRepeater.java:11)
	at com.intellij.rt.junit.IdeaTestRunner$Repeater.startRunnerWithArgs(IdeaTestRunner.java:35)
	at com.intellij.rt.junit.JUnitStarter.prepareStreamsAndStart(JUnitStarter.java:232)
	at com.intellij.rt.junit.JUnitStarter.main(JUnitStarter.java:55)
Caused by: org.openqa.selenium.TimeoutException: Expected condition failed: waiting for visibility of element located by By.xpath: //mat-option[contains(., 'PAVARDENIS GR777')] (tried for 30 second(s) with 500 milliseconds interval)
Build info: version: '4.27.0', revision: 'd6e718d134'
System info: os.name: 'Windows 11', os.arch: 'amd64', os.version: '10.0', java.version: '21.0.3'
Driver info: org.openqa.selenium.chrome.ChromeDriver
Capabilities {acceptInsecureCerts: false, browserName: chrome, browserVersion: 138.0.7204.169, chrome: {chromedriverVersion: 138.0.7204.168 (3e8d82e86e9..., userDataDir: C:\Users\INGRID~1.ZAD\AppDa...}, fedcm:accounts: true, goog:chromeOptions: {debuggerAddress: localhost:58770}, networkConnectionEnabled: false, pageLoadStrategy: normal, platformName: windows, proxy: Proxy(), se:cdp: ws://localhost:58770/devtoo..., se:cdpVersion: 138.0.7204.169, setWindowRect: true, strictFileInteractability: false, timeouts: {implicit: 0, pageLoad: 300000, script: 30000}, unhandledPromptBehavior: dismiss and notify, webauthn:extension:credBlob: true, webauthn:extension:largeBlob: true, webauthn:extension:minPinLength: true, webauthn:extension:prf: true, webauthn:virtualAuthenticators: true}
Session ID: 97687dc22467cbc43d54deec6d6b0023
	at org.openqa.selenium.support.ui.WebDriverWait.timeoutException(WebDriverWait.java:84)
	at org.openqa.selenium.support.ui.FluentWait.until(FluentWait.java:228)
	at lt.insoft.uztis.pages.SubmittedApplicationsPage.selectValueApplicant(SubmittedApplicationsPage.java:628)
	... 69 common frames omitted
2025-07-29 11:53:58 [main] INFO  l.insoft.uztis.tests.utils.TestUtils - Screenshot moved to C:\Users\ingrida.zadorozniene\Desktop\Asm\UZTIS\UZTIS_tests\test-output\screenshots\20250729\115358516_testFillNewDVPApplicationFA().png
2025-07-29 12:09:51 [main] INFO  lt.insoft.uztis.tests.UztisPageTest - Navigated to https://uztisdev.asseco.lt/home
2025-07-29 12:09:51 [main] INFO  l.i.u.t.SubmittedApplicationsPageTest - Starting test:'testFillNewDVPApplicationFA'
2025-07-29 12:09:51 [main] INFO  l.insoft.uztis.tests.utils.TestUtils - Login attempt with user: evaluation_chief
2025-07-29 12:09:51 [main] DEBUG l.i.u.t.SubmittedApplicationsPageTest - User logged in with test credentials
2025-07-29 12:09:52 [main] DEBUG l.i.u.t.SubmittedApplicationsPageTest - Opened 'Application Processing' menu.
2025-07-29 12:09:52 [main] DEBUG l.i.u.t.SubmittedApplicationsPageTest - Clicked on 'Application Forms' menu.
2025-07-29 12:09:53 [main] DEBUG l.i.u.t.SubmittedApplicationsPageTest - Retrieved last description code text: 'TST-DVP-42'.
2025-07-29 12:09:53 [main] DEBUG l.i.u.t.SubmittedApplicationsPageTest - Clicked on 'Invitation' menu.
2025-07-29 12:09:55 [main] DEBUG l.i.u.t.SubmittedApplicationsPageTest - Selected application section by code: 'TST-DVP-42'.
2025-07-29 12:09:55 [main] DEBUG l.i.u.t.SubmittedApplicationsPageTest - Clicked 'Search' button.
2025-07-29 12:09:55 [main] DEBUG l.i.u.t.SubmittedApplicationsPageTest - Retrieved invitation code: ''.
2025-07-29 12:09:55 [main] DEBUG l.i.u.t.SubmittedApplicationsPageTest - Clicked on 'Submitted Applications' menu.
2025-07-29 12:09:56 [main] DEBUG l.i.u.t.SubmittedApplicationsPageTest - Selected invitation by code: 'TST-DVP-42'.
2025-07-29 12:09:56 [main] DEBUG l.i.u.t.SubmittedApplicationsPageTest - Invitation code inserted.
2025-07-29 12:09:57 [main] DEBUG l.i.u.t.SubmittedApplicationsPageTest - Clicked on 'Action Application' button.
2025-07-29 12:09:57 [main] DEBUG l.i.u.t.SubmittedApplicationsPageTest - Clicked on 'New Application' button.
2025-07-29 12:09:57 [main] DEBUG l.i.u.t.SubmittedApplicationsPageTest - Selected the 'RadioButtonFA' option.
2025-07-29 12:09:57 [main] INFO  l.i.u.p.SubmittedApplicationsPage - Dropdown opened.
2025-07-29 12:09:57 [main] DEBUG l.i.u.p.SubmittedApplicationsPage - Entered search text: 'PAVARDENIS GR777'
2025-07-29 12:10:29 [main] ERROR l.i.u.p.SubmittedApplicationsPage - Nepavyko pasirinkti reikšmės 'PAVARDENIS GR777': Expected condition failed: waiting for visibility of element located by By.xpath: //mat-option[contains(., 'PAVARDENIS GR777')] (tried for 30 second(s) with 500 milliseconds interval)
Build info: version: '4.27.0', revision: 'd6e718d134'
System info: os.name: 'Windows 11', os.arch: 'amd64', os.version: '10.0', java.version: '21.0.3'
Driver info: org.openqa.selenium.chrome.ChromeDriver
Capabilities {acceptInsecureCerts: false, browserName: chrome, browserVersion: 138.0.7204.169, chrome: {chromedriverVersion: 138.0.7204.168 (3e8d82e86e9..., userDataDir: C:\Users\INGRID~1.ZAD\AppDa...}, fedcm:accounts: true, goog:chromeOptions: {debuggerAddress: localhost:59362}, networkConnectionEnabled: false, pageLoadStrategy: normal, platformName: windows, proxy: Proxy(), se:cdp: ws://localhost:59362/devtoo..., se:cdpVersion: 138.0.7204.169, setWindowRect: true, strictFileInteractability: false, timeouts: {implicit: 0, pageLoad: 300000, script: 30000}, unhandledPromptBehavior: dismiss and notify, webauthn:extension:credBlob: true, webauthn:extension:largeBlob: true, webauthn:extension:minPinLength: true, webauthn:extension:prf: true, webauthn:virtualAuthenticators: true}
Session ID: 1c69194b7a9e645a4974f6e0481dc3b7
org.openqa.selenium.TimeoutException: Expected condition failed: waiting for visibility of element located by By.xpath: //mat-option[contains(., 'PAVARDENIS GR777')] (tried for 30 second(s) with 500 milliseconds interval)
Build info: version: '4.27.0', revision: 'd6e718d134'
System info: os.name: 'Windows 11', os.arch: 'amd64', os.version: '10.0', java.version: '21.0.3'
Driver info: org.openqa.selenium.chrome.ChromeDriver
Capabilities {acceptInsecureCerts: false, browserName: chrome, browserVersion: 138.0.7204.169, chrome: {chromedriverVersion: 138.0.7204.168 (3e8d82e86e9..., userDataDir: C:\Users\INGRID~1.ZAD\AppDa...}, fedcm:accounts: true, goog:chromeOptions: {debuggerAddress: localhost:59362}, networkConnectionEnabled: false, pageLoadStrategy: normal, platformName: windows, proxy: Proxy(), se:cdp: ws://localhost:59362/devtoo..., se:cdpVersion: 138.0.7204.169, setWindowRect: true, strictFileInteractability: false, timeouts: {implicit: 0, pageLoad: 300000, script: 30000}, unhandledPromptBehavior: dismiss and notify, webauthn:extension:credBlob: true, webauthn:extension:largeBlob: true, webauthn:extension:minPinLength: true, webauthn:extension:prf: true, webauthn:virtualAuthenticators: true}
Session ID: 1c69194b7a9e645a4974f6e0481dc3b7
	at org.openqa.selenium.support.ui.WebDriverWait.timeoutException(WebDriverWait.java:84)
	at org.openqa.selenium.support.ui.FluentWait.until(FluentWait.java:228)
	at lt.insoft.uztis.pages.SubmittedApplicationsPage.selectValueApplicant(SubmittedApplicationsPage.java:630)
	at lt.insoft.uztis.tests.SubmittedApplicationsPageTest.testFillNewDVPApplicationFA(SubmittedApplicationsPageTest.java:642)
	at java.base/jdk.internal.reflect.DirectMethodHandleAccessor.invoke(DirectMethodHandleAccessor.java:103)
	at java.base/java.lang.reflect.Method.invoke(Method.java:580)
	at org.junit.platform.commons.util.ReflectionUtils.invokeMethod(ReflectionUtils.java:728)
	at org.junit.jupiter.engine.execution.MethodInvocation.proceed(MethodInvocation.java:60)
	at org.junit.jupiter.engine.execution.InvocationInterceptorChain$ValidatingInvocation.proceed(InvocationInterceptorChain.java:131)
	at org.junit.jupiter.engine.extension.TimeoutExtension.intercept(TimeoutExtension.java:156)
	at org.junit.jupiter.engine.extension.TimeoutExtension.interceptTestableMethod(TimeoutExtension.java:147)
	at org.junit.jupiter.engine.extension.TimeoutExtension.interceptTestMethod(TimeoutExtension.java:86)
	at org.junit.jupiter.engine.execution.InterceptingExecutableInvoker$ReflectiveInterceptorCall.lambda$ofVoidMethod$0(InterceptingExecutableInvoker.java:103)
	at org.junit.jupiter.engine.execution.InterceptingExecutableInvoker.lambda$invoke$0(InterceptingExecutableInvoker.java:93)
	at org.junit.jupiter.engine.execution.InvocationInterceptorChain$InterceptedInvocation.proceed(InvocationInterceptorChain.java:106)
	at org.junit.jupiter.engine.execution.InvocationInterceptorChain.proceed(InvocationInterceptorChain.java:64)
	at org.junit.jupiter.engine.execution.InvocationInterceptorChain.chainAndInvoke(InvocationInterceptorChain.java:45)
	at org.junit.jupiter.engine.execution.InvocationInterceptorChain.invoke(InvocationInterceptorChain.java:37)
	at org.junit.jupiter.engine.execution.InterceptingExecutableInvoker.invoke(InterceptingExecutableInvoker.java:92)
	at org.junit.jupiter.engine.execution.InterceptingExecutableInvoker.invoke(InterceptingExecutableInvoker.java:86)
	at org.junit.jupiter.engine.descriptor.TestMethodTestDescriptor.lambda$invokeTestMethod$7(TestMethodTestDescriptor.java:218)
	at org.junit.platform.engine.support.hierarchical.ThrowableCollector.execute(ThrowableCollector.java:73)
	at org.junit.jupiter.engine.descriptor.TestMethodTestDescriptor.invokeTestMethod(TestMethodTestDescriptor.java:214)
	at org.junit.jupiter.engine.descriptor.TestMethodTestDescriptor.execute(TestMethodTestDescriptor.java:139)
	at org.junit.jupiter.engine.descriptor.TestMethodTestDescriptor.execute(TestMethodTestDescriptor.java:69)
	at org.junit.platform.engine.support.hierarchical.NodeTestTask.lambda$executeRecursively$6(NodeTestTask.java:151)
	at org.junit.platform.engine.support.hierarchical.ThrowableCollector.execute(ThrowableCollector.java:73)
	at org.junit.platform.engine.support.hierarchical.NodeTestTask.lambda$executeRecursively$8(NodeTestTask.java:141)
	at org.junit.platform.engine.support.hierarchical.Node.around(Node.java:137)
	at org.junit.platform.engine.support.hierarchical.NodeTestTask.lambda$executeRecursively$9(NodeTestTask.java:139)
	at org.junit.platform.engine.support.hierarchical.ThrowableCollector.execute(ThrowableCollector.java:73)
	at org.junit.platform.engine.support.hierarchical.NodeTestTask.executeRecursively(NodeTestTask.java:138)
	at org.junit.platform.engine.support.hierarchical.NodeTestTask.execute(NodeTestTask.java:95)
	at java.base/java.util.ArrayList.forEach(ArrayList.java:1596)
	at org.junit.platform.engine.support.hierarchical.SameThreadHierarchicalTestExecutorService.invokeAll(SameThreadHierarchicalTestExecutorService.java:41)
	at org.junit.platform.engine.support.hierarchical.NodeTestTask.lambda$executeRecursively$6(NodeTestTask.java:155)
	at org.junit.platform.engine.support.hierarchical.ThrowableCollector.execute(ThrowableCollector.java:73)
	at org.junit.platform.engine.support.hierarchical.NodeTestTask.lambda$executeRecursively$8(NodeTestTask.java:141)
	at org.junit.platform.engine.support.hierarchical.Node.around(Node.java:137)
	at org.junit.platform.engine.support.hierarchical.NodeTestTask.lambda$executeRecursively$9(NodeTestTask.java:139)
	at org.junit.platform.engine.support.hierarchical.ThrowableCollector.execute(ThrowableCollector.java:73)
	at org.junit.platform.engine.support.hierarchical.NodeTestTask.executeRecursively(NodeTestTask.java:138)
	at org.junit.platform.engine.support.hierarchical.NodeTestTask.execute(NodeTestTask.java:95)
	at java.base/java.util.ArrayList.forEach(ArrayList.java:1596)
	at org.junit.platform.engine.support.hierarchical.SameThreadHierarchicalTestExecutorService.invokeAll(SameThreadHierarchicalTestExecutorService.java:41)
	at org.junit.platform.engine.support.hierarchical.NodeTestTask.lambda$executeRecursively$6(NodeTestTask.java:155)
	at org.junit.platform.engine.support.hierarchical.ThrowableCollector.execute(ThrowableCollector.java:73)
	at org.junit.platform.engine.support.hierarchical.NodeTestTask.lambda$executeRecursively$8(NodeTestTask.java:141)
	at org.junit.platform.engine.support.hierarchical.Node.around(Node.java:137)
	at org.junit.platform.engine.support.hierarchical.NodeTestTask.lambda$executeRecursively$9(NodeTestTask.java:139)
	at org.junit.platform.engine.support.hierarchical.ThrowableCollector.execute(ThrowableCollector.java:73)
	at org.junit.platform.engine.support.hierarchical.NodeTestTask.executeRecursively(NodeTestTask.java:138)
	at org.junit.platform.engine.support.hierarchical.NodeTestTask.execute(NodeTestTask.java:95)
	at org.junit.platform.engine.support.hierarchical.SameThreadHierarchicalTestExecutorService.submit(SameThreadHierarchicalTestExecutorService.java:35)
	at org.junit.platform.engine.support.hierarchical.HierarchicalTestExecutor.execute(HierarchicalTestExecutor.java:57)
	at org.junit.platform.engine.support.hierarchical.HierarchicalTestEngine.execute(HierarchicalTestEngine.java:54)
	at org.junit.platform.launcher.core.EngineExecutionOrchestrator.execute(EngineExecutionOrchestrator.java:198)
	at org.junit.platform.launcher.core.EngineExecutionOrchestrator.execute(EngineExecutionOrchestrator.java:169)
	at org.junit.platform.launcher.core.EngineExecutionOrchestrator.execute(EngineExecutionOrchestrator.java:93)
	at org.junit.platform.launcher.core.EngineExecutionOrchestrator.lambda$execute$0(EngineExecutionOrchestrator.java:58)
	at org.junit.platform.launcher.core.EngineExecutionOrchestrator.withInterceptedStreams(EngineExecutionOrchestrator.java:141)
	at org.junit.platform.launcher.core.EngineExecutionOrchestrator.execute(EngineExecutionOrchestrator.java:57)
	at org.junit.platform.launcher.core.DefaultLauncher.execute(DefaultLauncher.java:103)
	at org.junit.platform.launcher.core.DefaultLauncher.execute(DefaultLauncher.java:85)
	at org.junit.platform.launcher.core.DelegatingLauncher.execute(DelegatingLauncher.java:47)
	at org.junit.platform.launcher.core.SessionPerRequestLauncher.execute(SessionPerRequestLauncher.java:63)
	at com.intellij.junit5.JUnit5IdeaTestRunner.startRunnerWithArgs(JUnit5IdeaTestRunner.java:57)
	at com.intellij.rt.junit.IdeaTestRunner$Repeater$1.execute(IdeaTestRunner.java:38)
	at com.intellij.rt.execution.junit.TestsRepeater.repeat(TestsRepeater.java:11)
	at com.intellij.rt.junit.IdeaTestRunner$Repeater.startRunnerWithArgs(IdeaTestRunner.java:35)
	at com.intellij.rt.junit.JUnitStarter.prepareStreamsAndStart(JUnitStarter.java:232)
	at com.intellij.rt.junit.JUnitStarter.main(JUnitStarter.java:55)
2025-07-29 12:10:29 [main] ERROR l.i.u.t.SubmittedApplicationsPageTest - Test 'testFillNewDVPApplicationFA' failed with error: Nepavyko pasirinkti reikšmės iš dropdown'o: PAVARDENIS GR777
java.lang.RuntimeException: Nepavyko pasirinkti reikšmės iš dropdown'o: PAVARDENIS GR777
	at lt.insoft.uztis.pages.SubmittedApplicationsPage.selectValueApplicant(SubmittedApplicationsPage.java:643)
	at lt.insoft.uztis.tests.SubmittedApplicationsPageTest.testFillNewDVPApplicationFA(SubmittedApplicationsPageTest.java:642)
	at java.base/jdk.internal.reflect.DirectMethodHandleAccessor.invoke(DirectMethodHandleAccessor.java:103)
	at java.base/java.lang.reflect.Method.invoke(Method.java:580)
	at org.junit.platform.commons.util.ReflectionUtils.invokeMethod(ReflectionUtils.java:728)
	at org.junit.jupiter.engine.execution.MethodInvocation.proceed(MethodInvocation.java:60)
	at org.junit.jupiter.engine.execution.InvocationInterceptorChain$ValidatingInvocation.proceed(InvocationInterceptorChain.java:131)
	at org.junit.jupiter.engine.extension.TimeoutExtension.intercept(TimeoutExtension.java:156)
	at org.junit.jupiter.engine.extension.TimeoutExtension.interceptTestableMethod(TimeoutExtension.java:147)
	at org.junit.jupiter.engine.extension.TimeoutExtension.interceptTestMethod(TimeoutExtension.java:86)
	at org.junit.jupiter.engine.execution.InterceptingExecutableInvoker$ReflectiveInterceptorCall.lambda$ofVoidMethod$0(InterceptingExecutableInvoker.java:103)
	at org.junit.jupiter.engine.execution.InterceptingExecutableInvoker.lambda$invoke$0(InterceptingExecutableInvoker.java:93)
	at org.junit.jupiter.engine.execution.InvocationInterceptorChain$InterceptedInvocation.proceed(InvocationInterceptorChain.java:106)
	at org.junit.jupiter.engine.execution.InvocationInterceptorChain.proceed(InvocationInterceptorChain.java:64)
	at org.junit.jupiter.engine.execution.InvocationInterceptorChain.chainAndInvoke(InvocationInterceptorChain.java:45)
	at org.junit.jupiter.engine.execution.InvocationInterceptorChain.invoke(InvocationInterceptorChain.java:37)
	at org.junit.jupiter.engine.execution.InterceptingExecutableInvoker.invoke(InterceptingExecutableInvoker.java:92)
	at org.junit.jupiter.engine.execution.InterceptingExecutableInvoker.invoke(InterceptingExecutableInvoker.java:86)
	at org.junit.jupiter.engine.descriptor.TestMethodTestDescriptor.lambda$invokeTestMethod$7(TestMethodTestDescriptor.java:218)
	at org.junit.platform.engine.support.hierarchical.ThrowableCollector.execute(ThrowableCollector.java:73)
	at org.junit.jupiter.engine.descriptor.TestMethodTestDescriptor.invokeTestMethod(TestMethodTestDescriptor.java:214)
	at org.junit.jupiter.engine.descriptor.TestMethodTestDescriptor.execute(TestMethodTestDescriptor.java:139)
	at org.junit.jupiter.engine.descriptor.TestMethodTestDescriptor.execute(TestMethodTestDescriptor.java:69)
	at org.junit.platform.engine.support.hierarchical.NodeTestTask.lambda$executeRecursively$6(NodeTestTask.java:151)
	at org.junit.platform.engine.support.hierarchical.ThrowableCollector.execute(ThrowableCollector.java:73)
	at org.junit.platform.engine.support.hierarchical.NodeTestTask.lambda$executeRecursively$8(NodeTestTask.java:141)
	at org.junit.platform.engine.support.hierarchical.Node.around(Node.java:137)
	at org.junit.platform.engine.support.hierarchical.NodeTestTask.lambda$executeRecursively$9(NodeTestTask.java:139)
	at org.junit.platform.engine.support.hierarchical.ThrowableCollector.execute(ThrowableCollector.java:73)
	at org.junit.platform.engine.support.hierarchical.NodeTestTask.executeRecursively(NodeTestTask.java:138)
	at org.junit.platform.engine.support.hierarchical.NodeTestTask.execute(NodeTestTask.java:95)
	at java.base/java.util.ArrayList.forEach(ArrayList.java:1596)
	at org.junit.platform.engine.support.hierarchical.SameThreadHierarchicalTestExecutorService.invokeAll(SameThreadHierarchicalTestExecutorService.java:41)
	at org.junit.platform.engine.support.hierarchical.NodeTestTask.lambda$executeRecursively$6(NodeTestTask.java:155)
	at org.junit.platform.engine.support.hierarchical.ThrowableCollector.execute(ThrowableCollector.java:73)
	at org.junit.platform.engine.support.hierarchical.NodeTestTask.lambda$executeRecursively$8(NodeTestTask.java:141)
	at org.junit.platform.engine.support.hierarchical.Node.around(Node.java:137)
	at org.junit.platform.engine.support.hierarchical.NodeTestTask.lambda$executeRecursively$9(NodeTestTask.java:139)
	at org.junit.platform.engine.support.hierarchical.ThrowableCollector.execute(ThrowableCollector.java:73)
	at org.junit.platform.engine.support.hierarchical.NodeTestTask.executeRecursively(NodeTestTask.java:138)
	at org.junit.platform.engine.support.hierarchical.NodeTestTask.execute(NodeTestTask.java:95)
	at java.base/java.util.ArrayList.forEach(ArrayList.java:1596)
	at org.junit.platform.engine.support.hierarchical.SameThreadHierarchicalTestExecutorService.invokeAll(SameThreadHierarchicalTestExecutorService.java:41)
	at org.junit.platform.engine.support.hierarchical.NodeTestTask.lambda$executeRecursively$6(NodeTestTask.java:155)
	at org.junit.platform.engine.support.hierarchical.ThrowableCollector.execute(ThrowableCollector.java:73)
	at org.junit.platform.engine.support.hierarchical.NodeTestTask.lambda$executeRecursively$8(NodeTestTask.java:141)
	at org.junit.platform.engine.support.hierarchical.Node.around(Node.java:137)
	at org.junit.platform.engine.support.hierarchical.NodeTestTask.lambda$executeRecursively$9(NodeTestTask.java:139)
	at org.junit.platform.engine.support.hierarchical.ThrowableCollector.execute(ThrowableCollector.java:73)
	at org.junit.platform.engine.support.hierarchical.NodeTestTask.executeRecursively(NodeTestTask.java:138)
	at org.junit.platform.engine.support.hierarchical.NodeTestTask.execute(NodeTestTask.java:95)
	at org.junit.platform.engine.support.hierarchical.SameThreadHierarchicalTestExecutorService.submit(SameThreadHierarchicalTestExecutorService.java:35)
	at org.junit.platform.engine.support.hierarchical.HierarchicalTestExecutor.execute(HierarchicalTestExecutor.java:57)
	at org.junit.platform.engine.support.hierarchical.HierarchicalTestEngine.execute(HierarchicalTestEngine.java:54)
	at org.junit.platform.launcher.core.EngineExecutionOrchestrator.execute(EngineExecutionOrchestrator.java:198)
	at org.junit.platform.launcher.core.EngineExecutionOrchestrator.execute(EngineExecutionOrchestrator.java:169)
	at org.junit.platform.launcher.core.EngineExecutionOrchestrator.execute(EngineExecutionOrchestrator.java:93)
	at org.junit.platform.launcher.core.EngineExecutionOrchestrator.lambda$execute$0(EngineExecutionOrchestrator.java:58)
	at org.junit.platform.launcher.core.EngineExecutionOrchestrator.withInterceptedStreams(EngineExecutionOrchestrator.java:141)
	at org.junit.platform.launcher.core.EngineExecutionOrchestrator.execute(EngineExecutionOrchestrator.java:57)
	at org.junit.platform.launcher.core.DefaultLauncher.execute(DefaultLauncher.java:103)
	at org.junit.platform.launcher.core.DefaultLauncher.execute(DefaultLauncher.java:85)
	at org.junit.platform.launcher.core.DelegatingLauncher.execute(DelegatingLauncher.java:47)
	at org.junit.platform.launcher.core.SessionPerRequestLauncher.execute(SessionPerRequestLauncher.java:63)
	at com.intellij.junit5.JUnit5IdeaTestRunner.startRunnerWithArgs(JUnit5IdeaTestRunner.java:57)
	at com.intellij.rt.junit.IdeaTestRunner$Repeater$1.execute(IdeaTestRunner.java:38)
	at com.intellij.rt.execution.junit.TestsRepeater.repeat(TestsRepeater.java:11)
	at com.intellij.rt.junit.IdeaTestRunner$Repeater.startRunnerWithArgs(IdeaTestRunner.java:35)
	at com.intellij.rt.junit.JUnitStarter.prepareStreamsAndStart(JUnitStarter.java:232)
	at com.intellij.rt.junit.JUnitStarter.main(JUnitStarter.java:55)
Caused by: org.openqa.selenium.TimeoutException: Expected condition failed: waiting for visibility of element located by By.xpath: //mat-option[contains(., 'PAVARDENIS GR777')] (tried for 30 second(s) with 500 milliseconds interval)
Build info: version: '4.27.0', revision: 'd6e718d134'
System info: os.name: 'Windows 11', os.arch: 'amd64', os.version: '10.0', java.version: '21.0.3'
Driver info: org.openqa.selenium.chrome.ChromeDriver
Capabilities {acceptInsecureCerts: false, browserName: chrome, browserVersion: 138.0.7204.169, chrome: {chromedriverVersion: 138.0.7204.168 (3e8d82e86e9..., userDataDir: C:\Users\INGRID~1.ZAD\AppDa...}, fedcm:accounts: true, goog:chromeOptions: {debuggerAddress: localhost:59362}, networkConnectionEnabled: false, pageLoadStrategy: normal, platformName: windows, proxy: Proxy(), se:cdp: ws://localhost:59362/devtoo..., se:cdpVersion: 138.0.7204.169, setWindowRect: true, strictFileInteractability: false, timeouts: {implicit: 0, pageLoad: 300000, script: 30000}, unhandledPromptBehavior: dismiss and notify, webauthn:extension:credBlob: true, webauthn:extension:largeBlob: true, webauthn:extension:minPinLength: true, webauthn:extension:prf: true, webauthn:virtualAuthenticators: true}
Session ID: 1c69194b7a9e645a4974f6e0481dc3b7
	at org.openqa.selenium.support.ui.WebDriverWait.timeoutException(WebDriverWait.java:84)
	at org.openqa.selenium.support.ui.FluentWait.until(FluentWait.java:228)
	at lt.insoft.uztis.pages.SubmittedApplicationsPage.selectValueApplicant(SubmittedApplicationsPage.java:630)
	... 69 common frames omitted
2025-07-29 12:10:29 [main] INFO  l.insoft.uztis.tests.utils.TestUtils - Screenshot moved to C:\Users\ingrida.zadorozniene\Desktop\Asm\UZTIS\UZTIS_tests\test-output\screenshots\20250729\121029231_testFillNewDVPApplicationFA().png
2025-07-29 12:12:21 [main] INFO  lt.insoft.uztis.tests.UztisPageTest - Navigated to https://uztisdev.asseco.lt/home
2025-07-29 12:12:21 [main] INFO  l.i.u.t.SubmittedApplicationsPageTest - Starting test:'testFillNewDVPApplicationFA'
2025-07-29 12:12:21 [main] INFO  l.insoft.uztis.tests.utils.TestUtils - Login attempt with user: evaluation_chief
2025-07-29 12:12:21 [main] DEBUG l.i.u.t.SubmittedApplicationsPageTest - User logged in with test credentials
2025-07-29 12:12:22 [main] DEBUG l.i.u.t.SubmittedApplicationsPageTest - Opened 'Application Processing' menu.
2025-07-29 12:12:22 [main] DEBUG l.i.u.t.SubmittedApplicationsPageTest - Clicked on 'Application Forms' menu.
2025-07-29 12:12:22 [main] DEBUG l.i.u.t.SubmittedApplicationsPageTest - Retrieved last description code text: 'TST-DVP-42'.
2025-07-29 12:12:22 [main] DEBUG l.i.u.t.SubmittedApplicationsPageTest - Clicked on 'Invitation' menu.
2025-07-29 12:12:24 [main] DEBUG l.i.u.t.SubmittedApplicationsPageTest - Selected application section by code: 'TST-DVP-42'.
2025-07-29 12:12:24 [main] DEBUG l.i.u.t.SubmittedApplicationsPageTest - Clicked 'Search' button.
2025-07-29 12:12:24 [main] DEBUG l.i.u.t.SubmittedApplicationsPageTest - Retrieved invitation code: ''.
2025-07-29 12:12:24 [main] DEBUG l.i.u.t.SubmittedApplicationsPageTest - Clicked on 'Submitted Applications' menu.
2025-07-29 12:12:26 [main] DEBUG l.i.u.t.SubmittedApplicationsPageTest - Selected invitation by code: 'TST-DVP-42'.
2025-07-29 12:12:26 [main] DEBUG l.i.u.t.SubmittedApplicationsPageTest - Invitation code inserted.
2025-07-29 12:12:26 [main] DEBUG l.i.u.t.SubmittedApplicationsPageTest - Clicked on 'Action Application' button.
2025-07-29 12:12:26 [main] DEBUG l.i.u.t.SubmittedApplicationsPageTest - Clicked on 'New Application' button.
2025-07-29 12:12:26 [main] DEBUG l.i.u.t.SubmittedApplicationsPageTest - Selected the 'RadioButtonFA' option.
2025-07-29 12:12:26 [main] INFO  l.i.u.p.SubmittedApplicationsPage - Dropdown opened.
2025-07-29 12:12:26 [main] DEBUG l.i.u.p.SubmittedApplicationsPage - Entered search: 'PAVARDENIS GR777'
2025-07-29 12:12:58 [main] ERROR l.i.u.p.SubmittedApplicationsPage - Nepavyko pasirinkti reikšmės 'PAVARDENIS GR777': Expected condition failed: waiting for visibility of element located by By.xpath: //mat-option//span[contains(text(), 'PAVARDENIS GR777')] (tried for 30 second(s) with 500 milliseconds interval)
Build info: version: '4.27.0', revision: 'd6e718d134'
System info: os.name: 'Windows 11', os.arch: 'amd64', os.version: '10.0', java.version: '21.0.3'
Driver info: org.openqa.selenium.chrome.ChromeDriver
Capabilities {acceptInsecureCerts: false, browserName: chrome, browserVersion: 138.0.7204.169, chrome: {chromedriverVersion: 138.0.7204.168 (3e8d82e86e9..., userDataDir: C:\Users\INGRID~1.ZAD\AppDa...}, fedcm:accounts: true, goog:chromeOptions: {debuggerAddress: localhost:59476}, networkConnectionEnabled: false, pageLoadStrategy: normal, platformName: windows, proxy: Proxy(), se:cdp: ws://localhost:59476/devtoo..., se:cdpVersion: 138.0.7204.169, setWindowRect: true, strictFileInteractability: false, timeouts: {implicit: 0, pageLoad: 300000, script: 30000}, unhandledPromptBehavior: dismiss and notify, webauthn:extension:credBlob: true, webauthn:extension:largeBlob: true, webauthn:extension:minPinLength: true, webauthn:extension:prf: true, webauthn:virtualAuthenticators: true}
Session ID: 231909549f54c939f66c983e674b9183
org.openqa.selenium.TimeoutException: Expected condition failed: waiting for visibility of element located by By.xpath: //mat-option//span[contains(text(), 'PAVARDENIS GR777')] (tried for 30 second(s) with 500 milliseconds interval)
Build info: version: '4.27.0', revision: 'd6e718d134'
System info: os.name: 'Windows 11', os.arch: 'amd64', os.version: '10.0', java.version: '21.0.3'
Driver info: org.openqa.selenium.chrome.ChromeDriver
Capabilities {acceptInsecureCerts: false, browserName: chrome, browserVersion: 138.0.7204.169, chrome: {chromedriverVersion: 138.0.7204.168 (3e8d82e86e9..., userDataDir: C:\Users\INGRID~1.ZAD\AppDa...}, fedcm:accounts: true, goog:chromeOptions: {debuggerAddress: localhost:59476}, networkConnectionEnabled: false, pageLoadStrategy: normal, platformName: windows, proxy: Proxy(), se:cdp: ws://localhost:59476/devtoo..., se:cdpVersion: 138.0.7204.169, setWindowRect: true, strictFileInteractability: false, timeouts: {implicit: 0, pageLoad: 300000, script: 30000}, unhandledPromptBehavior: dismiss and notify, webauthn:extension:credBlob: true, webauthn:extension:largeBlob: true, webauthn:extension:minPinLength: true, webauthn:extension:prf: true, webauthn:virtualAuthenticators: true}
Session ID: 231909549f54c939f66c983e674b9183
	at org.openqa.selenium.support.ui.WebDriverWait.timeoutException(WebDriverWait.java:84)
	at org.openqa.selenium.support.ui.FluentWait.until(FluentWait.java:228)
	at lt.insoft.uztis.pages.SubmittedApplicationsPage.selectValueApplicant(SubmittedApplicationsPage.java:628)
	at lt.insoft.uztis.tests.SubmittedApplicationsPageTest.testFillNewDVPApplicationFA(SubmittedApplicationsPageTest.java:642)
	at java.base/jdk.internal.reflect.DirectMethodHandleAccessor.invoke(DirectMethodHandleAccessor.java:103)
	at java.base/java.lang.reflect.Method.invoke(Method.java:580)
	at org.junit.platform.commons.util.ReflectionUtils.invokeMethod(ReflectionUtils.java:728)
	at org.junit.jupiter.engine.execution.MethodInvocation.proceed(MethodInvocation.java:60)
	at org.junit.jupiter.engine.execution.InvocationInterceptorChain$ValidatingInvocation.proceed(InvocationInterceptorChain.java:131)
	at org.junit.jupiter.engine.extension.TimeoutExtension.intercept(TimeoutExtension.java:156)
	at org.junit.jupiter.engine.extension.TimeoutExtension.interceptTestableMethod(TimeoutExtension.java:147)
	at org.junit.jupiter.engine.extension.TimeoutExtension.interceptTestMethod(TimeoutExtension.java:86)
	at org.junit.jupiter.engine.execution.InterceptingExecutableInvoker$ReflectiveInterceptorCall.lambda$ofVoidMethod$0(InterceptingExecutableInvoker.java:103)
	at org.junit.jupiter.engine.execution.InterceptingExecutableInvoker.lambda$invoke$0(InterceptingExecutableInvoker.java:93)
	at org.junit.jupiter.engine.execution.InvocationInterceptorChain$InterceptedInvocation.proceed(InvocationInterceptorChain.java:106)
	at org.junit.jupiter.engine.execution.InvocationInterceptorChain.proceed(InvocationInterceptorChain.java:64)
	at org.junit.jupiter.engine.execution.InvocationInterceptorChain.chainAndInvoke(InvocationInterceptorChain.java:45)
	at org.junit.jupiter.engine.execution.InvocationInterceptorChain.invoke(InvocationInterceptorChain.java:37)
	at org.junit.jupiter.engine.execution.InterceptingExecutableInvoker.invoke(InterceptingExecutableInvoker.java:92)
	at org.junit.jupiter.engine.execution.InterceptingExecutableInvoker.invoke(InterceptingExecutableInvoker.java:86)
	at org.junit.jupiter.engine.descriptor.TestMethodTestDescriptor.lambda$invokeTestMethod$7(TestMethodTestDescriptor.java:218)
	at org.junit.platform.engine.support.hierarchical.ThrowableCollector.execute(ThrowableCollector.java:73)
	at org.junit.jupiter.engine.descriptor.TestMethodTestDescriptor.invokeTestMethod(TestMethodTestDescriptor.java:214)
	at org.junit.jupiter.engine.descriptor.TestMethodTestDescriptor.execute(TestMethodTestDescriptor.java:139)
	at org.junit.jupiter.engine.descriptor.TestMethodTestDescriptor.execute(TestMethodTestDescriptor.java:69)
	at org.junit.platform.engine.support.hierarchical.NodeTestTask.lambda$executeRecursively$6(NodeTestTask.java:151)
	at org.junit.platform.engine.support.hierarchical.ThrowableCollector.execute(ThrowableCollector.java:73)
	at org.junit.platform.engine.support.hierarchical.NodeTestTask.lambda$executeRecursively$8(NodeTestTask.java:141)
	at org.junit.platform.engine.support.hierarchical.Node.around(Node.java:137)
	at org.junit.platform.engine.support.hierarchical.NodeTestTask.lambda$executeRecursively$9(NodeTestTask.java:139)
	at org.junit.platform.engine.support.hierarchical.ThrowableCollector.execute(ThrowableCollector.java:73)
	at org.junit.platform.engine.support.hierarchical.NodeTestTask.executeRecursively(NodeTestTask.java:138)
	at org.junit.platform.engine.support.hierarchical.NodeTestTask.execute(NodeTestTask.java:95)
	at java.base/java.util.ArrayList.forEach(ArrayList.java:1596)
	at org.junit.platform.engine.support.hierarchical.SameThreadHierarchicalTestExecutorService.invokeAll(SameThreadHierarchicalTestExecutorService.java:41)
	at org.junit.platform.engine.support.hierarchical.NodeTestTask.lambda$executeRecursively$6(NodeTestTask.java:155)
	at org.junit.platform.engine.support.hierarchical.ThrowableCollector.execute(ThrowableCollector.java:73)
	at org.junit.platform.engine.support.hierarchical.NodeTestTask.lambda$executeRecursively$8(NodeTestTask.java:141)
	at org.junit.platform.engine.support.hierarchical.Node.around(Node.java:137)
	at org.junit.platform.engine.support.hierarchical.NodeTestTask.lambda$executeRecursively$9(NodeTestTask.java:139)
	at org.junit.platform.engine.support.hierarchical.ThrowableCollector.execute(ThrowableCollector.java:73)
	at org.junit.platform.engine.support.hierarchical.NodeTestTask.executeRecursively(NodeTestTask.java:138)
	at org.junit.platform.engine.support.hierarchical.NodeTestTask.execute(NodeTestTask.java:95)
	at java.base/java.util.ArrayList.forEach(ArrayList.java:1596)
	at org.junit.platform.engine.support.hierarchical.SameThreadHierarchicalTestExecutorService.invokeAll(SameThreadHierarchicalTestExecutorService.java:41)
	at org.junit.platform.engine.support.hierarchical.NodeTestTask.lambda$executeRecursively$6(NodeTestTask.java:155)
	at org.junit.platform.engine.support.hierarchical.ThrowableCollector.execute(ThrowableCollector.java:73)
	at org.junit.platform.engine.support.hierarchical.NodeTestTask.lambda$executeRecursively$8(NodeTestTask.java:141)
	at org.junit.platform.engine.support.hierarchical.Node.around(Node.java:137)
	at org.junit.platform.engine.support.hierarchical.NodeTestTask.lambda$executeRecursively$9(NodeTestTask.java:139)
	at org.junit.platform.engine.support.hierarchical.ThrowableCollector.execute(ThrowableCollector.java:73)
	at org.junit.platform.engine.support.hierarchical.NodeTestTask.executeRecursively(NodeTestTask.java:138)
	at org.junit.platform.engine.support.hierarchical.NodeTestTask.execute(NodeTestTask.java:95)
	at org.junit.platform.engine.support.hierarchical.SameThreadHierarchicalTestExecutorService.submit(SameThreadHierarchicalTestExecutorService.java:35)
	at org.junit.platform.engine.support.hierarchical.HierarchicalTestExecutor.execute(HierarchicalTestExecutor.java:57)
	at org.junit.platform.engine.support.hierarchical.HierarchicalTestEngine.execute(HierarchicalTestEngine.java:54)
	at org.junit.platform.launcher.core.EngineExecutionOrchestrator.execute(EngineExecutionOrchestrator.java:198)
	at org.junit.platform.launcher.core.EngineExecutionOrchestrator.execute(EngineExecutionOrchestrator.java:169)
	at org.junit.platform.launcher.core.EngineExecutionOrchestrator.execute(EngineExecutionOrchestrator.java:93)
	at org.junit.platform.launcher.core.EngineExecutionOrchestrator.lambda$execute$0(EngineExecutionOrchestrator.java:58)
	at org.junit.platform.launcher.core.EngineExecutionOrchestrator.withInterceptedStreams(EngineExecutionOrchestrator.java:141)
	at org.junit.platform.launcher.core.EngineExecutionOrchestrator.execute(EngineExecutionOrchestrator.java:57)
	at org.junit.platform.launcher.core.DefaultLauncher.execute(DefaultLauncher.java:103)
	at org.junit.platform.launcher.core.DefaultLauncher.execute(DefaultLauncher.java:85)
	at org.junit.platform.launcher.core.DelegatingLauncher.execute(DelegatingLauncher.java:47)
	at org.junit.platform.launcher.core.SessionPerRequestLauncher.execute(SessionPerRequestLauncher.java:63)
	at com.intellij.junit5.JUnit5IdeaTestRunner.startRunnerWithArgs(JUnit5IdeaTestRunner.java:57)
	at com.intellij.rt.junit.IdeaTestRunner$Repeater$1.execute(IdeaTestRunner.java:38)
	at com.intellij.rt.execution.junit.TestsRepeater.repeat(TestsRepeater.java:11)
	at com.intellij.rt.junit.IdeaTestRunner$Repeater.startRunnerWithArgs(IdeaTestRunner.java:35)
	at com.intellij.rt.junit.JUnitStarter.prepareStreamsAndStart(JUnitStarter.java:232)
	at com.intellij.rt.junit.JUnitStarter.main(JUnitStarter.java:55)
2025-07-29 12:12:58 [main] ERROR l.i.u.t.SubmittedApplicationsPageTest - Test 'testFillNewDVPApplicationFA' failed with error: Nepavyko pasirinkti reikšmės iš dropdown'o: PAVARDENIS GR777
java.lang.RuntimeException: Nepavyko pasirinkti reikšmės iš dropdown'o: PAVARDENIS GR777
	at lt.insoft.uztis.pages.SubmittedApplicationsPage.selectValueApplicant(SubmittedApplicationsPage.java:644)
	at lt.insoft.uztis.tests.SubmittedApplicationsPageTest.testFillNewDVPApplicationFA(SubmittedApplicationsPageTest.java:642)
	at java.base/jdk.internal.reflect.DirectMethodHandleAccessor.invoke(DirectMethodHandleAccessor.java:103)
	at java.base/java.lang.reflect.Method.invoke(Method.java:580)
	at org.junit.platform.commons.util.ReflectionUtils.invokeMethod(ReflectionUtils.java:728)
	at org.junit.jupiter.engine.execution.MethodInvocation.proceed(MethodInvocation.java:60)
	at org.junit.jupiter.engine.execution.InvocationInterceptorChain$ValidatingInvocation.proceed(InvocationInterceptorChain.java:131)
	at org.junit.jupiter.engine.extension.TimeoutExtension.intercept(TimeoutExtension.java:156)
	at org.junit.jupiter.engine.extension.TimeoutExtension.interceptTestableMethod(TimeoutExtension.java:147)
	at org.junit.jupiter.engine.extension.TimeoutExtension.interceptTestMethod(TimeoutExtension.java:86)
	at org.junit.jupiter.engine.execution.InterceptingExecutableInvoker$ReflectiveInterceptorCall.lambda$ofVoidMethod$0(InterceptingExecutableInvoker.java:103)
	at org.junit.jupiter.engine.execution.InterceptingExecutableInvoker.lambda$invoke$0(InterceptingExecutableInvoker.java:93)
	at org.junit.jupiter.engine.execution.InvocationInterceptorChain$InterceptedInvocation.proceed(InvocationInterceptorChain.java:106)
	at org.junit.jupiter.engine.execution.InvocationInterceptorChain.proceed(InvocationInterceptorChain.java:64)
	at org.junit.jupiter.engine.execution.InvocationInterceptorChain.chainAndInvoke(InvocationInterceptorChain.java:45)
	at org.junit.jupiter.engine.execution.InvocationInterceptorChain.invoke(InvocationInterceptorChain.java:37)
	at org.junit.jupiter.engine.execution.InterceptingExecutableInvoker.invoke(InterceptingExecutableInvoker.java:92)
	at org.junit.jupiter.engine.execution.InterceptingExecutableInvoker.invoke(InterceptingExecutableInvoker.java:86)
	at org.junit.jupiter.engine.descriptor.TestMethodTestDescriptor.lambda$invokeTestMethod$7(TestMethodTestDescriptor.java:218)
	at org.junit.platform.engine.support.hierarchical.ThrowableCollector.execute(ThrowableCollector.java:73)
	at org.junit.jupiter.engine.descriptor.TestMethodTestDescriptor.invokeTestMethod(TestMethodTestDescriptor.java:214)
	at org.junit.jupiter.engine.descriptor.TestMethodTestDescriptor.execute(TestMethodTestDescriptor.java:139)
	at org.junit.jupiter.engine.descriptor.TestMethodTestDescriptor.execute(TestMethodTestDescriptor.java:69)
	at org.junit.platform.engine.support.hierarchical.NodeTestTask.lambda$executeRecursively$6(NodeTestTask.java:151)
	at org.junit.platform.engine.support.hierarchical.ThrowableCollector.execute(ThrowableCollector.java:73)
	at org.junit.platform.engine.support.hierarchical.NodeTestTask.lambda$executeRecursively$8(NodeTestTask.java:141)
	at org.junit.platform.engine.support.hierarchical.Node.around(Node.java:137)
	at org.junit.platform.engine.support.hierarchical.NodeTestTask.lambda$executeRecursively$9(NodeTestTask.java:139)
	at org.junit.platform.engine.support.hierarchical.ThrowableCollector.execute(ThrowableCollector.java:73)
	at org.junit.platform.engine.support.hierarchical.NodeTestTask.executeRecursively(NodeTestTask.java:138)
	at org.junit.platform.engine.support.hierarchical.NodeTestTask.execute(NodeTestTask.java:95)
	at java.base/java.util.ArrayList.forEach(ArrayList.java:1596)
	at org.junit.platform.engine.support.hierarchical.SameThreadHierarchicalTestExecutorService.invokeAll(SameThreadHierarchicalTestExecutorService.java:41)
	at org.junit.platform.engine.support.hierarchical.NodeTestTask.lambda$executeRecursively$6(NodeTestTask.java:155)
	at org.junit.platform.engine.support.hierarchical.ThrowableCollector.execute(ThrowableCollector.java:73)
	at org.junit.platform.engine.support.hierarchical.NodeTestTask.lambda$executeRecursively$8(NodeTestTask.java:141)
	at org.junit.platform.engine.support.hierarchical.Node.around(Node.java:137)
	at org.junit.platform.engine.support.hierarchical.NodeTestTask.lambda$executeRecursively$9(NodeTestTask.java:139)
	at org.junit.platform.engine.support.hierarchical.ThrowableCollector.execute(ThrowableCollector.java:73)
	at org.junit.platform.engine.support.hierarchical.NodeTestTask.executeRecursively(NodeTestTask.java:138)
	at org.junit.platform.engine.support.hierarchical.NodeTestTask.execute(NodeTestTask.java:95)
	at java.base/java.util.ArrayList.forEach(ArrayList.java:1596)
	at org.junit.platform.engine.support.hierarchical.SameThreadHierarchicalTestExecutorService.invokeAll(SameThreadHierarchicalTestExecutorService.java:41)
	at org.junit.platform.engine.support.hierarchical.NodeTestTask.lambda$executeRecursively$6(NodeTestTask.java:155)
	at org.junit.platform.engine.support.hierarchical.ThrowableCollector.execute(ThrowableCollector.java:73)
	at org.junit.platform.engine.support.hierarchical.NodeTestTask.lambda$executeRecursively$8(NodeTestTask.java:141)
	at org.junit.platform.engine.support.hierarchical.Node.around(Node.java:137)
	at org.junit.platform.engine.support.hierarchical.NodeTestTask.lambda$executeRecursively$9(NodeTestTask.java:139)
	at org.junit.platform.engine.support.hierarchical.ThrowableCollector.execute(ThrowableCollector.java:73)
	at org.junit.platform.engine.support.hierarchical.NodeTestTask.executeRecursively(NodeTestTask.java:138)
	at org.junit.platform.engine.support.hierarchical.NodeTestTask.execute(NodeTestTask.java:95)
	at org.junit.platform.engine.support.hierarchical.SameThreadHierarchicalTestExecutorService.submit(SameThreadHierarchicalTestExecutorService.java:35)
	at org.junit.platform.engine.support.hierarchical.HierarchicalTestExecutor.execute(HierarchicalTestExecutor.java:57)
	at org.junit.platform.engine.support.hierarchical.HierarchicalTestEngine.execute(HierarchicalTestEngine.java:54)
	at org.junit.platform.launcher.core.EngineExecutionOrchestrator.execute(EngineExecutionOrchestrator.java:198)
	at org.junit.platform.launcher.core.EngineExecutionOrchestrator.execute(EngineExecutionOrchestrator.java:169)
	at org.junit.platform.launcher.core.EngineExecutionOrchestrator.execute(EngineExecutionOrchestrator.java:93)
	at org.junit.platform.launcher.core.EngineExecutionOrchestrator.lambda$execute$0(EngineExecutionOrchestrator.java:58)
	at org.junit.platform.launcher.core.EngineExecutionOrchestrator.withInterceptedStreams(EngineExecutionOrchestrator.java:141)
	at org.junit.platform.launcher.core.EngineExecutionOrchestrator.execute(EngineExecutionOrchestrator.java:57)
	at org.junit.platform.launcher.core.DefaultLauncher.execute(DefaultLauncher.java:103)
	at org.junit.platform.launcher.core.DefaultLauncher.execute(DefaultLauncher.java:85)
	at org.junit.platform.launcher.core.DelegatingLauncher.execute(DelegatingLauncher.java:47)
	at org.junit.platform.launcher.core.SessionPerRequestLauncher.execute(SessionPerRequestLauncher.java:63)
	at com.intellij.junit5.JUnit5IdeaTestRunner.startRunnerWithArgs(JUnit5IdeaTestRunner.java:57)
	at com.intellij.rt.junit.IdeaTestRunner$Repeater$1.execute(IdeaTestRunner.java:38)
	at com.intellij.rt.execution.junit.TestsRepeater.repeat(TestsRepeater.java:11)
	at com.intellij.rt.junit.IdeaTestRunner$Repeater.startRunnerWithArgs(IdeaTestRunner.java:35)
	at com.intellij.rt.junit.JUnitStarter.prepareStreamsAndStart(JUnitStarter.java:232)
	at com.intellij.rt.junit.JUnitStarter.main(JUnitStarter.java:55)
Caused by: org.openqa.selenium.TimeoutException: Expected condition failed: waiting for visibility of element located by By.xpath: //mat-option//span[contains(text(), 'PAVARDENIS GR777')] (tried for 30 second(s) with 500 milliseconds interval)
Build info: version: '4.27.0', revision: 'd6e718d134'
System info: os.name: 'Windows 11', os.arch: 'amd64', os.version: '10.0', java.version: '21.0.3'
Driver info: org.openqa.selenium.chrome.ChromeDriver
Capabilities {acceptInsecureCerts: false, browserName: chrome, browserVersion: 138.0.7204.169, chrome: {chromedriverVersion: 138.0.7204.168 (3e8d82e86e9..., userDataDir: C:\Users\INGRID~1.ZAD\AppDa...}, fedcm:accounts: true, goog:chromeOptions: {debuggerAddress: localhost:59476}, networkConnectionEnabled: false, pageLoadStrategy: normal, platformName: windows, proxy: Proxy(), se:cdp: ws://localhost:59476/devtoo..., se:cdpVersion: 138.0.7204.169, setWindowRect: true, strictFileInteractability: false, timeouts: {implicit: 0, pageLoad: 300000, script: 30000}, unhandledPromptBehavior: dismiss and notify, webauthn:extension:credBlob: true, webauthn:extension:largeBlob: true, webauthn:extension:minPinLength: true, webauthn:extension:prf: true, webauthn:virtualAuthenticators: true}
Session ID: 231909549f54c939f66c983e674b9183
	at org.openqa.selenium.support.ui.WebDriverWait.timeoutException(WebDriverWait.java:84)
	at org.openqa.selenium.support.ui.FluentWait.until(FluentWait.java:228)
	at lt.insoft.uztis.pages.SubmittedApplicationsPage.selectValueApplicant(SubmittedApplicationsPage.java:628)
	... 69 common frames omitted
2025-07-29 12:12:58 [main] INFO  l.insoft.uztis.tests.utils.TestUtils - Screenshot moved to C:\Users\ingrida.zadorozniene\Desktop\Asm\UZTIS\UZTIS_tests\test-output\screenshots\20250729\121258784_testFillNewDVPApplicationFA().png
2025-07-29 12:15:04 [main] INFO  lt.insoft.uztis.tests.UztisPageTest - Navigated to https://uztisdev.asseco.lt/home
2025-07-29 12:15:04 [main] INFO  l.i.u.t.SubmittedApplicationsPageTest - Starting test:'testFillNewDVPApplicationFA'
2025-07-29 12:15:05 [main] INFO  l.insoft.uztis.tests.utils.TestUtils - Login attempt with user: evaluation_chief
2025-07-29 12:15:05 [main] DEBUG l.i.u.t.SubmittedApplicationsPageTest - User logged in with test credentials
2025-07-29 12:15:05 [main] DEBUG l.i.u.t.SubmittedApplicationsPageTest - Opened 'Application Processing' menu.
2025-07-29 12:15:05 [main] DEBUG l.i.u.t.SubmittedApplicationsPageTest - Clicked on 'Application Forms' menu.
2025-07-29 12:15:06 [main] DEBUG l.i.u.t.SubmittedApplicationsPageTest - Retrieved last description code text: 'TST-DVP-42'.
2025-07-29 12:15:06 [main] DEBUG l.i.u.t.SubmittedApplicationsPageTest - Clicked on 'Invitation' menu.
2025-07-29 12:15:07 [main] DEBUG l.i.u.t.SubmittedApplicationsPageTest - Selected application section by code: 'TST-DVP-42'.
2025-07-29 12:15:08 [main] DEBUG l.i.u.t.SubmittedApplicationsPageTest - Clicked 'Search' button.
2025-07-29 12:15:08 [main] DEBUG l.i.u.t.SubmittedApplicationsPageTest - Retrieved invitation code: ''.
2025-07-29 12:15:08 [main] DEBUG l.i.u.t.SubmittedApplicationsPageTest - Clicked on 'Submitted Applications' menu.
2025-07-29 12:15:09 [main] DEBUG l.i.u.t.SubmittedApplicationsPageTest - Selected invitation by code: 'TST-DVP-42'.
2025-07-29 12:15:09 [main] DEBUG l.i.u.t.SubmittedApplicationsPageTest - Invitation code inserted.
2025-07-29 12:15:10 [main] DEBUG l.i.u.t.SubmittedApplicationsPageTest - Clicked on 'Action Application' button.
2025-07-29 12:15:10 [main] DEBUG l.i.u.t.SubmittedApplicationsPageTest - Clicked on 'New Application' button.
2025-07-29 12:15:10 [main] DEBUG l.i.u.t.SubmittedApplicationsPageTest - Selected the 'RadioButtonFA' option.
2025-07-29 12:15:10 [main] INFO  l.i.u.p.SubmittedApplicationsPage - Dropdown opened.
2025-07-29 12:15:10 [main] DEBUG l.i.u.p.SubmittedApplicationsPage - Entered search: 'Paverdenis GR777'
2025-07-29 12:15:44 [main] INFO  lt.insoft.uztis.tests.UztisPageTest - Navigated to https://uztisdev.asseco.lt/home
2025-07-29 12:15:44 [main] INFO  l.i.u.t.SubmittedApplicationsPageTest - Starting test:'testFillNewDVPApplicationFA'
2025-07-29 12:15:44 [main] INFO  l.insoft.uztis.tests.utils.TestUtils - Login attempt with user: evaluation_chief
2025-07-29 12:15:44 [main] DEBUG l.i.u.t.SubmittedApplicationsPageTest - User logged in with test credentials
2025-07-29 12:15:45 [main] DEBUG l.i.u.t.SubmittedApplicationsPageTest - Opened 'Application Processing' menu.
2025-07-29 12:15:45 [main] DEBUG l.i.u.t.SubmittedApplicationsPageTest - Clicked on 'Application Forms' menu.
2025-07-29 12:15:45 [main] DEBUG l.i.u.t.SubmittedApplicationsPageTest - Retrieved last description code text: 'TST-DVP-42'.
2025-07-29 12:15:45 [main] DEBUG l.i.u.t.SubmittedApplicationsPageTest - Clicked on 'Invitation' menu.
2025-07-29 12:15:47 [main] DEBUG l.i.u.t.SubmittedApplicationsPageTest - Selected application section by code: 'TST-DVP-42'.
2025-07-29 12:15:47 [main] DEBUG l.i.u.t.SubmittedApplicationsPageTest - Clicked 'Search' button.
2025-07-29 12:15:47 [main] DEBUG l.i.u.t.SubmittedApplicationsPageTest - Retrieved invitation code: ''.
2025-07-29 12:15:47 [main] DEBUG l.i.u.t.SubmittedApplicationsPageTest - Clicked on 'Submitted Applications' menu.
2025-07-29 12:15:49 [main] DEBUG l.i.u.t.SubmittedApplicationsPageTest - Selected invitation by code: 'TST-DVP-42'.
2025-07-29 12:15:49 [main] DEBUG l.i.u.t.SubmittedApplicationsPageTest - Invitation code inserted.
2025-07-29 12:15:49 [main] DEBUG l.i.u.t.SubmittedApplicationsPageTest - Clicked on 'Action Application' button.
2025-07-29 12:15:49 [main] DEBUG l.i.u.t.SubmittedApplicationsPageTest - Clicked on 'New Application' button.
2025-07-29 12:15:49 [main] DEBUG l.i.u.t.SubmittedApplicationsPageTest - Selected the 'RadioButtonFA' option.
2025-07-29 12:15:50 [main] INFO  l.i.u.p.SubmittedApplicationsPage - Dropdown opened.
2025-07-29 12:15:50 [main] DEBUG l.i.u.p.SubmittedApplicationsPage - Entered search: 'Pavardenis GR777'
2025-07-29 12:15:50 [main] INFO  l.i.u.p.SubmittedApplicationsPage - Pasirinkta reikšmė: 'Vardenis GR674 Pavardenis GR777, 1958-02-04'
2025-07-29 12:16:01 [main] DEBUG l.i.u.t.SubmittedApplicationsPageTest - Selected applicant: 'Pavardenis GR777'.
2025-07-29 12:16:01 [main] DEBUG l.i.u.t.SubmittedApplicationsPageTest - Entered phone number: '61298745'.
2025-07-29 12:16:01 [main] DEBUG l.i.u.t.SubmittedApplicationsPageTest - Entered email: 'test@autotest.com'.
2025-07-29 12:16:01 [main] DEBUG l.i.u.t.SubmittedApplicationsPageTest - Checked 'For workplace adaptation' checkbox 1.
2025-07-29 12:16:01 [main] DEBUG l.i.u.t.SubmittedApplicationsPageTest - Checked 'For environmental adaptation' checkbox 2.
2025-07-29 12:16:01 [main] INFO  l.i.u.p.SubmittedApplicationsPage - Located the dropdown button.
2025-07-29 14:33:05 [main] INFO  lt.insoft.uztis.tests.UztisPageTest - Navigated to https://uztisdev.asseco.lt/home
2025-07-29 14:33:05 [main] INFO  l.i.u.t.SubmittedApplicationsPageTest - Starting test:'testFillNewDVPApplicationFA'
2025-07-29 14:33:06 [main] INFO  l.insoft.uztis.tests.utils.TestUtils - Login attempt with user: evaluation_chief
2025-07-29 14:33:06 [main] DEBUG l.i.u.t.SubmittedApplicationsPageTest - User logged in with test credentials
2025-07-29 14:33:06 [main] DEBUG l.i.u.t.SubmittedApplicationsPageTest - Opened 'Application Processing' menu.
2025-07-29 14:33:06 [main] DEBUG l.i.u.t.SubmittedApplicationsPageTest - Clicked on 'Application Forms' menu.
2025-07-29 14:33:07 [main] DEBUG l.i.u.t.SubmittedApplicationsPageTest - Retrieved last description code text: 'TST-DVP-42'.
2025-07-29 14:33:08 [main] DEBUG l.i.u.t.SubmittedApplicationsPageTest - Clicked on 'Invitation' menu.
2025-07-29 14:33:09 [main] DEBUG l.i.u.t.SubmittedApplicationsPageTest - Selected application section by code: 'TST-DVP-42'.
2025-07-29 14:33:09 [main] DEBUG l.i.u.t.SubmittedApplicationsPageTest - Clicked 'Search' button.
2025-07-29 14:33:09 [main] DEBUG l.i.u.t.SubmittedApplicationsPageTest - Retrieved invitation code: ''.
2025-07-29 14:33:09 [main] DEBUG l.i.u.t.SubmittedApplicationsPageTest - Clicked on 'Submitted Applications' menu.
2025-07-29 14:33:11 [main] DEBUG l.i.u.t.SubmittedApplicationsPageTest - Selected invitation by code: 'TST-DVP-42'.
2025-07-29 14:33:11 [main] DEBUG l.i.u.t.SubmittedApplicationsPageTest - Invitation code inserted.
2025-07-29 14:33:11 [main] DEBUG l.i.u.t.SubmittedApplicationsPageTest - Clicked on 'Action Application' button.
2025-07-29 14:33:11 [main] DEBUG l.i.u.t.SubmittedApplicationsPageTest - Clicked on 'New Application' button.
2025-07-29 14:33:12 [main] DEBUG l.i.u.t.SubmittedApplicationsPageTest - Selected the 'RadioButtonFA' option.
2025-07-29 14:33:12 [main] INFO  l.i.u.p.SubmittedApplicationsPage - Dropdown opened.
2025-07-29 14:33:12 [main] DEBUG l.i.u.p.SubmittedApplicationsPage - Entered search: 'Pavardenis GR777'
2025-07-29 14:33:13 [main] INFO  l.i.u.p.SubmittedApplicationsPage - Pasirinkta reikšmė: 'Vardenis GR674 Pavardenis GR777, 1958-02-04'
2025-07-29 14:36:54 [main] INFO  lt.insoft.uztis.tests.UztisPageTest - Navigated to https://uztisdev.asseco.lt/home
2025-07-29 14:36:54 [main] INFO  l.i.u.t.SubmittedApplicationsPageTest - Starting test:'testFillNewVUIPApplicationFA'
2025-07-29 14:36:54 [main] INFO  l.insoft.uztis.tests.utils.TestUtils - Login attempt with user: evaluation_chief
2025-07-29 14:36:54 [main] DEBUG l.i.u.t.SubmittedApplicationsPageTest - User logged in with test credentials
2025-07-29 14:36:55 [main] DEBUG l.i.u.t.SubmittedApplicationsPageTest - Opened 'Application Processing' menu.
2025-07-29 14:36:55 [main] DEBUG l.i.u.t.SubmittedApplicationsPageTest - Clicked on 'Application Forms' menu.
2025-07-29 14:36:55 [main] DEBUG l.i.u.t.SubmittedApplicationsPageTest - Retrieved last description code text: 'TST-DVP-42'.
2025-07-29 14:36:55 [main] DEBUG l.i.u.t.SubmittedApplicationsPageTest - Clicked on 'Invitation' menu.
2025-07-29 14:37:30 [main] INFO  lt.insoft.uztis.tests.UztisPageTest - Navigated to https://uztisdev.asseco.lt/home
2025-07-29 14:37:30 [main] INFO  l.i.u.t.SubmittedApplicationsPageTest - Starting test:'testFillNewVUIPApplicationFA'
2025-07-29 14:37:30 [main] INFO  l.insoft.uztis.tests.utils.TestUtils - Login attempt with user: evaluation_chief
2025-07-29 14:37:30 [main] DEBUG l.i.u.t.SubmittedApplicationsPageTest - User logged in with test credentials
2025-07-29 14:37:34 [main] ERROR l.i.u.t.SubmittedApplicationsPageTest - Test 'testFillNewVUIApplicationFA' failed with error: Unable to find element with locator By.xpath: //mat-icon[contains(@class, 'material-symbols-outlined') and text()='expand_more']
For documentation on this error, please visit: https://www.selenium.dev/documentation/webdriver/troubleshooting/errors#no-such-element-exception
Build info: version: '4.27.0', revision: 'd6e718d134'
System info: os.name: 'Windows 11', os.arch: 'amd64', os.version: '10.0', java.version: '21.0.3'
Driver info: driver.version: RemoteWebDriver
org.openqa.selenium.NoSuchElementException: Unable to find element with locator By.xpath: //mat-icon[contains(@class, 'material-symbols-outlined') and text()='expand_more']
For documentation on this error, please visit: https://www.selenium.dev/documentation/webdriver/troubleshooting/errors#no-such-element-exception
Build info: version: '4.27.0', revision: 'd6e718d134'
System info: os.name: 'Windows 11', os.arch: 'amd64', os.version: '10.0', java.version: '21.0.3'
Driver info: driver.version: RemoteWebDriver
	at org.openqa.selenium.remote.ElementLocation$ElementFinder$2.findElement(ElementLocation.java:168)
	at org.openqa.selenium.remote.ElementLocation.findElement(ElementLocation.java:59)
	at org.openqa.selenium.remote.RemoteWebDriver.findElement(RemoteWebDriver.java:368)
	at org.openqa.selenium.remote.RemoteWebDriver.findElement(RemoteWebDriver.java:362)
	at org.openqa.selenium.support.pagefactory.DefaultElementLocator.findElement(DefaultElementLocator.java:68)
	at org.openqa.selenium.support.pagefactory.internal.LocatingElementHandler.invoke(LocatingElementHandler.java:38)
	at jdk.proxy2/jdk.proxy2.$Proxy14.click(Unknown Source)
	at lt.insoft.uztis.pages.ApplicationFormsPage.clickMenuExpand(ApplicationFormsPage.java:309)
	at lt.insoft.uztis.tests.SubmittedApplicationsPageTest.getAndInsertInvitationCodeText(SubmittedApplicationsPageTest.java:34)
	at lt.insoft.uztis.tests.SubmittedApplicationsPageTest.testFillNewVUIApplicationFA(SubmittedApplicationsPageTest.java:140)
	at java.base/jdk.internal.reflect.DirectMethodHandleAccessor.invoke(DirectMethodHandleAccessor.java:103)
	at java.base/java.lang.reflect.Method.invoke(Method.java:580)
	at org.junit.platform.commons.util.ReflectionUtils.invokeMethod(ReflectionUtils.java:728)
	at org.junit.jupiter.engine.execution.MethodInvocation.proceed(MethodInvocation.java:60)
	at org.junit.jupiter.engine.execution.InvocationInterceptorChain$ValidatingInvocation.proceed(InvocationInterceptorChain.java:131)
	at org.junit.jupiter.engine.extension.TimeoutExtension.intercept(TimeoutExtension.java:156)
	at org.junit.jupiter.engine.extension.TimeoutExtension.interceptTestableMethod(TimeoutExtension.java:147)
	at org.junit.jupiter.engine.extension.TimeoutExtension.interceptTestMethod(TimeoutExtension.java:86)
	at org.junit.jupiter.engine.execution.InterceptingExecutableInvoker$ReflectiveInterceptorCall.lambda$ofVoidMethod$0(InterceptingExecutableInvoker.java:103)
	at org.junit.jupiter.engine.execution.InterceptingExecutableInvoker.lambda$invoke$0(InterceptingExecutableInvoker.java:93)
	at org.junit.jupiter.engine.execution.InvocationInterceptorChain$InterceptedInvocation.proceed(InvocationInterceptorChain.java:106)
	at org.junit.jupiter.engine.execution.InvocationInterceptorChain.proceed(InvocationInterceptorChain.java:64)
	at org.junit.jupiter.engine.execution.InvocationInterceptorChain.chainAndInvoke(InvocationInterceptorChain.java:45)
	at org.junit.jupiter.engine.execution.InvocationInterceptorChain.invoke(InvocationInterceptorChain.java:37)
	at org.junit.jupiter.engine.execution.InterceptingExecutableInvoker.invoke(InterceptingExecutableInvoker.java:92)
	at org.junit.jupiter.engine.execution.InterceptingExecutableInvoker.invoke(InterceptingExecutableInvoker.java:86)
	at org.junit.jupiter.engine.descriptor.TestMethodTestDescriptor.lambda$invokeTestMethod$7(TestMethodTestDescriptor.java:218)
	at org.junit.platform.engine.support.hierarchical.ThrowableCollector.execute(ThrowableCollector.java:73)
	at org.junit.jupiter.engine.descriptor.TestMethodTestDescriptor.invokeTestMethod(TestMethodTestDescriptor.java:214)
	at org.junit.jupiter.engine.descriptor.TestMethodTestDescriptor.execute(TestMethodTestDescriptor.java:139)
	at org.junit.jupiter.engine.descriptor.TestMethodTestDescriptor.execute(TestMethodTestDescriptor.java:69)
	at org.junit.platform.engine.support.hierarchical.NodeTestTask.lambda$executeRecursively$6(NodeTestTask.java:151)
	at org.junit.platform.engine.support.hierarchical.ThrowableCollector.execute(ThrowableCollector.java:73)
	at org.junit.platform.engine.support.hierarchical.NodeTestTask.lambda$executeRecursively$8(NodeTestTask.java:141)
	at org.junit.platform.engine.support.hierarchical.Node.around(Node.java:137)
	at org.junit.platform.engine.support.hierarchical.NodeTestTask.lambda$executeRecursively$9(NodeTestTask.java:139)
	at org.junit.platform.engine.support.hierarchical.ThrowableCollector.execute(ThrowableCollector.java:73)
	at org.junit.platform.engine.support.hierarchical.NodeTestTask.executeRecursively(NodeTestTask.java:138)
	at org.junit.platform.engine.support.hierarchical.NodeTestTask.execute(NodeTestTask.java:95)
	at java.base/java.util.ArrayList.forEach(ArrayList.java:1596)
	at org.junit.platform.engine.support.hierarchical.SameThreadHierarchicalTestExecutorService.invokeAll(SameThreadHierarchicalTestExecutorService.java:41)
	at org.junit.platform.engine.support.hierarchical.NodeTestTask.lambda$executeRecursively$6(NodeTestTask.java:155)
	at org.junit.platform.engine.support.hierarchical.ThrowableCollector.execute(ThrowableCollector.java:73)
	at org.junit.platform.engine.support.hierarchical.NodeTestTask.lambda$executeRecursively$8(NodeTestTask.java:141)
	at org.junit.platform.engine.support.hierarchical.Node.around(Node.java:137)
	at org.junit.platform.engine.support.hierarchical.NodeTestTask.lambda$executeRecursively$9(NodeTestTask.java:139)
	at org.junit.platform.engine.support.hierarchical.ThrowableCollector.execute(ThrowableCollector.java:73)
	at org.junit.platform.engine.support.hierarchical.NodeTestTask.executeRecursively(NodeTestTask.java:138)
	at org.junit.platform.engine.support.hierarchical.NodeTestTask.execute(NodeTestTask.java:95)
	at java.base/java.util.ArrayList.forEach(ArrayList.java:1596)
	at org.junit.platform.engine.support.hierarchical.SameThreadHierarchicalTestExecutorService.invokeAll(SameThreadHierarchicalTestExecutorService.java:41)
	at org.junit.platform.engine.support.hierarchical.NodeTestTask.lambda$executeRecursively$6(NodeTestTask.java:155)
	at org.junit.platform.engine.support.hierarchical.ThrowableCollector.execute(ThrowableCollector.java:73)
	at org.junit.platform.engine.support.hierarchical.NodeTestTask.lambda$executeRecursively$8(NodeTestTask.java:141)
	at org.junit.platform.engine.support.hierarchical.Node.around(Node.java:137)
	at org.junit.platform.engine.support.hierarchical.NodeTestTask.lambda$executeRecursively$9(NodeTestTask.java:139)
	at org.junit.platform.engine.support.hierarchical.ThrowableCollector.execute(ThrowableCollector.java:73)
	at org.junit.platform.engine.support.hierarchical.NodeTestTask.executeRecursively(NodeTestTask.java:138)
	at org.junit.platform.engine.support.hierarchical.NodeTestTask.execute(NodeTestTask.java:95)
	at org.junit.platform.engine.support.hierarchical.SameThreadHierarchicalTestExecutorService.submit(SameThreadHierarchicalTestExecutorService.java:35)
	at org.junit.platform.engine.support.hierarchical.HierarchicalTestExecutor.execute(HierarchicalTestExecutor.java:57)
	at org.junit.platform.engine.support.hierarchical.HierarchicalTestEngine.execute(HierarchicalTestEngine.java:54)
	at org.junit.platform.launcher.core.EngineExecutionOrchestrator.execute(EngineExecutionOrchestrator.java:198)
	at org.junit.platform.launcher.core.EngineExecutionOrchestrator.execute(EngineExecutionOrchestrator.java:169)
	at org.junit.platform.launcher.core.EngineExecutionOrchestrator.execute(EngineExecutionOrchestrator.java:93)
	at org.junit.platform.launcher.core.EngineExecutionOrchestrator.lambda$execute$0(EngineExecutionOrchestrator.java:58)
	at org.junit.platform.launcher.core.EngineExecutionOrchestrator.withInterceptedStreams(EngineExecutionOrchestrator.java:141)
	at org.junit.platform.launcher.core.EngineExecutionOrchestrator.execute(EngineExecutionOrchestrator.java:57)
	at org.junit.platform.launcher.core.DefaultLauncher.execute(DefaultLauncher.java:103)
	at org.junit.platform.launcher.core.DefaultLauncher.execute(DefaultLauncher.java:85)
	at org.junit.platform.launcher.core.DelegatingLauncher.execute(DelegatingLauncher.java:47)
	at org.junit.platform.launcher.core.SessionPerRequestLauncher.execute(SessionPerRequestLauncher.java:63)
	at com.intellij.junit5.JUnit5IdeaTestRunner.startRunnerWithArgs(JUnit5IdeaTestRunner.java:57)
	at com.intellij.rt.junit.IdeaTestRunner$Repeater$1.execute(IdeaTestRunner.java:38)
	at com.intellij.rt.execution.junit.TestsRepeater.repeat(TestsRepeater.java:11)
	at com.intellij.rt.junit.IdeaTestRunner$Repeater.startRunnerWithArgs(IdeaTestRunner.java:35)
	at com.intellij.rt.junit.JUnitStarter.prepareStreamsAndStart(JUnitStarter.java:232)
	at com.intellij.rt.junit.JUnitStarter.main(JUnitStarter.java:55)
2025-07-29 14:37:44 [main] INFO  lt.insoft.uztis.tests.UztisPageTest - Navigated to https://uztisdev.asseco.lt/home
2025-07-29 14:37:44 [main] INFO  l.i.u.t.SubmittedApplicationsPageTest - Starting test:'testFillNewVUIPApplicationFA'
2025-07-29 14:37:44 [main] INFO  l.insoft.uztis.tests.utils.TestUtils - Login attempt with user: evaluation_chief
2025-07-29 14:37:44 [main] DEBUG l.i.u.t.SubmittedApplicationsPageTest - User logged in with test credentials
2025-07-29 14:37:45 [main] DEBUG l.i.u.t.SubmittedApplicationsPageTest - Opened 'Application Processing' menu.
2025-07-29 14:37:45 [main] DEBUG l.i.u.t.SubmittedApplicationsPageTest - Clicked on 'Application Forms' menu.
2025-07-29 14:37:45 [main] DEBUG l.i.u.t.SubmittedApplicationsPageTest - Retrieved last description code text: 'TST-VUI-48'.
2025-07-29 14:37:45 [main] DEBUG l.i.u.t.SubmittedApplicationsPageTest - Clicked on 'Invitation' menu.
2025-07-29 14:37:47 [main] DEBUG l.i.u.t.SubmittedApplicationsPageTest - Selected application section by code: 'TST-VUI-48'.
2025-07-29 14:37:47 [main] DEBUG l.i.u.t.SubmittedApplicationsPageTest - Clicked 'Search' button.
2025-07-29 14:37:47 [main] DEBUG l.i.u.t.SubmittedApplicationsPageTest - Retrieved invitation code: ''.
2025-07-29 14:37:47 [main] DEBUG l.i.u.t.SubmittedApplicationsPageTest - Clicked on 'Submitted Applications' menu.
2025-07-29 14:37:50 [main] DEBUG l.i.u.t.SubmittedApplicationsPageTest - Selected invitation by code: 'TST-VUI-48'.
2025-07-29 14:37:50 [main] DEBUG l.i.u.t.SubmittedApplicationsPageTest - Invitation code inserted.
2025-07-29 14:37:50 [main] DEBUG l.i.u.t.SubmittedApplicationsPageTest - Clicked on 'Action Application' button.
2025-07-29 14:37:50 [main] DEBUG l.i.u.t.SubmittedApplicationsPageTest - Clicked on 'New Application' button.
2025-07-29 14:37:51 [main] ERROR l.i.u.p.SubmittedApplicationsPage - Nepavyko pasirinkti reikšmės 'Pavardenis GR777': element click intercepted: Element <mat-select role="combobox" aria-haspopup="listbox" class="mat-mdc-select primary-control mat-mdc-select-empty ng-untouched ng-pristine mat-mdc-select-disabled" aria-labelledby="mat-select-value-7" id="mat-select-7" tabindex="-1" aria-expanded="false" aria-required="false" aria-disabled="true" aria-invalid="false">...</mat-select> is not clickable at point (858, 280). Other element would receive the click: <mat-form-field class="mat-mdc-form-field mat-mdc-form-field-type-common-select mat-mdc-form-field-has-icon-prefix mat-mdc-form-field-has-icon-suffix mat-form-field-disabled mat-form-field-appearance-outline mat-form-field-hide-placeholder mat-primary ng-untouched ng-pristine mat-form-field-animations-enabled" style="--mat-form-field-notch-max-width: calc(100% - 8px);">...</mat-form-field>
  (Session info: chrome=138.0.7204.169)
Build info: version: '4.27.0', revision: 'd6e718d134'
System info: os.name: 'Windows 11', os.arch: 'amd64', os.version: '10.0', java.version: '21.0.3'
Driver info: org.openqa.selenium.chrome.ChromeDriver
Command: [96961af64d3f2fb42505f5b6fa1a1746, clickElement {id=f.84BD02C8FA753CE7D6ADD3F40D9CD8FE.d.0AD5CD02997AFCFB4B268A9F683B6CA8.e.333}]
Capabilities {acceptInsecureCerts: false, browserName: chrome, browserVersion: 138.0.7204.169, chrome: {chromedriverVersion: 138.0.7204.168 (3e8d82e86e9..., userDataDir: C:\Users\INGRID~1.ZAD\AppDa...}, fedcm:accounts: true, goog:chromeOptions: {debuggerAddress: localhost:64516}, networkConnectionEnabled: false, pageLoadStrategy: normal, platformName: windows, proxy: Proxy(), se:cdp: ws://localhost:64516/devtoo..., se:cdpVersion: 138.0.7204.169, setWindowRect: true, strictFileInteractability: false, timeouts: {implicit: 0, pageLoad: 300000, script: 30000}, unhandledPromptBehavior: dismiss and notify, webauthn:extension:credBlob: true, webauthn:extension:largeBlob: true, webauthn:extension:minPinLength: true, webauthn:extension:prf: true, webauthn:virtualAuthenticators: true}
Element: [[ChromeDriver: chrome on windows (96961af64d3f2fb42505f5b6fa1a1746)] -> xpath: //mat-select[contains(@class, "mat-mdc-select")]]
Session ID: 96961af64d3f2fb42505f5b6fa1a1746
org.openqa.selenium.ElementClickInterceptedException: element click intercepted: Element <mat-select role="combobox" aria-haspopup="listbox" class="mat-mdc-select primary-control mat-mdc-select-empty ng-untouched ng-pristine mat-mdc-select-disabled" aria-labelledby="mat-select-value-7" id="mat-select-7" tabindex="-1" aria-expanded="false" aria-required="false" aria-disabled="true" aria-invalid="false">...</mat-select> is not clickable at point (858, 280). Other element would receive the click: <mat-form-field class="mat-mdc-form-field mat-mdc-form-field-type-common-select mat-mdc-form-field-has-icon-prefix mat-mdc-form-field-has-icon-suffix mat-form-field-disabled mat-form-field-appearance-outline mat-form-field-hide-placeholder mat-primary ng-untouched ng-pristine mat-form-field-animations-enabled" style="--mat-form-field-notch-max-width: calc(100% - 8px);">...</mat-form-field>
  (Session info: chrome=138.0.7204.169)
Build info: version: '4.27.0', revision: 'd6e718d134'
System info: os.name: 'Windows 11', os.arch: 'amd64', os.version: '10.0', java.version: '21.0.3'
Driver info: org.openqa.selenium.chrome.ChromeDriver
Command: [96961af64d3f2fb42505f5b6fa1a1746, clickElement {id=f.84BD02C8FA753CE7D6ADD3F40D9CD8FE.d.0AD5CD02997AFCFB4B268A9F683B6CA8.e.333}]
Capabilities {acceptInsecureCerts: false, browserName: chrome, browserVersion: 138.0.7204.169, chrome: {chromedriverVersion: 138.0.7204.168 (3e8d82e86e9..., userDataDir: C:\Users\INGRID~1.ZAD\AppDa...}, fedcm:accounts: true, goog:chromeOptions: {debuggerAddress: localhost:64516}, networkConnectionEnabled: false, pageLoadStrategy: normal, platformName: windows, proxy: Proxy(), se:cdp: ws://localhost:64516/devtoo..., se:cdpVersion: 138.0.7204.169, setWindowRect: true, strictFileInteractability: false, timeouts: {implicit: 0, pageLoad: 300000, script: 30000}, unhandledPromptBehavior: dismiss and notify, webauthn:extension:credBlob: true, webauthn:extension:largeBlob: true, webauthn:extension:minPinLength: true, webauthn:extension:prf: true, webauthn:virtualAuthenticators: true}
Element: [[ChromeDriver: chrome on windows (96961af64d3f2fb42505f5b6fa1a1746)] -> xpath: //mat-select[contains(@class, "mat-mdc-select")]]
Session ID: 96961af64d3f2fb42505f5b6fa1a1746
	at java.base/jdk.internal.reflect.DirectConstructorHandleAccessor.newInstance(DirectConstructorHandleAccessor.java:62)
	at java.base/java.lang.reflect.Constructor.newInstanceWithCaller(Constructor.java:502)
	at java.base/java.lang.reflect.Constructor.newInstance(Constructor.java:486)
	at org.openqa.selenium.remote.ErrorCodec.decode(ErrorCodec.java:167)
	at org.openqa.selenium.remote.codec.w3c.W3CHttpResponseCodec.decode(W3CHttpResponseCodec.java:138)
	at org.openqa.selenium.remote.codec.w3c.W3CHttpResponseCodec.decode(W3CHttpResponseCodec.java:50)
	at org.openqa.selenium.remote.HttpCommandExecutor.execute(HttpCommandExecutor.java:190)
	at org.openqa.selenium.remote.service.DriverCommandExecutor.invokeExecute(DriverCommandExecutor.java:216)
	at org.openqa.selenium.remote.service.DriverCommandExecutor.execute(DriverCommandExecutor.java:174)
	at org.openqa.selenium.remote.RemoteWebDriver.execute(RemoteWebDriver.java:545)
	at org.openqa.selenium.remote.RemoteWebElement.execute(RemoteWebElement.java:223)
	at org.openqa.selenium.remote.RemoteWebElement.click(RemoteWebElement.java:76)
	at java.base/jdk.internal.reflect.DirectMethodHandleAccessor.invoke(DirectMethodHandleAccessor.java:103)
	at java.base/java.lang.reflect.Method.invoke(Method.java:580)
	at org.openqa.selenium.support.pagefactory.internal.LocatingElementHandler.invoke(LocatingElementHandler.java:51)
	at jdk.proxy2/jdk.proxy2.$Proxy14.click(Unknown Source)
	at lt.insoft.uztis.pages.SubmittedApplicationsPage.selectValueApplicant_FA(SubmittedApplicationsPage.java:619)
	at lt.insoft.uztis.tests.SubmittedApplicationsPageTest.testFillNewVUIApplicationFA(SubmittedApplicationsPageTest.java:150)
	at java.base/jdk.internal.reflect.DirectMethodHandleAccessor.invoke(DirectMethodHandleAccessor.java:103)
	at java.base/java.lang.reflect.Method.invoke(Method.java:580)
	at org.junit.platform.commons.util.ReflectionUtils.invokeMethod(ReflectionUtils.java:728)
	at org.junit.jupiter.engine.execution.MethodInvocation.proceed(MethodInvocation.java:60)
	at org.junit.jupiter.engine.execution.InvocationInterceptorChain$ValidatingInvocation.proceed(InvocationInterceptorChain.java:131)
	at org.junit.jupiter.engine.extension.TimeoutExtension.intercept(TimeoutExtension.java:156)
	at org.junit.jupiter.engine.extension.TimeoutExtension.interceptTestableMethod(TimeoutExtension.java:147)
	at org.junit.jupiter.engine.extension.TimeoutExtension.interceptTestMethod(TimeoutExtension.java:86)
	at org.junit.jupiter.engine.execution.InterceptingExecutableInvoker$ReflectiveInterceptorCall.lambda$ofVoidMethod$0(InterceptingExecutableInvoker.java:103)
	at org.junit.jupiter.engine.execution.InterceptingExecutableInvoker.lambda$invoke$0(InterceptingExecutableInvoker.java:93)
	at org.junit.jupiter.engine.execution.InvocationInterceptorChain$InterceptedInvocation.proceed(InvocationInterceptorChain.java:106)
	at org.junit.jupiter.engine.execution.InvocationInterceptorChain.proceed(InvocationInterceptorChain.java:64)
	at org.junit.jupiter.engine.execution.InvocationInterceptorChain.chainAndInvoke(InvocationInterceptorChain.java:45)
	at org.junit.jupiter.engine.execution.InvocationInterceptorChain.invoke(InvocationInterceptorChain.java:37)
	at org.junit.jupiter.engine.execution.InterceptingExecutableInvoker.invoke(InterceptingExecutableInvoker.java:92)
	at org.junit.jupiter.engine.execution.InterceptingExecutableInvoker.invoke(InterceptingExecutableInvoker.java:86)
	at org.junit.jupiter.engine.descriptor.TestMethodTestDescriptor.lambda$invokeTestMethod$7(TestMethodTestDescriptor.java:218)
	at org.junit.platform.engine.support.hierarchical.ThrowableCollector.execute(ThrowableCollector.java:73)
	at org.junit.jupiter.engine.descriptor.TestMethodTestDescriptor.invokeTestMethod(TestMethodTestDescriptor.java:214)
	at org.junit.jupiter.engine.descriptor.TestMethodTestDescriptor.execute(TestMethodTestDescriptor.java:139)
	at org.junit.jupiter.engine.descriptor.TestMethodTestDescriptor.execute(TestMethodTestDescriptor.java:69)
	at org.junit.platform.engine.support.hierarchical.NodeTestTask.lambda$executeRecursively$6(NodeTestTask.java:151)
	at org.junit.platform.engine.support.hierarchical.ThrowableCollector.execute(ThrowableCollector.java:73)
	at org.junit.platform.engine.support.hierarchical.NodeTestTask.lambda$executeRecursively$8(NodeTestTask.java:141)
	at org.junit.platform.engine.support.hierarchical.Node.around(Node.java:137)
	at org.junit.platform.engine.support.hierarchical.NodeTestTask.lambda$executeRecursively$9(NodeTestTask.java:139)
	at org.junit.platform.engine.support.hierarchical.ThrowableCollector.execute(ThrowableCollector.java:73)
	at org.junit.platform.engine.support.hierarchical.NodeTestTask.executeRecursively(NodeTestTask.java:138)
	at org.junit.platform.engine.support.hierarchical.NodeTestTask.execute(NodeTestTask.java:95)
	at java.base/java.util.ArrayList.forEach(ArrayList.java:1596)
	at org.junit.platform.engine.support.hierarchical.SameThreadHierarchicalTestExecutorService.invokeAll(SameThreadHierarchicalTestExecutorService.java:41)
	at org.junit.platform.engine.support.hierarchical.NodeTestTask.lambda$executeRecursively$6(NodeTestTask.java:155)
	at org.junit.platform.engine.support.hierarchical.ThrowableCollector.execute(ThrowableCollector.java:73)
	at org.junit.platform.engine.support.hierarchical.NodeTestTask.lambda$executeRecursively$8(NodeTestTask.java:141)
	at org.junit.platform.engine.support.hierarchical.Node.around(Node.java:137)
	at org.junit.platform.engine.support.hierarchical.NodeTestTask.lambda$executeRecursively$9(NodeTestTask.java:139)
	at org.junit.platform.engine.support.hierarchical.ThrowableCollector.execute(ThrowableCollector.java:73)
	at org.junit.platform.engine.support.hierarchical.NodeTestTask.executeRecursively(NodeTestTask.java:138)
	at org.junit.platform.engine.support.hierarchical.NodeTestTask.execute(NodeTestTask.java:95)
	at java.base/java.util.ArrayList.forEach(ArrayList.java:1596)
	at org.junit.platform.engine.support.hierarchical.SameThreadHierarchicalTestExecutorService.invokeAll(SameThreadHierarchicalTestExecutorService.java:41)
	at org.junit.platform.engine.support.hierarchical.NodeTestTask.lambda$executeRecursively$6(NodeTestTask.java:155)
	at org.junit.platform.engine.support.hierarchical.ThrowableCollector.execute(ThrowableCollector.java:73)
	at org.junit.platform.engine.support.hierarchical.NodeTestTask.lambda$executeRecursively$8(NodeTestTask.java:141)
	at org.junit.platform.engine.support.hierarchical.Node.around(Node.java:137)
	at org.junit.platform.engine.support.hierarchical.NodeTestTask.lambda$executeRecursively$9(NodeTestTask.java:139)
	at org.junit.platform.engine.support.hierarchical.ThrowableCollector.execute(ThrowableCollector.java:73)
	at org.junit.platform.engine.support.hierarchical.NodeTestTask.executeRecursively(NodeTestTask.java:138)
	at org.junit.platform.engine.support.hierarchical.NodeTestTask.execute(NodeTestTask.java:95)
	at org.junit.platform.engine.support.hierarchical.SameThreadHierarchicalTestExecutorService.submit(SameThreadHierarchicalTestExecutorService.java:35)
	at org.junit.platform.engine.support.hierarchical.HierarchicalTestExecutor.execute(HierarchicalTestExecutor.java:57)
	at org.junit.platform.engine.support.hierarchical.HierarchicalTestEngine.execute(HierarchicalTestEngine.java:54)
	at org.junit.platform.launcher.core.EngineExecutionOrchestrator.execute(EngineExecutionOrchestrator.java:198)
	at org.junit.platform.launcher.core.EngineExecutionOrchestrator.execute(EngineExecutionOrchestrator.java:169)
	at org.junit.platform.launcher.core.EngineExecutionOrchestrator.execute(EngineExecutionOrchestrator.java:93)
	at org.junit.platform.launcher.core.EngineExecutionOrchestrator.lambda$execute$0(EngineExecutionOrchestrator.java:58)
	at org.junit.platform.launcher.core.EngineExecutionOrchestrator.withInterceptedStreams(EngineExecutionOrchestrator.java:141)
	at org.junit.platform.launcher.core.EngineExecutionOrchestrator.execute(EngineExecutionOrchestrator.java:57)
	at org.junit.platform.launcher.core.DefaultLauncher.execute(DefaultLauncher.java:103)
	at org.junit.platform.launcher.core.DefaultLauncher.execute(DefaultLauncher.java:85)
	at org.junit.platform.launcher.core.DelegatingLauncher.execute(DelegatingLauncher.java:47)
	at org.junit.platform.launcher.core.SessionPerRequestLauncher.execute(SessionPerRequestLauncher.java:63)
	at com.intellij.junit5.JUnit5IdeaTestRunner.startRunnerWithArgs(JUnit5IdeaTestRunner.java:57)
	at com.intellij.rt.junit.IdeaTestRunner$Repeater$1.execute(IdeaTestRunner.java:38)
	at com.intellij.rt.execution.junit.TestsRepeater.repeat(TestsRepeater.java:11)
	at com.intellij.rt.junit.IdeaTestRunner$Repeater.startRunnerWithArgs(IdeaTestRunner.java:35)
	at com.intellij.rt.junit.JUnitStarter.prepareStreamsAndStart(JUnitStarter.java:232)
	at com.intellij.rt.junit.JUnitStarter.main(JUnitStarter.java:55)
2025-07-29 14:37:51 [main] ERROR l.i.u.t.SubmittedApplicationsPageTest - Test 'testFillNewVUIApplicationFA' failed with error: Nepavyko pasirinkti reikšmės iš dropdown'o: Pavardenis GR777
java.lang.RuntimeException: Nepavyko pasirinkti reikšmės iš dropdown'o: Pavardenis GR777
	at lt.insoft.uztis.pages.SubmittedApplicationsPage.selectValueApplicant_FA(SubmittedApplicationsPage.java:649)
	at lt.insoft.uztis.tests.SubmittedApplicationsPageTest.testFillNewVUIApplicationFA(SubmittedApplicationsPageTest.java:150)
	at java.base/jdk.internal.reflect.DirectMethodHandleAccessor.invoke(DirectMethodHandleAccessor.java:103)
	at java.base/java.lang.reflect.Method.invoke(Method.java:580)
	at org.junit.platform.commons.util.ReflectionUtils.invokeMethod(ReflectionUtils.java:728)
	at org.junit.jupiter.engine.execution.MethodInvocation.proceed(MethodInvocation.java:60)
	at org.junit.jupiter.engine.execution.InvocationInterceptorChain$ValidatingInvocation.proceed(InvocationInterceptorChain.java:131)
	at org.junit.jupiter.engine.extension.TimeoutExtension.intercept(TimeoutExtension.java:156)
	at org.junit.jupiter.engine.extension.TimeoutExtension.interceptTestableMethod(TimeoutExtension.java:147)
	at org.junit.jupiter.engine.extension.TimeoutExtension.interceptTestMethod(TimeoutExtension.java:86)
	at org.junit.jupiter.engine.execution.InterceptingExecutableInvoker$ReflectiveInterceptorCall.lambda$ofVoidMethod$0(InterceptingExecutableInvoker.java:103)
	at org.junit.jupiter.engine.execution.InterceptingExecutableInvoker.lambda$invoke$0(InterceptingExecutableInvoker.java:93)
	at org.junit.jupiter.engine.execution.InvocationInterceptorChain$InterceptedInvocation.proceed(InvocationInterceptorChain.java:106)
	at org.junit.jupiter.engine.execution.InvocationInterceptorChain.proceed(InvocationInterceptorChain.java:64)
	at org.junit.jupiter.engine.execution.InvocationInterceptorChain.chainAndInvoke(InvocationInterceptorChain.java:45)
	at org.junit.jupiter.engine.execution.InvocationInterceptorChain.invoke(InvocationInterceptorChain.java:37)
	at org.junit.jupiter.engine.execution.InterceptingExecutableInvoker.invoke(InterceptingExecutableInvoker.java:92)
	at org.junit.jupiter.engine.execution.InterceptingExecutableInvoker.invoke(InterceptingExecutableInvoker.java:86)
	at org.junit.jupiter.engine.descriptor.TestMethodTestDescriptor.lambda$invokeTestMethod$7(TestMethodTestDescriptor.java:218)
	at org.junit.platform.engine.support.hierarchical.ThrowableCollector.execute(ThrowableCollector.java:73)
	at org.junit.jupiter.engine.descriptor.TestMethodTestDescriptor.invokeTestMethod(TestMethodTestDescriptor.java:214)
	at org.junit.jupiter.engine.descriptor.TestMethodTestDescriptor.execute(TestMethodTestDescriptor.java:139)
	at org.junit.jupiter.engine.descriptor.TestMethodTestDescriptor.execute(TestMethodTestDescriptor.java:69)
	at org.junit.platform.engine.support.hierarchical.NodeTestTask.lambda$executeRecursively$6(NodeTestTask.java:151)
	at org.junit.platform.engine.support.hierarchical.ThrowableCollector.execute(ThrowableCollector.java:73)
	at org.junit.platform.engine.support.hierarchical.NodeTestTask.lambda$executeRecursively$8(NodeTestTask.java:141)
	at org.junit.platform.engine.support.hierarchical.Node.around(Node.java:137)
	at org.junit.platform.engine.support.hierarchical.NodeTestTask.lambda$executeRecursively$9(NodeTestTask.java:139)
	at org.junit.platform.engine.support.hierarchical.ThrowableCollector.execute(ThrowableCollector.java:73)
	at org.junit.platform.engine.support.hierarchical.NodeTestTask.executeRecursively(NodeTestTask.java:138)
	at org.junit.platform.engine.support.hierarchical.NodeTestTask.execute(NodeTestTask.java:95)
	at java.base/java.util.ArrayList.forEach(ArrayList.java:1596)
	at org.junit.platform.engine.support.hierarchical.SameThreadHierarchicalTestExecutorService.invokeAll(SameThreadHierarchicalTestExecutorService.java:41)
	at org.junit.platform.engine.support.hierarchical.NodeTestTask.lambda$executeRecursively$6(NodeTestTask.java:155)
	at org.junit.platform.engine.support.hierarchical.ThrowableCollector.execute(ThrowableCollector.java:73)
	at org.junit.platform.engine.support.hierarchical.NodeTestTask.lambda$executeRecursively$8(NodeTestTask.java:141)
	at org.junit.platform.engine.support.hierarchical.Node.around(Node.java:137)
	at org.junit.platform.engine.support.hierarchical.NodeTestTask.lambda$executeRecursively$9(NodeTestTask.java:139)
	at org.junit.platform.engine.support.hierarchical.ThrowableCollector.execute(ThrowableCollector.java:73)
	at org.junit.platform.engine.support.hierarchical.NodeTestTask.executeRecursively(NodeTestTask.java:138)
	at org.junit.platform.engine.support.hierarchical.NodeTestTask.execute(NodeTestTask.java:95)
	at java.base/java.util.ArrayList.forEach(ArrayList.java:1596)
	at org.junit.platform.engine.support.hierarchical.SameThreadHierarchicalTestExecutorService.invokeAll(SameThreadHierarchicalTestExecutorService.java:41)
	at org.junit.platform.engine.support.hierarchical.NodeTestTask.lambda$executeRecursively$6(NodeTestTask.java:155)
	at org.junit.platform.engine.support.hierarchical.ThrowableCollector.execute(ThrowableCollector.java:73)
	at org.junit.platform.engine.support.hierarchical.NodeTestTask.lambda$executeRecursively$8(NodeTestTask.java:141)
	at org.junit.platform.engine.support.hierarchical.Node.around(Node.java:137)
	at org.junit.platform.engine.support.hierarchical.NodeTestTask.lambda$executeRecursively$9(NodeTestTask.java:139)
	at org.junit.platform.engine.support.hierarchical.ThrowableCollector.execute(ThrowableCollector.java:73)
	at org.junit.platform.engine.support.hierarchical.NodeTestTask.executeRecursively(NodeTestTask.java:138)
	at org.junit.platform.engine.support.hierarchical.NodeTestTask.execute(NodeTestTask.java:95)
	at org.junit.platform.engine.support.hierarchical.SameThreadHierarchicalTestExecutorService.submit(SameThreadHierarchicalTestExecutorService.java:35)
	at org.junit.platform.engine.support.hierarchical.HierarchicalTestExecutor.execute(HierarchicalTestExecutor.java:57)
	at org.junit.platform.engine.support.hierarchical.HierarchicalTestEngine.execute(HierarchicalTestEngine.java:54)
	at org.junit.platform.launcher.core.EngineExecutionOrchestrator.execute(EngineExecutionOrchestrator.java:198)
	at org.junit.platform.launcher.core.EngineExecutionOrchestrator.execute(EngineExecutionOrchestrator.java:169)
	at org.junit.platform.launcher.core.EngineExecutionOrchestrator.execute(EngineExecutionOrchestrator.java:93)
	at org.junit.platform.launcher.core.EngineExecutionOrchestrator.lambda$execute$0(EngineExecutionOrchestrator.java:58)
	at org.junit.platform.launcher.core.EngineExecutionOrchestrator.withInterceptedStreams(EngineExecutionOrchestrator.java:141)
	at org.junit.platform.launcher.core.EngineExecutionOrchestrator.execute(EngineExecutionOrchestrator.java:57)
	at org.junit.platform.launcher.core.DefaultLauncher.execute(DefaultLauncher.java:103)
	at org.junit.platform.launcher.core.DefaultLauncher.execute(DefaultLauncher.java:85)
	at org.junit.platform.launcher.core.DelegatingLauncher.execute(DelegatingLauncher.java:47)
	at org.junit.platform.launcher.core.SessionPerRequestLauncher.execute(SessionPerRequestLauncher.java:63)
	at com.intellij.junit5.JUnit5IdeaTestRunner.startRunnerWithArgs(JUnit5IdeaTestRunner.java:57)
	at com.intellij.rt.junit.IdeaTestRunner$Repeater$1.execute(IdeaTestRunner.java:38)
	at com.intellij.rt.execution.junit.TestsRepeater.repeat(TestsRepeater.java:11)
	at com.intellij.rt.junit.IdeaTestRunner$Repeater.startRunnerWithArgs(IdeaTestRunner.java:35)
	at com.intellij.rt.junit.JUnitStarter.prepareStreamsAndStart(JUnitStarter.java:232)
	at com.intellij.rt.junit.JUnitStarter.main(JUnitStarter.java:55)
Caused by: org.openqa.selenium.ElementClickInterceptedException: element click intercepted: Element <mat-select role="combobox" aria-haspopup="listbox" class="mat-mdc-select primary-control mat-mdc-select-empty ng-untouched ng-pristine mat-mdc-select-disabled" aria-labelledby="mat-select-value-7" id="mat-select-7" tabindex="-1" aria-expanded="false" aria-required="false" aria-disabled="true" aria-invalid="false">...</mat-select> is not clickable at point (858, 280). Other element would receive the click: <mat-form-field class="mat-mdc-form-field mat-mdc-form-field-type-common-select mat-mdc-form-field-has-icon-prefix mat-mdc-form-field-has-icon-suffix mat-form-field-disabled mat-form-field-appearance-outline mat-form-field-hide-placeholder mat-primary ng-untouched ng-pristine mat-form-field-animations-enabled" style="--mat-form-field-notch-max-width: calc(100% - 8px);">...</mat-form-field>
  (Session info: chrome=138.0.7204.169)
Build info: version: '4.27.0', revision: 'd6e718d134'
System info: os.name: 'Windows 11', os.arch: 'amd64', os.version: '10.0', java.version: '21.0.3'
Driver info: org.openqa.selenium.chrome.ChromeDriver
Command: [96961af64d3f2fb42505f5b6fa1a1746, clickElement {id=f.84BD02C8FA753CE7D6ADD3F40D9CD8FE.d.0AD5CD02997AFCFB4B268A9F683B6CA8.e.333}]
Capabilities {acceptInsecureCerts: false, browserName: chrome, browserVersion: 138.0.7204.169, chrome: {chromedriverVersion: 138.0.7204.168 (3e8d82e86e9..., userDataDir: C:\Users\INGRID~1.ZAD\AppDa...}, fedcm:accounts: true, goog:chromeOptions: {debuggerAddress: localhost:64516}, networkConnectionEnabled: false, pageLoadStrategy: normal, platformName: windows, proxy: Proxy(), se:cdp: ws://localhost:64516/devtoo..., se:cdpVersion: 138.0.7204.169, setWindowRect: true, strictFileInteractability: false, timeouts: {implicit: 0, pageLoad: 300000, script: 30000}, unhandledPromptBehavior: dismiss and notify, webauthn:extension:credBlob: true, webauthn:extension:largeBlob: true, webauthn:extension:minPinLength: true, webauthn:extension:prf: true, webauthn:virtualAuthenticators: true}
Element: [[ChromeDriver: chrome on windows (96961af64d3f2fb42505f5b6fa1a1746)] -> xpath: //mat-select[contains(@class, "mat-mdc-select")]]
Session ID: 96961af64d3f2fb42505f5b6fa1a1746
	at java.base/jdk.internal.reflect.DirectConstructorHandleAccessor.newInstance(DirectConstructorHandleAccessor.java:62)
	at java.base/java.lang.reflect.Constructor.newInstanceWithCaller(Constructor.java:502)
	at java.base/java.lang.reflect.Constructor.newInstance(Constructor.java:486)
	at org.openqa.selenium.remote.ErrorCodec.decode(ErrorCodec.java:167)
	at org.openqa.selenium.remote.codec.w3c.W3CHttpResponseCodec.decode(W3CHttpResponseCodec.java:138)
	at org.openqa.selenium.remote.codec.w3c.W3CHttpResponseCodec.decode(W3CHttpResponseCodec.java:50)
	at org.openqa.selenium.remote.HttpCommandExecutor.execute(HttpCommandExecutor.java:190)
	at org.openqa.selenium.remote.service.DriverCommandExecutor.invokeExecute(DriverCommandExecutor.java:216)
	at org.openqa.selenium.remote.service.DriverCommandExecutor.execute(DriverCommandExecutor.java:174)
	at org.openqa.selenium.remote.RemoteWebDriver.execute(RemoteWebDriver.java:545)
	at org.openqa.selenium.remote.RemoteWebElement.execute(RemoteWebElement.java:223)
	at org.openqa.selenium.remote.RemoteWebElement.click(RemoteWebElement.java:76)
	at java.base/jdk.internal.reflect.DirectMethodHandleAccessor.invoke(DirectMethodHandleAccessor.java:103)
	at java.base/java.lang.reflect.Method.invoke(Method.java:580)
	at org.openqa.selenium.support.pagefactory.internal.LocatingElementHandler.invoke(LocatingElementHandler.java:51)
	at jdk.proxy2/jdk.proxy2.$Proxy14.click(Unknown Source)
	at lt.insoft.uztis.pages.SubmittedApplicationsPage.selectValueApplicant_FA(SubmittedApplicationsPage.java:619)
	... 69 common frames omitted
2025-07-29 14:37:51 [main] INFO  l.insoft.uztis.tests.utils.TestUtils - Screenshot moved to C:\Users\ingrida.zadorozniene\Desktop\Asm\UZTIS\UZTIS_tests\test-output\screenshots\20250729\143751867_testFillNewVUIApplicationFA().png
2025-07-29 14:41:05 [main] INFO  lt.insoft.uztis.tests.UztisPageTest - Navigated to https://uztisdev.asseco.lt/home
2025-07-29 14:41:05 [main] INFO  l.i.u.t.SubmittedApplicationsPageTest - Starting test:'testFillNewVUIPApplicationFA'
2025-07-29 14:41:05 [main] INFO  l.insoft.uztis.tests.utils.TestUtils - Login attempt with user: evaluation_chief
2025-07-29 14:41:05 [main] DEBUG l.i.u.t.SubmittedApplicationsPageTest - User logged in with test credentials
2025-07-29 14:41:06 [main] DEBUG l.i.u.t.SubmittedApplicationsPageTest - Opened 'Application Processing' menu.
2025-07-29 14:41:06 [main] DEBUG l.i.u.t.SubmittedApplicationsPageTest - Clicked on 'Application Forms' menu.
2025-07-29 14:41:07 [main] DEBUG l.i.u.t.SubmittedApplicationsPageTest - Retrieved last description code text: 'TST-VUI-48'.
2025-07-29 14:41:07 [main] DEBUG l.i.u.t.SubmittedApplicationsPageTest - Clicked on 'Invitation' menu.
2025-07-29 14:41:09 [main] DEBUG l.i.u.t.SubmittedApplicationsPageTest - Selected application section by code: 'TST-VUI-48'.
2025-07-29 14:41:09 [main] DEBUG l.i.u.t.SubmittedApplicationsPageTest - Clicked 'Search' button.
2025-07-29 14:41:09 [main] DEBUG l.i.u.t.SubmittedApplicationsPageTest - Retrieved invitation code: ''.
2025-07-29 14:41:09 [main] DEBUG l.i.u.t.SubmittedApplicationsPageTest - Clicked on 'Submitted Applications' menu.
2025-07-29 14:41:12 [main] DEBUG l.i.u.t.SubmittedApplicationsPageTest - Selected invitation by code: 'TST-VUI-48'.
2025-07-29 14:41:12 [main] DEBUG l.i.u.t.SubmittedApplicationsPageTest - Invitation code inserted.
2025-07-29 14:41:12 [main] DEBUG l.i.u.t.SubmittedApplicationsPageTest - Clicked on 'Action Application' button.
2025-07-29 14:41:12 [main] DEBUG l.i.u.t.SubmittedApplicationsPageTest - Clicked on 'New Application' button.
2025-07-29 14:41:13 [main] ERROR l.i.u.p.SubmittedApplicationsPage - Nepavyko pasirinkti reikšmės 'Pavardenis GR777': element click intercepted: Element <mat-select role="combobox" aria-haspopup="listbox" class="mat-mdc-select primary-control mat-mdc-select-empty ng-untouched ng-pristine mat-mdc-select-disabled" aria-labelledby="mat-select-value-7" id="mat-select-7" tabindex="-1" aria-expanded="false" aria-required="false" aria-disabled="true" aria-invalid="false">...</mat-select> is not clickable at point (858, 280). Other element would receive the click: <mat-form-field class="mat-mdc-form-field mat-mdc-form-field-type-common-select mat-mdc-form-field-has-icon-prefix mat-mdc-form-field-has-icon-suffix mat-form-field-disabled mat-form-field-appearance-outline mat-form-field-hide-placeholder mat-primary ng-untouched ng-pristine mat-form-field-animations-enabled" style="--mat-form-field-notch-max-width: calc(100% - 8px);">...</mat-form-field>
  (Session info: chrome=138.0.7204.169)
Build info: version: '4.27.0', revision: 'd6e718d134'
System info: os.name: 'Windows 11', os.arch: 'amd64', os.version: '10.0', java.version: '21.0.3'
Driver info: org.openqa.selenium.chrome.ChromeDriver
Command: [18e4f4923e238e93dcae20fc464f2307, clickElement {id=f.98C49249AF29E3934D35D0534D25E304.d.CB3A66D61A859282E0C7D1466C284121.e.347}]
Capabilities {acceptInsecureCerts: false, browserName: chrome, browserVersion: 138.0.7204.169, chrome: {chromedriverVersion: 138.0.7204.168 (3e8d82e86e9..., userDataDir: C:\Users\INGRID~1.ZAD\AppDa...}, fedcm:accounts: true, goog:chromeOptions: {debuggerAddress: localhost:64716}, networkConnectionEnabled: false, pageLoadStrategy: normal, platformName: windows, proxy: Proxy(), se:cdp: ws://localhost:64716/devtoo..., se:cdpVersion: 138.0.7204.169, setWindowRect: true, strictFileInteractability: false, timeouts: {implicit: 0, pageLoad: 300000, script: 30000}, unhandledPromptBehavior: dismiss and notify, webauthn:extension:credBlob: true, webauthn:extension:largeBlob: true, webauthn:extension:minPinLength: true, webauthn:extension:prf: true, webauthn:virtualAuthenticators: true}
Element: [[ChromeDriver: chrome on windows (18e4f4923e238e93dcae20fc464f2307)] -> xpath: //mat-select[contains(@class, "mat-mdc-select")]]
Session ID: 18e4f4923e238e93dcae20fc464f2307
org.openqa.selenium.ElementClickInterceptedException: element click intercepted: Element <mat-select role="combobox" aria-haspopup="listbox" class="mat-mdc-select primary-control mat-mdc-select-empty ng-untouched ng-pristine mat-mdc-select-disabled" aria-labelledby="mat-select-value-7" id="mat-select-7" tabindex="-1" aria-expanded="false" aria-required="false" aria-disabled="true" aria-invalid="false">...</mat-select> is not clickable at point (858, 280). Other element would receive the click: <mat-form-field class="mat-mdc-form-field mat-mdc-form-field-type-common-select mat-mdc-form-field-has-icon-prefix mat-mdc-form-field-has-icon-suffix mat-form-field-disabled mat-form-field-appearance-outline mat-form-field-hide-placeholder mat-primary ng-untouched ng-pristine mat-form-field-animations-enabled" style="--mat-form-field-notch-max-width: calc(100% - 8px);">...</mat-form-field>
  (Session info: chrome=138.0.7204.169)
Build info: version: '4.27.0', revision: 'd6e718d134'
System info: os.name: 'Windows 11', os.arch: 'amd64', os.version: '10.0', java.version: '21.0.3'
Driver info: org.openqa.selenium.chrome.ChromeDriver
Command: [18e4f4923e238e93dcae20fc464f2307, clickElement {id=f.98C49249AF29E3934D35D0534D25E304.d.CB3A66D61A859282E0C7D1466C284121.e.347}]
Capabilities {acceptInsecureCerts: false, browserName: chrome, browserVersion: 138.0.7204.169, chrome: {chromedriverVersion: 138.0.7204.168 (3e8d82e86e9..., userDataDir: C:\Users\INGRID~1.ZAD\AppDa...}, fedcm:accounts: true, goog:chromeOptions: {debuggerAddress: localhost:64716}, networkConnectionEnabled: false, pageLoadStrategy: normal, platformName: windows, proxy: Proxy(), se:cdp: ws://localhost:64716/devtoo..., se:cdpVersion: 138.0.7204.169, setWindowRect: true, strictFileInteractability: false, timeouts: {implicit: 0, pageLoad: 300000, script: 30000}, unhandledPromptBehavior: dismiss and notify, webauthn:extension:credBlob: true, webauthn:extension:largeBlob: true, webauthn:extension:minPinLength: true, webauthn:extension:prf: true, webauthn:virtualAuthenticators: true}
Element: [[ChromeDriver: chrome on windows (18e4f4923e238e93dcae20fc464f2307)] -> xpath: //mat-select[contains(@class, "mat-mdc-select")]]
Session ID: 18e4f4923e238e93dcae20fc464f2307
	at java.base/jdk.internal.reflect.DirectConstructorHandleAccessor.newInstance(DirectConstructorHandleAccessor.java:62)
	at java.base/java.lang.reflect.Constructor.newInstanceWithCaller(Constructor.java:502)
	at java.base/java.lang.reflect.Constructor.newInstance(Constructor.java:486)
	at org.openqa.selenium.remote.ErrorCodec.decode(ErrorCodec.java:167)
	at org.openqa.selenium.remote.codec.w3c.W3CHttpResponseCodec.decode(W3CHttpResponseCodec.java:138)
	at org.openqa.selenium.remote.codec.w3c.W3CHttpResponseCodec.decode(W3CHttpResponseCodec.java:50)
	at org.openqa.selenium.remote.HttpCommandExecutor.execute(HttpCommandExecutor.java:190)
	at org.openqa.selenium.remote.service.DriverCommandExecutor.invokeExecute(DriverCommandExecutor.java:216)
	at org.openqa.selenium.remote.service.DriverCommandExecutor.execute(DriverCommandExecutor.java:174)
	at org.openqa.selenium.remote.RemoteWebDriver.execute(RemoteWebDriver.java:545)
	at org.openqa.selenium.remote.RemoteWebElement.execute(RemoteWebElement.java:223)
	at org.openqa.selenium.remote.RemoteWebElement.click(RemoteWebElement.java:76)
	at java.base/jdk.internal.reflect.DirectMethodHandleAccessor.invoke(DirectMethodHandleAccessor.java:103)
	at java.base/java.lang.reflect.Method.invoke(Method.java:580)
	at org.openqa.selenium.support.pagefactory.internal.LocatingElementHandler.invoke(LocatingElementHandler.java:51)
	at jdk.proxy2/jdk.proxy2.$Proxy14.click(Unknown Source)
	at lt.insoft.uztis.pages.SubmittedApplicationsPage.selectValueApplicant_FA(SubmittedApplicationsPage.java:620)
	at lt.insoft.uztis.tests.SubmittedApplicationsPageTest.testFillNewVUIApplicationFA(SubmittedApplicationsPageTest.java:150)
	at java.base/jdk.internal.reflect.DirectMethodHandleAccessor.invoke(DirectMethodHandleAccessor.java:103)
	at java.base/java.lang.reflect.Method.invoke(Method.java:580)
	at org.junit.platform.commons.util.ReflectionUtils.invokeMethod(ReflectionUtils.java:728)
	at org.junit.jupiter.engine.execution.MethodInvocation.proceed(MethodInvocation.java:60)
	at org.junit.jupiter.engine.execution.InvocationInterceptorChain$ValidatingInvocation.proceed(InvocationInterceptorChain.java:131)
	at org.junit.jupiter.engine.extension.TimeoutExtension.intercept(TimeoutExtension.java:156)
	at org.junit.jupiter.engine.extension.TimeoutExtension.interceptTestableMethod(TimeoutExtension.java:147)
	at org.junit.jupiter.engine.extension.TimeoutExtension.interceptTestMethod(TimeoutExtension.java:86)
	at org.junit.jupiter.engine.execution.InterceptingExecutableInvoker$ReflectiveInterceptorCall.lambda$ofVoidMethod$0(InterceptingExecutableInvoker.java:103)
	at org.junit.jupiter.engine.execution.InterceptingExecutableInvoker.lambda$invoke$0(InterceptingExecutableInvoker.java:93)
	at org.junit.jupiter.engine.execution.InvocationInterceptorChain$InterceptedInvocation.proceed(InvocationInterceptorChain.java:106)
	at org.junit.jupiter.engine.execution.InvocationInterceptorChain.proceed(InvocationInterceptorChain.java:64)
	at org.junit.jupiter.engine.execution.InvocationInterceptorChain.chainAndInvoke(InvocationInterceptorChain.java:45)
	at org.junit.jupiter.engine.execution.InvocationInterceptorChain.invoke(InvocationInterceptorChain.java:37)
	at org.junit.jupiter.engine.execution.InterceptingExecutableInvoker.invoke(InterceptingExecutableInvoker.java:92)
	at org.junit.jupiter.engine.execution.InterceptingExecutableInvoker.invoke(InterceptingExecutableInvoker.java:86)
	at org.junit.jupiter.engine.descriptor.TestMethodTestDescriptor.lambda$invokeTestMethod$7(TestMethodTestDescriptor.java:218)
	at org.junit.platform.engine.support.hierarchical.ThrowableCollector.execute(ThrowableCollector.java:73)
	at org.junit.jupiter.engine.descriptor.TestMethodTestDescriptor.invokeTestMethod(TestMethodTestDescriptor.java:214)
	at org.junit.jupiter.engine.descriptor.TestMethodTestDescriptor.execute(TestMethodTestDescriptor.java:139)
	at org.junit.jupiter.engine.descriptor.TestMethodTestDescriptor.execute(TestMethodTestDescriptor.java:69)
	at org.junit.platform.engine.support.hierarchical.NodeTestTask.lambda$executeRecursively$6(NodeTestTask.java:151)
	at org.junit.platform.engine.support.hierarchical.ThrowableCollector.execute(ThrowableCollector.java:73)
	at org.junit.platform.engine.support.hierarchical.NodeTestTask.lambda$executeRecursively$8(NodeTestTask.java:141)
	at org.junit.platform.engine.support.hierarchical.Node.around(Node.java:137)
	at org.junit.platform.engine.support.hierarchical.NodeTestTask.lambda$executeRecursively$9(NodeTestTask.java:139)
	at org.junit.platform.engine.support.hierarchical.ThrowableCollector.execute(ThrowableCollector.java:73)
	at org.junit.platform.engine.support.hierarchical.NodeTestTask.executeRecursively(NodeTestTask.java:138)
	at org.junit.platform.engine.support.hierarchical.NodeTestTask.execute(NodeTestTask.java:95)
	at java.base/java.util.ArrayList.forEach(ArrayList.java:1596)
	at org.junit.platform.engine.support.hierarchical.SameThreadHierarchicalTestExecutorService.invokeAll(SameThreadHierarchicalTestExecutorService.java:41)
	at org.junit.platform.engine.support.hierarchical.NodeTestTask.lambda$executeRecursively$6(NodeTestTask.java:155)
	at org.junit.platform.engine.support.hierarchical.ThrowableCollector.execute(ThrowableCollector.java:73)
	at org.junit.platform.engine.support.hierarchical.NodeTestTask.lambda$executeRecursively$8(NodeTestTask.java:141)
	at org.junit.platform.engine.support.hierarchical.Node.around(Node.java:137)
	at org.junit.platform.engine.support.hierarchical.NodeTestTask.lambda$executeRecursively$9(NodeTestTask.java:139)
	at org.junit.platform.engine.support.hierarchical.ThrowableCollector.execute(ThrowableCollector.java:73)
	at org.junit.platform.engine.support.hierarchical.NodeTestTask.executeRecursively(NodeTestTask.java:138)
	at org.junit.platform.engine.support.hierarchical.NodeTestTask.execute(NodeTestTask.java:95)
	at java.base/java.util.ArrayList.forEach(ArrayList.java:1596)
	at org.junit.platform.engine.support.hierarchical.SameThreadHierarchicalTestExecutorService.invokeAll(SameThreadHierarchicalTestExecutorService.java:41)
	at org.junit.platform.engine.support.hierarchical.NodeTestTask.lambda$executeRecursively$6(NodeTestTask.java:155)
	at org.junit.platform.engine.support.hierarchical.ThrowableCollector.execute(ThrowableCollector.java:73)
	at org.junit.platform.engine.support.hierarchical.NodeTestTask.lambda$executeRecursively$8(NodeTestTask.java:141)
	at org.junit.platform.engine.support.hierarchical.Node.around(Node.java:137)
	at org.junit.platform.engine.support.hierarchical.NodeTestTask.lambda$executeRecursively$9(NodeTestTask.java:139)
	at org.junit.platform.engine.support.hierarchical.ThrowableCollector.execute(ThrowableCollector.java:73)
	at org.junit.platform.engine.support.hierarchical.NodeTestTask.executeRecursively(NodeTestTask.java:138)
	at org.junit.platform.engine.support.hierarchical.NodeTestTask.execute(NodeTestTask.java:95)
	at org.junit.platform.engine.support.hierarchical.SameThreadHierarchicalTestExecutorService.submit(SameThreadHierarchicalTestExecutorService.java:35)
	at org.junit.platform.engine.support.hierarchical.HierarchicalTestExecutor.execute(HierarchicalTestExecutor.java:57)
	at org.junit.platform.engine.support.hierarchical.HierarchicalTestEngine.execute(HierarchicalTestEngine.java:54)
	at org.junit.platform.launcher.core.EngineExecutionOrchestrator.execute(EngineExecutionOrchestrator.java:198)
	at org.junit.platform.launcher.core.EngineExecutionOrchestrator.execute(EngineExecutionOrchestrator.java:169)
	at org.junit.platform.launcher.core.EngineExecutionOrchestrator.execute(EngineExecutionOrchestrator.java:93)
	at org.junit.platform.launcher.core.EngineExecutionOrchestrator.lambda$execute$0(EngineExecutionOrchestrator.java:58)
	at org.junit.platform.launcher.core.EngineExecutionOrchestrator.withInterceptedStreams(EngineExecutionOrchestrator.java:141)
	at org.junit.platform.launcher.core.EngineExecutionOrchestrator.execute(EngineExecutionOrchestrator.java:57)
	at org.junit.platform.launcher.core.DefaultLauncher.execute(DefaultLauncher.java:103)
	at org.junit.platform.launcher.core.DefaultLauncher.execute(DefaultLauncher.java:85)
	at org.junit.platform.launcher.core.DelegatingLauncher.execute(DelegatingLauncher.java:47)
	at org.junit.platform.launcher.core.SessionPerRequestLauncher.execute(SessionPerRequestLauncher.java:63)
	at com.intellij.junit5.JUnit5IdeaTestRunner.startRunnerWithArgs(JUnit5IdeaTestRunner.java:57)
	at com.intellij.rt.junit.IdeaTestRunner$Repeater$1.execute(IdeaTestRunner.java:38)
	at com.intellij.rt.execution.junit.TestsRepeater.repeat(TestsRepeater.java:11)
	at com.intellij.rt.junit.IdeaTestRunner$Repeater.startRunnerWithArgs(IdeaTestRunner.java:35)
	at com.intellij.rt.junit.JUnitStarter.prepareStreamsAndStart(JUnitStarter.java:232)
	at com.intellij.rt.junit.JUnitStarter.main(JUnitStarter.java:55)
2025-07-29 14:41:13 [main] ERROR l.i.u.t.SubmittedApplicationsPageTest - Test 'testFillNewVUIApplicationFA' failed with error: Nepavyko pasirinkti reikšmės iš dropdown'o: Pavardenis GR777
java.lang.RuntimeException: Nepavyko pasirinkti reikšmės iš dropdown'o: Pavardenis GR777
	at lt.insoft.uztis.pages.SubmittedApplicationsPage.selectValueApplicant_FA(SubmittedApplicationsPage.java:650)
	at lt.insoft.uztis.tests.SubmittedApplicationsPageTest.testFillNewVUIApplicationFA(SubmittedApplicationsPageTest.java:150)
	at java.base/jdk.internal.reflect.DirectMethodHandleAccessor.invoke(DirectMethodHandleAccessor.java:103)
	at java.base/java.lang.reflect.Method.invoke(Method.java:580)
	at org.junit.platform.commons.util.ReflectionUtils.invokeMethod(ReflectionUtils.java:728)
	at org.junit.jupiter.engine.execution.MethodInvocation.proceed(MethodInvocation.java:60)
	at org.junit.jupiter.engine.execution.InvocationInterceptorChain$ValidatingInvocation.proceed(InvocationInterceptorChain.java:131)
	at org.junit.jupiter.engine.extension.TimeoutExtension.intercept(TimeoutExtension.java:156)
	at org.junit.jupiter.engine.extension.TimeoutExtension.interceptTestableMethod(TimeoutExtension.java:147)
	at org.junit.jupiter.engine.extension.TimeoutExtension.interceptTestMethod(TimeoutExtension.java:86)
	at org.junit.jupiter.engine.execution.InterceptingExecutableInvoker$ReflectiveInterceptorCall.lambda$ofVoidMethod$0(InterceptingExecutableInvoker.java:103)
	at org.junit.jupiter.engine.execution.InterceptingExecutableInvoker.lambda$invoke$0(InterceptingExecutableInvoker.java:93)
	at org.junit.jupiter.engine.execution.InvocationInterceptorChain$InterceptedInvocation.proceed(InvocationInterceptorChain.java:106)
	at org.junit.jupiter.engine.execution.InvocationInterceptorChain.proceed(InvocationInterceptorChain.java:64)
	at org.junit.jupiter.engine.execution.InvocationInterceptorChain.chainAndInvoke(InvocationInterceptorChain.java:45)
	at org.junit.jupiter.engine.execution.InvocationInterceptorChain.invoke(InvocationInterceptorChain.java:37)
	at org.junit.jupiter.engine.execution.InterceptingExecutableInvoker.invoke(InterceptingExecutableInvoker.java:92)
	at org.junit.jupiter.engine.execution.InterceptingExecutableInvoker.invoke(InterceptingExecutableInvoker.java:86)
	at org.junit.jupiter.engine.descriptor.TestMethodTestDescriptor.lambda$invokeTestMethod$7(TestMethodTestDescriptor.java:218)
	at org.junit.platform.engine.support.hierarchical.ThrowableCollector.execute(ThrowableCollector.java:73)
	at org.junit.jupiter.engine.descriptor.TestMethodTestDescriptor.invokeTestMethod(TestMethodTestDescriptor.java:214)
	at org.junit.jupiter.engine.descriptor.TestMethodTestDescriptor.execute(TestMethodTestDescriptor.java:139)
	at org.junit.jupiter.engine.descriptor.TestMethodTestDescriptor.execute(TestMethodTestDescriptor.java:69)
	at org.junit.platform.engine.support.hierarchical.NodeTestTask.lambda$executeRecursively$6(NodeTestTask.java:151)
	at org.junit.platform.engine.support.hierarchical.ThrowableCollector.execute(ThrowableCollector.java:73)
	at org.junit.platform.engine.support.hierarchical.NodeTestTask.lambda$executeRecursively$8(NodeTestTask.java:141)
	at org.junit.platform.engine.support.hierarchical.Node.around(Node.java:137)
	at org.junit.platform.engine.support.hierarchical.NodeTestTask.lambda$executeRecursively$9(NodeTestTask.java:139)
	at org.junit.platform.engine.support.hierarchical.ThrowableCollector.execute(ThrowableCollector.java:73)
	at org.junit.platform.engine.support.hierarchical.NodeTestTask.executeRecursively(NodeTestTask.java:138)
	at org.junit.platform.engine.support.hierarchical.NodeTestTask.execute(NodeTestTask.java:95)
	at java.base/java.util.ArrayList.forEach(ArrayList.java:1596)
	at org.junit.platform.engine.support.hierarchical.SameThreadHierarchicalTestExecutorService.invokeAll(SameThreadHierarchicalTestExecutorService.java:41)
	at org.junit.platform.engine.support.hierarchical.NodeTestTask.lambda$executeRecursively$6(NodeTestTask.java:155)
	at org.junit.platform.engine.support.hierarchical.ThrowableCollector.execute(ThrowableCollector.java:73)
	at org.junit.platform.engine.support.hierarchical.NodeTestTask.lambda$executeRecursively$8(NodeTestTask.java:141)
	at org.junit.platform.engine.support.hierarchical.Node.around(Node.java:137)
	at org.junit.platform.engine.support.hierarchical.NodeTestTask.lambda$executeRecursively$9(NodeTestTask.java:139)
	at org.junit.platform.engine.support.hierarchical.ThrowableCollector.execute(ThrowableCollector.java:73)
	at org.junit.platform.engine.support.hierarchical.NodeTestTask.executeRecursively(NodeTestTask.java:138)
	at org.junit.platform.engine.support.hierarchical.NodeTestTask.execute(NodeTestTask.java:95)
	at java.base/java.util.ArrayList.forEach(ArrayList.java:1596)
	at org.junit.platform.engine.support.hierarchical.SameThreadHierarchicalTestExecutorService.invokeAll(SameThreadHierarchicalTestExecutorService.java:41)
	at org.junit.platform.engine.support.hierarchical.NodeTestTask.lambda$executeRecursively$6(NodeTestTask.java:155)
	at org.junit.platform.engine.support.hierarchical.ThrowableCollector.execute(ThrowableCollector.java:73)
	at org.junit.platform.engine.support.hierarchical.NodeTestTask.lambda$executeRecursively$8(NodeTestTask.java:141)
	at org.junit.platform.engine.support.hierarchical.Node.around(Node.java:137)
	at org.junit.platform.engine.support.hierarchical.NodeTestTask.lambda$executeRecursively$9(NodeTestTask.java:139)
	at org.junit.platform.engine.support.hierarchical.ThrowableCollector.execute(ThrowableCollector.java:73)
	at org.junit.platform.engine.support.hierarchical.NodeTestTask.executeRecursively(NodeTestTask.java:138)
	at org.junit.platform.engine.support.hierarchical.NodeTestTask.execute(NodeTestTask.java:95)
	at org.junit.platform.engine.support.hierarchical.SameThreadHierarchicalTestExecutorService.submit(SameThreadHierarchicalTestExecutorService.java:35)
	at org.junit.platform.engine.support.hierarchical.HierarchicalTestExecutor.execute(HierarchicalTestExecutor.java:57)
	at org.junit.platform.engine.support.hierarchical.HierarchicalTestEngine.execute(HierarchicalTestEngine.java:54)
	at org.junit.platform.launcher.core.EngineExecutionOrchestrator.execute(EngineExecutionOrchestrator.java:198)
	at org.junit.platform.launcher.core.EngineExecutionOrchestrator.execute(EngineExecutionOrchestrator.java:169)
	at org.junit.platform.launcher.core.EngineExecutionOrchestrator.execute(EngineExecutionOrchestrator.java:93)
	at org.junit.platform.launcher.core.EngineExecutionOrchestrator.lambda$execute$0(EngineExecutionOrchestrator.java:58)
	at org.junit.platform.launcher.core.EngineExecutionOrchestrator.withInterceptedStreams(EngineExecutionOrchestrator.java:141)
	at org.junit.platform.launcher.core.EngineExecutionOrchestrator.execute(EngineExecutionOrchestrator.java:57)
	at org.junit.platform.launcher.core.DefaultLauncher.execute(DefaultLauncher.java:103)
	at org.junit.platform.launcher.core.DefaultLauncher.execute(DefaultLauncher.java:85)
	at org.junit.platform.launcher.core.DelegatingLauncher.execute(DelegatingLauncher.java:47)
	at org.junit.platform.launcher.core.SessionPerRequestLauncher.execute(SessionPerRequestLauncher.java:63)
	at com.intellij.junit5.JUnit5IdeaTestRunner.startRunnerWithArgs(JUnit5IdeaTestRunner.java:57)
	at com.intellij.rt.junit.IdeaTestRunner$Repeater$1.execute(IdeaTestRunner.java:38)
	at com.intellij.rt.execution.junit.TestsRepeater.repeat(TestsRepeater.java:11)
	at com.intellij.rt.junit.IdeaTestRunner$Repeater.startRunnerWithArgs(IdeaTestRunner.java:35)
	at com.intellij.rt.junit.JUnitStarter.prepareStreamsAndStart(JUnitStarter.java:232)
	at com.intellij.rt.junit.JUnitStarter.main(JUnitStarter.java:55)
Caused by: org.openqa.selenium.ElementClickInterceptedException: element click intercepted: Element <mat-select role="combobox" aria-haspopup="listbox" class="mat-mdc-select primary-control mat-mdc-select-empty ng-untouched ng-pristine mat-mdc-select-disabled" aria-labelledby="mat-select-value-7" id="mat-select-7" tabindex="-1" aria-expanded="false" aria-required="false" aria-disabled="true" aria-invalid="false">...</mat-select> is not clickable at point (858, 280). Other element would receive the click: <mat-form-field class="mat-mdc-form-field mat-mdc-form-field-type-common-select mat-mdc-form-field-has-icon-prefix mat-mdc-form-field-has-icon-suffix mat-form-field-disabled mat-form-field-appearance-outline mat-form-field-hide-placeholder mat-primary ng-untouched ng-pristine mat-form-field-animations-enabled" style="--mat-form-field-notch-max-width: calc(100% - 8px);">...</mat-form-field>
  (Session info: chrome=138.0.7204.169)
Build info: version: '4.27.0', revision: 'd6e718d134'
System info: os.name: 'Windows 11', os.arch: 'amd64', os.version: '10.0', java.version: '21.0.3'
Driver info: org.openqa.selenium.chrome.ChromeDriver
Command: [18e4f4923e238e93dcae20fc464f2307, clickElement {id=f.98C49249AF29E3934D35D0534D25E304.d.CB3A66D61A859282E0C7D1466C284121.e.347}]
Capabilities {acceptInsecureCerts: false, browserName: chrome, browserVersion: 138.0.7204.169, chrome: {chromedriverVersion: 138.0.7204.168 (3e8d82e86e9..., userDataDir: C:\Users\INGRID~1.ZAD\AppDa...}, fedcm:accounts: true, goog:chromeOptions: {debuggerAddress: localhost:64716}, networkConnectionEnabled: false, pageLoadStrategy: normal, platformName: windows, proxy: Proxy(), se:cdp: ws://localhost:64716/devtoo..., se:cdpVersion: 138.0.7204.169, setWindowRect: true, strictFileInteractability: false, timeouts: {implicit: 0, pageLoad: 300000, script: 30000}, unhandledPromptBehavior: dismiss and notify, webauthn:extension:credBlob: true, webauthn:extension:largeBlob: true, webauthn:extension:minPinLength: true, webauthn:extension:prf: true, webauthn:virtualAuthenticators: true}
Element: [[ChromeDriver: chrome on windows (18e4f4923e238e93dcae20fc464f2307)] -> xpath: //mat-select[contains(@class, "mat-mdc-select")]]
Session ID: 18e4f4923e238e93dcae20fc464f2307
	at java.base/jdk.internal.reflect.DirectConstructorHandleAccessor.newInstance(DirectConstructorHandleAccessor.java:62)
	at java.base/java.lang.reflect.Constructor.newInstanceWithCaller(Constructor.java:502)
	at java.base/java.lang.reflect.Constructor.newInstance(Constructor.java:486)
	at org.openqa.selenium.remote.ErrorCodec.decode(ErrorCodec.java:167)
	at org.openqa.selenium.remote.codec.w3c.W3CHttpResponseCodec.decode(W3CHttpResponseCodec.java:138)
	at org.openqa.selenium.remote.codec.w3c.W3CHttpResponseCodec.decode(W3CHttpResponseCodec.java:50)
	at org.openqa.selenium.remote.HttpCommandExecutor.execute(HttpCommandExecutor.java:190)
	at org.openqa.selenium.remote.service.DriverCommandExecutor.invokeExecute(DriverCommandExecutor.java:216)
	at org.openqa.selenium.remote.service.DriverCommandExecutor.execute(DriverCommandExecutor.java:174)
	at org.openqa.selenium.remote.RemoteWebDriver.execute(RemoteWebDriver.java:545)
	at org.openqa.selenium.remote.RemoteWebElement.execute(RemoteWebElement.java:223)
	at org.openqa.selenium.remote.RemoteWebElement.click(RemoteWebElement.java:76)
	at java.base/jdk.internal.reflect.DirectMethodHandleAccessor.invoke(DirectMethodHandleAccessor.java:103)
	at java.base/java.lang.reflect.Method.invoke(Method.java:580)
	at org.openqa.selenium.support.pagefactory.internal.LocatingElementHandler.invoke(LocatingElementHandler.java:51)
	at jdk.proxy2/jdk.proxy2.$Proxy14.click(Unknown Source)
	at lt.insoft.uztis.pages.SubmittedApplicationsPage.selectValueApplicant_FA(SubmittedApplicationsPage.java:620)
	... 69 common frames omitted
2025-07-29 14:41:14 [main] INFO  l.insoft.uztis.tests.utils.TestUtils - Screenshot moved to C:\Users\ingrida.zadorozniene\Desktop\Asm\UZTIS\UZTIS_tests\test-output\screenshots\20250729\144114153_testFillNewVUIApplicationFA().png
2025-07-29 14:41:40 [main] INFO  lt.insoft.uztis.tests.UztisPageTest - Navigated to https://uztisdev.asseco.lt/home
2025-07-29 14:41:40 [main] INFO  l.i.u.t.SubmittedApplicationsPageTest - Starting test:'testFillNewVUIPApplicationFA'
2025-07-29 14:41:41 [main] INFO  l.insoft.uztis.tests.utils.TestUtils - Login attempt with user: evaluation_chief
2025-07-29 14:41:41 [main] DEBUG l.i.u.t.SubmittedApplicationsPageTest - User logged in with test credentials
2025-07-29 14:41:41 [main] DEBUG l.i.u.t.SubmittedApplicationsPageTest - Opened 'Application Processing' menu.
2025-07-29 14:41:42 [main] DEBUG l.i.u.t.SubmittedApplicationsPageTest - Clicked on 'Application Forms' menu.
2025-07-29 14:41:42 [main] DEBUG l.i.u.t.SubmittedApplicationsPageTest - Retrieved last description code text: 'TST-VUI-48'.
2025-07-29 14:41:42 [main] DEBUG l.i.u.t.SubmittedApplicationsPageTest - Clicked on 'Invitation' menu.
2025-07-29 14:41:44 [main] DEBUG l.i.u.t.SubmittedApplicationsPageTest - Selected application section by code: 'TST-VUI-48'.
2025-07-29 14:41:44 [main] DEBUG l.i.u.t.SubmittedApplicationsPageTest - Clicked 'Search' button.
2025-07-29 14:41:44 [main] DEBUG l.i.u.t.SubmittedApplicationsPageTest - Retrieved invitation code: ''.
2025-07-29 14:41:44 [main] DEBUG l.i.u.t.SubmittedApplicationsPageTest - Clicked on 'Submitted Applications' menu.
2025-07-29 14:41:46 [main] DEBUG l.i.u.t.SubmittedApplicationsPageTest - Selected invitation by code: 'TST-VUI-48'.
2025-07-29 14:41:46 [main] DEBUG l.i.u.t.SubmittedApplicationsPageTest - Invitation code inserted.
2025-07-29 14:41:46 [main] DEBUG l.i.u.t.SubmittedApplicationsPageTest - Clicked on 'Action Application' button.
2025-07-29 14:41:47 [main] DEBUG l.i.u.t.SubmittedApplicationsPageTest - Clicked on 'New Application' button.
2025-07-29 14:41:48 [main] ERROR l.i.u.p.SubmittedApplicationsPage - Nepavyko pasirinkti reikšmės 'Pavardenis GR777': element click intercepted: Element <mat-select role="combobox" aria-haspopup="listbox" class="mat-mdc-select primary-control mat-mdc-select-empty ng-untouched ng-pristine mat-mdc-select-disabled" aria-labelledby="mat-select-value-7" id="mat-select-7" tabindex="-1" aria-expanded="false" aria-required="false" aria-disabled="true" aria-invalid="false">...</mat-select> is not clickable at point (858, 280). Other element would receive the click: <mat-form-field class="mat-mdc-form-field mat-mdc-form-field-type-common-select mat-mdc-form-field-has-icon-prefix mat-mdc-form-field-has-icon-suffix mat-form-field-disabled mat-form-field-appearance-outline mat-form-field-hide-placeholder mat-primary ng-untouched ng-pristine mat-form-field-animations-enabled" style="--mat-form-field-notch-max-width: calc(100% - 8px);">...</mat-form-field>
  (Session info: chrome=138.0.7204.169)
Build info: version: '4.27.0', revision: 'd6e718d134'
System info: os.name: 'Windows 11', os.arch: 'amd64', os.version: '10.0', java.version: '21.0.3'
Driver info: org.openqa.selenium.chrome.ChromeDriver
Command: [861fc765408a2ecae30781a7960fc9d3, clickElement {id=f.DE6B40741275083EFD35A206B1FBB16F.d.6FC64921E41B21CAE521423AD018A61A.e.345}]
Capabilities {acceptInsecureCerts: false, browserName: chrome, browserVersion: 138.0.7204.169, chrome: {chromedriverVersion: 138.0.7204.168 (3e8d82e86e9..., userDataDir: C:\Users\INGRID~1.ZAD\AppDa...}, fedcm:accounts: true, goog:chromeOptions: {debuggerAddress: localhost:64775}, networkConnectionEnabled: false, pageLoadStrategy: normal, platformName: windows, proxy: Proxy(), se:cdp: ws://localhost:64775/devtoo..., se:cdpVersion: 138.0.7204.169, setWindowRect: true, strictFileInteractability: false, timeouts: {implicit: 0, pageLoad: 300000, script: 30000}, unhandledPromptBehavior: dismiss and notify, webauthn:extension:credBlob: true, webauthn:extension:largeBlob: true, webauthn:extension:minPinLength: true, webauthn:extension:prf: true, webauthn:virtualAuthenticators: true}
Element: [[ChromeDriver: chrome on windows (861fc765408a2ecae30781a7960fc9d3)] -> xpath: //mat-select[contains(@class, "mat-mdc-select")]]
Session ID: 861fc765408a2ecae30781a7960fc9d3
org.openqa.selenium.ElementClickInterceptedException: element click intercepted: Element <mat-select role="combobox" aria-haspopup="listbox" class="mat-mdc-select primary-control mat-mdc-select-empty ng-untouched ng-pristine mat-mdc-select-disabled" aria-labelledby="mat-select-value-7" id="mat-select-7" tabindex="-1" aria-expanded="false" aria-required="false" aria-disabled="true" aria-invalid="false">...</mat-select> is not clickable at point (858, 280). Other element would receive the click: <mat-form-field class="mat-mdc-form-field mat-mdc-form-field-type-common-select mat-mdc-form-field-has-icon-prefix mat-mdc-form-field-has-icon-suffix mat-form-field-disabled mat-form-field-appearance-outline mat-form-field-hide-placeholder mat-primary ng-untouched ng-pristine mat-form-field-animations-enabled" style="--mat-form-field-notch-max-width: calc(100% - 8px);">...</mat-form-field>
  (Session info: chrome=138.0.7204.169)
Build info: version: '4.27.0', revision: 'd6e718d134'
System info: os.name: 'Windows 11', os.arch: 'amd64', os.version: '10.0', java.version: '21.0.3'
Driver info: org.openqa.selenium.chrome.ChromeDriver
Command: [861fc765408a2ecae30781a7960fc9d3, clickElement {id=f.DE6B40741275083EFD35A206B1FBB16F.d.6FC64921E41B21CAE521423AD018A61A.e.345}]
Capabilities {acceptInsecureCerts: false, browserName: chrome, browserVersion: 138.0.7204.169, chrome: {chromedriverVersion: 138.0.7204.168 (3e8d82e86e9..., userDataDir: C:\Users\INGRID~1.ZAD\AppDa...}, fedcm:accounts: true, goog:chromeOptions: {debuggerAddress: localhost:64775}, networkConnectionEnabled: false, pageLoadStrategy: normal, platformName: windows, proxy: Proxy(), se:cdp: ws://localhost:64775/devtoo..., se:cdpVersion: 138.0.7204.169, setWindowRect: true, strictFileInteractability: false, timeouts: {implicit: 0, pageLoad: 300000, script: 30000}, unhandledPromptBehavior: dismiss and notify, webauthn:extension:credBlob: true, webauthn:extension:largeBlob: true, webauthn:extension:minPinLength: true, webauthn:extension:prf: true, webauthn:virtualAuthenticators: true}
Element: [[ChromeDriver: chrome on windows (861fc765408a2ecae30781a7960fc9d3)] -> xpath: //mat-select[contains(@class, "mat-mdc-select")]]
Session ID: 861fc765408a2ecae30781a7960fc9d3
	at java.base/jdk.internal.reflect.DirectConstructorHandleAccessor.newInstance(DirectConstructorHandleAccessor.java:62)
	at java.base/java.lang.reflect.Constructor.newInstanceWithCaller(Constructor.java:502)
	at java.base/java.lang.reflect.Constructor.newInstance(Constructor.java:486)
	at org.openqa.selenium.remote.ErrorCodec.decode(ErrorCodec.java:167)
	at org.openqa.selenium.remote.codec.w3c.W3CHttpResponseCodec.decode(W3CHttpResponseCodec.java:138)
	at org.openqa.selenium.remote.codec.w3c.W3CHttpResponseCodec.decode(W3CHttpResponseCodec.java:50)
	at org.openqa.selenium.remote.HttpCommandExecutor.execute(HttpCommandExecutor.java:190)
	at org.openqa.selenium.remote.service.DriverCommandExecutor.invokeExecute(DriverCommandExecutor.java:216)
	at org.openqa.selenium.remote.service.DriverCommandExecutor.execute(DriverCommandExecutor.java:174)
	at org.openqa.selenium.remote.RemoteWebDriver.execute(RemoteWebDriver.java:545)
	at org.openqa.selenium.remote.RemoteWebElement.execute(RemoteWebElement.java:223)
	at org.openqa.selenium.remote.RemoteWebElement.click(RemoteWebElement.java:76)
	at java.base/jdk.internal.reflect.DirectMethodHandleAccessor.invoke(DirectMethodHandleAccessor.java:103)
	at java.base/java.lang.reflect.Method.invoke(Method.java:580)
	at org.openqa.selenium.support.pagefactory.internal.LocatingElementHandler.invoke(LocatingElementHandler.java:51)
	at jdk.proxy2/jdk.proxy2.$Proxy14.click(Unknown Source)
	at lt.insoft.uztis.pages.SubmittedApplicationsPage.selectValueApplicant_FA(SubmittedApplicationsPage.java:620)
	at lt.insoft.uztis.tests.SubmittedApplicationsPageTest.testFillNewVUIApplicationFA(SubmittedApplicationsPageTest.java:150)
	at java.base/jdk.internal.reflect.DirectMethodHandleAccessor.invoke(DirectMethodHandleAccessor.java:103)
	at java.base/java.lang.reflect.Method.invoke(Method.java:580)
	at org.junit.platform.commons.util.ReflectionUtils.invokeMethod(ReflectionUtils.java:728)
	at org.junit.jupiter.engine.execution.MethodInvocation.proceed(MethodInvocation.java:60)
	at org.junit.jupiter.engine.execution.InvocationInterceptorChain$ValidatingInvocation.proceed(InvocationInterceptorChain.java:131)
	at org.junit.jupiter.engine.extension.TimeoutExtension.intercept(TimeoutExtension.java:156)
	at org.junit.jupiter.engine.extension.TimeoutExtension.interceptTestableMethod(TimeoutExtension.java:147)
	at org.junit.jupiter.engine.extension.TimeoutExtension.interceptTestMethod(TimeoutExtension.java:86)
	at org.junit.jupiter.engine.execution.InterceptingExecutableInvoker$ReflectiveInterceptorCall.lambda$ofVoidMethod$0(InterceptingExecutableInvoker.java:103)
	at org.junit.jupiter.engine.execution.InterceptingExecutableInvoker.lambda$invoke$0(InterceptingExecutableInvoker.java:93)
	at org.junit.jupiter.engine.execution.InvocationInterceptorChain$InterceptedInvocation.proceed(InvocationInterceptorChain.java:106)
	at org.junit.jupiter.engine.execution.InvocationInterceptorChain.proceed(InvocationInterceptorChain.java:64)
	at org.junit.jupiter.engine.execution.InvocationInterceptorChain.chainAndInvoke(InvocationInterceptorChain.java:45)
	at org.junit.jupiter.engine.execution.InvocationInterceptorChain.invoke(InvocationInterceptorChain.java:37)
	at org.junit.jupiter.engine.execution.InterceptingExecutableInvoker.invoke(InterceptingExecutableInvoker.java:92)
	at org.junit.jupiter.engine.execution.InterceptingExecutableInvoker.invoke(InterceptingExecutableInvoker.java:86)
	at org.junit.jupiter.engine.descriptor.TestMethodTestDescriptor.lambda$invokeTestMethod$7(TestMethodTestDescriptor.java:218)
	at org.junit.platform.engine.support.hierarchical.ThrowableCollector.execute(ThrowableCollector.java:73)
	at org.junit.jupiter.engine.descriptor.TestMethodTestDescriptor.invokeTestMethod(TestMethodTestDescriptor.java:214)
	at org.junit.jupiter.engine.descriptor.TestMethodTestDescriptor.execute(TestMethodTestDescriptor.java:139)
	at org.junit.jupiter.engine.descriptor.TestMethodTestDescriptor.execute(TestMethodTestDescriptor.java:69)
	at org.junit.platform.engine.support.hierarchical.NodeTestTask.lambda$executeRecursively$6(NodeTestTask.java:151)
	at org.junit.platform.engine.support.hierarchical.ThrowableCollector.execute(ThrowableCollector.java:73)
	at org.junit.platform.engine.support.hierarchical.NodeTestTask.lambda$executeRecursively$8(NodeTestTask.java:141)
	at org.junit.platform.engine.support.hierarchical.Node.around(Node.java:137)
	at org.junit.platform.engine.support.hierarchical.NodeTestTask.lambda$executeRecursively$9(NodeTestTask.java:139)
	at org.junit.platform.engine.support.hierarchical.ThrowableCollector.execute(ThrowableCollector.java:73)
	at org.junit.platform.engine.support.hierarchical.NodeTestTask.executeRecursively(NodeTestTask.java:138)
	at org.junit.platform.engine.support.hierarchical.NodeTestTask.execute(NodeTestTask.java:95)
	at java.base/java.util.ArrayList.forEach(ArrayList.java:1596)
	at org.junit.platform.engine.support.hierarchical.SameThreadHierarchicalTestExecutorService.invokeAll(SameThreadHierarchicalTestExecutorService.java:41)
	at org.junit.platform.engine.support.hierarchical.NodeTestTask.lambda$executeRecursively$6(NodeTestTask.java:155)
	at org.junit.platform.engine.support.hierarchical.ThrowableCollector.execute(ThrowableCollector.java:73)
	at org.junit.platform.engine.support.hierarchical.NodeTestTask.lambda$executeRecursively$8(NodeTestTask.java:141)
	at org.junit.platform.engine.support.hierarchical.Node.around(Node.java:137)
	at org.junit.platform.engine.support.hierarchical.NodeTestTask.lambda$executeRecursively$9(NodeTestTask.java:139)
	at org.junit.platform.engine.support.hierarchical.ThrowableCollector.execute(ThrowableCollector.java:73)
	at org.junit.platform.engine.support.hierarchical.NodeTestTask.executeRecursively(NodeTestTask.java:138)
	at org.junit.platform.engine.support.hierarchical.NodeTestTask.execute(NodeTestTask.java:95)
	at java.base/java.util.ArrayList.forEach(ArrayList.java:1596)
	at org.junit.platform.engine.support.hierarchical.SameThreadHierarchicalTestExecutorService.invokeAll(SameThreadHierarchicalTestExecutorService.java:41)
	at org.junit.platform.engine.support.hierarchical.NodeTestTask.lambda$executeRecursively$6(NodeTestTask.java:155)
	at org.junit.platform.engine.support.hierarchical.ThrowableCollector.execute(ThrowableCollector.java:73)
	at org.junit.platform.engine.support.hierarchical.NodeTestTask.lambda$executeRecursively$8(NodeTestTask.java:141)
	at org.junit.platform.engine.support.hierarchical.Node.around(Node.java:137)
	at org.junit.platform.engine.support.hierarchical.NodeTestTask.lambda$executeRecursively$9(NodeTestTask.java:139)
	at org.junit.platform.engine.support.hierarchical.ThrowableCollector.execute(ThrowableCollector.java:73)
	at org.junit.platform.engine.support.hierarchical.NodeTestTask.executeRecursively(NodeTestTask.java:138)
	at org.junit.platform.engine.support.hierarchical.NodeTestTask.execute(NodeTestTask.java:95)
	at org.junit.platform.engine.support.hierarchical.SameThreadHierarchicalTestExecutorService.submit(SameThreadHierarchicalTestExecutorService.java:35)
	at org.junit.platform.engine.support.hierarchical.HierarchicalTestExecutor.execute(HierarchicalTestExecutor.java:57)
	at org.junit.platform.engine.support.hierarchical.HierarchicalTestEngine.execute(HierarchicalTestEngine.java:54)
	at org.junit.platform.launcher.core.EngineExecutionOrchestrator.execute(EngineExecutionOrchestrator.java:198)
	at org.junit.platform.launcher.core.EngineExecutionOrchestrator.execute(EngineExecutionOrchestrator.java:169)
	at org.junit.platform.launcher.core.EngineExecutionOrchestrator.execute(EngineExecutionOrchestrator.java:93)
	at org.junit.platform.launcher.core.EngineExecutionOrchestrator.lambda$execute$0(EngineExecutionOrchestrator.java:58)
	at org.junit.platform.launcher.core.EngineExecutionOrchestrator.withInterceptedStreams(EngineExecutionOrchestrator.java:141)
	at org.junit.platform.launcher.core.EngineExecutionOrchestrator.execute(EngineExecutionOrchestrator.java:57)
	at org.junit.platform.launcher.core.DefaultLauncher.execute(DefaultLauncher.java:103)
	at org.junit.platform.launcher.core.DefaultLauncher.execute(DefaultLauncher.java:85)
	at org.junit.platform.launcher.core.DelegatingLauncher.execute(DelegatingLauncher.java:47)
	at org.junit.platform.launcher.core.SessionPerRequestLauncher.execute(SessionPerRequestLauncher.java:63)
	at com.intellij.junit5.JUnit5IdeaTestRunner.startRunnerWithArgs(JUnit5IdeaTestRunner.java:57)
	at com.intellij.rt.junit.IdeaTestRunner$Repeater$1.execute(IdeaTestRunner.java:38)
	at com.intellij.rt.execution.junit.TestsRepeater.repeat(TestsRepeater.java:11)
	at com.intellij.rt.junit.IdeaTestRunner$Repeater.startRunnerWithArgs(IdeaTestRunner.java:35)
	at com.intellij.rt.junit.JUnitStarter.prepareStreamsAndStart(JUnitStarter.java:232)
	at com.intellij.rt.junit.JUnitStarter.main(JUnitStarter.java:55)
2025-07-29 14:41:48 [main] ERROR l.i.u.t.SubmittedApplicationsPageTest - Test 'testFillNewVUIApplicationFA' failed with error: Nepavyko pasirinkti reikšmės iš dropdown'o: Pavardenis GR777
java.lang.RuntimeException: Nepavyko pasirinkti reikšmės iš dropdown'o: Pavardenis GR777
	at lt.insoft.uztis.pages.SubmittedApplicationsPage.selectValueApplicant_FA(SubmittedApplicationsPage.java:650)
	at lt.insoft.uztis.tests.SubmittedApplicationsPageTest.testFillNewVUIApplicationFA(SubmittedApplicationsPageTest.java:150)
	at java.base/jdk.internal.reflect.DirectMethodHandleAccessor.invoke(DirectMethodHandleAccessor.java:103)
	at java.base/java.lang.reflect.Method.invoke(Method.java:580)
	at org.junit.platform.commons.util.ReflectionUtils.invokeMethod(ReflectionUtils.java:728)
	at org.junit.jupiter.engine.execution.MethodInvocation.proceed(MethodInvocation.java:60)
	at org.junit.jupiter.engine.execution.InvocationInterceptorChain$ValidatingInvocation.proceed(InvocationInterceptorChain.java:131)
	at org.junit.jupiter.engine.extension.TimeoutExtension.intercept(TimeoutExtension.java:156)
	at org.junit.jupiter.engine.extension.TimeoutExtension.interceptTestableMethod(TimeoutExtension.java:147)
	at org.junit.jupiter.engine.extension.TimeoutExtension.interceptTestMethod(TimeoutExtension.java:86)
	at org.junit.jupiter.engine.execution.InterceptingExecutableInvoker$ReflectiveInterceptorCall.lambda$ofVoidMethod$0(InterceptingExecutableInvoker.java:103)
	at org.junit.jupiter.engine.execution.InterceptingExecutableInvoker.lambda$invoke$0(InterceptingExecutableInvoker.java:93)
	at org.junit.jupiter.engine.execution.InvocationInterceptorChain$InterceptedInvocation.proceed(InvocationInterceptorChain.java:106)
	at org.junit.jupiter.engine.execution.InvocationInterceptorChain.proceed(InvocationInterceptorChain.java:64)
	at org.junit.jupiter.engine.execution.InvocationInterceptorChain.chainAndInvoke(InvocationInterceptorChain.java:45)
	at org.junit.jupiter.engine.execution.InvocationInterceptorChain.invoke(InvocationInterceptorChain.java:37)
	at org.junit.jupiter.engine.execution.InterceptingExecutableInvoker.invoke(InterceptingExecutableInvoker.java:92)
	at org.junit.jupiter.engine.execution.InterceptingExecutableInvoker.invoke(InterceptingExecutableInvoker.java:86)
	at org.junit.jupiter.engine.descriptor.TestMethodTestDescriptor.lambda$invokeTestMethod$7(TestMethodTestDescriptor.java:218)
	at org.junit.platform.engine.support.hierarchical.ThrowableCollector.execute(ThrowableCollector.java:73)
	at org.junit.jupiter.engine.descriptor.TestMethodTestDescriptor.invokeTestMethod(TestMethodTestDescriptor.java:214)
	at org.junit.jupiter.engine.descriptor.TestMethodTestDescriptor.execute(TestMethodTestDescriptor.java:139)
	at org.junit.jupiter.engine.descriptor.TestMethodTestDescriptor.execute(TestMethodTestDescriptor.java:69)
	at org.junit.platform.engine.support.hierarchical.NodeTestTask.lambda$executeRecursively$6(NodeTestTask.java:151)
	at org.junit.platform.engine.support.hierarchical.ThrowableCollector.execute(ThrowableCollector.java:73)
	at org.junit.platform.engine.support.hierarchical.NodeTestTask.lambda$executeRecursively$8(NodeTestTask.java:141)
	at org.junit.platform.engine.support.hierarchical.Node.around(Node.java:137)
	at org.junit.platform.engine.support.hierarchical.NodeTestTask.lambda$executeRecursively$9(NodeTestTask.java:139)
	at org.junit.platform.engine.support.hierarchical.ThrowableCollector.execute(ThrowableCollector.java:73)
	at org.junit.platform.engine.support.hierarchical.NodeTestTask.executeRecursively(NodeTestTask.java:138)
	at org.junit.platform.engine.support.hierarchical.NodeTestTask.execute(NodeTestTask.java:95)
	at java.base/java.util.ArrayList.forEach(ArrayList.java:1596)
	at org.junit.platform.engine.support.hierarchical.SameThreadHierarchicalTestExecutorService.invokeAll(SameThreadHierarchicalTestExecutorService.java:41)
	at org.junit.platform.engine.support.hierarchical.NodeTestTask.lambda$executeRecursively$6(NodeTestTask.java:155)
	at org.junit.platform.engine.support.hierarchical.ThrowableCollector.execute(ThrowableCollector.java:73)
	at org.junit.platform.engine.support.hierarchical.NodeTestTask.lambda$executeRecursively$8(NodeTestTask.java:141)
	at org.junit.platform.engine.support.hierarchical.Node.around(Node.java:137)
	at org.junit.platform.engine.support.hierarchical.NodeTestTask.lambda$executeRecursively$9(NodeTestTask.java:139)
	at org.junit.platform.engine.support.hierarchical.ThrowableCollector.execute(ThrowableCollector.java:73)
	at org.junit.platform.engine.support.hierarchical.NodeTestTask.executeRecursively(NodeTestTask.java:138)
	at org.junit.platform.engine.support.hierarchical.NodeTestTask.execute(NodeTestTask.java:95)
	at java.base/java.util.ArrayList.forEach(ArrayList.java:1596)
	at org.junit.platform.engine.support.hierarchical.SameThreadHierarchicalTestExecutorService.invokeAll(SameThreadHierarchicalTestExecutorService.java:41)
	at org.junit.platform.engine.support.hierarchical.NodeTestTask.lambda$executeRecursively$6(NodeTestTask.java:155)
	at org.junit.platform.engine.support.hierarchical.ThrowableCollector.execute(ThrowableCollector.java:73)
	at org.junit.platform.engine.support.hierarchical.NodeTestTask.lambda$executeRecursively$8(NodeTestTask.java:141)
	at org.junit.platform.engine.support.hierarchical.Node.around(Node.java:137)
	at org.junit.platform.engine.support.hierarchical.NodeTestTask.lambda$executeRecursively$9(NodeTestTask.java:139)
	at org.junit.platform.engine.support.hierarchical.ThrowableCollector.execute(ThrowableCollector.java:73)
	at org.junit.platform.engine.support.hierarchical.NodeTestTask.executeRecursively(NodeTestTask.java:138)
	at org.junit.platform.engine.support.hierarchical.NodeTestTask.execute(NodeTestTask.java:95)
	at org.junit.platform.engine.support.hierarchical.SameThreadHierarchicalTestExecutorService.submit(SameThreadHierarchicalTestExecutorService.java:35)
	at org.junit.platform.engine.support.hierarchical.HierarchicalTestExecutor.execute(HierarchicalTestExecutor.java:57)
	at org.junit.platform.engine.support.hierarchical.HierarchicalTestEngine.execute(HierarchicalTestEngine.java:54)
	at org.junit.platform.launcher.core.EngineExecutionOrchestrator.execute(EngineExecutionOrchestrator.java:198)
	at org.junit.platform.launcher.core.EngineExecutionOrchestrator.execute(EngineExecutionOrchestrator.java:169)
	at org.junit.platform.launcher.core.EngineExecutionOrchestrator.execute(EngineExecutionOrchestrator.java:93)
	at org.junit.platform.launcher.core.EngineExecutionOrchestrator.lambda$execute$0(EngineExecutionOrchestrator.java:58)
	at org.junit.platform.launcher.core.EngineExecutionOrchestrator.withInterceptedStreams(EngineExecutionOrchestrator.java:141)
	at org.junit.platform.launcher.core.EngineExecutionOrchestrator.execute(EngineExecutionOrchestrator.java:57)
	at org.junit.platform.launcher.core.DefaultLauncher.execute(DefaultLauncher.java:103)
	at org.junit.platform.launcher.core.DefaultLauncher.execute(DefaultLauncher.java:85)
	at org.junit.platform.launcher.core.DelegatingLauncher.execute(DelegatingLauncher.java:47)
	at org.junit.platform.launcher.core.SessionPerRequestLauncher.execute(SessionPerRequestLauncher.java:63)
	at com.intellij.junit5.JUnit5IdeaTestRunner.startRunnerWithArgs(JUnit5IdeaTestRunner.java:57)
	at com.intellij.rt.junit.IdeaTestRunner$Repeater$1.execute(IdeaTestRunner.java:38)
	at com.intellij.rt.execution.junit.TestsRepeater.repeat(TestsRepeater.java:11)
	at com.intellij.rt.junit.IdeaTestRunner$Repeater.startRunnerWithArgs(IdeaTestRunner.java:35)
	at com.intellij.rt.junit.JUnitStarter.prepareStreamsAndStart(JUnitStarter.java:232)
	at com.intellij.rt.junit.JUnitStarter.main(JUnitStarter.java:55)
Caused by: org.openqa.selenium.ElementClickInterceptedException: element click intercepted: Element <mat-select role="combobox" aria-haspopup="listbox" class="mat-mdc-select primary-control mat-mdc-select-empty ng-untouched ng-pristine mat-mdc-select-disabled" aria-labelledby="mat-select-value-7" id="mat-select-7" tabindex="-1" aria-expanded="false" aria-required="false" aria-disabled="true" aria-invalid="false">...</mat-select> is not clickable at point (858, 280). Other element would receive the click: <mat-form-field class="mat-mdc-form-field mat-mdc-form-field-type-common-select mat-mdc-form-field-has-icon-prefix mat-mdc-form-field-has-icon-suffix mat-form-field-disabled mat-form-field-appearance-outline mat-form-field-hide-placeholder mat-primary ng-untouched ng-pristine mat-form-field-animations-enabled" style="--mat-form-field-notch-max-width: calc(100% - 8px);">...</mat-form-field>
  (Session info: chrome=138.0.7204.169)
Build info: version: '4.27.0', revision: 'd6e718d134'
System info: os.name: 'Windows 11', os.arch: 'amd64', os.version: '10.0', java.version: '21.0.3'
Driver info: org.openqa.selenium.chrome.ChromeDriver
Command: [861fc765408a2ecae30781a7960fc9d3, clickElement {id=f.DE6B40741275083EFD35A206B1FBB16F.d.6FC64921E41B21CAE521423AD018A61A.e.345}]
Capabilities {acceptInsecureCerts: false, browserName: chrome, browserVersion: 138.0.7204.169, chrome: {chromedriverVersion: 138.0.7204.168 (3e8d82e86e9..., userDataDir: C:\Users\INGRID~1.ZAD\AppDa...}, fedcm:accounts: true, goog:chromeOptions: {debuggerAddress: localhost:64775}, networkConnectionEnabled: false, pageLoadStrategy: normal, platformName: windows, proxy: Proxy(), se:cdp: ws://localhost:64775/devtoo..., se:cdpVersion: 138.0.7204.169, setWindowRect: true, strictFileInteractability: false, timeouts: {implicit: 0, pageLoad: 300000, script: 30000}, unhandledPromptBehavior: dismiss and notify, webauthn:extension:credBlob: true, webauthn:extension:largeBlob: true, webauthn:extension:minPinLength: true, webauthn:extension:prf: true, webauthn:virtualAuthenticators: true}
Element: [[ChromeDriver: chrome on windows (861fc765408a2ecae30781a7960fc9d3)] -> xpath: //mat-select[contains(@class, "mat-mdc-select")]]
Session ID: 861fc765408a2ecae30781a7960fc9d3
	at java.base/jdk.internal.reflect.DirectConstructorHandleAccessor.newInstance(DirectConstructorHandleAccessor.java:62)
	at java.base/java.lang.reflect.Constructor.newInstanceWithCaller(Constructor.java:502)
	at java.base/java.lang.reflect.Constructor.newInstance(Constructor.java:486)
	at org.openqa.selenium.remote.ErrorCodec.decode(ErrorCodec.java:167)
	at org.openqa.selenium.remote.codec.w3c.W3CHttpResponseCodec.decode(W3CHttpResponseCodec.java:138)
	at org.openqa.selenium.remote.codec.w3c.W3CHttpResponseCodec.decode(W3CHttpResponseCodec.java:50)
	at org.openqa.selenium.remote.HttpCommandExecutor.execute(HttpCommandExecutor.java:190)
	at org.openqa.selenium.remote.service.DriverCommandExecutor.invokeExecute(DriverCommandExecutor.java:216)
	at org.openqa.selenium.remote.service.DriverCommandExecutor.execute(DriverCommandExecutor.java:174)
	at org.openqa.selenium.remote.RemoteWebDriver.execute(RemoteWebDriver.java:545)
	at org.openqa.selenium.remote.RemoteWebElement.execute(RemoteWebElement.java:223)
	at org.openqa.selenium.remote.RemoteWebElement.click(RemoteWebElement.java:76)
	at java.base/jdk.internal.reflect.DirectMethodHandleAccessor.invoke(DirectMethodHandleAccessor.java:103)
	at java.base/java.lang.reflect.Method.invoke(Method.java:580)
	at org.openqa.selenium.support.pagefactory.internal.LocatingElementHandler.invoke(LocatingElementHandler.java:51)
	at jdk.proxy2/jdk.proxy2.$Proxy14.click(Unknown Source)
	at lt.insoft.uztis.pages.SubmittedApplicationsPage.selectValueApplicant_FA(SubmittedApplicationsPage.java:620)
	... 69 common frames omitted
2025-07-29 14:41:48 [main] INFO  l.insoft.uztis.tests.utils.TestUtils - Screenshot moved to C:\Users\ingrida.zadorozniene\Desktop\Asm\UZTIS\UZTIS_tests\test-output\screenshots\20250729\144148696_testFillNewVUIApplicationFA().png
2025-07-29 14:42:12 [main] INFO  lt.insoft.uztis.tests.UztisPageTest - Navigated to https://uztisdev.asseco.lt/home
2025-07-29 14:42:12 [main] INFO  l.i.u.t.SubmittedApplicationsPageTest - Starting test:'testFillNewVUIPApplicationFA'
2025-07-29 14:42:13 [main] INFO  l.insoft.uztis.tests.utils.TestUtils - Login attempt with user: evaluation_chief
2025-07-29 14:42:13 [main] DEBUG l.i.u.t.SubmittedApplicationsPageTest - User logged in with test credentials
2025-07-29 14:42:13 [main] DEBUG l.i.u.t.SubmittedApplicationsPageTest - Opened 'Application Processing' menu.
2025-07-29 14:42:13 [main] DEBUG l.i.u.t.SubmittedApplicationsPageTest - Clicked on 'Application Forms' menu.
2025-07-29 14:42:14 [main] DEBUG l.i.u.t.SubmittedApplicationsPageTest - Retrieved last description code text: 'TST-VUI-48'.
2025-07-29 14:42:14 [main] DEBUG l.i.u.t.SubmittedApplicationsPageTest - Clicked on 'Invitation' menu.
2025-07-29 14:42:16 [main] DEBUG l.i.u.t.SubmittedApplicationsPageTest - Selected application section by code: 'TST-VUI-48'.
2025-07-29 14:42:16 [main] DEBUG l.i.u.t.SubmittedApplicationsPageTest - Clicked 'Search' button.
2025-07-29 14:42:16 [main] DEBUG l.i.u.t.SubmittedApplicationsPageTest - Retrieved invitation code: ''.
2025-07-29 14:42:16 [main] DEBUG l.i.u.t.SubmittedApplicationsPageTest - Clicked on 'Submitted Applications' menu.
2025-07-29 14:42:18 [main] DEBUG l.i.u.t.SubmittedApplicationsPageTest - Selected invitation by code: 'TST-VUI-48'.
2025-07-29 14:42:18 [main] DEBUG l.i.u.t.SubmittedApplicationsPageTest - Invitation code inserted.
2025-07-29 14:42:18 [main] DEBUG l.i.u.t.SubmittedApplicationsPageTest - Clicked on 'Action Application' button.
2025-07-29 14:42:19 [main] DEBUG l.i.u.t.SubmittedApplicationsPageTest - Clicked on 'New Application' button.
2025-07-29 14:42:20 [main] ERROR l.i.u.p.SubmittedApplicationsPage - Nepavyko pasirinkti reikšmės 'Pavardenis GR777': element click intercepted: Element <mat-select role="combobox" aria-haspopup="listbox" class="mat-mdc-select primary-control mat-mdc-select-empty ng-untouched ng-pristine mat-mdc-select-disabled" aria-labelledby="mat-select-value-7" id="mat-select-7" tabindex="-1" aria-expanded="false" aria-required="false" aria-disabled="true" aria-invalid="false">...</mat-select> is not clickable at point (858, 280). Other element would receive the click: <mat-form-field class="mat-mdc-form-field mat-mdc-form-field-type-common-select mat-mdc-form-field-has-icon-prefix mat-mdc-form-field-has-icon-suffix mat-form-field-disabled mat-form-field-appearance-outline mat-form-field-hide-placeholder mat-primary ng-untouched ng-pristine mat-form-field-animations-enabled" style="--mat-form-field-notch-max-width: calc(100% - 8px);">...</mat-form-field>
  (Session info: chrome=138.0.7204.169)
Build info: version: '4.27.0', revision: 'd6e718d134'
System info: os.name: 'Windows 11', os.arch: 'amd64', os.version: '10.0', java.version: '21.0.3'
Driver info: org.openqa.selenium.chrome.ChromeDriver
Command: [37dc51dd874f276e2d4d40d78ec09396, clickElement {id=f.F0AD283868DF20C2FEFA5275B209A7F8.d.50C32F8C1C8F7F8E42B22D4A4336F230.e.336}]
Capabilities {acceptInsecureCerts: false, browserName: chrome, browserVersion: 138.0.7204.169, chrome: {chromedriverVersion: 138.0.7204.168 (3e8d82e86e9..., userDataDir: C:\Users\INGRID~1.ZAD\AppDa...}, fedcm:accounts: true, goog:chromeOptions: {debuggerAddress: localhost:64827}, networkConnectionEnabled: false, pageLoadStrategy: normal, platformName: windows, proxy: Proxy(), se:cdp: ws://localhost:64827/devtoo..., se:cdpVersion: 138.0.7204.169, setWindowRect: true, strictFileInteractability: false, timeouts: {implicit: 0, pageLoad: 300000, script: 30000}, unhandledPromptBehavior: dismiss and notify, webauthn:extension:credBlob: true, webauthn:extension:largeBlob: true, webauthn:extension:minPinLength: true, webauthn:extension:prf: true, webauthn:virtualAuthenticators: true}
Element: [[ChromeDriver: chrome on windows (37dc51dd874f276e2d4d40d78ec09396)] -> xpath: //mat-select[contains(@class, "mat-mdc-select")]]
Session ID: 37dc51dd874f276e2d4d40d78ec09396
org.openqa.selenium.ElementClickInterceptedException: element click intercepted: Element <mat-select role="combobox" aria-haspopup="listbox" class="mat-mdc-select primary-control mat-mdc-select-empty ng-untouched ng-pristine mat-mdc-select-disabled" aria-labelledby="mat-select-value-7" id="mat-select-7" tabindex="-1" aria-expanded="false" aria-required="false" aria-disabled="true" aria-invalid="false">...</mat-select> is not clickable at point (858, 280). Other element would receive the click: <mat-form-field class="mat-mdc-form-field mat-mdc-form-field-type-common-select mat-mdc-form-field-has-icon-prefix mat-mdc-form-field-has-icon-suffix mat-form-field-disabled mat-form-field-appearance-outline mat-form-field-hide-placeholder mat-primary ng-untouched ng-pristine mat-form-field-animations-enabled" style="--mat-form-field-notch-max-width: calc(100% - 8px);">...</mat-form-field>
  (Session info: chrome=138.0.7204.169)
Build info: version: '4.27.0', revision: 'd6e718d134'
System info: os.name: 'Windows 11', os.arch: 'amd64', os.version: '10.0', java.version: '21.0.3'
Driver info: org.openqa.selenium.chrome.ChromeDriver
Command: [37dc51dd874f276e2d4d40d78ec09396, clickElement {id=f.F0AD283868DF20C2FEFA5275B209A7F8.d.50C32F8C1C8F7F8E42B22D4A4336F230.e.336}]
Capabilities {acceptInsecureCerts: false, browserName: chrome, browserVersion: 138.0.7204.169, chrome: {chromedriverVersion: 138.0.7204.168 (3e8d82e86e9..., userDataDir: C:\Users\INGRID~1.ZAD\AppDa...}, fedcm:accounts: true, goog:chromeOptions: {debuggerAddress: localhost:64827}, networkConnectionEnabled: false, pageLoadStrategy: normal, platformName: windows, proxy: Proxy(), se:cdp: ws://localhost:64827/devtoo..., se:cdpVersion: 138.0.7204.169, setWindowRect: true, strictFileInteractability: false, timeouts: {implicit: 0, pageLoad: 300000, script: 30000}, unhandledPromptBehavior: dismiss and notify, webauthn:extension:credBlob: true, webauthn:extension:largeBlob: true, webauthn:extension:minPinLength: true, webauthn:extension:prf: true, webauthn:virtualAuthenticators: true}
Element: [[ChromeDriver: chrome on windows (37dc51dd874f276e2d4d40d78ec09396)] -> xpath: //mat-select[contains(@class, "mat-mdc-select")]]
Session ID: 37dc51dd874f276e2d4d40d78ec09396
	at java.base/jdk.internal.reflect.DirectConstructorHandleAccessor.newInstance(DirectConstructorHandleAccessor.java:62)
	at java.base/java.lang.reflect.Constructor.newInstanceWithCaller(Constructor.java:502)
	at java.base/java.lang.reflect.Constructor.newInstance(Constructor.java:486)
	at org.openqa.selenium.remote.ErrorCodec.decode(ErrorCodec.java:167)
	at org.openqa.selenium.remote.codec.w3c.W3CHttpResponseCodec.decode(W3CHttpResponseCodec.java:138)
	at org.openqa.selenium.remote.codec.w3c.W3CHttpResponseCodec.decode(W3CHttpResponseCodec.java:50)
	at org.openqa.selenium.remote.HttpCommandExecutor.execute(HttpCommandExecutor.java:190)
	at org.openqa.selenium.remote.service.DriverCommandExecutor.invokeExecute(DriverCommandExecutor.java:216)
	at org.openqa.selenium.remote.service.DriverCommandExecutor.execute(DriverCommandExecutor.java:174)
	at org.openqa.selenium.remote.RemoteWebDriver.execute(RemoteWebDriver.java:545)
	at org.openqa.selenium.remote.RemoteWebElement.execute(RemoteWebElement.java:223)
	at org.openqa.selenium.remote.RemoteWebElement.click(RemoteWebElement.java:76)
	at java.base/jdk.internal.reflect.DirectMethodHandleAccessor.invoke(DirectMethodHandleAccessor.java:103)
	at java.base/java.lang.reflect.Method.invoke(Method.java:580)
	at org.openqa.selenium.support.pagefactory.internal.LocatingElementHandler.invoke(LocatingElementHandler.java:51)
	at jdk.proxy2/jdk.proxy2.$Proxy14.click(Unknown Source)
	at lt.insoft.uztis.pages.SubmittedApplicationsPage.selectValueApplicant_FA(SubmittedApplicationsPage.java:620)
	at lt.insoft.uztis.tests.SubmittedApplicationsPageTest.testFillNewVUIApplicationFA(SubmittedApplicationsPageTest.java:150)
	at java.base/jdk.internal.reflect.DirectMethodHandleAccessor.invoke(DirectMethodHandleAccessor.java:103)
	at java.base/java.lang.reflect.Method.invoke(Method.java:580)
	at org.junit.platform.commons.util.ReflectionUtils.invokeMethod(ReflectionUtils.java:728)
	at org.junit.jupiter.engine.execution.MethodInvocation.proceed(MethodInvocation.java:60)
	at org.junit.jupiter.engine.execution.InvocationInterceptorChain$ValidatingInvocation.proceed(InvocationInterceptorChain.java:131)
	at org.junit.jupiter.engine.extension.TimeoutExtension.intercept(TimeoutExtension.java:156)
	at org.junit.jupiter.engine.extension.TimeoutExtension.interceptTestableMethod(TimeoutExtension.java:147)
	at org.junit.jupiter.engine.extension.TimeoutExtension.interceptTestMethod(TimeoutExtension.java:86)
	at org.junit.jupiter.engine.execution.InterceptingExecutableInvoker$ReflectiveInterceptorCall.lambda$ofVoidMethod$0(InterceptingExecutableInvoker.java:103)
	at org.junit.jupiter.engine.execution.InterceptingExecutableInvoker.lambda$invoke$0(InterceptingExecutableInvoker.java:93)
	at org.junit.jupiter.engine.execution.InvocationInterceptorChain$InterceptedInvocation.proceed(InvocationInterceptorChain.java:106)
	at org.junit.jupiter.engine.execution.InvocationInterceptorChain.proceed(InvocationInterceptorChain.java:64)
	at org.junit.jupiter.engine.execution.InvocationInterceptorChain.chainAndInvoke(InvocationInterceptorChain.java:45)
	at org.junit.jupiter.engine.execution.InvocationInterceptorChain.invoke(InvocationInterceptorChain.java:37)
	at org.junit.jupiter.engine.execution.InterceptingExecutableInvoker.invoke(InterceptingExecutableInvoker.java:92)
	at org.junit.jupiter.engine.execution.InterceptingExecutableInvoker.invoke(InterceptingExecutableInvoker.java:86)
	at org.junit.jupiter.engine.descriptor.TestMethodTestDescriptor.lambda$invokeTestMethod$7(TestMethodTestDescriptor.java:218)
	at org.junit.platform.engine.support.hierarchical.ThrowableCollector.execute(ThrowableCollector.java:73)
	at org.junit.jupiter.engine.descriptor.TestMethodTestDescriptor.invokeTestMethod(TestMethodTestDescriptor.java:214)
	at org.junit.jupiter.engine.descriptor.TestMethodTestDescriptor.execute(TestMethodTestDescriptor.java:139)
	at org.junit.jupiter.engine.descriptor.TestMethodTestDescriptor.execute(TestMethodTestDescriptor.java:69)
	at org.junit.platform.engine.support.hierarchical.NodeTestTask.lambda$executeRecursively$6(NodeTestTask.java:151)
	at org.junit.platform.engine.support.hierarchical.ThrowableCollector.execute(ThrowableCollector.java:73)
	at org.junit.platform.engine.support.hierarchical.NodeTestTask.lambda$executeRecursively$8(NodeTestTask.java:141)
	at org.junit.platform.engine.support.hierarchical.Node.around(Node.java:137)
	at org.junit.platform.engine.support.hierarchical.NodeTestTask.lambda$executeRecursively$9(NodeTestTask.java:139)
	at org.junit.platform.engine.support.hierarchical.ThrowableCollector.execute(ThrowableCollector.java:73)
	at org.junit.platform.engine.support.hierarchical.NodeTestTask.executeRecursively(NodeTestTask.java:138)
	at org.junit.platform.engine.support.hierarchical.NodeTestTask.execute(NodeTestTask.java:95)
	at java.base/java.util.ArrayList.forEach(ArrayList.java:1596)
	at org.junit.platform.engine.support.hierarchical.SameThreadHierarchicalTestExecutorService.invokeAll(SameThreadHierarchicalTestExecutorService.java:41)
	at org.junit.platform.engine.support.hierarchical.NodeTestTask.lambda$executeRecursively$6(NodeTestTask.java:155)
	at org.junit.platform.engine.support.hierarchical.ThrowableCollector.execute(ThrowableCollector.java:73)
	at org.junit.platform.engine.support.hierarchical.NodeTestTask.lambda$executeRecursively$8(NodeTestTask.java:141)
	at org.junit.platform.engine.support.hierarchical.Node.around(Node.java:137)
	at org.junit.platform.engine.support.hierarchical.NodeTestTask.lambda$executeRecursively$9(NodeTestTask.java:139)
	at org.junit.platform.engine.support.hierarchical.ThrowableCollector.execute(ThrowableCollector.java:73)
	at org.junit.platform.engine.support.hierarchical.NodeTestTask.executeRecursively(NodeTestTask.java:138)
	at org.junit.platform.engine.support.hierarchical.NodeTestTask.execute(NodeTestTask.java:95)
	at java.base/java.util.ArrayList.forEach(ArrayList.java:1596)
	at org.junit.platform.engine.support.hierarchical.SameThreadHierarchicalTestExecutorService.invokeAll(SameThreadHierarchicalTestExecutorService.java:41)
	at org.junit.platform.engine.support.hierarchical.NodeTestTask.lambda$executeRecursively$6(NodeTestTask.java:155)
	at org.junit.platform.engine.support.hierarchical.ThrowableCollector.execute(ThrowableCollector.java:73)
	at org.junit.platform.engine.support.hierarchical.NodeTestTask.lambda$executeRecursively$8(NodeTestTask.java:141)
	at org.junit.platform.engine.support.hierarchical.Node.around(Node.java:137)
	at org.junit.platform.engine.support.hierarchical.NodeTestTask.lambda$executeRecursively$9(NodeTestTask.java:139)
	at org.junit.platform.engine.support.hierarchical.ThrowableCollector.execute(ThrowableCollector.java:73)
	at org.junit.platform.engine.support.hierarchical.NodeTestTask.executeRecursively(NodeTestTask.java:138)
	at org.junit.platform.engine.support.hierarchical.NodeTestTask.execute(NodeTestTask.java:95)
	at org.junit.platform.engine.support.hierarchical.SameThreadHierarchicalTestExecutorService.submit(SameThreadHierarchicalTestExecutorService.java:35)
	at org.junit.platform.engine.support.hierarchical.HierarchicalTestExecutor.execute(HierarchicalTestExecutor.java:57)
	at org.junit.platform.engine.support.hierarchical.HierarchicalTestEngine.execute(HierarchicalTestEngine.java:54)
	at org.junit.platform.launcher.core.EngineExecutionOrchestrator.execute(EngineExecutionOrchestrator.java:198)
	at org.junit.platform.launcher.core.EngineExecutionOrchestrator.execute(EngineExecutionOrchestrator.java:169)
	at org.junit.platform.launcher.core.EngineExecutionOrchestrator.execute(EngineExecutionOrchestrator.java:93)
	at org.junit.platform.launcher.core.EngineExecutionOrchestrator.lambda$execute$0(EngineExecutionOrchestrator.java:58)
	at org.junit.platform.launcher.core.EngineExecutionOrchestrator.withInterceptedStreams(EngineExecutionOrchestrator.java:141)
	at org.junit.platform.launcher.core.EngineExecutionOrchestrator.execute(EngineExecutionOrchestrator.java:57)
	at org.junit.platform.launcher.core.DefaultLauncher.execute(DefaultLauncher.java:103)
	at org.junit.platform.launcher.core.DefaultLauncher.execute(DefaultLauncher.java:85)
	at org.junit.platform.launcher.core.DelegatingLauncher.execute(DelegatingLauncher.java:47)
	at org.junit.platform.launcher.core.SessionPerRequestLauncher.execute(SessionPerRequestLauncher.java:63)
	at com.intellij.junit5.JUnit5IdeaTestRunner.startRunnerWithArgs(JUnit5IdeaTestRunner.java:57)
	at com.intellij.rt.junit.IdeaTestRunner$Repeater$1.execute(IdeaTestRunner.java:38)
	at com.intellij.rt.execution.junit.TestsRepeater.repeat(TestsRepeater.java:11)
	at com.intellij.rt.junit.IdeaTestRunner$Repeater.startRunnerWithArgs(IdeaTestRunner.java:35)
	at com.intellij.rt.junit.JUnitStarter.prepareStreamsAndStart(JUnitStarter.java:232)
	at com.intellij.rt.junit.JUnitStarter.main(JUnitStarter.java:55)
2025-07-29 14:42:20 [main] ERROR l.i.u.t.SubmittedApplicationsPageTest - Test 'testFillNewVUIApplicationFA' failed with error: Nepavyko pasirinkti reikšmės iš dropdown'o: Pavardenis GR777
java.lang.RuntimeException: Nepavyko pasirinkti reikšmės iš dropdown'o: Pavardenis GR777
	at lt.insoft.uztis.pages.SubmittedApplicationsPage.selectValueApplicant_FA(SubmittedApplicationsPage.java:650)
	at lt.insoft.uztis.tests.SubmittedApplicationsPageTest.testFillNewVUIApplicationFA(SubmittedApplicationsPageTest.java:150)
	at java.base/jdk.internal.reflect.DirectMethodHandleAccessor.invoke(DirectMethodHandleAccessor.java:103)
	at java.base/java.lang.reflect.Method.invoke(Method.java:580)
	at org.junit.platform.commons.util.ReflectionUtils.invokeMethod(ReflectionUtils.java:728)
	at org.junit.jupiter.engine.execution.MethodInvocation.proceed(MethodInvocation.java:60)
	at org.junit.jupiter.engine.execution.InvocationInterceptorChain$ValidatingInvocation.proceed(InvocationInterceptorChain.java:131)
	at org.junit.jupiter.engine.extension.TimeoutExtension.intercept(TimeoutExtension.java:156)
	at org.junit.jupiter.engine.extension.TimeoutExtension.interceptTestableMethod(TimeoutExtension.java:147)
	at org.junit.jupiter.engine.extension.TimeoutExtension.interceptTestMethod(TimeoutExtension.java:86)
	at org.junit.jupiter.engine.execution.InterceptingExecutableInvoker$ReflectiveInterceptorCall.lambda$ofVoidMethod$0(InterceptingExecutableInvoker.java:103)
	at org.junit.jupiter.engine.execution.InterceptingExecutableInvoker.lambda$invoke$0(InterceptingExecutableInvoker.java:93)
	at org.junit.jupiter.engine.execution.InvocationInterceptorChain$InterceptedInvocation.proceed(InvocationInterceptorChain.java:106)
	at org.junit.jupiter.engine.execution.InvocationInterceptorChain.proceed(InvocationInterceptorChain.java:64)
	at org.junit.jupiter.engine.execution.InvocationInterceptorChain.chainAndInvoke(InvocationInterceptorChain.java:45)
	at org.junit.jupiter.engine.execution.InvocationInterceptorChain.invoke(InvocationInterceptorChain.java:37)
	at org.junit.jupiter.engine.execution.InterceptingExecutableInvoker.invoke(InterceptingExecutableInvoker.java:92)
	at org.junit.jupiter.engine.execution.InterceptingExecutableInvoker.invoke(InterceptingExecutableInvoker.java:86)
	at org.junit.jupiter.engine.descriptor.TestMethodTestDescriptor.lambda$invokeTestMethod$7(TestMethodTestDescriptor.java:218)
	at org.junit.platform.engine.support.hierarchical.ThrowableCollector.execute(ThrowableCollector.java:73)
	at org.junit.jupiter.engine.descriptor.TestMethodTestDescriptor.invokeTestMethod(TestMethodTestDescriptor.java:214)
	at org.junit.jupiter.engine.descriptor.TestMethodTestDescriptor.execute(TestMethodTestDescriptor.java:139)
	at org.junit.jupiter.engine.descriptor.TestMethodTestDescriptor.execute(TestMethodTestDescriptor.java:69)
	at org.junit.platform.engine.support.hierarchical.NodeTestTask.lambda$executeRecursively$6(NodeTestTask.java:151)
	at org.junit.platform.engine.support.hierarchical.ThrowableCollector.execute(ThrowableCollector.java:73)
	at org.junit.platform.engine.support.hierarchical.NodeTestTask.lambda$executeRecursively$8(NodeTestTask.java:141)
	at org.junit.platform.engine.support.hierarchical.Node.around(Node.java:137)
	at org.junit.platform.engine.support.hierarchical.NodeTestTask.lambda$executeRecursively$9(NodeTestTask.java:139)
	at org.junit.platform.engine.support.hierarchical.ThrowableCollector.execute(ThrowableCollector.java:73)
	at org.junit.platform.engine.support.hierarchical.NodeTestTask.executeRecursively(NodeTestTask.java:138)
	at org.junit.platform.engine.support.hierarchical.NodeTestTask.execute(NodeTestTask.java:95)
	at java.base/java.util.ArrayList.forEach(ArrayList.java:1596)
	at org.junit.platform.engine.support.hierarchical.SameThreadHierarchicalTestExecutorService.invokeAll(SameThreadHierarchicalTestExecutorService.java:41)
	at org.junit.platform.engine.support.hierarchical.NodeTestTask.lambda$executeRecursively$6(NodeTestTask.java:155)
	at org.junit.platform.engine.support.hierarchical.ThrowableCollector.execute(ThrowableCollector.java:73)
	at org.junit.platform.engine.support.hierarchical.NodeTestTask.lambda$executeRecursively$8(NodeTestTask.java:141)
	at org.junit.platform.engine.support.hierarchical.Node.around(Node.java:137)
	at org.junit.platform.engine.support.hierarchical.NodeTestTask.lambda$executeRecursively$9(NodeTestTask.java:139)
	at org.junit.platform.engine.support.hierarchical.ThrowableCollector.execute(ThrowableCollector.java:73)
	at org.junit.platform.engine.support.hierarchical.NodeTestTask.executeRecursively(NodeTestTask.java:138)
	at org.junit.platform.engine.support.hierarchical.NodeTestTask.execute(NodeTestTask.java:95)
	at java.base/java.util.ArrayList.forEach(ArrayList.java:1596)
	at org.junit.platform.engine.support.hierarchical.SameThreadHierarchicalTestExecutorService.invokeAll(SameThreadHierarchicalTestExecutorService.java:41)
	at org.junit.platform.engine.support.hierarchical.NodeTestTask.lambda$executeRecursively$6(NodeTestTask.java:155)
	at org.junit.platform.engine.support.hierarchical.ThrowableCollector.execute(ThrowableCollector.java:73)
	at org.junit.platform.engine.support.hierarchical.NodeTestTask.lambda$executeRecursively$8(NodeTestTask.java:141)
	at org.junit.platform.engine.support.hierarchical.Node.around(Node.java:137)
	at org.junit.platform.engine.support.hierarchical.NodeTestTask.lambda$executeRecursively$9(NodeTestTask.java:139)
	at org.junit.platform.engine.support.hierarchical.ThrowableCollector.execute(ThrowableCollector.java:73)
	at org.junit.platform.engine.support.hierarchical.NodeTestTask.executeRecursively(NodeTestTask.java:138)
	at org.junit.platform.engine.support.hierarchical.NodeTestTask.execute(NodeTestTask.java:95)
	at org.junit.platform.engine.support.hierarchical.SameThreadHierarchicalTestExecutorService.submit(SameThreadHierarchicalTestExecutorService.java:35)
	at org.junit.platform.engine.support.hierarchical.HierarchicalTestExecutor.execute(HierarchicalTestExecutor.java:57)
	at org.junit.platform.engine.support.hierarchical.HierarchicalTestEngine.execute(HierarchicalTestEngine.java:54)
	at org.junit.platform.launcher.core.EngineExecutionOrchestrator.execute(EngineExecutionOrchestrator.java:198)
	at org.junit.platform.launcher.core.EngineExecutionOrchestrator.execute(EngineExecutionOrchestrator.java:169)
	at org.junit.platform.launcher.core.EngineExecutionOrchestrator.execute(EngineExecutionOrchestrator.java:93)
	at org.junit.platform.launcher.core.EngineExecutionOrchestrator.lambda$execute$0(EngineExecutionOrchestrator.java:58)
	at org.junit.platform.launcher.core.EngineExecutionOrchestrator.withInterceptedStreams(EngineExecutionOrchestrator.java:141)
	at org.junit.platform.launcher.core.EngineExecutionOrchestrator.execute(EngineExecutionOrchestrator.java:57)
	at org.junit.platform.launcher.core.DefaultLauncher.execute(DefaultLauncher.java:103)
	at org.junit.platform.launcher.core.DefaultLauncher.execute(DefaultLauncher.java:85)
	at org.junit.platform.launcher.core.DelegatingLauncher.execute(DelegatingLauncher.java:47)
	at org.junit.platform.launcher.core.SessionPerRequestLauncher.execute(SessionPerRequestLauncher.java:63)
	at com.intellij.junit5.JUnit5IdeaTestRunner.startRunnerWithArgs(JUnit5IdeaTestRunner.java:57)
	at com.intellij.rt.junit.IdeaTestRunner$Repeater$1.execute(IdeaTestRunner.java:38)
	at com.intellij.rt.execution.junit.TestsRepeater.repeat(TestsRepeater.java:11)
	at com.intellij.rt.junit.IdeaTestRunner$Repeater.startRunnerWithArgs(IdeaTestRunner.java:35)
	at com.intellij.rt.junit.JUnitStarter.prepareStreamsAndStart(JUnitStarter.java:232)
	at com.intellij.rt.junit.JUnitStarter.main(JUnitStarter.java:55)
Caused by: org.openqa.selenium.ElementClickInterceptedException: element click intercepted: Element <mat-select role="combobox" aria-haspopup="listbox" class="mat-mdc-select primary-control mat-mdc-select-empty ng-untouched ng-pristine mat-mdc-select-disabled" aria-labelledby="mat-select-value-7" id="mat-select-7" tabindex="-1" aria-expanded="false" aria-required="false" aria-disabled="true" aria-invalid="false">...</mat-select> is not clickable at point (858, 280). Other element would receive the click: <mat-form-field class="mat-mdc-form-field mat-mdc-form-field-type-common-select mat-mdc-form-field-has-icon-prefix mat-mdc-form-field-has-icon-suffix mat-form-field-disabled mat-form-field-appearance-outline mat-form-field-hide-placeholder mat-primary ng-untouched ng-pristine mat-form-field-animations-enabled" style="--mat-form-field-notch-max-width: calc(100% - 8px);">...</mat-form-field>
  (Session info: chrome=138.0.7204.169)
Build info: version: '4.27.0', revision: 'd6e718d134'
System info: os.name: 'Windows 11', os.arch: 'amd64', os.version: '10.0', java.version: '21.0.3'
Driver info: org.openqa.selenium.chrome.ChromeDriver
Command: [37dc51dd874f276e2d4d40d78ec09396, clickElement {id=f.F0AD283868DF20C2FEFA5275B209A7F8.d.50C32F8C1C8F7F8E42B22D4A4336F230.e.336}]
Capabilities {acceptInsecureCerts: false, browserName: chrome, browserVersion: 138.0.7204.169, chrome: {chromedriverVersion: 138.0.7204.168 (3e8d82e86e9..., userDataDir: C:\Users\INGRID~1.ZAD\AppDa...}, fedcm:accounts: true, goog:chromeOptions: {debuggerAddress: localhost:64827}, networkConnectionEnabled: false, pageLoadStrategy: normal, platformName: windows, proxy: Proxy(), se:cdp: ws://localhost:64827/devtoo..., se:cdpVersion: 138.0.7204.169, setWindowRect: true, strictFileInteractability: false, timeouts: {implicit: 0, pageLoad: 300000, script: 30000}, unhandledPromptBehavior: dismiss and notify, webauthn:extension:credBlob: true, webauthn:extension:largeBlob: true, webauthn:extension:minPinLength: true, webauthn:extension:prf: true, webauthn:virtualAuthenticators: true}
Element: [[ChromeDriver: chrome on windows (37dc51dd874f276e2d4d40d78ec09396)] -> xpath: //mat-select[contains(@class, "mat-mdc-select")]]
Session ID: 37dc51dd874f276e2d4d40d78ec09396
	at java.base/jdk.internal.reflect.DirectConstructorHandleAccessor.newInstance(DirectConstructorHandleAccessor.java:62)
	at java.base/java.lang.reflect.Constructor.newInstanceWithCaller(Constructor.java:502)
	at java.base/java.lang.reflect.Constructor.newInstance(Constructor.java:486)
	at org.openqa.selenium.remote.ErrorCodec.decode(ErrorCodec.java:167)
	at org.openqa.selenium.remote.codec.w3c.W3CHttpResponseCodec.decode(W3CHttpResponseCodec.java:138)
	at org.openqa.selenium.remote.codec.w3c.W3CHttpResponseCodec.decode(W3CHttpResponseCodec.java:50)
	at org.openqa.selenium.remote.HttpCommandExecutor.execute(HttpCommandExecutor.java:190)
	at org.openqa.selenium.remote.service.DriverCommandExecutor.invokeExecute(DriverCommandExecutor.java:216)
	at org.openqa.selenium.remote.service.DriverCommandExecutor.execute(DriverCommandExecutor.java:174)
	at org.openqa.selenium.remote.RemoteWebDriver.execute(RemoteWebDriver.java:545)
	at org.openqa.selenium.remote.RemoteWebElement.execute(RemoteWebElement.java:223)
	at org.openqa.selenium.remote.RemoteWebElement.click(RemoteWebElement.java:76)
	at java.base/jdk.internal.reflect.DirectMethodHandleAccessor.invoke(DirectMethodHandleAccessor.java:103)
	at java.base/java.lang.reflect.Method.invoke(Method.java:580)
	at org.openqa.selenium.support.pagefactory.internal.LocatingElementHandler.invoke(LocatingElementHandler.java:51)
	at jdk.proxy2/jdk.proxy2.$Proxy14.click(Unknown Source)
	at lt.insoft.uztis.pages.SubmittedApplicationsPage.selectValueApplicant_FA(SubmittedApplicationsPage.java:620)
	... 69 common frames omitted
2025-07-29 14:42:20 [main] INFO  l.insoft.uztis.tests.utils.TestUtils - Screenshot moved to C:\Users\ingrida.zadorozniene\Desktop\Asm\UZTIS\UZTIS_tests\test-output\screenshots\20250729\144220613_testFillNewVUIApplicationFA().png
2025-07-29 14:43:28 [main] INFO  lt.insoft.uztis.tests.UztisPageTest - Navigated to https://uztisdev.asseco.lt/home
2025-07-29 14:43:28 [main] INFO  l.i.u.t.SubmittedApplicationsPageTest - Starting test:'testFillNewDVPApplicationFA'
2025-07-29 14:43:29 [main] INFO  l.insoft.uztis.tests.utils.TestUtils - Login attempt with user: evaluation_chief
2025-07-29 14:43:29 [main] DEBUG l.i.u.t.SubmittedApplicationsPageTest - User logged in with test credentials
2025-07-29 14:43:29 [main] DEBUG l.i.u.t.SubmittedApplicationsPageTest - Opened 'Application Processing' menu.
2025-07-29 14:43:29 [main] DEBUG l.i.u.t.SubmittedApplicationsPageTest - Clicked on 'Application Forms' menu.
2025-07-29 14:43:30 [main] DEBUG l.i.u.t.SubmittedApplicationsPageTest - Retrieved last description code text: 'TST-VUI-48'.
2025-07-29 14:43:30 [main] DEBUG l.i.u.t.SubmittedApplicationsPageTest - Clicked on 'Invitation' menu.
2025-07-29 14:43:32 [main] DEBUG l.i.u.t.SubmittedApplicationsPageTest - Selected application section by code: 'TST-VUI-48'.
2025-07-29 14:43:32 [main] DEBUG l.i.u.t.SubmittedApplicationsPageTest - Clicked 'Search' button.
2025-07-29 14:43:32 [main] DEBUG l.i.u.t.SubmittedApplicationsPageTest - Retrieved invitation code: ''.
2025-07-29 14:43:32 [main] DEBUG l.i.u.t.SubmittedApplicationsPageTest - Clicked on 'Submitted Applications' menu.
2025-07-29 14:43:34 [main] DEBUG l.i.u.t.SubmittedApplicationsPageTest - Selected invitation by code: 'TST-VUI-48'.
2025-07-29 14:43:34 [main] DEBUG l.i.u.t.SubmittedApplicationsPageTest - Invitation code inserted.
2025-07-29 14:43:34 [main] DEBUG l.i.u.t.SubmittedApplicationsPageTest - Clicked on 'Action Application' button.
2025-07-29 14:43:34 [main] DEBUG l.i.u.t.SubmittedApplicationsPageTest - Clicked on 'New Application' button.
2025-07-29 14:43:44 [main] ERROR l.i.u.t.SubmittedApplicationsPageTest - Test 'testFillNewDVPApplicationFA' failed with error: no such element: Unable to locate element: {"method":"xpath","selector":"//input[@name="mat-radio-group-0" and @value="PERSON"]"}
  (Session info: chrome=138.0.7204.169)
For documentation on this error, please visit: https://www.selenium.dev/documentation/webdriver/troubleshooting/errors#no-such-element-exception
Build info: version: '4.27.0', revision: 'd6e718d134'
System info: os.name: 'Windows 11', os.arch: 'amd64', os.version: '10.0', java.version: '21.0.3'
Driver info: org.openqa.selenium.chrome.ChromeDriver
Command: [95a7a09b145b4623238b7cce2d73022b, findElement {value=//input[@name="mat-radio-group-0" and @value="PERSON"], using=xpath}]
Capabilities {acceptInsecureCerts: false, browserName: chrome, browserVersion: 138.0.7204.169, chrome: {chromedriverVersion: 138.0.7204.168 (3e8d82e86e9..., userDataDir: C:\Users\INGRID~1.ZAD\AppDa...}, fedcm:accounts: true, goog:chromeOptions: {debuggerAddress: localhost:64898}, networkConnectionEnabled: false, pageLoadStrategy: normal, platformName: windows, proxy: Proxy(), se:cdp: ws://localhost:64898/devtoo..., se:cdpVersion: 138.0.7204.169, setWindowRect: true, strictFileInteractability: false, timeouts: {implicit: 0, pageLoad: 300000, script: 30000}, unhandledPromptBehavior: dismiss and notify, webauthn:extension:credBlob: true, webauthn:extension:largeBlob: true, webauthn:extension:minPinLength: true, webauthn:extension:prf: true, webauthn:virtualAuthenticators: true}
Session ID: 95a7a09b145b4623238b7cce2d73022b
org.openqa.selenium.NoSuchElementException: no such element: Unable to locate element: {"method":"xpath","selector":"//input[@name="mat-radio-group-0" and @value="PERSON"]"}
  (Session info: chrome=138.0.7204.169)
For documentation on this error, please visit: https://www.selenium.dev/documentation/webdriver/troubleshooting/errors#no-such-element-exception
Build info: version: '4.27.0', revision: 'd6e718d134'
System info: os.name: 'Windows 11', os.arch: 'amd64', os.version: '10.0', java.version: '21.0.3'
Driver info: org.openqa.selenium.chrome.ChromeDriver
Command: [95a7a09b145b4623238b7cce2d73022b, findElement {value=//input[@name="mat-radio-group-0" and @value="PERSON"], using=xpath}]
Capabilities {acceptInsecureCerts: false, browserName: chrome, browserVersion: 138.0.7204.169, chrome: {chromedriverVersion: 138.0.7204.168 (3e8d82e86e9..., userDataDir: C:\Users\INGRID~1.ZAD\AppDa...}, fedcm:accounts: true, goog:chromeOptions: {debuggerAddress: localhost:64898}, networkConnectionEnabled: false, pageLoadStrategy: normal, platformName: windows, proxy: Proxy(), se:cdp: ws://localhost:64898/devtoo..., se:cdpVersion: 138.0.7204.169, setWindowRect: true, strictFileInteractability: false, timeouts: {implicit: 0, pageLoad: 300000, script: 30000}, unhandledPromptBehavior: dismiss and notify, webauthn:extension:credBlob: true, webauthn:extension:largeBlob: true, webauthn:extension:minPinLength: true, webauthn:extension:prf: true, webauthn:virtualAuthenticators: true}
Session ID: 95a7a09b145b4623238b7cce2d73022b
	at java.base/jdk.internal.reflect.DirectConstructorHandleAccessor.newInstance(DirectConstructorHandleAccessor.java:62)
	at java.base/java.lang.reflect.Constructor.newInstanceWithCaller(Constructor.java:502)
	at java.base/java.lang.reflect.Constructor.newInstance(Constructor.java:486)
	at org.openqa.selenium.remote.ErrorCodec.decode(ErrorCodec.java:167)
	at org.openqa.selenium.remote.codec.w3c.W3CHttpResponseCodec.decode(W3CHttpResponseCodec.java:138)
	at org.openqa.selenium.remote.codec.w3c.W3CHttpResponseCodec.decode(W3CHttpResponseCodec.java:50)
	at org.openqa.selenium.remote.HttpCommandExecutor.execute(HttpCommandExecutor.java:190)
	at org.openqa.selenium.remote.service.DriverCommandExecutor.invokeExecute(DriverCommandExecutor.java:216)
	at org.openqa.selenium.remote.service.DriverCommandExecutor.execute(DriverCommandExecutor.java:174)
	at org.openqa.selenium.remote.RemoteWebDriver.execute(RemoteWebDriver.java:545)
	at org.openqa.selenium.remote.ElementLocation$ElementFinder$2.findElement(ElementLocation.java:165)
	at org.openqa.selenium.remote.ElementLocation.findElement(ElementLocation.java:59)
	at org.openqa.selenium.remote.RemoteWebDriver.findElement(RemoteWebDriver.java:368)
	at org.openqa.selenium.remote.RemoteWebDriver.findElement(RemoteWebDriver.java:362)
	at org.openqa.selenium.support.pagefactory.DefaultElementLocator.findElement(DefaultElementLocator.java:68)
	at org.openqa.selenium.support.pagefactory.internal.LocatingElementHandler.invoke(LocatingElementHandler.java:38)
	at jdk.proxy2/jdk.proxy2.$Proxy14.isSelected(Unknown Source)
	at lt.insoft.uztis.pages.SubmittedApplicationsPage.clickRadioButtonFA(SubmittedApplicationsPage.java:536)
	at lt.insoft.uztis.tests.SubmittedApplicationsPageTest.testFillNewDVPApplicationFA(SubmittedApplicationsPageTest.java:637)
	at java.base/jdk.internal.reflect.DirectMethodHandleAccessor.invoke(DirectMethodHandleAccessor.java:103)
	at java.base/java.lang.reflect.Method.invoke(Method.java:580)
	at org.junit.platform.commons.util.ReflectionUtils.invokeMethod(ReflectionUtils.java:728)
	at org.junit.jupiter.engine.execution.MethodInvocation.proceed(MethodInvocation.java:60)
	at org.junit.jupiter.engine.execution.InvocationInterceptorChain$ValidatingInvocation.proceed(InvocationInterceptorChain.java:131)
	at org.junit.jupiter.engine.extension.TimeoutExtension.intercept(TimeoutExtension.java:156)
	at org.junit.jupiter.engine.extension.TimeoutExtension.interceptTestableMethod(TimeoutExtension.java:147)
	at org.junit.jupiter.engine.extension.TimeoutExtension.interceptTestMethod(TimeoutExtension.java:86)
	at org.junit.jupiter.engine.execution.InterceptingExecutableInvoker$ReflectiveInterceptorCall.lambda$ofVoidMethod$0(InterceptingExecutableInvoker.java:103)
	at org.junit.jupiter.engine.execution.InterceptingExecutableInvoker.lambda$invoke$0(InterceptingExecutableInvoker.java:93)
	at org.junit.jupiter.engine.execution.InvocationInterceptorChain$InterceptedInvocation.proceed(InvocationInterceptorChain.java:106)
	at org.junit.jupiter.engine.execution.InvocationInterceptorChain.proceed(InvocationInterceptorChain.java:64)
	at org.junit.jupiter.engine.execution.InvocationInterceptorChain.chainAndInvoke(InvocationInterceptorChain.java:45)
	at org.junit.jupiter.engine.execution.InvocationInterceptorChain.invoke(InvocationInterceptorChain.java:37)
	at org.junit.jupiter.engine.execution.InterceptingExecutableInvoker.invoke(InterceptingExecutableInvoker.java:92)
	at org.junit.jupiter.engine.execution.InterceptingExecutableInvoker.invoke(InterceptingExecutableInvoker.java:86)
	at org.junit.jupiter.engine.descriptor.TestMethodTestDescriptor.lambda$invokeTestMethod$7(TestMethodTestDescriptor.java:218)
	at org.junit.platform.engine.support.hierarchical.ThrowableCollector.execute(ThrowableCollector.java:73)
	at org.junit.jupiter.engine.descriptor.TestMethodTestDescriptor.invokeTestMethod(TestMethodTestDescriptor.java:214)
	at org.junit.jupiter.engine.descriptor.TestMethodTestDescriptor.execute(TestMethodTestDescriptor.java:139)
	at org.junit.jupiter.engine.descriptor.TestMethodTestDescriptor.execute(TestMethodTestDescriptor.java:69)
	at org.junit.platform.engine.support.hierarchical.NodeTestTask.lambda$executeRecursively$6(NodeTestTask.java:151)
	at org.junit.platform.engine.support.hierarchical.ThrowableCollector.execute(ThrowableCollector.java:73)
	at org.junit.platform.engine.support.hierarchical.NodeTestTask.lambda$executeRecursively$8(NodeTestTask.java:141)
	at org.junit.platform.engine.support.hierarchical.Node.around(Node.java:137)
	at org.junit.platform.engine.support.hierarchical.NodeTestTask.lambda$executeRecursively$9(NodeTestTask.java:139)
	at org.junit.platform.engine.support.hierarchical.ThrowableCollector.execute(ThrowableCollector.java:73)
	at org.junit.platform.engine.support.hierarchical.NodeTestTask.executeRecursively(NodeTestTask.java:138)
	at org.junit.platform.engine.support.hierarchical.NodeTestTask.execute(NodeTestTask.java:95)
	at java.base/java.util.ArrayList.forEach(ArrayList.java:1596)
	at org.junit.platform.engine.support.hierarchical.SameThreadHierarchicalTestExecutorService.invokeAll(SameThreadHierarchicalTestExecutorService.java:41)
	at org.junit.platform.engine.support.hierarchical.NodeTestTask.lambda$executeRecursively$6(NodeTestTask.java:155)
	at org.junit.platform.engine.support.hierarchical.ThrowableCollector.execute(ThrowableCollector.java:73)
	at org.junit.platform.engine.support.hierarchical.NodeTestTask.lambda$executeRecursively$8(NodeTestTask.java:141)
	at org.junit.platform.engine.support.hierarchical.Node.around(Node.java:137)
	at org.junit.platform.engine.support.hierarchical.NodeTestTask.lambda$executeRecursively$9(NodeTestTask.java:139)
	at org.junit.platform.engine.support.hierarchical.ThrowableCollector.execute(ThrowableCollector.java:73)
	at org.junit.platform.engine.support.hierarchical.NodeTestTask.executeRecursively(NodeTestTask.java:138)
	at org.junit.platform.engine.support.hierarchical.NodeTestTask.execute(NodeTestTask.java:95)
	at java.base/java.util.ArrayList.forEach(ArrayList.java:1596)
	at org.junit.platform.engine.support.hierarchical.SameThreadHierarchicalTestExecutorService.invokeAll(SameThreadHierarchicalTestExecutorService.java:41)
	at org.junit.platform.engine.support.hierarchical.NodeTestTask.lambda$executeRecursively$6(NodeTestTask.java:155)
	at org.junit.platform.engine.support.hierarchical.ThrowableCollector.execute(ThrowableCollector.java:73)
	at org.junit.platform.engine.support.hierarchical.NodeTestTask.lambda$executeRecursively$8(NodeTestTask.java:141)
	at org.junit.platform.engine.support.hierarchical.Node.around(Node.java:137)
	at org.junit.platform.engine.support.hierarchical.NodeTestTask.lambda$executeRecursively$9(NodeTestTask.java:139)
	at org.junit.platform.engine.support.hierarchical.ThrowableCollector.execute(ThrowableCollector.java:73)
	at org.junit.platform.engine.support.hierarchical.NodeTestTask.executeRecursively(NodeTestTask.java:138)
	at org.junit.platform.engine.support.hierarchical.NodeTestTask.execute(NodeTestTask.java:95)
	at org.junit.platform.engine.support.hierarchical.SameThreadHierarchicalTestExecutorService.submit(SameThreadHierarchicalTestExecutorService.java:35)
	at org.junit.platform.engine.support.hierarchical.HierarchicalTestExecutor.execute(HierarchicalTestExecutor.java:57)
	at org.junit.platform.engine.support.hierarchical.HierarchicalTestEngine.execute(HierarchicalTestEngine.java:54)
	at org.junit.platform.launcher.core.EngineExecutionOrchestrator.execute(EngineExecutionOrchestrator.java:198)
	at org.junit.platform.launcher.core.EngineExecutionOrchestrator.execute(EngineExecutionOrchestrator.java:169)
	at org.junit.platform.launcher.core.EngineExecutionOrchestrator.execute(EngineExecutionOrchestrator.java:93)
	at org.junit.platform.launcher.core.EngineExecutionOrchestrator.lambda$execute$0(EngineExecutionOrchestrator.java:58)
	at org.junit.platform.launcher.core.EngineExecutionOrchestrator.withInterceptedStreams(EngineExecutionOrchestrator.java:141)
	at org.junit.platform.launcher.core.EngineExecutionOrchestrator.execute(EngineExecutionOrchestrator.java:57)
	at org.junit.platform.launcher.core.DefaultLauncher.execute(DefaultLauncher.java:103)
	at org.junit.platform.launcher.core.DefaultLauncher.execute(DefaultLauncher.java:85)
	at org.junit.platform.launcher.core.DelegatingLauncher.execute(DelegatingLauncher.java:47)
	at org.junit.platform.launcher.core.SessionPerRequestLauncher.execute(SessionPerRequestLauncher.java:63)
	at com.intellij.junit5.JUnit5IdeaTestRunner.startRunnerWithArgs(JUnit5IdeaTestRunner.java:57)
	at com.intellij.rt.junit.IdeaTestRunner$Repeater$1.execute(IdeaTestRunner.java:38)
	at com.intellij.rt.execution.junit.TestsRepeater.repeat(TestsRepeater.java:11)
	at com.intellij.rt.junit.IdeaTestRunner$Repeater.startRunnerWithArgs(IdeaTestRunner.java:35)
	at com.intellij.rt.junit.JUnitStarter.prepareStreamsAndStart(JUnitStarter.java:232)
	at com.intellij.rt.junit.JUnitStarter.main(JUnitStarter.java:55)
2025-07-29 14:44:04 [main] INFO  lt.insoft.uztis.tests.UztisPageTest - Navigated to https://uztisdev.asseco.lt/home
2025-07-29 14:44:04 [main] INFO  l.i.u.t.SubmittedApplicationsPageTest - Starting test:'testFillNewDVPApplicationFA'
2025-07-29 14:44:04 [main] INFO  l.insoft.uztis.tests.utils.TestUtils - Login attempt with user: evaluation_chief
2025-07-29 14:44:04 [main] DEBUG l.i.u.t.SubmittedApplicationsPageTest - User logged in with test credentials
2025-07-29 14:44:05 [main] DEBUG l.i.u.t.SubmittedApplicationsPageTest - Opened 'Application Processing' menu.
2025-07-29 14:44:05 [main] DEBUG l.i.u.t.SubmittedApplicationsPageTest - Clicked on 'Application Forms' menu.
2025-07-29 14:44:06 [main] DEBUG l.i.u.t.SubmittedApplicationsPageTest - Retrieved last description code text: 'TST-DVP-42'.
2025-07-29 14:44:06 [main] DEBUG l.i.u.t.SubmittedApplicationsPageTest - Clicked on 'Invitation' menu.
2025-07-29 14:44:07 [main] DEBUG l.i.u.t.SubmittedApplicationsPageTest - Selected application section by code: 'TST-DVP-42'.
2025-07-29 14:44:07 [main] DEBUG l.i.u.t.SubmittedApplicationsPageTest - Clicked 'Search' button.
2025-07-29 14:44:07 [main] DEBUG l.i.u.t.SubmittedApplicationsPageTest - Retrieved invitation code: ''.
2025-07-29 14:44:07 [main] DEBUG l.i.u.t.SubmittedApplicationsPageTest - Clicked on 'Submitted Applications' menu.
2025-07-29 14:44:09 [main] DEBUG l.i.u.t.SubmittedApplicationsPageTest - Selected invitation by code: 'TST-DVP-42'.
2025-07-29 14:44:09 [main] DEBUG l.i.u.t.SubmittedApplicationsPageTest - Invitation code inserted.
2025-07-29 14:44:09 [main] DEBUG l.i.u.t.SubmittedApplicationsPageTest - Clicked on 'Action Application' button.
2025-07-29 14:44:09 [main] DEBUG l.i.u.t.SubmittedApplicationsPageTest - Clicked on 'New Application' button.
2025-07-29 14:44:10 [main] DEBUG l.i.u.t.SubmittedApplicationsPageTest - Selected the 'RadioButtonFA' option.
2025-07-29 14:44:10 [main] INFO  l.i.u.p.SubmittedApplicationsPage - Dropdown opened.
2025-07-29 14:44:10 [main] DEBUG l.i.u.p.SubmittedApplicationsPage - Entered search: 'Pavardenis GR777'
2025-07-29 14:44:10 [main] INFO  l.i.u.p.SubmittedApplicationsPage - Pasirinkta reikšmė: 'Vardenis GR674 Pavardenis GR777, 1958-02-04'
2025-07-29 14:44:21 [main] DEBUG l.i.u.t.SubmittedApplicationsPageTest - Selected applicant: 'Pavardenis GR777'.
2025-07-29 14:44:21 [main] DEBUG l.i.u.t.SubmittedApplicationsPageTest - Checked 'For workplace adaptation' checkbox 1.
2025-07-29 14:44:21 [main] DEBUG l.i.u.t.SubmittedApplicationsPageTest - Checked 'For environmental adaptation' checkbox 2.
2025-07-29 14:44:21 [main] INFO  l.i.u.p.SubmittedApplicationsPage - Located the dropdown button.
2025-07-29 14:44:37 [main] INFO  l.i.u.p.SubmittedApplicationsPage - Found 1741 options in the dropdown.
2025-07-29 14:44:37 [main] INFO  l.i.u.p.SubmittedApplicationsPage - Successfully selected the value: '01.11 - Grūdinių (išskyrus ryžius), ankštinių ir aliejingų sėklų augalų auginimas'
2025-07-29 14:44:48 [main] ERROR l.i.u.p.SubmittedApplicationsPage - Failed to close the dropdown with aria-expanded = 'false'. Attempting manual close.
2025-07-29 14:44:48 [main] INFO  l.i.u.p.SubmittedApplicationsPage - Manual close attempt for the dropdown using body click.
2025-07-29 14:44:48 [main] DEBUG l.i.u.t.SubmittedApplicationsPageTest - Selected EVRK value: '01.11 - Grūdinių (išskyrus ryžius), ankštinių ir aliejingų sėklų augalų auginimas'.
2025-07-29 14:44:48 [main] DEBUG l.i.u.t.SubmittedApplicationsPageTest - Clicked on 'Address Component' button.
2025-07-29 14:44:48 [main] INFO  l.i.u.p.SubmittedApplicationsPage - Located the dropdown button.
2025-07-29 14:44:51 [main] INFO  l.i.u.p.SubmittedApplicationsPage - Successfully selected the value: 'Lietuva'
2025-07-29 14:44:51 [main] DEBUG l.i.u.t.SubmittedApplicationsPageTest - Selected country: 'Lietuva'.
2025-07-29 14:44:51 [main] INFO  l.i.u.p.SubmittedApplicationsPage - Located the dropdown search field.
2025-07-29 14:44:51 [main] INFO  l.i.u.p.SubmittedApplicationsPage - Dropdown city is opened.
2025-07-29 14:44:51 [main] INFO  l.i.u.p.SubmittedApplicationsPage - Searched for value: 'Vilnius'
2025-07-29 14:44:52 [main] INFO  l.i.u.p.SubmittedApplicationsPage - Successfully selected: 'Vilnius'
2025-07-29 14:44:52 [main] INFO  l.i.u.p.SubmittedApplicationsPage - Located the dropdown button.
2025-07-29 14:44:53 [main] INFO  l.i.u.p.SubmittedApplicationsPage - Successfully selected the value: 'A. Domaševičiaus g.'
2025-07-29 14:44:53 [main] DEBUG l.i.u.t.SubmittedApplicationsPageTest - Selected street: 'A. Domaševičiaus g.'.
2025-07-29 14:44:53 [main] INFO  l.i.u.p.SubmittedApplicationsPage - Located the dropdown button.
2025-07-29 14:44:53 [main] INFO  l.i.u.p.SubmittedApplicationsPage - Successfully selected the value: '1'
2025-07-29 14:44:53 [main] DEBUG l.i.u.t.SubmittedApplicationsPageTest - Selected house: '1'.
2025-07-29 14:44:53 [main] INFO  l.i.u.p.SubmittedApplicationsPage - Located the dropdown button.
2025-07-29 14:44:53 [main] INFO  l.i.u.p.SubmittedApplicationsPage - Successfully selected the value: '1'
2025-07-29 14:44:53 [main] DEBUG l.i.u.t.SubmittedApplicationsPageTest - Selected apartment: '1'.
2025-07-29 14:44:53 [main] DEBUG l.i.u.t.SubmittedApplicationsPageTest - Clicked 'Confirm' button.
2025-07-29 14:44:54 [main] DEBUG l.i.u.t.SubmittedApplicationsPageTest - Selected 'For already working' option.
2025-07-29 14:44:54 [main] DEBUG l.i.u.t.SubmittedApplicationsPageTest - Selected 'For new working' option.
2025-07-29 14:44:54 [main] DEBUG l.i.u.t.SubmittedApplicationsPageTest - Entered person count2: '1'.
2025-07-29 14:44:54 [main] DEBUG l.i.u.t.SubmittedApplicationsPageTest - Clicked 'Next' button after checkboxes.
2025-07-29 14:44:54 [main] INFO  l.i.u.p.SubmittedApplicationsPage - Located the dropdown button.
2025-07-29 14:44:55 [main] INFO  l.i.u.p.SubmittedApplicationsPage - Successfully selected the value: 'Administratoriai'
2025-07-29 14:44:55 [main] DEBUG l.i.u.t.SubmittedApplicationsPageTest - Selected adaptable job name: 'Administratoriai'.
2025-07-29 14:44:55 [main] DEBUG l.i.u.t.SubmittedApplicationsPageTest - Entered job date.
2025-07-29 14:44:55 [main] DEBUG l.i.u.t.SubmittedApplicationsPageTest - Entered job function: 'Funkcija 1'.
2025-07-29 14:44:55 [main] DEBUG l.i.u.t.SubmittedApplicationsPageTest - Selected 'For already working' 'no' option.
2025-07-29 14:44:55 [main] INFO  l.i.u.p.SubmittedApplicationsPage - Clicking on the dropdown button.
2025-07-29 14:44:56 [main] INFO  l.i.u.p.SubmittedApplicationsPage - Found 6 options in the dropdown.
2025-07-29 14:44:56 [main] DEBUG l.i.u.p.SubmittedApplicationsPage - Checking option: 'Sunkaus neįgalumo lygis ar neviršijantis 25 procentų dalyvumo lygis (iki 2023 metų gruodžio 31 dienos – iki 25 procentų darbingumo lygis)'
2025-07-29 14:44:56 [main] DEBUG l.i.u.p.SubmittedApplicationsPage - Checking option: 'Sunkaus neįgalumo lygis ar neviršijantis 25 procentų dalyvumo lygis (iki 2023 metų gruodžio 31 dienos – iki 25 procentų darbingumo lygis)'
2025-07-29 14:44:56 [main] DEBUG l.i.u.p.SubmittedApplicationsPage - Checking option: 'Vidutinio neįgalumo lygis ar 30–40 procentų dalyvumo lygis (iki 2023 m. gruodžio 31 d. – 30-40 procentų darbingumo lygis)'
2025-07-29 14:44:56 [main] DEBUG l.i.u.p.SubmittedApplicationsPage - Checking option: 'Vidutinio neįgalumo lygis ar 30–40 procentų dalyvumo lygis (iki 2023 m. gruodžio 31 d. – 30-40 procentų darbingumo lygis)'
2025-07-29 14:44:56 [main] DEBUG l.i.u.p.SubmittedApplicationsPage - Checking option: 'Lengvo neįgalumo lygis ar 45-55 procentų dalyvumo lygis (iki 2023 m. gruodžio 31 d. – 45-55 procentų darbingumo lygis)'
2025-07-29 14:44:56 [main] INFO  l.i.u.p.SubmittedApplicationsPage - Successfully selected the value: 'Lengvo neįgalumo lygis ar 45-55 procentų dalyvumo lygis (iki 2023 m. gruodžio 31 d. – 45-55 procentų darbingumo lygis)'
2025-07-29 14:44:56 [main] INFO  l.i.u.p.SubmittedApplicationsPage - Attempting to close the dropdown.
2025-07-29 14:44:57 [main] DEBUG l.i.u.t.SubmittedApplicationsPageTest - Selected disabilities type: 'Lengvo neįgalumo lygis ar 45-55 procentų dalyvumo lygis (iki 2023 m. gruodžio 31 d. – 45-55 procentų darbingumo lygis)'.
2025-07-29 14:44:57 [main] DEBUG l.i.u.t.SubmittedApplicationsPageTest - Entered disability information: 'Negalia 1'.
2025-07-29 14:44:57 [main] DEBUG l.i.u.t.SubmittedApplicationsPageTest - Entered qualification: 'Kvalifikacija 1'.
2025-07-29 14:44:57 [main] DEBUG l.i.u.t.SubmittedApplicationsPageTest - Entered job description: 'Darbo vietos aprašymas 1'.
2025-07-29 14:44:58 [main] DEBUG l.i.u.t.SubmittedApplicationsPageTest - Entered equipment description: 'Priemonių įsigyjimas 1'.
2025-07-29 14:44:58 [main] DEBUG l.i.u.t.SubmittedApplicationsPageTest - Entered work information: 'Darbai 1'.
2025-07-29 14:44:58 [main] INFO  l.i.u.p.SubmittedApplicationsPage - Located the dropdown button.
2025-07-29 14:48:01 [main] INFO  lt.insoft.uztis.tests.UztisPageTest - Navigated to https://uztisdev.asseco.lt/home
2025-07-29 14:48:01 [main] INFO  l.i.u.t.SubmittedApplicationsPageTest - Starting test:'testFillNewDVPApplicationFA'
2025-07-29 14:48:02 [main] INFO  l.insoft.uztis.tests.utils.TestUtils - Login attempt with user: evaluation_chief
2025-07-29 14:48:02 [main] DEBUG l.i.u.t.SubmittedApplicationsPageTest - User logged in with test credentials
2025-07-29 14:48:02 [main] DEBUG l.i.u.t.SubmittedApplicationsPageTest - Opened 'Application Processing' menu.
2025-07-29 14:48:03 [main] DEBUG l.i.u.t.SubmittedApplicationsPageTest - Clicked on 'Application Forms' menu.
2025-07-29 14:48:03 [main] DEBUG l.i.u.t.SubmittedApplicationsPageTest - Retrieved last description code text: 'TST-DVP-42'.
2025-07-29 14:48:03 [main] DEBUG l.i.u.t.SubmittedApplicationsPageTest - Clicked on 'Invitation' menu.
2025-07-29 14:48:05 [main] DEBUG l.i.u.t.SubmittedApplicationsPageTest - Selected application section by code: 'TST-DVP-42'.
2025-07-29 14:48:05 [main] DEBUG l.i.u.t.SubmittedApplicationsPageTest - Clicked 'Search' button.
2025-07-29 14:48:05 [main] DEBUG l.i.u.t.SubmittedApplicationsPageTest - Retrieved invitation code: ''.
2025-07-29 14:48:05 [main] DEBUG l.i.u.t.SubmittedApplicationsPageTest - Clicked on 'Submitted Applications' menu.
2025-07-29 14:48:07 [main] DEBUG l.i.u.t.SubmittedApplicationsPageTest - Selected invitation by code: 'TST-DVP-42'.
2025-07-29 14:48:07 [main] DEBUG l.i.u.t.SubmittedApplicationsPageTest - Invitation code inserted.
2025-07-29 14:48:07 [main] DEBUG l.i.u.t.SubmittedApplicationsPageTest - Clicked on 'Action Application' button.
2025-07-29 14:48:07 [main] DEBUG l.i.u.t.SubmittedApplicationsPageTest - Clicked on 'New Application' button.
2025-07-29 14:48:07 [main] DEBUG l.i.u.t.SubmittedApplicationsPageTest - Selected the 'RadioButtonFA' option.
2025-07-29 14:48:07 [main] INFO  l.i.u.p.SubmittedApplicationsPage - Dropdown opened.
2025-07-29 14:48:08 [main] DEBUG l.i.u.p.SubmittedApplicationsPage - Entered search: 'Pavardenis GR777'
2025-07-29 14:48:08 [main] INFO  l.i.u.p.SubmittedApplicationsPage - Pasirinkta reikšmė: 'Vardenis GR674 Pavardenis GR777, 1958-02-04'
2025-07-29 14:48:51 [main] INFO  lt.insoft.uztis.tests.UztisPageTest - Navigated to https://uztisdev.asseco.lt/home
2025-07-29 14:48:51 [main] INFO  l.i.u.t.SubmittedApplicationsPageTest - Starting test:'testFillNewVUIPApplicationFA'
2025-07-29 14:48:51 [main] INFO  l.insoft.uztis.tests.utils.TestUtils - Login attempt with user: evaluation_chief
2025-07-29 14:48:51 [main] DEBUG l.i.u.t.SubmittedApplicationsPageTest - User logged in with test credentials
2025-07-29 14:48:52 [main] DEBUG l.i.u.t.SubmittedApplicationsPageTest - Opened 'Application Processing' menu.
2025-07-29 14:48:52 [main] DEBUG l.i.u.t.SubmittedApplicationsPageTest - Clicked on 'Application Forms' menu.
2025-07-29 14:48:52 [main] DEBUG l.i.u.t.SubmittedApplicationsPageTest - Retrieved last description code text: 'TST-VUI-48'.
2025-07-29 14:48:52 [main] DEBUG l.i.u.t.SubmittedApplicationsPageTest - Clicked on 'Invitation' menu.
2025-07-29 14:48:54 [main] DEBUG l.i.u.t.SubmittedApplicationsPageTest - Selected application section by code: 'TST-VUI-48'.
2025-07-29 14:48:54 [main] DEBUG l.i.u.t.SubmittedApplicationsPageTest - Clicked 'Search' button.
2025-07-29 14:48:54 [main] DEBUG l.i.u.t.SubmittedApplicationsPageTest - Retrieved invitation code: ''.
2025-07-29 14:48:54 [main] DEBUG l.i.u.t.SubmittedApplicationsPageTest - Clicked on 'Submitted Applications' menu.
2025-07-29 14:48:56 [main] DEBUG l.i.u.t.SubmittedApplicationsPageTest - Selected invitation by code: 'TST-VUI-48'.
2025-07-29 14:48:56 [main] DEBUG l.i.u.t.SubmittedApplicationsPageTest - Invitation code inserted.
2025-07-29 14:48:57 [main] DEBUG l.i.u.t.SubmittedApplicationsPageTest - Clicked on 'Action Application' button.
2025-07-29 14:48:57 [main] DEBUG l.i.u.t.SubmittedApplicationsPageTest - Clicked on 'New Application' button.
2025-07-29 14:48:58 [main] ERROR l.i.u.p.SubmittedApplicationsPage - Nepavyko pasirinkti reikšmės 'Pavardenis GR777': element click intercepted: Element <mat-select role="combobox" aria-haspopup="listbox" class="mat-mdc-select primary-control mat-mdc-select-empty ng-untouched ng-pristine mat-mdc-select-disabled" aria-labelledby="mat-select-value-7" id="mat-select-7" tabindex="-1" aria-expanded="false" aria-required="false" aria-disabled="true" aria-invalid="false">...</mat-select> is not clickable at point (858, 280). Other element would receive the click: <mat-form-field class="mat-mdc-form-field mat-mdc-form-field-type-common-select mat-mdc-form-field-has-icon-prefix mat-mdc-form-field-has-icon-suffix mat-form-field-disabled mat-form-field-appearance-outline mat-form-field-hide-placeholder mat-primary ng-untouched ng-pristine mat-form-field-animations-enabled" style="--mat-form-field-notch-max-width: calc(100% - 8px);">...</mat-form-field>
  (Session info: chrome=138.0.7204.169)
Build info: version: '4.27.0', revision: 'd6e718d134'
System info: os.name: 'Windows 11', os.arch: 'amd64', os.version: '10.0', java.version: '21.0.3'
Driver info: org.openqa.selenium.chrome.ChromeDriver
Command: [371bcc3be91a9a0a86060921fbf2ba7a, clickElement {id=f.BA8BCD964D8EE906E6AD6FF5EDE30219.d.0E5D96C0AEB4A3F542E6BC6931D3B703.e.347}]
Capabilities {acceptInsecureCerts: false, browserName: chrome, browserVersion: 138.0.7204.169, chrome: {chromedriverVersion: 138.0.7204.168 (3e8d82e86e9..., userDataDir: C:\Users\INGRID~1.ZAD\AppDa...}, fedcm:accounts: true, goog:chromeOptions: {debuggerAddress: localhost:65177}, networkConnectionEnabled: false, pageLoadStrategy: normal, platformName: windows, proxy: Proxy(), se:cdp: ws://localhost:65177/devtoo..., se:cdpVersion: 138.0.7204.169, setWindowRect: true, strictFileInteractability: false, timeouts: {implicit: 0, pageLoad: 300000, script: 30000}, unhandledPromptBehavior: dismiss and notify, webauthn:extension:credBlob: true, webauthn:extension:largeBlob: true, webauthn:extension:minPinLength: true, webauthn:extension:prf: true, webauthn:virtualAuthenticators: true}
Element: [[ChromeDriver: chrome on windows (371bcc3be91a9a0a86060921fbf2ba7a)] -> xpath: //mat-select[contains(@class, "mat-mdc-select")]]
Session ID: 371bcc3be91a9a0a86060921fbf2ba7a
org.openqa.selenium.ElementClickInterceptedException: element click intercepted: Element <mat-select role="combobox" aria-haspopup="listbox" class="mat-mdc-select primary-control mat-mdc-select-empty ng-untouched ng-pristine mat-mdc-select-disabled" aria-labelledby="mat-select-value-7" id="mat-select-7" tabindex="-1" aria-expanded="false" aria-required="false" aria-disabled="true" aria-invalid="false">...</mat-select> is not clickable at point (858, 280). Other element would receive the click: <mat-form-field class="mat-mdc-form-field mat-mdc-form-field-type-common-select mat-mdc-form-field-has-icon-prefix mat-mdc-form-field-has-icon-suffix mat-form-field-disabled mat-form-field-appearance-outline mat-form-field-hide-placeholder mat-primary ng-untouched ng-pristine mat-form-field-animations-enabled" style="--mat-form-field-notch-max-width: calc(100% - 8px);">...</mat-form-field>
  (Session info: chrome=138.0.7204.169)
Build info: version: '4.27.0', revision: 'd6e718d134'
System info: os.name: 'Windows 11', os.arch: 'amd64', os.version: '10.0', java.version: '21.0.3'
Driver info: org.openqa.selenium.chrome.ChromeDriver
Command: [371bcc3be91a9a0a86060921fbf2ba7a, clickElement {id=f.BA8BCD964D8EE906E6AD6FF5EDE30219.d.0E5D96C0AEB4A3F542E6BC6931D3B703.e.347}]
Capabilities {acceptInsecureCerts: false, browserName: chrome, browserVersion: 138.0.7204.169, chrome: {chromedriverVersion: 138.0.7204.168 (3e8d82e86e9..., userDataDir: C:\Users\INGRID~1.ZAD\AppDa...}, fedcm:accounts: true, goog:chromeOptions: {debuggerAddress: localhost:65177}, networkConnectionEnabled: false, pageLoadStrategy: normal, platformName: windows, proxy: Proxy(), se:cdp: ws://localhost:65177/devtoo..., se:cdpVersion: 138.0.7204.169, setWindowRect: true, strictFileInteractability: false, timeouts: {implicit: 0, pageLoad: 300000, script: 30000}, unhandledPromptBehavior: dismiss and notify, webauthn:extension:credBlob: true, webauthn:extension:largeBlob: true, webauthn:extension:minPinLength: true, webauthn:extension:prf: true, webauthn:virtualAuthenticators: true}
Element: [[ChromeDriver: chrome on windows (371bcc3be91a9a0a86060921fbf2ba7a)] -> xpath: //mat-select[contains(@class, "mat-mdc-select")]]
Session ID: 371bcc3be91a9a0a86060921fbf2ba7a
	at java.base/jdk.internal.reflect.DirectConstructorHandleAccessor.newInstance(DirectConstructorHandleAccessor.java:62)
	at java.base/java.lang.reflect.Constructor.newInstanceWithCaller(Constructor.java:502)
	at java.base/java.lang.reflect.Constructor.newInstance(Constructor.java:486)
	at org.openqa.selenium.remote.ErrorCodec.decode(ErrorCodec.java:167)
	at org.openqa.selenium.remote.codec.w3c.W3CHttpResponseCodec.decode(W3CHttpResponseCodec.java:138)
	at org.openqa.selenium.remote.codec.w3c.W3CHttpResponseCodec.decode(W3CHttpResponseCodec.java:50)
	at org.openqa.selenium.remote.HttpCommandExecutor.execute(HttpCommandExecutor.java:190)
	at org.openqa.selenium.remote.service.DriverCommandExecutor.invokeExecute(DriverCommandExecutor.java:216)
	at org.openqa.selenium.remote.service.DriverCommandExecutor.execute(DriverCommandExecutor.java:174)
	at org.openqa.selenium.remote.RemoteWebDriver.execute(RemoteWebDriver.java:545)
	at org.openqa.selenium.remote.RemoteWebElement.execute(RemoteWebElement.java:223)
	at org.openqa.selenium.remote.RemoteWebElement.click(RemoteWebElement.java:76)
	at java.base/jdk.internal.reflect.DirectMethodHandleAccessor.invoke(DirectMethodHandleAccessor.java:103)
	at java.base/java.lang.reflect.Method.invoke(Method.java:580)
	at org.openqa.selenium.support.pagefactory.internal.LocatingElementHandler.invoke(LocatingElementHandler.java:51)
	at jdk.proxy2/jdk.proxy2.$Proxy14.click(Unknown Source)
	at lt.insoft.uztis.pages.SubmittedApplicationsPage.selectValueApplicant_FA(SubmittedApplicationsPage.java:620)
	at lt.insoft.uztis.tests.SubmittedApplicationsPageTest.testFillNewVUIApplicationFA(SubmittedApplicationsPageTest.java:150)
	at java.base/jdk.internal.reflect.DirectMethodHandleAccessor.invoke(DirectMethodHandleAccessor.java:103)
	at java.base/java.lang.reflect.Method.invoke(Method.java:580)
	at org.junit.platform.commons.util.ReflectionUtils.invokeMethod(ReflectionUtils.java:728)
	at org.junit.jupiter.engine.execution.MethodInvocation.proceed(MethodInvocation.java:60)
	at org.junit.jupiter.engine.execution.InvocationInterceptorChain$ValidatingInvocation.proceed(InvocationInterceptorChain.java:131)
	at org.junit.jupiter.engine.extension.TimeoutExtension.intercept(TimeoutExtension.java:156)
	at org.junit.jupiter.engine.extension.TimeoutExtension.interceptTestableMethod(TimeoutExtension.java:147)
	at org.junit.jupiter.engine.extension.TimeoutExtension.interceptTestMethod(TimeoutExtension.java:86)
	at org.junit.jupiter.engine.execution.InterceptingExecutableInvoker$ReflectiveInterceptorCall.lambda$ofVoidMethod$0(InterceptingExecutableInvoker.java:103)
	at org.junit.jupiter.engine.execution.InterceptingExecutableInvoker.lambda$invoke$0(InterceptingExecutableInvoker.java:93)
	at org.junit.jupiter.engine.execution.InvocationInterceptorChain$InterceptedInvocation.proceed(InvocationInterceptorChain.java:106)
	at org.junit.jupiter.engine.execution.InvocationInterceptorChain.proceed(InvocationInterceptorChain.java:64)
	at org.junit.jupiter.engine.execution.InvocationInterceptorChain.chainAndInvoke(InvocationInterceptorChain.java:45)
	at org.junit.jupiter.engine.execution.InvocationInterceptorChain.invoke(InvocationInterceptorChain.java:37)
	at org.junit.jupiter.engine.execution.InterceptingExecutableInvoker.invoke(InterceptingExecutableInvoker.java:92)
	at org.junit.jupiter.engine.execution.InterceptingExecutableInvoker.invoke(InterceptingExecutableInvoker.java:86)
	at org.junit.jupiter.engine.descriptor.TestMethodTestDescriptor.lambda$invokeTestMethod$7(TestMethodTestDescriptor.java:218)
	at org.junit.platform.engine.support.hierarchical.ThrowableCollector.execute(ThrowableCollector.java:73)
	at org.junit.jupiter.engine.descriptor.TestMethodTestDescriptor.invokeTestMethod(TestMethodTestDescriptor.java:214)
	at org.junit.jupiter.engine.descriptor.TestMethodTestDescriptor.execute(TestMethodTestDescriptor.java:139)
	at org.junit.jupiter.engine.descriptor.TestMethodTestDescriptor.execute(TestMethodTestDescriptor.java:69)
	at org.junit.platform.engine.support.hierarchical.NodeTestTask.lambda$executeRecursively$6(NodeTestTask.java:151)
	at org.junit.platform.engine.support.hierarchical.ThrowableCollector.execute(ThrowableCollector.java:73)
	at org.junit.platform.engine.support.hierarchical.NodeTestTask.lambda$executeRecursively$8(NodeTestTask.java:141)
	at org.junit.platform.engine.support.hierarchical.Node.around(Node.java:137)
	at org.junit.platform.engine.support.hierarchical.NodeTestTask.lambda$executeRecursively$9(NodeTestTask.java:139)
	at org.junit.platform.engine.support.hierarchical.ThrowableCollector.execute(ThrowableCollector.java:73)
	at org.junit.platform.engine.support.hierarchical.NodeTestTask.executeRecursively(NodeTestTask.java:138)
	at org.junit.platform.engine.support.hierarchical.NodeTestTask.execute(NodeTestTask.java:95)
	at java.base/java.util.ArrayList.forEach(ArrayList.java:1596)
	at org.junit.platform.engine.support.hierarchical.SameThreadHierarchicalTestExecutorService.invokeAll(SameThreadHierarchicalTestExecutorService.java:41)
	at org.junit.platform.engine.support.hierarchical.NodeTestTask.lambda$executeRecursively$6(NodeTestTask.java:155)
	at org.junit.platform.engine.support.hierarchical.ThrowableCollector.execute(ThrowableCollector.java:73)
	at org.junit.platform.engine.support.hierarchical.NodeTestTask.lambda$executeRecursively$8(NodeTestTask.java:141)
	at org.junit.platform.engine.support.hierarchical.Node.around(Node.java:137)
	at org.junit.platform.engine.support.hierarchical.NodeTestTask.lambda$executeRecursively$9(NodeTestTask.java:139)
	at org.junit.platform.engine.support.hierarchical.ThrowableCollector.execute(ThrowableCollector.java:73)
	at org.junit.platform.engine.support.hierarchical.NodeTestTask.executeRecursively(NodeTestTask.java:138)
	at org.junit.platform.engine.support.hierarchical.NodeTestTask.execute(NodeTestTask.java:95)
	at java.base/java.util.ArrayList.forEach(ArrayList.java:1596)
	at org.junit.platform.engine.support.hierarchical.SameThreadHierarchicalTestExecutorService.invokeAll(SameThreadHierarchicalTestExecutorService.java:41)
	at org.junit.platform.engine.support.hierarchical.NodeTestTask.lambda$executeRecursively$6(NodeTestTask.java:155)
	at org.junit.platform.engine.support.hierarchical.ThrowableCollector.execute(ThrowableCollector.java:73)
	at org.junit.platform.engine.support.hierarchical.NodeTestTask.lambda$executeRecursively$8(NodeTestTask.java:141)
	at org.junit.platform.engine.support.hierarchical.Node.around(Node.java:137)
	at org.junit.platform.engine.support.hierarchical.NodeTestTask.lambda$executeRecursively$9(NodeTestTask.java:139)
	at org.junit.platform.engine.support.hierarchical.ThrowableCollector.execute(ThrowableCollector.java:73)
	at org.junit.platform.engine.support.hierarchical.NodeTestTask.executeRecursively(NodeTestTask.java:138)
	at org.junit.platform.engine.support.hierarchical.NodeTestTask.execute(NodeTestTask.java:95)
	at org.junit.platform.engine.support.hierarchical.SameThreadHierarchicalTestExecutorService.submit(SameThreadHierarchicalTestExecutorService.java:35)
	at org.junit.platform.engine.support.hierarchical.HierarchicalTestExecutor.execute(HierarchicalTestExecutor.java:57)
	at org.junit.platform.engine.support.hierarchical.HierarchicalTestEngine.execute(HierarchicalTestEngine.java:54)
	at org.junit.platform.launcher.core.EngineExecutionOrchestrator.execute(EngineExecutionOrchestrator.java:198)
	at org.junit.platform.launcher.core.EngineExecutionOrchestrator.execute(EngineExecutionOrchestrator.java:169)
	at org.junit.platform.launcher.core.EngineExecutionOrchestrator.execute(EngineExecutionOrchestrator.java:93)
	at org.junit.platform.launcher.core.EngineExecutionOrchestrator.lambda$execute$0(EngineExecutionOrchestrator.java:58)
	at org.junit.platform.launcher.core.EngineExecutionOrchestrator.withInterceptedStreams(EngineExecutionOrchestrator.java:141)
	at org.junit.platform.launcher.core.EngineExecutionOrchestrator.execute(EngineExecutionOrchestrator.java:57)
	at org.junit.platform.launcher.core.DefaultLauncher.execute(DefaultLauncher.java:103)
	at org.junit.platform.launcher.core.DefaultLauncher.execute(DefaultLauncher.java:85)
	at org.junit.platform.launcher.core.DelegatingLauncher.execute(DelegatingLauncher.java:47)
	at org.junit.platform.launcher.core.SessionPerRequestLauncher.execute(SessionPerRequestLauncher.java:63)
	at com.intellij.junit5.JUnit5IdeaTestRunner.startRunnerWithArgs(JUnit5IdeaTestRunner.java:57)
	at com.intellij.rt.junit.IdeaTestRunner$Repeater$1.execute(IdeaTestRunner.java:38)
	at com.intellij.rt.execution.junit.TestsRepeater.repeat(TestsRepeater.java:11)
	at com.intellij.rt.junit.IdeaTestRunner$Repeater.startRunnerWithArgs(IdeaTestRunner.java:35)
	at com.intellij.rt.junit.JUnitStarter.prepareStreamsAndStart(JUnitStarter.java:232)
	at com.intellij.rt.junit.JUnitStarter.main(JUnitStarter.java:55)
2025-07-29 14:48:58 [main] ERROR l.i.u.t.SubmittedApplicationsPageTest - Test 'testFillNewVUIApplicationFA' failed with error: Nepavyko pasirinkti reikšmės iš dropdown'o: Pavardenis GR777
java.lang.RuntimeException: Nepavyko pasirinkti reikšmės iš dropdown'o: Pavardenis GR777
	at lt.insoft.uztis.pages.SubmittedApplicationsPage.selectValueApplicant_FA(SubmittedApplicationsPage.java:650)
	at lt.insoft.uztis.tests.SubmittedApplicationsPageTest.testFillNewVUIApplicationFA(SubmittedApplicationsPageTest.java:150)
	at java.base/jdk.internal.reflect.DirectMethodHandleAccessor.invoke(DirectMethodHandleAccessor.java:103)
	at java.base/java.lang.reflect.Method.invoke(Method.java:580)
	at org.junit.platform.commons.util.ReflectionUtils.invokeMethod(ReflectionUtils.java:728)
	at org.junit.jupiter.engine.execution.MethodInvocation.proceed(MethodInvocation.java:60)
	at org.junit.jupiter.engine.execution.InvocationInterceptorChain$ValidatingInvocation.proceed(InvocationInterceptorChain.java:131)
	at org.junit.jupiter.engine.extension.TimeoutExtension.intercept(TimeoutExtension.java:156)
	at org.junit.jupiter.engine.extension.TimeoutExtension.interceptTestableMethod(TimeoutExtension.java:147)
	at org.junit.jupiter.engine.extension.TimeoutExtension.interceptTestMethod(TimeoutExtension.java:86)
	at org.junit.jupiter.engine.execution.InterceptingExecutableInvoker$ReflectiveInterceptorCall.lambda$ofVoidMethod$0(InterceptingExecutableInvoker.java:103)
	at org.junit.jupiter.engine.execution.InterceptingExecutableInvoker.lambda$invoke$0(InterceptingExecutableInvoker.java:93)
	at org.junit.jupiter.engine.execution.InvocationInterceptorChain$InterceptedInvocation.proceed(InvocationInterceptorChain.java:106)
	at org.junit.jupiter.engine.execution.InvocationInterceptorChain.proceed(InvocationInterceptorChain.java:64)
	at org.junit.jupiter.engine.execution.InvocationInterceptorChain.chainAndInvoke(InvocationInterceptorChain.java:45)
	at org.junit.jupiter.engine.execution.InvocationInterceptorChain.invoke(InvocationInterceptorChain.java:37)
	at org.junit.jupiter.engine.execution.InterceptingExecutableInvoker.invoke(InterceptingExecutableInvoker.java:92)
	at org.junit.jupiter.engine.execution.InterceptingExecutableInvoker.invoke(InterceptingExecutableInvoker.java:86)
	at org.junit.jupiter.engine.descriptor.TestMethodTestDescriptor.lambda$invokeTestMethod$7(TestMethodTestDescriptor.java:218)
	at org.junit.platform.engine.support.hierarchical.ThrowableCollector.execute(ThrowableCollector.java:73)
	at org.junit.jupiter.engine.descriptor.TestMethodTestDescriptor.invokeTestMethod(TestMethodTestDescriptor.java:214)
	at org.junit.jupiter.engine.descriptor.TestMethodTestDescriptor.execute(TestMethodTestDescriptor.java:139)
	at org.junit.jupiter.engine.descriptor.TestMethodTestDescriptor.execute(TestMethodTestDescriptor.java:69)
	at org.junit.platform.engine.support.hierarchical.NodeTestTask.lambda$executeRecursively$6(NodeTestTask.java:151)
	at org.junit.platform.engine.support.hierarchical.ThrowableCollector.execute(ThrowableCollector.java:73)
	at org.junit.platform.engine.support.hierarchical.NodeTestTask.lambda$executeRecursively$8(NodeTestTask.java:141)
	at org.junit.platform.engine.support.hierarchical.Node.around(Node.java:137)
	at org.junit.platform.engine.support.hierarchical.NodeTestTask.lambda$executeRecursively$9(NodeTestTask.java:139)
	at org.junit.platform.engine.support.hierarchical.ThrowableCollector.execute(ThrowableCollector.java:73)
	at org.junit.platform.engine.support.hierarchical.NodeTestTask.executeRecursively(NodeTestTask.java:138)
	at org.junit.platform.engine.support.hierarchical.NodeTestTask.execute(NodeTestTask.java:95)
	at java.base/java.util.ArrayList.forEach(ArrayList.java:1596)
	at org.junit.platform.engine.support.hierarchical.SameThreadHierarchicalTestExecutorService.invokeAll(SameThreadHierarchicalTestExecutorService.java:41)
	at org.junit.platform.engine.support.hierarchical.NodeTestTask.lambda$executeRecursively$6(NodeTestTask.java:155)
	at org.junit.platform.engine.support.hierarchical.ThrowableCollector.execute(ThrowableCollector.java:73)
	at org.junit.platform.engine.support.hierarchical.NodeTestTask.lambda$executeRecursively$8(NodeTestTask.java:141)
	at org.junit.platform.engine.support.hierarchical.Node.around(Node.java:137)
	at org.junit.platform.engine.support.hierarchical.NodeTestTask.lambda$executeRecursively$9(NodeTestTask.java:139)
	at org.junit.platform.engine.support.hierarchical.ThrowableCollector.execute(ThrowableCollector.java:73)
	at org.junit.platform.engine.support.hierarchical.NodeTestTask.executeRecursively(NodeTestTask.java:138)
	at org.junit.platform.engine.support.hierarchical.NodeTestTask.execute(NodeTestTask.java:95)
	at java.base/java.util.ArrayList.forEach(ArrayList.java:1596)
	at org.junit.platform.engine.support.hierarchical.SameThreadHierarchicalTestExecutorService.invokeAll(SameThreadHierarchicalTestExecutorService.java:41)
	at org.junit.platform.engine.support.hierarchical.NodeTestTask.lambda$executeRecursively$6(NodeTestTask.java:155)
	at org.junit.platform.engine.support.hierarchical.ThrowableCollector.execute(ThrowableCollector.java:73)
	at org.junit.platform.engine.support.hierarchical.NodeTestTask.lambda$executeRecursively$8(NodeTestTask.java:141)
	at org.junit.platform.engine.support.hierarchical.Node.around(Node.java:137)
	at org.junit.platform.engine.support.hierarchical.NodeTestTask.lambda$executeRecursively$9(NodeTestTask.java:139)
	at org.junit.platform.engine.support.hierarchical.ThrowableCollector.execute(ThrowableCollector.java:73)
	at org.junit.platform.engine.support.hierarchical.NodeTestTask.executeRecursively(NodeTestTask.java:138)
	at org.junit.platform.engine.support.hierarchical.NodeTestTask.execute(NodeTestTask.java:95)
	at org.junit.platform.engine.support.hierarchical.SameThreadHierarchicalTestExecutorService.submit(SameThreadHierarchicalTestExecutorService.java:35)
	at org.junit.platform.engine.support.hierarchical.HierarchicalTestExecutor.execute(HierarchicalTestExecutor.java:57)
	at org.junit.platform.engine.support.hierarchical.HierarchicalTestEngine.execute(HierarchicalTestEngine.java:54)
	at org.junit.platform.launcher.core.EngineExecutionOrchestrator.execute(EngineExecutionOrchestrator.java:198)
	at org.junit.platform.launcher.core.EngineExecutionOrchestrator.execute(EngineExecutionOrchestrator.java:169)
	at org.junit.platform.launcher.core.EngineExecutionOrchestrator.execute(EngineExecutionOrchestrator.java:93)
	at org.junit.platform.launcher.core.EngineExecutionOrchestrator.lambda$execute$0(EngineExecutionOrchestrator.java:58)
	at org.junit.platform.launcher.core.EngineExecutionOrchestrator.withInterceptedStreams(EngineExecutionOrchestrator.java:141)
	at org.junit.platform.launcher.core.EngineExecutionOrchestrator.execute(EngineExecutionOrchestrator.java:57)
	at org.junit.platform.launcher.core.DefaultLauncher.execute(DefaultLauncher.java:103)
	at org.junit.platform.launcher.core.DefaultLauncher.execute(DefaultLauncher.java:85)
	at org.junit.platform.launcher.core.DelegatingLauncher.execute(DelegatingLauncher.java:47)
	at org.junit.platform.launcher.core.SessionPerRequestLauncher.execute(SessionPerRequestLauncher.java:63)
	at com.intellij.junit5.JUnit5IdeaTestRunner.startRunnerWithArgs(JUnit5IdeaTestRunner.java:57)
	at com.intellij.rt.junit.IdeaTestRunner$Repeater$1.execute(IdeaTestRunner.java:38)
	at com.intellij.rt.execution.junit.TestsRepeater.repeat(TestsRepeater.java:11)
	at com.intellij.rt.junit.IdeaTestRunner$Repeater.startRunnerWithArgs(IdeaTestRunner.java:35)
	at com.intellij.rt.junit.JUnitStarter.prepareStreamsAndStart(JUnitStarter.java:232)
	at com.intellij.rt.junit.JUnitStarter.main(JUnitStarter.java:55)
Caused by: org.openqa.selenium.ElementClickInterceptedException: element click intercepted: Element <mat-select role="combobox" aria-haspopup="listbox" class="mat-mdc-select primary-control mat-mdc-select-empty ng-untouched ng-pristine mat-mdc-select-disabled" aria-labelledby="mat-select-value-7" id="mat-select-7" tabindex="-1" aria-expanded="false" aria-required="false" aria-disabled="true" aria-invalid="false">...</mat-select> is not clickable at point (858, 280). Other element would receive the click: <mat-form-field class="mat-mdc-form-field mat-mdc-form-field-type-common-select mat-mdc-form-field-has-icon-prefix mat-mdc-form-field-has-icon-suffix mat-form-field-disabled mat-form-field-appearance-outline mat-form-field-hide-placeholder mat-primary ng-untouched ng-pristine mat-form-field-animations-enabled" style="--mat-form-field-notch-max-width: calc(100% - 8px);">...</mat-form-field>
  (Session info: chrome=138.0.7204.169)
Build info: version: '4.27.0', revision: 'd6e718d134'
System info: os.name: 'Windows 11', os.arch: 'amd64', os.version: '10.0', java.version: '21.0.3'
Driver info: org.openqa.selenium.chrome.ChromeDriver
Command: [371bcc3be91a9a0a86060921fbf2ba7a, clickElement {id=f.BA8BCD964D8EE906E6AD6FF5EDE30219.d.0E5D96C0AEB4A3F542E6BC6931D3B703.e.347}]
Capabilities {acceptInsecureCerts: false, browserName: chrome, browserVersion: 138.0.7204.169, chrome: {chromedriverVersion: 138.0.7204.168 (3e8d82e86e9..., userDataDir: C:\Users\INGRID~1.ZAD\AppDa...}, fedcm:accounts: true, goog:chromeOptions: {debuggerAddress: localhost:65177}, networkConnectionEnabled: false, pageLoadStrategy: normal, platformName: windows, proxy: Proxy(), se:cdp: ws://localhost:65177/devtoo..., se:cdpVersion: 138.0.7204.169, setWindowRect: true, strictFileInteractability: false, timeouts: {implicit: 0, pageLoad: 300000, script: 30000}, unhandledPromptBehavior: dismiss and notify, webauthn:extension:credBlob: true, webauthn:extension:largeBlob: true, webauthn:extension:minPinLength: true, webauthn:extension:prf: true, webauthn:virtualAuthenticators: true}
Element: [[ChromeDriver: chrome on windows (371bcc3be91a9a0a86060921fbf2ba7a)] -> xpath: //mat-select[contains(@class, "mat-mdc-select")]]
Session ID: 371bcc3be91a9a0a86060921fbf2ba7a
	at java.base/jdk.internal.reflect.DirectConstructorHandleAccessor.newInstance(DirectConstructorHandleAccessor.java:62)
	at java.base/java.lang.reflect.Constructor.newInstanceWithCaller(Constructor.java:502)
	at java.base/java.lang.reflect.Constructor.newInstance(Constructor.java:486)
	at org.openqa.selenium.remote.ErrorCodec.decode(ErrorCodec.java:167)
	at org.openqa.selenium.remote.codec.w3c.W3CHttpResponseCodec.decode(W3CHttpResponseCodec.java:138)
	at org.openqa.selenium.remote.codec.w3c.W3CHttpResponseCodec.decode(W3CHttpResponseCodec.java:50)
	at org.openqa.selenium.remote.HttpCommandExecutor.execute(HttpCommandExecutor.java:190)
	at org.openqa.selenium.remote.service.DriverCommandExecutor.invokeExecute(DriverCommandExecutor.java:216)
	at org.openqa.selenium.remote.service.DriverCommandExecutor.execute(DriverCommandExecutor.java:174)
	at org.openqa.selenium.remote.RemoteWebDriver.execute(RemoteWebDriver.java:545)
	at org.openqa.selenium.remote.RemoteWebElement.execute(RemoteWebElement.java:223)
	at org.openqa.selenium.remote.RemoteWebElement.click(RemoteWebElement.java:76)
	at java.base/jdk.internal.reflect.DirectMethodHandleAccessor.invoke(DirectMethodHandleAccessor.java:103)
	at java.base/java.lang.reflect.Method.invoke(Method.java:580)
	at org.openqa.selenium.support.pagefactory.internal.LocatingElementHandler.invoke(LocatingElementHandler.java:51)
	at jdk.proxy2/jdk.proxy2.$Proxy14.click(Unknown Source)
	at lt.insoft.uztis.pages.SubmittedApplicationsPage.selectValueApplicant_FA(SubmittedApplicationsPage.java:620)
	... 69 common frames omitted
2025-07-29 14:48:58 [main] INFO  l.insoft.uztis.tests.utils.TestUtils - Screenshot moved to C:\Users\ingrida.zadorozniene\Desktop\Asm\UZTIS\UZTIS_tests\test-output\screenshots\20250729\144858670_testFillNewVUIApplicationFA().png
2025-07-29 14:50:16 [main] INFO  lt.insoft.uztis.tests.UztisPageTest - Navigated to https://uztisdev.asseco.lt/home
2025-07-29 14:50:16 [main] INFO  l.i.u.t.SubmittedApplicationsPageTest - Starting test:'testFillNewVUIPApplicationFA'
2025-07-29 14:50:16 [main] INFO  l.insoft.uztis.tests.utils.TestUtils - Login attempt with user: evaluation_chief
2025-07-29 14:50:16 [main] DEBUG l.i.u.t.SubmittedApplicationsPageTest - User logged in with test credentials
2025-07-29 14:50:17 [main] DEBUG l.i.u.t.SubmittedApplicationsPageTest - Opened 'Application Processing' menu.
2025-07-29 14:50:17 [main] DEBUG l.i.u.t.SubmittedApplicationsPageTest - Clicked on 'Application Forms' menu.
2025-07-29 14:50:18 [main] DEBUG l.i.u.t.SubmittedApplicationsPageTest - Retrieved last description code text: 'TST-VUI-48'.
2025-07-29 14:50:18 [main] DEBUG l.i.u.t.SubmittedApplicationsPageTest - Clicked on 'Invitation' menu.
2025-07-29 14:50:20 [main] DEBUG l.i.u.t.SubmittedApplicationsPageTest - Selected application section by code: 'TST-VUI-48'.
2025-07-29 14:50:20 [main] DEBUG l.i.u.t.SubmittedApplicationsPageTest - Clicked 'Search' button.
2025-07-29 14:50:20 [main] DEBUG l.i.u.t.SubmittedApplicationsPageTest - Retrieved invitation code: ''.
2025-07-29 14:50:20 [main] DEBUG l.i.u.t.SubmittedApplicationsPageTest - Clicked on 'Submitted Applications' menu.
2025-07-29 14:50:22 [main] DEBUG l.i.u.t.SubmittedApplicationsPageTest - Selected invitation by code: 'TST-VUI-48'.
2025-07-29 14:50:22 [main] DEBUG l.i.u.t.SubmittedApplicationsPageTest - Invitation code inserted.
2025-07-29 14:50:22 [main] DEBUG l.i.u.t.SubmittedApplicationsPageTest - Clicked on 'Action Application' button.
2025-07-29 14:50:22 [main] DEBUG l.i.u.t.SubmittedApplicationsPageTest - Clicked on 'New Application' button.
2025-07-29 14:50:23 [main] DEBUG l.i.u.t.SubmittedApplicationsPageTest - Selected the 'RadioButtonFA' option.
2025-07-29 14:50:23 [main] INFO  l.i.u.p.SubmittedApplicationsPage - Dropdown opened.
2025-07-29 14:50:23 [main] DEBUG l.i.u.p.SubmittedApplicationsPage - Entered search: 'Pavardenis GR777'
2025-07-29 14:50:24 [main] INFO  l.i.u.p.SubmittedApplicationsPage - Pasirinkta reikšmė: 'Vardenis GR674 Pavardenis GR777, 1958-02-04'
2025-07-29 14:50:24 [main] DEBUG l.i.u.t.SubmittedApplicationsPageTest - Selected applicant: 'Pavardenis GR777'.
2025-07-29 14:50:24 [main] INFO  l.i.u.p.SubmittedApplicationsPage - Clicking on the dropdown button.
2025-07-29 14:50:36 [main] INFO  l.i.u.p.SubmittedApplicationsPage - Found 1741 options in the dropdown.
2025-07-29 14:50:36 [main] DEBUG l.i.u.p.SubmittedApplicationsPage - Checking option: ''
2025-07-29 14:50:36 [main] DEBUG l.i.u.p.SubmittedApplicationsPage - Checking option: '01.11 - Grūdinių (išskyrus ryžius), ankštinių ir aliejingų sėklų augalų auginimas'
2025-07-29 14:50:37 [main] INFO  l.i.u.p.SubmittedApplicationsPage - Successfully selected the value: '01.11 - Grūdinių (išskyrus ryžius), ankštinių ir aliejingų sėklų augalų auginimas'
2025-07-29 14:50:37 [main] INFO  l.i.u.p.SubmittedApplicationsPage - Attempting to close the dropdown.
2025-07-29 14:50:37 [main] DEBUG l.i.u.t.SubmittedApplicationsPageTest - Selected EVRK value: '01.11 - Grūdinių (išskyrus ryžius), ankštinių ir aliejingų sėklų augalų auginimas'.
2025-07-29 14:50:37 [main] DEBUG l.i.u.t.SubmittedApplicationsPageTest - Clicked on 'Address Component' button.
2025-07-29 14:50:37 [main] INFO  l.i.u.p.SubmittedApplicationsPage - Located the dropdown button.
2025-07-29 14:50:40 [main] INFO  l.i.u.p.SubmittedApplicationsPage - Successfully selected the value: 'Lietuva'
2025-07-29 14:50:40 [main] DEBUG l.i.u.t.SubmittedApplicationsPageTest - Selected country: 'Lietuva'.
2025-07-29 14:50:40 [main] INFO  l.i.u.p.SubmittedApplicationsPage - Located the dropdown search field.
2025-07-29 14:50:40 [main] INFO  l.i.u.p.SubmittedApplicationsPage - Dropdown city is opened.
2025-07-29 14:50:41 [main] INFO  l.i.u.p.SubmittedApplicationsPage - Searched for value: 'Vilnius'
2025-07-29 14:50:42 [main] INFO  l.i.u.p.SubmittedApplicationsPage - Successfully selected: 'Vilnius'
2025-07-29 14:50:42 [main] INFO  l.i.u.p.SubmittedApplicationsPage - Located the dropdown button.
2025-07-29 14:50:42 [main] INFO  l.i.u.p.SubmittedApplicationsPage - Successfully selected the value: 'A. Domaševičiaus g.'
2025-07-29 14:50:42 [main] DEBUG l.i.u.t.SubmittedApplicationsPageTest - Selected street: 'A. Domaševičiaus g.'.
2025-07-29 14:50:42 [main] INFO  l.i.u.p.SubmittedApplicationsPage - Located the dropdown button.
2025-07-29 14:50:43 [main] INFO  l.i.u.p.SubmittedApplicationsPage - Successfully selected the value: '1'
2025-07-29 14:50:43 [main] DEBUG l.i.u.t.SubmittedApplicationsPageTest - Selected house: '1'.
2025-07-29 14:50:43 [main] INFO  l.i.u.p.SubmittedApplicationsPage - Located the dropdown button.
2025-07-29 14:50:43 [main] INFO  l.i.u.p.SubmittedApplicationsPage - Successfully selected the value: '1'
2025-07-29 14:50:43 [main] DEBUG l.i.u.t.SubmittedApplicationsPageTest - Selected apartment: '1'.
2025-07-29 14:50:43 [main] DEBUG l.i.u.t.SubmittedApplicationsPageTest - Clicked 'Confirm' button.
2025-07-29 14:50:43 [main] DEBUG l.i.u.t.SubmittedApplicationsPageTest - Entered project date.
2025-07-29 14:50:43 [main] DEBUG l.i.u.t.SubmittedApplicationsPageTest - Entered job count: '1'.
2025-07-29 14:50:44 [main] DEBUG l.i.u.t.SubmittedApplicationsPageTest - Clicked 'Next' button.
2025-07-29 14:50:44 [main] INFO  l.i.u.p.SubmittedApplicationsPage - Located the dropdown button.
2025-07-29 14:50:45 [main] INFO  l.i.u.p.SubmittedApplicationsPage - Successfully selected the value: 'Administratoriai'
2025-07-29 14:50:45 [main] DEBUG l.i.u.t.SubmittedApplicationsPageTest - Selected job name: 'Administratoriai'.
2025-07-29 14:50:45 [main] DEBUG l.i.u.t.SubmittedApplicationsPageTest - Entered job function: 'Funkcija 1'.
2025-07-29 14:52:10 [main] INFO  lt.insoft.uztis.tests.UztisPageTest - Navigated to https://uztisdev.asseco.lt/home
2025-07-29 14:52:10 [main] INFO  l.i.u.t.SubmittedApplicationsPageTest - Starting test:'testFillNewVUIPApplicationFA'
2025-07-29 14:52:11 [main] INFO  l.insoft.uztis.tests.utils.TestUtils - Login attempt with user: evaluation_chief
2025-07-29 14:52:11 [main] DEBUG l.i.u.t.SubmittedApplicationsPageTest - User logged in with test credentials
2025-07-29 14:52:11 [main] DEBUG l.i.u.t.SubmittedApplicationsPageTest - Opened 'Application Processing' menu.
2025-07-29 14:52:11 [main] DEBUG l.i.u.t.SubmittedApplicationsPageTest - Clicked on 'Application Forms' menu.
2025-07-29 14:52:12 [main] DEBUG l.i.u.t.SubmittedApplicationsPageTest - Retrieved last description code text: 'TST-VUI-48'.
2025-07-29 14:52:12 [main] DEBUG l.i.u.t.SubmittedApplicationsPageTest - Clicked on 'Invitation' menu.
2025-07-29 14:52:14 [main] DEBUG l.i.u.t.SubmittedApplicationsPageTest - Selected application section by code: 'TST-VUI-48'.
2025-07-29 14:52:14 [main] DEBUG l.i.u.t.SubmittedApplicationsPageTest - Clicked 'Search' button.
2025-07-29 14:52:14 [main] DEBUG l.i.u.t.SubmittedApplicationsPageTest - Retrieved invitation code: ''.
2025-07-29 14:52:14 [main] DEBUG l.i.u.t.SubmittedApplicationsPageTest - Clicked on 'Submitted Applications' menu.
2025-07-29 14:52:16 [main] DEBUG l.i.u.t.SubmittedApplicationsPageTest - Selected invitation by code: 'TST-VUI-48'.
2025-07-29 14:52:16 [main] DEBUG l.i.u.t.SubmittedApplicationsPageTest - Invitation code inserted.
2025-07-29 14:52:16 [main] DEBUG l.i.u.t.SubmittedApplicationsPageTest - Clicked on 'Action Application' button.
2025-07-29 14:52:17 [main] DEBUG l.i.u.t.SubmittedApplicationsPageTest - Clicked on 'New Application' button.
2025-07-29 14:52:17 [main] DEBUG l.i.u.t.SubmittedApplicationsPageTest - Selected the 'RadioButtonFA' option.
2025-07-29 14:52:17 [main] INFO  l.i.u.p.SubmittedApplicationsPage - Dropdown opened.
2025-07-29 14:52:17 [main] DEBUG l.i.u.p.SubmittedApplicationsPage - Entered search: 'Pavardenis GR777'
2025-07-29 14:52:18 [main] INFO  l.i.u.p.SubmittedApplicationsPage - Pasirinkta reikšmė: 'Vardenis GR674 Pavardenis GR777, 1958-02-04'
2025-07-29 14:52:18 [main] DEBUG l.i.u.t.SubmittedApplicationsPageTest - Selected applicant: 'Pavardenis GR777'.
2025-07-29 14:52:18 [main] INFO  l.i.u.p.SubmittedApplicationsPage - Clicking on the dropdown button.
2025-07-29 14:52:30 [main] INFO  l.i.u.p.SubmittedApplicationsPage - Found 1741 options in the dropdown.
2025-07-29 14:52:30 [main] DEBUG l.i.u.p.SubmittedApplicationsPage - Checking option: ''
2025-07-29 14:52:30 [main] DEBUG l.i.u.p.SubmittedApplicationsPage - Checking option: '01.11 - Grūdinių (išskyrus ryžius), ankštinių ir aliejingų sėklų augalų auginimas'
2025-07-29 14:52:30 [main] INFO  l.i.u.p.SubmittedApplicationsPage - Successfully selected the value: '01.11 - Grūdinių (išskyrus ryžius), ankštinių ir aliejingų sėklų augalų auginimas'
2025-07-29 14:52:30 [main] INFO  l.i.u.p.SubmittedApplicationsPage - Attempting to close the dropdown.
2025-07-29 14:52:30 [main] DEBUG l.i.u.t.SubmittedApplicationsPageTest - Selected EVRK value: '01.11 - Grūdinių (išskyrus ryžius), ankštinių ir aliejingų sėklų augalų auginimas'.
2025-07-29 14:52:30 [main] DEBUG l.i.u.t.SubmittedApplicationsPageTest - Clicked on 'Address Component' button.
2025-07-29 14:52:30 [main] INFO  l.i.u.p.SubmittedApplicationsPage - Located the dropdown button.
2025-07-29 14:52:33 [main] INFO  l.i.u.p.SubmittedApplicationsPage - Successfully selected the value: 'Lietuva'
2025-07-29 14:52:33 [main] DEBUG l.i.u.t.SubmittedApplicationsPageTest - Selected country: 'Lietuva'.
2025-07-29 14:52:33 [main] INFO  l.i.u.p.SubmittedApplicationsPage - Located the dropdown search field.
2025-07-29 14:52:33 [main] INFO  l.i.u.p.SubmittedApplicationsPage - Dropdown city is opened.
2025-07-29 14:52:33 [main] INFO  l.i.u.p.SubmittedApplicationsPage - Searched for value: 'Vilnius'
2025-07-29 14:52:34 [main] INFO  l.i.u.p.SubmittedApplicationsPage - Successfully selected: 'Vilnius'
2025-07-29 14:52:34 [main] INFO  l.i.u.p.SubmittedApplicationsPage - Located the dropdown button.
2025-07-29 14:52:35 [main] INFO  l.i.u.p.SubmittedApplicationsPage - Successfully selected the value: 'A. Domaševičiaus g.'
2025-07-29 14:52:35 [main] DEBUG l.i.u.t.SubmittedApplicationsPageTest - Selected street: 'A. Domaševičiaus g.'.
2025-07-29 14:52:35 [main] INFO  l.i.u.p.SubmittedApplicationsPage - Located the dropdown button.
2025-07-29 14:52:35 [main] INFO  l.i.u.p.SubmittedApplicationsPage - Successfully selected the value: '1'
2025-07-29 14:52:35 [main] DEBUG l.i.u.t.SubmittedApplicationsPageTest - Selected house: '1'.
2025-07-29 14:52:35 [main] INFO  l.i.u.p.SubmittedApplicationsPage - Located the dropdown button.
2025-07-29 14:52:36 [main] INFO  l.i.u.p.SubmittedApplicationsPage - Successfully selected the value: '1'
2025-07-29 14:52:36 [main] DEBUG l.i.u.t.SubmittedApplicationsPageTest - Selected apartment: '1'.
2025-07-29 14:52:36 [main] DEBUG l.i.u.t.SubmittedApplicationsPageTest - Clicked 'Confirm' button.
2025-07-29 14:52:36 [main] DEBUG l.i.u.t.SubmittedApplicationsPageTest - Entered project date.
2025-07-29 14:52:36 [main] DEBUG l.i.u.t.SubmittedApplicationsPageTest - Entered job count: '1'.
2025-07-29 14:52:36 [main] DEBUG l.i.u.t.SubmittedApplicationsPageTest - Clicked 'Next' button.
2025-07-29 14:52:36 [main] INFO  l.i.u.p.SubmittedApplicationsPage - Located the dropdown button.
2025-07-29 14:52:37 [main] INFO  l.i.u.p.SubmittedApplicationsPage - Successfully selected the value: 'Administratoriai'
2025-07-29 14:52:37 [main] DEBUG l.i.u.t.SubmittedApplicationsPageTest - Selected job name: 'Administratoriai'.
2025-07-29 14:52:37 [main] DEBUG l.i.u.t.SubmittedApplicationsPageTest - Entered job function: 'Funkcija 1'.
2025-07-29 14:52:38 [main] DEBUG l.i.u.t.SubmittedApplicationsPageTest - Selected 'RadioButtonWithDisabilities' option.
2025-07-29 14:52:38 [main] INFO  l.i.u.p.SubmittedApplicationsPage - Clicking on the dropdown button.
2025-07-29 14:52:38 [main] INFO  l.i.u.p.SubmittedApplicationsPage - Found 34 options in the dropdown.
2025-07-29 14:52:38 [main] DEBUG l.i.u.p.SubmittedApplicationsPage - Checking option: 'Bedarbiai, kurie yra darbingo amžiaus neįgalieji, kuriems nustatytas iki 25 procentų darbingumo lygis arba sunkus neįgalumo lygis'
2025-07-29 14:52:38 [main] INFO  l.i.u.p.SubmittedApplicationsPage - Successfully selected the value: 'Bedarbiai, kurie yra darbingo amžiaus neįgalieji, kuriems nustatytas iki 25 procentų darbingumo lygis arba sunkus neįgalumo lygis'
2025-07-29 14:52:38 [main] INFO  l.i.u.p.SubmittedApplicationsPage - Attempting to close the dropdown.
2025-07-29 14:52:39 [main] DEBUG l.i.u.t.SubmittedApplicationsPageTest - Selected disabilities type: 'Bedarbiai, kurie yra darbingo amžiaus neįgalieji, kuriems nustatytas iki 25 procentų darbingumo lygis arba sunkus neįgalumo lygis'.
2025-07-29 14:52:39 [main] DEBUG l.i.u.t.SubmittedApplicationsPageTest - Entered disability information: 'Negalia 1'.
2025-07-29 14:52:39 [main] INFO  l.i.u.p.SubmittedApplicationsPage - Located the dropdown button.
2025-07-29 14:52:40 [main] INFO  l.i.u.p.SubmittedApplicationsPage - Successfully selected the value: 'Kita'
2025-07-29 14:52:40 [main] DEBUG l.i.u.t.SubmittedApplicationsPageTest - Selected time mode: 'Kita'.
2025-07-29 14:52:40 [main] DEBUG l.i.u.t.SubmittedApplicationsPageTest - Selected time mode other: '6 val. per dieną ir 4 d. per savaitę'.
2025-07-29 14:52:40 [main] DEBUG l.i.u.t.SubmittedApplicationsPageTest - Entered qualification: 'Kvalifikacija 1'.
2025-07-29 14:52:41 [main] DEBUG l.i.u.t.SubmittedApplicationsPageTest - Entered job date.
2025-07-29 14:52:41 [main] DEBUG l.i.u.t.SubmittedApplicationsPageTest - Entered salary amount: '1200'.
2025-07-29 14:52:41 [main] DEBUG l.i.u.t.SubmittedApplicationsPageTest - Entered salary description: 'Užmokestis 1'.
2025-07-29 14:52:41 [main] DEBUG l.i.u.t.SubmittedApplicationsPageTest - Selected 'Temporary Job' radio button.
2025-07-29 14:52:41 [main] DEBUG l.i.u.t.SubmittedApplicationsPageTest - Selected 'Season Job' radio button.
2025-07-29 14:52:42 [main] DEBUG l.i.u.t.SubmittedApplicationsPageTest - Selected 'Energy' radio button.
2025-07-29 14:52:42 [main] DEBUG l.i.u.t.SubmittedApplicationsPageTest - Selected 'Repair' radio button.
2025-07-29 14:52:42 [main] DEBUG l.i.u.t.SubmittedApplicationsPageTest - Entered job description: 'Veikla 1'.
2025-07-29 14:52:42 [main] DEBUG l.i.u.t.SubmittedApplicationsPageTest - Entered process description: 'Procesas 1'.
2025-07-29 14:52:43 [main] DEBUG l.i.u.t.SubmittedApplicationsPageTest - Entered energy information: 'Energija 1'.
2025-07-29 14:52:43 [main] DEBUG l.i.u.t.SubmittedApplicationsPageTest - Entered repair information: 'Remontas 1'.
2025-07-29 14:52:43 [main] DEBUG l.i.u.t.SubmittedApplicationsPageTest - Selected 'PVM' radio button.
2025-07-29 14:52:43 [main] INFO  l.i.u.p.SubmittedApplicationsPage - Located the dropdown button.
2025-07-29 14:52:44 [main] INFO  l.i.u.p.SubmittedApplicationsPage - Successfully selected the value: 'Įsigyti'
2025-07-29 14:52:44 [main] DEBUG l.i.u.t.SubmittedApplicationsPageTest - Selected necessary for job: 'Įsigyti'.
2025-07-29 14:52:44 [main] DEBUG l.i.u.t.SubmittedApplicationsPageTest - Selected tool: 'Darbo priemonė 1'.
2025-07-29 14:52:44 [main] DEBUG l.i.u.t.SubmittedApplicationsPageTest - Selected tool parameter one: 'Darbo priemonės 1 parametras 1'.
2025-07-29 14:52:44 [main] DEBUG l.i.u.t.SubmittedApplicationsPageTest - Selected tool parameter two: 'Darbo priemonės 1 parametras 2'.
2025-07-29 14:52:45 [main] DEBUG l.i.u.t.SubmittedApplicationsPageTest - Selected tool parameter three: 'Darbo priemonės 1 parametras 3'.
2025-07-29 14:52:45 [main] DEBUG l.i.u.t.SubmittedApplicationsPageTest - Entered tool count: '1'.
2025-07-29 14:52:45 [main] DEBUG l.i.u.t.SubmittedApplicationsPageTest - Entered price amount 1: '1000'.
2025-07-29 14:52:47 [main] DEBUG l.i.u.t.SubmittedApplicationsPageTest - Entered own funds amount 1: '800'.
2025-07-29 14:52:50 [main] DEBUG l.i.u.t.SubmittedApplicationsPageTest - Clicked 'Add' button.
2025-07-29 14:52:50 [main] INFO  l.i.u.p.SubmittedApplicationsPage - Located the dropdown button.
2025-07-29 14:52:50 [main] INFO  l.i.u.p.SubmittedApplicationsPage - Successfully selected the value: 'Remontuoti'
2025-07-29 14:52:50 [main] DEBUG l.i.u.t.SubmittedApplicationsPageTest - Selected necessary for job 'to repair': 'Remontuoti'.
2025-07-29 14:52:50 [main] DEBUG l.i.u.t.SubmittedApplicationsPageTest - Selected repair name: 'Remonto pavadinimas 1'.
2025-07-29 14:52:51 [main] DEBUG l.i.u.t.SubmittedApplicationsPageTest - Entered repair information: 'Remonto aprašymas 1'.
2025-07-29 14:52:51 [main] DEBUG l.i.u.t.SubmittedApplicationsPageTest - Entered price amount 2: '1000'.
2025-07-29 14:52:53 [main] DEBUG l.i.u.t.SubmittedApplicationsPageTest - Entered own funds amount 2: '900'.
2025-07-29 14:52:55 [main] DEBUG l.i.u.t.SubmittedApplicationsPageTest - Clicked 'AddRemoved' button.
2025-07-29 14:52:57 [main] DEBUG l.i.u.t.SubmittedApplicationsPageTest - Clicked 'Remove' button.
2025-07-29 14:52:59 [main] DEBUG l.i.u.t.SubmittedApplicationsPageTest - Clicked 'Remove Confirmation' button.
2025-07-29 14:53:02 [main] DEBUG l.i.u.t.SubmittedApplicationsPageTest - Entered country percentage: '50'.
2025-07-29 14:53:02 [main] DEBUG l.i.u.t.SubmittedApplicationsPageTest - Entered institution percentage: '50'.
2025-07-29 14:53:02 [main] DEBUG l.i.u.t.SubmittedApplicationsPageTest - Entered municipality percentage: '50'.
2025-07-29 14:53:02 [main] DEBUG l.i.u.t.SubmittedApplicationsPageTest - Selected 'De Minimis' radio button.
2025-07-29 14:53:02 [main] DEBUG l.i.u.t.SubmittedApplicationsPageTest - Entered program name: 'Programa 1'.
2025-07-29 14:53:02 [main] DEBUG l.i.u.t.SubmittedApplicationsPageTest - Entered project date from.
2025-07-29 14:53:02 [main] DEBUG l.i.u.t.SubmittedApplicationsPageTest - Entered project date until.
2025-07-29 14:53:03 [main] DEBUG l.i.u.t.SubmittedApplicationsPageTest - Entered support amount: '2000'.
2025-07-29 14:53:03 [main] DEBUG l.i.u.t.SubmittedApplicationsPageTest - Clicked 'Next' button.
2025-07-29 14:53:13 [main] DEBUG l.i.u.t.SubmittedApplicationsPageTest - Checked 'Legal Entities' checkbox 1.
2025-07-29 14:53:23 [main] DEBUG l.i.u.t.SubmittedApplicationsPageTest - Checked 'Legal Entities' checkbox 2.
2025-07-29 14:53:33 [main] DEBUG l.i.u.t.SubmittedApplicationsPageTest - Checked 'Legal Entities' checkbox 3.
2025-07-29 14:53:33 [main] DEBUG l.i.u.t.SubmittedApplicationsPageTest - Test finished: All 'Legal Entities' checkboxes checked successfully.
2025-07-29 14:53:33 [main] DEBUG l.i.u.t.SubmittedApplicationsPageTest - Clicked 'Next' button after checkboxes.
2025-07-29 14:53:43 [main] ERROR l.i.u.p.SubmittedApplicationsPage - Error selecting radio button: Expected condition failed: waiting for element to be clickable: By.xpath: (//input[@type='radio' and @value='false'])[8] (tried for 10 second(s) with 500 milliseconds interval)
Build info: version: '4.27.0', revision: 'd6e718d134'
System info: os.name: 'Windows 11', os.arch: 'amd64', os.version: '10.0', java.version: '21.0.3'
Driver info: org.openqa.selenium.chrome.ChromeDriver
Capabilities {acceptInsecureCerts: false, browserName: chrome, browserVersion: 138.0.7204.169, chrome: {chromedriverVersion: 138.0.7204.168 (3e8d82e86e9..., userDataDir: C:\Users\INGRID~1.ZAD\AppDa...}, fedcm:accounts: true, goog:chromeOptions: {debuggerAddress: localhost:65348}, networkConnectionEnabled: false, pageLoadStrategy: normal, platformName: windows, proxy: Proxy(), se:cdp: ws://localhost:65348/devtoo..., se:cdpVersion: 138.0.7204.169, setWindowRect: true, strictFileInteractability: false, timeouts: {implicit: 0, pageLoad: 300000, script: 30000}, unhandledPromptBehavior: dismiss and notify, webauthn:extension:credBlob: true, webauthn:extension:largeBlob: true, webauthn:extension:minPinLength: true, webauthn:extension:prf: true, webauthn:virtualAuthenticators: true}
Session ID: 61577ed32e75a2320242201ec9612516
2025-07-29 14:53:43 [main] INFO  l.i.u.t.SubmittedApplicationsPageTest - Marking 'Ne' radio button 1
2025-07-29 14:53:54 [main] ERROR l.i.u.p.SubmittedApplicationsPage - Error selecting radio button: Expected condition failed: waiting for element to be clickable: By.xpath: (//input[@type='radio' and @value='false'])[9] (tried for 10 second(s) with 500 milliseconds interval)
Build info: version: '4.27.0', revision: 'd6e718d134'
System info: os.name: 'Windows 11', os.arch: 'amd64', os.version: '10.0', java.version: '21.0.3'
Driver info: org.openqa.selenium.chrome.ChromeDriver
Capabilities {acceptInsecureCerts: false, browserName: chrome, browserVersion: 138.0.7204.169, chrome: {chromedriverVersion: 138.0.7204.168 (3e8d82e86e9..., userDataDir: C:\Users\INGRID~1.ZAD\AppDa...}, fedcm:accounts: true, goog:chromeOptions: {debuggerAddress: localhost:65348}, networkConnectionEnabled: false, pageLoadStrategy: normal, platformName: windows, proxy: Proxy(), se:cdp: ws://localhost:65348/devtoo..., se:cdpVersion: 138.0.7204.169, setWindowRect: true, strictFileInteractability: false, timeouts: {implicit: 0, pageLoad: 300000, script: 30000}, unhandledPromptBehavior: dismiss and notify, webauthn:extension:credBlob: true, webauthn:extension:largeBlob: true, webauthn:extension:minPinLength: true, webauthn:extension:prf: true, webauthn:virtualAuthenticators: true}
Session ID: 61577ed32e75a2320242201ec9612516
2025-07-29 14:53:54 [main] INFO  l.i.u.t.SubmittedApplicationsPageTest - Marking 'Ne' radio button 2
2025-07-29 14:54:04 [main] ERROR l.i.u.p.SubmittedApplicationsPage - Error selecting radio button: Expected condition failed: waiting for element to be clickable: By.xpath: (//input[@type='radio' and @value='false'])[10] (tried for 10 second(s) with 500 milliseconds interval)
Build info: version: '4.27.0', revision: 'd6e718d134'
System info: os.name: 'Windows 11', os.arch: 'amd64', os.version: '10.0', java.version: '21.0.3'
Driver info: org.openqa.selenium.chrome.ChromeDriver
Capabilities {acceptInsecureCerts: false, browserName: chrome, browserVersion: 138.0.7204.169, chrome: {chromedriverVersion: 138.0.7204.168 (3e8d82e86e9..., userDataDir: C:\Users\INGRID~1.ZAD\AppDa...}, fedcm:accounts: true, goog:chromeOptions: {debuggerAddress: localhost:65348}, networkConnectionEnabled: false, pageLoadStrategy: normal, platformName: windows, proxy: Proxy(), se:cdp: ws://localhost:65348/devtoo..., se:cdpVersion: 138.0.7204.169, setWindowRect: true, strictFileInteractability: false, timeouts: {implicit: 0, pageLoad: 300000, script: 30000}, unhandledPromptBehavior: dismiss and notify, webauthn:extension:credBlob: true, webauthn:extension:largeBlob: true, webauthn:extension:minPinLength: true, webauthn:extension:prf: true, webauthn:virtualAuthenticators: true}
Session ID: 61577ed32e75a2320242201ec9612516
2025-07-29 14:54:04 [main] INFO  l.i.u.t.SubmittedApplicationsPageTest - Marking 'Ne' radio button 3
2025-07-29 14:54:14 [main] ERROR l.i.u.p.SubmittedApplicationsPage - Error selecting radio button: Expected condition failed: waiting for element to be clickable: By.xpath: (//input[@type='radio' and @value='false'])[11] (tried for 10 second(s) with 500 milliseconds interval)
Build info: version: '4.27.0', revision: 'd6e718d134'
System info: os.name: 'Windows 11', os.arch: 'amd64', os.version: '10.0', java.version: '21.0.3'
Driver info: org.openqa.selenium.chrome.ChromeDriver
Capabilities {acceptInsecureCerts: false, browserName: chrome, browserVersion: 138.0.7204.169, chrome: {chromedriverVersion: 138.0.7204.168 (3e8d82e86e9..., userDataDir: C:\Users\INGRID~1.ZAD\AppDa...}, fedcm:accounts: true, goog:chromeOptions: {debuggerAddress: localhost:65348}, networkConnectionEnabled: false, pageLoadStrategy: normal, platformName: windows, proxy: Proxy(), se:cdp: ws://localhost:65348/devtoo..., se:cdpVersion: 138.0.7204.169, setWindowRect: true, strictFileInteractability: false, timeouts: {implicit: 0, pageLoad: 300000, script: 30000}, unhandledPromptBehavior: dismiss and notify, webauthn:extension:credBlob: true, webauthn:extension:largeBlob: true, webauthn:extension:minPinLength: true, webauthn:extension:prf: true, webauthn:virtualAuthenticators: true}
Session ID: 61577ed32e75a2320242201ec9612516
2025-07-29 14:54:14 [main] INFO  l.i.u.t.SubmittedApplicationsPageTest - Marking 'Ne' radio button 4
2025-07-29 14:54:24 [main] ERROR l.i.u.p.SubmittedApplicationsPage - Error selecting radio button: Expected condition failed: waiting for element to be clickable: By.xpath: (//input[@type='radio' and @value='false'])[12] (tried for 10 second(s) with 500 milliseconds interval)
Build info: version: '4.27.0', revision: 'd6e718d134'
System info: os.name: 'Windows 11', os.arch: 'amd64', os.version: '10.0', java.version: '21.0.3'
Driver info: org.openqa.selenium.chrome.ChromeDriver
Capabilities {acceptInsecureCerts: false, browserName: chrome, browserVersion: 138.0.7204.169, chrome: {chromedriverVersion: 138.0.7204.168 (3e8d82e86e9..., userDataDir: C:\Users\INGRID~1.ZAD\AppDa...}, fedcm:accounts: true, goog:chromeOptions: {debuggerAddress: localhost:65348}, networkConnectionEnabled: false, pageLoadStrategy: normal, platformName: windows, proxy: Proxy(), se:cdp: ws://localhost:65348/devtoo..., se:cdpVersion: 138.0.7204.169, setWindowRect: true, strictFileInteractability: false, timeouts: {implicit: 0, pageLoad: 300000, script: 30000}, unhandledPromptBehavior: dismiss and notify, webauthn:extension:credBlob: true, webauthn:extension:largeBlob: true, webauthn:extension:minPinLength: true, webauthn:extension:prf: true, webauthn:virtualAuthenticators: true}
Session ID: 61577ed32e75a2320242201ec9612516
2025-07-29 14:54:24 [main] INFO  l.i.u.t.SubmittedApplicationsPageTest - Marking 'Ne' radio button 5
2025-07-29 14:54:34 [main] ERROR l.i.u.p.SubmittedApplicationsPage - Error selecting radio button: Expected condition failed: waiting for element to be clickable: By.xpath: (//input[@type='radio' and @value='false'])[13] (tried for 10 second(s) with 500 milliseconds interval)
Build info: version: '4.27.0', revision: 'd6e718d134'
System info: os.name: 'Windows 11', os.arch: 'amd64', os.version: '10.0', java.version: '21.0.3'
Driver info: org.openqa.selenium.chrome.ChromeDriver
Capabilities {acceptInsecureCerts: false, browserName: chrome, browserVersion: 138.0.7204.169, chrome: {chromedriverVersion: 138.0.7204.168 (3e8d82e86e9..., userDataDir: C:\Users\INGRID~1.ZAD\AppDa...}, fedcm:accounts: true, goog:chromeOptions: {debuggerAddress: localhost:65348}, networkConnectionEnabled: false, pageLoadStrategy: normal, platformName: windows, proxy: Proxy(), se:cdp: ws://localhost:65348/devtoo..., se:cdpVersion: 138.0.7204.169, setWindowRect: true, strictFileInteractability: false, timeouts: {implicit: 0, pageLoad: 300000, script: 30000}, unhandledPromptBehavior: dismiss and notify, webauthn:extension:credBlob: true, webauthn:extension:largeBlob: true, webauthn:extension:minPinLength: true, webauthn:extension:prf: true, webauthn:virtualAuthenticators: true}
Session ID: 61577ed32e75a2320242201ec9612516
2025-07-29 14:54:34 [main] INFO  l.i.u.t.SubmittedApplicationsPageTest - Marking 'Ne' radio button 6
2025-07-29 14:54:44 [main] ERROR l.i.u.p.SubmittedApplicationsPage - Error selecting radio button: Expected condition failed: waiting for element to be clickable: By.xpath: (//input[@type='radio' and @value='true'])[14] (tried for 10 second(s) with 500 milliseconds interval)
Build info: version: '4.27.0', revision: 'd6e718d134'
System info: os.name: 'Windows 11', os.arch: 'amd64', os.version: '10.0', java.version: '21.0.3'
Driver info: org.openqa.selenium.chrome.ChromeDriver
Capabilities {acceptInsecureCerts: false, browserName: chrome, browserVersion: 138.0.7204.169, chrome: {chromedriverVersion: 138.0.7204.168 (3e8d82e86e9..., userDataDir: C:\Users\INGRID~1.ZAD\AppDa...}, fedcm:accounts: true, goog:chromeOptions: {debuggerAddress: localhost:65348}, networkConnectionEnabled: false, pageLoadStrategy: normal, platformName: windows, proxy: Proxy(), se:cdp: ws://localhost:65348/devtoo..., se:cdpVersion: 138.0.7204.169, setWindowRect: true, strictFileInteractability: false, timeouts: {implicit: 0, pageLoad: 300000, script: 30000}, unhandledPromptBehavior: dismiss and notify, webauthn:extension:credBlob: true, webauthn:extension:largeBlob: true, webauthn:extension:minPinLength: true, webauthn:extension:prf: true, webauthn:virtualAuthenticators: true}
Session ID: 61577ed32e75a2320242201ec9612516
2025-07-29 14:54:44 [main] INFO  l.i.u.t.SubmittedApplicationsPageTest - Marking 'Taip' radio button 7
2025-07-29 14:54:54 [main] ERROR l.i.u.p.SubmittedApplicationsPage - Error selecting radio button: Expected condition failed: waiting for element to be clickable: By.xpath: (//input[@type='radio' and @value='true'])[15] (tried for 10 second(s) with 500 milliseconds interval)
Build info: version: '4.27.0', revision: 'd6e718d134'
System info: os.name: 'Windows 11', os.arch: 'amd64', os.version: '10.0', java.version: '21.0.3'
Driver info: org.openqa.selenium.chrome.ChromeDriver
Capabilities {acceptInsecureCerts: false, browserName: chrome, browserVersion: 138.0.7204.169, chrome: {chromedriverVersion: 138.0.7204.168 (3e8d82e86e9..., userDataDir: C:\Users\INGRID~1.ZAD\AppDa...}, fedcm:accounts: true, goog:chromeOptions: {debuggerAddress: localhost:65348}, networkConnectionEnabled: false, pageLoadStrategy: normal, platformName: windows, proxy: Proxy(), se:cdp: ws://localhost:65348/devtoo..., se:cdpVersion: 138.0.7204.169, setWindowRect: true, strictFileInteractability: false, timeouts: {implicit: 0, pageLoad: 300000, script: 30000}, unhandledPromptBehavior: dismiss and notify, webauthn:extension:credBlob: true, webauthn:extension:largeBlob: true, webauthn:extension:minPinLength: true, webauthn:extension:prf: true, webauthn:virtualAuthenticators: true}
Session ID: 61577ed32e75a2320242201ec9612516
2025-07-29 14:54:54 [main] INFO  l.i.u.t.SubmittedApplicationsPageTest - Marking 'Taip' radio button 8
2025-07-29 14:55:04 [main] ERROR l.i.u.p.SubmittedApplicationsPage - Error selecting radio button: Expected condition failed: waiting for element to be clickable: By.xpath: (//input[@type='radio' and @value='true'])[16] (tried for 10 second(s) with 500 milliseconds interval)
Build info: version: '4.27.0', revision: 'd6e718d134'
System info: os.name: 'Windows 11', os.arch: 'amd64', os.version: '10.0', java.version: '21.0.3'
Driver info: org.openqa.selenium.chrome.ChromeDriver
Capabilities {acceptInsecureCerts: false, browserName: chrome, browserVersion: 138.0.7204.169, chrome: {chromedriverVersion: 138.0.7204.168 (3e8d82e86e9..., userDataDir: C:\Users\INGRID~1.ZAD\AppDa...}, fedcm:accounts: true, goog:chromeOptions: {debuggerAddress: localhost:65348}, networkConnectionEnabled: false, pageLoadStrategy: normal, platformName: windows, proxy: Proxy(), se:cdp: ws://localhost:65348/devtoo..., se:cdpVersion: 138.0.7204.169, setWindowRect: true, strictFileInteractability: false, timeouts: {implicit: 0, pageLoad: 300000, script: 30000}, unhandledPromptBehavior: dismiss and notify, webauthn:extension:credBlob: true, webauthn:extension:largeBlob: true, webauthn:extension:minPinLength: true, webauthn:extension:prf: true, webauthn:virtualAuthenticators: true}
Session ID: 61577ed32e75a2320242201ec9612516
2025-07-29 14:55:04 [main] INFO  l.i.u.t.SubmittedApplicationsPageTest - Marking 'Taip' radio button 9
2025-07-29 14:55:14 [main] ERROR l.i.u.p.SubmittedApplicationsPage - Error selecting radio button: Expected condition failed: waiting for element to be clickable: By.xpath: (//input[@type='radio' and @value='true'])[17] (tried for 10 second(s) with 500 milliseconds interval)
Build info: version: '4.27.0', revision: 'd6e718d134'
System info: os.name: 'Windows 11', os.arch: 'amd64', os.version: '10.0', java.version: '21.0.3'
Driver info: org.openqa.selenium.chrome.ChromeDriver
Capabilities {acceptInsecureCerts: false, browserName: chrome, browserVersion: 138.0.7204.169, chrome: {chromedriverVersion: 138.0.7204.168 (3e8d82e86e9..., userDataDir: C:\Users\INGRID~1.ZAD\AppDa...}, fedcm:accounts: true, goog:chromeOptions: {debuggerAddress: localhost:65348}, networkConnectionEnabled: false, pageLoadStrategy: normal, platformName: windows, proxy: Proxy(), se:cdp: ws://localhost:65348/devtoo..., se:cdpVersion: 138.0.7204.169, setWindowRect: true, strictFileInteractability: false, timeouts: {implicit: 0, pageLoad: 300000, script: 30000}, unhandledPromptBehavior: dismiss and notify, webauthn:extension:credBlob: true, webauthn:extension:largeBlob: true, webauthn:extension:minPinLength: true, webauthn:extension:prf: true, webauthn:virtualAuthenticators: true}
Session ID: 61577ed32e75a2320242201ec9612516
2025-07-29 14:55:14 [main] INFO  l.i.u.t.SubmittedApplicationsPageTest - Marking 'Taip' radio button 10
2025-07-29 14:55:24 [main] ERROR l.i.u.p.SubmittedApplicationsPage - Error selecting radio button: Expected condition failed: waiting for element to be clickable: By.xpath: (//input[@type='radio' and @value='true'])[18] (tried for 10 second(s) with 500 milliseconds interval)
Build info: version: '4.27.0', revision: 'd6e718d134'
System info: os.name: 'Windows 11', os.arch: 'amd64', os.version: '10.0', java.version: '21.0.3'
Driver info: org.openqa.selenium.chrome.ChromeDriver
Capabilities {acceptInsecureCerts: false, browserName: chrome, browserVersion: 138.0.7204.169, chrome: {chromedriverVersion: 138.0.7204.168 (3e8d82e86e9..., userDataDir: C:\Users\INGRID~1.ZAD\AppDa...}, fedcm:accounts: true, goog:chromeOptions: {debuggerAddress: localhost:65348}, networkConnectionEnabled: false, pageLoadStrategy: normal, platformName: windows, proxy: Proxy(), se:cdp: ws://localhost:65348/devtoo..., se:cdpVersion: 138.0.7204.169, setWindowRect: true, strictFileInteractability: false, timeouts: {implicit: 0, pageLoad: 300000, script: 30000}, unhandledPromptBehavior: dismiss and notify, webauthn:extension:credBlob: true, webauthn:extension:largeBlob: true, webauthn:extension:minPinLength: true, webauthn:extension:prf: true, webauthn:virtualAuthenticators: true}
Session ID: 61577ed32e75a2320242201ec9612516
2025-07-29 14:55:24 [main] INFO  l.i.u.t.SubmittedApplicationsPageTest - Marking 'Taip' radio button 11
2025-07-29 14:55:34 [main] ERROR l.i.u.p.SubmittedApplicationsPage - Error selecting radio button: Expected condition failed: waiting for element to be clickable: By.xpath: (//input[@type='radio' and @value='true'])[19] (tried for 10 second(s) with 500 milliseconds interval)
Build info: version: '4.27.0', revision: 'd6e718d134'
System info: os.name: 'Windows 11', os.arch: 'amd64', os.version: '10.0', java.version: '21.0.3'
Driver info: org.openqa.selenium.chrome.ChromeDriver
Capabilities {acceptInsecureCerts: false, browserName: chrome, browserVersion: 138.0.7204.169, chrome: {chromedriverVersion: 138.0.7204.168 (3e8d82e86e9..., userDataDir: C:\Users\INGRID~1.ZAD\AppDa...}, fedcm:accounts: true, goog:chromeOptions: {debuggerAddress: localhost:65348}, networkConnectionEnabled: false, pageLoadStrategy: normal, platformName: windows, proxy: Proxy(), se:cdp: ws://localhost:65348/devtoo..., se:cdpVersion: 138.0.7204.169, setWindowRect: true, strictFileInteractability: false, timeouts: {implicit: 0, pageLoad: 300000, script: 30000}, unhandledPromptBehavior: dismiss and notify, webauthn:extension:credBlob: true, webauthn:extension:largeBlob: true, webauthn:extension:minPinLength: true, webauthn:extension:prf: true, webauthn:virtualAuthenticators: true}
Session ID: 61577ed32e75a2320242201ec9612516
2025-07-29 14:55:34 [main] INFO  l.i.u.t.SubmittedApplicationsPageTest - Marking 'Taip' radio button 12
2025-07-29 14:55:45 [main] DEBUG l.i.u.t.SubmittedApplicationsPageTest - Checked 'ConfirmationStepFour'
2025-07-29 14:55:45 [main] DEBUG l.i.u.t.SubmittedApplicationsPageTest - Clicked 'Next' button after checkboxes.
2025-07-29 14:55:45 [main] INFO  l.i.u.p.SubmittedApplicationsPage - File uploaded successfully to an input element.
2025-07-29 14:55:45 [main] INFO  l.i.u.p.SubmittedApplicationsPage - File uploaded successfully to an input element.
2025-07-29 14:55:45 [main] INFO  l.i.u.p.SubmittedApplicationsPage - File uploaded successfully to an input element.
2025-07-29 14:55:45 [main] INFO  l.i.u.p.SubmittedApplicationsPage - File uploaded successfully to an input element.
2025-07-29 14:55:45 [main] INFO  l.i.u.p.SubmittedApplicationsPage - File uploaded successfully to an input element.
2025-07-29 14:55:45 [main] INFO  l.i.u.p.SubmittedApplicationsPage - File uploaded successfully to an input element.
2025-07-29 14:55:45 [main] INFO  l.i.u.p.SubmittedApplicationsPage - File uploaded successfully to an input element.
2025-07-29 14:55:45 [main] INFO  l.i.u.p.SubmittedApplicationsPage - File uploaded successfully to an input element.
2025-07-29 14:55:45 [main] INFO  l.i.u.p.SubmittedApplicationsPage - File uploaded successfully to an input element.
2025-07-29 14:55:45 [main] INFO  l.i.u.p.SubmittedApplicationsPage - File uploaded successfully to an input element.
2025-07-29 14:55:45 [main] DEBUG l.i.u.t.SubmittedApplicationsPageTest - Entered program name: 'Dokumentas 1'.
2025-07-29 14:55:46 [main] DEBUG l.i.u.t.SubmittedApplicationsPageTest - Entered program name: 'Dokumentas 2'.
2025-07-29 14:55:46 [main] DEBUG l.i.u.t.SubmittedApplicationsPageTest - Entered program name: 'Dokumentas 3'.
2025-07-29 14:55:46 [main] DEBUG l.i.u.t.SubmittedApplicationsPageTest - Entered program name: 'Dokumentas 4'.
2025-07-29 14:55:46 [main] DEBUG l.i.u.t.SubmittedApplicationsPageTest - Entered program name: 'Dokumentas 5'.
2025-07-29 14:55:46 [main] DEBUG l.i.u.t.SubmittedApplicationsPageTest - Entered program name: 'Dokumentas 6'.
2025-07-29 14:55:46 [main] DEBUG l.i.u.t.SubmittedApplicationsPageTest - Entered program name: 'Dokumentas 4'.
2025-07-29 14:55:46 [main] DEBUG l.i.u.t.SubmittedApplicationsPageTest - Entered program name: 'Dokumentas 8'.
2025-07-29 14:55:47 [main] DEBUG l.i.u.t.SubmittedApplicationsPageTest - Entered program name: 'Dokumentas 9'.
2025-07-29 14:55:47 [main] DEBUG l.i.u.t.SubmittedApplicationsPageTest - Entered program name: 'Dokumentas 10'.
2025-07-29 14:55:57 [main] DEBUG l.i.u.t.SubmittedApplicationsPageTest - Checked 'ConfirmationDocument'
2025-07-29 14:56:07 [main] DEBUG l.i.u.t.SubmittedApplicationsPageTest - Checked 'ConfirmationApplication'
2025-07-29 14:56:07 [main] DEBUG l.i.u.t.SubmittedApplicationsPageTest - Clicked 'SaveDraft' button after checkboxes.
2025-07-29 14:56:08 [main] DEBUG l.i.uztis.pages.ApplicationFormsPage - Verified success message: 'Ruošinys sėkmingai išsaugotas.'
2025-07-29 14:56:08 [main] INFO  l.i.u.t.SubmittedApplicationsPageTest - Verified success message
2025-07-29 14:56:08 [main] DEBUG l.i.u.t.SubmittedApplicationsPageTest - Clicked 'Review' button after checkboxes.
2025-07-29 14:56:20 [main] ERROR l.i.u.t.SubmittedApplicationsPageTest - Test 'testFillNewVUIApplicationFA' failed with error: no such element: Unable to locate element: {"method":"css selector","selector":"common-button:nth-of-type(3) > .btn.btn--primary"}
  (Session info: chrome=138.0.7204.169)
For documentation on this error, please visit: https://www.selenium.dev/documentation/webdriver/troubleshooting/errors#no-such-element-exception
Build info: version: '4.27.0', revision: 'd6e718d134'
System info: os.name: 'Windows 11', os.arch: 'amd64', os.version: '10.0', java.version: '21.0.3'
Driver info: org.openqa.selenium.chrome.ChromeDriver
Command: [61577ed32e75a2320242201ec9612516, findElement {value=common-button:nth-of-type(3) > .btn.btn--primary, using=css selector}]
Capabilities {acceptInsecureCerts: false, browserName: chrome, browserVersion: 138.0.7204.169, chrome: {chromedriverVersion: 138.0.7204.168 (3e8d82e86e9..., userDataDir: C:\Users\INGRID~1.ZAD\AppDa...}, fedcm:accounts: true, goog:chromeOptions: {debuggerAddress: localhost:65348}, networkConnectionEnabled: false, pageLoadStrategy: normal, platformName: windows, proxy: Proxy(), se:cdp: ws://localhost:65348/devtoo..., se:cdpVersion: 138.0.7204.169, setWindowRect: true, strictFileInteractability: false, timeouts: {implicit: 0, pageLoad: 300000, script: 30000}, unhandledPromptBehavior: dismiss and notify, webauthn:extension:credBlob: true, webauthn:extension:largeBlob: true, webauthn:extension:minPinLength: true, webauthn:extension:prf: true, webauthn:virtualAuthenticators: true}
Session ID: 61577ed32e75a2320242201ec9612516
org.openqa.selenium.NoSuchElementException: no such element: Unable to locate element: {"method":"css selector","selector":"common-button:nth-of-type(3) > .btn.btn--primary"}
  (Session info: chrome=138.0.7204.169)
For documentation on this error, please visit: https://www.selenium.dev/documentation/webdriver/troubleshooting/errors#no-such-element-exception
Build info: version: '4.27.0', revision: 'd6e718d134'
System info: os.name: 'Windows 11', os.arch: 'amd64', os.version: '10.0', java.version: '21.0.3'
Driver info: org.openqa.selenium.chrome.ChromeDriver
Command: [61577ed32e75a2320242201ec9612516, findElement {value=common-button:nth-of-type(3) > .btn.btn--primary, using=css selector}]
Capabilities {acceptInsecureCerts: false, browserName: chrome, browserVersion: 138.0.7204.169, chrome: {chromedriverVersion: 138.0.7204.168 (3e8d82e86e9..., userDataDir: C:\Users\INGRID~1.ZAD\AppDa...}, fedcm:accounts: true, goog:chromeOptions: {debuggerAddress: localhost:65348}, networkConnectionEnabled: false, pageLoadStrategy: normal, platformName: windows, proxy: Proxy(), se:cdp: ws://localhost:65348/devtoo..., se:cdpVersion: 138.0.7204.169, setWindowRect: true, strictFileInteractability: false, timeouts: {implicit: 0, pageLoad: 300000, script: 30000}, unhandledPromptBehavior: dismiss and notify, webauthn:extension:credBlob: true, webauthn:extension:largeBlob: true, webauthn:extension:minPinLength: true, webauthn:extension:prf: true, webauthn:virtualAuthenticators: true}
Session ID: 61577ed32e75a2320242201ec9612516
	at java.base/jdk.internal.reflect.DirectConstructorHandleAccessor.newInstance(DirectConstructorHandleAccessor.java:62)
	at java.base/java.lang.reflect.Constructor.newInstanceWithCaller(Constructor.java:502)
	at java.base/java.lang.reflect.Constructor.newInstance(Constructor.java:486)
	at org.openqa.selenium.remote.ErrorCodec.decode(ErrorCodec.java:167)
	at org.openqa.selenium.remote.codec.w3c.W3CHttpResponseCodec.decode(W3CHttpResponseCodec.java:138)
	at org.openqa.selenium.remote.codec.w3c.W3CHttpResponseCodec.decode(W3CHttpResponseCodec.java:50)
	at org.openqa.selenium.remote.HttpCommandExecutor.execute(HttpCommandExecutor.java:190)
	at org.openqa.selenium.remote.service.DriverCommandExecutor.invokeExecute(DriverCommandExecutor.java:216)
	at org.openqa.selenium.remote.service.DriverCommandExecutor.execute(DriverCommandExecutor.java:174)
	at org.openqa.selenium.remote.RemoteWebDriver.execute(RemoteWebDriver.java:545)
	at org.openqa.selenium.remote.ElementLocation$ElementFinder$2.findElement(ElementLocation.java:165)
	at org.openqa.selenium.remote.ElementLocation.findElement(ElementLocation.java:59)
	at org.openqa.selenium.remote.RemoteWebDriver.findElement(RemoteWebDriver.java:368)
	at org.openqa.selenium.remote.RemoteWebDriver.findElement(RemoteWebDriver.java:362)
	at org.openqa.selenium.support.pagefactory.DefaultElementLocator.findElement(DefaultElementLocator.java:68)
	at org.openqa.selenium.support.pagefactory.internal.LocatingElementHandler.invoke(LocatingElementHandler.java:38)
	at jdk.proxy2/jdk.proxy2.$Proxy14.isSelected(Unknown Source)
	at lt.insoft.uztis.pages.SubmittedApplicationsPage.clickButtonSubmit(SubmittedApplicationsPage.java:969)
	at lt.insoft.uztis.tests.SubmittedApplicationsPageTest.testFillNewVUIApplicationFA(SubmittedApplicationsPageTest.java:525)
	at java.base/jdk.internal.reflect.DirectMethodHandleAccessor.invoke(DirectMethodHandleAccessor.java:103)
	at java.base/java.lang.reflect.Method.invoke(Method.java:580)
	at org.junit.platform.commons.util.ReflectionUtils.invokeMethod(ReflectionUtils.java:728)
	at org.junit.jupiter.engine.execution.MethodInvocation.proceed(MethodInvocation.java:60)
	at org.junit.jupiter.engine.execution.InvocationInterceptorChain$ValidatingInvocation.proceed(InvocationInterceptorChain.java:131)
	at org.junit.jupiter.engine.extension.TimeoutExtension.intercept(TimeoutExtension.java:156)
	at org.junit.jupiter.engine.extension.TimeoutExtension.interceptTestableMethod(TimeoutExtension.java:147)
	at org.junit.jupiter.engine.extension.TimeoutExtension.interceptTestMethod(TimeoutExtension.java:86)
	at org.junit.jupiter.engine.execution.InterceptingExecutableInvoker$ReflectiveInterceptorCall.lambda$ofVoidMethod$0(InterceptingExecutableInvoker.java:103)
	at org.junit.jupiter.engine.execution.InterceptingExecutableInvoker.lambda$invoke$0(InterceptingExecutableInvoker.java:93)
	at org.junit.jupiter.engine.execution.InvocationInterceptorChain$InterceptedInvocation.proceed(InvocationInterceptorChain.java:106)
	at org.junit.jupiter.engine.execution.InvocationInterceptorChain.proceed(InvocationInterceptorChain.java:64)
	at org.junit.jupiter.engine.execution.InvocationInterceptorChain.chainAndInvoke(InvocationInterceptorChain.java:45)
	at org.junit.jupiter.engine.execution.InvocationInterceptorChain.invoke(InvocationInterceptorChain.java:37)
	at org.junit.jupiter.engine.execution.InterceptingExecutableInvoker.invoke(InterceptingExecutableInvoker.java:92)
	at org.junit.jupiter.engine.execution.InterceptingExecutableInvoker.invoke(InterceptingExecutableInvoker.java:86)
	at org.junit.jupiter.engine.descriptor.TestMethodTestDescriptor.lambda$invokeTestMethod$7(TestMethodTestDescriptor.java:218)
	at org.junit.platform.engine.support.hierarchical.ThrowableCollector.execute(ThrowableCollector.java:73)
	at org.junit.jupiter.engine.descriptor.TestMethodTestDescriptor.invokeTestMethod(TestMethodTestDescriptor.java:214)
	at org.junit.jupiter.engine.descriptor.TestMethodTestDescriptor.execute(TestMethodTestDescriptor.java:139)
	at org.junit.jupiter.engine.descriptor.TestMethodTestDescriptor.execute(TestMethodTestDescriptor.java:69)
	at org.junit.platform.engine.support.hierarchical.NodeTestTask.lambda$executeRecursively$6(NodeTestTask.java:151)
	at org.junit.platform.engine.support.hierarchical.ThrowableCollector.execute(ThrowableCollector.java:73)
	at org.junit.platform.engine.support.hierarchical.NodeTestTask.lambda$executeRecursively$8(NodeTestTask.java:141)
	at org.junit.platform.engine.support.hierarchical.Node.around(Node.java:137)
	at org.junit.platform.engine.support.hierarchical.NodeTestTask.lambda$executeRecursively$9(NodeTestTask.java:139)
	at org.junit.platform.engine.support.hierarchical.ThrowableCollector.execute(ThrowableCollector.java:73)
	at org.junit.platform.engine.support.hierarchical.NodeTestTask.executeRecursively(NodeTestTask.java:138)
	at org.junit.platform.engine.support.hierarchical.NodeTestTask.execute(NodeTestTask.java:95)
	at java.base/java.util.ArrayList.forEach(ArrayList.java:1596)
	at org.junit.platform.engine.support.hierarchical.SameThreadHierarchicalTestExecutorService.invokeAll(SameThreadHierarchicalTestExecutorService.java:41)
	at org.junit.platform.engine.support.hierarchical.NodeTestTask.lambda$executeRecursively$6(NodeTestTask.java:155)
	at org.junit.platform.engine.support.hierarchical.ThrowableCollector.execute(ThrowableCollector.java:73)
	at org.junit.platform.engine.support.hierarchical.NodeTestTask.lambda$executeRecursively$8(NodeTestTask.java:141)
	at org.junit.platform.engine.support.hierarchical.Node.around(Node.java:137)
	at org.junit.platform.engine.support.hierarchical.NodeTestTask.lambda$executeRecursively$9(NodeTestTask.java:139)
	at org.junit.platform.engine.support.hierarchical.ThrowableCollector.execute(ThrowableCollector.java:73)
	at org.junit.platform.engine.support.hierarchical.NodeTestTask.executeRecursively(NodeTestTask.java:138)
	at org.junit.platform.engine.support.hierarchical.NodeTestTask.execute(NodeTestTask.java:95)
	at java.base/java.util.ArrayList.forEach(ArrayList.java:1596)
	at org.junit.platform.engine.support.hierarchical.SameThreadHierarchicalTestExecutorService.invokeAll(SameThreadHierarchicalTestExecutorService.java:41)
	at org.junit.platform.engine.support.hierarchical.NodeTestTask.lambda$executeRecursively$6(NodeTestTask.java:155)
	at org.junit.platform.engine.support.hierarchical.ThrowableCollector.execute(ThrowableCollector.java:73)
	at org.junit.platform.engine.support.hierarchical.NodeTestTask.lambda$executeRecursively$8(NodeTestTask.java:141)
	at org.junit.platform.engine.support.hierarchical.Node.around(Node.java:137)
	at org.junit.platform.engine.support.hierarchical.NodeTestTask.lambda$executeRecursively$9(NodeTestTask.java:139)
	at org.junit.platform.engine.support.hierarchical.ThrowableCollector.execute(ThrowableCollector.java:73)
	at org.junit.platform.engine.support.hierarchical.NodeTestTask.executeRecursively(NodeTestTask.java:138)
	at org.junit.platform.engine.support.hierarchical.NodeTestTask.execute(NodeTestTask.java:95)
	at org.junit.platform.engine.support.hierarchical.SameThreadHierarchicalTestExecutorService.submit(SameThreadHierarchicalTestExecutorService.java:35)
	at org.junit.platform.engine.support.hierarchical.HierarchicalTestExecutor.execute(HierarchicalTestExecutor.java:57)
	at org.junit.platform.engine.support.hierarchical.HierarchicalTestEngine.execute(HierarchicalTestEngine.java:54)
	at org.junit.platform.launcher.core.EngineExecutionOrchestrator.execute(EngineExecutionOrchestrator.java:198)
	at org.junit.platform.launcher.core.EngineExecutionOrchestrator.execute(EngineExecutionOrchestrator.java:169)
	at org.junit.platform.launcher.core.EngineExecutionOrchestrator.execute(EngineExecutionOrchestrator.java:93)
	at org.junit.platform.launcher.core.EngineExecutionOrchestrator.lambda$execute$0(EngineExecutionOrchestrator.java:58)
	at org.junit.platform.launcher.core.EngineExecutionOrchestrator.withInterceptedStreams(EngineExecutionOrchestrator.java:141)
	at org.junit.platform.launcher.core.EngineExecutionOrchestrator.execute(EngineExecutionOrchestrator.java:57)
	at org.junit.platform.launcher.core.DefaultLauncher.execute(DefaultLauncher.java:103)
	at org.junit.platform.launcher.core.DefaultLauncher.execute(DefaultLauncher.java:85)
	at org.junit.platform.launcher.core.DelegatingLauncher.execute(DelegatingLauncher.java:47)
	at org.junit.platform.launcher.core.SessionPerRequestLauncher.execute(SessionPerRequestLauncher.java:63)
	at com.intellij.junit5.JUnit5IdeaTestRunner.startRunnerWithArgs(JUnit5IdeaTestRunner.java:57)
	at com.intellij.rt.junit.IdeaTestRunner$Repeater$1.execute(IdeaTestRunner.java:38)
	at com.intellij.rt.execution.junit.TestsRepeater.repeat(TestsRepeater.java:11)
	at com.intellij.rt.junit.IdeaTestRunner$Repeater.startRunnerWithArgs(IdeaTestRunner.java:35)
	at com.intellij.rt.junit.JUnitStarter.prepareStreamsAndStart(JUnitStarter.java:232)
	at com.intellij.rt.junit.JUnitStarter.main(JUnitStarter.java:55)
2025-07-29 14:56:20 [main] INFO  l.insoft.uztis.tests.utils.TestUtils - Screenshot moved to C:\Users\ingrida.zadorozniene\Desktop\Asm\UZTIS\UZTIS_tests\test-output\screenshots\20250729\145620347_testFillNewVUIApplicationFA().png
2025-07-29 14:58:18 [main] INFO  lt.insoft.uztis.tests.UztisPageTest - Navigated to https://uztisdev.asseco.lt/home
2025-07-29 14:58:18 [main] INFO  l.i.u.t.SubmittedApplicationsPageTest - Starting test:'testAddEvaluators'
2025-07-29 14:58:19 [main] INFO  l.insoft.uztis.tests.utils.TestUtils - Login attempt with user: evaluation_chief
2025-07-29 14:58:19 [main] DEBUG l.i.u.t.SubmittedApplicationsPageTest - User logged in with test credentials
2025-07-29 14:58:19 [main] DEBUG l.i.u.t.SubmittedApplicationsPageTest - Opened 'Application Processing' menu.
2025-07-29 14:58:19 [main] DEBUG l.i.u.t.SubmittedApplicationsPageTest - Clicked on 'Application Forms' menu.
2025-07-29 14:58:20 [main] DEBUG l.i.u.t.SubmittedApplicationsPageTest - Retrieved last description code text: 'TST-VUI-48'.
2025-07-29 14:58:20 [main] DEBUG l.i.u.t.SubmittedApplicationsPageTest - Clicked on 'Invitation' menu.
2025-07-29 14:58:22 [main] DEBUG l.i.u.t.SubmittedApplicationsPageTest - Selected application section by code: 'TST-VUI-48'.
2025-07-29 14:58:22 [main] DEBUG l.i.u.t.SubmittedApplicationsPageTest - Clicked 'Search' button.
2025-07-29 14:58:22 [main] DEBUG l.i.u.t.SubmittedApplicationsPageTest - Retrieved invitation code: ''.
2025-07-29 14:58:22 [main] DEBUG l.i.u.t.SubmittedApplicationsPageTest - Clicked on 'Submitted Applications' menu.
2025-07-29 14:58:24 [main] DEBUG l.i.u.t.SubmittedApplicationsPageTest - Selected invitation by code: 'TST-VUI-48'.
2025-07-29 14:58:24 [main] DEBUG l.i.u.t.SubmittedApplicationsPageTest - Invitation code inserted.
2025-07-29 14:58:24 [main] DEBUG l.i.u.t.SubmittedApplicationsPageTest - Clicked on 'Action Application' button.
2025-07-29 14:58:24 [main] DEBUG l.i.u.t.SubmittedApplicationsPageTest - Clicked on 'Add Evaluators' button.
2025-07-29 14:58:24 [main] INFO  l.i.u.p.SubmittedApplicationsPage - Evaluator dropdown opened.
2025-07-29 14:58:25 [main] INFO  l.i.u.p.SubmittedApplicationsPage - Clicked on dropdown item with text: 'Adelė Kutienė'
2025-07-29 14:58:57 [main] ERROR l.i.u.p.SubmittedApplicationsPage - Failed in selectValueByListEvaluators: Expected condition failed: waiting for lt.insoft.uztis.pages.SubmittedApplicationsPage$$Lambda/0x0000013ed22aa870@3b48e183 (tried for 30 second(s) with 500 milliseconds interval)
Build info: version: '4.27.0', revision: 'd6e718d134'
System info: os.name: 'Windows 11', os.arch: 'amd64', os.version: '10.0', java.version: '21.0.3'
Driver info: org.openqa.selenium.chrome.ChromeDriver
Capabilities {acceptInsecureCerts: false, browserName: chrome, browserVersion: 138.0.7204.169, chrome: {chromedriverVersion: 138.0.7204.168 (3e8d82e86e9..., userDataDir: C:\Users\INGRID~1.ZAD\AppDa...}, fedcm:accounts: true, goog:chromeOptions: {debuggerAddress: localhost:49212}, networkConnectionEnabled: false, pageLoadStrategy: normal, platformName: windows, proxy: Proxy(), se:cdp: ws://localhost:49212/devtoo..., se:cdpVersion: 138.0.7204.169, setWindowRect: true, strictFileInteractability: false, timeouts: {implicit: 0, pageLoad: 300000, script: 30000}, unhandledPromptBehavior: dismiss and notify, webauthn:extension:credBlob: true, webauthn:extension:largeBlob: true, webauthn:extension:minPinLength: true, webauthn:extension:prf: true, webauthn:virtualAuthenticators: true}
Session ID: f766a3c950c27d91ff2ce18bb34060ec
2025-07-29 14:58:57 [main] ERROR l.i.u.t.SubmittedApplicationsPageTest - Test 'testAddEvaluators' failed with error: Expected condition failed: waiting for lt.insoft.uztis.pages.SubmittedApplicationsPage$$Lambda/0x0000013ed22aa870@3b48e183 (tried for 30 second(s) with 500 milliseconds interval)
Build info: version: '4.27.0', revision: 'd6e718d134'
System info: os.name: 'Windows 11', os.arch: 'amd64', os.version: '10.0', java.version: '21.0.3'
Driver info: org.openqa.selenium.chrome.ChromeDriver
Capabilities {acceptInsecureCerts: false, browserName: chrome, browserVersion: 138.0.7204.169, chrome: {chromedriverVersion: 138.0.7204.168 (3e8d82e86e9..., userDataDir: C:\Users\INGRID~1.ZAD\AppDa...}, fedcm:accounts: true, goog:chromeOptions: {debuggerAddress: localhost:49212}, networkConnectionEnabled: false, pageLoadStrategy: normal, platformName: windows, proxy: Proxy(), se:cdp: ws://localhost:49212/devtoo..., se:cdpVersion: 138.0.7204.169, setWindowRect: true, strictFileInteractability: false, timeouts: {implicit: 0, pageLoad: 300000, script: 30000}, unhandledPromptBehavior: dismiss and notify, webauthn:extension:credBlob: true, webauthn:extension:largeBlob: true, webauthn:extension:minPinLength: true, webauthn:extension:prf: true, webauthn:virtualAuthenticators: true}
Session ID: f766a3c950c27d91ff2ce18bb34060ec
org.openqa.selenium.TimeoutException: Expected condition failed: waiting for lt.insoft.uztis.pages.SubmittedApplicationsPage$$Lambda/0x0000013ed22aa870@3b48e183 (tried for 30 second(s) with 500 milliseconds interval)
Build info: version: '4.27.0', revision: 'd6e718d134'
System info: os.name: 'Windows 11', os.arch: 'amd64', os.version: '10.0', java.version: '21.0.3'
Driver info: org.openqa.selenium.chrome.ChromeDriver
Capabilities {acceptInsecureCerts: false, browserName: chrome, browserVersion: 138.0.7204.169, chrome: {chromedriverVersion: 138.0.7204.168 (3e8d82e86e9..., userDataDir: C:\Users\INGRID~1.ZAD\AppDa...}, fedcm:accounts: true, goog:chromeOptions: {debuggerAddress: localhost:49212}, networkConnectionEnabled: false, pageLoadStrategy: normal, platformName: windows, proxy: Proxy(), se:cdp: ws://localhost:49212/devtoo..., se:cdpVersion: 138.0.7204.169, setWindowRect: true, strictFileInteractability: false, timeouts: {implicit: 0, pageLoad: 300000, script: 30000}, unhandledPromptBehavior: dismiss and notify, webauthn:extension:credBlob: true, webauthn:extension:largeBlob: true, webauthn:extension:minPinLength: true, webauthn:extension:prf: true, webauthn:virtualAuthenticators: true}
Session ID: f766a3c950c27d91ff2ce18bb34060ec
	at org.openqa.selenium.support.ui.WebDriverWait.timeoutException(WebDriverWait.java:84)
	at org.openqa.selenium.support.ui.FluentWait.until(FluentWait.java:228)
	at lt.insoft.uztis.pages.SubmittedApplicationsPage.selectValueByListEvaluators(SubmittedApplicationsPage.java:2142)
	at lt.insoft.uztis.tests.SubmittedApplicationsPageTest.testAddEvaluators_VUI_PVK(SubmittedApplicationsPageTest.java:562)
	at java.base/jdk.internal.reflect.DirectMethodHandleAccessor.invoke(DirectMethodHandleAccessor.java:103)
	at java.base/java.lang.reflect.Method.invoke(Method.java:580)
	at org.junit.platform.commons.util.ReflectionUtils.invokeMethod(ReflectionUtils.java:728)
	at org.junit.jupiter.engine.execution.MethodInvocation.proceed(MethodInvocation.java:60)
	at org.junit.jupiter.engine.execution.InvocationInterceptorChain$ValidatingInvocation.proceed(InvocationInterceptorChain.java:131)
	at org.junit.jupiter.engine.extension.TimeoutExtension.intercept(TimeoutExtension.java:156)
	at org.junit.jupiter.engine.extension.TimeoutExtension.interceptTestableMethod(TimeoutExtension.java:147)
	at org.junit.jupiter.engine.extension.TimeoutExtension.interceptTestMethod(TimeoutExtension.java:86)
	at org.junit.jupiter.engine.execution.InterceptingExecutableInvoker$ReflectiveInterceptorCall.lambda$ofVoidMethod$0(InterceptingExecutableInvoker.java:103)
	at org.junit.jupiter.engine.execution.InterceptingExecutableInvoker.lambda$invoke$0(InterceptingExecutableInvoker.java:93)
	at org.junit.jupiter.engine.execution.InvocationInterceptorChain$InterceptedInvocation.proceed(InvocationInterceptorChain.java:106)
	at org.junit.jupiter.engine.execution.InvocationInterceptorChain.proceed(InvocationInterceptorChain.java:64)
	at org.junit.jupiter.engine.execution.InvocationInterceptorChain.chainAndInvoke(InvocationInterceptorChain.java:45)
	at org.junit.jupiter.engine.execution.InvocationInterceptorChain.invoke(InvocationInterceptorChain.java:37)
	at org.junit.jupiter.engine.execution.InterceptingExecutableInvoker.invoke(InterceptingExecutableInvoker.java:92)
	at org.junit.jupiter.engine.execution.InterceptingExecutableInvoker.invoke(InterceptingExecutableInvoker.java:86)
	at org.junit.jupiter.engine.descriptor.TestMethodTestDescriptor.lambda$invokeTestMethod$7(TestMethodTestDescriptor.java:218)
	at org.junit.platform.engine.support.hierarchical.ThrowableCollector.execute(ThrowableCollector.java:73)
	at org.junit.jupiter.engine.descriptor.TestMethodTestDescriptor.invokeTestMethod(TestMethodTestDescriptor.java:214)
	at org.junit.jupiter.engine.descriptor.TestMethodTestDescriptor.execute(TestMethodTestDescriptor.java:139)
	at org.junit.jupiter.engine.descriptor.TestMethodTestDescriptor.execute(TestMethodTestDescriptor.java:69)
	at org.junit.platform.engine.support.hierarchical.NodeTestTask.lambda$executeRecursively$6(NodeTestTask.java:151)
	at org.junit.platform.engine.support.hierarchical.ThrowableCollector.execute(ThrowableCollector.java:73)
	at org.junit.platform.engine.support.hierarchical.NodeTestTask.lambda$executeRecursively$8(NodeTestTask.java:141)
	at org.junit.platform.engine.support.hierarchical.Node.around(Node.java:137)
	at org.junit.platform.engine.support.hierarchical.NodeTestTask.lambda$executeRecursively$9(NodeTestTask.java:139)
	at org.junit.platform.engine.support.hierarchical.ThrowableCollector.execute(ThrowableCollector.java:73)
	at org.junit.platform.engine.support.hierarchical.NodeTestTask.executeRecursively(NodeTestTask.java:138)
	at org.junit.platform.engine.support.hierarchical.NodeTestTask.execute(NodeTestTask.java:95)
	at java.base/java.util.ArrayList.forEach(ArrayList.java:1596)
	at org.junit.platform.engine.support.hierarchical.SameThreadHierarchicalTestExecutorService.invokeAll(SameThreadHierarchicalTestExecutorService.java:41)
	at org.junit.platform.engine.support.hierarchical.NodeTestTask.lambda$executeRecursively$6(NodeTestTask.java:155)
	at org.junit.platform.engine.support.hierarchical.ThrowableCollector.execute(ThrowableCollector.java:73)
	at org.junit.platform.engine.support.hierarchical.NodeTestTask.lambda$executeRecursively$8(NodeTestTask.java:141)
	at org.junit.platform.engine.support.hierarchical.Node.around(Node.java:137)
	at org.junit.platform.engine.support.hierarchical.NodeTestTask.lambda$executeRecursively$9(NodeTestTask.java:139)
	at org.junit.platform.engine.support.hierarchical.ThrowableCollector.execute(ThrowableCollector.java:73)
	at org.junit.platform.engine.support.hierarchical.NodeTestTask.executeRecursively(NodeTestTask.java:138)
	at org.junit.platform.engine.support.hierarchical.NodeTestTask.execute(NodeTestTask.java:95)
	at java.base/java.util.ArrayList.forEach(ArrayList.java:1596)
	at org.junit.platform.engine.support.hierarchical.SameThreadHierarchicalTestExecutorService.invokeAll(SameThreadHierarchicalTestExecutorService.java:41)
	at org.junit.platform.engine.support.hierarchical.NodeTestTask.lambda$executeRecursively$6(NodeTestTask.java:155)
	at org.junit.platform.engine.support.hierarchical.ThrowableCollector.execute(ThrowableCollector.java:73)
	at org.junit.platform.engine.support.hierarchical.NodeTestTask.lambda$executeRecursively$8(NodeTestTask.java:141)
	at org.junit.platform.engine.support.hierarchical.Node.around(Node.java:137)
	at org.junit.platform.engine.support.hierarchical.NodeTestTask.lambda$executeRecursively$9(NodeTestTask.java:139)
	at org.junit.platform.engine.support.hierarchical.ThrowableCollector.execute(ThrowableCollector.java:73)
	at org.junit.platform.engine.support.hierarchical.NodeTestTask.executeRecursively(NodeTestTask.java:138)
	at org.junit.platform.engine.support.hierarchical.NodeTestTask.execute(NodeTestTask.java:95)
	at org.junit.platform.engine.support.hierarchical.SameThreadHierarchicalTestExecutorService.submit(SameThreadHierarchicalTestExecutorService.java:35)
	at org.junit.platform.engine.support.hierarchical.HierarchicalTestExecutor.execute(HierarchicalTestExecutor.java:57)
	at org.junit.platform.engine.support.hierarchical.HierarchicalTestEngine.execute(HierarchicalTestEngine.java:54)
	at org.junit.platform.launcher.core.EngineExecutionOrchestrator.execute(EngineExecutionOrchestrator.java:198)
	at org.junit.platform.launcher.core.EngineExecutionOrchestrator.execute(EngineExecutionOrchestrator.java:169)
	at org.junit.platform.launcher.core.EngineExecutionOrchestrator.execute(EngineExecutionOrchestrator.java:93)
	at org.junit.platform.launcher.core.EngineExecutionOrchestrator.lambda$execute$0(EngineExecutionOrchestrator.java:58)
	at org.junit.platform.launcher.core.EngineExecutionOrchestrator.withInterceptedStreams(EngineExecutionOrchestrator.java:141)
	at org.junit.platform.launcher.core.EngineExecutionOrchestrator.execute(EngineExecutionOrchestrator.java:57)
	at org.junit.platform.launcher.core.DefaultLauncher.execute(DefaultLauncher.java:103)
	at org.junit.platform.launcher.core.DefaultLauncher.execute(DefaultLauncher.java:85)
	at org.junit.platform.launcher.core.DelegatingLauncher.execute(DelegatingLauncher.java:47)
	at org.junit.platform.launcher.core.SessionPerRequestLauncher.execute(SessionPerRequestLauncher.java:63)
	at com.intellij.junit5.JUnit5IdeaTestRunner.startRunnerWithArgs(JUnit5IdeaTestRunner.java:57)
	at com.intellij.rt.junit.IdeaTestRunner$Repeater$1.execute(IdeaTestRunner.java:38)
	at com.intellij.rt.execution.junit.TestsRepeater.repeat(TestsRepeater.java:11)
	at com.intellij.rt.junit.IdeaTestRunner$Repeater.startRunnerWithArgs(IdeaTestRunner.java:35)
	at com.intellij.rt.junit.JUnitStarter.prepareStreamsAndStart(JUnitStarter.java:232)
	at com.intellij.rt.junit.JUnitStarter.main(JUnitStarter.java:55)
2025-07-29 14:58:57 [main] INFO  l.insoft.uztis.tests.utils.TestUtils - Screenshot moved to C:\Users\ingrida.zadorozniene\Desktop\Asm\UZTIS\UZTIS_tests\test-output\screenshots\20250729\145857388_testAddEvaluators_VUI_PVK().png
2025-07-29 15:02:10 [main] INFO  lt.insoft.uztis.tests.UztisPageTest - Navigated to https://uztisdev.asseco.lt/home
2025-07-29 15:02:10 [main] INFO  l.i.u.t.SubmittedApplicationsPageTest - Starting test:'testAddEvaluators'
2025-07-29 15:02:10 [main] INFO  l.insoft.uztis.tests.utils.TestUtils - Login attempt with user: evaluation_chief
2025-07-29 15:02:10 [main] DEBUG l.i.u.t.SubmittedApplicationsPageTest - User logged in with test credentials
2025-07-29 15:02:11 [main] DEBUG l.i.u.t.SubmittedApplicationsPageTest - Opened 'Application Processing' menu.
2025-07-29 15:02:11 [main] DEBUG l.i.u.t.SubmittedApplicationsPageTest - Clicked on 'Application Forms' menu.
2025-07-29 15:02:12 [main] DEBUG l.i.u.t.SubmittedApplicationsPageTest - Retrieved last description code text: 'TST-VUI-48'.
2025-07-29 15:02:12 [main] DEBUG l.i.u.t.SubmittedApplicationsPageTest - Clicked on 'Invitation' menu.
2025-07-29 15:02:14 [main] DEBUG l.i.u.t.SubmittedApplicationsPageTest - Selected application section by code: 'TST-VUI-48'.
2025-07-29 15:02:14 [main] DEBUG l.i.u.t.SubmittedApplicationsPageTest - Clicked 'Search' button.
2025-07-29 15:02:14 [main] DEBUG l.i.u.t.SubmittedApplicationsPageTest - Retrieved invitation code: ''.
2025-07-29 15:02:14 [main] DEBUG l.i.u.t.SubmittedApplicationsPageTest - Clicked on 'Submitted Applications' menu.
2025-07-29 15:02:16 [main] DEBUG l.i.u.t.SubmittedApplicationsPageTest - Selected invitation by code: 'TST-VUI-48'.
2025-07-29 15:02:16 [main] DEBUG l.i.u.t.SubmittedApplicationsPageTest - Invitation code inserted.
2025-07-29 15:02:16 [main] DEBUG l.i.u.t.SubmittedApplicationsPageTest - Clicked on 'Action Application' button.
2025-07-29 15:02:17 [main] DEBUG l.i.u.t.SubmittedApplicationsPageTest - Clicked on 'Add Evaluators' button.
2025-07-29 15:02:17 [main] DEBUG l.i.u.t.SubmittedApplicationsPageTest - Entered first evaluation date.
2025-07-29 15:02:17 [main] DEBUG l.i.u.t.SubmittedApplicationsPageTest - Entered second evaluation date.
2025-07-29 15:02:17 [main] DEBUG l.i.u.t.SubmittedApplicationsPageTest - Entered third evaluation date.
2025-07-29 15:02:17 [main] DEBUG l.i.u.t.SubmittedApplicationsPageTest - Clicked on 'Add Evaluators' confirmation button.
2025-07-29 15:02:25 [main] ERROR l.i.u.t.SubmittedApplicationsPageTest - Test 'testAddEvaluators' failed with error: invalid session id: session deleted as the browser has closed the connection
from disconnected: unable to send message to renderer
  (Session info: chrome=138.0.7204.169)
Build info: version: '4.27.0', revision: 'd6e718d134'
System info: os.name: 'Windows 11', os.arch: 'amd64', os.version: '10.0', java.version: '21.0.3'
Driver info: org.openqa.selenium.chrome.ChromeDriver
Command: [28f798758150093e74ae14cea9cc8b8a, findElements {using=css selector, value=[class='w-100']}]
Capabilities {acceptInsecureCerts: false, browserName: chrome, browserVersion: 138.0.7204.169, chrome: {chromedriverVersion: 138.0.7204.168 (3e8d82e86e9..., userDataDir: C:\Users\INGRID~1.ZAD\AppDa...}, fedcm:accounts: true, goog:chromeOptions: {debuggerAddress: localhost:49355}, networkConnectionEnabled: false, pageLoadStrategy: normal, platformName: windows, proxy: Proxy(), se:cdp: ws://localhost:49355/devtoo..., se:cdpVersion: 138.0.7204.169, setWindowRect: true, strictFileInteractability: false, timeouts: {implicit: 0, pageLoad: 300000, script: 30000}, unhandledPromptBehavior: dismiss and notify, webauthn:extension:credBlob: true, webauthn:extension:largeBlob: true, webauthn:extension:minPinLength: true, webauthn:extension:prf: true, webauthn:virtualAuthenticators: true}
Session ID: 28f798758150093e74ae14cea9cc8b8a
org.openqa.selenium.NoSuchSessionException: invalid session id: session deleted as the browser has closed the connection
from disconnected: unable to send message to renderer
  (Session info: chrome=138.0.7204.169)
Build info: version: '4.27.0', revision: 'd6e718d134'
System info: os.name: 'Windows 11', os.arch: 'amd64', os.version: '10.0', java.version: '21.0.3'
Driver info: org.openqa.selenium.chrome.ChromeDriver
Command: [28f798758150093e74ae14cea9cc8b8a, findElements {using=css selector, value=[class='w-100']}]
Capabilities {acceptInsecureCerts: false, browserName: chrome, browserVersion: 138.0.7204.169, chrome: {chromedriverVersion: 138.0.7204.168 (3e8d82e86e9..., userDataDir: C:\Users\INGRID~1.ZAD\AppDa...}, fedcm:accounts: true, goog:chromeOptions: {debuggerAddress: localhost:49355}, networkConnectionEnabled: false, pageLoadStrategy: normal, platformName: windows, proxy: Proxy(), se:cdp: ws://localhost:49355/devtoo..., se:cdpVersion: 138.0.7204.169, setWindowRect: true, strictFileInteractability: false, timeouts: {implicit: 0, pageLoad: 300000, script: 30000}, unhandledPromptBehavior: dismiss and notify, webauthn:extension:credBlob: true, webauthn:extension:largeBlob: true, webauthn:extension:minPinLength: true, webauthn:extension:prf: true, webauthn:virtualAuthenticators: true}
Session ID: 28f798758150093e74ae14cea9cc8b8a
	at java.base/jdk.internal.reflect.DirectConstructorHandleAccessor.newInstance(DirectConstructorHandleAccessor.java:62)
	at java.base/java.lang.reflect.Constructor.newInstanceWithCaller(Constructor.java:502)
	at java.base/java.lang.reflect.Constructor.newInstance(Constructor.java:486)
	at org.openqa.selenium.remote.ErrorCodec.decode(ErrorCodec.java:167)
	at org.openqa.selenium.remote.codec.w3c.W3CHttpResponseCodec.decode(W3CHttpResponseCodec.java:138)
	at org.openqa.selenium.remote.codec.w3c.W3CHttpResponseCodec.decode(W3CHttpResponseCodec.java:50)
	at org.openqa.selenium.remote.HttpCommandExecutor.execute(HttpCommandExecutor.java:190)
	at org.openqa.selenium.remote.service.DriverCommandExecutor.invokeExecute(DriverCommandExecutor.java:216)
	at org.openqa.selenium.remote.service.DriverCommandExecutor.execute(DriverCommandExecutor.java:174)
	at org.openqa.selenium.remote.RemoteWebDriver.execute(RemoteWebDriver.java:545)
	at org.openqa.selenium.remote.ElementLocation$ElementFinder$2.findElements(ElementLocation.java:182)
	at org.openqa.selenium.remote.ElementLocation.findElements(ElementLocation.java:103)
	at org.openqa.selenium.remote.RemoteWebDriver.findElements(RemoteWebDriver.java:381)
	at org.openqa.selenium.remote.RemoteWebDriver.findElements(RemoteWebDriver.java:375)
	at org.openqa.selenium.support.pagefactory.DefaultElementLocator.findElements(DefaultElementLocator.java:83)
	at org.openqa.selenium.support.pagefactory.internal.LocatingElementListHandler.invoke(LocatingElementListHandler.java:36)
	at jdk.proxy2/jdk.proxy2.$Proxy15.stream(Unknown Source)
	at lt.insoft.uztis.pages.ApplicationFormsPage.getAllMessagesText(ApplicationFormsPage.java:151)
	at lt.insoft.uztis.pages.ApplicationFormsPage.verifySuccessMessage(ApplicationFormsPage.java:157)
	at lt.insoft.uztis.tests.SubmittedApplicationsPageTest.testAddEvaluators_VUI_PVK(SubmittedApplicationsPageTest.java:575)
	at java.base/jdk.internal.reflect.DirectMethodHandleAccessor.invoke(DirectMethodHandleAccessor.java:103)
	at java.base/java.lang.reflect.Method.invoke(Method.java:580)
	at org.junit.platform.commons.util.ReflectionUtils.invokeMethod(ReflectionUtils.java:728)
	at org.junit.jupiter.engine.execution.MethodInvocation.proceed(MethodInvocation.java:60)
	at org.junit.jupiter.engine.execution.InvocationInterceptorChain$ValidatingInvocation.proceed(InvocationInterceptorChain.java:131)
	at org.junit.jupiter.engine.extension.TimeoutExtension.intercept(TimeoutExtension.java:156)
	at org.junit.jupiter.engine.extension.TimeoutExtension.interceptTestableMethod(TimeoutExtension.java:147)
	at org.junit.jupiter.engine.extension.TimeoutExtension.interceptTestMethod(TimeoutExtension.java:86)
	at org.junit.jupiter.engine.execution.InterceptingExecutableInvoker$ReflectiveInterceptorCall.lambda$ofVoidMethod$0(InterceptingExecutableInvoker.java:103)
	at org.junit.jupiter.engine.execution.InterceptingExecutableInvoker.lambda$invoke$0(InterceptingExecutableInvoker.java:93)
	at org.junit.jupiter.engine.execution.InvocationInterceptorChain$InterceptedInvocation.proceed(InvocationInterceptorChain.java:106)
	at org.junit.jupiter.engine.execution.InvocationInterceptorChain.proceed(InvocationInterceptorChain.java:64)
	at org.junit.jupiter.engine.execution.InvocationInterceptorChain.chainAndInvoke(InvocationInterceptorChain.java:45)
	at org.junit.jupiter.engine.execution.InvocationInterceptorChain.invoke(InvocationInterceptorChain.java:37)
	at org.junit.jupiter.engine.execution.InterceptingExecutableInvoker.invoke(InterceptingExecutableInvoker.java:92)
	at org.junit.jupiter.engine.execution.InterceptingExecutableInvoker.invoke(InterceptingExecutableInvoker.java:86)
	at org.junit.jupiter.engine.descriptor.TestMethodTestDescriptor.lambda$invokeTestMethod$7(TestMethodTestDescriptor.java:218)
	at org.junit.platform.engine.support.hierarchical.ThrowableCollector.execute(ThrowableCollector.java:73)
	at org.junit.jupiter.engine.descriptor.TestMethodTestDescriptor.invokeTestMethod(TestMethodTestDescriptor.java:214)
	at org.junit.jupiter.engine.descriptor.TestMethodTestDescriptor.execute(TestMethodTestDescriptor.java:139)
	at org.junit.jupiter.engine.descriptor.TestMethodTestDescriptor.execute(TestMethodTestDescriptor.java:69)
	at org.junit.platform.engine.support.hierarchical.NodeTestTask.lambda$executeRecursively$6(NodeTestTask.java:151)
	at org.junit.platform.engine.support.hierarchical.ThrowableCollector.execute(ThrowableCollector.java:73)
	at org.junit.platform.engine.support.hierarchical.NodeTestTask.lambda$executeRecursively$8(NodeTestTask.java:141)
	at org.junit.platform.engine.support.hierarchical.Node.around(Node.java:137)
	at org.junit.platform.engine.support.hierarchical.NodeTestTask.lambda$executeRecursively$9(NodeTestTask.java:139)
	at org.junit.platform.engine.support.hierarchical.ThrowableCollector.execute(ThrowableCollector.java:73)
	at org.junit.platform.engine.support.hierarchical.NodeTestTask.executeRecursively(NodeTestTask.java:138)
	at org.junit.platform.engine.support.hierarchical.NodeTestTask.execute(NodeTestTask.java:95)
	at java.base/java.util.ArrayList.forEach(ArrayList.java:1596)
	at org.junit.platform.engine.support.hierarchical.SameThreadHierarchicalTestExecutorService.invokeAll(SameThreadHierarchicalTestExecutorService.java:41)
	at org.junit.platform.engine.support.hierarchical.NodeTestTask.lambda$executeRecursively$6(NodeTestTask.java:155)
	at org.junit.platform.engine.support.hierarchical.ThrowableCollector.execute(ThrowableCollector.java:73)
	at org.junit.platform.engine.support.hierarchical.NodeTestTask.lambda$executeRecursively$8(NodeTestTask.java:141)
	at org.junit.platform.engine.support.hierarchical.Node.around(Node.java:137)
	at org.junit.platform.engine.support.hierarchical.NodeTestTask.lambda$executeRecursively$9(NodeTestTask.java:139)
	at org.junit.platform.engine.support.hierarchical.ThrowableCollector.execute(ThrowableCollector.java:73)
	at org.junit.platform.engine.support.hierarchical.NodeTestTask.executeRecursively(NodeTestTask.java:138)
	at org.junit.platform.engine.support.hierarchical.NodeTestTask.execute(NodeTestTask.java:95)
	at java.base/java.util.ArrayList.forEach(ArrayList.java:1596)
	at org.junit.platform.engine.support.hierarchical.SameThreadHierarchicalTestExecutorService.invokeAll(SameThreadHierarchicalTestExecutorService.java:41)
	at org.junit.platform.engine.support.hierarchical.NodeTestTask.lambda$executeRecursively$6(NodeTestTask.java:155)
	at org.junit.platform.engine.support.hierarchical.ThrowableCollector.execute(ThrowableCollector.java:73)
	at org.junit.platform.engine.support.hierarchical.NodeTestTask.lambda$executeRecursively$8(NodeTestTask.java:141)
	at org.junit.platform.engine.support.hierarchical.Node.around(Node.java:137)
	at org.junit.platform.engine.support.hierarchical.NodeTestTask.lambda$executeRecursively$9(NodeTestTask.java:139)
	at org.junit.platform.engine.support.hierarchical.ThrowableCollector.execute(ThrowableCollector.java:73)
	at org.junit.platform.engine.support.hierarchical.NodeTestTask.executeRecursively(NodeTestTask.java:138)
	at org.junit.platform.engine.support.hierarchical.NodeTestTask.execute(NodeTestTask.java:95)
	at org.junit.platform.engine.support.hierarchical.SameThreadHierarchicalTestExecutorService.submit(SameThreadHierarchicalTestExecutorService.java:35)
	at org.junit.platform.engine.support.hierarchical.HierarchicalTestExecutor.execute(HierarchicalTestExecutor.java:57)
	at org.junit.platform.engine.support.hierarchical.HierarchicalTestEngine.execute(HierarchicalTestEngine.java:54)
	at org.junit.platform.launcher.core.EngineExecutionOrchestrator.execute(EngineExecutionOrchestrator.java:198)
	at org.junit.platform.launcher.core.EngineExecutionOrchestrator.execute(EngineExecutionOrchestrator.java:169)
	at org.junit.platform.launcher.core.EngineExecutionOrchestrator.execute(EngineExecutionOrchestrator.java:93)
	at org.junit.platform.launcher.core.EngineExecutionOrchestrator.lambda$execute$0(EngineExecutionOrchestrator.java:58)
	at org.junit.platform.launcher.core.EngineExecutionOrchestrator.withInterceptedStreams(EngineExecutionOrchestrator.java:141)
	at org.junit.platform.launcher.core.EngineExecutionOrchestrator.execute(EngineExecutionOrchestrator.java:57)
	at org.junit.platform.launcher.core.DefaultLauncher.execute(DefaultLauncher.java:103)
	at org.junit.platform.launcher.core.DefaultLauncher.execute(DefaultLauncher.java:85)
	at org.junit.platform.launcher.core.DelegatingLauncher.execute(DelegatingLauncher.java:47)
	at org.junit.platform.launcher.core.SessionPerRequestLauncher.execute(SessionPerRequestLauncher.java:63)
	at com.intellij.junit5.JUnit5IdeaTestRunner.startRunnerWithArgs(JUnit5IdeaTestRunner.java:57)
	at com.intellij.rt.junit.IdeaTestRunner$Repeater$1.execute(IdeaTestRunner.java:38)
	at com.intellij.rt.execution.junit.TestsRepeater.repeat(TestsRepeater.java:11)
	at com.intellij.rt.junit.IdeaTestRunner$Repeater.startRunnerWithArgs(IdeaTestRunner.java:35)
	at com.intellij.rt.junit.JUnitStarter.prepareStreamsAndStart(JUnitStarter.java:232)
	at com.intellij.rt.junit.JUnitStarter.main(JUnitStarter.java:55)
2025-07-29 15:03:14 [main] INFO  lt.insoft.uztis.tests.UztisPageTest - Navigated to https://uztisdev.asseco.lt/home
2025-07-29 15:03:14 [main] INFO  l.i.u.t.SubmittedApplicationsPageTest - Starting test:'testAddEvaluators'
2025-07-29 15:03:15 [main] INFO  l.insoft.uztis.tests.utils.TestUtils - Login attempt with user: evaluation_chief
2025-07-29 15:03:15 [main] DEBUG l.i.u.t.SubmittedApplicationsPageTest - User logged in with test credentials
2025-07-29 15:03:15 [main] DEBUG l.i.u.t.SubmittedApplicationsPageTest - Opened 'Application Processing' menu.
2025-07-29 15:03:15 [main] DEBUG l.i.u.t.SubmittedApplicationsPageTest - Clicked on 'Application Forms' menu.
2025-07-29 15:03:16 [main] DEBUG l.i.u.t.SubmittedApplicationsPageTest - Retrieved last description code text: 'TST-VUI-48'.
2025-07-29 15:03:16 [main] DEBUG l.i.u.t.SubmittedApplicationsPageTest - Clicked on 'Invitation' menu.
2025-07-29 15:03:18 [main] DEBUG l.i.u.t.SubmittedApplicationsPageTest - Selected application section by code: 'TST-VUI-48'.
2025-07-29 15:03:18 [main] DEBUG l.i.u.t.SubmittedApplicationsPageTest - Clicked 'Search' button.
2025-07-29 15:03:18 [main] DEBUG l.i.u.t.SubmittedApplicationsPageTest - Retrieved invitation code: ''.
2025-07-29 15:03:18 [main] DEBUG l.i.u.t.SubmittedApplicationsPageTest - Clicked on 'Submitted Applications' menu.
2025-07-29 15:03:20 [main] DEBUG l.i.u.t.SubmittedApplicationsPageTest - Selected invitation by code: 'TST-VUI-48'.
2025-07-29 15:03:20 [main] DEBUG l.i.u.t.SubmittedApplicationsPageTest - Invitation code inserted.
2025-07-29 15:03:21 [main] DEBUG l.i.u.t.SubmittedApplicationsPageTest - Clicked on 'Action Application' button.
2025-07-29 15:03:21 [main] DEBUG l.i.u.t.SubmittedApplicationsPageTest - Clicked on 'Add Evaluators' button.
2025-07-29 15:03:21 [main] DEBUG l.i.u.t.SubmittedApplicationsPageTest - Entered first evaluation date.
2025-07-29 15:03:21 [main] DEBUG l.i.u.t.SubmittedApplicationsPageTest - Entered second evaluation date.
2025-07-29 15:03:21 [main] DEBUG l.i.u.t.SubmittedApplicationsPageTest - Entered third evaluation date.
2025-07-29 15:03:21 [main] DEBUG l.i.u.t.SubmittedApplicationsPageTest - Clicked on 'Add Evaluators' confirmation button.
2025-07-29 15:03:22 [main] INFO  l.i.u.p.SubmittedApplicationsPage - Evaluator dropdown opened.
2025-07-29 15:03:22 [main] INFO  l.i.u.p.SubmittedApplicationsPage - Clicked on dropdown item with text: 'Adelė Kutienė'
2025-07-29 15:03:54 [main] ERROR l.i.u.p.SubmittedApplicationsPage - Failed in selectValueByListEvaluators: Expected condition failed: waiting for lt.insoft.uztis.pages.SubmittedApplicationsPage$$Lambda/0x000001cc812aa870@1806bc4c (tried for 30 second(s) with 500 milliseconds interval)
Build info: version: '4.27.0', revision: 'd6e718d134'
System info: os.name: 'Windows 11', os.arch: 'amd64', os.version: '10.0', java.version: '21.0.3'
Driver info: org.openqa.selenium.chrome.ChromeDriver
Capabilities {acceptInsecureCerts: false, browserName: chrome, browserVersion: 138.0.7204.169, chrome: {chromedriverVersion: 138.0.7204.168 (3e8d82e86e9..., userDataDir: C:\Users\INGRID~1.ZAD\AppDa...}, fedcm:accounts: true, goog:chromeOptions: {debuggerAddress: localhost:49413}, networkConnectionEnabled: false, pageLoadStrategy: normal, platformName: windows, proxy: Proxy(), se:cdp: ws://localhost:49413/devtoo..., se:cdpVersion: 138.0.7204.169, setWindowRect: true, strictFileInteractability: false, timeouts: {implicit: 0, pageLoad: 300000, script: 30000}, unhandledPromptBehavior: dismiss and notify, webauthn:extension:credBlob: true, webauthn:extension:largeBlob: true, webauthn:extension:minPinLength: true, webauthn:extension:prf: true, webauthn:virtualAuthenticators: true}
Session ID: bf87edf8fc2c27b26cdee45eca6c2934
2025-07-29 15:03:54 [main] ERROR l.i.u.t.SubmittedApplicationsPageTest - Test 'testAddEvaluators' failed with error: Expected condition failed: waiting for lt.insoft.uztis.pages.SubmittedApplicationsPage$$Lambda/0x000001cc812aa870@1806bc4c (tried for 30 second(s) with 500 milliseconds interval)
Build info: version: '4.27.0', revision: 'd6e718d134'
System info: os.name: 'Windows 11', os.arch: 'amd64', os.version: '10.0', java.version: '21.0.3'
Driver info: org.openqa.selenium.chrome.ChromeDriver
Capabilities {acceptInsecureCerts: false, browserName: chrome, browserVersion: 138.0.7204.169, chrome: {chromedriverVersion: 138.0.7204.168 (3e8d82e86e9..., userDataDir: C:\Users\INGRID~1.ZAD\AppDa...}, fedcm:accounts: true, goog:chromeOptions: {debuggerAddress: localhost:49413}, networkConnectionEnabled: false, pageLoadStrategy: normal, platformName: windows, proxy: Proxy(), se:cdp: ws://localhost:49413/devtoo..., se:cdpVersion: 138.0.7204.169, setWindowRect: true, strictFileInteractability: false, timeouts: {implicit: 0, pageLoad: 300000, script: 30000}, unhandledPromptBehavior: dismiss and notify, webauthn:extension:credBlob: true, webauthn:extension:largeBlob: true, webauthn:extension:minPinLength: true, webauthn:extension:prf: true, webauthn:virtualAuthenticators: true}
Session ID: bf87edf8fc2c27b26cdee45eca6c2934
org.openqa.selenium.TimeoutException: Expected condition failed: waiting for lt.insoft.uztis.pages.SubmittedApplicationsPage$$Lambda/0x000001cc812aa870@1806bc4c (tried for 30 second(s) with 500 milliseconds interval)
Build info: version: '4.27.0', revision: 'd6e718d134'
System info: os.name: 'Windows 11', os.arch: 'amd64', os.version: '10.0', java.version: '21.0.3'
Driver info: org.openqa.selenium.chrome.ChromeDriver
Capabilities {acceptInsecureCerts: false, browserName: chrome, browserVersion: 138.0.7204.169, chrome: {chromedriverVersion: 138.0.7204.168 (3e8d82e86e9..., userDataDir: C:\Users\INGRID~1.ZAD\AppDa...}, fedcm:accounts: true, goog:chromeOptions: {debuggerAddress: localhost:49413}, networkConnectionEnabled: false, pageLoadStrategy: normal, platformName: windows, proxy: Proxy(), se:cdp: ws://localhost:49413/devtoo..., se:cdpVersion: 138.0.7204.169, setWindowRect: true, strictFileInteractability: false, timeouts: {implicit: 0, pageLoad: 300000, script: 30000}, unhandledPromptBehavior: dismiss and notify, webauthn:extension:credBlob: true, webauthn:extension:largeBlob: true, webauthn:extension:minPinLength: true, webauthn:extension:prf: true, webauthn:virtualAuthenticators: true}
Session ID: bf87edf8fc2c27b26cdee45eca6c2934
	at org.openqa.selenium.support.ui.WebDriverWait.timeoutException(WebDriverWait.java:84)
	at org.openqa.selenium.support.ui.FluentWait.until(FluentWait.java:228)
	at lt.insoft.uztis.pages.SubmittedApplicationsPage.selectValueByListEvaluators(SubmittedApplicationsPage.java:2142)
	at lt.insoft.uztis.tests.SubmittedApplicationsPageTest.testAddEvaluators_VUI_PVK(SubmittedApplicationsPageTest.java:573)
	at java.base/jdk.internal.reflect.DirectMethodHandleAccessor.invoke(DirectMethodHandleAccessor.java:103)
	at java.base/java.lang.reflect.Method.invoke(Method.java:580)
	at org.junit.platform.commons.util.ReflectionUtils.invokeMethod(ReflectionUtils.java:728)
	at org.junit.jupiter.engine.execution.MethodInvocation.proceed(MethodInvocation.java:60)
	at org.junit.jupiter.engine.execution.InvocationInterceptorChain$ValidatingInvocation.proceed(InvocationInterceptorChain.java:131)
	at org.junit.jupiter.engine.extension.TimeoutExtension.intercept(TimeoutExtension.java:156)
	at org.junit.jupiter.engine.extension.TimeoutExtension.interceptTestableMethod(TimeoutExtension.java:147)
	at org.junit.jupiter.engine.extension.TimeoutExtension.interceptTestMethod(TimeoutExtension.java:86)
	at org.junit.jupiter.engine.execution.InterceptingExecutableInvoker$ReflectiveInterceptorCall.lambda$ofVoidMethod$0(InterceptingExecutableInvoker.java:103)
	at org.junit.jupiter.engine.execution.InterceptingExecutableInvoker.lambda$invoke$0(InterceptingExecutableInvoker.java:93)
	at org.junit.jupiter.engine.execution.InvocationInterceptorChain$InterceptedInvocation.proceed(InvocationInterceptorChain.java:106)
	at org.junit.jupiter.engine.execution.InvocationInterceptorChain.proceed(InvocationInterceptorChain.java:64)
	at org.junit.jupiter.engine.execution.InvocationInterceptorChain.chainAndInvoke(InvocationInterceptorChain.java:45)
	at org.junit.jupiter.engine.execution.InvocationInterceptorChain.invoke(InvocationInterceptorChain.java:37)
	at org.junit.jupiter.engine.execution.InterceptingExecutableInvoker.invoke(InterceptingExecutableInvoker.java:92)
	at org.junit.jupiter.engine.execution.InterceptingExecutableInvoker.invoke(InterceptingExecutableInvoker.java:86)
	at org.junit.jupiter.engine.descriptor.TestMethodTestDescriptor.lambda$invokeTestMethod$7(TestMethodTestDescriptor.java:218)
	at org.junit.platform.engine.support.hierarchical.ThrowableCollector.execute(ThrowableCollector.java:73)
	at org.junit.jupiter.engine.descriptor.TestMethodTestDescriptor.invokeTestMethod(TestMethodTestDescriptor.java:214)
	at org.junit.jupiter.engine.descriptor.TestMethodTestDescriptor.execute(TestMethodTestDescriptor.java:139)
	at org.junit.jupiter.engine.descriptor.TestMethodTestDescriptor.execute(TestMethodTestDescriptor.java:69)
	at org.junit.platform.engine.support.hierarchical.NodeTestTask.lambda$executeRecursively$6(NodeTestTask.java:151)
	at org.junit.platform.engine.support.hierarchical.ThrowableCollector.execute(ThrowableCollector.java:73)
	at org.junit.platform.engine.support.hierarchical.NodeTestTask.lambda$executeRecursively$8(NodeTestTask.java:141)
	at org.junit.platform.engine.support.hierarchical.Node.around(Node.java:137)
	at org.junit.platform.engine.support.hierarchical.NodeTestTask.lambda$executeRecursively$9(NodeTestTask.java:139)
	at org.junit.platform.engine.support.hierarchical.ThrowableCollector.execute(ThrowableCollector.java:73)
	at org.junit.platform.engine.support.hierarchical.NodeTestTask.executeRecursively(NodeTestTask.java:138)
	at org.junit.platform.engine.support.hierarchical.NodeTestTask.execute(NodeTestTask.java:95)
	at java.base/java.util.ArrayList.forEach(ArrayList.java:1596)
	at org.junit.platform.engine.support.hierarchical.SameThreadHierarchicalTestExecutorService.invokeAll(SameThreadHierarchicalTestExecutorService.java:41)
	at org.junit.platform.engine.support.hierarchical.NodeTestTask.lambda$executeRecursively$6(NodeTestTask.java:155)
	at org.junit.platform.engine.support.hierarchical.ThrowableCollector.execute(ThrowableCollector.java:73)
	at org.junit.platform.engine.support.hierarchical.NodeTestTask.lambda$executeRecursively$8(NodeTestTask.java:141)
	at org.junit.platform.engine.support.hierarchical.Node.around(Node.java:137)
	at org.junit.platform.engine.support.hierarchical.NodeTestTask.lambda$executeRecursively$9(NodeTestTask.java:139)
	at org.junit.platform.engine.support.hierarchical.ThrowableCollector.execute(ThrowableCollector.java:73)
	at org.junit.platform.engine.support.hierarchical.NodeTestTask.executeRecursively(NodeTestTask.java:138)
	at org.junit.platform.engine.support.hierarchical.NodeTestTask.execute(NodeTestTask.java:95)
	at java.base/java.util.ArrayList.forEach(ArrayList.java:1596)
	at org.junit.platform.engine.support.hierarchical.SameThreadHierarchicalTestExecutorService.invokeAll(SameThreadHierarchicalTestExecutorService.java:41)
	at org.junit.platform.engine.support.hierarchical.NodeTestTask.lambda$executeRecursively$6(NodeTestTask.java:155)
	at org.junit.platform.engine.support.hierarchical.ThrowableCollector.execute(ThrowableCollector.java:73)
	at org.junit.platform.engine.support.hierarchical.NodeTestTask.lambda$executeRecursively$8(NodeTestTask.java:141)
	at org.junit.platform.engine.support.hierarchical.Node.around(Node.java:137)
	at org.junit.platform.engine.support.hierarchical.NodeTestTask.lambda$executeRecursively$9(NodeTestTask.java:139)
	at org.junit.platform.engine.support.hierarchical.ThrowableCollector.execute(ThrowableCollector.java:73)
	at org.junit.platform.engine.support.hierarchical.NodeTestTask.executeRecursively(NodeTestTask.java:138)
	at org.junit.platform.engine.support.hierarchical.NodeTestTask.execute(NodeTestTask.java:95)
	at org.junit.platform.engine.support.hierarchical.SameThreadHierarchicalTestExecutorService.submit(SameThreadHierarchicalTestExecutorService.java:35)
	at org.junit.platform.engine.support.hierarchical.HierarchicalTestExecutor.execute(HierarchicalTestExecutor.java:57)
	at org.junit.platform.engine.support.hierarchical.HierarchicalTestEngine.execute(HierarchicalTestEngine.java:54)
	at org.junit.platform.launcher.core.EngineExecutionOrchestrator.execute(EngineExecutionOrchestrator.java:198)
	at org.junit.platform.launcher.core.EngineExecutionOrchestrator.execute(EngineExecutionOrchestrator.java:169)
	at org.junit.platform.launcher.core.EngineExecutionOrchestrator.execute(EngineExecutionOrchestrator.java:93)
	at org.junit.platform.launcher.core.EngineExecutionOrchestrator.lambda$execute$0(EngineExecutionOrchestrator.java:58)
	at org.junit.platform.launcher.core.EngineExecutionOrchestrator.withInterceptedStreams(EngineExecutionOrchestrator.java:141)
	at org.junit.platform.launcher.core.EngineExecutionOrchestrator.execute(EngineExecutionOrchestrator.java:57)
	at org.junit.platform.launcher.core.DefaultLauncher.execute(DefaultLauncher.java:103)
	at org.junit.platform.launcher.core.DefaultLauncher.execute(DefaultLauncher.java:85)
	at org.junit.platform.launcher.core.DelegatingLauncher.execute(DelegatingLauncher.java:47)
	at org.junit.platform.launcher.core.SessionPerRequestLauncher.execute(SessionPerRequestLauncher.java:63)
	at com.intellij.junit5.JUnit5IdeaTestRunner.startRunnerWithArgs(JUnit5IdeaTestRunner.java:57)
	at com.intellij.rt.junit.IdeaTestRunner$Repeater$1.execute(IdeaTestRunner.java:38)
	at com.intellij.rt.execution.junit.TestsRepeater.repeat(TestsRepeater.java:11)
	at com.intellij.rt.junit.IdeaTestRunner$Repeater.startRunnerWithArgs(IdeaTestRunner.java:35)
	at com.intellij.rt.junit.JUnitStarter.prepareStreamsAndStart(JUnitStarter.java:232)
	at com.intellij.rt.junit.JUnitStarter.main(JUnitStarter.java:55)
2025-07-29 15:03:54 [main] INFO  l.insoft.uztis.tests.utils.TestUtils - Screenshot moved to C:\Users\ingrida.zadorozniene\Desktop\Asm\UZTIS\UZTIS_tests\test-output\screenshots\20250729\150354841_testAddEvaluators_VUI_PVK().png
2025-07-29 15:16:07 [main] INFO  lt.insoft.uztis.tests.UztisPageTest - Navigated to https://uztisdev.asseco.lt/home
2025-07-29 15:16:07 [main] INFO  l.i.u.t.SubmittedApplicationsPageTest - Starting test:'testAddEvaluators'
2025-07-29 15:16:07 [main] INFO  l.insoft.uztis.tests.utils.TestUtils - Login attempt with user: evaluation_chief
2025-07-29 15:16:07 [main] DEBUG l.i.u.t.SubmittedApplicationsPageTest - User logged in with test credentials
2025-07-29 15:16:08 [main] DEBUG l.i.u.t.SubmittedApplicationsPageTest - Opened 'Application Processing' menu.
2025-07-29 15:16:08 [main] DEBUG l.i.u.t.SubmittedApplicationsPageTest - Clicked on 'Application Forms' menu.
2025-07-29 15:16:08 [main] DEBUG l.i.u.t.SubmittedApplicationsPageTest - Retrieved last description code text: 'TST-VUI-48'.
2025-07-29 15:16:08 [main] DEBUG l.i.u.t.SubmittedApplicationsPageTest - Clicked on 'Invitation' menu.
2025-07-29 15:16:10 [main] DEBUG l.i.u.t.SubmittedApplicationsPageTest - Selected application section by code: 'TST-VUI-48'.
2025-07-29 15:16:11 [main] DEBUG l.i.u.t.SubmittedApplicationsPageTest - Clicked 'Search' button.
2025-07-29 15:16:11 [main] DEBUG l.i.u.t.SubmittedApplicationsPageTest - Retrieved invitation code: ''.
2025-07-29 15:16:11 [main] DEBUG l.i.u.t.SubmittedApplicationsPageTest - Clicked on 'Submitted Applications' menu.
2025-07-29 15:16:13 [main] DEBUG l.i.u.t.SubmittedApplicationsPageTest - Selected invitation by code: 'TST-VUI-48'.
2025-07-29 15:16:13 [main] DEBUG l.i.u.t.SubmittedApplicationsPageTest - Invitation code inserted.
2025-07-29 15:16:13 [main] DEBUG l.i.u.t.SubmittedApplicationsPageTest - Clicked on 'Action Application' button.
2025-07-29 15:16:13 [main] DEBUG l.i.u.t.SubmittedApplicationsPageTest - Clicked on 'Add Evaluators' button.
2025-07-29 15:16:14 [main] DEBUG l.i.u.t.SubmittedApplicationsPageTest - Entered first evaluation date.
2025-07-29 15:16:14 [main] DEBUG l.i.u.t.SubmittedApplicationsPageTest - Entered second evaluation date.
2025-07-29 15:16:14 [main] DEBUG l.i.u.t.SubmittedApplicationsPageTest - Entered third evaluation date.
2025-07-29 15:16:14 [main] DEBUG l.i.u.t.SubmittedApplicationsPageTest - Clicked on 'Add Evaluators' confirmation button.
2025-07-29 15:16:14 [main] INFO  l.i.u.p.SubmittedApplicationsPage - Evaluator dropdown opened.
2025-07-29 15:16:15 [main] INFO  l.i.u.p.SubmittedApplicationsPage - Clicked on dropdown item with text: 'Adelė Kutienė'
2025-07-29 15:16:25 [main] DEBUG l.i.u.p.SubmittedApplicationsPage - Dropdown selected evaluator raw text: 'Adelė Kutienė'
2025-07-29 15:16:25 [main] INFO  l.i.u.p.SubmittedApplicationsPage - Evaluator successfully selected: Adelė Kutienė
2025-07-29 15:16:35 [main] ERROR l.i.uztis.pages.ApplicationFormsPage - Failed to verify the success message: 'Paraiškų vertinimai sėkmingai priskirti vertintojams.'. Available messages: []
2025-07-29 15:16:35 [main] INFO  l.i.u.t.SubmittedApplicationsPageTest - Verified success message
2025-07-29 15:16:35 [main] INFO  l.i.u.t.SubmittedApplicationsPageTest - Test 'testAddEvaluators' completed successfully.
2025-07-29 15:17:28 [main] INFO  lt.insoft.uztis.tests.UztisPageTest - Navigated to https://uztisdev.asseco.lt/home
2025-07-29 15:17:28 [main] INFO  l.i.u.t.SubmittedApplicationsPageTest - Starting test:'testAddEvaluators'
2025-07-29 15:17:29 [main] INFO  l.insoft.uztis.tests.utils.TestUtils - Login attempt with user: evaluation_chief
2025-07-29 15:17:29 [main] DEBUG l.i.u.t.SubmittedApplicationsPageTest - User logged in with test credentials
2025-07-29 15:17:29 [main] DEBUG l.i.u.t.SubmittedApplicationsPageTest - Opened 'Application Processing' menu.
2025-07-29 15:17:29 [main] DEBUG l.i.u.t.SubmittedApplicationsPageTest - Clicked on 'Application Forms' menu.
2025-07-29 15:17:30 [main] DEBUG l.i.u.t.SubmittedApplicationsPageTest - Retrieved last description code text: 'TST-VUI-48'.
2025-07-29 15:17:30 [main] DEBUG l.i.u.t.SubmittedApplicationsPageTest - Clicked on 'Invitation' menu.
2025-07-29 15:17:32 [main] DEBUG l.i.u.t.SubmittedApplicationsPageTest - Selected application section by code: 'TST-VUI-48'.
2025-07-29 15:17:32 [main] DEBUG l.i.u.t.SubmittedApplicationsPageTest - Clicked 'Search' button.
2025-07-29 15:17:32 [main] DEBUG l.i.u.t.SubmittedApplicationsPageTest - Retrieved invitation code: ''.
2025-07-29 15:17:32 [main] DEBUG l.i.u.t.SubmittedApplicationsPageTest - Clicked on 'Submitted Applications' menu.
2025-07-29 15:17:34 [main] DEBUG l.i.u.t.SubmittedApplicationsPageTest - Selected invitation by code: 'TST-VUI-48'.
2025-07-29 15:17:34 [main] DEBUG l.i.u.t.SubmittedApplicationsPageTest - Invitation code inserted.
2025-07-29 15:17:34 [main] DEBUG l.i.u.t.SubmittedApplicationsPageTest - Clicked on 'Action Application' button.
2025-07-29 15:17:34 [main] DEBUG l.i.u.t.SubmittedApplicationsPageTest - Clicked on 'Add Evaluators' button.
2025-07-29 15:17:35 [main] DEBUG l.i.u.t.SubmittedApplicationsPageTest - Entered first evaluation date.
2025-07-29 15:17:35 [main] DEBUG l.i.u.t.SubmittedApplicationsPageTest - Entered second evaluation date.
2025-07-29 15:17:35 [main] DEBUG l.i.u.t.SubmittedApplicationsPageTest - Entered third evaluation date.
2025-07-29 15:17:35 [main] DEBUG l.i.u.t.SubmittedApplicationsPageTest - Clicked on 'Add Evaluators' confirmation button.
2025-07-29 15:17:35 [main] INFO  l.i.u.p.SubmittedApplicationsPage - Evaluator dropdown opened.
2025-07-29 15:17:36 [main] INFO  l.i.u.p.SubmittedApplicationsPage - Clicked on dropdown item with text: 'Adelė Kutienė'
2025-07-29 15:17:46 [main] DEBUG l.i.u.p.SubmittedApplicationsPage - Dropdown selected evaluator raw text: 'Adelė Kutienė'
2025-07-29 15:17:46 [main] INFO  l.i.u.p.SubmittedApplicationsPage - Evaluator successfully selected: Adelė Kutienė
2025-07-29 15:17:56 [main] ERROR l.i.uztis.pages.ApplicationFormsPage - Failed to verify the success message: 'Paraiškų vertinimai sėkmingai priskirti vertintojams.'. Available messages: []
2025-07-29 15:17:56 [main] INFO  l.i.u.t.SubmittedApplicationsPageTest - Verified success message
2025-07-29 15:17:56 [main] INFO  l.i.u.t.SubmittedApplicationsPageTest - Test 'testAddEvaluators' completed successfully.
2025-07-29 15:18:57 [main] INFO  lt.insoft.uztis.tests.UztisPageTest - Navigated to https://uztisdev.asseco.lt/home
2025-07-29 15:18:57 [main] INFO  l.i.u.t.SubmittedApplicationsPageTest - Starting test:'testAddEvaluators'
2025-07-29 15:18:57 [main] INFO  l.insoft.uztis.tests.utils.TestUtils - Login attempt with user: evaluation_chief
2025-07-29 15:18:57 [main] DEBUG l.i.u.t.SubmittedApplicationsPageTest - User logged in with test credentials
2025-07-29 15:18:58 [main] DEBUG l.i.u.t.SubmittedApplicationsPageTest - Opened 'Application Processing' menu.
2025-07-29 15:18:58 [main] DEBUG l.i.u.t.SubmittedApplicationsPageTest - Clicked on 'Application Forms' menu.
2025-07-29 15:18:58 [main] DEBUG l.i.u.t.SubmittedApplicationsPageTest - Retrieved last description code text: 'TST-VUI-48'.
2025-07-29 15:18:58 [main] DEBUG l.i.u.t.SubmittedApplicationsPageTest - Clicked on 'Invitation' menu.
2025-07-29 15:19:00 [main] DEBUG l.i.u.t.SubmittedApplicationsPageTest - Selected application section by code: 'TST-VUI-48'.
2025-07-29 15:19:00 [main] DEBUG l.i.u.t.SubmittedApplicationsPageTest - Clicked 'Search' button.
2025-07-29 15:19:00 [main] DEBUG l.i.u.t.SubmittedApplicationsPageTest - Retrieved invitation code: ''.
2025-07-29 15:19:01 [main] DEBUG l.i.u.t.SubmittedApplicationsPageTest - Clicked on 'Submitted Applications' menu.
2025-07-29 15:19:02 [main] DEBUG l.i.u.t.SubmittedApplicationsPageTest - Selected invitation by code: 'TST-VUI-48'.
2025-07-29 15:19:02 [main] DEBUG l.i.u.t.SubmittedApplicationsPageTest - Invitation code inserted.
2025-07-29 15:19:03 [main] DEBUG l.i.u.t.SubmittedApplicationsPageTest - Clicked on 'Action Application' button.
2025-07-29 15:19:03 [main] DEBUG l.i.u.t.SubmittedApplicationsPageTest - Clicked on 'Add Evaluators' button.
2025-07-29 15:19:03 [main] DEBUG l.i.u.t.SubmittedApplicationsPageTest - Entered first evaluation date.
2025-07-29 15:19:03 [main] DEBUG l.i.u.t.SubmittedApplicationsPageTest - Entered second evaluation date.
2025-07-29 15:19:03 [main] DEBUG l.i.u.t.SubmittedApplicationsPageTest - Entered third evaluation date.
2025-07-29 15:19:04 [main] INFO  l.i.u.p.SubmittedApplicationsPage - Evaluator dropdown opened.
2025-07-29 15:19:04 [main] INFO  l.i.u.p.SubmittedApplicationsPage - Clicked on dropdown item with text: 'Adelė Kutienė'
2025-07-29 15:19:14 [main] DEBUG l.i.u.p.SubmittedApplicationsPage - Dropdown selected evaluator raw text: 'Adelė Kutienė'
2025-07-29 15:19:14 [main] INFO  l.i.u.p.SubmittedApplicationsPage - Evaluator successfully selected: Adelė Kutienė
2025-07-29 15:19:14 [main] DEBUG l.i.u.t.SubmittedApplicationsPageTest - Clicked on 'Add Evaluators' confirmation button.
2025-07-29 15:19:15 [main] DEBUG l.i.uztis.pages.ApplicationFormsPage - Verified success message: 'Paraiškų vertinimai sėkmingai priskirti vertintojams.'
2025-07-29 15:19:15 [main] INFO  l.i.u.t.SubmittedApplicationsPageTest - Verified success message
2025-07-29 15:19:15 [main] INFO  l.i.u.t.SubmittedApplicationsPageTest - Test 'testAddEvaluators' completed successfully.
2025-07-29 15:23:26 [main] INFO  lt.insoft.uztis.tests.UztisPageTest - Navigated to https://uztisdev.asseco.lt/home
2025-07-29 15:23:26 [main] INFO  l.i.u.t.SubmittedApplicationsPageTest - Starting test:'testFillNewDVPApplicationFA'
2025-07-29 15:23:27 [main] INFO  l.insoft.uztis.tests.utils.TestUtils - Login attempt with user: adele.kutiene@uzt.lt
2025-07-29 15:23:27 [main] DEBUG l.i.u.t.SubmittedApplicationsPageTest - User logged in with test credentials
2025-07-29 15:23:28 [main] DEBUG l.i.u.t.SubmittedApplicationsPageTest - Opened 'Application Processing' menu.
2025-07-29 15:23:28 [main] DEBUG l.i.u.t.SubmittedApplicationsPageTest - Clicked on 'Application Forms' menu.
2025-07-29 15:23:28 [main] DEBUG l.i.u.t.SubmittedApplicationsPageTest - Retrieved last description code text: 'TST-DVP-42'.
2025-07-29 15:23:28 [main] DEBUG l.i.u.t.SubmittedApplicationsPageTest - Clicked on 'Invitation' menu.
2025-07-29 15:23:30 [main] DEBUG l.i.u.t.SubmittedApplicationsPageTest - Selected application section by code: 'TST-DVP-42'.
2025-07-29 15:23:30 [main] DEBUG l.i.u.t.SubmittedApplicationsPageTest - Clicked 'Search' button.
2025-07-29 15:23:30 [main] DEBUG l.i.u.t.SubmittedApplicationsPageTest - Retrieved invitation code: ''.
2025-07-29 15:23:30 [main] DEBUG l.i.u.t.SubmittedApplicationsPageTest - Clicked on 'Submitted Applications' menu.
2025-07-29 15:23:31 [main] DEBUG l.i.u.t.SubmittedApplicationsPageTest - Selected invitation by code: 'TST-DVP-42'.
2025-07-29 15:23:31 [main] DEBUG l.i.u.t.SubmittedApplicationsPageTest - Invitation code inserted.
2025-07-29 15:23:31 [main] DEBUG l.i.u.t.SubmittedApplicationsPageTest - Clicked on 'Action Application' button.
2025-07-29 15:23:32 [main] DEBUG l.i.u.t.SubmittedApplicationsPageTest - Clicked on 'New Application' button.
2025-07-29 15:23:32 [main] DEBUG l.i.u.t.SubmittedApplicationsPageTest - Selected the 'RadioButtonFA' option.
2025-07-29 15:23:32 [main] INFO  l.i.u.p.SubmittedApplicationsPage - Dropdown opened.
2025-07-29 15:23:32 [main] DEBUG l.i.u.p.SubmittedApplicationsPage - Entered search: 'Pavardenis GR777'
2025-07-29 15:23:33 [main] INFO  l.i.u.p.SubmittedApplicationsPage - Pasirinkta reikšmė: 'Vardenis GR674 Pavardenis GR777, 1958-02-04'
2025-07-29 15:23:33 [main] DEBUG l.i.u.t.SubmittedApplicationsPageTest - Selected applicant: 'Pavardenis GR777'.
2025-07-29 15:23:33 [main] DEBUG l.i.u.t.SubmittedApplicationsPageTest - Checked 'For workplace adaptation' checkbox 1.
2025-07-29 15:23:33 [main] DEBUG l.i.u.t.SubmittedApplicationsPageTest - Checked 'For environmental adaptation' checkbox 2.
2025-07-29 15:23:33 [main] INFO  l.i.u.p.SubmittedApplicationsPage - Located the dropdown button.
2025-07-29 15:23:50 [main] INFO  l.i.u.p.SubmittedApplicationsPage - Found 1741 options in the dropdown.
2025-07-29 15:23:50 [main] INFO  l.i.u.p.SubmittedApplicationsPage - Successfully selected the value: '01.11 - Grūdinių (išskyrus ryžius), ankštinių ir aliejingų sėklų augalų auginimas'
2025-07-29 15:24:01 [main] ERROR l.i.u.p.SubmittedApplicationsPage - Failed to close the dropdown with aria-expanded = 'false'. Attempting manual close.
2025-07-29 15:24:01 [main] INFO  l.i.u.p.SubmittedApplicationsPage - Manual close attempt for the dropdown using body click.
2025-07-29 15:24:01 [main] DEBUG l.i.u.t.SubmittedApplicationsPageTest - Selected EVRK value: '01.11 - Grūdinių (išskyrus ryžius), ankštinių ir aliejingų sėklų augalų auginimas'.
2025-07-29 15:24:01 [main] DEBUG l.i.u.t.SubmittedApplicationsPageTest - Clicked on 'Address Component' button.
2025-07-29 15:24:01 [main] INFO  l.i.u.p.SubmittedApplicationsPage - Located the dropdown button.
2025-07-29 15:24:03 [main] INFO  l.i.u.p.SubmittedApplicationsPage - Successfully selected the value: 'Lietuva'
2025-07-29 15:24:03 [main] DEBUG l.i.u.t.SubmittedApplicationsPageTest - Selected country: 'Lietuva'.
2025-07-29 15:24:03 [main] INFO  l.i.u.p.SubmittedApplicationsPage - Located the dropdown search field.
2025-07-29 15:24:04 [main] INFO  l.i.u.p.SubmittedApplicationsPage - Dropdown city is opened.
2025-07-29 15:24:04 [main] INFO  l.i.u.p.SubmittedApplicationsPage - Searched for value: 'Vilnius'
2025-07-29 15:24:05 [main] INFO  l.i.u.p.SubmittedApplicationsPage - Successfully selected: 'Vilnius'
2025-07-29 15:24:05 [main] INFO  l.i.u.p.SubmittedApplicationsPage - Located the dropdown button.
2025-07-29 15:24:05 [main] INFO  l.i.u.p.SubmittedApplicationsPage - Successfully selected the value: 'A. Domaševičiaus g.'
2025-07-29 15:24:05 [main] DEBUG l.i.u.t.SubmittedApplicationsPageTest - Selected street: 'A. Domaševičiaus g.'.
2025-07-29 15:24:05 [main] INFO  l.i.u.p.SubmittedApplicationsPage - Located the dropdown button.
2025-07-29 15:24:06 [main] INFO  l.i.u.p.SubmittedApplicationsPage - Successfully selected the value: '1'
2025-07-29 15:24:06 [main] DEBUG l.i.u.t.SubmittedApplicationsPageTest - Selected house: '1'.
2025-07-29 15:24:06 [main] INFO  l.i.u.p.SubmittedApplicationsPage - Located the dropdown button.
2025-07-29 15:24:06 [main] INFO  l.i.u.p.SubmittedApplicationsPage - Successfully selected the value: '1'
2025-07-29 15:24:06 [main] DEBUG l.i.u.t.SubmittedApplicationsPageTest - Selected apartment: '1'.
2025-07-29 15:24:06 [main] DEBUG l.i.u.t.SubmittedApplicationsPageTest - Clicked 'Confirm' button.
2025-07-29 15:24:06 [main] DEBUG l.i.u.t.SubmittedApplicationsPageTest - Selected 'For already working' option.
2025-07-29 15:24:06 [main] DEBUG l.i.u.t.SubmittedApplicationsPageTest - Selected 'For new working' option.
2025-07-29 15:24:06 [main] DEBUG l.i.u.t.SubmittedApplicationsPageTest - Entered person count2: '1'.
2025-07-29 15:24:07 [main] DEBUG l.i.u.t.SubmittedApplicationsPageTest - Clicked 'Next' button after checkboxes.
2025-07-29 15:24:07 [main] INFO  l.i.u.p.SubmittedApplicationsPage - Located the dropdown button.
2025-07-29 15:24:07 [main] INFO  l.i.u.p.SubmittedApplicationsPage - Successfully selected the value: 'Administratoriai'
2025-07-29 15:24:07 [main] DEBUG l.i.u.t.SubmittedApplicationsPageTest - Selected adaptable job name: 'Administratoriai'.
2025-07-29 15:24:08 [main] DEBUG l.i.u.t.SubmittedApplicationsPageTest - Entered job date.
2025-07-29 15:24:08 [main] DEBUG l.i.u.t.SubmittedApplicationsPageTest - Entered job function: 'Funkcija 1'.
2025-07-29 15:24:08 [main] DEBUG l.i.u.t.SubmittedApplicationsPageTest - Selected 'For already working' 'no' option.
2025-07-29 15:24:08 [main] INFO  l.i.u.p.SubmittedApplicationsPage - Clicking on the dropdown button.
2025-07-29 15:24:08 [main] INFO  l.i.u.p.SubmittedApplicationsPage - Found 6 options in the dropdown.
2025-07-29 15:24:08 [main] DEBUG l.i.u.p.SubmittedApplicationsPage - Checking option: 'Sunkaus neįgalumo lygis ar neviršijantis 25 procentų dalyvumo lygis (iki 2023 metų gruodžio 31 dienos – iki 25 procentų darbingumo lygis)'
2025-07-29 15:24:08 [main] DEBUG l.i.u.p.SubmittedApplicationsPage - Checking option: 'Sunkaus neįgalumo lygis ar neviršijantis 25 procentų dalyvumo lygis (iki 2023 metų gruodžio 31 dienos – iki 25 procentų darbingumo lygis)'
2025-07-29 15:24:08 [main] DEBUG l.i.u.p.SubmittedApplicationsPage - Checking option: 'Vidutinio neįgalumo lygis ar 30–40 procentų dalyvumo lygis (iki 2023 m. gruodžio 31 d. – 30-40 procentų darbingumo lygis)'
2025-07-29 15:24:08 [main] DEBUG l.i.u.p.SubmittedApplicationsPage - Checking option: 'Vidutinio neįgalumo lygis ar 30–40 procentų dalyvumo lygis (iki 2023 m. gruodžio 31 d. – 30-40 procentų darbingumo lygis)'
2025-07-29 15:24:08 [main] DEBUG l.i.u.p.SubmittedApplicationsPage - Checking option: 'Lengvo neįgalumo lygis ar 45-55 procentų dalyvumo lygis (iki 2023 m. gruodžio 31 d. – 45-55 procentų darbingumo lygis)'
2025-07-29 15:24:08 [main] INFO  l.i.u.p.SubmittedApplicationsPage - Successfully selected the value: 'Lengvo neįgalumo lygis ar 45-55 procentų dalyvumo lygis (iki 2023 m. gruodžio 31 d. – 45-55 procentų darbingumo lygis)'
2025-07-29 15:24:08 [main] INFO  l.i.u.p.SubmittedApplicationsPage - Attempting to close the dropdown.
2025-07-29 15:24:09 [main] DEBUG l.i.u.t.SubmittedApplicationsPageTest - Selected disabilities type: 'Lengvo neįgalumo lygis ar 45-55 procentų dalyvumo lygis (iki 2023 m. gruodžio 31 d. – 45-55 procentų darbingumo lygis)'.
2025-07-29 15:24:09 [main] DEBUG l.i.u.t.SubmittedApplicationsPageTest - Entered disability information: 'Negalia 1'.
2025-07-29 15:24:09 [main] DEBUG l.i.u.t.SubmittedApplicationsPageTest - Entered qualification: 'Kvalifikacija 1'.
2025-07-29 15:24:10 [main] DEBUG l.i.u.t.SubmittedApplicationsPageTest - Entered job description: 'Darbo vietos aprašymas 1'.
2025-07-29 15:24:10 [main] DEBUG l.i.u.t.SubmittedApplicationsPageTest - Entered equipment description: 'Priemonių įsigyjimas 1'.
2025-07-29 15:24:10 [main] DEBUG l.i.u.t.SubmittedApplicationsPageTest - Entered work information: 'Darbai 1'.
2025-07-29 15:24:10 [main] INFO  l.i.u.p.SubmittedApplicationsPage - Located the dropdown button.
2025-07-29 15:24:11 [main] INFO  l.i.u.p.SubmittedApplicationsPage - Successfully selected the value: 'Kita'
2025-07-29 15:24:11 [main] DEBUG l.i.u.t.SubmittedApplicationsPageTest - Selected time mode: 'Kita'.
2025-07-29 15:24:11 [main] DEBUG l.i.u.t.SubmittedApplicationsPageTest - Selected time mode other: '6 val. per dieną ir 4 d. per savaitę'.
2025-07-29 15:24:11 [main] DEBUG l.i.u.t.SubmittedApplicationsPageTest - Entered salary amount: '1200'.
2025-07-29 15:24:11 [main] DEBUG l.i.u.t.SubmittedApplicationsPageTest - Entered salary description: 'Užmokestis 1'.
2025-07-29 15:24:11 [main] DEBUG l.i.u.t.SubmittedApplicationsPageTest - Selected 'Temporary Job' radio button.
2025-07-29 15:24:12 [main] DEBUG l.i.u.t.SubmittedApplicationsPageTest - Selected 'Season Job' radio button.
2025-07-29 15:24:12 [main] DEBUG l.i.u.t.SubmittedApplicationsPageTest - Selected 'PVM' radio button.
2025-07-29 15:24:12 [main] INFO  l.i.u.p.SubmittedApplicationsPage - Located the dropdown button.
2025-07-29 15:24:12 [main] INFO  l.i.u.p.SubmittedApplicationsPage - Successfully selected the value: 'Darbo vietos pritaikymui'
2025-07-29 15:24:43 [main] ERROR l.i.u.p.SubmittedApplicationsPage - Timeout while waiting for dropdown to close with aria-expanded = 'false'.
2025-07-29 15:24:43 [main] DEBUG l.i.u.t.SubmittedApplicationsPageTest - Selected adaptable job name: 'Darbo vietos pritaikymui'.
2025-07-29 15:24:43 [main] DEBUG l.i.u.p.SubmittedApplicationsPage - Located and clicked the dropdown button 'Reikalinga'.
2025-07-29 15:24:43 [main] INFO  l.i.u.p.SubmittedApplicationsPage - Successfully selected the value: 'Įsigyti'
2025-07-29 15:24:43 [main] DEBUG l.i.u.t.SubmittedApplicationsPageTest - Selected necessary for job: 'Įsigyti'.
2025-07-29 15:24:43 [main] DEBUG l.i.u.t.SubmittedApplicationsPageTest - Selected tool: 'Darbo priemonė 1'.
2025-07-29 15:24:43 [main] DEBUG l.i.u.t.SubmittedApplicationsPageTest - Selected tool parameter one: 'Darbo priemonės 1 parametras 1'.
2025-07-29 15:24:43 [main] DEBUG l.i.u.t.SubmittedApplicationsPageTest - Selected tool parameter two: 'Darbo priemonės 1 parametras 2'.
2025-07-29 15:24:44 [main] DEBUG l.i.u.t.SubmittedApplicationsPageTest - Selected tool parameter three: 'Darbo priemonės 1 parametras 3'.
2025-07-29 15:24:44 [main] DEBUG l.i.u.t.SubmittedApplicationsPageTest - Entered tool count: '1'.
2025-07-29 15:24:44 [main] DEBUG l.i.u.t.SubmittedApplicationsPageTest - Entered price amount: '1000'.
2025-07-29 15:24:44 [main] DEBUG l.i.u.t.SubmittedApplicationsPageTest - Entered own funds amount: '800'.
2025-07-29 15:24:46 [main] DEBUG l.i.u.t.SubmittedApplicationsPageTest - Clicked 'Add' button.
2025-07-29 15:24:46 [main] INFO  l.i.u.p.SubmittedApplicationsPage - Located the dropdown button.
2025-07-29 15:24:47 [main] INFO  l.i.u.p.SubmittedApplicationsPage - Successfully selected the value: 'Aplinkos pritaikymui'
2025-07-29 15:25:17 [main] ERROR l.i.u.p.SubmittedApplicationsPage - Timeout while waiting for dropdown to close with aria-expanded = 'false'.
2025-07-29 15:25:17 [main] DEBUG l.i.u.t.SubmittedApplicationsPageTest - Selected adaptable job name: 'Aplinkos pritaikymui'.
2025-07-29 15:25:17 [main] DEBUG l.i.u.p.SubmittedApplicationsPage - Located and clicked the dropdown button 'Reikalinga'.
2025-07-29 15:25:17 [main] INFO  l.i.u.p.SubmittedApplicationsPage - Successfully selected the value: 'Remontuoti'
2025-07-29 15:25:28 [main] DEBUG l.i.u.t.SubmittedApplicationsPageTest - Selected necessary for job: 'Remontuoti'.
2025-07-29 15:25:28 [main] DEBUG l.i.u.t.SubmittedApplicationsPageTest - Selected tool: 'Darbo priemonė 2 remontui'.
2025-07-29 15:25:28 [main] DEBUG l.i.u.t.SubmittedApplicationsPageTest - Entered work information: 'Remonto darbai 1'.
2025-07-29 15:25:28 [main] DEBUG l.i.u.t.SubmittedApplicationsPageTest - Entered tool count: '2'.
2025-07-29 15:25:29 [main] DEBUG l.i.u.t.SubmittedApplicationsPageTest - Entered price amount: '1000'.
2025-07-29 15:25:29 [main] DEBUG l.i.u.t.SubmittedApplicationsPageTest - Entered own funds amount: '900'.
2025-07-29 15:25:31 [main] DEBUG l.i.u.t.SubmittedApplicationsPageTest - Clicked 'AddRemoved' button.
2025-07-29 15:25:33 [main] DEBUG l.i.u.t.SubmittedApplicationsPageTest - Clicked 'Remove' button.
2025-07-29 15:25:35 [main] DEBUG l.i.u.t.SubmittedApplicationsPageTest - Clicked 'Remove Confirmation' button.
2025-07-29 15:25:37 [main] DEBUG l.i.u.t.SubmittedApplicationsPageTest - Selected 'De Minimis' radio button.
2025-07-29 15:25:38 [main] DEBUG l.i.u.t.SubmittedApplicationsPageTest - Entered program name: 'Programa 1'.
2025-07-29 15:25:38 [main] DEBUG l.i.u.t.SubmittedApplicationsPageTest - Entered project date from.
2025-07-29 15:25:38 [main] DEBUG l.i.u.t.SubmittedApplicationsPageTest - Entered project date until.
2025-07-29 15:25:38 [main] DEBUG l.i.u.t.SubmittedApplicationsPageTest - Entered support amount: '2000'.
2025-07-29 15:25:38 [main] DEBUG l.i.u.t.SubmittedApplicationsPageTest - Clicked 'Next' button.
2025-07-29 15:25:48 [main] DEBUG l.i.u.t.SubmittedApplicationsPageTest - Checked 'Legal Entities' checkbox 1.
2025-07-29 15:25:58 [main] DEBUG l.i.u.t.SubmittedApplicationsPageTest - Checked 'Legal Entities' checkbox 2.
2025-07-29 15:26:09 [main] DEBUG l.i.u.t.SubmittedApplicationsPageTest - Checked 'Legal Entities' checkbox 3.
2025-07-29 15:26:09 [main] DEBUG l.i.u.t.SubmittedApplicationsPageTest - Test finished: All 'Legal Entities' checkboxes checked successfully.
2025-07-29 15:26:09 [main] DEBUG l.i.u.t.SubmittedApplicationsPageTest - Clicked 'Next' button after checkboxes.
2025-07-29 15:26:19 [main] ERROR l.i.u.p.SubmittedApplicationsPage - Error selecting radio button: Expected condition failed: waiting for element to be clickable: By.xpath: (//input[@type='radio' and @value='false'])[8] (tried for 10 second(s) with 500 milliseconds interval)
Build info: version: '4.27.0', revision: 'd6e718d134'
System info: os.name: 'Windows 11', os.arch: 'amd64', os.version: '10.0', java.version: '21.0.3'
Driver info: org.openqa.selenium.chrome.ChromeDriver
Capabilities {acceptInsecureCerts: false, browserName: chrome, browserVersion: 138.0.7204.169, chrome: {chromedriverVersion: 138.0.7204.168 (3e8d82e86e9..., userDataDir: C:\Users\INGRID~1.ZAD\AppDa...}, fedcm:accounts: true, goog:chromeOptions: {debuggerAddress: localhost:50146}, networkConnectionEnabled: false, pageLoadStrategy: normal, platformName: windows, proxy: Proxy(), se:cdp: ws://localhost:50146/devtoo..., se:cdpVersion: 138.0.7204.169, setWindowRect: true, strictFileInteractability: false, timeouts: {implicit: 0, pageLoad: 300000, script: 30000}, unhandledPromptBehavior: dismiss and notify, webauthn:extension:credBlob: true, webauthn:extension:largeBlob: true, webauthn:extension:minPinLength: true, webauthn:extension:prf: true, webauthn:virtualAuthenticators: true}
Session ID: 0ada55b0bdbb0cb841761656053439c5
2025-07-29 15:26:19 [main] INFO  l.i.u.t.SubmittedApplicationsPageTest - Marking 'Ne' radio button 1
2025-07-29 15:26:29 [main] ERROR l.i.u.p.SubmittedApplicationsPage - Error selecting radio button: Expected condition failed: waiting for element to be clickable: By.xpath: (//input[@type='radio' and @value='false'])[9] (tried for 10 second(s) with 500 milliseconds interval)
Build info: version: '4.27.0', revision: 'd6e718d134'
System info: os.name: 'Windows 11', os.arch: 'amd64', os.version: '10.0', java.version: '21.0.3'
Driver info: org.openqa.selenium.chrome.ChromeDriver
Capabilities {acceptInsecureCerts: false, browserName: chrome, browserVersion: 138.0.7204.169, chrome: {chromedriverVersion: 138.0.7204.168 (3e8d82e86e9..., userDataDir: C:\Users\INGRID~1.ZAD\AppDa...}, fedcm:accounts: true, goog:chromeOptions: {debuggerAddress: localhost:50146}, networkConnectionEnabled: false, pageLoadStrategy: normal, platformName: windows, proxy: Proxy(), se:cdp: ws://localhost:50146/devtoo..., se:cdpVersion: 138.0.7204.169, setWindowRect: true, strictFileInteractability: false, timeouts: {implicit: 0, pageLoad: 300000, script: 30000}, unhandledPromptBehavior: dismiss and notify, webauthn:extension:credBlob: true, webauthn:extension:largeBlob: true, webauthn:extension:minPinLength: true, webauthn:extension:prf: true, webauthn:virtualAuthenticators: true}
Session ID: 0ada55b0bdbb0cb841761656053439c5
2025-07-29 15:26:29 [main] INFO  l.i.u.t.SubmittedApplicationsPageTest - Marking 'Ne' radio button 2
2025-07-29 15:26:39 [main] ERROR l.i.u.p.SubmittedApplicationsPage - Error selecting radio button: Expected condition failed: waiting for element to be clickable: By.xpath: (//input[@type='radio' and @value='false'])[10] (tried for 10 second(s) with 500 milliseconds interval)
Build info: version: '4.27.0', revision: 'd6e718d134'
System info: os.name: 'Windows 11', os.arch: 'amd64', os.version: '10.0', java.version: '21.0.3'
Driver info: org.openqa.selenium.chrome.ChromeDriver
Capabilities {acceptInsecureCerts: false, browserName: chrome, browserVersion: 138.0.7204.169, chrome: {chromedriverVersion: 138.0.7204.168 (3e8d82e86e9..., userDataDir: C:\Users\INGRID~1.ZAD\AppDa...}, fedcm:accounts: true, goog:chromeOptions: {debuggerAddress: localhost:50146}, networkConnectionEnabled: false, pageLoadStrategy: normal, platformName: windows, proxy: Proxy(), se:cdp: ws://localhost:50146/devtoo..., se:cdpVersion: 138.0.7204.169, setWindowRect: true, strictFileInteractability: false, timeouts: {implicit: 0, pageLoad: 300000, script: 30000}, unhandledPromptBehavior: dismiss and notify, webauthn:extension:credBlob: true, webauthn:extension:largeBlob: true, webauthn:extension:minPinLength: true, webauthn:extension:prf: true, webauthn:virtualAuthenticators: true}
Session ID: 0ada55b0bdbb0cb841761656053439c5
2025-07-29 15:26:39 [main] INFO  l.i.u.t.SubmittedApplicationsPageTest - Marking 'Ne' radio button 3
2025-07-29 15:26:49 [main] ERROR l.i.u.p.SubmittedApplicationsPage - Error selecting radio button: Expected condition failed: waiting for element to be clickable: By.xpath: (//input[@type='radio' and @value='false'])[11] (tried for 10 second(s) with 500 milliseconds interval)
Build info: version: '4.27.0', revision: 'd6e718d134'
System info: os.name: 'Windows 11', os.arch: 'amd64', os.version: '10.0', java.version: '21.0.3'
Driver info: org.openqa.selenium.chrome.ChromeDriver
Capabilities {acceptInsecureCerts: false, browserName: chrome, browserVersion: 138.0.7204.169, chrome: {chromedriverVersion: 138.0.7204.168 (3e8d82e86e9..., userDataDir: C:\Users\INGRID~1.ZAD\AppDa...}, fedcm:accounts: true, goog:chromeOptions: {debuggerAddress: localhost:50146}, networkConnectionEnabled: false, pageLoadStrategy: normal, platformName: windows, proxy: Proxy(), se:cdp: ws://localhost:50146/devtoo..., se:cdpVersion: 138.0.7204.169, setWindowRect: true, strictFileInteractability: false, timeouts: {implicit: 0, pageLoad: 300000, script: 30000}, unhandledPromptBehavior: dismiss and notify, webauthn:extension:credBlob: true, webauthn:extension:largeBlob: true, webauthn:extension:minPinLength: true, webauthn:extension:prf: true, webauthn:virtualAuthenticators: true}
Session ID: 0ada55b0bdbb0cb841761656053439c5
2025-07-29 15:26:49 [main] INFO  l.i.u.t.SubmittedApplicationsPageTest - Marking 'Ne' radio button 4
2025-07-29 15:26:59 [main] ERROR l.i.u.p.SubmittedApplicationsPage - Error selecting radio button: Expected condition failed: waiting for element to be clickable: By.xpath: (//input[@type='radio' and @value='false'])[12] (tried for 10 second(s) with 500 milliseconds interval)
Build info: version: '4.27.0', revision: 'd6e718d134'
System info: os.name: 'Windows 11', os.arch: 'amd64', os.version: '10.0', java.version: '21.0.3'
Driver info: org.openqa.selenium.chrome.ChromeDriver
Capabilities {acceptInsecureCerts: false, browserName: chrome, browserVersion: 138.0.7204.169, chrome: {chromedriverVersion: 138.0.7204.168 (3e8d82e86e9..., userDataDir: C:\Users\INGRID~1.ZAD\AppDa...}, fedcm:accounts: true, goog:chromeOptions: {debuggerAddress: localhost:50146}, networkConnectionEnabled: false, pageLoadStrategy: normal, platformName: windows, proxy: Proxy(), se:cdp: ws://localhost:50146/devtoo..., se:cdpVersion: 138.0.7204.169, setWindowRect: true, strictFileInteractability: false, timeouts: {implicit: 0, pageLoad: 300000, script: 30000}, unhandledPromptBehavior: dismiss and notify, webauthn:extension:credBlob: true, webauthn:extension:largeBlob: true, webauthn:extension:minPinLength: true, webauthn:extension:prf: true, webauthn:virtualAuthenticators: true}
Session ID: 0ada55b0bdbb0cb841761656053439c5
2025-07-29 15:26:59 [main] INFO  l.i.u.t.SubmittedApplicationsPageTest - Marking 'Ne' radio button 5
2025-07-29 15:27:09 [main] ERROR l.i.u.p.SubmittedApplicationsPage - Error selecting radio button: Expected condition failed: waiting for element to be clickable: By.xpath: (//input[@type='radio' and @value='false'])[13] (tried for 10 second(s) with 500 milliseconds interval)
Build info: version: '4.27.0', revision: 'd6e718d134'
System info: os.name: 'Windows 11', os.arch: 'amd64', os.version: '10.0', java.version: '21.0.3'
Driver info: org.openqa.selenium.chrome.ChromeDriver
Capabilities {acceptInsecureCerts: false, browserName: chrome, browserVersion: 138.0.7204.169, chrome: {chromedriverVersion: 138.0.7204.168 (3e8d82e86e9..., userDataDir: C:\Users\INGRID~1.ZAD\AppDa...}, fedcm:accounts: true, goog:chromeOptions: {debuggerAddress: localhost:50146}, networkConnectionEnabled: false, pageLoadStrategy: normal, platformName: windows, proxy: Proxy(), se:cdp: ws://localhost:50146/devtoo..., se:cdpVersion: 138.0.7204.169, setWindowRect: true, strictFileInteractability: false, timeouts: {implicit: 0, pageLoad: 300000, script: 30000}, unhandledPromptBehavior: dismiss and notify, webauthn:extension:credBlob: true, webauthn:extension:largeBlob: true, webauthn:extension:minPinLength: true, webauthn:extension:prf: true, webauthn:virtualAuthenticators: true}
Session ID: 0ada55b0bdbb0cb841761656053439c5
2025-07-29 15:27:09 [main] INFO  l.i.u.t.SubmittedApplicationsPageTest - Marking 'Ne' radio button 6
2025-07-29 15:27:19 [main] ERROR l.i.u.p.SubmittedApplicationsPage - Error selecting radio button: Expected condition failed: waiting for element to be clickable: By.xpath: (//input[@type='radio' and @value='true'])[14] (tried for 10 second(s) with 500 milliseconds interval)
Build info: version: '4.27.0', revision: 'd6e718d134'
System info: os.name: 'Windows 11', os.arch: 'amd64', os.version: '10.0', java.version: '21.0.3'
Driver info: org.openqa.selenium.chrome.ChromeDriver
Capabilities {acceptInsecureCerts: false, browserName: chrome, browserVersion: 138.0.7204.169, chrome: {chromedriverVersion: 138.0.7204.168 (3e8d82e86e9..., userDataDir: C:\Users\INGRID~1.ZAD\AppDa...}, fedcm:accounts: true, goog:chromeOptions: {debuggerAddress: localhost:50146}, networkConnectionEnabled: false, pageLoadStrategy: normal, platformName: windows, proxy: Proxy(), se:cdp: ws://localhost:50146/devtoo..., se:cdpVersion: 138.0.7204.169, setWindowRect: true, strictFileInteractability: false, timeouts: {implicit: 0, pageLoad: 300000, script: 30000}, unhandledPromptBehavior: dismiss and notify, webauthn:extension:credBlob: true, webauthn:extension:largeBlob: true, webauthn:extension:minPinLength: true, webauthn:extension:prf: true, webauthn:virtualAuthenticators: true}
Session ID: 0ada55b0bdbb0cb841761656053439c5
2025-07-29 15:27:19 [main] INFO  l.i.u.t.SubmittedApplicationsPageTest - Marking 'Taip' radio button 7
2025-07-29 15:27:29 [main] ERROR l.i.u.p.SubmittedApplicationsPage - Error selecting radio button: Expected condition failed: waiting for element to be clickable: By.xpath: (//input[@type='radio' and @value='true'])[15] (tried for 10 second(s) with 500 milliseconds interval)
Build info: version: '4.27.0', revision: 'd6e718d134'
System info: os.name: 'Windows 11', os.arch: 'amd64', os.version: '10.0', java.version: '21.0.3'
Driver info: org.openqa.selenium.chrome.ChromeDriver
Capabilities {acceptInsecureCerts: false, browserName: chrome, browserVersion: 138.0.7204.169, chrome: {chromedriverVersion: 138.0.7204.168 (3e8d82e86e9..., userDataDir: C:\Users\INGRID~1.ZAD\AppDa...}, fedcm:accounts: true, goog:chromeOptions: {debuggerAddress: localhost:50146}, networkConnectionEnabled: false, pageLoadStrategy: normal, platformName: windows, proxy: Proxy(), se:cdp: ws://localhost:50146/devtoo..., se:cdpVersion: 138.0.7204.169, setWindowRect: true, strictFileInteractability: false, timeouts: {implicit: 0, pageLoad: 300000, script: 30000}, unhandledPromptBehavior: dismiss and notify, webauthn:extension:credBlob: true, webauthn:extension:largeBlob: true, webauthn:extension:minPinLength: true, webauthn:extension:prf: true, webauthn:virtualAuthenticators: true}
Session ID: 0ada55b0bdbb0cb841761656053439c5
2025-07-29 15:27:29 [main] INFO  l.i.u.t.SubmittedApplicationsPageTest - Marking 'Taip' radio button 8
2025-07-29 15:27:39 [main] ERROR l.i.u.p.SubmittedApplicationsPage - Error selecting radio button: Expected condition failed: waiting for element to be clickable: By.xpath: (//input[@type='radio' and @value='true'])[16] (tried for 10 second(s) with 500 milliseconds interval)
Build info: version: '4.27.0', revision: 'd6e718d134'
System info: os.name: 'Windows 11', os.arch: 'amd64', os.version: '10.0', java.version: '21.0.3'
Driver info: org.openqa.selenium.chrome.ChromeDriver
Capabilities {acceptInsecureCerts: false, browserName: chrome, browserVersion: 138.0.7204.169, chrome: {chromedriverVersion: 138.0.7204.168 (3e8d82e86e9..., userDataDir: C:\Users\INGRID~1.ZAD\AppDa...}, fedcm:accounts: true, goog:chromeOptions: {debuggerAddress: localhost:50146}, networkConnectionEnabled: false, pageLoadStrategy: normal, platformName: windows, proxy: Proxy(), se:cdp: ws://localhost:50146/devtoo..., se:cdpVersion: 138.0.7204.169, setWindowRect: true, strictFileInteractability: false, timeouts: {implicit: 0, pageLoad: 300000, script: 30000}, unhandledPromptBehavior: dismiss and notify, webauthn:extension:credBlob: true, webauthn:extension:largeBlob: true, webauthn:extension:minPinLength: true, webauthn:extension:prf: true, webauthn:virtualAuthenticators: true}
Session ID: 0ada55b0bdbb0cb841761656053439c5
2025-07-29 15:27:40 [main] INFO  l.i.u.t.SubmittedApplicationsPageTest - Marking 'Taip' radio button 9
2025-07-29 15:27:50 [main] ERROR l.i.u.p.SubmittedApplicationsPage - Error selecting radio button: Expected condition failed: waiting for element to be clickable: By.xpath: (//input[@type='radio' and @value='true'])[17] (tried for 10 second(s) with 500 milliseconds interval)
Build info: version: '4.27.0', revision: 'd6e718d134'
System info: os.name: 'Windows 11', os.arch: 'amd64', os.version: '10.0', java.version: '21.0.3'
Driver info: org.openqa.selenium.chrome.ChromeDriver
Capabilities {acceptInsecureCerts: false, browserName: chrome, browserVersion: 138.0.7204.169, chrome: {chromedriverVersion: 138.0.7204.168 (3e8d82e86e9..., userDataDir: C:\Users\INGRID~1.ZAD\AppDa...}, fedcm:accounts: true, goog:chromeOptions: {debuggerAddress: localhost:50146}, networkConnectionEnabled: false, pageLoadStrategy: normal, platformName: windows, proxy: Proxy(), se:cdp: ws://localhost:50146/devtoo..., se:cdpVersion: 138.0.7204.169, setWindowRect: true, strictFileInteractability: false, timeouts: {implicit: 0, pageLoad: 300000, script: 30000}, unhandledPromptBehavior: dismiss and notify, webauthn:extension:credBlob: true, webauthn:extension:largeBlob: true, webauthn:extension:minPinLength: true, webauthn:extension:prf: true, webauthn:virtualAuthenticators: true}
Session ID: 0ada55b0bdbb0cb841761656053439c5
2025-07-29 15:27:50 [main] INFO  l.i.u.t.SubmittedApplicationsPageTest - Marking 'Taip' radio button 10
2025-07-29 15:28:00 [main] ERROR l.i.u.p.SubmittedApplicationsPage - Error selecting radio button: Expected condition failed: waiting for element to be clickable: By.xpath: (//input[@type='radio' and @value='true'])[18] (tried for 10 second(s) with 500 milliseconds interval)
Build info: version: '4.27.0', revision: 'd6e718d134'
System info: os.name: 'Windows 11', os.arch: 'amd64', os.version: '10.0', java.version: '21.0.3'
Driver info: org.openqa.selenium.chrome.ChromeDriver
Capabilities {acceptInsecureCerts: false, browserName: chrome, browserVersion: 138.0.7204.169, chrome: {chromedriverVersion: 138.0.7204.168 (3e8d82e86e9..., userDataDir: C:\Users\INGRID~1.ZAD\AppDa...}, fedcm:accounts: true, goog:chromeOptions: {debuggerAddress: localhost:50146}, networkConnectionEnabled: false, pageLoadStrategy: normal, platformName: windows, proxy: Proxy(), se:cdp: ws://localhost:50146/devtoo..., se:cdpVersion: 138.0.7204.169, setWindowRect: true, strictFileInteractability: false, timeouts: {implicit: 0, pageLoad: 300000, script: 30000}, unhandledPromptBehavior: dismiss and notify, webauthn:extension:credBlob: true, webauthn:extension:largeBlob: true, webauthn:extension:minPinLength: true, webauthn:extension:prf: true, webauthn:virtualAuthenticators: true}
Session ID: 0ada55b0bdbb0cb841761656053439c5
2025-07-29 15:28:00 [main] INFO  l.i.u.t.SubmittedApplicationsPageTest - Marking 'Taip' radio button 11
2025-07-29 15:28:10 [main] ERROR l.i.u.p.SubmittedApplicationsPage - Error selecting radio button: Expected condition failed: waiting for element to be clickable: By.xpath: (//input[@type='radio' and @value='true'])[19] (tried for 10 second(s) with 500 milliseconds interval)
Build info: version: '4.27.0', revision: 'd6e718d134'
System info: os.name: 'Windows 11', os.arch: 'amd64', os.version: '10.0', java.version: '21.0.3'
Driver info: org.openqa.selenium.chrome.ChromeDriver
Capabilities {acceptInsecureCerts: false, browserName: chrome, browserVersion: 138.0.7204.169, chrome: {chromedriverVersion: 138.0.7204.168 (3e8d82e86e9..., userDataDir: C:\Users\INGRID~1.ZAD\AppDa...}, fedcm:accounts: true, goog:chromeOptions: {debuggerAddress: localhost:50146}, networkConnectionEnabled: false, pageLoadStrategy: normal, platformName: windows, proxy: Proxy(), se:cdp: ws://localhost:50146/devtoo..., se:cdpVersion: 138.0.7204.169, setWindowRect: true, strictFileInteractability: false, timeouts: {implicit: 0, pageLoad: 300000, script: 30000}, unhandledPromptBehavior: dismiss and notify, webauthn:extension:credBlob: true, webauthn:extension:largeBlob: true, webauthn:extension:minPinLength: true, webauthn:extension:prf: true, webauthn:virtualAuthenticators: true}
Session ID: 0ada55b0bdbb0cb841761656053439c5
2025-07-29 15:28:10 [main] INFO  l.i.u.t.SubmittedApplicationsPageTest - Marking 'Taip' radio button 12
2025-07-29 15:28:20 [main] DEBUG l.i.u.t.SubmittedApplicationsPageTest - Checked 'ConfirmationStepFour'
2025-07-29 15:28:20 [main] DEBUG l.i.u.t.SubmittedApplicationsPageTest - Clicked 'Next' button after checkboxes.
2025-07-29 15:28:20 [main] INFO  l.i.u.p.SubmittedApplicationsPage - File uploaded successfully to an input element.
2025-07-29 15:28:20 [main] INFO  l.i.u.p.SubmittedApplicationsPage - File uploaded successfully to an input element.
2025-07-29 15:28:20 [main] INFO  l.i.u.p.SubmittedApplicationsPage - File uploaded successfully to an input element.
2025-07-29 15:28:20 [main] INFO  l.i.u.p.SubmittedApplicationsPage - File uploaded successfully to an input element.
2025-07-29 15:28:20 [main] INFO  l.i.u.p.SubmittedApplicationsPage - File uploaded successfully to an input element.
2025-07-29 15:28:20 [main] INFO  l.i.u.p.SubmittedApplicationsPage - File uploaded successfully to an input element.
2025-07-29 15:28:20 [main] INFO  l.i.u.p.SubmittedApplicationsPage - File uploaded successfully to an input element.
2025-07-29 15:28:20 [main] INFO  l.i.u.p.SubmittedApplicationsPage - File uploaded successfully to an input element.
2025-07-29 15:28:21 [main] DEBUG l.i.u.t.SubmittedApplicationsPageTest - Entered program name: 'Dokumentas 1'.
2025-07-29 15:28:21 [main] DEBUG l.i.u.t.SubmittedApplicationsPageTest - Entered program name: 'Dokumentas 2'.
2025-07-29 15:28:21 [main] DEBUG l.i.u.t.SubmittedApplicationsPageTest - Entered program name: 'Dokumentas 3'.
2025-07-29 15:28:21 [main] DEBUG l.i.u.t.SubmittedApplicationsPageTest - Entered program name: 'Dokumentas 4'.
2025-07-29 15:28:21 [main] DEBUG l.i.u.t.SubmittedApplicationsPageTest - Entered program name: 'Dokumentas 5'.
2025-07-29 15:28:21 [main] DEBUG l.i.u.t.SubmittedApplicationsPageTest - Entered program name: 'Dokumentas 6'.
2025-07-29 15:28:21 [main] DEBUG l.i.u.t.SubmittedApplicationsPageTest - Entered program name: 'Dokumentas 4'.
2025-07-29 15:28:22 [main] DEBUG l.i.u.t.SubmittedApplicationsPageTest - Entered program name: 'Dokumentas 8'.
2025-07-29 15:28:32 [main] DEBUG l.i.u.t.SubmittedApplicationsPageTest - Checked 'ConfirmationDocument'
2025-07-29 15:28:42 [main] DEBUG l.i.u.t.SubmittedApplicationsPageTest - Checked 'ConfirmationApplication'
2025-07-29 15:28:42 [main] DEBUG l.i.u.t.SubmittedApplicationsPageTest - Clicked 'Review' button after checkboxes.
2025-07-29 15:28:42 [main] DEBUG l.i.u.t.SubmittedApplicationsPageTest - Clicked 'SaveDraft' button after checkboxes.
2025-07-29 15:28:43 [main] DEBUG l.i.uztis.pages.ApplicationFormsPage - Verified success message: 'Ruošinys sėkmingai išsaugotas.'
2025-07-29 15:28:43 [main] ERROR l.i.uztis.pages.ApplicationFormsPage - Failed to verify the success message: 'Paraiška sėkmingai pateikta ir užregistruota.'. Available messages: [Ruošinys sėkmingai išsaugotas.]
2025-07-29 15:28:43 [main] INFO  l.i.u.t.SubmittedApplicationsPageTest - Verified success message
2025-07-29 15:28:43 [main] INFO  l.i.u.t.SubmittedApplicationsPageTest - Test 'testFillNewDVPApplicationFA' completed successfully.
2025-07-29 15:29:47 [main] INFO  lt.insoft.uztis.tests.UztisPageTest - Navigated to https://uztisdev.asseco.lt/home
2025-07-29 15:29:47 [main] INFO  l.i.u.t.SubmittedApplicationsPageTest - Starting test:'testAddEvaluators'
2025-07-29 15:29:47 [main] INFO  l.insoft.uztis.tests.utils.TestUtils - Login attempt with user: adele.kutiene@uzt.lt
2025-07-29 15:29:47 [main] DEBUG l.i.u.t.SubmittedApplicationsPageTest - User logged in with test credentials
2025-07-29 15:29:48 [main] DEBUG l.i.u.t.SubmittedApplicationsPageTest - Opened 'Application Processing' menu.
2025-07-29 15:29:48 [main] DEBUG l.i.u.t.SubmittedApplicationsPageTest - Clicked on 'Application Forms' menu.
2025-07-29 15:29:48 [main] DEBUG l.i.u.t.SubmittedApplicationsPageTest - Retrieved last description code text: 'TST-DVP-42'.
2025-07-29 15:29:49 [main] DEBUG l.i.u.t.SubmittedApplicationsPageTest - Clicked on 'Invitation' menu.
2025-07-29 15:29:50 [main] DEBUG l.i.u.t.SubmittedApplicationsPageTest - Selected application section by code: 'TST-DVP-42'.
2025-07-29 15:29:51 [main] DEBUG l.i.u.t.SubmittedApplicationsPageTest - Clicked 'Search' button.
2025-07-29 15:29:51 [main] DEBUG l.i.u.t.SubmittedApplicationsPageTest - Retrieved invitation code: ''.
2025-07-29 15:29:51 [main] DEBUG l.i.u.t.SubmittedApplicationsPageTest - Clicked on 'Submitted Applications' menu.
2025-07-29 15:29:52 [main] DEBUG l.i.u.t.SubmittedApplicationsPageTest - Selected invitation by code: 'TST-DVP-42'.
2025-07-29 15:29:52 [main] DEBUG l.i.u.t.SubmittedApplicationsPageTest - Invitation code inserted.
2025-07-29 15:29:52 [main] DEBUG l.i.u.t.SubmittedApplicationsPageTest - Clicked on 'Action Application' button.
2025-07-29 15:29:53 [main] DEBUG l.i.u.t.SubmittedApplicationsPageTest - Clicked on 'Add Evaluators' button.
2025-07-29 15:29:53 [main] DEBUG l.i.u.t.SubmittedApplicationsPageTest - Entered first evaluation date.
2025-07-29 15:29:53 [main] INFO  l.i.u.p.SubmittedApplicationsPage - Evaluator dropdown opened.
2025-07-29 15:29:53 [main] INFO  l.i.u.p.SubmittedApplicationsPage - Clicked on dropdown item with text: 'Adelė Kutienė'
2025-07-29 15:30:04 [main] DEBUG l.i.u.p.SubmittedApplicationsPage - Dropdown selected evaluator raw text: 'Adelė Kutienė'
2025-07-29 15:30:04 [main] INFO  l.i.u.p.SubmittedApplicationsPage - Evaluator successfully selected: Adelė Kutienė
2025-07-29 15:30:04 [main] DEBUG l.i.u.t.SubmittedApplicationsPageTest - Clicked on 'Add Evaluators' confirmation button.
2025-07-29 15:30:04 [main] DEBUG l.i.uztis.pages.ApplicationFormsPage - Verified success message: 'Paraiškų vertinimai sėkmingai priskirti vertintojams.'
2025-07-29 15:30:04 [main] INFO  l.i.u.t.SubmittedApplicationsPageTest - Verified success message
2025-07-29 15:30:04 [main] INFO  l.i.u.t.SubmittedApplicationsPageTest - Test 'testAddEvaluators' completed successfully.
